Sending request to http://localhost:8045/v1/images/generations...
Data: {
  "model": "gemini-3-pro-image",
  "prompt": "A futuristic city with flying cars, cinematic lighting, 8k",
  "size": "16:9",
  "quality": "hd",
  "n": 1
}

Response received in 51.36s
Status Code: 200
Response Body: {"created":1770380846,"data":[{"b64_json":"/9j/4AAQSkZJRgABAQEBLAEsAAD/6xgLSlAAAQAAAAEAABgBanVtYgAAAB5qdW1kYzJwYQARABCAAACqADibcQNjMnBhAAAAF9tqdW1iAAAAR2p1bWRjMm1hABEAEIAAAKoAOJtxA3VybjpjMnBhOmQ1YzhhNjA0LTBkOTMtYzgwNi02M2E1LTQyZDZiZjNjOTJlZQAAABOEanVtYgAAAChqdW1kYzJjcwARABCAAACqADibcQNjMnBhLnNpZ25hdHVyZQAAABNUY2JvctKEWQauogEmGCGCWQPCMIIDvjCCA0SgAwIBAgITf8DFXrYCzoMPnf3QSrAMRZ64JjAKBggqhkjOPQQDAzBRMQswCQYDVQQGEwJVUzETMBEGA1UECgwKR29vZ2xlIExMQzEtMCsGA1UEAwwkR29vZ2xlIEMyUEEgTWVkaWEgU2VydmljZXMgMVAgSUNBIEczMB4XDTI1MTAzMDIyMzQ0N1oXDTI2MTAyNTIyMzQ0NlowazELMAkGA1UEBhMCVVMxEzARBgNVBAoTCkdvb2dsZSBMTEMxHDAaBgNVBAsTE0dvb2dsZSBTeXN0ZW0gNjAwMzIxKTAnBgNVBAMTIEdvb2dsZSBNZWRpYSBQcm9jZXNzaW5nIFNlcnZpY2VzMFkwEwYHKoZIzj0CAQYIKoZIzj0DAQcDQgAEawavchc+90s/hPWHxK3FFJ3MlrNDMsBT9MKpPwTIQKlgKDEGTNCDKZ7pSr9psMwxnQyVriyKysDz6Pfmk73qFaOCAd8wggHbMA4GA1UdDwEB/wQEAwIGwDAfBgNVHSUEGDAWBggrBgEFBQcDBAYKKwYBBAGD6F4CATAMBgNVHRMBAf8EAjAAMB0GA1UdDgQWBBQd6OZCLAQToStyGD7pXnGFgwJTdTAfBgNVHSMEGDAWgBTae+G9tCyKheAQ1muax0rx+t/2NzBsBggrBgEFBQcBAQRgMF4wJgYIKwYBBQUHMAGGGmh0dHA6Ly9jMnBhLW9jc3AucGtpLmdvb2cvMDQGCCsGAQUFBzAChihodHRwOi8vcGtpLmdvb2cvYzJwYS9tZWRpYS0xcC1pY2EtZzMuY3J0MBcGA1UdIAQQMA4wDAYKKwYBBAGD6F4BATCBggYDVR0fBHsweTB3oHWgc4ZxaHR0cDovL3ByaXZhdGVjYS1jb250ZW50LTY4OGFhNjczLTAwMDAtMmE4Ni1hODdhLTA4OGJjODczNTcwYS5zdG9yYWdlLmdvb2dsZWFwaXMuY29tL2I0ZmI2MDQ4MjVlY2M1YzNjZTZiL2NybC5jcmwwGQYJKwYBBAGD6F4DBAwGCisGAQQBg+heAwowMwYJKwYBBAGD6F4EBCYMJDAxOTljY2Q1LWRhZWQtNzlhNy04YjhhLWIwYmVkYzBhZjZmYTAKBggqhkjOPQQDAwNoADBlAjBmFtL3mPAMowbUEhwSn3lJjBLyCyhUYGl2NZQQHJOcHLpWNpHkl98WCG9IyI7KbE8CMQDxWA7ZdmKXNzz4Tf6p7wvW5zVzMnhwiezCm/86GxT8otwlWpSrb8J5T3FBV8wOLqtZAuAwggLcMIICY6ADAgECAhRB+qUhR3YhWNp/myz/jf0WCR7uPjAKBggqhkjOPQQDAzBDMQswCQYDVQQGEwJVUzETMBEGA1UECgwKR29vZ2xlIExMQzEfMB0GA1UEAwwWR29vZ2xlIEMyUEEgUm9vdCBDQSBHMzAeFw0yNTA1MDgyMjM2MjZaFw0zMDA1MDgyMjM2MjZaMFExCzAJBgNVBAYTAlVTMRMwEQYDVQQKDApHb29nbGUgTExDMS0wKwYDVQQDDCRHb29nbGUgQzJQQSBNZWRpYSBTZXJ2aWNlcyAxUCBJQ0EgRzMwdjAQBgcqhkjOPQIBBgUrgQQAIgNiAAS4I+VTFKKW2qcHaXHYRLsUr5NVlaYDFHPMONPMpny6airK8KpIs6RkGs6J5ouqun6ufO3QQANZYfdfrY2rMRdF7Bbqtv+VLtVeRUIzTaALRmAlbv48KxmAuhQFRD6eQ3mjggEIMIIBBDAXBgNVHSAEEDAOMAwGCisGAQQBg+heAQEwDgYDVR0PAQH/BAQDAgEGMB8GA1UdJQQYMBYGCCsGAQUFBwMEBgorBgEEAYPoXgIBMBIGA1UdEwEB/wQIMAYBAf8CAQAwZAYIKwYBBQUHAQEEWDBWMCwGCCsGAQUFBzAChiBodHRwOi8vcGtpLmdvb2cvYzJwYS9yb290LWczLmNydDAmBggrBgEFBQcwAYYaaHR0cDovL2MycGEtb2NzcC5wa2kuZ29vZy8wHwYDVR0jBBgwFoAUnFzYiVND51rVgdsD3hl/BCoqLaowHQYDVR0OBBYEFNp74b20LIqF4BDWa5rHSvH63/Y3MAoGCCqGSM49BAMDA2cAMGQCMALG0QTc1bXdvA3W7/nV6uJw0XquQSFhURIM7ompvlxffsfCDRf1Lasf69dqgVkgewIwLTfAIoqiYMeCpXjtS3LIelmWjkhkAJbvZd1ziCKl1YwSaG8+Tzx2/Fti2f4tV33MpGdzaWdUc3QyoWl0c3RUb2tlbnOBoWN2YWxZB98wggfbBgkqhkiG9w0BBwKgggfMMIIHyAIBAzENMAsGCWCGSAFlAwQCATCBkAYLKoZIhvcNAQkQAQSggYAEfjB8AgEBBgorBgEEAdZ5AgoBMDEwDQYJYIZIAWUDBAIBBQAEIBc50XTDeQmJyIxNgP9QgRzuqUF9OuBMdMGaFmTRuiOxAhUA/hyzw8UEwsrqjHh5qLsVh4gxnBAYDzIwMjYwMjA2MTIyNzIxWjAGAgEBgAEKAggRjWmiiNGIQ6CCBZ8wggLIMIICT6ADAgECAhQAo+bOmw4tbARDy3GQLG2PiR3RfDAKBggqhkjOPQQDAzBSMQswCQYDVQQGEwJVUzETMBEGA1UECgwKR29vZ2xlIExMQzEuMCwGA1UEAwwlR29vZ2xlIEMyUEEgQ29yZSBUaW1lLVN0YW1waW5nIElDQSBHMzAeFw0yNTA5MDgxMzQ4NTNaFw0zMTA5MDkwMTQ4NTJaMFMxCzAJBgNVBAYTAlVTMRMwEQYDVQQKEwpHb29nbGUgTExDMS8wLQYDVQQDEyZHb29nbGUgQ29yZSBUaW1lIFN0YW1waW5nIEF1dGhvcml0eSBUODBZMBMGByqGSM49AgEGCCqGSM49AwEHA0IABIVfiZ0kCF4mtpvXHaX2+HIVJX2DYGCOMrlaQ4lpYe5QND+VQyY6wVGyKYP4BjLo3BC/bY0PWcDLqhO+VDJvNaGjggEAMIH9MA4GA1UdDwEB/wQEAwIGwDAMBgNVHRMBAf8EAjAAMB0GA1UdDgQWBBQnrBdeTjQ0SOaTRAijv2wotNebuDAfBgNVHSMEGDAWgBTeVZeMYHQ7A+JqtEQGZZdhyuX4jjBsBggrBgEFBQcBAQRgMF4wJgYIKwYBBQUHMAGGGmh0dHA6Ly9jMnBhLW9jc3AucGtpLmdvb2cvMDQGCCsGAQUFBzAChihodHRwOi8vcGtpLmdvb2cvYzJwYS9jb3JlLXRzYS1pY2EtZzMuY3J0MBcGA1UdIAQQMA4wDAYKKwYBBAGD6F4BATAWBgNVHSUBAf8EDDAKBggrBgEFBQcDCDAKBggqhkjOPQQDAwNnADBkAjA8J1VPelDTER64qdudg4naGMZRweCr7E223Z4yrx4O53zlzEqGMkNf5gEf/c/BZgECMFxy6Qb+wVlpku7M7S4y+U1yzC3c4AiXPrD6+xDNbCTMpyAZgE4RHVxpOtL9sqCTMjCCAs8wggJWoAMCAQICFEUAg25yEwLFZKSeZDN2+o8Jt2T0MAoGCCqGSM49BAMDMEMxCzAJBgNVBAYTAlVTMRMwEQYDVQQKDApHb29nbGUgTExDMR8wHQYDVQQDDBZHb29nbGUgQzJQQSBSb290IENBIEczMB4XDTI1MDUwODIyMzYyNloXDTQwMDUwODIyMzYyNlowUjELMAkGA1UEBhMCVVMxEzARBgNVBAoMCkdvb2dsZSBMTEMxLjAsBgNVBAMMJUdvb2dsZSBDMlBBIENvcmUgVGltZS1TdGFtcGluZyBJQ0EgRzMwdjAQBgcqhkjOPQIBBgUrgQQAIgNiAASjfffxvQgqH0VZJeBS+akg3/7bLo9FIdhPCtXNA3HdZyosWW7AnCQyciJ5uQKRX7mmykefp8U0cxN+XsUlROkxIo401bgW/hrBqzPqxiEsI0//AeTgwX/wOGvFcq0lSwqjgfswgfgwFwYDVR0gBBAwDjAMBgorBgEEAYPoXgEBMA4GA1UdDwEB/wQEAwIBBjATBgNVHSUEDDAKBggrBgEFBQcDCDASBgNVHRMBAf8ECDAGAQH/AgEAMGQGCCsGAQUFBwEBBFgwVjAsBggrBgEFBQcwAoYgaHR0cDovL3BraS5nb29nL2MycGEvcm9vdC1nMy5jcnQwJgYIKwYBBQUHMAGGGmh0dHA6Ly9jMnBhLW9jc3AucGtpLmdvb2cvMB8GA1UdIwQYMBaAFJxc2IlTQ+da1YHbA94ZfwQqKi2qMB0GA1UdDgQWBBTeVZeMYHQ7A+JqtEQGZZdhyuX4jjAKBggqhkjOPQQDAwNnADBkAjBBxgaNHUp8AZXW5U2BdHxgXcxwQltKEYRj/6WH3JQk2IHMqPlHUeZ2Loh2aShYUHECMHALpi3THpvF6RCbABHnU/TtJaPpLGrn8GyfdwVYeRxt4d+68Yo/JxNOuLoaUj4jLTGCAXwwggF4AgEBMGowUjELMAkGA1UEBhMCVVMxEzARBgNVBAoMCkdvb2dsZSBMTEMxLjAsBgNVBAMMJUdvb2dsZSBDMlBBIENvcmUgVGltZS1TdGFtcGluZyBJQ0EgRzMCFACj5s6bDi1sBEPLcZAsbY+JHdF8MAsGCWCGSAFlAwQCAaCBpDAaBgkqhkiG9w0BCQMxDQYLKoZIhvcNAQkQAQQwHAYJKoZIhvcNAQkFMQ8XDTI2MDIwNjEyMjcyMVowLwYJKoZIhvcNAQkEMSIEIHuCrPGfGqnc2lFnj3GzNwFh8drekoQieqHwzXsTUlONMDcGCyqGSIb3DQEJEAIvMSgwJjAkMCIEIIT1nw6VLpOdNw+N/Bk5FNPXdmJeyFj1deWv5absh9BpMAoGCCqGSM49BAMCBEcwRQIhAKqqGUo92jRzM89d25v60fF2KtWaVRs5YSh05OKrqZTXAiBiOCvuqgSGOD5c1OX19GKNTUoJIIDPu9OkY162t5xsxGVyVmFsc6Fob2NzcFZhbHOCWQPzMIID7woBAKCCA+gwggPkBgkrBgEFBQcwAQEEggPVMIID0TCB66FCMEAxCzAJBgNVBAYTAlVTMRMwEQYDVQQKEwpHb29nbGUgTExDMRwwGgYDVQQDExNDMlBBIE9DU1AgUmVzcG9uZGVyGA8yMDI2MDIwNTE2MjQwMFowgZMwgZAwaDANBglghkgBZQMEAgEFAAQgssyQyamfMvBXXlCCvNODuNEJ0MZY4HuaHcboqhUW7SoEIJwa/V8+flyCR5a1dPJTP+OCaW+uDbdG9nAQsZU5sds9AhN/wMVetgLOgw+d/dBKsAxFnrgmgAAYDzIwMjYwMjA1MTYyNDU0WqARGA8yMDI2MDIxMjE2MjQ1NFowCgYIKoZIzj0EAwIDSQAwRgIhAPs8nqggbuJNSwsqnZ4mHvYuPIPLg5vdQgY043NN1PhUAiEA3RGiimBxlL2UF5/V3tiJDc0gPSdlPaStFFg1rpvL6degggKIMIIChDCCAoAwggIHoAMCAQICFACfiZUSUk65+xdY5An/60fRDMyGMAoGCCqGSM49BAMDMFExCzAJBgNVBAYTAlVTMRMwEQYDVQQKDApHb29nbGUgTExDMS0wKwYDVQQDDCRHb29nbGUgQzJQQSBNZWRpYSBTZXJ2aWNlcyAxUCBJQ0EgRzMwHhcNMjYwMjA0MjM1NjU5WhcNMjYwMzA2MjM1NjU4WjBAMQswCQYDVQQGEwJVUzETMBEGA1UEChMKR29vZ2xlIExMQzEcMBoGA1UEAxMTQzJQQSBPQ1NQIFJlc3BvbmRlcjBZMBMGByqGSM49AgEGCCqGSM49AwEHA0IABBQ4gHb9g7bC/TUD6+fYRIpZQn+5jjxPE6h3ChNz4OuNbHZL6RMfS8VxGuwnpPeqFzwjR5sSfw1qd+tgTAsxLCGjgc0wgcowDgYDVR0PAQH/BAQDAgeAMBMGA1UdJQQMMAoGCCsGAQUFBwMJMAwGA1UdEwEB/wQCMAAwHQYDVR0OBBYEFEdiBTaw0iIQXgLbUSGwrOb6SlVMMB8GA1UdIwQYMBaAFNp74b20LIqF4BDWa5rHSvH63/Y3MEQGCCsGAQUFBwEBBDgwNjA0BggrBgEFBQcwAoYoaHR0cDovL3BraS5nb29nL2MycGEvbWVkaWEtMXAtaWNhLWczLmNydDAPBgkrBgEFBQcwAQUEAgUAMAoGCCqGSM49BAMDA2cAMGQCMFs+0N18Z8m+Y+dvuKip9G5X2OuZccmxOB+t00j466Op9gfgdJTwD/IlqDBevvBqEwIwPA+qigrxTFb+f45Aj7CW8pqItCJjEvTqvQPM9/GnnecWu7ATPV+095IBD4Lb49acQGNwYWRYRQAAAAAAAAAAAAAAAAAAAAAAAAAAAAAAAAAAAAAAAAAAAAAAAAAAAAAAAAAAAAAAAAAAAAAAAAAAAAAAAAAAAAAAAAAAAGRwYWQyQQD2WECo4nGCICoazoi0vDnbxZ2n5pJy6/cw6crUWEkoo3rpDkQDKoBeKk3cIfZUtibzm7CM2+SKLGRyrLP9fOzyLc/QAAABt2p1bWIAAAAnanVtZGMyY2wAEQAQgAAAqgA4m3EDYzJwYS5jbGFpbS52MgAAAAGIY2JvcqVqaW5zdGFuY2VJRHgkMWM2NDkxZDQtNDM4MS0wOGMyLWJmODYtNDk3MjM0ZThlNWQ5dGNsYWltX2dlbmVyYXRvcl9pbmZvomRuYW1leCJHb29nbGUgQzJQQSBDb3JlIEdlbmVyYXRvciBMaWJyYXJ5Z3ZlcnNpb25zODY1MzYwMDMxOjg2NTM2MDAzMXJjcmVhdGVkX2Fzc2VydGlvbnOComN1cmx4KnNlbGYjanVtYmY9YzJwYS5hc3NlcnRpb25zL2MycGEuYWN0aW9ucy52MmRoYXNoWCBoIlEry3OUHQkL7sBT6fq20DpcCKubtEkMo/VaRNDouaJjdXJseClzZWxmI2p1bWJmPWMycGEuYXNzZXJ0aW9ucy9jMnBhLmhhc2guZGF0YWRoYXNoWCA0FEHV7bJA2kw2BTCeM5lGViWwbOdYig/Sa4O75AZLq2lzaWduYXR1cmV4GXNlbGYjanVtYmY9YzJwYS5zaWduYXR1cmVjYWxnZnNoYTI1NgAAAlFqdW1iAAAAKWp1bWRjMmFzABEAEIAAAKoAOJtxA2MycGEuYXNzZXJ0aW9ucwAAAACcanVtYgAAAChqdW1kY2JvcgARABCAAACqADibcQNjMnBhLmhhc2guZGF0YQAAAABsY2JvcqRqZXhjbHVzaW9uc4GiZXN0YXJ0FGZsZW5ndGgZGA1jYWxnZnNoYTI1NmRoYXNoWCDKdLWT/73biD9YgBRerujxTMfas/sKedJ6hixyQZ2HqWNwYWROAAAAAAAAAAAAAAAAAAAAAAGEanVtYgAAAClqdW1kY2JvcgARABCAAACqADibcQNjMnBhLmFjdGlvbnMudjIAAAABU2Nib3KhZ2FjdGlvbnOCo2ZhY3Rpb25sYzJwYS5jcmVhdGVka2Rlc2NyaXB0aW9ueCBDcmVhdGVkIGJ5IEdvb2dsZSBHZW5lcmF0aXZlIEFJLnFkaWdpdGFsU291cmNlVHlwZXhGaHR0cDovL2N2LmlwdGMub3JnL25ld3Njb2Rlcy9kaWdpdGFsc291cmNldHlwZS90cmFpbmVkQWxnb3JpdGhtaWNNZWRpYaNmYWN0aW9ua2MycGEuZWRpdGVka2Rlc2NyaXB0aW9ueChBcHBsaWVkIGltcGVyY2VwdGlibGUgU3ludGhJRCB3YXRlcm1hcmsucWRpZ2l0YWxTb3VyY2VUeXBleEZodHRwOi8vY3YuaXB0Yy5vcmcvbmV3c2NvZGVzL2RpZ2l0YWxzb3VyY2V0eXBlL3RyYWluZWRBbGdvcml0aG1pY01lZGlh/9sAQwABAQEBAQEBAQEBAQEBAQEBAQEBAQEBAQEBAQEBAQEBAQEBAQEBAQEBAQEBAQEBAQEBAQEBAQEBAQEBAQEBAQEB/9sAQwEBAQEBAQEBAQEBAQEBAQEBAQEBAQEBAQEBAQEBAQEBAQEBAQEBAQEBAQEBAQEBAQEBAQEBAQEBAQEBAQEBAQEB/8AAEQgMABWAAwEiAAIRAQMRAf/EAB8AAAEFAQEBAQEBAAAAAAAAAAABAgMEBQYHCAkKC//EALUQAAIBAwMCBAMFBQQEAAABfQECAwAEEQUSITFBBhNRYQcicRQygZGhCCNCscEVUtHwJDNicoIJChYXGBkaJSYnKCkqNDU2Nzg5OkNERUZHSElKU1RVVldYWVpjZGVmZ2hpanN0dXZ3eHl6g4SFhoeIiYqSk5SVlpeYmZqio6Slpqeoqaqys7S1tre4ubrCw8TFxsfIycrS09TV1tfY2drh4uPk5ebn6Onq8fLz9PX29/j5+v/EAB8BAAMBAQEBAQEBAQEAAAAAAAABAgMEBQYHCAkKC//EALURAAIBAgQEAwQHBQQEAAECdwABAgMRBAUhMQYSQVEHYXETIjKBCBRCkaGxwQkjM1LwFWJy0QoWJDThJfEXGBkaJicoKSo1Njc4OTpDREVGR0hJSlNUVVZXWFlaY2RlZmdoaWpzdHV2d3h5eoKDhIWGh4iJipKTlJWWl5iZmqKjpKWmp6ipqrKztLW2t7i5usLDxMXGx8jJytLT1NXW19jZ2uLj5OXm5+jp6vLz9PX29/j5+v/aAAwDAQACEQMRAD8A/BHxwSNKdABtiG7HAJZiepOACcAEZzkg8EGvjf4tWEkmhPdRxq0Mc9s5Y9QxJwe2NxOSTySOOSBX1Hq/ijRfEnh+6uNI1CK6iKozAMDJG6tzuiOGQ9uRk+xwK8B+KKFPBV9LHjaWtCRxgsScZyOCPTvkZxwa/q/iCtSxmGxbU41YSw0pRnGSdmkmvLV2922mq06/xpwth62BxuBpTpyp1Y4tRkp3Ulz2320d0mtG777NeT+BNau9K1TwnqkVml89nqUTCH7skgWQEwqM/MSq/K2MDJIxwa/U3wb8SfDvjS1a3s7oW+qxR7L7S7txBeWso/gMbkF0yPl28lR/tV+VngmUPPoz7Qpg1i0ZNpAILOvO3GORkqdw3c9AePtvxZ4F0/U7hNVsZJ9K1NREw1KwLQTCVY0dDIYyBINxy24EEjBz8xHn8EV8XhqOLeFUZwvRlUoT91zbiruE0tJaWd7p66rU9fxIwuBxNbL1jJzo1JQrUqeJp+9GmuaGlWm2m4tu6cZKUelz1/40F5Ph5r0RAwmnTxyDruXadpJ6DnOCc8r1Ffk/oqxxjWEjwf3QX6jgjJOPqDx6ntX2P4p8e+NdD8Nar4a8Zwtq+k3Gny21rr1qoe8RnQiI3agbmReAzMTjBx0Ar410Py3OpvHKCstuxByQCFY4LA42k4JJB4xxwDXFxbjY4zH4ac4TpzhSlGVOqrSg9JO26cdmmnr16nqeHmVzy7LcbTVWnWp1cRTnTq0qilGouWK6WlGVkuaM4pp6NNq5+q/w3dh8O/Bssbn91pMfA5wQxIHTBy3JHbqT0x1L+IDCsqXHyszR/vl6tnjkEH5cbfUdyy1xvwtRm+G/g8hgd2mhJMt/CHwRg9ME8gDkY5A6bXiGFYLefgK37sowXeAzNwBj7rbcYHOCAO4x+rZfVn/Y2DqU5NyWEo3V202qcWrN/Lp20vofi2bwgs9zCFRRjF46tu31qa3tZWa3utd7O7R+Z3xUeOT4ta9KpH729h55yxOOSM5yM5Iz8pI6Yyft79mfRbLVfAOu2V9brLFPrrhgcjGYuDxhQQcsDgEn6YPwv8T41/4WfqhLnP2m1JOASOOuCOM8jsckDp1+8f2Z547fwXqmZSv/ABPDk4OATGSTweM+xAPpX5Xwqqb4txHtUmqksWpcy0956631b17rp0P2bjFzp8EYeVF/wqOAlCUW7e77NJqyvvdqz3el2afjL4QTW8k0+guJ03MTbNkMihScocfQEA45zycmvgf42WFzaarpsWoW7Q3MKvuSVcFtj9RkDIJX2B/PH7CJJDMZGwm7YSv8S5x1DdACRhhwT6Z4r82v2xooB4w0ZExGRpYZgigZbzVIZjtUk8nkjHJ6E8/W8c5XhsNlVXEUm+V1KcXTTvBtyja6V7dXd6arU+M8Nc8xeMzulg8TFScaNSSqyvzPljHRtXvpezcU1e3VnHfDG7uNGjumNrNPBcWcd1M8C7pYV3ZMgQDLIoBYjOTg54Az7la6nYaqsd1YXUNymQpQMPNQhdrFomwd4xhvc5KjArgPgxG0V9DLDbveN/Yv7yBRu8yPKkgKdwx/CTt6Y5zXa+Ifh7pupyyax4Wu5vDeuLmWSzbcllcSg5IYYCq7nggfKTnPavmsjeIhlMJ0EqsIzkvZO0ZRV024Sejeuz0b7J3PseI/qs82lGpUdKpKMGqy96FmlZVI/FFO3xLmWlpKyueXfGyCNfDtsc7kF7uDEDhcZxg8nGNuMnqBnPFR/CBUl8QeEAwTZ5zqVbPO4EBcDAG33JOOhz8o4H4ma/4kSzh0HxRpb2l/Bcb4ruME2l1GikBkcDad45OOeOvNdh8IJl/t3wXI0uM3bICQcDP3uuDjcAOuehyBxXzWKxKnnkKijKNpYdOMrqSftIqz0V90nfTyaPpMvoSw+QTp8yn7mIlGdOakpRnC6lGSumnp2taz1tb6n8RfDp9N1GTxH4Uu7jQ9ae4kf7TaEBHcNuywYMCG43EkjByo5yeV1r44eJ7PQtd8J/EO2adNS0y4tLTVrZGSO4mKlUN2uOTjqw+bIBPTJ+mLq3lNn9oKrJtuHCqeCVOQTgDB4OMcEjvgc/M/x10aF/C97cQwqphillDgBmDkhc7sZBIyGycYwB7/AKHmMKtHCVKmGqyp81FucE/3c4zilK8bpJtbtJatddD81ymtDF42lRxlKNeLrU1CbbjVpWnGyU0rtXWsXdauzPm34WRQG60NABIDryGMjLDYZuSCDyAGBJABzzyRX6xT6K8EQuLdshY4FRMZkSIxKcEZJ2nkHAB/ugdK/JX4avcQS6EbcIsg1dUUlNyLKXXyy/BGM4BHoT3yK/ULQvirbLfLonj60Xw/eqRDZ6tCCdK1IeWoQmUALE7Dgqd2CeTnrycG4mjSo4ilW9zndJqbTUVNxV3eySu9Pe0ffqd3iBg8RVqYOrh4+19nGrzU017TlbheUYvWVtpNXae/c89+PMvlfDnVFdWG57fqDwOAVOR/eyQcgqTnjqfir4eJHL4rKSRq6SaaVkHAzuTBBOcjGcZIIz3ORX23+0lDHafDTU7qCdZoJprZ4pY3WSN1kJIdHQt8pyCQcdegwTXw58M5fN8VRElT/wAS9gQeCfk+9xnhfX2GM45w4pqpY6j7/Py06dveTjbma+JeV9LrR2utDr4Cp1Hldd1FyuVao7NtSulTTelrNdNNNXvtf8ceANQ0CSfUfD5kuIJsXM1onE0BYk7k4JZFyQccY6njJ8uuNYN5YahbT+bBcqqeYj5AyDtLAMAdzHPBGR2JNfX3i+4ubbRLWax8qO7RokneTB3RMxHUgqQyjDA9AOmK+c/iVYsJHvVhgt2mtYTcLCqgSPJj5+OxbPPIB6Hpj5zHYX2FOpOlL3Zwi5029LTirtK70T8v0t9jl2OWIxEKU487VTkjUTeri9YyStey0T3T0v3m+CLRp4/8NuTiRbkHfnDFCPlzg9fvc5HHbrmp41s5Y/EniKeEFhLrNy2AN7ZMjHGOO3ALdMZzwcS/CFFHjjw23A8yU87eclTjoQMZC8DHXPPGOT8UazPbeLvFFoZpGxrNzsHRWAlYheeATg85Xjr3x4VKooYaMJq0XWleV72laCWm26S9NfT6Wth5yrOdNxT9lC6el0pp2f5J23voasUYntHeYGOVSNjEZAxjoMjZkYDc9ffr6b8HJUTV9XdXIZtC1FHUA/OPKYEAZPXABwDu7buMeNz6xcM0cTRKiShDKQQAM5AIPQZwSw9iW6ivXvhEyf23qJUZJ0O/EiYBGGifBJ7kAcnJHPcAV6GFaqYihLdxbirPVvlTi2rWtbsvI8/HUJQwWJcmk3C0t97wtay1SXndpbNanOG7tJ45RFglXlimts/OMuVyTg8A8HGOfxriNfsmt7m2kgy/mKm3eD8pD89eoUd8e5IHBfcl4r25MEhgbzZv3obKrskchW5OckbQ3PqAOos3V/FdLbC/JikiiISfGEdx0I47/Q/XPFdc66rw9nUSjNTilJJdGtfLm+V9H1PJo4KpQqKtQm5waXNG9nZ8qlZNK+lvmz2H4a3EsHhf4hKocBrK1LInyq5yC27PII5yDzgMDjkHjIobPVYxBbECS4lVWjjPMb7AoVl6hSepzgZJyOa734cTLL4d8e27DzRdaVCFkiAbYV28tgcnPBx1/I15bprJ4d1O3ui/mxgZkhHHmjHzM3pIARjjnHaqqVV/s6lZx5ZQberjeXzaXTVavXZm0KM5PFulLlqc9KUVJu2yVnfe+rWtk7ehS1qwmtI4LeaJSInlByMlSA23JwRn6DlRzyOfb/Elk158KfDcCDcjNGCCchCCPmCgYxuABGBkc8YxXl3iO7gv7OO7gCkT3TkIx+dcqQVYfRuvP1yM17XdPbR/DLw19qJWKVijAeivjI+gHQYAHfnBUOSX1hRu4ujFrVKybikttWlo11v32VSVVLAzn71SOJUuVvSNoxsndbXaV+nS+lvmGbRtWt5d6wS5EoWGSJSyOqnC4UDC4xnHPA2kckj2j4RySHxGxAIlR7US8YO4OA7HqQeSOc8/nU+mmzuplhsJlmSCZwwLAlVOSPkII3AgZBxnovWtr4b26HxbfiJQXc/LtHBKSljgDGAQM8HuCB3rz501SpqMbuM5La7vtfZarm30Vltpa/1WVYirWxF5JR5adpatO/uptLur2WiWutz+vz/ghuUOlfH2NcZEOmOwAG4nylHUY5yQCSOCw5Bxj9yioAVmYnaoBLeo6AnA4zjk4PHGc5H4Rf8ABC2aL7P+0BGp3N/ZWjsw56+Xyd2QCRnA4xxznnP7tTsMLtOFCdDlefce/c989x81fkvGdWUs21ja1GmraN6JJbfNX9Lq6sfqPDEeXCVLu79tKWvRaaXt6X7u78yaAjJdSNw4B9dxOR14wPQZzk9zV5SR83cktx94MeMke+TnnORWPFIFJZXJAbJ4AAz0OTgDrwOv15rVSYBQdwOVwFOM59CAfvcEnnjqa+SUVu1ZpW0drO6d9G+mmuut9D6a7bTTtt0u/wAlp5LRu2l2WUKheAASOcZDA5yR904zk9TkHg9iJ04xg43ZO3JGGPGFPXocqxJIwAe9UROoAY7cc4GB3PC5z09+AO2B0sJMjbD0B6k4wvGOBkkg/wC7/IVpps9lbTdX0t1tfXay00vfUXKpO97vWz1v0vqrWaVtFbVpXexfzlh/eII29xnt1ySepJHXP0oyD2wCcDAwwUjOMjucYxj3GOSIFcEkKw4O48cYPTnOO/Cg8evSm7jkknABPJ/iGSAD3zg+gPQAZNDbdm3dqzvdPVcrlb3dLtWunbrrdpUoXu3t2as7rks1uvLq9Fd3RcTBJ4HA4z6Yycn34/PjinkqeGICgc5wep4GOg9znBJ+tV0m4yewB3H8+mF3HkdBx3Gc5k85ctuPzYUZBI3ZGOnY9d2O+T9SUlfotPvW+y1tZaO+mlt2io2iraN66/ctttLWvvd9x7AZBDdO2O57AjryCDx+HXIV4IJC/dDZbBYAg9CBg475yPXB5QyKCSpYfdJBAKgH72T0xx0PPXuM0o5xnH3gDzkkHoBz94Hv05z2GGqjsuuyeummyVrWtd97rp0aslZ7XtdbvTkS16q6trt+IpAUMHJwxxyRg84Pp1GD2+UnPbLwqghQMg7sYIAU+/Jycfe7+uc8RuAQxwTgDG4HGf4c46Hr7YIGM4NRsxJALkLwOQMHkgk+2cfTJHGeR1NEnG9v5dLfC9FfTZu3krNc1iVHW8bN25b3fRKy0b8vN6+TJ1OCFHRWz6jj06Yzjk89ORkYqQ/NxkbgM8cj5jjnrge2OSx/GJNp3ANg/MQQDyrAA5IIGQAckY69iSamRASCpB+XJ7+46fn049M5rLlfVt6cvTbTTVbb+drFNaxWjXp6Jv8AJ6dFbXS0gBBIPK8Dk/dUAYB9Dx0yOv4Gysahg2Rg5OBjKqO45xnHXIXnOPaBl4DFiMFc45xgLyQeSTg+2DyO1TLlsgMRgEnHUgn+E9eR97kd/ai9tLdFq/eWll+Hy201dgsrWvZrbTVWUVbTR7pee3QsgqBu45J2jBxn88dR1A64B5OaCFOSRg8dupxjnngc4BPXPXtUQYgFN2G3DbyCAT8wBGeAOoG7HO32M+M8kqeQTx2IyenHAxgdCe+OaFy83m7Xeiu01ts09P8Ah9CZRUmtLrTRLe1rPo9NPhTta902IBtJPJOMD0BYAls9TgjOB1AHHQUnKtkHIfgY4PQ7j69ewB69OCRIqlmyWyCh5I6AEA9Mn8R2zjjqqqQwJYdCqjgg49cng8AYxx7VfNFN68yvs3d3VrOLequ9+3fS5PLLTW2mt9NOq0fS/X7tENU42sRyf9ojIPUjIzhePl4HfrxVlcfMQDuLZPv14wf+A4HA4781EvKqCT1JGcFQAcYXr+OcZHPFTKB8x3KCcD0JHJ4I9CCB361Lk+ZW1e13rtyta66Wsu3yRo42Sdte/Wy5eivtZ/LvreVflByc9sZwB68nkdewPTsaeDtxhc5HIU4/hycEAkcDI4yAOtRhc5OTyTgMR6N16cjsAOBwKd15DZGNp6cn7wbPJ+6MHGRxz0NCld2ttrura2818+qBO2j6W6X6X1tddV2632u3qcsOo2jkHgHJ2/iME5x3Y8jmpl2leRzyRnvg4wD+mTwcLng8w5IbKkDABBwDnnGcAc9QcnOVxTy2ADlexAGQ2BgEAdMDpxk5Occ5E6x02V7u6dtbO99d9l1ta+ytS5m/dTdlr0Vrrfa/rfT7iUjIGB8xGM84zj5vU8H0/LvT0XPysM7QSCcNyAOD6dc5Hfg1EjjkMccHBIxyPXBx2Hv0xzU6HOCCT2Pr8pPHHOdxBAGcnttqJuTd7N3VteqSWnRW00sn3e2u0VZNef6IkODk4zkAnHGB1xgAZ6jA5/EcVONoDMScgjkep6DPQEnjPXp14BiGcg5GWAJ4GSFHzAdM4/DPrnNSYDEj5iWAGPx4y2cADnPToSMYyc5JvW9rWSXNbS8V2stN3dJWSdzOzXRp/na2t+332a6IkRtoHueuQPbHI5weTg8YPtlske/ncMYGe+OSDgfxA9ADjueMV8j/ALZ/7YHhX9iL4LyfGvxr4V1Txfo48Q6f4eTStJmEN19ov5PKhmZyD+7VuXyAfTPAH426j/wci/D1DJ/wjv7MfiK+ZXYI194hS2+7nBIMTsB1ORnqRzg13YTKcfjoOphsLVrQU+VzjBtXik2m7763lZJLzUmaVKUaMKdSvisJhlVTlD2+JpUpSgpWb5ZS5rX8ktOup/SELdjk7+OgA4U4bABA2nHBBOOfTJ5eYBjALk9DnrwxyBwe3XsOnXk/y467/wAHJXi5UA8PfsvaNA0gzEb7xLFMy7hgBk8nLHueCQc/eA3V4vqX/Bxr+09qs1zF4d+C3w80lYWCq1wUu9u7JAYgLypGMZGc5Hy5r0qXDGbz/wCYVwvZLncYvVxdlq2r7taJ6WSbsZrGZdF2ec5YlomliJVLbWd4xml2Xdu1rpH9c72rYOA5HXABOQTyMY7cN0Gc4PGM0n0uSTJEEpIUkYjbjqM9B2wBz16nGK/jv1P/AILyft2axIv2Gw+GOjK4G5E0MSvHycENv+bnpknkDvgDjb3/AILJ/wDBQLWxcLH488NWClGbOmaEsLRYU8BtxxtznBBz19j30eEM8coJYXVtK/NDRWjv9p9Eu6JnmWRxTc8+y5NLVRjXl0WyjRSdlqlt2ffr/wDg4Ws7a1/aO0g3EMi3Nx8I4FQlCu4JqRbIU9TwRnuM89z+PH7ON/cr4J15LeM+St9aBUWMEsvlIDvIOcHr9B34rvf2uvj18Yv2j9Xg8ZfGLxOfFniSx8InT4tRaIQmCz+1O4twgABUHuc8k/Ucd+y4ZZfB/igGFPLg1OzWRcjc37qMEg9skdv5kmvtMLgauS5ZhI5hStONSLlGKi7SdVNavW1mt7Xb+R+S5pWo5zn2Nhl+IU6fseWNeCdp8tPVxUlF2d29lppbY4n9oed/+EEvjMoCy6khCDomGXIB9segwR3Nc5+zm0beDL5jtjUakzsAMbhsOOw/ixk5yMnHTFdn+1FC0PgOeZYljjOpAYBGQfMBAySAcDnHHByOmBh/ssaW2q+Db2FAhMuqNEWfoq+WSCOvQHjkngcV9Zhcdg1mtPEztRpLBWcmuyir3td9bWb19D4HFZXjqeW18JQg61aWNjJpOzdnG70+Svfm17p28m/aZmm/tXwkJhlfsd0VJbcqq0hO0HIHGfQAZ5A7fQH7OEbP8Dr6KCPzSNRupRCkbMWKPnftXJG0dSThTznoB5X+1po82l6v4Et5VifzLG82OgALIkjD8wMjO7+HqMEn6r/Y3uYtM+B91O1kJJprvU0jkEYOdztuUht2QF54GfcgV8bxdn0cFh62Y4SisXTnXo0owleF7yir3krqzT0ttuz7ngvJJ4vEYfLcbWeDqU8NUq1ZRXPytRi1Z3s91123aPjD9p6fbq3gszwEuNMlIVlbcOvBJA+bjnPGQMdRn6F/Z88TanpvwI0y00qyvGmn8SXXmyWgKeWDMGV1JyWYFTn35DZ6+O/th292fEnhBmSNd+kzuvyqoVQxOOBgHPBA/LPX6S/Zlae3+DmiRmCF1l1K6Z8qMbmlVC+QPvAHg8c4HI6/K8V4+vjeGMHmFTCrmdXCt0ot2irOKvNe80rK+nr0R9VwlgaOE4oxuBpYpqnGliIqrKPvTbcW5NNSW722166HyJ+0vf3ep/FC8u72CQXUuk6esnnEeYyrCQZHUMcFsAY5455WvtfwC+Pht4ViQM0jaHZ5CgBV4G0k4O0AAhvvZ9MjFfIX7V1m1l8Zru3RE2toWmsoySfmhJyccZHHOevPuPuX4eWEv/CtfCQt4VZm8PWpcjnDADIGQDj5SFI6t0PO6v0fJsQ6mQZFVqpxUsNh001dxSpxaSfW2t9mr9Gfm/EFCp/bmd0KcnPkr14xltd82l0lqm3tfVPTQ/NX423PlfFUwuBk6lpZZmOQpEqbWwCD16YOOh9a+/DckW1rEwlJktLFvNC4VR5ceRk9iOvA47HjH56fHpJh8YbuP5U23+l56DJE6DscBhke4Gc8nNfp1MhXQLNliikkWw05jkqNp8uPJwRk4znH3RwB3FTmFWlDFqfs3JSqqMW3Z2tFpN7vu7XTW1tiskwlapgJRc+T2dJ+6nfmb3urdX57aX0uvzH+KMaL8brxgoZm1rTvmbncxdcsf9rHfJGF+7jk/pFpAWK0hHmKD5G5kGS2GtxtPOBwxz/ujHJzX5u/FFnf433TN946vpx/d54y6cjIxxjknIyTgkZr9HrOBFs0lExVhDFkvyP+PZQVBySSc8YGR06YNe5l3u4bGTjLllKsnFSX9xPvqrp667We7T+azJVK2LwtJ3apUpJvVWSmru/pazut7aO58DfDt0j/AGlvCKdCvxNgkUjhgwulIPrk4Bx1x6Akj9l/jDqLv4v19IzvDX1hLOZCBuARN2ccbe/PXAI4xj8SPCN8LL9o3Rr9mYx2Hj6C5cIdrMsc+48bTjcMkkqMcDIOK/U34g/ErT9Y17VLuytZil3NAJGnO1o2jUjh8/OoIbkDqd3IBz8bXyyvisbhasKMpRUqsJSVre81K13snvZaLW2u/wBnSx9Khga9OdVQk6cJUoXs9LX0TslfXv11PCtE/aK13w38Z77wTZ6fatYJ4+8NeI570IJLtV025hlkht2yFR3jVgCQTu2jIIO7+of9oX/gsV8K/GX7KnxA+E/hPwJ4lg1vxN8OpfD11farlYUvBpiWt1d3DBQWQFT5YIHG3pxX8ZNjqSy/tD3t6X+STXbRWVSzApkdeFyMAfeHUfdAFfob4u1XTH8KeKES52MdE1DAyqAsLc4HUbuQcYGcng8muXH8I4PMsRh8XXp1E8FVapxhLljzJ05pTS+JRajb/gWLw+dzw2FxFCE6dNYmlHnc7OXLKKWl7OzTslul2e/xT+z3ri6n8aLG7jAymnalADgYDRuwBBzwD0+nB5xX2X8Rru7eS7VlZoD4Z1MMdmAxNu4LDAyVznJ6cA4HFfnX+yffbvi/apJIBHHaatIzO6ov33wCSQpHfGSeMEcA1+gPxL1e2kstRm+320CxaBfxqGuISzh4WXCgvuJOMDGeRheWJbSph+bE024u0ZxsktrSgt3e10lZ9W7q2jXZl9aMMDVi5LROWrS504xvdPVLdrR729fg/wDZtmQfEHU8RhSLG9TJ4JAncgHnpjJ9ck5PPH1v8SLyQ/DjxqrEBG0ZkQZDBgAwyACCOTwSevHI6/Ff7Peo2tj471W4vLqG1hFpc7ZbmVYkYtM2ArHuw6deD+f0x8TPFugy+A/FEEGrWUs8mmhVhjmDyOQ3UJwCMHnjge+K+5wS5MvrxlZSTqNW1k3aNna/6X0XRXX5zmUpVc1oySlJfuk7XaaTTTdtEla976+m3oX/AASl+MPh34L/ALROneOfE6SxadpGjY8+BPMmjdiMHYDwGI5zkY4BwMV/St+3R/wU5+Cfxy+Aviz4e+Dp9YvNd134d3WnTLc2vk2kdzbL5oJlKnI+XIz90fLkYzX8a/7O3i3S/DniDVry/mfD6XFHGsURuCzbtpBUZwM8YIyODk19E+OPjNbWmlahcaVZ3oZtPnt1Z7R4oHEyFGBZlHzMGx0HOOa8jFcJ5ZndPB5ri3X+tYONqXJKKg/ZTU4ucHFt2bb91pLbe7foS4hzLLK1fAUIRnRxcqftHO7koyjGEuXVJKMfetv8rn9eH/BDv/gob+zr8HP2ZtU+EnjnXdW0rxBputWN5Fa2Fl9ttgLq03TyLOpA3tMSCjfdBz0r1X/go/8A8FV/hbo37JH7Svg74UaNq2r+IvFGkT6aL6/iW2tRZ6oDbXF4yFmw0cch2DOSec5II/iK/Zm+Pl/4Cs/Fvlabq12+qXtuU+wksttIsROwEqSDnIAyCdoG08CvUPil8e/FHjL4afEOwvtD1O1gvrK2Vry7lIBQTKQCjEk5HGcAc5BPWvl8z4Mp4rGwx0ZVKlOE41nH7N4uLkns9lvqrNrsfQYbiavRw7wM404tRlShJS9/lm201r2k7LSy3urk/wCxPqzx/wBtOxCib52PQ5cuzNnqcsxb0PHXNdp+1vqonPhlpJPM2Wt+MFg2AYpThRgZ689yASecV8s/s1eNdX8OadqcmmaJcavO7qrSRyeVHHGEIKMcNkjjHYEe4rW+N3izxb4itrC91TRI9NgtoLsQ7597MsiuGL88EcAdBkdMc1+i0MJKnl1GtGnLk9nrZe7FXgr32SXn128/ip4unUxlSi6tNVHUT5XUipu3Lf3FK93s1b9Dc/ZVuok8E+I4ooQA2stu3EqG3ls/Nz82M5HcDNT/ALQu0+DrhJQkkYvbZNoOQvy5IBAIHTHrnqteQfAbUfG6eHdTtvDaab9kk1FZZ5LoDzPMJYgITj+EkjBA5zk9TpfF2bxOvhC/k1nULSdF1SA/ZLeIoFfbg5bdyB/Fg++cnnurRvkMYxpTsqNpT5Ula+unNs20r2VmtrXObDRhHiOPNVprmqpxpc0nLmSjZ8trJ+rsl+PrnwKnDeAbeKNFihW5uQG25AyBjqBjg8nnsMevm/7Rcqiz0SN8OJba6BAAxntyCR165H/AuTTPgzomsa34XtxB4nu9Mt3mmb7NApCkggcH+6ThTzgfdPoed+Onhy60NNFFxrV5qDTQXRAusBYwD8uzJwVbBY5GRhQuckV14+pXjw3TToyVN0KEOeUk+tO6Sd9LbNpN72vqY5dRwz4qrSWJi6v1ivJUeWpdP7S5uXl0St5vue8/DK4WHwB4djPliM6eCQSqHbjIIJJPrnJb1AHArxv46PbO2jzJtm3RSxHDq7bs9TgnIxz2PT056n4a+CbbWfCujXN1q2pNvt2IgjuGWJE5wqKDwvVQORyeBya4P41eFtM8PQ6K9o10zTPcM73MzPwvCFAScHkE45688ZCzmriJ8N0PaU/3fscMrylzP/l2lokrJ3Sdv+AZ5FDCw4srKFeUpuriJKPs3FRbbv7zk9Ol0kfQXw/13RtP8E6FDealYwuunh9jzqGDZPylBk5B5APOOBjivEfj/wCINJv5fD0tlc296BZzIWjLBA3TaeApAHJ2tnHoK9C+H/hHQLjwrot3LpsMktxbI0ssxZtxyQSM8DIB+UKMjrnPHk37QdlaadL4ajtoYIYvJuQqwptU8dcAgsR3z+nNGYzxD4do8/Iqbp4e0LttrmptX6a67au610N8pp4b/WfEckq0qnta+slFQUnJuVoptvVaPT0s3b1vwl8UdJsvC2hadbxXck9pYIGEVo7oJR1AYDB4I5Oc9sdR0LfFJbn7MX0TWCHbaJI7V1RXJwGyw+XORxnI4IAwAY/hvZWb/D/w2zJAkk1mrPK0KFjhm5JK5PpxznHBOa9AZdPl+z2pmRAVV8hFVVZGXO3AQDI5bAGcjsorto1sXLL6bliIxgqMEqah0UYpJNvolq9rux51Z0IZzUjGjObdaUnJ1rJz59Go8q01fXS3bfpdZ8S22l+I9BbUEcRzaPGyzOpUwM6AozHaAPmIyBwvbOcF/wARNI0rxD4Ovre6cSLcwRzQXVuy+Ysr8o7cHI6Z6AAngDiofGOntNr+hrcLFNbyaMiRicAg4QAMGHsACcHk8AHFcZrun63pGnypbhtQ025ljaexEpM9miSctbDBLIE6KTnI7kivHVaUaUlKDcXKyk1qr21ae7bba2vfV2Po6tGMnCSm4T5U0m7a2it/6vffe3zXD4YvvD2urFqduqW8lufst8c/Z7hcDbuPRZBg5JwTyCM5xkeK7VlutMQRo3yysDwckEnvw+OMdeeMYBr61hsdC8Q2VzbvL9utFt4oimz99bTEFSjghZIpVbIJbg44GQcfMnxE0DU9Ev8AbskudNsmKJdLnfbwsMxxzAAYyTwxIDZ96KtVexVCnFyUmm5Kys7xbTivO+mnpsKFOo6sasnK8YuDg7JX2uujel2nr20MnTptTt7yKbTriWxnKozA48qQIQeVI4zwABk465616DJ43ur6Awa3ZsZvNSNbi0fh1VsFiuWwT1IOcAntnPnLanaQww3M8qxsYozHMJPlbkY3E5CkccED15rDuPFGk2ep2TSapGqJIbmVkYMvmKSy8YI2E8MTjgcDoTEsZ9XhKnTrKE2lzQvZa8trp6KWhpRwcsXN+1p80W7XTacbuNnronfm12S202+iNYudPu9Oi+xXcUk9nHCwhnHlSRF8bs7sE/KzA5/iznk4r0K10vStV02ze7svKuPLgEUlu21uFUl1OeWJG7b2575r5B8YfFnwzqFhcm2V5NRIijRoYvJwIzjeChwQxGSScgHjccZ9L+HXxQ0LVNGhS7v76C7tGhEMEvzMwVQDIhBzsBB4AI6gYzw8tzSlUxSVSMHzRbu+Vp25bOzs72XfR6vVl5lk2IhhXKhKbV0+Tra0U5au+mjvHXpY9hm0/WNNfWG07VTJBbtAy29+oZipAGzcSMD5WO0jI7k7sVltrlyY2lv7B4VjcFJrVvMUsMZcgA4LcnJ55PGeaQ+KtMvYNahguvtQmWF47iT925dcEw7T1YHIOCAeOd2GBY3ENxAIwqxs+3emRuwoIJAIIwTgD1HIPPH1+EhUqp1KGJqUlUk2le8fstLRtXb00urejR8TmdaOHjClXw8aklFKUryhUd1H7UWtbXeqd9CWy1PRrjWjcBoZZZLAiRpiY23O+WQlsc7TyPQKBjAroriGwuGgMtsjRBCchRujDHJKkFiVY9yCeBkHHPOyaLp11qzGWNJFFhuUD92zEuDgMCmWPX5uD3OK1B4dlVlFhf3enxrGNkcpM0JLEHJUgEgE9enPPpXZRniY0p+3pxxC9qndRTbs42dtUr6XvrbR3td+fiFhp+xdKpOhJ04tQn7yTdtHNbad1307ZOs24tWs5NNu5YkN/EmwtvgG7AYHoRyRnPXH8PJrdIviMPAsoClmubYkMSTwTHwcjsOhP41y+vprVm1rFdW0N3awXcTm4s3CySFRkYi4JY8k5PTOOCcdNYeINL2FZ5HsZ5QSkN4jRNjgAh2DKOOg5BxjJ6V00K8FOq/eo6QtFppO0VturbLz3WhGIw9aOGotONb4uacJc3upx/lu97JJrTYiuY7WeGSN9jP5UpMNwGSRmKswBIB27cDjoRycE4HFWmgQyQRSpbSq+5gJITwjKxIMYGQcdeeM8E8Zr02dILq3klYQzK0blCrJJn92TwyjdyDgE5PsBXM6DaNNBCbe7lgkDygxSEiLAb7gYjI7HOOeQPfnxeCw+PnGFelTrXi7Pli2ruOq31t6208zbKMfjMvhOrh61WlyzjaCk7N6aSs93a+uumu9z174MftX/tP/ALNmpJf/AAi+L3ivwlGroZbGOSOTTbmONgfKurYxkvCzYDqGBIJXCk4H7l/s0f8ABxB8V/Dqadov7RXw30vxxpaiOC68V+ED/ZmqqoISS4m0/D/apzkswDqXbjOW5/nsuIruHie3EqqWDSptkBUcHIIywGRgc8jaemKydJ+ytHdRyssTG8fy2YeU8SluobgEAdj93qck18BnPAWXYydqdoSm2oJaNPTpZPTz0tbVW1/SMl8Q8xw0J+1kqlOnyOd5fFdxTvopJ6tt7vyP9AT4Ff8ABUX9if8AaHhtLXw/8Y9N8J+IrxIz/wAIz45I0LUFuJAQbePzSUlYOVUEsARy3v8AcsWnWusWiaho1zaaxYzqJYbzSruDULeSJvmWRZLaSTCsDnLAD2ya/wAyGbT3EwkjliklVsrLHmCVmBzlLmEpKjcEk7uM9Dzn6X+BX7b37VvwAuxN8KfjV4x0KwsJ/Jfw9qOo3GreHZGjIzDLbXLTMYyBhlWQAKRnHSvzbMvDvGYa7oTc0r2TjzL7Oikl268r18tD9OyjxBy/FqMXONOSUeaN1pfltfa9/mf6GU+juGJIIdeACpVuo6E4weuSRnHU5qo2mtgbl6ljwSCFzj3ycdTxjJODya/mL+Af/BxN440hLHR/2lvg5pni21TbFceLvA8q6fdooIVrh9JwzzuVGSA4DMrHqRj9rfgP/wAFQf2Gv2h0tLbw18YtO8HeIrxYyPDPj7ZoOorNKADBCZmMcvznaGyu4E8Yr4XG5LmGDbVXCzaXWKclut7N66dUrXvbdL7jB59hsQk41YSuk1qmvs/PuktU2fYbWLLngrjJ5GQM4IwRnpkdPYZFCx87Wyduc57926kEDgZ4LYGAM8V3FpZW2q2kV/pV3Z6xZTJ5sF5pN1b31vKjZZXWS3lkBVsjBPXjPBrPn09kH3NmByjAAg8845wOOMn5s59TXiuD1UouLXdOOqs9+9tfx9PajiqVTrdPXe/8vy6rzWl7HNAlSpBOVBDdCOeQMEjgDpnOcD+7ikKA7sAHjOcgDg9R9fTkEnjHFazWMm7djAY8Mq5AxgHLjHHBxk/7OT1ET20kPO0lW+UEEjpkDOcgjPbrjHOBmlytWtZ3t+jt66+WmphK7vaz1Tey6p2vu9dNO19ts4DaOflBUckkfQYx0yR0I9SeppgY7znggN16/LnOeME7RztyME5zwDYlVkXDAhgSN5OCDkAAjnBAbPTnB/2c1g2WK7VYpk5wdx3HkevIGSc89MYFLRLzbtv3a3vZabL8NleOVSWjs+ltd7K2606ejWiSd5TtGW4OeuD1479DnpjB7e/MLY4BGByR3Byfpx+eD261IykluMDAPHOeCAehxjpjk9OOThBGyruIztbLY4xzkBuAMnuGxnBX1q4tdem932tt2vpbfZGXI1duO2q0T5tY/wAuzu1db3sREZwP7pHA4weeO+PYY/OnBF3cc8tnPfnI5APHXj0wOcA1N5Z24bKsN2cknHXGOR82DjJzkd2pjBgQoIJII56DHUYyTuxn8OPu9SXLJJXWr0tvryrbsktrfnZxK7TbTeivrZu/Lo7bva97dI662qumT0+hHX5eM5wM46Dk+3GKFwVAJ5AbIJI5B5I4z6Z545I5qfZksBjIBx0G7G0HkZx19c9cimhMDGAeecjIBBI59uDz05I55zUU7R2/4fX5dt/W99M1duysr6vTZJrS2mnn6X3ZEY84BA5A79DxnkAYyewGMHHbhpTG3IIAycHoevb0znI7En7uRixgAnPQdO56f56E5GTmmEKB7E8njJI9z3+mcc9OtKSVu23n1X5WRUaXM032vZJxtdLW19HtfTWy03uwqhUgADIy2QDgd8DAyQCem0dPUioiCNvOcYwRxgDP3uOOO+ePcnNTEZwM7SRjODg4LHIxxknJK9MAEtjohwQCSBjqBnJwOnU8YGe3POSMbUmlezWumvZ2v963uvLZO57NRl9q901fVNrlvy2TWl2vK190mmkglgSSr4IJGNuDg56Y4xjgcY5B6qflyQeCoyWBAbg8EEjgDBJ55Bz1BKkEAnqOgzkEccZ9DjpnHsOM0biOuRzkDAJUDr1zyePQt17VqndKzum9VeKvblet9fJpd9tSHR96ye973WyTjpfo99dH02uysVGRxkH3BwenXOOozjA4P/AqgZNo6dOpxz0+7jqe2PrnFXRySdwYlifc8DqMe4OCPyprDJbnqM4JJ4z1PH1GMn6AEZam1ZWtBpJa6rbp27XV3ZN9i3TstGtLdO1ve01+dm10WllW2ISF4HHBPIPYkbh8oHB47dMDozYS2OcHK4x1OeMHvnnaDnknBGTVhUBbGQMBunY/UAj5gcDI4PUHOBKF+UDOMknGOCcYA55yefpnpxVqVo3ezdtL9rXdtXtur2e+l7ZRSbVrScbJPve21++n49Cg0S/Nxg4BOcHOG+vHUnHOD9ch6qCQvBA6ZBx9BknvwOmc4572tv3TkjBzjjliSOTjvkZPXGfQGk8sgErkkNlT04BxkNxgc4IA6AetRGo7rm0V0tHdJNxv0fm07tavsXFbpp62drrpyu35tW0ab10TIdoGB1Ujkk4xgY5JA6Hvn1yeppoUEgA8ZAzj/Z6DovUeuWzx1wtgKxBPYNjJ6rnAJPbBJ9fy5pjq+MdBk5zksM9Oe2OOmCAOTjBFqa3j1ad9NXpGLs7N76rpZ6N8rd8zurq70ldrX7Ku+90rKza2trYqMhY9QT8wyOM5zgjryc89sZxVRlYtyDkAjgZHBz14HTqcD6cVfcFQCOByMqOcnPJznGO+0Z69yKiOP90/dPdegO4AZPp3GfQ452VZN2lLr062ivLV623ve2vK7oc+ZuLVuV3eisuVqyXWz0eq2032qbepHBHfBz6dcHHOBk9x7jDdu3BAB756t+IOR9eRkdADmreB0xx15GMjsT14PXqPTqMsgj2kljlScnHIG4e/U4xwOx96tSi9U1bvfr2+59zRq6umv8Sd2tY7eavtdWa32tUwwGAOOeeMHBHB6dSSDgcEYOOpl2ggcc9VwOpAOd3Hrk56DHXJ5nAUlvvH5uOO3qB9eT156daDGcNyOBxwfTcfQYAGPfp15p80W03LbbX0ej18mvTTqJJNWvzK0UtEt2lJ6W1/y30TGr1BBzk9AffnvwTnrxnrSjAPP97bjkZAH3yO5yMcD2IzUiqOCeQcbSeAcHbkHGCM8HHt1yMoR2BxgMQeq4PQHByQeuD6HPTFCcbXTVttdOi7/g/LyLatqr9nrqvh6WWz3897MgY5J68kAnn+H5c8EjGODz3z06wkEk5wR8xyvB4wSMe5PPzZySMZwKmaIKA2SMgrheBkgcAHq3GOfU55NJsB4DDoAccEjGDyBznnJ43e+QAKUXa0kt2nrbp+vbXfe2k+7f3m1pqm/NJW9b2WjfnteqBkgZA5BCgc8nnrnd2yeOD06CmlSSeMZPHXB5HOMYGTknrggnBGathAOQSQMAjJyeDyR3HI+oyMkHFIVGSSSMliQOMHkkDp0HAPPPJ7U77Wfz+7Xaz3Wytpt3HaytJtX3as1Zxvd2V00tey7t61SoLA5zliCN2BzxgjJGQeo7AjqQAW7MHDbcBuD9SSMDqCMDIzjpx3FsrwRnDLkkEYJ7lcnoO4Iz796XywcDjJyeexGMgH1bAyMA8YOeaTajZ310t12su13a/W/XoZ1JNL3Vey7Np7K2treiu3dqyUdaoQk4yGzkjPt1HIGCcj0HYA5zSsGB+UAhfmGeTnA/AYwcHHXpyM1ZbbuA353ngY5XpnPQ7c556AjHrmOSI7iQcrnOeMbeck46DqB68EYHzVLnzNWbs2ru929VZemqfkn3TGleKd7Xa1t2ttG7aVrO26Wr6h/wAswDgMTgA4OQxGRk4IA7c5OSWHAJGyOAw2tgEjhWwSAAecHGc9QflBycYb5bK3TkE9T1ycnIBBGOeehHHHd4UZPTGCMnPToCBj72RnOOATg8kjaLVlda6K99bW6vVdNrrm7W3SikrcvZNrskt797W79VbVkBG7p0AYAg9BxuAJHcdiCM4z0zShVOGIwcHGMcEAEEHryTnt9447VNgYzyNoyCR15wf4vlBGR7e2AKiKk7QxPYdBz6jAxgZJPoe3Y1V1ZK+1nok1e669Orb8/kCspdUm00rX95crVrbvRW0tfruQsud56EjOerE45z3J/XnPJGQ5ABycAggMx4JJ/vDHLfw4x2HpinlTgAuRtPPBYnkEcjBX269O3OGkfOxUkquSPQBcE8jBPOcjGeCOMcJNNa9ZXSvHS9rydtOmj+9O4OnG+ibd0lHTtFu6TXS66xXKrilRkhfY8dSBz6fXdxwO9RdSCf4uoz6k49eMe5IPHvUmSM5GO5PJzkE8HAxwMng+nrlhjbOV4HBBzk4HHAJIwccZ4xg+tNWi1qrr8/dS6dtOui9ROHLD3Yu6taLtq/d162klrpa129GGBjOMEnGAc54PpnGOTjHTI6HmMlQqgg88EZ55Y4U5GOBgYY56YPFSc5YHrwTheSB0I44GB1/+vSFcn7xHJOAASO2QOvPX6Hk8Cjns7dF306q72tazV9tbLzUcvLZ7SslbT+6mtG72Tur307WTTAgB465PHGQp5HoG9NuSQaQ4xk4xknJPHGSevfufTkc5zUmwFsDGSGY9+c8nPA6Meg2jPygYwE2ADgjOTjb7g5P0JyWyDk+nZc7f2dLPTWX8tlZervuvxQ41L7JNa22smmuazbfL3f4JXImPGT14YDJHX6EZ70nA34OSQobBPuBkdjj3Jzzgd5ioYDnIJ25Ixx0PJ7YGPTHpURTODldp3DHB5HHIHQryMZ98DvpFqSV2knFKKslu46NvW1mrvZvfylzkm3ytXS2a12av07N/PRlcjaT/AHcjoMnABGTn2x+HeoyCcAtwV7DHBOQpPGM5OcgZGc9ybDKdwUgYIAJ5wTgg4688ZBPTrgil2AAkBSMlRjnAAIPOfc5HQdO1a8yvDVcy0vvaNkno1Zpp/K1mKMZSk3tbfTpdeq+StfutSALtbPXJ6AdcHBOOAO2PU4Jwc1MigDBPYnqvUhc8lT9AcDHUjtSiMgL03YI4HDZ5I4ByVwORzyPbLwhzkMSMnGf0OfYcDAPYgHpUNpy912tZrVKz01aW/lu+q7Gz5lpFPS7fl8O93ZpppWfS9l3ZyAcN8p4HODxwSMYyTnGOPTtSkB2A43D1PJPQZPqfYDOOTnOFCY2jJA2nBJ3AH+Hrg5H3c8Y6A5PLSQjLjuoIAxtGM8cgAZwd3TGQeRms5Jvd63Tct7tOKT9dHtdNPV9TJL4XJNWab+9O3bp8/JkLA4JwRldxyDywBAOd3I44JweOTzQBgnccBhnBU8segJHGeAevB6ZBqdlBVizZxjucjHTIzyD6EY+o6xDIzk8ZOCNpznoOOOO/p781rB25ru7unryrqkvda6JWdtNL6WQrL+vl/ktrW6AcbuSCNoAJI3HJxx6cemcnHQCkIyD90EkDJYegwfY89CB3z0IpyozEc4Y/ex04Jxgd+M84JxgE8kUpjJIA4DAAKMcjI468tjGM5J4z1p3bk/hs3rzO/SFtFK17t667b9R3irK0Ur97NLokvv8AJrqntAORj0GSTj3HGRnpt4yRnuSODdwQRkYAOSD1OM4P1A69vpVoqP4f/HSMccYxzjAzxnJye2ajZMgjvwMjr246A8kHkKO/pV3jo+aLvunurW00tpq1r+d7WtUk4tpq9nu3une61dnu3p8mo1zkEscDOCDjOOMAep6EcZ9Oxl4b5TjkEdeOgzk4/DH4+tM2sDkDGBnn0znkAnkg8dcdDyBlw5wxbAIJOB0OMjHGeMjOQN2eMAUKWt002vdWkW7aR7c2+1nZ6XW5PvJ2s7aWs7buKbtra9+72fbRTzkHpgnAHXA49M/dPfrnqTTQhLLkc9ckY7lgOB2znPG4gc9am2kY+YZxnIGevoOuOfXk+lKoX5eeF444/LnsD2xnjIwualzs5NJLVRUVyq6tF3TdtLX019bpNbJarSTd79N1omuq0+WmyaQir2PCliTg+gJ+7yMnB55A7kZJo2ZHHIOcccZJx0zn8gTnJPSngqcAncBkjPBBDEYz1IbPHJHTJ7U8HkfMR1wAAcE8gDnnpj88isuZbp2s3Z2Wi0vra13otFo1Jpvq+W7962jS87ad7rW3e2iemiIAh78E5AOeRjjA+oHQdMetOMe0k9cqSAGIPPc++T1zjnHTgS4G3OQTjA5zj5skAdu+e5OPXlcp8oJPIOf9nB659PQZx3IGMkU5J73V01qkkuaOi6y6730dncasmtUtFbXZNxtZJ90tHpbyIAoGCMAgfdB/Uk8Ywfr79KawUkjO3OBwOMH6Dvx2x19ATMVw2d2CR1BBBBHA79c8cdT2zmkIwqgHBK8ngksD1YdScHjIB5YZz00lUu0r2baTbs97Jd97rXfutrkIxite60dt1y3etuvz0uusSvwSVOSAVHJAxwe+Cc8YIGSORnPFQ7dxAJJ544AB744zkDHGD0H3T0Fkj5umWzwGz9cjqecgAAHjGOcZUIOOR8pJ7AjPTHHGemfTpnHKjKz0aat15dOr5XZpN6/Fe67XVhu9tFstd9bLT/t3S172v00tEU6k4AGT1PzEg9enA5H6EA5NSBflHIJAwAcZOcg+ufUdxwQASpKbjkKcjOcHGcsOoPRuBtGBkZ9OplVfUcdM9SSBxuHTkDjJ4/kRqbJpWXLfRPmSUVZdVprrbezXRT8trK11pt5+aeuur5b7Fdk3FSue4AJJBBwfbJGOTx164oCnCnPOBnngKDnjtg9DyTkY5z8tlUA+Y4LDAyACAT05JxyO/pk9ASY3XJGAp6gYx1JBPO7nJyMYPJI5zmqc+aS95Jaa6x13Su0k0mu6Sb7glyx062cfh5b2Te2mqWtk1d2utCA5ySM8ds8jOOnH16jpxgYpefmGW9Rj1yO+e3H1HXFP2Zc4OevUcEYHUjOAeMZzySR6UbOODxt5JxkseFHvk59BkYx90HSU0rWabW7VtEkvLT3unyt0UxjvzbbrZ36r3U2r6L/DstXq5ckBc5HJ4JyenHK8k4J7Z+XrgUAcg4OSM85J44Azk8ZAA/hHTnBpVUcAkcADBwDnp0xjODweB6U/ZkjBZhgH7pxg9cHjBypB5bBBAwDXPdu19nJeacrx3Wml328maKDutHe2tktfhvq7O/RdHbbTSMHOT3+Y8g9QCOM9gQceuOhyMKWxtOMZOM9eig5IJ7ttx0JyMYApdoGBkZLZPGBjPTGSSCcY98k5wMOIGAeF52k4GAOCVPU89gACcZBYZ2zfs9Uk27WttfS9+tk/LVplpP3bb6drfZu7a9bXd1tvpdqNvzHAyAevOM4IOGGASCeDwASe4xE43AkDOQQCx57Abj07dcD8xzKM/MAewGPQDoSMkYJ6ZAOBjA7sO7cQTj5ck8EEBRx75I29Mj07HSLa2a+/V+SW6u9Vpv1fVyT00ad+y1aV++6t93XWxnzKxRuWAIBx1zn5TzgccDnoegOcCvw1/wCC58PkeK/2fUyWkb4f6wq55IR5WYrjspIAOMc8EZxX7psMlsjG0AYHXO7IJHO1c4/kFr8IP+C8Vz5PxA+AEBKgp8N9Ub73KhpyFJJPQA9D3A5PWvVyb/kcZfJa2nJ+nuvb5bv07M8/NXfAVI2s3Hsr6tXVu2utr2d2fzI66wi0LW2kLIF0LVDtyApIjk4bHQDoOrHqc4Brzv8A4JRRwr+06b7CRzW/h7V3hbO1i01wUXrkYAwTnGMDPBwe58Xsw8N69IobC6JqOflJB3pICAAeTjrzwcHAY4r4E+BHxd8TfC7xXr9l8O9Pu7/4keN9Ifwj4WNspZtPn1OYrPfKqklZkWR1TABjOXJG019dnk1KvhZJLmUW2rXTk1FJKydtL3Vm92ttPl8DzJTvu5RWl173u2t1t30undWVmfsH+278ZPFP7RnxI0v9jr4LXAv7KfUIh8TNYs8TWivHKFms3uEUxpBaqWe4BYYmjCHk8/X+pX3wu/4J/fs56dbXM0Kpo9kkelaTC2NS8U+J5IDukhhy0rLJccsyKVwCoLCvOP2d/hL8PP2HvgV4g+NHxi1G3n8batbHWPEuq3bLLqt/qVzGJ08O6aZsyyzyXDBbhlPzffbAGD4H8Hfhx43/AG6/iS/7UXxyhvdN+EPh7W4LH4XeCJBIlldFLtTC8luwCSoiqDcTlWEjlcHNeNTc5NUorW6ve6WslZvTo7NWaba1v09LlaSk1pdaXs5XatfZ+eu1r3dzvf2UP2ZfHn7Rfxr8HftYftLJNENXu5NR+G/g2ZTE2naXC/mWV7OpVXWNUKCKNhluGUD+L96dVsUuI/GMcaOyDwzcRKq5wALdhGBjkABR7YOcAGuCgsre18VeD7XT4obe30zSTHbW8KqsUEMXlxrHCiDaqImFVFAA/uhunsStCzeNIwSHGg3KgqCzcW77Rt65POF27gCecAV1ezhTtBazcU27b2aTS30b738l1XPKc5PRN+8nFLVW1uovo9L3dltdt6H80P7f1r5vxX+HkMsZd4Ph9BGyHkqAZAAMDjtgEHHXoOfzX+Kenxx+DdSZo0YFrUHC85VwSQDw2AcEjsOnevvv9vbU9Q1n4yeHrCzvJdMurDwmLdrjYzODulJ/h4BC8Zz17nhvza+Ifhq4j8IX13fa9rF40TyTbHmIt3IZcKyDGUJJwv4ZzzX7BkkcTHhJQp0JVIPD1587nBQSu27Ju/y5Xdt2Z+CcTTovjTnr4mNOUa+GjGnyTlrHkjF80Uorma8rb9T0jQriD+ytJWeSENDptu0b+cibSIxwQT8vIO4E4POOel5NW00NI13qNmkgVl+a6jG8bWDDj8vvDgk7TwpwfAHw48Pah4b0a/mgnu5LjTY5ZWmnkKF3GSoAdcgfw45wMZwDXUyeAPCsMTuuk2rMittE3mMThXyVYuM/Nt4PUr2JJr6vDRzKphMPP2WGhD6vFxvUm5NOnDS0YJXSequ1fyWnyWInl8MXXg8RiZyVeSklShFNqpFNK9Vvz1VtVpqreWeA/E2h6TDrUU2pWdsJtYu50jeRmM0bHh1AHQ9eGHA4BIIPWt8RfDQPyanE7FgNsEEjsVzgjhOh7YxkjJHSsr4X+HtGmh1wz6fZSNFq93bxNLCJdiFzsUEg4C87QvABOD6+qjw5pdrDmOysllLKy7bSIHJPTlTxggd/XIyK48qo5lPLcNy1sLThabV4VJTVpy6c8VdtadejsdeY1cvp5hXUo4mpU5oczVSEIO8KdtFCVltda3t5nz94W+IGi6X4g8XSMLxlv72KSMW1o8jMgx8rqATGSTkAjn5T716GnxG0+WVlh0rXLtnT/lnpzZfBJXKkDkDoQcfkayPAtrCfHXxAQQQuI7m1KAwIwT7u7YNpVc89Bg8YAwCfbrO0aPzHZIx8+FKxxoe47JnByTy3HJ5OaMmoY+vgpf7bTpxWJxUbRopt2ryvJydXS75radWrhm1fB0sTGMcPUk5YfDScnXkkk6NJpKMaS1SaTfNq30ufNGveJGPjHwnqi+HdVc2Mc5jguLZree5ZicpHuJJZQAMZyQBxkgn03/hZvi6aNjZeBLxldmERmmaMqC3CuMEbhld2AQfvA9M5/iq1k/4TnwOHIbzZr0LyMDKFuSOOmTzkc9PT3PTtEjKK08ijEhBUToByG55bgtk8dMYAIHNLL8FXp4jMYxx9SnzYmPPKMKScv3VF39+MrOz016Xu2yMbjKEsPl7eDjL/AGZqEZVKrsvatNNKSu+t38lofL3jzxH4y1TS9Pj1bwtFZQRanayWryXO8tMJFYx4AGA5O31HIG3GK7hNc+J5hEdr4T0eMGNFjZ9QBPlsgLFV2kAkEnHTPHvVn4xW6W2k6YUYMG121CETKxVRKuCdpPAPGdvA7jBrt7fUNNhS2M+oW0KrBE7ZuFO7CqDgDJGDkFSM5B6KDko4ap/aOOg8wrXjRw/NJukpSU1PR2p2svLpq73aNZ4pLL8DKngKWtSvaNqsoxt7K8tKnMm3q27+ibd/I/E83xFt/C+sSXtloVnZw2xnljiPmyts+Z1VhjB4IOOoGcA8V0OgWvj3UdC065jl0G0t59Pt5YENr5sqRvECQWLKzMe5OcE4B5JGn491nRLjwV4lSDUrKaVtOkVEWXLMxJHIB7k5IwAwzjJxnQ8H+K/DcPhfw9DLqEHn2+kWiyrly6SJCgIKBSCASRndk8jtV0KOGjmk4zxtdxWBp2l7fkvJ1bbxadrfZT6prcyrVsS8vpzjgqLk8XJcqoN2g6MNbSu73T1bVn1MZ/DnjoweY/iqxt1RZnMcViRlFUsV+/grxjkcDJOeK5L4c+HvEniHRNTvh4qm00Jq91BItrEF+0+XKyB3OSc7vmA652kE9a9OvfG+hPBcIt68+6O4CiC1kZsNG23kDjknJ4zzwa4n4PeKtJ0vw1qNrdxX73Eur30yCC2eQhTO23PHDcgkZ4Ax1GQThgJ5jg6cq1SrTlDEubliK0veXsuRO7bV7t263s9C6M8esvxdWOHhGcamHUEqMIu0nLmesdbpK78vv7WT4W6pJDFdal4z8RzRosYxFIEX5mUBcbWz3GPlwMDPAFeQ+EPAekav478W6dfXWpTDS7iMws0uZmDAkmQkcszYJ645HPf6OHxCs5Vggj0bXbhfkwFtTyQwboxAxkHqFA7knJrwzwr4kmtviR49vbXw/d3El00P+iSuts9sqjAdwzfKX5PPcjripx+HyhYnL4xgp03iJKqmqk3KPsZPl15ubVLRbtq9y8Jis29jj5SlKLjhocjc4xakqtFXjK6skm0k9LXseoW3wp8LyPM01rdXTbDG3nvkHjkE9xz+vI54831zwP4V074i+ENLi0O3jt7qzupJozl1d1yqyEHAyOVPJB4969Tk8beIsIkHhe3iWdcM0+popyM9RgndnIIx1yOAK8t8T634ib4ieC510zSkvxZXaW8X20SRAZwzTSEYUjnGRknngijHRyqlRp+xwbTWLwqk1hpxUr1YNq8oJyum9He7em6tjgaubVK01XxnMo4XEu0sUm+b2d1opu9tHdaJ/j30vgrwvGs0A0S0Adi7OMkYB4LfNyAMc9evQCvNPiB4d0XRtIs2tNItIs6zZAyKCGMbuAdwJyAeCD36ivU59S8WvGnmL4dt93zyEXEcwDucnBGMjnB6HoT2FebfEuTVW0GN7rUdEkC6pZOsFpGGkV1cbSSpICk8kDJwCMjgVGa08L9SxCjgXH90mp+xhGy916X2tFa20XW7ZWU18bHH4dTxu0uVxVapJNSsrRsrXv3eu90eh22h2biIRytHHJHFlITsVV8pDwNuDt5AOfy5q1rHhjSxo2oytbNcvFp1y6vKxLcIecbRg85ztA65B7cZD4n1KOCETazptu6Rx7ki09pGT5FCYdWCk8ZPr3xgmqep+KdQn0nVN3iSVg1hOPKh0113LsIwrDhcgkc5AHJUHGPXUsJDCtxwklL6u9V7ONvcj0vdKz0/V7eM546rikqmPTX1qKUeerO6VVNL4LddFtvr20Ph/bJ/wjOmGOOOJfIfICFvl85uMgkbcDkcEjIyK7xLeEhzKm8b1CkAoo7AkFhnGcdWzgYC9vn/AMJ6mkeg6eF1jWkJt5SIIITtUFmOVfBC5JBAyOMEnOa6U3qyRoFuPEU5aRCx80pkAkHORxk+zDrjA4PPgqqngsLy0HpQhb3o6+7FK6XNpf8A4KujbHUqkcbiE8RJJ1ql0oTcU3OKd3ZJ31V02tUjqfAtvAdY8bmO1iVX1pQAXVSMBGYglwM9ueOeccmu3uctN5LTWkcYYqQ8sbYVgONwYEYIIHXdnnrivAvAfn3Or+L4oNHv9R8vVEzHLdspTKrhpCMEse+ByBnOendXemamJz/xS1ugYk4mu5Cd2OcjfzgHkk885565ZXWrLL4QhQvy4jEaJyvf6xO+0LPXrdbNtm+a0l9ebqYhwj7LCJq8IRcVh6NrXqJ2u07WbW+xmeIrzTrTx34cea6tF8rT7oNLvD4OMANsxywHABJ5xnnjr4vEGipKTJqlp8q5XCs2AfoMDHPtnsMV4/qmm6nN8QNEiXSNNjmGl3BjtsF4c42h3JbBbJB4PYcYyK9Gj0XXwqsYdGhDDY2y1UgHoSCRxjOM8gkDrnFaZZia7q5olC3+2tuMYSkm1Ro3V24Lfprs1ftz5xClRp5Y1Vbj9TjZ+1Ueb97KzsubdNLTS1+2nK/EPWNFktdDmjuIJo18Q2jkrHISiq6FjgAbujZAbAGBjGc+iQeMdFlIRGnlcAZVLaQseSB/DxwMDPJrzrx/Y6pZ6b4fE9zaMzeI7KJBDaIoG+RMEcHd6AcHk9eSOwGjaySCuryIdx+SOGNcDLEKPl3YAPJ5xjvyTWAq4v8AtLNIw0ajguePIk/ep7q9SKVlfTW+qvoZ46ODWUZRUquSUpYtwaqy1XtKfM240ZOTTaS0WjStoV/FHiGG80PW4U0zUZlawnUs9uVjXCHEjEkY9u+CcnHNW9B8S3EOgaVFDoWpukdhAkcqKAvyIoblm4HAHcsp5I5rB8V+G9Th8O65cSavePiwkcqDtRmKngkDGBzjpz2OOY/CHh68vvDukzzarfiI2EeY0l2BcDapIHBGcYGSQVzj71XTljaecprnjOWAbbioctvbKzabmr2t11adk9Q58A8jUrpwWYJ6zqtuaw8Xy3UYy29I+dmdRB4o1aSUrDoNwzbl2q86oCeASwJGCx3E8sNxzxgCuS0HX9Y06+8Rpa6LZFp9UWSYTXKoY5BHwnJwT9Djr6k11dt4IhEqyTXeoMm9MN5sozk5JO1hnHI4B+bJwTXBaR4YsrzXvEivJORDq6RptdxvAQnL4cBsZHB5+U/dpYz65HH5WnVnGU61Zp80eaP7jmT0g0tO6022d1OAr4GeV5rONOFqdPD8yUanvqWIhZe9UTe76pXv0O9HjTxaN0cWl6RGWwRvuI2ycDqTjADYBHTOeO5881PWvE6/E211B49IgvP7ECb1kUQFQRuDkEAEEDBIKkAjOABXoa+DNOBBIOA6AMzyEsBtODhuCcDgnHbtWBfeHtMf4wWumyWgktW8NrIyHdgyDbtblvTocnnPPHKzSOOU8CpVpzf1/DuHNU1i1fV2ils3ay00s3qXllTA1aeNn7GnBLL8RGTVJuTi1FuK5qkr6ra6eu+mmpH4s8Qqy+bfaFB8wZvLG4kEEnJAIyD3xkDk5HyjnfEniLXLjVPDMkmtWkjf2i8YaG2YrDGYpGBZ+jhSMYAG72UHd7LB4S0WEwBbC3VQxAJTJIBwN25h6cDHJBzgkZ53xxp1jFqng6OKK3RG1hxtijVQR5D53ADvuHBHPPy8EVWaYfEywdSdTELmdbCpKMqrvzVqSV/eSWm7SvrdLUxyatgljYwp0HFKjiJc8qdOKVqE20koybTstG2727HFyeJdXAJPi+QYLDbFYHgrgE8BsAkA5zk8gnnFc9rHirU7bTru4TxDqUssSRyDyLVo0dhMm3e2PlUAgkc9gc9D7cujaXs+S3tx+9bOIlLDqQDxnLc47jocmuN8d2NtB4e1r7PHEmbEHKRqAT5iEkAAenPyjBBzwM1pjMLXp4LEzlXuqeHqNe/Wle1JyiveqNOzWulvS2ry3HYWrmGDprDtc9ejFvkpQu3OKbbjSUm79Oa2nzP2F+M9trz/ALA0Xim4tZtRSL4feGrySKY4EwdELyYB4Y44z1PJIGcfhroPxV8OXMaaddO2kXBgjWS1u0KxB9uP3bEFct2bOcqBhcc/00/ELRILz/glhBevEhz8KPDhJVfm+4qnnoM5OCccD5Txgfzi6f8AD7w14g0C1fULGKSVmIE6xgTAAcYl4bPXAJznPA4J8HgOGZ4ili5ZZXw9Nwn+9oYik+Ss4qP/AC8g+eL1eq5o9Gup7XiLVybB1MD/AGth8RKE1anWw1RKpQ5n1p1LxnHS9uaLuvdep12l6jZ6gkESTW9zt2tHJDMjqYtuCuFIPf8AocnmuIvfCvh/X7fU7PWNLt7xY9UuSnmKRIgOCrr83GOxGM+lclqPwV1TS5Te+DvEF1YyRuGS2nmcDLMDgMWKgE8YwRk8gjry1t4u+IvhOe7g8RaGdZtUvcXF7ajMilSAcuBhj35wSQCFPQ+/j8TWp16GH4gyicaEvaQdWNJYzCVU4L4lGLkkrcz5oW6vY+ZyfC4WpSxGI4dzqE8Ry0JxpVKk8FjKTjUVleU4qTs+WKjU1bSSfXWT4U3Wjn+0fCOvXemyrLhbS7xNCQHBUIcKF2gbRnjncc93xeJvFHhm7votf0X7ZbCVFnu9MBmHQASOiLlc9ccdzgEc9ZofxN8I64wtkvjp1wzoGtNRVoGMgPIQyFd2Sc5IwOOfmBrplRRqWqmNoZIZXgIYbZIpAQACMBhjHQ9Dk9OtYYbLME8RhZ8M5rUy5yrS5oYeSrYVP2cpNTwlRyUE2oxcYqD6XVlbrxOa45YbGU+J8qjj/Z0YyhUrQlQxUn7WnBuGMppVJtKXMnL2qdk9VdlHQ/HnhvXSsdtfxrckPGLaf9zMzAHKlHwWwTgHqTk88mtnSRClpEyJHGTPLkq2VD7iVOASPmGPXPIIxiuX1rwN4c1rEktmkF2ASl1ZgwTqSOqtGV4xweMEGvPtP0Lx5oNvLP4c1ZdTs47yRBp2oOCyhTtJVyQzMQAAB6nuDXq4vMM/wGY4GrmOBhmVKjTrwWIypWrSpy9nzVJ4SrK6kuW8o05zb2t0fk5flfD2ZZfj6WWY6pltfEVcPUlQzWSVOMouSVOOMpLlak37rq0oNW1lrr7fdM7RXpliHmbVcPn7uW+8uSOoxtIyTn2BLrIyWsUpEaMpuY2CjkfMgPA689SQcnJGOK8tsPiZGs8eneMdJvNEmllWJ7zy3ksyiAbnZ1GFDNnOe2COV59O0G607U7ZLmwvoL2Oa8fa8M6t8qfcBUnJ+UcjBweFyeD3Zdn2WZhnWG9hWtUWGqxqUa0ZUK8JN01yTpVownzXTasrK1k23rxY/h7Ncq4fxrxFHnhLFYedPEUZqvRnCCa5o1ablGVm76NbtabGrrZEnh+/VtpyLdymcMd0mVJGeqjnPTgnjOSmly7bVVb+Ew7QBuyNingHt26H39DLrY26Pf8AmRjpBhvunAcgZ+73PccH3CmodOiBtFlL7SpjByxJXKrwSRhsgY5GT7HkfRu39o17fC8PTe+ukm7pbX1aemjd1tp8rCc3lVBNNuOMrXveOrhR1v06WW2rPJPjzGsvgVzJghNTgcDrgl1GcE4OOw46YzxXy54BGqLroj0cq15JLP5cb7f3oMf+rXByc5PIwRkjivqr46RAeAbht2AdQtjkndj5hxx9B6dgQSVr5u+EQjPjLTSXyYrid8r1VfLIBzyRnjGM8ZyBkivwPj5NcVtwheSwmHs9E37tmr2u9dbWtZn9G+Gij/qlGL91TxdZtJtJybpydle99m779d7HWeLbSaC9so7uzFleSWv+kW+Mh5JH2EqSPlbLEkfMei5PWv3V+G3w20nwz8O/BGq2EKxzy+AZpLtpjukmkuNNaQkYI4G8gEk46NjpX4z/ABTijPiXSs4+eCEnjn57lCCxHqT3PLEDA+6P3v0eKNfhv4OjcZ8n4dqyqe3/ABJQASc9+vIyM5PNfKYmdlBSad5WkrJJXUdWmnazd0tm/wAPuqEElOKla/Lazdmrq+i3SW+lr3Wl9PyZhhtR4A+Ityrxo0V7LbrFgs2+S/8ANLHbt6k4HfBz2519NjE0PwDmlaOF11qRWdxtwGvEAyC3PHAB6HBAzXHXNrqkHhDx9cxCNNMl16OG4PBYSPOWUjG44xggYHUZ7Y6LW9Plt/CnwYvIZWkuG1SXyypIKuL9Chbkjp2J5HfvUtNNJO+rV0klJOCcrW1Wnbd6eYSbak7SsneUbqLjJuCTsujW2n5I7W4dLbxR+0Vbohk8zT5WdwNiSgTrhiMMeACenIIxkVh6pMv/AAgPwCthFlLfxBNMy9VRmvoypByef7wPPT3zL4dv518VfGiG+CSzz+HLt7jPLkpKBG5BGCMAEerEk5ByJtcmjT4Y/BSdUQv/AMJLKN6YbDf2jENr9lIGcgg4GO3TOOmjTkvc36J8sW/O6uvJ9SJPVLmTTi+rule9k73TS/Fa20v6XdXkcHjf415DNLJ4KkRTt4IZEIUr6AcDtz7ZrzazunbwF8DQA48rxhc7cjCIDfJkgDB6nr+Geteq6k0aeP8A4vkW6M0vw7SRdpDZZogdxx1zk84B5J+vmdk7v8MPgy4ii3L4xuQCCNwP2+PYMHnLHjrnnJOK1SSnBNSakm9Yq7urp6rR2VtldLTuReWsk1Zdb3vaUNltd7PS7Oh8RXZSz/aMgJB+0X+nySbxt3bAhO7t0P3sYzgYwRjr5mmPiv4FPCpOzwDO0bo33f8AQ33BQOcfKcY+Xg8HJrhNftp5x+0e5VR9nitZXT73OIsNg46E8AEg89zXT6VNe3Pi/wCCbbF22/w+uQvOQN1nIfmGR9emTwNvGDcZRitNXeStZralCzWnby173uWryd56PRxfe1RWva/mcBoUjN4e8KbAF3fFsENu3FW+1yljz64POR045OBp+MbSB/E/xQjm2sza/oMrZydxjuICCcAHk5zyC2OPunOTokjtoXgtNqhpvixK4IGBmO9k3YHP1PQngda1fHUjHxb8SWAO065oqHpyRcRHnjkcc9lHUkEVpBRlVSers23bS3PDV6efn5WaKjGSUGnZOUE9Xvo7p301S1a6b9D+8j4OM0nwE+A0pOd3wv8ADqZ9FFmgCg9eg98YHTNdnJt6BSQRgcA44PfsuScfrXFfA1jcfs4/s+yY/wBZ8MvD/J7kWygZJAPAXv8AiR1PeugB5JOSAcHjJ5JUEkkdyMcHk4zx89ScY83Rc9S7625lq/1vZdtb3+6kvdhF6t04Wb9I9dd+l07Xa3etAx5Uk8vgkDAJGOR3OR8vA7/dGDioXjPGUOSCGxgdcDqApHTgA9s+9XzGODkAEHkcgA8DPPB4wAegqLCHDM2SOp445HPBIY5HfgnAHY11wlF2admtE1pppd3eza+9JK2qOdx1vpd2VtNeZx1sk1dJK1+lrLWxVjAAAIIH3ehI4yD8oycDHfPLdTnhSoXeMZyMjI4GecnPPHGDxnnpyBLhQ2QQ28Ywc5GOB3xkcAk+mOhwAggkE45BHuGA45A479uWPNXTajaV0rtq6SukrXe111fzd2NpuK06LXfT3bdbXdle199tNKmGUKCGYdCcYwOGy3Tkcn2A7U4qm1c89eVxycHBx1HUkAA+nGamIGBknkFgR029OvccYHc46cGjbtVSDhlBIJHBVvUZGBjIBGOpwM5NaqdnZNKybS0vo02r2v1uuzasZyTSdkrpLfZL3L6b2enV6pa3ZXCnCdCRnJOOO2B7evI6fw5wsqnAySM9wOSVGDwMkn0xgdAecghcKCoJO4MMjHJySTnIJz8wHsuBxjBeMZ4xnJz83IJAyB0xnnO7p6dCFdO1mrK3bXSN5W3er7LTTrcSu10TSS0s76R102S1V1ez1vZWaMeMAEnHzHABwRgjI9O2OBj8KjkKgnjK5IA4PTg8YxgNnPToe9SFeSegxg9Dxj9D6cEfL78w87sbgQU98Z+mMqQSRnkjnpxVL3mm2lfl1urxiraJPr02vvp3SU1dWbTe6s1o1a633dvvvpooiMkHJA2jseOMnj6d+PvZwBxSAHoxIGCcEdQSMcemCDx14NSjCgNyQ2AxHYEYOM4GBgZB74wOuX4BJwFBPcgAkA+3cjB4JPbHQVU7K19uXTs7paKzdt09G1d2Ttvm2ldaq+nfa1r3336+etyEhTnoCBnAGeF/Ik9+ec/mYnwDhmzxkAE5Gc8jHc9jjrtz1yLrAbvl4yAOMY52lj/+sDIyc5wahaMf3xn5jnJbC54HQqvI44IXjIPzGhSSfS6b+0lZJxez20urbN9HYjkVmlZ3eu213a+ndJvvbQqKr8g7WAxgA+pOTnBKjOOM47E9SbYUhcjDbm4yD0x6dzzxjpyOSRTUjBPLHOw8DscAjPGMnGT0Jwem7NTqWLYJySAScYAO4nAyMlwRz7Yzz0Sld+V7W0vq1q9NL3a6rTe7LtypaKy0Xd6rb8fmrkRG0nOCvOOoA3Dj3Geg/wAeKgkBySG+70Gc565PcYOeeOCevpdKjPygHaw2k8+/IABJ9RwR6cHMLZYMdwJLDJwcgZznkkYYDJxnrkc1pGrypqNl1fXorvurv0d9lomJ2vr003s7Ky3vrZXt5W0s0yiyjG3LdAOOR6kZPT2IA5Ptw0HliRjJHGPqDnB9QQVI5yeAflNhiDkFcDOAd2WXr97jb3HHHIHHUFjL24LevB5B4AJHXHHUDp61TntZ/wAsnfRXsmnrb73ZfNXFHo3fe8b9LNW6PRvTora2vZKI5Y7gQw98kEAcHqOCQMk98HPIo+YDIGT0AyRkgjPXOFGR/CT796sCIKQoIAbDMRjg5xn/AGfqSAfcCmYAYAZwQRjopIOcZ9RgDsAScFqIyWrVujVoqWqtrve6Wqvu/Ulybd9FZuzT1tp0vv6Oz+9kS7gSxIYbsEYOccAcYBABOOu7kY6ZLwPmHygAdSeevcEnBbgEYX1wT0qXZuLZUYXG7cQAO+AenuOPlPJJzw8R4BLdiSOmRnnJPPO454xgDnIIFVdNJXSW70tr7trbteWttN2kU5JuOr011fp6/dpa3RIaHCkMcfdJxnHU45wWAwADgep+tIWHHTHPUk4bquB6ZG7H1B5yaWRAAQflOOAMZ+UtnnqeDuPGccnGOImH8WeAVbGcNgnaT948MCc8NyPSjliurtdLZPdq2vXdaet2tU60Vl1Vt90nbV3ta9196sug05+8SGyAcDgk52jgHqcdMYOAeKgZWIfBIC5GCvJyB0PTBzjODznjmp15VgGIUsOoyAOBycZw3IAHOQTwRy/YApw6gsw2qccY65wM56j68dqnRO3Mm9G9r/Z1d993Zvpp3uOMXto3d27WS08la1tU97edMxsPmK4OBnuOSRk56fKc9+fXIqYLhQV6gA49ec//AFs85x0zUpUPn5ugAIHBwMjg5BOSeg7huBnFIu1lAHqACSoyACcjHpjJGM8HgDom236W5fPbyXnZW/yIi7LVNPRed7J2+++m7Vt9lGc88Bs/OeSQp3cA5JGffqBnJ61H7oO2Ttyc5wCeM9ecDjcM9TVhlU/MSCM85GOCcgk/3TgZ6khsd81DsC87uuVz/CATjGAeoI9ef5RpLS1/12/Bq6W17vdC/wC3bLR79dHpJvRX62V1pbszBBUAEHkKATnnJ9j1ByKcrDBySSxwzHqFAwGwSBzgEAEAEZ5oZCCnLKSuBhuhHTvyTwSeuADnnFAQ4XOC2AMtzgg5JA/9CBxyM5PSqV31vZ6bbNK1rNO3fro3bVF+zT3urrXVeTXR3/J9rbNY4HGMn3Cj1JO7r644y2MHkZYSwUEdMZbA7HAyT2wevXjnipyhJTI+VmJY4AwckEgkfdOcgHucD1pNgGR1ySAD36nPPUAZ/Pn33hN7a8tkmr9Hq0vyfq/nzypN7p2vZWfZx2aWm/Ta6snsVdpwRnk7RyDtI5+Y9OCT7Y7butJtIILc54B/2eScZPI6YXOBgHGal24JDHqeDu7Lnlck8dj7HB4p2wMMNjpwccYJ455yBxgkc88jIw3Ozjd3slFXS0WmmnRO1td7N2bFa6t2Sv07aeb3b0drt76OAKeo6Pk475HY9z2P14HQ1IFHABIwMjJ+nTjp2z05HYVIU5I5GGxtz1HQjrnbkDGOeeRxmk2swC7WBOQSeoChsnABxjHQE8n65V02/Pe6tzJW32vfTq7va5UYpJKys2mrLySvZaXv2+/cjYjIIJ3L8pORjqM49/qOcY7jJ1BJycjbgcEE4AwB1yTkkdMt1GcSGMEBiOxwTyTxz05LZ5z14Jz3B5YAJzg8KOvXnPfg9iMf0qnUVou6utXtdNNW3Tav6WWqfW5KMr6K2mrVk+nV3eis2lqvkQfNuyucZ5GfmwARycevGMDAPY5pwAbaQMEAkEj1xwD7euSRnnIAqcqNrENgctkggc4B9hj/ADnpQFAwvAGQPYA/Xr19vT3ojK19d7X8/he+jeiVt+1tWZWd1o9XZX3+7VryWvkQkds8qBwT6nAx1wPU/pQQzMVIICZ+cE8gYJI444BJx2GTzUoX1z35OOcDgn3B6A5xx96kCY74wCTnoxPOQOCDz6nP97JOC65k76e6tVa1lH7tdtdfQck7WS0afu7Xdlva+3f3vV21g5wMOCCS3y57jPfAJb7vIHXJ5U1Vkj3Nk7s7cg56kAcZ6cY55JJxjrV3AXIDchckDoMHpgDOCeMAqSeeeRUUinHGeCCOM/KRk8YGAOePl+netoOKaslvre275Vp7qaV1r67bNcUqL0unZ6t2Ts07padE7XtolrftmSJjdtyWAxjaSeSDg4yMfzBxkCojDu65ZgwzxzyPTjIPoOQcEYwMaG1WOSMHDDqMnHTt3PH3hzwQcjDNgdQ2SecgkAbduOCMcnGQSOAO3etOZqzSu210Wl+XVO/okmuq0djSnRaXNdNdNltyxab1ffVv/N1/LyxYnqVGzI+UAYzk927euBwe6rEBnGASc89CBnj6E5+mdtWdoZtxbj5cA4JyCDwQF9AQRj+WVZMAgHDMRxjOB6+yn0Hcc07prR72sla/Rrr/AMMu4VIvRQXuvlVla+nLrZXcXdrdX1Ku3I6kH72CRgEnBA54A657njFRugOQTkcDg4XBAIBznB44HfAwBxVh1I53AgHBJxkgjgEckgdV9cjnpldu5ieqkkHJwQeQDgjgnkHGeQOMZqbtN2tona1tlZ9+34363MXFtvR3te+uitG3m3a/vLXTz1zzFgHgsM7cY7DjnI5xjoM7RjA4GBkwuOQu5evO30U4xnvz2GOhFXTgFiwOMgbV4wTjJOQAT+HJI6YxTCqnksQgOPTnoD7HGec9cHsRWiemt9ldq3Vr16tdu601DlekWukXZW0ej2V29Wnte+qtqVGRVYg4YjLDHQA/KCeMdME9cZ96i2kEAE98nPGVyB75xnJ69skdbTIAcZIwACSM5GMckN0XdnpxtGFAAJkUAYU443Nlhg89MnBwOQBk4Bx14qk+W1un+SvpbS7vs9uwnCyWvvaJ3XlHolttbV6JbszgpGAeSAT1HTtgHrnn5snPPrUOeigd8nHcjkdsDAYcDoce9abKCEOVJAIDHP1x9Aq9vSqflAEYPy5PK5zySSwHTvg9MjrzydItaKytbXpfZdur0+XyOepzK1otryu/5dXZX7rrsvQiVwFGQSeSQCDjkBc5xt9Bx14wetMYFVYZODgYB7kHI9h2GOvAIPWp/JIGF55xggk7Vz8x6AA8YYnPXHPFNaAhSN5bcRzyQSOOfUgH0BwCMZqtrXa8vy0u3brp2fzcxbm9m3Za772sr6W9PLy0rlSfMKjHyqAMdODgnIBPB6DpngY6SBdhye3QHvkkEEDgDA7ZHfqalCKAF3YBAYgckKOQcjjp9cc9dwFOfbtz1JwCufmXPXLDGM9SCe2cDmi6bs/Lt/d69Lv+na71imldpRX2U7+Xq+2r20toM2gEkDdnpgZ4HI4xyPU498daURkE8DAAIIOOcnOQR0HTJOSOcZwKlG085GRgHGc88HPrnvjn608AE9WwDjA4OB2PHHByAc575BOIk2mn1V2ttbdNr+avbVWT1um+11dpJpW1irJ20jK2iSu7J9X1riMZbBwQRgDOSAc7hnOckkgcZ79KRVGdz4zu4zkMfU7eMZPUdfXqKsgDawzuwdpGOnQjPTJwflzxzkjHBHVSxI4w2MYG7JPJ3Y755PfsehDhUnqmrp296/VuOz3v1s+2vknBW0vfW/a/u7X1tq0u/Vq1ioyqCp4BGcgEdevGRwcHPr0I6cQsF3ElsnJ43AkdgD/u7QOMHJOcY4mdVJ3bs84A5yoOR1A+XPocHPQZqFgCGYHttCDksQe/TJPAGQD1z3q3K77/AAvX3nbS3T18tF02hxsmrcr2TW/LaP3NvsrJK19r1m4PQbQQpPIB3AY5xwRg8cgYBGMk07yiflJYHO0ZwwxngHqfm6Y9ORVgxKRhmIyVYYORyfunge3uRjPXmHYVYjcSMkggtgsvoNw455GSST9KuM2r2dnf3n31i1utVv02b0abtm0lvon3dlpbp8u2tmrjFB6E5BJOP4RgdwRkknjHOOT1GKhcY4GTgYHAYAk8Y4GcA556njjIq6se0EDaejFieAMcDHJI6jkcetN2Ej5lU5ORkcYx1z0AyMjGPfByKFO17RV3oraaeffbXq9b9LZtqTS1tffvstrWs0n/AJGcQ2WIb5sgkD6YPJHHBwOOcjC9DT8ZBGAGKnGeScDkgLwD7A5Axk8A1YKYOORnB/DkqSRjOT0AHt1OKQxo23sQcEZJJJPzD2bqCOxwQBit1JWTVlvqlbe1/S1nd767ds5w5tHbs01e+2nySXn00sQZLbSwJ5C7QeMDpx24GTksfXOTiTGc5OcNx29en94D1GRTigBHPIYgYP3uc9hj2P5gEincYGTjLcEgEAAjDH5R05x128YP3qm9+ito1trort+d1pfXbyEoW6vpZXVrWTt00v5r5EbKMOwxkHAyM7gT1xjPfkkc55HFRsmRhwQRgc4Pbq2RnOeMc9+fW6QnILZJIAxnP3c9+mNuF79zkDJjZQ2eQB1Ax155OcjI79uCB2Cil1d7O2+jutLK2lnv17PuJR6O+z776Xt89k072uQFTgnk4JHyn7uMYwvUDoCO3oOKQE4zjPO447c8cHPyg5zx78kCrDAAkls5G7cdzEY43ZJ6HByegz2wAIOrAZGFC8gcHIyCDjOMdSc59fUVno0rJJa663V21a27dr6badCGpLlaTfXTW3a+iv8AnotLDWOVBUgnauSMk85Bz1PY55wRwCFwKqsjg8EYOcADPAP145yOMZzgE1bYgElSCAckY49sjsMKMY6ZPI7L5YxljxweeM84JzyT6Y5zyQCRxq7WbSi27P3krO9tdntt3WitrYuLau7W6Xetrctt9rb3XZ6JWKqDuck7SNuCPlON2DjnGeT93oOuM2EH3sdsqASQRjBx34+YcjPPckU8hVIXJPJCtjCnOOoPO0k5By3TBNCR56Eja2D/ABBg3f2yRtBzg9BnrWc5PW7SW7XZtq+ul1d6X6K/RMiUbyvbVbtW+1bd+vntdXaJY+SMEYGGAPqeMnHbPHIwc8iru/CgELz0PXrt5IyPujvg8cY9KS5BIVjk4ByNo4YfKRkcDH+yQV46Zq0AwVTnPBHYkE8LnIBJ54ACnj0+WsVJuXR3S1dr6u3Lq7tpaqy7eV1Fe7JW7OyWl7p3VrX2d7q+nYnDE8k8goCAeCoPA4yc4JHB9+c4DzuAwvOcnHK8YLAn1yeW54HJ6VEpB3EkKfl6jAzgDgd2zk+gJPJFTIQWK/MTgZ4xngcLwB27Dv0xzWnr+P8AXaxtB3jZ7766N2cbNteVtXbd63JAuTnJALKQScgcDjr175OOPTvNwASAN3PI4DEHoRgcD8CeRyekaDKglsA4O0HkHoO3UgdeDn0wRU6plUOeckYI5GfXHfPXuvHqAEuVauVmvvSfL00011evlfU25bQso/y9Ff7N+nS17dOlhU6DkEqhyf16dhk4PTPVhzgSoHyT1yOMAjv79sYGOB2B7hUiXBJYElTnt1PPvkEAgYyOnvUkMQywLdOi9O3PPpj3447ZBSaTsrqKb1euvupPS2qbfT5tbHL70W1ry7baaa7dHt/ldLe0gMbmyjzy91ABgHBDOo3ZOMYBx0bByexx/Ol/wVv3p+2F8S4ZiZHPgXQkYEZdlWwi2qSCchAQOhGBjqc1/RrocbNqFgAOl9bKPUnzlAB9Ae+e3U9z/Op/wVyiEn7a/wATYd4Ur4P0FThsZ/4lsW4HPA9sg7vUAZPwfG1pRwUbaNzaae1vZrT87LTq79Pp8nS9lWnre9OCt2srrZ7u7btfX5nkHxEtb62/ZnnmsC0c8XwfgaIqTsR5GUDecHgEtkYGcYxX8/Hh3xH420xNSurjUo/D/h25je11bUnISPUVVyskNtE2GklXceEBDMfcCv6MPjZqmi+Cf2T5PEeqFLuOP4e6Bp9to0UmJdSnmWEiDKliEdsmQjKiPJySMV/Lx8RPiFdeJ/EDiWzheeKd49I8M6cCNJ0lDIQu9Uyk05LBnZgS0nqTXicNYmNPKqahSaqRxteUWrrmd4+60vib7JattGXEVCUswpvm5U8Hh03u7tRldJvlTSlL3pNR0Vk3ZHoOs/FjUrO2utG8L3M+h+HLiGWK+1e8Yf2rrCyEiZY42GYoZudq8koRg8kVxPhjwz4x8ck6T4c0+XS9AkkJub+aMq95u+85Z8BsjJCgfN2ArovB3wR8V6pruga54yhkjt9RuFaHTpSUMcON8btCcqEZcEAjkc8HJr9G/DPhvTdEsreC2toUKHy1WONVwAMAhRwMHB5/hz14B/VuGeFcdxFVqYzMpzoYSEox9iouFSrFKLirLWMEmtN5de5+R8ZcZ4XhehTwmX0YYjHV4zqe1lJzpU2vd55Wd6tTmi+qSa20PmbwJ+z7pHg3V9AubmJ729uo55JZ5uizKrbFjTqi44YkjGMhfX6c0/T7LT/sjl0LeZIssMAxs3khQeuDwBgnGMEk9Kt67buuteFEZWDubkLtPUENwFwM453c5wOM5BrrNI0BFRlcoAXE5uDlt3JAjRj0Y8Z24OeoB6foE8ry7IMJjKeHpwoKMo3SScpe5Ter95t2clq93vpp8DleZZvxNicur16s60pRl7SUm4wjas1pFWtZaJK2lr30MfxE9whsT5XkxJo15Ku/G8ptK9Dx39voM11/w70yefRtGY+VbWy2xWSQnaxZnZjudsYwRkcAAjJ+7w34hC2sbaF8xtFb+H7tJ7qUrHb24cqwEk7MAsjAYVRkkkDbnOfnjxN+0Bp2maTZ6Hpkcl5fraQw2egaOxnubqZdwEt9PDjyYWPzeW3JUHnOM/H1eIaNCnOpFONScPZ0oJJyk7xbdraWeifb0P07BcO1amJdNyc4RkpzauuVpXUb9He3vXdknbXf6l8ceMdJ8PWOox6PeQGZNHuINS1WadUs7UMjBxvJG98LhVUHvjjaT8EeGfiB4m1xU0P4X2C/avtV9DqXjG7RhFarKzH/AENSArsuSVYdcrjjmuk0L4dePPiPJP4q+J95Jpnh+ytpLrT/AAfp7GCF4whZDeqmCQBgssjHcSRngAeheBdT8EfDHwwda8RXljpNo7XslhZKsZnuNxKwxw2ibpZZTjAJ4yc/xAD5XEyr5nVjVxc/Y0VHmlKaSk4Jx1d17qadk9/TQ+ro0aOCThQj7ab0STbhzNpJtSu5yVpf3Or6mN4B+BelwXMWv+IzN4l8SzXU1xJfXi5jVQTI7RhQqqoY5BJJPHIHJ871jxz4X8CzeMLe/mGpave6lL9g0DSMSMwgY+SbuWMlIokPXJyCDnpzyfxY/ai1jU9Mm0vw+3/CFeHmSSGO6Gw+IdTjcsCI0T5rSKVTzuJO09s5X480C98R+K7mTSPD9pdtPcyybrko9zqF68nWRnYM4LE5ZiQATnjJFeXiMyw2HlSw+V07uKklWiuacm1G3L1bvreVlp1VmvRoYOtWg6uMlpJRvCMmrL3dG4/Dbry7XSbOz+JfxO17x3FDY+JLsf2XbOW0/wAH6WVWBXDfI91IuTI3I3dO4AqDwD8LPF/xb1iw0KzsxaWxQSwWi/u4I4Yz8zs2OdqcnA5IP3T0+m/hl+yQ1jpcXirxzIVeSRXFgDuldXKtm4mYAj/aUAYPGOOfsP4d6BpWk+PtBh0m0jsobLw3cDyreJVV9xI3OykMScAEnk5zuJGTGHyXFZhJVcbKUeepT5ozS5ppyWnRrfZKyWy6hWx1HCxVPDU4Pkg9tIxUVFpRV9Xs223d6t6nkOg/soaT8LItJ8QNepqGstcRR3IYYt4EcAFYUBOXU5CuccdSeBXp/i+CH/hMvhxEoLJA92EbbgAC1U7j6gOG4x0yc9BXtPi7bfXMJnOIY2jKxAnlgThgpPGCAMnIzjjmvE/Gdwg8a+BY2lKhW1BiFOWAEBx6YIXOB7nk85+wwuXYbBQdKnBJc9FJaWupx373d7rZLW+54GJxdevKNScpNpTj723wJ6W6a6Na7X1PYI5/Kngh+WVjIH4ONr4POOpGMKevIye+OY167cT6pbqjzXV1YSLFZ2ymSWV93AUL90ZABZhhQS3JJxoo62ti2saze23h/SrdXZb7UJFSeQDJKwREb5JGXcEIABPTOa+YPiF+0DNd3c3hv4O6Vd3WsSQvbXOumIy6jOZBtf7OpyLKJgdxlLEFfcnHoYvGUMHTfNOXO3H3IpuUk4pO2z1btsrpdbq/BSo1sTOKim0muZt8sFFaPmldLrra7eu2l7fxe8J6jeeA7HUPE2s6dHd6XfW0th4Ttp4ZLm2sSVDz3+GPkEHLMG5I4IzknwK88U+FLQCCLVtOSRUjUASl1UhBujIAOfmGMN1OBjJ55vxH4K8V+EZLCXxTrEupat4siOo6hCZ5blrcbsraSOZMMynDOFAXIyODWdbaBpKJJK9pbMSQQXjDMCcZA3Kfu8t7EdwK+i4Yp4ytgZ4mjChTlXm9MQmpRhFxitYpau7dna7vc/LeOquBpZpGhVqV/wDZqcVKVC0IyclG8lz3fK0uVNq7t8jYfxn4Njj8uK+gaVvMEghidyWYHj5UAA6+4wT6mq3hL4h6Ho1m9vFb30zG6uGkW3snZCWdmj2sTwdp9DwThvVLXRLWEvLHbQIGSQo32dCAVXC7jgZBHXkEbRkg4NVvDWm3FxbyBFbm7kA8uFSrgMcFWHygnBGM9xzgDPs+xzJYzDp1MNCXs6nIqdCTSj7jek57tu+2/fp8pRxOUTwWJcaGKcVUw6n7XEqLldy5XeFLSOjdr321Osm+LxLfuPDWrSAZCs6GJc5I37SRk7hye4JIPUnlvE/xP1vVNH1GxXwxJDbzw+W0s8oZQpbLMFJ4I4zg4J4y2RXRx+GruaZVY3aoclnaMhFCn1AOMdz1yc4IGTQ8TeG1tdGvJibhlWI5LKwBO8cDBxgZPQDnG0cHHVisNm08LVVTMKns1Sl7saNGCUeVJrVSb6/a1Wqt1WExWSwxOGlTy+nKp7alaU61eb5uaDu/eSdm07cttdTA0fxT4xi06wttO8NWxhSBBG80w2lNuC4QggI33uuDg45zV9fEXxPuX8waZpduUXYrbt21cYIBJ+6R8pLcYbtgCu58M6SJNM0h2RhGbWMplz82QBhgwAUdyNw69SSRXTHQtjIsSrGWYhvMdWDd+TlSDwGwR0yOdxrTC4HEqjh081xkYKnBqMJUopc0YOyapptJdbrRpenLjM0w0sRiLZPhJyVWpFznCtOT/eJK16j006q1rJq1meDeIbz4iXlikd7JpSRm7h+VIcymQEEBWznYRncNoAJJPQ1rRt8Q2UmbUtPgESKsaxW4+QY4AOevADAgcdRXoHizTo7eztzI+N2oWytIDHsDEgDoTtBznPQA84xgdCIbKNJBJNaxghQTLcwjBC5LDJYDIz2xkHAwOFHL4rF15PNcXrTpJyli2rvVvVPRdGrNNvSxr/aM5ZfhoQybCRvWxFksGnbl9k7pKLbb5t2/ld3PHDo/j1oWZfEUcZlBeQRxAMdp4ycnOM46j3XqK5nVvDvipTpbXviOa6W7vVh8p0+RN2QGIAyexAIHJzuOOPfFudOSSVZNV0yJEztU3cYwCB6K2Txkgk4GBnjNcf4o1DSGl0QR6ppzhdSDu/nowVQTgsMYQfLnd2OMHkVljMJgKdCV8dUqTbh8WOeqdSF7RVTazl+nQ3y3FZjKtTjDK406Mo1b8uCgrSjTb39no7pbq19F5czH4O1ZgyyeJpxtAPyofkxn5R6beMADIxjHNKPA0zKUn8RXkhJOdoAJ5yBgg8c+3TBPc9s3iPwvFG5k8QaajhjkLOCwIOck4IY57g9uh61Vj8YeCoF/ea7AzEsAyqZCxxng7QCSQQenqAM5GsaeSRX7zF0OWKVufGK70iv+fl3uuz00ukNT4gqNewwWITet44W38tkrUk09Fbzb3Wp57L4Ghh1u2tG1G9kElnJMzyDcQc447gAqxzghSOOvHVD4dae8CNNqDynZkK4AHGcjn1+ZepGAfl65zbj4geFE8RJc/wBoyyW0enlGeOBg+9uAoVhkjBySoxyMHGK3k+JXhIRb0TWbgBeiWvyngn5WJAIHPUdeuCCK5qWL4Zo/WFUxeB96s0lKspXSjTX8z5tmk99L2btbbFYLiuvSw8aWDxmtCPNy05QUZynJttcqWisvK9yBfh3o0qKrKr7hlfLRiXAIzyGwCT3BOckDsawbfwXplnr1/F9nRYooYzD5ybjk8bmOQQPr74BA56h/i54et44zb6FrcpHykuEjDHjkZbA3EZ46AkDr83DTfFa2Or6new+HZmFxGsarc3iRspHHJzhuBxnB4ycdDli864XhPCqniMPNRrxlUUKU2rKm+Zq0JXV7dfPob4XJOMJUsX7TD4hSnhVTpupUjH33OnZK81ZpJ30tby29ATw7YC3UR29mVbO7Gck56cc9eB2GfUYq+PDunOkIWytmJbJ3FgpBB29SOvGSeeDj1rzE/Fi9SDdb6PpcDBThJ9SiJwBjoAB90kevck5Gc2X4yatsTZH4bgYuPv3Svjvg7Aucdc8cE98Vo+K+FacW1KpNJfYoNaq2ic4xvrsr6218+CnwZxpXeqpQU1HfFxlZ80ekW9ErWWtle/c9C0mxsotc1hEs4AyPEqDI2BhtLDJ6nHIIPXr6nt1hdZFZre2KE4Qkk8jjBPfHPUZ3YHvXy9F8T9Rtb3UboajoMD3squ+R5kaOoOGiU5AXHXB6n0O2rVz8XNSMSEeKdNi5yFt7LzCpA7EH2PYDHAzXl4TjXIKFKUZU6rbrVaiUIUovllUvH4prpy+fVtnr5hwBxRiq0alOvRpwjQw9Nt1KifNCjTjJtQpPmSld3utNrXPpOfSfNaWTbDgq7NEqcuqLgqvufug42jqe9VPAVvHHZXwtreKP/S5hskGGjKO2Rn0I65GQcgHkmvmK4+L1+cMfF04BjZWMOmtjJXORj1yOMk+nDGsLSvijd28c0EXiTWI4muHlCw2LtvYlgzs2DgMSW2k/L165NclfjvJJY3DV6NCs1Tp1YzTdHmbn7PZc7Seju77WtfU7MH4dZ/DAY3D1sbQ561TDyjNKtJQjTvzK7pxvKTaWiS016X++Skyw+X5FsGcYUk8ElSCfcg9yB0xjptw9Vs3j03UPtPkTRizkaVI3UMSFbBOTnAGMjJB7nkGvjK6+JWszGMrrvimb5iP3cDRBh93AwAORwAQfXHasi+8Yardh43n8Xzl4zhXldEIOfvAYypLDrxj1+8HiPEDL5wlCngMS7xau3FJJpK6cVKzWlnfdPe+s4Xw0zOnUhOtmlCUY1KbatK7ScZSS5pW2Sjr1tex9Z+GxHLpdtn7L5BVygdkV1PmYBcFgW4OQMjHGOAK6Bri1hdVuL7T9kajYGeMDdxj+LsOT6/pXwzbalrDQwLBpfiCVB0/0pkUH2APK88n6cjAq41v4ondni8NapLx832i7k4bGOfyxlcYGMH0zw/HkVQpUqWW1qjhGEeZRqyWiSvaNGz+TatdXOzEeHkp4mtWrZvRpQnUc1HmpQ5VeLS96q7tadEl2Vz6y8T6toa2moJJqWmsDatmGOVSfMRScrggsADkgYznBJBAGRoPiXwxbaZZvNq2nRz+QCW37Wc54R1APzDsDtOMkk4Wvmg+HfG08Ulx/wiojiEbM8srO3loOjEsy49sgr07kVJZ+CPiddQxPaaFCYWRTFKIxhkYYDZYt8vGBjjjOSM1h/rfjljIV6GUYhzdKUYxWGruVnOLT1jHZJJd+rvodMOB8sjhXSnnNBJ14ylU+sYeLuo2UeZTmk1zN2Tbdu6R9TTeNvCLnfJqdtOVJysQLgdACNoHOPlyN31POOc17x34VurG7trYzTSzQlUCWzFSxIGTyMDjnBO7vxwPFoPhj8XZDs+zW0HYjKqwwueOAMYznuSCc0ah8KfihY2k97fXttBBFGHlCyxlyCcKAQN3UknHUcY641r8VcRYmlUi8qxcIuDvbCzj7tkr3nVvtpt3utisLwlwzha1OX9t0alWM4uKeNhUUpKULaQhq76L10PaLH4rWWn6fa2aaVfuttbpEyquE3AnJHzZwM574+XHFQP8AGIK7NFot2AT18wZbjGDzjvgjg/ToPLbD4I/ELUY4p5NX8iKeFJFJuRjawIBYZBzyOMjI4yGNaP8Awz74k3xi68TbQcM4DtwMjg7WUkEdAAw6k9AKzhnHG86dOOHwONhBQUY89OhBcto2+K929Hf02aNJYDgqnWm8Rj8NUm6kpS5a1eXvuV5WSVl2ers1q+274g+M+o3WmXFrFo7wGRkCOZhtiXOS6j6ZBGTjoR8oNTRfHbxLHaW9kmm2LRwwKqySzxliqqQdwJBJBIJUgH8jngte+C82gWT3dxrU1ywkjQIHcKd7bQSWIGM5zgDk8nkVpWHwFs7mO3u5dXvGM8QkMKCTjIDHDBiNqtxhRg5UZ6muSOI44liqjVKrGv7KHOnWoR5YNtq1o6N3b01tfXt3SXA9HC0pSrUvYyrTSapV589RQgpK7kpWSs03ZNbGtL8Y/ErzM7Q6PEGUqfMkVuB13MDzyO/B4PasHVPiprtytrJPNojLZ3CSwxphTncxAYhiMKc5ycZBByBz0UfwF0FShnm1OTfjrIwDYJPAOQQNp9DuyfWs7X/hL4c0WzSSCG5aR7iGNjLLvG132MMYOODkYOFIxzgVnjMPxtOhOWJbVN6yX1py0fK9Ixha999vUWDxnA/t6UcNGM5OVocuESSb0b5pze60va+urRBdfGPxBdlllu9CRym1XWIMVRl5A65Y8qSepGSOCaxP+Fr6zBEYY9ZtI8EnbDaMwySSfmzgE52naR8uABgZHq+k/B7w35sajTWkVolkYyyDkMoI4xnJP8PXHPANdLb/AAo8KROXOm2qoCFIYB8k7ge/GCfTk47VpS4f4wxMeapiqMOaK5ZSr1pv7FtrKyW9nZu99LsxqcQcGYZ3hhas2pWfLQoxV009bttpvVvSz6I+Y734q+IjLC0WrXs0YJ82OG0aIOpOMBzkDk47DIzzxTpvHS3f7yTTdUuM4MsU0pKOSoJboM8s23GSBgdBXv3ibwR4csn0iC2tIYUudVhgkHlKAYmYFkIChipOQSORnC8cV6MPhR4O2Sn+z4mJCjy41YY6AEAEYbJ6g8Y6cVz0+FuIJV60J5hQXLyOSknON2k/dU+Z7J31u9Hr16qvF3D0cPh6sMJWiqntFCNObp/BKK97klFe9e1trfM+LpddS4PmQeF13ADcznex9ASO43c4GQODxwaF1dz3LRn/AIRuLBJYELlncDhQx5LY4OT64B5z9+af8NvCMUO3+xbd3LBQrZ3EdDkZPJxyMAjgDOSK4/xR4W0Ww1zwzBbaPbx251YmSMdGVIwSjDqVGCSG478kcPG8H5tTw0qks0pvWP7uFGOrlKC1TS201u7W08ubBcbZPPGU6VPLKsVJSvN1ZXjyQc+6TvZLur9Nj40RNQkby08MAEqTt8rLAfKTvI+6e2PlwDyTwQsdjrjOxi8ORxkgAKI5CSoycYXnnHQNgjA4ziv0iHg7SIpWmj0nTIi7JIoMQJKSD5Rg/KoUcbQQf4SMZq1a+HreKdT9l06NMuVxbJkDkYBYcAdMg87mzgHFZQ4LxqjFzzPlbtzKFBRavytXlbTyaWifmjolx3lz+DLZt30TqSa0cWtH5apvX8Wfm0ul+K1aGOTRWja6crbRm2dWkIBysYJAbHpjHJ6ZON+LwZ48mjDpoEm3PJMDgE5JG7rnPHTIHUcHJ+99f0qzl1bwfHstyft1wQUjRd2FYFCVHJAOcjBPTAyMeq6V4PgvIppDGI4w4ATIKnnjIxgAg7eCD7huK3wHBdTEVsVTlmNaoqFaFNuKSbvThOUnvypueiW3fSw8dxzSw2Hwc45fSTxVGVRRbk7ONWUFqrJJqN27bu3kvzEi+GXj+7Uu+nW8AbIZmXJXPH3Tzgfe4yADyDwRyev+Eta0LUP7P1aS3kuvLjmUhdyPC3BQnue3Q5PAr9Zb/wAN2OmTLGkKMCsmdxZhtxgkcDp1wSeOADmvGbzwz4W1f4m3el61YpdWc/hxPK2qqtFcSMqI8TEZVgSAOMdB3AOmacEUcLhacqeKryqTr06f72d43kk2rJO10reTb7a82T8dVsXiqtKWGp06dOhKpNQTU/c5Phcr3dm7q3R62R8IeFL7X/COry6t4S1SXRNSgQNLCdoiuQpJZMMMPG2MquegzkbsV9zfDH9rDT9dnt/C/wAQIYrG7ubYafJqDriwvmkURst0jYEUmCcEtzx2HPmnxY/Zh8R+G4bjW/D4m1jTJI1mCRH/AE3ToyS22eNM71AI+YYACnHv8w31mLB7VtWtRMwDwSMmUnVkBDZXAZXQgEEbcEHB5xXhYDMc14brSoUakoUue1XCVZc2HrxcknZaJSabvazd9t0e7jstyniWnDEVqMZVYxXscZRXLiKOqajzK10r83LLs2tbH6AfEH9l3w14gEPij4dT21lf3bzSS6ZG6Pp+pRyHfmKRHIjk5ypDYVyOMgCvK/DXxS8W/CK+sfA/xA067l0m0v5XtYp1IubOFvlM1nLgLcqDjgHIBJ4BIHknw5+NXxA+F01pLbXFx4i8J/afOGnXMjSyWkO4BhE77zE0eRwcqxHHBzX3lZeJvg5+0bZaML57SS4SUx6hZXWy21bTbiVDgwSNtdsPyjqSDt+6FxX0eEWXZpV/tDKMSsiz2nKM3hKyjHD4qXu3UdFGSlJr4bSV7tXPExEsxyqn9SzShLOsnfLFYqnd4jD07Rs5NWlGUUlZSk+ZKylujp/BmoaN4r0WLUfDl9a31tJeO88UbJ9qhBO4QzwZD5GcH5RtIOSpPHU32kWwhucgSxyW9zC6bS3ymF8LtBBZQc5A+YHnkEE/Fvjr4OfEf4F+KI/EPw01C+1nw8/mXxltd00lvECHMOo2SlkuIVTIMiAFRkjkk17N8Mv2htC8YqukeJDD4e8RuskEZum8vT9Qn2MuEkcA2sjtgCJwTkgZ5Ffb5fxnXwjnl/EOGnluNlDlp15K+DxDtZSp1NV7yem6vb3nax8xmPC0cVGGN4exSx2GjUhKrQi7Ymik4ycZ007y5FpdWa0bXVfRngyC3fwb4ejt1G6GylgKuvOI5XyE/iJAI6ADPGcDnyb4/fDHw54zvvDcGsWZF1PZtbwanGSk9ruUKh91XjIwcjOME4PsHgHaPD+kJdf6NJ588YXfmOT967K0ci7laNgQQQxBXBzyWOf8UEiN34akEvmvAXDBTkkg9AM46Dbx0AzznLfaxhg85yfCYSrCljMPXoUY1oNRnFpQi/h15ZK17v4WtLWZ8fUq47J8xxmLo1auExVCrX9m05Rlo/svTmvfW+m977v8yvHXwF8X/D2dtTsEm1XTrON5bTWbIbpolUnAu7Ycqqjg4I6MfWvG7ZbfXZpdQvsaNrCxi3FzsP2PUZMkkXCsq+W8nO4EDktxwAP2KeVGs41dFnjuYXWeGRfMRiRyrqwYENnBHPTkZ4r55179nnRPia/i59J8vQ9V07yp7K3gXbZ3cjgkRyxqQEd2AO9RgEA5wCG/K+JvC54N+2yRqtTqym/7PrOzTUFJujUdtbK0Y6O7Suz7/hfxLWNj7DOYulOlCH+3017sueUYRdanblWslKXK31dtz5E8DfFrx38HHubayuHfRro5fRrkiTSb9WAMgt5guEZgTg9QT+Fe46reaL8dbOw1zRpltPFmlWbINB1CUBpEIVmjs5WIEiLklFAyTwBkceB+LPh98RvAUeoWXiXQ5xptkjCKKeM3Fk6tkI1rdYIEj8MEJAAwCc8jnfDawjT7a80jULnTdUgZpxa3czQtHMnMbWVyGXjOAsZ3AkEEDIr5DBZtmGVRllOMp1MTgpvkq5fiU4VKDi1FSoSltKO0baaWcT7HFZPl2YzhmuDlTwuMivaU8fhuWdGvdRtDEwjeNSMlpJWUoq7Uu/8ATj/wQO0w6N4s/aB04Wkmnynw1ZefBIpXbMszbgQeSSwJUjqDxheK/c+9DB34ziRwc84IYnPABwBk4xxjGcnNfhL/AMEEPFGueIPF/wAbJfENssOoxeFbJJbhRlrpBKds8uODKRwWOck5yQef3fv8GSXOW3STHGBtI3t7ge+DnPzHOa+opujOop0oyhTeHoxhGolGSilHli0rpu3ZtNap6mFKFSOGUa7gqjrTdT2cnKDleLvGT1ab1Wml9drvFfaeQcA/MMZK9cMRwMk55x1PXvUAUqCAdwJGAOu0ZzgEYySPmDcA8jOMC1jKjO3kMoBIGDk9PXoe3Hyk85AhxtQZ5GOc4w2Wy21geo756/8Ajw9SlyqNnK7W+3RxtZWTb1butNmclWPvp3V9PNLbR263/Pey0Y3AB3cZBHfg9Rx656HIBJ5LCoWODz25x93PAbd23ZA4IIJyMDBqdhtIUHnCsAo4AIz8xyMBRg9SPfjmMqGwxKhsfMepIyeTjGFIz79SB2rZPqm+muvS239aW12MUuZvX8LdtdNPPffyGZzh8Akc7eAQOQB+ZzkjgDpkilCEkkYHQYJycBc8AnI6diN3JOTxT2wOhJ5Az2wg9BwMYJ5zk9s08EEjjaSSWBO4nAO0DA4HI+Y8E4znkmuZ22au9Wt3qrLr1s1a1r7Cas3ra2q1+fpdrtrdeSagOSORtB+bOVPIwAAB0GcZ65zjGdxp8THg4K9e44PXv1IHAGcn69BgrMRwQcZ2AdVILcM3qrccA9TgEUh6JsIY/PuU5BAzz14Gc7cH6cZFF09JK+m1tbR5XrboltfR7eQ4q13b1XXW2tlvfz07snaXcvbIC4bkjg8deCB/DjkH1qN5N7fLhQQRg985ycA8Yweo5PPaodoKgZzk9SASGBPHYeowcfhyQgxvGWOQmWIIY4xwcqcDg5JHK4OAOaIta3fyto7Nb3fX7na700FJyTV1q3prbV2037b/AGttyB2Un+L+H/dG3OB6gc46+nA60wn7vXJfcCT83Hr079Pqfl5BNhlHTcpGFC5BAJYn07HJyBxnoTyRC0fbIOCSCe3BJxk46HA6nnC+g2Si9W1du97J9tttF6dNN7Gcryb0a08m9bL77J3/AMnYhzwQCQcgHBzgAHH88gdBnHTmombO455yBwSOxHsD0zyRg5xkHFShMBlLDlcrkfKCD368EkY69OR8oNI0bEhT0YZYkcHAXaCeRk8kEdjgcHA05owt1vb8dW38lppp1au2Ty2Vk7S0fktbW00euj3+W5EwVwCuFBJUtnK4HIx9W3EgkjjHtUZDAE8Z28uOFOAcjgYOduRyTxyrE09l27v4eAAV6hiCDx2J68KccAkU11G05cZYnBK9hklQAQABjqenOMjgS5ydtNHy/O9ra79u1k1roYSbleL3unq9JL3V1Wjs1bV3svmzDYCsoYKN2Bwo38k5OQTwNpJJPGBwKhcgHLggnJ+8TwMYB46fUcDPGeSrEgHLZxllyxHY4yRxjI6ngjGOeDCwGGBbnAw4AyD1I4OM8nGMZPHBziowW7tq1tfVab+XfRPrczdPTvZJtcydtNVZdVqn10vpu0zkkbsnlSwO7AONoxkE4Ofw4+rOR1Xg5GBknjnGTknjPBHB69cl4QkcgY3AqWwpHHQn5gfm4yRjBPUrTSh3DIPKn+E4DDOAfUsOF9e3FbRdrOL1WmltE7RTtfX7lqk7vUykuWzSfn37b7L12WvyZyE+VgQPmCgYHptJz1AOTnBPUDjlQMsCCVUYypGCcgAnjjgAj36kfMRSjBB2ncpwCAv3eRkY6579jn8aRsgBVcqdp3ZGTgHAOfvBuB0I9TT2UktLpXva19HfdL5a3/KGk2rrZp66+j2uvVdyyoUYDEbsqCzYJK9OgA5wOAQevp0V2PRvXILDKnJAGPXnlc85IIxjiI7wHA5wB77jxwAQCCcg57c8gAgAQsD0bcoLMcggY6Bd3IGcHrz3zyMbKOrsu1ldapa97X+WvS5rFKyst0k+zVlrfr/wH3Y9iGZssGKsq5JGCo7D0A6HkH6YxVdi5cBQAPmHTI9AT0ORnoeAwxnAGJljJYDIIOWJAwBx64J2+nOQB34wCNSw+fH38EZ4+nrxx7Hp3FXCSVm1zLRtXW3bT01XfS11pM+dKOjVnprorWTaavrp/wAHtGGBJ4BPCsx5wDjPUDgjJzxxxxzSYwNpxgsMH7oAUEDGASzfTaAM444pGUR/NyevIO3LD8wOMjI6c96UDcI/mHYgMvIzyQOgyRknGOedp4ALa77/AIf59yFKzXut7O6atuno9L6X6etnu0kEBeQBgFuSu49Tz/F24PIJ6cimhsdACxGFJJGByCMYJyeo5x9RjEpTjJzlujcDp3OfQ46jrnIHIqMrgnL4Yk4YD5QOAeoYknI9R1GABkawaatJWS26XXeye2+umvmiKsOZq7Ur6727dFZ2Tf53ViJ2DEjGCuAScsozxnPYD0H54wBTaPAHGfmbHzH+E5Bxzk85z1GTnPU3DgHIGR82Rg8sM9MZOWAzjIHPHQgM4Iw2AQc57Z4JHGDk5Ofu4GPUVtGUYxSVnulZbarq9100ta1tjktKLtyvmb7O/S+q8raPy2ZUVGYHcORhlwMDngscZy3AAxnJ4x94VIsYUbCCykrk9B8oPzYxknPXkehHOasDG5gDlWzjCqQBwAQTjjrwMckgk/xLsR9oLcrn5mySMdV6Aenb064rNyTd076pPbVvl23t1v3be1jqheMEuVRlKLTbaS6XSTdtfi1Wl9bdKzYwAOBgchvlA6DHAGOce/U47MXaCduCo3YOehx0IJ5zyM9x68VaKK65BAABGOM8cgEcAZIDHkjJ54FQNFjDBiAB97Jx0OTkZyCpxnHc9ccnZrys7a2fl00tr01+bnBWUuyTm7p3acdrNXs31tot7WIyMgHIGeM8gD0OR64PQjnjPNV9pLHG1f4jnBJJJB7E9iM5GeMdABbCZ6N90ZIYc9ucYAxgc8nt6jMZCjAJOM4JxxgjlcHGQM8A8884ANXSaU1a2rim3rd3Xa+t/wAdUtjCa0Vrcr2120Wiva/VdeqTa1IUVRgFAM5J+YkbyMHORgkjAxyMA8LwKm6g8r02k8ZyB26D2Iz3HBNAG7hSARgsCPmIIIIJPbHT6kDocuC8MCxOwgIOAu4HIBznJAwTxgnOM4Aq5WunppZK1tvdbdktLv0vra/XJK7vvZK12lp7u11Z6p6u62671m2tjAOCVG0HLAA4575OAfpnrxlQQCxKkEDaQeGDE4Az1w3JyB0yfrK6KeWIJLbQNp2gg8nHABx06An68NZAqhQQGDLzyRg8cjsAO+CeuOeuid0ndK2mzTvp2T267+t7Xqy0v3S3ve7V36Wtsr99rkJbDnHynC4B4OcDO3jPPrx0yAecyKedwUY2tjHU5+8d2c+vfj6nl5QDPzLkE84HIPTcVwD6diORn0UDacDhsfdBwNuPugdO+eSMAHPXh7tX95va19dla+3RLTt3uyWkrarpfXvbbfpZ6aNjR98kEFSMAnjoCCMsMg8EHsMd+Kixk4HqxyQTyQT1A9yOOpyOcjFgKoGdykg8gHBx68cEEnPH8PcAHKdPmHHITOR0ORjB4xkEhRnnqDzhLl1WzstNVd+7ZJdb3V9/RK15UWlZLT1Tu1Z9Ffqvya2KoziPIOVwwBJxjkfgRgbegIyM85pThgCzAnndz25AxjAOCMEZ4+hAM+0A4yCAxyQpyVwTgHruXHOByTjO0ZpoGQSWGCMgFRzgkhiQMl+gIwfcCs42k42a6romm2lZe6/O/fz6bKVtGop8q3dnHRXXn56PpfV3GBQRtBOC20j5sjnOPwxnaD8ox0PAcQDtIKqNuRg5wRkf3uc+o9MAEENTwMkAHI6Nkn72fnJPQnk5xgZOADjJNiZA4VSnbkDbjJyTyDkcfj6Y0tZLW+19U21aL6O1k2t3d6WvdN58qbSbbTae992rt7W/8Bu9dHqRYU4zwNhI3c5OSAOMHjPDdCSDjnIGxtPQY24XOMjIyeTxnjpxyPweYxxhRxkHBPAHGCMgFScBccHOcimEBicnGBxkfkAcdMggnBxnDdABSlpql00Tenz20uluuzYnG7T0e2ja8ltd9N7rR7O1rROuc4Iycgg9TjoQeeM8D8eccFoBI2gYLZySScY6qDkLtbJyDuGM4XPWcDcQAxyASxznOewGMgZ6gH2+bqVRAUz84CgkL0xnIGOvy9+mP+BcBbPfTrpe6TirN62Vn00bXVbq7aaT63dm+nKt/nraz162aGBcqrEYA+YYJI3Yx93r2wWx1IB4+agIqlQGVhjsBtBP3s9TxnjHJ9OBixsxgDBJXaR7dwcgYAJwOcHgZGThflYBg2ck/KcqfTOSOMjdxz0zS5rWVm0tLat201bS0S2V+quldk9k9Hprve9u3VO2rvrbQqMiE84xwQFOB04wMcj279MVF5bABVb5eRxzx125Pp1655H4XCuGJ4wRjbjjJJ456n3PJ9ycUMgUEgDHHCtyeBk/qM4xgZyBTU2tGu26v9lK+/Rdb76IJJatK71VrtPdeT069tFpqimA2DvXkHOQeAqnAzx3PcZAPHengsFbuB/tED5gTtOB0AByQcHvkirHlhg2NueueR8ue2QPlU+vp7cxGHOdxBG3JHAxjoDntxnBwcd+atzjb56K3V9bWVl3a0tvtpkoNyvZbWT5lrte7fbltvoldvoNTbwPmAGeDwSzDI+bI4yep/E44p2MADjHAJA4HOSDxgkHkZYZ75NP8rB5bO1QOB1J6en6dPc07Yq7ctxtJ49eeDxgDpzjPX8c5Seknd7OTTdnblT6Jq3R2vv00ejulqtktdL62ulbaz2bvsvK1YDk7h1JI+ij8ucDB6D9KcBgHkHgMQCOmT1+mM57HHfFTFMEDOCG3ZAyPmDYXOCCG6dc9QOuKG5PJAXODuU5HGeT1xkevOBj1LTaWibSS02le8Ve69Xvbt0ds5RaezWrXXdKL27Pqnbpom2lU2jgjCrwAORkNgnkD8wME57ZOE2hc9AeB6nA7Ee4/hxx/Ky4HChsgk4IAwB6cDJYHkEELggYGDURXaSN24gZwBznrjHY4OD+grVT5rN6N7bO+mmq/Xaz6IUY6O6069m0ltdb2Sdu7e+5Ay8ZB6cE985IyPck9evQfRy7ScEE4IGGIAGBuJ9jhSNv/wBapQu4BtwAJ6Y4Hy5AJ9c8ck8j24dsVOcjGN2B659MZ5/wx6mXFJ3dk7WenRW91/luu3vIbSavrZ9rXatr3fpprp6OI5PQEKN2RnIOTwfwPZu/OR2TaWbr8xATOQQR17ZxkYIAPQggcGp1QEEZ5K8P1AIByMdCe2SeT34zQF5DBiDtYDHOSvKkA8g4yCM8gdgpynJq6jbm0bcrrS8d9Nd7W89NVyrKcFFXvpeN9dtY97RavfbdW1CMHncA3bJPcYyCP84OR/CKmUEAtySQzBemFwB69AeM88579I124bJHOec4IIIyM4HoQc47fKelPRQTjcSDyMgnAOTk5OSpGAcjAyAeMmhTsrN66aWs7Oz2V7dOrV1ZvTRR6LR9E72a7Xaa6L0Se2yBsHBBCkEZBxkkjn+EjORjPOTk4wSaac5JyM8bznkbegPHv3+nUcS7doXB74BwMAdun1AX6dfQ8vOTnOCOGBGRnn19fz6etOM7673aenmo9Ld91rpF72sapdlsuny0fokvVN9NoCB94cHA9W3HIwN2MAZA5/ShASC3BwcAHnOec5BPOc56jK9uAbYhPYDkZHXABORnHTGCOO2KUW+1QcjG0/L/ABYLY7dz0wSDggHnNacyas73TW+vZ6d2uZbtpa2aYnF3vFJWtfo1bl/VaWXXVXu3CBnAx/ESevI+oIXjkDg/TNWBuBGASQpBY4YAHjPfAx16jrT1ibAJcYAyOh57Y6YzxuzjGOmRUqxhR8x5IIPXKnORkd/U4PHU5xispWvdO1t76N/D3081fTRvte0nro7O3W3p6ptduurtqo06tuAKgBcd8EjJxx3IIAIGBg54xOBndyTk5IBB6DO0njPBHORt/OhY9pHJb7pJ6KMHk84B5PAweNvrUwUMXwSBtU9SCSSOo29wCBx0OOmai6Vt2t73Ss3bbXV/8B2ve20YXVpXTV7XdrX5Vt009b/eiBmLHd04B2nI5B7dsYAzySTj0pAcsdpwNpIY8bjkkhc9vc4zxUhXI4B+Y9ByAOmGOBgcf8C6cc0KvAAC7sMNxwTjHBAHQ44GeQfXvlKcWl7zu3aXMnps9Evk9X5Lqk4x5dNXy9H1bcbrrfZL1WqvcYFJG1ANpb5jzliQvC47ggHoQevHewELE9wT8q56AD2x6HJ6LzxiljAYKMHC/dJXnJPU457jBPT27TBQ2ctjdhuQBnsQeTwQB8x4AOBgVzS8rWvbbeyXldper6djVatd/PR3dld3et/VWWm9ho3EYDBOQxHXJGFADDvgYOB0ztGDVhcAkEH5VGMns/BwONuP9rPIA7k03YA20tjcQRzgKNo5J5AXkEcZJzjBq1HEBtZWDE7ic8kEFgMj+IHgA4xk4Bxg1PMkk3ptZ6tpJba9dL9G3fvY1jGa1Tsk9m92nHqk7bPXfm30JQxY44wME9MEcAc5PPvnjnjqBc3AerEEkDkHGOMf7vfJIOM9esKRE5wQThjzzzgA9eS2CDk8j7xOBmrCxgnryArMvIJ64A4yMnOT074I4MyrN/5pLZcttdbXfTS3TstoRd7Sve/Mm5a7ptKyWmmydt91oNjyQOmCS7c9SCBwCM5J5B7YOc8E2lAGCcDGGU5wRlcke2AcjJPX16m0L90DBIGAc4G35s4wQAeSFOc8DnNSrHhgN/3jzjqwH94A+hGCAMgYPpWNSryq97aaPa3V9dNeui+9X6YUk3q/iaVuytFOz6b7tavbqCIygj7y9APugZ5JGfw7e9aESgOAuCoGMAnr6ndznjABHI981HEm8YOGOD1xx6DgZ3fd6EDDHrV2NTkBmB4A6YBJUZUnHJ5O7IGQDng8csqiavfbp5PVv8L6vS9u52Qp8ukbtNJJ9LLld99L3Wllb77SRKVBJ+XnGSNrFc/LlRjgH149fStGJQFBIA5z1A3Z6cDnH49uvJNQBVVsAgc8YXI2nOVI5PJI6ZGTjPcXYwrDIIX58ZOcknPUDnHHAGBnjoM1yuVmmnr028n2vr6rY7Kbd7Ndkle+unXWy1b02s76pt2IU2k7uAQOMbTyOpzkjBzxyR05Bwb8MRfoNqlTkb+Dt5J4xzg8egB9ciOOHcCzNnAAAbP3s85JHGOoBUDke1ak02k6Jpep+I/Eep2+heHdCsZdQ1nV72RY7WztYU3yNJI2A8rqCsUSjczsAo4weXEYilRpzqVZKEIJtyk9LJRatqnfZJrfr5+jhqE684U4Jyk5RSSeqV1suiTsnbqtfLD1/WfDXgrw7qvjfxjqtvonhrQrd7vUNSuCqgrEpYWlrk7pru4bEcUUe52ZsBeDj8fPiD8SNf8A2uviFoWt6tZnQ/hf4N1G9b4c+DpEKSvIrZk8TasrFXN1ebEkijPKKQcZbDdd8TPiZ4h/a0+IulxWUN1pHwN8L30x8J+HZg8H/CW3FuXH/CVa1GNolt5CGksbeUFQoGcEZOJoN14Z8AnxB4g8RanbaToelXF39p1G4ZIreGLcFSGBcjzJnI8uKCNGLMVULyS351icU81xntHf6vh9aUWlec0kue1t7LT+kfoOCy+nleHai3LEVopSlFtcqag3FW2s2+b8D5b/AOCkNgtn+yNqtq481rzxhoivI5wqgtJ5YxjkgKOCdowBggZr8CbG0nlt4DtS2jhiSNbiTABUKACoJ5KAck5wAMZ4x+vn/BQL4m+JviT8FtTvoLBNB+HsHi7RIvDemXo8rXvECZcDWry3PzWlk4y9vE+WZe3KmvyHU3FxHDGGYRQxoCV+VCcD5VHQkcjoTxxyOPreG5yUMVOEWlKUIpLa6UU31Sdn5K+1tLfmHHM1HFYaPOl+7vKTltdxdlZrXbb7TfYytciskt9RgjVrq4ksnDznOxSF3Ns4IGSTyvGcD0Nfvb+x1d22m/sofDdYViNwJJmMGQWJ3H5i2T82M8AgYyvGa/BPxAq21ldkkR77WTHA3OwQkA8Hkj8fcc1+/H7B/hmTxF+zR8O5HQx2ytcSOxBJYKWYrnqAeQOnUAt92tMXUqVc6oKt7zjhasFdJ8seem3vfs+vocuW2lk1aNN3UsVTbd9XZNJtX3SemvbXc9tuZ9d1eWxFk0n7uKZpvKXcqhVYkd8uVG3dz/EcZ3AfmX8ToZ7iDxUhjKmPULkSAjl2MkgYMQMBsjsM+1ft3pWiWlhBDbWsSKVivZ3ITBYCJuSDnA/LJByRxX4ofHDUba3tvEc28QRSa9egugAEoWeQEAjBK5IA69MAdh4PE9eMaNOEIJRjCfN0V7Q2ta1uvd3Wuh9Zwth5OvUnKV3L2d2ru/K4tK+q0utdktFoeD/B21KfCf4/SySRW7P4fnj2sAEYIzkqxyFLEY4A6ggAjIr8bvG2sQzeIr9kaPbHHDDEB93hF3hTk5ywJz/QYP7BeB4LaX4G/HS6aabK2UIPoRPMQVwOTlTkkcjPccD8Q9SiW51a9k83MaTyoAeG+RioGD3Chc+nPB61+LVk3iKnuK942mldq6W66P3rNu6Xzuv2OU+TC4eN1qtbvyS0elvwt10dxkbl2IYKXYnaVBGOSCoX5VJYZwDgH25xq2UEiwTs0TFSVUyclVGfukgEZYnOevT2Ig0W3jluUSbcYvNTc7YUBcjKZyeoySSM88Ed/RtTvNOi0KHStPhELC93yu38akYADH+LIA25xgjsCR2YPCzxDvUUlGMZe8lZK/LZPa3mkr2vvueRjMYqFO0ZJzdkknb3dHLrqtb+mmtjK8L6YZbhnVDhpfLjGCAdwAOQD16Z55x6nj9lf+Ca3wra9+IesePJ4Ha08LacLKwlICpLrN2WAi3k/wDLvEwmc9AqEkLzX5T+D9NYahp0CjeJpUd0UEu0krBIYwBk5dzhR13EA9wf1z8dfEyb9kT9m/Qvht4aCQfGr4qWU2pyxQg/bfD2k6lEUGo3mMtFdS2knk26HDbSrjBAatswxEMsw9KCalJyd4NLtFvl1ta3Xa1vK8ZZRqY6u6sk6UIWXMk1dvl0Wzd+19Ulp27j9u/9qweMryL9mP4bait1pVrIf+FmeIbZ1kgub1D5s+m20g3IYYACkrK5G7KnOefDP2f/AITeGFSb4z/EmL+zfhT8M4g2g20+Iv7f1q0BeKG0BKmcvOi8pkDABBHTxP4EfB2/8V3M02oXjWtgiLrHj/xZeOQlhpqkXF3A9zKzFr28AZTli+9mIBqf9qT9ovTvG+naf8Pvh+y6b8PPCJXT9A0u1O1L2WACGXVr9FA8yWdkMilyeSOQAM/m+NxOJzbGOkm3BJ+1qNaUqa5bRjpZTkvdSWyvLpr+i4Wlh8sw7xFRP2so/uaeznJJWnLRuy+K99GrLqeFftU/HzXfjr48vNcv3aHSbVza+HdJH+q03So22QL/AAlndFUsThg3QkDn48nJuZnChZCSwQ84VcHJx24z1I6dzXQ63M4m8hJGknkIedgDkuxOEznOd3G05wDj7vXFuIzbQpaxZM8zq07gZMSH/lmAVzuJyAB8xOM+le7h6NKhThSpRjThTiopLZaLma03Vm27Ntu7PBxNSpXqSqTm5zlJc2rdtIppX2Sb2bta2yVkCItClhb5K5SS5lAB+9khO+CD8vUFc88ZFfpd+wv+yHpnxGv5fin8VCfD3wY8Ck6nr2tXv+jxatLbfvYdPtXk2+a5KhQqEkscYHIPiH7Iv7OepfHjxpeWeoyDw54E8IQR69458V3/AO4sNK0S2ZZ5oWmfarXd4kbRwxK275+/Ir7O/aF/aAg8fpoPwL+COm3Gk/Cbw3c2+k6Doeko4uvGepqy2y6leJAA9w11MAUD7t24Egnmsas516n1Sje0tKtRL4FfVJJ/E1e38t76tHVQo0sNBY2vFStb2NJ7ymmlGWtnypvyu9bJOy6T9pL46+Jv2q/HPg34QfCfQr3/AIV/4cu7Xwx8LfBNjDJNcandGRLVdZuY0VmVrkgSndhIo/mYg8V/Qn+xj+w/4Y/Yq+FfiTXNd8nVvj74z8IXEni/Uw4e18KWtxahxoGn4yBKiOFu5cgM6jKjrXl3/BN79hzTf2TfBlp8bfi9pNre/Hzxtpe/wjod9Cso+HuiXkamK7aKRSItVmjdWDFQ8WWwV6n9EtflnufB/ja8upXllfw9fXMkzud0jyqcyEsSxOSCcHnPUV7ODwlHDwkqdrRi12d203K7ve/WT1bvqlc8rFV6+KqKU5NSlUg5rW1rxSjZrRLVrWzXXovgHT5Yo9ImEDebJJciSRzj5TLM5JyMnLc85H3uvc/Qfg+ExxQ+Wuzzokfc2AS5Cngn5cAAHHUj2PHgGhacJ7XS0tYy0FyIZJn25BWKRi74z0yRnjpjGcmvqfw/b7jBEkaj5VVGUc7Qo4AxnaBkkEnGCQAK8KSUZpp+82k9L3berulppbXT3lbTW3uqDai0tkn9lq94p6/NLTrZeZx/7RUDv8C/Hyhiol063jdwwwQ1zDwx7HI+8OoBIbNeU/En4m+C/g58J7PxP4t1OOxtIPDelRxWjMpvNYuksk8uxsYc7pTKxCl0UgdSM13v7Y/jXwt8PP2dfGd74l1CO0+22sMGl2LOgvNZvY5VljsrKHJkfe64aQAKMn0yf5u/iX8Xfiz+1f8AEXwv4Y0nS7jXfFN7DZaN4K8E6aZJdM8MaekUds2par5WY0kSJTJPLMPl28MDivPxNN168F7rhFLzTey2vrp62tquno4aoqeHkne7qNxtq7OME2n8raXb1Vrmd8Yfid8T/wBrH4r6JpehaDc614guLj+zPh34MtImmj0DTpZAi6jqDJnyX8thLNNKwCBcAE8V+6H7GP7HHgD9iXwXq3xC8Z39rffFLxFZi98b+Jp5FW30vzEMjaRpA3YkkQkRbgGZ2GAvSpP2Uv2WfAf7Hfgu88Q+JdQsdW+Jmo2q3fjjx3dxxP8A2eHjEj6BoJkD+XFCxMO2EAyODtwOK9C1TVG8d3Nv8QfiFBPH4F0+dn+H3w8cvHd+KtTUkWus63HkO9qzhZkikBRUOWY8Gu7DqNFTUYxcoK9So0uWCXK2r2tfvbrotHrE6ftHTlPm3XJT+1KT5bdWl31e192jxz4iXOpfHr42fD/UPElvND4D8LaZf6x4Z8MTMRqGpySFha6lfpgPDbXLruZGwWTDY5Ary79qv9uHwZ+zNo40+Ge28UfFGW0e28P+FtPkSSHRA8bJFNfOhYW1vbgqCjcuEZQBnJ+bv2tf22bH4Parr+h/DC4svFPx18YRDT9Y1axK3GlfD/TWUxW+lWQiUx/a7cMqiGIDY6YbIxXyl+zX+xX4y+MXiqP4n/GaW/vIdTuf7VnXV3k/tDVnZjOXuDLn7PYjLFY8hDGduMHJ8DHZjClScptU6DlJwppe/WbcUklpKz2u/Nu57mEwNevV9jhYupUtF1KjdqWHhpfVpe87vRNt9eiML4I/A742/tmfFK5+NfxGhutUvLy5I0l7qF4rKyiMhZGgDAA2tshxGTuDsvqQB+ofx9+J/wCzz/wTy+AyaDp2qaf4m+Pnia4S6uNDtZ4nupWVAYptYlRmFrp1q+1ktmGZCCMgE5+f/wBqf9v3wD+yj4Yn+EPwBXSdV+IYsW0+91ewETaZ4VTy/KMcbR5SS7iOSUBYo685xX81fxH+Ivib4h+IdQ8T+K9av/EGu6ndy3GoalqFw880ksrlmRDI5EcK5IVIyqhcfLwBXHl2AxGYS9viI8lCVlSp2UW43XKkrKyas+Zu7smtLX2zPM8LlNJ4TCNVcQ/4s+ZNubUeZzkr2u/sJvom9Dtvi78ZPE3xX8Z6v4x8R3ovtW1O7luGdI1EFrG7NttrQdViiXagIODtAxgAnxmSUzSO7kEkBlwQWJ56kc5J5weeQBVUYZUkVid2SSAcBjggNz83y/3hgdMmtrS9Kub922Dy4l5knIAXb6AEYLbcEdMZGOMivsadCOHpxpwjGMYqPLFaKNkrN9N1bTVa2vofBV8RUxNR1Ks3OUpKTbd7bW30ja2i8ns2Z1pp81/IUgj35/1j4ICDPJPBwABzk8jkeh7LT9Bit1ijhw0pkUSzPkJkkceh69OfwPA6LSNHa4li0zS4HeWSVYi0aO8s0shwkahFLSSStwqjJz1xkgfv1+wJ/wAEopvFB0H4zftL2j+HPhnpi/2x/wAIzqbCzn1S0jiE63urGUp9nsQo8zy2+aVcgY31TcacG23e17LdtKOqj52as189kFGg5tJJrbmb6Xt5XbstFbtrY+EP2IP+Cb/xe/a88XwSWWl3eg/CxpVi1jx/c27/AGN1icGbTdKDKFubtkBXC8JnfuABr+iDx/8AGf8AZ0/4JofCe1+DXwZgsta+IFjaAT2VtdLNIupLDsfU/EV6hZFlE37wWgOVxsLjivjz4kf8FKvD/wACfgbf/s6/sxWkWi/2V4v8X2t745jgjigg0i71Gdra38PIgLFxARGtyHZwuNp5zXyF+zX+xf8AGj9sfxG3jbxreat4O+FU1817rHjLWjP/AGx4pLSGSaLSorgrNMZ8kG5yETcSo4FOhCdZ8rh8SVkld6qLTk93Z79ktNLN9NSMaCkuZWWknzWTjdNOT06rSN1ttZnl72f7Rf8AwUH+M081nBe+L9VubtW1DWJkaLw74ctC+N1zdYEUcFpGcRRh2aXbg43MK/oJ/ZP/AGLfhx+yjoxn0ll8UfErWbVB4o8YzggB2jBk07S4sgRWcTfKD/GFDKc4Fe9fCn4U/Dr4G+C7TwD8MNAtfDmi2sUYurtIk/tTW7lQAbnUrwDzZZJTuYqzbcHG3ByPRI33yFhhFQ4IAbk7cY7nJJ7AjBIwCSV+nwOWwwyU7XlZKOm13G6S1t1T0Wl7X6+FjMYq1oU27JpS11aVtGvsqz2Vlbe72+b/AI3wRS/GL9mKUxjfFrOsBGIIK5SXcwy3UtyQMZ9iAD9PooQCRiG5YLyQw+YgAAt0z37nPJ6n5Z+N90v/AAt79mQCRfk13WoyN2edkgxyfrz7ZJGK+q0TfHECdoVWYA855yWVhjcR2JPAx2IFGFanisW2lGPtIcqst0opvZ6Ja21WvnZmLfs8Jgkk7qF0r2abcde/XTrr10ahUM0nQDjAyOQCCSx5J3cdB744FORSsiRgDnJbuDyenHOR1HX0ODVpY2kcBc5ZcFjwG4zkN64PI4PvginqrK6kRqAFKkk8K3PGemG5wODxxyRj0akoqDSaaWuq66O8vnZN33/Djppt3V0nbeNua7TWqdrOyu07vW6SWtK6TAjYZbcrgkEc4I+9yMDGeMjknHXj8A/+Crixp+0h8OQyqzjwJHIrNxtDKRxx6DIOCcduOP6BtUudN0fTrzVNXvLXS9N023mubvVL6VILOGNFLszzOQpIGcIBuzheQCR/LT/wUq/ad+HPxD+PmmeIfBU8uvab4Z8LR6Ct4xEMV5exllme3yRm3Vh8jjHBGMhuFwrmuHo8U4OtOSjToNylNL4dErPreWqte+t9tTg42ynFYzg/MMPQhzVcRS5KcZO13LlutWuz1fTr0PBoVwpkV0BdudgySckH054wxPA55qxcXdrbxo15cQwIvOZZUQKFGfXIJ5HQ/WvjLVPjV4v1iV7TQrZoWYsscNhbtPKu7GQ0gUAFeh7DjkkHMFp4G+K/jCUTai1zp9u2CJdTuXjcA8bliU87sggHnHHfNf0FHiqri37PK8BisTLSPPGnyw2S1lbVadX00P5Ph4eSwKjWz7N8Dl1K15U/axnVasr2jzJNrZ73tbW1z6M174r+ENGkdJrxL6dSSY7UhzleAuQBxkYxg4JbkGvI9Q/aB1aed4PDelLG5OElCm4mbLEEFFUlcDHfgjC54rc8P/s/aNDIlz4h1W61SU4DwQAxxq2ADls8jO7OQSc4OOle16H4R8M6AqjStGsraRQStzJEskxUHgsXBDMQRn0IGOTxcct4lzGd8RVp5bSdrKC9pVSbj2dk7LW8lbtdGdXM/D/Io8mHo4nO8Qtff/d4fmTUU2mkrLT7Lule7vY+Y5I/jX49VRPJe2tnMQN10VtoNmcgBSu7Cgnk8DGAa57xp8Ibzw94fOuazrK3dwl1BCLWNSY1WVwHG8Bdx5PHG4jj3+3ZS29duXRdp2qMIH/ukDAxj7pwB06dK8Z+OgMfg8AlVV9TtPlXGB86MwJ9R6Y2gDqeRRmPCGAw+XYjE4vEYnF4iFNyjKtUtBSdleMY2st7qTdr7LQvJvETMcfnOX5dgcJhMtwc6qjOFCmnNwS2dSV+iduVJ6b2ZseDPAXhfSdI025tNKj8+WzgnaZ8FhLKqsxU5GAzHJxkHt9016KziOIFVUYQRhP7uOAARk44+nJ9c07RdPd9F0dYwUU6VZsRu4bEafeX1POMcAnJJHI35dKVY1HyruUEj52ZsZznJ4JGABzg8kH5s/oOVUsJhMDh6eHhClB0aKtCMV73LC7dlv0vJvfS9mz8iz/HY/H5pjqmJqVq7hia0L1ZylaKqL3U5X0S2st+i6c8iFRlQqnAHIJJJPJB53HBPqQBnPczLb7kZQAjkjHHJBI+YAgFSRwQQOAcg81sLbKxRAqlyOHJOMZPzKBxxkBQT756YmWydpE2uu4BmbJyQAM7iCAeO/HBzjnNdzdNRu5JXutLJa23dtOm+mln0Z4i9tUqRhCM5J2tGPM25Xi15W7JX9NdcGSABQGUEZ4wcFmDcEDk7icZzjA+mKbHGQ65RSrDJXoCScYPQ5UEkdc4PBHFdCml3ly6m1tLi7CsyuyptjUKCc73KDGOpJA7ngDDtUg0Pw7HHd+JfE+h6CNhk+zz3iSXO0Z3BYkLHeMAAZ5IHXdXzeYcQZTgIt4nMMPBQkvddSMpJK10oRTd+ll+l19llXBvE2buCweU4qom48s5U6kYJPe0pOKSst09bJW6GKIZJHJQFRHuDM2ACCeBwTyMnGCef0etrLcs6IjTlV+dY8vI2Ody4UgEjp36+1eda7+0D8KPDr3EGnpqni6cFhG5P2Kx8wDkbmDF1DY7AEDrkEV5BqX7Q3xL8UzvZ+CfD0eh29wpiRtMsnnu2XlFMlzsIywAAYAHLcc4I/P828UMow6lDBwqYqbt76ShBvRa6Xa67I/UeHvAbiDFTVXNK1LA0pNOcIt1KrTcdLRXL3V09LtXaPT/AIj6VOmseCbiU21rFa6mLm4ub6aNDZ28RDO7IxztAGCDgFiBXSeJPjv8OdDkNw+sJqV2v7sJpkZlEmF2fOBwA33cg/0r5Wtfhb8WvG3iVNJ1dr5dRvLNtQma+uX3rbM4UtsGEjUvwQAPvYUd6+k/Cv7FtsptrvxJq4JUK8lpBGRgHA27xjJJzlhyelfmNfjnNXPHPBxhhv7QqQnVnJczjyQjTXLa1/dvdvZ217fvOB8McioYfK6GMlWxP9l0pU6Nn7NS55KcnJrXfRJNLl23aPO9R/al1JwIfCfhVELEmK4vf3haRv8Alp5JGeODg4ycggDisKHxP+0T49V1s2v7K1mO4/ZLf7PCQT95mYHAA6d89FBzX3v4b/Z28C+Hnt5rPRYZ2jY/vbxRLJxjLAN8pUdcsuBkjgYr0108H+FoGXU7rS7G1Ztpeae3t4ItvVDGGBY5yCDxhvz+ZxOZ5liVJ4jMK1SLabUbRjpyraybeuz3fzv9rhMlyfCOLw2XUYTiko1JwU5+7a2srvR3sr21eh+cuifsx+NPExS+8T61LJ8oa4jLGaQu2dyhgF74yTkZ5ANfQPhn9lPwzo8cM93aTXREeP33EkjNgZSPg7cc4ySQD8uOR3/i79qr4GeCEuYF1+HU5IXKC00eNJmLjJIMqYOAQcHDZP6fKHjX/goXO0stv4L8LxxxqGWC91OQsQozhjF94AE5IBI9eleV7WlSetS11rf4nrG7bs36d1d+R68YTkrKHLF2vzaK10tlZJa6Kz6q6dj7n0f4ZeHPDNtDHpuj21nuGPOc7SJDzlix2nnjJC9z2yKfiLxX4J8IWLLrviPRrGNW3SxyXUW6Rgd25UV2JI5G35RwcYGAfxv8bftW/GDxjIy3PiefTIHLZg0wm2jVTxgsvbbgcAtgclsivAdU8Sarq0hl1DUrzUJss8j3VxLMX3E5OHYqDnBPB+YNx8xrGeYcy91Xeyk+iXLayfazfXS10zRYZOzbsuyvdONle8o6p3fknbfU/Xzxp+2P8LvDQkTQ0l8Q3kQCW4gjKwZUcjzSeRzySBx04PHyz8Q/24PG/ii0vdO02wtNKsLi1e1RUIkmgQoASCeC5BHGAAdwOcCvgyS7JGJDyR8oJC7c9Ao9z3GcdPpnTXsYjcBhu2lRgZBPGff0yefyFefXxFSrG0pKzjpon1SutttF22TZrCnTjaTSurNSl71tU1ppHR9bPo3ex6XefFDxNdRrENSmiQgiZ02kylmyWYFcl+SuAfQkgk54i61e4uZXllneR5cl9wB+YAAcAdweQBxwcHFcgLqQBSADywJzkgHt0zx3J57duJIzdSnCIzHGGCg4IznkkAZ/MDj1xXHCn7yUIzT2do27bLW3zd3f0N3XaTvNpOzauklrFX6WS132vdXd2bDXHy/OwK5BPHPBJ4z1AGc8cnK+pqjLdAbcMmCQqjGME8jP3jkngDjn0INaNh4d1bUHCxQuSzHa2wuzZAI2IgzklcDcCSSc4GRXsHhj4BeOPEWxrLQr6aKUqvnSQtDApOOSz44GRu4+UbsLwK9XB5LmePajQwtere1rQlK+1nb8Vc8nHZ5l2Xw9pjMbRoxikrzqxT2UXq2l2aW7vbpZfP8AJLI7BQmOcZC7jzkEAngZHf1Ix1NTwaXe3LHy7WQjPygRnr04BJzx+J4J5r9CfDP7HN+qRz+JNa03S0AV2t7ZRczPljlGYABWwAvrjpg9PoXwz8Bvhb4XAeXTpteuo2Db75v9HcqATtjzweDj0HH0+3y3wyzzF2nXSw8HZyc3aVnytJR+J9LbLZ3ufA5n4scM4HnjRrvF1L/DRV09I6czSi7vS93vezsflDovw08V6zcRQafpF3cvIQFWK2d8BscnaNq/d5+bnOcmve/C/wCyr8RdXCPd2EOmwjktenY4XdgkJychTlucdFyCcH9NrK90XR0W20jRdK023VXBSCCMuB2yyqGB5HO4A9zyTVWfxDcyyMFOEYbVCfKD0JJJGWPXIOMgZBr7vK/CnL6LjLHYmrWb5W6cXyJ6R672a2u11te5+aZ143YuanTyvCUqLf8Ay8qp1GkrXfKrJN737rVaJHzV4a/ZH8LaKLWfxFrkuoSYVntbOPyI42Y5YbhkdSFDbVwpOPvDGJ8avAnhDwlD4Ai8PaUls0vieBJrl2LTzRiRcK7g84PIzgDnr0r6ke8vbgmRX8uLcF3Fhk4XqmOTkgLgD72F4XFfO/xys7yWX4fxus05m8TQFAu4lAGXJPHpzkkgY5ya+pzPhzI8oyitLC4elGtCWHUZySlO8q9NOzl1V+lrt31W/wA3kHGfEPEHEOEo4zGVquGccTUdKneNFP6tVaTjG0bqXLpK/S3Q97giiW2ijOxNqxlhg7HDIMJ2HYAkEcgE7akkmhidDiPcVAGSc7SDwpz8pBOG9cgjuKy7y4sdKt45NX1iz0+NVQbp7mLIjVADnncHx245OO/Hl+tfGv4baCzrHfS63MmU8q2XdGX5x8/AwzZDE4UcnuAfoaueZPgqUPbYujCUYxUoupFyVow0sm3f+ZWtd79T4aHC/EmY4mrHC5ZiKilXm1UcJxg1zXTU5WjZpWve3oesyzsX220ZJDLkBd2DwRg4BweMnnGcc4GJd06hvtBS2QZLSSuqxgEjIG/BwoHDEE8YBAr5B1/9prU5pHi8N6Rb6ergoskg+0XG3oCEUEqTkdAORycDNcBJefGf4huFt7fXLqF9w3BZYLYI56Y+UlPmAxuAwenLV8zieOsHKbpZdhMVjar0TpU2ot+7yq9m2tUvOys0fYYLwqzT2ca+dY/B5XRVnOM63PVtZN3SapprVK8nr5H2nrfjzwX4fizqOtWMkkQPlxROsjllI4IRjnhcADaCTjJAw3jmu/tMadpm9fDmleexzm4uD5anOTkIQcjdnAwRlhkcYPAaN+zT411YpL4i1e10qAlCwWQ3My5xkbCQQ3IGQ5AJ4JB59i0H9nXwNpBD6j9s1u4jABaVzHA5GMBUPYjAx838xXB7LjPPJw9lhI4Ck07TrNKUeblu+V3ndp7Jfjv7NOl4Z8Kwl7fHVM1rq3PSpS5qcpLV3UOWFm9ryeuvXXw/U/2g/il4jJtdNu5LKJ2G2HTLd2b5hjAYK3QY98889KybbwP8XvG7Ce7ttTlhlOTdal+5i2ngHDAEZJP8OMAhT6/dWl+GvDuiLGmkaHpunABQ3l28bybcEZJYMzevcDr8xrfSZpQYiSqMxGAQsRAychY9qgc8DBHtk4PfhvDnE4iSqZvm2IrN2vSopwitVdc0nLfVX5VbQ87EeMOWZfB0uHsgwuGhy2VWs487XKkpOEEr6Wes3s7nyPof7Lks6rP4o19Ic7S1rZR+YxGACgfdxgZ3EAjPGQeuHF4F8LeDPjNpvh2xtHuNOTThcyrdfvGe4KDbITuXgHDKMjCnI5BNfagEoyrKEVAB05+U8AnHvx+IIBAJ+T/ETt/wv6Aupk/4lXAyTj5cAHHdTjHryMkAirzvhPJ8lpZdUw9C9aWY4SEqlVynJxc1zOXNpbRaKK6M24W49zziernNPGYprD0spxdSGHpRVOnGfJGKklFX91P3W5NrX0PfLeS2tl2W1rEEO7hCcbRlcY5H3doJ4JzzxzVppVjG1IYyARgKcnjhsjP0z1Jz15WsuzBkYMVBTLgIxwyjLHJwBgDHAHzYOSORWmGCtkKWXG1h27AKSB9eTzyOoNffYeEFCEorZJLSPVR6vu9lv+B+S4qtVlOftJO/NJ+mq2d7u7s1ZO+/m40dXBdgqkkkdx5ajJCgADoeg79mGTRGCw3cZwqgDGWJbhiQDwc46kfQk1OipiRhGBjI4JJzgk8joRnnBGRnHI5SJA52lsEgrkj5eMEDr+gI6gnBrsW1u9t/v16auzvfdHm15O8NW7NS1vdK0e669rK3fZlG4UCVlwqPkLnGSduSBngj0IyvHIyBgWIoZGRyqBSpABY4AByTjpnByBgA+meDTrlAkhVTgMBwAOWJ++OSTjtnoMY4HFq3AaJxydrKQwJz2/hyOucc4BICj5cZrmsr9emurfu6fZT/ABdvxIOTbi7K7u9I3eq3fl1W17JLctKQI5ANmQq/OTjPY54xkduMA9KrlzlcfJsGVGQdxbPzDp0OSCeuQeGGRLHuZpEYcZPysOxHByOQMjjnBIqo6sXUcg7SrHPyjHIznPfnGOmTnHWvd6u7tql1V9NfW3XZDqKT5Gk/db+K/wDdad018/Nl4zjyo1BUbmIIHQlSG3cYAPJ+mc9+fmf4wyo/jzwIVOHV32uOu7zQVAPpgj8ARjnn6IKsAikHAV8noCB/ECTyM+mTzx6181/Fcl/H3gRCByWIGCTgyjpxjJGeg5zjsRXyvFDh9SpLe+NwV/liKT003e63726H23A8ZSzaq5RaUMtzB33d/qtRPTpdPXq7+p9d6I/+jWqsybnVJC5IJJVACOoB2txxjtxxzuO4d1TYGyxJbJy3LYIByOc5GQABxjpjndA3taWicKBggkbtxIByT1APABwcZP0PRSTQrIjshBjyJHVxgnIAHuzAgHkHA5HQH6OO0NGnyq190mo6Neel9/VLb5eMpfvd0lN2vZ7yWjuut/0Wq0Z8ykKpDqxbftAGRztDAAcE5weeemO1tpFVVATaGTYUB+bp39e3GMcccHFV45zJIyxoNofdsb5SARwSfzA9R14Y4kby2YMhCsCQFLFi53fwkbck5A2k5HAGCM1S5tN1qm7310Tvby3ukrWWje6cvder6Jpp2Xw9L2ad2tEu6Xd8CliFABDODkjlSMZXHUkjr0GABxnNbCSohJYCTnau3gdASACSCfXOSPUnFZ0TRAsZXVGCkqMhRkdcg5JOAQFA4yQAauC+gVVbEf7oKUOfmZm4OR97JI75HbnFDhflVk1dteT91aXWt7K+/fTW9U6kI05RcoxdrK712TvZJ2tpd30vb1uKI9jZYAv80fDfIOSygcDJGBknPTscVl3j7pIwqxsoDLuLYJB4GPUA4YgjkgdqLrVIQGMbA7Q3QhjnnH3VGMEcHBBPY4w3PSXElzk5OVACZOGB56Dgl+Ocg4AGcnNOMYpbxi77Kytaz7LTffS7SvqZc8pOMYJyaSSUW0nrF6L89OzerNMtGWbcY1lUhY2BIBY/ecDPBxkdeeuQWIqopTdKCqsgP3hwdxwSyjAGSeCOMdhg5qs0XyK7S4diwdnYIqE4wSW4LKcduOvGazb7xX4S0VTHqeuWcboMyxI6yyyEdSEXOMc4HfJ9K5cRmOFwUPa169KnyX96U43WkXZJtvZpqyfyO3DZPmmYVFDB4SvWb0ShCcnfSybWlm+unXZb+WeIfBeoaTeH7XaXHhjWRyZ7VXFhdMM7TcQABHQcg7SMYySTnPjvxM17WYPDtzour6ev74wMmsWTbrScR527lU/u5DkfKT1BB9B+uPjXwvpXiG2e1v4Fm4YLIyjzEY90l5IIz9OCuMA4/On9of4fzeFPD97Pb3PnaXLdW6BHUNJFIWOwqTnIGOcAAHnHSvzfiPIKuAwuKrUG40lSk5cr93laScZR2s7OzirrS71Z+g8FcY4TN8fgcPiYQWInWpxgqnvNzvG3s6vxbq9pXVrWadj5w8GySxJpRkXaq32nOjAgMV8wEFiOm7GOckck5wa/TDMT28kkbhv9HtyUc4G5okAODnDlhwcDn6ivzd8K2DSf2WIZMyS3tvGCx/dhlJdMrwSCw5PUY+XHNfYOi/Ey1Lyab4phfQLxSttBO43adfiMCNClwvyozBQx3YYE4GCcDy+CcbRo/WIVpKLmqNpydo6R6u1o32V7evf6PxJy/E4tYOthqftnTdXnhCzmovktOMU+Zxi9+VNq6suqufEJYZvDupxsqb1064MgZQS42ttIPQFT83904xtPQfnzoGyObUFT5SsbjH8JAds/4joc5PIwa/QvxpLa3PhrUnJRlawnxKjLIjqY2wVaMbSuTjnHy9euK/PTw+2bvUAuMGObgY7OwGPUqMdRnjH15OOXT+u4Bx5XenN3i18LSe8d7pafodnhjTqRy/HqreLjWpe7JNO3K+jWiW21/Sx99fDP4rXXhfw54e0rxNoznQhZr/Z+u2AMggjZ/mF5EBn5CSdx2jHXsD9IW+oaL4q06W50a9ttTsnVZVkidWKlcELIud6MDwcqCuMHpXiXw5020v8AwB4a82CKQPpzI6OisGAc/eByMAgnHQ4Hbpzuv+E7/wANTtrXg2/uNDvN2+S2hLf2fdEZYxz25JTY44wMMVPPOWH12WY3GYTLMM/95w88PSvB+7Vpx5I35ZfDNLpGVrL7V2fDZ9gMrzDO8VBN4LFxxNVe1i3PD1WqiTdWK9+Em0k5R5ldv3VufL3xgsltvivqy7AMTWhIxwM7eDkf3gCScduBkg/YP7OLI3gvVlKsAviFssvRf3RY4PQgbsnPbt90H4o8aa1qHiD4iXFzrNjHZao6WzT28L7oGaAIGmj7qkoG8gkkE9QMCvt/9m+N/wDhFddt9oYHW1lXAGVVohh++cAj2PUHHJ+M4aqqXFFSabSlVrt3Vmru/LJbpvZt2s9NUfofFVCcOCo0pOE5QwmDTaalG8XBXT2km07P5tXsn9EEXEAa4tyWRwVHynBUDOcnrnjoMcFu2B+e37YUm/xfojAFH/sgeYpJPIcAbu+flGT7DBPSv0SeISWa28bkMpJyThgVJBIz+WeTznAwBX52ftfQiLxXoZDl92k4ycYB81SQeB1PBPJPbgkj7njiqv7ArK94+0oSs3rG046Lq7X9L276/lvhrFriijt/ArJ3Vl8Kbv3tbTbodx+zUFl8TWUZ6HQCTtGcncvZs4JAPTnHXoGH1v4i8GWV4rXVtmO4IBKBQFkYr8ysBjqxyx4GABgHBPyR+zbII/E9gCFBbw8MbfvDDDkY55IPB45wBk192GVfLTOGYMpPYknheSeQOMdzwMdaOB6FDF8Pv2kbyWIqrmtqtIdb9Lra225r4k4yvguKISo1JRX1WjdXdnedlpom23baytZaH53ftG6PJY6PaQ3VuyyRStKDIoJVVGA8ch+YKeAQD0OeijHnvw8TU4l8KXujWaXt9bXDTW1qxx55VS5hPHJYHA4zyO+cfQ37XASfRbOUkKzRTQrjkgjLHIA9AOvHzY9QPGvgpcqlx4Mcsd0VzkkffHDDjGdxwRnGcjPGM5+F4gwsIcROjTlytKhaStf44JSstNO6dnvrqfqPCuO5+FY4ipCM3+/bi7qMlyJSvrpdpq6317afU2hfGnR9SA0XW7eTwzr8buJ9M1FfJjdwNv7mSQAEscbRyPwxXEfGXWon8KaikWBK2nSs0TPnKswJZACQydcFc4B+71Fe2+KdA8A+N9PNt4gsLcXK7ha6zbxiG8hkPTdIgWQEN/fOcrwRzXx/8WfC3ifwBos8Et1B4m8LXkLW1rqLOGvtODgGOFwXJ2SAAZPv0yQPdzStjcFg5wxDWLw7pcscRTVqkbpKKqRu0rN6yWltXy3ufP5TSyvMMfSnhlLBYhVqcpUJu9OajKLfsais72u+WcU7JJOR5r8LWklk0BmVVL61AvTkYlAZlAPRu+T1wSDzn9OtW8PWOu6e1leRRTJK2VDxhhGxjTBzw4IxuVwcqT14OPzJ+FStv8MMylWOtRABieAHXO7O3IyBz1/XP6oRyr9miYhfMZxtKkbXBjGNpHBGAeOxGOxJXB/LOGIVT3lKNNtS+0mk7JaW1b7rdrTUvjiM1Vws4Tl7kqrjNJpxacErPfV/Lrs7nw38ZbHxr4C8Jatp1rqTar4M1K+giudPvmaabTpNxMUllI+51RcHHJ2jIJ4GPJPhQxfxDbTpyj2kkatjbu2KoI5btnOfU4xxX1N+0kLb/hXesmdiWXUbEjHIUZ5yDkg8jPGeSBjv8t/CIo3iHT4YjiBZWClwcqjooY4OSemSPuj2BrxuJo/V8zVOLfs3Cm4Q5r8nvNWSd2ovotlb1PouEW6+Vc9RU1V5qsZ1FFRc7KKU5qKXvb3dtbLrqfX194ft9U0m1S5iiaOSFRNkASBsny8HqMYJGTjrwBXyx8UohCl3ZxIVWyjhjYFslQrHDKcn2y30HLdfadQ+JN74cv8AVPDmux29xZpKEsr6MhWi3fNClwAMlRnqCBg9QRmvnPxrdTahJq88zgiYpIvlEtEyZBT5+jEjb0HBO08HJ6swxWDr4GEaaSrOnFSi3aV401Zed7de+jPIynA5hhc8qyxDcsK6sp0pJq0ua2qauk97qyvdpO1m7fwgkii8beGmmJ2/afuNjaUCg5GMA5yc55zycHBbn/jJ4TfSPGWr6jbZk03UNRmuIZ4SxWGRmy8MnXDqxODwD6AKa3vhHbiTxt4XiLA5ulI34IIO3AORgA4xjp1HfA6H4pwXmkeMdTtZ4QdLutRdxBKQ0L7gMsjNkLw2eDjnmvmaOFjXwtWLvBU6qkmtbNqmn5JXTT7Xvpc+/wAViJ0MRRcZL95DlVN7zScZOzWnNp1sm+a+p88Wl6ZWjjmZyglCh3GCeQNrEKuFJPBIySOT94j6a+DFpF/wkWrKzkhfD14Acjb80DEDPqAcZIz7kk14Pq2lW8SJd2fyQPdACJuSjFgdinuM9Scj0HAFfQ3wViL+JdTRl+WTw5dKF6DiBgOc8Z6ngc8ZBGTngOaljKcJvacXGXf3UuZ77pO/R7vXQeMlGtgak4a+57yaaaacU4t3tdX1d3tpZM+drq7W0ub5XkMi/bLgA/fC/v3HKj1GM88jn5ea2UmjvLYIFRgltIcYyynbgAZB7+uPb0rktS+0WWr6ojIrxG9uisTEFiPPcADIG4Dtz1J6cGtqxuY/LlEMYjLW5zESoYHb17EjucHnnNCxL55xlZ3k4pvprdb7vz7ehsqHNRg6aUbQg2lv9lpXvv0tp100R9F/A+XyNH8XgxIRJpSlxLh14JBwH9AOedwx6EEctrdhb3l4s1sqJK0YJVAPKY4HKkDGRzx34yPS58K3kTwv4xIDCRdFdlwQf4yOozntgfXgDAryjR9evRqQtXZ5IeACWO9CATkAjO0Z5DHBHbJ57ZzjyYeLlaM4Nxe6dmla1u+uve6OCNKbqVnF+9GcG42+J8kNL9Wna93v5Oxoaok1vbxxMSsiXO4qFAGAevGMkjjgHJ98V7R4ivJ0+F3hZLZGlknllVHVCxQqzggjjtx06DjkEjzTXZLWTT3LMvmK6SxtvBbaeCcKMjJPPoO23k/QttaW198GfDO1Fa+jvLhlfI3GMFjlc9SBjKnvjkgEjSi7RqQc03KhGMNdZNyXTa91dLp2tq+atKXNQk6bsq6lK7S+zZ3abaV7bvfW+mvzboOpCzuhdr5tu6yBJYzuUSkj53AOQCQTxjIGACcYr3P4POkni64mX5w8hJ3dAGViCc8KBnnAOD1zjNea3Gj288TLMoDCQhJ0BGD2JIxx6g969S+ESNZ+KZIyA6rZsFcDG4ruG4+pwDz9eORXC/awhacm0nFptLR6O+nRWvtbW190fR5RUpVMRHki4vls07u7fLbXmej6XVnumj+tj/ghlZw2tr8fZVbLS6VphIGBhdoG3rg9c8AcdTjp+5lyzgAZbDoPu5wOeQeMngAbsjIGBknNfg7/AMEML2eR/jraMVAOh2MhQZJCgxjIwR8oHXA5/Hn92bhmLA7sIEAyDgE8ZGcE4JII445XnBx+Ucayg81p8v8A0D029t+vnd26PZeZ+qcNw/2etFqzVaVkt9oWa073bW3SS01kibHI4JHK9wcDk5wNvfpxu9M1ZMm0RncCVyWAOMBuenQED0wNw4HOKy0kdMEA475GCMDCgnjHb1OD+T2kyGByFABAOSSxwcdvfA4GBjPSvkoy10TdlbSzta3z76bXt6n0Di0pW0305d3336fiuq1LzTvgFcHBZgM/w9iCM5AH09DirENzlRuyrZ43Hgc8kjC/eyO3Yg9BnDMjcr8wYfKAT2Oc59xx0xgD1NSRSMu0sSSVzzxnaSARuJ4PtjtnoRT5mu72t1utN/00W6bV2ZwqNtJJa2eu/TztvbZJ7ao6P7T1YvjLBAwxjjgsML97twSOT65Fjzt+STuVhkHIG0foT7j068E1zH2vgAkAHO32JJySPbHQ8cnIINTi5JOAeFwM57f4ZB3c/lxU80ru+3multNtNb9rXt0Wu6qXSTeq1utb3s+73X+e50YkLKTvI+QZ3DLHr2PT05HTOaeJVXGc/KMt2yM8FueAPXv26YrBF2QGOSckAE8DHc89Rj/x0ZHUESLc8kE7m3DI5wTgDAxzjB75AJz3qtJa2Tdk/K11s3ouvfrr0LVpLf073TVtOz/R9VY6WOYEc4yRyDgk55Ck9CBzjAOOtTK3zAnksFHy84A/Mjv7K3HHSsOGdCpHOc4wWwCOwOemCPu9eDwRnOlHLn5AM7SvGMZBPzY4+mfQ9fShSd++iV79LxS6X0v1XV2tsNqS1203vqtl+v8AwC6/z5UEgZDfjnjJ5Oc9Tk9QCcE1GcjjJ5wfUcgDPBGD0JUHOfTmk8xSD1BBKnjoePbnBJ6ZJPGBSFwDncW3EHjAzt54ODgg+468gDiqT2W36bd7W3slbXR6CUG2rW8r2u7pO76pJX83pfraQHYWHVipAY9PT8R6jjJ9iAZ4pH3AHrt4wCO+eoz16ZOePTIIqswJbOMkgqSSR02/TJ9+eh9aFYqcHhk5yB12jOBnrjq3oMdcnBd3tbtr81fpppffUbhZbt2679I3tdPbr35vu2FctkgYxyQf4iB6E5Iz169sHHIUOcghMHAyBggDOAMDjLDjA559cVRjkYgMQCRncR1UZJyWH8JGeQM4znBwKsRyDAdgoHIIJOTzleQueCOBg9fQ8CbaXe3nbu09HbS2+vawRVtGui7q7ut/X8303LSk7uTl+R8wHOAOAMYH8JweRjOfR3nEFd+AACOD3+o69MZ44xzzxErcHcvK5AJOD82f4cdcdh1z070oRflAQkjPoACCWLZPAY8EnPTJODnM2j203b12snpd/ld62dt21G/fvb7t32s1trrtprbWXcE+YDlgfo3zAdAOOgJ56gVLGxJG3nAJwTzhj0xx04yRgfd4HeihUkp0J2tuI4IBwQeBt9+BuY54HJvIwAGST05BIxngDAPC8Djk5APToaJK9k7pLbune2jSunp01BpLvfrt+H4/ehdoABLYA4LZ5ycjjGR35x1GCSCDiVEU4UscZGMcHjkMc7uD3AHOD0AOU3byVOAPXAGDjoQMZJGcYBxn1qRfmPGMgD73PPYgdR7Bs44wDg5mUtLJfJt7aW6bdevbYFd6aenkrb2t523a3tew8HAbDDlvXPfGT7nHfjJ9TkP27uFbapPDAcc5xjnGWYe/cdSDURwpJGBkAgjBwSB35ByPTOTjI4zU0fACtkqCWyTwWb3HfJ9sgHmldK9t2k1a11tfR7NXWjtpffrpyx7fj16aX/rzE2gZOSTx7k546+2fYeoyKkVHzyc/3RyR2yMcDPUkDuRyKaD3IXbknrhcHuepzjJC+ucjtUjPsOATznJAOdx+97kjIDH5ug42g0KTl8S+61/8vv8A+HailsreiX69rKy27jkiOAozg4z36ZxjGO/AHUZ9sVYVSAOCeQ2eABg5x93nkY3HqByAesETlguASowc578jOcZAI5Oc547VbAzjJ+8MHkA7RnjpjaD65J7nj5W32+9tX3Tu29LK34MGr76p3vfS2q7K736XffoG7aQWIJGemOT0xjpxzx14IwTjMgPIGTzjt1IHVcHHA/MnjnNRL8x5HGSc9yF6MSuTgdjUvA6NkgDOQoI9e4GOMjpu/LGKV3Za3WqfVe623dWs7X/G/RK0W+ja00VtHtru1Zej7bH4wf8ABeqMSf8ABP8AvDgkj4n+F8Hjn/S8E4zgeuM5PPHINfxe2WhvNqsMUbOvm2xYqxGxiQC3O7BHYggNg4AOSp/tM/4Luwmf9gO7DSmNf+FoeF92Fwdwu+cfwqCehIySRnjp/GxD4bV5kaLUbwPsLq6nGFYAFARzgHOAQOoHev2Xw5w862VYlcqko4uTS5kmualTtZK3Rvrsj8y8TMWsHLKpSnKLq4Oolypv4aiitE1q5Nu7329O1sfDOhQwxPPawC4RFYM8q4LKTkhSSF79QMjr1wPPYItJXX/EKrLZxwrdoq25kUDoMncMkkZ68jK42gCnXmiukieZNeuFU5Yyt0OQCMHBJ4J64JDZAJrgbPw80t9rDBC227G3e7ls7eSxDHcTg8A5r794DmnSi/ZxvJptRd7KK0210v2e273/AC3D5neliardWXJTikneN/eh7zu99b3SSt9y92sh4bju4WubuxWEJnZ5oZjnjGR972xnOO5BFai6h4Vs5p3a8gRXRjGkUhZSpBO1zjLEFmIwwGMjPYcHo3hl3lgeeKMRhQQXXPCqDjpznkgDGc7vQV6FB4e0tlSQ29uWRX+9GDkqDnGQRjkHjpnqMHHr0MC4JLngraqXKk3aydtNrN2u07K/m/MqZ63F8sJX5u6XZX0unolfok21ro/IPirPZ3NpcTaZKWibw8oyCVLf6TyVBz8ucDgHk5HBzXYfstQwL4R8V+dM8Yk1mxDPn5WxEuQW5xtxkD15xgV5p8dJNSsYpotNt49o8PpsOzYqJ9oYFgBwDkdew5IOOOZ+Dlt43fwvdTaZrkGlQXlyv2mFRuEsqgASMDkE56kY5+U9Du+SzzL8RmklhaMW6l4y52ly2hOLtbz6Lpomlqe5kGZ0stqPMa9lDk5ORNq0px6NdestH126+r/taG1b4eyCGYzKNYRQwI2kfKwGcAjGOucEc88Vzn7IM0TeENTiklaEJrL/ADjChQITgliMDgYHUnOB0483+OEPiWLwfKura6dRt1vUUWoi2RrJlSX3YB55IYfKcjI5rG+Bek6tf+F7iSy8RXelWzagwkgtvlVmK43M38Rw2RkeuATmvMp5TivrccJNXrex1W9k2rXT1a09b6pnpTzrB1KTx0ZWoOvG7Sk27OKtaylrsm1oux6D+2F5FzqXw8kgmM4j0/UEZw3HEzHOQQBkZ7g9MFsZP0h+yjJpUHwS023vdUjsvO1HVGkWSeGNiN7FVIYqwDFj1Ttwehr4b+Omjz6fDoD3OsXupSbLlFmuXJMIyx2xDOACRg8gDPvz1fwr8HWGo+D9OvJ9U1SLzjMTFFdSpCMHkhUbaMgZbjAI55wW8zMOEcVmtL+yPa+ynCpDESqRWloyTso6X+OK16q/U78s4wwuUYl5q6XtKdWnOjGLcrrn5Vrqnqlrf00Oh/a++x3Gu+FGsrmO5SLTrpGkjuI5D8r4wWThVY4K/Ln5h3NerfATxT4d0n4WaFaX+u2dtOlxcObZ59siFpkIMijgKQD0GGwfU18Y/HfTLLQtQ0iG1nuZI5beeR2nnkmZyG45cnCk4GB14GMnB+hfhnpGgN4F0OeTRoJbia0MkssmcsWPBJBAOSTuIByeucis6vC88Tl8chqVbfVvZSlW5Vzz5HdeW8ttdEnp11wvF9PB46WfUaCf1mMoxot2S5rJttvZ9rt2e5x37VfiDR9X+K66lp1/b3Vs+g6cpuIW3IXigCtGGyN205zgZHp2r6m8D/GnwBongjwzptzqt219HolvDNHDbSyhHRQCuRnI4J4GSDyOBj4G+PktuPGtikEEduh0u3VIYwAvylQpwAoOQTzzk54GOfrfwJplmfCmgSSafab2063cyPAjMWKqWbJGTkZAJPB7cjP1eVZE6mDw+Vus4wwEacY1G1zT5Ekr9Fe+vey6ux8nmvEbji62bOgpzx9SUnTu7U3J8zWzvfo3026t/Gnxo8QadrvxV1HVdOjunt3vbBoVlhaKeVYplblGwQGUfIuOSe3AP2Le/G7VZ9PsLPTvAWsPAsNjGDcSGBmEcaq7KSuNjEbioOMfXn49+MO6H4qypEkeDcacMKioqjzV2ggAAZxjpknPJwRX2g1xGbG3SZyGS0tdm3au0GKPO3tnJbIA6npmu3C5Nh8ZXrwxMnF4SrGMGrLm6KTdutrWbVtuunLPP8RgMPRnh6cf9ri5TUm2o3abS5Um7XdvW3p8SfEDXrm6+Kd1q8mlm1u21KxmisjIGVWVl2RyOBk7iOcnGMn3H2pH4v8AileW8ZTw/oVkjxQbN8yuNvlKFJBJIO0g44PfHNfDfxEdV+KLtHJgNf2JLMfkB8xRuJzyMYB/ToDX3zp+t6UlpCk+oWzFIY8gzKVIMHTHUEE4xwc5wcjj0cqwWHr1MdRquTp0Z8sIppKWtk3ZXa0fbuk9L+fm2Y16FLBV6NGDqYhXm5Qb5dYOyV7JXb7tO+58FaS+sR/GEOIrQ6o3iGV2EgLW/nFgdwwd22M8qQemcE9/szWJ/HDwyXVzfaXblZFGyK0kJK4PKfvCScAEnOc8Y5yvyFYXlrB8ZReSS4t112aXcAcbFPBA4JDAg8jnueePq/VfG+lXNvLAk0ksbXAK+XC5IU5756EDHy44ydvJNaZPgcLWo4xVZS/dV6qpxU3pZLlbil11Wtr9SM5zbGUqmCjSoxtVoQc37NN3dk0m9ErO9tdN32+UdAW81P4rTK19Jb3El/PI91EAHDQ9GUHIXkjbkYAxnu1fVt54NSfR9WurrXtevXGi30zK14Vi3iNidygLlWPY9sqOpr5P8KahDY/FWe7eGWWNJr/bEqkt8wG0465YAA7hgBuMGvqi98XTT6LqkcVhOiz6ReRB5DgAMjcnAA3DA5GeCpOOKyybC0a2DxzlG8o1q0U3eTTVknre7aV9tLXto2rzfHVqOLwcITVNToUHOKUEpX5E7PXTR2S0V2ltc+avgN4asNX8bS28813bbbS5dZbOZoplCySZUyrgkOOuByefTH1j45+Guh6XoGq3sf227aPSZ5opJ72WRomWNyuQW5UscnvjjFfI3wb1a/03xVcy2dn9pkFtOgQt5ed0zBiGyCB67iMEHODX0/4i8Sa9eeG9agudPt4LeXTpIpJTcCR1VgRuVerHaenQggg9qxy7L6NTBVaipQlKEqj53B814pWjeyeiTu+j001LxmbVqWJpUfa1KcKnsoxpqbim9Heyd2tXf0fqfOfwD0DSdb8a31lqVkl7ClgZFVywVX3Eq2cggHDcZAOcD0P0z8SPBGg6R4M8Q3NjpVpBKumoiuAWdN5PIYtlCcjHXg9ua+Y/gvqd5ofjHVZNOtUvbgWixbJDtXaTkv8ANuByMcHvwQK+h/GPiTxFrXhnXrLUYLOxtX0sykxnc7eUxZVDDgcgblI5HP0vB0+fLa0+SLlaonLls48tla+t7Wdt7fO5nicTbNKEZ1JRuqL5Y1Gr6qWsb69LpJ3VrNXPMP2XbCzuPEHiJJbK3nEFhB/rY1ZVJIDHLKQDgHpj5scV9BfHWO0i+HurLBa28Pz20YEcSLj5+Qrbcg/w59ARxyR8jfAfWdStNW8SfYLk2/m2sZkMSZON64HQADOFB+9kHNeofE3U9YuvCOope3d1LE0tvtSQMEBLDqeBuPTkdMnjBz35fXcMjrR9mmuWqnJNJrVNq2lnq16aa9fIzqlTqcQ0ZupKDi6H7tO3NZRa001k9ei316Gb+zZIG0fxYfKjDf2wFViqFgAhXAJB2kkDIHr8pr1b4rQSJ8NfGM+xlT7Nbkgt1DTIOg4Y5GTx/CDtxivnf4G6pe2ej+IVtbpoRJrWZSq5YssZC5OCRkfw8A9zg5r0P4halqMvw98XLc3k8sUltbEq5ypPmowJGcAYGTgDlgcnNeTKs5ZdFxik3Tersk0nqtb6Pu0tX836kadOWaNObcnUp8tujtC2mve/TpruX/2XwRomrykhEE8a8kbMBHJHJGSMYByCRnn07v46x28nhV5EeMyR2Ex2hw20s2AQASeSTgZ9cZJzXhPwAtLnUNB1Ii6uI4451UxwlgWYK4IIHLHgDr3+tdh8UdL+w+G713FzI32FwXmeQ7RvGCAScZ5HHr9a+iXtnwzGUYxjD6unK1rtKzeyt01Sfe7dj5K+H/1xnRdSarPEJKHK7O6g3qrKyunv87O439mmaxs/C2tTahd28TJqKBUmkG4gB8NtBPA46Ag8HIyq1N8dLmxu/B2oPZXQuWa/tyRGCq5CsCQSCOck4Gc4znvXBfBGzuZvDmoyQxB0bUiGcoXGBxzxzx6c+3Ix0nxQsp4/CN/5rKsYubchNmNzEgcDnqeMYBzjqevmypVpcOObqctN0JS5Ypa3lFqPM3dNve3n3SPpaeIw8OK1QjBuoq6jdtNK0YPurtu3R9F3tr/AzXdL07wvape6iIpo55Q0KKXk8vgANjncSQevQ5zWX8f9ZtNXg0qW0aeVbeG4h3SxtGu5j8u3cQDxyp+p65Neufs3eATr/gF9SgtoiI7m6jmla2WVj5fAAYrlcZyD3z0BOK8s/aP0G60SK4tp5GcWcNvKmU2ACYFgdoA6DPJ5IA4x00x6rPhbD81RcvJSagl728fi1veK10Wu3ZmeW1sLU4vxdOnSqxrQnX56knenfS7WuzS0Sd31R0/wy8XS6f4M0i1ttGupZIoNvnKB5bkkqBls5GQTuXIx93dzXFfGzWLzVdP0WW80mXToLaeWNZJHBEzSc8ZGQFJyTwcdehA+kfgV8L9T8ReAvDt/FJFFb3FkGjaX5gZOCTkdDkjacE55xwTXg/7Sdjc6PpkVncOskljrL2zsg24IO1R1IGdx4IxxgjcM0szp1Fw5T9pVk17GjaLSSteDd2tdF72jez369OS1cLLimoqdKMKiq14ud3KW6bsnZJtra2nS52XgKTxjceFtFgsNKtVtVswLeeVx+8RckuRnvnIHPUcEZx5N+0HZaxGnhdtVNt5kiXiolvhhGq8MrEZBU8dfp15H098I7C4k8D+GW3qo+xLgscsVIbnOT8p3HGeBwRwa8L/acjyPCoA2JE2oRM2CCxUAluc46nv1PGeoeZ0OTh2jNVZTbp0Gk0kvhpq1vLR67Wv1bNcpxMZ8S1oRoRgo1cQnJRalLdczcpaXtdpetjtPh3oviG88F+HGTVVhtHsSsEahcoMsBvyuT6Z5HQf3QemuPBupi608y61cyCU4UL8qrIrjGSCMgMOOR0BycYOz8JokPw98KnZ5jfYj+BGeTyMAAn8+Qa7W7Di40X5AEFyyDbk4UsGGTyec4BPUHg44ruw+EhPLKUpKUp+xptNyTW0LtLbW73te3lr4tXMHHO6sGoKPt56ezjqrx6221tfffbU6Lxhpt5pF74ZluZvtgNh5Cs5G4bYUJ2pyAWBHXjoOCcHMS+s7m3MIkP2tFBKNlZ4wGxuOR8wxncNoDZ5+8Ce58fgXOp+GYk3AqrKSBnlYVByDwSSOOmeeRyK8J+IbPoNzZ31rM0E92whaTou1XYkOgxlceoycDPIyPOVKm+aHMkvtacyu7dbO26s76a6q59LXrJUYytfmSinZPezWjV7RbiuvbyXcReHLeKa71zQ5Y7XUTGDJC6f6DqDr95J0yEWQ5yJRtO45IJ4riNVhi1ddVS+thaXs0UQutKuMM8vzFTJbEj97G3zbGUlgMntzzGm/Gvw9ZXR0XxDK1ibqQRwXaIXs5XUDLE4AG4/K3OV5HO05674h+PPA48FWuoS3Eb+IvNji0S8sJFa6h8plKGRlPMLj74cHOcL7eXiK9KlVahUiuVLng2lrdRbT7WkrPe71ulc9PB4StWpRU4S5ZJcs1q7tpad4q681dq7PiD42eHf+EU1+GxCTxWN5ax3MEb8eWchtmwkkDDA7jgrlepBx4S8pmzvWNQMBHOMsPvAEZO4DP8ORj16n2T4r+OJ/HOr2tzqilWtrVbZZyVId4wqBwFwAGAAIwMnrzkV4gVuIJhbeWpidg6liTlMtzu7LgkheMkE9AuPMr0KNSVSrGq+SWsndSd9OW93a2rei06Wtc9Skq1BKlUi+ZKysn7zvFXk9Oys91e97u5DekibaNoYIDsUY3Zx/dPIIPIJ45Prju/hpeyQ+LdNkYqqIrLsbb5b/ACnIYNxwScgnJ+UEAgGvPbm3mW9dlJ6ZRtuVG7B27j/CTlskHr7mrdrcnTp47nz1ilUMQ6EBsn+IEHg47+gyc5AryadSjTrSkqrXLJ3V9XbaztpbRNXta92rnqU4TnBRnF+8/eV7xb23tdX3e3TXSz/Uvwj4X0vVPDRlmijR7m7lkkkVFSSNXJ2hX7Lg4X0BBztziTUPAtxYwNLptxN5kaMYnLhyyKcAMnBPHfOd2QccivjHwv8AGXxloNksVrfm7tdsQ8qRN6bVUAAr1HADFicAAjnoPZ9L/aQu0iUa3oLTF4wBcWsuNgHRljIzgkcg4zjgda+swHFeCoxpUaspU1FJOTV9dNb2237XvZvQ+Vzjg3FYx1a9FRqupJSUYvVJct0k/L5t3+XpPla3BK95c27ukVvHbNcxnlMnJMgGShGCCDjHI6YNai+J5QIo2Xzlj2o2HXeRuGBg4OPu49DwSe0HgP4seAtdheG/1RNPmvLl5JI71BGpLdAjM207M47gdcADJ9Nk8N6Dr+ZNMms7i3OCLqzcPnLZUPtZccEcgckYIIOT9bl+eYWrQ9zEU5881L3ZKUnH3dOW+l3d9deq2XxuZcNYui4e0w9SCjBQb5ZK7jbbW1k7636eevB6jqlvfRWruyo6X8OYnzGdpUdeTkDI5wB0+lXLpINRLQSx27QxqEBkRXyp+VSrhd3YkHdksTzxzJrngJ4FRLeWVS1wm5nBeIYyA28D5V6bdv0HpWV/Y+v6WZEj2XCt8wUMJFbDEEKBzkEZIOf4sZbFezTr0m5ylFThOMf089b+ulunu2+er4OvSw9KnzyhKlzXbcouSbi+vzf5rcjvtChsIfO0+7uraUo5aO3mMkDhFIKvFJvKg54XPGOoBOF0QazY6ekkcVtqCTxI4jysNwhctvyST1PzHGBkfL8vAgl1ttskN7bvDIIpo1YRsD5pBDcdscc5w3BBxWpo+p2UWnWKGRDMYyoZmGUbd0wPm5OOQfT61rGFKdWKpv2adP3WtEnaKun3WyXk/K/Jh69anhqir2mvapJzSbUbR+0tXrs212L/APbtnbmNL6O5sJnyrLKpaEMev70DG0kZJ7nOfU2NEaw1Rb9s2s0Yui0W1lWRgRwRgZDEccZGeuQMmrcyJcq8kgjZdsmwMRLGSCBkA7iAQMAgg9OhJAzNC0yxuob+RY3WSG9by3hcxSKQdwVVBC+6jG4kEnjgYzp1o1qMbwqu8uVy03slrr1f/BO7BVcNUw+LkualH3OZqSknrGzS0a1u2ruy9LnUXWjpGGe3lkgctkxvlkPAOBkdG5zg9TyFIIrldItb1X1KNIopPKvpGcOTh2cDGScgfgGIHfGM6gj1i2Jkhv3mj3jbBfLkOAfuK/G1hkYJPGOmMFsXQtemgvNViurGcySXgLSWo80Rsx7qOvIY/jggYrmqJe0hGrSnG7kmnFzi3otJJOyWrXl80dGClOVKtLD1I1GlBqzanaMo20dnd3srN22Vi/PCieb51tJbMxPzxM2SR6KOCAR1HzdeaxYrcTakfInVpYoVlWfJtbpX3ALtuIjHIGDcqwZSSeuK7sa1o93mFLyIOGw0FxGYpAWz8q7upHPPJ+bnALVUTTbabViVhRkezP8AqSAVIOdzFSQwbqME4x8o614+NyjDYlxtClLmqWlJJe7drdPrpqmn20PXy/Psxws6sZVasXCk5U43e8eXRdnro9Vay9fpn4Kftv8A7XP7Oc9tJ8L/AIweMtK062MbjQ9U1G41rQZYxg+XLBcmWTy9x5COoA44XFfs38Bv+Di3x1pDWmiftIfB/SfFtqgiiufFfgmQ6ZeRxn5XuJ9LYSSXMoAZiqkZOeQeR/PD/ZLJGGhvJI12FDDKcgY5GQfQA+uRjIPGOQvLWefWZvM2wNFYRlHQEBjnaHO3tng/K23npXymb8B5fXjKUaUVUlLlSjFJ6uNndJXbvdPv0Z9nlHiDjoyjCrU92Mbv2jbTtyK1pO7ulZdtN7Jn+gX+z/8A8FOf2Jv2joLWDwj8XNJ8L6/dogHhbxsV0HUkncAGCJboqJWDsqrgjPBGB0+8lgt760t72xkttRs5kEsF5YXEV5bSxkfK4kt3kXa6jOSRwa/y/ltryGVLiIxiVSSl7aSPbXKlOVkSeIpIhBAAG5WOAfTH2d8Bf+Ch/wC13+zJfaVB4B+MOuNoQeNj4T8T3c2taDcxxMB5JW5aWdAQu3AkGMgAHaBX5vmPh9jKKnLCSclHR06i8tUpJdNL3Wt3d6H6Vl/HmBrSjHES5HJJKSd4tq1007SSSXXX0P8AQRv7bcThTnI7EMp4yPcg5G4c4+YjCmsJ4yrZjB5I+YDj5gN2G53Z9Dg556Yr8BP2f/8Ag4H8C67Fp2iftLfDG88N3sgjguvGXg/N5p7OwCPcvpcf76NM/M53cDPPGK/Z74Q/tLfs8ftC6bb6j8Hfi14W8TPOFkOhSahbWeuwBlBEc+nzSLIjAcMuSSeMg5DfB4vKMfgpSWIw1SNuqV49NbxXLbW611+8+4weaYLFxi6NaM+ZK3vL+6vh3V7t2volc9fRccZPQknLdzzgnsM7SD05H8OKlUHI7AsOBkkfeOWbP3u3K4yM8Vbe3eBtjoY3Vc7SOGz1IOTxjBDc5HOSDgRBeMDILAjpwduec4xwOpGDgcgEV5rjbf5WvvdP8Pz2e56bV4uz335buzjZ3fp1S6/O0TopVm3MPlBHOc7RyADknJ4A2jb1xiovLBK4JwwLAD5gCwGRz7de5GeTk4tZxjsTwxHIIPXOeMHPONp59DzWZgUySAue3UgdM8YGMZBH3iOD0yl5K2/lZXtrrZfrcwcXe6V3o9bp6cvWz1tZp21tfzUZTjIyCSpGMnI53dO5x0HIPXHeMg5Kk54AU8deOCe5I9MduvSpwxIUBTgZxxgtjPJ685/h5GcDG4ZJtLLkq3DcqrdmABOT2zjJHXgZxyByas9rW9Nkr/d16r1M3TmldWirq9lZJXjbdJNv1dk0upTbjOcA9M8Dr6d8d+nvTFzyT13EYHy4yc88c4JPJyCexJqwytySo+9jtknOAOemATnKjI4BPOBo8/wqCCCOO+MMSPQ5yB2OeW5BpzT89L9r3t0vtp067aq44OSabTS2blH3tLX0Ttf4r/Duku7hz1PU5x0K5P44/P2/CjAP3lGCAcNnr6nkAjAOMjt+AmKk8naCRuII5zxtyc8ccjrkDkdTSbTlcgjoCc5y2B0IyAQeowOnIBOTOjb0enXo3o7Lay2btpqlq7lOXN8Wlm7Kys09u6vpfeP+FFdioGfmB+VWzzj0HGePUgAZ6Z3Gmbiy7gcgcDOTgZwccc4GTgc/TBAlaNlztAAx0JJCjPfB4yTk9QuRg5IypXbwy55yRjIJ5564JIGRg9cnBxxpFpd3t92l0r6eTb8t7iVvPS6Wju/htb8dLJ3XoViuCxywB6c8EnjPTIx7HHfqKfgdM4yGAIz+eB34HUHGffmYDPUY74GOmMKWyMjkjGMenODTMADIHHI2jqCeOp5JI69enIGcmozTla9lbS76Ky6J767+7Z2stEP16b97aK35b/mNZGIyoTIAPPGc5Gc85wBz1Ge3ekywQkAjJGCcEAjHQdM/U5PQY4Idg+nHIJHX1G4jsOc8fXGDTthztxgE5BzhckZI7Eg8csFGcMR3quybSX82iX2U93e8ddGk1vJd5cYLlcV+lnpazTXa219V20gxgEHnq3AGDg5IJ6dcYPcZz0OXDlcEcNgEKCOnOSOBjI5z/vcdKcQc4J5OTzjjGPTp7dSOwPAK8kEDPI54zyOc/UDJOe3X1pK1vLS3W23m+q1tp37jik9e+l7W02S2ty/nFaebeM8DqcnnJxjA6kdMYA9KYwxkDktgD7oyepBJIHYkHt26gVIByDySFbp6nBz15P8AeHPHfJJC4B4IwcgA5Pp3GM46n6cdM4W26utOis7WVn/kui62slyp8vLvfTfV+61a72dmtJfNLRVGVicsuN3XC4ByRjA+uecfX1qs24swYHthiCPpwT1xk5HBAz04GiysCTyVBLYIA4IO0Y9+2O5HXOKrspBBB4bcD7EZwCfmJY8c5OMgDHNWnT6pJu2yeidremjv/La3VaJyl1+KVrPSyfu3ta/Xe7v71mndWgK9MLtLBhn1x149cHkdevQjFIF7HOOeuNvfvjueV57VYCBeQDnkjBySSeh+Yc8kHcemMjvSGM9Rhdx5xk+u4YzwOucjPTntVxlFWs2uXa6v2v310vfv9xKcr20fldK+i1T7W17Wv1uQBRxg8gEewPTJ7eo5xz74oK7hz2wCMHkd8kYHPHXHTpk4MuznkYAbj1PGM5zwvX68EY4ybG+cA5DeuMdRxnpgZIBJ9CPa3OC3lHr1tdK3p/m9b6ocZNNqys1qla1nypKWi10admtNEn0iIxkEk/LkkcKpyvIGMnPbkkFuDxmk+YYxknpkA45HPC5Pb8ATzjNWQpGSckEDByATg9wOgyM4zj6ZBZoX7x5UkNgZ4GSDk8dcjPTr1x2V23old216pu10332bumrbJWuUpK1/SV9mr2f4rTVPyINpODzyDkDBHQgAcenQ8kAYyRShOATg5wCG5PA6cDAAIHXnkc96mCYYliQcnkY5HHOB1zj6dM0jBQd23JAHGOOmAM8cKM45Hce1XFxSV+uttHpdbLS2ml7avVu+oXUktdNF0TurdNNdPK+vqQFF56cjAHTGe4A79B26n14ieNh7juTyPmyD0AwTzweeSfereACp5BbDZHJJ5GMYAxzgHnuOlNYHOSQGIAAAG3ngnA7g9MkE9c5OapNXXd312SVlpa3Tlu1psk7rV0k7aemvyfXdLdu721tuVNihiPYYzxjj378dT19+aMggEklMkdDzkk4GOeD26kcZp7jodrZOQMdOox0wByCTgEZwp4GKapYlVKjIUDkqMHPIwMZOD15GTjGM1bjfp87vy6fLvul5iaT2S7aq+mlu2/8ALrZ9RgOSMYO0njOGyThQAeuR83IIYZyc4p68DaQe+eTjkYB+oGOmR3wmAA5sEHAI42k8sOc468A9emPU96byPlBK8jJxnb9B1J5ByemTzQoqLW6tZbK/2V23dkv+AlZWbatHlStrve/KraJ6dej+HXdKN8sSTklcZAJOehHOSpwU46YyAc4zTFAIODjkkn7x5BwP0wP4RyM96mPOeg449ue4OODgZz155703aCTkZJA4KkgqD0I7LtPB+vGMii/ne/pq9NVr57fd5vZWu2tOt9bJN62823rrfpqNKgqc57D2Gc8+o9Rnr1x6rt6/L2O3vng5OSD0II7cAkdeZht4yOBjOOCfQc8AYPHfI96Mbh8wH3QBnGRnCjJHPdeBwPlxgHJanor8t2k7fd5X+VtbvfcLtf8ADvy8v6svlVbJZgTxtbJK55OOSOvQsDyeQcDjmEDBY88LtA5BJ9WGDnJAGMZOQDg5rT8pAMkDIO3k9cDPIOAMHIAznjtxUMiKVJw2T3UqcqBkngE8DJHoM9etHMu22+m1rXunq/u662VrRy1G000tdv8AwG191e9k7X2T6Jqhlzgk7yF5GMYLHgEAZzjbt5GfTmkXexAIPA+YjsDnoFPPUDHUZNWfJVyGB29cj+IZ6D07dwePfmnGJhyGOMHA9gTjJYnIAwM9scA9BV3dPrdeeunV6taW+elh/vbJLV9pON76NaybevVf5uKqY/i3MT0I5y2CCPvZzwenXBOOM0qAlVLBVALc55IzwM9z3443ZxnPFgqxOApHU+pJLdRjByRxyR3AxmnCFenO4H7oz8vIIHoC3GOgyNmQQABWfSN1q+11y31d3a1lKzV+t+scs5e9ayfduzTcebR3bTT16O77FcIqnOeGDHAXDcAjJycgeoJ99vQVG2QN2OcjJA5JY9OAB6jHA6HIPW2yKCdowM7QTxg5OTxgg4OeMkjIB7lmxS56nK8AkDoOCDyevQDJ9MYBFW5WkuXRre7/AJdbNO90ns9LrzZHJb4bXi7buLu+S797ztrHSV1volAU+QAtwCTxnPALe4xzyOMAHGezdpU8ngDBxzgMMk4HuOD09fSrA3AgDLgKTwB1PBUE4AIPXJzwc7cAU4qMg7erAADkkeuMdM8Njv8AhmlJN7LptfZW20fVu3XYaTlsr9n917a69LteWpT+XBG3OecH7zKDx1HYnqOvpgk0wL2Tht25scsQT1H90ZPI5GcYq22GOSoBznjj5SOAM84A5HUDOfctOTwRwTgg89M7SQBnsB/wI5GN2C+urVrNpJPTm6p7p/LXTTWxpGNkr2em1ttttd7p69rLrpF5ZIz8xwTlehyDxgDBwDnK8gAc9OUVWyfmwQDgY+bpzjGRgZxk4znOetTkAjG0jjkFsEqTjKnac849DyegwKGwvO05I6YYjI3KQQcYyfvc42kY3c5E1v1SSd72V2k0ktL3Wmm+2lx25mrPley0Vne177v4l2TTb1S3q7M7cnG7JJwTuAwAAfu9Tj7uc474pRCv3mAHOME46jII9D0IHBPGeOKnzjqoA3DAJzlc9gCPru/hByeQMBJLHhiQmVyCcEZ3ZHY52joc8Djmi6dk1HfS61eid+173W/Td2sPk5d+W21uTleyS623vbTV6WStetsAwT83HVsZz0z7DqMHOfQZyrSigg4XKjpg9CeuOcY55+uPQ2CoIztG7IA6DgZ3EYbAz0HJIB78YY+4qzAKM9cAYPzc47AADkcgY3dKLS6WdnZaK7vZ62vtp0V11VtHGzWsLptWStrfle6ut97PVLdpJlcjGDk8AkkA5Hqfp6A+hxxSM+3GVBBBIbJAHPyg5BGMZO7BPJJHIp5LN8qqAT14J4B4x0Axj88+tLgsE5PJbII6gZHXOeuDkjqD1FVFtct0tLPRJc1ra91a1tV29DLkk3pFxkne1rJ3cForabJ9ErN6oQs4HA/iHHf/AGWOVzgH+EAZOQMZyEJyBnGcZ+6CTgg5IHBIIz1GcYHFNJc4AJyexIPA7gd8dD1ycYx3X0wTgA556nJHHGADwD05HOMkUoyWsVfSy7/yq61ts7/jbqVKm6bT1eySS2SUVfXuvs7evVwUtjIOCMdBng5HA464OBng4GaNp5PbDZXkgAkAhh2zkYLYz+ZpqEqSc85BwRjhhjk7uMcYI659QCLAYMcrtULwQ3HqcE99vHHAAxgetRklut9NW21fzT1V7XutbbaglJ/El2+StyrTTdX8tra3UAViUwS3IGMcnj09ODgAkc9Tjl4VsABvvcAYGDzyBnqM9T/gKeCAOQdoJJAAwD0AzxnPp1wcnGeFDZIyG3LjktnqeSSD95Qc5ywx14BxN+bazkmpPfqlfXyWqV99bNXKjf3ZJO9k2trOTWtvJ7bXd1ZtjOQD8w4BwSMk984z2yO/OPoKeB09c5BPAIwckjAIzycHqDTgeVG0kjcATzkkHLZ6ZGBnrg8c4wAEYwRtBwew9eSejfiMdhnGS/y6aO/S2nTr6aPuVdya1T1s91a3KtX3snd2tez7jOR0zxknIJ5yQOPQZ4GMk9KTkYOOBnLYA2k/xfjyOvGfyf14BIJJzjGMZ7dOABwD6k57UgPBAJxu4K45C9cnsS3XoATgdSKV2klpfTqrNpp27ba9lpa+gtb7afzdL3TXXfrqtLa67NJYZ+Y4OBgADnGScY5z7DgZHoKa4J5ABJGBgAhenXo2MZzkgE8jGKcQASc5GCwOeR7HgZyOjc5IHPWncAocHsFzwB0AJHXoPTA4LE9zm1V4pap6tdOW97vfS66roha6Xt0WrTb0TT07a6WtddNiHa5OckEnBxgY25HI74xk8HOCCRkCnhDkgg4O3BIyGOe5x1P3uT24xxmbdj5mAC89M4BypHI6nnaSeDnt3ZuxjljgDAB7jJAGB945+UHoT6clt31cUlp85Pl317Wsnflu/Jukr9bK6+TbS/8AJtbeWj849hOT7kjHt0zxj684weSckUpYgkEEn5eqjAIPJOPlwMcZPJ+ho3k4BJyDk4JGSOXx1z7k+3J4qQAZLElg3QdABwDznnIYZ54zg+zSsopLp5el5dL3Vm/ToXytW27taX0tp1vftdK7XXQjcsecYyRnGMccE5HKgAjjjP4CoM8EZ5IGSeOvfnAzx069u4qxgAMCBg/XAABx3B49ev05qFi24jAI+UA89hyAMHoTwPc89c3BrW9lpfVpXd9nune7Wz3vsjN2umttOjvvbXbu9n897g3AjAIOM5GDjgjnB4zkdMnvnkinhWJU5AwMHHXHpznr34HY9RiiPPBKjORnqQVHbPABbHI6jIxzTg/BwpwuFz25PJGOSBnJPf8ASrfL7sbJ8ttN+bmjFaPSV+i3emrQ1FqKbbTX2bKz+Facrd7a27822iFXJAYnseNo59ge3KjBOe5PcFQoGcNgAKCvHUDAwMYAPQnknGcgE5N2C3GQGUY6gq2OCM5wD2I5xkleyh8EAY44yMjOQxO4HnjJ+bptxyMGstb9Fe3ayV09LPe33W11uaRb0TSaVr6/4dLrfe6Vk7a37IEznBVjhs9OnOADnseQfmwOenRxQgDknjIGB0A6sMZzxyc+5xxTlY4U5yWfsOSMgc8euf1Pc09mwxAwQeDxtKjn64GcEg4PA+plKTW1tktP0T+7X/g3dW27KS7t8v4bendkQUknA/hPuSfvHnAJGSGJ7DrgUpTBVl+8xAYdwFGCcexBP06juJMgHIO3uOvKg9vVSflz3P4VGHyGGMN1Ixk/eOAMDjpwcqAM98GhKTdnbfppu46b3720evSzsnbS9/8APfr0W66kZjXaTkksUXHBxlgOeOxBPoPfIJ/n7/4L5sP+FsfAm2LkKPhVfs2Dg5N6oyeO/X1OSRzmv6DFDZAwBiSLAxjBVxnvg9RnBxnuep/nh/4L+zFfjX8G4lIBh+Etyy4OBzfL3XpwR3yRnuK9PKW3m2BS3Upu3pBbdOu+3RJrU8/MXBYWpzXd1ZX16xTWut7adHdv0P5o/iNof2Twvq9w2r6h5f8AZVyDFExVGWRCVCrtJyoYDbyTjGPTyv8A4JueFPBx/aE8S+PfFpt49J+H3hafXm1LU2QWmnOpAkunMoMayCIkRgDcWAA65r1f4jyatcaAAY0a2nsLlGUkKP3cDPlmA7gAKuOehzXyL+x78N/iP+0J8W9b+DPhK5n0fwz4kubeX4h6nbF1EXh61mVJIWkTazRTHCmMNy5B57/X5zKnGrh3BN8sW3q7uTUXu2tUuz8ktkfO4JNe05lo5WV7aLRt3V7O3Va91sfqRp+neLf+Ck/x+sYZvt+i/sr/AAz1ZoreXEkCeLL60Z2Lpnak73LJhSoIjhJGM5av2ln0XQfCvgbwx4U8O6ZaaToel63Z6Xp2n20ccUEFvahUQKijln2bnkZSzH5iTxlvw++FHhP4LeGfC3w38D6db6Zonhx7K1YxRKs11ObUCW8udo3STXDqXZiSQTxkcVb8ZGFLbw9CQ5LeLHbIAy5O7kY454OMnPbIrjwytyt2c53bfVRaVkk0+zurJ7WadzoqS5rJWSukldbLS7skndq77benqNjGJ/G2hvgLGuk3cmBtGQoBBA67AR15JxgDjI+N/wBrr9tKH4F3kXgbwCttr3xh8ftp+ieHtFjxcf2fDfSLbz6hfQru2hYmZ41YKW25XgYrT/am/ak8LfsueHL3xJqc63Xii+8NSaV4K0SN1a9v9YukCRyrCCXMETndI+0AldoBOCfh79h39nfxR4s8R6v+2H+0eJJdb1R21PwpZa0GAsLIy7o9QaO44gjjRwlnH8mcgDJrHFYrk9yLTqWjdr7KfLZNrROTet+ydnsPD4dyXPN+6lG66u1r2V7JK8m227rTSx8o/tq299pPxxsbfW3+2axaeBdBOqGEKol1O7tfPuVVMkp+8dlC47EZ718FfEu6vLzwfq8K6TMhkh4Z5FARQ4w209CQcDHvjnr9uft1avF4p/aW8Q6jbSM1ncJo6WrKzDzLURyKjccjKjAHGUwAew+QvipptpbeA9fljR/MW2jCHfJ8uSuedx44+h6cZOf3PJoYqPCtKEavJH6g51IqMXd1KUZyvdNpWvtZpdtT+cuIamEqcXVnKl7Sp9dUISk5JJRqRimkmlf3Xo97L1IfBut+IdP8LaNBbaXb7I9Pt0DyXsce5SMFyhHAIA+UEH3PSuibW/EkwET2+kwqY5CS93HIArRnOAFDb8DnOcnnGODF4C8IaQ/hfw/eTQPI13pUDuJJpWJfZzsG8DjnHZcYzgcdfceFtEs4C8dlD5gSTYwMrBS6Oe7Z3DAGPT64r6TCYbGfVKEpV5KEcPCSSmtvZxdoqNNX5ttX03ufK4uvgfr1SEKKcvrDTtCT97n7e0sle93aytpoeDfD++v3j1z7Pqthp0R1m483zkLF5FJLmM5HB7fgBxg130l1Os8aSeNYAx5Oy3LcZAAA4BHRePUDgmuE+FFlbyxa350CzY8QXgQMu4KPMIHGcYwF4IPyjntj6Aj0OwiGWtbPcqgqTAhJ3cnbx17Ad+2SQK87J8NVqZdh5qvNKSm7KpNxjepLRJSSW2q01111R3ZtiqNPM61P2MJOnKEb+zholCm3dyjJvRbNt9rrU+efB8CT+M/HDJ4juLUQyWxkmhhIlu8kYOMHgHkA9BXoP2OykLlvE/iW4dXI2wJt25Oem0fdJz6jJJPOG5zwNabviV8RURVCqbXyx5QKKSRgqCCAMDjgHJ5xxXtkdmkAZWC5OGLKgXLY5HQcDI3EZAznGDzOSYdVcHVvJu2MxavzVNLV5Ju3OklLpdWfXcvOsX7HFUowS5XhMJKVoQveVGk0m3B2snJWtqtbXav84eKvsNt4p8FQxXOuvukutz3DM1yGMZH7lcZB67jjGM4HevRoYrNjsNt4mmBfLGSaVVYkkbgMjA4ICjGR9a5rxom34meAVwCPMumxg9TGcdDnCkr3GMcDOTXvlt9mkbfIyqY5CMZA4yw4A45JwVzgYyOcAVl+GjUxuZ05TivZ4imrtXbToUG7Jyatpd7vUnH4trBZbNJ2qYebb50kmq0kvhUbqy720td2Pmr4pWsMGhaXJbabfQGTWbeIvdTOxlLOMYRjgMQGUHJGTjcCM10VropmEYXwoWxAgZ5ppCJMooDcsAvIJGOoPRSM1ufHC2Q6B4fZdzFvE1iOQ38c0ZG0rjgZ7DGAR6ivWLWKFLdN8i4EcQKA4bhF6MG6cdR0xxzyVh8NSlnGY000lSoYPTli1dwk3vdLVJtK2nW6uaSxc4ZNl1VKXNUqYlWUpbJ0kno7vq9b+qW3hPifRbq08GeIpf8AhHrOyQadITMzbpF4/hJ5BI64wMH8uh8P6XrR8NaFLDa6PEj6RYlWkto2lffEh3McAknPBJwQTgnv0nxTkib4d+KSh5Gmts57gn6EZwDye/AGKm8OXMEPg3wxJKruf7EsUPBKgeSnIPI3YOQSD0/3a6IUqSzWULtJZfB/ZvrWtpyq2yvdd/O756mIqSyunVUE28bOPvc0kl7KDurtK1+j+VlvkW+ka28kqyXunQoY7hyLaxRXAWNsgHYeem0jsAcZAA5b4P6XfahoWpypqs1usGv6lCyrFGzMVmfnJQkA5+6Bxke2fTLbUraNpRuLeYk+cZbYGibAOARx3Xrz3zgcN8F9Qtrbw/qZbJV/EmrOccD/AF8ijPXGd2B1YH3p1qdFZplsFzWdLF815SV7+ytq2n3008tiIVq8Mqx07RTVXCJe7FpNylpa1m23u7tXXW56jB4UJuIRNrmpszgfcdEBO4dAEUjnk8kc4J6V87+GtAW/+JfxDsm1G+iW1eBvNSVxLICMAMwYg9BxzkfLk9K+m4vEFvLqEKICFBRCx65JViAByTxgngZzxjNeBeEZwvxU+JUsSn52j+uM8HpyRnPHOOTzWuOpUFicsUYvleNmn8V2lh5LVtt2Ts7dL/fhgMZiXhs0cqm2Gik5RSt++oWaStp8Xqtjvl8CW3+jSNe6pPjn55WCjJXqWIA4ADBu4IG3LVwfiPwzYWnxC8FwIZ9kltfGUNI7M2D0zkDnjGM4yBmvY457md4UBkUbSSCc84JwcAfU4xwo57V5v4o3H4jeBXk3KDbX4JzliQxJJ4LcE4PJxknJ5xtmdCjHDUlCCi1jcI7vq1WpXu3dNXeq6nPlGMr1cViISbssHimlsrqhd21vfotPPsdynhfRFiYPbFhjcrSSMCSSfcAjBPrjpXnvxP0zTrPwrC9tbJEW1nT496hmLKZVyASeRg9e4yMCvYRDJIYwzOISpHz9SMnkjk8kYzu968x+LqyL4RQAYSPWtPC4B4CzIATjHX04B/vcHGucRpxyzFO0L+w1dkm7crs3ta23fbVoxyXEV6maYSMnJx9o1ZtpXVrK2umra01s9D0a28NaTJaWjLYW/mSQW5G9R8+6JCeCCRySeSOu4DscvxNotpY+H9bMdtbxmLTrplKwoRjYDgHBIA9Mjrnp06KwkuGsLUq24R21u3mLgnJjjIUryQeyk/jycjL8Vbn8N6+ZGbL6VdHLEE72UZABB6ADP6jFdUnB4PZNyoLX3dvZ21dtFpa63ummr2PIpzm8wivebli00m7r+IlK76xTX3W0104T4daLaXHg3RZnt0cyLIGAjGGG5skt7fLwCCQMcY216Pb+HYBBGDaqrLKEUlenJPYjJIxgkYGBzms34QxI/grQEeMMpWU7j8oB3nJBwTjs3XPbrXq0kaJHIEXDq42gNw3X1HTqffJz0BbPANRwGGk4JfuIJXS1ahHZvd7Wtd3fU7cwlP6/XblZe2mmmlupXur73t06LrseP/AnRYLjxT8UIpIlPkaxAOAAo+UbiTlTjnpwCR27+o+MdIt7fUoYEC7Su7Eec5K4yfb15/8Ar8n+zsC/jD4w+Y2FXWYDzzwQCcEgYGOM7uvUYGB6l4sWB9U2gkgFhvwWYgqBx15AHcjPX1rzMoxElRcJfD9ZrN6d6s9Nr2223Vt9T087i5VW2kmqGE7q8VQp7aXe1nZ9NtD5f1HTgPi74fgiUfPos+BgYJ5J69SDzzxwB0HPol7YS2ryJJGoLOQgIxjdkgLk469sdB3rnru2J+NXhSNTy+kXYGX5IwPU55ODj7vQHjGfTPEUDrOFKEyiVlwTgHgkH+7nHXHJH3j6dmVVIyq5o1dP681fSzvSo3trv5v016ebnkG6OVS5m7YCna+to+1nFpPrLrvZvurNfO/xah8vTfCbO3L+L9PU4BPG9ARjaAOeQcfQfKa9XtbS3aV923AHHbHXLE+vHPfjk9MeW/GB5k07wmHIXZ4vs2IBzgCRVAxzxwcjrnkZzmukGoxh7ncZBIRtU52jHoFyckZP5cgZ5jAyazfN5p2vHBO9raqi3v3t/VyczrU45DkN43S+uye+7q00rt6dOr2tbXfS+ICWqeD9cKOjOdLkGxDlsgMfp0AyvBByOcHGb4EgEvhDQQsRJXTFdtxCgkAgs3Rj6gY+Xj0OeZ8U6iT4Z1tAzEDTJ13McE7lfJJHI5yOhJOOwNSeGtQnh8M6IkMko/4lkSlVOBygJJI4AydoJ2nI5PatOao855udy/2C9trL2qbVkns3e17a6KxzUq1OtkLfsrU45inZN3V8MtUvW7slsj08SNF5SGJHJdNqbiQoONzcHOeh4xjHXqa8p0EzJrPiuRIdzSayuQoz5ZEbEE9DtXIAIABxjrzXR6ZcyNfQtI8pEjoPlJP8QyAc/KBjucHDfLnBOLo8Twan4kmt95D6wAyg8kBW69/4iTjjB6UYvmlmOU8zvaeKdtNLUYRutFbWVt7222Ly6SeT53KKfKlgoXV7r9+notHZ2u/S1lY64anMJBFJCHYGM5Zv4iQAWGAeFO7ORgLycnjl9UlmHxxtWkQAf8IspxngFVCsCRgrkf8AAvvDkmtNoJmullZSWE8eRuIUKWHQEZwei5AyOQaydY3f8Lugww48KqCAQAMquR3JznoTxjjIOa0zOMZPAylJ86x+GjF9Gndp/lp31vdjyR1J0syirKP1Cs3K9rfBZpaa6ereqfU9NE0eY1885z8wDZYZwq9unv3wBnHTivGc8f8Aa3hAo28rrDjg8gtE5yc4zg/MSB2z7V0AhlM52qSWK4C8hsnHJPPIH45BBBznnPFdmRqng8fLn+2iTyGP+qfGeMAj29jn1ea3jgp6rSvhrJt2/j0lZXtok9m7eltcslv/AGjBSjaPscQ+bvbDzVu9u91pfvt07XKmJdoCsJTkodoIJJxznPfk88Y75PI+MxFNoOtBZX509yQc4O1lJ7Z5xng53YPOa7OSwkCkl9sQlZvlUHBOeMjOM8fj371y/ii2K6RrAXMnmabLgcAAAZJAb29eT9OarMXN4HFJ/wDQNOyv/wBOt7fNWst/LUxyqUf7TwOytjKD0unZVI7rz0t8+jP6PvFUayf8EkEmGPm+EWgFT7gRjrx0yMcZz27V/OP4PZF0GzkZiGEjjAJIJ42nPbO08ADPtjFf0k6gv2r/AII7QzYz5XwlswWG08RSxgAn+LGRgcYAJzgc/wA2ngySJ/DtmCw2h3LAZyWHOAePmycjrtxzkc14XhJXTqY6mtXzTdmle69nfVaNLtvZWutn9D434ebwmW1oR2cI8zutbN77u99OjfXo+oO2QFy2fmQFTwOD1I5x+XccN0rkYY43vdbRljZftUeEZVkQsw5BDKQNxOCRgrwOcAV1a4clVf5TgjAGMg9SB/LOc5J9uZtQq6jrQbqbyMgMDndz1yMgg49lIAHTFfsGN9lUxOXNxTXt6ikpJPT2Em/5m27J22dz8Hy6tWpYPNpc0oyhh8Ok7vVrFUdtFq7vRapWTV1rzuufC7wj4hBa90qK3u2ZT9stMQTAkZyrKFxg4IAAz3GMZ8nh8CeMNBudRfwj4glu7a1u3iGm6oxkBAAwDIxJIAJVcnHOCe4+m/LZXGQWXgg5JG5jlRg85XA+bHOPXiuMtEdbzW2TBxqDZyxPOAcgg474HUFu3Q14GbcO5VXxuDqQoywderOqvrODm8PV0pOcW3TspPa7kpLpbt9Jw9xdnOGweYxrV/rmFoUsPyYXGwjiaHv14U5WhV5pQbjJuLhKLTW+1/JI/H2uaJcR23jHw9dWY+499aRtJbgAHLDaDkZ5zlcE8tgrXSeFNc0nV7KV7G/hlaS9nkEJlVJ1BJIDI5HIHJBOR1xxXqNxbR3cOy7ghuI3GGWaJZRh1KncHBHOSwKgnvnrjx8fCjQ9Vt7m7s5rrR9RTULhIp7J2iRgGBU+WGy3OcqB02nkc14tfAcQZbmGFjh8TTzmiqVaUKWKccNi4pKHMlXinCpKz91zhG9ld2aZ9ThM44bzbAYuWIwtTI6qqYeNSthFLEYRzk3yS9hOSq043vzezqSXKvdj0faPY2t8XS8toJ4yhRo5okkXgcbd4PXuMjtjg4rzEfD2Ca3W98P6pe6DqC3UyL9lkcWbHLkBoM7V+bAPUcHBOTTmsfid4OlDRNF4p0xGP7qQbbvaBtAUD5icDOSTnn5j8oEnh34k6G0bWOsQ3OiXpuZmeG5ib7OrsSSDKAAuSQBzwORnOa8jG18px2YYalnOBqZZW5akefFU3h37SXs+R0sZSajJp35XGa1d2tz38thnOCy/FV8ix9HNqMpYeUKWFqRrpUk5e0VfA1U5x5k0mp0ZJd2t4bjxP8S/D2nX9nr1jD4ksGRMXtuMXMSRsQm5ucnjLfXJJJyO78L/ABT8H6kttZXF42lakYYRJa6gpg3SgAHazjDAY5OeTgAgEitSW4trvTbuWzmguoXt2KmKRJEJbkHlgNwDcjAwvHy98/UvCXh3xFp9tHqWmW/nrbxbbuFFjuFLADIdQCuD2+9n1IwO2jgs1wWLlPK80+u0vYxccPj37aLhzWUaeLg1VStZxcudK9ndHNLHZNmGEVLOMoll9X27hPEZbH2DjV5Yt1KmFqL2Um1ZSjD2bvqrbGT8dvs9x8Pbl45YpImvLaVZI2V4yC4AIKkghgDy20sewUV8v/CWBJPFWmgSlA1xcKQPlY7kwoHHIyORwRj2C13fxD8Fa54V8OXj6drVzfaC1xH5ml3bvIsfzjY8TyOW4OBwQvLECuc+EGoaE/ifRI7y2k0m7F1IJLmc4tXXyzlxIeFLFeee+cHpX5HxdiMdPiWnPG4d4Ss6GHhKHOqkJR5muenNJXjLV6pNbNXP2Hg3DYHD8NypYDE/XMPGtXkqjhKnNNxg1CUJXkpxejs5Rs7rTU9U+IpQ+ItGIcucW0JJ5GEuo1J7DtzjHU8V+/lpFGPA3hyKEEsnwuhlIIY/f0njtzyOOc8deK/A3x4iS+ItE2qk0b3USxSQt5kbxm9XawYcDIUEN/FjHHSv6GooIoPDOiRoqhv+FP2pIxggjTAOB0+78pzke3evGx0uWTirNOSSdu6he72tb53s7H0uFvKEJtNPkjps72jfd6pXu/lbez/HV7eeD4WfEK4mh8yNvFtrCGLHbG5DOAFyRux13bj171jSS3623wpt9ZJS0fVN1hGGKqYW1KMOw68tnn06EYBJ7PUxAnwZ+ID5kaWbx/bxIhyASsbMSBjtjjrkDms74kaQ9t4M+AmpWoaS7urW7uCNu90K6vEFK45AAAPABx8pyBRdNapcsJuLT20infRXu+ienTsVySv72tlGy6ct7a97dL69NUmdFZabaw/E74wR3r+X53hO+e0QcYVXXyRKMnIYYOeMg5Nc6YYbn4VfCa3muHeVPG8i7TnZGjaigG0emMtk8YHIwcDoPDFv/bXjT4s3l0Wea18HE7ycN5owXBGcYBGCBxnBORg1kWqzW3w8+FhaKJTP40ZiHIycaig5DEjaByeoGc45FZxk7OPNZ2jqktVKUbJ/hZX0XnYUoK6VntGzttfW76vW19tEj0qfT3tfiZ8YIZp5njXwAyxspPzRLGuxGBJwMZwRz0APOa4PTrVU+FnwcvgXKjx1NFsbKhSb+PaSee3fnpwetel6tGR8TvjI89yFK+AncBTknKJtQY7cYHPfpXldm96PhZ8G2hLTQyfEC4YgxkAlL1cDB6cYIwOp+bNdEZc04t2a282ktltvZv0tbuJq0ZLe/dJ2TnTT28r3fe/Sx2GuakY779piFCrLJbWkWMA7WKx5YFcAk84HQ5HAzzNoqX1v4w+Ek8iuwl8BXI3NuIWM2cu3K4GwkHHGemeMkVkzsz/8NJXVwiBy9mnQcZCHAznk/d5+h/2e/SW3i8bfCZG3EP8ADQsyIp2qTYuRuyMAjjJ44yOxIlPnasknaVuWz2pxT9bXV/x2NIw5VfV6rlXZc+6tp0XTtfseW6Azf2J8OwBkH4n6gST3P2tiPp1xnqMHmpvHkzJrnxKnK4VvFmkQkjJGfNhPTjqCSey4OewBpFxH/Yvw4CqF3fFPUB8pBOPtLlTx0BxzyOT3BzVTx7cB5PiHIr7i/j3SYieDwkqYXOeuT+BODxmtaUpKpF66J3739otb69rLt62tL0hGztfVLVp6LV9tb6W2S6q7/vb/AGfyJv2Yf2cpQeX+GGh4+otgDnBPTOM+5A4HPorIoY7vmI28k5ySRk9CeM9e+Dx0Nec/s0nzv2T/ANmiXLESfDHRjz0OIMZH8JAIIxtI5HTNenSIQd20Mc4YlsHqcKQTgkZJI9j1zivApL47q37ypvbVcytbZLfyaTR9xNvkpLp7OEbekIO77vbf06FFwWyDkE8HHTb1BwR3OM4IOT+NVnRVUDO4BsqOCAD94Dp+HOdwwOODafhmHfb1PAJHJ2jPGB13ZyOeDwKjFsts5wOAQDwV5xn+8CTnGOeORW0eaN9rWT6dLdH/AOTadDGydmkrvra91pZbX7dHa/exAQw2gk4U7hwOATltxPXHTnnJ7ZGXYwSOgI6cHI45B9O5AwD7U/DAA7QSB6ryRzyBk5IwOw6EAdajG7cQQSSBuycDOBwCcYxkdD8xBxnitYu2vnvppZLT53v3667JScotWuoykkuWzd+VdLWS5Une+lm0kyMgqGGTyAp4Y+uCBk4xnHyj6g5oBIK5OckgMpPGPrwTlT0P/AW6Gfax28rgZI56HGCQfU4A9SOcADFIFbAOMAk9cdOfu44ycDnHHByeaaaunp11dndvk97XXv1V0l8nfZN3t7y93mu1y7t3dn0St80iAqzAHHOAQ23ByCMg5PsQcYUqDjsaDgYwD3ztyenynPXjPY8cfXErAhcEEDkAls/KMk7ev8XGQOhJGe1c8McAlDxgA4wMYyeq4B468nrgjDvJvTlWyWytdLe/T5L1dhxkoqN+tt1qnaKS1v1jfTry7K9nZJGM/MO3JYg/MMevHPbGCdw601lBI6ruDAqoORknHJOSPXoMdD3ZFL58w5AwcH6c9eecDBIXr1AFP8wnqQVIyfQnkEZPPGTzjjaRnOapPl3T05V11V0k19/Ta9yNteZ6WezaavHV3TV7aN6b7N2EVFwN20YOB6nd3z04yBxg4IzjsFQRwcnPJyM4BJxjHUEDIwOn1y70wByQQBkkY6jPQA9+/QGhC7LnoWBJB9+Dg56nnI57YyM1aknptZJW7cqSaTafZLe+qs+plaMm7rX3krK7suX3nd+TtolrteSuA/KDjk7jnuM55x9TnHTPWmkE8YGCo24/DnPII6j0GMcgVLg8ADjaTjOc57Z/r7H3w3PIAyRsIwMYyRyDzkHA7dKelrtrVq9krvRa666+mr9QjBNXukrpPlW7bXk9Nb77EW48YHUEgHpz8vuc9eQAAVz2wGhiF3Kp+VsZ4Cg8k884C8nPHTjjky4CkckADbtHBBA5yCOgJ5IORwOAaYE56kkMSWLcZGB19R24yM9c4Kw7fa3vptbSybT67Pqn1s7WG1HRp62Ts2uvJstbXeurWjvpoNZ3VsnIw2cgE4znng5GAR1wTx9S18sCMZUg4XByzLznOCMDqcjgHGDyRJgcFgTleQT0PbbnkjPI5PPIB4ITaQM44I25HGMqd394AkYHfjBOTndpGztblV2km7aJb7q2zW1m2lbXeeRdl93ldeitd29XuiswwCoBx1GCSDkEHcNucgZwSOh6cgEU9CFHBXkjHOcD+ROQOhHTGGe3rwQrMAOOB6/w4xgc54ORjHFKASoz0znnvjOWxzkHBPu2QTy2dHN3T51qr8vb4dOZ6J7300aulflQd0tOvwr+7t06WvffpqxcnIz94tgkgKFH6nO3kcckE4Gc0nyqMDBYnPGeozyVAz8vHO7pt68mngZPIxg8AjkcE5Y475xjv6nnIBypY/N05GflxyCPu5PU8ZHH4EbSW/K7RTbStd2srN6X12ts7qOwoxbbu7t6a9bW1187pX1e+9m28DcqkLnbyBnAxkA5PHqDwB7Y4TcDweQzZKjgZAHB9SOD3BDdxghwUZBIwfu4xznnOeBjGSSeT6mmBSGySCAWA3cbeMYJJ453HIweoOTzTs1rFrbfrZqDsrK7d72jK+63b1HGL29Plpbq/W23XW4zIIyRjkndnOQRgDHGD6kcHvgjADGcAEZUkBuCcnjtzjkjnPTk47SgFBwAcdAfU4+bg8n05A4A9aQE8gscYLHHALHAAxwfbHOOOWHWFJt23UUtX1fu2tdpp6Oz06dtU4rTXz0srbJaWTu2rb+d23YEjAGSOMkAYGf4uenHTjjAwAMkimSJg54OAuQTz9SSctk98DBz1xU6kYKkDkHaQeWbLEkZ7dMnB55HHSJyWJIQDOFHUgDkkD8BljjgZVeRgLmV2lGLvZK9tH36p7LfTRLa5qkrLV81rbNPVJS1s211feN7Xdk65DhlGRk5IzjgdccEd/zOMc8Fyx4IJJ2sG4wM55w+eVGD2657cA0/zORgDCnIPTjAyvzds5I/Q9KDuAztBYkFcdByAAc9jz65HPNNuVkotK7s7rZxUL7xve6u1s77qRMrdG3rpp0TW638tHZJO+6EbCggMT8uBgEA5bvnsSeGHTqQCSBC6lgQMcgDJBUhScE4x3wAMZzwTk5xKGkZiChAJAPPQYxj6FhgAHOQAMEjKB/mwEG5vkyM4wOc4ORk+uNw+bOcABx5orpptbmv8UX8+rtZLpqQ5Wa1utr216Wbv1s9rrzavoxUzkZJ5wOQBtXoR6HueDnqBjAp5UgMQO5YDGSSep+ufQnjHIzikZypcdPnznb/AAjOSGzgdSMDPoMHmneZkbdwGeN2SOuDkZxzxjGME+mKd222+vvNe6t+VW1d73sr6Xe/VFLbX8rfeRDLZ3A5+6uQOCMjOD06Hj3HOBgsJOVyrY5JBAwD9Qc9M9RweOmMzgc4U5OcZ4BLdiOoJxknI5GSTSqMKcrkgdzx0BbjjJ6Ej1wNvQU1Jpx891forX3v5K67p2sJ2el9fx6N/wBfnYgAIxgK2M9eSobIAz68nrjPryMrzlUYFecZ9eOnHUnnHPpjpmpgACeNwbBU/dUg9CCBnAPU8/e560oUjngseQQMA5yTgn1GQW7HOM5xWimuq15la9mkk0rbPpd82nd3u0RK9tN0tdNPs2ve3Sz7u1ra2ICpyBxt3EgYPzAHBPPuQTjjk9aCp5ySPmG3HXIOSPmBySc54JIPTkCpyThhgqOdvqTngYzluhx2JycnAwwDdggBGGNpOPmP97AIOQTg+mc9Mmmpp+61G9rWaS0fKr6a3Vnba1uvTNqSktdLrbd97O3lp539CMqWPPJIyh6fQ55BySef05FNYE5J4wMjgHeV4I6dAeM4yfyqdh8p55GeOADuGRjgY5JPJLdMlSKVSxIXaQRkMSOCRwRjGTwAVweR17EpNR1/8CTtZ3aejS2XfVXS0V0h2et7rzXovW1m/VPchCksQeCBtG7IJyxweR6dieuAOeaFQsNx7jAJOcgcDK45LbeQ38QODnrYVevB3ZJyTgcYwcdMjjaBnkcc4w7bkAvxgFh0B7DPu3QdyM4xii93ppqnvtdw10fddLd3Z7pWSSb1fy2te2lrdla+7exTCHPfBHqAcr1B4I5wDwOAe+M0gQnLAnBAJBOTxkkAk4GMdQBjrzwDYbBIzyM8MSecH6Z5Oec8enUUH5CQBnJ4wONnQ5/E8/X1GapS7rZXb6Oyj6Xe219OpM4Nu622V91tpZXd279NbFNlIJKhVBxkEHdwuRjjoeOD154wKibaCx+fBIB6kEtxx2IxxjnsBzkC2wABJJAXOCDknoMAc89Ap6NtHouIiNw+4OmADxkjOMZPLAEHA79vvVSklty6WS1227eui9NTFq7Uer6O93tfqu6s+l16lLylyTtGSDgkgHgluc9DgZHHpwSNpasZyTlm4J5OAW7E5+nOAeTnGcCrjJnIAI2gHPQYGMgAAZycjHQHv1pMFB0bAYfMe2SDjHIzzgEcHjJI66OpJ2baabTeyXTRaXey7Jv0LgtLWt0v3+FX389V36PS1PYcjjH8OWHDYI54/iOMgjjPrxQycuxJKA43YOOTnI4JzjcoA4znA521eC+pI2knk5425Ve23oM54zkA9aAvmDkbScuQWxgkYwwBwfXAGO/IyalTaabt6Nrd7K6t3St1fnayVC19W77q919l+e1nve+rtfaj5SfxZIIIwcDkeueoJBwTg4xwecOaPlRyV3AFeNp+XrkgkNx0xwORnGRdCAYyAMcZz/dXPJycnOe/J74zUJUnIY4YA8EZAPRc9sH68YGc8Glzu/utK6tpsn7uuia2V/NvQTio20XMuV81raKz8tXZ82i19CuUHzLhcEjtgDHQdQM84OMDJ4FVpY85CgjDdOqls88YAPOeCT14FXirAbcDjGScZOB/MngYHPQDpVViwJDAE84LcdTjnHAbuM5yOckZreFSWl3e99Gnorrqlqk9L3btdabmNSycXFP7LvytWbS0/B30T/mTuViGI+YMrBiADgjk4zu4GQO23B5z2oIGW5wwAGCfuhOoGTxwO/QfKuamOSGQEjGME88jsDgZY98EdeTg5qJ8xqcEnpgqOhY46YJxnnIzuweM4zre+iXK9Eltftfd2vul3WyZlK19mrNWvtd2Ste7snd/4dmkyDa2DjJ75H+0SMDOAw4GSBnjoaZtZWdTknJJPyr98HoMHOPlx1zk9BtNTkEcMDnIGBkZOCABg4GABjjI4zjoY3Qu4Oc4AA5+bIIGeAOR0xx09aqLd07adlb80/0+/rlK942u9lbTayWje93rf1s1dgAigquckAEZx8xxzgngYznBwx5yOcxnjd8xIzu5AGSc5zxkY9QSTjknu9izHIyGIJOTjgDr9OMkn8eajK8FlBOOAQCCxIPPqM9+DnrjGBVuV17yt1/Bea2V3fW+nQSpqOtrXt9rd3UtddWnK2vdrVJohIwcBsLjDdQ2SeOc8DAySRg8/NjIpApBUAEsVU84JHOSN5BJz3wDwSDjkVKynJBACjbnpxxx3HGfwyM9c5TB6tkYGc7uQGzgA9/0P0wacZNtvvbbya9en5/NU4tJJ6Lp5fKz9HoCYK/d4+Ygd89OnORx19DxnJJeQMNjDfdBI6Zznlvu5xnp3+gw5U2sGJ3E4X67ug6Y3Yx2Gc4x6y5G7d0C7QMHp1yTzyfmOcjp7YAcpczSsnZJczstE426Lzv5X6NmdnFJKztonq3bRX9eW+9lp0vykAOcgKcH5TtOAWBBBB79c5yOBjPU1E5YbhnIwCB0B4xgY5GOvQ55781awQTkkgknIA6MDtBI+8SwPPOcgmom27TkEAsATwSGBHtxjjJ6cZzSjJ7WutPld6Wey8lotttxpXiruSlZXejTulddE+61e616uuwwCQCAu0YBGQScEkdO3B45yQM9YCGG9gMLw2BxnJwQeOQMg8ccmp93yufmwHIPTB+70JBOcHPTPftzEQOegCkKQ2c+pBHHOSen64qotvW1tla2i0337Ppp66kVNLLX07fCku+t7q/nrYUZwMEHIBwwzjADAEew/HOQRkU10bO5gG6kAKABuOcEjOOuenLHmlUkHPUBipK4x75OTkYyfU8dgRS7mc4IOMgKMgDb6tjPf/Hir1S9dPy1V9v8r7mbjFpN3vfS2zT/AM9dV21GENtGR8mc4GBjcCQARjcPrjHIzzmkfzAoVQCCpU4wcZORkdN/bHy+mTtIqQsQpPJ2tnr2PHrz747e1J8ucjG0MBgHnJBJGQM7gc8E54PzHnI79F27a+Xl5/q0NQStqtbeq21ey/p/OpkhcHrnnIHAx8x4J67Rgc9cZHIIQf8Aa59OAB3JyO5xgjHbGalkAXaQGYtkdMjduwpx6YPI9cdelRgMOMZzwSVx8uAPpgYH3QFHQ5A3VqndLbT81Z2Wm212r22Wupjyu9rX7P8ArRddP+ANYM2DyMHI465yck4456cdc+tIq9gckHAyOPmwd2MfrkjuAe05bCbcEkhck4I4PBHp0yB0Gcg5pqsAQT3Un3zjgnrz0HIBAJOCQKFK0Xy6Pd6pX1XVWtvZbtWvbTlK5bNXs9F6rVJaa77ad3sAQAMxb5jg8g859MdMZx0JPGT3pGXkjd82SvOCA3PPHAPfHGRnrgmpMn5sj+FSGxuA6YLAc8c9BkcDnpUbDa24dx8wxnD44OfUDpnqTx0OROb3vr73dNWSt6X02bd+l7BKKVrpPVapS7q929eumj167kWxjn5uMDjsTjHLH1HbHPodpqMqc8A5IX7oAI4PAA+71OAcehODVlj93OM45Ax83ucAY5B6HqeaaB1YZ3EcnOSTk4HHcc4HHf1q09t21bfR3aVvR3v30Wl3oRyq6vtprbolHW++ln02tuiALgZ57qABySSM9+MZHTpz3xTvmGDtySeehPCnIPXgZOehH5ZeM5BIPAyAegHTnv05Jz6dyBT8EjcFAzndg9OBg8gjB/hGepxzVqUmlpa2nTo427auLd1fVrfq4e+jeyTf3Pfbbmd/PfVERzxkDgkEg85PQDHA74IOc+9Ckjd82FDFtpGSowMAYGW9PUn8AJeecrgc4BHYZzk8Hjv0xjmneW3XADckZPPseD7kgZA98YNU0m7NLRaXV7Oy7aLVq/RW0WumTT0tfuu+y1su/T07oepUhsgHK+vJxgqOwHJ6YGOc5yKdzxwTyBjptIA4zx14BwMBe+ajUN1yWwPkVeoK+/TJx/F16mpMEs4AIIA+8M5yQSOxI659Twp4zWHLZ3Vreivslv8AK3p8rax2ta1rdOqtr+Xr8hygMM5wC2ecZwCRgZB4wTzxhQcVYQJyu44AOCTjOT06Z4OcbuPfdzUK49AVUkbQFKgHOQfTqenp19HrgAEjBPI69Dyu4DH0GfXoeVrNyd99Xy3k9f5bb2d7Nvp0V2zXkdla2jvZ3W/K3e3zXRrvrrbAXAxgleBg4J7hvcnI+UY6cjqanUP8rHoMnAIyDjhuCAccnoCB1GRzXTJB6BhgqeMZ98c7iB9MHjvVlX3EICSCAd3GW5+bpyB1z396FJ7uze+zTWy6O3rurbm0YpJp3S087ax01tey1W19NtW7MSErnJ5HOcnG4naBnjt83Yc4J4qaMEEgLzgLuxjOec8H0Hfqen3RTI3AOAD3OAOMD8s49D0PJPJxYjJYbiMbcn5s4GQdqleMAjbtB46deTUOava27torLXk2dnsr/e767z1Ss3ttpf71uvL530v0Ph/nVtMO0YXUbTcD/wBdVDYyOBjGV56Cv5z/APgrWkF1+3B8VEaQqI/DPh5DgkEE6ZGSvtg4Oc/w5x6/0ZeHB/xNtJAyWOo2Y5BHHmqx/n15x74Nfzg/8FXWkb9uL4xqqBv+JL4diVWx0GlRnKkcYHTIyCOh6mvieL48/wBT1V1Cs0uq+B+qtez1jv53Pqcki3QrNdJ0bp6dUtb22urrfbrofK/7XPhrXPFX7NngTS9A1p9Nnu/hzGbxmG4JFBeRxiSMdDM8IZA42lQ3ykdB+JfhT4Y2OieNNBsmtzcSW93aLcTTKHa5ldhI0jseSCwzjLDnLHB5/fv4yQufg34HzFlF+G0cS7VPDvdx7t2OMEsAcncevAGK/Jc6GU8eaUz8ltVs8FfmIBxnOMcEnnjHGOtc3hzToVsn+s1qanOlmeIpQculqybdntrZN2v3fU87jaVd5jToU5+zhPL6EpJWScnSjaTaSaaSs1otFZnuvjawRdW8ORRxojRzQ/NGgXYotyAuQOhGMLjBx9K6DS7FVKNLyC7sGyoHY9CBnGBnPoB0Izd+JYWHWfCwtkK+Y5MhCjDeXCRkKccnBG4fLn5sbsYpArbWkereIrxNI0S25dDOkRlB+6Xc4xuJCkKME5wB1b+lcixNPD4bFTk0nGpdt2S+GmlZt2VrWk+uh/K3G+DxGKzLBUKUXUthkrK7TcqiSWiu7+WvW+pl+I72JfEXhFooWuHWW6RSqEqWw2YyQCFyQPmyRjlh2OZ42+JHh/wVp8F34kvI0mUmWz0HT5Ea4nbJ/wBYELNtJxvc4AGeM9PK/in8YotX1Pwx4f8AhVAdV1e2uri1FzaxF7aCWUELG8yhg7FTuLk/KD34zl+Dv2e76/vYvFHxGuptb1H7QJ20zzGlRH8zcVmJOPs8TkAooC9c8Ak/B8SZ1UxuKr0cJ+8vyc80/wB1C0Y3bezenay18z9Q4GyF5blmFnjLxqrnUY8nLVmnUTXLF35U7pOUtflqc54y8TfEf416ZqNzZ2z+HvBdqkUYADxRSK0iIsjNlDd3G3nK8KeoPAr2L4Z/DPwL8PdGvde1F7ZroWcU02u6tJGWRUjzKEkkJ2j0C8jPGODT/jJ8UPA/g3wxceHrD7NqfiB2hhtfD2i7Fito4MbZb+WL91bom0FmfnAOR0I/PX4kfGvUPELx2l9eNqt1bqq2vh3TJGTQ7DAwftbRn/TZlKqWJwpIJII4PxFXF4PBSlOp/tGJUYqPM04Rate3RW3aiuax+lUsNVrRtG9GlKV2krSldpJvbm0d237u2jPrb4h/tN2tto2qaT4IFrDZS2txbXfirUgqwoCSmzT4GIa5ckFYmQYAPA5Gfz91Hx9q+tSQJpX2vW9SZ5EXVtSLyJCXfIWxs2UxoNzHGF4GMnA5l0nwR41+Ik0rR2k9wpjaUtt8rTLONdxKxKuIzsAwDgnOMknGfvL4A/A7QdItrK+urNNS1E23nO9xGPIiIcKPKVhhsMCQDx91hjjHjqWZZviYw5ZQpNayafJGKlF+6ne+nq7Pr073LC4ChzSSlPldlo5SmpLd/O6S5Y2eib3+ffhh+yr42+Ilxaal4oa5tLC5kDyXV2rCeRHJZRbxHAQdlOMY5yABj7E+DXwv8PeA73UrPTdOF3f2Wo31qb6WLzLh1iQbQGxkKBnoMH5RzivsiyjtLKysLRAscjiMqkPRVw3yqiLhQAMDAHGMbsDPlPgfbb6nrc4VQj6vqYaRscMQB82cc4HXjjt2P1FDIsPg62GbTlPVuTd22lGz1vy73WmzSseDUzStXhW1Sj7lox2grrtZvTV6tdbWsdFrdlJJ4ZY3jmMb4ALeLkKol5UqCDk85Jzzk4A4OLor29n43heBAnk+GYiXkKrjezAgjGc8ZOST25yBWnq2oy6laPp+mL57vOqXF84KWtsI2OV3dGccjAxnPynmuM1bVPCng7Wr3VPEesiBYtDtbeQzMBLdOspJitLYbXkViMZx1OMmvXrYinTUFzKKjKDk3ypR5bXaaS3tolor6vc46UZTUmtXKFlF3b5nyJuPWz13W2qbWp1usXl1qWo+RYbZ22qs122Vt7dRy7F+g8tcnPGOgzuFfN3xQ+KfhHwN4q0X+zmtfEOuWFteJtaTzrW3uZIyrTTyDKjYSdsPVsLgjkjjvF3xX8b/ABUvpPC3wz0ubQPDpJjuNQVDHdXMZ+V5rq5wPLUj7sOcknGec0zQvgbpGl+JvCsGsGXW7+5W5u9RklLNGzqmQWViWZQ4Jbcccc8GvOxGYYirCX1SDa9pBe2nblTbinZPez+0lon2OlYamqkPbyaSTfsYu7+H3uZvRX0TSTd73ehi2Ol/Ef4361Fc+IdTu9N0CdgBMxePEDt93TrPKrFHjcisyMWBVgRkk/SvhvwX4L+GujeIoNNhtoJrPT3e61e9dPNISM+ZPPduTgnDEIh3YOAM81y/j34meCfhjAmnRyLf+IraMC20PS2Saby1H7tZ3jPl2sYxgsxyFycjjH56/Fn49614vv50vbg+WwKJ4Y0aZhYRjkIdUuIiq3TD+NVIUEHOciuWtisPgoyqVZfWcWruTbTtKS5X05bp6pW5mtEupcKVSvyxUVSoqWkYq3NBpbrTW7Tu7K+up6H41+K+keLtf+12f2q60vR4HsYbm3ibEswmJeUM3GyRjhWAxtPPABrnP+FgaKEKrp19MQBwSIRnGCM5OOfbpz3FeU6T8LPFmq22k6pqeovpdj4nWS4sbCzDJ5NvAcAGNcYGVxgkEDOQ1ej2f7PmnrGpvNav5vNxw0swYKcFiMtg4PHcjBJHQ19HwziOKsZgl/ZtKmqCqSjeryxTmuV2tJSezX2b66o/OuL6HB+FzByzqdR150oPlg6koyhFRim+WUYttp6u+t7W2NE/EuxWIRroxUGKRQ09/EoAbPLJjkd+vr1wprM8P/F5fD1t5K2OmkLcTOz3F+mHDMSDtYZypzkhslhx94Y2H+B3hW2iknZry6WKOWQiSeTcTHGeevIDDPORwBx2yvCvwx8F6jYC6utNaZmuJ42DOzjajHbkhhksAM4CnGe4596phOOI4mjz18Oq0qc3C0klGN4XT5aDeumi06XR81SxnACwledHDV54aFSj7VuEnJzabp25q21+Z289u29L+0SY3XbceH7MOmCFT7UTgk4YL0YYIBwN3cA4rhfFfx6l1exubI61bmKT5GhttMdQynk4fBUcgbW45AwRnn1SH4W+CY2iMfhe2fAHzyKApGcA87gcH654OKo+JfA/hy00PULi38P2Ns8MLKHWJGZW6DB6rt6Dp3OelXicu4wq0Kjr5lQ5VTlzpSxCk4pfDdSpxta+6WrejsZYTOODYYqjHC5ZVlKVWnGEpxoRUZOUVfVVGraO2/mrM8Et/i7dxRRRRa9r3kwIqJDBbOqgKpGFIRiRg5GDkDLEfNyj/Ey7uZGCzeL7ljj5UaSMEkZyfkIHJz34xgHGK+jfBvg7T59D0+caPZSO8Rbc0KEuVzj5iudxGSRwOvWupl8IOnzRWFlEuD8qwICAoAIxtxnkg+2cnpnkp8KcQV6FKtUzWUfaU4yjGMKsrRai9ear/Lpovl1O2vxzw7hcRVw8copuVOpKEpOVK7lGSTbtSi9bXs3fztc+O7zxbq95CqyaX4naNHDs11PIImKt8pOcAEkDAx2HbGUi1PxRMSYPCmsTrJgo89zO4ORwQdwyORjIB6HIIr6S8W6R5WkXiTQh1Wa2CqAoHMqcDauMcce2ec817r4d0a2XTLGVtPtx5djbOqELnJjBJzgnnHcAHHXFZYfg3G4nF1cPVzWtBwpQqSkqULvmbSvFt8tlFW6u9/J7Yrj7AYXA4fF0cpw041q1SnGHtHaPJGDbTSit5NXuttT4CjtfiFPJiDwTMAef3vnv0HVtzE4+pz26mi50v4lCS1WXwtYwGeYQQCSN1V5W4WPJb5iCM/TPPOa/SWXSjDCk0cEMYaORwmxSzdMKOOo4wM9c8DFePeOo51vvBsY2xm41+DeFUZDAnCtx0xnGCBk5B5BHZiOAJUaEq9TN8bNxcLxUaUV706cXbTo5d/vWhx4LxMWIxFPDU8pwlKUoVZ3bqO0YwUk0+bVbX9T5Zj+HvxalBxoGkW4JByQGwSemSfXH3iW/TFpfhN8XMFpLjTLVCCdqLGSDjnGRkMBzgnqTkKMV943lhcxyPGXKfd8tV+UE4BbqRkHIAGecHA2rk5d/p1z8jh3yVYsADnpzuJ5BKnOevIXAzx6EfDTL7J1MXmMpWim/rCg7Xj/LFa2tstfuPJn4t4+MlyYPARSsklQba1irazeq809EttT4Jf4Z+Pn1u10yfXIFup7Z5hKsaAeSowVO0AKyjkcls849Ozg+A/jC5iU3Hix0DcBVIGc5GcqQAT6nGMgjkV7LcQRr8QdOUu7H+x5yc4ABAJII564wc8Z4IJzXr8MDG3gCKwcggMxAzljllGTnjkYx9O9c2E8PMmqTxP1h4uq6daUEpYqrZqKhZ2Tjq+a6fmuxvmPiZnlKlg5Yd4Wmq2Gp1pcuHp6ycteW6btZK19r6PVHydH+zlqMsaNd+LrxtjAkB5DuK9cENjktwRxjOG6seNh+CdtP4q1DQ7jXb0xW0Cy+cXkLuxGdrDgELnA4JJOTk8190PGUDRvIzDpwvyhiOSeDwMgEHoBk5PB8ShRD8RNZjUNJIIAEYgspLKoHAB4Gc8nnj3Fb4zgLIsPVwUaWFl72KhCpzV603ODhJ8ms3o2le2iS3Mst8Rc/xdPHuriY3pYSU4KFKlFxnz04xatB83XRvy62OFtP2bvCrRxmfWNQnZ1XISSReeScAlsnB54J/Ek11afs8fD61SHzftlwSyhkkn2v3Y9QCOmDnk+np6rExhiUOXDqVCER8jB3Y9AASevXAzk8m4XlkkjeTfIm9eGGCMdSD3bvjI2nGTk5P0WH4PyClFN5Vh7pRbc4yla7W7nJ31s0tde6Pl8Rx1xNUqWWbYiGqTUJKCirwSbtZaK/fW586+GvhF4HvdY8SWk9hJPBYXSR2kbnzDFHsBKswPJ4+b1OSCc16RB8JPh5bwoRodqWAy6yAl2B6AYIzkEHjHqcYzVnwkqrrfi8xE4+3xqygbc5jRsZHOF3EEnrt64HPdvHhycAAkvtDAdACeTnOcHAAGDjvjG+ScN5LLCKpLK8FKftcQnKdGDaSrSUVdauySVn2Vic+4rz1Yz2Ucyxii6OGfKq1RQblRpOUnronrdq+rv6cLcfDjwStrP5Og2MRWKQgPD6I23HIOSeQT6kjHbgvA3hHQ30y5luLCz3NqdxGm6BThUkcbcnnaAAMDhSMjjFe53Q82KV9jBWtpW+V84JjZdxUfVgOAAD15NeW+DCYNKulVlZjqV1yQSR+9YZ6Ywfmzgfwkt0rfEZXlVDMcIoYHCQTo4he7Qgk3H2PK7RV+u7s2tepz4fOc2rZTj3PHYqclXwqjKVao21eWy578re7WrstEkmbsvhTQooQUsbEqWBCrCDgjAXpgjjbngdeOTmsvVtB0iCxupVs7ZJVtnCbYsZ+TIAOSMgAEYx06Y+c7yztH8jPvYE55AGcHBHXH/ATzg7SATjJ1R5GtbjhpGEE46lkx5bYAONueTyevuMY68Rg8v9nNLDUUnC1uSDV7JO2mnXS2mmr2fHhswzH2lL/aq7bqU7p1JNKTlFarmetld6W7vYyvBOl2c+iWkz20c0pkcFmQnCh8A5IPb16YPAwcekLplrGpcwQ7ePkVdowFJ5JJOAOOc5x34A5L4fo0mgWuFy4lkYgbeBvxyADn14xk4OeK9Pi08zyNuIUCM435Jzjjbjj3HHT14ztluHw0MLQtSppOnCKtCNrNK90072eztpffa2WbY3F/XcRGdapK9ecV78rPVb6+mnT0enI65CX0DVHjhEQXT5BgHggKVBBz79Mhvdepb4Zu4rXQtKE0sqt9jjQIpZSGAOAGyN2eQQepw2Riuh1u1CeHdWBUmOOxmGcj7wB9ec9DjGSPpiua8PWnn6HpRDZQWUbDec8gHHTHAIHHbI5JGKcqcI5lCUYxt9TfRWv7WKu9tum7emprSxFSplEozqTlbHR2k9nRtdPrZa9FppY6A30U0iszTABQCTIWyx4zyAcc9fx6GuS8bs7aNqCRkGIQRBn3bjhnU5zkAD5scDGfmJxxXWRWbP87hAA3Tk7goOOM8denTselcd42JXQNUDNgGODBC4HDqCFIA3YGAO3GWyc5ePcFhayUVeVObVkk0lGOj8m3+OzWpOXc7xuEUJ1HGVem+qb1XzSTtrp21smdfpyiLS9MzJIxawhIALZ27QQDwDnGM4AHt3ML+XK4KhkbdgOSx4XIPDDPJJyBnJHpWrpFoTpGlSE7s6dblQZFAwUVe57DqCcbcjjGaZJAkThYzAgCclpoztyDnHzZx2zxjHHTm4xShT5nFJ04btbOMUvR6626brcynJ+3krP+LJa3lL+I7rrfz0/JM8q8eIW0eTcxZvtUShnXIC5GMcDgDvnPGOBjPcaNAyaXpvylmWxiIbaAMgc9vm3A8gKM49znmPiC0S+H5wJY3kF1bkIJUbkuOMDJxjnkNntzk13ehzW0eiaU0sse77JEQ5mT5SEHysvY9c8Hr1FcNCNN5lXcpRX+zUXq07/vGlfXdbXs3bc9LFqbyfDNRqWWMra2bslCldNKzs00l53s9zPmjmbgh12gAkNjnJ5KgE56AbRheWxjIHE+MopJdPtlVDtGoWyMzHLHLrnoARjAGMg9RkZwPQ7q4tkJeW7t2XIwolGVXp1GeSBk/ywK4Dxpd2iafZiO5hL/2nasVWUEhTKOe/KgZ59155IM29lHCV7VI2jBXu1e14dr28979jDI/bLHYdOnVXvXV1K+q0to1311b0ut2eqWGjwGCGZo2RxFEm1WOXwiknHzYznGAOAAeTydZNBEYLCJApAZmbnBByAVweRnIzgHt0NRw+J/DltZ2wuNUs0KpDuYSKzBvLXcMbe3PU/XFLP478MiIbdVjlXAACAHecnAAAyeOnJAGQeM11062EjTSlVpKXJF254KWsYtq12+u610+/inh8bOtJRw+JlHmdpKnJ3u1bVrRLR6JJ/ivL/iCirdeH44YVlkTW4AzKvUhhx0wASO3bg46V7HHYs0RdcrISmRuAU4Vcg8cMOfl4z3B4B8F8VeJ9P1HWNEEF0yMniC0chYG2pH5gXBbaQWJ5CjsOTnFf0t/8Exv+CYXhD9rvQNZ+LPxG1bUrX4Y+Gr6Wxv4NOuoLO51m5S1WWaWKeQlbe3sARLLI2VYArkE1+WcZ+IWQ8F08XmOYzrVo1cRh8Nh6GEpqpWrVZR5VGmlJRva93KSVk++v6zw7wHm3EuFwWHoRjQnTo161aeIvShTgprld1Fzu+yi3rfufhnFYR24G/wC++GYBhy2cEZxjGCMYwRk9+D5B49t1XXfCvlNy+qzAHd/eiAz0IIOQMY56H1r7v/an8L+E/Cfx1+JHg/4E6Te6x8N/CviCbRtE1TULpJ7i4+xStDcySTL8siJMjKrKSCoBBHSvgn4ijXIL/QLqeytrZrTVJXhkDq4kmCDKuoHCjIz7ZJ9T6dPifLs2yfC4ynTxVOOLp4avTozoyVWCm4T5ai1UZJNc1pOz0PMpcMY7A5pUwtSWGbw9SvSdVVYqM2ouCcOa0pJtaNrXVWtv7AqG4MA3ZRYY0YbhlWRFAyAOq4yPT6kmp0gWRvKDyEjO85yRjOMYTnr8w/MGvI9A8R+J9QujZteaXaTyvI+DHu2ogY5ByQWYDgZ53emM9da6H8Qb+4PkXctvaSK/+n/YituATwxfBOMY2tgfLjPoaqZxByVsLieV7zcYq11FLd3VktvNu17M0WRTik3icNGUnC6U5Skl7qtZU1a6T00Vrrokb0ulm78SeC7G2t5JJ5L28K5AJKrHIVbnoAAATnGfY19U6L4SmXTEkmZLdnJWVPNTc23qcDG3AzwTu9cHOPRP+Cf37IviL9or9oXwl8PdW1i9m0xdA1HXdb8QwQMsWj2MOVkmSQ48qR8eUpLABjnpgV9sf8Fdv2TfA37Od7+z18PvgPqupRaz4r0C+vvFl1NcGaXUpYJhFHMzDgbjksVGDnnI5r8Ixni3iMD4gVeC8Bhqkq2Oqwm8SpRUMPJ4eMo05vmjJznCi3aCk4Jpysmk/wBXp+G+HxfDWAzvE4qCWFwdSKocs+arCNaM5zi1bljeqopybc7WWqsflp4hsbWPzgigiON1Ul0LBxn5juPC9SAOO/Xr8k37onxXv4PNEefDtqwkTBKssyEFXDMu8YwcZOASeM12PiHQdZ0G7u9P1rV7u6uUQrMBcyKBMrASR7QVPysMHPc/gfKLOG3TxxcKHlVpNJtIxPI5ZlZrmIgMxP3e3fgtjnAr9fp4/MqmBpQx/LNRxFOp7XnbldfDp11er5tErbnwf9m4HDYupLCSaksLUpuk4OKunB2u73dla731Wp9f63qGq2un2kkbpPFHbRmfeuTPHlSAckhkI4zgjGBgA185eOPgPp3xP1p9Xs5rPQbmDTrnUbsJGBazeTgAPAu0I7EgNJtXJ4C4Jr6b1rSr+20SSfy1ktYra1WR925EeRFw24DhW7NkbjuOM1naZp0bxa1OkvkTw+GLpG5IWQPLGCOflI525PbJIOSR0VsFgceqFFyhXdWrD2lSLTlC0k24y1atd6b3VrdopY/G4CVaquaioUpyp0pXSnJuMU0nZTi3rb1sfmh4l+E3xI+H2lXPiDU/C18vhaY/ZbLXDG0mi3ZYlUWC4ClPMY87W5JYLzXjLytBFa3Wn311oWrrdB99u8ls2R91mdSFIGM4YEDOfTP7yeDPFFlrHwc8V/CXxXp8Wu22oT2c+knUEWS20sA5aaAHaUcZ3KwPIByMV+eXxN/ZW1XVtdvV0jVNOZfsdxe6baxoIpLuGzHzQsf4ZQDtBAAIxznJrx854OzLBx9tgadXFYSUrUGpL29Nrka5ZRtbbRaPsrNHs5Nxdl+NqOhi5Qw+KpxaqRs3SqRfK23GSdv70ZdHdN2Kfws/aw1Hw4NN8O/E63OpaV5aWkWvxqJH8hiq5vF+7MqqdzEgHHJ55PsvxE+Dvw7+McI8S/D++tLK+uDBNb3GlOi2l5K4BLTwxkGKQttV2ULgsQc4avzK1bRfEfg+8l0nxHp8q24JDWN2GLLGjEboXYZG7BOQB6qN2a6/wH488SeB9Ztte8B6rdCC3aKW58P3LyPby7SG2CBmxIpAIAjwR1z1FcGC4rq+yllPEWDlmeDh7i9rC2OwlrK8JtJy5fVS0WrWj9DHcL05VYZnkGJWXYqpKNS9GV8JiG7XU4R5lByTSbs4N9Fe59b+Gvix8Tf2f9an8DfE3SJdX8KpJElvPMHkuLSAYAutIveQ4UNkwnJOCA2a+lB4p0TxvZ6VqvhfVV1jTg7XEx8xFv8AT1YA+VeQNl0K5IJwQSOBjr5b4H/aF+HPxxmvfDnxI0ey0TWmsDbra6miCCaYDZvtLhwDDLkAomc8YyAOfOPGvwL8cfDu8tvFvwh1G7vtIkEl3LYW04e6gi4Yq0Sbku4GRiPL2Fto4PJavqchr4vJpPMeHcZLN8pvfEYBvmxOGi3FpezknNcqdpNJPTVM+ezmjh84pvLeIsJHLMzTaw2PhFKjWsopSc0lFprVXlZvr0X1/lJYIzHOGEUcjlkYFQvTqoAzkYZeCMHsNwv/AA1dhrfiZlYDd9mZSeWYqeVBxyTknnOcjjkgfK/w/wDjpp2qn+w9fVfDniJALU+ZGyabqFxu2tHKGXNhLIQVJk+UvkLjNfTvwlkF94p8RZH2Z/s9u0cMzqBcZwN1sc7ZY3YAoydhk4JwP1XDcUZZntHCVKFRUa8JtVqFSyqQk4Wd1dXs7pLS6e11Z/ltbhTMslnjac4e2w9SnTlTr025QlGNWnZqSTSfLe6fzff0D4tRW+sfDTxtazWVtOPsMWBNCjPExGFkjdgXTA4XaQc88jIH5u+JP2dL/wAvStX8PTG+07UNGW9+wzSeXLaSxoHkkicfM6hsgL0AHfv+mfxJsi/g7xXFEViBtIWkDLkkAKSpJ64G0MMYOTxkYryTQYdmmaZHPCwVfDk7REglVJRgf+AbeV6cYOMZr43Nslw2cZ1N1oNqGDhOE4Pllzqqnzb63Vlba7t5n2eUZviMqyelGjK8qmOlSqRl70HFUYPltfS6V01bXVtn6F/8ECbQjxV8b1lJkuLXwlaxynkEmK6ZNrdBwQF3cnGT1BFfvBfAGUo2AQzHcQRnBJUj8sgL0YcnFfiF/wAEFYFPjn9o8gACPw6BwQME3srNgkcAk9DgYJJ4Fft3qDkSsVBwzNlcEnq3OR0IB4yPyPNeHNyjXcLWjGjRhFa39xJJ91dXvqr6eR91QfNhKbupc1WpNad3CWrWul7NX1Vr3SMvGFwvTkqAARjGCMjkYySckZzgEcVEchAVGASTnHTHXGe3TOegU54xUw6HAJ4yNv8AdOcHp+ZGfqT0jY4woBGBnrwSR646np6Yx161vSlr7zaWlrNJapW3Tbe297ejZjVW3z/BRe2/n59lsQbM8HlsfMCOMN83IHHYEnBHTGBTTHt5ByMEYAHGPrwQOnPA6cipFzuOCcsuOxw3QgY/iwcYxkDPrw0tnILdRjpwSDgkE8kHkNjt68E9MZN7PTS9l0dnomvPoc94rZ2V2lfXS6bT3tdW9L3IiAoznaxOScnO4kjjOThRjHpxwTmoyBndyD2GcMQME5A7E5IPbHY4NWGHGBjBwV6nb3xxg4Hr0LADuajYHJIODhTwAfx5zyeR7ZHpWyd0notFskl9n5paPW7erXXRN6u6XVa9dmtUumnrtvqIF4+YgZ5ycDjHQYIHcdOSMZODgLsxtbIwFyFBGfrgAEggj2PGB1pHJIzkgnAwBgnPXjknjOQOPpjNG7nPOQSBjk4Pcc8Z7g9QCR7v+n6aWIWv37Wdvn3V7LbzuxqrgnDDuxxhdw9edv8As9O54GN1IMntwQCFwwJbHT8M/ifanl2G1gfu4UADk/M3UY9vu8jGBg4wEyGwTg4OTk5yOcHvxnpjOT365cffsrW26J6WV9XbRrSz0T6aajb63tomu60v0s9NVv0REwHOdgIwCeMDqCAPT3U54z2FRkkgEcgMFGQDzyMk9yB2xnAGM8VMxBJyOm5snAP+wCO/GF6+/aotxC4y3QZIxw2R3+XJAB4JB59zVX5Wklo3bpe+mu1ltfz1fYjdPWzvo1e9lZLTe6tZ9tOxEyfKRsXgLg9Ac9gMcn6k7cc+wdobcDjcQOMFl5HTIwcDnnOeOlP+8clSRgqBnjtgn3Ge+QecnnFQZdWVVT5gpIyRhj1HPQFunOMY9M0/idk02m9LWXS62211eq1VzLVdL3trrpaz30t01fyY0qrAEcndjJyMjOQcg7enBAHOflqF4yNnBKhWK4ztLcrjOcvgjPXA6+9Wi4U/MpGCHbJyu7J4bPJwSOOeoABAOIS5BGQSu0DgADnJwPX1BJ9+e2kG9EmrO22zvbr0XZq/luQ4rW9k9LvS/S27dl5Pz0K5jY4VgNu0hd3JLDp3wRk8jA7jGCahKEsVOSOSQQePRQuBwSOeMg5H8Qq0HUBmx8w3YPocdzwBg5PY9ScjNQnO75iSeGJ4x2J6jpg4yMEHJ4qleV+vbVLe17q+17PTdmM3ZRcZO2rd73+ytorS1tLq2uiI9hPyA4P3ecFR1GMn5iT9M9x05QL8uMsSMAKAfmKEE8L04HToeh6YNlWzxtOFJbJOdoAOMnBO3cQDzyOh61Hlgu7DlhjGOAQegznGSM8cHv2NCuvK3L1Wr01v2222b3Rk1dc17+d3s+W1l83Z226K6vWYsjEsCcgEKB8oxxhjzzkcH2z05IUC7iMEkKCzDO3LAhm7kKDjk8gHAwxNWtoYjABQcCPk4JwRuO7qM8DJPGOnFDEYAIPPH3gDuB5ySCWx3A6Y7DNWpa2W9lsrW2Xf56aW2Bcq2kumurunZ+Wt9NOytrq6ykrksTxyQMDCkAKBxgccnnOTgY5Bk5wDj5AcAHjIOMH0A54OPmH3T6OwrsVOeSTuOSAuBtyQFByTgAcH5ckZIEvlnaVyQSMnrkgkdRz/AOO4bgZ7ilKUba/PXpZPp17PW/VrUWr+F6dkmuyXz76vrr3iAfLbuMqU4AwN3ADYHIPToMtn6CBMhlUjAJPzdQABjPAJOfc5BP0q04EQG45XbuBHUYxyCc7huKkj8Kg8vcWLHkhWOAfk3cYODggg984HX1pwV9VtLbdeS3bt8+/SxVpe63ZqyveXS8dla0td316WGuquSHIO3CjA+Vd3qepPAxnk+68VGFIwCwYIzDAUhcHGCDzngDqfmXtk7RIDw4B3EEffB5wcY7hgM4zgnHYcU7C5ZeSoUZBGBkrgk5BPGSv3unHTGdFypNyveKVn6u72s/NWetnoumbTVvdV2um7dlp/we+11YYqkkLkblfuMjBHY5GW6YAPqcCmyIxDFFAKuT03ZO7HHHLA46chse9S7UQg5I+XAC5PzYPUgj1IA9h0yTQGO1QehyOD05yOB7dT0zjpgipbvZaWdui6Nb3Tdr77q19kS1FJK7TaTeq30u79HfS3mUnQBvmLZVstgcEdMgnIwx5YnOcnhQRiFo1Yg5Kg/MQwKs2cBeg/gzkYySSDkg1bP3mXAZM/MW4BX1AHzDnaOwIHXIwY8KflUZJJQEkdO2T1AB4AyRxk5PFVzXaSS++6tt/Mk1ZJX7vQzs27vVKXa7lqrbWv6Ll1SS7uIAIV+Y8EDA5+X7wKkA4HXoOvp1Ad27GMoGOMEDceOh4BwenGDkHPJp3zA/OCSRktwAQPlDLnkKCSM5JPf+Kmlm3I/IH8OMcDIx3+bIB9fmx0wKqL076KyV1vZX6LRarz1vY3a927vG1m7aWb5b3utVdt9lre70SEklcjnkgDJK7T1zu7HBIH8+KbkktuLEbh7DAODjdg8HqCRxj8JDk7gAxXI6Y4BHIztzgdcZznnJ6FMYABIIAJAB27ckbSThuvHHB9+uR73Wt9r2eto3em/nZaNaaXvn7re/4WTt5ta8v91+t0JtXBKEgbWxg+vAznp0znp1JyeKi2HC5xnnIZsHnAzxjggdOxO3JAwJCRk44UfKMrnhfvZyQTnp3B6qPVm4rghg33toGRjgZ6js3YnIByRwCHqrNO21mrK13G7tZW/HV9CJq+sUtLtNdH7i2e7Wiae6021GbNvIIDDIHzDggEAlhkEHu3OMZBIwablgOuApD9c5xnAB9u5J4BODg05nIO0MCBgDjPGCWIPpgY/lQmcDk8kqMjjqfQZODk9fyIq77czvtva/TbpfT5mLV18L0td2SVtG3q2tWk9drW23CpJIBGPlYbiGX5vTg4K5wCefYZGWEZ3+rMFJAIAIAHBx14GcAAHBzknEgDAjndkjcQOeAABxjkDv6kdaNzH7xJwDknsx3fMRwSTk8fKcEZzzVqV9NGlZaW6pLr69betmk1Z2jpre9tE1flS3b2a/4C2IiCTyBgp8vbBB4yTjPJJPB9sdaaVIBJPzAduDnkYDdjnqMdPY8TMu9QASuBwT905bkr1K9SAOMnJHJIZduFxnp8ue/JOAcjjGcZJJxyM45am1yu+qkrr3ddVoraeV+71bsTFu75k+93Z7OLt8tu93Zu7sqhJ9MAsAfl6kgg8Z5we/cDPTinbDgnIBLcjHOM+p65HHqMcjmnEEnGCWPzcMR8vTGcEDnoOPpxSBmU5w2QenqCQBk45JPOQBjPIFHM3ayV3y21W94K7te1+W9tN9+980Ula2i0tZ32s3bzsr6p2snqkO8sjnOeTtHJ47t7YGfmGAxzweAUCHaxGOdowAOR1Oc9OhyOM87cU5ZGGScnJK4I7HJBA6YAyTnHTnknAWDZyCMngj7wKHvyCQe+TwDxngG07dI735o+sXbbpslbdNbpWT1bb00ulZ/3U1tdpJvvonpqNAP8PUEHpyOo/hBwRjGeemOeoATuGQQFHzEfKuDz2GSc8jjnucVIFJOcdUU8FcjPzfjkgcjk+oAOVKZOSGYHjGMgYwSSRz1OSckc+oqVNxupaReu60furXW9lotrK62Q0o33vsnZWafu97W3169nuyHaxAyCSeq5BK5BOT3yQenA7DORTRGScqWUgbuQD8uOQuePyzz61aLdgWyQTuAOFGcDHTdnnBAOOcmmYHQArt44y2D3Gep+ucHnAFOM5aWjdaXk9NPdle1+um3d32sTKOttOis9N+VPTztfq3vtqViuBkZztUMMcgZI3duv6g/WnlyRkqQST1H90DpyOCBkd+vripTkkEZBIOM9eMA4OOh6E5A4wACBQVKrgFQ3HGMEHGWPOduR7n6YNClzPda6tb2ta7ur7Xd7aaIz2knumu+9rPTRvq0la2mmhGS2R8uRngfdAJOdy+pIz9SOuRupMOQQARnABHPP1x1P0+nqZCecZb73PrvIb5QwGOcj7oJ79SacnGOeTlhtYEgkEcnuW55II6Eg5xV3dtV0WqSV5PluvS+2trpre931S189Ur3stLvRdVtv10vHtYAFVbBIIwckn39vccgn0HJtIbPJ5ONpIBBPHrggquOuQe5GafnI4YnI5yR26kdxzx6ngdwCjsuCW3tjgAdTkZyM845BLdznoRijWyeyumm7J629ZfL5re5LUmk07bW1SWyv01sm307Wtu1lwRnBCgKOBwW9eefx5PJJ6UhDtlQAQVwNuT0wAO2Tnk7uSTg+oViQSRwGUMoIzySPvDOScck89Bx0wqvtUEg5BBwu4k+oAxnP90kH09KV03bS11orLZJNaemvZOwcrba2T0jZrpo+u22ll0u9iPaTwxwCCRgjOR90KDyT6nnIyPmp/l8YZsEKB8v8JzgAjgnPAP8AeA9aMYGc4JYEjGTszwF9O+Sc57+7/Nyw67QxX5uvC8eo55APXJPI5pWsrLy1+7v1Vvw6jjF26X3VvedtPOytpbu1ZJ2Iyhyu5+AOB15A4UgjGMdOo6Z7mmlAWyTkZJ6Z4OTzn2PIP04xUgZSRt4wx5yM7OrBc/3hx2GQDzigsTvAXoeBuHqDljgnnJxwFyfXJqkrJO3Xzt0Xnd6dVe3cFDR3jZ3Vlu3s7Wauu23Te7KrICoKYBBZhkDd33HHB6ce+SQecBTGSzZOScZJ6HleuOmcE8LjvjHNThSxViMMCQBkYZSpDdMAdSD9OOBStls4DfLgAkY/u7ug9MYJ6DkZ6VSclaXRaeiTWi7Xv89XvvNlGLutPddla97Ld2b8rbrpuyFY2w2QoJI25yDgccYyCTzyVwufenFTzuxuK7gwBBwoyRg5PC4PGcHIweKlU4ZWGc5+XgenIGR1H5gg4OMGlOW4GQQuAMDJyQRgcdMkc49ccVO8tbaaX2a1Tu7dUtLb627pwkrPd62T07776W2fn6oqnkjB7dDxu7cEDoDzwcnr61MFBYA7TtIALdMY5HTtyTwT296dwcELjacBlPJx1+mDnI6Y4680oRmyCAVOM8HnjJPP8Iyec0O1lZpXsvPSK16vS3Tt1IlG7VrON7t21bXLa17dPibu7aLuRlQM4RRglgBjJ5wMdxjjjJBz0HWn8cjHzDC8DgE85wDwOxHXr/dp5VgVXoc56ggAY2g/KNrbc8DPXOT2BkBifU8KTkkYJIOMZ5G70yecClolfTd3vbZqNu339HdbtjjFa6PRKzsulkvh8nyq/a3VNtUKWAYYBYnIPTtkBhk84HGCMnIPaURjOFYABeGz2ORgEg56HB4B6AAnFRjqQQCRwM4znjd+JPzHGON3bJqcgkgFfl6dPmUA8gEDlTx26DkncQRTtpp0276JbLXVrV+fXVUk0rNaaa7bu1k721vpvZa32FAC9BgqBn0JzzhvmxnkcjIGRjplyjcXByGCgJ8oBXuTnqSAMLnpwTgYzIo2g4yS2Acj5QvGGz0POcc4HHPeplUBRwG4PcZJPQcgnJA9OeTwFOTn+JprfWzvva2y0fa3XXRtlWTttpuld7vvd7b2XW5EsZ5O7JKgqf4fl7DHGeecHHTkc07YzFsqu4kFd3yflnAyMcHI4G36z7Sy46MqnDDAIwFzgDqVB5HIGcnnmlCNhfUNwW+YtjkDbuwABj2JHBBzQ5X1Vr301s9LXbTd3rzfClZK26ubU47PRpv4VvbTVq/N809dtrtQ7CRg5wWxjsSRkleFJzkkkE5A4bPRUJ9dp37RwOMnpnp8oPc4HUAdDMFdwCec9Dg5GCuSRnnd6YxxzknmTYTuIB+XB7HJA4OG/iGOARzj1AFc7k7Wve2iT7b20XZefS+ppypb2tv21XKu+3fa9rNvYr7AVzgfKWBySckn0456H0yeuOaUx/MScAjAXrkHOeOhycfe5OTjk5zY4GGx6HPB2AddxyOpzxgY6E8GkKvjftXJ3HBz2PBK4yfYgnuORjOTne2zWlm0tdtdG9302e2pXs9dE73Wi3XV7arTvs9rWdoUHr8wG7I5AZh1PJyADkYH8Sg/ewosJGRswAuRyMFg2SVBHOQPbHXkZGaSPLAFu2FznGG/iAOOvTg8KeatqvzAtkkNyFB5wcccHHTLY4+hNQ5dtLW2stdO+l31StbTuaQjJNczd01fmfoo266Jx3WjuyIxMHK9jhd2Bgk468k/yOQTip1R8jOSBnHHBYckc88ZJ+vfrUwRnbcc9cDJGST3Cr34xjhgAeOSTIcbtgY4AUgnpzjdjoc9c43EdT1xWUpN21vprfvb573d+zWxtCK1tdpvXVN/Zvo3ded3u77D4wwJOcArnaMHrxk9xkjr3yeoxmxGCpU42kDAC9FyWzlcdWyCOeckcdKhXox6FcBTgHIXJPOeAcfdPX5evFTK4PO48bSQc91xxjqM8knuRUO11fe2i0W/Lbfq+l+zb1NoxWqu0tN+u1+ltVfey6XvvLGpXk5BBOWOM5PTPTuRjAGeCOCCbChmKll25GASCACeAeMcnnJ6c4IIHNcEnB565wcknaOpxx7+3T0Juwk4ViwBJPy47AnnpnnnOO5HPzc41E9dFfpumnaK6X2d730s7aptramrvS9m9Ha9721s1s0rvX5dSzGrfKThTkjdgZIGRjPfn8+eBzi3GrDnaTgjr07fKAVJGRyue/fpmJDhQDuyrAgkYGDx6dvXoavRruJAJOCDuOCoIxnA9fQcEnA71zSdt7NvSO9tOXRNN30vqlZbydtTsTs1u9la+rtb1v32020Wo5FfcQpIOSTwCTgEHHUkjHQHqeSBkjTt7dSU+9tPO3GcNgEE5GQD17j86bawEvlSu7GTuOCfoOMHAz7dsnr02l6ZPe3McESsXZeWYjykU/eZ2PCIiqzMzEAKD6ccs5whzSlJRUU25NpJKy16bK9muqR10qc5yhy3cpNJJbyb5WnZPe9tHtv2J9NsVmEklxLFbWtnFLd3t7cukdrY2VupknubiViESKKNXZixBOMDINfkj+0z8cbj9pbxBd/DnwLdXFt8DfBuqxwanc2zvDL8R/EEcgVppXVg8mhWsgYQx/cnIDE4BJ9M/aw/aDv/AB9dax8BvhDfyx+ENHuEt/in4506RlfXr6GVVl8H6RcJgtbKw2X0qMVP3SSSRXgCf8If8H/BupeJPEE1po2kWE9gqrtAO3YNlhZQDm4vJXwuxMku2T3NfnWdZpLH1XSpylHDUtFGN26s27Juy1Ta91evZH6Jk2WxwUI1KuleUeaUn/y6UtUk/wCZq9rbXdz2WCLwv8MtDPiHxFPa6Lo2g+GDNcTN5cYVVt2EVtbRrjdcOSI4okBZiwJJHNfF/gf4e+KfjtdN8RfHFrPpfgVNWurjwF4Ouyy2U1qJJJI/EevQnaLu5m2rJbW8o2JkbkJOKxtSu/H/AMdvGln4x8c21xonw00uC6m8F+CJnaP+0oLUfuNY1+AY8yVsq8UEpYA4BHOR94aNcabaeBPC0Eqi30+1trW4uQFwZndJcQRRrjEb4GxQMAAkADmvDpqdFx5pcsm4ylFO3LBJfFbS7trf7t2/ddq7uoy9nBOMHd3nK8U2rrVWW92tU7n5B/8ABRTw7Z+HvgJoV0s81xf694/sIpGmyh+zW0jRQCJMhY4AgARFACr271+R+Etk2r+8YFCEQ4VSTwT2z/eJwBnjqQv7bf8ABSvwzd6v8AtJ8c6nC+nafD460W08P2CuY4zDvlVpShwXdhtLk7ssCRg5z+MtlYpJF582xI2bcXkIUuAMjPOR97jjPb0x+n8EQeOoV5U9Iqq4c/RWVO+/qr7vTa5+GeKVeng8ww8Jpqf1ePLTV7ybcbPvZtNWstLdL24TxLbyCC5mfcxW2dgMfIAVOBgYBbPHygnPIGAcf0ff8E/WktP2TPh66oiM63Z2qMlskk46nByOOCOfm9f51fF+oWLJNbwt55SHYyRrwrMpGCeRkDB9cjrkkD9x/wBkLU/Fl/8As3fD7TtIu4tB0i3tbiGacKHvbiVmIJjHOwcjqPXbgmvQzSlQoZpTVNqaVFptO7bbg2/PS/fa1tTzeG69arlVT2kXBSrqUb3SSsrNJ+9q+y0tufbvjD4iad4N8Pa7fXMub6PRNUligyPlzCQuRuOxQSASVOCOcgCvwN+NHjKDUNPht/OidJbia7lxMpE0tzO8gjwDzjcOvHBOOa/V74r+G9Jg+G/jO4nur681J/C18rX8k5ZhI0eDgnAX5wx2jnOAcEGvwo8UeEILN445Ly4nZ/ImR5JWk2s5B2KhPRcjkDIJC7fX834yq8tWhSi3yypSd1/M+V6/dr92nT9U4QpTnSxE2/hqQila+nKpNK+y01d+2lnd+5+BG2fs7/HlniQM/wBiRGPIRc7xjbnJAKnpg9sE4r8SBDE2oXckqKY2urk4/vneRkA5IHqcHBOTnrX7heHVTTP2X/jZG0ckst3cWkMUqqfllCIVLMf4exHI7DGDj8Lz5hluWdmVhcz8DrkSNkAZGPu/MQemcZxg/nWEjzYivzrmcZKy7O0Wk09Neib81bQ/QsxnKOGwqjKUXyOV3a6ty2Tad3r0W1m7pnTWFgC4jTYImYNy4AXByqk/KOvBJ5AJJPIJuXDiOaO3bDgSdMbgqjAAVuM55Ct2GQO1czFNLuAExU7VODwGwOu7PT5Rj6+nI9G+Hfg3WvH3ivRPCmiQPdaxr1/b2NhGoLYed0V7mVsZWG3H7yaRgqooJ3BQWHuU3Cnh6nu8kV786kklGMUk3fTTbXTdNXWp8zUhVq4imlPn5kqcEru8pWW3vX1aWvbofV/7KnhDTvt/iH40fENBB8Nvhhbx6rJHNjbr3iW2Zn0bQrQSHE80l2InuIk3FYSWbjIrpPD1h8Qf2oPjXfeKdQgmvfEPiy+EsUT7pLXw5oIJWytUUArAlpbbFUKFXagbnAxqfGO90vz/AAh+zn8OJEuvBXwwuI18TX9qmR4y+ItwFS+mmZM/aksLktZRA7k2oHC8ZP2dq0en/sX/AAER/MtR8dfi3pxTT4Tsa68M6DcxES6lKCDJA/lOYrcEKQ4BGMZP5TxBnDxeJ9nRd5TXJRje7UFyt1GtdHdTb7JK3Q/WOHsojhsH7TESbp0WqlVt8qnVSi1FNW+HVW73Vtkvmv8AaZ+IGm+ANGT9nn4XXLT2elhJfiD4hsAxl8Qa0V/facs8Q+e2tHDK+W2blPGa/NK+ujZpMQCLgyHfgbxFt5CDjkrwMZ5HQ5zj6RvdVsNE0DUtUubmLUdb1VJ1tp5CJLk3E5Zrq4nZiTvkZixdsnnB7V8v3xW4ldXPypmW4c4xv6k4AOckEEnjGRijLqMadJQ5bpX55y+KpN8rlJ9bPVK6asrd0ZZhiHXq+0lJbNU4JJRpp2skknaySbet/VmTExBa8m3NLI5MKN1dyOHbPG7sB2HAr3X4CfBbX/jL47sNEsIxb6faA6t4m165+XT9D0u3YPcXd3McIGWAOY4ywYsQADnnzzwH4L174j+J9L8O+G7KS81HULlLW0hjjZliiZlWS7mwDsijA3sxO0BTxggD7o+K3jbRfgd4GH7Pfwtu4m1m9jim+KvjG1IFxf3RQNJoltdIfMNvAyskihwGYfMCDmuvE1ZQtRoO9eeqdtKcLx9+Sf8A5KtG36GOFowkpYmvdUKLTav/ABZ+64wi0m9Xu9NN7MsfFn4u6NoVpqfwd+CglsvAIlttO1a8sg0d/wCPdVt1ENze3jR4kltHuNwhhyyYIA5wD+7X/BLT/gnpYfDHw1on7VX7Qmhw3Xia9tUuvhV4C1OEN9lQxiW11/ULaUfIQGV4FlUHjd1BFfmH/wAEcP2b9C+PH7U1rrfjuyt9T8FfDHw/c+LrnSL1N8OrXNm/+jQOjDa4EoWVgcqzL8471/WLr3iGTxJNc3kcIt9N07Sp7XTLOFVSCxt7XEUMMESAJEqRgBQqggZ4BwT1YOiqNO0ZKVW9puXxNyjG827btt3d1a1lpcwxFeeKrqc040lZQS2Si17qS6Kz101Wj2T4jWfEGo+JvEj6rqc7yzzIWZQSIoUBASGJeVRI1AUKuFA6V1HioCD4ceNAVOJfCt0ikZwOUy2R0OWOQRkd92Qa8p8MmW8kknYtmOVM7j1BdjjoevfIP8q9b8a7f+FXeOpG5EXhy5cklSFXKY5Azk9zx1GOcY9CrU9lTtF6tJJNrS6Sei00STWujb8zmUeastXyvlkr21Taave172svNPW+p8beDbZBpmgQQ/O72bF8k4CmToTxjcOc8jHU5GD614s+I3g/4M+C7/x145v47PT9NhP2KzBBvdYvmQmLT9PiJ8yWSWQBXYKQqg555Hi8fjTwp8NvAkHjfxZfRWGiaPpaGYuyie8uCrvFY2iEl5riaQCNEQHG4secLX4VftJ/tE/Fr9rD4taZ8Pvh1p91e67qlwbDwp4btmaSx8JaTKyxNqupBAYlvfKHmzTy/wCp+6ME4HycpTnOUYJ3Tabd7KzWv4Xfp0Z9TGFONKEpaR5dF/M7Rdkr736vZ7PqWv2kvj38V/2wPixb+DPCOn3Ou+JdTkMGheF7AvJpPgXQgxBvdQKZhjuzCRJPcTEGMgDBJyP1w/ZL/Zj+Gv7HPwbHxB1m8sNX+JfiWGSHxD4wuikt1aMFLXGk6Kkm+SNA5MSmPDu3KnvXF/s4fs3eE/2P/hVr0kbw698UtZ0sz+OPHdwDLL9suUJk0ywuH3PDZWzOyEoy72XJGAAPULTR4vGemabrfia/TRvhr4OsRfTT6vcGKyuLiIGa71S43kRtCvPlqQXlbbjng3T5aMKkqklGKhzc8tHduGqeru9VFK7fmnE1UZ1OSMYJuWkYLorJRjppe+78ranX6Wl/8WXm8beMIW074f6Kz3Xh7wxcTeQmpzWzNL/bniCSQqqWqBTJtlwjKcbePm/JH9tX9ufV9f16++GvwUv3u7mMtol34u0yMsEYgWzaL4RhjXAYgmKS8iBOASpXFT/tVftq6l8Y5pPgx8AYNRs/h5HdjS9Q1zTVlj1r4gahG/kCzsFgxJBpG/5fkIRozlu+fbf2YP2O/Bv7PUGk/HP9oZ9HTW57Ce90fSNRkhOkeDrbyzOmo3vnNsm1GNdrlGDOZTtwTjPgZhntPDwVGKaU7clCN/aVXdJOdry5ItXak1urJ7P3svyPEYmXtG1GEXH2lWTTp0Iq3Mot3U52TWj0su2niP7Gf7ENrZQv8U/jjbiXxC+7VLbSNYcMLONyLg6prs05BeYKfMIl+YbicAfLXlX7c/8AwUQ0nw/b6p8Fv2dr2FZ4IpNN8UePbHYqQhVMU2maG8eAFUB0M6EqAMAcDHh/7c3/AAUK1nx3qHiP4Z/BrWJtP8Ay39ymq+JrNjb6h4lAdkeKAxENb6ccMI41Kq6YB+UgH8eLi8eQs5ZnZ2Z2V5NzknkySN1ZizEs7M3TbnHNLK8lrYqqswzJylJ2nSw1ny04+7Zyi9LLto09W90Rm3EFHB0Z5Xk1opJxxGLjZOclZStJ2btZ3lsulrXLGq6ldaldXV1dXE93d3Usl1eXU8rS3NzNIzMzzTOS7O7EsQTknOCFHPOzRhxkHBJ6A5DD3yNoXA4OOv1wLyrJLgRqzu5xtXJY8Y5z6d+Mgn5uDmtlNNjjhMcrb7mRc4XJEYOB1U9eccc/TBB+zS5I2SSSS6X6R0VttuVNve3SyPz+pKUm225SdnJvd3Sk7t66aXvvfvszRdGS72tOxSGMhizDb5q55GeOuPfPzdBXsHhXwT4n8da1pXg3wN4f1DVtV1S4itbPTtMtpLi6mklYRrtjhUkZ6lmIAUgnjGfoD9lT9kX4oftMeMdL8IfDnw1fam7rB/a2qzRvFo+jWsjqr3d3dsvlKsaneFDZdgQSCa/p68C/Cn9kn/glN4Bj1/xPNpvj7483VgZUdUguNVmuXgJaKwhkD/2Xp8DAK1y6/vNpZMAg0OonJK17JaJ6X00vsr662urvbrtSwzdm01HVp7ttqLTWiSX9569ddTwj9iD/AIJk/DL9ljwXH+0f+2Xe6JYXuk2y6no3hPUpIJLXTJUjE0ElzBIwN7q7MFWK22nbJwxJ+Wvk39un/gpF4l+Nuo3HgH4cG88L/DSJpdL0Pw1oivHrPinZuigmuktcSGOdQNluqhArBWHevE/jj+0p+0h/wUC+LNv4R8KWeo6/JPd+VoXgrQ5Jx4e8PWbSYjv9XljHkAwoQ888wKjbwOFNfqx+yH/wTm8F/s828fjz4jy2fxG+Nkljc3aXV5FHc+H/AAfKtu0skGmW8oaKe7gzsFyFK4UlQDgLrh8LPEP2jhflV1dWUUtVule639b9TWpiY0YqnTkk5aXW/wBltx0v2Tk7t9H0PkL/AIJ//wDBO3S/iZ4e8PfH744XElxoCahc/wBj/DN0ZZHv7K5y02u5JKxrIpBtpBuYkknk1++EaWen2lppOk2drp2kafDDBZaTZRJa2VlbxARRRxW8aqihUwd7DcWPJzkjwP8AZRxN8Bob0ApNfeP/AB5K7rwrldduF4XGFB2gBAAAG4GCRXugXEisG5OGYFR0ABHXqcgfeHUZyMqa+lyuhS9kp2j7TS19l70U3d79OnW/Sx4mZzqKp7NN8qtpf/DrZat6tXd9dOmlkoXZ2YnAYFhgkqBgghQOd3QEEg5BODirHT5nOBuJCnhiSMjI64HPHIycDIqv5rHMnIQtwARyw6kELuKjB4OMLzgnOJ2JbDjLfMBgAFs7SQT/ALOfvDA5HOO3pSjono0mrvT4bx96Ordne1+W1vPReQotO+t7p67Wbi3a12uy3snsmrv5U+NrM3xk/ZejB4fxFrm0KO+ZAN2QGPTA69ccGvsyKPEaEcnJQoMDAHAI3DpjkE56jHIr47+MkRn+NX7LzeX5Yj1/XnJGcHaXxnOcE456gYOVGK+0oYPMBkIbCyuNq8uV54VSQcD1PA6swzivHo1Iwr4p7ctVLme1o8t20rauza001PdxFNvD4Ky5pOlpfdSclyt3uujerb7tkccKoRiQBShIGTgHHAyTtVsbhgZO7qeSR5Z8XvjX8OvgX4TufFfxH1+20i1jWR7HSfMR9X1mdMsltZWobzmEzYBl2LsDE/dHPzL+1p+3j8OP2cbC60PSGtPGXxNlgkFj4fs545LPRXKkLd63cqXSIxH5vs7nLbRjqM/gtoehftPf8FF/i1PNp93qGo25u8a34xvFmi8KeD9PaT57XTUYC2aWGI7UjiBkcj73SuSviamLboYeTp09YzrLRNO3uw1tfW12lbproumhRhhoxq4iPNK14UuqStrU7LS3RvotbnqP7S/7cHxp/a78WR/DD4Z6Jq9toN5dG30HwH4a8+W71Hc+yO91q4gVSFCkNIszoqjIYcAV8m/GH9jTxJ8F/HngbSfi/dxajr/i/wAOnxDdaTYvui0dXVXi06d1LCWZMlZF+Vg42+hr+m79mD9jv4Vfsr+GksPCtgmueMbqBf8AhJPH+pQpLq1/dsqiWGzkcM9paBlYRpGyFQOrbhj8vv8Agqaoi/ab+H0KMxI8AxyjGTlnDEk5Y4bAwc45IzyM19NwZl2Hp57lkK1OM4VK8VONX3lU+H4r3unu73v1ummfHcfZriXw3mtWhVlTqUcNUcJ0nyqGi/h2ty8rvZ6ybvrfU/N/SvDPh3QoBBo+kWdiTncyQKZ3VSQGZnVmBGSc4OM469dO4iYKqLlgdoBICjqPlHYAckHbkgYHPI0IbeSMRzyEYZiMk4baCDhgfmUhW5HPP90A5W4lVtzMBs48vBUZUDgBVUck8AkYI3NyAK/rehRoUKcYUKNOnFcukIqMUlyu1o21a128+p/A2KxmOxlaVXFYirVlz6OpOc5NXWzk73Vur/Qz4YlQsv3snauHLbWUYIJ5OeME47cHPS61uREwLkuFVskAjHYDv93I2844OPSK3UxzKzHqC2GIC56hRkcn3x068DI6I2M92JJIo5ZXUKxhhXcQoHTIAGSBn5en8IB66yr06a56s404JLWUkrL3b631XVXs3sYQwVfEyVOhSqVpytyqCnK7draLV62j5+dkjD8pdqnJBJ4VTyXUY6Ade44JHQdOPBPj1JMvhS1VxtR9WtgB770OCQecHrjqOxWvpW6tLXTI1u9XvtP0i3T5XN9dRIyllyW2sckjkjpk4HJxXzB8afH3w01TTodEsdUutZu7XULe6lazTbA4ilDMglO4HcV64GQc8jivhuLOKMkw2XYmhLH0KtadNRjSpT52pc0Xry6JKzWuu1z9K4C8P+J8RnOX495XWw+Eo1OepVrp0o2UfdcYyac7X0suzdtLfTWgIU0LRUcctpdgUdeScxRrhQoOT0z0OMgcjFdElpKMXF4Ft4hkNPdSpDFFhSAT5hG1CBuJbg59ME/Ed1+0b441y2ttC8CeFks47WGK2triK2e7uQsUaxnEirjcSM56ZHGVbmOx+Gv7QPxPmFx4g1O/sbElVkF7dSQxqGGBiFNuR94/M2OvUmviMX4s06NGnQy3AynKFOEFVrytBtRS91Kzdt9b9Gfp2A8A1VxFXE5vml1VrTqujhYK9pyuk5ysr2bu7X0eqdr/AE74l+Jnw78LSONT8UWd1cx5DWmjn7U+OgRZFO1WUgg56Y6YwD4nrv7UelQO8PhDwtJdSAkRX2quzgyYxxAqg53EEISQCeO1dX4V/Yysztm8Ra1c6jJvXzIrdWVTuIBPmPgnuQSfUAen0f4V/Z18CeHZVgg8NwTSBw0dzfJvOAuS7FsghtpGeBn3BFfB5lx/xHmScJY2VGm5K1Oh7lk+W6bjZtNJppvbtbX9NyTwv4QyfkqUcsp168UnGtil7WTl7rvaS5G7K+l+z7L4FuvGf7QXxLURaYNVtNPlYL5GnQNp1qFYjbukChuc9Tg4BPXp0vh39ljxl4mlE/i3XZoJ3cboy8t1cncMnDSM4BPQjC8EcAGv0emsPDPg+JZNXv8ASdG0+NDIY3mggRFQkBWwVO0gfKwyAB6jFeL+Lv2rfgp4F85bXUk1zU4iWgj0tBKm7nCGVSVA5AyO2cnGcfK4jEVa0r18RKcnq5VJyu9rNpt7+uurbSR9/h8PRoRjChRhTjFKNqcIwjHZWXKkui0d1bY5fwh+yL4PspBJc6e9/NGu0zai+I1cAEyKgxw205XJIyfTA+ltA+FXhnQrNoo7WxsjFEUDRxwwRgKThmkcA4JA5Jyeua/OTxj/AMFCtduUubbwj4ctdOSTcFub90lkz03qi4GQT3zySowDmvkjxh+0x8XPGLzR6h4u1JLabcrW1jM1tbhM/cyhyFx6kYAyeMCuWeJp04pr3rNLZO2sXdctk+7bd+j891Cbl/KtHffR+SbXl06tpI/TzXviT4K8B/GbUpvEWt6da2tt4XKRXMNzHOXZZF/0eMoxXewBJX5iSTgDFc54t/b38AaVDLH4X0i78Q3ATC3FyotYVdeBnIIZeuAA3r1JNfjZqerX97Lvurie5mfdumuZnnlJBP8AG7s2Dlv4mHzd6om6fCrnC7fmXBUA5POQOMnnPJ28k46cjx8p3slpZq6ulJ21W+m/dbu2ivcaMWrO8mkrt6bbSsttPnZ7an3r42/bp+KviOOSHS5bTw5bFWRFs0DTiNshv3uDzgj7oHPTPJHyh4k+I3jLxPI82ueItX1Eyu0h+0Xcvlqz5YnYpVTj04OPoa8ze95UbgW5xtySDwMjIBHTpyOo96jN1O52IrAk4IzuZvZRzn04yM+gIrD2labdnN3eqTdvw1Wu+vXoVy04P7Kur62XbX7/ANb9lryXQ3FvNLA5MjHLEs2SSzEk9QR82fUkZzVaS9OeCqYxtY5y3b5ep4+mDx14xDb6dqFxkxwuFIGGYY689ztxj5S2OOuOtdVpHgDWdXaOO2gnunc4VbSGa4bcTnJIBABPIH3eOSMZXopZbj8S0qVCcnJpJ2betumr2d/06nHiMzwWGTdbEU4KOrcpJWStffd9tN+1rnHtdKF+b94WGWxkbiep4HB6dODg5x2g+2TyOVRX5ITgfNwM87e+OoI6HIPNfXnhb9kvxzri28sujS2Mbsp+0aq/2SJlOMusbcELzgDAYnB55H0X4b/Y58P6V5Nz4n1uBn3bJ7HTogx2qMkfaO+7J+bkY92Ar6jLvD/O8c4ylD2MZW96fu9F5dFZtpbLsfI5j4icOZfzqWMjWnG9403fpF2tF/K91ez3eh+X0Wk6pdkBIJ5A5wMK5B3HPyhQSTkgAAr688V3ui/CLxlrao1noV/LEEMhlaB4IFRQWZmkcAbcDocEsOnTH7CaH8Kvhj4Shim0rwxaXVzGCWu9QCyyEjlZAGBH+0em334A1dau7BbC+thFBDA1jdfu7SOOJUDQsOqBeBnHUHqa+1w3hV7On7TF4vmtTcmoxvfljfRtX6K2n3nwGM8ZqNSpTo5fg23UrRp81ZtL3pRi2lHfd295Wu/Q/K34c/s8eI/HUN1fxSWdlYWl61jPNMQ0omjJRsKeGUYxwOo9OK+oPDX7K/gbSxHJ4g1W71KWMqzW9qBBGCuNxzg7lz3Bwck9ia6z4AwvH4U1+OJRJG/iS/bl8nLSsNygDO4Lgnp0PBJzXsnkzFmRkdymAx6qM8AZUEDAGG3ZPPGccfT8M8FcPwwWHxVbDqtWnHmbqvS6m42SSV9tVJv57nxvG3iLxNTzXF5dg8R9Ww9JqEfZRSqe9CEtZ3b3fS9+xiaB4F8AeGo4xonhmzSVclLu8RZ5WI6M5bK5BGOgHTB7V1rarMkSwDbBGxYAW3lxBM4APy8ZIxxg8cgZzWb9nnBlQnyo1G7MkiBWXBPG4kFepIPGfQcVzWq+KPC+gxOdT12xgZEIaNpkklLDkjAII2jpkfeAOB3++pSyfK6SSWFw0Ix/uQ2sm97uyd9nrbR7L8vk+Is7rJOWPx1aUk9qtRczlGXW6SsrJbN3dtLHTPfvKzxRqCyjcXZiQeB1JI+YYB/HBAx80X2ia4kZZnZtqD/VgkFuB8yrzkHAz1AGTjOK+edW/aJ8IaYs1vpttPqjxgqHJEUZfP3ix+91GD1I44OK8b1z9pLxZqMrRaNBBpysDGn2eIzTlTnBJVcA9gAMehyTnwcbxzkOEco06rxM0klGhBSfNorXWmu11eyt1PrMt8MuKMeo1KtCGCpOzc8VVUWou13yLmkt9VZdXc+5/LjhVpp5oYyVJaSd1iQBQcCTe+BjAOSGJxjoorkdT+IvgTw/ETqfiKw3jcHitGWeYY6gBTlT2XBGSDj0r4USH4w+OZHkjt/EF5FcEZeQyw2yhuAeAowoHPsBjHWvQfD37MnjDUyk3iDU7TSo3UswMhuZtgPKYJJViSW55OemMmvAlxXn2ZvkybJ6yi9Y1q8bJL3VzXaUFay6vSyvpY+ip+HvCmUxjV4h4goylG3Nh6FSKbasnHXmm2ui5VfW1lv6Zq/7UHhrSS8Ph/Qn1J48mCe7YxxMecOYmyRnqw+UHAbHFeGeMvjj42+IF1ZQIkVitvcF7CHT7XbItw/y/uHK4Mi5Xkc/jxX0d4d/Z38A6NLGb83Wv3Suofzji3JKZ/1eRgAlTz7ZC8ZwvijomiaH4r+HWnaLpVlp8Y1JZSLaBVLgTquWJ+8AACeoGACTjB83Mcj4rxmH+sZvmMcPSlWowdGg02lUq04R0ilHS6ejd3byPpMkz/gjLsU8Jw9lkq1enh61VYqslZ+ypOo9ZpztNQcXZJWbPHdF+C3xS8auLrWJ7qxgk+ZpdVuZDIEc8ssDOdxwemMjjGDXr+h/ss+GrNkfxBr91qL/ACM0NophRi2Sy7sEgdRgn15Jwa+rxBK27DBhtQlAMbVCgnbghQOxGABhjnpSG3EpZAFiUYcjILDGMAEdS3UKATyOOuP0bLPDTI8PTp1sTGtjq0lFyniKs7Sb5VdwVk762umlpfrb8Zzvxu4kxNeth8G6GXUIzlCMcNSjzxinFL3p3fS+iSVtLX0870X4X/D7w8UOn+GrV5UQ7bq+QyuG4BIdtwLYAwuANpPYV3cO6MCG3SK2iCkKsMKQYJ5A+VQMEHqW69OozfW3DKJPmKKGChhnaemeMZAHGOfQ55NDwO7AODjACsByeOmB0GBx0HGMV9tg8hy7BRUcNg6FGNopKnThB68qSTsndWSb+/R6/mWZ8YZ3mc3PF5jia3NpJTqyaT929lzOO99rWSutEZoiY5wVUqOWJ3MdoyRxkEjcccDbnkdaIbfcC0rvjnJ2ZC5Py5xgkEZwASDgDJ76UduAJGPylVwoxk5BGW9QOTnqORxkVZCKVLMMcKTg4DKQ2MoeBzxg849htr040KUVZRUGlrZuy2Ss7crTtorpeux4VTHVW9Zym203eTk77vd312evXruZT26gHa5JXaDxj5ceuOeB2BBzjGQCJBBGWwOPmxt6sMj7/THReOmMFu4BszK25T8xAUZORnPXJGMnHIHHbHPdrq+0EjaTIDgg5IGOp6Djpk8ccdxk4RafSzV3d3fW99W3rpdtbXvoDrzko73e27svdVnZq/Lrrq9baXuVp1BkZFJAIAIzuC7TnbkcFuh64Hr2HyLrQYfH9FPzbdNJHvwex7e574HavrdyUyqsGzkgggKMsCAc49gehG4Y3HFfJWsL/wAZA736LphODk4yhxj8T6ZJJwMYr4PjSKVDLE3/AMzbCt3/AMTd3db+702t5afr/hXN+2z5trTIsW0r9X7O3d9b2fZ+h7zZxqxVCzAlixY9Bljx07HcR1BByO5rXKKFMZHysuAqnPIPGcZ6ce4AB9az7GUMwVhj5mIYnB6tgE+nYAY68Yya0mcJKuG3MAQUHJJ7gn7wI5LcAHgdRivYwusIq97KPa97RTd7L5pvutVt41azqTvZ2k3o20ldLpbd923e25BIhQOI2JUxqTt/3v4s45HJzn9cU2JnX7g+YtwCAxwPvMTxgngZwTgHPpSl2dGwCVDBSoUEn5hnPsAccj8OaLcFJEbHUsABySNuBuOOD1z+vQV0ppK72SXztbS70s+/XyZx1IwlUi72Xr192y13f3N33I7kt9oLEkMFDqQAoHryB0PC8545+8M0+F3ImByvIdTjhiSDlj0wOcHPJUfdyMRXThpCCSFHHzMBjBJ5HQA545PPBGM0RSDEgZscLtOejYzj6d+wGOvHGfNaOiukl/La2i3vbTV2d7+SEqXNKTTurK97d43W1la92na103a2lzzXViuOo2FhhsHkjkDgnplunQ8nApmYgquS3Dcs2RxwQehz8pAPAAz0waFmVQwyxAYsvXnJK9cZAOD37/So1dGV8qC2SQc98EEAdhzkjPOOT3pqScddOrva/R/e7/fvqgcJ2S3s0rO+jtHW1ttba30+8nklaRFjO45RkyWACg5OCQPukZHXBBB9x82/EyMyfEbwKgAy24Y4I+WUAckHI44IHYnivogyMkasFDBlZRzgDIIwQ2cLwWGOjZJPUj51+IMp/wCFneA1YgFUO4ZyBmQcg45xzjrzgY5xXy/E04/VcNd2vjsHHWyX8ek+jtZpevTSx9xwLGccwx0pa8uU5i2u3+zPs27O7srJvRaWZ9h6ZaAWS8qr/KCWJAIAUlkC9PmwcqCOg47zS7AY0LlRgb1bJZiCTuGecHux55445rKh1AC1VEfGFOwphmznldoGV285zkHkjnINWa/C4eeZYlQffmZU25TO/AwSO2M4BPrivpfaUqcYynUhCMYRbvKNltfWzSXktlbQ+Hi6tSUoUqVWcnK3LGErt3SbVk73bta6a3S1NtbmGB8xnduB3RqSC2OgdupIycHjBzjPeGW9k3RKhCcsQy8MhxyCf4SO+RuAye1ea6l4+8L6Uzrc6vDLKhZjHbHzS3Gedp9e2ePWvL9c+O+l2byJp1tF3Hm3MwZi/GCIQNxAHOASSOOoBrxcbxRlOBv7TGQnLrClLnnJ32stEl5u++i3Ppsu4M4mzZQdLL68Kb2nXfsI8raXxVEm7WetneyfRs+lzdyOG+8ZFGAxJI9d656Dj5uTkcg+tC61i1so5JL6+tLbAO57iZFRh1JVQzHP/fO7ORjgD4ovPi3448Rytb6NHqUwYsqxabbOiegG8qdysMY2NwMncBTbP4ffFXxQwkvLZrGOVv8AW6pdP5m1jkkRFsbh1IBOMHg9vnp8ZYrGS9nlOWYrEapRnKlLlu3Fp7ONr73kfZYbw3w+ASrcQZ1gsHGPxUoVITmtU7Xm1d7P3YSWmnS30prPxm8H6Qrxx3x1BwMNFZxF0YgHgy4x1PTvlT15HkWuftKT7ZLfSLCGy25EUsztNOuBkFI0+bfxgEE9O+al0r9nTcEk8R+I7m5zzJa2UZiUAHBXzP4gcDpjj8K9j0D4Q+B9EWAweH7aeVQHF3f5mmyuMOCzHOO3BB54FYSocaZm7VatLLqUlpZqU2m1raF3fXRcys91uelCt4c5Jb2arZrXinbROLaa6z5YvVXvyS/NnyxL41+KHjlxHYQ6/fIzYxawyW0C7sHDMVBAJXJJJJxjkHntNA+BvxF10td6tNaaIrgEyXMxuLsbh0Kkkq2TubgYP93kV9hWdnDaAx20cFtCQQpgt0jUKAAQNoHGOpHTrkZJrctt2ZJIlEjBWJY5K7TjDZOe/OePTHI21DglSXtc0zHE4p2UnBT5ISdoJpt8z79Vftpcmp4mOFsNkeV4TAqTjGM3TU5pNqN1ZQgmlZ681tdz6v1i5KReUmSzEjJ5BPHbjI4HXGD046/FX7WIjk+HU7ufnXVbNOpJZdxJPXIJJA5PXpjqPtvXIwscTMm2RVJOCAWY9Rg5G7aABg4J6knBr4n/AGsLdm+G1xKBuH9q2eR3XkgjHryCQMkfy9/imo3kuY63i8M2m2tE0tebVv5ba+r/ACngOlGHEuT2UU/rdJpLS2sV89VfTVXem58afDYLNcacj5ZI7hbl2bn5EYKcHsCW2nPPHsM/Tfib4fa5pv2ieK0i1rRrpFuRaSqJTBHKgc7P4o8ZIBVgehzjNfL3w0JOoxw7cEWhYEscgs64YfiM4wRjtyK/US1TfaWyyICPsNtvBGVYGCLAB+bI68Hg98gjPwnAuX0cyhj6U5cjjTouLSTatfTqnotU+rXz/YPE/N6+TLKa9KClz1a0Zwkn70Uqb92Ss07r3e/qrH5+XUuraba6la6NezQW9zbyxS6Hq297eNNp3mymc5jI/hXJz6nFfOfhvct3qWVAKLMrdBzvO4ck9yQDn7uOCDX6f/EzwV4e1Hw9qmoC1W11C3tZ5ElgUKSyxZBcAHGQuD057/dr8xdFjEepa8pzmF3AwvXEhJ7d8nOe+MjGK8PjLLq2W43B06k1KElUcHd8sY2irJPWN3ul7t72W59F4cZ3hs7y/GVqUJU6idFVYzjFS53snNJOa7OXvaatbr9GPhTcKfAPhn7ylYHGCTj/AFjHO7gDPIPJ5JGcHJ6nxRKJNPm6ffwc4JGVOMZxjqOu7qSMnmvn7wJ4q8ReH/DmjN9hTWdBaIt5ESlNQsRvO+QAg+YmMkKoDdB3yPUE8V6F4osLiPTrwNcRITLZzDybqE4bO+KQB3GehHBwPQV9fl+MovLcNSc+SccPTilPRyfJFXjZ2kr6qz5k90j4TPMnxUM4xuLhFSoVMTVlGpSkpqF3flmlrCSaV72utj40+IyxxfFdtmAH01DkEkcqc85JxjaBzj5fWvo/4bJ4mtvCTal4Z1Z7LUrXVFIgkAezvUEe7yboEZxtAVTkYJye2PmH4mIw+JijcwLaZGV5bqGIOCRySoY89P4a+t/g0GPgy6z+8Uawibsgk4t1PTJGSOO33enc/EZZyy4hrxTnFTr1tYPlcWrWacWmrdWla5+l5tHl4Tw87QnyYTC3jUipxlFcqlGUWndJNX2T11vt6n4e+NtsJk0nx1pw8M6pITEl6Rv0m6kYFV2TAbYdxySGPBYHGDmvlz9ra6juPEnh2aHZLFPpjNBLE6yRSR+YuHR1LfL05Jye/U19M6tomlanbSW1/Bb3UDhiI5Iw5Qbd3DAlgx6cfMCM88V8O/Gnw4ugaxpdvZ3F7cWEsEk1vb3UrTfY0aUKY4AxZxDnoofgcYzzX0nFOIxiyirQrONalKdLlqXtUik42U1e0tVuuVqXxXvc+J4LwOXSz2liqClhq8aVVSox9+jNSgm/ZyvzU9Hdxk5prZpaP3j9neYJ4u05csQ2gEHPPIbJHTt9W9MHJz90rKUZw3ILDaCRkE9ADxyB1GATwCK+AvgLeWlj4v0h7q6gtYjpHlLJOwjV3Jwibm43sSABkDk8HJFfeDSBwhPyKzIyMBuWRSAQVYblYYbruPykkEfLn6Tw9qwWTTjePNHE1LRutE1T+Ja2TvpdfcfHeK+Hqf6xU6yi3H6nR5Hq43TkmnotUnd9nuu3yV+1VvbRbRwN0bXGF5OMmJtx4792z9emM+NfAJt3iT4fRSIHiOtRJJGwDIyGQKVOeCCDhgc9xznNe7/tSoG8K6cdgLG+lGVAGcoxJJyc9CT97JP3QCc+JfASE/8ACT/D793n/iexHJGc/vAcdATyMDHXgdq+Yz2N+LYWire1wyd+qdSldffdJfdpY+94VlbgKa1clRxjc+qag3dX0tdXvfTbo2v1v8a/CbQ9Sa5udCVdKunXcYOTaysygk4PQkkkcjbyOBkD8+P2ivC+r+HfBmt22p28tuqyxyxSbt9vIo4UoclVbp1IPPXGa/Ve9ZnXeyqy5QkZ46KOmO3UcnJ9MGvjL9r+3N18KfEDlUJia3ZS4G9QWUfeJyFbO4gkcEnPG4/ovFeV4aWVYrEQXs5xw05tQT5W1G7ur2Wqv201R+P8A57j45/gcJWn7anUxdOnGU788E5LXmvre+qd1o7aan5y/CONbq48LwzrvifWkjlAAUmOWQK2GBBAwSRg9enXFfdviHR/Gvw7v7i80CWXxZ4WaYTNo90xOqaUhVWYW7klpkTny1ALKM4C5NfDPwghYtoCFTlddhXcpw2TKmMAnI77cZGBnrgV+gPjLTvGGh6rLdzfaIrGXyZbW4WRprfy3jBVJmUEDcASQ3OPTpX51w3QlWw9eVP2sZ0oUmp0k/d921pJaON+jVnbo7H7XxTi6VDE4aFV0pQrOqnRre7Gooyp6RldThOP2ZRd32ex89/G7xzoXiz4Z61HYMiX8d1aNc2N2PJv4XUlXRoZAGfawPzqD2ONteCfB9F/4SLSlX5ROJE2nlgxC5I/IYHpjJxwPcfippOheKfDmsaje6QsGs6fbvKmpWQMazFWGFnRMKwPJywJ4LZ7V4h8IogviPQI3XIa6kLEntgAkjnAwM4wTk9M8Hxc+daWY0liZxm3ThFVEtXGM9G1o07y1XzVz6DhyGGWWTeEU0vaSk4Ts3CUoRbhGSSco26uz2vqzrPGrw3PiLXJcpODJDE0TgOEfG3btwTlSu4kfXJGBXmmrW+o2sNxHMVfTpI1bBGZImfGxR0JXGBt9OfatrXVvG8dapbqknlzarPKjAkxtCrDaCScHaNwBG4dc8KDTfFN0sb3i8bTBHGADld5CjqeC3oeOnc8VnanUwkqt7Sp3gmrSUnbXm1bs1rbvs9glOpRxtOCi/ZzcXKKTVpOKb1bva9rrT1ZqfCZoI/HHhkNtx9ujXceMBtoGc5wG5C9efQA49L/AGhrKEasyO5VnuPNRkAwu7h0J9OAeuefoK8Q8ESCPxXoZJIU3EIJU4IJH3lxgAg9+PXHOa2/iXqniW41m8stQeS/0+3vJGtJBtaVI2A+V2+8xCnHzYyfSsMFWUaWIpyjpJq9l8L9zoubpfW97tJ+XqZjQlU+rVIyipU5JJN2bSettW23bp6anISaHMukSXcczvClwjiI84Xj94CeMHHPAA4IJr134O3ZXxXdFWYK2h3alTjqYWAx06dB698CuPaW2uvDLxW7sGEcUbK2UdZf4lwMkjnk/pgV03wmZYvET7W3Sf2VdKxIBP8AqmGRzheBwMgZJ71VOlGGNw8/ii+ROzfvP+XXZeadumxEazlgcVHSM4c2ttW/d2213t5a97eManZrLrN6ZHHlNe3SpvwNr+cxAJH3QT24PGaqz2Jge4dZCTHbqUIPQOccDkkY6Z5xzxwK9BvbGyvZ7+OLZFereyuyllHmASNuODjAOMEHHtxhq5bU7aS3m1IOD8ttGowOM5H3WHHIJ9cjGOtc2JoR96a92XtJbPVXvb0Sa76690i8HjJVKiotSVravS/upXTtZrS3/A0Xu/wj0d73wh4zEcgSRtLSKMyZAUuBkkjOFYjkt909QCa8G1HSL/w7qhF3bvDIGwJ1Ba2lXAO5ZFGzJGO4HOOTX0N8E5A/h3xPbM7CG4t4IZCp+dFZVywzjlSRgcdPy3fD3hGW/uJ9O1DytS0mG42TQXA3TIkvETLMR8oAIYYIA6A5JA6/qk61DBJPVU3b1UurTT1vpZ37vQ5p4tYetjpS5WlOLd5JSVoxTcfNWd1563eq+eNSRPIinWQtE9uAw6qGIBUcAAHceh4GW6YwPem1KXS/g54UukzsF5OrBeNwJYkMeg/mD2ByK4z4qeEtN8J6lbaVp0rrZXEbTGGQZELAgqiv8w2E9DnC7Rg4JJ6bVLdz8EvDkZkIjGo3DL0YMATwSe2AxPXJOewNKpSqUatWLS5o0k2ut04tNPdRa+e1zShUp4ihRqRu4TqqSbVpXcbtNPRaq+mjsrLZHMWWrWt5AyjCiRlO1iDIJSNxGDjdznoASMkHgGu/+Fly/wDwk8gc7B9lmV+MFVydpwcgk4IGc/1rwfRdrzI6zsHjbJzgAvngAEg/KCfwzjkGvavhxdw/8JEzO2HNrKhYAAblyA2M85OATgAt+Vc1WftKN3aLtpeSaadtLpvW+yvpfbSy9jJ4KljYK7S6Xaa+y2vKzatpprZvY/rA/wCCC8S3GpfHpvMMhGgWSjJzhD0A568+46g4IFfvdLE6EnkjBzxwGzgZ6fw4BPYdiTx+C/8Awb/hGv8A45+YmPN0K1bcDkHGzk9Rn+L3JJHQ4/f6eJWyAxON/B4BG/sx42jG7HfPHJIH5BxtFrNIbe9RptWdleys31TT3eyWvXX9Y4eqRlSr26Vmnrp9hb2unstba27u+AEwMrlcpwCTknB65yQcnrgfQU0gttyBztDZ9gT0I4HbB747DJ0fI+c/JuCMMFs7QAOMHAOGwSTxnAzzTGiGGOzOF5wxzvyDjjnPPt+AyK+Ug3u3ta2lukdnu9eul3fyPpPaJx1XSL6pK1r3u9Wtd0tW2zPKlivzYBbJJGCVXgBSOuSDk8kknpTigyMEncCOcDauRgHsV6YGezYJ5qz5QwoCbsj+Hkr0JzxgE8j35oCMCdwyCRgAY47gH8QG79eMkZ0VvJfPR2s3dW3+9XXXrzxSveMde6vy20bW66W2Wj1tuVGiCl3JGWJIBH3cE+pOBnJz1bBwQMZiBBYMSWKjAJPGSfT64/DPTqb5OQuRnOQAQeBkge+OcrnJI5B4qBk7hTuxk8E/QnJ/hHcZ6YADcgaTtbV2Vlbslvpr179LA5tSVtlZ2e2ysmrbrprppazIJJsnGDsL8EDjgE8Y6jK8D+LI5HFOhnyxznDAFSeCMdRjkZBGc4POMg8YaULBN+Rle3GGOSBjLDjGT16Y64zGYuVwMEAgNkYJ74PPODn05yQKnVK2vbX1V/8ANo6YSsleSu0nrHa6j5JaNXTtL3bdrm3DdBgTkbgQ2TxvKjBPH4EEDvznitWO4C4wSSOfTCnoCffgAcnkcVysUhXaNpwMHJOeDkHOOSc5zj68cGtaOVeGyBh+ctgYzhdw45PGPrjnpR+D066rbzfe/wCWhqndb82lrX72a9fTy3tY6BLsHK8sC2OnCnJOBgFieCe/bgdrAlXGCQRg89+c4PTlTgk4zweeBmsNXHGzbgHd1JYdcgjqMnnuB3GCauQzjcwIK8AEHaAOAvHHcYJbA+neqve2vZ699Fu07vV7rS2jsgS3b067aWulpe993b5al/IPzYIbg8g53D0IJz9QAA3UYAqUZztwScg4PLYcbSCcjIAA6cMM5XLc1QwIXBG0cnHPyHAPzZAw3Py4xnAyMKanQ4IZGyBgyZOCBtO04JB5J46njPrRdLd9kmrPa1lvbffz263aa03votWtXdWXXTtt97ZfhRFXqQVbBYttLEg847DOMjkdOB2toAu0KFI3DHOSM8knGc5z8oGMEnI4zWcj7uQeMn67h047HPGMHOR7VYU5wWY4BB2gdOx/EbjnJH44wF0erfW3d6X/AB6y67aMbjpd9bdVbWySTV/TXq99C+FQnt3IBYnkDpxjkDPA45xyAtOMi8K33gMjsOee3YDH19s1AhABGQAQMY56kc5Ge2fX8+Q8joT1BGTnjGCc4HTtx2PXOaFo1fo/yDlStZLrqu7a1S9U20tLLVllSMk4ywG3PAHT5ST8wI7YGTnjA4p6s24HJbrj5RwOvQ9wwBIwMdgccQpgBjkEZyB1PpnjnjHYfX3l/HIIG1gchu/p0xu9MH2yCX307b+Xrd91vs/kCi+t9dddbbd1vpZ9LeliUOQ2SwJxkBiSAQem3j69z68DmQSBwAXxhQ2/nnAye3TkDPf6Gq2QuQORuBBHbJwcAnAHTDc525HbNlFGVO0hhnLcDIPQY54Gc8H378kk1Z27K9ttUvx69L9G0awhdJ+aW13rZaLr8Leje2+zLAYSZ2Ejgkkgk9eRjoDyR+nGSakVCdvU+4OMcZxz3wf/ANYAqPKgKQqjLDHzYPHTI4wO5A5IGCFxzYAA+Q56encnPOO+Dgcg4z8vHGTnbZX2+52uuy+/dbdUOLi0tXfvFq2y6+t7/irXFUcA44GOT/D6c5AJIznGMevK7pAo2E8nHYkkHjG0Ac/XknsOowLhVAJHHIwQcA5HOSDt757dferAJGc4PAIOevsewx2PfPtwc9/s9ut/03fT0KjHmTtp99+llbTR9+6SVrMbGuAcBvlyQAOgJ4IZuvHUdATmrIyqcgE7gccnGeAf4jx34yueSccNDKDyMArzgj88YOM49PwOch4DccgZznGOg6AZ9if/AK+KbnfpbVeWzV0r6bX3+d72KdO6Vnd9NV1cW+zu7Wte27fcBjJwOpIOcY4yT9c/r1+sgwTjjn1IGMDJ78dMZPbnHIpq8YHAye3vwSMjk9vb8BUm1cjJ+bAyMdskDp6k9evPPoM1JqzV0m+6V0ldWte2mt736375Tg73V1JtaarT77u/8yduivofjf8A8F2MH9ga7XaJM/E3w0RnIAIuiSAw57Z44G3I5Ga/j20wAz2+U+XyASm4gZPBJz6+o9O2K/sN/wCC6rrF+wFeySOkaj4neHAWkICD/SSFBzjIA5HpgAg8Z/jEt/Fug2UkZn1OEhINh2neUcdB8vTdkgg5JyQcZyP3Hwyr0o5diVUlGH+1Qbu1F604b/ju1+J+QeLdGvWlkPsqc58uExCfKm7S9snd2dtvu27o77U41JCRxqx8rqTwozwR0GfTgnG3kVxGgWdtPf60hJYi9UfMxIBCZ+bhQBjPBPUYHIJqlefEjRFBaO9kfdFsKpZStk8gDoMgjHJwByO1cPZeNra2udUkiN5Ibq5WVFjtWVtpUDByCUz1wT2zkjDH9IqYnDe0oyVSM7TadtWrxVrNO+9r7q999z8loYXGRoYmMqNSHPCKXOuW/vx91N21ejd9LdWkrfRlnEgkt0baFUkYLj1IAXkd8gcnOOK6FDDIjATxRrCXGQRk+gJ578DOM5xzivm5fHlw9zCE0jUZsD5SxwxI5HG0ng9gQDnryDU58Y+Iy0q2/hi5YNlgZWf58D5cjtzgd+o9a64YujeLipSTdrKE5XVo7tRbsr6a2urdreS8ur397kV2n71SCeiVk9VazS0v/mX/AI9hI7RizfLN4cVSygEEG5znHIGMcdADtI4GD5/8G9a0u28Lxwyy3Tyi+IKRxlwDHwMjGCSBkgcf8Bxm38UNV1q+0GKfVbKOzuH0EItszbyqC6YDPPX69MDoN2OV+Dx1hvDyG2s43Vb18uU25ZsAEMcgleuAM4OecYrzqM28xjyqydOW6s/elBNatWtdbrTbzXsV6KjljTbbUqMdJXV0ndqSfK/Kyt89TW+O2q2l94PeOL7QmdTiJaWJkU/KoGCQu4YB479ecVx/wR8Q22neGJ7JYrqW4OpSsPJTKshVgBnDcnJ5zxgnpWn8aYNWPhYPdxRrAdTGFjJBD4YZxngd8nrkjG7FVvgDp19N4euJo4kxHqTkPtDOTg5wTjAGOmD17d+blm+IUr8reH3s9L2aa8tbX1to1uiuenTyDma5v9p2u1dpx2klrZJWS+65W+Ol293p/hiSa0mi3C5VRKcuckjjhecc8fnXWfC/WdQs/BOm29rpgkRFnIkc53gsT1J6A4yMk5OBkdOa/aAlAHhiOaRlZUvCVJICkE87Rn3HOTwcA5r1T4R6Da3nw30q7aZw/l3TlQTgqHwSATzg8gduSTjFa0KNSWc11Gfw0k90m0nC+70ve70a3d9GzCtXoxyfD1ZU781ZRS1SV29d7623uvU+aPj1Ne3l/o0t5FHE6WM5CKQoRG4Unnbk4z+YzgZr6O+G+oajZ+BdDVItP8lNMVgZ2BkYlQMnkHkbscHnrt7eCftCQQxarpixFiv9mnJYAdSM9wVOcdTg47ZFfW/w38J6fN8O/D94yq0z6GknO84Xytw4xz0HQcc8AggRh8LKpm+KhK6tCDTVtdI/8D0fnoa4jERp5ThJQSadTlStdWaXbztva6ezPjP9oq3lfxboVyssRludJt2YwKdsXzqTjtnJyxB64APp9JeF49X/ALA0NJtXljH9m22xY0U4XYgAHGCcFscn1xgjPzx+0FHEfFmixlm+TToEzyoK+Yo+6AAQ2Tz19e1fcvh/w1pEfhHQLvyyZDolk4YkuSxRM4weMA847Er0BJ78DhOXF4u0ptJpr3nJva+2q1Wu22/fgzPGShgsG7U022muVa8vLa109bXu7ebfb88Pi5aOnxOSF7ud2kksC8ki4cuZEJ2Y5ABGQcHB4619ZN4VRLCymlnvZ90FuWLTEE/ImF25JA6YwBnB68ivmL41Ki/GCKIZVFudL42n+KZQcHBJ6547g54wa/R6Xw3pkXh6K4dWYnT7SVJJCQAwjjJwpIG7JIxheRwDnFRlFOn9czN1INuNW2t32e1tdV11211LzipVjg8q9lOK9pTUnay/kfVO17/jY/MX4iadHF8SWgMe2M3Vh8jMSSGYAjJI5JI5zjjPGcV9gWfh+IQxJBpwcLDCzDazkfucY3Z2nJ53EcAYboTXzV8VLa2HxehijyyvdaUMvkbt0gDAYOfmxxjPfoCTX6SWeladb21uqrFADYBn2nLHbaKSDjjqTj1zxXZkEIRxGaVJw09qpRukrKzta/4q/wB6OPiStVhQyWMZRjzQinaTV23S1e2tnbfWyWzd/wAwdLtWm+MltZrAh8zVpUETABQoKgqR6ZH3ckDjjktX15qHh97WMt9igj8y5diNiKEVG+Yj5eAxPB6c8ZFfLekOqftA6Zs3Mja5d4yMc7wo5xyMgc9SBkn0+2vFE0J064Mm6OT9+AoY4AOeeDwp7nj0Iwc1XDChKhmsnC81iqrXw22i99uttdFt683E86kcXlMLuMZYWjzWa1bkna+1367Lz0+H/D1lPP8AGW4sYk3SPNchVyBn5R/dOBwQeMc4zjnP1RrXhDUrPQdTuZLebZHpV05LNhVPlsx+UHnpxyPYAV4F8ObL7V+0XHEpyHFwcn+75SHc/IzjBAHJOO3zCv0C8f6dZ2vg3XTPe75k0K7Eax/dJ8phgDocEEYJ9h0NVwzGm8szOpUTclisVF6dFZJLfqnfvbroji4uxFWGeZRSg+WEsJg5SV/OKfda9Xpd31Pzn+Anh9ta8eXdjJO0Crp00pMYJbPmuduec556kY56sRj6w8eeCrHRvCOsOk8sspt44lGWBzLnIYEnGMgZ6gemRXzl+zfNbw/E3UZJbjy410UkMT0bzZCR6Yz1JznGMDOD9hfFK5sZfCOpqt6JZHNqQgAJYlyCCR0zwR1B59MVtkcaH9i4q6Tlz4hXbu29Etb7eX+SYZ7UxMM/wUVK0HDDOS3Td1pvdb6LVJtWtex8SfAPSxrXxG1+xMxgWOy4dF5wh2kDpwcYzx3xyK+mPip4TttE8LT3MMssrPZXsMiNlgo+zsVLY5wD19yCfWvnz9mV4U+KniZmlAVbOY4758+RQcE9uPpjnJ6fXHxentrjwXrqpNHI0GlySjPzMHdShKYOSNuRk9VxjqMceVypyyDGJ025KpXSaVrLmja392y1b7ap2R2ZtKp/rLgIRlyJwwr5W7ptpNW1Xyb20e+j+PP2VBHP4l8SK8UMinT42BZdw3LLjnOfTk4B+hINe8fHe2VPBeplYolPn2pOxEBILA8cgDkZ5Jz04zg+J/sqfZ7fxR4mMis5XTIwAuD1fdnHAAAPP3c84HXPvPx0dJ/BGuyJAyCNrMgEsCCzKemR82O5556DvGWSguHa7dOTf71JWbvd+WtklZJvfa9kZ53CtLiqglUjpHDSsn2jG6u0kldXv+mp5n+ypo1hqHhjxZNc2kUskXiLbGXwSB5RJwDjncORge+AMV2PxusY7X4eeMxFbxxhYLUKAoBB81M9MKOc5xyemeeMr9kBY5PBnjFvnVh4jZgR0B8pj1HX3J6nvnGNz47An4f+NGMrYWGzwpBBbMqHJHbdkYBx2J67a5XBSyGlU9lZypyi5WV9JNX2d+jXok+p0U6kocVVITqv3atHlSe6cYa66Jq9rHF/soW4l8O65ujBP2lAGcKAD5b9zk5O31wD04xjt/jxA8XhbVNvlALpDMwUjP8ArkBGDwSM8buOOelcZ+yfafavDutkSFP9NiLbeARsbqcnG0DrkZxnjt0nx6hih8P6/Gd7FdHUAhmz/wAfKAk4OSp+bJz155OAPVjzPheEG3FPDvTfzsrX31uk7XPNhQ5uPKlRSTvWTV/OMF2Vr9/VapJnNfsxWD33gvViLVpWGrKgK8KCVYADsW4Gc7ufugd9n466NNp/gvVmeFo8XNkqZO44YdCGPB3Enpx1x3q/+yMVj8A62SxKjWYyAWHLBGIyVzz0O4feK7vvAiuj/aJK3PgbWWC42XViud2TuC+inBIK87R1P3fmIHPUlKHCtOKhzKVFK+iWkk2+j666Xu7WPTpUVLjqcnP3lXvGMXde7CFuvlt33T1PTv2Mtb0mx+EWoRajfWVvO17fkJPcKk2zIwyRk5fccfdyQAOOTXhv7YDxSm8nhlR4Z7HSTHKmSjKY2wehB9jkDI45zXVfsp6Lp154MuLq8tYp3ivJVjLk7VJP3dvIOeT056ZLbsUv2zLZLeKwt4oVh8zSbCQKihAI4kYEqmB0wOmADj0yebFK3DUKjkm5U6XLG9+X3oKyu97P5aq/Q7cFJLjTEUqcZK86zqPlSWsYyVrNvve9nf5X+kP2bJ5IfhN4OCSTlzaQfJEpKEEOSCcHG7GScgZHJGK+L/2rZJJLfUGdXJHiiQFWIz8zAfMMDGc99voADX1x+zz4q0jRPhf4RhvY75rhbJCiwxlomABzuYDHIyVJI4zxkDPyP+07IbzTLq+ELQxXviaeWFJMBzFuBQEEkgkA9TxjBBI42zpRjw3Saad8NRk7P/A2mr9Vd6Lqzh4aVR8YY1VIy5Vi8RGL0dk5tt6a6pWVl28z0n4Z6nqFt4Q8PKqyeWthEqLGpdX4bALYOMDGTyPSvJP2hnnuLDw1NcBot13qIGTlgSFJ4GONuMHI6sM5NfRnwj08XHgXwy7R4UacjYbC5PzdcjOBhuVIGeucDPhv7R1siafoEexFxe6iUYNnouAoPf0zjHoM4xOaTX+r2H5Wm3Soy10aSUFe2t9dNdb9GepkspvievBxVlVrpOybsm9fvVt9dfO3sPwpVYvh/wCE5Q5I+xAYXODuLAHjIH0+Y5A6BsHtbkH7RpjMx2G/tVUcYB835+SOSQRkjBAyCBnNc38JozJ8PPCpKgxLYh93ygAAsNxBORg8nt068gdfeNGp05jJGR/akJAVkyAX4/iwQMkZ4HOfUV6eFlbKqNpxv7GEk3pa8YXfXTs+m7dtD56vCqs/q/u3Z4mejWluaKbvfZ2d2lf8L9945dv7W8OPEoZQ8illHPMKggnnnPXPOc8DcRXyd+0zrN5o3hrTpbVgt1Lqe1d21mMakM6qcbh0PGNxyQFwVavq3xXIst34ZCTo6i8mVxG6M52wg8gHORkgHJGDjPHPzp8bfAg8e2txosN4bW/065F5ZvIcRM7DHktnON4OM8YzzzxXgYvneHrKg/3rs0426ezbsk9dF8rbvW32WGqU/rWHVdfuVJc922lZLbdtXtrq7pu2lj5JZ9H8d+HgtuiW+s6fFJMRuCGOREyZkycPG7LtYDPqABlq8y07VZo2XTtQd0kiZhDLIzNGCMhlTJIVW4xtOM8c5qe70LxB4X1a4sNVs7jTL1GdAp3ItxGhOXib5FkjcKTzuAUdMmsW6tDdRbm3KA74H/LUHnLKcYxk8DJGc8nBr4nEzr1G6kqclUhFKfRu3J37aXWr8tT9IwVLD06UVSmnTbUoLdRT5fh1a/Hd+Rt6nYRXW2dQzRxgK+BuDEjOVJyCecjB78gHArnbrT3EbPHI4EZVoWdc5YAHbgDIGDyM8nPOOkdnrs1l5tjdt5trGxzJyZB6ZyeR2PoOvOVOpFqEMyYiffB8xDZGfmU8MOCMLySMdDz1ry44qpKnJNzhd+9ZtauyV0um78umm3rQpYarpyQlJRunbbazWj0vq1fdac2h5c8l9eTXCiRmkWR3eJc7QF4JxjPoDn8ODmqqwAlWdm3A4cFW45HGDkA5yT0HfOcit7T9sesyOozEzTK4B/vbjjnk9ffj/gJNWVUS4lRARG7vy3GTvzkZ2++AOw4FTSwasqjk5Pnad2n1Vny+dvNWWvY8meMjCs6SSjeyjyrS+lmmtGm09W13Z9KeC/h4viT4f6bqdlI0V/LcyxSSFgsbBWwAwIHb8PQkYqlrnw68U6TEytZXEkBTaZbZhMoAyclQCVU5z169Dnaa9X+EEgg+FemS4LrFq8gK7sHhxxx0HPUg9D3zXsS6jA0caF/LEhB2udyg55GMbhuHHB5JzjkV+hUuGcvzDLqM1enVlTg/aLS8rRvJX3Te9rPrpufn+K4vzDK8wrU5L21FVuVQdlZNxtZrV9lp59T4j0qza3WS2u2EcsMmPKmjCMpHJD7sMpPTkZHT72MdbYeJte8OyiTRdSvbEEqd1vOzR8HHKMzLg9ccDHTtj2618O6freveJo3trS5jH2YABArx+YMZBGMFiflPrg4YYFVdX+C3mtG+kTXMJVCzQsplj3j+EnqB22kZHPUmvi8Vk+NwU3LC13OEKji0pKMtGl5XevU/QsHn2ExuHpqvhnFzpwlJOKcbStsnfS292u3TWnpH7TvinSdun61b2evW7bCZJFEdyAp5w+ApJAK885yeeCfcvDXx4+HWup5epCXQ7qfZuS4QvCGIO4rMNqrtHQ7sYx8p5z8TeLfhx4m0+dlSz+1SxK0xWAlXSPcPmZTypGeoz1rk0sb+zEaXdvLEwA/4+I2HXAwCwIA5GDjuDjkY6MNxDnOBtGcpyhGy5ZrmSScU9Ur6aJ622t58+IyXJcdSlejTjKd2nGyaty7xV9btWvGz372/VFNP8OeKYi2l6hp2pRPE7K8U0csilh8u9E2tnOeoyMkk5xnmLv4eC2hSKJ5FnQKWhxsjKscl1Y5yOxyCR65Az+euka3qmkzJNpmoXlhNHyptppkXIwMgI+w4GeCCO2MdPZvDvx/8f6PIIrm6g1y3CKrLqMeZikY5UOMYLDnJJAzkZ7/YYbjXDVI0/rlCpRUbRdWk7xbsnrG91vtZ9W3Y+Hr8Au1R4KtCfNK/s6q5Vry7Wum0uum/LZWZ7xqmg69ozFkEvlKzSeVgyxyKCDwRzypG4LgDB4xhaz9H1a6sPtjXkMscb3QmSSMFCDjJDrgkBeARx04xwKNO/aL8L6mkQ8Q6VeaVOjKpmhZbq2JYYcmNBuVR1IYgDHJB5Hd6Prvg7xHPNJpl/ptwt0VZoWkiinVWGAWiYkgllPBwQRwK+mwObYTFypzw2NpScdYwnJRqK/Le6lZ21T6XuvJnyON4axWWwrwq4SolUUVKVK7i7ODTTjeN77We2l9NKA1m31Dyoo5Fd5GBIDhWBbHG3GeoyGxyeg6AUvD8LLqusJGoXbIhMgx/EeMA/LnHQ8jHUYGK6zVPAunXCCe1iks2k3NG8DFguCNrFkbBXuCvBJ5I528dD4b8R6beXx0+5WUKqM5MgHnbc4V1OcNjscZwCMLwfV+sznOnUqRTjCT9+LTUlZdE3um9u7d9Tx8Ll9ah9ZjTqOMpwioRmuVppx76Wab2Wm+50d9pFtOknnW0Mgfc5mIVZOACf3qKCG5PRsLjoCK4630+703VmXStTmtgbMO0dz+9iUByQis2cJwRnJI5PTIO43iG6tVSDU7GSNx8ryRKGUsSd2Rg4IGSx/iJx0Hy0RqNndaygiKMjWG3DqEkDKTlcMMEgsMgEg5OT0AwqSoznH2dop1It/Zd9HaVtUrpp9GnZ9RUJ4mjPEqpBuMcPU+LWLaUfJrTd2d27pa2NyPxTq9ska6lpkN1CCFFzZ43Mo+87Id54wCeMchfpnnVNJv9bnMNz5ZaySFVk+R0kL4Mewk54OTgEngHAyauSWluYBtd/mj+VT8vPI+Ug4I5yRgZHJBPTl10u2/tq4+0RB/9FikUAFCoDZzkY5HO5icdeDitalOUWknz8zTjflstEmlbTbbuku1ljhMRTqTmp3pzUG3JXsruP2W0tNX0t5tHZjSpIoQ0VwA6HLRuAUY8kANznPBGT/EecA1zOqLcLd6RJcWaurXRRcHAOVA+UMMjOM4yODkgjJqYWk8DyPZapcRlnUrBI3nwkEZUYOfl6DOW4HAPGMTUdV1tbrTob6zjuY0vDKk1uSGkCjklPmAwOMgDn+LFcVanH3+em4Jyim4pyi17sdUrtXSd1/kj1cPVqqtTjSrRqKKbjG/LLbd8zS2s9+a/Y7g2tuRtilmtZWLZjfJjxkhhhuMFc8A/KDnkginQav4p8F32m674Q8Taz4T1W0vrZ4dV8O391p8sUiuHWT/RpY0fDYbEu5WIwPlGV0bDxN4evFjt7n/R52Zk2XcYC5LYwJQCB1yCxbPXpUPii1tILS3uLKfzIvtI8wRus0alQCOgPDOQMnHzc5wa8TNsry/F4WvywpymqdtkmmrK1tHdvffVLufS5LxBi8JjsJSm6ihKpGM5N3i07dUuj1snqnZ67/0sfsGf8Fjda8OHw38Gv2yma+0qYWljoPxi8thqViJlRbUeKEAAmgZGTN4AqKPvsSuK/pN06+0jXtG03xF4a1XT/EPhrWraO70jXdKuIrzT9QtpkV0khnheRM7WXKswZWbBAIJr+HTxd8PNF8W/BvwLrv2CK3u4dN08Xt4salpYZEijMc+ASykkAdSuCOTkV6b+xb/wUT+M37E3jDUvCZlv/iL8BE1G3g17wBq9zLcXHh2OYKZNQ8LXE7ubYiNnkFsr7HI2oFJCj8Cz7hmth5yrYVqpBt3jGNn0veK00b6d9N0z+gsn4iVeMIV3ZNRak27NtpKz00e/m76qx/Z7IhDFVXJBB46njdgE9wpz1GBg9DVRlA3A7QCFLADrjI3MMDJJJzjbtYg5Jry34E/tBfCX9pnwJY/EL4Q+KLTxFpFzDG+o6Ws0aa54duXAaWw1ewZhPBJA5KF3QKwOQFDAV668e3LYUjnpgEj3DYz3+U846YPX4yVKUG4yjyyjupKzWzd+a3bZ+W6aZ9jHlmozhytWVtLqztezt20dkrdb9aOcjGSVGRnoCxYN1wMnGc5x0bjGSHlgBtHrjk8HG45xnOB3DdcZAHWphGpUggAc9SAeeemDgd8noRg5wcoIwM4AA7k9T1zuOD2Xr93H3eMCo0T11Wn6enmv+G1zmrRd+tvweqs/uenR2ehAQcHtnk9jkY46884K4+6FJzkYEank9SCuc8cE/wAJHXoO3QHkk1aC8c54wCDtzjoPxx09BncBUDqAcr36dxx/D3Oeo4BzyeMYpe7pZb6uz9PvenmrdumdlfXV6dbKySt57dF9z1GsAQRgDOOeeo65ycHPGPT3ppYkAAYyCSeW5OOcYz15wGB+XKkc4f5ZxxkgnC7ccHj/AGcYB65J9854ZtIGAcknDe2R0yeMA5P945POMGla+2r7fdr/AF2CKWsnbpfqklbVt62torre2t7DACQQx4XgYA456cZyBjBAx09QcvK55Iz24PTPfocdOnIHJ55p+3OQAcA46cHnPJ/hx0xxxnjHNJjDAfd4JPYA8hcY6McAdwcEYG3aWrLp1Xf7+u+t7LR6p30F8tHuvJW/B3Vv8yBwcEAZOCCCTwPXK8cfxDGVPQ0mBjAH8PAz+YPUegBHTPJ61K4CuzBsjAwoOTzkrzwcZbnsegIwCYmTGMgkZ6dCCewOQMD8u/QHFRi7prS62+au2uvffrda2EAAPGMDHO3IHOecnjkj1/ny9SDtDA9D1OAMgY+v4Ejjr0wmDg+3zKRxjPA4z0wvzcdeRnG6nlCfm5JUggkdCeevTkZAz05xirt22+VraL8rpfPpYuKT1k+3p0v56XtstbPVaEbYJGwLwevXkH69t3A4HftTBHkhckAcHnA79B6nPJB74B9LGza3AIBOcrg9fp3HBPb055KmNeCAFHYc8nABJOPrn3zilezslpo91u+X5aX2T+4T05bq2+nV69WreXpfXsVTHt5BBHUkEHPTgdRwMdcZ54BqI4GcHdnA2c854zjk4XPuODwe9to1bcCOCwwOd2APunJ46ZyMcH35YIxgnOCG5I4wvGRkDkAZ78DOMdapa99uvyfbX9LaLcLJtW0Ttbre9ttbvdrotL9GV8gkgE5HDHHQ8ZOPTngHv9CKCD0Y855IAPT25/nnPPtUojYdATyTjdjggjI7HnoeT6egYY8fKO+R+fP+J6nPaiztfS+nTbRXvrv208r7k8jTu5KSumk7ar3W9Xp0dtFq736NuAORggnPHOSWIUexyMjPUcnk5DNv3iAwJJyQM5GOpz2yBx05JPXmXbtA5zgEdSOR+ZPPP15NJhhtOCOCSckYzxj0IPrQr7dbb9Ht6denkHKr3XL0VrapW0V9XJ3387vrpCxOAAcnbjOMcY4BHvx8wx16HGaN2AAMjIwwyRkde+ep5wMDHUVIQOQe+MDkcg5OecnPfGKAofgDGT9MDkDrjAwDj0xznnNfK6T7bN27+Wz11T+YQ5A+8SBjpj3GD7devTnk80bufmJA45AAIzkZycenXvgDnIqcICCAB0G44AB988ED5efU4A64DfLBAB7ZPuFHToc4yPlPQ9BjDU+eOjcbt2T73ajr21Vrpbq2rSaEk9bvfbS1v8311tr22IM56EEHjA4/PPXp7DuelPVVIbOSSAB6ntz6e7Ht9QKe0eOR0zzjkZ/DkHrgcAHI+XGAzy+WbOTx6844xwc54/p61TnFp+e2l77b7Wvpu10d+qSik0o2a05lZ6uyuvm3fRvrtpdMhfmOCTgsM8gdcZ7Z9frzjOYmbGePlwSM4GSxGMcZJ/U5AAIxiZVDFlY8nC5weoyOO5BOB7ZHPTC7CADtwMcE85xwM8jgH6Y5z71GSTaTaat210jtazfTZb7WvrajPRq3R6/9u9n6t/dfTWsADsY53ANkjABIOTlSGwM8EE54we2GYGFKjO4EluCc8gYwMFsccdPc5zYaMlVwT8xwSTgnA5HYDOSBwBgZAJFNCc5Bwd5AU4xyATjhTx1I5GTnOKpVFq9Xyr/J272s7Ja2d9mPllZWkrPW2i6xvutV9z+b0rBQuGIIBbgDqNuCc5PzE+2fy5pGHBPGTjGD1GeeScKRxngg8jpxVooxCgEkKSW4AG3n0zz7cnAHIBzTPK5Hy5O7aOPXr0yec89hzmrU07O2+rfyVrL5LfYlWi4pu9l3bbaSu77X7697O9ittGTgltpHIzjHcZPBHqSDng4HGHgKFBOcHCg/UnAz6A4wOfTC4xVjywuSQcAcnIGT16ev+SOMhFTO4EcgcA44PO333ZPTPpg9xKf56Jd/ds2/lfX0do6CutLde+mnl30t6a72s4CGG0D7o2jgZ4wT2Jzg5JBHGSe/EY4bPRclsZPzH1PQdsDgYIAwcZN7YTgZA2qeh6n68/U/U/hFtIUbUH3gBkA/KcAkDjGOobnkH2zXNe10nok9l5WXZX17+iRpzaW5V/XX+mV9zYDAAE5ByMAHj8cN0wSOpx1oAHBII25GMDP+GMHBAOeOwzUvlDC4bB5xzknGfzzjjofbIpQisQeCRnqQc54HDA5IGAQenTA5JObVPe19LN8tvLrp5/dZAot9bdV+Gu/mQ5AK7cAk8gckD+HAxzz83tyPcAJHOWB5z06DgAHgg8DBI4HrxUpi5x8o5yPl7/dO3GO2M9R6gHApdiqWUkAMcjnnHJPYkYzzjnHIxwapTg7W1VtNeujTVt7Wen3X2aso66NabrS17p3XT9L20VyBTycjoB1/i4/ixg8A4HTtjpS7yxG08nOSwAywwMDPIzyc57VMVBYHGDjJIBwByAOpIzngnn60wqFULgA9CcjA9F+8SSMc8dOfmJG2HLW6bS3W6k37q77Rvd3s97aahrJPmbd/h3XXZOK1Xk77JKxAMH5WJICg4OAo3D27ZOQehOAQDglzIv3R0xgHhuhxjIwPqBxg5BNP2fMMqDhsZJ6YGeQTkYA6Dp0IOcCMnjAZueCVwGGePTA646Z9jzWkbtqzcr2lpe9tNd9rLaO135ExprmbVm7PXyfLa9k9tFZ7arQjYKNpI+bBbjPfOBnI4B9CR275pv3Fw2Tjrjjlj6Hp3Pfr1pxA5zjjg56EDpnJ/PAzg07y1ZgCTyM4IY9O5GQOODgZ6Dgk0J2S7NWVk9L21ej2V9Nem71DWLScFurWlbSSj72217v3b387K8fT+HGcKMAlsqAM8Z65wAR+ppzKAw6KQSW6cHGc5BHA545IIxnBIY2cAbuVOSQuOQQRjHLdsnJ5+buMuK43t0y3BIwBz82AQSQegJGMg9M5OistfJXdrPztpda6atb28yox0u7JPurW2e+urvqtO5WY8M2McA9ycliAVAHHHbkEqADzimk7gcgBxz6HGCMDr06Dqx5x2FWGQDJbC5OCQeQPbPOO3Of55a6qRjHboQCQAck49Mf19qTavrH4vuXW7vfS29rX1srsfLbl87W2f8rvvdNPv/wSDauQc9OBkEYHcnPt0HXPB9Q8bckgAHtyCMDsTkdyMgjg4J/hICGAPOerdMkAc5yOC3UEbvwWmHg/dx1IADEgd+g4DZxgAgfSne2q938b7dHe/lfR6LoHLKyXJ2tpd6WXVvbTfa/QRz1POQCdvucdHPBJ4Az05yOtQck5Py/eYnPsflIx0HP1HOc4zaPUNggYIPXbjPIGTxx1OSfp1pvlg9sDIGO/qc9CBzwcDJ4+YVPM5OT81a19Vyxd/k2l62J27eT17J6bLS66d79L1/LYk9cg7c46bhnIIIzxwQR+I6U7gcKfmycAkdADyfUE5U8dCOeuZ9qsr43EZ+bacZBxyBgY6L6fgaURkjIToMFiDnIPUDqeOOMDHfudIt9X2bbb1s0mt9Pzs101GuZd7aWTv3T26dPvKJ3Y3cgruAwpPU4yTjoMhhgkgfKexp20MDjdnADHHpzkZ9R69ODgjg3thDZ9fmxyAFHOPmGM4BByQc5z14aiqd3yge4PP1PbA47cngfwimpK9lpt7vXRR31dtNdr2ejb0TcebRrVLZ+dnZX67vW+m+q0qiNMrubAAHTcGznJJGcZHIwWGCcjowKBAhznIGSQoI65HfGSMA9Bg8NnjFox4O0jkDucjB7dQcsMZJIOT37tZWBJMeVyBjPIPYE8fxfMMZO0EknHA7Xuld3tezutnd6LbSy3t13HGC091XST10afuq7vZK1trrstSPIx1J5BCnj5Rz2+YcZ6dR6AHC4APbnLZQevTqeAOx7/AMWAOJAMMoA4wegzgdAMjggfTHHBz0bktnJ+7wRgA44yDjIB46ZPAGWPY0XS21rafyrW3RXs9Nkr/DYcacrpt2d1smtb/ct/P56DMIeckbeF3A9CONxznv8AgeNoJwZF2NkYHBC59MZ6LxtB44IPU5yeqgDnG7IJUjG0jGOuV/u9MYHfnmmjgsGDEEn5h6AD5jyOvQ9yfyp82197ddLJtXWvk313XfQHFaWktbdLq75VZaO+u8kuv3PIXIPygKcEnK9eMZ7ZzjOAPlXjnkKghlJztyDjpyQR3HQdvlOT3BzSpkqQyjnDA4IyDghQBwB90Zxk8HntIMYzlcH5lUe3ONw/h5P8WODkcjJFx6W16P8AL9NPkJwa0ukmkne6V1rpZPpZX1s+lyqQufmx1I2g9MZ5zz19AQcngYGKQgvjPOPUdjgjPbn68YAA4ANsrwCygggsQBghQMAZHXORwTnnnnFV3QclFByME4/EAgDkgZGc+pDAVPK2783ez20sujvf02vp1aE7JavRadW/s6O+qS1/lvq07PSLBIyByBnGWyDgHJPTP8XAx1baKbg7gWyTjIOMYA6kDPU55YD1J9C/Ztzg5DAc5OV6gg5wQTnIzkEEZ4BpgOc5JJAC5PcNxxzyDkYPOeueDSjrb4n0abTfe/e1ktebT77kGk22m3a2j/Sz1tdjsA9+oJ5zznk46ghehz1GMDIzSkKQoIAGPmAORgtwSBxnGSAcYHykdqTjJG7IA64OfXnghTjJ4z3PrTCANpzz1K988Fc55LegPBB53YKi78yTSfR9LpNxa2e2uvZb3bQSneyto1d3a6NW0W33+fVEnAUkjOMYAI744APfoGAzxjBBPEbBc8/MAcgdCoyeQTjoB+Bx68MJ4Y5YlgDg9R0JzjHOPvZz3FKCScDHyjnn1+XAwCCOBz7Z3Zxmkr62dtNH0tK129t9L97Ga5na68u3vX2Wmq821o1ddpl5JwcgAkD5cbSvOexBB+Y4PJO455oIHA6fdIyNuPm9B0wPzI5xyKYrdxxnhguMbeAevPAwR+THOKkG0Yb5SMH/AGm65xt4+YAfdAOcYPPUe6226dPXpfbRfPW5cG7x5rv+ZfZWsbebV9rp7ar4Rjbfm5ABKgEkgA+mehySeAAQDxnOadxgL35GenXgZ6MuOTjntzStyAx6cEAYxgHGSQOckDPJAAPzd6fgcttxgndxkcDg9OeAeQATz17NWen3et15r5ee+m2nSy3SSemn3bar/h0RrHlQD8zZGQBzhec4GeOOpPAPP96nAcgjrknk5yRxt4yML3zjJ49qUMeD90PnkA/KATxnoSAOpOOcjGOFC4IJfB5yc7eRkjGTgHngewz1qXbSy7eVtE9rrXvvpfS10y6stNL3td7u23Rr0tdX17CoBuBww4HDHjAzk5JI6jjjJPTrSLkEZG3ggHK7iRjH8I9u/AxkA9HEcjHJ7cc4G4EkDrzxjtz9Qo+ZsFRkdSDknowPUcEc8Hk+nSmmnpd6buybeu2lk9LOzenkXZ7LWyuuZ20/FJbWtp6IImJdFB53x7u3JcbeOAc9gce+M4r+dT/gvoWn+PnwrjbBEHwgu27jH/EwUD1wAepx3OCAAR/RjAuZocEr++jBzjkll74GOuBnLcDrnA/nL/4L0yA/tFeAUI/1PwbmBXHADaggB/oM55CjFenlMrZrgmldJTT6v4F8uiWvZKzPNzH3cNLTd2S+5X6/rdb6ts/nK+KtoZfBSRBnRDpF85aPcsh22snQHkZIOTjt6EVpf8ETtLaD4ufFnUo5W8mDwzGkhlPLbr1MfMSS2T23HpnnAB0fiaqN4SIWEHy/DN/IGzggm2cHrySck4GeOnUk9J/wRjs0XxT8Z5mUrKdI06FcHgCW8jcqWHOGXjB/Fuor6nOPeqUXy29yWr7+40+run/w54ODXNz2lt2eusVo/PRbX1vbWx/QvqjM+pXbqdxTUdHDEEAjdbEAZxwORznJ5OO9fNP7XHxs8H/ALwHa+NvFd7AkumaxNPpOjh1F7q9/5TmC3togfMdGdkErhSEGc9q9I+NXxa8D/A3wX42+IXj/AFa30zR9IudMuIIJJAt3qlzBa5h0+wiJ3zTzyEKBGCVQluFGK/Hn4PfDD4kf8FH/AI3x/Hn4zWmoaN8DPD2py/8ACC+D7kyQwajBbShoB5DbUkEuxGuJirbjlQSM15ksQ6MVGGs5P3Xd2irr3nbbW9ldavZnVGhKc7t2h1110tbl0Xvav7r2Wt+p/ZZ/Z4+In7bXxWH7Vn7SUV1B4IsLwyfD/wAF3jOtk1nbSB7PFtIVRbWJFDSuVAlOG3gAivWv20f2mNX8d+N/DX7G/wCzUFuNX1nWNBsvHGvaOm+z8N6FY6jbNc2EEkA8uBVhjKTyZCKTtwea6P8Aav8A2t5fBsWm/sofsw2Sat8VNcKeHVi0GIS23hWzuF+z+SPsykR3Ece5nY48oDk5Br2H9l/9j7Tf2WfhTq2u+Jmj1/44eNL/AEu68VeJLrNxdWMl7eQyyaVZ3DF5ERNxEzoQZHUcg5zyxgpT5pObcpcz196TfKru72ik1to9rGjaSsmuVxtGLba28vO/RrbbQ/Hj9sDTU0X9o3xHoKymYaLdaNpQn4xI1pZJG7fVnDEjcSScd818yfFor/wr7xCuBkwxgZ7DeuMZJbJAJHGOcgev07+10wl/ae+JW9i7w+LUViSDjbBGx4JHA5+XuQccgmvl74tyFfh74iB6mFF7HG2UBecD+8xx0xjIJ6/0hllo8OqL1vl8Yu1uW6oxu369el3e76fyznP/ACVkrJWePutnoqqe71vta+t+m51vgi8W28G+GCVBH9k2a8nkkocgLyB2xxnqc4xjop7maVWRwNu2VypGCA8T7RgAE44wc7RyDyTXCeGZli8KeGkJRm/s6yJTJJX5CFwDg5PpjPOOg57C5kDsxHyA27tlmBJ2wuNvXucHp9ecV9Fhpt4GlFO0VhqacdnrT76307aaXt0Pnq0LY6rdJN4lu/Vr2ium7a3suulnvax4J8KboQR66WCkDxDeYAYKM+cQfwBHUHH1r6Bkvmd4gAhVkyQcZPTkDqAOe3tnqK+dvhYu5NdXarKfEF4SS2flEqnnAzgAZyR3PJAJr6A8yItGIUVnDRoOeACCHJ/DPXoRzzXnZC/+Eqg3HT37W1vecm9b9m+mjV2rOxvxDdZpW1im5UWr6N+5T201Wqu3s9e55h4DIf4kfENiV5NoAM7cEdBu44Ax9Q2Dx09XlnBmCSPtUKck8KwGcKBkZweQehJ7kjPlPgJoh8QviCZFVd0lsFIYKpKnPII7EA5x3OeQBXp103muzyRqBGmI2J4ILBTgL1yMdfUj2qcjtHBVGuWN8Zi+/vL6w9Hq9Wl0699DTPPex1O7il9SwbUW9GlQpc19WrrVq/dLyXjfjNP+Lk+Ascj/AEkgqeNuw7cZOMYwepJ685IPscMZDRGSVVEkznB4+Uc8nJOcc8nHc85ryHxdE8nxJ8CfMchJmCoexiHYZwMZ9cn73+17HBZSS+YXJXEu1eCw27jkrgdwDuPbpzUYGm5Y3NJRV19agk762jQpPfd37PZXWi3rNGlgMqhe7eFqNK+tnXmle6s9nf1t6+efGlm/sPw/GGdkPiewAyQcASxtx0+7nAA7E9c16hbxCWNTvXb5MasOck7QM57dMfmCARXl3xkDnR/Du8EBfEtkFym3cVkTHUjv82SMEHgsCK9QsIpZbZyu4sFQEEjrgYYc5OADhRk9eg4ow0b51mT0sqODbvbmb5ZNdtH+NlfbV1pJ5Dla952rYxXtrZSpWTS7vRpX0fkjjPibAq/DvxZIZN5GnEAYY42sT0wB0A56nK/exiruiwxQ+AfC0km1mbQ7HZu4APkxk4C8EsR3OO/AyKb8ULSSP4deJlL9dOzkrhclyCOpyecH8sZzna0DQr+68A+FGj2NjRrA/OQMARp05yMjg9+3udYqKzepz2TWXQs3a0f38la730ei2006odOM3lFJxjJuOPm9pPejDbrq1Za9Lq+pyUIZVlkVQ25JioC42Dy2AyOpO3jpxnknoPPPg6SPD2pxzttx4j1QqMAAgzSMd2MMVAG4EjPv8uB9C+H/AAtHLfW76hc262qmcyR+fGqsFVjyWcbc42YI5BwOgry7wY+hWun6us0+m2CDxLq4Vbm7ii3xpPIqEknhXXaVOMn5cZ61FWdF5pls3Vp8sKOMTblG1mqNru9lbRrbTbYpQqPKcwjGnNuVbCOEVFuTs5Xeid2r31VtFpq0dFpboupRFypUXHy8EsSBgg46j+HOeMHk448w8IFD8TviG4XKloCuDg4AOdvQkgDnsOB0wT6nDrPg6C5t5pfEGiqEkB2rcxkkmRfkypwxxkDbnOOhGa8Y8MeIfDdn8QfH1/davZW1ncuUtpmkULcBX4KYByRjsQMHBbkYeLxWG+s5ZavSlGOLqObU4NKPsJX5n0ba3flu9Dky/C436vmUZYetzVMNCMU6clKUvb0m+XTV2voldNWdr2PfLRpEkUtIQr5dcEY2L0AAwQwGMAc9ARXA+KWDfEDwGySA7YtRbcRjBLttyR0OCfl6Y9DyLbfEnwLHKjDWjOYk+VYYHlJJzgHaOoPzc7eea868R/EHw3deMPCeoWs19LbWMN4sxSxlWTfI+FEScFz83O07uevJJ2zbH4J4alyV6MmsVhXJRnGasq1PmacW3pFa9mtL7GOT5ZmFHF1pzw1amng8XGPOnFuc6Noq1r3k1b7mfR0lyViGxtzBCAA3AO7naBjHzZ655J7HjzD4uTt/whkAOd51fTSVJ6/vo8A9/u8e5XB7YzLn4q6EsR8jSNfmYoSJFspow5ZixyCmVOc9Dzn0wD5v4+8fw634dMFv4e1u38q+spjc3ELrGQkqkKWPCu2Mdic8Vy5tmWDqYDFwp1lOUqLSUYVGtOVfFbtq3oratLVLbJcozGlmmEqVacoQjWjzc84Ruv5lFtNttrTXRetvq6zn8nT7JkORJY27OFIO4iJc8DGMjgkjPA7GsLxRO0vhzWuWDtpl0SM5IwowCOxPTpt69xXm9p8RtVXT7WK28EaxOFt7dAzHG8bFBxkHAYjAwCV7jJGYdY8X+KtQ0fVreLwFqUP2iyuIvNecJsXywzMSR91QMncc8ccnI7amaYP6mlFVZuOG0jGhWkl+7XaFrXtZu3otGcsMkxzzCNRuhGKxanaWIoJpc8W9HUvtskndrXWx7N8Goon8C+HTJIVCK7SbuMhpGCgHpnAHBzwwIzya9YuIYcMIWWVjIOCQNqjHcZH3T+GcEV8ZfD7xp8UbXwrpVjovhWxnso1ZIrqe4jEkpEjA5XHykElWyOPUmuvn8UfG+TcG0rQ7VZWwA8hPOSDnHcbjyB1x65rHCZnGeDwvs8Li5XoU1dYepZNRilrLlje73V1a17nZjspqfXsQ54vBQf1io+aeIg5cvMnHRXSerunrptsel/s+yW8fjH4s+bOtusmtQjLOAGAYfKM9D1OCOQMjmvV/EU1u2pSyRyK+wPiTb8pCg7eOmcenI4ODwB8R/DSL4j3Wr+OJtN1PS9OupNVQ6k7wyTxmf5f+PfafkVQVzuwD+JrqNZ0/4mxXJW58bwguzcW9tt24GcYIzk84yMEfUkeXldfExw/NTwOJnzVq75/3cV/FktHKpHXdWd3dOydrnpZvQoSxCVXH4SmlSwyvepKX8GitVGnJNbNJPVavudjfXrJ8ZvCsxIDxaTdMAF6gAYwMcZHXBBHJ+noHiPUZry+DRiTazs4AIUgdyD3O7I3EZ5Havkq90bxMnjLw+154wvpb26tLlYr2CNYpoUCkOib05VtwHI+Xnnk47z/hD9UupYPtHjXxFM+QpWORELctnICjqdpI6cYIOTjsymrjufMVHAVJN428r1qELSdGilF6y20bsmknbozzM9o5e6WWxqZpCEfqSUeWhVnzpVJ2krxil72i95NpMu/Fm1kk0Xwy7+YzDxVZkcjC5cEc5JPOBg/Rs5ArZSzQTzNKABgrzInYbucnAAxnOO33uc1w/j7wgtjoemNJrGs3bvr9jDuubglUWSVVdtq4AcKfkbgjJI710SfCzRpFBkl1i4Mi72zezhVHP92QcH5uew54GK3w7zGGY5ioYWl7VxwkpRqV7KKVLliub2V27b9uiva2WKw+VVsnylVcfVVKlLFKEo4ZOU/3lOTk1KrHZ+t92tNKPjL7JbeE9cPmWyn+zpWwZ42bgEkHDHB5xtHJP6VfCl/oC+GdJkvdV0+3I0yEMj3So8Y2gAuBuPPHsCe5IFaPir4YeGbHwvrNyllI0kGnPIGuL2aToCQSpcgsDx3GDnFafhPwX4Q/4R7Tpp9HsJTJpVvJI8+XZ3dVLYyx2jJY59TyRnkis0/tTnlTwVOawSjZ1Ksote0uneMF9pbde99CVSySnlCpwxGLqQWOUpSVKnTlz+winGzqSVknv3T0196C08X+B7RwW16wBWVB5gk3kcqSPLAycEYyMfmTXFaP468MWt7r8txqrK0+rM8AjhZzLEysFlX5Sqgg5CkEkY3EcivWLTw54ShmQweGtI+aeJVZ4kcZLAkhcHdyeOCT1OQa5/TbDRzqmvA6Vp67NUAjzbQsoUKW2oQv3R0XBI4JzwAHVhmNXMst5quFhK2JacaVaSSdODbd5xckrJLVNvV3KwlTJ6WTZvaljJxbwbknOnBycarUVCShJLdt80XeN7atGC3xA8LC6jlhudRuY0eNnWGzmYuikbs8DcPl3YI/Ec1kav450d/i0mvm31U2Q8PxWyxiwl+1F9qbSIQMhTjJYjnntnHsNpa2jXZ8iwtYogMgraoCc5J4CcEHnkeo74rmdQsVT4xRW4jicf8ACMI4Qxpt528kbcZHI3ZbPIz1q8fhMwVXAqePotSx9GMEsLypSd7Nc1WV0rdUr9Xprlk+Kyx0ce6WX4mCjgK3tXPFN88Hye7ZUYqPlJJ9kU4vilpysjWnh3xDcyEj5zZSqGC8cfLg4Ge3Bz1rl/EXxB1HUNU8MSReFdUtxbaqZI47lREbo7GGxCUzk55645BwM171Dp7lVJVEwZQFWNQQGz0GBkA+2CevBrzLxTavH4g8EiRmw+sMNzMFUMqOR8ueCAvXpznP3aeb5fjqeBqTnmN2q1DSnh6cEk69JJ+85O6bvd7tXNMkxeWTx9FUsss/ZYhqVTEVJtqOHndNJRUrrTTReTWlxvHfjMxhIPh3dMNzHNxcR/KGyeePujJxkDA7CsDXvEfxC1HS9QWTwXZ2dsLG5S4mku4zJFF5TksnALMADjHJIzkYBHt10saofNvkt/mLBnuERX3fwg7uhwDg9OCa4XxVqulweHtWU6pbNdTWksUAEwkZ2VGBU7WwBgZOVB6g8fNW2Oy+TwldTzqu08PP3X9Ujf3FdNKmp2d3s3vZWs7c+XZhRljcOqeQYeF68P3lsTJrlnH3r+1eq6u1rrZ7H7uaD8R/FJ/4JCXdhqXhuCTw8vw0ubKK/sJPNvVME8WJ5ogCzD7o2dTjIIHI/nh+H3jHw1c6Pb6eur2q3gd5Xtrl1tpkBYADa+MhjgH02tnDZr+kX4Cj+2P+CS+owyW0cqL4Q1hGYgFAkckZbahGGHoOcAnBPf8AmuPw+8M6qGe4s4kuHilP2m3/AHM6HewUgrg5XgBgMkAHpXwPh+s2wuMzCvlk8NVdCfJWo4n2i9rz6qUKkL8ktHb3Wmum5974nwyTFZflmFzaGKorERhOlXwnJL2UoRjZVKVRJVI6t6Ti77dl6/bygsPJYMpClZEdTG5zlScMeQM/NtweQfQc/bMf7T1sk8i8hX5nx1C56446r/wHk4rxr/hD/G/hdvtXhHxHLeQxsGTTtTcyKwBJCl2JwuMjjpnA96tj8VbvSL/U4/Gnh68sZJbiITX1mvmWsUq9WAAOUY4IO4dOGxk1+qviyNLFYFZxgMRljhOfNWl++w0nKk0nCtSvZNvVTjF2vfZJfjFLgmNbCZkslzHDZr7ajSUaKXsMXBLEU6klLD1mm3aLV6cppu0Ve9j6LW5EsqxsxQYU4Y4JwwIB6HHYEYODwa5XTUElzryhixGpSbSScYwnYcYzxxge/NVdK8XeG/EbJLpOs2lxwoEJdY7oHoQY3wxB6beCOBk4zUuiki61wnKMNSYEHp/CQTjKjlR06DAyQDX0ix+Fx2Ly6eGr0q8Pa1nenUUo2lh3a7V7OzXnfRnyf9j4zLMFnNPFYarh5+zwsZKcHB6YqmlbmSTS0Vrarrubsj7Y48uWYBR3I4L4XJLAD5R04wuMZBzn+HiGspmcFcX85YkkjP8AEM8Hk7SOmNuBkcmzGQQ4YhwJcYJzuGCQQvPA5PPbBOccV/DTLLY3Kbl2DULkZJ4G3JAPX1PrnqSASa66s4PNcBFrmapYpJWXSNOysr/9vadbHFh6T/sXNHBX/wBowVk72S5p69Hrp2dtUaDjlfnwpHAwwJByQMZ+YDnk8deOufPjoOjavDqFvqWn2tzGdRmVXaEeYqsp5DjJyO/JyN1ekSyB5EjOBwuSSvYnv6npyTjnI71ymnGP/TgpXnUZQCBk5A6HAyevJHDeuOnLmeGo4nG5fRr0adelOVdOFWEZRaVKDd4tNXW2r0et7o6cmxmJwOAzWtQxFShVh9UcalKc4Tg/a20aaeretmm9u55fqPw1uNHhnvvC2uXumskUkzWsjPPbuMY2KhwqD5QB973GTuL9N8V+L9Htrb/hINGa/tGiU/2npvJCKMBpYhuIYZ5HqD3GD6/KrfYLo7clrafhjxjbwFB/vHtx39CKpaXH5tnApT5RCAUI+VlJI4H3QMZPILcggjgnw5cM0cPj5f2ViMRlspUZVHCEva4bmUkknQqOUVG93aPK1fSzufVYLi+ticuUs2w1DM0sTCgp1l7PE8kqScpLEUuSfMre65+05rdWeO/E/wAT6TrngO9bTLqCWSOeDzYHPl3CtkEq0GQ2Uydx784HevnjwTKb3XNCieCSSOO5mRoSN3nfKeOApI57nII6kYx7z8ZvDOl2/hq51i1tltr1LyJfOt02b1ZhkOq8MDng9uOQBkeNeA9d0ix1bR5dSsrl54b944Lu0AdV3RBBujUA4LcuzDJORyBmvxbjdYyhxJThmEqVStDDUGpUFJQqU1P3ZOEm+VytZxTstLXVz+geAZ4Ovw46mX061KhPEVvcquLnCfLTclGcbKpFacsrRk0mmldJ+hTpex+IdOW3klW3Oo24jgZg8cOLtQUTdkjBxxnt2GQf6IvEupavaaH4NtAY2t774SA3Eijy5oyulYV9x4woAPXgg9RwP58ridJvEmnSAGINqVtIN2RuRr1WVieANwKn25ycmv6GfHc8SeH/AAfM6qSPhCixnIA3HTM5ySMZOBtAwSenBFfMY2pH2lOKhZVG3ZON1bkV0rvZ+XktT7DDr3OZ68lrSaSadorybbtZ36Xa6n5NtHbD4XeK0kvnunbxq0sVqeJTiylJkZByT5m3Bx05XBBFenQ2Ut2n7P8Ap+owCSD+ziUjmGEZJ9SjYptI9M9u3HOM+cwaFaXfwf8AFHiAeYupReNmtAqncjwGzfLEr8oJJGME44IPWvVLLV4b3xj+zzpsm4my0+yhdCylg7zxsT8oPUjoQRjt3qqj2aivcnK0WrKVoaNrrbmSXb1sRF2ndPR8jbuna8tV202Wvzva/mei3MWl/ET49LdTSW1vHaa3aWu3cEGLoLHEQfmOANoBHGd3rjI1myuF+HPwcu1uGaKXxNK5RRlkK6nEB8ucDHc8HPPUnHXeIdIt08SftD3dw4iNtqWoLAcMuWa9QlGPTJwd3csvC84GK9udS+HvwZgEplaLxLcl1VfuK2qxEAhBhGI7HnnrXLKPJHmUmtVLZt7K910WrSs0vM2jKLavDVKNnrq73u2/R/JWstj0qS1gufiP8X3+1swj8BIzkcuxEKts5JyATyMZ46fKa5uytLr/AIVb8EvswjlSfxrfYHIO/wC1jZxwAeOvI3A8lRmt9xBZfEz4yxJOcDwVdJnYC2RGny4Jzuwfc5Hqaz/Dd/FcfDz4HW53sIfHd0cn5Vx9rIBUg8nHOM/LzxgEVq5zi1azVm0nbrBbardN3benno3mqerak4t2v3XvQXa9mun63OauJbqG2/aNWWFn3XllFKDwEIKDuegAPGR369/Uo9Jubrxn8NJsP5cfwwV0w4DAmxcpk9wF+UjAHHJ4GOJ1yLZB+0oVQCJ9WtBncSzbnQrjjryTkHnODx16+GeX/hN/A8G5o0X4XQIjByrAmwk6DGNpwcHaAOvXFbUZNxUtviunrr7On+F/O/XR7DTi925OcdXe3xuyb7K2yduy2OK0Hw7dv4e+FVyib4z8SdTklCuNwCXMu5iR8wVcYzz82DzyK5LxkjfYvGcxGGm+Jlpgg5JSKddwGccrgHBPU45ANd14PuJjpXwmtRv8qfxvrwI3n7ySTMxGM5xnkn2J9Tx3ii0DeHNXvEkLLP8AEq9jlXdnaVuF2E8YJ4LdwevB67KonUsrJcy18ue6T1d+90leV+1i1DmjF3v7sX21ThfXzTv3bv1P74P2WZN/7IH7MEvUH4YaYQAcg4QjkkZwc9DycnvzXqrMcg88t1x93uTzwSR/Fgng846eQfskN5v7G37MDbsgfDTTlyDk/KGUYyeoOevHABPOR7DMMEnk7uBgcnPTOe2D19wcjmvCoNvnUraVKlkndbr8L3Wne2idl9pNL2dLZ3hB62tpGmtdevZ9L2bKbBWLNgAbTjuG3ZBwefTkdcnqe9ZgAcglQRg/KDwoOcDtn6N0HtVs8BR6Z/ADpnHUE55BH1HQIUyQwAB9MggnjJ9zjoBw2AfTG/Om/K276LRW66bdbW9DJpWvFpO6d2rNJuPfXpu+my1KYA4PzEgFuPunAIPH/fQz9e1AjALZJGQGzuJyTkd8HA9+5JyTjNlkXBG3oAB/vHBHHvkZ4x7VFwWJOPmHGAenRsdM4HB5wOrcjhO++/ffytZPbXrZ9/ISWsVLW7t1Sb62d323vbTsQYYDkrnBzjrxnHPJB5HbqRgA0gJKgYORyRkHAY8HsQB9c5HGOczlCeQV7njuCDjkduOT9evNNEZIyeCFBfB6ZZsew4OQORyB0NEZXSumn8kldrz10t6X89VJ7JRevuvWyWzv36btq+zvoV32hSuWXacA9uckkZOSAGAxjnAB9DAAWO47grMSTyTnHJGcsckKAcY75q60Q5OSepYE9hgnnnOOcjop469GGMHGM7huY5PfB5HIOGOACceoUDrpHTq9LO762t562d/5e5Dg20lpyu8bONpWSTXlvayfW7T0RUI2pkZ64xwcA8EdOOx6Dg+wprfIBkYwc8njHBzjsM9yeeeORVl0AYOuQobvxjbjOQccn0zyBxnGKj2gYbeBknJ2lvlJJ6/UjgcDd271F3ta/wA7aba6u13LzaXZjV+W1npK2jV0r07W2evTeztfo4oCBuPB4IODz82PwwvbOe+Tno5eBgdQ3UEYIwQc8AjoCOe+3js1EJYZPGSBnAIIyehwM5A+X34ANWI1JGD3LKcfL8xGeBkAkck+vQjFUtX0St01avbXS6tvZaX3s91LTa0aj7qd0tV7sG79NXps3d3ehHypwQcAAYBz1x1btuJAxknjHAzhXwCMBWOGYAHsNwGBzjtk45BP0qQfNnIAUAgBuAMDluvJ4I9TwDjs0heoYfdORkZ45P8ADn3DZ4I+bnAa1dddu3b8nZpdF003M0oxv0XMrN3vZOLfKtXLol0utbda/VAvDE8ZUnvxnsccbRjnkdelP2BSQpGTwDg8Zxu4Hc8Fhg4yBjjBUQg9x8wIPIyBkHaQBjJGGHAx29aGQhsDJJXnBzgDBLAYySehx04HGOBvy7ebf+X9X0V3Ta5UrLaOz95X5bK6Tte6sl3eqaItxDZUD5c+vRc+xPr684+tQluASD8u4jk4OehzjGAcjj2q0U3EqGwNucYycDAbBHXt/C3QdmFMMO4KcgDDYPIJQDHA7Y4HTnGTxxSTcdl87aaWstFvdJvTZ9kTHmdklbfR230bT0S0vppZJdGrFbBO4EbTkHkgE9ecejDkY65OCeMuJB4xx2IGQOPbtx3OM8UskeOUJyVUcA5AxjA9c44Gc9zyaa0ZHDckkZ5zgEcck4/AcgYwDkCtIztrZXeivay2drbbJ/nfTWvZtdF0tK+jUmkrdX3dlfbbqpIyQo2gHnbg8cj1PHQ8ejYzilG3PA54UEDBznhRyehPHcnoOOHBSRwoIzyMHtnPocZx+HsOFIxggYXjnI+9k8jvk5PX5s5zySxrnaVlJLskmnZ2vdLlv3u+/S9iFvJb6Xvrfo2tFZWva77edxgdTnOcklQPXBAJI4wOeg74460hIwe2D2GTuzjJHrzjb1I570uCWGEAVjgHO48AZJBOffJHr3zkUYBIBDFs8Yxy3YchjtxyAcd+MZFK+jfu3fNdt6Xj992279Hs3qi2r2V122s9FFejvdNfnYTJwMsOoB3YB4B7AjkjOcdM4G3mgnrtIIBxnPbsSOufx3E+owKcFwWGByzEY5I4454OSO+ScMCcDpJtDDICg5wOuML8xAGSRwckk4zk8E1HMusdO15PRNWvq1bXTT1QpRVk7v7LttqlHur21v2la90QKCGUsAQCTnGOCDxxkj1JzjOQMZXAOhwMZwyg9yRyRkcBcgEDGeh+UAU7y1LA5zyeM9ASQO2cFunJORhsGjbtZQTkDPP9OcjdleMHv6YpXvu97Xvu3fa/ne/veXZXSeybWkle6T6RutVazV7b9raETBQcqMAnJyehOc59M4GB0H4cMJJDAAjAyrDACqOpH9Op5zwOakAbBAPGQPxPsQCODtPGQcd85ftXaxBwcYU84Axt7ck/y/Ck31d38KStdu9rL5XtvfZWVrIUbp3s9Fo7bu17J9tVdW30KwYMGZgcjGSc84AIz9c9xwDx0NIcAEgcgnpk53dyeSMHocZJycbTgzNGvKkg5Tk5BxjPOQee/wBPwNQsny7STll4AAIXBA9DjAOV4GQckdqcZ3vo9GlZ32tZtK/mr3ta+mhLhezae3Nay8ruS3239Ntxp2sSucEKASWPBAAB68Hj16fN2phyCCNoOGBwCRkErng4zjJyeD+OasLH8uBgjHHOMHBwcck/d7Z69hkF2z+I8kAYx0UY5xgnPYHPI449NHP3dW09dI9NY9+bVcr0b0TS0WgXV7NK/dLa1vRX0W/z6EKkdSBkNgFjjJHX2BB68ZPGRkipcL8+MHIDbQecc9Mc49eoOM+uWbTuzt+XJJwNxxkHqRkqG4zjk89wC9QRuGMdgeoVc5zxjIUHjAAx1yM4TdrPm01T31vGL0b1Wr2TTv8AITXknva+ttt76vq+nYMhiAc8EBsfMAcZz2OBgAD357U9lBDFiMAZBzxjngY9M/QHg9RSBGAI2qQRkkf3uozjgnr8wA9OTwJPLBDbxg4GCDgDoT8uTkjuD06E0+Zt9FHq77fCt9t+iTuld2Q97re9tHpq7LV3t03Xbq0QMoyeVPy5BBwR3HGRkngZbp0yvBpxweh5BBDZyRnJxgjnsQeM/NnkLUjKCGB2kHjnhQMc4yBlepII5568U0ock9A24EdSAcYJPt3xjIPscU2ravVLurv4Wtrq7u9bNaPTcz5XdJa21tdt20T1svNt9NXp1OHzwM4/ixnIGQc8gYwDwDyo6AjLWB6fMCOVPHJ4GP4euemfoMnaLGwBUYcMAQSeRnOAT8vPoOPXgcUMgO0Dkr1J25z/ALJPO7qAfwII6p1FqlGNr3SsrXtHV6PfVfNp3s7NXW/ktN1flduqt5PW+/UrhwQeuVAAzgDPOT9SvPOACg6ZOHBs7VGSN4DZxjIGMrz0weR1xjjin4wzgrliO3y/U45B5AHP5gZo2oQAyYO0kYwAO+Seh6kcgdvXlp9bNcyXLu1b3VL0s01trdq9mmU6cWlZq/Rd7cur0at56d99CJ9g4wMDn6DjvnHXqM+nXODE5xkEj+EKeoIzyd3QnGeOo981YwCSBkgn6jj1yCGxkcn364NRtGuAMdcNkDjgHuQckjjnBGfUitEk1zJ7aa99r7u1ut9rbW0M22tLPq7paPZ3Vvw002vqkV8DOWHRWx6YUegHQDp688nHLeCSwAA5fb05Hcg8ZJ49zxjpmUou3AIxuPGDgZJz65GAQcZ68DqKRUByM9AMAngg8ev4gkcZAIJHFNq6st2nzXuteVuytfou+ttVoYyi9Gkk30srq67rpve7Sat5EWC2CwC5UkHBGQCTnHGPT3HQDs1wGPHGON3XORgY655wCMc54JJAFnYo29RlWAODyB39wCOOcHsTik24wcK3T5gwJwfXsSOOMfQc0RmlbmvpZK/VXSX3/O2utioqV+zja7b/AMN9W9Ovbp8q6Dcfm3c8Dd8uMZ7Y5H4njHJHFOKgEsOc4JBwSWTsMc845PUHqRVlVGcDLDAJL8kk5yFPt1PA75+7kyCMKCASMtgYB6HaDz1IyBnOQDkZrKdRJ8trWS0dnr7r/wAt+yW7NFCV9NXfXfTbte1+l1fTu2Um9CM4BYc5OSdvIwcn6nkADocVGy5HKkHI5HsMHkcE+vXHerkkargnHQ7iPTkdOpwQOhGDjIOAKhIC/KpIbOR2zkg8jk5x/d4OCecHIqulk73u1tbo23dde+ui67JSg3v7q06Lo1pfbXq2rPfYqNGG+8TzwMjgFuRu56AZzjPOQATxVWSP5tobJJ5OM52jkAjIODwTnocZx00iwJIHOBncTjI5C9PfuOSMAd8wOq5A6FhyOe4yx5IyDkEntzitYzd1q9tEtesVr316Wvr1RhUikkrbtXte61Sur3Xr2WpTCqRtJ5IyAOnBA25+XGB06gnHTJwjp82AA2P4sdwGPI9toPfvxwasmMIOAGIOTjnAzgDOMYyD3B7A8nDWDDdlCCOh6HPBUHJHPTAGc9SRjFdEbtXW2iS1b1tbVq1rXe60u+mnPyxau1bRNuz0vytX3Tv2Wvu9EUyqkfOWyzFsfn15BwD+JzjnoYhEFz82cfeIPY+g788e/OeeavkEkbkU4whOOgIJ5OMAjkHJHA7d2mEZ4HBIHBz0685z16g+2O1aRle6Wmz117aqztfdpa3sl1JdOKcbNNSsuttLW2un0Vm76LR6lFo/lyAMlsYIySMEj6E9RwPT1prkDDBCMKQQCCctng8dQBggDjNaJiBAKjHPPJGFwMDbjgdiDwRgYyM0hQKOcZIAwMckZyPTn73pyQCQOLU4e7ZJ2tdX6aK7XmrXVm72WivZSilNWUdFrp5LS2t1r13strmYyllGcbcEMMfMORyegyDyee46DGGtGG+XkKcgseMcjsRhj1C5HfoCRWiykEAY24yMYPzHtk9+PxxxwM00J8wPIBJ+UYIJwM4xn0z0yOhJ4y1NaJaaJvZLW2uj00em/RXvunC9l+StrdX73dtFponq+pRVhgdWwx4A5J4BX379hjHI7U4A4bOcH5gQAev4YxjoBwTzkZJFoRnO5gCei4GMgk7c9MEfMOmScipTEhGQAR93ByPqSR3+p7DJPOBVY21Vr2s3azvbTdPo+l9dESoK+r0+1pdLb5r1ut9tSr8pwRnL4791BIz1YHsceuT61XdVBAGMFSAAMZJ42t7jruxknn5jg1ZIKsxxwBwAe5PGfX73QcAjvjFRsxwcKAcLtUEMVJOc4PUkgg7vlwOgzk3FNtNa7Ja31utnd7uy1W/rrE6DaUuZcqtf7X8rV9H25dlu3to4HCkYAUBgOPXA7jnHfcfmOcAnJXNJx1AB5JOQVPJJ6n2Gfrx0HW6+3C4wCcYzxzn5jjpggEkDnkHIHFV9gyCSDgkYORgfXPQ9ATwSeSOa2WiTd7cu+vRRe6vZO17db6swk483fe7T818vdVlf1W6ZXKsNoYjbwPl3fNxnpnjnPfJxjGaMZwQxYkBexXI4zkc5PPAGCT6YAeflO0EHDE9OF6gZ/wBr075xznFMBwQNw5OSQd3LNgkZ5zg/MD05BGaLJvo7pbPp7r3vbz3Vr7O5N10W/e/lvt/w3po/aoQdOSFAGNxI+8WGBgHoenUjOeKTjKtjHBJxxyeBnr16gnjr04p6opVjuGQTg5Ofcjt0AOdu7PfHFMdQQDwMKODj1Iz34yfTk/LkseXG6bcpNK67LR2TTavZb7J6Pq9BuaTVopO+6vdNNeaW7vdK9nvYhLLjIPQgcjlgxyO38IOBjk9SO5YMZIXjopyQevJJHfp0A4780hQn5Rx8wPOSDgbs8AYBAHC+4GAcFdrDBKsRnP3euB13cjcenB4JIHORT+ey+/8A4PfRLs2Q22k0rXavrttbvv18nt2fhSORgElVyTztBOB65H1OMk9jT9qAD5R0JY9QucAZPHIzxxk85JwRTNhznI7HHTAJ/IE8EnnOeepIep5IwzLnk9yOcYIxkdOcYPYd6HJ2W79bvt0s7aK3oktAjaS1erd3e0tNN/TW1u9t0KqIBjJwTjjnLYHXkZAOOP6GomjAkJyPmGVAweQCQOnLEc89gcjrU4w6/dxtxwSoOTyeAAck9cDAHHc01hyTwAhyAcZJJA6dCOe4x0HtUqU17vNprppp7q+62jS0v6tJ3US5U/d6K1mr6q2mqs1e7a827NkBUBRkZ52jHIHPPHB9MjJ5HHpTGByQBnJLAY6BeCM8jvjAA6cdRmdkUksCc8EcgHn2PGeADkD6DumM5IIx6EDPPXjgkE85HB/A1om0kn3V+91borLpvZddtTO93Zq1lvu3tp2trsvJ6EJGC4O4ZwA3B+8SeSOeAeeeBnj1kCr2OQecAjnbnOc8dQfqemcgVJtA35AJPzAEg856D0wB6dAc9QQ0begIwOeD0yASBkds4ySeT+e6krrbun03Xnd6+j2V7aGDi4re7T0drb8r2Sv3vbb56JgLkAMd2OQSc9yAcnccnIA644GDy5RySemQw44BTv6bumD6+uchcAgYxywO7kgA9MMcKc854yME5xUwG4A8BQDnPbOAMA5PPc4P1IyabmrJWdtG7OzbsnvdX5npta1uokpXu7ro+7W69dUumq6shJJJG1thIx90E8YIHJ4HA569CKkXB5XgbeARg9sk56kep56jqSCp2kKGUN6Zxxg8sxyAR9eenpgPKAFRkKOc4GcAdAM8AcnGASSTx1Nc7lq9NendJrupNX10Wnfrc6IxVo2baula3mr/AGbtfe9LBgbV+XA6YyDk9t2O5PbvkjjinqPRcDcAR1IHHTPB/p0PPQCAE/Nkr8wz6ZPAPQdee+DxUygHcR93hjgBs8ZyMdjjg855PQE1H9dNdte+n9dCmuztp8vT9Hp+GjciIxZcY5DYySSwYZAIyOM89cDOQM5FzYmQFABAyMEkDJwGboCOM9QOuDghhAnysSMc7QDnBJ9DznvkHHLYz3p43BiMk8AE8g5HcHHZjjI6AHk4Aodtn1vbfXT08nb+rK00rX3aWu9/d21vvo7pX829LcYUZwAwx1yQG4yfXOcDHTGD3FTw4LD+HknaOegGCTzxjtjv145qIG2g5JJB47jqAPlBBI4PY8bR/dqeJmBYdMYBbjnOc7SR2Ayew428jFS5Wu7t2vZpf4XZO2vVO3qrlxhZwu0r3s0nqlytt6vXbdNWsltynYeGlU6rpTZ4/tKzOMAEEyrkNwcg++M8A1/Nj/wVRl3ft0/Gbe+CNH0JhuwVIXSVHOD6HjoDn5Rnhf6UPC3Or6XtXrqFnnjjJmTgc4GcY9Oc4GcV/Nh/wVRkiT9uf4yPMAU/szQo2XIO7GkqwGcA9RzyDj5hkggfDcWVHGpg07K1Ot71/KFrb2fVKz1dt9D6rIUlQxKupNOheO2l002mm9knvfR6rd+a/F14/wDhSHhJrqfYsfw9tnjROTIDexZBOOM556cHv2/LCGeS78f6QIoD5DapamMEAE4A5wRkgDIJIwO5GSK/V74n3Gny/BPT1eFI/sfw301Y5LhkS3jaS4hlO5yPlbB4OeRgdCc/ih4m8e6hf+MpdC+HkH9oa7I8Vmb2NSbTTnZgjSRuPlypPzP2HcZFeb4a4yEMlxMKkvdjm2Jcaa1nJynG6it1unra9uxz8ZUJSzDD1FHV5dh4uV0klyJNylaySbtZXd1ZK+j+gfjt8VvD/gvxHocMs8Wr61YQztFpNpIGWOeRdsXnMhYLksCYyc5yCOleC2vg34ofHq7hu/Ft9deGfCEWZIbRBJbgpnKokBIZmZAQrvlMEEDOa7r4bfCTQ9M8Wax4h8d3a+INbsjDJNLeyeZbQXcgEjsPNZlIiOeOVxjgcVq/FP8AaR8PeGo77SvB0VnresxBoJrkOsWh6WgwFeaf5YnkjXJ8pMHOBu5NfrVXES+rSqY3EyoUKk244SE3zVeVpWnqpPa3Klp1SPzCGDpfXHLD4aFbExjyPF1YJ+yimk1Si7qKvpzt81tjs9W0j4Z/BTRPCMkElpo1lHLJLfX12Fk1S/njjYNIqndNJJIeAU6Bu2OPkz4p/tI6lqWn31hod3P4R8MNJIpv2cjxDq8ZOVS2jI328MgGdxBOOCB1Hy94++LGr+JdRttRe+ufEuvedsivLoP/AGRpnmHAh02zJKkgnAkILMcEHpXpPwo/Zm8afFLULfV/EVxPBZXcpZrq8DB9qfMVt7cn92mAVUgck8dRn5Ctiq2Oq1aWBg+RyUWo7KyglzOOiva9lq9HzX3+soUYYejTliXzTsrt63bs3ywe+uzd7JXSTVzwe71jxL4qmWw0S0vbTTrmcedcKJbjUr4yEDzbm5yZVD5J2hggPIGBmvuz4FfsdWV9Eus+LGdFQRyizyxnmZiH3XMmckEHJACkY57Gvd5PgZ4Y+GenWdlpdpDPPf2TRvdSRhpzLCyvkMc7R8pOFIAyRjbjHunw61Aq1/EWWSJ4LRolDKoBKlGU9SQvO4f3cHOK78Bw9H2ntsXU9rKKUlBJckXaNlZrVrZXV3+JNXNpShyUV7OLk039t25VpdK129ltr2bMXWPBHhnwnoMdhoGmWkEYgnQxQIELqImyzsAW4I5PcNnglRXPfDiB3stKjD/ZEaxl3KuBwJXHB4445GDz97IFem+Kru3eWW1gZJpYdNvZGWIhxGRCTtZhlQVVjuJztIPU9POfBcuzSdNisIPtuoCwcSlnUW9sxmfDM3TOCAFz0BBB5B+lo0cLQqe7FRtT7NK6Ud9Oqvpe3pueVVqV5qSk3K81Fp/E/dhrtdL56tLoewTT2GlQ2TvIPNwNpJDSyNtYYRD1A4yckHB28DafIdElt2tNU1DU7o6dpi61fzSq7rEJVUg+ZPK5Xy4SOWzjPGBzxgeOfix4P+He+48R6yNX8RCNhb6Rp7JcTJM6MIoEiTIj5+Viy5HfivlbSrH4kfHNRb3E03hvwgb+5nSxSR45boOxdjcEbXb92ApBON2cAjJPm4nHRnXhGknWqxjNRpwk2lpBJysrJLrv03LoYdwpTlP93Sk4+9JWckrWUVZOTu9Nt73tdv1Dxx+0ekl23hD4XaZ/bt+s5ijuYYj/AGdaTMdgcuozcyE7cMC3PUHnPLaD8I/EniXxjqGq/FPXbi7vm02zuzp8EpdYBcPlbaNB+7j2jaGUANj5eoNe++E/hr4K+GOjpNbQ2yTWiJLdaleBEAbJMkrySYIwBxg5GM9cgfPnxF/aGsdP1/xJN4ONjMJLWC1n8S6hmPT7TyTk/Yoi266mDg+WVyMDaFPNebWjCjKnWzGspOUm3Qi7xW1lZPVqzT7W1aVjuoTdVSp4anKHuW9pP4rycU7zastL+7HW1vn9B6tqXgH4W6TAl3NZaHaAK0NrHtlv7whclli5kmeTBAHQk56Yr40+Ln7Rd/JrFvLocy+FtM+xzWcU6FZNf1GCYbS0MeSbTcCTllJBOOCK+XvFXxT1zxZqkh0c32tatMSLnXL8NM43fKxsLdlMNrCBu2llDAc5JOB0ngr4Ha94pudE1fXZJBaX2pJby3kzmaY7juKIHOUHI6Dg4xwMDzsZm1XEOFHC0/ZQ9pBU+Vct25RjFyktGm7fD6pnXRwMaMpVJycpQjzSbV3aKTlpqknrq9Va6V9TmNPj8cfE7WH0rwtYah5d1KFnmUzXOp3+44ea8vG3NGCCdyqwAyCE/jr7G+Ev7J2n6ZqdzJ4siW4v7exluXgZQ0cU3lkjzC7MJJQxJJwRkAgdTX3h8IPhl4U8BaVa22jaXaQzqivNeeShuZGHysxcjcS3B29OSMDPEPneZ4g8XTqSAsV024AfL5cBBIPbkZJJz1HqD9Pk/DcI4inVxtqs7ObTT5E2k0nfor3vbVWPl83zxxo+zwl6bnOMVLTnkm43cmtlZq22/ax8d+MdPTTNQ8DadZWyqlppd8QoABVftTqApIIwQMdccD2NamiwC4muXf7tukcaLKuVBIzJyoJyGxgc8kc46O8cSCXxjoFup3mHRABGBubNxcktx82CFJJ/XB5Pc6Hpaxpcs4WOEeUoDsilmAGS24juecdB6da/XeBcPTjlkZ+6oyxFadlayTlZLpponq9NFbY/n/xVrVZZyofE4YWjTtdveKb1T2u7/ctLa8Jq1qVtbsLEm0WlyQcZ3fu3w3I9eDz3PAPLeb/D20Enh0FhtUX1xwM9mI55x0wOvbPJwa9p8UT6ZDZ3cbahZxS/Y7r9206Kz5hkAVBz3AHbt6gV4j4F8S6JpugRRahfRwyPeXbiIbXYqZTs3KoyMjbgjIxznrXu4/FUaeZYSMpQUY4fEe9zRsm5UbJ/ho0921pqfJZZhMXVyTGuNOtOUsXheWMYylfSeibXVv8A4daHoLWxYBI8k7flKjjOfvDn/OBgnHHL+NbXyvCWtHaFIiUHccsScZPH3Rk9W6njHVhfk+InhGEp5d3O0gBKrFbufmLZznHXrk5GOCDnOeP8Y+O9E1Tw7q9pZx37TSRKFZrZ0QbSMlyVAHQ5HO0cdDk8eMxmEdCuo1qU5+ymklLmu3HTRXTbabaemulkrndleW5hSx2FdTDVoxWIotuSago80W3rZJ97u2umx2vw8tt3hrRZXJGI2G0kA8kZ57dMjcVIwRntXfG2Fw5VASqKzE/xZ3DOcANx1KjjPU4OK8a8FeM7LTdC0i2ks9QnljgBcRxERHPUZIzggdfm5xnGSK6KT4nW0Uu2HRdQXfwSoUgncBkLnjP9BxgYrow+YYWOCwsJz5X7CknGMJN35IJpWi+tk7rq7dzgzPKcwnmOKqRpWpyxU2m5xi37+6vJaX+WtmiDx7YpDot6WtwpF7a4J7qWXhic5HAzxknhRu4r1jRLQzaXZs29gunWiqFA42xqF7cYIBAIwCBnBrw3xT4pk13R75Bp1xZlbq0bzJWHz7WU7VTH3mBJHc9CRuxXrWi/EPSrPT4bWPR9Tupo7W3hYGLAcxoQxXGNqkgFT1PU8ivOweJw0M2xNScuSEsPRUZKDu7OW6s276a2T137+ri8uxr4fwFJJc0MViXNKpTTiuWmotvms3r/ADO9k7I7fUIZoVsMxu25NozjGCMYxjBxk4OQec9a8T+I8Bj1z4fqI9hPiGHIGVGA2QQOucAkNjI7HGK9Cu/iObx7dovDOoQmBPuvIoLFOgII4GenTGOTXmHjHWb/AFnWvBt5NpM1tFa60LgRyTIZH2sSyAYBUjBxnrnBAxXfmONw9XA1VFTk3UpJP2dRe66lO7TcfJLXZdNjhybL8VSzCnUqTgoxhWSTr0tL0JK1lNvdPpZNXbPe7i1ilvmLsV8tlP3sDJVQSDzjGBnqRnPTOaF7Apd405AV2ZieA209eO4IBHrnvXK6j4q1AGa5g0PYDuULNdx7jt6Bgcc4AJGMHHUfLnGn8WeIZIGZNOsIJNjDbLKHLBgAfuEYwDwCDwM5yCD6MsZRlGKjGqrNSclTlrs+VtpJX66u9rW2R4Ky7GKsryoWUk5XrU27Jq6spStpvstLdXfgbq2QfESxQoCw0ecqeu0ZBLHsRz0K4brwcV6tHBIYIlVvlRN5UYODkEIpGMbs+oIBHAxXhV8dVvvFaTQ3sdjeDSmTzrdSUVCSWQbupIIz19B7zy+HPEN4gkl8VaigVFIiWUQsSCNwG0e4IJJX+90xXgUcZUo1MRKnhZ1ufETaaqQp6Wp2Tu/Jab3Wmh9tVyyliaGBpzxsKPs8HRi0qdSblbV6xSja9tb37Jap+3yyeXEvmqE+Vid7oMk8YJLeuMndyMA14npzQnx/rkjGOMCKEeZLIqIGABUqxyMrjoMkHkkEGsxvCdzdSvE+r6tMowCZLmQA4xu2yZwCehxtU4zjrnLi8IwvrupW0xlaOKOHaWmYMZSAAWbcDkbhkDjAI61xZhmGLqVcDNYWEFHEpQTrJ3tTk7PkhZKOjvd63Stqehk+VYKnDHp4+VXmwbi5QoNNJVKN371SzfRKyu93dNntX2/RNpS61WxVoixIkuUA3nuQCeBj1x69FFVbvxD4dh2I2r2W7cD+7nDr8qDoAADnB6ccjJAAzwieAdH2xmVYjK/GS8rkNk9d7cDnnJ6fMOOmuPBOk2vlKEtZZd2QNpbDKOBznaM8Nxznd1rvli8ylT92nhIQaTu6s3LTl30jstV0bvojz1l+U06klOrjKut5ONKEXvFWd5St38n9xzPhPxVoVvqniiS5vPK83Uw0RjjZjLEFA3KOMqR6AHAyAc4rtP8AhNvDZlwkt7MxBTK27kEYBwOD24547DBNcVY+GoW1DVpEMQeDUEjVI4lVwCgY4zk4PT5iD1xkHn0TTfAkN/KXiMcJhhMjNeMsYZs4IRVZQB0bcRgZ+meHKsRmKw/JGrQglWrNScXJv95zNJOSSs27+6nbuzvzTBZVUxcXOhi5znRw7inOKTSo00krQveyUXpoloYs/jbTz9pjjttQ8vyHH+rK4ypA+Xg+6jGM4Gcc1w/hm8WLSnbZMolu7pwzYD7TIzBWyCc4B5+YAEj2r1a48L2GnvKZoredwjnzUmCqCEyq4Lcjdjn5uOy14/p0tubWQyywov266IEs8aqirI4wV6lV6DkZC5zzVYjEV44zDTr4mlUl7LEWdopR1pLWzu001ZX9dysLg8O8Fio0MJVpJVcOmpynO7ftLaW8u1ruySe3TC9eVw7ISGUKgZ+SSDwV4JOcjce/qDWlLaJ9ivBdTOrCynIVQAdzRsVGAQMhRkgHrkEcsDyj6rpsMkMk+o2EZWXcVM6c7AMlsHqSOTz1yfmGKual450AxXjPqtiW+xyxxokgJLMhHIABJ5I28+o5rWeOoxpVPbYmk2o2V6kU2uVJtq7vr0835s5ZZdi5VqHsMLVV5xbcaU2viiuZ76d09PuRT8J67qWj2Fra2umRXMG6RhO84QtuYnlDzyNpzjgA5xwR6tbeKfEztGLbw9aPlD87SqeB1XJwH2knH3gcArwePCfD/jLwrFDZPeanExi5eFVLfMJOAEHcE7Txz93tXrsnxp8ERAW8Mlw4IC7IrKQFcrglHCgsT15PU5GO3PgsbReHpqWbxpU/ZxUYwnSutIuy917PRvfudmY5fWdaf/CI60nKbnUnTxF5Sutbc8Yre616W0tYPEOveLJtF1WGfTdPtY3spRIOTJtYdUCkcgdN2QO47Vwelar41t9NsI4WsYIYrKMQZhLSvGM7SSM/P65IHfgDFN8Q/Frw5PY6hbWWn6xO9xavGshtZcAjjO4j5QMAknjHzZY5rl9O+I7tZWcEPhvV5xBaxozFPlbaOSCV6Z75GO4wMVxYjG4R4qKeZ4l/uLc1NzcrqUWknCCtdav8E3dnZgsBiqeDm5ZRhoJ14SUKihyWVPlbtUqWvpZvXU62XUfHNw6IdSaMSlQVitSAMnn5cdQucdRxnIyWrW1rw9q8vhu6lv8AXJrhmiQtF5WzksCAD3I5xnOdv5cV/wALJ8QCUC18H3ZwwwxUhiQMAMSuMHoQCCB7ZqvrHj/x1qFhPbnwmIInEayyusimNFcNuZhjgn2xww70Tr4JUZv22Y13KD1cMTKNrLq7RXdt6bvRWN6WHxcq1JwpZdh7VIX5ZYSMtJRdk+Zy3i9mtH2O1h8OaoYIDJr+rGMW0ZRFZlVV2g7VCgFR24x0zjFU28NWzlnm1LVpHBwQ9w6DH3QeTjqcYx34X1xY/EvxKlghaHw9awoI0VS0i52AAK+AQvI46Yy2exzBLqHxQJKRabpke4jO91JJPc5zjGTgZIA9RtwKthnGPLhcfVSjHelWkvs2aU9Oi8rEuniYVbPG5fScZW/i4dPVq6fKrqW7ve9ty14g8Oafa6PcTIbmSXzIcNLcPIiktkcbsE4IPpk5A4GPTPCGgafqFhbmdVBSH/VSPIz7giEMFDDhj2wOTgArjHhut/8ACw20yVb9NOS3Ekbt5Z+baGCgDBG0gk4GSO+ARiun0dfiXbw27w6vZ2paJREUiJYR7BtDkghioBySdxPUYHGWGr8uPqcmXYtxdCl7rpqMrcz1alJJJp9WrvTuzfFQcsshz5phFJYia5/buSb9nTtGPJGV2r3atu1r0Pc18I6cZws0CQL5i8yeYAyY4wGckE9Pz6CuK+ImhWEGlWnk2cfOpW8KSxKQz7WHJJJwucYOcKMYXjA5CWf4oTuFu/F6Mv8AAoij+UAseDs3Yx1wTk84OBXN65D4yuoA1/4mnnhWaICLYFRXLYDKRwAuMrz1yxwDiu/Ma9SeErwhlWJhzQu5TjQWqcXf+I97NXtvfbc8bLsNGnjcPOWdYedpqXLF15OdrWXK4JXvrG+mm97nv2neFEvkhK6fZlEiVpEYIWLCNNrtnjqeR25NdB/YVpGIIBp9nD+6O/bDHksM4O7IAYEDGeQfXArwSDw74oeOJJPGOsoHALSR5QgMgIGVXOemO+OB2Y3R4P1D5g/ivXr0nBANywIyeFYgg8e/X680qU8ZGEbZVO7jG7lVo2dlHltFXld2vf8ACwNYJVJKWdR5VJOUY0q7vaS0V7N28la9+rPpf4G/Df8A4WV8U/BPgWPStPvrzX/Gun6NY293NBCTc31xHFHcTMQSI4wSwxgAntg1/Y3+1Z4a+Gf/AATh/Yp0P4c+ALrV9J8R/ELTDo15babr6wRyX13AG8Q6gsYk3K22WWKFwcbEBLYGK/h8+GGpXvwd+IPhD4hafc3l1rWjeKdI1bTGvLqbylu9NuknjSVVcN5MvCOqkHaWAJBzX6D/ALdn7ZnxM/bq8V+F9c+Ic0HhzT/COgxaVpOg+Gbm4t9OVkjRZr6VS5DXVwwLOxLMBwSDwPwvjbw+z/jPinKOfDRp5RgakMViqKqwUFWg1KHPHlTk6kfdTSaScle9j9k4a47yLhvhusni51cfXjKhRqexbn7PljGT5W5WjFvmacr3S6o8S1XxBpun6tq1zb6jPBp91PIbcS6mk8nmyuTLLdOSxeWSQl5JDyzHOc5z89fFC906yTR/suqWd759/LLcO92kph3pwzfNhPlPJGPm3Y46c63w+0hkkVpNQuF3Fw0t5K3VsnKFzkHPy4HPfjLVz+o+ENKW7023Fv5azXXlTRyyPKXRc8nLE/NwMZHJAY7eK/SqWRZtgsI6EMNhVC9KELVpSlHllBrlioWSSXL8WiTtqtfhqfEOTYrGQqyxeJnUSqVLuhGOrg5Su+d81lqrx0d0+pbsrvRUHnQ65YW1wpkDPLP+8ySDlDuXnJJBwR2JAyB7t4Y+Mxs7CDTrjxRpZt4FSGWNlEpeEMN3O3B+XpxljjAxwfJv+EF0y3kCDS7d4xhtzRHOBkDJzjOeSegGARkmtuLwjpcBSRdPsVynIMKkANwCSwA4BHQhckZGciveeQZtXgoSjhaaUY3lF1m+bRJ2aUXZb3TunfVnmf6yZVTnKpTqYqo9E01SjGzae2rklbWzurvQ/qV/4J2+P/g3+yf+yZ8R/wBtLWfH3hfxbc+OIG8CaX4Os7+3i13w8gkCtHJbkm5UXFyRNhUGYsg+g/PL9pb9uzwl8evin4Y+JfizV7y+ufCukXWh6FoOk6NctaadayNlMSklZJXbbukA5PI4Ar8i7fWdb0eSz8PWE8kOk3Tm7utPWWU6c9xGuyO5ew3fZjIiHCuIicEkkYOdtp7p8mSaOIREHCIinIG5mGwDqc8H8etfjWR+COF/1tzvi3McbWxOa1Myn7CrSk40sPQdKlD2dOk/dUuRcrkldJJJ3vf9UzXxTcciyjKMBgqdPDvL6Lrc6UpVLTbtzRs+RtOTV1eS1bsO+LvxIm1zxbe61o3hzUjYTLM5e6Ii81nfduKFV2E8jaeQMZHGa+ZtY8ceKHvdV1q18OJJbRWMFncqHy1nGrown3DBEi4ztwSTgAZwD9EXcK3Sl55ZZ8jO1iwQqWwAQpAPGTnp8vU5Fc1b6RFYaR4tuksIXsZp7OGRxl0gZ2ALyDJUrn7ytjPyjHYfqWYZBiMLhoQhjJqlTTlJSUZSShFO7913XRpyurt3PhMHn2ExWJnKeDj7WrVpxTUqia9tUprSKbikk993vdqx698CP2h9A8W+F7nwf40lgsZTPb20GsTMPs0ttGVQW19vGYZlPyLIxxkEcgV9LeMfh5e+GNH1zVFa3k0K88PLNpGpWlylzDcRXjxyJA1xE2wvgE9unQnk/Ddx+zxdeN/DGp+LPAc9va6pYmOO80pQY7XViU3b4ivyB3xxxkNzmuS8KfFv4g/CrTLz4aeO5NWm8KapJ5Go6FfTSS3NgEPFzpFzOWJWPGVRW2gfKoGePlaMMyyTEUMVXpTWExbhN1F71KrC8ffpySfsqjSXPDtdLQ+prV8tzvDVcFGVOWNwinCmpPlrUpxcHySW84OycZO6Td229D7N8FXgbzo3Ko8drA27u4CqPUknoMjsBjqMWL3zG8XaTdQyf6zTtXRMZO0O6Y2nOBnpkg8DA61yPw/17w/qrNdeG9Ti1rS5tNjiVQFS/s5QpKxXsBYuGQAqXHBYE4UA47C7hT/hJvDQifaHsLksit3wWZfq3JI7Ekcniv1+jjaWLyvLJYetCpbF0rxi7ys6kd732Wr8k9UtT8mrYDEYPNcyVai4N4OtJS5XFpqmkpRbdrNpXW5wXxC+F/hjx7YhNZsUF6lpIY76JQJkduFYnAyBg5U/+O55/Pj4o/CPUPh7rNnHpzS3EUcMV6Lm0RlTytxbbOQCV8sDlmJHTdnkj9W7ny2iaMg5FnKX9PlOc465O0gnKnGBk81y6aHY6n4ktYL+xtr21utAeOWKRRIhjI+bh+c46EdOMnrnh4k4SwGbShUhCGFxdSrCEcRCKTlKUoxfMlq2t2307nq8McV4zLfaQq1amJwtKjUqzpylZRcIrSMnfld21bWLiu92fkpd3tr4hedb6JbDUYYv9F1WxPlu0oCgfaHQKdgwW3Ag7ud3AU+0fCT9ojxv8KLe303xUk3ifwm7GOK9ZmluLOJmw3lSHcdir/yycHgMenT3v41/s76BZw6rq/w/tJI7tmt1/sccWu2b7zxMRuDhs8e+QeDXyBqfh3xF4NX7B4gsDbFgouLK4jZoJVb5v3crK0akrgkggjr9fyfMMpz3hPMZVI+1oOLTWLoKTwteLaajVXwO9rOMkpLd3u7fqWDzPJOK8vUZOniIVItvD1eWOIottXdN354uNrqUXyu+t0feWsfD/wCFf7RWgDxH4IvbXS9fZd893ZFI5zNt3JFqFmoRgA4/1ilTknB6mvE9M1z4pfs+XUUfjnRrrWPDKTNHYaxBI8j2iF9sc1peJ/qzGPmWC4Muc4GCBj5b8P6zrHhDV31r4da1caPfxSpPPpolb7POCc+SIs+XKjYO75QxOMEDr90/Dz9p7wv8Q1g8A/FvS7XTLy6CxtLdRg6beu+IyG3g/ZnYnKvkHc2eeTXvYTMMtzqpRdSpDIs591RxVNf8J+LneLSqq6jGU5KzcrW6PS78DFZfmWSUq3soyznJ7e/hJ64zDR927g0m5JJ6OF4tfFFLb6M0n4w+G/iT8OdZtdK1i21XU30ndJaSFbbV4255khcbrhlBB8xAAGOcDIxsaXbuNO0tC3mD/hGGRQSqsrCJhIjD5iMH3zxnnmvkT4wfswaj4OY+O/hBq00ljIDepptrdbTawsBIzQTqxWaD+EQyFyR8qjJ4j+F/7RlxZTWmhfE2FrG/hgk0+21TymTKygxqt/BgY5OfOUBRnJ619JhsyxuW5nGlntH6tUqUY0KWLptywWIi3HknGqk4x5mtm1bTW54k8DhMywHtMlmq8YV3iKuFlaOMoy5FBwdP7Sjb4op9bK9kfu9/wQRiA8YftNyYII0WOMBhwCL+XjaAOMemB8p+bpX7Wagu2VwOpZ1bHQAMV3EEjOCNwBx6eoH4vf8ABB2Ce18T/tKs7RSRTaZFNazQsJI57ae6eaORTyCGVh1zk/Sv2o1DaZJGwCGDAZ3DHzZPOeSRkEenc4yPKlKTxWIjLoo8r7xb3T2a7Wt5No+uw8VHBYa172knZWTlandN9Eur3TWm5htlduTuHKjH4ZPXsCB83DN06kVACQOigNkHPGMejH34IzjPQggZtmP5BlQQcgZ6ZyAO3bjt24FCx/LkkHBIzghe5A+ox1zx2GOnXSktrXenruk7a9nd9XbTqYVYy5rJtpxuk7WtZK7blrpbW2urvsUyGGAnIxnOc/dJ4U88gHAB9B9ajYBcHj+IcfwjocDO3Axlv/rVaCAYOSFYtyPvArkAt05Hpx2BODmqzDBIAzhcqSPmJ3ZyCT0b8QOnNdMdOitpordoqz00Wlvul1OVLltey109LK2yTaWumiem1yPgYAU/3iW5GBgEDnge3YbsYOSEDEkAgg7Oh/yM+o4z+PFLgjA2lSG7YJCseR34B5IBz0AySQEIGQQuCMnIOe/fH1OPrn1zpzJ6bbarRX7eS9VbfsOUbu9/8k9Pxd29u/dh1AAHVtxJI4wAMYwOcnschjjHYnygAncDjkcYyeOTxk/QdOOvVeAQOuME9yPfndj0IJ65WgEEZJ6DAwcAgcnOc/h+X0aa017X7vRee+q3e3lqSk15NWvK7V03bpdefyG5HH3mO4dDgHOfTnA74yTgnGeKiIOcNnjj+EH+9kjrkrz+IJA5NTEAFgcE4G7ng9s7ge3OBkgc7u9MaPIILMeM/wB4Ana2PY9Oe4zx0Aae2+17v5fffruvk0S0721fnb4dtGk1fXz12vqxjHJOABkLkk5AK8E5wOCSeDgAEd/vMcIBk5PRiMjkDAxgZ9umCDtzRIChBB5K8EHPBJyM9x+XoBgkCM7g5JIByq5PI2gAnGD0wc5GR1OcGrV9NX21b/N6WtZ63800K7d77t+t9n5Xs+ulhFbI2FSRkfKMAZ6YyMnJ6cg5298cR5ywVicBmKknAIXG3svHXnIHOGA4qaNVJGQcbsjsTlgAGGSRjH4gEZwBRtUDccEhumAQVPGOnA6+pz0OOKbfk3s7Wekrq3W+lklvu7voQ4tqOvrpte23X1Tsl5LRV3XcQAA2eN3B64yvQZOBycbseobmM4Crvz1Yrg+42ggDIz1zzkduOZRGEIy3yqwPHBIb9MD2BqIRlWLD5skqcAjOc8DPAI5PTvzWi6W6JeWy/O61V/8Ag4O8ZLRtSd2tO8E3ayfW936rqlERhSBhgORx68fQ5wM9AevfAiGGI3A8gn8OAASOSM4PsOlW/JbGG6HAHGSeu07h8oIPcDPOASaV0y2SqgnaGYn5Rkkeo2kkc4z24PBFppPr0220t5dNej/Uzl32+HSzWtlfv5N66p3dtisUG1R0LKVDbsgDd0HHXqBwAMqQuCMnTYADg8fKQcgZJ46+nOeBu4zipNoBGOOCSEHyhs45JyccAHI4B6dqjKsG+UBiMghSAQp4OSc5UZ5bHXIx90io3fT/ACv7vm3pu7tXsKyV7O3a+r20/Lvv5MM8AAEk53he4JwAedox09D9OjQPmXADqp2kKecnP/jw4+pHTmpeC5G4hQe3BJGT1YjgNk5+UevUEIsZyCSWBBY9OTuI+Y9VfHAwdpByc0bJ3vtbto1HTZrTXTproJxVuZ2WujTtquX7t/PpbrYI2EDb2IJOMDPO3OcZOcYxn2xgCXPCgEEAnIGABw2Cf97qQMnPTjGECqoYDno2Mg4JIzxnd0G0jjg9QCaEQKp6HkEtnAB7/UgcEDn1HU1na++r0t100a/4byXyXL5rTayV7q1k9HbTW/norDXbkKw3YBDDPAyOM9SOccdCMZ94c4O3orHA9goJ4OcnkYGMdPYmrO0YYFSc89ceg44BI9O/AUUwqPl3YLKMqRjgkjjnJyOh7enYVonZq19rXequuW19X1tppbRa2BJtq7je1tVttdv5pXtvo+pUYhWI4xyvy5wQSeSTxgscDjr055qUJGoJBGSMYPXPUdOw/hPJxnIz1c6AkjAOHOV6Hk5IyOMEdFAz9MZqJgVZsKRxuI3ZJwxxx/CuMBepI9uBa12v29b2V9d3p1+6zQNLR30t23+G17rV9F5t6aavPG3OCF3DC4wF5JUlsjk8k84I74AqEgYXacquWxwBhhlcHryAckjJ+tLsbliwO7bkZI6kE85GAevAJHT2LSBtIDADk4AOFK8AE5GR0xjjIz3yWra/j5u6eu3Wz06arQhx0TfK0r3XVfDotdduu+6uyN8ZxtGV4GeBzj+LPHoAOMZPY1AwJkJPKBwBtBXBGRjcSc4LEcdDngcYsMqgIScZHLDlt3J+6wOSM89iAOGxTfK+Ubstn5gc/LnByAeDknq2Oep9QaK/y7Xvpfz6/lfoZxbTuk0kr6ONm/d0d1da8ybS7K/VxFPlKsWZuQOeisNwPGfl4HcD2IGTH5YACk7wCN2OnQjgnI29xn1I4Gc3QgBY4A3Y+U8lWPOcnuOcDAGM84xkOFY45BOGAI2hRjGT6enqcdeKHUimkl2u+r2e3Z3ejv6bDn73K3y6Pq9LXjvrptbXTV6dSkVwT8xJzt5HyjPJ5wAccdPc5zmn/KqkFcdFxnqR0J7jPHGfp1oYZLMAQwJyoxggdtp3D0A+obIxUZJwS3zN1Iz0YcHjHBI9u/AJPL5m9dNPzve3ZO+/TRrYhe627L/t3eytslr11s+ndajbCGG0HsBknbk55IIyO+DnnJ461Vf5em3aHPIH0JbB3D+Ij5ieTkcVaHyhgVyzDK8EHjjA4OR3PJC/jTSwIA25bAQE4OMnHIHY9D245xTbvv0SvZJc2q2/rS19mJ2aTejeiSi7taJJ9rf4XpqV1C8jkgnC8ZHzDk9sdhgnnaQSOtSgYXBYsoIUEADnqTkcY546jAzxUoVeDjaMnOAOfTjjAH+z3zx2pfLXkgAg4IwSNpHPTPLHoex6dOazc9dL7WW+j7W/O173tYy6tq/p06X+fbW17+dq5A4HrkjAO4YP3SScDJ6Z4JJ460xiOM7iMcKM89DkHp7kdcdumbTJkDOCrDA7YI5JzyAepI+bjjNRbB1AHU8DOQMZyeehwcj16leMbR0b8/PR6RWis3e3RtvzbuDSai3rZ6rr62drp/LbppeD5Q2Tgh87M8HjAzjnnj8hjOQRUmSwAPJGCSeCxHOB/CecgAgdT04FOEYBQgAZPIznHoCBwpx0wvJPfPzOC/KGbG4lgMggBgTwR6lf5jtybu3tto+ul7dOja3ulq0TFXvdLa7urL7OtvPZ262uls48jAwpHJzgjJA/4CcEgYJPqe+aQqCcjgYzj05xxjv2Hp26ZM+1c5fgAgEHjt26HjoenpjPNIRgcABW4HXooOST8xwep57k8EUXfT/htI2V77WvttfS7HaK6K/S1tNIrZdla/W2myaK2xemCcENyM9fT0HGc8cdOuKQcZB5UDtgZzzuzycH0xkn8qssFJIGOnDZGRkYBwMkg4BAIznjkdRwWCnA2qANu0ZBAHockjkg9iwJHJoU20lLmtZK0k10j52TSv0abVr6CcdnfV2Wt+1mvn5212ZFtyDjABxGQc5B6g9+Seg79jjmnLtUEj5QD0J5POAcAnrzjCn8zmpCoOdo6jLA9eeOAQv3iT36Hr1NKY1KtgBNwG3PzcAgEYznGRu/3h0PNJOMtHa1ttdb8jk3blvbTRX1d942Bpbqyv1as+nXRu9r676LpchJDZ/hChQAAenuegz0yD8uPyNoCk42nOSM5yPUdyP/AK9WNuGBwF55OeDgcZydxPB556AA8k00gNyy7eOASAcHGM+p5/4F6c4G0Xa0eV2XK38TfKlFJppK38yatfTz5p2fMmldLV3v9l9bt7teXcrbTyflwSAODx7jsCcZIAAz7EilK/extDE5xwOQT7/THBzgDPUFzo2QpOBgEnjtxg46N07cdOcikK/LuHyn7hGQxzjk8HkdiOegzyKd23vfVapaaWv/AC3s2r66pq91e83T+J2SstPkk/Ppe3pshMbQRtb+95eckgHAzn2Gc59euaECjOFx15GOR64x05HPBHvxifyxnIwCDwSQMDGD1zkdTnPHGAOcsZMsMjkjABK5AAPK5A4IPA74I65JSlGUbKV2n5czWnd7bKP9JkeW6vaS7t2W8e99n11au91o2FVHQbSBtHzZPXqeuRjP1IBPSmZQsflC84JPQ46gHdnJLH6dMjApcFgcActySf7vQgjGSMDPXb3+6MBHLEYAK5HAIBP97vj1OcZHcDFNP4buzavaN2nZJadOX3lfyfkxPW3K1FOysrvRW89E330Xklo04CqCTuPKgY4xjCnHOBj1bdgZzShfmzxgDPBwCckdeeMDtjODnJIp3lnKkkKQF6ZOePmwccqOOgz9aTaQBkgLkoBkZyT0PQZz04PQAk4Bp9F02Sva6vbTXVp63aTa7bMVne2r22t2XXr1vbz8hCo2twCSRjnJwehH4ZGSD6cjNG1AeGICgkA4OMZ68cfjgDtyBThwVUDcwBJ4yBgYG3nr15ORwfUVIgGTlMZJBB+90OSO+zHbP5EUpS5be6m9NPLRrW2muz0XmrgrJrRfdfRbryv00sRBB8uTwCRgEjJ45ORwOM4HBHtkU/YA3AA6ndxluenqQSOCMjtg8gPx0B6nkn2z0Gc84xnFG3cQN2AMjByAAOAxPA7fzFHN8OjtZv7PlvrpbXsr6dh7Xt80rK9/u/MjCDCkE528bvvEk9h6DkfgcYBpGDKVID4bl1AJJPOOMZz0PToevUGYA5UbtzAMBnvjPU9S2McdcA4xgCnAclsDkDOCcc55A6EZ47HPUkDk5tUut9dtXdLo7aJvfy17uMbpa2Wm1nfWKtfrs9XtZ7vQrhcg4yMdujAk9M9ADk9wSMemQuAMsAd2GHBzwOOTggkjn8fYVaAXBC4yerE4wcZIyR6kH+IY9KZJGuG2sAcYK5yTnqeOfcdc8Y4qrrXulqtLrVX2va3VXvtez0cpWsktXs7K266dfPq1bW9r1QoPIU5IycnJIPBPbgAjqDkEc5p43JwoJIGCTymMgqSQD6DHfpnPSpgvdVUBQM4OCfmHGR1A7jOTg9CMlwXCvhSed2Ac9SSMnGcDPXk5xgng1POpLS13e17O2zu03fs/XWy0CUYt3SdmktLPtrvdWW352XK4Nq53AsGY85II44OcjGflx1HOQTT8HLPxnO5T0+UFS3PTPqSRu65G7NT7MqSwQ5x9B0yehJOOGAOc4PHOEESHHzYJBTrnvkZPp94D2HuajmsmndrRXe6sorr/AHk2116PUhJLZPRK9k1pZaW730dlbzs7kKoOW4GMEE5wffGe2T16/e5IzUpABXIOcAPnleM4yOxP939eMVIgXKgAnnac9D1we3sce341MQBtLcEglsA8gHvgnqccDocHvSUrvVO2lne1mmrLXVJ6/hrfUtX6ptaa6b+7ZfLW97vS92RKqhSCOMhWKkdeh79D2we/TnFSqA+QVx8u4AEYUDByCOOn04/IOWIZ6ksWDcHIGRuOO+cdjyScZOMNIikAgbAu7hcDAAIzyTnacnnkZB7Dl8yW+rurrrdJbddHvdNNb7u9tNte7r7rva1vPp1vr1tZdm5ApYucDpt4AJJJz0HX0bGDgn1p2MEsSQWyNu0DbtAIyM5z3wQMc+pp4OME7Tk7hkKQBxjPUbfQjAwDzipAFOCABuznPzHOOMH1447c9+tZOqk9r3W/LotY7JWs3oujer1KjRvpJr4YpLX3XdWad1pfV3vddeqgBUAtlhuyAADwRgFuQQc8ZBGRgkfe5XCE84GccnoM8YwTjIweexA9M1IeQFPzEHapPBXB4wuRk7R34znheoZglscZLHkjaSBnJ59PYdN2DnArJzU3dJ27+dlfr5/gt9zSNNR5ldt6WdnbW3a97Xtt5+YAKFUbiSd64BxtJ6H+L1zzwPQVJtI+Q8MOM5GDnacjsDzk889CcnNIeBhsfe9sc8HOTkL+v17P28Aqo3DO7ndyMYIGOM7hjDcjPJwRUtJu+mnd9uW78rW+/wAt9orlS+HdLa/ZK+19b6fJtEQRQeuHDHBxwTyeB0APGSAemdvygi/GAFGSNwK8njhj0wDgZxgE8+mDwIVX5EYDJB5ypG1uD054x278561OFYu3y/Nn5unXqTyPzGeeOxYiG72Wi85Na6L1tprZPXUpLzu73bl6Rjq73tf7r6PqKAoYhRnLZIB46FiPmJ65PIz15yPuyFQCRgdMjceBk/TqBnJ6ngcAE0gjBJIGM4GRjAxkAt29MYPTHUHNTLHjJz7FM8nHO7gAc8cDtkgdDUSfm02t3r0vf7tlq/xtUW7P3W1za7O+235u+vpoLGg27WIxgA4I5PPPOCMbsgAZBwByRmZI+fujBwMDggr69PTgZOAcDtliIWVMjcOSAR8wPTHvnA4yAO+BVzyyxHLY6cYzkjIIPRgADkADg+1YOS1u9Xa7aTbdl5Xv+LW/W/TTal00W2mras73366/lYbGgzuwBgknJHB6cdODgH3xgD1txqScn5QR8oA6MB8pP9CfyXio0iG47TwABxzwpzn0wWHP1HXFXo0AORnkZIU5IJ798Z69iOMdMVlOT73aT1vrdtab97/i7to3ivL4XfTfTl0t5f8AB6WJUQEgEA5HJPZgOR05IGc9hg9RzVuBcnkgLgcnAAxke+76Dp3XsY40JAG08BupAIJHG7ABzk/L0z0yBuzp2lu7MEKFgQMBUAJY4wMAHHqvJBPAPJrOXKlZS97RtNrRrVLfdbXW/V9DppwbcbJttpJO+rurbbvV7bva9nbV062lu5UWNWcyOoUoNzE9Pl6bsknJJHPcc18cftU/tJz6XeXf7PHwa1OI+OdVsmHxE8b2TCSHwRo0y4k0eymjyjeIL6ItG0asXt1LhhuWug/aq/aMb4LaPD8MPh9PBefG7xnZPtlTDw/Dzw7dKY59f1TaSsWoSwsw062dlky6SHITI/PrQ9P8I/CvSLjxt4l1KRNPWOS+1HWNSdptU8Ra9cnfdXJZ8y3d9d3BKxRjd5e4BQFBr4jOMyeIlLD0LuhBpVaqfxzvyuEXe7Sbd+7tvqfe5PlkcPGnicRBOvNRcItfDF2tNro7bK3VdU0dLptv4V+FXgu5vtauU0rS9Hs5dQuLi5cPLeTurSFpGYmS61O+nIZmbc5d8YyCteQ/Djwfr37SV1pXxK+I8cmkeAfD+t3f/CF+CZxhL8QszQ6zq0LFVklfCPBHIpCgnHQVU0nQPEPxl8TzfET4jW82ieAdHZP+EM8Dztsjuoid1rreuxHAaVx86wuCFHUHBz9XeBLm0t/C4hsvLmml1+6S3SFAIEgjDL+5jUBRg7QgUgf+O5+Tq1Y2ahH3/dUNL2fNFXb3vZPXbtsfSUqLqzUpu1Ftcye89Y6LVuza971exx/jvSo/7SeRJBBb6d4YvZ7eziUJ5haSNIlCJkAHGFUdenoK90+H/wAPtV1LQ9I8S+NHj0nw3pmlWN5HFdutvEtrFG7vPcGRgEjRcsWY7m6cduTji8P+E7rxN4++JV9Z6fo9l4UlbTbe/YASG3ZXcRxFg0tw5wIYQvJIJBwa+VPGXxg+KP7Yeo2/hHwVZal4R+FGm2zZtkZ7S88RW9ohQy3roFMOnnAMcAK7lYryOvkYitXk3Sg1zNp1qsnflur8trJOVm9Nl1d7X9mnTp0+WU0vh/d0orVtctm0vhve2v3XR8q/8FQf2g7Hx74E8P8AhH4b2yXnw08PePLazvfEkkWyLV9aikkVrXS0cbXtLJtwaVFIfOSTya/Hu5kknkCl3ZQGYKucZK7cAZ4xtPUjuf8AZr9WP+ChHw9svh58APg/osaI11L42eZlhURwKSxUkLhWfDctI7M5JJPOTX5VyTpDI0VuizXIBWSXrFEQAME8AkEYxuyME45NfsfAVOlQyyuoSlyKtzNJtuc2o81tW3rdLXSy6WZ/PHijOtUzvCOUY8/sVo1pCKceW7eidm7ra72OF1G32Q3U9w4gUvINzEBjtU4z/dByM5AyehB6/wBBH7HMdmP2dPh19mZp5pLeRztI2gBmLNwABjgksD0PfNfzw6ys0ovlmdpSGkZySdvGcLGhwDzg4xk4wc/LX9FH7F1hDZfs4/Du4kDIptHcswKYD7h8ufy68jjOTitsXU9rj4S5FHlhNK6blzc8Um91te++u17I58jg6eCmnNVG5wbcXJRXNvZt7XV7pLR6KzSPQ/izCD8PPFVjuRpbjQdWuOFByIY9wVsHkAtzg8bVxwRX4WeOkLanZxByGWKHIUk7jkHpkdOcjOea/a348+IZdM+FnxC123ZUSy0c6XbyOAjGTU2MXyk9N20kYyDgHHIA/EO/uBeaqks0zFxFCWIAZeE3kBj9TznPc8fLX5txc1PH0IX1jQXMr6JXWjVkru3n1vpc/WOEeZYCtLlaUsRZPW7ioxva9rct33dujej+ktAQSfspfF2Y4c79QuAzAHEllZiRCT/CAc9SoJBHJwa/AKN5HaX75eWSVyBggl3Zmw3A25Y98YI78H+hWdYNF/Yn+KNyHKTXT6koYHBcT2wQqGyBzzkZwPbgV+ENlotuLOC4Yjz3AzISMKHUHng4J6n2PP8ACF+UwmBqVp4j2bjzKa5rfyuMUo7u7vffZJp31R9RmeNpUaeEVVO0oSX4pN3urqy180ZMUlk8McSWpE+8eZK7cZGCWJx2A5AwMg45OR94/B1E+CXwd1743TQovxA8ctceA/hPayoPNtoLmNo9Z8TRIylhAtuz29vOp+S4A2tuAz8m/Cz4f3vxJ+InhzwJpwYJf6jFPql6FzHZaPbN52p3srA8RW1srSOxwAB2AavrXxxqq/F74x6L4N8FWu7wn4KktPAngXTbUE24S2kWG/1JEVirNdXYkuvNK5w+C2OB4nEWPnhcM8IqlpVYt17OyjRgl7t09HNu11bSMr9j0eHcvhi8RDEqDfLKMMO9WpVZcvvWWrdOLvtrJ7dD6b/Y2+E/hzSbXWvjT8TnH/CF/Di3n8SateXrZOv+JCrXEFmrSH97LNdbVbG59xzjnj4v+PHxv8R/HP4keI/iBrVw8cV/cy2+jWJdjFpeiQOVsLKFPuxEQhC+0EFhk19O/th/Ea18EeF/CP7Lvgy8A0/w3aw6z8Qbu1KhdU8QXUaSCzneMDzEtVYKwZjtkBG0ENX5xyXkaBvmEu1+VPALZwFVc4IAwScD1PBFfnmW4WWJqTx1WF3Wk1STuuWkrJNq7s52cne2llbZn6Fm1aGGhTwFGdoUIr2zV7SquKbUrauzfzu7dTKv9SvXmZQHZVdlCknYiHPzMDgA9sAKcYBNYE5e8misrVXmaR080IcvLIzcRLjBJZjsUdSMKetb2vajb2enx2oSNb+7bzJsgbooSVIUsuSu75TjqSeMnJr3v9mjwLpE1zq3xe8bRiHwL4BgF6ouFAi1rW48Gz06LcMSnzVR2Vc4Xn0z9HHkoUXPlu0lyRtrJu3Lvo29lq337nzSg6tVU004u3NKzVktX0001aXe3e3uPho2P7KPwl/4SW7iiHxk+JGmyW2hWcgDXXhnQ7hTi+ZeHhmlR96nCt3AFfPfws8C658SvFcEErT3d3ql0bzUNQuFZ/JhkcPc3lzISRltzldxyN2ScgEc9488ba/8Y/iBdeJtUEs8mp3Ii03T0LNHZaZC+y0tIY8ARosYUbVUcDJAyRX3x8MfB03g/wAE50OSO01/WI4xq97LG2+3sZ0A+zQPgfwkhj1DYzkZrTBYCtXm7JSr1PeqSfwxSStFPoobaayeru3c582zfDYGlacuSjRtCnBbzleL53HXd6t9E1bSx+pP/BJO10nwv+038UvDWggR6ZpHwjns1lXAFzeiRRcThkOCHcMec4J4ABr90NCsSNK1EKhdprK93kkkKxkxj5uh9wB2OflAP4j/APBGrwPJB8cvj1rFw8s1vpfge3s43uCX3veESF0bOXVic5GByvJHFfuXoWRDrEQ4XZqAGeduXBABxgN0yp55HbNdHLKnUmre9TkqdktW04pvXq7N3vbRPZa1hqka+GoVqb5o1I88ZdGpOFunTXRrQ8n0Kya3e5jVRGFdCwU7d3zZ5HByAOAvfIGM5re+Onivw94B+BPxD1vxPqdvo+lnQ0tXuJ3CNO7ssgtLNSR593OVKxxRjcSWOSVNVRqGkeGdK1rxR4l1GLS/D2jQvc6tqVw4SOGK3VpCkZZhvuZcFY0U72Y8Dmv5zf2+/wBszxX+0T4w0z4eeArLULnS11S303wF4Psd7i7Z51tk8QazHGpzLM5DxCbMcSsSRXNiqqXuQV6sldaq0Vpq91ZbJaLdI7MPhpOaqTVqUXFPvJ3uox2Tdmr9uj2v5Z8c/j58QP2ifHPhv4dfDvSdQ1Ce7lg0nwL4MsUllEZkIh/t7WEjUoJn/wCPljMAIRuz2Nfr3+yf+xx4b/ZY8N5vhbeJ/jn4vgSfxp4qlxM2ipcqJZdF0yY/6mKDPlzyKQXK4UgUv7E/7IWmfsm+EpPGnje3tde+P/jHTFuL7UJxHcR+DNPu4kddNsHcN5c6pJ+/mjIJYhV6HP0++prKuoXrajb6dpWmW9xqfinxTqMyQWVhbxBnnka5mwg2oXEag7mIxzzjynKnh4+1qVOVJXk5WvJ+49b2unzdEr6dLX+go0p1rNRvK/LCCUuWFkl5PTW/TXR2scV8af7Eh8HHwtc6xY6No0m3WPG3iO6kCQWGj2B866he4ZlG+dUKJEHDSFuATkH8Mv2n/wBrrxL+01r1r8EfgnBqGj/CKwu4dGt101ZY9S8bzW222DuIgjpp8jIZNp+QocsCDVP9t39q+9/aA162+DnwVl1L/hXNhrCaZcalAJRffELWJZzCXdoyH/swS7hEhIQpu3BgNte+fD/4Z/DP9gz4Y2/xc+NN7p0njiXTvM0/QVkhkuYJpYPMtdJ0yDcJPObcourgL8oY4zXzOZ5rKMVyQdStVlyYbCwTvKV4pTmlslvrpFban0mVZa61V881Qw1CHtMVipyXLCOjcKd1bmaTTcbp3etkr+y/BD4J/CL9j74Yz/F/443elafrljYefB9qMTDTkERki0zRrZ8tPqczcPKoLK7HI7V+HP7bn7f3j79pvxdPZaRd3fhv4ZaQ8tvoPh2CaSNr62UlFvdWKlfMllQCTYzYVTt28EL5h+1V+198RP2oPFsmp+IrufTvC9jNKnhrwhbzuNO0613sI5p4lISa6dNrM7q4ViVXGBXx3cOcybgWOAc9y3zHAznjp9R16LjpyTh+cZvMMxUa2NqNNRd/Z0ElFqEE9E0n58rWnve8cXEXEkatNZbll6GBpWjKpH3Z17KN25LXklq73vLqklYq+e7zs8krMXUkKAQFz0AB6c5+bOTk8ZJFW7SzlnkMSKZJH2sFxwozww9FGBk5x9RwWWllNfXUcUSncwQNxwgGMFjgAADjBIwDngCu5jhjtEjs9OUTXkx2SzpyXJ/gTggKGPzMPQ5bgk/X2UGrLskm3pflbuub8LL3reSXwTm7ve1/PVe6m229E9Htdu9uhnQ2iWRW2tgZ7w5VpVAZVywwqHrwCoz6569B98/sgfsH/FT9p278QatokEOieDPCukXWqeIvGmsq0OkWkdsGla1triUxxTXMih0AVm2nkgg17/8AsB/8E3Nb+Pn2z4pfFa/T4e/ArwyRfeJvGWsH7F/akVviV9J8PibYbqedVaNpYiwUsBj1+kf22v2+/BnhH4f3v7MH7L3h9PAnwitrAaEur6ewtdb8UXEWLeS6nmiKTEXLhpGeRm3lyF2huMak5SlGjTV5te/J2agvceuiu2vhVrrzcjtw9FRgsRX92Ca5YNWlU2tp1XaKs9dWr3PsDx/+2H8KP2E/gt4W+C37PcXh7WviXf8AhO3Gu+IdNghZNLumhAuLzVr6Mbry83szW8YdY4vlyh6D8v8A4SfBr9pP/goH8Rb/AFObUdag8LTXpk8ZfFDXXuWsLe3Mm+e00p5dqzyheI7a1xwATkbq+iv2If8AgmZ44+N+laB8U/2gDqHhP4bfZ7a7stJnZv8AhIvGtuhV4t7SlZbaxnTaC7bvMQgoecn+iHw54W8J+BfDmn+C/BPh/T/C3hLRLaG20/R9Nt1ghIiVQJLlowrXNw5G+SWV2YsTg5yB6OByyrWqRlJcsbxbb6r3Xe+unVv4dXe7RzYrMYQi4pa/ZjdJ393WcktbW0irLvfS/h37On7Mnwn/AGYPCKeF/hlpIF7NAqeI/G97EkniHxFdqiiVnuWXzbe0LBtkMRTC4DAmvfbqGOOwvJUUfLpOqyFyGBxHZSEchmycckk5J3YyAasQRKrH5srvH7vkAZHGR6jPQ5P4YqLWiI9J1XEuMaBrpIXHVdPm9eOMYHHbn0H006MMPg6sYcqfs301vZb+SvdJrR2vbdeBRxFSvjKXO206kU09rOUej2v+TvojwD9ktFX9nTwyR0l8Y+PJTuwNwfXrhvU7h149Rgc9fckdmlkbA2MO5wA2ecZz0zg4I6nqRmvEf2SkZv2avBT5UmTxH40dweT8+t3OOckdG6kcEjkmvdY48FlCA7FYgk8AnnHpk4wDjngH35sum40IK6WuqtfmtbTS6dnt69TrzNyddu6tzNu2v8qSWvkno9b363IioAIGO+VGMYwRuyBnJzjIOdx6Ek1D5hQkNLjliW3cBSCRk5IGBhcnAY9c/dq4NwJQLtYJ+8GV5B6d85OCRnAJBGCDx538SfiP4E+EPhS88afETW7bR9Es42ltrWSRTqetXKjK2enW2fMlaYqAXVCqggnB5rsqYinSpudWStHVWvdpcuy0d3ot3qrO2pwUaFSvVjGnGUm3G795KK0evlZ6+it1PIvircQR/GH9nG5ur2KC2sbrxLqd5PdMsNta2lqXMs0s7kRpGozyTyQOma+Gv21P+Cm9lodvq/gH4EaiqzgS6drXxBCEJbtloprLQYgCbi4Y/uluEDgn5hjjPwb+1j+2x8RP2ofG2l/D74Z6BeWyG6bTfCXhnw2jy65Pa3UjK0V5dQAv/pTFJLhI9oRAd6nnH39+xj/wS+sfBQ0b4rftKW8XivxvmPUtD+HcpE+heG5SBJHNqkZ+W8vojh2jO4LIuWUkV8uoVMTUqTSlCnUqOTu3t7tr3aWl721tzbaH1VT2OHo0Y8ynUpwVPmSTV1q2usnrvsv73T4l/Zc/YH+KP7UurR/EX4wXWveBvhbfXP8AaE95qpm/4S/x0GfzG8hbk+dbWtycATFSjRv8qk8V/RP8Mfh54H+D/g/TvBXw58O2Xhbw1pkUdtDaWcCJdag0SbWu7+cDzbi6mK73eQt8xJ+UKVPeC0WGCBIooh5KLDaW9tEkFvZwKpVIreGMJFEiKVAVBt2jk8V0ml+HJLtoZ7yQxWcLDzZnK4znOxSQNzsMAqMAEA5r0X9UwcVVqyUYRim7tJK3LvZO3Rtq6tp5nlv61i5ezpx5nN62u5XbjZu617O6XbuY+n289/HtjgkdPMLiFR8zBRkluCQBjvgABueRn8Af+CpssMn7Wvgy2j6Wvw8s1kAbGxnVwQG5z1XoRyDjkYr9dv2rv23/AIQfsqeGdTgivLLxD46urV00vwlZ3MbXisFAF1qEiFhawgfMYmCuR1JOcfyo/HX9tS6+OHxMn+Jd/oF3qvif+zhotnaxqw063toWcRw2sIBeURD5S+4h89+K3yDiejSzjD4v6vKWGwtTnU3bmnZx0gnra1ryaSs009zh4n4UqYvIcVgXiYUsRjafsuSzbpxaXvyXRLu73R6ulozx4USXADhxGnIwTg5YgAAAj5txyd24qVJrM1+/8P6HbvPr2vabpKIM7Xmjec4wQjQ7t27ghT9T2yPl1Na/aG+In+haPpc/h3T5NyRypCbRArDPzSOque5wDjJYHnArodA/ZO8T+IpftfjXxNdXEjNmW3R5ZXZ+uFdmK/KCRweM9M5Ffp2O8W8dKLhl+FhRjypRnU96SStrbRJ6X1T000TZ+NZT4FZNSkquZ4ytip3TdKmvZ09HG2rvJ2em662Sehr+IP2jfhroK/8AEps7vxDqCgqoIMVux4UFVwPl4BGBwMY6gnh7j46/GnxuyWXgjw7PpNpMmFuLOxkSTDcc3DqQeMYIAAO4qRmvqjwp+zR4G0K3ScaDHd3o2jzL0ebJlTgyGMgjbjkDAAJ3Z717eNF8O+ErJGnm03SxFCsgmd7a1ijSMZKsowwYAcDJ3Akeor4PMeK89zRy+tY6tKMmnyRnKEIptNpRjyq+1kl10d9T9Syrgjh3JVBYHLcPCUVFKrKEZ1Lq2rnNN7qytd311eq/OnTPgB8WvG92bjxfrVxZxyklzd3Mk7gtyWMe/aDyRjaOML2zXqOmfsq+FdEv/DcOq3F1ql1qGpbJPN+WCWNCGKgdw2MZ6dR2Fe1+K/2k/g14Pjma48RQ390qcW2mAXO6VNwKyupwC5yewJLAEDmvi74h/tuXOoanpdz4O0JbR9LlnaGfUDvWUyqUWTYANgUfMo7HPPp85UxF5NVJ3b6ybm91bd230dlt1aSv9NCjCCSjFRVraK1r2snd7Kyt91j9J9L+G3hTwtB5Ok6NpunImWNwqwrgRk9ZJBncMcgMMHPGa57xV8U/hn4HhZ9W8TabboiESW0c8c9y8gyQPKQkqCTwBnk8E9a/Gbxn+0j8VvGbSR6n4q1CG2Z2b7PYO1tEu4kFQVwSp7EZyOcEV4vd6vfahI0t9dz3BLZ3XE0kzM3J3lndhuyMcYycjqCayeIpq3LzO1lq7JP3NNb/AD018lYrkbXXRp7pdVp9+nZr8f148Tft6+BtDtprfwvpN1rl2SFS4nAgiwo7gqSwIwFPfPOCM18reOv25fix4oL2ujy2vh60YkoLRGa4RQOQZWz0HUEgAnOc4NfDr3Sx7iW3MOSGOMjHUjIAA4bHOScY9ar3aqQ28qSOiEk8nG35T1IOCRnPOACSDjPFSbXL7vw8qWr2i76avTVta6/J1GCWrTdmrNtt/Z0eiWr3t3R6b4n+JnjbxbO9x4h8TapqLthVSW7mCEAkbTGGCkDIPbHYYzXnEs7ZdgzOxY85II5BOCx6AH5j6+o+asx7qSR9iKzkkkDlmweDuUDcCM98fL8xbkmtCLStTvQUMTBSq43AqFz146ngE9d3oWxmnSpYnESXJCpVba1s3vy6u69F0d15K8VMRRopyqVYU1u3KS/u2bV1849bMrvKcFsjLYO3dwSSeMhiOBk9MYx7GmecqsioSS2enIzn5sYzggnnJPXOew9H8P8Awr8Sa6yCx0u+vm4ysFvIFxnaSZCMAY6NgjqMjNe/+Gf2WfFl4sU+oxWWjW5ALNcuJLhVJ4DR8ZIOMnuSDwMV9FguEs5zCKccNUUW1dqDtrbfsrPfms9XtofL5nxtkOWJ/Wcdh4O17OpG7V7aRT5mvNLV2XWx8fNb3c4OyFyVHBAII3Z2jnkkjAyMnoSDjFXofDupyqpWNkDlR0LuWHH3Bz6DABOAMnOCfs7x78EfD3gfQrO6Go3N/qFxq9naFkAjgEbsocIvRicEAnO1cgep+rPCvws8D6Lp+n3VnoVnNdy2ltO894FdjJLGC0gV8rjIOAcA84PBDfU5V4b4nE4qrQxMeSdOFOcnJp+7Npx0je+kbuzVvnp8dnHixleBwFDH4Z+2pYmpVpU3GLTlKl7Pmb5tVZyXSyv2R+Z3hn4L+KtflUWOialfI4XMq27xW4JC5LOyjCg4O7GME9AOPo/wn+yTrdywk1q6sdFRSpdFT7TPgDkcHCt1JOOuBjG4n7qhuorKFo7cQwrGpUw20aRBwpIUZRRnAxtJ5zgZyQ1RHV96M8UZDks0hJLNjJxxgncDnIOc9MZNfpOXeGOWYVRniJc7snJNRS+y7te9K2nrr0ufkWa+Mua4yU4YWMKEW0lJtyklZa66Xeu6V1HbY8v8Ifsz/DLRzHNqUF5rc67Tvu5DHalsEE+WuwhTx1xjjdnivfNM0Pwn4Zja10TQdH0lFUL5kUMTsTnKsHdWdW75zgZweprl11S6lREVm+ZNu04UOB3IYA8DcTg7uD1zxWkmClt04DNu3GQ4jxjO4EnkjHHbgk5FfW0clyvLYpU6NCnG2suVKT2s22rpXT3bVuy3+HxHFecZpUUq9fEV22/3blNR15deW6Vl5K2nbbsL7XUISJ5JJBCrbdrfINuMHHQA4wRgd+SOuDday8kYEca5k4LAgkkHAwME4AyScc9VOc15zr/j7wdoKA6nrVpG0QYOizLJM5IydiK24nAxyMZJ2+p8a8RftKeGLImPRNMn1GRABFLO3kRg8k/K3zFCP4sc44wevHjM+ybLor22Kowa/wCXcGpzduXRRjzatu6vpb8O7BcN8RZw19Vy6u6c0r1KkXTgno7qpNpJX35W9/u+jLu/vFwheQ+YSiFMsFBIyzcjCj5tyck569c4Gq3MVrp2ome6ghX7Ddk/aZ0QSARtgRgtkZbjGOT156/F2ufH3xx4gMlnpEa2SykiGHT7eSaUbup3Ac5z90EfXd8x5p/C/wAWvFEVze3lrq7W620k8s+oSywJ5Malm2rvUbcZ3Kcg7eoPFfK4/jZYqnVp5Vl2KxMnF3qckowSStfRNtLfptrbr9tlXhm8LVw+Iz3NsLgl7WlNUY1YzqylzRfJduMU23Z25r31PZPhf8WPCHgLwjf22r6hINTn1u/u47K0XzHeJpXaMuwDYBAwMHLZzg8kZevftUTfv08O6JHCHORPdMz5O4gMUIyG/i447EL0Hl3wu+D118Rl1K9bU4tOtdPuTb3LbGeVyGK4jPsVOOuScnLYNfTuhfAT4eaCkb3tvJrVwQAWu2DIWG3awRcEKeSc5B7Eivn8pw/F+aYOjDC1KWBwcVyxqNpVJJSXNory1d9bJO915fYcRYjgLJcfWrY/DzzHMZOEp00pSjGXLDSztGzST1ck9Om/ydqvxQ+J/jKd47a81F1lyq2+nwyqoDH+FlA9eueSM5ABAl0n4M/E/wAUkz3ttPZwyMC02pzOJMEkb9jt83G1sDBIwAoGAP0B0zRNC0lRFpmlWNlGqMAIYI2kQgdA20ucDDZJHUd8AaBSVyUJMkKOpVGwu/8AInnHUHpz0GBX0eF4AlXkqmbZpi8XKyk4KTjH7LerfNy2W9tfLr8jivFWjhYOlkeTYXBwtaFScIupZctrxgoJNb2blq776Hyhon7Mem2+JvEWuT3hUo0ltZxmIAn7wJOTz0BwRnqwNe8eH/hr4E8OBTp3h+1E0SLi6u4/NlJAHDbwQN3fgjrkDOa714CZOG8suy5TGUUZBAJyMg88cYPvWobPbH80fmMvLOOA3bJ45PRh97sOor6rA8MZHlqi6ODo88bWnNOdXdXknNNJ6X0SbvdW6/E5jxtxJm3N7bMKsKTTTpUZezhy3S2pqK011bfTotcr7R5SFIY0hiJVFEMaxqvHzAbAOc9R8rHqM1Om7gsCQzDIwxYqoyQcnBBxyR0zk9BVtLQ+UA2wr8zDp8h6ZOBy3brgAGrNtEGl42sUCgqepyQTz9ATuHbI9TXvwjSpxvThGLS+GK0snG9n800r7Wdrny0nVqtSqzlJydnzttX0et23tZ3d07301RjKzSXrEJ5RBUkEDGOm049cYz6YHXmvA/jMWPj/AOHAIWM/aYxtAHQzqCCOOATjk5GMHgYr6OZIk1CWPOwuVOAw24JB2/U4G3nBJPTg185/GoZ+Ivw8j5IW5QgZ6/v0xk5HXAHfOTxkGvF4hnzYCnpyt4zBt3ta3tqTWy1utNdb9O/0fB3/ACNa7V7LAY57J3UcLO6a6J30T0W6SPp6A7GZixJCgyE9lAB6cnacjI6FSDjvUgXLtIy7QVXC8EA85J4OcjJBx/dBOMCq6b1G4gqRsGOWO3YBlvl6jnHUfLg1cJwythRvKjHUMBz1zkEYyQCRj2xX6fhbewotq94R0WurUWvR3+9trpr+DYv/AHzE3dr1aqW7ekk7aX11sr3WyVkndyIVXliRuOUwRtU8L0yOOPQE9SSeXnqA2TtB4IxzjALcDAAOB9B1J5lZC0jKAoOFbJyWBHUDHOTk57DgZOM0yUguxCkDvnGF6j14B4I3fNkj6V0pK60Sf36aXfrd2u2u9zznKTejV+q+0n7t2kldbvv1sOiRCJNwyQrZcn7xOGGcnkj73pkd+lRBWKBtoLZQKAQRtAzkrjAGeMc+uMVZjUOr7jtynv1HQde2Omce5GcsSIkK+QcEoVwwJYDgHOCM+2eMnIwKiUo3dl1u7tbXWmm6b0Xm+rKpzc07JtprvorK9rWvfa70t1M2cCSVwAVBIySSRlOAAobqR1/njNOZv3GST97djcDnBb5ehIAG30/wc8X78qGCgsDkjlCfvHDd84+nHY00qiI+0qQGAwOrDjJGAcHpjt6Z6Vg+XROKaeyXpHZXtrZ233vqdXO2o3b0UeysvLqm35N6aJaFNoSzlWUkdRgDneQcc+w64zgY7Zr5L1i2B/aCKHlDpQP7zBBJ/hwOmCQcg8Ej1IH16w3MGwwVFAAzksQRnnBxjpgHpycV8ja1Ew/aFcHJ3aSDgZJAwcDJyeDn+meM/n/GjgqeVrvmuG0to1tbz+/VWb1ufsnhXFupxDJK6WQ4vuvicGrrR9ntpZ6Pp7pAhEgiXblcliwJVSpOACCAcgrjgHuckAGwgYvuIAXJD7lZMN0BJweuT2Izwc90t5BACpGXGWQZB9fUZbnnPQEAgYyTO8ybGRUH7wK4BKkEg5zggHkjGAwAxz/DnuoSagrWWi6p9Fd27d9d7ebPMkrVG5O3vPf5Xu9Om1t7b6tjASm8jlFUhgnG4nJBzx0PQ5OD0xzToAsZUlQ2WYHLddwGfu9DyDzxkjAOKe8ikhGULujyQWAI24Clio5Hc8fXrVe3kdckAlcsPLwcnIwG3kYPTsBnHvVyqKCk5VeVJO/M7JK607P79vPQiFKVSpGMabk3de7Fuz93to9dVaz0V9d6t7gOQBsLKByeQpOAD0G7+7nIHPYA1Xj2sTGX3cjOOpJX5QOuMFTnJORgDsKTUNT0+yima/vbO0RSS/2meNXAwQAgDKcccg9fyrzu/wDit4L0lZPLvpdQcEEx2qAqSM4xJggZPQHPQZ5ANeZic+yzB0/32LpKVl7qlF3SSSSS1vo7Pfbpa30OXcMZzj5r6rga8otr3pQcYK/Ld3aj0ta7e2z3PRCXAbapZEIG7ABJBBGAMEgDGOm4gHnmnRxMFchP3gOcbtqjIydpbgMOAc5Prk8n5w1X4/SMJI9F0iKLzCQjXLGaXJJGfLUFhngDPGRx61x48Q/Fzxk+zTbXV5oJSCFtbd7eFQQBzKVBxz1BzjkDNfM1uN6Ep+ywODxWLqJ2ShTk4t3ir6LaSbtp00tdM+zwfhpjnFVczxmFy+kvfanUgpK3L0+G8ddXL0vufVWqeINF02NzqOq2duQhzAJUklBAxlUBOWzyAMjnPdsfKXjvxXpt3460fXrKaS607TIsEmMxu0gbcApIwoJOc9BgDuGrqdJ/Z/8AiLq+brXL230pJMMZZ5WubgKcE5TPBySCeCT83zZ4o6x8KdN8LeNPB2jXd5PrMGsMZdQ8zzEiIjfBWNTyFLAHBx7qT1+dzvEcVZrRoyeX/UqDxWH9m6vut1HOCg5Ru3bmcb3jolbc+u4dy/gvI8RiYwzJ5ljXgcSqsKbUoujGk5VopxThdxi4xvK99tL3ff8Ax08SXaC00exjtlJIQxxvPdOCcA4UABiNv8+B0x0sfi/4wlLJYaoySn5Jr53tbfaRz8o28DJIGSccYLNk/ZGl+GPDmhRhNL0HTrMhyFcwJLIUUYBDSKWJOGJIxjAKnJwN87x5cXm7UPK7PkRRgHbtCjrkIB07EZOT9Fh+DMxxqg84zivU0i3Qw7cKa0imrydtLa+4vmj4+t4kZDlblDIOG8NSafKsRiVGU29Hze6r30b1npu7NnyPpf7PviK9Pn+JPEi2igBntbUeZJyMtGJcg5HbnnvgKK9V0L4HeBNHMUk1hJq9wwAL6lJvw3ALKBxnOc5GP1r2QoC6KNqBsq4IySCwweCGBIz6EHHXqI3OCPKwCCy5PAb7x4z2HQcc4wNvf6bBcH5HgYxawkK09P3mIbqyb91Xammt7u6V7Xeuh8bmfiPxJmUmnjZYWlLT2WFiqMbaX1glNrbeb0T2trRs9H03TCkVhbWlnCD8q29vGCgBwuXClgcAksSSegNa5SL5S7mQO5+8cMGGR64w2ckcgexxiqG8t0JQgAFXxjDDP3zg+vdfXAyDUxYbldsqA25VUZX1yeOS2QD0B5PXr79PD0KKSpQjTSUVFQUVHTlsrJXWl1omno1orHylXHYrFTcq+IqVKr19+pNuVlHd69Nd3dvtcu5jCiNEVe0hBYhV6AgjkdOmcehqfzlIRSCVD43AAAKOioePlI5K9ueR3IocoJQg8uRd7rnceTgBjkY5IJwcdT1FPa0ZkUNjBwyqoPAyPlYgkcjqcg9m6mhtaLdProre8lrrZ91d+euhzc9ezScWpaNWbfu8t31W+2tmrNdB3mgLtUDB+XJ+YbcgcAEds9efqMCtSzaVGnVerRqi54RwxznGQSOuQfrxkVUggy7BY24bb5jEjAI9/wCHjPTvyQRWzbrawzWlxPIHPnbZI4yZZGC/KqhV7578d9o7Vy42vh6VCo61SnSSi25TcYrpvro+2vpvp6eV4XHYjE0vZUK1Zc6uqVKUk2rO6SWml+yPq3WJDKIncBgAcoBgADPPI5xu65J9D6fGv7WI/wCLaXhRMo2q2f3c8Zcj73AOSRkjpgYx0r2/w58XvCHjKUWkN1JomrsoEmi6qDbS89DC0mFkB7FOpIxuryD9qa2ZvhhfbyQqalZEADJ25OPuseADkEcH64NfI8QYzD43JMwdCpCfNh5pqDV0uWKd09YtbWlqt7PY9/hjLMblvFeUU8ThqtKSxtJtyjo1zRWj2lFp6NNp93do/P8A+HUhbWiCxXy7RN3XkCUAZ5JGSRz0yMdwK/VSwQpaWw3NhrS0AI6LmCMfMRkjGcewB4JyK/K7wKgh1ednYArawhsdSWkQDGCPp0PPPBr9Y7A276fZ4UZNhYj72DnyYhuXnOScYUgkjBx/EPnvDT3K2PTb96jRkk3slKV+umltN773ufbeNq58DlDjo1iKyaejdoU3ZOz36dOb5pch44hiTwprh80Af2fNjIP3sHBBAbCnBHAJHBAPb8n9K2/2n4nZQpCynHJI68kY6g5BHGcgcda/Vf4irJ/wiGuKpYYsJsYB/unkKB83Oe/rwRivyc0qcx6l4kUgNvkXk5yfn2k9R1GOO2PbNcPibJfXctX9ypZd9I3tfrtt6pq53eCMG8rzRp7VaLs+nuq6V727p/n1/RT4SeCovE3w20TU47mW3v4vNiVAoETohJCnGPnZsDJ+g6fLzPjL4byQTSTzwPpt8gV49QsEZGYjkb9h2OM8FWBxn0AFevfs2zRv8MtHjbAb7RN8pON4y3vyeQOmfoBXsev2lrcw3RuIVkjCYCldzf3sjI6Ac4yB9DnH2OCyDC4/IcurxvGr9SotpNvmfJB81ltJX1atbSz6nxOY8YY7KuKc1wtW9TDxzCtC60cYOabfmrbxlFrZd0fjT4xk1hviNa2+sOl1LbWwgju1QIZ4QdqmUf8APUDAY4HPY45+sPgtqlimg6jpRv4xf/24s0Vk0hWSVBCFJjBHzDI5A4wTkAcDxP44abY6V8YLVLMbYprSCQhjkhncKVGeOQeNoz6ZABPtngHwvoGueB9akkY2WrWetK9jqVsTFfW4aAH5Dkb1DnJjJ+bBAGCa/J8HSr4PiGvSS56tDE1lZyd5JKPup6rVWs2uibZ+7ZhXw+N4Ww1d3pUMRgsM+aMNYczjZuCabV2m+uum1j3eYOyPhcF8kAEZGwHIIHrkkd+fbFfGv7QjyrrHh8PGFYWsiK3qPMAIPb1HQA9s849iXxX4u8HbYNctH8SaOmVGr2a7NRt04w1xb4Jcxg5YqMkD1rwL41+KNH8S6joNxo96LyJIHjlDJslt5HfBjmRgGDKM53AZ6jOQK9/iPH0q+XVKdpUqsZU1KnUspO04ar+a/ldK2rWh8nwnltfDZvTqw5a2HcKtq9GSlD4U4qf2oSa6SS6edu7+E+hWfiTV7fTr+1E8D6WCkSy+S4ZDw6yhhsYMOOcAgZGDivoG5j+J3wtaGfTEk8WeEZDvTTdTbzbq0Vcl4YL8ZVNgyI/MLEjIGcAHwj4IfN4kt0YsQNNlIK8MuGO3oF5AxkdzknmvfRrevaRc3kdvfSS28pIayvi00OxjtLorZQEcgED14FXw1y08B7WNSpRqurNRrUZNSjZQ+KDupJtr3ZKSaV1ub8WxqV8wVCVLDYjDqhBzoYmDlCcrvWM/jpyet5Qa2ulpr5P8bfip4T8eeDbeDT3l0vXLK9H2zQL2Nlu7ZSpV5ElYKk0O7o6njIIz1rkPgbI0Piz4fruyRro2nO1Su/AAOMYxxk/ypvx5tdJm0jT9aTTLW11hbxYZb61AxcW7HeYXA5IXJ65IA56kHB+GernSta8JX4spb9bK+bUXtrY5mlhU5lSNSASygZ4/hXtgV5mOxteXEMamJqRnKEsN+9hFw5ownT1cE2otrfltFvbd29jKsDhaHDE8LhqM6EKsMUlQnVU+SdSDUoRqJLmheyg37yTV22rn7f3moMVxggoRlQVA4XdzkdwR9FweM8/Iv7VV79s+F3iVYxlFW2yeQ295FxnnI5PIxlSevPHsfg/4meEvHVksmiarG94Ay3Gk3TCG+tTtO5GjbazKDwSoAB6c5z4/+0fp7w/DHxUokG1rWGc7h824SrkYJ6gnjGARnGCDX67nGZU8XkmKdGpGcZYaSbUlLW2iS6ytdPazsu9vwTIcmrZbxLgadWhOjKOOpt80WpJe1jy8t1azunfVN2s7bfn/APBzd9s0iORBkeIrXknDZDrgD0x0yMDoO9fsvNb2l7ZLDMkUiMIkaGYBw22JBgBs44XsAfXHWvxf+FRZdc0vGX3eIbDABHGZFHAxg4wcHvjrwMfs1JHdGOOQR7kCRmMhCzBvKVskjDKoGeDgDHGMHHz3hu03j+eHPF06N4tK99UvJOyu9V6H1/i5zRp5ZKM3Caq13GSupKypNW9Hpo7q2i7fO3xm+GWk23grxXquliSxZNLlnmskGYZjkZPONp9CNoGMDJxX57/C5HXxFpkagExXbqzAMcCVTjnAG1cZyOODg96/U74umR/h14pDs7FdFnYtk7SFZSAW6FeTx1BGG6V+YXwaO7xjbo67gbgSjJyMx7+h9+OmCOffHi+IeFpUM0wrpU1CNShey0V1NNvS627aPXpt9P4S46rismxaxFadV0sSoRc3eXJ7KLs9Lta3XX1Wp5P4n8Q3Fv4p1+0ZpILqz1W5Ntcqdysgf/VupJyefbAyDnkjA1PxHLf2zA7ZpZSpkkBPLIORtHAz7HHfrzXUeOfDl7deMPE91pkkcpTWLh5YWAUxDfucEfpjJx+Jrl77R7e3R5dhgu0RPPiQgQszZBdSeAxIyfr6AE/nCqV6V4Jy9nK+ju01om/5W7dLp2Xbb9ZnSwdW0moSqJJN6afDZ3v5PdXa003Ow8BTl/Eug9MPcwjnkAjccNyo3cEY55HHQ16L4h13S9T8Qa1YyIbS/sbqUPl1HmKqDBVG65x8ykFucn0rzb4bIsuvaEXAQrqkKk8MflP4ZwNpHA453MTWT8TJ/sfxC8TtBKyM+okFkA3KWVdp9QD2wSc8Dqc7UcWqHNUavGdlKLfW0XfR63d3ZLbqkZ18IsRBRUrOKcoyTu91ro1vrs7K+/fqxGY4J7mEuXEn7xCcIUJPzBeOuB27DHzZz6F8IFNz4iaRTtdrC8YoQTkGN8diPu44x2xwQceGwa0xjt7WWRsrEolf+GTB4PA3Z5Gc4OD0BANe2fBkiPxM+SXRdNu87efvRv39xyBgfLjoa6aFeMsVh5KTaclomnytJdFsumys031uebKjOhh8RCavZWWqfN8Mb3XvO99V079ua1rT4ft9xMgfdLcTxsYpMkzGV8NlDkLksOeCOCuOtXxFokllp0Uj3RuHu7dGGQcAI2ShJJbKgklicj0I5rJu5r/TtW1KaGVlifULsorF3THnOQNpJwcAZPHPfJarN3qN1rD7p24htGxGufKC7Tgg4PJJ54HUZOeGqVeFT2i5Ze052rPa90nZbbJta+avYKdKrTcHzRdPR6JOTbSstm1+VvI93+B0QTRPEYVkb95ajOAcqzADg8kAdOg9gDXvGs6He200F1pKCE31tCkuECxTOqBsg42huOCehxg9a+evgtO8WheI5CFVUhhuGZuVCQuRknAPzY5PQ55Ar0HU/jMl5Lb6fa25ja2jVVllI8ksseNyAYPUZGCQME9DX0WCqYaGEoqo3zulanazs+Zq13630vvo+h81mtHGVcXOVCPuxqRjUi7crhKML31s0k5NvXXrpY8z+MN9DdXumWsjSLfWdpKZ84YlkG0/NzkcEgNuzjOSCDXsXhDwdY+Mvg9oum3c80DE3MkUsJ5SZXOxiMnjgZHfkGvmnxnere3dvqEzyPPcJd+Yz8DGXORkAMoA+UdDnJBxX1T8PPENh4c+FXhu/vnaGBo7kSMFLAsZii5ODgZIOMDjJ7cclCpCrjqzrwi4OlZ3dmor2fLJvm7NXWnqm9euqq1LLqEcM1GrGtDk5dW5NJ2S0vfZLrfXRHzhrXw38ReD7iUyxm908bpPt0CMVQE8bwo3KAv5nHBODXSfDfbca8j7VJNlKAOB8ykkkhgepz2BP3ScHFfQGl+KNM1yG4RXt54rkOjqXSSMoR3wWAwOvcYPfhfIfClnHa+Nr7yI1MKzzW8aR4HyuGKgKv8ACCcZ78YXPXkxuHpwip0fepTvJbNRacbaq61/4F2tV6/DWKr4rEwhiIqNaGraVlKzSd43smuXVaNW6WVv6pf+DfmeT+2/jfA4CqfDls4z0AygBAzjn2xgZ5GM1/QtNtBIQDI8wYJJPytt45wfQcE/gK/nZ/4N/vtI8UfG8MjKP7AiQKeSMSKD69u3T17V/Q7KzAvjA2ySHJwMHcTj0AxjgcYGemRX43xxd4+hJJp+yUe7aSiulujst9NLd/2fhePu43qlWScWtU+WNr+vpuJyemRk4Jz1I5GRyVPrt4xknnkRujZY4JGcjHQYwMZJABYngjB4+XmnxMy5dsZyDxwASfQc8tz7AnHoJ225I5xwxJGOGYg9MDAGB/ewQO+T8bTfRvTey11uk15aaXdlfc+okrt6Na3uk73tHZprVrS+yt11KDxOCM7igIOB1GeOWGTgjt0PJPOMMeOQBl2kLjADEFQGPGOvHAzt2t6kkcaG1RvGc8+nC8nAJ6HrwcjI68k4h3YJBBbLde2eemMcdc88ce9apaaPdbu1ntdK3zffya3OWVkoykrXb93e1uru3o+va21rZnlSLiMoWAwvYYIyQSRyQCeOeTgYwKf5LFABkcnI5PHJxuzjpyRzkZ9zV5jnquepXaScDjgnuOnXOMDAHFNLZL91IUqMEH5Rzz1wTzycfhzQnZ6ff16bbrvr/Sz9nNO7a0WjcfvV1a7s7Xvvr0RnPERgAHaHJ9MjA9iSPw7dcUhj++MDK9+mCTnP0HXOeW6+lWWbadwydwGQQSCoJIBzgD+EgZyo646hgbBIJIVgWwASCdq4J4H8XRRkYK8cEkb77/i9v6+faw0r2tey2vvbS9vPW2trlLZIpYAYYYJORjA4JIGOckA4yeckVIm4NgjIbaVbsCMngN1wRyfQ5PelIJwSGByRkdcnjB6j8MdOuKkhTrk4CoNo6AYznqTwOM5Y8/nU2TesrJ208007/he3k11N4d7vSN3u9fd3vZaNrrumrF6IsGJJxxxgEHIUA/MDyT6Ac+xHE4ZjtaTlRnoMHIPBxgEheMAZIxwM1XBYBVGW5+9xtyOhIABx8x6ewPODTt3GCSSCe4O7H3QcFhgnGBn6ngClf3rXbbtZenZW0vro3zbaJ6K+a6fyVlfRLW+yt5rfz7XoZARyGxjnPQEHOcEgHIxwuR3IJq4JsFW3HY56gYI5PzfgOwwTjnrmsZJ8EcMpU9SRye2BxzgHp9eRgm2kvyKDyCSccDrzkZyRtxkHJwR7U+VS0b/rTbor26WQo8vVK9+trWur2W2lk+npoa8bggkNkZLAcKWb0XB54GQemOrZyRfRlbOWOMZIIwMklTjjpgjPIzgjvWBFP5ahc8bhnCgjGT16EAAk7gSAODnbk6Ec3oRyQM8sMAegJJPy4Gfc4wSSkkk9H/d1utLLr19XdW0NbRaSut1be2lk291ZXemr+/TYjwcnOMAqSABx1HGe/T5ssT3yAakZW4ycqOCCOM4yOMAcYODg8dT3qmkoOCCSeM46ZbHOAeMEck8Y6HODV5SrHr2zx1JHy8HByB3B/rUptbp2bad2uu/RO2/SIKyv93o3Z7Jf8BXeyHRggMecFR2xjPPp2+6cde/QVOmdx6sCnIPTAx3HYH1PXIpVUDDg5z/CPbqD94AZ+jA8dMGpYwq8gkFiQR6dcHHXbz2J496pVYxupWd9Ht2jprfbbdvVtOzRNm3rdLR/gtFs097jAoPU4Oc9O2Cex/hOeTk5JxnrVmKPOHDLu5UsRyOg9zgBcY7ccZGKYoZyMk4H3flJIAGMnA465PHc/KQOZ0U7BwTggFs9SR0Hrj5ifc8ZyKxdV81tXdK9m9Xpbrq391vOxqrxSSV9Frquiv163ttZ2TVnsox1DDeSxGeuBwMDH4k+3AX+KYMwIIBbIJBAyMgZwTwBtA6Z53EjoahI28gck4XvwefTGO5zxnjsRUsbMp5G5eQQCO/QZHTrjII5HU1PtFZ7uyXXbbTffXX/AIA46uOiaUnpb0vq+istHvfS5MF3bSSFIAG3oDjaOo45GRyTjA4yKs/MpCnnAxxuUgt94ENnPTBz/jUKMM7iMDcABgZBPBzwfmyOOB6cYq5tZgQzjhs4OORjGM9PxwMDo2c5Iy1fNa1k29E/s2267Xvpq73tY2g0kkklHR6Prp87q2qWnbREajLDLf3gAfXj5QMDggjB+vOARUqiRuAuABjLYCsMcHjPPHHGMDgng08KVDKEUYHAXnlsnpyAMgk/iTSjcRgAHcecAdO5wBkD9TgjjjBKab91Lpa7eyt5fF+F7t2SsU3b13tq7JqLVvu287K4IG3YJxwGJ6FVIwcjPThiCTn5gevJlVcEkHuMDHAAPU54I7gDgn1+alVC5B3c4zgg8k9OTkEccHscY9pVyzAYG4joMnj1xnOfVSTt5xkdYU11eru7dUly2VlZvRt2a7uzM5Xlv3i1om01te+9l52u3psfjP8A8F4Ii3/BP27QorB/if4YUq5I4a7xg8YOVHOT1bPHUfxoQ+F9HVHkmttMiXIwXZS7kqP5n24HPFf2af8ABeZFP/BP6UOGKN8U/CwJBI+X7WScerZwB+THuf4x30zRVQeaQS0ilg07t8xQc4DE+5XHbI61+6+FUYSwmOjOnTqJ1abXtFov3UdV201f47H414vVKlKlkvs5VYWp4i/srq69pCyfvJrVvZdrpXsaKaf4Ut4QQmkxEADcdrEE+oxn1zgAY5xg4rjbG40VPEutE3MHkFbcQlIVdAcguEXYdpzweMk5ycHjoUtNDWJgEtsYDHduc43feBPUED/e9eOTw8F9o1jr+ttI37tmt0jEMAZUcYyMDIUjOOpJHXpX6niKVKM8PywoR5qifuxVtEm0tU79m327XPxLC1KtSGJUqmIlaja0no25R1Sbet9HZtdU+p7lbTaM0cUsUEszKEy0Viob2ZmZMk9O/wCRCitNHi622iTzMQcu7NGSRgnvjbyQPlyBxx342z+IOk2lt5aWmozFWQbo40iToBgBkG7KYxx945BORnQi+IUbREx6Ldyt82zzbhFOOCBtBA4GAcKM9R1r1I1KUeVOSTsl7tNtXVtNna9um35+VOGKfM4xlK6TXPUimmrWvaWzSV7JNt77N+b/ABzV002ESWgtpJNCkl2AhyoFw2MlR97uQRx1OOaxPgRGG8HytJIV/wBNTAwCCCMqOD0JUFsjJ5HfIu/He/e/03R7tIfs7XXh24zEXLlGEruADnsx44YFhxwDnP8AgNcSr4Nm2xq7fbEyWIwCR15wMn6k5HG44FfOQq2zd8kXJOM99vs2drpq2j7PsfSunN5NGM5NT5qPNZuUXprG/Xfft6WVT4+KP+EHLxh2aLVgpYkAk7V689wO/wCHI4ofs5Ssvgu6lIZ2bUphhTlidpAzxk5BzzznAHTFSfHSe4l8D6l5mAqanHgLjjhRj+WOemeO1N/Zut5JPBF0BIVY6nLgLtJOVPscHHbGOnQHnlpyUuIkpN83sG1ZpWs46JN9Urq2uvqyq11w/B8ukMSopXV7KUddbbu9rbW3dzi/2hAA/h5nRiDHen5+p+Z16+o5Ax68ncBt92+Dt29v8LdHURFUFrclmK8nLEBV9uc8g8eg4rx/9pWx2w+GCHbzDBd7i3GDz2P4jtgY4+9n2z4O21wPhTonl4l/0S5yOMfK4xnPBJ9Bjgjjqa9HBJPOsRflaVFK+mrk4LXW+/5Hn4/njkmEtG7ddXslZJcz11Wvkuv4fLf7QLmXV9PcxkL/AGazAMBuOCMcDB2nJPJxz064+0fh5fyQfDTw4igx/wDFPRAcdSYhyD8pC4GSQQSOO5r4y/aALf2vY+YRuXS5DwVPO5fTPbnn0NfZ/gSeOT4W+HGwoH/CORHcSAB+6xnPU843dcDJAA6lG7zbFpTcXGCacV0/d+70vbZ679rHTNN5PgJ8usqibvol7v8AV3fzbPij9oKIS+LtDIyS2m25XI4J80YPbI5APBHB4zyPvbQT5HhLw6lxcRxxtoFjgDBOfLXaBxj9epznPT4V/aCidPFXh11Ykto9uygY6eYNxAHuR74yRkV9veHWeTwnoUk8aOV0OxEaySAMpKAksDtJAPJAIPAyeQaeWuX1vHJzekY6t2Wyu9O2n420MM4oqeXZdyUlFucrpXV1aLaW71b+Wl+5+ffx1VP+FybldWAudIJ29OZ0PzA4xnIJ4IwcHNfpPrJWPwpby/aGRI9OsxggnJaKLkfdGMnk45J688/mp8dWcfFyaRUTAm0r7oBTiaNjnrk9OOP14/QHXNftpPCscMt5aRM2m2SqzzRhQxiXOAWzx0GSeB3rmyuo4YjMm5pfvG021Z9W1Z+9FvpfZ7ndmWGVXB5TenLSnZqKvy+7T+zfTS9r30tZaI+DPihLBL8XrB0mLb7rRyWYYIHmjPXoN3H1PXNfo5KYljjZJ5NwsOQVGAotF6HHOcAnJ4Vs89K/M74hlD8UrO4NzbyxLdaWWlSRTGgEoJcsMjCjk/Q5xmv0A/4TfwXFbnz/ABFp8zR2HllEnTAY2qoiALkliTjAx6c4APVk2KhTnmXtZJKU1JXd1omtFfXdpLW19HfU5eIsvqYiGUKFKT5YWlZP3FzUlulo0tWrro9EtPgnSwE+PGhbJDuk1KSTdn+J5mU55xwF46E9PTH2Z4tK21heEnzHDzfNkngnsOQAc4wen8/inT76wj+M2jalLcoltBqDiV1UuVImZ1RFHzFip469OgOK+qfFfi3SL+0u0sjqVzJPOAHjsJHyuScLtUc9csCAck9ScHDuNw1LC5qpv3p4mq4pOzs0rWSvdXtun2ttaOJssxNfFZTKjScoU8LShJ83Kk1KKafNpotd7210vr4r8ObxoP2hIrny8AQXAbAyRiCPgg85yw69TyOmK+2PHmsy3nhvxAjxkj+xrv8Ae7UT5RE2FAYAY+YZznPGQOcfAfhbVI9P+LH9sG3v7hFFxF5MMLC5LlFGWRgWBHPVew6Zr6R1/wAZalrOkata2/hvWQJtLukE1zIsSRrtb94wwucD7wY8A89jU5DmFKnl2ZUZKXPPE13FRpzek7LVpNa2b08r7nPxNkWMxWcZViIKCp0sNhYzc504e9GV3pKSctLbJ328l4L+z0kX/Cx9RWQqQ2luRkArxI5AJwF9uMZOfSvqf4jSRf8ACO3kcPlvma2B2csGLbiDg4wc5HyjA/hHFfG3wY1HVrDxtdSaVo/9pXrafNb+RJKIkUrI25ixOD0PI7L2r6c1iX4g32m3KXmhaTYWYh+1TF5Q8riDLkKVOMkdMg7T14GaeTYyEcrxFP2UpyVSq24QeilZay5bXe71uuhtneWN5vhKzlSilSw6anOMbuO1o6uz81d7X3Pn/wDZ1ZY/ih4mDjG+1uR1AxieTIyOw4/IHuM/VHxKkih8I6+qbH83R2yQdzBTnK99ow3/AOrJNfI3wdTXf+E/1aXw/FYrfXcF0WF6SY0iMkm87lP3sjgAenA+avo/xjonjqbw5rc2qahpMFn/AGNceZFbxu0k2FOFRjkJ1wcnBHBPNcmX4xxyrE4eMZS56lduSS5Y3kttdG1a/p1epvmOVqrnmGxlWrTgqdPDWi23P3EldJJ6duja7Hjv7J0TT+MvEfl7ULaXG5LLuAUtgDHbqOoGSMAYBA9z+Plq8Xg7xGFnZiVtCORtVg+GyAw5PHRQc9xmvm39njQNV1PxNq9rYeIH0k/2dG07wKQ0kW/Cqx6KQQST7/dPy592+Lvw7aw8Fa3qF14k1G+khhhlERkZoWfdglwWORtAJ4B4HXHFYHE1o5HWpRpOUV7Ryk2kkr3uop9/lrZFZlg8I+IKNapiOWbWHjGHI/edoxS2sm/O9rK5gfsi3tnp/hLxnFeXsFov9vRSbZ5BGSHhJO1WzuBJxjJA57Zz0Xxv1XRL3wV43tbbUrWSSSG0MarIjGZxKmUjCkbxwDx36d68h/Z18G6b4ntPE32m9vFFncQMY4JNqyMygnzB0Ixjk4HTHFejfFvwH4b0bwP4lvIYZHlggtzHLJLu2OZFXOATgnjCkdSDnBNYxxeMnk1OkqMI0oU5rmcvee7btZ+iu3Zb6u5q8pwaz2pipV6jqznRapxgnGNlTjG8pN9l/wAExP2Xtf0fQvDmvDUb+G0zexY811DnELAsFJLEHI6npxzuOND45+LdDv8ASdYisbyK5MumeTHtXKmQSK5XPAVsDgsxBJzxk1g/sz+EvDuvaNrs+pWJu3huYViZnkAG5NxHHBzz65GOQcivQvjt4U8PaL4CvrjT9Kt7aRpIY/M3MzgKqnIbOVL47A5IyORk+lTqYyrw7HSlGnTocz6y5Vsl8vNPT0OGphcvw/FMqj9vKvOtTTsoqmnLkWjbbaV1fS+uitt5t+zp8RdC8J+ENVs9RjupLufVEmhSCFpAYwCGO5QU5b5VByfl5OM1s/FX4haf4m8MaxbQafqNqs19autxPGywFY1wVOVILMMhVJ4Axnkmpv2a7CzvPBOozy2tqZItYkRHnhV3VASdoZlPB+XjHUAjvjS+OUcUPg6/+zxKirqFtuQRoq7uclduCRj15IBOCRzhJ4j/AFbi3Vg4LD3UFDVJtWTbk1q3rpfQ7aUcHT4pco4ecq7ra1ZTSj8EUmo8qe3na7b7DfgP8Tm8GeFZLSw8OahrEwvpJhdQqDEoOf3bJtIJ6/w/XI4rn/2ifiNrHj42d/q2hXekulslhbibaqNbRA7iAFAYnAzleONvSt79m+6B8OaiGQlU1JgzFkGAQ3ZsNgY9DyBzjDVn/tMPCLPQjG4x/pIP7wSFvm5yVJAzjHRsA8AjkcdaNX/V2FeVS8Y0oONNaJe9FXSvray76btvU76DorimrGOFgqjnLmrqUuZuUI3aWkX2emiXW+nReAPEPxFHgzQrfRdC082EFmkVvdTTEySKofLFSxAwvJ43DnB5FeVfGmbxhd6RZjxBFZRwG/Jj8hmMjy5OSxz97d029xx7ezfDTxC1p8OvD0CQlmji2lmkXvnsx9QctkYGeMDJ84+Od8t34b0vb5aypqG5gjljzuJbcD9AcjqPSujMoR/1bjX9rOUvq9F8l1yxv7NaWtsr9Hs3cjKJv/WmdFYelCHtq6dWMdZOOz5m3rJ3b6We/Q77wPofxTufCuifYvElpaac9kjW0KxL5iQ/MVDMdxZiOD6gd8nHm/xq0zXLDStFTW9YfUZ5bm8C7ogiwDaM+W4GCGIPI5HY4zj3bwL470Kw8G+HLNppHuINOhWRYo2YKy7uCcYznJIHHU4zwvjnx+8R2ms6V4eezSZFjuL3c80e1WYgBRyBljwN2PlJ7Dkc+ZU6ccghUjOc5eyw7d5Xgub2elney6aWuttlfryuc3xNOnKnShCVWqk404Ju10vetza7u7XV7bd18PvAF/qXgzw9qP8AwkWsCC8tCRZwymOGNCfuqBjCgY3E9icYGK60fCqCyS3uU1bWLhluoGEc95I6bjIO27IAHHH55FY/wx+IyWfgLw5p8Wm3Ez2VoYpZMqqb8lcqT1XgcDn6dukfxvqV28SjTJIonvIgHZgflEgIOAfw69SM8Di8PKP1GjpJt0oJNSel1HVK/V6NXt1s1vzYqpJZpUV4QXt52SjFPdbO3Vb3e76nq3inwv5ereGrnT7iSxMdrL5irI8hMogUCXa7FScj5u/3uCa8rvZ9as7+51DXomu7O5u1RNTg5EYgYhRIACQGRQCDkgE5HQ17D4lut13oLmRo3eCYgKQcD7OmVHXv6dTgDJGat+HdQ0rVdFl026tIpS87rPbttZ8EnEpRhkK2cFgOCM5A4oXM0lflmk3a6u21FLTRK+nlZt7vTfl5ua6Uouyff3rbSWzvunZfm/FfHPg/RPHtlbQXPlSSXFuq2l/GFFzbsUABWQckA5JQ4PJBGeD8NeMvBeq+BdWOmavFLNZlytpqaqfJmjJIUSMn3ZAFBwSfmx2wa++tf0XUfCt5d6npsck2jCXMtl1ktUZgPtFrkHhBkgY5B5HpzWu6dpfi/Rr62v4kvrG5iVxdqA0lpMy4U9A0cikDcOORxyMVzThTxFOVPkUcRz9dOdJK+13rvdq17NaXO3C4rE4WTlTk6mGTWmq5HbW19tk7aprZXPzx1HTNLmsZrm3crPHIRtXrIM4Y7WHr3B5BGMHBrlYYJYyWtXZASFZWBIYbcMOSB3bkLz6DGa7TxX4ev/Ceu32lT7miLM1pM5wJ4NxKMuTjKhcMMMeDya5iPvtB5bDD35Bx7nJJ7YOOp58Wrg6PNZ04xlC3Mo6XaS127rW3zPVoZjio1FJ3UKkU42v7ybjbez27a7a3LmmeExexNqS3LRETbSo5kLEAHG3pkD8MehBrVvPCFpDbNctLLJs5TOAW+b5hjGMbgBjGcZIzg4TStSS10+eAFvMa7yGB6ZPbJORnd04I7ELWjqGotLaNbvN5ahQCSVDEkhsrjnp/eJyScg8muqhhMNyu8U+aPXVcySuulndb6PXc87FYrGyxi9nzcvMr2StZpKz011vtZWd9LH1R8EbSIfDSIGNGRdYOyN1JAGQPunIPIGfQDoec/QS6FY3KAzQWzBFDKoUIRuAJIIxhuwHTp9a8E+AmkvrPgyG0h1GWC4/tUssaj92FUEszDAJJODgDJ/u8V9I3el+ItNCMUh1SFXHmsB5ToI/uhhxgNkEYUDPGelfUYHE0qdCMFZKMEuVS00WvpZWaWui37/G5xleLq4ydde8pVFJx1TlpFytpq1r+d9jyrwvpVjb+MvEcltI6OlzAqxE5hYrG5CksGXOQMjJ3ZG0DOa/p9/4J3/8ABOb9nL9rb9mDSvHHiQa7pvjYeI9T03WdR0+QKoaG4McBSJshgE6ADB4z/s/zkfDu78Nahea8de02SxaXVUVpUBMjPErL5e4c4UgFunI9DX6+/sVf8FD/AIv/ALJngfUvAfgLSfDniTwUfET67HZavDKt7DLv3PGl0uNyzgAsGY4OPrX4B4r/AOsOOy2GE4br1sPj1jVW56FSVFyp81mpT0TsrNp2V9j9c4Rw2Ew8VWzKEJUfqsYrni2lJRg0+6a1S9dNdF+cf7Z/wM034MftM/E34V6DcXOo2OgXsmiaTc3aKt5cxMHeN5Aq4Mg2jIAGSd3A4PyN/wAIhdtZxw6roQu441aKbcimVWUgMOgYEDHJyTxnPb9XficfG/7Y37Ud38VNE8KKdd8SPceJNY8OaPbyXv8AZ9tpVncPcMscQaQQBQ5MpyFwcnPNfFF9qcDX2tZt2geLW7+F0OQYZ45mRkaI4YbGUqVI4IZcA16XD2Y5rSq5fleMVHE4iGT0KmN9pKM6ir+6pybd7uUk7N31/DnzqWCp4fEYnD1HDmxvJh1HmSVPljonaNvi0u2311PkPUfhr4TuncQrdaPcMGVQysI1cHByGGTjPIzkdT0rzu++Hd9BqkmlWE630nlCcTEeWWQ5OAwxnjjI7BQckCvsTXLUXrtNcQwhJFcgiMbwSw5/hIOMY9enpXnY0O8g1+5aCeOVreG0k2PwzRyKT5WcYHygZHQgZ9cfd4XBUsfWpUK2FdLmqRi50rLdxTsmls3dWWttuh8zDOquFw+MrU8V7WeHw8qihVvy80UuW/aN7xtrolZ9D5S1Hw/qulHbfafdQRoTukdC0TkEjJYDB+UAjnsMdKxPNmhmSe1d4cuMNbStCxYAdkfI2nG0HP1GTn7s1FYpYJINV0iZYApQbI1uYycAlsKCccggj69STXiPjDwt4dkitJNORIJp7wRsiKYnSJiQSUkJIKnI6Ae+Dz6eO4Plg262CxTt0pzco1FdR6prTRK6Vr723PIyTxJhjqiw2Y4FqUnZ1aUlUptK2ri9Vfs2+rv1OG0L4veO/D8sKWmt3F1axDK2l+pkgYDou/l2B6bgx9zxg+u6R+0hE8zL4g0FY5pFRZrzTnAjyWOX8o9RjnjOTkg9FrzjVPhRfRQx3On3SXUTReYscwKMwIJ2q3APGcAcg/MDjNeeX3hfWdPaSSfTLqFFcEyoheLHOfmA6Dk8ZJ4GQSAPMp4nPsrpOPNWdNSTTd6kLe609U2lZpKz8+h9ZCXC+bTWlKFSUXHmTVKor2tdabPyd7Wvorfd2j+N/Aniv7ILXV7NbmTBaG8ZbadSeCCJMBhg4BAyTnvitbUPA9hdTQTWsYETvIpntZFLqrqOUZfvLnJBxkDHIPJ/OMmSOSJjIFlJysqK0cqg4AAIKsMMMgjt0IGK6jSfiL4z0CaE6T4gvokU7VjmY3EJxuwMOTgE9dpHPYEcduG4xUbLH4Vyakk507wlolZW0vfZu+91ocmI4JpVb1MvxKtP7FS0lZ2TjzRvJq6trG1076WZ9tXPhnVNILC3u5ZgrFLeOf51dFIyd5AUE85H3umCQBnnXvb621GW6vbBstaiF/JywJVioJznB4JwB0HcAAebaD+0lq8X2e38T6Na6lDEw8y5tf3dxnu5DAIXIH93GQPlwSB7loXxS+GXiWVpmv49MvZYVHkX6iLDcDaWcLGxHZ8ZBz3HH0mC4jy7EqMqeLUGpXdKqlFp3Vvek7NpXVu612PlcbwbjcNOpOrgk4yi4utSSa5fdd/d1+bivJGLHc2cqRMJNkjkEo3yOvQBTnGeT/dB685yDWvItt7pZZlO5p2PPUhT0OQM8Yx0zx1r1JvCek6yI72zmt5o5YsxtBJGySAADgoeGAAYHqfQ4rktT8Eajb3VmLS4w8c+IoLgblZW45fDIpw23Gckc5I4r1fr6qU23GMkpQs4SUr/AAu9k3q7W7u/3/NrJa1HEJUpzXuTXLOLi02rR1t1vfVJ2+95KWAvLZI3jU5kfBdA2FyRjIGQf7pOMkjCnIB5zUdMutMtFe1uZfLbUYlmgR2ZNjkZwGLDBBJ+UdDmvSBZ6rpsiW97p8oKhmkltsSIwzwdoHyqS2OhY88A5Ax9RWK902dY2XzYbuKZlcKsioGAO4YGT/D6gA556KvUoYmhU5FCM1CTsrRkmuW+lrNu2zWju/M56FHH4PF0VUjNx9oo9Z0+Vyineytdafy2s9H1+vJP2jr3wP8ACXw14M8Vaa+p6VraW1pYa7aqVl0sR3KMIrlDlpESPowwdoKkjOBveA9M0Lxf4m8crFdRajpWoaRYXUVxAVZll8lfn3clHQ7QQQOeOOlcl4u+H1h4g+DPh/VHfZNZ6lpMMCyLmOS3uxHFIFYgZBYtzk5PHIO2vPdGsPFHwv8AE2rv4WIR47SE3tg+5rbULAgPIiZztcKWZCOhUE9K+CxtCLqSrwjGcPaNOlvJWSUpW7N+930a1sj9YyzF4ijShSrytGVNezrWdm1KLjG3R3TV721V+p9S/Cz4kfHr9i74gWvxU+DGvXVvaNf2663obyO+g+I7JtrPY6vpYbYWljyi3aIGVmHzZyK/rN/Yj/b9+EH7a/h1LbRruy8H/GHS7aP/AISj4a6hcol01yiAzXmhGRl/tC1Z9zCOHc8Zfa/3cV/JHoHxj8JfEbwnaWqPFp/iG01+ztLzRbxgtwI0KxM21yPNjclcHnBwDkE5b418F+KPAnxOsPiB8FNa1Dwd430W2h13TbnSLqS0lW5tysjtG6OokjkZf3tvIHjfcU2/NgfDZ1wzTxalXwi9nUlq4Jq6b5d7LVPXda7XWp+iZPxBKkqVPESbjy2ve8eW8UrvdOzTVuq6p6/3lzWzozqymN1+WRHXBVgeQQTkkkEnKnBByc7TVN0OWIPAOOBkknvn0zwAvX3HNfib/wAE6v8AgsN4R+Psmm/An9qK5svh58dbIR6bpHi+9K2Ph3x3JFiJIriWQpHZaxMy5ZZWCTOSUAyRX7kTWjRld+1dyiSORCrxzxuQYpYZASkkTqVIdflweD0B/NMVhcRg6rpYim4TTaV01GVl8Sutnb8dbn3VLEUsRTjUpzUlJJ6dHo1eK17rb8XdYrKSGxxg9CM4I7dR7c+/uKgIcgDBGCxwcE4JyoIHpxz164Pc6EilQQMk5OQRwcjnr+uAcnrjvXIGdw6g4+U8EZwDg846nPfr7Vz/ANf1+fzZorR7va9ktNFq+vd/pcq7VAxkDBx1zyBknJJOQF65x3Oacy/eXI68ZHuOWPBwe2O3uKWTG0NnHTt37E4+nAPGffim7tzYHJ4bp29j37cAYGOvUUK3Vv8ADy9Ol/n5B7r7q3dXW8fRL0v19WIB1AIK57EZOexbp9MYz3OMAQknBIXjd39OQp5HrkZ5HrxU4Gfmx83TBGCeO2OOmOcnqOvNJtzhiuwDGMHJyOvAOcc5zzzxnvSvf0u187paL10fmhxhFpy5lsk9HfZaLW7Svpu1J7aWK5AzywwSQdo5IyOF6HHt19cUvJB2kqSeOOeuM4PTPBxzz0x/FIY16lS2QTkjA9CSTyDnOG9fSlwAeFOA24hRkdDzg/xA8EKfTPXFVdaW081129NrP5+d2RZJXvfR9FZO6dnfruvmlbswc84wScDjIOT29C2AAMZ54I4pwHBBJbaePugAE9D0OBzkjPT1ozsJOMHgjGecg8AAZyT8vI4yBnjgO484K5wBjGAvUZA7HgkjPbgcmrV1qmrWXyva/wCDu3s+q2BJpXV/l5qLS2/JNX30uNwATkk98jBHO36du5yaQfMMcYPBJOGX3xwM/n9BwadkYPuc/wC8AvbbjqR8mCf0AKYJUj+I4K4AGRk8EEYHGc8qeFOD3paJXv8AO3S2tt7LfpbrqOMVJtvlu9t9Lpayen5vVPzGEEcBgCxz2JGOcEEYywB+meOcZAvynGQMkNyPm46Z+XPIGeRhTg9OXgMvJAz0wAevb3z2BBAx1xzTwpI9RwOMY5yWwB6ZG48Hg8ilzJdPPW17aa27vm387+SG7aKO1not3daJ6b26q2mm+kJVySqgZIAzxj5jgevTcOOx9OhhMZ4Y844HueCduOwxggk59xVhmIIBGRk887QN2BzgHBz8vt3704A5JAP3SMZ4AP8Ae4Lc9cgjgdAMktSuk15Xs9VdpW29b3/4aWnpe62elrva61S5baLovu1qEcHcMfhkDnjHQktjp7dzSlcZJBIBG0Ac4GQDx0Jx0boDnpzUx+UjhsAFjgj7xI6MBxx94cjuMdKiZjnJ3DliMcjqc8gn0PPXtnnFHMravt5dnr06pv8ALQhRa3d72drbX9O915fO5DtLMzfKBn5Tg8jHXBxyATgkEEkkgY5RQTznv0JOOAB8o6bskkAnAXGD8vFkDHYgEchvVTnnoeBnGeSTjHNLj+6uS7dB0JGeB1464yRnjrU822vrt5X/AAv83ZXaLsnfXvb0030vtfprre1iMrnAwepHPUnrzgcAZIOfXA6CjaFBJbocD2544PIyFPAHGecYBpxySSODjPHXJwW46jGMnsMEdqiyQSeOGA7cDJB6+uB16fiMLlvd83Z2tZJe7d+S1Wj10Qow6JWV1srbq+iSX/DtdGhMAkHruIJUA4XgAc8nA9zyQfTmF8g5CkgEnqACB3xj5jwCM5HPGOtT84YMuOMYOOhPJyw5zjOfXoe9BCkHJJAAIA5x1HbOQeoJ4GMDmq57Jq72S6PRKNumvXt5PXTSELaRad2vPa2rs993fXptqVzuJyAMbfmzz/wEgfNx26AhvplQp6gc4+Ydfr1xjA/D17YsAJg4BORyBzkkjHHUEY7Hr9BhcBeQmVKnq3XHoOoHdgfU9MYqXJu1te2jX8r6Pv06fcDlbprouyXq79dWnt9zIhGQSCAO65x8qr3zgA+nQj+7kHIY0bHdtwNo3E4AyT0+UHgcdzgHAPPFWFBGcAHIO45BI9+35jOQT15FL8zAE5y4wcknG3PXPQA9cfn3pxk07t32eyfNy6JWfldLZ9TJ3fLf9b7bvq72V7vXfsnTWN89WzkMcjBPJxnJA3bueh6d6kO85+XIzuJPAyOoU9COhwOw5GTirOMYzkDJJ6EnA6Ec+vHH444JgsGLE/KCCOpOQSTwPvfQEex5rVVHG12ntvfS1uzVum/fvqH9f1/wCkyvyCoYHDAqQD2znHcDJPPfnJ6NkVsH5cchiCVBIz8vHzDPqeeBjIOc3s5yMcKoAwpHHIJHqDxnjnBz3phzycEhuCc/LgE5wDkhDkHICjIPA4wKq77KS0ctdtEt9ui27NKw03BWt5Rv026XWiTvbdrW7ehSO7cMLxjP3fVQOQueMjJABAyc+gaFfqQcnjPqSfvc8AAHOPQfndClTyMAjnHpuIH48AHHbtSFDhsoTg4IzkDPTOC3Jx2wMjjrTjUbaulr2fflt+dtWr6FR0+ym73bSS1dullt5NLq31dRkJKkEkHGdo4AwQozjJzg56YPHuUKHptK/MB042kA5Hy4zyeRkHtznNkblBUqPlIxjnJJBJJyP4SOMfj0IaTuUtkjPOTgYIzyfpwOvA/Maqzbs+urVr7JvS1tFa3kTJN3a3aT0V7tKO+vTSy0W9tdSALtxkEkFjgnoM8Z46Hg46+mBjKFTuBPdTndgnp8pxzheM/98gYGDVjBIJAJGBk4AJ7cZ/hOcg4+YDjOAAwrj5sei857dc4HTJ5I/LGKVkn5K1la1naKW3bp110skNRbXvN2ut97+7bZLfR/8CyVcqQwbBBHykEg4A5GcDvg4IB42+lQsSwXAbknseCMjHA5z69ckZ4OatHkDCkZY5yQAPxzkZ5HOeKYyBQdvY8DqvzFcgnIxgdSDx1IIxhOWq5pWdrJ3drvlva60vazV2ravcTUotLV9npfW21nbS7ut9Ot1eouWJLKwJzy3A3E9fftzggk8fepSuCRjJyOnsCfvDnn8uOPSp2UBSMEkMcjjk8kjH+ySP8A6/BIBkKWAGScjJB47nPHHHB/EdK1jNJJ6tPa1762tpvb7kle9+iV21dN9Lt7v3dbJr72laztoyEgHJbJCnCjHc/xkHnk4zzgMPQCkIJJGBwFx8uCMrzlj9M8bevOSeJjnoCfugkqM9Mc9yD1zgcc88DDcknpkYycnOO5BPJzwSflGcZ65pqTS7O/ZWevXTez19PMb5k27c3qtH8Onfvq+qs0tiMKvT5gQMc8jk+5Azgew9j0pGiDtlSTgAngY4OMdD1/vDnByPmpxOQSwGc443Ee/B5YA8EDBODnGaduJJJbBJJ7AjngEdgcLgducg7eRTv1ttfRvpG6u1fW731063uWrKytrZO6V3st9+rfmklboVWVs4PQZ3E59R06c4GPfOCMdHMMDIXGAOvAy3UE8jjqDkj6VPuwOmW6Y+UkNkZ+pyOQwO0jnrUbYOS3IOBtH3eP7v6fxHtiiMnezSSvHbW6dk0ttvNaa66A4X1WrstL7rRWT6bu2r02ZEyDdgkgE4A45I689geufyzkCoipBABHzZJwOcvnAHHJHVh0ILdR1n2hehJHAIUYJY9T3Gce2Mj8KRcHbgdM5BGCCDgFiOBjgYJwD24wpeL5dLtXW6Wyi099rpXTWjXfeo6W0V07b22s27Ky1sr3V2lq+8GwHHKsMlSMnHI6kZPXIOOB16d1EZ3YJ45z68A4BPoM9unPNWljJBBOSTycdN3GSRnknrxx064yhUpuJycYbp0I7EDluR1I55PFTzz5rctturaStGT3srpPZWtsls3pGztdWei3bSSs7Jbbpr522KwCjcNxzk5PU9BwoH3jz1z+Z4qQMwIGcAKeBgdeRkkEZGcY6kADoaHDdMclsgAMMDGSARjKkNkZzgjgE9G4IBLcAEr2JwMbScLg4OAOvGMnPTWE29LtaLZpX8+yvprdrz11nTVtO9kur10bfTddl20vcaSW5I+UKSOcMcnI5Gec9RtPHUcnKAE/KQQGGc8nOMjI6Yx35AxipW5GGUnA6gnJ5GMjpkHIxx1GccUhIXJ6cdsHsRz156ZyMH2p313fTay0dlZP0Vltd/JispLquqs32j3b7ffa+yYzaQE6kH+HPzZ6DnOT0GOBjB46mmDdyQTtOTnGQR09+fmGT14z6U7ccgknHHOM8E/pnqevP0wFyx3kZwDg4B6Z9jnj05z1xkmr5lbTbbe/SPxfJWadt2t0yba7t9HqultHZevbt1u0CEjgkhQMdckgDLEccnHUDseeDTShBzwCynrgk5AJXv169x+XEmQN2QcLtBJzjoF464GQQB7epNNZmOSM9CoIHPBOQDwQfY9vwNU7Np2SeiSV07te84vWzasve0d19lB8Ku7pWei3XV2t72va/r2EHyleSARySO+3BIxt+8OeD3/Cn7TnaWByDywzsByw5AyCc4yfzxUPJIyBhQPUZHTgZ6E89MHgj1MoLBsDcoGT34UnJ7kYwcA9Tgc96TeqSb3i072biract0tevXXW5StbWV37rvq3b3Ula9lv+jsBJ77s52nHUgdwOw4GR1OM80u3DAYLBc7uwxkjBPH0P1Axk4oDZYnccKQeo5z06qMZ4OABzzjBxTTJw4VTgYU8fLjce54yDzwCO+Bk007WbTtd6uzaXu6KzSeq5m0tXfe1w5U0mm3dpK9l1hdbtP79772YMW+bgkZPYbf9n04/kcAqcmo8ADH8JJycrkKuD1ON3X15GB0wKezctjoNvTnbzwSPvZJ64BAx09GSMRnptBAGMZwQc5PTHOCT16kZOaad7Wnfqut/di1re9k79tLLd6ZytG12ui1vvoktPVvvt84JCPl+8Bk5IB4ByMjHbGD2HPOeaj3DJCtgYGTwABtORz1yOCB7Z6gFGORgsxAUtj5hxg4yQMgZxw2emTkrURO1RnAABJIJIyCepOTnnoPp1pqK7rdatu97JbxfX/267V90rK2i0d+uv3P1dnaz9bEvTID4BLAkjgA5x0OCOvTA27TjnJRuSBuOCSccYA5wM9xkdccHtimAtjBAxyQeCAcZwf4h93kr1HbGTSbs47ZGOBjOM5HQ5U5B9f1qktErtvTSK10/JNrz0vfawlyvVpXSVnZ3VradN19999RHPUAgHd35zgZGeo+9gnJGccEA1GN24ZbIJyyn/dHyjK8AnI9Rjp1y4jOWycjGRgA7cH0B59857Y5IKBMYYkjjLE4x+J9fQAfez2yaFy2bcr2WmrWrtZPva70fXyuxScbpJvRX7aXV7tW27O60062lVgARuYZIDYxgBsHk9D1AA56gZIbBn29t275crxkgc8/U7T83RTz0qBSMEnnAzkfeJ4zgeuMEDGc/QYnDHHyjoPkDewy2DnHPB9cdyRy3JNq1kmu7evurS/d9rdEroqld3bcdbNLtrFW0ur3T6726WHrHk8/N8vPoD2yD34PHPfjmnfLk5P3QCARgY6kEgZPGODnI4I55A2NxA5ZlxjB64+UnGcZyeox3PekIJByAWxjJxhiBgHBHQEjbjI5wfWkmrv0u7X302s0/u6aqzsjSKXRb+vfXV9H027iHhNpGRkZwNzDJ3A8HO45xgAduAaaNzfKT347kAcAsMHnAX5j2wCc0qbyDx06jpyT6cEttGBjOAVbrUhByPl25wSNoy3Azx0UAdcZ4JxjFS3zJNdb37u3L2d0r3d7vXTXRN2tv1f4pK1krvXRpa9bjkTC8tgAkHHJ+bJ/UkD7y+wHSpCMgjII9OnA+bkHHTpgDngDgfMqoScHHTIx6evOeP4eeM7uAOoQcEAHJbJyc4wMgnk9RkDJ5YnpuBpq3SStaN7301VtV7qXW997NX2Wivypcu3L1b2XbXdfmr6phASLiIgYxPHnLbsfP3JwCcY7cYAABXJ/m1/4LxT7v2nPCMTOVA+ESLgDPD3yE4zxySeDxyOex/pMhUtPbADk3MIO44IUuBgg47dOOnXB4P81f/BdjDftS6EjEgw/CWBQcj5Cb2PBw2eBtzkDt06iu/KZKOZYZ8yVlN3XflVnrZ9L69tdNThzFJ0rO12l1ts43226OyurLzPwO+LFnDF4NvJ1u2ITw1OjRkgnc8RXoDz1weC3ymt//AIJT+N/B3wn0348/EDx9qUGjeF9CsdPF9eXTon2iVU+0rZ2qkq091MV8uKNMnLBie1cN8WbfxNceFNXVW05tIj0MAABo76XYoYkO2FCuVKnpnPB5FfJv7KP7PfxB/ag+KMvw7sNUudF+H1rcWuu+K44Z5BbyQWzqgR4VYLPdTxjy4tyssYYNt4+X6jMsQ5Sg7NuzSbTtZON7qyvpGyte9ut7vxMPhfek04qKs5KL5rWUU3LXS97Lpto9z9Dls/iX/wAFRfjvP4j1mHUPDX7M/gDV4X0zTyskcGqpbTDyfNGFS61G8jGWLBhCrbeD0+zf2zP2pdB/Zq8PeEv2d/2fdNtr74m6vpcegaTp2hxrMvhmG9jSGFrhbbJbVJtxcK37wZMj5w2bf7Tvx7+Hf7Dnwk0T4HfB7TrG4+KviDT7TS/Dnh7TUSebSJZ0WH+2tZSPdI19PIQ8Ecn7x3ZWHAq3+xD+xJeeFI4v2jf2gZDr3xa8UanZavax61+/Ph9L0CbzXW43LHdurBo48BYUyAAwK14kalSUpNrW8bPdt3bsrdbWfW3rZnbNJJcqdkk7NaNXV9dUlZXb3btd6o9P/wCCef7E9v8AAjRL34v/ABZjTXfjl4x8vV9T1LUv9Im8OQ6gRO1pbvMXMd1l/wB/LwVIIUqQd30T4u8b33jXV9fsNFaOTRNH8WaRbXeoJ8xluo5BviUjIKoQAxzgn73B41fih8RrzX/7S8LeDmlSK61qy0K81aI4W3GB9o+ztgBnCptLKTx6VZ8K+FbHwv8AD3VhBGGkfxYkstxIpeWVo3VmmlYnJdzkljkc5BByK66VPlvUn1jpHra9723V9LLre71enJUcV9q8rNt2d0nFJtfkr62V7XP5n/2rfEuiW37UPxZe91OC2hi8Xsu6dlVppEVQxjU8YyCGBOCeAMdfl74peOPCd94O1mwstYhubq5VEhhTLAsrKDk84GMj7oHuDzX1T+0Ronh7X/2kfi7NqGn2t6Y/E+pzRPKmfnBQIQMBc+hxzz8o5r5x+KOgeH7DwRq89npFhbvGtuDLHbxiQMZVOQ+3jhSSdw5HbFf0Bg6ePqZBeEsJSpfUItqUZurZUYJveMdVtdNPqmrH81ZlHLqfEc3U+t1qv133eSdONO/tY23Tm0no722tZjfDPjnwda6Ho8FxdXMs1vpVusixWkjCORE5CELgkEHpzjtzV+5+KHhlt5jttYncwSwKyWMw2ko4PAXO0lhnuMZI7V3/AIY0rSE8PeH5jplkTcabatIUtoi7s8Y+djt2nO0g8dRgc8HoLnS4FVvKsrOLbE/KW8QbOx+ThAMkcZOT2AA4PvUMNj/q9NLGYeEXRp3jHDtu3s4tJt1F332121Pnq2Ky1YmpJYPEO2IveVdJOTkmrJUlZPs3ey0u0fInw88XWWiJqpk0rVL+WXV7mdVtbWQoqSNlUlJXAkHy8k55zweT6W3xTYSg2ngnXJMlcF4nQghvlH3Tk5OefZcjPFP4bQGWHxIwiLbdfvFDIi54kwRjjj6cduODXssVjIAHcNtyjARqBjGOpYenPy+p4HSvLyfDY/8As+go49QotT92FClzJKpJfFJvdq6Wi1OzN8Rl8cfWcsC6lROm2516n/PunoopJRe2zd9z5v8AC3ivXYPFniy907wfe3lxfywvNaTSCNrQcYD8Nnfg4GQecjIJx6UfFnxIuSBB4Dt44sg/v7iMEnsCvGQTke2DkfKDTfBiMnjr4g5c5WWz+8wT5SRwTk8gewzuHtn1W5urdWUSXcK4VSwe4TA6nI2kH5ucHpnJ9qeW4Ou8LK2Y1acHisTeEI0I/wDL6Serje7abtfRuyKzDGUJV4Wy6hN/VsNrKVVtJUYcsWlUirLbZXSSd9T5y17VfGM3jXwy91oumafqvlTJp4MnmxEuDvMiqxJwG5JGSw4JBzXpDL8V5G2pquh2KiTrFAWActyByeDg9R1HPPFcd46vLFPiN4GdbqHZGsrzOJVMahgR8zjgcDkjrk8DJ3envruh7nY6jalVkIUK5OGZuTx1JPAOewJzjFZ4XDJYrMITxuISp4qCusQoOonQpNubglfdRe1tFuma43ESjhsucMDQvLDyfL7Hn9mlWmkkpc1l19Xr5eN/ES18ctp+lDWvEVleRDWrQW8MUBQwzPMAsxY8Hy2OSDnocfLkj0az8NeL5bcLN48mjO9Q4it0UIhGcD5cHA7gkngZ5GOR+Jmt6dPpGkJbTo5TX7B8pE7YHnIx+bBJ2jPfOTls813C+IbfY3lC+ZsIQsdnJxwMEfLjGTyo54HIxmlhsNgnmmPjUr15xVHBuLliqycm4Nu8ozTla1lfbVLsVXxeMjlWXqNKknKtiLxWFoWgr0XG0ZU7Q0u21q9Lt2Ryvj/QdQt/CmvNdeLtV1AJaDEJ2CBxuwd/yjpyQA3dvWtjRfDSDwnpEtx4k8QyiTT7QrCt0Y40DRLlEVCMIo4AAJAHY4zj+PNZW58Ha9CltqJLWYZpGtXRFIJb5mZQAOuBu9PrWv4f126HhvQ449A1K48vTLRhJsCxyYiQcFuikd1+X6ZzWtLD5bHNqkJRk4rL4TSlOrO7deS1u39no9/kkQ8Tmcsppy92M3jZwbjClTUYKnBx1UUrpp7a7a9SvP4L0ny0dp9YucrM6M2oXKYZVJAIWQHPHIIznJ6DnjPh34N0DVdDkudS097mSTWtRiLS3ErKY4Z3ChlLkM2F+Y49zngV6K2tazIGUeHJlULPhpLmNRGGibcdpPQYx2PocVxfw1vdbGgSxW+m2DwDWdTPnXV5GhLGdzgLuGNgzzxkZ64NOrDLlmmBUMNF03QxKknRk76UbNpror/ftqZqpj5ZXi74iUZuvhuSXtkmoLmekoyW7Sulbb5noem+EvCSTu0OgWKmFo1jLgONwYLuAbkg9Fxw3J6nFebeHND0O8+I3ji3udLsZbe1W3aKIwo0cUjLyUUjAJztbHJOBgfLXpNtL4jWZRjQIVZ1+/co/Vu+18tyBkHJ6AEZzXm3hefUofiB4+ljvdIil3WqyvKpaJgVOdnJ3YOSPmPTJOAMbYiWD+sZdCGFhGLxj5kqMY8y9hNpWtrbR2va99rWMML9ceHx854hynHDQ5Ze1k1H99S97S9tG7PV639PbLTw5oKb5I9B09EEaKp+zxArjChlG3JBDDaTxg5zjmuE8V2FrF438EwxWFpCs32z92sMajaoJwwCnoDwASw6ZwCB0B1bWS6IfEmjwgIm4xRMAOMcAhs4OCeoyCDjnPn3i65eTxl4KWXxNHcSMl2Gu449q2q5BJAI5JXOc8rk4bGQ22ZTpxwsVChGFsVhfs04/wDMRReivpta+i6+Znl0Ks69RyxLm3hsTZ3qyV/Yys17mtuyb1u+57SukQSDy/IhQhSEZIgoKg8AFV5BHQjPIAxXmvxd0xrHwVcSIq4/tKxzhAoUNKmQGA5U56MSQBhSa1JruFYhnxjeyhMjMcSA4DHJXCjdg+wGR05BrgviZc2Mngq5K65rF+631kRHNEyRE+ahLK4CruXBCbiechiDydczqp4HFWpwj/s8rv2kLJWjtGO+tk+7872xyyhNY/CuVec7VINe5U3k46XcUk9lq7Wva+p77o1u66ZpYH7tWs7bG1l28xJnJJ+8D1IJHQggitDXIQdJ1ENNs22F2zYnRXZhCxCgA5ORnjuMV5LpKwTaZZslr4nvAtpC6bGkjhcNGhIBwPlGCB2I+bHGBt3WmXL6PqFyvhLVHVLC4kaW7u5Rs+RgGChwCATkj2POOmssd/syhCitcN9mT+F01o7RaWuuj6LW2/KstqPFpyrVPer81nFJpc6tvPV3W9myp8NdzeFNKYzwQfLcrtd0V/8AWNgFTkHJx8/HbkhTXfXN1pkiw+dfWqtE/wA2+4XJOehIOGJwc9MZCtwc14t4E0nUZtJgB8IyajNBGGiY3M0aqJHcYVFf0IG5iM5Hrz6Zp/hjU59hfwTZwgSglp5pXG4Z6/Mc4PUZyARxjOOLLsfX+qYanGlCNqMEpOVRP3eVK69mlzXTdm3ax3ZllFOWNxE6lWq26sptWgkvfi0tamq1vqruy6WOG+F+qaXY6x8Q5Lq+toFk8QbbdnmwsiYXBHJDYwCcpj5iuRjA67Vde0KS5Mg1O3kK7yc/OQcHHAA5yQecgEkEnk1wnw/sNTTVPiAtr4d06eSHxE6Ms0atFAwwuE3jhQcYJIJPBJ/h7u507xU8w2aNo8AcsGK2kbIAQvUBS2AT1HoBjdknHLMVjJ4KlGkqNnXxHvSjN3tXm2mrpdL6dEr9Ss1y7BrGTlUniJfucLG3NBaRoUtm1LW29up5n4hv7IeNPB9ykpkg+wXbF4YndiSuU+QAMDkfTnOK9Cj16zgmyun6rMFIYMllMpTIznlSGAxzxgAjJIArk/EUGtQeO/BtrObaK5l0y5iUR2yLEqv0faF4IJycDjHUda9KTw54inEbSa1hTkMYosZQHAAwoJAGcd+Bj0O+UV8dGrmcYuHP9efNyxUldUqKdnOas9NH0s/O/FneFy9xyz2vPb6kowi6ji7KrNrmUIPW8nqmltts/MfiV4i+06DpPl6TqcWPEdk4M0LKJRHIhKoW25J4IHzAMc5BwK7iDxXqIQhNA1XY0SKDsCgZXk4wSBgjHORgAZOc8Z8WNDu7DRvDy3Gq3N2ZfEVugB3BVLOB8pGBkA8cZbIIxtrvE8FzMivJququphiLZmYKPkD4AycZAGD1wGHIzh0HjqmaZlacnL2eE0Sgk7xlfo1dWbfVtO+6tUoYCGTZZzwvTVTFxg26jes6Stpr1u7uy1beljkPF3iTVbjwxrsTaRcRxyafKrPNMoC5UqAEyDnH065zjIrO8OajrUmgaSsVpp0UR02FFNxfRq4CIEUtGSCSxBwMgj73GTjoPGXhW0svCHiGcyXTsli5Dy3Ej8ANuJycHPQg4XgHjaMWfhv4A0q/8JaLf3cIlaWxQndI5JAH3Rhj02gAEEg545OdJUsa8zhGVa98CpN80Y80fbNPaGu+19brVGUv7P8A7J9pClJx+u8ukHN8zowd7SqJbba217amCmparDcQxtqGiwMbiMHewkAO4dMdT04OcY9Cc8naX9yNY1dJvES2SHUJCUitWk8yQDlxxjHHGcYznvX0lH4B8PWzQ3babAzpIhUujEKQDtIDEkkBSCSOB24OfAtCS3fxH4kUwRsF1mWKNnjU7Ey4+UMrEDjIABzxyAc1liqdeOOy1e1Sk1iFpOXurkp7yTi2nbXpppoa5fLDUspzNug7J4V2lCn7z59E0+ePTq3pfrvpwalHDOinxXfuGKhjHp7AZ3DplSD07dfesvX9Qif4nC4h1PV/NXw2kYkit8TsAVAIUq2A3OSVxljkkDNfRGmaPY/Y4Jza2pfzYjua3QlyuAdx2Abc84BJzmuC1SxVPjoIfKj2v4N88LsAUBpgc/3TjcD0PJ6nAqcwpOnUwHtazk54/D/aq6J32cqj1u1d6bKzRrldeNaljnSw6pxjgKz5X7JXsqbSaVKNm/NyS38jifttzLPHGLjxbcKycbvLTcx5yAEAAUc+uOvpXJ+IopW1Twq81jr8if2v5bG9uFQybgwxARtKPtwN3uSDk19XxWkCNavI8Ue9iAwCLhSCCvK9AcdccDpzXk3xV2Jq3gdIXDRtrgw2Rgn5jkDggc4yPvZzyoBPRm2HpvA1m6jk/a4ZxTTsr1qWkm5PmtdXvdPdrS5nkeKqLMKUfYwgo0sQ73TemHcrLljHuttbOLb1Rk3unBiTH4TvHxIVUXGqM/ygcYUOB2HTHUcHg1kX1tJaaBq1z/wh2mBrezuJQ91K8rRkIw3xru5Ydc4wOuDivUp7kpIwLZw5CsCOpHQluMgjGD0OPXjnPEJ3+HdeOQSdKugVPf8AdNnAzjLdScYJAJPGa6K2Bo+xrS2l9XqfYppcypNx15G0r7O61V76a+dhs6ryx2Gg4xS+s0qck51OtWEU+VVOXVfCmnfY/fb9ka6vPEf/AASn1SKMxpcf8I34oWBEQ+TmIMyoyAnKjaOD19c81/MrpfxD1HTZ7mDxPpc9pHDcXNub63iLwv5dzIACoBIC4B5xj2ya/p8/4J3WqX3/AATMvbZySBo3i8bVzk7Y5CMHPTgbuOcAZGDj+eLQtLtb261qCe2guIV1K+BWZfNGGupBjD56nILfeIO0YJ4+G4DwmKxOZZlHC42WEqxdPR01VpVL3a9pF2vazV4SVm9D77xRxeAweW5TVx2CWMoyTi+WpKlVor3VzUpx5ouVmm1OMov11MHTvFGg63zp+qW0wYr+48xY5twPTy2w2STnGAOcYz1ggt7a6vdZtrm1hljaSL5bhFkjweoO5WIyCcEc5GM4xS+I/g54a1EPc2KS6NebRiWwZ418wkkH5MHJOGKgjHIw2cjya20z4meEtS1RNLuI/ENlbzxiaC55lMechhuPmFtoOM5BJABzxX6DjKma4PFYWOZYBYmhCtJurgouspx9nLWVGfv6XbaXNorpOx+XZdDJMfhcZUyfM5YTESo00qOYP2HI1VpSXLiYt0Xqkk2oave1jf1v4UeG9QkNxp5n0HUQwkE2mymFSxYEOoVhu5GcDjp909Oa02D4qeEbnUxpNzH4nsILhGnjvBid1wilgeWZsKozuPXjoMddbfFDTFuI7XxRpGoeHrtisbO8LNbb9yruUqmFRiTgk4APLZ69pod7Z397q0umaha3sUnksnkyoWAwOGAbcNoJznB6KB2rllhMjzDF4SWV16mXYyVRqpUwdSeFq02qbk3PDSUYttqzTptPbXQ76WNz3AYTFwznDUc1wUaNJwhi6axdCp++pRtDERcmlFe+nCsrNJpKxxul/F3TTcx2PirSb3w7eM2GkkiY2uVGDzg7UJPVjhScZJFd34Q1O0vrG5ewu7a6R9SuNnlSKXZDllYjOQSpADYwOBzkks1bTdP1Nfs+paZb3AOFYyxqzAHrkj5sHgqFIye3Uny+2+GllIt/Poes3uhXlvqM4jMEjC22rtdVkjLDPJOBgEgY64FddSpxPlmOwVVVMPndKEasIKSWExji4QclJpujUmox0doX1u7nLQo8KZtgsxoKliMiqVHhp1lG+KwilCfucsGlXpxc3q1Kdlsm7I94JaOZFKlskblOSRliDtPQ4zgAZBUHrg1zujqVk1Hcg41GQkcALlSMgc7T0GO4weeleVtrfxR8JSR/bLKHxRpsZzvjx9pMeSFCrnJfHOTk5yQATitrwr8T/Cd5cXtrqUs+g3txfmT7PfqyBSyKGVpGCqAT8oycg54yK9KPFeEqY/AfXKVfLatOdXmpY6EqUXKdNK0Kt3Smm1pyz9X28epwbjaWWZq8vnh80o1Y0JQqYKoqs0qdVTbqUNK0FbV81O3Z6M9OuGlSzvCdx2Ws2F5JGS3Ge4P4HORz0DvD5MlrbrJ0FuuM+hboTkHuMD05PArZ+zW9/YXNxZ3SXNubOdllgkWVXyNyk7cj0JGO3TJNZ+jI0dtDuQMskKhW4ypViuM54APJ5A4APAr6KGYUauPpuEotTw85JqzT96LTum01dpWTem7tv8lTy3EUcrrRrKcJQx9Jyi4tLWk7pp272to29NDyv42oF8B6kcDC31vtAPYvjGMZJyfXjIOea+Xvh/ZfbNe0iHcypPfSW4RVGD5ihQTkkjBb2wM7eRX0x8csjwHqHJJOpWw/2sB8nPYY2598jJAIr52+FKSP4o0IRgSOdWKY3E5BC8jqMDsenf1avwjj2Cq8VRvNL/ZaFvJc2iTV9fJa33tc/o/w2m6XCkEoNJYita17pr2b0s3rrtpr5Hr2paDN4c8RWNhdzm5aO+s3R3GGMb3iMqA4AwvAXJ+4F9DX9BfxGhZvCngxIxGrN8JEfkZIxpG4jOSQeuB1BAwORn8N/iWAPGGgxPEEYtZBg2Mt/pcYOD3bnJBPA545FfvH8RFhtvC3gN2ZAX+FkaZxnltHAxuI79iQPm6jgY+MxNL2eIp7TUea7srWtCz6Wu9N7Xu+tz9Ew9T2tGWujUXJPTqk3bdPRNru+p+LfhfxhMvws8aaBdL5FkvjBbwXABLs6xyQ+VyM7TuzgHJzn3r0m0P9lfFH4S3MkuYo7XRLqHJOWSWSLnnkHGDngKeOOBXD3+k+V8LvFd2vkBH8Yqv7tPnUbSx3DGTnJxjvkHHArp9T1KObxp8KbqYhYrfRNMjVtoBzAI9vQbTnaB0+UkkVpNRnJtO/LO75rOzaj71kr26J62srX2SkpQcE0ubSzezV07Nej063tsdz4jiGqW37R2oZCg625SQ44Et5GecDgbdzADIzj5eSR5cklxpHhv4Rw+cXtZfE5ndwQEAGpQphCeHxkk4J2jjgAV3Murrd+B/jw8LAyXviG3GBtVirSBjk4U4wCcDjdk8ZIrmNd0eRPCHwDMrBIL7Vbp9pJJwmrW6knqD142nPAPrnKz1TknJNRTsveSjFu1+is3s32tqUo81mnJOCWiel3Jrboltvu+23fa3ZrL8U/jBPLcNDbnwjcNE6ggO0kSkIXBBGSASMepweKztEsoYvhp8DZI7hNz+Nrvcc/Nxd/wAx0yR9c9a6O80Frnxx8a4GmfydO8HS3MW1WLOAsYUMTx14/HHAyTzuhWLz+BvgTCsjYn8VahmMgHaUuAytjsdw749j2qUkrWlqlaS8nBv79L/8NrSjFX0kuZq2u3vwT03snpfezXqGsTRw2H7Q9qu1zNq1gxZjhfleM8E855zycHrj+E9rJE//AAsHwNtiAU/C+2Yu+cACwkyAOw6YI/xrjL+xt7nRv2i5ZZHWS01XTljBwC7NKgKg4Gc7RwOuckHFdnawXeoeOPD2Y/KXT/hNHtZ2wWVNPk5K5yB6k59+MinB2hdPSMZOy0TahC6fye+zfrY1as1zJ3clbVXTU5O+jd7a6X1OT8BuZm+DcKxowXxb4qm92MbzHA7AdOnfnOc5w9TiL+Cdf82Law+JDSA+nm3MgyQcY4A45wO2OvQfDG1e4HwbjiyJk1jxfPn5vnzIefxzwpA4x7mq3iDTprTwj4qSeXM0XxCULDkbjueQ4wo4I44I6/nTh8XO3uoSa1srzavqrtp/cVdXgndtO17OzT5Vr3a0Wl7aa21P7oP2M5BcfsXfsyMGDBfh5bKT15UuRjjP5Dj0JwR7dKvzMuN2CSueMZ4A6DHPqcN044FfPH7CNz9o/Yf/AGaXYklfBaxHJz8yPIMZHvj8a+iJH3O5OSVbdzkk4wAccEAYJ+6M8dD18ai3z1bbKcr7dOXS71SV+j0av6fZScXSpWWnJDa7ekI6K2u/b113KpUlmG0Hgkc8cDOeRg89fTuMkVE67dqkkH5doGMdfukgEE9Np5z09CZmkU8YYkFgeD97oc4z3IGF7Dtkim5zjIPI52jjjkAAjp1znuAO9dHMk1ZWTs9uzT1XTZtW0s1pqYpxeuzSV9+jS3t0tt89mm4nBUnI5DKc5znJ5IIPUDqMeo5zmo8HJIO4DnI4AyMdDtx064Y5OR05theAdvBIyDnjtnpz0PH17dGZx+DHIC/dxgjIzn5l549+cEkPmau0uZvrbZaOyWtt9+t+vWdLrqlfW1lq10s7LdO1t3o9iqpP3AAVIx6KCCxbgjOD26cHjtTiu0nDAbgRu5zwMEY5B/TnsOtSgMedpbK5BwBgqMD3J46cY68jILX3YK55X5sdgMcjIGTnoc568ccU7u+1lZX2vfTXvdX1uraeatLu2ra7J/h6bK19323ITgqCWxwd3TJIOCB05HGcA5Gc8kZbtVT98jdx+IzgD0IxyT3bjrS722tlMlPcc7jleBg4A69FPQnsXZ3tjHbcT6HbwoBAPHXgDPHzDqa1emiSstHbs7bLT5/dral00WltXdNN8reuqW9m1+VkVyo3fdbHfcDjIXPU53HAPGAQGyAduDEVXdh9y4XIyOpJA5x2Gcg4J+XpwRV4KSAcZDBj6HOORjqCOTj09s4YVU/MQpyFABBODn72CQOc4PXj8MUn3drvffTm1va76K63SuDtJrmdk762bjq4Kzbvs1vfdrd6OsiDkADjBLAnnA9DkqTwTnj2wThdrnrnbnIJGMHpnIHOPbg8cmrWCGyFxkYyO6gc5Hp0weADjHBwEwpVckZyflJwAABtABAYjr1zk8c9S1L3bb6eS5tV1vZu3TRvVLuZyaTcebaL6aNLltf08tVbTyiCEHBGRnB44JIzkgEYI54z74OcUqqnQDaCME4ySRjLYHXgY689PepCSSMk8jkY5JGMHjuPQA96aGbdycjbgdAMfzDctnkjAOADiqjNO2/vO9uztG6u2tuumqt03XK97313cXJK1tE3baXXztvZjMKCNqfKRjOeeADnH8OBnrjpySCKY8e3lWHQqCeOQeCxPcHPAOWYjBHWpgEAXIJByB1BJIxngcZ6gn2Apmxj0ZQQT1zwfoR97oB65PGKd2tN3poraLTT8+7tfbpKhaz5U2rWa00tG909Hqm7Wt6NtkARwxDfMxB5B7HBI5GFHAyB1JHPSnBWyMlv7p9M4GScnaOvQnr2O3iwoZjuOOSSASAflznJbbn0Xpn7w7ikIO0jr03DsM5Jye5PBI568daSlqtNI6X1tsttHdaPSWuz22ST05b2ez6NaNJtWt3aeu2hUdSpDHhgpJY/KMYAHG4DaR0Iz3GOtRMM4ByRgEDIyTjHAGcjPOTnBz1wM2pFdjkHI5ABA5AJxgkZzyMk9cY56CIhsk7c4bg5zw2Mnkjg9cnk8jNaJ9Xfvr8r3vfpv52uXG/KuzabTSu033vzNbNprS10yLBHUkAAnAwOCcEj3zyARyxwBmnEZwMHBxgAjBOf7v5478HpxlmWbhVwDxnpyvAHXJA+6d3BySSMcvA5XBIIDE8dD0IGfXknJJ9AD1XMu91fa9nrbZNfi9POy0UG9nu+WyfNony+uqbatZN/kgjJI67QCTgfezx9QOxz37U4p8oBPByem3I9MZz+PrnrjIXIx3J2kBcAnuMd+Cep5PIHqaQnjB4IwcluiZAPGeByemQD3zSjNtaO6d2lotNPz037fMq0baa3u0vJcum93t26NWsmRKoUnBPqDn+A5wADgZGMngcHtTSCpDDjnb0598g4GCD/AHeQOdwBoIyRlj1IJwD6kYAGcAkYJ4+9nOMBo3/KDznOWAGQR93kdDx6DPUAGi/XV2t032s0rX2a1206Ih2cdE007aap2UVq2+a+26d9F6Snf/Cp4GPUcbT2wPY885HTpUZLYDbTliM4Oef4gAAMAnocY44GQSXKcFfmIySQeTyeeWOT05xn09MU4cFQDzznj3HI6HGOD/8AWBqeaT1S3WibS0tGztrpfm6vZbkwSv7snbVWtdacnbbV6tW7u1rlfrncMMCOVwDw2MZbvngnk9QOi0YbAB5Bctg46nJGc9TnsMHntk4nO0HgbsZGeeueoHcYAI7D+IHFNUFizDbkEBQQwGPmB+uMEHJyevzClDmirvX7n262WlvkrO4WvJJtdubS1lytav7tf5VtpaLDZ5zhQVzjOMsW6DpkEAAEe46gsCHCjOckjJzjCjg9ufUDHPOR2tA8khDkADjBGQeSPTIz7AZxzSYPJwDnGc/wk4yByB9c5wR09abkrKytdX1Ta+96822zej1WhLTSVnfte6VrR0ta99H20ItrKm1eoU4wBt5IIXuAOgHbgdOlNIZhja2eBjkEsRjBOcAEd8kED0bmxkkkDOMgEngBRzwccrkAZ6+5pgJzgbss2T+GcZPGO2O+ME+ppT01dvwvdJv1+ff0tNn5Np3dt1ta+ju3q72vvbezbtbOMYKHA3diO5JHoMYwOpLc5wq5AySfvkbscDb2IPr2wcUpyAMArtyc53E4IGMEdTnA+v3RkYTJGGPQbTz2747jc2CDyME4HUCnzR01i97XXpfdemndXt3cVJtadtbq2tt1pb1e12SAEsDk4z2BAHXgg9wMd+McelKVIxnn5i23jj+HHyjjqfTHanKeh+YBs4DAZ7kkleMenA49WGKeGPzBs4f5vlx1H3STjoTzt4GOnUAid1daaO/XdrZLa9rXt9rorIbTWl035Po2l0e61267ecBQg8DPykjgkDOAPfJGT3/3uxQKSMkdhkHHfp9TnpjjgnGKssc5G3O3APRRgnHy4GPXr19uajB+dVIOBkHByOccY68E49Dg/dobbXTlil7q1krW16331u36pyTBJ6Nt66arZaabLVdUrLbZvRjAnPGPT0A64Gcg7fbGB+dIwz0zgZOf7ygAY9D/AFFTqjbSVzgZPOSMHHAA68455I7UmQQMqWPK5Jxyep4POAO3r0J+YJTv31Wrfa+1/mtr7q5L5rq8eitdel99dLpbq3XbSAtgnB3ELjPIBzngng465Bwcc4xxUfzHgkt823OOAO4zj/8AV+VT7QOTgZGWx944/D6YGQfYcU0gNzjBxnjAxjjoBgflnPsTnSMnezu9Nt7ap97K7tr1fUG29311s076J3V7a67puztvuQMoAAJIOG2hfQHIycDrj14+b0zSgZC4OQOSOg6Z/XnB/XrUnysGABKAADnt0bBXGSTgHqT3JwMNICgD+8eMYOcjBXPPBwSeQemD6Wmnpd6N2utNtNlpdd11VnporxaSu23b/wBt+V3bz16kJUjAJz82RwMEEc89OOOnU+2TSOoPOMEkHIJByD93sPw4OCeMcVODwQcnHAyM8nPTPTk55z16c4qM9hwdufb73HfByOcdvUdaaleUbW0V7b7212vrra9ntbSwlFXTlb56NaL5WtpZd+nSPBAU7upZQOuADjBOMnOcnI55PHZ6ptGzgDcowO5JDHpjHU/Nk+gJ6UqyZA/u9RxzwxDYwcjpyRgAdD6P4+bJzk8YIyVA+Xkc4GeWyMEH3Bzc27qL0Wtvmno5JNvSyWtrK/W1LldrtLburW3799Ha/a7QiJ8o2gkbiyjrnaTg8clepwQfUACnCBtud5Xcclhk9SOmQc5IJ/Qe0icAAg4CE5G3gk9WzxjHc9AR3qYSxjHykEAAKMHCfxHvwDtBz0yeVxg5u7u7vovRO3le+7/F9S0rWUdYya5kraK8ZOVt9LbrRKPYoSRsDuYtxlcAZwB0JX5eCB0x354HFeUHO9fmJ5JPT0IBXqTjgqPTnHTTlmQlgvHy5ye5bpgcjn06c9QKpOoIIxngttJxk4Az68cEY9s96undyV7Lpfa6bXW2/wCdhTW6VnotmvLvezevo9lsUSANo6ZBGRgkdRjjJA5yc4Ocj+IUgBB5UZwMkHJwckZ5OAAQPc54ByTYZdjEFeo+ueQCOnqecE57dxRjrkcY3bQeQV47Y5644xweDya6Lt63TS5bavpbZdG4xSb1XzszmlFtJO6v5frpb13K+wryOM8MCOR3zzyST0zwMn1xTGyW2jOCcc7e27uApZjztOeuQABxUzl/u4xgBicDknABIPtuwOSByOeKgyRnGSSc4IyQG545zj3IwRgjoTWsJyavazVnbe9rNaavtpq1qtdb4tK7inbZXSurpp3dld21eul3vq2RHPbJOR1GOGzjOeT17nGenIOUVWUMMnO4kglQcknoDzgHgkg+vfFTEYHGcbgTnrjHysO56DGSP0prHcfmLYYkKxycbT/DnqeNxBzk5z2A3hO6tZdotp7uysrLra+ztbS90li1FRWrbvZvo1Zbaea19XqmrJt5JJIwMAdsnpnPH0HfAxnoUK5O7vk5JxnaM4wfUhucEHrx3K7txyMn5c5xkHAGc8YzjnGOBz9HB/kIKgkqSmOQMH5uMnPtn169RVKMvdd73u2uqS5VZWTu7t26d2Tbmd25N9NX5ad1tpuru4wIWALDJ3A5bsOgAXr+OMDnHu5AMEkAE5OTwSpAxwTwc8gYBPc9MuMoyoHO4KSCRwAehHJPIAb8eeOY/MJAxndknkck5yCenXOAPXOaTUkk/NNLW9na7T/zs0r6WsXKydr6Jatpfyr09Ffbv1HOCNpCgAHkZJJIwM55K88qeO5BIBqu29QyjHzc8Yxgt0OeCcDPPynuOq1Mz7uQCMEAnoDzzgdQARk547dQcQswJH3iBkHjGW7YOMAcjsM/qXTVrb35k300dv1/Rkzcf5ndcr20tbTS2zur22to00RyBjGwGCSVx3OVOQSAMnGc4HXbxjnFZw3G359wwOMDIzk8gYPHPOc8CrRfDBSCpxg56nO4DA7njB9OgHULGWUjjGASAAcnBPB+g/pzW0LpJ9d7rZKyWu3/AATJv3fid3aV1p0i1bSzvpp1jvbrQwBgOAWYNwP7wJ5BPUdyOh29cc0x8YwXOSNhwN2DyDg/ToO3sasyEg5+9hcbmxksx6Z4ySee5PBx0qky4bGCFOB1BJZQPTcCQM5IzjHykDArZXel27Lo7JbWd721t0u7brouTROS3s9L3vrbslovXrfuV3B9SM8jGM5AHHQ9xnLcAd+hBsKknfuGAxHHUrxjI475Iz83HQU8j5g+OSSGyPm5zyR6gt68Yx2yHKTzxkAkYXA6gcNngDg+nA6EZySjbltsrJLRJax6tWteK66O77kKSsvXpa72vo2tN3r533GjgDD5GOcjgsQOc9Bj5ee4BA4LGhhk4zj5cDuRzjlgpzkA7SeBnvgku7gDjJwe+Tuzgn1AwDgcAAfeJIQgbtgBxncQRtPJyPm7bic8E8AAYJyKg59V2u9travbW99fdVvUhpJ36pKytr7qjdN3+d7NemloNmS6k4OMsw64x6+vXB6+nrQVIxtBJ24xwc8ntx+Dck8ZzVnYp3Z4xncc54J/wwOQeASc8gPTbk4XO7AyWx8p/IYB7liM88YO7Ryilp1VmmnrZrXR97f5PdOLbve9tnb1XV3e1+++ltCqsY2ruOeAGAzkk9z0Ix36Z69Dkgj5A3EfMMAZHGD6/NnpxwTtzkEkVcbGABgEnJJBwMZ4J6/eII5OR6U0cFTjHXnJJJ7ZPQHrwPTrngQpX2Xn8nZPV9vnbTW7NEl1Se199Fpsk7W0v1ISuDgMcBieR3zzjvjnp6Hp6oVwSwIO4Hj2Hbp6YPXIyRnkNUuC3XGewGAq4OCvByT9QQOmFwMowJA7YOOwz3GM847E4YDjPXBhyTavddG9tNGkrJ3tdXd0o+Qp9Laa6eV2ves2+n56dSsVyBgDocls5IHBAxgfiP0xguWMjBT5DtwfQsM8BcZ4xgg5YckEjBEuSAo24bpzwpXnkdDk9RkkEckEZpVOTkE8EknHIOeBxgAjGT1HcdeaTdtNlbfa2m+iV7XfW219Qte3upu/duWvpfzsu8V0dyADoSTjODgHPPqMDGckgcd8+hAvBAHQ8kAYGduMngYHPfsfc1abOSVXcNxySME8A46Dhv4ug5qEjlhjAOAfr6/geo/GtVJJXtZ6Pb069LWv0S6JtEuO99u+r/lv+W7Wm+i3jXfwuCcnlQT1A4JBHBbJGAe5xnBBsKpYZY4G09RwTk4PbgYAxnt0BqJVLE5woOAPX3Y9OvORyPfpVhchVH3gEIABHbJJxtz1zkZP+JOcklbVu1+6+Ho/JvqrW36ExhtZWiraWS7aWvfv0t1S1sIFwCHyeQOxwSOvI6nH3RzwMjtSjgn5QpOFGOeF6454BB6cdCcDOKfyVXOM9QAecj+ZzkjjblsZxTlKn5SCQoAHbOeWBI7HnJPQVi53u2k7tNK7vsrWfVeqt2bNE0rLRPpy3u7q+qi3bqrW9bpke0YwSOc7z3yTwMZHGcHtn69HqNu0ghc8FSOQFOcdcZP1z6jmncZO4YG7cBjOQRgDI4I6DpyeTjrSlgRwOCDuyQ2C4IXjqPlI2579fQvnXXTp10sldPTV3/K71KhrZu2trL7t9Vpvq2lp2td4CEKAfm3Zyc9znaPU8EnOSB26VOoKt0yCGUAAnGOevXPJyOc+1QIyjAC5IHUg8k8DjrnLDbjg5wMmpt4wu3GAQBgAAE4zjOCckAt2+hNZt3669/Kyvp3fXoul9b3ZW0fLqtnv8KWnlezV3G7u4yLCklT8uCoyCFJJzxgAZA9SeecnvUkeAMY5yMDJycqfU5yueWPGcc8ioUJBIDYUqQMH+Z6HvzwQRg09AVfO7cGYBuTxxjucDsCoGCeeeai717Xt000X6+d/LVk8rk4TV2r7vlje6Sb0tqtn3SST6vt/CnGs6Uu4EnUbPAx0AmQkE565Hv1PYDP8zH/BVpt37bnxkYsVYR6EvTgj+ywANvUqwZfwIIHZv6ZvCpB1rSuQAdSswP4v+W6buOCCc9yQMcYOBX8y/wDwVW2j9tT4yyPLs3SaEAXCgDbpigByTkjB/vHk5OOg+F4vemF+K6jV67uXIlrbyXd667n1fD8f3eIeju6Lu2r3Tik9Euz3t1ucR8S/Dlz4z+BesaNFd/YgPA/hyEzLhdpPkMCQcHG0nH97qBzz+VV3YeDPgBbveapdQm5uLozCdFDahqcyrtEUEWPNUNKMZAIJOW6Cv108feMbfwd8AvGPiHSItP1i/sPCXhmJI7mWOKzR3sYl2TSFtp2sfMAyCduM/Nur+bvxhr3ifxtr2oa1fyP4g1y5upRDPtf+ydFjaQ7IbKInZvhBVfNAycZBwWr5Tw6xToZXj4+zc60syqyprlb5W4wTfV3026PVta27uMaEamJwadTlpxwdFzXNpPW8b7bc2rd2klZNss+N/in4k8RajrL3V3c6Fo2pXDz22hac7LqeoRnJjF5Ijb4UZcbgQueduK80tvB3jTx2Vt7axltNKjYt9jtw6wqCeZr2c4ad+rkyOSSDggkE/WXwJ/Z3HiTS5fG3im5N1J/ab2ggkBaSUxt85YtuCpuGNq4zk+nH0/f6BpXh/S7600yyggWJVRRCoUhcfOWyAWyRuDOSTzgtX6xgsix2YUaeLxVScaLUmoOb53HmTej+FNu1tFtfXQ/NMZmmFwNWWHoU4uafvTtFQvJp3SSvJpPVv5WWh8y+Bf2ddG0LTRd6iiahqVvYw3rJLEzW1vukjKGFcEbicZZvl3DJJFfZvgq8TQdEW4k8i3NlebCGICpEyjChBjIA6bSM8ZJqCKDdZXRQcv4UjfjBUtGVJHuQcnJPX1FczaWkg3SXk2YpYYbkWTMm1xsILMGBOT154OOg4NfR4LL6GBjNQjGK5nzO6vKXLFpt+rvpdvpdo4sRi51+WTcpVJQjK2tle1uu1nf5Juxt+NfGFtr2q6CLCRpYoY7uWUlCkbOoOFQEZKtk7sEEHJzuPFfwbaapqS3pinbTLLyLVppIwTNKN7FliPITcM44wWPG0LzXu7SB7fTdRlWLTbOC6WJ5ZgiKltKkglYnARY1xjcy5Oc8CvEvFnx7sPDc114e8B20uv61K32ZZ4laSzheM/JIqpuEkityhRtoIGVwBXPVxlCjKv7SajC0FGMOZSm+VJpWbls/l1eh0YalWqKCULyabk2vdgm023J2im73u7vS+p9QePPEnhjwZ4f1SW9vLfSYP7Guk827ZX1G+kZACIl/1jSOSxHOOfmHKrXw83xg8c+Nbex8JfCzTpNKs5YFtp7+OPffzb2kDTyTbdsS43FdxD5I2nJFXrH4S+LvHa6j4x+KusX0gjsnuodNDyM373iNPLzsijG4fLgtwfx+kfClr8NPgt4Tsr3VnttJM9jFOnm4e/1GcszAQwgmaQtwAAuByDkHC+VUr4jGVbSksFhI0lzTk7VJU007dkpLW+97a2PSjTp0IuSX1qvOd1BLmhGTS6ac3KtL2tr21OL+HX7OGk6Ep8T+NZJPEfiV4JroLeO0ttbzeWzFi0hJZwc8nKEdFGax4fi14W+HXh6eN5I7/Xpbq6e30XTgkkq4lZUSd1yltEo43sQuM8+nk/xh/anu9WgvbDTLj/hEtEeGSFLa3ZZPEGqRsGyNoObVJRyQcOFPUEZr4mtZvFfjxJLLwzZXFlYRyM15dgSS3bh2OXnuCWf5s58sOoBOADyteTic3wuEqOGXwU5WcVNXc5P3E38Lbbte7t3Sb0O2GCq1oqWJvytKSi9EoxUbq3RvmbUYrS13vY9X+LH7Q2ueJLzyb+8ecKxEPhnSJWFhBuDBf7RuIn/fuAAGVTt9AK8e0Dwx4p+JmvW8epG5tNPkjLqI4GTT4YQQPLVQoWaRQQQTliQTnrn7H+DH7HX9qW9jrviuXyrOSRZGtCWWadUIcvcM+Cisdp2nBxkDPGfunw94J8HWPjnw74a0zT7Jbay8MODDFBGU3ksDLKcZZwoX5iSwPGSRluGnhcZip0q+LlJQq1ErN3lbSy22k3toldaHR7WjRUqdKMbqLlzRSUVZJJrq3d3tvpvds+evgT+zJ4FOr2GkahDJcu2nrqF0ZGCvOTyinJ3KhK9MlsYzjpX1j8RvAGh+FvCvgex0vTrexWLxK4WSKII7RKq7Q553BRk5JJ454yK848VeIdT+FHxbUaVYrrUdzoUVt5YxGtmkjsuVYYAZFwdxJ4XqMgH3D4r6ra3fgz4cX1xcRAS6yJLzaxcxO8KOUB7spIU88nHODkerhsNTWJjGaUYYfEUrWt7r5opX1V9Ltt6LruZVXy4eo4XlUqUZNpu+rik1y77q3TRvS1i9pGLaEKpJbbIFUYySuTntgHAAz/LJPh0urw6aPGt5cksfLv18lctKw8psFQucd8njAOAcAY9a05tR1lFOlwyadpjmRDqV2hWaZOc/ZYMBsHHDsPYg8mvnP4q/EDwB8PdE8U6Db3Tap4mv43jFpabLrUpnmXbI0pTeLaNc4IIBJBwM4z+g4jM6OFg5QacnSlFSvdOXIklFqzutVpZO9/M/N/7LrYirRU+aMY14ykoq7teEnrZKMVu29N9nofPPima81LxkZrW6l0+WHRLEpMoDiJHUOoUnIMjggsBkDPSsu4guFmEE+oandGf99I73bJHnBLFliZON3OBgE8DI5PE6xrnji/1Rb2Lw/a6dbSafY2qRXExMjwxwJskYqQd7pyw3E5BK8iqEs3jYhnE2k20gIEeSzFFz8vIY4HAPHGSeCGFfScN4yFPJsLGWGxVR8jlNQpz5W5TUm4p2i3qldu72vun+bcYYeWJz7F8uMwVKEZRhH2k4c6UYxi07RlJO2ju9GvPTrbnQNyXFzPKjIlvcFN0ksko2ocbdznJ9iM5z075vhnw7p91pFlORbvMz3B811/efI7bQRjaSD1GOvbuOZmuvHLQSmTWdNjHkTiRUgbLR+WwZVxwCRn5jj+91zXOaNb+LbjTbQp4jubW3E0oiitrdCUJf5wzMhI3H5snuc8c12TxMauMpThl2KsqNRKE1TjLWVNtrmqaebvdPTVOx5lDBqnga0Hm+HjzV6MueM607JQkrJQp2bbd1dadH0PZl8LxRO0t2kNwv3o0RFQjJwASoHXBGCOc54qPXtPsoPD2qSRxJAotiAoZCeWOM98nKg8knsBnNeVyeHdcup0WbxVrrBvvhQFUex+7jnnJwOenomq+Dmi069lm1nV7phCP3ctyQhYEFSy5weDzkADkE5Iqa9fEunVVLK5U1KLV51aSWkdXopNvrbbovMoYXCqrRc84VRe1p7UKrfNzxVm5ctr79O/meteHYbFtN0sXEsQzbxEbp40Chl5yMjGO+TW803haFZjNeackwb90WvEJxkcck4wOoK8gkdDz45pHg7SnsbaWdbudjbxk/6ZOqOSvICh1UAcYyByvpjNuLwJoUzOWsGIBODJdSuVPbh2P1zjn1GOO6jVzT2NFQwWFv7OFnUqSvFcsLO8abSaV30tZ77vzcTRyl4iq5Y/FTfPJ8saEN+ZXUearfd2T07s9F8Ta/4MttEdYNT06S7NzbSyRrcKzBVZTI4AJIx8xOSecDOMYz4vih4JspZJY9XjcoyH5A77SI1BUgZG3I4wD7815vrPhPRrOKNoNPiQteQI7ne+I8jO5s7SvUYPJ/EGuvtPDHh+HfIuk2JB2Bf3GeNv8AENvIzjkDB9uoyhTzd4utOksDTl7KkpKaqzSST+GyT17tNddjWpUySOX4WnWljqkI1qzhyOlTalampOSfPpdK2mrbZuD40+C3kd5Lm6upNgVRFDJlSOmcDJycAjOMc/7Q4nxH8WdIvb/Qrmygv5ltLp5WUW8gdxyAsYcfM2SFOOByeCa6OPQtNWQ+XpdjGoVgCsC7zjoSPvZ5HORnHpWbfWFtFqWh5tYEKzSOUWIKAM+gAxg8ADnc2cAZI0r0M6lQcamLw0FKVNfu6DTTdWFrc09dejT008zLA18ijiuajhMTKSp1m51K6SklSldPlpqztdJqzV+pQl+LEkgYw+HNWmLk4Z1bgZYg4I2jnAx8vGeR0GfP8QfEMsO6DwpfMxB279+CCACBwAOD16gMf73HpIk2qxFqq4AIfbGmBk/wkDjHYcAkDJC8RM88gJBjVSGIY9s8ZIUZXA7jHTHAOV2+o5jOKjPNZq6avSw9KL1UVvJSs/S72S135Vjspg+aGURk7t2niK873a3a5U3vdW0va/ReTJ408TDVBdweGna5awWFrNiw2Lkje2QTkgZIBB7nvWx/wm3xGukVIfCcBVFwvmSBDnjBweoHU+uAfTPQw27nxCWzHLI9knmbGKnacgdTkY4JwQxJ/Ppvsl4UOyMDCqQFZzwOGBOcnHVvQHJA2kjgpZViavtE83xkVGvNOMFQ5pWcb3vTk7vW9rJaLserWzrDUY0eXJsJLmw1OScnXm483wpWqR0S2um+j1seeW3if4qDzQdE0m2SQjPmuX2qDyQysMA4UehHGOQBUtLr4hzaxqipJpUEsojmkdo5GDJyAsbNyCTwCTyeVByBXp40+8ZAQcFsggBmBUgLuyTzzxls4O36DFggl/tvUVj3kxQwl1RVDK2QQAWOMMQSvUdPcicVk8FPBOpmWNmliEmpVoxWtJ7ckEopq+2i1WzDA5/WlHHKjlWBpWwbcXHDTav7WioxfNN3VtbW7W0MtofiHIqB/EGmQA8qYoC23gBjyG3EZPA9/uilfTPG3yCbxdsO4ZaG3BKnA5U4z82TwcEZ7/NjsCJogJStqg2knzZo1KEYxkgjjOcjGOR1HWD7XE4V5r7TEG4f8vkQwwPLbtwx8oBz0+9wRyfSjluWqNqmNrtK9ufGzurWsk/aRStrttfXc8n+186lO9PAUNZRt7LL6bsly2d/Zyvp56vrpp59pXhvX9SvL9rjxRqVuYLoK0ltFGhuMjIZht4Jz15wfm6g56hvBN15ZabxV4hdjkYE5Tg/MRwFwCMdGOeM5OaTQ9TsIrjVpLjWdOgC3zYja+hXzo9gHmICfQYG35SRnoK2J/EXhpCnn+IdO5O5lW9jPHLYGH/u9R345wRnhy+hkUcKvbVqUqkqlVNVMW3de0aV+aq1fbp5PTf1c1xPElTFL6vhcRGiqeH5VTwVtXRpc3vKlu23pps/Q5qfwTa4CTaprNweeGu5G3bkwC4WQEddpwS2DnPTPNaP4A0ieJ5LqG4kcXE8eXu5AuxZDj5d+CSOWyN2c84OK7q68Z+CYXz/AMJBaAgdI5FmyQGPO0EkA4PAxn7oJwV5TSfiZ4OtYJYZ7m7uHe7uHXyICwlRpHIO7kjIBK5wu0nqRurGrLhyjiaMqlTB2jCqm/aRl1pcqcbzt11tutFpY3w64ulg60IUcc5zqUPZx9lODSbk5Wk4wXVK97ve17I0f+EC0GFtpsYJADnDyuzEYPOCxyepGMgY6HFPu/CekRWd0YtGtgVtXbe0e8ABDyCRwRng+v6Nf4ueFoJB5Wj6tcRnAUmJUbGcj7y4/wC+c4xyRgVn6t8WdMntL2G00S7G+0kQSSTxrs3oQCBwM5I4HGRzg4wq2ZcLRpySrYa8ouyjRb1smve9mvXfpdF0Mq4zqzg5UsSkqkPixC0TlFu95vffTRpegvhrwxZ/2bbSpplqSQ2S1ujyHLkhjlfQ8t0P5Z7BfD9tG4lNjAcAKCYY0wcAcAqT64Kk55JOTivJtE+Ks9nptrCuhJJtj2rLNcxozHdwcAjGSc4PODjsK1Zvi/qzup/s3SY8YKM9wjYIz97DZIycg8Yx1zzWFDiThfDUKEIzXPGnTulhpN3Si5bx1dtbK2vrZejiOFeLcTXrTcI8jquUFPEx1i5Kza5m1Zd3otN9DutT0iSOwv5RYpGrWkhUhE3E5zzheOeTz1IPJwKsaHZyjTbArAYy1nEuAqFj8u3LjkEdADg9+R0ryrVfjBrc1rcRMdEhjmjKNsmVmVSMELgtk4JLEZ+q4GK9p8YNQtbe3iOuaPbCO3SNdqLI4Udm64JA6jueOPvY/wCumQQxPtFGpZUeVt06UW25RaaU5pNNXW11rrojohwPxDPDOEpU4ydZSs5ylaPIk7tQfV7J/np73DZzRPhba4zkYXYMDjqcjHPJPYnp2qlrkE0Wk3jSxzqxRAWYgqq7gAOAPyOcgtj0rwef46ahHKdvia0YqCPktiRt/iOCDyAOOAccgjvj6p8ZrvU7eWxfxEZEnKF1SzdU2AgkBtvB45+nSs63H2SSo1IQVZynCSjH9wkm1FJO1RpJWXffTubYbw5z1V6FSpWoqMKkJNXqNcqlG7acFdW9PTR3+sLLTnksLNlQgG3iG0s24ABcnHGATgkZ74J65Boz+cfMVmI6YyDj2JOWA5H8xwa+TG+NeqRKLePxFd7Y0EUQgs2BKqo6Ep36fe5PU9BVKT4ya3I5P9qeIJ+ADstwuMDGASnQ4Oe5wenUOPiLktKMF9VxM3GEE7Kmk2lG1nzvS6X2Xpp6c9XwwzyrUnP65ho805NNqq7Ju6+ytk2raLo9Hc+o/FmnrbaHcyMjADyhuOCRyMLjvzkYABxngZBqa0iuGsrVQSjfZ42B3KRtKLwp/DGBkKPTALfHmpfEfXNTt3t5X191MisI5ziInPAIUYBydwx0OBjGM008ZeIHk/daVrd0AgULJNOFwBg+WIzjbxx146cY3eTU8SMD9bnVo4DEShOlSgotrmdpN3fLTlupW1TvZ9N/Sp+F+O+pU8PiMyoRaxFStKSTaalTpw5EpVIrTlbbb2elrn2O77TiSeFFHXfNEMsMBsnuDnJHXkY9KwPE2p6Xa6eCLyybE8AKiaMyNmQgg4OTjJB+XPXJ5r5QGs+LLguE8LXsmSRlmvmPzDgYVvvKM4boM/7wqneT+LVt1abwy1vA0yqJ5o7liZSfljzJkfNwMY6g8ZHHPjfEGrWw9anSyucFKDXPy4idl7u/7lKyab+9a3OnL/DLD0MRRqVs2pzlCam4KVGKaXK+taT3XSLtrbTVfbuneKfC0VvEk2vWKlVDn96jlAFDMjDtjHOAOR0zTh458F28ikazCVOdwiTcCwJPUdhnBIPvkFa+RbHSPiRIytb+GYY1kQbAbYg7CMgqzKOCuCvB5OSSK3bXwp8VLh22aZZQYxkFIEC5PYFCQcYBAA5xg8nOtPjjiCcYfV8lqSSUVG+DxE09Iq61guz0d/N7HNW8PeHKdSUsTnkYu8rpYzDR1dnbRStu7dt2fQesePfBtwNOVdQEvkaikr7bZwRGpG49ACR1wCCcdCM10UnxU8JrG/kS3twVkIQ/Y35Uk4HQHb94AL1xjHGa+V7zwX8SkuNLhurnT4JL69WC2URx4WWRgvzAKflJxk4HU5JPFegxfBD4oT+Z5/iKwt0EmCUCKikZ6DAKjqOgHGT2xlT4n4uq4iv7HKJe1apRm/q004pRjyt89XSTTvd3W2yvboXCPCFPDYeFbNnOlF1HTf1pNS5prmacKXvcslyrrey816tJ8XNFihZotJvpWVsqDEFLMBhThxwDnOMjnBwMYridR+LFrJqOm3SaHdottcGSRW2hrhm52qcHG3kZxgZ2jA5rnx+z144lL/afGMLAHB8su3X/AHMDt259RnNc9f8AwS1fTtY0bTpvElzczam0iJtEo8naPmYBiOSB3I6c4pV8z48qQjOWDcIxlTUf3eHjrzwUVrKT1bS19Wi8PkfAVGfLDGRqVFCpdupWb5PZ3ltFJJQu722T0vdHsE3xslkicQ6BKo34VpJo8qvXkEDIwBnIHHQetO4+NWqmFnj0K1UlAoWWdS2MnHA+U9eQOcbSMcgc9H+z1cQpJ9p8RX5KNtYkSrj16HAJwOw6EnJY4sTfAXTooQ0up31zlASolkUDPHDbgFwTuYZ9DzxXdHEeIVVL7Cdm054aPZ7Rg39zT09b+dLBeHVOSXOpPRbYid0lFXSdRJ3TV/NPTUwbn4vavNqMV+1lYQyxwtGsYuAVGMgkjcBuA47dunGYpvi7r3lM32rTbYOdxAk8w9eQeeDjHQYJ4zms6X4S2MHiDTNKDlVvTKGeR3kKqpJDDDMGLDrydvU/xV6PH8F/D8UeyYQsCoJYqeQOD1Ye5GOpI5PSsMHgeNcVUxKg4U2qtq03iFBOpJU5N3hBNu2ita3RM9DG5lwVg6OEdTmqRlh4qhCFBycaMZ8qjzTnonJSS1lLZvdnnN78WdSlhCtrqBihOIImYggHHzD6Djjghgc9MIfFnWDYaposWs3AstZCJdCWJgHkUEq3ADKASN2DleWGK97t/hD4UhSN5Fdyo+VVjjXjOBk4yc44JBwRznpVG1+HHh2RfFFqtmo+xw+dbs0atOkohc4ViO+BwehGQBk5WZcP8YKD+sY2kqdSM48qrVZykuRNwvK61S/uq++zFlXEfB8qreFwlV1KTpv3qVKKS9pBKemrcW07O12lr3o/Br9pjxj8IHutOVYte8N6kkcV7ZXKlnhQ4JmspyCqvtJK5yRggV9Wpr/w4/aW8SRadFFbAT6G0dhDPsg1G01NI8zO0pUM3l4O0tw20KOxP5q6z4L8WeF7A+IPsE934duJI0+0lGkto5HJKwSNhhG57HcMdwOSIfD2sT2kkWs+HdRn0TXLZ8QRLO0EhkfH+qkGMk7QCrEqR1OK+VweeZrlcqeAzKMsbgqTjfBYmzlGm2lL2cpatO10rtXtbufYYnIsqzJSx+XTjhMdUWmMoJpSmlGzr009JJrluktk3e6v9Y+Ivg78WPgrqC+KvBjajqekLNKzX9gpaS3SBiHS8tVytxEQCHYpkrnDZ6eufDn4/wDhvxnq+kp4taDwz4m08fZYrpcjSNUZ1KS/akODZXJYBcuwQMW+XjC8p8Nv20dS0HTY/CHxNsFu4UsZra21WOMFy82I996GGJlPO51RiQSQc7geu1f4BeCfjHM3iDwVrVro2p/2INTS60zy5LKe5ZS8cN3AufLy5CNwGBPU45+swH1bEr69wpjWqkJRqV8jxL5asJR5W/YXfR/Clo46c1tD5rGvE4eX1HibBqVOdN06Wb4eP7ualZe/JL3W1dSWlnduK3X01cxLHiaQLsmsJXinSRZLeZcFkaKZSUlU5GCgJOQO3POWVzPb+J9HEYJWbRLjheQVGTklRkHkHv8AiTg/EXh/4h/FH4J6tN4d8a2M1/4etZDbGK+eS60q6jJ2k2t2QXtJHUh41ZwinAxjNfT/AIN8eeGvEmr6d4h0nU3XS4LCS0u9MkG/UNFknC4aQggTWRP3bhPlVR8xDAV9vl3FNHMJ4fDY2jPDY6jiKLr0qjcHCKnHnlyySfnezSTb1TPisbwtUwkMViMHWVfBVsNiI0nSlzScpwXKm46Xaule+t13S9V1l5i4V41xPBFI+RhSEfIABHO4kFiMYGMYPFfpj+y9+wr4R/a3/ZO/aG8Q69Pp8d54HMmr6STZRzapJe6ZbGYW8dyQZY7eQFtyggH5c7hyPzrv4IL6SxntpIrm3fTnKzQuHVgqllcFcjaAvXj5hyK+q/2ev2zPHf7PvwP+K/w28KaVZSWnxVhudPvNYmMn2jTC0ZiuTb7SAXkiwFI5BLdjk+lxzgcbm+URwuVypzxOIzHL3F8y5Pq0MRSde8tU4umm5K7bTsr3scXA2NweUZnVr5i506FHLsWopp80cQ6LVN2W0lNq19tLpJXPwy+Ln7Nuq6Fqtzq3gyebU4IbqaKSy2mC4tpLaYxybCpw4V1IX5cnG1QSVFfODCSPXEsfF9tPBJBDtDNC0WpWkgJ2O6EKWXPIcEBlCnPJJ/YPWZoriyju1GJ2E07tyPMmZxLI7f7zsT06nrgYPB6x8IfCfxS1vUv7Rs0tb/8AsW0a01W0jVLmGdtyrIxA+cZClshhjI5JzXyWf+HeHozjXyup7OclB1cFWblRm1a8oSu3G72+yr20Wr+m4e4/qYpVcPmcVOMZN08VTtGrBRkuVTj9pWaTtZt7p3dvivwr8Y/Hnw70670201d/Fvhi6CodNvpWlmtrVuCtszs8iEKTlckegya+ttGi+BP7RHgy1t7WK303xhpljKLuNglvqttdBWZF5CrdxeYMZwSqjrnOPlr4s/APx18L4Zry+sv7U8M2zoYfEdkPL8mSRtsSXaDGzcDtbd94g4zXiWi3Ainjv9M1SfRNbhuY5EvLSTy4ZGQhljmKkZVyFyrnBwcDBOfm8Hm+YZNWqZbmFF43AySp1Mvx/vzpK8Up4WtO7XK03DVxdrXVkfSYzJsHmsY5ll9b6ljVadPHYL3YVZJpv6zRhyxk3qptxUu97Wf9TH/BA/QZvDviT9oLQ572a6W18PRxK8pbcBHcOqg7t20bBnoBkHnPDft9eKAxGAMs6jJYgEt82MjqD1JY5HODkmvw/wD+CC2t6/4k8T/HHUtYtrOC5j8MWNtcT2gAW+YOQtyyYwHZcFuME4PJJNfuNeIEkcn5iWkB9huJJwDt456Z9uOD6UPZOvN0FKNCUKSoxqKSkqbScYu7u3a3W2js7s7sOq6wdKGI5XXjKoqsoNOEpJ07OFordpu1tL9HoZBi+UKT0zzjIIHXHr06++eKY6t82R91c84AJPTgkDIwPbvzVscr05GQvQ5JwM8ceuMcg+pqB+hA4BbnPOBk4x146AdfU5rtptXXf8tr9NF+vV9eeqnzXUpPXbfZRadrWttb8Cg68YAPJGeuOnXOepznGO575qJh0K4wTjgkEYBOTnucEdegyMVYkBzgncf4fdscDGSNw6ADI578GoGJBOBtABz068ZOR1GBk88deBmt1JJauOrtu29136Xuk29vk3g4NtvVJaJ2ejVm27O111tfpqQsSVY9CMnPTpnOO3r1GDkdOajK4Hy8ZUABjgBs/T7xz0PB6ipsjGCTzyOhCgt05XvyDkDHHqKCQOvGDgtkEnHQYGe2MH09+aSk27czV77PR+SVraK129ej6Gd7NpWk9t37tuXTRp3T76XfS7RFt25zkcYG4ZyeMgcnnj3757mmlc99wwBzwA57k5HoeMge/BzKewznnJ3YGB2BHHrnGc8E84qF8jIPcKckDkjgKBkHnOM9OhGTWsXKSS11tru3t83bsrddAUk7NLZK2+10tE9+tvJ33sLtLMeckgAgAdRjKjsd2QQxHAA460xg3y5ySxzz0BBxjAJPUjJ75HfNOVyFIG7IJUHaMLzng7S2R0/HnvSs/BckBlI6ANnPpxgLnGMc5HXGa0jey62tbZ22drN9U+vnvpdX20s9Nnq9O3d73S7FXDckjJ3e/II5Cna2eh4GST60uNxIYDaFIPDDG7J+YkjGcYHU9Tz2sMEwck54Yc456EEZIPA6dPfrmFzuODyA2STgDjdkEAg+vIHU4IPFF2tFr9y25dNtOrdl3Wmwnq2230+Vnrbv1T5nd/KwwMApKdQOS23dgfL074GMDnjrnFISc8E7cdMZJYce3AOckD6EHgvALOg4CBD14JOFAUnsCR3A5OeOTT03bghUYOehIHPQHGOcfgOOmeLV3stdNO3wq9/N/dfzIe+9r/j5Ky8389loitsYBxjd1JwMfezjBx1BGMcf/FShfLI5wrEbQpzyBy2fvcEgn1qXklcjqCADxnHTJP8A6F8o6556pvIOMZOMZI6MTjBIwCR6A4OOOwpxajfS6drr0tfrtv6/eZ8t3u23u2npotPL79/k3EC5V12qCQWzgHt1UYwG46HJ44HXMBxjoRnnnkZHABY5wDjAIz0IG4dbJJj3MMjCggYBA9R3HTrn7wBwQOjWU9yWJACngbcnJGOcr97dyCCSegNX7Ra2v6fdfv5Py77WcqVuV/Ftdpbt2as7J7drrXboVWHYkZC5AQYAHTk+oGMjHPPvSBWygOQuzoBjPB2k/Q546Hj0FTOrswQjcCSCeQ3AwBng7T/Dkg5BPWlJIVdwIAGHPGSRnC+it7A44PGTmtIVE9Lq72stWtEmtLbuyT0XV23ycH72rSve1t3o7J3/ALy/C/cgZG+6A3KAZbJON5zjt0Azj2weoU2exIIVSOvO7OORgDggc4AI5Ha5tbIZc/KFCk4LEnqCByMHr2OeBSAMDlRndubKg4PHAyfm4HenzOzWm6d13sm+2t/S3ZkODuklLXur31XbXZ31KYQl2LDJBypGAO/ByPTqM5Jzj3eF4UbcLzuwDkEjgktjqSGI6kkHkdJmXGQQckZz0w3Gc545zn0znHOalw54/j2gdRjDY9CASBjJz06jpiHutbdbaa2trtfR227jVOyfdO1l12sn27u9nZaJ30osoOASSWG3kZUehyMg5Hbp7nrVdiV278kE4AUjgKMfNg8n0AHGDk5q7jAKsrEAkZzgYGeNw7cHB68ZJzUTR8bsBcMdoHzH5vvbgSQQcjg8E9OcEaKW179r9LLppZ32118+zzkmtl2u9Vppp3ur9NN9bWKbFwDtwCRnGAS2Gx64AAOeoxjNO8vAyzbWIGDk53cnAwMZBHqMAcVKTy2TtAYDngnpkDn6dDyeBnIpWKmTaASSf4gFXIB4Y+vXP0HOOlXs+2ib3be3W+q+/RMy3bd79r6Xvpa10/V6LQgVWXcoYnLEZK5G3AAOcDaehIwDwe2aQLxll4IKseSSQR1A6knJPYd+M4tMNvzZwCCRgr2OA2BkAkA85OTx1BNREHcGyW4LA4HykDkkH5ehOQAOenXIE7rstLyXla+9lpr18tbMSSur6q6s1r1j2s+tr366dSIBe6ggF+T/AAgYHJ6Z6Eex9OAbECtjJGBgAksCADgrgjrnODlRwaXb1IPyvjAJxn1Oe2OmO4OOBxTFOGK9PmBJxkfyOARjC8ckc80pLs22rX79LWslqlv1173B8sXqk7q13G76aW9Xt1v1ehG4YMSGUBgWYcEnGQRjPIJOCRjOQ3IzmrjKnAIJALAnueRkA4HP58dMYq+VJzj6YH5j/eJ9PUkgVEVcGQryAec8Z4AI69STzyMYzkHOLUkuqWmmqXRdr2WrW+q1K5lo7W6X1T2SelndK+zb27orA7mbPBXAXnADAY7nC8+xAzgEnkIU3hSMfISxyCN2euDnBGW4BweMEL1pXUISCMZwOOcE8ZwPQ/LkYzk9jTg3ATcSSQu44xgdc8gg/TgA8k5JLcr3atrZP71+L387mTablfRN3WqV9u1nfvvppey1ZtZtxydwUAHOADjq3KqPcZAAwR1NROpAGMA5AJxnjHXr2JI9cZOCAatFQCec5PJHfA64Ocjkg4GOD1zUbxFssQASecADI9MYxg56gYxgDJUYHrZuzXz1u09ddb28nbTXpLVlG62Wt272sr7L3r6XemjvpcgGMquQcnBXILAjHPBOSOuR078A5cSSBknJYseMkgHp6/MBwcdwBSkZBAzjbu5IGeT2HG3PXA6DoM8qQ4ZmX5CwwAcHd2AGeg4PTv1ziiMb9FZO7W7adr2s7aNfgtdiZRWqSs73WjeitzK+t/JN3v11GFsY7ZywXkjBA+bOCoXIx8zE8DAzzTV6leSuAo4wCW5JGAT1z0xwARkZpoJAwGJAXJ6DCgsWxlTjOevQckg8U4ZOCNyNjOAMbWHygKeee5znrnrxVqysvytpa1m5Xslq7XaSaXmiPis7NXvvZ7WV7vW+u1u+4gHK4JI24AHfHXBPBIPHTkdsmgsTgHkhs4I5yqndjgZPUMR/eyecU4OGAySRgjB9W59BkBmH655yKaHAUKSS2SBkEDJJ55weD1IyD1OMYq7WSt1tu12imlrZ/K78tdJ3urvTTV97ar038r+iFwTn5ckYOeoGScHj0HXgH3pcDBycbRxgZyegA646578A0EEA42k5UE8jHfr055wO/YHHLskE8Bvu425OT64Izn1Cjpn0BJe9rLTZdNFe/pt8+qW4aRTbbWj1Stb4b67WfTW6WmlmNAPJ/vcBRyRg5JPHOccZPAJ5J6PVGJ3Ywc5PqQvbAxgYHbacdT3pNxQsOMgDb8uByMkhiOSRkHsF546U5pAAoGRkEKFO7CkfNyBkg45J7k4JGaUle3VX0++OjfqtrPS603UKalJ6t8yWju3sld2bbvpbRPfXbmU7iR1OQFBPBPcK2eCwGQAPpzhhSr1AOFO8hmY/KAAT+R+6dvOScY5Ut3YG1QScjGe6n0wOOAcd84yfvZkDcZ5+8OMAAAjOGB4yST0+YAADrxTVtUtVpZ727fetNPLdtgrt7yVkrSv3s116O7Ts77J6q7cA5ySMHI4J7ZA4BwSc9eF+lMPRm285GSRyBnhR3546EEY755lbJ+UE84IJA65OMEckknJGTjn0qLDFQQxJLJwc4A78jHQH8GA64zRF9la2ivq9HruummqXyTuhqKVtW2raNq62v1V2u99rabICgyCWP97GTwBjaMdu/PY8HHSq3l4zljgZyVOMqeij0JxyODjkdc1YL9zkDkNzjgD+HHJzk4JI5OAfRsrhs5A27FwSNp3cYLKDzjsMDPYZ+Wmm1eztpZ938L8rd/NLRPYysk20k9Elulolpbo2lq722sne4zldu7PAAycZAJzyAPwx1zu7chflILEKGJzlj93A5CjIxyPU8YHGaVWJIUdcAtxnnBxt7dCM9R3ypzuVRnGVAG5iQD3HHUdF6g47D240Sa3acrW6y1VuqTfWS1799St9l6276fd6XaSa66thQL0BX5sEDnGO/wCPHryD3yKQx9BwDkkcFiOw6HI6cHAJB5UlStSkEYAGeAAT68cAjgdc4PHHfsHGRhSCUyec5xnLM2CAQfvZOSORx91r3lb3rW/ls1JNWd0rJbO0tnpqrtqyaST62bW/S1rf/Ip6+RFyvO7C54PBwCOMdsDB75AI4z1QLkOVI3E8A4JAzndg8EHnrz1/CVuCOR90fTdz2Hfr0IHtjGVChckD5sAnJBxnOcf8B+Y5zkEY9Rne0Yq+ujbd5O6cb7tpK6utNL7Lqcuid9Y2v1utPze/a1nuQtHnaU6EZJ2/xDqwYcYxyOeOxzkUvl7Aduc7Bkk9TkknGSoJ5YY98EjrYA4zyMgAE56d8Kfmx7/j6U5svn5iU4BXG04GBxx2PU4wOcndwS7SSvt9+yV21vokv+HY4RXRtqy1Sdna172utlbV77FdkKgbSOCpwTggn1P4e3pnjNPAwCCFVyw+ZhuXjjp2HTjnnnjIw4oRkKAMrgnB5IGUJPPJ6HPsTnkU0qV/hJbGQw+YAnAz0655IGDxkj1hvTt+mzV/R2dt2+5Tp3eq0srWt15W9H6a9deobR8xAAIOQc56c59QCd3TJwMZphWTDDJ3bsK2AeoLHGT06Z3LjqR/DVkKCTnJYgKSCDjGM4A6+nOfbjGJNvKkD5zx8wwMA43DggYB78lgeeKOdN9Etr6La2tvP79wUEttU+W9vLlXR7W5uitr5FVFKjeQMbsEcMS3GTtOSe524wMgYx1VgxZiDuY8gjI4HY5HJGOc4IwxHapGC/u+2ckjHBIyPqO+c4A6EnHJtJBAYjGwg4IbjJOeAMHOM5GfckYrm1dn8Xna97Pb5/J7dyJW6N3291WW8bN3vr536XsncYEzhXIUEjOOSDjJU479QfbA7Yp6xgjOcHJPXBPXjGDjryeSCCcejgpU5wBkliOvXjnj5WYE9D0HOeKkIPJwAoIBBwAc8YOOR16AjPXoTSk+Vp6bKzW6tZ2s9Ha0X5Prd61CC072vd2+y0tLJ37W1tvtq4QBzg424685Jz6AdAec465PXlSrHcRngKqHJBOe4A7Dng4xxwe8q4zgAnJwx2YVQACO2BluBgA4B69S8qByQBkcnAySODkYDAk547EevynPnfVeluj2+f8Aw9y0lo79lZbpq3V39Pw33gC9wwAwD0wWIwcHJBPOD3B7jHFSpkFt5JJwu04A9ifQHkjggnvjFTIM4B6/KP72emc9ewxwTjt1OH92AQHBJ5zwOckZHAAGehPuMcP2ml1a+iXyUddEr33b012uO2llazSb0vd2W702tur676JNM2nCfMeCCQB6gcn0HXBHuOvNDhgzgcAK3Lcqdy4XJ6KBg4B+vsZVyMgc4BLAZ29AOuQOuCBwSepIOKbyAwUkZI3AHJyTkcDPc9PukY6nAqLtdVp0fXRJX37aed/IbXLqtrX0/PXW6UW29Fd23Ik3BRjI4wQCc+vTuDkkYx9OtTAEAFjjcVJUAkg4BOTnOccntycilwFOcgqpJ6YIYYzleBn26gYwAKmBySCOACWPUsSDx27Yw20HvUtu34+bd1bf59L3elr3NYR63lF9r8uzTfe90tP71iMLu5HIBJwc5YEDAyozn6HJye1PJBCkH5sE54wQeOSCCMY5I579OAnGMfMQDyF4LHIIwcZyCAOcDODz8uVQDc3XopO3p3z1BHpz0A6DqKhu2zd7Jq1tFp8SVk73tom0vkX7NJ3UrK3wvza18vzstG000m12MgBbnqWGM4Jz65yDj8DxUgV1PIHAGCo2j5eeSdw6Ejjjj2FCs2cgMC+d4zkDAwO2AMjqD1GMg8CVV+UHcNwXnLHDHnAHTlcZ4z14IqWmkr7bdNfW3e34X00KUX2vtvrvy9b9evVXduXUkUkjIJXgkEgdfQZz16k/UZzipgxJG4ZGMgnuW4JIGCO+D0J5z6sBwuCMkHAwPlIAySCRyADjjoPl4NKoyWIcjA+cDljzwAMYPIAAwcnGMECp5pWtFa7Jtrq159Xt5tt23NYx2trdarzdkvPXbtoiZQCM4AwMfKcdOd2OmT1z35xk0pKuSGO1cBT6kttwffHP5g9RkoQx+bJIYhuMZyBySSCMDqccY5A5qVFBIZgCehYZPXlTzhTjPJ7cg54rOXM1qnsr3S393a2t9Ve/cpR95K1m9VfbRfh02s9iSJQAfmGCCF2nGcE444zwMHjJzng4xaXkkFsbAuDhdhJGRn1x0BJOee/ArqcAEgAA4AGCD0GO/B785zjHXizGMnJBJydxJwCOo4APTOBnAHoc1zyum3zdkt7KzjdtJeXzu9Hex1U4vRONrJOS7q6V3016Nde1rqxEAGAZgCQytjvnjJABwATxtyD6YIq9DHwCSRgkcZznjrxnBK7e2MA5xVSKPgOUwcnBJA4zx+G0YUHIHzZzkGti2iLMispAYbgowcg4weQc+pH17VlLRLV3f3K1ur1tqraaq97anTCEXKN0r6el/cvtra7892rau9u2tTNtC7m3sAFHJ78DhsgAE9SRxmvKv2kPj1pH7Nng+zeztbfxF8YvGSyWnw58FfekWVgUfxHq0SEm30zTmKygyhVkZUXLMdtb3xi+NXhX9nTwOvivXbf+3PFWrs9j4C8D25VtT8Ta3JkQbYcmSPS7R8TXt0yCIRRuuc4Nfkbe6lrGoat4m+OPxu19L/xRrLltSvmLNb6Jp5Jaz8G+FLY52Qwrst3aBQ08q5OScj4/Os0blLCYao4xWuJrxb2Vk6cG9eZ9bbbdGfZZLlipqOKrwUpOzo05atytFc0kt+V7J31ba6GdpAg0Ww8WfE74ueIJdV1fU7+TXfFHiTUCWvtc1SYExaNpIY+Z9gtZGW3sbO3GxQFbaAMin4e8Iat8W9R8PeOviTatpfhewknuvA3gCZsQQ2kZMkWu63FwJLuYIrQxSA7AVBBxWt4F8Iar8W/FFr458e2H9n+E9Lhmk8DeBJVPkQQ2+Xj13XYGAV7t1xLFFMjmMlSU6GvcYhBqupwLYW7tHLZSWGnIAxWabeInkRAMLHzhNvAGQo4FfG1sXGpJU6cuSlTV7p32cUm9neWurS67br7Ghh5RXPUjeUpJL5zi2u9kr7abd9OLvI59dsLy7CyR6SLuGztbZMKblo3EatgY/dqMALgDtgYNe439z4M+Avw20rxd4ungN5fXs82i6FEFlvr+eTHlW1pbKGkZi5AkkCnbzzjdXIfE7XfDPwo0Kw8NR2q+IPiC+l/bNG8K2pBla7kYSG61FhkW1rEDkyTEAqNpJ4C8R8N/hP4x+K19pXjz4iXP9q6pBJNNawuHfSPDtlJkJZ6VbOWjedFGx5yu4n7rACvNr4qKpJp8sObmdRaN6pRgr7t73Wivprc9KhS5qlormnaMYrdR1u3LV9N9/R3svHNI8L/E/wDaT+Mfh/UfHME2n+FvK1a90Xwll/sVnp1ujMlzqiDEc0x+UrDID83OCBur680Gz8F/BXRdHt51EepavYaja6NotjB5mseItTV3T7LaW0S7xArbRI5URRKScAYx6rqHijwx8OfEPhTwt4Q0eLxX8T7vQ7+DT/DdoRt05J0IOreIrlSVtbZciRYpSGcABAAa8J0LQtG+GfjPUfiR8YPFUeoalplleT3uvan81joF3eM7DQPDNqTtSTI8mJYlFxKWGG5BPlUsR9afKnyUrRspN803eLeqs/e2vZ6LVanZOg8PZ83tKkrNzcnyxbUW0rtaK7vbayut2fmD/wAFQYdbuPhP8Gr7xS6WOtXnjO+aPQLR91vo2nxyForeaVeJLsqy+a38LHGARx+R0Vo75WJMAuxEYGHcEjdI7ZxjjPzEc8Ecc/qt/wAFMPFl/wCO/Bfwb8SXWhTeHNG1XxrrB8L6bets1LUtMEhVdYv7cgPbpcqfMiidVO0g85GPzYe3SONypWJFO+W4bAB6Axox4Cjttzg8ZHf978PqMf7JrOSso1pOV7WgnGL2bVktWm1fe99z+ZvFXEtZ9h4qXM50oqy3lblWvXezbvs9tzwLVt0V/qESqGkAcbRkheAGOCSOccE+nHU1/SB+ynag/s2fDMTqyJ/ZSOI1xySzEdtwBPH3sDAGTnj+bPxLq9u2r6vZ6Uvn3Bj2eYv3QSwDgf32PA6Ekkjviv37+Cvx28O/Dz9nn4TeHtQ0nUb/AMTXOhxRnTliMUcTAMwlllcAbWALA8EjnLVwZjj8LRxcpOrG3NVjzJN6qcdFpraL1Wq82tD0uHsuxc8Crwac40pqLsrJxTTtJq1r6bfkdD+2Pp7aT+zZ4ouppGSW+8RaHbiMdTEtyxCYXaCWB6jrzng1+JloZ7zWjGkbGBIgrJt9AMkt25OeeT1OBxX6NfFr4w/ED40+CdXg17RLfSvA0fi+1stBsIxs+3XNjIonuLiZuJlQEldjEA9SSePnW50jRrPVw1nbRhI7RTcbFDK0m0dT0G0jAUk8gcdx+ZZxi4YrMK1WKThpCN/dTWl3r2eu3bo0l+u5PhJYfAUYO0Wm7qNmvecV7z2fS+ne3c9G+LVhFon7DnimNlMRuIUmKfxObo7Fyefm3fMfXjoDX4TrNb2mlxGV0CeTGQCwHz7ACD6kYBH3c859K/dj9qyaS2/Ys1S5jBSKe50m1QZwSTcYKkcDjgjI9Bnnn8DfDeiah488X6B4Oscq2oXtvFcSKC6WlpE4N3dygDiKGFSZGOAFwcjaK8rDZlHArG1HBPnlypPo4xWr6NK+i9FqelmGWvHzwVLnsqcFe6d9ZRv07tvdO172Pqv4YJN8LPg34j+I4QReMvinJP4R8GBkaO6sNCUY1TVoCPnEd7G0loJFwDtI3EcD6N/Zl0LTvg58N/GX7RviuEeXotnNpHgS3ulydS8S3MbRrdxBx+8e2chmYEklcknIrxi50q5+L3xQ8M+AvCcJOh6PPZeCfC9tAp8qG2tmSHV9QQDKBZpxNcGQ4+Vs7jtr0H9uHx7penX3hT9n3wdPGPCfwp02GHVmtuY9R8SyRIt5NJtO2WSNt6MzZIbOMFefy7O61TMscsIpPmxkva1+ns8JDlulbVe00pq1m+aTW1j9IySjRyvBSxbivZ4WnGjhouKtUxU1rPtLk1k7X2S1sfE3iLxHqvinXdU8R6xdyXWra5fXWo6jcSOzM8lzM0mCzEkCMNsVBwqgAYxWELi3tw11OAIIg5UHlppVBC44Gdp6jk4H8XWkMEkuzbJzIAx28CNepHUc4HJ47gZxXOa3fJM4tQCqw/ubdE3ZdmO15CAMHdztPpn1zXo0qNOEYQj7qikrJbJ2SXa9rLd2tbVI8qrUnUk5Ts5Sbm29OZycXa+iba2ut2l0N3wX4R1r4n+L9N0PTYpLq81e/hhDAEraWhkVZriQ/dVIYy5YtiPC7gSSTX0t+0B4q0fRLDRvgN4EuY28MeCik2u3VuwH9u+JHQLc+YU5nELBkUOWA4wOuNrwAsX7PvwhufHF9bLH8QPH1rLpvhe0kA+0abpkysr320gPFvVmZXGCWK8njHzt4I0a41zxCLm7Y3E0t419ezS5kV33mSRpWOTl24Bzzzg8jDoQeJrqSu6VJ8tPT+JNW55ro4xfuR3bldpbInFTjgMNyya9vWi5ztpKFPRxjo27yTTdrdN9We4/Cf4c60tsPE91YmGSBYjZpdDyUVCARKS/3gO2CFOQSO1fdth40uzoVnpM2jQAlIo7i5ieIeZDGArvyN5JwNu4fxMcY24+abPUdX8VyQ2SSpbWNv5dlHb2rMPNERCJ8qHBDAc9sDOQa9mtfhzqMVhDNPqhRVjBWFXcTFMg7GBOdwAXcB06YBwK/QsswNGnh0pQSnOKbnFpSd7WW6a0v3u0fi2fZnWxOMk/a+7Cy9naTio8yd+yfLZP0VlsfuB/wSKnguviD8c2skZbdPDekRgOAGJWEMVzj5gCMkn5Tjrmv1SXVNO0W08U3uq3sGm6bYNfXWo6ncOsVtYWMYMk0ssjkKD8n7tSQS3AIZhj8lf+CQ9qNH1T48Xj3MccNpoumGW/uH8u3ihS2aWWWaVyBHHDGpaQlui8KD1+bf2/f27f+E/1C5+CfwYubq+8Nx6wdN1m+0fzJL74geJmn8iPS9PSDMkumxXBCkL8srEEgivjMdehi8XCMZe0dVqMX0TUUpN9ktfK9762P1zIIKvleCnK0Yewpt8trS0XuxXVt6O1rO+yOK/bl/bV1r4veIbX4TfChL7UvDk2rx6X4Z8PaWkrah40155hbrqN7FCS72Yl5gjdTH5ZLZIOD9XfBb9ijSv2XPhZpHjT4nxxax+0X8VPEXh+31J5YVuv+Ff6PeOl6ul6aSGWC/aJVWd1AZWzjgmveP8AgnZ/wTub9nXw3B+0z8etEttc/aB8U6e134B8GX8K3Nt4A025gMtrcXEMgKR6oyOkhO0Nb4IbDMBXufxEGpazrvhLxD4+8SafZ6P4d1bVfHvjK4mkRbSxtNNWUWMM87kID5bv5Kk4JyAScGvCqVqNBS9o23K/PWn70btK+qeijqo7JJ6HvwhVxNSCpR5owklCnH+6o9Iqzs7OV3d3a2ZL401LSzLrmrarriaXoun2UL61rmpzCC30/TrK3TzN0j7EMzqjBUU5diBjtX4GftR/tb+NP2p/Ftv+zv8As7Wuo2vwxt9SNre3Fj5sd943uFkEU99qUyBXj0lCGeNGcIy9Sd3GN+2X+1541/au8dt8G/gdBfQ/Dn+13swun+bHP4uuEuDE+oXzxYYaamNwV22snXIxX0n8PvCfwf8A+Ce/wYl+JXxEurO78f6lYsyQExHUb+8ki3Q6VpcbHzEgichZplGMAjOWFfDZ1nEnUVKlH2mIqPkwmGipNybUUqlRLs9YptJL1TP0nI8ojKl7SvL2WHowU8ZipNKMUknKlTbbXM78snG6Ssl2dOb4f/Aj9hb4B6d4n+J39m6l8QrnVrTVLYlYn1O8uIFMi6PokLbjDbxSMEu7raR3BBOR+BX7Uf7TXjP9pP4i6n4t8S3syacsrQ+H9ASZ20/RtPQbIUSLd5bXBjVTJJjcWySRVT9qP9pnx1+0p4/1Dxn4qvJ47FJJIvDvh9JGFjommiRvJihiOI1mKgGWQBSSRzwGHzNEwdGc4DMOOcFm5wScnBYHjg5I9c17GQ5HPCRji8dP2+OqRcpOd5Ro8zUnCF72s9G9tLLRu/zPEfEMcZOWCy6Cw+X02ork92VZU1ypydtU3d2d91fV3VtmMaI5JZ3I54zyOCc4JAJxwxwPTFT2djNfT7EUgAkyytnbGmDlgTxjOPvYC+pyRS6fZTahIkYbaif62Q/cReeAT1OABjOSR15rq1idwmn6bC7NK8dunlKXluJZGCFEUBnd3OFVSvJwcDmvsKaasktPmlZKC1V93yuy6WelmfFvVJqTWkdHq27xVkndXe2n6WK2lWEsslza6bC8h3JFJcIpeSQsxUImAWLyEgKBnOVGORn9vP2Mv+Ccnh+y8IwftLftZXb+Bvg9o8SX+keH71ltvEHji5jAmhtLW2l2z+TcMAjkRksGOGABr3T9ij9i34L/ALOfwn0j9qX9sqAWcMkX9r+AvhpqCIupeJbwL51jNNZv+9l86XaVDKUjVsuAME/N/wC0/wDtX/Fv9sH4j2Hhjwvpl2umy3a6P8Ovhn4fjdrPR7LzPs9qzWtuoja5EIRpZmj2pwR8vXlnVniKvsML8K/i17NpNtXjTb3lr70to9H1PVoYaGGpfWMXG9SWtGgrXvo+aaez1W+y2Vzov2t/24vE/wAX5tF+Dfwc0KXw18OdMkj0XwP8NvC6SRfa0VvIt7vU4bIK11eXAAZlcE7id2c8e1/CH/gnNpvw++C3jb44ftF2Q1z4jXPhyW88OeDLpzLYeEBdqptb28XJD6mhdSkR4jYZZSRmvtf9h7/gn34d/Zu063+IvxRt7LxV8b9XtVu0juUS8sfA8VxGJBbwmQSK+qLuAlkAzGwKqUINfSX7VNz9n+AHxNmaRmeWzsYpJXPL/aLpEIyeoO44544A4HHp4fBwVJzStFJO7veb0um9Hq7Wd7v8DzcTjJVKkU5Rb6JfDBaNJW0u0tZPVvS6R9b+GomtvhX8MrIECOPwJ4Y8pVG1Qp0m1fCIpCIDweAo7keqrCZFU4fKDeSQSW7gcYAxjOcDkkAZ4GlpGE+HXw2jyp3eA/C4HY7Roln37cj+9jgZpqKAkRXcAy8beQB1OcAnBI6k8n3NfQ4WKjThrZuMdFsrNNKzbTtvt2etj53EuU6k9W72trvt3snvqvJlNbYhiqfKM7mYrn5QvCg8kgMSM9QeeRis7xFAsegeIJeBs8M+JG5UZGNKuD14HbjaFzjpnr0sUbLllLNknnIyQR949cY9+D/tGsHxkrp4T8UMrZZfCniXA4IH/EquMHOTj5c9c9SMdq3xD/c1VzP4ZavpdxfZu1t1qm3qRhYzjiaMrN/vYXSv1lF9rdmeG/so2xi/Zi+Hy4KtLqniu4wQQWV9WmYDrnJGCp4I/l7WqBSr7WIYKqgHJZsAgkEE4GQeTznHOa8x/ZugW2/Zv+GaYIWO31q5lPRQZL+Ry7N8qqo5Zi2Aqggj1+JP2uf+ChPhX4OW2reDvhdeWHiXx/Hbvb33iAyB9A8LsQUOJM7LzUYzwiRE7HwXTgqPHpYuGHw0XKSlJJOEVvJvldra6XfbTtY9ytg6mJxc+T3Iqb5p30Si+91qlskrtKyV7I+hv2lv2qfhx+zXoUl14mvrfV/Gl5byNongmymVr+abaTDcamEZjZ2ivhn8wLuTIDdcfzz+IfF37Sv/AAUL+MKaB4Ss7/xBeNcGEND5sXg7wRpjsQA0vFqsltEwLMSZZHGASRgev/s4/sV/tBft9+N7j4geOdU1vwz8NLrUzda94+18TLqviSMy75bHw5bzEEW0iFo45IlECoQoIODX9M/wa/Z6+EP7NHgSDwd8NfD+meHtH0+3V9T1eSOIanqk0cY8+/1a/I813nZWcx+YUBOBgcjinVq4ifPWb15bRV+WCajfRO1t1/No2dUI06EXTpJ3slKVrSm/dve1ml5db3fn+S/wW/Yd8Jfse/GT9mqS1un8SfEXxJ/bN54z8UXkIlheeIFDbaWkisIIbcsUEh+YHJDHNfsVLCZ7mQoSiuxWSUsDgtncxbk/Nhgpyee46D5s+JGqaf4l/aD/AGebrSxNc2Qs/E/l3Cg+QyQTqrTW4PSME5LE46cnOK9X+I3xQ8EfDDw9qvifxtrtnoXh3TY2mknuXWOa9ki3EW9km4NLK7KUCoudwGcgYrneZ0MFDE1q8uSCmo04Jtyk+WLSSTu+bZJWX3XXqU8tqY76rSoQc5Sheb5bRj7z1b7aNXsrWfkdvv0zSlubu9uIbSxs4TLd3d5IsVrBHGCXla4chAAAQxHQd842/jF+25/wVQsPC8mo/DL4BSxaprJZ9MuPE9qvn21nPIWiKaRCgZru8LcLMu5A5zwSK+O/2of29/ix+1t4vf4OfAPTNUs/BomNuILAyxPexbijX+vXsJxBZgZcQF1LD5WySc++/sqfsDaH4G+y+OviALbxV4zjj+2zX2pxr/YOgnh5WhSfdHI0JDFppOMqGBHWvhM6z/nkquIcknZ4bAxd6k9VyzqpXSW2jaSu97WPs8n4dt+6wsY72xOPml7Kmla8abduZrrJJq7V33+KfhN+yF8Vvj/4ksPGvxkvNcSDxBd/aTpVy8k3iPWo7g+ZJcymQs9pAq5/dAAKpGAOg6bU/wBn/wAE/Dfxd4j0nw14XtkOn6xPYW/24Rz3NvBFtUu5YMAWbJZhjIBwQc5+lf2i/wDgpN8PP2cvHEHh/wCEkOifEPxNa2eoWPiHxC8sZ0jRLxoHhigs2RtszQFvmNuwAYAADt+A/j39tL44+KL/AFaV9dj06TUdRvby4ubKPMspuZpJCqSSBmCBWCpluwYcGurhWrmVStWxWYt0aNSlH6tRS+H3462/maaXNJXs9LI87ixZVQoUMHl0lXrwqXxNdu7m0otpNJ82rbUUnHb5/rZqw8MeEYGu9d1vStMiXa7QTXENvs2qS7RIxG4gDI9TxjFfPvjH9sD4Q+EAYtHnfxBcRszGG2G2IuoIX97twckfdy3B5OCMfjv4k8f+K/FMkk+va/qOqSuxJ+03MpU5GCBEG27eucYHTpgY4lrl5CwwEXIJ+Y4IzkllJznAOc9c5HOK+0lX2ceaza1dnfWN73XNdXtdWerdu3wigvtXSl8usXb/AIazv01P0B8d/t3eOta82PwrYWnh+I74kuAnmXLRnOGGRtXAPUEZPtyfkbxT8W/HXjCV5Nb8S6peNIWMga6lSDaQTsVI2VR1AweoOPr5UbtcjMhzt+7uOD0PRCCQDjI56e1VDeZYhc7iSQRx19VAyTn0yMjOecDF1ak3y3k7bJK1/h1TS6b2vvotnarqKs2vNvfSzTu9tXfdP5WNqWd34kcsZCSxz0wx25Y5JOcnJOec9Rmsq6nAxhxlflwWJBBYfeO7kYzk4HGSCBU0NpqV380UMihsY3gqvXO4gYG3GQfm4x7EVuReCNbmtZLxLKeSGIL50ixSGAbmwMykBBknAJHzY446dEMDiqyvTpVJfabSfbW9k72ut+1rPQ46mOw1FpVK0INtWTklzaK9m3q09LdbWOYNyFQrkkEqzYPQHBxlh3wMkDjOeCMUkb3EgAt45H3HkBCQcEA/eGAQCec4IwMHIFfTXhT9mbxnq1raahc2EdraXsInjkvJFXMTAEMqDBIIOc+nbNfRXhf9mzw5pCLJr2of2jIAM29lF5cZyMBHYlj8h7jGQOeMivssp8P87zNQqKhOlSnFNyqtxiotR25knLT7t9D4TPPFHhrJJVKVTGQrV4JxdKl+8lzK3u2i7XXm0r6aNI/PS38P6pfERrbP+8wVRUZ32kcEKAWGeM5HAB9jXp/hv4HeLtcaNYtGvAjbd0l3G1vBgjoS+CQe5wOPwJ/SjRvBvhHQwo0jQbG2kj2gTTRrPK44yymQMQyn5m9DkA8ADbMhAkXO1OB5SKFUoG2ghQFAHT+HAJx0FfpWVeEuFo8k8fXU3pzQhFaWavrJdk9ku6b0Z+SZt47YiopwyvAcivZVa0pLmTcUnyQV27WteSeuvVnyZ4W/ZZWIrPr+p2to0SqzW9rGJZipHQMAV3d+cjkMOwPu2g/B34caIwMely6pMCuJtQIIVv4tqLkbdwBbouOABk49At3YAqilfmzuyMkcepz1x0zgZ5A6TGRg3BCfeDuSGUEnBwOWYg9MZwwzjJyfvcDwlkuWqCpYWnKUd5VIqTaVtdVy2VnayT3Ta6flmceIPE2dStUzCrRg217LDc0bN8u/L73zv0atqi5ZJBpcZt7KztbSFVBjW1iijOxSABuAG7nGedwG7ABNJNcMDuO6d3GSxJ+XOcBiWK9cc9mBXA24NETwx7ppptiRnlnZY0CkYLHcQNhwSy9+evIPNat8RfBmhebHf+ILANt3+Xbss0rKBnytq7myTgHGWzx3r1cRjMqy+lJzrYahGKu43gnpy6JXurabJvTo7nz+CyniHPcQlQw2MxU5O3PKNSel0leTainbV3k3fotTzr44s8XhzSFmizI/iCyZCwBwrMuxd/C5xjsM5Jx1I98s5w+j6a4mVHXTrVCm4FgxjUEbcbsAbiMkA4OMEYX42+KfxY8OeJ9NtdN02C6la01CLUPPlbaj+SVKoN2MAheQT0OB/Fjl7n4vfETxCEs9DtXgQJFFGlhBJNIAiBFO/kEnknkYzxmvzz/XXL8Lm2NqUIVsV7Wlh6dKNCm5Nyhu7W0V2lfXpulr+yLwyzbG8N5ThMbXoZfPDYjFVa0q1VLlhWdO3wtu7Ub79r62v9x3+q2FjFuuri2gjTIme5kRGxjJC5IAB69NuPlJB5rynXfjT4J0AyxLqKXjn/llYqZCdhxtZwcc5A6EjoMAED5ytPhh8YvGsrTX8d/BG65L6lcvCmCcbvKJViBzwAc9yM16Fo37LIASfxF4jjIO0vbWCHeGzlo3djtznPPzZ553Zrd8QcWZn7mWZS6FOWsauJ912fLdtS5VbVdHrZdDjo8G8CZK+fOc+WLqxtz0cLJNNpJ2fK5yaT01cUkt1qYPiD9pi6mzFoelpb7ARFNcfPIcc5WMc5YH+7yCf7pxwL+Kvix4/PlWKa3cpIflWzgkgtkBPHzqqAc5Jy3ueAa+wdD+D3w28PiN49HhvbuJgDcXxEj7l5JKOdvX2OerZAr0SK5tNPhWOxs7e1ABEKWkCRKQCOMqoyRzkDjPXkZDhwrxDmslPOM2qQjK16GHukk+VNXcobLyattoa1eOODcihyZBkNGtUTtGtioxk7KzTs1Ob0WuqS6+XxRo37OHj3xFtudfvLfR0b52kuJmuZwmRkMpckPnPOA2OAOuPY9C/Zk8EaWIZtZvr7W5w4DjcYrViMEgKMnaeejHHQ/NkV7eL64fYAzB5AQDgMBk4y3Qe+O3U7uoQzTAeXJIWVGB+YkLk9TnPTqDnoAMdVJ93BcCZPg+WVShLFVI2bniJyqa6X0b5NXrazt30sfLZl4p8Q47mhQrQwNHZRw0IU0ou1vf1mle2z1v0uY1p4V8HeGCsOi6Fptu33PMFukrqUAIYySBiCM9QfwxzU+sSvcaJrgUZVdIu2AHyoMRFcKoIxkZ5xkYwcirM45xtXaQxHyknOR1O3pngjpnI45Apakrtoutk5BGjXxKqDkAREYYcYPQHsDk8EGvocThcLhsBiI0MPSpKOGq6Qgo2tB6pJLtrdLddVd/MZfmuYY/N8A8Xiq9fmxlB81SrObb9pC9lLWySte+l9L208I/ZoQnQPFbABcaswK43E4mcY6c5PI6HPGcZr6AntSJDK5IyCwUAjaF7EZ4YHHY4BzkHmvCP2YFU6H4nYgsx1o88HGZmOecA45IHIOOnevoi7lDzttyoBPXAJJGCBxgdB0zyfXFfO8GrmyjDuWtoz9LuTWzet7tdbq7PrvEVWz7FTb0caW7s7+zpvXzezs97WtsMghRHXIIEpUMowzAE4/MAg579OTWi9pGo+UK20lgGyGB+8MjIAJyew5xwOBVS3CB5ZNwDRKrYIPyj+6M4B5zyexzjvVySZJBJtOwFSSrFdzk9Bn36ngHuelfWygr6Xurt3snurWunFtaW6XV732+D9pF00pJJv4W2r29x6X3a2vZ+T3usMK4AyPMblhncTyScDJxtxwVGD78irs5KMQSXXYFXB2gsFGckAfd45Ofug4BqpbybCWBXao+XcFJ/wB0fMAcds9T0HIpJpWeTCkbQFwE2gg9G6rnAPbjC46cYwlSbkru95K7V762SSW2uuu19tkjaNSMYOz1krN7OzastL7pW2180hX3hHGdqhMMB0ORyw6/MTgEEEA54xils3dn3qpUKo3H+MKOpIUZO7aSTjnJ6EljA3zlmyQgGABlg3Tc2QDlexz90cHBq5YJk4QsGYHeCQcJg8Y7Ag9zkcYHUh8yhbrpZLmXTl11VtNLa9NuyUvaOCU3rrHXa3Lpq7aJ3tttuZkxA1GWQMACEPzEEkZBPByfmPVhjGeuOK+c/jBKJfif4CB3YV4hyDgZmjI+pI6Y5xj2FfRc8Rjv3ZXDD5SowSxBPKHqFORzj1yDjr85/GA/8XO8AuSisZYsKOACs8Y2k8DoRnPTgZXGB8/xLU/2WhFPT63gm7aae2g9rbO66dHfsfU8GxazHGNp65fjWnZXdqDvt/Vu+59UxpudgcDaEZiRgsu0dNv14J6Djr1uFFDLxhiwbGORgE88g5zgqeeDgHqRQU7WIUkE7A4PPAQbjx/DzxyB0AHcXw8Zk3A4AUHO7sBjBB6c5OMZxjqa/UMLUXsKXS0IbO+qUbNv1d7XS6qx+A5hCTxeIte6qzd1/jWj921+vXZq2g+LOWGSGAJP+1g5II44bgZyDz9KrOCZC5baCP7p5wOf0wMck9fWnxXMZRi2Wb5uWJCnLEKCQCc4+YDPPU4G2iSaMkB252gYGM45wWzxjrkHJJHHU46lOL112331aXl2Sev3HAoSVSWmvKk3potLdHe6StfRXb6lqPmNyAMHk5AB2kE8DqAeSOmOOOhoSaTaodQF3/MxwWAwQpGSB75PBPU85qJ5gVdt/AABZeWPUZ/3SODjvkZ60FXlUTbk2owUBmwXI4yFGfl5K5OMkY965604RTlKUYrS97KS1Xk13vpbr1NsLSqVJSjSjOd3d8ibs9OySej7dVoio7BXc5Zk3Fd7cEMxBOB2x/tHGT05FRuyKj4YOuRtH8RP4Z79upPHBBNZt7K32h2YSALtkYSYjTGCD8zEAYAyCRyDnOORzN9438L6IhbVNc063VCxEcUqTTKwAYgqu47sArwM4PA6Y8TE53l2Fi3XxVKny6vmnDW1r7NtNPbR9mrPX6rLeFc7zOajhMvxNZz5dqU7LWK1bStbX3r/APB7A7olRid8ZwcIQQzEjAGehGByOOoHBr5R1SYyftCyMFCumkKoZ84KlRjg4JJwo4IxtyMDFdnrf7QXhCxScaVbT6lICnlzTHyoWYA4wjEHBx91eTg++PmHUfHeu6741ufE2iac6a1fW/2dILaGSV4Ic7cxptBOAud2OmccE5/K+LuLMtxk8BTwU54mVDHUq0vZQlLmUL+7HXWV2tbfLZH9DeHXh5nmV0M2qZmqWAhjcsrYaLq1YpwdT2b55pN8kYKL5rvS7TWt39svcQwjzbmWGMbWBad1iVXHDEMSN3fnp17jniNY+JPhDRXJl1WCaVQVaK2UzHdkj5djEDnjrnnkAV4FB8PPi94xZZtRlubO3cglry5MQCk4LCFCGxnIA5HbB4x3uj/s1W6uJPEfiN5iSGNvYJgjOBjexJbnI69fTrTo5pxVmEV/ZmUSoU5WSq4v93fSPvJS5em1k/LdoVXhrgTJpc2ccRxxlanrPD4Fqd2krxco870X97a97dM/V/2gbZC8Wj6WH+8iz3brkuRjcEHzYGc456qO9cGfiD8TfFrNb6VDqLpISqpp9q6IMj5SZipIUA/wsMrk5BzX1Donwk+H2iCMw6OmoXAYYlvsSSEgkbtpJUnK5YbcDHfIJ9Dt4raySNLC0tLNV4C28McZ2judigsvAyDkj0611x4W4gzHl/tbOPYwa1o4ZS1u1o2+VdYpPVfN3OWXHXB2UJxyPIFiKkGlDEY1ptu695r35vdveOl7efxrpXwU+JXiaTztbvBpschyZL65M8qqeSTDu28A9MdOMZ6eoaN+zV4ctRnXtbvdTkDAmO0zFDvz91hjODgdlyOgzXv7TMFZm+ZsghiSBjtkAHhj149R1wKcshyMyEbiGJVgB/u5xgkcZPcepPPr4HgbJsO1OrCpjaiSbniKjnfbaK5Y2eu6atZHz+Y+KXEeLbhhJUcvotOKp4WnGLivdSTnLmnayS0s7rocpo3w28A6M6jTvDtmZEIC3F2pmclcZbD7gxJznjGRj1x31oIY8Jaww2yplAtvCsKnkdNgA4HQYIPc8kVQWfY5eFSDu+XBB57uAeozye3sB1tozurY3E5APOFwcbsA9Bwcn+E9x3+nwuBwWHShRw1GiopK0IQjqkrXe7T6XZ8PmGe5njHzYrMcTXk2rxnUnJJ6J6N2s1slZP7kWZpSFKjlijqzOSRwT83JIHOAvbuDgcfOPxDVW+K3w+VvmzDIQcdCGy2R7kgAgDqSRwa+gZcsqxgODgjce68HnOeOBhu+BnOa+evHbqnxW8AqDnbbTE5PIOcYJwc9gOSD8uOeF8viTljhMM+qx2DSSW79tTflZOz762vY97gatOpmOP5pczjlWYPV3tbDyv3t3d7u1n6e7GJWLsZNrCQ4HcKW2jAyck4xyOmQCAOJWRdqnIIBymMfKQent0JGAMDHOVAqZFWRg2di5YgllA4/vHGeev8AF2GSKWQRQusrSoFzxEvzuSAORhsjJ5HGQevSvVeIhCnzTqRhFLVykopWt1bSs9r67au23yUMNiMRV9nQo1KsnUvGEINyl7ySSS1d9Xu/vKwj3MxbkkkrksgHPzDaQCWwMZODgjtimMmSzL1iB+7yXJHOAPcjO0HHCgZrbNheSqziyuRGy+ZHc3IFrbEYONsshVFGSOuDwONpGOW1jxb4P8NArrvjDw7pjeWW8m1uF1K5wowU22rkI4OQFIHfA7j5/H8XZDl8b4jMcO5q65aVT2kr3s0lC6Sa0b0e1j6zKvDvizNpReHyvEU6batVrJ04xT5dU52+y+i89XtpCAuNrIzttwNwAXI5JxjlR3DD6Dk1IsWVV3dI2Qn5AdzkfNjao4O44wOeDnHBNeG6r+0h8P7OPbo+na94nukZkQnFtZycEbhHtEuGOQBnrj1Jbh3+Lnxj8Tq1t4N8HR6JDcPhJ1tGnnUMTtxLOsijHBZuCcE8Dmvhcw8VsvgpQy/CVsRJL3ak3yQ2XK+VXeuidz9RyfwMzGbhPNsfCgmlzU6MXObTcX8Tslq+zW3R3Pr1HSCBC0LRxFMSTXbC3hJOTuJlOAo9sY4I9+N1n4n+BvDIZdX8VaVFIF5g09/t04UZDIwiLbWzgDA65zknNfOcXwZ+PHj+df8AhJfEF/apK5YrLPJDEFPJRY4WRSoAICqPoAcA+r+FP2LtE82O48SaxNezAruQfKkmBlvmf5ifcscdAa+MxfiVn2KXLR9nhoNbxjqr8rTu7yfa/XT1P0zK/CHhrBKEqtOpi5pb1paSenRJKz0330v58frX7UHhWCQxeHtB1PW5txCTXLmGKRgcKpiChnUnpyBg85yBXIJ8SPjf4zFyuh6Gvh7TN/mNdW9o6tCvOxhNNuywHpgEY6g8fcPh79n/AOHvhqSM23h+2uJS+IZrgK+CvG8b8jGcfiT24r0LXtJ0PRvDF6IdPjjaCM7hEEjiGeBgKApbO0DhunHXFfJ4zO82xzlPF4yrNWu4ubafw391tLZWtpq7p7H3eB4cyjLYKOGwOHpOKfvRpwb9b8qu9LaLVavon4N4o8L2eoyb54hHcQgGK7gLQXSMvIeKePa6kMM8Nt5OfQeH/FXxD430vwdeeH7/AFdtZ8PSzW/lm+QG9syjEoFmJ8xlOACXJPQcZwfre/s1njDxmN2XAZSQrFcg4YN8wOc9CME8YXFfPHxy0u2/4QnVpgwDwSW77WYAr83VWG0HGO+SQeVznH7BnOEjHCYutTk6dR0Jym6bcVNcsbqSbV01o01dW+Z/OHDWZurmeBw+IhCtBYin7NVYqTpyvG0qcpK8JR6cslzJ2Z8y+C5St7OzkSF7WAr2IG9Dg98diMencV+remTL/Z2ns8JjZtPsnjc8JIvkxgHIAB6HONpAx82Tkfk94FiNxcwbWO2UbARk5TMajv6sR0/PpX3RbeJPGfgdre2vbeTxV4aNtbskPEepafEUQkWr4/eJGDkZ5HTNebwPjY4HEYirONSUJ0aUZuEXLltK6bV+a12rtXd7M9bxTyqpmmX4ClRlRjVp16k6car5HUvCKcITlaKns0pSimrJO56p4+lL+E9bBV2IsLjD/wAOCjZcY5PoCSB756fkzaRldW8QZIBBLDqTgOWHQdM9MjOP9o8/pvqvjrwt4q8H62NH1IfbV0+YzaReDyL6AqhyvlMFaQepUEfXpX5p2ODq2vEjHySYyD1ycZ6nA5zyCcAEk5rk8RMVDGY3LZ0akasGpxUotabWXeLTsmn6tIfhBga+XYHN6OKpVKVSNSk3CacLWjdOKaV01ezTaas0+p+k37P6Ovwy0ORS4fzpdrJu53buvIJ6YORzjnjBHsd7q0qQTwXO4x4+ZyMlTnGMdW4xuGBkA8Y+955+zhCZfhfoq5Uf6TIoYDOAc+hGOuM5HGcbec+teK9MjhsTLtWPJKsQMh04XJ7hhycnHbpmv1jI7rh/LuSbjKODpXts3yRfbdK/V2s32PxXimUVxZnEqlJypvH1XJ6pRTmtXolu0m7rRK/W/wCXP7Q0sL/GGyaBy4+x2uSB8oLOD1bjAGScksOT6Z+wP2bfDOmeJfC3jKy1ONiRe28ltPF8skEuE+cc5IK4zjk8DOSa+PPj5bCD4tWiLkj7Bbup9AX68gZ2kjqCVJ7c19x/srhYNH8UYk3Fry0AUnuIwTk5HOTyuMZwM1+V5TCFXjavCslJPG4iMr63SpvZ6bWVmrWs9z92z+pKl4cYarh24ShluDlCz2vUpvRa/lqnba6NPxT8JdY0tZJ9MkOrW7qcRnKzKpGG3r0kGMgjB4HHTj87vjRog0fxDp5SwTT535ukjjEQklWUZZo8AgnoWX1IB6mv3ChtxcO8hjyQpYBm6/LgFQCQRuBBwMnrjHX8uP21LNrbxloRWKFWl09pAY1CFv3qkF8Z+YHPzcn8Bivp+O8kw+HyupiqTs41KaUZXbi3KK0bu1v923Q+I8MOI8Xis5hgsQud1KNX302nKMIprmS91vs7X621Rxvwz1SDw9rFrqN7HObZtOAmlhQuYBJuwxwucDPPHUfl9D3GpWOqxR3djPHeQzKMTwlGdU5GJUGSMEccHtye3jnwp09tVvYLOGJZZp9GztZQVYo3IIYsGGC3Pbpzgiuq1fwvNpV6ZrQXPh/UYif3sWWsLg5yFmhY+WobO3KqMKTk5wa+WyOeIoZd7VUnUoOpJS392SUL6tOL0dmtPLsfoWfrC4jNFRnXVLFKjTkk5RSlF2s5J2ku11deWx538cUEXhW1VTvjGoAA8Ehjx0HY89s+vSsv4KzKfF/g0OFQl7hdzAN8pB4IOQVPAIK88ZFY/wAX9V1uTRrey1fTVjZb1HXUrSTfZXCgcZQA+WxGGIbBB7E4FW/g3OkfirwU8sbEGe5BOOep44UcfdyQRwRkjnHk4ipTq53GcLQT9grNXs+aN7312Vm1956uGw86WSOEnGTj9Yd4vmi48id102u9PI+yvF/w507UZxrWhXVx4a19DlL7TC0G51OUeWNNqOrHaWQg4JIJHU+RfEv4r+OrTwLrPgP4gaauom8txHpfi+GNwWSN1KR3SKAA0m0HtuDFs45r6zIE9stwSGj3FRnAIXHGenygHABGc7uteLfGvTIp/hv4muUijk+xaeZozKoJjIlU+ZHv5DZI5A4OcYr7DH4WVPB16lGpKi3h5SnGLfJUXJdtw72vrFXTvrbf4jL8ZSrZhg6OKowrqOIpqlKS/eQmpR5ZRqJJpKy0u43jtc+SPhQFa80K4ZTiXxDanK7S7Kki9AFBOMnj+eK/bjQb+38x4LiQLA1uhhLmP/WGJPlO7BHO0c4GAcY61+HnwzupIoNBaPbDMur2p3Y3bXaVBG+zkbQSMgZ4Hfiv0ts/iTfaHdNpnjyyEdmskYtPFGnIzwMrouwXkIBaNlXG58KmOckkA7cCZisD7ZyTSqxocza9xOz+Jq/LdeVtutjn8Ssonm0MLGhyudKVeUIN2lPSmpKKb1bSb5b822jd0ei/G+2C/DfxhJFNuT+x7nCDG3Hy4xjIy24AjGOT97BA/LD4Nnb4ytc53FGIHIwdrHOegOMHnOe/Tn9Mvipqtpqnwd8Xajp2oQalaPosxW5tZFkSTdswGCn5XA5IYjGQwJGa/MX4NeY/jC0dTy0E4+6SAFRyDgEEnqDx0HIBXFY8f4qGLx+AlTacPYLbaznDS+uvlfVabnV4U5fVwGVZnTqxlGaxaspq0lajBapq66btPfseUa34gvdN8deJ7iA71GtXXnROCUkQSDcCDtGGGOuTznHarOry/wBoWl3ewxIn2ho5URTkIGAHHOOu7GO/oMmofiN4evdF8U6rPPD5lrql7c3VnPH9x9zEtC5yMSxlRuG7IyDwfmEFuY10K3GCp2yBgM/6xQCu4dAF5GTySfwr8/qKbjGDWzk0m7NXVrq7101/H1/VKU6Up80Wkrxi5J21tBNNWcW1tZ66Wt36f4ZI8nijw/GIgQ98H5AySu0nkDBXrycc8GoPi/pVu/i/VtQt7adSL5hfqM7VlVQFIwAcE8DJ5OecjnY+EqM/i3w44yCJ5BxtxgFSB6EEngg469hWz4zvNnxF8R6bcAeReSMJA6q0WdgYc4JB+8N2R2wTxXNGnz0Zwk0tVLZKzSVrtPtpbS+nZne5qPI1qnBKzSX8t9m/Lza+Z89mdQw2EOz7d24kgAHjaQcgLweoHUEc19KfB6YnxI+SFK6TIzDJwSYSpBIAz9T7ZJwK8X8RaPY2TLNaSBY5iA0D4LqQxXKtwSp7c9M4znNew/B9gvimRDhQNFkPBypIiJ+XjgkAfy5PFXgEvbpJv3Zq9+1raPffe7fR31aMcYoqhOa1vG/vK1muXS1rau97X0s0eeXGoLdazqtpK3lob+72EsoXcZHIA3dM5GBn+IcZ4q9HD9lguCHLIbVznA3Dgg5AOR7Y5247GuC1iUjWdXETsM6jcZOwcETyHPByBk468DPGPmPV2t7cPZvDJGWkFtgspGXj7chVBc9QTuHb5u8xrXdSDspRlK2tm9eltHp59u1lE6D9nGULO8YcyWqV1FJJWvdWutHbe+tz6B+DiE+D/GcoPmeVo5O0ghgPMPfOOM8jnupzwa5vTbvSrkxpPbbLyZUiikGSjH5QwIHCuwJUYB4J/wBonp/gtj/hDPiKx3ZXS4okU9dzSDhsknGc8Hv7ivLWnutPvYGaIwzoRJG0inaxVQQVXGC2ARu4GOmCAB6sKk44fDT5btQ0W7+JJNX67bJ97WSt5sqMatbEQuk3KN1u/gjy6dXZ63XQ6f4iwQ211pkdrEghFmxCZDFWKHzBkZU5B6gcHvXtul2kF98G/DNleGRIZI70SBE9Gco5PYg8rwCcd6+ffEWrwa5LpsqoVeK2kEyA42uPvOB97DEEjIzg7RxxX1R4RsIdQ+G3hS0mlES+RfkqCdzAu2GXnGB0xz05xjjuwzVWVaV9Z0mmnbTSn1vdb6dH8teDFxdClRinZ068GrfEmkrSTvo9Xqna3zZ88eHI9Z8Ktc3FvN9usIrnP2VsiUh+C4U9AB6HDYGQBkV6J8P5jqOuaje7lhkW6jmXJyFJPJz3OG568ggE8msnWLSXS9QhtiontSDFJcjAGC+ERyD8pGFXB5I+tafwwQSeJr61VI1X7QzDcflBAZkBAGSDjI6k59M159fmoUfYyu4Jqybd07xe/SyVlZvstz3uH4qrjo12oXcEnJRs5X5G3Kyts0r9dfQ/qZ/4IBXAbxp8dYmZ/M/sNGVip8v7yE4Y4AY8nGCegPev6GpFUB2Y7SrTDpwfn4HTknnBPA5zwWI/EX/ghHaWtr4f+JN4mn26Nd3CwvfiHbJLILZy0CS4+aPIyUDfK3cEGv29mOBIAMgPIBnoAHxwD6qDjk+p7k/kXHs08fh2paSw8XdW912irdVdO2r9Wtz9b4YjO2OsnpWSbtq3ywe222ievbzI0GVPQ5GeSOOmB1wrYOeeg5weTUjsuzkBjwADyCRyOf8AZ2k4OefToGxDkEnqcDHTb79z9Rj0I+YCnPs+XPGcEZ6k8EY74I7YHPG3JOPioS21u/u0a22Vna/n80z6vlWt42fZ2urW26W1Ttu09VYYHU4Df7PmYOcnGMg54zngHI5z6USbQCOnDYxyq54HOQSc8gDOeccAU1k+8QVyRxnJPB+Yc8HqcjqQPxDFcfNnawBVcNkHvlRkjjgZPXPNbRmlJtq+zXd207W1+XbvZOK6JrVN7vRPbfW+7303Ww7hiFJwAFyFyBg8EkDsOM/eOf1YysMKp6YGT0wS2DuGMgckD+lLuTIG4ZySAccKMYyMkcdhkk9BnpTS67VIGCQec5w+APXPy4yMdeQwHFNSTtZX0W7t1W+t7+evld7TKyVtGlZWle71T1TTvtfpd/jC7BARkY+6MAsOBjPoV9BjIxx2qLcrY4xyQG6AZI5JH8PXPOBg/eyRUxGRkLknPT17g9wSN2T2IXseWGIY+baxUHpgLjBORnqc9RwT785rpddbPe66bbaen3O7ulGO7d29NLtvRLeyd0rdd902tYGG4F8qTuJK7gMgYxj3HHJPH4YqSMoHIcgleoONuSN3PTPfI47nOcGm8naxxk4wAPlGP7y++Tzkdeegp+F4JUZKdzycAHPBGCvGAOuOeKcvsrtbutdbfJ7O61be6silCCV7NLre9+i73/4PlvOHGMMQCQSQBleRkE5zgN2B5A9eBQADgnAJQgEcdPmyTyckY6Yxz1zmhHTDMApYDBxzj5h2IOTgBuMHPUH5sqrAnbjhcLuOCTyM4xkEj1PHqOATm5R/l33enW1trvre/wDlcIwg3e6Ts1ezV/hvsnte+13qtdnWwAxYHOCWORnO0kLn1PBI4GcnqDipVlUAArkgls5ySFyec/gCB6ds05kUbwm0EuAw7gKMkgHPzY6YJzgZJxURQF2KqD8o3Dr1+XjjILfQVPtHs31t5/Zsuvdb30eqLcVbZa9NU9Elv5vt6W2vOJYyoO4DLep3A54A5A7cY6dyKtQylBu3ryfmGOcDgFQMew6fhyDWcFVdu0LjcBg88EHjGcgZOcHHQkHIGJFLIc4PGSF24G3OCoxxnBJPYAEjnGRza2V1dO19el1d2/rS7FZX672dr6K0dOmj7X7u6Oit50+X5wD1wc5ALZzwM8cc9x/DWnBMIwMfdyQM9GGOuMnPIJODjIwR1rlbeQEggYyCByMqMk9T+n4e1aUMoZhtJ4GD15Bzk+g2kYz6EHJ5pKTe6d+myv0tZWfVu99tFqwacEru99b2d2ly7pK7VndPq9NdjqoZ9wHOCSR97Jy2BkADoO/GeMZGRV+Haw3DO071GcZGCT7E9eq4wBnJxXOWrDcoyCSr7Bkjk8DJ7HcARngg5rZgmEZVSwPPABG4E5xgHgjnBI98HoDhK3TXbd310vtZaer0W6aSGve276aa9H1T1v2/M14kUnPYKQo54zjAPYEgc5684PBpzIpON2Bg4wSQTwBkHkcc859CGJBpsEqOCFG/knggY6feIIPJ5+bjIweDVhVDEBQpIHJORxnGCOp59ucjAxUKWmul+n4rTvZ7b3vZGnL5q115t6pO2lrat/g9VpXxsXlSVLEYBPOSAduc5IPBHcHnPdqfdXIIBboB/d6EjqRwOfYZHIxcZGJYgkkehGAc555OeBngMOpYUxgxOAvzLgg4UfNjAweOoGcD3I9aSn02T1v3Wj0te9n2211KjF739NForrre6VtNdVe2wIQ7uSQCRySSCcbVGATySACCAeAuOtX43LYDZzjIyOABjvjI555IJ9CATVOMgMoIOeDtGCCCB8pOPujC5+YDgLg97yDIX5SMdfmOBtPTA7dsnru9Ccvnb3ejsktL/Z/P3dd2k10LUbbXV3fTV69r77bp9t9nKgHzkk5J+8CMEcjPBHIJPIPU96euEA5B6AY647k4/M/KDnPrTdoZuDgMDgEHBwCABwSORwOOF69w35iMbgcEggA9T6H1PpgbQPunIrPn961vLruuV6LZ/E7PS6Xa16cZaaPVduisk32u7rXs/lOSobC9cAtyDgL3P16e/XHFIWPVRtYYHQkngnHUjnq3twMGoyNrHbgn5QvXjsT0JJ2k9Rxg8EcBcEbQFOOGGDnowHT6Kcn7vJJI6VSSa0W1trJXTXRO3S+nkuqJ23en9f8ADfLQ/HD/AILvmNv2ApDJuYj4o+GuAMk/6V15HPXpzjPJr+L+S9sxMsZhaZ/LJfNu7FW6A8Aqwx0yTjg4zkn+0v8A4Lnw+Z+wTKpC4HxO8OEfLk/Lc/eJ9TjtwN3Yiv5BILWLa7bIARbgj5RvIYLgNkHkknknOcdME1+9eF1OUsFinGag1Vp3b1WtOL2srrfe+yufkPi4qcaOSOaqSbpYqTUZctrVKa3a1XVp2dl93CSOwsGaDTLmR1h3sGhVQFBHzAlRuJxuU4Bx07sPHrGG7vdY1lodPunL3MWI9gUjZtBLZX5cjlegPGcEZr7Ch0sXMEP8MJtcyZb7w5AUkcYPQcc9cevn1lptpb65rhjRQWliQ4c8jAXJ5Jz6Z69fav1WvSqt4dKtFtT193SySvZa2er6LRXeqd/xPBV8MvrfPQnyypqMU5ySupKTVtNOmna3Y52x8OXVxFEs1rFCvlhi0sjMRnO0kr39CQQf4jkZrp9M8EQXMDO0ib1JX5TIEQMCcnnGQOuflHXJ7dDcRoqL5UZ3bVxuYkEnGenGG9SeBlSR31tGll8i5VUAJyDgD5iVyQB64Iywzz7Yx1KnVsuaq5qEeiWrXJpe2t0n6v534uag5OMKUI672k1ok7at6O/4t6pI+W/2hI49FsdItZJHVIdEuhv2lmLO7BNoByQTwD6E9OK4r4OeJNJ07wdNBdXN19oF1HJ5cFtNIxTYOhTjJ4yAeuMDOBXrH7Q3l+doyTeW/maEW2yKsg5uG7Nk4J5GcDrjk1yPwQVbnw5ORbwuU1Jo9zxxqCuTtQnlsAAYGOuP9rHzfssRDMKdSFWMVKE43mm5NSUdLJpXVvz8kfRxnh5YGdJ0ZNRVF2jNct1r1TdldaenU5X4veIbLVPBN/Z2lhqgX7ZFM08tpKkW3jO6R16jGQMg8E55qH4BeJbzSPDM1na6Jf6hM2oSN9oiC+UmUIUAEZLbgDkHGAenf0H40W7w+AtdzhQLmEqi+m5RjaMA9QM4BHr1xg/s5TiHwjdyz3Cx/wDEzcBWkVcjafU5AxwT/F0wRgjOlH/jIqUZVU5rCu9SMVZbaK+uits11v0YVnD+wZydGyWIg4xc295RteSV1ftbpvscl8btQ1vXIPD82oaJPYRRreRRmeRCZWJZtyqoAAAGMkED+8vzGu4+HGteOk8EaVpuj6FbNa28U6R3UkpDSbiN5ZQwBx0PAP0xk2v2gntX8O+Fp4JoWkN1dAlZVfZkNneCTgtxwMZxxnORv/CDXNLsvA2mC71KBJR5+5Cwd02tzlQPlyR3x+Pbtoez/tnEU5VZRSpxfOuVc1vZtJd7O9u9l3bOLFSm8lw7jh4zbqtOD5pRjfq9U9lZ3fW+rR81fGq08RG/sp9cjsoZZLCURRW25gI1ddxfceW/I43Ho2R9C+BdA8b6h4I0IR+KoLPTm0qIW1skPzxRYGI2OPm+XgkttPYEAivJf2hdR0/VL2xlsLoTJFps290GFZtyrtwuQ3PzMeckDI3cn3/4beJdNt/Anhy3Md080OlRs+2BmRgAM7XwAx67Tkg7QMEYrnpRovNsXGpWm4qEUnztXvyPVK17N31vburnZJVnlGBUaUFO7vHkjKMNNLKbk42W93q1e9j5b+O2iappHiXR4rzWZtSmbSwvmyosYhCMvyRhRgIvBGSOoPOSK+jfCfga81Tw3o9zdeKtYEUul20ggjlCJGqAYRVDDAxkKD0z6Hnx79p69trzxX4bkt0kRJNAilKPgSZZl5ZeCFYHoRnHHrX0J4P8Rtb+F9Bgg0u5lCaTaqzAKNx2jJTPGD3Uc9cbjxXVlrwsMbi3U5pwk0o3c5O65bO6tdW666fO3FmMsZLB4ONJxjNNXtGEdHZdVZW0tytXXzT+IPjBo1rpPxCksluL2Yb7AtLdSFpmMkqhgr5yAD0xjb2zkmvrf/hW/h/+xYbhvt11L9ltJWNxeTlCdittA34xg4A6k54B6/J/x1vLm4+JhlewMLu+nMsbODwsqkZPOC/GOOMZGQQT9kp4k1STRbeNtFjijFhaKXklBwAiLnap4J5I/iBAznvz5b7GeMzRRoyqRjUvFcspLpbRpL7N9XojuxzxEMDlrlV9nKULTlzKLdkry0sm9d421vsfG/xK0+z0/wCItjZw26JbmTTT5SktuVnAcMSSSSOSPvYIGDxX3TYeGfDf2K3eDQ9NWZordyzQRMSfKVgXypyWJJ7kHjjPHw/8XbiST4i2MgjgjlCaaQVO5UfcpVnIz0OCV5HTqDX1OupeJfItlOrwQ74IOIrbICrEq4B2nJwBnk9B/eFd2T01Otj17C7U4pKysr3SXvarbRLqnayujhzuvKNHLubEct4PXmleVnTu7q9353b11aVz5a8mMfG+2hW3jCnXnUIsarH8hHy+WAAB2ORk/U19z3VvD5EcaIkTrMzM0UKIucEKFIG4k4wTzgAcZFfnzcG6PxdskjvZEuJdZf8A0gIu8MfLJdRgYwc9hg9OMV9ZXejausFzPca9qMqR5kDKrAgLyxBxnJ4X8Pfh8OKajm8Y0eZxxVS8pcloWXw72W3RWs7N63WHEMn7TJ3LENL6vT93325rmjdvlS1enfW2628V8N3Cf8LcAZxGpvNQDOdgHy/L8xOATxkYwCMenP1FcXFq2nalvukY/wBnXiqDOg+Uo3AwRnJIJHoOhJ4+J7PT5pviZb6fE11NJJfSqqqSsjLKFOCVwSSM5JB6nkE4r6lufB93p1jfGewuIAunXUg8+ZiQoRssBk5z0x6ZPQ1jw3zvA5mnGOlevFy21stI6PTRK706NbWriisv7Qyt870oUFyrquaK1aatZa2s7b6WueA/BC8t7T4g3Us9xDbQrb3yl5HCL/rZP4sgE4PbnsTX1/4h8YeH5tD1C2XULFium3ewCYM/mGE4Xjk9hyfRevT4n+EOnJqPjqayWz+0l7W7k8p87SyySDIGegI5xxx/vV9Q634Vu7XRdVuDotvEsenStvMS5VVRuEJXOT83944GQM1rw/7ZZXiuWMJJVa6crO90ld6J6q2+y10uGd1MLLMsJ7Wc+f2dC0abi4t3jpq11un11Vj51+CmrWGlePbm5vrpYIhZ3PLBiMtK+Bx39jgHPrzX0/4r8e6JqnhzxBZW8pnkbRrlIkSFwoYo3zlgMJtXJIbGfUDBr5X+DejSar49ubKKxF7cG0lPk7VcHLuQOQQAuRx0Ix2OT9WeLfBuo6B4e1iW70yGwW60a62ybFUvshYlRtAwx6dc8cdscGVUpyyzEzhdRU6sZaNvRx9PLrbR9UzuzbFUYZphaT/iOnRcVdK6b6LstNmtVfd3XzP+z94kTw94o8QXYs57syafFDiLDEMW5LBht2kgZJx82ccDFe+/E3xrc634G8QWw0uWNXtYd8si7ViTfyNq4AYgc4OQT7GvEf2cNBi1vxD4nikvXt/KsoWBUAnO7JVQw9sZGfpnIr6M+K/hSx0bwB4gkiuriSY29uAZMqCScHIB6dSBk4zjOcVpl8JvJsRNaxUa2jcU7rR3ald+j3adr6HFmVal/buGhNJ1G6FpJp6WTVkr2vZb9tNN/C/2btX1DR7XxUbCyimFzc24ZpnCBcIFC5LAnp27njaATXoXxZ1rUtR8C+MEuYrKGNILcFY+XBEqcLk45PC4BxkHkcVy/wCy94Xh16z8YeaZ3+xXluuxCwVyIwQCQe3ODgE9t2ePTfjFoNjpPgLxmqxbNtvakFgS+TKnTPdvXnkY6niqGGqSyN1JTdlSnaOneytppfff80dE8ZT/ALd9hFR5vaU90r9Ho1u/u20ueMfs6alrmn6HrS6dLaW8U15Az+eCz5VcBQM42sNoA/h7g4Brs/jNqut33ge7jv76CRBdArFChBDAYyT/AHQcjjjcTgkEbV/Zc0fT9S8P6891GrtDeQFQxI4aPcRx1JOGOMEZAzwBXWfHzTLDTPBeoiFERxatMpUHcrGUBcnGGIyRzk8Hk/ePdRg48Nt8zd8PL3by7ru7W3fbT7vMxNZ1OK1TlCnb28ff5FzPSHXXW/W263R418CIdb/4RS+Nlq/2e2bVZBJEiKwMg/iyc9eh3E8deFrT+KSXp8LamLrUZ7zF7bsiOuFUgYx06H1P8WNuOCOg/ZhsLa9+G+qTSRl5V1xwGY4JB4IADK3c4zxwMZ4B2/i3axReD9bPkxqUv7VFAGDsPPJPVSFyMZ6nPNTGjT/1VhOz5pYd3u22tUna/X5732uUsTWlxlKkuXkjWhbSN2uSDs3bo9W2+99N/IPg/p0sul3jE3Upa84jtpJwj7eobymxkHHzH057UnxjsrmCx01XsrmAl5SBcNM4cbclkLlsKSMADAGMn+GvpT9lSztbrwxrEklvBuj1UKrOq7mVlOUJOSMgEE57EhsYzjftZ2Nvb2Hh8wosbGO8kIXOV8vryAAST0wcHnjHTlr4em+FedWu6UHZ2b+OPnfpb/hj0sNjaj4wlh5RSSqN8zs7t04t6rf0289zh/AHh5LjwPoc7ySp50ZLKWkwTzlQQQAc8HjBxniuJ+Lejx2ujW8sDTkG7wS7syIAcYUNwcEYzg57A9K95+GPh/7f8MPC9y986CSFiI04GFJJGcAjAzknnnBOMV5z8arGztfD0QWaWRo70KNzkqoJJ6n+8RkZ6kbsZPGmY04rhSFlq8NRSvZat0763tZ720/AeU1JVOLa0UlFU8RWavZO3ZfNau+vVKx2nwx8A2l/4X0O5mvbk/aLIPIgCqiDJCxqwXcSSCSxyCenOCOJ/aN0S10nR/ClvarIU8293b+B8ijBDAA5yMnsAevGa9l+GmpwQeCfD0CTyArYxmVQgJUZYbgSTubjAySQe2eD5R+0RdxX+k+GBFK0qpc6gvzgjBIHcjvx1z79anMlD/VqhCMbOVGhzXd9I+zb1u/Npbb7veconXnxdX5pJwhVxHLFu9lrayT0vvaz22Wh6d8JfCGjXnwy8M3rwObiePMroxUEl3wSM8cjBwSa7a+8L6XEdGEUMkZmvEjkIdiTuYANgnbnbyAQWwRn0qD4PW7D4UeFFXqYupbgfvCQeMH3wvy9MgnBrs79FMuiKWPyXseeSckSZPcnowOD1OATjiu/CUqf9l0LRu/ZU3d2d7RjdN9uumi7o8HHzxD4ire+4xWJlypvR3lHeN/0/AveKvDZ0zWdJEU80kaFwRJuchTbrwpbsBx6rxnpXn+r6ZqOkNL4k8Oysl1GrrLaswZJ/nYPt+YAHOdqn/ZwGPX3nx5EBrumR5Kj7MZsqeR/o6g8ZHzZUH9BjjPh/jXxHp/gvwxLrOrGWbSndlkjhXdK0rOwjAOMAl+M5Aycg4zXk4ip7NPkjyqPvOXxJaq2t2+XZO97b6KzPsMDBtNc7kpNRtru+VJPrZXSbWtrPuaPhjXofEsMrapcrb3NtARcafJt80MWOWMfV4yxORhiDjGFxn5h8f8AiSbwF431dra7j/4R+8a3FzpNvhmTcFLSRKuQuVzJkAgcg5xivmrxJ8UPE+oa3qGpadeS6VC8+LdLcssq2obKRzSKQNzKBvG7APJC4OecuNefVxJfX7zXVxIQspllaWVnGOhY7gpIyAdpGAT3x85iMbOs0oQdOcPecovWSs1q1a6V0otWtd3ufS5fgaeHUpVJc0Kms4Sbk1dJNXS1S1Ss29L6JnoPxY8Sad42v7G80yKaNrOEQK1wI0aSADLEDqWBJADAlgBg4rx8zw2w2kyOSxwhQkZUjIJC4JPAPXPPrwl14guPPHk2gDRgqJJCSAF6cAdMZ+UZI5wMc1y2pX2oXRYzSLFtOUEShMjsMgklSxx1B+9g5Oa86eNnSjKpOTlzSfMr3dmkt9ba9L9up60KOEnNRircu1k7a8rtayttom9ttNDalvZQxMLRWsRJMjSONzNyemARgYIx94YBHWo01fToWaWR5r14+iYdU3DIHJHPI7lQc8k81y6wyPZyO29289QWYlwSwzzkZDE8EEk8EEY5pkYIDJxyQMHoCDnt0IPfr9cccM8yqJpwk1orLV72to9PN/nuddLB4ZppRbu0m2rS05VdXTejS0T223PpDwH8StY06wlbSo5LG2t5klaa2JPksM5ErcquT1GQexPGD9BaJ+1B4j0y3SK7htdZgfAdZ4ykrADCneAASBt5BXHHXBNeN/s5abYajpPiiy1G2W6tp3jieIqCzblY/KW2lSMg8MDngdK0fEnwY8RRy3Vz4eZbyx812SwlYxzxoMkJG5JUhR7sQCOoGT6P9nZ1WwVHMcFOrVjWvz04JyceWSStHXRddn33u+CGaZLSxtXLsfShTlT5HCpUjFRldRfxWVnfrJ66a9T6U+FXx08ALJqVv4ojOnf2pqbXpeSIywxtICfLjdFMiKC2NwbHIJyCxr6m0a/0DVoWufAXiqzQXADNavcxSBnP3VSEt5gBUkEEbsH16fi/PDqukSzWeo2NzYzIxRhOjtGMYB2Pja3CgA7iD79+k0bxHd6c6PaXt3YyhgyTWk8sZyMc/KwBHoCCQOBnGR85WqYn6zGpiac3VprlakrO7te/MrX0b6JadWfXUcPga1BQoulKk1G1mmrNJxa7pq2z/A/q6/4JYfFXwj8E/wBrbQvEvxq1mw8O+Fb7whq+g3OtT2kj2UlxfHaI7k4MccMsO5Wlb5NpIYYLA8L/AMFONF+B5/aP8X6p+zlpOn6p4C1Sy07WVu/CsQfSLvWL5TNqRjKBsTGUkuEwoJI4GDX4CeEv2jPiFoc8A/tdNds4QE+xaoguMp1KEsrHBGTyc5AzlsV9VeFf2w9NVILbXNJm0cM6B5tPCS2igZLN5JDbRj+EcAcc9B4eDyrC0uKXxE8XiqVSphVhZYdyfsXBctn30eqVrp9TLH5VRxWWTy+NGm4OftFJRTmpWWvM7v7Mer2SutilfyyRXE5ube7sCFYrDdQt+7IIJyOMBeBjPBYgZziuPvJ7U6zdyvcKklxY2WyQgornty3Iz05Y9O+efrfSvif8LPiHKLYanoVyZo9zLeiOyunZsEoWkxub5QQQTznPTNZfiP4O+ENSlur3RJ3tnuLWIqoP2m2do+QEk+YLFnptPGeCeg/V8vzTDrE4epzxcaUlJtNO9rWWmt2/n3a6/lmO4Vr0MPj6UOe+KozpczXSfLZpWW17tq+i06HickZWFWU+YDCrDayspyoOT83BJ3egA5OO/mfjaCA2umytaxhvtB3sIgsh5HJIAYFckqCcd+MYPtmo/BrxZpUP2iyd7iJ4Dse0lY4wOcxsSSCF6KATzjjivHvF2keLILW3tdQsZJI1uoQJmjMTq27LoSRySQAeNowDyxIH3tbPsDjsPOny8lRxjyOSTT1jdq7Wrd+llo1rZn47S4MzjKcyo14t1aKk3Lk5k+VrVtXtpporu+3loQeE7i5s7J7TUJogbVWWKRfMQGQsQhHJAxhSCARkDHUVR1Pw9r8WnXMMtlBfRCJ1DwHBygyW2OP+BAAE5yME16BpWtWVnDYQX1rd2TxQRI0zRs8XmRDBywBAD4xk4A9QBXTW97pl/b3ctrcRTKYrgBd4Rh8uDlCVLH5e3qO2RXhVoVW3GnJuEr+6+VrZWu/J30fVvzPoqclTcHiaXJVjJpu3K1azupaXta1k3rvqfGWp6BpWsXugxXFobdZfNhuW8nyWlkjAAVWC4IXHBGAeQfbK1H4Twygf2FqkKS+cyizuSpJOS21HJ2/MduSSBxkc9PpOx0o6m+hSParKbW7kLlwqkB5tsabiNoLn5RycscV7h4z/AGafiV4UtLHX/EPwz8XaBp+ppHqOm6w2i3T6Ze2U6h4bgXKx+QEKEHeMYBIyT8x+FzitgsHWVHGSpRnVinFu1N3tF7O2qSvbq9lqffZdmOZ/VadfAOfsqbanDWa1lFptO7XRLS/m0rP8vtc8FeI/D08n9o2ExVU3m4tR5sLD+8SoOzOCPvYwM5xzXOMqs4LABgPl3/eGSBjgZDBhwBgg4xnkV97a/wCHr9rTUbiJPPjjitozC6jezeYVkVkbaoDAsBheeoHzAnyK+8MeHr0Tf2npn2SbzFRWWN1KEbQT8ihcg5IJOApGffkwOW0swoVK2DrxThNq0pOz+G1mr6q/ZaJq6TZ9Q+KZ4ZYenmGH1qQi5Shq1drWVNu6bS6O7tdvVI8V0Lxf4l0CaJ9L1q/s/s4ykfmtNBkEYUxuxQAsTyuBnJI7j3TQ/wBo3xBbtaReINKtNaghYFp4W8u6PXLHoufoACd2AAM1yd38Kbe4lddD1hQ2AxjnIkPzdFJQjcuOPugn+LqBXn83hHxDYvdzCwe6S3uGgka3G470yzN5YBONvQkcgc9DQqOfZY+alKs4t3Xs3KcJKPLd216LR6X62TOyni+G81bc1RVW6cnOKpTTbjb321e72XNrto7I+8tA+Ofw+142kct3Jo+pv8ssWoRARANwF83AjAwM5JPAyc4wfR5tA8OeILWW4s5bK8juG3yXOnzRu6RKMszeX8uFxjkZ7noRX5aSPLHMUuIWVgc+XMrIwKgggBlxknPI7+uAa29K8Ua1o8hbTdWv9PRgFdLe4lSJkBGR5e8IQc9AOwCjmtFxVjIJxxWGvpy88OalUT03i973bsk+2+oVeE8BVmquGraXUlF8s42021Tad9tW13dz9io/EEWqfDx/BGm61Yaha2CW0yNvja9tGs7tZ0jkRTkkOoQgDO046hayr6XULi7v9SvrQxvLY21vHcwrmJmCBQXBB2u3U7gTnLKOMD8rbDxVq9lKdR0jVrm0vjIJHkinlBd1bcfMRnw6u/JGGznOMV99/Ab9orw54nKeC/iNJDpOsXixwW2pzACw1GcYSJJGbasExJ6thMkElsZKw2fUqsantuaNV2dNt6SemkpOyulq00trPa5eM4fjGFJULezj8SV420jrro7tbJXSucf498I3+j6jBq+kXDWupXN7ayxXdoNuJVKyqX2YBUsAzAqVzz0OD9C/DT4+z6t4+sNF+Ioj0u+t9HTS7XVSfLtLtwyCPzGJCJLL6nhiRgdq3/iN4GawvrC/0qVL6wjuLaaW3PzqEOAHjI3K8TKeCFIy2e2R4v8AEfwXpPieKS50+P7BqUM1skjJ8uUIVwFIb5SrgFGAznGMKa+ijTeKpU8ThuWnNwhzU76TcUubTVX13Wjfnq/mo1PqU3hqrnKmpNQk7vlV1bXblSSVrLbTax7x8Ufg/Y+Ltc1q60tm0zxBZaZFrOlajp7eTItzCBJHMs0O1o5CMMk0bBhw2RnNfpX/AME6/wDgsj4t+C02g/AT9sKe/wDEXw/M0Oj+FfihcGS41vwqFdYI4NYmJZr3TIuMytukjTLOwxX44fDX4sap8N/G1roXxBu7i98M3Wjtp6arMGe404FAsa3DtzJApIUPySpOCcGvab/wH4X8b+CdZurWO21S3a6u7nStQtSshCtE8gAYEgqeA6c7SSSDivnM3ybD5lTqe0pqliIvZpJ3bTTu7O1tf0aVz6jKs9ngXBSl7TDylZa6q7W91stG4vZX3TP71NE1fw/4x8PaV4u8H61pvifwtr1rFe6Pr+jXUV5p99bTosiMk8LMocKw3xEhlbKkdTUzoQ3XG0hQck8ZyBk8dP4e+QOgr+IX9gz/AIKE/Hb9g650yyvxqXxC/Z+1fUHt9b8Dajcy3A0XZLsnu/Ds8pk+x3MaAyC0ysTkBQmdpr+yL4CftD/CH9qT4dWHxM+DHii08QaLdW8cmpaT5kY1zw5duAZbHWLAEXEMkLkosjoEbAZTjFflGY5XicvqONWD5Ps1LXTWltWrdFo9td09f0fBY+ljqadNp6q8eqeis0lZ210tp0dz058nceSOTk7TnpnP+0ckgD0PHGSwLyFU8AkDsQBxz3PPTHXjPANTyKM7QOPyBGckE478dfrtHUNC5DFeC3J56dMkEdO+NvPrXlu3/D/10/qx2qKvfv20S2s0n163+6+hHwTj+LJyAckjvgDnkdeOeg7ClwDgY+Udh1HftzzwQARjjI6ZCoXnOcjgtz8xz1JHU5x3BGffLFBHzM2GCkEADaRy2QAOoJJ3Y5FNLTa6239Fp56/j5A42sle91ZpbO8V307+uzvu/YrcZAHIJJY5xzk4/hz0w3UYxyMKUTGRuOcYyOuO3s3ABKk4+nQ4XO0huBwASNx3cnd64PUA8etMLYIYgjIUAAlicgYRTnae3PGMk7iKlXvp1+Vr6W6y1T69YvoybNJXbsrc3bp00+6ztovRgjzkgjAPLKcYByO+No7ejc556M2AKPmIOccnAUHJ4GDkc4YEEdcAdFsYJYnACk8qMEngjt0IJBx1PPHQlpVuQMdcg7TycHk5wOPTjOQOMEmrtf8AB7fPy/DyNYuK3S1V7WW2ieva1lbrtorkZ2jJ2knIznHHJGWBAPJwTx3xg9kAXcQuUByPoMZDZ7Dg5Awc9wBup3OMYyScntjIxjquMZ69znkZzS43HPHOAMY5HQAewxjtjAHSnrJPVLa716bXutU/z66FKCfw2S7O91a3r2Tv38wwoAwS2AWDfXqPTOcAntnmmKxIJ3cgY6AckA4PYAKc579ecgmbYCGBGQcDjOCAeCORwPwzk53AjKMpALEKMkHaOM9QMYzhucAAYIAyOTlqz0Wr01120b3tZLbo1a2jdmpJq+3l5fDe7tbqk7eraTuo3C4BySB1z0U9zwBnqQB0H4GoncDJPTkkgDp6dCASOh7dPpK6sQCoK7MAMQDnd1PPVuD6DGDwPusMe8kKeB0zngM3OARluOvTGMcEYqkrb6W1302Wvnu+tt1sZO6Sv0avbm3unva/3Wu3tdWcQIbBHfJ47cZAb32468fjgUbQRtztCkkDJzk8cY+7gHPrx6nFTCMdM8Mp2nPAxzhsjOMYBzjkgjIFNKnIB4z+mRnv7fhyOeRRo7pW2smtN+Wyfrt8rE2fS+97LVaWa11vZ2v6W2eqHbgnjI6ZHA9zgjg46Z/HPIMhgSRjcDg5AJOT1HQ9SRkcLwOM4DgDcQTk4AHY45xnOeOoGAueBjBpFQNgHGdp49Dxk8E+gA9B0PIFTbXo77rybTV2lre6226aG3ImnzLTvbW+z0Vt+rbt5NvRhG7J7jI7H0JHAHzZzk845xySAzgD0DDBBxnPUkDpg4B9cc8VNtJw2ASAcY4PGR04yPQnr7cGmlAGBwrcg7c9ck8c9fUY5x19aLXX3X36qNrb3e6+fRCbjaLUdVZXW28Vq7379E3r5txkKQDtGdvJyT/ug4LdBkYAzgnqdxpiqoyvKjPJzyCMEcg5OehGegOMnAM+3axypAJyB0weeuRk4PYDHOOCRSiIHJ4yF5Jxnkf7OAT9flHTjC4SUU1rpZb7aW0aavqtbt2+5k3a1SWytpbV2Vt9N1o9HazTV7xDIxkAFt2Vwc+oH044PUDjotKQMKAQemccnBJ4+o5/MZzxUnlDORg7RjA6c8k98YB6nGOgIFAjweO5GRlTjjgknoDng/XnOSKT6Lpq9uW+mt+mqe1lpddmNvlTbWnNZW5bfCmrK9+qV9LWTVrjNuCOQFY8njICj7p56c9+pzn7pw84APUHgKcAnBPTnk9s8/w8AZqQJjnap3AMO5BHIz14P93qe5+8CEb/AJmBBGSc5+8OP0x6cdRnOaSTvdrTy7aaPdtW6N32SW9oadt235p73Wi12T06Po90REdBwSASoyuRjkk5PUnj0/M5b8v3iSoKhiMcnngnptK8Y9e+RyJQgJ4GPmIHBHzE8nkAEcHnqe4BpwjGTzjg4UDHQevJCjkg8HoOhyLtFvbbTy2Xy2fX9CknHWN7/erNrd21XVa6eqRAQM5bJcKeeSOMgH04HbAHoMk0mAv3uSBs47ls4Ppg56fyqYooGRg5BB/AkgdMDgDHPcYOBkxbAQMnkjcMdBgcdTnd14I5657kUYq9lok/nqtNd+67WsDTbTs09Lt7W/Pq9L7fO0ZU/KwIG75sDJGOfU45K9Rzg9KCpzkEqpIJAA5A+9gjtkYORk4BI9Jhj7uMggKrYAPU5I9AScE888ZPWggjCgAfMAdzcdeo6A9upz1A4ziYu7tbffd/y7vVrRtq/fS5prbTo9u11HftorpX11+UDpu6HIB3cgjKnK5HUdOSB/31zTNhGQckDgY5w3XOCe46jgjJ4wKsZHClcgMCMjHfaMkjJ+nI9gaRgX67SOcZwMEj73bJI5yxxxz0ONNrp8tulm1q0lprdpJderWmlkWk72e/V9NYpfLpdWav11KpAzkE8ge4OMEg9h04GCBkDJzmlYcHlsZAHI4JGTnPGeeecjnv1lKY2qTkEgg4I3EjkHHzY579PXvTGjOecABgOpOWAOPc4PPOM/maunJW3veyXNvrZNJKy3Xbrd7ktSje++nXZad2k3p83vo2lFt3sQuACDgswOCvU9wCSGBB74z05h27sHCkcDOe+PXnjIGQDgnAzxzZVclTgsEDbgRtPOMEZABLZ65OO5GAKidMqBjdjJ44PUg4LHPQnOO3c/MBTim0nHR6J2utLPV3W6Vtvn0FaTslfW3RW6b31++zsrd2RBVwA24lcgZB9TxxyeMDJ6jj3Ldq5OT3J78jk7iOwXp+JNSNweV5LDv1PGVAHHXr37NnBwMMEleMrxyCeeo+UEBexbpzgE5pxvte2y+HlXTfy06OSWlvJuNndW3v20stNPS/l1TK4XLD7wIBOAeGH3cEnC9Dng/Nj60gUKTtyWHAIyOTjkFiQTk/MM8/N0wcWQoKnIGQ2M8Ad/lYHJ24wevXGD3LRHuXGPmAYsemSDgDPsDnpx3puSvbrpfXo3FWaTv6O1vPa6T5dLptvze/LZO/RdU9bqxTZfm5GCCQACck8AnnjkDPbtnBp5UsW2AnJ44yOOxP94DIHGTu9sVOIiMKd3BAPT3PT+E4PzYHHpSABRgZXHY9AT0DdCOnU5PHXmnzRtZNXV7v1S6X6O/Xr3Kv31TSs9fJL+m+u2lxhQKo4+bJbHsPqe4ZenA7FTmmlAA4wCAo6EZIY9RuxwOv8hmrBOME4OAAwHQjBOPocE5A+YgEnvUbqWDZwuAMYGCwOScYGMAgnaADjnB4xKu93prtbR+71WvfTXbW97t33te1tbrzV/O19r+u12ViBtwBwSMZ4/4EO/twOMZHpQAPlbaCDnIB5OOPm3cY6Yxjr97oBP5QIG0YGSBzuzgjdjqMkZ4Gc9gc0FMYPUhSpB5JZuATjIA9Bg84IwatW09V0u39+/mtH69Gop2Wl33Tbtor+avp62v5RbxjBB7knHOOeOOoXseoAPPYoGywyCR7cjluhAHYj7zccEAHmpypBHQnoMcZXHQ4+vPP4cZpo9CuRu5GAOc9eMdG+YDrntjFJtaX9Fpu9FuvW2tvvYWsruyvte+2jb7dvxKoAyVJO3LEEjAU8A9skHr3P3vm7UeWM+46nIJPTbkkcY/vANgYqcgD5gnPIJIwck4OSemSOAcZGM9RlShJDHG3hR+QxkDtg/T1701NNqyW6u7tNq6d2unnvqu4XTTejtZX1XZLTv0e+vbrWKqxwGPBJ/2RjJHLfe4yQeQOCeMZhMWckkZIyNuenYYLHpwCRwTkirZQKwTAPDHgkggntnAx64yQM7QcA0gCk/dJ2krwQCB1HXGBuBBHGT7VTlaPV6tJ7Sa06uyvdWvvbe7uKyS1fknrfWyve2vr5PsVvLCcgjIxypyeRkgck9MEg9fwBpAvBYHjdk9iOoHBz36+nGMZqcrtxkEgFty89DwMnjnnA6nv0OKeFQ7mIAKgEDIY5J4yN2QTg5GMgHOOtSql7aPs7PZPleyTdlpqtdr2crIvHfS9rNXu0rry3ve72S7FTYrbj1J9+GPQgkHqSAPQYPTBpgUcqfl6McLu+XgYYjPpnJxzhcEk1cMa7SQVJByBu4AOAenHHrkDn0qPYrAndnhTzw2BnPbsPu8ZOM9c5qNR9OZXtZJ8ydpXau+j2dt9UrtMmzvfVWslqnddf+C09d0Viy8j+Actwc4I4HHT5sA5JzxkkHNA3Fc55wpA7DBPcEgljjtkencPKAlhkcgD3OcKuRkAAj8CTyCeqNENpUcAZC9zweASq4JwMYA5Hfk1rzbaPXTezSunbd6Lfrbd7DUeZJW0dtNLq3bZ/e/XZkG5jkFh0BH4HnILEDdwBk5HBOCeXEhixJI3bQRj67QvTB4IJ55z1BNSrGmAerAgbhwcZIICnnsO456qeSZVEYYLtUYOQe3Hftkfe5GR1570+a9k7taPW/z7K789fPqW0lolqmrN33XK76318rdb3vqVzjBBYBcgE/xbv4QRyR69QxODk5qGRxyDlm5HI4BPI6DaQfQEDJ6dxcZCSCFUAnJyAccYzkdBySe57gHNQPEB6fd6fezyOg9efu88CknFaLdK3povKzVraK1r69GTyq1rKei0tvtdO9+qW3da6IpgnJO3gZABHA9wCORzgjPJ+8cUwqDwUC8DAJ6cEZ9iO/XqegBNWWi+UgEZzg5HfJz909McH+Y5NNMa5Bx8ygjocZOCevOfTk56NndVxd9FaK7X3tJfi1tbW9n00lxWzSWrTXfVJbd/vTSISV4JIGAT9/jjgnbg847HngnAqElTtJIUpwTjHXrnpgcZPvzjGNshyQOFOMfXJ6g46YJBXv8AKQd2eVMWSTtyo54AByQcj+L6DggnAJHOLUpb/aST08lfV+aWqslrbbUn2Wmjs3vZ7W5Un5ejsrK2qerGwAWBA3AD73RsjAIHCkg9RgFj37JuI6gHOMA4PIOCPy78Y4HpSGEjnBBL55YZbkZ/XG7GcYODzyojJ/Ajv6nAHO3+6OeduetFkkuuz6XSSTWr6bXSdl03uQ4xjbl15Ulor3Vt7yf/AALPu9Hj5iSAUAYtnOSccHOedvTHZs5POalwCV5w2OMYAwerY5xjjOeeCe/Ma5U5zgMRwBzxweeecYI4HXvUy8YJOVIHQjOR6HJAPOMY9OpGSnotvebd3dL3U121v3tvp2KgnpZPfbRbPTbdK9/uTJjj5SF43DuAM8D0wenOCep6ckruOWypwCAMFeRgE5yRzk4GSeg6daBGrLyB904GADlj3BOM8nOR1PTJqRY9rHOTuBBVegAOd2T7jnHovXqE33a1s3ZXvorKzasnbXVv77G3K+u++m3TRLq+m/XRoYCWBx8ozncQM9vlzjA49sfNnPYKVLAEgkgjbnj5TjnjHpknjgCpFyqgYOGYjg/wjucj2PbI56DkvIwAeRggZPBIPQkZ6cnHoQfxzc2tnreOnleKf3JrfyvcfK3a2q2v5d7b7vVWSXn1VAMEEkAcZHuByAcnHQHoe3Gc0bCTuHyhhjOOuOc9Dng9BnGR7UK27JIwOeoxlh09CTweBwCSTxzTm7qxPt2Gecn1PTPrnOO1O7s7u11G+u9tEvy+77tFFr7tHvd+7pZ31+a+TsPthm6tPT7Xbd++9TyB+mc8V/M7/wAF1ZPM/augAwRB8KrFArZGD9shK5P904PUAEfNycZ/pkt+bm0UYJF5bjjg43rzx9evT371/MR/wXHmkf8Aa11CNQCU+F+mxAfN1e4ibg9c4znPHXPQkejlTvmWHSevJOzXR+7p+N9NrJWODHr3E7XcY3frdXa79bdL266H4C/Fq0luvDuqN/acojj0fzHgjbEO1Y8eW2D0UcEk46HcF4HEfsV/tG6L+zV4b+Lvi+2gXUvHWtx2mgeAtFVGlkvdXuUASd41JeSK2kwVjXBaYDdknB9N+IcZsPAXim4Nukgj0F5HZyCQfLb7pwGAI3EjHOflGBzU/wCCRfwg8I/Ff4meKPiF4+0ZNWt/AX2Wbwxo88YlsItUe4Rkvpo2BWSVVOVEg44I68/U5i5Tkoxi5uFPmuviSvFNrm0ab3trZvrt49GSpvmk1GM5ax1V9NN/lpZ7JPa593fsh/se67qWrTfta/tTR3mt/EPxVqltqPhvw3rKtJJp32mVZbbULi3lVzHsQj7FahMRx4JXJDV+o3je78QeJzYaHbmTT9GufE0EEnl5SeWO1hZgOCoRAUUbQAOw46db4plOoa1bwsrCG11bSxDAoXZEqRDYoXAG1AFCoAQq+2M6d/aRpqOgSXTJGG126nY5CpGFjcfOcYTqPmYggDOO9edRSpqm5XbbcmrbSbT3tbto+iet7IJVnPmjG6V1s+zWmu68+3S2r43S/DVhpmi6UyQxop8U3c9xM5C7jGHBkkkboFAJLE8BSc96/OT4vftka941+Nvgz9mD9nuBtYFt4vl1D4teMrWFrrTtG0q2LSPYwToGiMpYCOQ7mKt/d4FZH7Zv7W3iLxbqunfspfszyS6p8Qtd1m4svE+v6SPPi0G3uJDBcRQXEKsonWNy0sgIMeGGc4z7t8Fv2fvhl+w78Cri68X6tp7fEPxtqVpb6l4kv3U6lqviDUGDyadaXEhaeQIzMxVWO8gk8kgFTEyjKnGK55ynT5Y73acOl9k9LdfxIVKMoVZOXL7rfrok2736fdZ2b6/hb8arrWh8fvioLXUNMikXxHqX2mW6LAyjKIuxQwwW2jIAODjG0nnwP4o32pnwLqyXWt6P5ZjGYYFcyyfvV2rGckZGDyMYJyFBzX0B8TNLsNT+PvxNkuIzOn/CQalKGJ5cM6NG3XPVs4Ix1ORgZ8i+MmiaXZ/DfVZbazhR1aAmQgM6kyrk5LccHGByG57Zr+h8PCrHIasm5Xjgp3jzyUValFWUFay12u16aW/mbG1aT4hjTUU28VTSk4Rb96cdee79VpqVPDeoqfDWiq/jKWJls7QLBDAp8oBOFwFOTgYyOQPQlq6Vr6EBd/izVp2KuSI7TdvUxttBATIB7H0PQEV1Xw48NabceFPDc/2K1BfS4XaV4oyxYxpjORznGCSD2AJ6D1ZfDtituZY7K1jbyJAf3KK24o5LjjcMkHA9854FerhqNSphaUnUtGWHg0uactoRet566NWu76K1zxsVUpLE1IqF3Gu7WjRST50ne1PXW2jkvJpnw38P3jVNb87VtaiDa9dFYrKHIkBbkyZU7XOSWHUMc4zivXYobKdlUyeKrgh1ICny8AgDgAAZAOOMD8KzPhNYiX/hJx5Slh4pvoywUAgeYF3KTkDqT9BX07pmjKxlkfauxUCgYLgjAxgZHqCRkkkduRw5PSvgMPeWjU735ntOT0Tk0tnovJddO7M5x+u1oqKbSpp/BrenC7Vo30XRt3tbZHyX4V0iI+MPG5j0DVL8LPaYSS4dZQDgH7RtI3Me3oc4yBXeSeH7iW6KxeBrgZUEefdysB2Gctx2yM9uhwK9e+D+hNf/ABL+KFts3Mj2WCpHJLL1JBxnLZ7gjBJI5+oF8AQyTRshBlMPzoWG5SOcsBycnO3nkc8gg1tg4YSGG96or/Wqzd4Qumqzerkrp6r5W7EYh1nXXs4uVqVB7yt/CgkviSW2llbTaybPyy8V6DqKfEDwbC/h2zspZFkMduWeVZgOnmEsePY/L045Ir26Dwn4lcAR6boVuC5Gz7Crle+Gcg+m7rkYOOOK7T4weGpNN+L3w4iWIqksMhK5VtxBPQ89RzjI5zu6A19F6X4YM9mZRGUPmdT95SxwdpCnODyeuQPTgceX1MLLGZoue6ji4WtZScfY0tdLXWnTtbZHVmVLELC5Xy07OWGk5bySftm2tW7tXu9Ndj89fivo2vWukaKLs6fGv/CRWKILa0jiIcyoPnbaMjOCcnndg8AZ7NdN8UMyx/2mqAxqoWK0QEYUAZwgOAuMNnOBkjJGPR/2itIgsPD/AIdYEib/AITjSUZCOWSS4iGDxkjg5yTj8QR3LafCitIYkDL5ZOMZxsGRzgcYIAz+Na4KrRqZxmsYxlyRo4Kz5nuou6v1d3bXa/zMsTSrQynLZS5ed1cW5Xttek0kmlrvo7+i6fI/xE0TX7Xwl4gkuNVu5E+yZaIRIkbAnPI2jI/iA/Irg51NB8Ka/P4d0SX+1L8pNpViywxF1UIYUxgjnKg4OOuDxXofxjaF/BviVFOVXS1K8gjO725zjPQ8jgYxXf8Agu3ifwh4YBXch0HTy20jIIt0KkkDg8ZHfGBjpXVCFOWdVuaMkvqFOMVzOzca8m3dvdXW5lVnKOT0FFrn+vVLtRj0pwtdWa1tfba60PCG8BamDczzXeptGlvcl98xI3eUWO85wQduG4456E1wHwh8JJrOhXrzTN+51y+hCLLLuI85wcBDgHPLHIzu+bJFfWmpTE2d3EE2oLa8UOxHP7lyAOATgcZyWHJxjp4Z+z9CBoF6yqHJ8Q6qSN3I2TSjKA8ZyBnBwMYHAyc8TCn/AGtlqtdOjik43vzfwVrq27LbX8zDD1Zf2TjpKopS9rhU2rK13NPTl1u21ot3pfRm9bfDnTobmMz75AuGUCSUEkMAVALEkYPHPPqTk15T4Z8NWU/j/wCIlvIqmO2uLJUXLKwVomYg7Wy3OMFiMHBwOtfU8yAatAz8LHsYB2AGXcZ6HuMtgn653GvCfDjRx/Ef4rNngX+mKuNpHEJyQScevTgk571WNVOOMyuMKOn1ypfb4VQmrvtZu/3t6q5OAdSWBzWcqvwYaCSe6/f0dm1fottr3ab0fbab4M0yVlX7GjAgEGQtgAJknkgr0Axg569s1wPjHR7Oy+JPw+s1s4FSWO8Loqlg6gnkgk7sAZzgYx1/veyWWqt5iJCTkxsvy7ei7gC2cgAZJG1jnPBBOB5P4tkaT4qfDqSRjuW1vyFOMtnPp6Eg/UjjGMdWbOKwtNKnFJ4vCXdldr21Nrr531Wu/U5Mmmp4iteo5P6piWtXZP2W+iXfaztfe56gmm6YBt+wWZ2ZIUWy5PzHk5U/MMkjg7j3yAa8z+NMMSfD682WsECPqNkIwkQQg+avB2gcAN05IzwelezbgEUhPLLBipyuQxOS2cjJwAOcjkdBtJ8m+OWD4AucDJGp6fuJKjBEqDIC9cj0AHOeBkl5nNf2dilGKV8M2rW10j8/l2dt0ZZS28xwrc3d1oNL3nu423vqktdrtX1bPof4c6L9t8OaVvSPyxplkdhCqSfK6hiMbcAKcEdhxkEexax4Lin8F67KDFH/AMSqYQgMqlWcqqqcZwMnA2gYzjsTWP8ACLSxeeE9HMcY40yyLEAMW/crhAFzgjjI6kHPIxXvt14Ju9U8I+JpshI4NJWVgCyGNEliywVdoOSAeegIzng1wV8V7PBRfNZ+whe7Ss3FKVra9fX9PYwVP2uOtGLnL2um/wDPq5PVaJWs+vXovGf2f/g3dazZX1vs8yfSLe1E0SgDaH3OeoBPyMuDkgDIPPX0jUPhlbxXG1WKp58yvGQB8wDdDkEEHAJyQfYZz+hP/BND9nyP9oD43+KfhNJq02g3X/COWniB7qC3P2nUNPhtMG2tXkAiaSZgAZDnZ6gkGuc/aK+DeqfCP4l+LvAFzZlpPCuu3dn9rd1f7TEWYROxQkNI6su8HkEEHFfF5ZxKp5lLLueSnh6EJ2bdnGVlpey913bd3dvdO9vvMwyOEcuhj2lJVazUk2pSU042V9lezVrO/RbH4pfBDwrHe+JPjHbyuDHY+NZrcqxXbtDfNz1wTgdAuT+XuN94W0u2lciJGUM4YGQckqAEBJ7DbjHXBzwSKxfgN4V1qTXvjhdJbGKBviXeWTu8bGPzWVWRPMAK5BOcbiOOBuxn0268IammrTwGeJwr/dc5VQ3BKjPO08Kccex4P0GVYyP1SCjPSNesmleyk6spWuutpab3116r5/NcK/rEpSpv34UWpOLekaVO3R6XTs7uyW9j4X+KOmxQfGPwFDEditpt0WTjaPl/h5Gecgfw4HPJxXr9tZLGoCqGAUZO7AAHHI4zjAPQDqT1YVwvxp0i50344/D+G4kR8aXcMCVIyjcZycgY7cYHHNerpCYgCiZD5jUqQ4J3Yz0wCCSMAAYxyeg9zJG51MwqXWuLlZ9f4dGzSW7atp89OvyfEVF3y+yslhbO+1/aTdrK6er72S8j50+Ods507wkGVUB8T2g+Uqd2ZF529uOgwOnAr22Pw+ZLeAiXGLWJiNx53RL8uQD0O04/xAHlfxyjCWfhHKEZ8U2mSTx96Me3sAezAHjHH0nBbKbWPlQGtLfBynI8pcDo3TrkEEqfXiu3CNxzTMHzXTp4RaK2ihLVbt3v+qOLF0Zf2Llimm2p4rrqrypbpv4rp9VvZa2Pnr4gaOkHg3xSjykFNLlbucjDHaBlehzyeOVyp4xu/CyyQ+AfDhyAo0uMgHHUrnJbHIGM7ew7Zya2PiPYKvgzxWHlRm/sedyOABhXI54B9/6E8wfDWIL4A8NxiPJXS0Y/MDhmAOVIIUnJ5HIHT1B1nzyzOElUV1gVFJrSzqrRu2r7L7jPAXhlVSFSCcfryd29W3RSV3fstlbXSy3e1eypAyxMFbcysC7grnOBjryeF7ZA7kgj490xLhvGGubZDGk2vShgv+r2l+u4g7T0xj+gNfT3iSwvLmcSxZ2xgE4LKoHBwQMZxyPwOBgYr598G6dHdavrouJuY9Vm2DoQ+X+bceuOAB7+1cGM5nmGAtrrWUW9b+7BtN3lborJ/M9DDSj/AGXmcXFJOVCylu481rLXzdv+Gv8ASkUaWmnWaK+wFvkxht2VOSCS3fqTjBIIIOK8s1aZk+OwdixK+AkUnAJ/1i8YGSDgcDd/Fxg5r0Nxiz02GKZmIkQfKA2OoyTyecHAJyfXG0DzbVYnPxwuGc5B8GiMZxgKSvXoOmRjnn8qrMqPPPL5SnZ/2hh0m0usW77J2tprbV9rowyeslHNFGDS/s6orq2l1TWmmtrWWru1dd1uajNMZrcCdiAyMqqcgAg7sjO3AwQPbBAxXmfxBiI1HwVJI0kqf22M/MQFGJAFU8gHG7rg8cjnJ7+QPJdSMrlQjoiK685Y8AH+LdztO7OTkE8VyHjuxlbUPBSGTJfXdwQlSDuVsgHk4JLdzjkgHg11Zwksvq2S0qYdva+lanvr+Frqz06Pi4evHN6baqNSpYmK5nor4eSd929NtdN9tTo7maGNSgtwSJNwJdSW4z0JJ9TkdQOOcA0dWk+16JrWIFXGmXSjJwQFjfdjjPOc+vvnFdXcaFdlw7RJ80hAbdnj5Su48FcYHAO3OeeBUereHxBoeruCP+QVesFU7iP3L557D8+OeOcaVq9OVCpBz+KhJJ8rsn7Plu9erv00Wm7OGhhKssZQqKnyxp4mlKTVnoqsGtNLve+vy7/vR/wTFZb3/gnhqNr1A0nxmCox8uIpjj7v4YPB+U9Rx/Pj4fRo9b8Rou5QurampBz/AA3cucY6+/YdgMYr+gP/AIJIMdS/YS8SWy/vDb2fjKJ41wSv7mfJwAcbSOTzk884r8CrCNrbxX4sj4Xy9e1Yc8Bf9MmBHzcAEgg4yOOeoJ+Q8M6ijn2ZUm9f3bTbSb7PW7Vr7f8ABZ9v4ywqVOG8qqRWinJX7XUb83TdaK+1lojorkbYiQFxlCoOMMWIHJxk9PbpyORny6FmXXtfbIBMtscKT3BwARgYHcHJHsSK9SvWwhGwFjHknd8ow2SQuAc4zgdDj648sjbZr3iJdqk/6IwJPJyDnBYeue3ryOlftOOivrOCvqvayvy72VJpddb6bPdPR9f52y2/1LMuko4ek3Zvb29NWbT17dFu0O1bS9K1dfs+qWNteKQMs6IXOT93cMuDk5zkDOecZz4xL8K7STVtYl8Oave6Dc28kTwLbSsIMNghXQHLjPryAOTziveWClyzKAxxjBJB4A28HqRweoPBGc1m6fhdU1ltgJH2fnIJBJ4xjByM59RtBz6eXmmU4HG4nBqth4c0q7i6kF7OrG9FyXLVp8s1r2ejS9F72RZ7mOV0MfKhiqihHDw/c1L1KPNKvRTbpT5qbVm1bkvq+1343Jc/FTwmYzqNpF4m05GBMsYxclFHy/Kq7icZJPqSM5yKseFviZ4XuZNRtL55NFvZtReRre9jYIrFUVlLkAIcgDG4Nj2Fe+y24KBiSSWXK7ugI6HtgDI7ccDgmvM4/B/hnX4tZj1TSbebGsXCLOsapMoKKFIdcEnPU56gsea8jFZLmuCxuFWV4914p1XHDZi5VoqKgnywrL94uZbc7aW76n0+A4kyjH4TGPN8tjhm40FUxWWxjSqSbqLllOhKTotpq/u8jeqW500IguTFPYXUdzGdhBhlSaIZ+bqGJxypx6YPseXn8JeHfECanDq2lW8zC+ceesQScMEUbwykFsMc5U/eJxgE1zF18KNU0uVL/wAHeIrqxaNty21yzNF14TZu2gYG3DY+7xycnMtPGni/w5d3lv4q8P3F/FHcgT6pp4DMpAXkxqDhTwxwN3JHHWubG5h+8o0c/wApdKmpSjKrGnHF4Wa5FrzRi5wV9bzj7trto9LLsHSdPFV8gzqNarOFKUKU5vB4ul78Xa05KMr6L93Ud21ZPYsN4D8T+F5ZLvwJ4nu4o9kwfTdQdpYGRgcxKrfKoxwCBzyTx0n0z4q614etrWLxp4Wura3BkU6xp6+dbNsdssyKGZfXJ4OOQO/c6N4y8N68CtjqMfnmJ1NpMPImVthJBWTG8rxuA/iyM8gVtadbpfaRFHcW8c8MiSIEkRXjIErgLhwVyB3zwDjiuOnl+EWIoV8gzKWEcozapwn9awrbcHySozbdO93dQcOWzsdazGvPD4jD8R5bHFRVWinUlTeGxTUlrP29OKdXlsmnUjOL0u3dHi/xZ8Y+GvFHgGd9C1S3vZGvbd5bdWC3SfMvDwNhsjHLADkDp28v+Do3eKtEVIish1AlCOCNiZycjOOmM4xySTXWfGr4eeHtJ0dde0q0XS79r2OOWW13Ijq/UPEpKMQSckA/LxwMAeQfDzxdqPhnxDYTyaW+qJp0kk4WH5LiRdzAFCVVfl+8SC2T3OTX5fxXWxcOJIrMVRVWNGhBzoc7pTgnpPlesXa7lG75e+x+q8IUsE+H7ZV7X2Htqr9niFTVSM7QvBSi1GajootKN73aWqPrz4jLJceMtGlnykiXNmuDjJC3kYBIwQGIGT1wCMdcn9z/AB7dQ6hong+0Mzbrb4XRtGu3afk0ks2CSPQ+gxgdQRX4E3njKw8Y+KdH1OzjmSOSfTUntrxAs1vKbiIsiqRltrkg4GCuSQK/d74t6lD4d0LwfqUSI903wyjWeNwAsUMuliEMCQAcM2M9u54GfExT56jcJc1Nybbs3ZKMIrW/VvTdJ667P6jCqVKFrcs4xXMpWu0uW6006r5LRan5iagI0+Bvi2TYGubnxtBDAxTJRUjLlvTBwRySfQ8Ul3aJJ4n+Fcd3CWZ9CjYbQB/CuxjhQST93PQDA68m1cxG4+CGqMmXkbxskrksCqq9m7j7vJwMYI4G0jvk2UuIm8ZfC5pA0vlaMkZ4O0EwYULjsDgEkEgY471nBvnalZS5pRi+jSim+bu+ySukvJI2mrxik01andNp2le29vly37XTOI+w6rNo/wAUzYxStZprBnupAW8sJDLsOQBkkAc5HByOBgn0LxNKlz8I/wBn3WIFHlRa7qVk5HzeXKmqxMcnHys+0ttzgnoCOazPD+pSWnh74j6Qy7v7e8T3mnNnBZFCS3AOSOhKjjgnJxkDNS6RqDj4ZfDTwlPbI9m/xKVxI3zTQmS7VXVHI3CJi25h2J54xi5+9OPRKabW7ScOVJ6q6slfWz7GdOUuVxet4721TUoqK13um/eV1orXPT9H1Fr/AMa/G5E2nzvh/OwJA/eJEELEDqSDj0yBlicgDktG2waJ8AYRMsRm8Q6jLsBDhQspO/gc7iMgnO30rajtb/R/i/8AFqytUQW3/CIala72bMbwCFHOOoG4ryBg+orM1DQLmz8Mfs6aylygtbu81UjZyyvFcEMpVe+DwfUYI9JUbKLl7vMotO+j/dSurJa6LTzujXVysk373K11XvQd9X5vZWtZaaGHeAyaH+0HKZGCP4s01AQDiQedhgSpYe4A9QM44PsttbLD8RdLMiuLcfBoOxYgKxXT25IJOCRgYxkbgOgwfEfkbwp8dDv3K3ifTpVYkbnImBbIJYknvnjJwD0z7NeLNd+M7eSPeBH8EgQWzt4siGJOSM45I4PPp90otctpNtWk7ebjTT0W1tNtNPMU3JSVk9JQS81eV/8AD5+rWtzjfhRGsGqfBgvMq28p8YXJJIPO92xjtjAOcg8flieIZ3HhzxK8q+cmoeOEe3uAdxG6WcBw2efu4JyOmRyBnT+HFlMg+BzYVt1t4xwWLdXEu0EHOckHrnqSdy8jljcteeC7ywnAMw8cTvGwBBKW805dYyBuOCD93qccc5GrWqcUvhhZd2pSumm2rrZWTvZta6BBXcLu27UXJ681ny2ttbfazWmlj+27/gnjdS3H7DH7OxdiTFoFxDnvhZJCcgjDA4H3eAMk8A19XuMsxOc5zkEDPGevPqBg45PzYOK+Nf8Agmjem+/YR+A0ijcIrTUoPmOdpjllAHrhSOTwflHB6n7LkCsxORkFsAFgCVPDc5PA9B614lLmVStbT95K66JpwuvxSvppe21z7iyVCjd3apx10T2hv3stOrtv3ULYbBChvmOecZ9fvAAYPP1Oe+KCAdvGcEjA6AHncPUHGBnsMYFS7QQoXI4PJOTknHOAMtxkLxkHnOaaVHUAjcwO0DGck5PsRgZBznPStL676/5JW/NGEluvRLp2VtUt3HTRu3VLUUH5ijdgeccDI5OAORgjjt14OSzSFkXDBuuVO4BWbjGSOST2zz784pGHzHrkglVHb5cjBJ+Y9Rg/NnAzTd7AhMZ9OwHGcZyOp4Gee+exd7K6u9br1fLro20un4rUzcHK2t9NE+1421bST31Wi1swCEfMTyO38WQOQD1IHAOSTk4JOC1MkKjqWz1IABB44JI6D2PcHpUjZAOMZJZQBzjPGR1wCSOexJJyaiIwx3HduwOuMnsAPTPBGSB6GrjrJPq0rJPR7K3qrXsumnrSpJJJ3uuXXva1n37abX1ZCgyg/vFTyT+XXJ9OnbqAMYVVIYktuIVSTyQB0K+p4C4J9DkEjJeq8ggDd90jg4U59O2Rye2evoKjKDnBOenJyuM4Od3yqMAepyT1rRbP9e91ot3s7uztp00T0SjZaPbTW/8AL92z01Wm+tgymOOSSepHYDJ5IHPPtzgDmhl+YgAYIPIPHXGeOmTnjoAf9oZjGSCRxhzjv0+Ue3qOuMHnNPxyTnAYqBwQeMcnIxkYHBAPAI5JqtF0u7Rt9ybfnfZ7PW99zBqXN8Ltey0Wrdm5PfTo9Vqne+lm4G1gD04J45JAII56AHoDkjkc8ACL2xgqARkA/wC97dsD0OOvBHUnB6gk/KRjdgEZwMevYemelKNxJ6Dap3qB3HcHIPQbjnGBjHQ5i9/Pbt3Xfa3XZpBZN+8tF1au+mivs1ePXRq1tBNoBz7Ec9QR68jOOuR0OQMdaaUXbnaWYHj+Ec44HBBHJ56EnGeuXlgO69R0z0PXrn5TnOe2OfWnEggkEHjOfTn5Qfm4xnAIPXueKLct3byWmmrjbTVaWj3XW2w7q3LZJXs7K61as33bsultPQqHAAwNpOAWYkAAdAvOCe3HbHvUqopP3tq43cnPLHAyc54y2BkZ5qQKflUr0OQDwAcHcBuBOTgEZXJHuOFZVVVOAPmI4ORtGQVI5OAeBnkEDJ6Zbl+ieltkv+Bot3suyjCLvtaTu0lppZNbPXok93tqtWFcHHX5ct0O0c5yOM+xHHv3DGIwFLHneSR8uPY+vXBOc4zx6Sjk8HCgEZGcnjqCw7Zz6Ake2IyvY4IOe5xgd+3bkU09L6N6fdZdH5P3VZ6X8rTZJq1raWVn8No62stU7WeyW+mrqSEjHPyg54zx1z9OOOpxn1yDGTx8rbhwM4wOOuMjkc5H0GT6WGQNsPBHzDDAAttIOTg4APXPB7HviIqFHUH5uQBnJOB8pPUg7uCD1J64y9Gn0fbXyemu1lr5oSU2rWsls7tpK8U7prVW766dLqzDgHHTIxk8Drk+xzxgnn04pyqpGTwd3rgAdhz/ADz+VKYyTxwvqc9yenYDPsPzyKcRzjA5AHYDjp1OM47ng5z2FO615mlst3s7O2qa0une7t3S2uN3zKSS0Su1e8Va1lq2+vd33XLYjIXJx97gE5HAH9CCd3T88VH8oYfxAhgGB/iyevXgAgdOB0OeRKFUjAU/eU4bGRnBOcc4zzz0HBzikKNtyG5U7sAADLYw27BYk8ZwOhyAd1EFFJ8ut7J2Vn0utbO1nq+7u7NNkOKVtFqlddVbll1atptpdP3umtYgKcHrg9c4B4GeTnPOFxgZHTkU5duAMcMcgZ9PUnqTz+eOOtPaPbuAAOcEDI5LEHJUHJI6DkYIOeQCHeTkDjBAJIHQg43E44yO5xj+7zyKaSd9FJqySenxReq+T1S1tvoDvyyVkttErJ35WuXTVqzvrdb7pjdue3JbPHbJyQo68nvkfh3NoJODgDBA4zj5c9QTjBzgAHHNSKBwxIOTjGAcjPUYwOvTPHGDwaAp9mJyVVeCcjCgtjHUEgc5HJyeQm7vXRO2l+mltne7u9Ot9F2h81vdhq+tlaMfdVn11sk72fbZJQ4XliCDu4OT90c9OCM+2TxngAUzbu+ZeRklj/EAT6k4xnBAA29c8A5laNQeAT8oyc/NngkBVzuGOo5AI5AODTgMbfkAIGMjIA/i9CBg546HBzjnApJb8qvpbdaWbT31a16u27sZrmla6UV10lsuX1afZ97u+zIlHB5YheQR/Eoz1B6Zwc98d8U3IO7B46kYGSSeOoBABx17dueJQFclGUAAkA5H3RnqCAfm7j0PYCmY9QDgAZ/hPbnqCMHg98DqRgCa09Luzbte1+t3f8H31tSVuW8la2+trae93tb7/kNP8I4ABwd2e/f1JPoBkcn0pSQR93A3jpx8oJOOnJPDc5x0zTthO1hhR1OP7x6nPqecqc4/CkZCGB4zlscN33fe44xgYIxzgZzkU2lpdJ2aWut9Y6vZ9NH1t6CbS3t968u9u/3eo1SWL5UgcYJI/wB48Nx1AzzkYzgUg6sQCq4ABHOcZwQDgYOehzkDPQ1J5Z6jGT0UgEKeODy2QQOc4J56YGFGVIGSwLEkEcAKAOcgg5yBkYPHU0TSdnypJLp11W/vX1V9rLW6W6CMn1clfSLS1fw6WSfe+2relmhRGSqHAO3KsTwfmORwOeB1HPX0GalIGPL3MMtjO3oRz3AJPP19CM4pAzHkKwJUfNxnPPOMcnpjAPA69zOHBxuUkKBjovXk44565YDuOBgZMqVu7a0W1raeej0u7X9GWqb933m72vfoly3395bWsk90mkk24WjYEbTkA7iNwJx8q4znIyOmQeQTmotuMbTjb8xI6kk7QMY6EZOevYYHTQ2BlUfKARyBgEKecMSc4zgDJA4ODmojEBldx3DcpX5eePl+YKQcd+cgE+nAp20aet29b26NK7u19yV7F8uq1Siu9+/klq1b7t72ZCBgBQxDFSNxJxnI4CkZ7kE5PXigIGVDkkj5iG4+9nGBnr6sB3PA6mwYCVUqOzFsEZAPVRg8ewyeQMk8UKCpIxnAwoyOg5Od3OcE8dPwGK1VrKSsrJ/JO179Lf8ABvoyZWvFNR0UbXu7ysvXW62sla9tXchaPB4AOBwRkYJ7cjnIPUehHYmqpAySoI/hP90E44DYHAyC3bsTkYq/IGIBxjjk8kgYOCAOhOOOcct6VVKZXkZYAEkd+pIIJ4OOvuRipS1be7srK9novv8AL/PaXG9tLJpatd0ndNW36bu1rXaRXVRwqtu4Pfp3BY59jxyc4H1Q4XABHB2kjBAwAclhwBkZY8fn8xeVA2kADHU5+9tGRjnPBxwMDtyKZxg8KOOQG6Ekrk5HJJ6DoTxjpWy0td9U0raa2bWi3Sa2d1ey7GTSu1ZXST0vbVLW1vlazvu1bUjYhmIGTgEjkdMnrj/ZyM4wOMkcgsYZbKnnAYEeu3bggdlwOTu544GAJMDJPBDAAYGCBg5+oAJye3THFNCAnB6DKjtu9d3XCk5JIAJYH1IqkoqW2972WzSVnZ6X13+6zvdXdktb33vzX+Te+2n5DFJ+UYyVDEjkjkkc+mB3OeCDnAqZAoD5BOBjduJHPPQgDv8Al/DjBpBGFyzd+hUAA44Ax3A7L3x/tZp4XKnpgnsQpDc43bQCM445wByRkcTOKsuVu7tbVuyaW6t5PZX3V1ZCitdenTzulbyd36adh68kEYwwI7k4XPHPb15z6Y7RDOCQcgBsgjIJBIxjOcY5/wCA5Oal5JHIGNxbJyScdjzzuG1iQQDxuHGGALsVdoBHIyeASwwMcnoV7EHJx6HJvW1+3lb4dPPf56mym0k0mnfo7NXt96TV7Pu9EyFiCcYAJwQemSRnAH157Dj1BoYnkDOSQDkjpkfMMDkj0yO4x3EzoBjI5BxnJ9Mgc/h6A8dTmoic5G05wCB0IyeB1xnGOO4HORitYWvdrmu/luuZ9U0tlbdvvtLbb7O71te+3Sy3e727PvGw4IVjy2AcjggfNnjI5UZGOSOQQKhbglVyA2C2Rx2yM4IPB6DsDnsWslsEqAQCPbv74JzgEgHPrx2hkIBIHHI4GGOBkk8ZP19M9ec1cdG0lLrZ316WS3tb111WnSJWaWsWvvvotXu+i0toRFFKna3Vh94fMR3GQQB0PAyePYlYZAigngZ7d84XqewwPXPHXpVkDPQ4znOTjAHHX0x9AfyqJ41JJ6EFR97gEg9QMjOSOoyeDjvWkd9b23e+r26ap7eez7WycVbZNu3lfZfpa6Wmtk9nVIUEYYEdSBnJAzzwMn7p69Og54poOWPdQGOSOo6Dnryeh4GcdTipXRXOACDwcEcgjIAXOck5+ZeSe3ygUjKv3lDcqBjoSOhI/HGScMPmx1IPQnBLS+/Z6W5bron0+63Qxcadtt+VJW0W3o/K2nZcu5EigFSRhRk5OcAEYGMZxtPRgeu4DuKYMg5LHIzuIwPlOccc8DGSOp4HHJFsoDtOO/UHggdgM4257nOeAcVGVBIyM7gc7s5yAcE9emcjGAwxu55rRTjuoya0STum2kuzte3M77t+jMWpXum+bTe9+iVut+vfRrSyZXyeuQSfukcZDct7k+oJwW46bQAN94g4yWx1HTGcHJycnscdOndwXoo5HLHgd+gBHU4zx29OmImG0rtwct9TkHnJ6emc8gcgHJNNScmur0d1dpPSOt3tdX2d3d2MnzqVk9LrzWlla93pZPXVu+m44Y9cDcCwOc5x7k/KCB1wMcY9IGPDDdk4JwDwMnsQMchhjquMHpTyoP7stjOHbJBOOvI54BJz26Y6ZCJGclcEhsnJ4PQMCR6HjkdgB9LVoaNtu1rapLbVuyd3p9w3a3vu8kunp5PsutraXt0i+U8kt2YZGACOP7vOcZPX0PIppCjAVgcjGTyQOT1GRjHGAOoxkdrIQKyvldwGAc54PygnPGR6Y9D2yGuOMhVJAO3GOfUH3GM7f4QASAKpTSdrOzt8lp5/NdH1tuYSd3dNWfJq76Xtpayton031tZFNyuBy3IJIAyTw3AzzlhxkE5AOMkYFU8lQBw2f4cg9iTzkNgZ24IAxn3vNFnBOOCF44ADZBznAznPJx9O9VPKySARtDMpIznIUEEjJAwMFcDBXGOavmTTtZKyvbyS19dL9d36D5U2/dTvaTba0+FPo9le6XbS73g2qzAfKVBJLHPHY8cfKcjB3cHkg44XyiOAA2NvIwOOAenBx6+nfpidUG0542425YkBcjOc45PpwQTnvguMf3hwdrc4zk5AwAfY+xB984pqbTtu0rK/Ta+y8lfbda6mbp2teK6Wtpb4dHdPo9fne6ZABjKkYAwcjOcZ4GT1PTkluG46GpQikFs9BgZ7gjOQMZAGeQcnOTwam2ncFCZGMK2RjHQnG1TuPOAM5xxineTgAkY4wwznJBPO3kDOABgc9cnFac+j+dtV5dL/AH28iPY+mya3fSLt211s2tbu600rlQQDjOACR15OQCByRjPXnHUd6Tyz6Doc5PvyRg+3Tv1x3q35THoCMgDBwAcHduz2yBnjt17ijYyhSAOrE9Cc89jyeeo4HORxWaaUk2+iSTV7apu3otNm9Fq9yWnzJWevKlJJtW913u7XW99fUrBBgA8cEYHJyMnOcdMDjPQZp3lx4Gee/I3E49yOc9sdCOcnBqdRnDbcd/lwMDB7Y6dPpnHFS/IRwvynA3HJYqRwwOMAZx6A8nHWjmaduXfZ7ro11v0Vkykm9VZ621Ulu7LdLo077pbJsz3jAIGDtySQCSeexPbHfqfxGAxlGQApOCwB64UnkKcAYGAMY9cqxOavuj5HLLncVwFHA5+bnByOhPPGAOagw4DEZwOe2d3cEjjqeQMnnk5xUt8yu92ktk7bd99VdvS62KUE7KUlstbbxur/AHN310Se+6KBwFKnOANmcZzg9+TwST7AnGDwSsfVc8E5yOAQQcgDPOTwcjkd8HGbbIWAboAAVPy9cjqCcZQnaRnA+vJaUByPvEcH7pI9sAnOB/ENu3nsRlqVlprZpdX1Ts7+ib+d7lKnblfNqulvhacXy7rvfpqiLczLuUnnIODgkEjHUHIxxn8M5HAYcYOeFYbhgj5TwQM9ccdgR2BzkTKAQWC7QcjLDOB3G5ufRh7jr2AV4BGAGUhsnJJPt1zjpzz+VXzvRct3ZbN+67bNaJpeT2tZaCcbRd9XdJR83bXo7q19WtF0W1Y4HygkgEEk49MHBAGRnOQCeo9RShgCP4gR8uDwOoBJA5HQjjgAnPcy7VIkAHAAxz+GBjOSdvJPHH3iNuUQDlSCAxABGOAoBLZB5APUncOOnem3zLz9FfeP69LJPbQSSvGMmtk3r0ulfs29EtFftdai9QpG4KFztB6ZOWBzkZH3sdAMZ4p+NpI7jJGOeo6Zx69PxweVp4JX7y43EDnBGB8vOBhRknAHcnBXJBkC5LfLkBQTjHOWGCByM9R2Gfl5OKy1T035V9m17pXu7Xbt1u7K6SjuDhH3Vfqn8LT6aW3SVndvTZ20GKgAOeu35ueTnoPz7jjng0LHgsVH0JyQpxk8Hg+uegOOgzunCBcrggngDtjOcHBPQkHlsHJzk04JnBxtzx1IGOQDkAYAXrg8dcnANVZpK76J99+VPRdbv52vclP3vd5ZLdLXVWi3dtNPvre7bbs9q3/ATkkuWGc9MEDkgHjPQ8jNObJAGT8uflHC8g9BkY25BIyOnUkZL2TY3XGDtX2LAnIx0GW4x26AHq3YSwPJPHIIycA54PQjjIAXGMkZINTurpdE3slrZa+nfVu330k5N3UndpKOl9OW+radrxW1lpqr6RsphQc/dKbS2BxhSckE5xkgHaM859qEdFwMApwFHTkDIJGc8AZ5yOMcikCErksBkHAJUDhivOehB4wSR+eS2LBclgMEooUA85xkk5weSQRgYwaS2bd72Wmu909u/TSysumxqouyaSSTW11rdbLo766aX87nb+FGxrekZBGdTs+BknIlTnsDjdnrxkcdcfzH/wDBWWYJ+2f8Zw8bSqJNCBQBxknT4wcEYH8RGDnJ4ya/pz8Kp/xOtHU4P/Ezsge+MzIfXr35yw+U1/NR/wAFWrdR+2t8YGaMMJf+EeyvQMW06IL3zkkqAOePYcfEcWqM1hlHXkhVb11aXIvJ62enfRarT6TJuanRrtO15Uo3etrO2nrvbont0PkH426VNrP7OGuWkYu7O0vLzwnHJa27ttKCxQOspXkqx+Yru4HA5Br877zwtY6LaxadY2EQ2yW+fJAUnew3M427iS3JySPmOcZNfrV8RLET/s+6i0qCEnV/DkQCAAMI7GNsYK8kjHGOgI55r86NdktLWW9nYqBHd2aIzqC65kXJRcZYnPG4Y4wD91q8rwtlSq5fmVWcE+TM8RTi3Zv3I0m3une6te/bdC47hWjisDTu1zYCjN2u1qr39bLa/wB/X1b4W2i6f8MbpnRLaVNeuFUEgEAthuDwckDIyPxYVl3NjcamdQiWJkjfczzzbUTaAdqrnHIbrtGPUjFegeBpNKh+G9xcSW7XtxceIbs28UhCqzKWwwzjO0EORjHfacEDjdcvY7SG+1PWtVttM0qKP9+WKRQYwWdQz8g7chtv3wuB1FfuWHx1OnltKnCKUvf5pyaUVFNNX779r9EfluJwDqY51JNz95WpxT1lanvbT7t9vMrXHn2cMVhp5e6nn8Nz2zsgAiQvPGpPmbdrMBnAU556c1x3in4g+B/htYBNUuUvNYjtIo0sEZbm/uJiuSgjBbyELHHzbQFz65ryrxf8Yda8V6unhf4PaVLMjaSbB/EUsTpbRBplEs1uGBDyBh8j5PHzdcEb/hP9nuz0e6fxD4zuJfEevuY5GW4dpkErESMSzsSQORgZVeRkkKF+fljquIjKlg1zyU2p1539lT22W7dkktb32ff11hVQdOpiXyRcYpUIr97JpRtzvXkgl0e73Wp51rMnxR+MFgLqZX8G+Bje28UceGjub+ORhtyAQwDJyMfJkcg4r2rwr8MPCngiwvby0hto1tvKkutb1Up5gVFBlkDSBVjJYk7h2GV9AfFf4qeCvCOi2mnzzRXutQ3cUtt4d0r55dluCsa3AXMduilhuaVQNu7A618JfFP47av4rmk07UJ5pNxBtfCGiSsunQ5HynVbqNh57DALxoxUcjBGDXjVsVhcBKpOrNYjEq2jlFpS0235bX2V20rWe561ChWxcIxpw9jQ0doxd2vdWrTUptJNqTaWq2Vz6k+JH7Q+h2elal4e8CJBqlxJZyQXvia+dY9KsSg+cwE4a7lUoCqR7gWwccLXwPrPxL8V+NbhY7Ce/wBc1iAPCdXvhutrOLOwCwt3HkwxL/CwQMB1Y4yek8FfCzxr8TbuQfZmNpb28ty8aAwaVp8MMbyMuF2pPIEUqT8zEsc9a+wfgl8EtAh0PSta1exWb7TeTQQwgKomkjk8uOebaAxiLq+0binfocV87jcbicxxEKbn7GNSN+VfCoR5U2o21vd2vfporae3hcJSwtBz5FNxaV3r7zcdG+rfVWUUr6aNHyR8Mf2cvEPjHW7e91iLU9Qe4lU3dyVkKqrHLpGzDJLDILLuUbcZ5JH6R/s3/ss+NfF91400f4XeANW8Rf2NeRae8Gm2bzQ212qk7tQvVDRQbgrFRI/8JUAgcfZ/gHwlZaVPpVpommpd30ghke3soIzawKAcrcSKm2IhcAAnBOR3BH6e/wDBKr49fB74F+Ev2lP+Fl+JtG8E3V58SZ7iW2vlje9vYEjAiGmxx4lkKvkELuxkDHJLfAcacXV+EMkxOM4dy6GeZvQxGGpLCyVSo39YrQpSqOFFOq1C7do297W+p9Nw1lNHPMyhQzKq8LglTnNyTjSfuwTa9pP3EtLNrRpW0ufjC2ga34eh8QeHNahl0q90BZrK9tJcCeDU4lxPbs3HMe3AKgex5JHA+CBHZfFRAZmmYeGIcYJLb5JHyOSQeecjJyPu52kfT/7Qniaw8ffFz4n+LfBb79A8X+Jr250GKaAW01xDMyot0YSF8sMw35IwFIOeK+P4La68H/EnVru8vYnew8O28UsrOqW0E7MzEfaJDsKxg7XZWIJBwSvX9gyvFYnFZNlOLxdBYbFV8Lh6+JoSXK6FWVKlUq07y1ThJyjZ+8rWfY+FzHDUcNmWOpYebq0KdatSozupc1ONRxhJ2upOSitui01SI/jDqkcPxIWZ4ciCwgWRWPMz7uEwORk4bHHbjIJqr4q8XDTPC3hzVvEV9aafo2m6o15Fb3OGJGMhEiPzTSbVz8oIC4BAFeL+MPHg1rxhOvhi3l8aeI7uVYWljDHSLE/KAzzkFGCcE7G5YHHoGX3w41C/h0S9+IGo3Gvahc6uqw6Ursum6dEmGMVvCpG9gCyNJt4/hOVGOiThFOVBKrVnUhebf7tS5ou8nfXe1o3ae7RyxdWdRqpJ0qfLaOvvtWitnqlZWvJLXXXpd8R/HT4pfExZdB+GNnPoeiS74ZPEdxH5UrwEkMbXhUjj2fdxh19TitvQ/gVY+B/B2veLtT1hdd8Q32nN/ad/fg3FwLm4P3bcy5dPvZBLcnpk5WvTL+78KeBfDC3OqvY6FbQ5aEP5cLyRxk7ILeBfnlZsbcKCMjcSQu2vi/4u/tMXuseG9U0nQbddB0iaURtdTndqeoqjYR4YGBMUbfeG9VPP+zW9eeHwkHXxuJ9piHC6pxvywTtpGK0SV9HLf0VjiUauIfsqFBU6KlG87y+y4tuUrXk9HdRja72tY6/VrC4bUld3ZoI7KzjVWZTkm2DBw3RXOcEYXHQnHy1zkulzySortGkb5wZCmfvZA6+gJH4dMgV8mJ4w8V3vki31HxDeI6IRsQgY2ju2XLY/iBO0dODVqbUPGkhRV0bWbkjo01zMpJHQ4VgDjGc4A54BGc/YZdxzg6eBw9Gnl2JqOnTim1flnJRSfM4wla977ap67H5LnHAmKxOZ4vE1MzwlNV686jptuMo81pJNznFNR0SSd/Sx9TXdhbw2s/m3VkyLbTZR5UDbgrDaOc56YPRhj021T8LHw/DotlJc6tZ28u6clZLqJWXDH5ZFJxnpj1yQD0r5kltvHdxG5PhyRB5bl2nvZvNUYGWwzDcOc45PUKMkVS0rSvHE0C/ZPDVtKoZiJZpHYNyR8qscn5sdupO3OMHV8cVoV4VKWV1U1SnBRcaz+J0uipJ20evbV2uYQ4Cw6oVKdXNqaTqUpNwqUYpOEZq3M6jW8tmm3a6VkmfX8us+B7Z2WTXrI70+bbIrEOBn5SGJA65K9+uTmsXXPGPgZNHv4INRt5rh41jC+W7FyXyFUnIHHQ8+me1fOieGfihLIPK0TTrY8/ehRgDycBXXGfYYbPzLnpUWqeCfiallcXN2+lwW6IHdEhi3BcjOzaAcjP4d8DpNfjPOqtOpGnk843hK8nha1rNJJuU5Rsn26Ppor1Q4GyOnVpSnnUZONSMuX6zSac1KDStFO6b9PLRpn0JpnxD8FQWVpGZp5JUhjVlitnIBUAbQSpzjsBwMNkjg1JN8TvCSY2WupPzkbbcruBYcZCgHAGcjnpg8188WHw/+JN1b20kerQW0cqLJEFtlU+WSSCz7ATkYIOeSBnOcVop8JfHcwLXXikru/hSEgnBwCPlHXjG0n0+Y9FDijiypGCo5ZVUXCCi/q0I6OMVvOo7rzs9lfTbf/VLg2nUqyxGZ05TUm5RWJvZtrTlhTitHe9r2dvV+k+J/iRol7aLDa2GoKsV1HM5MG1WVSCETIAJIHUnHPJzitCH4u6ZGML4f1J1ACxh2hQYCjIII6c8Z5HUcdfENW+EuvWMcc1x4mvp0lnigKAOoDysBuAO3kdRjv6nFeg2f7OtxcJvuvFepFSiMR5rggsoJGMg4BOB1xtHOeKxhm/GtbEVPZ4SUKjjT5rxw6tHZNtuXnpa9tLXsdM8m8PqWFoKtiYypKc3BqdZ3nem5ppWd7paaaaK1zpJfizGJXli8NlXKsR597AinII5AYKpKjgnHJPORxzOp/E+Sa80+4TSrGF7UyMqnUYm3lyPvMG42kBhjrgjPJI04/wBmrTmuFSbXNVm3rwDK53EY3ADcFOeecnpjPORU1P8AZ50PS9T0K2knvWTUrpoX3kN8q8EryQDn5SDgEleAOKderx7UptzShDngk1Uo25ueHK7Rpvq1d/N6WMMPHw3pz5aVpy5KjvGNVpqMLzu5VF9lPe++jID8Wb51kLW2g2xYBQXu1kJAPy42vjgDoeQSTkDGc2b4taiEYLrHh2225G0Ru5A9gpYH+QxgEkHPqafs9+C4WRJIZJFUhXaTK7eQAMgMPXB6EfN3q7d/A/4e2NrNIunKWSF23yM2dyjgj1znIA4x+R0llfHtSHNUx8KaSTcViZxVly6e5CK01uvufVc0M58PKVRRhl0pq6UZTw8GrppKynUk36+dnfVHzrL8UdTXVDcjxPYI8lsI3ntbJmVEBP7sKQVz1IPGMDngmrTfFPU2jAPjK56YzBYFA2AOhKc4A4HQ8fLnOfStF+HPhS48VWdo2l2xtDpkkzwMCwaQcB2HPOBnk/TJKkexW/wy8G28QaLQbJtqsM7N3zAk8KRgjJ6DBJxnoQeXCcOcW4z2t80hCKqyUm6+LbcrRctITS1v66arv147ivg/AKg4ZV7RzoxlFeww8bQTsk3KLd1q/K/Q+SJfiLfTIB/wlGvy8At5VsFz0xwEGFJGccD5RnJGRhJ4tuTc3Dm58TX7zMCGjMiu4PP7wKMn+HAI6DIIxuH3BF4S8OQqwg0G1ULnJ+zxkjgbednQFioJxnkHB4rltD0G1j8Xa4y2FosS+QI1kgj2jpkhVBOcA5AHIwR0qcXwPncZ4T6xnM5qrXVPmj7WXI3GV5JTq67NWbWsu+6wPH2R1I4z6vk0Kaw+G9q0/YJ1OWdOPK+Sjpq3J3vtofKR8Q6ldIyL4d8RXRIwWnluTnOcY2tgkkjnBOTj6zxHxVMIkh8C3DRZB3T/AGwk9M7mJ7jJIzzyDgA198f2XFCuESzRWY4ENvFnsQcbCR9MADgE8Zqy9sRFuZI1UFsAqAeEOclcDtu5AG0jGeM+rS8NsTUi/a5xXso392jGOvuu7c5Ss2301fzZ5lTxUoU2oUskw6u0vfqT6tatxtZW16Lrax+fthpPjXUGu/sfgyG4eOby5nc3A8g54j5GRjqMck8cgCuoi+HnxFuFUjwppFt8uMylsgk4+6zE57lcgDn6V9f+ALW226y3khy+sOHwwGRtIB5wcggZOOT64Brd1B5xNJGkI8oT42YViVxzk4YbcY4H4j00yrw6o4ihGpUzPGN81SNqfsoL3Z235HrbX4na3QM78Uq2BrSpUstwbjy0rSmqlRrmpwqNK1SMdL6WWy6nxkvwv+IKg5ttAtm2sx3W4lKgLnGV4UY556AqT0xXD6Z8OPF+q+ZImsx28X2mWEiCIbQ8bsrbAoDBVOABngZ+Uciv0Z0jTY9Qv3ilAjU2Vy7KoAViIm7pghueAQehz158c8IabCbK9VGCiPVNQUk9gk0gPOB2U9ABwRhhXoPw7y5Y2nQlisbOKpVJzviGm5RcFpaKilrd206b78D8TcxnldTFxwmDpyeIo0qdqLcbSi+fmUpNOyUeVva78kfNZ+CfiSYqZfEU3X1lQjr15AC/UcckZJ5nf4HXUcbzXHiS7KxwuzIkkhDBU39CT1xyCec9TivqZ7ZDKYhIzAEZJztHXgDPUgccY5xxjNUtQhT7Jdo/IjtpmzgAE+W2BwBkjjod3QdeBtPgHI6dObjTxE5RjLldTEzlZxV725le1ktdFey7vhoeI2e4irRi6lGCqVIJqFCnDRuN7XirW097X11sfLGjfB+21Oyjmk1zUhvd8xrIxVUR8E4yevHP5DHFdTD8DtARVkmv9Tmxlv8AXMMg8AbGKkZK8g46+nX2DwdBE2jWzJGrP5kmSTwdx6jkDaM9cEck5Jruo7SKN1VoVLMRkdiSnQck5JyDtAJ+uRTwHAmTyw1CrUwtOo50oTlKc6kk3JReq5lrJb9dexWaeIeeU8XXpU8TUhCnVlFKMYx0i7JXUVq7a3bad3pqfPM3wQ8KR2N1ceVcvJDbPMHkmJGQDndtJ7gdCSRxgkkDo9F+DHgebT7GeaxR5ZLVJZWJkwWIJyMnn0I645I7j6B1e1htPC+oSfZ4cPYSk8ZfPtwMED+H+nFc1pUoGiaUVRcyWkSggLnkN16diOnPQAHrXU+DMlpY2MVl+HklQjJpwur80VpfrbRtK7b06J8kOO8+xGCnUljq8JrFKDcaji+V0k7JXd11t30u7q/DxfCL4f2zpnSrZgCHy25jgg/Kck45AOCODjIG6qviPwL4KtNDvriy0myimjEaxsIjvBLKHKnA4YZyck8g45NenyI0LhnQ7iqgZwTzwMZA5AwCDjnnrknB8VW23Qb9kRQhjjLZwed65x14PcHAHrjiuitw7lVDC15Ry/CQlCjLlaoQunyprVx7ptPfvbQywvFmb1sZhoTzHEzUqsYyXtp6JyjZNJ2066a317D9P8EeEjaWbLo2nKTaRSM5hj3F2QH5mIYtk+m7nIPGavyeHtAiYBdJ07AABCW0XJII5LIeO4wOo681tWqZ0yw8tMP9itwc4YBdqk4xk7Tx6YywGetTyQBcJsDh8Nk4wOvIwePb06g56ethcnwKpUv9kw6TjTafsoauUYN6cuqu3r0elle55WKz7NPbVb47EPlqST/fVLfFaz99+nRddjyvxpo2nLpErW9rZRAXFuGZLeNNgLj+MKMHsfQDAwc16PpmiafHZWLixs95s4m3raxgDKADnb6lTlcZIBDevMeNfJi0OdJAQrXVtnGMli4AHB+6fu5AHU4ya9L04+Xo9kdhb9zCE+6TjyhhWB7gnhcAD2IxWdHLMHHMMQ40KEX9XoWfs0mvel0S037X++xWIzbMXleGl9ZrNLE4i8pVJNt8lBWs3frtr2SV2nkPZ29urD7PFnBYlI4wAOcKCFAJ4464zx1GPMPiJZE6PanYVX+07ck7dq/fGMqOSRwCQAACM8c17VdQlk/eINxKEYY/KrfdBxgkgA8nOMZznivK/iFGX0u3Byq/2nBtHYASLlhz7thTweO27N5pg6MMHWg6cLuC15Iq3vQv56J/8FhkuZ4qeNw8p1Kj952vNt7Le7etmnte78jSinkgjiUyMT9miMezO5R5YGOhycZPXJByPezEQ6lpJcvuU8nacYyCfU5xnG08dVq5Bp7NFHMsIkCwpGcH5h8inK9MZJP4ZPykZpzabJECWiaLco271zlSW4BAIGBkAZBPGMYzXo0qMPZQ91WUIuMbPT4Uno2rKy1fbRPc8yriajrzlJyk+aVk5O26tJ9NbeSurbtt8Frh8zV/C25cqNbt1JJb/np1HXjn7wI6ZOCTX1FDZ2wMsQiSRpN7qSNwAKjAwc9D0yevp1r5q1souseFUG1B/bduvzJzkuuOCDnoc5yffCgV9b2lo7sJIolZnLr15yAOuDwOh4x6+przsLSpSx2OXJHmSoO9k7r2cfNWbeuv39X6NevUWAwKjNv+MrXdtZx5rbW1l7tt11u7PnfIhhiwkMe8gZzg5YNySCB1HHOSB+deP+J9j+PPBgPybZJTleArAYGO+MnJJOecduPcb6B4JFkdWA2NwFUlmJJO04J5zknquT0HTwDxbMR4/wDCSjeMNOSDjnkjHBwB645JBzg9bx0owoRVlH/aMPGz0/5e00m7W1e2j+5Iwy11K1ecE3/u2Idlff2MtG7LRu+t1e/Q9SvWCM8XLeZIXwSCCAST15I6DPUZ6E1z2qq/kkgqqlCMIM7cgnkAYBGeg6nr0zW7JNE8heVlXadm5pEAUnO4nJHBz1IH4g8YuoX9mQ0bXdkFjDBm+0RgnGSp5PbC5Hb0J6dbrU0pPmir7XnFNK0dfXs97aLS9vL9lWlZKE5XSUbRk+i006tNdNN+zPJ9RWNfGPhtSAWEU3zg7SHOc5xjA74PU/mfQd427IwS+7aCwDAZYcnjgYXaMHkk9lrzXVL6xfxn4eeK5gMaRzs7rLEyADcAGdW2q2B3OfbnNd+dW0lRvF/aoQS3EqsrEkFiByQeCCAB7cYNZ5bisPCpjXOcIr6zGT1jrejS2u1Z382le93sd+b4PFSoZby0qkmsGlJKE5NXrTaT3sle6TWqbS0NRSyxkMN7E4BIC5O4ADjHy46fN6ZxnjAsAzXniUKmN8bg9MYNs+Oh68HjkjP3cjNSy+ItIVdxvN7DPCxOwHIyPk+Xntg46EFqr+Hr6C7k8T3cbO1sCg3OhUDfA0eDvGdoLbegwRnaCFNXm+NoYiOHpU505yvVbUWnb9y0npfto/kvKcjwuKw7xdarQqU0qdJRlKMo+77ei3e9ne0bKy7Lrp9D/AzQNI8XfCXWfDutWUF/ptxqdlFPbzRCQqCrk7GcZD8ZDJg5wB0Ofnr4z/sYmyttS8VeBbzy9O05pbptHbieGOFhuEEjcsQScfe4OMYr6S/ZXlkl8JeIFLZFr4jt4GRSD91ZOCOy8k55GM9CTXvHimZZfDuowg4+0Nc2o7/eO8e4GFHGff7rAn4DFZVg8zy6LxNFTqRhKMKy92ceWTSakle14vRpra+r1/U8BmeKwOMfsKzVN1YKVKWsJKfLZtOyTae6TfnpZ/gTrkGtWEq2WsWU8sMQVXSeFo7uFTgB1JG9wQvDDcrDg+/d/Dj4m+MvhdrSa14M1aW70t0WLUtHnkZklhHHkyW7NhenHlgA4yQec/rx4l+Angz4uaFpVubWPTfEraJbm11uGFAEfC/LciMbZkYj5iwLLyfSvy3+Ln7PPjj4aeLdbhSJ77T9CubZL3WtLUmzVboM0bTIMMgcLlg2AOc8Gvhsy4dx2QToY7C1arUmp0cXh3KNSFlzNVEn71vtXumtN7I+8y7PcBnSrYPE0oX0hVw+ISlTnqo80XJJJtvRxakm1bY+2fhR8V/hf8bND1vRPF0On22t6ik0kuj6wUViyKd32OWTGXJwY1jO/pnPbyzxd+z74o8CIvj34UaxK0CSKG0Cd1by4WYlYSzDZc2rAFfKcMQCAo3Zz8N200c+oLbyq2nanbOWtdUtJfJBcqCrOyEEMM8gFs9xmvpjwR+0j4s8I6BL4P8AGMZ8QaE88QttajJ+2Wccbg5dukkagDJBLLzknjHr4PibA5lThh+IKSp4qMXChnOF/dzjJOPKq3Krx2XM2pQfVR3PJxnDWMy+r9YyCqpYW98RleKaqQnTdudUm3abSfur3ZrZSb39c8EfGuaDU/7G15G8FeKlhEc+lakkq6NqhORJJbiTH2aSbIMflssWSMYXBr6PsvFNhqPh6PTZi2l3wZ5UWRg9peSTkhWtbtcQvnGQhw/IHBNc1qHhz4UftB+GFuoJ9P1C7TTIhb6pp7Rrqem3axhUMwBEm6OQY2yZ5B718n6xY/FT4C3kmmTQS+OvA4YqSyyXUkUK5Z54SA88E0ScFlPloy8HHT7bD5hjcl9hWhWjmeW2jKljsPepBKShdYilDmdO13+8otRvq4HxVfA4HOVXoqjLLcxcpU6mExF6cpTat+5qVEnNdVSrav7MrWb+5b+Jo9KKNGSYrQliDkEtg5BGQc+ue+RxXQfDwEeINUba2E0u0A5ywGFxtIAAweAeg4OCQRXzd8P/AIyaF4x09LXSNQW4ldEgk8P6jIsOo2oDYZbe4f5LhCM7RlicYPNfRfw11C0u/EfiLY7W8ywW0ENncjyZyFA3BEbaWCnLKVyD19Afr6edYPOIQq05xVSTUUueLikopytJJqSb0s7SWt7Pb5KOSYvJ8RUpVYSdNUtW4uLcnKK96LS6O90rPRptIt/tL+a/wT8TxBwY3l0p5IgOci5A5BHXGM5OCCcAjOPlG0/Zf0rxdbjWLC9/sRV0ywvPssEYaK8dbVJpWlU52bmzgrgnORyefrP9oeIyfCbxXHIrMgi01lBzkFZwTggk59Tnjg1e8Bgf2HA2Avm+D7UqvI+b7IoJ55HGcdu+K+YzLL8PjMzr08VSjVSwtGak1eUJKUrOMklbfpdPW9919bgMwxOFwdCeHqypueJrRkk7r4MPZNO8WrSetlvtq2ff/wDwQCttur/H+3ZAHtdIFuxGefs13LArDJHBVQ2M5x/FxX7h6guyZwRuJdsHsRk4+gXPfuMdOn4pf8EB1B8U/tK5IyllKSp+bbm+m5wOcdeOctjBFfttqS/v5Bg/fl27RnHzsMleckjbknvg56V8zO9PEOMbKMaNCKastIpRS6tvro33sfoFBylhYTvZyqVbuyt9h2S32fppbSyZz23ZwSxydo5GAcAZHf2I6jjt0gmwild2QuME4ycYJPOOWx+Gew6XHRuCcNyc89D2O7HvgHPrxhapSoORkcIQcepPGDjOW4ywJGM+gA6IatSeuz0fZ2t2Vm9PJq+mpySjJTatd7K7XaL0tfZb33uyk02SFGQAAxJB4IwAB6HnJ2n1BwekO47R1DYJGenJIGeO3Xjt0ODyMqLgZ69F+Y4GMt9QDknPPXGM0hO0bsLjPI6njgZGWIz1475zzW9+ye1+3a/3Xtfa/VGFSNRdlrfTS2sVffW9r+drd2NCgMwIPIUZB9wSMABRgqce4BzkAUpC7uDgDkDqf/185JyO/QkqVA3ZBG7CsQSMc7uDyepAHBPTgjg4dgE987cccnceoHHPv/Pn5XF2d+bVdrq3ro9dtlbtayvko6O/a3ysu2mjW7Ta723j2Lkk5OSCOfQZOAQOq9T3wMe0chG7A3bgpIb5ckjHHQjPAG7J3dz1IsBR0J7DAIznIBY4ORngjJ5x9QKa0IwDjg7gcHg5A55OQBjAKn6g5xWye173smt0tOV69He+y9XtrmrJ7XS1Wrtulrq3s7pO+unQpBhnkHIGCflwxB5Py5GFB6Z5yxy2AQ5QD8o+YFdvX2Ock9ePxGcg8g1KI8r0BJJGPQggfNnp83Xjd+dJsO4gsASNxzwexwMZ5bjjoATnPJa172lkttvlrZ6N7vpu9baLVRuk3e/bXV6N6NW36LbydiNlXnCgMcfePQDjDD145PYcE4wKiY4IycDBHOF5HAVsDgjpnOcHkdTVox84JABA+ZeQD3UgknHA3HuegxwYjGCQdvUnB4wAeCMZOMk5J65ODzzW0Y2ik3fZW7XcY2vrda/J30ZnKLS7W2d7320117v77dyNfnBByGO0KWYdF4POeQQBgnIxg54BMqk5wDkEew2tzkHPAGDg+4ye5DFB2kqpODhs4U+nQ8/UknIAxwvEgzlVxkk7iSAOeVCqMkZHI4HUncMCk3230Vm03b3dratNa69k9VsuXre2naVunlbrvqr23DIyo3HJ67lwof69Pm5PpyuSccwMRjB4ySQe3HXGRyD8vzZAyQOtWAFUkZPzA7Qeu7LAg/n/APrO7COoP+8gC4ByADknaCeAd3J9OAcjNKLjtrr13S5Uk72V9eitfyJSve3k9b+X5aaafLS9Uv14yMMzZyD0yODknHXGCWzgcmlVwWU4wAmAflGOTjsAPbnjA64pZIxxknAVgxIAOeQBxywyuc4JPOScZprR/wALkfcxkkjI7AD1Pbn8hVu0radl71n2WnazVtPPZWQnzaWVtr3t1s7/AC16NPsxrMQQATnGFYjcVYZOV6AkdSMHAAyc03edhUZ5OckDg5wDgBmJxk5AyOmM9HOOAQxB6YAyeSBxnrgAHJzgDI70gViylTjGV3eg+hXr9SMkHHaiKi+rsr2aasnp+X3q/RDaWzva+ure7S6dNdLaajw64ADMrA4O48H3z2AyTjqD37B20MDhs8AKFzgEkgjB49CQx6evSkUBdpOR8x3cAEnPI7lcjg4wcZIPep1UfMNu3cdxAHXAyMMON2B27ep3U1ZXur33u7W2dl2tbd7t6LTWeVN+7rrazvo7rZ/N+SepA65Yrks+0hgSCBt5JPygDABzgDr+TUViDgcqQQvIGDwzAHknuefoFzU3lhS/zYD8qMhiTwCT1xjOSO3U4zTtgIYKAW4GScAYALEdD+HQAMOPlNXFuTt1VrNt2tonqrtrW26WitayvPK43crXeqT2e2zWiST22te6K7KpLqWYlcgLnOQcEleh6ZGMDocggGmMqFNpyQSM85Hyj5epbHJJAyMY5qR0EbBuR1JIOSGGQGIJ6AE8E+3ApWRmUhcdPl543Zyc8ZAIAY9Qecgd9GnFK2mqu9XZXjfba2tl3tskZxSab5U+W+710tptypb/AI6O1zPdsNzjIJBBGSMdMg7hgZwOcg4Oe9ITGpZgQeQdvUE85A46gnHtjpkVbEe4sCvBOCAdvqcqeDgZznOcjHPZBAreYcKMEAHIyOQMruJyeeTzz0AGKpOLteLVvSzfyevztvtcxcNde3M9HZP3XrotUntr1XZOAkbWJBGd2AMcDjBwMcgkkD8QAajZ8bQzZDHawHBOOck54HI7HJwcAZNWDHlgBggMNwOAeQQR2wuQCTyAehGMrC8W1942nYWJHB4zgZz07gex3ZzikrX1S2elmvTq/W+rfTVpKXFJ3SVrtLZPeNr66v5/eQlgACoycnkkDaMAZGQN2QMAHoDz8xwAKFDAhsnaPlI6gk4OepPfOeevY1IYyQjBfvEu2cMRnvhSRkjt909BjAwpUDBA4VSW7ndkZJxj5j97oP61as7WS1tu09rWb1ta197X672ctPXtddG20tet/wAE9d+oiBS4J4yd2R8pGOoxgjIx7HHsaSQIcsAduWLHOM5xxnkYUZJPPJ/75ecMWCsNq/MwPBYNkgDuQMZJ+uSMHLGVgEXOWYuoHbtwSRjBwRycAtxz0XJ1fVaK9uit5a22a91drWEtlotP/ArtrVXVtNLeTs2UHAaQDAJU5Gc8ZzuPoo9SQMgd+hYxGf8AVjaWOR3AUcknuPmGeQFAAzVkxKWYHqRgjgggZHI4yB7qOmQOaVrdfLyRkqMAA4IwRzx15HTHQA+1O6TSvrZJL/htOq2+XYjvb9NNrK+mr19Nbu1yEN0AXJGWHIwRwTnJOfQ+oA5PZpYEj7yvyzKQuMHnHB29OhUkDjPTmYIVwDzkquOwA64OB3HJPIIzxUJOwDoGLY68BVJIJJ5I5OCMY5GeDVpRWzslZpdXsm9+l9tenYTvb3lurNb9Evu3TuujvaxG2AQAWBGRjHGGyP7v3c9BxxyMdai2g89Tgnn1A654zjnJGM5OTU+OQzKGBBPXjgAcbcY4PCnB56kdHKi9ACCRj0ABJwQGJOcjPUZwPXgvr37/AH6666hbXS766pvW1rLpHr/i9XYqlMbCvBGfocgjHbnHAOc+g45Qn5flGOSSGIB9Bt6jHGN3DDn5jwatmIFclckZ6ngkjkEcnj6dOxxURRQqkAZbGzO0j5ieeN3OD94gkcE5FC/FL/Lv6b6t6rqybrrFNKyi3dq/MlaX3Po77J94GQY67f4QO/YEZIGQTnJ+mD0w10HIAyDtOQd2PmGO4+Y56Z9dxHU2dgIydowc7jzuI4GB1ABxj64HcUzaSmApYgH5jxh845HGWOeQuD3IPQ0n3vouuq1slo7Lf8bfOHGLbikk93u1qoPza1Tffa+pHwSwHYEqvIAIGOeML0yBgk8tgCgEbiBgjAJJwO5wR1HTr8x5z8uOKmaPnGMkAEnjgAdFxwD2ODjn6AqE69MHA28EAnHJ7429Q3B7ZNJytbZWena99fLVO3pe1umU4ab68yUrN7KyXTq3rtdpb2IypGDyeOFOCAOmSSOhyGz26Ag1HhiAACGI6qcjHABx82AoAx3GM8AE1aKEbtuATgNyCCB0GMYA547+gNNKAEnrkYOOg47ryQMjqeSeO2a0TTskrardrXtdt30077WuTCnOLcm27WV7JKzSTvsra6a73k7t2VfJGSoznIADZPBGT06A5BxkjsOMBVcgMoyclTuIBPAHJB43H8AOB04qURkEqpXLADByec84OTjI4wcgexFOEKAsuARuAx2G7gsD16dtwBLc54NOVS33a6aaW0ve2nezf3aaKLjry2V09db7Nadvw6ibgSGOPvAYxnDc9RxnPI6BTj3pMgHgnIJJ579FGT29Tx83OMk5mMYUAKQFD8E7QcrwehJOflxg43Y6YqMguDyAck5K/dxwDyM55xj/ABzUXi7aXvs3a71T1u/LZrXZWE4O75Xe9tO/w6b273d3omttSDhgcDnj+oJYkEgHPUY5HORkMFcb127gccnBxkkgZBPPPJ6YBxzxUmwfXOMnjnGSMkYPPU5yMgDjgU9VDDkfeJ3EcHjgckAccAZALehOapN6X011b2Ssn09dP+CQovry2bXT/Drp/wBvdrdbq7ICoXkDGSAOWJ5wO/BB6cE9gCc4L1GGC4YhlwRkck/N1bPf0IIOT2NS7AxAHB243EnHfnJ4yfXjBIzjmgRrlhlu7Y/2uigknKkHJOAM9O2apSs7au7W1tWrO/a+2v4WWq+JpaLZ6PR6LbXRxWlrN3aXRkY2EYZiNrAe30I59R8w46kfLjCED5gOpbbuyCACOQB0yOME55/75NhYgN2Rk8Ekfw5JJHXqep3LxngEDNNABVgwON3TgDv1IXPXHJPv6Gq5n0bW1r6rS2rW1nbyu395FcqWl0ktE3zO3Ld2t0a11aXXsRiMbV+XJwu0DH8PUk5Pb2GABn1p6jnkEA5OB6AcY56evORnuTUxU8E4yeQNwOBk4Vu3TGdw9zkcUMC4IYjuOQMggY6Lg7eoAbn6jFRLfu7rs3e6u7try66Xdvid2lJ3dlvo3srW0WmvReXQgxx6cKqjHI3NgHBOcZ6/TOMUYyGO44yR8wByRxn8ugxxgk4JNS4U4AO5lGDwOD82CCozkcjHXgA54yuw5DhQOQqnk9fvAA8gdm449CDildPfbbv0jq3dpavdu69d2o21W90v5tFyprv37bNtXsN4HHJUjgHpkE5GRyB6HOMdxxloUK24gnOXyOgHCnk9O2ACcg9M8VOF5O3g8jkgjHB3Y4OG9eSwwMdSV2hxjqMbSCSAR6/L2BHTnJBB4JqH0/DbS9raq2tlu/u6lpPlu/LW6Sv7u8nddXdJdVqiAKpJIGCoOB3Ibv3G0AjKjsMcnGZyA4ZVzkLjPAzjuM/goB5OQeBgkwCNpHznAJI6BexI6Egjj2GRnOJCpAyox2POSWIAXHHp16gcqflJxLb6fK+q+fy0vZbLyuQ95Nb6pva70vsuj0i9tPtOzRXEIOMcFwVOTkFsnGBnqRyqgYHIKnqVKqGA+6ThG6MQwBAyMjIwSFGOuep6zlVADjgqRkdc5xnA6MdxAXjI7EYOI2K7gcHadxIyMnGQcDuTyMjqAP4cZSb0uuz69OXz0ej273SVjR0ouSXKlfdyu9bWaS+9pSett76KL3LDk4I25OR0P88YI+gBOVIJyRjgdeTnB4GfXP0P1IpQRvGB6nKjIwfuqwz1GBtIx+A4Mgdg+SCAcYHB5x6cnPTp06HI+YPme129L2u+rXR/e+uglRXaz3svedtH0vv0vbbb3ldhC7CcMAQM84Od3OByGO7dlue/4m4NxjaBgFsHntnB7gnB68nj0qwFV9pIAIJOAMnDdjg4B59OO/AFKIFbLBeuWwx788sOSfQL6dcHqk9Xo/R7dOurez2a3d/N+z1Urp295fErv3bPS6aUXpru0n0IlwW3EZHOSDxkcDHHAOfmPB9c8kzF1ORgnjaMnIAI4Oc8gE4A7/N2NSeQWGCCgfkEc4HuRtyTjBPXPHIDZGjCsc8DjAByV9VbpknPUgknnJ4FLZpNPyX3flfzSSurBCLiuXR2btLZtLla010vddNLOzuQ7wMrwC4CrkdWUDGScEcZPPbrT0xuJzgsCxAxwBxjnJHbHbrkHkhrR4+baDg5B3E7eRgEDjPHQ5A249KUgsSAQBgDB6Hvhf8AZGMZxjGCPUptOztZfLdd0m29ldaaa7WtaSXKkmtN90rJXW1tbbW2Sf2tG5CjCnCk5bgZG49hnIHck5A/AipQAgBUgA884JwBjJBz+Xtxg8lpQhgCRjcdxx27ZIHCgnHQbgDwelWFjXBIIbK4OSDu5I49cgcAdSSMg4pcz063s3a3S276bO9+j1Xa4p2u1ZaXu+9vO+z36eTGKytuA4wcjI6gg4IPTP3uRwcj8JA2SSBg5A6KqnJwMnsc9emRjoeiiMBQu37oPU8ckZJGASc8g9c5yAeamUdcgk5OdudpO0bQB1IBwOeDzyMjCSd07bpfhy69999Ntn1K9m7qzS69utklo236K1/uGKoADOxwepAOQB0657549+QRnD0AbOfm3HCkqPm643d/lHUjGSRyADVgJnnb94ZAAAwefmx1ye/J6UoXaRwMHHBGAcDpnkjP1HTocAVMqlk0027+ltnZr593r1dh8jXVbX6vt5Jedteq81DtAxkscsTgnAGP4ge2Ogx8vftipVQBSMA7uDnPtyxA5IIJGeeADySTMsYY54z8xAHy4wOCccE59eBgk8HJeqDcADwxxnHU9CMsSSBnqCc5wOcCseez62TT6Paz77XvomreextFOLT6Wunv16K2nTps35jEAU4LEjJ4+XHHQ4C8DryQR+GasAZDAkgYGMgZBwT8wBIIOeD6bRg80nlqCTlQqsdpySSAMjOBznjr93k9QKmVNpbBBGA2SSSABjHTkkDHGevrUyd7WS6XWn2Va+r7/wCerNVBy1+cbt+WqdrrfzQLGGUFcDg7uue/bnIzznPHJ7HFhEIAY4IJA7kYJGeCD19eTzgnrkXaoUbMKSQFAzng8cc44zk8nnrWjbqrHAUZCktjGOCM4J9BkYOcd+cGueU5WV+Zt/N6KLe+rVlr0s7q2qN1Hlt8V007Lvp96b3v023sOigZiNqY+Y9/72fz5yT0YZGazviH8RPBvwQ8C6j8SPH1wyada/6NoOjREjVPFeuMpNno+lQL+9lM021Z5UG2OMkuRjnoNa17wl8O/B2sfETx/qkOi+EfDds91e3MzBZr2ZUJttL06M4a5v7yQiCCFB96RWI5r8Y/ip8VvE/x68ZzfFTx/G/h7wroMUsXw88GTv8A6B4N8N7js1rUIT8kniHV1XzFLBpYBJsGG4r5XN839hGeHpTXtZpc9RaKkmknZ3+N3dtravsj6vI8lniZQxFdP2ScXCLTTqNWtppZJ3fn6i6z4s1z4k+LtZ+OHxlv47HUDbyDTdPaQrpPgHwv8xs9A0eFm2LqlxGVF5PGDLJOXAY96Hg/wzqHxi1fSfGevWbWPgbSrid/B3hGcFFvmtMumv6vE2N4baHgjlH3SGI3c1z+n+C9X+KOh6x4k1W1urLwVpFtG/h/QpC0batcC4RE1nVA215EkO1o4nBXb6mvr/wZo86aDZafYwlrhobSzilSMqVZ7QqYYlAIVMkZUDnjO3ivgcRi4SvTjdwVlJ6puV025PfXq9bXfY/QaWGhHlcVd2VopW2cbJXva21kl6t3ItH0W5eLUSjuxm0uZo/JUq1xPcNsjiiA/giQ7FVQR29a8/8AGvxP0v4RX2h+GPDdtb+Jfizf6U6aZoCbZLfw3EzAy6vrMikiJo8ecsTlXJAAU9K2PjB8X7f4VtZ/DnwMttr3xh1nR7eCFQVn0/whbOp+06nqhUuI7mDkwwSEOWA4+UA+OfAD4I6ldeOtW8WeILm81ifVY2TVNduUZ7zWdRu23zQwPKCYbRJDsjRCqhO46DxpV4S5m5KGHp6Tm27yty6L1cUtN29Lu56UIVE4wjFzqNJpLVU1aOuvVX89dE7novwW+DOr+L31rxn4kvrzWPEmvaoza54nvAzTNbM286TpCnJhtRzHtiwMDBxnI9y8bfEu48NywfCT4PQ2dz4vlgNprOr7fM0nwDZMCrXuoMvyPrEigm3tQwYN8zpgEHM8XfEnVdPjm+EHwaht5Nd06CSLxX4sgiLaV4GikfbIiyAGO51p4iyxRLuaJn5XcoxzusXPgz4A+GrVIbO717xT4r2XWnaGjPc+JvGuvyD9/qOpPlprez81g8ssxEEMOQpDEV41evLG1OaV4YenyqnT/nelpSSu7b+vnuejSoxwtLlT5qsop1JtpvdSaflfZNJJbNX0u2E3hP8AZ+09PE2t6hd6nrmpwyy3esTq154q8aazIQ7WWmxgtcGKSUbVggAt4I8EqoUivO/AnhPUfi1qt98VfiQkYSPU76+8MfDO6kWbQtAt4VJj1TXVbKXurFdr+VLmONxtUBzxy9laaidc1H4lfFrUba68RW+nTS6PbJJu0TwZZEbm0XQLYttuNUWP5Li+CeZ5gZVfI2ih4Ik8c/FZZ/D+jw3HhrwF/aV5eTahC7xaprVjdhjGnmZVlRirh8HGDjJyBXZgqSnUi4ppRaVktb+6vvSvonfW3Q5cRU5afvP3WrrVbXjZ9XeT2V9dUr6n50f8FMvEena9H8F4dMvRfW9h4i8Qrd3casYRNHIAlpbNgxhI1BRI4+FH4V+c17DcajEPORrfTYpUCQKcS3BypBfJ5UYzjpgnnIWv2C/4KP8AhLw54d+Hv7O+jWGnW9sbPXtbLiKIFppA/wA81xMVLTyuSWYkk5Izkjj8qtSEVuV89hGrzBg8xCBYw/IVc53DkKAMtjI4Bx/RPAOHlUyXE1ajcaf1iUXC9k/ZxgrylpdNPbZ21bP5X8UMS6fEeGpUoRlWWEhKnUau1zvmlZSe+lua1lbW2tvjXVLiDTPGutXM6eUkE6GKFR0wVbBGCCccgE5YjODiv2O+G/ijwv8AF/wZ4I8OaH4h0y01Sz0VzeXEzxw3ds8UISSIliCSi58tQMhiccjJ/FH4nXKjxvriwklXvYvL+VlO3YPn2noDgYxt5yRkZFa3h7xBJo91pS2ep3WkTi9tjJPZTyQy7HljLDcrAlSBhgThuQepr8+zF03i8anZxpYnEciurc0qjje2zSSutktd1Y/RcjcoYXAXhzSq4bCucmnpaEWttNVe70d9npY/Zz9oR18G+D/hL4C0rzIYGkn1C4uG3B7yUyMHumU4P75uFPrj3ryeW1WFlhRDJPcJbNIzAlQWkJOWGDk/KQOFGMfTqdct7v4i3XhPUJppbrT9D0nT4ra4uGLCRRChZRz3JJJyTk9Tnmrrmq6F4cuIr7XNQgtbGGMtK5YAzSxf6uGBQQ0jAjjaGGMk4r4mcWrValkqkna/S8r6XXR2Str3asz9Kp25Y0oN6Rhq7LSXLfpvZ62Xoy5+23aS6b+xPpgVSPt/iGxTYCOTCyuT7LjHrnBFfir8MRJ4I8J+J/H21T4g8RzSeDfCxfmSA3GF1S6iGSQGtX2o4GAwwCNoNfpn+2J8Z5fH37OHhLRrHTpNO0ZvFNz9lMxZZrtII0TzQDjCMBuXIBCnng18BeCtBvNcsfCiPCZbaymlXTLXHyS6hO+2S5IzgiGM7ixAGBknGM/OY1pxqRdoLmlKTbslFPXe76Ja3vex6uE/jwad3ZRUb3s1yp79r7aeV+n2N+zhHpHwX+H3jj436/sfUPD+gzaR4PWcfPceItSheP7REWwxeBpPMfaN2QMdWx+a2s63fa/q+qa7q1w9zf6vf3OoX0krlpJJ7iVpH+ZtxKqX+UEdgqjHX6K/aI+KVrJY6D8KtAnjOh+EUMmpzW5wmqa/Mga6lbacMsRHlANwGXOF7/Gr6yEk5XL5YqvBAP8AeOQAfxPB9ATj5LBYWo6mIxlSNqmIcVFS0dPD0+VU46vq26kldazXVK30+LxMfZ4bBU5L2OGjzTs+bnrTceeT1blZLlju7JvVXOi1HU1tYTGjjzW5IBGUjIxtHfGeMjlWJ6bsV3fwS8GReNfGA1HW9sHhrw5bnW9auZARGLaz/epbljhfMnKFAC2cELg5wfDYvteqX0dsiNLJPMisqDLMzNhI0Khu/BAPIxjivrXxcF+GHwm0rwRpxEXiXxaV1TxVcoQsltYH/j2095ByC3DFCR94hueK7px5UqMZWqYiSUGnqo2XNOztbljzWa3bWl7HPTnG8sRNfu6C52mk+aUWlFXu7vWO3dtPtxfxT+It58UPG1xqUe6DQ9PA07w/YqdsNlptqPJi2Rj5VZ0UMCR949wONTwHdXWnPcNZRuxePY5eMsAjHliQAc5OcE49aw/ht8P77xPqVumHhsEKSXNyUIjCqmShPqVGcAZIOOvNfW0HhjQtGsrtbSOOKVYli3gBmkCfx85xkDp2PYgA19Hl2VzbpWh7OjTSS2d2lF21vfVNtv7Tst2fE5/ntOnGquf2mIqv3o3vyq6lq9o8t+VLrt2JPhLqVvZawklwpWUXKuuFyoZssNyHOCN3BI6YIzyT9k2muPrU8NnZ2YurySQJaxxKpeZ3IJO1QSFC5LkjagyxGFGfkjwjom6+aSyikur26ntoIYYQWaaR8Kqxrg7ichcD7oLEjPT1r46fFDS/gD4fh8NeHZE1D40eJbBLJxZlZh4WtL5ChgjQFz/akgk25AJjySWyuK+jxmOw+U4WDqPnrzfLQopK8m+VedkrJtpNbKz1Ph8uyrEZ/j3GnF08LTaeIrNaRSavGMmneWlopfgrnpWt/tXa18IfBfxC/Z++G140vi34j6vY/wDCY6xoZZ7yK0ZDbx+FNMlgBdrm5aQJN5ZOMkEEZFfs5/wS9/4JmWXwlsNE/aj/AGl9MtbnxndWy6p8PPAerKklv4RtnRZodZ1SCfcJdXlDLJFG4yjsSy+n56f8Ehv2MtDe+8XftO/HLTU8R33gcwXXhHw/qB85H8TaihuodR1ETZWe4t87hHIGEbAemT/RPf8AxB1HxXoS6x4h1CLSNEttNkvrySeZINO0uytxvknuZGKpHtjXKpwqgAADv+ZZpjprEVnJ/v5y56t9XHmSkormtsrXSemy12/d8oy6KwdClTT9jRhGlSbbvKyjFy92ybbe90umxa+KPxM1W7k8VeILrXbfRtGtLCczaneSxw2mlaTFGzT3MszMscTmNMoAwY4VAvIB/mB/bO/bI8Q/tC65/wAKQ+BzagvgObUF0W41S3aRdV8fXwlMN3O8i/MujRyAsqkFGj3FsjOe2/bg/bQ8Q/tMeJ7j4Afs/wD9rJ8L9JvZYPE+taWJFu/G9/bsyzKssQ3x6OjptV2cRyK25sgZPmPhTw94C/Yz8Gp8ZvilPZXvjK60maHwv4VEkTTWzMh+xWtvGcsJ5Gw11chQEOVVuoPwua5nNuNKknWryajRw8Fdzm2kpSSs+WN+2iT66H3uTZTCmnVr2oYakuatiJ6csE1zRi3vNrRuOtklp19a8BeHvhL+wV8KLj4ifE6SwvfiBeWn/EvsUaJ764uXj3RaTpqPl1hjfC3Fwo2nnLZwR+F37Sv7TPj39pHx3d+K/Fl9KtjDLJHoHh6OVhp+kWIZhCkcAYR+b5RUu5XcWHHH3ML4+ftB+OP2gfGV74t8X300kZmlXRtFSU/YdHsSzeVBbQ7lUPtA3yFSzNuJJOCPBd5JkUKcsMF9ykjIzz79DgbQc46V6GSZBHCzljsc/bZjWi25SbkqSai3TpJ6JpOzas2vJWfmZ/xI8dFYDA3o5dS91Ri+X27Vkpzate6s106vXUhnkJVmIJVjh27n+6cHHJ5AzjJ6c4q1plg99KEUbIgAZJGA2qPxOAzZG0YPXIGc5fDZzPA85AWBNqhyoAZmwFKAgEsOo7HOTk13fh/w9qGr3mnaDotncXl3ezQReRZwvNdXdzO22K2ijjVnaSRjjAGQDnuQPrFFcsWnbZJvRLVNvqvW22t9EfGOMpysm1eyS36rW6fvPd6W2b0T1isbKW4aHTdKglcyMkarEjSSySuyoFjRVLSyzMQqLg4LYUYNfth+zN+yx8Of2WfBGkftT/taWCS6oYlvfhB8G7ooup69qmBLY6trVi482OyWQJIRLEoI49q7D4E/s5fCn9hjwBpn7RH7UenWeufFXVbQXnwp+DcpjnktLmRBJZ6v4gtjkq0b7HMcqBQc8E18g+KvF/xy/bX+NsJlivvE/jHxPfpZaJotmsh0fwtpUsgjh2wxg2+n6dYwFQ8mxFOwZPPPLOrOq3SpPlprSpU5viWl1GWyutJTXdqJ6lLDRwsY1a0eavK3saVneL09+eurWj6a3STPRviZ8bPjt+3j8W7WztNOvtf8Qy3Nvo3hjwfosUv9geEtNMixW5S2jH2a0itoAnnXBVFba4LZBB/dT9kf9ibwF+yXo8Ouaq1l4u+OOtWivrPiO5jSe38MmZQ02n6MJA0cUkZYxvOuGyh2sDgGT9gz9n7wV+y74V+IfhAR6f4g+LVnqdjbeMfHSW6O6S3EMczaPpczKWjt7bzCruh3O4bJIwB9ZxQzajqdyYUkVDKvmyTAsdufmO47sMXB6n1yRjI9PA0E6a5V+601Sabs0vW2l0k3da3a38/G1qntGqkm6j5VKTd7XSdo20S2a16tuyu3rS3U8gUg+bJKS0kjDd5hbOZHcgkAc4JPf3wfnf8Aa4bb+zz8QY2jVif7FU4UjIk1CIDbk9OCozn37Z+kEjW1AhTad25JHOcMOQdo5xgY5AHBI7YPzp+1iFPwJ8cREuRJceHEVcglmk1WNVIGM4J6AYHXpk17FSSjQklrdRVtH1iuqS9H/wAFLy6a56sFa15a+dlFK9rNPW+mzv6H2RpAWXwL8P2b92sXgnw1GnTAC6Nak8Z4I6DJ6EA573raECNSGBzHliCMDnOMc49sUaVEY/BvgaLYuF8K+HkK5CnaNKtkzk9Oeme49wtaTQgRJhQiqxU5K7SCCw56HI+UdGY4yMcnqoTThB2adlft07Wtb8NdTkxFK1Wdtdrb6uyt636W6arQz49xdyoP3TnOOFA5I9z2yR7+3IeP7y107wD42vru/sNJtIvB3iKJtQ1W4jtLGKafTpokV55WVDIzN8qKdxPTJrm/jJ8a/hv8C/Dk/ir4i65Dplp5ZOnaLFIv9t67cKP3cFnaZExV3CoZihRc8kgV/O3+03+1n8Yv2stc1fwn4J0HWJ/DFlaXMtn4P0F5GstG0pc7tX8RXMHyPL5WXk+0FowTt2jIUefj8clTnRo2lOUWpTvaNNaa36tbd1vax3ZZg5OpTr1ZShGE1KK3lO0k0op7X0V20kutzuvjZ+37rifDHwZ+z38EZdStLKDTm0rW9b06KSXxH4r1W9lPn6ZoEUQMkVg0reWJkXc+dyuRivf/ANib/glXrPjK40z4xftXWd1aaU8sWq+G/hLNK7T3bN++g1LxXMrbiWIDNbSDzCSRL3r7V/4J7/8ABOf4WfA/wP4O+LvjaKz+IXxX8Q6PZ63a6tq8K3Vh4Xt72NLiGy0q1nVozNEGG+XZvDrlH9P0F8d/FCy0KWPSNJj/ALX8QXDGOPT7fLMhYFEe5KblSNRg7OOARggZHl0koxi5S5nGKcZPW6sne91dXbu3daWV73PZq151KkoxTheWqVt7q7emuve36u3fah4U+Gnh6zs7SCw0PSdPtorTRtG062SGJI41EaW1na24VQx4DSgcnLNzjPl8mneIPiNPbah4kM2keFA7fZ/D1rIVur9c5jk1B1yxib5SVzsbOFzzi/pPhC+mebxT46u4ZrtUe4Md9Miabo1sVLlyzv5caIm4s5wAV4KsOfyW/bh/4Kb6b4IF/wDCT9nMrrni+4Mmj6h4usFa6W3uX3Qm10GBC5ubgNhfNUtEDkqemOLH5nRoJqElKdns1yx21k9EklfmbbvoduByuriWpzjKNK69627drRild8z6PeXTqz6z/az/AGifgH+zjq/g7xDq2q2mo+K/AfhTWbHRfDOizJJc3GqarIsttY3MEbH7N5aKyyyuB8pbJJBx+Afirxd+0f8A8FDPiDJ59zeeHvh1bXrKgjE8eh6NZbzmK3T5Y72/MZKtI28AnIzjnqvBf7FHxr+KGueEPHnxvu9Ut4/GWqi6Gh3M0t5r99bSnzpr7UWcs1lA4bb5TEbA21QMA19r/GP9oj4CfsXeC08L2ltpd54nsbYRaR4K0V4ZLn7TGoWO51SWIER7mBMgmyzDJ5wcfnOOzh4nEKlgv9uxk3aPI+elQbau1b3W4330S3v0P0bL8ojg8O6mPbwGBpwi5OdqdbEKynZvdQbey1lfVK7O4+E/wm+A37Inw7uNa17UNM0HR7C3NzrPiHWDEura7eIm6RI5X/fzmVwRHbxMNvAIPSvyB/bR/wCCo/i74pRah8N/grcXPgj4bJJNbXGpWjtb654khUlHJkjKtbWcgztX5W2H5iec/Df7SP7V3xO/aN8RT6h4u1WWHRYpZP7K8LWkzxaPpsOTsBhVlSaYDHzOD0JUk8j5PmmkZpCSWYYHYkKeBtyOMcYwVBIBDV7OUcP+yksZj5fWMXP3pOTvGEvdaSTTu0k0m7JaWWzPnM74rdVPA5WvquCp+4vZtxdRNrXSyUW3u7N32ZPqOozXhkuJ7h3aSQySiSTfK7tndJI7sWld2JJblickZ4rnLubOZTkjG1QGCrwAASFwM9PxzzkcWTFOxZYg0j53bVUnBySM4GBj04A6D37nwd8Mdb8cazbaPp6ok0sZnkllP7qOND8/A6t69T0GMZI+2wOAq4zE0MJhYudStOMKcI35pSk4pJbaaau3pa7t+f5hjqOEw1fGYmoqdGhF1qlWe0YxV3Ju70Su73eiVmzyVnncExI54xtRSxGePvHgZJAwD1zjrmpo9F1G7dUVShdgArfM+SMcKOTnsuTwTjvj7/8ADn7L+jWMfm+I9Xa4ZWGLWwjCru5wpZgCVUkk4wADk4r2TRfhj4M0FY5tO8PW8k0ZWNbu8/fOWJwX8txjkYAB4I98g/q2W+FWZV/ZyxcqeGi7NpyUnGLcfsxvfVa3at3PxjNvGrh7CKcMFKpjqibSVKPLBtcrvzTe10tbedl1/OHw18GPFfiO5iFjpN/MjkDe0Lwxbz/02cYAHUjuB1PLV9I+Gf2ULjbFP4h1C001VOGhhHn3IJAIG7LIenJxnIJ643fbEFsIoVjXyoImKuIrVVjXjABAUcEMPm78nuamtwzEqYtwV3yHBEhIOA5LZYA9jgsc4J44/RMt8M8kwShLEc+JqJrmjaMYfZd9LvfS/Ml8rn5RnHjNxHj3Knl9Olgabvyya9rVtZNaNqCk79It9nc8V0T4E+ANDkiJsZ9WnOCJr1tqAdSyom0HDA5VgcknnINS/F6Gx0j4eX1rp9hZ2iPPa2pjtoI4wFWZfvOq7ywAG1s9R3r2o2ziVPMLFCOAoztJwyhmGQDjjHTnkivIPjhalPBbxNKoeTULbCu64C+YjZA4b5cZJ7EFm5xX0OPy/KMsy3EQw+Hw9Bqk7PlgpapLd+9onffZPbc+ZyLNeIs6zzATxmMxmLgsTCUk5VHTik725U+VK/e2rPULBVHg7wmZGJCaNbBPmwybo1B6kE+gU4BGQ2OBWUrPtaQAoFbk5AZicgYB9FK8YAz29eV1T4l+C/DvhrRLS71u1+12elWqzWcBE0olWNCMsu4AkjBHBB4POVHhWu/tD6YGlXR9LnuGcEGS5cIhyMFlXA/2TgA5HOO1RDivJctwtOlLEQdSFOH7ukueTajFNNQ3emj0+/bSXAHE+b5licRTwVSnSqV6klXxDVOKi6ialeetmn0uuX8fp1QFVnMqliMkZ3BV7tkDgg9QQDkAemaOqa5oOmQu99qdrA6gf6+4RG24yWCA5w+3AU8/KcD1+JpviV8TPFbSW2kW96kbkhYtPt5CwUnAVpip+XDckkdM9RmtDTfg38U/FRE+qCSzjfnz764eR/72RG7FugxjGB8oxjFefLjbG4793k+U4mu72VWrFwhra0ldbPr91lqe9R8NMsy5RrcR8QYbDKKTlRoShKevK2pOTV3ZKy5dX17e36/8dfCOmBvsc0t/cRqVC20eIyQcYViMDPOTnqQBjk15BrP7RGv3sjQ6Hp8Fmr9CymabJyTmNQVzn5sHLA5xjivSPD/7MGj2/lXHiXW5LoggvBbYjTjB53EcZz93pjknGa9l0XwH8NvCwjNhothJcqwKXEyLMzbG+ZmLsQcgbsHgkA8dRyvA8ZZtK2KxVPAUm1eNJ81Tlula8dVqtdetzup47w3yJWwWBnmteKuquITlFtNOOkvd3X8mz1ta58VQW3xe8e3LpDFrtzHMxOSJbW1VXJPL/KAhzx19K9O8P/sq+KNSZbvxLrNrpcZKs0BYzTCNuQQ5JUMB9MkjqMV9br4ktrZ/KsLVEjK7WWOOONFOCQ3yAnHHAO0sOeMYNS51m/uebl9qFTuRcZZMnaFC5LAA5AOTgn5c8H0MPwDgVJVcfiMRi6js5OrUlyye+qu76pp3f43ZwYnxSxipewynA4XL6d0oqlCLlFNx5btqMfwu3ax8ofFT4O+E/h34RtL2yurnU9Vk1e1tpZ5XHlmJ2DMAF++Dgg5644JAr6R8IW+iaToGktY6VZ28rWFrK00dugl3tEu4sxUncSQxOT345JHkPx6kafwjZjnaNbtSiliSAMHnGMdyeAcY79PWdCUPoWjALmNdOtS+ThjujUj0zgnHp1HQmuvJ8py7C59jqFHC0owp4bDShaEdJOTvq1dLTa99NbaHncS8RZpjuFMsxdfG13UrY7GQqNzlFSio0uWLiraJuVrrr0vZdPJqs0u87i6jCgM23IJX5VUE54U54I7grxVVZJHcFpHEZJLIuRggggA8EkAYONxIHTAbFaIBXB4IVsEY4AwAoJAJHXAOfTORVwCMkM0ZDbSVXJLFsjJIBJG38R+WT9zGnSgkkuVJ9r7289drW001sz8kdarWak6km09VdtauFovXS7bfdq+jT1jmYFVkdmbbJgLjBIJGCe3Tnkjj8CWLlzh+ijMeAQV9zjAyCOQcZHrnNWZlVkIdcbQADkAZbrwSBnI6joemMmmJgh2wXQ4AzkEe3XI9cg8ZB4GaE7vTyWze1t9O7tfRK3lprGKiktNdXvo7LaTSbvbq1pfW9hSFCo2AMZ3/ADEsx45I7ZwACNo65GKbIzqcKrMGDdcMAOxwO+OPw6Gggh1PC7m+Vc7uRwAc5Ix15xnp6YfsB2nd8zn5ySQOCM7c9MA+gxn1rSKfXt8lsunnr87LTd+zUo3dtHe1+l4p3bT0s03q/PVaxx4CkZKttPmKeTznOccAHPHXrg9AxLmLzNE17P7s/wBi32AFO44ibgn0yBkcE8dsk2Q6REsoHzE7goUkqoAAySe/Jyc8D5s5yy+kP9h62yRAeZo178x6ldh2gjpnjPJx0P3ic+fmn+5YpKO9CrZ6LVwt0fmlqtUtlue1kVOP9qYCXPqsTSbWrvapCzvqr9PJaKyueB/syRAeHfFBBIB1x8AHaTiZgDkcKD0P/wBcGvoK9IikUIiFgxJ3HcMYBbI5yvQ8HAzng4FeB/syFn8M+KBgYOuyknuCZmJJzjA47ZweCRzXvN1l3kQEFFbDZHJAblRnBOSOWJABPGecfJcFp/2Th25WVp2v0/eOzv120ufc+I1nnleLSuvZPV6P3IW0fRaWtrs1sEcyRxMQApZctuO7cSSehGcntyQTwcc0iXDEKu3c4yCW4BJGC20DIxgc9TgZznmsIpHZgqHbtyucnCjkEgcHnt1wAB61JDbyPmQ5yAFbOV9s8jBBA/HkDJwa+1Vmm7+u3Tl36PRdPXzPzWq5OUUlJ2slZLo07t312Svdu/fQuwEn+BXAViQzdQMZwqqo6jI5GOmeasBHmLnaAqoC3qSc4LYzyB3z3HuBFHD5KbQd7OccZCNwCAxJBABOeARkYHGSLsETxZQtjCZY4BVyu0jauCvygkeo4B6c5T5OVNNLr7rXl0WlrJ+V2tLlUVVclTfNGKtutlpfvbZdd9Vbo+OE+UrMu0rkucgA5IO3k8KemeCcH5clSZLUsjvKrbQzAKc/dUckdSNuPbngZ4AphbdGzlsgk/Lk/LtzgkDsDjAJ5HHQ1FCJVxM2dhyoABwTxg4I4G32wemMcHlbcnLmvZJJfD3Sae7Tuk73XvdbnrQpSfI4xaXxOV07K63+dut90noU5ZS+ozLCMscfMxAwudzADjjGMYxnoMAHHzT8Y2H/AAs34fttKgypwehxOp4GQcAAEHIB9eOfpAxu1/K0akllCnA3F/743dApA5OQCMLnNfOvxjZP+FleAC7xwCIrIzzNsVEEwcszHAVdo5Y89CBXzHE1WnTwtHnlFNYrCylrbRVISfxbbPvbXpovtOCcLWqZniVGnOop4DGwjZOz5qDs76pNvp3sk7u59RKwDuRuZ9q4UHcSCuCdvJ7H+IEH+6MYZgtLtYcBOQOMdwGPAOOMgAtu45I54XVPij4C0KItceIoJ51jJeK3xK2R96Pcp2jOchiO/XGMeM61+0vpkRaLQtImuHDMEluH3BucAeVHuf72AePp2r3avG2T4KlGLrqc4pXhSvJ7K+iW+mmrSeyR8TQ8K+KMyxVaf1R4ajKrN+1rSVOFuZNSV0nZatWW721Z9SrC8gZkUBG5YkgsGU9hkAFsHBA+pwcmje6ro+nxpJqWqWlmpPKTzxgsAemASwcDIx0JBBz1HxTN8RfjB4xmZdHsNQt4Jg2z7LbtDEgJ4HmuqtgZBJyRySAD1s2nwU+I/iV1m17WF0wFjK4nuZLiUhs9BuKoTubAGFGeAM15c+Nc0xySyjKsRVhZKNSpCUIaWtdtcvXu3bc+ioeFuR5bKEuIs+wtKa1lSpTjKfRyja/M10+F9uiPoPxD8dvAGhiaNb1dRlQDYlqrbXlwcAvkgHIww6fxZPQ+Lat+07q14r2/hjQQsxYFJ3R7iTJO0BEjUgr065APbIyes8Ofs9eD7R1fWpLvWp0JZkmbyoCzEdwASOg5yMAscEDHsul+EvC2hIY9K0LTbRQFRS0MUkm4kEsHZSy4IzksAOp5ya5P7N4vzj/fMfHAUpNNxptzqW0bWlltK7u3bTomenTzPw24Zf8Awm5ZUzbEQSSqVlFU3KNtbyTbV1p7qTW+7Pjy7n+OXxAl3yQapBHMQxLsbCJEYjCqp2fKcg5PGM55246rR/2a9bv1SXxL4kNusjM0ttBvllDYBZTKxP5EnntxX13cYQRqCrBVQbEwqlfmLDA7L+eRyPvATsSJY0QLtMW9jjdlyMKQwyCTxwBgjqBwK7MJwDgOZVMwxOJx9R7qpOUYXjyt3jHWzb2b1T2abb8/HeLmZ8joZRgMHllJJpewoxlUSvFfFJWbbte0U09UeP6F8CfAOh2xd7OXVpUMRSS+fcB8wBKgHy8ZGfuqc8fNwB5la2NvY/Hue10+CGG3ttHURxRRhYguzIwFG3IXJBxjHOcEZ+szzCiYO+VSArttAfOCeODk8jI4B3e9fKVuhH7QeqIWwV07Y23OQMZx7EHHfnB5GcVWc5ZluWzyaGCwtCkv7Uwyl7OC5pJKTknLdq1tbvrfayrhbiDOM7hxPPMcdiMTKGR4mUFOcnGMpumklD4Yqz0s9bvV7v6E81iyJIzSDkAqTlGz93Ax0PAB4z2zkiSMlnUueg+X+91ONx78cnHHtg1NFEhVEZPkUHJ3BSxBZhnnOd3IOeQR1GMReUEkVWwG2Y4BJA5ADe4ztz0OPqK+0jyKFoq2isrRtql81s762vba+n5tySlO85X958zcmrtqOi1s3a6atbRq7JI0OTk/OpLBwcfL3AJ+bpyPUkdicIc4Lqygq2wKMM3JPz46FcdQCQeo9nRRNNIIyGZlBBGNvdsKffC5xVhbOZQpcLGGYhWdlRumFB7grgnPc88dsKkklGUpRirXbfKrW5e+ju99vu2qnhp4h8lGlUm2+VckXKWtrJRtrfrdrROy2K5YEhTlmZQTwoXjHGDwATwP4h6ZyQwEl40KkLyOMk57gjaMAZHo3bsM6NrpVzdTmCG3ubnhzmKFwgI5LGRhtVeASdwGB1J5qe/k0TQYTda/r2h6LFDmNo7y/gkusHILCGN95xg8bSeuBmvHxfEmS5cm8VmWGg1dOEKkZzduW3uxbfR6NXflZH12XcC8UZooywuVYmMHyqNSpD2aadlvUasmnbS7S26MrQRNK6AxMVTKkjgkYPYYOB6jIx3FaaRkMFDBCVPypkuSDlQQM/MegwOQc89/JdZ/aH+D/h2Qxpfaj4su41IWLS4Ta2bkjhWaUDPcMeh75BO7zS9/al8banM1r8Ofh9bacpyIrme1lvrrBwAxZ1aMZ/iJO0epr43H+KuS4XmWFoV8XJXSbShTb0Sbv71tbuy7WZ99l3gZneMUJZli6ODjdNxhec0nZtK3LHT103TaTv8AW8Og6neBjb6bN5WNoubkC2gTIyCZXAG3OcZ9wvGBXz7480PSbP4g+HdZ17xn4c0qx0i1uDcxLdR3dwjKTvjWOFizvn7vVhwDwc15ZLp37UHxRLPrOtalpunvtBgWT+z41QkkARwbMqBgZI5HfPAl0n9lq8u/EVvp3iXXZ72We1e+kaN3mmY7/nTLksR23DkkknA4P5znniRmmaRhClRpYalTrRqwjFPm56couDc5bJSs9FrrrsfrHDPhFkGQSlWlOvjK1XD1MPUnUfLF06sVGpFQjaLbTaTu2k3tqeiaz+0b8GfD26HTodf8a3kTNjyttnYl2B+RlcCQ4Ybt25sgEcFs1wU/7R/xR8R3LR/DnwBY6JEyGKKWOwk1C4KsCMu9wkkYfpyB154r6Z8I/s2/D3RREBokF1KnlGWa+O4DGCT5eWUEt659PavddH8KaJoqzLYWNrbW8TKD9mgjR2A2gBNoyy9ixPHOSMZr5fGZ5nWZS5sVmFaUXp7OM5qK2eyko9LaK9tHqtfucv4WyDKlFYHKsJRcft+yg6unKm3OzlJ/PR/e/wA61+HH7RvxIKXHijxJqWnWkv3omuXtYkVuR+5tmRAMfKoxgcZwOa9C8MfsdaSbmG41/V59VnRh50TEhC5+8xkkySScnJYAr3zivvOS/wBLtI5Rcz2sFqu1gLiaGIuvU5YsCu0DnPcfhXmGsfHT4U+GBOl/4isWCFvNtrdkllKoeilScYxtyMHjHevFnCMpN1JuTur80nZPSyt01731a3d7e/TVOCShCMVpZRS02/l2fS71MLw78APA/h54TDpFmxjLDMqCR5fQKMkFupJX3NeyWvgbR9MghGmWyQyeXvbaY0WPLA5GBwV6bdxJBAABLZ+NvGX7bPg22KJ4X0i51GezfdbTznYhDYyNrfO5IyQWyRxkk818+eMv20/H+siSDSms9FgkUFRbhnnUg8gtg4POdueuB/FXO69CmvdlaT0aWrT0VtGm9tHfT89405v7FuZx6J22v57X3vrd9z9WLr+zNPWF9QvbaytYM+bLPcww4yATtDEEZ+meDjivKPFf7QPwq8LMUufEtvfSW7EpbaconaRV6IZUyh54JLAYzkggV+M/iP4v+N/E880+p69qd3uyHje6kjhYnP8AyzVsY69jnHXmvP21q4maSSaZi2MZBO/nvy2fYjgEnPvWf16N7qMmtEk9t1v1Xda2vfpotHTbjrZSvd7NaW1fy8rXtsfql4t/ba0uBpIvC2hLIx+dbq+YBV6gkBcYHcqMdR2yD8seMf2o/HvitbqzGqLZ20+NsVsrKiY/vH+IADjqcDIBPX5KfUDlgWLhhn52JwoyeWJGc5PqCT0NJBciUSKWWJThcnO76AY5x75P9Mni6tS6SVmnFW1lutnu7PW7s97rVXThCNtX05temjt/K7vy+Z+zdp8YPDN/4g1Tw1rUy6D4g03UHs1lkUpYXjD5hyQPKY55DEfe44zXK/HhRN8O9YlkjIDi3aK5j5tblcE7o5FGCGB5GcDp1r5D+MMckfxO8bkSu7LrUjebuK+YwVMP8pUDrwQOoP3jwa9r8SfES+G9Q8KanO+t6Jd25SC1vJXaSwmC/JNC5BZinJ25wQcEDFfpVPjCpVw2IwWMhzOdOUIVVv70Uk5JbtX+K7aV9Hufj1fw9w1LH4LMctkqcYVaFathpXaaTjJypSWz0b5ZXurJOyZrfDc7J9L5I8xhGD2yXQ5B4JUjuc56/d4r9LbuGO9gjRQjvBY26nd1BEMZ4IxnJyDng7jnPFfmb8NTvfR1EeCuoRRnduG796mQMZPTIx1wTjBr9KtTvUs7xop1a2WWG0EExGIXURRlvn+7knp1xk8A819DwXWpOVeU2ryp07K9rpJaXvtfe/W3ny/K+JdCpGjgoRhKUYVpp8u6aUe2vrqnvbXbw74geDtPurC6voojY36wzH7XaM0FxlVz+9ZMb0yOVbIPHHJA+JNJ8waxrEMkhkdbdwTtwXxlQx45LYyx5xnuDX6H+Lml+w3zOqyQPazmOXgoVKHkFchgSPXAPJIPA/PjTCT4n1NSoBkhuwxIIyNzeuQOMAcZOehArj40hRhicBUppKTlJS5bJSfu+rk3peW1r66WOrw4qVqmCx9OtNzhSjDl5t4vSLs3qk/h5b+lj9Pf2Z57eXwHpNjDfWsV8ZnaOwnlSOW465MKvjzDg/dBOOOV6D2vxjc3qWTWtzYOpjk3SAI3TPy4/wBk9e/GHPANfKvwy8Gpr/w10KWOea0vofPeyvrSVobq2nTO1lkQhtuQPl3EHjjGMbx+Jfj7wCzad4uibxpoCDyWuzGE1a1iA2mQn7sm0DDFySSAe5Nfe5PnH1fLMFRr06ipLDwUa1JOai3GK/eQteKS1vFSVrX6I/MOJMhoYzOsxq4StB4h4uq6mFrNU+d8yuqU2+SWqSUZcsn0fQ+Sv2iVVvi1YyxqVB0y1Ax/vrnAPBOeT0+XjPSvrz9meVYtD8VEsS5v7UrxjDNGq9cBRgk5xjaPc5r5E+OHiLw94v8AiDoWteHLkXFrPp8cU0BiaG4s5kk/1E8bhSrjlgQMfXIFfW37NEe/QPFyn5XN/bAYCkcKADn5sBvU9skd6+TySVKpxjVqRnCcZ4yrKEl8MlKm5J3Sat0tpq7LY/Q+IITh4ewo1KTp1IZbh4ShKPK1KE4QtZb76X8m27n2FpWrXULZmBkQKUTGMn0JbBDLzt56AAcjk/nJ+2vJ5/jPw9IQRu0hyVYL8v70Ejj5cf3gOP0r76trma3IhkbMcQLqQQBnrj0HJ4HY54HOfz9/bFkF34m8OTo2cabKGyeVIl656YOBgd+hXtX3nH078P1rdKtG1t170E+rejVmrL1b0PyfwypqPFeHabX7qvps+Z01e+my2stO3Q0P2eIw/ivRIyQN2jyjAGM9sdMHB4zkZABxjr9map4bs9RhkjuIopiwIxLGMhRuy2TnbzwDnCqAQAM4+Pv2cBGfGegR7s7tIlUgnkMVPPboCQevGOgHP35dWrBCBGHBPHQMQRg4wB0Y7iDnr0+XFcfAMKOIyOrCrFSj9aqqXMr8ycafXbya87uy1PU8Ua1bCcS4avSqShP6nSfNHmuuWb0tFtbu2ul9/P8AOT9pDwQPD3h+J7Wd1trq8ybViTsKglXiLEj5/UFgAAMZPPkHwutdVn1DwsdIeFNR864S1e4I8rziThG6ABwNpOcg87skmvqn9re3EfhHSztZSl+wJJJyPKbIyM9QefTg8188/A6GOfWPBkJ2CSXVfJUnOA0jhQ3y9xkHOD+HNfF5/gKVHiadCilCDjh5RSd2nKVPRdFZt2XTppY/RuFMzr4vhCnisS+epH6w3N7SUI2SklZ7JJ3b10btY+oLL4n3ehXS6F4706Xw7eByiXU4B0q9PRRFdKAis+SFDNjI+YDkVP8AGXXLS8+F3iWWznQrNo4GEZXjfdJGwCsp2Pu4OQcrwfl5WvVPiN4C1i3s5NO1rQ7XWdJZgVZ0M0aq6g5RirSROqYw4wVIyCMc/CXxI0bWPDGj67aaHqF3/wAI3dW0iXuhXpaYWW5wVezuGO7ylIA8sE44C4Ga9TNZY7LsNWp11KpRdKUFzxcakW4adOWSv1jZ2T0srrysjqZXnGOw+IoSVCvCtCcoJ89JqM4SkotPnpt62UuaN9E0jifhzKRDpTBRuS/00hyQFy0wHT16HIOMc5wFNfqPPpkOoWz29zBHOZPKEiuu5CDCnyup4wcgkgcEH14/LPwAyxWWnkoeNT0vlh2WZPpxjAOcc9Rmv1tsImkgFw2IjLDBLEVKlXBhAbLZ+YgduQevrRwZapHEcyUl7GhZXVm2neyXVPd9F13L4+k6Lws4TcZe1q2a7r2bu3prtr0XmfIHxb8E+N/Bmh61qXhDUXt/D95bOut6J5rvayWspLNLFE52IQQBlQrD69fAfg3JHa+MdJmkBhVraXzI3YcNtJY55HIyBnue4+U/fvxihll+HXih3ZiE0t2G0ddrIdp4B5A57EHI45r4C+GFml74t8PLKD5chuEbGchQuDgjGAOox8uDzyePI4vorC5jQ9kpKE4c6hJ6RfMlaN78qlJJPfq7bo+g4Ex0sbltd1YxdSFXk9oklOaUI8vPJfFKN1FS1k/RG7rdpZeJL3xR4cvci2mvbi90XUSFY2t2DkwCQj5Y5iCMZUEgDbgceDyWUlpbXFvMSZLaaSGRcD5TuZDx0ywGc/3TXpni7XdT8C+KdWt2tobzSri7FzFFODv2FmGY3ySjZH4jPBOK8y1m6ur26nvVRIrW8lM8YjJ27Tx5bEc5z1OeAp4xjHhSrRlShCpDlqRg0pJPVOzVmnZpdO109Uj6GGE5MXOcGvZV5wqWi/ddWPLzNq65XJ3uttLpPp2nwcZj4x8PoXYD7RKAMd9wB69iASD0B556VD8W7ySw+JviExgFRdQJtYDBWTAY5OMHqAc9+eeKd8HMy+NtB3OOLoryAMZK5A5+6SOSBn0HUk+MlvKvxP8AEIeItDPeW6xs2drsm04U9Pl2ndkjHbpzwx96lKSk0+dLvzJW0tfvpd28+z9ipBXhro4Jp32l7q1T87rvZX6HL+L5oLmWFLdUAjgtwQACQSMseACAR1zk8MQOteofBxD/AMJfIrNgHRJsg5OD5L52gkA545K9ARnBrxvVnRtSliDbcRRrtI2lSNvBA+uAOeGJzg5r3D4K20snjFuQwGh3LNuJGSsDEL8uAcnnoMkZHHFa4OKli6bjo5VFG9vKNtku+yu9n5HPiP8AdqicXLlg2lumrx1aWqvtu7NW16eKa/pl7b6tqksduzpJf3JDgFkYGR85z02kZ4Bz1GeDU+kSEXEcDy8BSMlfQfcI64zknoNvQ5PPrWjT2934quLTVFt4LRbq5aGSY4jLmRlCyZ25BxjOSCCcjJ4n+IfhXSdHt7e/05oobq8kKywxbHjYbiVdNu4qGyCBwAMjjPG1bL2lKvSnGShNucHo42a1VtdH3ST6OxzUMxUasMLUpuPPGKhKz5bJL3XtZ6a2Wuny9A+DirB4B+Kco2s0djEVJx18wkdCT15J5z6+nm2n6zFf+Ra6la+ZExAScqpkj4xtDAZAB5BPTdz6V6H8KpJY/AnxLitojLNLZ24jiQMzO/XCAA5BAJKDlj3z18f0tgLn94rxSq3zwyDa0cgXDoYjtIAKndkZP3Tt4ofNClQ5neKS0s7X5otWeyer3b8zSnGlUq4hNcslOLb2d1GCvG2trLu9bpsvX2nw6ddNJE4eCWCcxtnc2PmwrDpkDOMAd+p6e+3fim78KfDD4f6tYxRzSMbm3mRkLboy5JGBnnGQODn0614XqEbMC7JkC3d1AIKAN16jg/MeRg5I9c17vcaRDrnwm8E2hMiSgXhSVMsVlErbSVH8Jx1OOAOOcn0KHNGnVdOTUvZKz1dmp0n2XVWb03T7nm4tU1XoRqXnT9vaXNpKUeRXutrrTbbR2Vnfhl8caRrsV5Dbq8Fzcyxb7WdR5kUhwWePA5UEkDGGOctnbxrfDS6ay8VXJcGZDOSTwMkIduOMZHXGCR+YPkM+i3Oiawt3frJBJbyxmKYL+4uAMDJYYRWI5IJx144yPU/CNxAuvTXEU8bKypcAqAAXkHzDgY43dRwevBxXmV686tOSqK1RScb2aWy26vpbe2t3vf6TJcNSo4uLop+ztzJKzt7ydlre1m35fl/XH/wQi8c6pf3XxO8ETvbf2NptnFrlpGsarKl3Ogjfe5+Yja/K564JPBx++13AUaVQANssmG9fmwOwB6/4cDJ/nc/4IMw2jePviaYirPN4Ws1ypxljsYg46HjdjPT0bgf0capGqPcbRj97IVb5cAbiD3IKk9M8YHBPVfyfjxKnisG9P4ENY7N2t83Za+l7H6nwxfmx6b0dZWXa0IppdbN6rTulsc2jtxweMqOoGBwRkjlc56HA4JHojuQVY8DJwBgjByATnncQcYODt4I5OZAMgjHzABgV6gnp3I68HAIPquKaQjHDgnbjGAQAD0weAQowA2c88nnNfDQm7q6TSS2Vnd2tpeyVn+T62PqnBPrrfdaLS10lb+673u++ytAzYAJPynJYZ/vcdQRj3xgZ9OtVyCDtXsfmU5zgk9CODjPJxu56kc1ZaPcw2kZJYkMBkbcKoPpuxx3PBw2GqN1C9CvPzN8uckZHIAPfPHUcdRk1om207xXw2TWmlvXV9+nSz1HyKN01zW0++2r2du3a9/SDdjAzjOVHdsf3icHrnnqPYU0ZOQx27nGMc4PYg9zxwc8HAzggUH5uehUE57DJ64xwRwCBnAxjmosjHPzDGVUDpj3zyW5JJ/2c8DNbRb+KP2tHrula23S+2/mr/Dg1G+urdua60Wifna2j116q+hNvKkDBADksRg46ddox9cZ6etLu3DLdFHBxgknqTjrkANg4yecYyaptLjHzdcEjknA45weCfrz3A4NR+cQThjtxlsA5y+cjKn3HGTnJ7VabT3d3pfu7K17Le2i9V5CcY22TVlbfe+mqeumzs7XuWndeSHCsFGR6Hvwc5HU5J65AA4pnmHglwCcAdCVYZJwfpjjoABn2oPKFwoOWDDOSMEYbKtkDkdWBJwMcDFQmcjAHOCSxxlR06L1yAOOMA8Gk2+rvrdrrr5Wvpa3bc0UE4pppW3XVK+//AMla7StJ76a7THlBnJfn6Y+mepPoV7YxmpVlwVOFABzwcnAxxjuCc/QknjOaxo7jcOh4HJ6c88EHvjHc5z+JmW53HABKjAxjIxjPB6nPp19u9F/Lvrb8/wAbP8dio0mm7WWqvo3rsk9Nm9+m972sbDSFt2OCWG4kdA2AQD9M4UHAyeCSaaWw5KnHRRgE4AXIBye+Bg44J4PrUWRRkbioJGVzyQOeB0I+vGRwOtWQysSExjALE4ByRg8nqAvO7jp8oyKXNFXu9tPndffZb22M2mm0+j9Pztb5+vkpFYsue+QTnggDkDIyOw56ccEEYqYSY2jk8eoPHOB6nk8v3A5GesQVedp2jbtK5GcZGOehBOSMZJbPU5pQvIZWJyvJbttBxx2A29OASemDipcru8brbXfdrz3V/PVvbcI3lZa7at+Vlf0V+l7dtSQE85AUhuwIyo5xnPXsQeB0xVmORVfAJDHBCgkn3wDwScbSO2TnjNUwUyS27IU8HjJbpgHkNtGSCBx1y2amQc9PmwAD36DpzncOh9CfWkpbXd79bXd7r8V8++t0ir6axT+W34W2V9n3fU37ebgbcD5jhn7ADk8gkjHByCBwPTGrDOCoyeA2VwoyCffGcjGARwVJODxXNRSBBkAHnaQNuWBI5J9889Tk4BGQBoRXO0btuMnB75A6ADHAz1I68c8857776f5eX3l+7FJ2STt0u3e1r77fotTroZFIyhCnk8E54PDZPUHtz2x7DQR9pUBiQQcEEEjJHXnpySc8HrjtXM20oLcgrlto5BIAUt3YYyR1xxgEDoDqW8ihgC46KQwHdu+cZyMHdjgc5zzWMpON9Oq1vvtvbbTfZ7LRJX0ttZNpabW1aV0nZ9bLy6ee35hYEA4yWOSCucEgcrkjPUcf1yqgEKDwRlj83y4ByAC3PB4yeo46DNQq0aqQSuQflAycE4yR1yDnOeQegwCBVhVVsc5+6Dg5JHTABGFxjvz05GMVKb9F2sr62fXfz+5ba1FN7xbvZXW/RaJ6Wtrva+9rXJUTB6cLxuzuwCP77EjnjJwR39DUyHP3fl2jgc+xJJwcqADgNwBk88ARgFg3ou0DGMjPfpgcAqQQeCepNSDaMMcgbiMHHqeQM/cOCe+OnTorye+1r6bO9tvJONlsvu1tLbS1tVr5a2t2ffvuT5BOFJyBknGTjHQYGCST0xyOOCQCzcexJbJJ4zkDIHTOSOCTjHXOACaUOPm24OMcAe5zxxxnGR9PSmZAfI46KR6DH93JwoycEZ59SAKm+q8mrPV63jZ67NrX7tW0aJJpLd6Xe7bTja7d3FWfkk9iVSQxYt1zkj3wMc8ADnOeKeMdVJ44LZySOOcAdMHkZP8AjAGBYAAnkDqOenUdgMk9vp6PVihxnOccN77tp3devGM9MnGMEaXdk3d677O+muqaXpb10s1g4+8n3e1raaaW23dtevqz8jv+C4kIl/YIuW2lwnxM8OkhRzlrg47ZPuB+XPP8fccswXalo7EwLglcYwOAccjnnJ74xwcH+vr/AILoPKf+Cfl+sE7wSt8TvDiiRRudQ10RjPA6kHGOcnHv/FjceHtTdHeTxJqhBJJETuoAKr8nB6DcAcKDng8ECv3vwslWeAxKo0lVk6sLu9kmoRXW9m/zvY/IfF36tGjk6r13RjGliEn7Nz5v3kXpyv3bJ9brfXe3tB1m6ggVWtQv7hIyzyRopyxwSXK/KFOSQBk9zwB5pBqsVvq2syXU2nw7pUIeS8hUY2jJJLAlR3KghTgk1ysvhdriIJLf6vcsVJbzLydQcHHdtp4HAwfYkdeZg8G2U+v3dlNAzxx28Toks8km1i43FiWwQ3OQdx/iHHNfqlWpmDdKMsPSpN1Eo3m2rtLmvaK0fdN22ufhuFjll68o4vEVeWlztOCsuVxva8ur06bW8z1q58YaDA8bXOuWEKlfmWGZZscjjG4nqM+5Gc55qp/wsPw3boy22uSyhmJJjtpHJyBwMZB3Z6gEHjJAFVbfwNoqmKN9NsRsZEJeMMwyMnJYY59c4HAx3He2vhXQ7eJGgtLFAigMBbx5LDgnlc4wMDB+mcV1rC5lK3NWp04p35Yw5nqkvib0stElrfRXsrcbzHKacmo4fEVpX15pRgto9I8z0Wmj28mfOfxxvV1RNDvoGmkSbRCsLTDy3ZBcEsdnBVcc8n7uegBrg/hHdalHoN6kOrC0hS/kKxIoLks33gGIHPpnOcnHFen/AB5hRZtIWMqqW+iXLKiIqBcO4AHbAA44OevQgnA/Z206wvPDV5Lc2yTMupfK8q7uCSSvRhwc9M/MckDjHlex9pmdGlOqpNRnd2aT5VG/wXVm+XR91ayuew8S45bWq0qfs4uVHlT1spPTfTb5rfvbA+KVxK/g/Vopb+4unaSEtvb5SAVyxCcA5HUY/h+o5j4I6U9/4fuQ8ty4W+fy44mkAPXjjKgDCtux0POK9i+OFtZ2/hPXhFbQR7JrUqEQKQPlG0cZ6D19eeak/ZmgtX8GXMpt48NqEwLt8pwEPqR6dsjJ5yK5qdKC4ljFOPJDDOLVk25cy3d99Xe71730Oic6suHLuXvyxMXFtu8fej2+fla603Xmnxk077Fonh6BY5Qry3MjLI5LAqGBJ3EAFjgEAcHOe+Ow+E3g+51Dwhpt3DpHmxTCUGdmJViGxyAQcr3z8y5zgkYNP9o1WFloSowQAX7oBnGMuRg5GO2cfXPFfQH7Psca/Cjw+7vhvIuCDkKoPmAMTk5x+ZyBk44rohGMs8xHurl9jFqyTtb2Ss77d0+v4GLnNZHhrN3dZJy9brd+Xm7Wd9Gz5H+OuhS6Re20Mlpb2pOkTPtQAYwQd2OSdwPGcnHGBXv/AMO9Bv7rwL4edb4Rwy6NGyLGgDjKZ3FhyR07nkHPOK8z/akMbatAYnMgOhyksG4IDjpg/Q9DyevSvfPhlHt+HnhQqjlm0K2JbI4UoOh+vIUnoeozTwNKjLOsSp2kpUYyV7ae9BaJLdd77J33FjK9eGUYOUG01iFB9W/cvbVO/TW2iWzPj39o+1ks/GOjo87TumgQIzvxkqwG0DoRzjkHgY+6Bn7H8B+FLy68GeHL17wRxSaPaOFQfMNyK3zAHGPXocYIOSa+Rf2oIfL8aaY53Nt0a364AySuOeuOMcHocc5r7n+H15PD4C8LRCKZSdBsTv2DBXauScnHI5xjPrtBrryyFJZhi1aPuqXLF3/mje2j2Vtjzs7qVoZZl8488XOava20oqy32vrul0aZ+cnx1sfs3xbazknLjz9LBY8DmZPlHcYzwcYz74x+glz4NsY/DwmyZHTS7RiCxwW8mM8gk5P3ux9snr8DftBCRfjMxbJLT6Ofm+TkzIeBjkEHC8Agg5GM4/R/Ufti+Gl+VI4zpVt8w5YsYYRgjGTk5I/MdBu5srnyY7NeXlV6vLJ2fbTR3d/TRtPudmbR58vyR1OZN01v5xpu71/mfRaX0Wmv5tfFu1EPxQ0+DyggaPSu5+YvIAT147kY9SM7TgfotpXgjTXsrJpIRcSf2dFMrEgIpFsrDgY5zjsPmwQeuPz3+L8Up+LOmbpAzeVo4BZSoyzqWUZ6BWySMEnb83Wv0kt7m8sbG1WOeJB/Z8a7hgtj7Kuc49RnGD1IGOx68inKNbMWnq6iu3Z23S02t+WvmjzOJ4x9lktudRsnoldL3Lp3ffs/I/NWW0ii/aB8NWTRgJProkaMr3aYr5a4weBnnpz64Ffo34n0W1t9A1eWCzjRorYliwGWYsdoyB0PQ4ztyQBzmvzqnYH9oXwfNI4cf2wrkgE4zMxxjOSPUHg+mRz+lvjCexfw9rJMknmLbKoWTCDljwOfmy2MNgZyQeeuXD9XlpZvrZ/WarcrL4rLrayvv1++1+niGEvbZK4xvbDU+W6S+1HRq1vTfVW9fz78NRK/x/0yMxKiLeK5VQOQsaHowyM+md3qTX2p44hV7HWDtVUXRdQdMuGb7jZBxnOMYwemcjOcj5G8DQxz/tJ6PDJ86O0jYwOQIosH1B6gjjoeuK+4/iZa2ttp+rpbKFkbQ9TJb93kgwvjaASoB5wOTg9+cxw60sDmLSv/ALXWT0Vn7qS012vfyskHEalLMsrumovC0G1qmm6i0STS3ba7201Pz8/ZshST4vBWYBV0y/bBxx87888e4PHAHavt/wCIstunhzxBEJS7jSJ/LCqeTsY/eGQPooJyfSviz9mRxB8YmaW385f7Hv8AIwuD8z8g9Dj0Hrz0FfY3xK1iGXT9Qto7VIC+nXURzgMoWEtuA7lue2MnjjiurIq3s8sxceRtOrWjZXW6imrX6b3a3tra5jneHVTNcHPmUXGnh9ZKWmq7Jq/ZLrbqz5D/AGWUeT4zzOMhP7Lnb5iF4XIKjceMkHuPm47jP3H8eYluvCQCTICunakSiyBmytpISuAcAdOeB04Oc18KfswE/wDC4JV3FN+kXo3DnCiRzuxyACOScYOCT04+0fisix6AyshkMmn6qokYjAzZyckBiOWAwBnJwcYJxwZNNrJMck1Fe3raN62bik9m9mtuiXmb55Ti+IMA7Sm/Y4d397Sz3Xo9bXXZpbHx1+yJGh8W+LzK8SqmnREmRgFJEmepODjBxjGCc4XAI+oPjvJaSfDrXWjnt5CRartTkhdyHAK5A6Dqeg7jFfLH7Ktvaz+LfF6SxyyAWAZQjYJCuf7vA5x14+YjOAa+ivjOyw/D7W4FtRHgwEZYM2NyDg5OSwK555ycAEGllvN/YGISkk5Os9Hs3K76enV/etdcxhH/AFiw85RvaNB6a7JW23b+dk9OqOR/Y18xNK+IUsEKuE1GBd2SflMPX1PfJz1XqByOo+Pxlm8DeLXOBCYLQuAOciWPIOBzk/Mc7snOOM4wf2LpFTQviPGUwZNQgA5XjMKhsnnBwQCOOnpmui+PELHwN4yUOc/Z7Q7AxJ/1kfBGeQME54xgH1rSjePDrXOmuSpZ30Vrq3rfZ3WzMa3/ACU0eWF4urRenS8Yavuteui9LI8f/ZklmtdB8QGCVQr38OWK5IxGc843E+uD6cjAJ6z43yPe+DfETySh9lnEo3LjgMCNp6ZHGPUg9QMih+yXYNJ4f8TJ5ImP26AqpTpmI9DyO+MZBPriur+Olk1v4L8TBoSuLeE/dJC/OvGeQO4IweeMZNb4fm/1cXvxk/YS21s27LTZX7JaPuKvB/62KXs2kq1NppbNxh8rd997aHnP7LdzKnw91dPl2R62CQV3/Mc9h/DwCAADk57Guo+Lkxn8H60RGSpu7U78fd+XPIJ6E845HGMAjit+ypYmT4a66yxI3/E927iU4++TneT0xgEE4xwe1a3xihFv4N14qQD9vs142ZbjrgHkDGB25JwxpzqQXC9CPwz+rO6v15nd69Fa9kla9+9yGGqvjSrV972ftuZKz39nTvr5301vuO/Zvuddt/Cuqf2UsZifUd07SRMxRkyBghcnJyTjqODzzWV+0dc6tqOhaa+qMGZGvFhKJsULtYupBCsOQeG+nPIr0X9lKfTovBWri/1GxsQdXwRdXcNvORj7yRyOu4cHIA6k4Y4IHMftStpjWWjRaZqVjqSbL7zTZ3MdwyyDJXzBEzAM24g/xcYPPB4cTNQ4YUbpynSgrN63U4/h27tu/c9XCYecuLp1JUmoxqStOz1fJG3vdrPv8rWOt+DFq8nwh8MShWl2QXORk4yjEDABGcEc9eSc8NivGvjpFjRSdoXE1uQmQcBi24k4yGHHGMnB4/vev/Bvxb4R0n4V+H7DV/EVjaXEUVwZLXzE86MsxwHAPG3nI5z+Az5B8b/EPhnWLAR6JqcF8RNDGwRW+UoTlySAG7cZGANpxkVpmdai+FaVOM4+0+rULxTTfN7jd/S19Hd7ozyXDV1xjiKk6VSNF4jENNxahq5WfNbbZ2Xl3R6t8MNL+0+D9CIEWJNPjMrMxyBufBUg4BAJGcd9p7V51+0Rpi2fh/wqiPGuLrUWIC7XYADBJbkqckAkE87uQMV3nw2+I/g7RvBekafeNqE1/BZKlwlvYzSBJFZsBHWPaSckAK2QMnngHzX4/wDjPS/FelaAdNtNSgWzmukke8tZLaN/MQbVi3IC/UFsgkHI55FcuPxdOfD1CEbc6pUuZbL7DaV73u+nlZ7K/Xk+AxFPiyvVlFqm6tdwbbSfM9LXae2q/S2n0F8HEVPhd4Q3FiTBnardQS2cnHQd/YcYB47m6jVpdIKqMnVkA6EFd/Xg9Bgn0b2BJPzn8MPHmq6b4K0DTLHwhqepfZLeVUvNypBKRuJCjqACMA88/LwBXYj4heKml02SfwPNaQxalE4kmnBAy4BG3OQOR+HPTmujCY2j9Qox5nf2KWkWkm1TW6Vlb7tdNnbgxmTYl51VrNRUPbynFOpC9lJWfxX6rS1ru71PqHx2vn6/prqRhdKdl+9g4j2kfLggk9M9AOeMZ+ffHWlwa94OXSbuOM2d1cSRyjaCybGbEi4zjZywPOMDk4xXpWq+Kp7nxFp8eoQfZTFosrJIrBoh5sRIQkjJK85zwMbj1zXCeItM1qbSrXU9LgedIvNaS0A+S5ikLYeLGRuA5GD14Hyc1jVnThyOo/dnHlmk79Ydb36O6dr9j1sJSqSdWNNWmk2pRatdOLVmtF+CfVts+FfFH7P/AIg03T73VtHlOpaekpBiUf6SsZywKg5DFVOMrnIHTg18/m1l0y5eFomVtwSYPgEAfeUqBwyk5y33ieDX6i6Rfrc24077QyK14iTwPgSW5ONyup/hJyoB7ZI5NeTfED4MaVrqatquiyrBq1vO5MQRViul68pz8zHOWzgt1Bya4sblUakfbYNt+7fkTTu7XcVbRp26K2+mrOvL82nGt9WxyejtzSsmtNpJLVNLe99na2p8T6loIms1vLEmTCB51U9R7KOc/wB7IyevHNed3TgfLndlcHOcjBwQQec8AYyuOfpXqd0dU8O3V3ZXMDRSK8kdxCzAqucqAqnkZzn7oBUHrkA8rL4aku3LWsTf6QGdhL8qhz83y4xxg564H1wa+WeFqz5qcYyk72lDl22VndWvdfre1z6pV6FCPtnUhCGju3b3Wo6u3a3XTW6T0OH82QW0iqpCGfqCMKAM4xkcYBzwDxjtxE0nOQpHZiTxlTu2k56+uOnJxyCPTtN8BNeD7Bc3kdvcyMZ4xIzLG0cSlmIbOWIPyg9S2O+TXq0Pwq8EW3w61HW9R1y1OusXTT7e3dpJUdX2hJEJOC4xk4xzjg5rnjldeXtE48rim0muyj7q7NKyfrdHdHM6KpU6lOXNCT92UEpN3aSfV6bXe+76W3f2XVWax8SZYgCWLJUZLfKDjJ+b2P8ALjFfVdzYNDGJBcOVKSv5aH5vlUkYbOFK4znB46kdR83fs16dFpljr7FpPMeaFVYplCwUgFtoPB7EgKMfQn6T1Ca8ubeQRIhWOO4WV4/vBlUnOMZI5weOQQAfX9O4abw+T0aE7LlUnaL63XVdW9rvQ/HuLnUnndWrT5+RqnytJq11C78knr1VtWcBp+m2d9HJDq0FtfpPLLcFryISOoVigj3EF1BVu2McHHANc/qvwi8G6u7y2EkmiXG0keSw8h5N3XDncAp6Y4IIHoK6jSr61jESyrKSsEmGIONwf5wR1IzwSTnGM88Vqtd29yrNFGpWNSSx+oPzBcLu5HHAxlhkAkejHAZZjqSeJwdKo3OSk3Bc7V0laS8kt3f5mLznNcvqJYbF1YxUYP2alJpq0PVPppyrVt66nzRr3wt13w9PE9rfQ3yXM3k25jIWR3OcIysQCc42++MGuWmtvEGkSFdS027typPzvHI0bEHklhlcHgnaMYPHNfTmtssjaVNghodRhKhw+0EjGQDg4yDnbggDvjA6B7vIkivreG8iZsiOWOORQgGMZkBPJJbgjj0HX5nG8D5diqlVYaU8M0o8sZe9HV31vqtrW8lsfW5fx9mOHo0Z4rkxCknzaOMlZxtqvdvbR6b+Vr/JcGuRLIXWVY5du0MjPE6sMZIK4IPGV5ySSOPuj0Dw/wDF7x54dljbR/F14kaBB9lu5nuIdg24G2XcAvBABPAxxwSPTdQ8DeA9dDtJp6afeStkyW7BAGY53hVKoCNxIBAx82OeD5I/wokvNf1TStI1SOJLCBJoJLz5fMJBbG4Y3bT1XPQ4yFWvmcZwRmuClTlhJxrqUlFKnK0ujXutr8vuufW4DxByrHQqPGUnQVON6kpxUoJLlim2r6Xavfp8z6l8K/tleI7BYIfFWhWesW6FEe606UpcbODITEcKp74KjPGB0x79pX7Q3we8fS2VtqFyukXKzxSfZNWtwFaQnGzzgqrhOfnc8+hwc/l/q3w88Z6GQ8mkz3UKEj7TYP5qsB/E0ceSM8kZxu6nmuYkmvoJVFzG8TR8FLqJo5Yzn7vzDd17+uSc9R5k/wC2cudsRRrR5Wk+eErp6X1Sadtb73vrpoetRr8P5slLC4ihO8b2pVItNe60nG7s72uraPsz9urv4d+FfFUBufD2r2YW7BZI7aeG5hEbjsE3bc5BCk7ht7c54TVvgbqFjARDCLlRM8SXVk2yYE5yzRxk+Ztz05JBIPt+Wmg+PvFHh6VJtE1zVbB1IZBb3kzwgqflXyC2MArnJXPJHTivp3wN+2X8SPDggh1r7F4mtomX5LyNobgKowxV4wNzj1Z+TjntXZQ4kqQ5Y1HUhLRzk/evdrS17RdvS6d7qxw4zhTAYmbmqUKl9rWi0mo6Xu/O93prfQ988NeAfEun/bIpo1v7ezuLR1DM0EttJb3fnES/dPzDIY4IG4k8c1/YV+yP+3L+zN8Yvh94F+F/xNt9M8F6n4e8O6f4Z/sv4g2Nte6Bql3FBHal7LVLmM2cccwUOqySh13dsgV/IL4G/a9+FurX2oReK7PUPDkmsbEuJHhWezhmyN21o2Mu0E8tjd97uoNfSOm+MvAHi7SjYeB/iBot3aR3cdy2m6jNDCOz77cT7Z0lOMqQAVPHHJr5HjLLMPxTGhJVpQrUrqnOE5Jt+6uWS2a6J+7a2+1+zJMreTwqQp0l7OqvehKz2adr6pJN3tvp336v9vvw54Ws/wBrX466H8L7PSY9HtNZ01rDTtA8ptK2SqjtJp/lAwmBizFRDlQevPX4O1TQ9Vic299oVw8TzfvJGtiCjFFDqflKsxBxtHIXv1A/RnwDZeAm8W6BofxX08zeF/Eev2EWqeOtEkkl8QabYh0UP5rMRcQxA5+csSq4HOa+mf2s/wBiCz+CPhPQvif4B+JuhfEf4VeJmlu9LhF1bHxZp5n3Nbm5tkfEikYR0AMgJYEAcVhw1nceG6lHIcxhXVWryuliOR1KVTlio2c05JNpXabj0s7tX8bijhjMMwUMywSjOlSXLKnDWS1Tul13s9Gr3u9GfgdrmkWtpfQR20VxaXLzqoZI3ibai72R48YJC8ggH7vXnNcxZXIsJdUEzyhDfGRZ1TcG2qMiRcbccNnAznLE5BJ+gPH6Q6lqVleMXsriK6MK280axTSIPlLPGQCGYAY3DBHzYBJryK1tXkN6iqHT+0JVcPsPynK/KRkEHgZAA5IznIP7LgakcRPDVKEk1KMmk0rXsrXV7by7LZ6NH5jXVfD069LEUqlOUJU4t6qTV4272XMntp9+uZJa+F9ehaS8htJ5WBeTzI/KmGQQSGQAElunBxhQS2K4PXfhrpE1xow0q6lgGp6pb2EkQZXWBZ3VfMAPBCgkjJxk/KQDk+qro1qZ2gjiiQ7SzLjnaV3AIwOSRg5Vu/8As4FV20r7Df6C7NmOHxFpkkaYOcNOgAzgYzk4PbcMgniurMcrwuLwlaWIwlJTitakVy3tKOt7bvqr76W1Hk+fY7BY/D06OLqujJ2lRlNygrJNKz0S0003t5I8/wDip8CvEPwv2ajcy/a9AmaNLXWIV+Tz2VZPJuEwSjYypbv6kg48jUmfYwkBMR81HU7CHXo8bryrBhgMDkcHjk1+0/i/QPDPjHSPCGka1apNp+rao1rfW0vHmq6fKYx1WQFlAIzg4I44r88fjf8As8av8O/E+uR+ENP1PW/CsMTX8L21u0tzpVsZPnWZFRneCEsUklAKqFO7nBr8y4myCGWQhXw8pewquLdOXxU5WT0aeivez8rdmfsHC3En9rxnhsRGKxNNX5otWqx01Su+WUU1da3Wx0/wT/ar1Twg9r4V+IULa94Wnkigt9ZlJl1HRRwuJGbPnW6JkNvGQvQdx93eKNB0HxPoNr4o8F3dte2V48NwJ7GVGt549gkeNtjEpKO8bEMMYGMcfi+IE+zpLKq4kJTzUO4FvuBSAcDDDkYyMscE8V6Z8Kfjb4v+EGpAadM2p+GZplOoeHbqQyWUyk/vpbUMSIpsfdVMBiOc5rlyzPK2CqUIVpynh4Jctn70U0tWtPdW+vfWx6+YZNh8XTqypRhCq9W+jel09rP/AMlu3tc+8/EXhbTfE2q2djdAGSTTrmOWOddjIqxkxq2MEqGwVduTjgn71eX+BfGvjT4Ft5Vq0ur+DZNVube+0y5JkFvHMWR5rfduxuQ7kH3eBnjivpTwx4m8A/Gaz03xP4O1BYdUgtHTU9Ocxpd2jFG/0e5izvMe4YSZAVwBnuRwsfhe5Fjrkeo2q3cDX8kZjZldkDRSeS6542gAHkcenWvt/a4XM4xr0qivyaVE9L2TSkrddVbbXW2x8I6NbLak6Vam7KStF395XSbu7Wbdmmn2u2tD1n4cr4Z+Kfwq8TJpLwSwWmqXd+0LbfOjLz5RWRgZIyqs4EijaT06Yp3wi+MHxz/Ye+Kdt8Qfgrr93axSNBPrXhi4aSXQfEmmkgz6fqlju8gu6hkiugnmRs2MhSK+GNOtfiJ8MY7vxb4N1CWK2m1CTT77S1Zja3cDTBlWeE7V5C437cjIKnOAPtnwt8S/C/xdTStOlCaJ4ztYI7a90O82hpQLdxI9uzgCaCQkbNuSvIOO/hY3BQxPtcPjqXxQTjJ25fs2cW1s9/J+bPoMHjKmGUa+FqtxupSjdX1tdSW7SuveT5eXTR7/ANef7Ef/AAUC+Df7cHhGO78MXVv4T+K+lWyf8Jj8L9RnRNStrlF23N3ookwb6xeQM6iHzGRWAYg5B+52GNxwQQdpAHIzkHIxwQeMYyORwa/gF8NaV4t+GOpaJ8Ufhfr2q+CfiD4d8UXkVlrmk3Etvl7WfdHBdKrKLm0m+5NBNmNlfpxiv6h/2AP+Co/hL9o82nwe+Ob2Hw4/aC062hhje9ljs9A+IGxQiXek3MrRxxalchd0lmzAsxbYv3s/mGcZDiMBKVWEXPDt3U0m+RO2kt9NVq3b72foeV5zh8euRyUKy0cW0nJ+7rG9rrRNpt3WvY/W1gSOWC4J654HUdOOxxkH64yDEA7KXyAeRyoODnBwCSGz69OoxkAm5NE8TFJF8twygK2BnPXBIPBBDKQMMDu+6KhKnJUAFsdTgYx3OBjBAGOOnbrXzrk7WVlold6vppZ6br5dF1PbUdFom0l532eiasraXS3SvboRBWGGBYDBDcgeoJGR0PDHqFGSOmaceORl1HqMkEZJZRwR2AAxjjHAyJ2BfGCpGAMHqCAASPYc8e3GOaDkbcliGJyFAHIHqPmJyOgOeeetJN3Wi218ndbPe61tv53IXXmitt+q2ej+y1t63a6jFyCARwc54OfXAZhk443Njjnd0xQBjILEseR6kdMk8HPQE5yexXs4BhknPUAMST1zgj+E5HBAGMBRgkGkKcHcgIyFJzgYbpnnOAT0I4OU65qrX69F+i06PppvfTXd37topXa066v4dk0r7qz730HBSxJ2kDuByT8vHUdMkYJzkHgZzTRFjgfKPUHPHPOB8xBOMjj9ObS8gex6dOCARzjAU5+XOCTnAoII6KOQckjGCOhPIzzwADyMZFCbWmvR2T9H0undadfIlN2VuZK992l01la9073T62sru5X2ElRuIHAB6YA7A/r6npjdmlK445JG3qP4Mgknnk4yMdCcZJAxUrZAAAzjueGzwVHpjj5slSMH61CzcZYEE8Dkccj6ZBBGSe5x0IxO/r/X4/qDu7WbST1tpd3jvfdd5fNvXWNojkkr0J7+wUeueAc9c/wnhsxlSMBhjIwSfc9V5HHGOep7gHm0M8YBPB6ccnPPHJ7Y9cYqFyQ3AJYg8kZAAxg4znP0/qaIp2957d7vsrJu3r+empFpOyabtZ8z11VrO92tHbb/AMB6EXVdoOeAoBUdeAc9MHjoxPU546PCBh1Gc4OcDpyrEhcDkckscc884Aq92A+YHPGCWbHUY64/ID6mpcDAOBxwPoTkgde/JPUcEHOKGrdm9Hd66aPay7dfu2KfLay0XMrau7+FOzsrpbpvrq0QCFmz0G08dDyTzxnB9u2QSMk/LE6cDbyOcnkHnqOuAM5yB7DpkVfClsgElclcAYOPQc8rzkkdOSAc7ajcDIAXJyQAAORn1/hxgdMZ4GDxRez39Vu7XVuj00/z0HGT096ysutkrpb6Xu5Nu+3yKeSFAUYwNq5OSCQOenbjgZJ/u8YoClRgnkcBTkHIxjJAIAycDABzwxHBqcrgAnI6k5UfMDx9M4wcdgfUDBtYbySc5IwBgEE+vXPAyQO/A9NItXXXp0t012XZW66d2gUobv567u61VrJtaPXdX0WxGwwCCASoGQQPlyAQeRke2MHnb9DaQDu6nHGACDyP4uOcAdCOuM1IuTuxkkgYwARgDtkjr+B/LNBChVHynPXOCGAxg8dMcZIJ5x1offlf3q+qS03ulpZ2erezQlKN+qd13eyV7+d77at2Wm5BkgsFABwAARzk8gk44GFPU57e1NXJyAeMYJI+8QOQMngfQ8HJxg8TlVByThhknPQ7jx26knAXp3IGclgxlcdQcHgkluMkEnnGPcDOcDmiKejt+m1lbp3u1rfQ0TTi3a+m/LbV21+9K11fRa9SYcjkkYwARgdc8nj8z+HpTSqkYA4BLAdPvcEDnHbnouT+AkBT7o4JO0Z4BwARjIA7njHAwMcUjHAxjIPAxzgDoM8Hk5xz19QCRWmmvbz/AJeuvk99b3JITn1PHA3H3znr0HzEjvz2xUZYjqcEDaNueSOu7C4xzgAj3xggmUg8cckjLDGTjADAEnGORtJ7ArkjhpTPKgkk9vl646Yxkn0bp24+Wne2uqV1Zu3l8vXV+XQNvLbS+nTT0e3R76JkY3EZ5Jxg4B7YPtgAnK5+XI6EAinFTxwc9cEA9e/PueepOTtAOQHquATg5yFJHt09yAMn/ZyenFIV4AOSMkFVwePXOMj659T2FPVNPR3Se11ryu2/WzWmjXmLVbN2dlZ7f0ld/iQntgdGPGOg4Bx1wM4z36g9jQw54G3GMD055Pv1ORkY9ORU+1eS2MEYHILAjjnJPBBAOeoJ607bycg9sLnI6jBOOu49cdM+xyWXVdna6etu60+aXSysMrBAQMAHJz0PA7jI54+6c8hhnqSQjJwMDCsQx6A8YJxgA8Ec5xkdQTVkIwJyM5GBjPTPPTA/3se+ec0MrKAQOC235skDPUZ547+5zxTsv5rPS+j8r/qgu7/rf+vX5FV0C46E9VUnOcZJK5A49ctjrx0pWVuVGMHD5CngHAYjH15yVz3xkGpgjngrng4JPTvnA6Z+6MDn86MNnJDD5cEcce3JY5B4wOBjIxwKUbra3RWte+3ftbf5WuroS5t7pJqzer0t/Xp6oqNGoLKB97a2A5HB5IJ5wOOgIxzxwcMdCchdyNx90Z4YkDjggKSM9ck84zkWCCSMoDlQB6Yx1YE8gHBGec5Jwc0xQWYAjPBxnjJUnnbxxxwMdietaJ3u76+j1vbTTbbVruvKworRdFpfyulfoVmhO4DIYk8ccLleMdclv6Nx6J5eSQcMSRzgYAx904AABwM5xz2I63yAMDbt4BOBnkAkHpkZIx19fTbUHzMCwAwxJPIPI5GemD6cZBOBuqbp3Vt7NNt21UbO723e9n07oGtHrbW3XXba6t12/JsrlDj1OdpABGSf4h3OMccc4G7vS+WWJAyo6HOATjO4E9z1xwcYqYEkFRngbiSeDjqMY4PvnGCMDjIAWC7SCACRkLnkgZ5bAzg9ehOASWPMXad7taWfldpb6P7/AMNEJRbtq3r1SbS07K91bv1d76Wh2E4Az0LHtx/CMHHPXqcYznGMlCpOcjcNuThQMHnHI68ckZGOuAKs7G5UjDZHJO4DA9BzxwSfU84xywK3Qgep3fL0PGfcdRwcc5OCQLjOyat2t3u0t/602vba+V6K3a7totvya7/PciIwV+QYI25K8bhjrxx6c4JGQMbjUZRcH5c4G7GSPlxjr1Pc5zk9DkcGwxyVwpLFQzNkZ3DPQDG3hc9dx27eF6xNllOAdpG0E/eJGCRxkkfKWwevBzkcUp33stNX81onbTt3eytcbVrXafrdaKz7XvpZbtdOpAsXzAj5VAIG5iexwcZIGMjg54yOc5VdqkEEgkHluhwTyR2BUZB27c568sDYKj7xACkjpnkDp19CAMdQQSDnAEDfMrZXAycMeDx90YwMgk8DjjHJJpqSav59Lvt29V6r7hPT3bpW63k9rdr9Vs+2y0bgYYIXB2jIY9SO6lQTkjtyd3GGHGKjy6kOBwAOuScnOD0P5ngDH1FsjnkYO4Kx9Qe4I6jJxx0Geg4pCgYlsHb0B65/vY7jHAPHofeq3Xy8v+G+Wq+Q31d0tNtG9o2Vu3bTS13uVdrbCMZ3dSSWJI5zg88AkZAAAAPODSjKk5JxjJx2I4HbGd3HTJJABHSpWyCcE7AcZ45J7YJ+npnkkjjMfL5GDhiAM4BXBzgn39umMnnbUKLi1bbffX4le91u1vq09NLti0SVnrZdbWtbTordLPSy36EbZJXgjAyD689eeCOxGckZwMCmMA2ShVWA2k5OOBk5B4IOTjHTAx2FTlcjaCf4ueevIHz8ENnoBkdyR0ZfLUAlQvAHcE5OV3Yzk4PDDtycZxVJvS9l3V79Fp639NOnZKLvfppZac2ttWkrbaau17vS9nXRflJIbJIwQcdM55O7kc4z689Kk2gnhdobBHOM59cHBPryc9ORxUjR4HVQMHJPTp823HHGecD+7kjAagg4DDOCmcEAngYPCgAfd9CMHk5HLjF3Sb0bV9Fp8Pbt87X8kaKCdpJWtZ30e9u132u1qtL9U4ShwPl4yQRgfN1wO2M/oQMAAEBGQgcLghR0wQMt3HIyMYz19uanVM5YktnOOxUEjPIIAwfxHbmkYqq4AOFDAgDk8Z4K9y2SQFJz+RLWVk3aySl8tN9/n8XXQGorRq78lbt27v8AOxV25wpA4IBOOScZ9QPfIGQO54NIEVSB0IYg88EYI6lgO/U+p64qVuQcA9AOOh5zn1PfnGOuKjYdRtzkBm4wMg8tljgDAxjOQST7AhGXL8eju3dPXWOqdte2i06dSHa6taXqmtuXXfW2l+yu9E2QuoOcEZUswyMZycfw8455JXJ9fVnIKscnC4yRn+HOSP7oB5UYPpjgCUnPGRuYEKOO3fnJBBJ+Ug5zkZwTTASGQNzzgZGCB0OOnykew+YAnk5rTmadruTsrddreb6XT382CTvrdt2UW/RbrZ6u11+L0UDSEg5LAgcAgEg8kc/jgBcgnOW5FBJcY6N5akEDuPvY6/Nj2wMfNnirPAwAMgFicgBehAOec8nqRktjmnlUIBIOCCMMeTghenIwR04xzgY24oTsrcj91rytKytp6O7vdp2VthO9rJbJPey1cf67W033pFSNrcfe3AHjLcDrgYAwOxx+pjYMdxBZTnBI65IPOOnoPc/Lxk1oEJnYGGRkHgZAwDk8t0yehyevQjDBCpK/MBubJwx7enPAB+mRnOOtNT7p30tZb7PTs1ddd+zI5tm03s11T29Nr2Sa6LqZ4Dgtknk7SAABnjOfQNxjjIIz6ZNjkZzwwyw5J4yOQAcZzzwQSMk9zdZFBULw24nqQVGcZA5HOeM5Bx27N+XJHUjcMjAGCfm5GMgHjnkdu9bRm925LTS7er05dF8lZ/5FO7S05X692ktrXu9t3r63pmMna2ccjLcH3x97gck7iMfL15pPKAO0ttwGyOW68gDIJOR2A/PvbO3BClfvHgHOAvAGf944x+PSkCnliBySQWJG4jgAgZ+72GOvr0JzXdtebSzleytytpb9LWb6PV95dk9ldNXcr73Wne9l8tO7KqxjPOCSAcHcAV7YwQOnYkEAZyKmSMcccDHOeOvOe/BIO44HQHvUyqcfcycZyeSwGfXnrjr1zxzU0aDP3DkhcjvyecdMD346fhSTut03dpv5xad7tW079UzSKslortLVX1Vo35bN7brR6N6LVOPyyMjgICG5xvycYAI5CngAcZxk9alxlQeOAQWIGRnj2PB64xntnnE4iGV6ICwJAGeBjAB5GO5Gc9c9OJDGOpBwQT2x0PJBz8oI6+/uBUuVle99muumm3bor3081oFpO+t9tL6vZbbb9eu/UqKm1cEkdBnHBBHUg52+igZOO9NKNgAkMucleuQvqDnDMeB9M56k2TGANwIJHzdxyOvGeuenBwBjoDgYDkLgFVBPQ4J4A7HPYYyCQSSvJrHnSd+WSbSTbS929krd46N+bXyVJtaXTV9/TW3ZLVK9r6q2xUKAMMDJJAPf+HIIwcc9CccBRnrTlJwQcYBPYYJJx6gnGM4+7jkVIyDGeB0Gf4ifqR788gcnBA6t2p82RlsZJODkDoG/mORnABHQ1ope6ktXZNaLy0b7NOytez1dwUnp1bS02u7bpa23T6W+1uizaAi6s8gBvtVvyBgn94vp6FR7Z6Zxx/L7/wAFwG/4y11piM7PAGioCfQyxdCNvbPGPqMZNf1AWx3XVlgZxeW3UEHHmrg4/vHjIH14ypP8vH/BbuTf+1trsfGR4P0OMkEZ58lwD24IJI64G7nq3qZRf+0cO3ZpKT7aNJO6uktbPo9PmceO1pppbQb5fW33aWe23bRH4UfFhnHw88X70CD+wJSMkkMPKIUAdO3TPXJwDzXu/wDwRWtM+F/irdqCCL/SdxA5zlcDOQQMkccgn/aAx5J8U7QR/DrxekkbMzeH3UMSehiOwYBIBBI545wejc/Sn/BE3SPN8FfGC3jU711PRiqkHJbYJCuDnJOMYB3ZyB/Ea+qzBtTUovlvScZW85R0tZ7pPW99L2vY8FSc+VtNapbJNOzs2tnfur7PuftfqcJXWIndwhbXNM3A8rtaDcSScKAvXkAe4HT8sf28/wBtDVZvE9l+zV+zj5uv/E/Vb65sda1PTN9wNBW4Vonht5YAyi6Kuxdt37rAzg4FWf8AgoP+2qvgzVh8B/gZMfEfxl8ZXdrpcw01mnbwg0gNq0rtCW2XxRyVj+9ENzNtxXR/sm/sqeDv2RvCWr/Hf48avaXPjdrWXX/FfivWJRNJpo1CJrmWytHnYtJfsSYyYyWDcKNuSPIlNycYxa93l53pprHmitt+u9n5HRGm1abi1zNctt5PmWtnsre9bXTdWOl/ZK/Z1+Gv7GXwb1L47fGTV7RvGbQXmreLPEmsSJLd28symd9N05pf3s97PN+7Ypufed2cAkfGmv33xh/bl8QX/wC0vryXng/9nD4O+L7Bvhv4cuElhPizVGnMCXrxybVnVUYyPMQQpIVWIOK6HR4PiN/wU4+MtjcXY1Pwl+yD4E1+RNNsEMtv/wAJzc29yZFEq/ILo3BT5iS8caMVDA5B/W39pHwp4d8E/ss6r4b8J6RZ6J4c0O40ez03T7BFgt7dLeeCMErGFXeSoaSXazNnJIPB6cHCU8RTm0uVTppN20SlDmUVeyulpK+i1sm7vPENewnBNXUZKy72V7XV9X5pKzVrWP5k/Gc5n+OXxUdNqKuqylVC9DKkZfGMjABxnkDGcZ4ryj41gt8NtdUsSq+Q2ASf+WiYBOMgnkEgnJ7E816JqzPN8Z/ik/mbh/a74PUNlIsnOCMnaDnODxz1xwfxoVh8NfEKqP4ImD5GCPMXj2GeRwVyMnGQT/R70yKstufCVHayX2I26avS+2nofytiHfiWD6/WqcLX0XLKKWqXdN6ap3tvZev/AAmhjPgjw60rrtGi2R2lhkFo+T6cE+wP3eCePRb65gijEK4ZxC4JJ24HlPnIGRkduPmIPY8eT/DKJpfBnhpVDoz6FaO55HCpwMZxggZx1PHQc139/GrLA25fmikJ67iRE+MhcDvwAeQMdMFunCuawGHSk1/s9NbaO6i+3Z69F8jixcb42s4xSaquKd9Heond6336rRato8B+C1qs6+JjuwH8WX4BAAP3x82T6dPTj6CvrzT9JjjhZxIpP7tcDGWO4DJLemRnGOT0Iwa+XfgPHbiLxCkisD/wleoMCQAeXyAGGOON3X0GCOK+v7AxlGAKIgaLJbGSScA9ANwIwOQSc44xXl5fOUcuoW1t7Rp2aatJtaduv3O56uYUY/Xa0rK8uTzS/dR/Ra3S3T1KX7OHgjUdf+L3xZtdPtmuB5tgJmjcK0e4IATv+6XY4Hfd3OQ1fot4U/Zp+IOreI9M06PQZY5tS3x2RnljjNwpwELFjtEbdCx+VQSOAaq/8Enp/B9v+0B8XLrxboWi6xZXOsaNZKdTuVgtbfc8a+dJkjcFzuYHI49OD/ZFoWnfsg+E7S01q6n+HFxeWdks1xdjVrOd7Tem+RYI3kYoI+m1cHK/Llq/GOKuL8yyrFVMDhqa/iSn7ebfK3KSk4xitXq1p38on6hw/wAM4LH0KWLr1bvlpr2cOVcqjCKXNppe+3bfTb+Dv9s79nPxd8H/ANob4I+HfGWlR6bqOq2El79mguoLqLyJ2aOKQyoSnJOccY4BA6N++Gif8ESfEOs/ADTPiFofxL0mfxNqeiw+IbXQpEjS0uYZ7RbqLTftm4Il2zExbmbZu46dPzq/4LI+JfCvxB/bZ+DF94I1iz/sC50mW2sBp8zzwpFDNJscyA4UlwGCrgDjHav1i/4Jx/Gb4WS6FH8MvjV8SvGOi6dp9n9qS817Xry28P3hjJVLKO4knUWsUSAFVRgRkcHJr5yvnnEEMDhszw2JqUqlS88RCKfLUm5JRlNNWtGyja9kpJnvQynJ54itga1GE4pWoOUknGLSbUXdJO97WVlrdNXt/JX+2h4UvPC91ZeGtR064sNS0H4labpd/DIAypd2l/HHKqTYZJE3oxVg2CpUg4YGor+0PkSbpAAu3cT15UZxkk9sZ565B44/TP8A4LveFP2dNA8Y+DLv9nrxEmuWuueLdI1PxYLC+fU7KHWH1CNRcQajI8okaeLarxxudrZZsZOfzPu3hMcxa8tYVP31nmRG3CJQDy3CnjgjJIG71r9j4FzatmtHF46unSqVYYaElK0Zc0Kbi3Z3fK27pu901rqfmPF2WLAvB4SinVhCeIcZQs7KcqbSurK9lq79dep8+/GFQPB+vjcuTpQAC5H3Xbrjj/vo8nJOT19H8OXH2PwP4ZkClf8AiQ6dhlPLEQR/Lj1HJz7jjnA4X4wiyPgvWiNR06WQ2CKEju4GckvghEWQucZH3lJOPunpXXaRqHhhfBXhyO48TaTBJHoVj5kRvoGaJvKjJDxiQurfwlTgjOGA6j6yni6MczqzqVIaYOKvzJaufNbp0ad0200+2vzLweJeW0oQpVHP65UnZRbaTp0+yat0el/PqVb27eezuXaPBMF2VBJxjynAO08g5+mCQeled/s5QJJ4a1WbZho9f1FV4HAkncEDHzdT29jjHNdLqXi7wYLa4B8S6d5kUF1HEisXDsYnUYKFiSx45456jivN/gT458LeHdB1KDU9WSKabXLy4ESWlxPmLzZGVt0aMAXAyB7gjkk1lVxuFnmuAqRrwUadHEKUvaRfLzRptK97X0suvfsVDLMVHK8ZGGGquVWthrR5JJvlbTktLWW/W111Z9D3lskeryGSQSGNYfkPrvXp2HOcgYyOfQH5y8OQ/aPHvxPf5lU6rYAEZyQIXGDkjPBDHB/lx6rJ8UfBk+o3Vyl5qE6yTRqhXSLxlTBG0rmPJHQ46+mDxXj3hjxVpeneLvH98bHVtRj1XUraa3W2s2EkcaxH5po5AGi3nldwBxyK0xeYYN4vK5xrxnGOKrSk4py0dCSXwxtvbYWEyzHPAZrTVCVOVWhS5YuUVqsRSbu29ku2l79LX9vstIuQI3RSEZZCFCEHkE4yehxkgDqeB/teSeJo5o/i98O0ZWULYagArA7uDjnhdp4A6cDjnrXqtn8VQjwxW3gTxJcCNQFdxBEpGAAcNuJOSOcjryMA15H4q8W6te/FfwTqsXgy/jltrW9WDT7ie233Jfq29W2qEGcqMEcHkcVWY5lhatKjySqyisZhn7tGs0lGpF7uCu727bWtazfJlGT4rC163OqMb4evFqVei2pOk1ZRU7paLXVaXV2e7eWSUctz8zBMZIG7nPQjHIwMZx3HFeS/G9S/ge4GzAOq6eDjoSZkIwcYOCDkbQCAdp4IPZTeKPHlyMW3gPTrUuzZaa7UnBOMNsbAwc7uAM98Yx5Z8VLvxxf+FJotY0XRrC0jv7MiS3nZ5BKJV8tCuRkE43NgHGcZ5FGZ41SwmJSw2JcXRnHmVGaim4pc15W0fVqyS1eiNMsyydLHYZyxOFTjVg+X28ZPdXtGN7u3olbTU/Q34MXEVv4T01lIA/s6x3AFN2PJXOB1PU5x0IHTkH7b8ISpqXhXxjaRWRulHhG8uXdSuQkTRklhz0PAGQBnHPJr8WtB8X/GOx0+1tNLuPDunRR2kCxOwld0QRqqsQwxnbjfzgHuOtd5o3xd/ab8Lwaxd6d8QNEtYrvRbq2vrZbGOVLmyA3zQBWQr+8C9QOo644rz8fDE4rBqFDB4lyVGLUuSKglGMbNqUk+l37t1bS7PUy+nQw2MjUqY/Cxj7Vc0IynObUpR00jypttbyXl5/0M/ADxL4b8AeM18dt4m8SfC/xfpvww8PzeHNT0NY4/7ULJLGRcqwBmilAIkXBPGW+ZcV4R8Y/iDrPxK8a6uulXOu+LNWvNYju7zWjBJeT6k1wyGWZ/KVgpBJJjO0AcfLxj8bdE/aG/aU8ZaLpWqT/E3T4VTTI9PsVl021aW2soHkRbVGMZJjQk8N0HHOMjtvA3xq/aG8HSzT6Z8Xo9PmvLkSyz2+kWEk27kkI0kW9VOezZHHPAx8fhOG8whUeLpYbmrVqEYqc5RVlZONne9ttE+6fY+sxmf5bNLBTxL9lSrNyVOE37/uc2luW6atfXXTrr98/Bzw9q/hT4I/tKX50V7++T43aoJJZLUrcWbW1nbPKXyob935hJUHGQe5r3L9hf4AeFv2sPi3q/wr8VfEKx+Hk9podz4jg1m/WKB9RmWEuljayXBSFjExBlRSCF46k5/FHwv8Ufi/4uvfihYXfxZ8R21rdeJ5r2/t7ARQW+rX10oF3d3EEZVTNMqorYUqAoCkd4rK38UaPqcmo2HxC8X2+oLuEd1Yald6ddoHT51huLeSJ0DDG5QQpBwQTk10YHKc5nlmJo4eosPWr4ipKliOZSdGSnCM/du20nBq2mju3fR54/OclpZnhKmITr0qFGnGph5U3F1LwUotyulf3493zL1R9C/wDBQb4NRfs+fthaV8Pp/Hvhzx5BoGnS3I8RaNcw/wBn/ZbiVljtpJNxRLqEKGlTJw2ABjFePv468K2pKS67p0aw7jsFzbMATkgYVzuHKkDP3RxyVFfMvjCwTVviZp9vr1/qmuPcaTNcXFxq+oXF3eSy7mJaS4mdpHOScjJz2BJArpbTwT4Plk3f2LFIVCElpJGDHd94liRtI464IJOBxX2XDmGzbDYWpSqSoV69OtGFavOU4e0qRhT5p8kYvSzj9pqyemx8dxJiMoxWLo4hLEYejUpKVGlTjTahTnKVlzyknpdpqz8r7uv8aPG/hnU7Xw19h1uzu2g8QW886RyoxhiR0LPtViGC4yQM8jHY16hcfHXwDBbwwprys6W0YPlQSuA6xqp+baQcMNp6c+558F+JvhvQNLs9A+xaPZWvma/aRu6RqWkjd0yrkrgo27BHHGAWzgV7PBoHh0Rxovh7SyWhh+ZbaDKkgHnjpuByckg44PJr0sPSzH69mCjLCRlGOFu37SatKMnGyvF81k73SV/h0R51aeUrLcC5rGVaUp4pQ96EW/fpuV9GmnpZR23735fxf8ZvBmp+G9csIby5ubm80yeJAbSUBmKMBllRcA8HcWHoSMA1B4T+NHhnSfCui6eLHXbuS206KNxaadcFVfjOG8o7gDwWBOCBk8Gtzxfo2mW/hzXZItN0+Ax6VcuPLtYxIpVGbhsZABx6gkc5wSMPwjKIfDmjiKOJSdPh6RgZDKpPBHJHIyQcE9BuArV0sxeOjT+t4eFRYTnbjQcrr2kY21m3p0u9PMyWIyahl7msJiZQeNjFxddJuo6O94002ktOV6t+tiO6+OFnMWjt/CfiSYM2FAtJFYg/dJJXcCey4HHGa8g8O+LtTt77Wbm08K6tqBuNTlmEahUaBmJKwyhlyX5wegGMgcV9BozNMp3hMsuFVRuz25GAAM9Vz6YNef8AhWS4i1LxGuJGP9rO4KAlhwxyxPBIAxx0z1455cTgcc8fl0J49KU5V7NUaUWkqcXom5XT03emtvLTD5plssBmElld40fq/MqlerJTUqiSWnK+7stb6bLTX074jeOri3jWz+Gl6BE4yZriGMkt0IJIORwQeO2OCBXJ3Pi/xo3xRmun8Dj+1m8OpbDT5LpGi+y5DGfzNxBIIA4POO2Mj27TJ5kV/MeTjnazYBLDk4PBPPzcHbwBkAiuCuZkj+Ms0kk0RSPwxGrM0oweVJUk4AOQcDOFxg44NXj8urxeCU83rylLGUopuNCLhdSXMlGOjsnZNPToY5fnWGaxsqOTYeEYYKo3FSrvm1pJQk/abPe0dXbo7opvr/xKleN4PBOmQq0gH7+5yQVJXgA4PAz3DdcdK47xddfEe81jwmb3TNGs5YtXLWQR5GVpgp4mKnIVRnJGTx16Z9zvdVsGS3B1CCFfMIH76MMMZxlgc4/DgHoK898c6tpTar4JZdQt8QayzSlJ0OEEbklyDwCcKc4BznsoMZjlcaWEnOpmeKq8tSjpKtSUXerBN8sYxSaWq81q9kPLM4qVMZTVPJ8HRjyVnzxpVPaL9zJpJzqPdpJ9+hqTN8V7qPC6j4fsjubcqRSP8wPPBOc4YnHJwOQQSa5/VdN+JL6fefbvG1hDbizmE0NrZqWkjaNw6KQpIZhkncTycj5a6q98WaOEyupWqEs4ys0bcdFGAeAc5Xaf1JrktV8WaXJa3iNqEEpe0mjwhLZOwgEAAhiTjtgAcc5rV5fgOR8+Mry5qTtfFzSvyJu6g49Xtve109Dmhm+aSxFNQy/D04KrBNxwcXaKkk3eSey167W6o/c3/gkL4g8e6V+zD430LRm0a48PQzeI1uG1OKRtQlmurW5c+U8SiNUbBVEY8kqODX4W6l8S/DOk/EPxrp+tpc6Pcr4p1qGX7TC3lrL9sl3Ih2gBM7SDk5ye/NfvV/wRf1zQbn4H/Ejwtc31murG9luvsdxKqzNaTW9wRMsTbSI8sMuAFJOC2eD+LPxr0DQ5/jF8UtNvNMsLmO38Ya4FLRIrAG4ZgwbYCTycMN3OOpOa+H4P+vU+I8wp5dUo0alOlGfLiISqxqwUo2Ts1NKTbfPFtpLZ6n6Dx7HK6vC+XyzWlVq0qtZJywtSFOpSdk3KKknTlbRqM4pPfR2ZFb6xpGrW3m6be2l7EYxhoJYzJ1wNyA5XAOCMAjBHrngYUA8ReJEwWYR2RIzyflIwGxjPBIBC91GBkVwGpfDCxVjceGNV1DQLzduVLaeQW4fOQChYBlI6gYHbnLZ56LUvif4X1O/87T4PFkC28DTSw5juxAmQjDH33Chs9yD2xg/qlfiDG4Wtg55rllSlTpVrPE4OUsVSbnTcU3CyrRS1bThJrztr+M4XhbK8ThccslzalVq18PHlwmOSwleCjVpSd6knLDy+G11Uim7PS57mNscY2pvYsCCfmO3OeCOfl44wAB1B2kVlaedmqa2WBxm2Y4ODyB6nIPHuRzk5HHDaV8XfC95MlnqwvPDt+CEFrqUDKhkOMgSFdiplvvFgCDk8jjt9Ne3vNT1aazuYrq3kitZI5baRJUYMSTkqSG425XjjIOc4r26Oc5fj8RgpYTE0qrjiG5QjLlnTXsJxSnSlyzi23peKS20R8zU4dzTL6GZRx2ErUP8AZ4Rpz5GqVR/WKFnGpHmhO6TfNCTul00t0bGSUKUOAvljAxkkZ5yMnknPUnPUnIrA8PJvGsqOHOszNhjgcIpBA9eQTu/LFdBLg4CkjG09RySWBGCBgkkcDgAbhzWNoICHVjn5v7WkZRgD70ajHfPcdhnnBJr1p1Yyx+C0s5Oqne2tqSktdddknre3Vqx5EKDhluZWV3FYRSV7f8vk3bRd9X37LV3HnkV1VwzBQdx4AIBIAOc4OFGMnrlSAaybe0jnuNVd2jaNrxCY5BvViUBAOQQeSck5LcdjWpIN0rb3+YqVGOdq7mBAOSDyQx9OuccE06AmTUwuMfaowBxu4QHGcn8cA8jBP8NZ4qEamMwUWuZTr1k4ys7pUm3fTqv81d7vB1p0sBmcrOPJh8O4yv1+sU73e+1tNN9lpbkdX+HugasUdrGO1uSsjC6tN1vMrYJ37owAR3JOcE44OBXI6dpXjnQLGOTRNZXV7ON50Gmamqh8I5AWGdMMR6Fm79MEmvcpJCxjRNwIj5U4IGNygn1yowecHoM8GsXSIFfT4Cwzue5bBOP+Xh85P8J6dODweorysx4fy+tjaTpwng6jhWkq2ElKhNSXs0m+S0Z2bSakmmr+q+jyXibMaOX11WqQxlOnVoR9jjaaxFLkfPzRjz+9C/Lo4Si10eh8w/FTxbdav4Y/sjVNPbSdUF7GwifP2eXy2AaSKYnafujg5J5ZcivOfh9pl/deMtLspbfzitvcSGQY8thsLrlgACSACq9WyBt6V778erK2j8I28/kxNIl+m2VlzIoICnBPrlu4GMdTk187eANW1u11yMWO648tbi4eLcfOWFIyriF8gkqikgDBHQDIbP4JxfQr4TiWNDE1pYyUadBxqyhGE3TdmlPl0lKzfvWd+ivc/ofgvFUMfw6sRhsNHBRlUrc1GM5SgppwUpQlK8owa1UZN8qVuZbn0Lp2n2c3i/wc0YEckusx2l3Gsao28XSqjlVAG4E7sk9RzjB3fut8cNAuLTw2LaGWTUZLf4T2EiC4UOsURiQSfNjhgPlHQ4BBAr8DPh1ei88beD3QzMk3iOFpvtRxLDKLhHXKEBiNuSeuW9iM/wBIXxQudMPhi+1TVGMVtb/CGzeBwMrLPE0atExA+YcDgtjd1AOc+XiZKNSE6LajJ8sk1eKTcIq+is/O2p9PhVzRUKiSaWjvdXSg9LNXvZO3Xp2PxmttXuh8J/EelShIo7XxFb3WxcCUsbdoQoAxtQAkjPQfLuOAK9AFjHNr/wAGEt2KvdaYiSP13MZQgYk4JwOOBkAEetecLKl74W8eSBEJn1O2mt0VcYikB2nafQEAAnrheOh77TLqVPF3wbinJRYYrNU2sASskyZ574JPA7HjdU1IJNuKaTcmnJaq8Fr82nZdku6YJyfLz35pOKd3ZP3k7ddU9LdO7dipHpw0+Lx0rSZm03x5cSs5GdkQhdHdj1GWwuTgdsZxWXci40rwz8N9RT95BJ44l1BXZcoEg1BFZQSOQcjAwRuXHPGOu1exaW4+OMMTD9zqF5egYDO2y8Chs9cYJBxwCc5GcVC8Y1n4OfCx2jVV0TxddW9zuKrJKLm+jlVwFILqnILHIJIHrjPaSV+a7hpo7+4rpvT1fW707myXPzOLs73jfV+7LXS9r+qStvs2dab+TUPGHxl19UZIx4dudqMCDGJ4Rt2lf4TzkDtgEg4NdrpK2mp+Bv2YtLeKNzHqOrmfcMk+bKSeCMkd29m9M54q2uLaa6+O3k5EKeFlaMcA741VWwCQcZJ528g9VOa3fDV1HDYfszKi5je4vd+CN28HBHtls+4A4GBTcb8iu7Rimnrp+7as3fW1/wA1obQTu5K7d4u8mrv3obLa0kr3t1vszzzXLKws9E+OsDO0ZTxjaKm1CodEmH7sABVAB56jOM/MBz2VjqENr4siMmoiWW5+DsqRwMMqsf2E/KM5wyjscZI46ccn4nhN1oH7QF1uC+R46s4wGBwMyHPc+nUEYGCVJOaYkEknxB0IGFSD8ISoGch/9BbBYDvyCfp15OHZ8sbtW5JKK0d48tN2b0s7XaW/k7sJq13ZNXVlqnzSk91ZWW1u667t6/giaQ/8KAihYFpU8RLu56yCfIGOg254yQc9McGv4g+yR6BY21vCqT2WpeItVmZVUGSRZ2jVc5xkb8DJyCMdlAm8DY8/9nrAERU66MklcNtnHHQjkAA4A4z25yNfuIHYwL8pWDxI5DHjeLxDyB6EbuT3yflJq0468sbfu9uz5qiWl20le9tr29Eot3p6t3vpZq6XJrfeLV27a7667/2T/wDBLhWX9hX4Tw4y1hqWr25z0AbEnPrxJt9cDnHFfcsqDeSMB1JHXA+bkkevOO+Mdxzn4b/4JY3C3f7EXg0AgG28U6lDjONp8mH8P5cZ5ByT91SqFJOVUgsecEHkHGDn1PB65655rwaPx1k27uUtN93F7tfPySvtv9qnzUKTas1BLW+llFJb3u1burfJlfgYG7nJLAdOmGwQOvAx1x94mmnjAJJGCF9FJ757bsgDjHFO4Oc45BYg45zwcjnn8B+RbKgDAJ5BUghTz0PQEjHTHJAx15Fap30s9Xa2/lb9dddzncHe2y0Tevle/p5bdetoGUgAcYHJwMggAnHsc8c4zuUjrgROD8vGfRc8HB+98o4wQOOh7jb1nbnG0bVbHGenXHJJPJ5+Yn3PGKrEOCMnIJPOMjHXOOeRnHpjn1NNvRPa9tb7ax9NO97aX03soqSdrtLrs1pa3Vu9tP0sIcjJ7lgPoMZJy3rn0yCAVxgsQ54PP8fVTzgY+pxg+q9Mc80oyCSScE4wF4GMZBIODkHjjj37uG5eAD0IPQjnpweg46+ufcVcU3Zp7X7eS3119VpruW222m3zO72813V5W19VcRTlO+dpyAQM/N15ORgH+7jk5xyS2TJPf7uAGGBnIB9MEA5J6fXmpOWxgYyBvJOTx6DoOM8jsBjJFNkUsFJUgYILE8kDjnB+UdOg3E8d+bT1Sv0V09nokrdfwXV32Jva2rumk1aytpst3e+9uj6FX5snL4AyCVx35z64HQHtnOeQamVD03DbuwOSCPQ9gCwwSBjGR2YYbgEEkEkLnOACCCRkg9gdoIPfHB4y7DbRg8Da+AADwRnDDA9eSCOMDHWrb7Ws7LW976X06dX37pIUneySTV1ZJvybWmzfmr69nYVw+GAKnB3bTtyBjOAwPB79FwPfmkBfaXVTjJBB6qBjB7Yx3HvxtPBlUEKy4OQeDwBjPtxjkjnnnH97KkEk7QeiMcjr0wPl/DPTcxxgDOJvt6pXvur30087dW9b3sJLVN3727u66v7737/Ku65YqQQeCQDjcAOQeQRgj5TyCASeppyDcVBAP3hn5V6HPOeTwOBjAwe9En3skNuJJUEgEen93r2OQPQjBBI2Iz3IDHbjcR2J5BwW68EYG7kE091o2ru+iSfTur2/B+fRc0dru7bu0ldWUd9Htokl/kh5GDuHB+UBv4jgegBX0+b27E0rIpHysMMWw2SScsOO/TjI4Ge/IpSOAfu4I4bHIII+XbkALyuRwCcjIIJBuJ6BQclcclR16MemTtyMHgcsAaUlbrd/PlbslbTz1sr9ejBNS2V3ZWd32ina26SV1ZtPqtxjZBGW3KQSMDBAPTJJbtgZPy9ycnFQlfm2gHGMDOMDCjPI6jJ4256Y4HR0pIZs7sAAYPPBGQMY5z90k5B61ES53ZIGCBwMHByDggck9D64JwKa2W1red+ltklbft6dAUXZy3V1omr9FZdN/Pe/oRylgGUcn/ZBO0jd1yABk4GScYJbGOlfB46gcNywx7gHGcg8NyMdyDyLcmcgMG25JGAQc553EfKVPUhhgHkcGo1T5QSVOCeFBBzkjvgL7jJPPWrVrrZu2mi02vzaX+a1sulyLSXu2asls7NP3ZO3ZJJq6jps78qE2/KeemOnQ89Dj2wCQc8DkcYUqSc7uACe5zxgAnBbHToTgdeuaf1B4Az2xjOO/YjnHBPPOT0NKFYbQAOFwQFY89c8AAEgHIHcgAHsSSd721XfXdfNrRPz38hp6tpp3tpd3030V5PpsumtrXIgjZHOPlJwAQQTkZ6cnk9jkcikVTgKD8pJ5wc9zzj5vTA7c4HpMeMkg9Bz1bgDI46YPb05x3poBzknGOBgDpnOM/XgkgY9QBmlD3Nrt7WS0aunq2lezvpbbW2mqlF6b6X6u7+F76u3k0nf0Iir5yRnjHAHQEYHLfUH/vrnIAAzEDcMAgbcAbiAQAMHk8AgjjIB7ggy/e24JKtjaRgZPXPcjn1IweT2JFDBgeejcYJ56KBxgMMEDGOAMcHNaNqybutNX16O2lktOy829hppL3nLo/5lsm4u2qk7pPS+z23YqZ52DdnGcYAA9snpj0Pv0Io8tTgAEZOMnggDkjPOCTn5uDjoQekwIUHqOwHXBbhjgDq3fAx3560pPUFCSM4BPRcjsR90jgnp0Iz3y5vefS6ttpvHsraddO76pkJpxtGTb/wtxsuWy2v1vdWtv0KvlnccYGCCO4AxtGeMkcZ54BGecYDgoAwc4J9sfLwDyOcjgAdjkjFTkkbsjA4G3oCAM8gn1zknt35AppOQCcjapAxt4I6qc8HAz/jQ7taNLm1T7JtPpp3Wi7poXXSXM769FduNlvtZbO/dvTSJkB3AsBjO08Ywc9T3x09MZznbmoGUAEbgOQoHXABHzEngggDuQuO3FWCygEFuCAVBBJ6cnGF689/xBqN8YYtgdCpxuGGOCBzzx97g4wwxg8EU1u903rtqun42a6207TUtFp27XV3dJ8rdmravW70XZWaZFhgeSTnkLjIB6YyerZzuJJwQACetKFID85JIBGAfu4GOcnGOg6AgnvipDnKkHAUHnA53fMR3wCO559+aVFcsVOCW5B4xggMQeBnIyQe3qSTi7qKV09Hs2rbLo+iXlovXSY2lKKafM+VJ7WfInfW0r3XS1lrd6DVDbgShJfJAJxgkdyAemeeQM9yMYsrbJjf1Yp3JA3Hk8KPwwc+nBqykYVQckMq84OQfU4HIGeAD3x34qwqggMRghScAHqCOvHX0xx3GcGsJ1W7bJNp773aS28vO/S+7OunSSWr5usbp3Ssm/OztqrLs3YgELLg9cllZSqncQM5PYYGeCCTySRzlyWqYDtk7iPlPG0kHqRkZ6/r14q6uwBGA3Hv1I645yORxnjp3yCRT2Qrg7QF4YAjqCMjGcY+vccZ5rFVdeVN69Xa32Vy6PRpW3s/8V1fSeHvu4qLa0Suredm1pZap99V1oNb7uQu35SATz05wwGOo4x/LpTRCox8ucjByQBk54GWIPBzg9s546XGVsNtGDjJDDJYnqM84+vOc/nCwZSCBuDMeoOQBnAHGOp6HHTgDnOkW2knNK1rWs72t5Lft1Xqrz7Npq6dtNloum6a010bv+CIcbNuMEAbcDuQeh3HG4nHJwMkDNQvHghyRxncpHzDJPCncOT8vPIJwD2zd2t84wRgg5xjuBkjsei89c+nBikWQsMAFSTgsp5A9SDwGBI4IPqSduNYyknbmsrK66N+7+GultbvawckXa8dnF9XbSOrtZXW2vXRtK6KLptwQWHJBORkAHlSDuBB4OevIyecVE6EKGVgyg55HXpwSBkjA/XsSKsujE52jIK46jPXdwTwSDgk4BGPdqRwQNuwHLZ2tj7vG055wvPXPtyMVsm0lqm2k0769NHZNb30ei2aauZVIXS5bqyW6lo9Hfd6pWUVfpZpq1s+RCM44wAVAwCc59euD0PHGfYGsyOoA5PzAhVGOBgZJJwQMn3JA5OKvSscnCAYXnJPOMkYzkggDr0PTHNVCpAXksSpG0HBBPIJOABjOOpzg4GPmO0ddHJa2i23qkmnp9xzNeabXW1rt22+Gz2tr6XI/dVOOSFzxxwMHIwABz8v1HUF6qw/FSF4ABI55HoAR3x14PIpYzjO7OOB1PIz6k5XpyM49KmJPJHG5gEHXgjgZ5OOSM46HjJFNNKS6q8bcys9WtbpP0e6StujPd7vS2lvNLu9rK3fbsQ7nCgclgRuGOdv3iRgHI4IzwMnnI5qPJIOwYXduU9TkYBUZBO7J69cMepziyV2ksOWAwRn5Tz8u0E4GM/xZbJLAA81GzALtIO4EDAwcKcknBPTnAJI5BwcUTkmo2a0t7t9Hbe0bLZWvs35q9qi23Z3SfVrR7au13stUtGr6bXbyecfLxkAEEEYJLD065BX174pTtz8uVye56qACcY4yDyASAM8cg5aG9OpByCfm/BffsPx96Rc7NpUkhSV5PygnOSODkjnH3sDNCi1a3Wyklpo7NtvW1m7dL63tdWbktnstvla1vXV3vr8yRsMSpIw20DGeDnliARkdAcdOORjBrSlsY6AEc5GTgEfw5AODz2weOM1KWKnkAqQvHofXOQM4645PTB4pjFW4yMckZOADz2OA3y8dj1GeRm4wS5Vdr536prsl2tZWXQzk03f+lor3f+fqiq7nJAGTkHnsHBxkgjsc54PXj0hDMzElucEEk9FJwMKR93IxxycDOcVZbAHGeApYgdAAMbgPfHvxkjPSGQEksQSvAPy88dcALnBGcgDJHQ8gDSKi3bm6pK1r68rut76PTs/72jylK+ienyt00V+qvd6q2txAWCYJ2sCMnGT0VhnBJORnkHGBnOQTSOxcY6licZwM7eOgwMEngEdT27uJBI2jpuJyfTIGBlQRz1+8R34OY87QDj7pPA5I3ZLc4xx0xnjPXJBq7LRx3T2lv7qtqraapOWt7PRmcnbd3SWi6aWtd7J9tf8AMRUUkKxwQd3Jx19x0Pv35yc80oTsSMjglcEZPTHQBR3PUc8DApxVWIwOAeGzxtGcjnJx+p4AHVqeEJy2ABnO0dhnCk5AwTkYA5PGQe5d3Tu1f7Pa9r30+/otr9XN9GrX2d1tol56b3Vk3ZXWtk4dhbHzcAFVBB5474GMYOcdf6MKkDcByMANjJ5PPXqBgZJ7nHrVnB2gAbsnORwQfxH38c9cY9OKYwxxjjofqCMc4Of6YHqKuKbS1WrWj723tbbfdX6eRDlB2sm9NX72z5WtXpezennqr6kXljAOcANwx4Ge+epx0IJHY9xVdkZcDLHJYElVxgDA4xySBzn5uOexq0W2hOhLE5yDjI5HHoenAIIBwcCoCWOTkkggn7oz1wevQnoMkd8+lRUlZJq3m1bS2r6J6rXdO6to0S+Xe1n3ts901ql5RutL773heJQT1IK8tkhu/HoBnIAIAGOcYqJs/dDEggAk4OMcjnrwRgYJwOeSObO1jksBwwzyMqGJGBnaDnq2B0zjAzUR2oG3NyHyAMDAx1IPOM4BOSFPXitFd+9zJ9lZLZJPbTS+ltdnpuZJxT2jr16trlV/K17vVrez2vCDtG0gnknOCR9MnqRnIJPBzz1pxbLbWAzkgdMBcg89MkDdwc5z0+7SEYyCQPfBOCQSAxGdu48gjqevAJBnaSrAkj5twHHTIznP93jkk9OxNU3FK/vb7vRLa7STu/68mEace6XXWKvo15N/0rpbNpGQwbKgNlSAewAO7sccjrkZz14qsEOGJyE3AKQO54wSD0zyc8jjjjNX1G4Ekck5xgABcjIAHU9c8Z598U4iNgxzxkbcgE8dSQM+4b8ySeTPtrXSStbfqmkkr201tfS/mNxaa+F9OZaa6K+r0stOvpZmaBk/OANo+XA4wuPY5JPUdAR26CVAQeVPTdxjoOgJ74wMgDgdu9XBCpZuBwoxyMDJycgHd25HTB7no8xKFyWByBtUH34IIHTGMA+nfPKdZKzs0utr319HdrRt223fVi9lKXvJJLTXuvdd1fsr72u7vsynsJw24Fh1Yn+8RkjnA44yQMjHIO01N5YYndng7RkkLkD5jxgHABDcZzt5zkCyVXAxndgDcQBtAPqAASOgOOD+qsMAfIOFxkk5BYjoBu+b3wDzyQc1SrLlu7p3b3vo+W6VpK7emi9FZ2NoUIprnbktG0vRLbTSXq9Fa60IPLRsfNz2yDhccHjGMZ2nBBySc9OZVt9zDDAk8DI6EjB6qccew65BJxuesLNtx0AVRyRxznnuSRzkHLKfStGGPJUYBAY4we4JyuMDOCQffrg7uMJ1mldy2+z2vbybWltG+/c3hQpTskr3tru29OmvVq1urtfYopZ7iMkYyeVGMcZ9T8pGBjb8pHUnrG9tj5ATu28DtgH5ecjJGOpIzjrxkdVBZmQEmPAGGwpI3cc9epJz68gZIHNULuGMMSg5Axk565yMYIyRnvkEcEYPMwxXNK0XdJa2bsr+q3u7dfLW1yrhFCleyurW3u2mrfinotbeWpzvlkAgnpnAHIOAeTkE5Jzx2PIODVZovm35G5gWPOCDxz6Fhx8ynCke9ajrkqwPK7eMDqRzwfTpg9CMCqcirJ8uTkNnJBHDZI44zkEDg5HRiTnPUpSbfS9uumqWt1+ff7jznHl6LTRdlfl6K2mkbadEr7lF4lGf4sc/Nldyjseei5wQFYn8qhKbGLJwmCScZzjPHGcf7Pfd1IHS2/yrggFs7F5BBGePUAfiOO+Kqt/ECpYkcgMVx6txjr39R9K1hd7vf59u700u9Gt102Lq3vbLTvZNxdrdNk/uFBG3JY8jaADnqSeV6E9SAM8nPXGGsCApySeT0525+UYPryARj+I8ZFRqyjaMjKZbILDkHjrjPHXjpgkYYUGTJ4+6CR05xyRyMEjB5O3jOQBQ9JabrW/m7arW7109Ekuzymo2fK7Sbi1dvf3XzWu1tb3rer1GtnA5JBBx1BzwSB9OTk9T36YAflUE8hmUYB5BAycDJ7kYx7ilLdgQcnG05wB3yDnjPc8gH+IikUds8ZJwRknk4O3GOhBweoyCDgmqjd63vZLbTT3enR6L7r+RCi5NJScnZddfiTdna+623VtJcqY5BkKNxGSFJYZwVxgkNznuc557VbjX1JJ55PzADPGMknJJyMY65POMQ4RmYkMcFenygsOM7Rjk9xk8DjPadTxjtu4OQAB7k8kevPHOMd6Tt1S7N233tpuvN7WTuuo720eqSs737aa9Vq/XfS7JAAeSBnJbcTgfLhdoHTOBx0HqeRSMzLg/fIHIxgfN0xnO5euRjoB3zTt2OPc4x6cd/T1Oflz27IFzyeCxzz/EAMcemBwPXbzkUm7WV9N3reP2ejt1vpZdW9mTG0NXv7t2pNtKyTS3S33/AA6OrkhjnPOB0OMDJB5OTjPB4OffJMqsduxVG44+Z/QnGcjOOG5ySTjlgOkzKFZjuJIXuMnaegHsTnkDPJwRxTUVgwIPVSCud2DxhcDkDgHIBH0AyJ0avfr5bpq3337fje3TTaur2tZN3Ss5Je6opLbV+9qpLmdr3RJsJXDgFk/2TkgYzg7sYxxjH5nmkjVd5OArKyk9MfMMAYBOG78HnPXg1NwAc5yVYE44znvnpx6kex3VEkZLEsy5YjIxx0A4GPXGMAcDoTk1mnr2d+l+rSslbok9/LTQ0vrFJNa9NntzdNI3Tst726J27XwuSNT0585K6jZnjHJEq9O/PGeoGOmM1/N3/wAFVl839tv4ooD/AKxfCzYwAT/ocbMSfp0HsT1r+kTwqB/amnKR11Cz4I67pVwPXr1PQ9Twc1/OJ/wVDEL/ALcHxPabG1ZPC8R4A4FlEcjPH1x0PJI28fEcVyjGWH/vUKslfdpOK7WVrvq+iufS5TZ0aqlde/Tfe/Zd91rst7O1meCfEe9ZP2e5izM2/wAW6XBvVNzEw2YXbwACQq9MDHQ9OfzW1u3W7vNTYp5srXtoUDjKxIJVZnfPyqeuRjIGR8p4P6U/F1tPsf2YbSW5uVshJ408+WZmCFY4Y2AYMWHBT5RjBORxnp+O2o6l41+I2u6h4b8HW93p+jyXZjudc8txPfQpncbZRhgoG4iRRhTg5PSvmvC3EU6eTZnKcZSnPPMeoU4XvJOcIpPorbfLTQ7+OqUp4/ARjZQhleE5ptr3f3e1mtXqrWTu7O57v4o+OPh3wJ4Ws/Dej2y+I/F0l/dvHZWbCS1gkmfKLMyBhuDEAIuWK54NcPoHwl8f/FmX/hIfipqU+maCu2e08PWzNDbMJTujjmRR8wAxncNzMRnK8nrfhZ8EvDfhrRJ/Eevlbi+tNSeVr6+fEdqkTZaaaWXgyNjccnHYcYFRfE39pPTdLTUdI8GLa3CRwCOfxJeusWkWxiXaTaISDdSrxhU3gt3xX6pVqRpYaNXG1uSEbOGFjLl6J3kr66tRavt2TPzuKlUxElhYJvRPEWWjsk+W6ahbS7Vm3r69bqc3gH4TavYvf3On6FpGneH5RGAsYluLrClFjhjJkmkIBCkbhnOCckV8gfFv9qjUtThns9DnfwzoLu6RXjDPiDVEyQFtbcjfbo6nIZ1BIPHY18peOvije+Idevp7a+vPEuryjyW1fUQ32S2yShGn2TEoqKTiIhdwBUjnAHqPwW/Ze+JHxWvV1JNOunTeguda1dG+y20cxdkEUcg2jfgbSFIxjOMGvm6+c4ivz4fL6coRk3b2enutpJtr4b2u0vRu1j26OApwjCpiZKXKrPn+F3ad7Pu02m221slc8T1HVvE/ia1vWsIbvTreZJZpryYyXOs34BLMzTPukRXzvcKVjUZHGAK/Qv8AZW/Yxi8ceGfD/j3xJ5rWd7DJKtm6FZ7raTtnuJnGWjyPlRdrfeypHNe2+Gf2a9D+GT+LdL1m3i1TUofCUrvdXSK4t7u6QLJ9nAUhFRjlMMOOcZr7E+Ga+Pfhv4D8GaXa+G4NZ8JSaLZzR39jhrqAt5jNEseC5IGck4XIxkAg15/1aWF5cVj5pOctIy+FyurJ3T6P8NdUztqVYypyp4WF5pK7g/iTirNK3TRaLVN/PkND+Efh7wVovizT7S2WKOz8K6reRrFEYlUtC4yxzlsY3F2OSfujrXCfCTwnby+D/DNqrys66X9sRIQGYubqZgxkfKqFXuSB06d/rfSLiy8eaL8WTFa32n6hYfD7UJktbyEICqJtwZCoXc+ThTk5+6DmsL4Z+C9OTw34PulWea4i8MWscnh3TEMt3eztLIAs7RqRbo5HJlwAMDkAV8LxDxJDC4vFxw6qyxEKdKhQp0Y815VabaaUfh0V90rtO/U9TBYKvXwNJSaSlNzbbtpCUIt62vP3tVa+r+Xc+F4dQ0+70oeG9OudYKy2sVzpunoPJkKr80moXyKQDwdyBwnAxtxmvjC5tdYvPiL8ToNN0iL7U/jN5b6K8kjlstJ4UhoGYlpCCSWUA9ME4+79t/EH4keGPgt4Nkn+IXi3TfAelSlpo/CWjyxyeIb4BSVimnjbz0eQfKWjJVV6kjIr8gp/ih47+Mup+LbD4V6ZceEfCeq69JPf+JrtpTqstu77I443b5t7p8wZW3Etg9cDh8PMvzKljq+ZZpR5vrUX7OinKdR8soyXO5LljJuzbTuurvqd+ZKlTwXsaVXlktZSdoqCcVGTTXvSs9eXZ9r2PaviT8ZvCvw3vW09Zp/Gvj6ZY0i0bSir29s7AALI8JKworYDRjnAwR2r5fi8I/E/4veMtTvPGWoS6Lps1tBPNoWnM8aLBM5NtZMUOW2nHmNJkkH5s5GPpTwR8CPDfgu1OoS2s+sa/dtG82r38hnvJJCQZpd0rEqrH5lLDOQd2OCeK8T/ABo8F/D3xN4m4OravHBa2tno+mFZna5hbL/aZwTHEoP3y5DDB+U8g/uL56sqUsbNYeipXhh4S5Vbl+21rKTSXzsla1z4ioo0m40IudVxv7RpOTbcVzJaxhZO9+j1d936Z4b+HPhn4d2fmSpZWFlAsMkkrbI0LBQGkuLhvmBXIJDOFJ474r5w+Lfxw8PW+q6dZeDXtNUvNMubu4m1O4YRaLblowAyucGZ4m5AjbDEAgAHI+XfjH+0brni67mh1q9aO0d/9F8J6PO/lLIThBqFxHzI3I3JkqcnkZOfGNK8M+NviZqmjxvbPpul3F7HZwrseC0jDlcKQFHnOowzZDZblhgnHHjczilHD4KPLGM48rh8bs4pXfS73dr6a2Hh8PJt1KiT5k03NvlS0T0bTm7eSS83q9/xn8TNa8Wa8zR3l34o1iWV1jurlS2m2cjkKE0uwQeXIEzhH2l225Yljmur8Kfs5+NdYS98Q+K4JkBsxc2kF6zJI/nMVjmMJH7tAxHyYB+pwK/Qv4E/sv8Ahjwf5WqXljHqepIwP2q9hVwjgHJijdWVQG+66qp6Y5Jr074sWUdlf39vAqop0axTYmFCobtQegA6MMAjrj3rrwWVVK9WjUx16jqTXNG75XzLSMpPdrT5eqb83H4hUMNWnQfLKEbJpK+vKkoq3u662Vm1Z6HzB4V/Zo8Z+Hvgn4M+LGr6LG3hDxR4u1PwtYX/AJtuJri/06F5ZT5YzKtukaEK20EuCep4yZtAEJAh0+MfOyqWLHO07QSpDbcnH3u/I9B+r/7RXhQ6V/wT+/Yel0q5jskv/GHjS9vLdZdr3cyyzoZpF4Viq8AcnOOQCCfzUmgbzZ2klBAlb5eu0Z+Y428k9Dxx0AyST+3cA4WhmOV4idShSX1fG4jC0+WlCPLSoyUIpu3vO6vJrSTe3f8AnDxVr4rKs5wMcJXrr6zgqOKqtzk1KrUjCbaW6jG9lpZJKz0PNNR0xhDfRvDbqV0+4cLgko21s5IAIyBgc57Djmud8LWOdFspImRSBMTgcglxzzuHY9M5yCcnIHoOvKI4tUcHcz6ZckAY67TyeoGe+Pm6AAj7vL+DoxNoVmEXBO7cRjuwckc5xnO4jnPAJFfRfUcJTzN0/ZwVsPJpNX3qU72sv06LXZr5BZnjZ5Eq8qtTnljYxm1UesVSfL00Tbeitr31EfT3kczNO4AODkBeAcAnjPAOQRnK84Ydef8AE9t5Wi6g5kLDywB8vCqTySQTznIJySc4OAMD0ldPllkVQmUIbBGVIH14Gc5HRuPWuc8Z2Bg8OakxULGnlhicnHIHGPlAG0DO0kZAzgYCxmEoxpVpKlb93K27W3Z2S+7V200spy/McRLEYePtJNutSTbbd7yha7W6eqbdr+tzB0eBE07Tg7O5NtGVCn5R8pABXgDPAGOPxBzdcPuCgMIyW5yoHy89cYIJzyD6AnAOd3w9oz3Wm6YQjMJLaMq642AYXlsck55BGeuc1tXnhaaKPdmMBd2dzHcSSQNuSBzzzgtgA7RxWlPDQWHpOyS5INWst4R1bvd2et1fRphXx85YmtByk/301JKUv5lazt17Lt1ueXeJ0IsLJRhi+oWgBcKSP3inB2n1HoefUV9Cadp9u8ahYEdvs8DMRjBZo1zhuuOQBkE9D1yT4N4yRbOHTIDtBGp2oGMEnc69geDnBBbrjjuK+otBtGmtg2wAmCIZCgAkKApU4xu6EgEEkg88ipwNOnUx+Ki+RJUqL+yrNJ31d99F3unq2PNJVFluBalNOdWu9L3snTVtN76Nv9LWzZNPRXtvKjiikCMFwuTkdvu4ODnIPUcYOAK8q8emWLXfByyLu2XshJKbfnXPoCC3zEYz/ex0r3Z7No7u1QypgJlmYp8vIzgvyMHjrnge1eN/FBYode8IBZo9pvpWZvNjfCjLEuQcIAc5/PqCB14+MI4V8rhpWoO94rRVaV1pu+2l9VfozzMrVZ4xe7O/saytq01Ki9bq6sn2XV9DLv72dZGVXVRI5ypJJHJBBXPT2wAQPpjFu5J5orsuo3eU6ryMDIAJwvTgHngEAkZyc6F3f6THKTJe2YJkYuTKhJGQSTtZgMjP3RyOQSCKxL7X9At4rkrqcDPIjghR5hJ2jaFIwD83GAuQPwFRUr4anTkpVqV9HZzi2tI3S1vdttW6roiqGExlWtTSoV3GLjzWhN6KS1ta2q27+hz+hK48W2JMQUjR2AKj7w5xzjqTnqM49q9vjsV8mIZyGXcRhTgN1ORx3BGeSw4GOK+dtP8AF2l2HiWC/d5bm2i01omMMbZ8w5AA3DkdBnAw2SSMmu+/4W/pUQfydI1GX5NjDYoAJGMng5B25X1PoOK83LczwFBV/a1oQcsROTd3e16ba93d2Vn37Hv5rkuZYh4b2WGqTthqUbtqNpNvmTTs77PW179bnqK21usahItw5RxkYBJ5GCcnpkc4AIIOQc+U6an/ABWmur8/l+ZApAb5QF2jK84yD1HTg8HOKqzfGiF42jtPDd4zGQ4DjGSMDBK4JAzk5J9Oo45LSfGN8+t6xqEeigzXMsZMErlY4eBwrddxIA5G3HPXGHmOb4CpUwPI3U9niFP3aU/+fbTcdFpfpZPXz0eVcP5nRjjva0401UwnIr1acVf2tF2f7xPZNuT7NO9rH0AY1YgscBMmMYABxwecgHBzjPUg9ARmK5YkcH93kHnADZC/Q46nB/iOBznHlc3jzxGoC2+j2SHnjEkmAevIXsCRjGRggk8gNk8T+L7soq2FsqOQCrJIEXg8kFeQACPQdDnnHRDPMPZxhRxUrxesaDjG8rO7vypxV9HrFPZbnJ/qzjXU554jCU0pKUl9ahzaNPZXVraWXpc7f4foky60obBOqORhgNvzscjBJJOADzkgehrtZtOEcsjbSzOzktuJUkqQMHgrk4zk4zySM4rwnwhqHiO0TVFtZo4S2pNJI4gaQiTJYooKkFeflJ546Emuze+8ZXjFX1G4VeWPlWQVSCT8pyh3YPQj1PbkLJ8y5MJFQw1aTU6j91Q0vNPRufTe/wCGtjfPcojVxj9pjsJSajRUfelKSUaVNaJQbd07pu3ds9Z0GykhvJJiu0mxuEIGWKjy2PqQTjJ65yTk8Enwfwk2201RMMFOs6kuducZnfPbOOCCQc9uxrp0h8WLv/4nWpRAW026UW8ax/dY8kjJIUYO0LwR8vevLvCmn3txaXLLq05UahchlXCO0hlO9yCQW3/eIOCAeSeQZq46ssyo1Hhpw56VZWco3tendtXeqTva97Do5Vh5ZRWoRx1KoqeKoTlOMKjUXJTW3LFvm1d7u/W+x3pQ+c3yhVGM9NxC9c7uQOc7uQehwRmq2phDa3gCqf8ARbjJBBOBEyhWCgc5HPGT3GDmseXS5vPdEuruRlJYh5WGFI6sVJzk5/UZBBIqJpqf6QJJpmdIJywM0gVf3ZJznhs5Ocrx6cHGdbGYhwqL6vbmjL4qiV9Er6RffXtbqGDyrC061OTx7kozpSsqM91KOicp273S2vfyLHgxkGk27FkhUGUKZJI0Y4kHVWydvHGM88/XvopdOaeF5Ly0LEgbDcx4Q4KkEEk9T3GeGPTbnynTtLtn0+ymO4vtmLEvJtKiRsYUNtwMYGMDHK55FRtp371ZYEhiUsoY/MwDNuBJPQjqevUk5PWlhcwxVLCUIxoUpRVKCTc5Nu0YauKi/v6Lu9+/G5Pga2Lrzlia8eavOXLGkrXlLV2dRc3XdO19NWkev+Ib+3bw5q0X2i3fybOfakTpIT82cEp1JUDjqeQCOh4/SPFHhW30jTILvUFWSKziMiJFI211wrDcOhOSMZPAA6dLNvqUNr4K1rSn0+2M0kUrG7KATEM3Hluw3Y7Y/ug44wTz9joNs9lYyC0hDCzjfKxqrMWORywB3EHucNnHJ5pVMfjqlSE6UcNCfsIxk5c0uW01a9+VaaPWyaa+eeHyvLaVGrSqVMZWj9YU0k6dNqTgopNOM3y2/NL06ibxz4L/AIDeTMp+ULBLjjPKgr3OMDHPuSAeT8T+M9L1LR7yysrW/a4ljjClonVEVZF5chRjKjAGePmJ6itJNPCTCNI7SMbhyyxq2CC2OT1BxjpjPBB21HqqQWemag5urQ7kjU5Me75nXdwp5UH5c54BUkjmuOrWzGpRrRrYyh7N05txhRjG94pu15tt2v1ts9Njuw+DyijXw86ODxDqxqQalOs2r80bOVqaUk5Jaq3zVycfEOz020tLX+xdTmeO0t4mbyioc7ASyEgbgCCN3II98CoJfiS33rfwzqLgJjMigjvnhl5H8XGSQR+HTaxqmlvb6cWudPWKLTYFBSe13mTYpyRknJ9CT3HB4rm5r3T2hDTaxp6RuclVuYFZVAJ5AckZGBxxg8kAZq418bGCTzOCjGEUuWnRVtIreTsnt1b3KlhsunVlbKqkm5PV1ar5ndOUmkopXaemuj1vc4HxL4m1HXbSSL+yJrSFbi3kaV22n5XyRtBJGMYXvk56Dn2DR/HFpBp9pa/2ZfzmKNVk+VeSqJnG5Rkbhjk9Qe3Xy/WLvRE09xHq1m5kuIgyi5jOdsmSyhWwAPvblAPByccV01p4h8L2kUULa5YACNWI80ZRiq45VsnnuePmAHbM4bGewxNacsfS53TpXqVJUVpzSdkk1FJX3W2ieljTF4ClXwuHhDLKypxq1ZqnT9srOUaS5pP3m726vl0XU7u48axXyFYtG1FTvWMykKu0NxkEDAHJyTnnnsa5H4hPNcaRbIkJWaLULWRdzAjBcFQ205JLYU56Y7E80Ljx14WiikhXX7eRVUMEHUN3bK5bgdMkZPSsrxN438Mz6DaJbai08q3Vv5myCUscPlizEFTgdB1JHHJ50x2a4ephMTGrjaM5SppO0qKejhdqMG1rfd62T3dzky7J69PHYeVLAVqUY1PfbjUejSSbvprJ2Wze9+j7uy1rxILdWT+xbXbGoaN97PhY8cqSVyVz2AO3r1xafUPFlxA082r6ZFDEquQtozOVB/hUhiecncMD0GDXKaf4y8LNAple+lyoKtHp0xcsEHGSpyOOCM5zgcYFbMnxD8K3EaRXGla1chBGmUtTECqtxzsUknuCSODxkg1Cx+ClGP8At9WSSi1GFWo02lF/Ye3ZO99rk/2dmEKrtl9GCbu3OlD3tYvVzk2nfXa19FZ3OJ8Vxahd3ehXyau0si6xH5Pk22xYJRhkfoAwPdevQjBr1SO78XypsbxdfQqM+Z5VvEihgDgBgowMDJHAz6858u8V+LbCRtMXSfDuqoLbUUuY1n2oszLgmLHtx93kFhnvUzePfE8scjQeEJxvdiEmuFxhgSeBkbRjO3APXAycHzqOOwSxmMbnjJ3hQUfZwxL5nypa8t3bztsu2p7NbB436lgopYKlO9Zz9p9Tik+ePK4KT0Wl7R+65301jqtyd83jDV5RsO7MqIvzEk/cJwN3J49SBiuF1/SYF1rw9H/aOpTTSGZWuXmO4KF+8jbsqXfOSPvZ/iwMUR4y8a3KGOLwtptudoAMk/O3ccA445J6/Ke/TGeV1nUfHFzqmiztaaZDdp5yWqIXeJXAOfMGWyuCNvXBBzz1zxOMw0qS9nhMbJqtQacqVWzcatPmt7Rpp20V1r11DAYPF06954vAwvRrJqNSgld0nZLkg/du/ed3p0Vnf1yLw/prK3nXGp3KpnzM38oDkjCkBJMcf3cZPTPc018HaQGeSOF3jZSSJbqZjgnowLNk9MYxw2CD1PBGf4mSxlU1HTbRnfkJAWKt1bLFWGFz19icjAqCS2+IjRnz/E1su0NuWO3QEDGAANoxngkknI4H3uOuNai3zLKMXOVlrKlTilpF2vOp63srapNPYwlhqz0/tfCQS1fLVnfp8PLBq/fZvpqb11o+n2XijS4EtkCfZpJDEhZg6kngnDE4PU8ZHBGOK7lLexSEmLTY2VSBmRI+CecfMOcMOD0UjoeDXzxc6b4xuPEFjGfEU0t59ncJOsWPKXnI2gBSSfUDGOMda6T/AIQrxXOpDeIrwZ2lizzR/O3BUbBjaOx29sfxZOODxGJ58VGlk1Z3rJpv2S5XyU1y6Sava+z8vIvFYfCcmG+sZ5Rjy4dar28nN88tVol1abu9V3Z71aWRmQbI7OJcrkqqF1ywODkFeMDJGeAAKv6TZPFbeLYBLDvJtjECYwrFRkLgEf3cnqc4OBxXgKeAPEEcR3+I7sk/3Lq5TBzzjDDGeSB1OCSOhNex8DahdNfLceINSSWG7hjm8q8mUyqynZIxZsFlH3QQemBkHFaYzGZjGWHX9kVINyklzVqcb/u0raaRavpttst0sDgctqRr8mcwm+WHP+6nK15waaTkrpW31Wr7NL7W/Zc8faLoFx4l8Na7D9n/ALU8QrNa6iFIs454wym3mcnbE7Nx85G7OOO/014pMbaRdsrKE/tNnBDAgxSIQsiEcFH4CkHHIGeM1+R+gjxp4Pi12503Tr7xd4VTUWXXI1Ltf2kgVis8QUmTcAC3mYODnoMY+h/APxrmn0O+tLK/Ov6XII1m0e/k269pQQrvgtnk5mCAYxyRg+pFfP4POlCnUwmKhUpVOaqqcKi95Jy15XrGtFN2bjeS1PrcRlDn7HEYapCrC1KVScGrXUYO001elNpJpVEou+kj9F/Bkk+mQ6CYYzKJdJhDLkqVBK+uDnnPrjvxXjvipzc6z8WLW4SOW0vf7IiuoJ4xMGEisueQQCN3B+VuMZzgV6D8NPGXh/xhb6d/ZGqKbq0sYLebTZgIb+3kUAbZIH2u2DuyyjbyCvXc3O31tGfFXxLt5og4eTRFbzACOQS3OCOeeeSOp46fVVI0cZh8vipwnH2kk3FqStKhK8JK9/J6Xu+iPn6U62Er49uEoyUVNc11ZRrUL62TvZK1tHf5Hyjr/wCyNoHjOC8sfA9wuieKftGkRxpPmTS7ttRDsTvY74i7BRGQVRc8kA18gfE34NfE74J6lqPhbxx4av7Ke23qkl5CZNPuojz5tleKPJkWRWDEI5wGAP8AFX6za59p8P6xcXuhMy3keiW2pQQqSEln0uSORVOTg7sMnoAemcEVv2oPidrXx28CWU+s/D+/0lNJ8PrJd6q9jLJp08zCKHfa3xjMQlJQkrHJwTnpjPxmccLYOt9YqUm8HVgpey5UvZYiUeRy5o81k3dL3V0d0fXZTxTiYRowqReJhJxVacpLmoqSgo+99pPWya6WTifir4a1vxH4Nu113wFrMunXsJE1/p0M7C2uMEOIZIWysgOMEbPlJwvUV9yfCf8Aan8K+MNZtdO+JlrbeGtRt9KubFpp42fS7+YoFZmVwQkkhOWMgVOW5Iwa4nxV+zKmo6dba54JmFpdNpMFzPpUjMkd5IYQzCKUYKSMwzhmC+uMAD5C8RaPqOgyDQPHGhXWl3BmbybmVCtwq7sCRZAAtwgAyCpbgeoyfDoQ4i4RlCUov6nPkbhVvVwFdNRas1pSlK+vw2s9GrHs1KmQcTPljNfW6d1GdNwp4ulKDimknf2sIu+j5rLZo+9PGn7Ndh4ssW8dfCzU4NI1lXe9CafL/wAS26TzGaFInhZTDK7jgKFGTkjgY868P/G3xp8N9fi8NfGTRbmC4tgkVtrkW6G/QZAiuTOuY7uNQAWTLMQMkfLhvHPh58XfHnwjhjTw9qH9v+F5LiK4udNnd5lMUR3FAp3PblgCPlwinGR0x9iaZ8R/hP8AtHahpukeIbSy0/Vby3K3FrqRSOe0mZAqpZXRx8wPzIobIyFIx19/A5jleZ16U8qrvI86nKPPgcTO+X4ttRT5HrBOUleMo8sk9XF6X8LHYHM8upVIZlRjm+UxS5cXh4tY3DLTSS1qJR0ck+aLSte7aPbvFHxG07x98H9eh0/UbbXo20y2kN1aYF4irJn/AEq0IEolU8NhNvIYY3Zr2LwXHFHo1sixMQnhSwQvgAqHs0yGGAVYHIIJDDGOBivzr8Zfs5/E74OmTxd8PNUuNf8ADrXTxPaQuxuIYAwYLc22Sl3Bt2qCAzc9mwR9IfB/9pjQNXgPhnx1Yp4a1yLR5LQ3zo0VpezxR4jEsZAa3uOgCkIpwpTOK92hmlfDZhUhnVKWBxNShGjF1G5Yeso6qVCv8MlO6sm7rpK7svOeW0K+EhUyytHGYeFWVRwStWo80YK1WindOLhq0rW1sk0fsh/wQJjKeLv2nsj/AJd3UD0BvZcBVHQfoeSOc1+1uqgfaJvXzJFGCRkl2AJwfk7DKkgEY9q/E/8A4ID3KT+J/wBpi4R1YTW5eJ1IKvG13KVZWxyDncQD0Ptiv2x1Q/v5GIA/fSEnjAG5snGOvPAPBAx1zXiOTdd2lfmpwae8eW72e2u/RddHovq8NzLDxjZpxnK6d91yp32as09vXXrgSAhRyS2ADxzk559h6A9RyMbs1VkQgkDhQpwMdBzkkgHkA9O304q+yt6glgeDu+bBz2IyM8jOeoORUT42bcE5HUAHJypyPp3IxlQR1JNdUJu6TlZaL11VlpZpJX7212uZyU/aXekZejSVovVq6v5pXeuut3jvGQzEjB+YN2xn6gkZB5A5wBkEmo1i5ByADkDHbjg4I7YOOB059K0JFJycnaSuc9dw4yeeCMDngEEZPrETnqOoJJIzliTwCRzweccD0zxXRDVLXyvtbbR/59l5nPLls+Zrml9p3VvhaTv1SW61afqVdny/f4ycY4PBwQD3JPfIyCQBmmMHQggjg8Yweo524yevTJ9TjAAE+BtBIyAcbjge5JxyMA4OeOh55pApHoRn5jgE4xx06dOu0H1PJBtLXurp9+q9enpr2ehknzWjZ35U7rzjF636dLJ2V1rdtOEbgSCemCxPQ+gHBI46nvx1I5cQTjO0gdM59SMj647d8cA8BuDkD+E55PUE/wARBGD3wMYxjp3cuMcA4XP457jPHU8gY59M5OsNt72svO3Kl+L8u+mjM3C7veydtLdNP8u2gzawDHrkdQOQOpPPzdMg8c5wRg00bs9M5xnJ556Zxxzx3H0qw3Q8n+FcgA54HcDkADpzgZ4BzS4yzcBdxAAB4OM4wOWxk5GeMd89Lva2iv8APWzXn/V/QpX7u61V2tlbb7/UgYFS3RWYYbGDyRgg+3XGDyCMDANMKncCMHhlzzntzxzjgcYX1xngzHcRyAQ+SOxGGOM9MZ9OPfpmgscgY4wM4GSCe5PqPqMAnnFDk+7+X/Atte/+dgS5t9tHttd9d167de5EMglhjBUDrnBPBJ9ApB4HO7v0w1l+6EJI646HjqRnnqfug8AAgAEbbEZDDDDAJXnpnB659Rxk5GcnPPNSAxoQ2QRhg2Fxktn5l4BO3IPHXk5xRCo+ZRTb7xvZXSTd0nvbvZ3V73VmcrfX5XWrXL5q17Oz8/W1UKA3BDAAnIJ3DOFwO3UEn1OeuahcAYyxUAlWxlWbjIzjIOBxjrke5qy+CfvfKSg45IxnJ2jGAOw3AexxVd2woDMTlz2BI5x3wSccAcLx/wB9Umk7tu3VW1vp1suujvvZX0uyOWN2no7ra/Zf8Nrq9OpVJywGAw2kYY4OSDjOcEjPJyDgenADQW3IGAwFJAAyOD8vJzhvlyOMcg445cCNwC5I3AcgE9h6DIOeepHXHXEwXKkk4G7gg/KFPYddoyD1OeCQa2srK1rvSy7pRvq7Lrayu9/SKlGyVm913vfRLXXtu2rXsiAZOSQN+R7cHg+nIGd3tinKMiQrn5W3JxkAY+Y45BORjB7jOO4k2KcKcBSxB5ALBeeoOQB1/wBr1NPGeSS3TGBkAFeRngDA9vbryKlK3R23dumlrWWm1r3aV9tdErNq6aWiv3snFet3v37a6DAuTuYBWJznoMHBJxyCDzjHPcCnLjbjn7wxk8Lg446457+vOc5zIyswO0DOAAeTubAOEwCe4J7dehOCgQttwPmB+8CM7T688HseODkZqk/vvpo9XdW7rrbXz8iFZPW3TyvstOy2XqRr15wp3bsgjAGOcA+2SfxI9aCPlYr15Oc8kcksBnoRk9vu5HORQzMS7gAiMBcFSDg8cdCcYB4x364FIBnAAyCi5KlgAMn724DP15GQCAxGapRatJPqnqr7rX733377DS0atdK1m0tLKL38nt3bfleN1DDcw6oNuAcZyOoHzYOOePY9wVKbu+ScFVBB254Pf34Hpk8DbmRWJCqckZK44BOOfb5R0yRz7Y4azMQE24HzDJGcDPGcAZbOAMcmrUm7Wet76Xv9my0Vtr+ejbeljKUEm2k1fpZ66K2nTfW7u33GlGfec7eq7SeoHcgY64AYA8+uaiZDs4IwUwwzywGMg9Seck/rjoJgCFBC4AB65YlixGR0OQvJBOMcDoaR33CMgYLEjIAAyoGMcc55JxyeMDANNPVbNPrva3K3dP16b2tpqzNwVtWr2fW19VfXazav1V02+pUKsrEqdqcgY5I42jJAJz0zzz36cRYPO4fdUK2fmyTyRgHd0wCAByeB3qxj7ykEYcEgcN8vBYADhc4HOeCDim7XRgygAHLc4Y9eM5BGecjG0qQeoGBVl1fW2nySV1fW7Send9r5yg1y21T7WaTla+q0b2fRba63IihZ9wU9A6kDkADkHJPzex6etLGMbwQF3K5XHDYJ3Etk5Yk4wcDAPIGRiXbIVG4lVZWBA+9knnqSV5A4BPQ4OcUAElAcYAwCFypHGCTjnjnHHPGRuU0Xts+qXu3druOvR3ei8m+288j1Sb2jvZNaq+l3Zuz6WdmnZ3IgFLkhcvs2kk7QSQMEjGMjkgfTPJpEU7VIVQfmJBHdTkY3cjIwenXPYczA7Sdy4DdMYOWH9Sc5zyee4BpC4KhVJ3FyuGX7ueTkjP55B7YIxQpW0Wi00b21fS3TR+bQOL5VeTT13Wrfu7626O7u736u6KjxgrtcNvxgMCQAGOezAAcDnBxnIOciom4UKWzhcPgkg4IzgZHLdTg4Jzz2qdhyeOCccknoOcH7vpuJxnOcc8RsSuQQNxzwAoABPToOueD0Htwaadmtmnrtbt1ttdLbR2MuRNPVWt1aSvtq2+r+7UrkElgckgfKcEAbhgZK9h+gOR1XEJVh2wRxgZwMc9fugHAzznsdowatKQS7DgHGR7c8Dtu9DwD24BpjMq5JbOSV47fdA3dRn0B5x0GK0jLX0V15J20Wq2vfz/Bv3Uld82/mlsv8v03sVwpJCH5iEABww3N1PGMDPr6AelSKo2EkjdnnJOcdcAc8DOOnOfUAU5lO7I7EAqTjjOTj/a9T2J7dC8tuCpgMwYLvJwp9gOvy9CM8AMcbc0Sdrb9Lvtqt7aa7fkQ9ZaJq+6+62+ifolvrcjYsQxIxwD7cnoT6lsZPcg9TUQUDhuFYhWA5Ayeoyf59/bFWfkw5VeC3zEYI4xzz0yc5GeTjrzlqBJPvLg53ZHB3kdTnv7cjJxkndQnZbaaX2VtF53/XZK5LSdu63V09+V6W1TXR23tffRrQAYOQRlgoznkYBORkfwjGDgj6cNKFkkxwPlLbhk7sgYOMcEg8j1wR1qcoRu2qNmOMjJ527uwJ6E/Q8HPFLnaCFXBHAAwRtI6cnAxxlmIzkY7CkpXSaa/TeN9tVbVa3u3fbQFFXd7J7v8Ay2u7uz+9lfy8E88Ae5z3JzwcDkZz8o5wOlKqBwTlc4bdkYGCf9kfwgE9TjpyOBIS5IUEqoIbkDOCMEY9eDnJGe/FDMEQ4XBzwMZ4PQYOPfGQOnTOBTcnZJt62W/TTTZba7LR9tCYwgmtF2fXtq/Ozvf5y0sQOhB4wcjbtGTkAZbGB0xnJ6KeDjswqDlsgNy3zfIpAAAICnocZBIznrk5qVmYk9OnIXsxyMA46lsLuKkHJJ9KYehOduSPl2knHTHc45GcEcsf+A1bTdJX01t1Wi/BejG+XS6+T1u3yr16b20W7Is7WAXIJyQpAJIOM8MM7Rls5HYd8UbnXcABgqoJHIPORnjtznOQOcfwmnEgkEZPyt1x8uG7ccDP8sjJyaXAIGAANgAHTGMDt0HtnPTPIyC7j1eiutr62T6re+jS3XoZuHMo20d0/dvJNXVrfJavr5CEqWAAAUjao7lgOpJ5PbgDoOcfxAzuwSSMMCOvXrk8AEE5yB16dxQCQqfLuAJIweQcYJGQcnPOCecEnGBhVJJxg7TnHck5X72D69OOmM80+ZO70WzWyTd1ay777/cXCNuVytzNbJaK0U22lbWzv3u7JLRqPy920cY2suMAFgORk8Y5z0IGTkDBpfmXk5IYDJAzk+mcYA7nOQQ3GRwZwVIww6HBzzlcHrjacehzn/a55EUMNu0kbjzyMc4XrnHy9AOpz1yBRztct9LX+aVrKyfa+71s0jLl9O+uvVL1Vm35eTshgA46EcAAHoWPUk/LwR6dGxxmnNljhs9MHd2HHAAIGTgcAjgD1FHBBUyFOQDgZ2nO9twAxkhenABAwfl20IxyGz0fgEAnGBkseQxJGcEDHQnrlKUlunZvXV94t2elmm731vrsSkk9Ul20T3S8m0+Vt9et3sOGSQOoxk4wOnTJ4Hrn64NPVF2YYDCk5w3p04yM4Pc5Ofu5yKQ5X5eh4Ib5SDuHOOTjaO+Mg544oySD8pOT3OM8nuMZQEA44xngEZNVzX+FuO/RO7ajZt2k7K+u+6V7WZK6Oyk9N9W1o9ttt7tervqpUEKeQoBOeeoAO085xnOcZx05yCWFSpIHGAuWIxkk5JDY5OG4OeMA+wmXkgeoBOFJGSB1z6YyVwOvfinqQd2UIxwAeB16knDAdcDIB4O0ZyVdpaqMtd7WV/dvZbPTV7O+itstYpNXbSvor3du7unv2ve/W25DtGRgHG4BSTjn/a5wBkfMDg4UEDGaFBBIOeWLkqDgKDggfLgcjJHTsMA1Nt+UqBtZzy2wHCjgkgLk4XAGMfd4HHDljXaVzuJ5XnjAxg59OnAJ5GcAEChu/wCGll5emml+traaJWpxa96NteVJq9k7Rd7PdNvb1TSaICuSOOBx0OWLEEHjjuSfpkZ5w4oQBjlhhc5yQOvIA/u57HPXjPExTgA5BIHOATkMSVzjg+mf73ORgCHBQE8YJy4yNwIPygnrt+7gA4Geu3JqOZtab9n8vNd97Wv20u1C0rXXfe19vw73a10trqnGGODndjfkEBl7kHg+/I9KVWLBmyFxgjIwcfLkAY5wPvfUgY6iMkk8g7QAwGeevGecBuOGAz25wcuO05fGDgLgknBBy2cEc85GR37dabdrPu1/K7vTfXrtr0XbU0hCMVF6a6WsleTUbXSv1utddVpvdT8y5K8fKVY/eIx1A7nnglepOSwANRBCXAIIJOOOgABJOOCSAehwc5GM81aJzgYOeM5GCNo67jzzjPfrnpQMKQevBKnAJJGAcj34IHXv/urmb266/Oyt2S3bsrqyBwejW3d3ve6aV3Z2T6Nb6u1rKkME9SVI4VRjDKc8c5IOOo9t3WpQGJJ+ZvusFyPl49SCxPGdoJB9AKeyE4JH3V4bI2+68NyQOnUDv93FSt5YKg5OACSONwA4GRnPOOOfY4Jove1tvTbVb28npo2rdrk6vS/w2ta3S2vbtslazezBVIxz1AOccn25+hzj05FT7TlgcZI+UY6c9eOvp0x7CoowAMAsFIJCkAnk9e46nIwSv3lGetWgVTqcEjjAYHIGD7cg56cYPfo290td7L7ursuuunpsEXLW6fLZe7dNdOytt7r9VZ6KzQ2MAcZPHGSoX7xzjdknsB/IVGw5BKgjIwo4xj1zwTk9h1wM5HE/LFTgAhcggnqcEAgcbumBnnkHBGKlxgZHOATjrn7uMDBA5IIJ798jiG9Vtp6Ptrun5p37bXdq06LRJL3vKy7J7/0loUcHDbVBXdg7h8p64+uOeDuB4JAOTUkauM5VMsDwff6E556cEkD1NSldxOCMgkAEHsCT8o64GeB1z8oxk08rgZAHB3DHOT3ODjjpz1wO+RSlK9lZaW6dLL8/L72CT36LV33buno3tu7abWS0RVEewDKZJIUtnoRnk4yABkj0I5IzgCXkMTgAjBGMEAAY4Ge/rnjkHqak2b8kuBuGVPOEPAzgdSfUDnJHPdyhc5zuGBgj5QwB/UH14B3ZB9BSV9dW9/wto38+lr7WsUrXu7u+l3tuvv1X3dBm1yuBkKMtnuST0BIwctycnkjjoQ0kcecAkjaPlx8o38EHPXODzn1P0DgNoTgk524POUIwM7j1JP3jz2GMcyDdkqAMBiWY4JJxkYHYYPGPvHrzzUyqRS0b1ael1a/Ltpq1vez31a2fTGEXa0vVWvq7O1k0+uuqd1tqhVJIIwcKegBBAyCe2c46kcAY69af0YDJ+VySMkcKB93ngH0BHfB701XJxx2xnA55bOdpHXkYHQelTcEZxgY5ySp5JGAV+mM98gDjArNvl31TS1Vrrbd2um7NtXXbvykYPm+FNLS7bs3pba+11ftqmmwAIU7AD95uThuvQYznn+Y7805AcgYJxggcEHnoQMYw3Tv/AL3K0EbRhSAeQOM8cH64HP6gcYpyMPMPzhSzAEgHoMYJA4HXB28+44rG/wD7ak3bXRddO73e7vrsbyilytLZK1rWWqs30vppfTr2JQTyOhGQMDPqSRwc49D19DU6qWYcZBVQOCTlfX3OCCCOM9qYjKxwwIxkgjHBwffPoDkL/s5OauwoWVdp5+b25AGSOhPJIJI4/wBqsm7RtJ+ul3e9m77ray+Ky387hF30d3y39FaLsvPW2j0dtB0UI3BgCTzwTnJxjGD1PcckdOa27f8As3TLTUdc8QX9vo/h/RLSTUta1S8dYrXT7KCMySyPIx2GVkU+REpLyOdoBLDDtN097p1USxxRxrJcXVzcMsdva28Kl7ieeUkLHDEil5HZkGAenSvzG/aU+NU3xv14fDXwPdXCfBzwxqZh1e9tmeGb4k+I7V9rAtGQz+HrGUMq5JimdM8qcn5zO84jgaUaVJqWKmkoRST5Ivec2uy2utXfdRufTZDk9THVlWqxth6cotuS1m20lFXa3ur6vW9tVc4z45fGLVP2lPGFpfFJdH+C3g64nk8BeFbovFHrs1sxWbx34ljIVXiypl023mQqqMjbNwO3xPSdKn+Kd5BKEli8BaXqM0HzBhN4q1SB96TzAYH9nQsMRLt2bACnBxUmr79c1NvBOlyiGxsWtD4r1C2Uqjosojh8PWrp8qsykLJFGQAucgEYP1t4W8JW1npWgaNptrDYr9qkeeJBj7NDsYJFgZIIRi3UFjweu4fm2JxcpJ3cuZvmlJu7k2leWvWWtvLXRn6dQoUoctOEVHl5YpK6vZRjtqm3ppquuurOuvtEj03wNdaVZooUWekrc+XGAm15oR5EYHB2ggKoAAIJ+U4r5z+J37Rcnw5k034d/DmNNX+JeoTSvPLtElr4OtGYWyahqHBBuQhZoIFYMDjHt6f+0F8WY/AmkJ8OPCEEWt/EzxdBZW+laTAxkfRLcFUOuaqY8iBIvmkjEhwzqvGAK8s/Zz+A2nWviObVvFIfXNdu/tuo+I9Zvi0lzqGrGZQlsrNlhbRMVESAhThdq/wV4U8TGpCSlLlV3KU7tNxvsl2ezl316npqi1JcivJJKKSTik2rt+u1la910WsHwK+C6zS+JNc8RPe6v4q8U6rGtxrOoF31O9a4dZ7m4UuWkt7Nm3JEq7UCHaFC5x9Y6x4gF5PD8J/hQkNtqReLT/E3jfYfsHhSOAbZ4LSQDy7jWLiMFUALGN2G7DZrG8U6jJb65qHg3wFIx1jULG2h8R+IbZEa18IWaYE1vHIv7tdVmjJEaIfMQFicGrmpX+j+CdN07wP8MtK/tLxbeFL5EnkJNrcSqRe+JfENw2SCCzTKs5O8gBMj5h5NfEe3tFe5Rhblg27T1spPVfc09dzvpYd0NW4uo025XV7aX809bJdmvU586poXwhtNR8H+F9H/AOEj8Yazfm80/Q8+ZqOqalkLP4j8U3bZeKzSRmmCSsCEAWMYAFeQ3n2bw5r99rviPU28V/EfVI5DeahF+/GmpIBs8O+HLc7hZWsS/u5ZkVWYDJOa7Y28Hhma/ttKv5Nc8W+IJpE8WeOLoK9xcyvl5rDTH4aCzhP7uJIyFIG5sNzWZ4P8NW8njtIYLF5ZLfSppzqF1ulaK4vHUbjvBJlb5gvfDFVG0mtaFGdSTavGEVvpe2lull1S1TerttfKrO1lvKUtG+rvHVvpvtZ7Jd75ml/DbUfFms2d/wCJEeaK10W81Cx0iN2NhZmeJ3jWdT/rpFGTLuBO/cAc8D2HR9U8GfB/wfaa14m1az0mK50cfYIHIFxqF3F5w+w6bZLiS5ndmESJECRuUkY4qP4r/Eiz+Hd3Do3hrTR4p8cr4Ze2svCWmESSxFlw2pa9PHlbCyiL72M7LJIOB33fP+g/DDU76TSviT8XdYh8T+JbaP7Zo+nSnboPhKyZJZJLXTrQ4gkkiwA95InmhlJDk19DlUG1P2LjKzi5SlZ8uqvbz62ta/o7eHmNTl5OZXlqopbXfK+mllu3d6trfb80f2+/ir4r+I8HwcvLrRV8MWFv4h1+DQtBmwdRe1EhxqWrEjETyriQRFVZVbBAxXwULRbm4leeZtRuY5Fa7upMCxs1UlvKt1J2sxwRznnp1LD61/bB8Q2/irVfAl/dottoFv4o8ViC/hl3veqJFBdJFbCxrt2qMk44HA+b5RkvILrypLeI2GgRS4tomXE9/Mp4mkVuSqnlQ3B+XjAwP3zgyFOOS1YKTlGWKnJx73hTblJPRWkm23919D+bePJTnxDCrJWnHCwi6jS0XO/dSfvN2tpfzaeiPz8+L1yR498RuhyzXiopAOV2BeigADByQMcknjINO+D3h+Xx98RfCPhN/NmOta1a2k5VhujiMgZnGBgBQoz1B/Gs34pfv/iD4jVSGLX0gB9AVXaN3bAztI75wcgmvsr9gv4a2uteOPEXiu8dRB4T8OXs9pKpO9dWuIitvIrjhTFg4BIJJwOTur8dzedT69mM+a1OGKrvRXTbqcsY6btuVtb6a6Pb9bySlT+o5ZHljKcsNhm420sqcNbpXei7+nl9teONd0j4XW9p4e06c65rKWwtrfQ7KTzmtxboYY2vHjJ2YZAdpIJBKg8gj5j1Lw54l8a3R1fxRdyx7WaS2sArfZ7dPvBI4c7SyZGWccnpxg19BRaTpFhNNeJElzdzy3DXepXJMl3cTSsWY73BYANuVQDgcc8mqzSQ3KuREirFFICTgFjnjBGMjvkY5454I8WUOZpSje0UopbKzi3ZWstdXZvZJO/Lf6KdbZ0m4K1nrq0uVJK9+Vaa9bK3kfNf7W1pbaP8G/hLo8AKoZdQuMEEFi6EFzkc5bG0D0wBgAV5h8PbJ7Lwfpl5GBHcQ6ZPb2bsDvinu8xyXUZyf3iRsNvIORlsdK9Y/bkuD/wjXwZsMKmNPuJSg4G12ZcsBjOc55A6Z6A486acaP4a8PWkUqxoulwSSKo5y6hjzg8kMO/PbgZrwsRShUVpLRyvJLr7zd3srOUVdXV9me1hpTpuMo7xhHlb6tpKTV3a+19NNHvv434k/Z+N4k1/YapLcTSCS8mnuNjBpXxJJknvknaTzwK+S/E/huXQb2aJp/OZJAiOpyCxyr4I4+Vs9MnuDjaD9p+JfGuofZRplpMYg4Ku0ZcOyNxjI9RjBwOVIH3s187eNtKaS+0a0SM+Zc5ZlI3u7SMMsx5C8En5mwG+9jBFeTjJQUk4JRsmpWuk3FR6RetvPyPVw8JuLdScpu8bJ2vZ2S2SbS279etzV+DvhdFmbxNfwiSLT+LWN1OLjUJSFiO1sEi3J8xs/dVSSc7c7OqpcfEb4l2OgxymUS3ltZySH5hJJHJiVsgDMaAFQoG0AAdhXV3ep2fhDwxb2cKwh7K3aOP7ubjU7mLa8hA5cRxnCsSAG+62TmtP9lfwrd+IviTHrUirMtkXlDNkj7Q33MkfxAnJA65JwFFVw/ltTNszpJJ8s5xjrf3acdZy+5bdVpocPE+b0snyitVb+Ck6jS0992jFaa2cml823qfRjaZpfgUXek2dosK2aJbMAvFxKE2vMC3O0kk85BGe5FYT3EdxGwQRs1w+GBGCqliMZ6Z9gdvrkZz6d490W4m1TU5r/DP5giKIAFDAAcbcEFsgZIGME4HGK/hzQfD/AIb02++JXjnFt4I8JxCZ7eTCy+IdYQF7PSLNc7pPMkWMzhd37vPA7/oeNp08roV6tVxjQoXjG8UpSd0oqKvdyk1pZXTvfS7Px/AurneMw9KhFzxGIUalSV3aEJOMpTk3skubVpW5bbnUTeKtF/Zy+F5+IHiCxhufH/iWKey+HHh2ZQ08buDGdfuLfBZYod2+CR1+ZgpXivnn4A/DbW/iF8Qv+FhePfM1jxBqt6b22jumaUWplcytdzByQHAZhCmMRLgYAA28Ve614l+O/wAQ5/iD4yWTy5mW38L6AqsbXSNFtiY7G2t4T8kaQxBDJIFUyHDnJ+av1P8A2Y/hrv1FbINDb7dKuNV1zWrnZHp3hzSLeAtNdX1y/wAkCLGCEVmDO+1VBJIr4KdZ1qs8yzCS5Kai6NN2tThF+5FLTV26NtvWx+u4bBxweGo5Zl8W5St7WpFLmqVHyqTdtfRNrz7n66/sg+HrTSv2ZtWuprwaVbal4vvru+1C7kWC0htNGR7ea4uJmKpHFGm7kkEcAcnNfmH+1x+2B4s/aG8QQfsu/s0vqT+Bre5Gm+LfEmnGUXHiu6jk8q5t4J0O6LSI2Dec5bY6gEk5Aryz9oP9sDV/iH4X8O/smfs6SalD4FtNUvLXXPEFg0iX/jjU7u5X7Ulq8QMsemNKpd/mwYwdwxla9i8MaZ8Lf+CfHwXl+IHjhrS++I+r2chs7ENG1/d3k0LPHpdhGSXFvHIQLq6AGSCN4zmvyTP81qVcbWdGLqY3HVZLDUYpt8rcVGcoxWiUbNXaSSTbVmftfDWUU6eBoPEtU8Hg6UZYmvJpRclGMnCDfW7s5bx1UdTH1O3+GH/BPz4JXGseKW0zUPiP4jiFpb2sQjk1O7DqGaxsFbLRwK5xc3JxuGcSdM/gT8e/jl4w+OPjW+8UeJb2Z7dWMWj6NHI32HSLHpHbwR7vL3qu3e20FmUntxH+0R+0D46/aF8e6l418Y38s0k8zppOl7z9h0fTgxMFrbxcorRxkB5FAZzknI5rwNTM6uVb7rAsSchhkAjHB+YkAZ645OevqZDw8sDFYrGTVbMKqvOcryULqLcKd76K6Ta+JJ2sjxOJOIZZlUeDwSVDLqNowhFcrqqKtzSSSupPVK918W9zQCKTE5kyzYYjHQAgEYbhck4xjnkhRkkdHYaamDdXYKwnIjjIw82ejEdMEAEnng55qppGn+cjXt0MW0bDCsADO45VE5BIzjJ55Gea9H8I+F9c8e+ItG8OaBpd3qur6rdw2OmaVYQyTXNxdSuI4LeGFAWaRmYbjjagyXIAFfTTXIpSbSUd9L20i0+ytZtb20bvaz+TUZSasrttcqSbvdRS8tnqtlp6OhpHhnX/ABVJHp2g6Reanfyzw2+m6XYwyTTXMzOqIscSKWZtzDcTuHXPt/QH8IPgp8J/+CePwj0X4y/F210rxn+0x4p0z+1PC3gC7a3urTwKtxAHsrzW4iWWG4jBEmJVV94wnOcanhH4c/C3/gl/8G5/G3xNstH8Z/tb+OdDdvCfgrMN9F8NbW6hzbahqsZ3pb30ZdXZZE3q4UAgnFfmn8MPAn7Q37c3xUlsEvdT8Rahq+o/bfFPiC6kuDpWiWX2gsZr+ZsQQW1nDuW1tAwDkIApBIrzpVJYmXLTvCmm+d3a50mr2tqo97vXppY9inRjhFGUo+0xFSyhFfDBtxad30T0b7rTQ6qBfj3+3j8dzb2X27xj4x8QXJM84Mv9g+EdIMpXzcnMFlaWsRJjX5N4Ubewr+i/9mr9lH4ffsqeDxpnhtYdZ8c3McA8Z+P7uNWu72+YAS6bpMjZNvp8LkoPLZTJjJ3cE9Z+zr+zv8Ov2XvAcHgP4a28F1r91bRzePfHrxKdR1e5MY8+KC5IaWCwRt6Qwqybtu4pzkd74t1xRYKluzLBDKkFpGgw00zMEeVs/fIJLdcAg8CkpqVqcLqnB62VlKyi+Z3Xwp3tG6Xex0qjJfvK8uepJ3aetk7NJJ3SStd23STtdNmD8C7drzX/AI3TNuaS58fmMyAMykR2sDAhiCS3XJPPYDIJr6LXTvJR47NdjBR5pB5kOSRww6k7hzwOoAryH9nKxjtIfiez7pJbnx/PLK7MVKyNp1swBJyMDPGM5Hy5xjHvjAs9wyDceQowAScY46AgdR07kYNfR5a2sPCKb5Zdt9k3rfrbe+t9T5nMNcTUWz91aaNNJa9dbbXWqa7nHT2sskhaRcCMjG0/LgqCBx3X+IZyT0wRivnP9rCI/wDCmvEJwwWfXPBkPPGS+txbuMYAxjjBHIwBtIr6tigLSvuYsoCluV5JPIIyQcdAoyeATkmvAv2qtNF18KvIkljtLa78b+Cxd3tztW1stPt9Ximu7ueTOBBFGpZ2z0XBHNdtdxjRd5RSfK05PRWcZau911Tv0W21uLDqTqxspN8ydk1Jq7itHFK2nSzS0trdH1PHui0nwlD94ReH9GQKBzldOgIDAn5QeMZ2+pzkV8MftYft4eAP2fLO88PaDLYeMfiW8LeTpNtcK+l+HZNpxeaxcxs0e+I4b7OriUuoUr2PyF+3B/wUt0fw5pNx8OPgZfBpLaxt9E1H4gIcvdSwwi0a18MQHMkzSMNizDLbyDGc4x8//sZ/8E1Pi1+07qNh8XP2iH1fwP8ACi/uk1O10XUDMPGHj1JJDKstz5pW4tbG5J3M0pV/LY7DgivOeLqVlGlSTjBcqlOL1nZr4bPRX0b7fM9GVGnRvOo05uN1ByVoXUfiv1/uJ6aN7Hj3w7+GX7S//BSP4qXesjVb6Tw7Bcj/AISP4halFPH4Z8PWW8F9N8OQPtgluI49yoIAWBwZT2r94bT9mT4Qfsm/sufE3w14A0mKTW5/CFyfEXjm+tkn8Q67euhWYvcsu6G0kcnbEjCLDZK5PP294T+H/gH4NeBrXwv4M0HSPA/grw/bKvk26Q2FjBFDGFa7vLjann3TquXlkJd2Y4JJwfjn46+O7z4sfC/4oaR4JD6b8O9L0O4j1jx1exvENfvgWjh03RVlClrczbd1yilHB+ViDz1VaeDw2Dqus7zcNFfmd7RtGyStra767t9FOGliK2Jgqa91SjfRJNRlFtX2troutk9db9fpXxSu7r4Z/C3wX4Cia61A+BfDQ1K/C7k0tnsIg5AjDKr5LHdwQfpWxDqngj4Q+HdV8ceN9asrR7G2kudW1/VZEKyYXc1rZCU75bl8YRUJYsSFAHNeGeMPi78LP2Xfgn4N8Q+KL60024l8DaGEgimiOs65MNNjItbW2U+dhn4MpHlpuyTivxK8VeOP2gv+Chvjr+ztDkvfCvwp069ZEmkaVNE0uxVj85K4TU9YeL7oQPHHIQQFwa+IzXP6FKlKNNqjSpQSnXm0lpbbVc8nrZK78uh9zlPD9XEVoe5KpVqyclQilKUtY2cnpaCbSbk1ZeZ6v+1B+3r8WP2rfFcvwQ/Zx0fV7Tw1cTtaSx2DSxXmqxbxGdR1y/iK/YdNAO+O2EiO4Xa4IPP0N+zF+w74A+A2iD4i/FKfTPEPxDW3OoalreueV/YvhhGHmyJaC4cxeZEcF7hsu0i5U5YGu88B+Df2fP2D/hfdeJPEV3YaRbRW7TajreqmNvEnim/RCxhtyxNw6zSDbHDGPKTIyMV+BX7bH/BSL4iftF6re+G/CU114K+F9vNJb2eiWEzwXmtQq52z6nNEVbZKoLtEDs/vZ7fCw/tLiao6ODc8LlzlatipqSnWWmz0vdXSin25mtD7qrPK+FKMa2OVPE5hbmo4SFnCi7JptOO60vKWrd0lbVfcf7bn/BUe10XU77wB+z7PbTXllaXGm3/xFVRIsTnKSx6KhyoC8rvA5IBQ5wB/Pv4o8W694x1e913xBq95rGr380lxe6hqNxLcXM8khLMzSSMSqEkkKvyqNu3GQaxZ52ldPNJZySxGcqM5JKg7l4Pyndkk4yCOBXBJYFGxn7qsoJzjjupyeSAeBnPGM197k+Q4HKKKpYeknJJc9afvVKluXWUtOutlypdbWPzTO8+zDO67qYitJUr2hQg5KnCPu8sbLRtKNr3u9b7WdMxs6bWypBPzYACofY5G489h1+XAPPReH/CF/wCIZwtoojt4l33FzJgIEUjO0naC2O+Dz3znN/RfD8l0Q92rJBknYRh5ADkEh8KFA6n5SOR2xXrGkW2oX8VroWgWbk3MqW0cdrC0lzdyyMEVI0VS8hBwoUA7jnBOc17EErXat0V27adWtm9VpbbRtJHhKMdL3btblV27+7bbRybtp2WuiZ5xN4bgtLk2eno8wQr9ocqpMhAwSHUfKpP3RwTnI3cA/UPws+G3i7wXrHh/VvEei32j2/iHS7u70eO7gktpruwYDZcxI4Vnjk/5ZyYKsOnABP7N/wDBPX/gk1qniDU9F+K/7QtkdM8JWKRaxb+D7wFbzW4k2zQ3WrF8fY9PXh2WTaQo5Ayawv8AgqR8WPgbc/tH6NZ+B/Evh2fw58PvBVv4a2eHkg+w211bxmN9PtRAoSVrfARiuckEMc9fc4MzTDR4ry2jeKp0K3ta9aTShBQSfK5bSbbSdtFdJXPC43yjE1ODs5lCm/bYnCzo4eglepUdRJLTtbol0Vj4USEOoTYMBsqxGR68tnqGAyAR06YHNqGDEW6bdlnOCvCbc5+b3AI6eu4+p+dvEX7RujWkckXh/SWuXGUS4uXWNGOeHVBhucY4AbnsdteQah4/+Lnjl1h0m11EwzHbs062eOFVYkYaYqNowBknI9D1z/TmJ4wwDapYCFXG1EklGhTck5qy+KzS63avd+ep/GuA8Ls2v7fM62GyzDy1csTWSko3V7JWd35tO66H2bqnirwz4dUvrGs2Fq0JO2PzEd8c4wgYsT1yduO3+75D4g/aQ8HaaXi0uC41SQCTEqjyos8nDnAyi4PbOCduTk149p37OnxJ8RZvPEV9DpQJU776eS5mwSGzjopOR257E4zXq2g/s4eB9IWF9currXbgITJEzeXaEjIwpBHBIJ+Yd+h5zxKvxfmjvhsFHL6Ut6uIf7xR920uV67O+2t3ton7sMB4d8Pr/bsyqZxXppXo0EuS6UdLwuraJJOdm90eS6t+0X4z8QTGz8PacsBkP7tLGCSedhuwCWC4y2R83O0YPIBNclr2lfFPXNMm1jxGL6302Lymdr+ZoziRv3ZS33DaAxyMrycEZztr7a07QfDfhxY4dE0PTrPYCwkFury9CAwl2liwGdo5HBycV5x8ary4bwXcBpCUlvbeMAgDKCZSQMDkdcgnOMH2qcfwZiZ4TEYzNs2xGJnGn7RUacnCkrW2d3dJu20bLa9rHdlHiPl6zDB5bw/keEwVOtWhSdepCMqvK3G8rJLX1bf6+aeHP2am1LT7DVvEHiRBb6jBHPHDaqZLgIyqyhpHyMY+U4HXI4wSPXdH+Cnwv0JFdtPfVp4wG869kJwy8FjGCEb5iTkLyOgyRXc6dLJb+DfDwh2sy6baEkliVVlQEFQTwSMEgbuMcCsRriWQPuLOgJUrhgTk5GcAZAyDwD0H1r6TKeE8jwlKlUhgoTqOnTk6lb97LmcYNt87sr9tEuqvc+NzzxB4jx+LxNCWOq0adOrOlyYe1GPLz2XM6fK2+VK923ZrdvXetl0LSY2XSbCytERAqiCCJJAMDjOASeck8nnPOcVFLr8jKEtgyLj58kEbhwSHx8gJ42g4PTuBWEW3qo9QM5HG3JORjJPPGOuBxUbAAGMoCWbIcN93nODnC4PUE9OOepP0kMPQpLlpU4QS0UVFWSVtLJLRdtFrotrfGVMbWxE5OvWnVbfvc83Jtu2rUrtu72et2u5dmvLq4KSPKxCcbAdoIz2wcAAZycDj8qr7s7w4XdhlBGSoCjILMM8kgjG0/NjuuCF4wFVixVgFkAXlRgYBJ9jwPw4pVZArrtJBIA7kDOCTk52429cZPHOONLpqysn00WqtFtWu1rt3SffZKlF69112abV72v8ALyfN2JkUbD8p6DgFiWIGAcZJAyRjJwBkAdCJjuVFfLNtALtyQRnBGWOflGTknrgdTUIkBKFX5UkEgY6cKDjnspA7Dbxgg0SSM6bRuAI+YDAJOdwUDJ9uec57ZOcHN2s7uyaTbWjvHbvvu2n3tdkw912d29ttHa3lsr6Xb921+h478bznwnZ/O2F1y1O5h1B2nAx12gnvggHHXFez+HnMvh/S065sbVULDH3Ywd34EdxgLgDPJHi/xtb/AIpCwTfknWbXAbPAG3hjzwo4OO2OM9Pa/DzKvh3SSpYMNNtsZA5JjUgjAx0A6Z9eeDXg5bOL4izBJO/1XC30e15O/X07a7XZ9XncebgvJtbRWOxfMr76Ul01vv5LZ9DRiG0heW3ttYjPIXqM9RkZIPVc/SraR/OXALc5Q54Ur14PBbP4dRjHNU4mKlHLAsCGXaehyMjHTPOCxIABxkZq8x3E4YsqNnByCQfYdu+efqa+rcl3k1trbq0tPl362fdn57Rp8sZN/E2ld7L4fdulbWz6vZ7ydhJgGAIBYbt77lPJPHyjAz3OentgjLSo3kpjbk5yQeO4A+4RwecEj160SzEKE3nIJQ4GF25GBk846e+RzyaZE2SAoJVCCSw5ycHB4BzjjHGeOvAMvTbv37NPo/wd10u91urK2lm9tdNbap7/AHX69CQjO4r8jLlsMpLMTyCSOoP3t2OpxjqAr4Pyk5YKMAAqpZsAHghtwLE5+h9cPnnwwTOSzHaeMcdiTgHtyPTrjpEGAc/KSXww2gbRgY+8V2kdcYOM7fu54OZ7JyvfRX87ddGvnon5l80FTbejtrd7/Cpa6qza3877slKlcs2BhWDkDqw5AOeQOg4OcZxjgCteq6aJrR3El9GvAo/ugIw5ByMncPpkgdADMzbmJbIBBCgbeSeC2R1J4CkAkkcDrVW+lVdD1tpAMro2oYZ9q7N0RwNq4IX5ecgg8D5cYrizNy+oYlvZUal3u7KF9rtW2fmrXS1v6GQSvnGXRjq54mh06OrT0u+6abTtbs9n4z+zGi/8Ix4qJJ2x69NgZAy4lbryeDt3HJIPpjIr3y6LJLI4hXcWYbcbvlOTlgMsASeTj7xwAAc14D+zHII/CfiYkhvM124YAEMWxI5wFIPY8HJwenQ17/JM7vLgHaSqmRwIggI5VgwyOM5IwQPevk+EalOnk+FlKpCCaldycUlepfa9ldX0tqk9Ln3/AIg06lfiPFU6cJ1GvZRShGUnzOFP3Ule77PVWXloWoALeZlPkHPcnhlCjH3TkggHgjvjI0YhFKA5UqFVdq/KAwUgk4PHTr3Pc9DXKap4n8PaHEst/q1hasv30adJZSFHA8sMWBGBjgZOMc5Necat+0J4J0tNtmk+rOu/ay4iiXg4B3YLEjoRk8Zwo5r0sbxFlmCi3VxVN2TXLTkpP7K2g32Vr7PW+1/NynhLPcwf7vLqsYtR/eVYuEdba3qW032u+ne/urQLKEKEGVmwcH5cdtpBABB44wM9e9SOEtRvuZ44SOJHnkSJQuTnaZG27uoOMkYz2r4v1j9ojxZq4ktfDWmi0VywX7LBJcTqCcZRgpGQeCM55I3EgVyq6V8Z/HJUzQauIXJMjXsz2sYBbAHlgrgAfMMdFAIUnOPnqvGMsQ+TLMvxOLndJNU5cuvKr3s997N/e3Y+uo+HsMParm+aYPAR0bi6kebS17qTik77WuuultPsjXfiH4K0ISfatdsd0eXEVuwnkbBBKN5ZOT0PTgnkcV5HrH7SXhi1B/szTprx0Jw8zLFC3bhCVOOBxgcYz3rz/Tf2bNdu5UfxB4hitlZQz21vmSZF5LKHJOW7E8glRuwfu+veG/gP8PtIKG6sZtamVQWe8kOA45A2DOVDcDrn07VhTpcaZpJWo0cuovRSm1zcrtZ21d19pNJ7qzuXPEeHGSNRni6ua10+VU6SvBtNXSatC2ifXonueF6h8fPG2vyyQaDZi2jkbYqadaSTz4YAYD7SpyCxZiwJPccmvONe0zxvrOv6Pb+JftlndauyrYT37vvjgdlTeiE/IAxHy/LuOfev0UsPD2g6P+407SdLslAwjwW6GSMFO7suS3IBJxzg5xyPnr4zxRt8R/h2pyQ6RjIB5IuUzgHb35JXA6YzjJ83O+FsXToUcRmOa18XOWJoU3Si5Rp2lUhF296+l9LpO2q1ev0HDXG+XYnFV8Jk+TUMDShg8VWhXahKrKVOk3BO0bK8kr6tW36FLSP2ctEhKya9rVxqEyKrSx26kRMDt5ZiAx45Jz0w2eCa9U0P4YeCdGANhoNo0qNlZ7pBKWYpuH+s3AHuMDqQMDIFegTo8cx8oPGW2xkEAhhtDcHoOxI6klST3A+RLIhVtuFJDAYDquMZHTruYe4OcnB/R8t4aybA06bpYGlKVlJzqw9pJ+7G7Tm37qaeq1drux+IZxx7xNmVauq2Z16dOFSUFCk/ZRsntamo3V9m79Et7KGCJYgsEUUcBRSwFukcUeOCBwAMAkHg8YxnBpXJWISMrK8hIwDuDhewU9h/EfmPAOOOCGSRpGkCknaVIAXGCMLz1BJ/Ejdg54pkm+N1ViSVXKjHBzjCrySDxyOnOT7e/ThTpwap04ximmlGKjG91HRbNf8At10tlb4+eJrV6znVq1Ks5XUnOb+L3LXct3Z7ttXelhoO+4eQAjcrKqdAAqgnOOMYGe2R0IxzXLOXCzNtVF4wuV3dANxPrjHJ79xVmJChKNlWVSdqkruZgoIBYMAAePlO4kHk5NONo6nMoCDauzfjDb8HDE5AIPXBB9smqp4lRWqst/svezvdfjd3t6JE+xqTlFRjObv70Yq7dmuvdOysna19ys7yR8Hc4ZAp25BbJB6gdQQCAB3yK2VYqkJQ4G3aOhOccnI54wOgIzwMDApRpk10yLGk1xtKufs8TtGQMkKGUYyvY5HH3j0J6A6XBp0CXOqXuj6RaLvdJdVvoIW3Jg4KGQODtwSpBzg4wSAPPxee5VgISeJx+HoW15faJu/u292Pvfg1fo76e/l3CPEWazjDA5TiaidoqcoOENbbzmlG1mm32S9XhPJtiVyHZ0QMoI5UhhnggZB5xjkYGMArXyXp0puv2hNZLAK4sT1O3ChQcNg4BGC20YwOpAGR754q+NXwg8LxSG58UprM6yqgsNCiaVXRGO5PPc7TuYHBUjpkHGM/L9t8bPDmn+M/EHirwZ8Nm1jVNUiWOzn1WW4lNlgY8xYYtwdmIB2yA9MZr8q4m8QMnqV8B9U9pifquKjiJyjHljLlhypR5ryk7yurqytvtb9y4F8JuIMHh82eZzo4R5jl08LCKlzThOpOnLnly+7aMYtJXb3V7aH2P5YuBm1gur2RzsxaQtKY3GAWYqMcEjcW+7jkckVZntE05WudVutI0WOGMmWTVtRt4JCoGWIti6y7sDhQoPqOK+Q7nxt+038RF8vT4JtAsZSVWHTLKLS1QNgAm4VI5WGAGJ3Hjk4rW0j9lT4geK5VvPGPiq5cytmcT3dxdz8gMy4ldwAM8DIIxjHQ14WM8Us4rKUMDhKWHhtGrUvKd7p6p2ipbpLZvVH1eWeCWR4Xkq5jjauMmlGU4QSpwbVr3avLXV3UlZ+Z7Dq/xu+DnhieSK+8VTa/KiEmz0C3ZQz4P7szSAg4YMAwYAg9/mryTVP2qmvHmi8C/D555Q+y2vdXaa5kUZxv8qIeWDjGAe/yk8A17N4W/ZC8EaWm+7tptXuFIO+aQohwQWYrngHaOuARjgAAj33QfhB4R0i3drLQLKCJVCKsVvE0hcAgFnYMcHnlSBnuM5Px2YcRcQZi19azKpyS+xTm4xT6xtFJfffe10z9FyzhThzKElg8qw6lBL35U4zqNqy5m5JvWy6tPtbb8/G1f9pf4lyOqXd7o9jIAoNjANMt0jIB2h41jkYgHj5juxkE5Irp9J/ZK17WXS98X+Kby5LBXkQzSTyZbBYbpnYZ3EnA5OcZ6V+kOn6ZpVrplzHdi1tJIGBjEjxQwqigZ3bj8wC5yVOMk9yK4DxP8U/hl4WYQ6n4n0sBYy0kUEiSN5gJIH7ssw54HI/ACvn23zTlUqTqNybblNvtq1rZO2v366H0sIxjaNOCitLKKSs/d1dlbdN7X763t454Y/Zi+HWiPbSS6W2plUVne5fgsBnJQZXbkHGP0zivddN+H3h/StsWlaTZWmY1UNDBErQp23uVG7jHQ5zg5HUfNni39svwFpazR6HaSam8IKQytsjRj2whO44PuR8pOOSa+ZvFX7avjPUI5YdFii0yMltrQrukTcCBk8gnOO/HXORWUq9FL44pp6pWb2T0Svrt2WnVaG8ac9Oie7b0volvr57X+R+pstlpmm2U8t5cwwtH8iySSQxqqjJaRt+DggA8ZI4JB5x86a78ZPAfhnx8Lu/1rT1trXRXhS5t2STMgYhl+RirO/8ADgZBIJAHX8qvEXxr+IXiJnS/8R6kVlJO37VJFGN3DFlU4yRkbenrjNeV6nq97cSok87yZBZmMjtvzkli2chiTxjOelcVbGRWlKN+7bt1Vn6a6rS97LsaKg9LtrdWirPW219m3pa3mrn60eKf20PBGnrPFoOlXOquyYWVsohkBGGJKqSpJJxkAfKcAZx86eKP21PHOpB4dLis9FiIMYW3QSTFMEDBYED1O0jkDPevhMXErKmJGKAfNlmwuTzuOcE8bQCcdRxUMsozuAI2k5IOckscEKOTnv1APHQVg8ZVfVJ7tqK7q9t9Xfra3R6I2jTirpWs3b3n/wAD5293S+6evsmu/F7xxrryPf8AiHVZUlZnaIXMiBtwzgKjAAA44wF25PPymvN73Vri4k/fyOxYncSzSSHk7i7kHPQA59D6GuZ+1SO6hQ5YE7dpGRjPG0HkkjvzgA/d6Tx6dql3/qreXkkbyuAx7ckDp3A7DIzWa+sV5csIVKraTsk2m9LKyv20e+voKTo003KdOCsneTSX2UtE7XezWtlrfTS01428FZvk68vzwMHbuON3XjByOdxzmo2vAzAhx3IYA7gc8Kxb5c4PQ8e/HPXaL8KvGGutGLTTLyTzSqb47aWReeOSqEAc5BPHPT1978N/skeONUCy3VvHYQIVMrXziIYYcsIwQTs6nIzt4PYD2MFwxnWP5XRwVRKXWSa7attJW89t7t7rw8fxTkmXwl9Yx2Hi1bRTg2tuiaa6Wttr5HykZxKWWMOWzjgMSx9cLyAMHhgMce5qaKx1G4bbHbyHJKgqjbskYHQbjnBwR+pBB/SLwz+yd4Z0+UnXtRFzLHgmGzT92SMFxvblQ2MZHI+734910P4TeAPDkcIsPDltPJGwdpbpBN8gPyuN4259Mgdenp9pl3hfmtflliZxoxaV1u9eVrVbWeqT+Z8Dmni7keEvDDe0xU7Wjy6JvTrbVa7Wv6n5W+H/AIR+M/EHl/ZdJvpEYj5hC6KM/wARd1+bkZ4OO2eCT7z4e/ZR8S3SpcatLBp8JUnZI5L+mHII2seCPug49M1+jMdnHBHHHbW8FpH0TyYkjEYOAC20Y4zkLuB64HU1elto1tBEJ1kmkuFRlIyJcYxzywUZ67huKnPSvusu8M8twqVXFuWIcU3yc6UZSXK18n2Vnb8Pz7MPF/MsZONHL6McOpzUPayTnJK6V1dWTV303t0ufnh8ZbeSz+J/jq2lVlkg1qVHVskg7U4PGBtPXPQ9c9D5UyfNvJ2gbgQTkHjLbgSCQex4x69BXuH7QhWP4z/EiJ2yF8RTBCAoz8keQxAyckk5Pr0yCa8TyGLZKhMHvubIHB3Dqo45xyCOlfiVRp1pTjFWbvZ7K6Su7Xdkrd0rqzZ/QWGU/q9FSV5qnC99HflV9tdNrWs2rOyZ6f8ACmOSa80aME5bXIgcYx8zqRjPPPTPrzzg16/4z+LHivwZ8RPEmkTFdZ0KK7j/AOJXfjcbeEQxZW2lDF4yAGwFIAbOARyfLPgwom1rw9FuJ3+IrbIC4wPMHbHQ7QQc8c8jitD46Mh+LHjONSOL+NFySPm8mPqeSOeuTjGeMHB9iGOxGEoUKlCrKlPRtxekrWVmrtNNdGn2tpc8ieX4TMqtfD47D069Lkvy1Ipu7nH3ovdSTtZpp7Xvqe+aV8TPDnirTru10++XSr2e1ZTomrEYeUqcx2tyxCjJJ4fAxjI43V8o2cEs3jfUreRFUqt1jy2DIdqHqVypwxIOCeCcEEnHNnMaqxBLgMQwLD5wRlkcZORg+mR054Gx4Qm262blt297efzN5JPK7cZ6jJUEHJJB555Lr5zic0rYWOIaboydpJNJqXKndX8tbq3U48Lw1g8op4uWCcowrwT9nPdW5fhe7XRJptWeqWp+of7OyMfAWnxygOIoJXRiRnJmcNg8EEjA3cgDnhqsfEExS3jxCMOOhG3ndsC/PkfNzntjvgEmoPgvplv/AMI34f0zSPENjF4juNIW+m8Lag4t59UgkuZQJtMmkIjZ1HBjLZxkAEZxB4yTUE1CaG+tbiwuonkYxXSGMnyxtwhwFkxgnK7lPYkAV+v5bUpVMqw6g4uUYRhPladpRUbp+t9dte6PwHPMHWw+eYp1acoxqVpVac2mlKEpJqST1albVrT3dXpY/PT4h2EOn/Eu3WBFh81UZkUYUuWwQBlQTgeg+o4r7B+Bni3WPCWj63qdrpMWraeuqRLq1lnFyYQFHmW3UFlUE4Xnop68/JfxXikb4jabMXUb44mR+SCfMIOQMAcg/dOeDkDv9XfA8M+hawrrknVVXeeFb92OSoJBx6Z+pHGfjsr5qfElV05Ok3iJuDVmlJwTTsrrd2t2aWjsfo+a+yqcJUfrEFVg8JQVSE72nHnjpdap22fSyPtvwt4p8A/EKJJNFv4bfU2ybnR7llt7+Fsf6vy5NplIOQCikYHvur4J/bM0iHSfFHh63SVneWwld1bOUYyAquPTGSMdCwPIBz6trvhWxluPt9sZNK1m3fzbfUNPd4J43jy6MTGV3DcAQGyD6DnPyL8evFniXWtV0C18U3ceoy6dC9pb6lGqxzXUXmD/AI+QuAZVPG/7zDOK+t4qzHEzyerhcRFSbqUuSvHSElGUfjV/dfTdq/Vdfz7gvJMDT4ioY/A1XGMKdZVMNU1nByhb3JxTVSF9+blkk9Uz279mwRnxxoUkg8xBpsm/bncpVWX5cc9SNy+mR1IB/S2Kytby2S406YTKR+9iDL5sZH3iVLZIXG09iB25NfmJ+zbIW8X6etsymSLTZ9gztcHOMLljuz1xjOT1JANfdaapcWdwT5z2dwrJ1DKsuDnDLwQeDuznsD2Fel4e4lQyipGUVZ4qadmm7OFO789Xb062ueR4s4CdbOsNKEuWawlNL+X42ktVdX6dXorbM+b/ANsm2e18Gac+AVGqkEkDPzRN8reg57enOa+VPgZKV1rwQWVdqeIoc4yWBMy5GeCD3zyPc9vq/wDa61dtX8A2CSQKJ4NXjM0owFkHl4BBHGepPB5xkYFfLHwTEKa/4PYr/q/EsXGeT++TI2nrjGc47elfO8RTg+LIzgpcrWGSXV+/STbvsk9Ney6H1vBVKpDgidOq4qSWNTW9rRd3rq76eelz9t9ThjuhsdQ8ZMYYyhXjK+XnYwI4BXrxzg/xV8bftK/D/SYPh/4s12OOKzkjsFKpGFWPezbQHTBCscqQQBjjqea+0r65jjRZliyCU37hkkiMDPI5Gcc9sDHTj5T/AGrL+E/BrxYjExmS2jjVweT8ykKec8HI6N05z0r9Q4go4fEZNi3VpRk4YSUoStdpqmrdN9N77bI/GuE8RiMNxFgI060oxq46lCS5pWlB1Yxs1rF3V3bdXTWmp+YHw9gaS003zCXLazbREZyJEV1GBg8HGQPQkHPQ198TJ468Bhtc8MzHx14enIlvfCkzkavooRUMhsnJJnhXqi4O08cZAPwL8N5BHpulqXbcNbttrKMNnzkGQCSN20k5PH5V+m1x8PfFGmSx+INKu5rkyw2tzEqTOHgLxqcOhJRo2Iyykng/8Cr8y4YpVatOcsOqilTp0lGcHrF6/Em7SV9000797H7bxnicLRqYeGJnR5Kk5+5iI81OaSptrmTUoTs7xlBpprZ25TzDxj8W/CPjH4d+J7K21A6NrK6VMlz4f1ZDb6hHNkF4whCCQnGQuN2DwK+QPg7cFvEvhuQS7/8ASLlCDjJLBhxnqOAAQcE9O5P3/wCKPgN4S+M+h6jceIobfwr8QbK1kaz1myKQW9x5KM/+nRKUSRHC4ZyCQSck5r8//hlYTaP4/wBL0WWeGd9N12e0kkhxsdomdGkTHG1yu4ZJ5YgEsAK87i6GPji8K8ZGnaVPkp1oq3Naaf7yH2ZxvZtXi9Hta3pcBzy6eFxccBKpGUJqpVozal7P3LJ06iSVSlLlbvJKSatJX1LvxeVX1hWmiRg9vJGqsFO6WJ2LbscYGBjgYyQT6+KwRXMsMpU+XCIpAYWX5GYZLGPPRuPujHToM5HrPj2K7v8AxJq/zmRLTUbuFFLZ8uMENgqucbgTjIPqQTmuCVXtreSORMlUkZkPZmAIxnBIIPQnBA44zXg4rlnClNaOMOVWsnJqMdXZ7Jdr9L7q31FKUoYif8rkpOTXZQd+rT10063Og+DyqfGvh3kbvtwDocZB3BcgdCvYA8/iDXa/E2eyv/GHiXRrh4Rf2V79ptJSoAYBchN33mbaccdMgnA4HJfCFkTxx4al+WIjUERkwrAkvkMQBgjaSBjoQcAEsK1PjBE7fEPxLLBErvHelg6KRJyi7toAyyrjJ4GOuRxXnwk4xasmrxbtZ222btvZOzu9NGexUjGVOMno3FJNNWslG2lrvrfW+nU8Q1VZF1SV9537kDbsE/NweFOCOwPHBBPIr6K+B7mbxXO/mYK6Tf8AXAK7bUk4Ptx1xjnBzxXgF7bTR3cUsjh5JNjY4AkwwJIAxgjOMdAR04r3z4FKj+KLoiM5GnakwJJAKi2bhenI6HG3jABxitsucZY2nGbSTmtbtWaik+l0tU2vJdzjxTksLVcU7uNuXra8V0WnfXyvdnAag7zaneiNS6m8nWVtxDKRM4JBxkHHOAeeCfWnGW/eG7Weae6gjVRGzlmWIg4VVZsBTkAAA8gkDmpbgpFqd4TEwC6hcM+0kB0MrFgOnQdeC3fnv3+u3OmQeCYLK1aA3l+yTsoTDom4YkJ6jhcgdSfwNeg4pRr8s2lHmv8A3uZpK6b011duuyVjgnNKrhoyjzOc4pNL4bKLk27JrZaaap7nqn7PNrJNb6xCsJf7Vf6dCV4DK0kiD5QeCTkcHIIxk9x1HxY+HltDruqzWulxaVrFo6vDfALHZ3+5R+4dFwglOchhgsTk4yaofsuvu+0mXdg6zZpJ/eCxNnIwOcE9QOpGMgbh9AePdb8O65eanpEl/BdSwaijzLIVjkjVTjCnqWGOByCDt6nn0cLhoV8JGFT3U43jLfWy0tbR69L7eZ4+aYurhsaqtJSlJPlfI3t7ms0tXFWSd1ZK78j85Z9UkkubyzmU281qJIZIXwCSFYttIADISCcnIOOOOR9FaRqMWm+A/BN1NIwhZ7mN+DIqAyHJJUZwMnnoBk9jjzv4y6Xp9lrNjcWP2ZDNBJlo1UGQIMI0oUD59g2qd2SOT8vzDuNBW1v/AIaeFLK5Lby180LhsBZUZwQxJxgjtkYAGcd+WDnh/rVG3NKNKPs76OXvwaaS20tpo1dK2x6V4YtYCvJNKdVuV5aJyp2aWrun001STvqX9UtdC1rSdStp1VxJGXhZMMxZtxR4nIJVicblPOGGMnJHjXguYafqElg/mNILw28byAlvJyQok3ck8Ak9+zbq6/Tr+70rzF8iS5tGn8u4ikQl0flQY+CNgYBgVIOMLkHhd3whpdj4g1aaDyhCwvTM0sihZlCgkD5RyoYcHOSACM8V5mJrKtShNU+WcVZ+6k3e1ne76W0e7Tve119Pk9F4fFWjJThKN42uoq7i+++tmrW0bt3/AKjv+CBTib4i/FAJlYv+EXhcgnhngCI5bd94A8YA44PIB3f0k60u4t8uSx3Agdj1B6ccZGScg9ea/nC/4ILac+n/ABL8aQKS0UngjUmLAsfMZb2MIWJ5yoGMHHbj5RX9IOrxtnB4Ug8deMLkEFcHIAJ7AduTX5Tx25rEYRS0aoR1tsm0+vfTRdtNrP8AT+FkufGNN3VTlfe6UHda9U1fTV30eiXLBGcDAGABkAjOeemQM9+hwTwCTnE2G2g4IxnBYLtwO/JGAPQn6elSpHsbJY4JBI5JB7DjnjHOOcdMnAq3sITPTcD94dSfXg8kdcAAdDjJr8/UtVyq2js76XbjZaa3T189H1PsuRWVnfVNJrR36PTrZW6dN2ZLKgGcnOV3DGTye/bI7cjsT1qJ0yzbud3THykrjk/KPl9+vXqBwb7QKVLHBLAbiuTg8kDB644OR2OSOgFWSMl2PJwAFAUgkHknaT93Hy5GMZ75wLTa32TTfnbXy8+3cVpN2erta7tbolborO/mo+ZlSFQSRnGXJOBkjPIGPTkkjqAc+orMRtyAQORk4Iz0+bGGAJ+6OCcEc81cmib5Rzkl1GCOB8wzkjjAGMn329cVQdSpx0CtjlTwGxkqSeAO5zx9c10Rk1qn0W+1tG1bVLfeV93o+uEoJtqz1kttNmrO+/Nv0W21yIkbAx/iG0kZxnJ9OeCccgZGeOmYM8nHRhwBgjjnJzxkZyD7+pFPeHhsHcQfly2Dk/hgjt09Dwc1AsRXnpggAHOVzncMggkEfUgH0yap1XZ6P111emu+ju2tulrd81B8y2281ZdN+urX4aakUjZ2sAScgk5y2PcL/EAF6AjkcjvFtOWKkD5ePmz90nBPtg4yckHPIzmrHlspxzlFf5lOD83AXA9iTntuyMknMYQtkbgMADgYxuOCcgc8HJHqenWhVJLRptNp3fn0smmrKy26t6Gl7Oy0VruKTu2rO9/Vd3a1lu0VssCPmY5LZPPCjDEHnt8wySeODkjBsRMdyZOcEnj064Bx09AOfTHGIzDjHzY4JBX73oM4HJz2PUEZOOacsbLgbgCCDnPUjqc9CMHGeRnn6Eqrtsk9HbXul01t822++tyLlo7Ju7u+qtbltfZpJL5avc0opAcleV3MTu9OSR/wIj+EkYxz0NXl2kZOQOCM/MMDaMYxgZ45HTHTODWWmVYAlVJIDA4IAYdiM4LDvxj05BGjAAAh3cNkZJJ2qCeSPU4A6EnOfSpbvq9GrO3bS/vN7/Pe9+iBq7u47/zbv4de+zet9Ou5dVMqCyk4BVjuHAbvgE4BByDzzgYAyanWPccqf4VAyTkFeec8NzwuSecHAzVfKZyCThkJz36FcAdecZHbngd7afOxOdp2jLZxzx0GB1Ax/CQecUm3un2v96tb5dPS1xpRT01f32tZLvYQxAsWPzdSQTtIA4UgZBJOflIOMcdDygAAGeCDkg9OoByeuD04GD15yM2CjEYByGwMsM5x6ADgA9MfgecB4jJwwHBwDyPupwABzwccN79SMgEZN9FbXq2ulum7tdrS2idk7pNtO3Lpre6W943TvsujflZX0HxqFTgYxxuB+6zZzndyT9PlGCB0xWlGFVRsAX7vuSACDjdwRnjAIKnBJ5FU/LYEksD3bqOVxgdfmx0zyDjPpjRhTdggfw/MSP4sADAHqcc54B980NN9bK6t6tbbPW6077NDT1a5X0WlvK2id+vRdCdZApYlCAwHOOQc9RjIAPXjI47ZNXI58KMbSScZByT1GMdQfTOM84xkYpkAIADuwygDdg5x94k45zgk8Z54GcGWHIC4wCHZs4HGckn1PXOPXscVE1tp9y9NX+SX49DeFNW1UtWt73fp0V1dva/4m1DMpUlgST1AY7QDyByepAPYHnIJxmtWNgyAEqSWJyp4PGck5yMe5H5dcCBlwAwK85AA64JAJ6e/XAx33ACtGHONyEZDcnrgNjOBwB0546duuYtp2/XbTyVn+fla+VLZt3V35aLq9Xa2v9W2Y2KjEj4A25wMk7hwSc5HTqepPHXKzKQXTcpZCGHVuPu5Y57AAcEDJHOSBVVGVlJIO04UsB83GOeAOADwenHUjrbSQKR8m1cEkKw2jdnLEEg8ZB77SQc96i1tLP05rdlbp1svT1s211bV35tt7N/ZXf8AFXZKABGWDE8kjAAPU4yo9ySfUk8mpBGoxxnJABznkHHAHQDuPXr0pMoV4HykjOCBk88g9gOOCST1I6YNxLBQcHGSCMbT65IXhgp+h6VPOm+iu15OystdLf0+uolJXT0u9Vva2nRar137a6jQoyWGFwcAMcAA8ZJ6dumc5B9MEJVSeN33cjkEMN3Ut1Pvgk45OOjXzubAPO0DndhSPmYLjqDgcY9+aTGe2CCF4wDz0GOhGSc8ZGDyKpSXpotPXlt087fp2Ov5P0tZ6Lv87q+vT8jP+C4jJ/wwLqG8M4/4WZ4aOEyCf9KYAHPfHB7DPBzX8bUniXyHMa6K0xCbQzY/eEgASAYY5AGCfYnnHH9k3/BcFjH+wJqZByB8TPC2TjOA11g555OOgyOemBxX8Y0s8yTytsndQCikRNgDA4XC9OVxk45JzgKB/QPhNU9ng8T73LecXzWt9iF907aqz0fklY/FvGOhKphMqnGHO1KtG2vWUHd23Wi7vyaua9xr17NCirpMCllUYd9oAJGOMDdg8465x+HnF34hvLPxHqEpt7JZfs8CMnIRVDgcEDec/wAXPOOOK65mvWjEgtrtgFBwICCQM98D8O2cnHArzqGG4vPE2qeXpUszSIikTKflZcE7twG3cOnU85OeAP1WtVpylRftJNyrRcnqmrJa22Wt19/U/DcFhK8ViJTowipUGuXVc3vQ0bk21+GjR0l7411SUp5Ys1GY2YoHYFlwcAhfmHBPB4O7oMmtW28c619mKx2lsWBJEjRSliOSMDj5txIxuPy9Nuc1u+H/AA1f3e9TpEEA3KuZAABnkhTt9QeeM9PTd1MfgvU4mkAjtUCqWDLl0HJzhTk/KDxwPXoK7bKo4Xr1JJ68vvJJKyeq3+/z6O/nuFOlJt4Sim3Zt6t2tbr3vro7anzr8Xbi/wBRs7LUb5I4pm8PSlVijKqn71gQwIyc4BJOec9B81Vv2dJjH4Uuy0m0f2iNwABLADA+mfXnHPIOMdj8eYWtbaC1dozNbeGZTLhdnytKwU88HGRxyeOK4P8AZ6uYbbwndyXDwxqNQBJlliV8bSThHYccHB+gzXhOVOnm+GXM+R06qcnJK6XJbaVmtLNa/qfQQoSq5RW0kpc2Hslf3b3elk9F6tK+r2Nj443/AJnhXXFWPImvII1c8cptJ+6v+yQR1HTAFH7NSXM3gi6/0gQxpqU2VwNrnaSQe4/MMc9xmqHxm1GxuvDF1HbXFs8zaqJmVLiKRxCVG0sqk4HGPm5K8HkEVN+z34n8O6D4QuY9X1Cyt5m1SZxbTN+8ZNjAMF6nPqeBnOc9OalVpriPm93kVB3k3ZKV4u7d9erVr3to9jrnh6suHYxbm5rERaioyWnMo2tb57W89UzO/aJVUsvDitIXzBf5OMc/MANoIIByCCAeM4wSQfb/AIFG1b4U6BG0rowhusAHO4q2RwPu5HXPoST0NfPfx88S6FrkOhLpl3FMsUd+JDEHAj8xnKLkkYPORjgDnk9e6+EXxC8O6J8PNFsby7b7VAl0JIUt3kYBmO0ZVTkkcjaTwD1NdGHr0P7dxDk4KLoRUXd6v93fZ3e/p1vYwq4WtLI8Jyxk5qsuaCjJtRs7vlVmvTq0cD+0dPHLcWzQqVCaReRbm6nbMoPzHsCpbkYx6YNfS/w2MafDnwkftJH/ABT1mNuRyxQYA4HbqOCPUDmvi342eJdP1q4hezF28R067RpHgkiQtLKGRBvABxgZwxHG7BPT2nwH8RxbeDfDenxaDrF01tpFrbtIlq7RmRUKt5b7TlRnBIyuRyOdtY4XE0Y57jHzXj7CCg48z3lF3Vl56q3ZXeiOrE4OtLJMDyp8yqpyTdkrpq7u0r3s3r6o81/acUt4z0359w/se3OT6Ar2JXBBxnHHPykE4H3R4ZnE/wAOPCjLKYjD4Z07lQGLtsU4BHJOf4j1BGTgGvzx/aC1y81LxJp1zPpN7ZKdHjVI7hNsjhcfOBg4xwBnHJOeAa+lvCXxF8dv4N0Cw07wKjwRaNaW0VzPOoMqIoHm8HABHzAgEgAEHg1pl+JpLMsby88nFXioKV2m0tdnq1qtX0W1yszwtWWU5cpeyjy6tyqQjqoLW/Na8X2T2aPlT9oD5vjErszMA+jb3OM586PHTpgn5eh5+XBzn9MdWWEeFEdXYEaTY7WZ8kloIzwOTlhxjB4wBnPP5bfGGXX7n4iSXmr6fa2N+W0xxbxytLEgSVTEztyMbsBicnODwMZ+0LrUPizqWkWu660GztpLKwQLGDK6wrGm3eCh5xtOeCcHHJweTK6844vMlGnUbnU2Sel5PV82t77emyV7b5hh4VMDlfPVoxVOmlKTd4t2hbkcU+a1nqla3ofLfxaOfizphwxx/ZAOc4OZF574J4GPfJ6k1+kU1rM9lbsIVRV0+P52Pf7ICMg4OCeQMc4+UnGK/NH4qx6unj+0jvdQt57/AH6di6jhCop3oImRSCCFY/ORtJIPUdfsCDwv48vLWFr/AOJOoPHJDbfurWyhG2NoU+XdgnAB2gdAASOBx3ZVOtGrjlTpynLmSa92PK1pbe923rZ2016Hm53hKFSnlsp14QjTTabU2p609FZSstFZu3RvTf49lZ5fj34VZAdyaxEoCdCy3DZYZ6HAOeOCeQcGv0R8d20S6Nqs3nyyS+RHGsD7VBPU/KMEkEt1HOcYxkj839S0uS0+Mthpp1G6YrrsUCXi/JcJudS0qkEbW3MCcEAHpyAT92an8K7aTRdSvb7XfEF4Le3aY+ZeuiExqDtba/rjGAOx6CpyNYuMM3hCnGSdebqKc/hlyrS3XS/ez0s3oaZ79Tc8olOrKNqFNwUFJuS5lbqmk9td7vtY+YfBl/FY/tDaZeXEkUUUKyM0ksiRoq+RGeWbKjgHbuwCePmxx9c/ELxj4fvLTVDDqVlJI+k36Mq3EW5nZW2pGFPO4jIPQYO3o1fDH9i6fL8X7DTGE0ttc/OytM3mshQAKZC2eSD/ABHIyO9fWdz4C8K2dlJPBokIlWxusG4fzcMsZw2D1BJ3DjjjGeCM8ihip4HMVSVOMXiaknKUm3qopqLSa26PVLbzeeU8E8wy2pVddyjhaMacYRjytKSScm5debZaJ7vq/mL4A6pp+k/FWO91DUorG1bTNQR5pXVUVyzlVIDEMc/LjJPHPJr6V8eeLPCN39qa21tLqSSxulKRxvJncm1V+TILEnjnGCDjANfMfwT0/Sb34m/ZLyyt7qJodSJWZcxB1lk2YBLAbOgG3hTySdwr7P1Tw9oFvayR2umafDNDBclmWCNs4jc5yDnPPPuRzkjNZCsXPL8QqU6aiqlVPnTcuZqLdldfK7utX0uTnqwlLHYX2kKspOnQcVGUErXTS2dmmkrXts1ax8SfA3xDp3hT4ltrF81wbcWV7EPs0EssrtLI7RgRqpYLtwCORnHTGD9TeNvibp/iPTjaW2n6wyppupEu9nJHGu+3ZQWO1cA8jpwfTcMfPvwWiST4rPHIkTwv/aG4GNWTCySbcKF+XHA6ZwBjivtLxnZ2kPhrV3gVFMeh6hlhGq/KbdxsbgHdknaR74GODz5RCvLLcY41kqVOpWco8ru5JRTesnpfXb8WzfM3QWZ4OToudSdKgoz52lFcy0cEndpKzfNre3VHwn+zprOq6N4t1z+zPD97rV1d2LRrFAwiMeJyVkkLEfLz0Hr1yK+gPitc+PdS8J6xJe+C30+wSCGW4nkuELwRiRSG2KfnywAwMEANjk15j+zdq8Gl/EfU5rmVIoY9JCku6Rbi7hsEsQrEAEkkdt3BzX1n8WfFui6v8PfEiQXluZjZbEj8+PzGYOeAiMQ2TyeVxnPJ4qsqpOtk9e9eVPldW1OKir2ve+t3r5X2v2JzatKjnOGUMLGrdUG5yvpF2S6pJpJWeqvZtdvkP9n3xL4u0O08XW3h7SYLr7XcwXFzLPIYzCqoFGAGwScZboT8wrtviTqHxGv/AAl4ll1Kz063sp4bf7YQ2Z/L3hlMe7vuOBnJ645OK5j9nmeC1k8XLd3kMKsltsy6qzHC5ADnGAMDAPXjjAz7X8VLnSJvhx4o8vULZriO1tRHsdS7sZUXAAyMhQdxOFyCcnnKwkILJqjniKl4qpaC+HrHa++qbXrrsGKbWdUnGhTTlKjzTavKWkdE21G9lbTRa2S6+Lfs/wCk/EC907xBH4a1i20u2WaCW5WZUaRnKfIysTxwcHJAOSu0DkdX8XPBXjay8Ha1qXiHxcLpAkbvaQA/vlcgBH65QYOCVGSerYpP2ZfEGi6Npvir+1b4pK9xaCJI4/MbYYjkHbuztIPBGGxnCgnHovxz8U+HdW+H2u22nyzS3DW8IYm3KguGXLMx6LtGcDjkjHFa4aFD+w5OdSpKfs6jS5/dWqVrJrp3Svd387xk6/8AblNQhSVONSk2+SF5J8u8+Xmum9NV5XPB/gF4Nude8KanLB4l1bTII9U2SWthI0cEjEEiRsNgMM8nPHp1B3viv4Kg8PeENVu01fV765F3b5kubqSSDaeCShkKljngsO3frVf9nLxXb6B4T1iyewv7qabVFkRreIGMDkAMW6ljwR8vBwPmrd+MXiGTWPAutL/ZV3aJ9tti0ku0IyAgZABypxkkH0PTPzTD2H9gQajN1Fh5Xk3JpP3bvdbLp0ur2RpF4hZ8n7SMKcqqSiuVXXLD3bq0m297666vVN0/2cfCOgeJNH1SXVbeS7eK/VVH2iSNCoztyqnBO7jPJ9TyM73x/wDCOg+GtDsW0ywS1M80rO6SMXOFI+Ytk47Hk8kkE45w/wBmrUNWtNI1qHTbKwkRr6ORpbuWSNo8qTgBQQQenBzgrgjBUdH+0DqWpapp0FnqCWEZtLC4vE+yFn3EjGHLAHHJ6ZzznBwD0RVKfDMUqMpVHRtz8trWkm7SavqnZWejura3M5vEw4lk/rDVL2ikqbqbJqCtyLRd/N69Ei38EPC/hjU/A2m6hqGjW13PJJcq08yq7MAeB82cgnt15OeOBkfG/RdJ0rw/pzWOnWdp515I5MFuiSEqWGGYAEryMgbupx0BrD+D8/io+B9Pt9P1O1trFZZ3jR4FMikuCTuZTxx69ckcYFQfF465HoFvLq2sjUQlz+5iWFU25BJ5UAkkZzjkYyaxx9SMuGIxhh/ZyWHp81SUYrZwV7819UnZ2u2rNLppl9KrDiT20sQpQdaTjSUpNrm6NWsmlayd0nbvp7x8KbS2m8HaDctZ25eSzLYa1QszgsQxbbnOdpOSMkAZ615t+0fBHD4c8OSqFw19cjKKBtyD8owMH8Rn26GqXw0l1y+8LaVs8Sy2MBhlSK2SFcoFJzh+/Tk455OSRiud+NtpfQeHtGe51i41FnvZWVZkMaxlQc4B4G7A5PUEdOCIxcHU4XpShTUXGhRbk7e9rDXRX1sr77rRorL4qnxPObquTlWqOMXze61Jb30tsr7W27HtfwhuIl8A+HGmdVzBMAxkQDOSPnLHI44z1BAwBwR3t1NYTRQRpPaO51G2Hlm4jchfN5woOSTnptHfHHJ+avh1pml3HhDSprldUlneOVXEVzcLAGBJAVFYLjnJwMAEdyM9JHoNutxZy2djfxzG/hPmPNcMGAcfc3cbiedpI3ckD5cHrwdGu8toS5KcY/V1q78zsox6Qerdulm29W1pwY2vB5vVSqTbdacdU7J80VvdaN9V3sfUfjewtv7S010SNUktblC6gM2FtkZB2+5npkYLZ4qPwhf22paRaWAmD3dv5wMDuFZFjJ2uFO0uqgfN3bkZ4OOV1iXUvP0xLqGaFYjcRx+cHDvut05y/wB4kA8HGfbOa42+VrKytdRt7me1vYYrhIbqEFNjb3KrIBgOpOBhiQRyQu6vPxNOdWGu0eSWi3acdNlZa6O3XZbr1ssrwp11qvfSi3o0leKu93Zu6bto99bW3tZ8GysNW8Q6eyLf2M63EyJgQ3CI4O2RRgK5APTOT8pxnjlP+Eo0qS7vLS/ljsb2WO3kktJsRjEgABjkYhDvIG3GCM9MVb8HfFOA2+paV4qjME95D5Md6PltL0mRh8zBcJKeMFiAWOOMDPjH7Qt3pVl4gmW1QLt0Sxa0dXDSvMVUjdsPzBTgjcflAHIJOfNw+aVcHNU5u8eqk27Xu9HurrTTVvp293HZPRxtP28UozUU4yj73Nr1S3tfq011bseG/HS2trPxk8sBikguYY5JRCykF2Ab5nUlSwGSMse2T0rhoponWB0YhEA3Ybqcccg9QcgqcnpkZyDRvp7m8SS4vWlmdgu8y7pDGm4kFS5JAB+X5eWyBgjpz0AuoZSF2fZnd2XzJNpKkErgHJBBJwMjOSTyc1lTzSjSxNSo0owqT5o7cy1jr00f3q9kuphi8lxOIwFOlTcpygkk9m7ONra7K6STTstNVc6vxBeE6hprRqyoLbkpkvz0HDcbvXsDnAxVOVk+ytbLj94DLw/G/Oduwk5IBOeAe+c1zs+rWzX0U8k/mi3iZHhhDM2c8kEZwB97J7Hg8irh1pUiWSCz8sfM3m3D7cYJywBJOdpxggYOCBuODy185pRrVpRg5xqTcuZWVtlZrV/K3Tz09DB5LiFhcPCpOUJQirw1vdO1t07a7b3t5n1H+zhO8dpqUA2vJLfgH7QFClAucKZCAxOCB36A47/W+s2+g3emRLBJPZ6mYrgMFjVbYjYcs7KuCAQTkknBXBwePy80nxRq0Nrcx6RcTLaiQTTyacp/0ZyAWd5F5QE45JHB4PUV6Fovxe8W6ZAkI1aPULbBWSK6JlchgVI3nc27Hoc9B0zWVHiVUOSm41YwWl4tqCSab5tuuzT1vp3O2rwtTxdNyl7OtPR2dlLmXLZ3vfRWtrrs9T6zj+HeuGz029FncX+nzQzFLqzJZmy2WVo1JfqSCSBnGMHisEaJc2z3ET+da7WwEmUxbgGO4tu2jIPHGAP4umR0/wAP/wBqzRrPSNM0rxDoUsUdnEYjfac4csrHIaSN2BBBAzkZHOcFefcdD8f/AAn8bu6watpM090CDb6giWc6s3IzK4QZQY3bTj3xX0+XcT0nBQjWpuzUrSdpSvyNr3tb9lzO73emngZjwbK3O6Uk2km43fLrG1mno0tXo029rXZ8oaxa3MEVnNJG5UX0LRupDKV28O2OOR7Hk8bhzWo8iSO7SlSUbGGwCDxkLkYxwMnsfWvrPxB8IfDOp6dHd2FxJa4mhkhe2lW5tGdWA3YQnCgEFTnBUAMCOK4PWfg3rS/aDY2y6rApDi5hASbBAbmNFwGJAOBjJz25r6HD51h6kpSqySc0lF/Z0Ss7p6eV30ta70+Sx3C+KhSSoX91ybXd3i9E2nfXZ2v20Z4V5McoQhY+u4kc9WBUAAHkA5XI4G7jiuXsrZm8Tawu8hhDbuFDFdwwWYFsDJwG9eAOpIWvUb7whf6c3kyxXFrKrgtFPGyqm0Z2mRAAOMjAK4APUEZ4pNOubTxHqM9xA3kT2kCx3EbBkZhuBJ6g/jjP3uhFevDE061TCyp1INKpFvWO6S32tfTfVHyc8uxuGhjIVcPVTdDlTs7O0orotUk+bvsne6NO1vbyBwsUsiRhsmOTdIhAxkKGzkHjnH55Nc14zsbHV7S2M9laNK+owpM/khZWjJ6CQKGYcjIyvOTuBGK7JBEVSOJ0LNGV2su1s84GSOQ2SAec99x4XA8SWwS0siEKkXkABLMQ2S2dvUHgnPAOeMcg12YqFLEU6lOtRp1VbmvKKkr3V+mnl5Wt3fi4L6xgcVSq069Sk1JWUZTT01tpLuvx9UcrqHwd8P3sTz6Te3OlzMu5Ru8yFmC87gMsFJyMH8DkLnznVfhT4z0pfNtEj1a2U532zAShQepVsMCQNwwPTgGvo6IyBf8AWbAFzuVsE4wSCCAD1GBz9Ota8N7cKAH+dQcAKpVgvcggD8OTnrn1+fxXCGT4xpui8PNxWtP3by0abT6aa3Xlsj7LCcdZ7gOT968RTjy3Vb3rx0uua6klrdO/yPhdxdWdxNb39vdW0sbbHEqlPLb7nJP0HfnsCTWhZahJaMJrW6kt5e1xaTSRSpggg5jIwSQT1Ayeh6V9Oafp1leax4gk1HT7a+t5LlPMSeMPKinghSQSpP8Ae4yNowSpqS++FPw/1eQGCC60GZkZt9pI00W8ng7WbAx1IxyT3OK+KxnAWJUZVcFXhUjG6VNylGdlJa6JRdtX5u3ofoWB8S8DzRpY6lKjUcacpTguaHvxhLo0+vVS0tqzgfC3x6+JnhR7Z7PxTdXsFpIHhtNTkkuowqkHZ+9ZyucfN7AjPTH3v4L/AOCjs+q+E7Pwf8UvDQu7TTlcaVe6dNMVtZGJPnNbsfLBQ/PwBg8+w/O7xf8ACbVPDbQTabqkOsWtxMYoV2COcNgcSZwhz03E9gx6ZPnN1aarpuUvtLvbXlv3rRyGMAcbjIBgryBknuRjpj4vHZRmGDrRlisJUlKi01UlDn5WnFJqbTsraauzW73Pvcv4iyzMaUXhsZTkqity8yhJv3brldm3u3o/Xdn7UweOvgn8XNNt1iv9IvNTk3yqkpTT9SS4ZMIrMyx72BwcjcWPHY489s/glYPHdNZ311Z3Qv5XkeXE9oyMxKsJAGySMKwO4MQOoNfkra38lu4uLWea3uIyWimtpnhlV1BKlGVwwIbB4PGeCeles+C/2gvij4QQpY+JLu7tnmDPb6kWugyqeELSknJHyqBgcAYPb08DxC8JOj7SlKMoKylGySjaOjjpa99fTeyRx4/h3C5lGrZ05upFLbl7Wd4vR30u1pre5913vwz1+21AxW8cOoFCzM8K+W8kajHyFgA2euFzgkleSCeN8Q6HeWMmmJf2d3ayR65pcirNC21R9phGfMC9xn0K4z2xWV4N/bRt5HtrTxjoKxSxH95qOm7ZGAJALFXAK4yWwvU8jAzX1HYfFj4W+PdKuG03XNMur6WBX/s/VhFDLFJCdytGJyFMxOCmwhgemCFr7GjxLhsbQnQjVpqU7K85cjT91u11Zu99t1e9+v53jOBJ4TEwxVFVF7N3cIvmhJS5Ve610vbXa7Wmqfe/FfzNP8G+GNb04RLqWj61pd3biLLidQsfmJtUEbiM7gORg7eK9s+EnxH8L2fxi8I694r0+3vvCWu6Fc+GfESiJLqGKe/i+0yJdwSh0EUzkxOzKGRSxBzxWraaR4M8Z/Ce4tb2D7O8Vjp+o6Ne2rrNDJf27RLPHNcRnMAJVsjcAykDByN3g914Z1XwX4u1O+0LT/t2ntZafqmo6QymTYjoIpr+0TJDK65JKjKglunB4c59ln2FqYRr2bpcj9omuWSio2cZJvWWl/NbLptkmHrcO4+ni5J1IYj3JU2tac5qKd4uztorNXvbe+j+PPjZ8C9N13xN4t8SfD3TIfDWl3njfWodH8OpIXsLmxhuJdpsnc4jMxG6KLhV3YAJGB8S6jZGyur/AEu5t5La+sZpluLK4XZPA0ZO4bSAQvBdSAQR7df1q1Ex6loVpc2xbyI/Fk95bKPlEQaTLJ8g+Xy24Kf3sEknk+W/Ez4UeF/GXh6+1pbJLXxU2oNDaatCCpYcKsd0BxIhyNzNnrnqa+exnDUa1GnPBWVSnCKlGV7VZRSVk1u2090l101Pr8PxNGliZwxd/YzqK1TrTulypxVuaKdno20mtWkfnT4R8Y+J/h/rNt4l8LX89hcwyASlWYW93Du+e2u4PuSI65U7geCeRnI/T74R/Gjwd8aLEaZNJF4X8cOIkuNNaVRbamwG157MvhWZyd2wFmBIABBJr82/EngvxH4SmubPWdOeOC3unV71EZrN1Y5Uq4BKFwSQCwJA6ZxXLQreaXeRanpV1cWd3ZSpcWtxbO8NxA6YZZYZEKtgEYIzjGQTg18/hMTi8qrOm1KDT/e0pppOzs3FpWaevZLW17H0lfD4PNKEZe5V5o3p1Y2ulZdFq4vd6X17s/VvxX4Z1LRxq+hSIsiHUbS9V3g/cPGZF3ncRgMoOG5yDgjPFc94h+FVvfXOr694fu5tF8SaTp0V1pt9bSMksUqLv2K6Eb0YYGCcFTgEg7a4f4H/ALU+n+IYIfBPxguI7e5mT7Np/i94g0czBQkMGoAgBJC2396CDnliD1+mptM1TR4tZaHbrGl6jYeZYX9swcSRmNvL2OhKtEEJyAxzjBxktX2OEx+FzCEoVEk+WyjLRq1knHro733tp2Pjsbl+Ky9xlRk5QUlLmivhV1e66xd9U01ZtNao8l+HnxivIvDln4I+KsQ0y+v9SN9o/iKYFbTUpTcKnlXEmAkczlSN5IDnLZJr3r4i+DW1C1GsaQtzb69pmoaXeaLrWkSmDVLGZVVo7qzu7cq3yyKrAh2ZgSCuCa8X8S+C9D8V/DHSra/lVWinVSyorTRTqzMXRwMxyKwDfIQpPJOAucj4efEbxJ8IYbnQfG73/iXwhPq+nLYa3KWkvdEtVfahkLZ32wB5PzYwxXCrkzXwsfYypVEq9CacHZRcoppWjNa2S6Oz9Qw+KqxqqrTbp1I+/HpCo04q8Xa6bs21e3SO7S/oL/4J+f8ABXWaxvdJ/Z3/AGxrv7FfWlxb6H4N+MV4WRLrAENpp/itmUBZiMR/bS2SRmRx2/owheC6tba/tJoL6yvoI7qx1GzkW4sry2mUSR3FvMhaOaN1KujISBnOOtfwjfE3wZ4Z+I2la5rmhXdpqNhdNZ3NrfWhVmS4ZFJ3NGN6HJG8ONysMkBgBX3B+wT/AMFQ/iD+xvrGj/BT9o+TVvHHwF1B7e10LxDLI95rngFJyI0mjuJGkkvNHjLAyQsWeFAdqcE1+Z55wxVw3NicGnOg7vlhrKOvZXWmm+nTbQ/Rcqz+liUqWKlyVdItvRStZOydrp9NfVd/63ShU4VASAMMVzgk8/Nk8/e4GDyMDaTUhjBXgHPy47nOTnA5BPcEg9z1rM8HeLvCPxH8KaN47+H/AIj0zxb4O8RWqXuka9pNwlxbTwzKrpG5iZvJuI1IWWGQrJHIpyg4rd8pk3Hg4JA5698gHnPp2xwB8or41KS0+1HTVKLumlra6V3q7r11Wv06ceVNNPZ306cttraXv331WpWVBguMqRkEADOegxnI5GF55AJHTNLsIJPfAwQAct0LY9D3A4JHRs1OqgEDI4xuCkAqSTj7xyMg4HTuOepTGGzjIx0x90Eg55HUnHXhh97BwKbvHdWvb+9/Lf8Arbr1ZDbvpb4VZNLb3XZ36aK3Rra19a+1gSeSGXuCcDkEHHUkdAcZ747KCQGKnBPcjkEde5YHAP3s8jOR0qQ4BwxzzyMkk5Jz7nIz9DgcHBoJCEEL8oyeTySflAIAYA55wBjp6ZM3elkk9Gr7K1kk9eW7ezWl9W3bVXcVzN7W09LO+7T2vezb1dupWIYEHO0HJGCTwRtI+b1OQOwOR0PCMmSMD5hgYJ5HXdjOOF4znGDn/Zq1nLKCDxkDcchhw2CxOAeCMk/MMqOuKaVBDAEDIGCR93nOS3U5HUY4/HIFOVl0a6LW9uWz31TUd3ZrZa3Qe1m9OVadNW9o2/4fS9+zKhGSRknBHOenOeSOQB0AJ547EmnMmexzkDIwMgDHy474xnpwST6VKVCFgd2AQRyTznsTyRuxwB1yPXDCAGweCR/j+pGAAOeo64q1aVpXtfXq3ay691q3r691pC8tdUrdFrrba17b6tO9m1vqNwB7nkAA88cjnOFI5z0HPvguAH8QySCTn5snHP0yT3OMk+uKbgZGRk+i9Np5b04OANxAJ7HB201chhgYYnqcjG3IAyOwx3I5AzyDlKN+q+/XW36/8DoTyaJ3VtG73vG3Kt1ZpdG7J901qWSnGdo+73JyTxnpnAxznB6dDSeWAFYjjqRk7u2ckdTnGBk44ORmnA4KKXIZge/HXkjgr379c5wTmpCCflOBtyCTu4JHBA7nHOTkjjnA5RFmuvu6328k2r99k1v16EBRSgxwDjIPPIIwcZJB4JJ9QOpzUTJ6Z65GOTkEjr0UDJ6dR1IO7Nny8ZIwV56EjJHJ6YPOBknj1Ho0gZ5IGeRyCfwGRngkDGOnp1pXtZWt/wANpbrb0a38hbvRSlrtf0Xbps7fLzqshA+UjdggZ44z7du3r+tIVYZG0rj5R0PPbAODn0BHH8XNWW4yCQMDIPU5GT3OTnjOB6dO0bH7hDDJ3fXljyRz06bjjj1J5ak+rfovlv0tp07v5pNrpvpdrvZ+hWKgliQQSy4J56HkNkkZzxkrwBx2BDHuHQfKQcnHJLH09MZyc9cZ4qTO7aQcjtgcZYgEjbnOD144JGcU4hipAxk7QQCQAc8dehPzHj1OcrRq/nu991HotrtbWtq99WUpNaLRrZu/ZKzs2lZXb3tdjPIUKeck8gHONx4wevfByeOBkk0vljAIfnqcnrjpjP6E9MkHpVgqpxx93ryDkjjHc56nH8+lN2KMgAE4J+UgH5s5LY78jjGfXHJqbvu9Plva6W219uxak7W0Wiv9yatbZK9rtX9VdqJYsEHgt065YgZAOeCc59QM/jSPGpyQSwUlgF5OenfuMAkgnGAMkDFTMgGASWwMZBA/75PHXg84wR36VGi7vlAySo3MVKjbnBwTxkLkndtzgE8jkSa5ddHbVy84q6vZbNddLXtfQmXT3uie/dpLrfz7q/8AeRFtAAJJBGOR09BwcAcAA+vHBOcqsYwOCPlIfJX5umASCTwRxgDnvU4VcEqOoJJ6/dwuSPbHYAd+4pQgy3TqGwQM859sEAcYI6denNczWl+ltFunbVq/zX6ERc1bd6WfXXReS8vh3atayKojDOcKPlGB8uOqnJyAOcdD0G3B4BAmERJ/2iMk5HY8cE4HYZJH1zUxUEAkY5Jzng/oDnoAc8dOnRoBJyPlIyMkcHJPOC3Bxzkjg4I9afvaPvu0ttI3dr+Wi/zQ7y6tr10007Wb111vrfsR7SowT8xzgHuSAMdycd++BjJB4TbgEHJYcE5BBB9ATjgdOp4J707ymJB3fMckkgjIA9Om4dBwPYAjNO8oNnkkja3P128AAdACccL7jgUKTvre23mnotb2X3rdibfSWvz8r9vS/pp3jHBIbABGBxkAnGc5GccED3NR5DPgHkeuMDaGGAehbPfschuRxJsckHgD5j2OcBjnJ9cdQOOucCo1UhQAoC7jkepJy2d3YDnA+UgHAwapPtfVq6u/J/dtps9Lb66xk7dG3a22mqim5brV9br0Yxj8oIyxAIHC8bick9+eM5PPBHINRgAYJ6Ddg7QMdckY7H14yfY5qyU5II5DdgMEAZ6AAY4OOCT6+qfL3Q7sg/m2ARggAjJGMHrk9CRLk01FPVWd7+jWvnrrbXsWlokn72l3p1a+fdXS0ttq2VdmQcEsMqSM5IBJyeeq8/kc4xULBQSADgHBbvwAfvdeM8dcdhzWg655X745JKrjkjnAJ+mec84wcVVfgcDJyVznBBP3h2HPA7bTnnoBcJtaNdtbdLRX32tv5eYm9tHp5PTT4vn9+tulivhW55GRkHoMg4Ibjt3H04poJZRuJJJAODjPPQAYJIOM4GRnB5wan2AcHHUjJyBwPUHJGBxnqFB6UgQMNuQTknPIOfpjHQ8d8dR0pucG9bNO91da+9Frba1te+rd7WHLXZ22vdb3s7W2VtFo1tbyUYbPBbPBA684PGc46Hp05HJ6Ux254JLHaAQRleGznseDkdhzxxgzGP7uCMEZbOAQ3944znIwOy9MjhRUITAwcEknccbe5K7QuFIJ7EDBzwQKXNfZW26XtdLT9fnfXWzTeivppa97/clZ+W+6tbo0huAvJU5U4HG0HdycDGMZJPzDaMGgYAXqRhmIIyfQZIwRyc+p56jFSDCsBgMxHfOVOOWJzyWGOADk8emQFSACpxlQf4cMBwSM+pOeT09ad09LLS219fXXT1Xbvcppu2+tnfW2yut0lfX713ZGApAJ5UMdoA68Yyc4IxxkehODxTGjVuDj3zjqCCASW7qcjuAMHGRUoOeARk889gARk+ucnI65U7sZBpAo6YGSSdx4IJGDk+3XGDjgAY4oTjDpr0k+ystV19Nt76CSV73VnbbXayt5Xvrfvre2kJVfk3Z43Dv1OMdMHIHfrwDk9QIo2ngjGSDkjgHPGD14HUcZPoak8skrgZPI+blQpIx8pPT1OMnGAetIEGVwQMh+Pug4ySMZ4zyR3bPTtWiqJ62du+3ZrS/r9z6MbVtuy1torpX19F2vq1uRbFIPHoevXcck+2cjpg4xnJ5qMpnc2MAkA84Y4GTj169R06ZFWCckYA5HLf3QCcc8ZJIyB1HU9TTQhLDnaxBAJ5O7gkj8Bxgn+Ic9xTsmnq99Ldlpe2m7bXls7InSUuqb+5WtfW7v9ntdtPQaUUICUJB5BOQxwQOADg45JOcZG0+0YQfM23BILfLzgYGep6AcnIwT2OamIb5SRkkgZPQY+uCAcdAOec4BOYyMuMsApDDBJGcDk4549yB26dz2itZ7723t8N7Py0tte3nqWs7KV3pppG+sWtV3XVa6d3cXaMbuo/h7AZPLA8Y444GcEk8j5kYICOMkAAjIA6HOe/IH3QM9Bt7BMMABkYycYO7IAwQN2TnkdugwTyaVkOC20ktznPGfUnJ4OcjPuO+BSkv5rPRvytuo+vr562VzmktLK2iV7t6NXXo2n87W+EaVB3ADockZCn5SDg89jkZ4GOSQRxGVALdOSHGOTgdu+SM84JxyBjOKfjqAOTkdRjAJPB6nBbDcHuByTTWTJUZAOCoAGABk45HXBB465Iz3w5O2ik3qutusdWvLT5eqEk3JOSbSskr2/lt5XV29LO276OEpuAwCeOeecE8d/wAwAMnjntWlyVK984+bGFGCeSM8Ej1+vfNkhhgFlBbueRhfxyCMflg+lREAE7mVgf5gHk4656c5A5zycFJ2taT2uutnpsk9Gr67avuUtenbonpono3pto/W+1lVMY+VlwuAoIHBGBnjPIweMgkMf9k8uZCrE5PAIAPQED+XvkZ4zzUxx8oJGSB05IHBAyAe4H8WMYJyTioip+YdSTjnuemT/dHf34wcYxcJK91pfz0T0vumrb7fe9R8rstGk7XV9NWum97aq/muzTdowc5GQCcEAZ69PUc+gX2NHHX1DEc5wPUDoDnqMj6kYw9Yzkk4PXjk9wVwSB2wRj8T0FKygdV7Hg55JIOfwIyMdx0/ho5mur3bd9ulvu1e1luCS0utd2lbR6Ls+9+2mzRGQgHTHyrySOSfp1xyMnufvDBNKFUg5XA+UKuRgDuTz1P8RHHHHB5XYD/dIU5z05HU4wQOCCcnHTjvT2C5JIBzwMdMd847YPcE9MimrXSu16JO7Vnfy8r23adtQsopNJPb0butnvun9/qRNGGJBxnIHcAY7++DjbjjPXpzEUPyqNx+Y5GeAMc4AOMnuOOuOKuMNxAO3n5umMZGDuAB6jr1xjsSaYyBsAkAqCTgYOR0PXnPGFIIJ9TxVp213St0WluXVXWlrt+aW3QlSUt4X20er1cbPpdK979k7261didST1CgA5HVs5AznGd2cdjg8ipVQkll2hc8DJ3YTPPHOckkAHoPWpBDwTg9VYgdDngg9MEgfRSfflzR/Lg4AAPAU+mcAjBIG04IySMgYwMNTi203G99NFdvRqy7K/pu/Im0Ve6WjWnR6rR77Xdlrff0jCgAH5gMHOeDkHA/L+fParSKAAQB2yCOCMDqBkAcnvkjnrmo0UcAEEgKRnpjLDuRyCDkdxg4OMVbUrn5SPmDE4xg8D35JxgevX6Ddlrd73tte0eu/Xfppv02SbSXRWtpvZxastdvJ2Vm+miqAAO4IHU4YdgMAZPJ459yCBgJt5IJPPQjg5HXPToDjBJzwPmJOQEbeAAFG737nGDnngcY7jHfCnDZHXCg424LA7sjJbHAAHJ4z0xzXO2ovX7WmitfRWaeiir2voum1kyXFp3ik0ktH3ul8+r16ddLqIhCSQDjaeGOfYe2c8/lVeRiScEcqowB09zu6euBgZXIA61eVB8wAADYAXggbeeOTxj5QfXOfSq7INxPB2gHJ2g7iBx1BOTgjnsVzkNm4yi2m7PTT4ZK1l01+dtduoKN07xtJWsn1XuvXd200afTTTaIFTnI3AkEsRjoMYwBjJHTnjggA8U0qC2QQSqgkcYIBODj7oI698YHAxkSAAKQu7CgjHGMlieTnccdfU8cEA01iBltvO0cgZHpg9i3TI5wT/smklvfRKSldaKysrNJtqyi7b62u0Pks9Fo3fVKyty362TttZf5j7YKb2zx/wA/ltxxnPmpk8HI4+XgAfNzyMH+Wj/gtnJG37YPix2YKsHhXw+TxlQfIiJDc4AZj14xnqMYr+pyxH+nWKkYJvbYk57GVRjIAz1weMcY5r+VL/gsw4uv2x/HFu4ZhN/wjmlyKG/5Yf2dHKQDnKqT3weMkZxmvZyaSWPpuWqVOT6rdxVm+vn0d2noc+Lpc9KSvZOKXnq0/Lora69Gfip8XvFOixeBdc0xLyCbVb/ScRQxbsBQBvV5MlE2qMnPOQeC26vmX9nr9rnx58BPAHjf4f8Awgs5Lr4i/E7WrSy03VrUSTz6NaiM2jfZ7ZS3m3s8rAW5IIRyCDxX0f8AGJ/Dum+G9W0+zsLQzW2nzh8xK0is3fzhyck88gYOTg7q9G/4JP8Awz+FkGrfEP49/FSy0m10j4dpbvHqWsCL7Fp2Ixcm6tkmBEl823bEoy24jClgMe/j6lSbpq/KqsdOW75IWTab2V7q97dbaWt5FClF1Go801SSbTbfM7R5UnBWWrtZvZ3R9c/sZ/sQ2PwN8O69+1r+1HqsX/Ca31i3iGe48RTrLJoscv8ApcssklyzNLrNxnasasWjLbUGDXkOva/8Sv8AgqF8YF8L6E+reD/2VfBOswrqV7AZII/EUdq2ClxIu1Lq5vVVvKiJcRRtkgHGKnxh+MHxW/4KefGy0+Ffwwk1Hwl+zd4R1mOHWNUj82C11SzSbabm+dQqTXV0oxa2u47UO5tpwF/ZX4c/DLwL8Cvh9YfDfwHpkemaVol5YRSPGqLNqF4yL599dygBpppmUsS5OAcAiuOlSlNRSX7lP4vd99p8z+LdK129npoiqtX2a95x9rKKS7QSs3pq9lbRW306m58J/BvhX4e6Z4R8EeCtGt9E8M+GryXTdNsbVBEGW3i2tdTlVUy3EzAtJI4Ls5PzHFZ37XLyf8M3eIYwr4udftLdVHJYiYOQxyWJCpn1wPpj0bwsDJqFlckBd+vXSALkYVkboDx+OCQSM8cnxD9sjWooPgbpmjwahDFf6l8Q0s1tWYGSRY4biVgVJZ2jG0guBhfXBLH1KLUK1OGsU6iil3cuW1raNWtZO2mreqPKqzk4VJJt+5O9r63itUvTt2v6/wAsGuePvC2j/FT4lG4v5meXX541AtZ3OYgFZPlTAZSCqkcYHtgeffFX4laDrXgjWNN02DU5JrhEVZDZzJCPLcFizuoABwfvEYIGOnPpEllb33jPxzcy2dsZm8R3rE+SrPvaVkPzEZ7Z4JJHPIORzvxOsFt/h/rhigRCLZmwsSxkDzFGQwBx3ZSPXPAOa/e40sRPJZSVany/U22lTblFezV1zOVrrTVJrTTbT+cqzwsM+5nRqyqLFxim6qST9pHVQ5Lq29m/xavd+HvxWtdN8N6PbLoGv3k1vpNtCTFEqwuQoB2swwRx2PGe33T1l38XL+5Eaw+BtaO+JlVn8pdoAIOfusRnLZxnbgn5aqeA4R/wi3h9m2qp0u2AdggDK0Y+UlsYK5GSOD0PABHYPHanaBKqEJIPmnUZwhIyFbLdAAM8ZXOMEV14bCYh4ai3jbRVGnZQp09Lxhve721W+i72ODFYii8RUlDBK/tnFt1J6++tdLNK+6s9XbVngvwz8ZeJbC31uPSvCLXgl1+7mlnurrYIHdj+6Kq6kkZ49OgznNe0x+PPiu4BtfD2iWYZl2m6u52RWBPzMo6g4xyPmz3yufN/hZNbwweJ2mu4Yl/4SC6O0yJg4k5PzOCxA6ghjtJ55BHsH9raREYvM1W0ZS6/KZI8Akk7QMlgoGQckgkjPSvNwGBc8BRc8bVgpOWkZ0opWqNW1jdvRvR2f3nfjcZKGMqRp4Kk0uROclOTbcKervK3f4Um7PbQpfBT41fGnwf418eXHhXUNC07VpL63k1aWbzJbaSQIAhghPykINv3lIJBwVJFe+N+0p+1VfXF0Z/iTp8EFxId8EFhGyKCclQGGGVvQkKRtBJwDXxr8O9f0eHx58SnmvYoo5b+AQyEr5cw2ov7sA/MBgkYx/I17MfFvhyJwBqcbbEOQkLNkk5DDAb2BPzHocAZNePR4WyXMI/WMavrFVVq0bzrNXtVcVomrXilfu9fM76vEOZ4GSo4SEaMHSpSfLRjduVODvd9rWV/Q534hfET4s+KviX4JPifx7Lc6iLS4+x3trp1tAdOWJSVW2VflTOG5JC59+vZ3F18QdUi8m/+LPiySA5UxR3jQwspckt5Kv5ZLAHAxzxnPQ+AeMvFmln4jeDbxftdxDHaXoIS2kEkpIwURcEtjBYgnavAJAr0KLx5Z+Tvh8P67IdxxvtwAcMe7AE5zkcjkHkdK68Fw9kd8RTnQpzp0K/JCnJzmlH2dKVra3959L3d7syxOcZxJYaqqsoSqUOepK0Yc0vaON9rq8V9l2tvbc474saTdpo2mLeeL/E2qI2v2MQgvL6U2sMjTxqJYY9zKkig7lZfm3ZPQNjqF+Gfh24GLi98QXDS7N5l1W7ZGJUFivz55GVwOpGQD1rzb4qeLJJtF0cnQdUtYxr9jIJJzGquVnQsqc8sQFyDwvOSWxXrVj4t1OcRGPwneDKIU86e3RCPLG0rmQ8sT/CSSeuScHtweCyqlmOLw9PD04040sNJRUJuzalrZK2qtq92mtNWY4nFZlVwWEqSrTTlVr885TV2r0rPRq7VnZrvqu3n/jv4feGNO8Ja9cQ2Fy80FkWinnvJpGQoxUEIzkZCjGTjnjrXTeEfBnhebwx4fml0azkkudKt3uJJUDu7mJCCc85JwDnjGKyPiNrWtSeEPEpm0FLaI2LB5XvImYDeQMIrscnjhcZzjrV/wlfeI5PCGgBYdAgQaVamL7TduJ9vlq2XVchcgjK5BB6jjJ6VHLo5nKKwsXBYKLS9hzK7qvVvl30s/uZy1KmYyy6LhiZc31qUW3VcPdVON4p8zb11aSvo9GbM/hHQ7e3u5ItC0wIkNwcC2iJGI3KlcjggAnI75OBnNeZ/BC1tpNC1ycWNtuj1+7SMyQLJhElZVUZU7cDkcjv8vPPo8mp+IJbO6ik1HwrAPJuQR507zEGN1IQKpBbHCjBO7nvXlHwk1O4tPDurJB4i0mwDa5fCRJreWWV5fObe8ahThRn5CM5AodTBrM8ByYdwXssSmlCEb2jSs7Oy0e115W75+zxkssxUZYqV3Vw1m6kpOKu3bms7N2uvn6HvEFvKZGHkW0SLIqMUhRCSzjBG1fc89wMDAxXlHhxpI/HfxEijJOybTwSM7htjHK9gRwBt6kjGa2F1a/mvoIpPGpw9wo/0XS94YbuVX5ARyM4wBg8E9vJ7e4ji8aeOXutQ1i7JvbVA9jCYZJmEbAiWNCNm3jIye5/hJrfMMTBYrKnDDyXLiqlrqEeZOhKy91uy97+V283vGX4Wq8JmvPXlPmwsFdKbcf3tF/ajGN79muietrfS9vNOgVPOcuygKSVUAZBzzg8YPORznceTny3xVN5HxP8AAshmTBtr9nd5QFQ8gkuT8o5IyDkc9OlYtu8U06CPTvE04KARhriVM4yfmw2AwBz8uOSGzxzyviK3K+OfCCS6DqCK9veBYJ7uSSe4yWYjcW+TbgkqMZ25I9NsxxMpYany0VDlxeGafvNX9tSbS9zdrXS+nXoceAw3LiKvNVk0sLiE1on/AAtZazbVt1e2y6I+nW1a3UKZdUtE5YYNzD03cDlvp3J/GvLPi/qNlJ4QnMd/azuNT09mC3CMSiypuYhGOAB/F25xnFV4dKllji8nwWync5BnnZs8kZO9lHPOMAk5GAcfNyPxH0u8tvCN3cTeHbOyjF7ZRmRXBkbMiAqVyMbu/wDsngZyQ8yq13gMXanHldB3k1UtH3Y3teFk9ktk9n5Z5ZDDLMcLFVpyk60XFOdN6qytpO9/yuvl7FYa3oYtrdptXsVJht1IWcMwYRIMAKTkqRg5BbKle1aF94s8Nf2ZqMK6nHK76ddogjgdiC8LAHcqkYYnrgnnqCRjktL0HVhp1nLaaDoEaPbW7o0kKs43RgAnIwWIGewz+IrSu9L8QQaNq0txFolvENOuvlgtU8xf3Z7sGIxjCk5xnrgjBbGvDuShFL6u5N8s2laC+1zRWmiWj1adimsCsSoupLnWIV4+0jZyc4JKy5uqV9dGrW6PmfAPijRLfwnplvLdTGSOKcNHHazOGbzpSQrKh4I5yvyjhiQSDXe2vjjw6QogtNSmkRgP3dpMdzYOACyHHO3PuPwPkXw6g8VzeFdNOn3NjFbA3BzJbK0mPNcFSSnzYxnHI5AU9K9JsPDPipkVn1tYFkcu3kwRqcYOcMVBBPOADwcYbjFYYGONqYPBuMW4vDwStTTsuWNtZT22ttbd9jpxs8BSx2JhOSU41p3j7RvVSjayUNtlbyMD4Z+LUg1rx2tvo+o3TXOvGYrDD80CkDAl3A/Mck9BjnHWvRJfF160rhfDWptl8Au8aEbhk5DEdOhA5K9sg15N8KNAubjxP8SYX1m+jW21O3MkkLlDI7Z3End9TwBgjoc5r0RPCVuZ5Wm1PU5F3MVMl66cgkYyG+8eowx9VHrnlNLEzwlO0mnGtiLt8is1Vltfmvflbvpfp5mdVsBDGt1Lc0qWHkrKbvzUKTXwuPTa/bvt5b4g1LUpvibpM6aFOsh0G4RYJZow7KFz5hYNtAUfUqd2CA2K7zT9Y122aX/in7RAwBZ7i9i443bhsbleFOMeoAHOOH13RLOH4o6Daedetby6DcPJunlZyfuklixb5uCQMgj/AHga7A+HNFDNK63rF2Kruu5GHy/dyuRwcnOMZAGRgGurLqWMbxvJOyWNqRa54xX8Ok7pqE9dtVponr1481r4KnHL3KCqKWChKHuzdlzy6+0ilaOvwtq3Y4P4ratqs+naA10mkR7dftjHDbTtJIG3jb5gLkKoOMkZH0AyO9/4SLxI0Lf8TPw5Z7IoggWQvKuEUAjcTnAxkgnBOOc5rzz4raLptlo3heWzttkkviS0iLNJIzMhdQVbccnILZyc5xznr7lp/g3w0Y/n0qI7reFnklcsDlAxIBGBg5Bx09MVnhcNiqma5lD28ly08E7qrOPNenLdxgtVZ9Fp95eIxOEpZLlsoUI2lUxiinSjJx96nraU5JdNd9N3bTzzX9U1268Oav8Aa/EulPE2nXQa3gjVnk/dvnBwWBJzzn8mJNcpoNxqX9k2MI8ZQ24TT4AkENnG5iBRcAMVJyu7B7dM5yK9q8TaDoVt4Y1xLWxsVMWjXjB0VQwJiboeWBBPUEHBxzk55Pwpp+mjRdLYWdgsn9mWzlnSPc5ZFJJLLk5+pIJwcKNtdUsDUnm8Ye1kv9gvzKrV1bqLqpRb6reyabtszjljqcMp9oqELPHqNlRovVUVzNKcGu2ujs7abHNWNxKJFafxteuVddoj0xHBLNySNg/hPbAxjA5yOR0Uo2sa2G1vVmjOpkgQQFDLndukYrgo3AOOh9MHNe/QQ2TzI0EVm37xNxEadfQYGS3X891eY+ECh8QeKEYKudZfaVCjAUfLtDbRtHByQvQDjvy47L3QzPKKbqSbnLENylKpKyVODs+arJ2b1equtLM1yrHrEZVnFT2aiqKw6jaFGHNzVYxv7tKPRfLV2uW1sbCWTYr+JbwsyxybZpY1IIyCCdpHUAnkLnkbRXK63Y2lp8SJ7WPQtWuSugW5EBu5DMxYLl3csGIySSpPQntjP0TYBJJVlZgg80gsCqgnaeDgqOTjIwBgEfNjFcFqXlxfHG8QESf8UpByXypZtvPOcAHOew6ADvtj8ApYjLo3TdTHUU2obLllqruTv080ttzPLcdJ0MwqThaNPB1GlzNdafKm0o2S66K/Mvlxx0QT+QYPCN2iGQruuLuQ7irdeXznOMj07Y64fi/w5NZXXhWV/DtoguNXaLZ50jNMxidgrE8KOp4P8PU8V79OSJoIEl2jzQ3UEZbbkA8nIPPY4PGMZrkfHoEt/wCEArZFt4gUktgD/j2lO0kcDnqGIJU/QHozjLKdHB1XzuUnXw8GuWmtZVqN0rxafKr6+r2JyTNalfGQjKklH2deWkqjXu0ZXV3P8k2lrZbLj4vD168Z26DotszO2BIrSOVB6njr64bPbnNVr3Rdas9Nv5Ta6JDFFZyM3l2qmXYQBlCw4PbIBYkE9Tx6TFcorkhHMeXG4H5Q2eRzwwBPTkdevIrK8Ry+domrAbgosHGSAN2doUkoTwOc8ngZyO3bVybDRwtaft6icaNRpLlglaF9oRSs7dWr6rVWt51HOa08VQh7GilOtCFvebac4xunKbdlvvr56n6Qf8EdLS7uPiR8Q5Jrb7RbjwFJEFDNEhaRdyuUTjepAwcE88etfmP+0Z4u1zwv+0L8WLSfRTeadD4y1dQ0UcjyxL5xDbmQHJUEkO+ASBwGUZ/Vz/gjmgt/iT4ysw5LXfgqNgqkgAAhSR1yRnvz096+HP2otCg0z9pz4yWiKsufEuoSMsmdpM8pJOACCSQRzxjJ7ZH5vkOHrVONMThsLjXhKn1CjONblVRScVT92cJWum2r3s+Wx+m8V4nC0uBsNjMbhI4yksdKEqMqkoNe9ZctSN3CSs0mk13R8i6b8S/C+qTLFLetp05Uq0V2vlZIPCByFAOOOSeOeTg11+mXcUus6i9vLHNC1hAUkhdZBhuchlJBwO+eME8AZpuqfD3wtrMZS+0u1jnZSN8C+VyCcAlFDHjkMeO55xjx+f4U+JNM1rUpPBviaWH7Hb2zLZ3LuY2WXPyIoypUEYGSMHkdcV+h4yef4KWE+tYehmNNYqLjUwV4VZckJXUsPP3W+Wz92fofkmWR4czOGKlhMXiMrqywslKnjkqlCClOmrxxFJcyXM0vfpJ2d7vU9j1fwt4e8QKY9Y060vGkVSJSi+YcEnG9RkdeDnjnB7ny+T4XXmmatqsvg7xLeaE0MFrLHaOxms2yW/dMhyVGeATuAzycdKKeNPH/AITmMfifwxJfWqDZ9rtE3MV7OFTKjgFlBI6HIJ5rqNB+JPhbWdTv5EvG06a5gsk8i+Pl5kUnKZOExyQAWPGcEnNZYmtw/mVXCxq0pZfjYYiLqe0pzwOJj7krWqpx5rScVeM2rq/U9LAYfiLKqOLnQrRzPBPD2pxpzhj8LN+1p70f3kYvl5tJwjJLro7Y/wDwm3jnwxKIPFmhrq1iGBfUtMyJSoI+YxY2+rc5445rY8LfEbwlqE2owR6pHZ3M+otPFb32YpEVlUbWaQqoIxg4IxgADFdzKi3IBiMc0JCtuYpLERnONwJHlkEHgk4GcYNeYS+BPDOv6hrkGoaXb7knV1lth9nljJj5ZHQg5Jw3Bxu4zgcddanm+Ar4SpgMyjj4KpONPD498zUZU7ySxVNc2sV7spxbtu9TkpVsgzHD4+jmOV1MtqclOdbEZcvZpuNamk3hardJ+/LVQnBW0ilsesmTzJBNDtmiKDayMGRt/wDd2kqeuTtIIxnB5q7ZsySaiyp926jHGPvlF6Meceo46qOK8El8A+L/AA08d34J8UXEkKMGGnak/nRkZG2MCQlQAABkYx68VYsPiz4k0G61C28Z+D7lE+1os2oaWrzxqyIMM+0BADgNxjAJ7YB6J8SvD4zBzzTA18udOpNOrb2+GlKVPlvGvS1jDW/vQjpo9Dhp8I0sRg8xp5LmOGzOdanStQv9XxcFGrTk1KjVcVJ2Vr05zu2lot/oFoNs0csbYZ0JkVgA+SDwVxjgDGBxgnrnAp6RDI2kxAsSwluggbI6TPk56HnjsAWrB0Txx4Y8UtFNpWqwGcLt+yyEQ3KMM7gUkKkkcqdg657HjptBSSTSYTICcyXeH28Y86Q8cHrzgE8AnPpX0FHMMNjMXhqtCtSrU3SqybpVIzi23St9r3Xo79dPU+aq5VisvwOKo4jD1MPUVbDxtODTslUurNR723tbqzw/9oFTH4Ltxlift8YB5KghVPBGDnhcg5HI654+dvhI27xhat8oJguAzFSeArg5z7DAJ47dOB9F/tDq8Xg+xCkYbUhxnG4hR1A7c4BHHQBcgivBvg7sj8ZWLzKu17S5wp7kq2MDHfhuAevrX4bx7KD4tdlzONDCLlVlpyq2tnq359dNGfv/AIcwn/qlStpF1sUpStoknTV29rXb22tc9503Q7Gz+JfgPZG6z3euWM8piYqrmW5QBiqjapwcYxg4Cjjr+6Hxq0e8m8F6G0t5cx2s/gzUraSAMSrRW0byxRuAcFfMAO0jP+yvUfilbkSfFL4bSKFAbWtOAwVAbZdRfKR6e4ycZIBAxX7ofGWSO88A6QIg+YfDGu7ueF228gwCCSACuRkDqCT6fP1nBQq3SjecFK9m18DUmlfW93sr2d30PuKUZJ0+V2tDmTWvMtG3r+L328j8f9Fhji8I+N8TgzM1kQjcPnABA3Y+VTnkDPTj5ga2L7VZLLVvhpcbcXFna22GILZIuY3XAII5IHc8DGQDk8tNp11b+HfGFyyyIIoNMkzuPIk2lWK+68Z55/Kr1wWvJfBuQxkj02KQyMTkotyoJBYZGApyVz255JERbknBWco3irL4o2ilpq3Jt6Nu2/Uc2k42vH3NLtNO+t7fzbO9rd+p61p8rSv8VJTtklv9C1G6myqgKDeowxyTkdyMnpjBO087oVrPNpnwl06R2FpqWuSCSNSQruLxQGdGIU4yFBGeR7Yq7o2sWem654n06YJIus+D9XEbjLFiJg6ld2fTPGduByQK6vSIY/7I+AE6opR9XvTITgFWS+DHe3Q4UDGDyCOnArh2krrR2SV3zQmoaJ9bWTvey08rPrpqXuK9mklJK+qk4u7d92r6+aWhfGkSWnif4+adCVCReHL5EDbc7I3j55I6jHGMn04BNPQtPu7KL9niSSQFLi+vBCC2RGfM2hUGTnk9DxkjHrWxHc/afG/x+n3jC+F9YmwCCpUXEaADn079Bg5OSKyWae1t/wBm2Xkg3UtxGNzYDG8hPTJAO1h90dsEDBA1hzSstG+RJddFSV31Vr2t53uJySs0uq30X8SKSs9d9u9kuiKniXQ9U0/wb+0PLNFLiLxxpry5IIQysZF3jqGIIO0/dHBwOubdaq0HjrwTJEkStP8AC4W5ULud3awkABU7ht+UnHPoT6d7481Rv+EN/aVjAb/TfHWiA5bKAsmfl55GASMY64PqOU1tLay8ffDFDaxLLe/DOAo524YmxkXfjpuHVhn6ZNKnaVNXeq503Z6L2VNq1rtX28klqau8XZcrfudFfVtdbr/gu1ugngqYve/AHcSzJea3DK+AQCTPwQOAQG9+2edtZHjGwgi+1y2zE7YvEjMScdbyM/LxkAZOBnBB4wcmtPwBeJBc/BWFkDXEXiDxMkuACAF+0FAp+gyewxjnFZnjWZ1s72VWCg6fqs7nHAF7fqFDcAgkA8DrgEjOcvmcZylonGEtkrfHNr5+ml3804K6i7dbdnF2gl0W7V3bbzP7Ef8AgktN5v7E2kqTzB4wvtvH963g9fXg59MdjX6FTKd+CBkNyDxyAOD6HoOvP4nH5v8A/BIKUT/sZspbPk+OLhAMYwWt7fgjjjHQ4GQO5zX6TSlSSgGDkHHcAgswPtgYyTlRjnG0nwItqpU6e87rrqo6p6Xtfvv0PtYK9Ci/ivCN33fKr6dene+9ygY9o6DJ4GeSMH5hnJA9zz2+8QKiZNpyMAHkfexx1BGcHOc4xt+hNWSBu7fKThiRkHPX/aUEADIO3JYnk0DBzlQSeGHQ5PJxjjkYwM4PYkitW7W1d07rV6J21T76XStp33tNrxtayT009L3s9XdWve/ZtFU7QvIOCG4yp544IzwDknngAHOAKQqGMeEYAk4AAxnA+8emc4zgdQBnnNTmJVCkfKA2eTjgDgHPJ+Y/gfY1GcEkhidnReOCcsSOh55BJyVJLehLjJvu0rb2bumr69la2+na12ZOLbtZrzjb066u6V/Vb3RAwB3cNkAnjHVvQDv0+uO+DUZ6nBOTtwNoyMZBJHJwQScAZzjPPFTlFBBUcEt2ALZPQAdASQOvGc9aYVBUchR83BKj5ucE4zxgg7hjnGCcnOkW30vbVLffbsr2dn3utSFDW6drWuu+sVZbvrfTs9dGnGFBYnLEjaM98H+EDPcDkDjvjtSgc5XAIBHXngDrk4wckgBSBxzjGH7dpXDdBlunP1bqTz8uOCDgU7aGyMhuSSccgDClc5Bz2DLwBjpjFO93fXR99dH317We3UrlVvi13W+y5dHpu7Nad77J2hZQcDGQMkZJyMA5GQcZ6ZxnIHfpQoxt6jIx0BXIJOR0AB7/AF9hUwXIC5+YBjz6c5APIA/AevXOVCHAI7KcDpjnnnJ5x6exwOlaKT3lHW3bzXnvftfV373mKemjsmktFvotFZO1tO1t7aDBheWP3ic88AYxjjsT6E47Y6UxSCG4I4UYHfjr24B4B7HOB0NSlBkdOGHHfaVGTjI9gTjuCCcDK+XkltqsTyfmY8gYA2kbeR68Z3ChSVmrdU9Et7q+717K3lbTY2SstbptLZapvffrZK+3RNEBQEMQOjgdSRlVIx2GM8ggdBnhqbjaCQCMHjC5GTk5PrzjK98c8HFWvLOQDgZYEYUABj14APqfXAznOKfhCcpkk7jjLdiAM5HI5IGCM9jkHNWfXV3vZbdO/p+JEk0u1tFZXTuoq77bPs7u/S5WUKBzwByxBwOhyMdcAgYA5IGDjNMdud2eAQGJPTPJ46EDGOORxnpT5Uxu+U9APmwODgt0PBOAQD1+7ioSQWI4UAH5Tn5SNw64Gc84DYwcYGRwJO2rT2767Wa3V1v0Tv3RHMoptNNtqOjaV3y2e2+r76eWhG+GOR142hg38IAA7gdCBnoM8DOS0hvl4J4zjjvxjI53ZGcDgdBxwZegyQBgYzzyTxjHGByCSxIXgA9RTdgGMY4O04HUY6Aemffn+bu9rPy2slpf0fTTt1Qc0p2VlvZtW8lza21s9OvyZXYkDBY7eWPP8TdgSRwOpzjGAceqFRyRydowc5y3OD04GNw4wCc55JBmYZ29AG47cccfqeByCR+NNEeOeCwGDkdzuOQCTj3OBnrz0p2Stptvt+St2++z0HZ8qtZ23vZxadk7W0dtmk2r7d0u1cgDGCo6jnjoR15PfnggHnmpyg5POOPbPGCARyDnjd2x0yKaAAAAhAAwMnPr0yODz82RkHPvS/wE5GBwwBzgMMgBeTg4xn6hh3p67v79725d99/K29vJSpSSb5IttO7fxN6J6vvrZ6KyXR6MEe0EkN94kgAHggLxz0JDeuAB2phjAQjHGQQOCCT1IHUAYxk88ADjNWD0OWDE4zzwMDgYzzg+mBkAngZIRkgfKcA8Y2nPzcjqBkE8DGeuOeC7Xbp06O3ZPpr9992VBOUU2nflTb63tqu19m72v1eulZY9uWyAADkDrluAMc5OQMEnPfHQUqxbduTxwQTzyDnnOSOw4zwMcE1YWIc8EDAAOcZ6nJx6Y4wMADGPQCY2AOvOSc5PJLAgnPGMdwc456ZBzXtsrWtG3fTbzffW/d6jcYx3e7189EtL6f092mQbVBBwS+SWIPUE8MRnAwfve3TlsloI3Da2Bg5PQcsMkZySAuMjnP1p0is25s8Ahfve/Un5eAck8gAdeai2txxnG7LYycjlcD1U9M8E9aW+63Wq07f16/MShHorLq/dtsrrptFK+mlrarZ7qeQRlcEEYGBnoD0JznOOnTg9aaIw2C/HXG0jkcgDBwRlgdoAGOc1Ltwc5xwpIPPvy2OT1wOxwT8uKUqQMlgQMHueASCB97BAxz/eJPSk+ayXVWte+2m9r79lpbW+gbJ21aS0dtb8r6+ru/XRaFRkXcBjlRuJXqWIHHBAAA4PPHthgVFsxbH8IxkAYwG/lnpkccejcXI1UtgsCWOAMYCgdAc885AzjPOScMalWMjJyqn5hg4OT2JJPbt0Jx/wIS5aK+6XVLV3tfdPv8n6ILJvZczS06dNdbLotLb6NtaFMW/JBbacYbOcdO+OgPB59QMel2KCMZyOmQpU7lO3A6Ekduozjt0xShBvxuBzgkYHdccnGOg4zzznjFWY4iCuU+6Pu7iePYjruPcnOOcjIznOslo9L2tZ21a5eu92k7d+92XSw0dJqPVb666a3SuvvSSfTVirGhQ+vYAAbQMkntyx7ccg8c0zYCwGONxLHuQO+eeD757VdSNSdqoSSMEgn5c5J9u3BIwcgAg4w8Q43Aj5SQPlxnAGAMbRjjOW6DpnJxXNKV/dbfmnfpZaer3fyfc7fY7OKS7vpe0d7tO7s2lq1tva1ZIiwBPVSQF5wAe2V7FucHBxz0xtnWFsMC2AAOwOcYIIPOQecehHOBwFClWZQCQWGOO205HJ5zycn2+7gNT8PkE/KwLKoOOSemeOvBPUr1J5wREm5K97Wttfunrdu7Vnbf3bbp61GKS2etvS7S+er3srK+i0uQiEgu2QVIzwRwQNrA5OcnOQRkDHTmmeWAm4EkZwRnB9geT26EZ7kngYsyY27S3ONp6hefcDt06ZIz/tVWz1AxkHBORznHTHTP65I4PRxk2le/TTTVK2t92rdb6XduiFKNrOOmmjWtttbbdvu8yJ1JPbkKOCAWGT17fXpkY6942UAOrcnaOB0Ock7umee2MZ5p7su7jH95iSD24A9foB7YximZ4ywGWUk888cZA4Bzu49CMHOcDpprljfXXllZvy7LRK+q1eltFfXlqSSbSd2tWm/Tbz8unoim5YE5IG4ZwACMcFc9NuGCgHk9PXIiIIyXYDcMYII+909PXI9uc9qttKmSMA54A4BAHB5x93PUZ54BPeqksqtjKg5JHJ5wegJJGOvXgcHoeu0ZttPl03t917vyW61t6XOZu6bd9r630em9teqT9UUpSNxyfmIHrxnIBPbC4zz07DtVMgZIUDggHIBwOPukAggdd3O35sVYkxgsyZPORkYKjOCOgzx39D16iAjg5GTgNxg4Pb0JOP4cZ428kHPVC7S5nfZJPXVuPvK99Otm79Oxyu93u3a+jdvS1rdH6rS9yJiQ2MAgZYDAGQVwQVxk+meoyRzu+VQw6kk5AyD1IByV+Ydux4GPY4oypLEsCSApHAXPb88nIAyMHGMUoT+DOcgrjIGc84HGefvbsEj6g1tyx0j5KTutZax2d/xS3bsrWYuZ7WtfTTya2T23XZa632ELgseRkY9MEklcLgHGdxByCO31RFY5YsMgENkcEA+jDsfqwHPGMlHUozY4IAPAz9089SxJ46d/wJqUDjLdSVPPGSDwB6cDkemeM5qZxjFLqpbPr02s7a3st3e632ak3sm9ldaduiTvfrbXr3vCBk5yBnqCfm4xg4GeCMjPUH60gOSwU5PDMTkHaMqvIGCSQRnGQPQYItMACcgcEHO3AbI+YDBAJ554/HpVchFIxwoACggHqCTg54wS3/AHyOc8U6c+ttktVbVe5tZvte9+rfmJwk7Pvsm7Nczu7q3+XTyQ1goCkgAgBupxubjtnB5+hOSM01kAUr0UYwR1GTzwO30yOfTGFYAMCeT0PIIwoOOBk9fwP84ixfI2kZG7P3c9wwHfA7A8qvHSri09f+3bWvva9+ln56XjrozKSs9r99bPVK/r21tsAULkqTnAXg5J6HpjBztyRt5x0BOaGUZ9eSMDoMDAXBwD19OB7YBQruyg6gozDoVPY9iccg9OQd3SpSu35hjBIx164ORjgZ6kn72e/prF8usdXZaWSWlrber6aX2ve0STSdlvZJ93pv97vddVoVSoDA7cEr0bGMcDH59uBwfQAIE45UkhjuwcfLgk9SffOBwG+XGCamIXdyR0VcAnDA4Yc9s+/5jBpu1gR8wY7d4xjvk4PbIHQZYdcjsW6ik0/h2vo77Lfz3Wt9UvUydJy1vLVK1raXaeyTb1Vne+l9xg5IUqQdowMYPPTPQEnBwRxn8BTwrc54YkLkngheM9eDnPJPTngHIYdxbrk4GeBknOccE/dOc5A/DvIRtzggZxj26ZOT68H168AU+aLbXNrb1s/dT1XRtrq97qz1U2lGNkua3LazcW/hWvpbvytNprqI+AOQ3GCMkcegP04we3TNQHIyC3ykFjgZwOOecgEDqAQc8jA4FlwWbIA4OMg4GPckjjsNvUZzx0rEAjqvBwBz7dcD1zkDkjA6VUb6WWttdv00s+912Mm5SklyttRSvbVp8uu2nveUX0au+UjcHABwwxz2JbgDAPAB44Bxn0NI2BvBUEcYyMAAZ4wPQHjjnv7vVC4YEAbSCSQCePmxzg7vl6ZJHXAOanFuQwx8ozyQcn24LYAOckZyOgXnIUqtrKd7q11pZ3UHo76dfNtavqbwpSa+B+9Z8ya1Wnd3jpp1+LVWStVIG0nBweh7nHUHHOfmHBx1+maxiypBAUnGCB3PY88jrx1XOeMVqNavgFcEA4IyQAD1xnnnIHrimvGCCBnjAzgckHnIBwMZ6H8BWcKra5nteyvo09Ekl57arpp2dPD/AA+61yrfpsr7du23e9zMaHBUsepyijABAHPPDMMgcZIO4ccA1EyFm2Nyx44YYxxjcRycjIAPQgjpg1pPDk5PODxycLzjAxwCByMkdQMDqIhCACxKgA7s4ODzkLxnOcnknGD6gYpVtOVO+isuiask1by6q2umtmV9X12lbRa3b05f0TWvfTZWrrHkZJZV3ZGTnK4wNvHJY4K4yOo45FKiKu4OhGDuwvTB6DkEdgevTk8nNTiLtgnbyCegB5IOTx/eY459c4BeqnDE8ANwBlQduAM5AI5HXPp0AxUuTfXS+kd20uXddfL4kmttbFwpWaXJrprpvotG721b0u3o0uiUSxDcAVYbsk5YHODkA8dAAO2TzxjGJREN27HzZIwOgAOOVPynGcdCM4wT1qZIiSWcnPDKoG4jn7uDxnjpyPxq4sBbO0DB2t0HJOCVJAHX1wdvYEcDCpUvdpyS72Vtlpa1tGlbRWVrI3UYpJWu+1r/AMq872+9dGzPMQKyFlYAYA544Oc9AeCM/eJBzjFSpCDgnjbzk7i3T3GST798ntmtoWYxnbuCdfm7nOcZ6nA5YHaQBnnmhoEBUjb0G7cdxA5YKDnJ6csCAOMcBay+stPlV7K931uuV6Ld3sn30NfYc6vyroldW1trortW66a7taWVCGDeAR93dgcjdkjgYyCFxgZPHXqc1tWtqGfaOAD/AHhj5hjPyk9sZxz3ANQQIuSi7QD6Doq5wMkcbcZ4OD1Pauitoo40LELkqGyGxyM4GT1+VtuAQOTnisq1ZyS0tft8l0+/b/MqlR5d4Wa1/wCGu36Xeq6LTWtdExQsI0yyg5PP9R+HY46gdK5mdg/OCGAUjOASeSe/3jnPOPwPA6+7wY2BO07Mrk4G3cDyBuGSPf3yeCeQuAoZ2DAZcnB6fLxnrjjP4rnjJBGuEerSTbbV3u1qtVqnt926296MQk1Zy6Wtpq/d1uvlb5J7sy5ArNkYAycgZG7PAznsSQeNxGeQvarIikgLnOcAEkAk9CDz8ozzyPxq85DKSRgthFztOM8lgoGeuBzyOM7eKqOqg7sDP3iDxkjA3DPTpnBGM8AZPPrQcmrPRxV9ElbSNujenN1d110PEq0VGXxKSdm07pq1uqV/nfZdDOnC4BDDAxkZY5O7GVzjGBjBGTjPAHAqNjJUtuK4H3eM8jrjII6N7nLHji7KVB2kZDHIHTHXrjgKfbpx6VVIHzHYwyCWGScZHykdOD0AB9+pBrojpGzUlqmul3onvb5rTdeSMLWXKk+9tf7qlfs7Xfre2i0qhAQqM3GcZ6A9Sc4ycYAHXA5AwCKXYACvclcksRxjg5yePz9uOkrMCFzj5ieoAGD1BwM4xyTwOx56LkqAQRkj5uhyeg7ccdsZ9B8tN6vS/wB6Wq62s07Ws9W11VzLdXuo2acrc0b6Juy3tzWtolf7FtSuUXnBCknAJ5549yehHQHJwuAc5FUksf4gMrjPA4Jzxjj+In2HA+64gMEYjrkjGeOOSw7fKc4zgcnsMtVTlD6/LkcHLdctjGWJ4yM4I5IORSd1prq9u+n/AAPUUVqrLm5ba9deWK0beil7zSXvX2JVPIYc9eT1HA4BwQWJwx5HOByc7ZUYYBxlgSMdAOBkge+PUD3wcVCEKEKMHLDOffk8gk49DnufU1IOrdQOOCBtx0xjtwcdegPHPKtfRaO+7b7q9++i+7sieZxjK/lpbzjfV6rVPTfa76E2QeSMFh64HB4OB/COMdiOe5p67VwSBxgHDEk45A7jJwcEdOjcg1CPlyeo5AB5xjPH97GCDgeh244pcKDhTnbgd+O/TIyTk5J5xgA8khtXS12tslbdWduvzu97RdmRe8lddm1a9/hetujTW9r22dleQkAbuc4OAcEgcgAjPr0xzjOSc5pqOVbIIXOVB4GCMdc+uRjJ6hmAxTCvTA43Y69BjOOAfTjOCW5Bz1fwxGV+VeckqACAByT2yCRgFgcnOeAJJJXaWqvfysr2/wCD6anTT1d9I8qikurtbu23ZLXX03uWSN6kBlz1JOOQpPAHQnnb37fdPFIoIPB3EY28DIyDkep4wPrxt5zT4gWJJX+EgABRnkjnuW6ZxjPvk5U5VnGec7s8HGRgjP8AwI/e6HPIFYSsm159F0W9l/wF0ta9jR3U4202V03ZNNJ7tX7aWfZs63wrg6vpZOf+QnZBvX/XJxnuT65OBjtX82//AAVFuIW/bb+KvmKzIkmiHGBw0emIw7Hq2MjO7GcV/SP4X+XV9KAAI/tWxAPB4M8ZXAznIGOp5OcjGc/zP/8ABUK5D/ttfF93kWGKK90USHGCSdLUAZPqV9+uD1wPh+L1LnwraV1QrK7vZa03urrZt3XW2u7Ppspi40Z22c6Ks7NpuSaTbVno9Hp89z5z/ae/0r9mXw9bi0eYXPinSM267gWSW1ErhgoGVYncwAzjC5BOD8o+H/GPw8+G1nZahdyG98SSxNEdAt0VZkiWPZHFKFHl2kLHa0kspVmABOetfXX7Td1JYfsxaXdwXcWniLW9HlOqXQXyrVTpBkBiUj5pSuCik4LgbuGxX4Qa9qPiXxjeR2PhmK9VdSuPs018WY6nrMruEEry4LQW5J4jDKoU84HB+Y8OcVDBcO4qUKXPiq2cY/kuneMfaRvJLr2i9ls9d/U4zpOtm2HVSbVKll2CUorSLk6UWldWs0nq2t3bQ9F+Kv7QV9qWoavpTXBvLc3M8tv4e0uSSLRrEM5KR6hcoQ93LHkCQEmM4JB7V47ofwv+Kfxpu4ri3sLh9MiYKu2F7PSbaMAsVij+RZnAydw3ZJ5znJ+r/gJ+ybFc+KtXuvGqrfWehRWck1gjExPfXMYlCTyHJfyxkupByflK4wK/Q+y0208PImmaBoIj020tmdTBbosalo2BwFXBGRtB4UdTmvoXiJ5g6kqlWUp05KCTvZu60WuyXay22baPJo5dKlGnamoU5WlyxjyvltHlb3v1d09Ulvofl74I/Zw8O6M18dekW61ext4rlRIu2Det1Eixhc7TtycqRjdk4I3Efrz4C8Q+CvhN4Lv7DUZInubldInis7cIzyIIsqqhQQuMgBSOAcnGQa+Ote8QabBfagWsYpriSwe1ngRB5qXDXkQ3t1AYEdsHJPTJWtTWHFi19qWrXS20c0diLSGdvMlIEakR20bEsckDhQfocYH0+SUKUJVpxlTSjTjslJp2Td76xV72vrd9jlzSlOFClFRk5KXNdKz1juuqjeyb3bu7HaeP/Ho8ReJ/HGpwwG2srzQ7eKG0dyXSMtEg3ckKSMblH3c59BX1xZ+OtG0DwN4NtNTv5o7m10eyTTvD2mqLnVtVdgC0awwFpY0bcAZJQqgZYtgAj82tRsPEmtrrmoQA+HtFv10/T47y+yLy5Uum+WGHaGSMKu4swHHc5Oex8TfHHwP8JbeXTfDl1c+IvFclnBby3h2X+rT3EcSD7PaTZkGn2e7IIiKyBRkDrnjzxUcbh/q1ZuFONXmTilGc9klH7STl9pJpra7VzPAKWHnKpF800uW71SS5d9Va1k3fzufc/in4h2GmeE/GOr+IjY+HLO48LzQ2fhnTp4o7mJ5gAt1r2p5DNNzva0jcnORt+Umvj67/AG2JfBvhKw8FfAzRYtY8Xz2CWmqeKZIzOltNIWO6F2Uu7qXwqj92COOwr5Hfw78XvjbHqus+ML+68P8AhTy5p4tK82SOGXJJjEq5Ely3IzJKOTjvxX0F8NfAfg34U+DrTU9VuLGyt1g+1XGq6kY45pSpJAjEhDttIOxUBc8YAzXzWWcM4aWNrVquHhTpuFOTnV+JxpxUU1zavTeUn5evpYjNakKFKMZ+0nCUklBrkUpuMnstbNL3VZNtd2efad8JfEnjnWJPHfxr1vUvE2uXEjXUOm3M7yQW7sDIFW3D+XFGpyNgwMZBAIxXaaH4w8IfC3wzd3uuXtpppudRumsdLt1ja9nSH5IkitUGQwAwrlRngFupryP4n/tUWtvb6jZ+B4oNPtHSaF/FmrfuyyEFWbTbVhvcnny2ZdhHIOMk/nlJ458SeMJ5rPw7FqWt6vcXMqtqt2jXNwRM5x9jtkDCBXPKlQAAMZznP0TxOCwHLTwVODlCElzpdnFXVk9Lp2s1fe9zyZPEYqTlWqNqTXuXataz7vlTb6XfRan198W/2pvEWsebBY37+F9EYbY7a0k8zXL9MkL5jA4tQ4HJXBVT8wXFfIWl/wDCY/EbWr7TfB1hdhr91N1MhaW+l3HBuLi7YnCsCcgMG4wO1fYPwR/YS8V+NYbfxV8QJbmzsnZbhrB2JupwSrA3Lu2UR8YMaEnAxk8CvrHwJ8KfD3gT4j+L9J0vTrS2t9OtdHRBFGAQCxDfMBuy/Jb+8TyegrgwlSvm2YQw7ryu06lRq7tFbxV3ZNb6XtfV9ujE4V4LByxlSDcZcvJGWib0Sb1TfXVrr7ux82fCP9hpoja6t4ymE97OVnkjkZysIf5yWLZLy54JPILE+x+qPGHw38MeDm+HFhpNksUP/CRxpI6Yy3lquS7YOSTyeuRnr2+tpDa28KbICT5UWxAQQmQcZwMD0ODnacYI4rw34wsv9o/DvMiBv+Ei8xIUAO4iNWwQBknHIJGM8DrivuY5HhMJhptRvNOnec9ZNucV5uL0V9vJK58xHMcRWrxjf3fetGOiUbfh6arb5+2afbxo6RRjyYQM7jjBC9Ac8DgkZ5HPbv8ANPxwupINY1Z4oJbuOHTNNEUSY3TCO9RyocclSMgkDCjLDaMivaNW8QpYwqbl0a7YMYbBHUNjIUSXDKSY4xySrkFh2yPm+W/H2t3t74s1P7XqcSNP4dhSEyBYLOApOWIhEpQuNpK78DcwJU4FezShCWIwtGOkufm5rXtaOkWtHq9o6uyvZ3TPDziu6OX4qo3ZJRcW7Wu5LTlttrrbW12e+/FLxl8YvFP7L37My+KLPw83gG01bxSvw80PSTKusW00bTfa5NVnkG1ssGCxqcHIYcYFfCDeJNeaS4WTw60BjuGQCSXBdlYqcckMBkFsA5O1mOWwPoLVv2m9BuPgt8GfhHHoKQ3vwrvvEmp6hrV9fR7NU/tiWcRG1iZgUVQ24AAZAPJr531D4geGLjXDqc+qWtvA0WY7UMkkKkoA5JU/fBGeR75UdfvOEZSweWYinUxSwsqmPxdRxtTUZQlNKLfT3rX0e68tfw7j1vNczwlWlhZY+NLL8NS51Gs4wmqcFKm3Bq1ndea0V0YmtatrMqapvs7SJV06VJBvZnKMp+5hiGb5iWx0BJHTA47wxfeLF0mCOyNpFbhWELMqlzyM4ORwOR0BwcYxydDxF408KvBqEkWrQNJPazLGsSOQNwO1cgHqQOOnOM9TXK6F8QfDen6XaWxupppI4i0saQSM288jDFSMkjPy9eOMljXZXxmGWP56mNd1Ra541Fd+9HT3brTXpe22p5OEwOM/suNGnlitHFRkqTozko/u/ifO5eS1atdrudXNL48csx1eGBAM7QiBhgAbQBjgDJOTycdc8814hXxJLpV2L7XZJoSqebAka7WBYckgYPQYIB7dWxVa6+JelvKxttJ1id9uAFt3Kt74K9M9AQeTx2zi6149ur7SrqGDwzqKZWMec8ZRV+dc7uow33cAAE8ZGGFc2Ix+BlSrJYvEVFKEtpV6mttnyrl+Vt0lc9TBZZj41cO5YDCUpRqQfNyYeMtZRad3Z6bLVtaa9DuLLTtYS0sTH4hvYoFtYmEcLhfKBQEAc5IHbGe/TpST6Zfy7TJ4k1WUuf8AVtO4XcegHznnOM5PO08kdODi8WeMZ44FtfB8+1YI0SR2OGCgAHG0DDAFgGwdrHnPJmXWviVMFVPCtvAVB2tJIuSOnzjjOcenUZPNRLH4SNOko0cfXfLBJRo4meyi1vZWtby080FXAY1zqS9rltKTlNtyq4S6Ta3UE3e/daNu93ZHRazoqxW1i0l5e3NxJqMS+bLK7KpBBDKSxUEDofbqC2T65pdhqEsOxNfvoiCAd12yAhUHyqUbgjoAQN2Pl5yB85a5f/Ey4trOO7sLS2RLyIwbGAbzs8BgpIcZxwSVyQc5zXQ20HxXlV831lblsE7o4htbsCDyRy+cYJOO3IeFxsViazjlmPneNNOKpWdrK17yVrtt2bffczxeFr/UsNGrm+XUfeq2k6sJJ6wuoONKV3pZ2Sei3sfRsWkxNHGx1jU7qdFYsDdTlA3fDAknuTknAGAK858X6Naf8JB4ctlkvJPOlnLNJK7lgWGQm5gQB36D8snz1bH4nlXWfxNBCh3bvIRU6DkHjH4A5J99ormLyy8Wx6zpf2vxTLLMWlSKQBm+zjBBKDJyxBx/sgHHGSevFYqq8PFLJcXCLq0bOXs481qkXZJ1HLVXXm732Zz5dhqbxDbzvCVHGjVtTpuq7WpO8vcpxTs1d6X3t0t7g3gyyZnleGNVjbdtkL7sDI+Y9z0P0FVZPC2nPHI728Chd2wKEySMc7nGSOM7SSOmRgZPls2keJJPP83xhqJHA+UEA8/MMjAzye+OCB0qk3he+lhCzeKNYkJBBxLIoz3Od/U5OcYJOBwCDSVWvNWhkc43ilepVoq79y12m30t/wAPcpRoxa9pn0ZKO6hSrN6Wa5W1Fu1vk9FbVndxafpH/CRPDMkQhj0xCpLrEpZjuycnaMYPUDAIbmt1rXw7DGWaS2GVIYG5iJJHQcuAMfLz0xz2wPGLbwXa3Otm2n1XUpYxZrI8jXDq7MpzgsM4XheGyMZAJJJrsl+H/hvy0E0moTMVHS4dlyOMkZIyMZPIPPKjOBzYanmjVVwyzDqKrTTlPERTuuV7Rg3ZKy2d7tLpbpxk8rp/V1UzWvJvD0WuShKzi9nzSqbv0un32OvN74StIEzcWafMQZGmjIz1C8Ek5C8444/LB0bxR4TstR1qW5vLApJPGIg53q8ahc4zxhscYznBVjjipYvh54VMI2WEzkAuDPOxyRggkFj7jGCOenBFZ2h+E/D6X+rR3Om206RyxrEJFLqFwCcMxPOQeg5Y447VXpZ06mHjChgaU3UfLeU5JNQ3k1FJvzSWtttQw+JyP2WKlPE42tGNKLlFRhFtOpTSabk3e9ndpaLudi3xL8EwxqsV5apuYgGKIk4yTkAKVOOPQd+cVFc/FXwmUIW6upCT8rRWr7GIyOSE4DEnHPP0HD/+Ee8NQhBFoen8DgPCGxgAgDKHDD72c5+pORbWwsECJbaZZbWYLhbcDaMEZJCccMQckngHjpXR9Vz96vEYKCWrjCjUaaSTtaUor5pa+m/NHMuHou31bGyeivOvCKabj/LHVvS/421v5/4c+K1lp8l+PsmpXbvqLyRLaW4ZFiZeMllXByVypJPJwQDkdxN8Z751Vbbw1rbBQxBEKLuDAkEkgt909iOenGQMjQNBj36i8VvGhXUX3uAAGwTwq7Rhwec9z7GuxNkAAoaXO4KUVFHJ9zgEDJG7JLc89FG2VUM1hhU3jY01OU9I0Yb81lrJyutmvdd+utjPN8bkv12q3l9Wp7lLWeInbWnTVrKMbWVr+8r9DAn+L3ii6U20Pg6/eN4nAM5SLBaMx8lOSTjIOSCflIAA2+YaB4g8UR2kqWnhkSxtdzyNLLcbCk7StmItnP7sNgdeRgc8n26WylRW2xygmNxl2AVcKQDkHC5HJyevbBxXGeG4GSwmj8vzc3ly7MkhIYmVww6g5x0xwQMHjBM4jA4urjcN7TMq/wDCre9GFGNor2SskoW101s7pbIeCzHLqWBxXs8toqKq4e8Z1K8lKcvact/3i2s7bXe/S2BNq3xEkYNHomnxBmwC1y28Dk4b5gemR83O3j0zDcyfEGSO4kP9jwgwMGALtIAYyDzk87c45A4yOua9De3kklCi0m3NhhuJ+YY2n7uQMYOM4IAA68GO4iu2t7pBaLGqwSAyEHd8qNwcjjjPJAHf0BKmUtRbnmGNlaLavWjFPROytCKs1Z6XHQzaEpQ5MtwK/eRirU5z1vHvOSffv3td28ms7Lx5Lplns1ewtYwGRFEeflJIIYn0/T2FMl8O+O9jBvFNugBHyxwKCVALAHgkDjaORyByc4Poel28sljaYxjG7BMajAOMg7iOg5B5P5VutZuqs8klkiAAEm4iRyCCcFQck5weo55574UsqwzpUnPE4tx9nCLTxdRJXULq3PGyTVrtJWat1Z6tfM8Sp1fZYLCq85Wl9UhKSfMmpczg3der7djifDfgvxHqWka9c6v4puHt4bFzDBHAqkSr0cgYPl5HRRn+L1IwoPBuuvDbCbxhqbRtCmxISVATnaMZxjHOScdK9WklbS9N1W4N9a+TcWJjaCG6jLckcBQ/J2liQu4kkADAwq2T6RJYWUratYw77WFgHuogy8H5XBO7eAeQeMg5BC4CWX5Y6yhKrU5YU72ljKjcnKabcn7RXu9UnpHte5j/AGhmqw/tI4eLnKvFSdPAwfMowTTjFUbp62ukrPfZHln/AAgEkkmZfEetTZPad1J4bOeTjkdsHOeSTiqup/DqySznkbVNVkZUB2yXkjhyWBZSqsVOQMgHPQgjJr177b4ZjlYXHiKyRflwFlBw3T1PykEHA/Adhia5rnhOHTro22twXEx8tViiidjncCSpO4Hqf4hgYGQM5VXBZFSpVOaWHvytpzxKlJtJW3m3d9W35a62ihjM/qV6XLRxHJ7WmpWwzg7OcE3b2cUl112uldnBw/DvQDBCXur+YsiyMDNKxGQMjAOcbsjJ4AzhckESP4D8MEhWtrqUgcBpZTyS3IA6AjnHHfjNd5a+KPBqJGh1RjIkSLJstJGcSFeVztHIYEE5yce+aQ+KPCKTHE9+7bcHbBIMkDAIyuAST/EOQOBncDFOnw7CMOapgmnGN1KUZu9oXTTlJqzbbv33761ZcS1JyccNj9JPTlnCNlpGztFdLttK2r00PK9X8F6Pb2bNZWOwrNFks0ucMwJHPGMHGP4QR1PFdlZeFNDijilbS7V38mNXLRluWUHaQV55xkc5HIGDmmeJPGfh5rBoLUXzSfaIhvkiCIdpG4ZwMttA4Ayw5IBFbUHxI8PKscCWGosY44wzCGFcvtH98jGSAeSCM847KhiuG6WJrc08HGLp0rNU1JXcnzcsVF31S79EysRhuKa2Ew6p0sXzutUcrzcXGLjT5VJuUbq6btfo9O9ZPD2lsdsWhaeoDAcWwJyGzg7l5z02nueCARVDWtPgg08p9ggiBurdcQQALu8zgg4G3aCQRjoF9c1oS/E3TFLBNMusdAGltkzggHPzqTg5zye3y4xXJax8SbS/txEmmrEEuon3y3cZ37Wy8YUOQCy/KCQAuMk+jzDOOGYYSrGnVpubXuxhhnFcy5dXanbbrfTT1Iy7JOKqmLw8qtKtyqpFy568WrOz95Kbvql3627npMCyLFAqogUIDuRYwoGxQF3dyABn5hyORjIRgWaZ2DPLuABBG0KuCe4wATwowcj72RnI4kfFmwg/cnTtMgVFU7p7hWbcFwMhA3O7DE5Gc/wjOMiT402ahk3aKuGJJJkYdgB0DHOMKeOcAdcVjHizh2kkniYr3VdRpNbKK00TbTTXndJt2Vo/1O4prVVL6o4pyerrR5eVtatJtNO+tm9raPbrNf8AMV9KZlYqNQA3OxwT0wDkYzngjj0POD0UjOqg+dgMSQFJfaWxlSMEgDOcdx82egHgOsfF5b0WhW40kC0vPOiRFcknP8ZKr8vGCfXnJwSJP+F23ByBf6ZEWYkiGz81g3I43IR2OPQfhXDHjHJYYmvUU6jjNUdXCMWuWNrtcy1bS673dlay9VcE57PDYalNU1Om6ql+8lL45wataLb2evTW57rFEvzMJppGwTxGQrc5HUYzjKgZJCjpjk5tym3XdFSSOQF2l8pjyN5yDl+Bnj5hngHHevBpfjRqBjlSPUrpnyQGh06EKB6gKM5x0wM9jjk1gy/FXVru6t7mSfVpRaFlQLZqr7nXBeMKow3zA9DweMZFRW41yhxioQqTtUpSb5aaXLGpGU7pTbV1ded09mdGG4EzaM7yq0ot0qqVnNS5pUmk7tK6Tfe/yVj7ObTbsM8hWRQg25MabT6diF2ggA57Hj1jbTY44mLou5yCGby0HI9hn5epxgjPPWvkBfih4gljdNviW53biAEkjDBiMDKYPUEE8HJJYYwRFL458S3cW2PRNfkKjnzJLsYwcnBAOM98cdDk5JO8+Psuf8LB1HJ/C2pNfZvblpyTaXf79jjj4eZkp3qY+jFO/M20t+W7jz1FqtNXZ6Nq1j6cH2WLxZpkbSW8X7l1MnmoAGXJO5i2BnnaTncuelenS3uiRxFH1Swj2qp2ieFiOACQ28E/d3EZyeuQQK+Aotd8VvfR3H/CN3jzmFxHBO9wWcZ5lAYMxABJIXGTg7eCBuf2n4+uEUQeFl2KQCxjLsG467gcH1yck9smscL4hSoe3VLLKlSVStzJezrTaSjBJfwle9rtaXWml9Nsd4bxxH1d1s2jSjTw8abUatFXalJppuo7LV2ervqn2+1JtZ8LQxknVbAkjBUOjE5Oc8nOe4IwBkDGDx5v/wAJJocE/iF/tsbQi5tJo/JVjvRWUttIBywGCABgYI+bivnxofifMYWj0W3iXAwXtojgEsOSy5I6ZOR/FuHHLrPwl8U9Vi1JIY7W3eN0FwqoisN2GXbg45/u4AHb/Z58fxrmuP8AYqnlFSEoycopYerGUm4Wa96aVldvZ7O9rHVlfBOT4D2zqZ1CSlGCnevSfIlOEk7x5kk3ZXf4bL6x+FHxZ8FWviDXPDtxqMVmviC+hNrd3MIW1xtIkjnaVRH84yh3HgnaeeK6P4kfs8ad4g1W01PwFqH/AAjutXcct8k1ixWw1BhmRC6xkCIScbTHlTnnHSvz1vNPv9G1G703xHBKlxGql+VjlidsnzomDAkFhuHBI4Ix1r3P4afH7xf8NLzS5b9ZvFnhS1lVY45ZPMvrG2I2MkcmSSoBztc4428k8eDguJsFi1LLuJMv5KXt5OOKoRlGvhJyknLmivfiottuUW7WfutH1mI4bxOGdLMMgxynN0IKWHqzhKli4RjGKs5J05uSS92Ubfyu716fR/iV4w+Gutw23xB0++0yfS74QW3jDTGeOTdA+0G8Me2G4jQj7kxLNypGc19n+BvjVbapLqWr6ldW/iXTtdksDPrWm7TdWiwjiW/s1O5FORny1ByD68eb+HvF/wAMvi9puqWUQ0+/uNa1dZBo2olRdQQ3G7eI1l5WSPJGYuc89eK8h8c/s6eLvh/fHxF8HtWuhEblx/wjrSEllXBeBYmIiniYEqfO5XKkDJr0nRzHAqGNyqu84y+M+ZVaElPE0lqlz017te0dLuMaluqOGFXA46U8JmdH+y8bKPLNVYOGHqu8H7smnUoJySekpUna6ikfpRd6louvatpt7o97a3Fm+kXFs8okUhWuosxxyRht6tuQApgEZIwc19tfFr42/B7xh+w5pnwt0JbFPiLpHhqS11TT4NN+zXCXVjOTNdtcog8xZFMZw8h4zknrX88egfGSC9mi8M+MLfUvh346sr6E/bUaWCzvpYW2qZYSFQs3JY8pgjaT2+2dB+Idl/Ymtadr/wBntri60aVNP8R2yrLY6rIyKpFxMoPkSEY3AsqnPJPzGu+nmGEzunTqV6sqbwk517020vbOKi6eIoytUotNbS0u7Ju9nw1csxOUqUMPCNSGI9nF8yUv3anFqrQqRco1U03dwaaV/dWpvaLDMNO0glHVTpEaOoO1XeKNQvXOwBgcZBzwCeuOF+JPgrQ/iDq3hzRvEekwTQPp2oqlyqqt1BNEgEbLMoDMAedrOAR8oB4x7HotlNJomjMXVhLpuVki2vFJkAAqVBADAdQcN7YyefvCU8U+GbeS3YhrHVmDsGbjaoIyfXPcHkDJOc1+k4ihhsTlOEp1IQrUarwkJQnFTjLmdO8ZJppXV9Vst+p+fUauJwuY4mpRc6VWisVONROS96KbV7O8WnZp2s7JW6H51+O/2dvFfgGaXUdGll1fSZd7RPbIXaCJGJ8q8gAKsoHG6MdskYNfPIeCTVfNIbRNWtXCpPDviia4Vm242FZIHA5B+VQcttxg1+5F1ZxPAAY1dXgdHjYbscHOVIxggnPqcgAGvm7W/wBmfQPiXe+LJdHW30PW7EwPbMkai1n8zcGFzGANjliPnTnoep5/PeIvD6FOUa+UtXc5Tjg5Sd4NR5+WlUbUo2a91XV3ZXvofe8P8dVWnQzVN8kIt4qK0lFtQUa0NVJPmV2ltdtWd384/Dn9qLx34FsYvD3i8y+JNBW8hZZJXDzwwBsloZixWUAdUkYuTgYr691Xwd8I/wBojSr/AMVeEb+w0rW00lJbh7by4Z7a7VAqR3lkAp+d+HnVfQ7iev55+PPhN47+Gmo31hrOj3L6ZbLulmkjM+nS5JAkhmAIgZxyu8gHnPIBrl/B+salpV3/AGp4O1u60HUxJGbixkmaO3vlVjm2kK/LKkg42ucck59PlqGdZhgorK84w7zDC6QdDFJrF4blaipUask5Std6O17dD6SplGCx0v7Symv/AGfiWuZVsNyvC1WrNxrUou0VJvdK2tmnY/qe/wCDf/RNa8KeL/2hvD+tSpK9roduiyI4YOBL8rByWzujOQSSTnGccj9z9Sk/0iQ84MkuBngHJHY9vUE445ycn8Iv+CAvxC1Lxx44+P8AJq2iR6Tqdt4bslnkt2Lw3e1xH5ytwOcE4GODjgHNfuzegGZgRn55c/Xeeenbvjk84GCQPYp+w54/VpVJUHQpun7VNTin9iSav7r0v2W9rNdGFWIlQf1iMVW9rNS5GpQvaCcotae/ZSSVrXS32zN5AXLA5G3CYI+YnHfIHzcjOc8gcCo9wCnnLZ9+g5GT26cdOCM4qVlyg+TjDEYOMnLYJyRyCM49MDHWoymQRkHCjPOWJPJPGQTjtnHPpXRFWaeyvdvpvrr/AF0MpR99aeiekWkorVq+uj3Wt/VkDMh+8eAT0I+7gkE4IHTj3PXq1QnbgEELg55yevPcHA5/AY44zUjRbTggAcEA+mOTxjk88nAHBFPMQGPlGN3OTkYHHc+mDj34AHTri4qz5vTddvl89VtZ6HNKKbabvzNb3u37vZaatb9XqQeWox7E5I5wWB/EAjr3HORjqbVDAYJXAAHXGMljgHuB0479sGpQoO4rgDcRgnnPQE49QeAOvXtmkEbY6jgk8AnqT7ccdx9OcitINauytdb220d/udvTV7Ecr05V8PS6X8qtJPZJeXrsVyq5yAF3NgnJ4JPcc4GeeOfunscxBMkkHaOnOAcD15GQ3bA9yR0qZkIOAuBuwB3BIBPHXGeOp7Z5yAzqehDcknp1yAAOcggnB7nrgZFaxSstX0bt293XS13drTqtG2r2hxu7W32SVm3FpvXXR62V3a/RNEflggEdCcnnBA4PAPr24JHO7qaeEBddwIUrgc7c5HGc9hj9ME54pSgTucADAJzg4OSfxzk8dD3OCwjDEE5KkNg/dwOnvx68c+uKtRb2b1s9nrtsvNWtfa++o7KHxJ9rNptcur+bu2+70SI5F44OOmCcduvI6YwPrz6ZpmTjJwepXpkkDoMdTkHuTwevJp4BIA4ZlYsvDYzk4ycnOcDHZsk9eSxRs3AE8cYDd+MAZwqkAcDuSueMGhL8LenTe77973W+7MuaSvpdPpstbPrva7te/LprpYVVCb/mwoH8OSQW9/y6nv6gGnFYxxjkg4z14G4kYI2r7EZ69yKECYORkEgA8AnHXOCBjgZx7dMU1cA4zk4ywzk5Y8tnnntjpxg0Wd3sun4dfuWnldvsc07K8Ur23+Jr3Xrr1XW22i7kbIOgPAUnaT8xOT0JPBwTyDjAGTxmmSRYU43ddyqNpyRgE46YwM846dCcVY2qrYfOzacAHJBPqe2ePXHTOOsToOuduA3QE5DHGB16YOQRgnAJz1flbXr10srO1/K/S/XqJKKu2tb3vdq23nrfXd9SuE2Md2CCpZtu37x6AAnGeQfcdzyRIgQlRglcnHGCWxkBiegHQZOeeoqYpnjGFJABHB4UEbs4I+8TlvmNJgYAztPBI6ggEg5POOnT37HBpqSd27r/ANKa93XZa3WnLZq+iTWjST1b0ttv2skr29dfNDJEABA5IAAGc498c5PoeOSOopSgCkbSAADjOSzDrnJyMDqPfPTgSbc9myeeOhA5GfYnHbtyDTXTDAnPIPBBzlgOh7Eg4GPQHpg0R0cVdJ3dk073VtH5ee2997Eyjpo776a621vbVNvS93vdpDFX5kOCRz93jaSCCCpJXJ9e5wKifeQMYKhiDtwWPQgHHUcj655yM4ldSF3chBjAIzk/Mf8AeJHTr9eMkptYDLYAY7uB3OePlAx78bc5HueiNpJbPZcy0V/dutXvq9rJ9rrSeRX2d7aaryvstLO2+76kDIzMecE4GM4yABlugH3SeMHJ54JIC4AVQVJGcDPQ8A4JxnHHHPHTIyMzEBeq/eG4Z5UkYz1PfvxgcEc5pjKyjLZyGAGCMAtgnHXJAzk8g9yQCQryVkle9lvdWTitttNpPzSYJWu7O1l1autL9rbvd66X2aTDyY+pbLAhgMgDnnGT0IBI6EjPOcMbOAQxwzc5HOc5BUYJBOD0A6D2NTqAuTwfmI4POCRwehAGSOOMD81O1SOCQCSQRzuPOSR/dH6/QimpWadnp1Ts7q1lre60+V9EZy1T+W97WW/TTZ9+lul4FJf5ixznptIGMkkADHUZzkA547ZprlSMFjncSOwAxkk4GRgHggcd/vVPhcqQWXA3YUK2c4zkHIyOCFHB6NxzUEhGHO0kD0PH3hkMP0JIODnHTNVB3dlezel3ZXurvbV7dt0tbq75fc5lZ20u1vol36977a67EGQVIYl2ZWPYjGcjgEkYGCcDgHnk0g2qF5OCpGcgnI6cck45xnoMjPNEZO4gggZIUjaGZWJyOD0zjuMjHPGaYVOV5UEM5GcsfZT2BIbAbJI/h7mtUotXcvdi+bTVfZb6XW/k9bbLXnk5Ozad3ZW95KOiu7O9teu+3k3MXUnrjDAjgqpyM54Ix0AxjPAIIPFRn7m3OFDEADnaAB145yTx6HOfSnKmMsTgN82Cent83QnqDyo54PaLLAqThRknH3s8HOcDHbsSQDwcgU7Rk04tWSd3ta0ovRXVm9feaeqRKUleTV7tdb72TstLXfbeTfRXD5nY88KQyYBxznJOfpygOORyR0HViWJYYHzKQO+BliSMk7jxnHODUi7SD5vBxnC/dVu7HjkYXg45PUdakOCAdqgMeMjjtnP4cbs5z+Ri6T06e92v92/mlfz3V5s7fFqnezd/5d91Za3T2trroZhJJHIOOMnpkA884PpkdMdcnJoyDvLHHUE4DAHOMkjOBzyAD1+oMzKgZiMqcncDk84HQckZ/iUAgnGelQlMjcR1BbIwMcgfTsSR2z16mtFJdV0V/XRNdE7O6120t0TzcfdlZp67+83bS+l21vezVrJa66t2KmSNpyBzwcgEZBBzyT0YfXIyAISAW4wTyWyTnkccAYyOcYHHXI61PjOAo+XgAjAbtkEnopwoBLDnJ47nlEH1+ZVBPAIKgsASc5z1JyDk9Kaa0emtuz/l+7q0unyJilonbS+2u1tFfRO17/frqiIZAAHPUZPA555PGefUn3WkKHcTtJ525bAAyBt29Ohz9Tjg8irAjK424UKGzk5JI5OCemCRjAweMjPJcMZBJ/iyDzwRj5uo+uMjn2Jpt9Uui1eq0cemvwr5Xuu4pppq103+vLbXzS6f5ogWJ8sJFGSu5SCD8xyCCc9xgEZIBxkd6XGCQUGCVPCgHpyQ3OOp3Ac8EjpgW1XIBJXawIwcMR/vHAPPc4x2OTzUbEsuSuMltuSP4htB4A5Hcnpt64NRdybvb8rbaq77La/XpqRypW3VrJ3d106q9vn997kbLjgZAHQcDqATg5yMkfxHOOgbmocHlTkAL/CRt9Dzjdj2wQp3ces/lMCCTnAwx3Eg5AI5z0GQeMZHejycqS2GLAkhSN2QDhsHA5z1BP4ngiaVtu6v5uO66Oye7062GtH8Oy/Cyv5Xa366+RVOwAuCQGYLknJAUdWBIPOQflHQgjHWlIjOCMSBmJy3OMKRkdOBnjPQcYzxTmiOWVVAICkbuuCecHoc5HLHjPBGMVG6kEYYKFI4PUBgCcYxjJI3HOc5zgHFWnfu1pe/ly2263avsr3MnHZ2aer1bur2le2qeqSsnbe3Qe6KFDL8pB3AMCc7uCeucHIGTx3z3MITbGXOcHIJOCepOMcbgcjHcHBOCanCHcGEiqSWDZAbjr64HJ44yRwD2prxiReGBUkFRnGCPYht+RxjA2k8HGBSTtZN7tPVdE1prpa+qd9r+jLNW0i9Fq2tL8qa6Xur208mtEVAp3EMQBgKucnkYIB9MjbjLe/pl2AASTuz8pPyZ5PsSBwedpHr96nld2NuWbkkk5XIGO/Uf3SOmc9KaIwV3H5VbpxkZGQCw78jPOQckDnJp6KzbfTS1tdFa29tNtna9lsUkk7pdLW6dLNrZvr66g6omehBPGDywweO4HynJ4znHvTV2jJAKgq27BycknBUHPBz1PPGdvFP8sr8xYEKGBDdQ33ST2z2HqCOeMUGMnvj5Qo9SR1J4wT1wBxnknkVa3a7K91ve66estWtFvfvMpe9ouZvfVdOXf5Sulvb5DFydvyjp2654PJB/IcjB6d6c/zBzHxkrzkdieecZzyfYHntQAT8q5wRnODn5SMDnBIPXaDjAPQk4GTazMpGckAcHliAeDgnJA69OCuMZK6+Xn6x321ve36ijFSVpR5ZX6/De6fTXTWzvZWWrA9BlTgnIB2854xyODk8E8AHkgtkORSGGUI+boMc8dTjhuOwUA4AGeRSMgyCNxKgjJPAXAJJHJwSOoHbPOBl6nljkqcHH3eQRhVPpg8jB4I9hgT+7y9Fy/nrpp8tRW5vhVlZO7unZK6em/4XXqgyojIwQCVGTt57AYUcHHXOMhiCOTTm/iAPJUnDDjjAPQdPQk49eopATwxAbI6bjnk8jkbtx445P4ECnjg8YIBAHPXdyeD0K5OSQuOOoDYd306L5WVvRb97Xf3icG7O0Vsm1q9Eld6pdut9fVDwfuqeFwTwCM98E+pwQOhGMccGpuGIXdnJHB6LycA8Dge+SBgE56xjCsCAxAGGbtgckd8Ac9MMc8A4yZ0QAZPB3KQRjJPuM52kZ4/hxkDgZV9OuqST76JJtdduuunYcI9NFr0fw/CtdLatNvteyvdsaNpJVshhk/dxwRjBz25AUgY5bqcYXGCRkkhVHIyOT174PUAevU9KeOCqnOSD2BGMnOTjBHIwOuF7kAh27Ctz74I6kZAHbjI6E9TkjuE5vZJ6eWmvp+et9NktdrXja+j7J91bVK/T11ta2pCAn3DklgSAGx82BnJ6jOOBxjAGT3jkKMNoABKjJPOWBznJHfsCccDr1qfy1IJI5U5yemCecZzyc8++ewqIpsyVY7cZ57kdcYB56Dp2yQOtQrK7V3bl8l0WvTR/q7t6qGmmk7dX576aNeV/LTTUhBUMo3EEnd93oRt9M9gOmcfiKU9GAIAJyCF5A7A5BYD7vIPbA70u0kBgrcbWKg9u4+Yfe/vHG4Hp0BqUZGflIA4A69RjHGeR9fr0q7x8tO9tNtuy28uq3uy11q7JtLu306a6LW9/J6XQ11AClcMDg5wQcg8Bupyx9B9RzyMqMchhuIyeoAABOBwO4wRn9BzJjIyNny4AxjndkEDHLHGcnOAfwqIjeG4DICy5Aw3P1/D6jHcioTS32va6d97PXyaW6VmuhTs79Xbu3e3Lrr1stX1tfohioGZcndtxnB4+bjKjGSOTnOMjJ6kkS7BvZW+9gIQemMAnPHI9TjrjIBqIADgEZIABBILYBbgAY4IHXABI5bBxMEC4O7IZQRuIYF14zg+vXPQepyDQ21s9Om1umy1tquvbutZSstEtfxtbR9XbTXe34WFxgjHXAXB6YIzznvj1/IcUuVJHycDGDwNowcg8jLHHGBjpgEEGo0HQgYxtJxjGWGM8gE5xggbjntUhRuT6c/exk8dec9O2MnoccgtOzs9dtdltH02sv8tSnp08m7dbLb8b99+1pUVQDnBUA4HHGTnpyM4Oc547BhilZhggY3BQAeFxjGCOvpyMDPpzioNrEhSV+c5xweinByRgZPIzxwfeptuSWx820ZJxhiOAQT6YOB/LmpdvPp+Udem+r+71FHvbmv1tfpdpJ/K9r231urtPzFXz0JY5Xr244x69SfrxTgA2QcjgDkEA56855XtjjGckE8U4EEDOSEA5HYEZbA9RjGBwPbJpQU3lc7i2DwBkY4OM46A4P1xwpzQmo2v1t8tYtLa76vrot111jDa71votdNV8rPr6el4sYYZXADE4XuuRjByAACehIJJ75+aVd2F4HG7CjGME88noCAMA985PSkcBdxJAAO0nCnGDknPOOOVPQsDgYAJb0xk9yBtwSR8vJbkcgdc8YPHGDLkmnZbWV0kt+Td3s27r5W9U0na7etk1fW22llbs3rqvPclXaBgnBJxnOc98k84x0wOO+Ac0/HOcd1YEdeO/OR3z07VGibQgxgDO3B5B6kjPBBwOcc+g7yDAPc4POWA+/wAkdQWHUcgnvisnNdl0vu7t8um/V2TW6V36WkubVK75erWj5bevR6+epIFXORkgKcgnbwewyfvep4HIyfSYJwcAcjAGeRjptzjOPfIxg7cEERKeVwMAnGDz06jPJIXnknJOBg4qUAE56EZ5I9M4A9Pr39OmYbXV/wBXXX57/wCR0rlSTXlo9/s7vTVK1tVZbrRjAoAYHGQvA3E5POc8dM4AwCSCegJp6jCjcFBAJAOScg5GR2bGeOnA5OSKcgOD1Y4Bwo7k8E8dgMHIz0yF6VICpJZl5OQCB97P0HHXJJOBycjBzDaVtnd6PS7+Htb1XTRFxbdla78r+6nZ37PTzXTqNiUuxUK54zjHGM9Tt5HBAx159zXSafZyTyJFFHmR2CLkHAZjyvXA/PjjPSvEvibqculaKh/tbVNJF6kyadPo9r9quZNVtgJrS2uQeI7W7kxCWOOGKk4+WvKvj78bvFXhTw1oPww8JOtn8VfHuhW9xq2qqcjwD4Xe3UX+sXBUYTV74GRLSPIZXIIBUAj53N84p4FYiM4zjVpxhGkpWUa05xUuaPTli5Jzd7p7H0OU5TPGyoOLXspzbqWSvTUZRTUrqyck7xs72vrqY37Tfxyn1271H4GfC7U3h0i2KQ/FrxtpkhLTO7EL4J0W5Q4824J8u/eM7kj3oSMHPy9dWKeEtMtdN022hi1+9s1itbSEYTRtPZvKWXADYlTPmSSMA8kh5610Wi6JpHgXQ47pY5J9P0lPtrQyEy3mqazdtk31/K2WutR1C4cztuZ2jRsAKBgL4S0e+1XUbjUtUjebVrkvfXa4yIbRnLW1grHmNYgVZgACDkEHPH5ZisbVqzq1a1ZSqSlepK7bfanHe0YpxTS0+bu/1fCYGnQpU6NGlZKMUo22VlZy2bcm3rrtpoR+AvhxFo1jDGFa5fUNehuGlkG6W4umIlmu7gkEuodsgEgKpxwSRXffFb4l2/wvS00Xw5ZjX/iR4jvBH4T0JMSsSV8mbVdQ2b/J0+zkJcK20PtwThhu2de8Wab8OvDaazdRrqPirUt1r4S8PRY87Ur+bdGhWI/Mllar+8uLg4UKrYYkjHnHwi+H1ymvah448e3Da34quJJrnUtUYloLCCYeZBo+lu/EFlZKQk7rtDshLDBIrwK+NlUk7PlpdZbNxSSkr2slpZtaJaX7+rTwkKaV2vaP3rNbXavfWyd3Zr4tLJmh8J/g3LYajf8Ajfxjevr/AIt1m8ju/E3iC5DvLNI5DjRdMyD5Gn28p8lFjwGCgkLivSrSHxG95reieFYo7XXfEl687XzLiDwxpdrKImBUFdt1OnzRrkPuIbrVRfFWpa5eC70qC+tND0i9k0/w1aQ25X/hK9ebdljkc2Nn9/zACH2Z789hN/aPhfS7Lwb4Xj/tb4ieKbt9b129eQyJozSuDJNqVwxIgtbYMTBbFlZ8LhCOnBXqO8ZyUYwtaMNUpJW+LVc292k/7u7OqjTUYvVuba5pNX/ka5U0tpP/ADT0vXubO08G22qfD3wWE1bxjrsMOpX1xMxZ7acqDea5rF3k+VHExaSOJ5AeFRQQa85064Syg1DR9K1JrmM+a3i3xrKhF/rF0jgvp1hIceVYxEGOOJSF7uGIrT8R39n4fj13wv4avJL3Wb2NJ/GfjSfHnzMdourW3myTHbIxMcUEbBQCWcA5B5fwJHN4iS6020tnGl2gvItPtMBGmmLgT6rfStgC3VdzlmY88gjJNYxhGbjUk0o2ukm1ZaNXVrNb6bKXm0nU7pJJ62veWq3TT121d3o7+T0XpHwy8Nx+NvEsM3lPa6Hp7oY2KEC5QR/NFGD1lc8yyknaRtOADXl3xE8b6n4e8V+IfDPw1e0n8VX7TaddavKBLpHgqyhO2K7upVLJNqZj3G3tVJYNjcvNelzaprWrxR/Dj4OTNYwtYvbeLviSFBsNMfePtlloeflnvgN0fmoSikllYha8V8Ux+Fvh4V8NaRFcalq15qUBtrJS1zrGv6vGR9t1PUX+d2Mi7mX7Q3lojMq4GCPTw9pySc/Z01Fe6n700rNt66LrZvda36+dXlKMbQV5N/Gtk3yqyT1b3v1vt5e1+Fvh5o3wy+EXi7xtq2pmTXPEuhNe674x1qQSaxqcgG+aQzTEyW9mxyILOJhHt2BVGcV8JeL/AB54x+NyaZpPh5bzwn8MtKszYXWrYaHVvFuAQ5skIUwWDlCHnIDmMk7sdPsv4kQ6r4j+HGr6j4+uorPRLfw9BFp3h6GUQaTpdrEYwW1S5JRJ70kndBlkzwuOcfK6eX4ptbDStCkk0nwlp+npb3GsRx+Tc6jJEhIsNJhCoRbEko8+MkElSTX0ORcs41YQjJJ1rXs1KUNLJ7K10/wunpfxM0Ti4Xe0OrWknZuTTd238+ujtY/N79szSNMtNP8AgfpGn7ItMtr7X447S2UmN1hKBvMuCAZpJGy8rsTlu/FfJBH2q6Sa4xHZW0vlxQqfldlOFVV5ARMYxwOSBgYr7d/b0RLGb9n+xihSytkg8SeRaxY81okZQJZTy5lk+8xY7s8Yr4SmS61MrYWbCOZpAvyg4ijDEl3IyASMnAJJyMk5Of3vhOKp5TVja8vbzUYRWknGFPS3uuzWv3tqx/NvHkm86pJuyVCDXN1969273dkmrW+R8IfE5kb4i+JREqnGosoIztHyKwxjsuD8wJJ68ZzX3T+xJ48ttJTxZ4L0+2U6hrFjNqF7qBG5VtLRC3kDAzub72WyAeOnT4U8faTPZePvEdvLcFxDqDIXAXLuQM84xtyQSd2eAOuM/Vf7GFkI/Gnii5SQGOPw1dq5wCQJFwSM5wQT1xjp3yD+MZnDnrZoqkbxWIqzb3tONaLjdpe8uZXeuq1urq/7Hkko+yyzkkpN4XDq2iTi6MU3qtbrX/gu59m3d0biEMijZ50jKQQCwDEEdefQ8nqO2TVF5sZjjQEGE5BBwRjkbhgDJHHc4J5xhmzyHy0ChkgJ2BwOHfc+TtHT39PbBotbeaYyCJHm+UAMoI5LAYDEeoGduDxxgZz5l+ZrbVJNpL+6m4taq1t+z9T3Jw5Y2Tbu1q9Lbbu/lpb5I+b/ANt++juLv4R6ZEm17XQYRKvXJabgkDIC4I5PPbvg+S+KNSe3stOid0b7PYW+9QOreWpCjcCBt2nI6EgdBXd/tqyTp498AWc8YhNtoGnLIhIBIa4LZORkE7jnGACenzBj4N8QNcgS+ihXYIY7S1T5W5c+X6DGMcDGMkHqa+Xxc1GU0mmnLli93ZLVbvRXVtF7tt9D6HDLmjGUm01FcyfXRK70atZK+tvQ54Ti8vhcSFcZYBeCVwvGByMgcnnAORnk1j6vKJPFNmWwTbQqIxkHazcKSOOFIDM3QAN61DpepQm7VVYFtxK5I2hjk5JJxwMYAyep6ZNc9qmqK+raldo4C2llII2GMtJIWXdkYHBOcgDHGBkDHi1YzqVOWMbPleq2bk4rRror27PRaaHswqRhC7k9Jcz30aSe9tNVfS6vbfpheINYk1XXLmESE2dlujjUsSrS4JllJzyxckDk4Xg8YB+6f2P7GWxWe6wY7eS53+aFw0jiIksDgZCkZHTHBx3r89tItJry7it0RpJriQH5fmZnkcDJB+Yn5vckZHqK/Yj9nPwdPpWkW1rJBGjQ6cJHbBB8ydMr97nJJQcgnOR/DX6p4d5XGeYe1nC1KhRacnspSildu+2jb/8AAnuj8R8Ws4qUcoVCnJvEYzEQjTinq4xlFtRXa7jsvusjXutOl8T+JbjTfOhgtGuZL7VL+Yoq2ml2g33l3IxwFCRI/lgklnAVcHIr5Q+Lvj6L4u65D4b8LrJa/C7wXeGy0G1Usq67qat5dzrF2owsxkYM0RYHEbbVJzx6P8f/ABi+iXcfwq8KzN/wlXiKdn8Z6jaOSbDRnbfb6RG8fAeZD5sxBXaNytnvgfC/wDNea3pugaNpst7cPNBbabYW8Zklub6YhGlIVTkRscsxwEA3ZGK8TivGU80zmrSpyUMvwVSS5l8FSrG3NVdmrpWaje7WrVrn03A2V1MoyPDVK6lUzTHUacpuUffp05xg4Uk90nfmkm1b3e9l698EfhTqfiPW9O8O+HtPFzrmopBAszj9xpdlgNc6ldP923tbVA0hZiMqjbiNxFdv+0t8bLLTo2/Zl+AmoS3dmvk6X8TfGmmM7XfjnXVPlSaLp8sfzDSrefMPlwsUlIDkHPF348fFvTf2avCV18EPhtfQX3xf8VWQj+KHjHTmEsvh6wvUGzwvpVxGXMd4yMYrxoWDIwdMniu6/Y9+BHgb4IeDr79qn9o2aOx0rTLGfU/CGiakSl5c34UywMIJyDdX105XyiVZgGLHkcfkfE2cuKcaDc6cZKnh6MXZ4ip7qi0lvBaNabXk+7/b+FMhdSanVfJNRVXE1pL3cPSXK3FN3XPJJpXats9md38Ivhj8P/2HPglN8e/jvHax+OtWs3i8GeFnMMmo27vGDBbW0DbmWe5Yq1xMVyikr8rHFfh5+0n+0R41/aF8c33i/wAWXs7WgeSDQdDSVjZaHp5ZvKhihyV87ZtEsmN7PncwIwfQP2uf2p/GH7UXxHvPFetS3Fr4ds5prXwl4YSRhZ6RpSuUt3aFcRm8lRUaWQrvJJOcHj46nb7+5C3mFgC4BGFznJP3cdM89QQQcEeVkeTypTeY45Krj66UryTccPFqL9jS2el0nbt06+txDn/1mFPK8B+6y7DWj7ujxM0o3qTcUuZOWuv+Jva1B0OYwhZg/VsdDn+In7oxznpz6dN3SdDklE11eL5Om25VppnBXz85Plw5BLMSNuQM+gyQDqeHvD39pg3V0fI0+0YNdSHI83aR+6h7Fm28gcE5PbB9Cg8P638Q9Y0DwZ4R0q61TULq7httJ0TTIZJ7q6mdtkSeXGrF5pGbGCGVclm+bFfUSkmr3SStr6paK/dK+tklq3tf4+KnN2im2uW0VrdtLSN023012jvdmL4b0PWvG+taZ4e8M6PeahfaldW+naFo9hDJNd3VxOwihSKGNWeSR2YE43bcknoc/wBAPwz8CfDX/gmB8OrHxz41sdI8bftneNNHeTwt4Sn8i9sfhBZXsAePVNWjy8SaxGsiuqyAPFIoCj05z4U+Avh3/wAEzfAdv428bW2k+M/2wvGekvN4Y8NTrb3ll8HNOuof3WparGWkjTWVjffHG+HidRjBxj5W+FHwe+Nf7e3xt1C10m91HUJNV1H+0viT8TNVaWWx0m0klL3Gbhi0YcRkpaWcZz0BTAxXmVqs603Tpq1NWUpK/vvS7vu/lrJ+l17GHoww0FOsoutbmUW01C9t35dZPV9NDG8H/D743/t2/F3W0sr7U/Ees3002tfETx9qTSyaXoGmI7S3M09zKTFDDbQqy21ojAsVVQmOK/pA/Zu+Fnw4+B/wX8N+BvhNZ27jWIVl1nxW8CLq/im9RzHdX19cIBJ9jSVX+zRBwgXYMdMenaH8C/hf+yl+yT478D/C/TVgS38MtF4h8WeSketeK9WmMUU1zfXS4lNqZJH8mHzNqRnC4zXEeGPEGneF/DXh/wAOafGJtSh0bT7dZFTMNpHcxidl3YBLgyknqWYnOSM1EIzppxaSuuVJ3jq7Xk7a6p2ta0W7a9ezD1VWcpLlbVlzPdbXsm3ZJ2SSdm9dLtHouv6nbaHpTafE7kOQLiUc3Oo3RH3EJO7Yp4znABJGOTXDp4dvNWNrqGsTyWtv9ogOn6bExDld3+smBPyqcZ+cAnOTgYB6rSfDV/rN0NSvI2cx7Uto5Edirtn50QgAD1O0E5GTVP4ma/pXhDRnso7hrjWZzDF5duVedGkZQ7yEZEEMYIAGVcsvK9CGnGEJRbSk1r3Sai7LV2tJ3vu+ja0NeWUpJuL3S7dI7XbXe7d9nrod78ClgK/FGNXBjX4jXKMykHhNNtFxkgA7cbTg4yM5BJFevTF3leO3Ayjdc5G0D5s447dwOCc+o+fP2arrzdG+JBjB+b4h3JLElm3Pplmztls5G4knkjgjJwSd742fHf4e/AXwld+LfHGrwWUMKO1pYq4Opa1c4Gy1srfPmOjkAM6qVXIOegPvYCtSpYSnKrJpRgpXW7VlZXVn5apaPe583jaMq2NqRpxfNKo7vZq3Knd6KMb662e93fV+k+I/FHhXwHot/wCKPF2tWeieHtLhM11eXkixeYUXJitwxDzTORtSOMMx4JUdR/Oj+3j/AMFDbz4q30Hw1+HCTr4fm1ZbHStIt5Stxq8ssoihutUkj2kLLIf3FrnB4LDHX5o/ar/bN+Mf7Vnjy38J+DrTU2tLu6+x+F/BelLNOlrHI5jgu76KAMJr2UEHdIGjhzuYnGB6x8Kv+CdXibwDd/C7xv8AFvUZpfHGufEjwZGnhWBvtMmnW95qcBaXVZdzBpvLYZjUuUOcrwKyq1415p1pKlRc0qdNaym7qzku2uzulbsXTw/1eEo0YqpWtadW14QTS5lBvRvo5eqS6n6hfsE/8EodO8NXei/HD9qf7H438ZzWlprfg/4cMnm+HPCsV3Gl5Z3epxvmK7vlWRGMbho1bj72CP2l8dfEXwj8MdHh1PxNdwWaJFHaaPotqi/bb9kAS3sNH0+IE+XwqKyp5cYCjcuBjnPjJ8VdK+EttpPhTRbCXxF461PTdP07w34YsVMlxcPb26W63d+YgRa6fA6qZZJNigZ45xXhFp4At9CjvvjJ8ffFFq+rWkD3l7cavMi6B4XtSm/+zNCimYRvcxL8rPGpnZwADkiumrWpYSi+WUVaN5TlbRtR0s106Ws/OxlhsNUxdSLcZtyaSgldyeitom3pa71s33NGPTvG37Qs7an45S58LfDvTWe7sfA0Ny0JvYoSXS68TXYZVZGQB2thlACQwxuWvzw/b1/bj+FvwW8Eap8H/BUuneLPE+qrZwjR9GZE0XQoLK4WaGCUWuVnmnkQIsMRZ3B5AYmvnf8Aa/8A+Cm/if4h6nL8D/2XbHUTpl/MdNN1pCO+t6/Jv8h55ZYxvs9NJOS8hWRhkONuccv+yB+w7ZnX/EHjv4+W3/CVfETS1g1+HTb5/M8P+HoZj5wuL2W4JimuYRgP5n7tNjtkMCa/P894qpYWm0m3F35IKzrV5Lls1H7FNaXm990m2fovD3CdXE1IyatyuKq1G37HDxvF+9KzU6ju7QTeusmk9PIPhP8As5fGz9sPxFZfFj9pDV9Y0jwVGIE8O+GC0sF1fadCF+y2FhYllFjp5jVYpZNiyyDccbc19o/G/wDab/Z+/Ye8CQeG9MstJvvGFrZ7fDvw+0Iwf6POE2xXetNFypJA84ykTsxPBzXzR+2x/wAFJ/DPwjh1P4bfA6ew1rxoscmn6h4qtjHLo3hpYwYTb6bs3wy3UOCEMfyIRlWyua/nE8aeOPEXjjXdR8SeItVvtZ1rU55bi+1O/uJJ55nkcuwBctsQknaucKOAvOR83leR4/iGrHHZu5YfAxmp0MBHmjzK6ackrWTW7fvST0SR7+acSZdw1Tnl+TOOIx0rwxGNa5nCV0ny+UW7RUdI2TbbVz2/9pP9qz4p/tKeL7rxD8QNbmmthK40jw7bSPFomiWzN+7iitlbY8iJhGmKiRmAJJHT5ceYvK4LMzFR8wORkgE8dl7ZAPToRmkKmRdwO0lsfOwx14Ppn0759c1r6dodzeEyDMdsOWlYBd+ByFGNxyN2M5BB6V+nYbC0sPThQoUo0qcIqEYR92KSStt97XxNvW+rX5TisdXxtSVbEVHVqzblKpNyd32u20t9kk9H5mfBG88saICZC6qAFOBxjnOOh64yT07DPbWWkw2rJNIgnm3Y8wjciZOQQo4YlsgcHkngc4fp2hTyajCtspVYoSVdztDAnk9OASDgjG7JGea/Sb9j3/gnb8Zv2ptXsn0jSbrw94FinifVvG+q2z29hDCGXzEshIqm7uJFz5Ij3Ak88VrU5KFOVWpUUYrrfTpp38ujsu7OSjTqVans6XNKTcVZfDtGzbdmkr2+/ufJ/wAI/g18QvjR4u0/wf4C8N6n4i1rUZI447WxgZkhid8Ga7lVTHbwqCZHaRlGFIz3r+or9kT/AIJt/CP9lHwmnxg/aB1nRJvFGmWo1O41PXPJGgeGvLjEjWdjDMR9v1BCAibAzeYBszzXvNpYfsi/8Er/AIVwwLFZap4+1CzXEA+zy+NvEupLFhmI+eTTNNeUch/LTywxGelfhh8cv2mv2j/28viTbeC/C+naxq8FzqBj8N/Djw4ZToWiwSSbYrjWXiIileNG3zTXJ2AhgGJzXkVK9XHN06KlTov3ZTs05J2TSTvZa20sm2nqfRUMJQwEVVq8tau1zKC+GPw22Xwp7t77X3Pqr9uD/gqPqXjay1D4Z/s/PeeEPAGJNK1TxPAWi8S+ME5gEVgqYks9NlI2RrEEZ0O3ByRX4l+J/gT41ufEugN4/wBM1HwSfE2mrremJqcbi+vdLnZpI9RdJsSA3S7mR5FBY5yehr+nb9jb/glf4T+DtxpXxE+Pa6d8R/id5KXdv4cliW48LeFZSqskDQuvl3t1Dkhi6soYAoTjn4c/4K8G1tv2s/CNvBHHCsPw20xRFCghgt4kSRY4YIVASKOMABERVULjAGAR9vwPlWEjneWYWdGM6davTVRSa5qibjdOS1332tppufA8d5riVkOa4ylVUKuGwtSdHk+GnJRTTir20fV31WzPzP8ACnwK+HGhJFNNZPrl8GObjUTuRSPmGISxjbJwcEcg/iPSlTT9NVoLC3tbW3UACOzhjhCYyPuoq44B5A+Yc/drmtN1Kd4SvmswZt5DDgKpbHzHgMc8dRk84J50biWPPycOyqwDZJ4OWLE+o57Kccse39n4HKMuwEIQwuDoUY8qfuQSd0o2u2ry18935tH+e2a8SZxmdSp9czHE13z3tOpJwSdrKMdI2suiVn0erEe9knJEhYAbtjH/AFezdlcgjJ5HUEE5ByarQ27zuokc5IZVxuUAdQMA7V9uuCThTjaLjfZkZTMxBCAARklegIGBz+GNoAwOMVCL4lJlWMqxHyPgAgA455wAB0Pf+IHANehKCslBKz1VrJRd172m/S66K/ax5FNuXM6kpNe6k23J3snq97NLVX380ivcJFbIVmBBJHlqduML/tdc9+M5J5Axx4b8bpg3hF4k2hDqNqdu4k8unGOQOfqB0HQV69eEyOBIWZwo2csxJUj5cg4AboPmz9ACT4r8Ygw8LnzE+c6jaA4I3Kd6/wAOMFT8ozg9T8xPB8TPNMsxbblJOi+y1uk7LTT82tHbV/TcJyi8+yxKKTjiIt215rLdPa191dvZq567psaL4O0uXcUcWFqq574iU7QByc4PX26YycMMpGACoOWc7gCeBggHBHs3H5Emul0zJ8KaWwQ7xaWww23bzAhxjjO4EnOM56Vzm0GYEgDZuAwQC2eVwcHjk8+vT1PVhop4agr2Xsqel11jHXa70S3berSWjZ5+IlfMcau9errda2qNX01vZWvts1oSlR8jfeBHGfvZI5YewOfYkjqCcxEqcrkqxJ28YUYGc8AkBlbaBnORnACmgRyhlUFRyWy2TjgkEt6njAHofc0m3y8sW2tknAw3OcMOenU84wOnrmpOzeujTaVk9Uk9U/Wy00tvZkxi3KLs0r8yVtLLlve2jsrq1n72z11aCqISYyqNg7SSSzYxjuM9OMHnA68UxAC5cg4JL4ByMYxjno35cDhutI0jK6hs4IJAxknPIJyODnONrex6na9SASDGBGSN2WGWJJ4weVxnLEE5A/CsXLonZaN+6t1y2Vtrq2tum63PQitFZa2Svbe1tl0b1t6b2sSoFTHyAmQFicg5A5H3Tnf0yox7gcVMQEjQ4JAJc8qScsBgngAknHTjbyVqqxAIwmwjJ5+bjaeAQPTaTk574FNZyVUBiVIYk7wAxJ/hA6sCcHoOv0pOcrPrby3acd3ZtbJtK13ZaMlq60gvu130a130u/l0seQ/HBt3hayKouDrdt8wOMh1GAq8/wB4EDGOCMZIB9v8ORj+wNIAYll0+0wSegKKSBzzkHIBOCcYJyTXg3xvYnwtYsG3D+2LVGC9Sfl7DG055GBxzg9K+gdBHl6BobMFKDTbRiflLZ8pQMjqR0AxkdunX57LbviLMJJP3cJhVu1tzfh+N7rsz6fN0v8AUnJ27O+Pxjd9lZ0tHutN3pr07uZPmfy8AIZRu2gZIAJy2QcgnBwc5981eZCGY5O5gMEMDgc7QcZyffkcsB6VCz7nRzHtUElCuRuB7HJH3gAcdzu6ZqcPwwXbk8qPmbAz8q5G5cg5xjBPBIIxX1rabvdK/R211Wt7L0WuiTTe1vgKKk4pRjzyk5WUU73Tik9dlolbls7W2GMjMDwxIBBJIAJPTGR3I9uV5wQaEhaHBRs7uG2k4GOqnd14HGRyVIzySIprqOGPfc3UFsIyWk8+RIlJ2jAAkYZHYjhgeK4rV/iX4L0hQbvWYpZFJzb2X7w5wSfmGR0HAJHBHY4HFis0wGEV8RiqVNLRrmh3j0Tu7O7+/RPb2cDkea5hJRw2Ar1G7JONOXLdWteVrXWtteqb11O7mIdsKoYAllJ+XaeRtAO7JY4GSe2c4zmTYZE2qrM4UAjGMsehGe3ZsZ5U7icCvnXWP2hNLgkkj0bS2lJyFlu3BBIx82xC+0c8rj145Irip/iX8UfFkqxaNp98kL8I1rZmOLaSMMZnVeFwMOTzxksTXztXjXLoScMLSrYyorqKowlJN+67cyTtvotm+ux9bhfDLO6kFUx1bDZdRdm3XqxjJJ2u2r6KyW7Wux9YXktvZw77u8tbTyvmJmmRW25OU2k5HODgnkHg4OR594p+JPhCw0vVbL+1Vubu9065tm8hFYI7xFADgMOcY2qSSOvPNeQ23wm+J/iU/adb1JNNjm5YXdy00u0g52xglVbGTjGVGcYPXuoP2fvDunaTq2oaxqF7q9zaaZd3IUfuYI7iKPcj8EFgGGSCACBj6eRmeb8TZng6yoZcsFhZUp81WvZPkcfetFrmV05X91bLzPp8g4Z4MybMMI8XnEsyxsa9JwpYZL2cavNGybjzJJSeuqvdux4P4H+Kd74D0e90XQrFb28ur+S9F06ySbN7EgLHGGLHgnlccexFazap8avHc7fZLPV1jnPzbUaxt9jHapLMUYhVOdw6g/jXt/7Puh6C3g6bVp9IsrjUTrF3F9puLdJXWGNysYVmBI2jGeD1JyMmvf8A7aQ/kRIiqjABYgsSFMZwp2jkdDkcD7vqvj5BwZjsxwOGrYrNKsMPUinHD0G1FRuvtOyu1/ddnex7vFniPlWR5visHhckw9XG0qnLUxddRlzTUY62UXKy6Xkn10PjbTv2dPGer7LjxNr8NmjkGWIMbi4w3LKGZjyQQpPI9Mjp6ton7PvgLS9h1BbvWp12ENcu8al92cqEJBGTkhu3XjBHtU12VBRByX24OSoHQgZJzjpz0PfgVAJizxrIWJLfMQMEE91OOgU4J9ecEAk/eZdwZk2DScsOsTNWtOvJ1G/hb0do/NR8j8qzbxO4kzGpyUsT9ToPVQwqVNW923vpc2iffro92Z2m+G/DugoBpej6dZqilBiCNpV/vHdjLMT0yTkDIzmtlZiygksTyCo+TBUdT/DuwMgYOOe3NV5QQ7FcAK5Y5JJOMEfePIJ68Y4PAxwE7ySuQQA7nOOiYwAOTxggEYz8p5Jz9LRwuFw8EqNGnT5dFGnGMeiTWist9Oju33t8XicxzDGVXUxOMr1nK7bqVZzbel0+Zvd9flfW5Os6lhhRsCMuc7nBAI+97bmOd2SR071as5NjoFQOSWBJwcoRzyBkYx34Ht1qgihlClXYqCQUAHTA5zglsZ6cH+90AuQLIoQDaACAGJUbQRuOTngk7sZPBOMfNxpFx5ZKySe+qS0stLXT6PyvLVaJ8DhV+sUpRhzNtvlu5O7sndpau6W2nvb7Fl3jiupig3ERhRkjaCRjC88MD7e2c4r5y+MLp/wtH4ZK0ZXCRgjPG7z0J2kDAB6nHGemc19CHZ9olCiWcL+8eOGNpHAUbjlkVsDcASfu8ZLZAr5q+M2oW6fEXwJezzJHb2MCvNK7KUtP9IVj56jlcAHcCN3cHPFfC8YZhgaGDw8KuIoxlHFYZzipx5lGM4ybcVK6SvdvpbVp6H6/4b5TmtbMcXKODxDpTwGNjCbhP2blKklCLbSi3JtKNrt2uj6jnt2mmkWFXkIdZBnA2gKOnQg4+bacY6sB3FsZZZSkhbc0YbsqE9sk4G8kjkqOh4xxXJt8dfgxpNnG2seIbi8ZUYyxaRb4uFlBwVLyhEaMgYBBzjkADBrxfXP2rfDyyy2/hHwvqGqKkzmCW9d90sYY+V5iwhjncoJU8HAyMYB58X4i5Bg6cIwrPEzhFJKjeTbtFNXbs5K9m9fO24sJ4OcU4/ETq16FPB0qlVu9afLLlk078qTfa630d1qfS0dlCJiN5ZtoQRxBn/ekYAO3OSCMAAKABnHGKdLaRRxia4ltLNIiVuJtSu4bVVUHaXCSMsm7OPujngZOQK+Ln+Kfx88aPJbaBo02lxXDbozbWQjYbgduLh1VyVBUYByDyRimWvwH+MPixRN4r168RJJP3qTXMszhSSf9WGwMent8p4OfkMf4oYyq3DLMvVKDsvaVruSbcejaS8r3+R+h5N4GZTh1Gpm+YTrzvzulRXLDRxek5Xk990lq29Nz6S8U/FT4W+GBLHe+LrK7lTBWDSka4uGY8uolIdDjG0HOMtuyeo8a1j9qXRmVovCHg291m5IRIp9VaQgFfSKAFDyQRkAc4x0A7Hwj+yZ4chEcusC61V43+YTMY0dVxwB1zlQOQBjuQc175oXwf8LaAgax8N2ccasEQy26TS7uilSQ3ckggAc4JODn43HcT8SY5t18wqUoTetOk1BLVe61Dl6rru0tFpf9Jy3gnhDKHF4bK6NSorWnXSqSbTjr77bvdapaa3u7afFNz8Sf2kPHhW00S1n0G1nBjCadZraKiYH/AC1Kq+eeWzyBgE55t6R+zb8SvGBNz418WXzoWPnQS3k07gsecI77c84OTkcnPp+i8Wg2OntDKv2axt4VVXaUxKoAGSQp+U4P1OAOoFYmr/E34Z+FopH1bxNpUBQEkQyxSSysgO5SqMSA3+71BBxzXzeIcppvEYqdSUrXcqjd9rpq7a+fVep9dQ9nStHDYWnTgrJclJR6Ja2SastdLLS7PmHw3+yV4X0+BDcxvfOJVHnynflgwziPccg9GPJxnA9PQvCHwr0fQ/G3iDTrbSoVSCwsghEELKGkBGQxUgM+eM/MSDjOBXPeJf22PhzoMElv4esLnVrlXcJJsWOIqpPHIUlTgHcFBwQTwuB8beJP2v8Axld63reraB5WlJrHlK8SlneKOAny2RmGQ5yTuDA5H8P3R5VbE0IzpcmipyblZ33irKOm+qvdtd329ajSq8k1UupTjyxvsttHta3V2fn1P1mtvD1lpAV9VntrS0HzRiSSGEJjGMkkZxnLYyDlcAqTjmdb+MHwx8Gxq194l09rpGYNDFJFL8oOG4BbJJxkkk5PABzX4reIfjj8R/E0pfUPEmpyRtnMZuXij4zj5VIGOPQZ4XsK8yvta1G8kaW7vZZpCf4mZsAkkj/6/X6donmUVKXLBtPukr6xa0tsrad+2tyY4R/abe1+VWura2votOm60vezP2B8Tftv/D/RZmg0HTZ9VABO/AjjEi5IPmEBipY9jyeAQK+bfF37d3jTUzPbaFp1jo1u5YKyKzyYx0OQSWA5PI9M1+f7XILBSzMTknJwp29cD2yOcYGe/Jqs1wEYKDlT8xCnnP8ACOTgcYwPXBx1rmljq1TmSUYrp1drx/L5v8jeNCnFp210WttbWVm1ZdNtetrntXiH47fEfxBI4vPE2pPHI7OY4554Y/m+8mEYZABAwMdem7mvMrzX9Q1GTdc3cshHLNJK8jeuWdiSBk4JJxk8cc1zZnYthAxQg8BmJPXntyMGnpBeSsoihlIbJG1SSxYHJIKjjPPAG4Zz1rnbxFVpXqTdtOW7tqrJWTV9ttdi5So0lq4xWjWy7JO+3bqul/Od7pi7O8hcDrlyTg/KFGTwT74GRwR81BugoJXdgkE4YcnAOM/w4HXOMgAciul0n4feKtekWKw0q7uPMIAMcEpC8k9VTj+IZI4z83BBr3Xwz+yr491bZJeWMWnQEZMt7JsHKn+BTnHQngHG0cdD7GB4eznHtOhgq8oytyycJK7drN3STd93v2aW3i4/ifJctjJ4rMMLTcUm1KrBy6fYTcm/JLstL2Pl3zHckKCQ3zHaC5Bz93gHb2z/AAkjqA3E8Npcz+Wojd3bpuTHrgKOrKPmIwc5OAMCv0b0D9k/wzpkMb+ItaF5JsV2trBBjqCUaU/NkndyPUkckEVtZ+Hvg/w94/8AhxpulaShsp7qY3CT4kecKQFMgIIO0gYBwOTkcAD6ePhzm1OlSr4uUKEKlWlTte817ScILRaaJ31tf7mfJLxPyTE4irhcC5YmpSw9aveMXCHLQpe00k7PaLSsrLfXr8RaR8OfFOtlVstLvrgynCrDayFSORkELtPX+LkZwD3r3Pwr+yZ431kxvfWi6fBIV3PeSCPaGBPKDBH0IDHp0zX6bWVjZ2A8rTbCx0+JJsERQJFIFA4JwM4Cgc56Zzgjid5Ck6I8jySOGOWwqEDocKcAjnGOvHJJ4/SMs8Ksro8ksVXlXcYqXKkoLS1778zVt7K9mkz8jzLxtzKvzwy7B0sPeTjGdSTclqtUrxV46a20u/n8jeHv2P8Awxp/ltreqCWTOHisQHLMoO5S0mSMHIyMZ5xnbXu2ifBX4aeHbe2Fp4bivJ1w3nXzNMNy8BzGxKlSfbA9gK9KQt5sYjXZKWYMX5GSAFfI55Jxjpgcdc1pyRmSPjczpheCAu/OSwx94dMg5A6HjNfY4ThTJcA4ujg6Sa+FuKctOXe61V9XfXZHwmM484kzOU/b4+rGD05abcI+9bRKKu1dNXd1axzltFaaaiWlhZWGnorllW3t44yFUjaCwA+XBwd2Qeh6YE0jiVld3lkdnyw3EKy4xlTnOBgEgkA8A81KbCZ5nVUZ5HycKM4OCBhiQSuQfl9TgDBwXXFglskM+oXUFpHGGZpLm5jgIHPARmUsOTkdGzz0U17Elg8NFN+ypK7TuoxTSUdbPol+T66LxYSzDHXSWIxFSbsvenNttxu3a75eq6uz06kMiARjy0KFgyRsSpDDdkbs9evPHPX1NRAzKqxsXZ3Owqu0gMpGST82F56dBnPPOeR1j4kfD3w8S994hhuJI3OyC0Jk46FeA6nqAo+UBu5FeNeI/wBpfQ7VJotC0h5nBbyrm8lVCCScnapDFfbBUDAyOBXi4rirKMHHlliYTmt40vflzLldvdtZfnfue9gOCeI8ycfY4CpShKSvOvakkrLVc1mrdbJtPc+lmhmIA+ZgxAjRRlVZe7EfKc54PTrRcXllY2pa8u7W1eOZWkknmjj2gA/cyQcgdTg8Hk8V8H6h8cfiP4mIg0tpYYckLDpdo7ynPQhwgHHqDg8E5IxTdP8ACfxS8QXVvd6lZam0Equ7Nqly6LKnQjyi2QR1IxkDpnFeBV40qYlqlluXYiu5NLmnBxjqlron366dVa59hhPDWGDtXzbOMLhlBKThCUJPSzSvNxu9LvTfXZXJv2lY44fjx8U7cbB5XiedFHTgRxsecZJC8844bgc14eInBJyu4gsyg98AcgcLgEYPOehOMmveP2ntp/aB+K5bBJ8U3DAYG3HlICDngEHOcYyQOck14gpB3kgk4wRgEYIwTkFSPXAwecZPWv59coxcufVOybu72935X0t0vzb2uf0zTnGVOm43UXTg1d62cYt7WbetlotNtj134DRh/F/hmIdD4kswRjI2mQfTnnjJz2ANS/HgoPi543KkgrrPTBOMRoo3ZHbvx35wSKvfs+Q/8Vv4RAIYP4itwMhsZVjkknJPQ9OT9OazvjnuPxb8fORtP9syqFwe0acHOMZ5B3Z4PTAyO+pyzwtFe9pZqV76pR0ts7321V2cFKNsZUsre7ZrVWTlHV9HZaW76XvY8mnkm3x54AXBAwFJ6kHPOMNnpgEYPeui8KqH1CRijZNpMVOOcA4+mMccHjI6AVzEysoRmdsspJAzxgY+bjI6jqMYIyTkKes8GyAX8vByLSTdntwOBnnBzyB9eaxoRUasHbRyTVldWaitL6b/AC0Xc6sTf2NS+tldXXRct18W27eur6tnuXxZvr/RLj4c6jpd7dWN1B4Ptmimt5XhmicTtgxyJ8y84UFSfTGa63wp+1Pqq2SaN8StLj8Z6ZFF5MWoElNZskZSDKlwBvmdAc7HPPHUZrnfjzFGtj8L5VRVeXwbErA9yJnGSRngDOOgyTyAM181yBUZgNxLDnnAYE8Y9eg5PQcc4GO+Ga47LsXUeFrTpp8qcW7wkuWN04tNNNaLTTrokeUskyzOcuoU8fhYVUuZRnzNTg1OVvZzjaUWmtbNaaW1u/TPiHqXh7XfGOh3/h3UZtS05yp23SCK7s2aQsttKF6+WCAGJOQOQcCvrz4FQrLo2sRrKqK2rKqI2OSE6LkYIIUHqT+pr8/dNhX+1dNdgpdrpeSTjOBgjPy47HgcEcHv9s+C/GNl4F8AS65qFn9ptpvE/wBluBGSk0KvHkTI2ATsJBzxg8kHivcyHMof2gsbjJRinUUqsrO0XJRV9Xeye/S11qrnzPEmRt5c8pwEHKX1enGhGUvelyVFJR5lZN2vY+gdThlhkmEjnBDImRvUEZJO49FI74YnBHfj4W+OFr5GpWJlCGUzPyuBgMco2cZAAwCASTwDxivsjRPHmh+JIDcaXqEWq2hiJaH5FvrUE5KyQEhnwBgkAs+NygkCvmT9owaVPNoVxZKwkMqrOrja27I+8pxjjOMnjoMivteJMVhsRk86lCtCpGTg04yTupSg7qzaa67aWaeuh+ZcI4DGYPP6VLE0Z0ZRdSDhUi4tNpX33Wmjsr2aXYPg1pl1qWveRp97cafdW9gk9rdWrlZIpVI5XBG5dxJccAjPHLY+vLf4o6poJi0j4k6Gb6yX93F4s0tGZ0U/Ksl3EBu3KMF3AIGGPABr5b/Z6ldPGCrGFydMkGC2Dw5zknBPHy5BOOxyOfrrUjBdpKtzbCRXzHJG+1gy7ApKg5z07cn1wMl8JVpwyyTpVfZTVee65qc1aDcZRa5bem+lr7Lu44pUq+awo4iiq1N4eDUrONSnrq4TXm9bpp6q12eUftGSaTq/w3XVfD2rwavpY1KD95bSK5gJUZWeMkyIwORhx2/3q+dfgyFXxJ4ZQgfJ4ltCBgcgyq2MA/MCcYGCQcgdidj44+Go9D0SXUNFmuNNinvE+1WcErixuldxjzICdnmAk/MACM4GMjHH/Cq8i07WPDt7eSFRaa5b3N1KgyREkqsXVBndhQSenT05Pj5jjXW4hpSqxjCUY0FOUZXhLlnF82yaTton8rnqZNlscLwzWpUKkqlOaxDhzK0lzQV4PlbTd9Lprm00uz9zdRhJw6PtjHlsEA67Y1OMYOeRgEDgtlvm4HyF+1XAZfhP4kdZNyKIzsA6BXQMMcEgkgrgZ7D2+t9I1zR/F+kw6noGpWmqWsqqPMtpEaaBlRBKs8Q+dCMMNrABTkYzzXzX+1BotwfhP4qmiKmGG1Vm+UBsmTOR175HHoBhQK/Y82rUamTYpxkpwngql7ST/wCXe6UXZq0X07aH89ZLh6tDiTLo1KdSE1mVK6kmpR/fRTS00uk24u3W17H5XeASsdjpWN4J1mA85HPmpyOnX7w9QMnbjA/bbRp4zpemIGcMdOszIshPK+UucEnaOo64HByCCa/FDwTEyWekvLwF1mA8cKFMqfeGMfT04Axnn92vDdnp2q+HtKiulRJl0q12TICJDiBdgUgAF8kkg5OFA5yK+N4AbjWxcd70KUlFpWvFry0a217PbU/SPFZKOGy2pZ3jWqJ+ijTdkt+ln91up4B8bPFem+GfA/iGe3t2bVH0u4SykhYo8LumNxK4OAARkjBydoyK/Ln4P3Et34x0C7nUtIdZdpJCxDs0hLZJzliN3UkEYyc5FfpH+0t4T1GDwlq96qfbbUaZcK08RIeMZUhpB0BAG0kk+44GPzW+CqtJ4r0iMhwBrCE5BwB84GD0J6EjpnOSa8LxErTnmeFpuLhBQvGLSSbdRe8le9ml6bW8vofCOnTllGNqwqKcp1rXWvLFU1yxae2jbs77vch8U6gmmfEDxZGtzLHHLq91ndl0wTnY244HTGADwM4OOc65uYr1ZpIgkzGJ1bbgeUQCTuAycA56Dr6ZOMn4oiQePfFkSRsNmsS5c5+ZQVOSBzwWwDjpx2Arlkvp4Q+xjGVhAcqM7wQeuckn1J+UY2ls818Iqk0uW94pysnq0nFX1d1ZPS33O+36dVw0ZQjOOjXKpS1191XSvo9n+D3PTvhUpXxh4ekCMDFqkYY5ycM+AQMAEADOOAAPrnvPiJbKPiNrd2JTsa8McoOMj92MkqeBzn73PPGK4H4VuX8Y+HmLum+8t3yQAB85PQZyBgE8kHGRgmt/4l6lPpvxG8U29xCZ7GbUNyzAbn3hEwQRzgZ+ZTwD1bIxV05wjZSun7t/X3WrW2e6aT+7Uc4TdJKK1itFpo209VrdNrVX66WtZcTr6SK1uTBHLGkkqQyoF3FSflYEL1X1IByeM9vSfgIWTxPcK2AjadqW0McDBt36AnGSecDkgnJyMVwGsTpLaW4UlBFIDGTk5VsHIC+57g89ABxXofwVZX8Tk4IB0y+AIGDny2BOeD2HWtsPDkxNKS+FyVm9L3hFWb306X8mYX5sPWUr8yjotLfZTV7dGne/TqchqGo2F3d3doNsd2l3do7MgVGVZmYYYAAZOeepYgAd66LxTa2ttoHh2SAKLiRNkhyGLqG3bjjJ25557fQZ831a3uItWv3hKyRPdXe4EZAPnycZ5w2BuGep7ZOBpWerXN/HBYXbb4beOQwEH5owF+6SwyOpJxzjGcHBOjrVF7SNpWm7KW+qkvLqvVaWJ+rRnKlU57yg1Jq917ygtk/R623vro39W/sxSsi3ZRxubWYVG4gguSc9fmz09jggetWNe8CeJ9Q8Y+KHhguFt5dVmaG8lzHGXaRmAJA2lQCBx2+UEgZPN/s5XkcEsKPg515ZXUcZjhAcEsAAR75JxnPavozxJ8UdJOpaxp0RMTxXTOpKqwwpzgYwT8w4JzjHODXu5ZGNbDw9pO0IqTh0ad1bWzvpfS9r/j8/nE5YevOVKmpSmlzXvLRONnbVXvZWat3vufJHxY0q80afQ7XVH8y4NrKJGPJYqdgIY9V9MkBh6gtXZ6fatdfCzw3FZr5V0Z7v7Nc8qqSB3yoOFyCSBzgA5xggVznxr1WHVdR8OzSEZNlKXGSX+Y5GT0XIORg9OeK6u0ZW+C/hwQTeVJHdag8YDFC8imQqu4cDnHHryACeeWsnKtXjDRqEU5Jbq8Jb3drry1atsztwql9Wwcmo/wAWErNaK8UmkujV1ZJapNGdobm5ia3v28m4toVE7J5ZiuQjbWw5OQT14yQeR2rc+HjwDxjci1VXgV2CMeSRsJ2t3OB3KnAC5IxgeJ6B4j1HTblbe+tmlhupN8yuzs4LEKhjkzkHOCwHX5hngZ9P+GNyH8Y3DBfLBncEZGOdxAHQAgYJxkDB59PKlrB/C/efw3WtlZNNJabu/W9tNH9XlalHFQs0k4xVrt2V1Zq6t5dGtd73f9Wv/BC6dk+K3i2DA2t4B1B9qjnJvEzj8x175G3iv6NdaTJX5WIEfXJXqAOoxxk84HPAzX83f/BDGZF+NHiiHcWdvh5qWOeBuu0bpyvXrnOfpg1/Sbq8eRksB+7BwoBGCFHTgH+P06fWvybjvmeJw97u1CEV1tZq1m762e13eyulufqPDq97Ecu7cW7aPWMdfy3eiucoo2gfwBuTxkkjjtz8uFHAw30wBOpJK4zgHg4BOQCDnsGHp90+pGKFQA7uuCuVOQcjBAH3lHuw9M85qby1VQyjAADf7vb5lAJJG70wOWzxXwkErK/bXTfW+3l01/O59Wrvd638lvy2+av2f5FVlLbgMgBic9wOcgdBj165JwRjio2iBVcAZCscEYHGORkkgZOcH355rWUR7c5GNvGeAxxjnBwDnqOOvHBBEY53AhSFO3cQBheQCGznpgAD144wKG9O22+nVb9V+Dt87EpX6O903qm+nq97WVtPk0c9JbAlWBKt948EEY3Y54wM9M4zzzis2aDHBG75iSBknB65POOQcE/pXWSRBlzsJZBhfXkc5zyeWBI4DA9R1rNe3BMhKggA52gqcE5wM8HPI64OMg4qoStHV9fJyTtFdnputfe033tD1lqnstLPTVWS26fj6pnMtA5ZgV5DDaAOTjqM9scZ7kHI9A4W4Yhc9AAMgg8/wnueRx0z3Ga3ZIABuIJ3AjgnJPUA4J28c9eWIP8AHUC24QjjoCTwGJZcEZHIIGeeTk87RlgNOZvRdHp2tdW2T202+/Uizvv7ttNdb6dOzvrdva/RpZLWgfkE7snPJw2M8jnjryOAQo9Kia0IxyCTkc9CCM5yRjpk8kZ47nnbEYZchcYLMeDtJbjLe/sTjnOcc07y0DMCCGwoxtXpz04xheOenO4DpVWne0v+B00d7brvor6FJXWl9na3yt8tel/RbnMyWrKu3aoAOWIBydwXHoR2IznJ5I5qIRNkoBnq20AEA4POQeMbs5z8x46100kGdwznPXcQQVX9B2II789TmqxtioBKYBBYgHccDkADIIyOSRn1OSadkvL+vPv16v7jO0lLTXTte7ut7bdUumve5jJG2cY6KT8o4yfUnJwOBgHDHJI5qzGThfkGMYAyeSCMhuh78AdQRWgtvuCkIQT82Bxk479cjjPTrknjgJ5B4G0sR24IAOOM7STnAwcYweAOlDcX+H6Pqttr+qvtcIuabTuujtsmktd9N9NFqtVbRtiXJXC4ORk4buQMfhjA6Zxk8mr8Y4Qgc4YHOeRnOMfj3+nGACyJSCDt+bDNlcqOnQg9G7AEHPToQWmV8HgnnGRyQpOQFxgjPAGeQew5xUtNJu7unfd2skt0rK7tfa2r2vcqKs1+Wibdlt9z6rXuiWMHAYDGM9emDycjGT69/fJ5q6ingnAVtoIxkjggdj1GNvy9fyqomdyMp4+bgD5hj1B+6Cc/U9fUaELqW5zuKqR/vHK8Z7AY4JB6HA5pJNKy6b2V3bms973b89tdmzR8t1ZtqzSfyVnoraXbaTvd7PpKqYzIwyy7shs5wOB1yenB9OecdJNhTbtwM4+Xry3G3GDwTzljzkAZNP8A3eCSCSWAxkcgdRlTxk4JIwcgeowfKGBDYztUA5PBHpjjBxyQQxyCO1NSSta17K3Tpe3lo/d3Se2w4Rs22kn3tfe3S2mzTa2Wz00bs+ZhkMeCckKCp6ZJB65yoHQjGRjFWo0bK/NhQuORyCSB9RyMjuB17UmRnJX5TxkjknIySeg9wc4JFWVkBPAOeeQMjB75OBj044ydvvk23/wdey6d7Xv07bm6V7Je877b22avtsnZLz3J40zuGOwBJ7lRnBwckEgcqMjufmwbka5OOi8ufl9gADjr6AZABJ3ZBqCFsYGO3GDv5Y+mM9iMNnOD9atoWySfTaOByuBgYJGCRjkkY7ipbsl383p01d/XtfXS12V7PW2ltPVuy79e17R0Vnu1ajcgZ3YHT5TnljnJ3EZGAQO/6irkbBypHzAgrg7sZHHI4Pp8pPynt1zVVd+AwOC3CgEEdNudo6AsD074PTizGwG1VG44LscHK85IGM5wD0xjI4AzmolJPbT5+lnpp0a37MJpcsnpto03ZJKN3o11918r620uXVYnqCOB1H93uMD7y/j+ppyvkriMkAnnuRyeRnjaT6ZHzEsMAVCu0Ahunbk7s4IOOcgnHIzx16VMrHOTkE7QckYx3H1HGT3x+NRrZK70d/60/r5sUYpJaSadr662Sg+2qunorX+y92OBJJBJHXjbyM+hOAeTznHHIyBkyY2sCTkDaAcnBz229AASR05PYHqgzuwSQRk4AABweoIBJ6de/OT3EiKSeCAMjOV+U9QTk8AnHPGT2xiqTTtfa+2l9bO9+iad9elvVQtX3s7NeS8/wvsnufkt/wAFuLYSfsBauQAxX4l+FWwRjIa86YJ57A55xx9P5FbOONWijMMCqwDsxVCWUpzyTnK+nK4zkLjNf18f8FsWCfsB67lCT/wsnwsQcjn/AEskAcZ6FRngdecnI/jfl1eSNyqWU8nKqCGAHyopypDEYKgHjAI7AV/QHhK3PCYuKs5KdPSzu04q6dr6adt0tOh+M+LrmsJlnLdJVK3M+Zvfks1Z7ed7abJrX0QRW7ROqorHZgsojUBeSMjIBwAMMPujjJ5NeQaZaofF3iBcLgyQnHQBflPPTOemOAC3J4FdBB4g1IxsqaeBnK7mZgSpLDnHPJ+UEdckcA5rm7Oe/h13W7ny4FeVYGKNkYXH3iSmSBgnkZA7FgRX6vXjaVJe7dy10S6bO9rJ6+nXz/E8I51FVjKUkvZ2undv31or+SXRPXfc9ot3hgj2KrAMFJUgFs8buMkYJ56Z6YPStqxeJo5flyfmB+VMfiMjnkg8gHP/AHz5IdV1GeaMSXFhb7VHzC4jjLYAGCNwOCvAzyo7ion1oQPtfWoAXyxK3UKIpPBBJcYG1SDj+eRXTGcYOLcoRV3GOqsr2SSSfe+vK76a7nO8LNu8Yykk2kmu9k/Pbrazu9NdPMv2lNFtdU1q2ju/Njhfw7EcW7tEzkTMSrbM+nzDkc/3lxXiPwc8MeHbzS5vt1pdyAalPboq3cqLsClQGRWIJPynJG44Az8or1z43a5Bd3Fm8V1DcrD4eEYkik8xGYTlmTfuILcAdTgkgE7cjxz4L+Ir2y0m9Ftoq3gbVZiLmSUoFbcxUAk5xxggnpz2OfBqqnLM8KnFT92o9r81uRq3dN97K+tnfX6KjUnSy+uozcLKhG0nyqOtmrvVNLvZ6WO0+KXg7QNH8DaxqFlpSR3AuIk81pWeXZuAOVJwcDjOD3HIAzi/s56Bomu6Nqc97pVvdywamUWSZQxVNhyPmHI6gZ4GTjpxZ+LHiXVNQ8Ia7b3VnBZRq1vKY4pC7MxYDceAox044PHBPNcF+z3rniBNH1mz06eKGIal5kjGPfJyhwMhWPQDuc98DkZUoqXEVGLpK0qEuWGmvLd3eyvo76ve+uw685PI6r9tJONWPvuTdm5x+0lbZ3svd1a0uegftB6Bp+lWHh9rTT7aCKWS5RRBGFLqCQFYjBYAnjHHU44JHZfBDStMu/AWnXU+nWrv5t0pkaBWkwrlcMSC20DA5yF5PbNecfGi71a70XQPt9+JpFuLnysRbVRfmJx90ljg/QchieRL8JY9Zk8G2Qg1e6hgaa7EUUKbSCXO4ZHPJ55xzg4xg10wTpcRVoqknehF8icbpXpvs9Oj09OxjPkq8O0JSrNL2tudtybfM72abk+lru1+zK37QtlDZ2lg8EMMapa3LBQiJkBtuSBjlc8AjqM4xxXv/wAITAfAPhqS48lZBpMQUlovlUqoJbOck9TwwGQcfMcfJHxuhu0s7UXd5eTbrOcEzlsk+YMqBnK4B5HAOOnJr3H4VaBcXfhTQvs0d++7S48F5nWEhlAwADgKMDjoBtBHJFTg3VfEmNiqcbvDQXL2j7jb2020srRVvQ0xioQ4dwMp1moKvK03om7X1u+vb5dbHlP7U7xjxdaGGdJFXSbdd+9SimUq2z5Swx1wuMAZxljivpPwBf2Fv4R8ORy3kO4aPagr9oUAEooI27snoOCOgwCMDHyp+0no72OuQRyxquywso2jVjJl2wdzFjuzwVJ5xnHY19H/AA+8HS3PhXw/OtrbpG+l2sjGQGR2DqPlyQQOwyQO3/AVl6rwzzMOWKUpLmte3L7yWyVuqVnr2u7kZksPLJcvcpyceZqLivilZPa6S37q/RanyV+0Bc2zfEiV7eeNk/4lvKHepHmxllLLkg45wCQOD2FfauneJNEOk2kQuJJVXT7JNwtpD92KPcFfYVABB4BPXnrXxX8eNL+y/EmW3KQoVfTMLGoVATKi5Ax1wOe/PI+bJ+67Lw5dJo+nyKYlQ6XbPtjjUDHlISS2DyRlu3U4HFGV0608yzJ8/Jepronq5WaSi1fTpr5dR46dCll+X3jOalBqK0Vlyxdtrb72tp2T1+J/jVdW83xCtbm3WV40/suRUZMSPhwdqKRlQePlz0xjgc/Wuk+OzHa26JompOjR25UlEUE+SgPUBsZyTyfb1r5K+NFvNF8RIU8wM7RaaykZ4HmKoxx97PvxivsvSvCV/cW2nSSTsqm0hk++cN+5GCVHTqM84Jzk9z2ZJCpVx2ZxVRQUKsd1o73639d+tm22jhz+rSpYPKpezcnOLaS05W3Te+29vOy30PhrxBdzH4x2upLaN539vrcJbEjeWVozsx93cWzyBntkAV9i3nj/AMTXmm6nbDQiIJbVlkV5yFC7fvkZwu3qAOCQCcjIPyFrFqE+N2l2byMwbxI0LEEqSRt6Hrx3AGeQeBX6OX/hLRLTwrqd2IXEqabLIzvN8wl24G7BOV7nJ6DgEnNaZLRmo5w/a8sVXqPRp865ba6N2du6vvpY584rQ9pkydGMpeyppatNJzje2ztvp0erWh+cd1qWqQ/FDRtTt7VDfNEipEciPeXKgrg7doAOCPbPavpltR8XXMcq3NtaxK1hc+apnYBQ0Z3BQrFQxPIAJJHXgEjw5LWCb4yeD7Vm3xTrao65wADI5wMchcHH1HIx8tffPivwvpVn4f1GaG2hjlj0m9cFfvfLExDHjnO7ByMYO4ZrDhqlKWCzO82kq87Xle6UY6vSWqTWrtfrvdbcR4pU8flsPZRbdGldyTbv7SKj81569d9T84vhiurWfj55dOlht7oR3rgzEOm0yyCQ7SCDgYGfcN/FX0vc3fiV4ruaTVo0LW0m4RQbwQEYsAMADI4ByMdwcCvG/gTZ2178Yo7W6jMqPpl5IUIyGJd8j5gOme23OcAYGR976zoek2mhawsNjDGYtNu5Q2EyuLc42ldxOcdSDhRmjIqEXl+Lbqzi/a1koczWqUZXSVtWna3bZrQvO8TN5hhYxpU5XpYdqco3d5S1WvbdbPS99D83fhw2oSeNWltNTaymkF9i4VQZAqs5YgZwrPgnI5GQDivofWLXUk0LWri58Q399jTnTyM/I6yAj5gGxkAKCGAPGDnIC+X/AAB0+31P4qafaTWvnw3MeqtIjcg7ZHYY68DPGCQP4ScCvtz4reE9H0zwT4kk0/Tkt510qOR3BUBfmO5sE5O4ADHsBztFcGRxg8rzCcpWalWSV276RavHZOy/JdDszedZZngIxhHl9nRvJRV171mrtNq68/lsj89vhP4ct9Z8Z63b3KXUqwWcTf6PIyuScDJKY6DPr6nqMfRXjPwRZaR4J1i9i0yVZI7dEEtxM5KM3QhWbDE9ecYPGOCK5L9lqyguviH4s+0RMw/sq3kQAnADEc845GSBtyCAcE8ivqv432lrb/DnXPLgkPy2W1mOFIMig984Ayp9wBkKarLa9KGW17005XqpaLTVpWb0srvdLz1bZ1Zph6tTMqDU5qKhR91Pq0uyejSt13tpY+GPgfpB1O/8UpFYtdPbJAzjnAYqDhjyvXpn5uCR7+sfErw9e6b8P/E08tgkObe3Y5ySoaZcHrx2GfmBPy+laf7Humtq2tfEqGGGJngFsTuIGBtBB9cqMnoFx2JBr279ozw7cWfwy8RO8sXNtZqAqEE5mQ7TwCMLjqSeuCa58PioTyyvFJJqNWNlZXbu77fJW1bsrKwYjBWzTD1Od6ulK2jTa5VZdd3dxvva3Y+WP2XPDdz4hPimK1SEvC9oTuUN8zRj06ddpHTlsKvFe4/GvwDfaB8NPEV3O8ZVDD5ihUQglk4Ug/MCeSMlq4n9jG4n0/8A4TllspbrzLmziUwDgERr94gYUcZH4dcYPvH7SOqXV38JPFKHT5YVR7dS8zjIAdeV+YKV4J567tx56duCrtZFKmowbdKpeTekVo7O3W176LdddDnxeDqSz2NRc3KqlG0Vqm1GG+sd7dNXdrXp83/steFNS8SeFfEMtmkYjttZiikLt9wkMRtwAcFcbucHHflR3/x48BXmjfDjXbq7kTct5aLhGO0F8EcE/KBjuOeQMjAWx+wnPIvgnxuGjVlPiK1VnP7zbmM9ARnIPp6HkDIHpn7Us+/4ZeII1kDFbmwfhOgG0EE9SOigDAA4J+UZKeJcMgjTbiuei4u9m2m9Nbb7X1urW2tbR4aP9vuUuZJVINX3T5YvvsrJvTZankH7I/guXX9G8RyxzQBbe8gEpcLyCrbQvBxgDPT191K/tI+HY9FvL62whaHw3LJuLD5S4zwp5xwQvqAeMg1337CLt/YXjA/Z/tCLqFqT8pztKs2O2fXPTnHvWF+2PqXl6zq4WxMG3wygC4xhSmQz7RgcY7DOO45q8Pi6n9jRw7TVONGTct2kurtbdu2r6ffOLwkZZvOtBvmlOnFfE7/w1zddF97s2tNuy/Za+EsPi/4UaLrc7qsa/bE8tG2s5i5Y5HLf7hzj0GWFeIftIaRYaZoMkNkrslvfvDlmYsjKW4UDoV2jPHOecciv0E/4J9Wc+sfsz27waWLi4S51nbdsu+O3VFZgpYAkYxhewJ55IA+FP2kxNNoOqf6OIXi1u4RskDMiylSQGAzx/CBkkYxjFedisdKtklSja0YUI22u4x5Xo9Oq23bPSwmXqjm1Ksm3KpUm3rdpqzvpqum9r3V0j0r9nPw1otz8O/DF3eWkE1xNDP5hmbIUAnbgHoTjJwPf5iK5D9q+w02Lw14YSytoIWS/vVYR4yQq5AOBzjkAnOR64rsvgNf6fpvw18NLd3RWfEnyBMg7icfMCdgTJOAADg8Z6eZ/tH6lBf6HpAgcukGo3pZ2AG4spxgcnjHII7gjOQKrE4hy4ao01KSfsaOmlv8Al3ZPVefdebM8NCjHiCo5tc0qtSzurq8U2ret9Ldd0rX9Y+BGlacfhJ4XupbS1eaRpQ7yQo7soY4JIww5IO7qDjPrXWa4kAXSUhSJTHrNsoKoqkBphncFHIx7DOCTg4zifAi7tR8IfCaEZkTzQ2MfxO3POOwB6c+mc10utxoDYeW/z/2vaNtz0UyAKD24I99uenavfy6r/wAI9G7afsYJpro1C2qerS8rWV10PmMwnRWcV3FxV67u76x96O3m22tdLJO+pv8AxgkVZ9FiWNQVltWUxjb/AK+JY23EAZB2nnB+63c8+JeKJoLHwRfX0ojkFglzLJHx5jmAtII1OM/NggDIKZ7qMn2T4wea02lCQEukmn7eQpOccjBwSATgg9MDPygnxG8hefwtqcU8SPGdVlhfzcYKSnYykMTng5HB3dSM4NcdSlOTmot+/TsmtHHWK1Wqvfrbp6s9XD4minGcrLlnFO1k7KWultG12Vt+t2vhTX/jVqGqWE1haaFY2UUkrEzyMXcEEeWyKfuupweOM9xXkep+KNdvLhrnUr2WfzERRdTu00iKowsaB+UUABVUY49819D/ABG+BGvaJYw+JNEtDfaVe+bM9rbqHntSG3FwgBIUAhhnnjgZGa+bGtHDSQXMDu2/ZIjA/IV4OUIyjKeRk8YJ5ORXxGPwOJpTk68pSk9pWauklbZW1TVku780fc5fmOHrU4Ro8rhaKaX2W4pO97667aLRWXUoSald3Mcn2i8do3YfcyAQMbQOOWHGR79cYNc1fCSGQEyyOAAy5dinXaoOCVJwpBPHAOf4cbF5F9iyUDTWpJcqApMZ6YwAvORxwOxAORnm79neUShT5bICAucYz0z2yMk/3m4ywDE+NWlLkSlF3ilZvVt+7rfdxvZ3u7bbWR7dJv3eVqWqSt0em9+m21kmrO1rGzZXm7Sr6OOJIr6ArOblAinyScMvcg9wfu5wDnGK5me5llDGeaSXeOjs23k9duenUe5z1FXtOuVinlEgBSaFoXPJJOCRn8SAMkANnOSwArsgyR94gFlztBI3egzyMcgjk898Vyr2sopxpqVnqoq6t7utrWu9Nel9u3c7OKcnFWtdX7tatR2vrZ9dO7v9Y/slpbXWteLbG9t4Lq0udLRpLe6gWaPh1GNrZCnoOMgDjOSa9u+IPwS8EzFb7T2fw/ezDzYxaENAWZuB5LFdoJPIUZyemOR4Z+ym8dt4j8RSyGRf+JSHTaCob5wdo4G7I69+w6ivqTxnq39oNaeXE6iKFfmbhwAwAORyy4+bccqMZPav0bh7LMJj8risZh4yalLeNpXbj1S5k7p2tpvp1PyDi7Psbkub8+FxcqcWqcuVN+zfureNnFpre66pHyTdfDfxbp898LDZrEdo6qxtyqSssgBUlT1OMF8qe/XFcvPLqOmSrHqFrd2M8Z6yxPEUfviZQN3OMEtnPOFPB+uNIuIY9S1pw5ORZlmLMuG8s4B+XgHoOc4ya6S+ttG1SIw6hZWV7Ht5M8SMdpAztJwRgdSB2UZHO66/AOFxEJVMHiZ4ecXZQm+aCWj0tqtOvzbujXD+KuJwbpU8fhI4inOMW6kXyy1UZNu94vutFu9tD5i8O/GLx54ZKSaN4qvkhhKstrcTteWmVA2qIpGIAIHt0OBnivqPwN+2drljFHB4s0SDUYXZfOv9OcxTyDaTvMIwvIAPA47Yzz4t4z+FnhE6fd6jpLSabcqUIWJy0TF5ApXYcgKpOMfw84+ZePN774S+L7CETaaYNYgMSSqtvJ5cwUgEbgCPmI6AZII+U8kn5bFcPcSZXUapt4inBJ3ptyXLdbR/FPo1933eWcYcOZxRjOfLh3N+zarRjCXN7jajNKzSva91rtrZL9SvDfx8+DfjuSO0k1S1066uFPmQaxAEKsSQV88qFAH3Mk5OQc42k7+p+C/A+tapapZw2lzZXkW4z6VdJKgChgGURFsFiBwBkYJyCBX4u3EmtaU8kWpabd2hQlZBcwSLHkHH+tC9AOSckcjp367w38S9d0K6tZ9G17UtLltmBjSK8ka39i0bPjaQDwcgZAAzzWVHOcfg5xVeE4OFnopRbkuVre3vLvv6o9OplOWYyEnRqQnGpZJtxlHlfK9LPV2d09dmfp3r3wVg8vztL1IBkneJbaZQWQE4QtIPn3KTk/KAOh7mvGvGXw68UaLDAJLN723jvYN1zAC5ViTgGM+pBAC55ye/PEeDv2r/ABXpjKddtLDxHbFl8yZFFvcbQcll2Aq8mckE4OVGSc/L9Fab+0h8M/GtmsOqXEvhu/S5gdI7+MNDI5YDJdAdy4zyzcnB7HP0uX8ZuKlCrVj5xq76cqtzaX289dl0Pj824Cw9aSq0aFpJ3U6VuVapNuNldq66Wa1vbU8cSGRC8U0TxeUAG89DEytwdu4gA4IwBuz1PPFaESRlI1dPK2lSreYm1/oVOWBwRwRznjjJ+v7jw74R8S2EM2hajo+qNeRkOkc1tc53qpVgpYyxkNkbcE9R8pFcjcfBV/IZrPyZJVDPPZtGqhSpOPKJIkU4wFGAMgEnOa+rwnFmX4l03VpygrJOUZXjfTfZ9Fbd621Phsd4dZnTcp4asppxvySVnZ2fKr397to/lc+PNLXytU1/JLD7WpOCxGOMAgZ4OTljx1xwSB0Vvt8yWRSCp2ts8whjj+6CQOnQADAwT7+jP8I/EFjeatNDZSXCTSpNMQFSSBQPuBc7XCgYyCSc7iM5A5XUdBubGURXNvc2skgZlZ4eingMxACYyODkdCBjGa9jDZlhK1KKpV6acpuXLKVpO+tmrp2s1ZbJLTsfNZjw7mOGm5VcLVcYwi+aKb1jGF9VdW06qzeq6nI+Iv3trYOJSNt58isMlSQRgZBPOOowMc45qrY6xGdNjtr+yg1CPfOhE0aSE/Pyp3AHsAAcDaeBzxo63ZyRwWpM0MiLexopG3cSSQwBJIzgjGOxB44Nc5BpxfeEdoiksu5ZEyvzEkMrY4+8MnJLY5DDk1yxnWrRlGNSMoK6fLJJ2i35NaXklbTTzIXtqWBo6zoThNpfEpRacXJ6WfTXr201efqnhDwFrQLnTZNNuMkhrRvLAJG4uIgQu3PJz2zx81eXwfCvUNRtpL3R9QhmjS6niit7kiOR40ZxkEEDJ4yS27v1G2vY5bKeORXmjR1AI3Bhj5h95hnGD6cDjtxijo089nYRi1/1bzXJdQC20l26egOONvLZw2ARXi43hnJsfVpxrYWMJTUm50Y8jv7lm4x2vGytZp6vSx7WW8ZZxlVKpUp4ypXjTnTh7Os3KNna6Sk+ZJ7PlkfPOpeFfEGjTMb/AEm6RUJU3EStLGwGBvLJklQCOewPU8ZxJrqW1ZJrW5kimWQAbGKSqQcYJUg8AcAkYAJO0cn7Ft9aCWz284Z38xGZZ0EsTL12MHB2g88jpzjB68P4q8I6B4jTQmjs4tLub3XY7G6uLNQm6KUhS3lptBOTnvuwOM8V8LnHA0sNSq4jAYjnpw1VOd+fVpaSWnTa679df0Xh/wARaeY1aOGxmG9nVqOynCV4J6Xbi7ST2srystLdtb4e/Hnxj4W02TQofEup2lreQCOeOWdrmzkQj5lWGQhYmLHO5QGBUbTjr9S/Bv8Aa31Twx4x0CL4lSDXfC/lNpTa6sYa7tbGdxsS/iO7zrSDKoC2SEX8F+K/iz8HPEHwua1kuBJe6Ldx+ZY6vboQkW5spFdbchZMEZGQBj6E+WWGvSwMILuYyoRsWUEnGf4XBzwRk5IGOxI4r4d1c0y2o6NSdWm1aMoS5uSUXa61dr+d/wALM/S4wy3NqMJShSqL3ZRqxjFSTWq5pWve973dnpc/ov8AEHwr8O+IfCcfiv4cahb32mX9/wD23bC0mSawuxKpmlSIISYJNzAeUQuDgAfeNeBLpcjaFPY3cUttdfb7iRreVSrwmOXcNysAByuFbaAQFOSa/Pn4G/tJ+PPglqcEmk30+seD5ZFGo+Eru5eWzaNiPNm04uW+z3AXOxUADFQCRX6z6B4v+HX7QXhmHxF4A1O2/tk2ztqulvsTUdPl2kyW13bH5ztbKpOobIHLYJJ+qyjPYzVOhWd2mlGTavG9rJt9G9nq1Zrbf47iDhv2cZ1sNG6XvNLWL0i7W6Sdlto9GrNnyx4n0O31DRfGWnX9kl5b3UFtcIrqrMrCJRujLfdKgZJXJ4J5JGfjTx18Ftf8L6YfEuj2tzqnht7aGSUwq0k+nNKu478A7oexOBwMnaDiv0O8W6Ne2E+t2TxtGx0F3ZtrbGeFSPkJ4OMH5QSV3Dk4zV3w4Ip/hr5cssSB/Ds/mxSorJKVVl+dWwWHOAeoBOMHp7OPyvDZjStaPtmk4Vkopwdk3F3s5WvezV2rNWuj5fKs2xmW1+W83RUlGph5tpN8qvy3s4vztvrax+Ml1DH5W0BWfcDnBAI57ZGHU4ORgrjGMivpj4O/tKeJPh0bfw94k8/xB4McCA280jve6Sr4j8+0lZmZo41JJjPykZAGRk6fxQ+BK2Ogx+NPCUbS2K6ct9rlkx5imlYhprQHAC5yxQA4xwSK+WUinwRcxyxfuyVWVDGygA4bBGWBBJBAPU89q+ExeDxmVYmKm3Hks4VIp8k4pq2tmrtbvdPRq5+mYLFYTNKCcGpRlFRnTm/eg1bSSTk09dGrtpJt22/ZfQ5PCPivwfbaj4Tv49R0wzvO7Rne0LSIZDFcxElopVc4JYKCfu8GuB1SMa1ps2j6iscUE4aBZ5kUlzC+2MHeMHcDtJ5wCN3UE/nB4E+I3iv4Z3ovvDuoyCxudqX+mOzNYXkfIZHjJ2o5GQH25ydy4wcfoX4H8eeC/jN4WjtdJuxpfiW2aL7Xok7KLn5HDTzWzE5khkOCOdwAAIA6+/k2bUazq0sRKMKzV/esozvy3TvfV3vpbfRnkZrlVWioVMLBzpxjaUVo1dxtfR2a0u+rVt2c74Z1DxR8FfF+vWGnG58R+FtT04Xd5oBZnigIXc9zaA7hE8Yy2EwrcDmvqa8/4Qz4yfDnTdY0loJ53aO3ZCqC8024XKPb3MTfMEYgoxKhWHfoK4FbC3s/FMqSmKdh4daNA4AeWJYikiOrjO8e/wBPWvDtL0fxZ4Pe78VeF7ySJ4NStriLSBxp95avcNvhmQD75UEb9vBJJOOB6lWioqMqUeejNXnT303vFt7arTq7q+tjyVVk+aMpezrRjDlqXtf4fdnpvdXT082ffv7H/wC3L8b/APgnv40msYBdeMPgdeX8Q8T/AA5vriae2topnUT6j4adiwsbxEzKIE2xyFSGr+xP9nn9ov4QftU/DbS/if8ABrxHa61o9/BE+p6SZU/tvw5eFFMunatZZ86GSFyVWVkCOF3BmbgfxV6Nqvg74mDW9N1AWg8QTaTHc6l4fmQC5tZlgyXgyQZIww/1iZCggEd2p/sy/Fr42fsn/EWH4kfA3V76ytrVZH8W+E7iSSXQfEFnDMxks7+zJaISzxLsguFTzY3HGcc/nmf8PQnzY3Lor3neVNLVvRtu213fZW21s7n2+R59fkw2NbUrJRqNuzSaSvfo2uZdLWet2f3jtEN2FGCx3b8deTwQDkZHA6A5zj0QqPm28FmyRxkYHQcHJGOATg5xk8ivjP8AY1/bq+Dv7Z/g2C/8K6hb+GviXYQIni34a6lOserWF4gC3M+lxyMj31i8gZkMYZ41IyFH3vtFo2Vm5HykjYQVfOfmU5AYEcHnAAx1wDX59Vp1KcnTqRlGS91xd7p3WjV9UnutlrbRn2keSpFShUTUmmnumk43kmreWl7dtmU2jyflwfmPQ4HGOuO4XPuowRgYNQhfvN079M8jAxz6feyRzu9cGrLAAckAhlVQvYt64znOe/GOuOtNKAMzHjgDHH+PH5Kecg85qOZx76+V/wCVflb5aeRXLJLR9Fvr22b8mtEtOncgVRkEArnAUtzjqeuTkj17ZB+7TgCBubJY5wCMHjIyTgAHsemcAnkkVYTAGBgg7T6kD6jjJxjjgcZ5zRggkk5J5HHIB59+SD2zkYyQ3JzlJcz0a2SvrdLRd3q7J2erT35tItJNJ31t0TTjdW16Le/4q5UdSSVAAJAXPQjJBUDnj+RJ5x1DGjcMPlAC8cjuB+q54AHLcjBq+oDDHzdcA9C2AOueeO5654wcGo2xuYEliBk/UjK/y5PGcFccHIpNOPRWd7PTeNneVnbdLz72N1UWiXTR7tWutfzS/WzRRVGx1AIzgntzkk/wkA9MHjsPQ2nBIywyR8ox09zgcEDgYGeScgirTEhRwcgdAVOST2ycYORjvj3FMBJP04I44BwAo6ZyO3JzgcKa1i5S6Wv0Vn0TbvfvZJu12t3cTkle73TvZq3wxb5Xvd6aX3ej0YihlOSBu6gAjkrngg9Tz1PoAM4NTYJPzHIIycevQlQMc5zyT79KahDAg4ypxhR0GDkZx245IHqMYp27klcYyTzjAwc9c/NjnBPXHuKmzb5b2a0ejvd2tLpZa26rez2Zm0m1pe3k2vstXfZX32vffqrj5Bz94EgenOASe+QT0AxwDVZgQOSM8AAqeDyOOmOnHIz3z0MvJLDDHjJCjJHHAAGRk9eflAzkHkFnfuCzNwQpxgHBOcrnBA5wMD3FNRaSbafn5aevN3ultte+tRiuy30ez0cWlu+bs9ObTe7RGq8lg3AzhRnjB+XnAOPpgjkHpuLPLbAOApPDA9OT0HUZGB0xjnJHINjnGF3YBK8kAhTyenU5wQe3bqch4ABGSRkDPPHbjj5eOmM+3Wri1pZdbX63ur7206aX01tZ3acrNacydk+6SS7rlfXR9FdvvUcAHBHQcKccEEc45yDj3GcHrjKFdwIB9MA5PQnpklsf0OQOlWWBJALHccHkcjPTgY4yOB0zngClIOAW7EgAYxgjBJGMHOcY/Xmk5aa2u999dV6bPS63TXZWFyPVJJ6Xb5k5fDa2mq2XTTWyvcbjLEnOTk5HT3GDj0G36bQBwKXk5OD1Ykj3B/w+b2PXinHB4GTgqBnj6j35xnv0PHOWjAwOpJxjg5XGee+Dz1IzjB9KlNvXpv8Alpbbtpr0FFJyunolHSzdtFrpfZNrXRq6em4o3BsDPUjBPXBJAHTGB64yOx5pAmQTtKkgksf7wxgEeoGMkdMd8CpGIPIIHGT0JAYkY54JyAMHg5XvikySCT1CnGe/GCcY4yeg+b2zxVN7W3XfXorO12vytt0Javb3buLum2rv4drbWtzXu3bXZMbjJI68gjA6gc8j1BGduMN3NOzkZHYnk47DgAHufY+gHYBOg5PTGevAJIIz2PQk88cc80nHy59ccDqMgdSRjk9T/u+gpJptN3Ttrqrpvl6q/TdarTS9yo2i003ZtJS6/ZvbVaJt6Lo7PVIaRngE9M59yckHPU5OQepPAIJ5CgJzyCGBILc4XqAMcNnODjGO3ORIcBThT6Z9T2weT7DsST600tgL8pU8ZJ5H+0MA8ZGR82D+WBXNZOzXSye72Wivsknfra2pLu2utt31u1G773X/AA6vcM8MTnAxg8Yz3B+6C2O/Xgk5ySGnJOS2WIwT3xjg/mAD/s5GSejsfQFSVyeByuexPOCOmAecknAprDAPOTjGBk5BGSc/jyTnjp3obu9Otr6X3tfrZ7a2itevcjHmumuWLu73urXjZ637LdK71stSN8cEfdzx9AG+gbAUnknnJOc0mGyQcEHoMkDIPJ4HToMYH4YyA5YYJxtIPtkkHgZAz2OQcgE5xzTsjJ4JHGOBtbAyBj1GCQuAAw4HVqmz6JpK2y2tbXpbZN+Xc0UYwSSd9Enbyd1bZb2srLZ6q7Q4jJ5IXI6bcgkcHPAPHY889uchjqCp+bnBOeVyQcDoAfpngggeuZy3XBy2FPABAJGOvf06n69MK3HK8dBg4OM89c8ZGe59D04I21smm92t1tvb5Lr0ttrPMkrq612SS/lsm+js7prorWVrlUg7j3GASRxluBgknHXYOg561G6t1bJyo7Y+bOAe3JJ6DgduGxVtlAxnglsHqBtUfKBncdvQAgAj5eTUbY2jg8s23GQcj7uSOAB9MnJq23vd76aafZ+++r6J9lreee7Sd1e13Zu+ye90u1tE7dLNOhtwVG3BxgDHA9ye/oO3HY80oAIJP3R/ETjkY6D+8ccEcsDn+I4tsOSuc4AJHp2A3dG+g446ciotgIwAeBnkEhTx34zwM54OMkEDqk0rXWvnt/mlu9tbmvu3uns12utO+9/lsQbVOCBjjGc8nHB4z0PXJycgjg7gGGMk7SCc/MNp65HbBGAO4GOeGFWhjcoA4wMYA49859eo4BzgHsVCjeDuGM44wSSPUcAZ4yD1ycdCKa235Vo77a2jprbpfdW6jVmm7tP19N18XW7/AKRS24wyjA5GSRk9ex4PUZzk8fxGmmLg5ByTnLEkYIIwCWxjJ5GO3X7wF0qoOQigBcEZ65YkEkDoAfujOSB2NMcKMgr8wwMDOcY4OARgdyD8oHbjg5lG33bq20fT/h/XR3lZJ6JtXtqn8NtNb9Hr6dCmY06qCME5HzHkjHyjJ+9jAwSPcipCjhmUgAnkYAO3A2rxkEdMMuO/A4Aqzt34KqcZIAONqgc9CAM88+mGAPGKNrAhhypDAgA53ZPynkEgcDJAPXjAxUN2adtvn111XS/notejZLlre/ZdG76eujbuum3ZWpFCCCrY4I3c59/bafTnPOQcEUzacBxySeSw6AZBx9OoGDwSOp3C8RnBK5wSQMAlSOg4znOMgY7E+lRt8oyRgqMhQMk8kHJ55HHJA5z6CtITvaz3SV73ve1l3d7a/OzsyrrTXr5X2T111V/uta+1qjK3XHPBA529SMeo5yG2/XlcZaEYFiAAVJ9CCMdskd+mfQ9DwLrd8EglQB14A7j0IOeuDyMngUpjVwoYMCygnPHI5y3dSSMrjGc9ORgbTWui/Ho7beavv/ktmtb621VkrNednsvw67ZpU8bCflBByB1Yn1zkck44wQwI71G2SRkZIBAz0zj7xx7HjqDnHYk6TQjHy5BIBIwGGQcZBIGccA8deo5qLytvVywDEggBsEgZU98HGB2UKPl7Uo2um1u0ttrJaXu/l177XNLK+l9NPO7S0TWttX1W/bakGGBnp8oI24AwcZbk9eckkk9Mc8rhcqN2DkYUdgSPmBGPQAqBx05J5smMAc8q5Bx+JJye2cfgOM55MZTquONxHQg4HYjvz6jOeB1ybXLpZ6pppa9LKyfTezWj101btDbT1u15/c9rJv7+l9VpWYEHBIAViARwcE4+YYxkdDkYyQMHBqM8FFOTtIBOSACTnLYJ4I7Ybd2HOKkIZSVUZJPHAbLK3Xn/AGRyR2wfSgYG4MOQVOR1BIAz2BHpnjGMgYNappq92323+1HTXo+mu+7BPXfu7N9tOqvrHTS72v5ReXlmD85YMD0CgdMHrt6YyNwIGB/CWNBk4Lc4LDado5xgZ54zjGORjHXJFkgHIPTHyjsoOD13ZOCd3tweeMoT95TyMYBAAPQYO4AZ56Nz265NHNd6L8NXez9dkkumibdrDVor3tu7s+1rvXTRa6q8u6KbwsM5PJIA4AJAJJzyO2P9nge9NKcjIAUMeScDHccHOWJwAAQG78gm4WA2ZU8ZIJ7E/iPcg8ZGOxJqB1Vhxhs/MSQASxJJAUYz1JyR8w554qk77K+17bpO1nbtrsn597JtOyTSt57/AAq784q6067srhTuAB2hi3AIwB3ORkDOMdckMew5dtyQSMHcSSM9Bx69SoADcY/QyEHkhSoGD17HHAHXvgjGQPxwo+YYCEZAGTgDHXHYdQMnP4dgXb5Xokn03d2vJaX0179rEpytq1fvteyv8+m/k1a5EVPI/hJyrAdh0wc8k8ZOeDwCRyYiCCAScjgAdMsRgnHYY/LOepqyRgEY7EDOce2MY4654I57Zpu05UYBJIAxuGRhsjIGdp+noSPloUmm7tX91dv+D1081d2e6vzLd7aPzvr5fgr7tsjUNtYYzggHA4/lz7Z5GTg4pwBbeQBgc54Iz35PU5IGB0z0p7YOAMHDEEA4BHYk8/dPr2PXNKcnJyMgEg9CTjHGcDtxznrx6359Oz62t99rvS1rDWys7K7vezT8ne2qb/7d7bjMZLHICkZHQnjtg8kjHTGce+KUsW25OTg4XgDIHVe46AEnDbsADqWUlcoSCSTjnAHX8OSBkHOcc4PQJtUMCcK2MkkDk4Ge5weenU+oB5nqna+y0dmrNdd9tdU397ucrbXW2tnfvGz9LJfJdFoBUuWJAHOAy4x3+ZhwTgE8EnPHHWngH5lQYO0YPOSVLZJySR3zjn1VjSDlRwRtwRyRuAIUsMD1AGOmTzT8HanCsSD1wO3OBk/N6HgZOelKdV8tmt1fdJ7RitOttlZJ766lx1trs72Wt726J6WflZMXP3xt25ySwGCduACOnuvHbocdFAOVOMsMAkkjB+Y5IOemQSBgD3yQFB2hfly2CFJPcZB6dAOCSOvBTjrIWOA2CQCck4J4G4A5xtxkhevHQAjFY87+07dL9Pst/nrpez8rl2tp6fOzW1/Lz2WmxFhsnqTu546fdO72HPPJJ5P1CTuOOMnGMgk4wckkLxx+vb+F/wAzE46ZOONoHQDIU7STxgcdCTil2YIAwwU85ByM/Tls9eCOM4IwM1zSskr7NaW1Vo231v2a79riW13d32dvKLtq/K99r6LsQMNynaTjqxAxj2/iJJIBzkDg59KCgEa5AZcsMgg/MTyWHf1PQ8NtB5FTqnlg5AOWIXgHAOSQvf0O7dk46DrTDgbkABxweMBevC4JznI6jtnAxy4Sm3qu2y3u18u+z0s/isTK+ju476O+/fdW0drbX12bJdKXfqemjGM39sAByVG9SM4ORg9eT075Br+Sf/gshOZv2wPiPJHK8TxarosW9M5jC6LhThSOcgH5ucA8HnP9cejoTrGnIM5a9gIHXo6+p656gE9c9jX8jP8AwV0nif8Aaz+Le4KXi8QaGikAfKf7LUFvYkHGRg4PBzxXuZJHmxavb4UtrtNyjp1W6/zucmLs6NWUZfDTTu3pZOD66Xen397o/Ez4u6fBp3w/16/luCZ5LEvLPINztu3Yy5GeR7tkjsDhfFv2RvC/xP8A2oja/s3fDP7bZaBf69DrfxI8RR3M0enW2mwuIUku0VgjbYSVhickPJt4I5r3P9oAxv8ADfxJA7lUewRMKNp5PyjjJGAx3Y+8eWznFfef/BEzwtoXhr4K/E7xVZaZF/a994n02xuNTCYuZ4AAot2cgP5Kn5ivQnkivpMxg6kWou3sKfMr6KbvBcuiWiu33enXfw6DlzxUJNKq7TlpdWXM29/5bd29ND9Lfhr8AvAf7PHhDw58LPAOmrbW2majpsms6qqqt9ruovGGmv72YYdndwSiOzKi8BfX3HXLSOOJZShdrnXo0yRuO2IY9OSMYJGBgg9CBUGsLJJ4geV8qTq+nkAnOAYScAZzwcdeOo6cVz3xi8d+HPhh4STxh4s1i00nQtJ1Se7v7y5kSP5IUZxDCGIMtxNt2xouWZiGxjkckarjTw1moxUHzSVruTUWr30sm30sl6olwc6tRtN6+6rt3s4xe90un3Xdk7k3xD+JHgv4FfDnVvif431O207SPD2pXF2IpJVWa8lEZMNpbRMd80k0gChYw20nJxzn8QvDnj347ftX/FTVf2hfEFrdeEvgDotp4ltvA3h+7V0t9R1YrJHFqRifAeVkYkTMCVJBViG509B0/wCJ/wDwU9+Ndvf6pFqfhv8AZg8B6y81lZSGWKLXVimDI04ACXV3egAspLCFWKqF4FfoN+0Pe/D7wf8ADXxh8KfA9zpNnc+B/CNrPB4c0uSLztMRHiUSTxwkmKa5QM7MwEjnls4oo1J1cbg7u8ZYikoJtXa54Lma1vdea0XzLxEaVHC4m6bl7Co207qPLC7fk7WXTfTufzQTS3D+O/HayeJJNLjTV5pPsi2glcu80pZi5QkkBjyCccj1NZHxGS3XwL4gV9e1O9c2qssP2cxxOoYYDMV6DIJyeo5wOR6zo1rbXPjfx7M1pBIbm5t5wzRhsecueDgdT2xz2yRWL8YIki+HXiQqqIBZqG8uMKcFl798HPTBJHPTFf0NRw9SOS125tpUKvKuad+W1lHlcmtFdaKz3Se5/N2Jr0555Tioe99Yo80ko3blKF5XavvZvtrpomcX4PtbSbwpoUkWm+JrxnsLYEW9y6QlkUBgmTtCY4OPfnIOOlTQZ5bldnh3VSmC2brUHCgbD8xCt0BOc7jjByO57n4U2xf4feEyM4fTB95SACAPQAk8Yz0Nds1o0YO9uokBByCcI3BBHHP4kDcDzk9uDhF4Wg22r0IXSjF2ShG+ru/lv6aHn4yvNYurCME+Wu4p8ztrO19Gltr09H1+Nvh5aG9vfE9ouhS38lvr1yh/0p0iiBYDbkMS5GSASOQN3SvdLTwjfNJGyeGLCJFdWZrm6kchQC3Q59Dxzz1rhvgtAsmteMmJHz+Jr0k7iMBX7kYbpgghsnGBjrX1ZBCGSUjaqpDIxOTncsZAwOpAwMYGDnOMdYybC0qmW0qkm2+ao1ZQVnGrJpJqOqtbb5aXsZtjalLMZU4xXK/YppuV7unTbfKpL5adX2Z8b+A7S5n+IPjpLTSNLnlikt3jS7LGC3VXIJiABG1iCOhCkeiivbF03xGZm8nTfDdoQdyssRPLL1GB17jjnIJ9/OPhVbmT4jfEEb8FYbfjB6NcSYII57kk8cAcnv8ASUFkHDO4C4GOp5wTwFwG28Z7gYyeOt5LhoywkpOc9MRiW+VxV17aT31f4/N2V8s0xMoYmMVCNvq1CTck3b91TdlrZaO2173lq1r8q+Nl1eL4jeBbaa5torh4bxY5beJf3O9cZwR823gjHOeOOMemw+G9eu4j53iS4K+YwAjiQcZOBtGCe54HbOThs8h8R7SRvi34ATBZjbzttIAweeDjqDgcD0HUgmvftLstiNJIoAMrAx7uh3lQdpxkAqueccZ56nTK6cKuLzWDcnGGMjZuTVk6NLd7t2jy9FbTQ0zGtKnhMsnFJSq4STl7qajatJc3W/z3vdbpnzh8WfDDWehaTLc6pfXhbXrGMLIxVEDTKCVAOAwyDuAGWO7GcivWdO+HdqywSDUNSffBFKQ95KFCsg+4NwAA9M5wTxxWB8eTHF4Z0IkgFfE+mkgEFipmjwCRuJz3AGcHP3unvtjNatYQyrEFP2S1QAgZ4hUgc+vX159jWVOlQ/tjMYuKajRwdrt9Ivm5tW77Ld+SHOtVeUYGfNyt1sTflaSkoulutEuq0s3e/ZLwD4j+DtMs/Avii8V53kisioaWeRlByMNyRkZIz24Azjiuj8JeBdFfwb4avJUZ5bnR7KRiZXIBMafdC9F6DOe55xiuj+MrWw+GHipfLCyNpYI4BIOSd3qAwO4EDqeMcmtLwdfxRfDrwokUbeb/AGDZdRxkQpycsSAGHTvnqTThyf2vJci5VgItWSV37bRNrro9/O+m9SlP+yaU1OzeMmr7PSlCy2u3o7re+y0uuVvPCmgadAXFpHveG52lndsMIW4weoz7Hp06Z8i+Ael6deaT4ie4tYZTH4l1FVaRQdiiaQAAtwApHHY8Z9vY7+8efetxKwRUuYwNvrG3Tb2yMLxnnAIrzH4AeRHpGvHnDeJdSLKBngTyAcnjnORnoAM8DJ0qck82y60FpSr3TSerVJN38nuvWy3OWVSo8qxfvPWrhrNt3+LVPz1dt9E7p3Z7FoWnWJ8Q2NuLK02LN1CIfm3AA52A4569SRggE4rxTRoU/wCFm/EyFgirFfQD5wpAADglQQCDhhhh26dc17votxar4kt9iFnW6Kgg4AJycHPPHTpkdjgAHwbRWkk+KvxVKqA7XtqCCSQpw2QBwTyCDx9eRxePtLMcoatZYitd20b9nJLTZ6aXt31Zll9RrJ86bu5KhC27d3Wopa3+Sdt97pNP3fT9Ogj2SuybfKygDDduI5wOfvYAA/DnGa8V8cRY+J3gLB2grdswJAwME+nAzgYAwO20gV6nFPdOIRu/1ZIO1DlsL0TGSc5we2OvpXjfi15JfiT4K3PyEv8A5m6gc4HzAEAd+B0BHGN3o5tO+GpKK2xWGly6dKtPq91fS353ufP5FVc8XiFzSfNhMS0m3p+6V27vS2qad+p7A0wQB2mDR4YFVIzyRnOeTnAwDkt+ZHlHxluEk8BXRibIOrafhWYZP76NzlMdMDnAxzknqK9EfyjGEdhI20gHAVQQdx3YPHTAbnsRg/e8v+LjIPBNzGqr/wAhXTsN13AzJznuwyG5PQDAAypnN5tZXjE3a+Hatez5rR+7r2tq+gsjSWb4PVJe2WzvK7UdWlok+VW27+R7Lo97arpOnl5QwNhakqADsCxISMHnJzweuelVtfuoZdC13ylJA0y7KMx5OYzkkDjgc/gcY5rI0xYV0u3VkOfstqVcnCjESfKcH8M4wOMrzzJqjFPD+u7YlAGk3gLkhj8sbd8k8/dGT3yM5BOzc/7P3tFYRt31d1TV1Za2VlF7+l3d5UpReaQjvfGK92nf96tnvro3fTR2ejZh/CCz83wTowZSDIbgnByOJW64wBxjJB6475x7AIDFtjcELG+E2tlSCODnGBtyBwSAeDtINeVfCu6e38AaC6L92KV2YYOVMkpwQQeTxxjGGHfg9pJrtwPnETMhkAjBHy5YEZ4B6nHX+9jBJqMrU45Xgm2r/VaUl0XK4RaXnZ21vrdryO7OuV5vjbJ3WKnvdu3PFW3XVN92tNNn5l8IJCPFXxdwGydVgC5OORux/kc8D2r0SQlPNLKWw7KpJyMsRn0IPHQdxx7+N/DHU7uz8QfFW5jt/Mmn1qPCEHHB4GCCAcdVYYb6jFdZPrepzX0aOY4pJJfmQgbFIwSwOeo78HGemRz5+UtrC3k3/vGJWlldyrNNWd7N9+61VjTiCLljItdMLhVa+96FJNaXTau77tWXo+f1pjN8VfDxAwRoVz04yAB2Py8EkkdRjBK5rv2snHlzyFsO4UqrjIHuAOp46cYJ9xXlevtcL8UfDxEwMn9hXI3IQSMgYGcchiO/fnBJrr72bUh5CyTunmPiNVUAnIwN+CfXPGBjJ44J68qn/wAjD7X+3zSSWt1TpLppe3ftv2wzuD5cq1cWsuo6e9q3KStdWt1vr100uznvjQDD4f8ACESDayeJ7cnkkn512g5554wPXGOa9MeacwLsuWQC2iDBnG3OwbQvI4BxkHjGSccZ8T+KazR6T4Qjed3lfxNbly3IzuXgHOeg+6u3HXjAJ9Wuo5UhXa7yFoo9w2DYo8sHLEDbjdwOchsAZwaxwsrZtmjb1dPBuXS37vRKyl5Xfbs9DuxEVLI8qVlf/atk203OkrpNXeqX43eqKWvM0fh3V1a42htKu9xDnLHym992ARzxxjgqc543SJHfR9MWOTHl6bBks7AbdgwAOBknPIxjKk561s69bTp4c1V2kiLf2Zdkht25R5TYBGMYUY6nqTjvtzNBtLmbR9JMShlbTYTvK4XG0Zz0bnHHI7H7xIPXTb/tZPleuBS1unb2sdrLe/6rqzzqyf8AYbi00nmCaS31oxS2tvZdE2bWmuwu7SP7RtPmxbsDhvmHUjrjPOefXg4rmNCtifEfiVY5gD/bGSS5XPBJB5A5HHoc4A5IPX6Vp0kV/CzSoHE0ZYBQVbBHAOSBgd+/oAMVheHYIf8AhI/FBKF2fV8KVA25ORnaRggHHHp0zxXDml55pk7lJRs8Tp1XuQSbVna60W7b83Y6shjF5NnfPFJOWEW8XZRqXSWuzSvaztd6d/UrKJSREZgD5qnaZAFHHByCQSAeeMkk9DzXC6ituvxsv3kZdi+FYAWD46bAAMsAev0yTgYPHfWWkSiRZpQGV5VTYmPMwDwDkccDljznHQEmuF1ewtm+M+or5Lbf+EYiA3M2SQRggg8noOeeORkVpjK1WGJy5OUG442HKr21UG47bbNaptv5WvLqVKpg80TptJ4SSdt2lOl5rRLe+u1+iOo1C8tLcRSRyxq/mITvYNxgctgkfrzjvXKa9PFc3XhuU3CyIPEIJwOCfssjDtwByDjHA5PWty60yELbn7PhWlCsWK7mKtgANnoeePQjODimeKrSzik8KRQw+Wx1oMwTGCy2zjAwABuBAKg88nGMU8zrVZ0aqm4NSr4VpX+H99T10Wqul1utld7bZLh8NHEU+SMlKGGxDvKycr0Wul9et30uyyNVsVt2AQuGkfCFRtzkgnkjvgdBgc4JPHO6/rEUmi6tGlm6BdPkLP8A6vHIxwMhgvTjsRwBk1uxaMFUzLZnbKXVud2CcjLZySM/xEA8gg9apeIdGkt9A1maaJgBpj+XtBZepOMjp1O4jC/LjJxXfiq1ZYSunVhGH1edklunBbPTXRdN3seDhcLRjjMK40Zuf1in73ve7arFapab2V+m7sfpf/wRv1CL/hct9BuLPfeCZyQV6JDLGACBkgjdj8ec9vnH9uC2hsP2svi/AIxEX1GGclDgHzQckE8kYAPJODnngY9//wCCN8WP2hY4VQBB4BvmcOACMzxZbntnseck47keN/8ABQW0Nt+2D8UFlG1ZTZvgAjJZCFYAfLlj1wdvXHGK/PuGZwXHzbs3LKqSv0dvZrS3Vq+nXVK7Z+i8Z0Z1PDWUOsc0vdvVRcpP8G7318tWfIZUq+8HgIidSSW7HOOnbPpjIwMjItCy+INaZpWT/R7HC5+bkndtXucEcDknJCk5A1SkjPjdtUxh2PB5DYVgQWPTqp9V4JrIUtHr+rMDuJs9PYKBwT8wOMkc7uSCB82cnJIr9urRhLE4F6r/AGp3Wv8Az5m7X12v0bt6XR/OeGUqeEzVqM244NJPmfuv6xh3ra6vbr16JXZ0E6CeNomVLiNk5EqhhnoxO4jIJJxz357ivK9R8AeF9c1bWIL7SorfZb2rwS2u63dJHYhpFKD5WJOMcZJ4Hc+nxhjG0hyo3gFRywGeMAdAQG3FeB64INZVsA+t61uVmAt7E+nLMx4JzjBbg4HsB0DzXK8Hi6mBhiMNSqwniGpKdOLulRnJJtq+6Tb326bZ5JnmZYGnj6mGxVajUp4WMqbp1JRa/f4dKTs97NpPbW/dPxq5+GniXQ2+0eEPFd0FQgix1Ema3IJ+VPnb7pxtB9TnjpWDB4v8TaDqOonxP4bnZRPFHNfaYhkjLIF+cqudqn72PU/d619KXCKjYYgDCFQvViTlQxHTsMA9emCQRiWibrvWVkiWSJruMsjqGRtyLuBBBzuAJGeCp4JGMfPY7hajQrYaWVY7E4CpKtK1JyeIwykqcnd0KspWUkre5KNk2tdL/XZPxpUxWHxizrBYbMacKNPmq+zWHxUoyq0opPEUYxc2n716kZ+9HR2Vjk9F8aeG9dKLaapDHOcK1tdEQSrgZIO4IHOflyDnce+cHWtowZtXjmjimhkukP7wLLDKhjXgnB6qcfextyf4iBS134c+Ftbj8x7BbC6GCLizPlNGxJ+cKm3cQcDnDKe+TmvPofCvjvQLi/PhnXRqcNvcbG0/Uf3kkqhBtKl2OCBwNxBHGeMiuDF1M7wdXDxzDBQx9CM3argE5TklF35sNP3m3ZytCUtnbo37WAhw9mFPFzynH1MvxEqUG6OPajTj+8g1yYimnFJu0E5Qg9dXuzptZ+HPhvUn+0xWr6TfCOSRLnTGMDA4zuXygMgt97kDIAznIXlrPTviv4T0+3uPD+uw+INMbzWOm30aeegWQ/J5rEn5iQcqcknBx22LT4jXunH7P4t8PX2iuI5IzdRobm2OQVLlk37FZsbScE/xHjnrtC17S9T062ksr+C6VxIQsUib0YyMQGjBVlwNu4EKAc8DIzwqnkmYYunLB1qmXYpRqc3sJVMFiYzvFWlRlyqTvunFpvV7u3qQqZ/l2EmswoUczwfPTUfbwhj8LKly3bhVTm4XdtYVIyXRJHzZ8UPiPqXifRbXQtc0WXQ9Str1ZPMZpGtJgAAdrv0fIbgd/vccVi/B+A/8JlYCY7kNvcFSdpUnDYwQMYyAQwI67fcehfHqO3/sTTX+zxj/AImOXmkVS6qFXcdxIKg8nBxnHevBvh7cavaeI5k0XUFE0Fv5sUlwgeER7tzRjGQo6qWABxnqcA/k3FCxWG4oVLE4qeNnFUOSvOMYzlDTlU+VKLko2V7Wfqfr/CbwuK4ZjWw+Dp4CDlWbw8JylSjNSSnKPNecYyd2ottRV0no2/sC3Hl/FL4WNuKq/iewj2DB630YO4jgDHAI3Bj1B4r9w/iRuj8KQxSzOIFtfENvsAOdradM6gckYPAAzwM8A4z+Dng/Vl8QfEj4X2l9C1nqFn4k06b7Taky2k8n25Gctg5TJHToM8V+9PxciR/DFrDHlpU0jXLthkKzqthMhbBwRtO37uTj5enNctdtrEzSesoXi0rq0Y6d0l3a9Lbv1KDfNRjKyajJXTv2Su9Ha2qunZLfe35Yass3/CFeMpxHKYsaPbs5UkACAMq5GMDgDGDkc4wRjDtXaBdAvpoZPIg8N3ZMjJiNiX8sENyDtba2ckbjywHzV3OsrNH8LvFkKcJNf6DI7scuD9jGR93oe46c4YAYrnZLaa+8CxSifK2Hhq9jAA2n5rtQA3AzwdwHP50qE7QlO8pXlKyXSXu6Po46XXdrRI1qQSnHRtKC0srN6K3pZafh3LehW/m6zo99cIJWu/BWvhWLYAMKuA2B2HBGSOQMAkZHSW+tiP4cfB9Ip1a60XWtS+0BRh1+0XhVWLZ6nIIzgcA5GGxznhi6WG68DQSRqyHwlr0EhyfmZo5CN3GcDBI6hc545q3pkdkngnwes0f70+LLdXJBIFub9VbdwcKQc+4BGMgYh8ja5fevyuTik3eXMrLq3da37vRddIK3KrLWNmrJyT5lytXtfXR6rRaO56DoEoGs/GgM7SPceAdQJc8mR5JY3ZiBz1GeuCTwOtY1zeTRj9n5ZFLRpbmSHbkDcJhnHTpjPGRxjuK7Cwh02D4r/GXR4p4o7Of4f34tGdRtZ3RJEXkfKfl6YBx+rvEvhGW20f8AZcubW7hnk1i2vlOw5WApPkIcA5baBycYPOfmxRGpytb8rikk1s3SXRrpa3S1vLXRRcktE3GWttV8dNarzbv16NLU5zW7z7d8Pvj/ACuAGfx3o4wRzlQwwD0+UZGe+BjI6a+t6XHqXjr4VRtKd8fwr8yMkHcrpZudqty2WyV4OADjiuM1Sc2ngr45WEqskrePbBSsgO5jCXDE5HAPBA547HJz7Bdx2r+MvhlPDeJ56fCiPYoDYWQ2MpZSQCOe2fUgEYNFKUI2Sa09pvezXs4JaJb3Vk7+dtrVJN8z+JWUbJttWm7P8bLW60Z498PFd7j4XzCYGeDxR4ogy55AInBIBPLAZ98nnsRneJnkn0HxH5hJeP8AsyxQsCcGbUZWcAkfKCAcHkA57dOl+Htik2mfDbUHlWORfHPiKMbU4P7yVG3AjOcZ6ggjPB4yviLSlvvDHi6+tJPMms/Hmm6dPGqgERJcu6r0znlmAHOGyD0y6qV24uKVo+bbc2uu1tb2tokuxpQbXK2m+VXd9pR0d1tqnr2vrY/rT/4I4StJ+x5rUWR+48f3CZySAfIgBGDj7uMkD15zzX6gFSd3JyGwQMjcCMnkfw4PzDOCeAD3/Lj/AIIySw3H7IPiV4s/L8SrxSc5AxHGCuDyCpUgjC89jzX6oOgViM9SxGO2AMEehH3gCc4r51zj7aouZv32m1ffli3080n8utmfa0FfDUrKycYvl+Sb3V0l69lojOaJiWzz2J2k8KDnk4BypAAB6encUbAQTkFAP4eecjsSO3fqG6jmrueMjkEk9By3OSRycddu4DHJAGajZcYAGNvQ98MSMYz24I/Pg4rRVHZLmvs+qerXK47Kys9umurSK9nF+92tZ3Wu11stbNWtd7re5TMf3RyDkhicEkeqj2xyeCR0zgAsKc5KdSwGc8hcYOOTgn7uMeg71aZeeM4wSOoLHHB7j5c89M47d4eRuGCcLwBzgkHuDz/u9OTg4INXFve6+LrfT4U3e3Rr5/MxnFJJRSTdtbK60jZq6XZ3Tb6tpvaBQeSw5CYPOCDu47/xZBKjpk8YGQ0pllBOABwOvAOSPxIyAMg8AD1lIcHIUHJGNx5C9Oect6jPA29hjIW3fwHHJxnJyOPxAA/3lGce1xko7u6uvdey0jrdPXVbenVIys7/AMtnZaS1u97pa6pb/JEW0DbgAnDE9eAR1PHBzgDGONp52jCCMN86kAE7R90HIxu/AkZHGCM4HORIDtJAXBOB03AD5fl/U88AZAzSjLFSRncSe5xjoB/dGFGAeT06n5rUtmmtGnbXq1r0v1vZaOyfmKMU7y3su/fXrZaLWy30WqYgjwSSwIyQOnA2568ZUjn3yBk54F4xkkbs8YbkcFe3scH161KMnGQQeTwRzwQDgY9O6gfxAnHyoD8oDEEqRyB3IGOoznJy3I9ByOac+ZLXrvprrbfz+6z17uJR9/VvRt25drtWWr7J32abu02JwRkYyxPUKcKMDjjB+vHp6EgyCeBgkDj+EdyeOC3AA/i6ZxnDwdx3YwpOCd3UAFuwGO2MHIOAB0xLtBBO04JPc5wBjO4ZzgdORkdBwaeia1XR3s/J3287efbS4f5ru+3p6du/VEaDJHTOec8ADjjGMeo6cHrtFM24Y4G1cZBOMnnqWPHAAyDwc5I5+Z+VXH3sh2HXGc8DOOVBB6dvU7jQG+XnJIYjqRlSCcYOeQRjPoOMA01K1ktfxeqWi00tbTfbtdNcl3FXvd67LdK+9tmvV/nBIudw2Dk5JyOTjAB9OTg+vOTkmqgjZuQgYruwxGNx6beDwy9eDnI2nvWngEFgGClvx46EjnI5bPCnjOcZw0orYzwN+CAcDrk4HPXHB7EgAc4o5nFK602772t57a6tb9EiHSaaaaSXW6vtHS2r80k19norPL8ssfmUfKcHJA+U7cAnHVeAcAYPAGSKkCOApYBsvjhQSAQMZzzkHOM8A/Xm+YRkOQGBJDFQFYkf3l7hh0GW5HQAHLlXBI7hcnHUsTwxwSc5wPTpj1quZaaraz07uO19kte33EqMkktk7p3XflT27q61S1S6O5mSKQq/IOSSMEc9j32tkknGcHG7nPMRjI2lQMHGDjjjOcEA4GSCR/MVov8ALtUZ6lVHUAnggDrnPb+tV2AzlQR1POQVAyCOvT34J6EcikpPumo773aul11vfonZdbbFWSjad9b+qtr5Wbe/4lTc2cnOcEjg4GewyPb35HIHygmSy8Lz9zlTk8fe75GeQCMqBkCpigJHJDMCNvIJwM/eBJwB12jPPU5w0ioeAepBPKjjbwpH+yMdG3Y/KtOaN772unZq32fV691pvqthcivfmfVJWvf4dbp232vd6tX6FYKSc4wTzyQMYyQeuAMcjHoT24sLEACVzgNwSd2R+ecgEjGB04yc4UjCsVUqQeA2D2wcc4GeMkk9T9akOSOMjPAHoMH7qjpyc9OuAeMCoblpqlp+Ktvppo/zv0YuW7Sa76NX1fLr2ukm7PZaO9yHY4Vvuhuq+mMAdO+P044JxR5RwSCOSCG2/Nu45I67ckgdM9RnkGwcDcQM/LgcA7uefchsZIOB29acw4OD1AOTgANjJJ5JHPTGO/OBkLnem2u9tX0tZW3S8/LXVIcbLz6Xv/V/m+uvemq7y3QEsVH4A8kDkjr94cHp60GLgK2QTjpjr32kEEE8DrwOvfMoTbg7cjknkE7txx6+pX/Zz6g07Dbk4AGDnGTt5yc4HsfQ44HHVc15Pquibb1vuvz9Loa5lstPPTe23d6K34a2vVEBGdwxkHGDuPHHJ5zkdeh5yfWnlGCqpY4AO7A5CjJ3Nxx/dyc9QvarYVcZO4H15x0XgdBjqAQScDBGMmlbgDOcBcgexOcduo5J7/lRJvRtPV302W26d+iv83pox8iaervJffa2l7eiet1+CqojYBxng8kA/LzgA5wCeoGR9dpqYIWYbQCMYJPqevY89s4HU4bpTlA3IpBAIO3nHUHJ+pzj5s59OhOihQYXaMnaMHnB9S2RjPAHHoR0xWEqkvsryul5rtpo3frfQ0pYeMnfmff5Jq9/Xs7N7u6uVUtwxBI27CvGTk4zk4OO/PJxkZ6Dm0ISQvzcdcHAJ3HIC84BAOCCMEnrkGlUAMwIPJyeTxjpz/dGfpn07SZ6LxzjGR0H3hz7d+c5+nPPKUm9Xa75rW105WntrpZ2va3ZHdSUYK3Lfbq09Elrr89N79HZEaqQMA4ViAQSAcrxkkZ4HB4+6eucNmcAngnAOFBK8heucnPB4BPTIA44yoXk7ypBAYsOTnGAR0AyOCvbIxnGKmEQYEkY2gADOAd3Un1OByc4A/3ucXNJrV7J62tulZXd1a60aXXTtre6Stbpa7fbs+6Xk9bp3YwRjOAADyAQehPftz7jPc8VA0bAglhhTg55xjIHp1PUnnjB5Jq4qFgSPuggbQDuwQOAQOMkkjjHQ5ORhGKnCldw+nHHOeB68kHPt3ISm1fZq9m10T5Vr1d9Wu3S9ri5HJLp1XM3o9NdLb9NellexmTBiWAYgjIA457knHQc8n2B71nSA8Lu24JZhyBktycjrnqMDHfOOK2ZY02sysTnPLDgnJwpAA4Axx8oJ+YZrHm6E4I5JHGNxOAGIHIHHQZOPTmt6U4Nqz1VlqtVJ8r1emiuvK/Xvz1YtJq7V73W7srWtd6WX5ve5XbhRzglWAxgkf7Wepx2zkHA3EHrCXcqqk99pBxnGTnoATx1Ppj60O+CF6DBXAABIP3sEEkBQMj0zhc8YhZ2XhsdSFHoOADxt4985555rvgtFdJt639LLTbTq7L722jzpxk37nX3rdNHFOO9tbu/Te2uie4yuC2CMkY5IJGBnaeV7HB/HPWu6YBBOMkovGfU8E8jnPORnkHA6v8ANwDgffPABBIA9cep/hJPrxwAjHJJwMEblJJ4JBUk4yucg49+T0FbRilv10sr72Vu6S2sm0tPI55XSvJNW/NW06baadumpVZSuSQAec+4GcL14yTnIyCT2IJqq4bByoXOG5wOc54A6sDzj+EMeeavht2QMbcegAA/iA+nuFB9upYyc4PO7gDBxzxgHjOD78Yx941tCcU09re9r/dt16rZJ7XvtqJvVOLT069/dtpqrK789rWvYzwrFiBj5euOBkgHOT1IPsT3GalCAhuAzArk9AeMHIPGATjjnn0xUxjAxwS3qfQbfTnGOAAB+WSArhSxXkYPTqST0x3wMYyD/Onz7dou6aS3stbpbpbtv9WFlZczV321elr/ACdttNN0rpuM55BOSMAEcljyRwc8nPB5yB1z0cwz0BBD8scHB+h/i7YGSMn0FWFXjlfm3dQAMAYHJHHTORz69eqSRgnODsydo6sx5+hIBxuyc5PAPJIppu85O9umru1G1rq/RX2e/ZGns+W0lZ6qyir7pNaPvfZqN+ulm4GJbJbJGTgjBBz1zg7sHnGec889KZIoILYBJByc4B4IGQMDke/Py54yKnbKD5kIUZOQOu47Tj1IHbcMZwMbsGL7wUhSF+YjhRjGTyc46nqxx068gTzO2lrXSte3ZXS8r7Np7LqS+ZKzu9NdGrWsra7O7it9nFXdkUWRxsbjBGMdwcksckDoBgEY4PXAOUI+bIJIXlfXAzjjHJ5zn37AGrRy2VXcrLgkdCM8nnIDE5xwCvJIFMbIz8p3gAjOTwOc8cnse5OclcgGtIScXe3WL21V7NJt20lpa9t7ozabu97PRNaJXWt109fMrDcMEctznB75yR6Zwck88EYpevykc9CQSBgAgKBwT6d+SckdBIBzwDyGU7umAAQB2ABXPBLcYyMbaTJI3AEc4BCgjaOM4UYUEEAYyx44PbeMr6u3pvpeNkrrom3s+XdXb0lpON07W01d7Xtay1sl6Ps7kGCxIYZ+XnA64xgfeyMYHfkcnORTzkLgHLZUcDkdyQRjp8o4GDk47CpQu48jkEgHjBHVQQQejD+Lp8pHbCqgIBJwDncR046enGeR6c5xTb3VlffR6X0umr6ddlbZLbWbS5Uk7O+jvvLTZbLzfT7kRDPQBjkggc5x2xjPXJPI6Ek8Eku2EY39ME8g7cNgcdicjGCc+m7gVMiLkksCCp45PUnPUYJIG44yMe+MTtgD5WBGcEnb059Tkjk8emD3rNON1zN3SunZb3Set+VWun6NO62efs5Wjzu7TSe1r6W/FLyd/m6fksD82DwfmAIzwQuRgNkc84JP0OAzySuSAQNoycAnOOp/+KXHzZIHerpAGOeAODgEEnqTjjp+WCB0IpTFkgn7oAwMDnIPT1Pf6+gzRKq2mru7t3XbyV9Fa21lfTQ1hCCatq13vfpa+rT9PN36ogSPk8jaSDyBubkA/Kpx354Uc/Lg4NSxx4ySSB94nb2PIxnG4nB3Y7Dk5JNW4rdh8xjyhJCrkEAN0IyQQfTBJb154nEBJzhig+XAPzfXBzkA54yBk+gNc8q2qSaa7Xb1SW9766vT10WqOqFPVaJRTV7vyWt7W18/Ru+pRZFICjIDKVJx83rkcgAep9jzwc1WiI4LZGSeueSAQDnI4J5OOchTnkVpyQlCMID1OTkHk9OOeASSo7DAyfmqLycKVKt8xY7h1x6Z7k7hxn1ycnnL2jdrNa/pbtfVdn3fQ1cVrpdPto2tHbRPVWVl5WW5mCI5EZ+7gEd+MkhSyjqMZHTgYbtSeSfmLcgtkAADGcLkKD1xg8/8BzzWm0QbquD8vOO3cEAA9OScEnqScYqIEgqO2BuxgMfQZPGBjk8ehPOKr2kumlvxWm//AALamXKntO0V0d3u0rvRdWn5XatdXKgtnxyABg+mSexBOSCAeR04K4wRhzWxK9N28YBJBGOh4GTkY4z6jmtGN97qqjBOTg84IJ5wMEdOcZzgjuczk4OcHaVBJ4GDnkgg9Scc4UqAMVLqVHZde17votLt6vXrbTXUIwS+1bulo7e7ddn1XT8FfKS3xtJB6nnAOdo28HquMHp0JIOQ1W4lMbDLbSctlehGMcngcDk88Z9KQsVYFscAnAwxAIGAT79icZIxzg5jdy+5eQgAzkDJYkHBPOSe4GOuCR3qKnPd7a3SVk7patrTfe631JlFRSkm07q+lr2srN31T10dm9PdSLTTHCoAQMnLcc4bgnpwM9c557HIMDSEll9+CwwAOO5xnPHTIxioGzlQMgbcBi2CO4HpntnkZPU5OGg4GWHpxgE8YGCepzyf4hnr601Stu7vrprro31t6aa2E5y6Oz6LTW1t+rV1qn+poRMVcEnGSe4x8oAA7gg47EAnPJ4A145coAccqSMnuSSM9M8FSAAOAeODWLAUbJIOOPlztw3B3deeQM8dCQexq8rqAVwWHCgkkAYxgZwf++sE/TOKykraWvbltstbLze71001saQlUau7NLRNNx2a0e+9+m1ktbq1i4lZ4M5BOEGN2APyPzEZ4zkgA7a5+Ygs5IHU8HgD5upXJB5yQMZI568nWlbKybOWOFIwGHy4ww45xj0ySOhAwcaQk5U/xZJA7kcseT3zwOnQZGc1rh5JJpaaq9nbTlS6W2d77dtLu+ddOyWvwu/lbl16avV/loUnxyMdcFTgkBgOCQOcfKB36Z6VUnBXLNjcfmOSQM8ADHAz69sDGTyKtk43Mc5AJXJwMEknIHX0PU4yPpTkcscADkAZ28nnoPYDAUj1r1MO3z6NvRXd33VtdeqWr300vv5Fde7a6fvRfXb3Xrp536dFa29FkySSd25RwcDnnB54GM55OCenPWJ1OPv8lQpzzk9jkbht444HcsM5FWnG7IYZI+XnoFwMnjGeevUdDnqAwoVO7bnqW4zgrkA47BgcD7vA9eB2Sm7JX1t59OXyWtmnrfVJp3RyapW3vdXb2aUVfR9eul9fuqhMYHGWyp6Z3D8yQcjHAH3vQ5Y+Rt4IIzkgAk9+Se+AR1Ixn5uRVrqwkI2MpBwpyTnPUMAARgDac5IJUGkOzLAYweMkcvuyTjqenHzHBIGGAGazUrWeqbtffV+fotLPon0JV0rSSdraK725dPs76dOy3XvVsEqMocBVIU9icg8nsD0POBnbnPKKhcN8pzhTtI4XGTke+QSODzyO9TsAA2emQWBI3hRjbnGDxg/TOKjwQB2GSQeuCMc/hgYGQMZyBkZ0jLz80352vrdb6u1vvtYbcW1zP3U9V01sr3vdX1fnZWTWzNhxyVyeCAOpJ4HTOPoT3yOad5ZAHPO08+pBBIIx0OW+ncginYznIJAGVAXByQDnBGBgfguDxkUo4z3AABUZGOvPbgdCTwOavmT636dfl+v49mZ2TfK7LRWabXSDSd3a2j6adEr6MwxA9T94Z7ZPA7Dj0znsSaXaVwcdcr3IyM4wecDg4PTnjPBpcjKsQfm3Yz145xxjjB6kk7scE0oRsBiGI4B2knAPTPYZ+gHX1OBvZXte3XezTa6bvoOEE9Ekrapq+jk4pX1u7bPqrt3a3YoI3E5JAIJGMdMjPAAHO3Pp04pwJLKACQQMkZJJBz0AxyOgyOeDgNw4oSCSMDg456gAYYY5IwO+OehqYcHv0P1z9Tz/AD6dscrmT9W+nW1nd7bPvronqXGMtJOVtXe976Wt0d/nolsS8ctg8rnLHjp2UDAPOO35jJdGp+7nJHJJwM59z156E4OR1pUxg444OO+Rz154HB9CD+NPUYAJySeD24Hoeg6Bh36gcZrJ2vom+ttW/d5bd/N2e6XTrstXFu9tFZa22XNq+93a6Wmh1PhSLOr6OoK5/tWwJIOekyY6deCc5xz24r+YH/gqUV/4bK+OjDLbdV8PxjuRusVDe3AOMEDoRzX9Qvg/H9uaLuALNq9luHHJ85SOOAeuffJJz3/l6/4KfMs37ZPx9AXldT0NwMHGUtEDDPr/AMBwME5x934XixzboptNRoVl824N3d+i691bfV/UZQ26U0lb95RWnW2t+i1679dbq585/tn28mo/s0+DtDQN5MviPw7uiUsqyk6OBhwp5GQRwcZHTGVr4P8AAHhK10S+0K1itopdVe7gD7lGYIlKNheAV+VWDEAhuhbrX6hftDaLHqXwW8Ko2N1vf+GbvbhThW0aPlsnAxnAOOvZcjPwN8Oo5Lz4jqgtzM0d0sMKsBgGPgsMDJ+UDn/Zzt44+d8OHSeQ1q9SKusXj1z2vy3k+aS0WqStunrfoz0eMqFSpnNCnC9qmHwcVFX96Xsqert3a239U9fYfhJqVnJeeNYrmX7P9p8STRu8jBGYWoKqELEDbhfXuDjrXvUXii2iFla6ZEkkbM8M100SyCUbSDFHkgO4wQuMqCByea+Yk0aGxu9bW2vIUnm8SXs1xkkoEeU53KMBWRcgDHuM/Ljsbnxvo3hLQpJLi9h09LS3nL6vqDJCsSFWDfYYDhnmbA2sBncQCQvNdWEo4ivGTwaaoynJyrO8YRWmqctFa7atu9b9D16mJwWAVJYxx9vFU0qcU5SmkqeijqrNR1uu+tmfYX7UXw9/Zrl+Anw41v4QeH7rTPis13Z23jHVL8u9lcS3P7y/87zFEPnNMMwpCW8vAHc1+aHi/WvBnw5u7i/8W6xFr/iAJE9hBckypZFU+WGzsAW3SgnCs64A7jC55jxt+0l8QPid4c8P+AfhzBfXGjaXq5SPWbuHyrOGd5MNdyOFH2uUklkzyvA5JJp/hv4IW9rrM3iDxheS+KfEcipJNe3+Z4bdiFaRbeJty5zxlgAvqBnHPwNlecZDQzLDYrGYjMp4nNMXiqWJxNadX2OFqyUqNKPNFL93BWUdo3bVlZrbjrOcmz7E5fUyrBrL8NhstwuHqUaUYwq1sUo89etNwtaM5N8t05JW1tqeUeLPEHxS+LmnxJYW8/g/wrPqkEI1GUeVqN8rPgmMEhoYwgO1UG0Y9+Pb/BnwY8GeE4ZNTmhW/uUjR73WNXwwLKimV2aX5FI6kswJwMkjFVvix8S/AngzTtE095Y9S1W0v47i38N6SyTXTiEHYLuRCYrePcQGDMGAGMHmvir4sftD+IfFEktldzzWtt5hW18JaFNstlXHynVb1AHlcFRuhGRkAZx1++jXwtJTq119YxS5FHn1UUkntdpLXtdvSz1Z+aYqFRuEKU/Y0m1Kag7Sk0003Z80m1dty91tXZ9gfET48+GtA0nVdF8JJb65fixaCXUXZYND07ZkAtcHAlKnOUiL7iOORivzy8e/G/WfE81vFHdXfi3U0Xybe3KtFoFgR8qx21lFlLoqxB8x4zklT3OZfDfwp+J/xa81vsl1Y6IsLyA+XNbabbxRoXZljABuZQMcsCpI5JBr9Hv2eP2YfAPhfwloOv3+nw6zrd1AZ5L2/jV0i/eMhSKFiyowKthgMHPPTNebKtisbiFTT9lGUFJq2iguVaK19bpau2uiS1NqdKNGjz8rlZpNpttuVrJy100Tdttd+n5weCv2b/it8Xr631DXYbqysZ5Iwbq6QwxQwtwVtLQgYUDG0FOijBAHP6LfstfBTwZ8PNK8QvPYQ6jrWneJb7RX1O6hSW5lNvAjxrGNrCPDsfunp24r7V0nSbaG6sYrSzjhiZ0y4iVQFVW4VRtCgKABt5Oe/FeUfCdIlj8cjyl2S/ELWpDIQBghFBADBR2Bzz7gkEVljsBDDU41LzcpXhKTau9I6XXTa9ra9b7+tkjVfFxpzpQlCPJNRa2kpRWt9/Pskr9T6U8JbpfDccQUW0LyugTaCxZT8wG3JC/QEryOvNfNE1kR8X/iFsYbRFpKtI/XIbOAGwSST90njBwMk19N+DpwLY2lvCbmRJ5GaZiI4I0BH+tlZhGh5yNz8twpOcV84T32mWPxj+IJkSbXLqX7CYbKyQrZow25NxcMFVVUjOU64IBIznPhL93mfO7uKpyTet4t8qsn3373sehxio/2YoXUW5LS6SS92z0tZX3Vk7a67HqjWt1cROIgtvaxpGZr2dlSNABz8z4GcHGMknHGMk14H8Xbu3afwZLpRR4dP1a5mvNdusQ28WyNSzQmVl3IvI3Z28ZyfmBf8Vvjp4Y8C2kkvifULW+1Py2On+C9HcvCj7T5bX0seTKMld6y4PXAPOfiPxFf/Ff4/wAmhm8S50Dw5f6o9np1viSwgW1bHmJDDHhpo1jIzIynJHpg1+iY3HJxlThGVScpRapx6e/G13ZpXerb1t3skfmOHoxjUU3KMFZtzbailp8KdnJ2vs7aJ77eh+Mv2gbKPVZfD3w909/G/iiaUxT6lIjHTLSYtgSNKQFcREkLGSUzjHNeJeJdA8T6j4u1BPiB4glur670K2vZYbGV7e3sC0gEdnCiFVVU4LY7hhkH7v2V8Pfg14R+HWnMPsn2u8gDfaLuVVUzSrkZYDO2FeuSRnOW6Gvmz4reOPAknxM1aNryICHS7G3eewQz26ukwL26MgId0GQ+3uMfKM47csjTVfD4jMK1OlL2mlDmUIRXKklfS71W7vex8/xJVq1MtxNHAUpVJundTV3UlK8EtbNRV9l57738gvvCOmXk06mGaWOyihhMss8heQHB4LHLDHJB9c9c4sxeEdCiRAljC+UHLFySTjccHIOQBjA5OOoAxtN4u8KC51ONLq5ngnaMWwhtgGIjAOGPZufu9CSMA81DP4+8PW7xFdNv2KAKhKQIpBPJO8gDHOTjjjOcgV+g0sx4cp01GpWwiu27ycZPSVneydrKz879z8Qq5ZxbVrOVLD45xb+Hnko6NJJaq2j30vf0tVl8M6JFZziLS4XKwTcmJGGQnYlcfjjGeeCeDwxoWnnSbOQ6fDufeXLRIzNtb5cbuRjpuGeemMDGdqnxK07yLnytHn3NDKrFrqBchlbkqsnB6HgZxxnhhXK6N8YpLKytbZPD9uwiVwLm4vYFDbizE43b1AOcEdu4HXllxBwxTxMG61KS9nJOSoSabcoJNJR1ul6aPudUeF+MMVhZwVGspOtTladaMfdUHeWs772T0vfZdF7FHpsbS5W38tF4YiKNWGGAXAxkdcggYweO+KviKxH9i3oihcgGNXZiqD/WKRgDIDADjAIPfg5rzGX45XqFgLLQrbg5Mt6rtj5v4kz04yRzjpg9eb1z423t3YXNrJe+H03shVIHdpMowY5O08kg5ORxnp1bOvxxw1SpVKUHKUpQlFclHls3FJO7lG61V13btvZ6YLgDi14nDzqyjCMKsZNyr3uouLadrq/u669dNz6T06xY2Nu21xmGL+MDGFABKgZBOO3frnnFpdMkMgyZWL5AKsSFXOPm34xwenPQegz8xWv7QusW0UcMd7oKKqorYgEpHy7F5I5bIUnnrkDLc1V1L9oHxHcROq6zZgoOBbadGpOWJYggADnjlie3OOYl4jZHGNNRo16kowhe1OCTta/29L2vs+iaOteGGe1JTlPE4enzybt7Sb+Jr+7stPKztstPoHxTYGCLTleJwp1KPDs5zIw52o2QAeu3cR2yT0rqYrGcRv8AuXJG3A2ISBtBCueSTgnnJzzk5BFfEmqfGbxFqYs/9MuZ4rORZGVrVU3SE8uo/vA5Ixz345NNT4p+KZfNJXXbjzDkESSRJ04ACHJ6bSR044I6c9LxKy+niK04YKvNVOS1lHRJJK6ipXu77bNN277YnwrzGthcNRnmVGn7F1ZOV5O7nKL0vJWslZN9fiSuj7bOm74yZxDGHB/jjjXp8xJLZ6ZJHX0POR514psLCLXNDAmt4klErNILqFjHs2k7sOyqT05xxnB6CvmU+NPFd0uF0HWbjccbnvLkgjjPXqCcdRxz75hlm8XXs9o48J3KyPlYEnuZv3xx8wIcHpjJ4GBgEnpSxviQsTSjToZXV5VOk4yftZK8ZwaWtJatqy17bX0eV+F0cDV9pWzmlOfsq0HBSgpcs6bi5JSqXXKn26NbI+rkHh9UnE2tWiK3Ab7RGXIPd8E8gYJ2sR3IBxmGO68GojCTWY2YbuEJkA5BUjZz1JJOM56HIxXzXFpPxLkDC28J28R5Cs6rJjnGGDEZ2k4bg8dTV2Pwx8XZFO60sLQY3ZWGPco+UYOCc4AOFxuHBGSah8d5tOK9jkkrtq16VaVndaXbil0tdaJ3tudMPDrJ4S/e54/dXvp1aC7aaJrTVWad9e2nsaa74Vs/E7yPPI9mLBUSSO2di0wPCsrJy3Ay2MHtwxFdoPFng3ajpBqUjbV/1duUznPI+XA4+uc4HTFfLX/CF/Ey51YWkupRw3klqJSqqygQA5B4XIbHIxkg4HXGOhX4UfESdVL+KDCpC8/aJlCA9eMAcEdTkY7AHjChxTxY/avD5RHllVnN89KL5W+T3W5VNGtNG7pW1VrHTieD+EkqLxObO8KFOCaqvllGP2kowV1K71va93eyPomTxtoDKGh07UggxHukijDkDJJBO4ndnk8EHPpiua0/4g6FpWo6o1zpF7MZ5EkSNFgfy0AGFOTtBzyCOQOpyAK84t/gn4imi3X/AI0uQyjOYJpGKkfMOMH6dOozjnFZGlfB651LUtStf+EqvlFnIkcswd2eZmIPQn/a6YHP4Zp53xrXqUX/AGbShKU2oJKja7VpaKTUfdbXZbvUinw5wNQp1uXMa1SEqcHVs6r93ni0tIptqSW3Xre57lN8YNGRFaDw3dyBW4WUWgyM98vnsOCMcc47Ubj42IdqweEMBiAGM9qnOAMnY5YfL83vkjPXPERfs/2hRlu/E2r3DAElYy2CEJBwVYLnHXoQewyduyn7PfhdYYHmu9bmZ3UPuuHQbSccgNjA2k8ZGCDgc12fWuPGuZ4ajBcuv72krJ8rbsoSbukurv374UsB4dRdo4itOSsrcte7atouaSSV3o97p210MGw+MF1YtfldM06FZtQebNzdI3lbhgrkE7hxnOeNvAwTizd/HW9AUG/8O2xVidvlq+0qSOGA9OegBGduQav6L8C/Bd5caqLq1vbhbS/WGMNcSkbNgPzKCc5bjPzbu3A47CP4DfD+FIyNBidQWJ33DZwFzjpzxwe6jJAzkDiwtPjSrSXs61KlC8ld1ppJqXVU6d0r9m9ex2YuXA1KtJVqFSrOMYNv2UHf3YOPv1JPZWTemq8zyy5+Pt8YZBJruhlXjdcJaBgdylRyF5JzjqfUivP7H4wXGnwmIa5BEXmknMcFgj4LuTlWK5Ab+774wQc19SWXwW8ERyoIPDFiypgkyh3AXGQdpHLE8kDuDxwMO8JfCjwxe2lxK3h6wkm/tO4gSR4Q6rGkrbRjaQAoBAOQT8ueFAOcsp4tr4rDxnmMIzanacald8qfs+ZJXTd3y+W976GlLN+C8Ng8TVhlkp06dSipRlTw6c221TaTi46O7u7trVd38tXHxovHlV01jUZtww6w2ATPzAZA28cc5wDwQCOtZV78Vr24SdQ+vTNLEyb2EsQAwcqyoNuCTt+bJIzk4Oa+47z4beG9MY+ZoekR4PGLaNiQy5z0zz3I7noa5vX/AA1ocOmX0iaVYwhbOR0ZLZA3yow6bOB3GOp564p4jhniTlm62dS92D5oqNT+VXu5VH068uzelrCocWcM3pxw+SRi5Sgry9imm5R1tGn06O9z4psfHupQ28cUWkazd7VOW8y52c9SgQYAXPPfk5yQKty+NtfmUhPB+oSKSoUyPdkdM7gCOTyAPmGFwOM8/Vvw+0Oyfw/aFLa337pX3yRKCw3H5PmGOABtySTyBxgHubjSraEHbFBu4+VYY9pwu3ghRjGBkZBJ5ArLD8H5rWoUqtTOa0YzpxajGjFWTStq5Xasm+q17HRiePcow9erRjk9NyhOUW5VNG7xu0uVNd7fLVPT4fh1nxbdxlz4UnggVGLPJPOFAUfMdr8MA3Xj8+DVe3k+IF0ENt4YUQFcpMYtwlGRlvnxngrg4Axk4I4r7V8RaQf+EQvruKBAsbbWLRqMAqVZu+RnqM8dW9DW0fTnXRtPRQqp9hRgAoH3gSPlBwD0GRnHr0qqXBeJliFSlmuKSVKNSU4wgpNNqKWzt3uuvSzZlX8QMNSwirwynC3lW5IqUp8tlGMm1yNJtX2a3S9D49OlfEyd1MWixxkn+K1iBz9cjgnHIyRjgVFfeH/ibBZzzXMcFpAq+Y7IiJgZOCMH17gkHsOQK+zjZSF12njjJ2AAYAAwAScZP3hgHdnnjHIeL7IHw9qbPjcEVBjIJXeAR83bBGOM8MBjv11uBoRpTnPM8wqOMG0nUhCN0ot8yUNVsrdunU5MN4jupXpUllmApqrUjG6pynu4p2bm1dXerfyS0XzdZeBvipf28NzHfxQwywh49jBSy4XBO1hyeBzuOQT2rRX4U/E6SVDP4gEe4jhbls4IPXBB4wPQHIwADtr608OaZby6Po/yM5/s6Ivz8xJXhgMhc9OSByBxhQK1JdKIbKgeWCAMsQVK8jDDHHQEY7kZG0iu2hwFlzp03UxWY1HOMG4/WpLVpcySSVl0Wu99e3mYjxJzRV6kaeEy+EYzlBNYa7aUkk3zSfS1/Pby+JtV+F3i2wthcXviN5FNxFG6pNLIVLttVgDggpnPOR1ycHjsbL4JapdiOWfxfd/NGDtWRlDDYDjGR0HAI4zgYIwK9s8daekehyzbwhF9aIVQEZBkPzYySW9OM7lHIAzWno4WSKA/M8CwIq5YcuEByMdc98dwCBnBp4fgvJY46rRqwxNWKpUnFSxVbW+7b5rtbL/hycZx7nVTLsPWpToQqSq1VLlw1K3LGNO2nI7ct2n+jseLL8BrMFTc+JdTmBIyolXABIycbs5AAAIzwBnA6ZmtfB7w/ptrHImoalcNJeQQv5jnaBI2GOAxPY7Txg43AEGvpPZGj7mgDAADaORjPU5GCflxjAx0AOCa43xkjLZ2xCFUOowgqOQQSFyRggnkDbkD15wK7Mx4PyLD4OrUhgkqi5VFynUm0nKCd+aXa+ttbdEedk3G+fYnMKNKpjpezlfnhGFOCva6TtBNJPW9nrbXcwrL4C/DpTFJOuoXDPErPmaQ7iyDrjHQnnOcDjJ5NbCfBb4aKGaPRriRshV3Syk5wcnGAGwASeOnGO49bskKQwyiMsRbwqQcd0ClcL6845GD1HFbEBjiicMjKSQ/YlScYA3cZJPyjHOCMZ4r2qHCWSQpQksvwifLF39kpN83K958ybvo9E77q+h4OI4y4gliJwlmeMSU5ctqk0kk1yq0Ekm9Fa3ZeR80eIPhf4QsbjQIbTRYYVudVWCcvJI7SRnGFYOMjqenP3toPylvVNP+EvgyJ1QeHLVmVyVxFngBh8xOeM8AHnHJPameKUJ1TwxvJ/5Di5LDDNnaBlc4yeFwMZAwQQua990iMNJIZFLISwBBQEKq7iR6ljkHIHbjgisMJkWVfWsZGGDwyUJUlH91DRezi9LR0vL7200jox/EubrA5e/ruJvUp1uaTqzu/wB5Z395a26OzVrX2t47D8NPCsJdx4f0uMNghTAmeC2c5BJJAAOV4JGM5yeF8XeD9Lsde8IR2+l2iR3V6TLHb26KJEHG2QbfmVUx0+8cjoTX1WbW2lErGNcI2FzjJw3XPUliCCTx/wABBI8w8SWiT+Nfh5C+ERtRkjwFB3DnrzgjBA6dPfiurMMswMMG+XC0IyVShy2pwvrVgn02tpbXb5nBk+e5nVx8VPGVmnQxD96rJr3aEmnZt20V9bPbqriReCrdVV7XTbKLcxKh7WNSAcgYwoyvGQcew9ajXwntW4WRLaIHJAjgjHK5GQceo6ehz719ZyeD7i4jW6ih328QIyAgZlVgmSvU44GRnOACOK898QaM1s5xCIgFbcGTadrcZAZSTweCPY9M1MaOAdRU4QouV9FFQi38N3ZR2vZ77JJLUJ47MnB1Z1a/K3o5TqKLTSbau7WW+j+/p8gX2iLL480nTldkEmnzMJCiAHjJ2jHXgdScHjnGT6VB4It4Y4yZneMDI5wDJuBbkZ3Hn5Vwe2FAOBytzs/4WhYSM+Ui0y6A7BcPhevQfMB9AV45r3LS4xc2caqoaMFTvAUElgDjOffp2HzA5JNGX4LCc+KcqUZSjiZ272UaSW2iju21br5XM1zHHujgbVaq5sFGyUnq1Vmk2laWqV76LRXRyUfhCx8vpI4VQeSQWO7jPOOOhO7A5PQYrmfD9pDBrHi+LyV2wS2mwMCFKhDk5BB+UjC88nPAGAfbnt8RqkYCgLsyAOMkAfKM5PXAPX14rx/Sw6eJPHCKchXs8Z5P3MAct3+bv6e9bZhQw0K2XqnCKcsRKLaW69hKSV357231TfRZ5VicXVo5o5zlPkw0J6ttX9rST0bWttNbX766cVqfwi8PfE/4ix6DeO1leX2gT3ltexjeVuYOI1Zc4ZNrHcpAUKSMEgk/PPxH+CXjH4VX8VtNHJqNk7hlvLOAzWM8TE7BcIqlY2K7QeCOenavtr4d/J8ePChLqFl0S9QjAz0IC8AcckYI4x3IBr69bRNP1PW0sb+ygvrSQ3S3ENxEJVmSPMaKyMD/AHhtwBzzXx1fhnA5q8ymk8NiqOOnBVqevMnClJRnDRST5nfrru9D9Ly/iXFZThcrpzft8PUwNKrKlLSyU5Rlyzeq0S026pLU/AhZojq32/RbyXw9rdpLGyvDM1vHPcLxuikiYbDuHC5UEdfb6r+Hv7VPiLw1Jo+gfEbT31izhug7a3AFF55G5fnYjMcibc7iCzHGccZPqfiT9ljQfF1t4qv/AA2V0nXIPE+q20Vu65tJreKU+RGMDMJGQB5YzkcZ4FfG/irwX4r+GtwdP8TaNcz2KCSFpLiN3gXGQstndEEAHgqGYHr0ANfDSwme8N1Fi8JKrQpSbbrUnKeEqpNR/f0dYq9rXsvv1f3scZkvEFP6riFTq1LJRpTahiKbkoteyqNpuy0Su07ap6X/AEPuvCHwj/aUsNb1G0ls7m/a6iOm39o0cWqWUmMq00YAlZIj95WXDEZzgZr5+1zwN8YvgPpVxNHs8d+Bri7ktp0cC4ms7dGIZZoiSYoyOSVXjaMc4B+T/BeseIPC15P4i8Ba1c2d5FILiW1SRlmdRyYZImby7hCOCDkn+EZwK+3/AIWftT6D4ysm8GfE9U0O9nM0Zv5A62V6ZIwGMykfuZSwHO3Z1+bHzH1MJm+VZzUhHGJZJm0ou2Pw7UcLipN3UasWuSSk9OSd97XT0PNxeVZtlFO+EazfLE1KWDrRbxGHhouaCj7ycVqqlJx1s3FpHRfCD9ojSb5LKw0i8jtpIB5N54W1yYiIFSdy6dducwuxJEMLlYwcrwOR9MDxFouveJ/Dc1vO2n3KWuoJLpd7iGWCSYIRHFJkxTB8Eq8RbIYY5rxfV/2TvBfxB8JWHiTwbcQ6D4nltLi4TUNNdZdOvkgZmtVuI4iUWZ+CZMlgTyQAa+Z5/EnxE+DHiLRNM+JugXusaNGD9nvJHkZ44UYoLvTtQTMkQAUOFkKqAMNX0WFx2b5UqMcT72EjKnVjXhzTwlTllG0la7w0na1knT1bS1ueFXwuXZkqyoNQxUoyi6U+WGKg5w5ZK7SjiFFvRtKpa13dH6iXEBCoQcMqSIN23cxULglcH72OSOc4I7VB8L4pP+Em8XvIrY22hypKh9p7deckkc5xnA71414G+L+h+IrCKfTdQXWdNBVJbVmQa3pURwGWWN/+PqNQT+9XLEDJ7Y9u+EM9pqniPxbcafdi4hIgAjOUlj6YDxPskBx8ucbcBhnqa+9pZrQzGeCcJKLlUblFyTTioNXi43TSdtYu6b162+ErZfiMvjjPaxlKEYQs3Fp3VWlZNNc0ZW6SVtPdbVmSfF6ysdV8J+NdOu4YJoprSzLpLGsjfMwAMZYZBPP3csp788/A/jP9k/V9Lt/+El8KRw6n4bubGG/SxQgX9oVhWS7nySMxxkHg5XIwMYr9D/ijZ7NN8SEuF/4l9lMyAEBgkmSxGP8Aa5OPTPqKOjzE+GFt5VcqPCcrRsS23y5VfcCq8YwcAnr0z83Hg5lkmGzXOK8K8G3DCqdOrTsnGamnd30lppZromujPdwGc4jLcsw8sPUUXVxcoVISu1K1KLV7tWvqk7K93e6PsT/g3rsfI8W/tBLHwkfha1ALZMmVuXVwxzncG568cds5/fG7RmkKqCTvckc5JBbP4nnAz649/wAPP+Df+yji8XftEyLHhRoLKVGF4+3TYwfTrjnGcZFfuXeZMjDdkFyw46ZbJHOeRk54/ICvl68FRxLo2tyUKK11TtFa2/B9d7I/RctnKrgozum51asr97uN9e6adr79e6xyhIJjAI5OQeu4N6jqOM8/dyCB1ETjAzjKnuQw5PPbpnpkY5+UA8Z0kO0AFQOSvTtnK/eyPQZPIGcGo5RhW7ndu6YU4OB2BzjPUDjp15pTV1FJaWbVtHrF9t7fOyWlt9nTlfV7u27fZdunfRGNhhnK5JLdRwATwB3yP59fSo5M7R2U8g5yTg8EnGe3rjPNXpgAXGeWbIXAUD5RjuefbA6DtxVfbvGCeQD6A5Jx6egGcdOcDk10RldJq62T77J/g/yv1046kIRctXok12b93RdOmja6WXQrKGycjCkbmPGdwHHToTnp0zjoM1ISechQAAS2ACQ3bgYLckjIC4wcE4Jc2U9PuhVxkgcgkHg5JGeRgjJGexjcksCwY87c9gBnHTJPykL8qnuAABgaRkpNPo2311Vk1pp2XnfdPrzqy3b3u0+rvHRd1ZL8huFPPzZAIPPA4G3p6989eOAOKiZCHySTgDBPXp04x054JHXPpUnmFhg8cnjjBwTgle/fBPI9OpD2Cg7nUgg4zjPYcAHqD0GOvYgGt4TtZaWvdb3smtXpfz0a1V9ehGNOSTS2vqrq1uXvbv6b2vuVSjDBJHGQBzwO3vxjdxjGKh2tnB9ycgr82F25Iz+PPPJ55FWWIA4GDn5QOPvYG3PsMtnnucDjMDI4PIOQxBx93avBYcnkDGODnp0HGilLe270s/8AD67XTvovK+8tN6QV9NXe/NdxVrva3f3dLtWRCVYDkqWAAJBA4PQ4ySM7ehB9Qe9IUHXkDAIBJAJ75P3eO/Ge+fWQozrwAQAd+cjlT1PJHQ54PJxu7ilB4GVPzbhxyBnHGAD3GAMev97FUpJ69Fa/lom18lbr9xDSjpy20V9W0vh6W110e6vdva5CAwBAXOOQQCTjnPYgdOeo4GTxSKAQcKSWwQvTGOp+oHB9Rg9jVhTt3HIVQAg46hRuYkbTj6n36cmm7iSpA28HBPJAGMgnB4wMcYP64G7Pr5bP8tt0tba/MJJKKfM2nsrP+6npsvVu9raW1GEZwAAWPqCAMA8HA5yC3XHI6nrRsAUhQxLLnG48fjzz1xwOvY1IrqgK7iSTuBK5J7gdAcjB575wetSMTv3MOcdF6EH+vbsOmCdpo1W6dna2m17pLR+X+WjB2bjd3k7Xio9uWysmtulvL4WyIqrfKjFN3XcBkEDnkDqT06+nXGRIgdgIIzlgc44JGcnjnvg8YGMYyKcW8sEEY6MBjdyw5znJGMc/wjjA5zSbyMkkHBBxuPoAQBzx6498c8g19f69Pw/EUlFJNcvMlr7tldJaPXpdq9l6WFKt0LAEgDPQKBjg4HXk9AeQeT0MJwAAWIOcMBk7iPQnOWOARt4B9BzVguMMhIOcsCB8p9s8H0KkY6ZAOaaVDMuVUEKcgZxjJHIwOT0BHAAAwOQKUlG32fPVX1Vk7J+n3diW+vuu+v2r62aWluu+myb0dkU2XDOS2BkEZJI54HHzfNjJ6cEdcnNOI2r12qxyARu6feJx0OTwBnOQRwOJSvGWG3byMcjGee/JGMcZwBiq4VAd4ZflJQL7HjgDHU4AOeSccZFUqmsLv3Vy2StrrF21tq2lfz23El9pNe9ulzfyxta97rVrp1vdjCfmbAB4+U4PAOQce+M8478ZyBSAHDkEsQwG0HIVRjn6cDBz0PAodgMgdBkFgCSTuJbGM/THcA8jik37kYL3ZQQAR0GRn0Ixgjrnjn5iKVTZrvq+VapWs99W7Xevo+omrJvsrpa909vlfez1uSkEbgu3qCdy5OT8wwcYBHAIxzjkZppBIIDHnAPBIzjJBPQAgcHt2wTgOBIA+bbyGJYDJJwDjrzgnj0A7jhQ/OAcndjHTd6nBP4dOOPrTcldNRt0SXT4de1m9nd7GStZvtrv719Fa3bXSyv19YDGdxbqfvAhido4Xpjg55wM5HTJzUbh2DBVwN3ynByQepAJAH3gOnPTBPS0QzbRuA5YEEYwCCOT3Pp3wQp4zUWeAn8QKrwOMDvk9OVGMEknP0Lu3a7klZ2Xk7Xas9L38rkN2uldb2ezb07N73173d2UsMHOI8rt2ZwM5xk8Ak85IYdc5O3JBCKMY3HBb73Qj5TzjBBA4OO4GOhAq2wC7mJIxljgcFscZHcYz3Hrg8ARbc8leoBGMjv6HjPTPp1Herc3K12nbZ667dd76X6Pd9zPWS21+V+i6fr0DapHKMdyt8oYZ+YfwnAxz1BJH3QMc1D5SqEGcoxB2g8jGcjOODkZIBIz9ABZOflQAgEYJAXgYJAOOvbLdsei8MUYVsnA4GB1PT7p7cd+MjNPmajy2Vnr1293TfTWLv5t7C5dbpJtWs9PJ33130buQnaoGUySGABIz2xkc8Y6HnggdcUgcqFZgWDY+QcYPYgDpn6AZGBjpU7KeNq7lAAYtjcASCB3z6dc8/LzzUIRlY7UKqFGGx94KCCNp7nGORg88cDNppRd7N/FbaT1S11av1u9Wnez3I5HzOS0Vt97axTsm7N+Wm7d3dXhDqWc4K/N8oXIBbB3HA49CML0BHfcIyNykJzuySMsOCeQOcgjB3Hk4OD1NPKhndBuIPXgKcnqBweoOM9vQGnqrKCAAMk4z1HHGf8AgRA4Jzxhqq8Wmknd2snslpezV0976/gTypKy3s07X1fLFJva7dna/wAtbkCo3yArg8AKegz646Kp45HTkdclS20uFxnIPOCAR2XqvpgH0HB7zYdQu7JyccY7Z9D6Hp3xnbimFB0UYIJ2ggcFuMnPOevPHTg55ojJaXttdN7aWd20vPputna9oUbJSba79+m13q110Wt72ejQtlsHkgbRjjOQMk9eeSG6DhjtORljDJ6dJArDgL26FRyM5PA6DPrlwXHDDdsBOSflbK84yCTzznPQnAx0mBDgrjHG75SCeOpK4xuySSDjHUHJNa9Fy62trd23XTfTfy2vuhERQrnJIA+7gHPPqfvY65PX24pmGHDEtk4J784568fmWwcDIAAsYTLK33SMdCSpI5zgjn1xk8npxUbIu8FS2CuU5zyMYB45x90cAdwCMVl69r/P8NOz/BEODvra+l3rdrT1172s1rfrZDnuPcAZGGA6tkkHBHcg9SeTgIcFQxGzJ5OeSACCeOhJ6YwM4yeuJSSwKDjJDlm45xyAeASR0x06dzTNoORwQCMA4yOh4yenyknPJzx7tJN67dfy/q5N1d+63ey33Xuq7XVpO+mt9ujIMEAkAtk4+YDhcDI5x25A7c46DLCMZYcnIBBPRSMY9eB0xkDj3qdx95lJGfmzx8pGQpOMg5xwTngcj7wEbEZJwFBxhcAdMcknn3BGOo4ABNVtpfTq9eybS0aaenT103FGLjo+W21k7XeiilbWy2vot2IYeOVxtbkE/MCB1cA5JyML19SQMil8pduduTkg4Iwqk8ZGfpnr6EA9Xl+SBwCPm+VQQCOeSM8gn+tKpUkqTkheDnaucg8YGDnHGSAASeMUaLq015dkvRq/fS631BRXXy/OP/BvrfXbWxT8gjeVwFOBycggckEMehIJOejeozhWiKkFWJOVx22g53EZ4DYyWGAB07YNtdrFcA42AtnvtGeQDjAxkenPcgGBmXkY5ySeNuG7e2c8HGQD+ROaXX56b7LW/wCdutthSUbXW77X97o93p9/6MRgcYyD+8Yg45bA+Y+pJ64JGMk8nrXAP8Iww4AY8AcZ9OmR1/DNS5wpXKq3ylQVOQRjcQ3qcnjuAOQTmnMCgcMobkBTz684J7McDtwMdsU4uUV7ttdt+8bu6Wy/TTS7eUo2d7yUbJJJ2V7x2d1v5782jTsiLyz8p355LcexH4dSOeh4693LHxngkHJIHGD90Atzn0x1BOOtTsCrfcB652kcgjPK9j079RjkHiIqWGBjnABYD5gvtjnn8j64yDmfV77aJrda2Wvfe33js9NHa6SVk10ta3SLtrutX8NiIxHPIAwO/IzjOcZAx0wPUdOTSGIhSFA5wDkehwRjOCRleMkd+tTtJgZwgBPO0eg4IwO/JI45B4I2ikViFPPHZjuPzEnJGCSAB/jnnNPm0Vvw1XRWturNq1k+9mNQ956u7WnV2fKr38rpvXbRDBEQN/OMjaCOWOSODkHIAz0AJ454ppVgMklc5YAAHHXknPTGO3fnbkESKGjIbAIIwTnHLcZ6DGSTjjHJzgHAeWBJIDFSxB2gLnHHAAHXkFfYn5t3DT1t6226W03bXd7arYauoqzer3stlbRK2i5le7ina1+oigqQScq2AQByT3bGMYxwfXI7hasE7chSckDIPY8EcngE8cdutRg5b5mZiBuA64/2s56kgZ5+6BkmpYyASoLMecnqDkewA5yMHHrzgAFO+jjsktLaa8tvuenk7+Q07vpe9ra7/La2+6+Y0Bhg56r+I7nkdMdwByencU8nAJDk5U5OCB17bcZxkcjOST0HJeMAqMDOD3z1GScc7cYPTP4c5RVI2sMhd2MHjofmy2c+nHTpxxznzLW9le2i0uuy3tt89fJGii0mk97arfT0WnVdb3XXdo+6GPQYzk5ycknt7gc4PPPemhC2XICgNwCSOp6dOp/T608PtUgKrZYsSBk55wRk5J44zw2DzTS20lcfKfmOQCCw5Gc556A9OMAEBapK94u+qT9NvPtp3206A1eVlq0r2+a0+fmuvpZNinkhgOqgnsM54zjHpn155pAuGJyD3654xgnnjOCc9MjFPUZxkMGLcA+jZJBHAK8j8DzjvKFUhhsXHbqCB6DtgEZyeSNwzjBrO+vknbe+tle9vdfr8vUcOXtHz1fVW67Xv3XmV93ynaMYBBbGCNxPUd+OvX0BzQrHcTg8j5sjjg4w3Ynjufock1IcHZ0YnJOVwAQGAxgEg5JJyTx65GUZAMEEgcMwPQnPzdOoPUn5enQkLWkXCV7qz00010jrpold9Lv77FJdnp0sldvRO7vf0a69N7NCsSSAAoJycAk78HvjHQAnGMcDPBqbyy3AVtykHjgAA5zgjDYwRn3LdeoCQGHAyecjt/CQeRuOMYPr2JAV4IyuASAhBBbB4GegLDp1OM+/y0Lo9Frpe7bVorR29VovTQXIku70evml2eq089/Ow0RkncCCVc45ONrH0PoMeoz09aeFJD5OMYyDwO5ByDhgCDk+/HTIcrFVQ7Qc8cYJOB1J7Dpg9OfcZf8AISeCuQeCudpIGcgAgHHb8uoqHJXXVaat9HZ6XWvXTRrZq90Fo39VprfRNO2/p5Wd0iLbgAlSAO4IODjtknoc9jxkkjpTiCWY+p3ccdMcYJIy3TAxxkD2eEckkFSAw44OeQegwAcDI5+XPAOQKXYzFgSQCSFyAOuSSMk4JOM8ZwckYOBF1ZO99fR20vy9VfVarTWzstNIxlJRsrapK2iunF7JW3tdve3kRli2cLxvySRgnPHAI244BOASMYHc0pUAAqCxCHBOOEyMHPOMcAE9h6cVYI+XvwOThc4GBwM8HHGeevU8mlx94jJ65ORn5uijP4Hnj37hN2d+Z8ya00SWzaezt1T699BqKi+W/v3+53Wz01S/y7XgWLKH5cAqxwx+bOcfdyceuCenIJGCFMasAC3Y7ccDcfUDkZHPPrwc5xLtPynAYthct1wPrnbjIxwTjPXApflVc7Rn5t5PQY6AdwBk7gMZ74GBUqTSW3xX0Svb7rdNU9bNrbdxvHorbvm1btyt28tFbfVa6siBKjaenQHAYAZPOTnAXgcnoDxgcOXaSTtPGSD159e5AOOnH4EjKEl8kgYOT0BYk4GCc4OevHcAYzmnIcAr26EAbSMd85ycntnAHAIK/MN6P3buy26XteT6u9+9lf0T1jHmabUUly9NdLdOiet73tunvZRwMAH6ZwoO4nJx1HXgYJzzU45POQVHC4JBbnnqcnAGOO2ASTUWWyRzz937pJAH3c554A6cDtng0gDuzIgkmYICPLVty4xjcRwqjgjOBjvgGol3fTVybstdbN69dfValL4kvel30V7WXR2afk7J6p6t3seaAzLvbcDwOOADtPcnIJ4yc8rjqKd5i4xuxgFA2AAcc46+hI6HHXjJzwniXx/4B8FWstz4u8e+FPDccKs0v2/V7QXCIqgsDbRzNMGAHICA549DXyd4v/4KRfsreBVnWDV9V+IN7DJtSDwzAPszyIMjzJ7jysRllyWXI56g8nz6+Pw1DeftJJO0KUZVJfZ912Vrf4mtl6HoUcDia3K1D2VO6vUqyUIxTsk/e1310XZabH2f4z8XaN8P/Cuo+JvENotylnGs2kadJCJTrOqSEpZafAHB2tJJtLFeVXBOBzXwhbafqWu3Gpa74nuY7rxr4x1iLVNcvpVHl6RphbdZaBATlkitICkXkqdokBxgV8t2f7fHi79qr4xaT4b0/wALWPhH4ZeD7S91C30+eX7Tez3hDR21/fyOMiSMrmOIblDg4GSpr6sumu4NLgvVRjLdqy6ejsFmuJ5cmbUp+hKRrxFkAKoyMZyfyLibNsRisbUdSm6Ps4RhTpt3cKUrOMp2uru3N5aK7P1zhfLMPRwNJ0qirQnKUp1GrKU1y8yStf3Unq93tqZGtXMFzq8UFqgn0fSJWhtohy+o6zgRi5mXBDx2owqg5CqoxxwNaDxZpPgDR9X13W/39vFth8qLBu9a1OUlodJslGWZHdlSUpuwD83C4GFqVxY+HvDEur3M8cMdjFIzzOP3k1zNIVf7On/LWaR2ZIQvPKHOcGrfw88E33iu903xT4stfLtY7cy+G/Dt0oI09JJNzapfxsSwu5QTIpcZVG25U9PjMRWc1GEJNKOsp3fvfDdXaWsneTfTq7pI+zhBUrySabSST1elrXdkvPVOy20ujC8E+D9c8X63cfEn4iy+Rq97I8ejaUpP2Hwp4dOXSzhRj5aXLKV+03GFdnyM8k1619ut/FupaL4c09ptF8DXupppV/qkC+Xea9Jb432VhkK/2c4YTzAZYkgEqQa6CG3tfGWqy+G7KR7Twno0cq+INYtzj+0LqNTINPt2GCQcESFei5HQHdJcz21j4m+H/wDY2kRalqMbXFroOhRYW1tIEJjOs3igYhjtv9bJJJhpGXaM8A4yknGMU7RjZpW1e2rtZX23vZXbtdEpe85ON3K2renNpey66p+SVvQ6LxPq95YeKYdA8Labbp/YNrDYaADEI7fSN0flSa3qWQFjFvCXxuxLPKq8bTXlvirx7Y+Fnn8I+F7v7ffXB+2+L/GM3N9d3chAljjkPKxMGKWtsG2xoARjHHQ+NPGen6fJrehaddi/mlmFz4j19R/pOrasx2CzsmQN/odlIQiIp8s7RuO7p4y3hlW1WK7k2CzSy+1X9xNk2VvNKwkN3qErY3vG2PKtwSQwCgc8cU6sak1Ti72su8YpW5ne2rve3m77pHTGHKvaPdWk9d77dFZNLTR+Rf0bT9Q13WrzT3t/sthPbLNIbt/LjhtInEj6pqc5IKpIo34JJf0PSu3+G/hPVfH+u3eg6VPdeH/h1YvdLrviFR9m1Hxk6OWNppZYI9voqkbGnTCyoOCy811PgvwYPEZh1TxVI+hfDm0gae/mvZDZXvjFrP5ory7k+WSz8Px7QscBYG5UKuxxjGDrfi7W/iff31n4Nmn8C/DS1kOiaj4qtbb7Lf6za2riIaV4TtflMcFwilDdoN/zEqWzmuuChRSUm5crVrXt9m7atrfW26Td2zz6s/aNWbUXdb62fLZaaJXtrt53vfS8TfE7T/Cuj+IPh98INO0y91PSI5W1HXUAOgeEYPMMckt3cqNl1qTjlYvMZ2lPOO3h+fCngDSR478U6rPe3Nxc2+pXOtToJdc1/UJgQ+leHrcAvFAZGCN5K7VUjLAcDd8Zax4d8IaZqPgzwx4fNxealLbR6N4RsX83UdQuIyN2seJ7oBi7yHM06zucHO4fLxyOl+BrgmDxH8Q7kanqmn30ktlAwP8AZWjWzwF4tL0ezKlJJdwAlvChIKZRx1rswtOeInaOjbVt9Vpe0rK6fVrTRWexzVqsKcE5K9ldtS0umrfN/N9l34z4iaz4y+Nj2w8Ql/C/gZNOuZvD/wAPLKXbcXsNo8RTUvEtwpyxYESGAkozHpkZHXQ6bHav4b0rTLdbq8k0uyS2tYFXZEDFIuBGo2hVA5YjJIAJHStTTvC+u+LrySTRLCVIF8L6tqV9ehfkhSWZNlurcE7V4KjAPPBA497tfDngz4UaJaeNPGet2WmwJ4b0+WHUNSkCyzTbXWW006ABri6unGUVIEfDMBwM5+yyvFUMqhU55KdSMYWhBczc78yUXu27ddb9kfOYnDVsfOM0nCDndzk7JRjGOmj11tt1fRb/AIY/8FFIZbHxn8ENKL779LLxB9oc5AhaVlO1SSVAyGHGPTkZx8faTDbaduJChWQS3M7EZLAk43dFBx13d+MkgV9Xf8FD7zxB4j+K3w18bTaQdC8G6ra6jH4T027lB1SWyiOZtUvoVObc34w8cRwygLwDgV8Vyme/Dy3Iex0S2crHBEzmW+mUnaCSQRGeWwp655xmv2HgzGSxGU1K6puU6uJqqMLL3UoRvdt2ja3vu7e1rtn4D4hYF/6w04e1jCjSw9JylLWTalsld3k76dtW+z+I/H9wmp/EXxIbWMv5uqyJFEg3u20LjCjkg/xZyOeueT9mfsk+HNR0jXPEc94scK3fhq4JjckuMoShAXgZzwM5HQ8181aBDZ3nxF8T3kqQwPFeOIyq7hCD0KqSQztjHOQSBg4Br77/AGd/D876rr2sT27x2q6DcJbG4ZhJcMDhpI0OfkA5wAACAc5yB8fjMnUspzzM53qSdSuqKhZKP+0QUpSfVv3tPmr3PrsuzSVLN8ky6CUVGnRdSct2vq8WoRdtO93fqtD0TSPDcdzAj3jkjc/lwxsVUbskEncMZHXGB17HNdFZW0FvN5AtSCI1RQhHJMigNnHLHOeg5OOxrSXy7aBUQBioLj720MfViuSDnGTypxk81m2xMmoQRGZkkubi1gQrhjvkmAxgHhe2QSQD3r87lJK1004x0vLta1797JPrr00R+kyipWV+ZTnFpWt5WSu/JS67eV/hH/gokW0L4peDBPAAYPDGmzeWMlpTuDAMfockHp69Sfzd8Q+N7jVb64nkj2qWUKhY/KqgDB69NvODkDIGMYr9Hf8AgqBG9p8a9DsBM08tr4bsBknOFNohAPP8O4gdsnPc1+TN0rmeVnIDF2OAc9D90flz1Ocjvmvkas3KSe/vJtN7czV4vTd3XRK6vfU+ppUVCMdtYwUnd6pRjZLe6bb66Na+XYW3i6az/e+WjPgqoBK7WbgE4Gc9Pm44PCk1ZstT+2WmpSPJl5IlUqcnksCRgkqQc474bK9Qa86cM3yDIBxnI4znAHTIB7njA24J77miOY3niwWMwGcc4CnnI69iT6Hrwc1VDl9tHfrZv0vbu9/RNNbWCtG1OdnbRX166bXv06dvU9g+GckT+L9CjkRizahaoEUZzh0wgJwMlsjGQARyMnn9qfEniTSfhN8NL/xbqSGC+ubBbHQLOL5Gu9XliHkZIClkttyyPkbflIyOa/DrwbLead4j0W/ihcLZaxa3DuFcl4YpVaQKR3IBAwVxz61+hmv6v4h/aB163BS603wT4as449LsZA2JLqKLdNcsjECSWVwcNyQpIBHGfucqzeWCyfG4XCRnDG4moqdOaTjyUnBqpUbd1aK5rO923ol0/MOIMgpZpxDlWLxjjPLcHSnVnSlyvnxEZxlTpqLd25qy2to1uefeAdH1DUL7UvGWtibUNa1i9eQzMHkubm5unIW3tQcnau/YoU/KMbQF5r7u1fxZpP7JPw4t9cMNrd/tA/EHS5rbwzpLoskngjRbxSrazdRnLRXzxufKLhZAwBGCDnF8LaZ4a+AXgSz+MnxLtYJ7lInt/hh4KmIW71rXYRiDVLy2YBl0+3YK7yyKVYgoM9TD+zf8CPEf7RfjvWP2hfj1eva+Eop5tZurjUXaG1ntLNmmjtbYSnbDplqgEaIgAkK4285r8q4jzzDYSg8LCreMZONepF3lXrtpulCzbbcn7zu73S2ufsvC2QYrHV6dZ0lCU1B0oyX7vC4dct6k01ZNR+GLd9rK4n7K37Oun6vBqv7Qfx/u2tfBmkST+IbrUdYkYXPiDU0ZrouftGGeN5QqxINwZivUZFfIn7an7XGs/tEeKU0rSJZdJ+F3hWQ2XhPw7Axjt5Eg3wLqN1ChVHllQDYrgBM4X7pr0X9t/wDa0f4rasvwx+G0g0X4QeE5DY2NrZf6NHrtxaHy2u5kiK7rfKfuIySCpBIJ4P5s3hXy23glmJJbP3VBHy55wQucAD8M9fm8qyyriK39p5gm6skvquHfw4em0rWWzqS0cpW0Wiu72+vzrNqGGw7yfLJJUI2eLxUbqWJqLlu+ZXap8110TVrXW+aVkWZHWXlvv7c5OSCoxnPQHoMHbtJ7nV0TRZdWvXViUto1Z7u4cfKqA/MEx/Eei49sEABqz4IXvJooYQQzY+Y8hFHUuwHAwM/7WME4r0/w1pOp63qGneGvDlnNf3V/cwQW9rYwPNeahezMIo4YY4wzyF3YcAfKOTjofpVDlWui7ttrXl2vta107aaep8hGUptJattWSu27pLlS82k9+z1sXLHRdU8Q3umeE/CWmXWo32oXUFhpOm2UDz3NxNcOIkJijVneSRnITIyvXjiv3X+HPw9+G3/BMT4U23jzxta6Z4u/bI8f6JI/hbw9cJDeQ/Cu2voBJDqmoR/OIdUVHVxvCOj7cYIzTvhT8IvBH/BNz4aWnxj+L2maZ4l/an8c6aZPhn4BuvKuh4HtruEmHXdYgbeIr2ISCRA65jbA65B+Ofhj8Ofix+3H+0IdI1TVdRvL3xbqhvvGvju98yey0OzaQyTRRSHKIsUeYra2T5iAMoK8ivUeIn7KlzKlF+9Nfbu1dRb15U203o5Pa1tPdw9GOBgq9bleInH3INJ+zi7Xcl372V9NEtBvwM+Bnxs/b5+MepxwajqF0NU1A6r8TfiRqjO9jo9k0xe5iSd/3azLETHa2sTDJIBQ9/6r/gL8Dvhv+z98PtN+GPww0mGw0XT44hq2sGNV1XxXqqKPO1HUrkASOkkm5ooSSkanauNxrmfgj8IPh1+z74C034T/AAu0yO00nSpVTxBrflhNR8WarEoFzqF9MF8x0MhJhhLFUXPHXP0do8YklhO0IikBh8u35T/EAcZxgAgnn+I9T6OHw3s1GcrJr4Y6aXSs2nrffVKy0V+h52IxM6t0tU3rLrJaWvd6JW0Se2mi24T9o3T4of2bfiP5svlRmztVcKNuR9ojO3PGOQBxkDrk14H8NPBkEkGn6/eQi5M1hpw0224ZOLSILLISGzjIbJ6542gEV9OftTC2/wCGZviB5mzZJ/Z8IGcMxa7iGOmOwGCWJ43YIxXgD+MYPD3hzw9oWlhTreoaTp0MRQA/YLf7FEDNIx4AYHK/McdeA2K5a837V31laytfRuMdXbVJWv5u9krnp5dGXsrJbt3u77WbvrezWr+7V3Op8TeKjoFvc6Vowjn1ySM/aboDclgjbgEixlfPx8gC9eM4wM/PGteHddTT28Qayuy1vLuIATp5t3dvv8wvNnLJGx/hBOOmMcn3Pw3oUM0iz3IaZt29mk3NJczk7mdjhiEOTgdAMcjgV8a/tsftqeDfgv4f1DwR4cksvEPxJuLZhDbxSRy6f4WXYR9t1GRS6CWPdlYiQzMOR92uOok1JWbclHV2b3TvfVrbS79eh6HtJQkm5e7FuWqs2vd1f8u9km9dVbocO37bvgD9n/wT8TPtRGreM9W+IGov4d8K2kgWeULp8EMdxf4UG2sVljO5m2lxnAIANfj14m8ZfHz9uj4wR6B4eivvF3iXUroxgW/nHwv4MsGfa2HG2CEWsR+ad2DuyEgljgcp8Hvgj8Wf2uPiRrB8PfaDpWpaib3xp8QrtGGl6dFLIGnhtJTuVpSGcRQxkE4xjOK/o3+CPwR+H37M3w7g8M/D7TLfT3ktlfX/ABRJEg1/xHeBB5zNcMDKkEjbmWJWwm7CjAwdaTk6VO8lJQUYqLeiWiTa3drWs9dNLWOGUIurNq8FUbnOaVnKMkmk3ZOMbp2te+1tbvzX9m79kX4QfsY+Fv7V1FbTx18adTtVl1bXZYo7gWdyyBpbLR2cMsKRscSXA2scYH92vLPF/wAVvEcnxx+F2o+IdJnXRLH4iaZeaZZWDNL9tuoZUeFJlGDON+AzONqDIXpX07rhuPEV3b2OlRXVzqmokRQ26p5jw25IDF5OTGWyzHPLA4PPNeJ/tD/F74Efsp6x4S8WeLRZeJviX4X0m6m8OeBYLqOeODWLyExR6rroDOLdYJMOsbjeMYVfTOvi4YZe0qxdWomnTi9ZSl7rWi1UVrtdWe72XRSwbrWhRvGMrc8neyjyre/w2fTW+l7s/Rb4h/Fv4d/s66Br3xu+Leuaa3jzxAtxd3MlyY5LnTNKnLNp3hvQIJMuLiSMx+c0SgLIxL45I/n0+MX7Sv7R/wDwUN8eHwL8OrS+0P4b6fdvEjK00eh6NpzPj7dqkqbY7/UnjLMsJMgibAAAAzzOheEf2hP+Cj/xEi8bfETVdR0n4c21/wCepCSwWLwb/lstCsztRx5P7prsgHA4wcbv0d+KXxH/AGfP+Cf3wkttLS20+01BbHZpHhWxMT69ruoeUdtzfbT5u1pVYvLKABkgbgDXwmccQYmviVhsKnisbOajGhT5pUcPzNK8mn71TVNptKPVrY++yPh3D4fDfW8XOOFwNOMZTr1LRrYj+b2d1enT6cy96XRLQ5v4TfAj4C/sV+A7zxp4x1awXVobUXGu+ONeaJ9T1C7EZeS10iOXMiozAxwJAD1GQvIH44/taf8ABS34gfELWvE/h/4Rane+Bfh3qlq+i3TWjmHWfEdmkh/fXFxHtlt4pVz+7RvuNjqcV8lftL/td/En9pHxNcan4s1OW30K2mkbQvC1pK8el6ZbbmEXmQptSa424DysuScjGOB8d3t3JcPIzSbjk/Ng5xjICgAjuc+nAIxk16uR8Leyq/2jm81i8bUjzcsnz06KtFxSTvqtFtaLVktjxeIuM/aU3luTL6nl9PTnguWpWV0udte8lJt3u23fV20NK9vZ76VppZmfzJWd3d2kd3clmklYlnkdmOSTycjpxmvtJc4DNkYCr95jx0Gc89OOBzj0qpapLLHGkaGVt+FVeuXxh29BjPocDGK7zTdKWyYTXCi4ujtHYom4ABFAycgY4+bAA+tfbRUYNKPwxtZL3ell8u197fd+czk6kuduUm7Sbbd23Z3beqXdvfTzH6L4b81Fub1Rs4aO2BwcjG3f0IB4JJ6AAA5r0zQPCuseKNUsNB8PaZd6pqd7cRW9np+n27y3FxPK4SOKGGNSzDJG6TGByOADjtPhF8HfiD8ZPFeneDvAXh7UNc1zU5UT7Nawu8NtGzANLdTj5LeJF+d2ZgAoO3g5r+o/9lL9jn4H/wDBP/wAPjj8f9V0eXxlbWaXH2zUUhdracoHXR/DdlMGkuL3dtja5SMASbgGAxWOIxkcOlCK56stIQWt3pvbZb3bSvfTWx2YXBzxLUn7lGCXNU020soa63s7Paz20R8Tfsif8Ep5fB3xB+DXiP8AabmsrPSvGsF7rMvg26ljtoLK0sAJLc63fOyx2ylcO0Jcbl4wTkD72/a1/wCCmfwp/Z30G5+Dn7LNh4b1XX9Gtn0ubWtJghi8JeF3hzE89ssSrHqF9GUIDMzxlhkMABn8rv27f29/Hf7UvxB0bw/4Dj1bwv4ctTPpXhXwzoLytrmq211KIhcX/wBmAmMt78uIlBWMNtOFBJ+p/wBjn/gkpquvRaN8TP2oWm0bw2xh1LTvhrFI/wDbGsEkSxS67PuLxRzZ3SRg72HyuMcVxKlWxLg8RzPmafIruKSa+ynZ3WnqrN62PSVWjh48mHSi4xtKo3dX913vo5SVttlZ79fiP4O/s8/tL/8ABQb4i3PifUb/AFp9Hu70yeKfil4nEw02ytXYs9roiTny2ZYmKwQ2xZFKgkq3J/pV/Zg/ZN+EH7KfhmDw98ONGhm1+6gCeIvHd/DHJresXG1RMyTMC9tbO+dsMLBVBAAwOfdPD2heHPB2g2XhbwXoOneG/DWmxpbafomlQJa20MaBVWWYRKvmzsFwzkBiT947uenso2a5QN8xC4VBtKj3zyPYAHgceuPZoUY0kn0TWjik3yqLV0ul2uy6a6M8mvi51HKMZScX8Te8mravdJX2Sstty2IgriNeQwR2ZmOc8ZJZj1Od2Oh4r+Yn/gsCGH7ZOjRH5RF8OtLRep/gc8YAHqQMdvQYr+oGWNzIckliE5xnB3KSpPU9BtGBxk5wQK/mF/4K+hn/AGzLEsoGz4e6Si4wQSY3OeTnGP8A9fINfX8HSi+JsltZP61CNn11jvtdu929dOj6/G8aKP8Aqnnzmm/9hqvbS6jazfq92u2ltD87dLg+VMMPL2sOv8Wcc4Odv97B55B4zjYECyb94/ejdszkI0Y7DHc9unOcetM0hI4QoJBCnJwoIy2NuMZGVwcj1O7ng1rAIGDquUZvvODnOPmIPLFVHG0L0J6jg/2lyPkpp+7eK0bad7Rdt7Xa07eu7/zolJKtUcVrro79Hon3SS1dl970xzAEkRXXCgMVKnOSe7Hd1zgHPT0xmpPJ3K0IUsJAWZmBycZGAQevbk7TnOScYtSRqm4MxUnnlhtY5B4AGQBjseeOmaswXMUEZB+aY7gGKjbggEMo9TwCRhseg5MODitU+2jV23bR9klromney3QU5tpK1rq13/26tF2s0r8y83q08S4tzBExdSJMArzkgHOFOG+9u7g46exrwn41Oo8LIAiqTqloGJJLZEi9Qexz3Oc4weSa93n8x2YszsFUHjJwSTx8vQHI64xnpjmvCvjSqjwzbgZ3PrFmCDg9ZE6jsepycZ6nBrxM/bjleLVlrTt0T1cUvR6q+92le9j6ng6LfEWAWyVa76pqMb6W0T0d2l+B7Na+Y3hXTw3a2tAGI2/L5MZzg4yAec/pzmucmILYVF3EFc9sLjkenPY89OcZz2KQiTwtpqKpZ1tLZWAHCBoYxggZBA69OCSfWuZMTb1RkOc9CMquODzwDjBwevPfOa2oSi6NBbtUqVlbX4YperXlpdd7W87ENrHYp/EniKjUmtrz1v1te127dHuikxARVBKnjBf5v3gHzEdSAADgHGeBk4Iqq6ggu331bgDtubHTBHG4k8feUj3rSEIdjKGHysRuIAxnqR0yAM4PHUHDbd1VGj8yTbzkZBYEAOM5PoTgKOeDnOAcYom4a3Vru921botLO+7v99nZ2Oij7zu3bW1tdVaK002astl5vswYVc7htVeQSpLNkYx3BXHI6EfmI9xyWCKN+7lucEHAGOhPuT35xVhIDnkHywc7gpPPUfMwOMEY64684PNG/wBS0TSlL6lqtrahMlkklQsARnIVSxAB46HJxyACa4q+NwVBS9tiKUUknZzimlZcytfV3fvfqz2sJgMbjJQjhsLWrO+nJTlNtS5bdLXvbXXT5koctuUtndgEEbSxGBjk9D9FOOOOTSAMSMqWCHJRBllB65JJGeMqAexzt4x5vqnxi8GaY0i2aTapIC3ICpHuGRkN3BAzkZPpgcnzfUvjjruqOYPD+lmEAsim2ikuZsk4ySFZd3I5zz0HABPzmN4vybC3iqksRNaclGLk5bO172v6Xs79tfrcD4e8RY7lc6EcFTdnKpiqiglH3btxUm3ttZNLodd8bYXTw3pUawuvm6/bMThTxlRyoIKk4AJICjkk5zXr0fjTwtouh6YNQ1e0ilh062WS2Rld1CxqDlEJ+YMQpBy24kkkV8beJZ/H1zZ2uq61b30NhPdCG3e9kZFFzIwClYWOVKg5wq5HOcAjPrPh/wCAc2qW1pqPiDxCWS6iiuBBaJudkkUMFcsQR1AYAY6kDHNfKYHiDO8XmuNq5Tlk5TqUsPF+3fs1TjFtRk1Jq/Ne/W6vprr9tmfC3DeWcPZZh8/ziMaGHr4icXhlzfWKkuRzpxsnblSSaaVnrdXOg1n4++G7HzksLa51BgWETN+7iLdsDq2SADtXtXm158ZviDryiDQNLltklPlxiztZJmAY4UtI6gBgDjOSTnmvoHSPg94F0kBk0lL6eNkxJeSeZuIB3ExupUDkE8fQZ697Z6VZWMSx2llZ2qI23/RoYkAUEcDao5B4+6p4IPfP0dPJuKMzkpZhmccJCXxU8LFtpNR+0+VPR+cflt8RPizgXJY8uU5FPMKlJ6VsZZQk/d96zUu99ltbofHMXgH4ueLSJtUurixhmc72vrhlRQcHb5KtjaoB4YBcAc122i/s8WimJ9f8QTTt1eCzG2NgpwwDHDdcjI5BzX0w0QDHad4LfOTkZJIweg69RgAjHOKXyiyxpGpVSx3EDhQOCcqWPpgDPc/wk16OE4Jy2nOM8VOvj5p716rabunrCySV+91ft18nG+KudYin7LL6OEyuneyjh6UHNR91WUndqyuvhv6KzOB0L4YeB9F8t7XQ4J5t2DPfYmZlGMPhwcD1A/HoQfTbO1gtLcJbwwQRojBVt40RdmM8lQQeCSMAYxycHiJYt0aogJaJmUNwgC5Gc5PJHcMAefarbOptzGuFADbWHocLtySGOD17e/Un6bDZfgMGlGjhqVJKyXJSiu2ruk3frp373Phsdn2cZn/veY4is+Z3U6lTlTfLZWcrJPslFaPpZpiuq/6rcypluWyVYjI255yCOinplexFGqSs/h3xHKVZw3h++DNyFJERBO0Y5xwcY4J4yTVXf5Py5VtwaPHTLHG0k+mfXPPHHGa+tTyp4V8TH5wqaDfqBtXy8mMllzk8Yxxk5GegFY51KEctxbTUbYaporXXuPXu9tr2Vj0uEJVXn2Wxk3NzxdC7vKTu6kd731aa812vZnmnwBUt8PMEhI21m9LMRk4MhOQOcA4P3RnG7B7V7CbcFpRuDAHcgAAIzjktkZx2C/U9MDyT9n9tnw9tY5CqtJqd25UYIkUOxyoHzZzyTng+gOR79ZaTf6g2ILC5ZSpaOWRVt4iWBClpZCiYUA5JyAODnofE4ezXCYbI8C6+Jw9JRw8LudSMOWySWretl0WvXQ+o4w4czPMOK81lhMJXxPPiGoKMJySaUNU0ml23+VzlJYuqAligDHOCD/u7cfN9CMYHAyDS20Zfe5DFlTcDwAOcg8nrjGeuB04GG2dSfw/4dR28TeKvD2ieX/rITeJeXefmJ2R27SASDIHJCk44OMHyHWfj98KNDJGnQa14tuELK2V+xWcpUnaY3VhI6k4LDGSq5BJWscZ4icOYKLvjXiKkdHTwyc22n/NJKKV1a2qs/ktsu8H+LcwlCpLBrCU5NXliJqCjpHW1nJryturPselrGpZSxVpGJURxfOzHAA4HQkkZHQNkHLfe1bPRb+cvItp9nQqMz30kdpEADjkzlMAjJzk4GcZ5NfK8n7QXxF18TWfgbwlb6ZFMzfZnh043txGsjfKPtE0ZKsckkgkKc8DBao4vhr+0L8QgjeINdvdOtrlgXS7vJIo9oA5W3iIjJGQcFRk5GOQa+Lx/ivzc0ctwEo3/AOXleVkttbRW+97SXonZv9JynwMpUXTnmmZxm4/FTw1NtPVO3tJO7WrvpZeWjPprVte8A+FmEvifxzodlJGhZ7KwYXl2rKQvlqYd8fmbRxyM9OSTXkOsftL/AAv0zfF4b0LWPE94GZY5rpzHE+3lWWKAMcE9dy88K4HGbXhb9jXTJZ4pvEerX+r3DDfJFD5kcTOMkqHLksCTzkZPTA7/AFB4Q/Zw+H/hqGGW28N2McuCjS3Ma3Mzuehw2SPmHXr2PX5fhsx464hxt4yxsqMHdezw94fypp8tmt3u7vp5/p2U+GfDGXSpThltLEVYNfvMQvayuuXWzTStprpbReZ8KP8AFr44+OGuYfCnhc+H7GZWVXgsWjYQupXDXUqpIVCnJycjaOOMHhLD4CfEzxb4nfSdb1YwXksa6hPNdTySqYZCMhMnBzuOARjJBPbH7J2ngjR9PsRHHbW8TRBnkLxxwwiPBzkYAJAyPw7V4FqvizwB4Z+JWr3Gt6tpNvZWehxMHWaINkSKRGCG5K4LFR90LwCK+JxWMr4mopYivUqycrtym5NtWvd3bsr33d3rbRn6DhcDQwtPkoUKVGKSSVOEYpK0Ulyxs3Z3TfS1/M+evDX7H3hm0WNtfu7vV52G7yg3lISACRgEHHGeT0GSeMD3zwv8AvBOg7X07Q7JI0X/AFksSyS5ABJDOOuQARyc57kVwHi39sT4XaFFcDSm/ti43OIzEqqGVQVAVuAMjgHPOMjBPHzP4q/bv126t2tfDGkRWQHmbJZCXKKQRgg8E4wccnkAHvW8Mww9F3ShdRSj7qutYpvW7be2611WyM54SdTe9k7621fu7N2fTotFfTa/6Yaf4V0jT7fei21parzuZIY8N93cGJXagI9OxIxmsnVPHXw08JwyS6x4i0aGaM/vVM0LHaTn5U3nLADGcHGOcZAr8SfFP7SfxW8UeYlx4jvLWCUENDayGFTkYJyhOF7HGffk5rxLU9d1rVZC9/qdxdTMfnae4lkyD0B3tjkHr+B4rOpnbXNyX12vaO6in91tO3S1xLAQuvaSbb3tZLZK3S9vx7aH7K+M/wBr/wCE3hdbqLRWk1uUTBozHgxs2NxUMQG2k5ORkA7VPJr5m8W/t5+ItQV4fDmjW+lxYZUdl3ykMCoZuOMZBBBzz16V+ctxK4ILFpSOQzPuA4HAyf73zDgjBxzyDGtwUKuU2ZyCF6qT0HptGCCAOckDgjHn1s1xNZJc/LrFaJ36PW+j23Xa5108DhYWfInL3Um7uzsrvorXT6Pe/U+hPEX7QXxJ8SM63/iO+WGTcRDaSvEhDDphWBwA2CPbPHWvHr3XtUvZpJbq6mcvuBaSVpmcNkkktkfdPK5yegrmTc7sgl2PO1gcYboevJOMH0IB6mkQXD8JG3BOSVx06YJAGMD7p6gcetct61aVrzm35t63Xn0stLdramqVOmnbkiktbWW9lfa1rfjZpvcveezuDJO/lgYJDEMTnHyqcKAcAEdjnhRuxnySv9pfYcqOEOWyw6ZCj5eMAHjnOTzxW1YeGtZ1RlFpZXV0xwCILeSVjnHPyIVJOR7jtn+H0Xwh8F/Ffi/xP/wjkFt9hv0tftcy3YKBIB/EwzuGRzkgHPY8iuvD5Xj8TUp0qWFrSnVqKnBKMkpTbVktNW/Wz9Frx4jNcDhqdSpXxNGnCjTdWp+8j7lNWvKSTvpdN7q9lfTTyRriRsDczYIGMDJAzwe/QMQSD3OCRU0Ud5ckRpE5yBliuwEdAuWwWwBxt654JxX3voP7IdjYmM+ItdRiQGeOzVXKsSMKSxDDnIGARjjOcivfdB+B3w28PpGItCGoyogzJesXQvhSGMZG1T3CqxAB64FffZZ4W59jOWeIjHDQklpOV52stOSLbvbr9/U/Oc18XOGcvUo0K88bUUXpRi90krXfu6tWS20Pyz07wN4j1ZozbWF5Nvwq+TbzSKx/hBKrgdecHPBHO3j2zw1+zB441xY5ptNns4pefNu2WJFUAZJTIY7c9cDvkZGK/Tmz02w0xYY9P03TbBYwhAtraJGXnjGB324bJ45JOc1eaVGdSJZGDocxr8ozn7uF24JwQMnjg56ivvMs8JMDRXNjq9Ss/dfLC0I300fNd9H0111u2fmeZ+OGOqvly7AqlBr3alWXM9batRtFNW6uz1XU+PNC/ZA0mySKTxBrMOzCs8ViglZiTtyXcZ4we/zHkCvavD/wK+Gfh3M1tpL6nMhBSa95QkfeVossCPYDkcY+bC+yZCKzYVYwqhlJDSEjacD6dQDjIJ70lvIFRm+Yx7iVymGLY4Y4zjPJx6A9RxX2mC4QyPL4x9jgaMpQS+OCnJyfLo27rbV3SXU+CzHj3iPNan73MKlKnNfBTk4Q1adnyvorabPe665GmWOnacjR6ZptlpgZgAIreNGUKFxyFGVI6+55YdrbEsJjIZZCRuIJwoUkjAA4ywPGMkc/St0aaoBdiEaVd6pIMkk8sQF3bT7DjvkAmrgsbNYBIzKNmEBlYQwjJAJcvtyDxyemfXAPs/7FhYJpUacY2svdik9Lqzt0Vku93bXT5vlzLMatl9ZxU5tNyvUm9VF7621dtX3t2OOe3eKJpAgw6MQv3nbcSASexXrj2AzngeCeNIUX4q/DNViJY+cxbnBc8kjOQOeSB1A9Rivo3WvGngbw7ay/2nr2lwuI2aeGK4SWbKD7sYjLDJJzwST17kn45+Inxd8MzeNvC/iXRTJfReHopMxOoRZWckKQBxjp6Hg5AHA+M4k4jyqFClTeJpyqQxOGqShTal7tOrCUl7nSyaS/HWx+j8GcG599br154SpRp1cvxVCM6i5Y89ak4w+K+7t377n2vJaykzSAjzFZlAeNiFySCBgYz27gZwSCOK8vk2wVrhoYI1wWa5kSMqGAJYEnlRzgMCMEDGM4+I9Y/aS8e68Xg0LTZLaJ9yhbS2eZwGyRgqp9CPvdeOmQOS/sj41+OH8y5XVVicECS7uWggVSQRmIsPlAODxjnBGBWU+OpYhqGU5di8XPT3lSlGOqXWzvrd7W0t61h/CmOF/e51neDwcOZucVUhKau43XvSjrpqtdnp3+2NT+Jvgfw47DUPEFi5LE7LZhNKQONmULqDlQAR6Z6V5l4h/ao8I6crDSNOe6dWO2a6bZESMqCqR4J4wclcHp1Jz4ppf7OutXbJL4i8RQ26sAZYrMmWXAGWTPIY54JyCMd+K9T0f4CeBNPMLzWN1rNwFDeZcuyoSMjO3ptJ9M4yAMZxWXteOc0d40aWXUZpWctZpWSbStKS0fZO71tqejDB+G2QJ89aebV4WbvK8JOPLeyvCNnba7W3qeZ61+014z15lg8P2cyEnYkem2bSNzwAZAA4OOQTj8hiuebTPjb48ZJLmG+s7OU8zalcuEXcSTuifBGCckAZBGD7fY+jeD9O01Yo9J0TTdPC4Pmx28ayoOCNz7M/MQOe44OelbdzoV4zEMNzSswP7zEakdCAAQM8jgYzxuAzjelwRjsY4zzXNsTVvZyp024pu8Xbmk3ZLvb/wE5a/iVlmAg4ZFkWEopXUakqcG3blSdor5v3pO93tc+QtM/Z6vJyJvEfipgVwZLfT1BPoQGPQgnIOenbivUNG+Cvw+0xxK+nS6pOgDeffSllZgc7jECcjGSQw7EFQck+6RaF+7iNxhQu7IjAHI9egIPBYnPPIJBydaz0iKANIYYvmZNpPzFhggAgjkkHO7J77c8Y+lwXB2RYFJ/Vo16lruVe9V6qNtJcy1Ttt6dD4fM/EbijHycIYqWFpvanQjGjaN42u4JT2uneT89GzgdO0qw0zEOlaVZ2eT5atbWUe5QvQhyobBOOeDnAOOldJNZyXl1p3myObhQ5VC5WPcp6lOVONuDkgdc8MM9X9jhjDtEoQgFslhjJw37tVByMenynuOQKimWMXNoXVgFR9xAwSG5JX+6PQcZwPSvoaWFwdKKhQw1Om2rWjCKSXKkktLpXV072W+23ylXNs0xCnVxOPrVW5RfvzcnzXTbblK7s3ok7f9utHwp+01Ft+PvxUjdg2PE0xIJ+ZiI48dPQj72O5+70rxIQA/PyVOSQSR68gDvwMc8c4PAz73+07LBP8AHf4nTvEyrL4gkkSZCDt3qgG4BlyBt9PUjBavDVgliQSf8fEYjYrJHgOBwQGAIIxnqRjPXHNfxxXhGEqiUlpJL7rLfdb7730t1P77wjUsLh5PRujTd3bT3Iq2290uy2TSse4fs7Iv/Ce+C1Zgu7xJEMEDHL9D6Y55PPHsay/jnGo+L/xEyM7dfuFUDHIWKPg8HIOR+QFT/AmY2/jDwlcq3zw+JLbAyQRmQEc4J9RgAgHhcEZqh8a5Hk+Lfjp3xltdldiCMneicnHJxxjkc44GcDqS/wBlpSTj8cVbTflj28klp1V0c0G3jKiST9y7dtfigtXq7a3fpqeTTRkoHRGZlVgQ3OB1ODywHBGD2xkHg10HgsK+pzqY8N9hnLbs7eAGJ+bBPAGSTjr0GazGACls7SQ3XpgZ6DAK559z1BPbofBYB1V/l8wfYrnJ2rjGwY5HJwCTnH/Aj1GVOT9st3qmrWtdcut1ruuvVrRNHRVvGhU5ne8fRXutbryd2nf1unf3f494/sn4WfJtI8HqqseeBM+emR1IyBzj8RXzI8ZLltw4C5Bb5gcY74/i+Y9jn2r6d+PLiXRPhVhVA/4RbYWJ/wCmrnnPOACPQep6V8xShon24DAZUSNggge3OQTjGQTgYzjJqsan9Zl6Qb0W7jHX1t5Xb1194Mn/ANyhqtJ1F/5UaSs9Lb63tf1LunNtvdLbqRdqcEcE5BwBj8ccZ5r6W8SxLJ8AzcMBGW8XfMc/MwCFckjHHAz9RwTgV81abuN/ppwVP2pf9oZABHBPGR3AA4xwM19ReJ42b9nsEKAreK2JyTnOwgknBPUA+pPataH+54lXXMktelrpWeu9/K9umxy4lc2Z4dpv4bLV6K8bWdlrd9e930Z8z6TqmqaFfJqGl3s1pPE6uskUjrkqd2JVGRImNuM9Pu5xuI7Xxt8SLjxtpum2+raZAus2twm7VLclFuogoUCSJQEWTBG5hySG6Hr50A+SEYlMYIO7AAOCe/zZ5yc5x3NVnJ8yFQC22ePOd3XcpyBxjhcEAnHXIBJrlji8RTpugqs/ZzcVODd4v3la2ttFr17ddOuvl2Fr1YV50YOvTi5QqtJSjrF2vFJyVm7qV1e17H118C7Rp/GawxyGAtox2SFc4Y8YIXgcnByV6Z/vV9ZXiXcMa2t8phulICT4BjmVuVG7AUMBywHP3QVHIX4/+GlxPYza3qdpvhurTwxLPBKnzbJEzsJViRgenXPPavQfBP7S9pd28Oi+P9MV1AWMazbqNwbO0NLHjACjJZwcg5wSMiv0Hh/OcHg8PHC4mp7KVWbnCbT5LtQtGTTvHVJp6avtv+XcSZBj8xxU8Zg6SrRoQp06tOLftWo3acE17/mk7721dhnx+spH8F3zyxvuhuLYiQEbCNygMOo+U4yOTnIOOh8i+DtlFdeM9Hspyjwy3dsGSRdw2suGDLg4BGCe5P5V7l8bP7O1L4c6hqvhnV4tY0rzIJiI5FdrdDKh+fLB1CN1DKBke9eF/CzenjvRhGctKtq8SDILSBV5ODkY6cnIyBxyaxx1WlPPKVSM4VYzVFqUWnGS5l1V+lr6dvUrLoVqeRVqdWnOE6UsRFxknGSapxe1rp6t9G2tNGz9A9a+Hev+EC/ij4V6xNoup24ae80QuzaXqKopZwYGwm6Q54xnnjjg+c+N/wBozSfHnwy8WeB/GFl/winjhbBhA2GOm6rLG4JELsFCTOQT5eNoJ6kkCvouHXJ5rKW2OC0EcrFHbZJvCcGP+/GSemeMgYNfmn8cbM3Vre6l8rtb6lKZQyfvYg7NlflPK5OMkHnkYxmvp8xxmIwlB/VZSVGrSkq+Hn71JxkoqUld3i1d2cXo7J36/EZNl2CzTG0vr1KLr0cRGeHxMPdrRdNxkozentIcySakpNa2ezfE+EVc2GlqQ2watAXBGT/rlBbryW6kgAA4HsP2h8G6/HbaXpNvcOwthaWiwTkAsr+UuVbdgkALgkkjnI/vH8Yvh1A11b6DEA0Yk1KCNmbJAw+QepyVwvsOQS2TX6fad4+fQ4bbRvFthnTbZES38RacnmKI1jUwrewKNy7QQWYBjjJOCoFb8LY2WFnKrFtL2dLmdnJRtyytJpNpPX3rJaPXV2vjvK45jQo4dxUpxq1HBcyTbtG/Ina7T+zq32skekfGm3a8+H/jRYbpZE/4R+5ldPlb5Tg7kHHBXhgORgAfeJH5HfBiHb4y0pGbaG1SP7oyVG5wDjjrgemPwNfo38UfGOir8N/FV1pOoQ6lbX+jyRLcW8wK28h42lCRJGrZ5Rl68bT2/Or4LBT410GR/nWTU1Ziq/3C5YkZGM59cdeCDXDxzjKWPxuAqU3F8tOcalmpK7nGzutVbW3XWx1eGWWV8pwOZ0qqcIzxEZQTTTt7LW6aTTWi0VrS15UrHn/xWlaH4heMBGwk26vOr5G5WHy5PfnpzjIOBzjjlZ7BpLE3VuzO5giMqK2NpbJA6jPfkjnnJIr134veGnPjnxLe2o3xXuqTl0Y7THwuG6ZIGM9yMnJ715t9nlhtomAEUBKwM275mKbscY5HQDJPH+7XxzoycnzRtFt2k9vs7O+u6vbz66v9HniYSjCKfM1aMknsnyp7NPZq9/Tu31vwsjlHivw2EVldLq1G1jljhieT25JBGBuOcdePVPHXhq31Txh4rmnd43S9Iglz8u8xrksuc46Z7HOOMV5z8KIzN4w8PDzMuL1kTaACu0jb9BnpjvyCNuR6N8SdTk8L+P8AxPFct5mn6kouoi4JKgxqoYd1UOpzgHjOBzmsJcqa5tm3d7ae7Zrrr6I1mm4PlWvImrdbNO9vTVtPW3fmPGprKUTC1JZxGjqCRtDsCQGBHAzt3DoSeMjaCPUfgPayHxjNbyhkRNM1GTlRjIhfG055HrjqDwDjB8ykmYz2kiSjFxE8uGJOdzFhzyQGB4GM5+ua9Z+A8rzeN5g5fP8AZV+inHVRE4BzzxjtgnjtXVSlarS962uie70TUdG1ZdXZ9dtziqOLoVJWtePv6X1fI27rsrp6a2b6WOAiUNqOqZkV2XULzERAyyiZsFlJ6DjLD69arrbwwXTAxBS9vMSCRuDlWIAUEnB+Unjv2+bPLazexRa1rKpMyXqaneiNc+WXAmkJAOcHGcdM8Y56VYsNVuLmdVnBaZrd1JwwKqFOM8EkAZAJ6cgdiZWNjVqKlKDi02k0ls3Z9m21d97au241g6kIKrSqXjyxk4yWtrRXld6Xtq7auy1X0d+z8oSLU7lin/EvjudQJY8d05znA+pJ/M5+m/Fl18LfEnh7T9Vj8M3ln4hjsJDJqWlTEw3k6xHCXMIHVz3yOcZ4FfLHwOkK+GvHkoyGi0eZVPU/M5HfI9zxjceneub8NeLNW0uaOOC7cKCSbeYloeQQGG7IUnOcD5fwr2cHiY0aFOm0m5xdnpZNWST6at2srfoeJmWArYmsqqnKLpTg0oycVK0YuSlbRqTvfR6a2M7xlO2p3ukfuTbmKK4QxPuDqqsVVX+UFTgHkcc4Y4Ga+vPhr4S8Oa58FtFbxF50Vibu9iSa3YiS3uGZ1iYkrgLvI3cgHPPJO35T8QXzavrkN4YUi8yEqVQfIz87mGAPlzk5zn34r72+E2kS3v7PNrbW9sL0vqVwJrYKDJNELgl/Kfgh9vI2gsCevOK6cLDnxEk4qfNB3SW9o00k7Wvbrq7/ACMMZVlSwcOVunyVqd1Fpyg7KLk+ra35db7a6X+NfFngqTwvqkqXbXJgtRE9hOXiZLmBiGjBKM53bCvy9TjoMDE/w6bHix5Yo3USPG6IwKli4IbI5PQZJ5wc+jAdP4/8Py6dqjLbajd3lnJexxQ6dflmuLOV+Bb7WyRHEWCIwJz1OAas+BNHa28aKkqFZ4vIMiknaCU5687cdgSox7mvExDjSq1I2cYc1mla8bqLWrunv5KyXbT7LI4VK3spympycIvmUVFuLs009bNrS+nTQ/p//wCCGaN/wv7xCvRX+H2oEAgfeNwnA/D65xxk9P6XtUUqzhsfMAemARg4+XICkc9D3GOCa/mc/wCCI9pJF+0dqBSUsk/gHUwyqThQLhW4HQEnICjgkBfev6ZdTO6WYMdyhgFA/hAyCcjOentznvwfyTjqp++wzs7qlFJN3vaad773u9rL8j9S4epuNTENX1UHJO9m2o6K2+3+TaSOdKg5yMg4B7kA5IHB6+vUe/pGQfmI+UdsHAPXIOSCcY6dB1GcE1Z28gdhgHnHHoODjoQTjnJxTTG2TgFgMkkkHA7deST3BJBzgZ5FfBQlor26dbaWXrvrdXvvbbT6+Ona2j0euy6W0va9/wACBWEYbccHdwewAxtDNnOD16cn0xipUckgkElmznkkAcncDnk888kcg9eGmEnJwGJ5Hs5PP0JPUYOP5KE2jauQVzkqOef4QQOcEtz0449q51pq+mq+T0s/Pa/rvrLik72tey2T/l337K+j3s1teRwpbIJyGJJA5ye6jouTkEZOemCMCqxIUlSC3BGCAScY5JHX6kcA1aAbC/KSQDgY4boMnnjnqOueRjbUbDJdWQFsgcD6E45wc8+mDgjninfm5Xd7+emqu+3e/pa+oOKTV3pZbvezSa30snddFaxVa3Rwsg57nnkE9gO5wOvGR044phtV3ZKnICjpnoc5bng4IwauBSB0yTlfXHoMcHgZz3/pJFjoc5IO4AYAwM9DjjGOPXrzT5vs6XvutHfol113S/4AcsU3ulo9Nd7W01vd369NbGabVdxOGXc+duMZPI46jGcZA6cDpmlezOVzg43AAejdDnPC49R3z251WCsF3LkAkAhuRnGSf4SMHrxjoeppxjQYK5DZwTnjBJxz0GMH5e5H1quZ2vd7Kz6bLdPy+7cnlTSXe9/k1227+e19UY4tdqgMCMKRuAAAzydxGMjHQc8ZyPmOI3gG0AKMMSdw5Y9R1xxkAHgN0xxxjXaEk5PI4Ydj3XccZwSBjHOMfjSNFk4GCCG7eo3YB75B5J7nGTwKnma31b+eumv4b22+RXLLvd6Xei2cdXZK97Xael9lffCa2JyFIXBBII524JHOBkjq2COfToI/s8gfCgYIHPTPPc8egwP4SBjABrZ8nAUBfmIPDHkAk54OByOAQAMHOSBml8lyCMKNrNtB65xk5fuQc8ckgcY+WrjKNldJO6u7ab3v3svTfVK1gdNtr3tGr7pdlfXTp0W3VPUwzDJwzYA5U5xgEgYJILZQD1xycY4AqMRlRkM2OOg3HqM5xkE5+UAc4zk9q3xbhl+cgt1IwNgPDDAwehOFHIJBxknJkNmGB42lckkkEAdiADn8QD3z2zXMn3sv6s9bdb79HdK2suHLZN37b9dU1318tFta6MArgkAEnIJP3WI46/KDk4IxzwCBnmrKBlHysCRjaOvJzkg8/KeSVA3EcVdeAcEgHIwpIxlidpY4+62Pf5geRnJpvlbc7gCAowBjP3uSucZPIJ9dvGTuyNrRRWrV9X367q7tbR373Dlsm3drRa2V7Oz8n12fTRDQzKMHnOMHt8xGCDncBjhgSBxjbwCZkzkrngnO4gEgjn24BGMc4xwMYwzyWblcZCgoo6ZAyGyeCSDwMYyeP7wnjhJIIIyEOSQD94DLDjvnvgggEcn5c3bov13S835+nqbRtpdWX3O11deXS1t9d0ixG+7C7uNpJGMc88DGedo7Hg5GQM1Og3FVyRhdw7KSMYUHdjH1AzjuekSIFIUhfkAB5HJbktk/MMDjGT1IB65nAwA6jJyoPJI74HJbI45PfHXpmOZO2jfXXpotd9le/wCLNFpbpe0X0f2Xrrdbd7Wtorl63ADHOAQCODggkgnnGAOCpUYPPvmr0SqoBCg5ODkAgkgsSO659euR90VlpvOeAc5A2jAJUcE7uue+TnP4k3IX7N95c8E4wcE5BI4BHzLjjGeMYznJ31v+S7dOz73etl0Rab+GzvL7Pu9Un1uut7tNrVtWL8bAdWwDksPQHkE/5HT8alDgg9BjO0AY4BOMk88Z4zkkdO1VVYEHcCDkAevXgZ6ZzjHPIyeOtT7g2RsIZiAQScEDGc+n0xxyO1T3/DyNXG6XMktU2ru28XJNN21d9b32d22yypyOSN5AByTt57AZHTn67uT0q1GCxCsRwCQRzggfxAZ+XptYdR2PGKaMGAOBy3TqcDgZHPTJJGTn6Cp0JA/h4YEHAbJ9iTnjA49h7k0nbTzWq3+X9dX3MuRxesr7NpX/ALqsrWtt1Vnd6a8peCklQcnjHUYAXkZweg6ZBPfjg1OrMccBtpwCQCe/YYHoDgkYx1xiqyEZA4IJ5IzxkcZIHPf2B5PerkfQhVPZTngEHLYbtg4Jz1DYPGAQJN27387q9tdNLf12Dlivsq+jTtqtFt20sfkd/wAFxpZ4v+CfXiB7dlEo+JHhYqWAI3C6YDgjnHUDkZ5Pt/FK+neP7iN5INdsYYpGO1RaxsyhkBKt3+6cYY8kccE7v7Wv+C4jhf8Agnz4iYBSU+I3hVsMTjAuyQDkY6dwOScnmv4xR4l1WGHFlDYRRqwBZ13scoM5LKCCNx9snjPQ/u3hM70MZG9RfD/Dlyuy5UtU00t/LfVWR+N+LLlHDYJr2baqS5VUtKK5lBt2kmlqrvSy+8wYPB/ju4jJm8YmMEICsFoikc85wc5xz2K+4OBiweENVbxHf2F/4j1e6ItopHeKRofM3kKAQpOQOvBBPTggGuqXxX4jjR2FxZrgHOLcHnJxuGOmPlBJyQAMghSeCvfFWsN4hvLg6gI5Tbwq7x24Xdt24UAsQpU/Nkde44xX6niKUOegowqyarR5nUnKSa0utZN6p6JJvS+j0PxXC1KrjXftKMeWjzL2UIqUXeNpW5Vay7O709T0WD4VaQ04mu5dauRxnfdSj5j169OOOw9MYJrXX4WeHH+aOwMmxDkXVyzsS3BBGQRkcBSuTnGFPTzlvFHiB4wf7TuZCSpbLtCQcYIKoMYOAOP7pwK2tI8SawpYzXL7lBdWWBpWweCM7Tkn1GMk56k59FKMbNYOlZa+bemtnHVbWu09bp7M5XUqSupYuq25KV03a6slZ3t08lurO6OR+MOh2uki0tbKxS0ji0J5lVANrbZmZmycHGBzkk8DJrN/Z08H3viHwvrEtsYECaqR+89HG4EA8LhdoyDzz0xx1fxVun1C2tLl3mll/wCEbm3GVNjjLNxhu2MZJPTjk4xv/sjR58Ea7Iykga4QTv2jiEAjqeAc46HHPHbyalZwzLDTVPl5qdW8Y25UmqfW2vddVd2PTo0o1suxEZVnJKVHmk3rJJuTbavut7/pc4D44eD59G0LU1muYXaTSXnIjUAF4XK5OMjPpknrkndgDmf2UdCjv9I1md2Vyt5EwUkANmEnByMHg7SOOe+RmvaP2l4IxoWcqv2nS9QjOSOqBnG7IOASM9QRyewrzD9jyIv4d18rGZiL2EYDYAxETknPPAJx37jnBzoOb4ioVG5OcaUnbZW5UrW1su1raPaxviIQjkFWMfhVWmtGk780JK70d7pXfRd7WLH7Rtulhpvh9RDGoM97jaAd2Ek5xjnHAOBkn+8CCNL4DMrfD2ycRLuW6uQrMMsziTABwoxkZ+YEe2BVj9pqBBpXhx2UBzPfEDOcYVxjHsR6DBwoFdL+zjaLJ8IoLloQ5TU7ob8ZYDceA2ARzt54wVwMY41WIkuKKsmn/ASk4pN68jS6au6TafS1znnhpf6sUEpRXLXTjHW6ipO6XVN6ve3ZW0Pnv9oUs0Wnlowpb7cpAHDbQxA5A7gHGMjPpmvrf4Josfw88LO0YU/2LECRgZJXJ5PBOFAYkg5x26fKH7QiM1rpxwRi6v4wepAJkKjPUHHQ9QDkkZAP1b8HI5V+G3hZvKZyNGC/MSAcAEqSuTjrjjrkkYrfAtf60YtxbjzYODd95awV1a/TvbTTXUyzOm/9VMAnFzX11xbSbbTjdS0TV4t21vu76I+Tv2q51HiNSirGpt7ANuIJzgEA+nIyduOvckmvqz4a6hGPA/h1PPBc6RZgIE3McIvHqoX2565PBr5Y/aatPtXiS3WSFlDadA7gN95ldVznJ7dG6HBHqD9o/DbTrC08DeGpIbRDNFoNo4IUM3zIuS+c9jj65B9+ehWjDPcwk3zO0U7aa819dF038t7jxdKX9gZbG1/f+F6O3utvXbTfq1c/PX9oML/wtS4O8DdLpOTsCgfvk3Z7NjBGcnjOOcmv0N+0RQ+HLEGddx0a3yoUtkeQhGWx1yM4/EZ7fnx+0iW/4WrcEIqn/iVMQFUhcSqedpPbj0xyNvNfqZpOm2d94FsmaGHMfhe2uDMiIZGlNspUE/LhMqQRkAg85yayy7EKGPxjW1So0l16Wbs1bfvfS66noY7COpl2AaV5Qp9lpdR1XZKz662XVaflZ8a5RJ8TLJlbKyQaSoO0huJgpwDgcnAPHIHIPOP0g8OPZx2Fh5p3ObG3TZ5eQCIFxwQCQ2R0yepJ4r84fjZOz/FHSsqExHpiDChQFScDPcZ4wuMZyewzX6i6TZmTS9LZbYNGtlAWcoGz/oqZPqQck5yMrjjtXTk9T/aM0aaUvbRei3TV9dUne77b2sefn1JvCZPZPljG9rbW9mrS873+bXU/LbxDDG37QukAq6xy+LWGQeQpkjGR93swA4JBHHSv0u8WXejaf4Q1y0JuHkbTCsYEJKh2HLSP1UKQRgjOSBtwRX5v+I5iP2htAaMYA8X5A2gDiWPcBnPykk5UAADdyOlfpR8Qnik8I6zskgLfYY/NBAXa2MhVB4JyeeoOMc8muPBYutSpZmqclBc87rl3tHXS9tlvZffv6lbAYapUyqVaCnKMKfLf3Vbmg7vpa9tlfVK/U/Ou2FrbfHDwncSbzbxm0Kjkb2BDfKCACDknoFzye2fvzxTrNpc6DrYis5d0ui36nzdoMZ2nnqQOBnb7ZPYj4N1Q7fjT4MRQpDy6ZCFAGWZnxgKcDOflJ+9nPTJr9BfFOhm28M65crYSpt0S+luGlViFUISXB288A5HTABJwRWORZhKhhcbS51yyk29LN80I31T3v1enmtLa55llCvjcHVjTcnCCXu6uymu+j3va3Q+C/gLaXVz8ahFYeWsy6XcqnnY2kNlmJ45AyCCMHHbIzX3n4o8Ka3b6JqktxqcEaSaRdiQRKHDgQP8AIvpuHXA4O7vXw1+zTPs+O1q0sYMbaLqDH5lRdylmB3MVXOMDruI5x6/o54x120m0DVoYobaE/wBj3yu0l5AhDNAyrgbyxB4xwT09iZy3FRhgq6deKcqtbli1qr2XXa7b69Nd0jTG4GE8Th2qHMowpWbTveM07J9LdNPyZ+c37NFrFJ8Y9Jhld8GHWctGQu5VMoBGOpyc4xjpgjmv0J+Kum6dH4L8Tb1mZ38N3LxLK3Vo1Zg7Ak42kDGeeM84xX58/sy3Qs/jdpM9ybZYFg1syGWWNI1J8wLtd2A3E5IPfHbGK+/fjN4g0GfwnqSwalZyTPoGprIq3EW5sW7lEjjViXZmAAIwTzxyKxymtTWWY1Tk3J1KlkrpNSULO3X11366lZthKv8AaeDlThaMaVNPRtp8973ilqr38npofHX7GVha6l8S/GEdyHKpoMDDDAKSHPXnqMADHBPzZr6r/aOs7ex+HeuRRxsR5doQ7PnavnAYIBAPHQHPPHAOD8dfsk+LfD3hjx74nvte1Sz06C50CJInncr5kqSf6pSoLb1X+Egf3hkHNfSHx9+KngfxB4I1iy0jVoLu4ktbYJHCkrtKyTKx2koUIVSTknHU+xWXVaTy+vGUVzc1R9LyTabuulk99tkux04+hP69QnG792glKzstF1T6212aT1seafsLSPB4m+KP2a0iuZjHZN5cudrLlVOBgHvyc+69Rj3j9qC/vJ/hr4rivI4YAHskijiXHymdDt3DGduBzntx/DXx7+yr8TdK+Hnibx5d39nf3i6naWy20VhC8hyhXcZVXCpleOmNzc4617P8dvjTpfjTwJrmm2nhvVoGuhbyG6mtmSOBIpFYtI+BgkDBOckE56cTgFTeDqRet3JrlXu/ErJ9V1/LqmzG0KyxlFxbioqk+nvaQbtrdtt3W1t9XqUP2J8mx+IsGF8tr6yxwpKExL8wJ5GDzgFeB0yStehftL6ebT4T+KVa7Lu1xASv3QQWRguOeeBn0IP90AfMX7NPxNufBcPi8Wnhi+146jd20qy2yuEg8pFTDkcfMM9WHA7kEjvvjj8VPEnirwDrNhc+A7nS7SeaHzL6WQgoARyQfvEnHHAwDzhjnrjyrKZqN2uWaSSlZeaaXR6aPZ9tHjU545nBycb3p7yWySvpeL3T9dS/+w+/leAPHIWKZ5z4htijI20gmIjpnGD/AHQFBJ5I5LdX+0Nd3D/DzxRFdrI2biyRFIACE/NglTgnpwSAPvDGct4L+zN4z8YeG/DXiTT/AA14bstTjutViuLi7uLhonidFIVcKpBzk5JI9AD8ueu+Lfib4gap4L14a7pWj2mnzXNs83lTGS48xPuYBXsCfmzyc8Hg0oa5LBQpTtClK83B8qd97vR2enmr9i0oxzludSlrKKjFzTk3ywtaKd79lbX8D0j9hG6mh0PxuiLI0jahaqEjGCpKZLseFGCDxnk5HPGed/bOW6h1PUZLqZfNuvDURCkkHywAPmPUYHAIYYIGDyWHnP7NuvfEbStK8SJ4H1LRtLinvYGvTf26TyM4DbDGzAkKRuB5PT1FP/aHuvHGsaFc6v4y1nTNSnbytPi+yWawFYMZMZIHzDqBzyeTjsoRxDyr2kYTVL2U1KSfKmtPe1d1tb7knppdV4b+1nF1Iqo5w9y7TTSh0XW9nutPw+wP2HvH+teFvgBaaTpupywR3FzqwuEEa42SAK2xsEF2LEFeduMrgrtb53/aSUx+GJWMsha51M3LPIMsxnd2IPXk4G4AZwxArjf2fvD/AIs17wFbrpXjm90PTIr+4jTTraFdoIADvuJBJZfvHnH3cc8VPjP4R1PSfDdzd6l4q1TWnW/RI4rr/UcZyckkBhjkYHJx06ZVqFR5JzxpNQlRheo2lp7t3o+bS+v+bZth6lJZs4vERnP2ragk01e2l2rXtu799dT3v4C6Xpmp/DPw++o38VpHvuAN08URbb67nRlHPcDJzkdSfNP2kbSw0/R9HgspbeZGuL12e3uI53OxflMio7bS2T9fQNiqfwa+GWj+KfA+n3+o3uuK8pnXyodRmhtECZwBErhFPBBIznA6YzWH8afAmieFvDNvd6Ut55lzqBR5Ly9muXeNSAAu8kRnKjJU7jydxOALxVKtHIKd4U401RpPmU7ydlTs7W69fO2+75sHLCyzyqnOU6ntZq3IoxWiulLm131dlq927I9Y+DHiLRtN+GugwX+r2Ns0CyloZZ0RzkthigbdkYzuCjB5Xjk9rH4x8KXd5Y2q+ILB5W1C1CIrszMxlBGCCeDwAQcehbOa8j+C3gjw3rPgbTNQvdMhuLqWadJJZmJ+UDoBu46HgA8HGMAA+m3ngzw5pqQXFhpOnQTwXVu6ypGPMRzMuDuIzx249B1xj08DiMW8uw0Ywo8ioRSbbcmlFK26u7apbq/VJHjZlg8t/tKtKXtZVXVbcUo8qleLS11tfXdPS1rHrPxJ1XS9WuNFt4p1N22pWVuqbMBgir9wsFyD8xOCSBgbsnI5hvCd9eaTqENgrXEj6szra7CvmBCC2HIx26AjOB8oxkRfEyNI4dEkZk8+21Oza2mKqrJK8aBSSAN2CRgk8cEHPNd/8OvEwbxBbeFdaj8vWIFN0dgEcGoQuNySxMdoMgB5AJJOMYqpYmVKSbadoK8kk0pPlTTt/wCTWa1103JoYGlVpuW759E37265W7NNrvpZpeWvkWm65aRWlt4fuI2N5balLbXUUqIGg3ZHl4YkvFg4zgDjnoAPnH4h/A6y8QXGvX+ivBYatZu87QwkLDcx5ZggXgeY/TjOSOQBk195fFHwHbz3EvizRdOWC+sZxc3cSJj7bAozIZFGMMBncx+9jPPFfL8ni2xi1bVI7oRWjXM8G4SNsiii2glN5OT1OOigrtPUElR4fG4dzmk5wTWrt0jbX12T6PrqclCWKwGMVOipezlaS3alsmmuW3K1bl6H5qaroUunz31sQTNE5SeOVgVjdWCt8oOcZyARwQQRnIznr4UlvI7Zo3SNXYIVjYsRkZIAyF2t6MfdVAG2vRfipdWyeLPEFzphFzp8t0FWRFGN5+ZmyBgjJ5J+8zMcjjPKWF1cfuvKkMMfmqWAAYg7AVKkk5Ytk4Y5HA47fOQwWHqSbqxlNRvGyWkbNJNd9r3Tafbe/wBTVzPF0oclG8E0pNtJ2lLRpvTa3l5qyOesvCMMOpT2d4JJUjf5yBsGSpCqByBu4I5HAIBBya6OXwxpukmaSa3gKCDzELMsjKTyFcN1IHY9OAeuRFDLNcXt8TPJK6ECQLuLMQ3yEZBxtXsDxk59BJfIJYwokYl49rmZujZ474AxjHHGevOTWGp4akqloQik2ouVtLWS6vRPvZ9O4YvEZlXhTXtaidoOUYK11aLSVtkuq1ab76r2T9n+wW41/XA04tYn01RFLEg2hmZVUELnAHLdsEEcHNfRHjvwXr/hxdOmvLhdUtr+3WSGeyOfKRvmCzKMNkdORx7kZHzb8FL86Jf63cSTRpGLJFZiVyGyudmQARnk5HIHOelfUc/iMeJLSCUatHNBp9s75V0B3GM4RkDHdgrgLgE47gZPv5Pj8NRpTpqvD2ntPguk2r9FfVei09Fp4Ge5Ficx9hUq4Wc0owjKfLJtS91Xemmzd29EzzHSMveatmN8H7KOcqxPlggMMHnjkjkFsZxmuhgAVpMxkYyVbJ5A5yRgZwCBlcHPGMiu00vwFruvaHZ61Y28VzFcicSNbkR3LtG+FJAAJ2EjZknhuwJB5i/0XV9KkSK8tb612mQP9ogfZnknJw3JxzkNxwOma+mwmOpVaUVCpBScrvVaczWurS10t30u1ZHyWbcPY2lNOOH9pThCMY8vvWSjHpqrqz2+erMLXZI5tKuoihXAh+bJ+b96pzkd+MtjIHHfBp9tLLCIzHI+AkQXEjdcZBx3PA7jlh6mmawjS6fOoRZGRYx8jKCRuDfdIzyB07HoK6vT9LsLm90y2vJ00y1vIY47m8ZDJ9lbaSHYAEYHJz0wT+PUm5VJ1Kk1KnGkmnF3bjo9NLN2va+t/K1vIWFxUMPQo8kqU54ibXM2mrxjpK9tLd9XbS5jtfQ38bWuqafbXqY8tftUEbZJxyWYA89c8knB5JNedz/Czwj4l1/V7UQto62lnDNC1rkxpM6sWYLt2lSQOmDgYGM8+2eKPCOnaFNEtv4gTxFZ3EYlgm0+IfuNnGy4IIK+aT8vBwRy3IBx/CtnbxeJNYHlySE6da5ikGAm5SCME+h+8OSDjjmphleXZt7BVaFKpGrPlblBKUtk0/tdlolpexlis7znh2nipU8bVU6GHdRJVG4puUFzcrum0npp1tezPnXVfgj4q0cPNouoxanBy0cav5cxVRu5jGASSQcE9SfQmvO72DxHoknk6tpd3AQ5DmSNmiY84bcAQmCP4eSOnQV+iE8FtJtEKGF1X5g6/KrZB+UBsLg56kAkkgdMcP4xsPMtbJZY7e4jk1WyikEkSkSo7Hcoz2ODnPbGM8g+ZnHhjl6pVK+EqTw7S5lD4o291u+817zSd7tb9Ds4Y8dcyli8NgcwoU8TCq1D2sE4TSWratdN2TT0Tbv1vb5J0LxzqeiTx3Ol6tqekzRurCSwvZ1AkxgCVATyvGEIAznsF3fT3gb9q34iaEES+u7HxRafKJEvMR3pjX+ATj5ueeeMnOO+Ha18H/BGqiaSKwOmTs3yTWUhVSQOWMP3SASSQM9CDgjNeSa38B9ZswZtB1WG8UMSIZj5Mg/iABzkkY3ZJ7AjJG0fC47gLiLL0qmHgq9NJTTo1G27205XZ30tbW34H6xlfjHwbmc1RxGJWEqcyg1iIe7fRWU1dNKT3dlfoj798F/tb/D7U5LmPxLpl5oVxcbVBeP7VZRlvlbc5y2NvoueucV7Xp2vfCvx0ofTdW0i8QW4A8qeMN5jHGTBOysS2fur9CfX8PbqHxboctzBd2NzMltIYZ3ERkjEikll8xd2OBjIznoMcEll4vaykWdZLzTLlGBWW2nlicMCAGKZXaVIyBtPPvgn5eOLzLAVeXEUqkZRk4tTjJWknG/Z9NWr99Vov0KE8nzOmnQr0KkZxilyShNNSjF8zd72cWnbs7rofsb48+Cei6zZRz6KFjd7qJmCl4YlVD80sKoArOcNxnGPU8DyzU/gh4g0OxLafdjUknj34lgUjj5im5ScMvQZ4GSScnj4t8MftN/Erw0sMen+LX1GzjYD7LqqLcqY8HMe5xld4wMg8EA5zzX1V4K/bct4oEtfFnhFGR4zHLd6XL5jkucOzQPhQMHIUYBIxzmvewXFdSlJ3lUhJ2Uue8lfSyV22tur02fc8rMOEMBjKSUaVOato42hJuVrtLRvW9ne79TF1Xwpr+mxY1LRruFY0IWVYS6SErxgrnoMcZ4HA5ArzWxgNvaJuDLiecvHIDHgGQgYDAHJ4OSeo65zj768K/G74G+OrY2MviCPTrloGljsdUUW0pnZPkjQgFDyw3BmVSP4j90rL8OvDfiHT4Taf2LqkDSSu727QpcLGztks8G45HUE8k8Ak8L9plvFVLEToTrezlKEHFKElFv4dWm1qla/y13PzjM/D2dGliIYeVSmpyi4tpu3JZ7tNatq/lp0ufCNvBDPLNgNyhcqW6HblSNpAJAzg8kYPAJqJ7dN/h1onYbPENvIAQMl1ZTgjGRkjBz/AA4GSwGPo3xd8EYtPuDPp3n2kckgjQ48+3I5wu4hnCkHac4IHyggD5fIdR8EeIdHv/Di3Fn9otF8U2SvPEWESRyOihm6bQOpJI/HOB7uJxVDF4Gr7NL2j5Xy296Sc4uy1lo031fr2+PwWS4/J8yo+1hKVK806sU3BPl5lKTt0dl00draI9d+PHjnSV+F1xoniTSZpNbubaOTw8An7uSW3lRnkmONrKY8gKSGY5OO5+C9X8MR+JPEM9j4d05YrtdA0/VJLe2yUaV4F85djHgs4OAAFyO9frT8bfgzcfE34I63o3hWxFx4y0GeLVtJRIw091FHAPtkK3S/MirCGZYwW3MCuM5NeI+BPhHa6F8TPD+orCwk1T4VWg1a0mjaOSy1W1kigmjAcB2fCswYA98da+FzHKcLmGZRw1SUHSqSpwj0qJNS50r6txna91ezTeh+j5TnGMwOBdeF51IQq869/kbTp+zukrpK8tVrpfWx+aKT3ei3UlheQyqIn8u5hcYe2dThj6jkA56ED6GvUvAvjfxR4B1u28W+B9bn0rUIpIy0kMjC2vIgMvbX9qDsmidfkLMOASTuBBH6A/tOfsueF5vBmi+MvCEK2HirUb+0sbwMc2uorcJyZE4CSb8Dcckj5s5Ir8x9S0HxB4I1y90TWbWWyu7OXy51lR/s8qMMkoxAVgwJYMMHBOcEMa/Pc0yXFZVXqSpqpPDQq8tOvG+lmmlK27trq0ttO/6bk+dYXNMPTU3CFWcE6lFv3uaSjdxvbmTXRabeZ+z3wc/aB8AftEWEvhnxZBbeFPiD9heza2MiwW2rlk2tc6ZcMVBkdjuMG7uyr1JruPEHhO48HaPqWkXVvKYrLSZI7WYwnZcRsrAFmUHqDgk8YXOThq/Di0vjaPbXcEl3YXME4ktru1lZLqxuVZTHLFNGwdE3YOVYrjuo5r9QP2f/ANsuK40+0+Hfx0kh1KzuRHYab46dA8kMUgCRW2srnJjBIUznLfxYxmu3JuJamHnGji5XpyTSdr22Sb1/PvfrY8vO+GKeMputg1GFZOM/dV+ZKzd9rp279G07HVarZ283wz1m1iBVxoFvlGyQjsd5GOuzAAxkdSVIFeBeN/g/ZeLfCHhnVbZF03WxaW9pBPDEFjuVdWwtxtUZJK4BIbqTgZBH3t4s+HUP/CLeK9T8N3NrrGg6ppgl0u4snWa1MRj+WKGdGYNgHIUkMMFcEnA4W08OyR/DXw/58YM1skDsud+14kf5F75UnBHGCMdDkfolOjhM0wl5qFalUp2aTXu3d1/eUorZprorbn5vVq47KMXDkc6FWNTRe9yzg4pO8dpatK3r1Wv5B+JPCOueDrr+zPEFjNZHzWETyRkW93EDgSQP90n2yCx54wcczp2qan4d1iPUtCvbixvbRle3u7VzFLHgh13BSFeNv4wxKjnAyef1D+JfhLT/ABmnhLTNftTLZXfn+bIi/vYnYkq8cgCsPnIIQEDBAwFAx8EfEb4Z6v4K1Cc28E2pafHc3Ea3FvEzyW0CEBTdIqkhQrLg85APzcnP5/mvD1TATlVoc1WhGSk3HWpSiktJWTuvPbTVLY/RMh4nw+YKnQxPLRxHKvdbShUs4puDd9223F36Jbn2H8F/2gvDfjm4h0j4gxQ6X4pXTjZWWrBhFaaqWQRrvk4Edy5JyDtGWGCDX0JPosukaDq1qbdrq1lNlNHKwDsqPNkLGyk8FSSCpI+mK/H6CyCxxIrmOdZfMiYNgrj5sxuDuRgSGBwDjJHFfWvwj/aR1fwzHD4T8eSz6r4euGhit9TkzNeabscLGkzt88tsvcMTgbvZarLc79lFUMXZwiuSnWildaKynF699Xpo90juzLJVXn7fDcsZytKcOk78usd7O99G0ney10PovxN4L1uHxxe+MvB19LpuoaV4atrnzlISOSEL88F6ob95HIMpk85PQ8g+w/BP4haZ4lvta0e8RNI1+7NhFFaSkLDegh/MmtGbCskj7iRnocEdarLaDxDrD6/4c1Gyv/D2teHhZtJbT7rZpRGGClQSBlSFKMFKsSME81yU/g+x1ey1e40uV9M1PRIbS4tHtwY7uOaCRi5t5AQ/lZUkqONueSRx7E6MKkVUotSdT944ppxaXK7R7SbWqt92h897R05eyrU5QVOKp8zi4yT01i7Xkk1s72vo+/TW1r46+EmtN8UPhr4o1Twd498IeKne01HS5ZLXMAm8xIrqOIrHdWspJSeCUFXjJzwMH+nT/gn9/wAFT/B37SkOm/Cr43Pp/wAPfjpZ20FtBd3UsdroHjt1QILmxnkKx22oXB+aS3LAM8h27uRX8sPg/wCJajSLvwl8S5VR/EIuJtP8ROQsFzLb4WKK7YgrHOzKQGJwx6kYNeueMfh/E0/hvX9KM1k9xbWjWWoaXK0N9aX1sitb31rcQMGjdXVXEiOSeSRg5Hy+dZJhsfFVaMVRxXKrqzUrrlupJWum76P8D6HKc6r4OahUn7XDuVr3fw+6k43tqrvfa3Rs/u6mt3jkZHQo3ykLuG1lwCrqy5DKV5Vhnd2JBBqHaGIDBhyAcjkDBI3NknqCRxyCfSv52f2Cf+CrWq+ErjQvgR+1nqU1xpzTx6P4L+L1y254PnWG00/xQ7ZYoAFUXcjFlyC5AAI/olt7uy1Cys9S027tdS06+t47mw1GwnS5sry2mAeKe2njZ1kSRWBBVsrnJ5C1+Z4rCV8NWlSqxcZJuzt7srJK6022ts/ds3sn+iYfEUsTTjVpzTUkuq91tR0a0Sa3Vv0sxoweBgY44YnCngfMM9c/1wAchASzAEgjOc9RhexPGGxgj8/WlkVeVDAHjIIP3uu0gjB4xg9wRyRxSlOVyQOOxzzjJ64z744HfivOlutndLa+mitv5b7lO172vdLVarpZ+v39dNNFZeDnkHgZ5zz0zjggYPv0B9IGB3ddqleOc7sHB+mOcDqefqbO1s8EDOOOvTOOx7nOev1wKjZecdW5HPHOO/159OuOvFJNp/J6/j5+uvTba6LqySirtq/S/wAKXe+9nZWt5pWhVQQpHAycBvx4xx7gj64OACZFjVckAcgjOMjgj8OSMccfnShSSfmA/EgZPIC+oydrevvzlwAIHzd8noeN2Mj27Z9Pm5AzT5m7+dr6Wvt5b+6vutoRKMn3Sb1tra/LZ2auui1WtvMiZQD/ALPQ5xknnJ29RgnGR9BxzQFABGflbA7A+o75/AZ5x6VIFO49CMlQWOeTx7kYOSeCT68AUioBgjIIOOvOf9kgnn3Y8Hvjo+eSeuvw2ad7K8X3+/8Alsu1h2dkk0rWvZJO9k9Vr89etnqtYCCAMcc5JyGGST8pJySeSd3fpjvShcL0JJAwM4UkkY9DkDknvk8HccWxHG4IGAoyO4+p47cA5OPXGMkt2Kw4wDwB3wBxknBIGeOeScEjmq9u5WTja2rV23vGK2V2/e1jo+u7RV9tUkvibT+/V7brz6O6K20KBjgt1zkf5Hr+lIUwCD9PvN14IPc8kcHsemMVZAxnuOMjnnPJx1wBj29qbsDBgADtXIByV5HPUAnGMj0xjnobTd09Uk0t2nrbsumqsQ3ZvRvZvXZaO3S3XRX63atrVcOuMgnIbA6/QDsDt554IyRnnDWGeQc5Ocgn15PQHJyCBxnkZzwJzES2F6EAYIwQOcjIwfx7ccdcIYwMA4JyM885B4APXAPfnJzwAeBppLa3lfurKyfbT1ez1RS5dNWmkrNbrWLWjbV77bb9bIQoctwGOANrH5dzYAxtJ7ZB7dajMZPP3WABxznkk9e4yOSefpwBZK4GSVOMHr17dhn0O3IPOD90AMZSACRzjnjAAIPQjGTnHpkD8RKu0+bXtZNXXdq7vft1V0tyVZLq9lrpeyWyvvq+nXfVkRXaAPQEdOA3OTu/DPU4yAMADDNhIBJxtx1ILHLYx2PbooI6EHHJl2EE55D8E7ieoGCARjGSATz784oVCdx4AZSpznoOgGCR3PPT1z0rRPz2s+27S6ta99b6ehVOCbb289P7u6u2m779tFqRbeoIxt5zuDE8jA6njAG/HTgnNPGCMjIIX1BB9MdT26c856ZJpSjhlzjLDgn5SMAgdORwM+v060ojc8ZPp078YIzgkc/MDg8FR2ouu34p2T+X57O22t7tFPVRaeqd00/hWi9Lq7trt3GckgrnnBwTknaT94cA4GMY4x1A60/Ayc5bJyzdOckYxtXkAkc8gZ687ZAp5zxtOSQGGAT0B/nyAME4wcUMqpwP72AD15wAufxGPqMdqHr6dFre9lfXRPZX877pky2Ts99NNWtFbS172699rjCowRjAJzyOSe3Pt3AxuGR7GMp8vTnJAP8ACTnJxgep/PGOuTNtb+LOCRk5OAoxwOML/u/dJGTgZJXA4PB4GcnHIHBIyOD2HHXkYyDLvfbT5dUtd+mvm1ayeyE3FPT7ld7LbpZXa9NNSq0YGMnO5vpgBep/75wD17dAaa0ak4ByOC4+bd8pUdhgnI7D5gPwFoJuycbgQdwPGD0PPGSRwAOmcEns7yVGcjtgdQRkcZ5PPBBJJODk5OaNVa9trPe/N872Xq737tjtf71+en5a9u5AiAtjdz1A55wOckdAME455x7mnFeCQBwSCSD655Gc9/bJAPHFTBFACjghRggYOR1x6k5PAGcdeMCmtGeueCwHJ5JBIGQM9NuDnuPyatr/AMNbRd126aC2t5/h8t/uWmrdirsZQCcEtyMYyNoA4OMYxnHI9McZpjo2CNrbeeQfmGT1Gep6k+wPBXk3gg65LKBng4OcjIBz1J4HHHaomjXHQAgqTxy3HTI6Y5w3J59aaevn8N9eqW3y7drX0sDinZu+61W+yevWyTX4W01KhVweBuz8oyBxj6nnjGQRkHoTkYQIykhsj6YPUZ79Vx/9bsBcaNVBKnqexOCOCVxgFccjkDoMHBALcDJHG3GflBG7AHJ9hnjqeoBGMlLXWzS872Wuze23mn1BWV9GtbrTTddk7rprrvfZlby1IzgZDY3NggDofXgnoc9x+Kuq87VIy2exb6qo684OMEjvwM0SA8AdAQOMHrggcdz2Ge69eKk2EEA+oHA3bfbtnp1ycYyTxWihpdvTSzslfSPp37b/AHFbatXS9fLqk3tsvuK+WHIAIxuGRkkDOcEHJbPQDIxnkmhY3Utu65yCRz83QdSCOu73B4wcCwIypHQnBA6HjvjI4444PIFDhiAcjHIyMDaAflGAD1ORkA98ZJ4mStZJend7b99b+XRdbNST0cbdNl2XXve/W2+6RXaI8YIU5257ndx0J+6MMAygemSOKYIyCzBskkjaCevQ54A9OeCBjPq1oLuPAw2TlsA4HAwPujnr1ODgcDOAx7e2cngk5OTzzuHrknOc993IBFLW/Tu9On3/AH632Dl2cb79+tk/87a6badawjAG/LAqS5yQSQQ2Rk5IIPAzznOTzim4XJBGcgncOeCee4PfjBHHA5HNhk4Iz3GM52k91x2AJHHX6HGYWUBssdyqRz0zx93adoPbJPB4yOaqyTve1rdd1ZO2m7e7/Ju9q5fVXSX5dPW99VtfWwKgIYk8jAOcAYJ5GAuCMep3AdsGkZVfOMAAbQSeAByRgZwM9OevXoDUwAAJIU4O4e2cH5evJAzgH0OBngwoHy9sOB3Y9+Tjk8DHGOOuDSulf7nru9EuXey6xbd32b1U2d9rLp5JJXum2r9dWrrz2gdQMYBPQHjqBySCRkYIP8JHU5zkVDsAbj7v3/Ug4C4A9e59u/GKnZScAcEjAx91c9eSDzz0II57VEASGJwACR0wT8oALcHJHb245qU7PVfJ/LfTbqr7M0jG2t9e/wA1ta+mmlraedkoiqlhkjbkDOByTg9BjP17c494XRM9CSRx8xwGBbIwT8x4yCMdw3fE4UglFOCX3Acc4PLHnPI+XrnGAc81DhgWwCQWzkA56naCBt4AGc44bvkHLWmzV019+6V11uttlvdXTZZO6a2XbZNp30Vr30W/z6U3Crk7iDwdx6Z+6AeCD09OcZ5Py0xVVwSGHXnI2g9ckYHQkZXtyTgYqaQN8nvnGeORx+HzdzkevfEQUliNpAJyAScEjJ5IwMDLYz27960u9E3o7W6pvRPZd29X1tstxRSu77bdXsvJ6qzfzE2ADDrgbSMj5sADIwew4Bx3AxjAOImAAVclQUwWzlio6ZHoeMn8asAYfcVG4ckddwIAChccNz3BOeME4yMo53ITgZ/PJyD0JwCMYUEjK5FUnrzJq7vrZeTs3rdrTq/ysuVWVultdbu/L6vpumvPraqVzwz5GBjHzfd4GfTgdeegJUgCkAyWJyCW3DGeBkZJ+UjIwMHnvjAABseVEynClQcY5OAePlPfk8sc5JBPGc0xlIAw/JBUEZUDGO+MHGOSQMeoODTU2krX9U15LXXpbb+mOFtbq2i316d7Wa7rR2SS6EZVMMB353YweSW68jgD2x06c0zAHy8HcBuz0OSAATz75B2gnnHJxOAAvGc4UYA4+782M4646Ke2QTzTQpBbPIyBx2IJyMcDH3egGOp5HBFSbVm0/wCVPZXTa877dfNdXNrNLmb6aWW1l5bre3VdbMiZXO05Ax13HGCemOcAgkck8dP4jSMCflJAZcdB1HTjaGHJyPu4OBzggCYq2DkAhgGHG447c88HIwVBP5ctVAzMpXPH8KjjI29BgEkr1JyMnPTI20e1t73SVntrsuzS8th2tbTX1aSvZPdt3u036+StGAFJyCSSSGUEg7f7oySSRuB6Y5zkECg5PJjUlgxORwM569SATxyQcgfWpghPBABXPXtt5BxnqPxB7jBJpCAO5LLwTt4A6cjueB9eenFMSVrdFZX6pOyWuqevmraJO6sQeWCochsDJJJHDY5O0Z4HOBjnpkdafhcqxJOQBgEkYB7jpu/PoeeAS5v4WyAvJHGcjPQg4z26g4zxnnLcAkDOdxBO0lSScgjBxnaABnPXOOhzDfnvJdl1jr3ezve1rNLUEnfR20X3aX6tedr7NLqLtVQPlByGPJzkHBweenOfx5PqDIAIyo3AHHJ4wP8AayD1xnjnpzTwh+VQcHccgZ5UYCnnAPU5BOD/ADeFIY7cHIDYJ4GMjrwD0yPQdzgEZtuVna7vHW+2q2T32fVd97FRTVr2sra7tt2+7Wys76JW8ogu0nIYEnIbAUjJA5OQOw3cdOeACaeF2jAGDu2gE8jaN3oOv0OcZJoKE56HaC3Y89eeMkj14wSMkZwXBHJIwOACfXLYB6AbgFA5HXAzx0mKtrbotWtXor+t3du+id0tikvNu/XTb/htPVtjwoBOM7Ryc5yDtHXBxk49MZI4LZoypOBnpgYXG5ux56ggY52n6/wp5Z3YPALYwDnCnOQwIGOvygkHaCeetO2AMuRnG4sck4wOMY4AAOCAefvdDRf81+P+e11/mUrWd+lrO+/w3XXbXV72e+gwMSSNmDjPA9ACSCR3HXkHHzEleaYc9879pGQucALghhnIJ6dznA4OKsrtbsRgZLAAHOOpA5BI4x6H8oGGHIUKMDg9Tk8kdcAnpjscntVQ0ezvb0ve1r6Wvp+PoZyWqu3+Nrp39LO23ld3Re8PjOuaUGJP+mR5HAxlgcDHYcc8nnJOen8ff/BWNhc/tY/GWQkMG8V6Iqgj+7poTjnPGMnAIPqAM1/YPoCga7pP3SftKnBPXBBALfXnqcc4zX8d/wDwVEmW4/at+NJb5tvi/SlXJyoxbAZwfwAI5BPPrXu5JOUcVTVnK8oy6PRcrta13dq97a2Sv25MTHnpVopqPNTVr9HeLfZ2sld33+dvx+/aDtUj+HWvOCAzRQIFzj7zLjr1zk4Hcj2NfpR/wR1tjF+yz8Q7g4JXxxZJnGcFWABIHbHPGCSD6Yr88P2kYoz8PNUAj8oSz2ignOD8ygD5eSOQx6k45Awc/fv/AAS48Y+F/h3+xj8TvEnivWrDQ9Hs/HElzd31/MIY1FgGkMEW7JluJlQrDCm5mfaFHQV9DmMnKopNunBpXTtZ2cbN7328rW69fLw0I0521c9FzK1rPR6XdkrNbdL9Efqd8RPEuleEk1fxP4i1S10jQdAvdN1HWdTu5Uit7OxitC0jlnKhnfDKiKCWZlGByy/ij401P4if8FN/jnZ+EPCZ1HQ/2bPBGuSTfbx50cHiAQSqLi/nPyrcTXJBW2hG4Ih6BVFcr8TPiX8Z/wDgpr8b7n4U/CWw1Hw18EtPtobzV7lxNDbanb6eCJNR1e6jCozTRqzWtiWYglWIzxX2z8Xvjv8ADH9gf4R+E/hb8KNOsdZ+K13o0emaVpOnok10NUmiMMur6okfmSPcyzNvt4G+YY6/eLeZN05csnb2FK0VJq/tZrS0Vu0rJLq7XvZa9EYezUrRvWqWs3dqnC6XNdXtZXur2v8AO3dftCfHz4efsO/CrQ/gj8G9JtNR+K2sQQaX4a8M6ZEktxBdXSrBFf6jHArSPdSSEOI3G7c2WyASvy74f+Anjb4NfCj4p/Er4xaxcaz8Xfir4Zl8WeIoLtjL/Y1uxH2DS42YuVaKOX95EPkRgME8k+ufsQfsgeIbvU2/as/aNabxD8UfFN1NfeHtG1gtdf8ACMRzFpFupI5dwjvR/wAsoVUeQuMDB593/bpnlTwZ4nkl3bp/h1dSBVGfkW5t48kDoTwBgMMY46Y7sDH2mMw1WorNV6Ps6et4JThaXXVJ66O/4HDjkqeExFOKTXsKrqSa+KXI7J33V7Pvsfzu+D1L634nZmJaSHT5H5K8sHYjd174A7DvgE1kfGjZH8O/EaZ+/bxgfTd0JAA3EN3yQR8uBwOi8ExB9b8TuynmDT8AjoNhPQ5HGR2I569MYPxsaJPh9rS5wWWJRwBgZ5PPQkDnA/Hk1/RbnbKqsUr81Grb56W6tf8AB6Xs/wCY2m88pzbv+/pJeWsV630d31+R33wgSL/hXnhQk7QukxgE7QVZU54A6E4J4Py5zk5rtb2PdtCj5SkoBAxwEfgZPQYByfpjORXI/CZraPwF4Ykcb9ulRjZgcHbgEL1yODtIzkcY7dbc3kbMS7ARpE4QEMMZR+CQOTjbkEjAPbrXThYpYTDq1r0ad7Xk78sVrdeSve22l9zz8bJ/XK+rSdeSdk9VzdV1vtvurPax84fBG2Qap4vcqBt8UXyZGMDJHPcZJ4JA47ZIr6ijRQkwCAqYJVYnHaN8gckc9D6ZIzgcfM3wXmjF14uZYzJnxVeldgznMi4PTk5J5PPvkV9QxM7RystvIEKMMFCMAIwOScZHPcd+eowsn5VllLa16r07c87X2aS1ulfR7J2YZzFyzWb1uvYvZ20p0rO6bS7+b1Xwnyv8Ho0b4jfEbJAKRW4ycdRO5B57jHA9M8AE19HxzB3WMBR8rZdcDoTlTzxx6nnAGDXzh8JVU/EH4jtFkljArbBuJbz5McAkAd8+w6V9CqCGIMJiOzBZhgg9CcHIyByCOp4ORzTyapCGEak4p/WK71dr3qN726Ky27bBm9ObrxaUm3Qw6b1vpRh1V+26d7voeCfEOGX/AIXF4A2ngWc2TnaTkHbnPP8AFnIz9CDg+3xiZSVOBGrj5sg/xEt7kc4YZHQYH8VeIeO5DJ8YfAygkFLKQZDKoPynqxOADhuv3jnv09sSeFYnjlurRAZcMJLmBGGGJJw0meM43cYbb3GaMrlTWJzSXMvexi97mSWlGlZW2eu/fzLzGnOphMqppTbjgruyaetWa3SfZXT10W/Xxn9oB1HhvRmDhi3iPTsgEDBFxGcfL8pGOuCeMgZORXtMBQWkBWYKws7QlGwVH7pMkc4Y47Dn5sKD1rw345zWD6HoccF1ZzSDxDaO6R3MMrpGJEXedjHHPBOAAT1yAK9kGv8AhSKzt1ufEOjRt9jtUZvtKNNGyxLkNGD1GOhycg8cHHLTrU1m+YynKCjKjhUpOVrtQbaTej1835dUdM8PVeUYCMYTcva4luKi243dK9/K619Xa3Ti/i9erN8PPFEQIJGnrGzfdIYtg4GMN16HgE8n16Dw2XX4eeGGgEhKaHYhiCMBfKQDA54JHoMnrxnd5p8WfFXhGfwT4gstO12wvLma2jjit4NxkeQSckELtGRzklewHXNdn4Z8dfD2HwV4fsLzXZxdW+jWSTw2tpO5jkVFLRs23aRuByQGzx+MRxVBZnUl7aHL9SULqStd1dEtXfvou7tZXNnhcU8rp0405ubxk5tWfMo+yhG7vbSzabSb7O6ZLdqF8oOrSmZZnYA8jKNnkHGAcYOcHkDOMnzP4GIDoniIbZUz4n1JQF/h/fu3TPA4Jz6knOeT1N18SfAoytuddunVphHJBp7OSpQhQS4HynPfAPcZrhfgv4jt4NH12GDRtcvmufEN/OjW8EYVI3eRlWTe4w2CoIKnDAgkjGI+u4f+08BKNWMl7OunZNv4adl33WiaS7u2jFga7y7GxlT5bzwzs3GDdpNPVtWevdN9LbHvfhq2hHimyXa43zPIWX5skMAMgk+vPq3HPfxLw2gPxR+KjJJjOoLGMDBJjZguSWBGAWA27Tk984r1TQvEd9B4rgkg8H6xLi3VwLjyolQ7gPNJDnAOQDgY+bA5NfP2n6r4itfiV8RW0zw819eXuoCRraS4Mf2cyZZQGGQQA2W4HQAg540xONhLMMul+8cKeJq+77Obd3TbslZtvS1knbskThctqvK81o/u1Krh6fLerTjHStTTvJyaT0Td7d7n0is6xLCAXLhXXhRkZBHUHJzweMn0wRmvD/FYz8TPBKAMWMN22D1JPByc4A9cZwe5PXoF134q4jEfhLTLcIowZbzOM9Q5Knnnp3IyDyc+a67eeP5/iB4RkurLRbfVWS8SxjEhlttpLFmuTtABCjCrz65OWFd+Z46E6VLko4pWxOGbvQnBNxrU24pyWrell1+88XKMir0MVUqTr4ZReDxMVGNenJx5qVrvlb2+276eVj325tpJSqCGQEBgFVAAMj+IjHAHfvkDAHNeXfF63eHwPcRyDaV1PTlG3rkyrjLEYYdQPfGccCt+7f4wMjebqfhu3XY2Qse4qgI+UEqMjrknrwO2T5l8Qo/HE/hmT+2td0uazXULHfFa2qh1lMyqsgb+6OPlycgEY5wcc2x9SeBxUVhMUk6TjJypxWiSd7c/TXotl3LybJaNHMMPVnjsLKcKsWoxlKTbTjppBq++x7tpkYl0nTx5TuEtIBKFQ/PujXbyRz6k9eo4xik8QCdfDuup9nkhjj025VPk5YeWepAyV2nJIOeB9a5Kz8M+NZLG3x43jt4zFbygRWMQKxmJSqqWf+FepPHAxwSar6z4Q15tM1A3vji/miNpPuRI1RWRELMroDjnaQPbkDFds8ViJ4Jwhga6X1Z2lKVGKf7pa6zcn37vz2XHSy7B0MfCpLMqCaxcZOEKdWV2pxtBv2a3t013Z0fwuhlk8C+HYlLorQvv+RR8pkbIwxHVuQF5/AV38lqxLIZ4kS3BbLNGrN8pwMFgQM8DpkDpnIr578BeFJ9T8M2N5/wkutRRtJJHHbW1w0aIsTkfIAQFLEAkDqOx6t1Uvw8sZWcS67r9w0jfMn9oTqSB3yGxyo5wMgEjAzWODxGYPL8GqeB5oRw9JQnKvFX5YQWsVFvont2u9DuzLC5ZLMcXOrmLU3iJucVQqNxTmmkm5Ru3JrWyd9OphfD1A2o/EvzLyGL/AInqrE7yomSm0/eYgHjJ4BHJ9BjpBBpsV40tzqtpJICTGTcxD5lHAbD4545yCefauG+Gfg3w/d3/AI4hvUuJjZawlvZxyXcpDEhc+af42GV+Y4PTIC8judc8D+EdKuY4hobPLKCX3zvKokwuSrFuhztPGAAc8dOHK55jLBQcKFHl9viG5TqTfK/bSbfLCLbd3ZaaWvtvvnFLKo4uPtq9eTjRwvLGnTi9HRpcru53u1vfb8Tg9e1HSx8TNFnl1Wwjt7fQ5d9wlwrRJKw4jfaW/eMMkLkjoTk9eon8WeFYPLf/AISCGacDcioHkIY4AUgKQQMcYxycEHIzztz4X8NxeNNEtzo1oIJ9KnkaJsOjSDkM248kY4BGO2cg59Vs/D3heJisWg6eMRAGQwRE5JUYUHgHjgkE+gzmryqnmUnmEKdTDUn9dm5SlGpU1lCm/dSlFNLS3Xe/m83nlKjlrqUMVV/2Gkocs4U01zTs5Llm22k27bXseDfEXxZomqQeGFt7v7U1rrsVzcsbeVNsaFOVymH29lBBY8kZOR6s3xU8IxqkUb6nc5t41UW+nTEhguGGXiAAGD+AHXqOb+KttZxnwelvZ2dukmvwAJFCiE5Kgo20Z+bvnIyT759ijsIm2otpbRrFGu0rEikDYM4PljJwcYJ45Azji8NgswnjsxisZRVX/ZOaSo3TTprRJzVra2vdea61VxWWwy3LZfUa04f7R7Om6ySV6kL8zVLVXs1ZrTSx4r4o+IWmXmi61DZaNrUjT6bcxxzy2eyKLdGQXZsDCjjAPGDg461V8M+O9Qt9F0qKDwZrN35dhbx+cqKsU3yBCwO7O0nOQc4z7HHpXjOOSLQdeXbsEemXPCxbf+WROT8uMcH39yRiq3hIyjw5oyqWJ/syBgQgI+4rZweBjPc9s+taLC4yOZRi8zdN/VL88aNNXiqqXLZtrTe7d9uhjPF4CWWOSyyMorGpKEqtVrm9la948rfa21nv256Hxj4qmuYzb/D2cAyxkGeURkjIG04yRjGfXORnnA5HStf8TW2ua4kXhNZJm1TzJd10UFvI6krFkZJ5J3HHJX8a92sZA1yonl5aaMAZjGwnG7d83546DABGa840pZJPFviqISoyDWYVDEoFH7vk7ix+XHGTkgAAAjg8OYYOqswyxf2lVnKUqylN+yjKK5It2SjZXskm00rN9jpyvG0o5Vm3LlVKMYRw7jBe1fPL2kbc3vttJO7s9dU9DptN8RfFGdwLTwpo8I5YNdXTuOOFyCvynvnvycAdOX1E/ES4+Ilxdy2+g2msTaJGmyOSSW3W0UgbgzDIkzjhhxweiivf9J+wWgR5b22DH5XDXERAwpAA+ZgASR0YYHTJxXm2sX1pN8Upliu7VLddBjBl82MIGLqTHvDFf95cnB7DFa47A06U8C5ZhiJTljKUbyrU1yc0WrrlimmrJJ9Hv1JyvMKteGNgssoU4Rwc5W9nPlk/csneTutm1e7ulqczPo/xRuEia41nQIEWXAwrEruJ+8SCCeT1AHuc4qp4k0Dxxjw8bvxRp4nbVgtpLb2qFbZzC+12yPnzzg5zkqc816XqVzYG3V21OzUeYmYzdoQVXBIJDEtgdMfMCSK4zxb4k0kSeF1TUrJkg1fEvlybzGghkAc7ewGAWOduenGKeYYLC0cNVnLHYiq1PDe7LFt3TqU02kno4q9rdb30SteU4zF1MZThHL8PTj7Or78cNFPSjJ2UnFq2m2t1pqr3wz4S8bvEpuPiM8IZ2BWGxhUAqTzgMOx6gdRjHJwmreBdeTRNUlvfHus3UQ053aFFVIZkABZCFOR65xxj3rpf+Ei8OsY3OoRt877gsErjjocbcAnsBnjcSSBmp9b8UaGdB1eCGe6keTS5Y4RFZTBd7bR877SoXjnOQAT93tliaOTuhXUq06k/Yy5ebFV5tS5UrW5+V37avpfUili87WIoqOGp04OrTTUcLQi3FyjfVUk0rN7O/VM+1v8AgkH4fkb9p3w/b/27q4h1DwlqMT+XOyK8e9XSIoCe6dTjvjGMDzv/AIKf+JrzwF+2h42s9Z0zUNS0y+0zSnttRjhLPDDsb5ZggIk8odZGxu5yM5ru/wDgkfr9m/7VvgrTbVriO6OhXkbmRStuwA+bY2COD7joOSeD3v8AwVWsbFP2vdVjn8qdrzw/YPLFMoK8xuOSQc9MnIGBgA9a+Ey32sOMcLDL8R9WqSyyLjWkvaqTUkuWUZO8oySWjd1a6sfe5zOlLgvFSzLCfWaSxqhKin7JqLjG0oyhG8ZJu60eu+m35r6L408KeIQV0/WrT7QIxGbe5dIJgTgEMGCksTg4xnrk84Ok1tKuuaoxiWRDp+nFXTDqQ2cONuQSF2kkEdckAA1zeq/C7wbrcEkj6dDZ3QHyXdhIbeTeMEkNGRvZepzznA64NeY/8I98RfCuv6hF4T8Sf2rbW1laO1jrIMpeNzlIFkbO1UGQCASDkZ65/X55xnWCqYJ4/AUsZCniYtYjL5N1Jfu5JSlhqrWy5pPlm9FZa2PxGGRZFjqOOhluPqYKtVwzUqWPivZRTq05aYin7tk0o+/TjZu97XPoEK6uQSdpUlvlG7oN24DIOOuTjHfJyaxInYa7rQG4L9lsAxIGQ298n5unfj8McEnzH/hcGoaNMLbxz4SvtOJUKb+wQz25A53YHCKccnBJHOPTrPDHizw34m1XVpNI1e2mEtrZFY5pFikDbiGUpIVIZTgEdeMADHH0NLibK8dVwdOGJVOusS3OhXjKhXi3SqRs6VRJ7vRrTmVlqrHyVbgzNsBh8yqTwzq0Z4ZRpV8M416M0q1CXuzpOS+FN2lbSzaWt+2uRhdpkG4rGVPGTgr6FjxkDbnPGCTgVlWRdLvWckkfaoQTgA/cBBOccew5xjjqDsXdpKMyFd22NNrDJByQM5HBA9c5/IVh2qubnWVOQDPFkt/CdqDv8wb3ycjJ+UdfZryhUxWCdo8rqz5ZLlvb2Mkr3d9G7X0b1tsz5vCYepTwWaxXNGUMPQ0aavbEUk0+6d7/AD1exc5YGTCkJhc85yGODgnHynGTnBPPam6TGn23WSvyy74HBbByGC4PIbgDkFQTjn0FWiu1WhwzbyACpXGABhupwpGMckZ9gaXRUSG/1vec82+GHKk/LwS2MM2FA5zjgrzxpXhH6zg3zKyru62V/ZN2Xl/nfqrYYRVoYTNZRTcvq1FuWqUEsRR0V1ffd3s9tmia60yG4BiurWO6RoJAVIVkbIOcgjryeBzxkEAjHlcXwx0G/wBPt7rTVn0PUg10ftNhM0RkImfBeAHY57cnB4OPm59yKlmLFWOYXwMDaCAe+SMEdMZPY5HIx9IRJNKt1KYc/aNrcAAmZ84J5yCflAA4OOQBXnZpkmXY/G0FWw9OTlSrPmceWUWnSSkqkbTTT2aa26a29nJOJM1y3LsTOhiakFGvh42u3CUXGd4uErwlCVlzKUbPVPVHxp8X9L1/R9Ns7LXbpdX0qWdzBNHH5V7EyJx5ij/WEDLZUkHJHauN+HFnpd1rl+9gqvGdJVXDsEkZwTkAMeo5LBc8A9MEj3L9oxI00Xw5IzlnW8nABwFG2MnBxjOQDyeDjGCBXgPwq0GPXdW1JDdzW99BD/oE9udnl3EztGvmoGAljC4LBjknPTk1/OPF+XywHE9TD0p1KsKUqXsnXm5zUeSLUFUknKyei12tfuf1LwLmf9qcK4bFVoUqcqsavtPY04wi5e05eZ04KMVKVvecUk272PpP4RacsHxP+F8yrlX8U2sbKyE/cuVdSQ2OMc5znGeeOf3I/aF0bVZI4rvTZWiFt4Q1S9EcfCPFIjJLGQOMlM4XHQYIBAr8WPhXbzWHxV+GGmXc4mubTxPbwzl1VTI4wRKNpOAevYc/Wv3q+JZsbvw/I88uWk8D67C7owxGYFmZMHs3GSAe2D1xXnYmuoUppJ805Qi1tyt8kW3rs101auz6LD0nOrCM9Ixg5Rd7OSSitLbpva+una7f5VJNDq/wt8eSQoRHbXuiZYqVaJ0tFjKlRj+PgZHQ9W+8cXS7Nh8ONRkdidukvCoPBJN2isOADkd8ZIPrnFZmmNeW+neKbJrrytMv7fTbiSI/MkrJLEquQMKWAwT1zn5Tk4rXjZ5PAWtMkiCKCC4VIwMcJchssOMA4yePXnGTVezvS5U7fvVOSt8SvH3k7fCorqnfpe9gco86k7q0VHRp2a5bNpaJLo9nbS+qJfDukiZvBd8QzRLputWij7pZ1jcYXHOeCQuDuJ6Uy70C9tfg9Y+NbaePyrfx0uk/ZOrx7C8isRknDOmcjaCBjkgkX7GcWHhjwdeq42x6j5AJX+K9tpGkAGc45KlRwCSMc4rqfBtvP4g8MQeEEPn6bc+Oru5nt2HAMWn3DrIAMEbXAwcA4HJJBznd0VzQailKLk91eMp3evZWT3dtdDSEfaNK+sotKyW7d7t9na1l3v3EstPN94y1fVGnV5r/AOHEd9dMuRljYyK6sFIUgMV3AEnow7mu/tJ2l0D9lhHAD/2pqUMbbQVUC4IAUZJGTtGcAH5dp6mvL/Cl5cxa9q1vKTmHwHr9gwXBGyylEUWDzjaueBnk4zXXaO11Z6d+zjc3Ec728Ws3j2wbJXm4U8EjgMB1HYc5zgZ+8+VqSXNFenuwal/5LzNJXte/S50RiouzdtVfzalTTTVutt3q7pmd4p8P/bPDf7RdyltLPd6f49tpHcD5I0Z3DMy4wOCeCNoIAXPIrZ057a68efD2FAI3tfhiIpAW3Eyiylz8oJGSTjPHTGRjFQavrV3YeH/2mUggYwat4ttluHPPkM7loRyD82MnHAyfTpj212I/iB8OjHZPEbr4eRrIcYZwLGX5weAS2Ccn8hk5yUne1tddVK9r04O6ttre6eivqa2Td4215ea6SWtTSyvZW0017vzo+CWMHhv4YyYJ3fErWYSuOoeeUAf3cnsOMkHI61ha9eXulR+OLSJmjjuPiVZs4kJZCC7EHsCRn6988YFnwgk50b4XqRILd/ifqAUsWGHNzJxlTng8kc7hxnnibxFDa3Fx49jlczTJ8SNPMcn8CjLZzgYBBI46jDYzyK6J3cXZNO6s3s2ppSSvbv2fqFOEmqfK09LJW1jppe+90m7Ja/if1af8EPZTL+x741XdvMfxQvQCSDgEjGPT/ZI/A46frrKhBbaDkkkMvHTGOnGexJYn+Hk1+Q//AAQ1jMX7JfxEg+8IviPNKNoz8shO38cg5Prxk8iv2ClVt2c8ck9gOBgAYPXtjjoMjNfOfDWrXW829to2jotNNLfonY+xw6aw9JWTSivndK99nbbppfqzKYYJDdjwpz8vKk8+g4yOvOcA9UUDIG3g4+YcnaAQAMdhzkkZ7CrbIjDnJGCwbOBnOc5yCM9vRSccE1GYxgFR94HHHcjgkADpztyemeTmtL3abe1td7W3767+jdzRuytu739WrbLp529d0REY3ckZAUYOcZwev93g/dOT154zEybSAOhyA3XcMAgY5wSfT1GPeyIiVJ6kjIAPcEY4PU89MZHPfFBiLE7RwME5xkfwkAjr6D04HY5q+t/dtfZKzdrX+ab7228yPek1dNapLTa7T+/z2WzWpmfNlV5J+4RjOBluO+O/pzjuRSMuRlWI5wSSCPlwfu84zjgYz05HWrjRYJwMZY847Lg57cjnGPXr2MOzbuAOOcnGATnb6c/n/wDr0i48tuyTVr36eW1nrovkQm1fWy8nZvWP/B/TresFwOS53A9zx8xOCM8DPGegz8oxwXJggE8EkDH4YzzyfXjpgDipPKBJ5ABBUEkn5SffJGCc5we+BwRUaI+QcgjJ4PBB/E7hxwT2+o4uMrdXbay8mn36tO//AA5nJNONlt830ez1su70s+hIEUKMYA+bk9SM8gEc8kYA4z7nFLsQdWGR823OODheuOvuTnrknGKcpbATIZlyCuMLg9ASc9PvckDqAMnNSFOR8uDxuOR0GeMZ5HUqSCD7mi6e903ZabJK3z6fMNWu90k007X0b1WzVvO17aKyTEi6kZGwsWI6cLkHJIGAeuTk7sc04K4xnGGwCc8Zz/s87SCOvOeuDnMoX5s5AJJPBx0yQcD0xz7cntQVygY45Jzgg8cZbnkEZ6EDgjk9aamnL3m7WV3zO93Zaddr7LuldaJaRilZt6310+za+mqur2a3tfmV7wPHkHkEg7sYx7DAz+XJOCfu8VEwxlge4+oyCMHkHtjceDhjirLqSN3ygAhcnJPckfng7s+mTinGPGONwbgkYGQC3IXPQYGSDziq9pG+7b8rW0SVrX8vXXfUjfoo9bNtLuujfW2+2t971wAuQRwTwAc4IOcg9h255AAwTkClwoKg8gknH8WedpOMdRzz198VMEUqTtA56jIPGQMjHHfjocDPcFpQYIJwQ2MnBJ4/iJxjOegz0+tCmm7NP1dulrbfN9+yvZByuzbd+ul9L20va3rqnfXyIGzlgAMEKSBjJBI7nA3A8kZA6nFMcjcACeu7r1IBxtI+7yeecE5B4JqVV4I7j5j1G7uOeoHPPGT0PAxSiM5wf4RhskjeD268DjgDvx1FNqzWm9krt73X/Af/AAZBdr+rr7mVNoO3+9hgQM/LkkAA88YHQHg/lShFY4wc7cHjkk84xxnoMHkHqRyDUskZXPIBAztI4AB6fe2/gOucnPQs2sWPzbeAAM9AfUY6nHGSSeeBjk57R1W3Xdt3v0vZqzstttrIl6pK19brtd6a67abbvpcb5YIzgenOR25Gecg5BP3jx6UwrkZAbHAHC/mfUH1UA+mQCKs7WCkZxyQMnduJ3A8nHUHjgE9Rt60jgk4OMbQSc54A5PPPHceo44AwX2V0lbRetttfu0T/G8pL+W2++u1rejd+5W2gEsSMZOeAATwSBg7ecDjk89ABTgi8HByAVGf7p64GcDIxnvweASak2qzHsxJxgZUqCOpHQAjAz1zkDBxR5YypwPmBPHUHsTnJGAQDnJ5HthKaV9LpJdU7Lp31dnqtb6X0L5ZO1mlfyv233S32ev6xEcswJ6gHk+nc5J55XtnPXApMZ+ZT6BfXocnGc446E5x2AzVpIlyMkYznO0Ekk885JHHc5+vHLhFnJUkt83X+6Cd3HU54wcdME8MMVzxb2a2WyW9ul1d7tu2yS0H7N7OKk7Wvu7ppp/P566WvZlMBgwDdWPfo2AOnJ/3ecDP1pSvHBCjuQcgnP6KBwemcnJPBFoxDJBUBiRnkkDAHXPpg54HzE9B81NEfQcDJycjA+Xg57qfUdOB3IJTnGLTXvRT1Wt/ys9E9m7+Q/ZySWllZadVtva+iUlffW3yqnnPcgbcEnGeuOnQHlR1znoeCBSxA28ew4wOxPOSRyMZPI4A6WvIxjnIJySRycnjHy4yQuOvHJyflzaitWIBY4wWAA4HOOg9T3Jx2HHFZVMTyxae90lre3wvVafL7tb2ZGk5PW/ZrX+7trt0fq1fTSmtq2QzDJAJ75CntxnkcZ57HGDg1cS32AHcMsAc5ySegAHGDgcjpk8461pCDCquB8wyQQf4QD69uST644x0b5JGWxjafl7joB3xzjHJGOnOW44nXlJ3u9La332a10e2i07+R3QopJPZ7Wvs7JJ6J6dPTXteosLMGwcknBBx37j6Hrjvz97FOEagLuyMkDOM5wenHsOvbOfapthQ5yflJ6nBO7GMAdhyT074JPFVpEJOSwZgxJ424B5BGAe3XHIyfrTUnPR6aLpr0evTXXe+/Xq7K1paWXm+z16P1euv3WVVQrKQOM4AwAQTnOeOq5JwcAnPOKmCDJBXJI49MevUfQEccfhVONiCdzYViAMEngA8EkHjGOQCeDgH+G6B8qhslmHr0BJOCcLhVGegbnn7tZSi+bye19dXy31bfVd7RfzKTit9duier5bee97r8Nx4wDtYckbQMZ4AxznqCeDntx3qN9iJuycNkOTtYc9cg4IPocAdST93Cu6gANnGDhgehH9456HGc9cdiTisy4kL7eRnkqvK8Yxk46nqCDyDyBThTbaWtmlrtez01/zdkktLbw52WlrNJtJaq1rW2Xe/o2tLkcz/ADPjO09BnJG0cNj+L34wevGOcqUA5LHBAJx3yc5Pt93LcjqMEHip5WY5IPzKCM4wOQTn8v8ADIOarnJOcZYADPy5Jyc9wDycnPXIxxwe6nStZ7NK0mr9OW6V1dtW19emhyzqKSs1qrJO9101339b363ZWkCkAnqoweODk8L3OPl6Y7ccU0wqUX5SB90ZPUg+hJIAwe3PPXGBOUyxIH3sbupXA6duhBAPHfGBkmkWLdn/AIEwJPAxz34XqByMY4OV4rrV00lJW27u97a66v1+TZy8uraSWq0e17R6dNlfzSslZMr+QqhOBwCSNwzkdc4z68dR7kCmtDhS25eQxwSThiMKB90ZBzg9OoJ3DK3PKywBIIwMgEKcEn5fUjqCwGQcHOBikEIGcKGLNt5bJIPXGQMAZOOSDnIGOKvm1Wreib7O6VtL2Vr9NvPdTZaXjZW12/u2XxPorPZ+6ul755VVH3eQDk8YB5784GcjBPGeO9Jt3AfLk4BPbOMkYz1A5x2JPuKutC+ckfeDZ544yBg5+oA6ZHftGIGxnjPIxnBX3JPA3dcehBHtoprRS29FrZ9U+l9VdXWuu7MJU05vlioxTVnprZpaN6N9dWtL3ZUWM5wwJIGV256g5yT1BH9D0wcOKIDg8lSWJU7RwMgd8EHqc4GB0GKtxwlQAzAEMNvuSeckNkn0/EfL0ppg+baB/ED1ywAwSQegI2jA56HGMVEpq7957J30toknbR6fL9TSNKKtZt8tr3imna2mjfz36kaqu1WI5ORgEjPUAAHqADlueD7YNO/hcBiMYAOAy8t0wTkDBIJI9e2amMfAGM7R+DDPPAzjHOB2AyOcmopo2YkgqQCpAbsDgcjBBOQduSfwJJqYtSbtJvrffVNW/K9rKzb7tmt1FJO+iVtNZW5bdbK2zW3d3ves6KW/iCkEqOSMrxg88Dpgc5VRwDxVKQEkqPuk5OMA4Iyce/JwA3Xd3xm+Y2x95Tjt90HI4wvPoPugjpjnJqlKGO3KjOT868AMeGycE9QQOMnk4H8O8G16Wsr9W7eur/B3aRhVabTtb+9rrpFNO/a1t+qfrWYZyu5eADn5dxwRj+7kjoc84HBxwWoDzlhnJBYfd78euMfX1A5FWWh53YOWJJDEnjHOSOfvEfMQSeM8k01Yyxzkt1Y56HHAGe5wemSDjccE1d1pqrdN9Xbq+q9bq/mY2suvbe76a63/AM9H31r4AIIGQABgjIA6Hjpj0yB16gGnBR1XBO5uMYXv2B7jpxnOfTl7pldoOMAEgct6Z7nJz0ORzzjFOWL5tp4H4HsT69+MtgH6542i0km46y7O/wDK72vq9lfr3umT1t20e6ejV9d+rsr+b6EQAxjICAZGccds5GCMZPfnqTjAAyjawI5DDdg+oJ6DjB6/gT6kTBVyT24VsY6knovPHHJz2PHIpj7dpIwACASvVvcqeozgdeNwxgZoc+yklbfTy23891s/K7LRS13XLffTVbX2+WvTQixjBAUryp6N15J44A4GCM4zz7vLDOQQcqCB6DA6jsccY/PjimbWGMkKQN2OvJOR0OQcHufQHin7drdQFI285xjB68jqTxknp35qVJXs+ttOm6Ssr6pdkuuu4WSirK6001ulo1r1Sslvrazemsw2gfd+gzjnpnvz0zjI5560AgYJ6dcgk4BGMjjr/wDXPDDhiZDBOM4JyOx9yM4B4wBnofXhXJ29GIxwWxg9SPzPGOQORkgc5Xlezei12eu3TybdrXa67lRSbulZu2rWl3bXr87X16GrbTJKNpYquTk4IxsOBnJyGGTliQOvSrR2qDtcAgAnjg5bIPGMbSRyOc8ccViI5BBKHBJ+UNycfMB16KeuMA8E9SDNuck5wMkc56/UA9MgcHGB6g880qbbunZJ3t0u7XTVvKyTey23O6ElZXcZfN+VrpPR+V9O7tdahZTnb9xQAxJ3fNgfMOpIHfnPIAyARSOkcgUg54K7SuBkE5wCclcnJ4BHT3KRuNitjoQAQCBkcZ5YsQSp9BjbzjFA2sXBzuU5xkc8HrngYHpngAnjbjJKV1a6S6q2zfy9Euia16Cc42autkut0pJbNdU3q2/Ls1nyqFcA5KqAC2e7DuW3bRjGNwOSSScVD02sDnCgBcfKMHJU8gcjkkngd+ObBI39sHk45YnsOAMHjkcYx2IqFsAHt0JPHfpj34/Dr2Nbq+zTb07PtvrvfW29raHK21dJ2erWze0EkrK7s9FfR8yT11axAI6uSVJ3EjPT5SNo7Y6Z46dQc/K2chuhGdgUcFR1Puc8c8j+WKgYkEHcACG7nOSMg5HOcHPI/HGMx5OSp5xjBUjGMZ4JwOvJ/ungcVcafM+a7utLLbpvbf8Az620M3U5LJSk3ZNy5nqlyvTy3etrX0b0YjAj5iwIY9AM5OCPpjp0GV7Z6UxnycDjG0ZBPAGCT1JOed2BxnaOOCzB3jPH3iVHOCehPy8cg+gB45p4iwSTnIPLHjGTnGB0bGOM5wB1IrppprpzRXyt6PTXS+vz1sT7W60Wt73vrpa2/RfLR6PVWeZAwYkErkcY6Abc+vHcELgDPHFM2lixwwIK4xwAvBJye3qDn1xwTSMjLtBY5cHbgKQOpJyNp4x+PU+lPVd3bHAVjjr7ge454I6Ae1N6RbSs1bV2unZa26+afV/coyct39+mia8rPT1W/QdCG+dt24BlxycEnGfvAY5OB24ycZBF5SHLEMPlGCBkYO7nrgYyCOQDke9RxoWDLtVQOD1OQB9MZ4I28Zz97oamEZDHoFIBJPUk98YB5z07dR2rklq2lK+1tdvhavdbuzfZX67HRC7cUuret9be7e6b1W3m29GNfIOcqv3skc5IyAR6nj8aqTKZAxyMkc9CcleTk9egyDwTwavOoAU8ELkBckAejH9BkE++KryKoBBUYxyTx8xxgevII5ycDPbNXD3XeKtZrXTa63W2rt0+8Um/tJK3fdp9H318tG2nZKyx3QnBwG4zwcZBBx0Xqe4zyDyemajRtuIB5wASMAr6DJ6g84446etaEh3YGEJJwCM8Kp4GT2Ix7nIwOaqPjcDnrwSeeQcZB/THTPB9a9Gi2pJ7tqK1a/uu6bWrX8vS3XS/nV+Vp2W29135Xo3+e+993eBsZAHqcHAyPUj0PofxOO0DDbtXHCltwx820Y6knBbPPQg4wepqdugHBIA5HG0DGcgYPTrjPHvioSAcrgHJAGO6jOBk9vTtyRnpW9352urbu75Ya773310XTa/Io76pX67Ja6vf7vu20IGb5gMEjOWyMNnIyQQeMEgkZ65wTjAQ7RnDfTODncO/B24PIz26AZwJJBkcnG5s5PXgZ47845Ix6HkHERXDFjwSOO2CAcEfTJO3oeQfSri1eKXRLS/l5prrf1S+WLp80W7r+nBd++l9F6rUcqghwQee4J6jkAHAPPAAx3xjGaUQhuhIGR948kk4OR1OfXjkEDuaRF3gFiTtILYXgE5xnJySPT0LZPBNWNmGJJzkgHGWIA5I2kgEjJ+h7irV901ra1nd/Zdr2Wt3pa2gOKjZNJ6K7aT1Xr26baervCyYyCD8rZBB3ZGVyCR1C8HsM9cAVECD2OcHPBGcjGckZAABBPcdO1SNljgADcxAPYj5SQeuAcH8OfQmLGCCcYJHfq2OOOvykZA4Bxlg1Um+rWiW91ZrTbV9Wn+eiM3duyWlkrNaK7T6O1nb1vd36CqEUEfdHQehGSMkHHc9MDGcY6Cp0ZQWwOuOM8nbg5wecnHBGACCKgOOCCvUP24OcHg9+2MYFTdW4yen1A6EZ79eD2HGeM1nKT10d9F87x3u/NOzttpaxSbva+lradbJb6/8Cz3ugUrk+mDnjsRyB8w5/AD044p20YA+YBtxA7jpgHHUcNkZ7jjOaaEw3GMdi2T79uBz04yB04FSALkgqAQA2ePk6Zx0znHTg8DJzklp2V7b7/DdXsnfto7t2776IdnJq+zd31belnayd1rbrZdJbKnyrgfwhg3G4cjOOfugbh178jj7rhu42cBmAIJOT06nJA5yQACCcg4GKkwXBJG4AKRwVDABgCfQj0OOR6k5eoB24DcnOcYIJA4PAJOPTgDkDBxWd7u/3Weqd423s+jfT1uaxSVopK6s+6svXdu7d3f8rdl4MVm8Q6CMbh/a1mN2BkkSKfmH3enAABOAD1xX8t//AAUmMlx+2L+0GTyf7e0uDLcEYtAe/wBBuwBkHsM4/qb8DQj/AISXQlGcf2rZthm/6arkckBiRxg8Yz0HFfy3/wDBRZc/thftAsRu3eKbIAeq/YyuPQcA56HuT6/D8WSvOkt0sPU5uqfwN7dlZK1rPRM+pyVctKUdLe1pt3WvM9bd1p0Vo72Ob/aEWNPgNDciQRy2kPhAA9wDpMQJUFl6AnBHXByOor85PAV3ND4vjvreQwpaXDzTsm3Ko8R+d2JC4YlQCx4BGR2r9BP2lJlh+AxDyiKP7L4VLysQ4X/iVxHcw9RjAGOABzxmvx3l1XxV4rMmjeGvtOg6FJc/ZtS8RLGy3GpDzQrxWvIOwKOCD0yQDivlvDdRqZBiKc4uUZ4/Gx5IXd1OUVZvWy3uklZX1Vz2eM6kqGbUKkJRhKOEwjU5N2TjCmnstWntFXd+vb2vxX8ctJ07VLzw/wCFtK/4SjxVLf3FzPbWmXghuTKdr3twm4/ICd0a5TgjIwBXHxfCfxd8SdRm8S/FPWpRZkI9n4ds2MNgi44hCJhWKggMSASccHFdL8K/B3hbwPrHiacwpF9ntFe41jUdqMSQGlnknmYctyxQZJH0BrkPid+0npOl2N/YeEhFcmJDGPEd67QaVasuR/oUTDfdy5JI+XYWBG7pX6bhcLgcBhqcsVKMKSb5MJHSLcbWUktZO6189NOnw+LxWLxlaapOUptrnxEtXrZK0mv3cVdWS956W1ues+LNY8GfDbQPDVmWsNBs7eVJYrSFEN5eSxA4CQJmSSR+cMy4Lck5+YfK/wAVP2l9WvPPt9Nu5fC2kSqymOFlm8Q6mrDCuxB26fAVBXqH28Yzur5J8T/ETxV40vrebShf6vq0lylv/al0jS3EryEqkenWi7o7KH0wFwCCfumvf/hp+ynqHiC8t9U+It3cRx3LxztosMrNd3W8A5vLjO6NAGyUQlQAR94gVxVcRUxtWawVFqN42UNFGPKlFya6q7Vt7dX1dOSwdFLE4hN6Nyb953UXaK1ba6tt7+TR8y6hr3iLxdqNta6JaXnk3F9FFd3sAkuZT50oAN5qL4LyksSF39SSu7v+lXwz/ZX8OeHvCcvjLxPAuragJLXZDMF+zxeeUI3Bv9fKCQC3Y+nIr1/x58LPB3gb4YeF9K8N6Dp+my3HifT45DBCv2ieMOM+dNt8yTDDkkjOR2Ne4+JoUf4a/wBjKyx3clzaCJAdrKsflk7UByQEHU7cZ5Axmu3CZLXnTlKtJ+05otpaxSSV1dWd2ul9Wc39sYSNW0ox9nyvlcmnKbjyrW+2utr2W+2ho2mh6XpvhbWIdL09IksvDd1JGYo0jSE/ZWYEbQq5GQoJz396l+Eln9p+HXhQynYraeWYk7nJNzN26qB/FgHnqeeesjvdGj+HXiiysy0mpr4UunliADz/ACW6qzM2dqqvQEnJAPXBxhfC+JbX4e+Em1JjZQLpqrDY2oEupXxM0hHyA/uYjkAudpwehBxWlfD0sNj+Wmpym8Ny8kVe7U1e+uidk3fdabJHr4evDG4CM1KMIOpfmva1oK6SW78vxbsz0qygVZ7VLWJrl4nfLAgLCArfNJIflAA5wzdc5Ga8j+E/h6xXTvE91rF1mC48carJZ6ZphWa8vpGcblJUBIkAzvcsvAz6CvTNU1aw06za88QahZ+GtCgjef7L9qWEOiIxL312xV5ZGAJaGPIzwOea+ApP2pY9Fj1/w78HdHOv65qWt38i6o0JTS9OgkYqs5mYHzc4LADAbGRnGK87F4aeKlS+u1lhqVnJUYe9UklypQ5VrzS5trWt2W2+Fx9PATqSwtL29WyjOc3anFLRNttJKOj3u/NM+7vGPjjw54L0p7nxLf6ZoOlQurW+jLcRxBzHna1/Nu868cjaTHgqG2jgAY/NHxH8YfGfjvxn4w074P6PcQWes3EcU3iCWB0VFTAElusioEiAwYsHORuAyOOo8JfCDxP471K38Z/FXV7zX7uW5WdbG7eVNIs4y+QkdqW2lfvAKQc9ecgN6/a634Q+HV/41vL+TStH0+G9hVJJhFbxpFDCmxLeJcvIWK5CquC3JBau7LcPGjOn7OlHA4ZJtzlZ1pxstW2rLm0elklpZO9/LzTGTxkHOU/rNX3HGC5vZKV46RinzTs9Ve0Vbbc8s+HP7MtlBdReJ/iJqM+u6nI4nmS9dpFknJyXkDsSyBsqExjgZIrrvi5488G/D6bwvcXl7Z2I0ae+e3sIdn2yeJ4NkcVvZR5O4n/VyOqjOPqPm/4y/te3NxbXFt4IRtIs2R0XxFqKgXNwBuJ/szTz8ztyNkkgUYXgjrXwpNq/jH4i+ILCTTYNX1nVb+4W3m1jUGku7pmlIAW3Vt0NqoDZ8vdkDsDmunEZxhcPelhacq03KK5rX5nzRs2+rv52fKrHj08vrVanta9TkjFJ8l0tPdWl7xhdXevveWjPpL4qftOeJvEZl0+0vbjwvoEpdY9MsX369qaOWw93cLzapMOSgIwGzjIAHg3hbwn4t+IbajJoinR7W2ZQs8krzTeY7H95O7kF2fOSeRgkg19l/Cr9kaBJLfVvGzm9vGeORrEsSi5OcXcrbhIxz80X3SeG9B6ToHhrRtN1T4hLpdrBZ21lrcNjCIIxFDHHHbLuVFUYzkElhksRnqSR7uScO47Osxw39oynSw9ZVZqKm4TtGlzpr+X7LVr3v5I+O4t4mwuQZNicRgYU6mIoypxTlHmpLnqwpydnZzcbuzlfpbRHwrafBPxQJ722uvFt2k9nMqXLROFR3kUH5P0z6Y65JA02+AszsGvvFmpTjI3f6RJkg9iqcDBPGc9OcZJH1jZabYy6v4h3RFwt1A+5xu3nYFJPoD0yWIwBtHc9Cml2m12W3VQGBUYHrnJ49eePbIHJr77BeHeV1ablPnmozlGKlVqS+GW713VrtW3TunaN/wAbzTxVzjD1KdKk6UealSnJwpwTUpwhN2sm07y010W58Pah8DdCtLa6mfVNTuXgtZbhQ11MqtIgYgMvAIGAQQSeM8Y5d4V+C+gappNnf3FvcXLz5yonlI4O3+ELgkt07gZ7mvq7xZZR/wBn6ttijG3TJgQADlvm3ZIOee/uwGByK6H4Q6dFJ4N03MKCRVkG8pkH3Hyhu/AHUcdcZX+o2Uwx3sZUaUqcKEpaqTUmpQSdr7rVX31dtTWHiPm9TKZ4yOImqksXGldOK5YqF3okrJy/I+ZoPgP4ZLDy/D0s5BOT5jkAqRksXIOOOOTy3U9KoeJvg3oGlaBqGpnw7FAYQAjyOxIYuFHDDHckMSM/wk8iv0Fg0oJGHeMIxUkbVyCN2eQME55ABzzk5xivLvjLZbfh3rGxSrCS1PzDGC0gLDjORknAxjp1xXRiOEcmw+GryjhaCcKUpRapw391pqSu/wC9a6urNpdefA8eZ5i8bhYSxleSnWgmlOaTTmk1ZS1Vtr66dmfNPhv4QeGZ7CxuF8LwyySW8MhkkZwJXfBJUEk8FsnA9TjjFdaPhHpVqxI8MacoTkBo2fkAeqkYHOWwAc88qa+g/h/ZqfDOih1yi2lv8w5yREARnnbyfx5OeK9E/suAJK7xs5YMCrYJIyAAMnB5HT6A5rvwvDGSKhQnHC0+adKm2/Zw0vGLk2rJt3b2012sc+M4tz+eKxEHjKsYxqTsueVrKUVFNO92lp876H55+OvCdhYJp5Gk2dmX1BIwLaAJlA3zBsjcwxnCgnHtzWrFpthCqstjGhxgKEVkO0DgZB4zyTkDk8gEY9Q+O1koOiFAYyb1js4A2h8D0B45GcE8EHqDxrwszJuzGFizuzzlguNw6knpkZPOAOyvD5VgaGJrRo0Kdk6XL+7g90mtX26rV3sk9bBXz3MsRgcNVqVqzl++i/fm02pwWqb2Vr6r80b/AIV02K4edBCpbAkjRY17KTk9MDgAnPTHckGTxDYvDqXhn7QoUvdzEIqqp4J+Yeo9u6qAQDydnwLJHFdXYY74zbADHVQRwBkYGOeCAPQtk0zxdOsmteHd6OfKu7lYg5XgMeASSAfUZJAODk8iuvMsLQWEjyUox/eUE700rfvKa+Td12d0k7M48nzHFSzGKqVJybhWUfek3Fey5pNXatfXbVW9SyPLVnQLhASGAYFic9MHgfgQMYOWGcuSSFZUEcKEEkEtkkFiCDuIG0jgdj0B6jLZQmSyYJfcT/sncTgHcfu5z9TySc4ltFhYKm1wYyN5yACOOSxI54PIAwc4zRTw8E78seltFr8L5Uldp8rvp1v6r1auLqS+23Jq7cpPXVPl1lvZXejs/vXC6wxj8aGRJPLZdFGQDnOTnCkZxjI69+3erkd5KyLmVpBhuHAwMHnhjyQcYwfTjOKp6yPM8WHaANukqCRtyVycMQM9egA5zz35cymNFUKSApUrgg8EYII3MmOT1B6ZOd2MqUPeqqN4/vZJRWl2+Xptezv+VrE1aqnCDld3o07R5mr3volfXo32102NzTLyeaWdVCBPLZj8vJ6gjnIw3fkHnI7Y4u1v107UvEEyArI11EsZABBKkEqTlfxGBgnoDnHXaWDE1yu1wWhUnIycge+MZOGI4BJ/E8HPGkuoayqIHVLmB2Ktg4OMgktkg85z7nHAqcRN0pYblup+0lG9r2dt1Zqyj2fdW0sgwtNVoYnm1vTUUndtNzhZp62SvfW9rK93a/sOjXz6nbxqrqknl/vGwAd7EABTkEHJxjIyxz619Xa/+yZ8RvC3wZ074weIHhsdB1F7eWzsnZzqc1vcvtguBHjakLAkqSQCrAg4AJ+T/hg+jXXiXR01yY22hf2np41eWPDyR6eJ0Ny6KM7pFVSVHUkA9DX6xftV/te+EPiR8O9P+FPgi+UeE/DkGn2OnyjTvIvNSFrbRQKlweu2NozLgZJyW4PFdmOzDERll9LD0lKFZt4qpPaNOCWyurTm2rNX1jtrc87B5dhovG4ivVd4JfVaSespucfeafaN7vpfrez/ACp8GxeZfeJozkxQasgBHGf3SnLMevUhh1LAelegJa27POgiYhFyCcEAkEluMtzwencZwa828OanYadf+KllncMdWhICRMy/6hOCME8sc4OMg4C569d/wk1oYyYIrhst8zLGFzxnnJBB6cngk8d8a5diMOsNCE6kFJVKjak42b52l1dumz6X0HmWBxtXHSqUsNVnBUqDTUXyv9xDeT0e6drNvVrZ37HStNlv5YooQFA3hgVxlVQEAHJwMcnvnbzu5pPhrpcf2HWG3BjDqt8FBwVJV3ySDkYyMZIwD8o9D+if/BJb4CeB/wBqz9rHwl4B8cpN/wAIzp1jdeJLzT/OCTaxLYJug0+I7t7rNMuJ41XBjLE8Zx+oH/BVb9jz4Afs9fDaDxv4C8B23w18ceKvFk+mDSUui2kTaLCpDyRWnyxwXszjziyZLMcZywFfnmc+KeTZLxzlPCtWhXrVcUqdJ4ukoOjSr4tJ0YTTkpNctOTlKKajeNz7jKfDfM8z4NzHO1Xp0nTftKeFnGarVaOE5fayjZcqak/dTeyduh/MZ4ylae/jPl+UiMYycBS7BRtYjgBcjg5IIPHOTXAeImzpOqRygO0emOoJwBwrFumfmBGM49M9c1v+NtTtTeyRrfQl471U2BslRnknb2PJA4wMDkDnlddurWXTdTRbhGb+zZc7Vb528vI5AbChgAeMdc4wDX6VVxdCpRrv2kLuntzJvWO1kulvn5bnwuHy6rSqYZ+zqXVSHM2ny2Uo9Wl5Pe7aWyaZz3gEmbQbGNsKAHZdwx/EAAGyqnjkcY/vGu4u4lwxB5Ug88BQAfmwfUYxnP48GvNfBupRWGhWscglaTyXKosRKnDZG1uM9sEAEgnqem9L4rQglNOu37b9nIIHAK8YJLA7s84XJ71w0MbQp4KjCdVJypR0Sd00opLS/Rei2u3oTmOWYyrja86VGUuarO07xjomknrK17Xs7pOzae1uw16A/wDCu9TOGBc5XOBweD7g59OnRgcVkaPCP7I01iSwFhEMdATt75x8vJ5wwIA7Cs/WfEt9eeEbvS49EuUDWxc3Jf5UG5cOVAUEHng9B2wBXOW/ifVbWwtIo9Mi2paxwLJIxJkO3aGQAEDJz1AJH0NZQzDDUcbNyldvD02vclJpc0dklbt2Wmh1LJMwxGWU0qcI+zxc379Wmly8kGuaXPy2TT8/LXXr3XMhkjAJGFI29fpz07jjkACuS8bRBfD2qEKSTArHd6BhuyOgIbsAM5561PbHx9q0TNpWkG4VSzO1vAZVjSMncWYoFXggk424HB3fNXFeIJvFMumajb6kyRWqqEuIWhCShmddq8fNhTwMADAxyxJFV81w9elXhRjVqSVJ8zjBe63FOV7tNab7aPtvGH4fxmFr4WeInRpKVaEoOVS6dpRdo8qkm3dWSsndas9h8LJv0LSNuPl06HLAZIJUnb1475AGfxOB0EUDBvmG9dgZflBXcc7iR+GCOwOR2NeR6Vf+KEtbSztLq2hhhsokUpEM7FA27nI+aQkHOcHH4mtSytvF+pzLbw69IJpC5AS3AVEBA3NkgjA5zkZJUDknGkczUVTX1bEPlhBbQS0ULtJuz2t5676mE8mdSpOX13CR5q03y3qN/FqvdhZvXVb628hPifGkfh6UhSE+22oyIx1LN0O0dBnsC23Jz2Tw8j/2fbIobBb5S8YI5RR8rfMQHH8JGG4GPXJ8YaFqdtpcyajq9xfn7ZaZikQKqsXOOhw2CTgEknI5zzWhoWiSyLGr3V28bPuwJjGqbUB9wO4PHzDjjvjTxlSeNrVY4eV5U6cbTlG71bura2d3v1vd2Vzpq4GnTy6lSni6bkqtZ80KdR30pJx+y9O/y8jrI7cKrK6Ox3BicYyfr2+mcenI44LxrGyWlqWUhTqUOMkcjeB25AzjtkjnAyK9Eh8NRyqzG9uTDkDJvSCD6nIyMnnoQCDnNcb400a2h021CtNJJ9viG97l5RncpCjtk59eue4BOmZ18TPA1E6EYx5Y2/e3ejir+7B3eyV9OvryZRg8NSx+Hft6js2rQoNJtxW7c777PfT1t6hpWnyS2sLO8KZijKu1zGCVCKdpBcYP8XtgDuSFvbbZazut3bvKifuwbiHYMHPO1ySc4bHrjg5FZ+maHE9tAG09WIRVIknlJJKIfm7DpjJOBkY+9mkTRI0kffpVqirjgtI3LMRk5OCefy56mu9YrE/VqcEqMW4RSbnJ2XKtWkor77vV6dDyVg8L9alKUsRJOo7/ALqK+0r7ybVmkl89Fql5P4g1VEu/D09zdxEwa6hkSIb2jVMDzCQCCCOmOc4x2z7PY+PtIVioF1MDJITJFA4BQEAZBAO4DkjIHbtz5B4k05luNDUWkEKt4gWNdowHBI+YjHK7SOO/O7tXqttosHlSM0xiljeQiMMkS5UZ6u33TwAeScjk8Y8PCYjGwxWLUatJNuk3JpNu0Yppc0l87qTettdD6nF4fL54LAc+Gr1LRqKC5lTelSF7pQad3fS6Vi7cfEayiZTHpt+wOVJMGQxBbA4HXjaGCjPfpmuEvPGEmseOvAps9KuYZLW/nli80MI5XRMkSAjAHJJIBxkhuorp2srNYPNnnCuDuUrdxbMA5IwXGMAAHOMnGcnJrLs2tJ/G/gNP7QtILY6hdJPKbiDbFG8YUtJ83GC3LYAGDydwqc3xGN/s+u1jIc0fZSUKcIuV41Kcla2ztq7Xvt5FZHhssp5jQlHLqmsKl3OpVkknTaaaSS2ukm9er0u/urQPiR4zeBI7T4eWtwJbZlCF2dJjG2GmBKhQCRk/MCx+6d3J8r+JXizxAklw+seC5tMubiHbbxFLiDeSm7fEk0S+bF1CyJlG+8Gwcn+oj/gnN+xz/Zn7NOt/F3x14N8CeM28e3Om6T8N7TXbuzaZtHW7jS4nhikbDXcsxyhQljES1fmx/wAFtn+Hvh79ofSdGsdY8H6FeeEfAOlaRf8Ah7SDaW0Om380Mbi3nSEjzZolGwM25iOh4zX818KeImY5v4lYjheh7aOEw08Y62a1anNGU8LCnKUIQlHlUHUk6fM5Wco2SaaR+3cTcH5dgeC4Z5PCU5YmUMM6WBpUpJKNeaipOcZSm2oe84pXd79D+cGfU9Yf4hQXMtgJJY9MlxaCQhDG743M4Hy7c84BOeSDjB9msPFup2FusMOl25hKozKZ5maNmwNoO3oOfunoMehPjdz4l8OR/EKa8fxDp5tzpTIZllDxiXzcGMMARvx83yknnHAzXoy+P/BcUQW48Q2jKAuWjWQtgDA2lV55zuPtgccn+hsBiKdJYpzzhRbxU9p0eZx5aerWtl+fbc/IMZh3Ujg0sgcorB0lGTpYj3LzfuOzirLS93d389exXxXrsiHyLGz3yMBgyydDjlmC8bcDnJwGHUA45fw8usT654wuUtbaR5biyjuAsrFELQkAqSBzzluvPQYPEA+J3w9s4gF1eS4XGSscE7kjdwc+WMDHB5BAAPSsjw98V/CNnq3iS5BvxBfTW7WqxWczCUxxEZKso24HfaM8kHGQbrYvCSrYGUszdWMK8pXlOHLpRqRveKT1uo6rrtaxzYbCYiFDMIwyd0OehBJxp1Oab9vRvG05NtJJN21XV9T0LwDb3sXx+8HJPCIgmlXat84EbsQciMkjcevGSQM8DAx93WVk48SWeS8bSRXJA9VMuQ2AQcYHUdSeSowV/MaX4o+D7rxvoV39tv8AR8RyQrqk8ctsLKZ+I3SRwijBwpQkADgrivv7wH8T9Lvb3QbbxDeQrfSQx2uma5GVfS9UjJyjTTpuS1uCuDIshVAQOSTinlWZYSli80w9SvGSr4xVaVW/upzo0kk7v3dYqza5b3Ttoexj8txVTLMsxEMPKnKhg5UqlFxaleNSTur6NpWbjzc1raNGZ4Pswl14zicl9vjC/ZXXgKHkJJO3rg7t2W/unIwKyviT4Y0fxJ4P8R6drNpbXUA0+6ZBLGkrrIuGV0dgWRsgAMMHsTyBXa+EYJDP46LhcnxZevHIg3RSxyyApIhHBRuoZSQSfSodetyujeIxNCrK9lOoJ64ZTkfdwMYBJxgdAw7/AEEMPGrlrhNRnGdKqpRdpRs2999PPzS7nh1MRUw+YqpC8Jxq0ZKSlytNRpPdNa3XXe+tndn5oeLf2Vbu20TTfFPw8nlnjfSo7u/0dnK3YkAbLWbA4lbI+WNiF5KnO6vlLVbY2kEtr4s0q4s7uIzKbwwmG/tyCAklzDhS6KQPmBw2N24k4H7e+GNMtrjw/oI810MWmJGwjcqpVWJzgdAT0GDnoVzivF/jB8HPCnjVPGct9YCPWbTRIW0nUbZVRg5UgCdVAWVecMpA9GHHzfn2e8C05UKWMytqlKVNTqYSbvSm+SMm4Xd4Sdu/XpqfdZJx1UjiJ4TNYSnBVeSniI/xaa54wjzpPllFXvrqkmrN6HwL8HfjR8UPhCbO80TV5PEHhGdHSTSLmRrmBYCSSqRkvJaSFQ2PKGCSVJOOf0P8A/GP4S/HzXNPs9ai061uW0KXTbnQNeEQWS5mG11tmlKoSGOYyCHyq+jZ+MNf/ZF+LXgDw7onjPS7W71vSLqwj1CNtHhe4jgDglotRtlB8sHrkBlHJZhtr5819rez1PTZNRtrnw5rxmE4vrXdDH5hKhZAqH/R2hIPmH76tzjIFfNYHPc4yOawOKpylhtObL8am4Shom6FWSlZNXai7xeruz6zMMmyrN4rGYeajiLWjjcJZO+i5a1NNKUl3VppJ69F95fGb9ljWfh5JeeNvg7ql1bQ2dyj/wBhCZzLtLbw1vJuxNAWJCxNhduNpYdOZ+FX7Rlz4c19tP8AiZYXfhPX5vIhbXIke3Fw6nCSX0ACpLHgZJUsMEHOMVzHg/8Aad8a+FtGOi+MXbxd4duJbcR6wrma+tbaNlJXzfvSgKNuJNoG3AJFfRt7ovwh/aLl0mS3lsrt7qIANbtHb6vp5SJNqSAYdzvH3RnJHDdh9bgq2DxtenXyDEfUsU3zVMpxkmqM5aXdN3vBttpTpvqmklq/jsVSxmGpVKGe0PrmFbjClmeF/iQjov3rslJrS8Kqfk27Hvfizx5a+IPB+r35nttSguNFiS21bS3WW3uTwd06IS0L7edpUEEjBGAB2OiiC48H2M1rOs0UngxoVkBDZljiZ3Tn5gy8A9eSB0GB+aXiz4V/Gf4C6rqM3g/Ub3xP4QDl5LFFeZUtFO51vLM7goAyhkUHIwT1r3n4T/tCeGfE1lb6VM3/AAimuQWdzazaTdSFbK9mliZW+xF9oilLdIyEViSN2AAPqMqziMcwnTzCnPAYydJ0Y0q/wTaaTlQrv3aik7Wu1LTd3PFzPKHPBUp5dUjjMNTrKs50b89P3YLlq0fjpuNrOUYyTT7an7b/APBAyMR+J/2jePlXw+oH1N5LyRknI5IPPXnOBj9trniU5Oclgygkjv0IB/iPOBgc445r8Tf+CEJltvE/7R8UsTQvFoUKuHP31e7ldWBBwflY5PTHrjj9sJ8+Yx9clQFzg53H73UEcHr1PXAr5nGu+Y4m6soxpxTtdaRTVt77/cff5T7uVYZJrmm6sm09Vdxb2aW/bt0ZVRSQuTt64PBHXuOeMA4Ix7HpSuhAJB56A4zjB5JHTJIznpyMA84kVflXIBDZI5IA4Kj3IGMZPf1A4RwApBbAQAkAgZJzghs8nnkZ+XkHjg4RupJrra+qtur6Wsrv9ErnbJt6tN2Tsr+Vuul31vdfeZ0yqWGRkknkZGCowScfKSOMDjGRnNV3CjaQMYDDjI3EcE4IPXOSQBx0B3ZNwoCwzhgchRg9SMA59CRg8EnPAqDYwweDgMueMDOcfkQ2BxwQMngVvFp23eqbXTvrvbdJvVW9NeSd/edr6XSSXM7W28nt5eRUOCCCp5X+EAknJPX0xz7gZOOoYuC3HBC4zjOSMnoDg46Z68etW2TIU42kk42nkcHkgH5h7H0OM4xUe0ZXcchemCScsdv1HJHQ8c/jvFxstL203u7tpRsr27p9LbPZHNKDb5lZN+ej0Un5NtWVnurt9Eq2ACSfTGWwvTByeeo5xnpg4xzQfmJDEbgC3QMSWxtznOPlzz2PGOeB1wMdgQMYznPzEdRz7n69qQJhhkDOMYBPAABUDg5wFBHp1+mt1ppaSS0vdJ+6mr6+a6a3fVXcackrK0nfbftsrXt7rur/AIjfLUqA3pzjA65/hPUD0x6Zx2hZDx82QRt4HcdiATkY4B47DH3QbhRWX5fu8jtgkYCjI4wDjlSA2cHqaiaM5x8obaCcZJyxGCp44AAOOD1xjrTUk/Ly1/r/AIGve0u+llJNPZOyTuk0+nybt2e5VCgnbnnG0k4BGNxzjIBY9gAAOTwMigplFLEgg/NgbTjJOehyRxzzjgn2mKlW2kqcdiRkjPI5B7Y6npzw2RTWQkqCM7Tgr2AYAkc+m38eeDzVxd1u09Ho9LO299NOnm7NNNp5ylLls4yt095uW8Wm7Saeqei6aK12QJGRu65DEZ6g7s/KMkfQsec4GByQzytwG0g7RtI5BIJ5wvQqO+MdG3DOczbCykAgBnGRjAOCxycDgDkY75xyOA1VclQu3OckYGABjHcjaQR0IAOSfmzik2ndtWsrrRt2sr9tbeV7NXSM73cEk2nayaWnw8zdtPh2au23rZoTaAxxuJJAPoMcE49PTHQZ57loG5lyTwGUYHU9AARgcDqT0HAPFPMWWyCeSDgDOWwM46AZOR2P1zTTE4IUKPnDDa2cDuBw2MjGR2IB4OM0+aT1s3ez+futeav0Xe97vQ0balrB2bvdW12s7u7e1knvohCgO4ucZAJw/JBAGfbAGSCAPXPOEWMKVJ5UABSMbtwzyT16EZU8Ak9eKk2ZyD824Al/u/dOeeCBgjhfc5BpqjacnoBkAAng+3QbeAB+Roi09L2duyto7699PS2rvcT5LqNnF762t0822ra+ul7u4gjPXCAkkLzwQCMbuCDnnsdvfAFPL5xls7WJUAdehPOMEckr1wOBzlaM7SW2kqGJHGGyfRSeO3X34FIVOcHKnjBPIAJyTj9c/wA+0xfvcumlmtbxs3Dskrq7s/O7srEWtzOL/wAVrrV27LT8Nt7tIiJ3KTtO5TkDOVAbncPQHjI59wcnMBClvu5HVuehHPBOMA/j+hqUqWLAMFySoyTk7eT16Z74JBxz1zSDoFJGW6D2UnGRg4GBwc9uehrVry07vr8Om7/4e17rQpKyU9LNPdRadnFJb3s0lstLXW7ar7DyPlA4Y5IwwORn6jt3HHToGiPapGCFyOepIGPfPI6Y4PXOanIU5BGccKcBTgdSQ23g9M9BkdAWNG0jaSOg4ySQcjv2BBwR16YxiiLu18O6sr3Sso3umtrt/c1ZbGcveT1v7qs+ystHdKyWnz+8hjAJJ5OWyMYIIxjIBwcnv07npzShU5O3dtz97nqSRg49PvfXvipvKXK4Bxk/eIxuJ5OemB9OemaPLI3qrJuBwo4OB1yD044PUgd+4qk976c273+XTd936+SSSS0TSemlu19fLR2T2slbcR0GQCvIwADgANnJP044PUHkVAACWAGSW6jplScg4xjBHpjA5PNT7cEgljzk87m+X+8TjJJxjB/KgxnA/vdQA2ApJBHU45AwcEnBPUirg1pzRXL7vLpbVWi9PNatPRyWysZtp3VrW0vv1Vul1ZXVn6W0KpUNvOD1IHpwPXsT3HPB4NM2MGAZcIpGcckDHO0np1OM44JOeDVkoGMgyB8wIAzggkg59+ck9QQMYqJ9y7vmByeARuKkE46EDjAxnHGT61aa0srOyellvbbW++tui7mXJs9U73dreV9/Vau6X3IRgu3kHJGByBjrkZI6Eg43EYIxg84jIXbIMEBcAdADjpzjjk8DHrSkMAHJZgyAktj725iQB6kcgLzjC/RwjIQtzklWzuBA9cjP65yowT14babdvJdOlvNaK9u9+mpSaTaa0115fJNPe2ytpZ676K7Bne235QQGPYkKoB3A5y2cfKD27DimyfMB8xJyWZgcArg4AA65IwSfm49DzIUySScghjnkAlscnp1IHTn1AzTQpAwW6oQuM4wGxzwO+MdDx0JNH9f1/n6r1z5ZNaXtp1SX2e999r3to7PoVnRQRzgAFVIPzc8cgjkYxgjgdTu4NKseV+u0ZIzjbnPQZAxnBOSfTJUUEbScjjocYyevGRxzk8Z6+vZCMhWOC2SRzuPJ2jPPU8NnOevU9aTcrLV3aa9br4uvbdX2sZqO+l9Pm9k1r1dttL22HrEvUgthgVySCp7k/wC0Rz+HHHVXVScZBKhiGJJy3HGcYJ9wDjgHOCQIpDbd3Gdi4JyM5JGSPu5Iz+owc0pRuc4GeByOp65IIOO4PrwBwTQl713rpe9unKlZJpLWyWiTfR2uU0uVcqW6Ttrva2lkrp3b1vu+mkJ2k5y2Qu4kA8nGScnB+bJY5H4+qEopJ5BYLlgFyM5zt9+uG/hJOMA5ZSp55GduC395hx12k45PI4wDkluS10xtHBGQAAQQccDOMY4Jx16DIPStk3pa9tLbaKVtLX20vrda621Mno491LWTaaW1r2ktL9dL6Pq0DAZdQAMZwQSB8y9TjGORj1PJHHJhI4AO4EfKTngAHdnAPGRgjI56ZwQKnIXLEgZIJYAknOPlIyRjA/TjBqAhhzjhzgA4BABPGc45HvwAcn0G9b9NNP8AwHS26vd22t22Fy81uVXvrpdq1lu3bqn1W/QeSAqhuW3DG4YBz05/Dk+nT0pw5yWU453dwCD05/h4XIOegPXFQsCB97kHJYkkEL2GAf4R/LnphH3A5YksSABk/KBzjbyBnjJ5yT9MCu9vndr0tvve3ddN2RyNOV10Tulqk1FK6aXXS2t2nfzQquSozyAV7bivUE88ggkevbg4ETEL5gDYLbRjbg5xnPXBx9QSPfpYYE9s7Tnk8Kec++AD35zjjGTVfIICkbsgsSRjd0wSTz3wQBjt7Au47tO+i1utHHR+a2ttuvMlxS0W2j1Xeztu9G9OmrXzdtAI4IY8nByMDoFyRkDGCOmOR0G5RjB+UFgu7jjHGMDGBnBIP0x7F4QhRsHt2yAcZY9AB1xj7vAwc08DGQ3JXoMDBPbLkryeu71ODxzRfzvqtP6tpv57q90HKuiStbrrstfm76XureRAGB4LZYAk9V4YsCPlzu6kkFSe3TFNIBBYDIJOQSCQRwTgdyo7njoOOTOwPIK5YADgDHbA6gA4/wA46NMYDFg20kDIYgjAXJwc4GeCQc/Q4ppp76bb9rrR/hqvTfRLlSWiu01Jei3Tfnp2SEyq5wCAMAZBP0O4HAPTIGOee+QzDEAFQANvGflJ5Ocd+ASPU9RxTwjDHzDayso5ySuSOmRtIAAzyeoIxzSsPl2hTnIGcdcBsnGMEHgHHKk475VqSWqV9bq62Wmmjeqffa2i3bJ07rpe97bdmn87Jpq/TuQndIVDHaAvVSASRuGASMYKgnPXb1BzyhRwM4AKHDAENgHndxkglc4I4zkZwDVgKSScfLjDjnJJHcfdIOMg/wCGaGiwex4AOeeo5AyCSB7/AI4pXT328u6tf8vk/wAYSad7NrR6b6pP17rR6ashKnadvJJG0rjGBw2PTABHODgjk4wHqijKoh2kAgk8jGTnk8epB9ucZqVRyD833TkkEgY5HJ7HBwTzg8ngUBAOQ5XowBOMn6jpwAehGOQc5NUtH00110vsvNemtle7smr04u76LTVfKydr9raWtZ7FYJuIXLMNuMHgkk4CnOMAcYAx0JIx0k8rJYAHJHJyOMnPUAFSOgAzuDclqmPPBIDEZUYxwMHk/ljPGcgfNuBeRgFhnLBRgkkk4OTjB4CkAYP6nFJz5mnZKy02Sb0XktejWqWjel1KglsrqTVns0teiS2u/wBVoVyFAVcDjJ6FfUYJGTu7ZyRkngYNNU4ZckjaDu6E8njORzgDnP4dasMvRto4IBC4xtP8Ix/DnqO2cgYqLygQw5ySd23kYXGB0HXAPPGPbmhS7JvVdN78rb1vs7a20V76mkVa6ta3V9XbVW6Xtt3Q5WLEAEnDFgfu9OCODyARjnktx6GnbM5IGcE4yegJ7Yzjg9eO/wBKaoIwQA3AYkAjGM7Tg9x1x685OCaVgI/lBbJBKqcHJb15OQQckAYwMkYOajZ/C3rrbVrbZO79UlZb+Spa2fMuumt/s77W6JXdtXquqhBh8Drg8ex4J5HI7Y6fSk2LnBByRnp8pLHGSQT3+vAzkgkF/ltt5HzBhkgAgZJbaPXAJyRk9xyclyJkAtkhjxg46AcHGMc8jHoMEk4Lc1a7eiWlvi5k46Lre1uj8+ztQenKlZpK7vaz5b20utVyu13Z7JWY2Pj3IUALjkfkOg56nJ5HFSl8EDjKhlbjBLZPOQfungY29B2pgwAMEggszKQufQDOOfw5AGCdop5yOR0UFmyR1xk49znofu5O3HSob1v7y12eiaTWu6V2r3SVgnGTabejem22nSN0k+a/zu9Wm4yq7VwCAQAM9Mg8+vf8McnvQqFSzHGQwOF+ZQOADgYwQRkYwcfRcjoSCSwwFyDzj5gCQTx6nJA4OF5wadGgJwSWXhd2ckY4OM9RnHvxnoWojNJJ8r0t21tFLW3nbfprq7FRhZxbW1ns7aWbd1fp0frZJpjAo5HOCfmyMAAk4HU5GOMdsLngVN5YAyQQHAIOeT6DqeO5PToeM8SLGBg7ASv0zwQAcHj5eADnIHqcUkuc8YA2j5z95s8EKAQVPTI4znp/CKVS7WiSXZK7V4/Cu7a8tLaJplJLlbUd/d1bu72s9b2k9rK+u+iV0XZ0OAM4AzyuB/e6HO3BxgdQMg1Mu0BiAAXAbggjA6byPUDHy/njNQFXwpYZIzkcAAEewwRyffv0NToCVKnaoXK8+hGRt4zzgZ689TnNZykpWemjje109FHRNvWyeydrJNu7J5bS1i7LltZJXeyvru9W9PSSadnqA3I55BORgnGM4ycnH8QIH1IpQvzljgEYZRkEZ6Ekd+hxnBGfTFIMkL6kYA24HHfPBwM9O+CMZzl2znefm7k9hnPI46Hj8uByRWXNZpNatRenZpPr01d+1vvcamiXI1Zq1tnpDVvV6X93W1lq/dGjHOctwQx4Ujd3yeqkj3PGOucvSNQQAflxznkjAwScjGRkYz0JA6jlQAhG4g54+7gdcbW75OOvU44ODSkA8BcbgRnBH1IPQ+5PANPnS6WTaTbstZJfLTyV1trbS3By95WctL83Rq3bbtpbVpPW4jAHBXnOSCc8EjkD09uvP8XYsKkMRkZGCPlGDj278YyNuSdwPNTAHGCvO3HIGRj72WOQQenOVOfpSFCMZBc45yR0yBgdQPYYA+meVzra2z1a7O2t9fklru32Js9LdtfwXb0slfz6NRKgbdyeAcgZGf4TyMgj0zk+wxTSCOScg7jgDJAAHPXAGAenB9uKsBQFZQOi9R7nknkZIOODgeuCKqs4GVIJ5AOQAQO4+v4njj2p899Nru2j0duXfbZ6t9bX7FNcqV7rd99dLWXddfz6ElvG9zNBbqQWnmWBDju2B25wM59AOnOSfw4/4Kaft6+KvCHxCuP2bPgbqV74PvPCkEUnxL8VWRYalqV9Ou9dP06dsNbQxRuN7o2WBwema/drw4nma7o8bbWC6jGzA90DLkY5642jsDjdgV/It/wUh2J+3v8AtADCxBr632pGACT9niHIGfnYAZzknHavns1qyljcHhuaUYShOtKMW0pWcVFTtuk5PRq17aau3tYGLp5XjMWkvaqdOlCo4puEXy3lFWaT6XT00d9z51vdY17xZdz6l4i1zV9c1K7j86SfVdRuLqXcWJDPvcg53e44OBVHUYbiygtg0gjhZtzuCYo1Rf8AazlsAcjJH161Fpl9a2doDJ+/vGtgsFlEM3MgPIaTb8saA9WJyAeO+es0DQF8T6totrrxMitdQRrpcDMkEKSSDiaTgyNtOGPzEHgY6Vw4ipShzckE5R9660ineN07ap/pbQ5YRrVZQdScmpyiouTk+a0o3ai29L3122dtz6N/YFF9r/xh1+ytbeSfT5dMgmmvDHILJYbWYu8HnqCjtLjYV5IyR0yR+3NzrrXVvqF/fCOCGzQWcZcFIbGxiXEs5LAeWNowG6k8CvnH9nrRPDfg+4uNN8OaFpmneXYW8KC3gSFT5iAz3c8qgFgpLOdzFeOmCSPf/wCz08cfbkDY8E6ZNKdXuYiyr4m1CBA/2O0kADGwgYZnfBViGjHUNX45n2NeKzCu5QdJ+7Tkk781klGTWzd7pK7sr30P3nhvAfU8qoU+d1G5Snd/Z5nH3bXekXfbS1/JGf4U0W08fXI8aa8Wg+HnhrzH8PaZIdv9s39oxZtVvIyCGtEkQ+QrqQ5wwyDz7JZarfavaGSzt5Ym1xcI8QCtaaNC3ltcIgx5YIGIsEZxxtHXiLNLi/8ABf8AY+m2/wBlguDF9peFQkNrp6XexIIUUAqrRgIuM7iecgnHosWtWWgaJqkVvsivEtYrcu2W+y2iRKsdpGNpZ7u5fHlwrzvYEgnOfGpRdOL5vevflvsrKN1d/N32a8j25RcpKK3jvaz3876W9V59E8ZWTwO1rptjb3FxLqCzRaHp0UjPPqmo3jNH9omVRl2TeZJnbCxxhmLDqMK+afwnax6NDqv2/wAV6jNIvirxFBiQ6ZDIxcaBo7g8KFPl3DxnCvks3FY9zrd/okct9eXAbxxf2ubNZDuXwT4bkQkqRwkes6hGQwXlo1fB+YADiANWvLvTprHz0j8qRwsoLm3tnY+fdTckyS3PzMpbqWyOTXFXqzlLlpN8vu30115W9Nbq/ZWb3OylQjGCnVi/dakla90mte909VprqnazNXSLaO715pn2QWFq8lpbGdD5CLkyXF3LIQxnmjAYuxJBmwpPNe0+GNE0UaPf+L/HE40r4aaNch9Msb8lLvxVqMbkx3dzHxLcQGQAWlmisrkplQpzWrpPgTw/4f8AC8fxD+Id2dL8KaZbiSGwXAu9QjdlaKxtYiQ9xf6jcbXwFchHIJULzgxTT+Lb6b4hfEeG30Pwzols7eBPB15hdH8PWKjda6prEOPLu9ZuMCSKBg7RNgKN3FOnCNJvllzSai5T00vb3Y62vr73a73MalTnurLlvaKS2jpZPu21dtrRdNyXUZdd+L2uR6v4ojudC+G+n24ey8HxSixl1G1tV/0O710oVW2s3CK6WJdYxHkEdz538RviF5VtY6X4REFvbWXmb9aggC2Fk4JWHTfD9sFVb+9C8GYqUiOSXzzW74du9X+Ld7f7ftWhfDi186W/uZZGtbzxHcWzfLLeykKbTSztxHbqQWQBduCMcZe2Y17xrpNp4fsVfTdNtNRttJcwlbUPESs15bW+Au1MsEmPzEHOfmNb0Y1K1aFNO0Wrta3duXZJ7Pz6JPqjgrctOEny32+9cm7Wl/d1srLRvy6r4OeC7Kwlfxb4hLxySWup6jcPdSfadWunGd5uLtgZI1lY4W3RtkYynGDRZabd+OvEGp3d4j2el7tMgsLGJCQlgIZgdkYwFaYsHeTbn5jyuCa9g8NeDriHR7g6iyxRQ+HmEEUriNQDIHurm5lfCxwt80jM5wQp9hXiEut6x4rPinS/AF1Lo/h7Tnit/FPxASHi4hgV0/sjwmrFd7vkxvfIFEZOU3DNfU4L2WHXuNSqJpKKa5rK2rs9NEnrtru1c8bEqVTlTuotRktHd2UZO/o9O7Sut7nsV/44t/C1pL4B+FPh+Lxt48i8GXYvbezZRoHh2OKF3a58Qamg8pHQqCLWN3csfnXJr5V8M/D7xl8R9W0rxp8YPEcfim70bQhIsE6Lb+FvBcLTt5i2FgWFtNPGiEC/mAcFSy4OQPtfwV/whHww+Emq3N8sGhtqPg3VJ4bGM+fr+uGS3ZUvr0qrXt3PdMWk8yQBAzdR2/PKDVfF/wARNK0bRLu1v/CHw/OjJFfaBZzvH4h8XxtcSmO41S5Qg6ZpbBt0ilwZI8gqBjFJuU8TObi5vlSkto3tJ9tWtLdna/bPlaVFKTUFbmgr6p2STVm9Wruz72e58Q/8FGNS8H6741+GI8KfadU8OaW2sWEWvFnMWpXUSp50drIwUSwRt8u6M7MZUEBQB+eHijUrfTVTzh8sgAsrNMBS5VlXEa5xjOT3xjPBOfvr/go5Ppuhar8C9F0GWyex0jT9Xt47PSo1FhFtVAEjkQEXEgyFmfLlnBZid3P5uvJHNezXmobrrV2JW2sCpcWdugJMjKNyh1Q55xhRkdTX714f1VDhrlXLGrPEVrNq6jHmXvW0vJ3SUYtNvfRH87+IdF1OKHKfM6VKnSbjFO7kopuO2qu1d2XXW9keL/CfSm1b4g6+1zbSODdPcvEsbOzMJNw3cHA+UYyBjOeSoz+iPwp1o/8ACRa/puI7WW20F1is2OZLaIKBl12gRs64G1fm6kk55/PDwl8SofBGseL20y1bUNd1W6kgs5GHli2CEgyN1wE3DCkYYDGecH6t/ZNl1XUdb+IWuavO99f3GlQedJL86xeezkRozYIKlQoXIPTjArxcbmFNcN4zLaMeerKriKmInFLlpQ+saJy1bk0k7LRX11aPUy/B1Z8RYTMaq9nShSoU6EHy+0qz9hBSqRjeXLCKbjd2blpax9TxEXVqZsjzCSCjBlBjH+yCeN3BwevQgiqfhaxm1LxfoFoq4FxrtmiqMDKxyl2APuB2AHK9K6EQ+RZM0UaYRQCzZB3sMkHjoBt5GcgYwKofC5nn+JvhGAkO0mss6qp5DR8gqCCFCjrnB7gCvyStJRjKWjajqvVKzT3Sd9vK5+uYZKpUpLRaxbdt7OPze/lrY/O7/gpnvl/aGtIMjzo/D0Mch5IDpmLqQeige3XA7V+Yt34evWL3CRFozIQSq5yx5B2nORg9QDlj25r9QP8AgpfKg/aYjiyqsmixbyMfeM7k5z3GW3deccHt+fep63MjGyiCBCTmQR7mxj7uVXuTxwCc/WvnFh3VleLbSSaTvZO6s9Er6tWWiu2/dsz6OpWVC0ZNdEm3pey10s7pbLo7qx5wugzcblYEIWODnPBOR1wAScLj5Qe2a3vB2ipe6p5DqXAjcsozknOMFd2eOnIAORxjkyiSd43CZYMCpwMA5wevpyOnOM8ZOR2Hw0sZZvE0FsgGZI2Zg2eq5PUDPPUY6E9OTXfgMJfG4WFSNvazjHayfM4q+m77t6rvueXmGPcMFiqkJK9OhObSdndRVnHXfXdau273X1N4T+H0N1JodsLdH2wmdlVFWRyACqu6jlQQCxJ5AOD0C/pd8OfAHg/4deBpfir8RpU03wF4XtTNJasFguvFWtspa00TS0YLJOjSFVmkiDhFz82RivM/2cPhNY+IXufGHivUItD8BeENO/tPxXrs+Uht7O1Xe+lwOzDfe3jIYo4lYsdw+XjjmfiH4l8X/ti/E/QvCfgzTrjSfhnod6ml+BfDVvG6wiwgbyJfEOpxLhJbieNWkVpQdpbFVxpm9LK1UwODqQjONO2JrU3b2cbJKClHabjfq2k772OHgXJ6+bSpZhjaE5KdVvB0JtvmbcbVZb2i2tF3bWysV/AXgvxz+218ZpfGXiyJ9L8BaHNGLPTFBi0nQPDtqc2um26cQxzywxqbqQAOxLNJj5iNf9tn9qTSbXSj+zv8GrhbDwn4fhTT/Emq6aRGmoy26hG0y3khI3QI6f6QRw7ckkGvS/2lPjHoX7MHw8g/Zw+EVzbnxpe2aR+N/EFqyGXTBcRBbiHz4yW+1zZYABiYl4J45/H6W2kkjub6bzZ5Xkd3mkZnd5HyWd3bmSSUncxJ3E8nPQfjeAwUsfiYY/FRaoU3fC0pK9+vtZKT3lolfdWeyZ+4Y/GwyvCf2ZgpL29aN8diYWutE/Yxktkm+WWtvPU8+vJw0oyPujiM4OSByWY9s5Y8ev1rEMTXXnAqdi7yWwxVRk/LjO0t0HTdzz3reutPlublhENg+Z5XJG2FAQQWJIAbAIA5B5HPSkUR+bFa22PJUhd6rl55DgMVXJ3En7vJ5IxnjP2lNcvJZpLTTy0t220/z6HxM1dtvq0m9XdNRS7N3T0sr/ejT8L6Bc6kYNP0qwur3VtVuoLOC2tY2lnleeRY4reJIwzPPM7YAAHX5gVJNf0F/AX4MfCv/gnN8K9P/aH+PGn6Z4h+P/iLTs/C74cXiw3C+HJ7mISWuqajaks/2uNirkypiMkDP97xf9j74SfDj9lD4Qx/tifH8Wl94i1KG5h+Cnw6vkR7i71VFYQ6ze2cg3rGshR4Wkj24AOQBXk/w88F/tC/8FK/2iS5e9vbnVL7zb68uGlOgeCfDomJZyxxbweVb8RRjDOQOMYI4MTXq4qpOjSadKLUakl9pq3uU5K6Sv8AE9ddO56mGo0cDSjXrNe3lFOlTatyJ2fPJt7r1tt1tabwl4Z+Pv8AwUP+Pt7LDJf6nrGu3wufEniaZZZNF8G6E8h+SNyDb26WsHywwI6liBgHmv6PvCP7OfgL9l7wJ8F/C3w8tYxcWXjW1XxX4sFuqah4v1NrG5+0S30oBb7GJQfKgDbRgZAKkD3T4F/s8fDT9lj4b2fww+Glhby3ojibxb4qMS/2l4j1TYouJpZ/vLarIzCGLO1VGD/FXX/GSykTwn8IQiYeb4iFDlST/wAes4DE4BO0ZPQkjn2PQsJGhTw7k/3tSV4x0vGyT2d1fls0uj+d+J42pia9R837uEdZXWr91WXSy002v2Rw/huVNQ+0S7SJJtRuzL0AXdJwRggY4A/2eOnJr2HTUSPy4mAP3UAVhwOvzEct7HrjrjivLvBtvttZwEYub65JY5xuVyD1x2AyMgEAYIyBXqNvsj8lWXLlvlAACsQc7vlPQ46cYyTjpXTN8sbq19Gt9b9H6r5a3ukrpQTla637J/d5P79fU82/a6uPL/Zp8W7cKk2qaNABnBObmLgnrndwevGcfKq4+aPDuki/uLPVLsGWaHTtNSCLjayR2sWQ7HIVFHLHoAOc4Ir239sy8lT9ni8tIsPPqHjLw/YwwrjDK86lyxJwiqFLsxIG1T3r8Rf2uv28tP8Ah7pV18JPhDqq3/i2awgsPFPiyxcTW+iB7eOGXS9KZCwn1FyDGXjBaNgSCa8OcpKtNK0m0lbX3UuVXe9ld6u2u/e30mEUaeFjKSUUm730k7NX0vfVtLzfY9t/bO/bvsvhbY6n8MvhNqdjceM3gePxV4uWZW0/wtCyFXs7Ng22bUcHCrGX2PjuSK/Nr9nb9kr4hftXahqHxE8b3ur+GPg1BdnUPE3jfXxMmr+NpI5d81npAuCsrxzkmNZEIREJ2HjA9q/Y5/YPvfikLX44/tMjUNM8Apcf2n4a8DXZeHW/Gt4XE6ahqqyHzls52+Z2mHzxuQRjiv0z8UazJ4/1fw98LPCap4f8PW01tYWHhvw5beTpmiaVanAM4t1WMyMijzC2WYksdxJFc1XmTai4pqLc5t+7BKzaW6dvN6PVaqxtH944ykmk37tJK8ptONpP0fd3Xpo+9/Zm+G3gT4d+C/E3h/wZZJovhGy8WNZ6ZYxAee9tb2kEgnvrggPPNMxaUhzxvIHqfXLrRrrXGupFkDwMzx2cciARRxoGD3DEgKiIoyCTtJBOfl5yfhvb6J4f8HeJf7UlitrC38Xai897dy+Rbpb2NlDDLLcTy7URP3LEnJBORnOcfll+1n+39rPjC/l+BP7MsNxfX+oTto+qeK9KRnnugzGGSx0MxglI1LES3u4YXcwc8A88cZTwmFtKSk25TTbdrNp80m3sne973sra2v1TwtTEV1yRdotRSSd20klGK0u7bLa/4+j/ALVH7dXhj9ny3v8A4c/BJbTxX8W9SWS01bXlUXtt4cnmHlCC1aMSefqBbASNciNsZwc4+Tv2OP2Ktd/aZ8f+K/iH+0nqGsXl7BLBrMmjapcSSXWrS3DieNL7zHJt7WMOsggUbNhwRive/wBl39hrS/ACL8T/AI03FnqPiUL/AGxeza1Kr6T4cQj7RLcXtxcNtub1eWd3YuGGFxgZ+I/2mf8AgpXP8N/EvxZ+HH7ON7bTw+J7/wCx6l8TIn3T2ywRCCa28PgACJRtKLKhGMJj+GvlKmPxedYirg8uU5LlXtcYk1GKUkpRg72UbX95e8/sp6M+khg8NkuHp43NJwUrqVLCNXnJ2XvTs7ylpeztFbdkfo/+1x+3D8GP2KPDbfDj4U22i6/8TobBrDT9C0kxPpPhQCPy459ReAvF56kBvJJOX3Z64P8ALn8XPjT47+M/i3UvG3xA8RXeu65qM0rvNPO7W9ojEkWlhAWKQwxj5NqrjCjkYry/XfEmq+ItTvNV1W/vdSv9RuHuL6+vZpJry7uZGLyzTzOW37iT3wp+72rnZv3rFI8bQcsSvIA6An1HXHqFxjmvrMl4ewmVw54xVTEyuquIkk5uTUW2rp2Wt0tG2t7pnx+ecTY3N37OU5UsJBpU6MW4xivdUXKKSvLbTotLLUtyTmX5UJ4JLEnBI/iZtxyBjAAxwSGANXY9PM8KSjcAWIjXAzIQcMUwRkA5yeO3JxU+laO9wonu90VvnIzndIRnI2nnGecjgjHQLivQdF0K71e8t7eztJG3ErCkUTyyS8EbY40DO7EgBiobk+9fQuPIk23ZbL7tF0V932XdanyrTnNKOt2kre9dtL3VZLXa6Vkle+5W0zS1s4isEQ3zRb5JWDHYRklgSMEHJBxyG5bjGP0Z/Yv/AOCevxi/a612xl0PSrvw/wCArS5Q6z401O3kiso4A2ZYtPV1H2u7ZQRGqK6ZYLnJyPvr/gnp/wAEn7X4s6RoXxk+Ot7JpfgCJzNa+FJFNnd6klo4Z7rV55Ni2OnAAElv9Yg5QEmvur9rH/gpJ8LP2cfDN18C/wBlGz0SHUtCs20e68T6NDAvh3w55KtE401VULf6mmCXuWG4Sc7zgCvNnip1JShRV3dXqW92Oza0Wt9nJ6LWyum37GHy5U4Rq4tpKycaWvM/ha5t3qvs+vnb0G8i/ZM/4JY/DiLS9GtbLxX8Ub+0b7PpqPFN4n1nUEjKi41a5BeTS9LWTB+zgxsRtJHQr+Enxx/aD+O/7ZXxRih8jWPGHiC9ufsnhjwRoSzPoPhm3mk2QRx2sJMCtEGBmu5gN3LsTkg9r8Cv2YP2k/28/G934ne61u38J3t8ZvFHxQ8WmfEkckm+aPTHm4mlKFhDDEBEBgBgFIr+jj9n39kD4N/sv+GYtJ8BaFBda8YFXWfG2owpPrmp3AT960U0oaS3t3cnbFEcAYAGcVVLDRjLnk3Kr1cr20tq3rbRWt7zfZe8jXEYmThyRSpU0tIxVnKK6yt8MbbKzbttqflr+w/+xx/wzd+0r4Bu/ivb6Z4s+I/iX4eat4ruLS9iS7s/CN3BdxR2kFn5gdTdxxygNJjajodpPQ/v7cXkt0TNK7ySMqqgJyqcE4UcKoGOAAoH1FfDmt2xm/bv8ExEFhH8FNZn+Yt8rG8hO7JBb29OOcV9vW8LSRxZwMA9CQHxu+YjnAGSfc9Aeo9DDpLnldStJK+u+jsuiSWltrrW12jhxSap0Y6Q5oRbtpzJq9tbb76aq93pe6W42x5C7n3YAzkk4PI+nr6fia3NNjxOg3gOU+UYbnuQG/v9CpON3J6jmra2yqm/IDHCjuVGTuJB7E/3hkcY2nBrXtF2XKFurRHDYO44HOCOeeDnqDtJx1rpdRONnFuy+e0V5t7fN201aOCmnFpba+vbpp2ulvts0WJSd+0D52VWzwQArDPoMnAPB4H1r+Xf/grtMW/bNtFLbwPA+jRscBgR5ci8jtj1zwGJ4r+op1UuZCcgBc5J5JZc5PTGMkAdBn+EGv5bv+CtqA/too4UZXwTozkE/LjY+QQBgFc5AAOAegyM/ScF2/1oybRv/aoWbve75Lb9Nuj6bnz3HH/JIcQ3cU1l9dp21so829r6ptb76bo+DtPLFVjkIVCc/Kv3tucDPcZbqT0HzH13oM+apUqSoJO7Ow9fmOBnIAHBAOBjIOCKGlwbsOVIQEheCSSeflJ9uWA755JraXbCpYDKrkEOud5PTn1Hbngda/tuFOThB2tom3Z2VlHdvXzve+6WrP8ANepX/eySlZSm4uza1TV9rdGr9rIyZoN86lmLKVPy8hcsTgHJ+XuABxklsZ5qNFUybWIABbLYy4HQZ65Pcfn6gaEodvMJxnJ2hQOUGPkDAcEA4APPJI4AznXF1b2iMZ7mK3ZCJC0siIcDJ5yxOQQM/LgHI9MZ1VCnHmqVacYpatySSXuu75uvVr1Xp0YdVa8lCjQqVpNpKNOLbe2/Kr21SV9dLvdILpYoiFgzwuZGIwXIJPBJJwu7rxgZ2k7fk+dvjczDQrEbfva3a46q23zFJPJ+U8DaOMdeDxXp2s/EbwrpZ33Oqw3MiHmK3XcwOcAYwQwGD3PqVGa+dfij8QdG8T21nBaRzRvaXsV78zAiYIwZVYA4XOApTuDgjOWPw/FGf5TQy/EYdYunVrTjFKMHzv4oSabV1ay6y76s/VeBeFM/rZthMdVy+th8NSk5TnXiqcI3haNue0nd20SfrfU+uEcRaBp0cYLl7G0Y+WAwJMKZU4ByVB56cnoOg5u6u7K1UveXMMAGctPIkW3AyVC7gWCjoVBHUdgK+XG+JPxN8TW8On+HdNuLWHYkKC0tmJ2oiruaaRUwSozx3PPUCtC1+D3xP8TATa7rC2MbcOtzcvNNtY5GyNvkAHHGTgepxnwqPFWLxkY08oyvEYhqEI+2lB06StGKvzW1V1u2l1Z9BPgDLcBWq4jiDP8ACYVTqym6FGcZ1LStJpx3ur62jJ33sj0jWfij4P0YOTefapUZ/ktwXXCjDDLcHJODxkkHBB4HmOrfHoyyCPQdIVnOdssoaSQEngeWisOvO1dvYZ4ruNL/AGe/Cdohk1rUL/V5fl3RrugiyGwxDDJIYjbu5ABABGM16Vo3grwlobIuneH7CPYT5cs0SSzZCnadzKWB7Mccc8E4FWsu4tzJp4jE0svpyteNP3qiTs94qy7Wbvf5ErOfDvJIyjhcHic4rU2l7SpHlpuV1a3MkrNpqyi9NUfK5134u+M2dLCz1KO3kYcpGbOIAYwdzYJGM474yDjAWtOw+Bni7Vitx4j1yOzV8GSPe1xcqp5xls5bnbgEYH+9ivsc26hASFSPDBFiUIMZXgou3gAHjPJ4AOKlS2j3KrFSHIKkfM4BOcEnvxzn26bRXTQ4Fwd/a47F4rG1HyuUZz5Kbd4t2itddetmtUm9uHEeK2MhF0snyzBZdBR0lClGVRKyju0l16w0s1d2ufP2k/AjwVpYWbUFu9ZmyCHnk2Rq/wDdMeMNnnIOOhA6An1DSvDmi6PGBpul6fZKOY2S3QygJkDJK7mbPBJOfTCk11ckaq5D7ZEQscgY6ZCkEAYYDoe+QDwTidbdAi3BQMxBYKwA77c4IIJwe3BIz2Ne/hsiyjBJexwNFONve5VOcnZNWlJN3+d9kfHY3jPiHMpSjiszxDjO/uwqShTd0moqEOVLTR6Lp3ufOfx8jb/hG/D+QWWTxFApcED5w2PljCkAdc5zn1649t0GIW+kaThsCOwtsg8scoPxHOcjtzXlP7QKIPD3hIIu0y+JbfcmQQcuMsoxx05yuBnoa9n0m23afYosbOXs7RWYYB/1Skr82ArYz1+Ugk8DFeVl0YriTNlCKjBUMGuVJJfApXfS/W1tPO57ufSq1uBeG+epKpJ4rGzbbbcm5wvdq7bu7fdfuLKSRvRd+0lvm4JzzgDkZOOeAPXoahjY+cWwCQ6njCkD1ZQOpB4B7kY752xbtErM3loqnaxY8hRwOT1YHtn1PAGDBbadd3dyIdPtL28mmIKm1t5Gj5H3fMCsoHB5LjIxxyK+pqYmjQjz1a9Kkl9qpUjFJKz95yaSdnreT89D4HB5XjcU406OFrV5NqKUITk38KeiV03pa+rd0RTSQSKUVCzIQwcYHGQcFSOo6HB7jnsaqEySNtDBgwKqg4PuzHbnr1A52428rXWS+CtZtIlvtWfTPDlmHJkuNb1C2hKgfx+UJGk6ANtKHIyDgEGuF1nx18GPCzsde+Ih1e4jYM2n+FbQXSyNt+eJ7iTZswQVBBOQS2cZB+Xx3G3D2Xc3tMwpVKkXb2dCSqyei0vFyTtfVt977u33uT+FnFeayi6eXVsPCVmp4hKlFJuOvv8AvO3WyfXTo9Rwx8skhcsRISUG7OSSvKnpg4ODg84PTSt9J1C+WJLKyu7vc42tFA+xAx5PmlAjD1LORzkcdPCtT/aj8NwS/ZPhz8MbnUrgH91qOuyS3h+XpI1nsaMsx5Kh8A+g6ZEvjL9qL4nbbexhuPDmkTfJ5em2yaRDGjdiYwGPAAyQCQeeCc/E5j4s4dXWW5fUrNNJTrTUYX0vor99NU+3U/Sso8AqnuyzjNYQTSfssPHnaWjesrK+9nbV3tofUF54XtdItTeeJPEPhrw1bwqJV/tTUYjcsBnzFWC3dnLYwNrKMEEY7nwv4ifF74Z6fo+p6JpWtX3ieXUtPls2e0gFvp9vIwZSUm4dlYEhcgBjt7NzjaZ+yf4016VLrxh4ocu8oaWNZpbuZ9xzIGZ24I6nse3UmvSr/wDZn8GeE9FS7ks7jU7s39pGsl4zeW6uwDsiFiQe/HAO0YzgV+f55x9xJmlCrCdWnhcNKPK6NBKMnF2Vm9ZbStfm26bH65w14X8KZHXo1aOGlicXTlFwq4mTk1JcvLPlVopqVrWWne2r+avBnxg8Q+GtGtND+Hng5JTED/pd3bS6hP8AaJCSzqkibFVg3AzgZHPWur/sX9pf4imRtS1S/wBGsJV3C3WZ9PgCueCIYiQB7ADHftX6B+GvAfhvRLSBtP0qx0y2EcGNlvGWLhFLBmAJG45IJOB6jFdNM2h2CTtez2dvCiARSXE8cLNnv8xA2jH3R93npzj5GNarXpwVXFVZRSSjCU+VW00im+9ktFbRH3U6GHoVZuGHoxlLVzjGCbdkm238Tvrvbt5fn/on7Imo3knn+J/Ek1xK6iSSOFnmdjnc6GZixyckkleh/A+8eG/2YvAOkhd+knUbiAK/mX0vmJuABVgrADLHA6Yx8o4rute+Ovwp8JJJDeeJtPaRYnLwWzJNOGBywDAnPpnkehzzXzh4o/bk8I6ak9t4b0q51KRVZIrmfEUYOT8xOeVPbgDrkEFcKLw8P3l+ay1bet1y2aT83brq3ra4lGtU91LTu13tbtpp0/zPs/wx8ONAs9UjtrOzsdOt20zzXSC3ijKurHJ37VwT1+91OF65rqNVn8A+GYom1LUrCBIWDM808Xm4GMjaWBHcY24HGSSQK/HDxf8AtlfErXWlOnXCaPbyRGGM2/yyRx+olVdwyMnbgcZxjGa+cfEHxQ8YeJHeXVtdvblpSVYmeSRuTliMsCCe/PGPTisZ4tOV021ypJSXpe9m1p2u72stFr008O4xSk03pqr36b3VndbfmfuB4v8A2ovgz4RGxdXt7ma2O5YLHbJJJgA4k2g89uM9fz+X/Ff/AAUGsIJJl8KeGfMdyVinuyyBSCwEir06DhQR0BOCa/KG4vJpjukkJOdxaRi7NjnOSScfU/kciqUlyjEF5cnOSoyMcFgMLxjPUDAI78YPM603FrTv3ta2y6LbTW/mbxgotenorvlvpH0s09b7XVj698f/ALZHxZ8YiW3TWG0uGQujpYZhYxkYMZYYOMEg8cE56kAfKuueJda1i6N1qV/dzT3AC75rqWVtuMndyc5JzgjsQelYH23duIBUjPCrkMSR7EkKD1xn2xnFaXfIqH7mGO1SMk8ZJOOgGTxx24zyOflnU3u3FJe7zXT01dmt9OrV7dtdeenG2q33vpsr9b67K9l62L7vk5lfzGxg/MTk4wAOeOcdsjnjIzTFkVF4GzHBIYHJPA+6RwGODwcYOM9DEljezlPLiaR2OFRUZy24Y4CqfvDkA4Iwc/dIruND+FvjbxCyx6b4e1K4diCoS3kSNs5zmRwFxxkdTgcccjqo5Vj8TJRo4atVvZWVOT7aaJt3Wqe1nrfrx4jNMBhIuWIxNCjFJNupUjFWSXWTV9NbvTVrok+FNwFZyXwuP4TxngAfw7snHZs8niqbSyzZCRMoyOg3AkdCFxgdyc9eueefrnw1+yR491PZNqy2OjRMQJPt0oMgQsob5ACN33SOeNuMDofojwt+yP4M09N3iDVrnUplC5gtk8mJmwCVVgfmUnn5sHHYV9dl3h5nmPlCUsK6EG1edW0OW/Lq02r7/wAvktNT4XNPE7hTLVNvH069SL1hQk6kr6P4oqz2t8Xa7PzIh0rUb0oIoJXZm4QIS3Q4GxckHr19jzg49G8N/Bjxz4mljistGvXEmSzSQyRRrg8sGkCngjoOSCSOOa/V/Qfhl8P/AA5Gkek+FbMzIAwnvEjmlbaQAQ8mcPuwckegGcV1XkyW8hjiSGBNrGOO3jRACQQEUhRhsKV689eOg+3y7wlpqcXjcXdKzlCmt07XV3tr1Sfofm+beOMEnHK8C5tr3Z1ZWSSafNaPqrXa63skfn74b/ZA1hkjuNf1Sz02MMu9UPn3CKcMVMZ+UHHfjnkkcFvfvDP7NPww0cH7ZHea7eK2A87eXAcDrsHGCegPQ5GSPmr3x42X52UgggMkmXPcDIOS3Xv069ARTobaaUZUfMWLADAUgcdepwDwT6Y6g5+7y/gPIMA1KOGjVlCSXNUjzNtOL2ejSfl8uh+b5r4n8V5jKSjjPqtKpGyhh9G/hdr2crJO9+a3W2qTw9J0Dw9oMYt9I0DS9PRfLCyJbxPKV4DAuy5LZC5HX8c14p4QKH9onxKPmi26Gy5C4G0RjA28IBnBHsORxz9J2ek3Lqyoc7pFZyyZKbWXADkHBY5wQOmQO5Pz14bgEf7RnixJWKJFowEjNgFQVXJO4j5RwMZJ7461WeU8Bg6+SxowpUVHMqTnyqEYcqpybTaS0vbqtlo2HCOLzjNKHEzxFXFYmcsmrRp87qS5pynSTUbppO2unn5295lhPVQzzNt6hfnTexAJ65AJIHUfWrpt28vYBI+8BvLIOT3PzA8Ec9wKzNT8WeEfDyiTVPEWn2xCMvkiaN2Az0CoWIZ8MMk5BXBLc15Rrv7R3gPR1KaWt7qkq5VWB8uINtwSWJU7C3AIB4O3HNeziuKslwMeWpi6acEnywabbSV0uVuzdla7d/U+ewHAvFWPk/Z5fVjCd7TqpU93H7U0tV3S113ue5x2UqY3Kcn51VRubjoAcY3DB3A8EZ470+axgto2klmSNCVZ3nkWIK2PvJlicDkk5HPfpXxF4h/ak8V6qJbXw9potVcgJHbwmec9ss4BKsTj7pJwcdDXDqfjt4/ISO31uSGU/K87NaWybuWZonKnGDgtnLEccYx8xW8QKdac6eWYHE4uTaS/dyS0tZ+6nor9/V9/t8F4TYilCNbOs3wuBhFRbgpqTXw2XvOMetla+r1v1+7tc8ceCPDyO99rdgw2qfLWdWl8wbeQQxAPRcZzgrXkfiD9pvwVpsbjT0k1CdcIFtg3lDBJG5zt5xnLKTxnBwa8R0z9mXxnqirN4l8QQWqSbi8VuZbq4UAfMu1vkDZAyM8dsZFe1+Gf2YPAWniJtShvdZYDcXuZWt4sjsYo85weMDr1z68/13jTMrvD4OGCpztaVR+8r2i1Z3l17XXTVnof2V4bZHJfWsfPM60EnyQleF1yN3ULLVu1uZ6LXR6+Vat+1T4ov28jwzo0FozIUSRle8mP8OQNpx2yOegx78Wbz46/EB3SMa/JBOx+RRJY2212GSpJX5BngY6YOB0P3lpfgDwjoKRLpPhjSImjH+u+zI0oHZg7jk885J6ZGAcDtILbzNnlR7IxgMFVYUXaMFRtAOOx7jBz1wdKPAuZ49qpmmb1km05U6TaTu02uZvRdny3WzV9TlxHivw9k/7rJMiocyXLCdSMU27xSk7Rb1bVveW9772+AtN/Zm8d36Ld+IdbtdOhdfMlRnNzdKOhyWbqMY4zk8Y7Dm/E3w00rwf4w8IaE1xPqp1Rt98bkbUkCSAYQAY2FcEE8kH1zX6TXdt5UDsWTY6OI8/MSeeADgk4556cD7x4+MPi/bp/wt/wBEG3AwhmBPTLg8DoPcjg9BWWd8G5Rk+GwVSlCVepVzDB0p1K0+duM6sXK60Wquno97adejhjxHzviPFZnRrShhqNHLMbXp06EFC06dH3HdPmur3Tc99r7HvGj+GdL0m3gh07TLCzGwFXht03427RubHLk4xnOSAOQK3xYKvmGRpZM4CNwiscEH5FwOM9gACDz2PT6Zaqba3yqMhG3efvHkAAjqADjHQE5BI4zM9uplVUfe6sx2lAFA5O44wMY4OA2fw4/TKOGwuGjGFGhThGMYWUKcUloukUktrdfXdr8WrZlmOLqVJ4jF16spzdvaTlN2urtuUtPmut9jnILSIMYo4lBI2MXXI3EZJBPuAD2bgcjIrZSEL5EUqkKcJ8oG4Beev3iCcYJJ+uM4veXEnlM52FiS2RuBZc4weVI28YHAAxyAKleElkk3LuTDEE52hhgDHQNj0znB44rq9qklKMdHbsrJqPTXez6pJ99DhpQqSdRznKeqlq2rWt3d7N2enrcaqmBJNuDGVBb+JiRjGe67QOR0HABOOa5dS6IrfKxBkJ4bLckAjgAHrntjPNWvLys2wjbkhnPys3AGAMcDHUjORznHJrBAxWPKF0IwSCuE9R0G7CnOQPwzWad0tPets2tH7rTi3re3r59Wd8VJapab7tpt8ttr6p/PrrcnmkxF5YAc7flAULjBGfmwTk4J5XnrnBAqWAbsqoVQUUMJACASeoB4yDn5QSD03EDmKZFCK4GQqlCScEncAByBwSc+wx3zi3BCVjZgyFmCHOckKeNo98A8f7XYilHa1tFbV6u+muq7eX3GF5Os002lbVdNU3rvezvuk2VxB88u4qG6qUOVJB5wM5HXge1Vbwbbq1bBfMLbzneMZySBxk44x0PXvxqeXvb5SoIZlHGNzHqfYAA9eTxkg8VmaqGiu7aJCvzwHaMkENnHPcYI45HGDkA0uZ88NEnfV6N9NVtddr3srau7Y6tK1CbimrWWjV9eW19Pm3rbe6PgX9oN2f4x+PmWQFW1XcVYZ67cklscHvnHcnJHPkdu7obl1YI6xsOCduQuCcemO69SdwxXrn7QG4/FzxtIG3Ge8WfceCS+MHbgDIP8skcmvIoRhLsyIwxGCDkEMe+RxjJHTPA/vYNfxpily4muotaTdlsvdklo+tlZq6eqXQ/wBAculJ5fhObVvD0XJuyvJwi37y95Xfa3Xvr7D8FpYk8S+HHuACi+I7JmYLtAQzDJIHABPB/oual+PMcI+MPjT7I6yRSakjoF4bmGM4YY7c8Z3AjHXK1U+Dm1/EGjqMHbr2mgBiMHEoGAue4+bGFY4J+j/2gIvJ+MXjFNvlYv4sspPyn7PE2BnqAWzgZHqSSK2quf1Ol7qu6yb30s46JtXsnfVa2Vtd1MIv65Uei/ddFo37SHzfS7stdm1e3l00Z2fMQCA24HIHGc/XB4OcDHPOMVv+Clk/tSQgYH2K5O0HCgeX1yOxGQevrjkCufYSmFN6rMuDgqNr7cnJGBggYOQTXS+BGjOszABwDY3IAkHQ7Nvy9cevQ9fTIrOjJupBXW8b3V73tfTS2yva6ehrXS9jUvazi9n5rS191p3v1d9X7n8ciT4d+FTBQR/wjrq5AyCFkfAXoBnA444HPcV80SuzMNuAFYuc4Ix3GMEZPTPI77a+m/jrtHhf4UhWwf7BlGQcE/vXyB36ZIGDjI7cD5mY7SHXG1s4wCSRzkE56EEKDnPHoQa6ca4uvL3VzclPVW35I69NFa+2rv53xyhSWDXvK3tK17JvT2ra6Pbp33si3pbSPqGmltoZ7oFh0x/DwAxHPyjJGCc9zkfVuulE/Z3Vjltvipj8wyMqG45GeGBB/wBng8k18o6YyHU9MwMn7QCxOOSuPmOODgHIXpkfn9S64zf8M8vkgBPFTZGR83L9B3IwOuST3JNKh/u+IutNLPy0tbf77bJPtbPEL/hQw7Um/dbTv/ej5fO7W97XPluM7ndlUJvJPA3ZGehBx68bcdsjHIpz4+0odvPmRk7SRnAyRkH5RjPTJB98gWHk3HAO3DBskbSAeM8+g4GRn0xVeQMLlCGLqSHGOQRxkDPXIOM455I56ccor3dNE46rW2qfZb296717XWvsK7i11s9k0rNrXS1r62ei7n1N8PHb7D4nY4Q/8IfcNtcjkc5BPPt6ANggd6+cTLuhjK4J3MeTxgkkgfLzyQRyOMcV9K/D5Y5tJ8UlmCMfBk+BtOQVDEkbuOMH0POR2x80R7Vt1QhmChmHGASCR8pzkYP8OPTnGa7MY044e178knbX7XKrre3fReZ5GUfxcWm1/Ej0typJK2y08iu+qahDBPY297cW1rcJ/pFokzi3mUNna8ZG0kMDyAAOTg9K95+EsRm8Z+GJJXx5dsjBl5OY4zJkHcAT8vpjJHHOR873DhlLcAmMjLHAPGTlcZAA57ZGQcZGPpX4KR+Z4x8PoSObN8bcnOLV884GCeR94D25Na5VUmqznNtqHK43XROMlq9bXv6NtN7szz6jD6tGKik6jmpNJJu8Yq701dn5t28rn6DaL4i8KeK7BodI1i0l1KyeWG6KSItzDOoCGOSMsrMA42nGSCeg5x8j/HzQNR0bQNaS8tiDciO6ivokxE4IGFB4IYgZweTk8EZz8w6vq2r6H4v1ufR9TubCZNavCJLeV4mLLNkFwGKuMjkHOT6jAHpetfH7W/EXgjUfCXi+wi1Z5rcrZ6vD8k9vMgAjklXGXwoKk55B4IOSfp6/E+HxmEqYatT9nXjBxjOEk4SslZO+3Mr2tfyb6fEU+C8VluPw+NwVRV8K5QnOlO0a1Pm5XKzvaaSvtyveyT1WB8LZJZJPD6tnb/acbIcYyfMUAZOc8tnBGDggDtX6Q6x4fvb5nWzmxMyxM0L4MbbY1JG07lYNnrjk53H1/PL4SwGVvChjXO7V7fjrkeYNwI5I4GeDgE4wK/Wb7DHDcxSSJsjn8tUZgcLtijDKQeeSQQOMnp6V9NwnWjNTVk4yo00076pKKutdOq076q1z5bjelJKjJJKUcVO8mnZJtWs+bR3tZp3dtmfCPxD+E/ijUtN1R9GuZNNljje61GwjneKyvoVO8kxf6sSnAOB14znt458H9Pu7DxdoQuQY2i1KMbCp3BclScdSGwVB5z65r75+KHiCLQ/D/ie2azuHmuNMl+xTImY4JNu3zWdThcjgDjORnrx8V/DnzbnxH4bvHYki/jikI5kZtzFuec8P6YJbIIA3Hh4joUIYyk6TUbpuolZRTU1d2Xw6e9pZeTO/hPF4irgqsaz5+SXLCaT5tmnGTerklZ690tNLdB8WdFEl3rd3FKob7ZNPbsACz/KN0bqCSCwIGPZsHivlOW9dNOS34Y/aXJyv3Tk5yTwTnAb0wCGYA59g+IfiDW/DXjzxbbK8lzaf2tOY7a8BaNoZQDuhZsqOpOF4PQE9vMn+yast08BS1nLtKbZgAoyCWCN8oBJOePTjivGqYmnLlSvHlThqr3V42XS6dmrrSyPbjhqkKkpKzUuV3TlezUHy8vMrO7abtb9ex+C+x/HPhxWBBN2+CTnJyvJB+6rA5A7cAe3d/tU6U2n+J9OuWBze6KWj2kHKh2LAnIwfTOP0zXnnwXnFj470KSaIy+TeO5QEksoYEhTjrtB4246H2r1P9rXUY9Q1zw55Fq0UaaWdkhBw6yMRsJAwHOTnAzz+WDjCVCq3ZSjKDj8PM03FaW2vqnZP79+yTq0qlB8suWceSVlskoNSlyuyXa6u27eZ89oxMelMy5/4l6kbie2CMDGByPUZI75JPtn7P0zyeNhtGVbTr5OeP+WUnyhsdMlSoPrnPykV4Fp9xLdtb2pBSeGMwxgYBKhdwB9cE4IBz3G419Ffs62Uh8crHIxG3T71yOBhvJYNk59Og3EDrkU6EIyq0W3a897PT3YpJ9tnv66GddOnhq8opu0JS1Wr+F2aS2TVtOy1Pn3xDYJc+KNWEsTbF1W+w6HEisZm4U4UEr3Oc43EjoasJDJayblJnQWxw23EqAcfNySeeT+vAzXReIoGHibW4VURltUuyu4AHHnSZIbPHt3JySTzmlcwtHJ8khz9kbOfphgQM5BzyR6d+p5KtFKpOUGrqo1zaK/vLX7rt2d7O1779uExClTpwld3gnayXK+VNp6J+62rX116Hu3wVaKLwJ8SJnDOyaeBgg5+cqSBnBJBBOAeuT96vK7S7VpoVuEZcKuJEGCc8kOmCQRznI+meK9Z+EStH8OfibKNpkj05JFYjgMhBx+fGP55wfItN1eyvlhXU1Fpe7SkdzCmIXXHCzKONxxjd2JHPTHW5uFOg9/c95dkpKz6X2d7NtJbasUKUK068ZdJxt1+zG7t2Wzs0+uuh18ep26II5IhcKIpVhYAF0yvHTOSp9OQBxnBLfpT+zjrvhjRPg1oFz4lv7fTrMXt9IZbyURruErMmxsDkD0GSQRg1+VN39ot3S43LsCv5LxsNsysWy3HGcDpx17cmve/F091/wAKD8FBWlCNrFy+0MypgHcRhcMcFclT1HByd1ehhMZOlCpUUlKVODcbvdWi3eSs3d3suiV+zPNxuV0sRVpUW3BVq0Y+7bezknsndWas30tY9g+Ovjr4aa7qUc/hfbe6rBqSTyXtquy2eCNsnI43vuXJbkHjPGBXMeC79Lvxh9oaNvMvYY5FBySNqgdhkcjHBwML68fJFhJMzON+xhKrFVz8w3bcqAR2z1GSMdQePp34YxufEOnPJIHJswG5OQrDgDI7HpkBiSQODz5OKxMsROVSSUXJaJL3dou+jvqle/TvdH2GSZesIqdGnKU+Vx96bTk1eKtfT3bvVavXS5/UR/wRFcSftCXnlqoP/CBakm/qdxmUkYJ7dce3UdT/AEo6mpMs2McvIMkkKDvYEEcgZIOPpgHGa/mm/wCCHd1CP2ib61KASHwbqSh+xHmnC9OSAMHkZIGQOMf0y6kCssylsASykYUYJ8zuRtJx1HUcE8c1+S8by9/DO10qevxPRNbLXbrr6dEfouTQkq1eLVly00l2bStr7zvdLfRdluc5FGFwCpAPHOctwTznPPBIIxkg5PepRGpDYUrxwM9QRkn69epxjJ6gCpDgplTkklQCCMZ5J4JwOFGM9u/IDWViCAc7Qcgn7xwcHB4I69O529Rz8PTkpRUlfpfrZ6ea899fvufTwpzunZq1tU007OKT0a03+V72RA64Aw+0LkllCtgc4xk8hs+2Mck800KzE7eD1AwAD0LD72MDPcc8YBPSQkY4HIA68AD1PJweAcfTkckC9AxXJ4Jyc5299o6cZ9yPQVrHXTR69l5fhfdvoujCaknZpvtpr9laXW2iW/forqMhsBQQefvYIIB69TnOR/exkHPOMOIctnggtgYyxwOOuM5PPzDPJIJ44nAJyeQMZAGM88cj068DJwOpFCrg/MAM4UYwGHGTz0IwDz6DHpVprTXTRfl2T762Wn5Q7ed0+qTt8PbR7p6a9mulZ1Yk4GApyxHBxz+JOB+nGecIRn72DwcAZUZYcHIH4HP6c1cZSeADksy9FxzgdfXPXIGOhOaj2kna3JBA6Hgjg8cce3Qc4GDScbtPt/X9et79CWm9r2VktNU1y36X3v56MrKoRSGY7cEAfeGRyMcD5eccYOevfEy7t20n5dwOcAYHXJ6Z6cAYwRjdnkht3JBXgE5VWOfukjntggDnHbp1qcR5LKM9skD5iTn29APXBxg8DNBdWVn2v1s7p3fTTX17uwm3IGAMZBZiOoyBxz1zkD3GcmpwoLcbc4PA6EkHHuCAfm7nOM5FLt6DqSy5DYPy4JwARwc5Oec5GKmEY5XGDgZIywIGDyOCSO/r94k5zSvbo3d72vb/AIGvntbyWkLaNuSSSSadm/Wz2dle2vzSvVeMMc7SxABHAUZA5I6ncB+HDAjHJjS335zjLAtjoCRk4z1P8PAIAwTjpi+EL4IznB4A25yQq9AuCdoz3PXPepBCwXJIJVhng4HU4JAyB9fX1BITktr233+XTpddU/nsEm2klJ30v1elrr0u1q0r637mWbZi20DofXBHGccZBJPU5AwQTnJFPW3JUFgSFznkDJPA+oB9zweOK11hJ4wCGB+boSxP3iOufQjOc5zU4hOFGM85+6OMYOQevXp6+/NCk0la+3XrZx9b9+oODsl1t1Turct3bW0rXsrNrTq7GJ9mynzdBnggbcjpkemM+uCcDnmoWtdxztXadoBABweMlc8DPXAwPoK6VoW4BAOCxAHHPYnHbAz149aYYXIBRRyDz05PHGccehHTgegpttK+tnr+K0S08/R3vqRyyjezvZd7W1u9H3S1elrPXa/Ni1zkgEhQcLkg5HAAHbknBHIGAKQQsx+YoNoyOOMsc8HPXoM5BJy3UjGzJCVZuMDAAJHOG5JPpycAggdMZqAodoJ4CkjGOGGSQM9SAB1zyQM/d5jn200ttu16vW76ersynP4eVX2u0ra6aq+ne6vvvbYymhZe45YDGM4OMZX8ufmHHc4NWUt3+VT36bSCeuAMHnBAB6kZYBeozbXa2QB1JORwPlPBPUDv0GCTkY609uCAg/gLfMSSNw5OecZOMNkjAwSflpOV1a3RXf3X9NbGkG90ldW0l8r6LfWyVrvROy6VghUHDEnIwGBxk9QeCMjIx1wc8Y6vTI27QCd3ODk8jDYHfBH3Qe+eMcKVyFBB9SPXHUE5OD97kgZwcYJNOjBA2gAHJborYPcgYBJxnJB9xnAqObXa+qWmltb3dtdr938x21UlJuKXayStGz0aerT2b3jZascpLKDtyWIwOgGM4x9Pwzng9cWFZgOMZ3E55z83J6AHscnJyO3XMMTbuCCWJJGRt4B4Bwe3OD/Fk4HDEW06DByepAySCSAecnjHP13HnIFNNpNPRvt20+fzu01010uLcpWeysoprW3uOV2u3q9VvoSL8oJGeqgZHIJLds57fgOcAVPHkhhxgHqOpB6eytgcctxjnimMoHPJBHU+ik8emPyx2Ayc2I2VM5GFyfl46n+7xwMjqeRjJBxil1ukvn/w3m/y63G29FdPq7pO1rWW7+au1ePoXYgQM7vlGRknJ59B1B546Z4AySKsqCMnggEqDnGOc5HQc55HB6HscU1KHYu3JAOTjAzk5HfaVwOOc+vyg1ZRwBgck45x7Ef5HHPQ8iqi3fq7NX38rbX6fhoNq1vNf13v/WiPya/4LcQ/aP8Agn74sQKSE+IPhdicg5IujtHuQRgEjHIJ6mv41bLwvY3MUZluLtGYgmMA7SRGpAyM9dwHfJyDzk1/aL/wWdtHvP8Agn343QYDDx34XIJHOTdnk9MgA5+XDcnrnA/jasfCOqXTlV8Qywh0UrEke4Q4iQlSW/iGevOSWPB4P7l4TVJKnjUoOb5o2jdJW9219UtVHRbb37P8Z8WIQlh8FzzjTiqk22+Z3fLBWSSff5vS2jIR4U0cRbXN0SRwzMc5ySSWIyc/wgcZzyeFrhn8L6UfGWpxG2MsAs7Vl8+UBQzNhjhivzcZA4BOemcH16T4b35s2lk8TX7bLeSRFjwhbapI5GME9unQnjArynQdKju/EFxb3clxOYtPTM0krGZyLhkLSFScgce+OmOTX7BKVedbDKVHliqvNZzunpdXWqV7ry766v8AEaX1aFDGyWJjUaw9m4RnFpOcdUpNKz2Vtd272Z6DBoehpFtjsbMkBVYSeXgLxwSXODg9jhWPJ7Vr2ltpUHmForCHapJztICjGTjBHOc4AOevIxV+HwrpVvCZXixlYyAZWIcY4BJO3JbIz1JPJHfobPw5p8gaT7FbqgjG/IYsRznpzlQMbeASc9TgeyvrCneFKlFJPVtN/ElfRdFZXdrrbU8H22Hs06lST/lskrXWtr30duq9UfNHxxaCdlns2Dovh/DGJV2IYny4ULyRgdgMjHHAq1+x6obwVq8bkFJtdnfkHbnaTjPVTt6dAOmDkEUPj7Y3Vpql5HpUkFnAvhc5jWP5TvJDHazDqTtwQM56jBz5b8ANI8Q3HhXUPsPjC70qN9QcSWlpGMM3l/vHLA5DEZ2jHy4bPfHyOOr1fr+FUablVjCrGSjaN/hvy3euyXw7JtaaH2uV4ei8BXm6qjCaw8ldNtJLpZO923dJ3sj3T9pWzjn0WxjVHYG01NztUYCiJznhiQN2Dvxz65ryb9jVUh8PeJCWSCAalCGlleNACsZHG8qxx0P9OMWfiZpl7pui61NqPiTWdWki0dvsrXcjGCPduSRSh3AbssASBwQcEnjz39m3TrDVtP1aG6kvhH9rgYJbXDQxncpLeYqH5i3QEnvhQawoVcRHPKM3BKo6TSi2ldWjF82js4vZ76dLM6a1DDPJq0FU9yNanKU4Qak7TjdJSabfLpfZLZrY9M/abMElp4djhniuMSXm8xyxvtB3kE7ei9MDjPU53YbZ/Z81vTtN+Di2t3qVpaltUumRZZowxjDbh8pbcBgAgjj8K4347eFNC0XSNHe0guYjc3MwklluHkdl2tsA3M20E8bfpyvNZnwd8J+GdU8Hx3N9ZPPKL2VQzynZhW6lAwAJ6Ed+pwppSnilxBVko01NU1zRcm4pWhZrRPs2ra977OMcJ/YdOnzz9kqmklFKd22tua3K76PV6L0OF+OmraVew6YtrqdtcMb29kcRSq4VWDBSdrELux0B+97k19LfCHx14T074d6BZ6hr8K3MOmGKS1UOXjbgBCwU/MQCP4+gGck189fHHwtoej6Rpb6bpdvbCXUZBvRcuyBWIUk5JyRkjOOg5GSfX/gvoujXngjS5bjSrWSV1mDzvArudrjDEkYwmc/w/LlSp4wYV4yfEWI5J0qdWWEjzOzklH3Nlo+t3darbz2xKwkeG8MpRqVKccS3HWMZXad290k+m72e7bPHf2hta0nVtfiutLu2mtTpUCLKyMFLqy70GQMnjJIwTwTyePobwd8XND0zwroNhBp2uXUyaNa2080Vi5iZkXnYzAbl46g4HGe2fA/2lrW2sNW0+O2t4Y9umRfLDEq8Oy4JUAYIGcEZ74wcmvoz4fzIPB+gLKqg/wBj2oUiJDgFcnL7ckE4PQ9jjFXhKM55tjacq8YSUFzzUL87ur2ba1vqt31szlxlSjDKcBNUHOHP7sHO0kuWLXM1F3bstbJat6Kx8S/G/UBr/j2bVEsr+xingsDHDeRGO5Kwyg79pJ+VsEAAemDnJr7N0n4s6z/wjOn2GneDfErqmiWtu88i+VDNEke3enzn5W9ewI465+Uf2iZwnjyPZIxA06xUZwOrjGwc4GST2yenrX2X4a1QHwtoyPJhv7EslBLJtYGMZB+bKk8Z459znHLgcNKWZYyg67ioTi1O1nJ83RttJrbRLazsz0MXioQyzA1Pqyd4qKjzStFcqae6cvSVr622Phj4wyXd544sr640a40u4W008xWssgd3KzKVdzkbVdjhj1Gc196aL4q+Kk+jWKWnhrR7SJbO0SFrjUWI2NCiF2AU4LLghe2TjP3q+MP2gJYm+INltbaE0/TA5LA9ZgxwF4A28dQc9cE8/cvhrxR4ctdMsUuL9JGWzs1ZdjOMiFMEAHDEdep4yc4HHRl2Gk8Vjaaq1IRVSMfderXd6X6PotL67mGYV6TwWAqyw9KT5HaM1Jqm/d0jZ310d2vK3b89/EVnrS/HLRobiW0g1V/EiMska74ba5dxkqGxvAbJHPPXPJz9wX3hHxzrEdza6j4vt/s86hXWLToyG2nO0/PggYHPDBjtPYV8Z+PtX06L4/6FqsJae1TxDDJtVSu9flGOQMkA9SMjkAYya+yrn4pRFlEGl3g3M4UKOGL5HT7ze+D0GDjkjnwGEdSvmNFSnKMa7jZSbTT5dXZ2badno7LdvQ3xeLhRw+XVeSnGUqabfLF2tKK91Si2kujVrb9D4+v9K1BPi1o9lNqTG8tNYSC1v0iAeMQbSsioMDevBB6gkcAZB+2dV8P+KLzRdSTUfHes3kL6Td+ZAgCpLGIixR8HhTjbySf4iBkE/FV9q7j4mabrL20pca1LIIQMyt9wKAF4yeh+UcAAelfWcPjbU72y1Nf7B1COGTS71DIDlUDI67iC2NqZLMRkg455OVlODpTpZjCSvKnVajHmknGyT6Oy26WS18h5li6kZ4GUH/GpxbahC93KOrvG6W60e+umx8qfCfQrTUPihY2k97f2yTWd8nmWlw0MsfkllCeYhVtrDO7gAngAmvsTX/hp4dbTJj9q1a6ZrSZmE2pTZQxIzLuAY5VmHIYDIx6gn4s+HV/faf8AEbS5re0FzcMmoqqMwQEOz5JbcWAXPzcYBB7jB+u5tZ8STJJGLDT4UuIyshecuUVxt3AAMeQCDgEEnGeudMkw2FlhcS60Izmqk46xlp7sWraPZ69tbXuc+a4nHRxWGjQlUhTlCCmotRu+f3nyvV30aa3vutj5R+Dui6XqHxTTSdRScwMNQAEE0kbgxu6jDKQQOm4Z5wSa+0PF/wAO/DFp4a1S5h093nTRb5ozcXMkrQlIHJkUHggjAIHOOvBJHxl4Cvb3SfitNNYQQTXcD6igDtiImUsxYMRjIzwvfjoSNv1TN4m8V6tputwXQsorNND1BZfKwzhTA/yockAZOGAPHHU5xGSxp/2djVKmm/a1VGSSfKly9n0891Z2baNc2qVlmGEtVkk6VByipOPNJtc3XW19lq9T56/Zo0XRdY8d63bahpMN9DFpySrHPGHRGDAb1BGB256deOtfaXj3wf4btPBmuyWGjWVrJFpUrqY7aMMhCEh1cjcMHpzySTzxXwD8GL3XrHxjrf8AY99FYSGwUPJIAWMO8H04YYOMgccnjOPp/wAQXXiy68Na3Jd+IGaAae5eNSzCVdnzKSDuRSfmOBg8Bh/d7smdGGVVb0FKa9t77UVa1kmm9tPO7sednLryzXDpVpRgo0Hyc0kk2looq67/AK7u/kn7N6mXxb4rTyU2pp0R/eQqw+8uTgg8n1AGMqOSa+kPinbIPh34pmEOwx6cPlSNFGw4AYjHOOxBz1ODgCvj/wCDlzcv4m8Si21Ce1kNhAJZIOdwBUhcL0U8jIPDEEHOTX0D4zuNRPw88YG4vb1g+nCNUmDBWG4cknPBPJzzzwASTU5dUtlmI/dRetd3aWttVZ26O+miumdGO1zPD3qW0oe61u/cdlqtk9b79F25H9lOVBpniwlo441urYZk8oZxGWIDOeepbOQGzx6V6X8fpopvhtrTxyxNtaIbUlTJCsoB2gnHzdR9MdK+df2drCG+TxHDcSXJVPszKkDsqMxXClwpCkgMDnBx0xyQfYfiZo9lZeAdd32dxKwEStJO7lcsVxgE9RyOecnOOeOnC+0lkc2qcbclVuUm2463S1jvp097zWphjHh6ecwhKrL2rdOSSSavZOPVPXr2ucF+y3dW0Hh/xSL26hgY6nbhFlmCM2VI+VTgnkds/hkAei/Gi+02bwFr8cd3bPOstu0aKSxKkrkYGMlcHGOTn5iOg8t/Zw8Pw6rpXiecWVvM1vqMMYLkjGQxCghhkBQDnqOc9xXo/wAWfD8lv8P/ABBMYLSOSMwnciDcF3KVAOAc/d5+mOma0wrr/wCr048seRUqmvvNtJ/JfmtNLjqSorOqd5S53KGjsktIW111fmvv1OD/AGcdV0/TdN8RLf3iQyve27pGyMxkBQ5HyqxAJ6jJ4IxjORs/tC6vpup+DDHZuZJY71WkIheJR06bgo57YzyecEA1nfs02U11beJlWCCUw3FoPMlVWZNwPKlskZA445Y46V0/7QujT2vglmlaIrNdll2R+Xgqr/KWAOVG0YGWGA3Ws6bqPhydpKMVSkrJa2ulbWXda7dt7WMQ6X+sC92Tm5wu9LXtG26vvbte72ON/Zz8cwaD4DNgbe9muv7RnkRo4TJGUY4KgkfeCnGcg4yecVufGrxF/b/guf7PZX1pHFfozy3Me2Il1JwCc5wTnj2z/ss/Zi8MTaz8P1u0uEjiOoXkcjMFyNr9VyCepI9s52kALXX/ABz0ePTfhzeR/ajKyXMTbCcDBLnI43Yweo4OeRk8udOpLhmMp1Pd+rK0Ekm7cr1fm3Z3766b1SrUo581Tp2lGqryctNUl2W7e6urX0Of+C/jLVrLwNp2naf4evr+K3knH2yJikDOzfc45xgj73QY9apfHPWNU1PwXB9u0ldNSDUQQTKzSMWGCpQfdAz2555zwR6h+y/Y21x8MbKSVZCj311k54LOwxkntx/9Y4GeT/actls/DlwI4wqHUIyuCeOMZIyApJBPUenfbXLjKf8AxjVNyqXToQSTSSjflt020TS6LXzHhsTB5/OKpxio1ZNzu/edk31ve+mqtp30eF8HfE+uWfgTTre0n0+K3SacJ5kRllywGS/uowOCOfTBz2c2s+KLu7ji/tGzlVtriMWpCttkBGXIPBPJyDggDGOasfs76ZZzfDLSrie0hkaS6uFLvgnDDgH+Z69zg4Nev3+l2sH2fy7eEELKPlADY3AjIAwvLHvng16eXYSEsnoVHOd1Rj1ezUb726N236W8/MzDG0/7TqQUIv8AetOXLd3bh5qzs3fTyS3ZJ4/kv5dO06HUobWWSKbS7tpYyQCzLGvloBjkFPmOWzjOCDxkePCI7afWLaWbTdRtYbRrS9gYpPbsFTDo2QSnGSMkfL2JzXS/EO0eSOzlfgRRaWApJYEblwAOAeF5JJ9MtmuM+LM0Y8M61Or7WXTotkaAEsYbf58DAHCngY43E5zkVw4imoXSbaavZ6yd1utG7r1163R35e5yUnfRSbi2ls35dFdp3vvpszO8KftQaF/Zmo+E/HOqg61/Z13DY6tbKDBqBCbIo5gCfLnLZV/XuDk18I/FHxRLda2YYLgrGkBadEk+/ucsgJGMnaw4bAJIBIwa85vfElhDcG6sNJEsqF1L3Lcl8kl8tnnPHcjGOMmuJ1DxLf3ryzzxQiRpFyQmXRV4CgkgsBgAn6DpXzeJx6wqlT5X0tZSTS9163dnd6X6ep9DQy6niK1Krzxhpbo1f3UmvJ+d2tOyT7B7qO5trh2JZZnRJItrE42jawOMgjrnJHqTnjDhgfS7xjteS0dvMjkkIX5tmflyynCnIwfqMEisifUdQuLXzIbsIilS6QoCyZ45xkZ45PTHQ1i38s9x5KzXEsvy/KSx25Oei8AdvyJ46jzP7TxM1OVFONkkk03q2k5K/n0T69me1PKsPBR53z2te13ta76rWyttpszQF7LDd3VybuO1WWZw4VyzMgyrHG0npnvjI4PTKS+INNUq267vGQAD5isbMO2MDPPUjnIG4EHAxoYEdLtRjMcAZWyc7ieQM5OOoxyG7qOVGWEbaF2cEZODn+LPYc89unQEjg15M62KdlKUnzX0UmraJ3aTfXfa6tbz9OhCjGNvZwSgkk7LS/KleybbbWqa8tdT2TwxqWra5Fqp0PS3kg06yW51CGMFpltgdpkUAhuvDABhx1FPh8TqkikPd6XI2ciOV1G4AKweNsMOee46gZOK779lgtb+LtdIjWUS6GUeJwCsgEgYK6NwVzwwIHQMSelfWmrfDDwJ41We5vvDcFnc+WIzcWAFvL55GN2FADBWJPpkDPG7H02C4PxWbZfDMMLiFTrKUl7NuSvyuNnGSlvr1vZK1z5jMuPcFk2af2ZjaHNScITUoKLspJXvF721e1+/n5l8Mf2ltf8ADGn2mlSxabrGm2YIigcC2uACwUnzDks2OScgHBGRnj6n8PftFfC3xR5MXia2m0iRmCyLfQrcWjs3DkSFflTcQc5AKgYOcV8Mat+z3P8A2hqVr4T1xXaxcKIL4bGJZSSPMG4kgEDP3Wxk5J54HVvBfxH8IqBf6PezWqksZYomubd0AwWRvmZUYYK4zjOMEncOL6rxPlq/e0alSlBpc8VKotOWz5ld2te3TbZ7e3SzXhfNFDlrUKVWpGMoxbUJ6pWvGSXR2smfrFf/AA/+Fvja3W48PX2mTyXWWjk068jjl3PuKg25YNuXLYGMEgjriuS1T4B65ZLDFomtRXKFfmi1CMB3AHEe85yAp6htpGNrc5r8udM8aajpc4eG51HRryMg+bZzz27qRgZ2sVI7j5cY4XO3NfQXhP8Aaa+JGhLbxnxBDr9mm3/R9VVZJ2UcbDcElkyM5xjGCOO3fhOKq9B8uIVSlOVlK95RtZXup9EuiTW9lfU5cZwtgsZFTpOlXUbuKT1baS5k0/kt9et9D3PVfCXjnRvPiv8Aw881rHG0azafnyhGDhnYAkAnt0AHPPReO8NXEdt4n1V9Skms1fTbWGLzw4XKhgU3MM7lH3iSRjB4wTXr3hP9sHw/qDJbeMfDU+nBlWOS705/tVsMD5nZeAobIJAAPpxtz6pY6z8IPHl7LNYanoF2LqEM1jcrFa3KHBKhvM2APyFOGyK+wyni+kqlCcatKUaM+dR0pym/d097o73vfovn+fcQeHEcfSxUFGtRniaLpe1eqirxaavdaPq7+fc8mENhOilHVy6hlkSVW3ZGQSCc8j1wQPunGK5LxbAYbLTUChoxrVivTq27o2Bg5PqcDg4xgV77qnwZ0a8d5tJml00yEGFYHE0DAAYKlGOBye+QORjNeX+LvhF41gs1+wagbsWt5DcQW8pABaAgh1YgnIzyGOMZDAHGPvP9csvx+HqUqsZUqk4vlk37stYJK/T4b3eund6/hz8Ic8ynNKGNoVqeIw9Gq5SspRmoctlorp726dL7oq3Nupk3hVUAFmViVC4VcADndjd/I9elOWBjOh3AKWHzAc5UMCc5A4GMng8cYwKpyR+MtOZo9Z0eRw2xS5iMTMuACUwCrdMAk59uatQajbXBSGVntGjYqEuU2ncc/KrYIwMdSTg4+62DX1WHx2W4mnTjDFUFL2cXyynFOTtF2s38ttd9Nbfl+b8P5/lWLqSq5fieX20Zc0YTlGS54y+KEXZu1ne3k90+F8OW0Im8RpPBHcwvrEu5ZFVzg8MSpB+mCAc5GQciqesfDHwV4iZzcaUtqXBMc9oohbJxjgDaeecHGevWtHw5GxvNfAKFU1ZyNpDbk7ME4JX3XPUg811qq7eX5YRhu24b5TyBwQQD1bOQCoHAGDivHp5Rl2PwbhicPQr3qVNXTUmrztbmttrrqunc+mxnEmc5Nj4zwmNxWFccPh2oRqTS/g0b3s0na9kpXaSd1ofKXiD4EwW1/YQ6LrGTqN2YIorlABC45Xc6k8NjHzDBBHHpyWr/AAq8baC7lbF7+OCVlM2nOGBABXcY9xyMA5VQcfMDg8n7B1aGFtQ0URoA8V/uK4BJyBnHIJPOcHg9QcE4tXdqUkJAurUmdiCm4o24n5nGCCuBjHQ4zjFfGVfDzJsfXxsIRq4b2NRKDoyShaSi7crT6tJ6LXqfpmB8YuIsrwOU1K9SljfrFOpKqqqfM+SpGMUpJqSaTSej16aXPg2S91SwkEd5bTQsiYHnwywSKRgH5+5GeCGwpORxzXU+HfiT4t8O7JdA8R6ppmHy0MOoSmEYOMPGWO5SR82DkgDHQV9a6npNlqUE6XdpYaiI7aZgZoUD7wp+Yjbuz06Y9exz5JF8F/DusabDqFv52lXsqzu7wP5kI2uwCiPI2gYA4Y9AMkgGvjsy8Ncww1ZQy7GQrzdNzhCb9lNpOF43Ts7t7p9H5n6pkHjXlmOws62aYSphowqRoznBe2hedndxspJWTsrPTX17rwh+2J450X7JbeJ7Kw8S6bCQXIC2902CNzM6jLv6ZGCSCdvb6G0r9o/4bePfD2uWcoh0TVrieCaKz1CEIxaAq0YtZQuBKr4DNlSQxwa+A7/4NeLLUvNp80OpwKWWNUzHcNjJHyEYyRwRu64xnvws+l6zpLmLVtNv9PmEwSJzlRuU8MJPY9FGQOmVJIPzuLpcU5FF/WqVfkinyuUZThokk1NX1i9d7q+t7Wf32WZxwjxPyvBYrDVpNq9KElTnstJU3yyvf+78tT9ifgz+0Jc/Da81m61Z31nwpOgZ4JWZ7yzVsrNJbykbpUVS25dx+TgZJ5+xNftfBfxmTwd8SvhzrGn3Wo6dotzbXVrp/lxi5tWzI1reIgHlXSucASKAehOck/gj4W+K+q6Fbf2RrEEOtaYYvKCTANcRo5BZw2CWwP4eQeVIGWr6H+EfxX1HwHr9n4m+HOoRxaa/HiPwxLO32S+hJLSp5bZWCZhnayr26kHJ8bDcUVYYqjWxPvVKM072u7vlTU72bsnrs3r219zGcLYSthpwwVoKqrTpxbT15b8vRPe+tm97bP8ARz4q6hLd/DnTLa7gmhvLDxNpavDLhHRd6r8gxgpgdRlRgg4FeLeOfh34V8b69r+ja3p0Mvm6FFcw3AVftNtdbAFljlA3Z9QOobnocfQnhnx38L/2jvC8+nadfxWPiKOWKe60OdgmpafdWx3oygfNcWyyKCrLnK4zjmuJ1rw3rfhfxxINZtWMFzopRL5FIt5ShwgSQkKHK8lCNxJwAQM1+i5dmWCzSnUpVVTl7bVwbThZxVlZ397V9L7W2ufmmYZZj8nq06tKVSDoqykk1JO8VrZ67b679b6/lb8VPgl4o+GDLrEqyan4ZOz7PqUKZaF3bKQXkY3EhVG0uRz1zkZbzSy1G2u451JS1lkKgA4a3lyMfKG2lGwSMcbe2TuNfsN8RLK11PwtLZ3MUM0BewbyLhA6SIHGVYEEMMHB+UH7xyMk18c/Gz9mWy06wj8YeBHED35Zr3QmB8lpUXc72THiPBBCqPl+bJzyK+Nz3hSdKdTE5bFzg25ug3JyV9W6elmldaemm59bkPGEZqGGx7jCfwqtZ8kmko3m38LbaV1ZX1euhj/Ab9p/x18C5l0q93eKfAkhb7d4Zv5TOqRSgebNpcj7midQSTEDtLHBzmv1i8F33w8+OHgC2134T6xbtOrS3OoeHbiQJdabPIrM9rNbnEkYUlgjhSpxnqOP55ZNRvIIxp+owzxTRybSkyFLmFkYguhcDeg2jBXggknnC16R8PPiN4w+GWsw+KPBeuXOj6jFIqv5EjfYdRh3AGDUYARGyvwpZssBnaAMmvByvOMZlFXlnKTp6KtRnfmjd/y2XvR7pXTdmfT5nkmX53h+dxhzxjzU6qaW/K9HFOTTXVd/I/Wbxrpd3peoeD7W5tXgaC+WG4V4yFDpnIWTGxvm5AyOobplW5250S1k1vWILm0t5YbuazhnjnVZEeO5yJcqwwN2fUAhc5649F+DX7QXw+/aN0mDwz4uWy8N/EC2SGcafOyRQaheIUX7dpNy+0MzMNxhBBz0Byc6HxB8Fan4Svry7voGe3luLExXkanbIiEBS4GNjAEHHA5wOCtfpmAzPC5lSk4STnNR5oSabT5Yrltvo5K7tv8Ah+UZnk2MyirBtT9nCS5aqXwrni4t2ei10abWi23Pzo+LvwKj0DVde1fwnJJc6faXizXOkcvJapcYcG16syDnIHAHy5OM182XDobpYZQyhh5T712yI6gjZKpyVdWwASOeCe2P1cvbUN4tvhNa+bBL/Zku1huVjtYuGHOSFAJ7dOmCteGfG/4JaR4guND1bwdDa6frus3lxDPA6iK3uCoyu4AbY3JBG7lj16YJ+aznhvmhLE4GmlKbSqUFZuVmm3B9b32vrutLX+m4f4saccLmLjZKKp19mkkpWqN3vZXs76aXu7NfN3wo+Mnib4Tat/oyPq3hyUk3uhXEjmCVWzvmtCSRDcAZIK8sOgP8P6q/CrUPAXxa0G68QeF9T8jUrywS3utPdx9s0+4ZXb7PdW+d7qrNhZFDZ+9nccn8dr3RNQ0LW59E16ylsryy3RGOVCokZCQJrdiBvjfqAOq98cHpfCnibxV8ONftfEfhDXJ9M1GBo2dIyy29zCDl4rqBfkkDKSGYjONx4PJ+Yw2Mr5dVVOpzRjGTjOnPSUXdK1m7rezdm/zPscVhMLmlKMk4TcopwqRaalezjK6Wq6XUn89z9A/FPgizPhSHTNXsGfU9N1qa2uvOR0jltWmdkmgY4xjIJZM4PbqtbOkfEbW/h9daBoWuJca94OS5ie3uCfM1LRIPLVVjBxme2hGc5OFHqoydj4YfHPwR8f8ASX8JeIZrLw54yCp/oVwyouo3YBButOnOCS7AM0AwMnIweBheMvBOv+EL3Sx4niaS0muJrWx1GIExm2OQgl4I8yNcHa3U9yWxX00KlLMaKrU5KNZ2j7qV7Kys7ddVd2u9H3PkqtGrl+IlRqa0GlPWLS1lG7UrP1TW/Xql6O+l+HviDpeqXsM0N3pt5qjrbXEbBjCzMPmCg7o5M4Lj5Tk8MrGv0D/4J3ft+/GL4A/FDwt+zl49+0eP/hF4p1+08P6BNqVzLJq3hWa/lFtaT2VzKzPNYrIwV7diFRASON2fxw0xPEnga5bXvCkst/YjUpVu9NaVjp10zg5ZIQSscqAkkkcE7hzmvefhV40tvEvxA+FPi2xP2bV/DvxF8LDU9PnPl3Sf8TaMuY0bDTQKMhZEzgZyM4r5niHBQrYPEc8IqvQipqaSu4pq9vzWlmlt2+v4cxChjaNP2jnha/uNXtyysnB+Tumlbq7abv8AvbngWORkR9w+Vgw4LKVypI6jA+Ye+DnoaqY+cEA7VJHPUE8857H684PTg1aMvn2Ol3YX/j90fS7oe5nsYZDj14buSB35HFY4w2AecDA6dRkk9cnB9cDPWvyh35u60u352td6b3163633+5jpdWVrJ+96JK7jb+lr1EwTk5U4JPI74KjAXqwHsOT1GM01lJfJxznAz04JxnsSeccknOcnq/LOCNvAOD15woxz97APRuuewIzSYyw4GdvYAYI4GOPTgL6D3FTfs7dO1npZa/k/J6icVdO9u29ls7q6vrqr26aPqBXAwFGCM5yT07fewMncR0PB+is8vp0wfxKjI6Z6HA9eRx9ZMZAGf4jkjqcnPbsOAAMd8dxS4IJOcgHkHqc8YyT68/TuKLf1d/nv0Ek0lv8Ae/66eSutkQFMk4IJBxleOo6jOMHjH4deeUJIwMHAO45GOM469scc569M1YGACBnkg59Tjp17ZOD3+ucGOBkAg9iccDH+QPbHSizuktdV6y6Pe356+XRNbJ3drW6WTtZXutOvRL0SIFx8wBz26HaSeBwO2cDbzyT70uNq/d3YwffkfNggkkdOOcZPXGDY4BY9mUMf4jkEj06c4PPOcH3GwcYHYAcDGR1xwTy3ToQfTpVxd2lbT4rW2l7vV9m1s3JbNasWr0T0b2Wr05dtbK2q0fy11gAKktg52j+HcDzjIAIwM8EZPIx0xTS2cYBGDyAcYHfB9+OxGfxNWCDhsHjsDk4PbrjHOc9+fTFMLE7QAv8Adwex47gDnOCc4Y98nirtzNKy3S7PaOj1vzNa3166rZ1yt3bTvZWv/wBu7rv3sl0u7tXg6k8EjB6YAzn0PbHTp1xjvTGXIOAC/HbJyPy/vHpjk5OOKtAKAxwuSCzPngHgYGOo7epzyeBTeM5GQfQDIyc5B4HoOOABzkdaNE7pNNWsldtpcrd1ez1fVXSfYrZ3tbys1qmt7t9LejXaxGCCSCDkcgYHXbjOCPUdMZ6+2H7V5bkc7uScDI/g245GB0HXp1JB3LAdM5AIIHIw2cDkjvjgkjmmszMDhgVJww4B6/KMjIwM8c9selNwlbWait79bXi0uZNWettbXT20uJQTtsnveyvb3Utu97duisGwMQobGTtAPTkjPOTgMep6n3PNSiLagwQMDAPq3PAHQcngqTkk5zxhqBQQegfJbsMEnkL0Ix1AI4/OnlQCTk5I3LwCB2Jx25wADyO3YDO1RuPbZa7q0buW6lpreySv3d1PK1p10e972VnddOmvXR6iFAMg4BIJCtyw2dyflIBxxwcfhyEKeQOSATgY5XONowRnPOBxycMcg0rLnA6dQBgkjOQScckknr1yDzgYoYbfv9RnIyMYGT09MknOevGeBSV02+dt6aO+uz7Wb6Nt7XW5lFTet1o9ui+Fu7Td77qyt99yNlckjfgYyFwcEn06HAHJ7HAypzUZR9zBnHZQBglT1OM9ODxzgZx0AzOACFLA4JyeeefTI6YIPpkZGRUipuJ5CnIIHAAx1Pv06evrnAtTbeqvezSd/Lyulu+63v0NlNvRwWjWj1tbl2te+jfVPdJ7Xp+WwIO7+Ejp6DqeOTnPpnOflPAQKWwc43dgp+XJz93HvyOwJyexvMCB0yOM7UHX9Sc4yOPlPH0YwVxnaTjB6Z5wACegGMduSARgVXO5W25mrba9NE7bvo3daW1G3J7xTT6uK8rbrd6/hoit5QjOVBJ6KM53DI4bI6Z99oJ64HARgkNgtwD1I2tjsVHAxzjjH3RgnNnAwCFJOSf9nnP4g5OOMj+rSFJbAAU88DqRjqBgDnsOw6DPCUlZK6u7W1tf4U7+er03b1C/fstfuVvVfK76sh2gZBBJGCpb0GccHg5HHTgjHrhVHAzxjhl6dOwAzkg4wOwPUYNAVjkAHI64HQEkkZwc7yR1B54xnNGDz8vGAOgyMjJJOcYKgnAGMAnJ70mtdb21s1p0v20XXf1Q1FOzbWj0TXXT08rv/hxrKAuVyPmwcgHOQeMHrjuDx1PY1CMgEN154xjGcEc8AggHuTwOCDUu7k5znjsTkeo+mBnuT64pecFjk5x/D8p6nOO445Gee3UFnd9WrLfRq633vtte3n3dx67Pa173S6d3e17J2s2l2uQuCAcgYYYJxjIGeMdNoA+6TySCSMHETAkNkkYUAE5G7BAPGevbnPfqN1XiCeRkHAJXAI+XjjnGMAZ47kgHOaheIqSwRuykNkYz91h1A68EZHI4GTSg5K/NotNm79LpatJLVW0ulfS0SEpLVpNbrpfZX6dNN2nzdLIqkMNvAxktgAZXkgkkYyxbABAIHOOODHlk+U7chlORjPzHHoBjPX1xgZOSLJTbjIbIbaR0GOOnOeT35PX0U0w7Gx8uAeQOnI+6pU9Rx3IJ6E+r5m1v21t13V+u+u6b3v1NFLRLRbd1tytXvd+WvbcOEYEHILEfzBIz0A65A7knjmnA55G3qc55B656YJz3ORj60BRkFM5B7ZweO2TyO46dMZ6mngAYKrkHjd7nlsDjjBHU9vSne71+b62/r/LYa91XTut/XVb/AI9NL73dhvAPAxk4AGeF9Oh+nPt6HMQ9T0yeG7DABUDOPb057ngWGJIGASCcA4CgAdcHkcFic9TnpjgQd+QCckkc4wOBnC9wOvOAVx3y7J6pq71a2d3ZddXrvd6XXzTemtm3bePdKy6a9FvfZgUBABBUhwfmAPIJ798cYGM+vHJiKNksSv3mY+w/EcE8jHUEAggg4sEqdpHTuRjIPcDgYHQ+4zjBxkOOWweQFAJyBknB2noCR9e/J6K1r3033+TS8nrrrp187UtE77WWl1ZaLW/a33LpcqlSzIAdoA5AxknJIDMc5Ixn1ORnjmnLEVKk5IAPU5I3EgEgjn3A3bsj7uAFnABzkHA6+mOmMncPUYOcenPKcE8f3uAc8EEZ5+mST3OOtO7atddt+mmvTd3tdebvbQ5b3377K2ltbfetb9b761iuMAHGMgHnJGcn5scDA6nv69ajbAPGDx91j3yccr19cgDp7VYMZORhSdwIHYFuCCAATn3B7HrzUZUgsD3JIVe2PUeme5Jx2zzSVu//AANVrv679vuaSSslb9Nu3lp1+/UrqGzjCkZJJ+UFTjkbe+SByOv1pHXAIGMgDqAOMnHzYODyQQACeuSeBa2ZAHJy4wcDOccnnPH+175pGRieAMKBnJwQMc9eoBGPp3yMCk42SbW919639b26rXysLmUXbfRe9orPmS/PRWd+/VOgUIxwQCcnIx0wSeM4O7oueeoHHELIAMbeTyCzZ6scEcN1z0zwQMbegvMpBLDgA5OR1DZG08H07c5OMdN0ROQQN3HAbByRxkfN04B2+5JI4NVq9Vay6NpNrTztrulZdGhppvZ2sm2lfe3Rddt/y3p+Xx0OABk4zjBHAPUc4I9wOp4oWIlmbOM9N2GXHPOGySCRk9B2GMmpuOmGw/Gc4Py5woIxgjtzg9M9g7Bxk5z0wxwdx6kDj178nnJyDTTdldtpK/5Oy+53731JSlzdZXV9rWWmuvay09CkyEEbRwGb6sc5GRz3By2STwAoyKhYAgcDIwMDJHPGCTxtB7jgYBOcjF8/KAp29QuO4AJye3JxzuxnnJwOYiQuQxAG3JB/iweM9RggfdA4PHpS100b7paaLld0uttdkuz11DXfySVndtX3ts9Grt7ataPWuNxYZOzaflwNpbGOc47jAA+oOO7ypwwIBJU9znDDIxnJAI7A49B0xIRjAbt0wAcHOec+2encemaZnBbB284wVySBnIx0bpkHsOM5INNTvbfR3fzsttu7s272s+lmlZPrvbp+tl5dvLUr8/KpHH94jbgjBxydwGMdMEgYyT91443ADk8qcg49csMZ2gem4g9OzKQzBm3fNkMpGTkEHOO/IJwWwDng4wSfMCAEOUIB6rt579cjncRwM46fLWibum/Ja9vzff7vIlX5U77vV7uzaWj+Xzu/JCY4KsMsMKDgA9eeeCP/AK596ZsYFscDJIHBOO+7rk5BIPqccVOQcuchsdieQeck8fMQPlPr17Uz5vm4HygKSD93JztDA8HjAwo4zgHjGqafmvL8n83927QkrrrdPqm10Vt7dt7X0V9CHb2GOOQcc9s4z1Izk5wPTGOEKtuXAAIyc/dwR/EO4HUDng4wSOthdxwAMn5lHOTgk42428jAJBAJyOcdUwR1zyCCwySCmBjDYHGeTznJ7kgZTdm7vo79bJWfrf8AB6/K1JpparRa6aPTRaX6rr313vX+6XHAySCScnAIGT+HspwDkdqc/b6EBQOMKo7DPPYcYwCOhNOGWL4IxglT8oCttxk9eCBnAxgg8gCkbJ44OAAcDkE53AD1PAxyTlaV15vbR6aafPTbZd/Iavs33atporfJfO9331ETBGTxkDJ9DngL6FSAVGRjjJNShSGIXONuTuIOQOQA3zZBOcnnp2wDTFyARgN0CgjJ5+YccdD97HTkdKmVeTkAnaO5YdDkYIHy8HjjqecUr3duqtutLaW6W7+r+bC1+r7eenX131S6+SIwCAN2SASCDjnPAXn5vpz3/iAGXtg5JO3kDgk5IGcYGOo6E4B685NSHK4ODweCQRwOpI6H16cHGPdD945wSMA/KR1HYnPBHA4GCeM4AMpJu6TSte17tuyd9eZPvt+KVm7231087bfgtl+NiIK2Dg8N82cYYbTwDz1JGBweCMjg1EQx4+Utyccg9Mk59jkng9DjPUX1xghiRwQBkfKCN2B7Z7nB4PtTSFB3AkNkdMDKgdO+Qc8Z6n3Aq1JRSvq131091Xt37fj0JltffS9tv5WnbV2189OxP4fiYa7pZxgfaVIABHYknj5QAVA5+XIzjiv44v8Agpa+/wDaf+PFweI4vGWnFpimQgWIIxCgHgA8gL154BYn+y7w0qtr2nDAIE24/LjcNoyQAT19icYwOgr+Nz/gogiT/tN/tAiRkEK+KLOaUuMhQrBT8pzk5z1wRjPPOPZyaV8VeLs4R5ndO9lKOlndWdr+qt8Wq5ql3GS5VeSS02asrWV9NFbZtLe6Wn4x/tL+M9KuPDLaNA9/MVuUludQW0dbRTGhYIWIHIYADqO464rmf2TPBHxa/a6tvDX7Nng1bvQ/hzoWv3XirxvrjNKmn3EtxPlZrlF2pNcpAzpbW7l8sQ+3iuq/ae1jRx4a1CxsZJL0Brfz0WJYYo2ABZUYKCQv3e+5ck8ZNfQn7IX7Sfhz9kj9kXW/Fmj2EF/8V/ib4jmsfBWjpGj3BlgR7GPUJY1BkaK3ZgFUACScoFGSCPZxVWdWbdSopUrxTUUvK0Va6eu/V226Lio0nGo1yqEopNOTUl9n3m1ZaK+iv6bs/R744fGz4J/8E1vhFYfB74M6Taa38Z/E2lLpun2NvHHd6zc6hexiI6trLxBplZ5WzbWrHC/KCu0kjyn9ij9izxDeXGsftMftOJL4g+KGoXEWqeHfDusHzovDsN+DLb3k0EpKC6RGXyYNoEKleCdoPMfsifsfeLdU18ftV/tOi48SfEfxLqNvrPhvw/roaZtHgvbhJLa/uYJcqj7GU2tttAiXBxu6/s7IsjyeLg0WVSHTXC7gEGY0XAA7bRtwMEDAHArnhRlzQqyXuQknTpPVWdkpt2s5aaW2vp5OtUjyyp03eUrKc92/eSdndeeztZPValjwhYyR+DtJWZy8k+var8zkghQ+I1HUbQCAF6BRt+UYx8Cf8FEdaXRfC2pW/wBlubn7T8M9UIS2j8xikV1C5DtjaqkjjJAA43ZOa/RGwidNB0CKPvrlySQCRh+egB7+56HB61+dX/BQPxhpuoaL4w8M6RfaVqs2geBptH1Y2M0M9zZ3+r7biC1ujGXMMgjhc+W2HAyMA7ivoYWbjisNFWbrVocjvpFc0PiV7vRPVWXS+7PMx6isJiZbRhBuTWzvCMUnbXW9tFY/nK8IeNNTlm1TUdL8Hare2uoLHGkssnlfPbZRs4yeD2Hpkg9az/ihqviHVPBupRz+EZLCAqhkuJbxt0KqwAcJ1PUY9unc16D8JLZotDlYswhjubuNFMo3El+u0n5c4A+UYAGQOSRL8X4ceA9baNgGWCIDcylnHmKSACckHHGBkHHQnFfv0aE/7I55Ymd3hpTaioWeibVnBStp31T0lc/m6riqcc7UI4ClL/aow53Oq217SK5rudr2fo3bd7UvAmp+N7PwnoFpY6Bo6xQaXCIZ579g8qlTtkZNuAeRlT68EdBeutW+Jcm4tb+HbdSGDK/7zqrcgjoenrnafrWr4VS3bwtoAkv4YW/sq2LBrld4AT5gVzlSeMZ4HQnkVqkaWiEvq8DHDsFaZSpJVyQTuGfbgbicjBGa76OFhOhRk8ZiIr2NPSNaMNHCHSOyu7NdNL7XOXE45xxFXkwGHv7Z6zpSk5NzjrrJ3bte9330SsvAPhlaeOLWPxBLo11pcAn126N28sPmH7QXPmCJj8ypnJXnuB0Feq3afFO4Q+f4ltIYM7HMNuM7WyDgjB3EE7ehxngAla5v4Y6vplja+IBd39tCZPEF4YUb5hIm8YZAARj0I6ZPtXqV54v0B7ZozqCOWKgbYXIJUkHadhDE7RgjrwM9Kwy/A4WWApc2MraKXuKvK2k2lomkl9q2ujuu5pmOZYqGPqqGEw9r0v3n1dNv3Kf2mraX0Sbta2x82fDrQdf1DxV4uSw1+XSpIGVb2a3hUy3R80kE529GJIPGCMgjpXso+HGrTuZL3x3rcu87SsUrR+gyRwQAcgE8HqDwcecfDrXrLS/HHjySdrhY7m4gEAht5JC4zkEoqkqv1AHJPJzXr3/CX2BY7NN1q5fG0FbRwW25O4Bhk57gjHGR2NY5Zh8v+rc2JnJzdet7rqVNF7RxjaPNZ6Lqrvd6bdGYYjHe3iqUIRj7KjqqdJPmdOm3ryv+ZvWyVlsjwnxL4JtIviV4a02XV9buxcafM73M15IbiJolLKkcu0lVY9cZJ9uleqW/wl8OTZMz6xdluS0t9KwIJ2ncSw6HI4OSPm5A44rxFq0tx8UfCt4mjarmLSZwLZogkz8kqQpYbcDk8jaMcBg2PXLfxNrKptt/C2p/3h50kaqcNwM7gfX5ufUcirwKy+M8cvZucfrj5XyTm2lTpO60enNdJWb10WpONnmDhg7VeVvCx52pRjr7SS+GLjqkuzta1m9vDviz4D0LQtI0yWx094p5tYt4JHeeSUtF5ikAgnAyByfrzXpMfgDwsiWUkmh2bmW2heQLG7l3aFSWf95gcnjj5jgZ454f4vXus3+i6U9zpQsEj1u2cu10GYuzqQNqk45xnGM4wVB5r0yHUvEkcdmU0zRkxZwAPLqK5IWJQpK4yCQuSSOGz0wMZw+qf2ji06Foezw/Lalomou+jirO999/xNGsTLL8KnXfO6lbmk6qTa/d3Wkte9le17p3ucH8Q/Dei6d4H8RXFlo9rbSJZZVxAiSBlcqpUjoAOOmc7ugJI6LwdpkDeEtAlFnExm0m0Z2VF3kvGpJOF69Mk5Iz/DkLWB8RtQ12bwV4kju20KGB7VS8UF2ss7/OSAqr3zhSc4xnkmtfwg14nhnRI28V6ZYqNLtdtuLffJEpiRlDkDBI6evAJweKaqUo5lPkoJRWDh7rjGNmqzadm1q09l6DlQrf2dTc6zcvrcryTnN2cIKzaW2+j0V77q51MmkQ20SzR2aq5jn80CNM/wCrY5JCngeox37dPPfg0m3RNduIo23DxDqBIQn73mOoJHQZIHfsPx3L64crKJfHAdAky7ILSVQx2N8oZFwcnIJyehzyMnzr4S3OlReHta+36xqsTvrt4BDZI4DIZZAsshUHDNyRkeoCjJIipiIyzHASUFHlp10knFXbVO9rPTldtG+y6XIo4R/UMava8ylPDPaV1aXROKvdp3a3ep7jpd1dT+M4w0ziJdPCSZYKAVfbjJIyUwP73bnivGvDMy/8LR+IbB1iAuYAskswjDFcgkOWGflxyegI68iu60Gx8LXPi+Hc/ii4gNqkkQWaWPzZy43l1AJZQMEhlwxUjvXjsaae/jvx6k2lahfwjUCIooZpEmVFJGZSMfdII78jHBxWVXFSeNwEo01zLGzSV937Lq4xaSS5W2ubS78104bBRhgcfKVSVvqlNv3Wv+X1OWl5L+XRu19n3f0bcalp0cbRzalAjMudpuYiB3XjzCSBjg5HQ464rxTxFqWmj4o+A5Pt9sIEgvGlm85HRSMkh3QsFY5HGemOna4thplw0DDwDeFvKXa87yN7KSd/OQc5YA8niuP8QaVHD488ExL4Vgtlliu9tm5JWc4J/etyQQcluPfBr1czxWJ+r0W4U4qOLwqunU1vWpWTvFX13101tojx8BQoOvWjGVRv6riOsNvYu8n+8b5ld2VrWSV+h71qHiLw0sUwOs6fJuDlTvMn3mAIBAyMfexgLxx0rxD4p6/oq+DpoLTUrSZ/7Q05isQYucToWJBHI4yeQpPGAevpv/CP30uwJ4R0aEEE4YLkbjkE7gTzzncSAMdgtee/FvRNQtvBsssml6VYqmqWCo1tEm8s0owC2PmXOFcEEcnIxys5xiMd9Rxc0qcYewk2uSbb+F2TvZtt3s03a+2py5VRwf8AaOGipycpVIxTVSm+qd2lfrq++j20OwtvGOjtZ2ytqR2/Z7VFEUEp+ZYRnOI8PycLjAAJAYg4rP1jxzpJsdVtlku5mOn3QjVLKVVcsjfO77MDbgknsCd2T119K0Lxg9hZiE6bCj29uYgLeJ3RDEApb5D68seSepGDlut+FvFMWk6vdXOqwJGNLuTLHDbxjKqjF1BCZHbpjB4IHOOv61jp4PRJReFSf7q9r01dXlO+nTtqnozg9llsMbGPPzTWKTcXUvd86trGnpZ6qz/O65j4XeLbe08IabbmyvrgrJMz+RaO4IMjYw2OoUgcHrknOM13v/CYAzO0WiauTk4H2cKGJ65B25ySQcdD07Z85+F+g69f+FNJns9ZuYLaWScrGqgKu2VgxLYzk4JA56DHOK9Xt/BOpzTK1xrV66j5TiRkZmI6AlR8o5HGWOecnkGUyxry7DWndexg03GKSjZaJ8zad0rWVvQvNKeBWZV1KK55VnpzVG+a8d7RSbT83bvfbxrwH4ivbbV/HAt9D1C6e41pmeNSFaJyF2qxLD5sjpnJJGCMKtdreeIdblk2t4buGYMwzcXCBmyMcsHYr2HbB4Getc78MPBiap4h+IcUt/dJHY66UO24dTITnG9lwWII+UdcAHkHFewn4daWkkjTTXBB3ZzM5z1PJznHJycdyevFc2UwxtXBxcKk4wlWxC05F/y+ld2cG73vo972S2OrOVgaePtKhGdSNHDJ3VSSa9hSaulUitE+ibWz0tbwTVbvXl8YaK39m2VvdHTJvKgnu8p5HJMrvuOGznPOSRnGOnbi88VKwcXegW6kgbHuSxAAHzfMOcH6Dj2rO8Y6HY2/xF8MaakR8k6FKWwzM7Bc/KWyH+8R0wCRuA5BHrGm/DrSJY4ZZbJCHIk+eRm+QADbgkDBHHHQ9RWWW4fFzqZhFVqicMbNNqpyXajSba5Y2u+tmk16a9GZ4vB04Zc5UKUnPB0eR8ilyxcnom5bK+l/wufPHxDvtbkk8LPf6rpDsuuRGH7KokELlk/eP2KjjAyCBjPoO/uNX1TkyeN4kdwoCQaau5QAPlZhkHjAHfqfSk+NvhvStIbwAttZwwJd+KLWNyo3bl3JuDAnPPQk9Ac/Lzj3ceFNFjUY023zsjwwgDfMyg5ZuOuQDwRyAPd4fD1XmGZQdepeDwt5OrV60720cW2r63TunpuXiMTTWXZbONCLjL6x7qowla04qyvGTSs/82fM/iS/DeH9ZM3ivULyQ6bc4iSxKK5KEbSQM/N6ngDgcms3w7JZHRdLWXVNdMv9nwbooGlRFQBdqLsBUEbTjnGMEEA8/Snj7wvZ2PgTxNcx21rCyaPcSApEoYDYWBHoRgkYzkjvgY5rwRpsB8MaI6wJ8+k2zbjEjAho1IwSOSRzlsdBnGOHUwaeZxi5qdsGuZSdSdm6y/mqX6aWfnu0Y/XfZ5dKapSj/tqSUFTjdKitXam1Z2766u76+T29togvIfNXxPeIJonYRzzKWAYYDHHOT29CetY0Euip4j14S6frJd9RiMUUUz4ESxhQJCMnzVA+b+ID0x831LDYQqYyiKJDLGCSiqCRtO3ABGT16geuM4PzrbNI3jTxIJDhV1iLJQjdkLwBheAMYOOxyORiuPMMJCGMyxRnGMnUqt+7ZW5IqzXM+ZLVfrqdmU4qdbB5hJwquKjRai6l/txfRb6JO0eltGbViulGfy4fDWt3S8yMs0spDBjnC85UZ5HOMdQcmsC+lt4/iPLbx+FHlJ0CIjT3kfIckBXJIyCOhzkgemQR9OaPaCaBLqNNox9/GXbCkE/dHHU57MeO+fMrTT1uvjtdRuwKroNuCCdvyl03Y4J59flGD07VtjsHRg8salGftcxoc37qCSjaTasrtq/8yabfWyKy7GVpvMk6U0qWX1nG85NacnKktF5tqz000OUu7C8mtYfL8D2MIDHPmyuSuOu7ksNp4yTjggYxiuO8T6dqEM3hkDRtHsmbV12ouZFnJjOFmJ5Cg4zyO44HNfeGtaBo9rpN8620QfyiY2wSQQrHcc/UFhx0yCelfIvjOe1uNQ8KrFubbrRyNuFG2Fxg88g4wcDOQ2Bk4ruzzLcPh8G6kHeU6lFX5YRS5q0FLaN+l9E7PSzPNyHMsRXx7pVUoRhRrTtzSd+WlJ7Sk07Np3vfzsylFB4rZcRpo1qUkIQRorADJwCCm0gYOR7+nW3qtn42j8P6rLPrenwwJYSGSG3tYiZEYgMu7bkbuOhGPT5uegt02xmQuNplfbnIIBYcHA743YwRznJwK1taRB4M1xiQGGmsSepxvUjH3jxzgHGOuAa6MTl1BYHETc6tlhpysqnKruKtpGyl21v5vqcGEzWtLMMPTVKinKtBSvTTkk6kV8UnLV7XT89t/pP/AIJY22qaJ+1j8Nrma6jnt723e0iQRKpSKeJ3OTwzyEgdTjpng8+hf8FhLvXtN/a0CaPZWuoyT+HNP3w3C7biRV3ZxLjllXjqc57ggDmP+CbgI/aZ+EbIGz50JLegMLksvPIPGO556dK9s/4LCaatp+1NpmoRSxyPceFLOQb1ztKg5xt2ncPxJ6jg5r8zjgVHjLLKNCdSlGpla5qkJe+nzJuV3e7u7a3Wna6P0+tmVuEMxxOJpUq0aWYNKlUjeDUVFRU7WdnZ+8tVddmfkVb+PrLTQbTxBpGo6BKGBDSrLJajOPvOFKoCScHPZuetJHq9hqHiTUrnTNTtruKSy09VMcyliygl1CMy5IBwflO3JHUZHqTHTdRgdNRtYrgbFUrcRpNHg4GGUglscdOx6dK+c/EHwy0q68U6zNo082kSx/Z5I5bKeQKpfJIiiGQuDlsE9Tx1xX6LXhnmX4jAxvDMqMaqdOMr0a7Xs3ZcyTpy0b0aV723ufmWErcN5tRxs4xll1d0FGtKi/b0YxlUptNxco1YLmjayctL6WTR65eJFdRG3u7dLlGBCx3UaspBADEkg/d6DkHJAOCBu81uPhl4W1XW9Ukt0l0S9itbRop9MlaDbKSzEmNGCtyVIPOTgZHArFaP4neG8NaSQ+KrJcgxTgreYGM+gBXBOc5JwMAbTV3R/iVpTaxfrrltd+HbprS1gkju4iYBNGTnMxBBBJGOo4z0OTtisdlWYTw9DNcA8JWdeKf1qlyLl5XfkxEfdunq2pRdvOzM8Pl+a4GGJr5Pj442kqEnD6rU5pJuVNrnw8rS11TvBxto/K42m/FPwn+80PXovEtiCoFnqcQ85kHSNJGY7TgbSSCec4OMUuifF22tdT1iz8b+HdR0CaSW33TQQvcWgYhVO+YKwUEnJyvABDdCR6RaanZ6kobTtRs7uNtufImRiDnHA3bgc9e4zzxwILaK0nu9ZgvrKG4SSWEbbiNZVfgcMGXIPcZPpjkCu2GAq4ephamUZtWVP2r5MPiJ/W8Kkqbfu80lOKaVvdnp01sjyqeNoYqGOpZ5k9LnVCDqV8NTWDxLtVpJc3s4KlN3abcqV21d6tnWaVqvhzX1jl0TWdOvtqYEccsYlAI+6yOwYMM4ICnBJGKligeK+1pBbA/8e5ZcfM4yvTjgnru4yAOSQDXlGq/Czw7dN9r0oT+HtQ3qwutKuHg2knOdiMFJPy5BBx0PWsiKb4seFdR1FtNuYfF9lBHB5yXihNQdFwFBYglmUDBbOCT2JzXbVznM8LXwrzHAylTp1buvgW6qk5U3Hm9jK1RX00XNpte2nJT4dynFYPMIZZj1TqV8PFKjmCjR5UqtKaTrRvRbbVlzclm9F3+gTdNlQocRpEc/eXa+GBBBJJXoPyPAJNUdLzNo1mEQpumuAMgheJ2LDJ6ZyQoJHoGGBnyey+M2leatv4p0PU/C90A6+ZcQSSWofa2T5gBADt90g9AM+teteEdR0vWNDsZtPv7K8R3uGXy5kZ8tMzDKgqy5ByCyk44PGK9zDZ5gcfjsN7DEwlNUqynSk3TqwbdO8ZU6ijJSVtFa/mfH43hvNMtyvGuvhZxi69DlqQ5Z0pRjGacqdWnzQlF6O6lpe2l7nzp+0rEq6B4dDRlCLu454I5iOV6ZBz93jA6GvHPgRapcavq8SuEkaGAowfJzvXGfQ9MjOQDkdcV7v+03byReH/Dqlg6te3AAPceWckqB6Y+oJ4OMV4L8FWuE13UGt0DuLYTbe4COMknIyPl7cZIb3P4bxtUVTi+u00n+4s3vZ04LlXytZ6O6et9v6F8OKcocFYKUqblpV5kk7/xrPS7v3T0d99bn1J4GtCPj38P4tu54vEVqzuCCcqil2BPAGR+ZIx2P7YfE+1e78D64lkGDWPhHVbh9hJYmSR4zjGBzk55xtJxgD5vxf+GjJL8cvh/MylmSaS5kPfcBvJ4OMrghTyMLnfjAr90fG1tFYaF4gtgw2XnwuuL9yQpJkmkMgVT3YDHIIOck9Mj5PFVOWniotRbeIgpaO6i5wbs3p57r0vq/0OnDnnh7K0fq7bd9Vr1V73tyrW1t90r/AJAQqkGlayl2heWPTtIjRTncpluYtoPvtPQAnIPO081oo2XT/EGjFjGZJZg6uuNsJheUKCSDyyg4HPA6kDNnW7a6jsNZ1Mljbf2n4etzIv3cKYZzG2CM/KCBnJUZPJ4Od4zvI7DVPEs8ZyDDYToAxGfOswpHAOR8x9MgZBHzAaQm3TclKVow6tX0dOzvbaz9Lr7uSUUpRUo2k3FO63jeNm/l0TerfTbstatfsvw08GSoVbfr1grOByC0BBB69QcdhznHUnu/gdcpaeM9IsXQML7xBqL7XDFTE1lNFvGVAA3sFUg5DZyTwa4XxAVPws8Gzx7liGv6U2Gz9423+cDjjB6c1v8Aw3uWtvE1xqcWFk0nQta1KLJJxNHIpQ9uuOGwORggd45lKlO1k7yb7Wdtu+j0Wyu7au5dP3K0XvyaqN10a66Wte6TV+25Q0qF9G8Z+OdL1GN4byz0HxWyK4feYLm6LQthgG+YBWXJ+brzzj2Vb23Phn9nLSHiQ3KXSSqx4bbcXiAr2LEjggZwB0xyYm8Ov4zX4j/GGymiuY7X4a2VpqFkgAuINQMYMkhQYJSUAlnwDwQRyTXP6vqNv5n7O984aGJbK0nZEO070uFU4wT/ABAHjAz09RSlTd6a2S5X3i3Su1fZtt9Lb9TrjF3jOT1ly8t7e9Dngk9Ele6V1rpr001vGEMVl4S/aft2SPbH400cQqAoy2wkfN1Y4z3BIB4OMDkZEuYvEnwvv5Ud45fh+8aHGGCxWkq/KwBztzkj3z612fjpY73wP+0dOhBP/Cb6EzDhX+aNjuPUnghe4bHHQmuRvbi5k8QfCu0iWXybfwG428gMJLVw+D1wW+YnAGAO5NYUYx5bvSzkk9bteyp79bLVW6eTZvNJO2llGOy/vqzWjWit5adbHP8AgLUIrjw38LLDyYjJH8SdYn3ytl2/eTFc7Rk4XPyjqy9+2RPDIt546LoxWf4kWjhs5XKGTC8g4B9h1CknAwdv4eQWTTfCSKOMYg8e65cXKscbgkkhGCcg8tweOVx14rU1m3WS58Vy2i4tZfiFAUAOd0iNN6nGSMemfzNaVKqTcVqk42TvpzVF8Kben6easVQppRg3vFaNP4kkn17Xsuz26H9Rf/BDMhv2XfiVERynjWNyDzyZnBJznOTkHrnPI7V+w8qjg4ALLgADBDEHHfGMqcnIweMEYr8cf+CFLJL+zn8XIg20R+LoHAGMKGlcZKg88jaceh5Jr9lJjgAHJUIoU5ycZ9MZGcYAz6444HgTfLXrbO0t76O6j5PZ9Frpd22f11C3saTS0srXfSy++/kr6GS+eAQAQSu4ZDAZIIz6HIzxkfiRQOg5IGckZJIx0OSeMZzjoBjJ7CV1yw4xn5l/2sEBuDxgZ69cn8KhdfmKjIOASOwJH65PfjoeuCarmWlr200Su2vd1XXo/LdW6PXbq9ktFslbXu0+mz3Xo8YYg5znlj90gMQMevOSeQMd800qRySSMHjJ2+ox/eHX8+eeooPz5YHOAAV984z0yMEHGVPXHSpN4OQw7AdBxkAdCRgkdcYJyRxxRfZ7O6XWy0i9dN9/S9l3E021ZdEr66ptSs3fva7+WzKrKwJDYOBkDAyCem4ZOOe2c8niq8kZznGCQFJ4OCCeTz39fcYPSrpZfm68L0wDjBIxxwf8ePXEYBAUE9RgADIUckZ+bsCCR278CnGSsrPR/atfRNPV6ee/YyUVda3Wj1s7JWvd3t1VndK2+hVwNxJUDnbgqOOR93JA4Ayc4HUHpThHyBuU/KV4xyFYnLc4A4yNx56gYFT7MjOMY+YYJwSo7gDHUdgCevGciPAGBsIBByTljnngHJP0OPU9hV82qSknF2d9V/Le6WnR2e+upHKld20vdPrL4V0062vu9NthhQfwkMQQcdFxjnI5UkdvQfiKQqzY5GDuK8ck8YJOT2z+J+hpwBKjAwBk8ZO4k8n1J9McYz9A4ONigDPQ8DOC3U7gME5OD0+gxmrTslzNWVrWetrro7uyV3tq9NuYLpXly6O2ttHzONu+97X2Xlpdmwk4JA+TOOSM88Hpk8cYJ/WnFei7hxyAAVz2HHr3PJHpnNTDGMEZAbjI5PVhz+Byf73IHTCkKxyqndg5x7Dv+OO3Q9zTvfVO9lttvazdtnb8ySuFKhXxwBJkE7gSR07HJ4/HvSgYUHHIPr2x2GOw/wBod89MVMARgqowRjDDOMn5sY6/L6dD2xg0p55GduPxxxx6HngfNxx0HNK+qTdr6aK/Z7vf9b+QaWS0vvZ2fbmVu3S687/EQY4yFGCc5J5GDzweDnOMZ6AUjoATk5BBOQckk/hycdT/ADzirKqcAZ4xjkd++BnAwR3/AC9G4AI78E9MEeo68e55HXg4oTu3azvt02s/N6rfrpZ6aA1ptpounVLppby8ttSBoiuQTjKg8jsBnOcEnOcdSCOcA0mWBHQjABPqcfKDyOByO4H0FTDOVwGIIPI6E49s8Adz1NQkY6LxjOeh3E4yevbPtnJweKIzb2lZLRa6NadO3bouuiuZuMdOZW1Ss77rp032v3vrsV5xwMHggAnGMYPYA55z68YqAIQ2fvDoMjkHJ6/NyucZyD+IJNWZAQcbTgAYJPrySfqflx2xnGaj3AsAoD8E5yMKOeehJ5JKk/iRkVom3aPxRt/Nv8LXS3Tpbl87MGorXtstb3VrJX1fZWT3G7ThjnsuBgHG05x1PUHHofUmoyjNkHIG0dCAWPPfJ4OOpYckdMYM2wcENgnIPX1BBHfB9/TmlyOAFznPPQKB06dSc9cAcd80X3ur7N2XvLXs0rvo0lr63E46N/DbvbbvpqvNapeRGF2hgMncMH03DjPYHr1HXnr1C8ZVgp5BAJOCO5GCQc5xuB74z0OH5B+7zj9Tjnk/4+p4BpygkggZVjtzx36Ac8k8jK8+opSVvnbe22l7re71WqW103e4LlbXvJtW2emytbTXVrr69Rdpzgbc7hgHk8YIyO+c+4GOw4pcuGAJ5zxz1B4C8Z4yCSBxt44yDRuGGZiRgk+n3cAZwO3H4889abk+oUkBgPbOTkdiMYByfSojflSvvZvZLaOlku3XTpsbX83dbLfs1e60Ts18r9kpASxIBLNnbhhxxg/7vc4yc8EY9Y1zuwBkk8dOvf1yMA9RgDtgU9ZNv3jkkliTkk5wVzjJOSM8ZI5yDzQW3Z4O5unYYOeBnnHXJHH0y2WnJvZpdL6dr3XrbtsS7u2u2+m+2nW17W+7sPjPK5GMZAJ42g5zk4y3HHp83rWmkyhAWXcRxyBjg4zg8H159gOME4wfJ5BGG7d8eufQjr3xjvUwdThmBJU4AB9RjOCcFu4AxyOp5FZVKSmld8uq032at1V0/m0k1a220JJLez06JJ7X/FbvW2l9Ndbzl2EbQoAy5IyxByBg5wMBsHA6jPTOUMqEKCwwRzyO3fI7kn7oxxgVQMmdxyQvfOMnkk8YyOgPB6jPPauzjkgthc5JGOo4yDnGc4B55PHJ455UXzaSvq72u10211d17tk7vbSyHOq2vda00dtHtF/LVJ3SXRmi0kZDFSBtIxuIClQP/QunfO7nkGqJyAGDKepY8EHg9MEnIBwRg9yM8VXZtpwSWG47ivAIPTg8Agj5s5HIHGKrtIvK5654wTge5HToeOh5zmrjTlJaP3WtX/mvXTp+NjGUrLfp33206aK3nqXfMHCkjAHOOACeenQr14JI7cYp32kjYNwAXOCAM4wcfw9PUnk4C9MGs7+JWJz6988ZIB5OCcYUcDj0zTgd3Tg4Bxg7cE8HnjOMnaCQCcZJ5O/s0k0/e0jbddF0s9L97/cKM72fmrpt2dktVfu+nTzLUlwzbF4xk8dc9ePr2A44B54NVnLg7s5OWb6DBwMA9c9T04455p6/O20DhVUbguCAR9OM/T29xIRgbRxgHt6fd6nsPbnjiqUbWXKrb2ettVazfR727N+g25O7v6NW6d76vXa/bV3KTEk5IGSQAuCo7buhA55wRwc89DmBolJLckHkZyMemMZG4bRnDEemOguM21ipG5vYdBnjAIyeuD/7Lio1UhgCDkrkZGD1459ycngZz0HIGibsl57JdrW1Sv0Wi+W7vg1bd9F3utF3308/u2E2gYzgnBwMHJIweMe/ftxnthm3gllGCpJB9OMqCSMcA5Pccjvl+NxI446HJBAbjggqCScg5GMjjHYI6EDBLkAAdSp9ByOMdsEg7c8mtVfS9tt1rfbbr33tey1MEuWWkm7uzXazS7262vZK7flaIJyflUgAZ3A4OOMFTknODkEY6ZHy4LwBk53ZC43c7Senp2OcdfrxgqT1JDbhkk9s8DPf7vHHGepyMmmfexhcYHQAjnA2npjjg8Z5HoSCrvpy3ffvput9V0adktX20cYu3N57N6fittNem+g4Ru7KQAVIA2hRyVbox67h82ByTkjA4NSPbEZAUA78ZIOe3ABHHf3ByTnmpLYgYBx94DoSQw5ypOMcnjn+grWjQMOeeTgqO56EkjGWPA9TwcVz1K0436pW9G9NVp0126u50U6EJRTu7631W946vW7b037q/RLBFq+MAH72WOMBT1Kg5Gc5x0Yknkg4ppjbYfLOwJj7yg4DHBOfU5wRnnjjOa6U2/y7QoIxgEnkbictnPOOuCcnHUd6clo6joDjO0YOG6knOQepz/D25wRWKxDdtlZqyt9/3bvzW+5t9WUVJRhq1re9ultFfR3/AMutsIxFCQQCBjtncM5GM84zyvYcdMkAKBgWb+IEdMgDPGSMjn6ZPvxWm1vJnBUHAxxxjOfQd+euO57VGbZsngggDIwMHA4ByMngDPB/HvtHEWesl3fy5fVb7f5mMqF9Gnrs3br2e3prr+BiPG24gjKnB4+XkADuMryCeOQDnJxioyGZirISQCTjKgkqQAcZBXHBHGffrW40OWON3ON64xnbg+uOvXrnHrzUZhdgW2KmQcY4OeM5HIOeeOQemO47I142V2rNWsmm21a2i6ddtmkjmlRlfld2k+11tGP4Wez36s5/YSSApBCjA9+gB9OuBjOcemMqY2Y5wCSPmJ6kjPOMHk8r7jtjJrSlhIYAbQxHDHqRxjB5yQvuQM46c0zy2VcHOQcZxwc9s59AeTx1rVVItLVaWVtLX92/ff8AF36XOR0pJrW0Vazej0tfTS+z77rzMkRkgHPJyQWB6dcBsgqcjBxwOQPWo/LcZ3cNnBIUfxcDaTgHg8Ej14AIrVZMEs5z/CT3xgHAAx3XoOeANpBzVVirA4QqpBx0CnHy7jwMck/L2yASSa2VV2Xw6WS03WjTas9FqttdVazbFZ3Seknuu+q+GykrO9u6sUnjwGXaCegA54CggjAyRzwpxjJA4qKRQQCAADt6gH8c8Ekd+D+OKttjBVSQSN3ReD8vXqD6kZB7Z5pjIrbCT8pAAycnoTk4xz7Z6c59a523Zu9lve/8u3rdra7aJtbprpro29uv9bbFU5QkncQO2BzwTwQchmGCWY9PUdUUkYHzcrgZGAFPQ9NuPr1OTn7wqRgVY5YEBSzHk5yc9c8Yz0GM8g+zVCltpJAHABGPlHbdgsMkjkZ3E9arRtv0dtLbq22i+62u2qE3omnbvte1nda9elu5KoYbSWyAccjP1+nb5gM8njB4kXJUscADjBHQDqe2Qe/U/eI4xmLLKACR3bJI3Ae+eBnjaOV6ADrTmGTkckcHdzjIOSPXocBgOA2c9os9dr69k9bX1Tene2ui16jvotLuySu+9nffsknpsr26lnfheQRyMfLjtjrx82SMcHqDkZwyoPmAJGCSdoyWwT2x0yO5BPAIznAhQluACWzyOcEKOo5/Ekg5xwATU4c9Tg44ySQOh6gduDjr9cVm6b7t7Jb36eqXXXT5XbLVSTVru+nLs7p8vez6Oz38tWOyd67hhU3Lt5YZOc9OM/jjHtwWNI3Kg/NgdM42nPBxnAIyeegJ7E08gngnbhgTzlgMev1yefYdM1D8ylgwH94nAJyR069Dwc4HOT9JUX2d3pqtPTqr733a7iU5tq+vRLTR931skpJWWtna4gZTz1OScAg5I68jqRxjPXjkHmom5Vs4BPJJXPGeNv3skHkngcYPepeQrHhTuAx1wD1wDkjB5HUHAyScGozl89xvIBHJIHXjAP8AvEjkDA6VastdfLRJ9N9W10WvfQzSnJ2d7W6Rf2uW99E35+ml1o4ipzlmGARhAAfxYg456dxk+lREkliNwIyF3fKMnJOMjJxkjO3cO5AzmfOD0I4JXA+mAD7Y79+mM1Cyncvy7jkjJOACTjP0IPPPABJwM1pTa136XvZ72vrq1su3k1axM6bfRO/nbTTRava21/J2shoGADjA464PT09TxwCc9APSpBkAMTwTuHOR0xjGPlJIOeCACenDUwb1JUjJJ4B5GSMDBGM4JHI5/veplX5vmKDgHgnrjkkZyTn+HHXuT32jLdXTSV9E97RT3fRR0vffz0ycWlbre+l1raOi6adW9nbbW4RuCgY6HnjHOeVHPIzjk45PHAxIgXopGVHQg9TznnJAOM7v73GMUxnPygAEEnAOAMLnkY4AzzwcZxzSoSnGCSxOAQcAgAgEjgjHTocjAHBNTJRas3bbdP8Aljppp31to0mtx03KK3WjTenktNdtNOv5ouhgASDgthduOrABsEjIAIB5HQ9Qcig5DMdy9mC8ZAK7QcdOScjj+VQ+ZgHJ4OMANyuRyCvvuxz2J96ha43HABwAAWGecYzgcdMnB69VPQYwUNeysk+70Tdr+f8Aw3Q6HVSUXLfbraXw3T1XVau6bS0slcsSyBUPYdT0OOTjIPbjlc88nPQDMkmLlsggDcAM/eBHzcYJyBjIxkjJAOeUlmLE8KAG984PUnGAcdMccEE8k1XaQYLZIwC20gnk98AkBsk/LjJyc461vSpbJXb0aSWlm1bqrfK6vu+jwlUUpWTSXbrrZ23t8t12GSDAyMryOckgkdQcD7oyQBnnk8Hk1XBLHI+XORjBXjjkcHcSOMHGSN2CeLJIbDDALDJABz7ZBG0HuD7VCwY4K5AA3ck/e54Iwc9e+D9McdUItW2abSd1Zra+nbtrst0zjqyu2la+mzdtotbXVrWtun2Vyu5O2MFeCTu4+YDkADoMdAeDjqKjCYIwASOMA7cA/wARGeAPfAzkcgYFg7mDBl3DJIBGOo+Zupx2wQR0GODkuUY9Qrc9MsSOgOTwR3wxHJ4Oa1XLZNN3W+iskrL777ab79Wc6blJQ5ld/db3Xda6tPdK3TurVHzgg5YcAjowweMEDI28d+g5z1prKeQeGJBIAGWOMc+wAxkHGMYwc1fkQ/NknHUcZBY4IxgjjgZ56Hk8UwRMQxPLYA4xuHJGSuOecjpkc9BVWsrq1lo29Xq09IvTe1766eQW5Va6vJ+bTWlmr6Lvt2KozuJGQNwLZ5OAP4SFHP5A5zgE8S9CRgjrtGMHkcZ5z6evHHTrOFAHJJYjGOcZGQcjnG7/APX7twgZwCBkDkjjgE4zxx83TGfpTSa1s7vRWteyS6Ju+iutNbN7Mh9r3X3a2+9W2TdvIrMTgg5wBwQM89T06Zzjp3IzxgxM3z4IxjGMHJ7EEjGMjPrjpVsgEMexUke2Rzn0z2/H0pm0k8nI42qo4JPJAGfbPQ4wfQ5d9Y3Wnu6prTWLXnfRb2dm7q5D6ej62XReduluvS+pWOTnAznOcjBG7nGTgrwc9Tgd8inBShGCBle5yTtA24JAwMgg8Ddz/wACsBAdpJ+bOQSSAWB4Oeh6dyc8jPWlCnoV7HPfjJPBI/QcYJ6BiaUpNq+ibbaVrSWt1dN639N9fspDhFp2t823uklZK2lldbdtHfSBSwG0kcDBPXAODkHggEMOB9emM2BuyrZwBwOOTzxnoMdup5A9xTAONxBIOTnAPKnGSOv09cc5xUqMpBwvAB9SQcckDknHfHI3dPQU77K9rLo3JuSun62d9GtLtLUtc0X0d3p6O2q2d/l99mS53NtAAOdzEkZJA6DsT06kYqQsQFyRu38DGR6ZHQ5IAJJHc5PHLUVSTkgDaMMR34PPHA5J+bOB2JAIkaIkg5B6YAwc45BAxkHOORye/TIhPd77WWrVrqz67r1tsaK65Xb8G9fK+tr31a2Xodp4JJXxHojHKn+1bY7ejA+YNu0jP8R3Egg5JwpNfy5/8FC2Ev7Xvx6GSSPEFrJwcYcxBMnGATtPy98EYI6V/UZ4MQt4j0RlU/8AIStRx0ba45UZAB5HOcE/TFfy6/8ABQVCP2vfjoWikYSa/adDg/KFGW59sE546k5Az8NxXNWi5NXdGaT9ZQ+drOz3d1rd7/VZIuam3Jf8vaV5a6p2Xva6tW73b27PmPj3pCan8IXtpYWlhFv4Uzbohd5yulRsFA5J3AD1B6qd3Ffl7q/jzwj4G02Wye1i1XW2lddP8MafhZrNwxYTXkq4W2QMMuzsGCghVzjP6SftY+I9U8O/CW0tbC5h0EatZeHlTWpwGNkE0Ub3RMfPNIoKxgfxbWO45Ffz/nQPFniy91Cy0Nri20+8v5BqPiW88z7ZqUryESOZWJYI43MI0IBBKg4WvnvDudXD5CoYempYitjMSm+VvlvUSUk3pdpaXtsu9zt4whTrZtGdRtUqeGw+jdkrU4W5m7pbWtHV/Md44+LOs65q+sRX141/dyODaeHtLl2aRaKrfLHfyxYN9IuQHDAkkYxyN2V4d+B3xA+J9xb6trkc+m6OQPs7SwvDaRRAj91aWp4kOOFfAbOCDnmvub9lr9lPw0YNS8S69Cms3ttfiK0W6BMEYjO955I2J82RmXjd0xjHPP3J4g8MWltotxc2dnFFDZhBEkcKxom5GQrGFIDJyP4eeDxivpoOricVDD4ibvCq4TXVT5k3FJdmk3e1ruyW74nl86WXvGpJRcOaMVZ+7eLTs9I387929bHwb4a+CPh7wJ4P0c6dZQi/vtfsVlvrhA95JiNi4DEExxkgMFXnjkmvoHTLZbOUSRr5kysq5bkKFx970XnPbIOCRiu613w552jeEoGTLtrVtMDH8xUeTIdrgDAOOo4OOn3hu6Kw8O6baSIbljNJIwMdpD+8mkfHBdQMoAQfvYAwAflPP6JlOEpUfatRjGEXGN21ulH4k9ultW7PZ20/Oc7derLDJX5pxk7K9r8ySTs+l+zvq9bHjnxV1S6l0rwn5sZkRfEWnRwJt+QuuSx4UZAIGOAQo9ga7W3t7zV5d086W7bVZgIy5hjVVAG4AgOV4UDJbHOOKv8AxS8MNd2fguO6aK0L+LrNo7BCBK8ChmLyuDiMAAZyV9cDcBXP/EL46fDf4YwnStIt4/FHitlIj0HSSLlhdDA3alcoWWFAxIChick8f3dq+Oo4b27gkudpK6SUklFe7FPW76LdW2OSjk1evOm61RuMYylZNp+9KDcX2Udm391jv9YuYfDfw/8AFs9piwgk0O5iudTudkdxdu5VRGrysCEPIwOQMnBIAPzO37RuheCtE03QfCVjceNfGIsYoXjtGaW0tJXOVE90QyRKjMC0YAUru7ivONRsPi/8coNW1PxfeT6V4ct7Gee28MaaHgsoY8jylvJhtWV1GM4DcjA9a+hPg/8ABnwf4I8NWep6ktplrNbu6uroIokkJdmaS5kIJSMAYXcOAAeTXi06lTEYupPkdK9FJ16qtLlundJtLu1vpbR63+liqeFwNGEGpJVdKcJe7flWkpK7k9LtKyemu6PFrb4efFD4zajBrnxV1q5XTgWurTwnp7Pb6ZBBgsBNsYBwucHJJchgMV2Xwz8G+CPB2l65e3cen2Njb6xd77678u2i8iEA+SJXALJHtYgISWODg5FL8SP2rPBfhOa70TwTZp4m1OOGWFr6OVbbRLR9jJtafjzdmQNqhlJ4HXNflt43+NGveIWv7LUtQl1t31Ka6g0OwZ4NGtXmbhJUjw1wxHygngkcjFcOLq4LCVqdSEo4irFSUpTd7yfK1q79b6RV1a2ltN6Ua2IhOFT91B8rilFbJq94ra+15b2bvfb9Afin+1xo2lW8mjeAore/mhPkv4guW8nRbTyywR4RgNcyJ1VdmCyjkgZr87dZ+JfiTxz4iv2jGoeMvEV3cmSJWikfTonYqhmgs0/dJGnARmwDhWzgmtrwF8Avib8Wbm3vtTt5dH0PeJI5JonhtlhLZ221vxv+UlQ7YY8MM4r71+EXwP8ADXw68YX2n2lqtxdjRbGae+uFV7h5nlIZ1JB2ISfujGOORzWNHD5lmdalOcZUcPUkkpOLjeKitIxt7176N67vc5MRisJgaUlTqRqVqcHJwhK70UfjnbdPpFq9n0Z8s/D79krxf4zvrfXPiDey2dtM6ytZQ/POIcjEMYHFsNp2gKD2HUBh9zWfwn8KeBbbwXpuh6Ta2W3XS7yIim5uGiiUmSeYgsxzyQG2gnPHIb6Mt9NS38uK3hwoEZ4UDk89PQ+hwD6Dk1z/AIrs1h1rwNEwyX1HUZmLKMAR24bdy2MZPLYwMDoRX2mGyDCYShb2UZ1ZVKSdSavK7nFv0s09F3s0fFzzzF4jE2dTkpxhUbgrqNvZtpJK+u1nK+2i1027a0i+1xBkCwiR2baAM4ZmBPPBGecdO+Mc/K/g54b6H4j3QjLxv4tvEEirkssRZFGck5XB75AJBGDz9LX+qmRn07Qof7V1IW9xJNLEcWVgqoXMl7cDKLt5IUEkkYI7H88dH1nV7FNZtX1edEutb1O4ljsSYYnl+0OuSwYllycBsENxznNfe5ViaNDMaDpr2rw+HqucYtNJzjCEE221butdE72bPzzinDzxGTVadefslicRRVPmi5SahLnm1Fa9nd7vRWPQbFo11nxKhCKvnwuBIwjJUIo4BK9MAjOc8fLzWtLdQISn2u2VcKQDNCOATwAXB+UYGf4jnI6V863Ctd6jrEk9zeykPCT/AKU+WJUEhiG5yAWJI6jp0aqrWdjvkmn8x9oAw1y5YK2SeAST3JPbv2A+hweaYmGFlyUKbvWqv3q3LZyqPdqF+rVrtbo/Ms04fy+viIe1xdaEnQw6fJQil7tOmk23UWjSvtdNa9D2LxTf6bJpWrLHd2zP/Z844mQsWwx2jYT1HTrnk4646v4K3lkvhHTBc31pDt8xv306qeCRjDHO0kEEgDnOAM4Hy7NZ2Rt9RkW3QIbGUo7Ss33c8kMSM/eBzgjGcYBr2z4SaDZan4atN1pFNKmB86M4YMM8FSOOzdMFSfSsI4vGVszjNwpJ/V5pxjOTS96OnwpbvW7367GlPKsvw+Syp+3xbh9ei1P2cU3LklHZylddV9+r2+lV1vw6kyB9c09QCwA84NgZBGQCNxHv0OBwDmvG/jXr2g3PgjWrWy1azuLhpYCkELHc2JAScDjgkr9e3BrpR4CtVdTHpMCqRlm8pizHIBKLu+b1JwBg59RXnnxU8KRaT4R1m5WziQK9uGkMRRlVpACFPP3MHPzev+9RmFTFvCYnmjRi1Tnf3pOy5b3Tb1tbWyeuuly8qwOAhj8Hy1MZNe3pO/LFJyUoxSvZ3jLyaa66nReAvHXg/SvDmkw32pbZktofPiWGSRlYR9mCnHBA+91xt5rq7r4ueB2f9xcX05jBJCWsgVumM8AHtgepHvXD+CfDNrd+H7B3aygdra32NJ5ILKUOCrM/BAAyH78gDg11d34Y0a2JFxf6euFyfLntVySfmUlXyMcgc9QeccjyYY7MYxo0/rGFpwVOn9hvT3FFXdRa9tFf7VtUfUvKcolUrVFQxtSXtJSleooxb5r2VoP3U7bt6W1tt89/GTxlpPiGTRTp0V/+4vEeVpYvJI3kMqpnOCo6jkEjHAHPKHXbfOFsb6UKEUrsYFuACcDn1yV7jrXTfFBNHgutJSK7tGjj1BC2yWIlIxkh3Ck8DcBuyQTj7uCDjvq/ho7vO1ixRlK4IlQdOTwoIyTnA+Xbzjrz00cW1UrTnjcOqj5E5NwWyV2lKdrNX8tfkYywVKVKlThl2InC9S0VKcvtw1clCKfMtUtLbXuhuleK7jT55XtdGvJDPtiCzHbjAAO0gZJHPyjONrdMmq2u65qt1q+gynTDA6yzOkMkzPk8cuMLjbkk9+Og3DNm28V+FLS4G/WLR1jLMCGL4wSSdu3BOAcDHTHXbxiax498KvrWkTw6jG0cJnado4pH2sxDDgLzux06Zz1zUYrMKMqEYVcxpuPtaLsnTVl7Sk7prz1Wui1vuzbA5Y6WJ9rRyqpTkqNVOUlWk/4Tir3fK7u6+e9rM6Ua9rTee62VrFsbklnY5yc44HUnnOOg+6cUWuteIZWdVSz+8xkcRtgLjIBIIByeMn0yaxR8QPCybpDd3EjZLCNLKTYwJOGOV5z0IJIPvjmSD4naFBHPst7+YzZ+RbIjy15IOQBuB4xnqNxC56qONwTl/wAjC60SUZp30i/s3vdtJ3s3u0zRYPFyir5ao2bS54N8vw6uMpJpO+t9dNUOMmrTeI5nle1SYaaoIC4RFBJAxjrzzjr2752JINTaONkurdMqzHKYVjkA84Pvn7x798HgV8c2za7Nfw6RqlxC+nxwpbNCDKCM5fBA4bOBuIDDqc4FdBL4+eSNFTwnqshEe0AoARnnHLBQQexBxn1ArKGYYKMKjVepNupJe5GpKW6s/di3d38r2vfa+1bAY1eyvQw8F7GnpJ0Yq+2zktE3Z262t0OqtYdVIkZbiAA2rGR1UAkqOMHABxwcnjPBPBqn4V8N3mt3usNAsMyC5jWUyOUBcjGB0wNxI+8TjOOgrHXx7ffZngh8GXmGj2AySFT83AJPPqOM4Ocg+s3g/wATeKdOudVjsfDcM0lxcx3Di4vCn2cPwqMNrBjxxj/ZBGSM5SxmGnOhH/aJxjJy0o1nNu2iV4rpfd9Nbbjp4XEUqeIs8FCbpwbftaMYJc0FLVTaSSstdW3pdKx7JY/D/VbVVlhvNNsFjlHmMsgL7Q3JKnqFwMnr3I+auruvC0pgtXvPFMRUTpg2kS/M/B6qOSehzlgBzjII8pl8WfEucOkGjaBa87XEkplABHJxtwSAwJII6DBIySkus/E6WCKGSXw/aJGwCiK2BPTOR05HXPOTlscV6csRGVKEY4THztf3vZyim3/jkltprvvpueNHDTU6knmGXQeisqsZWleLTShBpLq1e17tee34b0TSZtR8TCS+vJ0XVlUiM4kMmzlz8vzAhck44z9a9EPhfSjD+7GoyB2K4Lsp4wDggZOcjII54xnivmDQrrx3JqOrCz1qxsnbUd88ptA/mS/dYplgAABuxxncenBHbXEHj0rum8dyIOdq29rtOCBuwwYjg5B7r3AHTiwFePs7xyvEz5Z1G21SitZ6tOdXu3vvrpqe1juanU97OsLSg6VD3b1pSX7qmm0owaSf2dulj9U/2AvEHjD4Q/Hiz8f/AA1mn0bWPC/gvxPdya7dyxfZ9ML6bKIXliupIopmeT5Y8sRvwcY+av2D/a0tvBPxP/YZ8LfFPxz8RfG3xg+It7Zzak+saxINP0TS/EF5cNJJa2Fn5n2drawVjBvt5JBLsLNtDAt/J1pdv4kUTx3fjrxBLFf2M9hc29vezWUVxBIhLR3JhYF4+SChJU5xlep/RL9qn9tBP2hP2Wv2d/2e/BvhO5+GGj/BCBbPWb/S9af/AIq+4hthbPcSwxqGEc7gzusjybpGz0r8N444BzzNvEHJOJssoTw1L2+XqtTfs706WA5pzqTqRlLl9rzRhFRTTjo3Y/XuD+Ochy7gvM8lzLFqtVhSxTo1qcZWlPFwjGnGMZJOXJaU5XaUXZrU+HfFeiWX2tDJHZpPLMzXD+fHjeW3dA2A2Mjg9BtPXnE1ePTrbStS2y2MROnyqAXg3ZCEDChm7jIJHPpnNeXap4MtvtAW41TVpnZ9x3XssmSfu4zhgfm5BzjPTdWdqHgfTHtrza987x2cjMZrmUKHC87skqec9ecYCg5r9so1MxpU6ieX0YyUfem8QnzNRi9eWnpZa/F6tLf8lq/2ZXqwks0ryh7SD5fYfC201Fv2qT0t00ta19DtvD954ei0eyNzq9lBItq2VMyAhtzHaSoyDkjIbp1BGAaWTXfCccbKniKxjYHhDKrsQBhuBw24kZ644APJrhvC/wAPvDsuk28t1bGWeRXLHznIPzHjBPy8e23IPOc56QeAfCMRUf2TCzBQOGLtwM5GT14789eO42pwzatRpcuFwUIuEbOdSrJp2ik01BJryurbWaszDEPJqNSpJ4nGVJRnUuowpwV3O+jc3o2ktflazv1Mfi7wLFoN/DP4jtp7mWBxFBuY7jn5Y8hMAYGByRwTmuUHxK8C20cMZuJHEUKJtt7cnbJnawEgQkqcdSSDnI+8KtX3hfw5Dpt6tto9tHILY7ZXiIdGDckfe5B6nnByDjjbBb+GNFNpaPHpUL7beN3YQIS74HznJ5zkFuM8/VhksFmc8e3KeDjJYeFnyVHH4lo05aPvZW/Cw80yqnlUFCnjZxWLaaVSlGU5ezi3eST0SauvO2hesPjdY6dDNb6NqepWNvOrJMsNsT5iuCG3N5eRv+XGM7TxkA5Pn3ijxzpeq6ZcW8MV/JPc+WWnkt2BGxwSCWC8tk5OSM9eMCvQF0m2jkaO2sIVyobBhVcKQcjnnnHYHI6ZrG1vRJDplyWEKL+6wqopIxIDgtgFd3AOM9u+c91PJ8wp08RUjisLD2kJOo6eHa5lZJpuU1rbS9r+mx5dTP8ALsRVw1KdDFVlGrBU1PEx5INuEVa0Olo6p6epj6d40MEcUMGh6rJi3jRGS1wrNtA+VuRlgflOB7DPTUg8e6rFKr23hXVcr8u/BRzgk8tn7pHGM8jseCOzsbW8+zW2y1dVW1iUE4GSVxk7VPPcEnnnJGKsJYamzECNxnPVugB3HDBRx1weDwckjAHpU8nx0oxbzGck4LWnh6UbJ8javJSejdr9zyanEOBp1HGlllNNTkryr1pu8ZK97ctrvWy79UzynX/F/iHU7ORLzw9cW1v9simaSWUmRm3AoGA+baTx93IwAT1zrWGr+OAYha6BZKrZIaScBWQopBx/C2Ac8nnqeDnT8X6Xdx6VNLcHZia32Ek4ceZnn7uQOQM5BGegJz0Gmw3f2S3Xa7N5cThjGcMrKp+9/EuMEAjOOeCeOL+xq8sXWpTzDFq1GlU5oOlGVpN+6/df8uiV7J/d01c+pRy+hXhleEalXrw5airVIrljRkv+XqTcr8zbutF00OWl1T4ksWWPTtHt4mbj96GIOOehGOuDnjt0znnfEM/jmeziW+n02ONLuMRxwqCUl3rsYkZ6knI6ADIx29Oe1umZFdSARnhQCuOemVG45OPb1I55rxHC0VlEEYlmvoVJcDbksDnHODwAPzOM5p5hkkKWCquePxsnyJ2liFZp8uiUUlpdfe1YWU8RVKmOw8Y5bg6alNRbjhruKcU7KUpSfTf77GM1v8S9ke3xFBCPLT/U5XPy8EAkfNtOOck7SQcYx3XhjwNrWqxGbxL8T4NEgTdmJSZLh5FQyIyQj70bNgHLZ3BsjHRUhJhQEsXCLu3zoijCKRwW6ZzjA7qcd6oiWEq/mvZgo2PnukL8HgjByDx2Ax7EiksmwKhByxGKmnBX5sXU6pbJSit9Wk0+lnfRf2xmdarJUsFh4JtqLhg6be6e7pvpord9dNDzzWvDmsfareP/AISW+vkbVzDbTglGUI3yXUQBIDOACo6YbIIzg648EatPFIkmu6zM4kyzzXrIHBXnOCBgHpg/Mx2jBOToane2xn0dzf2oCagSVjuEJiUDLOcZYBTnkjnGWwRx2C63oAB36nYMRIx3G5P7wL6hFYdu3HGSdoxXPhstyeNfFRq1k4p0bOriZW1jGTT993s+m/ezevoYjMM8WFwXscPJznGtKoqeHirWqQUV7tPS6vsle/Xp5vF8PZJkMZub5sbs7r+U7lB54DN369x1xtyRky+BrTSPE2g+cbmRDHNLJA1zKfPADAAN6n1+bOO5AJ9fi8aeF7RWD3tvGQcMIo2myPUHaDndnHbBx1GRwut+N/Cs/ijQ7xbm4aK0glFwz27FtzE8oByygYJ65II75GOY4TIIUE6WIwzm61G69pG6XtIX1k22ktX03Q8rxXE1XGNV6GKVH6vXesJKEpKl7isoq7vZbPdL1/bj4A/8FEU+DXwb8MeFrvR/EnivxT4IvmfwLa3vi2/i8MaJaXFqESS40tR5cstpc4nTc+CFCHpmvyq+PnifWfjn8RPEfxC+I08niXxJ4n1KbVNT1OSWYlwzsYLZFLYWO1iIiiC5UIgAzxjkn+K/gaIBVe/nQoqKy2jb8YG4Ekjk7c8Y49hisqT4v+FJFaNLPUnU4RT9lRcr2xlsgn1/DJ5z8fk/CPBeR5pmObYeeG+uZlNzr1J1va8qlPnlTo02+SnGcm3JRS5t2z6/M+IeMM1wOAy+rQrxwuBhCNKNOn7OVSUVGMHUdoubUVZOUnvK1r6eaaf8OdK/4SSXy9Gg8o2LyxQszEB/O2hst0PdgRt54J6j0iLwJF5BaPT7C3KgDaYVZhgEZJ45yu7OD0x/dzzSfFLQYvED3a2d68f9nGLyW8uNlPmbg5+YAAY/MdMVsXPxr0VUHlaWvOAzXFykW3jgkq5YZPJIXuTgkZr6zCYzhTDUaqqVsJGXtpNONKOqtBbxg1ZtO1rfLr8vjsFxpjalN06GNlD6vBNOs4Lmbbekpq7s7aJ3fW97b6eEAkSgSWsDfL8sNomThiMkEDHGcZzxzzjIl0Cws7bUtag8gTNH9lYyOiArmP8AhDLlQTyQN2QOMA5HGT/HvSoVASDSomUYw19zyeF+UEcYCjPJP3sknPAS/HNF1PVb2BtJP2pLcMBNlY/LXb8uVG8nqxIyTjkjAGGK4k4Xo+xlSrwl7OqnNxpO3IoNWV7K7bX33XlvguFOK6qrRrUKqVWglBOotJe0pt82ujte1t0t2j2zX/Deg+JL/RdE1aAmwvb429xsjCSqZQQhilUKQRgFQCPmIPHUc5rfg34lfBHUXufDNzdeJ/BDFy2m3gkuBa23G6O7gYs1uEDbY7iI7gQDg4cDwnxV8a9Tu7W2utO1G0gv7G5iu7J7JA5WaLJjDggE5IBPLdvavqr4S/tP6F4stbHQPiL5emazcoUfVZBnTr4FdrCcMNkRcAEqVAB4ByM18viM04fzjM5xoYt4OvOFP2GKcfZ05Ttb2c9XBptJNSVnd69H9xgMn4hyfLKHtsPHFUYTn9Ywkmpz5HKMo1IpNyUl73v023F2dtTsvg7+0hp8Usmk2MttcwPKLjVfC+oXOdTt3Xl5NHvZCHuRnmO1crgKepAr7Vsda8PePPDetX3h+9S5ePTp2utNlKR39o5j3FZ4WZWcqV2fuww9843fAmp/s3eE/G0fiHxLoM6+H9ThuHu9G1vRpAbV2DblZ0iYAgNjDcYzwCTx5PF4g+InwnvRYeO4tYWzlhMOmeONHE0bMoBEX26SIYa3bGJQ6tx1wPlHrUMwzjJaEqeJ5a2EkpQhXhJzoWlblnzLWjdv4WnC/VXOKtl2T5zOnOg5YfGKcZyoyVqylHllqtI17NWunGsk7uMmrH6e+FdPlTQNIkWNoGNiFZGXOAsjgLkqDlSerckdOTWV4htwx8VATKWXRYQykbScc9OCSMchQAc9cV418Ev2n9L1bS7fR/FbWl/HabLWO9t1jS7e2UnbPCOVuThdzmRkIIO0HkV7ZryWet6X4l8WeGdQg1nS5tNkWYWoBuLDbxEl1AWDo/JHCEDoCR0+wwGdYPF4CEVVSq06S9yTV9IRjzRaup+9d3T7q2tz47GZFi8Jj6rlDmo1K8ZKUeb3bzg9UlFpq7vFxWnkfQPgPxxfeGvB+ipaQW2oWkvh5babT71RJHIqxnJ+dWGM9QOcknGBk/AnxX+AHg741/ECxls4oPBms6zpWoSxWtnGG0j7TZksZXgIVY5JSwDfNgZJ9Cv1dp1yH8I6EsRZT/Y6liwxsJjOcgc/XIwO/BAHmunm8svFfhC+Eqs/2PX2BKgtyE4wBgrwCQecEHAArbNMjy7McPg51aEantPYqUlZStNwTcZLVb6dl5hleeZll1bGQhVajRjXnFczs3BNq8LOMrWu012stT8tfib8BviV8FLmRrmylvtKLlDc2sbXujXUKkYjcLvMZI5cMoVc4zgV5d4d16eDWbfVvCmpy+EvElttIhW5aG3mkDk7IGUhQpII8kjBIAyM8funr2vWeoadfQapbRXUE1jMktrcwB7ZyF+YeWwIG4Z3FcYXrnv8NfFD9mTw1401my1b4b2VtpN7Joaajd6UpKW11crI5Y2TKcxSOQdqgbSS3IBJr4XOeCMVgJRr5ZUqV6alzQoczhiKSvFKVKorSbi18L300vqfcZHxlhMwvRzCnClKcVGdZJOhUdtY1ack1FNPV2t3a0NH4XftcTR3cXh74vacsM0lnNaS+I4oR5UxeMIr30JUp5ZBGZELHPJIPXstV/Z6+HXxE8IP448N30OnauJtR1GDVNKdHt5BAGmh8+KM/uZWb5QzAEHBIbkH4N8T6H4h8NzT+H/GPh7UbJLFhsnvInjubaInHmJcNiOWPnjLBiuMAZAPR/C/x949+G8Tz+FNXGpeG5pmfV/DdyCIL+xYkOsUTEiKRxkFo+DnGADmssDxBWssvzuhHMMPBOn7WpTccdhH7qUpXtKootXvGzaWjbOvGZFT5vr2SVvqWIk1NU4z/wBjxOsHKMWrxp86v7r5oOy23P6bP+Dfe0u3uPjymr3zXt9F4cit3uHADyKly6K0hO4k4BKluSo4x0r9x7mNVYqpJIeUAk4IUZAz6nqMDp34r8Qf+CAXiTR/FGo/H3VdIgnsGn0SB73TJ49jabNJcMxgjcqu+InBV9vI24r9w7sYlboWMjjA7ZY8d8fNxnnGdoOcU69RTxVR0qntaXsaCpzu5c6ULK/Nqmr63TbejV0z1MvhNYGmq1JUKvtavPBJe63KDslH3bX2SbWqs7FABsDGCeT82ckjpt7/AJ456e8br8oOTglj/Fgn+6e/16HsO2ZhjH3Rknbj5icdBjsBxnrnmo5CTGDxkk5zj36Nzx6nbz79tY2fJd9Fe6bSV43/AD1vbXv12lFN3T1112s+VLTrb5LbTTQoCMk44BGWJ7HGTgc+3t97g+htbADe5JPGegU8ZyckAdO44FP6kcE84AUDrg5PI3HHUc9OM96QoMFsMCpxgHAxg8geoOM+nTvmt7216d7+lmrX/T5brBpJu+6S226X3/yvvaxVKuoA4wrYAOD3BPBxg56Y745qNlOc7D8zMTlcg7icnnj1yBnjHHOTbdAN42kMDknpnuR+GfXnHNNJweOOhx1AOB2PTj9efppFyatp9lrVafCtf1a1Vk2ZOKTvzdlvqtrro9vRLqpIqABkOMbt3RgSMA+/Q55z6+mAAFQBymQVI4AJzyc7RjIGMZzk/U82gBycAnO45J+Y5APXoSPTOQegPVWZSwPIJyD36jgAdcADr1AB5GQK0Ur6LdK+9nqlr1dn31263CMVHmlfZ9trSjrdpq7tbrvroUgCBhRtwoJ6YJbBIA6dR3AIGAOMik4J+bkfMSQMZxjHqOOxGe4G1sYskbhjBA4wcjtnBx7fTkHgdqbhlIBGV27QAc98kjPGRjv3zgdMaqb7Lpa+t3dL537fn1XLK2nwuz1ur7bLW+/S/Sz1dqxByQ23K9AO4P8AdPIPcduhOCTy3qwyeDzgHac8D5mxyfmwTz6njJqwdrFcjCgkA7fmZh14wCQMnknvnCg4qHcQQx64IAC42ZwM46ljjgMc4PHQVfNJ9EtPNdFtdPbrvr+Oelnotd09Fr6LfbbZ6DRld2UDfd78sT0Ix6cEAZHXORTAAXVlQNkgZ568jB4GV6jpx/KUDKHAIAKjPIBIPA6jAPcbuO3HJCCTu5AyMkk5yScYGeRjGcAc4HINDT7/AJ2tf13/AD66bJwjdP8ANKy2enWzWrel9ei1gAAJLYGGBIIHAPpnByOT+VCqBna2WyNvfGTk4GcEDOcd+c9KlZdxbhsE/eA9MYPOMj6ZB796YybgT95sHp8nIPJ4PTGMZB44HPNHNbz+b+X+J9bXvs7PrDinO797s27dtUlpfXq+1u5HIhy2GGVwMdBgY6jnryTyfvDgdKjYHrnGQMDAJJHToBzn2569OKl2mNTjIUMMZ+bk8Efe4AOCD0OTwaYUwDjA2nHTjkk4xg5yc5PHGfSmm3vrZJrzslfbRffrZmM4LmSaTbT0cv8ADfS3Te19PRLmaVABwCOATwCefuk5GOOM8jOduBxljK+1mD5GAu49emCOudnXp1xgdlLyfmAGccLkA4OBkZ/u4wc5Oex5NNJIUKAu7JYkjIyo78e2ORg+vOQ76p222s7dulrd2+/nogsldx630TcbtcqSS0vrponrfuQEO+SuOeAGByBgHcOOCc5z15AIxzSBMgZJHHORub5SQATn5jnv6jqB1uY5PoSCM889Gx9CCBz6cdaYV2spwMHJAAPHJ5xjAc9c9xwT6ae0dkrXfu2u9mnfZba7aPRvfW6lBqKabtbV7xW2nV3ffTfbe1cR+Zk5Y7Qcg8cdSO+ADg4x9456YwhjOD2wwKgjjjg5PT16g/KPUEGyI/mDYbZuJGAc5Jy2O5wD+JBY5P3UYBGIIzuOfm68dCcZAPHryMnuMJSW7aum1pfXvrrdaW20svJEtRsk1FXdld32Su1ZarfZO1yuUw2QoyG9T065J53HJPHAB6Z5oxkqNo2kk8dcLnr1BA555+uANs0jLy3I4U56ckc8c4x/3zjjvtqPzBjBVjgDbtOMA9cjngZyT2zxmr0td2W6d9dNE7vzelr3drvyS7Nrffp0TtpqtLq7ta/cbsXIVtxyDnBHAJGFJHBxjnn5vl555gdnBwACqN3Bzt5GM8/ywoJ7YqVnyXABAwMHHOP7q8Dpjr15568ICTkDpxnAzznpnA9s49R0NOMldW2tdJpd1tq7bJX3+5ohw1dt3tpo9tnu72v87q+pEDnIYfwkc+pIJHbHowzj+jCqkYx97AYY288ZOTkjvxx1597CjlwSflwABzwB0JOMjpzng9qYchtxzz8xGc4zlVA4AJORz3wMkdDV9tu2kbvftpdvpr69bkoXVrX0Tdtlql0e2lt1Z2dr2INhVi2SAAGXYQxO3gls55HYnBPfvhNzFCdxGAS2MKCCemOAT0zgZ5JHJNKwJyAo7Zydhwx6cdw38IPIzUbE4VcDlCGBDY2jHGegxnhcdeeOjXd81rvpdadLapvW1kvN7dzF3s7uz2101tpZb+ltOgB8gjI6BQvAB3DIODg4b1wOmSOcFgY7VTC5+YHGfmXocn8MDvnJ4GAAElirZOWP8PAx6Z7HPsCcHPXDlAGUy2csoTAwBg4BPOflHOTwPrmqTuno27K2lr3s0/N2vp7tuqurC+FKzTTS7t2uraKz2tpbqnuQYOcYyN5xjqRnJUjuOOPbP4SFRkkJ/EBnkNnsoHGBxjPXjn1E6cjG3kNgMMZJ9jz0OSB144zg00g5J25VmxzwTtOCOCOo4BGQBnDU27q21mvPaz9V9/e29iErp637Ky1tyvXyaXl0v2IgvJC4PTjpuJPOeuCuNpB9Cox0DWLfK3AbPBHzZ4IXGc8DBxnOT2zUm0AFjuAbkH7y5AP1wAcAdyR1HQx7gTlUAGAQBjg5IyxzjPHQcgdemRS0631sru3bfW2yV3K6WkUlFBJ6JJ2ttrZ6cqunZK2j9U276tKNuDzgYXuBnpznAPGcbT/e4PIpFyApwDyc5ycdenI7EDOT6jIJpSSNykgsF2rjqDkZO7nI/wBk84IGeuQgA/NkfP6HOAFxkZGMkeowe+OKpNW1srauz3d42Sje9mnfXTstGzF01K12+nutu3Sztqnvr3to9xpHyghcspIJ5OQccZ9MEdhyOvPDQp2cEgnKkZHHORkZ4A6jj5uQM4JqX5s5XuCxye5wM9O2CORzwcDpTQMbccjjnJzhcMRjP3t2Rk/3snGOaTbstb6PW2qfLpv10aWtui0THaUWrJpL3b6d09NO61ur+dtopAcqSMqWAGO7AZOehz2XoD2PPAMlSwU7SRuAIBBzjtnk49OQecgg1YLK3BDAP0J4AwcHA57AEnHUAEZXhrd8EbSQvXB+UgjqTu5zycE9Bx95JXv0s2pPrurbWbu9Om+uiuQ3abdpN+7ZW5uXbfTTq1run0IGDH7oIAA5yCOBwDnv0XB4A+bkjFRFXbOQV27iexJ6HOOpx3I6DGDjFW9uVIIbdkZPQAdhxnjnOeScY4wMtYhQNwBIx2zkHnk8AYDHJ6kDkcjFQkk9rLVbJPdW6W0d9NbN76otNcy93R8tm7dXFdm211u9Ur904cOxwFAJUsMcA4GRnCjGFzlRxnjJwTSsC3BAHAB25GcYwQDySOh4GMHaMdXvknGMjGRhhgjAOewU5z37ZyCaj6gZVgOpCkMdxyBuOMDjBHuoOeQKWrlo1q1202vdJrfbWzT00trChdK6e6S1SvqtNVdb3TejVl2ujrtKg5HJIAznuAckjg8EA8AYI4yKavfcTwCCSMjLHgg525xk5GCB1xkmpVUDGVbBG0sxyMdzzk/xDcRjseaUhmIYMNqjJGQDhRjGOcg84A7H0ou7JbWbaabe7i0rp6PdO9tOt2xSjbldktY3Wlr2um/J76LS++o0gKVwmcYILYAI5GfUA4PueaYMhh84wSx4BJHOSPvfKSQM+gx0GakDZY4wBtLMTnhiDnnv97jHGfxo2hWyeu1VGRu7Ek9QM5JAOMDr2Y0lUtvHrq3p1i7Kyu1fffTe+tmoOW0r3e29tk27aaere+4qshZQQSCo5AwTzx/EMDqOepyA3q7dwWbggkE7c43Hg8k46YP8RPTaAAYvmJRd3PPzBcBcnOMk8nAAHUdfmz0cySgtwAuFGCeo/izx6A4UZ2/MMkHFNSTXRWSaVm07WVtFo110e6ZDi77uz62SVrrW199dO19V3aWJywI4wv3fQ5zj0weenfO0clCNwO32IyOAB35yOfbp09MSbW54Ck4YkgkYH8I6EdQOBntkcZfjYclc/KAB1BLY6jgY746nJ9CK1VrWbT0T7P7N+9lsrb/cKyT0u43/AESX5fPy6MAJKgjPccEYA3HB6jOOT0z0Ydw4FgeRtwDzgEYIPPtjknt1AGc1KRz+IAGckDGPl7Y69PXB9aYVdsHGFJIIB+bI6D22tjJGd3Q56nOb95W2tq152fTa6Sfo++iaTeyv/S1/HTu9BCrbTuOfmAAyPzx3PzHOSOvIzUflnnHQ8Y24Hy9Tz13A84+g5qYFhj5eTlsk45HHsTnsp4xgdKHZRhu+08HHyk8H5TxyD8pGCMt17SqijJJXb02u1ey6a9G77O9tdzSKj1bjePS6avyq7vZOLu9NdH5aVgTuVSVIxkgYAIBXPKg9OMELyccnqHlfn5yD2OeoOCMAnOTzk4XGeQM0ufmAIUZHp1XJyBz94knjjOACPU3Bs88KAowAOpJwfUgDkAEjBxgYAbqK6TTatvJXvpFaap3snK71etg5LappvVpW2s4vVXtfW2l1a7va43DlSNxKkAMDnd1IC5UgEEdeOCTg0ZYAt8xGAFbADL93O04xwT1A4IIJAxmYjdkgEk8en3cHODngfxAdT1zQcgcHnGGwOfYAZA7j0xkEc1nzXslpe1tLK7Si7p636dbu7vqiottpNOKaspJttbW1WutuvddEVxnBC5IYHJIBYknJ6kc+nzDPAwe0wyMjA27fmwvPK468Hd13HkjPXuVTqGAYbTgAnpkYORwM8Env6HnJtZyc5Cr95sgnc3UH24OMgE5z65Dvy6XUk1a9ulovXa2ytqrteRSgmn79mnq9/wCXvZxeis1pstisq/Ku5SAwJzg+vrkegHHHBPPWpArfLgAEk56rgZPUYGORjsAfcczdSMspXOQpHOM59c5BOTySCM9Osg2gElj1BwAeM4G3P5EAnI6kjGBD12W1trJJWik/W927qza01tccU2nzN21Ssl0Sbve3vO262vo2iMKQo9CMHI7Ajj6ZHB78jlaFQp0CgH5unIUcjrwSc89M5A6dZyUUqd+FDEENnODwDjgj2OSScdMDD/lL5BJCgdByxPzYJOSRnGTx3GMEZm/JqlfRuzs77J3137a2v30EvXVO90lpdRaS7280r2vqmiouFALA5YnnaMAcdOSTlhgn6DaTTgeRjLZz8uBkgDPPAIAAHcjPLGp9pBBzxuLEEDPoOAdoHU5BOefU4TGSwO4DBYDAwMkEn72OcZHzcZHuKIzbilbd76WV4q1rKzttvq9+qRFy135nbV2cr6X128mmls7aWGGPJBHAJ3EEA4JyQAMHGPTd1z9KlEbjJOeeT0wACByMA7u2QOOfelXlsbSeOM9SB+IPQevHPABpxwmdv8O7JOAdrAAgcckcde/Kis1Oz1sl2vbsr6/q/nqDhJX91p6NpaJX5VslZ2Wtur9WCgAYBBABycHIyeeMjJIGCc8k9eoDgBgBeflAxjHXp9R6gH178UhkXChuTyuMZBAPzZPf34yeOakyOq4PBI3ADjpnGTzgnnn1x3Jq7fJJ30vaOqtdJeiWr6jV36u3qnppv2Vr3aS77CLkjbjr8p/nnPXk9+/PXFLzu5IGdu0DBOBwdw7nrjIHJJ4AxUihwGYDcpPGDnkk559gOnoM9eKaO+3bgDaxx26nBGckKeBjrjPPFS3bro7bO9+y/rZdjWFO6ve217ebjbe+vXbfyTInBw+1UbOck8E/dzg8g+uCBj1I5qhKrAsoIBGWOf7uATkjOenUHPHHU1pMGII3FSRx93IycksT/QcnJbIFUpujDlWySCw67ckqPc4IIHXqOMmtINWtbV67WerjZN2b8nr07aFyi0k97dd7pJO2/XZbX0tqa/hRCfEWlqfm3XKKTnnJK9+OmeowQRyCOR/IJ/wUukuE/b2+PxtSgna/s1RmUMY1MMStIRkkkKAQT0JHXnH9gvg4GTxHow/6fo2OAADhwScfdGMc9BzjoTX8gH/BTBfK/b//AGgeSFFzZuQCAxDRRnBxggHABOBnGBjJr5XN3bM8M02pfVXytaW9+Cvd/PW3T1Posvt/YtdOKcXiYtvS0rQh0e9tXsvPy+TdIttsjNEzedJbRtNcS8ySsMEhGboCc8DbkbcZOSfePA0ccWt2d7L86W8to0j84XaQdqjHJIGcjtgH5q8Z0BfPlM8+5Fe0HlRgDLdgBgcswyAOc+3f1HRrvWVhvLXR9Klmna3VHmdWUWkZG0fNzmV+AqnkfXFc06fKrNJwmm22243SV3KydlG99eqfc8z2qVSE2nzcytG137utklZJdPTSzuj9DfhR8ZrLxL8R4vhbodykuo+JvLtL2+tXx/ZWk2yK97skBz9oliDpkHMZ7nBx+pMlhDp/hfTvDegw/Z9Ktba8hhl4ULAqMZZZHOCbid9zsxJYk569fwt/Yo8BR+Hf2i9EvdYvRJqd1pWqXUWlqxkntjJES0l1Jwd+PnAY5IPHAGP3X8XX0sPg4y2DLBFbM1st0SMSTXC4JUA5IwxwF6e5zX5PxHh6NLHqFJ70oVZyT5nOpJ2bTXwx5VZJXtZN30T/AG/g/GYjG5X7StHlarTpwUIuLjCPLHW1nJu927XeuujRPZ6pZaD4TstPtSHvLuzFzczSAFbKC0cyIGyAS7upMSLktIORkccNfa3JpjR6hcW5k1DVpY7rw9o90Az2kjAI/iTW0JyoQ82NtIACwVwMZz0Ok2q22n6ZfahGL+5msrc6HobqfPurhHw+q6rxmLTrRg0iIwAmK7SMNmua0PRG1TX7/Vdeme6CXTyXV5gj7bco7CK3t1IAS2hX91DCgACgbuOvy1SvFwlCOiT3SXVq8b3va1k2r3tZaO6+yo4Z83PNNRts1o0uVLe997N6a3tZIx3tJ9Qupbecy3NzeXZNxcyEm71q9kQncx+8IxIcIudoXCgY6/Q/g7wXY6BBPr3jm5g0vRNFskuvEFzPt8tbdMNbafb7iBJdzBRGkKZZnYDGM1D8PfCser61feL9VWOwsNFMlyJroiKy0uztlJkurlmO3zCikhTznCAHgVB4h1y3+Jd3aajdQta/DjQria68P6bdFoT4o1G1cmTxdralk3aTZbWNhFKAsrrG6gnDDNXUbK120m+0dLLfdbJJaad0RiasL+zjZtN/Ana1lq3pe2tlpa1lbQg1vWT8QdZt/GfjaEeH/BPhqAyeD/CN2NttpmnLxaa9qsBOLjWNRTa1layKWiEi5HyjPA6rban8S9Xsrac/2f4ZVJpdP0WeTbF5cXzjW9cJwDKVXzIbeTaACuOnEl4bz4g3C63dyS2vg7S7kjSIZ9wfxNq6tsTUbiPC+ZaIw22cIGxVKsAfu1RuNO8Q+KNXbwn4ahlkSVI5fFGpW1wyNuHMWnxlR+6yMLJGv3lGCDgCuqlBJwTV+ZJ8mq1SV+buot9d3aN3dtedKTSd/d1V3ulte+vS9k+7279VprXHiyzsPAnhRHh8MRXzQ6td24ZLnW763fDzuykbbBmUqFBw3HHc+82fg3QPAmp3eo61d2OmWOj+GZJrvVLvbDBpkE5DukRbAMz4CpGhaR3I4z0d4D8MaL8HPBOteJ/G13a6bBpyte3l9OUjFtDGD5drbIRunvLhtsUMEYLvIwzxkjxD7T4k/aC8YWPiPxBpt3pHgG1lLeHfA1zmOTV7dTm28Q+KCSoMbbRNb2knyxjlsBTXXh48lVq6lLZy3jFtx06dtnqrLfVnJWfNBWvJ6WT7e7q330Ttd2td72NBNR1742zmW2tb7wx8JLW5/szyGaSDXvH0Ns+0zSY2yWWizFQ2xcGeM4ZCDg4PjrxlZeFrXX/hv8N9M07XfFup2Bt7Kxths0DwbaW4AW+12dMxQtGADHbFvtE7j5lXdgS+K/G+ravJrHw6+El7HbiwgltfF3xLEYfSPDroxV9K8PKn7u91cqPKQRfLA21y+QFPAam+heAPB9toXhrTrrUvFWq3MdwdI3tceJPEurb9s+t+IbnmWO2diZAsrKkaDCp0I9LD7TULrq6jupSd+Wy6tu++qS2u9vNqprle7t6q75U0tlZ37Prs0zo7uTSvhl8EPFHjTxBrq+I/iHqXhAaa3iTxAoCW98cQHS/CulMWSG1g3lIvLTfJjORivCvhR4X13x7otnPqcmoeGvCwtYrTVZZZjD4j8UyRgzFIzw+maYCSMRnLpnK4bj1vxl8OrrTPhlr/AIo8dzxeIfFE1rbz2enTlm0PwdE9xC3kWURHlS3yKdrTkA7gQBjG7q/h3anWtBtpI43+y/2gUkuAx3TCOBS0cZG3CErg4BGDtPfPoYHA1JylOTfs01JxbT5mmuXmXV2a00s7vexy4nFRpxjGMEpXUIyvtdq7Sfre7dlZ9T8W/wDgp7F5Pin4I6Xoun22k6dbWGuR2McK7dsalVMxY8yyMRlnbJYsSVIJr88lgj0y1ureBjcahKP9K1CTDSOsitvG5ugGAqrk9D7Cv0m/4KsIY/iJ8FIFCxpBpOsxrGAMou5OTgYyTluSDgnJI6fmnqMyWrTyu2xDBlEIOZZMEDaM8gdce549P3/gKnThkcqrguVVasYuT+BPSTjG+jbtdpX173P5y8QatWfEEaEJO7jSlOUftRai9WteiXa/Rdfk+ysPL8S6xMGBIu51V2JDnLEs2SdvOTz7Hpgmv0B/ZJV5Lf4hMrbY44dLiYZbOXkfIHqWxx/CuQBXwMjbtf1Hgsz3UzGJeTtyCTkZwDuHPUe54r74/ZTdYPD3j+XyyshutGhiK7gcGRyQ5xz2J6gZJ7DHy+OpQp5VmDirc9SfMlq2pV46yaWmuyv07an0mV1alTNMvTvZUYKPPpJtU4J8qlZ+T6deZ6o+t9c1C30+xYmEbfIRsfxF9pTIGcrk8lSSSQScAVT+BWy8+LPhN1hcsl9POWBYbQF3564GOdwBwcY6DjmNdla60omSVlaS4EIdwOAMnGR1HUDscE+uO8/ZrRb34saQYXV1tkuhICOd4VV3bT1A5JHA44JwMflWKdoTut46NLV3tZbJ+ert2utT9VwdnUp7L3o77O0oNdU/dV31u3s9j8vf+Cmjb/2ptViXcTBpEMe0Dnc8jNjHbGfXv68H4Rfw/qsqpN9hk2KFzIAwJYqMH1AJzjucEHA6feX/AAUkhLftgeKwhLpBHp8YK4IACxSMAufm5JH19ccfON1ey/Z1VYn3EL84GPkUAhcAY4B9c/LyvJxvkOAhi6NadVzjGm4L3UtW0mld776X8nscHE2a1MHXw9KlGE5V3pz81krpabau/f8AOx5Haae1qxEsRMZIZ1xli/TGMYAHH4E9WGa9y+AvgvUfGXxN0LQtCsZJ9T1OdIIVMZEVrBI2Jru4K5EdvbxsZJGONqrknhsec2rB2uhIdyyysudgyCSQpAJJ+bjoW6dK+5PAsT/AL4TjXLQLH8YfjFbyaV4eyn+m+GfBzEpcahyN8F1e5aFW2qwjI28GpzvE0MmwkcRR5Z4uUuTCQk1f2js1OVrcsacVzz8l00LyTC1s5xXsat4YSMVPFyTT9xON4Ru9535Un1btoj3T42eL4dVPh39ln4RTGfwb4ZvIm8eazYkj/hLPFkm0XSS3EePPsrKUtDFGWKZTJ54r33V/Efg/9iz4TjVbBbO8+Mvi3SDpvh6xO1p9Jjnj+fU5YxuaGG3D5j3BQ0gUjHBHlvwf8G+Gfgl8Lr74weOmBnsle60qK6x9q13XJE82ILu/eSK0xBlPOAWfsxH5mfFb4k+MPih4y1nxz4lup7m91K4ZIIdxMNhYhsW9nboDtiSKParKgGSOedwr8WxEaub4uanUlUoQqOpiajbbxFe6crtbq+9k0o+6r2P2zBujkeCThSjDFVaXssPRSX+z0EoRjKytaTVtdHfo7a5uu3+p+INUv9c1q9m1LWtVup7/AFO/mlZ5J7id2lkbe/VcsQoAwBwFBJFYck0tzDHp1om1nIUFh8q4PzM3ByAAxyQAADz0Nc1Jrt0nlI7JsGFfHLMM4OBn1xkjO0k+pWpdU1pdNshbW5WXVdRUIxVh+4gfGFB7P0znGCOSD19ulR9nypxUYxStypWtp1Xp062tex4dWs5ubU7ylrLmakpN8t23f7TV3olfuZeu3VvFIdI09wyLIG1G7G395L/Eit/zzBJULkEY/hBNfaP7NXwV8J6LpFx+0L8c4Tp/w18LZl8LaDcKEvvHfiW3BksdPtIH+eSwMoj+1TKpTYChznNcz+zT+zppPibT9S+LvxduzoHwf8H5v9VvpyY5/E1/B+9j0DSN+DcS3LqsUskZIVXJPfFL4s/FzXP2ivG+l6HpFlHoPgXRZYdH8D+E7XMdjo2jROsSXEsKKEa7niUPNMylmkOcjvjOrKtJUKN+aUlGUot9WtFp8T62uktSoRhh4fWcQ7te9ThKTXNype9JPRRT1XWXnc+ifhp4R+Pf/BSX4+Q6ZoljeroBntrGw02BHXwj8P8AQ4GCpJ5a7baHy7ZN2MB5pgMqcmv65fgH+zj8M/2OPhjZfDX4d20EviC8tYpfGniwon9ra9qJQGcmcDzUtFcuIolICjPAr5P/AOCNHhPwn8Kf2Tviprej6PaN4qv/ABNb2q6m0UUk8rW0LQOFmz5gQsScAgMDuxwDX3XbR319fR3N+7SPco0s5yWxnLBVLA4IIHAzkZXjnPq4PCfVVWU+W1GUYKCVtbRld37cytsr3b1PDx2OlivYqnJz9sruV201dJWSWi2st7HR2tuWRXOC8wVwSeV2nnOeRnOSeOcZA6jN+MNpv8M/CRc58n4kIQQCRzaXJBO3OD7gD656dfFboDbbAQNgRd2DwT8xII6nsTwcEDc3FUPi9b+XoPwojAGf+FixOP8AeNldDbyCOMjPUk+nbzsTXdXEUbNa1HZefL0e6T/z36+phaKjTmktFTj5K/NHW+u+2ur33PN/C1uiWLlVLM1zdZBU5J80gYz0x0IGOPbIrqLt7ays7rUdQu7XTNN0uN7zU9UvZUt7PT7SJC8kskjsqDCjO0kEngDkCsK31fRPC3h3U9e8RarZ6Louk/brvVNTvZUhgtLeN2dmDOylpCuRHGuWZyp2no38/v7an7b3jz9prxfY/s/fs9abrN14d1PUk07TtI0nzE1nxtcCTyjqmsvAN9noUbfvQkrLGYhlgO/JicW4N0oNzqNR66JtJPml2S1etvmevhcJzR9pUsqaUXdrd6Nxjdat3tfRb31SOa/4Kc/8FD7v4jRW/wAFfgXeXJ8MWGp+TJrmnRyPrXizV0domOmiIGSGxibKRTqMOG3dSKf+wb/wTvtbCz0347/tEacb6+mA1vwp4B1FjIElyJ01rxKzswkfdtkS3lBXc2Dg7cfSPgv/AIJ+eGf2YP2evFPxL+Iyad41/aD8Rx6XYQXTqs+keAIr+4hLWWjIwaM3kSZjluQFkLjOSSM/dXlz+IIdC+H+jTSBIdF0qfxNqoyFtbNLSB5LcScAPOxZdowRkkmuKcnRim2+eaTlJ/FbS9krWvbTfotz0cPFV5SsrUqL5Yx05VOyk5bWbdrt2b7amaul6p8Sr5zaynTvDdgRazXMKiCAWsQ8tbPTYUASKNEAUFFG7HVup6RtS+FX7O/h7UPHGuPpOiaXplrdyT3+pyRi9u2MT7dry5lmuHY4jRQxyQCBgGuI+O37Q3wt/Zm8DrdeIdQhtYbeHyNF0K0lRtV1qeNPkEcIbzNrsAWmcABTwcjFfhTrV5+0P/wUg+IqEy3vhz4U6Vc+ckSmSPSbCzikUmJMbFv9Tki6r8yhzzxXjZhjKNDDTnWrKlShG8pNpczTT5Y21lN2tGPnfXd+5gMLiK1enHD0VVqylaMV291OTbi0oqzbk3te19b9V8U/2j/jD+2B4hi+DfwOtdY0j4aTaneXd/PAXtrnUPtF1KZLzWb2MqbewdCCsJbc6lV2gMa+0/hp8DvgP+xT4Ak+JnxN1rTrfXLeyeW/12/MJup5dm4aboFrIS5kd8xhkU7idzPnG2h42+Iv7On/AATz+GcNvHaWl94zutNSLTfD1rJEdd1/UI4gBfauy75LeBpdpIYjCHoTxX84n7SX7U3xO/aQ8WXeveO9ZmaxjmkbRfDVrM6aNo1oWYxQpbofLaVQArytyxDFj2HzmBwmY8T1FyRngsog/jd1UxHK4p2vZS5rN6+7FbXbsvocfmGXcLU26jhjc5qRTVNWdOholdXvypPX+aS3SifVH7aX/BR3x9+0JcX3gvwJc33gn4RW00kEWn2c72+q+JY0JRbjVLhNsvkyj5vI+6Aeg6V+Vl7G21ZEIBZ2JUMSc4zksRkk9WY5PPqKuPJJI25mBXIwo4XnBA4OFXBxnJHcmnPAZ2gijXLO7Dag5BJxk/KNvT8cnPpX6VgstwmX4eGHw1FQjFRTa+KTsk5yk7OTdru+/ax+TZhmWKzOvPEYutKpNttJv3IJtNKMVpGMdElo0rp3dzNjMhREAZ3Y4xjJLEkDAHOPyByGI4GOx07Qo7dEuL8F3cKYLYdmJ4LcjJyASSTk8ZAJxoabpS2p3FVlvCFYnaGSFT02+rHjnGcdjzt+6/2Rf2I/ix+1Z4vtNL8I6RPDocEySa34svYJhpGlWhf94VnI23F6VB8qGMtztHSuyUqeHpqdRpaK2/Sydk++ys7vz6c1KnWxFSMKUXJtJr/yWN768sVbq9tFa2nhHwc+Cfjn4y+MNN8H+B/DepeIvEOpTx21tp9hbu8cSSsFEs7hfLghjzulkcrtUEr14/qR+A/7Cn7Of/BPf4Rav8bP2p9U8L6/8UpPC9/JoXh7UTBcWWn3s9mwhs9M0+Qs19qMUjBTcbAqOpIcrXa2+sfsof8ABJz4ZjR/Dtjpvjn45avYbizGCbXbrUGiIE2oT/OdK0uOblbfIMhIDAcivwV+NHxe/aF/bg+JOrNbQ6z448Ty22o38Oi2aSPofhTRbVHnmaNEY29pb21umXlcgsVJGd3zeTUqVsZUun7LCRSvzfFUtbttHRadXvc9yjSw+Aglb22LlZLl+xfl+FXbSd7N7vV9T6i/aB/4KX+N/iX8OvDfwS+BFjrXg/wVdfaYNSTTEc+KPF17fTsfsMYgAntrGNm8lIYxt2nGSMZ97/Yi/wCCTeteNpNK+Lf7VSXOjeGnlj1TRvhorMmrazuCzRTa/IWaWCCYksYnBMisAw5xX2l/wTt/YR+Efwn+GXgr4y+KNPsvGnxT1vTBdxXuoQLcab4fKsP3OnW0m6IXMRHNxt3MecL1r9RrrUZZpNylssduTnCoADtiUEKipkdBjGOprtw+HjFL2aSimmpcqvJOzVr9eq93bujGvWqNp1pXklpFPSDfK24xbs5K+r300SV7M0PTPD3hHRLDwn4Q0TT/AA94c0u3W203RdKgjtLSGOMBEaVIlUyOQMlmYs5YdOa0Gi3bzKclU+UEjDEjjGMg8Ed8DI+ho2wZJHz824jJxknBGCMADjuMnhscHitZySWBOAIiegJJAI7A44P4knjHzV1KCin5pJ97u2utlrvfo1rujjc3N3e11o7t7x1bWl7/AOWtz4811Nn7d3g0rGoZ/gfrKk7dxGLyDnPGOM/3u54xg/ZakrHEEXKsqgHGc7vYYyMgZGcg4OMZr5C1iPf+3L4VduSnwP1dgADnBvoMfNke3p+oz9jIhaNEUFcRqSAcgsByAc+5yTgc+mKjCXXtPdervfo9bLa3a7uul7nTmEJR9jHS7pR1V7a2e/pq+/roEaYI5wMKGOepyGOMcjPI6KAOMDg1r2uftDsBhRGSMgMQSPUnOTgE4HGeOM1RgiXeIyCcAn5Qc4ByeuCFODkH0Oc4Na8aGSSNYwZHcqiRIpJI/ibA3FVBxliwwCOc810NJK7dlbXmdlZWvu1a3RdbaPY86EJNr3VJtWs1e2it53WltErXVwgjSRircsShycbQN/TjGSQBgHGcjjpn+Wn/AIK4pKn7bFxG8XlpF4M0GQ+YfLzAUcs2TtAUnIA7jGetfuf+1V+2/wDCb9ljSL61utS0/wAX/Ez7G507wnpt7E8GlybSYrvWbiJisCxkrJsyztjDBQAB/IR+0p+0v8Vf2tPjDqXia7Qavr+owJYJLa2ot7ZdPtmYRWsLghfs9up2iQMd+OuTx7XB+Jqx4jy+th6M60cPWUlGKbdSacUlTSV3ba6Vt/U8XjDCUZ8MZrhsTWjhlisNOnzzaSpQmlzVJ3aUYxu7Jtd7bnUXPjvwzoqAXmp2m5AW8qFhJIOAoUBMgkgHJZuT0X1841j4+6BYCRLWGKTYW2+fLhyTj7qDfzwPTjoB357SP2cPFGqBbnxR4itNFgcgva2A+0XeDyVc9VI5ywP8QyPmGPUdD+Bfwv8AD7RynTZtdvgQ32jUJN0EjDgs0RyBnJIXuOnGc/1RHMuL8yUI4bC0stouyUq1/aKLSavHWV1ddE15XP4unkHhzkcnWxeYYjOMRFubpUdKPO3HTSy6dZSVtXdo+fLz41eMNed7TQtMvpFZiYxZWUoHPKqLgAADOBkZBAyMU20+Hnxm8YuLm+jbSLaYn59WuWb5SMgiPcOAMYBA5z0NfZ9uml6Wot9K0qy02FY8MtraxKAV4BGELbgq9ju5BzmkkaRlV1aVwMqwZj5ZLc7cYxt45yMfrVf6o4zFtTzbOMViG7XpUm4U7+4mm1eytpZ29TCXiNlWVxVLIuHsFhUlaFarBVKl9EnayV5b63b266/L+m/s8WkLQP4n8UzXjlj5lrYx7Ij8w6yA5y3AJ4GWIGCRWN8VPA/hjwloOj/2LpqxTz6zBG1xcOZZpELL8rN02sM5BPAznIINfWv2Ut+82AbMYAO7d0Jxn0GeS3I9SOfBPj7Gy6R4b2rtMmuQ5OQVI8xMZ688nnJ9Rkg1lnfDeU5dlGJq0cLCVaEadqs25zu504tqUr66taLdtLe5vwxx3n+d5/hKGLxM4Yeq6snRpxVKn7tN2SjBRTSdt7/etfXrG0gs9NsUigt7XOn2jolvEigsYVBJ2gFSSec49N24cmGWNuW4OTvLMGUnAIyemBgDt05PJ2YINtvYsyfIunWowAWwfKAO0ZG7nvgYHTGeILuyyjOAcBeSwIALFWJULk9M8ZBByc8/N9Vl9KlToUVCnGKVOCso2VuSF+0dbXtbdvU/OsyxVerjcY69Wcmq9VQTlKUrKXk2tu6u27qysYBBOAC3lEEswH3iCThcddo3fKByM8MRw61t/wDSVYsCoUkudxIYnjOcfMB1PccLjgVrrasGiYINijJJwoyeNyhscDGQOMZ754sQ6fNM7x28NxcSMQUW3hkbPHI4yvfnPJznIU11VatGmm6k4U1Hdzmo2dut3vba1n5GdChicQ4+xpVKjmkuSEJNte7Zq2vNZJ92vVmPJj5iPuo2C2MbmLHG3HHHGRz2B7ARc5+QqSgJHZj2AYEjgZOcDAAJIOK7GXwlq0Vul1dx2mlWbkl7vVbiK3SMkEjIZg4JODyuPU8EnitY8X/CzwuzDXPGkV9cIMNY6BELoM20llM5C7fmwOvA+bnAFfLZhxVkGX8/t8woSnHenSn7ST5fspR5k2uidrprqfY5R4c8U5o4OhlWIjCTi/aVl7ODejTbnZ2V3e0fNaaFiFAEcPsUSBMuxGdw5CqMgk7hxjPYDrzs2OmT3RUQWt3cImFYLC5wWAwS2zbtA75wwz0rw/Vv2l/Cenu0HgvwNJqNwCSl3rMz3IcrwpFqqsvzADjdwQQVOK5Of4oftFfEJhZeH7G80qznJjWPR7D+zYRG3ADzYDYAOA2QWJbAwq18NmfivltGEo4DC1a87256qVON9Htq2n6p2+Z+k5P4DZnVnCpmmPpYeDs5U6Kdad/d0btGMX0vrc9C+Ong/Ury28E27NptiP7fjuboXF7CGt7aN8meRQ7MqgjDZAI6cYrsJPiH8HfC1nDF4g8dQ3U9rEiy2mhw/aHlCqAMSHYBzlRzkeo2185T/s+/EvVdT0mHxdr72s+ryTMvnXctzcRYOZPMywxuGeFUKQNwPFe+eFf2RPBdmUfV/t2tXChNzM7RQsx5LFGY5Q8YGccggDPH5jV46zvFY3GYnCThhpYhQjNRSuowioxUZN3uo7dX5H7Zg/DbhrCZbl+XYzDyxkMEpez9u780pyU5SlFWXvO3u6Kye7OE1H9qXwLaPPD4H8B3+vz7gsd1rTyyxkg4EjWyKynIxwzfiK52T4wftKeOZXtfDWnN4VsXjCoulaemnKsBXG4zgb2OOh655zngfamg/CHwXoEDnS9B0uya2A3ulskkrFT1bIJYk53EZw3VievXNa+H7CJpblorWR4m8sMY4I0CjjnK4B5PAPHXpx4WKzDM8c+fGZhial5XlGVSb191WtKTUU/RvTpd2+mweTZNlkVDA5bhMPypK8KFNNWsk20m3ZrTW+t7anwBZfs5fFTxswv/ABn4u1CWKUl5vOvLi7mY9X+XeApXnPA69eMV7d4Y/Y88H6elvc6ml1q6xR75JLhysbYHOQ249TznBJ/HPtuqfHL4b+ELIw3etaWshQpNHHJG7r5Y6qoJHzZ687jn0GPnDxj+3P4S06OaHQLG51SSPesZYCO2fOQGPJDZHU4B+bv1rgc6MNZOL6c0ndt6a66bdfJpbI9NSnKL5FJ6LSKstGrrTRetvxufU+h/CDwZ4dghOlaFZQv5eIZUto2Y44Bdjk84zk5baOMCutNlp2lIk9zPY2sL/NOzyxRJEq5yFjIUAjHpgrz0PP5IeKf26PiPqCzWuiR2Oj27YO6MCWVAQVwGxg4wMEDbg8eh+bPEfxx+I3ipnGq+KNVnR2w0aXTwxtu9FUkbf4cL82OnrWcsbThok5rTa1r2V/uvZtW7rVaN0ak7Su07bXcv5dHbRNdFe3Xc/c7X/jL8JfCjh9W8V6ZuiLO8FtJG8jheQvy7svwcjseueK+OvjZ+2p4Q1Sxm0fwlZz3BS6imjvpCYkAt2zhVxjMnAycYA75xX5U3Gq3k8jvPdSzucgmWVpXJ+98ryEjHXIOe3zVSkkdvMbfyVZjub7yjpweg56HAyCOc1hXxXt4+zSsnZ/NWeu2ujSs7a9Om+HoOlUjUu+aOuu11y2uvVNa2d3Zs+3PEf7afj7UrdrXSTb6TbNAiEKnmykquzcCTkOcbsZ6YBya+c/EPxh8feJGY6r4m1K4SRtwR7uSOONfvY2DGME8LkYwRxgV46J1U7yRliARnkYJHGf4up3ZIzgfepPNeVx5SvJ8+V/iyO5AOR7ZIGMn61yqpUcYxjzNJJRSvt7q6WfXvez0u99ZRUW5vli2730d72fru9LPb0Z0c+pXErb3nkmZs5dpWLFjnIycnaTxkDkZIHUmpJdcAOwCgguWOf978CPz6d6qW+lateyFIIXbzCAoVWcnGCDhA3Y+x5OFwc16F4d+C3j7xPKq6foWoTlio3mB4o1ycbi0gXKnnGc7uO2cd2FyvMsXJLD4WtVcnolCTbWm6s387bHHicyy7BpzxGKoUkkm3OpGLXw7OTV+qa9N7nASalGAMFnH3Sqg45PUjOQOc56DNV2v5XLLDGUU52BUznIIzvIySGyTyc4xX2b4b/Y18TXKRza9e2GkoCplUzGSdCcfdjGQwxwQG4PHJ6+/+H/2VvhtorK+qy3esXEezKKPJhZhySFO4Mp784Ar7DLvDzP8AHJTlQ+rRaUr1nytJqK1TvLunpfs+/wAJm/inwrlTlF41YmoteTDxdTrr7ytFX9bL1Py2trHVb8qkFvPIZMhUjR5CxODgeWDxkjvkZ6da9Q8N/A74geJ2jSw8P6gyOV3SzwvFHtyASGkCnHPOeD6DrX616N4I8C+HTEujeE9KtxHGQs01vHLcZIz95lOTnnOcnkjBNdSbyOMiMyLFGIiI1tokjAAyMZjA6D5e54PU195lfhNGKUswrynLS0aez26y876221PzDN/HmLl7PK8vklZv2uIbXupRu1GD/wDbunff86dG/Yz8Tv5cuuapZaXGyhnSNhLN8wAIYE46DGAc5ODkZNaGpfATwn4X+IPgLw/LcT6ja6uJJNRkcFFkKEjaoAOFc/ex1J54yK+/ZX3oWdN8RGEd2Z5GbacAKQeDwMdR1xnmvnv4gB/+FvfDIOqHbb3BwowwDNu5z15LAgg5w2BnGPcx/BWS5Th8NOnQhOpLF4SnKVR811KpBSTWiafW6ta/fXxch8S+IeIMyx2HrV406NPLcbXjCjaOsKLlF8yV3Z2e65dL6b+k6X8MPh/oUK/2f4YsGZXKCWeKN3TH3WBZQwwMkAjpknjiu1t0js49trFFBAFEcYt4Ej2YHzdBlQcDqQT0GRirps5Lhy3Owncny7RJtIGCB2yDk4Puc5A1jprXEW90W3Qs+QWK8quAxcgYGcDGWxz1GAP0ShhspwVOKhRw1K0Ve0IR0SWr21avpr8kml+P4nMc8zWtJ1sRjcU3OSUeerNJJx2V3fqvyWpy8t1uDKoMpO377ElQD8xA3YB7nHp0zWjBCJI0cGVsnggBdsgLEBQc5XkZIwR0Oe2Jf634T0JJRrWvadbGMszIJkeYFSSAGU7ucLxg/wC7zXnOsftI/DrQYjHYC41WWJsq8YCpz1JYcnkemT7c48fGcTZPgVONTE0YtSWkGm35WV9VZ9H5PW572V8EcTZk6cqOWYjlqJKU6qcY68rTcqjS7u3Z9Nz2KSxmljLfcbeEWM8byDwTjd8y464XpnjPFmKz8mJRP5aupclpcIgGMhg7EEtk5PIPHI7D4n139rHxBfvJaeGtESJHDiMqj3c+5zgNtVSd3PYgg7TjrXGpe/tCfEUqlnYeIHgkLMCVksIFBO0ZDFTtI+bBwMfLkYyfmq/HeGqS5MtwuIxlVtcvsqc1Hot0nu3fbZ/I+3wfhXi6SjUzrMMJgKaSbhOrBzSdr/aUfLe3RvqfcOo+J/Cmgu51fXdOgkTLMvnJI2OygKWAYhdozkrjHFeVav8AtE/D7RUlW0WfU5PMP+rwuTnjkceWT1Hfryc14zpf7K3xP12aObxLr1npazMHkTznuLkZPO5W4JAOc7iAc445r2jw/wDsieBtNeC48Q6hqWuEjG0MYA0gAzgAsCnQ4xhhjPXFcn1/jPMm1h8LHL6U2rSq/Elo7W39dFrp6+xTyfw8yRxqYvHf2jWpK7pxleDkuW11FcrvbZyvZel/LdV/az1y5Z4/DeiwWi9EkMZuHcj7pCBSSRz+IPUGvCIdW+IPj7xhdy6W93/wk2sKBdm1b7M7xYKlZCSCEVCAeMYwepwf0asvhp4A8PqsWleGtOgWORds0kS3MrsCAVJbpgY7Hk5yoGa+YfAdhC/7THiGOCFbeOGK68tYh5SKAqYQKuAuc/KQSCMjnPPjZlwrm8q2WrNsznP65jadG1Nyj7NyV24vyV0vdt38/eyrj3IIYbOI5DlVCk8uy6eJcnCNqjg4pQkleTi3qlzP0RjaR+y1401mSK58TeI7awhkILqkjXNwrd0Ks2C3ByMdSeD0r2XRv2Vfh3pieZq17qOvTIQ+JXa2jGCMgovBGc9Awx36E/Q9sk4mcxJGNoZGBO/5snD8qNwY5APfBGBxnQZfMcZEjsANwwVC44J4A+XnCk9Tg1+lZb4cZHhYU51aTxE+VSc685VW/h+zfltbXRWvo9D8OzXxq4mxsp06FSGDhdqMaEFTSs1ZOSvJOy3/AB1OC0n4deBPD8KJofhXT0ZEQGeSJHmBBDeYJXBY8jAx3JODzXYRwxRlVWGLLYChVwqrheDjaCfVgMDgHGKsSoCq+WhbOB8xP7vDY6dwSMZOME5B5yNBYwhRxDGm0BM5zuQ4BIAPOAOSAc5OM4zX11HJcswKg6OGpU1ypJwpxj1jfule2z10+74LE8WZ9mvtHicbWnZu/NUnJJK38zeuz9SlbRvFKqt5YU7mARQ2CQeh5J44wTjBwQec3FtIneJiCZMMBjBjGM9f4evJzxxgc5FSRgP8qIUjaRsEDDkjONoz8vQY9TjB+Wp1gLhuGVAxO7Ayc8MvO3p3AJOT1qnGEXJQirJ3W2iTWt3olrZ7K6snpcwhPEVXGc5yqc17tybTa5F1utNbrW211uVUtVlYcsTGxAQfKApPJx3zkgfjjvSmDDbkQrIA+xdwKnJOWOSQdzDP3snryeKklnt7c4nmhjkVsqrEZIwedo4JO3gj0AJFZFxr1rg+SJJX5jUAbQoGSTuzgk9CAPU9TmmpJwnFtX5Yt6Ny223Wj/BPdWua+xlKdN8kviWu2jUd9kr+TtsujvLfhflV9rt5Zwu0YDqpySfzycnnPJJJr4s+KhWX41eChypjgH05c5K8nGevbqTxg5+q73WLm8YJgWyIjRbVPzSAc4ORwSQcHrg/KepX5K8fS/aPjb4S3urlLcFgDyMsDzwMED+Xsc/C8X1b0Muje/8AwqYLt0qRta+t7Kyto/wf6r4dYVQr53UbTSyXGWavdc1KKu9tHrqttd7n2lp8QNpHtwzldqAjnIHbPPQjPJOPlJxk0+W1KyRvGARyZC5UGNiACFAwQAccD8ccASWTqEtgg4VVTKrk5Kkgg8fKehPqDnjG58smyUBlDFmJkJ6kDjpwu4k4GCeeOpr6yMnLl1+yrqy1Tt5LdJvq9HtdX+K9lBRkvi1kr2d3zWvd2vddG+vrYqCISFsNymQqgAKSxyzfewc4y2ADuJOPUm+d4dq4Rfkfby2QPmJAOMEj3YEjuwJk3Ihdg5ycsgbjDsORgZHy8/LgHgnBp+QFUMCpdMfKSRjliT6jj6L0AwN1ErJt7dF5rRJa92tPO1u5pClD2b2i7Jczs9IqKb7a9tNbadB8UeM8EKSSef4SMbevJPTHTAA6cCPbvcyCNdqZbOSrHPAIAxkdRgcdT14qdGOYlDZTlCehIPGAuMZ9T27j0iMmGVQwJDMI1ONu3r1/2R1Hru96xu5PmTvsrLtdaPW3fXW2t+xrGMVTSVr6Ws7u7stPXotfvIWbeykoSP4QASAw+9zgYHTKjnrnvl5lUpMqKgVWDOwPzc9QO3Yfjnj5uSV2kT5ASY95bGVXcMjOQc9xkAdOQT0qFJEWPlNoCqCwGfMY44GABk8DOR0yOlNSk9U9OZprRtaKyTS5bPdu97aXvocqpSc5+8ldJXd9klZaJ9Htfs90TrOC6Dh9q8bQRksOMjCjAJx2yeOeDWPqqNNd2mxjukt3RtpIC8bSyYHJHc5yMdiSKvBkVpGw/wA7EeWfvDBCrwCcKSDu7DPPGTVW73rc2zAbs25wvGTzgDdySfcDoQTkEYiUkpxTVtXduy7Na7WV0u+/Zmvs5rDyd+a7Vu918Ldr7NvbRJ62Ph79pe3Fv8ZPGiRMHTzoHRlI2YJ4AxwQATwPXpkV4nFj7PdO53ZjbKnGQQB6n8/QdOK+vPib4E0P4i6pdeJNHvH0LX7pIheaffkvaXEqAgbJWAMAbuRwc9RjNfK3iLw5r/hme6ttXsHhTaVS5iHmWk3BwyTLkY6c4JzweMgfybmOVY3CV6sqtKU4yk2qkE5Q3Td9E1e7WvTQ/uLJM7wGPw1GhQrRjVp04wdCo+Wd4xS+GTSlf4VKF1bTRna/BdgviTR2yADr2lls+onPK5xkHb+OSOnFaf7Qkwn+MnjN1fONTiGR82FFvFgH0GRjoCMdO1Y/wWjMniPR+FJOvaeoy2QUExBHYH09cAjPAU3/AI6Kq/FrxrGqkMNRGSeuDDGB05OCc5POcDJrnrSl9VopfFGaum9brl01e2nfolrbT1Ic31qbs37mrVv5odrXvv1S1PKriV/3aD5WCkDHB55GTyD27ZyWwRzXW+BSx1dg3zEWF0Fz1I8sADPbODjkjAz1rkLgqJ1DEcIoznpkHOSOeOmfY/wg11HgpyurysW+7Y3eFJPJ2cYwVzxggdOc84WsaPM5wVuW81tbR+6ndLra91pbrrc1rtexqysnaO2+3LrZtr7nptvt758dDGvhn4VKd2RocpJDZIJdyFx/PHPrx1+aJ5chQhyuSMAANg4JwOMccdMccAdK+jPjdKreG/hagHI0N8McH+JwMjng57kjqOa+apQDISzBHX5ht5zxxgegJ55xgAcYFdGOcY4iTtZqMFfu1CC3e12rq+nZJamOUW+ppW3qVrNLWXv3tdvyX3LVNFzS+NZ01fmA+0ooLE5C8E54wCB/EuCQM5IFfV2rBB+zreMxYmPxVgMegHPUnO4NjHII7ZJbFfJWlSXCarpyMqyEXceTwzZYgEjIyx74z8v6V9XavMR8ANSUllRfFK7sjcuTgjnuR36AnpkDFGFklQrrmbeju2lta+2lrPp82ycRyvH4az3i2krXu5rTR2abSd+3fQ+XcIxYqCSQeuVHQD5RxznknOc9ABVR2dZYsP8AOGJJAHUjJ/3jjPAHHbqaskq3I2nnIySowAcjrnIO7I49Tg1VYMlwh+XlgCW5z8v8W7r1GOuB+nK9ba6LlS6K7a6eVtXb89PSg2lb72t37yd7bX9O76H118MQs2keKtwLsvgm5YEjA+UsvHQ5UjPJ65PAAr5h8kSQ9Nr5diC2DgZA4xgYOBj0J75J+oPhWrHTfFf7xcnwRcjPAHILHpyeBn2OMdDXzIqlY9wCkMGUE8jJJLHrx1HBJ/vHvXXXXNGimrL2ej068qfna/pd97aeVlckq2Mk2+b20b6LXRdNOn9K6a56ZGBKsSxAP3vlBB4BB5GQPpyOtfT/AMCsHxx4cVQSwtZDxyCv2SRiD17cEHAJAHGSK+aJkljZkkOcL93q20Y5HUZ25XbnHU4AwB9M/AYD/hYPhzCniymA+bbhvsjkdMYHBP6lQMmry1e/UV+bmjba7e3e+nZ/c1a5eeSvQpN9L32vtG112Vrf8FnjPi5/+Kp17I6a3qQ2sMAkzlRxxnkdmGcnkEkVz8kkZV9sZxsYYztH3TkkdMn1z04BAAre8XDZ4p8QNvYj+29RBQDpmbBxwMEfdGSR364Fc8UwDjKgKc57gqTjHJI7+2Dz2PD7OKlJ6Nc+lrp+81bVba6Pe3kevCV6MGla9KKVr31jFq7+Vt9vTX374HK11rHhGBUOG1KdiAfumJC6EKFxkcHb3z0719Q6F+1bZWPiDVfCfxB05vs+n6tNZ2Wu2aktDHG4SL7RHg52KAWfIx0wc182fs8BG8U+EE3EEXl6zY4yBE7Djthhnn6kV5F4+uAvjbxSQ24/29fYBOekpBzkDJORj8vp7dPNcblaw9TDT5bwipXu4SV4tpp+Wmm19FpY+Vr5Hl+crFUMXTU05y5ZppShJyXvRktmr9VbZW7/AKs/EXV9B8T/AAv8U6r4Z1ix123u9IZ/Nt2jkktRH8xEik74j2YkFQe3NfDfwma4k1LQQJcv/a0QVCMAkk4IOQDzkAk/KOxxivn7SfEGsaPHcrp+pX1hFdxNHdW0Uzi2uYGHzxzRE7MHvhRgcetfQXwWkNxfeH5ZGQ51ISqQCAhiLsfbZjOBg+npt9Oedf2vVpuvTUKsKfLPlfuyd1Z635dV5217I8Ojwu+HqVaNKtKtSrVVKne3NFOKSUraNrTWMUmm3bUt/Fee01bxXrmnX1vB9rsdRlEsqFVlkUIhHPGWUAEHkHmvm66gEDXezICygqeRvC8ISR83OcgccEnJPFfZ/wATPDHhbxe+peLvBeoxXOtQyXK+INFG1pEliATzFG4NkgEjAJ7jBFfHOqpJDctG8ZjLRneCu1otp5BB5BBXAIzk8884qtTUuXl5GlFtTi9XH3Yq7Wzi9H380ZxlOFRqScZSajKNmmm0kr3tZN6XWh2PwnDP410cLKoxeW8YY/6vDFjnJDZ9D079T09w+LE/hPxReal4TvNRjtNc0m6ItZ7rlWdsMkMUp6RMzfdJwBzzgCvDvg/IzeMtHkjRmRtRgUqwz86E9sDGdxHXp17Cuk+KtrHceP8AxVJJEqO19Grc7Sm1V+ZCpBBxyfoTu6Z4Kjko+7ZtttWW9nHXTvpdX769F69OdlGM0rcq3au1eNmtLP3d46aXTdrnnc/h3VdB1GJ79EXM7QxyxhWgkGz5XjZScsR1AOSDjcG4Hu/wDuZIfHUhjIdhp18kgPXPlP8AMDwR1I5B7YPWvA7m6vVNvbS3UtzbiQNEsx3mNxhcglvlIwODuA5x617F8CjN/wAJtHKM+YbS+VlIOWIhJyfwI+8MjHfg1eAqOpWpqp8bkm9OVbJaXe70uumuquYY6EPYVpU2uXluuW29orrfZJPdp/Kx5zrV07eJdYMiF1W+vkyV+Yv58mTuPO7rgYJJx26R3WGaVMbT9kBWNx9085PPPTucnpg9qiv0Z9e1h5GYbNYui4GS3M7LkYOQOTkYHbPWur1S1jKNL5IJNjGR8pDYxjDZ9AcAkgkHPB21vKKlGq1ZtVXyuySst+jvazVr/gcsGqcqXu2TgtOXdtLW9rvTrrd6bu69W+EpCfDv4nk7VP8AZigjPy4Cjvn0PJxyO/GK+dLEpIPl278AKjDCEbACAN2AWI3exyQcqBX0X8JQr+BfilmIkDTAdn3OMZ4PJUAnjOTkEc4zXgVnHCrC42EFAPlcAqwYAZUkdeOMgckDHc6SUXDDNK7nCXMr21UraX3vq9L/AKojJ89ZxlZe0jbVqWsIyvZLVa+du1rGhLK8Nnp8TsoEjsSg+YrjByG5AIGcjjOMEbq+4fC3gM/EP4KeD9GjulspDqF7Kt0YjKYQrsBlB95SOpHpnjjPxBdmNhpuwGMtKxwVDdT6nseh5+9wOQK/Uv8AZoCf8K58MZtg7B78AsAQjmVzuGcjgFiOM5wOMk16WVUY4ivOhON1Okk46L/n279NXffo36nl53jKmCwUMXTmuenWi4N6pS5Ypa7dXZX10vofn/4v+Hmr+B9cFtdMJrPLi3vkjCpOUJVm2Z4UnnafTnjp6d8NJvK8UWjLyv2WJpCRwAFHAHYZO7pjacHJ6/Uvxw8IaFcWd5qN3NFxZzskMx2hLrJYFOPkf0ABB6YGMH5c+HUXleKrZCMA2kcbAZyFKHoMZOQM455HJ4rzM7wSwFXkj8Eoc0br4V7vZvTok9LK2vNY+l4Iziec0PaVbKpSmoVGlZNqzTS1tdK+js0+p/Tj/wAEQgx/aWnbIKv4R1B2H8QVmJUgDPTHUccZr+mzUWzNcg5JWeUDHX72c5yO20HOD1zgEqf5kf8AgiJaXP8Aw0ubtYn+xN4NvoxISRwhxkjGO4zxgZ9eK/pw1MFbm4OAP9Imzjk53HJ56ZxwO3GM4+X8Z4zk74Vtpfu5PZq+sVrZbaLTbfofsGTqLxOIVnrCnffXZ306Xaemuz3SZkKxODuIOAQD82MYGCvPQEjtjoRkZFgKc4GBgYGOeSRyDnnjJIGeep4FV4wwDDIG/IUk54BOc9gxPOVxuyeAcipyAoHqclsfKB6DuemT+A5+YmviIyklponay6Lby8rO+jS11Pp+dRhpF3VtFZu+iutGtr7a2VrJvRoQYfPIPHqH9Mtx1yQOPY+tM2hcEg5ckjnjaM8k44//AF+nE2w4BJboMdABzyV79guCCCMnuQDaRx8oKHGCTgn65yT78Ac8DrVqWiu7p6aXu3dbW6Wfk2S6kJOzj2bvru4pcrfS28bJvRWu2MG4DG3aA23IPzANkYAxz06e/bIqcfd2nhlzgY5GexOTwegGDnoDjAEW4qSSRliSSckkd+cZz1x354NODNuUkn5hgkZYEAcsM8jucck5IzyMWtNtV5pabWWv3vr8955Y6e61bXXfW3XttbRPv5ylCWUgndyeeB/wEdAU6ceuGzgGldCoG49TgbuMHoAxGcZ7/nmlh6E4Y5UYyScAA8jkHB4xzn5ffFSk7hgDlVBztyfXGeOcdweD2zk1spdldbO1730u7WvbtsrL0IktbXvZ6O2tnb01fa+r7N2KrAouCAAMZ9QvcD1ODnq2MetSrsAQEYPYDjr0P0OScnkZ7DilZQT0JXcCzEEHAwMDqeCcbj6ccZzL5fzErnBAPJx0znkk9yDn1HIHd80U1da9XZr+V7vTTpfVa+RnyqT1t32asrR369d3569Wi4Kg44J5yBjIyQAASM91PfovIqdASwHABHUdyMcnPGVxknuOvApiAKV4GCyjlTnbtB+6cAdRg8e4JyKtxhGyACfTIGTkdcHGRnjGccDkdBMpXdlfV3dlrZ212v6a/mCglZbq62v0tpstU+mq7OzsN8sbt3PONucjOOGI4P3cfn6AZEsce7DEjGPlx0bty355JxnGOackSuu0gjg7MHljk9hxjnrxjucZzYWPBBCnAzhSQCFX355yAQRgnLDI61N1+K1vZ2SVtFdad9X5J2H7uur1ffbZW0231dn0duwkZVcH7vAzgEdz+WDk89fXjD0QbuCACNxLAc7TgkjjPA9sjGeADU5QsAzAdVYAscgrjBP97g5478jGMVII1ILYbrwOAOegPYevUd+wNHNqlq72utruy1cu+i1faybQKT17NP0vo0+l+uv420IVXI5YEDIJx1OSo47c5B9egAOQHOFJ+UAEDJGOOPT3x656dc4BeYwOBtCkADJA+U8YwOM5ByRnHp0FIYuFbJznk59Og98YGSMZwccbaqTel+6S0utlvorba9dXp3luPVp7de9rP5f573KTxA5Y9TkHjg8cDJ5wfXB7+xqmyKBkqSCygFiG4GRj2J/hPY9F6Y1hHu56qSdueCME4Bz274OOuT1qs0JIwNpI5BOCw3HGct+YIzgc5PSo7210V/LVfroOMl07dbafDZde6WvW6MpkVc7QW+bhmGCMk5Jxzk9Dx0PB45YIsYKthm4w4z16ZGRnJG4Z9BzknGoIiu7DDHPB+8eT1ycE9h9COepQxBflOCxPJxyBgnggkcjAPXPsRkl7tafhppbou/Zb6miVtH7ttezabStfTTr6JvvfNMeBu4YsDwBx3JBXOPfIwpycHOaFiLcMckFj8q9fXPuDxk88ZHpV0Rgg4BHBHqW5BJzzgA9sdzx1pvlswxnaQQRkBScg8YB69xnBxwMYBENtbRuu6a206bddr30JTlF25r22X3Xbvqktl1bu3uk6/lYLYyOBkY28D15OcZOB6EZ97SIpAwpz9489e+R2yMklewPJ6ULGRkkHI598nqD7gHk+wyB3sJGwG444bGT0AxxjupBwOTjHbAp8ze9k9rXV7K349fSxakui1e76t6dey13eyWqAgcDkZGeATggAcHnaCMnB6k/LgAU5ULNwGBAAHod3IJB/hHHP0AqdYxzjn7pIGT1ORgHGeCPTPI7Mam2nABAwfm4PIwcdCCo6+vzYIzk8vmfbVqz201V15u19fL0Kj0ezWyu07Llv5qzVun43I1jy2ep5wuTg7e5HQ9Tj3xxxU8YwCcN1DYGcAdAT7gkj1454oWMbx6cgEDODjncDjI3EEDHB/wB1QZwp3JyQMDA74yT36ZGB0BxznJzT1s+3/BXn5b+ie6KWt7/PXZLTo+y020a6n5l/8FhYi/7APjzIB2+M/C7Y4JG67b5gOcHIz2GcZFfxx2F8La8YM8YXy1ITeu7aYVBycjnBwcKORwOAa/sc/wCCx7xQ/wDBPz4jSSny0TxT4ZcydkYXRwW/ug8ZPUDpjFfw2za5oKXs4n1mI/LuJSaYspaMDHyg7juzwSMDJ6iv3HwmqRhDHTlOnBJwXvSUYtpRu9kr2Xq3ddLn4/4r0JVsJgYxjUm/a1W4wjzOzULXtrZWPpaTxFbQ2j7pYUxbSBQ0qE7pMgfxduTzyeSO9eJ6BfWNn4p1Qy3EKCGxjj3M3ysXm3YDDgkFuWHQnoB05OTXvDIjD/b5pymGKrFNKu0clhx7nkADJ78Y46fxhplrrd8LfTL+6R4YVRorMh0I6Ha3KqwHcEnnoa/Y/reH9rh6nt6clCdlyNtNOK7LWzT33b6aH4bTyup7HF0/Y1F7WmleSSdrxsk5NJdH66pXPrebxRohiUi+gZl2BUQbhgcnJwQQTjB6qeMY62bbxxoaRuhu1JZwjIsZbAAwWOcZAU9dv0Aya+WYvFpMiJB4a1qQuQ+JIivJABHQ45I6jpznGatx+ItYMzG38J3rZDMFd9gBbkAjoOmCey+uCK9L6/TlJJXtJXdqUr6WWjUdlfW6t1ujypZQ1LmcVGTtq6tNdEn112trqneyNn47a3p2o3r3FoWeL/hHwrMQRv8ALkbJKjnZgD0x3OOK8X/Z68WR2fh7WYUsbuV11eVo2t4y6qG3BUc7vnIHRQeeME9K6D4iajq15bm61HSX0mUeHp9kBbeGRZJMOSRgBsDJweOcAjA4b9n2SVPDetSKxH/E2Xd5cbMxLAnA2jI2rknGMgHOFJz8pUSq5xhrOXJ++1cWm7Rg1dPXf59lc+uox9hlVVJKTUcOmt9eaS0kn3WtpaLdbnpXxa1ifV/DPiJF028ikj0tNzzLtXYSuQVBHJAPTHUjdkZrzH9mPULm0GtWVtYvdyedBLId/lLEu35SWx8xyecA4APA7914/u7h/DviZJTcIZbZIoi6FI32newXcMHgdM5A54GGrmv2XfCl/rr+I77T5UWK2ltobgMSu7eqsMAADaDhj1wT90YyZqOMOIsHTjOSvTlJystE7tW0stNbO2/dFpueRYubglL2qSWrV+enrfe+r0T18jtPj5eaheaVoyXVlFb7LucxsJxIWIRiQQQcAr06bjyO2eb+EF/q48GNb2kVosAvJwJJmO9pHfI+XjCjAJHbHXOSO0/aJ0mbTbLw/BLPEzyC7mbbg/cRxxzkAe3IwCSM1ynwO0m41DwOZkvI4le+uEAIDZIkJAHPBx0wQOmMChRVTiSpFTly+xVndK6Spqzty7czStpZJjgvZ5BTnKmn+8ir2bSTlorO7vo/XTuc58bLjV30rRrW8ls38u7fyhECSH2EEynjOSeegB5zzXonwhtvEE3gnT2tdXgtrdXuFFuYDK2Q4yTJnkFh93p34/i4r47WKWdnoLG5MhM0hct94FYn384AOOeevbjNfQP7PGkWl18OtHmlWWZnF0wKn5dyuACRxuGPpz+IrXCQi+J8VHnkksLBJ8z1/hqza3s3+O248wqKPDuGtFa4my0Ukk7v4W3r3fTutLfLf7Rcd9HqUQvb37VKtnZATpD5Y2ggMgGWB5OSfl4OccDPq3grS9UuPD2l/wCnaw0X9m27xCIOFRdowo2jhRyM55PHcYxf2qbW3g1lNkflhdOskG4AEl2U89xgDg8D35xX2l8LdOsF8AeGrgW0jyN4fsCWCZBzGOOP4iepGOM9a0w8KcM6xnNNK8E1q09JNX1l1S/4KtY58TXksmwDUVrNp2WqTitXrZeVtbp+Vvy6+NWmyweLyLhrx2+yWYka6Zmkwzqo25GQPu44+ucDH114Q8K6W+gab5k+oySSaTauQ07bAPLGVXOMBSRgD268V41+01DAvxKu1VMKLbSV2SLtxmVN2cYzk46Yz3z1r6K1PRPFlnoukXul2UJ0/wDsO0mR0+8rCJTuADDAORx1OAQc5B5ss5I5rjZzhzqXwxe9ou1027fnpdLTfsxrdXKsCoS5Hu5NpJtxi9362SsrvY+Qvj3pdtZeMLKOKGdA1lYEGRi7tmUDdkjAVs5BJxzwSMCvsPw14Ctzo2lSNNIiSWVpJ8043F2iVsHK9CTngYJwO+K+P/i/dalqPimwbUIo0vHsLAPsOI/KWWMcerk4BzwDgbiGr9GPC2h38vh7RmS3QxnRLRsu3P8AqlySOmRwc/Veetd+V1Yf2ljpRS5Xyt3jbla2TtHm73T202ucObU6kMty+0m3zO7V1dWTtdX0XkvPRO5+ani7SIm+OGj6YJSUPiiKDeAWYcqT82OeT09uowQfueP4Y6ZhpJr68klXziFWQgjYpKgcEgEde+3J9K+LvFMEv/DRWhIdgx4xXPdQQVVRxg+uSBg44PXP6Y/YZRA0gTaC0uSFOSWifnkdQfTI4z9LySyr5rVbjK+Ibs7r4Yq9rNWu7ee9uhy51OfssppxTjF0YqS1/mh20etrp6uztd7fmpcaeZPiRoWmo7oJ/Ej26yFtzoPOCLjIOcDBxjknHbNffF78OF0Tw5q95Jq1xcmLSL+UDO0KxjOEOOMDPHHQAZAVq+H2Td8Z/DEZG/HjAhsgcKJgeAOgBPABI6jnOK/UHxmhXwd4kAXCpoeoEZGAuYTjnpgcfMOox3+UeflF3TzOVk+ecr73bSV0trp63T1trdanpZumquVxXNpTgrWWqvDst01rpfV+R+Z/watrHUfjP4csbu3EkUlhqkjo5OGZeQw4OSwHI6knBIzx906ppelWSXH2fTYA0XmZJG4YVSQSckYycE4HTI4HPwt8Fi8Xx00QsU2wWGpqWJCkBo9+VOMDAbB9ODg8KPuLXb+Hy7pEniLSQTgrvGSwQkkHJzgYbIIx7GtsmUHg8TLlir1ZWurNe5B+lr+m/YjOalR47BJPltCGq0WkrJK3V2V77d2j4u+EGj2Gv/HRrG9iY2sw1e4ZUypJXeEUEHoMAbSBznnk5+2PFvhXRdD8KeIri204RzJoN4wcnlt0TBT1A5HsAAfu18YfAmWSD467/NVT9i1Y5yCM+ZISTx82SMZOeuB3r7a+IV8k/hDxIrXAnY+H7tPLUnIzCwAOOwB6AjOMgZJxz5BrlmPurfv6/K2r2i+Vt3fW73KzyUlm2Xtt3VHD9UteZK9r2vfTVNdXpv8ACH7OVvZan8S9eguLXz1GixOUOACxkIxjIwORyTjBbgDNfavxL03T9K8AeIBBp8Mb/YETeMDHmcDBOSTgnIBzkZ+XOa+Jv2bZ5rf4ma48OVY6EhOFzkAnGADkcHnGfmOOeK+t/iVJfXXg7XjczzCP7IgRG4JAPykoOQc4Y4Oc9+9ZZa28sxDhL4Z1UnZK6Vk1zWW2t3dbdlr149w/tbDqTjzclG3w9VHvv0tZ6ep84/sxWFpP4x8ehoo3Nvp9qEDKrbGJTO3jgYA29DjnjmvpD4x29unw38VBIVUfYIRgKoyRIo3jn2XGB6jOeB88/swJIfGXxFSLgjTbMlgBls7cnnkgkDI46AAdRXvnxglYfDrxQZFYn7JbqSzdvOQdOmGz0/Qd+zLf+RHWbvvXUbeT2T1e1tHs0mnbQ5swlD+3KULpO2Hcd7JOKfz0a8rp67Hzv+yi9ulz4uEqLlTbgF2VfmCnIGc5PseCD0r2z46ywv8AD7X1h2FjCs+AwyqxsFO4AAj7q4wcnrkYavCv2WNKg1fXPGlvKG2wQRXEUURIDSA/ICBgEjPc5xkZ6GvZ/jPo6aZ4R1pXtHjkm0a6b945bo4IbB4zjOMcLjk9SOnCVksgqxSavCbt1veKv012tpZv5t8eOwrnxBSls3Kk7rokqa39bWVne7PJ/wBlK4ji0DxcXlTDaraSMp4LBwSQDggsSMHGfXHOa9U+Nl3bSeBfEqxTQsWggcKp5BLY2kgE5ODkZYZwcZwK8q/Y502DWdL8YwywLM8E1pIqyNtUbkZQSSct0HGOhGM8CvZvjTpFrpPgPxPbPZqZjaQyF1beEO8AEE44GCQF3ZJwMdBlhq1sgnFydvZy0vfXmTtomk29Vo7K1zrxdDkzym1G656b5rWSfKuqS+Lsuva2vjf7MOo21lZeKmnmjjJurI4fDBwVOR8owSMkLjPTOflJrs/2jNasNR8DJHayrLJHdSsVVCo2bHAJbnIAPLZ7Yxiub/ZL0q11lfGcVyiFrf7JLEGj+Zf3ZBJGc4JXgjuP4sAV2H7Qmjx6R4Unh8qRRLpl9eRiVVGHyBkdOxyBxwfTOefDyX+r9TVq0JtrTXVdLJ6tdrdS66lLiCnGytKVO7i7WVoWb03919tXoR/sgJeS/CVJIYoSp1fUItsny/x/fYE7iVAO0Ac55GDmue+NuoX9x4c8T2ty25LJo9iAZVFyQdueN20ZzyD0Peum/Y8t7ib4KXU0Ecr3EOt3ojRTjBdicEDPJHTt6jpni/jGZ/8AhHfGSTECQJAsifNvViSCGwSc84LehI4zitp3XDtDmkmp4d2vra6jZPW8WmtrWt6azFR/t+pBQblGsru26vBPXXW6bfTXboeifs5Xt1ZfCfTmt7dJkW8mk+YjG4sM5BByuAMDOCPwFcX+0Tqc2q+G7+WQqqpfQoqBQqh4yQzjr2OcknOeSNwx6P8AsyeFNV8QfCCxk05DMseoTJMVl2KhAGAw64PGeuBwMCuE/aT0xtD0PUNLuoHguFe2uOu5WLsQduehOM98c8cg1li5r/VunGLTtRpP8ElZNba2f4bthh4SXEM37NKLqTWt7p206Wvq7L8Fud1+z0Fi+E2iO7KQbmXjAOWwR+Yx078g969VuR9qMJDBPlk64JPz55weuc/r14ryL9nyUf8ACp9FOwyKlzKpURsSAd3zDGO5GeR24IJx620M0rxbVbG2QhHQjDFuuTz16seT97vk+tllRvJaUbxX7iD9Hyx0320su1ut9PEzGE/7YkvYuzrO+jWnNFKXnor6v7ra9J8QLaRorJdpw8WmgALkMQR1I554x74968+8Y6Wt9azWVwh8m6uEsZPmIYRTQRxkqDwzYOM8DoACMV6d44NybXTV+QGM6buYEMBggcN1O0gcEDruHBzXK+O7FLloY1lWAubM+ZySswIG7IPAxkHOc8DJK1w4mUILD1N5c0Fa922+VtL01s2m2rddT1MulUlPE03ooe05VqmrJOz2u7620/y+BvHP7Pl5Yalc6boUy3IkBu7e1fPnEMC0gWQjgqBhRnqMDsT8na54cvtLu7myu7ae2nt53iljljZGypwxViMMD9RjA7HA/W6e6Nl4oiGtopFtaJ5F6qkrISx2o+Nv8IAGe45IzzzHin4d+HPiJDrqXtjb2d9Gf9BvkjCSRyv8yltoHmAk5BLHCseMdNsbk9HFwjKkoqq4tqMrXa5YtJ22ad0r739DzsDn2JwdRqfv0Y1ZRi9eZLS6s9HaV0l2trsn+T0Fvc2jeckDuqsfMXYSpVQMKwIA3ZPtj2AxS31u0ixXcUbR27AK0eAvlydSCDkgcjGRtOQOgr37x34H1L4e38ug6qguGuYDcWt1GAI5YlZQJFOM9CV+XJJDDnGG4W00awvJikmZo/srPKqyYCnHVgOflIxnnpyDzXxX9m1VUlCCcZKVpJ7pXWvo/i06bao++pZ/SlSjKrCSjyxk3HVatK+107LW2qto0eUWoDSzxjaA8D4zuPIGQAFBLHIAPHzYPQHNMhsLyTy1jtJnyCAY42w2McHJPPTnHT6GvVtC06xh1OAR28LJ+9TEmHOVbv0A6dTwc8jtXod1FbQIZo4o4/LULsjRQOwOcYJzjPIBGB2zXbhOH1iHJ1KiTja9tWlo7qztd9bvTs09PNx/FX1RRVGi6ntEmuaTire72vzX66deqSKf7OqXVh4o1gyK1vI2kuo38OWLLtABIIyMcnnOCe9fWB8Q6zYi3gA82NwxkaEB3OXDKCF+YEAgEjDDDdCBXB/stwaVefEfW7bVI7SWO80SRts6r8rBsKqsxARsNglQcZAHYj688ZfAaG00a18Q6FO2lm4uGkmZZxeQeW7E/d3ZQHJ3E8pg9hX2mT1aOV4J4ZzaUZyd07XTaSbTei2ej373sfC8R5dis9xVHMIxUHyQ50k/hjy6KydrpK+um+qPl+w1zfqetu7SW8xntyx3HBJVmOSSTlgMjqc4GCCa9Ng8UMRDFcIZ7aOMq6yRJKCOBk7iwIAzxncevQAnzT+wLyy1m/tdZtYLmxuLj5byAsvnJbAoCrgcOTjjGNxwcjmtKy0+KY3b6ffXNukZMYhucugyTnktgqMYDYxg7jXuZXiuSg/a8lWNSs+XreOm6d9tXbZ9ND5zP8DVhOnLDyqUJU8NBe7zWcox2snGzX39X0vk/EXQfCPiW2ieLSLOCeW/gSW4jgEEpic7ZBlQMbiWORn5lOBjIrg779m6LUjPP4V1n7C8KoVtL3DwSErkDzNwK5Pv6HOcGu81mK7tooluWilT7bb4eIjBAxndj27k9c4HWu20bSpb+fUJrTUbyylRYjH9nPmoSy4DyITwvXbngjOBgcPH5LkuZV6scThKNnSi+aKVOUZNxekly63slu+uqFk/EWeZfgaPssbW9pCcuZTlOXNZxsnF301vto9up8daz8Mvif4RlY3OnPeW0eWFxYkyxsgwQ2MHcG78Y27jzjnmIPEOoWc4+3WVxbzIR8yJJbTp3LFo8EDJ6sRgAD+Kv0A1W48W6XYxJdNZ6xbKTHHLEix3JVTj7rbhn+8MEdc9DXkVlFp2q/EO4fU9GjeJ9PAeyuYUZHbG0up+7uJ6NjgDHY18FmnAeEoyjVwGIqRjOcYwjNXSbtZOStpfRe9bW97vT9EyHxLxteVTD46hCpKjBSk4txckuXTld1re60XZ3eh5/wCF/j34x8OtCNL8V34hiZBHbX7G7tkCtwhVypC8HIPJA+tfSugfteag1qbfxR4dsNURxGGv9NlED5BAZhAoy2euBtOTwccV0viD9j3wl4j0W21ex0XV9Enu7X7WLqwDtaqGXdvMYP3VPJBwNoIx3HwN4w+GeueDdZu9J03URqaw3gtLdkBimeTJwoXJw4IwcluQQcdK+axmUZ7lSupOvCG7pyUrWstndq997X8z73A8SZJmM6dOpTVGtU1iqkeXZq7UrOLWtrO19LK7ufqhoPx/+EvjSKGw1C7XS5JY44zFq8IjCORjCyHBGMEBtwJ+teinwb4A8Q6cW0uXTb9XBEQieOUsSCUlR1IcAE5yRyT93jj8Q5tV8Q6HI9vq2mXEbRHYxngkGOxImCFScADIwCQfqe28N/FfU9CZJdK1vUtGmVSV2TyNGzAcKwJYdsY6Y9Blq56PEWKw04U8XSkkrcytKEre42t1d21SbTXTy7cXw5leZR56UqfNO9m1GcXoru+lrtaW2s1qfoiPgJeWV7q17p1xNFL53mJHA+9JFyduYu56KSQM4K89K5XU/C3irQw8t3am5XLK2+EwSBUz90gnDEHGcgHPX+KvK/A/7V/jTTWRdSk0/wARWvy+YHKx3JAyf9Y2TuHJAA65xxX0toH7Tvw+8S+bH4jtrnR5rmMRfv4lntFYgA5k4IGOuBwOoyBX2WWcZzpcqw+KdKDkm6VR3S+Gy1Xd36tfifAZ/wCFWXZmnLEYCnXmoq1eilGaaUUtY8sl+K36aHz7e37tqWjJcWU9i41ACXejbckBQzueAO3UdxjgV69BHZXEOfNhnZSx+UoVOSTgKSCH3ZyMnJ+b1z6vLp/gHxLa6fLoGp6Tqryy+bLFFNDIwU5HKuUYNwOOOMDJzhs3WvhHb3G+501RAu5iVgdoGIAyCOgznOPX1+7X3WT8XqHt54mFOs67g3KDTjZJJ3SW6Xa2u3l+QcU+EdWdLB0suqzorBxqKNOopN803GaTa5WrXSW/S7ueMarp1iY7qeOI28/kz7SRtGVjIBUAkEHJH+7z6AcloUEt1olkTIuVNypZDsLKJXAwvAIGdrENnGTg8CvRtY8E+IrVJ4beeS4iaF4Fiu4yjjcpDFZuTnBABYgHr1wDzOh+Gr+DTLG1uWis7yKWdBbXDbHYtJlW3EjKtweecYzt7e680wGOzLCVKDUY/V5qon7tpOdJ21tfRN77u12z4/DcL5xk+Q5lRx1NzqfXcPOn7NuTnBRlFtNe9G22vV62bM6IXcFwsRljYBgSCcYG3K7WA4bP94ntgEBaxNf0Ky1+z0231HY6ya9JHjAZyrQhV5AyFDsOOhxgHrXoM+garp7+Zc2BlRxkTW+GUjlWzt3ZAGQB36AkVlLZwz/2RiN42TW44NsgYMJN4cOVYbuRxyOeenWujMqWHr4empclWlUrqnyzaacZNJx1ST27767GHDGLxGCx1WVN1KNSjRqTjJuUHFxUGnHSyeum2rdtFrx3xN/ZK1LR/COofEHwbq6alpulW8Emo6NMALxTLGJJ5LYH5pBCSdw42gZIwcn4w0rWNQ0eR7jT7ieKVmClWJ2uu4b0dcjnOQvHOOSecftp8RfGekfDz4Ta9f3ejahq8F5GmkyC3Qtb211qFt9nEsuDwsZcMSUIAB4yRX42ad4K1PXvF9t4Y014EutWvJprHc3GGzLhm6AAYXDADgDnNfzVxvk1PD5zOGX0fZe0bvSpx0T5tJLdJPumttkrpf174f8AEOKx+SUa2Y1udwUbYibXNsr88uqT0T87atNnpHgvxtrOmahaeJPD2qS6F4ospd0V5BK0Thk58qVBhLiByMOj4ypI7V+snwN/as8I/GA2Pw9+MEVnoXjFrdLW11cyLHpWtuBtjaCVmC2t25IZo2YBjg8cE/iVqWheIvD95HZ6nY3VlNFfXkFvdvCyW139kmMMrQzjCN86ldv0Xkdd6yvlu5Akzm1vYJleN4pGjYupGJIHDBknU4b5cHICkHrXxeFx+LyrE81PmTjKLnSlteNm2ovS9ut9Fs31/Ra+FwebYaEKijLmhaNSKtzXjF79W0766Po7qy/d74y/D7UfDGkXeowhrrQ4I7Uw3Cjf5KtMm15dvGwg43jcCSOW5zyXiq0+2+DtDWMh25lUngOjws24Y6ZBPcKRx/Fx8w/Aj9tPVfDelr8OPjOD4p8G36R6daeJLkGe7022DKi2uogjc8KKP9axBTZuII6foL4i8B6d4q8DWWv/AAt1Wz1jSBELy0WC4S4he1W3Y/Z4ZQzfvFBwsbYbjGDiv1vKOJMJmFGj7SXLXvGMlK13zKKV766N3vta+x+U5xwvictq1ZUoSnRaclZO9rJtxd9dn7u+67H5hfHPwZ4U/wCFfXHiu/t1ttc0uyjOn3NqoWZnaZYmW5CgB8sw5YscZXr0+M7YXGluYdWtrm1S4jjnhuJYGW0vY3j3EwttCPJHkeYqndg8joR+lvjTwFP478Ear4UkVYLu702ciKVmjmjltbyOaUkMMg+XG2ABzkDsa9n0P4F+BviD+y/caNrWlxy3fhxLq/0vW4UA1G0mt1CBxOAJGg3gtIjMVIHTABrzuIMjp4rEV60GoVlSp8jjpz1Jb8yT1fLv1vpfc7OHM8xGEoUKNbmlSVWpCXNrKnBQi4uOuzfNddm9Lo/Iexl1DTpbTUYLqaD7PMs2natp8rRXNpMhDRMsqNujKlSQCTgg5XPJ/Sf4G/toRa3a6f8ADf46lLq3uPKs9L8bTLk7RhIYdUBBAbOAtz2+9nPX4A8YfD7xj8NjYTapbDUvDuqIZIdStEaSzkjZisaXWNwtrkpjIOd2M4AFcYzqgS7g/wBJ03PKEBpbdjnOCSTsGPvAcHJyea+FpzxmVYmUGpUa0ZJtNNJpW2va6ttaya000P0GSwWaYdWUK1Ocbc28k3y3Wt7W1eqS6NdV+8GteEorTVLrxFos6avo15HbGLyWFyoh8tik8Eq7g8JXpzuU9RkBW8u1qOCafwfLxEyeIFQKcgt5jHaORlVJXIUgncecYNfDXwE/aZ8V/C2SLTdTmn8UeAJ5AJdLnlaW70vefmksJG3OETg+T90gEfLxj9FXfwj8VtI8OeKvA2qW12LXVIdRlgjMaPGQMyW11CrB4biIsQNyYBzyTX6Lk/ENDG0qdCs1GtBwXvWSaurvpa2m2vRPc/MM74UxOEqyxOD/AHmHblKUFuuZWaVr2bvorpa6aHkXj/4c+HfGPi2Sw1y0QG5NnFBfxHbcWgO9i6yLyegypBPqT0Hxj8S/AOo/DvW7m0vWN5YCR5NN1NEJBtGJES3IGRFJ1HzYBCnDfLX6B63JKnjZIJopImNzYF1YAFSC3zISPmHUEjPqfm4HLazpGleJvHfivwvrsa3OjX/hu2bfIm+SF97lpbfdyjoWyGUg9yRgVrxDkuFx8I1oKMK7lHkq2snJxTSnZ6xdtJK718rEcOZviMDL2FRynh+TmlSd+aFrJuLk/dafRdFbezPzItruSDUrLU9OaeyvLWUS2t3bMYriK4jbcssLoQcBskjJLdW5zX6VfBX9qfTfGGnaZ8OPjXDbfaUuYk07xVcAeTcDhI01HPMEpBA87dgnJYEggfGHjn4L634PXV9U0OKfV/Cml6p9kivLaJ5Lq2DEMEuEAY7QrdTkEg5woJHHfY0vRh1MMxiVlduM4XILHIKuPQAEMRzkYr86bzDJ8TpGcGkrxkrU5qy1g+6a3Wj5tdWfpHJgs3oKPNGaaSjKNuaDVlZrXZpXi3Z303ufr1rHwyk0qS7i8MAan4c1e8+3LHG4meG1RRK1xbSIWDq2cAgEYwuRjJ8A1rwxq0Hjv4d6roDSaVPB4q0ORJ4wYPtcMWpxmSOZVwrsqjLZBbBzxzXkn7P/AO074l+F+pxab4ouJ/EPhSGNrdY53aS+0oP8pe1eQsZYVG0mLdggnOM19heP57PX9B8E/Ejwfq1rqGj2euW91eLZMrtYebcxPtu0BJtHRidwYAAjPXr7lfF4TNcsrzi+TERoS54N2ldLVxvLZ72V7r5N+Lg8LjcpzSgppzoSrQ9nOKcoRV46N68kk/iWl/s6n92mhSs3grwJLI2+SXwZ4ZeRh/FL/ZFqZDjnOSSB1weOmauBwxz2UMBtGScAEArwO2cf3T3xk8f8PtQXVPhR8KtThlSWO9+H/hSVZUIZHLaRabiGGQfm7j1HXCgdPG2X+XBxkMMcA/Lkg9ecnoeoGQ2a/EZvWUXouazstbRaTbtpFra3XT5fqkdfP/gcqs0/L8m7X3thsMBnngfnjocggA5APHOMdTQcDcSerDgepyMHjGQO3QcH0NNEXcDO7aACcAnJ64xnOBjjuMnqaRvvnHGPlOeeT/CSCODzg4H93J6nNT3t0076pJel1o9dk/NFSi9ErW0bWu2l/wDNd+z3Hg9hwCcgYB7/AIc9OeOufQFRxu6MCQDjg5PUYJxkZyenXHUVGdxwGI2hSpGAOPTtk9gTjr0OAKeobP8AEM8jdjIIyCCDjJwBg8kjpntUZ7de/ltq97r13vstBKD6Jtv59U9uttdLtdRduMkjGc4znGPm6Y4z6e/cijZuABxg44JHJxn05wOec460vJ6jgYPPr0Prlec5/h47Yww7sgDBByQuMZ9gB3Xp1BIPOeCD2ltdbrror7a+Vte4uS28l5aenn3f5AASfmB5OFxznr0bABIPRu2OuQKcByRzkbsHcMn5jxn/ADx6joYwuc4IwWAAH4cdM89snPTNNJ6nAGCCABjjK4J69OpBJA6ZIJNQpzUlfVK92vdaV46W7LffW1m+gcq6dNY2tq7x102Sd+u99HuO2k5AOWU7QvT2P8x746jkUxlY4OQTycjoDkZOOOTnqDxjIHSnAEHjJB+b0zx0xzxkn0ySMcZoDMAOBhh2HJI68DBx1I7jvkgY3jVUmnpo03da68tvk9Nmt9Q1bu3Z6dOtl+Tsrd3sM2ZDFjlscdBuIBPHUZ4OTz1wSMimFAdxwT0KkeuOh6k555HOBjJJJDjlj0I2jGOVx7LkcheD25BzSFWyQuBkgd+45AJySO4bp27gm1J6vstXa3WNnGzW11ddbWulsO6asm3botN46Ozf4adLpbSFMfNjGVxt/IZz1284IPpyD92hYsjbjA+UbsDAx0wey9cex55JpQM4BxjGDnIDAYzjA7/MSMHsOMVKV/iXHBDL35H3uMnnnoMYJ7gE01Ub3V23FO+qaVk29bab68z0d+jIvJO1tXy7rRaR1tvdX0Wr3T6oYY8E7gSQcgjnttOQT3GDwCMAdetATPHCHdgAgZ6ZKqR1yOD23YBO4jLhneQAMDBJzggE9COBn0YD6+zyBgEnqM9cnJ3ZweQBz1OMfmtOU2kraaOzWlleKsnZWerSXTy2NFaSbafS2npZX0s7Xe2r7LZmAoOeoGVI+768HknIJJHoepxSMCQxC7iQASOeDjnkc7fYev8AtU8DkEqAOxJySQeSxwMn+Jhg/wAOMfeoDMBwx4wSRkDn+L2JOeD+fJqU+Z6xbaffmT0TSTum24pf5WegopaJbau9n0Wi87fK/TXSPygMZGVBABIBIwQfTtkFeCB1Y85C8YOAedp568nHIGeT0XOQW57qaeys3CFhxj0J3cAA9/Xjtn6FNu1jnkEcggA4B6A/MW78kdCVHRc1otrX5tX2SUUtdfRt27FW62XT7rK628rK/e2mw3AzgdeMYb8VHYYbBJOfXNDBQcHIJBAbb0wvzA85AwOucZPqBT+BzyRjC57YbAGeOvIJ543BeSKQsGBDAHI6YwcnhSeNwB6lf4j78VCaTutFe1tX28npre/dWutRO/uu6W7aabfT5vd9FZLpo0xSWwAcnHYcE8EE55B4zk8kcE9gFRyGOM8n/ZY5BGO+c98cZ64NO+UYOPmXtyowccDAPU98HHbvUOcsVxjjdnO7k5OccdxjGMY4I7UlaLvvtfzWlk782y7ttPvZEKN7PTum92tNLb7X29NrMjb72RkjoOOGHOfoDjI4/wASJzt6HIcEbugyAG7MRjHY9OGPFSlC44J6k42noAc5wDnB+Yng5BzwaYybASCDgZJ6Dgrxj+6BnGMdD0xiri43UUnHe117t3FdVZpXa7tq1rNMGpLSzte2ifVW7Xfa/wB2gmMFiccYBDcgcg9MZGcDAznAAzxmngDOR1K7jzzjvkZ79sg8HsDURAY5XBOAQDyo+7jA79M4OBkjjGRUiAbuQSpAUdzwPmHUcqBksScAZ4xQ5JpWlfZvysltf4tX1fTtZudEvddndO7uu3T7Tb0er2Ym8DGTyQSRjkDnjHTI4GM9SOc0GQYxj5kxkDGQCvHbBAJGQeMkMeBilxnAIPOV3YxjoQRgZ6dMEdsAYApyoDh0HXcNwGdxGR0Iz94dRweAMYpxs7XSSduzuvdu1t8S8uz0egJzdtdlf7rdH3V0/v01KjAkAHcByOR83y8fUgEKQOCDjoRzGUIKsCVAxyy5YA55HAGenbjr8ve7swSSeVHPGc5/i/DGP9kH84my6kYwNwA4Ge/GQSCM8Dpj35NaXtskvw0suXSz0018vIrV2SVtUuvXlV3pts/z7lPcckBgFAwT1GWPqMjAHOdwYkEDPWpEYBSTgEN2xxwMKpzkjnqOD14BWpPJDHcBnliQRkEHn2ztzgEHOM8Z5AYFUcYzgcMMAeoAHTjgjsT3JwEuWV79NPn1Wqtr36eeppo1ZvrZ773Wnp0u/Ldi/dxtOOAoPTk5698dSRwSScDsYXI+YDDnb2A+m7IzkDGccg5HbBMhV3IwWB5IySMYxnjjOOMZxg/UEvEbIVOTnGCuM5yRjI7g4OASN3HB609ut778r2tvra/Rq61troJp6Jq99ltsk3rvray8upB1AJABckjIUE4A5+uOw5xyTikCkhsg5YgjnJHAGQB3Pc9O2fWcxjjkMd2CcdAeq/d44yWbvu46UwjcM5CkgAnHXGcgEHsDz0Jx15GJ0ta2mn4befr8r6JWSS3s1blvbsle3yaSfp5shbAOAcgruGOM42qBxz75A6jGcbqawJYDIIOOB1A559jkAEAdevvLsJBI4IbAABAAz83Gec8j069jUYTgkYIJIJyQQBkc575O0ZGRjJB+YGkm1pd2STfeyW+13tstWtDRad7Kyetk9vPrb7xTwSDwcfd/D2yc+4zxt7cgwcpkgjJzt4HBJPGc5J6cnpzQFBPyqOf4gATjv0G3J4BGPT8F2jnvzgH0VScjoOcHB5zRJOybWnu6P/t1Xt628+9hXu9FpfvfS3ol1XV3V+pGQwLccBiQcg53DB4xjHOM5OcnsKYQylxgbduDk7sZ75wcYPIHQ/iacVGSCAS2CSeSQCW6sc9j3zk5JxmoC5UjaAFGQCc4JYgckjoScYPAOKlR2WnS/SOlvPRaKwuW617JOzerSX5W0WqV13FKjBAzgrnoDwOuBk9jwD6888VDJyoVTlgvchQTjcPTOOR05bHvThn72OFbGBxgMBkYUHIJB46cAncSGpB1AIJG7BwerDOMDnkY5AIHPAAINaq6jqrrTRu/a3k0+iXmn53qkkua7Wl79HG1u1m7J262SWtojHgAkr8oUngHnIwOn3R0AAOSBjkCoANu7AUgnPOT9SD3PY5OOSOpFXNuPlCj5sH5hnGNxztJOF44yQGHVuTVeRGAyclxzwMBicevtn16D8JTtp03Wul9Hrtvrpqlu9SNU7vbTRbXvHf1d9HfS/TQhG3bjnDHJOc428cnqMkZUjJIzkdaNobcQCAMqBwcg5yQpBHTaCB0GcnOKdj5Uc5bBBIUjByOoJGME8g9QMsRkCkyQc9MZJDH5Scnpz1GCcdwemABVpv/AIGz2Xd62X5b7Dbi7N21SSv8tr9dF6LsiJlyBhvlB6YyQMY4x97oD6ZHTkNTXjHy/fIGCRnt2OcjI6t0PQ59athgduFIYgDIHHIDHAwDkt17nHXFIVwTj5gRySDyoGMH1b1GcHOc9KSlazvqmrvV9F8r+T7dXq1veyvo/TSz3v6W7WZTKsCdpUAsQSMAgdgfTjHQ/KQQMnNALx7hn5RnJ65HGAc8+uCfm6jjNPZCMgA/KfT16DvnAGCONp6gHNGwsSVA4ACLuIOM8hTjOD1GMfN0HINW5Oy0tazVnq7W0S3dvO1k3bQqK7vztq1ql87ab767EZfcRgg5IUnkEZwMgdzxz8vXBIOOVAOWGcD5dwzu+UknBYrk9Dn5uMZ5yMSGIkAEElVGOwyM9+gA5J5HbHXBRlxyAflznPc44ZQePfP4AnGaUZ38r36+nl/w9rX7S7auO91u77tWu97afcIUUEDYSc/KSckMT1bgZGPUE845owCCu0jaOMcZ3E84IIzkEKC3PGehBQBSOjAjue4J645wCRjHUAHBzmlBwSpH15Ytg54zjHPGB0HA4obi9H+vy17a6evoS1L8I6LRtWjs9nqtOiVrLYTbH82AeSSCDwASA2MY5OSD0A4+oZtVSCgPI3ZIJ+6e/uD9ehA71MN3IwMuSMZHGMn3IJJz0PX0OSgDYOM4AG7nopJAI7jrjnG3J9RQnGyemr00+Wify18k1YtXWktlbbTdLbt+vZWSGZ6sTyCPQLj0GOQRjHJ49zUnYHI5zkAd36A9xuHUdgOvo4LhSMKADwF5JHAzgYA7gbSSARweBTyihiCMHuSehHUqTnPJyQf0zRzR0V23v0V07Wer63tp8rD0a0dnvbXy10dmn62uRBT0OBwQRnjqegxkZ6g8kng9AaPLAAAP0BPPI6ZzjaByxyMY29Rip1TH8QyBhc+2Cc+pPrwTkk8mnhCPmPJOec5yB2AOBjPfnI9ABUqTi9FtrvZWdv6ve6T6dG2rcrfuytvq9NLav0632ZEsajO7AIypPfBJHGRnHPJyB145C00wgKMqQpbOcjPXGVGcZ5CjAwMAZzVkAsC23jjgDGTyAcHnsWx1GMEmmBdvBz8q7R1Lc4znPOM8jnjkjmqUk3uv+Dp3318tdLbMlrbS223XVa+i2a8ujRq+Fo/+J/p+VI2k5JJIJI7kcA9iD3wOhwP4uf8Agone27ftNftGRLIxdvEMI25AI2vyB2yApwBng4AGRX9pnhhiNcteMsoJPGCeuB0zwDzyAc+4r+Kf/goBDHP+0x+0ROIyQfEQU7R0Ak5IweM9if5mvayZv287Na0+XVaaOPrb8ez3bMKsObbpZ6NqzWi111dla6fe2h+Mf7SUZ/4QnUHS0naQ7JBLGpDb/L3MCTwScHOSQMjp2+vv+CRf7KMHxS0qy/aA+LDrr3hnwprC6f8ADzwveKHt7a/juFe5v7mBiVdYrgbo0ZcEgN1GT8w/tHM0PgPUQhkKmEqWYAZ/0cgkDb6A5P8ACB1+8a/Zb/gkDZPH+xh4bkIx9o8V3bAnPa+ACjsOMkZON3QYxXtVnbmTjH4bLRXu5RXNdNu6d16NaLU4eSSrxbqTu4pqOydlb3ndtvZaWV9G+r/STxm/nazquIgsVtNpdvDEmEjijUptRFUBUVNuFVcBQcAHtvmKRpvF4VB82n2LgYxl1WM59T0JwAQMHjgmofEFr5viHW4VQlpNS0qEDaOW2KeF6g4XGCM88cnj4c/bs/bN0v8AZztNR8D+AWt/Evxg8Z2UGnaVo1pidtDEyeUl9fIhYrOGZTbW4w5cKx6YrkeK9nTjGWl/dW73W0dtbyT7q1/JkKDlfzu9LNX1TenRXu+vo72o/tiftu2vwP8ACmmfCf4XLF4i+PHim58mxsIFF4vhlL4GCO9u40LH7YxkDW1u2GVgJCAq18EXvwA8f/BH4T+JNb+LOu3WteN/i9out/EXxEl28st3aXdmCllbzyO7bXKXLZhVVCAFABgV9Ifsc/sof8K90/Vv2qf2mtQivfHepWk/iWE+IZRJF4ftDG1w9/d/aCyx3mDi2g2gwDCKORXM/tW/H/wt8ePh/a+L/A811P4cj8IeNtOhvriExre/Y7yGFpoWP+sheQfu5Om0dSMrXRlKnPNMJOTu4TTVPtF2tG19Xqm+708zz80cY4LEwS93ld27pSlZcq1ast7K7bfVt6/iz4NsbV9Nt57XQ9ck81p2eVNYkihe4LsZHEW1ggycbeRwPXNVfipBPaeCNUlk0i9gXakazT6m1xGpZwRuj2jdg575BHTIOfS/hJGW8M2G/duzcuAScZdyefQDgHGBx0GQKh+P9sU+GepkMM+dbbyTxyc469SRjAGMYI6g1/RUqFGOUVJxlNOOFqWTcVq4Rv7ttFfq2r3sfzZDGVZZ7Gm6UOT62o31vb2kdX0Ts+jvZpN9uK8FQ6lfeG9Ee38IWV039nwAXNxNIxnGMbwigLg8grk8nIwBiu1h0DxEd7jwpocCLHLhpFZuNjFgoy2ecnr7dOD9B/Ajw/a3/wAO/CZeBznSLdmlAB5KnYBgZJyD65X73rXr+p+HLWLTLhbdEIjgmD7xhtwhlPHHzMDg7cjgFedu4bYWeH+q0FNuT9jFu3KrtRhrsr2bb77+j5MdKssZWUYKMFXdrubl/ESTs2tutk/0PzH+FtvrU1rrH2TTNHmA8RX0bzXdsHdJFbHlwk4AUZAH5ZOTj1xvDnjK4kjIt9Jtl3biYrEZCA8kNjHPoRn6DGe6/Z08I/b9E8QXrIhWHxpqgO4gcpMQMZABAzxwRzkgivqu60JQwijhjVGjJcmJAu1ATwcYzyeSOhwBUZVKnHA0FKb5ldW5raOVlZrtpr2v200zOUpY+taMUnKlZ9dadNreTStd9EnZ28vzH8A6F4lvvHHj62sr+OGe2vYhcyiBDlmCBAqsp2gDjAA6HPofbF8BeMph5kniBlAyuEjQ455xsUHHHHDdMHbkUfBzTUb4nfGBZQZWTVoBgDIXDY+bA4wAB0+nQ4+orbSZFRsxKiY3EbST8+QpxkEEY7//AKufLcTS+qLmcta+IduZpJxqu3NrZp7eZvmVCf1uMY2t7DDNvlvr7Glrom7v7rdT8+Nc8La4vxf8PaPJq9xNcT6NO63LPsZF+YEJx3x36cHjlh7XY/CTULol59avdo4DfaXwxJ+Y54wDngDHAyMGovEWku/7SnhBBE/PhW5lVSCA21pCDgHHzA8A4PB44r7H0zR3W3jBt0BJDBQpLZLdM+wO4dccDHWtcur4dPGe0Um3jJtXvaXu0rJNu2676N798sxp11HAxjJJ/VKd2kr/AMSWq06K+29tHc/On43eCbbw54d0k/aLq8ml8Q2FuWmldghadFJRSe5OOfw9vX7b4b+HntreeWOZ2a3tiwNwcjdGrMQC3QE4PPHPGMmue/afeWSXStKEW1I/FmihV3gFmluo1VeQTyeB0yCe2a96j8O6uLOMPYJGPKg2hpGyU8pQOAABuwMjgZ4NZPE0nmOMfsvd9lQUIu17wum9L7u+ltFprc7qeHtlWEk6nvKrXbd3ven7tl5q2u931Pl74zeEvD+ifD/xBdW1nGs5hhCyNIWYK0oBHoBgYwO7ZJxXb+BvDmlN4Q8Ov/ZNvNJLpVk7ySRAkkxJnDnIxgkge/XstT9oPStRtfhtrss0UEcaR2qMc7usyAAnAGclTzySODXrHgHwhq914J8MuJkjjn0WxaMAkAI0CHoFxnJxuLEsMDk5FOlXpwzSpKcFZYOKS5f+njet09d/K17diq1CpPK6cYVbWxs+aV5Xa9nCyVkrLm6tJdU2zj9X0m0stOmW30+3VWguS223TcoEbc/dYggcZ5yTgcZFfPHwQiM/hzxLN5Cu3/CUXaoDGjAFJCQFJA254H1OBg19K+N9F1PTLG5Bvm2wR3Cthich4mCg8EZ3NjPPt1r5r+A8Gp3Gia3b2w/djxPfhiQciTe+WJxjHzNjPfBPKqS8TiObMsBamrcmIS6rVU10Ssk106apmWHwyeWY9OpeXtMOrtS0t2b2u29r3tZ6s988JWdxL4409kGxBZ7nZYkCgsxDLt6LyCpI45/vEV8/eHbV5/ip8UbcMF8rUJ+TgfdmbIAIABJXk9TjcMnOPpPwt4V1y48W2EP2uSMzW88rMshBSKEs5CYGQCwwcADGOAK+evAnhLVPEPxV+K0FoZZprS+8yVlkIkKu5YjK4wCRu4Axt55w1Y4rExjj8A3GzjiZz+JKylS5b3aVr6ep14XCSWV5i+fmU6EILey/e03s9tFf56p9PcP7Mh8mDdcgP5OFXMasDgKxyccg9cj+grxrxlbQ2/xW+HcfnKR9nu3Y7hIV2g5JOc4Jz785xwa9zHw18RRuhktpiAu35pHbGBggHAyTnPy/Vs45+f8A4iaRd6R8U/AtpdW8sErWV3IoJJdgDkn2B9OAvI5JwPRzTFurhqMYyStjMImne7aqU2mvJ3vrpvo9zwsqwfs8Ripc0n/sWK3vZ/unrdpLV7p6PbpZe2XF5bRP+6JMgU9tynrkr2yo6YJzwfQV4j8cr2GfwHLsyGOs6aWGTjPnpnbnIH1wec9etd79nl++QyjaT87NkAkE5BIJK9geepxk15h8YoYk8BuxRv8AkL6cM9uZkyce/JzzwcD1rszWo5Zfi1LZUXpukvcd1pZXvt5X1eh5WSYe2a4STvH98tG7K9tNVZbXvZtJLXU9u0O4RtN07DZC2lmHK5BCiFBgk8+vHYj7tM8USrJ4a8SKhPy6TescYwD5bEn1JwAMjPzdsFiamkLF/ZdsQHytpa4A6HEMeHBJPQDlRzgDgdaXXxG3hzXWjjfB0e7LbsjDNEQ2ckjnjqAMgDjO2utTUcFGN98M/uVK13ZLWzV3d29DyHRis0V2m/rl7baqokvxu73t13uc98DoR/wrvw/uIJEly20LuYgTP1yOOc54xgenB9gvJIoyWEC7UlR5MYwo5G3ocHocdfmzz0qh8G/CQtfhR4UvmQhbixknJJB5aZ+CBjBzlR03jk8V1Op2UQs3PkY8xkCtn8ASP6YIxnGCcVeXScMswyTStho9bfDBLutU+nRp2NszlKWaYh2SviJO8mlZKata7T2Vu+j0dj5t+Cs0S+JviqzIxx4oHG3coB2kYAXBAz93pnJJFes3uqwyX0sUab4w2zzAoXYSBuGCcdOFJPHXkdPNvgXA83iH4s7I4z/xVOxtxwAAozjHG4A9ABnr02ivRLmG3fV5oRGDsuGMiggKACAMZ46g4z6YzgZrzsmr+zwEIx0Xt6zS2snVk/8AgvVbrZ3Z6WfUpPMJ3TfNSwz2UV/Apq73SSbt67pHj3izafi34VOxgraHNgkA425ORnI5YDvkA9CeT9B2siraRxECQhAAAu3DN03EEYz3wfmPOMV5lrugJqPxh8H2UERPmeG55iyJ84C5OOvU9d2envivd00OK3SOKYOrK+SrMpZio5PBwQDgtjHQY64rXJ6qdTM33x1VRWmtoUl1tfTVK6uvMM7w9RU8rUY/8y6ldq1m25K0n5XjdPtrpc+W/j1uN18NYyqgf8JbbdCT/FFjOR83J6/3flIyCK+mbuP7NAjyFUby42AwCMCNSqgk4B6cdsA5PWvnn9oG3jTUfhekQUFfGEBIYAkhXjPck9eACB68c4+lPERgNrCgeJcLFuHG4gRLxgE+gyeOmecVy0Z3zPNLXabwyVmtWqaTbt3s0nrvod06bWU5UrNNU67SajvKot7q9uq3bbvvY8u+KGos/wAO/E6B9zvo9wAAuMLtbg45x17fjtXB5bwjbX7eFvDggdF/4k9pkY5CeSpBBGPmzyPr3rd+I8av8PfFEo5ddHmA2sDkBSScZ6ZySucdc5OSet+HWiyXvhTwusFrJPLNo9jGEhiaaR2e3jKoip8xcnaoVV5J28jk1OcI4/mnJRX1KMnLmSSXtFu20la13ppfzM4Qqzy9RUL1JY3likuaUn7OmlF33bvbRLfTQ5e20y++0JJJdbUDo3LDHykHBBxk4PTBJBOCADXgWlRrJ4r8VSOyuf7YZSzYKvtSQfeyPm9cc56jkmvvK4+HviKwjgk1DwprNmjEFHu7GW2Ux4LearSKgJ4DbOGAySDgGvivw7pIuvEnjXyYnl8nxHcoyiM7h5ZcFW65wAeORg8kgYrgr18Ni8ZlnsqtOrFzrNyjKMrpRWnNd9vPpZ9/VwWHxGEwWY+2oToy5KCUZQcX7042vdX6WT/O9j2Xwxq8MenNbyzBXjWRgqqwBU84DEjnnnHfGD8wriPD264+PmpSZ4HhqzOSB8wDpj39c/xdW6DNdhp2gOsLXs8E8ULptClcD5ADg9if4QOPmBI7NXC+HJivxz1LhY9uh2cYLjBwGjKng5GTgZ5wOnt04uaU8uUbP/bqNm0nZJuzaW62Vt9Fpuc2A9pyZnJ2UVgKiStq03T2fXe6TSa9N/qrxWj/ANkahlSubc4JzgZGGAJO0kAjPVsY+bHT4f8AEVn5Ws+FVLOS+tPjk7cGOQAnAxt69cc4x0zX3L4mklk0a/II4i5wBnHAPP4kHt1BUE8fE3i8XEeueFo3KkNqr+Wjnlh5b8JjILHqO+fu54r1s7mngLJ3ftqFn0Sdald73Xy/zPm+HW5ZzJ2k4+wrq9tI3pSezem+mmqSOsisZBvViSnmEqAQdxGTyOAAMAhlHB4q94g3J4S1lfkKNpTAsQAcIRuG04XnHPQHgseMliNL5SjyZMGZsFVdipPuBnBYE9QFOcHqaqeJTcw+FdZUxu+dLlb/AFTZYsyfLk5Jzz7HBHQ5q8XXj9Srx5oNfV9LtXUuXZLrrqraPRbK5hhKElmGHahUtGvBv3X1qRsn5K70Vr7p2St9af8ABNoq/wC0n8JQrsSZYtm087xDMADnkrzkAgjA7fNj6K/4LBW5f9ovw6MBpW8KBckYK+WSA388ADIHY4r5n/4JumWz/aT+DLzxrD5+pWqM0zxxqoMUnzBnbBbkBRkHIyR0r6i/4LCypH+0/oMMckcyjwooBTa2QyHsCc47jOCcDIGAPzqNVPjjI1G2uWpO217q7t3fnr16n6Pi6bfAGexldf7ZKSvzXUbw2Td0nvZ3Wq6H5Qx7hENxZ9qx5B4BHB5/DqByvQ9MHjZJSviLWWCiMg2uWPTGDkAZz269wARmu/tIi8GTnJZh04JU4GcAg+hB+8QeRXEXlu58SavGoG3y7ORsjqMEEeo4BP5duB+146SlUyxpJyjXXTVr2Wl91a+m2tj+ecjg4Us5cZTs8LCVr9fb0nrrotHdJdW/XoorlnDRhYyhUHkDcCO+cZG7gHB9Rg9soaR4e1HW9ai1nS7e7jewsCEmiWRg7sysUOFYEnBOG7/MCRVuLaW+VdxCqMA4wvU55H8X5nPUHNKuI9d1RjGM/wBn6dhSctt8xgByD6dRnv0JxTzPBUcU8FCpCMozxaTTipK3s27JtN6pej1dkd2SZlisH/aVenVblQwl4NSdk1Vo22aab1V1va+xyurfBzw9O0l54Z1S88NXaEMptriR4xuII/c5AyrdR04I4OK4SJ/id4W1DVbea3h8V2cFxF5kiAC7mjwoWR14KnaPT5TgcYOfoUqSuXQ7h5ajByCCeh2g7sA8Aj1OKwPnj1nVpNxYH7OCAcEj5Tg9AccZzkfTkV42M4YpYbF4OWBxFfBznVmm6FR+zuoXu6Urwbdu1mtE73Po8u4zlicNjXmOEoYuFGhCVqsL1JJ1aceX2qSqq17/ABb73scJY/E7RZZYoNXguNDudwQw30TRwoQcDMzjGMnHJJPArr9P1K0utU1Oayuo7iBooDHLbyKyup2/wqfmAwPXqepxV/UdI0XV7Ux6xpdrf7tmGkjUvyxGNwClTg55J6DPUV5l/wAK3gXWNXbw1q974dkia3eJUd5bRVONsaoTwoJYYHB+8cdprLPcBWw8KsKOZUnU91wvRxLko2tJP93LS+zV9LrVGmFr8NZtQx0qFWvlVb2MXUVRSrYeEZVKdpc0eWqkpWS5oT9Xa56he2emalE0Go2UF9GyOXjuYEYZCnJDsMjGScAk4JwAevnFt8M9Newi1Lwxql94bvRNOxNnO725Kux2eVu2qcDBG3GAfTmQP8S/Dy5vbO38VWSqzGSyPl3ZjUHJCbfnOBubJGcnAzwbPhn4ieG5rS3sL6aTRtQMsxNpqaNbNv8AMYlVlcbG2k4AJPIxkmubE4nKMVjKEMfg6uBrulNN4inLDzUmoWcK8ZKMm3s4z3V+6O7AZfm2EwGJnl+Mo5pheak4rC1frEHHaXPQkpSV+qqU07etzxL4tah4zstL0ux8YNb6vpMF5KLG9tRtvncxmNhNjgsw7AdQeM81zXwn1TR7HXp5IblFW4tRCY7wiHy3yzFWkbC7uwzkMRtHBGPVfj20V14c0ye3nguIkvS4aMrIqkr8hUplWOQuPujkEdjXlPww0DTda1nUbPVrE3FoLW3eKFyQTOzDc7Mpz1YdTj5l5HNfkPEuGdPiScaOIlXglSnCpVqKpLl5INR9o+bmS+bd1u0fsPCuIUuHaXtcNTwrvVg6dGlGkuZTSk+SyhGUpO7SUdXpa59TfCJze/GbwaUyxaa4ji2/vF2EOAEZGOeMEZJyDjGOa/ePxdaf2vNdWTsh2/CS7jYFhuMsEJl2HP3jtUNg45PGeBX4a/s76Va6X8a/A9hb74rG41C5ikErea8CklAsLk5TbgHk5PX5Qc1+ufx58Tal4B8QWHiPS7We/wBP0Xwldadq9tI/yy2GowNai5EeWDvEZd+TwMZyK8TMJKSlFKPNKfM4xb96UXCy5bXa2evdK3b6LBpv3ub3fZpK91LVaWv1ule2my10t+fOowOvwf8AFN28QOfF+mIpDHKiKMjaeAeAduBkE9dpBrkNV0eDxN4pGkXINp/aOi6aEMakh5YLUTlznAAMaEcnkgDJBzXr3iizgl/Z/wBf1KxbzIR4z02RZsACQXFr5wUsv9wthgMnK/NjvxFjdJc/Evw+rxo2dFsIQownL6SwDFgQOc4ZvXBI9bw9RVac1uotx5d+bSD9bp6XtfTe5lWh7OpBTfMlBNO11J30u3dJqyemltetjnNZ1Bn+HOg2QkVorXxgYI1DDd5Vn+7jJHyjO0Z9ASfw7HwJcImp+KWEbEL4PvsYHVZnUB8Y4LAnryT05FeZavcWaeGmsSp+02fjC8dQCWQxDzDIAOuVJ5bAOcjjPPo/hRS8Pje+VWTyfh9GY2DEDIZMN93AzndnHJxzuya1jOy5W7K/Kk9Wveho3p0td20+Zi07uemyvrdpO13stVbW2uv3+n/C+9v9N8Q614CinFro/j/4eiDULqVNyWrC2e4hlOTsViVEQJ4G7gnOKzfibZReH7n9nqwZ/MEcUkEuWBUiC+TacjgrjoM49CDjGBoctw/iCaZZZIpJPhQJI5Nx3KwtiFZO6t3HYdfmJNbUhk8e+FP2fbdQJPEem32oWB84ndeRxXQZXLLkllRTkHJYNk8YIzglCu57xerjZWuozS9dlZ300tqdsffpKF9Y8rg29FGM6fNG+7d3p32Sbsjf8SK1x4C/aHmtyrJJ458Pq5j+6qeSzA9flUEEZHTkYxjGXeWs2n+KPha7uZEufAkmWQZCx/ZJC2M56Z5yPc84FZWq6wLL4ffH7TJpvJurjxtoyNGuSxeFHSTAxnCuByMkHsc5HQaysseufBuQtIyP4AmyyruBQ2j5GeoI4z68YxTi0o2vo3J3aV1+7p2T6rXd9VfpvvZuf8rUVokmmudvsui6W1v6Hl3w91GK2uvhw213hj8Y+Jd45yxLS4APYLgDPPGc4JFdNptzBd+HdXkKtHNL8RI5EJY7njeWcLxjj0wO/oM1yfgC0F0fAR8z93D4410HbwSrtLjOccHcMfX0JrpdHe3uNO16FpEj/svx/Zwxwrw0g82bJOMBiMjpknIx7TUVrSbs/dW2rTm29vXa2muhdKK9xJ+7aS16SaW2ytdNNLd6bXt/T9/wQfuc/A3412qlv3XiDTmwwOQxuJQ+OSc8HgZOOtftRcEAfMD90An2I9+vJ564JxjnFfiJ/wAEGmH/AAqz9oG1X/l28R6YCQf70spJHAyQCMg9G6Y5x+30ynAPBGD33Yz0wQMAqBkdyflznJrwakv31Rbap67+9GDS8t7fnbU+qoL9xTfSytZrb3b79Nrf5XKJzx1CFe+B2PI9COAOo5z0pgVTtO4HONvIAG09x3J4wT0qwY23AEZ5PU87RyAO+T245OCPdG6YA4GefcYBI6H059Oo9IXR6dGtO3K1ZvZX0tu9fMq68tH+VvxultbW/fSFo/lDfKfmLY53DHU49h3BB9O9RsvJBBI42t1PXJOMn5sZAPrzg9amIHAXgAnJJBJCgkgjuBg+3600qT91sjg5OQQOmMevPPPP51aato9G03tv7q9H0dr6227xflSsu3z6bd7aJPXR9FrXdFzjBwWAP0yOecgnkgcDAPHThpI3KDkAMM4wOCBnDYOehBGeMdR0qZ0VcAlwc5y3RsnI7dQw5GcAHGMcGMxAH+LGMg5BAIB54XruGCAeOBu71SlfTomltZWk9fLdL0b72s1JvtbZO/RyV97LVx3+7W4YBGFOAGUDjJxnAPqckdfUdCc5aVLZJzgMeMDp/Xg8deT1HOF5KnAGNvIyDkjJ7gkjI5AyAMdRTlAxtwcrx8uej5x2wTg4zxjg9+F76Tb5Vpay0d/d018r2fM+j02Jk5KLul679U0ra7ad77psiCj7oByQBnHQN33f/XGOc5oMODypwMsp+9uPXkZ7HJ3cH5sYYHiw3Ydck4J+9nbwSOvTJwf7vOMgBmAc7MkZBz2GeCWyTznOOSex77qU7tJaO1rWT2S21373drWerdiNZK7a01tZX3W+r2tdvTfTTUZtIAO1wSfm9MFRgHg8DgE8+hAxijZydpzgAckjp2OcHHUDHJ47U9sg5J4O35TnGMHg55AJHUcZzwRTiuSSATufbnPT5RwOgIGeD19vVqMoy+Lrqmmr25Xa6+/d+qTdpSfLflen2dtElbVaK+q30tcRACc4xkEEkgAc4xg5+YkEjn72D6UhxtBbk8dAeQCcDkccZLcYBzz1JUDbnjqOM55J6n6YzyevXFO2ncTwcAA89BxjKjgdsk9ePrVxco2vpZLVPXo77Lm8k31ta9iNWl7ru0ru10leO6fK19ytrpe6cagHIHJBIK8nAPI4479zk8emMoVwBkdTjg5wSeAMYBzk4zz0z1FPK5JOcgAE7VwDgH2zjrgHr+lRk4Kj5j1c9OORnrg9APlyeQOeDgU+1viS95bO61d7b+t+m9kV76sradbrzj6pX318lpe4kgwDsDEjaAGIx79ORnBIBxx+RhcqO5wHHJ5xnPX19+TjPHTiRmYA8HkDAbJJOcnp3yD83fkZxxTQoyO/zH5c47D68nI5yM9skHFrR6q3RWSslKy3Wy7Wu/PoGreq7N6aXbjtpr8V/JK6RA5DFecFSQSOBjJHGT9AT24PvUaoEyckbcEfxKASSOOgBPGO3OKmZVwMksSSSCewPODjsO+OpJz3pNu0HH3w2eTg47jnBxgAjqc9qtSs1u927a6+7s+m/wDwNB2T3Vml1Sdnppv339F8jYchs7id2Qeox0Pcg+gwM55HU1GyEYxnB4GMDOWJ65ACj34YYwT1qTnd1wD0Y8YDYXGcDAOMjb0/m47sn72eQFHXA5PAGeOeScfXBqYuSfM93bVXvduNt9km76PZa6qyaV7Xum391+XfV/na70snYgEZ2g4Jzz1HQYIBHX33fTjIzSoMHqCdvA6H5t5HY9envz+D2GckYB2nk89Sc/UfXkc88UgTOMdc49AcAHn1xyR27etVOcmrJ6pK7Wul1v3VvNbK+l2odKC1itU9rau67+vm/WwrqCApUliAOeAemc8Z6jg5GDx06IU+6u3HHBx1UHgZzn5j09QPenD5e+Rggk9csOOe/pz749wqSNxwRnA565HIBBO48huO3bqalTaVvdb+5dNdo6bq2vV6DiteW2uyd09NN9b2trorakJTcdvQkDG3gd+ufXpmlG4ggr93hWHBOB0BOOpPPOMem7NSjccnIBUgcAcr9R6Z69gODwKjfOcYAyS2emAO4wME59O3YdKXP0T1Vv5U1rFJ6/5q97dNS2t/6/Prp0srd2RtyuD24wRwQRzn9OO+eTSqRjoQARj32np6c4yOnUc+jCpBz1BO7J5bnoR6dsZPtxwQuwjnk8ZUA54POfQnqODnA74NNy0V2r6Jdndxvtpp16N9tQbs3ZNrR62fXRJPTRK7t1vprqFxtJBPzHdnJJyW4HUFSBgnPb5R2pGByOCQwBPPI/LqCeuDwMg8k1KsZOxmzgZA+bkk9e3JPQYHQknkMaa8e1lUnkueuBjAOMgc9B3GSO3ampxWl1dK7Sd9rXs+tlfz62drBdaNwb1Vn223089vx6lV1wcjoSc8nPGRge/QE8ZGeDxhoUKTgEbjj1IPT5uo9uAMHpipmiJLZwykc7iCq8gqQAeVJye3ryOsLREBmODuxnnOdxAC56cDueBxgdcVo0rN3tZW+WttvvTt2SZDSs/dsrO7em33+Vu+vnc49CQvQdsnj25ypx6k85HIniXad5GTgHrg4xjA4IwOnr/SGNGbeWJIbPIHoQMEjsOOuMk9ecG5GmeoJyAuSCMAgkHIxzgdu3PbgaTvrZtWe/X3V93TVDjFSs+W76fg/N2fnfRX0TsSFQFBxglcDPXnA4Occ+hxy3vmoyAAAH4LHJ2ngYYDOCeR9MHJxnPy6EcIZejAgYJyMgZHA5GfTBGBz3yaVrdRjAODy2QS3AJBxk4APYEYPGBnNYKtGLs7NK3W3VavXZKzVlq/W76FSas0kkrNdNuVJL5bPRu22xmHd8oO3jIPA6fxEcjqMY9cqeuajcHKgBTyfnAO5QcZHI4ztzkf99CtIxjLBQSSSCQvzA9APQFsnORng9uajeAA42szHKgbecHHJyQccc85PccU44iPNbZKya0s9teiTutU2m+iIlSlJNdLpX1XXW+3TdP/AIbNKYC5w5BKgDjcDxuJ44Pb27Z4LHUDDYJIzu6nGMYOAS2Qc4AHIA6VdaIcEqVLkrgjnqMY4OMjPJHByOvNSJZs2AA28AjAyck4PBwT7dDnvycVr9Yppat+d2tbW66abq1326GTw81rZPVbPrK2ul1p+LV11tnAsWICgBiMgjuMfw+vOR7scDHBVlJOMk8ls8jA4JGDkBuOoI6cdsba6exQFsZGQByDkHIyWwO3QnsM+6jTzhRtKk5GccZ/jGeo46AjB+uRWTxkI7S00tqt7Lay0vute9ug1hptq6euj/DS7eu3z7O5jqpUKQrEgklQOM9eMnpj73oMnI6DQilwVUYJyCqj1wepHcnueD1Oec2H09gwJPXOSADgAZyR1HB6H8eCcPFqqsThs43naM8gEEnnjHIx2BIxzisJ4iM1om9Gl63tbf1vprtdm9OlKn020aerv7qWqa16vdv7y7CSAB8vAPOc5zkEEN1OOQRn69BSMAQdozjkHGAO3TsR1JycjkEjFKqEbQVYDpnHPzd+u4DkdsHj1AMqqAOgAwyjPU4BB49Rzyex4HArBtPR7/evv301utfLuddpW+5L1stdbX3Tb6+tyowBOWOSFySowADyQQfQ4ye/UDJwakxXBUkZGCTgY6dBzzyBjOcYJBAGatXG4ZGN3GScYxxjv19Rgcgjgd875X4wCcZyOhJ+Uk5xySPm6nOQVyeNI2e19knbs2rXsn2Xp8rGc/eVm9Glffumnbta67bLdEDHc3LEEA5x8pGSAMnOD04wDz9aRsAEDGchfuldq8EA55J+92HPbuZ1iU4ZlPBIxt+QkAYHbAHpnqB6DDTEGT0OTz6knAyB7nG0Dk9a1vFau+q0Wrt8Kumttn36vR6HO0lfVv8AlV3bXRfqt9UUZMKwAKk5xwvJzwCO5Bz+HzeuBn7C2clgqbs4HcHgE57Yz6A9V6522hGMHqCOOR0ByMYJHbJ6A+1VGh4OPUtgDG7tknj27HnPeuinUglpo27pr4ZST721ezeulrXejOeacnaz09PJd7p+qWzd7meYQyqMbQTlc9TkEjnK9Pm7lRyelU2t2B+UkAHpjPB6kZ6emeQOmeTWs1uwBLOuTliDgjB6ANnIAOCOSTkZwcVUZJNpUBSBuO7gkhWHykZycdenPqQCT106q0V1bZ6adNrd1/w12c06T1bjorX79LvZX3vur69VpnNAVA7FWYg9RzkggcAgj7xPKngcYNQfMi9QAOQepye4IGfY4xng8A4q5ISxz1OBkk7cgDAUdu3XHYZ65FJlyORk8YAGOmQDxwMehxk553cDqhJtJO/TrbVW0v0T39OqvryySbsr6J3Tvropflvpb0VyJlPGMEcKOOuc8/Tnp1P5U10QtyhICgsv3cY/qM8DPPIJGeJtuegBIUkEkZyDwTuxgEHgEDJGeTmoijIecE8EEkE/MTuyOOnb+6BggnitIpJt6p2Ts+a2ijtr089vS6eUtl02t13Wq20+XXW3aMLlvl/ug845zz+OCMnk+meDTowcFicYJzhWOM9MHtyNx7gjBwM05ozjGTkYPB7DI2gnJB9QducgHIzSMD1yCzAcAYHHOM9c9Bj8M88u6dn5pO3n83ZPt6bNCinddPxWvRddu+tlrYUHaSVBBAwDjCnJOflyOMEZz6jAYYFSrkhiDkZOQSBzwCG6Eddvp94joQISC2cA4xtJwRgg59ffHQkg5PBqQfLtcrkY54wPmyMjnOeuBkAc9z8r+J2Vm9+zX33v87dH1VteeUb6tJaqzfdXX36+enm1KTuHPIzkDDYIG4YLBhhvUd+Pc00oC43EbQDwRnGQASOckc85HAA4OMloyAP4hgccYwThhnJI6BuBjHGT0AOQ4YEE9AM5wAT6ZHOMjJzjGOGJz5ktLKzv1SfR7paX7d9FtYhWk0rtt2Tbbv0e2qeydmtbJ6rUfsBADYCnkjIB/vfqe443Hk5pAh5IA29ck9Tg8nnIwQOOd3TjvIi5xlcnCkqMjqWBBLe2OA2B35JAVeMtt4U5BA3dTgZ/IHDcLuPA5pO1lvskku+ltdVbXZWt1sWlFu3M9r9ovRPqn7z0vta7sr3vGIztYAncxOMAEj8+p44ODwNwzjIYYimCcfMCexLdQAemCOp7jnHQEWcnIAXHGCp+78yAnnHUnoCOOnU8KVQjKggHjcDzleOOO+PoM8gjIojdLZ9Lp9dk+m+v476a007PdpNK/TpeL2vbpZK3mtXVMRGCDyDkkkE5PJAHGcAtxn1PtUMg25GQC3yj5ecgsQCOnO7HOAcZAxVwrtXJwD13EEAlQCvReMsFGc4PUbaqsSpYEk5OclQRnjgng47g5BGSMkdbjJ+b/pLrba+vbR92ZySutG2rbq3VbpX03t039CJRwBkAZyBxweM45PA4HGfr1WpASjIx292Kn5iMnqvZeASRgDPOcmodi8bVxjkYI6ElsHJ6jPHJycHrTS2flIBO4qozx8oHyqSQTnH0+Xjpmto8rW6fXfbZW20S0tu1dtamHNyvfXS93brt8rq6006skZiSFU5zk8DGMgnHXgcAdM+7ZqByAVABJGQcdgecHg4HGDzk/wAXPNN3MdoOSwyCCcsoJ68YLAj+eAc8FrcEcldq5AJZju6E4PTgnPfd6AmtIQ1so9lZa9r21a9PltuZTqy5dU212/HR2366a9iIsdx4IAYHcD03ZAHbA9f0ySajLYYhjkqzDAyo6EEkHIz1IzkHJ56YkPzZ5CkYGACQ2fmO0nnoM87eh/FgQZOSGBHXbgnaAcDnJyflxxx69TtZJ6xesVfR37pLe11pv3utbHPzOaso72Td7JX5Zbuz+Sd7LqmNB3AAuAM5GeTjptIzwM4IyByc9lprBuRgDPQ5B3AjHXtjHfj73T7wdhRsyoGc54Cg9+xHTrk5we/Io6Y24GTzuIIHTA46r6EYyfRTTSaUdHZ2S97ulokrvTro7bkPmbS5nyt9W07XjG7WnRJq62t5IjO0AoTxgAE9GPTI4wBxlQV9OO9OGMKCpG0bjyCQCQOcHGQevbHPShoSTu6hXBySAuDyQcgAckHqPxxT1UjgYJzyejEHPHPT6g7lPBz0GjklHona9pXb5vd6e7pZ9Wnu7WuiUtdE3ZK1791qnfS2l9H26ihBlyQcABu3BGOcY4Jzx/j0YWByQRzjOBwSeSRn7ucck4HrzuNPIx95cAkZypzjOduAT6ZHXtg84IQrBiOQQHYkNgYzhsdcA4yO+ccYzUKbtZaXdt73atqtF5/gtwcYtrm2Ts9H5bK/Tpbfa+pAdoXaGwCTxjB6BT17HocDPXGKiIyfmGBjKke+euc8gk8Z7/wgYM7xqMsE4+8COD0HPTHXg5OAKi2cE4I3BeCfmXBOQrYOeOcHjgcGtYu697rZb+8/h0dr7ab7a3VmCglokmns0lbWyXVP3Vtt20GLGpYjdwpXB4IGM4IIKg98DceM8U4qAFJ68gAc9R198c56Hg9OcOIH3eSPu4Axn1yVyBjnbwOu0dM0mPlXAOSCcHBB2knruBIH4dDg4wTN9Ytr3dFrvZxTV1az05rq++l9EN03FLXVvtZr4Xqn5aqzs9SJgcBiCWDc8gg4II7cHBUZ5554JFOBbJCuRkYGOcnOTkYGWyfl2k8HnsKeYy6KMEYyw29e2c5GeMdOfXGckKIlBOSSOVAOOSwPU/j6fTJwKceV6ST1+5/D6pu/R7atpIUdt9eiu7dN11/zd3roMGCxAwVAOSSRg4GQRzkgZ6ngcYzxT0+UBiec4KjIB6g7TgDHOCcdjnHFCxFVbGcgAKSQSckcdsKB16nBJ4zRsJ+XjKncRwNvbIAxjgkADrxx0JSjy3SXu9btL+Xpvro+rXXawmnbV32vp10dlrtrsrXta63JBJsB3EDC4+7nqMnkYzxgc9x3zSCbBB6DOBkZJ4PcD5R2H0AJxzTCAwY/MxYEgAfdK+wJOMAcdcnp3aEb1yDtGSFH8ROeOOec8cgfKMHrmhJbWWrsm+lnGy0Xm72s9NE1qaK65XbVWdunTr1tbZ9nbdnovgZ93iXQvmzv1S2wMYwd6qDjj5uOMdeTyQa/lr/b91Npv2vPjiiTRqf7WkPz4JJt3IOCRgkEA54I56AAV/Uh4CQjxR4fBJydUtsk/eUbh8wHvkH0A4I5Nfyp/t2LDJ+1/wDG0urSbNd1O3C8AsdkkqE5KkDKjdjGBz1OD8JxXC6p2d26U9nazbV1fRdL9OnZn12SNyoTk9vaUrvW7acerXL+q1s0nryn7U9g3ijwl8JdJurUX9nrOnaNfmE8pItppyxu4x0GV2knAO09OM/nBq2lW2la6+m2tvHbwQajH5drEuI15wTjA/HIz1z0r9YfiDp39vad+zxDGSGTwbIuFGWykLHjk5bDbcjB75ANfmp4u0iS08ZayZo2DRavhSwOV2ucZyuAQoyTk8nB6Zo8L6ankFaV17SONxSb8lUet+qurXvpa9jj40m/7YoqTdpYXDtq7tZ043dvyb17aLX6Q/Z8G3w3rLM2FXWbgMBwCqlsgEkAAbgcLuGCOBXonirVLaLQdRUlYrYRKDJIR87ggARjGWOAfuAnIPGTgeK/B3WrO38PXtssgvLqbXpwljaMC5A3DzbmQECCBTkOxPyjoDgmtXxr408NeFrHUtU1rUNLuLmGJltxczhNF0xhkny8nN9dKeqiMgv90jt3txoYzEV4ppxxM2pa2lK8fO1m1ru2rJW1Z7rq03lNCi2veoRUklZxTjBJbuycdE1r+Z1Ottf3Xh/wjJEkOjaedUtBHqN0Qs1xH5EnmvBGTv29NrYOQRjAOK4Dxl8avh/8L7F3a8WS9kUhZZALjU76Y5yttblncIWIVZCAMN3yK+VPFnx48XfE+y0HQ/h9Y315cpq32L/hJb2J4bYuyMqDTrY4SKCFCxVlySFG7Jrtfh7+zzZ219/wknjrUJPFOvPKzyTXxM8Ns2A5SONvlKq33SAApAyMEE/Q4PEY3EU60KSSVWcZyqyuowjaN0tryd/K1rHwWZPCUq1Gc7OVKLjGnFJybfLdyla0Ira7fXo9TzLx18Qfi58Y5NCOm29x4H8Hy6wkEF/cM41K/Z9wLq52sodAVACqACOcGvb/AIdfA/w9pVs+p3cP2mRsST3l3g3NzKpLNLczy5KQrkkKWAPJOSOI/it448DeED4ctbyeC4u9N1AT2/h7TXSa9u1jVlWKRI/ktlJC5dmG1eg55+Ovi9+1Pq2oW9zoi3cug6WzMsPhnw/cBry5Rjgf2tqaHMYHeJRkAkZ5wUp4fCSqVK0/rFaLXK5O6XLy9HdK76Xb211OadSpiFTVOPsaTUrxSet7Wej5pvlTfRLXZWPuP4m/Hv4dfD7w3e+HNGe213Wf7PkgNjpTJ9jtZuGkOpXi5RQCoXq/HTHf84Pih+0d4k8VWEUOp6o0WmBNln4X0SRoNPAGAn2yeIh7hifvDABJwMkivArGDx18TLuXTtFsZktZg8ghgEqWkYXLFp7n71xIBln3OM89Nwr7O+A37M+kS2VhrfiqJdZ1Bw0kMMykWttsYglUJ2nDrkBsgkc8dOWm8wzzGyo4eLpxnBXbvGCimldK6btfRO67pW0xxOMwuUYSNWvLmakkoJxlNze1rP3LxV21qttT5T8K/Dz4lfFi+thZWE+m6MXCrcvA8FnFETwYYyF8+XHPmMcnryQAfsT4F/s5+FNC1/xHJqtp/a9/o08EKzX6ho/OfDSzqjAnc2VKZBxwAB0P3dovhGw0m2ggs7KOMJ5aqkEaIiKCAQAqgbQB1HJ7dhXNfDKytn8W/Eh7hQMa6kYLIeCoUbQecAgY5Aycnrk19Vg+GcPha2FeItXqubblN80E/Zp6R6Lr/wABnzGJ4lxGOp4lUUqMFBW5XaT5pxheT3ldPbbffU7vT9CitdPWG0gS2to40jiRY0XHQEhQAFAyCDtyvHfBPC6RaRj4n68jsXMWh6f1HHMzAjjqeM45wD1AAr1rW9Y0nRbU/apljBUrHEh8y6lk6IkUKgtlvUgDkBc5zXhWnQ+JNa8f6/PbxzeH7O50vTw08gzqssBmbYYIefK8xT94HO3aeCcH3cRPC06mHjTUZyhNfu4x/linbTRL3bN2sr22WnkYWni5xqTm2qcqTXPPROXNDa1pN225dNbvrb2bV/E2k6Koicm8vpFUw6XYL591IwVdvyjKoGPJDMpADcevmfiSy8S+JdW8KSa5cJ4b0nF9Pb6fZSeZqkkUkZTbcTg7oTICFZcHAU5Y5yF8VeKPBHwv0u6m1q/trC7uBuLm4Fxr2ouFz8kI3yF3JO0AjHQeo+Z/GnxD+JXxKu9Bi8FaRd+C9Bvba6ig13VELard20SnzHs4mJMfmqOCQdpfk+nm4/OIp+zTcppwfsqXvO/NH45Lr16ed+vq4DKp3VVppOOlWpZXvyp8qSeijdqyl02TPZvHXxh8EfC/RZfDlk0d9rVzaXgi0XTJBLevI0XF1qcsZbZGoO92ZgM54Hymvz1TWPEtyZZLPTLdBJJJcB57kgEzymTaq4wQucZ7kn8Ppa2+FGg+FfCPiHVL6KbVPEdzo17cXWpXLtc6g5liYAtM7ZjGWyVUKoPyg9a8H06GZobaOOFgFtoM7lOFwB0OQfXdnGAOuTz6/DFGvjfrlarU9h/DhGFJrms05e82nqm7vRav0b+N49xVLLZZdh40YYjmlKUnVjJptctlGCatfm0u2+9le3EG/wDGy3WomO10tWeSIyhmZtigdV24JODxgANkMpPUsmn8ZPuymlKHAJLYJ5PUFuSB154ByR0BHodnZTT3+rALvImhLuEyACi8+uSDjgct054Og2gzzMx2McHaSWEePmLHGSN2QMLnOOm3nI+qwuV3w9ljMSn7ST0q8ruqiW9m+l9Vb0Pg8ZmsHiIXy7ByfsqN1KjK6bpwkre+0o9F7t0u+54/eJ4uFjdCS80xc2jgCOMsSrAsVUdc4Oc5PUEDIJrs/hxqfxGsdIWHTfEtppsQZfLjNkJZEJjzkyZGQcZC9V4xxxXSanozW9je7Vh/d2kp5mjYsME8LuznHHbB5OCvGl4AsgdIt90kKJON6O7xAuQNu3JYYPIAPAIKnkDi8PlVOOPg54vFRvSkr/WZxv70dG04tRVtFot9zPEZzXWWzVPA4RuNekopYSE4q8HeSUlLVR+1yrbXonNPq/xTmdVm+JEoI2keTaCPbyduAOvP1PTjoRxfjgeNJ9B1I6n411fU4AI/Ms3G2CVlkXaWAX7uep+6OCT1FezrY6fDLEZrqxjch9xnuoiob2AIyCOSOAD2APHM+PLzQoPDWqIdX0xpm+zEwpNG0zASIDsC7srgMeTjaDxmunMcsy1YTESnipOTpScXLGVG78qtdOryu2l9GvLv5+WZvnFTMMIoYVKKr001DAU4rlUo3d1Qur36NO2t0ed6B4cmv9Kga51jxE6zQws8MV9KkMOQMiPaV2Y5AAyQc9smtWTwHpifPu1yY8HM+ozkEE4O4lsNk9cj7uQQRye38O6n4Th0uJLjxBBG7QwEImflATByACTx15+9kEcAVYu/E/gWKZBJrly8SZLiKFmyc/w9jxn8OcAVyYbA8OKlRVWWD51Tp80qlaMnzJR6Sk7vzSu3a62v047MuLJVq3sKeN9m6s1CNOk4RUeay5bU0nf8rb3Z4P4q8J6bFDBOtpKXe8jh3PcSSqQBwGB4wP4iGOADyTTbPwbpu4mPS7MjjKsXYsQCWfJzk842j7uABnGa7P4g+N/Bz6ZYx6Zc3kzrqSNKGtNgEYPUZPJYDgEcnnoQKyLL4neGk3BLK8+VlwsdvxIQCDuLY2nv/IHjHNGpwph8Zifa1cGqaVH2atBt3S5rWUrau/Z210vbqlT41r5ZhFQo4+VaU63tXzSptK8OXmlJxaW7t66jLTwjZiZyNM09UUNkeUWGTjoDjcw6Y5yMkdM1V1LQ7K21TR1FpbhnDscWyqrYJ5deBgZ4znAxgKcbtn/hbmjQmUQ6NdvkEjfsTaccn5mPYYPHbjPy1wmv/Ey1vNY0qaPSZI/LRzse5RjIflxgEkBRg5XtjptOBWLzXhGnQXJXw6aq0lpSd+Xmit1DRW0e+ml07FZVkvHdTE3xGHxSh7Csm5V01zOm1H/l418T08/PU9A/s1Aku2GJQcAD7PGdnoRnHQYHfPbG3iWPSWeMnaFUklisC5xySTxnORwcHseM1x4+JcXlvmxsocjP768BIZc8kY4yQBjrwcDrVZ/iq6oVRtFiAySXuVPPBz06EcA/Lk9eMGmuI+F4p8taNnqnGk0rpRva6Wmj1S62TvdF/wCqvGM5NSpVVe3xVl/detm2tGrXW2t+h1I05l8RPHGNzfYV2oSFZhwCSCGJ6j04HAOcnqF027EfEbZ2HguSWPRVUhBk9BznOT0xx4ifidKdWnvFutFy1vHFGySBxGwHc4wSxHK4I5PJxgaE/wAWL7yvm1bRlO1iNsZY8Zzx1zwoyMZPfiuOHE3D9N1H7aVvayatFbNxs9Z9tNbI9HEcH8T4n2C5IpxoUoNuUviS1vfs3pdemlz2YaRd+SGI2uV3ABmByMdRgDA24POOoAwcnS8JWFxJq2toqKzKLVpQFZmIGAcE4GMYIPUcDAwTXzrN8W9R8pQviG1Ulhkx2TNxjptyfYDjPAHOcDMsfitrFtdalMmu3Za5EeXsbKRS2wgKOBlT3BOdvOcjBrOrxjkcKtGUFOShPmk7wT+CSsle9+aS11XzWmlHgLP5UsTTqVKMJVqMIq85qzVSlJttRSeiavfbte7+2pbC6iC+VaAFixO9AMZ4UAswXJIJySM8DB5yNplx5Me+O3jdj98yRxhRhsjBcgkDB44GTxjIPxXc/FvU7hV80+KbpsfK6SyxhvoFjU7ifmI4xjjnNUF8f6zdsoTQvE90Tjh7u4yyluiqFC9wM8Aj7p6Z6Xx9lrVqdCrUbWiXPJ293T3KU1bpu0rPU5IeGeZczlVxtCFuXSUor+VXXNUjJru3r5LU+rPDmmx7dZ8yaJAmoShQ00SktkkSFywJXHQdB+Zro5762s0WBr7TUBbDB54vukfPsIO3LDORjJznsa+IrbX/ABXIlybbwhq03nTs257qbtx5ZAwcjPLZx69eZXuPH10UMfgiTO4H99HJIQSOhJdcnGccknPqcjzKHGbjTUKGWYid3JqSpVpJpzTt7tJX36a6X6u3tYjgOlKrKWIzjDU5Wpxa9vQTSgopaTqu3w7WV9tNz7Rl1nSoxJGuo6YG8l/mN2gK/Jwc46A9MZPOO+K5/RvEHh6306M3Gq6e2bmXd5typZArNjaDxtKnqeCMnA7/ACsdM+JtwJG/4RS1hiMLb2e3ZCowc5PmN0+Zs4xhc/eOKq6d4U8evDDJbaZphSXcyyTBnJcMQwK7jtGcqAAM8c1hX4rzWtXoqjkmIbjGo1ejWV1Lks7OKdo7rZ6/M2hwZkdDDVFX4goqMpwTlGrSk4NK6i2nZNrVX1dtL6n2Hd+NfBoMMx1PTywYEmPdJgcAA4DDkjI43Zwc/KBWRqnjvwXPa3yDUiZZbaRF8qCTYXKcKTt655wTkjpxkj5sh8BfFC4DNEulWqhs5SLH4AHPcjrnnH0qU/DH4qXENzM+s20EUUEk0uzYoKIrMQo2DnG7oSTx61c+IeI5KShks4Jp3cqL6qzd5VY6bu720Wj1M6GQcKUmubPo1Ze0g0nWileLitFGDbd1bW97+d37ToHjnwtZ6bDFJNdEopVgts0h3A5KgnAwck8Y6HntWpN8SfCqJugg1SXa3DLahDnoMuSPYgHHJHsa8D0L4PfELWNJttQh8UJFbSuSI3lEbbVbaSdqkZ5zyxPXJBJ3dAfgT4qkG278YlQThwJiwO7I7bWDAZ7jqRkYqqGacX1KVP2WVP2fJHklKMI3TUbNc1V6PS1lfq9U0a1ss4KhUqxxGbr2vM+aMJ1ZNNtaWjT0aW9vTVWR6NqPxM0t9MuYYdL1INLAVW4kMSrHlgd7kNzk4HQEenrDa/Eu2iht7f8AsxCy2kaM892kSsAOGIyRlhyR29SeK4S4/Z7a1sbm8ufGE8pt7eR2jHmMsmzdlTl8gd/4jnacjrTdI+AOh39naX1xr18xubcTMgLkRk/w/fzkkY5Iyew7DxPGVXFWhgoQxDo2V61CC5Iyi+Ztxet2t2mldeQquF4Fo4HmnjqtSgsQm37OtJ+0lTikm1ZpuMXq766O1juT8T4o5S/laJECmweZfAtlT8o+7tJAOM7uvYjisLXfiwJtPuYPtHh+JJGQMEmMjYDg8HAOSFzheByCME5jtv2fvBomJudRvpFA3AmR19gD8w2jngA+o6Cs7xR8IvBGlaLc3dpHdXF1DPAsfmXBbAkkAbcrADBBZcYwOcECqr/68woVJVVh6dNU5NJYuL0aipWjCmru3S+vfvxYd+H9SvQhSVeVSdSMKco4f7d1a/tJ2Sb628u50kHxuSKCKFta0OJIYkjUxW6ykhRxk5U7xyB+eQTzmTfHa3yxbxFGDnhbWwVuB6fMc7s9M+ucYrvdI+DXw5NlZSvoBnaS0hllYsGzIygkkeowSOuQSNucVvwfCXwAvzQ+ErbhiMtGdxHAJwD1JUjGMZIPOeeynl/GtanGcsfhaSnCLUVXxMt1F/ZjFaX0to3p0sefVzTgDD1ZQWXYis4zcW3QwyTfOteZuXW7Tst7M+bNe+MSarCIX1i+uo/NWRofsIVSFYtuwc7tp24GcDoSVLVWX4wrGyxhdbnWNQF2mSFFVQAAoAY7ccDOSB3wcn3Dxl4G8MaTb6N9j8O2EBm1q2ikZIsF4y43Rs2QSpxyD8pIx7V6LB4I8PW7h4tA0xAQo3eVGSTtypAcAZzxx97rxzXNDh/ifEYrERqZyqU4Ro884e1leLjeKSnJarW99b9tWdtTinhLDYHC1IZH7SlOVZ04VPYrllB04ykuWDScnbVde7TPkKT4rXlxKXi0rXpcDI2XMzHJJ6ERYB44zzjpzk1jX3jvWbqJvM0fWhGZldDNdSlFYEbSGKZDdM4yW5HGOPu218N6akTyppmnQhnCjEEeQVyPm4JPPp1xmuC+JGk26aPpwgihQtqkCttiRFIDgkNtXO04OcH/ABrbF8FZtDC1K9fPcRNKKfJybpuCs1Kba77W33s78uB49yCpj6GGocO0aXtZ2VSUr2SSldLkSfW22rdn2+UIPEni65Jb+wNRkJUbWmuZxkbeBgLzlcYBB47gYNOil8eTuwt/DTCNuSTDJPj3LuwJxx1z3ycdfu2z0dXht8eSqmKMgCGFiMxqSSQoJz1HUcE9s09NJjVZFLyErnBUKgHLZBIXJwewBzVw4DxbinUzjG2aTtFU0npF3967t206XszCp4m4OjNxo5HgouMmrzc3rFrVK8fVq2mi6I+BNQsfHqS2ofQliuJZitsgt2HnMwwVZNwBYAjA4x1yRgVtW/hD4syqHg060tQ2TzAqFGPUMGY8ggnAyeMg9q+kPGtsieJPB6xM5SW+QOqvhiWYKcL0PoCDkYxycV7IPCsMglK2922XJAZ5FBGMnB3DnOAQM8c49ebDcDVMRXxdKOY47loTgm4VIrnThF3l7u+qS8kk+p1Y3xNjhMLgq8sty++JpVJx5qUpRhatyqMVzNNacz0u27WabZ8NR/Dz4t3av5uo2kJPzAI8SlecYIAI4w34j8azJvhr8Q4tYsbGfWYWvbuKR4ZdylY4lzvV9q4U5Ax0xxnnAr78tvC0CK2bQxlTkBh5meQ2WYkcN90kZIwDuByK4HxNo8Nl440FQUigOnSSSTBwAMu3A5PIydwwOw7c3jOAoUKVJyxWPm5V6MbzxEr2nOCdlFK1ktHbR7bXM8v8Ta2KqzjDBZfBLDV6qcMNG65IcyTctbd0rrTS71XzG3wV8fvH5knimKJSMHa8Z7ndwqjI5xwxJIPNSD4FeJWjH2jxjJ90kmLAyFPA4cEE+3OTgA9vqmY6YqkPeWx5O1mn3Agt16AZ59c55wDk1SlvNGQKDfWxT5j8gYjg5C5OfUYJOCBznirfA2Ux5faVMVOT0XPjKt38KtaMkrXu02rt6WMZeI+b1JSVKGFirK3LhKem3VxatZ20V+qPkOz+CM15rN/YXniW7cWcEcxuFYhnV+DHw2SBuyDn5cevXpU/Z50JUBuNavZiuMgtJx2wdzHaOnRT7e3uWgyaLJ4v12ae6i+zNYweW65VCdwIQDGMDgZ68jjg576a/wDC9uBKLiM7sEE/OWzwcZUEE9MH06npVZdwLkdWlUqVYwlJYitBe1r1NIxmorTm1Wmj1unqjDN/EjiDC1qNGi5R/wBlw85eyoQacp04SnqoJpuV9NbaXR8ywfATwcsYIF9csME5klyeQCORwD8oIPIwB14qxovwV8FXOqatZTWcyLZLBsjLsrMZFLF2yMt09OBwR0J+ln8T+H7WDzIArqAqsUj+Y5JY9Dzx046jkgZJ5TR7q2vPE3iK9gRhHcLaFCw7iLH3fQHggDqcYJ5HZPg7IKWIwFOOEws1UxSjUXIpR5fYykm3Jt/EopLr37ceH8QOJcTRzKdXE4mlKjg41KbbdPlm69GN4rRX5XNW6Np9Twv4ifBvQND8Lz6hotg0N9BNCY5c+aSrHCR7flTDMABuxj5RXh9xFDNE1nq1nJomrRBLeCUpthkYjaGlQbSgcEsGXgdd3y192+OlWXwdrEjAqUNvInPI2TxhuMcfKM8nCjaNzYFe4al8B/A3xO8F+H7m9sV0/WH0ayEWp2oWKaSeaJV33GF/fRBuqkZ6YzjFednvA1HEZhVjldPD4f2eBoVfq/JyQrOdSalZq3LNKKtJX2102+q4Y4/r08ppV8zq18RKrjq1NV+fnq0kqdCX2tKkHKTvFtOzVndq35w/Dj4xfEj4TXKpDLJqnhvdLHLp927z2NxDj5hBKzYjbshJxu75zn9D/hf8dvhh8XrAaB4ghstO1AWb27aFrCRNDdzTqwK2ssqkMPmOCCD7Y6/KD/BzxL8Mn8R2d3pifELwdDqbWFzax/u7ywALESW4OWXf1PIwVGCAOOD1b4Y6XexS+I/h1qDiS2ja5vfDtzI1r4g0qRAWZLNGKtP5Z5UjOQDgDmvlabz/ACGKpOFTFYOTaq5fiouUuVOzeHqNSVSNltF6dY7n2cp8P5+/aRqU6GMiounjMM1Dlk4xko4imtac3zL40lK6cZtnuOt/sv6tBc6/4k+GV5BY/YtSkRvDtxIW0+5iLl4kspAcK+ciMKSOg6HnC8PfFDxD4Nh1S119dT8FeKYiLW4imWUafq8MRCqZLZsQ3IUZxGCC6knOc1xXwf8A2n/Gfwyul0bxbaT+I/Db3G9hc5W9jKkqWSZlIdohj92RzgjJ6n7sml+EX7QXhBpokstUu3try7Sym2Q6zpdzsyjDBEoERyByQcDIIruwby7MKPNlGI+pYyKc6uW4m8YVJXTbpNttSvtyXs949uTGxx+X14rM6H1vAy5IU8wwzUqlNe6kqt176bXw1U73tGTTOp+HXxx0fWtL0qHxMtpDDcWIitvEGkqH08SBdpF7bIT9iHzY55yCOBkn0+10+CXXfCMtpPb39n/ZmtTJfWkizRMk4XyyxQsVYgEkEBgPTGD+aF98DviR8PbaPxd8MNTudX0h47ibVfC90xdlETESiFH3rKu0HHCjpjgGt74PftBrY6+iXV5P4P1uCEQvoms710u6mRyJkSOcERSyZxlT8obK7ule9gM/xeDnh8JmcatH2c6coRrWcJqPK06OIXuTV3pGfLLS13c8jFZHg8ZRxGJy2VKrKpCam6TtODmrONeg7zptP7cOeD7I/RvX9GV7S6cxtxDOe5Vvl7joCcHGQw7cVxXgKIDUbMDfHLBoCDc27OBdS5HIyAeV67gT0zkC1b/GLQNa037HrMaaFql1ZTi3m3CXTL+WRcIILlMqrP2BGBngg4xY8EwTR6tEkuwt/wAI9E5eNgyndcSOrK6gqykMp3Zwc4BBzn76GPoY+phpUpRu3aUXpOPa603e/dLRnwDwFfAvERnBwik5RmndStZe61ZW17vRrRbvY+OkGg6r8K/F0fiDwxZ629to8VzZTPGourSdTta4juFXecA5A3EA9eMmvz81f9n/AMWaNotr4i8Kwya34YuNNtL1U2galZGaBJ7hlQjdLbW6udxbA4BFfoj8VAU8B+JA6l4W0KfzR94srYGR2Kg5znjg9Vq3ZW2nN4OtTYs6J/wr5mljZm2l209VYIv3Vzz65A+uPnc2ybC4rM6rqR5aiwcKsKkIqLjLmabdk+eLW6le3kfU5VnOJwuBoRjPnjLGypThJNpR9nRatq7bt6cvmnqfbX/BvlIV1L9oOJQoVtBsWd1QRu7LMVZnAOSVYMBnIJHAwa/d69k/fMMHJaXHXI+Yj8OuT2wCQM1+E/8Awb6QhNd/aJ25IGiqOSc5N7KcZ449Bx/FjFfuve/60nkcyqD2J3HBAxnHrkkdTjrj5bFJQxUYrZYWgmujaitWu7d3rrruz9CwU3PCXT/5fVrdesWrJ66X6baq3Qoo2MAbgAOoG4ZJJxj05HB/XpSFlaPOOM7R1wcNjnPbg4wOeDnuG7SQAWAUnJz0wuNoPPIY9g2c9Bg4p/VM5O3orKPvdAflOMdflH4ngjExcd+uvRL+W/VtLdtbdellbvfa7899UrdG9dP+HIGPJA6ZySeDwQAePu8c9eQOo6hpcEcnHUgkfiDz14P3uRnI7YIyBeN2SAxBIBJ79fYED2GMAYxTHTd0PXAJJwBglQRngke/GM4+9W8HrrzJXWmi0XLpF6LbR6PZ2JcbeS1u1p1V2r9NHv6eg5Jznk7l7AZAwSM5B479Gz1Pal8suwOegyAAOeeBweCM5I64ycDOCFT0BJHzbWPJDMSeuDgYI6g5HovNPC54bGQQG47DnHQHjJ5Hrj1FbxlHVaprrpq9GrX16X10urryycNLvXrb0av919b9Va3UrlNrBTjOc7QcDGCD1yARjg57jtxTjgrhzj5vY9Btx7Nnr0A5A6U9UIB+bkZwBnJLHGCcN90E57nqOcU0xsQQzAYxlTjkjGdrdMgjn078jhKWt1bZJNWu1Zb9Fffr6shKS+G3S60dttd1e1ruy9VZ6RFQiYLFe3Tcck5OCRwBjvyfuhcdYn3DG8YGfvAr1HAxg854A4HPYZqYxq27JLE5bjIUqOgOSRwD64z65FIUZjghRnkDIGwjqevfPc8YG7OCK0UnbSzd73trd8qtFXV36rVLyJ5t1KLj10V/5NUorlvdJWi76vTW5SBOeQBkZOOTkgc449DnuT6nOU525OSMZXrnrwSRke3fgk4yOLJVgeCAWBB4yMjGSD0xnvnPJINQMrA8jcT8ucKw55zzxkHJ4znGASc1pFvvZ6OzvotN7pWWyTV7rR+cuNldO+rurWt6+uj266va6R4XOSQB83TIyeM8YIwM5IPrxUmFG4gZI2qpABBHfjBODyR0C4JPFRLkjn7uADtIHQ5bPcADA/Pr1p4JAbpkbeOQQQTng8H1Azjrye1uTb1Tumr67u91qtLvZ37aJGc3PRKN4u7V/WN7vls9rJ9NdVslKggsuQdx25PIUehA69TnnqCQFxUT7ATgP1BU4YgFjg57nOenXHp1DiAp3Nxj5hnpls4HAILdR046EZHAUY7SAuFydqkdOMMp7H5ieB/ujbkVWia72016Kysrta62T03+9tap27a7J6pOzvfWzXbW10V2wR8ufmfGMjCrjGPQDqc8D2JxmMqpAU5wWY7j/EBkYJ6DnsOA30IE7RhSGHAODyQcEnBHX24ye5PGahKBWyTwOozkfNxwOQT1PJxk8njNUrJ/11stW7vXo9Xp3RnaLd31und/Zk4vr6eV++qbjxtLbsjOD1zkk4yODgjGcHGW47g0jKq9SVBYEburE8Ee/B5B6cemBMqgg8chmAI6gDkcnGR/tE+ppChXYMEFgTySMjJJYAgjGe2M47jIpXT29NLaX1u/n6sfJBpSSTTdtu7Wuq13ff8AK0Hy8kDLOCRkYAwOCTuxt7k9AcMcDOZVO1coQGIGAecn7x2nIyo6bunvuFNKbQWCj5QfvHABbgDHQg4/zjFIWRSOMgKTyepwRgEDAHTjGOckjihtq26tro1fS3ztrq9NiZbdFZxW9ovZaX7apLXdO9nYkaQKATg/IQTjHOM5xjBw3Pq3rjrA74HJGCAVJwc7TgkgjgAZAHUg54OcPyoC5wobJBKjrgliCD9R1+9nr1qJtoO7AAUEjJ4YEkbuuATnI5B4GSBkhxadtWr22vfRryf3aX6MjljJytJuyvazXRd/suybSa2uk20xvVGYfLn5lGABtPJIGOcgcDA6/SmHdgA4AK5JHQkHGOAccr+GM8jFPCBSvYMoIXk5bbzkY2jsNoOBznOeIicLtOBuDMexGOcA7uMDn04PXGBTtZe60rK7Vnro9eut9Nfu2MZqrFRtd3T0TutFdvVq2lla2iV9N1IyhuVYAhVXaOCSACenUY5P8sU3hQckAYwp46IMckHqT0zjtmmk4Chju+VWHTg5CjI5wBn8SBjg00JvVuB904AIJG889ecnOSSRyAMYGabe1tPna90nra3V6dF6MG27XjyP1t8W19tdtdN9OpJvyoyRnZjlckjsTjnkDsM9+uCIyCRncCoUDj6E8dWyM98EjB6DAkAQFQACRhWI7ZB4y3QnByew6ZbqbFGQRgqQ3ODkcAYwCDnnGSORjBxTTWlm9JLRtd42stdE2l0fS7uS53+1pbze3K2un5b9brWuUKtkDAJJ3Z3ZGRwcgkkZG3k/MMnPIEZQEhMDAJIOcHHqFPUDuTzuIOAeltkJAwAdoLljkEbsgEqecjockde/SoiqhVwNxwBx0yTksQW/MDI564HGqkt+rs3tdq611s/Xv8iOZefTTVro77r4db/0iApjgkKQcBeB8xAOMjntyTjsBjNRnaWIIPLAcAEgHI5xjg5x+YI5qf5ctnkMQmQCTuCncN3P908dB096QIACxDKxGRjJGORlsEZzjPHyk+x4v2kXvpe1rtWTdtV5rWyV77210ycL212tu76e7+FtNe+9yNgQcYDYGdvy85zg7uPxyCegJFKBlWGTgKcDGVyCARjPTBIzkdx2WlPy98Zwoyo4PYDjoePQ8fQ0gVmBPLAj5cNgHvyARnIA4Gfceqc9d9OmiVr8vZ6t2Saunu+4knq7bK1vsrSOmqV79Fp8noMJ3MODhQCu0DIA+8SAfvEZOAeT1wTzGyhG46FjgHlsHk88c4GdpOAACTnpMN3AB5UbVx1OTyAMHcRwMnBGc9OaQxMpYcbskAEZOMdcYyNpPPGBxmqjLXbt011S2STvs99LWFyydrp35k76JrSO6V/LR67Luivs6AchcnAzg8k8HABBwMkDnGCPRAhPTuBnPHU4IGfbt3z6Gpmjb5hnJ+UY6AZbGAcY75PpknpgUzYVJx1BwvOcggc8tk5yc5Iz3BNaKV7tNuKSSsmtbxSu9b2d3r57W0XJrfRJWavp0Wtmu176pvZb6wlChYqTtYICCo6L1G3OOewJAHXdzinLGdvO05DcYBCqc44HOeDkZ5/M1IqDJzjoOC3XOM49R68jBHPIoICZIDElguCAOGxnvyMHrgfUcmk5fP5WbSSWml7pJWvbq76ttNtrbS9vPZadeq31YxkKgKASQ3ABwu4k8A55yAc8Zx3xigrjr3HTg4JJwD0JGO5OM5xnoZWU/Jzk7ixxgjgcDA7KMcHjk+vDNpbJPUgEAdMngZGR1/h56keuKV720dvu+/5NvX030Uxpyu3Z3tol0Vkn201ejdrrYj+fO3AGVyOgY8Yx2+Vew+vAzSFAThihGPcZJ6AHHI6k84Hoecu+7wSnUcjqd3PHfgHnoGIx65RgFwvcsDj5iCM98Z9CNvGRngg5pq72VntfRdtvPe9m11ktmaRhJWur3V91pdxs7XbvbXXd20eqECk5zt4XIw2CcZBzk5Pcjd3IyMYyjAjtnoWIU5BwQB6jPHIzt4BAGSZVUMdxUDBOSxyMHkYz6du+B8oxmkxkEjnLcBP7w7lfcFhjOc88/dpxbjo7PRJqV7dHro391n72zJUOazbbW976vyundJ31XeO+xXIcEBgGAAxgAZbrnHbOcnnsOgBNLwSx2gjIByvPuf8AaPORxxnBBKmpAGVlGML1zxkFuCQOM5544x07E08x4yoJUKxPZuRuwB0JIwQOueR0JJnnd9Wov3U0tvs3a21dtfPXQbjG0bpJ30um2no9G7aK+34JkDou7AIwu0dySCD0P14x8w4w3HFIGwTnG3AIUDOBgcnj5jkDP3jkjsTi1s2t0wcc4HIyTkjnJ5I44656chpQFWABAyAGIyxwck4/LvkAegql72jeiaVnraT5U7WXR8vV2vbomEYJK6fVXWvZaWWi1WvXbtpEirhs8YJYE8E44Jxxg4PbAxleBTwC4OQoIPIPAUcnHHrnGewyMej/AClLEsrAg/NtCkAlcDknjO4Z7YwBnrTVBG47QOcAkfTJ7Eggkn0wfUgSnt0eibemyVkt9ddtErOxPLq7rbS127axtrqr7bJ7aJaWduxhnYgBd2NoOV+o57e3A6jABZuxkkLuVseoGfTpkAfMTngDK07adxPblNoOMA9dvXgL6Yz2AFNKhlxhgCdu4gZ4HQDHKgcd+c9sChyXyvu/K2m2l1fS+my1BRTbbbVu19NY+Tt0T9ddbC7x32/e+gJU/dI3fNnI/Tk4BK7wM7V6eoAyM5PGeQMDb0OenRSYsbmx6c8dzxjPA7D/AOv1pQAjZA2kYIVuRgkZGe2doGB06/eqtG9vk2t1K/VX00T/AB3YPlsnT1a1slvay38rdb326jywKhgCwUgqMEckYOccY7nsSPTblrrEQVUfMwBAB5IHX+IYGCeMcc593Km3OcnnbnjAB4wvHHpnvg+xKNgZxjaMgtgkkgnaPoO+MHJOamyTutLPTtqorlet2rLvrdXTJ+HSSu3Z6av7L6q6Wy0fupd7EYG5hx153Enp1wDng5Jx2HWnL8mQq4zySMnkg9sjnqc9SD27vC9SxJbIPbBQnnOOASc846AHHWnqF+ZcNyOCe4GAM598n69sim5WtrvZ/ha/mkvtdLW6D5L2aTV7Nbp9H/kpeSs+iGMpVQc9VPXGQCfmGOQBzjnGfbscg4YD5uTj7qgDIH+9/InPOBiQIAc8g53FcHk4yWOO+MdOwPtUwiJyQBtPJwME9xjjgZyMcZ54ODUXipS9176y76R/DVX9NNWOCT3tfTrvdpJXbu/ta29erVdUyOoI/izgr94nG3nBwO2WzgHuRKsGQCCcLkYzkjIOSOc4x17DHYg5eVVSudp4JAGeOcrn5c8AZwcZzyRjAeQFKYDc8A84yT8xHU45JHGRjOeOE6sm/del73u9dUr3el7Nq/b0bK9mrJJXWlk7tv4d/Kz33urJKwzy1yrBhjkAkAY4zhTk9SMen3Se+EJC8s2Rg9TknsPbsOcdsAVMNuRgdih4PKnGSD2z/dx9CeRSMg6EDBG044I68gdznIJGAfXJpOpKTjd9NXq7/fdJbW3e7WiacuLW7jq1b0t330benpfqQ7s9PmDYzkgckhs9PbjHTOc81IANw5wzKVJbOcD0I5PcDOAMjjFIsZJAAPHJLNjdwcEHkhQeuPTmnEbQ/IbjIyRkHPqBkgnOBn5ew6U3NN2Ttr1SaaXL91t9d/IIxctNLXT11W8dNNequt3t00lIXYck87DkdCem3nPJAxggY74xkQsNxYYORkjd0wdo4z3OD2xxnOSDT1UtvwuD8owMnOQRzkHI5B6HHB5xgOWMbnDEjjbkc9OxPHOeCfpnoKhytpze7q7p6N2jur9XbX/gI2XJFq6taz6W+zq+zs9HvruuogYBSMjaBuwcDqQMEjJA7kdM8gdaceo5G4kgkjIAxnJ7Z6Akk4AGfSpPKOAuBuAA6/MVPUnHIJ6jBxjknBJLjGELE84AJKjqew5z65K4yeuDjIjSWqbfMr7u1rJ66d7Ss7c3Xa5XMmlZPVdbW6d+l1fSy7qysRAfeDYXsCP4mBP5jPBB68g9SBJGBgHkg/OwOckZA6c7jnkgj8MbqdsJwSflYDAII2njDYHIODjGM9PwAvUDAAwPl68jnjgHOACcep+9iqc2ouydlypt63tr2tZu6tt1W1hJO+ybsltvtrrps30t1vsh4JwCMHqS3cD0wPX6k5wBnoFPQAHJPQY43ZxnG7gcZPORjHPFMAAIBABOQR1zjkkcDnBwxwM4GQDmncAknJBBIJGACBzjGcdSMeo5PNZN7brSLSWi7vqra7PW3Zlxb2atpe2m9lpp6rV/PyRskFMDkq2cYz0JP0645wSOelUpkwSHIO3cFx14UZ5BOMnOe4P5VfjAIbIIGAThvlPUk9jxxgdcd1qCRRvwxCrkhcDcQSOd2CMnpj7uM9Diqpvdvu9ftX0/C2nl20SCbd1FP1tvfS19F66Nr5m54MiJ8QaWwJ+WZWwcgHBGPcnHPA7DaeMj+Q//AIKY2Ekv/BQP9oRIIwZCdNIAGeDDEcn2DAN0OO4POf6+/BbY8SWAI3ANwDnOSyjHXp978Tn1FfyHf8FMdQgsP+Chf7Qi3NwbWPbpuXUZODBGQqnggt90EZIyeW4B+SzqbWa4dNuP+yvdK+k6cuW3mrfjufT5dTbyGs+Vvlxa0tr8EUr3sk773017bfMvhfw9qE11b2trEbm/Fv16W9kxUMHlOSoIB3YJKj5h7H6M0jWvBvw70hoJb6PxL4pukMktlHIJbSzuckNJcuo2kx8EJnCcHpXx/efEjV1sv7M8PpJpOnzQIlxdx4XULxVzuZnB3qr/ADAKB06HOK6PwvbsmmxyuhQzW88ryySM8spKlsyEnIJY5wCeuQBWDjLFX5nKFKLi1CD96prFWqSs7K17xT21k+3myrU8LVSpwjOvKnK0pu6he21k1e/daX31Psz9h7VZ9a/acv8AUr1heTtpmovuZcxxRPEyiOADOFX5lXAPyjJ9v3B8XS/2XoEMd3Yfbbq+ubafRdGD5jQDaTqGoKBlLaI4dhJ/rPu4zmvwz/4JvT2sn7SE5vlQQWXhfUrryV2s85QSNFGBgEsWVVXg56Hn7v7v3by3sEt3dHzdV1pImuBtyNK0xJMQWcZICxrIFWSVlGN5IJxX5dxfUjTzFxguW9CmkrJJJXu3o9bJJbvS+1z9l8PoSq5OnUldxrVZXatzaxbXe3la739crQdLvLfSdW1/V78TXElsbKS9bEbS+YS0cNqhI8m2hz5caqFBwCckmvRPh14Ylv7G3Z7USMUdtOt5MLEjOxMt9eOcKscSkyGR2AwpPTNc9D4e1HxhquneHNJWSSx+0wyXCgEJOYUBZmYcR2sJRmZjtVjxnFavjbxnYz22o/DzwVqJtPDuiILb4jePLIgyXdzgn/hDfDjIVMs82PJuJoGxGpYZODXx9OOqkmn11va+iuk18K1Stb3tNk2/ucZinCMYQd5WSbV1a9rdEtlpqt1rZJFPxd4itPELjwloJmn+HWi6glrq0tixjufid4sjdXOj2siqrDQLCYZu5EOyYRtGWwxrI1iBtbml0nUru3sNEsFik8Z3unsscEccABsvB+kRxkL5cKhVuFjyT8wJOOWQK+iWunSvaw6drl/ZfYfBHh1XCw+F9DK5utdvwAQb6WHLtLL85lYgEZzXC32rQ26r9hge+0rTHeOwtgJGl8Ra/KT5t48Yy8ymT5wz5UKMLheu9KnOtFqLvGMtZbq3u8zWqu09rJJq+9rvzrQppVHrJ6pO71fLZ9Xftps73bdjp9Qvda8S6tovh/w3aCK+v9th4V0KBQsWmWKHy31zUFQYVIogWhVwNzYx2A+4vBHw48K/Bvw3Lfaje2+LK1/tTxL4m1BlRWuyhe5nd5CPMYHKW0K5JJVQCTXknwW8F2fw50Of4g/EieGw1nVY21PXtVvsQQeHtGCh7fT7cybFj3JtGxBkvkAHJzzmseKdU+P+pNql9BPo3wb0G5lTw1od0z2jeNrmBy3/AAkWtMxXy9BtsebEJSUlCh8Nu211S5Y8sYSTajbm1Sj7q262vdX1vu29L8tua/OlFuV73tZaaPqk76Xd9Nbu5yfirU9R+PHiW117VoJNO+FPh+6kuPB/hS7JhHiS5t2bPjDxP5m1RYoVMllaygIU2uSQBXEa14v1Dx5c3XhPwLqM+l+EFmksPGHjmzUx3WuTxDafD/hRiFK2qBTBd30XygZVcg5pPEGqXfxSu7nwz4buZNM+GOlTmx8T+JbQvbXvjK4s2z/YOgMuww6JGyiK4uY8JIikDAJqvp1vq/i/UU8BfDS1t9Ls9LENvqHiGKIHS/C1iihHtrRhhbnVHj67WL7/AJixOTXZhkoqnOcWofFJJrmm1a2tubl9Lya2bszhqt606abknrJ6O943bklZLs9LO+6dzl7HW30KCX4bfDzSLW+8Qu58u2gZm0vwuvnIkmra9Pub7RfNkybZmaSWXjjIz9C+CPhNYeCLO913Xb1ta8Vatd2w1TxHfgfaZDIvnSWtmjbhaWaAERxp1AVmzxlPhv8ADfSfBl8mn6dbM63l9frqF9cEPqWs3Nu/mPqGpzOC7fvFzHGflAbAyOa0/jh4zsvD+lI1xexrd3UsJgtVcFiZbeSFVSJCxZ2YKFABI69c59PCSlKMq1SPKrtU4bRjFWSva2t2npbqlocNdTg4U9dYq7ejb91rV9Ffpt3bSR8xftKeMtV8bad4j07RbltM8HaZdaTpc7RsEfUbkyIGIOeUYr97O1u2ORXufw9jsPCvw0tdW1XUbPSNJsHmubnUtRkWCCKFIADJuZg0srZ2oi7nJIGBnFfHXxSnm8PfDS+1C+s7zVNaurzw1JD4as0YyIWnX7Ob51JEDSlg0hPzlTlsV6jo/gjxH4h0hvEfxt1vT30XSVa+07wkJvsPgzwxYi3SVZ9XYlI9Sv4gqnfIVAkG0K2Du93DTUFNQcZtwXNNOyg7QaT1smtbaN90kzx8RGUqkXUi01K8dLNpKKTSv0s3d26PyX5Ff8FRPG2meJPiZ8JtY0+0vItCj0LU59Lur2NoZtZRjtN5b25G/wCxy8tAxCBlyQOcj8zb27vtX3XUgNtGFkEUJDbggGFO3GFOeN7cE8ZI5r9B/wDgpD4k03xd8S/hrqnh6G4l8M2/hG5tNI1S5iaKDVmtyySXGmwuqqunZRRA6qFdRnJyDX51yySQQlA489oiztnGxWDgjBI+nY4OD1JH7LwIpVckjCc37P2teXKmmpSc7Ru1uk1p01u27H4jxxCMM+nUhTXtJU6MZSlZuMbRbtrbmbbeq3ta19PItJjVdX1OUsNzXjoGKkkNxnI/AZ7ZHevvT9n2O4sfCHjCaMqon1DS2UkbWch25AKqGUgllbccgr2PzfO/7Onwku/ix4//ALIYyf2TBqSXetXMQLSxWfmfMIxjl2A4AycDqcV+h/xBi+Hfw+8V3/hDw/cw2+m2miWhuJ2KoYrqAHDXCKSFuCVJ2EEk8815WdVKVDJsbRk0py5pWSvb97Gyej1k78vWyfqerkuFr1sywmKX8OChFJv3nak3pbs0ttNVZ2RkeIht02CFEM80ipcYJ4VsbpXJDYG1SC2QMAYzXrP7HaWWofFVJtOtpZLG1srqOS9bIjkuWBMojJOGCnhjg4PB6A18xxa3feJriWz06SW28PWgdbm/nUrNqihNxSA4DCHDYyMbgOMDr9v/ALIOkwWXiBTAghii0u4lREXCqDv+Y4HLdyxz6c9K/J68IuFWbXuRgmk79knJrZ6+fWydtV+lUHJVKUIvlm5pTWjtrG7bve/kvLyt+J37fepvd/tcfEYh5GFrq0VsqsQ3yR26kgAHHDcEccqBkDGfBTrtmtpIsrqxZANoXD9AcHIznkgbsBicBsEA+i/tprd6h+1n8SkguFM1xq7ujkgKAsary3ygHIHAJ27RjIzn55ji1CGeO0mieSeRkiUhTI0rvIURVUAt6AAjt1AyBrw/jamCoV24c1KtNrmkvdUVGK1fTRp62X68PEWX0cwxWG5qrhUopKEY7yb5Xa+r10ta6v6HuPwS8I6d4s8Vvqeu5i8IeFEbxJ4ku5PuG2sy00GnuxORJfyJ5Ma5LMx4HO4/W3wN0LUP2jfjfqPizXv9E8HaEVv55Z8pZ6R4c0wY07T4RgRJmKJTcgAFgS5PavmW9hbwh4Y0b4X6a7Pr3iOa21Xxo1vkSyPcmM6bo3y4ZlUMsxQcrIxB6En6++K3iG0/Zf8A2dNI+HOgTovxK+KFsb/X7iIhbrTNIuIxiL5QJIw8beXtIAx8wUck/m3FeZ1cwxSjQaU5yeGwsU9IU9HWrtaO7W7tsopJJn6rwjlFDL8I6ldWpUIRxGKm1aVSq0lRoW8ndtXb0Z4x+1l8eofid49PhHwlM1v8N/BM72Gk20LBbe/u4CY5r2RFG11VlZIzgjbjHX5vlm9u4rXTJLiV1ZiMIuAQT1BK9QVA6c5578Vx1lK0cm9vnVc7ifm8xydzMT1JYtktnBJ6+sd7cfag5mylnbDfMScLuUMQODyzN8oAb6HiuTB4KNKlCjTfKoRvKd2nJtRcpPTVvXTu2rG2NxrrVamIm7yqNqKdrJK3JBLXRWskrvq3fUw7m78uOW9mIHLm3Tby7ktg4JY7QOg7kA/Lk17N+zr8Jbv4q+No7jXZvsHhLSYzqvirWro7LWx0q2/eSxrIxCrNMivHFGDuLN0yQa8W8P6JrPxD8V6doGg2klzc395Da2NrEjEoXcJ5sgC/LHECXYnC454FfavxX1nTvhT4GtfgL4Nu45NRUxXvxH1+0cb7y/dP+QQsyAMbe3IMbJuwXH3TnisRUa5aMG1KS0a15Y3inKS8r2invJpXaV3lhYxTeJqxfJDl009+WnLFau+lnJ+qa1SKn7RXx0T4kaho/wANfh9avovwf8GEaf4b0SyJjGs3UTCObV79YwDPLcOpkV5A2FJ5Izt6f4V/DlfD9va6reoIdRvE8xWGCYIQoIiwejHoFHQc4wDnzj4N/D2S+uYdbvbSSSRHRNLtzCzeYSwAbaA2Qxxljg5IwM4B+vpNE1KyuIre8t7iG4ijk8uF7eWKGMshZd5KhflXkDODjHHWvqOHckVliqsPh1pQd7tvlbk9dXdpt9+isk/jOKuIVaphqUpSlLSpKLvGEfdtBNWUUtU7rr23/pZ/4JAaBb6r+zH4qhuUEkCazq2pbXJJMscpCBg3OM5wDg8kjjk/a9pZM9zDEqqib5EAAHChyOFOfcjdwSM8AYr5u/4I26aE/Z18VW4UMqyzsVAGAJYnkkK57M3JyTgY6cGvr+xs0aeUbVBWWfkDaABIc5YYI+UZyT7Z5APlZpWcMVjoJpXrPnV7Rv7qtpta3b0R7WUUVPA4Gpe/+z037y3cuV/K2+vX1Yq2ARfkDfKyFiwGNqAFemcnjHGeBxzXm37VHi3QPhr4C+GXjHxTqNtpHh/R/F0usarfXMqIkdtDaTqERWYNLPISqQooY7mHBAxXoni7xb4W+H3hnVfF/jPVoNG8NaJDLPfXlxKsbShRuFtaB2BnuJjhI1TLZbPXGf5Z/wBtj9qz4u/t3fF/w/8ABD4O6Rf6lpT6m9j4O8LRl3s9LgSXyn8SeJJImEYd4yZ0jlJaNFPBJNfG1sVJ14RptNx1b3jHom35t7XXXsfYYXB3p81XmjCyXKr81Rq0uWC1bv1k7211105L9pb9sL4o/tZ/EWy+CvwX0/VNR0vV9YltPDPhTThMH1HdOU/t3xRJFkR2MYPnhJiiKiYOAeP1v/Y8/Y38J/sk+GpdX1d7bxV8d/ElrHJ4y8b3EaSx6HHOiyN4d8MllZbeKDcIpJosGVlPTGa0f2P/ANjLwR+x34Pt55haeLPjh4otEbxd4z8hJJrZpkBfRtELAtaWULMY3kiCmQLkAACvrtrF3uopNROd5E06nkhVJKwRdCCcnzGP+83TnopUVButVeiinOUmruTUdWnZ2V2ktFtc66lSVRKnCC91KMYRvaCaW/Ryel2222+y08e/aqs7qX9nlBGZl1TxF448O6fpsUjlhNNNcqUZgBukLYLELu5yW4IFfKv7Rv7UvgP9kHwBJosN3beJPirrWn2zPpNvMk1wbw2sYja9ePLQWUDsAqNg5BGAOB4x/wAFJP299H8BHw98NPhzNa61440TWLe5Z4JFutL8O6hHmK33LHvW51KLcSq4JjfAHJ4+Vf2bf2PfFnxk1yL45ftE31zPo18x1149cnZZ9RUEzma889sWtjGOY48AGMAYORXz+eZpRw0VVbummoQiryqS91qKXS3VvfSy2PeyDKMRi6jopct5KdSbXuwi3FqUnrfTaN236Hlfwj/Z9+Nf7cfju4+Kfxev9UtfCRujKv2gyRW72Ik3rpeh28hVUjMfyS3KqTsAO7bX0d+03+2J8KP2MPBsPwg+C0Glaj8QNPtTaxW2n+VJp/h+Rk2G71WeIEXV+jbn2MxIY8jg58x/bb/4KRaJ4E0m8+BX7Mj2ViNPtn0nV/GOmqiW9kiIYZrfSfLUB5cAr568kgnJANfz3azql9rl/fapql5daheXkz3V3eXk0k9zdXDkmSaaWQs53sehI68ZHNeNleQ4vPq8MfnClSwcXGeGwSvDnSa96qr6XSu03zS00UdX7OccQ4HhyjPLMlca2NkuXE4x2k4vS6hJJpuL2WsV3b23viZ8WvGHxT8U6l4t8aa5e65r2pzyyXV3dSu6xBiT5FmjErDEo+4sSgAAbuTk+YopmkbDFEzlgSSzZzgHPr15IxjJ6ipxbtJNI21SrMQOSMLkEk5AwvYcnsB6Vu6fo0t4yAKyW4ZVeX5tz5PPlnoc7cAZzwdpGMV+mUKFLD0o06MYwpwSjGCUUklFWsnutPlfdu5+S4nFVcTVlVqzqVak5qUpzd5O7ivieqve/e3XUybWxuLtlhtxlA2ZJyDtRf4ip5yeM9/z5rsrLRhDDGsCDzZXTMzD53bcBhM5bBz6cnoW7d34X8G6nrt7aaJounz3c9zLHb29ta2zT3l5cykJFDHFGGeRnY7RgY3HGOuP6HP2a/8Agl74H+EPwO8VftC/te3Ol+H7648Kz3PhHwbrs0cD6U8kXnWmqXVu7hri/c7Tb2gU4YqWNZ18dDCxa+KbslFK7u2ru9tlpd2sraaq5thsFVxLv8MPtVHorpRuknvJLdfi9D5n/YV/4JN+OPjommfEv4upceBfhGqRaghvEMGreI7WLEzPCku1beykCkNcuQDGcgHrX6IftF/t4fB39kfwRdfs/wD7I2k6HDquk27afqnivT44ZNN0OREME8y3KKG1HVSd26Qv8km7HAJr5L/a5/4Kd+I/ib4S8NfAr9nWLVvC/wAPtO8N6XoGq6rYxOmv+KLq1tUs2tNPhtx5sFtOylRHEDu3ZJ4Gey/Yg/4JUeI/iG2l/F79qe3vPDPgRpotS0T4dyF4/EfityRPHPre4mS3tJmwziTPmIzBsYzXnyU8VUU6y5rNckLO2qi9uy0u2t027ntc1PC03SoK0lpKrJXd7W1a+J22SsldHx7+z/8Ass/tGft++OrzxB5+r2Hgya+M/i/4qeKkn8p42ffcw6Q9yV+1TFSyxQQDy0+UAgV/Rf4F/ZS+Dv7JP7O/xU0f4W6FFJri/DbxN/b/AI51KMSeItbnGkTrIRduDLbWkshYpDGflBAyQcj7C0HTfDnhLQNM8K+D9C0/wz4U0q3S10zQtIt47a1gjiURq8ixqhlkYgl3lJYsDk9q47444i+B3xldpCGb4c+IQBkcbrGZT69m55Y5BHoK7Xh5RotysrNOMFppo9dU21d6XdmcdGoniopa8z1d0221FXk9HbsltrrY8+/Zkj2/s3fBwNn974QhuWBySZJSsjZ6Z5Y/eJJ4z3Ne1RKvlrwSWJzjAAJbBPfqD2GDk8jIryr9m2Hyv2dvgtHgMD4G09gdwICtGnQDJGM9OMnPGMBvYZLfa6gDbggnJyQOpGQe57dAc8dq6aM/3cYq172fdXaj3T6772tbyyxUv30t2r2fdN+r77Lz3WxYigRVAO7ghRzgndk9ewDYGMj9athSF2kBcxug4GWx0B7A/lnHY5JijZVJwCWODtIIwTwDkHA64B4GeTzyLqxhgAVY7VkHI5LAMffb1JGO3PSibTV+VfndWjbVWtp206b7501ecdLrmXpKzi3q7fZvtd7HydrNsR+3J4d3nIX4EapkhQFJ+3QAqecAk5zzkcEnqR9dRHeqMozkKoGMkErgNxnjOOOfXJ4z8m68hP7b2ipgq6fAjU9qAEs2dQgwQcjOASQAB278l/7Q37YHwm/Zj8PtdeMNWTVPFElrINJ8H6VdRS6teXQUtG92gYmzt843tIVYL2JI3cuGrv2crKTfM4xinbZtpLTs9fV6pnt46ip1KUV7q9hTcm3pbli3q9Nn3Vu7b0+p9b1/QPCGj3viTxTrOn6BoWmwmbUdV1S4jt4IY41LMEMrKXduQixhizHABIr8LP2wP+Ctk3m6l8M/2a4rqKK+3aXJ4zjt3ude1eeYmA2/huxRWlRZWbal0obqGwB0+HPH/wAd/wBrH/gov8Rz4O+Hei6jf6Ml0Uh0ewae38GeFrIvtF5r9/GFt7m4jQq8gLMS4AxnOf2M/Y0/4JyfCz9m/wCx+NPHosvib8aZESa41/UoEm0Xw1Oygta6FZzFolaFsqtzs3P97b94muSdWUPrPM03dUY3stVrO+7Stu+mieqOPmpUYt0UuZP45Xv9m7js9NlOT02V7I/Oj9mP/gmH8T/2hdQj+K37VGra74T8J6zdJqEXhKe5mPjDxQs7CZJdTuZJDLp8EwIygGHU4KgYrxv9u/4U+A/g3+1Vo/gn4beHLLwv4c8P+AdNghttPUJJK7Rur3Fy5AM1zJhHllJyx/T+qhbppbhQF80l4grKAdgVwMKAAFVcgAAAYOMdx/Nd/wAFLrdbr9t7UoyhyngnSzhurEIzY3HGOAcnv1Hv954fShHizJ4S0j9YSskrK3KoprqnbXVaWb6n5z4le1q8GZ9Uj70lhKmrd30s9Xu7XV77KyVml8KQSyTOq72Iy5VmbDg5PGeijdkHkHnnC8U8IGYtwzDIKnpx1+oyMjgYJz6V0MGjeZCHEDL+8wQ2WBGdu1QAe2PX3JyaedEltt0rBRhmGwnI+foMkfe47dMDnjFf2Y5QbUUltd7pdLXvbXT9NbM/zpnTr3ftIynd6WbdrvW6ejT+euq205V0DFPl2lSVO1iAwJPX5SMcnngcj5u1akKRPtGZFiBIdQB94L8pA+8cODyRwD6kGty10G/nmjW3tZppJQyxqIz5Y74Z2whHPBLE4PPTm3eaXpfh6IXHiPxDo2hBAwkju7uJrgBfmKiJWJGSPQjrn24sbm+WYCjzYvHYegkuZxnOKalZWtFNybVlbpq79z28s4XzrNqkYYLLMTiL8qUo0ZuCTsm3Jx5Uk3fe2vkc4bfMioiBIyCCxBIbrjJzjOeWGR1Byc5HgPx80+RrHwfbgPJ5niCDBRSwf503E7emAOuAMjkV6b4k+PXwc8LqYLE6p4svF3ALFutbPzcHJD5bfEGDA/h/eGfnrxh8dfGHxDvNLi8N+Dbazjs5SNLgiszPK84OFlMsgALqMZYBVOTnGa/JOKfEbJ54WtgcFz4icnGLmvdp6ThJtN73ave332P3bgLwezzC5hh8zzOpDCRpxnag7zrNTjyXaWkLOV93ZJ363+urfQNQls7ciGKOOO0tQbi7kjt4xHHChzvkdSD94n5SeCCAAcc3rviTwD4djB1rxvpEbocNaaa/2654HzAKpKq3JB5AwfU4PzPD8Mfj/wDEObzdd1e8sLRiD5d3eSQINw+ZEgjKDC5wARgY7da9K8NfskaZGrS+JNavtUn3qZIrcPGpIxuAdy2V6gNxkgnjpXxmL8V81lThDBwoYSChGCbSqVLRSV03pFWta0XZ7XtY/Q8D4G8N0as8Rjp4jHVZznNqU1Spq8oySaS1s7WvLW+m2lbXv2jvhxpLmPw9oGo+IbuMBY3vnNvbli23d5Khi453Yzg56nIrgLz4/wDxu8Tr9m8F+HF0WCQMiNpWlmOVUJIXdcyDBcjjdkHkkddo+vtB+A3gHw7cQNa+GrSQFBmfUB58m4Dk/Ofvc5Ibcq8YGeK9Qk0XR7HSmiiWysljIaExJDbRoVfdhnIUgHgAdh69D8XmXFucZlJvE47EVLu9udwgvhV1FNJLTtq3t2/Rcp4LyDKKcY4PLMJQcbe+oRqTvok3OV3db6PTuz84Ifg58dPiG/2nxNrd7BHIVaaPUL6XALDO5IFdUHJOOgJHIwOfVfD37IuiQLFP4j1e81FlTLxQ/u42kJ2sm45Y5Odp53duua+o9b+IHw78NwlNX8T6RZMsIMvmXUbybxjKgIxJUjgcdcAcDnwHxf8AtlfC3RQ0OlPd63cQL5YFpHi3k2jCtvGc88qxAP49PnZ4irVm25yle2+rurX69E7a6737P6aGFpQSUYLSyaVlb4dEl+O229t/YNA+CngLwtBCdM8OWb3PlqUku41nnyM4ZgwPUYJyOgxivQkt7Kws5IoxZ2mMNnENpHGVGTtYBT8p4yT145OAPzE8WftxeLL6CWDw3p1rpcZ4innbzLgJ0AHRg2ee2eAeCa+YvFHx2+I3iXzRqnifUpIpd7PbQTvBDliwIURnO0Z4Ge/auecpSWvNr3bfZXfRN6NLor7W03iqcX72itryq7vtstPm3pvY/Vfx/wDEzwH4Y8aeGZNW8Q6c0VnZ3MlxItytwEfcQFfYWCyY+VVzjuMN04HxV+3H8PdKElvoFleavIF2rNjyot3IwGAOVOAQep+nJ/IPUNUvLseZJPM7kMxaeV5mcsc5YyFiuPYnaRniqH2gOiIHdmbBJU8ZOeMDqoOQMfXJHAVPEzpJwjZKX2m79lfS/n26vV6LKcYVGvkrtrp12ezXfz0d0ffHiv8Abl8Z6kJYtC0+x0hGQopf97IuTw6rgAHA5+bOD93jNfMvib48fETxNvXU/Et+VYnEUUrwxpuJJC7WBxtBHYnO30FeNPO2xk3Zyc9Qx6nBLEADGSOvXg+lUg4JYKruSVBUdRgZznHJPByQR+fDVWrUSUpTbbu7NtNJwttt0tqtVe+qRCpwWqjBaNptXdtOrs3ded1t679zrl9dlpZ7m4uJGJXMsrsDnr945YHjnOenXOTlNcSOCGfcRglFJCqcDGT0wMndkjoT2psGn6hcOBDbyksTsJVtzDOOBGGO7IP3l9CMBjXfaB8H/HfiafZp2gajcl2GHWB1jYHChjI4CgHqSCOOG5NdFDLMfjJRVDC16jezjTk7N8trPrv1t0W5zYjMMDhI82IxNGlFJX55xjZ6NrVpaa7aprr089W5Ck9iDyMcFh1XnG7H8Rww24JyCahEzyfMsZkbtjLYxxgbeADwCuc8HnJwPsvwt+yB4uu3WXXJLHSYim9xcTedOq9TiLnJ5BYZ688AV7voH7L/AIB0mKOTU7651W4jyWhtwIIiydVwN2VIz7d/Svr8t8Os9xsoOrSdCEk251NGlo0rO9ne199fQ+JzTxN4Yy2Mm8bTxEouyhQl7S9rX1Xuq+zd/npc/M2103Vr1o4ra1mdmPyL5bNk9QQFVs7j1z+Z7ejaf8HPHmpafeaj/Yl1HZwWkl1NdXMbQp5cYDPsDBSWAPTofl65Ar9UdI8HeDPDcSJovhmwjYKFM08EckqlcnduZW+bnng/w/QnjiRj4L8UqnlgRaPdFQieSApiI2qigDGFxznI5BHQ/aUfC6lhMHWxONxDlKnTlPkgtE0r/E9m7a6NaeqfwsvGeGMzLB4HLsI2sRXpU/aVG1ZTnGLait2++90rPVn5/fDb9lnXPGelWfiC81W003Tbt2WJeHmGxir70ByrZVhk9z0Izj6a8OfspfD3R2EmpXd9rVzGAZIlbyYy/OAUx05zgHgA/Udz8FPMh+HOigkGM+cfmLMwHmMQVPA7HGQSfXHNeuqrzBBEGYF1Z3Xg4YYwR97OM8fy4x9hw7wRw/DA4PFTwsatWpRp1HUqrnScopt2bto3ZNppN6u1j8+4z8SeKlm2YZfhcZ9WoUK86MFTioyspJXcl7z26W6WW9uU0bwB4H0BgujeFNNjeOMKZZ4Ulk3nIyHZSCSeuRjrk8gV2cIZWeOPECogBjto0hU4xwvloOq9lA2++QKn2vEpXaHKqFCqgb5XG0Ev2IHOc7sHjtVpbSQEtJMkZTdgMwQkgcAFsDaMjq3XggnOPtaOGyzAU2qNGhR5dE1CELpcvTRtXTT1e2itt+bV8XneaVKc8RisbjKj1cJVJyV3ZpNX291J2Tev3ZtyhfhFd3VwzmRiTheflG7JYA8DIGO45AYJGMcS8ybmZQFXDrnGV/UdecHI29Kr6l4n8LaJCW1bXtOspIwxlDTRNJvJx8uGbkDoCCc5xgYryHXv2kPhtokRWwmutWuYGJJtlVYXZSc/PxwSMcEnGAB2rzsVxHlWXq9bFUVyv4ITUrt2T0i9lbRNcy6eXrYDgjiHNZR9jgKqjO37yqrJc3KmnKad9k/RelvapIJUxkHezbWBUnCgDGFGMtgepHI9AKf9jYIFHVcsGZliKqSVJ3EAEjnA7DoB8tfFOv8A7Wmr6g0kHhrQYoM52F8zzrIR94KiMQc45wMEED1rkk8RfH/4h4j0+y1z7PJwTDBJZ28YJOMuQGOf7wxgZwvevna3iJRlJQy/B4nFTbtanCdnpHVb3W3e6XazX2uC8H60acZ5xmWHwcEk5R5lJxsot813FdG7X16u233tqGteHNDgL6lrGm2axbionuo3cOF3coGOc9lxz0GRtNfI3xF+KfhKX4j+F/ENncvfWXh+KRLpoEwJp2OUWPGAVOOSg4GAOAKq6N+y98UPEEi3XijW4LASYYq9xJc3PHzfc3Fd2DxxkkcHApNY+CXh3wf8T/A3hHUbifVrTWIvtOotNiHcysBhQc4B6Ywcnbk8Cvmc5zbinNY0XPCRwNCWKoOmqmk3U54+zk0lJ6Ss2rXVvv8AteHOHeBuHq2IlRxUsdilg8Qq1tYukqV6yVtFeKdkpPzdzc1n9rXW7gfY/CvhrYxVlSZ0e6kbPIOxI2wc4IAK8DPGDXEDXv2jfiRIYrC11mC0lHLJBJZwKjHBJJZdoBz82SR69QPv7RPCHw38JBP7L8M6VamJSn2loYpbjA5UkuH+Zjn0OcDBrfHi3SrZ5I7a3JjZAFZEjjCsxHy7UA4z94HcMdDwQPdw/BOc5jyVMzzjEyUopyp0G4R962l5PbZLS109L6HzGJ8T+FcplOlk2RYaE4X5Z1IQlJ2a1aSvzddZWv8Ayt2PhHQ/2TfiV4hIv/Ffie10+KQAyDznubkAHaVdNxGRnBBPBBHBxj23w1+x78PLALJrd9qXiC4jkGQZPs0JbbkDb0J3DkcgAnnjNe13fi+7QTJbxxQK7hWGAc5HIwFycg9zxw3GMVWk1u7nUNJPJGmUH7v5QCFzgkEjI6MepyR7V9NgeAsnw6XtaP1ias3PESlUd1a94ytHo76Nu107Xv8AFZn4x51i5Shhqv1SFmlDDwjS0XK7N6yty7Wa1961k0WdD+Hfw98JtCmmeHNGtXRWUXBt0nuVIBILswIJLDJO3IJHGQBW/LrNjBIEh3MYocIIFWKMgkgfKgADdCfvfL2XGK4yCZpHZjkqxYBtxZmYZxk/ewMHdxy3A5PMi4di21lKRYyGxufGUBIzknJwccdWIFfX4TJMBh4xjRo0aS0UYwhGKekb6RXZ2ine9tT86zHjPNsbLmqYmtO9o3nUnK7k4pX5n9l7p38+x0EuuSzzARrFEVyC+CxY453Z6ucAckEd+eKpG4ldlzPNgq5bHG0sPu46gHGTzxx8vJFYaTGNFVtoYOCEbOTuPcnuOQDjoMd+Z2kfy2DP+8zv6kAqecZUjOMcZBIB7Ac9iwlKne0VdNW0SSdo3tZpvRet3bRWv4FbMsXVcpSqzlu3Hm0d7bWaVr6a27aK9pYWD3cSPgIGVmC9S25iozzgjJ6Z64GM8fI/gEhv2k/FDdCWvlAyQQFRdq4xjGAcYA9AOgH1hp8jTTwkuiKZGDMBhic4APXA98AZ56YFfJvgrKftHeJmEikI16TJjJI8tVyDnPX3PPRfX5DieK+uZBBKyWaUnpd/YtZ77XWu6Tt1P0jw+lUnlnF0ne7ySpa+rSUo6Nr5PR9Lev2vayZuC/3EUNHu2jk5xtYYIPXnocdc5OdKWN3lVdjYKfL5X1JGeDnPG7nrxj15JdTitZSzSbgQxCbdxcswJB98gdc5Pr0JLr95NMRaGOBWGODiTaQCBk9x6bgB1yQSa+2dSKpwS1cYpNaaqy00d3bySa9Ufl9DDVp1Z891GUm0+1nta+977flc6VUMas0jiJS3zFnBQjIwFzjAweuOCOoIyGf2lY2ocyTLOVcBVgAfj+Irk4BzwAdoU57DB46VZrksjTTy/wATbywH3slQMgAAcjjkkAZ5FSQ20qoAEUEkExk/NhjgMX6Ak4zkED27ctSu2rSbtypXV3rpdpPVK7stdbadbelh8LGm5xS5m2tortBPW2tvXe9tUzWn8SkSPFZWgjDHKyy5Lrzz2ABOM4UE9up4yrnWb65XyZrhowx3YQFPlGSykAZLEsCvU4zgDimpaSrvClQBIWVjjcSqg7Q3QjOccbeARklqYNMk3hpXAYnnc24hD1CjGSQepPIGMEAjPL7ZJ2vrpa/ZtLTXs12b6LVJ+rCg1BWi1Ltbo7O6vq2na+y722UYVpJ4xISyKMlyxeQkkFf4gc4ByPQg88io5mCSqCW8shmJBBOeo5HIyexHJGRnitIQFG3AfIWC7iRuI28bQScYPJzkc4yGxnHuF/eGBXRtwJPzYH3s8kkE9u/DZBBAqYyfvaSdrS6vRxs203pqtbW23aFOlOPI3e7TlZdLJK7vaz2bVvV7Whu9yBVEYZ3RlyxJIUZ+YgDggemOM18o+L0LfG/w2gYOTCq5DAhQcA4PHHfnO7O4Y7/VpZJGRHzID+6+UcgbQQC3AODznAJIzgg18seJomk+N/hxUyCEYI3H3V5BIPcYPUge4JNfC8WNtZZG7d81wjbv0Unqrrmu/wBdVc/UfDuk1HP5tXtkuLTjrdOUI7vZa+S1fTVH2zYlmjtwuf3SrG27CgEKMdRtKjjdnvnnqKWdyrlyQATsbfgEsG9Cchipyo96ijPl2wKuQgiQyEHBLYUsQQTwc9fX8cVJncTRu7EAKxG4lgVJ6EcZOOQCSeoBBBr7am5e5aWnKrprd+7qtV+Lvq76K58FNtU7Rjq5Sk3e3xSSs+23fS79SzG4QyAlGVyzIowQwx3OQFIyD9eAMsDVlgqwo2WYsqhWOMbmI2qCScYx834Ejg5owtGZJN3zR84dVK7QP7ueAcjJJwSeRjitCSNmi2gqFC7wScbmJGWJJzu29ccck4IOaic1zRi07tpK3wuzjrtuvLRK7W1zehSXs5Sl72lkl6LvppZX2113WlVnKBCVZmEzYG4gg9ML3C4P3sAkdBUS3BMh8wDcZMoQOeM5XOeRz+ZIznNSRKzblbBckqmBubC9z2AI2kHnnPT+KN4m8t5ZpFiQBsSSFUXIJBLZAIwMnAyCQfQik61OkmqkowTtzXaVuqe6d1trvpfTUcMNia0E6MJzlfSMYtreLWkVfXZq267PWUys+5mYIXDhQvAyWzhivY/3TgE8EdwqybYyJiqBMIg25O7Jz0B64yMjkk9jxk3Ou+H9JVDqet6daquG/eXCruTOSzDJJZR1BIJJ57NXm/iD45fDvSmnS2v5tSn3A+XaofLZgc5DkgZBPJ28Hb9K8fGcRZRg/wCLi6bas+SnJSle65dIvTr7rtra6Sd17OC4R4jx7Tw+XV7SSSlOLpQ+ym+afLpZp26387nrKAFpAQ5OcKSP3uGzuAG7IQgAZySBjAx92HUWCXdllXjUQMBLJwiEDqSxXH4ZweOoWvk3Wv2oJBIU0LSIoHHCyXJE0pKYAxFtPzHAwv3uvAJJrzfVPip8SvGUihYtauEQFxFZW0kMQBBbCYUZTHIIPAAx15+cxPHGAnNRwlCtWlzKyULXb66J23d3a3R919rgfDHNPZuWY4vDYSErN6qUo6Jv+Va9lq2r6XPufWtEttRwQIYp1X9zNGiqdp42zoM7xnOWGOcYycmvAPiHpGo6ZZX0M0drcWrx73jmKtCUKsDLAGDGMqDkqCOuM85HrGq+KDpt7pUM4/0aZC0WoKiyQsnAw7qxWRV43E9OCStc14w1TSNX0jV7a+EMbSWU728rHdFIYlOPLYfcLkhiM4XueK+fzBYethK0lyxk6ctrON1C9vXXbqu729jKKePweY0E5TnH28Xu20m43Sd7p6ptXtc+cPhSLTTvEPhK4kkRbZtcikn7BFjnBUA4yUGWBwTjPUYFan7R+mXtv8U/FWstYSQ6Xql3BNZXMQL28qGGPPzgEA4yTnH1BrkvBypHqPh2JGV1GrOuFb7gaZRgckHI5G4gnIyMjn7S8TaImoSX7rbLqllN5S3dhcYdNghTJUMN6kcn5NucDAzwfzrL8qWbe2oQn7OdGEakXy6Npro3d66rRabJpn7HmOff2JChia1NTp1Z+zqR5kpfZamm7q9vv6JM/N+4dXnMiAEGMEHOeVA59AuOPVsE9OnS+CgX1RyGUEWFwSo4/hwB+eRjgfUCvZ/FPwZ0vUfMufCs50u/wWfSbxj5Ekh3HZbyfKEQucKNuQDggV5h4a0DU9C8R39lq1ubaa2sZ1kGRs3FOHR8YK8qOMc5JxwK4q+UY7AV4e3pWpqVlUivclrfda3srWaT2S8vVwee5Zm2GqPCV4yqKCcqTfLUiny6uL3TdldNra+mi9V+Nb7tB+GKkqceHXkIOP8Anq4OFwRzg85wRx06fPRjOWlToUOQccZznufmzkj9O1e9fG9Qmj/C4IyEv4UAIByd32qUkkcDgdRnGAcgZrwCR2XeHUFXCqvXrjI+6ML9SMDqeF54sa268m+1N2etvcXVbt+7b00XQ9bKlFYOFlvOp5/8vJNq9tF+F0tNSbTmI1TSl3E5u0OV5/iHUdVB54yMYz6rX17qez/hnTXcpyPF0KkkZ25UFsYAIwcZIHUYzkgj48sZCNW00DcrLcxqQP4RuVs8AbuMbs84B+lfWuoTTSfs9eJE3AKPFcDMCeny4GO7A9d3GCfQ5ow8Y+wrNW1srq1ujaXW1nurJdNdFzYpv+0cNfS0b7aL3ot62TaT20d101PlaOJkkkeIh4zkfMNx4GTuAwFPowHLE9+KhLK75IJIIbOOenA7ZPsOOTx2qVGY8R7dykkkfKQCMcjp79sD16UjK6uADu7jbjJYA5BPA49sZ5PtXLKNlFL+7a920rpvz6W1fz0PWbb1SXTaN10stLO6620Vl8/rr4QCKaz8TxuTGP8AhCLzBYDG8RswHP0wc8DnqAa+ZU8xYc7ht/eHAIwMEkDcSeuMd+vuK+mPhNFPLp+vMwKufBd98ikcqsbKWPAy3U4HXoepr5ZUvsQ9F3OGB3clWIYYwRuH09O3I66jVqKumnC7vpzbab6Wb8vv0XlZZFqeMm4tv2sV1WySW1ulttbv7qk8nmFzhuBkEcqRgc4xwQQcDqOg6Gvpz4A5b4g+HMscCznPTJ+WykycA88nA6c57Yz8yytuL7FfDA9B90LnrxgYJwASOmAMV9L/ALPqSy+PvDLZ2rJaXqqCCD+6tZBgd87l5z7dgBXRgrKtKMWk2rJ2uk7LW9+jte+ve1iM2kp0krX1ado6XfLu9b2tZXvorvz8f8XRCXxN4jO5UI1zUisgzkkTspzj0PPHsOuTXJ7ZYgVMiH5W64OQc8jtxgY5HJ9q6nxECPFXiRWAcDWtQAzwRicng8Z4LDLcdCcEk1isE3OWXChWx1AwARkYGDyMHBGduMc4ry6sWnK007zau9unpppuvPse5Ts6VNLR+zj5e8lDVbeaV763+X0B+zsgHjHweHwSbi+VsHCZ8mTGBuHTnJ+bp09PHPHsA/4TbxXtHI13UNyseOJWJ55+bOAcDk56LyfaP2eGjTxl4KbaCpu7/PzZxiKTAI4wfb17jFeI/EKYSePPFxPyp/wkGokBuQB5zEqD0xj2x6AAiuuvKU6OHT6RetktU1t+eq1PLwaVOtiZO38V6O2l+V9NHqt3b1uzmVdkEgkO7CE4JBBwDgZPJI7+vGe9fT/wEKyXXh9Mcm8lIUk9djgAfLznB7qCRxxgH5cRVX5pCpR0YgZ6ZAGcbupx05xn5SQc19R/s+si6roCLuDNd3DL0Jz5T4APQ9cAHhfbnFZa17We90tG730asl5rrbTZXsLNJKdGmunOtHvstLa3Tva17J3VrnjOuatqmjeL/E1zpl1cWDvq98D5cjDcvmsu2VAcMpxkE5yMA5PNVLvxANSDyaokUd4I9xukX5JQpI24GMbupJIHDemSnjAmPxR4iLBgw1m+RlbngzMNx6ZwMnHG7PPvz00K/MCNwEZOw8HOOw6dSSew53AZFVTxdWnOTjKTintK76rS2tr7K17a6PQzrZfh8TSpuceWcYxanGyknZa3V21ZWs1bbqer/B1Hi8Y6EUBkWXUYJFKk4wzHAA5wcjJHIA+6e1dZ8UpBdeOfFA8ogtqA3EjEihVAYkHBIz+JyBkg5OZ8FLWM+IvDTxny8anFGS/UnJOAQQcHJAwOMAkfNUPj/Wmtfih4y0+9iW5t/wC1JVWRT++jyiZ2nILbSeARkcDrxXZLExhSjJpKU+mlm5cut7vV+vZ6Hl/UZSnKlzPlivdvunzLV323272t0OL1S0aBFaPLIxRl4Und8vQ5+8Sen6fMTXsfwBYN448qTLiXTr0oSMMD9nI4OM/KQvHBIB9K8n1qOM2Hm2M/noJgVXaRNGf4htYE7AOD1wFB4GDXp3wGnJ8T2iscztZ3jF/u/L5TqFPBxg5IUdB97AKld8HJVK1KUXdc0bq+zdtO8dbJO2tkcOMpTw9GvCSaSje/RJWb0tru0rto8f1eU/8ACS6zb3INqy6peFZ13bGInYgOexODnIAxyMZArsjNKdOnaSVZF+zIqsTuyABtI64ycBhg9OQawddRpfFusQ+V+8OpXeUcHbIhlkywxn51HA9QDknOamnQ2dvcmAOgEcYaF8shyCCy57nPIHOcHPWtveU5RtopSdnonZpbpaPzSdyJezdCjPmd3FO8tE3ZdHezT12u9fQ95+CzNN4O+KETKzZ0hcr3O7IABxjk5bGO4HBNcx4K8F6dqt9G16sgsITEblcjzWdiMKASTtbPPHU4BJDEdJ8Cr0p4a+I+3n/iTKcOQpBX5uWbJxk4AAXkZKkCuR0jWpUkLweZBHL5aTzIxLeYuCmCOnocDjHPzCvToxXJQk4tpRaS0u9U72slvv3vqzzq0nUdenCo4SfJeT6PkjbVXS06reyenS98SfDGiaLr1lBpG8RvFJLJAWyUblUIxgglcNg5OAOfT9C/2aI2Hwi8NTx/POtzfxrEzYEm2dzt69cgDPuO3T80dcnnm1i0a5knuGcP+8dss6sSAPug/KDjg9Bk561+nX7OKPF8FdG8m1eaVLvUxAQpJSfzXIGVzkMQBjOCec4r08nlD+0/hsnTlps1bk5Xbv20sk+p4fEVNxyJQnU5pLE0U5yWvo27beq6I4D4x+LdM8Q6HrmgeQ1nqFhMZrud4i24xZ/0eGYHgk4I656jHNfOvgHevie1eRThrRXIYgvtVCF34zg9M9Qc+levfE29soLLxBMRHFfXu8T6fcER3EV6JCgaNXyxjYFm3DPHJNeOeDEnh1q1aVj5q2w3DrwyFgOBjjOeuMZIx90eXxLV5qsbuLle1v5UpKye+tt+lj6rw6pQpU3CnTnCMnC7ldqbfK29Vs9rpr1u2f1Jf8ERZpF+O9rFvUo/g7UnwNoIO9c7gRkgAg8fTIxX9Kmrf8fN1yMtPJ16DJ/DjgD1479/5lf+CH8qt+0ZFbuu118B6g454bcwIBxkg/Ln+frX9NuoLm4ujkY89+CAB/rD1x1UDGexyM9efwnjLSdBSaleMlZpaaw0+Xz1XR2T/dsqiniKum1Knqko302Se9n6K1+xh9jk+mCR7jIB54BA6dTjbzxTw2WxlRggqpLHdgNk9O+OeeMgAYqVFyxJ5GQVGDtOB6nHI7E+654yXmMLk7fvZPTHAJ5HpjnI74618JGcdEk1Fxj2Tvp7zs07u610v20Pd5JbXWuvXpZa6+b7/eiMSfL93jJBIwflPPB9CfQZAznkYppzwpAycgjnd7ZHuORj6EDOakAO5F24zkKVPygjkY9MgdNxzjPHUu2IAAUJABKtyCeuRkn5icgbcjkYzzXQmmtN+2zW2qs/+G9dnypN3WkeVfJ2v16ra22u+iKpU/cLZJPT6HB6Hp9QMbTkc4qdIyTkg5/gIyScZGTjueCPX1p3lrtDAcqpYgrgZzk9+oxwOOMDpjNjHQggY3Lk8cEgY56n+WOMYzVqS0VlbTV7tKzs+u91r0tdoG4rltbR+eqXLdO9u+9276+jUVwuS2FySM45x1yc9M+/+FSZGBnGcduBgnjng8454JXHpTQCSAVXZu4/vHn16DGOT6c545nRfmxkqGOW3KSvAB7ntyBjJI9CDi03t89720Wiv/npfW6s3k0pa8zs2l3bbsno/RdWtLdLpwDbRnthcEEjkjdjOSE6gYLdCcdalWNmbvtAJIAyMLu5wBhuOVGVwOcgk4EhyMgkkgHpgDHU47jPzYJ4HcDmplXkL3A5K8gjqVOSQee3r0Gar1uul30ultq1a+2+rfoJxS05Yra8layTs9NIq72bWj02smmLGAA3HzYJyMHtnGfvdcAnGe3GakCjjPBBG09hg5Jzg8DviniMjJTI25IB49RgZxkqeeoJz2GRUgBU8gAFc/NwFGDkgkZJLBjxkAgKP9px5tL6u6t2vZei9bfPW5Glk7O/NZrXW/LZLTZJ9293raySLOOSORgcHjJIP6e/TiraLhs7slu+OcDHbOOeQOoX6Ak114+YAnPB4xgZ688ke2PX8ZgVycc44Pr9DjP8+Dg+1H9f1+JKjzauyTsmrJO2nTRu1tbXlfqnqWlQjhSpJ6k8YydvIySMAHggDA44NOEZXacjnIOTkZGT0HTlQR6ZGODkwxsFZcg8AnB5yDzwvBYnIxzgDnBzirCOTt45K5LD0+bA69gM8nrwADmlfXqtVqvVemmq+57WB8ukVZW0cr9rJuUdkr6LbW600ahDEnaVyozyMZHqO+4Zz06HPI7v4XdhOv8AeOcjjGOxHpzjp1HNLjaCMjAIICjGM5wMnpkE5B57npimEgZyegAAGTySP0PpgYyfTim2tN727+TX4dfkrgop366Xey0Vtu+iba177Jji4ZchQPZuy+oP0xj9Rwar5AOQDlcHqMYIHUZGec+/UjPSnbwHI55QZb02nJDf7IBGPfHfihmBweuTk564Bxg56nr04/oJXdinBrlt1Sa5Uk9VF9Nb3a0d+m5EELZDgg8kHsdxGPmOB+fIzkEqTTmTJxxjBOB2Ixnk8DrxkE9+hNKBubI54J+UjOcqAcZxz0IPc9cZxJtBAGDnr0/EAA5wOeR37YyaGkuz7/hZ/wCT7drMajqndXSu1q9PcS+0nzJbXavf4myo8fX1JBJOMsRljjv0I4I9ey0/YDjdg8nAH3iOOT7nv/eOO1XNgOdx6ghR1yckbsY4yAeck5H0YOEIyGB6ALyOBxyB0Cj8jk9T1pPW3lbt0+X/AAfMnVaN6XfXfWOi31u/loraFKOMMeRjAPHXg9zx0wOOnBx1NWRHtC5TgcAnOA3AByOSTg4xjnBPG0VYVFIbsc5IAwCAwBGOQQvQAZzjrlRUjYK4Ay+ANpGR1wQw4A/3f4ckEnkBOKa/q606dv8AgarUE23td2VrWstkm9Hddea2lr2b1VRxnH8JIHC9OMcNkYJBA25yWA7leJUTOD0wQck88ngk4AHuP72DyM4XAk5AYDjJ/ukZ7noO2eh9ARzOkRBySNp6noynjgZIxxkHqec5HWjpZdGttOqf/BLimnray6pWbT201srWfbrqtRqxZJPC4AXIIxjA47846k85OT72EQsRuOSSeeOg9fU44OOD3xmlQbiAOOoBHBJHIwMEZYDknnnnIzViOMBlXGfmJAJ55DAHPHOOQOB1OOaWv+bT0Tul1Xk9F133ubR31elm2r9bxs3b1+9a2PzG/wCCxWnLff8ABPz4l28m11bxN4aZ8DggXZIAyM45wAvXBPOcn+KPT/A2lFZXi0qzLFog0rxgsSY1654AHXsMnntj+2//AIK+yfZv2Bfia+QFXxF4bJ4B4N0Scc5ORg+n1ztr+IyTxZbRSSRtc3gZRGf9HgP/ACzRdqk42k5/iPygcYNfuXhJCi6eOlWippzirNXSdoytZ6bXvfa1uh+O+LE631bBQw85Rk6lS/K7O3urdPRK2m+ltF07JPBVjBaHbbWu0LzsjjVeTgtgg454PIyF6cV55pPhKwm8T+IY5drAeQu9doCncpVBgccrg4Hpwc1el8ZLJAiRQ67LvHJjt32gbueccc9GzyTz7ee2es6smr61Pp+k6tN58sShMukkRUjBkJ3Y6ZGTznHBNftcZYRVKXLTUYqd7ezbeiTdko236rs36/hCo5jKnVfO5c1KN+aqru843Sd1a3X5nvNr4S06FXeTjDhBuZAcDpjA4AxgZJx0zu+atO30bSoxOxWDaoIGZAc9TuJBHt26c89/NtHm8RakPIfTblGYj5rm5KAlfmPJxwCOADkg9B1HZweEfE89o7p9ihB3FgzeYQMZw3POec49CcHgV6sMXRdo06MrWk4y5Eo6JWbWm9++1lfY8WeDxDacsRCKi9nVu72jb4bpJa36qy7niPx1ht0iVIVVlPh5kUqdx+aZlwCOcEgDB4GScjrUX7GWlWd/4N8WzTWUU32bxIkBZ1DsWCE4XgnHB468jvgin8bJbjSZrLSrqaG4nOhBi8MfloFNy3ykEnkNgZxyMntzo/sXa0mneB/GSmIPLJ4wkZe2BtbBB6nHfDY/PI+IxddTzWg4uUJ81ZO8bJO0NFZ6X0svxPvMJhnDKZKUuaLhhtV7ybbaTWl3f0Vtzv8A9p3Q4LDwRFNBaR25C3c88iRquUZWjUEgDBxtHXruznaRXln7DUSzaZ4uKjcY72DeCCVz5OQDjHBHLYHUdcEE+t/tK6tcal4D1OF2VVXTnIVSCf8AWhhwM+pycYAJB5Bryz9hfVtP0TT/ABlPqNtLNBLqVmrrAvmFkaMCVQuQeVYke3IIPJ5I4iK4hpSqNNQpSs3ZPSGmurT77a6d79lTDyeRVY0m9a1PaL39pBrTey3v00vvpJ+1NEGu9FTZjbZ6hI+0EKqtuAbJO3BycYJ7HIGDUX7LeiQ3fw8aaWQrGmp3KNtALAqSSV3ElSGxzjk59MV9L/t9+Ifh/wCJfDHwyXwN4ffSWt/Dt/Y6s81uttNcTrLvR3G4s8jFeGJIK9cEjPiP7KlqsPwvie7EUccuqXzFnaNdxWQ8AAjADFiSAQMYHPIzw+MVXOlipL2EPZzg1NpuLUox3V73Ub6dLJ3Oj6q1k8cOk6z9pTd7Wa3k3Zfqtetjy39pLSbcLoCQTjZ5l8zF8BztRiS2AOuPlxkk9gDx9Qfst+DLjVPhBoV5FdIiAXxYDAJVXAcgk/K2eSeeDk9q+bv2hYop7jS4UaFlaS+dRHJGyrF5cpUEKxxuxtGDkg9eCD9u/skXfhu0+A+h2mo3McFwU1IYe5iWVHMhVBtaQMA3ZjkDOACOQ6eZRpZ/XquSd8KoJp8sdXTad/k3e9726poyxuXyq5DhoQpOLWL5mrXd7S77LX5r5Hwd+1/pv9n+LYbPzjMGttOcnO5h+6YdVB3FSCWAGABnkE5+5fhHpTS/DbwdcNcSqg8PWbyqpAPCggD3xxz9BmvjL9sRbSTxramxkiuFfQ1kDRTI6xyRttVWdWKiXaSB6cc9Qfrb4V+L/C+k/DvwpBqmvaUk8fhy3ieF7tQ9vKkeAsigZXaccnoM5xyCsPjqc8xxFaclyypxtLmsm7raSe29tHdaMwxWX1P7IwNGMZuUamqSk5Jcul7bJ6pt6eWl18FftTKqfEvUmAZkSDSMM4G4kSqc46npk+3TnFfpR4f0q2ufhhp11LGHdvB1r2IwGt8tx2OAeduc47GvzE/aT1G31fx5qOo2F3aX9s9vpuye2l3wtskBK7sD5gASf4cZ6nGfv3wf8dPhfafDrSdJvdft5byPwzaWV1HGjlra5EBRoim0khCRnHHTjOKMJjKNPG1KrqRUWuVJO+rlrpq9FLRvXTXsdtfA1pZdhqSozlycl95WvGO75bpKyV7tX76M/PH4y2gHjPT1jDRg6fbkKxOTtugPQNjtk9OAcAkV+oHhm6js/COjGVQQdDsow2z5V3RIuCQSQT3AXkZAr80/jzqeiXnizQbvRbhbmwOi2u64CNEXkWbc5VWGTwpPBA4JOWJr7i8O/FvwSfDek2Ij1i8mh02xjZk0yWRGeOEKQjdJASCBgfwkiurLa9J4rHTlJKM7WaWskmk/dt1trf5b2MczwlX6lgKcIfvIN899FdqK1TVl89+t1t8BeLHjuP2kNDERI3eNYQvXBDMmWHQ4xyOvGPTNfoV46vta0Wx+0WF9EzQsWkjNuW2ptAJznDHaepXg45OAB+eHiHV7CH476Vr00V4tvbeK4rxbZ7Yi8eIupEaRAZLsOMAEklQQT97738W/FVfEGlXun6b8P9edryArBPNCLZiXRRkhlJHRTjOcHPGQa58Bi1GeYx/eJSqStyxlKSata6VrbadtdO2uKwl4YByhSk40483Py2i043+KSW91o97LY+Fby4mi+LmhSxuVlTxDBcZ2/wDLSZ1kLY9d5yo6gYJ6DH3l4i1bVrjQNajutbeWI6VeI8S4XeTFnyicZIxxuySOCSfvV8AavNf23xO0m7fTZFvY9ZshHYTuqB5oyuYnkAwA/Ct+obNfbuuzePtY0PUt3gnQ9JtrrSbhTMNSWZ4wY/mlXao3ORk4756g8mcnxLhSx8XTqyvNtJRlp7vL7zasr72Td1e5rmtCE6+Ck5UocsEneSV9Yv3Hd3T2T6dNkfKvwGsLbUvjbpv2qQOk2n6mzZcRgFI9uNxI4AA6nPJz2r7b8aeH9Jsra4lhkTi0nICT7zCVj5RgDwM8euOoI+9+dvw/sfFFr8S9Li0J7OHUWtr6NJLli8JXLCcgggg4zjGf4SMnIr6uvPDvxFe0uHudd0iFHtp1dltZJcEIS6gFiBkdTngc5zzW2SV6rw2KjGhVmlUm3LaK92C20W1n8tzHOMPR+s4aU61Om+WlaLb5mlJX0tbVaXdlfTseA/BeSMfGe1ITestlqo5LbmCyOMjAzj8gARyCK+z/ABm7J4T8RGKMfvdDu8gDcV/dsSzEr1xkqSNpI7da+Gfh9ousP8TdMtrDXVsL2aLUEF5DCA0aIX8xcHPMmWx3ycdc19a+IvAniNvDurTX/jbUZoF0a8ZoYoljScJEx2SYGdh5HXk8ZOCa0yCdb+zMdGFJyUqlZuWi5eZQ0122Xbda9Hy5/Rof2rgZyrxg1RoJRSbc/eeqaVle+l3dvqj5v/Zctjc/FrUokVN0uh8lgNqAEHI3EAjAzjIP3jkAivsz41WAsvBWtyi5glU6fASUliDElwGBQEt8gyCQCO2QNtfnZ8JPD11rHjw2kWtajp0smnzBptPmMEzJG8g2FxltrDIOemfm4ya+lvFPwuEWiandXmt+IL+ODTZpdk9/IUZkRjtZWbDKCANoHbP1rI3iJZTiowo88Oer77klbSLdk1qmtU+70u9sc5jhoZxg5yrShPkoKMFBtu7S3bt26f5HGfsx6hZ2vjXx815f2llE+nWjxvcTpEshQ4CISQM8DOOvfNe3/G3xBoM/w+8Tw2us2FxcSWkASG3uI2kcrKjFVQElj6kdFyc9MfHnwJ8J6L4l8W6/aanHPNHBpomjSOaRAG8wBclWVmAAwQx64GDX0f44+GnhLSfAniW/tdLAnttNLRyySOzRszEqyK7nJHHLHOQCAOp2yudepk+IiowUIuveTd3o76JK3XVbWe922nmdPDwzvDTk5ubjh7KMU46JJXblfVeWifXQ8n/ZW8YeG/CvifxfdeItRgsILnTo0t9+5vtEisn7sBc+m4dvl5IwSPYfj58VPBHiXQNRt9J1Iy3A0aWGKOOBwruz8h2IAI5zzjscZNeAfs0aXpl/4g16K8sLe6VNNR0E8QlCsXX5grdxgAjPBztIIr6E+LekaRZeC/EL2ulWVu401TuW1jjkDbhteMhenq2RjuO9PDRrVckrSjOCjBTTjZ30S1ctVbtta+l3teOqYaGdUoONRzk6L5lJKKslays3o7a3V0mfPn7L/wAQdJ8CDxdHqMd/cNei0NtFZ2klypMaKD5hQfLycbu3AY/dNeufFb4qad4j8K69awaXrSzXcMKLLJaypbwRqV5kZh8uGAzknJyOoJHD/snwW8k3jITRxSlYbZlZ4Edl+Qkt84IwTnA644ycZHvXxaSI/D3xW6RRoTp6cJDGhYBk+bgbl2nPTHUdCABz4GhVnlEqirKEY05uUFFNuzT3b8rX7vTa50YyvSjm0IOhKUpOl7/NtFqC5rWS0XRtb9j5t/Z3+JF/4Fu/FMml+D9Q8WnUEtUdLUmNbUIMbpAFOVbduB7kZxhq7z45fETxN430O9lvvA93oNrp+iTWnmT3Bbak5UmRkIGSoGF5z2xzxyv7Lsr/AGvxeA/yi3tOVwueD0JAyOu4DuOeNxr1v45gHwR4kkEisBpIBKzBixG3gqDzycjOM45yeDVCjKpktWp9YcEoz/dpRs7tPe12m1dvprutQr4ilSzimlhVKTlT/eOUnr7qVrPlva/TXXXe/C/svePvHnhr4dXWj+F/Dej6hZPq81w+oalchJEndv8AV+UBkxqNwViAMFcZUlqzvjK3ja70LxJqmr2uh21pdTRS38dk4Mh3AkLHgllwc5Bx03ZzgVb/AGXLi2j+HuoPd3cEBXVZAiSTJGx6fNtYkkYwSdp46HkCup+Mt5psvgHxRFBe2dxL5UGFilVmLDOV2jJI2ntjr8uf4pq0WsipSlXnJex5ow5oqOm0bJK6V+urs1uaQxMf7aqqOGpw5qv8Rwbk/h05rr8Fvql0Kf7OGvfFKLwGNM8Ha/pGkaS1/KXS7s/tE7SttBO8yDcoAzjIGASMZqP49aV40fw7c6v4u8SWGvTXV1Fbxi2tPswiWPOBkM+ed2CD0JODxWZ+zp4l0bR/BEkGoXsdvcnUSVhWNpHCHbzx2I479P8AZ3L0nx58TaNq3gZbPSrkzyQ36PMGh2BFfHLOxyCxJPy8cY9Ayrqj/q9GXM5VHRi2ueVnrFJJK+qV7aaanPRq4l8QySpQjSVRtNQtKWkVbna5m73vrqkruyIvgdpPiq/8AWf2bxT/AGbpiXVxElvDbgyRvxg7x1JOR9eD6163b+CtatUkurzxnqs6pGZPKVhGrqWHAyOMjt0AzzwK8a+AHjLTNK8BR6dci6a6j1KVgIYWljwR8gLDuT0IPOOnzA17XL8S7Bo3jk0jU53EDorrbEIecbyuTnHXAyceh4HflEMJLLKLqSm5yox0c5OPMrX+G6unp28jizSvjaeYzSpwUFU0nyU3KzcXdtq91pZvp2e/oXjLw82neGdJv9Hv7uS6u7uyfdfStNGxVUIQDoFYgZ68gAd6wrnWIfEmmK04+yatb6nBbXlqwwFMW1RMi53CNjghskc8c9e18R3sVz4K8M3+JIYZp7EhJAP3KZGA3JGQcggjHbHQnyHxtNZ6L4W1bxnaKs2o6ZeJPGUJWGdFOdkqg4PTDZBzx0+auXFz5Iwk1yQi07Wd7JrVa76Pv12tc78uo+3qVoJxdWpGV363Si30TtfS9tl5dPrdraQtqEl/brdDdZxpJtIUxnaCqkZA5OQQc5XkEcnJ0fURpMl5a66sWlWepyq2k6hc/LA6IcCJ5jkK6gDaCQWXpyefltP2lfE+oXph1DRtPms3mhuFtoWCbdpBADtnIIGMdCT74r3zXfif8LviH8MNSh1+7m0/V0t2+x6TboRLBf2yhoHEikMYpJBscAqSByDzXT/buDVN1KUkq0YKKUla6uk7t3u9EtNW9LHkUeGsXLESp1oJ4ec2+anJSabe7a2ab1WmmiZ4f+1E2mT65oE1tcQ30cFm1tNNAd0YYxlgpPRgMkgLjcNozk8/Imng2uoSiNsQzW8mTIckKN2FGeNyMRgAcDB45r6G8SfFHQtX0fRdDutDhsbnTYSLqcwh3viqFEd9xZ1YhcltwKghcEjFfNOt6nb2817PDBO0TsfKDkKFVmO7qDwQQCB1xz0O35/FZ/ShU9pGHNOTvKzaivcjdJ6t6vl2V2nZNWPsaPDUY4eFOrUlFRVknu9E9b7rouvd2uTWMotb5J2IYKsrE5wGO7O5QMk56DpnPPOAd2W6u7yMC0icRtktK4YAbgWJG45OD2x0xkcBq8usddkt5Lq6NvHIUASNHO5VDdsHPJ5wAMFjuJ6mrk3izVXClJEhVRkRohO3OABjgZweOOOmeCRwR4kqRTVFRpuTV2ld621802nruum5o+GcvnKlOtJ1I01FKLslf3eu17dE9Er6pH0P8LLyHw3rt9qFz595usDFI9u214dz8EcgnaCGVR6YwBgV9RWPxNE+lvaweJ7qW0hhlk+w3l6Y384g7I1Eg6KT8uDtZuME4J+AfAlj4t8X6pd6b4cuJJtVNqbsRNJs89Ihl0U42ksASMjHuQcrpaxc+MPD0v2TxFol7bEEo32qF48kN1SdRyD2fKjHbcOeCtnObJe3p4ec8O3Z1OWTjzLldnJJqL1T69loe3TyzJ1TjhpzhTqOMWo80FOy5eW0W0+mjXn1P0x8E+EYfGGk2d9Z6tMkscLyTRTBZkFxKcsHzwA38JwOc4bIy2fqvwx8S6dLM0MFrfRTPuYwqQ5KnqFBGW6nK5GeOcV8HeD/AIw6h4dUpput6ropZlBSORpLdyo4LKeq9VAB+6QRjFfQ3hv9qLxPbyQNqUthr9nDtxwsN0EyP4sbS2Bk4UHkgnoR6eWcXvDclKsqkY3TvKN0m2k10e90rpaq3rw5jwZhcfHmh7Oo7JWbSlvHR7bNW7dbG/4o0a7sYJEvdPubeYXducMr+UFyMhScgYPU5xk7TwMCz9luYJbi4tLmfTneGLMkLFombAwJF7DBG5QMZ5wMmvVdD/aO+GXjTZYeJbaHRY2KCYajGkkTy8ElJcAgE985HA78euN4P+Gviewa+8PX9qI5UQq1jdrOjMV+UtFknIwDjbkAHryK+6wPE2Dr81Wcoz5oxi1GUXbRW0bTV9HdW1vduyPgsfwBiqMXHDydNRk5WlHe9k0m1LeyT0e1+qt8mT6t4jFolvfeTqlqpOyVAEuViX7xBABBYjk5IwOeuazPDSpqvxGs7nyTAzaZIVW5UsCQpwrKckk9QfXGa+lNS+DurJHJLp89rdRBHChv3MwTqojDA9SoBI5PqOQPMIfCniPw74vi1C80q6SK1051F1HF5sayYwHGwc4yoOe7Z6HI9KpmWGxVOhSpVrc1SOjavFJxu7u3wp2VvLyt8zS4cx+W4ivVq4bmvSdnHVTsk43T7NKzSaa6LY+xbj4a+IoPgzc+Pvh78f7G6fRdPjvfEvgu81GC3v8AT1AZZ9OsNOlHmXLJ0XYwzgZPJr8vfEd2b7UrXUppHuJJtXS6NwyFJHZiSzFRk7i2Rxk4OQcV9HXUmk6rI0V7HPHPIkguZbWSW03O5yPPiVlSTgEZfhjxjANeK+NNDGkSwvbytPbyXkHlK6h3gRcnDMowAQc5wQ3JPPJ5aWDnRji6lTErFQnWU4NxinGL5eWElf3rX3snZIrHY6VavgYQw08FKnCUanIm1OaslK1k4uVk+W/K3qt0X7nX7G8tJ7K902z1G3kYK6T2qNKFAAyWKgnI/i3euTncw43UPhj8OfEUYkto5tCumDlTCdsO8KWB8sA5XcenTpx1NdTaaVFdpMYrlDIzkBQyIykgZGSACD/UE+htnRbxVjVXUgM4kDpgglSWCuPvA88gE89eQa9LG5BgMdShOthqdRypr3lFc3Mkm7cq6WWrstdN1fxcJxXmeArunHF1YJVEkpSlb4o2t0XpZ7J22t8rN8LdZe5KeHb6C8BuZLdVkHlNIyOQixndhy+OABwTgnGapaz4f+Ifg2Xy9c0TVrI8sHlt3eCRTyzg88MrDnOcFiR1r6I0IPboMABrfVZpImX7qvG+RkckqO+M4BzxXputeMb7XbVYNYZJPs6OkL+RvR1ChR5m9WztxyMqfUcEV8ZLgLDYqnTq4arVoJylz6pqOqSik7PSzvZptfh99R8TK+DnVo11Gq6bjyt3jzK0G1J7Ju6s0lfXrc+HtM8d6nps6XENxeWVzG+fOs7iW2kXpg+WWCjqDgDp+Z+jPB37Unj7RIo7ddbi1mH5Ue11dd0zICPkSQkFgehY9Qc59MzUPBfhrX7uxhvbC3iW9uZfOnt18mbaqZB+Ug/KTnbggYHI5J5/V/gFbsWbw5rqRkFjHa3q5HDH5VmXBQAfKBjGME9Mt4OL4S4hy/nll9eeIpU3FtU5uMteV25JbuzXqz63LeO8lzKjD6/ThRlUiny1YKcVqldTUXe+ltPJ3vY+zvDf7WPhW8t4bfxboM2myOuxrmzxeW4LBgZNihcL0xhsLjOO9eo+GfFfwr8cWyx2esaVd/vnMcV1MltfKjMQvUghlP3cHIPGQDX5P3/w/wDiD4clffZzXUSDO+xf7TGynkkp2GOSc5xjrgVz9prV7abBcW91azJKT5q+ZavvVuu5No+U/LknqMjIrz1nufZVKMcbRrLltbnhKMmml9qyut1e9nv1SPYjlvDedUpvC1KLUrczhKE46uL1V00t9NFfTTW37RyeBLlboPoWqulv9+OG4dbi3ZQMlAQzcDBHODjvuJ3cV4j8Ma4J9JludMiE9rePqpuLFQPPW3AKDy8qW3hfmywOSewUV+eXhn41+P8Aw3Pbvo/ie5W3Tapsby4+02xC4YIwYHGc4JBBOOvWvpHRv2xLhjYQeNPD0N0bcGIXukv5Ui+YSrv5IBJOOSuSCcYOMGvocN4gR/cxqOceSpCXLJuULqyvdWbsm76fe0fJ47wuwVSdarQhSftacqbnTtTnaXK0t7OztdpvTS66/cHgjxX4S8eTf8Il4o097uO5tpJL7w9fxCOG5uGXybeaMMcyNFxINp4IBByRWF43+DvhLwVp1jfxeDLfw/qWha7HPputxRO63dpdKf8AR7q5yflDMMYwUGAB2X591f4teBtdh07xp4avPsWtaZdQyWa3Un2e5hlgKsou4QMywyOAGfGOeOoJ/T34P/FrwN+0B4UttF1O60a+1pLRYfEHh2QwrILgwBBeWefmKnllKZw/GARXTjc7y/McfF0qtKvKpThKUVJe67x0jffXpq12toLAcMZjkuWRpKnVhRp1EurSinFpNLRRul7zT1011Z8ByeE9G+JHgbwV4b1rTraewv8AxprVl9ti2Le2jzXjtuguUUyLGGwV3E84J6V8HftJfAbxH8D/ABrd6dFJLq+gvOt1pup20TzG2t5MbYr54ydkqAhWZyN/JI4r9hX+DM3wpWwsUZb7w7F4xudcsr1UJNil3dE/YpxliGXOVY8EDIOMV1njnTNC1vXPFkV7ptnqlhqHhryZIbuFJUIePCsgcMUkGflZSrKRzyDjHH8N4DNcJD2KjSxCi3TrxSu5Rs7VFbWLb1818zTBcQ47LcU1KUp4f2i5qM21aN46wb2stU9m/dfQ/AXR/ElveSPpmpBVd4VTeFXypMrhTJGQACACM/XIOa+n/gj+0R42/Z+1CFLCafWfB006S3nheeeRrOaNiA8+nyMWEE4DbhCpKtkKBySN74q/sg3XhjSvEPjnwAft+jWGnQajf6RcHfqEMs7gOung8SRRu20ID8oOATwD8maXe3tsz2+pWcxt8bJ9Nuoys9vnguiuAV2k8DODhehzX5bi8Fj8lxLi4Sg4S0qRd6c9VytP4Vtf8L6I/UsFmeBznCrWM1OGkZaTgmlpJPZpp666/C+h++/w61n4b/tBaFF4w8M3lvaa1HDew3enxFYtR0xruJgYdRtQAzRpI20zAEEHPbNb3gSwvvCfwo8aeDNTZbfW7K11kRiSMpDeWdwxe3eAttWUPGWPGSGXgKcGvw68F+NPFfwz1WHxj4B1u5sXiXaZInZkeMEbrTULbpPbNypcoSM4yua/X34AftQ+Bfj1psPhXxtFY+GPGhhSKS1u51hg1YeU0Xn6beNsG8lt32ZiwBIHbbX02W8S/WHToYx8s/cTmrpuUXFKSd9XJtrVNPbY+czPhtUuetg0pcyk+VNWtZauyT0d/eva2jTuzzrRLXT9d+GenaT4j0iG8F74gt9MWC4jHk3VqZHiaNCQSkmGwsgIcsRjPBHx38Y/2bdS8Gy+K/FngWGe58H6LfFdV0V8yX+lbwPnhQjdc2vzndgfKoA5r9MPGHws1rwrotlpVnE+paRZeJLbUbG8hTzLu1ilnDqs6ISWEanHmLkFDkEAGsPxPeW9j8PvjXeXYEzwpI1vKSMPPNEkao6scMwGSEYZzkZAyK+xzPAYDOMLN2jKoqblTrU4pThdRtzcvS266NWv0PkMtx2YZTio05SklKajUpVL8s1dR6L4lzaNa21vY/E+wntUZXtiwjYK0kQBDxSP0byyAQCThxjGOPlIJr1P4e/EPxd8M9dj13wnqDQsHjN3pzNv0vU4fvPHcQ5KKxA2pIgBB5zwM/R/iT4AaB4i+HGgeOdC/wCJNr8Ph6K4uVCHyNTkYkyNNGBhXYnCvgDAJJIzXyJrGieIfCOrJpmuaZNZG5tVuYy6v5NxA4ys9tIQAysD0GfwOa/NcxybMsqlGs+aVJqMoYiCdlotJW2tazvpru9GfouAzfB5gnT5oc3M4ypT+JpNRk4x+1FNaW2ettLH61fD/wCKPgP9oHTYfLdPDPj/AEkQyzaLKyC4vJoCd7WUzYFzbv1CYyAQDkZNP1TwZqtt8S7TWr24S3tbjw49ugVSEu5YWLfZJBnC3BAyw6gkAZBr8odKu7/Sr6y1bQ7+6sr+0Ims721do7qCVMMpBUgtHuGChyvPJHf9Kfgj+1ToHjyPR/BHxbSz0rXrWeKHTfFDoqWs84AjDXRIHk3Ew5aQnDYBI3V7WU8S1JxhhMfUcoqS9nUWtmuVRT011fy1WyseZmnDUJSqYrAQUajhKM4L7UZWeiSV76dLprse7+D9NsL3wx40inggz/bzl7VlVwVEKYBVgQUJHHX73zc5x8g/Er4C3OraRP448GJFZGwtZrjVdJGNt3++kEk1spOVlCjPlDBPGM5AH21pvhvVfCt34nW9ijk0fUNV/tLTtYtnElnd20qDZJkZVAo5CnjuvTI4XQvN1Hwzr6WxM1qIrmBArDDSR3DOwwCTgBgWJHPJx1x9XVwmGzChKFXlqRnFKlUg4yab5Vzc2/KvLeyu90fJ08RistrqUG6c4ySqUndqVnBJTWjabT1tpdroflctnFcRtG8LpcLIscqSB4p4pFOJFaNyG2nBAOCDngmvWPh74w8SeAri5tNOulk0TUEWLVdHu2M2m6lE2MiaEkiOVD0ZCCDjHSvtL9oT4F6fr7+BNT8KWFro/ia/0GKORoU8q31G5igDEXaLhTI65xIRknt3HxffeGdT0TUrnSNdsLnT9TtmVZbRkwtwiACSeHON8ROVVlAGRgZxg/mWbZVisA3NOToN8sasVZKzV1K9rN97JdVqfpeS5phsw5YS9n7ZcnNSmk2721V170b7PdO219f7h/8Aglv+1Xov7Sn7Nuj+GmRLHxn8JLa38O61ZIWeKbSkAGn31qxwGiRNtvgN8pUj6/pPBgMhHTo2ecHpnuCDjoOBX8cH/BF79oXW/ht+0zonw4ixL4b+J8V1oeo2skbLJC9rG8tk4f5dpWdhkkEsCV+n9lCxbGkUkEq5QkHn5SB024wSOBznpg81+aYiDhVmpWd5y1XVaNPXVO91/wAA+6qxpx9nKmvdnCMle7s3ZSje9rcybs1dp/JSAFlzyQgIyT6c5AxzwD7+wwQGlCXVgMk/wcgcjA56YAOT34Gfa4sCjAPJYAj3bGD19AenYgHAyabIg3gdScZGT95cEEkdNvUDoSOnFc10rW6q/W1rLXRaJ3vorb9bsiKvra6ulr6pLXVffdJXbS0K4hZsklc8DrjI6txgDHBye2R2qXYxGCQFwCOOSFOOcDAJIBBIGT+GQIAwHZjgknq3P3skgc4xz3GeMAqRkEjKkEqF9TgNkjPHHrwM554Yrmk2rNNP7PV7Jab/AGZW0dlfu2r5Urvl2s3rfeztoorrt3vZNaDCjDdnHCjA5z2/2sbseoB7Z2jlNrYBADEqNwyvUkck9OOMkZBPXBJy4kAc4bAx65wcHnn2J9Bz0qPOP4ThzyD0AAO30wCR1JORk96pJ6O6+63bu1b8PPRWWUrXta7d3dPZ3i7ddFpotE9diXIA9ATk4Bz6ZPPHPfH8Q6DFQ9AATgMep6ZGCGB5GD6kYzjgnaQpZuMjGRzuI4IIznPUnk8k4yOnILDwyvznJXnp1AY85+b06DIPXvdvNb2tf+tB8uiXpd2t/KrKzSXe+is9e7egB53YIO8DOcAHjcTjnBzjqCfTooBC4HQFh0+8fTA9uo6evHSMMSPlZhgE5HLA9MYJxnABLAc4x7BQ2wnGAvBOccAdsk8ZJyWwPT2BG8Xfm0Se+tlp82unpb+UXK7bvTq9lrHV237a91u7EgJBLbRyGPp07/j3HB6YPekZcdyTtJyeBwenfPHf1IGMDJC44IznBPy7uPQjknocYzjJwO2Y/MwUwcEDnjPU5HzDjAweCMEZ5OK2T0vzevTTS66b+aXTcmUW2mm0l5J9Y/lbzb3bVyQDPAHK4465J9c+n931zUmzdllAOQM/7PYgHncfQA5A6jkkxjnc2GJ53KMjGACO+ML0boCM4wWxUnAAAUA42jPfoQQeTzkdyTnp1ILPS72XRenTvp+PRg6c2tJbWlpd7NXejtaNr7pa/INjDAYgnHJOM852k46gDIJ4yOvWnEMpCkjIP55xnd6HjIz93PbLCmMWLhic8nIzt3cHrjkgZwQSc9fqpLHOMgD5h2BJyrLk59OBgYAxniqjJX1Vr2Vnu9Yttp6a2du3kTGMk9dFpd2v1i7eW9/O+9hDnJAwCCc4xgkAdsdR25HbsCKcDuA5HIIznkDJxx2b+Hk9c5wqjDHBIAAxkFiccjJ5AA6sQBg546/VdpyVHAI7jDDOMDPXOV+9yM85wRh80bvRqz73d9Grd+2vd26G9NRbvJ2UVFpX9Fuulu23e2pIAd3ylSGwoLcDpk5DZGecZ454z0ocNxkjgkZ6nBPXI+vXHQAHsRKMrgk4PO7I64GMj0I4zgt+Hy1Gw8zntktk9MgjBOM/KQBj354yMZ+0vpa6W15W6r8vLXlveyu0OSs4q9n0u3HdPRNabddf7zuQZJyByOo6nJAOSRnoMADnnJzzzTRuyTngAn0yVGMY6g8jcp+Ydz6SuqkEqNpYjp24w3fPI5zjA9ulRHC9MA8Ag9cHOckcBhkEcEEnHJJcHMnrba13bvG7t31tf8l0nSTV7K1lrfZcvVXbul6LpouUj3OzZBAIGWIGc5JPPONpHp7e4oXAznJJB3E88DI9M8HPX1HvSspyOo3ZB5AA2k4wSSeOp5Gc44IFNbAJI3HIwMggY74ByAGJYHjJwc9cB3va2uzT1/B9NG35+qHGnHl0d7bJN6fAlaNrttu2yV766jdx+6OV28dfmAIIGV7ccgHnHI9DJZs439N+TgZA6Kcn5ue+QOhDcYVVDHjOBuC445B+6eeCMY+9xnsTmpNmBkgHBwCRywz16LgrgEE5PbnBy7f8N0tdP3d7bW08905IhpJqz6aWvzXTjZWTvfV266XWjZXWXrvAYrnpgH7wAA9yTtP3vyFSK+4/dPQjnoB+PPPJ6YBIxjnD9g3LgZ4IyegA+brz9Tz0zxTSSNzE4ycjbxnk8g8Ak8H2ySeuC7p3W60snZJO61ts721W33MFTUumtrW2v8Kdl0e10raXvsSK/G49cAbWXJ6Z56gBQOh6DHPFPkkODgDG5cnoTu4yBjOOnUZ5wSA2KrqTuAOOuAMEkAn0OQDjJ4xwfwqQHCjptHBU/wC0DwCehwTn61ootW1SWi1irJWjonfW+zvLpvsLlinpf5r+u/d/hoMW5w2QcEcDJyc5ByffOehyBkc0u3adpVdoPAznGfQkkEEfxDvg8DAKY4JyDk7QMZO3kgAHOAOhPYnAPQ0uWOD2I+Yjvj09R1ye3APHFUrbt9PW/wANmrPW+umyba0umFnfZ+9rv35V02a1WuunQQDPJYgHCdcjC9RjqF65H8xzSY3Dd1JOOQcKPTk4Geo7cHGMEU8dQSeeWOB0bsR9D82D8vT0xSdTxn0GT6HpgAAYOOO1CttHt01t6f01dPUEk15LZavVcut7+WjWrtd2vZRiLbnABxuxknG4kA4HOB6np9CaUL345OSAME4HOcg4574/Dqak3AHAHGN55JAx0PfgAkn1LHHQgNJwCRnpljxxzznj5gcDjOc4wMmno+y9em1tN3rbTR6+Q5LTpronv1815bOzem10yJgRkHofwPchfoRj25IPGQW4PK7sf3gB04PJ+9nqCOuSx4wpxYLAnhhnb0xjGME85+7zkHt+eGEqDydvtg+49OeQAOc+m7NTzWdkt7X0b2t1SaTTs3qltrZaHKtnq1omvVW0s01v0v3bISvTIPykZGMDtjHoOMjt0I3dotpGR/CTk7RkkcduMHoTnrjPerJyec4AOCB3HGevf0B4PTnOaYc/e7gZLY54JGTjqT17dfUEVpFv8NL6N3t6dP8AJW0C2i97W3y0t997fjvrpV3HG3jvyOu0HJBAHUEkk9t3HPBiZmAb1xgg4yOAenGDjI9+TnnNXGUMTgDggbuMknrxxkYxgcnjrjioHUAEbCMEA8nOT06/eIPOST/IUJ63fRX/AC9L6L9SPgWut9eqs1br2t5dO1yHJORtyOAAQ3U8dfvY65UEfUEcMdB8wIIzjgZB4OVwMg9ckjuOfUmbbw3Dc4XAxkDqD3/2jkFcHuMZpg5BODkkAbeWYgfKTkYJIB5zyM4HWk9dUrI0jqrrTrvrsu9tnqratNPXVkBBzjOQT8xBAIJwFGPQA4+oLYJIoC7CSD8vGehI/uqQRwcdM4POeeKmxhTjAJAHIII2lcAAbTgAAngDocrjljoSccYxln4XaODnPBbGSBntzySABS2fXo3ppppa1+nzu+9x8zWnN5W5vy11Wi200XkMIAzx0I5PQ46jOePQYHX65MW4kkAbcNjkAjPPQ4Ocjr0/2utWSuMYyCAMnOeTjGQRwpyT+B75FK0QbG0kEgg47Z5Ax07dTyvQdQKfMn0X3dradNNPPR2Ek3br2062139fKxSIZgP4cHnBIHPY8c98njADcc8P8oEnAJ2ggjA4OFAx0znp15JxjGKmCFeCowxIJ/2Rk9OMYIz1JBOfYQlSR8uSOdwOFwSQc8gZBPp/ex2NC621srq/3ba3e1vS43F2XbW3Rq/K3a9tWmtrrW9nqDAKoAxkEZ4yrE9T24OOOvUZ5AxGVJY5KgMcjHI9ce55yQf0J4nCkKAUOcBTzwcMDgkHbxyCAeehyCGLgFy2VZQVzweeMAD5gT3JJ/manr11369t+/o/xBpJ6pu1lrdbd+ur16a3butXUMPAfcd3Ibnpk85A9QcEc5xx0JprR9NxAOMAZUckHpjBwPTuSOTwBdPl4xtBwAMY+ZsH+Howx1bAJI746xMUyB3LAd+D1wOMEEBu559gTVczXZvfW7sna3XbT/g32UYJ+V7W0bkm7K2q9V5NdUmVNjYLgDcCByxIB7cA5xjOOCeenU0xlwwHDEsMHHHGenJPXOMng9hVtgR5mMgk4JxnpnsfQc/lxURLKxyQpCDBIJ5B6YDZJweDyODj1oi303vt36/hbpZ3trohWjpbRdpPq3G1na/S9nZXGeV1O0jBJ69TwOg7jjP9Mk0oxgKVyyg5AHynjJ28Y69RnAJA9BUoBwAx4LDI/iJHI6kcjJPIA6jihiNqkZzuHGOgxwc4/j6dicjIxQk2lqr3ve93ulqn3893ot1dpxi1bVK1na9tkuum+mv+RTP8PAJJOVycZJ6dTyBgAggge5NPBYbs4w/IHAHDHjB9sEdQTwcHJqZgpOBksAcYHUkDoeuNvUEA9seiBTwMHcDyRyMNgc546Y6ngYA7qXo9NFa1m+u0dd+umjt6g3a7ulpbt27dHdXe199dBoOMn72WVvTGOnQnBHBAwc4IyoyKmAfJIBJIIJYbjgqO/HBO7AHpgZ605VAHzKQFIBLEZAA5APHPQqw5z3qYKvGDnnp6qcrjOeSSTnsTu6Y5lNLaydt997NK1na6SfbW91sRqve0vb+ZNt3j0u3d97dU2yNQADnAzwAPvDBIAO7g7sDuf6BRgsQU45AHBOMg8gYAJGQuT3Gc1IsQAPByAD0B+YkjkdCOvTg9cjjL2VRkYXoRjHzZOOMfgMHqMDtnNaNrZJK267Lr5X69nvqjRK8VJxXknrdO3R6LXS+j+QADD4A4w2T6emR3H19M46GCTDDAxkLk4GcE9RnHODjI+7gHoflE4Oc844OPXOWwMbcc+oPfrngVp2dQBjIL5yoz1yTxnGOvqffOSFfVa7bLp016b9dV1ukNu6ja9ox5VfXZJtavZNL0Vr72NnwuMa3Bnj5CV6dckk8jJwcDnruGCfmr+LL9uSMz/tG/tHnzAP8AiqCFJGDkzuSOR19eM9+TnH9pnhfP9socHAjkbnIHQ88/XOR93AOR2/i0/bPd7n4+/tGuAgLeMJEG4YJC3TKNpHTge4zntxXs5TJ+3bjut18N1eCbvq+j++z2SeFRSfOktOVdVt1Sa0u7PW3oz8hf2mYJIvAV+GcMoUccDbmEAZ2gk5PGBkjHHY1+03/BJEQx/sV+AYj9648W3ca4AG5v7RRjnnqASOmD25zX4s/tOwyHwpeQbjI5ZAYYsk7VgLKSAM445yD0H1r7Y/Zs/az8P/sy/sI/DbQbCE6/8YvFOtavJ4N8HWY+0Xwv5r8Q2d5d28YaSOFHkR41YDcVXJ5yPZrvWfO+WyUm27tWcXa17N67a63be7OOUJOvTcU0lFJ3s9bJ2el4qyd3ZdHrpb9Bf2+f2ztK/ZuuPEHhTwYkXiD40eJdQt4fC+h2xFzJpTGP7MupXttEJCJUMha3hKh2bY2NvA+d/wBjz9km50/UL/8Aae/anvTqvjvVVfxXbQeI51kh0K2cC4N9qIuCUjkiQjyLXgQxjbgEgVP+yn+yHrMPjHxD+1T+1Zfw6x8Qrq5fxPb2etzCbTvDdtcwvcmS8F0WjSe0jICRKoWELjDHBPhnxw+OXxX/AG+PiRffs3fsvLe2vwz0S4lHxI+Ilu0kGnzWcMoW4iF4gEa2McYbyYFcGchSCq5Uec2pSVSafOrRpQjpvaLlLR66atrRnTCCjFxaaV3zS1Saum0t9N1Zdb+d9743/F/4gf8ABQX4vL+zl8B7m90f4H6BebPH/jKzWSK31q1tHBlto50XYlpKE2QwhsSoA2CBivUf2zfhJoPwN+FHgjwF4Ysbe00uy+EXiJFjt0VUZ47i2R7iYDlp5ny8smcsWyB6fpx+zv8As0eB/wBmn4MeEfBXgbT4DeX8YvNc8RPGh1DW9Qe3Yz3VxKQZDGzhjFEWIUY44r4X/wCCmwcaP4YtxMokj+FfigyvxlpDeQEgZHIDfexwpI6EqB6+SwtjsM5P33Vi+Z3ejaTWmiWvyt8z5/OKkXhsRZPljRlZJNuTsuvTV6aPvufiV8HLdz4as2dsEtcBQV4A3ggL+gJ4yRnjIrP/AGkA0fw01CMsqB7i0UEDHG8HA5HBOACPXqc16N8D7Gwt/DFnJqF7ZQAwSTRrPIAzB2+YjJJIG3B3HcO+SK5T9qmbww3wq1JLDV7O6u1v7E+Vbnc6oGzIW5yATjOc9M5r97xOLhDLKtGKvJUGtHpblXzs0+trd9D+c6OGrvPYz9nOMXjI2bvG8eaLu9NnZfjaWqT+m/2cpLeL4W+FPMt2lYacmxlD8IEG3kHOB14B2/8AfW70vX9SU2sy2tiiILe6V5HAAJ8mTcR03YK4GTxjPOMj5u+BPxM0HQfhj4dsbwTS3cOmiVlj/wBXJGyKFQNzgkg5IwAD9AOk1P4s6XfWkgt7W5EQjuAF2keWWSQHcwBAGMA85BXO7msKKboUZKOjpQas3/LG1rp6XvsbYykvrVZuT5vbSbSV3/EVk3ZpNq+ujttq9I/2VoBL4M8QkqNj+NNXOSA/zCd+OmM8EHGOQd2MZr6J1x2jDxCNGYwklsbCq9CVwcMR1BBxnJPOc/O/7Ieu6FH4J1iLUvMDy+KtXnURgupzNlUJU5znGOFLZxu5+X661PV/BLiSRiUfyAkG6PkORyzf7IOd3XPGOMiuTD4x0qFNckra7a395Xei0Wq0dt3sdmJy91sRUk2l71O7bs7JRd0r9U29+vWzR8EfAKw+0fEb42SKiAjWLYAt/d3Ix64AY8Hk+2M9fqt4S0E4BRdiDc4UYJBOBgnBOPb068g/PXwQ1XQbD4gfGy6u5We1l8TRx28sSxqr7QhK7Sw+UMeSQeRnAzx77dfEbwFYxvBI7li7bwdocuBkjBf7pBHBz39ajLq6+qx57q9Ws7XV2pVW9Vfzt+dtUdGPwjeI/dxcl7ChG27fLRpK9tG3ZbbWdrtM+ar60Y/tP+DUIVw3g27KjbwWIkHOckZ54JwDkcCvsYnYgCxhVVYwSE4wrbSFzwdxBBICkEjgAZHyDqPi7wxN+0Z4S1xb/T7LSrXwncxS3N1cpHGshLsI5CSVVyDnB9sH5sH6Kk+MfwvtoT53jbw+j72BjW5jdhjLYXBI+mfx4rWnVpclaSnZOs3o0r3jCz013VndbXSZx4jC4mc8OnCXLHDwTlyvmXLLS6St17bO1lrf4k/aQkgn1yx+Vi6+OfDas4AA/wCP+EsAME9c8hsdc8ZA+7JWgh0zLmJc29sGZwpJIiUnBOSpzwcZyeenI/O749+N/CWqaha3ul67pl9EfFuk3bC3csYYLW5jLSum0fKFBbdjG3kkmvZrn45eC72zkU+IlaHZEiG3t5mdZFQAr3DHAC5xx1Yjitac6LxtaUq0EvYUoxbdrPW+trdHst7Lq2dEMJiIZdh4KlNyVWs1Gz05nTabdvn89dDK/aYmFz8LPFKmUBt9okcaqA5QTqxA25ypU8e/JzX0d8Mo4I/hz4MJePP/AAjmmKfMGGJFvF2Ybjx26+x4FfCXxa+JXhDXvAuvWVrqd+1zMttsV7KUx/LIpLO+AF3gcEnGe3y19AeBv2h/hlpfgvw3YXKa9dTWGj6fBN5GkzEGSKGMMUc/K/zqQrDHBLHFZSrUv7SlUVVTTwcE+S7SftG7aau1rrR6WT3ubQwuJWX04zo8svrUpa6pxcIayd782r0ttsro634mR2kmma05ABMiAELyMYJXpjlgRznOckjAA8G/ZH060vNF8WzTpuWPxlfgoEU71DOSQME44zg+vAHIrc8b/HzwbrNhqFnpeg+JnFy8kgb+yJhjaGIyWY/KCMseflzkKOvhfwI+LD+D9E1+1g8M6xqU2oeIL29jltkMccRkdgFfjh1DBWwOScD1O7r054nCWm1y06rXuz5k5Rg+ze+z8t3YKGGlTwuK54RadSg9XFX9+7u20+vrb1R+jtlpNjbeP9E8m3EIfQ9Rlz5YU8LIygkHbxk54wCOc5NfK37KcUd98cPjX5zxpGJ5ss4UKdtyyhSWBHQbcgrnGOnXQ0j43eLtW8WaTJY+BNTe5ltpdOgjmvFjLRbC0km9lO0Db83Ayfrivl/4feMvGPh/4m/E6fRvDTahfarqdyl5aS3v2VLF/NL43qP3oGCD0BJOccZ8uvOc8dQi1Wk5VGoe5PmclF7Jq6TVkuq7WenrU40FgKzh7KEeSF/3lPlSc4Rkm76JO+9v8v2r1e38OrBbiW50qMpCxBMkRKnaANyg5OT2JzwW68j8vv2hprSb4+fD9LGW2nVNIvgTCQ0f3sfeywLAgA8nPIye1g/Ef4uXw2y+DvD9vsARXubt5mAX5W3EMM5GM8nA9uK8M8WX3j2/+J/g7ULqy0CHVEsryKyggB+xqpceYZgWySM8ckk5OAOnbVdSnDDzdLF2hisP8dJpO1SnprZytey7taWPKp0aU3XVLE4O8sLiIe5V5pe9TaUnbRWWul13u9X7rPZysVZtxCgnao+UOScAjjdnd0z0444B8g+NtsB4JcZZGfV9NyDwAfPToOgIIIXPXB4ArrJp/ijLE7NceHLU8r+7tt4YBiOcYyemD68Aj5QPJ/idB42n8MhdY1nSJ7M6rYgw21owlE/mjy3LljkISOMDJxg4Jz7OZY6pPBYm2DxSTpNOcqcYpX5btpyba5brXp0PnMqyqFPH4ao8fhHKNVT5I1JNvZNaQabS0Svdq9rn0Bo9uJNKscxMQttaq+yNi3+pjHByB05xwT0yOoj8T20kfhjxFsjkjiGl3hyynJ+Xkk46AZJPQ8nPdfPbHRPiFLZQRf8ACcfZ4hHCQlvaqhSNo1Ma9SSVXAJJ9CM5xVbXfCviZdA1ltQ8ca1cp9huWkjj2pFJtRjhgFBMcnQgkH1CkV3yxmJ+q+7gK0kqGk5Tox09mk7e83bqklom9bts8d5VhVj1KWZUHJ4nnajTqt3VSOmsFrrrry3e59t/BLR4tW+CfgaGMGWX+yiMAAmUqz/JGcrhh1Hp3HAzFr+gXVtFOhtNsaSBAWZN3RhjG4Nxnkc5ycbl4Hwz8OI/G8ngrRJtJ8c+JbC0ywi061vhDbWqrIys0C7WwH5JXj3wM11N74Y8QXyJJqPjbxbcma5JlRtVOCeuRtVQp7MrDBIyQMqKMBjMZHCYf/Y5ShKhHlbqpWi4xSa0er3suvZG2PyvAvF1W8dacaslJRpSf20ktWldWte+rRZ+DiLaa78VFE0cEp8VOCJJo1DH5TxucKwB64zg4yOorr4pbJNWvnubu0DeeHXN1CQ5BwVwJSMdCQDkHgDivmr4feB9Jvr/AMXS3tzqdy9t4jng3G9mVpUUKd0xVlMkoz8xPUYGTzn0WP4ceEWuHaOwuJWVy5M1zcHgAHBPmngng5zzgYwTWGUvHywNJU8NRUfbVuWc6zi7+2k7aU7XWz11t0eh051Ty+WMcqmKrqShQThTpRmly0aUU7yqxu3u0lo3KydzvrjxNoul/GXw5d3Gq6faxweErlWuZ7hGtw5GBEXVyAzdQoORk7hzXWax8RPAMlwJrnxxp0YbJVbe4aQxM4ZWIwGyQckZYkkA8A8fNV34R8N/8LC0mzk0mD7NJos8pgeWWQNImfncu2/svG4Y6/MMqfUIfCPhhBCsWg6flRgMYA+zqWB3dQR+Jzz3FYZbHMlLM1TeEhyY6d+Zznq1TbaSSbSukrpNP8ejM/7NlSy2U5YmpfA0XFR9nTtBOVnJNzkpXV0lppe+rPI/jL4o8I6hqXgefSvEk+qx6dr63F5LD5jqkO5WJRSpO8Z4GSc+xBb0Gf4ueDWdcv4hu1QAj/RLjdnAB6YO3bwOny44Kjnjfi5pdhaSeCEtbCzgifxTZqfJgji3ruTKvhcsCcgjow+Uda90ext4d3l2VqpYIpH2aI8Y3A8oMDJBOOPcEZGOGpZg8wx6dehCV8O5qNOTTfIkkuaatZLs029bao6atTLY5fgF9XrSppV1BOrGMkueEt1BX3ur2tsup5R4s+Lvhq88Ga5pttoHiDdd6bJCJ3tpUij3Z3SOxGAqg557Ec4r0T4V/tG3Xw/t/CGr6J4I8S6hf+GodMv9OkaINZXE1kkZHnROhE0DgEEEc9CzDNZXxDj8vwT4p2JFH/xK3GI4lG5drZUkIpI4GMFR0GeSaueDZPL8JeH1UDKaNaKfkJHzRqcDrnAA7ZwQ2OlVicDisTiqmGqYqKjUwnLU/cRV4TnaUEnJpLVvRptvTYKeLwmGw1KvTwkr08bGUITrSfvxhCUZXik+W/2Xp1Wx9S/ET/gpf8VvjCYbXxR8EZ7WCxkW4s4NLmg063MzReVLIyrBllZGzs3YBLDaCK+D/BfjjxjLf+J9R0P4fy3UWo+JLy+eRr9YltZJJJGezchTv2E8uQeByORj2gNvYuzEgLlSCF+YLxySCuT6988jORy/wYbGja+pZFD+J78/NKq/elkx8xccMOOevPHp4+F4cpZVi8BSwuKqQi411pydoP3b8yV773emmm56mJ4iq5jhMXUxWDpVXGWHj9tcybdm2pRbcbK2vrdsuJ41+MepRPbL8PdJhtg5KLdaohAIzuLYjHHBIPQYGRgk15Rouo/EB/jDq01rpehWviGHS4ftFtcTCawjtQuUaNsgSSjA456/Ng5FfVz39pbMyS3dtjaNsf2qFdrNhWIIbHQntkquTg4r5zsdRsIfj34kmW7to7YaFAnnPLGI3YKNyhgSMghhtJznGM7sDvxeFdOtgY1MbXlGeMhe86ceVcru/dSdlpa/ZdNuLBYtVaOMcMBQi44SdlySlF+9TXLJOTbTT0Wr07nrlxrnxpvrV4pJvCEMcmUI+ylwB1IA34PGMc8kjAIIr5r8a2vjWXxN4Ytb/W9IS7kvWa1ktbDYto4zGSw3YYlSQuSMdq+m28W6FFGiyatYgEsB5cmH4OSPlHHXr6ZFfP8A8RdY0dvFvgi5h1O3eIX0nnupJVBvLFjhc8A89OhGOorrzWhTjg03jK9RKrSuniG0k5wSdvTW2y01TscWT1qv12TWBwtG9Cq1KGHjGTkqbcUm4vSVmrX1ukdgPA/i2aNPtHj66jG/BS3tVjz143EHGDjPPQ8gZAOX4t8E31j4Y1a4ufHHiK58uzU+WJVWBwzqpQoEJbGfUZBBBxgV6BH4x8KRKx/tNLhWdiPKhkfDcfw4yAOvQ8Hrzzxvjvxz4au/CetW1p/aE1zLaqkSx2UjJvEqgBnKgAH/AGufxBFGJw2Vww9duq5T9jKzlXqyfM4qyTc9nbRa9tdAw1fNp4ijGNONOLqrmSw9KCaUo7v2aafd9Vazex7H+xj8NbCf4+fBNr7xD4muIJfFmjySiLUnhYQ78+XGY1DAMcAr0KZBPNfeH/BdLQ4Phn+0T4O17R9NuLuDUfBkAFojSMw8m3RHl8wjmQjLtjPJByOlfF37GHiG5k+OHwXebRdVs4rbxPoIkup4RHboolT947EgLGQSd3TjHTBH69f8F2tL0y7+Jnwc1SMxXAl8Mz27yIqSqP3cBCd8tgg428epxXxkKdNca8P0sHP2KrZfiGq0m5cs1G60lZStbbZb2u9fsa1SS4QzupjYLExpYmmnQbUU4ScE1eLvFWad7NpW3e/85Phv4t+Er2NINRM+hTFsEX0bLCGJyFMrAAZYcHttZTkGtt5LS91/Vp7K4tr2CSCxKTWsqyRkFSpC4bLEdeR1JzkHaOyvfAfhjWYvK1HSrScFQFlSFUbAGV+ZQNrcHoo+nFeT6h8GLbTtduv+EW1vUdGl+xRXUQ81polcnJRk3FTF8o2gg4HQ8YP6vWrZzhKuEdT6vj4wqrkdNexrNuKWsXeEnZtNqS0um7H5DhsHw7i6eNjh41csqVaDVRVLVqKSlBu81aold6XT6t+foC2At3kKh8qikFl+8p4IxwMZBGOcHIyaWONjruomRGZf7M08jjByGYhsn64Iz1GMjofPGvfid4YIXUtNtfFtki4M+nN5F0V6DMZXLHH3uc+p7HZ0b4meGrzWruLV3n0C7fT7SE2urQPABJGzblVyArnn5TnaSM55Ar1P7Zo1q2CjiYVMHOniFOUMTGUEm4NJKesJp3WzffTQ8CXDGJoYfM3g508ZTq4VqMsNNVJN89KSvBWqK6unzRjdtpyeh6EYjLKwwVCAAFuhK7egx79QO5zk8ViNAE1jVwBkg25xnIBGBg8ckfMOT0ByQBiustZLK/hEthdW12jAbZYJFlBLAMQSrZyByD8voRk850UC/wBt62XIDBLVQCGLH7uMjg5x+YB75r3K+Kp1MTgJQlGcXVnLm5lKP8JpWaffs/mtD5PA5bi6eFzZV6dSnVVCF3KMk0416TcWreXa618ypJauo3BgdqAgFgwYseSAuPuj88dXFYFtHKNZ1vc+MJb5UYwc7Qf97I7dl5HNdzNbeVsc7SRgFccg5HJBIyAOTt5ABx0zXLfZ5J9e1hY1AIitTlRgEbxzjJ5OAeMFvUkVpiai+s4FaJvE6Kzum6bWnm1v59tjLA0XDB5t8Xu4SLajq3atRaV03bXWy0S6G3ApPlqJdimNlxnnhTxnrz/DnPPuxNcFceHNE1jTobbU9Ptr1X+1ESSxqJAWnYYEqgOME8nOCSAfm6+hW4VGRGjO9I5Nz49AxAGB0785IwPUCuWhLJDDtb5BHNlOvBuHJXPBwDxkncML6ZrXH4ejXxmHhVpUq1L2NXnjOCkpK9Na8yal2va7fqkPJ8ficLl+KqUMTUpTjXo8rpznGcdG1rful11f4/KPxh8Lf8IxpmmHR9TvDZXd1Kn9j3TmW1icIGEkbMflAPGSRjGeBy3H/C/xaui6xLc6zhIZhBbieONpREyuuWdV55I4P4hWztr1r9oXMXh/QX5H+n3ByDzxGTySfTbnnufUk+P/AAg0Ua7qupWQmjVpoo2DSpuVSGDN8pyNwO47hjoBgHDV/OfF9CGD4mxEMLB0aUVTcIRu4r3E7RjdNa3tZpWtof1BwVi8RjuGcJWxlSVetUjJTnopyjzxjzNrdrS7km27tu59r/AHVre++Nngy4tnWS2m1i6lt5P4WQRliTxlTnkDcc9eQM1+wH7Ss9smnatNdQ7Ir/4fxxRF8BZZDKArYzgnnGRyDzkgGvx3/Z98P3+h/GzwJp8r2s8K6ncSRlV2B4sNu3HOFbHGBwfcE5/Xf9r2S+g8MWUt7p5tEk8D/wCjzhsK8S3qhHx127BgEDORke/zVfmliaMpu3NLl2vFu8LK6sot6bu19j7SkoqnUUHd8l4tp6N7X0t1ejt5aH54aH4jgn/Z98ZeDpL+I6tY+OdKvo9NkYfahZSQCNpEy254VbCngqGwMsATVS3WSD4kaLCGUPHFpEZcYzt/s0AgBRnHbIJ4znBzXE6hBYJZ+JNYt7aKKZbbQI5JFLKMMYS7Ondm69+ucmvRZZrOb4paGkAQB4tBkEiHKZOlgkDP+0TnB4xjbngdHso0XNRcopzlNWbWvLDR+V0/8zllJ1fY6axioNprllHZtbe8tLK62+ZxWuabZtoEstzGxuLrxxq9srxEjEY85gGC+rAdTjG4Hb37Dw3eyaToPji3ikW7WbwXDbSKR/x7qGQEKc5+UkDuc+vAPLapI7aY+GMkUPxLvkEeAQS7SqSQTgZLDgZPBz0xWzoNq8dp48SdVYTaDdFl3kNHGl0ioQCeFQZCjOMA45yaJJyXNdp3tJ82j+BJq1790ls/PRRBfZTeySltZXWk+jV/VWTbasdnp2owLrtoPkjY/CfbhSCN62+MlgBg5ydpI6gYxiu5+H4XT9I/Z91SBYfObxLqu95GBJUyMoPOBkE5Iy27B46CuWsNFsrzxLFDZTJGkXwhS4kcuDlxCFKgE8EtkfioGABS+BNUlmtPgjpLshjtfFmpJxk8SSuoG7AAJIH4tnnmsG9Pdb7Xe6dpJW0V0tWvlY6aUXFpPbm0aejSnFtbvZ7b3ug8WeG0v/Cfx58Uw3pmktPiBbpNbbdokEhlBYKQcBSBjggYyAQN1eg6MiX2qfBoyTwzv/wg19G1uwA5S0kKx5wSuBgr78Z71yviK4bRfht8ftMdA8t74+tCcAsVi/eHlgcgk56NkKRkcLUvhi5Fj4m+EKAGZU8J3r4ZssfMs5SUz/dJx1JIHYjo19q7u+aV9bX/AHcbdtU+npo9joTXtG1dpxi97tPmaSflZvS+/TY848MQCxsfA13DJ5RPxB1eJ0cscHz5U6DgZ3cYJA2rtxgV0ENmLOw8Vz28kDLH8QbI3QXBlRj5nIHUgHdkjqCp5qnY/Z5PDfg+WPak0fxNul2990t3KMe4HGW43dMDIqnrFnfWk/ihklbafH1l50KHAferE7gMhuD05Gcd+F2qK8d/tRadrtJTvdq2l72dvvd2lVKOqT0TSu1s218XS7062+dz+nv/AIIGyLL8PP2iUDBvN1fRLpcYPyPNKASOwO0jp2xnPFfudcKATtx0B5zzu9fb0+p9Dn8JP+CCLJF4P+PMMQI8618NTOpx8rm4uSyhf4SOCMfhyMV+7lyhLMfRfTJxgd8ZyAeBnoepyBXzFRtYqrzc179V2VNLS7utXZ9NH3t9ThnbDU4O+1r6uz0aenW/e+/Xco4GGyVz93jqNw9MDHGeeRx0zjETB2YHjaQOBjkA9ev1AHQ4x2FTMgIXhlJIII5GcjqBjHHX2zwMcNxkquAABgFeuDz0PTAI4B/EU1fdd9NdXeyf5q99L7aFaWd7Narzd7d10+XWzIAmehxuJAxyQCOQcjuBjnIByoOCcIQVIXgZGCCQT6j5hgEnjnHQ9BwasFQM7Vwq8gfexkcHn16n2yKhK/NxtzgAEncOc9TgnkHBG76c5o10sm9VpborapvbXdrfe3QmTX/Dv/gq9uvddBgJGQ2M7cAjnjtyc5HXqM9RTSuR02ggjB4PHDe/vj1Izjg048ljyAvAwp3Hjg5I3Ac9COnqOAnPIOMgD5R15/nnsODn/gVaJpWWzumrxu9lZW5rJ/L3dEuhFtknZ3eqtuv7rb+/Xv2aaQCCNoxjjnphjk5AzgjHXP8AtHHWLA5BGRgNwSp52g546Beue446kmZmyOR0O0AjqBhh0yG789iMduGjO7OdobIOQD908AEEZxggDHzHJGMVST/m6xbXIv7tn102ul9q49VZc19r3W+q89lo/XrfZp2HOA3IIJ+YgZHpu7nr0HU5xUbxsxxtDAqB0zkgAEntgY4ByerdqkB34bPckEA85JBPTHOc/Qc4yakCkgfLtO5RtHJ699uRz2OSAeTntomrf+TSav2itbddJafNoabjqtXy3du75dXa6s9fLyuiFUJJyOQCCV56E8YPqAf9oZBx0qYRjgKeQvzBfl6ngA5IJIKk4xg5BGeQ9guc7SMHoOhyOSCxySecE4ByeM1DyCc9yASfTIOQSBnOM5I57gkjA5Sb0kl3Vm73cVrd97tq6ei1E7NJWW97JvTWOmtuj67b7tiEe+cDGAMHJPGTyMevoe3cpjLD5TgjIUE8n7uc9h+ecduTTmIbcFxnOemATyoIOTxz9Mg57gG1stnOTxhQTkcZ7D+71OSDkc8EpS0tLa9k3306ty6t2unouvWOVpaWael0trdOr08vusRNuHIVjgAcjPPHT7oOMHg8AEjNIQOB/ExY4zkcZ5PvwDjpgj3FWflYABTwDztx0B+UjJOeg3DJyKjfBcHDElWJ67TwM4GQc5wM8Yxk4qtH2XRK3RWbbWiV+2+l3uCunba7Sb17p915Po9Smy7sYJ6Hgc8cAcY7HqePyYmlAz6LldxBGCT2yemefr3z1p2F3H5m6kLjkA4AOMAc9wPcjJFNCnrliQSCpyAVJ+XA47gDBOQBjjuJpp69t9HrZaK11fda6a+aRLn0tJJXs9dF8LUl7rs1dNa2+JaaDGBOBgbsYJAx0J+8cc49OgPYk0wg5BJ5zu9MDp6HnaCQOBnuCSKssmB8wAIJxggg7jkjgen178kdY8AL908Dbg5IHqOCPm4IIGPT5eK0Um76u6+57dtt/JvX5pXvr2XXfb3b7ad/+AMCkEA7e7eoIIHOOvfnsOOc8UoXB4I9CDg+vGcAHPpnnv2y9gu4ADG5QHwDkkL0U8kZOcYPPGfdihQNxXuck+meQAcEYPUZ5HA7EibXXbzd9LWVtrO9tbJJtvRFWirbX63eu6vo/wDgK2uuggBz6jLY5BXoRwT0BI4yMd880xcg54HUEEHoQQe+ev5/gak3KQcBflHB59wQcY65wBnjkAkjh+c7jg7hxzxtyRnPH3hnnjO0gYxjMuSSXkrer00btp33vZO71V5vF6L59Xf3b3T+y0tvO/VWiHPzEKACT0zyMHgE8kcEgYxk5JXo/wAvI+XBB6gDaQcE4HPGRyc8k7vQGg7So6DI9cAEE5wDyeD3PXIA5zUwK/KOSWIJxkDA6kZ+uflOAc9hipk5WvFXu9eqvdK7t9z1S81oUk5NaaXtZX8nqvO7s9XtrrZRNEyk4AOQBgEEDjgk43c9QMdQM+pYV4OcHkZJ6jjnJPTBxgYPXPYZ0Ap4IGccbugAPA68t+nGB2qbykx90r0zkE9cAnoM5PORkjoPfL2iSV9Gmuqv581ujsn0Hy6pq7Ss/V6bK/X9NNLGJsOWBAySDj2/+vzntjI9aRVONoGMEryAPlBzxkY/HvjHYY1zCGD4yMNgHHQADAbOMcHqemM44qEwthQQRtU8DjcCcnj2Xp+fFaRmpJ7ecX1ejST/AD6r7ry/eskle/zS0s99W1o3uu1kyliQADGefYHBzzwBjGVOM8n5u2Q0o53A53HGGPTseDwcckgHJwvGOM6AiY8bWHORnHPHt29xnPbrwPCeQ6dPmA+9nPIJU5Bz2xx1+tL2ii17qVnpaz1bj6d91pursai33311Tte11ra7tu1f/LKaNlJBySxOSBk8EKG68luuNoA5yOOInQ43KvIBOceuMgjOD79SOcZrVKA7gAcFsbQB06kDJyDx83PXK9zSeUVyMZJwmMZBAJwwzjnHf9MjFaqstHy8t7PZ2s7bX6Lm3va9297sVNO6fNqrvTTXlSb0T210XWy1RRSHK7gFBO0A9MkNwx7kAjAJBHXOMEi2kfVlHIO4jI4J4JHXOOw9CaUKTx1K5LZGOOxP0PTPHU/S1EgAGQRtIyAPly33i3PPIHFRWqtaLe973v1W+miauk2r3uXTgou/XS62Sd18lfrvrrs1aaBGAySDuGSRkZI4xntj9eR1q2sIcqDkhuW7Y3c8Z+nQnsCQDUWQTsXIAAy23k5xlR6Hj16846Yk8zYFxjO7avy/wqCR6c9OT1z6ZI4JOcrtWvpf5WvbSzutOiTf3dKaja+uqWrvvby6b+at3H/Y0JBXA5IYnBzgqRg9c8Yzng884JAdOVhlTtbcxHUHOD044I7jn8uKUSkgEDLKGJ6+2AB17HcOAM9qekx3bhkAEE8HbnB49Acc84OBjgHnB+1i783V697W/rvbX03jKlLem0rp+fTS+qV72uvPTq2jSxj5uWwOoySxIyTggE9RgnHqNuKtpp8aHI5wB0AOMddu3/6/UH3LkuM7Xx6nByMkfLgYGByCTnqMtk8VO1yCAAVXJBLDgZOMcZ4GehxyR0wOeeUq0m0pu1/Nuyt6pbLv16M6uXDxSvGz0Wru01bTRX0ve1+vW1lF9nTPJ3BAOAoxubPIyM9snBHQZJ4w4mNAVYA7cDGCRn1y3B5znrn35pd+QTgYOOCQASD2B6ZwPXucccMcoSSMgZDg/wAPBwTjg4yP8DztojdbybWnp9la9PS9+2u5N4dOVW9HfW6ts72007PzI3aMliqYBAxnBYnkYwR8uCPQk9eg5rnIYghVU8bQpyTyQRwMc9TwMexIE52NnkADB+73POfTuMH1zjjACYDEMoyCflBIIJUjJ74ycY/MbsZrakkm9Ho123VraX87q1+mrM5tO9uWzdvhv2vq1ZvrfbV7aWqMGIDbVK/P8wGD0x1wSOSOScYHTGaMMVHJw/yk45AwdvzHGB1G5cZORjI3C4231wMnJIGCNpx24Hr0568jbURCtlgCVA4wdoyOBznIAOPXJ45HFdDd+WytqrO7vvFrbZvrstNrPTns07822rs7Ws2v+G066FCSJmOQSQBg5I+bbtxx17EY6AgDHFVPs5YljgbcMvRWY8ADPJHT7uR0GRxldCQvnaAGYEHOcH+8ec45wRycD05GK5m4xjBA9M4yTknHPX8M9+Sa2g7PS9nra/Zp6vR2/rVmLlHme+iSXq+V9Fe19d9VZ7aOo0KnA6EEk8nA7nPOOCc4AGDweOKgeJgc4JAwTnAxgAHgdc4/Hjoc5nkZjuOT1JySOBggHPqO/fr2NRgOqjC5B45IIyTgg5PGc456dfY6NSSVpf3b3aatbr8/Nfrk+1r9L9babtWd7tr1XRELYYYDA4GcAjBB6dOpGeep7cVXYZbYQANozgjPA6H3x26jgdsCw4OSMZOcFQcKAPu9Oecg56EZyPlFV2fG5lUk5OAQQOuMnOenHXJJznrzrBWWmzUd5Xu04t9Fu0+qbZi009dNmtHtp1SWuvz31IXZd2SPUjHU8YHIxyAAxwMZI5qm43HaFHALAjkHJ3E5yeQcMeRjIxjjNh87vmBJbrjAA24YjJz0AwDjPGMDqtQuzH7oUKSeTjO3kHJ4AwAckjPXG0AHspRel1fR2sm1fptdXs3dnNVlpdSt0/mVrp6LTXS++3ztRlUNIWAwSMYJzyDwMZ+76DvxjJ+aqjjG4gAtkYLAL65464zjHc+3GdA/dycbgxIJGRzkjPv26+vrUR27SSM8kjjknpkg8jJGMdTjIAHA7ldJfK2l1pZa2dnvf0fU86UJXfv2XnfV6bWT2Vt/w2M1lJ4A3Ekk/wAQx3+YjnGAO/QMT1FCrk44yR0BPII25A7nOMtn5uRjJJq0Tg8oo+UkKOuCAQSMbgBx8pyOmc8CmYBPYkjdz0IBJJ+mTnGev0FUtkursn+HbfVdn3tcXKlbmaa81e2i77Ws3/SZVxxkALgbfUZwCd2Aox1GT1/ACmhGIBPByBnkYUZ5IHfAG08nAGeM4tnYSFwvLFsjOB/d6/XPPU89aaQq4OcAAH2OcnpxyQOT3HXpUKS5mu6tfTyas/066EOLV5Rk+7t0emnmlbV6N7tdVCqkMoGQSCcEcYIHrkE5GcEehPak5B+b5iRyQOB6AHPAAJBJPy5AFSDDYIJPO0AtnvjOT0OcjPT9csHzBiRgFhgjvg8DgkjGQDyQTxkHg2uaK0urpLRa2bj1te22z2fnYTlK0XK7fe99E1skum9na7utbJJgOcLg8FhlRuJ5yODkEYHcc9flAOJhyME4Y4A+XbgAfxYJwDyAvXtk/wAKkFl2nPBD5wSeRngYOD0wODznPSnqmzlicbjgctgnjHAzjgDoO/QjBm7fm7fK66XfZrTt16FQklbdNvraO6Wlk9rWenbyY1CRtVuG65xknA4Bb+9j0HqRj5jTwzbsHgfMCAPm29BkZ65wemQOCMZBXYrdiTxgdBjgj/ODt/QOWMqAwwcnI65A2kBQO4Axu9eSSOop9uV/8HS+mn3L/JGsbJttabaRT6q9ui0btdaP1TTchgCpChQ3UAAnk8DAyMDHQnJJUcjC7Qyg52kAnaOFxxuJyRwQQMAgDbn2p7DaVJzgHnoSpPO0KfvH6ZycHGejMAYZiAoySrAHJOApBByxPQgAAFTk8/NbUtNWm+zWyslbXVdNNbK+trvRxjJJXSs1u1rouayet3ZWbaj0TW7a2QMM20H584BI24ABIOeeuB0Bx2GazR7ioYkYzhcnJByec9eu7gE9MEmpHIJzzwMgZAPIA4B79cdevTrRuA8tgGAUZU4GSRk5I6r8uM443Akihcysu+z33aS93Rvp2snuno8ZfC02r3S76Ky3StbqrPv5WqtkKONo5zgHOBlc4wCfug5HPXgjmqpOfvK3yg/w4BAI56/hg5zgdCCKvSHchyQOeCeTtzj065554PJ4xVZ2zubACgAZx17AlcdcfLgc57962Sdkm0vn0sm2lfzv0VraXTZg0ubW720as1ZrbfXVdtN1ZXIH+/u6gPnIBBIPAzznAzz/AAnGCTwaa/IOCOc44wcg57kg7lxnp3HXrIzEgg4+VAOp4z0GPw689v7vMROCcgg8YPBx6gkdAMDBHGRz97jZd7q++1l9z2t2s03pbW5hZP4del3y+7e130b3Wjfpfoxh1OFA3deRlhgnA4OcHnJ+YknOGNRksTuADY4IGBlsAdPT5ScY6jGRyC/cOxJZskKeTxxnPUYwOucnoRRgklgOWXcGz1HUEEDn7xyOPXdVJ3abSurXu9LLTZK+i7bWukS4tRa0k7q7vLR+4o2v8TejbWz+SbD0zhicDIHQZPbPb09B3pwAySVA5GQeoHfHTpjp/skHoMrgIHwSeOOTjJwO/wB3nPbgYycZy9FQ5zhmJG4ZClTzggkcjPY8EdenG0bcllK+nN8SsrKL5b/Z1enR2d9DCUbSSSvt6t6Wvy3fyur6bPQPl+UryA2WPU4xxwCep43dc+3IlHAIK5654GMkZAz/AHcA9ewycc075cAZ6gAjA7NkHOcggcFTktycgmk3bd5BUHqrdCRz6EYyDznBI9xSlF21s1ok+Wz0ile63WujadtLWaaGpaaxUtrae90Vk7rt1Xy3GsCVJbALLliR25BHUY4PGQev0qEkjdzkZBwSCuVz1B79OM8nkDlhUjk5BAOGPTgEgdOOnT1/XrThtba2G67uQD16jHGR68Nk4G0cEzz8qTt1UmrcttY6LTRXvpZN+9a+t025yUrvtqtdba6K/wB17q616x7Nw3HnKncRgjgkAY6cAdAQeOM1FtdT2wSBuYZAHBbcBjpnjHPGT15skpkjgnJBGMYIzwPT3PTg+2Rlzg88nOcAY6nt0OM/UfdPFUm9dkuZKyuk7vTV6Pe9/LXdMG4x0jZWV30u9L29L9FfR6XViltChzuyCSuc8ZIOB1OepJ9vYCmsp6DI+6QQR2PQk5OccYOOOAcn5ZGUmTdwMtjC8LkZO3qcbs8sW4HZs1IEBYHkggkDHqM4DZ4IA56E9OnNNrX+a9nJXut420Wj1Tvff10D3nstlrbWyXLdvRWv3t6shCsfu44ILDoRkdAMHqMg+3Gc5zKI8j+HG05wDgZyPvAHPPJyMDtyxFP256hiRjjJG5gQcc9PTHTJIIxihmAB46ENwQAQdoGMDOBzxyCcYq1dtJfNt9FyOy07q1mm7bSjdC0S2b1V9trx27W9NUnt1iK4CY6Icnk5GAWPrjJyOB1GehqE54Y/eLZ6DAC9scc4x3APcZIq0WAPIyScZx1yMt37jjn6Z5xTWOAyrk9z8vY8EEZOAB0PPoBzRKaVm7WUY7a7W66ei2e8vJEE5WS62t5LTyt+mtrq1yMAYLBcknLZ4wuAOepycE9CCQB6ZjWPnjBwckZ3HkA9QOeM9MnPHenFlRSOoyQxYHcSQck9CCSwJIBGfeoVPJI6dQSduRnHB6dMHg5boOeBmubW99XppZte7b7ul+3dWKkrcvp5d3v5q1v0PSfh5lvFvh4NlgdUtyRwT/rOuCATnJ9uCRx0/lG/buiB/bA+OiqwQDxdfrk4xh4ZCRnPIHXk8nOOvH9Wfw7kK+K/Drkrgarb5xjqXGM55Oepx3z14r+U39u9mf8Aa2+OpaPdu8Y3xLpztJiYD1Hyj+R6nAr5HiGmptJu69g3BNK7tyq7dr9dbq/4JfUZNUccNLT/AJf01feytHXZ730XTZFD4hePrbwF4f8Ag1rY09tautP8CXaQ6cmV82ZnKjbjcQQmDnIAKg8nBr4e8W3c3iiWDWvEFzZ+F7DWWutSnjDrHcxRqHMSXUzEbGUc4JBYZAXHX6d+N2q2fh7wR4B1Wa0udRl0rwDJItpCpJmluWWCNQQPkJZ88cnkbuFr4Lvfhz4s+Jb6BfePbyXS9GWCeWw8MWTPHttsMyG+ZfmZ3XG5T1zgA8CvB8PsfOhkVWFOnKrOpjsZGKi7RSlX+22u1lZ6enTp4rwka2a0pSlGMIYTBNuSbk706atGN0r3er2svm+f074raTomhXnhr4U6dd+JNXu9Ruf7S1os66dDOZiitJLgCeMjlURkBwSQc4Pc+Ev2cfEXj26PiL4q63Nqnkos8ehQytFpttE671Tyl4c8AEMpJyMsAQa3otL+G/wj+HMJu5NP0JZdSlvts+wXd95Uh2x2iAmWc44VD97oewrw/wAe/tfapPpt1beB4/8AhFdNeIwTeJNWAS+mSNdobT7NwWRgMgHJycY5Ar7rDYfB08NHEY+rz17c8aCfupyaaur2d00r9rrR3v8AMY3FYmc1Qw8eSnGMbzirOfupW5tUu/LTV1stVr7b42v/AAL8I18JG8vrPRbKyubhhp9qsQvMx5SLyrSMli0nAUnnknOOB8x/Ev8Aau1y7insfD7nwroxMipNuEmvagh4yqk5tEccEHIXOQcHj4713x9qniW+j/sy31TxTrF3eqsut6q73BWaVioMMbZSFCTuRUHBK8jGD9QfCb9k7UfF1zFrPju8lutxWZ9OQsIox8rLFK54zjAKjHCgd+SlXxWMlOhgKa1avy6QjFqKtKVltbZWdrq7R5ddUMLCnVxTUeVJR5lecr2ldU2nrd7z1UbO1j5c1TW/GPjFpW0Cy1C5ea5RbjUUMssiGV9iyXd+5IJO8fLHtIOcnC8/Vfwy/Y+e7e11Xx5cyXDuI5n06Ekx7nAcfaZmJaVyWBfJJx9RX2Xrnwq8M+DvAtzZ6PptrbKk+nKY7eJULL9oiB3uQWJOO5PfG0EA/SVj4WRrW0aULFGkFqxjUKSR5Ee0jBXI+XpySOoGM17mVcPxVWpPGt1pwjCcabVqactG3e19kru9l3eh4eMzlypwWFTpqU3GT0lOXIoaKTuo3Tu0nr9x86aF8NtB8NmWx0bSbe3jtNCvrgJHEqhSlu4XPBLEcE84yTiuv+F9gsHhjSmZAry2z5ULnJeeTngLx1AySeTgZxn2S6s9L0671guIoHHhXURCrDdK58k9EPPGeCeewGBxzfw60u9vfC+hy2sK2Ns9o7SahdgFhmWXJhhPUnAOeoOCQOCfoMvWHw+Pqy5YwjSw8YxUVZXvFPRdl66dtW/GzWlUr5bRSlzSniOaTk7aclur1evRbt72ZvrNb2Swm6kWAFkCIBmZ2yTgRj52LDAA64XNeO+E7PXpfEnjxNKtRpyXPiEy3Gq6goxZxsi7GitcZklZenIC8E4zXtmv+JvAHwzt/wC1fEOp2kVwCGS81F45L2UnJb7LaMTtX5eGIG3GAxIFfn5qv7SXiDxNrfizSPhHpN3qNxrOvTSJqs0JMqxkKheJcFYIt2SHbcuBtHFY5pmtN4ilBT5XFu1KHLKrLmStdWsm77dPmzXJ8qlGlWcqalzQj+8qpRprlknd82/LbZ6uyv1PrTxPrHgf4bQPrHiXW7U37Bna91SSK4vppPvFrS1Y/uYmx8o2EgZ55OPji/8Ajp408beLNbtfhhpMtvDqcEFoviLUA4MMMLHFxbhgmyM4OwKMBiCD3HVeEv2bNQ1+7Hiv4u6xeeILyTdcjRTO7W0RcghJ5C+xgpONiKMAZ+Yk49IttL8NeGvGt8JFsNH0fRNDtDG8pS0sYohI25ScDeSoO3qxfqeM1405YypySk/qVBzbumnWmmrXnLaPu3vrpdq57cFhqT922Lqcul01SVnFLljFK72aWiSS0a0Oa8A/AaCS5h8W+P7qfxXrnmqxn1aRms4pSwJkhgdmUqmflOMHb0Hfq/iTrXh/wzrej3GpXtppWm6Zol1HFcSskEQZgQIraAYyzAAKFXODwRxXmfxR/ag0q0trqy8GRxeTGpjfxJqrC20uIoCCbC3OGvHGMrsVQwHPXB/On4g/FjUPGGs2t0lxfeLdZI+zxXl8riwtmdiFFhYgFdoJwm4EtjHHUefiMZgcLTlGj+8qqa97dzblG7u9W3tZJ2drNao7YUa9ecXK8UlZu2qWj02jBLp5732Pon4j/tIGXTdT0/w/DDpWh3MJs31bVWV77VNxZGjsbEfOI5AzDzMcqePf5tm+MuqWyB7PZKsSRqU/s2U7UQDGcjBIA69eeneuv8P/AAA8SywaR418dC4iW+13TrfTtMuomDSpcSoS8iEbIotrDbGFGVIP97P1X4g+HmhaZb3DR2FioM0cBAtIwoUbVPOzlRkgk8jPBJr6Th7Lc/zLD4itQxUsupRlFpct5Tuk02rpRXZbvS+jd/zni7POHcBjcLRxmGjmlW1TrHlpNOKkk2mpu9r7L5s+B0+MupzXV5MF1FvPaNnjsYGt4i68AsQrYI69VGTwvBxfPxU1yfldH1ydmzgNcz8/LgZKouD9MZBORwa+lNC8KaTHea6Y9LgcLfIsXlQxkLhMHKqhIyc5OemMA13J0AjyxFp1qi7QzOYIcjgBc/J15GeTnJOT3+mwnC2e1sPGbzqcW3NtRpN6uab3mldvW9l2ufJZhxtw3g8S6UcipznGNNtyqKLs6cOXaF9ItKzaWnTp8Vy+MPFN1BOYvCepurxHzHkknYpGchmJIAwDluh9B15g07WPiDLAjWPhe+aEZETGSVogueoVWAyf4iDnPPIPH2ZqWnSLYXocQRD7HOo2RqMkKwwSBn7vTgc+m2uS0uDUILSwgguLeOPyQ6BkywyMEnAX2AHAIzkj+LOfCmOWLhTq5xjZqVKTfKoLrCySd0ovV621Xc2p8a4CWAqV6WSYOEY14QipuUlK9O9/ds0+1n1e+p82ufircMoHhlkBzjzfPwASOWBc5wT824D3zyaivPDvxSNncT3enadbW6eWxeQnzFLSLtADO2V3fTGD1Ga+qzBqkhy2opnBBCA5GSBwM4BBIJyRz/CeKxvElleLoOoytqTyKrW6GMAnLGSM5w2clTjC4A4xgECjE8HyWHqznjsxqckJO0qlNQd1HRpQvbvZ99bmWD47jPE0KUMvyyjz1YRbjTquavKCdryetndLpo9NDwa28C/GiaKMpeaXboVVowjqCEZSULFxuBwfwP0wLQ+GnxcmbbL4ks7dSCDzEzLnrtxzntnryOnNfSNh4cupbG3km1S6ZHtoHIjyAmUGAemD0OAd2Rzxyt2LwhHOXC3l9IT8pDOQPm4XJzwAc4285A3DjnXD8CYacYOpUx83OEW+bGciTag37qS93W/p13OXF+I+Kp1akIrL4qE5JJYJSd4uKt7zu9Xq7N7pbpP5U1X4U+O4orUan4uimSadIECRxlkdwTvAGSDkcH0643AVPF8ENflyJ/Gkysp+ZlUIOnsTlsjGN2MEDPHP0L4k8M2+ktpLF55ZZdUjhKySswCqpAYA8cE5bAG0bTnPS+NKhCuwjLB2cli5wACvTPOc5Ax9MUqXBOWrFV6dSlXqKHs7e0xNV6tJ6yT1tfXfVblVfEHMvqGFr0qlGHtfa8yhhqUF7s4paNNq13r0u20fOq/A5FBa68Y3soydxRjlhwCBtbOAfqRnjpzG/wAFtBjv9Lt5dd1S4S7E/mS+e6+X5f3eSwZC3T/Z55619GNpdssTSFVIAZcbmA5z0ORnPIJIOM8Ak1nX+i2Ml54YidCq3D3QkVCSWRdvGRnOTkYB4POMDFdOI4MymjRjNYOMm6tGNnUqSbTnC/xSas1pe3Xpc5sv48zzE1pU5Yx8jo1pWpxpws4wfLL3YrRNWV77WPKIfgr4KgRzcX184bcWaTUfmbB7jI5GDxwMYC5wBWjb/C34Z2yBpVllJUg77okgjHJGFBB55zg5PbivqrTfh74fu7K1dNPLr5f7x5GYMz7tpBIPXPXk43A4PWr954C8PW0AaPTbcCPghiMsQR1JPIHOfUHI7ke1T4PyqMYyhl2B5Uoq04OVr8r6p6KyvZWvd9z5qt4gZt7aUJZnjlJWXuyjBXvF6OLStZpfmfHsXgX4fReI5bRNOgNkunxygvMWDXB3DDYAJJ5B/wC+upwvVf8ACH+BI4o0j0SwZzn5hufHHQnBB5bnPXGRnv6xYaHoknj/AFi3m0+3eCDSbNootpIVmLZKqducknnk+uSSp9Si0fw+i7E0e33hcBjCvytjknqc49z16sRgzguG8BUVWSweAio16kE/Ywv7kowtqkml5y8jTM+MM0pvDRWOzGXPhKMqjVdpNzje7V3aVnZvV6Wa11+YB4f8KWkSxxaFZbh1K2bOckZDBiAG4HXqODg54oeGINMg1zWQdGSSNkjEcaWAkRSAG3bSvGT1OAMhiQD0+wYdNsFlPlWFq2FIUNbpgYxgMcEBeoGVzg5AGeafw70K1u/HPieI20QWOO3LxrEm1VkZQSm4EKcHG35ixHbBYzjMmwNGthIqGEp+0r2usPBL3YOydmm1zfe1vpc2yriTH4ijj5VauLqKOFi4qdeb3qUlo9k7t62vuzxENYukSR+H7hwSMeTpQUjk8E7BnAxnJJ4wBiugtVES7o/DOpDarZb7KkZOA2TkrkduR1yDt6CvtQ+ErPHl2ttmWJSUUwgh1BzkAdweNo5JyRnHPOap4ZvFW6MsAhRIHYlCqMp2EHd8uQozywJx0IyK76OWUJRlGFeiuS1/ZUoK3w7tXav00d/Q83EZviZyivYVnzSilz16q3av1Sb0S7p2aPjnwfLNqNtqDWmhyyBNRnBLsqsjhmBjYbThgQRjjGOenHZNY6wzqF0iBdqkhZZgdoIHLYAw3y889QRgEVsfBixgl0nxFHOpd08R3q7t+QQJW5zycbeAerZy3cV7PLpun24DeWpOQDuB3epYDPY4J6YAzXs5LktKtl+HqvETTlBtqKirtTav8N79WtUfOcSZ9iMNm+IoRw6dOEqfvTnOV1KEHZtyW3fp2bufL2tT6rbW+oxSW+nxFbSRsAszAbD0Ocgqeen8s1geGrfWJtJs5rY2UUbK2N8W9t4dgxBJ+8eCcHHQ969O8fQW/n6tJGoRBZyjheAwQkjOccgHPfrghlxXP+Bokfw3YEJzGkxUgHJPmc59hjGCG5xx1B46uChDNY0/aTko4ao1ZpK6qU1drS9/mn6I+gwuYTq5Eq7pQTljKdk1dNKnKz73tu+/bZxfZ9dEfz39oCWYELbDqScc8KByOhIAGB0NZtzY60tnqhm1RQgsLhmRItqsPLYEZx0JAyOh5XHzHHoqwfIJiOCDx5eMHbzncCRk8k4OTnHqcfUmjbS9XkcAZ0y5G3aeQFPpnrn8Ax/HWtQowjUTlPm5W7czbsoq3W2r876X2uRhsVUcqaSppOcHfl95XnDXZNdrX3TXm6/w48My33hXTZ/tj+WY5WMaAA79+CeccHn6EDjFd7/whUEh8x5LllG3kqB05xwMDqDn27FebPwXMcngnTHHlsTFLuO0kAhjnkYAOcnkD1BGa9fmgVbZ48YLcEqueu1flyctjrtXOSe2RXThfZrB0FJRa9jH3Xskoppa9He2qu0vmeXi/bTzLFNSnb6xUejbb1+HskrL70k+h84+KfDVjZ6RqRVZTIbCRgHfOSVbjnkHrgELye/ykdd8OPhnp+q+D9K1KW1lcGBEkf5iu9zwoJxlhwpxnH8XYVJ8R4RFpV6Y48qLIxlif4icjHTIHOfUjJ4JFf19f8Eef2Hv2Zvi7+wb4N+IXxU8FWHiDxQs/iG4O6Zd1xFZRSPbxtHGwZkQrux8oBTJI5Nfl/HvHmB4BxOFx2Nws8VDGzeBo06TpxalaVbmcptRty05XTd5aWTP07hXgrHcYZfiMDhcVSw1XDXxdSpXUrOPuUl8Kb3qLptd97/yly/CjR7Dy5JdIJMm0DzspvJX3PPPOeQc8A9K8I+NvhWz0TwdfPa2UMb/AGy1YeUFDKhkGA3fb/CT6nvX60/tV2fg7w3418Tada61oOn2tl4l1hNL0W2uIjNp2kwXLrbxXABZg4jQYDNlQB7ivzB+OWoaXqPgvUprDUbO6d7m1xHC6s2yOQBtwxjAALHGAMZJ7H63LeIMJxBkDzClyUYYjCRqU6U3FTSnFe672V+l+v5fGYvJMXkPEFLA1qc6k8NjYU3WgpOnKKlGLku6b2uk0nqlbXM0a0V9I0zgRE6dA2RgEnyxjt17HG7kAkjbzY+zywrJvIWPBYDqQWHrxzj075A4zWTa+IdCtdJ01ZtUtUlitLZWXed64iDbG4752jsMAEZNUr7xz4aYhBqaMcrlUiY+4yBkdTnOSTjbivrlicHSo0VKtSjJUqaXvxs06cU29bKzStr6Jnyk8PjqmIrSWGxDbq1FF+ylaUea13eKi9dNL31djiviZFJDa+HsMSTr9tgZG4qXz0xzycjHQHtk57B2mUkZYkiM5Zc5yo5BU5xgYPGBkHOM15T498V6TqSaNHaXUszW+u2srloXCqivzjcecD0JJ4HevTE1/RHcYmun/dKAEtH+YhQTj8TjIGMjHXOOPAVcNPH46XtY8vLhnFqSt8DWj0vq1urbvS+nfmWExtPKsujHD1VJSxPNDlaafNSbbXdtPdaWb3LgLi3XcyAGUEjnOCRgkA4ye236cfLXH/EnD6PYgEZTU7UAKOmXQHcQCRjJY+pwQCcCtq58T6IgRVh1N380gA2T4OPvAHIyWycj0IwMZrlfiVc7dBsJY7a93PqVo+2ZDCvzOGALY+UkdATzwCO7dGa4nDywWJUainy04O0HfrBb76tO6Stq2tzzMkwGPeZ4Oc6U4xlJe9OyS91bX10XZWTPS7OFjHbOpXY1vGPvdCEGRweeoyeCM+wIe7BSQNhLjHBHPOBk47Dkkk4A/GuFi8T3axxCPS7YEW8ZHmXhOcIAflI68DjK54pZdf1p4Mx2umxSPgDdKHYKT22/MegPYd+MZrGGaUVCMVCrJ8qvy03baKSvKyX5Xd+tzarkuIjVlN1aENZXU68U7O2yi3q3vvou9kc345QJrXhNkwr/ANooquuCQ4cMpAzjg5Bxz1OcjcfVy2pOT5mrXu7cw8tEZcfLgAdTjnoeM4zySB4v4ufVrvUvC6TCxeQXyPb+QuI0mAyDK5zgBjnbxjAzjrXZ7PFzSO0mrW0QjJUKpIVXUHIHDdB0PAz1wRXh0c0p0MbmLVOvNSnR9yKceRKEV73vR1vortaavRo+mxGU+3yzK1Ktg4ezp1knJqorOorNNRlZK2usW9LatnbRadcTLJ597qeWU8hyMjdtIyp565GeOM5zXGa/4al1bxj4f0WzupYZbqwmxPOpkLAbvlB3DG4kAcd/vekq+HPHc0M00mpP5RhDq4uUU7GwVOCMHJwwOTjHLKelLw9p+rWfxB0Aalqxu5DZSlZGywh4IVUYYG4EZJwQfY9U8yhi5Uaaw1WEfrFJPmmrpKcXJNKTau293+Rz0cqrYGNWv9aoTlHCYlqNOlJSd6Wl04KCs9Xd6tv1O3j+AGsSEqb9TsCAssojJyoxmMlsE9SN2exJ6GLUfgqNLtnW9v5NwR3Gy4UE8YwAFOScfjweGr6z0zSZTZs8kyEmOF/MOSWJCkdxn0xyQefUVkfEDw2bPTbe7jIJWEM7uDyXAG4EkZxyQvGQeckCvoXhsFKXLOhq7WlzO9vd3V7WSe+i7JHx8sfmkfejiZx1jdRjCK1cY2UVG3S123s/n+f2j6Har4g8Q2DPI8dnDAqlQFYZwRuzycHB/PpmuqbSNMLRpM7qgHO9wowOny9D0AHfHTkmpdH8JprXxB8TWk14yItpDcv5MwhZmyuFztPynHzDGTz6V6TdfCLSZDvutXEGIwVMswm389nDKFbPOcck8YrycNF041Y08HGpGOIrJNzST/eaR7JK1uz8rNv6jH0pYmeFlVx86blhMI5RVJvm/c07tyTirOV21r1tueXTaXoKRkLIkhDnBEwZVOcASDPGT1zzj1xU2hwWEWr6yqNGiJDZjasi4JMWSQwbr0yvc9M8A92fhb4Xt7KVp9QlmKklDHdAByCB8oBYjaeVzk4I6ZArlNJ8IaJda7rdsGuJLazSzEOyQiQlowSXK9BjbjPy/dxurkr1cSsRgm8PSh/tUZRjGetlSmrNqNtru+ttFbdHXgcNhPY5hCeLrz58FBS/d3cY+2pbe+7q6VrtaPTTUi8cG0k8JawiXMQaOGJ9omUu4WSNyNueWHGeMtk5yOv3J8K8X3gjwfIULhdL0xixXK/cA64GTzkA4xyMjmvivxn8O9J/4R3VpbBJJr82UrWxMzMplQ7lDqcqf7ueTkcYIr7W/Zzv9M1L4ZeH9Pj1C3bXtNsbSDUtMkZY57eRSBG6RnDyRSDJDR9OC3Tns+tyjnDWKlTpTq4CnCiuZtTdOrsm0rtKV2rarXY7cJl9OWRRWDlVrRp5hUlWvBRdOM6VJqVoylaN4tXbXM7aapDNM0aw1W++IFncQp5c2sRBwvDYxwVG0jccgbupxxk9PH/Gv7Otpr88t9phXT7uFX+zanakWt2nlox2z7Bi4jO0K6spBBzkV9D+G7QSeJPHy5X93qdo0iqPusVYkY7EtgYwDg8E4wOtuR5AZMKVUXRKhTyPJkzyegPPXoPckDtjhsNi8H7LF0o1YXnytpNq87tq3w211Vtt9B82IwWL+sYWtKhUSoq92lNeyhdOKspLq4STS0Vup+Hfib4QePdFh1DWP7PXxRo0l5eJPbooe4h8hmEs0RC7olK/NkZAIyOMY4bQLyfTnivvCOuXnhnxCjNCLK6le2eUkhWg8wsFPI25ZWYrgDAGT+v3hfR7TUtLSQRgebqmoq68bW3TEMpU8EEDGDyeOnfwb4wfs2eFPFF1qeraXbLpGpadY3eoie1zGLi4tSm2OWNMY3u+CygAcEjHNfm2ecD1KGFjmGW1PaU4RdV0KknCpDRTcqFeNpRa1fJPmTvY/Ucg44pV8TLLcypxVRSVONenFOE9VHlrUW3CV9uZKL2utzx34ZftWX/hi1HhX4n6OwgWK4tLfWbdP3kbSZBedBnzkYklpc4yScevrEvwt+F3xotbq9t/sN//AMSlJ4tV090jvbO7kLlFfywjq6kjcMHPfGSR8R+MPA3jTwgyab4p0W7uLN4kuI2u4WP7l/m3213t43ggrlvlz3Iwed8O614j8IX82rfD7xBd2M4gzdaPLORIygA+WYWPl3QBBwqKGxjkkZHzGE4hxeFj9RznCzzDCxaThWgo4ujG6jpKSaq2vdNO+7TVj6bFZDhcRJ4vKMRHA4iSVp0JP6vOXu6yS96k7/Fbmjumtz6H1jwV8W/gzqMtvG7ePfBcNo0q2UiNLd2tqQS20k+ZHtTOXU5UgMAMZPpfwm/aK06LXN2kz7TPaW9rd+F9auPKmhSFz5sWlzygEMhyyRnJIOARnFVfhZ+1V4e16eDw78ULI6LqP2GayOsqgW1mlddmbpSP9H3Hggl1zkgdBU/xF+APgvx7c+G7/wAIXlppes3kFxcwa7pEoMU0yuxgeZLcnLOxRd2F6AEcE19FhJKoqeM4fxv1mnTabwFaryYmhdxUoU3K0klsozUovVJvc8HEKVNywmf4L2E6mix1KnzUKtrLnqwVoS005oONW+99n90eKfEWh+O/hj4ludGnAuk8PTfbtMmYR31mSAApjbBbBztZchlwcAE57XTNOks/BNiDJHMkngEqEKjzFk/s9d27jcAOBzkce9fkN4hufi58FL0aZ48TVL2GOCNLHX9Nd5baeDcDFHfPGoWWNlC+bHJyBlS3TH6JfDT9p7wB468K2+h6vE2h+JB4bu7f7cYx/ZV0sNmY0ihfdiGVvlPlkn59w5HT3cLn31jFS+t05UMSqHsZ06sZU52jK9+Vtxd+ZWafK27rex5dbIXQw0XhJQr4dYiVeNWi/aQ96NOPutK7V42tJKS0T2P06/4N+oHXV/2kpSAPK09IRx1/0yTHPTHJBPzdcY6Z/cW8JMkhyF+Z++GBLHpnt2xnJ69Rx+Lf/Bv0qsn7R14dpWaCXDqAd4F3Ntfjuww4H1K8Hj9prwL57MMtmR8kDIKgkjp3Lc5IwD+vh4qSljJJKz9jRb7PS+933XlZ32Z9ply/4T6btqq9eL0s1y8u/bo/PfQp5ZVwe2VBGRjJHQZPXPYDGDk9qeQQuDjDfdxxkZ4x+OOc9M5yDmkCqwGCApZm6DtuAOOevGOPU8jq/ClS3GGBDHGcnJOee/PX29eqpJtqzT0307r731Se62LfM5a9/TaySV0rO1tX2V9WiqcgDODzgkZyu7J45OB1z9OwyKUr3GFJxg8HpjPpnoAM9uOc4pQA2BgAAE88dAcnHOQMnjnng842u4wO5wRnngnr1GPQgDp35rZpq33XvbSyS0eqTfNft1YJRd73WnzSdrW7+b9NNmMKnrnhhyuMsuPoeDwc8Z9R6tKkAAE7cbRjjLY79RgjPQ4+mRl4AAOOMDILFsEjGeefmOAevJG3o2ChdR6HODzwclSFBznpwO45wSeMJSs9drb6Ldq+m3p8r7JGbStvZPe+r+Tb0623sN27+CfmJBIPBJHAweck8kAkDHPTNI7qx5K87eApyG2nAJ/2cdQOTj8WgqQBggHnhSTwTwT/AI8cHnGcIzBlO7AIYHKnnJBBGep2/iQOec8XdtrWydu7Sfuvp3XMn20dt7q/ut+dkraWTT8m1olqvxQ0ZcZBORwT0GM55B4PXI56/ogXBBGRtyc5x97r9T7AcdaUFAMAjKMcBgQWGDyT3A43HGMeh6IwYAjg7WHfO1eSB9QARwPwGcVS5vtK29u7XdrT8NP1y0eqVtv6Xlr59dSHJ3MrD5gG+UDOM9Mdtw5yD04yM8CJiPlBGRjI5GSRyBjPBx34B98Gpy5BXG08E/KQcbsY/EdT/XvB5ihtxAwFye5wCeecjOc5XBz9K2gnfz1/TW+zXz038zOW2srJ289bpWSVutrv10SbGfd3ZI6ZBwCT2HOBjODwPmxu7cBxGCckdBzkHcAQTtOOp3dxkfoXIdwKnIAKjsDgZ5XtjkckHpz2owVIUqeQctyWyRyVHyqOPx3YwQeu6adulrP8Y66d9d7/ACHFSe0rRai1O7VorZW6bprWytq1cYVbI37XXYTg7sKDuIHpnknOT068glQuAOFwPQf3sccZOAMHnGO3GKkkUlCACTwecgZPBzjqCO+CTgAY5pitxkjnO3J6ZXB6nG7GcnOACfvckB+9G2qeivfzcdnbbdO9tbPS6JkmnJPVvZvVpXi17zWunuuy63TsQnfglVDHIzuwAFBPqcEHOST25yMEGPBORkgv82Qc52443djhcdO//fNvCjLAjGP4hwWzjgAZJIPoSGXOcdYXBUMWDAjGFAA+UgEjtgjJ5yQFJBAHJane2mu2r9Oyt/w3nYxcoOy5b2096yu1by382vdTSfnEVOGBPzbAqqOMgHnr3AwMDufrQQwHLAg7cbh0PcDPQAAEcgevcmRAG52nJbHGSflHGR69t3f3FKxBAG0MzfMQQAQRnbk4yB7e3Wjns9O6d/JWenrZ2tbe90HPFXej0Vldp35oLReju916WVqTbjlsjPIAGcZ6gAZ+YHI5yoxwx54jIbBJJycHJz27D+nUdMDoas7VHRjk5YhucnJBA7kHOAScZ/HMGOGOcYbCgjucgjk5O3JBOAOmAc8qUt97q1r37xdrbfd0V721Mubpq9Wr3/l5W11std/JW3aImUDbuYKME/3sHsBjocHkZ5AwOTmmEkq25vlJ+UEckdR35BOAecg56BclXbLbRzyEbbwe7KORjOeM9NvHBPLFJIAbbgsQQOvGe5I4AwcjAOeCKadldbXXn/Lpa2zWi/G1xJPXXdpWk9dVFWtfazS0uureuiNkjjHyodgPTJJ5J5J4PHTkgDOKZgYBwcHABI7DrgnsMYHvgnpUhJBU5Ug715ABzzg8j8sjIPQZOCvGEORlG2tj7oz1LcAnJ4GBwQc8Zzd+ZXva1nb/AMB0+7/gmbjFyScrP+W60do/DFrayeqemu+toTkBd4wCCDzkFecYzwMdSuMe5HUDkKoCnb8zbgSCw4OF5xkAjPYnOTnBqR+QAMffYE4HXcSMjJBGQM+vU+6AYXBPJkPHcbeeh9xxj2B70O1tW/h2la262T1Xe7flZX1iybklKSWmrStvFNbxktb3+fcblgVIBAbOSeQVB4GDj9PT0xT2LfOMcZwzKeCTnnBBww9vxzyKBuKnH3ckEgDJ3EHjOTwOBkAjB3ZzgLyNgwC3TlccAHkHnHbr1GTyTxcZJNadPPq0n0d/JaW17B7NRu+ZJNRvpZNWi2t3eVuVvXbmvuhgJGcHuMt1yCcZI6ZGG5zxyOvFIcnGCCAScgEdc4PqTt6npx+atg8YJLEjnjlj147dRyeD16GpAEyRxkkrhTyQMngZ6g9jlWwcDbmjmk9dXrFWXnZ3drpO1rrqm7au5DUY6NWVtPm1bddb2TvZa7WICu4DLYIIHT5hz94bTwDzj0PPXo4ryqbj94gcHcABwGyM5B7EZ7HuRKcHgk8gcgZAbGTzjkc5GeepHQ0hTK7QCSrHBUdQSSSScZzwMduPXi1JWSb16J3um7Prte+mt++pne1rS3a307Wv0Vtlft99UxksQcjaeAByc9MgnOOOhJx9aAjBVBGASRwcntkA9Rx2A4HOcHFS4CkthsN8xPYYI6E+jccZyRxikL7lGVGCOMA98fNjrxwO3GDz0qrN30uv+G9Ozb8u6uHVaXe107uzSVl8t+qsla6Igm0qNn3SWUAZwD6dM59z1JBHApHXBBx945O7G0nJ45wAxGec5yOSccyggOQ3A2gKduc88kkn7pBI6duR3pCDlRgEHox7gD0wfXIOD7DkiknayWieunV6Wtbr+elr20ettLbLXsnZp3Xn03S2vuQHJGdoGenA4AIAypOASSR365x2DHXJY4J2kMecHg54yD82ckdRVhjgtsK5+UnA6LkjGMcn1x3zgDnEYJywZgWCbQQAMZAye3Tkk7jx34FVF2e+76rby6X6/wDDq5Fm9buy12V+iST9dN/hv6OAkAjK8gkKCMZ4z179cngZpmeA3TIIPTg/wgEkDOcgE4B5HficEAtls7yFGRnA5wOOwwcc9CeOQKYUbAOFIJwCeAcEZGOhJ6g568cnrTas+mmr7u0W/Tez6b32J21sr3Tba7Wvey0b8r217XIzhmB4+7hSMnJABLcE88duqjHOOUJ+9jHIU9SThc5yM5J7d8bugqUjOcDlTnIIABbgc9227cYz1OPSmtsACgEnAB45wD3JAzyTznjPrnEvq+Zp31tvqr6W6/fq7aPZq7bs7czst2rtJqztdPt9yIME4A9B7ZPfBz3xyPfil243OxIJwuByBgjbtPXnjJz7DAyDY2jOckjGPoVGT16noTz0Ix7u6qc4wgU88ZIwAScHg8Yzyeny8LReS5d7q3S3SN7vR30T1s7O261S5o2d+bmspbr11d2ui1u9lr1gYEZ5G3cBgkHcMAtww79seh6U7oeB1IKjBBHr0PpjuM8k5BxUpOG4Vfuk8EZGc/MM4zxnAIGM4HTNKo6DG4YJAIwQOu7PzEcgEE+4HXk5mrNLW91ovLVenW3bS49XZq6d2kkrvTlvvZaPW91rs9LDADuySCMAkYPJOTt685wP4cAe1JhgSWYDnavOcZ5+XOBwAOAASOgwDh2CdpyTkFeegHXaM5xjHHt707CEqWGAQcBSOvIHGDt9MHOevTBLhJ319663Wn8vk3rZLRp+e7E03pa+vS0b2S8rJdFZp73vuN53bWDKB90nGSB3B7nGWx1wPxpoBK4YkAnJ5zkkM2VPoD3yMDkEDkPCHgldwwQcjJA5ycdeR3IB/EAUrABTgYHCAgYwR82Nox8rZ/oTjFaSnezV46aPptG62d9kul0mtVe1wXMlrby20uknta/3eSeg0AsQu4AY6jPbHXOSSR7dQT3zTSm0ZDZUHk5BAJ444HcHOMjHOe9SEjIIz8xZMnofTgZPtz02nJqF3RgRvGCFyRgcjpj29VwehHy4rNSk7NXael7tpv5u2tnft26oS1uve9G7e99/ku11oujibJ6MeAMHjBxkEg4PXdgeh4yQckwQDjDLuzwem7jIzgkLgnBIz/6E4FWDYBJwASBldvU8cAdTj9Tk8O4zlSAAMZzjn255wR0PHB460+Z697aprTZa9ru23TbW9he7JpWd273tfrHTXbTR+t32bUwQQAGO4AHBG4gHI6MB0wT34BGQpC5IwWVeBgpyckDgg5GeScE4649qcGONpIP8RI7c8fN7gf3R6cjNICGzzkluCgwAo6knt2K+oIx2oT11l002vvG+iv0/4PUXLZKzaejaaV1otfK97b62e+ohK4HBAxgHHJOfr0wef/1kMAO04HfJPA5HY8cZyc9z26VKrYyD93JJPU56Akc45XkHJ544NOG1QxGNoAxkDDE5yeB7cnruyOvygTabu7201XTT79ejtf1ZN3KSbs7632tZxV9Et3smtUt9yL5mOSOSCRgZzj+8eckdh/tcipQpchcgn7oA4AxknJGR/jzyM0wDcRjjLbVCsAuTyQCcYJ/DgD0AadCvII+YHI4JyACfbkjIBGAfzwKaum7paXs0rq0V0S3trZvo1rvSi2uZ7Ozeu+ySstNe2l1b0DaSwyQuc4AxxkYA6kYPTnt1wRUxfarZwWAx0xjPbIyeOOD368dIyqbwWzkDIXG7gk5zjHzYOcZ56jHJoyFVsEbcK3IyWPYZ4HHpkDJB4PFDSbVnvrrd22Wu+7/yb7VCLT2srLzbu1Zu+mmtraadbXJFYEZ4xkAZTPPYFu55AwBxgdjw8LtbOeeqjggAkDOAM5I7kn8OTUYbD8Hgj7vGBxzknHOAWHYe3FPLMBnAIC5ZgAD3HHX8RnHNTZdXp5Wuno9e67dnrvoDutd1ZJ6J7qPZXu0vw662D1JDcc9uASe2egOCOOMjjqQXAHPXJz0CgD6kdzyQDz1wBgHAoBKgBunBzkD1wfl5znjHBHB7l7MpBwoGMgZB6gkZOe+RwBnnkHplfLdfc1bXpe93pfpoVGL05kmtHe6f8ttGr733d3rbsMZTklADyxOCdwyOg74GefXj1p2wkHOCQBnGCB1GVbJ+70JPQnt8woAGFAHfk8A8jAYY6jnHuQM4NPZQckHcoGcYxglVGMnhjwQR2zxgHl2ej0s1da6+W23dO99GSrdNla3p8rK22u/Rb3GBSBkckbs4yeORwc87scjPqD0p6RnoD95SMN19+eeuevc47VKV+UKm77oBIII59Bz6dD0BGCOBQAv3WOMtjI6YI4BODnBGO4IHPXmE1J697K66Oy0em9++ia6D5FK12vL10vbZp2dt/lYRN5G0jGMDOATx1BIB69MDpgjORmkPyE9MngcnopJJ+uM5OMkdjgZkHPJ46gA5yxyRlgDngjrgdSAOgpoXgDaTwcgYyAQD3BBJJGD/AA/yE0m0rbr72l8tNrdovd6FRilbXW+1rpaq2t/ytbq9bNoOVBChuOckgnkAEBl5wSN2cY6+uEyAcYJc/KVAO1mIJGOD056gHg5H3cTHJC5Rck7Qv555zyQTkgduMA4wbBnLKQQCQCOCQMY+inrgnJwc8msXU5nL3bXte1mndx1bS2SdktnzbrRNxvdX6aa+itvru9PPZJakBxxxknIOegIIHHp19iR+JMm1uvAVWG3I+9g/MMHsOMDp24pRzuI4wN2FHGSRkk8cdMfh6inkZLZyOFAAGSBj3yc46Ht2zU72af3fLTfd+mzaauSua65XJa6tLTp6NPe7St0sls0hwjFeO+e4HI4XJOe+0/NhcVSdsDb/AAgnBC7eWPHT72ejHAIHJ9avPkAkDhsDB4b6+gIPfofTrVVkYncfUkjPAx0IHoBjkkk56ZztqM1HTXX13bjd211td7PW97vQp3cY6N3Su12Ute+q1S11d21ozrPAsOfFOixsQN9wEbkY++uASc5BPPPJA47Z/j9/4Kl6a91/wUJ+PyHLFP7NZYgoO5ljQA844DDkklcAjHFf2JfD5A/i7Q9+cG9AXOMKcoDwOPm3AkZ6DjAzn+RX/gqpvs/+ChXx/SBD5jQaUx4ydrRqSWPoScHkkkZwOa+OzmopZxg4ySd8JJ9dWpq3rt8t0z6rLlL/AFcxc72ccWldJtJKEdra32svvvdM/OO30O6a7hW7mJcphYY35GQdqBQ3oRkdm6Y4B+itP0Wx0nTNJe9eS4ubizn/ANF3lgP3bFNqA8qo2h85wcZx0PnHhPT0ub6N5UM0zxkARq7P5jHYqoCcDnbyOQSc817RqvhHxDoFnpWuahoN5FpEcU9mLuYZJnmUuEwQMOVYHb1YEYx1Ozlyxp0lywnUqqz3btyu3Vd35vazR8xGm51q2JadWNONtW5OKaim76JJuzk7X0vfU9o/4JuPFP8AtXMUtY1WPwdqryo2CIgglbef7x4OOoUknBGTX9AOm6Pq/irVH0/Q7UIurzQW5lZCzJbxECWZ342RsAQpYgEg4Jxivxy/4Jp/DmxH7UWrXltv81fhvNKyyDPz6g5XGCcDBBGMFiAOWzkfuZ8QPEkPwx0i18E+D7mJvHniO0MuraupBTwpojbvtF1KwDCG4ZCRbREhwwVz7fkHGT/4W6ilaVqVK0YyTSuk+V6aXvd9/m2v3jgKbXDtFpNN1asr36RcUpXejTT21va2+pxvxU8Z2XgaG4+GPw+v4h4n1a2trDxZ4ujIZPD1gxEd1bWLoCHv5osooQs6E5yea880bRdH8HaYmo6pbeToPh4g+HNAlO+88Qa5cu0g1PUVJLz3NzKfNPmBiisSpVSVrK0S10uCWbxpqMMtzpdnJ9h8PWNzlrrxDqzuRJqd2z7nmaa6+cFyVjjOSQFrodK0rUPF2ti61e4EVho5e/1e+nwLW3uCG22lqOFVLWDCu5AAdCFbIzXz1OEpxtblvbnnrpF8vuxtptuk0rOyd+a30jbc3KWsnzNN/ad4u7ttf7K2sreZgyx6pqC6j4g1mUjU9ZlWLVLoLu/s+xcg2uiaUv8Az0ZQqSCMA5ya+lvhF8JdO06KPxd4xggtTDB9o0q1vyi2mjWEY3y6je78IkxQM5LYIJyATnGP8NvCqeM9Ui8WS2gj8L6LO9v4a0+dVEepXETYn1q63AKYUKlomk2rtGRgAYv+LNXvPjZqsnw+8L3NxbfDfR7vyfG/iGzl8l/FOoW7720DS5x9zSrXaft9wjCPYrIeD8vTf2NOcFFJyVrp7J2S1W3a7V7J9dXjL2lSSu9rOz2S216WS3ut1dJpWdXxhr6ftKaylgiyaf8ABHwnO9tLG5Nq3xA1LS33NqNxKdhTw3aSRBmZgI7gIuWIwK8b8S+JL34u6lN4O8HXUuk/CPQXTSvEXiOwQ2s3jK6sSYh4d8PMiqYNBs9giu7iIhZ9v3iDmt/x54gi8WwT/Db4eONL+HOj7NF8Y+LNNPknW5bPaj+EPC7xgF7Vdvl6pqEJIY70JYkE81ZLd+Jp4Pht8O44tG0rSLeODXdatIx9k8P2IGG0+0kUYm1S4QFnb5pQSWYhqrDUuaLlJPlukoveo9LO+/ItPn0tq869RR92LT1Scnp2302T2VnrdPS5A63Hiy/T4a/D8Jp+h6SkcHibxJZpttdHs1BRtH01lGJdRkX5JJVJkDElvmHzfVng3TvDHww0O10ixtUiKj7TBZxkPdXQWPJvNQkPzyzysCzF24LdDgGuS+HWg6L4f0qW20a1+y6dppvvIyQ1zqN/ArJPqWoynJkkMoLBWJ6gjHWtXw7pd54i1lgqSTztpQiaVst5Mly+5st0UoCduOUBwAByO6Moyp1I1PcnFWTvbltyrRJ9n07q17q/PGlJyhJap7JNav3d9Ne+3mtzijrut6lqtq9vu0y3fVNQE96kW+XZqQkkhijAPzSADaW6IcL24+SPilqFzL448NeFPC6S+I/G+r3y2uoX0ztfaV4Gs7e4Cx6lqUg/cRXckJd0gYly4VcCvqPx1rOoya7efCv4RSw6l4vtoYE1vxeVFx4e8Cxbgl40k8Y8q71xldxb2qnzEkOSRisDWrT4e/AnSLDQNH0268cfEfxFcrqVvoaSLJ4j8UeImYBtc165O5tN0S2kJkxKyoiKqBfmXHoUMSqmGlTilCCSk29ZVJO3u8umjlfTV/PU58XSiqsZufNK61T5VGN4tRSs7tOybslbR2s0c7+0xp3gz4G/AK0aW+i1DWte8baDc6trdzF5+v680G1jBplk7NL5MkxEcKRDy14O4Asa8Wmh1X4uwBficsnhvwFNALzRPhYtz5N7r5WFGi1PxjdRsshtywWRdO3IFXarFtwz3fxm0O6h8H3HjT4m39v4y+ImoalpcdqcCPw14FgkkRl0rQYGJh+0WyDZLeFWMhDNxkYxPC/g3W/i1Lq8fhaCW4ht7Y2useM7qSQ6TZ2SQIs1ppbnH2y+KgqzxnbGxI7V04KUadKcanNGLn7y87JarrdLbp56nm4iLnVjJJPlSir6cqtFN3vpfTpd2tdJ6fj9/wAFIZopviR8MbKybTxp+i+BmsLW10pYlstOii3rHbRRxDaBGqAbiCxwSSTk1+aNwslw7xopC7B5kgXLBQTuJxkL7ntyPl5r9PP2/PCnh7wv8X/C/h21822tLLwDDKHkkaW6vJw7CWR5XJOZm3E9evOcE18G22paPpdv4wlNrbQ2S2gW3tpv3l7JIyhgqPzt3Mu8kLx0POK/VeFs6hg8ro4TDYbEYitJynNQjaFHnnpzzeiSV72TaT9WfA47g2vxBnOMxGKzLBZbgaW1bEzTqVFShFuNKmpc0r2srtJvyaMHwj8RPFPwk8Hzz+CLaPT9W1/WXtJdelO0xwRkBlhyASRklgcjpwB1qfD6TVvGXxPvG13X5NaN/YTXl40rllur0jklT/ChyAACBge9dj4qm8G6l8FfBV8nmyatP4jv5HtgABbQ7QB5uAAemQefckkVwP7OCx3PxcuVVXEEOl3m1gC2SCcJkdzwOO+eByRwZnOpjKONVb3XUxNeCir2So1PdkmlaUJJPl6a6rU2rUsLgMZhsPgZQq0aVCly1oyfvSnTg236K7srJNn3HYaamnQ3EKIhl+yxQxQoD5ce/wCXaoBPQAbjnORndzivur9leBLbVJ0lVXnGhTbo1U/ID5mCT1zjJzwMnj0r5w8OeH4vtVu13GrSSbZH2gHhckZ7ZwPlIzgDIBwAfq79nl7W28XasoWJlXSnjcJgBCwkIQ45LZ4OfcEYHPyGIo2o1Ve69k4qNtF8Gj6Xk7aLRXurXPTw7n7WlJ3ilNe89d0krva93fdXfnofzUftYX0N1+1349CLuRNauY3IbjKlhyykngktxgHk8ZUip4Tg0+wnv/FWpFJNN8N27agjS4Hn6kxZbO3XcAso80AOqglQRuGMY4n9p+e8k/aW+K9/GJVWLxfqMSbf4MyFEAHUAMRxnGTz9453Lq2vtW0/wR8L9Ojlk1GSSLVtZWLLy3F9qDhbW0cL8zKEKMFY7VJyB1r5HFZjOhllXCxl7Oc6vLzXt7jUefl2tomk72XTz+lwWXU6+ZUsS4+0UacbQsnepeKjpqtW3bpo7dz6C/Zq0BfEvivXfi545AOg+FUm8U6pcXeTC80AaWw09DJxnckapGvQAAjnn5/+MHxO1X4uePde8aapK8gvLqSHTLZ2/d2WmQsVtYIkAARRCFZlULzlj3x9CfGzXbL4X/D/AEX4D6BOh1V4otW+I1zbyAlr2aMPbaWXU5ItlKs6ZOGBB+7Xw75xi8zOMMdyIATtQH+LAIzg4UZAPB6E5+Lwt69aripxesPZYdPpSi4801/eqN378iXc+7xdRUMPSy+nry/vcTJP46zUbU21fSmrxfN1uux0SOkKhUXmRVTJGcZIyw67QAwzwMdSc1yPiHU2llXSLHc8Mbjz3jBLXE78KqhRhgrMQAoPPAOcCpNV1gWluipt86WMg842J7jqCxP4AY57eqfAjwLFqeo3nxH8VhF8F+DEGoXhnAEeo30eHt7CIv8ALM8jgFwC3B5GDz6XM6VOU38crbaNp8qStdtt6Lfu9EjyHT9rUjFSSjGzulpqldtuydk7Kzv0aTPevhvZWP7OXwy/4TnVLeD/AIWd45s5rXwtZTKrXWi6dMhV9SaNstHK6vmNjjbkYI6Dzj4b+DL74heL4oNTnkuJNWvkuNTvpWYsFlffJK7ktlmJ4zjnpjOTzniLxnqvxW8cXXibVz5Vm7rDpGnKD5Njp0WEtbeGMfKoCBQ20Ak5Y4OSPtj4LeD9O8P6fc6vqTMJ76OKWJUPCxcME3D7jEEDAJIGSQe3o5NlTxeJgpWcnJTq2SsknFKC8o2Semru3rv4vEOdU8DhHy2Uaa5KUdLyk7Jz6Pd77eh71o/hvTfhwLu30udHgsoLdra4njWRkePDjaTwMsM9MdRk85u+IPjV4o8QQTaRfW2imO7jaMzpZxLd5SIxq3nhAQzDqARjjjoa5DXvEUev3yW8SfZ7ZIYraGOPJEhUgb2Pr3y3U5781CNHs7++sYYwUaB1SVxxuGfmIPfAJJAXPBHpX6dGhCjTT9lFOkuWF0lZJRvZtX2Tvvotb3Px2deriK8mqsnTqSTmpPdycW1Hme+zWmz93Y/qm/4I0Wph/Zy8cmQlpIzEcZ5ANrIXUHPVTheAcck85z7X40+Jngz4WeF/EHjPxxrFrovh7QxdXN7d3EqxvNICzR2VopOZ7u4IKJHGGOTnrzXy/wD8E6Pip4B+AP7EXjT4m/EDXbPQPC8l9rNnFqd1MkUl1JYu0S2ljHJh7q+mYCOGGLcwLditfh/8WPiz8d/+Ckfx6034U/CDQ9Sj8Jf2myeGfD+5/wCztOsDMyy+MPF8sY8qNkiJnSK4Y7R8oGTmvxXOq8njcXSp2dSpVm5STvGEYyjqvNq9l2V0j+gMhwqWBwdSpGXsYUKShDaU2qcXbRJNLS++173Nf9oT9o/49/8ABQz4vaV8F/glo+pnSLzUDbeHPDtqJTY6Tp4lCP4t8XyxjylCIfPiimwc8AMDk/o34S/Yi8L/ALCOo/s0W2k6nFr/AMRNe1LWLz4o+MXXN34j1WWLcLGJiWeDTrJmeKGNGAdFbAOTX6M/se/sd/DT9ib4e/2H4citfEfxP1yGKTx98Q54EfUNU1JlUzadpsxBe30y2kLxxRxkKyqCQSQTW/aattMHib4Ua5ra2qw6Imt6/ez3NwiR2NrbqfNmneQhUUZJBYjcN2M4OfnZypYeFJy9yLqRlOcrvmalFvm7pte6le+73V/rMN7WvWkqavKMJRhCOqXubK2q97ZWu3q+h50L+3tbt9Z1MI1y4leCF3CRQorM2+QvtWKKNQzPK5G3nJLEV+RH7ZX/AAUAuY7+/wDg78B7o6p4qu5W03XvF+mBrhdLacmGbTNCSMN5t8S/lecv3GLHcDyPHf2v/wBuXXPif4gvvg1+z5JqE9tqF5NpOseJdMV2utQLSmN9N0d48NHbrys10jAMpODjNevfszfsv/Dv9mXwZP8AHH49ajpaa1aWr6mZNWeNrbRgwM2y3Sdi13q0rMQXwzmRjkHgnwM+4jpUFGnTvOc+WOHw8datebcYxlKK1ULtbptrZN7fVZHw1VxP72o1TpwanicRP+HRiuVy1ekqiV12hp11Pi/Uf2Y7D4U/B6P44/GyJT4o1zxLpclpDrEvm3ekWNxOJ7nUbwyFzNql2AXZH5Q4Xjv86/ti/wDBR/xF8R9JPws+EN1ceHfAVnY2+m3urW5Nrfa4kNukLoix7PItmww8tQNylsk5rB/4KG/t73P7T2t2/hDwZbyaL8KvDl1KLK3wUufEF3GxVdTvQBkRELm3jJUIrcZJFfltJiUs/QAfKR90AjbnHcksfl4zznpg9WQ5JUrwo5hnK58UpVKlPDy96nShPkcE4PRyhbRa2d92eVxFxNRw1WvlmQyVPDckadbFR/iVpQvzcstHZ63el9baMpz3MspeWRyzFmkeR2Ls7ORhnZiWZied/I5+bLVnnLklztDMQ5PPbOABg8E4HHY8Ac1q/Z4gqu5yCcBMEO7MMkDttPvkA8jArStdH+T7ROp8xiPJtyclUJBDMOSdo5BJ4Yn8PuoOKXLZJRUV7qS7Jdm2knut20vL88m5ytJvfVt7vVJPd3T1u2le8lZW1paXpL3rK8ilLaPB2DIabJ4HBz8xJz26YIwcfU3wT+AnxC+NfinSvBHw28M3/iDXL+SOKOK1gd7WxiZ1U3F5OFMMMMYbc7s27GcAkA17J+x/+xr47/ae8eQeHfDcX2LRNPgtLrxL4jkib7Bo1g7jzUR2ASS9kQMIo924NgkEAZ/dzxj8bf2f/wDgnX8PZPhN+z3pWj+IPi4bIxeIvGMzW9wdKupIQs95qOoAMXu95Z4bONl2HA6nNcGKxv8Ay6wsXOp1kvhgm0k29LWutN+/n6uBwEZR9viXyUopNe9yymrrRaaK2z1k+isi78If2f8A9lj/AIJa+B7T4k/tAXWk/E79pLVbBbjRPBkPkXNvoMskQeAQ2pLqjRzFRJeyBeQQEGDn8iP2tP2tPjb+2h44tvDkl1fXMWo6xHpWgeE9DMw0LSba8mENmL7yv3I8sMoknm+VSGVRgVY+H/wt/aS/4KE/F2/j0B9R16Rr9rrxX8RNdknfR9EspZC0oa7kxCixKWFtZREFiADxjP7ZeJf2Q/gv+yH+yhqGj+CbSLXfiRrXjj4dweLfiLfIh1S7nfXYlmtNLZw0lnYbi+0REFvlycHNcNLCVFLnqXqVXrKUtop2s3eySX8ul9DtxGMjaNGilRopJRUbKUldLbom3rdXl1dzqP2Hv+CXnw//AGadB0L4g/FyLTfiH8YrqwstSsoJ4kuPDvhQXMSTxRWlu26O4vI9w33BXCuNu0cAfpnf3091dFp5N77VjRMKIokwoCIgxHHGi4CqoG3HAya072WSLSdFt1JYpoGjY43FR/Z0I5Iwex69e2M1lQW6yrE8mfMDAnj+HjjHqRyTz29OPbo0lCKezUVfRxaVo3WidruzfnrY8adSTk9dFbR7RSS6qys3vfsr9ybT7Te7Ybfs3Pv644/Idzj29MkedfH/ACnwK+MY4Zv+Fda/vCjs1pOMkjkdyc9MZO0EmvX4LdIowwBH3uoyTk8A453AnjPYEYya8Z/aSnaD4B/GiZQylvh1ragKOF3W0wGQevHOcYGSRgCrmnOEk5KKVveduXRrRtardq1v+BrhE/b029ffj1807fNbq3aza3j/AGaYh/wzv8F2KqD/AMIHpin5eQBCmT33ZPQgDk8dcV6/9mJk3OADs2lSOmfugcgDoewwCPw80/Zstiv7PPwW3Alm+HuivtK8ZNpES3HQk5AycZXGc4r2yKzDjznOyMAKS2cEL9M5OAMDtjG7pjmhOEOys31+JLl3t0vay230a26cRCUqslGPvPRXWuvK7+XReepkW1i6EMMbjkbcfdGOuMHr1yc5IA55AuNFFbWl1cXU9ta2dlDJc3d7dzJaWtrBGC0rzXEhVEVVBZuTkDaowa4T4yfGr4W/s/eFLjxr8U/E9j4c0WKBzZWpmVtc1mZFYpZ6bpyss0zSkbMhdqk7+wx/M7+1f/wUe+OX7W/ic/CD4G+H9d0jwjq15/Z+i+DdCjml1/xGjyeWt7r95bbWgtHUiRoXYLGhIJPbkq4vmjKFBc0m+Vz1cY6Ru9NH8nbpdJWfdhsE4ctSu+WNlaK1m/hStFq9nbe6VrLZJH0n+3F/wUG0DwN8f9Q174Aaxb+IdeTwDN8P7rxA0Rns9MuppEM76LGmTfXYljCxyIhAY4XPfwr9m/8A4J6fG39rrWx8Y/2j9e8QeFPAGq3C6lM+rSzL4w8XpI4mWGztZT5mm6fMoCpKiKuwgFCDmvev2EP+CdGnfDz9oWC4/aQs9O8deNYfhm/j2z8Mupk0bwhqwuITZpcKxZL27gDkSFh8kgOdxFfu1qNyItkShQsEaRQQxIqW8USqVjhgijAWNUVQAqKMnoM4p4FKzXM3aTctFrJtN2T2Tv28km3Y1xsm3FuNouEVBOXwpJKN9pSkrNdIp7Lt5j8LfhX8N/gV4OtvBPwr8K6d4R8O2yJHJ9ihjGqapKo2td6neAefcTSkBn+faWJ4PGe4SZpHRtx8lgOSSW3NwSTkbifvZyfc55ETQS3C+ZIGDhj+7CndsGTkc8k5IA6kEdSxFeVfGb45fC/9nnwldeLvidrkFj5Vs8uleHIZYzq2qSKpMZWHduiTccu7KMc8ba7K+LoYKClVer0S3nJ+7srb3S16t9Fc86lg8TjaihRi3s5S0UY2Sbbs2tFrZt7M9/0y6srRDNqeo2ejWasC15qUwt4SyOrYR5SFZtueEJAC9PX+cX/goBrOj+LP2yfE3iDSLyzvtC0vwvYadJ4gF1FFpU9xChWaOOaR0yVzhuMA8DOa+Wf2p/8AgpV8e/2hPFNtp3wzgvdL8B2FxPYaHY21nLFby3jlkW5a5i2LdXMa8r8zAE8gkZr5Aj+CXx3+JUw1Hx14nvws7FmS+v5C0YzzvhiKhiMkKpVmweSTzXdw5mmLweY0M5p8kfYX9lRabtK6s5tdUt49NU9UmeZxPlWCx2WYrIq0qj+sQVOvVgkk4yUb8itd6qya0a11TR9Da78Yfhr4Zikjv/FdnPcRBsWeiKt9IW6mPzEAUEnAzknLZHIyfF9d/aqsZZhaeCfB099Lgn7XqfmTneQAGFui4XPGVLBc8Ac5HXeGP2TfCOnyQjXZ7zWLg/NIqgx25Zs/KActjIJ+/wA5HcV9AeHfhV4Q8PRhNO8PabbSRuSszwo8mxeWYmQHBI5IznjIIr9Ax3iNxFjVyvGSoxcbWw8VT0tFK0rNta6/jY/M8s8LOEctcZxy2GKmuX38W/bNtOO0Ze7re+i0s79LfFo8XftJfEUhbEXejaeQ2xLWEafCM8AHgsBtB+bcOmRjtvaL+y14s8RuuseOPFdwS7Zmt1mkuHO5gx+ZnIBHODjOT78/b19qvg7wxBL/AGtrWkaZaFd5eeeCJvlGWVQGDBRjkbQcc7eOPE/F/wC1z8F/CQZLXU0125hQxiKwj3wSPgDduyUzjgnHfI44r43E5njsVPmq16tSU9ZSnOU7t21eu9vO1trWPu8LluCwcIww1CjRhGyUadONNJK1k1CK062eu+2hH4e/Zj+HekSxStpU+tXaKp8y/ffCdzANlWAULkZHy/KcZXgZs6r4d03RPiF4H0iztrHSrdYryWVYYYk2hoyq+ZgA/IwGScfMAOSSR8m+NP8AgoFqM7SxeEfD8Nmu1ooZLqQSFV5zJIoGcAbtoHHHBr498ZftI/E3xbrMes3Wvz2t2kEltF9iBhSK3fJeNW/usPl45xyTnNefGc5TvKTtbRPe+l9V3te9/I7uaCjZJJNq2l5J2V47t9tbXvofubq3inwB4RiZtY8SaRaKFaVjPdxecGzyyoCSpwCFHY54r5+8bfti/Bzw1DLBptxNr1wFYKLRCUaQdQ0owQCQTnHsRivxQ1TxTresO899qN5eSM21nurmWUk4POGYgnPOCCO+BWG91NIhWRyQeAVbaDyPvEDk5/i64xmra2ve10tr3vbfR6bNvdd7Apt3Vmlo49e22708npfpsfo94y/b28RXYeHwvodppUQRkSa4f7RMM8BguBtbgEA5OOSCM18seKP2iPid4naSLUfE98sUzb2trOVoUOeQowcjC8YyQFwK+fftChwScseOoJDcjGBnp7HsdvSkM4dsKSx3DJC/P/tAH15yc56HqapJ83urV22V29vXfS3n06BKaSvKS0t+l77a21fTorXR0V7rWo3srPeXVzcs5G5p7qSV8E5HLOepJ45xjPHbNa4cY2khActuYA9MDDE9x26/kCYre0vbh9sUDHc27L5JIJ6EDnODjAznkdtq9noXw08W6+3l2OlX92XI2GG3kEZBJPLsvb5T25564rvwmU5jjWvYYapNyd9IPd2vfa+r0dkefic3wOFj/tGJp00rOXPOKsrXvduytv8AffocQ0reZkOowRgnDHOQeRwD7DHPXvzEryM/AZ85+6rYzk8kklRhcH9TgLx9Y+Hf2U/GeoiKXUorfTIRw7XU+6SIlerQ8njILc4UAZBByPbNC/Zc8JaayDW9Un1CfjdDaR+RE+Mbly2QemdwJPfPFfXYHw5z7FRU50fYxlZN1LR0drOzbbXvX0T6vrd/C5p4p8J5bKUHmNKtUjq4Ub1JOyV17r5W+lrp69NWfnBLBJKrqY2Vt3ytxIScjaCAOD0K9Tkd88dTovwy8X6+0C6boeq3QcqfMW2kRASMglmABXHOeRjHGc195/FL4eeDfDOj+EYdF0C2s3fxLapLdOoeeeNZFGyZjncG65BGMDpya+nobMW9pbR2sEUEZghZhBDHG+QgIICKCScZyMsPQA4r3Mq8Mo18diMNja6h9X9lzOnFO7qJTVpO3mk0mmfL554wYfBZZgswy7BuvHHzrxpKpP2bTozjFuSipJqTe17pb9j84tA/ZS8bagY5dSW10qI4Ja6lDOoOR80f3iQckjBZscg449+8M/smeC9NEU/iPXbi/cqzSW9lF5S7lzlVlBI5OBnjH0HP0zMSpCylpAxY/O24o2QAVB9OeOd2DxzV4I0qRwoqkOpBYJg8jn17qR0ySc8jAr9Jy/w8yLAxi50XXkmtaivF/Dq7K2r76NrtY/JMy8ZeJcwVSFB08Gpu0VSu2lovitdNLVPTVLayOI0H4a/Dnw1HE+j+GbS6mi+f7RqCLPMApIB+YYyc/Ngcnhs13SXBjjMVukVmgX5UtoY4goI+6HVQcYA59uvUmv8AZJEV1YA5JjR2YKxCk/KAAASB39cdQAav22mzBAxKyMVDEsQoAHHDPtzx13cnPXG6vqcPluV4KH7qhQoJe7dQhG7bjrsrrr0PhcTnOfZvU/fYvF15Tu1HnqSTbt01ta+qt3uuqoLLI8p3eZJJGVUFnJLdRycZJH5A9MnoroQSSTvQ4ZUUbiXOVIAGMA8M3fgdTmrc2q+HdJgeTU9V062VVUTNLPGsiDGDswSXUDO0Ar27gY8v1747/DDQzm0v21GaIElLVBIXIBAUyHoWIPJ5BI+lcmKz7J8Ff2uKpXj0TjzXXKmrRWt9rW8tN36mXcGcSZjGM6WX15Kbup1E4x15HK/M7JNrdtWWzTO4uopt+4K4Yv8AMVG1iTkgBTwBk9MEZyfWuZ8cQyReBPFJlV966NODkHcoKH5ecbye5C+mfQ+CeIP2qnkd08N6CgYhgkt2RM7Fum2NQWHOPl44JU8cDyrxB8Q/i14x0zUZJYtUTR47dpL0W1sYLOG35/1jMoJTHU9RnOOMN8fnHHGDq4bEYbBUq2InUpSg5QptRjzRWqdre7bW19Las/QeHfC/MsPmOBx2ZYrD4WGHr0qipuanUlySg1F2drt23ekttj6T+FviLQdB+HOhHWNVsNP/AHMjBbmZFnCkk52ZJLDGeh5z65qfWP2jvhzoQeOxmutXnDAEWwPlOVzkbum04xwc/XkN8z/Df4AeM/inp1trQ1e107RZZGghlmmaaUCIjesdsCFyQMnHXIxkYNfTfh/9jfwPYrFJrup6prk6lWlS3At4NwPA2k5C56kEgDhs815WW5pxbjMFhqOBwcMLhlRhGOIxDabilFKSXxPbs9/M+izTJeAcBmmLxeaYypjcZOvOpUw9PVU5tp+zklb4ZJLWT2R4z4j/AGttavC8HhjQ7e0BbYJGVp5sEkBtiZO7kEYyTjle9efN4t+PnxHlWLS4demhdgoW1gltIlVuPvkKFVQSCQwGCcZY8/ozofwZ+G/hYW40/wAKaaZUKlbm4jW4mI7rI7ZGRn0PIPcEj0NYrSyt0WGGCxCszpHZwxRrhM4G5FUjJ7Z46jiu3/VjOsfOP9p5zWUGlzU8PeK+zopOyvuk7X776edU454ZymEv7IyHD80bRjVrwi5bxV38UraL7S267H5o6V+yz8WfEbpeeJdTi0u3mIMj3Ny9xdJlTuPls2MjHGecDBBOa9r8M/se+CLSJJvEGr6jrsynLx2+LeM7eSAMnPTBw3O7rjgfWc+pxhVMgVSNzKQQdzN8oZhkZ+ueSP8AZqg+voqpboyq6ksHVcqzHLHOAMjrnqeO3APsYPgbLKDTnQqYmbteWInOd7JWfRW00021b0R83mHivmlRPlq0sHTsrRoRimou32klLa6XL+TTXOeG/gz8P/DaQSaV4X0uKRAHF1dok1zhTnErOCdw7fKAcZ3YIFelFrC23RCRIcRYENtGkC4I+QARqhOMjev8sHHn91r1zl3VyFkAT5iQcAYO0AjaDxzgknPOeTlC7mkCsWdpAwOCwAA7bWwck9ASMnsPX67CZHg6EYqnSo0UkrKEIRfS97aaWfn0Wh8FmHGuYYqTlLEVqqfwupVfLd2a0cnp131fe2voV14hjgSSG0iXeu1VkY5kBx8wwTz36AbeQxwTn48+KGoTXvx88Bzzyh3isSB83C56qRyOowMeh79PoGSWRlkUlgQQ5ZeTvbj1zwDnrnpjrmvmLx+SPjn4MBfP+hgZPbcuRg+pzgdQTmvJ4ow9GlhMC4QSbzLA66av2sb2XRbrTbfc9fgbM8Vj8wzSNWTUFk+NfLe6v7Hl6PtfffXTTT6bctIskwcM0hYt1+RRwFAzjduxnt2wMfLmlH5KONmY1ZnI6jgk5XHGDgc9evGK0UUfZeMScuGTGG2kkjnjJGDjoD0IPBNSNZOVbagJXCcAn+6T8pzgfez1XnLZNfcYaC5KbbaTjtZu/wAKXM9Vv1Vm+rR+R4mTp1qlrrmlNrq3eafW+q6bPXfqraW6mR2bcyKgdmGCC20EN34OCMjpjJOKtmJfIiA3KHYE85bIHG4fwqMjJJx9ODUvlOZDvO1DD91ehIXoQc4HowznAznHE2xZ7UEfMwyOCygBQQTjIABA+XbkA5GMCunkvdNNq61atezTVtLO6t6b3OJVr1E3otNVa32W1fy0vZ30++G3MiCRVIVcHOTnDA5xjJOSCcducEDBqRJAyOQNxHU9PmCgc5xkdcD0BB9mWUKKjlG3ko+FOWVQD1YEn5wMgZzjtgDFSHAhfaQ2THkAcRsQcFgDzkgEcAcfWtYKCWsLv4t1bXq1bXonddV10eWIk5TSUl8S36XsnfW99XZXWq+RVh+bjAyVZmwBhgS2OvoOuMg47cmp1dmhZn67lVcHLEA7cfLkjIJPOcAA9gKYiSNhzksBt3Bsh8EY4+6fQgc+gwpxrFAYy0eVBwrZ4QcckZ9Cc5OCOTSkqavdJ3VkrK6Ta9Nkr9ubr33pUZ1E5O6SWj3cvg9fwbau/NLN0xgtyrOiqqZdsqBlsgYXOc98gL1DZIxg/JnhaNZf2i/E6o6xqzXe3BwCMJwSQxx6t159K+urGEGdOQ0bA4OMEsSTwSOeARgnI54HSvkbwoVj/aK8SKx4DXY4Jz91CR3H5j+HHGDXwXFTUcdkPL7t8yhdbLZNtrVava92lvqz9a8O4P8As7itSX/MmmrLS7546O97LRLZxXydvqh7RpJjIW3Mp2lQBHlQxBIB6jgYI3ZPzZO4E2rOyUu0ku9kDnGME5/hDYBIHDDcFxjgnOBUZfy5HdgSQVCyP8wALFeigDkZwApIAOOM1ppODGdh8ssVAUKAoOT85buuSee3Q9s/VOTULJ302XS6WvxWSs12voz5GjhIOXO3pe9nfbRWb3trda2376XJ4owwREQOyr1JG0KP4uRnPPOOox0przJsDO6q+NowDudRwQSAeQfp3bnmqEt7FGSZGVtqEBhks75ONxGAM4wvTIxnHUZk18xw6HYwwFiI7Hsc4B4OexzXO5N2S96/VX0+DS13dO61Td73vZHYoQjrBLR9FbWyXT9bW9L23prhCjLEquwA54UKR06Y9MEg8HvWZLqaISTGjONwAI24VQASW9RjPXrzu4yM6Z5FiMhY5VRlTk7Q2ARhTnIHCZBxnt0qjICRvAaNVQDJ+6wJIxnGeh4JUhD1JAzWNryenLZ2u7JaW262ulqn007GrjJqEYprmW2jtrF7LVJ7rXa+uxde/nX5RgJIC27liHOMEDOQQSQRg4AHbGMRpWeRApDSPvz1Dhh82dvO0c89m7EjkaAhkYfu4WDBQFXYz7k4yxPAxgjtkYGQOorG0VIZJp5IbbDgia4lSNTz8w2lgRzj5eSfm6kcZTxFGjzSqVacIpLWUopWVlpeSa32aT8jpp4LEYiUYUqFao3raEHO+kWloumnTVq3q2YuiKcnd5bAALltw54wchRnqOSexr5i1dxL8d/DkZJdVtyJCT0JDbjk8AnJPcjH3gOa941Pxv4N0dJmvdetpZo1MZgs/wB7IR6DHGQw2llwMjBBUV8w6t408OW3xHsvGMHmXtvawssVq7BHEg4V5cHC4I3YyfTgjj834tzzLo1MuSxVKr7DG0a9WMJczUIOMpXtfW62TbfTXU/YPD3hnN1RzqVXBVMP9byyvh6EqycearOFoq2is732223uffsQaSEhVZkRQigIQXIONrDOdoGDkDsMZPWNoZQVklVIUTaCZSFKqynlixXOMDvx0GelfGWo/tH+LbxTa6Dp7wqcqiWdrJdSspOVPmRrtz1AGD1U5NYSR/Hrx2+8WWtJDMMI92zWVsUbLDIIHyDJJxyQM46Y9F8cRxChHK8uxWMlaOsacuVPS13FO1n5pW87s8yh4YYiheWdZxg8DBu7ipxk907NyaS30SXTS9j7IvfFPhnQmYajrtlEocuyJOjlwR/zzGSCAegIIJAPFec61+0F4M0pJhbJNfuGyrmTyInAzg8nlTx178DOQK8W0/8AZw8cajKkviTxHaaZvb50gaS7nI5yvDDa2SDn73b6+n6R+zR4BsmWTVZdV165RlBZ5Wt7aRs/MDGTjA747kAda5pYzjPMr8mEpYGD2lUUeZR92z5XJyvZ31T1XR6nfTyvw8yRfvswq5lVjrKNO8oOWmnLFRT31vJr72jzXWv2oNRmdI9FsYYj80SrbxPdSYbIAyucMoxg4OMHkngcRJ4k+M/jxlg0vT9emjlc7X8uSG3UMNy9doUckr8wAOTztOftnRfAngzQHjj0nwro9sVdWWcxpJPtXjBLowYlgQTgBvQnJrt3lRUBhHlA7gyW8UduibMEECJV4PTOTkAenL/1RzfFSg8xzes+Zpyp09NZcqsnK1uuy6N6K7Jqcf8AD+W0pxyjI6ClTsoyqxhG7Su3KylK63V5dLNuyv8ABmnfs8fFTxCVm13VLbTkGGmF5eNPcR7skqItwIxwcckEE45xXpej/steHbfbL4g8V3mpPgM1taR+QuTwQr/MuAeO2cclRmvp+SPKPMQ5LRF5DIWK7/XsCB/tdQMnpWdDJLEgcRAJPIQAcHEYB7EcH3xgjv0A9nA8DZVQlzVoyxMk1rWlKevu9NE92366rofL5j4o5/Xpv6v7DCQ15VSprm6K15cz06tbtdTjvDnwa+GughJLHw3DfSxjd5+pkXMvygYIyT85PzFSuMkA5Ga7PUEht7rT7awtLaxgMbKsMFrDGBxkln2kkBh8vXIOc44q9akosuQzu8hVVbd8hYY3HrgDoTwOAFGMkUdVLm+s9p3yiJz5R+4enBzgcAHA4xgN16fQxyjL8HSlGhhqNOTSXNCnC+vLrF2Tbts7pPf0+TnxNnmZOM8TjsRWXM9JVJ8vTZN8rvo9EvLrfx6TRtL1B7aHwpqd1ocoQF/CXis+dZnOSIbG+bAhzgZyTyeR0B82+ICS6XFfW+raVf6E720iIyE3OmXMjKMtb3SIVCEjKAMMZ5JODX3N4v8AhTfWLJb65oM1rcqPkuPJdW5/iWbGGPHByMDHUnJ+fPH+m6noXhnXYDerf6c1lMpsNTiErW+1fvwPICUIyMEEdAeB0/EqtG2HqToVvbUXBv3ZKcbOKd7X1tbpLvoz+j8LiaFfFUVWw/LWdWDjzwdOo25QslOKSlq9pRbtbZnx74IG278OsjBgurFix7ruUAEHruBIHr9K+6b1WW7uGjuHtZSyMsgbKMfJjO2RehI6klRnPQgZHxR4bijRtBkXYpW9WTanGR5ynAbnkA4BI9s46/V+tardQa1fQaTqNldSsLeSfRtSC282DAgJt5X4ffnIGSc8A568XDMlRxeJk48y+rq/Kmmm5Ra21fV2V7W01Z6XG+Glisvw0ISUHGtzJvTdK6bs7aNLoo2e25a1ApOAmq2wjkLAxajarhTxhWl2cjkgEZz1AYE5r5k1baPG2tI0xuYxbsqsrFtwVRjaM5JBxuHuAcZxX0Jb+JYYphb6hbyabM20NbXo3W8uenkTYKY9BkjB9c189eIWt5PiFq7W6iNJYhsCkFRIyAEgg42n2+mT1ru4mqU6mFw6jNNvExvGTs4rlbs9Fe/n1XXc+b4JoYrDY7GKtBxX1X3J3vBvmg+aMk3G2nR7aLRo961rwRoPjPwp4IGs2V7b/ZdEeGz1m0ZmFm3nOQtxEATJFzlsYyOOhIHzb4s+EPijw5BNqFoqa7o0RYpfWCiR44txO+4gUmSEY5II5JJHcH680rWtR0Xw14TlNrPcabJpbJJMqCaNSsziRXjwTgjsAOpx3FXWvtE1KO4mspW064ljy/2dc2knGQLm2fcioccqV9T2zUYjh3B4/AUKvM6NeVJNzjo5vljq+lls9Vt93qUOL8flOPr0ZL2+FjXqLkb5uVOak7W1g/e2u1rr1Z+bNnKX1bTl5jZbpPldSpBUgHcpwevQHrkY5HH1dJP/AMWG8Vo5DBPEluQMcYIBPQ5P3Vxg468YOa5H4n+HdOt/EGi3Js7GC5uD5kl3p5Ecd0N5xI8WflfGFZQFAxnjHPR20N7ffCTxzpmn2M188Wr2l2VhBd0hXAeUIMcDq2OgHPSviZ4Gpg1iKEf3sozUU4pappNXiu11dWdu5+h4fM6OZzwONS9lTnTi5KTso80op3b0Wq6JLfTc+boyDI23KltpLZ5bDAYwCcY5GcckgcAU+R1WdACScnBwMcLwOeAxHXkkc55qshRWwwZJEZ94ZdrZGVKbGwdwIxjsOcjikLbZQOC2QT9GADDHsDk9vQmvHndNKSa2XL10tddbPVq2ltfJL6n3XTbTTbWjSX912jrva2/XyWv2d8FzvtNbAcKT4L1PAOTz5b8AHOOcgew5GOK+VgjCKXew4abBIIyQ+MdAp7ngAgg88ivpz4O7xHqKhgo/4RDUywyAGQxSbTzkkc54Jzn8B8xTbvLuANuFebA9DvbkDPzEZ56c/QZ6q9l7BNPSn5apqOia0uvv39V5uUXtilq/3ivZuz0Vr/c1fTe7vsZClt7fOBwM4PDBQcnnIAJz2B9zjA+o/wBnsufGvg9t4J8vU0GCDtUwSkZ/vN2Yc5I4GdwPy4sZc7uANpUnHBOCcjP/AOrrznp9P/s7q48aeDwPmLf2iqop7+TKf72Se+Mde4IrfBSTqSer912vzJJPl3s/x1+9u/PnMlCjFq0bSWqV0na93tbtffRJ6beReLGMHivxKNwJOu6iCCAxP748kdu2TnAPpkGudlkjlRmYbj04xkqNwAbHfOMHg+vJ3VveOFMPizxMrsEkGvaipRgMgGZgFYkgfMwDFuB8vT7tczDhTh23DH3owTknHU8gouOOSR78V581ZzV27SfW6VrXfvW7Ldvy0uexRmnRp8runCL6fyxa876/dbpY+iv2coFn8YeDDH97+0L5MFhzmKQ8DkgZ57nk4IGQfFPiLbOvj/xfGzghfEGoEheSred3B6j5goyApIYjoK9t/ZqmRvG3hIFQAmq3h5Jyd0UgyR0xz8wx/KvKviOIH+IPjJCuX/4SDUCSgIJzKT1xjg9Rjt1Bya6qkv8AZ6Ol11stXslv1b6W3200POwcYyr11J68+l9teXu3b/K/Y8+liCxzDH8GQ7HLMTxkH37g/hzivp79nyF/7Z8OEZbdcz7UTncfKfBGMjPzZAzwAB1wK+a54EEEpK4bacBiVGD2xyOeuDjGemcV9Rfs5kprvhM7wQt/MCgwSwMMmMrwDnvkE9Bmll+tack+j6Xtql52s/1WupOaxUKcHa3vLR6vorp3stdU/N9rLwjxduk8YeJI5CQRrN62HG0nE7DGSOuOD7ELx0rDkQqWYFVYADGQc5AB65znjjscnjGa6Txvsk8YeJSQ6g61qAVsfMD5zEbj36nPH09+akLbHjyuQowTgM6g9eSOf72D69hWLbUnbX3np533Wj1WlvXXQ7ISpulHmerpxtZd1F9Gtd7N3bvprZHunwNHm67oPmMMprcajgcdT6AZHToTnGSMDHn3xWuFT4seLQRvX+38ZHVQSBwc9MAcHnjGfX0D4IYOsaQ7BcLrMOMDBBKj+Lpnt9eua8k+LMjR/FTxe6YGzWXcjrnbtI+UHJI5zj0BzxgdtSEXQoNRtzNJ+t43uutrLtorenkKbWMqWV2vK/24q7Tbezd3eyNfxo6QW1rdQr5MkXlkOi7UkWRQAGUkbsE5JYHOMjIJr0f4DvcTeIrWV3RS2n3khKgbSojbDccBvbt2yRx4n4g1yG+tobaWFlbb5pYfdZQgAxkZYDHQ4IwO5xXu3wGEC65YSBcJJo10SGO0f6qQMQMZI4OOeQelb4N8mIp8t3yu6TfVNLbdX0s76kZkoyw1WT0Tg072Vk3DfXXfXslo2i7Lpega/e37xSodatru7JlVwJGUSOOMEE98YAJLduK848RxzafLJbSOJC0Y8srgbtpx8w9RznHXaMZ4zQS5dNe1YW8rwsdQuykyZVg3nuMAA8DjB6cdRmtvXx5nkpe7kuVgjkWfaCJQSGJY4285Ixhcnq3Arsp4j2lWUGrNybXZNuL0u9mm9Gl002OCvhlDD0qkGpxShfVXvyxTt0trt07p2PXPgJmew8fxSbdk2kBWDjapwoypGRtK8jBAIA79KzZPDkkR8zSXG18k2zYO5yAcqc/dAIIxjqAeMY2/gRB5Vh8QpJWVoxpIIbuuQRnAPBHIxy24Fs84DtHuoYhFElx50MknmeYnzNDICcAYPA6Aqe+TjGc93t1BUbq10/etv7ySun2T3vfbS7PMp4adWpiJU3HmThzJq9/dV77dO3ppey84mjuIdVshdP8AvQWSSOQYKEnHBP3gOzAkDgEV+rv7M086/B3ThBGsoj1O7EqsoGEErOzjoOAG5AAyMdMgfmH4tnW41S1aSPY6h1jljUAuwyASOoPPAOTzwRmvd/D/AMTfFfgL4e+D7nQbh0guNQvLfUbSVS0FzG+75srja+3v2GeAK9DBYungsU8ROTlBUrNqzd37NJ62Tj1fXppueRnOW4rNMFHAU+WnVqYiLhzN2lKC5uVXTtez30V1fa6n/anu/C998QrC803VHu7+22fbrC2cJD5pbYok2cFkBO7OWYr7Vynh1x/a4cId3kQKq45AIVQWxyMgnjoAR1zzm6o3g/x3rX9uRyHTdXu7mFL2yYhEd0OZHWRt3LEcAEAHgDse0stEOn66IowziRYFtyCHJjJUZfOcEAkHpk++M+DmteFbEVasWuWpUbioy2jZatb7Pps7pH3nCGDlgMPQwtSM1Vo0oxcais+a6el3Zx10ae29m2f0lf8ABDol/wBpxISp3p4EvVLcnA4IAzgZx2yDX9O2pKpurjdgf6RMdoxuxvO5sZIJYnOOc9MjoP5zP+CIlhbx/tBWzxwqGj8CXqNKVxulX5Wy2CAflIzgnopBNf0d6iiG8u0YAg3MoB78OcjIPHOAOhGSD82a/HeO0qVXCRU+dKDej2ba772S3815n6tkknKtXbWqhTj5/F6duqVul3dGOinkqcB+ASM554zkk5z8uARuzgGkYsSSWJxt2jHDD7vII5wM9dpGFznmrQRcgYOASOOvy9OSOOvUkg/jzGxUAnbgEEnOPp1OOOccce/FfARmmtNbW1vZ208nd6f8Mj6ZRv2Xdb2/HftZ20s3uU9wyQSFByFO08EjJJyT047nI4GDxUoIGOcgEEbQSCB68cn+70z1x2pHRSQNuCqg4B65x1TGf90E4x2xnAAvC4GMEhgTk4GfwPTAIzzgDHI0U9dNOt99tdvltf7wlRSS11Wmmlm2vTVPrs/vJw/3lLAEE5I5xnuADkg89OcZwfSfGQOPusQV7MCVyW69AMBskjHTj5qaKRgFduccjAOAcYIHOcdOOg9atIR8wPR+BkgkEDr1yMZ6cc8k4GBpGd7Xd9L/ABaK9vJX6u8tdrWRi4acrattq76u2y23V7a3t5sk8pONpIBO0jAA6c5Bzg5IyOMk49qlSNtx3KRkjaMZ5H58E8jPX0z1QHgj5l44AI4IODknJzx34PoOonU8LkkDBXIOSN2B1z0OSc47D0GOiFTS2i7K/flv8uvd276GHsnpaSWu17PotFdve99ddNBY0JcFAw3MD1IPUZCgHA4zhSckEnPIqysbHBUbiowBjaOckknuOoI/3jkdolkGdpP3W2gd2U88H7vGR82Dn/gIqwG5yCe+egLYGevHH45J+UDNNOTd1e2i1vbZa37a31/4LXK7LVuKa1Vn/KtbtqyVnqru2jVtZFhGDg5AXGCTkEc4wc4ycknjOD7mjZznHDcAHBBwec4HI7duPUU7gkFTlv8Ae4z09sjB4G4+9LgHBXAOcHbgHnAH16EDsM9SOa0vrqtrK71d3br18/kzOLs9ZNvTVvVaxvqtHZXve69dGQOucgY4O7PQ4HcgdCcYxzkEdeKfgAg4Oeyg4B4Ixkj/AHgBg8/LzxTwmOOmTgEgkEnPPfnrzyfTleJAjAkYBOBjIwQBgbhzjP5g8cjqDmTSv1s0lfrbZ9fPut0xtcz28rP3k720ve+9u7S+bbhGSQw5+TByeFA4wM8hsjAIIzuGOoFORWQLjkc8n5uhyQc5wOcrjrxng0hG0tliduSzZyfm4weSQMnAGenHCipBnPXk85z1ByQfryTgjk/Q0uZLvb5b6dtWrfLorppJOL5tfLRNa3ty2SvfRWvrbTqxjAE5xkLzwQOBkYxg88DOc7hjAPYKsxBA3Ek54GR1CgdznjsBjPA4zKExnntgdMknpzkZPTHYDrQYjkdTjjB5HAByeRk5zgnPPUdQKUl2ab37fZWj73fT8nrKTV9fv17d9uuq6vbRFdV+8CRnnII3AZy2MnkdMgnPTg9KiKgvgDB2jkjj1zg4z2HYHPfirqx8Fc5yWOAAvBIAPTAJXqCN2eecVOsSdwQcc85GADyCeMjHXnoeeSQk79/u06fO69e7elrVZx+1ZLpZ6JqKklfst7av5a52wAtyB0Y4BBAxjI9N3r2GSQe9jYuF644YkYBPToccAHPHTj65sMqtwM55PyEj5hzg5JyeuRg57DA2kWHlS3GBkAcsTwMDnJ9SSMDtnrTvsrvfZK6bVulnfVdtCZSlC3bm2T0fK4u19bW2kly+8+qulHhQTwMtgoR16ckcEkYzz3PIOOihArBcHBGQMA/eycHsc8/n+NWPL2qAR0A5OeQ2TjIGeAQSM9Tk5PNKEYnkYwQeeuDnjPr06d+Bxyzvt8u3daa9/Qcdlq131d7u1n1a93W65t1s9CAIG6E9hgHb93rk+v4CnbGzgE8Hdgj5j0yQ3PzDjoCCeD3zMqLtPyk8nP8AwIZ5OBggZ6dQOxGamWIHI2ndwv3sAryRgjIyeRnocYAPUS/ef3O3leN21b/PVv0VJxUb2Vk1fX4tFo7xf2lqubVJq3VQRqQMHA4zjrg42+27jj8u3JsCHJAIGMdsjJGc8jA9cD/a+8cYpwjG0t8wdjwAAckZPXgDgHjHTI4yTU6qDgNwMZzjBJ4yCo6d+O3r2oT01fTVp9d3brsn8ndeVxk5WVndRSsrWtor79FvdX3t2IREFZiFJyMbh9c4GMg46dTx34zVtFVM4BI+XB7k9wP93HbjGSR1ppjCE4BZV+VV5wc5x8q8kDkg5IHfFPVAGBHzD5Rhjgc8cbu/Q5B4B57mk7bt9Va+l7Nb7XafyTfyHd3Udr3tZX10vfRbt6K2ybb1svzl/wCCtlrHc/sCfFVZEzjWvD8gzyQVumIJ45GAPfvwa/jd8LeHNLu4yZrSM7ljDO0aMzHyohjlc4Pf5lzhgDk1/ZP/AMFaJvK/YK+K/wAwAbV9BQAnAy1znbnnJ7YyBk56E1/G94d1GC1tXM15bwlQhKSSBSo8lSCOccnp/CvTBOQP3fwemvZY5t2/epWaW/ItbPb17rS+h+I+MdGvLB4F03Jrnmrx5k9HDTRXTTu273u7q+5v6jpWk2NqUitUQuFVMJGCpBxlSEHJPOT056kZPjPha3ifWfGcO0qqahCFLEMwxGD8pxkdcYBHI54r1XV9f06W1YtqdnuCAriRd24n0ORjnGSVGOADjA8f8Marp8Gq+L5bi/gXzNQiKs74VwYxlsseeRnoc4IPTj9rqzp+0oLmhyKesuVJWcVfayWq3tpe3mvwfB08TGnibxqT92CSu3dcybWve+979OiO7toTvJYuscbfK2NoKscc8bjwMZ4x1HbPfaOXlt5Y4lVgqGPcRnljnPOOcDk5IXBII4rzRPEWixE276parvUnepL9y3ByQM54H3unyjHHT6N498K2UcscupMXVlI2W7seODgAc/d5PrnKjJFXLFUVF8lVOSTSiu7UVZdVZWa2v01ZzU8Li3JSlSmotpNyvZaW0vs+W3qu9rr5F/ae0jVB4r0RrBIpRPoVzAUeTaoYSOSxBGOB0yT0HIrxn4D6X8QoPD2rW3h+50+1tbjWppLpZgWl+0IrBSh3ABAABnPGAfp9BftFa9p+seKdEu9Id3tE0uaBnmjMS+cELuFDbRyMN715b+z74j0+20TVBdXdpbzHXbw+UzhT5YLAuMEnJJ56cHqB0+KrUoTzOjKVWac51Ho0o3tBNaLzv11b1S2/SMHVnHLOX2akoU6Ca5HJu0mvna17W1uuruO8b6H8RW8L6/P4i8QWlxEtq4EUMDljbK5+UszMB8wK9OSOGzXJfs3+G9b19tZsNO8SXGhQ+bDJcC2IHnsV+Vuf4gcbcfN3zhQR7J8SfE2n3PhnV7G3uoZGvLG5CmLLb2G52Ylep6k55ySc4znx39mrXxoMmvSBfOml+ziFVgkmGQp4OwnYxC7QSDjGcdax+r0/7XouSm1ZxfNe7slpfXVb20890zq9tVWWV5QjZpRajGCVm5xvpa2j1TaTts+3pXxp8D6l4a0aym1PxTqetzXMktsqXcrv5CKGIaFfuqzH5SR0Bb+HIql8CvB9trfgdrmfVdThjj1S5ijt7a5dYkG8h2Kg8b+SSx5JIIydx2fjb4pbxBomkpNbXEEkc0r7XtnhR8KSxUtxJg53EHtx0wMv4A+IZLTwDPaWukz3DNq12GnD+Wi5d8AE9+ST6dDgMCNvq+Hhm6pypp03TlKMPekk/cd7JO7W+t/NaGDxWKjlPtITcaqnFSkrRfxWsre6rpN6R+b3MX4veCNH0aK9uoZb+SRNOcW7zXMjhPmHOCzYJOAfc4z1rvv2ePCfhbWvBFhdaumoT3Ty3cLGO9uI0ARgBlFcKoGDkgBgRu9Q3H/FPUtQ1HQtYnvtNFssFuLVMzhmxuBztGGySCeoUjHAGMX/AIJa9quk+CrSCx0IXsS3NzIs/wBqEe4uykqFIzuyOeSCOABmnRp4eefSh9XXs/q10uRq754pt36pXtrZL7zSWLxD4fjU9vP2jxfLzuo00nF+62tNlbTppzWMP9p3RtG8OazoVppNp9ntn0aaR4xK8rO4dSJHd2Zi54O0NhTng55+hfgr4a8L614M0ya78P2k1zNpqLJczKzbjHhUXbuA4AAJA56Ada+bv2h7/Utc1LRbnUbBdNmj0S5SO2Mok3KGUmQsDge55JIHy54Hsvwp1vXtP8F6LFY6lZ20IsS3lyQtIwABzyCSQWwATjIGCOjUYehSjnGIh7GPLGPuwcbpO0b3T9e233mOJr1f7KwzVecXzLmqczXNeKTTkm76Jrd7Ldpng37UumaboPje2tNPsLSwiGkW8hhtIwkTsSB5uxTjcB1468Yya+ovhz4V8OyeEdCuW0PTjPc6BDLJI1rEXmkZMmRiVILdznk5z0xj49/aGvdS1bxNbX2pX0d3cvp6QtJFGVRVibARFGT8vBO0HocjrXungiPV/wDhH9DBuNfmgi0mAkRSBIkXaGUJ6KBnIzwDnIIrHBKms0xkXQjNR1ULQdlzRVktbadHZ+R0Yic3leCksRJRvH3m3eUVG9nK929b67aaJXPG/wBpG3j0/wAYaLGkEduqaXGUjREWPa8i87UAUD6jI464XH2b4IvIYvCugg28ZI0mzKskCZJVRyzhDkjPU5YY9evxL+0MZrjxbpsUnnhk0KzYtcSK8gJcYU55KE8g56e2d31b4C8MT3HhjQpJb/WW87TLQlEYoiYTO2M8YUYAAPB44INehlc4/wBoY39yl8NoWTt7yVrdnZt+m218MyhKeX4KM6qSbdpSbvJySdtHdrz73Wx8X/E29z8brSZOM+JdPHzYGMOpbbgYVQTn5c/N6bcD9D4Na02NYVmui8nloWRpFXyy0QZRG2RkKAegHHJwa/N74t2EUXxdtbRmuFU+JLWIyMwM+GaMEluu4LtIOOOhxX2H/wAIppEKxF31G6IEJy88jfMI1LZIIYAAgYPBB5BzgZ5bKUsXmbhSUX7eL5WtEuiW9nfXd7bPpONpxjhsBzVbrkS1i5czTgu6fk/WyeyPn3xvdxf8LVsLzdiCLxLAxkduFUFCWLhht4PGSDnkDKivu+y8X6LdaRfWjX9g2zS7tIx5pJZzAQAPRskggHnk8Cvzz8T2SXHjCzi8qQpL4miiCFtxK5VdpY4PIyGGc445Nfb1r4dtNM8P6n5Ol2sTLpVw6SspZxi3OcM5Iz1weoHenkam45qlZJVHdtJ9NVZ26J9fJK5tm0qcP7Mu5NuMUuXlslzw0d7O9raW+1pfc+OfCGsabovxO0rU72QpbRJqm5olLk7nbYFVRznJA4zjGByQPqG6+KGj3ccllbQXrh4ZhGyWboGaRSMHIxwxyQRjrkdq+TvDFuLn4i+GbRQjPML3aGA2FmkYrkYbODj+HjkdAMfW934YutPRrl3t49wdRsRFIVVJ4wDglhgAc44HfbOSc6oYyKqWSqzWiu/ejC75r76p7fgjPOYReKwblFyk4Qs1a0bS2tf4lpo2+6XU+YfBWsWOk/FLRdSvY7h4431JZUiQtK8js20BFBI9OBxjsBX11rvxK0u+0XVLG00jUDJPo97EpePCqTEUXORwBk+55yK+K9Dtprn4k6EI5Qxkv9TYgsoHymT15HIPtyW9APshvDxh0q7kecmZ7G8Mg3KRnymIAwMDJzwCdue+MGuHKkvqOPipWTq1eZNa6qKuunndO1uz2z4ggo4/AScOaXsqVm7paST3tfrZeXdaHxH8IvEEug+PFv4NOlvnNpc2/koSpDmaTceuMBupPYAdMV9Wa/4212/8P6xAugRRJJpl0HkebJjVo3G5sj5mGQQDnPbODXzh8GNJuLr4iQQxshBXU2OcFcLPIOQTwcAgdee3TH29r+gpD4S18ySQKYtGunU7QGOImY5J+8SRwM9+uBmt8hdssxidZ04qVf3dEm7RtrdKzfm3Z9FY58+i3mmBbpNvkwz5rO9ue1lbTTq976evwX8DNY1bRvFmuz6Zp8F1NPpoSQTyBBHGJBucf3ueBk+p9j9I+M9f8S3/AIE8WR3Vrp0FnJoxZmVxJcKAwIEeMYO7Iz83Unqa8r/Z78K/2x4w8Rie58uKHRllR4gCSzTbVTvwcjJ5AzkgHLV9I/Ebw0mjeAvFomIdzojGPLqwJ3chRgY4z0wVPbAqMpi3lOJSqtWdf3U7b32tpZ6bfib5vaOb4a9OOsaFpSTul7ttW2tflbdPU+MfgLd6/a6vrJ0N7ZJpNMiMrzqXIjGM4YE4JAGR0zyxzjPuXj4eNLzwnrrajf2jWg04tLGEO+RBhiEPVCCB15BXO3B58z/Zlg8/xPrsSkMp0dSBtB2kFM8Y9MA8E49q+rfiTawL4I8TibYqrozYKrhmPQ5OBjnHTGQTn1O+VYV1MlrPnk2o1YqKa5W+/mlrey+VrHNmeKVPOqEfZwlzfV7zaV1dRSV7rZ63X4s+R/2drXWby88Sw6Zq39nItnFNOyqS0gG0AAEHBAzzgcHnJxXtHxB0nVrHwf4ma+168u45NJz5RjAjky6AK/GDwADkZB4PUGvPf2W4iL/xdI+xI0soFhYqNpyAdoOD97AHAxnOQTivb/i0/neB/FAVWGzRgThCATujAIDDdjgcjjPvXn4K0MpqxqTany1LRUmrq/RW0vutOie2h6eJ/eZlRcWlH90naK1acE2mo6attdG9GfMn7PemWmsal4ijubi9t44YLdhHZzGMucABZNpywXGCcnPqTnPuHxY8PaLZeD9eeI3c0p0klXmuDIoXhgzLjkg4H1zx0B8w/ZVhjbXfFQkRn26fC4Qj5d5GASR8uCSB0wOM5GTXuHxqgMnhHWU8s25GkXW8ImFfbjo3cAAYIz0Hfmowsqf9kVISkvaONRqN9eqvbpv92tmwxkK39qQlG/s17JtqN1e6WsktFd691t1Z4d+zdoGj6v4U1N762W4kTUnSJnmkUBVILfKrKDu6DcCCDnBFd58TdK0qz8E+KjaWVvEI7UENyzqcAdWJ5zkDDHv14p/7HegvqHw21/WFDvDFrcsJk+zu0KEEjBlVGRcnruZeecD5id34t2csfgHxnIpQeXCiMMZ2kEkrkYyAAACcfnmtFKnLIadlGclQlz6qVnZK7erT0V72vboxqNT+1ZOpzKHtE4veNrQ1te7W8bWej8zlv2ZbCC78JXk89tDKqagSHeJHYNgALllyMjoAcYIPQkVufHK1hg8Ia2PJSPFzaOfLijjxuYjqAMEDB549TxkO/ZHiW68Eai5immVdRK4iUsfmAAbaCcEEYALcH5QeMmx+0QJV8Ma/FtdURLKXGwgsQWCsRwe57kcHjcM1tiE1wvTaajJUk22/eSdtfVqyWn3XPMw8nHiSd+ezq2XLzau1l2StZfe3u2cz+z1AZ/AVxIY1LDV51LkKXCAKfl3chQuQBknJx0BA95iMDyCMDny3VvlTJ78Aqeg7cZPOcE14r+zPbGf4eX2C5C61KNqrl8lV4TH459cEndzXvNtppglCPHM5YO/AwwyDnIIyB3AJ54z1IroyVxWWYZ3Slya80rJWau9+/wArPzsc2bqU8xq2u0pKNk2le0Oyd9NPv6nfeJESTwJ4e3I7Klzaq6uSEK+a3GT1I/utjPAHGM+K+L0spvh3ri3waPTpb54nZHLFQzkZCHgHDDrnsAD1PvuowK3gTwz5iyeXLqIibg7gUdnwMjnBbPdiBjPQHzvxb4fs4vhpqjXJSe1udR3mNztaPdMQApznOcdeehIB5rhzao1hcRJyUlTi5N8um6aS8m731Wmvr7nDkFLHUqfK26r5d7papK/Wzba07N6H5x6z4al0mOS8sZY5tMY4RgAZEGBtL5O7uBggH1HavMZdX1KGU3MFwCsZcbWxzyVwykY5GOTz788/ZN18Mo57fUn82e2soLWO4hdN89p5sgAT7SV4XAKgDGASD7189fEb4T+MfA72g1zR5bO21Urc6XeRRmS2v7aSNZFmhkX5QxDqSCWKnqvGT+eYfN8JjZypUJJ1qafPBP3oyvHRLRpdFzb6H6BmWSY/LOSu6U405xUudKWqlyta21tra9ml9xwkerWurOI5lFtchRulJ4kA6kP/AA5Iwe3rnpWP4ptSYUVWJfAwcdUBGDj5gSeSdvvxtIzi3UU0SvFh0lRihdlKZbklegwR2IIztBB5U1PbahNHCsN6r3EEgwWZiZIioBA3AdQcEnJyeBgEV0Spe1ly2ak7LS6Tulo9dHZq2m+mhzU8S3FxrLRpJPbTpdPXS6bt1stUcksDrHe4GVDR5I/3h6DoDx7YHU0wKSqrjGARknk8dAfQAc885PrmvTdF8LWeqf2mrXjWdtOtuTcyLv8AK3OoZtnUhAWYgHJAxgDgdv4m+AmsaH4Nk+IelazpfiLwhFfR6VcX9jKFure9kUMUubRhuhUA7Q5I3cjJ6Vy1KToOze70+5Wsnq/Ldbb7FKnSavBq1+7ttpvrslu7bu3Qt/swSNF8TbQ+YY8adcYcYwCFYLkkgqOgIHB7nB5++PGFvZX2j239q6bZ6lFdSxwv9pjhdgGdVyGK71BBxyRg89a+A/gPFPpXjqKcQTSMLG42hULPs2ttYqvOCFzjHynGcDgfV9/4yF7a29jsUzQXf705aEx8kqHjfBJ4B4DAHI4zg/r/AAQ8NLJa1HEwpzUqsmozs7tqFrp9fdaTaut7o/F/ECWYU83w1bBSqq1CEXKnJwalzW2i76K99tVt1XjVv8GfC3i7WfFVvbs+hSafcKtqYWLQ5kySjIckrlj0IIHHTNcLrnwA8caIzz6RJHqUCZKvbt5U5AzjEfJz7YJ6dOBX0h8Obo/2/wCLZnaOUSzxndhSFA788nBJVujdOOTn1qe65EizwxsMlUBG1vU8ZyfbIzkA8Hn2v9UMgzXCurUoqjUlOaU6XutK+jS1Wnlu1oeI+P8AP8mxsaHt3VhGnRcqdX39eSDk3e0k79b6b+b/ADA1OLxZobm31nTLlEjOGFzayBSckcyYKqMdT8p6sOMEb/hv4l6jopQ2OoalpMisCXtbiRolbGBmEkgbR6qcnqccH7R+Id3bXejzwTWMEzC6tgZjErFgZkVlLEBjxnPbHXJwa5HVfhf8NPEEYM2jy6VdNEi+dYHYSSgBcKOPmYArkjkZr4PH+HeJhia0coxnN7OMZqFRuN02lFXjpqlvZL8j9EyvxUwssLRnm2HdOFWbpucFzwvFQu7Ss0nfZXe+qIPBn7V/jbTI7aHULmy8SWURXMc5EN46L94GQk44+UNg4wCBivo7R/2qvA3iK6trfVobrw7OlvtImAuLNpCCGBlxhULEnnoMH3r4f1f9n+5QvP4a16KdU+5bXi+VJgfdTzCQCRnkkL2PFeVX3h7xp4YvLm1vdPublrRVecWytdxRRuCVcbQTjAB7AkcjjFeBXwnE2S8ssRhqkqcWrz5XUg2rPdXtor2bWl9rJH2GFz3hXPEoYfFUVOUU+RSUZx+FaxltFardp3s22fs5pNt4A8WQG5tL7R9Ta7jVt9nNEs6s3AXAcEHjkdV2gYPUcr4s+ClreW813p9zLbILiJ3SdTLC0a44Vs7RhjkLu+XHWvyR0jxrfabcJNb3V/pVxGwINvNNaMrA8DyiQhKknJwOgIA5NfRvhP8Aan+Imj2v2Jtdi1iyYxKbXVYwzKqEYUP16AkkkkkA9OnRheMHBOGKpVKcuZWs7Rv7u8XZp7dW07aLS8YrhbDYqUKtCpRqRjZpSS5nore8r306tLZWetn9Sa78GtT0cS3L6bO0DgPFdacC2VKjJ2Kc5JAYg55zjPU+etoOt2Y2W90cbmPk3kbwSDcCAp3huc9McjhTwBXoPhz9s3T7qO1tfFnhy4SFERJLjTpEmgKkqrssAG/G0DAOSW3gMOle6+HviZ8GPiErKmpaXDNc/JHbanGlnc75PlABbDFgOC+4HqTgAZ+sy/jJSjyrEU5Jw5HGdk1pFPXq3ez0stXe9m/kcz8PaNWXtHhZcycWpwu4tpxabbv01b+8+AtPtdRsZJUurWVV/tCZi0ah0znk8BtwPQYOPl9c1vy3ds0M6OCp2yKymJl+ZgMADOcHGCcrz2Hy19uxfBrwhrL6hPYyyW2y4VInsZ0liZCckgAn7ucnjnoCa4vxN+zzdJG66bcW+ogsWKyLsmAHJxIu1d2CASRgEDrmvosBn2FhShCpNte821aSbk9HZN3ab9G29rafGZvwPicRXqVMP7smo3UlbpFLVK6aXorPTXf5BtbeJLzSnCMyySz85H3mQcccYAOTgg4yTtPFb81nC67FlaKQF2Uvnb2UZJPAP3uuAORwK7/Vvgv4k0OWw2Ws6SmeZYraSTesxkQD5JuAhGPuHHocZrjb7wj4o0fzJb3TNRAVpAwELSFBnhc4GQOFBA5x1r0cJmWExEsRaULSmlFSfK7csNr2fTrbTdWPIx3D+aYPD4aDoTqezpyUpwbaXvJp3SbVrX1e2nUZDZahFCgF0rRlXLIxLkjYSSAdwPyjsevQMMGoNN8N6Rq+g2ceoaZZ32TeNI88UaShvPbB3KQSQTgE4z1zwDVO0uLpZfKuC0OyOZk3K6PuKHG7dxz90gE9xj1z9MvbqOyttjkYmuOGbCnMrhhkDBGQOOfTP8NZY7DYfE4jDwnSpVoyhJtSUZJJOC6pq9lpot+vQyzEYvA4TFVIzr0Zwq0kneUJXu7yb02V776Wta5kan8EvDl/JKunTT6XcOCwCt5kCkjPC54A65yfmwe5rxPXfh34l0G6so7Zv7XhnvDBC1tETcb0YARrGuWzjkghhkn2z9aaXqUn2qL7QduCF+Ub92SADwckZ45GADk8nNbvg8RSeLPCDSeU8X/CZWobcoIVHuUV9wYEAYPIwDgk5Oc18xmXB+UYqFSSoPDVVGc/aUk0vdjFpuOi8ndXa38/qcl43zrDVKUamI+tUpVIxlGreTUbLTm+Je91bdlZva58TXV/No/nrPZslxbq0U8c8JjdFXh45o2wQxY7QQuAQMHIBr0nwB421jw/c2fibwTqk2lavYOlwPs87LcoUIDJIhbM9uSApR1A2kYr9hP20P2PPAOu6PfeNfB1nZaVrq+GI9UlayKtFqMghDzrcwJ8qyORkFQMHGBnIP4HpY614cvJILmzutMvLRw0EuCiPHuIAOfldWx0PGORyCK/H8zyjFZXKFelzOjNv2eIgnHVNe67a389Eulz91yfiLCZlGWGqcnPGMY16ErStzqHvRbVpRs+mi2ltdfu58Bv2zPC3xMsIfh/8V4LXSfEV1siXWpXVNL1WQoUVmYnFreE4J3EBiRgnpXtPjjwXd+HtUk1LTZprzw/faWEtbxdsrqSOkgXcDFtwY5FzkDpzX4DaZr9nemODUW/s7VZdpivV/49Z2AKoWIwY5Cf+WikMCd2ew+7/gd+134i+Hklj4O+Ja3HifwP5YtLa6lkM99pkbjaZbadmYXVsgbHkk7wDjJyK78m4txOEqxp4qTnSk4xk7XVrJOTts0l21utDlzrhHDY+nKrhIqM7c0VHRrSL5W387rZapN3ufZPiprw+BPFv2Iq0sngtisYCNveCaN12qQeV29ME9Pw+ZfEPwU0T4x+AbLxhJY/8I74osdOtrIXVvCIVu3jt3Z5byBVVZlcoMvgHLHqOn23FZeG/iB4Xutd8BaxYanptzoV35Qt5FbduG77JcQgloLhOQI3UhsHsOOhFhaDwBoFoLJbe5FnbQ3KwoqZeO0kU7wuFO4nk888EdBX6DRxOBzajiaU6VOtRxDpcktJKMnG8veWsG7vT5M/PamGzDKKlCSlOhUpTfNy3SlFOCejst94tPTbuvwE8V+EvFHw0ka217T7m1GoWry2M4jc2GoWwOPNhcjYXORkLgg9QSTtyfDl+LhoBbTyQXVmyXVrcpI0FzBKpyPImUgoVdQwB6NnIIr9mPiv4B0Hx78H30rVbCO4ltIXjs7xUQXOnyCdELW8uA643HIyB168E/mH42/Zz8beCNO1vxJottJrXhPSTCLnUbcE3tg78jz4RhjGDtDyfcGckDHPwGecL4rLlPEYWLrYX3m+X+JRaalaStdxWiuunS97/c5LxThsb7PDYmUaWIas4v3YVNbJxk3ZSk94t37b2PuP9nv9ty78Omx8J/GVZNZ0YNBa2HisgveafGMRxQ6rEcmSBRw0+3KgZ5xkfUfxo+F8XxE8EeJdX+GWsQ3mj65bxa9LBpUyzrqUsKqwht5EJUS4JYw4wCMYyMV+F+nanFcW8UN44eUJtabDFZEIA8qVCMKRwDnOMcdAT9K/BH9oTxv8C9Vt00y4l1nwa80c+p+FbqZ3j2N9+XTyzOIpAuSFUheMYbrXm5HxHiMurRhXcqtFqMKid/hlZWs3fTtf0WjR6mb5BQzKk6lG0K0eWdOVklz+7yu7Vrtpp2fL10b0/REaBLZfDCxsLuJreW38GQiS0ZPLlhnjKiRJlbGXXac8AZIOQvTwX4peDdK8cax4O0LVARaP4dZftVsoWeGVIw0JV8dVbkgAZVvTAr7q8P8AiT4a/tMeCrvWvBmrw2GuS6NLZSaJK6RXtpcMobZeWhZWZFlBVJlGCDkHkY+XPFPh/VfD3jnwPo2sW/2e8XT5lchSYpUhDco+MFGUZAycZw2dpNfqeCxuBzmjUopxlBxlehUd/ccU3pu0tLWtZ28rfl+YYLH5NXp1pKUKqlaNaF7c38rT0V22rbNvRvc/ODxB8N/FXg+4vb5bO4uPDtnfvYx6zDG7xoEbaqXajIiODkuRtLZGQCa5tp7e9uBG+yOZVHl3cLbSWUkqSRt2yLgNvxleBxmv1LQWmnQz+H9TtIb3SPEOrQteWkyho5IbuUxSKQwIJUDIK4I4wxxz8YfGD4EXmleJPGmo/Deze78NaNBDqV9pjktd6dHLk/6JHktNCoBICsAAOTmvgs64dqYepUxGBi5YdScnTV3KCSV7J3fKntq2rXtsfd5LxFGsqdHFyiq0krStZStypJ2vyyu9WrLU9T/Z+/as1HwBOvg34rRz+LPh1dwjT0vZJDPfaQk2Y0Zn5Z4IxyWPKgAjqcffWk+BdHs/C+o+IvhprEPiTwzq8ZvbOOK5WV7GK9IZodyljJt3BXJA2YKnGDn8HLbVVurbyZ5Giut/lbWXYpBbBWRCvXOQ2encnqPffg98ePG/wc1SGLSriXUvDN1LEdY8LXMxayvINwMr2ZY4gfBJAUqpJ6YbNeTlme4rLqkFKbnQUl7SnJ9Lq/K3blaa+bSTR6uZZThs1pTfKqddpuFaFk1K0eVS0TafndO29t/2v8Uxrc3HgQuYlvbDTNPcxhQRGx+SVgCO4GBxkA8kDivgH9p9rp/ivpcUWYAfDszpKEwWIkkbYzdCW3cEdiOpr7R8M/Fb4ffHzTR4g8BzJb6zpWk2NtdeH7mZYtUs5kK/aF+zsd0sKksPOUBQg74FfP8A+1d4J8QXusaF4itrFLe10rQ4LfVLpSSIftZEcDu4wdpkZjjuRwQeD91VqYfNMkxFWi4TUqUm6bs5RmnFq8d1JP8A4e7aPicLSxGWZ1Qp11KDjJKM9o1EuVJ3tZXb/wAP4F7/AIJr3qS/th/ACTOyWDxglvcSRqRvZ3UHcfQ++QAT0+7X98txAVuLk7VK/aJBggfMCxGCBwex6Zyc4xX8c/7CX7JP/CtfFHwS+P8Ad+L7XXLWT4meH9Pit9NiDWkB1SSDdDNOpKNKrybWyMnG0gHmv7NNQjXzZyBt3SswwvGXy2eDgYB989ugNfzrisRCtiaipSbjCbpyutnDlUtNH8Ss3a2vNsj91cZRo4fnWs6SndPTVRa+bT16vRtvW+J5T8lcjbkAgcBTlVYnP97PPQE5OMU119TyNvPJBAIAzjOCMEZ7jB7E1O/UkfKgB6jI+brxxnnBAOc7h74gkRyxI+bAyBnvgckkcluvO3b0zjiuNzknaVrpW2td6Ozd7bO7V+VJ9XYlOHnfomra80bWs2r3fntbZsYFLHJ6gkg57EHgYx78gZznjnNHlEDcQWyc/eBLEnDbecYz17Ljknml2tkk4UAAYyOSQO688jqBnHc+rgwxtbBB29guAOchdw6Y+bsv0OKUlJq7aUVZu+ttvhktL6q9uXm6Nvms7ppWu22mryur+6r9G7L1vq3e7KzJnJ67gBtGQFK8Yzydp/DHQgHrGcnt16AgEZ9+frgjp3B7TyA7hnkEcZ4BPQD5eMEdifT5jioChXJUglSMgc479+CoYYHGTVxi+bmbtfZO70tFLW6W9re7d21d9hu3W3R6210ba023++9knq8LuJbA4YHpx6biTnjn04OcEgGonAAYMu4j5hnPY4zkH0+9nJ4wMjGHbfm4HTOSDnqM9eQeSfXGOeOKf2HfOODzuweoHVcH5Rkk+nHFW3JO1r93GNtrLRtyTW1kuj1tyifLZXdtb3eu9t9F69997orhRkZ6nGSe55CgN1wRkDpntknFO2ZGM7ctz6Zz06HJx15J7HIJp+AAvAwV7987iDxwuCT68nn3Nq4BIHHPXAJJODwRxgcdcY68ZFp9du1/VW39NNnr8hfPov8Ahvl+hHtY4zg88KwyTxxk55YdMYAIJ+UcmlxzuBPJySQAM559Sx9ceuAM0rhSNuSozyBnI645GDkEfn1HING3GFB4UDgjOcdfXPuD13dRxVJtXs15a3uvd1+eui1srt30S5nt06Ndb8v/AJKl2vsOAG7OeQvGDnljluueCD0HIHHoCuOu49MdVCjjtn8j0ySB2OS7pnkgHJB65X6ZBCk/T6gE0EFUJOfmAPUckcZwdxwcEA8Y5GTg5cpz9E9rX8tX0Wl7Na+l0aJuze104tJNXsle/wCG3for3QYyu7lT0PHUckdM5x9eAWBOTTHXG7GGyRwMEAZ75bJB6Ee1SY6E4GATgYJ59x33eozjGOOkJUjIweeSTuyBnGSOozjJz3wV4OalXvpKSd/eTbaX5+SaS30V2GyV05NarRaWsr22W+jauuw9CzE8A5GcnnIGN2cnI53YIwB+NWAoYbj3GGOOQSTjGOw6Zxkc89qrqzYBAXjLc5JCjOeRwOCeMdRjOMipfMyv+0PmHOFYc5IAyAMYPXjHPbFTdlFJt2au9b30vq3fro9V18nnZau7ta7XbZaJLv00slvq2SEA9RgZHI9Qdp4PtxjOOQTRtB3rg7DgA9ABnOCFPfsOSOpyMEpwcjqOCSGwcAZwdw79uQM89eoRn5sAAsM84PAGOnUkYIPTpjqcypJWbtZd27K6il316/da+gW2tq73XTRWs27tt9bWd7d1rGVJIUj5cbTg9T94j1xwM7vvHqcHANinJ24JyDnjkHAxzxnlSeAxG7+Kpxty20HBOSMYII4JHqCAeTnqeccU3b1AyQo3EngEfmcDPXjryAKGld8uy279Fpv62Lk3a1k9le1rJJJXT62V1frzJLXWsVUAeuAApOM9ic+vYHvgdOtRrGASM/eJUnJI64yGLZIOQOOnJJw22rbAHAxjI6gcgE4bIGcHGMccHB57xmMMfu4UkDIzk/KTn72RhgeerKcY6mtqd3G+r6ejVrei8tb33uOLSaTai0rWvbVcrs3ZLVtNXel76OzEEWDjODnsRjgYz6ZIxxySM/ivlrjuCCck4IJPv1xjHPI6kEHq4IMkYwCADk4OcYJHQYJxgY/u5zipdmQVO4gnI25JyvGSc5I9umOuB1u6dk9LK19+3o/zt0Q2optpXl/4FzXaei0Vm2mm763SSW9VocAbuR3BOcAcHn+H2zg57HNRmME9CAwJ5yQNpOcdec9NpGc457XiowCV/h79fTLdjntzjpn3jaNThsEYwoDZ9gMKeMjjPOMHPJwaS5Lxum99ettNv8/R3s7E3u1HlVk1JLdu6Wl0r62Vut3bdIqCMt16AAgAcnPHHXt0GOCAcdTTzEr/AC424AJYEdhgcEHAU9+pxxxkVMYFPfOSQTwAAOvBPYfQEenZxCg5AwRuG7dxk9yMg4PufUgscVStezV9t7eXXr92vzZScba/Nys27JK0Wveja6tprbdWaItiqSOuBwcnOTzyBzgjgDI/XIQqBtG7O7BB5PYgFcHnPBx1PA46GTYd2W5KjA29RwMfiR146jAP8ITZj5SCAOc9CAcjnPGfTn6juadl23W/ly7ab2ttpa/oZNpvS+mm9tHbR2Sv01Vm+u+jQuBjIwCDnG45747Y6dc4/GotpIYkn+LoCQM459wSDjvu6c5qwqFRnPT5jnng9Oo65z2P0yc01kOTnjJHAHpk8ew7jr68ZFJbXV7K+l+t1Zed9tXK11r1BOPr2s0rfg/0IGBUFhnICgZ449Djk4B5JI78gjICxBwNrH/a6LjjB564zye4AycAids99owBkfLnBXjv3XJI6tnH3jUGwkEFRuUdCeWJzwVUk8DJXGCD14NNSezVtfnbS21+9rWTfXqPmem+ll00/K62u7fLcjLHgqQzEE7ODx/Fyc5Xbgk5wMn61GQ2ecHnIAwOeM7fc44IHGOnGBZEfy44JzgYOMYOfbn3JHXHOOWmPAGNpXA5wOp+X5eOem3oRk9cYFCa3SenzbendPpo9fzQua107a7Xt5Xa7a6P/gogAwWIIyATkHIAc9No4ChRjHpnHBFL8rdDyQMgYVfl+YE5ySAM9AGP06qyDcuB91chQM7jnOMjv3xhV6jALcNAVGUbSzEnA6HBIyCTjg44PbGT1Iq1JxStdtrotvKz23VnotHqw0bS6O22i6em342bG4B2+mTgZwQQOAOT2GefmNIRyuSBkkndzwMAZA6HGcgc8Eg4IFSEDCkAjBKkYP4AenQ/MeCRgDg4Tg5+Q5OVzjnA6Doe/J45BPTNJzbV3p2eutuVvotHutHbV+qklayennfXa+tntdtdVa+y1iZMDA7kjLHtjIQjOeuDnAHOAD2iYA/MyjOMHscL0/IfLweSPTpZ2ocZU8dwM4XOMHk8Hj+vP3mgRnIK5AbBIB5z2BPofbtyfvVLnbddE1vq9Hbpp0evR6u4QjoveWqu9Vvpp5LddddL3ISgCsCC24D5j13D6dOhBSlCjPAYHjJwf4cDHcYGT06n3GQ8oAQ3ULkn1OOR1PUe3PX1yHooUhsvjg9R3yCTuPTn2zg5PUBpyb8rLRd3bf7+nb70oq909U9Vppot0lbW/r10uiHyjkA5HJGAME/xLkf3eeevG78VaM8YB4zgE4HfhvUDoCfTnJwTZ55XgbiSD6KBycZO0duPlII78ljIwBJPy8nk9cg9h0HTjrn6VVu7s/yva93bpvrrdNWWpVtN/wAbPS3z/FvcrCPjncCw6YyMLyBkE4HUjPJzjB6qzygSGGR0+8OMgkElc9MgdOmByTybTK2DtBUtgnuMdwSD35xg5GR8x2nLdgxgnJJGDzwRk7eeox/FjBwCOeiVk2kn01+S9bbWT62fW6K0ilZtva6duiv59Wtkn02d6xQAjHBH90DOTnouOM9+RgZPUZqKVWAIA+YKF25wwLcEEAYAx8xPTJzxyKt7Ml8jHpwRx6bjwfr9OmM1BtKgkjgA4wdzHr+OM5yO2eccmqvZb2+7z6/P+rIOay69Pv0t3208rdFuUyvIB3E52hvQAdSBxncc8DA9DxiXyTtUDvgAEckn09Qecjg4OKnGcAYB3f8A1+MjAyCvB5PDA96cVXqc7jzwSMYGQOeemG9B6dMl/Lt+DT637fe+2g22mrXvZNvRN3UXdv7Sd3dP3rvaWrKflFiC2flOSAeflAI6jnOPfgDHbBIuOW6YACADBOMYPGeSvzEHr908HdYKt1Ygbjwecn1GeABzgHBGeh4JpCm3DZzkcE8jIxnn1HOV7cjPBwJt6Xu9tdd0lr8t3uZS1XX8Fe7hut9LtK+l+2qdYoMMAp+UEAHg5znIPoQflPPUjnrSAMSDjG9Vx0KrjJU7egP05Ocd+JtrDcWJAO5sHnByCeeMdOMdORjGArFBBQbgM8YDdCepOMZyMEZwACDjqKH69n18tNb7W9dN9hpaXSVktLP0166Pr563smQsqgqSGfDE8dctjqRgDnGPooxihsAAbSCSSFJ254HXGD0yN59e5FWNgbrnI44wck9eF68gk9cjOMDAAypnaB0A54JAxjGe/Q8fKVPSlfbyd18rW08mtX16gouTvJ7W062VrbJrTVX0v10I1XCkg8kckkYBHXBPXjucnPOOmJQowc5ILDcSQMquMegBx3AOePxZtyMYOAd2efwHsAc9MfmKlG0jONq5yDw2CACSfXGevbK5x1oS6db9Vr0Vr6v1Xl3LaS95abJPrePI1t1Sv5J2fTVu3bg8nPJ5x024HIwSRzgHjGDzSyAY67SOTgdSfun3znBGMd89hIME4X5dz++CMHHY8ZAyR97I9MmN0O1iecg/w5BAzwp6dhn73vniqVlrfVa2t5rrfT1t38gWqacdLN/NWv1urX3um9bJDMgcYxhccHn23Z6DIxn8DjBNQMRkDPG7Hr6ZJPIPX5fXkVIRw2Q3IyGJzkj6dMehI5zk5JFRMBtUcAeuOgxz17Fh1x274ACvqt3t022tbu1Zq1n0Y9FHZvotr3912ezd0m72V3ZX0ZueG8DVM5z+5kUDkElVJPHGRg49j3r+JT9r7WLWP41/tBTzzRQhvHt2jSzP8qxx3zA8YLZyDgD5gSc8ECv7ZvDrAalgcEwyZJBPRGxg4Ocj8cdeDX8Qv7Unlv8AGr46vJDb3m/xp4hnWGWMMha31OYnfnIYADaB1PPHAz7GTczxU4xsm4rWStbVNXsmrLfbVr7pSi+ZyUpJcqaje+r0Wl9NV2a1Xp+V/wAdPFCXeh+ItV0SOO/tImisE1K5Xy7ZLzAV0gicbpcKSCyjA2nvwPtT/gl7+zP4dm8F2v7RfxHmj1nXZNeuU8NJqYEmn+HdK05ytzcwRSloYmLAuHAAVQSRnDD4J/aMt2ufDzGGOKxt5pnuI7K2Ty4WdoDnAXapJck5Izuxkmvrn4IeLfiH8avhT8JP2Lf2c7mS31HU7F774sePokkW18JaPe3CteWv2pDiO7aFnGwNu3YGDhsdtWM/auVWUJ8rdoxu+Ztxs91dpaPRJXaSVrmUpQ5rJuK5dZN3vom+bS9mnay1a82e3ftI/Hb4m/trfFS+/ZJ/ZZmu4PB/9o29t8UfiZZ+YlhDp8TiK9tILxNsYhVSVCpITLJgD5SQP2b/AGcf2Zvht+yl8BLr4ffD3T4kuIrOM+IPEksaNqniHVXVUvLy9uceaytIzeREXwoIGMcjN/Z//Zr+Gn7LvhDSvhr8PdPikurbUbGXxJ4onjjbV/EWqzRiW6u767IaV4pJixjiaRtoIyCcY9q8feLtP8PeENbsstc6nfav9mtdPtSJbuZmuIeNi5KoSANx+VVyQOBgpxV+eSanJ9tIq6tFLolb8jlrylPSPwXWr/lVrvZWu/LRb6pW6nxl4h0LwJ8PNJ8Q+ILtLPSdB0N9QuZGwHkjt7Z3aGNAAXlm/wBWsahiWYAHglfwE/a6+JXi34weGo/HHiXwzN4M0S+8BeLn8C6TJJm81Pwyl7CkWq6lG43wy3YCyRRYDKhIwPlNfuPP4FufHFzY+Ifii1tF4U8M6BPc6f4UmmVdOSQWhKX2syORHO8S5KxtlQ2MknbX44f8FCr7TY9K0qPSLq2/siH4UeIG065idTA9rLdxfZ1timEFuwUqmzC/KGHPX3MijGpnGGpTtGmnOU3uoy5FZX7XVtXby0SfzucuVPAVXyyvpst/gvazbs2tWvvPxj8Ir4stvC+lnS/D1jfQyCXyry6v9kgDtkKyEkoo5Az1OSp5zXmXxhg8c3PhC+h1HTdEsbRiklwbeTzJiqyoq7CCepYF89hkAHNe8+ANRsW8G6NHJe2okSOQtG1wisOcKSS2eSSfQ4yT1rgPjPfWlz4L1jy7m1keOOFdqTLvz5y5BHBPQHjIyPc1+0TwVKWAqyVebfsG1CM48vwpy0S2126236n4u8ZVWZ04/Vqbiq8VzyhNzs5xvJNySvdLXl+8t+E/CXjyLw/olvB4m0q1tjplu0MYsGMqo6AhWffhmIOM9CTk4HBvXHhLxbFFMtz42UHY5cWlkyZBRiFBLHIByoOBgDBPr1PhrVrCTw3oKrq1lFImj2qsjzhZFIiAK4HOQB6c9RwMB9zq+lxRzCXVrEu0bgMHzkFGwBlcbiTg44/LFelTwGXqhTc69SVqEWl9YklrCD0ipJKzt1dmtVokeJWx2YPEz5aUF+/aTWHhZx501JNx1fW7+W7v5v8ACfT/ABhHpOoR6X40u9ItV1i8Rra2jXE0u45nOQSHk5YkZ5JwSOvq0vhrxbMFa7+I3iYg4VxE4QbSeCCVJGCCAPXA5zz5t8KfE+iWmmaql1qKQTPrV3IkYiaYuhc4ZcfK27BAHPcDgc+syeNPDzbc3F/KRkL5NjMQzDcQSuAG+bHqT2z1HDl2Dyp4HDznJSm001KtN2bl1vK2iVrW7N9L+hmWLzKOMqQpxahFxjDlpwV1y09L2u9W+vfpa3gfgXwvNqvjL4hWd9r+uSR6dfweW8d20L3DMAS84j2+Y7Z+8e/bNek3Hwr0dpi7ahrc7PknzL2YnLfeA5GQePmHy9/rxPw/8Q2cHjr4lTzQao1vc31o8IgsJZJvmK8tGBlQcBsnBOa9VPjuyV5Ej0bxHKVBBY6XMOCcLnoNowRjpjBxwBRllPKY4Ve1jTbVavdP33pV0d7N7ei0srXus8fXzWeKSpuqo+xor3fds3SpuVtuvSz8+54bqvg3RbL4o+GdJkhuJrK7sJpZ4rq5lcSMAerbumccBgMkkZ6N7vbfDjwfujMXhy0YqSS0hkZSu7HALHJ5yOeQRyCcV5B4k8QR3fxY8KXaabqimDR5M2s9q0Nw7sWxtVjyvPGeAAck9B7Zb+IdTC7o/Dl+DtBAuZkt8LncOGzuPbIHQEcnOOvLv7O5sbL2UGvrTUf3bklHlpafC7682m2rdloY5i8zUMGva1It4eLqy5+S8nN3bjf4uW2uu2i2R5J8YtD0bSdF0RrPTLO13+KNNhkEUIDMjXCZQnBJTswZmyDjoSK94t7Hw3a2aeZp9hsEUDFYrSLAJjBORsyWBAJODz2y1fPvxqk1nU9B0Kd7G3sYo/E2nsgOoRSSSuZlGHCgeWoIwWPHG7kg16PA2vKsUcs3hyEtCh+fUI3bG0AAqDkErkn3I7jBzhXw6zTHKNJSj7HC8v7uyTcHd2aja/yv5WaOmOHxTyzBXryU3UxHN+9vo5U7JtN3Vns3bXTdFX4qjSx8PvEhtLKCItbJtAtYkwDKQp3iNWHAHygqOWyRuIHReF/s58LeH18iMPJpGnAhbaEk4iQE5EYJJbPOcHJJG7p5v8RX1NvBPiAXWsaD5XlRAxQEvKwMoAA5ww3HoM8kYPFa+gXUg0TSkPi61Cx6ZZoIYLN5HiPkq2GYAjJJ2qeeBjABohiaX9pztTT/ANjppJqMUv3k76dbpa+VujZbw1dZdTh7S98TKV/flpyU+q1t3T/yO01R18t4Yo1CG3uAzLCqkFkfGCFGenA9e54ryT4JSbdL1YGNpiniC+C4j3ICJW+XBION2OhyMjJBxjpJStxJOJPE2rT4SXEdrYuu7APyhiDx3xxgDIOeK83+ErWMen62zTeJGdNevEC2A2qP3rAs3yk+acncSO7Fhwc08Qnj8DJwS93EWTcLe6qf8rte3o7kww7+oYpe0bbnRTupO3vb2aVr3328uh9PeFdO1Z/HXhm7jR1ga6u0WNQRgmJySArcArkA/Mozn3rxDwGrp8WPiUGJUi/v5H3MoO5bhgSSSBkZwSSdvoOc954Gunk8e6PBFbeOmeS4lFvcT3ISGICJi2VaPHQMoJ6DCg9q8o0rT7C8+I/xIhew1qWaz1OdT5N35bsZWd3WVlAJ3MNzZxjouBlayrVU80wlaMUkq8ocrbSUlSvraLs23dJLpvd6ddLDqOU4ylKcrujCUWkr61oJ2V7avRptW6WSZ9KzvaRwDzbqEOyEgCWIfeIK5yx5AOMY9uRXhviySyj+JXgZ2uIFiFpqDu5kDIuHJy7DAznDdByTz0zoR+H9NkVZR4W1KVo224mv58MB3ID4wACc5OewBGDxHifSAnjXwNEnhmKEzi+jitnvWkE7kBsu7PlRx90k+gIzmuvMsZUeHptU42WKwrTvN3/fQS3gne7fVbbI8TK8LS9vVXtajvhcQtoq0fZNycv3j11fR6Loex3Gt6JbZc6rpoyGziYMc8EjCj5TkEFR36Z5FeOfFnWNJu/Czx2F3aXJGq6fJthZndQJEyzYxgY3E8rt4HavRoPBupgBR4T0mD7zIHlLkZ6nJOWyB82BgcdBkDhfihpV1o/hB5JtO0yylGrWKL9khBZt0g+VxwSMnkf3gVPelmFfEPB4jmjCMHSu/dkvtR0TbS1eyaQsuwmDjjsM4VnOoqnuxc4Su9Pedm773tfTumtOwtfE3heCztjLqlsxa2hDBQzMrRxRnGNoyeuflJ5yP4ap+IPGPhyTw3rsNvcTTTSaZdIixW0mCzRtjHUA8YJ5yPmPI5s2XhrxdcWlvJb6do8ML28EkTPBASFMYYcMmS2M56ZJ5O35qk1Twn4xg0DW5530yGGLSr2aREt4skCFi+3CAk5PYHGWP07pYnFPDOKty/Vb3VKV2vZ2+J1Oi2Wq000djhjg8GsXFycpVPrEdHVgoqXPDSyi7q90l71l0W5xvwi8UaPY+B9EtrlbxpEabd5dpJKAPNfaAwUqQM4IBOcDPqfQ73xdpEoRLex1eVlnDnZp8vO4HnjPcZYEcLzjuOb+EPh/xHe/D3w9d2d9Zw20gk+RrZXkcrM4ZidjHI5x8wOM4wMY79fCHiFp2lfWY0TzMb44VQjGQSMYIGMnAzxzn+KqwNWq8DglzLleFpv4FeKcE9+fppayXlbZ6Y2jhlmGJjJNP6xJP32tedbNU977JPy0PAvh3qssN74xMfh7V7pLnxRdSiRIigQALhZAej56jGeD7geizaxqMZd4/DciGQso+0XqwswI7KRkHux4xhgOhNcj4G0bVbm98bQ/2xcwR2/im9DtbZWSUlF3MW6ckZwBuGSR8xBPcXfg57qNPM1bWJ13F2/ecn3GBkEnnGSMgZzyBllf1ipgKUoVaihz1mrezST9s+6lq05X1e/ld1mkMJDG1Y1FT5owot/xW2nTha6i4K6TSav+CaPK9Y1bWY/iFpTpplhFcjRGC289/G0flsSGcyYIDjPKj5jt4ziu8/tPxaiBo38N2ysFKl7iORgrDuVOSCD27dc5Nc7c+CrC6+LPhbRbkXk1td6HLK5mkPmGRMtjdngBQMg98DHr9HRfBrwoixu2mO/mPlA8srkBDxkb/lyw9OgDHJauTAKqq2ZL2kmljZLWqoXdqbu3GndbK6S7Kysrb5n9Xp08uk6cJRqYOm4+45NR5ny2bnok+bTWy67HyD8ULrVpIvCT32taFNNF4it5lS1iAWJgyndKd4DKpGWACnAwDzivQv8AhJNdlY+b4x8Nwl2XckWnSO8YAA25Vvm457ZIyuAFqT9orwVovhmH4dfY9NjtBe+Lbe3kI3ZlQshKsSxOMEnsMfVcfQNl8NNEkOTo9qiNawsGWNCx3RhgSGTOTn5up6BWx1nD03LMMyTrOMorDP8AizW9O9ny8r0d7aJXsa16tNZdlzjQUozeIUfcpppqpHu5W010Wlrt7HzD4v1O8u/DOuRzeNbO8jOmTO1rZ6VIrXCqpGwSbgFJGRjGRzjgisjwzdwnRNNE/ibxEd+m26pBZRGNIcRgBFcKc4+6O2QcHAIr6X8d+CtNsPAni+WHT4oxb6HdNHMsSBhiJweVUEHI3d8nAPzcVjeAtBtZPB/hqVLQGR9HtXLmFPmby1BYkj7x4PUjGQMEjCVL2maRo+1btgHUb56jV1VWivPVO+nrtdoUcRCllkq3sop/XFTSUaa0VHV6xaTbTStd62v28OSPTi7rLd+O7zKhgIpBGMkFgciMYU9OCM8gcYIzfhxpmn3VhqjPpviaYjVrvasN26IqiSTb5wUBTPyN+TycNgivrxdFSNXYRKGETcbUVgQpbJwvToAcdic5JNeZ/Ay2e40jxSZEclPFd6FKqG4EsnAzjjHUZxuyMgAY1q4CnTxuBSqX5lXeqVrRjT0u3d9b6J37kUcwlUwWN9yUeSVCy5rXu7p6JaXv621WtzjF8JW086PB4U1a4DlT/pF/MCSWwMgMMAgDOTnHTPOPMLTRJIfjF4gso/CnnSQ6TAV01rlikTMit5jTMQWJJOcnr17V+hul6WXvJEL5DGM7Yo9rqSy4z1wBkf0yc18ttC8H7TPji2Jcqmh2YC7SWyUXGRwehJB64PGKyzPD0adTL3FrmeNhd8kG7KDutU9N3d7t630t0ZXXqVKWPclJxWEkvjna6nT63um3rdempSXQ9YkihkTwZp0DlyDuuA+MH3znr1bnAHHXPCeNdJ8QDXvBSf2TpNvLLqcsUEQSNhIdjEB+MZGRyc9MCvrq2tQJFURN5YXJG05LMDxkkg5yO3UknOc15V8RrIReKvhqdjAnXZdyhTkqInOCSQSMdBjOf97I7MdSgsE7t/xsPtGCa/fU0npF97q973POwdeosWny2l7Os225valKyScrWdl07ruc7beG/GwVAZdFtAWZWH2OJiDzgk7ckrzkAcc5zjnM8X+G/FNp4Y1qe61izWFLFZGjgsY0LZmjGNwU4ODkEfNlgQMHj6VisYWXcgYb5DlnQYPOAQCOP948HjoAK4/4k26nwN4mVSCV0zIAGMFZUAwvPOSdwHoMlgTjsxGFwsMHim5VJN4eck3Uk1zKCabsku35a3seXh8wxTx2GgoQSdeCb5bu3PFNPTqtFdu1n135f4F6Zqdp47+Ht+2u6mRFrvh51jil2oE+0w/JIQMbBkgEcspPJGM/sD/wXG0nXo9P/Zy8TaLc/ZLufQ50DuC9tdMbaIgTqSTkHuOpGAATmvym+D1vNJqPge6jIXy7/wAPt2Us32uEYJxnIzjOQABkcEE/tx/wWmsBc/CT9mLUCjOUtEifoy4a1i2DIyc5UKRg8YH8WK/Nc/p06PE3CSoynCVanUi5wk4z1hFpprXd2Wt73P0nIqk6/D3EirxhJQqRmozipReyaaaSsrdV27M/mt0v4k+J9Ht1XxX4XknQFla+0xjKDg/I3kKCwGSMjGcj5T0zuWnxA8Lax4gd7fVIreR9IhV470m22SAHMbJJt2vnjBOc5PcV6JpujRz2KvPGxDSOOFDAKMgAqwwdvy5wMAZ75rgPEHw88Nav4pjtLzT4PLl0h2LQEQyq4BMcpKBRvwASxJwfUDNfpbnmVN4adOssU4VafLTxCs03ZK84K73V2033u9vzZ0Mrq/WlWoPDOdGpzVMO24aNXapTbtqmvdnFdrKyOwimSeRPs8yTRbAd8TK4BPUBlIGMcYYY644AI5/UNB0XU9euodT0+1u0fTINzTxKXZmLAHcFDAt3Ix0GQcVxknwp1zSJFPgvxPeW4UEi2uZGmQZOSCz54HUYGMHHXrny6/4y8Na9cQ+I9Fl1Zk0+13XWnrnbFkkSNt3HcdpyOx4wScn08XmcefCRzLC+xi68buyrUp+6uay0fZ2asrW6K/mYTKaipY6eT42NepGg1CLk6FaOsLO0tLq/SbV7d0y1ffCr7G5ufB+t3/hu4ViyxxTtJbA9RmJmdcHAB9RwuTgVjReIPil4Y1PUBqWj23iyAW9ubi6s/wB3dSQKxCy7SCN5w27BByTjsK7vTfiJ4ZvZViubqXS5doTydQhZMHoQ0nAOGyBjoBnk5NdlYGO81bUpbS5gnt206zJa3dJE++flXBDYwevGMnPTmKmHy6rVoVMqxksNUlWSXsKkVBe6rydGp7qd7actle25z4fH5rh44uhnWAhiqSw7V8RRvOVpQsvbxcZvV/zS2T1Whw+lfFzwZq04t9QkufD1+U8s22swNagvjaQsshCsAQUGBjIGeMmuz0kwXWtavPbTQ3EEltavHPbss0TJkDgoxyGxg/UEnHFZfiLwpoetwtBqumWl2HGAzQKjhc4BD7NwJJODuP8ACc45HkqfDzVNE1y9PgnxNfeHhHaxTCyllae0OT91kcthe2M/KCcbRjO+InnOCrYWtWhTzGnCtFxdK9HEOTildxk/Zydv5XGLaslfQ5cJhchzCljqOGlUyuvWw7U1XvVw/KpU25e0japCKaja8JprdpI+jPssSM7MpDNbzkMAc8ITyccHvwOoI6Vw8NnutUlSTG2JyykkghpzngE5yAuVJB9AMHPEWnxG+I3hmYW3ijw5D4jskVozfaONly6lSgYxEHP3d5A+Ynjvg29E+Ivg3VoILWXUv7LvzNNG1lqiNaTIWlLrH84wwXOMr1IJ4IxXdDP8PVzDDqv7TCSjRqR5MVF0WpydO0VJtwk9Lq0pXto9meV/qlicNleN9hKnjoyr0qsZ4Scavupb2j78bpq/PGPU8d/aLZj4f0BWGG/tOduV2ggRZPTrnI7joQeQDXmP7PrbPE0/OQXlUrnkDYen+yFxxyflByTivVv2kgv9geGJbd0ngk1Gch4mV0KGI8q6k7jj1GMcHnivOf2eLSFvFkjyKwLQTyeWR1IDqODjI46cY6HJGT+OcZ1IVuIa9SLjKC9h7yas704bW3u2ldW19T9x4DozpcN4OnKNqkVWTUtJRtV1vdW72va3fRp/cnwhWO4+NngGMhgHvZotwJyBIxXPBXPU8HAIPAI4r9Zf2wYXufCHhcXUvnxy+CNSt4lz8qizuH29OcqEJ7Z/EV+VHwbhU/G/4crEhUnUrhH2g5GCTk/3QRgHrn2GcfrN+1xEk3w28CfZSvmp4f8AE0EjKMOXR5ZBuJI9jyQOnPXPyeOk/b0LNcildWdmmuS66O0Wk/lvsfcYOV6cm9JctpWfxJpJX+Hvq2t+p+R+rJp8OgeM9lq0cs2n+HAjliyhxFEDIASACTycYxnOO1R6RBLovjvwgb+UT/bf7PuI5WJOyL7FtABztwjEJnHJ4+rLu5E/hLxtPKXmays/DqSMwCqu2GNX3Z64PGM8tio/GXmX154Bk0xJYWj0KzlknjOGUCWMMwb1PTJIAGfmrtlJ1FfeUU47aTVouV2t731bfTTU5bKLWul0105btWSWqW0ndrS3Tpf1OI22h6hcDBUfEuWRN2cMT5kjE4BHHOe5OD3AHT280UNp4ubyfNbUPB15OxRSdpN1HjBG0ZAORkgZ6nGa529LT+ASCpeQeO5Q0xADOTay5yeCWyc5HA+vXv8ASLFZtE1m2jRhM/w4u5WYkYJWVMHdx1GAD15xknk52Tiv5W7Jr+ZcmiVtVfTX5NmlNNNrmSknF973ttf7Wl+192nobWm6QT4j0mK3lCw3nwpikmkf5SwNs0jx7gcjkY7duhNM8PW62Ol/BmZBtlHjC+jJVlDEm5K7sgfNnsT8xOQeSAMPwuNSOqWTyySkw/DOZFVyV/dhQijceNvPYY24wc5arfh/UEk0f4RoXXzLTxrPuCpuYA3YYYweOnXb8xPTODXNPmi1bZ+u9padb20V1bQ1pcsotJ6qbtfWzvBtLq1t0e73sdb4ssmvvA/7QUQCi9g8babIAzAMU2sWwSPm25GAPu9APTH022vtF8TfCj+1bd4iPCzvHLyVkguLSZUkGODtxjIO3jnua6PxI7P4W+P8hVys/jLTAjjIwHRjk4XrkeoA6EZxUl1ez3Hi/wCEdjJKJY4/AccIWUByvmWkpCr3yAOD0Hbmpjqna1pOVnLdP2MLX01XXpe9rOx0patpK6SS7NcySTW7dt3e66dzzXQo/O0nwjCMkN8VQA2BwjXcnUEYJA5BAGemVxmuv8W2i2V54yjiG9H+IChWIJB8qIlSDzjnOO+M8GuQ8LSx2zeEtLuI5NjfEWe6Ehb58RSzMcY5+9nnAOeOp56XXZ5Jo/EU8Ls0Nx8QbgGRgd3yrgAnBOVUYwMc81tKovdikm+aKk+/NLRrXpbVX0Tv3Lw8W43a0fLa6u4XSSXS+vyS67X/AKMf+CCEzSaZ8eoWbIj0nwu4GD1M9xnJ5GfXgZA75r9+JF59QfmJIJ6nOMAZycdx3yFGa/n7/wCCBkckafHtJGVlm8P+GihUf3J7k8g4AOQM88Ajjiv6CJEIVecDBO3jJA7+pIPABIHPJ4GPncT/AL7VSVlJRavZ20Sbbu3fezd79UlZH1OFSeEg2tUktrO1otWe9r66a+eqRTYLlgMYOM5XPJJ6qOvYE5wc8gdoGClRnJwGAxjjlRhj3HcY5GSMAcVIVySeWzkgKCyk+5GM8dAe/P1btAHALfxZIxhejDGDjJzwM44yOAaastVK77Wto7aau2ju9BSWtu3XRvvp7qt91uqK20gAlcEHLYPRQDyAcAkbuOeeCe1PKRhQWAJUE5I5wMkN2yT15wF4x61ZKhcjG4EAZ4LZJOP4Sc8A4PfgZWonYMSGB7ZPOQCefY4BAznjjnvT5+lktvLtbr1XTRWW76wk7avV67vTy/zt3dim+AwIDFcjAI5AHBOOBuznAPfqOtIwAJ5yMEHK8AAbuCBk9MZ7k8ccVKVGR68fexkjqMgnkjtjjno3dhUYBGTw2evH+6Tnp09z090o31ejsnrZrzb736Xts77EKMl0vruuza/Dpqrbu2wxo8gMCWwOSccDBA4PIIA57HJ5AqNYtm0nOTkktyuAWPPJ+Zsck9ccggcygLxtyzYPzYIwBuxwOOmMgngZYGh1Y4PAZSTjIGSR74U5BHfrnceQKtStpdWStpzJ6cvR2tru32bsrK9X5VrZ6aWvtePoul9b+WxCdpOeoB3EYIwAceuTnnGP0qTksPm2/LnB4JJ6A9QDjGQc89DTQGAPTA4AI5bccDnrkZPQkAEkkEnIVOcEd9vrgj5sjOMAAH154BPWm29ObTS6ell2T19F53uhp7K17KL/AC+em/nrroxQOSCTyuMYzhjgkehHXJ68jnpUZAOAc/ULnJAz0xwO35ckHJMspBYHDBgCDweSueOo5xz1PpinDPQYJHzZ6EKM/Tgjn1PrnNSmmtZJ3110e67N2720uPm2uns7Jq+uj23uu2zdr7ahClx74J6bQAOmQeufTkH2xT0JbAUn+LOTwzemcdxxzk9R0qJRjjk4PGepyfUZ5/nz0NSDPKjAbPA7AHr1yOMkc85HqBV3utXbS99layXmlrbfe6vtcnmVtLXv2ta9k7vr59Fo9RWyO4AJGcc4OOcHknuDzkjr6CsfnOBjIBVipwpIAJB5A5x3Jye3OTZMeQARnIzkZPsG+mCc9PYZxTCgyF2kAqM/MTzkde+O4AOcA/MQMiHzJ3UnfRWtbRWSWllbW3TX5sHzOzT893botmlp169fnDsxhflIZckdMFTzkHnI9B26461MI16EkA/Mfl3HpyRgDJztG3ngH14QRqBgggYz/ERyMEYPcDgH5iPmPHZQjEZI24ztyw+716+p6nJ7456nRSdvi1s+qe/L5fk1+V823rd81337Wf3Xvbur+hWkjA6cMCTu/u9eAST2B9OxHIzUBXrk7hjp3GSNox7DHGAOp6irkwZiADwwzwD1GCOeP/rn+7g1XwWHykE4ycE54P8AXsp6Z6nrVczTSSXRPTV7d2um1/XyFzNW0en5XXbV6tP9bqxGIwRnHoBg46csTg5GT6YyOMdcxyA7flBIDDjqCPXjkHgkA8nGCCuc2Dlein5RzknGT17DJ4J7Y9jio2BwSOQCFI4+6cg9uoOfmHXBOOKfPotHrqrLXm9217rfZrV26hGUX0T8uVu9/lrez1s9b6K6K6hgRnsc4APHCjIHQDI6KSPQ9y9ccDoCeSRjdhuh4yCOOfqOvFPGGAOdpzhcAHdjGCOhzyTwc88EZGWGNTsYseOADkZByCSTzk5IA7EdBxWnTp5ell57a9l8yuXaystOneyTfTVpu9tb7LS78ZIYjJJHI5yDwMDIAPA3HB6U4EqAQQpXORgAc88DoQR7mmKCSc54YISP7wyR2z83pjOP0kAyQGAwoORjJOSduV5IPXjHA554zLdovrra2yimlbto/LX8WVGPXRpb6b7K3ez5rNb3t530IjkEjk4Hp1GTyMDgjPPTIIxzitBYwFz1HU5HAboOvOOeo6cnPFZ9tguncZwRnJIIDEZI656k4OCDjIOOghWMDcpBLKFxk9cgDBPQ4PJ29z7EeZiZ8rVr6uOuu11o0ldPTR+fbftoRjK92t1ZPXVtJNrXtp0bd1rtUW1DlmVecDGRjp1+82Np5xnOCR9S42ZOCqgZ534yFxxg5yQcZwGOT0GODW7BGF2nClTknd2+9k56k98ZAweM8VfQQEIpC8ZBCkDHPX/d44I7YHGRjz5YqpCWilJfNrTl1v5+a3b3O2GFpSSV7ab3S/l1bv5LXR63e5xhtJUwGzjdkswYLgk5xnIP6d/rTDAxygG45A4BJHGSTj16YBOCBnnr3Zt4m3L8oTaGzgFhnODnPQEDjH5Ak1Ue0hJcAAAYKsOMnGSTyOCCQcdzyeMEjj5OSXLJO7Wys9F0t99lbXzZTwEUnZq+6Tk9U3Hvprpfruuxxn2UgA+gJwwx6nkn26dxzTTbnggbieTnAwTnGP4hkcEEkAbs98b01uiliRuG7CnIIAAyAR8vIORzkHANUXTZuVBuJJAJ/vZ4xjOckHp7cevfSrzqNN7Plstrt23SV7dvv3bS5KtCEE7XV91v2+++nfTbeyzliKncQoOQSCARxnHXAz3+mTwBUojzjaF5OSQM53Z6Z6EcZ6gfmKmXjIkzk4XOMAZJOMgHORnbjGeBlj1kG3pjO7cpByCCDwQCeeeCfmOfmwRWkptPo9NXfR6Jq6au12as30bvpjy2tZaO1m27pKy11drXd9dk77lQwqNrKAcEoygnnLYwBwMAZJxyAOvUUCJQGwTwvUjoTgAjPGMYAyMkHjnJN8opXKgk5Ykj5SSxxuOc5BB6Hp1POSUxGCuANxIUqNvPGAQTgDnJAxxnZnpWXtlJWcWm7PfzXxPd9Em3eyT1NY023pa2l+t9vLTbe607lWOHYrFQCWZTt9O2WPBbHQDHHQ56l5iBY4B28hh0XAACkc4z6Y98DrixsCc887s5OAD/ABMOegPPOCe+CDgIHJ4O0AZz3OSCOuQT1Pp1PPMubbi1dptJtpJ6cqV7a2W29m0+uporwS5V0td6dFvq7LVWtftsV8DKllOenJLD1/8Ardu/akdCSGzgEkkDGNxAAGSR05HQsR09amGQxI5yMkgHIJO3jnOB67efUc0zYFUYJXk43Dp1wBg4LHPqc+grSFo6trRqya30V1tpfpprdqN7WcVJXVmm0+70Wun5Xtd6LXeyMHLZOcAhcfd78kk469gM89+DQykgMTkEHO3pgdCeSSxPOBk+inIpSjMd5wQQCcDb3wMjruJyMj8jhstf5GAJywxtULkY4OTjuc4Geg5x0Wj2ans76K148v8ALprp2vffzb1z57WduZpe62766W3fXVve9l2Qq7QU5I2j5sHHJJyONx/HH5YFTAj+Edxuzt74BOQD3AxjPA9+aJUlgVBK5wQDtUAYOAcEgHOMkk4BGPSdMuTk5IG4hfUgkAnH8IGcHlsEfSFCMbfE3u7trS0dWkuyut1or3Q41G3dpX5rtvd3Ud/J9Va79bWkKnhV3AqSPlHJ3DuTyQM8jOADiojGUBDHoePTPc8c4PY56HB+bkzjBGMklTkYGeMbueg4HQ7eee+aZKTIAABgkHOcFuehBwAAMjkYXJ45zW0UkorrfVvSzfy13t0ttqQ2pN3euy0eukU1e+nd3V99rGfMUZiuRwuCBwMkHBGeT2BJOSV7YxVYgMSORkADtuwRx14AJByTyRznGKtSQHO4ZOfToCM5B6fKOgz2HHYCEqwGSTnuBjk9ueGweOB16CtYS066dk7q9r39Utb622vfTKdrt6W0u1dpJ2dk3bpHZbq++jK4ibcCx4wFAXkAjGSeD6dDnHP97FBJxjdknJPHHAJ5BJwewJ5A+nM3OAMgbSec98ZIJznGTzgfLwecYqizkbsKAAzBSSME+p7gDPGR82OcEnNpuTstHZdVp8O2mrvv89bNmXOk1onZLVq3bS3Z6N2vdfNj3YbQDkkZz1OcnA598dc5x6EcU3AA7BgRtXAycnuc9VxyT0zyeKSRmJwzDkgFiTjaAT1BAOc5JPB5I9DGXJPtgkDPBxxkk9Bx15/XjaEGkrdNN0tPdt8rvV+tr2ZEpXS07/PRNNPz7O1lrd3RBKXOWIxuDDt85OOufu8Z5/DODzTaM8LtPKEnoAThvUH5cdRjntyMVczt4JBCkdTnGfm7Hkk8ccjr6Gq0kyvwo2sTjcAO3bGARngHrkAHqcnrptq1kknZLS1k2ulmtu99dG77c0oxkved2veSaa2SW929lduT1te216UoDHbuXhQScYBI444zwevPoG65qBySGKnJ4+XoOCM8gc8jjvzjpkCxIyyMvHXAIVTtYDGQcAcZ6Ng8jaemDWYYJ/MAc5HoMY78AdwK7qbulvb/AIbTb17269DhqKztdNdLO/Ra7Kyd9LdCM7/vfLnIHJzhTgdepI59AO/XAiIyzEHJzjA4AC43ZH48c+vepggyAMHaM9+D3PPA7ED244BqHaF5Csx/hHf5s98knOORweFwD/Da5eZN378t+qej87W7K73MJO6S5k9tXe+ttet277Pf8U07QM5ON27kcnr0A6DngDJ459KiI6MCcEkbTjhRgcsRk+oY4HbryJioP3VYjaQBwB0XJwehU5wON3GOgpdiEEgHoAMgkHOCR78j0AB49aNFrqla71d27JNtd3a70u7u7BKKu009trbrls9bL7nez3tIrooViCDkhmB6cddoBz+BHsAO1S7AoJG7k85BB6lcjHOQAQAOT90dKkCZwRnAbnI+X5e+epx0UggYJHI4qQRnaWVh83HuG9Dk9F5UE4x69KFNN306J9Fb3X7rv0XTpa7drsHZxvo9V00TsrddOmt2k9Xtozy154bBYE5CgjGMnIHfgAdc8cmpFhO75sjnJZeuOnbknoTjI5APIqVIgcNgtlsdxjgHbkc+voMcZ5Iq2pDIDnqCBtwOMZ9yc9duOScjBobdrRVtOlvLTW+ml9fRN3Kp0rpSabd9VdW6JWWraSXZaWaTV26QjPQhgoyueMeu0kEk4wN2ScEckd5WAAC4yxUYAPI79eMgYJ5wD3HNTMp5IIAHO08884xkD5RnJHU8D3qBwEVgcHPOTnLE9hgdMnjnjPTtR73XTXRN2SWmi0stLaK687bapqDu+ZRs9Hprok7WS6a2vvbS6RC52gjcegOSuC3AyceuMjb1HOMY5pswUtk78/MACcr2XDY+9nqMEEemM1PIHwSQRt4Ck9Q/JJGB06Y6AHJqse5BAAG3sc4PUcYyTxnI54PvpFS1TV9nHzfl07ddtBOonZrVpatu9r2tZW0atdJXfRvoMxwR0OCSMjouejFsd+QOvXv8sRUnHJXo2MjB3Hb6HbzjjHQfQGTlW9eOi4I54yRkHA6YABAwSRnhDyQeMKcE85J646kjqPbGeCDitYprla3ukvVWtv69TFzV0pxdn+NrJ77XvvfV+bInbgFjjaeSRyQOuDgZAI7D3JOKiDqzDGQSQ3QgEHJz2yfXuo7ccucHHQHkjGAQcjIBGcZ69ck55xtxUC5DZUlVGQTg85OCBnkADOeccg4xVrbXa6ezfa2t9mt/utqS2m9E9dlborP80tFvZdmPcAAdSMtuHAIHVRk5+8G5weTkdagfOASMnaVxyOnXHr6jA57CpyACVGApOecktgkDB7Y6kEZ+XPBIprJkkkkqQpY8DHPGOnJJx1A69ycXrfXt0Tt09b+XZXuc6hL+XlvZu7as3brpZ30X+epVK8En7pXHOR0yAen4defyAkVs4xnIxwORnj6kjA6Z9yeMU5lClQ2GBOOV5OM4APUcgZ6dMY9GlQWGAeQcA8dQOe+R+XB5PAovFN8z0TV76bWvZvT/ACdyVdLWV7Oy8ujtbT1117X3djO/HXk7vvc574OCex9Mc9DSYwSSeANynBGOfwAz3OTxtzju4AbSAPuqQdoyoyT0HGSGxxxyMYzilPBIHOeMjIIU9McDn/0E98YFUpNJqyutU7c1pXjrfR232duu9kZtrmVkrOKatFdWrX2v0V9F02burE/ODk71GQQflP8AECe2QOBx0Jx1pm055LHOCMkEkDhiSOehyQeOMkc8IflwcE7Tx94jPHHGSx7EgdjwMUgILHg/KSAfZhyBt4JPQg9Oh4xg5pRSVo7K7s/e1Sl5eXW9tHoQ7N3cbWtdWv5a/fr3TeqvduYbSSMHaSSOuQCR6kYGOQTyTnAxgAI2gjBAAxt9ScghsevBHCk+uRhAMsVA74J6EDkgnnOeuM8ZzwBgVIFB3DDKAqkDHIGQMflz74IxTjJXV31Wt9rPdWum0lq9V25ndpRla15Np6WcmrrRWtbyXR+vUYAu3nJLLkkjOOe+WwAMA8kcls55NSAKOTyG2jAA6DrgZ4IByABnp7GjYQeCSQDjJz1PpzwDgDIBU4GM4NNCklWU5ORnblevJznA+UAk9D25yRWid46fC3e9tE3KDtt7sUtm2k9X2RTabTSUdElazutnqls0m27N7eTS+WmCwXIYZ4+mBtGOvA49D25y0gMNi8YAyeAD6/UDn05HqykLyowwJ6gccnOCoQ/T73fB6jgBpQnJyRnOQRgBiP75JGM/Nwcc7eKIy1tJ8jdrdVryuN3+O6XezJ7JK1t7v9Xva9umzbsI4YkbSPlYsVxgZAznOOTnn1z3U8Bo3HnGAw6nBUkZbLHseCBz1BbjJpyqMjKtnbhSCCS2TlgB2yOeck96mWMsuACQNmSTzljg9Tgck9up5GMYrmSX2Xa32kru6cbtaWW+t+vS/K78uqfLortNrtvt1t5aKxWPKhsg/MflUA4xuIxx1yuBgD255psnByD8xO0E/MARkgAcgnABxg45PQ8zSLtbHQFgoBwTgkH7x65XqccEYz6wFeuMsG6L2GePTkkDqOfQZJBS6Oy2vy30d0viVvX18raulJ3u38KvfVq7skru260b3Svs2Q7CVLFjk5DE/KFzgDaCCMg4OcYPbBGQxYWBzj5clRz97B+905HBOcjI6Yq0IwpzjIxncScjbnr/AHs5I5+mM4y5VUOBnIBBwAx5IxjjoMZ5AyO54JJKWjSd0k1ql2grabPdb6JdZamkrNwlLeyWuzvy6JWsr3ulbXrZXR2XgNCPE+gkEEDVrdicDrlTgD2HGc9vcV/KV+3I0zftWfHSRSyM3jS8QZHBDBwOOADgDkDnPGOtf1g+Aox/wlWgJlmH9qwFsHn72Txk8+557ZGCa/kz/bieV/2ovjRLHIEP/Ca6k0hcgdLt4FUn5eCGyeOSAT1APyWfSXtd1phmlfZNuN3089NtEt9T6TKl+4lore2p3stlZW9Eu/RXtqznPjRbw2nw/wBI1C7liihs/DWiWnnXaqIINyxXMkjlsLgFd3zZ3bc/NX5o/F/9pK201bLT/A8lvqE8SPHf+JLkqmmW7cIUtjkCZkJODGedpB6Ej78/a7uLg/s86xDHaz620Nr4Xh8i1JAZXsIf3MkgO5cAnKhgpAOMV+EN94E1/wASzW8esytY2iXUEMOk2oKw2qTzpHGrAYDSAMGJbIJGG64r5XgWFaGR1KdGm5VXj8U3NaKKlUhNX01Vrb7eeh28VVacMxi6k0ovCYWNt3KUIxdrNa7tK3RNdDN8W/EvXPFWu6ZFDPeeK9aaUwW09yHmtbSSZztSxsQwjEZZ8K+MAcjAFfQfgD9i7x343uotb+IN9cx20xjmTTIv+WacOsTsMxxkqNpUqMAZycLn6h1f9m7wT8LPFvwys/DOkYutS8M6ZfatqF46zz3Wo3DQSuUVtwjVQTsCfMACQRtNfffh1rO7ew8N6age4huWF7JghIQEBJdwwDHBJxnI6da/ScmyGeY0nia85ThztRpxeloKKTbSdrpbXPznOs8jgaqo0UoznDm5pWbTfLHlW/Ltd2181u/hnX/2b/C3w70PwrYabZWsFzc+ILEzmGIGWRWG5A0hBLYxhjkKT0ONufpDwXo0cCX9qhESWs5YoiAnJGDuIOOzY+bII7cmu6+LMGljWfC1jC6ymHXLBHnYZTctvIWReM5LJ2x9fu1taB4LnukvtQfFhYT3Ll53yJLgDKhI0HOGGQo5OcqWBYAfZZdgqGD9u4wUYxsrWV1aMVv6vX8bu58xjsRVxv1WLfO3GbbTb3cel9ZXaSv0XbR+NfEeSzHhS/SDLKk9mJpduFi23CE8sWGeM4HHXtXbW+tX2qQQ2+i2pVEhhjl1a/UxWUYjhQFokbYJSBkjBBOCQMkUnxN8N6PpPhC4e+C21pPf2Qto5pAt3csJlcySK33Y+MrGQMg46CvCPib+0J4T8JILGyeXXtWWJINL8L6PARK0phCCS6MXEbM3AVhhiSODnOdbNcNQdaVWpGEVThFKNnKT1TSSs/XTvZWudGEyjE1IUqcKfM3UlJuV+WKfslzO2l3ZtXklbTd6+r6pfaFosusXlzqUOo6sPDd6LnUL2YLFb74zlIIWICIF6dcnA56j5F1r9p++g0XSvCnwz0m68QazBZm2F2I3ktLdzM6l1jjXEmxmba4cDP4KMaPwZ8W/ijb32v8AjeZ/AfhFbC4uj4etUaO+vYZARGl1ISJUVwy7skLxgjB5+k/hV8NfCPgbwzpg07TLa1CWST3F9ceW0rOSW8yS4kHQZ3N8wzg42k8+BRxuJx2Jrqi5YWg4RTqSt7RwulpdaSa26rXR3R7tfLsNg8NSdZrE1faK0U/3cZ8q+K1rpO+kbXel7anyrofwE+IfxH1OPxN8YNc1KVZ2EyaMkkgfy3O/y5RuCW0ODtMe1WK5BPXPvPwi8MeGfCf/AAl0ltaadpVna6xJbG9by4dtraqCq+dIQ2Mk+YwbknGBhsdF40+NvhrQmmtNGU+I9TjEiyS28yQ6RZuqkA3moMREqoeGUZIGM8Hj8uvGfx9Ml54gsr6+m8SahcazcXVv4f0iWSDQbJpBhTdSxENdgN6MA+08EnI4p4zL8srxmpPEVveTcpXk5cqTbfvby1dk3o3oU8JjMdSdN8tKm+RKKXKoxTi3aOi6K7lZXvdH6MePf2jPDmi291Z+FoYtZuoCUm1GaYW+iWeMkebeOAkuDjKIpLYxgYBr8xvit8fNQ8T+KrmVbs+JrqWExpZWqyR6HazZ2qsUEfz3Txg5jZmZWJDdMiqPh34X/Gf463dos63Ol6BNIqW1hbRPBbNGWUhYoE2tMqqeXcsCNpyMGvtDw9+yZoXw08feD/D8VhFqevar4Zvb+7v9UVRbWcyRHa4hfCgo2GUt0YErzuB8nMM4rYuM51qjoUIRdZp6NQhFOVoWb1v1um2mtj08DlEKUqUaMXWq1alOjG3Wc3FWUl1d27RVt079finwX8C/i58aL6G71CO/gszKoMs8Xk6fYxYOFW3Xy0LhSSF2hgCpbOQD97aN+yd4T+G2kaRcXhTU9al1zRhNd3CAyMZrhQ6RoRtjjXpjnsOTk19jfBjwq3hrwLFpl9GHvo9WuWnuQozcM0r7Wx95UKkKiZ6YIA6CT4lon2HQZWDb5vGWjW4QgZCrdpwABxknPHBPHTgdmS4KhiaVDF8jqRxCpThOd2mpOPK0vuuravW+iOfOJ1cHPE4WUlCdDnp1IQVvfSSavo9O+nWy6nmv7RNlZaXB8LtGs7eNFuPFdvI+1FAZYY0Kr8oB+QLheAAMEn18h8fhJG8powUF9vc7doXMhAU7jknjqO3XJxXsn7UDLF4y+FETyQQRRa5czzK0ih/3VrGd7fMSqkjaDnGOvQ4+ePHHiLT5pmiF3DI51Jm2277hjtuKn7vBJznnHNf0JkUaOHwOJU5QhadNKLaV2qdN76W1fnrtsfyTxZRxFfNMKoRm01VlJKLa1q6t6NJNta3Ta6ann3gmIPc+JSu3Z/acgXcoyDgg9SDjkn0HA713MawIknmADDF2DITnaW4BzgDKjvnpxj5R5b4P1vT7OTXpGMzytqrhYo43kYhhjO1RknpggZJHfkV0dx4vsI7jyPsWoycM5jaFo24wSwDBSACeAenTAJBrvwOa4SjhafPVh8U0opt29+6sldva7+b2PKzbhzM8VmdSpQw1SpC1CKl8MF+6pJtylbRbPVu9+2mZq0nmnUAseyM21ztbBYEqrMzYHoRj04zznNcvBayQQ2EhBwbNGRyuTjYAAM9ADkYJ79cVuv4lhmgvhFot8gktrhAzkIfnjYBxuGBgklh3xjGK5n/hJrp7S1hh0Mytb2qKtw864cqQDlcdAQoYYHzZ4zweGeY0amLU4OpOMaTaapzuveWiTi2/ybbS3R72GyLG0MpnSrqlTm8RBxVStTilywV3L3rWuruP9O35rxnzVVSGyWLZwBnA7k8MTjHp25qprxD+G9Qlwu2SS0OM8BvNTJ29sHHf1OMHmKfWteuoSItFs7VCFVi7BieBlvlxnpnJAB6kjnOLq13rkuiX8csVjFEr2+XiTJbbKgBzyAv1Uf3ehNPEZipYetGFHEuLpSXM6bjq0lezd7fer3vuZ4PJnDF4ec8Tg/4kZpKquZy54apJO6d1e7u7W1W3r2nuVs7EZYZtbYBQmd2EwGBxjGDnOMjOceuhFO8czskezYCQdp2tnKgc5znJyeg6jbk589i/4SoQ2ZTUrW3j+zRhB5WSilflGD1IzwCeAMY+YmqrN4hcOp11mckoBDBt+bcABkZCqTgDndj6Cu6OPlGnSUMLXk3CFnaEbu0bW95uzd7pLdtbtnkVclpzr1JTzHCRXPN2bm5KzukkoeUtVpaz7nT+NUdx4aLku82po5wuc7gcjd26jBIwPooxbazKosYZUDuRhiGJzgjB3ZPrk9cZIyDngPENpreNAiutSuJS97GhDsFCOyn5owRnauQuMnBwOOFLj4R1qbeZLu68mCTIP2hjuVzycDkH8hjI+nDDF144rET+qycmqekpxvGygvedmt23820es8rway/CQlmNO0XWs4wnJyvUV7uTTVrPV2183Y7h7OERSxtPGCQ5JdlyAPRc4PU4ODnPHI4yryCGfX/BdvHcDc73SblKEK5b52cjkZ688dsZJzy6+D7qWSdTNMcKQxNyxA7A4zyeQzdMYAx3Etp4fj07X/DkPmTHcs7sTMzSyE7DwCflXOPlHOflI+U5MXisVOhTU8LGCdWk05VLvSpBqytez6vVb9LBl2AwVOvOVPGyrSWGrpKNBxVvZt/E52T/AB8nofbWh+H7VNPt41uPPKQ8lGUjcxPVgTnsMH5s5yMVneIdHgFufLJkZT9zdkFuNpb6gBsA5xkEjgjmPCbX1jIltbW8xiuY8li7y7G55Vhu5IBBGMAc8gAV1uqTGG3DS20zoXI3HILsWGQMknGchj2PQNnI+gp1V7Nc3KpNJOOyStBK1kttE9tW1dM/PsZhnDFT5OadNSXv8stbctrJfJO+zdla1zG+Dnw10bx18UfGcGqXF3AbDQ9MkjjthtY+Y7LtZiOAcHk4zx6jP2hbfs4+CUVdy6pOwTna4LF1H3WIGCPmwOTtJIJNfFXwq+LNz8P/AIo+Obyy8MxavPd6XpkLrPOESERljuIPJJJ464OMZzz9G2P7VXxGguJo7Hwn4ehErN5fnoZHVWzgg7wMhhkHjPI681+ZZnjMzhisVHCVasKEsRVty1ORRfM7tJJt+9fXVX3sfrWBy/B4ihgZ4ilTdX6rh1ecU5cqpwcVZXtvpdJ7a7pfUHgn9l34dakyw3unak7yTxqYxIF+/wBEBC8EqeTgkEr64r7v/wCCZX/BPb4E/GH41ftBReO9H1C70zwPqmm2Wm26XgWKNCqO4usDc5JZgpyOuNpr8kdH/am+McdyGgHhPS5nuEKSNayDDKRk8yfeXHqDnJXkjH3n/wAEwdZ+PPx5+NPxO8J+D/jNf+Adb8Raxby6uugQxxw6qIEQyzzMwbZGkZAGCS2ARgjdX4v4gZlneAymrjq+aYrDwoyivaU6tTni/aRulytNOSdm+zfnf9c4EyjKq2YQwsMtw9dzg1ONSjDkqJJO1pq1k+kk/nax+9n7Sn/BPn9lL4f/AAD+Jninwd4A0geING8PXV3aXkl9F9psGt4SyzwDzRlyUOVwxYjgACv5FvGV54W0231CSfWNMeV4pUMU86RTROUZVWUFm3EdyVGcYJzjb/Rb/wAFC/2PvEfwW+AniD4k+Lf2lviJ4i8R3GoWOkp4YbXfsmkajFcuFmZ4A6ieJOWkVVwCeRyQf5ZPGOh+FbX7c95PaS38jTNJ9sv0ZGyrFWLbsD73ocHoD1HreCWZ4zMMtzLHPNKuMp1cUoc2MqVJODp04qbjKrO9pXWyS6tLQ8vxcy3C4XMsswsMuhhZUsNKbhhKcIqcZ1I8rlGEUuZpNve9z5Z8AeLtN0m216K2ma4Muv6lP+4ieRMNK4ADD1I4bqRn3rqrrxxPcENb6bqdyMEnc3ljOM5APcA9Dz/wKvJ/h/qXhvS7fV1u9X0u1EuvX2IpZkH7kSOU8s44XGMMRjsO1d3ceOfBdqqoviKwOQw2x7pP4iSuVBUZHrgEk9+R/QuW4+Ucvw3NmGHoJU2koyhvzbpSk9lrq+2m5+MZzlWFq5lXk8nxGKbcG6k/apfDTtpGEVvfrb52MTWNcv7221BpNMMKm3nYvPPl1JjbohXL/KCAMHLdPWuM8P654ji0a1jsZ7SKARuArRHzR+8I3MRnJ5HIAXGScY53fEfjnwi9lcra6s9zcSW8yqsFs7K2YyFydpXG/H/jx4JGeA8N+NNFt9Lt4jb6lNcRq3neTZSSK2ZMhAVAB/DJ5HBIAHDUxdGWYxvmDm50J81RTSs+em+W9NWWytbXS/Wx6dDBYinlc4U8rhRjHE0nGlUhJxUeR2leq+ml/W6tc7FNd8ZzAK2qKkYDcpHgKBnquOeMt1ONoyKyby68STWd+JtZkERsZQwRBmRGQ8e3bI6DHA6Uk3xAs9vlW/h3XHcsSjpYSIjDBDA5UFQOg5wCAQO1UbrxfcvY3sMPhDVSslnKPNddhUOnLHdzhRknG0YBx0yViK2FUZ/7TXq3g78vt5taJdIrTu21bT1aw1LMFUpJYTBwSlG8pPDx968L/E1/26ld3va+51Xw71PxDa+G7K3tdduLaELKFjjAKgK+SCc92BPUA8cDv7v8N/AnxP8Ai94osvBvgm58Q+JvEeqJJJY6TpiefcSC3jeSYhVXKiNAzc4DYxwxBr5I8J+JdaTRreK18KXkyRGZTL5pRJMnHykgEgEgEjODgMe5+of2cP2tvjb+y38S9J+KXw38HWR8Q6Za3llF/bEP2y2NveQvE+IwOJVDlkfGAQMjFedLFuWWJYOOIq4mnQXsI1Y11SlUSjZScUrReqbWy201PRWFnSzZvGSwlHDTrydWcZYZ1Ywc024x5k3K1rXaeyt0MP4meGPEfgxNT0vxTqWrwalp11PZX2n3ySQzQXEPmRzRSRNyJI5MghsHd3zxX78/8E1/20fir8H/ANlXXZPD/wAPfEuv+CvBvhPWYJfFWnS3EGlaTdatILUzX6urxyzATbVK9MjrzX87Pxp+MvxI+Mmr+I/FfifwykWqa5qFzrGp3fmRx4urqTzZzHHgeVGMny0A+7nnBNfTfwJ/bs/aP+E3wBvPgJ4U0Tw7L4B1+7N5qn2+zMl5qEZuYrsR3FwNqyRJNFGPLdWBGRzxX534hcIVuN8uwOXvLliq1LEYXGOFaVbDxpuD5akqVZWmmuZxi76q1/L7zg/ifB8K4jGY2vjlh8LVp1cNGpT9lUc0+WVNTpuXLa6UpK8mlez0PtP476b8F/ixMPF0fgDxP4G1eKyhn1++1Zr3Pi3WLwma61C0nnVImgeQghIwcnGBjgfnf8ZPDfh/Q/B2px6PaLHB59nIkjEtOvmSLuD/ADZAOcDgEDj3r1P4+/tt/tO/tGaFo3hjx4nhSz0Tw7DBBo9romlWekiFbaPyoBLLaxRSzAIoAyxDvyc5+X4a8Yt8QbjQ7iPU/EAa28yDfAZN6PhhtBIDH5DgkZ6ADnBI+l4ayLMcgyJ4HE5XUlKnSlGPJWVeNOEeVRtVqRhPRa2106t6HyeeZtlnEGfUcXhc5oUqcq0Z1F7KeHnVlKUXJezhKcHdp3bkr/Fbc9xh8JafeW1nuitrcLZwzFmCmSRiiElgckA8gYB9yCOZh4T0drzypltDGqBvMgijLl8ZxuKkc/dPGQG5BIrwu20vxq0Uckni9491vGI1RCwQLGNoGegA4GcKNoyMilj0fxLI26bxlc43EkRgqckYGQBz+H069fvI4zFSVLlyKpJ8kUm50Y7KOrWull6a7LY+Mng8FGpVjLiOk37SWipYmVlzLRNKK6aWevdrQ7Pxvoul28WhxWoiG/xBaxMEVAzKSS284BAAGTyfTrgt6laaVpsLiWSRE+VlwrRcAIAAwzjgnIOOcAZGcn5Q1zwver5M03iLUbuQ3kBQSSsgRiWPmJnGCoOQw4GMYOQa61/BsEgdrrxDrb/KMbLmUqxZA2C27DMpY9/lHTAANLB4zMvrWL5MqUbxoOSdenFRtG2q5Wul9FbSz10DH4XKfqGB9tnLmubE8s1hqjbvKnezcr6Ky11v1se63tppIMFy13GrRT5WISxAlAchnGSDkEd2B6HHBPEfE260i40fTYv7UgbGs2jSI1zHiOMOCxkUMPlUA9Cw/A4HmI+H2jufMa/1yUKeBJeSjIb0G/I5JJxnOSemTWPq/gfRAloI1uXMt9FG5nuncGNjggAuSDjIJ6g9j21zPEZ1LB4j/YcNGM4QTk8S5SV5RSfKqaVr7dF8rPDJqPD0cfg3HMMXUqRnKUUsM4xlJJt/FV0SS0umro9lTU/B9pOpfXdGNq5AlVZY/NXCLkqQzEFeQSAOcgd8dreeNvgvp9u50++tbq48qMgO+XWZQd+GY4Ks2OAM7fTgHwaD4f8AhK3G6TTy4LBfllaQEHjGMseTlcHORx0yptReEPDcWZoNIg2KSP3h6ckElWO4EDABbqcn6KFDO3GDawNFpRlyqc5acsd7Rjo2rtPrp5vOvjuHlUnGEsbWk3KNnCgnHVXatKT2XXRPWy2eF4v8daHcapot5Z3yvDYah9suooIy4iiZhyAMGQrgggMduOfRezb42eHWhu44YJJYpw4hYabJvRyu0uOpHIGC2c89SSaw5/DmlyXOnJDp9rE0lywcxovQKdqtlTuGc88gYPGOTuP4UtrdJDsjXbJgLHEmNgDDBO3J4/EYOTwK8+nk2aVsXjKjxNCDcqSmo0nJtuEbLWezjZuybd21bQ9ivxBkeEy/LIPB1q0VSq8ntKsItR9qlJyShred7aptbmRF8ZrWKORVi1+5xCYQqWjLHsHYLsxgAEA545Azk1jaN8Tg3jrRtR/4R3WZbSG0kTyNpE8rOzHzSCudv1BIJ4A5x10Ph9REzmIhCN64CFSuQDkhPvY4wSTjpgcUtnpZi8V2aFCirpzMArKHwSckYGWz7gcdORg1PIszpzoTWOjFuvS5rUY3tzRe7k77JK9/N7o5Y8TZPWp4mn/Z05pYPEytPE1Hoox5leCTs9Yqz6LRXPob/hf0sFmi2/gnU5W2RJC8tyIiMYIJUrhWHQdc4z1rF8efHbxNq+lw29n4QCSvCqE3GoxsiFDwCgCjqMHqFHPUYrm5NDSdos3EpVgmArchjxjaduOmMkDCjHY01vDQkdjskkWAMG86QDcRyAdxPDHsMnPBOSa+meVYzl97HVFfRSSoqzVm3rCWi0e9tNlc+MeaZdzqdPK6EdUo06k69SL+HdKpFu9rb6aX1St4XputePP+Eq1XUY9PsLa7vrOPzYvPzGkQYN8rrj5+hxnoSeQeOsvdX+INyoQvpakqpG6Rm2HrwN4JzjJ7EkjtW/ZacjeK7yDft2aeu5FALAbh0G7gDkjJHHQHiuxk8PWjJktIW27sjaoyepzgAZUsO20DA2gkV5uFyt/vofX8TL9/VUm6sYtu6u7RgutvhVttEe/j87pyWFksswkW8JQcV7CpJqKjFcq55u/KopbertdnkD3Pj6WEbrzSbcqcBhG7fLlctjzGBC8g+nJxnkRaHe+OoNW1Vl1S2aaQWv2icwHyyqr8gUKB0HHHLYyODge0jQdPjhJW2LMACGZ1ALhhwPm5POScnHOK5K2VYdb1iEmGJUFvncyBeQDj7wAOAACT0GcNiqrZVRhVwbli67kq2rlXcpP93JuV3ZJ2dnotHrpcMJnVf2eOhDAYWzwqSUcNF71aTts29WnZNtWWhiatL41msL+KTxFHBBcWk6/uoCGXKE5VjgAnqCM4xyOBji/A3xR1PQ7jSdL1K81PQtZsJIzoPjKN/IsrgKSBb3zhfLkSQ4VvNDFc/KTkg+t393ZSW7wvc2yu6TJ80seMGNgDgE55HXPPUEjmtH4P+CfDHxH8BapoWrR2l8raxJZHPlvPArOwSWEqfMiKA/LIuVH0Oa8jiLA0q2IwcMJiouvGFZx9rU51Ua5JKDfM5Qk2/dnG1nbdOx9ZwZjqqw+PnjMNKlQjVw38Giqcoqd05JcqjKOiUqc9JK92j2D4W/G+/wBN1PxJc+ONOju4NWltGn8RaRiWOOVPuTzW6bi8EgOWmBC8j0OfsjTZdM8RWI1XSbu21Oymt55ftNrIskYVoJD8+GyjAEZDD1AGAa/Ivxl8I/ij8HtR1HU/BGpz+IfDNrdR2L+H7pzcXbxMSxhB+YTrtBCLjORg7s4roPhL8eJLDU7gaVqF54J8SRSeXqHhzVSV0+/YoVeL7LIACxbOxYQvHocY8bLuIMXl9WeCx0KkZR5lGFZrVNrWhiH7lS+r5JWk9Ve9j6vMeHsFmVKnjcHODtZzlRXuppxVqtD4qUrJXnDmg7WS2Pvz4Y6Wr6VJIu7yxq+oquVzgiYYwenXIz7EnqawvFcksF/4hjXcc6bqEbLt6gvBtHfBI4I6HsGJqp8EPi/olxarp3ia3j0uS/1W7kTVLch9M82WTLpdhSTYMONgk4PP0Gx4uEdzqnim6tJopbN7GZrW4hkWSKWNZIt5jdflKOuCOc4469froZpQxmVuhCoueFCXNCXuzhJRjdSTt2dmm12WrR8i8rxGFzWFWpCUYTxSlGcLShKLnB83NbZ69brrHU7nX9D8N+K9HstF8Q6ba3aXumWkEguokDIi28Y3wykqyuoOVO4cjnO3B/Of41/sf3CeJrBPhfO0putMutThsJpPLuR9jzLL9nuA2HwDtSL5ju5561+nN3Yw31hpizqCken27hwDuXNumCCCGPfBBHfHGRXmzWN7ZePfCQS6M8R0vX44ldsSRIqRsq7skjqQQMgEkZPNYZtkuAzPC4WOJoxcnLDw+sU1yVaam4R+JRblZvRO9mtbOzO7LM7x2VYrEyo1pyjFYipKlKUpU5KCcorlbtsmm4pPXR3R+GWtabqemapNoXjjRbqOaxAt3vHga11C2G45lkyqiZRzhuWKYZtpIrovBnjnxn8MNYtdW8Fav/b+k2jeZLptw7TiKDdmSM2zkvGx5w6bVG7kDFfsJ8Xvhl4U8d6VDB4j0OJ725u/sv8AaVvGsV/CCuQUmQbpM5H3wRhunJNflve/s4+PrXUPFupeEbeW/wBJ0DVXtU+z5/tSSNCSh+ygk3AVeGwpJHPOCa/Ls+4YzHh/EwxOEq1atLn/AHeJw94V6fLyytUgvjVrXbTv8kfp2ScS5fxDh3hsXRp058sXOhiFGVGcW4pShNtcsnJWVrNOzW6Z9m/C79pD4bfGVtR0Pxfp9jYajcaPPZDRtdVDbyzFCGNrcSgKJS+7Ygww6Z5LDkda/ZN+12Wm6j4D1WTQrfVk1KVNGuZWeCeW1DzKlrMGAjVk4UK5DZz24+A7uytvIvW17Tr7S9VsZGWPU7OKW0uTKpIHnxYRkKsAGGMgj0r6B+EXx8+I3g610+K9kl8d+GdOtL2Oxs7mbZqWmRzp5UlzA5O9iqAMqsSSQMkA1phs/p4+MMNndGNasrRhj6S5a0PhS9rGK57rW7VldXcTLE5DiMFOeIyXEVKUG+aeBrSTpzTaaVOc/da6JStJLaXQ/pd/4N9LLVNN0T46xalGIJhZNA8SnO17a4aBiDyQGKE8HofTOf20nZvMYAquWk3Bh94bjnPI554bt0A55/F3/ggZ4q0TxTY/HC60cXao9gs8sV8jJcRSSzvLIJAeXKvvAYHGFyDnBr9p7gjzHX5VKu/LY2khiBj6DjlRnOcjv6VVU1XgqU41YRweHSmpJ8y5Lp62u2rPVbq3RnZlalPCydeLp1JYqveCtdNzp31Ta0k07Xf82pHHyuCehKkgZC54GMAgds+hJ46CkPCfLzgYBBHIGe/TH8K564GemKjXLYIIVDkgAkLuGexPoe3oSOMANIbywAeh7tnrkqSMDnOSCASeMZH3qhFtb7Watdu94+atq1drZaWNJO0mu9luuy+7Z79PvIiRkqFJywUH3BycAFSSTnuOmc5zRgBsZYkAnpyAMDryOcjcOv3vQ4CrDgth8sV4BJJJG7pn3HHA4wTyDb8wyGyFA6joeSSVC8ZB7EjGKtSuuW/Zro7WjfXV7L/J9VF7X0fa/wB2t7bJ69GNOVByVIx0xxz2z0I9QR9SKbuHJxwRtPXB45yOrAZODyc4HYgoVOGOcDGedxyRkA57Z4HuMbcYC0gBBwRgcZOQxzjplvl78DseuTimnfy6NPy7adXpdP7r3HbmW2vbTXbS3w6d/Pck4GQoY4A5IwcYBHfkHnkc/U8mORcYGTgMCBgb+RxgEc5znGCAcnqM1IAPUgArjIPPGeBjPXuOvpxw1lOSdpyNwJB+UDqSB0BOMZySQPc40TSSV3ZbtabKKt52Xlf0RnyuzTa3Ss1tqnZ721t5W8rWgyCXBGMKTjrycAYJ5wDgE/TA4zSKfTaAMAHaSWzxjHGOOec8gcjtKyggrx0GSuBnr8oJJ7EA4wDjjA4qJwuc87iCwHb3bHXjnPzd8Grut/JK7va75btPbe9ltbVWW2bg0k73V76aO2lr9f8Ahuut2sDyVI3Hjk44XOc57kHjscYxknETBT95uFyTjsOwPKjOcY7Eg8HFSbQvrgYPzDJGepPXJHqBwe9NEYzjkckFDyCBkjBHQgj8enPWtE1ququk03e+m+6a6pWau9dNpe1mr9Hq/LXrdLffzu9hIsojLkfLtYA8sDwSTzg8cnHQH3qxggcFc4CjvluDgHjgDtn/AGcc4qsEIH95gQwwMZHYn1+vGecY6G0GBKsEGWGcEEEAg5LZ9/bIAA6chuXwq972bfW99t9LW8v5tE7iSV09bpWSa6e7rp8k3/wQPBG3P3dpDgjG3O0nliMZIBP445qAglMrkNkAAg4Oc8n3PJHJBIwxOM09tzOMc5BA3H+8Rg5IA7ZAB4ycLkYp7biVGdxHJIY8dOSp5ycE8HjPBxTjdWfvJt27+6uWza+1Fp6LTpZ6Wbtfe63Vm91aOur+52+erKZRm3dueVJKjGee5AGSTwMKNo68mRUZiNy4BXqMnHXAYZ6buSQM4z35qbaqlXG7hgMN0BJ55OSARnHXjAwdoy5OrAjgE7VHJAwTv9fwJ68YzWnPZNu7fu3+SXbz1vf7loclSNpWW7a66fZ101vvfRXdns7EEigZAwzMAOeORgEk9OnIHc8HG4tUG3du5Ayd2Wz1GB1Hf5eANpOSPXF7ChTk8MwYbgQc5xgkkH6AdfvEZBIjMQYEBGUZAwcYK5G0nI6jIyQMfgRUKad1qnpr1b00atZrS111tbyaV09E3s229bW8nbr2266FQqCxzsLA8KM4IznC9xk+/Q8YqBo19yxycAjAAJH0U47ZOAOw6XdoKupA4JwNpz8uMKD+ZPr0zkHMMke4pgspIHQggLn7zcnDH+f8RIpqalt5KVnZ6tfdq+ttr9COS7UnpbdWsrLkd5dNl1u99kUWiU8HIJ7dCTuBB6Ag445OOMA7aaEU7jjhSAMsMDjGex4HHXA4z6C0Y/mIyQeozz8oByCxPynIPqCTg9RlCgzgjc3OBgDGBwxxxwcHngkHJAOa0pu769GvKyT/ABsmu2iJs1ulbVrTVX5btO+78ul72trXaEMcgsxUgYAOB0JznnA9eOo9xVYxJlVCscsSSMjGMhVAP044PTrjOL7LtGcvkryPV+AwJzgBlxk4544PZgiYlMDBAHy9AVOckk9+4PX24rVu3W97Wdm109N/u/Amydrxv3vaTV2k32t18tE7dK3lYyqlg2cAFgOpXnj1yeMZK9e9AjADg9sAZ55U888Dk9AQR1wOTiz5Zwd+QMAgkZJK4wAR2z06egPelMQP8LgquQTjOWyT0x1weoyORgYBppaWbXndJXf/AAW9ret+idOLvy22UW9tWk9Uk1oraa9dN7VggYArlnIycjAz06DAxjp6ZxjJBJtGCDzlRnAz83BwGHIAP6ZBP8VWDESBhsfKw4ODjgcHGSBxkHuO3NKi7RuBLALgBTjlhgkkE5HTdx6EHNJOSaVo7qz+75920+2mkSOWyW7snv8AClypNxSbabevw6a6K+lMRhgzfNuGCIz0CnPQ9s5yOmTxgU3aMY+XBwASMnII7n6HvVsqCCUX+E7yCR15GO3JyeOnGOmKj8v5flydoGQOV565z0J4GCe+DjtXO0tlayTT23i09Xo2nq3azbS2bUONkkrKStdu7bd1s7p7K/vdXsmkRxgmQH1OR6E4647H68Hp6mpGU7d2cgk9Dx7EDknnrx/PNAUZI42qQDg4OO4xnBPRhjHbjnFBP8PLZYDByuMdgMDnJ7Y68jk0X62XmldWdo7ppaavS1krpbtKOayUXG6b0178qjLqrpJ31tZ7O9iucEv1ATlQeQVwWJ7/AJDjoTioyeHAxjCheoIJPJA7Lgg8Y24OdwqWSNizEn5WBOOwPcgkZx0POcAcHuYvKbBIyehwD03ZGSCckg8469PY1Sm79Fe1+17qz2v22t32uXG6bWvwuLbVrrRW87Pur6JX0QwH7oIwpPGOTg9M55X264/2ecKuQGXI2g7ckHkkg8Dgnqc4z1yeDgO2NgL0GVAxnJ/LOACOR1GDng05o+WxjbuJHJALAc5GO3bGR1zmjmTaukmuW+tk9IpSu7Xtr56q+raFvprvfSzs7R1bfpou26uQsQxDfMpPVjtOdowfoo6+pB5xyCmcMDuHzE7um0Aeh9e+W68jnu9htGduQBnOMAEjJIPYgDr6decVFsGMEFtpyuAcndzufnB6/MOCcfKFyCdItPW9rJO/VpJPS3a9+itfoZOKto16pPbS239WW6dhhUHHzgEglSvU54UAkHqeAM9+1IFwduPmXccEnHHcZPsOny8nuaeqKA2QcsdvQ8YAC46HoSBhh/OnFQBnjJbaobOTkdsEc9c5Jz19qcZRdvTTZ22W23lrpbXpcORXutXZXtduzt8vyffyhOCF3Ebh95QCOTtA5OBk4Ge/UHNJ6ksuCCG4HDf3cjGBjtyM/QAvIyylscg5GMjjHThTjgg4BPXpxiFkU9gD8uBwCwOMEcjI4AVuMg85xTUtWk+3pulaWnk1J77vq2CWrfdu+y2snu7c3TXa2mtxRsYsuQCAGAHViMc9Bnpkjv1OM084Y5OSOjL34I5xn6Hp9RnoCMAnPDA5P3dh+UFcEY5AA6ZHGM8DD1+ZcHIYDJCgZOeM89MHr39hRZvb5/O1vud/W/kTypWTWqt069/Ntee9mMZQPmO4HnAOFDLjAA57Zxnlec8g0qrndwQcEdM44GFHqCBkkDPHPUGpSDggfN6fNjA6kj7owfu9eOvJGacIyVB3HIAOBzuOeMMOcKS2c59zwTSdrJJK99HbzTe1763ve1nbVFKC0a0e+ln2Wt9dba9r9Lu8CxvuUZPQgHORgYznII9MYHOeT8oNO2sXAKthuSRjg8qcE9/XPrnrUwU8kjBxztJJB7g4yCCPfvjnu7aWIIxtOATye44IB4we/XByM8rU68+m1rt+jVuv3dE77t6VZaOzbvpe3lv2urpLXR30K6qMDeBgtnPTONwPfDDOMAc85A5yE24yDj+LG4Zwx+6QQcquTyMnOBjBIxaKAk7RgfdPB2gL2yeM8YHuB6ECJkDMdv3GHJHIfGQTjnAU8ZJwSRtzggNO/fVXflazs9d9b/LfRDSTtfXTXTTZerT9LX10tYqsvQBsgAghSfmJ9ehwNvP94dfvUxVQkEZxyrHA5wcH5ehyc5znn+9kk2AvIAIBwSSRjO0EdfTk5+vHrSFDwBnBOT052846cnB56gjPyjJNWpNWaVno+y2j003s91ru9RJX0u5JtaaafCl3u1e1vPpYi8r5MAEDPBGc/eyeCd3zds5H8wBCMKegBJOQeSOMdOc5zwQQPTNTHdkEAk43cg7B2yBx6cjPH8lKkjr1AIzx0PPHT24GT3GaHJu3NZ7pdJJLld7Kye73b6330SVrvlV2lrvfVK1/PW/dabJFbABzgjGB8oJ45OPzzyc8ehGSu3aGKgngEAgZyeWPA5ADHA5G4cH+7MVJxt5PBOOCoHTpnOQeCOfTsKYehbBJx1b+8T29QeMdMe3Bqb3V7LbtbTTXra7ttst1uRzNq3L1S0TT6a6Nvprb0auNAwCcMQxBOV5yeuevzA8cZHHty1QSAVBG1jlRnoCTwfX3PBP97qLCqSFIJbB247Agc89+p59ue5pTHtXOcA9iPrkf7QxzjOe/GaDTlbXNonZR7q109G7p62VmvXW5XUb8AghckqAOWBXlTj7oIxnuecZPyiUgAqSOg2ngrnOeTgZJyQB+RzzT8KSCu45IGFHpz7nrxx0xg9BT1TPAOSzFh8pOe3IGeeuCfbpjgJVlbsumr6fffvb5J7ERUE852KxV8Hjklc8EDGDyRxu9mFSBAOcNwf4hwOgBzjkZ9R8oIznDZdtcHrwwJwRhsgZ6KPTAOQQdvrjDsMqsx3YPJC9AepzjPAyMYA4IPQEUm3018u9/P/h/lcpSstNW/Wy2WvTyvfXS7VrOPZnlSNyZyRk53HsM8AHoTnkfiZGIztXklcEDjGDwGOCMEZI6cHIH91rZJUAE5X5e3TPTtye3Trz0oI+ZSAx4+bPGW4wOcZJ4UHpn+9zg6q/Z/pfr+nzXWW2933t/T17DwwIJYhQpwAF7fLwcHOQMnjr0OQOZVAZgd2COPmGcg85yTk5+9nJxk896iAKsm/HBJHA6Z24749Oo54IzTxjk4PLZUcjvtOB3GR6jJyQcmpbajo72SWu721vbezvo09Hur2E29E27JWfVarvo9/vS6XtMNvPPIJyQOOcgAevXGB15YkZNSqBtyOGQqAONp3AqR1IIPQDgc468GEMQCMqctkjnIxnk9VGBwRzn+cqH3GSMkn7oI4B7ZBOOCQScFckkiZVJJapp6aPXS8Vo1ftorPRXT0UWKLdnrZNXst1fW349b6rsxfkGAMg7m3c4ZRk8YJPrz0PPcZy7aANpI3YPbJBzkAksOMc9PUHHGGkDA7kdlBAPIye/J6+2RjjFMzguCMgkDjAKgZxjrkkdT6gjI7ze7baceZWt1Vrap2smtVqvsrUcYrbmVm1dNdbaW20Wlu716ayjBVgdoIB56jggEDPbce2RwudvSngEg/dJGSPViTwck9uNpPI4/CNAORtJ3YIOOuRgZyRlgACSePU9dsqxgZbDYKk/MOCe5PJ+g+Y/e/4FStFSvZrRq13o2rPS3btou3RXy+6le+z0ctb8um2iWt9Lfq0Lx82BtOAAMkED149sf5NAXdk52kk7cZ5HXt1wCFx1G7J7gOOflIyNuCB2+bcST6j5Rx1Xv1zQVBzknGcddo3DrkjsPTjIOMVMrPR2tdavzs/k9dunWy3rlafLa7va1kuqVn0v022VlYbgHJGSDkluuDkA5JJ6jsRwCNvGSWgKCcA4OAA+R1BBGT6g4OR25ABxUyRjoA393OAVIGNuR78ZwTxjqCMOVAGIIXliFbJIGM54XAIGeM9Md85pRsk7avpa7votE1vq9ney1te1hU1Lra+tlZ6e72fnrfRNX1TGBAQSB1Ugj+EL0Pr0wO+R1GBmqjqAzEjA2nGc8lRweCPuqOhx9SeDf2k+Z94gqMdApJXnI6cMuBjB46Y5qpIpzsOBkkAZySSMkdCRyR0HU/xDNUtW/VWvbsuj6aa/5lVIuKgoxt3atZJpbrXVu3m7Lfp1vw/+XxZoe3O0XCNnGPmRlIHHHAYEsMnkgdRX8kf/AAVhSRf+Chfx6khOZG07RW2jknKquAMEAknbt69cH5a/rd8CKw8WaQp6LMcAcL95AcjOM88n3PGOR/J9/wAFWr7R9L/4KDfHddQZh5umaMkSwIHllYRKxSID7rnJ+YjIHXHBr4nPrRzvLbqTSw9TZWd3OEbaaPV31+bu7n1mVQlPhvG0+aMXLExa5tPsRbe7Wq+9a30Pj7wJEPPsUgtJXu1tmkBUAJExXcJJ5ioVMDBbnIGc9cj6CX4iW3iLwsfh1c6lBqviKSW4vB86ro9vdxpttlE7YWe7yiK6owU4AwuCT80aPc6ne2iQpHLpWiTQIIbSFiLy9wT893MAGjj6mTa2DkDBrhfGOuwyajpWkaMjW0Wm3CGSWxO2Rrzcp8vzV+aQM27eWOM9xXrVcN7dUpv93KjaVNKV6il7vLJtW18k2u58tSxUcFKrTTjUVb3JtLS14r3Xs3s9UrLVbtH6V/sOfGTVfgp+0br2keKfDt1P4w1rwF9i8Pw5BtpNSjdnt51AXBtQGSRl3YwM7hnj9UIZ9T1a5fTtZvpJ9U1WVdd+IPiA581I5pN0Wh2z5OyJUIiWNTwvbkk/m7+yPcaR8Svj14X13VYNOXWvDHw8u4bovHuuLG4itPLSaSXjLMg6EbgeSc5r9O9J0m4m02Od43W1v9Q2WSkf6Tq1y8rRCS4bO5ooiMxKSVwBg4G5vxnimnz53WnKKhLlpcybb96yXNH+71V20r6XP3LhDlhkVCnGfNBzquLTeic4tLtHS90tm32SOy8PWI8VanLrksD2/hnw5F/Z2haYg2xT3KLtWUA4DSFAGaQfd7kEV01vpv8Awm2sN4D0KZ4NCtJYbrxvqlmCIppSVkt/D9lIpIZ3JU3LBmIy2TgHGf4qv9Qjk0T4T+Bo4pPE+sWsK3tzCuYfD1izg32oXLLkJdspeO3R8O7H5eOa9Vh0eD4d2dh8Jvh4ov8Ax5rFsLrV9UfEv/CN6dO2L3WtVm5A1G5DSGxgkO9CUYDArxU/ZpWVru0Yu1mv5n1tre/d3bVkfQq1+VW+7rZa36K2mvn1HeJdTudWZ/g94AnfT7K1ggt/G/iSxXMekaaAix+HNLmjwp1S8VfKuXQ7oULO2DyPJte10ag03wl+GVwuheFdDhFl8Q/GmnNuSzgIzJ4X0K6HF1rd/nGqXsZd4i0ke7IzVjxPrRjnufgr8Jr02ptwZvib8RUIlbR4pmDX1la3eD9p8SaodyttffaRSELjAxia5JY+E9N0XwT4F0uJdSugf7JsZHytsp/4/PFOvzEs0kztvn3TNukkIEYAYERH32pTbjBPZ6SlJWVo9VvZbJx76kymmlGGt9G1vdW69lbXrpd6nK69eN9o0n4a+A4I7O+kt0hsraADyfDWj5Edxq2oOPvajclmkDSnzZJpAxJOa+k/BXhjSfBOit4b0OHdNZ2sl7qF243XV9eSW7NNe3cmCzSSSZKox+QNgYGFHl3grwdY+HvEMdtFJLqOpXeltrOua9Op+06ndfaFCou4bo7NG5ghAK+XtBG4k19DeG7JrrVPE0UKLJPPpyq8kjbIoBJDh2d2O1YkB3MxZQgUt0zn0cPanB1aj5EvgVrrl7dVe1mn93U5atNz9yLu3a7ST3dul3ZJPt0vqYPw90a9v9BlhgSR5L1dTlaZ+I0WaZi0kkhYKqLks2cAAEluxzZ9Z1vxZeN8Kfg1fC1Frb/Z/iP8U1j8yz0mIZE+jeHJsbLnWJVLRmSJmW2OTjgEy6Na658UbKf4eeCb+40L4f6TJPZePvH1pmK61yaNy1z4c8LTgKXjdgYbq+jLKF3AMDg1wvxJ+J8Hhy2X4B/s52tnY6vaWgh8TeLbfE2meC7JiIblnugC1/4lukLsFZ5Jo5WyxJBxxqpLE1W1GSpSle11eb92ys9kla93e66J6dl1RpRjLlvaKVra6KyWit1vfr06qvrfi3wx8K4Jvhb8FtPtNa8bRwS3t1eTSm50/Rbxzi88R+M9RYP9ov5G3ywWMkhZ5CgRVwQfKNIPhv4Z3F74s8S6ne+I/GfiVoZL3Up/9L8TeJdQnH/Hhodlgy2emRudkEEKIFi5ZmIzVDU7rRfg/wCHh4Q8Lafc+KfHOuRS6hLZg/aNY1zUpJFafW/El2Q729kJWMhjk2oEAULk8exfAr4RNb3d78RfiDcweIPG1wLG4truRc2Ph61nhkkOnaPA2Y4wqoFM6ruO0kEHivZwiip2STkktWrqmkl8PS97K+7vZNHh4qbeu6TbstFZtWvdarv6XPmjxX4Z8S/GXSNYl8cz3Hh3Q9GuprjT/A1jIUujNDdwJFPrt4vLyPHIc2y7XiJIPv8AqN4e8NaP4L+GFlpejafb6bY2vhmILBbxrEm82yl2cKuXlYk7pHzIerHgLXxdoxGpaZ43vkj3Jd+JtfYSN8zSpHqVr5Y3HLYABA6DnHbNfXvxg8caP4F+E6ahqN1BDNfaPY2mn2jyotzdTzQRoIoYFJlckkcqhBGPpVVJSpVt5PmlZXW+kbtLZ722WqdrapZwtUoRlaKsrya+Vl5t6JbvXrex/Lp/wU3b/i/ngxUBL3Pg60t8kZfM0rlieDjI49MY4ytfmH4jtEsta1SFxujkg80MW/iEe1QuWHLNuYADt3JXP7JftZfBT4pfGz9qT4a6VoHhm5uTqXhuwl86eJorOzsoYpJZbiaUgLiFDuK85yAeTmvQpv2JfgB4TuPhvL4uS68V+I/F+leM4NatJpmttMsdW0JYmt2QfKVhVmbLnhgAeh4+yXiBw1wbkODoYmpLE5xjY1K8cFhUpV3QSk+abbUadN+yklzNtu/Krn52+GuIuIuI8fUw6+r5Vg6sKEcVXlKND2j9mnCMY6yd5K9lZJJvdX/GPw18PvGPxJ8H+FvDvhTQb66dNb+xrcJbSJbi4vWCqJbkqqqpzuLEkD72TgV9r/Bb9hrxJ8NZNf8AGXijWLa+8Q6dMNKbQtKAltbaO4AZXurpTsV1Jww+bc3TIOT+gmrfED9nT4YeAfD3hzTNX8OxX+neKNEXWdN0WW3/ANCsrS4f7QXaP96WC8SSFs5GTxXnfxD/AGofh34+8Z3Pgz4Uyx6bplzqi3mp3NtKM6hb2kMYMaFclwzhm+Y53N1Jya/LMXx7xTxDjcE8pyirl2X18fJV6lanKo5YaNWm3KdVxjCKqRcrKEbt7SPvcLwtkmU0sUswzKnjcZSw0fZKnNRiqs4LljGKd5OnZL3rJrVx6Pw3VZ/7AM3myoLpdsMMKkhizgJ2IzsxkE+/pX0N+zSLCPVNemuZofNktWld3J3CTyXcohJGSACTgjHtwx8P8Q6Xb3fiJy8SJCWjlV5WG2CM5LSysxwCvJIyME56nK++fsr6Zp+r6x8QbuKNry20S3khguGJELSvDKJGD8IwXGMn5TgBcZ5/SsTpRqVG9qaT0ulJqOvTSSej6WfU+dw93Up01reeq6aPTXzjbdH8wfxosdS8T/tF/EtNOgNwZvHOoStGpzvigun9wSpA5zyuO+DX1T8MPB1t8HvCfiL9ojx/EHvpfP0nwDYXgHmX+u+QIoZ4Y2xiCwA8wsE2llJGOteTQQJJ+0F8Vb8qFaHxjrMUYXGFVr+ZDjnIULuBJOTuB5ODWl8ffHuo/Em80fwrYFrbwz4H0/7FpdgsoEEl83NzdOgwrSu24BiGKjA5INfnmc4WdanQpRvatVlKvPmUVGlBr3Y9b1Ph6NRvbc+vyXHUsPXxVWdlKjTjHDwatF1HGK5pX6RWsVbdJt9T5F8YeKtV13WdR13UZ3utQ1W6mvb+4ldyxnuJGcjJYnYgcogzgKAACK52PVVmdFI2KUG9xnJCqcAYK8nsDxjg5ya29d0m50cxx3ypvuF81CnORgnk/dwQfYdOnGOLeYLG5A2lm2xL1HIIOMKDnjnI4A6BV4872cY2hCNopK9rJJKyuut0tn3VtLHoKtOV5uSm5ybd11dpN301frdeVy7p+m6l4t8RWGjWCSSz6jeQWdsqgkgSOqCRiOVRVOXzx3OMAj6p+L/iC18O+HfD/wAFvDDRppPhpY7nxNd22A2p63KiiWGRlz5qwHKAFjgg46AV5r8J9vgzSL3x1cxB9ZvVl0vwvbuNzLcTKyTXqhiSRGpOx1HyuABgYJ63w34A17WGbxDqNpPcrc3hZ7mYnFxcSsWdv7zlWLbCeDnOBkiqpUamKrRpx97k1tq7NuKvpde6m/vbvq754itHC4adSpJQc1q3ZWj7rvvdX8tbvsdR8HfBsuuXyPIEhDKiRxSAKqkYKq5HCgngsOjd8cH7ktvCuu6PYC1u7N4rN3hAuo3MkCpt3BFdcjIUdMdzkgEZ8S+Gen2+myXdq4MMkTmVmCgsRGpIQ46dDjG0biM9Tn26216+ubMwGeZreW4DQWrylo3cYUNgscMc4xx+Aya/UMny36nQpyjyRlKKdTnT5rXinZ3++60tpY/Fs9zmnmGLdOXM4U3L2ahKyunFczvurpaX2av3Va2Qfa5pEDMLdlhTPGXLADHC8kjI4HfpjI97+HWjaPpd7N4x8c3CaT4E0GxmvfEGq3BClx5ZK6dpoYD7RfXDAxqsQZl385CkV5/4J8Hx6jbax4i8RalHoPg/RGe98Qa1cMEitraAl2tLRmIE17PgxxIp3BmTjByfB/HXxG139oLxJ/wjnh2zudH+EXhKKRNG08Hy5NQEIKf2tqQUAXF3dhfNSJywjDdB0rjz3OFh08DhLVcZVindJNUU/dlKS11s9FdNWu+57HC+RPEyhmGOTo4GjOMoQmmpV582yv8AZtZN66PSz2+xvh2Pjv8A8FFvH3h/4AfBTS77Svg94S1W5uNLsR5sPhbwnp11PuuPE3ieZStveavcKDPDbStlnKgAEGv6t/2UP2NfhV+xf8Pf+EV8B2/9seMNUt428e/EW9jVta17Udq+bb2s33rXTlckRW0RUBcZya+e/wDgjb8JvDHw6/Yp8JaloWi2+max4p8QeI7rX9XaBE1PV1trorZrdXAxI0UEWFSMtsUEjbxkfYnxm+MXh74b+GdT1fWNXs9H0rSYLm81fWLuaOO2tUiUs0aSMR5lwwTbFGuWJyQcZz+Q4qMMN7avXqJq75m/tTurpOT95tuy1tfX1/baMquLVDDYWFuWMYQUNFGKUVy20sktW+6d9NDN+KnxP0LwLomq6vreoWmm22kWdzdXN5czpHaWFvArM7yysdjTYB2qCzMxA+90/lD/AGxv29vij+1l8RZPhB8G4dWg8Kzyvo1ndWTypqniFXkMdzcTyx4NtpbkZTlFZM7iwyTr/tM/tS/E39un4kSfCf4NRavD8Pba/dGeLzYo9cEchR9X1qVCBDYAKXihY/Op+7zXQ69Z/A7/AIJ3+Drbxh4iuLTxJ8WdT0wQwacjRPqF5fPHkLDH8zWWmxSHaZCAWUcMSa+DzbOXUq08PQouviqzUcJg4K8k3a1eta1kr3V+2u7P0jIsgjTw8sZiq8cLg6CvisbK0VJK16NG+s27tOS8km9333wc+GPwd/Yh+G1x8U/jfqemSeMltGfy3aKW6e4dDKul6LbtuZ53kOya5GW3HdkDr+L/AO2D+3D8RP2ovE86XV5PoXw50yaWPw34Ps5HitltlJWK41BUZftdzKio7tICATjA4NeE/tC/tL/EH9oLxbP4o8Y6pM0Hmyf2T4fikf8As3SbTcxiiihBEZkVCAzlWZiNxweK+eUuftCyAgl3GWdR0z0PGAMcY7HvjJB9DI+FY4WosyzKSxOYVbTcpJyhQuk+Sknpfpe2iSSstTxeJOMZYykspynmwuWUrRurwliFFJKU7e84u2kW9d57WVu6uNyEsS2ScEdMAnaFxwP4sgHjP8OabGVRVJV3MigRxBSWLDJGQAfl9QACMDqOagaWEKkUaGWSTCpGDkKdwGTyTjkdTkHrnAx6H4d8MyOI55kd5JQoztJ2liBshXBLPnAXZk5yAcnI+1UeVLtH7TsnFaOy/LS+9tNUfAxXM7O99F3u7pvZt6v/ALebWnW2JpWkSXDedcYL4BOVJW3T23Njdz0O31wD1/Tn9hf9g/W/2m/FVprfibzfC3wY8OTLqHi/xlqAa3hms7P9/LYWMsoRZJJkQo0iE7NwJ4GT7j+xn/wTY1L4kaYvxg+Pd4Phl8D9FRdVll1tv7Pv9etrcLKWKz+WyWsyqVQDJmzhQOK7v9rb9tvR9Q8PL8Bv2ZtKk8G/CHQlfSIJ9FhMOr+NpYQIR5UMCC4aC4kViCS7ShyQRkAeTWx8sTUeEwC52vdq4hO9Okna+qsp1O0U9Hu+30eGyunhcPHG5j7ikr0MO7KdR6csnBtNLZpa6avoeofFz9t34Qfs+/D7xj8E/wBkLTrbQk1PxFe2/iDxfFEjXsOn2tuti9vY3IHmStPJEZhIrbVaRmUgDn50/ZE/Ye+Ln7cniY+KvEN1qng/4KWd99q8TeM9RjmjvPEL+aHntNKknbzL25ucEGcF1h3Z2suAfqv/AIJ1/wDBJu8+N2gaF8bf2grxdG+Gz3jX2meDYgYte166t5fOZNZYkPa2Zx+9jkAeQF1B5AP9CFzF4b8M6VY+DfBWmWWg+E/D1sljpWj6PClvYwRQKsQISJFWSRtuZJH3Mx3HcSdp7cLh1StShebdlKbve+l9X111aSS1W55mLxk5NTkuVfYpraLstZXvd7e6tEl6I4T4e/Dr4b/AH4eab8LPg74etPDPhLTokS5uYkQarrt2iBZb/Vr0Ks1xPM2W2uxjUt90EEH5x/a/ljb4GFWVcz/FH4bRxhuWIbX4Ov3fc4wDkAfN0H1QYt6ozH5QCyrvxgcnktyG7nIAI4Ax0+X/ANrm3W5+EmmQEhftHxb+GkaYBAP/ABUMAIyQM9SD2yABjNevKjCnhZKMd4qTbtq24a9dOmuq7NbeVSrTq4mm5N2va23RP7lpp6NaWt9139tg2i52ldF0lFUHOQLGEEdj069gAcc80um2h8vLLgFSFBAOD8xOSMA4yeepz37bd9ZlZ4Q2DmxsI1ByTvW1iA4wT94jOOp7g1ct7CVjtVTgR4IC8D+LoOADkA8gH1A6cLn7sVsmk7d00un59rJnTNP3krrbvttpeyvp+F/My0t3G1gOGb5NwGCMYJI529yDjsAO4HhP7Ua7P2ffjI6Mxx4B1VGG3AJeKVcDPQLuyfoT1xX09baewjO5cAbtxPIye6jnj3OCMY9a+af2yNQ0Xw/+zR8WZNb1fTNIbU/Cs1hp/wBvu4rV7uWVypitRIQ9xMAdwRAdwwMg5NZ1akYUpc6utNLpJvmVlrZLV37v0Wm+DhOVelFNq0ovmb00a02bSVl2bSX2TtP2edLli+APwXjaPAT4d+HSeNvzS2EZ+Yk/KmOWLYAGWyOg+RP2x/8Agox8JP2W9PvfDnh250/4gfFjyJFttAsLmK40jQZSjBbnWbuNzGrwNtY2zHczALxX5d/Hv/gqN428RfDz4f8A7Pv7MNjqtnHY+CvD/hPV/ENlZy3HijWdXhsY7S6sdFggVnhhabcgnPzFcMCODXS/sh/8EkPF/wAQdQsPiz+17c3mmaPfTJqtp8N1uZJvEGvO5E6TeJ7x2MkEMpOZrNyHySAeprz2p1EnUl7Ol/KtZSenuq1+17aebWz+kg6dOS5Uq1VJNyt7sXdXurJyl5XStbbS3xf4U+HP7XX/AAU/+KM3iKW41G80L7btv/G2sxz2ngrwpYtJ81poVpKy29zcW8RKxrEDIzKpLHv/AERfss/sH/Bn9kvw6o8KWKeIvHl5DGPEHxC1iOKbV765ZUM8dh5qk2Nm0m4RKmHCEAscmvsTwt4U8M/D/wAPad4V8GeH9L8K+F9Lt47aw0XRbWO1tY4o1Cxs4iRDKwAUvLIXZiCQxzW3IN7APgMCuF2kocDG4YGcgkEY69MnJNRKcVFqC5acUko21b0s29u7ts30eqLbk2m3dyd3dO7s17q3XW/KlZLq9T5S0qJT+2p4xQElofgfDt2ncSZJYWbdwCW7HOTkE9RXsk1pHFb3M908MEFshuJLm5dUt4AgyzSSSYVEUg8YOMcdMV80/EX4gaD8GP2u/FfjvxtONJ8KyfA+K3W9IUpfX6yxmLTLdd2TeXC8onLEnOOcV+Mn7Xf/AAUg8cfFLxJ/wq/4OaPqF7Pq0rWWk+GdGaSSacyMyRXniC6txgRoCJGtt0ZjGSTjr50s1p4NVEnGVS7lZOKjBe571SWqjFLXV76ddO+llVXHzpTvKnQhGEHNpuVRvlfJSjFXlJ7JRTs9fX9B/wBrH/go78MPgDZ3OmeDbyz8SeODHJam8/4+dNsZz8gFnEpZtQug52qkfCsRnOCT+NejfDf45/tueOF+JPxp1DxBo3gG7vvPtNLuWmGs69EWDxxwW7YSx091KhCIlxDuVsscn6H/AGa/+CfGv3+t2nxI+O99H4o8dXRS8g0q8LS6D4YST94oETHy7i6iXhW2N5ZB3bu/v37Tn7X3wK/Y18Ny6HpM1l40+Kb27w6f4f0+aGaPTZPLKrPqMkbNFZxQt8ywYBwNvufhsZxDicxxbweWwnjMTJpTxEU3Sp3cb+yvuo6/vJNL/wAlPu8JkOCyrBvF5nKGDwsVzRoTadeu1Zp1Xvduz5FdLZ31t86ftFfDPwN8J0+EHhfRbLRfCtlazXeoR2sXkQyyLAgBubyVsOJGBLNv4ZskDsfmHxT+0L8HPDMM6aj4s0y4u7WV2lW0lFxM7xklowInKHphccEfTj8ufjb+0N8Sfjn4u1fxd448RXl3e3jzfZrWC5eKw0qycny7G0RGURoifIcctyWLZwfkvVp2F2yKxY4LO8j73bI5YtITz07EgEfxNz+m8O0amBy6nhsS5Va7bqVJ82jlNxbSlq0k209l2tex+TcTYuhj8yq4jCw5KFo06cFFJ8qSipPlTava9ld7H6yeMf2/fCVnFJF4R8PT6rMNwju7ofZkjZflDEYywzg9cEHqeDXyF41/bM+LPiZXjs9Si0K3ZmCppibZBGxOQ8nOWwTzkDtjk18eT3wZdofnIxsGWOOob8uvccjtjKa9BDAFjliDgYyMg45PGR8pY9jznJr3E223Fb7Je81sktn07NXevU+datH3mltq7eV73u0991fpY9E13x/4l8QzGTV9Z1O/ZiXJubuUoS3LEJv2qOOABn25AHJ/b3LAM54B4U5BBOeO4OMc4IAOF4rEjju7iQLHBLJlRtUKxIz3bGWxxnBDcgnkV2GheAvFniCeOHTNG1G6ZhgCC2lZf+BMB8u7B4JHY5Arqw+BxmKajRoVam1lGEnu/JO+j20t07HHiMdhMNFzr16dOKa5nVqQhHZb3klvpfv02axjdLggqejfxLnHGOvJ3c5Ht6VVmLvtcE7wcLgbhtA74xjGOo+vUjP1R4T/AGUPHurypLqtvBo9rlN73siiRMjcC0RKlhwCCB14KgYNdL4y/Z+0TwN/wiyXWqHWJ9U1y3tLiOEGONYCyhwF5zkggHGRjkHJNfTUuCs6eF+uVsLOjQSheVVOL9+UUnyys7Xl/Lsm3pc+Xlxzw99dhl9HHUcRipc7jToyjUb5Y87bcbxXuxerbS0Pi6KK8mbbHGW5xlVcnHPGAOct03fReldhofw98WeIJVTT9KvrksQAsNrI6kkZGSQqjGcHIxtwQBzX6qaZ8Lfhz4ehgOm+FbKR1SLdNOm9t7IhOd27rk9Qe3QYrrLWaG3DxWVna2MS4VRbW8Ubqq55JVFI+uBnA5J6ffZZ4VSqqFTHYu0ZRjLkpRk3rytpuXKkt11767H5lnXjZhsNOpQy7BTrVITlDmqy5Ypx5Volfre6bfrdI/PHw7+yl4/1YRy39tFpduwDFr2ZUdAcjcYmAYjr8oxjBA5Fe2+H/wBkXw5YbJ9c8SS3jo3722soxEOASVDNuByRtXsOnGRX1WLmZi0kjOwBwzSvweoBAHofrnOV244RZcyoYwW2E+YSPk3EbtwJ6g8MVPTPORwPv8v8OshwKhOVBV5xs71btPZtOHS9km93rtqfmGbeLPFeP5oUKsMFTd/4aam07acz5nZ7tqy6O/Tz/QvhD8OfDhzp/h6K9mAX/SdSIldSuCeMbTkAZyCTwDkkGvRrTyLQJBZwQWcO7aI7WCNHXGQCHVMgE45ByehBOBT42kkMjAK3Ox0VTg5yQQP5AAevBq1a2JEoaUbiRuIYhWTJXH3wBgBu/cdfX63D5fleBio0qOHoKytyxjH+V6/C3bR6+S8z4PH5tn2ZtSrYzG4qbvFxdSpNXfK7WWyVuyvpp2dN5krADzGwcSFiWYY6EDAyCee23IAx2hePc3CltmSSqkbSGBVWP3ju6jPOevpUtx4h8PaHFcHUdX0y2CsGkae5j81NvJULvB4bA4HTdnpz5Xr/AMfvh1oszfZbyfWJgpby7RAImk5G0McqFJJznHIBJAxnlxnEGUYGDVfF4eFklbmTbaStaO7d3otOj00Qst4L4jzeUXh8BinGctalSE4JJ21cppKyu3o9ujdjD+Ndq32TwahVzLL4itXAcgKQJV4yc4PYDvwAeQ1e+Gxl8iCTPywQRl0JIAJRcAKeCFxyF7jtivhvxz+0NB4hn0n7NoEKQaLem9hSeQSySS5/dKwXB4bA6ckHjnAy774u/Gnx0VttD07UlibKoNPsZQoQgKF8wrjAGMHcQQM9Bx+ew4xwcczx1bCU6uLdd0FTVOnJO8IRhtG61ls9L7dD9qqeG+MqZBk+Bx2KoYN4H28qspzX/L6pGSUdfe0tza2V+h9w3+oaHpCGTU72xt0UGVjJcxqdo5ZUBYsAD1HX29fLNb+Pfw78PkqmpHUnUs3k2g3AOqkbdy4AxgAZGDjsMZ+arD4F/GjxlMZNYlfT43O+Q6peMHCtgs3klssF6HA6cV6z4d/ZJ8O22yTxT4mlvpTjfBYqUU8EPHvJJOOgII9/buWb8WZjdYHLvq1Oadp4h8u7SbV7Ntau9tNle1zzocL8BZK3PMc1WNrU7KVKi4tSkuVte7zXeiW6e17Xuclrv7VsrJND4d0OFCxdY5bomWQ4BCsIwNwbk9sHgknAz5pP8TvjZ42IttIi1h1YFUi0+0lhRc8Eb2XGVHHLYA5x1r7X0n4SfCXwosf2Lw3HfTo//Hzfp50g24GW+8vXGTjpk9K7+C6gtikWm2FraRISUFvbRxHZtHyjaFLMAOMnOMEZzVR4Q4izH38zzedODScqdG+idpWUrrTXomu6fQXHvB+UrkyfI6U5rRVa8YKXNdLW/NLte7i9GuzPgTRv2dfjL4xdbjW71tOhmKtM2oXbmdEcjJ8ouBhVOMcegOK9t0D9kLwrp8cf/CSa/e6rcK6GW2tD5CE5BYZf7y9QWz2zX1Ul1NJh5NwDply2cKM8BOeCP4gOQQW5JFI77pIyAXLOGabncVOcE/Q56AA9uDk+thOAspope1VTF1E03OtJzvay1iny/Lvv2PEx/innWI9zCypYOk9IxowUWr2sm7N7PR6babHE6L8Gvh14eWE6P4WsHkt1Li8vlM88jIMqWLZViD1wrcgE89cL4vrDD8OPGMdnFb24TTZAY7eFIQnyYxhFG8HKjGMZznnNe4zypHalyisY4mUFOoPVST3PTqen+0K8J+LTBfh94ry4JfS5SyAZO4qRjJPI9iMjhq7cyyrA4LK8WqGHpU2sLVUZRhGLVoPWyV/Rtq9r3voYZNn2ZZhnGWyxWMr1ozxNGUlOpOSu5x0UXpe73enbZI5z9mfU4NK+G2jJOpZJJ532k9GIGTtIwX3HpjuO9fRV74qRRHsRJSQQAf3Zwc4BxjJHGTjBJ618qfAvjwBoQZNyh5HXOMhjuPJ7E4/PI6Gvc2jj8rfsYiQOd2c7Tn7ozycDJIHPIzycDsyHDUpZRl0+W0lhaCtsn7kHd6b/AC1v5Hz3F2YVocQ5zFaRjjKqT11ScW09Hp0svwS02JfEU8sYWFAoUOz4bIPUEDPsCBg5P4jGZNqF7cqNsiqNrHy1ZgCSMjngDqM8A5PvlawidYVAXaAvykMd5B4Ynp0GeQeccd6Uj92oZlUxA8jhtzAtgkfKeDhhgDjOBkGvcVGnGUXy6q2zTstHfX06duh8dXxldx5XU0fxa7ax13WmyuldP73UDTlfmbJYqGBYEKCSBg+mTz3I4JwKuJAzRDcSSjMEI4JABPzE9R9OgC4BOTVWNgTtDMXAycAhevUnB5PbGSeAp7VdYAYQJgRfOQCfm43YbGCTk8hRjJOMZxWiTV10v36abb+fz2Wp51aTcFztNq1m72Xw20lq29XZ6N2VtSPyQIVYbgOj5G5cjkYGDkHscHOe46MgVZCw2snAKYPJfscgjoecbjjk5HaU/vQTgn5fMVFI25B6nOMD5ePToGHzYAY2fcNyBF5AOF3BflGOARxgdOPlwS1XbXou/a+i3V31X9Ii6fInZKyu01ptpva772SVlvqLdKYvMyGG7y1dhgkOVPZcAAk5+XjJ5YZxXzB48Ut8ePB6KCcWy/eG7JUL2HABA56L05HSvpqWR5XYbsAoHyD1bAIHGccEDHI42gHIz82eLiZfjz4OZ2jY/ZkwQcZBAJJ6cKMZHXGeSOa+W4q5Xh8DHmWmZ4J6eUt+m77+fVO36L4fwUMVnE0m7ZNjrdGnGimvm27NK3Vru/qm3swbR5WDgP5nAXCAE5C84bP3eMZxnjP3alrFDM7HOzCjZnncynaD6kDAGPoRxyOkP/Hl/rAU3ONucZyDgAY75+8Mcd+eMKyxNNkrsBVtu3BVtpxyP4cEkHPGOeh5+vw85xppJXSirtptLa+ttOj076p9PzTH0lOrFapty7r7T187aW127WST7j93Ou1T8yBWY9clSTgdBkjByPl496mhHl2rbRyCVB7buSc/7OOeeffqajlDNdxhWAUc7twALlWAGDnHJ6ZH3eTir9n5otpgVJYSNuUqGUDBP3gTyDkZB68cYweuVRxinJpLRKzvtyc22rWiWqu2t7K5wUMJOvVcaa672e0Une9tbp21/wCGoRrHHEzRKWErkyA8FQB3OQQP7mMY/OgeWtsWG9m8wllJ49AM8Ek5/u8/T71hbdVjygblgGVtx+WTnGQTnJGQcYHzE8/etvbxeUzQ5K5UY2gBWGTk5ByOQQSCfvewqZYhPRO8nZS+GyVk1a9nre73SOuOWVeZymneO3Mnpblvo9dE15LVGda/KuchWBbchXIwSCPfrjPOegzjgzNI0kJwWjj3beoXcAT8wBx8v3QxxzwB1FQ7VkYJtIBH71xuxlc4xx0yfmySMHg9NsTIzQvGgB+bJcE7eDwikEjdyMgg9upAwe7J6u2qs5a9UunnZ9ul9hx54rlSUo2S92+65Xdb6q1tLd7dHc0g5u41dVCRylsnJBbGFwR8vOeR06ZI6H488MGP/ho7xW4AcK16AuCQcKu7BGMjBYEZ9M4xx9h2MUm+IhCWRgPLCkLvAbLN0IUZz83JIPI4r428CyRD4++MLu7nitIIjelpp3WJFBAxl3OD6hQccHBAFfnnGFanSxuRynVgo0sfGcmpbRjHdrdXsm01tr3P17w4weLqZdxLGOHquVbKpQpxcWuaUqkbRu1q/S+ittt9T3DzvmQEAdEjOFBwx3BuvzEdB24B9ashZZTtbKOyglUDEEAKOMcBuCduRngdDgcPrXxS+Gvh51W91lL64RNpjsZBOrFSxBBRvlOeT0wcjkAE+WeIv2p/Ddp+58P6LJPMpKiWb5lIXjLKBuZjgHI4J4ravxpkmFhy+3dWpZXjSXNfZW5ra6t9XZXXktcB4d8TYxxn9SdCm7e/WkoKzs3pfVLfZaaLrf6Wk06WUFFR2zGNzjK9O3TAA/i+o4qrLY21jEbi/vLazjBYn7TcRxmFQvUDcScnjA6DnHUD4mvfjl8VPFzSQaFY6ikMuVEemWckI2kYwXdcg4IbIOCRznNVLX4b/GTxZLHJfb7KOZhufVL2TeM4wBDu2kKM5wPTJI4rx58ZY3GJxynJ8RXctFP2VRRTbVnfRK9k0uZWf4fRw8PMty/lnnnEGDwsUv4UZ03N7Xabkm7+UWub5H1xq/xG+HuiCVJ9fiupdm4R2Q+0eaFX7pILBSeRzyCQeDXkWtftK+HLOORNI0dJpFyga8nUK2BjPk53A9G56AYB7VnaN+zJau0b+KvFUt025RLa2KeXtBHKCXJ5yCATz2yvb1LRvgd8L9B+aPQRqjqOZNTcyv5hICtgEcZ25HQE5+bBWsI4bjfM/wCJ7HLqcmnrK00nZu6ipXeuzad7JvoaSx/hnkklH2lbNqsUrckb05OLjopNwjZtbWas73eh80aj8f8Ax7rj+Ro8FxGJAwWHS7GTOG4CiUqw4GOVHQ4ySM1QtPC/xs8aliLHVIkmYOZNUuJIIQGIOQvyj0wQpHAXPHH3rY6Xo2mqILHSNNsB5OI/ItYTgKBu+YoSGxnqeuc4xk6EdysgOWeNcAKF4XAbB4XCg4yD0b1I61pS8P8AF4p8+Y5tiast5U6TdON9HJXk3pfTZPV6ao4MT4uZXgI+zyXIcLQS0hOslzWXKnJqMYqye7u27WtsfHWlfsueLLyA3XiXxTb6dGELPBZobmUqA24CQMTnkgEnnBOeCRhQfCfwzofxX0LwpPJdazpl1Ym4uVugwaSYAnHysGVMg8HOc5HzYz91CUujJvEamORS68sUAO0EggHnGOCcjJ46/Nl/Iv8AwvrQ5CfMEelTYUjLcKQCAMdxu6gAZ3dDnjznhDKcsnlThQ9o6mY4alUlXnOo5QlOLnzKTta/S1vuse3wv4gZvxBh8+lVqxorD5Pi69GFCKpKE4QTjJSS5rxutebf01+jNC8PeGtCsQNL0XS9PSMYUpbRySFB8nJdS27PJIyAfQmtlpov3QiZ9oByFOwDcf4FA7kgdPUHI6VprI/Zk2g7pkVxgj77EH8FBOe2DkHnkwrDIzxovMoGHUEKFAbAJyDgdD6AtkZPT9Lw2BweHhFUaVOnDlilGnBRinaNl7qUdna+rvp3Pw3F59mWKlfEV61aTknKUqk5Su7XTbb3+bTdu6d6RYi8YVWx0lJClgVxgqcD5s8jr1ztHQZ9zcCRkSJdscLFXfBywbO0EnJz045GcjGNzVJ9klyxZgiyMSCzAnemAVGcDaCRgYAO0EnJyZlgO2UEMpBAWMAHeeCWJxwSABknsOeuN4wjFtpedt+kUtNVvbTey+S5HjK04qP8Nuzk29bJR2W36efalaKkk+cgujnaoHygANkkn8c5HXjGDWzGIsTLgkMuTkfLgdfL5JABxx7YOcg1lrGUnVUYIzF/3eeQB97cwAyMEgg8E8HuBoE/JF5auXHysqg4Jx/Ec9COQP4vfNRVTTg24xjeOsmou6km03daP8O9jfDTlOM4KMpN/E0rvZebutFZpN3fkVJXVVYOGEGDgEA4UcZwQQWyw+X7vrzghy28TxRHLCIRhk3LkZyMZ3ZIwQBzxkYOc0+6lhhib7Xc29uh27hNMkYAJB3ZY/KBx0BBA7DJrltU8feCNBSRNQ1yG5aNBsSyHnqGwcn5SADnOc4AOcjArzMXnGV4C6xGPw9JxdnerBNv3W9Itv0so2Vz6HA8OZ3mUV9TyzF4lNJRfsJ21s783KoO63d9Vq+h1cMZ2XBGAXbgMpLP0A29M47Hqeck4xWFrEcg1CzVyyEW7ANjDBsHCfU44IyAOR3x5Dq/7S3g7TkkfTtNnu5k4SSeRIgxjAXckTDJBI5wRkZPOa85T48+JPG3iTSdNs7KOxiuHMUT2sDzSqDnBd+FxgDqMnBI218rjvEHIaStQrVMTUU4qMacG03dJJybV43dt9LNqx95lHhRxPXjCeIoUcFTsm/bVI3UbRveMXK1krtW1222/of8D63pHxB8KiDxxoW2eQG1eRrcugKEATiXaXRyCeS31GVBHxT+2J8CNE0X4XeLfF/hW/hmsrOyYz2D/wDHzF5hPzRN3QHIKk5wO5ya/Uv4N+DrDVvBzhdRsoXjv5gILoRqXYrkE5IbbgcLnGBjivlv9uTwtJpPwI+IOGsW8qzVGktWGGAc7flBOeeuV6Zz8oY1/JOV57jsJmn1HD4irGhWqxpVKTvOlKMnCMrJ3s0no01bWz11/qLGZNgqlFV61Gnz0bVKdRJRacZQ5emqtrq3ZtrXp/Nh4YYBNKYqcpcqDk4wPMjwT0wTt7HJbcRzkn7g8RaD4V8QTR2+rRy6DrEVjaC01Ty/3NxuhQK1wygMRtIG4PwFyBXxBoCEGZpCXNvc2vlnjKlpU3MQQMljye+Oeckj9hbn4faJ4m8L6JcXduUuH0GxMF4MExv5AGJOBuUhhuyCce4r9eyCnUrVsR7OTU406bXdrSybtf3mk7PolbS7Pz/i/G08HQy+VeMvZ1Kk43g/ejJKNm099L3TWqu7o+A9f8NeJfD8BM6L4i0NyGiuYibuNU65EinzICB90EjBHHHNfO7SW7eNbkQiaJCFby5HLGPKjKkk5ZR90bsY6DOAK+9vEngzxV4IE1zpU7T2ocuLZistpcITuMfkyhgCeeMA54A7V8K+IdRGpfEy+vvsSWDTXEaT2yqsSK+AJFCgAYJGduDkYPcNWmdVZKFCnVjyzjVTUnu9lo5J6LfVtXVt3Yjhj2NWVetRnCdOpRjeUNLc0o3i4bQb1V47vz0PrbwX440Ow0TRtH1Qy2ri2Z7eaRPMtZ0llcESKVIRSSR/dwORxXTaj4f0LWQ17pkiWc77mW80+XfbyHkjzIlbCrnGRt4bdk4yteXaFJ4Y1Dw1pcGv2M0EqyTQ2+rQDIiXe21GJ4IU88qcdzTzousaKZLvwvqi6jbJllEM37wJwds8DEq4IGcIMscbVGK+hwmMk8Bh481OtH2cVZWVSFlHZW6PS6a6W2sfKZzlsVmNetTnUw9SVWTbkpOjN3i01K/Krro9LX9F498VtK1PTdb8PRapslVnL280Wds0G8qGPQBjtJIwfXivXvgwyLaeNlaaaCNEtZfMRQ6ZZwpWWMnmM42vxgliAGGK8j+J3iB9dvvDAu7ee0vLSR4LmN1ZFZ85LoDyq8+xJPAPG71L4K2N5fHxnFYSOLhLO2kWF1LJOFl+aN+RtDBcbuQCc8d/nacHPNW9LfWIv3ltGUFukknvt0V7Wd7fYxnKjw9/LOODl7ya0kppprlt1Sat3fU0fGHw08F+J2338K6JqkqlrbV9NCx2t25yQZUXCo27OU2ggE9McfLPjH4X+IvBvm6m8trqWjCVYheW8ih+TgCSI7mUkYznj1A5r7SkuTbE2F/ZLbbyVudNvkcQMx4L2k5G1GYfdCkYI+grxf4p6QkPhTU59NvJzaCaM3GmXDErAxcYMcmTvA4wd3I6biDXTnOV4OpTr1XTjCrCPNzQ91+609V1XeXyZ5/DPEmZxxOFwcq8qtCpJRcKq9pGMW4q8JrWL00Tum7eRsfBseYLsFXZpPCWpqqruxlYXz69jkehGMcgD5mlQql0HG0ie4XByCNshJAOOTwSSDjvj5c19H/BC6iOqaTbTXElvHqGkX1i8kab9gljdN2DnIG44xz6dMDhfiL8IvFPheW4u7OM67oLyTTx6jYqZZVV3ZmW5t13PHszjc7AdSOFOfjamBr1IRr0oOdOMEm4q7Wid2lt5vr62T/S8vzPCYWrUw9auoVas1KCm7c6vbS7SutNN7PRHi0QztXIUAsSOxB+YZJJGOgwcDJHpX1J+zooXxn4JlXr9p1BCQByTHIOTz1HA5+93HWvlcSBWOQyt8yvGwIYEZBzuwAQRwD93HqK+nv2fJjF4h8GTjPGpXYV1+8f3Mp44GfbGDtzgc5rLBL984u0XGm3qndaxS9N79W+u9zfOlF4aEtHFzhez0UWr9NdNdHfvrseY/ECOE+MfFcUkZyPEOpAkrudcTHkEcdcZUfeAJDZYCuFVGhDQpIG2qzZIwQxz0xliSCMjvweu4V1nj+4kk8XeJ3bG9vEOoMVbG4Ey5+YnoOmM45A6YArkQQC4fDOSSxwc4wflz1wM9Afz4rjkk3LW0ru/dp2tfX1d7bdep6+GjbD01Fr4Iu+rV2krO7d3ZK772XQ+h/2aAH8ZeFc9TrFwjEcH5o3JGDkDIGPl4/Qnyz4oQvH8SfGiodoXxHqGwM2DxLx33Y44zhjkc8HPqP7Mkqr408KODtVNclJyRtJMbAbhjJznOSOB0HAryj4tTPL8UPHHTA8Sah0OCFEhJ+g2jPTv2yK6qjboUacdFa+i13imr3vrbX59NDzsGrYrFvX+Ilo76pxafz6Wu3ey135C5aU28oZkHPPP3gPfIzzjG0DHy5GVr6c/Z7ZhrXhdkzuF9Kdy9v3UuMjB5GO+ecDAzXytJKv2ZgSWGeCc5GRnkY44GcHvxx0r6u/ZyjLav4X2HP+nSnJwTlYZeo4I659PQCry+L9q79m+2ia0S7rd/Ps28s3alCi3dpyirNq6b5Xy210W7Wz126eJ+LXL+L/ABKZM/8AIZviAVycickgn05II5+ncc7LCpjOSUI27RkHK9znjngcHr/d5xXReLwy+NPE/nM+DrOoYGDgnz2AG0DjgjGT6DkE1jXCxmM/w7dvXAGM4HIPU+nbkd+Oe6UpJrXme2n2um+1tLb6xW+vbyR5IPRe7HS+rfu2t0T7K2u29me2fA4EarpqS7Cn9uQZJOOCpAwcev1IxgfxV5p8ZdJuIviV4uu0R2tm1SQNIo6AqFAYc7v9o9jyc/xeh/BZkGsafFggtrdrg5wFG5hgHPAOMfX8a2/iWtpF4/8AFFpcBHBviTExGx18sZGST8xJyvfjkk8V3Np0KaSd4tS876JWTXZaq2ys7aX8mnFPGz7KLf3uC6u+yster3vZ/MWoFWMSMA2Lf5WC/MAUAAI5HA5PT0JxX0l8BFZtWsizAgaRfAKR0PlP1yw5AGDxxx16V4b4k0YW1xJJYoJo5IywjUkyRdyFUdQO3Bx0PevY/wBn6SZtZgMkLxhbG+gBOVziBuc4zjJwfpzg5xWCbWIjFXSezdt+aOj630tay3e6s2syhbDVZTvJKLTitG1eF092m36XW8kzypNRSx8T6pJPyialfY5Drj7Q4IZRwQCDg547Ecmuv8S3MN+ljJayK0aW0LHBIYElQVIP3gOg4znk8fKfL9Qfdr+r+aCuNSvhnAxgztjg5B44z/d9M12F6u3+zZQCFFrGpCsdrA/LlgMkg8ngAbiMc4Jqnze2d9Ze9qrWtdNadNbPrta13Yzr8v1OHLdRtFbabJbdO6d9dlrc+kfgqI18KfFCUkIy6JlQSSN23cxB5wMg/wAQ49c/L4fpmpXcEZlt7go6u4aFZQVxyd3RgAee2QTn6+2fBNhJ4N+KoKGTGkOqp1IAUngg5UqAcY5wAc4wo+ZPMlgkixFLGCSGlXPlsGPA5zlh91v7u3sBz04mUmsOlJRbhJX7e8t+7e9v+Azky1xVTEX1/eR8rpRitOnprayatseiy67NeGAzkO6h0jIALqzDd82M+2eoODxk7j7pqsrJ8IvCTlBJnU7nJQ8hssx9D6jIyB0PUmvlmO5hLQuFkXy51D4z8xJ3Mc8gjk8cnbz/ABCvqPWmlj+DXhR4hhRrMgAJG4hxuB+nIyeuQScjJpUZ1alGum/4dJX3s7uF3u7X1tbaz6mlaMaeOy+aSXPildaaNU203172u2rb9bclpthay2waNmjkYrMr52OJFYEhXGCACABkjJGcE16/4JW8m12zSW7dyWg2uxMrxxpg7MknI4xn35Iyc/Pmm6rJDcFH3lI5DiMnOQPm4wox/sgjBHOBk17x4Cnd9cs7mF3RI4mmYHgZOT0P8IOMcDAHBI4PiVpSi07+7G14pbNrR2fXfTdb9bH3eBhCU4aLmUo9rq9lLRrze7e2p/U1/wAEPfEUV5+0AdOi8ppbLw7qcMgUASOjAsXXPzOvy8/QYyQuP6StRUm7vNmGzd3G3B5/1hHGPUDrycdOK/ld/wCCI0dyv7Yfh1o5xEZfC+qSSQxk7Z0ljflgAFJUYyMDsOSa/qp1FFju7vgkfaZ8nHzHEhUncAp4wPmOOmfcfmHHdRyqYJ3XNyVE/KzjHpaztr5efX7LKqUadXE8qspRpPq76u9tForX169eqwzCcEnkMOARzkdQM49Og46YxyaieNsZOSMZ+YZyoBDE4GSwx0Izu56rVwsoPBOSQRwQAW56HGFAOAcnopyeKjchlxuwTuyV56kNg4689D904HQH5fz+lNp97a7vuuz0v17v0VvoEpNaLa13fRJ8r9FZXVtOydygUIztweWLN04OM7V4yp9McHt2qMdE2gkYPC8dMZA5PGGznOCeR1xVonK4GMklcAfMCef4toyApyM9M9MAmLONoGSwzyPcck5wueuMDJxnkjFdEZS5lbV22tddNWlrb7V0ntp1aThLRy9GvNWvfbXv1Wm+hCHOFHAxweclccAZ64PBHQ4B7VIWzwBkLkjgAAMOAeQMcZ4GcNkZJ4bsxtxg7WJIz156se5PJAXrnB5ztkVAWJGeSMlegz0GOmTz0645rZS5Vulqt7vpHyb12Wui1vIjku10tq+l1ot/lezS872BC/PO3aFA2knkZzg8fXsOnbirKnOCT1wBjlQeMk88jBHbIJxzkYhBCFgASGPAHPy9eMjII/vfocZMhkABI6HOcj5eMgFR2Uc55xnJyONusZ6dL277fD09FZ3dl07mUo6q2i0vvrdpNPpaz0T0stEWCMM2CVOQQQcjpyAepJzzyTjp72EySBgjdyAeeV657fxcYPGQeQQap+Y3JwFHB25zu4AHHJABzjHTOMjtYSRiFO0ArnJ5LAd8c4LMSD/kirdZxt0vypuzukrXtbRdmuqV1sS1om0m7p3sr6pW+z5W+5O+xcAOcgAHPUEjHP8ATk49wDkZzbQbcDO4lTx/dOOpIyRjqD0Pbng0Q6AKB1DD1JycPxyenfPG7OD62lcYBIOdx9gNp4BOM4+gAJBHBFCqpu6dtkr/AC10va1rXSstW3a7c+zild/c1Z3dnb0/TVJpu9jOchsnHHQEjkHggYwDgZOOx64FCvuDEAZ28g4yzHIUbh0x14HOCcY4LFYEYB653KASrdcg/LnjPQ4xk8iphGjM3QcYOMAEk7s4BIGGKg4x7g840jLS93a69Lqy+11vturpPcmMYxat7ut1ZJ9k+jaSevz3W4E+Zg/7QJwAMADJB5BJ3Lkj1I46mpdpOM9iThQVwT09M8MNx7H8MOWMKeBuH3QvIBwMHpnA6kHAJ4z0FSjACkrkgHnJwcZONoI3HjLNySMgelXdXjrdprS6t9n5q2z+/fQlqT926a13k7r4Xt6pabJa7tEOwZxjJzyoOOnOT6fNyc4z696lAJOCMMQScc56Yz1YEDOcf7Jo3Zx2BJBIweSehLAHBz2bJGDwucyqpwWHzEEcdwACOTxjbn5SQMcHGcYrZKz6Rv56pavbW2unVvzMeZp2VtdNGnpzL7S+XRb2v9kZ5Y3cgjABIAwCQByTkctzgHkH5cHBNOZdx44wcnBwccYB7E4ySB1AJ96s4Q/eGC2QVUZB24GW7Z5z1wQCcZIo8n+IjaDkDpjHYdf4TwfxJ7YmMrJ66p2stkrrW19X13V03ddxNPVt7byTSa0t32Wyu9E9+tQJ94DaMbc8rn8MZ6+30B4NWFUgKzFe/XAwPfvkgHIIC8/c4NS7FJIXAPJJxxyDzyBxn0IPA+lPRQMdDgHALDPJ9O57Fe3BJ5xQpPo9tWk9LRstNb6Na6+fcd0tN7q++mvKtu723W3ciWJ3BOQcngDHGOckZ5POeOcYAHarIiYsDuxlcnpgfQYI5PHGeD2HR6Io3dc4yOG74z2HQgDkDByDg8VYALLju2CRnqRuJB7jH1xz7cNTbbb5dEnbt8LV99X5XSa1sDdr22Tvrfpaz27duq77QCPK5KjIIz8o4BPr1Lc+gIAIOe8YjJBAJAIAPIIBHc4BJxz83Qdupq2DkjacfKc474HGBkAjpkjkHoeMF+RlflGSBxj0PUg8EYJxj33DPNJye+y2drNt6bPe+nfW6V9CW1111Xotu703V7d+upV8nJ+V+R1H3SexJyCCcAYJzkAnGMinLEcjpjJdhkqSCc5D9M8k45zjB7VOVUDOOFyeCM5bdnOCCSM9sdaci4IODySMAZ2qQMYPrjqPvD06ZabSXn8LWu1tHbo7We76eT0pyvZ3Stbra+107LVOXvO/2bpXSjdgiHIbIIHBPIKnpj09iOc9hg4iZRxx/d6t2yck9MHPJJwRg9xVwKhAUDGGGSMHJBXIxliAOMthcHHIzULdVViAMEnJ2txzjdntg9yPUHJzN11ve6+bvvo0762t697mqnBNK2u++lk1a2i1s0tls21e7PzB/wCCwtz9j/4J+fFaURyTbde8ODy4z+8+a5I6j6Y9Cc8MOa/htOrajM0ssXhK/m3Iqo8195Qb5FHmBSeOgJ68HBO3AP8Acx/wWDid/wBgH4pouf8AkP8AhzI/i4uGxg57c4HHO05+XNfxQQafI0cah2ZmWMgeYfu+Wnytj5B8pBH14A3DH734PYVV6OP9+UGqtNpwUbu8Yqz5k0+m/dn454uYpYXL8rapKpzYism5c6SsqdneLV1r0006O5xR1HxEkSCDwjaKwjxme9SQ8cjIzz7kY4HX14y4Xx5qOr3dpaWuhaZviivHVo/P3BvkDblbaWOGUZHXjGQa+gItBd4d8gbABA/eKRgE59M5PqcnPB4APJzLaaf4muY5ykf/ABK7YjDYbiUnBA4wDnnknJOdxr9nr5fyyownXqShOsk1zRvJW1+FWW19NV0XVfg9HNKjjiHHD048lFyi2pO7Tja13K7sr67XOEi8I/EGd0afX9OgAABWCzII4Bwu5Wzxjpxgetadp4A8TXFwDP4suFG5SxhhiBIyAwyU6H5jnIAHPoB6MdY0m2mjZm3ZAO0g85AXK8cg4JByQMDJGM1Yh8QaaxeWNSATj7oGCrnBX5gcAjaVCkKVGQBtrupZfl9OXvc8t9XOd3ZLs09U1pfZaXPKqZxmFWPu+yhrdpQh05GrpxV7+Xn2ufO/xn8ODQI/CsT6nd6g8yahJLLcMNxYRPgYRRgccHByNo4PFea/s46K+o2OtT2+kx6hNHrNzkyk7VUl2wQQRnkFhjI9civZvjvfW90PCciKADaagNzE5JMbgHsOQc5xgjOcHJrH/ZCla30DxOY0Mn/E7lJ27Wfo3GCQFU5JOP4TgV8riqcKeeU4wppU1Opyq17e5T1fPdpt3v1VtfL7/ATqzyBVqs71JQpNvVaurLW6tZWsk0tEhvxHtpbbSP31jDZ4t9QTZEkYJAgc7SxAx17nGOSMjBy/2PdPTUbjxMrwIVjigl3eWjnACqME5AIHPTnJyQBXW/GTUXv7C+hEMkb28GpO2VQHHlSLljgDOD1wvPIDZzXn37Ifiu08PavrFhdW1zM2qWcIt2hIIVwQCZODhOD+ZB4GK5vaRlnuHvFON2mne9+RPqt9ultNTo5JSyGuoNuUlCV025W5oc2rdkorvtfazVvaP2j9GS2tdAWPepK37hMLgFQ2MgDBAyBwQwbniuU/Zr8M6jrHw8vprW3klgtdcm88o2ArEs+SQf7oOcEcfLjpXZ/tH6i88XhpykkaC2vyFkA3AsG6nAxgEjjjaeneuv8A2KJEHwZ8Z7lZ3HiZtjDooZXBOQ2doPBz29siivOUc9i0r3puNrW3jHq9dktbW6aM5Iwf9gu7aaqQfm2pefezVrW6tKzv4l8YLOKDwprhMcgdXJG7OP3bqhDE4B5J6knHXjAPtv7L3hnTdU+F+l3N5GXaS91BUQAHO11PBAByD7498qM+PfHd3Twv4jQyr+7uJIgoJJJkmDZBJ7YIzkr+Ne9fsjwG4+EOnOt1FG8F5qLrvZg+fNQYHOASucDn+8d2GpUn7PiOUm0pPBpJW680L7uz63TV210toTk6nDMFyyu8YtFbW6v2a879b6dTw/8Aa10Gy0rxX4WtrcMkc+hXsjqW5YYJwMngHv8A7XtkV9N/s/fDbQtZ+FPhbVLqCVpZrDeTGARuUlSGGCW6ngfwk8nnPy5+2ZqMjeOvC0aurJD4ful3KQw+6cj1GAfrk55IxX27+zFqVonwR8KRz6jDaBbKTcZMbsZOAoJ6HHJx+XFc9PEShmeLqxd58zvZe9Z8ltL2eiWmj6I0rxX9lYGnaSUuW1+9ns3olpa92rLbc/MP9o6K3s/GFzaW0WyO21C9so8+qTJtA24AIG4ng8nceU5+z/BGnSQeB9E3Sw/vvD1rKFKFiMxg4ZgDx1Gc4yNuMGviT9oaZLrxtfSW06zxf8JRqKpKTkMhkHzZBwVyCc/XIzzX7K/DDxTNafs4+HtM03wZ4UeRPCNtBc+Ib8QSXVy90pBIjZTKskY4jdCAoOeBmvLeZVMHmNarCl7aWIdOnP31TUVdc0m2mrq7SjbWy1se1Ty94vLqMZ1PZxw65unvuMFZXul0u7Jtvqra/jN8fJHm+IcUTyq2NCs+nAQ+YMLhsYySc4xz1wOa+/PAk8tr4R8ORgwAtplqvlsQcMV+Qk54znnqScDpg18AfH6O6T4svFOLd2is9LhYRkCPY9yjFV2kDChgvPPODjBx/QLofwK+GA/Z50vxZbW2kQa5a+Bra8n8/UB9rF5BarKJRBvBIZiQFx0wASp46cHmtPAYytVrcyeKnGEOVXd3ZvmfbVW1+7U5sTl9fF4PDwpy5Vh48827pvlitFa9m1HXXXZn86vxlZpfjlpkRKlpPF9uCRzj95FkEgjjknbn2BxX6aXngudIYZ4rqAD7LE3lqoGGFurfqT36HpnoPzD+NcgPx38PsEULJrGkXLlN20FrpQzbiP7i/eORgL7mv3I1eb4Vp4ctIYdNlk1dbC1le5W4YIkpsEJDPvOdzkgANyMd+s4LNFhcVmaalL21aDg1vql110i/XonoaYnBTr4XAy5uX2dO0r3cnJOCttd263SXbW5+NmqMreOdGWRPMMnjgRq5BK/60IcEZO1cZxkkA8EE8/oP4rnceHdWhjhjAh0e43OkLbQvkAOCSOG4OT1GDkcV+f2oTRP8QfDoRMJ/wsZwmcsBH9qG0dc9O5Jz2XjFfqz4oms28DeI4wtp5j6DfZIjAlUi1AKnKsQckklSOR1wa3yrFShTx7W8+WUrvfS/Xq9FddejuaZjhY1pYLmunGDaaSsrOGiXf3VfZ77n5IeCLjb8W/BrbcsGuhsIPVmwq9eevXgDrxivu3xJcb7WeJo4sos7lQwyFETOeO5Hy9D1UckHFfBnw+xN8ZfA6cSK97NEFXdywlfCjlsnIYHJ6c8ZzX6XeKtBSPTrho7QvMIrxpE2gNGRG+TuJ2tgAjPTrk5JqMqrwhTxybtKc5OKvpbkhZvyvZLVNXtpuPMcLOrPCSinanGKk2rK6mna99rPRp9dj85PAUD3nxV8J26BZGuLnWPLQNgNJulCo3zfLjPzH6EA4wPvfWPA3iLTNHuJLyKCFZrC9lUiYMoQQufLUFmZB6AnOcdc18OfDBjH8afh4zwgn+0tXCoo6kzSjPXnbjJGeTkYOeP1k8XLp83hTV3dopZ49H1RgiS/6krC5JKO52kHIK7f4SAc5riyjE1aWFxkYxVpTm25Xb1a2020d7bWNs3wlKeKwrk9VRppa3v76vZ7JaN7Ndep+Vv7Oujzan8WILWB0WQwasysxYomyeUcqOWGQflxk4bHTA+y/i/4a1TSvBfiCS5ucKNIlOx1MSOrKV/duTkt0yOnTgcmvlH9k27sNM+NFje6hJEloIdZ843E0ccZJuJSqs7kLtOR34JJ5HB+5/2iPGHhHWvB+sQ2V/piTNpcyPF9uiYltpCxwAPznocDkA9QWxGBr1lhq0U+SEnNyd3q3yJpbaX02eitqTmuHp/XsNKznLkoqK0e0tdHvbW9lfy01/Pr9lmyu7j4i65AbkpGdCSVogWKyjzchOqgtnJzxycn5sV9m/FPwyy+BPFpu2lRm0KWSJJHG1doJO0HDZOCcABs4APBWvj79mHVNI0L4m61f63qVhptinh2NIp7qdUhnl3jbGjEgF+uPmBHCk44H1/8T/iN4K1zwd4igttc0pro6Hdw29vHeLJJPJscoI0BbJLZK85GRgbtudssxsqWX16blq5za10abVttV2srJv111zjBKrmOHmovWnQdrXTfurdJ2d1or22ex8TfspWN3qfjbXrO28zf/YqFPLA3NskAAzggHgZPQ4OQO/2b8VPA+o23gXxPdajE8UcegSSs6Sbl+U4BcA4OQeQM45AB4z8efsn+K9B8IePtS1HxDqC6XZNoMkSyLG9w0sxm+SMRxknLDO44yeBzivs/4ufHTwV4g8DeJdB0W5vZ7jU/D72yBNFvfKLo27zDOwZYo8Kd7EkH869DA5jVp5bOjTavJT967V+Zc2idktbro3dJdbeXmGWU5ZpSqzjJ6UEny+7aLXV6aWad9XpvdnoP/BGP4G/Dv48/GLxd4B8fNb2uhSeG11N9SubmO2Nt5Eyo3kvIVXccnOQR1OABiv12/wCCmX7FH7KXwO/Zx8a674B1vTta8SroKC2Ya1azXFvN50YKG2hY+arEk4KllJCg9Mfz2/sHzeM7nx/4j0zwLpFzreqnws7Mljqv9kFIQ4DSPOrqWKuQvl8ZOCeQa+qP2l/B/wAaLHwT4kn8XaP5OmQaElxfJd+JTqFzaqzqFk8nzW8wgnggcHBweg/PsZh8zr5rQqwzGpRw6UHKhFyUZWtzK3Ny2bi7t93bZH2dKrgI4SUJYeDqcqXtHFKWrjytOz1j8k7baHtf/BCz9nr4U/Hj4l/GrRfihoWlajpGlaDptzZTXl9Hp8kVxImQQZJEbYTjIB9RnNXv+CvHw4+GHwc+Imu+BPAWhWOlafH4FeWKHTrpL+B7h0O+4M8bMN5yMqTkkcDtX5Zfssap8RNE1nxS/gC31G5uLqytBfPa61caUxhQKVEklvJGZBkjaPmHIJHTHY/tFJ8V9ce21XxmJLWC7srmy/falJqFxIPLbbHJPcPJIQSDjLEDHGCDj06GWZksyljli6n1Z0XD2FnyfDGLte0W7u7ae787vhxWYYNYf6sqUVWUk+ayu/hvduN1v3100tE+n/8Agm58WPhZ4V/YJ+MXwt8R6ZFc/EHxX4wvbjQL37DEZoIfMyjfbHjZ0CAEBVZSeONpOPlb4x2UVr8O/GMLb/MnsxJmUFSW3EEgt1XOMFRyCK80/ZeTx5pvhrxFZ+FrfRLmxi1R1nk1XdJLbTuxG6EDse4HPTg11Pxe0f4jS+D/ABBc69rOkyWa2ytLb28LKChb/Vo5zjGOnXGMDB49vBUamGy7EcqqzVXnfvO8YxSS0vo07Xe2+z6cNXEYepiqCcqftKfJFRulLlbjq+7879E7HrP7APhGLxB8OfEwS+W1ltdTG75VLvldw25bIUcZ29uhwMnmv2r9Pj0vTfFVmHaRo9OsWYFcjJd1HTJwQAePwODmvPf2XvDvxR1PwpqUfgTxLBoGmzXsi3cSH94ZkVSGBGSRwOAQTn8FufHH4d/EHSPCuta14p8WtrBuWtoJIyu8SKWYgbumVIJK5OPquF6JPFyyTlnKUqXLor2SV4vXXVO1lFfj15VLBvNFy8iqKa6Pmfux1d42ve7bve1rM9x/4J+eCtK8V/CPxNNeyJbva+JDGsxdASCqcLvO5cAZJ46k5ODX2hrfgPwLotysj3tlcSvBs+e5iWXztvy5UMN5JwCfUDFflD+zj4R1bVfBeo3mmeKtV0e2XV5op7WxnkgtpnG072SNlG4ZKkkEjBwSSBXtl/8ADK9kmFzP4r1q5mUKwWS/n645YZfjjoc56cE9by+jjZ4HDuN+TliknL7N1rstUtvLfqc+PrYKli6jbTlpqo7S0/HV6rW9j6T8VW1ung/w+kAJRPEciq8REiIpchVU8jP64zyVINcxD4NPjH4d+LNLt5M6rDfyLp8LnJeaJmdE245LNwQOT06HAwrvRb7QPh7oMVte3rldehlaSeUztG8nBLKxYsDjPDZ4yRVv4a/ETTdK8TXfhnxhqlv4YjvLmW6tvEV8DBp95cBSYoXuG2pHKWICjOe55xWmbR5cFVpSd3ODpvmadnJpXTbV7Ntt6JNfNdvDKpvHwrQV+WTqRT3bjJa2e+172+VjX+AP9gJ4b8SeD/GCRSalcpd2upWU1qrXln5MewSwmQbjb5VfnDbkOTlcknN+JdxpWvfDHwp4Yu9JtNWuND1x7e2miha4lk09ZysVstyv3ZGjVPkyeOCQBxy3ikWqXfiDxFBrNlB4htXlt9J1a0nU2mpxTuSYphGwWRJFIAbBDcnk1s+HPFb3XgmXw69nDbeJLfUIb2OzZFWSWYoHa5tJpAN0bMA5wTwcYxwf57xmS43h7GV80pYipOhiZKVotv2T5lpo9n0s7WTt3f8AR8c3wnEuX4HATw9OliMLHlkmuV1lpaN0nd+77ujS7n5//F34aWNnfWUsenJplxq9/N9ktkViz2san5XiGSkqkEEHnaMkkcjwmXwpd25kR7ZYvJJCMcnzFDYLMCTsbgrznn5sHDE/b3xx1/UNM/sTUtStYrzVbXU7lVnLI1uI3iDFOBgOGY7zzlhu7Ej461zxnNqJuZktktzM7iVg+FILFtyDIxjrgfxE54wK/SuGsYsbl1OrVmuezUnJNTcY8r6tO93ZXctN9kflPFuXUsuxsqUI2uk1BXTSag7a2u7vdX23s2357batd6Vq9zBDHGY4wqzxuwZGUggAAgr8hJAOAcc5AAFenyfFnxIfhxffDCK0spPDN/qCaq6JGkVxHdKwYESoFBHchtwxkDacCvFrqdV1S7uJJAQyRqQpz8x65xwcLzx33A85p7ajIdv2dienIQkZPqDjoMY+oGMdO6c/aVJ3SlGDSu0nazT0v303va3TU82nSgsPGV3FuK03v8K02v1Wrd9ep9C/s9awLP4maQfMt4ri5tbi1EFyvmQn5GGGDjBwpIzxn8MV90+KfCWm6vDdXMegWt1crAXkudE/dGOVCFMpRSdx4OR1Jx8xIr8y/h3GE8T22rTapHpMmljzoriYhUmYnPl45IDZ5JyDnBGBmvuHw38d59Hglt72zs79ZwyJqFlOi4hwQpZQSJMnlh3xiu7B8QywDeHnP2NKUo3a95K1k2+z11202Whz4nhynmFN1VBVKsdIt3V7aWa1s9/Jt9bHO+H/AAZqkC61eaTch2N0Y5ba4Ro5Tgk7ewDKASSRjPQ5BpdRGtWpijurK4iG0/vE3FSD1w4JGCAMMBx930z6f8IPEFp4g1HWt+r6bFJd6g88VvqIWESiXcfLiZgBhQcP3J5GBXuOrfDfxAyrdnT4LqxmUslxZSJOsasTjaF3D5sqVAx1B4PNff5VxFTdCMI14yhzJu7s2rxemt1q90977bH5xnnA0cRXlV+ryhNRirqLtootW09Ot7210PhbxFqDf2VPA7KzC4tepIcZdDtOSQSOc4IGMdCK7CCVnhDiTawjiUYUZUhAQOnIychs89jgmvRPHnw8gGnztLpcsL+dFi4WGSLLhxuUrjJkzznBxjO3gVyVx4Pkto/Mt5ZgfLj4LkvEQoVd6n/We20cemDX1OCzCksVUrKcHzUoLWV7tNX2218r9mfC5lwzi6GBp0YwlJ060525XonGKXfXRfN9lrVieQRZZkVicYKcsM9QeAMDb0Ge3Ss7w1bm68Y+Iw7B5JLG2BQgNHtVSA21ww6Ht+PSmSWWt2haV0kuYI5QQV24Kg4yV2sQxBBxweoz6SeC9XtbPxZrVzfFrfzbOFdsqADIG0jngYHAIO3jg4GT6lTEUcRLBqooSh9YhzRaTTi1q3ut3fXrfRHykMJjcHSzCdJVKc1hWoOLakmpQlo1re6dur2v0NTXPhnoetoRqGgafcNk4mhRIJwTkBlaPau4Dr9MgDIA8B8afArS9JhW70q9uNPke5W3S1vQZYTKxO3a/GFyCCScEDtkV9iRa/p7ykxSx7Tn5S2zng/Lg459hxwO+a53x9ZS6n4bsLuCaFWOtwKFbacDLlSe4Jweuep4yBnz+I8g4frYOpWWBo+1bS5oQUJpNxTb5VHVNt9b2VtzbgjiriinneGwVTGYh4Z356dWcpppK6SU+ZtXSSSs3r6Hw5qHwy+JOgQLdLYS3trLF5kcunOZSYwcgtGA2MYOAcEEHjAzXPw6/q2lOIdRtZopUIyLiOS2nRsnOJVUY9MggjpjnFfpHY6d/wASnSYbi6mguTYZJ2jyHxwCRjJB5IAOV/2uaytX8B22s2s097oNtqtjFKkM91Da7grlTne4AYPgk4DA5GMEDFfmuN4EwdWkq2DxvsedRahUV1dpNRTVmuvS7t0P3nB+IGY4eq6WJwftoLWUqbfNyrlWt01tZ9O+1r/IXg342+KPC8hfRfE+q6WyyBxDJcNc2rsO0m8sNhH9059xxX1F4P8A2v8AxVbSKPEFpY63bNxcXNjIYLsqfmaQhyVYnsFXIIPavCU+B3hzX21Z7Z5NKmi1Wa2t9jN5KIhBAaM4JUHII69c5XAPJ6z8APHukM0uhTW+pxoTk20pimCqcg7GJ+cAZxt+U9QBkt8vVyHiPLG6lGNWrSjJpOk3O6suV8rei6Oy0bV9XY+rw/F3D2YWjiPZUqloqXPFQlFtL7S001W++h+kum/tM/DPxT9iguLu40q/idXMeqQYgR8nOLkjaMdOvAPO84FelDXfCnii18y21PT7kIrSBrOeOUM+WxvGSCDgkr1zyRjk/iXer408NSyQa9o96i4Kqbi2ZxJj7+xwp3bQOSMk7cHnirujeO7mzeOW2vL/AEyUEEG3nliyQwI/clh0I5BGMDkd6wpZ7mOG93FUJprSXNBxeiit7a/PZtpX3PWWEyzGRUqFanKE0nFXU4dL6q+nR72e+11+wGueE9H1exATTrC7KQSOzLGkUwXYwyWAXpg56g7c4/iryvU/g54fOm2h003dpO6M77My26MXJIwAQvPzZI6nByevyb4X/aQ8aaLiGbU4NXt3Xa0V+u0vCRyiyLt5IJ5J98Ac1714T/aV8NSxRx61Z3uiuz7lngJvLVnJ5DxqC6x+oAxzuPTn6DAcXUlUjKpVnSlZK8ndL4el2lt8uW3U8bMOE6OIoziqNKrGVpP2cVzaJX08lf5p+Rjax8NPEWmXKzWV3DdwxMhYRMVmOQpACuTlip+714x8vNYPhtb/AEy+szfJNHLH4lt5VE2Y3VPMUFlVSOCQOQeg6sM19e6L4l8A+N7eMW+uaTPduRJ5cU8dvd5IBGI2IOc43KBxkH5SONi/+Hfh66lRZZV81RE8M8i73Dq29Asi54HGSQcDqe1fa4TP8NiHGVWpGtFRT9xpylGXKmpJNrSzetlq++n5zmHBFejzLCwdFt3XOmldqKVmrLfp0VtNz6Ds9a1W90nXFvrqe50+78NXFpFHPmUAGzJ2hmJCj3ByCAQBxXwlqHws8N+LNd0C2v7M3OnX9pDY34Qqs0Ms16IRKj4DBkDblZuOOpJOfrjT9J8TWrRXFtMmp6e1lPDLYsSm8LbtGJFYELuUY45I5HtXnGleH9XsL8apBZzzJpIhvb2ARM5gi+3pKA/G3YF/iA6HOSMisM5xeV4uWFhQ9j7CdKpGVK0fdq8ia5o3vzKTWtnrpcXDmW5zlksVHFqtGrCVKca124uDmm3FvaKST7dH3Plr9pv9gb4ifA2K88Y6bnxN8Mfs0F4mrWgLXmhLcIrJBqcA3PtjyqmcbULDIxnI+K9N1ie0tjazgalpeeYJD+8ifON8Lk70wOSpYjI6V/TX8X/E7fEj9nj4ipp96j2LeE7SO4tHTBjdDGrROjEg7XB2MBkjbk9AfxI/4ZiuPGGlWWp+F7iGy1q6sp5f7MuCY7G6hsgyTFSRsSdiCVwdpYH0r8dxPDuKq0cVi8PFRlSrTpzw9rNxaUkopr7l11V9GfsuX8R0KdWhQrzco1qcXGu9U3omppXVlZatJa7bHnvwh+L/AIx+FeoT6t4M1SabTrh1XUdFuH3Q3cHy7oprckqpeMELPEqEHlgck1+s3w0/aH8D/GTwzp9po8L6NrunSGfWNFnbNxCUiIkaAtgzQs3RFzjI67s1+GuraRrfhXV5NKvLS90u9sHPmJLE8W5UcqXjLLieEsDhl3cc9cmu10LxNLa3tpq2n6lP4e1+2kR7fV9PdoophD83l3UalVZHIw6uCCTjk8HzMrznG5NiFOneUVJKph6qkoyStoldPmjrZ7q6Xc9rMMswOdYdwn7s3FOnWjZyTai7xdndLbbZrd7/ALiNNHceBbxjtaK51K5hhzGwC7rhXQsCuVwFwefUA8Yrhr6RP+FafEiCALI00bK0IUMjGE4fcpDBgMhgCpHIOOgPkHwC/bC8J62lj4K+LFpZaPqzzpHa66wRdG1RchFaTaNlvcSjkSMR8xB29z9H6z4Tl0ix+IN9pgTUPCuvaZc3ejSWO258gyIHkhIUuJUIGYpE6A4IHIP61lPEmW5zh69JyjSqckp+xqWu24pO13G+qV+vlpY/I844azDKa1KrCPt6CnG1Wmm5RtOFpNK+ne3lddT87fHn7OWma14Y0rxX4HePS9fl0+Ez6XI/+hatKY3kkcf88pyQdpxsLEADOMfIsEmraRJNYa5ZXNnc20xjkiuIWimTYxUvEWA86LKkq6ZHqciv2AsNLjn8HeEbiZlhDiGGFSu0h44peJFP3Sm0nOME4B6AHzv41fDTR/iHoXws0u6tbazvbxtUs/7XsrdVvmkiO63WWRBmYZXBD5IGcMSCa+Zz7hjD1accVgEoV5QvUpK6hNu13teEna9lo0rt7s+jyLiarh6joY+fNRUnGFRq8optbpNtwt0tdNHwt4R8eeIPBOp23ifwXq9xpGrWxQxXdrIVgnUcvFeW4O2SJwdr7lYgZORgkfqF8Iv2h/h9+0KNB8IfEmKz8IfEnT7SWPS9YmkSGz1K7kTakltO5Cq05Yb7eQkksQODgflH8RPhp4/+Ed1aQeIrA21hqMjjStRjDSWWp28blYwzAAQzOMExthi3Trk83HcR3zwS2k0lve28iyhI5GjngeLDebbzKQyPkAhkYDAwTXxeGxuNynEJNTo1IWUoyvFtXimo30cWtbb72ep9zXwmCzjDJONOpzKLUkk4vRO6tfVO7adrNvsfsX8UfAviHwpceHPt1vLJFa6tHFJqUCGWCaBpD9muJWUkRq+4EBicDdweKp6Sn2jx38QbIqT9q8JWQZWYCNvNWXJYHgg7RgEYweuRXzt8Cf22tS0KyTwT8aAfEvhh/JsdM8UXCCe90pYysccGpIQWmijAA84fMgGSx5NfcNp4N0W+1u6+IXgHUbTxBonifw39ka3t7mOeKGRoWaJopFZlBQk5gcBlPHGef0LL8+w+Y0qcZy5a0ZLmTatJe49m7Xfvaa38tD85zLIcRl9WdSEZTo8suVxs3F3i999LNWdnutz4f+JH7LekeKfAGi+OvAxSw8VPJPb3Vm+FsNVeOSUOAMbYpW2ny3xnJyTnkfBSvfaRfXmleIbSewvbO4e3InjaNklRiv7qQnbNCWyqsrYI2nk8j9vtAFuvwp0izknitr7T/ElzZ3FnOPLlCieRgSj/ADhgx7EdQT15+bvGvwn8N/ET4XeIxf6ei6ppXiK+ms9XjREvYYg+ShdV3yQk8BGJ+UZwAc1z51w9h8XTeJwX7utJ35VZRmmo2bttJu/9SLybP6+DqLD4uTnRhypSd3KD0sndXkmrXvqntofCHhDxV4i8G61aeKfCmo3WkatCwRbm2lZBJhgxjuYclJYpAMsHVsDoeCK/Tv4fftE+B/2gNB1X4efFKf8A4RXx3qlvp+lWF6swt9G1gxSph55G2pbysSWBJyGPBBOK/OTxh8J/F3w1srTUNUha+0O8MTadrFqGkUQnaY1u4xkocY5bjOcYGcYqwCdoprZ3jvUjilDqdh4O7cHxuQjDbSmGQ4BIAyPgfreY5JWqUVzU3UioSp1YtwldK0ktm1tFt699Uj9BhhsvzmlSq3jKUZQnTqQS5k09VdO+7s4uzV76NH9cnhaD4a/s8/DP4Z/DLw5Pf6ml18RfhXrDT3Nw1w2m395rFnHcSwMGMclnMThHB2hQB0xj+mi5fdGkmT++gt5FcDOfMRWztGD8wJPTpknbjFf54P7Ov7Vuu+H7Pw/4C+JVxfeJ/CUHi7wzrsOumRpte8Of8I/qEN2scU0m6SeyCR4aDLYX7oy3H99Pwk+LXgL40fDrwz49+HPiSx8TeH7/AEnTYheWcgdre8itYhPa3kQJa3uY5N3mRyBSCCdor85xEPZV6t5KcqtWdSUuXpOalfXRNNfC7q3dO59bNTnSouMHGMIQpt3ulyxgk77+8rWja7v3uj0Ntx3N/dOFyOo53Er3AOBkAkZzjmqkqZYksNp24GMgZwMAjrn/AHuOx64tAk5ztyTlRk4yPlIBGRkDg4AGRyfVsgQMwwASoAOGyOMHHT7vJ7r1xnAAm8U+ZWTaS0W+ivZK33rXzttMYx2lfmstL76q706adtHutVeoRgAKSQwHUknjqACM54HJ47+gqu25fcnHJ77SOeCRjls4UZxk8DNW+ARnnPQHgZUAHpj1Bx0HHfksJ5AOCAOwGBnOOg6dMD6DnGSRbi1yxun222ir3s3+Ku72voNxTs0mtlZu/La1rWS+7zT06QhyzgdCvO3nG3HPseSOOMDp0xTCwDcjGFzuAwRn2PUHjB6c45NTdhhug/h7DPQZzyMnPbrjimOu4ZBIIHX+EHPO7HUcDA/UVUZrRbOSSa1dmuV+XTR+rSv1nt1d7qLSs7pX11Wi1VnraySs7xMzbiF5OCvTrkYycHI6gEH2AFJ8xXaRg8YJ6kA/Ngk4XB44HXaAcU7aRuyQN2D0P8JwB3JBz7EZ68ChVA53fdIIAJxnnqPcEY9MDjjA1912a1ttbd2Sumk7K2qutHfR63SV3pK9pbu/ez1a26de129mmF+UMQMck59emB1yQffnOM4JqPacHsGJYsMjoRznPOeMYIwBjnpUzDoCFYc7SCBx/wB9HODjqTnGeSc01iMjgYGSSOc+m3AP6DnnpmjfrfV6763/AEYOyt00SW/lv9+67Xtrci2lcEdACc9OvQ85yAMc5IwO2MUDdgZJ5ADZ9t2Bg/KOMn88ZwRUny4yBgdDznI+nXHvyMd+SSgAHykEgbSQT6dM9znseOARggjE2emz18r+l2unfd+RV4+abVmk3bTq9+9tn+rUYYepzkkAngHGcdeeeMZIyCc4y7DBRkjA74G45PftzwMDg57UmxC2CT1PPIw2en44CgnJ4J5+9T8ALgqDzjacg/KeM4BySPfPXOCCapytZvy9bLbs1bS/XortoSf8t1otb2tte/4vo0k77WFKspxtBJyCTgZVTjt90D9CMk7ckRnOCGIBOMgnOAc8nGOgA6g57+7zjAO05ZiCwPHICknt0AA/LnikVRgDDZAbJwT3985AI5HJPJJAxSitndNtXVraeSa6O3Mu+jSVh83N7qvy6Xd3Zp2d9ktLK7vZed9I9rEkA4OAM5BJUE9jjlcMADyeM5PAkCvkHIyMkgDBwccYOSCccL1+7kcUoCfMDkcKARkgHGee+SCdvGBzleacrJkYBAckAEHPYEjoQQTjIBByBnkAppyslda69Plquu2l16uw01G2zdu+m679eruvmkrDQgwMMGKqxIBzgNjA755yOOgHXOKcEYfIeoGT83THPBzjoBgnvnA5IDkC/IVzyGJHQEDnqxyMHGVPbA7YpSw5I4IyQOuT0/HgAY6jjgYqXCT0Tekr7rdcqVk1bu3a/XV3ZS5bOVlsr6p7pab27K2ltfNjQgABzgkMCrZyccYx0HAGQeuemOiquSMEHJwcFicA7R1PXsR/DkcZUqE4ABcMQVIPcA84wFBOQOeuOmcUq427uSeQM4Hy4OMnPDZ9ffkkACldab2sr3a1Sjfa/XX03STBuO6Sv8WuktVv56X162t6DIRtIBHLdSTkHucnnGB0OAOO1NDMuVJBI+7nBJBPPYZAzyfy4yKexP3QCT1H0yeM9BxyQRnOPYUhIY8K2euAOpALZJ4AUAZwcnkY9K2hLkVr2XRKz2aet3trv/m24k73a6763V9L2T6pK3dN3tuAUk4YAkkA45XjHOOoUE8ce9SFQvI7Y+8ce2Tg/wAX8IPB5/BN2MYGGwWJA4PBHTj+E8AZz1PrQQAOVySwHJOR0Jz7+nHbvkE1zK60tor9lotlst91rfpezJVurfTffRJPXzt52102GYIcY+nJJIBwcNg+pPy/w5BA4o2knLdQNvYgZ+7nGBgHnOM/TOKm2gHPrxznqfQ+ueevem7gXUAcknHGScA8g84HBz659MirWr30v52bdkn5a6adWNtWSvq7W078vZN6Xs/lZaaM8sZIK5z75+pG07jk9Cen1waUAtjCZIHrgnB7gAkNjOAQQeQR0qQA4wACQeeemcf/AFiB1G7pzinklQ24dx/CSck8ZPQHggZ6jHBzkU279Lvr621u9vLa13ougk2tE3oto6tNe9qr6W2avv1sRsRk8dQWPHGQcZxwck54yCc46dIiM5xnocdSBgnoxyD2OeR3HBOZmJOGUfLkqR8pHBxz75yDt78hSeKhbPJAGBleQOVzkc9MHqD1z16ipe79X/W7/P79xcui0lZOzVtrONrPq9Urd9730TnAVlGCvJIzk9un8+h70xiTkDGcDoCMnu2CSc4GMZIB5wcEUpLjOV9sc8Zzj+X15GCOyHGcMGDDGOQep+XJA6epxjtzT5n3enn/AF/wRWv5df07PzvbWyewwnk5AySOOhOBg9cnj5eR6n5fkJpAMEnB4z2yQOwyBxnHXtk9uKUjLbgO4GMDJJDZOPXhcZXAPGPWbfwxKnGcdMnAwM4wPx45A6ijV6/8PfRb79V+hqqfupSklZc3VpXS3lbpo1vfVKz1dUnB289OvoWzg9uBg5P5nPWPOWACg4A6ngnnOM4GA3rjODjBBFWTufIIHPXsRjpx6ZySCRjpgE1GyHGdp4HH12kfdAGck9Sc9T0yaWq1vro9LrR2euvXve68jJpbtq2nbsm+66Jd1pdJ6Ji8gEgfITjA9Dg7j07cYHI557gjJ+bO05J+inHHYAdue2eh6zBGG0+vH3eg46jsfTpjPPejaGVvm4OMcNg4Ix9DnOc8Dtg4y05K127WWltrKNurVrrrfv6zdXupWvpuo2Wl0+bV3vdaO+y6lJonB6nBXBCg5XJPBA29emV5Pt1AFbJ5AJHAA9M88Eck4+XdjGO/JvlCRgnGck5IPXoOAeT0zgdu4NNRODggZ/vHlsDn06kjHUg89By5Sbs27u1krpWtbtfdu3r9xSSclePrqv7r0d0use/6GeQeUHrjgnuMg5OcE8HHAwBwTgBNxBK8H5V65BzkgkgkE4Jzg9hnnpV8R9TgHcAeRzwScAfxDGewwG75pnlA5K4ySABxuH1PX1OeDjqOcmoylo3orpqy9Gkuvlqu99dBaX1033XZq99L6fhv00q/NwvXIGcjbzxkAcnH0+XGcHIoCuCRkAFhjJ64yCpOQAAO524PJPUVb8tV25wf9noc4P8A3z6t35wMcinKnfpgZJzzk8Y75UjPGARnOeopqprqtO6el3ZrpLor6Kzu3flshSaSvra6urWvflab0u1ZLRXfklvU+cDaRu4A49O/OQCef73Qc85JYOpznB9icAZ55P3iPfuc9AVutFnIBzwPu4wcnhmAPfOckcHn1qJomYgKcYyuQckYHIB7+pwOpOKpyu9W+j0T1e115P8ALRX2BPS++13a/wASVrb76bddSvuyAoGQuSc9cHOPc/QZx7U8ovQfwhcDqSWHUn0xnqcDjvxUgjZQOASOACeoBzuBPP1A754zzS8gNuBIxuPsOCQAAOCRxnnOFJPIqU7O3Ndy0trfTfR/KWq17X2G11TWz89Ndr6efXd2aRXKHb945yMBsYPByD147A8HHoKgZMtjjBPOBnkZyOo+YDAIGSueh5AtELtzgnoQWzgjknsc7jkcj3Gc4qNiMlQuDnAP0yTjPUgA8+mcjtQm9NVr6avTzWqTX+W12pR0TvHS7et3e1vL08k7t2RWOchQOjNg8g9eF/hxnjBPA69gC1g5yOB7d+TkAg/U9Cem0npiwQWB5J+ZmGQRyeoGSSQepxgcZxtApvk4PBJ6t64GDwTk4xkkDjnjiqT0V+tvK/5622/Q0vZbNx6u9rrRW5VtbTW9naWu9625jtGCCRs4GTgc9M4OcZBGQTnNEhIDZGAckZ6HPcgHlfrg88DoKtiP5TgdRuHc9eeewyCQOvsSajeMbnJXGAAO7DJPfsMDOR36fdANLdeq7/8AD/cvQh8sktW2rO+q6xV0+VXu0k2rNfJsqNuztAwcgA5Bxjno3AU7sFiTgjJPJw0ryAo5ByQMBh0BJyQdpHYnP/fPy3QjcfKRkMc7TxjjjIHp9OPyFjUblcHJGFYDk+oLA9OntgY9wr2Wv9N26Aoyb0+G/XRLZNbWXTru47dae1l4wATgZAJ4JJGPTowGQR0HUYCmNiwUYGckMSORkA5yBnJOATwc/U1d2AgnPBHGfXrjHXHOMc5xwfVPlztAPHB+UEjk8YHPQ/KR25A5xRfvpt56tq+unl0/Vpxs7JyV7W/9J0V1u7rW/a3NraqIWKkZwgAwc4ZiT3GDnqMfMP4cY4wux2IAIAA5HAO4kDqenAyQeeDn3lcqoIPzc7QOuQS2BnI556n0BGcEUm4E9xnjGOM4BUjpnHHJz35BIoLXLo1d6pq0k5X0TWnRWvpLR8zVktTaQNrHK8jHGSc5AOOQDkZ/EHkYKN8wCFMDcOB1yMZ479M+h6cCn4XHJOQTk8k7u3HTA4GOoOc8UhPA74ZeepIOF9OgBPTj39Hp57firf8AB9NB9fRNW0293S219tk1ra6uirIgDEAk8n04G3AIGRxjIwR2JPB4qmNlIXPynHPU8HJ549AvpzjgnFabKcEHIweD/FgqSM9hzx64xjmqrRL0QZ6FsdMDknoRndnPTHA+gmrq/Tp311/DW70stdCXs7bJ73e/u2t8nprtfqjS0JcX+Sdx+zz5OSP4GPT0zweeDnuOP4gf2jl3fGf40KXCtdeLfGKhzztC6rc98nnaCenOeRkE1/b5ooC3r44xaXR4BGAsTkHv0Gc/n9P4d/2gpkm+MPxSdgdsvjXxsmRz01O4POM5Pt7/AHcV6+UJrESm9NEr9bSnFvstk+3XYpP93Vk+ijZ677a/O3zt5M/Ij9puB7fQrZFv7hVDx7NgDeX8oLEf7POTkYOcYIOD/QJ/wSO+EvhH4d/s3+EvFujWvm+JviVqF7d+IdauY4/tU62kzLbW8cpXzEgSLGYwVBYZPpX4A/tMK82lwqNxX5sKFXdkRMfTGCOB1JyTgDaT/SB+wPHfH9kX4Aadprva3VzFqhe5HBiQMxZwc5PA4/vEA46iu2tyrGtNuy1Wjs3aOlno79/wSbRwqLlGom725Xe+1mnpra3rf7Nut/qnxl4tu38QX+meGB9p1KbX7G3e95NvYAJtdnb7rSKCSsYIOcZXONu9b6DpvhrwZqGqa1cRXF/J4mlvNU13U3UGG1hbdLKZZSEt7eJFZiF2cAA5IzTJtH0bwpolnez3ENvZafJea1rWsXsqRRgxXAee6u53ICiJA4GWAIGBgE1+Lf7Rf7TvxK/br+I93+yv+yrLeWHw4j1xovHfxKty8dtPaJMsd4UukAEVgF3pGEkVrggFCykgCqwbcU0uiS1urp/JK+ra30T11iUbQUF70rJJWTlJtJXej2aurW21a2XV/tg/tkfFb9q3xhqf7K/7G9lqF94aWBrL4h/EbTZWhguLK2kSPULCw1EKEtrVIhIDNuzMwG04PHH/ALfngjTvBngP4aeE7QS3raT+zpY6dJ9puDI0t9ZLGLqWSQsTI0kxYsxOWIBJJyB9w+HvDfwB/wCCfvwN1qO/1PT9Hh8MeH7ybVtZkeFfEXjbxBcW3lmG1OftM5nunUQwrlQhIIJxn88f28PGyeOdF+Fuv2NjfWMPiT9n0axHDdhknihuZFlRJUbBV/LKbgSMZXAxyfV4dUqubU5JKcFCas18bajdW1vZpK3zatqeLxBGNLAy57uTs9JK6TdraJbPe6v2W5+V/hHQ1fwvpFzF4Hkn/c7Zr2KeUpIwY7jtVjnHp0PTjrWB8VtHe28B61K/hmHTVcQlLpmkaRCZB0Utye5O3BJJPQivr34LaWlz8OdGaZnZRDMY0I4B3ZBOcq2Dnnk84x2PmH7TEMNv8LdWkjBBWeKIswxwHHIB645zgeuK/bm6FPLp8lOKbwz0jFRSfIk2klf0fR30uz8MeInPNFG0nBYpRUuefw88N1e11e/5voc78PfB+r6h4b0Wa00nRRFPpds4upxukY+WAHYEnlhjOE9h92uzu/h74pij3L/wjsINvOTiyDMQI2ZQmQfmbaTyOOoy3Nd58EYo7jwR4WkRlbGhWrlX/vMnoSVzyBnB4wegNep6jbB7dlcRIRFMCQArbfKmGMZPHuMdeQeDXTQnCWHhUmm37FJapNtRjorWttazutdTgxNSr9ZlCCV3WSS3bXOr2u3bRpaa6XPgP4S6H4tvbDU49Hm0xFh1vUVuHktoncskp3CMyISEJ5UA8DjnPPtEPhTxo0sayaxao2d+I7KLoOCo2pgHscDk4Hc0z9mmy+0f8JLGEEnl+JdYCjtgSvknHThgeBk8YPevs+Dw5aCWBhCqlkPJjwcn5iRyMeo9s81w5djaVLBYaybcXJO8tLc/Sz2s1ft57ndmdCc8fVsklzwu7Jbxp3TvdOzT83fyPzk+G/h3xLqHxA+Jdtb3syTWd/bLdzARr5p+Qg4ZRjaeMcfL97jBPu0Pw18WXEjGbxC8KAAMSquWJzn7g4GAOR06E4zVT4Oxww/Fn41LMQwbVLdYw4ODtYZGF6AjGV+nQZr6Yk1CwhJQPE5kIwEQ5RhgMvAz0yMkCll1eEsNGSirSr13Jq7V5VXJLV9b730Tuuoswpyp4iKeiVCg1dK9/ZUr+t/8/U/PTxv4YurH43eGNHl1W4upJfDs07XCMVdclgFQscr1JXJz2J4r3K28AWd0IpJL7Up9iBGDXb8M3XgE8A4AJBP44NcT8QxHd/tM+FvKXEaeEZGJwcFy0gyRkemCemM4A619N6RZw2+nsHCmUyBlUId2CeBnJIHfJHT1ya7sDOC+sOS0eIk7Se1lG2l07tW010ODM6k4LBqL5U8NCV7Le7d9r3s9m9Xpbc+Q/jn4Z0vRvCmhJZwtvufE+nRu8kzyMQJ0BA54OSSMHjI4+8K9f0T4f6FJPZ4sUeSS0heYSSM5bfGDlcseoPyggnoQMdOZ/aVs1h8PeEUQ7jL4ssSRtI5aWInaMbi2exGOhALHn6e0Tw5EYNPuEin8xrWzjx5TYOYUOc8Mo7noPXpxnSq0p5ljZtKypYW8bKy0bajZataXWmt7s6Zut/ZOX+9JOVWs5WbV1ekpNWtte2um3a6+ffjF4U0TTfhb4qlg06GOSOC2BZYVyu6cKTuPzdACCvTnnGSb3hbw5ZJ4a0N4tPtw0uk6dI58mPc2YUyckAsSTkkHGB+Fd5+0dp8el/BrxnKI2BWLTSGYFVy94ikFiOnODye561N4b0HVbTwn4currTL2OC40DSntbmSOSK3nWS1iYmB3ULIq/Lkr97HBxycpYigsyre9T1wlLk1WrVSV7K99ElfrqOFOvUyyHKptrF1LyjdqPuUbXbutbbO+uitcwDpdpbW9yI7aNZRDcbwI0DLiJsHO3HzYIJGeT69PEv2cbVb3R/FTPCMf8JbqQYgZYATOFxwSvXkDrzzgV9Oy6VemC4AWHe6OgBcHZ5kZAzu6AEgHHTAHBGa84/Zf8G+R4e8QT6lcrEk/jTVEJiUMABdOpbIz04yp6gZA43B1cbShjsBJtcqp4i7askmqfLa3d79b6eR0YbL61TAY1Wldyw1rq1m5N3v1a83pp0uem6NZ+X4q0KOJTG+bgkgKCpKkdcZHHB7c4Bzk18i+CxN/wtf4vgqvya0UOQSch2GS3ByOSR6Eg9TX6FeHtN0UfFDTdOQyXaWwcSMV27jIpZSDngDjO3sAeCRt+R/g34Zsta+OXx7tpkMsVtrdy6IoZlBE5AZtowuFHIwMk5wK5quPjWzLD8jaSqubVnreEop+eqs36N6HVTwVSjlWKjJptwjBdfhqQbXdXte+it1NtYHZ41HlfvEAJBA2ncOozkkYxj1APQgV5b4wsv8Ai6PwpiUqfPur6NmjBLE4YnIORn26gg4wa+/bXwDoCalaxyWjPGsYOYozy+Dnd1Y53Y656Y7E/M3xo0vTdM+NXwSt7aKKGG51PUomVBgk7W2fe/iAHbCnA5Ga7czxsvqigo2l9bwzTaurKrTavq9tvR7XPFyzCqONkpdcNiYr/wAFXfovedl31812E+jJCN0g3fKSu4NkfMBzg9jkDpnaema+ZP2h4YrbworLgeZr2lIVA+X5pVwvOSABjoSRxnjr+n/gn4AeO/jBcnRvhv4TvvEuorZTXUwtY5BHBDFljJcy4KRf7JYDcSCM18S/tn/Bjxv4C8Cxrr2kJpd3p/irTLPULSdtt3BKs4DBomCs8fBHmcr05yQa580zvByhiMCq9KWIcIp0VNOalJR5VKOr132to9ma5Rw3inXw+N9lNYeMnONV35bJJy9Vd2fS91ftpeGrFH0mxaZMBtPsipAzlBCgyQCOpJwQCSefapvFtvB/wh3ihUUEJoOpEYQYGLZsDcTgjGWwMEheh5z1PhLwXf3nhzS7me6ijEum2ciRRhzIq+UnBUEgEAnAwc4BAJFa/iXwVptr4L8WTyXFzNMnh3U2WN8qjN9nYlAHwQGPIycdSO2PZeLo08Ko86T+qtWSv/y6Ss7re+um9tdTyo4GbxsGmkliIybaT054669dHbqmmkktH8+/ASNW+EXg5WAIMNy7FlOcC4k54IyDzkA5PvXqNxDGZ4dsasHDswGFXdgjgA8nII79uOlfef7Iv/BOLxT8Tf2HvBnxt8LalaGdLTWrvVdDvbyGOaHSrKV3FxpYLK087jcZIFXfnA+8QB5ZB8DtPngiuWTVHjhuZrZ5HheF1mh3JJE0bfMuGX5SMZz6dPmcn4syvF0vq2FxMZ1cFThQr0m7ThUpRSkuXd3admk7rrsj6LNuFsdh6zxVWlaniantaM0nySjKcGldK12pK63WuvRfmT8NbaI6p8Q1d1Qf8JneKoY56LGeACDgcrznPzZFess9soKGW2Kru5BOO3zY+uR6Zx6873wb+HmkapqnxZifT3mOm/EXULOGSQu21FWMKHVeemRk5xwW54HuSfDTRrc3ETWFs0gD7Y5IpGw2QQNxOCASMAfdwcEZ49fKc5jTwFCKs05VpJPRpOo7Xb11ukl2W2yPKzXJ3PH1mpNycaKk7aXVOne12mtLJJaprdbHxXbmG8+O/ggJ5DBPD1yWIbcAD8ozkkgDJzx7cE8/aENjawJC05QOXJBCO6DJ4AIA3DuCvfqMDNct8M/DvhS2/bM+GtprugaXeaNb+G0bUbN222s8bz4kafJIUFWO856DIBYbq/sCl/Zd/ZP0L4eaf47in+DVlb6bpdrqGpQbFujAlzAkqxGJpXaW5R2ChVGS5OB0Nfnec8fSyDGYin9SqYl4rFTnTtOyveEbaJu9lfZ2bR9fheDoZphsHUqYmFGNDCUqbTg5aK0m3aWis3reybP4av2w40Nl8KCo4fxzCiP5cigndEGC71G7AOOM9uRgCvrTSfB3inULSF9P8N61qAa2tY0ktdOuGDboEKneFIKEYw3PXIz39k/4LF3ngS/8efsu6b4O1PwtqGhHxomoyR+FNMh0+OziN0iLBeoI90sjIocbjxkrX6baB8fdB8J+FIrXQ/BtlqMSaTpccN5dR2EDeZFZQpIxVYwwXcvJ7r1OckcmG42zWo8Ti8PlEqtbF+zvCVSUPYRpJRhzNxV+ZNva3W3U9GrwrlcaGHwtbMFCGHVRxnGCl7V1GnePvXtGzj16J2eh+J/xl+GXxH0L4OeO9b1DwJrtlpdv4ZvZbnULqwmt4YFaJwrSNINoBYYzldwIPFeCfDO11q68CeE5Y7KMRS6FZtAzSAMQ0agNgkYBOcEkAfNjB4r9bv22v2kvEHjH9m34qeHJtP0bSbTUfCV0kosJQ1wypG5VOGKjcOuAPQmvzc+EviRtG+EPgO3XTLKb/imLNBPPtL73gT5dxwcAEEjjp/er6fIM3zjG4yricXhqWGrLDKnTpxlzR9ipwac2+vMraf5Hi5tlmT4XCRw9CtUrU/rSnKU4pP2jprRLSyto/Pfpaovh3xAEnmeG3ULBI8jNMCEUKxYnJODj044GT1ryn9m7Sr3V9G8T/Z7i2tk/4TLUYWaUnh1mkDMOp29iTwCe3GfctR1q6uYryWOGFI2tZWcx5Iz5TYUKOMAnPZcgDua8s/ZLQnwn4lllRlEvjHVnEoj3Ff8ASZiMKOQxYY5Gc9skCvoquIxrxWBc5QjaGJkraJe7Dq310t3toeHhsPgXh8ZThFu88OmmtdZ6cqb1va/km1ft9o+APhQdRvLmW5121t4YZIWdooGkcsGXjjkAbTwQMDkfeOfiuTwPqWoftrfFTw7oanU5LHw3p08kyx7dkMixqZQgBPQ/d5/EV9++E9dsNLhZ7eS4MxljZ1I2eYEwT1wGUnJKqAOmBjNfNXwk1aVP27fjNqj2ygXvgewVXkcBlxErIeCEB4BAC/eGMEZr5vHY/MPrmGqPmlClWc4tO6T97ZLRtJ2vr9zPdweXYWnh69OKinUoKNkkna8X0tfder0V2j7Q+FX/AATi/aT+N/hS78a/DLwpb6v4ftb5NP8AtktylnLLewoTLEsEhLYQqwJIClsgA5yfgn9pT4A/E74Z/GX4WeBfFOiRxeI5dcvkGmQyjzEktYpVlErrwoDbvmGQfvEnt+/X7Cv7eHiD9lW28beFtT8I6p458DeJNVttTsAmpR295ouptGVuRb7wY1ilY7iuFOAT14r4Y/bd8d6n8ff2t/gx8ULfwvbaC19f601lpMN7HIxt0im2S30sYCPdSKdzuvByRgda+cp8T8Uf2riMPiqVP+zPaxnQqqLbcoyThF+8732k7JKytc9aPD+RvCUa1OpU+uuDjVindWlB+0srWXlq9Fd+XxjY/BX4jX0UZt9EtIzuYMGvo8r0BDgdCADjJ9T3BGL8VvgJ490T4Y+MNa1JdJtLKx0GW7uFN0ksvlI6g+WgwSxz90Dd93NfcZ1rxlYwiG10TTIQ7zBmklDbtpKgjoS3HXPXsvIr5q/aG+IXjj/hWnjDS47bQDBPoM8WolpA0ywPMgKRAn5pD90DsOFzjNfU1eIM9xFCvBPDxpqlaSSvZNRT3lu4tt2Xp0Pm1kGT4evh5cleVR1YuC1tdShrdK+7W9k7vo1bkP2eP2bPiBrfh7wR4mSXSbbS7mDRdUjadw08tol1C6tEgIw7ICBx/d9Dj9Yv+CvGji7/AGdfgfcICy6Rf6db+bKMKd9qoZlycKCQSo56Zz6/Gf7MvxK8UWfw/wDBWi63pui2+nRaVodtaXIvII54rVpEG6QF8qBwzYPA9QCR+gX/AAVmXTNR/Zh+Gcmn3tpeJa3vh9pzY3kUsKu9qCrIyHnnBODyc8gcj5bNMZjafEvB0sSlLlqKMeW1uWUYL1bs3fdPTpZn1OV4XDSyLiZYePKnTbldPpK2u/Nrt0t5H5b/ALFf7Cfir9rvSPifdeHfGHh/wjb/AA10JtYu31l0D3hNrJclUWSSNjAqxMHuBkRMyqwLFQfzj8X20Wi/EaTSo5Irt7CC+057yKTdDPJYzSwSTQleGR2iLIehBx3GfoTwT4r8beD4NRm8G+KNa8OS6rbS6bqL6TfTWkd9p7piSyuY43VJ4nGA28N3HOSa8C8TWl9J4x0Ty4vOkfT9SklZY8MzhgWJ4zuBJPzfeY55J21+p4WpmEMznXxWK58DUq4ZYSjGCi6L0VRyl9pTbW9+XRX7fnOIp5dVy32dDDOGLhh8RGvWb51N2TWllayvdtK61vdXZBejzCNgzjYCIypxnBIJxyAOnpk+mKLLb3Him9imVZI20Wzz5hxjDMemQee+eOgPUCr8VtNG7SyxuTgA70KE/MAeTggDHtkA9BycWaJbnxPdRhWjKaPaAhSGzljyWGOPoSCPQV9fmElWeBacZJYqm4p7pODe2m+z1fl1Z8NliqUf7Rac1J4WVtGlpOmrp6erT3vq7oNZ+HPhvXQUktGhABAliEQIY85DEZOMjIyOh5PAHjEvwl8X6f4n1GHwZ4iFuY9OguY0kkcK6FmxHJk7A3AOT8o4GeoP0HCblESFXVicMMZ+XBxyMk8Y6Hgk5yRVWyu7m28U6nIWRs6PaLhkOcCTnJAyFPr90jnI7+djMFh518PP2cqcvbwvOk3CfLZXs4q7a01ur7s7suzbERhiadSUa0Vh2+SrFTpza5FZwaavpvZWve2h4XfeJvid4RcJ4r8NHVrdEVXvLRGLFRhQxkXjjAzxnOMHoBc0D4heG9V164LzPpdzLYwxLb36hE3hsuGkcBd3UKOecDBNfS0ev2M4U30AIf5WR4g8bDtlSDuGcE4XHToc58317wD4G8V+Ir5bvSLeNm0yCVLi1JtpllaTO5dpVQeRtAzgY6cVvVnmeEqYb2GK+uQWIjyU8W/g91aKrFX1VtZX327vDU8ox0cW8Rhlgqjw75quEdrq9O/7qT5X8rX19RGit7grJFJFLGxBUxESRsWU5CMpIBO7LZXIGOQRuHB3Xgfwx4lsb231TSred1vJEFwESOdSTn5ZkCsrAk8gkAjI+UU66+DniDw7Mtx4R8TXUUAZZFsb+Xz43J6ICxYKMZUdcjpjGBz9v4n8U+HUuh4h8NzXdsL5/P1HSh5hWRMZ3wjLHpuyFUc569NMXmMauIo0s0wDpq01UkoRrUW+VWcXFOXL9q8ldXV7rbHBZRKhRxNTK8xhW0p8lNz9hWjaSteMnFaq2kZ3b8z5p+Nvg698Gx6PDomtXU9jJPK0Wl6hIbiK1dVI8yPeSwXAAxu5PIIA3DJ+D/iXVNG8Uq9xo0d+3ko0jWcywlLeTILgHO7BJyMbscBTjnqvjz4p0XxLDoMumT7Z4zMLu1mje3lgTaQBIHwSxwCxHBJPXNcV8PpUfxEiwuY3GnQDd8y5PmcjjGRg92zknqCCfyDiaODhnNR4KVqPtKdoxbcdIwukpN2knsnpul2X7Bw0sU8po/Xlavaak5QSm2pK2sUuZtJNt3bWqs3c++vgP4qs7r45fDi+jSeO1TVrsTx3SMrtIgZnVQ2d20ZxtOTkYFfrX+0fdreeAvCd9DLi3ltPFLxRyAoUjEdwACDgjLYb0x9cH8lv2W4Ym+MHw0lnjiuhH4ruB5UiqwIWJmfAPJU7fmzx0J65H68/trva2vg/w0LOx8iO30jWZ50hUrEgvGdY2CqANpLBQOh4ABFePXmnWp81kovmbaet+VKKd7Nt20s7vbY+gpQ5aEpaq0bq2yb1uvVrVN7a6WsfkjpkU8/g/wCJCvGskNwNDVnzgYESEYxgcBcqOPr1zdZWj8QeGrSUusA8OWS7SuSQ06EKuSc4HUjrkjpknZ8HRWt78NPiK+8NLHqGjW+0kq2VtQWDKRuXHfk5P4CtnxRZxw+PvBSxqoU+D9NkKcYZ0EcjA+4wevB5z610Rlyt8zaje60+FNRe6fw7WXS69DHlg1feTUddFzJqN10TtJ62Wz0ad2cTqF9FbeEruw+658d308QAbPlrHMhxjIGSevQDHXANes6XJDDBNBaxNNv+G10sn3vkLAOxc9cE4I7L6HIFeXaton9p+Ep9WM8Vu03i/VobaMAhzMPNZRjuflKYOdxJHavRPhXL9vt9fGpXSJfH4e6jaw23ylh9nQxhgCB6jkYYkc5wDUTlZS5G/ibW6vG8d9H7z2W1/XVuMVdJWu1FJ9UoWTcklo3olfe70JtLum8+1kjT/VfDGRWZfuqquEUswHXnA5A65GQCdAaLp1j4R+FV3YF49YfxHPd3Ik+6FkvI0WRDx8gDMTjGMjGMcaF5Yx6dp0rwKVEfwispJ24YK8pRmJIAOGPfI965vxLeSi7+FFnC37iHTLK6bIYKxluI3kbA4OQuQST0GQPumEoz5W722SbTtpeyTV1bmk5Xta2xtFKCStr7q9HJxs07LVcrbveydurO118zJ4Y+O1ltEkkfibSLiRgwZCojIzjOOC3XjpgZBBrM1SdIPGngC5VSstv4H07G4lUUvZSDcAScZ3Y3DHGCfmpb2eTUYvjm+5Ugl1CyZlUEeZ5YQgAd8Zzhcnbntmus1fT4rrxL4ZvpoBPbW/wps3dUjIaOWO1kWNxjAG33Xk9+BmYbWdtOeS0SXKqVNX73ST1ul1saqSavfmUuVXS2cXvp001+V+y8u8LWjX9z8PiwElxJ4o1m4AUgNlGkZT9QCWAPb6itXyJ5fDss7SoPP+I+pIVyCSULKcgEEEAYxkdc85FO8DJaxS/Cm6fMjnXPEHmbm2lUAkCls9cAg8ZJIwTmrkdpHH4bsmCuTc/EzVGQhiynMjgkheNvyjgFlGM5xjKneDi073cd94tybWibve+i9FudFHRpPSyfVa3tyvtJ9+h/Qv8A8EFIxBP8dIt6sG8PaEQinpiec456de/QHn0r+gxuTu/hOMEZIx3Jz0PQADGQOcnp/Pb/AMEFQP8AhIPj7CMhk8PaMWUg5BE1xnavoOB6dsjFf0LFOQw5ODkr1444z6j+E4465yMeBXcvr1W9lZLmte3wp6X1tu9dNdup9Nhv90g3orLV23vF666fPW/lqU2Q5baT6k4bHoDgZycZxxzyO5pnlspIUgkqTkncMk85GM5/z0Iqc4AxyxIb1OMEDJx1JJxjPHbGDSbcrlS3yg59Oc8lj36554wfXhxt1fyvdvZe9b4W72auuujFK19NHp1slqtVfsvPps2VSHIPQcBm6HOO/OeePbk5HUVDICeOCcHPXk9Dgjofu84xjAwMGruFKA9cjGQcqc5/iGOhJBySMckjgFrx5JztIIwO4wuMAHI4HuckjHUirbXRdLXTa2tb7rf0zFtppvf1s7e7s7tXXntbyuUADzuGGKY3MORu+mMjGOQAMjnOcVGY2ySpydoHAyQerFgF7nHp3yOAKt7MnPP3fujJOcnjp0z2z68dKApUbQCuCcc5J38k5Y89wP4R0Pu7t9+11f8Au7tddPN9LEubvp1t8tfn03tt021qmNwMqwOTk+w7549DwOcd/WmbHOCPmyTzgEcHnI65GCOmBjgnAq4sfB3LypxtA+Y8nPJPY/KOQMdTkMKQr1CjGCSMZygwTjAycDIyCCRx0ojJb9LW79rv536aabaFSa5b21UY/Ntq/wAnrpsUypbIwCRzkHOAMj1Jz+vfHpGY/wCHntkg/Kd2FUFh+XGenTIzVohRxywDc5DLuyOff5c4yPz4NNKcHBIGMYxnGCccnAz0OSM8gcVSd1ZW3V09E1ppa+trfLXVaGa0a+W3m4vXy/X5FQgr8nQhu3bOMY7Y9sn24zTgDnaCD8gPIIx0HXqRt5zyfc4qd4znrxnhhySSQOBjjOGGD65xtPKbCpIGBzggg8bRxgjpyMHGBuzx1IEl011jqnqk7atNd1ptv20NLuTavppZqz25b6frprb5xEcn5MkED0XAHOc59snK4zjsAAcgEADJJJ4PTnHPPqCT164PFTqAcHIAJJJGDk8gbeuRkHOfxABp21TjJXhQeOcbunHIJxjCjnIB6HFF1F6drNeStFX6N6cyfn0bEkm7+u601svS730Sbv8AfXGSDjGTxzwAARxzzx2z7/g1gMclguT2OOuQc45wemBx271MUKNnggLwMZJ3YPGcYzj06Z69mZHVhgAEbcZJPAycdT14OR360lKPbrp5LTu3sOza3vdrW3pbr5f5DFwWU7uMEYznoRkjv+PfginFRgA4xgEH0AB5PGMYHOR/Om5C84brx/wLJPce3HYdeeAHI3EZJAP8WMA45AHJwe3XJBOflpptJbbvV2Sabs0+qe7StbSxm4uO677Jt206LXR/8HYhdGIVehyeR3X0ye/IyD7YHeo9uFB3EAuTyNvGQSMgKckZ4xkZAJPDGaTK8kcL1JBPHA29BjGWCtk8beg6RbgFJIKbT34HPJ9ARz1z68DimnN6qyXS+t9m091bbzfVLQFH3ov1tffS19Lbeeie1/eV4FyCwZieQxxlsA9MfXpnHUkn0qJ+VXGcZIIBxluNuc/KASeevGRjbVor0xk8dsdsZCnk855yT2yd1Bjzx8ucg4P0II29ducEd+xPAzabWum67vrF+XZ9r3T73h7WjPWOq0u99Fe62s0tEtGiowAGcZ+XJz2xySTkgY3DH1AHOKQ5J3HjgHOeo464xjIPbHTJ5wBb2nPI5JJI9eAf4cehxjjsc4OWGPcvI+UsE6cc8H68DvwcY7NVJ33+LR6JtaNXejdr7W026E32vJ2bWiSUldx0T+569LpPWzjAHU4GRu47Yzg+xyTxkZ4z2FKVYLnJAwO4+8egz6e3OMg44NS4DErxgEg4Az8vpnOCe5B/rSZUADqcHC85BU8Z7cjkcE9Mfe4q6Stffr2ulrvotd9Nejd2W58ul24qyTbu915aa3fbT3kkCuygkAgKOAWwB1yOmPU5yM8nJ6VbjvZQr5YgEAgZyTjjg4BBxnG4hQCO+Qc9lGDnJBUYGe/fjC4xjABx1HDdAzJOFPG0HHbP+OQMjJPQ9zznyxnZNLqtr2s1zLVLq1vva2uhca0Nk2nbmet09L6a3/vLTVXsr3N+LUHGCWBPU7jwBj5WwD1GcE8c8nA5Mw1Es6rv2k5JcEnBP3V53Y4JxluMYzziucDEDGM5AAxnJ6EHjHQEHr+AHWyjj5MMcqD0yMg5zwPT0z79eBhLDUmn7iu+6s+jdt9tlfe+3RdMK07RTlpdNJvs0/uVnZXtbfsdVFezENhsqQvPHT0Gecj6AcsNuOasrdkqeoIGCcnbnPPA55/pwfmxXOQyiMZAOAg7cY6A7iSOh9eAewFaMdwApJ4Hy5BH3hxk44wPxIIHcgCuSWHjzK0E9VZ2vr7urs+ml2+id1vbrjim0k3a2vV2ta2q1stLbI1DcocghTnAxjvjPHOCQR7noBVJwGKsQwySARkDkE8Ar9Mg5I9CCMxRyqCxbkgg8YONy5wOmODjoOe9PEoJbABCnIOcDaSVwB+Oc4w3UdaHSad19m2ratZuFktopfa6WWnRle1hKL5km3dp7229X0vvbd66XPsxIOQ2MgrgYIJwc5xjseCD1JwCMUeRySDhg4A6d8jOcYAOOfbkgE8C3CbsDHy4zkHLHHHzDj14BORyOTyplzzznOQQDjJ7jsCMcbRwevam1K921sraPay816eVt97589N7JOyW1l2720u3fVavtcdsIJJ7YPAyDjqOB6kD37A00jIbAOflzgZwe4z/AAjGAB144JzgNMjNwucoccE8g8j5uhzxnH4gAk00MAGBXvtOSflwRkHPUnI/DI96hwl3WttNVbZrTta1n1RcakIy1a0Wz2W2+qXXa/yJgm8tgnIC4HHIO4M35gEdj83Qml8k43c5K5yDkdecdO2Cc449TnKIc8gqMHkdBwOB1+Ucjrkjj61KW2jnIXOMZOT0IDDggZJ2nb1+oqXGenvRVrWfezWjv33Wrta1iuaEtmr2Tu32SvtfSzve17272IcbSTgEHgErjIHIBA78nPrjOegDAkjY77sk9B97OMHAx15B9s1Nk7m5wFzu46bh0xnPsCOQSKdvRc5IGRyGyMkdMe2SOe+DWsW9PdV1b5uy6W19U7322MpuLsm9Htd9U1bz001S5bb6WIlgzu6nAGOTzjJ5HsP5YGTTXt1YHBbcc7h+C/NxgYwM5HfJ+shnRQnIGQcdsnJ6ZBORgAZXluRwMVF9pUKSM5UdPRjwRnjn7vbBG7p1FJTTunJPvqm7WXvdHt1001883KkklrpvbXSy2u0r9NlvfZNOJoCpIGBgryM8tnB4JztycZzg9yc1C8ZUttYgBgSAcccLz3yP4jkjr8ueTJLdYIAwCCOgxtwce45HzDBH48VUa6LZyeCvI55OTxgDg/XGeMnHFbQjNttu/V6X7X18ui0VuiuZSlB6Xs16b+d+nV32XXQsFwvU4GeQOSw49iT6cAdxk5AoNzHjbjJGQSoGNuMtjJHTAHcDP/fOcZXUkYAJHJBPyjBJPphhnJ+X1+lcl2A+dRtG8jK5wTgZGecgDrnI5PANaRpOzvfbTT09E/kvJdWZ+1S11Xklo27beT01Teza3RoSTI5O0EAg7eQScNjkHnGRyMd+MHg1JZj/AMC+8QN2AAM88dfQA5UdBjpXcuSp6EDc5HTH3Rk46kZAwc8g8dqcjMNwCNg8AkgZz6ng8bumMZyccE1dOnzWs1pe62drp3vfe/3O61Mp1E9990/Tl6pafde/fZPluATlsY3FiF4yOmc5IJ9MHA79DVXz+MNgAHnnq2MgAc4wB1GemSVOaaWYFSwbk7Rkccc4H9e+emM5ETlMkHjByAOxOOwHPJ5OcjBJ4GT0xpx5rWtdXbTeytyr128vSxg57cslf3b7Xs7O+9mk9b2Wnbq15QwBBO3c3UktnceBkncepGRkjOOuTXeRwSNpXOAe+3O08dN2csc44B556zn7gyQoDFgCuSBxhuhxxljjgAdcVGxLk5wQSoUnjtggLxgkfXBxj0O8YJXld6NJrXytpay13b809U7xKSdvefS1/K17a9ba/qV2ZwSGI+8ccncepwPVccbsnoc4HIjLYO08MQQSOSCeMD72AQCCR2+pxadSOXGSWwCM8BQM/LnrweSOV5/hqFgGO8gKS3AHfHfPp6jgAkc+u0I/DzPSyat8uj6JdtU+5yTqwV7N3irNqyvt0um1t2Wjt1ZSJbI3EcAgZ6EjOcAYyOvrx3IIqKTkdTksMYwMqpAJ5PXOOg9Rx1q04UAZIXAyGxjgnOD3xjBx6DHJwagKjAXJUZzuGMgkY9OnYkZGMED+E9K122V9Oz06dHf06W7vDm5n56PXzaenTrptr0IDgfMenP31wMADODx0+Xp90HkehjDAjGcE7Qf4QD7H1yW6fL1x0nRQvBZWAUlR1wSRkDHAAyccc8DHo44GTnJUEEEdiegPXacDGc+/bFW11b/D8bNa7v8AO2hDtKydlqtEtVto9N/ldaLpcqrwVYDDPu3c9BnIHOOMgbeR6g4yakUnAORgY47ADoMDkYJ78Y6HrUn3T8oJwT8pweOOvTJOeP1zkUwgDLfMMANtKtkg53DIwc8cY9B2PNc2iSevVq6vovN9vJdNUxKlZpX006vX4evbRpaLe1ktSMsw6YxtbBKkAHAI4OMjGepIU85HSnITtyQB8xJGDwDjtwBgj8PXipArEEHPUAknsuMHIGMluQAOuOwFOCsR1XJ6kZU45464Azn2x6HkJTS+K9rdNb3avr1008k0yrL17ae6tbPS916PVNN2tsgk5GOoOGOTkk4AGeMDHfPXnPpZ3E8AZJABxng4OR068jGSMngZOcRbcZwoORwNuCO4ODyBjHQ9M9jy5UcFeBjncxYE5OcHHIJGAMDge2RQlf4VpZbfLpv1/wCG6UpOOur12s1u0tL3Wvn0d7q2jt+84BwQck8ZO3I5I4HrzyMcA8VAw37gxwQSAMDjngHkg4xgHqMZyetOIKgqQcsMke2R/vc8d8dBnPQsLA7sgLjPBAbKqPX1+XJyMNhuB1C1XXt872ttbf8AO3awudSknJ30XlZqMG97rul1jfVWsQuXwCNpwGyRnkngBs8Edxjvn3qKXBPJGSoG3GDkHPJPYckevYnPEzNwoweQeehAHTIUEMvXoMkDj2TKsGBGSQDls7u4IGMfLxgYIzzxjitIyktFvdX07yjdvZ3Sd36J301m6vda9O6W1utrr3tnZeWpUY4OcgZxj054x2/3fc+o6wNlQ5wASRzuUknBGOTtyOG5GO4GKsvGvO3c3JwT0BxyCCSVPOM4OO/WqxwThUOAcZOS2QPmOSdxYgYJIPy8cZzW8FFxTbVn1bd/srZ2a3Vrvd73bJupNatXsn1b2W/dP/PRqzhZGUrznfjdk9wcrjJAx7+vAPJxGEOD8vGd3JPIyQMAYA7NgfePYYFWwPukZAYkHPqRjOMZ4ySTxz04IyqjGSo2qSB/Fy2QCfmHttBPcHPetE1y3Td1ZX6pLku1dtJW22797TNqLVr302d0k2rLZbrbftpq1CEYdFGWGWJBIyTnG0Ngfn7nnBIQRx2JJOc9sj5SOC2cYAOducDgmp24dflGM5GO+B1Ck5Jxyc5z6gHkaPPQnaADnHIJycYPPHT0OejZ4ht3WrV2ubS/bTTl179LWd2mkZucpJdN9JN9eXdp2fdW23vfajtYEE8MS2COQOSqgepI5I9QR3NKqsSvPORk4HYY9cAdMkEjjp901M6hP4c7mGDnsMZGCCeR0y2f4SM4qLG3J4yQzbv4fm4GRgcD0xk5wOSalxbatq3a75rrXld+2qv10e24csXK+6slZOy+zq7XVkna2jas15Aj3AICACzkYGDgDJJ/I4Lccde4QRkgrkjoQeDxxxnkdD0wThjxjJoEgXJK4KjIH94nA754yeOeO2TUi7duVzgrnuD+BI+9gkkeo/PSDbSTtdaa+q06JJXa6W0dkmZSirtLdaxs1d3slbpe1tLWs1da6xBW4GQuGOeORuzz3B5wWwRyMjHFITtHzYPLDGPmzxtxkYxgnJ5IIzjgCpWxuJORuBCg5H3QPQ4BPJ5544JxTcEjDbvmUHI5AHqfU9+OnHHq+Z6p99HdtpJx0te2u+qul6GLTTtzX01dlJWXK1rZWf2b2Ts9rp3rgEDcGI3EDBGPfjgY9jnkZ49ZwGAD5BBOSdu4nC/3c5DZAOenf7ppCgO09PlOC3AIA25YH0x9cjA6Yo6bduD1DFWBPIPByOW6HjhcnrnFCb0dlb3fPV236Nb+tvMpcrT93ZJt3T00Wicd7vdWs+qRJtTCthzx1J2gHkjj3AwR6AY94jgHgEjnOSNoUc4LYAzzyTkkeneQrjb8xbZ1B6DOcZBPJxnODj6c5jZQcnqy5OORgY29c4ODnI5PsN2Ravdt30Wl3tdp2fdSu73sndvZWGlo7bPSLslLVpfdbR2ffzTQksuQSSOcfdz8wIAGSxPQ4Az643UPGxU5LZwMYIwM/KCdx7cDHX6nmmZIBOxsgKAQOfrjoPUn2zxk0MxJVlHJ4I5wcZIGeADkjOenI9qUebyfW700uns3tprdX6MUklFSSSS3d9N0m/e+dtLetiMAq2BwoYA+oHfpgEZzyBkDA7VY8zaOQepJU5GQQMZOR1Jzk++SMhg35mGR3JwCRy3cZySflOOpP6ZcFxu4HI4yMnORjGMcdRlgensNtyk2o6JJWir6W+FaN3s+1+zfpkpPzjt6XurX0vu9X0tdXGvICdpzkDA9BkkjAJ7DJ6jrxgEYiZjkYGBxyfYcntjucd/frTzwScsBgnAAIOMZznjBPHIBAyepBDDyCCuD94/KSQM8j8e3fOD14pJrTXz76uyvqrapvZv8NXFtOye9tveS1i9bO+qvG291vq2nK4wxHOepyRjHft3457ggimbjuzkYU4zz14OTnp2ySQMnOMlqdtXDccFeAx7euOMEE+pXsOxpqBcllB+YHGe2PT0II54Ht0qJct3a1n0aVk3yp6d3ZWafVPrY64x0i27u616XTVly6tO19b/grnoHw6YP4r0AOBj+0ojgE8AY+bjvx754J6kV/JF+2ykk/wC0p8b3Vm+TxzfKW3YDB9UZdp6YIyc46BTnGK/re+HqKPFWgc4P2wFsAKMBTn2znORx6HGCK/ke/bLLXH7Rvxu8uCaQT+N7+VRH0Ai1gxknjG0spBx0Ix04r5HiCTs5/Feio9bfHZ7JrXy76a7fTZbb6tKKu37eEk+6Sd1o776/h1u8n4woo/Z68VF066n4dhMmQxKpYRDbyTjoMY/L5q/KG8tYbfUmkMYzJe6S4yASWNxGR/vHkY6A5/iFfrF8VEgm/Zs8YxESCaPxDoTEElnUfZVyGPUqOnU/Xpj8vNbtIf7Qj2jB+3aGiDsS11DgcdiGBxgc4FdHh5RhHJKzaTtiqzdtHqoaO75Vo1tfVW7M8LjSq5ZnQjvehSSbe8k0nzLRL0trolbU+3fiZcG9+Knw/guFObXSfD3lWyglpEFgGbPop+8eOMDucj1XRoLk3V7/AGbHJ9uvdTkkMdsMCCNDgM0y8qNud2W6dxnNc94h8HS6n8dPBt5LKyWdj4X0ie7cOES2iTTVUTSyyHYI95CsxKtyOcmtPxz8Zvh98MdLubbR7yzv9WWS4lvrpZwmnwOgb555zlp5FGCY42+YAqc5Br9My/MsHlWB5YvmrVLzpwTs+WVknJt6atq2rWyWjt+f5jlVfNcc53cKNNRg5WTcndaLro3ZbtaLzV/xhpMFhc+D9R1IJeXs3iqIWumRvnzUihmAdyGJI6M56EDGDk1l/EP9oTwX8KdPjbWL+O/1p1f+z9Bt0WeZJXOI0itItzBwxwZJAVJ2sRgZPw5f/Gvxx8TdRgbwVb3JlfXorS28S34dLWC8kRwf7OjKhTBFDvPA5I5Fe+/D34GeGtIvpPE3iPzvGPiy6fzJdU1XNyEuG5ZLSF96pGrZAO0KoAZeMg/NzzHG4qVeMGoRlUUpyd1GN7NJX17JfKx9Nh8twWEp4e8OaUYcsYKMXJy9zmlJ/ZS2dnzN+SPm74heIfjn8craXWp7SfwX4Ht7y3a2W7DJeXhmmURylCVYAI275FABHA3V9ifCX9nrwN4HtIdcktotb1yaCGa81rV1E0zSmIM5iM4ZY0UsNpIBAUYHXHM/HTxr4V8J+HrKw1O8g+2LqNrLH4e01km1O4jjcN5SW0PMCHpubCjJyRzXyd8bP2rru6sF0241eTwd4eW3SOHw1o8yzeJdXQIBjULuL5bJDtx5Y2uAcMeCT49ethcPOcqs1VqJRSV+Z3utldRWrunK2u57FKlUqQTgvZQb2S5U0+VXltJqy79L7I+tvjp8WPBukaZqnh7RpIfEmvzWDQ/2dpUqvBZsrgs2oXozDaxqAdys3HQHgCvz4+KH7S1taWVvpWp6pJq9xFbpHB4S8Oym30q1YKAItVv4yTcEMMP5TAcYxya+d49X+JfxXTUNM8GaNcaLoMqM01ygnTz4FPzzX9/IfNuZGXLsI5VGW6da+uvgT+x5oM1vpGu+Lg2vXFxbpdRW0u4WqMWyxcscy4KniRuQMDjryUMXjMbXdPDwlSU4ptvROKt2302Wy2a2RGIhhsLQjKtJScZJRjpKTlaOt30sr2uut3e58hW1j8a/jveW1npGl3VhoRkVIbDTIZLPS7WJm2gzXAXzLxwCSxaRi/JyRivpL4EfslWWn+NfE+meIYl1fVdF+wrJA0W2BLm6I3mUk5Ij6L0zgg8Gv108LeA/DXhuxtoLDTraxWBYVjS0hSNEIK4HyKCzDAJO4hvfOT498OAE+MPxwmRFlY3+lRbn+XAT5uCSFGB1xgH7wOM5jG4Gpg40a0k5VpVV70le7cbWtslZpaq+n3VlWKo42tXotqNONLmslZ6SjZtrfSytfT1PX/h18PtF8I28cVvbQtfwoAjxxRiOCPG0rGAMJsGcsCN3J3Dca+Sv2hvFmv8Ah/4uQ6v4d0ldevNN8GusemncFfznkXfJtwduVOMYJIGDg19lQaw66jNDYlZWMASeZTmOMZyVXGSxCkLxjHBwMkH48+K2pRx/F/VHndpivhjTbeK1tVMs0rNPJlMLnGQRu5wASORkV3ZZlX9pVfY4z+DXpTpVPKMopJN9mtPl8jPOM3jlMadTCS/f0JxqU0tozg42bcO2r+V2zv8A9mzVvEWvfDGPXPFEH2DV73Vbu5ewkbcLSEMyqHLkbUUD5Qx+7jPGap/E/W7fUf7E03Sbo3V5F4w0ySaaEboLdlnG1XkPy5DHlcg8YrlLC81Oz082Or6h/YGiyZmOl275vriI/NiYx4aBXHykZDctnduyPAvi58btK0SG00TwTZLqusx6hbvb6dp+Joo50dTHPqV0u7e+4AmIMGBGD2r6p0sLlWEpYWlJRp4WFOnBL4p8lrWSXdLe2u2mp8XVxmMzfEYjE1lKdTFylOq4ttRlOzlJyd1ZXVpaW1SWx6D+0Np0EnjnwhFfXsuqX4vL2V3Dt5UUZtA+xMFQoQnYxG1TgkcYrxc2ukwz273BsooUuXkkDyKMhW6M5JYA5AOcAAj1wOZ8RQ+JPEeuaPrHjPWbqbUNTW5uJo7dzDFaj7KpMFsQeEVgY2xglhkjOa41/DeiTAxCzmuMtgvNeTszgvzkGTGCoPA+Y9DgdPvMmq46pgpV1h4/vpOSlUqSjtGCTcFCTurX19O5+Q8RU8thmcaFXFVIOhGMeWjTU7+9GTfPKcFrd68t7X2V2v3O/wCCTP7G/wAIv2rfjx478JePPEnh/SPD2heF7PxTNJDqGnWt3c3clzsjsrae6KxKFUbrgFS23OSrcjy7/grR8NP2av2bf2jbz4Z/CTxTpV3Da+HbS81GeLULTU/sl+8irLaR3NpmHc4+dkzuTP1r8i/h7LrHhLxN4huNJuNZ0xPLWygk0bXdS0qZIZVwyPNZ3MMkqcsCjOy5bIXPzHr9Y0u01i5fUNS0c6peTIvmX2rXc+pXbup4LXN40kshOSTvYgH34r53L+F+JameyzupmShgo+2hTy/mquhFSspSlBQUW07yU782yR9fmHF3DVPIoZLSy6U8Q6VKVbGKnBVrpQkmptufNy2TV2tr91zl54v8MT29wINYtZpWtpY4wpzuKo2QqqAcnpz0OfoPN7fxnpMUcKlbuZ4o2DpDZyyYOQBggMCTz/CQCNxz29OuNDs7a0nkXR9PgUW1wUIih3hjE4DK20sqkg56c/dJHSho9pG1lYCGOBJDCxci3jLc4ydxTn0ycEAH1zX3GGwWbSxnKquGg/ZXbVKck05QdmnNO7st21q3a5+f47Ncmp5dGpUw2JlB4qMGpVoRk37O61UJPl7q3bXV245PiTp/youk65PjA2/2ZKASp91yCVGOTtODkDBzmeIvH4m0e5hi8NavCHkh2TTQGKNiJVcA7lHJxgDjnoAcZ9gOh3UoZYpMsYwQyeWoBzwBhOpHOc9SQeDXAeOtJvbbQLlppnwLu1RldhgkuqqykYxkcg5BxjGQMV04zLc4jh8ROeNhyqF3y4aMekU025yel1b+k/LwWeZFUxmHhTy+Tc5wipSxU21dwtooJJd1fu3rsln461RooXg8G6lLtijxubClVTAJ3gY/hzz+YK1ag8eeIZZDs8EzxZVhlpEUcZbccoApB6DI4x9K6Gy0uZ7W3IkuGBtocjzGwSU52lWBK9s8Y44A4GjDotwIzuWZRgkEyk9Tn5yDtH5+mOSc+jRynHSo0pf2jXT5Iv3YUVq1HvC9lr1ulfW2p4VbiLK1iKihlOHb55K8qtacvi31kt2ttr7aHl/iXxP4qu5dDJ0CK0eK9MkIkuEfzJQeFYDoM4weAMHjLYOwuufEgrIqQaZFvZWPzjKAjhSCxzt98EfxAEGp/F1lJbyaKvmYL320fxOWDEEo5yuAQRgEc/exzjYk0+4Kn95K4KL8wBBG4KecjI4zuOMcAsOARxQymtLE4hVMfipSTpptSjHmvGLs0ktbLS2lt7s9CvntKWBwkqOWYKCkqtlOE5/DUStG8r6vfezWmljlVu/iMWlLXWk26MrGRsbuBnrtJyeOgBPOeAwJpAeOLjxFojNremrdpDMYZY4CYowcFgy5BYkjCknCkYzjiu3TThHAHlumgX5/M8wg5XkEhxxyCAAud2TjqDSRW2jJ4n0Ax6rblFtnaTdjovzYb5c9yDg8HH0qcblNGMKCqY3F3eIoxaqYl7OpFtqKatytJLR+XYyy7PsSqmIVPA4RKOExE4qGGTvJU2+W7Tlyt2vfdddbHRxXPxWgEJt/GFnBsTP7uzO0YPBwST1HIBzkckkcOvpPijcxGW78duB/CIYFXrtyy5UYbsuD6ZPau/juvDsKSF9V0+Q4A3NKO+eOMKNvfsT3zWRPrPhpYpS+tWO4nYqsVIVSQcrgn5sYOeQMgknt6UsnwEHeePqzTV0p42SSvy6P37XvbZa+fXy4Z/mlRr/hMw6ldNcmXU3u1dr9073aVr7NX7nkmk6f4rPijW44vFF4t1PaWxurny0Es65JQcgHaADjHPHIHbr5NB1+6ZDN4w1lGiK5KSeW5z3G1QRjHYrggZ4zXO6d4h8Pw+NdcludVj8g2lssbxncrEEkgBSrHHXAODg4J6V6Tb+LvCKklbi5cEAlhavtbAzkbuhPHfg9SMEj56GVZNKFWpUrwlJV614yxMndKdv+fmt0r317o+sr5xn8J4eGHws4xeGw8m4YSKvKdODaT5Pds7K2ll06GK/hC8kMMcvijxFJvl3Ei5KkZIY7uSy+nXqTxjmvef2ZvHnxI+Dnj/Utd+GHxD8TeCdfsrtI49Z06+Rbq6SZFSX7QZN6SBVAI+XvySK8lk+IXgu2bLXF3uyoybNyvB5DYYkt04AGcda43Tfir4Usdd1+8F/LAZ7qJ4A8TqyKir8xAbIGRkYwM4wcjFeHnWR8L42hTwuIWEnSqzaqwqzjOFuVy95OUlL3orV7t33WnuZHnnGGHqVq9OGMjVhCHsuWnyyjKU6cXytRvpByk+lum9v02/aa+L3xk+NXhPTLf4m/tBeNvHkNibi4TR9T1SOG3gmI+ZwtqIzIc/Kd5IUnIwBz+YOpeGtNmeeS4W7nDMFZp9SuZFcBT3Mh4fg/dYcsBnOKv6r8ZNDvFYJfzTK7H/l3lIOScjcxwMZ4zg8txxXNy/E7Q3VFXLqhG0NasM8D7+G54IznA57E8mRZbwlkWD+pYaOBhS9pOap01GXvTtd2Ss7JrVt7fes5xHGmcZh9bqwx6fLCPPKT15VHTVppa3bXrtth+C9D0mW3vSNJtHeHU5443lBkYRl2yCJCxY5A5PLDOc4Ir0IaTbAjytL05QuSM20JAGPlBYqeeemQeR65ry7w/wDEi20uO9iSPSPLl1GWdZJriOPh+dvlklgAeowdvC4wxref4uRK7bT4fUMP+fmM4PTqoyTjGV9TnqK+ky7OuG8PhKNOpVw0JRumlSi7JOy15XfonpZ66rQ8rMeHeKsXjKtenDEThJwcb1Zx0agmuVtpa67W0fWx0+p6Uws7/wD0azgQWUhxHbwA8ocbSIxjAwxweByMHkZfhLT86XZmKIERRtuZYVO472yC204xnkEnPOcVzF/8XhdQXVu914eRZYJkbZKDJhlKnb845GRnk8DgAsCcLQ/jJFo2nW1lb3uhExhgXnbc5LMzEudwxg9DjODnDcUv9auG6GPhP6xD2aoyi5RgtJKVPS1lrbXstUwnwhxXWwE6KoylP6zTnadWXwxpyUrt6KzSVraXR7pJY3spUxxFULdwoZfXO0BtvXPU9c+8V5YymxvHMhIEEwKrxk+UwPt2G7qDnJAPA8fn+Pc+0D+0fDyP82GEbMVz0GOc5zwGGcD0zjGuvjpM8NxANa0k+ZbyqFitHbcWUjGQzAHBI7DPbINbVuNeHOWXLWlK8ZaqNO9ml0c7reydm/vucOH8P+K+eDlSppRlF61ZJqzi23eF79PXvqev+DUEehwKI3IMkgwAxBZpCVVeh49yNxyRnIrrRFI8rBYpgqAclsLyOcg5PIzgk8c4FfJVl8aYLCygtVvb4shbzEs4hGjNljuBkUnJxjIODu5GOTWl+NqPMWEmuyIcbgLiNdxxj7oVuecY7gduDXnU+PuHKNGnTvJyhCMZWjG11bs5O3y10voetivDbiXEYirWTjadVySUnezlGzvKSt023fmfUHieGVtM1EBCiGydS7SHJJXsN3XIx9ByCCSdDw6Ug0HSomlBCWEe0NIvAPqoYYPTB57dCePjzUfilFf280cdrrLtJG6hpZ3MYyCpLjHOOQoyPmx6c48Hj3Ulgto4NB12fZAqrl7ggrztKlSBsOcKcdPXkngqeIeVQxirUaUqq9i4JxUr8zmm9FC9lpstXdbs6o+GWcVcE6FfE0qbddVHeUXooWs05pO7fV3dtT7dlnzcBXubdQik480AZGTgMWY5BxgeoPUZ28B41nt/7IuB9ptyDLAPLWdOSZBu6knjvjtwAea+YT4r8UXErfZ/B+sPkYyyXbZ+mCOMjqcc8YxWVqt94zuLGUXHhDUIIBJGzztBdqisHIX75K5YjaAOe4OcgxjPEejXw9SFLAV5SdOSvGnWe6Vm37FRstE3e9kkvIwPhXOhiaNatmdJRhVhO0qtL4oyi2klWs21eyS76XsfY1ld2X2eBXvbIFbWPOJh1CqCCckYHU8ckgDIJFNfUtJUNH/aunsQRkebyCSVPIwSQe+Tg4+h+Ura1+JjBRb+EJwrxoQXjlbcpA2tuPGDwexBwRkZxei0D4yTuDF4bSFWBwZIwPvY5JPze+ckj+WceP8AGckfZ5JipNJJNUq1nZLq4Ld9Ft3NH4X4F1JOpxBhleblfnou2q91e+3ZXs3az23Pdde1XRFgs4/7RtHB1G33MJgWVdzNuYddoBwBjjsOeeiHiLw0FO7VoMAsCYlduNoAZc/eI25IwM4AHPT5dvvBvxWK2n26ztLcTXaQ27GaIB5jyqsqt1LHOTkAHn5c1t23wx+NcitiWwgALAFJ4AFOeBnGQCo4XnIGPUDOjxpnc8RWlRyGrJzVJOEoVFZLROWsXqk3uk182dNbw64e+qYenieIYKFKdbknGdNKbk6aaTtNacrWm/W+h703ivwurbBqc5AGNot5TgjJweuM5xkcd8gVjaz4v8NyxWaQ3U0pivoXeL7Oy7ogxBHTOVyvOe/QjkeYQ/B/4uSljc63YQBRlnEsDAHnrgDOPr27AGsjWPhN4zslsl1LxRAy3l/HboYeDHI52JISmTw3JGfunA54FY7iviethqsJZH7GEox5pOLXKk4O6cqjs3pp+DSM8BwRwbhcZQnDPnVrRcpRhz812oq8bxpW2u7Xu1te59ADx14dRWVYrx1yTtEOwngcMWwQQMDIPQ4qFfiJoUcf7uwTcCSGuruOLGCSQQ/HIwcnBJXIPceZRfs7azIq/afGD88Myvc4LADOAHIA54HrjnGcXrf9m+yJZrzxNcXByc7ZSpznIBVnbHOMdSME4BrWlnfGtSOmVRhGy1dehTaXu/aalJ3V767K2mhzVOHPDujUd81nKpfXlpVql7OLa2jvo/vt1Z0N98TdOjvdNnjj0tfs80jlPt8LKw24IcqTtGQCCQSSBjgqasy/GmHDFB4Zh3MxVZbjzQM54JBJwSBjHHOOSc1wWo/A3w9p2oaLaSX9zcxandSJcfvlIjjVQdxZemeCWAyoB9q9Gtf2e/hzFFvlF5Jywx5iuzAZwQoAJBHYDAH+zgnCjj+NKlbExp4eNOTnT9ovrEbRlyxSty09fd5VZNLVabW9OeW+HlHDYN16sq1OMKnsnOg1Lk9peV1Kcbe8tL3dtUn0wpPjghhdft/h9CMgFI24BGd25Wzwf9kjHPUZHFXfxhvJNfiv4tY02MJaGITxRsURd3KhQSSc5AOBwBjORn2mH4JfDe2CmPRZLsMAV8yOQnjOcnPUjnjHTJPQVTl+HngO18TafZxeGojbPZO72xhk3PIoYo2w5Y7VAzgj2K5rDFrjNxhOtiPZp1aajy1qspc7kuW/up/E3ay2XnddGC/4h+5Vo0MFTqOOGquV6VJXpciclrKW8Vez6K7PM5fjldlMHxSwcHH+j2DjkD7ynacnPGBg4HTBOcOf44ao7MR4i1eck4PlWroWAHTlCAQOjY59TX1FB4E8HW4j8jwbEWIBDfY8EAjIUhhzjp9enyhqtweFdJjLC18JQr82cG0i4GeSGKE8j/63QmqeB4vq258yq62furFSb+FNW50la9/00OdZpwLRso5Vhfckkk44SK0cd24yf4v8WfGMfxT1WTU7i8t5vEBklgEbSQws1xIqkcOuwYXaTzgjnGQSKtzfEjxZdJiGDxhISML8kiq31ONx546dcda+oNJ0K2Pj3U0g0mCFxpce238mErHnG5tgQAHqAD0HBBGK9ObwtO4jUWUEQIXaohjBJ43HIH3cc47nPPUnTA8N8QYv2jlm2Ig1VqJxVKd3LmjfV1NHJ2e10ranPmHGnCuXVKcP7FwtS9GlKLc6ekGk4xTVJr3Vorb7K1z4HbxP48uETZYeK23EFQzzKQwIwM54HTpx1PGaoRXnjbULy6jXTNelmZUa4QzyK6EA7fNYHqwGVPHHQHIB/QOfwndRuMtbqvzAsIxhSPQ49RjOOfoTnzfTNOlh8YeJ4CVYpFZMJE6FRHgFh7FiD32nJGcCtZ8HZoq+Fp4nN8XyVqzgpcqi42pSndKUpW+FrZWvdXujOl4hZK8Pjq2DyTA+0wuHhUUXJu79rRhyytCL053Jea9L/KI0Tx9OGZNBvGVlwBc30it82SrAlgF54yduSSAPWHwf418U+CNfX+y9Un8K+ItOuxJ5L3RawvJFK4F1E5IcNwA2MkH73NfbclijxEbejKDk4G3cCSD1OBgdTzgAnv5u/wCzldfF7xB4tfw22nxeINEg0+eG0u5PJivopYnLKJWKqJflATJGcgH28viThOvlFDDY3B4/G4jEfWFBxnOMZSjKLd4OCjKM043STaeqfRP3eDeO8NxBjcVl2My3BYbDfVlVU6cHKKkpwhy1VUcoyhK7vorbq256D4S/asiv3sfDPxOsItDvb/X7G+k8RW436VcxxjG7v5IfeNzltvUFeBn3nx38Dfhz8WXu9btEs2vBYS6lZa/ocsasJkVTBKZbdhuKcswYZPOSeg/LXxl4M8XeCdSvNB17SLqdNMYLdadf20m6EA8tazOpEkRwPLk3FcEkA10fwz+K/jv4ZSS3vgjW5bnTLiN01Dwjq8rSRSwsMNBbGRmKuAzbQm3GMDpg+fhOIaipzw2b0Vj6Pu2qpL61Rd4/HG37xJvWULSTvtqfT43huEa0cTktZ4KqlKXslKX1WrzWbcZ6yp81rJScqbWzR7bpmjfF74SS6nq0tlN4v8HpdS2rXunRG5u/Ljyrve2QBLIinDzKgYEBycivRfBnxfdNN1KXQby2uIdShS2k8NarKQiiSVWkSwaUmWyuCyEYlJ3MABjIz6t+zz+0p8OvF1s/hfxHLD4U8RXj3a3Om6wESxme5HzJb3EiiNt2Nqo24ktjIzWh8Uv2bvAvjDSm8Q+GCPDevXGuCMX+lsFtJbZDu82WND5RBwpDoAx9T29qhhp4jDrFZVjY4qlCLk6DnbEUWmnKMZSSkla941b3V7M8CriVRxMcNm2Clha3OoxrqClRrPTllOF1F3d37Sk01ulpdfXPg3xl4c8bWdha2U7WGqx6baJPo98PJuQwgCuLZ2wlwgKgCROD23cis7VtN+z/ABA8HKUkSVbHXVyT28tPYhhjkMenHzHPH5qXtx8Y/gmunP4p0y68T+F5nDaZrmn7zLDFCzKJUuoR51oyICVW4kMbOMYxwfojwD+0hb67rXha++3x+JrLS7a8gntr+WO28R2iXSqs3zNhNQ8kL8iRLvYAjP3hX02E4gk6dHD46MqMqc8PKSlC1S0JU7Nx15lZazg3F76JWfzuO4fip1sThH7WNSnViuSfPBymrOKnZOMm/sVFFpu15N6/WHjDzIYdMIAONUT5sEEsOORjAUD5cZz7nJFcL4K0h/I8aXWn3Btb6x8Tve20m1SjTKkcojlGPniJ+VgRgKSCRkg9vL4l8O+ObCwm8M6hDdyxXqXNzYTYgv7UEhSk9q+11O7kA5LEZXjBEPw/gcQeO4nXaU8Qyhm7lDDGARkAZBJBAU8DGOOPoce6ONWHqQlGpTqOSThK61hG70aattr1Xe6PnsA8RgfrMJRnSnCFKykuW3LOPu9NJPfyTd+3iX7S2neAPip4R02x1PwJa+FvimfE2i2k3ifQYEtbG9027kWGWa4to0Ecsr4JZVUFm3emD+cnjv4N+LvhRqutvqGl6lBosG2LS/E1vGy2F4bhiFinTlI5iNp2k9uTxX6r/E7w/POn2iBkkii1rw8wQgB1cXKnIzypHXAxheOlYn7VWlyXXwX14NJOFg1HQ55YnXcjzFkUFGK5XPUgYJ9+p/Pc14doRnj8VBOFbD+zq0pr3VON7SjLlsn6p20em5+i5TxLUksvwtVRlDEyq0pxlJyS5fZqEoSburc2sdVuvT9Jf+Dfe3lt7T4zsUiXzPDNrK7xqFMszSnczAdWyRuznPIzgjP7mXMWWbPDB2PGAckjGd3TPOQSNpB4ABNfhz/wb9lmh+NytyqaFAm0HIT96QAAcdON3br061+4t44VmyDkO7DH1yCcHgYIPByCcZ6ZjE+7iafKkoywODbXblpQ167u627Pe1/cyqXNgqrbbisbi1a3T2kLX809E76rXUqhSp+7hh8oPVgcDPAyQpAAIzjgc4pjqwBAAwFJB9TnnqCVHTnknkdsU0ylgpZdqlv4SQNxwMEDoCD9ORt5wChb5ASCOckqSSR3ySCBnkZxjrjsSRnJNq6XRr/wFppp6bN3fL0Xm95ay+HTRXb1+yuiStb8+jY3YAc5wdo24JIJyGBJzgc8ZBxxg9aYzAY64KgAknLHjOST35z/AHuOelL5meOmSQQDng9tvoTzjjIHHWms5JIBH3Vz+OAc54AA5H1AOe+tmkk/N3srt6Jrs72d3pezvohWjK3Rdeul1fe1r9bPppqDMfmwecBs5ZQASAfwPoOnJPGaQEDk8ZYZxk8EHAOPp6kc4OcU7OMk44XHPcjnnJ5PH9fSkO75lJycgAAYIA56dc4xkYGKr0e6W6vbXr52a+S1e5SjZNbdrK9rNdbemjst7LYQE4BcY2nB67e5XgnsMdD90YI9FO44wRglgQN2M7ieOrHjPsSRjK4w/ht3tgkdcjjB74XoO+SBikY7SOgG0NgHn5hgZ6EjgccfjRr6/g+n/B7J7aGL11vpa+1trXX33uvXaxGFO0NweuASQAM5OcnIPJ+oJ9OGsgJCqWyD3xnkZI9uhGcY6dzU3ADZ+YZGM8A5xuIB5OcfQcUjLyWHGHwM9FBxnAz+Ddj7ZJpxlzKN7tKySav1XT5Xur6736Tdcr1umturaa83ZXtey0TRVxjnkH5hjHTOOOfx59jxkGmDdkBc4wwBPQ8DIyc+vTjIORVhkw7EHP8AvHGMjt378kseepyc1H5bHkfiOwAJyenORnGD2IIyK1V1tZPbRbaxu/W2qe6631SxfLJK19tbuz6PRW1W33jehdiCSduNvRfViflzjoOMnsKULjBEhcEkEN0wTkg55J64xgkeg5pcp8+7cvK4Ge358c7sg5PTsRTo0BIXByWIPORkZxk9BnjJOcZ/3ibi1aMuqaaXy13v6ffcluMZJfC3fleururequ+umjWyYYc5UgAk4AHAC9zk89M9OxBGcigluDgAjJOey8deeR1IxwecVMgXKlgV+9yuSMHPB6nJxzjPrkdg+SzKWVhwcBSQB1OSAOT14PXHQdaFZJ6XSttbVNq1k/w0ve3kJySa11lsrtrp5aetlbW70IdgYcA8HhR0AUdSDwOS3JwByOB0DEm7ILDAADAcYJwe3HTJ465ByM5sMUIJXqEwrH5QFyc5UYxzgADIBzwM5pufugD7yoABnAUck56Z9uQPbrT5m9LOOvLZ9drXuut190dW7CtFJX5W9FZLTVKyX82uvdrmsr3RXGwnBZ+7bSN2AAeDy3XrycYKr1PL+6DsQRvBO44+6Tnj2yeSMgYwac3zkdwCRtUcfLg+noec45HQ0hOAAcZJJyc8AYAxyeCO3XrjJK4mcb2Ufdstmm7NJbaq1tWuvyTvMVFXem6a79Lu3VbaavvJt3I+C6HB3DcPu8LgZ5PUnjJJ9QOoBqMgkiMsCCScryQo+bGfugg546gE4XJzU4HAGcLk7mwM8jjqep6AkjGBx3ELKQVJ2hSHJIJ56BcjrnHPyjuc5zkaxjay0WiSS21cXd67t6J9bdtCZNPVteTfR2ve+2mjeuul9yAoMgemQoByCCckk45HsOOcc4qJ8qC5HCuBhhwV+6QSeo4wct0x1wTVtgFIO1gFCkbgcHJzjkKTnOeDnHbBOIXXnOARg4ySAVx29wegA+oJANXC6evS2ia6Jdb21XT5GcnG6aWr0T3drKSu2nrbzt1SvcrEs24AgEEAZIAPzA85IyPm68dQMnpT9rH7zHLHC5HBAzkE8YAxkZwfY4NIEwH3Y+6rKD0yo6HGeCSOucZIqTy1wG6Y+6MjJDdAQvIOMnr0POQK2ctEtG7aJbWbWln306efQzu3bZKye/klZ6W1233tZXejGXd1O3AyB0BBPQ+hxnOOSOBxmoXLKoIwAG3Z5PGdwGc+nbBPHUHNTAKQBhwWJTAIbIQD1A+8RgsM9cZz0QkDAxje3TK5wvRhnrjB3cY4z3p3Wytp5tNWautdUnbX087iclaS5ra3euzXKttH27+t2QggnIBG1jgDkAjqP90fw854POcU8ZGWBAByewxkDHGc9ME9xuz0ApP91Rg5DZBHBIOB83HO49D9SQMLiQbcpuXOCSeTjpjBGCMcA5PPtVduy6fdt02XVbfc5SSUlFuSvaLejSsr9G1b7Omui6NjhhcdGJ4JVePl5JPA5z05OPX0jbAHBAOW3Fc5C4GFwOucFcdO5OTxOFbkR9NofHAAz1OD6ZwenIB9KRgSqkYyBtwB1OTlic4wOeB+PXITtskru19L9nr8K0a30b13u7y27KCUtrWdnde5f3vW3ldO7SKRj5JyzbFb5Svpkr8x5z8w5GMbuRzTOQMgfMAdwPABGCB90nlfXqccZ5qywPUjOMknsFGMDOR6nPcevIqH5ugUgZGQMkDOR2x0PTHzc857F7bK9u+i077f5fIzUouTW2zTtJJ7O911vp+Fr3IS2Wz8vJzjB5wAT34AyDjHJznHBppI5XbxuXcd2SFJyQOgOeM4PUZAyRiRiGwOeh/h7Y46DHY+nuOuRWO0jH8POBjgdz6+6/5Je/df8Czv6a9fQdnd2d3fTd6NJ7aa9bvpr1GMevB4ycDAwpHy5PG7uWG456Adai34x8x4GSWB5Azhc8AdRwD3BIzipzuBJyDnBz3wOSM+vtwRn6VA4z1YbQcrj5s4GCSe4x0XIznp3pprR20SututtHv0W22/khKOis5csVba3bW6bV43SW++rvYMsST8o3ELwByB1GBznr0596aR3BAAYknBGAc4x83Xrg4IHcEdANghAD+7A2sOT8xyQT1zjuR1wBwMU/KAZxxu2ZP64P8Ae5BzjB6knHI5yvpu7J6tfy63bSu7K+u78rEONur3V3bZ3jfV7X02d1uk9SMjORuAxlhzjGQAMH0POd3T2xxFsxwWPyquSw3YweAAOjYHLdx05PM5ydx5xySABgYxgDAPHUnGOvvkNbkkhiy4XOQeOTkHOOQeBnoM4PBC0ppxUdOt73d9U7WTs91vpe+u9xXbTaTTUdpd7a2030tt6ELoWwOdu7oM5YADoVbg5J7Zxz16r5WcvhuSpyegxjJJxnGc89snHHAmdQDtGOo4I4XqRkZwGHcAHAORng085ZifUDkdHwcEY7ZH3twyeSTg5qubbXV31cdvSzu77Pa1mk3uPlV1dpLWy+S8/Tr0vrqQBNwIJGR1A+8SRgDk9ec45Hc9RTSoAzlgd3oQMAdQcHcRz6BsAAHHFg92YHPQknqQODnOcY45BHXHbEa9N5BbaDjB6k8DAyCMHGc5YEdeuH7SS+FvTut9Y720+fbT1OVd09L76t3jpf0ej0VnrryixoxJ+fnJyCCGG7OMkHAGAACOo5Jzil2sMrtwQTk85BC5wRwMEenQ4B4C05QR8uAMYLcjqOQQCMcE59RyQDgbZOOeBuzu3YOAMkAHrx1H3iQCeAMgK8ndyWmnSyWq6u+j020stFuxWauuj9LWtGzu7X1bTd/NK+8SoMhiu7cM9TnB44ycZ/kOOOakVOeQR1UdT6YX0weFJPQfjTlGTnGMcFc4OFzg5PoBg845x7U9GJIO3CncMjHBBOD3wM+uQcemDQ5tNcr0VtJbfZW/vPpfpbVW1sJPTZ3ulr1Ts7K6uktNur8xhQ5IJIXb2HGeoGOw6Dd65GTg0wpjIUbsMCpbK4xndgngfQHuCOc1KTlgoAAwzZG7ktwFxjgEDvznAPQ004UEnnawUBjjJOe/OfTgH0yO0JzW7Wuqte26tporrWNrbaDb12a19L7NdNNldfJlMqcBmzncDkY2jr06f7Q6ADnjHBXnAIGeWwMHO09SR16Y9vz4nIOTgEsDxxxwAq8nvtYkscAD5ecCmFBy2W4G7PIChu3X8gecDOCCSLU7u8u7S0tZWXnay9NLFxStF+Sburau2i1V91fS9/8ADcjMZZg3XPyhjxjuVIH0B6Dg++Snlkgtjo2M4O0L1znJ5+nb1xTw20MAMnIwWI4bPGe/UZIIznB7GnMw52g8gDBJUZPQnJBPOeTxux0+WrurpJNrb0Wj0087Wslf1E3dWWm1rvd2Ts773vone+r1trXCncSoJ4UHOcDPB6YJA4z355znNKFJBYg5BPy4IUDGPmPQru4JboD+NWAcEHHbAyMr8ozjkkdDnA/IHimkNhmBB28sDngHPXggqM8KBgc7uoNW0la7S0Xo9F6b2frptq1mlLS/MltpdWvvrvq108tLjNjZB4wRxg4ALHAwMewOfzpCpG/oWABwDwgBweSeFAzyep+b2FsKhxtU453LyApH0+vrwPfOIygC7ueAMr3yTycA8HjjB9ASTWbla3e6Vr7eb7JN7rW9h8zWl+2mj2Stp0vp56+hTGcLtbbkEADgnt029DzyRjI4HYzE8BuMlANoHK88ng9gDxjJwSBxw4xjgEY4A7nHOSM9QT35GMgnHWgIHBGBncASM8YY4G09M8ElSM9M5ySnK2urtdaedmr7WXTv66g+TRt2eivdta2bT3tbRXdvVjwBuGWABwytj5hgD7vBxkewx3FOww3YwXbJGc8g/KTgdMAY7cdSRTlQcsCWIwC2TjccYOOe3TPA69sU4DB3EZCkDg8fMduM8EjnAxjrj2qfaO/TrZt8qW2r3/O+jWt0JqGjTd2lbzbstrXu7eT1V0le0W0cZPy/KehJyDyQQccdDyMjHB61Gwzu+YqoORzxjB79e2eCNpGDjHM/zZJ2kKpwFB3Ahuc8/NkAkr2B5PuHbgghioIGQT8gz2HuScgHg5qHKabknFrpbb7PNfV6aPS/VtPRA3HTrr26adV1u/NuydujrHcR6gFcEYxkAD7xOW5B4xgdzzinA7s5XG3GBkgHkHG/k5wMg5BLD0GanKoQdoBJB24AOcHAOAfXHI78YA4CiMtnkksSW5xjdk456Djg8YwO45FUVrS0k2raNW1Vlbb577IpWVpW0totFqrLXZ/8M2utmCNRlhncCOBgjPGeTzg5OT15Oc4yVBPIJIZflAyByeeQRg54xjoOPrMyYAADEkAADd94Hp249xnkdeMiIJ8wJUk7+efQHjOcHuc9/fjImrdH/wAG1tn+D630CMtdb2SV7LbZLrt+stn1cGYrhuD820kEkc4IbG0cDrzxnHenKpyWI5IODng4IPPYAnn7uPxOQmw4BwQcnAxlcHIIPY89OmCOeQKnTkgYAwOpIIbg+4C+o3f3uc5xQW3FbK20tOifL0Wyd1pr53a1F4ABOQQRgkdQcjHcEbeQR244GBIvJ29BwQB8wPXOe4PJ6YHOTz0UKSNw2/KenHU85OPmwMcZxgn16yAZOFLD5sggdTn3wM4PA65xU26K26b6aprb5L8vNk88vsrS/na75b9tb2u+rav0GbSSAg+6D83XryeDwD2OO4xmmDlu5AOeMgknPQEYwMZPTtycg1ZGB2OTuH1A9MnrjPbnpgHOQqrYOBlQexHPPU8+pzj1JpJxVryTv0drOz6rXWy6626G0ZXtLnatrG97L4e/SzSs2ui12IVf5geAWbbk54I4woyflB6np0JyM1IVJ9yFbGABgevY57ZOO/OORKkQ2gjIIGeeQxIwTyScc4OeeM+mH8DHy4KjbkDoM5y3I3YIHU4A7HgiHKzvHe2t+/zu1b59tt9INcrkrb302V2l13S9fPbeAo2GxgYQA7eSAQMkY5J75xlec9s02TaTkbjuJGSRxtAOBxznJ9ienArVOCMbSCQMFRkMMccjr1ORnJ53ZqkyYc7s5+6AMZGcgkdcj8OMHjrTi2736Pd+XLv2vp+bRUr8qV0r+S73Wur3ats1v69P8P0ZvFujKRgtMwGMnLEgY75Ixg857+1fx9f8FZ75pf8Ago38ah5Ss0UOnIrOchMRx4fbj7y/eHQdNu3Iz/Yl8PIh/wAJl4eQZx/aC5Jyc8gnIORk4wQcdeOmB/G5/wAFY7mO1/4KL/Hh2UtPus44mf7sbFE2kA45BIOCB1AA5FfJ5m1LPcAmk1HD373tUim1b1XfS++iPocNeHDeYct1J4iMXba/LC7/AA3enaysfIN/4wutKsl0y0uVa+u7ZIw3LyW8RHXAyQ5LYRBnDEAnqB0PhLw9ZaBZw+IPEYM2oXjNJpmnSAfaGlfJ+0TKy5XJwwJAIAY9qyNB8P6ZoOmjxdr032/UpAraXpjKDLczyFdsskZwRHG2SASBgkjjGd3T4r3UrmbW9al3XD2kswjGfLs4P+WaRqPut2zjtjjFfSxjzzW6SUXdK+lleN1otX721ul+v55Or7JL2kvaTbbjFapq6T5Ve0YrZuWjt11PvL/gmhpN1r3x28azz3Zi3eH5ZLlcbQsJkYNEpPVRHkOCfujIwSMftr4v8UW2i3OhaN4b0xNR8R36wW3hTTEAYRTiUQz6reqBi3tITmQmTb5hBwQTur8Rf+CZurpo3xk8V38cgkm/4RG4Sy09huN3dvJIIYyNvJZsMSeCCQfl4b9uLKM/DwWOt6rbJ4r+M/jm6ifRtAtkLOqMV+yWyKNx0/Q9Pyk13PhRJJ5ik44P4nxrDlzzEL4bQopJbzTitHul8km0klpqfv8AwJUU+HMJJe83OrdRe1ppW6pXW/8Awx7LZ6RZfCUado2iwJ4t+NPjoJeIz5mmF7cDdcapeuNxtNF0oMfKjYos3lAEEsTXI+NNWvPBDXnwq+HGpJrXxd8WBtX+JvxDnInTwnYz5F0810Syxyxozw6VYh12KI325UNUWua5e/CSO50zTLyHxh+0b8QLfdq2rSMJbPwZp0/3wrncNP0/To2MdtApjN1JEpOckngvIsPhx4YWyR7nxB4r8VagJr2RmZ9X8aa3cM2+a4ckyw6RauxwWIiSJcAZHHyPLKo03qr3vd2avH3U7NtK2mq3tsz692i21u9W0uumib7ddH1dh9k+i/Dvw9b6VoVlJqV9qF2Y9D0+TMup+L9fuJT9q1/VmY+a1uJmaZnkJRI8qpHAPUeHfB50zUpF167a91vVxDd+JNVY992Y9E0zPzRWduSsbleJCpzjJrb+D3hD7RrGt+KPEU8Woa7YWpha8ADWejKy4/szSVJIURACN51AMhU/N2rsbDRrrxX8QpVjiK2dpDaRiNFby1AZWLBshXdyNzYIIxk4HFdVOlFpc7SUFzRTdm2nu1fW7tq2nbW+9pi0re67zenLtq1u7J7t9XdXbXfX0fT0v/HOsW1pAg+y6Ra2u8cJb2uEdizHasaIoJYk7cKDxyRXjNz8Wda1b4f/AA8uJtI8CadKtt8S/iDbErLq80RAfwv4buRtLySAGO8uYWZEBdcqcGqXiC1v/HXjPWvhf8ML57HSZWih+KnxAtMmLTrNAA/hfRLpRiXVrmMNFO0THyELqfmHHPfFb4l2nhpdO/Zq/Z4t7ez1Ozs4ovFHiG1US2vg/TZsLeXV3crv+0+IL9S7hpGaUSsGJ4JPPVqSxHLSXN7KD1s9ZO6sleXKld3bfxW62NrRprmbV17mq3S3t2V731u+qstMj4w/FqeyEPwB+ACwaZLYW6WXiTxPZL5lj4P0oYt7mKGaMBbvxDdITvbe0quSzdK8Tsmt/Agg+GPwwshrfj2+trm+vbucm5+wySEPda94kuzkyXTHdJFbyNlTtAXAIrQls4/Bjx/DX4Z2rar4x1dJZb3V5h9oOmtIS9/rmt3B3F9QmYPLDbyN8uQQoABr3j4I/D7TfB2i3UqR/b9fvYdVutZ164Ae+1K4bcGMk7EyCJGJEcQIQAABABXZR/dQSiryXLFzSulorRiv5t76Oy38uGbdWT5tNFZN6291LRN6O/n3v1XN+D/hjp3g7StS1m7uJda8Z+IPDd3e6zr9/wDvbyaV3HmW9oDk29nE2Fihh2ZTgk8MfffAOnvLpF79pGxI9E0t0RxtXcbC52u+eDzhgx5GeSOa6DS/DcEliLjWLi2trWHwfcyyz3LRxRQRsfOkd5ZCAiBVOSWKjDHk14XD4wvfi1dz+FPhvdzaT8OoreDSPHHj3aY576S3hljXSvC4YAzJNyk16u6NVY7cEjHdKtCjSXKlGXKnZb3utXbrfq9GmrWZzOk5NKVrbJaJu9ravR7aX27d/KNSk8ZxeDr3wN8HdJs/Efjaa217VtS1i6XzPDOiFrhpgbm6UBLm8jC5NtHIG3AAjNedeCfD+p6drtv8Qv2kfGQ8QDQtFs9TiutQl2aVp9w/mRnTdH0ndskeNwqoGjkkOVwQTXusXxl+Gv7Ong/UvCWnxXV7rb6VrOm6L4U0xftmt3mozSCKG6uyA8sUMzOJJby4JVcnYcV5j4C+HGtzXVn8TvjjeWV9FYWCXnh/wnIwk0PTIbzzJoop7YnbqWqJhRvdHRHJKqlYUalTEymqic3a0ZXfNFK17bWTXVJJLrcVSlGnGLg3ZPlcEuaLk2klbW/dtW3drpHKfGH9pP4Q/B74y/D34n+KJr7TfCdl4J1JrVGt2W41J7qBxbJ9n2iRo5mdQoHAHAAxX44/taft/eFfi34O8PaP8ObC/wBB1nQNb8Vz3WvHEEs1jrrqINPs0VVkRQqjzJAzfeBPTNbH/BU/4hDxL8S9As7iwGmaXbeGY5rKzn/dEREsEdYQFWONgPlAG0ADbjv+NVor3V6yQq0s927LCpYMiMxxuwPlCgDjB6EZOSM+zl/AGT43NMt4mxTr4jHU8OqFHDSqJ4WnCLqKLdKKfO37WablK17aK1l8fnPFOZYOnjsjoKjRwdSr7apXULVnOSpuXv8ASLcYJ2fTV20Gaj4m1m2ee3W/nae7JnvJnkeaeR5SWbczlhuwQeM9ec4Ar6G/Y5lvR8TbvU7wSXFnp2lXUzh9zFJJhiN8HB3FhxgAA8YIyK+fLrSjBqN0sxzJEFV5G4jjIADBCWG5hjBY9e5GTn6c/ZF0yS98R+OlsZsfZ9KtxNcM2PKVmbJQkg7mHC4PUYOeCPtsZls4YepJxUKauoRil7qvFKyVk2knfTTVavU+XwGYU51YRUpVG3Jucm22+WNrtptvT7tLn3v4u1mfxLL5GmxyWGnLJBHqU0hLXN0WYFoo3HCgjIbJGBkZ6A/d/wCzRp0Gg+D/AB7NbQCBZl2xwR9QgtCAc9Sx4ZuuWPU9/htbQW2m2sbHagS2YMcPLNK0mGdiBzuypzjjA54+X7x+A5js/APj6+lJkfYyxhyQqYs2yQDkZHGB0HUNkg14mNTWFqRV9VG8nazS2TWjvfr0XXt9Dl01LF0pN23tHorxtd9Xe9nv+Ov8vNpNKPib8XrhAS83jTW0DMeVZtRn/iz154JPZiSK4XUrO8j1e5t0Uh5yZGOeepYMCMDLHpu69T1GfUfASx3vxH+KN1P80I8cawxyN6lW1KfqMZIPPIDfRQRTfH9nDa+K5nggJ+0JEkEarkcsAD93gexAGMjBxx8niYc2EoySd3JxW7tdpNtv1tftfqmehCs6eOrwbXLZXWu6UXv57K700dndnzP8SbG9tmsRPvIMEZ3HLZU5G05yRnAHUjJODxXnOiaTLrep2+nBSPNlUu2RiG3Ujznc4YcqD1z0x0r6l+MWhyR2Fi0ihZfsdvIyBPnUnBXgA4Cg5xjORn+9XzxpjtoOn3+o4Avb1msLM5w0aNkSS85xuDEBs8c4JFfN106UpK6vdWte97RT1vs1ZXWnTqz63AzVanCSTs1717do3bj36dG27t6M7xLyPW/Gel6XYjGi6Eq6fYxjPlmVFAln2hSMySAuWx9DivvjRLjR9N8BpDMyT3MaHyYlPzC7Vv8AWKAeA20AgKeMjBA4/Pj4diO38R20czIipHG7ySNuG+U7d5wQM5yM+ox16fWNjFcILqf99LbRuCrnIizgZZV5+9jrjcOcHpX1HC2GVdVarUk6bVnFfE04yd7q+6t13R8fxpmUsP8AVsO3Fe3c+ZaqyiopbNu2+3RtbnT6Vei2kumQt9ouow5YAthmIbafTavBOM8A5znP0F8MPC8/iq6iuNSmh0jw3oNnLqOv65dN5NnYWUKu0rtLIVQzuqEIgYlpGUKCSMeT/DLwNrXj/U/s+kxCKIS5ubiUFYbOyQ+Zc3c8xG2OKCIMxJOOMHHQ1/jH8SU8V3K/A74X3E8fw90K7jTxj4jtSY5PFepxyLHcRebGFaSxjdWWOMMRIcYHOa+mzbOaeDwioUEp4+snGnGK0hFyTdaSbulfb+Z97JnxmQ8PTx2O+uYi8MuovmnKSVqsuZPkhfVp232V7as1/iX8Q7n47apY+APAXnaH8GvDF6yiRC0Uviq+ib9/q2pEANNEzgtbxPuG0jPfPunwu8DWejssOnQRmCz0+5uJlYYWYiJgjzYxvLkqYo8kAFRySGPM+EvAei6To1hpulRJbRSW1uLlypD264VeQoBBcZZsc8dCK+0l0jwR8BPh+3xg+Lc7WWnf2etv4C8GxukWp+NdT2h4J5rdisiaZ5gUySuApXdk88fn+JxVDKqNatiqnPja122/enOpLW0dU3brbSz17H69g8HPNK9Kjh4KnhKHIrRfLCEI8ura0b3vre8vI/ev4UfHv4e/svfsIfC/WfHuqWXhUPo+pX72DyoNUvmvmE8EdhaAiZnn5G4IQAVJxxX89Hxp/aC+OP8AwUe+J48B+CY73wx8INKvGeWKNpRYtbLMf9P1m4Qql3dyRglbXcQpJ+UnAPmGjwftB/8ABRXxhp99rc914e+Gnh9LSxlkjE0Wkado1odsWkaFANsMs7RKFlmVdxdtwr6o/aA/aE+DX/BP74YQ/Db4Z6fpl98T7uxMdhYx+TLLZTPGEbWdbmUlzOGUvFFKTgnIGBX4lnOeY3GYuOW4GP1nH1JOMKUXzUcLzO7rVpK8XKKasm7Ja21s/wB3yLh3A5dg55tmUlhsvglOdarZVcY48vLRw6dmqbkrOSV5t2ikrmF8RPih8Hv+Ccfw0bw34Whsde+L+v2QEFsyxy3oneLaNS1Z1+a3tkdi0NqCgYDJGAM/znfFz4s+N/jB4x1Xxj441u81nWNTmmcvcTO1vZQu52WtlEx2RRRKdq+WAuAeQMGqnxH+KPiz4meKtW8YeLtYuda1/VrqW6vb26kMgUysWWGBCQI4lBCpEmxQgxgcGuDmuIZI0ZdquFBYYGOuCBjoR8wxzgkDsK+t4f4bpZXTeIxEvrOZV0p4jEzd5OUre5TT+CnFuyW8rXlo0fGcTcUVs7n9WwqWFyug+TDYSm+VOKaip1VHSUpN31T5bq/d1Qm1gSxIztdickAEep7AcZOCcdcAG7ZxSTGXaPKhwAZP4pOnRiBgnPQcAc8gjFyx0574KzIVhBCqACjOcbiSfQnnPp+Q+g/g78DvFXxZ8Y6H4P8ACmi3utarqs621npunwSStPI7qgeQqG8u2jJ3SzNhUUE/LzX0dfEUMLSlUrSjCEFduTSjqoyt0WllpZtLrqfK0MPWxFSFKjCU51JRUaaV5OT5bJdbXd5N2fXZq/C+A/hj4g8XzibQdIur6K2nijCW8TSTzzzPtjt4ogCXklchQoHXoM1/Qv8As2fsQ/Cz9mD4e6Z+0n+2lcWGl+VZpqvhH4a32yS7upwnnWZubIky3F1IQuIPL2xg5ZCRmvQNC+E/wb/4Je/A6Lx18Uxpnjf9oDXbyK40rwTAYri20q4UBoEeIhwkcBZRPMVwxGF2kMT+bepa1+0//wAFH/jpBZwwav4v1bVLiFNJ8OWSzDwr4M04uqxNc7P9GtYrWIjfLIAzAEDg8/GvMMVnspwwkpUMuVRqVezjUrxi0pKm2ly03q+eyT0tpY+vWBwmQRhPFRWKzGUIyhQunTpOVuVy84re+nVNuzO9/ad/bT+LH7X/AIo0/wCH/gbSNS0H4cm+j03wV8M/DVvMJ9bGfJtJdShtAhlRwVYwlREik7gDkn9cf2Dv+CW+m/CefRPjN+0VY2ut/EltOuNR8K+AJkWbTPCpexlmtrvVIWLRzX0I2ssLKFjcYYEjJ+zv2KP+Cf3wm/Yu8OReJ/EFtpnj/wCPeo2oS98QXNvFdWHhiSRFJ03Qo5RIiNC5Ia6VQ+75g27r9xQQT3lxdX127TXTWGrPJM53Nn7FOyIGzwFOBgZxjmvcwdCOHhGhRgqdNNJtXU6nw6yblq5PeWrb6JHz2OxNbEzdWtUVSpJ2S05aaSVowV7R0aXNZPRvd3Pkb9m7WNVuPgVa2lvNLG934s8UtcMpCrxq13GIYVTCpGiBFCoAFVQAATmvVLbTZUkdCwd3QGUsMgYB+7jG0nkc9Tj5mHI88/ZU0O6tPgVock6uZrnxN4ruEBXPyPrd7g529ABjsMd+cV9CDTxEsj8b3U7iy4IYAkkbsHIGD1z83bmvfw0LRvG1rydurVrpptNaqye1kl3SPHryTaT3lbW91e8dXrvZLfq++3EjS23yA7yu0jaOuR/s9lHGcc8jnnn5o/an0vzfh54UtgOH+Mfw4GAAoLLr0GMrtPHTcOAScnJ5r7KW2IhAVRnDkMQQQCOrZyPQjbtyTjJBr5u/aWtWHgrwOrICJPjR8OwWOMn/AInUBHTJOccY4I7g8V0YmX+zz0WsLp62S5o8qV/d0sn2ttzbmeFsq9Oy3e/XZbvrbS2tn8lb7XurJnvXjbG6GG1XBHVkhRRgnqBgkjk+1bVnp4SKPK5Zht243MwOe/fJOOnGAeoGJ5bIfb7+6nmS2gizLLNK6xxW8caDdLK7sEVFUAuxbkchSRz+Tv7a3/BUrwJ8EbLVvAfwPu7Lxl8RQklhe+KUIudC8PXTExmOwWPd/aWpqxKxRW4YCULuUlTXiyqWUVvK0U7b3fp5ddElY9OlSqVJe7Fctl7z6evXbRWV/wDEfbn7SX7Uvwd/ZW8MtrXxE1ZLrxLeRO3hvwHpc0MuuavMFIieWBCz2dluwklxMAoGTnIBr+Wj9q747ftAft3654i8R6JpOpT+GfBMIkuLXSvtMXgjwNoLTBFN7eJi0vNbfO1ldnLSZVQOg+rP2b/+CfH7RP7cXicfHL9pvxN4l8HfDjUroX32nWXnTxv40tWcSGz0yyk2toekTISqsEjBjbKENyf2H/aG+DHw2+B37GnxE+Hnwm8Iaf4V8Iw2Ph+0kt7WGP7bqc8mq28b3upXjKbm7uJmy7+ZIV3N8owQa8/ETqSvK91FX0d1e6ab3Te+ia017ns4OnRhOME7ylZSf2t0pJveMdW3pzN3T6W4P9hP9g34Hfs5fDbwZ46sNGi8YfEfxZ4Y0nxFfeMPEcEd1cafLq1pHdta6Xbzo62qQO+FcKJQVBDcV9/3Mr/MwZpnY7S5UluQfunjA9AMYHAGM0zwVYJbfDn4dWQHlw23gXw1Eij+IppkQC4PTJA4zgYAB61y3j/xz4V+HmlS6h4l1OGxjjhMtvaCRPtdyYlziKIkOVOMGTovLYwDnlliIU6Sq1qiUOVNzk7JfCra7a6WT6edj1o4eVSqqeHptt8ySjfa6Sb9b77XbNkOdu5ipUKzySu22OIKTuZmYhVUBckkgADPbj4O/aX/AG8/hl8B9N1GDStc0jUdftYZobrVriZJNL0yVchobNN27U78NgKkJxGxyQQGI/Mr9sv/AIKfaxrur3Pwp+CsN9rGr30klimj+HWeRnkYmMNrF9Bn9yoOXjhdJFTcCeteA/s8/sI+LvjF4u0r4iftLarPrZluUv4fBMc0y6Np8RImjhvGDBJXUDDYAlYg7yWJz83nGf0MNQ5pVfY05pKNv94rqyVqUHqk9f3jSilbrt9NlWQ1sRX92EcTUjZTT/3ajblu6s1pJxT0hF7qzdro8w1Lxj+0T/wUF+I+q2XgyLV7TwXbXXn3/i/X3nWC3iYsHuEJEcUhWJ2W0towNqgHJxg/ph8KP2ZfgV+yj4QPiTVbuwh1K2sxeeKfiL4nmtxqE1yqCS4Wze5O6NGZWSGOIFznad3GOI+I/wC1V+z1+yBpvj+CNtOk1u2vINI8O+AvDgijkY2MBiiF2kAxBEJNqyPMCz5OSSK/nc/af/bS+LX7Seu3M/iXV7jTfDKTONK8I6dcPBpVnBubyxcJGyJcyhcbxJuAbO0Y4r5Whlec8T1OWlGeX5UpR5pScnUxCfLJ80pWdRuyd9KcfO2v0uJzXJ+GKfNOpTzDNVzclKCi6VDVJJRjdQSstdZNeWp+jv7YH/BWLU9Vj1P4f/s6PJo2ioJrG98cSJs1PUQA8bf2ZGMPDG4ziR88YYEZBr8LPEXiHWPEuo3eqa1qV5qWqX0z3F5eXtxJPdzySOXZpZ5Wdz8xztHA6ALyaw7m4lcZJ3vuBUD5fYKoAHHHXGTgDgc1VklW1ZTKPMuJAdsSAtjG05IBIHIwcn3HSv1HJ8gweU4eFLC0IqTS55yV6lRtR5nOW979NIxeiVkfkmc5/j84xM6uLqytzNwpJtQhGVmoxS7K29ratsbIxW2dHKqCSxU55AY4wdw3duoO49QK419J1XV9QW306zuZ5XAxHbwvIWXJALBQevfJAXrjj5e/07w/qOp3BaeM8glI84WKPHDs2MDGfu4BJ6dhX3t8F/BWleFlnS3gt7m5u9Fsr97mWASvHPMG3Rqz8oBtAIH3lGBkYr9E4X4ejm2Z4TBVqjpRxM+VuNpP3YqWib7J631eqPzfi3iGWQ5Njczp0XXlg6PP7NycVNqUVZyt0vfTfRLqfD3hn9m34h+I0Eo0t7GJur3knk/LngqrAc4+bOQ3cZHI978P/sg6db+U3iPxCVGFd4LYKWJAAwJOVIJB+6DwepA5+xbiW6lyh81WJ/1UYxGBk4PByMDkHPuM4BDGt5CqowO3n5myCNoOCzNkYDAnPAyRnJ5r+gct8NsgwFpVadTEyVm3Ua5Ps7xVru69d9NT+Uc38aOKMxU44OdHL6fT2Sc6qi3Fby5npdNJJOyaurHnnh/4IfDPw3GPsGhR6pMCoF1fnzGVgoJ2qAFIBwRwAMgnIHHqtnb2lhB5Ol2VpZlVVdtvbRxMoBxnft3HpycgHG7kYAggilVC4KYBAJU8HJABAHt1JB+XIHOANyDTLgxO2FZgQ25yygISCRkhc/L1Ocg9jwK+4weV5Vl8EqOGwtCCW6hCN7KNryaTtpra7dutz89x+dcRZzUUsRjsdi22rQ9pUlGTfI78kW9HfpZ9NtCskklzuWV5J3KhQrE5BUd2yeRj2HC5HArwP412ym9+HUfzDZr8W9t3zffGcgHJxgnaQTzu4zx79d6v4Z0SFp9S1zSrPYCWSS5j8wqCxJUKxYtnP3RngE+/y78W/it4ButT8KXenXcuoDw/qYvrmKGM7ZwrYCI+07txUAtj5QQMHrXy3Fme5VSy+thViqDqc1FKnSkpSXLVpyldJ9EpdNbdXt+geH/CmfzzrDZjVwGIpUI0a6dWvGUVzVKMoq3OtW5NWe+p9J3FvMxEJjaJXiR1IBy2EA5GSAcjBP4DkjEQ0yaRWKII1AwWJCMxPJJDEdv4sjGewwK+RfEP7WOr6g0sPhbw4LcMWjiknje4nGeAVEeeuTjdnHIC9M8Kdb/aE+ILCO1stdS2n3ANHC9jb/NwMSMAwAxg4O7aBkDgV5EeOqDjGlgMJisbOMOVKnTly3dlq7a99Vs3bQ9ZeFOLdepWzPMsLgaUqsqjvUg5+872autejTatZarU+4rrV/DeiRtJq+tabaiPO8SXUZlQAZIMefmbP93g8e2PL9X+Ovw60J5Yra6l1RwXZTBlYwWGBhsYGRnJOQep5FeG6V+zB8UtflW48S61aaRHINzm5u3u5WXP90uMEg8g9PQ817DoX7J/w903ypPEevalrlzjc0VuxitmK9VdWwuBww3AcZAPRqn+1uMsxjJYfARwVOaio1KtlNJqNpRbu20trK2rWm56UOGvD7JXGeNzKeY1qaV4QkuRtW3UdHr/AHrpJ31PNtW/amuXaSHQdKgiZ90cbCN53AyNpzGNjsA2CV7YPJxjkh4w+O3xEmVdHsdceFyF3Wlq9tCobpmRlBCgDOdx79e/2no3gf4V+EWtxo/hfTZZ0BJklgE8pYHjcZAy5IwGwAScHNdZJ4ilQBNOtYLKE7lEcSRQkYb5gBCqjjB2k52gg8KDRHhfPswmpZhmtWz5b06Tair8rkuaVvJaLa22l4qcccKZTFrKskw7nBNqdSEHJyVrv4W/S8lfvsfFWl/sx/F/xE0c/iHUbfTIZvnaW9vGuJlRiCwMW/AJJxgAck9q9Q039lLwbpEav4l8V3mpTAAyQWKiBdwPIUnJODwCCAQRxXuM+p6hcn55pjg4WNWcA5JPzZO7pyQTzjvkGs1YGuJkWVnLNuXKuxwd2eMnj3+nLE9PfwnAmWUo82KpyxMlZuVebld6bptLfTrr5HyuYeKudV5ShgVDCwbajGlTjG3wrXqrdHe3yTPnT4pfD/wL4MtfBDeG9ICyXPiW3hurm6bzZ7u3VwSkoPy4PRhg5Prya+w9KSGCzijsrW1scxwmNLe3iiK5RCRujXPITPJIPPUMRXzb8eI0jtPh9CFwR4ptlwx5PzgHJbocnkk89WHXP1bpcaCwVpWQN5MO0OAcjy0O0MOQccNg9AM55qMnwGCwua5pRo4elTp05YZQUIRVk6cW+71eun66dmd5vmWN4dyPEYnFVZVqyxMqspVJNtKpHlctbWjZq1uqtexzlwbiaSZnmfem5QFbKsgwPn57AcZGc442jIqxQyMsqAkMr7lUEfK2Opb+EehGTkDjDGt2VFcyqpWPJIQYIzubOc4JJ4OAT93PbkM8nyFDMu8FSZck7s4IX7uM885OSTyeTivvaappR5UotK10k9uRqzW62T26X6H5jKuqlScqk5TS10leydrve630tteze7MSS0ZVO5mJYFXDLkZBAKgg546gHGPTrRZw4lcg4UBSrEcZ5J4PIwMHGMHOcA5YWLxzJEDsZFUGRcZIPzZOR05BBAGGx1zgUyxAYyOVcq4GBuGARkD2AAwfTryeldN04p3T+TX8qvvbdffbq9PInOl7WcYpJK1tVZW7aJOzfp3smiyZSuxUUjYW8xiDk5OT1BX/AGcAYP3uOtQpPIbtEUfLvU/MNwZcH+Q74GepA5IJWfzXGAGO4CMHHQZIPPXA9xn8zSUO1xb5YAu6bhv+4Q4xgDoD1b1+U4BPNOmkua3Ntd6aNqLW6uvde9tHqcyrSlWjFSafNZ7X1eivur6628t2ddqTk6bI6ZO5GPyYAAOe2GPJyMkDjgc4z4B8W3P/AArzxLyBjS3YBsb2DA9c8kdByegHqDXvWpuqaWPlAYIyMoyRkLySfu4GAcn0HyjivA/i1H/xbrxKzlCf7OJLE5OGB+XAwOG4zk9c55G35TiCfJl2M6L2FTvLRxs7Xbavv5O/R3P0XhHllneXR15vrFBvVraUW3pttor3snvdnPfAuMn4eaKWChPJfG7jIzkkEDjAUdffjqa9u2CSKIAlSoLIo+YEqvLHHGOvTvk9OK8k+A8UbfDjQ+BuEDHaAdpyTySeSoZicjkhegHX2eVU8uP5kj2hgBGNrFzyMnkkYIzjoMHqa6OH5ReT5au+EoeqvCN/wTf3WTueTxcm+Is4cmkli6zSvZNuorNvm3Vtb/loseaTbwG3FWBLEEBUPO0dgAdwPHHB+qsxYDf8vTKquclgdvUN1x7jJ6DqZpGCQHfszgqFIyc7hzkZA4PXsevXmlIdqkb1bewyQVJVAMjryAGwARgE9Q3Ofabj87OztvZRVtevptZs+Prp3j7yfXSyWvKt7tO+vXptdWJCNso2ZjZihcA52qOd3TkgdTyBnOSSTU7uysWDnZuZVIGSeASXHIGOD0A/HpmRy7mLYOQpO4k8sDweegz0PH54zfmnzDEsbxghS7tgDG4Y5PHzE7iME4+UnrQ9WrO2iurtJO0X3763vd9F3VRPlj0W1r63sraWW127vu763vG8qhJgAwO3O4YGBwCcDOD34AxkNVNp2VlIyAxGSxyCuORzgN7H7wPQYwTK9xtgydi7ECso5LluVz1yMgZB4DfwYrHaVgzFiAc7QuDnBGBtwD26An05zTcmmnr7tr93tvbXZLrexrRoJxTesk1daP8Ak13TejT622166DztJvZMAbASAQAQozyOGYcEAg++AMg/PfiT5/jz4Q5Vg9qu3YSMFQMehyvBPOOPrj3ApKqvkkuMhFZgCikEsCMkH39B0OSc+GamPN/aD8JISMpaAnaCVUhCTxj0GOnH06/I8SNSjgF0/tHCPV2Xx67tvfS769T9H4IjFVc3UVe2SY/brenHV3d9b+reup9jun7kKzAgeZtxjEZAP3vUjg4A6/piafEslzKquRsjO9VGQ3OFCE8YOOQFGSd33jWpqO5hhMhQ4yAdiOgUBm3HgEEYJOQe/tzba1oejvPNfazY2KIoB8+5j3I4I3YwckkDPXjnpy1fQ1MdhsHR5quJpU00tZVEn0vb3ktVfo7W73PjsJk2Nx+Mpww+AxNeKcuaUac56txu2+Vb3u3rZ9VpbWuIyG6FpVPzLwuIwCeGxj09x39K1LCQG2lym4GQ7wf4cAhT1JJwcg44wCSoINeJ658cvAGlC48u8m1KdW4a3+WF5E5IWXJXacEE5wMgjB4PlWp/tSPJAU0LR1jlEjeWwU3TvkkZIhBUNjnnHPHOFavncy44yXDwVP61GrUikmqMfaWd46OS0bum10vZtOx99kvhpxDVrOt9UWGpz+3X5YJJ8utnrdLXa2lj7ItlZyrgZDArtfIRQvy5JOBvwePujPPFZ91qGmadaSm+1XT7QLJ+9Wa5jVwBkYC5BJI6Dr6gnBHwz/wm/wAa/Gcjro+k63JBOFKuIntLJQ2DlmIVgPmAB3jB79q1LH4F/GLxFIZte1ey0SKU7pN9y11KBwQGQu20qpB6gKemMDHz0+M8yxLtlOV4ispfDUqQlGD1jZyukt92ulref1a8Nsrw6585zrDUn7zlTpOLm0+W61ejSX8v5WX0dqnxc+H+iFo5dVN4sQYo1uh5B5IL87s4JGS2C3GW6eU6v+05otuZY9D0YzAZ8qS5JkJJAw0cSqGxnHrkkg8GtXRf2VfCkQSfxJr2p6xcLhpI4HaGCTJJAVWOAp4BGMnJ5Gfl9o8P/C74aeG2VrDwxp/mRkKt3dJ9plLgZyyuWG4Ec4+XpnGdxFHjnNvirUsBTk9VTu5RTS2Ub9m99Nn1Q0vDPh5NRw7zKtT1Uqmqk9Er81lZtLTl1T6p2PkuT4ofGrxwzDw3o+oQxTBkSSzspIIRkkBmldQu4bsk5789seQaH8P/ABv4v8Z6toEt59g1u33vqz3EpGCoG8MylNzYPIJ5PZcNj9VLa7tx5cFpbw2tsJI1AtYY4U3jI+7Gik5HHzEjBxyea+OfBCM/x58fYbaq/a8l85Y/IOepHBzwOoJOcjPk4/hCrDHZVDM8xxWKljMYqdS83BJcrk+Xey0tfS+zSep72W8d4etleeVsmy3CYKOXZe8RRcaUW5T54xXMkkpRSfNZWV9dVY5/SP2ZNEjaKXxF4ku75i5EsNkPJAKgg4diSQWBBIOOhJHWvVdC+Enw20BlNp4egu5EBZbq/wAzSEg8EhjjJ44K5+vFekzI2RKAdqoEUsuMHncB0zwTnhTx1wVABCoYMwPyhcAgnIIBDccbuDwenA6DDfqOX8H5BgYxcMBSnJRjadaKrTb0+1NvX103S6H4PmfiVxZmTlCeZVaNNyl7mHvRirNaL2cYrru38PxSVtZLa2tLL5LLT7W0hIXH2eCJAoO4Agqq8YHXOenTubnLFmlMvlOVCsG2leCDyeCDjBBwSTjoCLIgPlEqNqDbliTznI6Zz8xJ56jHQ1bhihaRHCkRquxwfmXfwQOeDg5JwB1H90179HD4ehHlpwhFRtooxtayVrJW2surT1TsfGV8fj8TV569erW5t5Tnrf3U5XbvJaXXdMzYluIw/CfORIgJLMCSCMDG4YIxtB46YJwBqRW7hUAbcXKO+7AXPoO5Az2I6AkcVoJGsjlFUEHajOisVUgE5QYPGMdO3UnvYjtW2yYjLAsDuc4O5TjHzHO0Y5wfTg85UqiSlpyq9r67Ll0WnRbu11bcqFKdSokuaenTXW0dVLXTv0b3exhPbyyF9xaMhtiRfd3KcHgtyRjoBg85xxRBBJKpjIVWLEIpzkqOck8d/wAMHO49+qt9JlmkbzEMkgcMiqjMGAGeoO0Y/hx6ZNayaF9kUzXDw2ysnmLLdyCFU5JOdzZ5APOByORmueeOw9CM3Vr0aa5U/enFKN2m9JPV33vZ2V7aJHZTyTMMXOkqOFxFVuW0KUpN25V0i7p9mntqr6HH3EMkVvvIVSsboAFCliMqcLkbvuj5scHrjivmsRvN8ftGJy+3R5eABtLbD1zzkA4Ax1x0yufpTW/EPhDSkuHvNdtJ32BVhsCbhkkIwcYLABTkscE4BBx3+SZfHPhuw+LsXieSQzafYaZLE0azASSSHKhRz8pGOQeQS2RnkfmPF/E2TwqZZ/t9Cs6GYYetVjSmpyjTi1zt8smuytu9tD9v8OOCeIo089c8rr4aGNyfE4ahPEx9kqtWooKCinZ+/wBkrWvdn2nOhihB5kYRJxkeZGRt+X1AOBu9e2QMVUS3lOZYoZHaPDNnKjLYYrnIwp4IwcdTjrt+avEH7UVnvMOj6akYKqiNsa5uCFwQCYhjcSflG0kkjrXnknxO+KnjOZ4dJ0vXJoZwFjKW729uTnCEsqhxxzktgn06DDG+K2TUEoYPC1sVKyV9KdNWs/id3JLS7t+pWX+AvEOJqKpmOOwuDg2rRgnWmk+Ra25Yp6Wtzbrqj7Kur3TbKRRf6jYWyl93lzXCIynGcEFjjBwe/wDtdOOT1X4n+C9JVpLjV47iWN2UpboZIzxtyHDFc9sHgY45NfNFn8Gfjh4tlWa5jXTYS5V3uZnZ1DdTtdiS2cZAxzgHoBXqHh/9jjUtRJn8S+ILicIf3sVoGCKdwyFBwCeCeCOueOMfG43xYzirzQweGw2Gi9U2nUmtvtNpKWt3ppbbVH6FlfgLkGH5amPxWKx1VLmcVONKm2nHTlheS0v9vXVaXsZ+v/tG6BZvjSLNJG2nE14zSFWB5KQqQ3OMkcYPOTzXlmqfHfxzr8ptPD9jqcyznIWytnRZHOFAXKb1GD0JOecD5sj7C8O/sv8Aw80TUFtpNMbUTAY2eW8LOADyB94jJJJx06gk16ePBXhjQL22tNNsLWGDznBeC3iWSNkJCoCFDnqAD69BxXyGN4s4gzG31jMK7U7NwhUcIpaN+7Hl6J2+7rZ/pGWcC8L5TFfVMowkZxS/eTpRq1Hy21dSopSvpfVJ372ufnzbeBPjn40QT/2fLYRPGrs+oTypIqnqXR3AGepXHGMe9dxpP7KXibVzDL4l8WEKV3y2lmhDqeOAynBPPJzyeOOlfor9i02K0Z5/LgxEhy8qoWQgfM2WAVeMHj+TV5zrfxC8EeGorkX/AIh0yBUBG1JkMiKv3lVQ3LcYLdSTkgtxXjyq1Kkk6s5yaabUpSk7u3dtt7PX9bL6GOGoUUlSpwhZWioxjG1rKyS2sktrdttvEPDf7KHw20tUuNQhvNZlhAeRL2YeVuyP4ThgCRzjBGOSOQPa9P8ABngPw/qeg2uh6HpdiUbc223jMhi2kM+9wTt9yep6gZx4T4i/a1+G3h9XFilxqsqq28J8sbZwFKkkoST1BJxgHkZx8peMv2tNY8Sau0mhxppCeWYLcxkPIDkZYunCqcZYc5xg5IFYvERpyirpybXLFNOTaa0tddennbZWOl0pyg3KK5XHVPRWSWltN797vbU/qS8DrNJoM0rRzI6X0rB0kaLGAQeARyCMEYycA+lfPv7X9hNH8BfHt1LJcOr6ecrJK0iHnIPzE5+pxt7dAT9gfDO98H+JPDL3fhfX9H8UaZdMZ47vS7uC5ZA5wRKkTMUYAZ2HBx6DBrwb9tCxjt/2ePiMsa+ZGmlEqSACozn+7ksMZBAyOBkDgfC4KM6WcUXUhyS+sQTvG7V5RTVrJq+9++u1kceJtPAzlFpxdPmV5N3acWlvdbdL6vU/mM0FBJ/aYYHAmtWUggBSZI8EjqflwD74J9v3Q8I+GNXHgnwxeW0iXcNz4e0+VreTlkBhUhUJ4ORlfUAntkD8MdERY/tbPwZVt5AB0BMsYzjJwAOh/D02/wBEPw5K/wDCv/B8YZcv4c07CgAkZhXgducn9c9hX7zwu5RxWLkv+fNNfLmVnfo7Pqm+3n+LeJVRf2ZlTVoyWJnu9/dh8Xbf5a7ao8c1nRIrmzex1Ky8oOZAyzRg7cKSGjc52ZJPGePYcH8UPG9rHZ/FjVrNE3eXrc6g4HCq2Fxj5iMDG7j1OMV/RXqmmRzWUqyLG4BYneF3KNpP3sc5Gc9enHev58/ifFHa/HXxNCoyltqt1P2x+7GcgcKRjHAI6bQvJzpxRVpuGFTj73tHzSSS7Wbvbe7tq2vwMPDSTf1+0rr2MEo3cktdXFPo3bW3ZWvqfU3we+Hx8aeBLyWGWFJrHWJrdILgZUjGQqLyPmZuRjJzkcjjD8U/DTxN4UupGt0urIHLNJAWktyVBxuCEgA8Y6hSBuJG6voT9j670hvCHiGLUREgbxCXjMoKtteNSAu0AcDpzkE4J5r6F8VafYbbxljkkiY5CMFlQrj5WTcGOQOgzhsAAcjH0GUZbDGZXhKkYSpz9nZ1Fpdx1u3y2d+t7+fY8bPs+q4DO8bQnJTpQqLmpNp8qlFN6Wemm7Vne9nrf8TPiHrGsnXdDtdXihMttKwS4EYVp1JbDHCj5lJwM7m6+yn1z4Sah4hsZ/FF54emjOopaQyRWz7dlzEHDNGATuLDqMZyDx83WP8AavtLDTPGnhmGxgWJZbdZZAEVAWaRcMQijDY6Beh+70OYvhXoOpa3q9/a6KLg30mnLcwLbMUlkMT7mZVU/wAIBOOdwIJ5IFfN1KM8Hj8QpVeZ0cTRvKzvqoWV7q6V2m300W1z9BoV6eNyTD1IwUIVsJL3X8Nm7PmSStFu2itveyPbW+JmjaxBDp/jXw+LS6Q7biWGL5kJwDKgA3qV5J+fHJzuU4HiHxj0rRbfw9f3vhzxI2pWUkUTy2Tvl4wZNyqy54YEkZC5AznPFd9rmk3Un+h+JLCYzQnYLtUMF5FkdXBCmTb0yd2Qec5zXgnj/wANXum6JqV1Z3kN3pmArqcpcqC5KiVQMscngjgqOMAHPTmGInUw2ITaqKUGk9pLazezfk7NW0drHi5Hl1GlmWGnTc6LjWi3T5vaUpafZu9Nei1W27Os+B93cW/iHwc0JiMm6cCKcK0bqUOFbOB83BGcbuo5wR9manqWl3BntbiL+xb87w4Cq+m3RPIBU5UE5ycdFLDggV8P/B90GueEWkVmYXBA2kgAKBgEqSQMAEkH15ORX11qzWF9NPbwyvY3CyyN9nuwrxs5YgPDIRyr55AIxnjJxWvDjpSwk4za504JKVrO8YadU/S1+l+/dxW6sK9KdJSlFRlzcqd072W21l+u+qfgnxL+HOh6ja3V/JYRWF40Uj2+o6bgQSuAWUSRr8oRh1JAIOecKc8v8EXi07xD4Jt5S7xwavcKzcrlWjkTcck5yT15HPX19W8apf2Gham+1o4raxfz4twaL5gcSxbj0LfKQMHBBryH4Wo8Or+EtQYu7fbyU2jnLSADAHAHO7jJxxjORXi5xh6SzWnClTUFOkruK0k5OKvbRNptp2267nrcP46rXyWs69WVX2dTliptycVyJ7vVav4X2a0Z5348iI8beLDskTPiC/ZUlQqwQyMVYZUZBU5GM9MDAPPHTxBQzEHJBCkcAsAcnsO3UMe3c4r9G/GWj+FfGkl1Z+KtAh+129xIsOtaUiW+p24bBWSaNQq3G3qWZS3AOc818teNfgxrOjJJf+GLyLxPpCrJIIk2x6pbqCCEkt2+ZmXGSYxtJxjgV4mOybF0G5xj7WD958qfMnyx3W6tfddO7Z9llfEOBxEIUJzWHqJRglOSUW0klyyej5rPez6asj/ZxzH4q8LvvGRr7cZGchJCM+pAHHG3jJJOK89+K4UfEzxuxQjPiC+UEkcsZB83HIBGM5yd3Peu4+BTNaeJfDbzxyW0sPiby5Y5FKsrkMpRlOMMCcHOMAEEYNcR8Xio+JnjOICQKNeu5CcEEkupJxjoeec5I6d8cdVctOhBx5ZWXNo1bZ2s9U/w7nRg1/tOLkndOo3Bq2vvR1/FW0/4PBzQx/Z3AL4ySDgdRwQP7wJGBnoAPu8Cvqn9nRlXUvDO0uz/AG91B3YKkRTDafopXB6DIGQOnyoZEVPLKsdxyGG7pz1HIA9cZ7Z5zX1F+zu8Y1zw2F6DUZQdxzgiJwRxkHr2zjBzxk1WDfLWlrF2i3a1rPTrfXp59+t882aUKDum/bwTbd97by/HslZXb1PF/GNw58a+JtwDY1q/ADnI4nOADyMnqcHOcdecYTyAqQ5ZGHBViBleTwT1YHufpitrxzj/AITTxUqlfl12+HYAnzWPXkZ6AsCPUY4rnJJEMRjuMEAKUkUMSpA+UHJ4Oe/IBJ571zvVt2t7zXk07K9n36aNd+670lKEbtfBG3q0l92q7L8Ge0/BeSCPW9P83cG/ti2KqW3Zy5JCkEE5PzKenrgVofG63x8QfE0is6ML5ZNhJUsDGuORnLZJ45/I5rlfhAWh1zSWEqSRtrNsF3MN3DqQPm5GMkjHIxjBzkeu/GbTYr3xx4iIjGRNHIJkXcG3QoVjYjIzkZA4HUEjnHTJqFOjNte67W2etrO7v1XW6182eVTjJ42tC9rwVtHouZadV1TV7K7Sa0ufPUd7HKBHJzOYyqSZAbIG0xtkDkjHHPB7A5r6c+FWnLBF4alAi82a21UOETEjEQMSSejcEktznkHpmvlHWViTLL+5uEIRkztDPnsRgAZHBye+TgsT9C/AbU7y7vNOhubjzobRdSjhRgC8YMLAj1IGTjv0PXBO9BOdaLhdJK6aV0m+W72umr2cWr2SasjPH1UqFWD+JNb9buC63uvL59WfNms27nXtYUxOiHVL4t5nB/4+H4yMZB5PHQnjgCuquoF8iwlgZj5VvGGGSy4Py5I5+XJyDjjueprS1GW0uNU1e3vraNo49UvQJlwJFzOzBjg5PXtjHyggZzWy1lbCzD28iSIlsDwPmAXJ5GflA5AYn1PrjTDpqpzaPVLSzSu4vd9b7aJ2WzMsVF/VaSu9JU5NvdNcrt0duttt9Foeu/AaR5vCfxLQModtJvGVuAMxwsQDnqMgcHHU/Wvmu1vbmdfL2RODK52tg5YNtJTn1H3RjnoOK+pv2coVm0T4iRnbiTSrxVypx+8jYAHjHGQRjjryc4HyjZutpqrFo2Zbe4ulYBsKQJHU8HjgkcjGMda7MTSi4YdtKSkpOcrWT1TS1asrWb2t1TWj8zCVpRq4i1m1OFk9Hfli91sr9tVszY0qzkv5LiCRXjkiiml2BGYEgNgkZ4wBwcgEZ6kAH9BtF+Fd346+C2g2trfx2U9nJHdB5gPKMu0RpC5/h8z72cA7mPpXyn4BFpqMni6aKHzBHoSybmUZiYOAQjFSSehJAAx0JB4/VT4Bvp0Pw4gvbhEIsbexungljMsMsAVRIZkVT8igAlvp2Ga68uw9Op7Sna8K1N2aaVlzJ2Vui/4CPPzfHVYOjXpNKeErRntFptxVt9GtUrbvbTY/LvxF4B8V+Ebm8TWdLu4ktpiqXaQPJZyLk7Ss4BQq3JHOeDk16p8NLmaVjMvlF47NY3Qgd3288cEA5PTJ7kcV9n/GzStPfQte1Z71bDSr0R3C6Suy40y/tZ12h9PuTn7PcJIwdodwZQCMdM/Gfw9ittPu7qOJW8hXO1mIJeLBSNvmGWyMNz6Dk848DNcLHCVlSh70GrrummrOybezaa0vvZp3X2/COaVcypqvNKLhJQnyJpPVNS5ZO6sr6JtPVLQ/pU/4ItW9xD+2P4Hc42T+C75mA44MLZPODkZ9M4J44r+qnVRm7uxjg3UxOc4H7xiDxnkEkkde3HBH8rH/AARhdf8Ahr7wM0bsx/4QfUWJ5AGIz09McADA9+a/qj1Tcbq6PZriQ4OAOWPOPYnIx0JyO1finG1+fDtWTtKVt7e9HuraW0vd317NfsOVxi607xaj7Glo7Wk9feTXWy62XfzxWTJ3Zz/Fng9egxjGOeeTtAwAQSC14xg4DdACoJUgnBHX+6e4PYZPIxa8snAUg/KoCgnOc9Sd20g/xEZwcHPQUNGTkkY+bOcDAUY4HoN3+OScV8JCo7q7TlZ6/ZStp11fveX4XfstWtbbR25bvS17vlfW+mq7XTZRMYK4YbTgbWxk5Byc5yOcA7s8npzmmeTuJbB5IOCPr0zjJHbp29SRd8on5m4xyBgnqSRnjPJ6egABzgkt8nkAAry2OcjIx1LH5e2OMEfSuqFVKyvpa92m027X/wCBbS9/UOVtK9umi0tqntZaq7v57FRoVBJPTa3I6DlRxg88gZJ5OOR6t2FDwTuI4/hLdMbs8EEH3B4Gc9LhB44wC/c46deM57HJzwRgZPzUohyWJAYHHXgAYAJUA5GRjA4X1zhgdlNJa737dHZqzu16bdmS42b7Lq9NFra/r+JngFerZbBUjGSMc9eBjk9ORlhjjgRZGbkbVwD3PBznHJIB9Dg4zjuavNA3ytkEKWJweoPT5s4PAOegz9DSLHuC5yOcPg8gHrjgZ46HgevPAuNVba2Wr77qytppeza389dMJJc17O7Ss7dG7aapvZ26O6sV9hwCi5xkjbwCBjPB5PcYBBGenpJuYHnauAp29Bkkr97JLEnPGTjGPSplj4xj+IgE8Ft2eAuR06fKvIxjABFSiHliVy3HBIAAx8pHXrjB6AHJyRydPaRbWl29lba/LZX7NvdiUJWvrurN9Xdei/TyepXQ7sk5+YYwqnOQeMHrkd+5GeABVlVfhTkLhSOeST1JBA5IPBz1/MyCDABzxyQoBAVjyCG43AjuD1PcbqcoIO1iOBgDJDep5GDnr06d8g8qM1J6WT26XteOy6qz0ult6pV7NNr8Etb/AA31t1203T0sTKXUEKMZb5gSAQAR23dDlsjjA5PfFlGdiFAC5Byoz1wehPB57nlQODnmq2WOBjOQdoHHUZBzk5Y4Jwp9ORzT1YBmLA/dAIJwFIHJA3dM5y3dRn6bK6V+9r79LO/fW1l10drbmU6adrNpJbPZvRW2XRWtfo79U7gkIGDncxHvg9+meAMZPTHc4qYZZQSQAGxjjB4HHY5JxySc8DHNVBkgnkDjAzySM455BGB83PPVs/wzKcFTznkn5iep7jPbnGc9M59XGooyfu2slaSfWPL8S2sunbW+jd8PZNN677dklbtd3fXm0vbfYsLyd+QRktgZABGVGR1z9OT9c1MvHJHGN2O5xgKRk5HI6Lnp7Gq4IC8FmJbnPAAxkHnr1zwOc+2asLtGCxOSNq59QOPbGAMngZ3bSeANY1FPS+qSutXbbsrNba+jZE6bto7X6vV3vDyva0ddlt0sTI38OAcgH3ySOvOPb2B5PBqZWVm+UcqD1PBI9h0yP4RjGd248moVOApIwecjHUgMQp6cdT3OCTzzShjwy8OCSwBzwcHPH3iTg+wwTgAVV7LrrZeerW67J/5vsYRpzb1vpule7T5U+6bs16PRd2/dzwSfXOOMd+Bn5jg4YnqOMgkvU5ZCRwRjcQCDjHUZwMnkHoCeGxgGFSQ5BBJ5BJ3csckgrxg8n3/SpFGemM4zyCNo4wO2Dg55HHbOKGk/LXz2un3W1n56/eStG9kuq2V90tWmrebVl+twNjLKzFhwOR2yGGQf++SOvYn5sPBAYcnODjg4yRxkDnBGeSAePU1XSNgSMt04Ixx1ySOe2PlBAJJ5wDVlEYgY64JHzYOOBk5IAzyee3fnhuz022vp16rW7tq777JWW7mO+6d1Zau7tt8tH6O6d3cVS24YAJPLHBBH3gc8HGcZA4zk9qkztG7PzLxnHHzdOvc/XHPvRsKc5DcLknI3Z4HYfNwMHJBBz6gSKF4HJBPQAkDuo9yDg5zxy3GBRFJ2vqvK60tGz01Wra83rfvSV3eyta34LyTWjtb8F1RYww4UEkcrwTjPPJ684wTjJ65zUnl5GCWHG4HO7IAwBxwAQTw2cc57CiPYRkE5BJHAyAfu9NoPTkc8bifeVQSTzwR90YIzxyQOfrnCjHbJFC0Vk7ptJbPSy+Ha70u7LfVva1qLUotJpPX7LfTa93bS9klorK7elSRSpIAPAPOecnp6YHX5doJK9euWFT1PAZt+7B65xwM9c9uM4wenF/Y2RwOmBuIIz2I9s54I4wOc81E0e0rn5lyMY6g85wABkc854x16AUcyvH5Wu3ZvS1reS11Wl2rJGvuJJuLbvzczSTunHS3Ndptddui7fmR/wV6AX9gP4rswwE1vw8Q2CBxcnGcE84x3yNpxjk1/E1FqEMQAe7tVJjQ7GfkBYUxnnrjkD86/t7/4K2WkNz+wb8VIZwzRtrGgM204+UXBHIzhR2HOcH14r+KSx8D+H57mXdZNI7Ro77pW5BhQgAE4xknORglvm9v3rwfnVhSxyoqCbqwvzyf8qs9Fsm3quv4fj/i6sLPLMs+sSqQ5a1dr2aUm21TTTcrdNdNd3bvgv4jggjO69tFzHuBaQYPI6c/mDyMZPHNeeaxc2Ws69cTQ6rDC8WmweYUjMgk/efMF/iyAFBADd8jGa9+u/A+hW9pHKNMtwBbElpAXUtklA2cgehI5z0zxnz208M6Yni7WQLKBimn2ZWGJAYULScyBRwCQQWAUAnOM8kfs9aWKc8NCpKnedaMVyX3cF36J9dNNPI/BaEsvjQxk6Ua8/Z4WUnzuGq54WXfW+t72to1qny1r4Zt7+ISHVbuRjgLthcAdOBkZHToTt24x8tdjofgOK/SSO3kvZhEymVmKrgHDYwfYHOOVOc5ycdlqNlFptkJLePazBMKsYUBjtAAwMADIByCcEEgV1ngWScrfSYUAEE9MFmUAD0Kg7cYzz82Oee94atTabrSbsuZq2mq1s21pdbL/ABHgQxkZKShQUU2tHZuzSe6Ts7ennufIH7QukQ6VH4VSITkraahGRIoJ3rG+cEABl9DyRnHHUcr+yBLs0bxKgkCNJrEnzsGPlkhuenBYbtuPve56enftI213dX3h6EXEdvmz1MmSUFgqtE+5Rt+XJOACcHBAOD1+d/2f9C8evp+snwvr1hY20uoTRXSyQB5biVQwEi4VipxyT0Oc89T8Zja9b+1qLhGdSUZTSlFR15owvd3Tf36L0P1DLaVOtkkJSnSpwnTptqbas1UdrpXabe3u28+h6x8WN8MeulZd5GkXz/OpwWcODkgEA7Tt6DB5HJryT9mFJJfGZTAby9HBY4YiPdJ37jGe5HfHAIr1Px54M8WWXh7WdT8Q+Jkv8aXKBDHb7QQxZXUPtX5tzcZOSDwflrlP2b/BD69q2pTW3iLUtDlgsre3M1ikLPKjqG2ymUEYBHHGSdo4ArznKu81ouVOSnGfMoaXkrKzfvbaO/Ty2PSjHDwyrEQ9tB0pxUOeMZSjGV47Lfv06q7voerftIu9vaeG2kPBt76NWwck7XwBnJOGUZwQ2R3XJq9+yL4kg0n4R+LLKSYwPc6+ZA2Au3YG3ZJxnHzcEcfgM437QfgubR9O8PNceINY1gtPPbiS/ESiJRC+SixKmS/AJwCAfU5rzj4C+DNK1vRL9Lu41cIurXESw2c7xxfKW+aVEfBLeoAIG3GFFdDq4iWce0jSXtnHlUJVLJWhG7bs1tba/wA7HNGhhnlXspV+WmpU26kabvdTfu8rad3ffs9bEvxw1OK78Pa4IpC3nagMHcpDANy20cqNwzyD97pjr137P3i99E8A2NoJoVMN9e7kkuPKZhI4IBXeuQRyCfl5ziuV+L/gTQvD/h29mtLS/ine9ihM11cySL5a8kbGbBZgM84yCFBPbe+Afgfwn4h0O0utW0+e5ke7uULLPKiHYwCAKjBVznJJHtkA8ZNYupnTkqcIVvYR9xSbioqUdmk27vVbfPS28YZfSyeMZVKjoKumpOCjNzsk1Zyfu3v717vdI89/aW1lNU8Q6DdQ3EMrLpF0JPLlEojZiNsbMpOT0AGRj8a+q/gx4o8OQfCXw1pl/qlit59jkM8b3AjliIywRkBAGc4Ckc5weDx4p+0X4U8OeG9U8JW2k6XBZpcadfSSHeZBOVHyM3mljuUAYHPtnPHuPwC0rQLn4d6XeXulae1wVu1NxNbJK8oQsoOXGMr06jAHHXFcVOliZZhiouUIVnZSW6aagtFppqnv3VnqViFhJ4DCuEJSowlFL4U7vvdOK3el3q9dUfAnxTuLe/1vULiC4Q7deup4gM+X5IlCllP8atnJIyMZ5yTj7h8N/FWzg8HaBpH23Wby3tdCs7N7fT7G5MRKJ8xDgFHx0Lc5A4O3kfMf7T2n2lhr+l/ZI7aBZrWR1S2hRA6mRcNtQAHgtyRnA3EnrX1t8OdS0W08GeGYbqaCOUaHBsDwRhpHKYLbwBk565Yt24yAcsPgZYjMKlCpW5ZU4xk5cukruPRySWktX21R2VMdDDZbh6sKDcZyUXGTTstLJtaO9k9LLe+u/wAJfFO8OpeMW16W21CGO9OYI7y3kimaKzmR0AV8H5tpOdoHOe4r7a0b42+K9R8OWlnY/D3Xbiym0i1tC8t/cxWtxCkQiV0BbyxGxUsQQuenTr88ftOTxnXfDUkLRlH06YqyKqh1O0g4A4z15YHPtX2F8PLrb4B8OxSvsD6JaKgKk7sqOM4GMdOvGOm0DPZRy2jVxlXD1KrSw/I1PROUmoNvtbXTTpa5y4jMHRwWHrQpRTrScXFSnorJttrV37O2mu+/5s/E62urj4n2V9f6cdPvrR9OY2EsyuFczbo039CCcBiB165ypP2R9j+KN2kM0OnWUEM8VuYle+keMr5SBQ480ZGDuCtkjJ6Dp8p/tATCL4vXQQhVV9KR856m5UkEtu+VSRxnp175/Q3SLu1Ww0+PzI9y2VkGLTJt2tAndmO1lHUA54zjphYXA0auJxVL2kk4TjGLUoxvqndu2t+W2ui66ir4ypTwuFlyQ5mrtSWmrV+Vq11266padfz61+11fSPE1gJVtv7Zs/FSzK8b5t1vGZWXcTyybvm3c8DuM19nXei/HLUtCuZtQ8QaRa6fd6dcLPCkSuGiaDJiBU8EoQowfvAk428/JPxDulfx7cmOSLy7PxVaySOG2qvmMF4KkZCkdMjOepNfd1r4q0RNH+zXWs6eyNYNGkCzE5kNthVAyAcOMfUkDGN1b4LB05rHrmm1TXLeMrJt2Wtu3fZdkLGY2UYYKSjF+0fMnKmm7tw7vRau+l1fbc/OLwzpupN8T/DsFhqK2F9BqFxFbXkS5MVxFKN0ig5PzNkrkDnqRgEfZOueDviHd280t78RtUZDFcpJsVEZlwxYYCgkP64zxjOSTXx/oOp2WnfF/QNQvZDDaQ6teSMY1Lny/PYrhQOWbqOOCOfSvu7UPiR4Vmgu0g+2N5kdyqH7HIwJZD0yDgYPU8jjHBFYZJhsLVpYt1LucKjUUpNWiop6xVvdvo29Hb1TvMcXiIVMIoe5TkoNtRUm7yV7XV42Wydvyt8GaXpN23jrwpp41i8gkN7dxpeQSbLmHbMxZ0kBypkwzH72C2c88/brfC+RtKvL658XeKLrGm3mYjevtkxGxxKA+GVgACMcgqc4NfEn9q22neP/AAlqTW9zdQpqF7KYogFmkDTsERAR6deDgHBU5r7xtPHrz6VdqnhvVo4ptMvh5s00arGpikXkH5sLnJULnAwR0rbJaWG+p4t1EnLmnypNvS11ZJvW7urXuvJ3UZ5UxP1vBOlNqHs4KVuX4ueN3Z66a3WiS18z4m+C3hXSPEXxMt9B1U3slnM2oK0cNxJBJmNnx86MG6gMRu5YknIBI+y/GPwN8BaZod7dx6XeTyrY3Jj+0X87hCsZKuodiflIHHt0zwfjf4Qa/wD2H8ULXVILGfUJIpdRItlZEkYu7jq54Vc84wcAnBAFfZHiT4m6prOk3dofDpgWewuYjJJeIRCWRgz4ycgFlPcnrmpyenhngcR7SClU56sVeLlZLltb1fnsldWuY5w8W8bhnTqSjSUaV/esrtpt2vd362/PRfLnwQ8NeGNX8dX+m6vpEd9bDS5pEhmkfyopEm2qVPy9B03dSM9jX1n4m+G/gux8Na9dab4esoJIdAu5FdkyyFYGIkiZslccYbp0yK+JvhTruqaX47nGk2lvdXE1rd2qLdSkJ8k7SSO20AYUqNoJAPUYG4n6v1fxb4yvtC1u1uYdKht5dEuYZCpcssflPuC8kBj0AboO54FPKFh5ZbiuakpTjOqlL2a0Ss0rq9rXXXXvrY2zadd5jhLVpQThR0u1zapPbS2id2rO9tT56/ZcsrC5+INzHdWtvcQjRbk7LiGKYKfNIDqkqMAw3YBXlSd2QMV93+MrDTbfwN4qnt7a0tmOgXiII7aAYAikBwwQ4GSBlSCOMmvzr+C9/rumeLXk8OyWUN3NpcsBkulZgIxKzOcLxlSMgluncmvqbxbffEOfwrrgvNftFtW0e4E8ENuNsiMjEqGZOOMA9M554q8pnBZZXTpuc2qq2SSdo21eyirt/mjHOaM55hQaqqNo0rptpuzWq6Wd5O7sr/O/CfsTX+o2fjDxXNpV5f2VyfDUiSXNjIY5DEJQwQshQgMc5xjHbpX2p8UPFF/qnwm+JD63qF3f3Efhvyklv7svLsV41VMFyXA6Y4POeny1+cX7NenXV/rWvCDVr+wYaSY5DYsYmmRmA2MVIyDjHX2B4zX0j4v8JLYeCfHVwdR1G9lk8MykrdXcsib1kXDeWXIPYEfMeT1PI8unRjLDwrOMVKMJNylJNyaasrdba+d1bRWO2VWVOtKlGd4tQVmrpXtq2vPVXu9derOe/Yy1fT9P1nxdNqN/aWKHTbWOLzpli8w46Lkrk8g465GOua9o/aa13QdU0LQYbLUrK6lS4naRYZ0lIPlvkkgk4BwSMADJ4ywz8b/sxeHp/E/iDVrKBRJLHpySESOcHZhQCQecYz0HfHOBXufxv8EXXhXTNIkvLaISXPnupiOSf3TH8SDgDbxgAcHivXpxUsqeISSSWvMr7Sj0stnpa+27seNWlL+0/ZS95e493ZXatru9eiWvTU4P9mHxN4e0Dw74th1TVLazll1tHiimDHzE3MGPy4H8JPJ7BTgCu8+NnifQta+Hvi1NJvkuitpGpEcJVFYkEHeOCGzk7Tjrt5IJ8v8A2YPD9lq1l4skutPFz9n1IMN9uZdpaVwQAVYAsW3EknkYHpXtPxg8MxaT8MPG32a1ihiks0nLxQpHsBwRnCgj+6RgZyc56DjjibZRq4WlTnFK15LW61v19bWfzOz6pfHxfLKylFXTSsmo2fk0m9XZW26I4X9kj4i+EvBPgzVLXX7q4W8m1YSQLbWstwGiZUHJi5AwDnOTjtkV6d+0r8SfBniz4ZX2neHLfUPPsr2K6vLieynhRIpASMyug3EHJAyAADx6eH/sueFpNT8M3d09tJPAuo7TIIlYIwO4ZkIIGQen64BFeu/HLS57P4XeLnVI41VreIhUCM684x8oyODx/CeM84rWTl/YEJ88YxdK6ild2Vmt3be226towhSpzziSUJc0Zx97m2aUXta6a5dXpfpdHlX7K/i/StM+Heq2MyXM9yNenkJjiZ0CnACsWBHToOwI9DXuureNYiJJINKumARAGfEYGcgknqAe+7k9ABxj5x/ZX0x7rwdrpgjeZhrBUhV6EgHnAwB0+UbfYcgj6guvCGqynyPIkH2iMBN5CgZX7x6ZG05AIIzjnNdGV1qkssw6jJP3UrxjdpN6dF5a20vo76Hm5tSpLGVItNy54u6bsm4wsmu2t9e70b265davfE3gnRppLJbGGHW4YVIzIJiAvzEcgYHUbckjJxnNfNP7RV5Z2Xw91iyv5bM3DaostkJwFu18txl7c58wY5X5TjgDkZA9j16LWvC3gbR1jnMBi8Ql5U3BwwiYM2V4ALDGCOoyV5O4+ZftFfB7U/iNpnhnWNEmga9s9PFxcWAchb9rpSFA3HAlDHq2doxz0rgzN1KklRSc5PeLb9/mUb6Wvp3373bPoMp5MPT9uuaLitJN7Kysui063t2PgCw+KHjDSmht7e/fUNIQRTC0vDlI5IgNpDMTJhSejE5xkZ6n2jUf2mdV8Qw6JJqljZadqWkGOFdT03zFaWCKNVSKVY2GQABuLDueeSB4BqPhi/8ADd5daZrmmXdlfWsjLJBcxvGCoGB5LHCuoB4IbJX1HJzkFnZpJlRmQbirJj5s8BcjGMYB554GP4a8mvllDFUfq+JpqNOSTlB73vFK9+z8+vme1R4ixOHcalCU1UTXv81+W3I1tdOzva7ttrqeteMviIPGFubOeF/tMl2bpXMxMJTbnMYZvkZzgtk85IOcCvJL2zv2MKxwRw+c/wAu51If5iQwBx6846HpWXPcpMUMzlAAwjZcZU84BKgZA754PAwua1v7SkUWyXYL4CeRMp6DBxnHRgFL8nnHZiSMqGUYXA03Tw8pKnJJpJ3SvayettnZJp+Vnc1x2d4nNnGpiPfrrlje191Hfyd9HZJvmu7pJcpc6Zi6u2ubna8coiZFXgyBQeOCMZHI77gV6Vzcl1dBWAmKBd+Ag+9sfA7E8Y6DJ5OA2eOk1O4aXUd24kTvJPweojUxg447DpnoMcg1xrlczksMqWCjPQGTOcdNxBK468dOFavJp256sW5K0mr31drN7PRWd7XXp0Nq1Vww9JR91tX1vf7LaV9Vv00TS6HpHwy8JT/EPxSnh2TVm04yWE08VzJuZVkRWKo+McMwx25J7813msfDb4o+BWaSKD+1dOVspeaeWufMiUkbmhw5DEDO3CggknHSqX7OSk/EW2Yhstp1x/eyQwbngegyQMkg88V9uvf3RiVIWHkpOYXjfj/lpnBB27gVxgt1zjoOftsn4SwOd5VKvUnOGIVRxjVi72VoNc8XdO999+70PiM242xuQ5lSw1OEatGVGE5Re6d9Wnq1fTzfZnwlY/EnWNNleG9t3SRGy8ckT2kyccKj4Qoc8/eByepFfQPgT9qLxZ4eFvHp/iK9jto2/wCQfqkj3FoQMDhyThQMgHIC9sDk9+nhzwz4k13xRb65oFrex+XbCHbGsTx5VSSjxhSDj5jgjJycc1wWufs5+Fbp5H0HULvSbgKzrDI3m28bEnCkcttBOPU5OcknPDLgDPMND2+X4iNeEZyXIpOE7Kys18N2rLTv2PXw/ibktepHDZjF0JyjCT54c0PejF7q0k1r0Vrn1JpX7X/h/WdPWz8ZaBbkMY0N9pxSWEyAgtO8W1pAWYbjgd/ukjB9x0rxt8FfHlvZJb31hbzTKokS922M0ku3aNrNsU5GBleSck1+QHiL4P8AjzwxHLdWcttqdpG8aeZBI0bkuflUx5AbecAZ6ZBPoeaOs+LPDcottV07VdMeHblbi3l8pdwzuSUAyDIOQQQCDvVQCQPMqYzPcnmoY3CV4Shpdxl5PdLl6bq938j6KnUyDOaXPhsRQkqnwuMoNOS5dk7aq+qVnf7j9q7z4OaddRq+iaghjmLyqVkS5hIYjy1RgxAznjPHII5ya8e1z4J6rFreowzaW97IunwzLLaEbzGmW3yqoOCpxhuowcrzmvgnwf8AHrxf4cljl0bxPqVg6MrCKWd7u2cDACmKVnKITgEHkck8DB+r/BP7b3inTdQN74n0bTtf82xFm89m4gujF0Yspwrtk8ALz1PNeth+NNKUXOpSnTlGT5+WS0s7dX1Sat0aaZ49fgzD1Z1JRhSqwqRcfdSTafKtOl7W0vp1TuUb/wAI3tje+Sk09uoYbor1JFMbLgldxG35W5Yggnbu5xS6xDrKeHUtpohc51q0kSWCTLxxLuEYKDJy+SG6YA+btn360/aR+CXxAmtbbU4X0HUJCBOmpwqIVkkLBv36hVxgnktlcr3xnuZ/hl4E8UQ2l74Z123neW/tnibTruKeBNpLIWiRsnHzAA4wCAACDn6aHF6xOFnSnVp1Iz5WkuVTbTjpa7aSbvfTX8fkavh9hsNmFLF0qVSnVg7p2tT1t2SbXd3tda72fyFF4h1izaK3ujKottyRx3aFTGhOQpcnt8oHp255r0Xwl8Tb3StLv9CFhBcWmqXjTtds+6W33IQ+B8y45+Xj5QMgg7TXsfif4V69Yfamn0u11W3GYwyoqs+0AJwBuDFcEhTnr8xzz5VN4AjswjPY3mlXEkrHDQuYuVzgdio4weduRjHGPTwuPwOJjTVZtctnCzVuZRjZ3Wl0nv3ODG5LmeGlUdFc6mmm7dNOmrennd6PoeS6cwje9MLMfM1u4lBLlSQ5zh27g4HUbePu7eD3EDTmN5oZmhljGYwCTlsc9sE9iMHGOTXHL4d1myudRAt3uIIr9z5qLgENyoCnJBxjHQ5yvqKclxeWcjRzw3G1nz8xZWBwBuCnv0x/tA4GRkexSlTdKHvRbk1tJbNWTdn5pt63d3tt8ZiMPjaOJnN0KjSUY31STShr5q/Z6W1fQt60JtQ1LwuNUWO5iN3cbhLGrK6sm3a4cHcMc9+GIyNwpl38NvAniKacXWhWfmQ+Y0rwqYHB3khlAKIevygLyAGHXBrTajbz6lo4kLKkVzJGzznAj+UDKg8+xIIxxnnmuujsrZpHmt7gZm8zc0cq7WXJ/hySMngjHPfHUcEcFhcRVxca9KhWTcdJwg5XcY7Np2eiTtda2WyR34jM8fhcPl/sKlei1CUpOnJp6SWl1ZN36ebPnPxN8F/CsZnk0i8vLMwLJJs8zzIyUUkAZHIOVGOeAVPXNeWD4bfEC0t4r3TDHqNjIGkEUT4lVFZvvIcsWOGHygd8DnFfWes2clq10C25JLeZlyoBwIzkn+706nrweTnE+hWd1/ZOnPZkq8kLj5yOMsSMEHPfPJGMhe+D4+P4KyjG1KcY0XhZODlKdJ2SfNFK0XdbPZtXveXl15N4iZ5g/a+1qyxUI1ow5a0X7sbLRSVpJtrRXau32R8YpruvaFeIl/YX1lcQkZmCTWkuWJAYSRhd23kgg8dfvDj1rwz8evF+gRF7TXrqeJSPMtdTL3UZUEEKHOWUduGB5xnPT6WXR4rh/K1fSbO/VmAcyQRyHaEJGWdWcZPIIIwcEDjNfOPj34d6VqVhc3mj6aumXh1SS2jEDMsRjU4AZck4Y4PTufkAr5bG8CZjg+aeWYyVXlUnyXlCeiTsmnZvW1rbrpZJ/oeX+JWAxLhSzPD+ycuVc6XPFN8rtZrnWuvW1rNrU+kfBP7XvidTbwae+juWQG70+5DqsgJ+cW7uflLqpAUkYyMYDbq99+Gf7Wfh+y8Zapp3jTSZtI07xUlrbR3bKJLS1cMoMdxuU7rZjltx2gDcSeCK/K3V/h34k8CX1i/iK1lt01C0iuLC8hR/skm8AoouUUgTEsMqW3AcY5rYt/Ft1BeJp+rINQsFCbhLg3NuAvzFG5BIGdu47SQBnqK/PMXjszwGJjSrSlGph6ibpVFq6iau02rau26t0R+p5dDK8zwvtIwjOliKaUasHpyScFpduK7u/ppoz+ijVPA41vwj4nHw81G3nsPF+lwR/ZYLgT6dOFCzM9q6Hy0LdTGMFWypyMivnPw/ol74btPDOm3VvJb6tY2uvWt1byxmCZl859sqM2NybQzKQORyGAAFfDfwT/aP8d/CG6t7zQNZn8T+AzKr6l4auXMlzZxDAllsd+4xvGOiqArdPU1+pGh+NPhr+0npumeIfDGqLb6pbWVzC8QlSLVrW5miZJIby0UrIQjNjeFweG6lsfU5LxPTxNV4bE8sJVp05VG3aXNZRvtqndJ63sk+rR87nHC1TDU5V8MnOMINwUXZauLv15Zb91d2R8b/AB08I6V408LanaalplvDrOiaPb3eka9BGkd5H5jqG+0lVDTw5chVOcg5XrtH5veI/h34s8DmAa9YSvpWrwtLp2qwxs+n3KgHKrKAUjnHG5NwO7qDjcf0s+Ivwj+KXhrXr2Bbx/Eml3FpArLbNlpLASjzLby2JLPDuxsByFG7djIHqVl4T0nxH8JbLw7r+mxXlrFq1/bvb3MQ8y13RuVCSYDxv5mOhUEjOOa9jN+GMJm9OVfCNUa6sqc04uM5S1tK2iTTSvpfrdWPAyziLF5VVhSxMZ1aLduRv36S0u4t2a1WkXo9Nbar8Q7DU0WSXSryL7XZvKDliWntXB4ljfO5VUgY2twM88mvuP8AZ7/at8V/BqW10rxBNP4z+HkcmDplxJ517Zxsu3z7GaQsZERCQ1tIXGR8oBwT5L4p/Zp8TaddXOs+Eojq9g02pr/ZY+fVIhZSMHijhGWuAFBZVQFwoLHoCfAbOe800XUWp28sUMc7xSQSI8U9nMrYdTC+GRgygMpwCAa/LcThsZlGK9nVU6NSm37y5nCdnFp8y01STvdNrQ/SMJisNmeGjOLVWlNN2d+aKtH409Yyet/TR2sf0B6c3gX42+E7LxT8LtXtGlhvJL19HDAfZGdG8y3vLMES20qlmVWKrGW5A5JPn3ijTNS0uD4aRzQvHPp/iC6S8iLBXtWKsPNUnIZSSu0jOCy9xivyO+HPxU8afDDXrTxL4J1p9Lun2LIEYnTtRTPNvqFtkx5dRsMpTd75zn9cPht8dfh3+0Zpdl4X1+W18GfEC0SO5FneSrFaX+pQYIu7C43L5iSkEGDcWweVOMj7bJeKKc4LC4yT5pWam7J7KNk9tF71nba+10fIZzws5TeKwcd9Zwikrrq3FXadno1pvdXOq+J3gXTPG+k/DDTvE9ql7p93qL21xbysoVllD4EZOPLkJ5VgQeAM81+Xvx1/Z81/4V+LNXl8KebqvhyCF9WkZQXvNItJWYCKRhy8UYBBYBhjacjBI/XHxzd6nDb+ANN1jTZNPksfFUMcd9bRtJBNGQUilVwuEWXG5QxBAYZJyDXGXtlHqfxKuLTU7I32nXmg3VlcRToAsyxH5lkRlAZCrA7cFRu9+focwyrB5zh73jCUdaVeOsotK65nrzRdldarbVM+ewWaYzJ67S5nFOPtaM20l70NVF6p8t0pKyt6n4cWusG5iSJhDJLMQGhKnbMrHO7YDjcB1DDPBJxwK+g/gx8cfG/wU1iKbQrm51Hww88cur+GLmZntLmHd+8eyLE+ROo5XYQh4yDnB9K+Nn7Lgm8Wa1qXw3gjs547mKS20B32W8ryjc4tTkCNupAJVdx28jIr5DgXVtJ1S/0LxHaXFnf2VzJDNDLGyTx3EZwQMgCRAckMmQeG9z+Y4/LcwyXERlO8bSvSq0/gmlZ79L3V1pZH6Rl2YYDOKUotqTaSlTn8Ssk2m/yaeju922ful4Y8QfDP9pzwRc3fg7VI9E8SW88VybJpUh1OwvMjzPPtFwZ0DMVEwT5kOSOzZul+Fdd8M6F458LeIo5BewtcXi3LITb3lu0ICTRyY2lmcZPIK/NkA1+OPh3xF4g8D6tYeL/But3Oj6xZTIYrm2dljn2MGaK7hB2SRsCEYupUgkYB6/rr+z5+174J+LNpP4D+MEVn4d8UaxY/ZF1i5ZIdL1MBSFaG6Yg2txK3VWYJk4VTjB+qyTiiM+XD4pWm7KLv7t7Jcy6Xvvr31T0Pn864XcVPEYTolJxWrauntq2t1d6732IPEsdnf/DTTYdRsY5hFFYoYrhEMNxCLgptIZSM4H3hnHBOc4Px18dfg9L4HvrPxD4XkVdO1WGK7l0lGLyWUc6D5YOcyIzZGOQo5HIJP6leOfhFcWnwa1C+0jytbs9ISB4fs5ElyLJbtnjkjZBiSFUIKyISDjPOefjP4+m9sLX4elD9ie5sYJ4pNRjJiKwojR+YWAJhVydwwcL8xHII9HO6GCzDAVqrjFzpq1OondxnHlkndWurSTd73T7o8XKcVisux9Ck3KEZytOndqFSNk4rtfTdPR3vu2/kPwldXEk0FsqfZ7pHIVipUsSuSsikDDdVJIOMYHOTX9dv/Bv/AONbzVfhX8dPBlxOsiaD4nsdSgtEZmFuJ7dIGIDZWMO3zkLgEknkkV+AfxL/AGR/EF/4i8A6p8P7N0h8U+B18W+ItVhikXSYprS3W4v3sWztkHkKzbU4yTleOP6iP+CP/wAHfAnwu8F/E9vCNncpe6yvh2fWb67LLJfTzafbSyTKHbKxeax2cDIOT2r8EzGrRUqUlH2ntJuEKkEnDmj2k+ukvlfY/cMLN1MLNXSnGNOrKnJpTUGqdrx33a6a99D9fA53BeFYA5Ujk5HBYDoRnOQACSNxwORmBLMxIOB1OSenIOMcjkfTPJwTPLGsZz8wOABszjHQduw5+nXIGKquBuJDZIA3HAHUd8dABjHPXHWuXnVkuiST03emnyW93rfZ63m8Xe6f3W16q7vdarV69r6gdp6c8d/U9c++Mjnvn0GImxweu0nIz3JHbuAD3xggdTikycbgeO+PXdhgMjOMg9RjI9cU3HXvuH5nIznPzEdMDCt/Kqi0rfE9umt/dWyfS9rJrVd91a2lrbdLdF+Ssvl2Dg5xkcLjPU8ZPQDGMnj1ycmjj5hwOOhyQxyPqc8EnbzwcDmjBAPcjHRTznAPU9eQPYkdwaMDggklRzxkjtg4GecZ5wT1PQZa11XRp6d7xf59/PqwGqoJBI6kEHuoAY8jgZxjIbOTnj5aQhV5APIJJwdpGQNo4HsM/j93q7PGPmIAK8Ng8nnPB69yOQBxzTMgFAASw+UnkcDPJ6D8OexwMg1cYyvrJSsrW+d3ba2jas9pN3vYhtdHZtKS07tPXS+tvzv0s8KvBXOCASvTpz3546gZ7cg80wrgjGcnOOnHA7enPX8s0oUjnjHfByP9naTx+pJO4mlcfKc5OAuOCcHpknqRj8Bz1AydFZXV9dFa+uyV3bXm1V325dTNpL9em2nXyWra3v0RCR2x7jOM9euOvtgZIPNMJOAAcsCB7YwO+Wz3PXjGc9zLtUHb0JGAMdMjg7uQSOSMjkkckmnpHjJXued2Sfp0PUd8f3RkNROSjrZ6b6X7K3rd+jfazEldpLV6Wte97pW7vz7crevRjN8q47jAAAByemSMbs4OeFJPYHAoD/KAcZBIbgsFx/D97aO3IJ3EY5NTiNkGWOSSOeAD68ckKQcHqM8HtTSjKOnBbP15zgnpkYIBOAR7EES5xktO9k++zb2211TWytqOPXfu3bZe61a1tPO/XcaXwAR93dkAY5IOCMcdg3HoPXFN4yADgljtIP3c9+cEgHkHgD0wQocFBTHGMHBI5BHGQDz3ODznrzksHeXlACPm2MT6Enk5OCcgn8icZJJFae6r72StdK2i2eyWnmlez70k7tvdJbPXo1e3XR6O+q1tcThQBgfdIHXPPGW5+bJA5AOMcYpyhsDO3P3eeMZOMKMgDgHnJGMnJ5IURsCH4yeSc/LheOM4OOpOO3OcdZAqnDHuCwI9TkAkgcA47dCcA4OKbS5V73MrXWibbjZa3W7b337LcI+SS26tWT5Wmnrt3XVPTRJgQg7ScY28djtyTxj7o64PX3JppUbsD1J4GAen+1nB5AzyCOcjBMwBB4Az/dJAJ4O4jt06HPBxnBPLcE8nnAZeOpJIxjkAHCgHGMcY4pW97mXvJNq6Wi91db6auyut7tJvQq1o22e1m+7i/wBLtJOys76kAQEY5wuCVJAwxPfpkLwcZ7c5zwuQCFBYHhmO0kAAcYP8PPOSAfTIyKcBwxXKsdoIHbDc89z6c4z9eG/IWOCTtALDHIxkA4HUYBJOM555JJBzLW97bX+UbRsvhet923J92ZcqXI/S/XytfslurWWil1Y84LEMQx6ZA5OMk5x+GO5y3fOUVACcngEZz2BHB4xk5JGDzzlVwM0oOOeCDz3456MxJOepwPlywGD0pGUEjBOCQpzxu6lgffPXBPQYJpxTSSsvNfc+lrdVp69xvRu+1lbXV3te9731ta6WjVraIkUDGR0yQCRxyfu7h19c8AYzjnIk2qWOCGA3ehx19MHgdyfyyKiBGDgA8tgZxxjGeMDOcHI64Ax0JcCpUepyeB3wTwcYI4JJBP68VdaK3Xuu2u/V28/QVm+uyT1TWjcfRdr/ANJgCsQMD7uOAMHnH5evOPXFIy5I25OGUZBA5XGQfTnBxwT75JqVVBAOFyCSOSCR1wSOR/UjGTilVTkKcZBJIJI9eSeD3/LJGeMTzK9lva2nS1ru/d+ndX3skrJddvPtbTt57fi3F0AyuOckAEcYwo4wOMd8gA98GpFIwSW6ZIHXGcDqDkHoRgYBHYgUm1ztbacHK5BHX/Z9COnHT0B5DhHySRhQGAA55UgDDZPAGe/oMEjinK+jeiel7t62XRdLfK/mr6xbtZK/m7ppaW9V5drsYFA6H2OMEtkfNx0HDZ6HIwQCOChXCgAHkbgzHux3A7SdwBBBAOOhwcDAcVPykg56hupOTnPHBC4x3OcY/ioDEbQc8ccnJyOh5PBzkA+56ZIou1rsvdVk1e9lfVaNLbyTu1dju22ryVtVJaX2tdbuytu9G73ZEyls4GTjIwNx/wABknoegz1OBTMFch85AAJZQxyOByBz3x6dOhwbBU4DBju3A4P93rjIPX6EYxkZpChbcRnnJIUZO5ewJ29R17Z49ye0tZvvZO2tmrvWS0V0ns18lYlXd1a217d16Prs9bdNIqxTMbjjPy4wCDjJOcDnOMk4zx2INKynvwWXOQMdOue2fUdT3zmp9hYA52tg8jLEcHg9MnrjGT9eKdtzgbjgrjnBPHOB1IOMHIKnrgDFX7Tstbvra3w2/C+3V+WqV9N7JJx1V27q7sldNPms/wANCvtxw2OueQOQeOSBk8YGAfXng5CvAA3Ec/KPQnIz15Oc56ZAz92lYMApHbr14APr69eP5AcoofknIC5buOBg4OM8noBnnIz2JrnVr3eultL2VunbTrqultATi3Z80nZLVJ6Xjpd3Tu7Xb6qTXLdEQRuDkgYPHH/jw6jr2I/rSlOyjORgAdQQCcn6LyCeucfWXaxKknjkYBUHA3Y/E/3c/wAuVVCAAVJO5iCXxkAEYOccg8gHaT1OOlT7RW2W6u0726W26db72Wy1BwgktH0vdXdk46dtbu9rK/XoR4QqMqQd2SOSMY9CMdfx6YI4xHtUkDaRyTxyTnJyAcY5JAHYdSKtFTwTyeQex7g45AyM/wAQ5GDjpTdoODgqM8KvJPzHPTue+4YHbORmYzabve1vXWyvr23t362Elflta0XfWNtHyvu7PTq1pJNJe6VsAheeV3ADJOQMkdM9QB6DgDIxkvC4KkjBA4GOmc9R2HOQMjOOmOKmEQxkBk4J9c5JO75gTnvjb0yBwDSOirk8nKg78HGRzyMA8YI7c1SqLZq7a1UdW17tuZO1rdtWvPS1OnCyeivy7NtNaK1uz013vq/OBlydwPIZs5GPUYyMnkfXk/XKLv8AmGTxggAdh35AJHPI46kgg5qQqTnGQCOg45PUnA3HPGOvoOeaXyzkDn1IBAOQTjv0HfkZ6YHFac0U046fDdbX2slf8LvfTQahFaK+qWt7JpW103ve/VNq2yI1ZgAQMrnk5BGM55Hp9O4PJOaRsjB5AHU4PDHnJyoHPIz0yMc8VKIyFK4wACSdx47nAA6evG3Bz1ph+4QMgFckZJBGSeTgnGRkZJweO1aLlerd+ju9tV5Lbq+r03ZPJGMXJp7ap9G0uiS0VtbNau9iIgEjIxg9SDycfQYIH1BHr2acNwOOhPf0GTg8AH7uRzhce0wU5U7QQB0JwemCWPOTk5CnnjPrhTENxwcFiR0wSeeueQR056HOeazkk0+VtdVdf4fk/u01a7ueRvpbys0r2XvXTu3drVrT3tHaxWIIIA3EbgSQAQMhiAeDn3weCRxzimOh4AwcggE9d3b149z0P1q2qkYGSA3JPfC56DAxk4H55OaaUO4sSevDHp3AAGCAOOR0OME0oqUUlzNq+l2/K+t1rtd3XRlRg3e6tvZb62i21p0sk2m9b+TKhjPOQCWGMk45BOenGAT3GCck54NNKuMjg7iCO4/iOSOcAc8njkjBq2RnPHU5OeBjjpxkHpjvjOaaVOfl4U8Yz82T2+8ARnGT04z2wbUuV3td8y2u36Xu9L6+a3b0Dlqa6tWtqmtdvzbdr232uyrlwMFRkbjkYJGTwckdxn7vTnkc4Upuycn5VAKrx26jOT6H+LHT2M6wjaylRg4VQx5P/wCojjPQcZzml8vnLZBI+bBzyGPTtjkD+HJ49cP2i0TVtr76LTrbVt7p2dn2sOMN3y3uujSdotddVa3Tyv8AZK5XJGCQQzZ7EADgHjvkgf06AU4C7k65HowGe2Op54JPt0qxsVtwO4EDkY5ySRzjBx1GM5DZ78U0oB064CgjqBnOenbg9eDglsYNOM07LulrfTv1dvnd38wtNWst9JXlf+Xu35/zPz2ZCQGAAcgknB2ruweo2nJPJyOpDYwMVXkXa2ASOSMcD5eMHoMhuTn5R1464snjBIz26MCSuBkEA45Kngc9ct0qBgxz5nIyM89ADwQVAJGMHA6EHHAwumulru70000dnrbb1dvlcORO0pX9572esbqybb2TSs76LTXW9UqCeVOVJ9icHr7c8jA5weCeKFBGTj5gA2MjndgDac+nsBwzCrDhDtLZJ3crg4bAGBzjPT7w4Uds5NRGINl1IIIbjkEEn379DkkY5ztyMPTbtu9H0W2uuvZ9XtZopJJ+7bmWis0rNJW913803tu27oRQWwTnORgdAO2G7nj09Qeg5mKYA9s5BHIJz8w5OcAYOMkYOcEVCqnAUYPKhccHnI7HqckDHTI4GamKSYxz3HBHQde3Tnk/gSDSEndO0X0a66pqy6XWi21VvJsY3AZSeNuCDjvn0OCCTwfXjOM1WPIABHYc/wCzwQcdhjgjOc45JBq0V3ZO3Axj3wBnOOMr3IzyOvUgQuo3YCkgKCMHHJODnqMdxggA7e+aCnCT1a3bXyundW3Wt7vS+61uWrL5Zrl1P3dNvmJ28fLbSZyTkgAZB4GQOmMY/hl+NhNx8S/iTIQuf+FheOCWYsNyfbrzABHoxBOCDxgEjiv7nLcGNL8ZJC6VqXJAAJ+yTHHHPHHQj3Izmv4WfjaksXj74lTYBI8V+ObnjkljqtyoxgEk4PHHqByOfWyl2qy21cd9rNrRt3Wm+yfa4KMpU6ui2gnstn02X3drWb1Pyv8Aj5HNPZIhKkxwTXBJOVCJG0eeAM5JA+bAGSCMCv6Yf2EpdN0D9kr4K65rl/ZaVomjeEdX1PVNTvJ0trawtzIWe5lllZVVRHuGTjccYwK/mY+L7G9SdZTKkP8AZEr+YAdkf94yEZACjJBYjPAx0x9c/Df4j/Ff9tzQfhh+yD8DZdV8LfCDwN4bs4viT4sIeFdXlyh1Fbm5jC4gjAdLe0DjzG2sylcg9ONqclZWSk+a8Yuzba5dV1UU7p3d7K2tzDDUovmcpPlekm3po1Z2bWmvu6PzufUH7Q37QfxT/b18fXX7Nn7Lz6jo/wAGtFu0s/iD8UYVmittStnvFS7UXQ27LNkDiKJX3zblbla+nTH8AP8Agm58GvFFtY3FlarpkmkXV7qDmE+IPGmupb5ltrZBm5aC5nztjXKkNg4YDG94v134Df8ABPH4Fap4Q0aK1tHt7bSriC1gCP4k8ca8FjKLKEzO8dxcAELgoAQoAJzXyz8DP2V/H37V/iLXf2rv2rLW8Tw9b3Fpq3wu+El2ZI7K3txPG1jqWsWbYDRohURRSJ+8yDg4auampz5lJKM3q2tUkrWSdtLaaL5XbTU1FCnLnhe2ii3o9LRT2Vo2s1+utuY8D/s4/GP9vrxrH+03+0mupeDPgY+q2svw6+FbebbXut2dvKtzYXl5asFEVpL5avI8qbphgI+0tjpv+Cn9vaad8QvCWk6XaQWGm2HwPntbaytl2wwwIkSwQxIuAqqseBjjPzY5wf3N1WxtofDej2NtDHDaWem6attaRRpFBbrHZMkcMESBY4441VdqKFAA44Jr8Kf+CpJkb4yaLbbSPK+CsRdd3QvhdzYIwMtnB6ZyByBX1nDSlDH0VHVckm7WunJJtbbXvbfXV6KJ81xBd4KpOSjZuDvo03dO+vvfhtd77/CXwv8AEkOjfD7w7bPayM72j7JVXKmRnIIPHOc889TuB5JHln7TV/HcfCvVUG9t93bNxkAFmBbapxkqcDIyAOc8V9H/AAP0PwrqfwU1i610wtrWkWEyaDG90kMouVdd22Nm/fbichVDN1Iz1HzP+0Qjf8K31lWWNCrWv3mOVIKg4GRjAOMjk5wRniv1qGIjicJi6cYThLCwdJuUbKd4QtKNt153V3du1z8XqYVUMww9TnhUjXqqraLjeKclbmttrrZrt3V+0+C149l4U8NwR75ZH0CwMakvhCV2nkZ4IwHPHTj72R9EXlrO9i8s5VX8qUhGBBYGKU4UnHzLxjjk89enjHwOgDeFvDczxxlR4dsoy23JXAB+X5enYk5bgd+n0nex2r26+WE3CM5VwSP9UclgxHAxnoMH6EndSdLDwjypt0lu2rNpd7K67230STOGrSjLEyndJe1in0+3dtbtWs15Xtoec/sE/B3WfiXr+p6FpdpO11rHjnV7CzMYBVpGlUAFQCepxk4xzgZ5r9vPEn/BNT4i6DbwynTb24uktZXaA3UUeJBFvLKTgYAByo5HTGAK/Kz/AIJ3+Kta8H+MLHXNFtLvULrRfihfap9i090hkuktZ1M8AdsKpkjJ2jqzAAdcV/YDq37dnwR0/T45NQ8J+MbjULrSkaWK90tsW95NZlZYvOcFDHHKxG9SoIGc8ivyDiPOs3y2tgaeBpudKdKpzxjG7UlUso3T0XK1Z2s7O7Vtf0fL8pwWL+sTrv33UhyybtypQg7reyUtdt1ruz+HL4PfCjWtS+M37Q2nxWWr3c3h3xN9hvYtPsZ7treSOXy3Erwqdi5QqHOM8MAeQPf5Pg/qFvcFLqC9tfKjYuZ4zHMpyceZE670OdvDDO4YXknH1R+w3+3B8P8A9nX9oT9tPVte8DWniKz+Ivjvz9OluxpqxaX5N9JMEdrxGUq0bKGMZxkkEDHP0f8AFj9vH9mbxv4lvvFP/Cu/CGl315pxt5EXWLGNTKqhfOaGJhCj5G8BVK5O5jnJr2Mtz/OaMqdB5RUlh1yy+sRqRUXOSjOScJta3bV1dJr0S4cfkuCrp11juWt8PsXCTtGPLGFppauyXNs9ddL3/n38WeDrk/tWeGdHiM7Snwc8iF4WDMpkJyOp6jI4yxxxgV9xwfCfWZIfMS3vJVihiZylm5A6ck49edxAUH1zkeL+KPjR8Ode/be8N+N4H8P6f4cs/B72cmL2A2EcyMWWJpzmNXIyuSdw6ADg1+mmp/ttfs9afpX2W11jwpb3bWkcJb7fZsgYIyMWWM5xnnjHXvgY+ijm2OhBOjhryrVfaVby0p3UFZteXy1sux85icooVpU/a1Hy0qEYxUYSblFO6d9NtUnv2TPxl/ar0+4tLLwFanCuPG1lEyeUVf8AdyxEbgecEA55PGSPb9AtM8I3VtoDajNdrFHBolpdxF4h5ZZbZGAQ7QVbgAc5wM9QcfnH+1P8UvBXi7VvDl1o/iHTNSig8af2jdyWDh0trYuhBwCwwg5AI+Yg4717nf8A7ZXgV/Cb6PHrjSlLa2s/ksrkvsijVGDYUgqwBwQxBJ3E8HPZUrVKmIqulXhSXs6Lrc0leXuxVrNpPeV9nfW+h00MPThl2Fp1aNWo4yr+ztGVoLmik2rKyejV9Gr72KX7RevXmufCLxLbTy2ru50dDFFEApRNRjGHwPmLBecZGSoIwef0B/bN1fTl+Hf7LulaH4QPh62X4TeGru91KGAW9vql5FplvE7gKqq5BG5sAsSSeh5/Hj4lfHzwJrXgrXbHSxeveXRsfKEmnXH2dWgmWQ+Y+0Y3bSVBIBPYDBb7O+Kv/BQLwT8Xvhr8HvDl18PvGf8AaPw38M6Zo25rRRpl7bQWSRObfbGJP30qCVSxYFSCMA5HlYqNR53l2Ip81ejRp1Pa+yu3B1IKMXJXa5ea73step6mWQp0srxVCvalKtVUouVld+47pycbX9E9DzKzke7uYA6zTTTTNFHbWrPLJNJISEWNFySTuGB/eJxzXRfAzwrqmm+BtSjl07ULFb/xjrjxzTwuArx3UhaLcy4SQYwV6qMnoMV5dpf7UnhrQ9RtNWsPgt4ju2sZTcW5XbFIksbF0k/eKEKqfmGcqMEEHHGv8Kv29vEg0zVtJvvhfqPibw/L4i1fUI4FNpbvZ3t9JK7QGXYHymcMQRlsjBXIHVjcTiqmNwSwmGqVVyVE42aaT5XJ3ktbJaW0SaSfQ78BDLYYXGfWMZSppToWd01dbqTWl73W93bbQ9H8MTyQ/E+3k81nkVpzK3mheYgUwTngKAAVJIBznBzXK/sV+HZvFXxm/aduI3BfShe6osSqZGumjujGIhzwrdQfbggEkeMN8X/FX/CZTeJNM+F16sNw0zRafLqEEcdqLh2GNx+8AG5J3dOME1w3wJ+OHxK+FPxC+KupeE/CNndaj4seS01m1urwINOt7ljMRAyMBJ8+O+BglTnmnXoYtzoVIU60K7cYQTjNr3bSevLqrX69Lt6XOKWJwLhVp89KpRgryftI8rTcEnppbW+ybe1un3zZ+M9QbxONGnW2sYje3ccrszO8BikwVJGGBLBuCAAQCAAMV4N8dbWBvjV+z5JbzG6M2tamWaIMQHCtwOCcAFjwe46mvKIvHfxYuNR1TUx4Y0e3uLySe6ZpLknZLM2/zQxbgliMqDxljkg8YN/8QPHz/E34RXnixfDtjcaXqF7JoxCyzQJI8bAvdqp3MAQC+MtkEDoa96tTrzwVJzozjKFag5uUGuZqrC1neyV0076t76bfL0PqsMdUlTq0ZRlSruPLNPljKFpOy6Pfdu3TVM/b39l/9sHxR+yl4h1nVtF0Gy1m31uxk07UtN1TciTQxMpjeB4ypjYNjcOCwG0ggCvh/wD4KK/tH+I/2j7XxD4u1+00nSpdS1PRhDp+mW4traygt54xEHKhTJPtyXlLEuW5PBz4R8Xb34paveWGueH/AIjeGha3Vmi39ho9hPHDBMDgvi4DkuwJzgDLZPSvmX4sP4xtvApk1jxa+qC61PT4Hga1SNUkLgiVGABYKfrkcYJOK8bF5ByY3FZrPA1o1JU0nXdrWXKk7c9rpJJNa266Hu4POqMcNQy6ljKDs0lTjGpKUlK0uVS5eXX3r6u2vc++fC/jK0sPD+lW4iZpF02xhYxKcMVgQZUkbfoN3AwB0qr4t8UyXnhnxNbwWj+ZcaDqSqZMDO6BwMK3JOSDwAR6Y+78ead4Y8ZXGk2JPxN1m2E9vbzeTDBb4jV40wiMYzgKAMY42j5lx0i8Q+C/E0ejajP/AMLK8U3HkWVzIY1WEQsEiZtjFVB2N8wIxkZPBOc/Szw+Klh7/U6ko+wdpOdLVKmtrSb0T6pJNLbRnyEauE+srnx1NSVdXiqdW2ko3WsV16t2072Pvn9iz4ueOPA/w+8AaVr/AIz8Y6V4ThuLu4awsru4OmWML3LlxLapIYzbsAPOjKAFeCpGM/Wfj/Xf2nPFdzqvxE+FXwg8TeMPhlFO13ceMtP0GT/hGp7OONlu9RSCGIFzagb5QmFJ5c4Nfix8KfDmtah4I0a5PjLxJDBfWs4lsVu9ttGju6MqKcBd4BZwu0Atjscfd/w6/ae/ad+GnwluvgR4N+OvjTSPhpqC3UFxoFr9mlMFvegreRR3UqvKkVwjFGAfAXAAHAr88xnCeY82Ex2S4TC0MRNf7RKrUcfa0q1pTk+SKvPd+82rtb7P9EwfFGXRji8DmlariaMFy0VGlFOlOm4qMVKWqTa1s9bX6nzp+zx4z8aaprXxml8yzhSTx/eahdTFFjjkuJm2yrErYdVUoEKN8yMuGIwMe7Xev6zLdSG71iztiCwDmWNVKnHCktwWyQST3Oc5r88/BXgzSLjxv8R7aTWNeEUets7RQalcWqTSyHzZpp1hkTfJI7s0pOQXZmznFemP8OvDUjvJINZnA5VZdav2GFAwxHmnj2AyODxkV9hkWW4v6hQjOFFzhKalKVW/NKNTXaLtZ7XemnTQ+QzjG4SeOqSVSooydOa5aabVoU2m/fitFZ67Pfon6G2v2UP7S2g3eoeItPsLS28LxtLqUl/bxQMIZC0kDyqxVWcAjYWDDGcgdP0S8X/tPfDm38K3Glab8SdFtr27hV/Oh1uW9hDRQKkYNoZjF8rDoykDgYPJH48Q+CvDKfEW1059MEts2im4K3E81wxYMSu5pmY84BxkgnngAGvVV8FeFowyx6BpwCrtUtArDj7pbIGc++cHqTWM+Fnjq1StN0IThipyjKzm18DcdldavW3XVXsaT4gp4WlRpL6xOEsPFcsLU7xk9G7uUuZdfhSsulzkf2gPiZ4X1rxV8HzbeIrbxJDpXi5dS17Vo/NKwoZU3DbypUD5lSIAHnA6hf0Muv2sf2cLO1Ntd+KtTuwbeBDFY6NqTqjpCqshCZDbCDzjJI6AZFfl38U9J06zvPA6Wun2Vuh8SwRskNtEiyrlMiTCLuDY5D9DnA6k+3jTLISSLFptospKbQLSIAnjPzBOAMAc9eR1JFLD8KyrYrME8RGlKEqF1Tp+7aVNPRc3l0dm3fR2QVeIKVDDYJxw3tVJVVF1atpJ88W72iuZtX12SVnoj1D45/tO/BfxP8NfGHhzw1Y+J7i61bQ7qytbs6JexQq8q4824edMhIyQcgE9uuCPBvCHxx8D6V4S8NaLH4V8YazNp+jWFpJJb2EsUEkkduiyyRGSNlMZIbDDcOdwJAzWj43sHi8JeI2CQxCPSbkhY4gqr+7G4ZC/dBJzgHvgGrPgSznbwt4fMSocaVaszMhBO6NQCCApY564wcnH+76mCyKthsfKlTxln9VU3KVJSbippKMYt2W1/wCrLz8bnNHEYKNWeD3xPKoKpKKuoL3rqN9tLaX80ZF98b0u0ubfTfhj4qRJIZlWW4lSFVHlYy4aMEIu4FjgcZU9q5j4AfFzxf4H8O30GifDuXXmudb1K+S6u9Rt4YPNkuJS1tNE4LMEzsLI2T+VeyXunTtbXjMxUrZzspA24PlEtjJ5BP1LEnIwOfG/g9b3beE53iJLf2zqyeW3AG26mB2k4JLeg4ByO4rqr5TUlj8LSqYyrLmoYluUYU4uLi6KtFJO17uz120s3ryYXM4rCYurTwUI8lSgkpOo7t3tJ+8r2autbXs7dveT+1D8epYj/Z/wm8CWOSQJLy4MpTryxjdRwRjjBPB4zivnvTPih8dF+NXjHxRp1r4J0zxTqOj2Nvqg8maS0SyVEWJLYLISJFABYngnryK9kgtEjVxNJbKoUMQ8qgCXODuGTyCSOMZOeleOaNPax/GjxaGubKOH+x7MCTzU8kt5aYQOSF3DuM8EYJ3Zz52KyLCUMRgYvFYj97ioxnerG1uWV+iS2aTu7LZHdh86xVeji28LRXs8Nzx5aUo3anCyldttcvqtFrqetWvxg/aue4nFt4x8L2MTYJjh05mDMo27iuTggE4OBgZU8g7fPvEfxM/aZbxt4Evr34i6S2o2tzef2TLFp7IunvLFJvdlKjJYbxhsn1zXqEd1pKRpI+q6am4nLeeiswGckbCvIPGOnBzyBnxvxrq+iReMvA8x1K2kgju7trh4JDIkatG55CHIJIPAGOQMFsrXTj8iyxUYz9rOTVaipS9quVKVSmm0o6LRu9luYZfnWYTrqPsoJezrNNUkrNU24x1vo5NLW+jtY7i98W/tKapGTf8AxheESGQn7LaRxqHY9FOzcN2TjbgHJB3ZAPkvjrS/iXd6JfS+IPifrOoW4hiE9siRpDOJJVBDlVDHqSAx7A4yOPUl8V+GfJUx3VxcAuSpisp5MDJPOB83OQSQc9OmQOY8ceJ9Ku/DOpxx2+pyMYIRGBps6ICJkJZmKAAHkZPbGeOayxOS5JToVpJ80vZf8/6kmnFJ31kkuyTvfbTrnDN88qYiinaEfaRTSo042TlFNfAuXzS1Vr7pWh8M+AvEB0jTfM+IXi3yTFAiww3zrEsEjKUjTEikBMj7p2jqAMZP7v8A7fHgpfAX/BPH4FeKfDceqazc22keGGv7W9vJrlNTY28m6eSR3ZhOCRtUnBGRjGd34i+H/F9olhptuNH1gsIbSNHW0lCBhtXhj8pUlRkkHsCSDgf0X/tuoNT/AOCVPwp1ExyR3MGn+F/3EkRaUIIWG8lQTwCO/ThhkA18fxZh8DQxXCjwCdKpLG06UqkXJuDnGFmua6Vndpp6/LX7LhjFY2WG4h+uSdWlHBucaMuXllytuUbRs9U1e+q76K3813gz9obw7FDFaeLNC1fw3MZMNLPbyzWa7iQCGVTlTjBIIPpx19Estd8MeI/Fuh3ug+ItKuovsepI0Szr56mTYyI6OxZXPCqpAJ+gxXIWllaapYxQXtlb3iMil1liQnDKRtYOCykcfMWAJOOq15T4i+EvhO48T6YmmR3vhy4uLa9me5025kgYypyjgKygbc8cHPPY197XyzNqUKMoYiljIRnTlFTvSrXbi1qrxd/dXM7a9NT4ujmOV1KlSE6E8K3CSlKm/awScVeTi5KSSu29Za2voj7Vk0iyubdBPAsyqSG2x/NgMSHJTKYY5PYjOeMg15xc+GdPk8bXkNp5sLLocTABSFJ+YZ7fL32nvkL2x4Paw/HXwHHGPDPieHxfpaBn+waqN04jBJ2mU5YkDjg9sZGQRv8Ahr9ouz03xjdSfEzwjq2hypoltaTXVnbST2/mKTifEYLCEsSQSegOfSipmOIws6McXh8Rh5U60Nakeeneys1UheMlfW7a0T0CGWYPEQrLDV8PiPaUXHkg+WpaTjo4S5ZXv2T7enskfhDU4Zd8UQnOzICAhhgA8rnJDEk5HUjpknMGh+Cr/WvGPiC1bMT6f4f0+6lxEQ+x5WHzKoPQgnpgZxyAoPrngL4i/DfxjEv/AAjvirR552bcsdxcJbXi9D5YglYOzAcbQM8kDmvUfBelavD8RfH8v2S2ntZ/A+hvFcoFdZYxdSGQBVPUr1AJ6g9BgvFcQyi8O6TjLlrptxSa1sk3991Z6rp34sLwtRUqynGUXOjJNbapwa6PtZtWund+fyzrHgTU7WJZpLSYxBco6gENk8HIHTAORnIwMYGc+KXU95pXivUbeIEY0633LMCDgynocjAGTwNozkEE4x+iPi+8tri4t4LWBYIo7dDOjxssZKcFVBGM7uSWAGcjPTHzG3hyy174oeIobm2jaGDQLGRAQFUO0zchlOOSRlvTOTwTXsYXNYYh4aVaKVsRCUuW38l72drbrTv1seNicgeHhilh5tylQcEvhtJum322S3emui2a8qj1m9jmhaVdkTFWZW3OFBGBtzk4Ix2B4zkAYrMjuBcx35XZtm1AjBAHylfmKg/KwPP0xg9QT7frHwtjFxELC4MIyrbZgdpYnO0dRx0BIHbPpXl7+AtWn0zUri0iaR7XV5kcwMx2BF5AUA7snGAPoPvKa9yrjsNLE0JQmpJuSlB2fKmoLltrrZ217aPVp+BhcqzCnhsbGcZuX7vkd3q48qer1vpp0263v8R/tMaDpltD4fnit4Y5J7idJbmGMQyOu0t8+1VDsp+bLKQCcYNeJfDrStUe8uptJuIBLazQRqlyTl4yQVQMTk8nAOSQT0r3v9qHTtVsNM8Jx3aTIHuLvZHMhVxhGGRkHK4wAQMEYYHIIryr4NvEZrh5EO77ZbqMfMDgrweOnr6k5wCcV+O8S06cuIcS4xUYylB2jZLWMGtrK6bV9n300P2DhqrVp5DhVUdqkY8v7y7b95c2+umtttD7M/ZdvdQt/ij4NN3pdx5ml+IL1rm8tstEjSWzlVUKCdxP14Iwc7hX7Hftg6pPZeH9Gjuwslrc+EtIulEqB5BC9/G8gx14UkEgDjO4A5Ffl/8AszRpB4z1hgMSWmvaTcKrAcxXcsdvMQCCBhHwSOR346/qT+1tBDrdn4YgVdzt4N1SPy12kiOwRpIgARwQUGATxt4JOMfO4h/vKb96UqclonZtxab7XSWun3X2+voTTo3VlzqzWqvbR2T0s73vfdNW1bX5F6e841f4s3OmyM2kI1hdtp4BWAGRVSN1AAwwzxx055r1bXf9L+J3gGFVYB/CenmRVAG1pLIOy4POM5HftmuS8C6nZXHhr4jJfRQQi5i06Izqo3lolVSHJG48DPBJHJB9e30y8srn4neETGyhY9GsrZJdpdWRLPhwScgBeOo/iBBrqn9nS/Ok3vq2krLs30b9260VjKKjeMUrR6O/X3W42eyuk3fS7+T5W8uIv+EBjt2OZbf4m3QiQqgZly4YY469yVPykEHJ4yvDksq6lrMtupgmk8N+IYywLKxVZBhRtIxgbsZA+7nngVra5p5j8L3V8rxvBb/Ee5kDEj7rSyH5QoGM/KCDxkYPGcLoEiw6lPLM8cEN34f8SiLcVy3zng5BGSQNw9QW24wCpNcs4atPRNa72vt2fk9FdiSlKTdktoyWj2ad7rZ7dGtL2009U8MSHXPB3i8zyZuLX4U2EERYEMBsBBG9uMdOBjAPIJIPAajJIZfhL5iOsX9nQW8k5BAk8mVVbn5sg9hknA5IrovhzDcwQeKbe/vVeC7+G9s4MZCqY0XMduqk43KgIcAe+OKTVbyDULf4S2wSJUtfMCMpUExtcoFzwfQ9M57DmopxdtWrxlLXrK8e21npru7+YNtyXL0tdN6uV079Nk3r5rYkvEZ9K+Kcto7NG+vQJOQpAWEJy7gkEqpCgkjJJxwckeo6TdSXGu6Z++DQD4UQo0bLt+b7LJghTtzyvJBA4xnJxXnWpSFdH+M1lYs0bHWYYlcKrDbtyykdMknjjop6V0PhYXNpfQR3xe5lPw1ULt2lkijtJFUcDGOvBwxHpnFRHdO71TTTuuT3ILR22d9dHor+a2Ssrbap+TSSv89H0V99LNnPeBrSAw/DiSWEkrf+KJSVYlsgSsMHGflyGyMHnA7GszRNTlbwtb2nlOkUXxHnkhnkDOB5s8vyFiDtBABOAMEHrmt3wNA8f/Cp1O6OK5j8Rynf13OJGJ5HOfUcZA6U2xFvZeDVnu0SS1X4gANCuPNIWeX50IAYgnkgAdR0AIq2nG0pJNxlG7vfRyeq9LXWnZrTU6KNnKNrLRrS1t9NddErJ/hfVn9B3/BBmZR41+P9s5UvJ4Z0iVsZCgCSbpnuCOSBtPJ65Nf0POMnCk7TkscsV6nJOOByOcYx0welfzl/8EHJoh8T/jlAC5S48HaZKqk/P5fmylV5zkjnqOufav6M5A247O24EjgkMOCMk9+3JJI4Bwa+brzcsbXdnry20srKMWrq+jd/nZ+p9RhVKOHhZX7JuyekU3d66dH16pvQqsmclSSMk8hVxyB0yQT0+UkY9DmmAAIP7yrnjODg4PTAbjr1J9Mc1MF28MN5b5QCV6e/zdeepHIz/dGGlSFXr84PIyAMZwuCDjIBGcex5rRSvy3TV3fp0srNp9Xvtuktxyg0r63stWuq5baWv03bt2KrnkAYCgEk7TwAOmc4IyFOD0/2sZDQ+eTkA84DD7244JPOckngHkYytWGjyo7EqCRkckZz1PGMEDIABOQckAwvH6ZYDa2BgEjPY98EZ4OMYJJ3ctve3po9ebSy/Lf5qxjyptXaaaV79m1omu1mvKyfR2iY9eucg8c4+7kHGB0Hpnpx94lrBeCTzgkr1wO3zfp7dAc05gwYDBOcjOM8npjv7DjAwvocqU64J6n+8fuc4JA4GfvdevPWqUmtrNO+ieybWr2u9n3106smKSaTSa089ktd321jaztr0GoAS2TyFIwDwvAYD0Jwck5x2wegDg9CQTwobI7FV3D5sZ4J65654NLtLZK5UbScHuR8oA4yBgHntjBweSoQEEnIBG05xkEYOTjjOfTI6jpzT9Fvp/wxbasvcvbrvbbVtJap2u0+rto7kBUgkZAzwQQcZPOM8jnOcYwGOMH7tRshPAPy4DZAJBIzzuPJzjr1+9x2qzINx6HB28khQe3IwTtzk5Gc9MHIFIISRnJA4HP3cLzgDK8EgjPfPQnbQnrvppfbXpbX9dNfUztzaJNNWt1dkk/8Keul9ldPyqeWSCMZx3J4GSHIGQc/3fyAOKVogRkblwc44z9BkZGRwcjBxkdcVbaJgDkAA7TxwTnGRx0HXoDg498qYypJbhSW2jkKBxzgDrjg7iwODzggUX6p3vvftbpbfXV3vfsEY2WurvZbWXw/8C97d150yoUFRuB+XsdwHfA53DsRimZzg5ySSCdud3U4x6ZIHOCuOQetXHQHjowI6jP8PTPPBGM9c9/Sq5Qt84BwWIIIwARkAggg9cdBkEkZHZ3Wi0vp0v2367rp3dr9aenyaWnm7EfUFto6Yy3UEH1PAPuMjHK1Gep6Dk4OMDHQEdABxu9CMYyOKlEZbA6qckDcOTxg8Ag4JPTIPGQBxT1UHBIPTJ5GACemM5xwuOeOnbNCX42+d7abr877N2uNXjFaaO3W61StortdG3eyWr3ZSCkn5hjrgZBG7jkc55GADge3enDBIyqbu4GASB0PJxk4+8o4yfUVaaNRgHJK/MDt5I44wP5c56Ec8Vmhb1Ib7uNuV6tkZA69Bzk8UKz22v16O66pdVZet+xElLRprXpd+W9r/p182QSAMq5wPvcdsDnOc4BPtxzzUGFbj8eM9u5x64PJ68jPFTOMkZ3YBOeuc5XgfKRkHjB46nOSKjCsBj5icA4xnqTycYwBwoGeOCTitIt2Sb02Wq0emmm99/zuQ+a32VdtNb72tu7WstVtZjygOAQVb5fcHrjjtnP+c0BATnkEc55wy9Omevtzjg7e9SKOgBJ75wp6YxnqBkgDAPtz0pcZA7kjAOeoJ+o49fT1yeX32vf5dLaX32tqvTYiyvpo3p5W6d9nff8AVkW0ZUnPAIOD65A9STxk8n8uKj8sfhkrwcDPUHnjAz14z+BxYA5xyM84AxkDPA5xkYySAcg8nggNwN3zbjuOc5OSPfPQdRjnuOM4ou9NdHvZ73tb5eXXTRistXv+O6j+FmtfXzKxXBGMnouBkZORnp27EdcjA75jAHO3kk8kdB3A9OmDk5z1PQ1aZOGAycg4JJ69Ov4kDA74ApvlqFG0ZUkcdgepJJ6+vUg8H1NNO6Xlqra7267ba36+dw5YveK8tF5XvffvulfoQMFbIAIOcY57cgZ655xx+lM2MQM4HUktwcA8YJGCOTjkn8DVkquCTkYJJJPrwOozj6fL0zjkmFlUlc7sEHaO5wSCew6ggHI6fnorXjJ32d302im9NXbS+7t5qxk1775ZKLbvZN3aXLZ3vo73STWsW9XZMr7WHIB65OTuBJ+UDqORt5BABOM85zYjJ2MTjIP3iDuAPvnGc5AAJ5IHrUO07shScBjkkcZIIAXHO3k8cY6d6lC7lIGW6YIOMnOTyp7DAJ4wTnqcgm3pdPRbd32b62736206THmS+J3V27aJJ8t9deqS2V07XRMkjrkkDHDZ55HBweDtHOSAMYwSBg1cSdGJDH/d+98vfgenBznhcsDwQKzcMcEEA7SD8wOeG455yFGDg54OACc0q7gAcZAUfKO54BPGM8HHOeuSDWUoRlJbrbW9+3lp5peZtTlO2rTVnq20rpRWr0slffd9NtdFp1BBw248cnnrxuxweuDxjHXry9ZeGJYHAByAeBx6dMYHPA696oxkEsC3zHg9+Rjg5GS3rg8dD2qQBjuIyADgHkZycDjb1yMFcfyrNxstNtPX7KWj3229O1lvzzstU01frZrS1rWXfS1+pfVsc8kN8xZhnGCcADsCAMDgnGcE81bRQQrFuAeo7FugyemQTgdQTxnrWbEc9CcA4O3HzcfNke3yjHTpg88XFYKGznkqADhQMc/mMbSOnIweQRlJX3VtL6K72XV6fjd2000NKU+j79uqtq76adSw+xORkclRk9DkDIzkYPTPvk5zmm70xgHOCAAARxk5z3znnJwMYHvTMfMu/I3fMWJGMY44J4A+gIAHByMRsVAyCxBwQQww2MZOc5AznjjgD6hKKXR3i902m9nrrpa+6asu71KdW2y7KS690lbfy0LKuoCk5xyBnAzzgEsDyxPUcYOMdTUi3OVC7gAMLkg7hweAxHA56rx19WBoBweGOAcgEcjjqO4zu9j1IwecpuGB1BViQQDlhyFJ4AyMA4AAxjGcCm6XM07NO2ndaL1to7O+l99UJVXqr3TTjbVLWyem3W+iT133LrSLnJ65yQMnK46AcHoO24nJx0qBpV+8WJyvuSFO5doxnHHA98EDnFQF1JOR0BGNxyAWOCA3GRk8ZOCCSewhLgLyCTgKffJA4PoPUcDpwM4I04p6dLJtu+9t3fXfvt5q5l7TR7J7O2v8r/4PTXy2HdSDwQUwFDHDZBI5ycDgn5eSOp5OBCZQGAU4GctyAwUYO7v1OOn3d3QUpCjcGJ5JAHUDqcH06jkn3qJtoGDwMbVJGCcnAwSPcD3HTrxvyqTSvo2tPRJbd7q17prq9dMndu/fTu29P6+4UuScAnkE5BB4IPJPPfkHAI4zyaaHwCCQMAAcEtzknLc5/U9fThrKQecdNpy2B2I6H1OffHtUbK2COy7WAUcE5z7YVehDcHBwSMVrGHurl7O19m+l7b6pvsr7PdZzbT0Undq/Knoklqnrq+2z20sSF16dOPlJ4JJHQ56DPIGOe/bEWQBuA5OcnAxwecd+M5IHtwQ1NJ+YgchcFu5GeQO4yQPlI78nqCInY5KlRhmByT2xkjHOMHjOGzjjkVUE5OK5El101962r1SV1rtq3ZNi59G2lzXtbaTtyflfvqt93ZHnVSTgZOVOQ2TxkDv1A9fXOMbartMWUNuwmdpU5OGIOAc9CeOOM9iOgkZSRyuV5J47gkAk46DaOQTnoMdagKoS2M9A4AyAdq4yB83ueQADk9DgbqFnZJtvRydkundaLto9lZkTcnZ3euyvazW1r31s73ViMu2AcZHAUjODhiWODk+w9TyOCKawJZjkddzEYyR7577skE4z3J7uPTb/AHcsfXBPBJPvg7QOOORgksZcEYyT0JY9QcnPGfToenfPyk6r87ed9Ft6Wt0v6MzUtNYyS30Xkuys721+VulmvyNxIwTznHPTI+XqSeTjr0AJNMQgjqOSSMgnDDoy4656YyPQDByWsHJUEjPzDAbqCcEkfMcDBxkcj0OcNwwyv8I3YGcZbP3mHJ5OeRnjHOduNIwle/Mlpdp2ad+Vp73W6fTW1ru5M5JJWTenS1+nyei6drXu7NW5H7wEqMjIOCTkZHHbgE7vvY6n+KKZQuQu4A8HAyRjGc5PBwTwffI5YhQWXJI4Xgjkk55Jzj0yeM4bGeABTJCVOeQBkAsc5HQnPTtjJxjBPORVxTurq23lb3U7bu1k77adVpd89ouPwJN2tom99Ve3y2007ohfBJwc5wf9rngH8c5wPcYwMVGBjOQRjtzgZzwO5PPv6D2cVK5JYFSAASRwdwHQYADZPXvn0xShSwIxg5wADjBwec9QMZJwQcg5wDxqlyrVa3sklfe1vxS6pIjlX6fd09Ojvv8AIgYBSSOm0Anq2cg9PTg9h0znNJnAxwBtA5wQrEnBwSM8EZ5AAx0FWAu44IIBHJ6jIJwRjJH1+XtnoCEMQ27FBxkDPTp97I7g9d35ZPW27abK/wAndavZ2+dtr33BQV9N76L1fTorfL5iDDcnAIIHUHjnPQk8dO3T7uDyGMEjI52cHnp15+nrgjJwabtI2lMgMwJGDwT05PBPB5OcdjkE0pzhsjDDAB5HTdnoRyRj1Bxnrmi/nfa1n5paaLS7u7/rYTvdJ2d7/CuZPRNPRLrpa2l72ta6BQoJAAwAAMcMWz0BbGcd8AfMDk4oDE4PbfwOoC89emcjk9BngepX7wGMbgcjI6AAdQVGRgjoFPJz60woQeSckZAJJIHAJABHPHysOhxnnoJKSSa8ne9lezbWvy+XclqUdk/TX+bdLlWmjur23tvYcpZmAA4wckHGGPUEZPJAB5xxj1wZiTtOQp4GcZAGTxxkdMEN7HnHFRYJ5Cn7wGcc/gRj8ueM9aUMRvHGM9c54HoMc+hwTg85HANaW+/1e2lvv16/lUW2k3e+m99FZbNq/TXz6Ldj5Py5ABG0kYx0yB9T+R7g8YiIOSQc7lAGflK9QByByAOF9PQNVggHJAHQHp6dfx7A9PxqNkZck4JO05YhsknHQZ7Z4PQ9Rk1Kbdvdlsne2mtrW/4fpZXHycybSbd7vRtWsrry+6+yVis6jBOckEYyOV55Jx13HIwTgk85G3bFlslsDOQRxwACRk4J6gnnqDzj5ubLK/QZKtuJHyjdkZHbnJBP5DCjBqMxt0OPQk454wOuM8fivRuVArRSa1bta2iW9+lttUuz3ejbBw929pp31Vlto99LLS2j0e3ukIOVZh1z6HAzgYGB93J5zyOMkA05kzjaQVxhgQNwbqepyDk/eI5GQP8AZmCDI49MAHgbQBnJPTjqTgn3Jy/y8EckZ5wSOo+9nbg4ORjnIGMgjBojUcX9pt62/l0V31tu10V95K1li73tZ20Wy6pPq27rt62ViiVHHIA35znkehxggYwcAZ7bgd1Jt9doIIIORlm3dgB0OOemcFsADcbRTgZ4IOOMng8Zb146enX5ccMEYJIBP3scEH64Bz83c55OTzTVW6vay/xa6qL1S6a79k7pNJD1091X2Tb31Vu+m2q6dHuoduBuI6c8gEbm+bjByBknAbJyMg8GnkIRjB5GMcKA2MDtjb2xg+mewkAAJAH+0M8ZVeBwcYHPOeCMlR3LGOOhDADJyDgAg8rk8AHnkknGfcaXdkt+jvbpZb/ppZLvoc84zlp026v+VN37NfjfYqyIoUMWPzAYJGC3IzjPQgcAEcDuCABUYc8gjdypJHGMlcA4yCCc55OTkirjqxzkcHBUZ4IPYYPsB7Y7cYhbjduVSAoB4HBDHP4ngDvhmAwVyKjJbN2tZ/ku/lyq192iZQcb2cYtNPbS91qne3W2/u3utNCsIxgAE5JHqBkZwTxx0b5u2duQDUmzkj58KBgZHIOOTkcnPPUDk5HAxJtVgNu7KkEbScHK85PcZJ64OffNP2Meh45YFiT7Z6/KMHHYduADVe0ioq1n2ST6pb7O13fW6+b1z7Ximu0ZN30V1prdaXf531iAP3cgALjJBO4gDPIYEeoBySMZAzSHjgfKuGIzzxnOORzkYOOWzj2FSlHYfdJB+YYAHBIDHjsMDOMYwM+6BVPynIPAGQCMEDPucn0HIPtUqom9bpvdvRtvlurvZ2036XerTGlrZKUX1vKzsnr0T0stbpK2q3bjCg/KeAMBc55GOR3HvuPAxyMYAcUAAHOACc5zwPU9T0Az6j5QBzRtGclSoDueMZOO5HPsc8Z/Cgp8pPODlsngA+o6A457YB4Gc1cZKTa7W1tfs3262a0WuolFxV5e9quV7St7rV+u+murW29hCBgEZOMO204yPl25GOnHfAyV5xURBBdRnIwcnlTu5zncen93jHOdp5qVt3GQSBleQRznrgjDDPTtzweaiO9jwwJLbSOSTg8geo3Yxx6dOKUpa6S5Vdc1le9+W3Xbq7X22sPkb11TTVreSjGy11Wt9dO6aVmjKMnHJ6nI74wRgcHp0Hr34pANwGMqcZwBwcg/jznkDkcnODinbeCDjOduATk+pycEemT/ADp4XABY42g9BwMEHqAeBuGW/AdqrmV16Rbd7JryvbZN79vSxJWj7yUkmr266qzUU5XSWstem2pGQAcgfxgkY4HA6DP54xg98ZpGLHBIACjPfBx0yvOMYxjgZ57nMwAIDKORuOMbgfrx0weAT1GTnimEDI7ELksAw68FcNyTnkDHfvkVcp82umtleK3vs+qvZ+mxnFSSk1td3Sd3Z8t9VJe9FJ8r1bd9Fpes4ctk4A3AkDJ47k5J4J5wM45+XnhxATBY+xA5IyMggjg5JI74IIPAzTWOP7p+bAPOWzznnuB2PHrjJICcY6nIBGRwMnbkccgBeeeo9DzmndtNbK/RqyUbaJbtPpdaOzvcKUeZPW7dm7y7crtumtNb7dPMnRVUbiSCck8dsde5OcAc/kMGq4C78gcFiPboD8wB6rgnPPB5OOKkYNg4IyQOcgDBHcn1HYdehAyKiUtuIHOQSMDcemSf7oJz3xk498y93rZLVu19uXe76WV3unvpodcY35dVfd6eUVdK7vvdb210O9+HzP8A8JRo2MgLcMQCvYKeD/FwcHJ7ZPQmv5If2sr25/4aG+LIjZYluNf1+cSZO4iLxK65IPB6Ace3PNf1zfDhB/wlOmA527bgj1yIWz1wcDr78kbetfyL/tWqP+Gg/iQCQBJfeKmXIPJXxO46c/U/ljGBXy+bWbxMbpxjh6b17uej0uvz076H0WXuUKVJN2c63TtyrRq3nZtPrbfUy/HhnvfgJ43UMHiXUdCd5MYLs8UeGyfQ5HT7uOOcj81PELQWOsIjvCsialos8sl1KIYIYobiFy8kjYVEwpDHKkLzkGv091y3n/4Ub46OUks4RoM9wBtKoS0IAIXgkbsdDjIyOhr8tvjV4d0/X4r5ppZ7WGa70qzkWHchnhnkijYYQE5AcAYI+pzXocDRcckx/s1ef1uajG+j9ymk05Jppb+unmfPcZP/AIVcFfVOjTjPa7cpN3V11SautuqSTPR/iZ8efEnxQ+K48N+CJBqcqaFbaRBp/h+SSGxmis1jile+v0wZIlcA7o3Ct79K67wp+yNq2vyvr/xg1eS6WOQS2/hiwkMVjCn+sWO5cMPtDbQ28FmfPAyTXpnhvwD8OPhX498Py2NrpfhvStO+Glo95rc0yQLeX0yRTymWeYrvusAqY1bcxBUZBrmPix+2P4f0ayvIvCckFrafNE3iXWYiIi8aFN2laWMXV3JJjCSqHiDBSSMkr7EqtDBUVVxdRyrWSjTvzSTjZRSSWy1b2WundefBVcXUUaEVSpe7OUmrS1tFpvze3W1vlqarofhnwavgia6utL8NeGtK1S9vvIURxOUtt0caQwria6mkVgI0OWY845NeN/Fj9qmLQ7ee00C6Xwlo7b411m/iE3iLVELEAaVpYHm2aydVuJ4yMHdgLjHwN4k+OHjn4iald2fhaw1LXdUa/wB0Or6nG91dQec5jaS3s41azsIPm3J5kayIpBY85P0P8Mf2L/E3i+WDxD8TtSuru4n2XD2Mszyy7Ww4WWVifLjwcLFABgEAKAQa8TDLMs1dangoTp03PWb923wpa6pPW+l7q3U78Visuy2NGeKqxdSMFyxWrlaUbpRve7bfvSsvJs+YfEXxJ8Z+O5rm08D6bdqbu7iW+8UagZL3USJpQomur+XfFCQWGIYGj2/d219ofCX9hrTbj7J4l8f3k/ivWLhIrlxcPKLNHkUScmQ75SvAIyRwAoBIr6V8VfBfwp4C+GWpQaTp1raiE2BVIolRQTcxfMzbfMkc453EksTlskV9P+HpEh0fT4YYwSbS1KgrwreRHxuzhcH3AHbg8+9l/CqpTlLGS9tVUITa1kk21rtq7p73dmfP47ip1qSWFj7KDnKN7tyagotK61S95q0fzPFr74UeH/CHg7WG0+yt7QWukTmKK2hSOJCiKBgKoDZyAcn5g2O2K7r4W6cD4K8N+UgEjaVGSGHTLsW6fLwOmeT7HBrpvGlu0nhLxCXwF/si4GG4PzemcZx2I5xjjioPBuoaT4d8BaBf6rfQadbRaPEzPPKqNLgvuEMeQ8hZfugYJPPy9vboYKhhsVHljGEY0bWsotJuLTu9b2TV+y+7w6uJxWLwrXNOTdaKSvJq/Le6177699T0i2skMUW7O4mIbST94Efw7vlJPzH8iMcD5V8P3lho/wASfjLNqlwLU3Or2PlWUSNJfXaoOFtoYsyFWc4z90ZBbjkdbr/xsmnljtvC1stjbPIo/tjUkZrmRQetlaqCynJyGcbccnC8j5AtvjFoHhTXvH+q6reSav4l1DXmW2QJHd6zOIlXakSJuWBQzMEyq7RuBIPTy83nQxVbDU5TdGlCbk6j+24pJJJu7bW3V6Nb2PYyiniMFCvVUfaVqsIxVNXcoq63tta97b2V+59d3ut6ndJ5VoP+EZ0qQ4CKqya1exnJJYg4gB5ZhIAwHAPyhR8efET4reF/CHjTX0t5ft+sNp9taW8Vp/p+qyyRnLK0oV0tycnJYHrjtkzaZB8avjRcEmWbwD4NkkZ5HAb+2bu33glWkPzROysf9WwPYA9K7Lwt8KvBXhHxv4i8rTFv5rSxsFuNT1I/aZWnDB5ZZJJt+GYHcxJGOeemefC1qrm1g4qENlWqKzaWl0m1e61XX8bdeIpQqpzxklUk9VSpNaaxSU56qydrpXvfRanz9Y+GPjH8Y3jk1KWfwR4SlcMY/nGrX8LEA+YxIlEki4ORhVLfdADY73Wvhd4f+Hmk6VZ6dYRJNNrVoLi7mJkvLyYEMJLq6lYldzMWdVICjAI6ivS/iD+0N8O/Acn9mWZfxDrynKaXopSYRsuAqXFxHmGBFON33cAdj1/P/wCNP7SGs+K4rW316/s7Kztr5rnTfCmgsPtTs3AGpX0beYZCMZCsArZA5zTnXw9Gpz1pPESjOLlKUrq6cWlHpZtPTqvLQwcajg6VGKpXjpGmmtLKzd9ZJa3ctHbVI92+IGseHY/EWnxya3o6tp2nXEUkcN1HIkU8rOCjBWIDLkBgTnjngDPnVx4k8JxSKj+JbCP5F5iGWQk5x97npzxgHJ6gY+efA3gr4g/FOG/1bQrKy0S0hkuCVu1d7rYi7yXMuWJPJLZIIPatz/hQnjF7bz7vX7OF2HyjyUO45ZQQQhxySRgtjIABr7vL85zqthKKwGVyq0uWUozldJq8L2bcXqu69LJO/wCPZvknD1PMatTNM69jXclCpCLTalaLs+WErt6XV366WPTdN8beC7XWdZebxLCIzNABiJ3My7MOoROdoPpx16nGOql+JHw1CEDxLcuRtyIrScryfTGMZ2kdCevO7I+VPDHwN8S6jqmro/iCBTp10IJZDFudy67gRwSNucAHHGRgZr0pP2cbkqwuvFsjF2AIgiYYz/eIxjuBzjnnqcdOHzTi6dNxo5XRjBylrUkk/i1VpVF1dtttVG2qmvl/AtKoliM2rTmqdNyjHmVlyQUb8sPtLW2u71fXur/4peBPJmjt9Rvbg+TMisbd8fMDtABBwMclWyQMDhcZxtK+Lfha1tbaNI4pvKjCtPJOlqrEseCsmAQCRuwSM8nHbmbz9nrT7GwvZrjxDqEpt7OeWIR71V5FBOCTkqCUwc5zzk88W/BP7Pfg/WtHs72+m1CW5nHzxCQ7F+UnKgnIGedpHPscA5rMOM6WLi/ZYalUnTs3zxceVOCvvL3l17hUwvAOIwMnOria9CniI3X7yL9q4ctl8N48l9dtnfXXqpPjnodsWVJ9GRTtIVvNnHGDhmRsBgQeQMH1wTjzrx38Z7DXNKmsI7nSV3XEUuIIJdzNG6tncxwR8uC2Wx6AkmvWoP2bPh9BIqjTrq4y2MSuw9FO7acKGxkg7uOhzgnM+IXwU8GeH/B+o39noUcFxG8AjmlJDjdIqgKCSOcjjng898GJnxniKVR1cZQVNxalGLbfLo9LQik9e713tZtc+BqeHuHrUvq2XVZVVUioSkr2ldJP3pNadXbS7Wx5dD8dp4IIoVvbJVWKNAsdtI5G1QqkkOTwOD0OPTtTvPj3qDqRHfMCBgGO0cZHQ/ePK5BA69gTnr7To3wq8IDS9Imbw9DcSzWEMr7FOSxQkk8lSSQDzgAfWte3+GWhGXMXheNNuQC0YYEdNu1gQO4GM+2McbQyvjKtCmnnkacZQi1CEaraXLB7JJbNJ9EcU8/8PaFarGPDkalSM5KUp+y1knZ9W/SyT8j5L1b4u6hqbWUkr6nctZS+bE0cOwK5JOFUqC3PIPH94jB4nX4q+J5gwjt/EUuflwltgYzwFITJAzyOVz1GDivpfxt4IgsNP0f7PotpaM+t28TMsUQLIWHysQAeecZHUcZOAvrOlfCrxFqEG+y0m2SLcoUrDCM5VcclCC2TncD97nOSQeenkHEU8TXpVc+xPPH2Um6cZe9zJJ6uavZWV9vwO+txXwnRwOGxFPh/BxpTdaFOFVx93knHmS91r3m76K+9tmfB0Xj/AMdToRa6drRJyuLizklOcnjJUrg5IPQcDOM1UPib4pS6paTR6Pdi8NvJFbIbEBni53Mse3PAPJ5/vcZIr9HLX4KeL1dhIkcONxx+6APQgDb6E/NgHHHyjtxut+BNW8O+PvCcV5PHJJdaZqjKnA27AuRnAwRnsc898A1VfhfNpRp8+dZhU561Kmm38EpVIRuld6p6p3fmtzjw3HnD8JVI0shy6m6eFxNdtRu3ClTcmmlBPlaTUmls9Fqz46ivfjtcqyxaBOytlgJLJRkn+8fLHfqCcDGBjnFqPRPj3qCANo0cYbrmGFARnpmRSo7Ak5A79OfugafqqpKPlVVyFw7AuCTt5BGD05x9ACTUkNpqhhkUzIhAYsS7navZcbsc4yc8gc4wcD2qPAmIs3XzjM5tWk1z2TirX0s+99W1pbRWv89V8WsvcksPk2Wxb2fs5PW8bK2is7WV++9z4Dh+H/xt1DWZrGK2ij1M28dxMge1VhDn5CG2hRjJyAR1zySa7CH4EftA3SiSW5giUgMd14gwDjHETADjJxjqAzY+9X0ZZXl/aePb94Lny5P7Fhy+AxZC2D98H+IYPXIzmvRP7e1dwrG9lUeXkMsYOcEZOccAexwfXOBXDT4Qw85VHLGZhNRqSS/2hwTScVdtR0u9G7+j1bPbqeIFdwoShgsBCVShSqWWGjJR5knZczSsrWV9dXZXR8hwfs0fGicK9x4htYMuu4+fI+0cEfdc52jnADHt0xnnNO+A3xDvdZ1zSY/EiCbTJFW4maAkTFuhBcF8AZJy3Qct3H20dY1SRkRtRn2+YDuA9ieQF+UDHU9K8v0mXUD4q8X/AOn3K75Y2LoxDuw5xkYJx2A45xipq8F4H2uGi54upGpUcXzYmbvyw5vibtb5K6v2RthvEDH/AFfFVIQwtOdKnCUXHD01aTqU09IvR2lo3pfpoePr+zH46kiQ3njBYVZiCqoyhR0xhCApzzn8M8E1o2/7K96FWS98cSr13eWZUPAyTy23BU9z0GSRjFe8sLqZUhlur1yqkndK4GTkseDk5AH6DnBqCWykaMh5bhmQMxzO/oxOTuJ5y3H93r0FejT4HydO6w1SVv5sRUkr6N2s1r1aXz0dzyJeJOfTnb6xTSbUfcoUk03ypPVO2re2umur1+dvB37OGjeIhqsl/r1/GLPU5bJGFxGonCFj5jBsfOQCOB1AHIr0yH9k/wCHwkQz6vqkuFyT9qixkdvl65xyewwMfLXe/CawtZtN1meVHIXWpuRIck5IyRu557gFgTg5HFe6Weh2vlmQ22VdW2ZfgnPUgnpgngAZ645JPp5XwPktTDwnUy6hKdm7zlKWnPbVN2vp0Xlu0eJnviRxDQx1SjSzKvTinTcYU+RacsL6qGjbbblq9fM+StW/Z6+FPh+KeR31C4lW0uHjDXCuBIsTlSQpywyOgBzz3AzD4M+Bvw31HQ7LUbjRJJ7qfzXkIZjnbJhcDdjhRjjGDznoK90+I+nQxxBUgWPNlcO3ljBysTc5zyfzGTgjrXU/CfRzJ4K0MptV3jnLFssdvmZOemSBjrySVx3ranwfk7zKNFYDCKHsqjSdKLs1KmtE1y6K9r3un5XOXEcf58sini3mGKdX67Sp83tWmoum5OC5bOydtFf5WPDLz4K/DSyjidvCgwWABfzCrHaTjHOTkYHc4rI1LwL8PrCwvjB4OtUlSznaORkYlW2nBBOQCCA2OueVORx9TeNYPsy6fEAWI3ncigBsJjJA988gjJ5B7DxTX8/YNXU7s/YJgMgYy6kBeOR3Ptxz1rprcKZXR9olgsLaMXf/AGeGjUb6aN3fk9FtfRnFl/H2dYh0ObH4yfNOPMnWqNWUo3Wr7ade+9keReDPBmlTaLZSp4HttSkd5X+1yo2xysvCDgkBQTycegwDgegWvgqeSVBZfDrSVkCM+w2sbEgZAZgyjG3jkDB49ifV/hNCq/D7Rg8bPKrzsD2AJY8nAzjBO7IwMjI4r1TwipPiKYydDpjhUyxO4uo27TnPzcZxzycdqzw/COAWHw9WEaa9pCF4xw1J25+Vu8uS+j6t366G+K8R81jjsVhk5tU5VVGUq9a1oytbl5ktu60elkfI/irwt4gs/DOrTXPhTR9OsY4AZ7iO3txKg3KVKHZuBPUkAkEjpnBk0bwp4+vdI0240+w0uKzazgEEr2tvvaMj5HJK53noQQx7dQGr6b+NaI/w48UufkYQRKAF2nG4ZGRgYyTyDkbcd6l8BQhvBPhqNRuH9k2zsc5GFXjBJGSCRkDHQnqDWlLhjBfX3Qi5RSw1OcZRjCDvz2adordWskuu71ZGI45zKOTwxk0qk546pTUZSnOPLGnTf2ptp6Wb/wA9fnN/AnxNEi7bjT4lJ+cx28I28FiRgZzntjjuvcc54y8G+M7Tw5e3Wp6zE9sskIECRhQzNIgTLBeSp5Ofu8H0r7YS2QRsMKzHcQCSpIwSRyScAZODkk9xya8i+LVsB4B1ALzItxbOcc7VW5iyWO4EcE7T0zjHFdON4bwWHwmIm515yVCUkpTbimopL/t699bd99zzMt49zTGZhg6Xs6FOM8RT53GKvZzgmrt77vyvproeVx/DjxjFZw3U3iApCdOS4VYyQwQRZVBwOQAcAE8D5SRnPHafoOo6veQ2UOu6nJKwmdlWSTpECAFAc8kjpnGMZHTH1pckt4WttgAZtBgYYHOVgGcngD7xweCepHNeefBnTopfGtn5qIwW2uzjAIJyxLZIIzzn0/iOeQcJ5JhIqg+WbhKMXNuUmteTaPN3bs9UdcOLMz5sWl7JyjOpClywikvetHpd2927fSzstDwfX/Bl5o40Sa/nvZvtHiCyiWG4lYGNpCRvAZmIJXPYEnlumB7ZaeDdOTeDLcyF3DMPNZR93JOQxA5Ixnkjqehrt/j7p9qtp4XeJVVh4s0qHKgbtzSPvUgDnHfueo7Gtz7AN6qqMudobAxk4UjJxxuI4Bycfd4xXVleW4GWYY5fV1yU6WGjByu2nyu+71abVlezTflfgzfiLNaeSZbUniGq1SvjHPlWtoypcq91WvZvsu/U86tvB2lsHaSOcszA7WkchQMY5BBJxwT0znNeWfEDRLC3GiwxW7LjWoBksxwdw6MwOSueehwOOnH1BJbEIQoVNoRWJ43dSPYHOCfmHGMd6+e/iW5j/sosUKp4gtlJLYwpcZBOcAc849cnPWvVzTLsDSy6rKNCG8E7pfzw113W97dnv08fh3PMzxOcYSNTEVKjaqWu3aS9lt+G6vsrI3E0C1CoCZmQYb5pmAV9gIBG88AbecDkbc4HDodBtkEzPCSpU/KZCQBnHILA5z3/AIuMdBStq1iE5vLQurY/4+I9oCqByCx5GDwRyCccEYiTxBpxkRZdUtAu0B184ZJBbAByAARt64BJPbJrrjTy2NGLSoJ8i3ml9mKs7u91ta3k7qzOSdXN/b1G/rLXNJRtGdruSs7pX2u1Z7Locxq2n248Z+CYBap5b3bqyk/K+Qp565yQvOGyPXFfR0nh+1i8xore2jjViqp5Ckr2wCFLD7pBJHPXrk180614i0iPxd4PuP7Ss/Igvi00olVljUqF3MAegAHfIBxjufoOb4ieClVt2uwuDJz5KyMGC5HVcj+LJBxn8CK5sqxGXU8RmTnUw0U8RT5XKcVeKo011ezenb8LdOc0M4qYbKFCGLqf7LO6jGre/wBYkk5JJpNx+9WNeTSoLeEMIk+VSxOxdingE4O7JzwQAc85AxXk9zbKPizoSYBD6bK7IYwM5BGCAAAMcjOc9MDt1F38U/BCoyLqssq4JwkEm0L2xnJCj3ByvzcgjPkN38R/DsnxM0nVoprh9PtrFo5JRbsJCRyu1Au4Bjg9AAOMCozfMMv5MMo1qDX13DN8s4tWjOOujaSST+SV10NuH8DnKq4xyw+Linl2JjHmjJLndNJRTaSb1aUbN+h9HTadC0qru4Vmz8oCgkYxgjkcgHpjknAJNUZrVFugHJxtKrxngA5PAz0HJPUDk9N3GyfGbwd5UrJa6jI5kI3LFIOQQzYBAABPOc59eDiuVu/jHoskzC10vUWB3YBjOcg8spwMluTnknPJxgVvUzbK4yXLXpPVfBd31WlldLVrXQ5KWS5zOSUsLWi3KL99tWtbSV5a9XpbRpaIo6I8Y+Kusxg5VbPy+cnoNw554wPcdQCTXskEHnoXkAUQsNgLEZ7AnnOOQAoPJ75yK+RLTxtPb+PNY1uDS7t0ktV8q3IwycjLOcDggjJz05XtXcn4teIJCqwaGiKwXI2yNjjGWCjOQDnuOp9xw5fnGBpQrOpzycsTVlFU6UpOS5kk9FfW17d30bPXzXhvNK1TDSSioRwmHjL2mIpwXOoQbTbkm1Hq0t7Wdj3S8VZMwhR8u8FsHgDdggA9eSQB1xxngV4igEfjjxIFwVNlZ7iMfwooJPAJJznHJOGyQAKqy/ELxhcLm20tEJBDkxucb/wxnIwQCc5x0OBlaWnifUfEer3Qt44r6a0tVnWQEBYwny4VjwQDgjt0OcVGOzKlicRgHSoYiXJi0/eoyTadKWkbr82n1ex1ZXlVfCYbNli8Vg6bq4G1/bwkoqNag03a9opKzfd26pnZSuv2hg7ZjKA4wQCQw6cE4PTOTgdq6/4R6obH4heLo4Mr9qsNNbacrlEABIIAI74IJxx0Ned33h7xTKEzeRwsTtUKm7AOQSCOcjg89eMljxXQ/B20vLP4peILO/vBezx6JZys4AAX5kITbkEFeOSDzyOxry+IXVq08HKeDq04LH0kqlRKKbcJpxSTcr8r2tZK+t9/ouB44ahjMxdHMsLiKyy6q5U6DlJwSnTd3JwS0tst00rdD73+IXiDw74t+FfxD8M+PfhJo+vGfQ7ZPDXizSxFa67ojw+XEbmW42+Zc7d7PtYkEjA6/N+bfif9grxvd+G7Xxh8K7uLx7pFva291fW1nIIPE1k86tIY100kT34iIIMkClWCknOBX6beKovL8D+JHAUbvD4D5Cj5f3YwAAQfpjPPJwoI2/hQBZ6T4dvrWaezu7LT7GSG4tJmhfzELBS2xgrry3yvuByR6Gvk8fwZhsTiqk8POVGvOkq6je0HJtRd0npe13+C1R+k5bx3jMLQoU8RThXoRruhfW/s1GMrJ3aUtbrRd7H86+pWV3pGqXOieL9Gu4bzT52hln8l7PV9OmiwGEgIDiRCON3OQeOBXvXgP45/Ej4e6Hc2Gn6p/wAJt4LlCGawv2J1bTYdx3+RIxaTzNgKlmJHHB4OP1M1j4cfCT4o/Fj4sWnxr05rbS5k0iTTfGWi28cGr6Pc3McvmSPDCqw3MTOqmRnV3OCSSxOfiT9o39ifxf8ACbwx/wAJr4B1GDxx4Ivo5Ly01vQJvOvYNODHyjrOnxMZYJRGcSFgF+Y5AHB+Hr4TMcocq8Y1adSM6sPa0OZOShPlanFe5Vg1F3Ulp0a0P0PD43Lc8pU6V6UouNKo6da14yqQhOLjK6cZpSWsXF6aKV9PavB/7TPwu+LGh6R4VSeDStShaOzuNF11I4y4lwrqHnURSsSWxtAbkerE8/8AE39lfw5rt9aat8PLtvC2t6jPKUltpT9gkmiRGSREjIKmWQgfuiFbPIKjFfl3cW9tfCNdQtbjRtZtUj8vVYY2t5FlwWVp0UK6g8EMvPUlgcg/Qvw+/aR+Kvw2XRLTWw/jjwhpl0skLh/NuraJWTcqSjc6kICQZy+O2Acn1sJxNhcdTpYfO8PDlSioYygnGUGuX+JBP2lOyau4u271szyMVwpi8DKeKyTET5nzSng684yU23F2UpJQmu0KkVK2ibZ1reKviz8GfER0f4gaJfXtpY3kaDxJpW+Oe2cMViuTewDyZQy7W8q43kYJO7Ir68+Dv7RNur6vb/aYvE+l3dwl3eb2S38TWZZUEs0kWQt2qAjCxR7ycgit74c/Gn4S/Gm28VGS806K61O2iMPh3W0gFwl0QqMU85cSvuyv7kkj5SDmvE/ij+zRpQ8S3Wq/DW+k8JazBZWd2kCTMtnd3kp4VGQgpvONqkmPDD5a+hpUsTh1DFZXi45lhFaXJCpFV4xv8KbvGpyrS00pPZNaW+brV8JiHPCZnhJZbi0rOc4T+rylePM5QaU4K/2qbcOtt0fbPizWNC8UeGoNb8M6lDeJPrWiCSz3CO9tCtyoC3dqzB4XAAzuGAAeoGSn7T/myfBfxdavCmUTRJi4wWO1w2Qw5xnIBzkAA4zivy68TeNviT8Or+30n4gaLqWmanZXVncQ+INOVo4p2iKmOS7MKi3uFkXBO4Ejtk5A+z7L4yeFPi58G/FukJ4g/wCKgg0eC6vNK1R0S7ee1BJ/s4kgXEDBQxVcuCTzyc9Uc3oY+ni8NUkqOIqYdJU6l6c3KK1i6ckrtO7dm03s3suaWT18HLA4igva0aeJUnUpS9rTVOcoPmUo6crs73UWuqsfrX/wb5xYHx3jHbQLRuevzOWJ6ZySec9hjnOa/cK7H7xwe7Mo6hh823A6DOD33HHpnj8Uv+CAkcS3vxz8lgC3hezYhQSFxIQRhTwRggg4OcdBxX7XXaASyEtkbmB+UHadxGd2PwGOfcAc+PjLxxcYuzcMHhFrotacUn521dut76aH12Qyf1Kdt3jcTZXtZuUG7u1rW187Wtu1lkFQVYBSpCgZz1JJ6EHowb6c85Ipr4IIGcZ9sMAOh68AjnoSc9CeZnQ8kltp5BJHzHkZJHIGRkdODjtkwMMAggEjG7knBxnB56MOgPuQcnFZbq6S2TV9LaxSaSu3o1dKzurW1dvSk6jl7y3td91ZK+m1tf11IiwyRkdQfcHoTnjOOmDjGBkgUBQFH3uGOCCckfUjOORjnII74xTWz1JPJ69ck9Tgg/hgnk896aOMgbiFUZOW5z1yFHALHAXkgdewrVXaXT5q2r0tdpLa/rva2kXTdmrrSy+62nl0te9+xLtAYkkjdj1z0GeQOODnODngDBzTwgHc5znPUk89RwMD1+g78s5VSctnK9iBngZBOSDzycA5HOeamUBieoAAxwcEnuOPvdeOvTgjNaNJJNyUtVbXV6q781ez6NbdyLttLTsrdUrfcr7N9eu1lIXI4PzBN2eNvPJKkZHGRjHPJ25INNdV5yW68cDnI5HIzyMcA4JGPamtgbsE5UgDOe64JGcdzgE55GeSc00A5wc+uSenYYwRn+Ecfz5ppp9VsnbS6vbTur3XR9L6WsrKz26ffdNbet+t9dCVVDEHBJ2suO+F5ycgjkZ+gz75UDCqT03HaCMFiBgADj3HpyCcimhBzkkE5IOeoyOMY4AOemCc555w9doBBwMD/eILHIJ7HPoD6BVwcF32sr/h1XW6tpfp6sGk/wAPPs/x+9dSEjbwy8jnHU7m685OcgA9COAD92oXDA+oHB54+8TjrjGefwznrVg7dp25ABC4x14yFGenoxxyFwOSaYydCoPLDIOCOOSF4OOmc4AGOMgklpxWut+ybV9V+Fu2ltm22ZOKtZPZbpp9IpafLTX72yKMAkhuFIOFOSRjpjryMjOSccHnIy+MFWC4P8S88AnnqV5BJ6ngZ5wKkjXkjpknJ4ODj5cD7w4xkn15AFSqpIC9GBO0nBbAOM4J5GBjAPHYYPKjVb012irvV3Vr3s1d6p+ezdncymkmpcraVne3XTd36309dGiPKkEjhyVHy8YwcsMdQAOTzg7uc81E8mM7iPvd1+8MkHJBwCMAEj1qfbtPTLZGSeSeAc49AcADH4kComIEg3KAAhIG0ZGTjjOSctkAHrg8ccbRbaWmjsttXf5t631uldO4nd2ja226105bJP1sujVlppZxhtxHzDjcoHUAY9we3OQeMAnJ5pR95cf3SM8gD5j39cYzkE5GFJXLVIsQZhjoMBQRjk5Jzjv6DPHHfijy2OQdwBU4+7kAHJJzzk5wT1z9ea276LV9LaWXlZLztboRJJWShza3snta29k7a3Vtmr9WkNK5DkegwMn5cZ6nO4jJyDnGODxgU4xggsvT5SSVyTg9B/8AE9T1OM4p5UDJyOECgNgE54bp3B9TkZGaaVOFBYlFyCSAFGQCC2MngnrkAYGO9NNuyvbS63d1o353Wnls73uNJO/u9r8zUdeietk7JPp5aNDPl5J6Hc5yDgZJAwoPHofXk8EmmOqgYBJDAZJGABknHTPfaeRjHsaUqP7xYHALfN97npnnjvyCMcEdQ0sASGJKhiWJOCGA44yeF9D3zgqc5tSstErb722Sb0evf/JmMrqSVlJJXjsndNdrRvotr7batkR3FXOed4HlngEcqWbJ246dCeDzznLCmRnIC8BTkEtyAduTzggjrnGcnPWc7Rkk5QDev3vmLDjJHr1Gc9euTkRMM9MggqVGM5QnJOOPmHQcMSMgg4Naczsr2V7LdrW66d7Ky8+9rk391tRWzSadkmmm9FbbRPt3dhjbeBgq2COeQSTkZ5OCTkZyAM4+9xUQP8BYL8ygZ6gL65OPcE+ijjqJkTghuuSwJBLAHBGccDqPfHXuKaUVghbgfMS2OuWHzMT1zycdcg464q1Ja3T3Vv8AyV219E99uu14jqlrbW1vlFt6q9lfTbS2rI2/hJUbseu0t6En5QOOSemDx6FcIyn5uCyEA5zkDJAJweOfdvxFSFVGBtBA+Y5HIB6dOSPUAKO2cjAieMAMQCQpBOT1LYz0PbPAxxj2NHXS+y03S1i/K2zf2V20szPlXM5N3vb3dtU4+ezsk+/e1hgUbxnJViGJI7Z4Pbn1A4/PhCVPAPDHJxwq88fj1BGQBz8uDto2MSFQkMwKjkcE7umTnPUcdOeD0CKrYUE85ZW/vbVB7evGCD09V24p7Wt0Sez1Xuu+l+2/ysxqSty8trddtuS1+9t29VbV6kiocO2Wycc8kFRjk4+bJzwvG4kcHmkKrnIIyoPAbKAn0IJyOvJJwDzyFJb0HygnCgE+oBPXk5yT8ynGD06A1L8oAU5BB5XsD3LH+IZ79sfezVOS6ptvTSzd1bfW+i89GtFYHfltKyb1b3tsr/da70UdXdda5J3MAAOEPHIPHUgEj/PPpUbqcnC/KrFjtwQVxkA57n7oyfclRwbcsfC/MFySCFPzFTjJ9Dkkc4wexHNVymNyDgk8dyBt6jPGRyCSPYdalNtddnd3s1a3SyXbbo/Uhxd43k33Sa391rXpqlfp1STbKrsuecFh8u0YBy3OPxx16ds9KbggNxkgEHA4xxjkDB6fXBySMUjAnJbkN1JXjPYK3ZRxjJHUdurlVthzvIYg4wxyOuckk4bHAxgc9DkC721t1Wttb3Xq+mrT10SbepcZe87xd99ldKytZ73avs1unfszawYgg4baSSeDnOfbjHcKQOvNDqoO0LhSwwQBwGHykDr+WcDjr8weynGcnHpxwByfqeenA9O1RkcgqDjjcR7c8DpnoNoyOv0oT7brS1rdNrXt3WunT1ym27RinG0r2u9+WN9HdtO97/K2wnlgKAAOc7RjJOejc9ecgFj0JxTAAOGweRuDAE7uwBwegI5B7HkdKk6sMhirZIbGAMncOpbjqeo9qQ7sZIJDbjggjoOgGMjg8chsdyKL9O2z3e6fm9/u30bQKNr9NF8T5ntFNX6u+rW+7stkmzJPXaSACP4sdcnkjB47k9+oFDRxnkAEg5OAfrj1PHUEY785yD59wIyVKkgqOBxjGBnkE5PTOQMA8U9UI4bu2ATwWBAJyPUE9+/B3EZIrLstL2s90klvv56Xb6N3JUUnotOultVy2662S/PvZM2FQCAuC3Uj7uSMgYIz1yM4x0J24yYA5zkFSQeg/wB3GcA5GMjAHAHpU4UZAPI5zkEKMg8jHcdu2cgYyKiMaEHBIGCwyAcYPOSPXI69seoprpfZ2V++3ZP9bbjsm7NbK6u/TTe3S9t9na7domAOA25QSOnVuRyRwcBQO7Z+7zgghQA/KSFJDD7o3AHHT5RjPGFPY81IFkPA5CDhuoweOfU4bGAuRgDHalC7OGORzjcSCeQScDB3euQcDqM0J+fr0+9fjqNRWyTevRWva19LX6J/e3fSzGGd3Ubl3c53c8AA8nuCV+Y/eyRgYQggYY7j8oJBAIyAxbr2J5xnaD1zUpQgLkjsOB90c4/oGyfpng0FfQMCMcAZye/0yQc9/pjAXPfq9ddX6LW731/rQhtc1mrP4rtaN3jy+vS68k9EN2nKgYGccngkNzkk5GM54UenTOKcCoBUYBJBGMgjBXr2xjOOpxzwRTtgBBAz7HIwD68qT2I/zk2DgHHY9eTg89ccDI4GfX2pp31s1fa/W7Wt77Lq3fz1RaV3ZWtKyd9t4+u1uzv5CsvP0bdux1HzdR357fSo9qNkHIc5P+1nrjocgfUEcc4PL9hABAPPykE4UZ3dDyeo6kkkAkk4NHzsobI7nAIzjOBgjIPBOfmo/rv+ZbhFNxte1tUubdLpeNtvPtra5Dt3Y4bDL9Sfbv8Aj+OO+U2bj6dgAQAQOmfw4/8ArgYlUHbhvmAb8cYwCTwO2QQMYPtSDhdw+ZlyQBgnqMA9genGCD067QRt3XKuui6O9vXone7fa2usL/g/r/Xci8sEjjLckkqeeDz1xnjoenZQTy9UC7cgKAMnGSB0+vJzyT06gjjKsCxzg7htBJYEY5BJGTknoc9TznGDTlUEbQDg8Bl3HOBk9SxA6knKjIJ4PSov70/RLbXVXV+6ej2JTfVPSzfnt2s7XfbVeowIMZ7jCjt/eyR6deTnuPXNII1BOAc5zkMcADJ6HqOT1zjPHqXhTz3+XP8AsnB5yOTjH68djUhUEkBcYwMnI5PXqecevrkHHApuTvq29t3rq0/NX2W2yWnQE9Fpbpouultn57bvRdUmxVAByQQOfQ4GehJXr2XHpx2BjB6kYJBGMgKckdM5BxzyMcE+8u0ZUjByMZAAAYD3zyOgP0FRsN2cD5cANg4wwzg+o/3jgDtg9Jb5kkutr+fRfL/N+olC7V/eutrWd2k9k93fbV93or1j3wpITI4weSeNw4wue/PcetKNuWYZUYzg5yGGei9xkZ5JJzk1IAQOQvO0EhTjjr0I6jqAAe5yeaAN24Eks2Rkew4GPXPA5OR61aktW7N6a7aXXS2/nr1t0ZEoRTTaS7dG7W23XTye616mCCF3FQx+cgg9c8DJ5x278cnOSVXOSMkAnOfmIUDIzx369c4PXryqoRknp0YsODnONvYH149+cmkweVXOCShKnqoBzwSCCATnv0z1OYk15Naa25ei6Lpp10abb3FFXkrp7WurvqktdLa2vZNqK1ugOBkgY5wT2AzkkMT3H+ccBBxj+6zbzzwcE4OAckgDtg4yB1p4AGARjOSTnP3QeR6Agc44LE4HTClV7BgAPvHnGe4H4gcHHTHGKS2+Wv8AwL6/r+I3BtOUfhUkkneTu+TfR79+na+ggU7RjBx0IH3SxJwBznIOOcjn0By8gADaRvBPI656H2xkEg7cAkYbBAoUH5sEkgAEEdemCCMgccFsjAJycZFGM8kE9Tk9fvH5cjHHbPGcDPOKhu8ldOWi16a9tWuXt21e5UY80rWbS5b2cmr+6nrbS9nb4Uu9lrHk5XO4ZyAcYz6KeM844J7/AIbnblwBjODtxjacA5PuMHOeoByxOOptZifmKYVtpJ5+bpnBzn+EDnPrwacsXCl8MTyMngEZzg57ng479hlsF0mrPVWVkt72vbs7aW+WnXSNOz05tOV66fyuS000/G9l8MrrGrNlWyuTk98cDgjnk5wTjOScY4qwUZRgqAwBAB4bnjkZIAGeuM5PJzgVIkOFPDLnawGCSe+ST83uOTnHrwX7MHBYkL94ZOVwCB65Izx2yc8nIqVU16K2jv8AJvXV9PPzuX7O6V+Z20d+Zq2jdnbS/W3TS6syEKcgY6DBPYgfT3x7+hNTbC4UEjdjGAApPoSSRxxncMAAnqOsqRgqMISxIznup5wencDIz1B7AGpDEyFiBjnPLfdIAAAIyQAeuSxz0+UDGLqdE3ptra60vbqnbp0Wr1RapWVtWu6k1/Lpba1uVX1/UYkY27TgbBkOcliQ3POCQcbsEY5PPJ3VLGAenBGCAAQDjr1wMAEkDnPU4wKaRgLnjqSDgjBJzk+2Mr1659cSohK7gTg5IBO3njIHQ9cZB6Y5XBJqOd9W7adlq7eT0v0/zd6dJKzstFotdE7X7a7Jtv3baW6oQp6DDDLOwJyqt0BAHJPGF7DOQKUKCTnr7HJyfXjnHcjpg+tO2bcEDOCQFAxnpwG78kE8nHcnvJsYEk/eOQc9BjgjPPy9umO3blczjbW/SKd+y31d7elo9L7msYJr3U11bWmujsvK1la7T3s7kZXIbgA9AQDycehPTrz+JA4qqQBw33fmG4A7m4GRz16jB65/A1oCNirHO0FcgfeyWzjnOSM/dHG3vkcVUKEEDg4yM4B/h6Z7MONpHJPQcZF06ifNazW260uo287Ky1/DW4TUoxTldt30bTSstFez1bTer0Tsutuu+HCD/hM9CHVhc5Py52ldpUkkc8nHTgjGa/jb/wCCsEMaf8FGfjrczPFJFDf2LmOXnzNscZI2k4ySBkDgg4B5r+yv4eLjxbozk48ucuTnBIUgDqCO+eeOvBIFfxu/8FVhZTf8FDvjt9qVpVElm+EDFtxjjKlccEjGfQ857V8tmN3xBgrc3+7WT3Xxwet0m1ey2bX3HvUZwjwzj3df7w207LaMVu1u2rfhrufGeGkuBqV9Kk8gsg9naoQYoEIO0qvKlgACSACQeOK6y3W/1DSopdjf6THMrhV2q6IgVCWIGETgkknoc47ro2kaOkEOp61PFDZrp7sglbyxGVUbAdxHmMCuAi8nAzyMVX1DxVqviuPSvCfw+02Q+Yklvcar5ZQSKx2uy4QBIwDx0384Jzkfb1PZ4elBKUZ1LxahBJyd3Fe8+lrptereu35Ko4rEYqdRLkpQ0U3dQUU47PZJK62d3Z2Psf8A4Juazp/hz9oPxFdHTp/EGtx+Fmg8PaNZxNMt5qs4aOITqAVS2t3YPNIy4VF3BuTX71QS6j8KifEGsLF4y/aF8f25h0q2bBtfDNnINyC2ibKWGj6VEweeU+X9plR03HIr8ef+CdUXgb9m74heKPEniHHin4o634Wi0zwloat51y+p30rRvJ5QJeC2iVgbiVgCEXcrA9f1Y1C5uPDNrrHijxZqQvfG2sG3PinXidyaRY3Dh7fwxoSkjy/LhZUcQkMz5LEk1+CcbVfa8QV1GNnGnQhOzurqC5kl16czsm3eC1SR/Sfh/TVPhrCS5tJTryi2rNL2iS311Sv0W3a6v2On6b4G0zVvF3ijVZNX1S6uPtPiDXLhi194o1uV8xaTpu7Lpp8U5EEMEJCFVDOOWNS+GdL1fUJZvGXiNMeLfFI+xaDph5j8NaHkhYrWMAiK4dcNPKoDbiVJwcDkLqz1Lxbr+mXep2zwaZpsds/hjw/IDsgikKltXvoyMPcvGcxh1GzKkA4BPvnhTbq2qXuoRxvJJpiDTdMjALBriRBE+0DOX3FmI3DA54xivEoxjShGrUSikm0m76e6m29Fe9vJO72Pp51vay9jTT0aV9uqTa0fVa2e61122vh0k0dvrenQ7ljluxZCJVYySyIpVhHgHc8j8s57FjkY4fr2v6neapJ8MPhncw23iC4iRvH/AIzQ+ZaeDtJZFR9PtZ1+SfX7uPcEhjYvBneVyCaqaprV9BqEnw2+HkkEXioW/meMvGBAl07wLp9yf9I2y42TeIbuN3S1twTJE5V2GFIrkNc1uH4d2Vh8NfhRpLav488QPLLpsN0wkuUnlY/bvGfjC7bcyIHZ54o7htpZdkfy4B8ypX+sVFypwp8yUtm52aVu/Lt16321OqMOSnFX95Japq6vayV3pbot3dO+hr+N/HA+HtlpfwP+B1mJvGerWk1xcXpfzh4et5gf7T8XeJ7rLM2oS7pJYI5nJMjDYAvB8c0S1Hg0w/D34csviH4g+Jp3u/EPi6+YXBWeeUC91fVpjksEZnOn2oZQihcLgEia8jsfh5p+seGdC1S48UeMtfkt7nx14yRfO1LW9bu3VZdD0uTBe306CRjEiIVRYlJKAivpz4S/B2TwtFJqutQRQ63qFxYzyoo3fYLRoPMW1klyXdixUyZYAMO5GR1ey9mo2aTlpdPWmnayS1tJ/dfV9jPnc200uXpa65nrbW+10vzYz4V/C6y8F+Fbt1lk1jxBeazqsura7Ou681C6EcokHmsCywKxIjhDBUAxgA5HVW2q+HPh94U8Q+I/FmowaXpGn6KrmWVgZZ7id98ttaQj95c3TuCqRRgsxxxk5G94h8deH/hv4Kjur+Oa+1XUtY1iHRdDsEM2p6zfStIsUNpbrudkJI8ycgxxKCWwBk+A+EvB994ihl+IXxruLSP/AIR+HULzRvCk0yt4e8L2EyPKs2rbm8m+1hCVKqyuiSHaoBxmKlf2aUFrdprZJW5Fd7Nt3el7/F8xU1zNx12sm72uk167WSbdm/mc9q9747+Plg2sauuoeDfhFHo89to3hu0Y2mveLY4JQsV3rU6lXs9PnVd5gJRynDHGK1NQ1fXXbSfhz8GLHTo5h4Rhs9W8QW8ITwt4MWDCtIGQKl9rRXOdrNIJADJn7x1PDh8RfGDQLrTrWTUPBPwysbK8W81mWJrXxB4yiE37u20SFgr2Wmy4C+fhS0eTEQrcbPjLx14L+FGiaT4d0uK20p7Xw8JLTTLdDPLNO/EctzHGTcX9/Mcyc723lid2M1zRk5T9pOTUVG61S5tU9NHdOySSvZ21u7lOHKly6ylbzd249NNlfa6WvRHlniP4Z+DPhf4O8VahZifxV8S/E+kWkt94k1ErPr2qXbTxG5kgV9w0rSozu2tCISIs5J61Cl5r3i2FdM0AweJ/EFjY2iC4BP8AwiPhaOCHBMzDA1HUkDNlAzYbAwTya914H8eePvCWt+KvEC3nhbQbrR7W5tbfc39va5F9rhVjcynYbCxkVvlgh8tgvysODX07oGhaL4M0a/0nRLKKwt49KtZfJhQBjIbZd7yMAxdpCSWd2ZicAn078uUq9ecvehTSutNZXto36Jd1re3bmruNKnFOzk5Wve9nZN3e7te1uj1u29P5g/8Agp94Uji+LuhLqF/JfXyeArCXUdRlASKW7kMgk8mJcKkKgFY1AXao+Yg9Pyphu9O0ImKyjaeVPLkNw2AzhSSQGOTg7u209AMgAn9mP+Cp0MLfG21idQBB8NdOuHXIXc8nnFcYBBHqcYP3wOmfxMv23Ca83qFMQjiRCRk5JA28fcwuCCOuenA/b+HY0aeSYWp7Ne0UZqM5bqMZWvrro/m7bWTt+FcUzqVc9xFNzk6bVNuC92MpNQ1kt7X1totLdSle3N5qbyahO3kw3FycgAgFQSFRVHXoOeTnnnbx9l/sSwGfUPinNFGAkdhpMJJB43SODkAZwcDJ9+cCvj/w54c8Q+JfKtNI0+8v7pnO0tGwtYlYjJZtoUY+vPHIP3f0Z/ZD+GWq+BD8SX1m4t5Z7200RnjjfKwsZXbaQGzle/fPGQRVZhGrVwiqxjL2d4uU1tzScdO13bTl2una5nljpQxXsnVi6ri2oK3Nb3eaVlflsno+umup9O6xEJIbeNVJKQ2MYKrtIJYtk46fdOSRjjGegH2L8P5FsPgp45umZleKW8DdmZYbIscsAeBkk9AAB028/J+oXGh2VtNd3t9bwJEkLktIBI/kPmRYo8lmfjCgAk5ySTk16z4b+Jmtap8GPiTFougix8M6fa6zLJqd+B9vvPO04IDBCPmRRs3Kzhcgg9sV8Xj53oVIR95u3NZq6jFp2679vLrc+2yuEXiYTlZNJRTdknd6LTrflaSd7tLXQ/nN8G64un+KfiM8bj/SvFGrzKTnJYX87jjB55QKezNlehzQ1fxvc3N/Nfsoubu3UKkZG5PkfGSrcjIwC3sSPUePv4i/sa/8SyNHLJcXWuajNEpb+/cyMN3GejEZ6DnHU44fVPEmrzTTeVOLVZVDNgqWw2CQTgk5JPIOfmPPNfE1sZy0KVJJycXLbWzb0TurW019dtz6T+zJVMZUr3ShJpX00sopv0un3t06X968feOpPEkcMl3siuJbaGFIYiu2FIR8xYAnbnaMLjnnkGvmrVtaS81W3tYCfs1okiop5G/qWOCAduMhh23epzUubq8wzvdPI2whssfukdSGI2nkjIC4zznkjj7R3F3JM+cRq/JPOSWxgdRuHPTA6HbnFeHNyqVOaaurtNbpaJPaz32dt0kj3qVP2FKMYO3KleWqd7RVrvdt30V7fM9s8E30eqeOdIsUYmK5uLS0ZVJBJLoOfUgngZHuAea/UTUPAOpJc6bpGkW8s8OorZwmMRkAu2wHDdCgX5nZuCuMEEYr8mfgsWl+J3gxGYA3PiG0hBcZwHuIwDgHkAkrgE8Dkd6/df4//EjTPg94Os9O0FYr74j69aLYaRaqA82j200YEmqzBcskgPEIK7hnGcYr7XhzGUsuybH4mceapPEQpYeldXlNxi0mm21q7u/bRdD854qy3EZ1xFlWDpy9nSp0J4jFVVranGpFNX0SUrN26666o8N+LXxJbwBoK/s//CqSKXxbraD/AITzxPp5HmadazAK+k286hikhVmE7BuFLKcEAVyHgLwnb+E7PS7TTxDOVbztUu5QHRrgA7kdiSXkDAjk/eIyfvVyHgrww/h9ZNS1Kdr/AMTayjXur6hcsHnjlussS7kFi7ljjOSDgDjr9ceAdC8L+B/B0vxg+LsjWHgPR/Mfw5oDYj1Txz4hibfDZWkDESyWhlC+dKA0arleCc151ZwwNKrmmYVPaYir7yjpzK7XLTgnduyVkk9Fe9z6bD0Z4ytRyvLqbhQpKKc4x91KHKnObvZXW109drPR+s+G7rwb8IvB8vxv+LluE0UrnwR4JlcJqnjbXLfmB2t+Hj0uKcL5shHlmPJb+7Xh/hzwj8Y/25viLafEf4mT3GmeBptbtNJ0DRgWg0y305Z1EWjaBbErCkSwqqTXCINzDIbkCq/w3+H3xK/bq+Kn/Cb+MUm0v4eaFcRwabosKOml6VpMTr5Gi6VCFERmeNVN1MoG5gQWyOfoH9tv9pvwZ+zX4U0P4P8AwhnsoviBpcMZWbTjDJa+ELUReUzOIgQ2qyY3BT80bHLEk5r8U4gzzE5tmjwOXR9pjKnuymm5U8HTdk7yjdKaWspPZvq2kfu/DuQYPJcpWaZq/ZYKilKlCVo1MbVXK01G6coP7KSTldt3V2/dv2o/2wfhz+w94Ff4KfCi10m7+JUWnraW+nWBimtPDQkh2G91GSLIkvujhZDuD4znHP8ANB418deJfiD4k1XxX4r1e61vXtYuZLm+1C8lkmdnmdpDHHvYlIkJKRqm1UUHAGOOe8UeK9c8X67qXiTXtSvdX1fVbh7vUdTvZXuLi6nlYku7OWO0liFUnCjgHA4yImIUsBzgFupI6coDycDjvnrlc17vD/DuFyai5Je2xlf3sRipWc5ybT5YNr3YJ6qN9fik7pW+Z4l4oxnEFaMZN0MDQvHDYSDapxjolOUVaMpta66JXsluWpEQrhR8xBVmGAdxxnJ5yRxkn9AeLtro1xIkcvlSLbvKFM+07WycgD/azjPU8nGeK6DQNCa7T7XdKywoNyJt/wBZnksRj5lOOeOPXHX7H/Z0/Zw8f/tMeKNH8A/DzTUkMeoJd6vevGfsejaWjgXN/fTAbVSNdxjj3DPJ5617OKxVHB0ZVq1SEIQV5OT0S076X20u29kmfP4LCV8ZWhRw9OU6lRpRjGLuruN27fBa+t+mr00fOfs8fs7+Ovjn4w0XwX4I0G71fVdTmhggt4IZGitYSwEt7fzKCtvbxKC7u+AwXGfmFf0UT3HwE/4JWfCsaN4aXQ/iB+1X4i0ow32qERSR+Enmh2yGNvnFtFbMeMFWcryRXlHjH45fA3/gmr4DuPhL8CptN8X/ABz1jTzb+NviGRFMNGup4gs0FpMFdllibckUEJViR84B4r8uvBXhHxv+0n46n8XeOtV1KPSdZ1RBfajfvJLqWsy3VwEEUIZtyRszhUWM7FU4ABPzfETWM4lre0qxnhcnpyvCDTjUxfK1aUkneNF3XLHeS1e7PuFPBcNU/ZUeXF51VioymrSp4Zy5fdTel11a2tfTr6F4c8C/G/8Ab4+K1kb261jVdM1DxLbReLvHV+tw+jaFFf3GTbWskn7hJFTcsNvGd7FFznAr+uv9nX9mP4T/ALHXw9h8CfCTQojrN3YxDX/GN3Akmv69dmNGmlkvCrSxQmRj5dvG6rgLlSRzzfgb4H/Df9lj9l74OeE7LRtM0C21TxT4e1vWb+58q0lluHjNxPdareyBSyqnlsFkYooAGwE5Py7+1r/wVP8AAfgxdQ8Ifs/W9r4q8T2bNbX/AIru0J0PTbhf3Un9nghmvJY5AdjjMT8EDBFfRZbTVSTw+HwzVGlaFOPI7JK1nJvbfS9ktXyvd/OZnUcKccRisRBVqjlOrUlUTbfuqKSveyv8Kv1bvsfos7WWnSxXniLWNL0iCNWuXl1bUILNGd8ksTO4ZwMEnjCnnkE509H8R+G9Y0q/v9F17R9TtPI1OFbuyv7aW2kkFpNGI0mV8MckDHOfQNmv5BfiL8ZPij8XNXk8S+OvHXiHVtQvZA/2SHULm0soUkORClnbyRwpGAcDMeSoHA4NYlr418a+GdIXT9M8XeKtN0qGWS6FpaaveRxLOFyQEEqggk4YHr37mvqKWTVpwftJxi7XUVdpXceXVyWt021y2vbbc+Rr5zQ9pGEI1Japc7aad+VprVvWzdrPdeh/XJ8DtHj034KeAdiqFu1124KDDZkfWb0llYHGCCCTnkHqM8d9cWwwshUbmY5HI+XGG+6RknkNjOen8XPzt+xz4wi1T9kX4Ma3q96UhtPDt1NqWo30oVLeNbidpJ7md+EUYBZ2YjIznJ4+X/2l/wDgoj4Y8Fx3fhP4LRQeNvGcoa2i1oNv8PabMSyM8Uig/bpY+SqwsxZj37TSToU2neXLLlb9LLW99LrbVr7zrknWkpRv+8XMk0tdI+nRtW623V0fZnxT+Lnw5+DXh+58TeP/ABDZ6Pp6ITb2e9ZNRvZFBxDZ2asZ5JJGG35VGGIyDnI/HD4m/ts/ET42+JNEuvDXgW38K/AX4deN9F8aa94q8QTrb3GpafoN4lyBbySGOJrlxGXhs1zKWO0jPTxXWdKOo2snxz/bM+Id5a6LeyyX+ieDpbhhr/ieRSZItP0jRtwOnadn939paKN9hDFscH5N+Ivjn4mftcan4S8M+FPDF78M/wBmW08X6N4Ss/sVu8On+fqV6tmtzNcwhH1jU0VvNZXeVI3J3jHTgxOM9pKVOG1vednyxs4tp/zSs3p0TTbvE9OhgvZKNSu+Wd1yU3aMm/dS0t56u+mq3ufX37UX/BTL4x/tg+If+FJfsx6H4h0zw/rV0LF49Dt7h/FPidpSIWN5d2sa/wBm6QS2TKTGRF8xJAzX3B+w3/wSh0b4WXei/Fv9pV7Tx38SgY9T0fwDM4vPDPhOaTEqTagJC6anqqHDyvKXQOORk8/oR+zH+xv8DP2S/C1j4f8AhT4Yhn8Q3WnWb6/4+1uCK58RanczW6SzyfaZFL2sSuzbI7Z0AjHIJHP09MwjDRo29st5kpJGSy4GTkexI4yGA4GccKcakbRTs0m5PRvWLaXa61e7e+h3e1lRXI0lba3mk7rprazdt/vLF3e7kSCERRCNFjhht4kit7aBFVI4beGMCOGJVAULGoAGABxXzt+1h4evPEP7PPjPT7G3uL+6v9R8I2ogtkaSVI38QWiySmNdzEIgLu23G3JIIGa9T1/xX4c8Fadcax4t1a10bTreKSR7m6lRGmCKWMcEZPmTO33UjUFmPQA81+H37cH/AAVu0/wlpEHgT4LW0mreINVuZ7GG0s4xe6hO4ZooLu/WJJFiiSbDw24VbhXCnjBrgx2Mo4am6cf3lS1404NaNcqbm+blhBXWstEk9Lux6mV4LE4jEKpJKnRjKLlUqcyV04tKCs3Obu7Rim7tWt7x+jH7T/7Y3wt/ZW8CaHpWpeINNvfFtn4V0q1t9JiuEkaye1sUjafUfLbMIRwxETbXdhsHJ4/mu+IP7QH7TP7dnjW80D4Zzato/g67unt9Z8dXcdxbWkVkZCJYNPZtgigVCVjWEiU4B3EDFWPhH+yD8Xv2k9f/AOFl/tIanq9ppOo3h1NfC081ydW1V5XaWJb0Svm2s2yoELj5VOCDhsfZvxY/aM/Z7/Yt8IxaFDBpl14ksrQQaT4G0E2xkFwkflxSamYh+7wwBlafLsTjLEV+YY/O6tfFRweXR/tTMHLljTpLmweFd4pN8t1VlC+spNwi/wAP1fL8kp0MJ9bx01lWWRinKrVtDGYtRSbjrZ0YS6RVpO/q3qfAz9kr4Mfsz+GJ/GfjbVtNje1tze69428RXESX1/Mq750tWmYOsbsMoi4mfPJ3E18OftZf8FbZbeO9+H/7MVtaaBoUAlsbzx5cwg397tPlsdKhZQYkZThZnBkZfmUgECvy9/aU/bG+LX7R+uTTeKNZubHw3DM39meFNNmkt9Ks4Nx8tZ4oyguJNhG4yBhnlTjr8izy/aWMcyhlABHZU45AzgfKeTnjPOM19Lk3BcpTjmOf1FjMXNKSpSblSpfC0n0k42aSXueTtc+Xz3jenGjLLuH6f1PCR932+katXo2patKVnaTbcuruzofE/ivWfFWs3+t61qt1qupapcy3t5fXkzzXNxPM26VmeRmKgsfuA4UZz6VypjklkaRMCMZJdshBg84JO0kHjqOwxnNUx5UdxtG6VQoVFjJJZs4xnOOueeRjGDzx09hoOpas0cZhcRhgUto+F24x+9YY67hxznpkV+iU6EYxUKUFGEbKytZW5UrJWXd9lpu73/M6ledWcqlSUpTbu5Sk2224u97u9vNJJu+upz8MUkymOzTzJC+03Lj5FwQuE4PJHJIGehHt6X4O+Gmt69e2trYabe6hqN5KlvAsNvJPcyzSttjS2tkVmd2YgKADg5GDnA+2P2T/ANh74qftG+JLPQfAfhae7t1mjOo+Iry3eLQNIgJXzJJ7p1WOWWNfmEYbezAKASOP62P2Pf8Agmr8Fv2X9Mt/EmqWmm+N/iJZ2qT6j4v8QrAuk6CVQPdCwin/ANHjhgYNsmlXeqj73IFcuNzXD5ZG1nWrtJKnHWV9Heb1UY7paa301sztwGUYnMnzNulR0vVlG7duWyjok7aPW0ddbs/IP9hj/gjXea7Ho/xF/aUhuNB8LSrbXll4Iwya5q6lo5ImvCebaCUcSQFVk2nIweD83/tVeCvDngr9r74seDPBmiWvhvwroGk6NZabo8I/dW0UUTKAFJGGcEs5LcsTnOa/aH9t/wD4KlfD/wCCum6x4N+Bl7ZeOfiIiS2tz4okaOXwv4cnUlDHbSLuW6uITxGkBKhlAPYV/Jz4/wDjB8ePjn8VPFfiCG7vtY8U+Jytxr19Bbm2lugxZd5cooht4wQsZBG4DI65HueHecZlDiSlmOIw9SrFU5ww2Goxbl7SXLy8qd29L3lq76O17nh+JWRZVW4WxOWRxNLDus4zxOJqbQguWUnOVlZtqy1Vj6o1S90vR45ZNV1PSrJYVVy8lzGr7MZ5G4E8DgH73XjBA8e8QfHP4caAreVfS6vOrMdtvG6oT127yDGw+XBxwCfXkeU2X7NPxI8Qg3njXxPbaJCTny5bme+uJARkLhHaMPj+HsTjcK9M0T9mv4V6QLefWrvVPEUyn5kmk8iy+XnPlDaxGR8oB5796/pOGP4wzNpYfBQwFOeilWleaWlm4NN3Wujjpord/wCRZ5N4a5NeWLzCrmlWFr08OrU5Ws+VWVndpW99dmePav8AtSavdb7Xwr4eghLSFY3aGS6mIyVBAjDLuz3IwTn3NZdq37R/xLKrZWutwWso2hyjafabMZHzsqFlGTnDZPG08CvtHSbPwF4VAtvDngvR7RkO4XL28VwxPbc8is4PcnP3hyfmWr0virVpgUjuTa2oZh5VpGsKDJAChVCgEZwCBjOBhetbrg3N8a1LNM3xNRXTdKjKUIa289Ur7WTtb0MJeJHDuVJ0si4dw1JpKMa9aEJzfKopNuzbb0aXtOr26fK2k/sm+MbthdePPGNvpxcjfbrcvdzbGOQdxk2hiSQR29gTjgvjF8IvCHgKTwfDpFzd6rLqesR22oyzyARSxbgGWMDABbknB/hz3r7Nme5uXUyPNNI3zq0rkg/MWBAJyM9cMTznscV83fH6CRdT+HsbkkHWo2xkHgMCQM4HPQnH8RGBWWd8JZRlWU1a0aKq4hVKK9rVlKpN81WlFq8nvLm7ddtbHdwxx/nue55Qw9SqqWGdHET9lSioQXLRco3SSu72klzS17Nae16Jofg7w5aQJpXhbR7Rvs1uXmlt1uZfMeNQS5kDsG3ZbnHrzityTxBdJGYraQJkAARRrDEuD8yhFA4A/hxjtlVFUWJlhhkOIgtvAhUqASPKU7uFGTkd1ySS2c8GgYVYOgBZWYEuoJySVPORg4GBx02jsMj7bLstwdGjRlQw9KmnCHMowjFaRipbRV3davzvdH5bm+d5pWxeJjiMbXko1aiTdWb93msmrzemqWq0vbsy5LqN5Nh/Od8DGWdsqSR90A5IPX5j2JyacGuJNmxm4TavznJB+9/EMrycHGeAM9ahig3KdmMAgM3TAzg46dR/F2PPatCMIJFCoPkGAwOMkntu+8RxnBI46HHHrRhCOiitGklay0s3ey2+/pbufPPGTquzq1JO6Scpt6J6q99kmvw2NO2sciDbyzfezyc4O7JAPygAjgHtn1GvHaW4cOuSY35ULkZABI9SBjAxyenTgQrEUgVmdt/BBXBG1jngjr6H0wBndSh3UZaRRublS5yyjof4fvdwDk4GMnFOLulFaJ3slu9E7JJ3vZ2tLuvI66ajFcz1uvhbT1XLfVu73Ts23o0nZaVLvyllIiVgY0JBAJBJPfaMkEHB7AYAOKrqSJ4yGCsI9xCgphn5znGDxzx1OTnplZw4DFVK+gDcncd3IPO04AB29OnQkVoDKblnJyVAxkjgAZ24BBIGME4yQcjpxpW+C0W7PR31bVl3d7aq/S9u+vPhrupJuDUbt99NHut1otLt7bqx4v8AHudWHw7X5gT4jh3ZI5IYZ575zkEdjyOa+qrB2/s+HzFZlEMe3HQAIvzZxwcn3PUAc18j/HaZ3uvh4hcEf2/ExCgEE+ZjAxzznBH8Prxk/WGmM/2C1Csdnlw+YDyT8g2gg/MD6gcck4zjd8blT5s7zlN6RlhUn2/cw32Wl+6a37H6Pn0uXhThxcrvKOKS0s2lVjZ9HdaWTfzKyyrJfmJQQqvncTkknPygdAMgMT0BHKjirN45RTH8u3aV2lSW2KwGcHJJ3ce/H41UXN4wTYZDJwqMMgtg5J56dDgnGMDIxts3lu4AJxvZMHcx3BgexOAfXjkd+jV9nGcOeENW1Ff3fias9+17db6q97r83UKjw1ScU1LXXRXd1ZWbs2utlvrrdGJdTMpMWNqhkBzhiF2gkEEAc7fQ5Azkqat6aysZjjdH5aHeRtB4GG4G0HoBwR36ZqpcW0+4sSNyJlyMHBwQM+2APfpkVoaXEwR9hV4yqB2JzkEDJGe5PG1c4HIxXSmoxb6OSvG+y0tZN2tvfX5nkYenVliFzpqV9HbR25XezvHd26baPoZVxIPtVwwHEbMVJOOTgHJJwBk+mRnJNQxT77pGRVCFUkUsflLLuO05yccbtqgkcAnA5t3sG25YBBgZLsR1GRljwAAeTzwePes2WNd8RTd90yA4ChVHIyBj2wu3k/KQOhpuMkrPZJ3vfmbUfL1WnVXbszShBxxMea7anZLVpt8r3tquq6pJnR65ex/Zo1jVS5jZ2IJwQVAO4HjGckgYzk55rxb4vuJPhn4lmzGqnT8KQfvHDc9OenQ7jgDHGAPStWkhRLJQrYZR5hGeccZBHVc9TngHpg4ryf4ySCP4b+ICillksQEbpvwG4HPJHQk8EkDPJr5DiW39k4y925UKi0s3+VkndLzWt0mkfpXBsZPiPAX5Yr29F6PzhbXrrr5J66j/AIEc/Drw4nC77fBYAnGT8248HPzDHI4xx1r2e5ixGqs24R7yCFwX43A856cjJIGeSD28R+BUhX4d+HiQGC27DHTkqMHjPfpxzjHXbXtMpkeJejOyEqxwAo7g5Oe5HJ47nha7MifLlGXynKCSwtBvqrckel1a17u+tvkjyOKYqfEWcpRlO+Nr3irtpe0VlbV62bdlrbZaIznC+W3LIxjxllPJ5zggEEHt6keoxWU+2IKRkljtdmAxzyNgGAGA44J9vWrd3f6fZxk32pWFsI1+7LcIhG4HICbhkEjPqQcc8Y891b4oeBNMjHm6r9uePIKW0bMu7PZwpXOQOeOCMkdtcTnmWYO/1nF0YtauPMm+j0infporaW7Wv52D4XzvNHFYLK8VUUrWm6UlT3ju5KNujSvr1bbR1fm7XZQGYswwc4IGegyeM9AD8pyM5xVgh5Y1RVbeN5JU9znGfXHTGBgZPGCa+eNU/aI0m085NN0mN2wwSa7lVnOTw2xCp3L1xg49yAT55P8AGj4h+JHW20Kw1Jtxwq6XYSnAb7ql2Tnk5yDk8c8EV8zi+PMpg+TB0q2KqLReypSs3dJJ3Tdt3ot9d7s+2wfhNnlaEZ46thcDTXvN1qkXZOyvyJ9t05dL3PsKZFgiBuJYoVQHc07qmTnqcnpjkHHA/E1yGpeNPB+jg/bNcsmIOWWF1nfOeMBc56YHTgjHcV86W/w7+OnjP9/JZ3dlbSlfOl1O8aA4bOcw7lwABnpgZx3OPQdE/ZZu5ZRJ4t8XxR4CsbewiZpM4UhN7ZGccjauRzjnArzJcS8RYyzweTujTfwzrpxV2o6u6jf7r67X0PoKHAfCOA5I5lxFCtOFm6WG5NWnFtXi6ll18vR3drVfjr4Tsiw0+C6v5UG1ZJCYYySMAEPtBwAeMZ4z1NeG6t8VLu98a2vi3TLGBdWsrcW1gkETzYMgIYlACXcA8tgDsOSAfrTTP2f/AIU6LE8lxYahrki4AfUZjt3DJPygrxyeD0Xj5RxXnUWh6Hpn7Q3h+w0vRrG20yLT1YWUcSSQlhCT5jqylWPGckHBGevT5vOcNxPjHgvr2Np4aNbGUKdOnRteE5ySjNpcusUnp3fqfc8PVeCMtWP/ALIwaxFXDZfXq1qlWTbqUqUYOVJ8zl7s9m+W3exwCah+0F4/wlpZa2lrKjFXeM2Ntsb7xDMqjaAfUHt2xW7pv7N3xE1Z1fxX4ig01JWLvEJ5buVwT8wJZymduSBzjGOh2j72lvUitywyiqWVoYogiJuJIGFCqoAKjAGM5XnrWUl1H5pDRooEa7QRlgcZHIYHHbnJx90Ka+owfAdGajLHY7GY6dlK1SrJU9XFaQi3K109OZrpo9D4fMPFipScqWWZfl+AhdpOnSjKSTaV7uKjda393RrRnzdoX7L/AII08wyatd6lrT5cGOSXZbswzkFV6qW9T0BHcV6rpHw+8IeHFMel+HNLtCGUrLLCs7MQMnLuG5zjpn0zmu+aV3kAUhIhhWyOMhSCAvQZ3NknIGcjb3zZJI1uRC6llWJipBJILsAD1JXjdyemDk9q+kwPC2UYVL2eCoKSteTgpTveL+Od3e/XRXv5HxOZ8fcRYuaUsxrckle1OfJBJ2VlGLitNVa3ZIS2lWJSEfysllEFvGIYyBnsgXgjPHp0zmrFvfSLvuRCglYmIrKCw29Cw3kndjB4wAeg9HQQIkSqS5DSEo4G5i3OCe+DuG3HHp0pwtyA6yK7shQquckM4JLFT/D9c89eyj3KWFw1O8YU4q3KkopbdfK/fTdrzPlcRm+aVqqdTEykmr6zlJyTsr31v00SbStoUby5naSbZLlEK7UTjnPJ2kn5ecEeuO3zVJArNKsaswDr5m4lmcPgdmI5blccbcHk05bJvMKKpdyRIG6kAgjLDPC4HHBIwoOTV+LTXQKhKlmKtvVXbBIOIyV4yOpO7oRzg12RlClGKSUXde89dNNLXS+Vk0nZO2/kzWIr1nKUqlTXVK7u3y2fy6WW1uxJpqyrcwRHhTKXf5txYLk7uDgH1AHDZz2r5R8BOD8fPiK4O7/j7AyD90hegHI2kjI6kkYyTur7R0nw9qE0iyxWkjOhlMjMXjVI0Vmdgz4GM8k49ccA5+Tvhf4bZvjB4+1/VNT07SNINzeQvdXMyFi64CCNFbMm7bzsJPGACflr4DivNsHhcxyOdbE0Yxo4x1KsnNN04xhbVRbad3vblu7X0ufsXh3kWbY3J+KKeGwWIbxGWqlh4zhKMatWU48sISkkm9NbX9U9T28xMqqFTdGNpwysTvbgghsZ5POONuMgjJL/ALEz4jfczFfM/dgkZH8K44IGOMHLE4zUGv8AxB+FfhwxrNrl1rlyUPmR2sX2WFivK/vJuMZAOc/dAwRnB8t179qPw7pi+X4e0LT1dScTXchu5gPXEWRn1AweTz664vxQ4ZwcXy1p4icXtTho7JKylLl1umr7NLR7nJgfAzi/GSUsRSo4KEmv41VSk0+W/uU1Jp9Wt77pHudp4fv7yRUtbW5myMgeW7KcY3An5e3TOODj5cnGm/hs2MPn6je6ZpcCOQ6Xd3DExIBBYIzZJA+8B0PTPFfGWp/tHfEbxPILXSYdXmiY7Fh0uzNvGMjBBaNRKBjAJON2MccVjDwv8a/GRZzpGoQxTASB7+afK7iNrBZnK85HI7gk9a+GzLxjk/aLLcFCF3/Eqyctmnfk0S7tXezdtT9Jyj6PuCp+zea5jVrctuanQgqUNOW6Up3lbR6qLera1SPsPVPGvwx8NRyfavFKahKhJeDTUMgy2Mqsg3KFBwOmSQeeuPN9X/aS8H6XG7aPpEMhAP73Upg6vjIEnkRkMORnac4OfSvPfD37KfjDVVkk8S6/HaQxuplt4N/mYYKx+dABnkZ3ZBbb0617toP7Jnw70sJNfwT6tMqoxN9IfKZyoyoUEHbnJAXdycHcTgfD43xH4kzByi8T7GDv7lJclkrdUrvr9q3fZH6dlfhRwflnK45ZCvJWaliZOq29NWnaOr1079FovnLWf2pvFmpP5OiGSFHHlLDo2nHce2VlkRjtxkZ5JA44+auOa++NnjOYm10vWGSc7hPfyXCIfMBx8nEYUcYwOMZI5JH6aaJ8JvB+ipDHY6DY2zCAsqLaxyOygElldkPzcA89WAyOtd4nh7Rks0INvZxIiKdxjjVirfMCBkDjnsOCOATXyuIzTM8VJutja1RSvfmqTae2usvNK+nlsj7jDZLleDjGOGwOFoKNklTowjd2SbbUello5b6rSx+Xmlfs4/FTX9suuawNPhwjPHbg7ihIzmRCcFc87znjIA5B2bL9l7TYNS0yG8v7u9N3qUtvK+WAIiiMjo7HGS+MkdgeOMCv0A8SfEH4c+E7WS41XxPpFosEJEsEdzE8rsrEKNoLMzc8ZA55z6/Cfif9rfwHpusxx2dxPe21jrE1/m0VFRo3gaNQDtAZixG7sBkYzgngkleHtJyfNJfE27bXbk9t+6WnffupxSvyxVrrSK5XqkttetvxZ9LeEPgd4H0eJ5rbw/YrJFiN5rqJZnLDgMocHdkjnGe44r2LTvBmnWFrNJBZwo0OyQCGFIIsDnn5VOB0G7PTIJAzX5pav+3le28MsXh7QYI0YuUlu3DksxBV15II6Mc8AbiDkYPgXib9sP4s+IUmSXX2sYXyoism8sbST/Eu04APIbHHvjdrOrTUYNVFdJLlSbX2dX8lprrqm2lZT799V0Vr9nbqtb9dbeXc/aifXvC+mS51PWNJ06GPa0m65iRll2jKMhPLDHOMjILEZ6ec+IP2lvhH4ZW6jl8SWzyxBwEssS+aQcHJXcM43cDGcjHcD8H9U+IviPWp3lvta1C6eVizhrm48ondknDP0I+XAGMZAAzXMT6vc3Bbe7ddv3tygkZzuJzggnAJPTHNR9Yppq15baaLdrX7Tt015d7dRKLd9ba6aXtqujv06u266H64+Jv24PBthe3k2h6ReXzvGscDyPsjmK9ZSGG48qAOhwMcgV89+Lv23PF+rOU0jTtO0vl2WTBeWMsTuYMG2gqOp6/eB6A1+fzXxYlWdieFG3ce3IJ656EkDHUEHOajeUkAHcCc4PAyR6nqPUcnpxWLxElblXnrd2tyrTo73033buxqmuumlr3urWV21ounotdr6/R3iL9o34l6+JBqPie9KEELHbymJAikAAFducZBPOCP08hvvFmp3xMlze3l20uSzzTyEZJ9WYj0z75yehriyxkyiKXZflGz53JOclgucjAOM/w/TnSs9D1q/kijsrC8uSzbQscTk5PQEBG5z2AxnGfWiEcXibKnSqzba+GLvul0Xy1va/rfKpUwtC8qk4QtZvmkklbqk3bqm938kOe/uJW2mQ4YjHz5O0HoSTgjnjcB755rQ0gF9UhjXrIGKkkHDZBXcvHGRjocdTwOPRfDnwB+KHiNyLPw1fRREg+ZeILdBvHLEuo4x0+Yc464Jr3Twp+yj4m0zxDoR8RX1rCZ1kmezgPmSAKq5ViSRj5jgn1I5xivZy/hjOsXiKEYYOsoyqQvOpFwitVLWUrWSWnd7JHhZrxTkmX4WvUq46i3TpzlyU5KpN2jdJQp3ez0urXWvc+/9M8NeOfhhqQ1f4OeNdY8J3qOsi6XFeySaRO6kFUaxkfyArkYY7TkN6ZYegfEz9uj4la98JfFfwu+NHgZDqeq6S9jZeL9HBWCedVKxy38Yyq7sBj5YUAswK8Vry+W0YaIAhVZmZuSpOenUjGOc9+nXnz/AOJFlZ3fg7xD9piiud2kzunnQq7RuFOCrlThlxwRyBnHPFfpWacLZXiFPFww8KVelF1YSikk5JJ203TaXe23Wx+U5VxZjqdSnhcRN4ilUlGnJyvzwUmkmpbvTVp310Uup+c+h3i3FxIvYW0YOcYIWVBkA8euBznPft/Q98MpFfwT4JYAgDw9pvPXK+SmDwN2BjOehPfrn+ebwZo8MmqWpaRytzqEFgYywPyPLxgNzt4U8EnK8dRj9W/B/wAevFPwztLbQfGXhyTxF4T0qGC003WdBQm/tLNF3D7bb8NIYQSCYxuHBPUGvN4abp1sXKpGWlKKbjFySSlHWSim+76rTVJaFeIeBeNwOX08O4c0MTOooynCDqJQiuWDk0pSvvHmWmyasffV8jPBfEceVE7kYIJCq2FXPc9CM8DJwSK/nj+LxeP44eN5chit5O42knbvIyDkcAlgMjJGBwSDX7e6B8ePhn410W+vvD3iazln+xyF9OvpPsepwMqkNG9pNtkkdT8h2KTnoB3/AA9+J95aap8X/HN1E5ZJLiV0bactxyMnkAADdkDGSCcnmOJJQqvC04zjKHtLtqzbemm6vbXfsu7Ofw6wmIws8zlWo1KclTgrTT1967Svpa+mie6u2z7z/ZPtYdR8I69FIAwOqwPuUHeuYoxhTnA29eW/hJFfRGsaZqtt9ojsrqVkyCYbglgYxg8EnPGBgDpnr6+P/sOafFc+EPFTMm9/7SgMYYAhTtUYGcDnPUEDDHByK+uNd0edFZ0ChWbaARgAEDIO4buBu64HO7gdfuMjxksLleFo3hOKhe+lrNp2b1tp56et2vzni/COpxJmddxcXNwuk7xajCKTas9Xr33v6/jX+119rl8ceGTdoqSDT1+VOFCJITn0AIX0HynAIxz7F+xHZnUfi74ft4gZTd6TqERTGd5RXJGWyMAckHoBgYzxwP7aMEtp8QvDschBC6TvV1II2tO/BC46ds8g9Mmvbf8AgnWZG+M/hGWAW8lyJNXs4o7hf3QUWTyEnbySckADIBPB54+CzvGcmKzWrL3UpxqR6W5fZ9N7WTvtp95+w8OUHXyTKqVm5SocmqS3aim9LWsu+y2R+lPjn4MeGtdtvI1bw+JJGDD7YsIhmyQMZdVG8p1GSQTn6D8vf2wPgrp3ww8GSatpV7LLDf3cVq1nOBuTLeYpG3lguQOcehztxX7/APiHVrLT7CePW9IaEqGH2uNPOh3EnaAmWZQfvADBXs3AFfj9/wAFGprS4+HNnNayxyRSatEI/LJymYw4VgSCM8ZGeARjPfwsLmKxlOqoSu3B6OT20ura7JX0Xlbv30sDPBYyjzQtF1VeSXurSOq3ts7O6e7WjPzx+CNpZ3Fz4aa+YRWwvJ0uJSQjRxsjKWSQDcpXBIPbb8wxX0Pr/h3xDpEV3d6TJB4t8MtJI1uUcHUrZN2QBMmWdkGCoOM4x948+BfAG2iv9W0O3uUjlhfWrSB4mPyvFOFjdDnuwz0BycbsCv0k1T4JDSru7ufCGoXOkJJLI66dO5n05mc7igRixjUkk8dM447/AE2VUZ1KEnTsrKL1laWigr9ub7T1aunbolz5visPRrxjXkkqnMo8yvBvmj8VtmnazW6tfbX87vE3igz6dqOmm4uZY57OSNrK6iK3NrtGSsxI3MoIxuB6bRkd8X4dX0EU/hMOyRtHfq0eVwCBIMqGOR14JJ+8evBr6v8AiZ8PNJk0u+l8Z6HJol7BZ3Bi8TaNGz2zSqjBftCoAwViPmLnAIwcV8Y+FrrTLHUNBt5biG8sYb8KbtcqqxmcKxlAAZCc7sjnJ59ayxFSccwouu/hgkm3aS96Pq2n8t1fVHRgoUVlteOFSSqVXN7Si21FJKUbXTd9GuZdUfdmpNperXlzGyIs0bb1cEwT5K8ASgbZACDsyxx1Ock1z03hq6lSU2ZW5d45WEbH7PeREIcOrpgPjjk5B7HFcv4nV/DU097ZTtqGkXPlFYJJPNaNHUFZrW6QlYwBzskZWAwDjINdP4Q8W2V432Z7gXTtF+7WZ1F5Cuxmb5uBLGhDDCliecnsfblXoTjzpr4dNfKNm09E1fW19tWnofNU8NiFUaipxSmr72TurJdU7bJq3l1Pkjwmktn4pCuJI5bXxiwcqRuRhPtOW5UuBySevIyM4rovi98FPE154r1vxBobx69FezteTW0bKL23ZkV2BUEeYASdoUZYAlcHg4emyx/8JTqsqsuz/hMzIpZxwv2hRyw6kY5J6k/Mc5r7k8SeEdQa9XXNCkksJ57G3kJhxNbz7Il3GUcmMs2RkgjnLY+Yj56GX4fEyvXckpRbi09nzLTayaaVmt01pZo+xnmWMwEKcqeusFOMle65Ytq/xJq2jXW6fU/Jq9sLzT5HtL61uLO6jYh47mF4mAXPADKDhduSQSMDIz2+iv2e5GGr+HGzkLrTxgk8cq2R0B5IyMZ68d8e1+IbbRNfifTfHGhW7zOZo11CKEI5Ow7Ss8Sq5O5RlXPUg5PNeD/DS5sfD3iiG0tw4sbHxIyWgVst5R3ImWxycY75wODjOPKxGWTwM/aRqRnSqwnGDT10tLW+miTV0979LM745vSzekoOnKlUpVabmnblaaSvFv5rVJ7XVtX5d4/R/wDhOfFqDAI129ztxtysnTkDJI455JyQQ2COWmcSrt4DEKNgJA4POTx7+py2Mkiul+IUV1b+MfEk9xbzRedrE80bSI6rKjkMuxsDII46g8+mK4xdoXc5bcWGDz0YEjHTIXOT/wB8k56eQk4r3mlayV3urK2/ff5Xfn9VBQ5IqMk2oRbkno/ditrNJrq29Vda7HrPwleNNb0+ORM7tXtShLYAJbB5yAMcDJwcEc9a9z+KMd1b/EHXZLeRRGIbeVoZCfKfMKbecYJJHBJyDtAr56+GUjRa9pQILo2tWwGOcbXHrwCcDOcckcDcQPpD4n4k8eai0UTstzaWiCPjDMY1GemAeCQe2DgHIDXWTjh6TTT1aSVtXzQ312V7bprXyPNouLzGor2bptNvR3vDqrtpW231vbWx8neNHZtSjWW2e3BjyFBBWQBiSQ/IJxnHPI5Havbf2cYh/wAJDDGrsUeK/kwWJZCYTgYHTap5PY+pOK4n4j2kf2rT4k2vutmwXX5lYAr155ByPmPABXk4Ndb+zzHJbeMhDIw/5B92eCRkmNgeBxkDodvUZzxx25c3CpTnytxkuWS3Sd09H5K2/ZPe7fLmyThVirapSVu6cXfprZvS9ntftw2r2E7+JNYUqxjXUr0gqTkgyuwLAHBPH1+X+9mrdo0kNteEB12QMpyTtbaMKpzxgLxkY3E4PGRWtcajbW+uavbyoI5JtXuhHK69FEjDBOMdMjgdOOoJq9KIJbS+ZlG6OFwwIZQ+C33Tjk989OSu4cVUZtTqRcUvfaT1s7q9n35d3roraDlDnoUUnf3YNPVX9yPyTW/W2iv0PZ/2Y3E0PjGF12pJZuGRcDJaIr2JODxyGABPOeceG+IvDyx6rerbWbF47m6LlWAEyNI5AUDGGPBIJ5OMY6D3n9leONrrxKgOUksHkII4J5XGODw2T1ycgnHJHNeIbea21u7j8pXj+2XD+aoGRl22qMAZxnoSehGPTurNyo4az05dbd21dJ677Pa3V9vLw8EsVXjJWbcH7u7dla7Sutbro7rU8s8F+KofCsuuWN5Zy+Xq2nyWcTFtklvICSM5BJXGeDx0x2r9gP2Tp01Dw1aWrKbgvptswgaMSR3EasEaF153KzZzgY+8OQMH8j9ct9Nu1dpoibuIysJQm1sBCdrHgkE47bjxz1UfpN+zL8RbT4d+GNM8Q31hcX1jBbw6fcRQEbkWbDCcZ4Ijcghck8HHNdOW1o08RSdRNU46e8rWTcbtffdb280eRnuEnVwlaNFN1ZpOMb6ylFaJJW95pNWave67nd/tLaRJpngnXV0vy7LTrvVo/tGi3qMXt5TkPLpjHBjjDAZRDtGQOACB8S+E4Wg1C9t2kDMlpAVJIAxtD4K9j64AxjpjNfXn7Vfi3xD8QNS8F3XgSJ9W8N2EX2rXbaOKNnj81gZWucLk+WhIPUqRnhsEfJ2hl31/WpUjVU3BPLAOETO0YPQ5HPoABkELXn8RqDxadOLUIxUVdaS5oqTlHdOzbTXTVK+z+g8O/bU8vSrtOs6i9pFJJw5XGPLNW0kklLZWT+Z/SL/wRfYp+194BJw3m+BtQVAMdBDzngE8gDGMFsewr+rXUBm5nOF2+dLncCCw8zjp649efwOf5WP+CLMS/wDDXvw53hePA+okkqR8whO3IBOWI4zzuxg54A/qw1FCby6BXBE82SOCAJDgYPTBLZBGOM9Qc/z7x1V9nWodFZ7t+8k4vd+Xa+vzv/QmTJ1ZVHeMrUaT6pW18m9bebd1ZbWxREQxxjB44Ixu7Y784JAAxjrzzSFS2VZTklQB3Pc/3R024BJ6gDBHN7Ym0MnUY7HvweQMdTx6YfPGajkxnaP4eCBkYBB5A2j5u2ABnINfAU6zk3ey1TVr3Sajd/K6Xqk9t/cdO0bOy2sm7tJJJ9LPTfWy01ejKwXDbeV2Nn5uD6flz0B9zjk0OuQcgZ5AAGDk446duxGcHvUmFYkkLjOMkA5J4zwM+xzk9MHBpVjB+Yk4cZBIPUYB5+9gcj1xj0ArqjN9G9lby2t9y7dbXIlTsrq+/lZu8evz+7foUnjfgkYJAAB65HYfdIz3J/PoqpsZRz1cA8k8Yx2HUnOAPxGAK0DBnJyRtIIGMsSc+5BGOh6HqSeRQyDtgMM5PBwpOMAEYORzxjv0OAdY1Fa17a2WvW2vdrbd9NL6snk0SWmurTt2+SXW676PUy9rAA9RyT1xgdM5yT90gjHG36mpNrEA7BxuHyk9QOcH0HUZxgcjOQKulABkgYbCqG5wMljhumcZyDnPPXFKQeAB03cAE9SNvTgcc+h3cnAIOiqO61T0WlvS7023vZ/eTJNNXSfyUna0dr30vvbovvpiNgQWbIIU4+mdwwOcnkc+xqUpgAtjcOSAfXp6jj24HU9SasAYyDHnkfMW4PGc5yR3HHU5I5pZOCeAR1HGRzxj69Djoc54zmqhUenNdNr+ZdFFdFom9Xe6W1+ycYuOis9ru++j8t79bvW3RIrsu5js6KwJGenPoQDkY6DtkAAZyFSecZLAkcYOe3Qdfz65ODg1KccHC4Y4yBxu6ryOhByB788dC4KcAk4PJHAO0DoPx4znOR9a6FO3Vrtp3tq35636679sbKN7tNW03u3aOjel5We1mVeQOTgjhQSeOhJByCDjOcccHA5JqYY4ySpPVdvqcHJAxyuO/GA3UGngE4IyMjtyST1APZTtJwe+OTgFmkZwCvIyc5yTx1wCA2B0644PJGa0jUu4qzstLuSk7e70sr9L9Uru2mmct9Hd327aRb0W+rkna+zFEqhiB7YzgADOOo5bBDE4HHy4yADQZCpODklTgnk5I4zgAew49Ocio12Acn5kJye/OeeQckcAHhcDJzQFJbnYQU+UdlPAADdMH09OnHFaKcbK+2iTd9u7ffTr1te+pDhJW0vdLV6dlontr6bX6E8U553dh8uTznDDb8uegGM9MnjnaBcimyBknAPfkYDfLkZAxjoc89O9UEjJIJTAVevBGenXA47HnOTk46GUMFwpG0jocZbvyTnAJJBBI4OBn72V7SMfhkttbX/uvS29knu77q+jQmm9Xq9Hr0Tt22dl6310uawbc2FI5YEHAHTuC3bJKnnDcHPAIeCSQCoBwWJGffYAeCeOw4BJxjms6OUggFskEkDABJxwcY5bJyR0Bx7CrQlULzkMGz8pJ9x+XJZiAeoHqdadV8qvHVW3benu+XVdrqz1aZPK0102vre9ttttOidtla29kZHUYA4Cn5mORkAgjJHGQT93n14nX5sDPOPlJwehG7r1+YkHOe+euWrK+8dO56Z5x0OR8wXnoeM446irCYOFUfMASDg9D149MkbexwP4c1antppZX1vfz+er+e+xLjd2ld31VulrWeqet7fde7tpcUMMHaDjGDk9+MjI5APy5Ix6HIwZwpRskjaxY4POQevOO3cbuM9MDhiL8w3DAAAxyPzGTye3JGRjvkzBTuXoeMY44OMHnIAI/AEDg+jU5XSSi7Nabt3tv7yvvHpbV7X05ZQSu7NtJq12+2631s9L2bSvfo4fMclQFK5wSDjGcA4449e/HHHygViQp3BQCB2JzxjjI7tyCSeck0YDFRnOEweCBkDr1B64OM8k8D5am3Lkc/MBuyFJHbjHII9OTkg5zxSve8bpLq7q7bs3s9Lp2T1tb71FtNNrVW3v7u0utvVp2um3urgqkZI6gADg4+8Bjo3OT9T2HU1IrELnPI64BUk5AyeBgn0PXp7UZ2k5OflHHqc9eMdG5OCcZz0wKcEwBjHPBGD1HTvjv6cgDhSDkTlt1taPa71u3fV9dN723Zq2tWpdHrvq+TSOutr9tk9G9SNWOSpGBglSOScDgEEkjOPwPqM5XHPO7grtwehB6lsnGM5HUkcLgZqfYWICYJZcZGcDGMAA88cLzxwoGcCpBG4cDaQSVc4OcBeOFY8AnaDgdegxkVpCSuuZ8zuunX3Xd2VmtX3umtlYxk3fmfW9te1rtd1bp0ab+1r+bn/BWRdv7BnxbYhsR6jojkYJCqLjqe5HykHdtXptwa/i9sNb062uLhrq7giJt4ioJOCFiQAYB4IDE/xYHPbj+0L/AIK5yfZf2Afi/J5bTMb3RQFUjcS1yc4HGc9cknBPbiv4S7nV9RNw5i8H3M2YoQJLieNVI8lMMBkDBAJIPOetfuPhTiPYrEtRnJNxT5IuaXLa9+X3rWtouu/n+WeKWDji8rwXvwj7PEVPinGPxKCbTbs72fW731Pdtd8WaJ9hCG8hYiOM4QsR94Hkgjk8DvyQCuARXmumeKdMl8X65MJYYozYWY+duZCJOo54CkKNufrgjNcfJf8AiGaEiDwvYKcDassoOOSFBA4A7AA8Dk4xxzFlb+K5PEerPDpWhxXLWUAljnLmNIw+4GPZnLEkgk8A4+7nn9lli5zq4So6NWfJXTinScW3y6WvbVW0Tas90rI/D6eV0Y0cXB4jD3qYblk/bRajFSg3dRbtorXs3Y+j9X1vTLmz2LdQM2xOEY8A4weSckjPp25J62fB+u6XayXYa7SGJSGcyDIfAGFHPOCvJ6Z9a8khsvGc2yIyaFarIAzGO2ZyoRRwN6jPzHrx2GBuNdja+EfEp/eS6/BDHKqh0gsYCAM5BAMfb6EngHJFezHE47E3jDA1OVNSTnOEH0dtZNWutrdVdOzPmvq2W4bm9pj6F21d041JyTXLt7tkt9nrbrqeaftJXNlql34dksJxKTpeoMWRflL7ZCFy2OBlQTyM45Irxz9mjWLbSNP18311a2zLqRaFJ5ArOSpDYyRkhj1z2PfIr1H4waDcaN/YpuNTm1HzrfUyPMhSJUAgJCIEHC56A9DnOeh8g/Z+0S01WLxH59ol41veRyqZVb92GJBOMAfXHIAxzzn5XEPELOKMJQjTquVS8b3slCm1dxveWulu599hPqjyR1adWVSkqdNOSVrv2lk0p6LfT07nr/xW8V6bqfg3xFbWt7b3EjwpDFFA+WAMgyCcnBzk5HUgAA4zXl37N/iyw8N6pr6XQnd2FsUEEby42RrkYAYcZG5ehBOCa9J+JuhWek+D9be2sraEtFEXkSHbIGeQDaDtyoyMcnbwMnINeffswWkN54g8Ui42RrH9m/eGFZCgIHIyDjn356jNceIVSnnlBNx9pOGrcW0o2eluZauz2su6dzpoKlPJ63MpcvMnaUkpfFG1/s2vfbZr5nqH7Q/iy18Q6P4bW3gvEKXsru8kTImGhPGSBnBHIPTBOB28n+AnjAeG9D1FILK6vJH1e6cvCAWTklRtbqpJySeflIJxxXtP7Rlpb2mj+HFiuBIZNSm2oiqgCLCzA/KCDg9QcDOBjvXnv7Meh2WuaDqzXLHbHrdyrFYwCVOTgsPmBOMZ7cD6pOUM6gudKXLJtpJ7qKd022rpJ97L5lRcI5U5ODceaCs3rbnsm5JWS891bR3ten8aPFV14g8KzW8+mXVq5nS/EsjIB5aMq7FA+buMbsAcZzkVN8Bde16w8OWsGlaFJfKL+6JuXmjjhPmnhNp+fcoIPH97Oc5xuftE6Va6dp0aWRyiaLeMwLMwbEgA6nHHbIx24wCNr9k+xe88FWryKro13dP8+0qSrA5fOT24GTzkEZAp0YylxDNKq2nQupK2qXLpfV6fp1IxM4QyODjBTtiIxcZSlaN7O94tX29H3tY4D9pi/wBYk1LwfNqtlHY3I02+8uCGQSDcVx8znHqcEE56ZOOcX4Y+JfEsPhWwtLW+vobXNyEhhiMqbmdi2HAYKCcAjpnrnIruf2vIvJ1jwYQqBm02+dlUA8gHcMfdP0znkn+ImvVv2WdEsdT+FVhe3UcYkF1eKGaEMTiUgAttJxjBO3g9ARwKzh7ue4iN204Nq9nt7LXSy69rWZrzpZVRdrpOKUdXG7lLe70atrfa+6dmfEfx2l1C61DTGnuJpZbfTcyecvlyASyKMANnaQSR3zg87uB9FfDrwh4v1HTNHtX1KCyt5dNtXtDcBJpBEykjDAkDIBJA2nkDnPHlP7WZhtfGmqR27JstrPS4gEXYAHcZAAGdoXJz356HNfavgP7BB4Q8N3SNCJk8OaeDuB35MQ5UghiB82T0ORnAIFcODqJ55i076RWiS2vFJK97pLu09PQ9LExg8lwsopRUp/aV07qOyd09Xpbfrbc+Qv2otIk8PX/gu1ubs39z/ZU3myiMImeFG3hc9AFPzALjJHb3vwF4Mk1HwloEz61rzGbSrR1tYG/dQZ2nEbDOAh7DnjkHPHh/7X+ow6h4l8IrA2DBorhsAAEk8nOCwJHHAPQ9M8faHwWa2XwP4dnmvoYWTRLNfLIXkAclVJOdvHzYwcdO56MG4/2njef3o+61bV2bp233t82efj5Sp5ZhGmovmdpOMWkmkteZaNb2eqbvdXPzD/aH0+DSvilPYr9pkEY0sM10zNcSO0oU7mB7ZPRsjAPBzj7w0P4d2l3pti6WupXAks9Pd3N1cDAMMb4ADDAzkDap7DvXxX+1W4l+M2pyxTh0jl0hVkZSAwMqHIGAevByRycAAHJ/WbwGLW18K6HPcX1lEtzY2CuZHDMCltGylgp+Xc3b1xjaOvBSxdPD47GpxveouW72ur2bvd2benT8DunSnXwWCV2m4rmkla6agl8Oy0v5X22v+W/xh0e10P4gSafa2DQRyazpi7JJHcl1kQSF2ckvwcHPTrx0r7v0X4exzadDJ9g06HGmiYuYFkkB+yBg5JBAblSRk84wBjJ+JP2g9Qkn+KttKQjLL4jVlMRyAheNEOBzh8M64HToTjn9MI/FGlaX4fi82e3t3bQ40PBZpJGsFQLyDhmfIC5yB36kehlOIpxeYOUUudxlZ6crkr21Vutr97dzkzLCzksvjGUrRveyd0l7PmvZO+y6Xvq+rPx+jti/xb0GwUqS3iOe3DFF2EfbGQHHIwMYAzycY9B+i83wvu3sricXKjEM8gCRooG2NjjnGSR0x0AzjgmvzYtLxpPjL4WZCXaXxYzKGwhYSahIVwWycY45we1fsdLp+s2+k3dw8EKwLZXDkPKX2/uGJI7ErjPXBHJwDwsgrKFPMeZJtybu76LkXRa69P8AK5rnlGcauXpOSSik7L+9DXs0nvddNXsl+TjabI3xF8DWbNlpdUu4c/LwyXRUnAxgHk9c5B6g8foDN4ZdND1KNmkjMdhfyKzPkSKsDluvGP7xA9fevha1WO6+KHw5MjoTJ4g1AFUBAyb1xjHULyRySQPUHI/TzX9Glh8P6rLBLavKui6nI0e4ExoLdugLfexkY6FjjGavJZxWExr3fNJJ6t25eys7K2qt8Nk3rrhnrn9dwKjqlGF7N63lDa29tH0336H5h/AzRYdS+Lmj6fOkjrdPq28And+7dyBkEnrndjJzgDBJx9/eJPh7oFjoN1eQ28jTLZ3pOS3yssLkBiCBwN3LYIPQjOa+HP2Y401D4/8Ahm1uJpIVebW1aUA7VH7w5XBG4E46jGeMDNfqH8RdO07TvB/iP7Lcm4NnauEdhIHf7SrLgjgHG4Z4xjJznisMkxNGGGxNOdnNzqu2knG6TTe7SaX5J9DrzahOeKw07fu404X7uzjpsrvzstdVc/Jb4P2yT/Ez7PGxVimosoC52fvnHUjHIz8w5C8N1xX2d4g8NSf8I7q/kpcSoujX0rssRBUCB2JJAHyjnJzx1OBg18ffBGKVvi1Iju2DBqiqVALswnbp1xgcYwflBJzmv6PNA/Y38L61+xt4z+Nt1qWpyahZ+A9avPsK3FrElnNFbyJG5RnWWdZDj5MEgnIBwRXmUc1w+VZdXnWUpRr4idGDjG69o+RWa2WvV27tX33xmBq4zMcKqdk6VClOfN7vupx2d73aWvR6aaM/nJ/Z80uXUviBFbwrO80mlXZVY0ZjxMVBCg5IHIOc+59ft/xz4Nv7DwX4juLqC/WIaJOys8DpH90qMHAAUEjAHPI4xmvRf+CSf7Kll8f/AI9WOiatrt/ocEXgvVtYmvLOBHlby9R8pIMyqUXccbm6g5wPlAP7Yf8ABTj9jnwD+z3+yN4j8V6TrOqXvixLK1tEtbmaxEc1vPPGjs0cR3j5GbjaBjj72K8PCcV4fCP+y2pyrYiUuWUYtxSkrJt3+b0unuejjskr15xx65VCjCnzJ9otX0vuov13smj+WX9kzTNWk8XatbQWErQSx2SNJIjCNle5RZAXAIVfLD8nqQCOen79ftd+Ef2e9O/ZN8UReCNH0qL4gL4Gso7+aJZVvYtQlaFp23S/LIz5fpgEcjgZGz/wQv8AgPoXxY8L/HHR9X8M6BqOorq3h5bHUtVtop5rGzurJpJEgZ0PlozBWOwj5vmJyK8g/wCCh3wxk+CPib4h+DL61ulC30rQSpcSTQPZyQytBGq5wIwoGxcEKM4C4FfPLiH6znmFypTqUlhX76bfJU5uSXwrqm3a90k7+R7X9lRpZdiMZywnKvGLg2ryhayvzNO2q0aS0tffT8tP2Evh/wCItZ8e+K00qzF39j0VGuQFYrEHCkNkY+82MqSMHsBgV9Hftc+DdYsNP0S1vLUR3drY3NzIhDcIUbAwcqOTkDHuclsj7z/4IGfs+fDP45a58ck8dyaxax22naTFa3VhM1sf3m/MZlLKodmGBg4wccYwbX/BZX4LeEfgP8TL7wz4Nur9tKXwPDfM2o3n2y4S4njy+WWRgi8KAc5Cnk9a97CcS1K+Z18hjJqnSpzna1otKMJNp7X1XRK2922eBismhh8LSzLWVSpOENGmrPVNLbS3V6N7Mzv+CP8A/wAE27H9pz9n7xv8QZfFsnhzW18Q3Wkx2slsptf3JdkleQ4BYgAHBydxO3gCvi79tf4YXfwt0H4zeDdUgm+2aBLdaStycrBevZSGP7TGpOSkgIIIOCASD8pNfpn/AMEAdU8TeMfBOt+A4PiNrfhvSPEGu6pFNaWAi27wVH2hDJxHMAflIAJPvXm3/Bb74UeGvhFqHiHRbPWNW1uS98NG7u9T1SQSXMt5MWaVpjGxVy5OVY/MMYOea8HB5li/7Wr4CrWcqDjP2cHrGLupWutum99u2i9qphqMcLRr06a9o3BTk93srtp25lZLqtNF0PzX/wCCfVtpqfCHUl1Cyju2m1uR0GzzNwVVJUtg/Mp5APRiSuSpzqftigQfDPxeU0c2cbvp65EaoV+dioAUAYYA5z8xwMngCk/4J3rC3wmuNpG3/hIJVIYMV+baccjIOMHtyD0rsP22HuJvg94qO6IIb+yhII2uBGXIySQAuDgHvg+wP6FVdRZJRb+HkirJfCna7fS2tk76fff5jBRj/bk1K6d357RWkn1d9dNrNXtofKH7DnlnwB4slkt4T5OvqxaQjcN4AwPTGDgEgHoe1fefwu8B6p8XviRongjR/Khm1VbpIppiZFt0hUtI+ELFnAK7U+8RwvGMfF/7AEOnP8NvHYvofMZfEaAEI7DoAOQCFySBzz6jgV+m37Nviiw+EXxd07x5feHrzVrPRbXUpfs1s4jcm6i2Quuep/2TkjaMYOa6MLi5UMnpzw/LKrGK9y11ut12STf43bOTMMLGtmtX2iap80OZpW6Qv2SSu++3c+Qf2lfBjfDjT5/DWoubi60TxTeabczNGyGR1CBTtPIByMD06kZxWPr2oQeHvBtrf3MeEGmaRIkvCyw73G4pjkkjAxhuCT1ya9A/bU8Tf8J3ceJvFEVm2nxar4yj1aO0uJQ0tvDcOmI5HUjJIGGx2Hvzy/jnQ4td8F6VbyOkUDeGbOV5UIPlvCqtExH93f1ycEH3bFyqOVbDVZytWcab5PNqKk27t2jq+3nuVGlJYarSpr3IuSV2lfSNu29106dEtfKfFPhTwL8VNIktdWtI3lkEbw6sixw39u8saNHlhtdxnBO4kcEYzk1+ePxc/Z+8aeBhJq8drJqfhuGVo01C1RpJoohgj7RFGGZWwTl8YGGYvgkn9DbnRjp+mXgt3Lt/Z1m6TR8EzKF2Fdpxzjnt1OBk10Hg/wASnVNKXTtcjjuVnke3nt5oBLbzIibSrhgwJGME9MsG9c+9Xy6jieVy92o4pqpF3W6eqT97q0152trfwqGPqYefs3zVIRkotNO6u1s0rvbpfS11bU/DW5jKO5YkKmcZDY6jBOSSGHGMLnj1yK3bO5i8hbe5jaSEhTvAPmR4AKgMOB82M85IyB6j7D/ab+CeheHb7TvE3hMJbHxDczrdaOeFglTL77ZB92M8gA8D7oAGBXyhZ26qtxaTI32h5UhCABXhK8E9cjaQcYJBOQR0z8dmdF4f2lOVRPlatJXXMrJxt82tOl32PtcodPETptR0lHmSas/s3Td72s0tdmm7tJGHeaHfSXcctli5hW2ctjahQOdwBUnLEHO4fMecEcZNGHwXqDeXLcMkC3DneZWTCqzcDC4bdk8EjOOo3HNd5Z6ILrVbmG3u7hEhtVJAflnX5SuASNytncfvZJyeMV0U2j2FsIrq9E832VAZI5ZQN6nAACAsD0GDtyRyCetfJvGRhU5UlbW1lduzSbvs7JarS6s3Z6n2UsujVoOckmo90rLWOl9L8trWW90+lix8F9Ph0X4h2camO5/0O5UzQnfnIPy4AOCQeijqW+6STX1BqdykQhELA/abx3kikLJIhDgfdJBXAyQF4zjrxXhHwVuNNX4reGLi0iaOHzLgS25iDiQFXAVg4Oc846kcY9/0C+IPhTQZNCOuvaWSPJIWSJP3E8JaUAhVAQEkcNkcHP4fp3Cud0sFgZYeaTc6zkm3qk1DW902krppq60XY/KOKeF5ZrjFiaE3B0aap6LR2aktU7Jaq6f5p3+atDu1XxB4jeOTDAWpBwxUjyyMkHPTIGeOPYgV1894rFW3qwZSHKfeJZsFsd8EYBJ5wcdOKtl4Btr3UNal0i+lth5Vm5Q5lX54gWRWAJbJwM7uv+zuIoXvg7xNYr5sTCdACBIkg81lBAA8tuQ2AchVPIHriv0bK80ozw8WmlzVJPVrq1ZO9ldLdq3poflPEeR4+ji4csHK1OmrqLV7KPW1tdWlp06p2q+KVI0thGxVWvrAAZ5OJlHOCcEAjGMngDsK7LUtKttSeUXtrbXy+XEgiuoYpD80aBj8ykgcHBJOM4yeleR6/e6rY2sgv4LiNI7q0fdcRkABXX7rYwSSdvYgHpXXDxuJS6m3Jx5ZMqnAHyDJBXt0IIOBxgjqNoxo4rG11WhTq05UYe7KKaS1vzXunddXZapu10eZVnjsFluGdOdehUhXqO8ZSi2/3eqd9E72eq3snsc7rfwV8CawjPJpb6XdOWQz6cTGcscZCqQgBJGBg4HYcivBr34KavDrmsaX4T1kXR0yGKYJekpI6urME8whRvUDDFSB6Yxx9dReK7CeFVZl4K+YoBzkkFUyc9QeSM/xHB6VzPh/yZvGXieQAiOe3tyh9QF6AYxyOR1wTkHnjw8z4NyLMqlGEcNChKpO06tBezlqk9XG8Xrbo1p13PpOH+PM+y6Fec8XLEQo0k406zc9eaC1bcpJWb66362sfIGpeHfH3h0N/beg3U0Scia2RbiM9dxZgrMMjDZyDgkZ7VHo3xG1Tw3cxy6Vqes6HcxSKyrDcywojKc7lhZlTK9cEdBu/hr9DGsUkhVF3SqQVlR1R1AADnhsp0HtnHQ5zXhXxN8I6Bd2+nStpNr502ppFLOkKxSmIkhh8ignOTzwuegXOR8dm3hhWwUJV8BmMnGDXLTqLvKKtzRaWl1f3fW6bP0PJ/FiOKrUcPmGXp86s6lOzUdE22pLVKzvZ6PfaxoeFv2yvifYRQW1/q9j4nsxsD2+oiNJ2RSOsqAMWIX7xY9OcZNfTnhL9sLwHq0UcXjnw9c6Y6hQtzbol3aCRzt5+RpPLAIyAeAehwpr4j1X9nbw7dQR3WjajdaVdXEaSqkj7oA2F44O4AnPfnnPGceeX/wd+Iugq5s3XVLRGyrWkzFyAAdypIx3HBOQAfSvlKuVcXZRZyw1TEU0ubnpL2q5Uk03Fe9bo7rT7mfd4XibhTNLQdalQqPeNT91r7trOVoPX+957WP168G6j8BfiFeaibHxnaaPd3k8U9pFcXC2sDySY3K8czLt5xlRgdMY+Wup1P4Df2m902haj4f8QRxhhH9mniNxJuGAw/e7cnPJX0HTNfhPFq2t6LdSJexX1tcwvteVLbDRODjBdV4YZ5I25643A17L4N/aC+I/hSSKTQ/F86xoYx9nusZIU4VSxy6Y+6B04xgkVx0uJcZQmvrPtKck0mmpKzTirdF1f4PU9eXDuU42knRnSkpaptRbs1HVSj0tpr012Vz758Y/BTXdEvdO+2eG9QhmleUpCYHngmwuCIZEBDM2AynJ+u0YHl2o+ExaGRHs9R06aN2DD97CqtkkIQ3AKtnI5JxgYU1f0P8Ab58cwQ6fbeKdG07Xra0wFeOci5Q4+Z4WkP32GcAnG4/l7roH7WvwM8YwLbeL9OvvD11NnbLfWMV1D50h5LyxKzbADjcQWIIyckGvpcs4xoTlONepFc9neT1sku7a0tune/bZfK5rwMpqKoWcYJtWs007N3Xa7d9Ound/M91omqzK8cV2rLJbyqy3QDuwEZwoblsHHUtgknuOdHRpLmy0zThJYNPBArq0sJzIGV2DcDBAHZW/Hg4r7b0zwH8IPiDGL/wx4i0ppXjeRBp19F55yny7rWV94YnI2qgwcng814/N8LtWs2kt7ELcJaXc0MqENDLIPMZlPzfI7MuOEyeduARz9bheIMLUqU6ixHuuHK05XVm46J3l1VrdnvrY+BxPA+JowrRjRSk6imnFaya0u0rarbbY8kg1u0FwTkwM+1fLuA4/MsB26Y79O9cBdiK5tJmYIYl8QYYqcrtZhkdMkA4ycDg8Z6V7XqXhKdbl4b7T7qCVWGBLbExnauQ3mBWOGHO7cAewxmuJuPBp+ySW9pKmH1Bbnv8AI4YDDBzuK8cAbT3r3aGZYZ6uaSlKVm27tvlfRPVK++3U+ZxPDmOg4y5HPlmm7XXwtXWqbdtfnZ6vf7n8C/Cjwt8XPh1onhrxRYreWOtavY6W8ypGLyxgdkRLi1mO2WOSM7ZAFIDYwTjNfjt+0h8Lpfg/8YPiB4It7iW8sfCmrtZWl04zLLYyxs9u0zDA3GMgEjqd1fploWseKNK0LRb7TLvUtPj0q9t5WubRJGtmu7QKVjwuQCQuGbA4bkgYNfJ/xus9R8e/GjxVqWqWrreatZaNeyGVkIunSKNJJHVshmcqWbBIGR2UA/lnGGSyx2Ywr0Jwm6rnFKK96L92V5tO7S216drn7Fwdmc8Dlyw1SE6fsYQl77aWjto2lrrzed97I+LNK1270mO3mtJXjJUZVjujlj3gFGDHjPUhlAIJxyBj2Pwb4z17RNZtvFPgLVrnw34nsisr29vKY7S/C8tHJCSIpBJtbII5yea+/wDx7+xj4H8cfDPXPGngqeHw3408JeHNFupdGcg6XryTwRGZ1y2YLoueoGzP3u5r8vdZ0fX/AAdey6LrOn3Wk6lahJoyyuCyN8yNFIoCyxncCCpOT0I6V+WYzAYnB1akXTlF0qlo1oxaXPFxa1Vtt++zXY/UcvzSnXhF80XGpTV6cmm+W8b9XdPV3Ta0Sdkfs98Cf2rfCXxYWw8L+PfI8IfES2lgMV3OywWGoyx7VcxyShUSSbDF4XbDE7lXGK+ldZ8NyaZoniiC3tI7+0uNUg1myubFRvDyMPPTaq4YMNzAqCABztGK/nls9Vjv4bZr92tdUJDW2qRHYxZT8nmNHhkcEDDo24HkkDg/eX7Ov7ZWv/Dy6t/CXxIe58ReF0eMR3jOJ9S00EBFlJYu17ZqPvAlmUAEk17uUcWYvCRVDEyc4JrV21WmklfV22u7rueTnfDWExt6+FhGE9+XRpPsrq2mrte3Zt3PQtd1DWNM8UeDtX8JRi6a18e3r3Fg7GNpVYn7TbnIDAnJ3RsuxuTjBwaHxw+C/gz4teHfFnj7SFj8J+KtNuY4JbTyo7TT7u5bCkXsYCrudjtWdAoPBY5INfYNx4E8E/EiLRvGXgLVLJjLq6aulxYSRyWck0+WeO6hTL285ztkDKuGHONvHnfj3w7rGnfDP40xahp0qTwyW0sLQxGVrhVuEZZIiFIIJxl1HAycgYr9CqUcrz7BzqTjCbnHmTTXPGahHW99H5O7u+10/gYVczyTExpqMoqNRrRN05Rc4paPr5X0eqZ+Ius+FvE/gTXRoniDTpbMxKs6pMhaxuo3Xek9rcMBHKjKwYMrEgHgnGa6nS9Us3hjuIruSw1aGdZdPlErRzQyKdym2uU2uh3chS+MghgeDX6WePfDOn+Ifhx4Yj1nTbbUYtUg0OwvJJ44/t2mCaPy5DbzhfNjbB3bdxAYANnkN8S/Hj9n7UvhFq9vZ6E03iPw7d2I1azuo136hZRuod7eWJQzEw7sb0DDA3c4wPzjN+GcZlyVTDxlXw7SknF/vIcyTSaW62u3pptpr95k/EmGxjVKq406zTvCb91tOKbhLZd9W7dD6d+Dn7ZT2xsPA/xxhk1XTbeS3j07xMxJuLRo/ltze4HzqmQRcqeFyWbnJ+6rl7WHxBoXjrTdVttd8HXmi3aNqVptnNtPdrH5PnPDuQqQoXJ+7jLEE1+Ammail/Eul6yrKW3Ol7IoMq4+7HIOTheAyk4H1JFe6fCz49eP/gTqFrFazN4m8CzzxvqPh66c3Fk0Jb5jbeZuNu+OSo2quNoXkAZZRxLjMsao1J89DmV4uzlZWTXeNl01V0jqzPh/A5nCVaMVTq8vu1INRd24tXW1mur0stEtT9UNdvdN1DxjBPZSK+bmyZPLyM4Dglgp4fABP6cAA/N/xg+E2jeP0sJ1gWx1j+09dI1K3jVbieWGMGOO57yIGJXk5Ocg4CrXsfgzxJ8P/jLb2Xjb4UXca61HqEd54i8F3VwIr+ziWM+YLONmBZARwVBjwB3NKhiu/EehafKktnPJqfiNjb3CsjgCAHlHUFgCpGQCD068D9GniMuzzCUpRlCpF2hUpSa54t8lny7pp7W0e19mfm1XC5jkuMlFqVJq0qdVX5JpWbWzi79Vt+N/ye1bwd4z8JyGDXdOlt7WWWb7LeSI5s76KJmHyTcojNg5G4ZJPAxUOn3cGoRNDIBFPHgIC5TlDkPFKD8jjsVJ+YjaOcn9avEHh/R/E3w81XTNUtLe8ih0nUpY/NjQPbyLIUaaNyN6uByu046jpX57/Fj4Gat8MbPSNd0OC617wn4gslmFzFG815pt1GiySxSpGGLRIDgPg424J6V8Nm3DmIwd6+FUp0L3SV+eCt02bSvpaz620Z9rkvEUcT7OjirQqtckubSFR2i9G1zRdtbXs9k90fVX7NX7aHiP4UQ2/gn4iLc+KvhvcxfZJHlYyavpEEx2fu3ct9rtYwQTGxZh071+kHxO+Dngf9o/4WaNrvwy1bTPF1vZ28M+l3MU4N7ocRlSa9sr2zt2WcN5BMUcTKCCvTBYD+d3QtTS9iSDUHxEh8uG7VH3ROH4R1zkEAFSrYCjJ6Zr6U+Dfxj+IfwI8UWviH4deIrrTLkyxte6LO7SaLrNrkeZFNbPmFHlQsDIil1J3BhxjycJnGIwkJYatJujOMotySeskou67r0umut7ns4vJcLmDhXoxUK1JxmkrLmcWpJJ6JX7pNPZrqf0c/FP4ieFfA2kfA/w14ShOs6fF8INa0eaBwbODSr+PSfsupG5aQLIUgkV32MWYjrnNfqV/wAEofHDeNdG+L5U2b2ujf8ACM6fbz2JDW8yppluWKsBglWO08kk8YHJr8GNC+Lvwi/bJ8K2mlXMy+BfiZpOk30C2QnjsvIub6AwajNpxLLFe2k8bMUhO+YSHgYIr94f+CU/wz0b4S6L8SPCmgapJrNhc6foV8uoPG0YllSOGKcuG5LK4ZQenJ9hXw+bZfDCYLARUnVf1ypUhNPRRqXfvWurNO2vno1t7mAqzq4zHOcfZ2wdGnKlo7ulKnHmT6p7vpon5n63zKrEvzgYHOSO2cbj157kj8jWXMDuOFyoABIJK4+vcg85U9yCMnjSm3L82B93kndn+FScnGTjAJ6/kMUZAMnaDtIBz8wHJ9TxjJz6c9QTXDF66/e+qul89n6avdHoXttdWd1/wfuVvmVcNjpkegIHODjPGc4H0Hc4FKoIKHpy3Qj5SSQMkHIz65zn0pWIAJHbOOMZPUHnjB6DH3RzxniESbRkfwkHAyPvYPvnr1/hx75q7JpJJWVv8/VaPybe+m6/P+v68/zUnDYKjHuTliOCeoGGP/AsnrTQxJAXILHBIwOoyM5HAwDnjngA45oZwcjOOcHsRwNxz05yepxxztHBaWU9SN3YcAkZHJI4OOPx64AwRRfV9u7tZp9/Lt6W2Feo3LRNXSXxar3eZ7+iXnuloP3YIPUHOQ3HJ5zgYwccnnpkjikEg5XqeB0xjn8x0xwcgHvUZ53YzgKATjkD5mzk4G4dB/DgMOT81M5Ck55ABzjOeRknB7jv+PQirjuvVCs9db9fTRaJPR+8uu2tu5OZDllJ/wBwEcdwccDrkkY74B7YeJDjCngZB4yCD6A5ycjBPfBAAHWmCW+Y5AyFyrBsDHIA6HkdOOvJAzU4fdxjBBxwoByRwRzjAHUYPXOc8DRcv5cz0avpZvvr1XXW2xh70tGu6SemqUW0uytdr0Vh5OcHGQAwHJyScdeo6j73f1xUiq7BgBgkZ5PIPB6juM5ycAkY4qMbgQMhRtYlmHAIAOOg9eD0OMjOBUylTjK4zzg9WJ7nHQ444OPQ8VnUk9Gkutr37xXkr39fluaQTbT1SsndW3tF+vV9rWTve1nlCQhK8dcDIyowDkjAOcEAcAgEk5NIFcgMRlSuMHOFA6Dr2znHXOTkknNk7SctngjOMdCedw5yT264J49KQbRkHGDjGRgDAIUcHA4H4kDrgmiLaT01Saa3ilonpZ2180rrd9btFNSTtoravdNO+rvZrRKzXpuqflMeBjHU5bOcA4yNw68Z4LcYY8inqvVQMhWOQD0XHU84AyfoRz3qwQikFSMAkjqM8DAHJ6YPA6fjSEqoI2jaQOenUjOee4Y4LEfgMCtL+7Hpfazt1jfV2d0tk7rda6olySlfRtvV73drq1lbdNt2Wtn6QgKFHOCAQMZOTjkZyR14HPPUHo1IGYhdqgHJJJIIKjAwR0OT0AJHU7T/ABTALltxAJ4BznJIx65yfx7YJHRQnBzkg5GMAn8RknIwSGUYGB0PUdn11tZ6q+jTa06ryXr0JjJ3vy9vdtvZaW5k3b5JvpbRlcBgwAwcckbgDliMHJPOfTg5UDJwCHkYIzw3AwCcDod2c4yTx+nAOKUxsCvuSCQRk4GAec8YGTg/xYGcHKiM4GCc8kjqcngc9SD2zjHpxihyulreO6WiTa6vXW/kuiWhSTatazVnftfl2upapdH877KNs5DcEZIAwASR3OR8xzx1Ge54yIWOSWGSeOnB2DC9PToCCQSTkjkCrRUBVyFJBLA5GQGHU5PbBIPHXjPWoWAIODjIyeMZyCOCeg6nk++cnBSknu9d1ze7dNr3bbvfRWbDlei2V9LS62VnqkltrqtOttCBhtIAI28+55yRnI4we+DgcdjSBmySxUEggqTwNp7cg47g4CnOMU5uMHgYYDlj0746jn27DqBxUJwQxUfMcnZ13c4wT8xAHBO4dOe4BlStZc13Z2cny7NO0tGr266u3WLetOC0u7fDe2q0UdNHrJrRafavs0OMrDALfMV+Xg8YI3YwSOhxxz78mn+ZtJBbrgZwVwBzwe3pjqc55wSsIVCdpJzhTuGQQDyBgdBxwPlPQkkg09lTDYVipGAT/Fg9xng4I/iPJJ68nVSto21pfdcv2dutk3pqtW+tyFTl0ae2t276p6p3Tul6X2RYjl4yxBK5IOc5BwcADHbJH456YqXeNwyrBjwfmOQQQBu5y2SQM98kE5wapAbQBzuCkAcDb6nGTyeck4HGQfR6sQBlcAjr8pIwSSMg5CsckjOQSNoAyClGLldu197t31aV+62dlbzjZt3qMGkkmtNfe11VrLZ9Fboi0rMAckEHd1IByw9FxzzxgfNjrwuZGcLkYOeAC3Az0JAPIAB9Md8YxVUOCMeo5yQVGDjGScqBnPGOoONwOZVfPBAbAxnBwGzwOoJBJ47gAn+EgEml9623tpf8bX8rdWkQlJ7Rb6LS3ZdbP0vvZ6d5GfJ6ggMMnnliCeOgwCdu3IIOOQcZaC3zHgZyAOM/e5yRnkjuRyB1OcgVjlQ3y4O0kg4U85I+UBseo6845xToypxjPJbJIHvjAYdCTjGM9QR6GiSu17trPR3+VvLRK97vqkNRlq9Utm352W33fdvohuWI2fwY7kNznIGDgnknp0568U9GycbQQQRgYUZAxk8jucZ9zggZpwwwDYByxwchSDkHBwdpx0HT3PSgHapDEA5JJxzlu59zjPHbrWc3dJJXdlpr0avrpJO6Wr+SuwhdtdNrrW20Xr8nf5Wt0Is7iAQenJ6gnJA6jPPfjp0puxmzjrnHXgDnPGO4PryRjjAqTZt+6MMCB24AJ4xjqRjjIHOWxgVJGOfmXJbcQRkEcgFSBycnHHOPTJ5NOW99Lpdfesor4W+r2d0rW3epcXySleKu7b625mla/n05dHfV6NlZsjBYKBtJcndjOTgZz1zwQPVTgFs08gOVAHVc/wB0AA8ZOcDIwT0yf72TVsqm0fICMjJPKqQQe2cknAXnpx2puVJPIG0NjA565wQASM9MAkepzmpcpvXZ6q109G027rVXs0nZvW6fVDd+l7cr03TVklZ2VrejSTvq0QKmT2BJAGDyRjPTpnIbpz1J71GY23DP3VJIBChTwSw9TgHI57r0PFWcAAAYUqFwMAjDH2OCRxwePpg0/arfeyQGKlRyAQo5Dck4IGVHAwPWqU5LdO2y76W3bvrrrbTe1mrEWvZvSXNF6O696z2utYpczv1V2raFcq2QWwT9CCAQAASeh+Uc4A5Oc85REbptwMHOQCMtzuHcMc429cnGARxZyuB0O4ZPBJ4J9tuCRgjsCenWmLIDxkDnnnGCvOAMc5Ixu2546jmqh173V77J2Sdknp10v2RE7+642et9rNW5bXb3dvLrYR1fkEjoOCBnIx34wARkDv8AxcHFRGN2C5B+6eB3GW4x6r0HXGPys/ISGJbCgAjJYHLYJ3AH13dgABg4GKNq5UE4DZBbORzyQMbgOMZA7Y44oi00u9tWtLvRO1r3s7Xeq21dnYi5J3fxWV7tPste3S6drFIBsDOBhtvJwSO27k9iO3fJ5xTXjb5iQNxzjGQeTkE9Sc5ycHHfnvoMqgABgcEDlSDtySccgnBJIIzk4wcZIjYY3Erjnhj1LLyCDnjaSB1PfvzVqVm7N3bu1s9VFt2dn1Tl9z1diuad0ujsr9d467u6u7N7Paya1oANypXOODnkkHv15/kM4JI4pSrkkkZAJHXdnPUdTx06E4GM4zirDOvQDkhR1x8xIJJJ5x1wcH3NN3H5f4ssxAGBzjlTn5tueQTz1GcgA6OtKydk0mnb5K9tbXaWq2te1tLOMnzNN3Wi02v7qb2Wl97aXlts3FhgCSOMAKfbkcZ46g4x9cjnLMHIOCuMkYIw2c9Qeh3HjvjJGOas7kAA2su5cEffAwSDyMdsAnoc4wccISWHQcY3Dk4wPlzx0PGcH8KFV1S210ba8leya1u0na6b63ZXMrq7tsrdXt81q9r6+d9YBkrg8YCndk5wRxz0Azwecj2xzCwVixwxwQV75ODjAJIHYgceo5zm0CMyBcHYcMP4c569AMdx3PfB4pFAbcCMMBhsDqBwDnA5BAxgc9BWkZxfXaz3trv56d7+ieurTV97tva+m2qSTa6O/W99dr1wAeGyAAMcYJI54zkkZ5POe3Tq7CYC4JPPQHd04JJxjrnrkd8gYqfjPKgk8dMNgdwOB82eg6Y4GQKjKnO45GTuAAwMY5Hpg5B7ZOOSapONr3X3rprvb77W6X0uzZSvazVtLO29rX6u1u+3XzGfKAPxGOc5J5BJ7DnGDjnqMYMRPzdCAANuOTjoePc9u5z1qUoWKsCNo5YEHk424PuMcZJ468dHmMjIJQMTgEjIOcEZyOuDy33RkEVMuTS7Wrt8TV7JK2ttOjVrPrciWlklvbrzaaapuztZXdm7a2vresGBDj35OMAjnt6jHf06Y4JxheVHHGeozn7x6fiDzjr6ysMBlIGM4GwHjvgd+eMjJ3Z46EVEMDO7OexOARyeMjggjDAj9KuMlF6a6arTa6t093Ts3fs7CUZb3um7JWt27WT9e6+TjY44AGD65yG7denA6nHHYjOIm4IK4zj5TyM92IxjIz0zjkZz0NTsowf4gM4JyAccAkdR7EDPGRycUwD+EcjAUEqfmznOAew+ny59VFbKrzJab2tfdP3e+/mnquo7O36d9Lt/dbX0KrLuIBJOcgAhsck9Ttxxgkngtzg4zhhV14wSCQNzFVDAcHI5IYk4Azgcc4zuttg8A/dODjOSPQ9vUZ7cYz1DdpPPTGCM8ZHctjPHGeMZAH+zSjd99Ix73v7vV621TW91pfumlvs7699LaPTT71ez87xpGTtYYIAySSeMY5HHHfJ+mOacQSQPfjJAU4wTzxt65POSOMnvZCjHTJ4YjJI6gdfQAkgDrg885Kvtz82AVx8qg8YHTPAwQQcg8kYOeQJk9UtFpe/o4/dfpvexLVtV5bylbe70va/Z999Cpg5bODkA7QSAoXOD6ck449zznBrsowCDjg54PJ6jrkgnoSec89TkW2XHOcrlgAM5PfIbOG4IJHv0yOaxLZJxlTnjODjnrx06ZHGegwOtRslZPXqlZrZW1uvW1ne99FcacYR1asra66t2vvffre/zW0Vw/l2Gsy5wU0bU3yD0As5Tktnt+XOOB1/hF+O+u22neJ/iJeXyTlH8R+LEJhRnkb7Rrc6qyAA4+8CHJxgjHByf7ttRG3R9ePzZbQNX6jj/AI8Zh6D/AGh6n2Oc/wALvxk0+O51b4jzuwY/bvFk0URwd8kXiCYjbxwRt9CRnr0J7cum41akYtptJrXazV3rs9G97t3vZ6m1CS5aj1kmovTW8Ule7duibastdLtWPyg+K+t67faHeaYumWuk+HJob2KW9usPqt+sRd0jLLzCj46DBwcEHkV+137O/wASfgn+wr+wb4B8dTaXZL488Z6de6nYaRCI21nxTrN4T/Z6SBR9oNjahsEn92cBcbyM/h/8bJrzS/DCXNxZ3Dn7VcYXdkPDcb2PJOMBWZQDkHIAPUD9VP8Agnz+xl4y+M2m+C/jt+0pNe33gjQdNSD4R+BtT3CF7ezUNBe3NoxEa2gcB4lCAzgKTuFd1VTVaMYQlOtKFoykrqLvFOT7WVmuistdjnk4qEpTfLS59ItO8loox10i3K8nrpbsjtf2bP2bfiF+0x4si/az/ag+23VjdazBefD/AOHl+JEtVhEwFre3dnL8q2dqjqbeNkDyEK5B3V+497ZwWOieLLCFY4ra103T4YoI1WOKGNfLMaIigKipjaqooUZ2gEHB5S1gVdAsII4Y7aC3QeRBCnlQwxQXkaRJEiKEjijjUqigABQQQMcd3r1uW0rxtPwFGnWEnscKmTkbcZHX/gOS3Fb8sadOFPl/eN3lJ3u37jk+9k9rK2y3vfzeadaq6kmopJKEbPSK5baaJq21tG92tzz346eOb34efCBvE+l6cdW8SXI0TR/C2lNlLfU9cv3S3t4LiUD91FtlMjuGG3G4nCkn8Av2/tc+Jmv/ALQWsWfiPSdLsvE+g/BPTYdZ0m1uPM0yxPkLPLHDMXIkkXKgkE5ZcdsH+gf43/Ev4V/Dr4f/AA2X4o3tpA3iLxJ4ag8F6SRHcahrGuO6QwvbWS7p2hi3ZefZ5aEEs+RX4O/tyX66x+1P8dJ7Ygtb/DiONdwAOPs6lI2DMAGClQemCcfX6Hh1e0xyvenCFLWaf7xv3Y6vZNX31VtLI+c4lq+zwMUrVE5pKDUm3KPLvZ777Lq+rufnn4X17x1/wjGjGz8LaNGssfnRTvdT+YS5CtJJHG4GSUyR156Hgjh/jRN461HwTqlpq1vodtauIpJjAtw07IG3KUL5B2nBJbP3c9ufYfB08MPhXQ0lntzJ/ZMRIM6BkJLbv4hjknJznjgE4B434zXmnv4H1ZVvLVphahcCdS/31BAUPn5sELjgZGfSv16WAp08DUqrF4i7w8ZSj7SDu3FPZRTu07a7Lq91+VwzFzxsKTy/DK1eMIy9lJzUeaKb5m2k7O97fLQtfDS5+K1l4S0SHT9Y0iysxpNslri1MkwgCnb5juCN2Mg9OSeMZI7V7/4seTKbnxvBF+7kDBLNGO0RtjaDHxxgZORjtjGcPwJrGmW/hPw2jajaq66VbCRWmOQMDAI4IwQpOeckZrp5fEGgmKYf2taZaCYBAd2Dscbedww3AOR1PJJXnphg8JKlSlUr1pP2UHd1WvsRlbTR6vdddNNzzquY4mFecYYXDRSruMU8PBt+/FaOzb0d+a69HoeX/BHxB8R9Ml1qTw98QNT8Oyf2zqDu2nxxo892X+e6VyCyseTgEAenU19Gan4h+MmppI2sfHHx7fDasbINTuEXawwR8j4AxkZ5ABPYk18n/CvxDpGmzawdQvGQNq180ISF5N6mTjBQcZ5yDzj6Zr3uX4leHbiMRQi7JbYg2WUwDlTjJbaSMDk5IB4zlmO7zMFlWU1KFOtXp0qlV83xy55K0ly6O9ns27ab92evmObZtRqulQlOnSSp2VOEIqTlGGl1G7V2+rW9uh4b4a8EW2ueLfHsV/rOtH7LqETSTreSh7p5ApeS5w/712Yt8z7gSejLzXo0Hwa8NLG7tdalKGO0l5RKXLeuSTxzknGDlvWuM8G+JY4/GnxEaLTNQvY7jUoNi20DZiVVQgSYHy7iMqDjPY46enp4lv1jkji8N6yQrNzNhDnb93J69yPfJyM5rqy/C5X7FTnQjKXtakeZxckuWpayS2ta11tbrqcOLxWaOrFRrThF06claUY3bhCTdk1K7bu73Sd0vP5z1/wN4dtvivouhJZs9hPo8s80ZcgSMufmZkwTzgNzjJGMHg+xW3ww8GoYtmhWrsQuPNR5ARgDbhs8e5wcHBA5z55qVzqtz8X9DvDo8iXEegTCOxlniVnQuxMjSZ2oOxyepJOcYr2yPVvE6lDHoNnGNoOZr+IkYOcH5sDjjHfoMV04GlgorFN0FJPEPltScly2gnfe26dm1q9mY46tj5Qwq+sWvh4c7dVRbbm0pWcrvom1rotbWPAvi94a0XRLXQF07TbW0EuuQCTyLaNC6ArlW2oGcDA4JPXp6+0QaHpiW9u8eiacymCB2H2CAkny1zI7OhyxLHsGyMnOMnyf40XOuXVn4Zl1C30y2iPiK3WHyLtHeSWVkCpKN3C56sRgAtjOTn16HWPE8NlEhtPDiMI4QGa+VgUWNduUDHaT3x0G4ZBK4ijCh/aGOkqUlGMMPyxVPvHtZ2d31+e2lzVeWXYOLrc0nOteTqO796C3vdvZu90k9dbM4P4rWUNl4D1yaOws7YCGNgYLeBGH7zaDlVHXgHPzEgnjdXpXhS63+EvD7vbIWfR7DBMSnKrCinnbuz13DHcZ9a8k+LOqa1d+BNcjvrnw6sLLbIsdnO7XDEzqM8nAUFhlh0B612nhrVNXi8N6NCviPw7BFFpFkscZV2dFMKMBIQuA20c+45Hq6eIjHMa8fYycXhIWSjFWftZWbUuWztp5a3s7sxxOFrTwFK1aN1iZvmbk9VTp2Wid1d316P7+21G6dbOclViBt7kkqm07RE3BJHYYHQD046+NfBOVm8O6yVQFW8Q3zs23AJMrgEMpHty3QdeMY6/UtX1K4tL6MeLtOG2zuDshspJQw8ltyqduemSDliD8xAwAPHvg9dsnh/V9/iHVLKJ9XuMRWdgshkdpDmXcVOze2GAGcZ4wvJ1jiIzzHCN0Zx5addK/s72tT1vzNtdtW13episJVjlmKXto3lUw7b5ZprllK10o6Jb9LJ6NtH0+qzMoAUku64Y7ht5BVf8AdAB64x6HOT4B8OhPN8RPiQCGjMd3GjZA+6oIxjkjAye/HXPAHbRz2810obXPGEvlgDZHYxpuJOOu0beCBgE8gfMeg8Q8GWmnP4w+ILTP4kcR3q5MDmO6lOSQJ/LI5PUgZI2jhsjHTi8RzYjActC1sRU3mkpNUW3skru9ldu77aHNg8O1RxilVbi6UNot2TqU1dJ6vW1ttLPSyPrswJBGBkhnRThto2bcEDPI55KnoB1BwFHgHxQhA+InwqjWRVD6hcoxYrtxyNzAMcAtnHTuSfTo10/SpnhA0jxTOwRdpnvrkEj5QWwrgdTn8vXI4DxfounzeOfh2n9iXqxrLe74Lu+ufNnITcuHLbosYJJU8kAHnO28dXq1MNGMaMdcRh3fn5tfbQlZtR11b066WMMFhoU8RKXtpSao1lblin/Cad0pb91t5q6R9ZxaHaSRYl1e2iWGNWaHzoUUv1I3bvfjORx14xXzb+0O1vaeDYoIryGVT4k07aUnjkOBIOcRsxXoc9R1JPAFdIdKtGjYQeEMFJG3btXv35LckkzDgDp8zAdjnAHl/wAY9Nig8FQzDw9baew17TlLtdTzs+JRhcSswCsOOORuJXOSKrNsViKuAxEI0YU4qirtOb19zryRtpsr9tepOV4ehSx2HbnzvnTi3GNr3SS0nLRLbV/kez6FrGlRaXpgudUslxZQrteZfMG2JRgqcZ5UZ7849RXQap4y8Lp4f1u3bVbUyHSbtFVQWyzQsB9eTj/Z6kjIrA07S/E02lab9k8O+HoY2s7cxPLbRSuUMafMS67gcEDGDz1JJBqvreieLLfQtckmi8PW0I0q8aQR2EJlCeW24I5TKnGACMYGOeBXZCeIWFStGywtneEm3amtbuUd9dPTfY4ZU8G8Qmqnv/WPhVSPxc8VvZ3t5vq1vvS+E3jHQtP8C6FaXMlw0ojn3qlpPMGVpnI2lRtLEY6jnkkD5lPolh8RtEgu8jTtXlQv8xisLktsGSckoRg4+m4Y+bbmvPfhPpPiGTwF4bkt76yt7ea2bYgtUaYgyyDczlP4cZzkew6bvW7Xwbr10HU+IGiBjn37IYQQTE5+UgdCBnkjrxk9eCisS8HheVJRjh4NNU1drlVvin0u3tbfTQ9Go8PHGVrJNuvJW9o9JXVvc5UrPZ389bmt4A/Zu+K3in4IfFL9rzwP4Zsb34X6N44uNB8QyXWrWlvrVnLAE3XDaZNIlw1rH1MiIeDuVuSK8vm8RXoSHyhoBWSNZVZtVtgFDgMo27sjr93HXHUCtT9mCzAup9D8Xa/4vvfAuseMNT0vxR4esdevrLRbsTTeTFqNzpkU62k8kLshl8yM7gNrZC4r1f4zfA+P4QfEDV/Cep+HbGOCGCG/0W8EMc1rqOh3qrNYX1vIAyyRmJ0id1JUyRsCRivncpxuYU6ssHia1OE6nPiMH7nI5UlUSlFvl5ZSje80rtR1s+vu5lhsJLkr06NSUaap08RJSTUZyjGztb4WklfRdLdF8pXGtaknxEguYp9CinXQlUB7gTQupcg7XjbccDjap46g5r0Z9c1uSMH+2fD8XyoT5NpdTMTjnAAJ3YwOBz161zZ06yPxls7dLCw8keEoz5SW8YiVgzbTtK4J6EEgHP517lFp1ultK8VjZoVh5KwxKRyT1Vcr9CFx2zX1WW4aviaWJm6/LJYmpdWT0ioX6rfV7t+WqPnsxxNDD1aFONFt/V4NOVm/5lF3Tvpe9u2nY+Sfize3qv4MuJtVspSnieArKun3NuiOxUhmWRR5irjJ2gjkZ7V6aPEuoO8wPi6wjZQoRotMuWY8AYBIAPP4c1n/ABxtS8Xw9Eqqyv4tsgyhAVBLplAo+UjkAlsbhzgdB7Suh2MbErZW4IjGSIYxggE4JIyw5xxjtyCMVnSwNR43HQjXknbDNvmmr+4ruym9ut/w1Np4ylHAYOc6F1etb4JKPvw1Sknq+a91Zpra9jwXxF4hlu/DGvW934ovLtzp90jww6Y6IwVGDKzmLgEcA5UDkDsaZ4c1CGLQdLiXxH4rJawsxHBZaefIT9ygEaSbPuqBxg4Jwc4Jz6j45sVh8HeKZYYIoy2jXOSI0U4EZGQQMjtk5zjHcZq74DTd4M8N5CqBo9qWk2qSWCAnOFyOMZJ9+vSn/Z1X+04RlX5n9S5pO9RaKrFW1nt6tp32TMJ5lSWXqcaCX+1KKj7lv4alzv3dHa/n1uzz5WiuZbgPceNLgG3kLHHkoMr1cMgAB5yMcrxxnNcH8NBo82hypNY+KJpYdW1RT9kuWigAFzJtLbMb3P8AF3LBjkckfU9wDLDcbDtC20xJVMHAjbjBBxzzn0zXl3wCs1vfC16xIRl8Qau5OAS228lwDuHQkDcRyM9s1vUwMY5lgoSqfHRxN1qnp7HzastfLTfQxo5m3l2MqqilyVsMlZtL3nLW/Le2n+TsZ8NhpTSMbfwf4guiwAYXOoy4cFgTkMSuWABPLYGSScZPm9nbxL8WfENtb+CzPKdIs2/s24vMKgVUDO0qkAkDccfwlTk4PH2ymklx5kYJRcFiCvGRtYZ64z+GDgYJFfN2n2yn9ofxhGd6rHoFp8vB/gBODn2BBPXqfacbl1KOIy+PNfnxsE/di2lyvq072vLq07q+yKwGbSq4fMZezlFUsHKV3KXL8cLJWcf8uzVmSCDWMq9t4C0uGHeV8ma4MhRQDk7ycZ+Xgcnn6NXJeIbbWD4j8FhtE0SwnbULmO3hEKPFL+5kIM4ZfmAGSQeCeQG/j+qbfSQwUBANxJ5PPzDIJBHB45DD0HWvHvHFiLfxz8PYmBAfUrkjkE4EMuR36Y9unPBrtzTKaVHCqUZS/wB4w6u+RJ3q09bRW2zV72V9meXk+bzr4t03FJKlVkmnKV3GHeUne977aWXnfKTTfiLIiATeHbePc4j8mxRDtyeG2qDuAwB94cYzxkcx430vxxB4X1eS/wBctVt0gh3xW9sgMg8+NQNzIdoG7JweQMDjAX6Yt7RTFGGyASwHyg4LA7Tnnk7iO2cck4Arz/4qWccXgXxCxRi/2W38s5JORcxLwDtweBgE9QDgEnCx2VUI4GvLmnKX1aT1nLRqCulays97q+nojHA51WlmGGpOFNKVaEJe4uaznFO903tdb7db7+eaL4L8QzWFrcnxbqMcTWcTpFFHGY1QxF0yQpIIyQTzjAPPOP37/aIOr3f/AAR68LPHq11c6jp8GmxQalOhlLpbcKjqQxBRmwDgDP8Ad4r8Z/DEIPh7ShkqW0y3ByPlIMOQcjp8x4z3HJr9zviFapd/8Ego8kNJbyvt6FR5MyEjptCryGJ6emOa/KOO8HCguE50OfmqZrhoOd3eLnGLv717O1mmraao/VuDcXUrz4hjWUHClgKs4wUUleLe+i5rq93tbzd1/Llo/iT4i6KiG6s9M8QwhY3byj9lvTGy7iwZyEJAB4AOCBnOciK8+LOjHxRoravpWsaFJDa3sczXERuITkYXy2jUqI8/eYnAwDwFIH0Ta6Vp11aQvLbRY8tN0iqqk4RR2APuMcduSDXlvifw1pDeMNHhWLcz6Tf4jdRLHgYwSrkqQQTz6+hzj76VHG4aGHdPFTklUpWhWXMr80LJ3Sa1tpzP5p6fEwr4HEVayq4eEXyVPfpN03sm9Phu0t2t29bXOv8AD/jHQNYijfTtXsZWKkBFlRZgB83zROcrnv8AL1GD1NSu9nP4pulurS3vI30WJWE0UMylWPRg6kMcc8L1yeoJryW++FWh3btIsLaZeMu4T6fLLbOxySCNgVc8DdwDuAUelcdJZePPBviVYtH1Zdbhl0vKW2qOxZYACfLVwx5Cg4LNgE7s/LXdXx+JgqUcdg4zp+2prmo++mlbXkdnf0TfZHBRwNGtOt9SxThJU5PkqPl5V7uvPFuLdlbVJa/d6t4g+F3g3VXkuLOyfQtRKh1utKleylVjyGzCY1JJOQoBx7cE42h6z8fPAOv39v4D8dyanFHo1uWstbkMrzWuSEtPPcltigEKdxPqzCsW2+Lc9gwi8U+GtT01lBV7q3Rrq2JBHzBkV2IPOMDOMZIOa6XRfFeha74kvrzTdRhkWXRrSMxFhDKrBmJUxSbGBCkEjHqCB1rKth8hzGdLkjGhWlVgnypUKivazcWkpWab06rzsb0MRneCU3KUq1KFL3Lv21N6w2k3K27ek4vp003v+GrPG+it5PxT+HV6FVBHLqegSebBhcASvw3BOW2qMkDHHQeg/DT4z/DnxX431fVbTWrazW80KxhS01E/Y52mSXc8RE+0s4XAyBgndg5rmrk2twghuVS7idB+7kjDZXsNrhgBxjkY6HGM48g1L4Z+BPEXijV1utMktZV0y0lSbT5jZyQzGQqJIxEUUHoGBxwO6grWeIyXE4aVJ4LEU8RCdRRVOu+WWqjze/FNWaTWqejtrqbUM5oYiFVYqhOhONPmc6WztKC5XCb0d+V3U9t0foVNqtlfPD9kuYHgkAcYkEgwDkbZBuDEDBBAAz14wawPBE0T2mtxNtaA69cB5FXcQQueceuCTkhTwMFea+EYvA/xG8HXEVx4E+IN41pCfMTTtcP2uJgQQIVdsyBSFCDJJ6jJxxt+Gf2hPF/g23v7Txr4RvJraPUJJLvW9AUXCeceGaW3wzhSMsQB06d8cWJ+uUKtNYjD1aVk/wB5B+0py2s1ON2l5NdF5X68HWwtelU+r1qdaTknySfs6l9LLlmtdb7N313LP/BQPT7dNP8AhmyeWsslxeDzgFBZfKYgEDJPPOWyBnB9a+L/AIR2xhuQCRh9QAf5SC5DAoSuDxyAxIwMnopzX0R+0x8UvC3xb0bwBdaHq1ncz6bd3IvbJw9ve2qyQFUE0E2GHJAJAAyWBzkVtfswaFpOof8ACRvqFjZT3Nu9olssiqzZZ1y6MPl5UBSwHqGOFr8+zTFSw+a1ZKSqRXLaV7trlhe1no4vRf5an2uX4b2+Bpp0/Ztp+61azUlqkrbpaWbve1mz3T9n5DB8RNXhQKwuToM8gxgHZqMQcr0wMKCT0z0wCc/qF+0g+y6+H62yYN14W8SIQ5zlDbzY65wu0kKASPXjmvzy+CGmRN8c9Y01PKiQaXcMFVvkja3c3ECDkjgqcDnnHWvv74/yrJr/AMLrZCWI8JakHCjje+kPLJnnGS5LNngBcdgBxNqbVfb2rdoyu5RvFLRvrbZNW0d9tPXUVTiqSVuRJJt66xTsktOl9rK5+TWikp4V8d4gOJZopDIFGFSO6W3OCRjOfrwck4GG6HV0l0fxj4IksHwZNGs3kJJBjaSJY2wAQMEnB4IzyMZqrpcpi8B/EFAqeaL1bGE7WDAyagk+7eOeCMc5zk4XgAQ65dPF458KQXkMkgi8O2QkK7jhQqzLIQTzwCOpIHTqMbKT5dZX1Si3dShpFpPV62vdve/qZ2XOk3Z8rSlZ/wAsFp5q3Zq56XqMEMnwuu45vIFyvjqR5CuCwC7pCDyQSW9jwMtg5A459MuI9c02C7wkb+HtVuIUUqu6K5heYA52kgkA4xyS2OcYmuLltQ8E3NzE3mW8njC5dVBZOEifbleOeN2TnJ2nnOR33ibTf7V1XwoNMjWOUeBold3wMTLbEvkn+IpnAOD6ADNWruSsneLd1a6mrK17NbW10XnvdZuDftOWTvLSPvJcySSS1bSafW6duhzeiTSeTokpkWC3vvDV1ZSrsP72K1tZcqwwOA4XJ9ecYHOh/Z0ix/Ce9+SOOeLdGSuFOy8UADJPZV6Z74IrivDkGozr4WinEYiEfiW1RQ52+XHFL6DjoODzu5OcCvTDJaX2n/BaxtiJGtZGiuCNxXc97zk/MBjAJwM8kk5UZxV1UalL3Fdx1u1LVJNa6b26qyexSTveLbknZ3d23por6JWu7x9LqxPfyPa6d8YZm5R/EkJZlAIwYyoIC87cnqQB1yTkV02na1BpmrafPc8Jc/DR4gXQbFU20q4JUA4yeQSAeo96Gu6dIo+MtpGUEFrqkMzjOckBCD2wRkZBwAQc5J4y9RguGu7KMJJcib4dPGqkYSLEOd8ZPy7VzkgEAt0OARWmjSleza3emnJFX6t7Jvt52NYJJpXuk1ZtNPmbSfyvdWduuztfovCjxO/wcSfYQllrjDZlSRP5xTOOnGeRg9/XOM2mWmo+D7tC0kD2/j5/IVd2GEUkrOcnGAegHOSD1z8tn4fC2ku/g/bvMjCOTUYXVTlx5aPuUjj5ST7ZyATkZroJ7aWDQl2FDDdeNdbKAjAPkuxG7cq5PJ55ycZ5POVWqo6RbkrwTa1afNLzei9e3Y6aStNcyskrpbprm67p2v6n7af8EKZlX40fFmKPKLL8ONNYKSTnZJPlu44znPXgDgmv6THGN2Dvbfglic9WPTsOoB5yevav5m/+CFUrD48fEeJus3wwgYgdSIpJ/mA64ww5PORyPvGv6ZXjx90DjLcgY45OB2xliVJHsM9fna6ccXUesr8uyVnZcqvZadfeaS6tM+qoSvQgrbbXSTe3R2tZ206v5Xq4I3Btu48c+ucHk/oTxjvgcNbeRweCxAIIycHB6e3bAB+bBPSpyoy3IPzAnd6seM4HQ844yCWB5Aw58HG0LwC2ehwcjDA8YwMZAB4HUjIcW27We+ml73t339Pl0ZpJXu2+j/Gzvvq7r9PWmVZQ+cAAAHaR14OP90jJPB4znGc1DhSeMhivI+fv05xg8cYz1AOTVpsAleCCF6HAPGTj+8Qc854xkLtIxE3C7gMZJBPJB6YGMcAjr83I74HNq17Ja62SjZa8my21S876pdjnkuZp3S06tPsrJxeurt9nTp3rbQQCSfunrk45OOc8nGO3PHXBAcMZx8wyMg54JHPTgAYwD+J9qsEKMbxkHIwFIyvXGB1J/h7EgnPGSxgAQQNq5wF5GSACMY5JJz0LdepFJ+W2l7eTtfpfe9uvXW4NWfdaJ97qy720aV72t82Cgc8FewbggDHzY246kZxyRj1GaY2CBjvuJA3ZO4YHy8/MMZAHQYHOMCQYIBwTgkFT0YsPmJ56rknDYA44I4BtHBzz82QRyeByPXjHPXqeO9J2V2799NIq0Ve1/nptzPs04lra9l0ae2qi3fqtN32VupXUDABPC5BHXGSSBnoDg8YwTj8pF9AMDgk9TkEDHGevudueop2zaOFIGN/XIJDd/THPpnPTPAeu0kBeOhJA4A6cjvjPUA8+oOC1NpPVtba23V7dXt312sVyxb1SvbVWadtLPXXotOl/vUJu3KpOM55x8uTkAkj+H0AH400qCxwV+6CeTkk8Ak9ySQccnqfYTogGQckADBOec+46knJAzntyaNqN94AEA5UruHB4IxtPPGcg9e2OBSlpfqo67LVJt+fZPZX8yZ007JXS3fvLpZdd3tu23ouhTKyYJ6YyNuQeexyRnk47dOemKjEb43EfeyMEg7cjOQFxycccE/dHNXCoAHJyMjaM5APB6A/w9c9MY9cx/IOCrAgZySGwT2IIBxwCOf5YpqUk7+7r1vFJNqK0s7tqyuru93bRu9RStdatJaXa3XX/AD6vz1VFo2A6nBGF6gcdSDx16HjBJ5AFNI5kI3AEZB74wOwz1/DkHjO7N8gDIwQAeOMEE46g/wB4gZ5yBjrtqIgjdkcjaQSMdhjuO3Ppnt6VGVnq1ZtO2/SL6O21t7Xa8rENS2cW0t9draK10/XTT8CpIpGeOdobkk/MCMEgYJ+vU56cVHIu4jtgYLA8b8gcZJ6kkYIG7GAasOoZSdpDBiDgdumD3ABJ6c5DdcCldVJBB29DnnbkDnPHqBnOWIJG4ZqnJee9762tprp1t203+RGLafy0s99FfV7arW1rO+tzOaMHGCfTcp4GDk574yTkjnJ3E4ziLGODgAsRnHQ4HGScH2GTx0x3vSIeGAzyTzknkDORnHAHAA49wMVEFO7O4bAcnIIIwOgPrz6DqPXhxl5b99lHR7ejTb03T6kNa620fTTVW1/B67797lbBIJGARgdCO+Dw2Rn1Gfm9OMl2H69NvrjvjOPYc46AZJI9LGFB5POSVA74PHB5znoDzx6igAYxjLFd2M84B9s8DpgcN1B4qr2S1+V7W289LdrprslclwdtN+ivttrd27Xtpq1bziY4BxkcEA4I5HLYwOe2R0ORjnmoSpJyADwAWPQdMAcZwuBgAADPQ1cC4JXqODuAGRnGVIzyOoz09c84QADHy/Mcnn1Hcc/QHjufqZi3s7O1krt20S6Xv1tp0Vtrsnkd099t/lutNL36X3voUjnBHrg45IPY4HPJ6dR2B2jmmbHDADdgqOMjHJIH+0fViMA8gZxxfZdxzkYJBJA5xzuC/LuyCeMHgDIyarsGwRtyxyQQwBODj6kdzzlsZHBq0+Vv13e6ulpbbbtfa6WhOq6O3m90mtPws2lf0sisA4J+U4JwB2AwOpznk984/DNI+G4xyR/dAx6njIGAOQCOhxjNTlTwSPXuefVcDBIPrg/TNMIOCACep2kZ4Y5yxGOcnjvjsSc1UXJW1v1XbZbvXfy6X6OxEouW0raWd1tfl220eq+LTR7pWgWPLE8jBzxg8MDhuck57Y+hwOieWwUgEkLksxxz6cDPIJ4IAAB545FoZ43A4bI5x7kenUY91PTg1NtXAHByCOnTBGQR7MPoMAE+o27r7m9+y79b/wDAsEYtRtbWUdXZrV8t+2z5dNvKzZneSxKjgYIBByQRj3IHZsEkDgfivl4fahAViSTk8L3GQNvI9cZxjIOTVxlG05ycg9Dgk8gYK9sE8Ae5HWoyqkHG4EAAAg/MeOCR3JPBPTvgkZlSd1520a0ezeu/fy29QSS2bT0u7rmV0rq+tr9CAK4IABzjPQEdcKcgHJIJJwB1wMY5lXOCXxzt5zySQTzzxznLbcjBB4IBkRF+bduHbGSeQuME85xgAZwefm5PEh2AKSBycsTn7y9MEnnnr/CeccU7p2dvytq106a/lp50pKzjdc1lvq7XW+17pJX3WlnsRqdvmY49DnBJyDkgZHQ89OwyOgk3MwPOCwAwMEtnrgnjOee/HtTsr83QZHfgcEE8jnBA4GDz2GOYzuJOCCBnAwfYDdjpgYxyFGMkcLStzNaWtfVdXeKW613tt2tchtxSbfrp8+6t16fIkZm6YAA9edw9Sozg9cKv58nERaQg8gjBz3zkZAwO7dx0A4GO6Z3ZBJDAgdM8deeo3AgDqAOfqGggbgMHdlCAOmOM8Z6/xcYAJ49HGyXKvm1fslv5JWW131VrESk073SXS8lbpo16ed1fW9tHHc20rxhcHGSSTnjJ6jk4IPTH3jSFyFHUHoAcHBHUjgZ9eRz9By4EAEnIBT04BGBx6AjPP97B7ZqJwz43LgdVHrxgAkdMDgHPPQ5NNR11emiS7r5dNNUl0t5Ne0m9dZK+rTT6Renbs7/do7BklzypDEjHTBAOey8HpgDBx6NikYvu3A5wx64K4xx06ZAwRjaMcDLAhFC9ASSoHPPcjPA+8R0wBgAZ9aXAAA+Y/MVJPUBeuR1LDrjG3g9sgDtZpX0V203dJNbN2unffpZrobXvFPq9LXvayitbNJ77dL2XQQsxG7OSN/P+1yOTzwepJ798gmjDFeWBBVjuJboCeFOc5/hzkc4AbjFSbcKFyxUkktx93nIz3A54yfwFNOF4IGMtxjqWHB6jgn0A6fMPRRTt12eieu8Fa2ln57Oy7D6p3TVvPyt8rafIiYjjION3JOSOD7HjgcA9efU1CzE/MuQCRkZORtJGcfL6dzyO3Q1ZLFQQAvXGcBsE9ByDyc7jjgck56VHhSMMDkFgFx82O54+XjPYnjIIB4G8dI7XenVqyS2SSv20ad7uzdzKc2ny35dldpq+3VNJpddbrW6ejVNlcHjJxub5s9GHHHHYAr1HbrgFihsYYg4B3A84yc8Z4XA5yCcgdmq0xOdykkccADBx2PHHGCVz6YyRg1mYN820BT1XgAnOMewOOBkk9PXHRFXilo42038muj211V/vRz623sk12vdpX0fq07tW12sMds5IweOOTtboBwSpx7Y+b0qFsckZ54z1UAHnHftwDyeeDxmQtjcA390hipYA9VUDr94jdz6YIxSFd2Txg8Yz1IGePcfdOTljjOcZq0tNb+dtenRaWSem/Z73RPNLu1r8W7+zu9+mlr2tqrMgJwMtufDAYPUgnOeWBAG7Jycgdfdu4KWGAGyByMnJHGQeMYOfbju3EuwjJPXBAByVXnqTk5/LHBxgZqFiDtA4I3Huc4B7dSMYGemSe+M0mk77tbX07aK1+3W35Wd3y7aNpu6a3s9dLr0Xyst2nqR2BZs9xkdeM4J6YGeB0PBpnQAEc5ORyCM9PQ49cYxxjjmgsQeeucYHBAPJz97IA6EHpz0xhu4HPUsTuYgMeRgAZ7A/7oJ5z7U1K6V1ZNeivytaPZelt5a9SdbvSzS2fVaeWl2/P7P2hGLAFj03HDA9Tgg8HOAcA4HTpxtOYiG2lSAcZHUkgsR37j0wTgZwMYo/h2jdhRkA9c9W9sHt3A2gY5ozuG4k4JJG3OW2nA42gdDj/exymRuqOii3pporvWyTbdn+evXqQ4ptx3k7Xa23WmqSWttfNWbegwp1U4AJGGIwTt5wPqRnjg5GBnJLGD7e4HHU5JxjqegBBGQRj07inj/aYE4BAySeuOvHbpyc4Oc5xUhABJ+9wBzkYz6g85wOCOOB07aqV2ktdlddNr6NO1mlul1010zim1fW21+utt0nvrqtb9F1K219xIBOWBJz2AK5AHTBxhc5znpwKkVGydxGMsD0yVJJ4xnueM8DP4FxbIxwOcYxndjPfgZ6jHPYHnqzcOANvJOSCcAAk9MnBbPXvjOc9KXM7a2VrbeSfp+i23YJ2d9e979dHrvv1Vrd+om04wAOxznBJDZxnjkZwTg8dCRTURgccBcs+GzjBzzznkdxjjnPJ5lDbsDgAgg8Z5HTJHPRiccZHODjgwFGQeAvGe27PUfXpjnPXninLS9+jTdr3tZW/G2q6bO9yoJJX1SVlfWzTV7bXvbp6NPXSLHC5x2JJ6nB5I7f8Bwc46c1EwYN0Bzk5PQDnAOVyO/GRjkkDnMxHYgA4xtA9evqob9OfzjJOAcqVxtIB6jIJB9CeQQCuem0dC43bTWr7PW/w+S/Bat6PUi69L7u17arZXTu7/Crd9hiljtU8krzzyCOAF5PHHAJx1IJANPGQCeAM7icZ4IyPocdQfqQBgU05wThgygbe/foPcYyAAFHAywJFOB+XoVOOeCc5ACnJ3YIJPHTnrnFMSb6XtZ6K92lyt2skk2rqzva33qWwBgdQQSQeCT+OThh9Og5AoQA4DZ7HJI4BBHX/aI6dsHjGQqHkMCPmwGxjpluW5A5YfxcYHBPQUoJLEKegC4UEMADwOgHb3Xad3qKT27arb1X9f5jV9dWk1flfyX6p28m792spyowcYIJPUcHgEcjjHX1IGAaYuc7SFwzcliCCenTIIORhuMcnGRk1Pt5AYDB3HJ65yedo6Z+Y54Jz0NN2qAGKghRnkHOcjqcEdMnG04GenZwkra2TuvSyUbq2u2t7W8zZTi0ruy0VnZae50u9+VrVbys7K407eueVIGVBxjkk9Ogz3ODg9QTlSchsdAcgdRggBee4JA6f/XpdhVhkDbkEg5PI7jrnHHft7UrhdvXjHJ4H8X5+nJ5Az25olJXveK1UtNequtX/Mtntq+lzGUHNXilom9L9LXe/mls/LTUrszALjaCMkk4IyxGBxge3HbAJ7VCW2nA5zu5DAAHJByvrntz/LL5GBPJBHoDjG3BPvgnHGPqOpDCdwGcbeWAbODlsgHjtnIxzn1yacU3pe97WWt/spW1TW11Zt6bqzIcZfD0sne3Wyt1dtPv1snoCsADnHLLwckfLx1AyBuYAjjoo7ihiAM45YA8nJz0HTv6Z456ccMCnKnPUnqCQeeDjPYDB5yQTu7kTEgBWHbn1H3jjH0HOMjt6YFJ8rVtdEr2e/Nqrb7Pqtl0vrPJ3kr2s3ZXT6d9N7XtraxAQMqWU5zjJzwQPu9eedpz2x0weWMp5HBycHtng5PB7ZP5D1qzkAjkj5iSfw6gDJ2++M56HrUbAc9cYOTjGVyM8dMNxx1546ZrSMm0r+Xy6aX1tdXV7KzunuyZRVrbrbRNfy2v+fb5bQ7CNoGCASSee+cADByue2OeTxzTWyQMqMhVOP4eec4G75R/dPTgHjmpcZZ8cquApyQRxxwOec8jnOeOQKeeAVwQ23GQ3QHrgjgHoAD125Jzild3s3du17qN5Wtt3tbXtfZ6WxcVe6TslfXTTTZ/LVP5alcg/NtGcbjuxkgZ478+oAGAeGJGKTA4ChSVHIx1JAwOgP3txBzx36jMjlQo7csByQcdM9sH1BJyM4OesQQA5zjPOCTg8YwD2XPPYHHYcUOVtLpd7taapXt53X4ddGoq8tbrT4Xy3TdrPbe6tpv5ikZ+Zv7uecg56EcdRjHzc8Y45phLDAODnHX/AGcnJIPXp04Y8EAYp3QA54Ax3xz78468dxzj2aec9NxwMA5xnP3m5w2SM9/TGaIystGmmlre17W0bvu7bX1t7z2LXKtVa+nV+W/bVdkuj84ZAT05Ibc2cYH9Dj6Dn2PMYHXcMFRkgEA7j0A3dPQjnHJJ5q0DwRhdvIw20ZwTgYAGD83zfiAeKgHG4N7cAHgds/L6d+3bAprV300fR31919vlo9td9pbfLyrZ6q6u276ap6bRva/YZxjeATlRnHbnqO+QSc8kntnmptxznA2sRlTgZAHXP8Kj6joM5ycREgHJyVKkZPGCvOfqOvTqfXgs3gkAN8oUYbbyM9cgE4wMEfKADjk5zVRSTVtLO937vby6x0tru2iGk7JuzbWl7N2a0XXfR6fO5K0m0ZXPXkqcLt6DAxg4A45GcE9DUBYDk7uAckEKGJBYDjoO2egyQAFxl7MACDngFcHg8dwD3z26YwKhGWKrnHAwT82AWJAbPHPbp2ABwMOC6q9raXV9Xa7tdrXura3ae9pacrWUbNdVfVuPeys/PZ8u4pUEtgHI27RxgZHJ57nueOPahVIZt2TgYVj1yTnjGcbSScnHPr0qYjAYcHB46kkjAxkHgqcZXuec9i7AJ24wVQHHJxuxyR65zjHrjjFa81rK9te26eiX4beTdrBSgoNe8m3Zp3to3FWXvPv92/RjRgAKw6KdpILFeMYPOOc8En5fX1hUFZOMEscElhg5zgcDgj06sOmQcGy23HJwOenUKozkBu4/UYzxVcnnCnJJBYYzheQcDjqeoz9azm0mktdG9PSNlayv9/polfqW6fzWujV18l666eVz0T4cNjxPpjHGf9KPGMcW74x2/h9zkA46Gv5D/wBq90f49eNdpGZL3xkXVcg5j8UyDAIxkjAB+Y9D1zX9dnw4KnxLZYLEJDeMSRjcRC2cfQHcPUEHcRnP8gH7VsiD46eLDGwBbUvG25sdAfE8zNj3ByvHHOOOa+TzN/vMX2eHpq7eujld6f8ABdnc9vA6vDJpW549fJWfbto9dSLWNZih+AXxIDRSW8Ig0OV2Y5E2ySEKoBBJHGTxgZ/Gvyj+NHxR0jR9KigjaK51661GzurWBZFaK1jtWRo5brcSsS7lVmViNw/h61+l3jK51S6+C3j/AEnSLM3d9No+kNavKMQwSGaBPtDjgMELMMHI7cjJH4sfGr4S6zp1tBd+IdWEt1eapbrctbLtRxNtYIJFPKRq23jcgGQATXfwtUrUsmxVGhDmnUxErzukknGnsnd30SV7pXu73PE4up0XmtCrWqLlpUElD+aSd09Nlyu711fnoZvi342eO/iNryxT3154s1poI7ewsbVJDptisYCRiKzthtm8sAD96rA45+7Xqvw4/ZG+I/xDvYNb+IeoXWl2R8uXyLomS88pmDLDaW+TFZqy4X7isq4OPlxXrn7OHgPwl4Q8WeEJILO3/wBMDWc88ypJczzTwNMsmHBZVDBQApB9Rnmv1JsNLhSJRHHndIGbcPmO0kZycsMZwAQc/TJr6rB8PRxDVXGz55w95w1s9nFOWrfl5+Vk/gsbxNKP7rCQdOD2qNxule14rZWte/Z632Pjb4f/AAi8H/DJPHWl6Jp0Fv8AZotMBu5Y1kvJGkXMjNM4LKXbDbR8o6D1r7H8KWwOl6eUH37WAsST84ZB156AZyR97pwa8S11YYNc+JnnYCpbaU3X5s7OvXuMYwMnHGSdtd/B8TfBnhLRNNbVdWt45RptvItnAVmu5Tt+6Ik3OuTtCllx1yAeK+qy7C0MPCUKShSha+yV/e1em7362bvrpc+WzHF1sS4TqSlNuWjbbd3GO93tfVWSWvpab40WZHgDU1Y8PdachODwPtEZGeOMYH1+6ffp4LjTdB0m1vdUvLaxtLe0t28y5kVGcCCIkRqxyxwBtABJwPXFfNPxO+MOseL/AAxeWuj6Wmk6XcX9ilrPqGGvLpklVkZIf4U6HDqDzz0ryLxn4ug0JG1bxl4h+33nlRi3iuZd5BCKoitNKQncRjCu0YG7qdoGcq+MjQnXk7Ri6cLSm7K12npo7rS2mv3HfgcFUxFGi2r2nOXLFOUpX9nbZWSdndtu1vkfR3xH+LCXnh3W7TwxZPJBLp8sL6vqG+KFQ7qM2lu2JZCcko+GQnnnHPzP4p+Imj+GLLTm8R60+o3kOn28dtas4uJslQfKtrCMmONmJAV3TPA3MTwPM7vXvHvxBsNQh0W1n8O+Gzp7vLq2pRuL2eFWHliytgu2FH42YRSB0OQN3sXwz+Bvh7T2ttd8SSf27qktrBdyXWpN5zRuVJEMauSiIBguOMY4AyMfLPF1sRimqS+wlKrUTUUm0rpXSdt0ml3be59pQw8MJho8ySbnF+zptOSfLe0p393TRpbLezPKNMh+K3xZ1GJtCsp/B/hdpAj6rfI41KeHk/uIiVERYcrswFDDnPFeg/Bz4OeFdJv/ABLrOphr/VbPxBPDJqeouJZXWBQXdfMztLsTuZjkDnGa9A8d/tAfDL4Yj+yo7katrcKO0Wj6QqTOZSuBHJJHvjhCscHPQkknrX5v+Mf2g/E+tWuswS6j/wAIxot/ql1dHSdIkB1W7E2BsupxzFxgMVOOcZ7VxYt4ejUpTq1I4mpG7leVoxfuWsldLXRpdN9Hp2UHUrRqRUFRhJRSSTU2rrmfN8Ur8qTb006I/Rfx1+0x4I+HiDQNMRNb1MI6pp2lMsreap3KbieMlI1yo3h2BQc9vm/OP4i/tFeJde1jXX1bXH0Ky1V8f2DokpN7NGn3IZLlWyiEgK2W45x0FebeFPC3xG+J94bLwboF7HayOFe+ZJgpBIBlu9QlGX4YsyxueQV69Pqj4S/sg2Fv4+mg8byR61qNrYW968ZDC1iuJmCrGxO55AhGCScsRg4wc89H6/mVWFPC0pRpuWs+VxgklHVNJX22Wjd9+kYirg8BSnUxNWLnCK9xNOpyrl0UVeMbS6tX1v2Z8iaRpPxJ+Ikv2XwnoV5pGjzOVmvVike5uAxALS3b5klkfcpO1ioJwfWvpbwL+yPNpOo6DqPi61S6Sa/s2uY71i91Is8gUFm3FVQNhtpBYYJc4Ix+qvh34V+H/DUEFvbW0MeyNQiW8CRRIM7cKFUc453kBgBn+KsH4iaetnd6IyHagge6GQRn+zi0+AeAM8YzyQeema+vyrhWKxFKpiW604vm5fs6csmuW2trJPTbW+5+d55xbJYTERwklQUoSi5RSc2nGyblq7rpr10tZHz38LPBmk6PaeO7bTU+z29re6xHlULOUigdURWx+7RNvDLt6/LwefLdbghtbTTkG7EuC2GJKnzicYJGCM+3J+YjpX0J8I/Nurb4kEFWC3uruyqu4qs+nmfkdeNxAxnBxzkmvBvEsQNvpxVGyFzgqcf60jKlcchTkkZJxkD0/YMmoU4Yb2cYRgo000uX4VdLTRWTSS2stG+5/PWe4ivWxrnNzm/rEIScm25twg273fNorNrd6W6PzX4dWNxf6t408naoGpR/M43fdQDgdc8A4B45BOQwr1SXRLtSrSTfLhciOPAbnrxyB34JHXOeo5/4LW0dxeeNSI3cDUVJKKQM46cLzyRz0wOOBXvD6VIXUraSbShILA8bcjocnOR6Yx1OTXZgaNKWGi5K7cp3vt8et7K7+/bXrr5ecYjExzCcIttKGGiou7VvYU27NK92tbX8rbs8W1/Rol0bVHfzHUaVdF+dpB8twCBjgBjntyTwDg1r/CPwjPd+GbcwoVkZLeQZR2IQqPmyuSAc+hJOeeK7/W9BuX0TWgYd5OkXjoNoA2qjtlh3A/ujqPQgE/qx/wAEjfgh4b8cfFH4Rx/EDRLLVvA+q3sces21xGWjlS3tWkjMoAysfnKN+87WXrxivnOJcfhsmpV8fKnzrCYOpVcIWTk1ZpKV9G9FbXXV21t9Pwjl+OzuNPLY1PZyxWYU6cZzT5VGUIpyevS8vVqx+d9p8IPEJ85Ws9QeWaFZ7dDaTIkyNxujZkG5cH7xIXqSRwK8n+P3w51HQvhlqtxqFrNEyz2KOj4GwtJHgAjnLKcFezZx3r++79tvwp+zZ8Mvgr40uNK8BeC9R1u70eHw94S0/wAPW1lca3bTkKYZI4bJTdQrEo3PJ12qQ5OMV/Hz+3fp2nTfAaS6sYLg3x1vSbS/k+xSW6Q3O+MS2zllBZlJIJbOSM9jXwXD3HlPiCGIvgnhIKapRVSopc6lyvmT93q2rWaW3c/Qs/8ADypw1iKEY4yOLlK1RqMJQcYxlFKMlKT163Ttay6o+EPDvhs/8I7orpHFGU0y1wGIDEugHBO0989xlRnPArdtNGZg29YyF2qThgOuMl88HJHJwASM17Bovh6xs/Dvh5bxAu/RrItI8UhyTCrDJHHBx1A5x7VXJ0W2ZlHlMCxyRDMVOBgcYIb5eOe4PY5P61TxlCFKgk72jGKs93yQtfva9rO3Raux+OVMqxPtq05KSXtZt6Nczbi1ZaXs7a6aLte/zN8TdKSOw0AKFLSeJLNAWB27iQowT3yeh5x1xnNfX3gLwVrGo2stlYxTOy+QzTJbzlVZ0TClwvlooJ6ttXAzkCvn34sXWjMPAy4McLeNdGW7naGSKNbQ3kKXDDABJSAl8Y+bkg7ga/s28F/E7/gn2/7Nv/Cq/hi/hHVPirrfw60vSNOttP0Pz9X1XxRNZRKZUu2haX7X9oJ3FHG1ssRxivzfi3jSpw1jak6OCli1ioxp+1g2qeHjCMU5TaUv5tm1ezTaVz9I4Y4EpcVZVSpVcwp4N4KdSSpzT9piJTldU4rmWsmkr66vvdr+blfgL4utPtU2o3UQBtEuY02eZlSu5VZkHyscZORxjBBwc/EP7QPhCfwv8WvhtFeMPMvNB1qcxhGUD/V5O3IAzkZwAD2GTX76X/wW+Inw107VLf4p6VL4TOo2wOmnWhJE14rOcRW8smEwkbpuCvtVcKV4OfyT/wCCkOk6T4J+KvwS1C0Qan5ngPVJZ4rG5SUtIVi5Zgx8ssDtCsMnk9FYDzMg44r5vmODw9WtSnhquIhUcoK6/duMuXmTd4xd1o3qdObeH+GyzL8ZVw1KosXHBV6KVWau3XhKFuWXLbft316HyMSBOpOwRnucfNsY9RnGdwwAy5GeTiq91IhaRYQjM6urdcYIH6+o4xx3OR5xP8QSAskWgupAbAluIiw5JyQpbBOT8pG7AJPGazG+JF6ImYaTaRnOCS5cjOACVTk+p7bvpmv2epnWD6Tlr2hLR6WWz66J6aKycWfjWH4EzmpKL5aFJOSm3OtT5rLldlFzbt17PbQqqm74gagojBA0SAAKM5OW598dtuefTv20lu5iVQCI9mNxVs9CAF68gds8nIYZGa8IvPGOrt4uvLy0gtrW4fS4IQwDkFASSyxn5uQT75689VuvFfimdlzqc8UangxQgg8HPykAgenQHkFj2+YWb06bqRVCclKrNpxXKnGTjaN3omtea/r6fo9PhStKnQ58TRpuOEoU5e8pX5VFOz2tu7p7pWue8x26KkKEPvDgkBTzk8AnHYHAx90MpOQDnh/Ctl5/jLxflgPLeLBflQdo6HJz7YyM+gWvMX1DxTPKkkeoanKrOPuxlQQCeMLjjOM4yOMhsGsq0vdbj1bWUUzwTv5bTnzijucDaXwT97GePXGQM1E83lz4apDDS92pdLmV5e5ZbK10r316a6tHbQ4XpKniqc8dC8qMVeEX7qjOn7zTtfXdrr0Wh9VS6VGixytPF8wJyWAPDHJAyCQAMA88gdOaSTTtPiSZ/tMbnyZmyT94CEkHg5zkY+Uc56HnHzNNd66ypEb7UN54CrcH5j9S/HGOO7EnkZJVI9cWRt9zfOHG0B7jg5BJBKkDoeQOPxxjoedV23y4S3Mt3PVaRXZ62evzu9WcsOEsLTfNPHKcVyr4H2XRS0b3frrZHuPwba2TStb3zpGDrVwA0g2gkOy45wQNuM8HIJ4wBXr/APwklhat5BnWXYWKhSSBlSOx7cEYPOeeevyt4C0C6vtLu/MvprUNqMqFIGkbJBYljtOC4GeW5J3ZIHXvD4HcSKRc6vPkE7lkZRwAMHJyB26Y5/GuvB51iaeHpxhgpSS71Ele60slddXrdL8Tycx4SwGKxs5yzRU6jkuZKhqrKKSu2r33e3ysdP481uy1C3LJIxcWVyGAAyn7ticn5cnIOcZ4z0AAr034MxQSeA9EkLyJ+6nAkIKg/vSOG4wBjHfjGMg5r561TwK8MF5MYb9iLOfZJPcyARlYyfmAbAU7sYOP4iAAdp2fAmjXtx4b01W1TUYcxusdpZ3EiwlfNK7kIO0EgDvnO5eeMuhm+KeZQqzwb5vYySj7RJ/FTbv20T1t820znx/C2CeUVMNDMrR+u05SqOg7KSpSSSSd9d7331atqe4+PZIoX0yNJY9wExy7qTgbjnqQABj1wR0OQa8O154vsGqSmWIu9hKQBMuQQvrnPQDg9cDtxWrqHgtpTE9wdTuVCsVe4vpM45UEKsmVGMHjGemM81yms+D9JtNPv2VXkkXT5WVZLiePY6ozFsPIQxzkAHnI3be9dmIzfFShVi8DGDcZb1+lktEoK3k73fToedlnDGBws8OlmVSpyyglGGF5U25xa1dTRN9bWW+x6V8KL2wi8BaWJtRsoGZ7jCTXKJJ945JUtlhg9gSSeSATj0bwxrfh+01yeafV7No2sGQ7JfMIIPIBBAUjAGcc5zgjr4R4CXw3aeENHF2ukJK63DyC8uVEyHcxG0M/vnB6dwBmuz8PeI/Bej6rPLdjRZ4BaFY1SW1OJW9dx/hJbBPGD1O7AzpZziVhMPGMaEeWFPWc3a9o9Fa+uyfy1sysTwzgpZliqsqmLmp1Krap0ope9JaXvJ/d5aG/8avFHh678AeILDT79bi6uLeNoY0ick/MoJLZI6Fsnj0yDnHBeGPihDpnh7SdOS1eVrPTLaN5AHXLKvJA7gHG7BPQ5B7VviZ438KXnhzVrawfS4mmgRWYPbGVPmXckZHzEjOQTu75IJNc9pXjnwnZ6bpsUl3oTNHp9up3eW0u/AyrlRwy5wQeM8Z7VjHNassa6k8Th6Unh4RcnJJWU72V57vVX7NLzO18PYX+yYUI4PG14LF1Jxi7qX8Kmk3yw0TWmy9Hsu5X4t3EiuYrN5GY7ARbyHbjI6YyQp+gbJye9cD8QPGurax4Vv7IadcQiSW2VpVVgrsZoyEcuCcHpkbTjpxVg/FDwxbGSMahooZ2ZlaJBuUMuRgKAcrnvjrwTxXlvi7xxo15p1zBb+IftbzTwEQwKQiCORSy8c5C9DjP06VOaZmpYWtF5nRk5UnBqHs46tJK3vNu1tbWta6tYjJOG6dLMcPKGS117OtF81RVJWtKLi1eKWjX5O2uvuj+NNfh0a2srrw/HEiaXDAkxulLN+5GG+98oyORnjOWwAM4PgHxn4g0TxDZXEOlWQDefDvaXJ8t2JLHAJypJXncBnptxjza5+I/haS3ijmu7mYJFFv2JOVLIm3Zk55wBkDA4yOlZOm/E7wbYXUUyJeSPG7kK8MxVt3ODxuByAFBJPXJ6VjTzDDNUOfMYuMFBNOUdV7u/Km2m30snY6amSY3mxXscm9nKs58spKas5S0abm9E3dLR9U+h7P478Wahr2oaDa30kYeLxjYTJHEXYCMyMRkcgtjHJ4HUgDmvoZ7guqlQWZXUHOQeF7E8AKOeTgY5GTlfz71b4paTf6/pl3aWN9JBb6raXrqkGCRAW+WEsqkMc9D0PU4r3H/AIaA0tkxH4Y8QS5yB8iqCen+8D124zkAc5wK9PLc7y6jicdVnWTU/YKNoyk7Ri1ooxburvV6vZXueHnPC2dV8uyyhDC8soPFSqJ1KceSVSpBrWck9k7Xu7XPodnuGU5QEs2QWbOV5AGMnB9sdAR1Ar5y+K1r59nYJITl9dgVlibLgF8kKoOd3fjkgD2yz/hfm5Ntt4N1l3UkqZTtzkcZ78ZPAAzkHHYeR+LfiTr+stYLbeEprRYtTiuo/PkyJ5FKnaWA3KWOTgEAdDgDFPN89wOIwVeEJVmpKLS9jU6ShpbkS6Wv11d1fRcLcJZrhM1wWIqrDw9lKTfPiqNkuS99Jp30SXfd+XdnwXbEO62l7cR53D55AdxGcqynBBPGckDA3Fhkma28F2bhpmsZIFBVP37sx6AZxkkkhsA9PQ/NXIL8RfiIyMYtAsoMk/LJcPhcjnAZgABwO3GfTjOl8XfEybzGVdOt5WBYFZN5wcYBByCoHUAep6jNcX17AezjbBYyo3FbYaevux1960r7X62evn70stzWVacama4KCu7x+uRdtYtq8L20draLe3U2Na0HTo9a8PW7RKBNdSRHykJUxjg8uDlm5B6HJPpmvYbTwTpDJGxcBd5XaYlyMDIBHBHQZJBHXOCTn5Y1LVPHk2oaNJd6laLMlywtTGsZ8udjkOxxk4zxuGRxySRXfpf/ABFeNQ3iBsAFnkhSJF3ZGSdwGR82DgHr3I448FiqSxGMkssxE2503yypxVlyw0d5rV+a287W6czyzErC5fCWd4Sm1TqRbVSpJykql9OWGyWmt3d9b6e8HwXoYiuJQpG0jC+UO38Q+UHnknI3AHnlhnzy60nTIvHOnW4t8RfYXYqQAmdrDJHB+92G0jJPWuDng8eTxt5vie9XzVABjMWfmJ6YOeRjHUehHfjZdC8QN4ktUm8RahI/2ZmaUyBZAMHcoOex4PIHT0+XTGY2UvYKGU1IxeIo6P2cXvta739bLd7Iwy3K1B4mVXPKNT/Za3wwr6LlWu1nZXfdN6db/WK2GjwRYjSAfvAWykbD5jltxcnjJ4yeDkdOasC20BGwHtNxUs5cRpg5JxyAOhGM7j2OCDj5ubwveSIRL4h1XdtX7s56HBz8rcnPPqQCMY4qM+CTIi79a1mTGSA08uGAOcff+UqB346bvb0VisU2lTymmnom5VKcXeyVmlFvy1d7vXoeZLL8Cm3Uz2ctl7tCo7ar+9G60Vr6a+p6jaz6IvjLXBNd2EUaWcSq0k0YjYHGQrZCnkDIGegxnBI7aW88IohT+1dLgYhAAksW7G3JIcHJIPrnvkhshvm3T/h/Zya7c288+oSqLWKXezsXLZ2jluw5b5s4xgHivQF+GmgLGTK16/RhlTgnpjcTn8MnrgcdKwDzJxqJYHDQXtptynVuk3JPfk91a99uw8zp5QnRc82xUrYWiuWNGKi0opOXvVL80rNpXtt1PSP7f8I2MRY6xYvklctIDnk4PynHyqTz681neH/EfhlvE2uXT6zB5EtvbpCzMTG5wvCY6hePy9jXGN4F0W3tmL2EkygHaWcqBggYGdu7dnHXB4xgZrK0Tw/pH9vXtu9qY41tozHDnIQ/KAMgdcMcnOeueDk9NZ5nHEYKUqeGjbEQcYpzdpcjSu7JtdrNXsmcdHD5HVwmZQjicdNSwTU5SVKLUPaUm7Xv7zst/uPpr/hN/BkARZ9QtXG0EOIw7fLjoSS2cZBBxlc98kchonivwrpvxRvfFGikatBe2FpZalYQOqXKRgjdcW0BIkn8sD5wiluGIBwCedt/DukSELHaAsoxuaMFflxy2Qcc8fLgEn7xzxzOo/CO68V+MbWXwzff2H4gsNImvtMa1YxpdzQYUwyIpAO8nGWBBY8nnB5eK3ms8tpVXCjUlRxeGqwhQi1Lmi+V8jnJxd7tWaXNfd3Onw/hkWHz2rSpVcVTeKwWJpTq15QnRUbU23NQSlHVayg5Wdm46WP028Qa/oXiT4f+J7vQNTt7wJoA822WRUu7c/JmKeByJI2Ukhg4X7p4wAa6f4VKr+EtBYBh5ulW7uGyxVkPQN07EY7jBIIOK/KaDx/rng5b7RPiNpuq6dcZeyuNcsontprdznD3Sptt9QgkIypO8gfeYk4X7F+FH7QUek+GtNm1KG28ReF7ZEtV1bRnUarp8KuAJNRseHcqvJESngkdAK8PK89pYnFuVdOlONCNOcGmqlNqcXJzpS96MV1lHnh5rQ/R8fw9Vw2EUMJatGdd16U4yjOnNOMYpU6sVySvde5Pknroj2+00wXfxJ+IkU8SzQyW+jEowBDKyOCp3ZHQgZI6cDBxXI36eJPCfhz4j22l6oV0W80e5Emk3JM1vGUliZWijbjYx4IA2kEAjbmu08A+I/D/AIu8deONW0DVbTUrTULLRpoURwtymxSzLJbsyyo6ZG4MPlbOexG3440gP4W8Yz7FGdNuACVUB8vGNpJG7HU4O1uwJGDXqToYPE5dWUvZVGpYmUKkXGdr1JSVmnZ3T7rbojzKVbF4PM6Ci61KUlg6c6XvRjamqMXFxeiaSum0uydnZ+JeKPh5+z98cNM0nSviR4Xl+GXjCbQdOFj460KFYdM1CUQpGrajBGiwrvIHmuArE9RX5yfGb9mb4k/AbxNa2ViyeI/D2pWUup6RqeiZ1GHVNMjJY3E1ohkeMLHtMjOMA5KkAgD9eL/RLKfwpo0Wo6csqf2DBDlgGUfuQVYZxtYZ3BgBg9OmR501tf6H8QvAK6ffpcWyeF9Xt7db4LeRQRkKZLcxzh0lgkB2lCCAvA5yB8TnPCUJU6FXCuMatSVDlrKKg1zuCanBWhO/NrJpPVXdj7jJuNZQrVqWL5nTp/WOem3zx/dJyTjJtzpp21V5Lsu34lXv9kalLBe20Nx4a1xZEebUdMMlrH50ZG13RQjxFXHzKAucHIGcV7N8Pv2jviD4H1SBPFqr478OpJbQ/ay+69jhtmVlVZAeZIkUnMhbJGOccfpN8ZvgP8IPifLJcanow+GPiK4sxGPE/haEP4e1G72MfN1XT9oe3VmyWa2RQNxPI5r8wJ/2ffiV4S0y98R6ZFF4o8F2Gu3lg+qaOGvftBtmy7SWCh7qONowHLsqqFJAIxx8fUw+c5Fi3JOtRkpN89CLcJRi1Z1qNmpJreUVZN3b0PtqeKyHiDDWbo1Y2ivZ1+WNSMpJWVCre/PzXtaSu1flasfoLqvxU+D/AMf/AAt4ggt57b7VcRaSkGi6ksUepxzpIqSeU8qqzpGAf9RxgDOQcV5H8Uf2VIvh3JdeJPCGrySaS/hVNSa2eVjcWdxcwBp4kkB5Vc52k/KMelfAtxBY3+syS6Rc3WhanFiR/JMkJ3R4IMQUK8ZDD5kK9Rgj1+r/AAp+034n0zSLrwt4/SLxVoj6E+kQair7NUsoHQqzTgsPPKrgbmVm+X1yF97D5zhMwSjmdGlHErSnjqOkVK0Le0ivfT76uN7W6I+fxOSY7LZJ5TWqywvN+9wVeS5+R8vuQk1yVEul+WWr3a1/oI/4N2muGu/jitxIzk+FINrsSxIWSQ9Tzn15I7n1r94r6NRI3HIaQYBz1Oc5PJ+oPJzgHmvw5/4IA6holxrvxam0CXfptz4OQqShRgxmfasn8W7jGecqAT0BP7p3oRXY843yAEZwCCQCD3PVcnjBIrfHNRxkYqaqWwWEtOOqkuT3XzO6fu+XXzOzJLvC1puEqbeNxKUZRacdYcya0s7/AI3frzcyMBgDDA4ySAcdyR/EfU8dR15qo6sN3B5Yc9S3Ocke4HYZH0BxpybSBnOSTnqRyQM89CcgnBUYwSPWo6EKeCcMcAZBz06njjdg455BHrUU2m7PRb2f/blre7t9pWav26v06jaabbaS2vd6JLr03e/rfUp5I5HJU4xk5APVhg4xxyCefQ4pAMsxwRxwfmLEc9gCOd2enIx1INPKKRnkHBcD5vmzwNxz3AzznntkkFuBzkZyAAM5GTgZbPYk9CeO/BNdC7Wtrq20+17bbv8ABbpGV1vzPVL5K6v5Lpfo3f0SqX4z94EgjsAoyp69cbehY56ZHSTdyCykYx8vzYxgqCRzyeDzwRzgAfKuMdeQDgEnOfcDjAHGM9O4A4oDc9OMDA2EbRt4zkckk5IPzDjAwMVSl0000SVnd39dde3XVmbv562877Pfz0uunz0FXeckkkg/L2GOnIH4E8jgY7UHkYCjBxkglScjvwT1+9jH1o8wIAenqeQe+MkkenbnoD3pWJw3QEYOQMnH05yM9+pyOSRmhX1btZPvftazbum9k77r0GrdZa6bLZtrTfR26r/gNu5sFlwpBwMcMQMj8OuOeSc+tOOc8AEdWJySCePveo6BQcAHG3gmoSpXp8wJwASRycZ44GBxtzk/eweOHox2ncC204KseiluuTwT0GThv0qoO2jT2Wr6vS7W/V6ttdFayZEtHs7aK+tr+tku99tmmtruIYcHBDZyuCcccdvmznp1HTjjKAZwBkZXHHGSMZ+nQnJ+bjPbNSF9+RgKp3ANkHJAI46nHPXGaYz8qQBnIVgMhe3Pt0z0GTwTnBFO+6aflbZO3p2bVurfd3FG7Vrv533trvbZeW9tNR8Y6tjngdxwMjgD2AOD/wDrcEyQoJPU5wckDHA4z64BPUnjBwXROgDZyCDuzgNu6eoODzwO/GAcCpicjJ4JOSCQpO75uq9D9OBjtwVhSd9VrorWtq0r6pu6TXr06XG4bN2tq+nVrV20++11v0vXaOTkrjeAvygkcEnnn0AB6Z/TLBGcA7eQeGbk5PB9sAehxznkACrClGcdB83JAJHy5z145GcjB49Pu0oYYOAMYYk55GDkkA8gAnIB9u/Naqdlo1ZbvTyv1/N7PfYhwi23ZX66q9nZP+te+uygSNy/J4XcQuRgDj5j1zgjgjtnqMUDJ2A4PUMQ3zDadxGSM5B7EgkDnIIxYYjDY+XaqjGeQTnII4GMfdBz65z0YxTgAjgbSMdMdcgEj6MDkYBOO7dRrlsm9m9f8Oumt2mt9Nt9TBrn5l2d9ujtdW2/DS6eq0K21ieQcByQDkjGGPy98kfwj7vbggUjRkKRg/MvGM4BLBsHPODwc9MkjoAKsFVYhQAOMcAfQYx05wDzx65DZUMhUFsHsACcnYAQDk9CoycYPU4AqozduZXWz2atbl9dGnfRW3sS7J8qS1va91zfDe7+as/eejV00r1PLYjCtwQRgADaw6ckjoP4jwcdSaYUwNp+7n5iVO84Ayeeh67R3BA5BybY27gwyQNzfMGOTjBXPHAz8ueG9B2jJHBYjaC2AfUggMADnrwcZHTggkhqd0pbbact9bJ2Xnur6dbp6icXtq/du3Zy0TjeyWq69evVfDSYbS25iqnDbSQRgj5TxgA+g7dSBTSxUAdBllyScnOMYDckEEkkDK/LnHFTuSScDA4BbsFPPyg8+mBnscVTbChVOTliy7T/AHR16n5T97BzwePfRSk0ru2zffp/TXVb9b4OC0tGyevLok9I6PS+iersru/dEjB+QCMhWAxjIwMgEnJODkjkEN7YFIzcAseCFyMYPAGcHAwRwM5528njDNwoLk5fIVgcbTnPQDPyg8Y9cggc4pwAIJHJLDCncCGPoScZGAccfL8uTjI1jJSe97KSVno9Fq1p16a9bMh03Z7fe17y5barVptb3V7a7keAd55HzAgbs5HXBAyCfbHBBJAGaeeoHPLEE8g5PI6Y5JGATkYyD6h4VOMLuOw7gvABGS2Rn8OT3Jx0wjMp4VW3FCBt6nBBBJwB156hsZGDzWl7Kyvuu211f52v6O1tdTDVaWd1e3uvXRa2Sct1dfFay8yHy8gFVJZQTk4G5jx0GMdc5HBJwO4poUlTnLMQpXJwCQcHnGOAOcdxnHJzYVvl3Mu0lQR0JwAQwOARuP0PA+U9w0tkHkjjcv1PqOxHYE49iDSvbTRLyvt1Vrpdk7W/DWlBu7d1dLVXu9E3eLsrq/Xrr1ZFlju6oBghSMg4x8xPOV68AdPpTHlcsoXIYSZJUA7TuOCRxkcDkAEAbSFGKs72ZcHamVC5ODnIUckjIJIAznPJ9TUTDcAEPXHQdSW65PXJ98jGRzzTXZpdPls2/O/rf7N+hXI9FGUtlKy7Plbv1V7We33aETMeAw+YJu64POCM4BGcL8pyO/J5qPGdrYJYL1OFAbHAzwD2Po2OelWsY4KbyoVWJb5s4Gc4GG4zg4yMZxjikKtkkAYQg7cg8n+8OTyMcDIxRp01t0Ssr2Xo10SWmu38pPLNyV9UmmnZ6aR7WVm3ZXv3t2pMFG0ngNng8gZJyR15POAeOh9aaBz8pzkjJ6AKcjGM55J+6G7A885kdDkgg7QTnGeCeo/DIxwT14UcVAVChh95sgDIIHfjngkcnPGQB1wad9NNfW+90tNtNE9bWVndq4Om3d2urKyd7aWVn3fo2u+q0XBBII46ZI4OB1x0z68cg984qIjceVHCnrlcYxjO35RjI5GSDzjk4nVegKjOfvcjBbsA3JBxgsec474pxCjt1G3jgYJOSScYOM8jk8ZHcNNtpaJJpO2y1W+7+Vk9ddLiSTSk3dKy+LSy5fsuO9090rvXb3VUAcNyccE442844x3yAQOCSPzLlBxyDk5ycdM+wx7scEjOCcDgSgYOADtAA5ByN3AwMt0xnIHH90DIKEY28jcW2kEEdQQCOnY4Gc9Rn1Npq7u1p1Wn8r69H3XW27uS2rLTmvpHXdtWfS1rrbpbVtWu1RwpAywB+XOMnPHH3WPbBwR3B60wg4Gc7hu9TggE9e2ADzjsQfSplQELgZ9uQV2g8fTHU9OQN3IpvRiV6EZODwTjoM9Bx2xkkHHWkkm9Gknd2010Ttq9NbJ7K1tEQ201vrbazV7R0srvd21d0mnZvdil+2MYC5PIb1wG7juM5JFSBs5H0JIJAA4DNgDoTgYGST27lqNk4CnAU4OeQScAY6FurAgAZ9ecvRWII3AlcFRgAkdeTx6jPI5yc4IITlZvy9fLzs/wtr5lwd1FSdk1zX325b9rXu121ez1S+W4PAz0HzEAEZyD2PHqM469RQykM+eTjaM8YPYZ6j35J68mpFQ5OSPnXHc7SCWGB33cjuckYODwhKk85wSo9Adoxyc9OOvGT0JqG02+2myt2Vvklom+mhqlFxV21tpe/ZJN+ab0um9H1IWTpjBHAJJIAJ47EDr6ZHIAz0pCrqC2BnIXPJC5B7c5J7D6kGpmIwACB83yg54yBnHPpgk9RkE8gYbgsDwFAx0GN2D1xxjnPPAI3EnsWrvqrdnolZrT8et79dbGcopNWd7W0Vo20im7v7tru9k7LSL5wSMdgASepB+bn0HUDPAGTjsjghWCAA4BYrwAPUk4xycfjk+tTLuB2lTwNx3cctwMgg4BHIB68DuBRlQCp6g/KcHnJHf3HQ8jp6Ei1v301d03svR20+d7+SpPSyXntd291arlva/vWatopdLKAg9ST935cA5DMRnOW+Xp9/jp3J4G4zxknG0DhcdRkE5+XcwGTk+uM4mbaoYBQCDvHBBUcHgDHtwM57cDNMKY3cZDBc7gQG7g4yTknpwNvsAaptLdpadX+Ov9fLQz5kn8XxKybTtZ2S7WWmv39Lka/ePzZUqvOec5yMnA9+eMAHgYNPdcjB25O1+AM8HnnAA55wccjjpUgCAYwD2IIIA2g8bumMYPJGfrSOVKggqC2TkZKjB4Uk9sEjtnkjpwrppW1s2r/h/nt37DcndcqjJXSXMp76e7e1kr2STbtezauQFM/NluWwCMEMTjBJ9jkE8buOQDy9flDbem4DOc47McHkHGMrj5snqDgy4AzggnIOAMYIByfmzxnHXH3ee9QPwD8yHBB5JznvwOOMYx1HUHpUqd+nW2+22/3/N+otbuy93Z773XL1e9799YjweedpzkknqwwM+nTHI6kkDnrSqc4ycAZ4JGducA8HJxzgnrk5zjiEDJJz0+Xk5AyPXA6YHr2PGQKXOeVwCO4JwB/ESS3GcDP9OhHd6N2tr91t301120Vm0hKMm7La/ZqKVlo7b7LXyS0VyTOQvYAkYDY4PJ+63QeuAT2IFNzncfoQvUHG3JYEgHv74OMZ6u5IYDqew6D3yMjpyc9cYxjFDEEgAcEAc5AbqOQRzj26HjrTjZJWd9F1fkt9/RPd6GiTiou0XtHW8ukVs9ldJJrfd+7om9SNvTGD1469frnqPTkjg0ixsc7eWPAC8euDn2HfkgnPAOKn27SMKCDjnA4+XPXdnvyc4OCcDoJEUYVgjEYbKAkDJ4HJPfH0xkjnqXsrxtq9NbvaKu9bryvbXqlZEyUZWbWttbSfuv3dVve19NVG+j12jCOeACBtJznkqAAD9cj355bk8MMZBUYUjGNoLA8ZOT0GOccDJB6HtdgRRjcob5iRznaQMYHJJz0I7j9ZXhX5iQNvBJJYZxyADkYxgA4OMcHg1HtHHdpqN3f7u+my3bt63uKHu7dbbWd/VWSfXdPe6utHmqvJwRuZ8r1LEDr06EYPAxuHblcymM5YMCpX5gD93GOGJA9QTg42gnA4NWdgxkBj83B+bBDY3ZJ7HOQwzhsHnJpfkYkYIC4BP3vu5Ixjnn16c9qjn5t3bVbaX2a2dr91ve+lrFKN1Z21s5fFbeKu9tPNKyX8zWtby2+Yg/KMbRxgkjOexOQRz1HrkcNYHkbSA2VAAwATgkhiST25z9PQWXdRsBXqc5yeg9BgZGByO/bPNOBAI7gYZs8DLDp6EDJHJJ69uCnN2fXZpaeV3+reu77pu4pq3az0ttt+N7+urW5QVdxwwwW2gkkjgdDxhQSBwfcc9M240UsMg4XlP4sDoeOpy3TGfU9xUihQ33RycoCA2Rj1IHIPZgecYAAFOVCOmSAMFh2YsMEZyRwc7Tx35JArOdTazt11a8ltfye/daaI1hFu7t/d2b3srrSy389mtdyRckBR0Unc3GVBBIAzxlSQM9+pNSrHlsqOduO55PPOTkjGSSeh5HXmWIKSUAy3C8Z7fMCw6HOFDBvujp0wLioQF2kMAuT94At8oOAQeARjt2HGeOeVVK/wArd79brput99bO9jshh3NLZ/Ddad1pfbXa2jfkU1RgOeRlSpI6ccgnpnAIPOBt46biSLnOUYAbgAePXG3OcnAx1BwTzkCp2PQbcKWyc/xYz0HGCRgADtkCl4BDZ685I5GTkAddvU4JJxjqSM1Kk0+Z63tpZK91FX6PZN9Hq7K2j0nSSXK7KS8trtfhvd6dPQrKjbQcADGBu4I5yRuG4DA5OTkY44OROgHQr2wBnJPoMZ+XIIwevTPPAcFJwNoIZiThv7p54HzADGMEcnkZOMzxhFZicAEEgkAEcY4BIxz15OMHPrWik0m7PXXySstG7vXr079dMFTSle91rfS+umi00tZbXldWTdtYhE4CtkYPJHGARkgLu/vdMde/fNSBCVywADKSOp/Ej8+PY++JlYNg5yTnaSMdyBnjp1IySQckjPAmIB2gDlQAxJzjOQTjI+bqRwDySo6ms+dtaLqtdXb4b63t1W97J21RpGlFKyT6aPbpra35K3wt3aTdMqQH28E85BKhVGecbj156d8d8A0nQnK9NoIPXPIBwSByQMnn04Hetc42ZUDcFJAyDn0JBwCRz0A759az3BJyB3PbGMeucgc844HUc5qYVHF62auruzV72Wt+urtZ+d9dKqQTSTlpa2js7Jv1Wl/+BZHU+AEY+KNOOAAFkJBOckBSOR2HTIxgDJ4zn+Ob/gqdMulf8FDfjdcG0iv3lFokcDMVHmvAmxzyOEJH8PTORnJr+yX4fRg+J7PqN0UhAOeSu1s5wc54GBg8/UV/Gx/wVaSG3/4KKfGyeSGS6VbWwKQoT994UIc4PQHg888mvm8wqqWfYS9SUGqEUpR1a5pxba1XRbvv5o93C0Yrh3ESlCM17dycZNWaUIWel11u3rot+h8k+G/h14r8eSW194i1G1sNGS3kZZp5Ut7OBEDERx8qkkiofvEc5xnB47mf4gaD4G02Hw58OrGC61aItbz6/LGrorcrLIjEEkZyVGSuTnJBFeNvqPiTWLWDTLm+nt9LtoDssImKRxIQMrKQV3MykFgeSTzjAzNbRWdlb2vkxyyKiyhiF2q8gU5kd36AYOB2XnOev2VGnUdO1OnKhTduerUknWqv3fei2lyx6K2nXoflWYYmlTryjOcKskvdpQXJh6WsW7recr6Wdr9bu7f3H/wTbtjq/wC0p4r8V+J7xLy58N+Fb+8/tG+k8z7P5sbNJIqszKpUnEKqAVKjkda/ajSLKX4leIdK1TUYZk8LzalFL4c0qXcG1J7Zx52r36ty8RYbItw2qoABxkV+F3/BN/R18S/GrxZpCXskdnc6THca1tdl32UNyzSw7lI3RuAUZScYwCvWv6HYillFe3GjwH+1Hit9A8I6dDGEkhhCor3WxF+SPyzu38EkMSxOSfxniqjTjm9eom03ClZ6N2STk27/AI66PTofvHAtSdTIMJGTs1Kpe9nF6xdltZK/TpZX3tqGGS58ZSwaZEt1d3Ty2IKgmOBY4hDHHDtwFWHGSRwMABiOnVatez+BoLb4YfD/AMrUPiZrUEmoazq82JrHwHpc5H2rV9SkA2JqBVmFjbEh3fY20qSCmt3r/Cq18PeFfDVvb+I/jT4q08S6ZaHY0Xh1Zx5l54h1gncIILPzHeJHw07IEAO7ccK4jT4YaZbeE9CEvjP4reN7g6nez3DBr7WNTlJM2saxMNzWfh7S3Zvs0DskTJGiL82RXxmJryxElSg37OGi296ySb3va+2+l3va33VGlGinJ6yk9L7Lmtou++nrp1KU98nw+02z+HfgG1l8S+PNflkv44rg77u+1CRib7xd4tugS8VlAWkltbeZl+XEcYI6c232bwRb6tZaVqr6x4y10CTxd42kHnX11eudkmk6KAC0OnWrN5ccULBCoy4znGrFEPBmn6ja2t82q+KNcmSXxv43UB7q+neULJoOhtgtHYW5YwhYiqALuIzzXqPwt+EQm8Vaf4l8Tw+Ra3Nsz6ZpcnKLHFMJRPKGGCzj5mzyWbg8nO1JQpU29HN2Sa05b2skmnaT9Fa+vdqTdSUbv3Lq66vaz87PR91qnbV0fgf8NVTxXc6hqtkRHb2lobFLtA7m8uGjuZbyQMGJlJLkHkLkDoRXvfxg+JOleBrHUbK3tptc8Wav5MPh7w3YfNf6jcKAGmn2gm10+DkzTSYRVUjdkgVj+LvHll4DuNZl0yz/ALW8X65cx23hPw5bkebLKieWt7dKBm30+2ALySOFUqpUEkmvD9Yez8C2Go+JfFernVvHfie8gOpapH+/u4I51APh7wxb4aQIgbySbdQCTukyoJGE5Xhbmb5Feb5tLtWaXnK92r32ZdtHaSfNZaavoutlfXW3roy1oEtp4O0u9+LPxV1W0l1+OG88qVm82w8OWt1IDFo/hy1OfO1F2YRNNGpmkcHDFc5y9L0nW/HkWm638QbK40fwZdXfn+CfhxJI0epeJjLMHh1zxUwIdbRm2yQ2cmE8tgJQeDWj4T8JT65qc3jz4naaG0/w3bzN4G+HFwytYaYNheHXPEu4+RPqLnE/ly/JbngYYCuI8aeLfHfxPa40r4QFtR1aX7Ppuv8Ajl486L4Wj89VGm6K5G2ecRBsvDkIVC5BBFcEptuO+rXLFXu27Xbu20nvrrvfc0it0lfu3ay+ata2lrryXY3/AIvfHB/C3iG6+GXw+s/+Eo+Imp6ANOS006IyaX4SDbYkjVIAYkNspAG75QVywOQD6f8ACP8AZhbRpNI8efFO+/4Sjxu1nbGOC4/f6fpf2mFpHjWN9yG4U8bvur/BjJz3nwu/Z48LfCPTL/USrax4x1W3gudY8TaiBc6nd3U7RyXSrK4do4vNJCpGQccccV9SNaGTTo8jhprWMM2FAKwsrDk8Fdw3fMCAT1wCeuhR95SqyTbs+Wy5UlZq90k2vK2rvd6oXOmmoq2rWq1etno3olp18+mvivxQgEXgi/giiRYk8KqqqqgCMC/tgigAABVGRtBBwRnnBryj4ieJPC3wz0PVNW8WXc/natpVnbaRpumqbvV9VufssZW3sbKJWmkDuAryBNsYy7Nwwrrfjf8AE/Q44bj4c+CoT4q8dXPhho2hsys2laNsu4TJc6texgxR+QcFrbeJcjgN1r5l8WeGbDwD4s/4Tn4l+KIb7WLbwhd6jqWqX0qnTtJia2jEFlotpI22KZvuRsiLPIecnJx7OFlJOcqdmm1FdUuZxVlG9+ZvRLrrq2eXiYqWjd3peSatFWit9b672va9knY/n9/4KSa54j134r2Ws+I9Kh0CXxF4G09dK0rzBLeWOlwCRbb+0HU4S4mQ75IxjYQFwCBX5S3mk21jbyQtmZ1AkEhU5LEMRgnK7AeQOwyCB2/Sb/goP4wn+IXxj0jWoLO603SYvB9kunR3StHNdWqNMY7wh137bkEMAeMMMEDivzQ1m9vZpXmjSUQIcJhGCMYumHZdrHJXPAwAGO0n5v2fh6EqeSYb28ZOpNT5ItNyUXK8t1omlsn6dT8L4ll7bPMTKjJRUHThdJXbUYJptvZS9H1ufaXwTg07RfANpr+tNb2OnAXBnl2LDPI6sMFSDljyABkhjxyBx7L8LviHo+vP8QND8G2LDVL8ae9ve3Qb91bxO2HnB+UiTJIzgDOOd2B8D6j42Tw58PtMsNYl+26i6edaactwvkxxsTteWFSCzpg5DjnnaDg49z/YWludb134jazqMsyRmDTIkUAKoVnfKKpHyjHA6Hpya6+IMVTjgqODoJJNU5VILWUFZSbk1ZJ62srvrfSxwcNYStLH18XXjJpOooTnZe0V0opL+XS17tXSt5/Zs3w8KZ1fVnm1G6W0Z5t7f6IsjqP9RFwm1T0bH3vfO76j0rw5Dp37OnxfuxG8DTeELq4Ksx3hlt8qwAO1AwIBAIBB5Hr4fq2o3Ool9m63sYre3tYIjgeaxlKNI4JyVO3rk5wRgnk/UWpwLbfs5/GJgsjrH4GKsxHy75LZlIHIzjb65B7g8H8+zV8mFnJKztbm2b0i/wAOz35XfufpmVR9rjKak7q8d1ZJ2V9NNV3s7tbn8dHjOXydadDnMsl5KygYYn7RLgsevGSPqBnqDXBidZXfzWUMEJA5JJB4b249/QbgCc9r4+ONbyASMXe0H0+0SDAK4znj0wMdOc+V3EcschwWUAZXggndjknO4bcdecZ5J5I/O60mpJp6beabUUnb3ltpbs9XbVfdUbN20abcktVo4p9NdH59O90XbqdQfLByCuGJwDlSSOmDyOMHGMZC+tfRo47m4uUIyGjYZIzhhn34H4gY5ByBWSisXwxb5gd3UtxuYDr9445OSM/nWvoI/wBJkCDcQDja2DknaevHqTxjHbAzXPRUpVYR913u9NNuXR76q+z8m99bqO0JSSTWl9E9nHa620eqavfZWOz+FMsujfEDw5rUUJu20bUV1CO3Yg+bNbSF4YyD94u6gBR94YOSQoH6ALLrnifxNceLfGMj3niHxBN9rSBmLx6ZYRktb28aciEImAQFGeOpJr5X/Z88PW1/8QIL2+jje00qCa5xISIzcDLIrKeCdwG33IOT0P61fDj4VeHrXRtR+LfxSuv7F+H2nLLPNLMPKvNZuow8kOjaPE+GkEzKivIqkKh/2Tn0FXp4SjzYmXJQoVHVhDbnrNJRSjZ883ZRiknpd3RxPCPF10sLTUsTWhGjKo0+aFFNOze6i9300M34deB/DlloOofGD4s3TaN8NdEkMtrDIfK1Dxhqtud0Gj6bE4DyxyyII5XCsqKxyQRgc14R8K/EH9uj4xWl3qlrL4f+GHh2SO30jQrJCml+HdFjkCw29tEuI5NTuotvny4ZyzMSfWhZ2nxH/bh+Kml+H/DOkvo/w88NSw2+iaDaq66P4e0SJ/LN/cxx4im1S5RPMLMC/mnAPcfZ/wC0z8ePh9+wZ8LrL4OfCeOwvvi9qunmO4uohFLLoMNxCVm1TUnTc32587rWNyWjXBwMCvzTiTiTG5ri4Zdgk5YuteFOEW+XC0pW5qtRxvabjd3a8k+j/VeFeGcBlOAnm2YtQwNH35VJpKWNrK0lTp31dPm0src1ru+qUX7Uv7UXgH9jLwAnwV+Cjadc/EW5042U0tp5csfhe3li2PdXbIrB9TfcXCsS0bHkcV/Op4m13V/FGp6lq+talc6nquqXMt3f6heSPPPcXErs8jPI5dmBY7VUEKMBV4wKu+Idf1nxRrF9reuX9zqurapdS32o6jeTPNcTz3D7mZ3YluCdqryqjoNtYkkM8zCFFy7jAVB8wGAckZIGevIBG088rXdkeSUMno2/iYut7+JxEl71Sbcdnq1FNu0b67tdTw+IeIcTnuJ5p3p4OheOEwqb5KdOKSUmktZtJtq2l9kYMPmwllLAxszYYlsEDnJ5BxxgDucY7Z9P8I+HEu1bU9VbyLWLEtvC4x9pPVQc7fvYGBk54wcZrk9B0tLrUGjuI3kFo+5lYZ3N2THBUnOQT90Hg96+8v2VP2V/if8AtV/ECw8HeDdOkt9CsnSXxH4jukaHR/DelRODPdXVywWLzEi3lIt4bdtHIJU+njsXRwtGVWpUjThD3pO9tE07J73eytdtu27PJwWDq4ytTo0oSqTnK0Urtx+G7k7WSj3tvormn+zZ+zX4+/aX8a23gj4faNL9mkKS6/r80bR6Z4c0dSv2i6u7lsRRFYQzrHncxAPT5a/RP43/ALRPw0/YE8Mz/s3fsuy2WqeOrnSZrD4g/FSNVmu5r25QC8htJ0Gd0UheOJFb5B/D6dl+0V+0V8Lv2M/hpP8Asqfsq3NveeIJrU23xT+KVnsN9q2oyII7qytLtD5vliTdHGkcgByMKBX503H7Mfjfw74f+Fvxw+LENzY2/wATtV1G68N+HNXhmi1S/wBOs23Tavei5AdobsyLLC54ZenAr4/DUK3EGLo1cZzU8DGpH6phXdOu4uLVWutHJLeFOV0laTV9/ta06HD2DqYfBSjUzCdK2JxSScaEXy81Ok2tJNtXd7q26sef/D3whcePdSbxh471GeVJZ5tSdL6Z5bjUJ5GaSSe6Z9zNvY5AbOwcAgYI+0fCfxGXwLdeG9b0a2ivj4c1KC9sdLeIC0m+yuskUUiEAyCRlUMeoznHIz4lBcadYSXUtq1q0MnmqlvGowNpwkUceQNoH3jxzyc8CvR/h3qeg6X4l0rV/ETRXUQQyJp7xhrW3kQko8qHIPqQRgHCnIOT+pYTKqaoqEYfDFLZ8trx5eX1V9N+tla5+T4/OZ0avtJzXO5JOTk227xtKTvd9bu6abfq/uL9rX9uX9oT9oH4e+H7r4iW+n+EfCdn9jt/D/hnw9JJbxyOkawm7v2LeeXZFDCNjtxwor899M33UwdixhkSOWUkZWPfliADn5ySSTtDEnB45r0z49+O7LxfplpZaTLHJY2t1HO/kRiKNckBEQYGACMELkADOAGBHlLavBpGn21vahJLiWFC785RgD9/HBPO3OCFJBwMV7GHwFDDUacadONPkUXJJe/J3Tbb3ley3T620SPn8TmtXH1JSq1XON2oSTlZL3baXet3vfdJ+Z1sbw2M4+YFZZQmJG2sqdemOO+McjjHoXalq9pesIIfNkWKQiRAScRldhbPfIIBJ644PHPmpvbszCd3812dOHPUEDkAkjaDxg9SM4OMj1zwD8PfFPi++YadDbWumSwNPrOvX8gttJ0SyUBpbq8vn2wphAdsZkDMwC45IrSvUo4em6tWfJGKblKVlaLtbtZvVWs+lrq1jCYatXqqlSjOpKUk+VJySvytNt7JtXb1skvM/aD9mD9rP4eXn7EHiX4IeJYrufxUst74K0nw7pQZNVu9J1FSItTguV/1KW7uWmfI2oCcgA1+cXxG/aC+EH7LUlt4a8O6ZpHxJ+L1hZvDo2kRmO/0HwY0xLLPrM6711DVk3AtGGd/NUqRnNfH/wARf2g7HQZr34O/suQ3GpahP5mn+Nfi6EZZbuc/uruz8OtICLWzQ5UXYYSMPmRiAK5P4R/Dfw14Ovx4k8UFvEXi26u0uG+3N9qRZy5aWSZ5N7TT5IYl8rvB55Br5SpTnjZVfYKUMM25uUnZyTavZ6aSvot7erv9vRq0svpwVZ0niVFRaT+DRaJa63vu1ba/b6T+Hvwg+Kf7TviKX4w/tB69qZ8PiUXcGlSyvBJc2sZ3/Y7CzBEelaXHFwfLjSVowMlgcj9MdH+KngzxFH4E+Avg7RdF07Q/DXxB8BXWg2ui2KxossGq24unvLjaTPdNt+eUszMx5Y4IHyZH4/m1zTooLeddK04Wwt3t4iYzMQgDIVOFWMgbdqe3XofXP2YdN0eL42eA7aJPs0dz4o0q/vbvaskNrFp1wtw8tzO2VgVwOSzABRnnOKWIpYajg6iVNU5wjzObla6iottN2T66/m7I56NbFYnMKT551Kc5Jci1XNe17JN9rdr7ayt/UzcREuFlKwp5EESpwJJJI7ZEVQCR6AnAAHcivk/9o/8Aah+Gf7Ovh291TxTq1g2srbtJBoxuUBt/LB23F8Q25UIwFhO2STPyjNfHv7dn/BUTwD8Gf7R8E/Cm7TxZ46uN9pPqFrsubPSbk5jQWZQMLu6LYEflFgrD5gRnH4v+EfgB8a/2wPFUXxC+Pep63pvgjULwahbeGpbi5Or+IWZxKgu4WbbbW7DGEdVCxkGP5q/Os1z6hgqEpOtGhSirOrKzqTasuWhHecne3NblWreiP03JuGcVj68FOhKtVbuqN+WEL8rU6872hDXmcbc0kkorcufFn9p39pP9vLxzJ4d+E66hp3haKe6t5vFc8c9vo1hYMTG509SUikdYvm53XGQDGwOMfTX7NH7J3w4+Bug3fjL4mxaff3+gXMt/rHj3xbLC8lzcqDJuiW+ZxDEkg3Q7vncgEE547zx78bf2eP2FvAqWt9b6amvW9mYvDngDRGge9kuRERDJqG394N7hTK1zgkM21uMt/Oj+0R+2v8Zvj7qOvQ+Itcu9O8J6nqT3Fl4U0uZrfTra3DOtvFciMobkpEQCsgZc9sjI+Uw2Gzrix8mHU8vyiTtOvPmdfErq5NtSnzX+FONONkn1PuMTi8j4OUfrTp5jm8Y2hQp8vsMM2k0lC1oax1bTnJe91R+mH7X3/BVC2gbWPAX7OcMUI/fafqXj6WNVeRcGF/7GjIBVRhgshGOA0ZwQR+DninxPrnirVr3WNd1O+1bVb6V5rzUL+4kuZ5WYlmPmyMxC5LBVDDAJA/ixk3MpBVyM5OAgz06jaQMFugyQTyfXFU5DmTc4LHb+7gQDe5wQN2DkHucjODkntX6VkfDmX5Fh40sLRUZysqlaSjKrVlo25Tett/dTUFuk+v5jnnFGZZ9WdTF1pKmpfu6CsqVKLskow+Fu2jbbvqtXZqq7u6syYwpw7ZIxxsbHJ55+btxkjjhbeyudSfybUFLcECSds5Y4OQDgksTnAUjuTkV0ej+Gb3VJI08pnMzbYbaIN0J4MhB4OWGScHrjBwK/QD9mP9iX4sfH/wASWfhH4b+EbvxBq0rIbq7ELx6Jo1uzgz3GoXxXyI3t4yzeW7h32nG4kV7tSrSoUnUqzjCMY397RJK1m9/u1tpfqfO0aVTE1I06SlOcnF8qV7Wsr9bW37JaOx8NeFPBN1qmux2VnazXEojiSNVhaR3klZQixRKGZ5XZgqAAnOMc1/Qx+wZ/wR98ZfFhdL8e/GSG68D/AA5Z7e5g0qaExeIPEKDDoqJIFaG3mA5kdQSpO0jIr9Tv+Cfn/BL34R/AzxN478VfGTQtP8Q+IvAr6DFFrmrGNdAtGubN7q5vfst4diwW0iYWeUYbBI4xV39uL/grV8OfgvZ614G+Bkumatr1gkukP4pZUOi6QY1ePbosKAi8kiIwssQaEcEnqB4WKzidSCp5fFuc7XqW3T5b8sXs/OWrvot0fRYHJIUpurjpR5Kdpezbstk023o2007LW/TofWPiXxd+y/8AsF/DeLTLltG8IabZWoXTvCWiCCXxDr9xCn7uSeKMNdSPOwy085aNSTztAx/PX+1t/wAFO/jH+0jrEnwy+F1jq+g+HNWuvsGjeBPBq3E3iLXTK5hifWLqyHnbZAd0sUZCKrEPxk183/Dn4W/ta/8ABRv4hXWo6D/bb6DeXryeIPij4qa5j0mwtHlJmTTGl/dDZHnyorIgnAyMcD+kz9j/APYH+Bn7IWkWlx4e0mDxl8T7m3Rta+JHiGCO6vTdsqmcaPHMHW1hjfKwyR7JducsxxnjoYOzVTER9rXnZ2bvZ3jfmdn5JX9Elc78TmKUHSwv7mjGy5kuVtJJaK1o726tX6X1/Nr9jD/gj7qHiObQ/ih+2QZIrOeW21DRvg3p05WVwzLJby+JblGyWYkM8KkSZBWX0r88v2zdM0D4e/tzfF7w34D0ex8MaHpGk6dpdlYaXBHDbQW1rFtRQkYRXkCYMkhUM5HPJJH9nGjxNcX1lczl5A93CHkdtzSsHOcsQSFGfQ9AcE5z/GF+3XL5n7e/7Q0g6LqjQoODgBY+Ae2OvUDJwOev6R4dSh/rZl0ak17spWirKKdkrJX6Xa7t3vqtPyvxMUv9Sc4mr3dCSUp3lzJum5SfZXWnonom7+Ci8vbza7zOQzkiWRvmJzwAgIXj6Z5zknmnLaTDBkMkjg7hu5RQwyOh4UAcBVIBwOOMzWJiDqwIK7MfOBhf+A9Sc4JzwM898XJ7piMIzCPAToAp7Lhz82W6blz94AA5r+zKMY8sWopbJNp6fA0trdrK+3VH+fcnzOblLm961r6u1l1aTk7X2e72d7ZLQGNHZRnaccAEEkn5QBz82Tz8wIGDgdIFCnIAVmyDgA8E4wBzjuOpJbkcVoz3P7keWEBYkEAdCuMZJGMkdSeOvHTFCPcQgDKXLsQ2Mk855J65HGTtJweCa6YuTTTs9bLR6JWezb3XXbXyd/OxEYKqrX2Tdldpvldna620d1a70V7XvgxpGGOWICks2dxGDuCk8AZyMDhse9fMn7QjKdZ+HagHA1ON8E88sDjJ6LweBu68ZBr6ZiV8l5CfLBK4GOc5CkD0A5I45Jyex+afj+it4i+HOHyX1KPdkYwC/YHjjpjrgZI7V8dxdH/hNknJturh7bpaVYNtXSTXaz26tn6V4dNLOqe/u4bEt3Vn/Bm272815aWPbpVWS2hV8bjFACFDEhfKUgZ6DacA8c/hxE0LopJQrnDhtpIAzgHgAA5xkZwcA4rfa1Ty4HjIKiKBDuGB/q1zn3GSB346HGarG3LsAjEICUZ1+cE9gBzwAeTjkZztPT3cHNxo01ulGKT0Vo8sd7X0uuj7Hx+a4fnxteVtVVlZx2s3fX1TSadutmkmZqoEXDl2BAc5yDycvtJwCp54BJxjGARVmMlWAZf3bZZQeeB8wPIPO7A6npgdhVyO2xJGGkSQBydpDZBAIGQOcc/d5xn6ZbIg3hUKkDAJA6jIxg88nIXuMZOcHB6+bT4ut76rflduurs72bto97o8tYSMY8zk0r63ST15G9Gt9E97tKy3d9Rp18iNQDsIUFicMRkBc7h8vcYPUYIHQVDHIg2lyEVWY5fBzjnpg4AwepIIPI44otKVVUADF3bnOAuzjpgAAHBI74GMc1LHyuwkMCcFlGXBPUAE9+OnBBH0K5opWWl0na1tXazdr2aXMnolZrbVnZ7HmjDlaskla1r3a0vFtXTWrvZ3V+zbe3Kl12hQwVgXPKsOpxxxkdO4IqKFxI4MYGVi+dhx168kdO+f5Z5iuUAMY3ggB1J2tvGc9R/e6djwTtan2QK7XwdiBg3QKwwSmfUcjoTzjt0xrVVHltorp3s2tVfeze1307J6pnbhMO4wkrK/uuyW+qd7Nu9007vovv8ABfjeQ2pfDsEn5dbU8ALnbOuMcdR+uSe4z9fabtXTo90ZXMUHz5Y/KyKBxnAIxnHccEEAivkf4yANrfw6XaBu1wEjLHCi4GAMHgZIxwGPGccg/Y9mhFnBEAN0saAuQDwBkFeqgrtA7Yx7V8plFW+cZ3JXv7XDpO66UYPTRre+yb2u9kff8S03/qzwvF2jehXk9Fe7qpX6PffV9/TFtoSl5u+8zzBgwwD36cj5T/Fuw3I+XnjUu/nY5CAjhF6k4Iz16Efj7HGKobDDdMpKlWl4lLcp+G4kbs8AHp2OCTI5aeQhWDbGIXGSSMFie3GfTBO3HXJr6udRKcZcyWi0ul1XfTZ201177fnVOlL2MqcYzd5t2Wr1a+KydlpfdeVylco0sco+UFcICWIfqOp3cjHBLEjI4BqvYzi3DoFLKCPNJPGCCO5XqBkKOT2yADUuo3VlYxtNd3tnZxkBXM06Iyj+I7WIJIIyepJw3oK8/wBU+JfgLR0Hnaylw6grItqhkEjDbx5inGeVIBPHUdecK2b4HDUpPEYijBJxTvOKk0raJXd9LXSSfk9zuwvDebY6cXhMBiKrlFe+qcnHeMvidtLdDuPPSSSTGMsGByCAFcgZIIHZcDrtztyRnGTKheTanmZWQ5ZQfmQjlOvQ+nDHPPTB8J1f9ovw9ZG4i0nSJLk/8s5rmRcOwODhVO/GOMckemTXDP8AGL4leKWaDw7otzH5pxH9hsZXYckKPMZAi9eXJAyGI6Fh8/W43yrDzjHDuri5v3VChTlK7utLtJbW1Te/R6r6jAeFue1kquNnQwEIyUnLEVYppe7a8U79Wteu/Q+utR0y7ulsZI40jtRbsJHmlWNUAByzFmUY6jAznODx18K+OGqaNB4Iv9HfV7Nr69hCwwW8qzlCpYMvyH5eMHnGMjBbJrjrH4aftBeMF8/U57nSLBkwz3180ewMckNBEy8AYHuehJ64/jj4BN4d8I65r2t+JJdR1LT7VZI4bVSsPmY6PIcsQcnBJJJ4Gd3Hzmb57neZ4LEww+U1KGFdOpepiLU3ytXbivdb26bb9Ln6Dw/wvw1kuaYKpis4pYrHqpSUKWHs4ualBJPl5rK+77Jve5znhH42W/gnwnp2i6fZwT3VnCUku5y8pLvjhYIiXBxj7wwAcdDxHL8R/iz42ymi6VrVzFKWVPsllJb2o3fcXzSgYBe5DcYznmvYvgF4Q8Gw+D9J1u50C0v9YvCZJbm8VLkbFztwJAUVVxzkZPOckV9FtryWsXkWVjDZpHu2pbRR26oATjIjVRgcAr9SCc1rlHDue5pl+Enic0q0MPOjTdOjQbjaCjBKLfu9Hsk7LscfEXF3CWRZrjo0Miw+Ix8K1RVa9dRm3WTXNJaT91y2u07a26v4Zsvgh8bvEbeZqrW+i285H729uzNIsZzuDRSMSCMjK4BPODnmvQNK/ZQs1WNvFPje5uCxBeHSl2Rtk5O5m4JGW57Y4ypFfRlxq15cDL87skMzltzHJDJkkA+g6HjA4INHzJ3jTzWkYckrlVCkA45yB0Jx1H14FfTYXgHLYNSxDq4uSs261RyTejeicU3a1lZu/k0z4TMfFzOqqccvo4fAw2XsaML2vZJSbbVtUrJJNadGcjo3wT+E3ht42g0ddTnhOftOoyec52g5Plkupb/Z2Z4IwRwfTbW50HSo1i0zTLG2VAVCW1nDCwzkKN6orELwc+4yCtc+EBAIyXBLHGSWdiNpzjkZIxnkHnPNO2lWOQxYgZAwfLYHAJOQx5AyeoYkdQDX0OHyLLMHBrD4ShTa6RjG7d47uyb673tqtNz4nH8YZ7mU+bEY2tLntdOrNpXtuk1Hy1XXpubUusXUiKqkYDbsEnCru5GOBnPXt37nNQ3cspXDDJBJZeSmSF6Hk8cdePouahjiVVO8/d6ghgWz0BA4+XjjH5ZFTLGu0EDl3XCgEAgdCSMnjv3GOO1dSoUuTljBKzVtF3Stezd3r0ate29zy447Ec/v1JN9Uno1po7t9FotPd6XuiOR5mV45ZSoCgfMwwSQCqgZ5AH8R59e2fCZlCftDaQ5VA8WjfLtOMAxsF4xnsC2Dt49Tivf57V3DbgEA2MXOSoJxtXPOc4PGegr5+uCB+0BbiRkQQaRFhuCOVBPA5JYHqc+mPm4+Q4mhTpvKHJxio5phW22ktFeTfddLu6X3N/pPAs6tdcQRUZScskxdoxTbcmo2SVm229Fra1lo9vpi6uJRGi+Zlt29lTjIGCWY+w29CeQAQOc1hcKxWXG9iSoHAyoXjA7EHvjg468Z1k06eYL5UHmOQHBIcIsbDAfzCApyACcn345NV7ltH0WF5NZ1uw08xMSUDiSVdoPy4QkLuA+cnp36c+5ic/yfLoKWKzDC0eVJqMqkXN/C1aKbl3d0te58fgeCOKc3qv6jlWOqRdRe/KjJQunGzU5KKV23rdrVp9E4bWVym91ZlG/Cngg8gA4IJC8k89AQADTmhVXilUsz7OdgJOD0LZzlgx4HUZ6k4FeY618cPhv4eW5MNzLqRAZIv3issknJY7EJbAbOODkHsc58f1T9pm+u1MPhnRLiZvmjQWts0mwNwHO5WJYcHI4z7GviMf4ocOYWUlh5VsXJaXpw5YSaat70raei3+aP0/KfAvijFKnPH1sNgYWXN7WftKiu9Y8tO6Wjt8S1T12PsO1t50tCHUIUYyLLM6pxnIKliMqRkgDnBwWzwzZdc8Oabul1HXbKLOWJikWSVccbSqnJA6ZI57DH3fh86r8d/HbJ/Z+j6nBBLhFe5eW2BAB/gUIoADDjnjg57aFj+zj8V/EF6Itf16PTtyCUxxu7Ps4JG9SSx4O4HPboDz8PjvFvMaknHAYGjQhLRSrPnlbRp2Tim/lfsrt2/Usr8B8joqEsyx+Jxk0lzKkoUaba5ea+jk1r+F9XofSF98bvhrosrBbiXU7iPcGEbCNG3MpALPkbRtzhcHlgc8muG1b9rS3tzLB4b0XTYmdgImaGS7myMAbiqtGTlexwATkZq94O/Y+8POIrrW77UtVUOVcM7rCzKckks2SoIOcgAggjpz9LeGPgX8PtBhVrTw7ptuquNtzPEtxIXAxklwQSTzxkEnnORXx+N454lzByVTH1KcWvgov2cUmk7LlcXdeT6q77/oGW+HPCGU8n1bKcPOUeX368PbT5koq759Ht2sup8N6j8Y/jh45d7XSY9bRbqOSEJa2jWlssezDhXVFLfLn5ieSOcZyfPvBvwl+KXitrua3vH0yCW8mt7y5uJ5Gdpgx81WDtnfnktjrxnoa/WIaJpWmRztb21vGtvZXEpKxRwIhW3kAZdqgEEDjB+U9SOh+efhv4n8O6b4fmu77VNOtFutb1KTZdTxpu2yuNw3Efd4wSCegHt8tWxOKrT569erXndybqTcnur6Nyd3ulq+9tLfY4fDYXDQUKFKFCCsuWnCMI2ta6SSXS19elr3PJ/DP7HUV60Nz4p8Sahe7s5jgldlYAYfgtx3AwDnr2OPovwr+yv8AC7RImkn0iOVxskSS/YtI+OQQcEDocgg9Tjg1iaj+0p8H/BryfavFEeq3KRMgsrQNIYpecFWX5BznBGDkZ5zXgfi79vvRbcJD4d0Sa4eIOqy3cnyYYsMADkEcYJywPGeQDi7tpyktN02r20367a77bnTzRptLlTt2SXVb7au+uqTV3vt966B4C8OaEiC10bTLQMJDGVs4ixjXOxg4XcC+FDYI4xuAqzqhsLO3mnunt7NYwu1GliiVgpyGBbB4xleOD71+PHij9uD4paqTDplxbaRbbXjRYyHkRXzgKSO2eDnPzZycGvnrxH8bPiN4mlMureJtXuYzhdou5I4yCRwRGwGcZGcYBBHGPlTlSjypzja1/dV2vK7trqr26LS2we0i1ta66re9urtr6PVI/bPUvjn8M/CVpqcWreI9NkmFxl44Jkmm27FIClGYnGCvA5bHB+XPg/ir9t/wFpysmiafc6psXCqzeXCGHQoHC8E8kdxyDg1+O15r19fS7pZpGbcckuZGJAPD7ySXPHJPf06Zkt1JMSZGlUr8u7cQMgnkJ164BBAUcH5gCKhYimpe4rp2tzbdLO1ldLXS6vfqZSk3rom0ktOul72+69tF3dj9G/F37eXjS+YjQYbHSlWPapYGSboSc/wZwcDBzwG4GQPnHxD+038TPEKyxXfifUfIckmKKX7PFyBkfLsYDtnA/wB7tXzTJOuAq5wwwWxkMACQMt1yMcsOODjIJpjSyMoUBsDGDtQgjPIz3OT6N/31VqtKWkOVN/y3u/hVm9XforPfvrYbW7dlve68ur+70Z1uqeLdd1aR3vNSnm3szN5szzHnkli7EnP/ANbg1yk0rmdUDklssXXH3jgnOBjGOPY5HIwKFgupsLHE5JOAI0Z25HzE7Azc46kkcjB610eieBfE3iDWbHRdP0u7bUb9S9tayxPGZlHLPuYAlWyMEY55zgiiOGxdeUFCnVqSnKCXuyd5OUY8q21eys+mr74zxOHoRlOVWEFCHPNymlyRiouTab6Ld9Ene9zmjM/Id/3anBPDfockAj1HHHGSKhM6FhtLEEEkddxHqeoznOMAg9a+ufD37HvxC1QK2pC30iJpCGknlBK9iu1SScAEAn1HJ617loP7GXhnTzC2ueInuGAVpIrSNc8YDBS/vkgdBxx1z9TguBc/xjivqkqKdm5VmoLlfL0er3totPuPkMx8Q+GcBGTnj6VWUV8NGLqSb00vF8uz7/duvzZiNzMwWGJjuYlRtbBHc88HJ/hBIz83PAHQ6b4P8R6vOsVpp13cPI4wILeaXbnkbgoI5BBPXkAcHIP65eH/AIFfCfQios/DK6lLG4AuLxicspxkqSUHOSQo4/LHp1rpWn6aJE0zR9K03BEaPBawh1IICkFRncAvqMjAPqPrsD4W4mUo/XMSoRT95QV3f3dNV+X/AAD4TMPGfL6UWsFhKtZrVSqy9muibtHm02dlZrrbp+Uvhr9mH4la+6ONHurWEsAZLkLa/K3dRKFO7nOO3JGK9+8PfsWMZFPiHXYLMrgmND5svALEEgmMnPHOQTjv977j+0XEriN5p32OquVbCKVHACjg5wOAM44BGashCRK/yqxUq4YPuJzuxyCdwALAjI6HPTH2eWeG2UYaalVj7dKzftFdJu2rV7LotEt/NW+AzjxizjEQawkIUE19nWSvZ7y1d31+Wh4N4c/Zo+Ffh0Rve28+rz7Sxe4VVQOuADsRcspAyckZOOoJB9h0zwz4W0iGNNI8M6ZA1uCFdrWEvhWDISzjcG7nb82CeDyK2bNTKskUqncWWNWwGkXjHQnGeO46Dk961VtyqoqKrSD90MLyWHQOcbcnueVXPHI4+soZFlWASjSwlBNKNn7ON3blau7Xsna7bPg8XxdxDm0U6+YVlGzTSqS1fuu1k3f8V5Kxni7uD5oU+TG67RFCoBUMMnAAxgDpxnH51jajAR4k0IlnYHTbjL8bu3QjGG5xxgj0AzjpEspmmcOASWw8eQGXPG1cY9OuNoIxjHNVNQtUh8VeHw7eV/xLp97SONqdPvBj0H3DwBgjnkZdb2FOrh1FQivaw5uiS5ltsrNX7el7M5cLUxlbD4x1alabVCoou8ndtRs/Oz1Vk9lbbTmtE+LNi8i2/iC2fSrmVdonQGSzY/3gQCNq465PY9zjpfFms6fe+C/Ec1vc2tzC2j3ZDxSxnGUABYEkqTwccgHrjnPnniD4N32mKzeHp2u7Vl+bSNSkZpowAcrbzMSVfqRl8E47AZ8J8R2GraZaavbJcXGmyrZzLd6behod6beREciKYYHUE5GCK/MauZ4uhSqU8TTlNcsoqSS6xS1smtVq12v6n7zRyzLsVXo1sHWjBqrFqCs4ySlF8tpe8nZW69UmunmvgGaOXVtIfH+r1+ydicFR+/KkA45yG4Hpzk5r9QZ5YwspygAI3KUBDgxoCGHIJzxyckDnGTX5ZfDxWa808jA26vYk7MY5mbpnBx2U8Yz1Ar7yufGlpa6jc6bfs9nJHKiRzSAmKXMKHduGQpXA4PoffL4IdOeMxkpK3PhoNX6ttK9ullv8t3oT4jYetPL8DGipSdPETlLkesU4x1SWuj8uitcpeMvh54f8SI93bQSaHrUZaWHU9Kf7JMJAQRJIIinmDJGVOc8+pr4k1Xw5f6F4y1fS7y+GpztbtO94WJmuAeQZSxY7lHDcgkk9etfd8moC8DXEdxFNEoPzwuGUqBgMQjHGc9OGOBnpur4x8c3If4p34ZiUktY0LjjIKbCAoOc/MAT1zzwDVcaYPDUY4WtSpqFSeIim0rXVk22r2u4727N63OXw8zLH1Z4vBYmtUqUqWHThGo7uLUope81dNXWl7Wu7H6HfsOeLPC2m2niHw7q2tW2n6pqE9tdadbXcohW4hXaD5UzkRlgRgpuz/sjJr9F76zhnjbePMQo0sTAb1IC5BUruDDHIJ68kYxz+R/grwV4e1/4SeHZJYJLTVV1S9WPVLVhDeLHglAtyhVyEKhlTJww4AHFbtr8S/jx8JJI49D15PHXhm0j2tpOqkyXscCr90XHzTPhOAAxyeAKzwSxlDL6NX2LqUGrKVJ3kkmrucXq7dGldLyObPcBgsxzXEqnilQxilFTo11y0p2jHlcKrvFJq3uySafVLReT/ALcsLW/xR0IBhIp0RXQHOQBO3O3GSQTgqRnBII6V65/wTjYyfGzwC42gSarr2VIwVWLS3AdhyMZA5xx16Zr5C+Pvxoj+MHirSdXm8Pz+HdSsLI2F/Z3AYh51kL74NwyYz931JOc9a+rf+CcjMvx4+H8TABXm8QSY45Y2Ep5647cr6A9eT8jnbjVp46STlzUrcr0knaKbaaTTVrpd9EtbH3mQYarg8Fl2HqNJ0tXrzWUZN6NNpppvVaa366fvl42tpLuG+iVsRurkMwDKzEEY5+UHBwMEcfdBAy349/8ABQbSWsfhbpDyoQ8mvKGYYwyiI847kg8HIAxnpxX7I+KFka13KNytKd20glQpwccDPTPGB/u81+Sv/BSQg/DXRlBZT/bqHaCdvEG7I3dwQFHGT0PzACvmstoulFVIX5klzK2j73XbXV3s3ptqetiMTevyTas5e5fv7tteuq66Weisz82/2eInPirw5GHVQ3inTkwxCrhpUAyOOp9AeR7V+8V1oV3DPcxGKOWPdlcR8Y2/wZByPUDAxzkDmvwT+AtwkHjLwwPL3BPFGjNlhjkzxgggejcHvkcAHgf0L3muyQXl0jWweNkXBJKYJRSQM4w3U9gAFwelff5PilSUlJ3ThHlS6Kyvfp06el9T4jiXAVsV7CVD41Kond6O9rfPTSy0aufMXx30yD/hVnjFHgMUn9jTsA65Hyg5zkcY5O7HHXPOD+LHgSG1lNxstYpkt50BRyGL751Dn17kgnvyBnAr9z/2hdXsdQ+FPim3RDHdSaJd54+UCNCSGc4zllI5PXuM1+GXww3ia8RWXLF3HAz/AMfQAJOMc8dVAwchiK5cwnDEZrQa+CVF9LveLVrW6bX226XO7h6liMJlOKhVTi414qMrXbXJG1ttrpb7+uv2HrfgFTpccuiXOo6DPfWcMslnfq9zpN2xjByPMz5IYZAdNoyRjkAn5p8U/wBq+EJovtkF1pk8Ykkh1G0LSWUikEMqyrzGrgqQjAYzgjuP3C8PeCdM8ReBfCpubSK6dtC09pQYo8k+QMkEgONoIAIJ9iOQfEfit8BfC9z4Z1y7jjjWO10y7l+yToHiZo4XkIXdkowKcFQOOcdSfQxOWVHR9phpuD9neSvZNNXate6fR2+59ODA58o4uVHE01Ui6qXMklK3Mkry0vo1e90rW3sfjX4Luvtxe7aVnabW0lZnPJZ5VOSeME9zyMnHHJr9M9Iub7TpLZrXU5FF1p0JW3vlM1oX8oYQkAgAngMp646AZP5ieElt4rS7e3VIBb628SxnLAqlyVwBy2AFyp5PTg8Z+34bzxPYDTr7SNUh1KG706Ivol8uBGFRTttZj0DrnAODwpBxnPmYeviKNKEvZOtyUuWSjF7Nxu1daO997b76u32OPpYfEpRdaFGU5RdNyfutqMW46qyburX0vo7dNfxgE1dpkvLH+ybpi7Ce3XzLGVgjfMh2siFivIBDdMnPI+J/DKLb+KpYZH4g16KZ2VhnEU4BAPAO7cD23HIHUV9iW3xb8LqLvSPEltPoF0UmV7e/hJtzII3BMEhXjJKlcErk4xxx8T+H57e78a3gs3Jt31YyI2Rgx/bEYc5H3wM8KBxggcVONr0sRhqTjCUakW+aE21o+XpZOyas9Wrb268GVYKvhsRW5+WdOo04WfutppNXVo2aatb03Pov4q6ToFzqdzb6i8SC4lgeK1mRY5wrxIRLHIRk5zg4+UDGCc4r5l8T+A5dLuDLpcoltxGZUt5nBkK4zmN1O1wAxOOT3JzxX1d+0pLpt9rNpDa2aSyroWlNFdRYWZWSHbICo28gL8zEdgCcZx8qjUb5YmgaZ7iEqYSJyxlgBGCEbH3eo4Prg5JFcdbDU3RoqcbxlThLmjfVqKvrZN9tL/o/VoY2cK1SMG3aaXLK7Vo2T5V2fR2st2lYp/DaaePX9KDhFEes2xKHIbPmHK4PYAbuOTzjocfUvxNkkj8TXVwiqGEFm8IKcOwwTgkZBOfQ/wAPbIr5X8LIIdY0wxnEi67bBmUZP384YkcgBu/rnpur6++Jnh7xHqDzapptg15aLa28LCM/vVZUViVUc8KQwx14AzjNck6MJUoqMklC7Ub3V2o7+aellbXv064V5QxsG4u9SN3d3Vrq6207N6K9rK+/yr4912XUNTt5jBHCIIlj+Q4+cfL94Andnlhk5z7ZHdfAR2XxyzOVJa0uiwBHIaEEkjAwCO2cZ5ABJI8v8T284uiTHJEyEpLHJGUZJB2cOM5zyD19eOB6V8CUePx/GzNhZLCZjhsKCYmJxjrjOD1BxyAME64WMm4xgldOPl9lJtrz01adkml5xmOIivae63eKsrpJO0dXpZ9Fotdb63Y7VYLKTUNbWeJWZNVuRGGwjht52sjA5LAqQVJUgYzWLdW11a6dcJbN9ojkgdzvYlozg7gSMBgFB5HQAde9DxPcXEuu6woLBF1W4C+W21mJlYBuwPQnnGBz0ANal/oOr6TpEGpXkxaG8DW6QxszMgkUMCzn5WBBIOw5XgH1I8NOpztPl5XzSTst2k7K/W9tvu1BZjRpU6EKrtOolCmrXUnyx+Fatb7t27NNnsv7Lsx+166yytCHs3Q5BwrKCdmeeGKkgbsYLZOAWqHxlcwWN5eETx3byTyyAQuWeN2mYconO0HvgL2OSM1W/Zs/0aHxU4+aSK1uHXIycqCwXcPUgDucEjB4Akt9W8J+J5vM8Q2Uuh3aTXEDajZKJIH2Oyh5EbcpY85x1z1q6rqqnhXCPPBr94ormcXePvWd7prtqlbRbqMDOhPE42LnyVLU+Rys94xautbJtdH3elkeOXL302oRyK+6G4Eg+bO0A5+U5BAPzd89AelfbPhB7kfBLUTEXV7exadjEdrBoZuBkEfwjHXHPGa+R/F+hwaFdRXNhqsGq6fckSwSRPh4/mGfMjzlSQeQQP4cZGBX1L4BvTD8CfFczo8ht7eTftbgxygtg85Ax6HnHUnJql+8jUcbwjy3TvaTfNFSVnZ73aTS0DEuNGrRUveSrRcuV3SVo39FdSa0TTaW5wvgz44/2XLJY6gbmKZ4HiuGjnJiurZ1KlGVmwJCpByo5bqTjJvaN4j0ptYuf7MV0j1C7tTbiVg7r5hyUchvlySTg5zjHcGvm+w0qzvriDUNMureZUIe8gmJLrIxJK9wcjAXBIz2PFd14b8lfEVqSskIj1G0Pl843BwMAccDOFGck9a8/GxcqUHKbcabtvrayad2vyfbe2vtZRUw9DF1HRhGMqzTaWie2ytZvo/Luf1k/wDBFuWQftc/Dwm3MzDwhqcTlMEIoiYZAIBY7V7DJ5wCMY/qe1C4Euo6goGCl5OpXlcKHK52nGQB6jGcZ6gH+Cv4b+P/AIgfCXSH+KXwv8Z6h4N8Y+DZrK80i/sSDLKsgXzraVHYJLbyIX3QNlCjH5SM1+2v7MH/AAXGg1u00zRf2ovCCNOBDay/EnwbHGWMh2IbnXtKG2RJBkvKLePllOcjOfwzj7CYvE16Tw1KU4U48zS3Sdrqy1vZRdld3b0u7H7TwzXoRc5VZxi6qjTUW1vTtJtSdk3aT6pqz0ex/Q6pyo5Y45zjj5uuD17N2A5wFA4pzx5ySCCB0B79cEnoSOAe5PHqPOPhZ8W/hj8adAh8TfCfxzoPjbSp4kuGTTb63OpWilAwS801nN3aunCujxLgggrkCvSiTzGUbzCQGYg5GGwcg4IYDtznuM1+armpytOMouL1i7pqWl1ra69Umu2jZ9dKEGtLTi2+3kktkraa2vq9NdSu0WNv8Z3BieeFJIHuDycdfqOz9hIAAOUbAGQfm6gHOSeAe2ACeT2mGfnABI4ALAenQ/Xnqcc8HHBeI2zljzwD0JyMrzjGD7gnvySa2hUa36/ftby1svv1u7GU4xSiuV3drLrrbS/dXldfNNgsW4KSQCVIyc899pJ5+YE4OSc4O7Kmo/KYO/ykjrnIAbls5HJyCML6ep7WhG64AJAI6Eg5z0wdx4Gc4B9OnG2QK/QgMAcLnkjHOCckkHg5P44xTdaenK7q+zV7JpO97p3WujuttDGdNafEovl893HTXVPVNNt9bx0SM9YCFO45O0kcAEHIGD8oA78juABximqmOeSGyQW9F9u23HGBnjHPOb7K+DkYwMj3OM4J/QYxnPfpUBVuo/EfeYA4ycE9T7555+t06zv7zs9300ajotduu6vuuZO4OnZ3UW27a2bta1r2V7vV7K19E7EQR8FsD5vQcBc8ew5P16YoMRJPGQeO3bqwAPHOcdjtzzwTOsbAYAJYnueQABkgDpjknOTx+TzG2BgMcsDxxjGMkevbjj6jPO8Kq0SlaV9ujvqmvkvl0auYuKk9U166SulF66LZvRta30RSFvhWyRkZzkE8gYCgZ4GBx2I5wOlSpCGCjBGAC2ACSCQDkk8HPBAyccdDzZ8sspySScblGOevGQBjAPBwCSMcUqo2QQCQMEZYde+OBgZGSMYO7pxiuiNRtN/ClLq9dEvJXV2+6v3ujCcVGWibta61d3o+3vaJ6W115rtlRoCo+XIAbkFeDgZx0PAwcAY/3cZyx0OCABkHOMDPPJxngndgYxj/AGex0WWTLfcwxVRtY5OckjDHJA7Ak5/iDEKBXkgbg9T0C4GeD7dcjJPOfUgA1rCrZpN6aW6tba21vde8766LbVqFTUt0/K6sto3vzJvfdvXR26GeYuMFVLYbJI/EAEcDqepzn15FN8tQUfBH54yCckcDp19SAckdKthSCMrlSeOfvcDKnPIAxu9c5z8pGRkbb8gHBzg4DAZ6EcDjoMY7fdOapVU3bVq+/TaNtb9nul+QOMtG+VXtZPTsur20d7vR79Sm4xnGcZG3GflXrkg9epGBx35GCG7QWOC2R155OcY+oHsT37gVYZCCRgsenbu2eAO4z1JGeeO1JtOQeQVyCeRkAbcDueMZH044NbRcdNX83f7nbbV3b738ybX/AB1T/l31/rrYiCbmyMgkZ6k/NyQVJyytg5GCPmzk8VbTfwCBsIKnHOeeOoOB6nByeOcYMYVtuFBGDkgY6EkYzz25JHPTPPFWFRsA8ZYn5ec8Y7YGCD0HQ546mtVNrr1v36x311ulJR/Rk8tt15ednbf8V6bedmJ8ErwRgkBfrnJHOMc5JIyfU8i2rAhRlScZJHXjGOn4cYJ56ZArLBYcjBIyd3HqSc59e/p1ye1lC2QQDggjOOuO6t3O4dRxgcZNaKT91WttfXXWUWm33abukrN9jJ8vnp179+u3b7mbccuGGSMbeSeuenPft1HTk87jmwrAgcZG3aT7jkZ7Lj5j14zxxWUpJBywOeT2wOOOhyBwQTyCo5q7GSDgEMGz1P0weMYxg4zjP3T8ucNJpaaN+S8ul2u/3u3ZzJQaXR6a6bK34Nt7PtpqXFAByCMH+EDquMFfbrg/yPQSqo4A4Yc47HJ/h7DhvXnoeMYqxttBydxA6dN3OQDjgcEH1A57/NbDcDbkMODgbcrkH73rgMc7hnIzjGDav1t8vRd/O+nVGDV7pbLd2/J6ddn06q7J/LUZP8Sr94kYGc5ABH6r7nvinKh6EkqODgADdkDDHHr3GB0Xg8BoJKnkA9SQB93HCrnggqSTgEcDIJWlBJPGQcDqSdo74ywAVSDggYPOcdKHrzPv+F/5V0St6IiCaav8lZXtZXvZK7vb+XyLCkgfLjA4HHAPTOeMEAH1PPGMYFhBvJyBgHJPQ847gZwMdM8njvVRTtPOSQeTk7SW7HGBhcDbj1I71PGwJOCeGClfXB/EA/jx0z2qrp9draN6Nq1r7Lom27WW3mONopJXd09dtbeV7ff09T82/wDgrtH/AMYAfF8gAFdR0MAc8/6QcdN2ScHn15J5r+Gm5upoZlLgEC2hLKcnBaNAAQBkjqeM5Az3wP7mP+CujBP2BPjA7kBF1LRGZiQCB9obJBHfOMcHqM5BzX8KV3q2gtOytqalFiiVgiMxQrEmB+BHJGQcnhiQD+7+ElSNP603KMU+VuTasr2Tv3vutF6H5J4q0Kk8rwfs4Tm/rM4uMOZuyhHps0r2bvpfS3TpYJI5YtzL5eAu0KijcMckAjg5OBgdhgnmuYhnjTxdq4B2MbC2yrKDuG/BJIAx3IXOAdp7czL4l8PRomb2dxsAASCRtxBIJ27eQBjv1wM9qwoNU0+78TaneQx6lcwT2sES+TaSb9wI3Mx2YC8n14znJGD+4VcTRdTCqNWErVlzezae0W9bb72emv3tfhOHy/FqnjJSo1IqeHcVzvlV7wvGN01dr3ndW6N63PRbm/O2JIhHvKIcJlWZQQcnaOeehAzxgZ7dJp2t3ktukTJEpd1SMk7nJXChTkc49uAT3rjLK3kuJLeSPRNamycJmPghW6hiCQMkcjOfmA/iz1dnpHiCNhPbeEdQmjjZ5C00ojIB5BwSNp4IBAXBHHB49uljaTlJQ9rZxSclCbS2s7xT819rpax89Wyqbjeapxk3yvnqwWllrva9n3emy0sec/HpZxD4aaYIN9lqJO0jG0xODwMEcH14PQ8A15Z+yFZnVIfHEQl8tkvli34JCKX25AweEBI49OcGvT/jtLJND4QS4tWsbiSwvma2aUSMoCup3MOpzggnjk89j5V+x7frpQ8ftKJQr6ptQIAWBEzfKA3ykjbtGcDOByMmvh83q/8AC3Rqwk7e/JNvX+HHfZq7SWu38ttv0HKsIqfD7pcjlf2cWk7p/v3eVlq9He60/A+gf2jPAWqeE/AF1d38jPb6tYx3+nytGU32sEwSU9APmYH1JGT6V57/AME//hFrXxn8R/Eix0LV7TSBpNrY3tzcXMMsqtFNJHCqRLGCVZS4YswIwcdxj6P/AG2Pij4Z8bfCnwzZ6BZ6navoHhhNH1F75UWNr2SZGkaIKQzKcHOe3HTOPln/AIJ7/HbWvgv4o+IY0KV7W41mws7CS5+zxXMJjiuEcieOQPhcjduVMjGOu4V8VjsyzCpL6xSSjjISlCCa3UZKKdndJJSTu9O++n1eFy3CRhGjUf8AszhCVS7as9L3u7WT1s9vwPQP2yPAUvw41vTfCmo3yX93p17IJJrcyCGUyWbsJVDnIPTIGAxyDkHNcN+xl4d1PxH4Z8TJpOnX2oTQ6zMvl2aMWViGJZ8blC4xkkEZAz/tdX+2R45uvHmv6T4k1DUEv73Ur2V7iZYBbrujt2QBFUAbcZAGAepwe3rn/BLyfR9M8J/EzUtX8RHw5LHr8q2Uxe0SOaYxOyK7XTKpi3ja4B5PI+6DUVsxxlKdDFSi5YqNP94ne3tHGLas3s7rRP7rWLWCwzo16Fl9WVZKLTTtFTTTT1Vutr3T6ngn7VHhy78NQGw1BJ7e8i8OTTT288bq8YnkQjcHA5Iyfr+Z3f2ODFH8NLaZ41mH26+jOQxI/eZHTPPQkevWtP8Abu8T3Gv+KNfubrXtP8SP/wAI3a2xv9MEK2caxqNtujxApJOqgCQqdpY8cZy79iSazHwzgF3PFbQPqWoFpJuB8j5A3MflAJyCTjPXGdw9DKMbOtmdOvWXs6k8K+ay0i+ZOzvunpdu6T3ODM8LThlsqNBRcViocvo1u3fV/hukup57+2VbmLxB4PWFQoXQr+4zjAAbjIzggMSG3cc/TNfXv/BO74IePPjZ8I0i8GaWmpNpl3qM19m5jgEarOAOXZQccgL83BPAzXyZ+2rqljd+J/Dy2s9rcxQ+F7yPMFwki5yAoYxk7GLBtoYgYAwvJz9a/wDBLD9q/wCHX7N/g68PjWSVpbr+0ZV02S/ktrW4jkkLJNJ5TB2aFlV1XGGwRg4rLMMbicPicTicFy1MTy8tKL0T9+Cb5bpvRXST01XQvD4GjVwmFpYiUo0uaMqkou9tL2S5WtHrvonrZ6HwB+3d8P8AxH8PvjP4m8HeKILe01WAaM9xFBKs62ySNuVZHUld/GCAQAc4C85/Uzw9+yfqfh74DeBPiXqOvJd2OueDNL1BLO1hIkskngBgWRiPnJwd6rkqAMcHI/Nn9vv4u+F/jh8ffFHxD8KXdlNpes2emiFYRLs8+1YmbeZSHcoBtYlRnbznrX2l4b/bm8Mn4VeDfBGta5LewaH4SsNFjtYLS7aC1lhhMbjYsZSTaSQDlgM9yMnyMPWx88woV4ShSnVjF42MnFWfu3hFN3T5rvR6rU9OvRw8crdLllVcJNYRxTk7pqzlayStbp20TVz83f2txHZeO/DFnE5ZV0ghSwKk7iMHaRnsRk8FQeOMH9C/g14RsLz4X+ENZklk+0yaPARGiAqQhGB06kd/lB5Oetfmt+1D4r0Txr448O6zock72MelNGXmtJbYl0YlmWJ1B25OARg474+99n/Cb4+aPo3w38LaDHofii6mstMhgmuLawYwSMGGTEWTJXB+9nlSMnjFfS4CvBY7HXfNKajyNJu7Sg3spJLR77O1meNmGFnLLcHBwfPGa5rW0VkurW2zXmulz4t/aVsbSb46atYusjQrf6BE4yd2JrqBHxwSAELEcDkAdgK/r0n/AOCdv7O2l/s1ab46sY9SbXLXwfoGvIJdWBF3czaZbTOskHmjZF5jMuEwxUDjPNfx6fGnxENc+MWva2bC9gSW70m4htbqPybhvJmidVYEKVLldoPQducV+tF1+378Vz4asNCs/AWs/wBnjStK05oLvWbgwSW1raww48gSlERgm7aBjDDOQRXyGa4PMsfjL4CpUi4YhutKF03BOOkmk201ok7L1ufRYOthMLg4xrqnd0oRg5OPuu3Ryunuk0nrs3ax+c37V1rZaN+0K+j6dbLbWcPiDQXSEOWEQe6iWQK/3iCpPU5PcDpX75/Gj4I/D7Tf2adW8V6PDaW2rWngrTNSSNLeORkuRp0TyXDSMpkBLN8wBx34r+bb4/ePtZ8W/F3UPE+qaOmj6pLeaZdRWcMomSPyZV8oszHPDAEAcgAlgfmr9Hbz4zftV+NPAcnhq81a2Hh/UdDtLY2v2axWKexhtljWKVwBKoEQCkA5LZznPHqf2djq86boVJwdCVOWIp3laXK4LXa9+VrWz1uzCVXD0qK9rOmnVi1Sm5JNXasoON091dpq7Sfc/KW7la1+Mnhli6r9n1+xmUqNoYvJFKxGOQGYnABPfGDwP1mvvG15faLLHHO0cP2eSJiCwZwYmDBefb+E8g7gDkY/KS+0fUdW+LGkRCSzg1ZtajigZsi1SaCRY8sFH3EdWIGCCAMZ6D9CofA/xbktZGm8VaFBA0Rj8qO0BAaNTx9xRlkXBIAGcnAGFr0cso4iUcc6cJTTm1LltaKUd220rpPVW9ephjqlBvCqrWgmou3M7t35N9HfbV6aWSt0+N/D7q3xU+HpUg+X4ovQpySxzdk4655z91TwcAHAJH6h+LHkh0PVZYWVnk0nUzKqtICEFu+d57fKQSpwSSOua/K2WyvrPxv4ctrXUVt9Wj8QXSQ3wi+WG6M5WSaNGH3d2WGR3ANfb1z4T+Jd7o909/8AEWWW2l0+9juYobCAGZPKdircBlDLhCcjj5vr1ZW6tPDYyEKbaleTta0dI6NOXRWa9VbVs87N6FGpi8FUdWEFBK0WpNy9+DVkk9Fp1V49lY+Zv2WdSMH7QXhOUwxzhJtbDIq7z/y0IbAzuOcHJ6e+Bj9KfitJql/pmvzCMQ2ktsirFDGVWXncZBlcjap2kZAxnqSa/KP4L6C1z8TbGxi1S8064WfUkW+sGMNyjIzhjG6sCocAZHvjkYFfdmueAYzo7y3fiPxVet5UqASancBSUJk3OvnBSpZVyp/hPXkkZ5NQr/VsVUpwU+Z1VLmklZ21a6tq+nm111N85xFBYrCU6tRw92nJJQvezi/RXaS21tqmj44+BWxfjNIszLEkH9qLK0jrGir5zLlpGIVeTnqPl4yec/sN4/8AjXFpHwW1bwdo3jO4gsbrwhcWt1pVrrsb293K8Dgw/ZRJ0bqV2ksQf4WIr8ZPhx4c0vWviPFpt298IbnUtRhmFvO8csqxM6oWlBVmJBIY9M4JJBIr6u8WfCXwbo3h7UtRsdPvpbuHTLkxtLfXUhhcIx3FZHCkcc8ZYjtgVyYPL6mMwFZShCpClWnJ87u4zvC7jFxd2tNVrdp20N8wrww+PwkuecJTo0knGDu4qUW03fRPTe+jsr9Po3/glP8AtLaV8Ffi1q1xqeraZpRbwBeWNtfavdJbW0c09+kjxJLuUtJt3HyzyOcZOSfrT/goZ+1V4d+MXg/WbOH4naRrsVzpUUEGi6bqE9wftSTo7SbHkKbYwCM7RgcZ9Pw2/Z00Tw/q/j26t9bsPttnBpT3HkSFiBN5nVcAFuowARxgnJ6favi/wl4GXw5rMml+G9MheHSLhhKbdVuInEbEOrsM8HrtIOc/KccefhOE6OIn/aSqL2lFWitXflSbtZXso7q6vq9rI6cbn7oyp4KUFNzjBN2T0fIlrrdrVu1rK+vb9Cf+CNf7cHwl/ZUu/i9P8TtajiTXG0D+y9PRybi5W0tjG80DrmNGU8OJCOTnI4xyn/BUr9sb4QftAeKNb8TfDi+k23iW/wBptZ4pHdYooHR3MyqYidxCqN24ktgEBsfkR+yzNozeJ/EcOrWVrfQJp8jRC9txP5ciyfeUMD0BwMc44ABr6a+M1roj/DvxNNYabplqW0+MI0NlFDIpZl2srKBgHnO3gdDz8x87DcGYJ4+efSqzVaPNJU1JKMXFKN7btO2qXfukddfiKvGnTyyNBezqKL57q6V07WtvurLVGZ+wp+1/4h+A9r8Q9L0XU/FVh/wkTafJKfDFsJLjba5EbvIysyAbhgcdOSV5O5+2D+0T4i+N8WqeKdcs/GV3LFo8OlT6n4gfMsuVCwMyk5CKN2QAAMgZzXgP7Ichj1Txs22IlILCLzJIt4UsDkj5SRk+ncA84r3v9o6Uv8LteaOSIsXtomCRBVc5Xgtj+I84Pb1PA+jwuR4N0quZKEfrPLODqKC55KyXK5NXtpa6a6I8rG4+vGrDCNOVJOnJJtpXai9E1ZJap20utfLM/Yd/ai+KvwG8J3Fp8MY9Vsb+PXJr0arZQwyNEz/MsJkdSNjYyCcgEKNpB4zv2zP2h/jj8edL1TxV8Sk1HUZp/IsLy8v3jjXyULCOOCGAhUGfvHHPRvWuU/ZQJh8IeIXnuordBrCJuwd/IwAqd/mbBIG3qc4AFdT+0o0S/DHVSjo0hmt1yJl+YtkhtuThjjJ4xnPTtlHIsFDDyxzjH20oSlzqKUloklzdlbq0t9Ga/wBqVZV44dK0Iyjo7vflS6tN3fTZnmP7L3iz416B8P7jTfh7YWEekyazK73U7xmXz2xlRuJO0DBGA3PQY5rY+PWqfHW++HusHxrq2mPo7Xkc1zZRRoLiRuQp3qOQx4CjOePbNv8AZT1rTtO+G8yahf2NpOdcuNsc90sb4CghwhYHBBGCwxkfNkDFb/7Q3iTSNU+Geu21tqFjcTxeWxhiuFdyQSMnBJLHgjAx247+zUwVL+wZSlVlKp7FSiua8U7JpJLd26dX5nHGvNZur0Ypc/xqN3LSKer2ejdl1XTp4J+zZL8ULLwbrb+CdWh07Sr/AFg/bIDHG7NPGFO4SMuQCo+6CPwOWHul3pnxxvC9w3j+S2URMCkMkkTEcAx/Lt3DJx0ONowOBXlf7LPi/wAO6L8O9TtdX1FLa6bXJpFiEbyFlKqM8K2R09uT3HHumq/Frwdb74kubidmTAMdnKAM9OShHzEYOD6cHkV05Pl+CnlVCdSUlNwu/fcVGV9rK2vRWdtVocuaYjErHVfZ04yi5x15btLlj1fne+yW61Ts/wAa6Trd18ObKDXNTku9TMtkbm8ZncTO0+3d8xOTwOcFiyjk4ydKHU9V8J6Bqtp4kll1LRp9Pt7LS9Wj3PHpOIxIIrvAysbFtoJIA4IPQ1F4p8ZWmp+BFij028XD6fNDdzqIklRZd3yITnIGM4GM9OuRat/HOkyaNdeHvGNvHa6ZrMaxtdS8Q7fIUQCXqFfdgAnoSTn7tefjaUadRVKalelZQc0+XlVrXe120r3767WPQwFN1qbhUXxKXMoq2rUdU7WVvN6WNS2l0+40O5ura+t7sjTrVlEDiWI7QNocKSUYjBCnB7+45Cwlmg0NHit1ivE1OSSNGJUlXJb72RgbTgKCCR05yR4x8T9KHgTwlceKPh/4lg0+GXZbT6W9+sxuNrF1ltoy7BF2lTtwCDyFJANfIGq/tAePpU+wyapcRIQkrsIkQtKqhQyFsDaxX7uPmA7dt48R0KMaaqwu2o6wacZLSz1cvw232OCfDVavUqSo1IxhK3KndNSbVr3i1fVX5bddEe3/ALR3jTUb7xR4bhdVSC1t2SKGNSvmTlwjN0PO8EHJ5HfAxXiWp+EFmW81qwn+y6hBAtyY52URzOQXcFWJBYc7RwD715N4h8aeJPEN0tzrGpSzyFVjhlYKWiG4YIK7ioAOcg5HJGOtcpqWq6n5qLPql9KrqokXz3RWXYFGUzg54GAFHPPPX5/Nsyw+KlOSi1CclKLb1Tsk3o2t+lnbS+iPqsny2eEoU3UlecLRlLRX95WduzvfRdOpp6Z4vuNI1ea51CLJlWRAyMAOHK5VQeQR82DuxgsQQprq7vxvod8sazXLRhwBLGAzM2TnG4544GMHvgqOC3kqRR3E0vmq74gkaMOdzAjLZVucZI4PGOfu5yMBzLkMygFQQhKgEEHv1PHygdupHrXx9SNPm5n3vGPV7N9t9LXa7vc+hjiZwouMZNw2knrfRXa+6y1v1Pf/AAf4vTw34ii8RaVcvGNJkM1vJPHvjd36o67cspJx6bgSc4zX1JD+1Fp2t6RJp3inRFnuLlwkV9ZTsI40LZDNCuMAMqscqp4IOMAV8k/BHwrpPjLxXZ+HddMx07UYZzKInKkSqrMrKVOSUbkYPVcfNwB7T46/ZguNCP2nwl4kS5iwXW1vg0UqqhwERhwQMYBJx93pnFfRYPJs6x2FjmGW0XWp0m4zjFx5lJcjfut67qzSvbV7K3gV+Jcnyuv9QzCpClKvFTTqL3XGXLopWstrWfXS+h9xfDGfwN4ks7ub/hLNNh1S7is2hhW6WDaiRACCWJiCWUt85wCzBSOld3feFtZLrLaR22rW8WSsls4A244IOfnBXBB7YGR1r8a7yx8deD7y4ivNOuWngVHefTvMZo4z913aAkgEhTkngnqcc9j4a+P3jnw68P2HxZq9m0Tgtb3zSXEfGAAyzFiFX1YA8nJzyOnCcQ4/LL0MXh6sOWV5JxakpaXtote921frvfor5NlGbwjWw9em3OKcWpRa5eWPKk07pebV31skfpl4o0ix1DR57HVLFhulgLJcW+z5kdSQJQoOF7bW6g8DcTXIah8OdCuFkax83T2KIdyESQkBcZAxkBmHccjnO3LDxDQv2yNea0+x+J9K0fxLbEIrTBUguQowCQCFHmEjv0xnrjPt+gfH/wCDHiWFE1H+0vC12yKih8vbh+5JXcoQMTtOTge2DX0+X8bUOdv2jpznFRamtLJpWk3e60SWm1tk9PmMz4DWJo8kadOtCL5o8vxJ+6tLa3bStZa26O5yNz8MNWt4ke1lgulZyyggxyMByM9BnHAzwAWBznFYFhpuu6Tr+rtJptwXSCAMFjZwq4UBwwB6ZP58cHNfWGiQeGtet0l8NeMdI1hXAMdvPcwxTqGyQiqzK+VPGOpIUEDkVeTwxrWnate3lzphubWW1j8uSJhIC0YxwwJDJkgYOck8ADOfqsNxVSm6LU4ScZQkuVrX4d3d3bTu3o722W3wVfw+nRdeKpTpqpDkdlpZSVvPps+77I+Z4/EV/bswa33lQ+8EGJwWA/hbac9eSMdeTjI4nxpfTX9ppMqwmPGpqXAJIGWIwT0zknnoAeecmvrzWdB0HU0ij1HSzbSyDa04jMLqScnc6ABiM+pAryTxn8J4pbWI6LeOkEF7DIwuTuQhiOQUy4Ofl+YDnGP9r28Tn2GxWFlFyaleNtmlqm78vSy1WumvU8Khwfj8HjaUqb56Ueay2d5JaJ3b311TvZJdGcbp2uQCBYLpUBhjSNNwYk7ckkEcFsEcjrjkkEmtyK6tL0s1rIVwR8oJBHXHXA9R27kZGQMq68CeKLIyCeyFzbKpPmW/7xcBRtbJwwyFB2tgZyBycNipC9rKVkiurRVlCMWVwDlTkEYHuDwehzkKSeinjKdeMFCpTl+7aV5JW0irNX630Wtmvu8vE4LH4OuvbYWqoqbfNFSs1dX6O6elm9NbbFPw3pttLd6qt7bW94s2sOJFuoopgUPAHzgscjHcHgZBya2NY+E/w+1hy0+gx28rF901i0kBXjO7auF4wTjAC9cjBFc1pGopBJqMcmf+QizCSMFn4xyx6g4/hPGeMc4PVW+qylpHivQc5BSQgFgBgAg4HzZ9zzXgrJsvxlJrEYShVcqk7ydOF9Wr6pXW61Widl2PpnxFjsBJRp4nEUeWMFaNSSjG0Iu1m0n+O/yXifi/4Habp8lknhrWLmO4vfNZbe9O6JUjBIKv8xBIK4J5xgc9D5nf+AfiXokKyDTjqNqpIWWDEysvOCItzNz1AwcKCOCOPqbVL6SbUtDllKtthuVKA/eyvPHAOcEkcrznkiuu0jVrTfCt5cGBCMBXC7VYnknHX1z1zw2RXz9fw/ybFOs6PtMHVjKyVOSa15HG6lfrrZStrrbc+gwniFnNCNC84YqnNLm9rHV7WalFp7d79FfSz+G9P8Z+IPDF0j+XrHh+6hIP2mye5sWRw3GSNqkLweGxjqetfQ3gT9q74j6AoRddttbtg3z2msxI0vDZGJmzIZGzgksSMlgSTivf9e0zw1q1hd/adP0/UibKfbJ5ETupVD8wYDzAwPO7kDHT5q8J/wCFA+C9d0eyv7cXukX8ySyGa3l3xO4kbGUZjgDK5xhiMAnGM/N4vgPN8FVSy/GRre7zpSbhKycVbdxk3urvV3tvY+swHiLl2JhL+0sLKjacYNpKpGTaTbW0kt1ez7WvY+qvDP7anh29CQeM/CDWcpjKz6jYhLu3kJXa2Y5gxKgDcSvzADjJAB9d03xf8CPido7ro2t6VYa0C0o+0SrpkyMGJCYn2ROSQMlVGc5JxjP5gaj8DfG+grNNoupQ6taxI7razMVmKIu5jhsKDgZK9GHTOePM7xdY0yJJda0m70953dYrmKOTy5SjbCY5owoypwM7iQwBznGPGxFfiPKJWxmFrSjB/E4uUGkoq/PH3dba3W2y7fS4Wvw5nMObCYmk3JJ8icU23y2ThJJrZtppbW3uz96/h40OlaL4h0OG80/UvDwspL5ru+dJI0l+7Msd2GMSuFDbMuPlICkkE1e134ReBPHmjRarpkFt/aZ0xF07X7S4WTa8eP8AR5zEzkxq42ZbJwCBkjNfhnpfxQ8beH7C50rTvEmqLouoRrHd6e00ksZjztIZHb5QeSMAE4B6Yr1b4XfHv4gfDa9/tHwx4gmvLKfYt3ouoTG4sJrcMDJHGjs32eRueVC4YjkGvHjxW6WKhVcJ07Si3P3p8jai5rlu0111S7pXVl6z4dp16DjCUJz5EkrKLlpFpXTS06LZWdux+nGqaj4g8H6V4s8Pa0FtkuvC9rp5uVyYLgRPGsZjlUbBLgZ65xwwPAXhfEnhHwp4++H3htPEOkwXU17O1j/akSoNQgWzt3WIpcAeY0bEK5yQGOcqe/ovwt+LXwt+P/hbWdE1edLHxDPHbRXmhajILe8gKhS82nSOw+0R7wTGse5hwWwcmtXxV8N7/wCHfhfS4tOMmuaFHf3txE0UbtdWUDo+0SxjJKojcsASccjJr7OhmmV5tTjCrGl7TETXNZRUZ7Jy2Vm21fRtdtm/lcRlmY5ZOU6UqsYUotxd3zU9Yt2Sa0bV7q6fVPU/Jv4ofArxZ8PLi51iKGXU/BUQiZNXt18z7G043xwXajlHC4+YAA45Oevj1tqkRXFwzGKI7ob+Iubi3xkKGyMNFnCupzwTtAOa/XfxVqOm6n8DfHtslxBdYj04vbAqZhl4w0ckLYYOMlScZBJGRgivi6b9lXxD4u8C6p8TfA8lobewk8q88OzM0UjxW0Za4ntyQAzKELbCMEng5wK+PzzhWpRlWxOBXPRTT9ktZpNqyjbWSW1k1a1nfr9HkvElOuqWHxi5asly+1aspSulZ32u3bttsc78FPjd45+D+oprGkagJdLupka5smLyaPqUe4bo5bcnbZ3DKCBMojIZuc4Nfsv8Lfjv4I+Nvhq8Gm+TZavcxQxat4bv3ia6SUKvmSxxyc3NmWzgqXUA9QCK/nXXVb7Tri40yONo1V1S4tpEIhwh2uuxhkMD/GvDdeOa9O8L+JtS0jUbbVPDWp3mj6vppSaF4pjHOVTDGMMjBLiFmypjcnOSCOBXzuWZzi8orJxcpUlKHtKMrt3TWmr0aWyv2uu302NyvB5pRjGSgqij7lRW1fntzJ+WqtZPS5+5Pxu8Dxnw1Z6pocFvbQ6dPpjXMEKFY2eJgu0rwqsWI5GduM9ufF/GGlXV9408G3N5bRsv9i3kElvKoeGVURFIdG+VxtKnBHOcE4xnmfg9+2BpnxC0f/hXvxUaLRNfvkjtrfX3RE07UBFgRM4cBYbksq7mbCg5PcbvqHxT8L/E2p2Ph/xN4dht9cstAtPImWxm8y6kivNm67UqT5sKxKGbblcDAHzGv1TKuIsBmNCjFNe1crNSS926jZPm0aUrq0emtrKx+X5pkGOwNapOMX7FRfLKnd3b5dUvJxTfZN66nwl8f/2TNO1XWPCuofDe2TS9d1vS5Zb2yLkabd38StJI4UH900oONqhUzw2BgV+dOu6X4p8Ba3faF4q0+WxvlaRZdPu0byJooyVElu5ASSNyCUZcggHHQiv6ENaFnHfeCZ5AfLiN5biXADI4hIdQ2MEq2QQdpHGQOSPkf4i/Cnwx8YfE13p3iWPZKPDko0zVIsLdWEqSMInyMF1VuoJxg45zXkcQ8L0MRKNbAxjRxFVc7SklTqN2fS/K7XSa03utTpyLijE4Z+xxbdShDlpq93UhZqKT7q3R3S7tXR+X3g7XNX8L6na+J/Amr3Gg6zbSB1W3lKM+1gXjmjyFlt2+4VfdgEldwC1+qvwX/aL8DfGVtC8N/Em0tPCvxIsI50tNUDx2ttqUk8XlNdWk52I0sxAEkMrHJICgk4r8vPij8JfFvwe8TS2MkU2p6PZ7Gh8QWiO9rNHIMxpdbARFKwIDbsKScLu6mhZXtvqaCeTfFcW7Rvsicw3MDJjZdW0wZGRgRuG1hkDjk5HwOHqY3J8TyyUoyjKKnTmrRdmvhu7NN9Fdfy2R+gyjgs5wzUuWUZR9xxs7N21TfRdV011TSP2h1rwb4i8LaPqli0E2t6XPZawyXkCs04glVnjZ0TJcMRkFAVI5AI61/DN3ZeIPBvwzQLBdCC8mstRtLiFSrO5aNraeOQDOUUA5Hf1JNfK/wF/bM13wU1v4U+Jxk8S+Ekt2sbHxCqb9W0uBwI1S8RgRcQIDgscv8ucDBJ/TDQvDfgHxR8LI9c8H3Gl6kW1Bda0+90ySMus0hMuyaOEl45VABdHQYY4ALFq/Tcsz7C4+lBJxdbkVOdOXKnHm5dVf4kuju79bWPz3McixGXVpySlKipRlTqx5rJXSaTi9JbbtO60uj89Pj7+y3pNn4e/4T3wFD/Zer6nqpt9Q0HcDp9y9xctHG8CjHkybvuhQEySeK+PF03xP4N1G68NeM9IuLS8gw8UNwrh1Vl3K9tOw8uSNFOdoJYAYwOlfsR4kNxP8ObC8kY3UUfibT1lj2bmhmgvw7lg3zL82QAeqkEHbgV88ftheCn8VweEJ9KSOG+lvJrMyhUjnkBskK5YYYgOwwDgZCkDHNeLxRkuGdD6xRpqnVnKLairRmpSjtFLli17rdrWXW+p6/Dma4l1lQlUb5HJJSeseRR0Teji0/tarVvZnyx4fa+uPsU+hXFzBdRFHstV0+U29zBcIQ4jeWMhlbd8rA/ewcnINf0g/8Edv287rS/ilqnw1/aF8XaNo+n6l4es/DHg3VroxWjTarBcB1tdVkBWMzS5VY7qUksTjdkivz2/Zs/YBtvi18FfDz+H/ABQfCvxBmaRLq71Fmk0zULxrh40Rk3ZTylAYsiE5OevFcD8Qf2T5/gtqtto+p+LE17xtdx6t/aEWnRuq21xpoZobnTrkYZHBVGUnbMpIZcHFfl2Z4PGYeo8K4e2pvllGKUm6crJqVo7cvXSz7a6fpOXYrBY6SkpqlXcHGak1BtLSUYtqzUmrvVppLbc/vxMkUqxSxSRzRTIs0c0Uiywyo6ZjlikQlJY3QhkZeCCdueDWdJIQx5yFBAY5+Y9gOh4yeo49a/la/wCCbH/BWvxN8NtM0n4O/tKy6l4g8B2V6dG0Tx9cb5tZ8OGOQxx2ups4L3dlEuBvLM8ajsBx/T14e8YeHPGugWXijwdremeI9A1OCK6stT0q7iu4WjmCunmGJ38iXaw3xviQH5SAeK8OpSqQk4zjytJbprSy2b1a9NtW7anVOnJWd04uyUk7ryWl2t9E/wAbXOh3EnkgEMMkDjJ4X1x/31gd8c1C2OVUkMTjp6cj8wcLuAyBgc4qHewAU4JI4YcHDHIGOPxzwSOwIIQMWJJyNmc4xnkdBnt+PHYEAKYTcbetnfXRcu7s7/O+/du8qLWj3emrVtOXfrbd21fqOLgZHII7Dgc+2T+Z5xxSeepJDAdAVBwCD0xx04GDk5x0JqNlJbIJGQozgnaMDBAPTPGFPTBxjIFRmLABIJIHLEjJ34GcepyMdOB1A4Fc0b63vb3Ur36P53em9tvnSjrbdLra2umq9bdNVfRLcsq6sTxxtB6/n1GMHnrwCfunJwu4knBz83zHAx6gYHH0HOOh6VVO5c7WDbVwTz0B65wOPboMEY6ZdE/X0AG7Ixnrk8dD164zhsAU1JO72t3/AK/r5i5JO76WSVtO26fnd+q2uy1ngbscdSOB3PP4Z54P4cUjMg2gZ3ZJznnjnHXHTJ54xjGCBTA47fP3OCAO5AyT06g+69OMhc/IACpIX5jgZPXrlfXkDOc5yR0qk9n5W/q/Ta6dyHC9lLS2t7q6V431vpe1vPztYkB37scEYIH3hyORgnoV7H7u71pwZyVHTLAKCcnqep9OOOmccE5JqMf74UFeq8knHG7J/hHJBPc47inAFtvPToefmHG4noeeDkY5znABp3SVutrL74/P1+b/AJmKMYppJ9Fpq3ol0X42+epoZJClSeSA2BzjPGSeR35A5yBzTwudwUYfI3FycZxgctjB4zlcfzpFLDbk5BGT6dOAD2z344yMe7N7Hac8k7vlYeuQDkg4474OMmmpOyVlbV6rvbzs9vXS2+ixlG0+a+ktHs9rJJPvK1r9r6koBAXdk7m6n5toXPJABzgEnpjPHHdSCVOcEAgjaBgqxwQRjk4AUDk7QThah8wgDjOQTu5x1OMDnBHue3PpTUYHI65XggEA/wDAieD6Ftp7jPa9W220rW7XWkVfV3V1pfbVX1T5m10XXbV66Jq6sm3rp/e7pJEhXnquOvGd2SMjOdxzkcZHH1FKu35V3ZIyrM3diTjB/wBoHr+BPQ0h2AbgByPQ7ThiV3H/AGgDk54Ax14pBg5ZQclixAI+Y/NgHAwVznB9B6VLcb66x1slpZ2Su9Nv8u275JK0bWsrSe71adr3/wDAlo0m5Le5OVXaOc5JXJHTsfm46d+AccjrS7cDcQMZBbk9AehA54IzgYOfrwo5B+bABwQSQQD2IyRnJ4APJzkcinqq4OCOoByTnopGT0zzxg59OvM82lvRPZ7qPp0SsvW7uWm+vz1dr26Jq3z69rqwwqDtwOORyAQepHrtHb+EjueTUbLyQB0IyDnA28HGe4A75zjng1KVyQSSdxxnjIAOQo46cDOeeoPqQBVUk8nLYzz324yuRjByD0/nUc0ZWWt+l1fRffbr6K+o35fj/X4/O3QrGNWIyF4GRtBOTzjqMc4Jwv5AGq5iUM3PDsMDBAB556jHfPH17mrbFMllLKSACAccgZIyB2ODnkZOc9CW7GIbJPfnuT0I7AEjknjOBnO5quL1bW9tn0Tcb6XW2m7+Y5K9rpuyVttlHXbpZ/Pr1KxRQc9TvJBAwc4OBztyCcEdAO2OAGFlAAYliMjBAzkYzgnuM988Nj71XHVQQQQTjjOflySCDnHJzy3c4XBGaqPGCCTzglu7Alcj/az7jPHUZBBojJJWvbl06NvZveytttZ/+lGSjJysmrXXZLTl01vbTl0Wr3S1IA6kjAznjJ52kjJJI6jHHJPXAI4oTP3sgEZACn+7nknPIbkHA7jHqBlAHHHUkcALnjB7ZwcjGQcDkVTZdoIyVIY8DOSCTk89Mbhtx6DpwKFUu3pqlezdrfDpe3R6bX77HRZqMVz9Fazbvfa7vbZ62utNN2i5vZiuNg4zgAHAH95hgY9gB0wSeKcHdGXK5AIIYheCepAHYdQeoBzkgnNAucnJKkjAA4wO3OADwOfTnj0a03UnqTtLZzyCRkAZyMj5uM4x1JyJblbta2itZtcrdna99L66p9e4qfqtFe932Wj2stvK1km2jRS5XKhiMktgjn5sdDkHPAxgjI6gjgGRZWxg4UBstkKFz3A74ycADaOh9M4rSCQYUlQMZIPGSRjjtnBz09DTvmXgMyjAJBIb5s553A87sEEdzk8nFX7S0rNNXklpsk7LXzurfftoVyJRUbtaLR7u9m3ppt+LW+5vLMCDyMgg4B9MdPoTuweM9M5wHlty5CkAnkbhnjuSOSeDjkDGPSsSJ8noxBwoGFyCOc5PfAx6Ajvt5sK7EkAkAgMR0JAzgZJznjJJ+mfvCm3Fu1tW1drS7VnHa1rdm9Nk0ZKk0781rJXTaatZK+za21te9m7dTRV2YqDxwTx1J9VwAQSR1HUc8gCrALDdhhzgADIz1JzyCMdTnOcgjIFZYlfAxkMMkA/eIGD8x69QcAnkfXJsROdpPzcHIJwGOCew5VifQYPQZpSl7yaTbWy9eVbXaT6p21t6j5JRim2tlbs9PNp/Kyd0/O2gHBQngBWyBjOQAc9FzzwCMDJI5KkCozgtkBRlV+Ycd84P14+vIPI4rg9Mg4YdARwc7stjuQcd+TjnFSq4dgoBwRtPVskZ7e4PJJA4+lSm1e93dd9emrduq12d77oiUJSSafVX8n7uqu2731W177a62ihOCQeRlmHI5wABg9OhzzzzjANRhGyGAOMkY4HJz9MsOMHjpg56U9W4BON3GQOF446HOAePc/UipOmSMtnOeTgBuMNwM/QdfYZqouNkmlJuSVmtr8uqXVarXTTZdSYxlfy0s7O7Xu77emuuvW93G8bAAbl/hYZ+UlT6ZwB06DIPPWq4hAJyVwQOQPQDGDkEjcAcY4xg8Zq0dxUbtxYsOmAQBjAHQYwR+QPHBESks3TnOMcZGMZGAW5yRkds54ODVQulbvbzbtFXs1bba+r6bRRcoO+qcmvklte6d3pZ72Vtk76RqpKhSxw+cnBXgHngdNvX169sbXhZM5HKhstkkLx0GQC3JC8LwxI3DHVhDhlDDGSxPOcHoAAOPTIx1/WbJC4RnG7AycgevQk4AwOq4GMjaeSpJpprXdbaJyt2tbo73vvruT7tlzOzsra+9a6TUr7+rXXVDCrAgsDzuxknG3PY9DjP4YJPApojBDZwCCMgkYAzzz3B44weDxjoXEupC8YIJ55J2/dIJBxgjnkZ6c8YTLDPAVQFCsOdwY5OOvzA9B2wOgwARfKk3JvVO/vbtRtrqrXeqWmq8ylBcydnuuis1zLXfe7+VtLtJOJlXJYEkKehHTJGM84PTpn36jFKGIY7MAqc449DnO7AIHTtx0B4wjE4YBSc5Azj7wOcAcAbuoPfoMDq0KQRuwcZb72Bk9M+oOeRyM8bs8inqk9G/dtfzcXbd62V3e7Ts9LIagukbK927Xbeitq1qr2VrbPqrNwJZSSME9AR6g5HGRu6YI6sCNx5NMY8gttAY5JI5GMgbcHoOTgDP6U0eYTgncPmXGAQCSAPQ4xgZBORjdgEZeELk43fKMHjocck8ZBPryAM495t7ys2rNatvW6ho9ddEtrpO17Ivk5r8/W7dm7JKyXTT/gX3eiKOQM5DEkkH5eQWGODkk9z9OoG6QJknC5wCAcjk4AyAO2OA3Q+vct29ducoOcE546Hg5yevTIOSAARUq7sbjzuBbJOeQew685x0Jzj5RVX5dbNtqzdrq9kv101TfTo1MqcWopdGk7vro116Laze/XUa0ZICnAPKbcENnuQwGOQAc9um3GDSbcdRnAGBjJbk89DhcDHUk9+tSZ3qMnDEFgTnBLAYyCCTx0yfuk9OTUUjMGAH8JAOCc4J6Hgc+wG04PPNKLdnd/ilquVvrpzWWl+nTZHLLVfhe21ul7PXt6PYjkCsHJ7EsSNuMc84x1zjtg9M/LURdQRtK8Hc4A5bIJ4JOSMDt0HHqalzkk4ABGFz03Y7Zzn2PIBIIPPEZiJIJwN4HU5UFQSR34PTB4HGACOajKO7/m0Wmys/nstXbX7galFWe19d97rfrbfTy8tY3YsFAGDuGcZPQ9+qjgAHj8zUJUZ5XcQR1yQFAIJKnI6HjqAT0A62GjI3HkYYEDpkehwM46HBzn8SC1UdiduDyF/hLYbJ6HJBHTByBx0Oa1jy20drW101V03d3u7NNej7heNvmtNfK+7Vte2r0tdb1/mXIA4Ug9c/Kf7oPU9ODyPUcZcVGVHy4C4IOCw3dwSOvCleu09SCuasGIsXO07uQckgtkdRkgE4IGcD86Y0ZDBue+RnHI6Y9Q2fvdDggHIrWLej1i+3Vap99dtOlvwNXZa9Ovp93k/NEBiGCDjgjknOcYPPH5E9cHJK5AdsGBn5t3B3ADpz6Bh1wemccDrTiucnIIAB/iOM9iepGQec9c5zzl+OCC2SvGevzHqRwOehHqPTvpzttXu7drdkv0u++j6Cbffre+u+nTTX8hhAG4Z7gnbkAY6n6Kewx0z0INQuvRed3Xj7x5Bwc56jGQOg5AGTVkIAuADkZDcEHocccZOe3I6A8gimNGSzEqcgA7gOemCo5x14Y8kdAc8FfE0ndXabS0ts76N3tuvNfIS1v0taWui0emr003/AD3K5UZYt/dztJP3iAMj1HI68Zz61AcKThc844z1wCMdxgcnPUjrklTaZRgkd19M5weDux0wOvqDwScGsSRkAZPr6HsW+n5YJGPQhvq7LTVLV6xur6p/lZkT5lZKN1p0vdX0SWlr932aV7XWfrI2aH4kblSvhzWXX0yunykZPbBBGQcZ9c1/B78S9UvLjW/HEbOgQah41iOMbsf27OwJyfm6fgCevNf3ga2dnhzxexJ+Twrrhz8oAKafOBjIxwemCe4OMGv4LvHkSDVvF0zZHm+JPGdqSct8zajcz+wJOMHAPp2Za9DL1zV5Kz1t13Sfolo1t17pm9KScJy5Wnok7rrbZvpfd23TXTT80f2gp2uNEiiZnAX7OSiNuGNoUNxkKAT1J6jpjOf64v2arVk/Zp+AETBWA8C6MkZOFUqdMAJ/DAPIDHrg9a/ke+NUSSadKRxi0tsfKVGTOqjPfGRzjnBPpg/2A/s9wiL9nv4B2+MeV4C0SQ9QCx0hXBboeqgHPIOQea9eEpLFzknG3s4xV9Gk3DW7vvqreV77HHi/3kIRTfxxknfRvRLvo031e7ZtylrXQg0i9Fuo0HOcpfIo684AwSQMDBHG2vL/ANrP9pT4f/sx/DTW/EXjq9iOo+JNCs7Lwr4chkU6hr+qLbDyY44c+YLYybfNnK7QuRuyBnk/2q/2nvhr+y38IbPxr4xvo7nxDdnVP+EW8IQMkmo+IdSe4YwRC3yZEtFk2mWZ12lR8p3MpH5dfs9fs1fGL9uPxvfftYftdzXumeAdHms734f+ArxpYLebTUlWSCG3tpSqW+mxR4E0pCmUBvvDmscTXUVJw1cZKTdr20jZdNXa275X56OaWHblFy0XS6evwrt5WfdvyNP9nr4QfGn9rrXfB37Y3x88Q6jaeG/Dfj7TNC+GngYRummWFpbygJLbQz8KkSgK1xGoM0hLbjnNeG/td3SyftQ/HSOJJLgyeHdUtCgkCv5dnAFwckHceB146AAgA/pb8WP23vA/gO9+G/7O/wAGdD0rxNcXHxW02z1MaW0Y07QLPcAtvbCAASeVGpMjxg7XVt+wmvyk+PN9NqP7UXxsnmA3vpniTe3DAM9uDt+Y8gHIwc/dB+brX0XB8KuJ9tWmlGOlKOivyu0rq976RWqd76pnyHF844eUKcbyXL7RRb0TUqcbtJXabbduya8j5I8G6bDdeGfDt1H4ShJls44zNLqd0TKVkkUuU8zauSv3cAgdR3rG+M2ky2ngfV3GkabZgCNVeN3klBYrzuJ7hQT69Owz6v4Jgjj8HeD2dsq1qC5DAEkySHscHJ284zz1wTnmfjwsf/CA6oVU/KsEjdR8oZRgnOCAccc9cjFftDowjks5Kfv/AFOLd4wvf2Uf5Yd7p2bevzPyKni5SzenB0/cWLULKU9ueK1XNy302tpbfWxi+CdC1ifw1oUtvoNg0TaZbP50gDGQlMbmVgOoyBg+mAflx1y+FPERDt9i0W2U28pJaAMeI5CQvDZIAO0jJBAAO7kegfDNYx4I8LZ6Nottk4ycbG+Xoeuep7HkriuxuPJaDao/5Y3IxtUHcsMp7heMZ6Yx7104fCwlg6dSU5N/V4NWtreEH0ts7LZ7dU9fDxuYThj6tKMIqKxMoq/M3bnsrO7S+5aXsfH3wZ0jXdSs9XFo9inl63frJLLaxyyF0c5WMSKxAX8hnpwa+hoPBOvuqvLqsMQyvyQ2MKjHHACqMdM8jpk9M1wX7PUQXTdZlDElvEWpKCB0HnsAxyMEqDnBxjOSoIzX0+JDABFEGYtjkhiep+UjHtjPB52nPWoybCxll+HnOc3fm0TurqTstG7J/lrs7rXPMznSzKtRpxioxdNN8qbu4U3pdN6+90/yPjPwFolzN47+KVo2pXURttWtlkkgIiMnyJgtjkEkdAQADzgj5vVJPCbSs/n6pq8yEHP+lyLnPQBVc8gYG7g8Z4xxzHw3Rm+JHxlGGf8A4nNucDqflXAA9cA5B65HUnFe2xQ+Wm8BWdt+VbJYN+pAXjOTgjBHBqcpoQlhW3FSSxGIte9rxrSurK/ZdV1un0M0xtaGJgoyUG6GGlayWsqVJ7rXd9e9m9rfHWvaCifHTw9pSXF+tvN4fkaWU3EjTAAseGZicZIz8x+YnIUEmvoM+ANN3K3mX77QoJa6kwwOOqghdxxkdcEjoM15V4hgEn7RPh5yAAnhmRiF6AZJABOM8ZxnGcckjNfTTOiwuVAYjy8DAwMAHOSD9TyCQO5JFdOVUqcp5hGUbx+uTcb30ShBWVnrqvl1uY5xi68I5by1HGUsFCcmtU/fet0+zjbW2u3f5L+NXhbS9P0rw2YYZt83irToiZJnYlWuY9wTcxCkBj8wBOeOa9ztPBOhALm1Ys6JvDSsw+ZFzjJ4JAPGcZI68GvMPjo4l0vwozFQw8ZaZkDJGPtMa5C8gkY9h6BsZr6GtzblQWPzKsI+6CoBjHOcegIyOe3cVrhadP8AtTME6cbKjhWk1f7MrvW6Tva3no90aTxdd5Rl8lUk5OpiU5KTVlzU+XqtUrdP8j55+N/hnRdL+G+uywWMcMh+ygSg7nG6cBRuyxHYHnAOcnByO58I6Fpr+GdAf+zrQvJo+ns0jxKWf9wnJOM5Yk55OfvYGTWT+0RPA3wx1/Ywyv8AZ6hlTgkXSkfmDjPb+HJrr/C9xaW/hfw/5k0eV0PTeCSGH+jx56cZyeo4P44ERp0nnWIioRUVgqNm9byVSTva99t07O3bptOrXeUYdKbcvrdRO0m7r2dOyvptbtdPuGqaTpsGnai0FnapIum32SIEV+IHAwcDv9ODu69OC/Zh0+3uPB2rNNBG+7XbxS7xo5Cq74C7gRgY6YGMdfT0HUr63k0zU41lDO1hfH7oPy/ZpMEclgMZ4HJ+6D0rlv2VYIp/A+qZd1B129HygjgzMT2xxj5chWPOA2RWjSjmmBjyL+DiG1FJpL91bVrql12u7djmqzqLKMZKU2pe3w8bNtO3v31s3q91fReR9BjTbXeqxxorAIMiNVB56529MZz7ZxXyv8FrL7X8VPi/biBZjHqSABlDBfnIJ59M5yMnjkEZNfYk8NvCylWck7SeWzwQASOv3sfw5zjHOCfmD9nyxuL/AOL3xpS0jkcrq1qmIseaVk5OwEYLcnGeSeCO9a5nLkq4GSjZxr1Umlol7J28tVfS/T5HHk7nVpY+PPd+xhF+8761INPdNWs3a62Z9dnwtbRpbSGCBGMK7iU2YJAXGTgZJIGOO3fivmP4h6TDF8W/hzBN5JZv7QdfkHOwsB0BH0Ixg5x/Dn+hv9nL/gmB4x/aK+CNx8V9G+InhW2udLW9WLwnNcvNqrtZq3l2uohCy2s92doiL4UEgkkZx+Hv7RHw11/4bftG+B/DXjTTRompabNq0N1Zm5iuDB5UrRqWkidh+8xvzkEA4I9PnqfE2Ax1WeBoVoTxFDF0oVaTvGUXCrHmavFXSatdaXSu9j2YZFj8JBYytS5aFXDV5U5cyknz0Xy3a0hfTRp31a1Zi6tpEGlw+aVTEweQAoq7hv68ZBIyARnIBAHSvl/9obYfAlqyofm8Q6Y2FUBf9co4JAYjnOSM43A8YFfYHiRLW9ZYEaWRIkKLOASnJ+XA5APuDnjtnFfKX7RlgkHgiBcs23W9LAkYkbszpkkZznB9O3rXvZrX/wBjxbTTXsrJLS7vC/Xv1tqtd9/Myui/reH5tlNRTSbaene2mtlbtvsj6A8NQmbQdLIRXC6ZZ7WYHYo8kA455b+EnI+nUBvjDTMeD/E8wVG3aLfFf4mA8psNnGf72Tj27HHU+DLKJ9A0pZMkvp1iBtyQQIRnaBwDn35znmtLxvp62/grxbsiU7dDvgGbqB5fQjP5jPGMdTXrQ1wEXrf6rurbuinqnvor2tbZdz5KVTkzOMLNXxUUnvdqor3XkrNfKy7+T/BHQL65+FvhGWNgpa0JUAKXJM8mQxYYCYzj0wSSQK920nw5NatdmQqCtvcORKFBB+zzNnPTHCjg9TgZrnfgNpjH4W+CnxtH9nF5FGQPmmkxz8uOAueBu/In3i102OT7e0oyjWl0EYE9VtpMHDc55HQHpjjODyYefJg8PHVf7PCLeycfZqSd7PTrs00vM9jEVG8fOzvbFvRPf3ldL8u2nnY+Jf2ebL7XoWt3EpDk+MtbDANj7k7H5TjHy5G0gkjDEYzX3H4+1nw740+BF9pPiW31O6+JvhK6t2+H/iKS6DLdaArAXnhvUZ5TvK26APYq7EBywB6bfjP9meCMaD4ghkaOIp4319SZ3C4xcMRxwckYyOn4nNfRHiG90y30ua2We3u7q4lAjgkbNskkbBo3bB7beWwCOfrXyGJw31nC4SonKNfDTjWw9aF04SXuyV1vCpB8s03yyUnZH3FPErC4+uqkVKhXUaWIpScXFwagm7NaSW8WndPVdT48bRryx+Mdp9rQrM/gy2dht2tHvOSrgfKCuSM4wRj7wKmvbmt5DbSsAAhiUKCCehP+7ncc54GOG5I4xPFuoxeKfjva6lY2cFvIPh/p9vfQWm4wG7t2MTSxlVJbcAAxAP3ic5AA7z+yb6a1KR21xhEVsxoxHLHglhjpktjt0Oa+syCrKWAdSdoTqVajnG7up+6nFX6XXW76s+U4kVOGZOnSblCNGkqUo3vKPInG+rS0et/R2R8y/G2ABfh5GxGB4wsHHyY6PGDyOPfpg8DAxXtN/drE6xAIj5CdwGzGBg5A69ycDjI6c+UfHmJrd/h2rcP/AMJfZghgQwCtHksCMYHAI543fxCu/wBWlV51UMRIJC+VBxwmeuM84OCQAM4Oe3Vh4pY7H1LfZw1lpp7llbT11SdrO+6IquUsswEVu1Ws27XanBaWva0k3dt6q2qOb8eGRvCnidAVCf2Betzz0iJIAGQM5wuOT2ziuu+FvhDVNY+HugahYwmeFNCgleKENLOUCKsjpEo3lE4LkDCKCScLmvPvGxI8K+I2jO5Rod6OckNuifIIJO0+nTg8jaSD9OfslfGTVPg/pfgvxNaaFpOu/ZfDF3psum65As1hd22p2rW9wrqQ3zrG58uRV+RgCvPTgx+JxGHx7q4anCtUjhHywlJxjNc8ZOPMk+V6Xv0flc6MLhaNXL1Cs3CDxyu1ry2pq8uVaLTX0+R5beWZtrO+chwUsbsseVI2xPjjAz/EWzz689PJ/wBnR0fwjcyHAD63q77mOAc3ch28cEevbDDnqK/QdfhRonj74e+MvifovizQbJYLPxHeal4PvZRDqdtcywXFwkOlwtjz7GNCI0bBfK4JzX5+fs86c8ngOR2idxLrWqFREwI/4+ZPTAwDjIU4OcdSDWWFzTD5jm+EUG1Ohhq6rwlFrkrT9k+XVJy87aetzarltTBZJi5TjFwr4uh7GakvfglO70vJJ3s9mne6ufRyahDbxJH8jFiFZdpwwPPoPXHrnGD3r5k0+5jb9onxs6eWB/wj9pgHgD5VGMnrz69O3evernTLgbpHjmAi2HaeAuMEMpzyAOc4/ACvmDRZo1+PnjdirMzaJbLhyXOAq88Z2jg47A/3eDXo4+VNYvLXrf63Hd2XKoud7201S6bt6OzOHLKU5YLNIKKjH6k3otdZQVtd1d/he3b6kt9RizGu9d5CsQCNuMDPI59Oh4PfpXjXju4E/wAQ/hsAE3f2heDGCcHypDx15IHTOAcjqCp61JpXlQokhOwAbQ2CBjtjOR3Bx2+7znzTxLI6/Eb4cl4ZMte3hCsGyP3Ui9Mgj6kdWI4AJPoZxiIzwlly6V8O1Z9Pa0rt3ta6X333PEyXDShjX7kknSr620sqWl72Ufvbd9NFZ/RNmQ9tG7AKFZuzDggnng5B9DjJxxwAPPfinsm+H/iYkgMLWMKOrEJcIcjp17YG4Y69q762V47RPMBTEkhId8LgkngsRg9CQc9TjivP/iRMj+C9ehD2pL2pfH2iIMF8xMkLuJLYAJAxjk460Y2tSlgsQpTs3hZLWSd5ckFor+Wmj6W6HPgcHXea4aahUtHEwb93TSUWnrbT57rdaW3vC6F/Dmg4APm6VaKSQCM+WwHUc4+UE9/w5/c3VEjvf+CRGt229WNidSduPlQpcwqcc5BUHpgjI9WBH4Q+FNX0y20HRo7jVdLjI0602o1/ArqTGQqthxhuemc8445Fftn4S8T+G9d/4JYfETRbLW9Ovb/ThrRuLWG7ineNjcwsEby2b95j7uWIPpwa/KvECUPqXDMoSU1TzXAuVpXSWiv5PVJu9tLW0Z+u8FU5wxWfqcZ2qYDExjeL96+tlfTrZavTo9D8G9OO+CGNGGPIiYnJx9wHIHJzn7wwOwx1NcFrLN/wsXQEIT59Hvs5zjkLgE4z+PGT1yM101pM6xIYcKojXYGba20qNxC5DHGMHtjk+lcneyyT+P8Aw6zIu0aTfA8AnBC449Ow46E55Py/oVaopYfCJ2i3Uo3elrLla3te90nfZrs7n5/TpNVsS+WUX7Ktpa2y697/AI6rtf0O1t4T+9kUS7mKBCobCk8YIXPAPGOMDI6HPFazYQyeObe3FsnOgvId6ITgKxPGPbkYyAcnqTXo9qsMYEakZJ3E4PB5yQCOnTAzuOOPWuSvoo5filZRZYlvDbdzg/IQc8jsM8HqByRk114uKk8O1JK1eim/PReXpe1r3ujgwVWVJYrTV0J7X7xv01v023dtLmLceG4rn5Ehja327SkgV13E52hSOnfJUnsSByfKNW+GOkah4k1MSWJs5o9NspRNp0zWcyu0rqsn7oqrBcDggfMR2yB9VHSkRNgQ7yNy5XnO4Bie2fy9c9K5SDR0l8Z62iq7H+xtOOArMQfNYsQPvYUY6jjgDGADlicLSrVKHtKcJr2t72Sd0k0ua190nrt3XTXAZhXpQrRpuafsnJ63Uffh/wBu6qzs7vXzR81T+GPH+hlm8OeJpLy3TIWy1kLISmDhRMBvwMYzuO36gViW/jzWtE8QXcfifQporqSxtomuNNBuY/KEgJlZAHYjI3EEHjuc8fYV34cSQjbDtyuGdYz2HccZyRznGDk8Dr5FqXhazm8Y3kL7hIui27gqMbgZOQQQQwxk8gcMflBPHLXwdSjUpPCYipScq0I+zqN1Ka0WseZaaX2sntex0UMbSqqssTRpzSoylKcUqc3rB6yS67O6dmupjaP458P6pKkcGpxiViq/Z7sm3l353NhJCvKnsBjIwOK0NMliI1oTbJIptSJViqyRMpjwMg5Vtx6jDE98jNF58LdIvZUlureNwzDayJ9nnJPI2TJhgc/KCSCAPpXncHgTxHpkF/ceF/ENxAsOpSJ/Zep5ntZNv3d0zFpUAGEUBuOfUY6ZYjH0qtKGJoU68E379F+801FWlCWmz2vqtrO5y0aGCqwqyw1adCUnF2qX5V8FvfjrbXT3VbueCftF+HrC2vdEntLG2snuRNHNNaRi3ecctl3jwWfPPO0/mc8/8Dfitrnw71mbTNE0mLxBDqhVruz1KeZZIvs54e1nUg9FA2MVXjPervxy1y+A0bTfFNjPpt9A0ssV9AfOs5o2QozQ7m83PmABg+OW4w2a4j4bzWa+KopYp47u2XT2bfEh8xC6NglQdwPOWwc9T0wR+R8QRo1s/wATZunTbi3CUVGUXyRvHl2Tv17W1e5+t5Aq9LKMMpzU5xUkpNuaklJcrjJPRJNtNt2trbdfoJ+z3qGt+LPjXpuoPJd6D/wlq6laXTPJuWxHlukYgxywUkAFvm45yen6rftFWN14Ju/g9b3VydQH/COaukl7gi4mxpUtukj4GQSSWOcgZxn5Tj8x/wBlJHuvip4AjWRTDJdagqI2QwwkjYPcYI+8eTx8vNfpl+2lqcoi+Gd5ZA3N3aaHqtvFEjE5MUTRMDjrlQc4Gfu5rya9qdWEIp8sE5tuyb0i+VdGtr6XWtrbH0EVKUJTlyyb5U7bNtJN+icr33XLZH5s6HElx4M8ZIzMrSeK7C2LMhyFldXbORzhQT0LEEZ3DIrZ+I9uV+IWjRWSfvIvDenW5wo+dURCB93DFowWJx0HTPFbml3mnX/wu8SeXAkFy3jDQjMsKYmWU2o81XyNx+bcBjjccYVafqMQufiTZ+SzSbLXT4GWTBYA6bnABONp5+XkbsMcEgm1Km7OKfvW5rtqVrQvpu7bLVX1drO6wSk3bTm1s076Pl6O22vot/Lyyx1eeLTYNFQP9ln8WagZQfnPypLt2hM8gjGO5x2Oa+kJyovdKVf3wTQLNNqAL5amwY4GDxuJORgAcgtySPC9J0uK+0Lzbdxb30HirxFIs7kAAWqTOVIOMj5So98HrivQPh/q02qQWF9qMhNxc6bcCGTnhLG2lj2lWycke2cYBwea2jUUnFRTtL4ZPRRVkmn1b8rNS017RJNxlFRTvdf3em/bTyvfVMzfC4ihk8NxugYGLxZMAcblwk43BcEnaSc54xuBqC0u49L8P/DXVpBII18RrDLK4IVUN0T83cHA6YJxxgjBFrR4XN/4eu0DeWfDniu5jU/KCSrhSR0OWwcnHPar2mNBN4I+H1rfwrcRNqH2poXUEeYl9GgxgNjCtwQMqc98YbVpczs2nZWSWkknd2V1q2ktU90OLTauraOzetndrV9nZ/NpncajeR3S/GS4JPlXptpY1AGSsioVOdpJDAHrzuPGONunaOh8S+DLeZ1FvP8ADuRZA65BAt3wH4JOSeWPHTnA55/WYUs9W+L9tbgmE21gYI+XWJFRcAZGFAB6HlsA4+9XTQ2c174l8CwqThvALozOuAR9nkOdwJ65Jxg5BAznrlzvkSaa0827pRun23umttLbs3jFqSVrWevMl003ei11u3tutGcb4NWO38VfDW+TE1qt7r4+XKohiWb7qgEgqeTgYOM+1dZLcveeCdHug8aq3jfX1SMZDHzJHC5HY4HIyS2Ac88834U09oYfh5cSD5h4l8RWwxIQTnztvU8K2PmPcYA5IrOs0uLTQNPubl2W2g8f6jDHD5mUUPJIjcY+Z8EYIGM5yKyqbXV1dptapWu92+jvs/Lojemv3kZN6crtu7a66K2uumq166afuV/wQkUv+0N4yzwZvhdOuCcZ8uSXg4GTgAHqM7u1f05upBbcGGHbdyME5P8AdPOOe3GSDkjI/mE/4IVT4/ad8T2YBVpPhnqjBc8/KzsPXGOM4JwMc1/T9KvMpOSwZgcfU9uAPlI7A92PWvCxU08ZPl25Itb7u3m1Zp3u9rvVJ2PpqEX7KErJtx6LVy0td/ck7WV9NNStgBg2cgtnjjI6f1PHGMZ6tSMu4L/eJI+UqRj3AzkAdz0HOTgAyiI8AhgBwct2J5OB3HTB9OtOCMFCsdoycE528HqM+uORxyTjqTSjJNbP0XTbVp69/W/VhJya96Pu3inZar4ZNataSfu3u9V6IqPGAQFwSD3GOpHB/wBnuMk8cnB4CFCGXjpgchcerNgD3x34GDnpVwwsApI+Y8/3gxGGwR1w3A+ucdcBPLY5AAIAOck5AI4IBAC4yAO57c1opN63ei10f8qvtfo7eZO2kYWlayTjd3VnzX26b9ZWbVmyqVyCcDGQxycAHox47nAwpHb0zkYDIzjIJwASScd/bPHqBznA5qcxgYG35uQeuSPqOcZ6gnp0yKiZNp45BxwTjBHHf0J54BwM8knEOUlZ3Vl93S7V09Nfv6Ozu1FpXck9W9HZvSKe+rt6db26ke0Egtt9hzwT09ieT+J9QdrwmVHQneBzxngDAwAo44HX356vWIjPGOARnnqAM9ew6DtgHgjiQIB0JJ2ZGAB9SR3xyB6nHUnFDm1yWlr1urq3Mm7fOPbvtuK0bJ2XNd626JL7tel3t3TITHwQBweeTkbQcPxn26cgH5ueGpoQKQ2FAJIYcdMHAJGdx9FGdo/Wxt+Ut948DbkjOe4yTySSCcE9RyQaDEGOcEDJyOuBxtzj5TxyWAIAz6ZEvm5k7367q2ttm2++vrfsTBSva19eq32SW63VvzIFQMhYEsGI4HAAHt6gcjoSAPWnBAOSep5HoMKVJ6EAAngbcn7x4IL0jVW5LYBOCc9GyQeM9Ogz154+XNTFMKBnGDkgHnAGeRgHGB3Py5HckVfPdrurW1vZabP9F22sE9LXV2ru260tfZfdt89nVMYbfjrkAnGOBjpjAY+g/PGOIniA+bAzwCAPvAAZIwOcZBIOCcr06C2AQGZQMZBwcnIJ55zxnr19M7sU1kYjI9l9Dt6Y68ZwCT356HrDk7x5bp2XXl3tZPR7XemqtfVvQSk1tpbltprfRa3XTVWt36lIjBweoPGcZG4AjJ6YPbsOnWmbTuUFcMM8kZOQOnOCMgdevpkdbXlk/NnABGQSTkjqAM4wQTyfbHJAppLADIG4cYzzkY55GdvHrkcHI70nf4mm1vo3qklppr1d3r01CLnJ6td3eydtHv5/jtvvXKKT0GGPIAHcc5JPI45zyeM84xBtXdgYztbnHGB3wepPOCRkfjVgjIIPLH5sdB1wTnoO+Ooz2AwKjKDcMZUcoTzz0z+Pb355FXGejV5X0eu9vmr9Ojtr8h3u9EtL3ttrZpXvd7Wvb5blNwQw24YgfN0wOR8hyCCTg9COmDjqGbDnnpz09+wz1PGeen853TA3KMEkgt23A4GMnBznkg5Ge56xlD8xCgHJIAJByO5OMbSDjGSe+QcCrU5Nr3mkle+l7uyeml1ta19E3tuuVaXTvfXz1V9Wr7W1XmMMfJIOSwAIGBjnrkjC4B529eSABxSBVzkYGeDtwuM7ueeoIOMYycA+tPZSAwyGwNxztAYHrwQflzxgc5yMk4ybGJGAcA8AY6+rYyB7dVHIOOzU2tG7JPZrS2iTel9rt3X363L301Uey31S83u9NrO93qR7Tg4OcE7QTg5wScgDHP0J+Unmm7gWUYwT09ABnoeRx9eN3vU4jJwGGWb58E8YXHHYgdOOCCckYqMxEkdcE8ccdfmyc4PbnjnGO9XGUXJJaNau/XWOvVt2u/lb0lpKN9FbXS+2jb9bvX8Ot4W5GFPTGF5Aye/GDnHJPQce4MZUE4B5wQW4zjGV78bj64GBnbzzYMeDj5twPzAKOBz94AcnjOATzjdnGKaFPHH3jjOCGHXknnGRjqBnI5ya0XLZPXbVbNvy777XVvmQ7fdbfTs9O+qVv6RDxhgQd+3jjB64P3geozgg4H1OQ3YWIUkDg5x3J5HOPp06nkZ4ItiLduzjrt6nPA3ZGeeQeWAI/Gk8rgY5O7O5R2AOcjp1HYZxjBOc1XPG2l0/w2Wnp008/UjlTtp02WjWz36+d3s9FfeoyFTxgkY5yAOnTAOfY559uaUAkAjuCRjtknjB5wNvB56/TE7RnJ24OFA3HcQORgkZBGc8Dpg/7tGxguTnABAAAB5JJyMEng5HQZznpxm5PS/lqnvta+/5qzfqWorW99raW0S0a12+d9el2QFRu5BzjoR0+82eByCB7853HPCsMTKpOGI3ZABGBkqCM/eOBjhumCBnPM7gndgnPCbgQSMhiMKe2eCR3J6cimcYGOvGQGbJPGTjoc8HAHPHenFybdtE97KyV0l3TWl3bW7v2ZnKK3Sei6L03/DZXvf0IgGHGDyoAA+8Nv0+YnA57nBydxpjMhUsW5UgggDqSMggkcZHBHJ5IyCalJ74OQxJJ64x04wwUccjk5G4EgCmLHkMckkHoQVBBB6kBgcZGOwAzjgg2nZa2tdJK+unKtrfO2j6NEcie61T01S1Vu73t91luNCqxwWIDHOcfdx1GM/e65X0wOOgXYPmO/cDjAAPfoM8cAZ45Gc1MsYw3UYABI5B6nOfXPsARkjHSk2LggHtxgnIHoAeOpyc4I4B56Lni9L30u7aWTS33utXs3q7b2tMqd18PkmtN2rtdNbL+a2i96+sKozE7RyuAcNnJ5xkk8jtnGevOOrxDyzqCCxyAcfp6dOh4z0/ioI6E5GeSozhdvAHfA4xnpz1PGAsc/KeBz1JJyO3J+VRnqMk9/l4lNp2SS7307Lu3prb0dxwptrbzu3fVJX2SSd+i3362Aoc4Y8kEKB3z0wC3zE8nv0wACaYVGArEAj5efUkjaATj2Jx26Z6zBg37sdRgK2ScjgnaD93noBjnrgsabIMhiRtKkkcZ3d84GPm64XPXrnIqlK9733077JddOr0u+r11tfJFvqr7tO17JecVp10b0voRFVVj1zzj1I9CcjAxkgnufxCgAKwwCpXnIJIPykHOFIKnnHfPJzilVPlZzk/KuNxH6DHp06kgkZzT/LwoySTyXG0jcxxyO2cZHQ44yOOTS6afwpN31v6Lo9t79tNLTotLaW202dm/S9l+pCXAwcA7sDqOVBxkf4cEjJ6ZqJpMkID0bdkYIC5ODzyTkHAxgdOnAkaMEsCTnOMFSSueRzjHoAe2B6nLPKCZyeScArkE4HGMEYYfN9RzzVJ2Wru9Era/wAq0XbZ2tbS+1kJuV48rT66320tbR6/mrK3VKDyTwBg5CjB3EgADaf4ugPGME9cEsbGcjbkMCGC4ILYyT64zg9Rk5zj7sbJgksSc7hxxgjBHT24yeeM5x0iIYjHzAcnHqfQ4xgcZAPB5OeeLim7Po0rN73vF2tZpt23/FtNmbnbmTXlbveyWq23u9+3QVjgYOMs5IbHJxxkY4yepGOfzFVyvLAjHzAZJJ4OOvYZBB4443ZJxgZjgZAwMgEnJGcknHf/AGcc5P1whkDA5HVMDcBuypwM/h36ZxjFdsXZK7ad0lrtrdWt10s76x20bRh7NXvZXaV21fbZaNbbX+6w1l2kjOQM4fHUdAOAck5weRtBGeAAGKoAAI+YL93BH3hnkcE5HII6Hg8UHcNrHcuQqqSeFz1xjuSe+R2XIpWXkZORuCj58EjBGADkryOM4HHTB4tXdte2qXol30t6+W5LVnorXabfzTaWq+9PT5NtXwSUHLDaQVYYJP17YbkAEkjvnNVZFO0EFsZOT94r0zjIyeScjhs4H1mIwwONv1GcHAw2MEjDEkscDAIzj7zSrEYxuzgHLDOWOcDnjvyAey9OKa62T623fVO3fS+9/TVA+m6Vlf59vzst9b+VEj5ht5wSRng9RglWzkZAA4OA2MYzSqGyTgJgA5Cr833SBwCckg4+6M545AqRgQVDHAGQTnGOD7kHOMHHoPao8BRuJwMjODz83qPccY9fXqRXsk1JpbdnslbS+t3fbXzdxvmV90tN3e+zva/VabWtfsOznCjG4gnPzZznDY9egDDvz3xUQ3ELgYbkZB68cgds5HCnHB44xTyBtK4IwWII6gE4GV6cgjnGRjsAAFwwyoBYjoC2Cc9e3LHtzt2j/gRuLu9eZttN+8o2vbVqzv2fS131uuVqopXfvRb1VldXt0jd6d038N+qvWKkMu1VzjLjBwCenOSByMqAMgjgDOKkAYqCSTktx8vHGcemcDjnjBHXgvaNjgHjBAI3Y4AJAZsnknljn1HrlgUkFcbVAY7SS3XgnPXBONuSxyevc7x5Elyq+2rtdq0Xt1a2XktGi4xbbut/Pq2t9ter262TRWcKQBuIAI4wQxA7+nXI98g8YzURUbmwW6dAM4LY5JX5QM4zjqcZJySH4w4zuHyjC56+p5HQll6g4zyM9QoQSv3ScAgHr1z145459ccdKtaWW9lt16K/ouunoQklq0/dsl0u9Lp3u9k9m7O176CRjBKg4yOTgEZ9Bkc8AdR+A4BcdwG0gEllz1BBO7k5PXGCew5A5xucijeuVfGc7lyMjtyMZ9yOg69AKXYxRgGYEkck8ZXgg5HTJPTsTz1p3+X3/qC5UrO6te7TTsny26tO1+jtr8Ssk2nlh2O0545z0wR1x1Gee45xwhC8ADAOPlGOSOoG48enPU88nJp7BuShAPXC4LDuQc8A8ep6cimFXBHBLYyozjII5IJPRQOMep4xmi6ju0radu1rNfJJ6rXUq0OXRN3s9Va90ktLSV7X0b263VkgGeMryP4eCc8rn0Oc9CB+mFJ+Vt2AMbcck7ucHv6nnPH0ppUkE4PB249DgHJbqzADPXggEEgkA2nJ4IXAOGHJDZ6eucg8AjkDgcmZOXS9rrVPW1orT7vwvewWcfdd07XcYtJNe7ta91volppvZoCBk4BOVBBBIyATj129cAHGeuGBpVAB4wDsJI9Sc898DJLMME5z1zUixHDA5I25HPJz0/qOCccZwCaXyx1IIH3QcZI/vcY64IBPXHpyaV01a+t1a63V4991te1u9iZK/faL162SWmvfbyX3HykA5zkDJII6+nfnPQDt6MKOgySME7gCM8E4AHf7xwOT1GOMYeARyAThs9CRjrx3HTlsbRyPYMOWLDAU5KoQ2QOCSRx2wegx2HUGi9rWW9tLq+0dPv09NXq7gne1o7NdX0afZat+i6W6iEkEbjwTuGRkAn3OCSeeCODxiomwwx83JPPKnIzjAyAB8oPB5HANMyygjjDA4zwQVJHBI4BHcHuAMAZCFyecEkfeyfXJIPXnrgnueeuaTjZq1+n33S+L112Er6bLa9/e16/L1v53IWjA3DPI9RjoeQB0HJ5GRn6ZFRGPIO0kdAAT1DZJJ7Y6dSOfU/dnk3H1K5IOOo3AnliepGD3+uSKYAAQOQAxUkgjouSMAducDoOFB71a1trq++it7ut7efX8rWN36/Ja/crfhbyYgXjHJOzp3BHAA+XGD9STkc8kUu1gABghlwAw+YYI6DI+YDnnO7OeSRlRnKYPGDwc4ABHU5HXuvToRkYNOAYYB5OQVJOBt6HBBJyARjIJzjjtVdVrrpa2j0avfVrXXV6rS1lvHKteV9ldadFov7vVK/lpd2YCe55yud2Mt2xzkHOSc8bjkU7f1GQQTknkbQAfpx0IPQfyYQdw3Hgk5+YHdjOMehyPmA74OD1DRESTgHDg98ZI5UMBgfd46+vQkVSduWzbsldejSt53dk2vPe4rWWqu1Zt3u72XlZpXs9LWd+47AAJ28NkkDgckY46nPvnqeKXYuAQc5BAGSoB7dugwQTnjPB701VZQF7FeSckZ6H2zx17+merweWHHVcD5SRgZ5xxg/NjGARkUWTXwpOzV3pty3e2rtfo9rN2unEkr7W6WemttU2+z39OwxlBCkDggnqR97+LJHGMHqM9Tjmo2RMoezEjg52gdsnIIJHTk5609t2BwSu85Oc5AOQcD+EYGD0OTgjswg5wc4Hyt1wA/QjIyDjpgcHdnBoUY2tq43Se6/lvfXrayvslbZ2M2lzO9m2162013V0m3dbNkJGGOM7cliwGQAMYB6k52nqCB1IzkBpHO4AAjrkYOT2A/iz6k4+uamKEsVwcEsDjP3l4OMcKeh47HIGSKhkQliWB+YMeuFHPB2jnLDAJwORgjvTu7pJW62tbo9Fr1s+2qvZ6oF/hte9+na3reyVra69N4vmzg89AGPJBHJx2GD39emO8m3BJIB3dyOdvHzDj2wcdeB61EQyszYOAdy9BktzkcnoevXgcEYwUEpAwevc8kqrevfdkcD04z1JabaW97LoubRrRpJu7u/k9O6uMW0rJ289G9Um9n3vd/PyZIOMggkkjtwGUkkjHU+hOeencxDgKMnIGDxgDJOMHHUZ5JPHHTHEx5GACSSq8kgjJOCO2cZywGM98LUMgYEFOBkkjA4AUkAdtpIIwRkj26vol1ilouXS9tmrLZdle+q6GMrXe7fbTTSNuytuvW3TUCPvAk5wDjGeh5weoKjB+UjOAM/eNC4Hbkqd5AI4/hAI5GSTnPP4YAjLY3ZXJwBgEhmzx3HAGBwefT3AGyWxkjGcsMrxnqQOhPXtyfrokvO6Vml2ur6dLpW0tt5ijB3enxf4ei1u9Nr9ZNXSRKWVuo7Ej/Z4ByTgk88sOTznGKcCg2kk/MCAFDZPbHQ++eg4xxxmMISFzwQxVepLBgOSB1YgnqOfTngA2tycZUqR6AH1PB7Z6EZIJyKpct1bsktOl4qzt6WWyV+ty4qOqad02ndPTWOi3X2bXu1dO6utZwoxu9VYc5wB2GcHnHJyfTqBVRid5GSVwBu6McADjGMdPvDnB475kDyMpI6FckFj97JznPPQe/pwScw4JLYVe7Zzg/MG9TxnnBOCO2eBXPO7enpez0X7vS93fSz/vWatd6aWfu8vdfhb+teh6F8OwB4lt8cf6Led/S0Y/59frX8cv7Vk8z/HTxUIl66t4yDFmAUbfE8pODwPUkHHOQeARX9j3w1Ct4ntRu62t8x6nk2zqQO/UY9u+K/jd/agKN8dfFu9G2HWPHSlgTjI8SznqOeCCcc5I54r5rNEnUrrr7GDv5K632er77bHuZem1S/6+JbK6dlp01W1/xOku7kJ8P/GkEZt2X/hGdFD+VjhTc254753ttIXGcE+tfmD+1QIvsvhmJlUGXWrQsFxxtjU/NwAQcEndkHjJ5FfpXpkWmzeBPG/lmQzDwxpUm85ID/aYQSe2OR3OMdutfl7+1vP5Q8NxByqpeRSGQnLsfLOSMc8ZxnHqMckH3uE4RWUYmbspKtotX1he/TZa9En5ny/GvPLMaK5U06EU2tYtpedru2/burXfjy+Pr/QPGWjapaTsINCu7G8MSscOkLxiSMd2JQODkegAYdf2Hs/jl8OYPCuneMNT12x0yx1OxhuY7ZpkkuvMKr5sItoyZPMVhjBQksT24H4UaPoWueIr64EEDQWzKAb673Rr8vUoWG/GcnAztwF254r2HR/Dkdjbnz5TdvYpIG1DU5tthbdCTCspCLtP3cAdMr1r7LDYudBznFR9nNWvLSKaUbtPtZ9uV7OWtz8yqYSE1CnKTU4zdoQ1bfutxb02eyW+71Pp74mfHH/hKLzx2fBkMlrper2kAl1O8DJNIltHgNaxEbl8wgkBsbTycDiuL8BTaNY6LD4h8S6lsmS0jeS61KUzTuqklVtopWbcONoCKSQcDAX5fmHUfihpejw6lY6PG+vX8scltcXW0rYW5L7dykZDBBx3BPJPOK+k/g34Ci1y0sPEXjHztXUw27WEUgP2C0SUlgiwYxMUPG4qRxjOeKnDY+9dwpONWbpybm2vZU/eTbenvNXulsmt9jsnl8XRhOvzUoKStBL95Udko2/lvG7bdklpy6ov+KPF3jTxrp0MPgnR7jTNDh1K2jfxNq8HlmTLjabCGRVD5A3IQox6rXpHhD4LafJeHUtclfxDqmDNcalqZeZQ7KCVtoJSUiQAgrjC4XaMlaufGH4m/DvwZoOl6XPqMAmtr+2lGi6aY7i9uVg42JbQbxbkHhTIqjjOW4NfHvxM/af8SataT6dp9xL4I8PuGUWluRJ4l1OIqFU3EykR2isARhSGAJ46V5tbFYeFStVxNR4iqlFQpxd4xfR2T5Ulq7yadtutvfw+Hq+xpUsNBYajtOWqnJNRt7ytKTer920V2sfa3xL+J3wy+Hvhm90X7bbX2t3FkIINL0tkubt5EYErK8YZbWNcY+fbtBINfDHxL/aU8V65pscNrfJ4M8PmNYYdP0+QSaxqCKgRnlugMRbgP4WAxnvXgOgWfjT4hSX0HhbR7zb5Ms1xfTtK7MqBmaW71CUl5AQSTHG+MEqM55+pvhD+ynpmrw6fr/jm6k1i5nj+0Q2KM62UIWQgq4wA6ZVgcqQ2OeeR5MHjc1xbo4WnyOcb3VoQjGLS5m7c2z6b31Wh3Vq2EyzCqpia14xktLKc5TslyqN+SOi+072V7a6fKugWfjb4gaktr4Q0e8lknkMNxqTpNIwEgxJPc30wy0hyGYRybR19M/Zf7Ov7Ieh65JqOr+O7mbVL3T9WktTp4LLA00QDyySsSGIHZAACpAGThR+hfgb4feFvC+n2lnpOj2VquFCxwQJGgwjYY4+ZicfNxnOB0OTB8D4le48bu0CoB4t1LZtIK4VVBxt5VcdhySAQPvZ+gwvCkaFbDzxdR15S5r03/DvZO/Xo1o/V+XzmK4pdahiI4KHsFaFp3vUkpSUXd7Rut0rJa92jvvDngTw/4W0lbDQ9LtNPtIIlWNLeCNAQPlLMw5dzjGW5PXLZxXnHhqyef4yeKEUbhFo9qAAO6uxAAHPbkHHsQwr6GmjRYyoPyhMlcnPJxjsDtyODyBzgbiT8rJ8QtL8HfFnxhcTQT6leyWFpDa2OnoJp5JHkK4lblIkXoWduDxwCQPqYYejhHRfLGnBS1skmrJWVkuulrWvofLTxNfEwqw9+pKdN31d780L8zvfbVyv91kfWDQiJBuC/KgJLkAgDu27IAHfPAAPNeAfFTxHpcWreHbSGRdUke11m2ngsT5/2czWpXfNKu+ONQOCJGUgAgAZrN1DVvGvjqRTqTvomlOymLSNMZlneFucXV2MFXZfvLGcf3hgAHg/i/wCNPA/ww0PS4LyW3i1KdbmOHTLJluNSuGkhCg3RjLShS2MmfG48jqa61m0MPUThCEU5xvOp/LKcU7RstVdqMdL2TtucEsheLoVI1pSb5XJU6N9ZK0kpTSto3ra9lpzW1OL+B8moXz+IrWLU5tPj1vVNQjuhBHHIwt44Wt2UOxcZMKgdSAfugYryDxlpkcGvTWceoalFHafa4I1ZtyyhJHVDtBK8YDEKNueRwCTz/gn4keI9Js5ZdI8E6x5sl9dzrKZliikjnZmTaAdygq3UjHIAHIrB1XxX4w1LU2u5fBLxyBZWJkvCAWZyzMSzhjvLEEANz29focPiVS1UMVOM4K3LSqtW0aaainZXb009bXPg8blanOMFWwNFxxSklVxGHv7vIusntqmnrdvTt0/wI0PU9e1bxJp9trl7pzC8mM8kKwqZRGHKhgwxuyThsHcWz719QwfC7TGkjOq/EPW4S7Rw+XGwJzgEqVT7zHOAfTIBzyPgr4f+NfFnhzUtems/DkMj3t1J5xlvZYTbSHIKgq3zAjrzgjBP8QPpNz8SviNdNFLb+HtDt5Y2DiWXUrh3ZhwGIJIBGMlsjOcniuOhWxFWhGMaWMUFUmk1RqtO81r2fzaW93dM7MXhMPRxjnUxGXN8lJ2degteSCvKyc3qurta2jTPpjxJ4A8NWuj+IpY/EHiSWSz0q7KzyXUscUm1GwDGXBkDNjIT5yDx1Ar7J/4JseKvDHhv4h/DGbxj441vSfCqapbSaubLUbu2ktbHytjQRqrqH+0nKSOwbYCefvCvyW1D4gfF2+sL+3u9S0K2snsphKiAzP5ZUs6qZASGIOM4GCT23Y0vh74n+Ldhb6bcaT4k0bTWW3aG0Y2scrRxOMEsCpBZicZPOBjIJNePnOBq5jTr4KWGxN8Rg6tJTlD3k5LlU+VtpWbut9fQ9HJsVhstqYfHLHYJRw+Pp1Wo1VyNxUH7O8KfX4ktknbq7/2A/wDBS+++Evwv8LfD7xr8CPFerQ+IfGFzdalqF4viSbxDD/ZQgYW7vbSTzNZTtuWLYVRSTgcdP50P2hviJq+u/BueLUNV1TV5b7xDa6leafcr5UUcsdwpWZtuNrMSflPXhgOleNp49+P99ZvY618UtMurJZUKRy26StDHGRiKISkrGg5OxMDIAIGTnzH4sXnjK80CUX/j3+0IGuoHewtrO2iieQjhlMY9vutgBscfLk/L5FwhjMlwCp1MNKtVhOVR1LRi0nJOKl7zfux+JrXd2R9HnvGGDznNYVY46lSpVKdKPsoupUTldcyVocq591drpp2+yvDXiTUtZ8O6S0ehxrMmm2KwCSR5FdBCoU7SxTOADtIyM881tCfV2CrdaXYWzZ2oGtVJbOMEbQeenXdwc9OT+e2naz4ttdPt4oPiBrNqEgiKQxLGVjITZtVh/dJwBx0xgHgNGq+Lbp9l38Q/EswOcFX2tgkkEFSNuclgentzz+jU6GJnTo3wM4PlgnepFO3u3d1ezad1a2nS6PzHE4nCKdVf2lSleTaSo1LL3lurJuStq07O3ZM+h/2ijfxaR4Se5a3jgTxfp5YwQxxhVdxkENgsCM5zhQQc8df05/Yk8ZfDPwP8dfhVr/j7xVpHh3whY6rBqN/rIu7NG0poIhtkcPIHwzEF4u2SwGSAfwc8X6Pf6jbab9u13X9TD6jCqJfXshjyOS6IXIVmUMwYDIHfC5ru9O8I+Gisa6nbarfW4MRmjl1aYIWOMgKJBgk4IwCO/Hb5fiXIMRm+Fx2BhTdKVah7ONTmU5U/aQSc9E9t+u1r22+m4cznA5TVwGMqYl1adOtKcoQpyUanJON4tOS5Urcqbu9n0sf1gf8ABUD9pz9lz4s3PhQ/Dv4+R+L4dCsb281GJtWiis/NmAKQWxaUMx3KC2PlBGRjqf5WfjR8TNM8Q/FvS2vfEn9qaTZaFew29xc34u4LbcUCQwyBztAUgYGegNXJ/C/w8Hmw2vhYMiQYjebUppQMZwx3SOBnj5eQefu5+bxjxD4V0NvFWjrHpdhZWrWNzm2PzhtvKu27OSccknng8dR8xwpwVmHDeHo0VKnWdKumqlRNN+1mnJOy2XMnrK729PpM+4tyjPMbVq81ek6mEq3hH4LU6aTacm9bK68l0vr07+Jfh5FGXk1jTskbjlC+D15A+bk4IAHBJyQCBWVJ45+HsFs4ivLOWRt65S0fJBHJLYbJyMrx36ZJpv8AwjXh9FJ/s/S8KpxiDJ75B+QEccD3yMnnEDaLpYhIh07T14JBWzzkY6DKE+gGD06Gv076tmk5cvPg4Lq405uT0S6yST6X39N18NHMcmg5S9njaj5etSF1e3Tlb3372SWyZwNt4y8MR+Lr2+kInsH06GOJjauzFwcYKKpPGBhiFByfbHWzfEjwYFKRWbtIiqCE06U/MRxgiMgrzzjHI644rl/7Njh8U3jPBDFGLCHYEt43Uj+8qhcDjtkE9ccV0ItY413xIzlscLZrjqTgnaMcZHBP4Ec5UcqzCcJuWJoJqrJaUuaS1Sdv3j310s+l7paduI4hy2n7CEMDXqJYejZuuo2i4rRpU53utG+rb0uRRfFPQw/l21hqCp5gTbDYzbCMYO0tHznB5OMA+lcxD4pik1/Wr2LQ9Qu0uXiRYTAA0QAXDMCOB8vA6be3OB3UNlesqmCwnJJJX9woy54UqTgjLHtjgDHbOVpWnag2r6yDDcpIXQSKqgliQBs4+6QBgdMk5yOomplWJ9rhIzx9uas1eFJRdowbsruy7edn5JZ0c/w/s8bVhlkrU8NBpTrTcW6lWlGz9xNWvfTtqU5PFmqosf2TwTLMQDtacRJyAdvAA4I+XnvjpuFVp/EvjKdC0Pg+1gJGAZZlAXg5LAEHPfqM9c5Ndy+iaj8hNresp3AbmIw3bndwQxB4Ayc5+7ipzompbAw0+543E5ckHaMjIJ5wQDnPTBHBAX0Y5I3FuWZV7pdFSjHWzWrhLVJ7au/TY8//AFoqXUYZVQs7NxftJaXj8T5tOjv1Xozy3wn4h+Imn29xFpEVjFCb+aSXzdrmOckkqpbJZFO3GMAnntz3sfi740uTJHe6VboVOC0URzyegXoFGMEnOMHPQmr4WsJ547rdaSSxDUJlYIuAJcHKAggZyM4yMEsOpIPSzaTMkqq1pdKN+AoYDKnnB54I78449OKvAZTD2EXUzDE2fM0o1lF72tdR0032+TWk5hn1anjaio5XhL+6pSdBzbbhBu0nfbbRNu3a5y+oap8W7uyuxe+JdNSF4JhPGkMfmOpjbKK3zY4J7n5jtPJ557wuvxBfR7aKDxgllaASLDbrGpkQ+awJ38kZxkjIxk8ZGR399ppht7k/ZplCQSlXZgwjHlkbiuM4IB6AZyckZwMXwuAdGt5QJPlaXytkBYyASHdggEjgHnJByeuOWsrwcMfQj9brcro1LueJk5aSpp3lde6027Xs/uJlnGYSy2vL6jh+b61RUIrCQceWVOo3K3LZu8VaVr62v2zptD8YyuGu/HmpMcniJSq4YHGB68k/KecHPOAOb1fwjq8sU8tz4q1uaIQOWHnFFkxGTtILFgMDB4J65P8AFXqkzxNJ+8N6AApAWBySABkHC84OD0Prxt5x9XvbEWt8qx3RZbWYgtE+F/dsAcNxkEnA69AOa6K+W5LFSnUxScnCWssVPWyV2k52vorJWSu30VvPwma545U408JyxU46xwkE37yVm1Sfe+lrbvocN4e+HUOqaJp95Pq+qL5vmK0KjeAA/wArLuIK543YA+Y5PPBvr8I9EhmZnu9UmY5BPmEBuN33gcYPJwOPUE9Ol8G+ILRPD1hEsF1K6B90gZY0++QQ4dhySMA4HOf7orp5fEVv5pDWbqMZO67t1JAB4IL5BwDn6Z5A5KFLheGHwzq1MO5KnB+/Pns+WL2cm991bSxni8Xxl9dxSw9LGKmq9Tk5aCUXHnstVZW1VmvLXQ8i1n4aaJa6Ve3Cw3btGokjEspbDbhjK55H6cc+o19L+HOgGys5m0yJ3ltY5GaUuS7lcjgZwPqAF55ORV3xb4tto9GvgYolQoAzi/tnaMbvuqqSbmY4HQcgY5wcU9N8fWosrNGtoVCW0QVmvoF4xjcQXBXIwTkYBI7VzyxPCdLGXbwzisPG/uKV25NaKzV+VW922nyNVhuOq2XJQji5VXipO6bUlDkg7JqSury8r2btfQ0E8A6SJB/xKLIKp6Alsk8c5JzjJKk5wD0HIFDXfCOk2WmSSR2VrG5uIQvlIm4HcFYMcE8jjjAxnnJ3Cb/hYtrEWwdPhKk/NNfIwxjr8jEkAYJwQfqc1y/iL4h6ZcafJGdW0tcTwkrbb5pMBhnoCOmPm29cE8nmsTm/CkMNVdJ4XndOXKuSEdVy7XS0dmtVrcyy3KOOXjsPLEU8bye2XtG6kmuT3O17pa6Xt5WaO5Og6YILdlsLRf3als26kuyp/ugfMRuDEEevNZzaNpoEriytVdBwwhhxyD9wYIJ5GRgFvcEkc+/j/wAONFHGZ72UhEUsJ4EjYqvRVZwQuQQBxxwcsMNmXPxD8MrEyi2nkbI+Zr2AdM5AAkOOmCTkZH0Bv/WLhajCLVfBxbjFKyjJp2imrRi10s7qyfyZ1f6t8Z16kl7DHP3na8pRS1Wus/NO++zs2X9Qsra0S0byoo2+2w7NqIGG1mbBPyk54AGQOhI9OsFzIUIRYh0ILbFIXG0g4O7O0dOmSSewrxTVPiToDxwJFY73jvFmw13GflTBK58wleeBgjkY3DqLj/GHQIgA1ppUDY582eaRycdxEXTIGOMnHbPOfLfFXDtKvWksXS5ZRpqPs4SeqVt1DbZrW/ZaHs/6lcVYjC4eEsLVc6bqXlUqJP33TtvK/R99PuPWVu5dpLTQs24cA5IPOTxkd8YPB7ccVh6i8s32PfI5AvkKbIz8pJY8ZBPUfKCOemMYry9/jjpUSv5UejdSQAty+cAnONhGeDng4GAcmsK/+ONvcC2+ZUWO5SVV063AaMjksDKo3DpkDnnpycc2O4xyCWGnGGKUptQ9yNOV5e9CTd5W1smk2u7OjLuAeJ6eLoynhlCEL80vaxajFwt0tezfy9bH0Y1neNmSOznmG4jLK+Dnr0GPY8c5wcciq50q8cMTYyR/MB3AOenBPTOR04wOpI3eAv8AHOG4V0Da9KmGBEeyMYKjqq7SCR2x7ZABrPX4wu7MItK8Q3I6FpJbgowPTlSSRwCP4R0x1qnx9kyiuSNSTUUklFXdlFK3LGf/AA7fYzj4ZZ9Kb9pXoRjJ/wAyvq49ZTSuntt9yTPcL7S5V1LRGuI/LAvRgME4+6C5J44Q4OT8or094LCISebeWKEMW3STxnIPHAViPvD8O/OAfjO4+JGsX9xZxWnhjVGuUmkaGOVrlhLleUjDkvnLckE9effci174o3EUiWnw/unBPyiS3mYpuAJVjIvbIGMkD6cVx0vEDDxr4l0MurVVN078lKpKzUEndOGi66eei1v6VbwxxNXDYOOJzTD0JUlUScqlOKalNTfxTbVr/K3Q+spJ9HjjQHU9OVcLuK5cqBg9SOc8c49cHJrn5bnQB4otnfUYGiWzbc3lEozZYYHBG7bjocgli3O7Pg1vbfHe8t98PgiS3V9pDNbRAYwOcyKG2gc55xyeOCYU8N/HHUNdh08aVBa6oLLzlicWwAgJPz4UgE9jjBU4HNY1+O61Z01DJsSlGtTcGsPWTbTi1FNuN7vV8va2i31w/hthsP7VVc/wlpYepCbVen7ilGKc9G7pb3f5H1QNY8HqrbNRyeAAtkzdDtYcpnIIIHOMkEg4Bp3/AAkHhoSJGLq4KhWJAsyMtySeFBA4LHsR1IHB+a5Phx+0QItzNaQKH+6HtVIBO4HJPTHJBPr1qV/hH8eJvKkn1i1jZ1IK/a4UwOhBKMv4E7uwGecdK41zZtOGQ4t+8mkqMldXi3rKpo/Nrz20WH/EN+H+Vt8S4bS3O1iE7u6SVlFb7eqWmrPcv7Z0c+IrqcT3EdutpGVdYHDfK5JLIoGFBB4weuM4JFb0vjDw8kRJvrw/cClrZ8AdSBuXHGCc7h6cnOPl2z+E/wAT9V1e/wBIl8Sw22oWFrHJPILyR/MiZgVUMrEEDceOmRjII46Jv2f/AB8I4/tHjeEbnG4faZyVHToxwcYznkc5AxWuF4r4kqqo6GSzcJVJylJ8i5Z8y9zWp023tpZpXdssbwHwfSlT+uZ9FShQpxSg535IxjyP3YNu6bd+que5XPjTwuIdtxqN4Qewt2wNpy2R9CfQjPTueKs/HHhq28QXt1NeSra3Fuot8W7NI5UgDhVJwDzzyQeeOa46L9n3Xml8u++IMCoAMFppfl4wQeQMj+LkAgcjk5if4FlfFWmaIPGMt2t7p8t1Jewy7zG0LECNeWwD1AIHAJ5xzGJ4h4sq1cO5ZVTpzjiKapqU6S5pycYRvappo9HtdXuXhuFuAKFHFqOaVqsZ4Or7ZqNV2pU1GpN8zpJXXKuVe83q97nscvxW8L24DJPfMQuHxbMBnkZG5chSPY9f72Kp6N8fNB8OeO9C16O0vHt7eOa21COTETS2UpDP5PmdGUZbae4wOcYxD+zfZhB5ni7U33EEgPjYMdW5zySMYPBx1BIXyrx/8KZfCd7pMOgXF94hvbt3jFjcI07S44xb7d292HO0AntwTkznma8aUsBOtjMLh6WHp1aM5crpTmpqdNxShGTk1dpOyd09H3XDOS+HNbNqVHLsTip4upRr04qp7WnSlGdK1S85QSjaN+Vy+1drRO36f3/xP+D/AMUvA2r/AGWDS9XmnitobWO4ijkvYd/DwXIYechJOFmQBVCg5wa8G8S/s6axok+lah8I9Xl0q61K0GoP4evZN1nLOuHMMDBsMJM4xOxO04J4zX51QX0um38j6dfah4P8Q28qx3Ns4ligkmjbcY7i3fG2Pd95XUKvXIOCPtL4cftaarod14etfilpj32m6Ysdtb+JNIVZMRcDzLmNcqNuNwwSdp5BxmvDwnEWWZpKKzil9TxCShTx2GclGnK6SbcLyhK71U1KPnbf7PE8K5rksHPJK7xWFunPA4q0uanpLlUJWpVU00oyhap1V3qYui+Pta8L+N76w8YaRqvgfxHbbE/tXT2ltLR72LhXlKFba4jkPz7X3ISwB+Y4X7W0f9oa9uPBGu6P4yhi1yzudKNvp/irSArXCyM8YA1W0jyxIA+d4V2g5Oe5x5dQ+HPxZ8P+LtRWXTfEdhqd3YrZuDE2oW0Ux2sQvNxC6A8hcAc4wME+J/ED4AeIfAGkz618OfED3ejmFZbjRLyRjPFtUMwtZCSsyDeNySEAqeQOa9uKxlCjVqUa6x2HlCUlXw0oKtySsl7SnFqlWXu3couM1dO+tjwZV8vxVWlTxlB5fjISivZV1N0XVTi37Gq06uHd3pCXNT282fpxoeteGvFvgzSpNH1S01SJdFt7djazK8yS+SqlJYeXikUjlXUMODjPI8Y1WzNv8R/AtvnKppWvJtI5AWNO2MEg9QRyMYOTx+dPh/4u33hfUrCC9Gr+A/EFqiY1C2iK6ZfnHDXNk5WCZZDjzJFTfgsR94E/U/hP45prvjbwfdeKbe2eOx07UoZfEWjbri1uJLxUQNcWgDTwsQvzYUICRjPWvVw2dUMXRwlOr7rpVcPeSTajyzpvlqRd50mrWvJOGt1NnjYnIcRhKuKrU37WNWniXGLa972kX8Ek+Ssm3o4y5lazgmfXd9ZLPC8UsYljkicMjhQGBjYfxcjaOpPPAycAY8o+Gmlx6RotydM2wQWviHUWktGCvaTl23SJcRH5ZUcZBV1+YEnHUH2+yn0/WLKO90y8tr+0l3sJbaRXKho2GJBktGc8bWwykE4rzn4c2cD6J4gikhlYDxHfoO5GWIDA98E8Eg49ulfUVqOHxVahJRpzUo1VzpRfurk0bSs7tpPXVrfWy+VoYnE4SjikpVaLhUoOzcopOErNNLXR7W200SPmn48/DL4f/Efxn4Wgk8KWfg3UrvSNXudR1/wyq2xvJrSLfCZbGMLBlmPzsq5Yk8k4r4n8ZfB7xB4PstR1SaBNT8MWMkFmuqzQvaX5numCxb0kA87kqCwUrnqcZNfp94psIF+I/hdFDlYfDupybSONxQZBJGcHORu/Anin/ta+H7dvgeLlIURm1DRicIigoyJtJ2gE4Pt26YwT8BmnDuCksxrQg6dWlV54umrRacaekkoqL1V9Epb+9Y/SMn4qx3tcqw85qrSrUaaqKrLna5pytJSet0oxSu+VJWSPun/g3fR49f8AjJbbFRLbwpGqhVChmaZjk4+XcwbHH3ue1fv/AKgQJnB7lvlOeDzjkcZySR1A75Nfgf8A8G+EDw+MPjlGR8sfhOIgDbzmZwCR37LnnpnpxX71XuPNZWLYLEDC88kjd056kdyOvcCvKxcfZ4unDRcmAwkb2u7qCa076LRRbf4n2WVTlUwlWqmn7TH4n7N7XdO6S17rfRuzatdrPLAABhkDK845PJHPUnnIyMdARnioJWypOAMH06sBx2bjr0I3Y7kk0rKCSMk7cMfrzjqOnfHGAPaoWyFx1IyT3b/dOSMDJBHPYA4xxEE78yldpppdN4K+l13vre6XQ6ZazSv0ve93olr2WrabfbfUhdiCQAMH5ie+B1JycnHQjOOnB7uDgY6fKcgY9vlPPGduAc5UD5TkZFRshLZ6k4HOCTkj3Bz6ZOME55xhvluSGxkcqTwMYP4ZIwP+A9NxOK6L6Lva6dnvbo9/le9r+ZKsr9evazTV7Wvptou2m6LAYbiPTHUngkggKBkEDrnkDpyeqndkY5xydxwT0JJHJwNuAMYPTPeoQjMrY7ktxnLbegHIJAA55yehGOalVTuJweQNrHnqMcjGBj6HqRkYppfd+Our0dv67Ck726O2t+7tp5W73t56EZBJww4IYnuBnBGewAyCD2PHTGHc7snjOdw46DpyW7ADIz9ORTipU8gcDAGQ2cjHGMcjsT755NRMHyuOflxtJyAMZyAfu9cYPOcf3jTi9nrunb7unfp5bdSLK/y7rdNapbN/5LoI3ICljuxnBIyeOOvTC+wBPrzQpHVsYDjkjBPU8cYODkAHNKFz8zN2YD+XBIJwV5LdAOnAwAjZgH7oU5zhuWzn5uuP7pAzjpk9NU7WurfDr/4DdWXV2vpqkrWbuh3dratKz32V033fkuiV1pcB8q87V28qSx49hjPXGD68c5GaCGUAYPzZBPHLdTye3HPfkdGAoKE8YII/iBB787hk4x90DnnsAM0oB4H3xk4wRlTz0GQcDHIHTv6lvRprS/RpvflWj0WmzSvtcIJK929LW18lslfa9+mulrIdGjsCAcHg9QM46fN1Az0AA7ZyQKmClsEgqRkHruYjgDHQHjHbHNJDkE5JyRkcEtgf1PUgcHIOeMUOzfKq9eXY5+bj6kDGSPXBJ7dM058zaadmk29VZtNJJW+GVvie1reVtxut2vNa7R3te+id/wBBd2WABIOMYXAKgcnI6545x2x1xgLlCpPAIYZB69uOOPXA7EdOea+5hkkgZJwSqksSOgByAFwec9e/Ug3FSAQckFgMYOSOmOpAHUHAJJxg8VpbrvprrbXS22qTS7r52Mn2SVrtq/duL3f6X1sT8Akl+NwPODgDlc8Y7Z4zn8RUW4AkiQnBwA2MMWycZHtke/PAyFpRJkArjlQCDnPzEk5wD6cnPAzyM8uOx3HyqSQSVAbjnjjuQTkYyTk9hxNl00tbdaK9tns3p0vru++bjoujWnrey3+V7K/nqCjkFWOccY4IzywxgYyPXGRkEckluFzgMAcklsnO0rtPGPpkd/Q4NO2rk7euSxOCMZ424x1GBgA4puAQQCVf7oyP4S3J55ztxgjGDkjNXzab3v57+my7LW/Ql007Nct9lvZK8VbRq93v0SdrWum4RsVODkfLtGcghyuTxk/UEZHHA6UxshWLDJG0DIA+X04AUnIPXg+/dXdecDHAUsv3ScAdQB83HX7vGeRmmb19MEDDcZUcDnaMbieDxnOeSead30WlrvXTSy2d7/59la1RSv0ulzaO2mi132te+3TYhYjnKqNx3cnOQRwQAfUZx0Pp2qMog6EjaBjK4wdwJI7HIAJGc8lcnGDbKK2FwQGXgkE557YJ478D15yDmJY1LcksqnDDHABHyjpnGcEnPOSevIcZWdnLS9311bjZeT0179L30ynBavvZ+Wlrrvto73fW3QrZ+bcu0DdjByVK425GOADwcHcCSSe9G47yeCVOeuAM/Lkk5GDksRn17CrDIoDLnIyQDggDJLHJGGGBx1wMcY4FVWUbwNuCO2ThgMcnnGQByBwR6cg7wd9n011V0v637N72OeztpZa2XXZLy27318mh2SdwwoG7BA4Bzznpjrg/TC5pCMALkDezKckA4zyCOcY6c/SnBMbWwNqhnJK4ByT7ZA6cDp16jNNZM5I3DBBHJIO7BzgZ79AQCeeOebUlfl967s9ddbrRu3bzv0stWpakrtu2ySVm3ZRu73a6J9Vp5MYxwQCeArdCeAPu475OMDvk8fxGkBcAEhXG3BB4646eoA6nrkd/mYjAAsCWO5gN/wDdA7gnjP8Aunj2FCDAHJIBHLN/dwMrkjp6dCfRm50XvWt+ndJfffXS+qe5Ld+XfayV/wAXp5WWq2e1x5GFwFHzbhgn+EMCMZOcj1Hb0JJqMbP3eD90/eHRSRkjj24H+OQZcj7vBIbJIz0OcYwMkHHQdc8dMFGQkSbNy7SGxzhicnkkAYHGeP4gSPWrdH9y01fLrrZtPXbS6eqCKvbrvorJrbpr6a6ddL6IwAx8qnLcnnJA7kDPdsYxnqQKQgEOAQWkxg5KhenA9Pu9fw6ipQq4csSwycMAcDkcE4789s5FOJyo/g43DgEk5wxJ4PTPGeexySSrpPXvs7bqzVm1vfy6eoRbvayd9k3Z2Vmtd3bTpa3TQy5A4Zs5OMkLnGcjOSe4I5zkdjntUYViCCzFtqnBGV3DOefYZ5GOwwMirjR4IIO45Y55wV9/XGT0xnPY4qF432rzgZztAITHc7gD7Ag9B9BupOPu/JX6bpp3utL/ADfVPZ5xa1undauOmjsrtPta99dElqRq5XJJU5PVhyT7duTgZPT24IeWOCpC8DjPY8+mCADznpk8+lNWMkNluOCu45POc49MYGfTIJH3qeqDJIXdkYyeNxBHPUH2wOuOwBFJzitNt9l6bPy301uls7pK2jae9nbTq433u9ba723tpcTaQCvLEYyRxx8xAHQk8j5uo9c9GFQFIPDZJU4O3JBHqcEdc4wRnFS7CCjEkbshsg5wpG0DkdRyOgI68qoo2Oy5Ckclhz1I6AnJOD1J/wAKlNaO9+bpbrtotE/Tvuls8+RvlSi01Za6vl93XZa2vZ2Ta26sYA5PXGFHHUN3JA4BOOCCc5H0pGj+ZicAEYH9wdcnAz1H5HnHFSqjAgAAfKM856npnHA57fz6qysGweELjIzw2O3HQ5IJByDj5s8ChStf5ee1mrb99NH6bGqppKL5W73V3d30i3Z266vXra3QqCPDKyjK8A9gcZJz0OOnB6kd+KlCOSTnrgkDk7QTjJ9fbPJwMnHExXk4yQ2TySQCBxyeOwIPQdcE80iKqgEsX4wdu7cS3QjoeM9gegIB4yN6X76X6bpdWkumzSt5FRpq60aTtr/iSuvS62u7tvRvdNmOMkkZ56E5BAI7Y7qc+nTFQtG4H3R98nJPIXJJ3ZJBHbJHyjqCeloI+SQT6DJyQB05PXnjJ9QBg5pSDs7Z+vXJwT16Dk46DtmmpKNm3fWySd29u3Tvqte7Vm5RSstU9LvSzfu63e7Vr6+fkiHylGASBt53bTkgjB69ckfKOOAOp5pR8q4CjK7sE84ZjyAeoGOuMY7YOKlYNxkMQF2n0Hvgden1UH849rP8oGF7defoTj5T3yM7uevSOe99O+tvOyVtXdu2qb+d3Y9nFO6i9FFLbTReV77d/VKwo3AAE7ifcZOBnGcHoRg88DKgc5qMqzt1wT824DgBc4IzjBBAyeBwd2QcGVYmyMcHJyxOcnqQM5wP/wBfQGlWPPLDaFYgsuSDjPHH8Jz75HqMUuZK21tlZW6a+mttO3oLlbWzsl66+733SSeuuu+1lVMYyS75OVHbB9ADwTjj3PTjOalVMqd/IDNgEnAz905APbPOeOegOam8vB+YDGcgbcgE4IPU/KABgdAcdeBTdjb+4Qqc9MNg8kAgMT757cgdacpr1t+aSWnrrrZK2zfSFRcntukmn8tHtdaL4devdthix1HAxtHUHPU4ODn/AGuPfGciJ1ZQSpGOhGMnjqcY5wcDsSMHGBmrGT8o2/OFyeSQc8DJ6kKMc49M4GcwOpG7HzY45JGc8knnOMdM46HrxQqiuld/N7WS2va689dVZroaOLS3vfezT00v0skt9VqmnZNkRHcDeMYwMoDn1zyccjJ6cc5wab5a9f4d2MFdxXHIJJGMnGUzgE8E8cOKnGCN5PIGCBgDuPlXjgEHB4OMcGkO4ggEncAcEYB+8pznkEEHB4/hIHNO+3W73V2v+Gv6b+Rkozbb1srPW3ZbpP12bVr9W2QhVU7S33QCSQxB7KPl49ckEdR7VIsMZGcEAnIQcYxjPJGOTgAZxzz8wp6qWPAPQAgAYAH8PIIyQeSeOoJzzUpJO4jodvA+UZ53dOp7k5PTHtRdp2uk+tmv7trafO73dtbXKjFWV1e2q011tq7bO+l/K1rMiWIorAHBAJAOc4ODz69PXI5OMdXqrhizhVj2n7wOBkYBOcHJ9xx15BNT7C2MAgAFRnH1yTk84yckZ7EhsAq0W4EE5BG35cnPXgdeOoYe3vxDnZ7pp6XT15tN3Zx6m0abavrpvp6aLz11tf8ABjY0XrgEggDJO3OenIOfvfUZIOME1IoBI24Cq+VA5B55A6qMEdxg+vUkVJQAMAEfMckZJ7FRuxz7DLAgAEgU5YiC3UljuUkEDn5RkdRtySFz16nkgw6kbWco7W1fZrW/n2fYl0eZptNXV9Nb6L13Wqt+I4EAEkDCsG6AHGDnoMDJ7AYyfTgOwpDYLY5PJLAKWycj5g306g/L25cIz3XAOcK2TuBBGcN0Pf249akMLt8q55wMjgDPI68ex4AIAIqHVjtzO/W61Tsls76XersmvXVaRw1tdNOnVu8Xs2nb1W/lcrY+Vhy6gbSQQBkggjt1ye+RjA3dSjoABgZ3LyQSADk4JzjPVc/U8dM3lgJIVhkYIAJOAwB5IwOeOOD164PCvG2Cqn5eAxC5PJIxtIz3IJIG3PUYqfaLTVp/PTa7dt7aPVR26aFewf8AJLZLXW97X0Tu7au1lfVJXZmvEQACcjC5JU4HPX0xg8jjp2bNIsbkkk9GJwSACMcMexIzuUevY44tuj4UYyAOQDwSM4H0HbqOMelKI5WIKhgBnjI6nJPB69yR3J4OOSOtZJXSut7d4xW/l57ddS44abd0n0VrXdna6dtLvW+jWm91pGkbAgYDbOcZAALYOTgd8EgDIB5xV9Iwck4YEY285zn0xjjrx6HLc4KRREDhWJGFwdw6jP8Au4PHG4nvxwBdhtnOHYcYycttCY42gDrnIJyMnaenBPDVrW3le9rXa8tPP8N+bc9OhhKjUUoaNJpPXVcv96Oys7t7LuV44wN204JxuP0BU7eenQZIwQcetWOgA5yR3JXA7MADnnpkcj0JwRYaJzwM4xkDnLbvuncTkDPI4yVZeMnhHhfaSOMBtoxycHGMnA4GO3r68cyrczsnr3vbfddO17q/RpX0O2OFlBJ8jvazd7dna65bu+77fJFHysnBK4JIAwcKc9eOoz3Hyj1Hy0piIPzbuoHIxwB0/iIXGOMHtk81bSAnByePvDB59/cYHfkE+lTGEgEgsQ/OSTwB0x+Pc9cVtGu0krtvZ2ei+Hprq3rro9rnPPDXu5JpaX2fa/TS7t87WtolSKYwuBuztUnnAx2JJ54yCOO4xjJQoB1JBBOQeucrgEEHhuQp9crwSKsvCGyTkbQArDqc8k5GCPpnA9MUzaFdiR1wByc7VGeccbgCPQ+/Wto1rx37NvXye3Xs/lfu+SdHleq0a6N6NW10tbqr9SIDBwM87VAA+UYxnqR1HAOT0xzU20gdd27IJOBjHpjgckZyecZ+XBw5AzkAA8cqCu1sDk4PBB4JBAwAPXrbjgLfK4YtgcZydrZ5JHAxnG7k4O7OPlqJ1kkrPS0W3qumja0u933SRdKjKWjTWzTa3va1mtXstLNfg3WEa7Om4FSDgEEEZwcEcEnPPPI+9jIrOI+cJyUJGD0wOOMjjcTgfdBwMgDHPQyWmEPVeM4BwABxjgncp7AfXoMVjywlWbGTnIBXAwMHJIOMfhj3IwM5wrJtX1Ss2/K60Vmtenz02RrUw/KknF7K17Rvtb0bd7LpzJapNnZ/D0KPElocEEQTAE4x8pDH6gEcd85HQ8/x1f8ABU1ox/wUQ+NpkcJmx03OAMqPLUZzzgnkjGMkcZ7f2NeA1aPxFbMvzfuJsEnjgA9eoPqcqMjIGTx/Gh/wVZu2h/4KD/GmRUDn7JpqnIOSfLQDKgEnkkc9ccnrn57GuDzzCSs3enTSSabfvN2Vuu2i6X8mvXUHT4cxdmoKM5O8raWVJWSTvpor2XounxmtzaRz5lTEHk4jhT/XXTnO0uPmOQO5HQ8cA1pJYtd2Si7zG7wXRtbOEFQgK4BmYfMpUj0wCvsRWBosUNvONR1GU/aJISYlyHcLjI2oeF5A2g45AORxizqGvXAki8smC28idMKv76Xg5LHgrnIXjJOc471+mU3ClTp1K9TnqSio06cVrG6S1V3a27ur236H8+Y+ricbi3h8PFQw8aqdfENNKpaUXyQva6Terd/xPu3/AIJUaVFYfGD4m39zatdiw8IbIViBYy3E08iRxlRk7Q2ADkZzk4xx/QFYXlt8LfD8fizW7D+2viD4l8q18I+G4iZJJdTnKrYwQxfMY7SBDHNeTbQEQsCcKDX4h/8ABIi50fQ/Hvxl8SeJJ/J0vT/CllK6FPMubieS8YQWVqjk75522oAoydwwc1+41g6+HLO++O/xWh+zanJa/YPBXhZSssujaVOSunWVjbnmTW9WyjTOql4lkCsRiv5/4zqSjm2Io2s7U02nq7xUuVebvq7/AA66rQ/qPgOgo8P4Go3e8ZNOydveV366O3kMS0f4T2V74q8RsPFnxq8fyx4iA8yee+ucC30PT1AZ7XQNHBQXMgwknlE5JLGuVt1k0C41eOTVE1Px1rUSXvxA8a8NHoVo/EfhPQscQRRhli8uLDMw3sDjNVLrWNZ0/wA3xp4o2TfE/wAaeXY6BpjOHtvh/wCF5WDo2w7hFffZ2WSZyFlabdGTjOPQfh/8MbjWtUtLG4SSPQ7Mtq2uX0yvsviW85RNJJhnuLyYl1Un93CRtwBx8jCPLyu/K5K19kkuW7StuktE3q23ZWPtJKTbbsorbe9nZa203tZd3vodR8LvBMOuwHxFq1sbbSYEuLfRbS4AAEUSO76jLuHzSu43F2wdxyMCu5174j2eg3vh++W0a9dtPuNN8KeHoh/p3iPV0JihcJgPHp8TgNNcsBGFQgtnOLfxP8Q6R4M0Xw9otgk082pXYh0/QbAE6hrk8hCx6fZxKPMjs1zm7ucCNYyxLZB2+JahdW3w9lPxC8buus/ETVh/Ynhvw5pxEw0q3aVUtvDmgQBWAdXK/wBq6iqBt3mZkwebnKN1Ti21dc0lrez0S1tfvLV8z011Ba2dtrRV3d7x01er89/Mj1G8t/h7Dqvjjxrcf2z8Q/E77ms7UGe5ikkkCW3hTw5Au544IiypdXEaKCA7lhyDqeCPB11DdD4nfFCezfxOttLPp+m3kif2D8PdHkJaIbWbyJtYKFWklfLrJwlZmgaHFojan8TvijfWg8QBTMTK/mad4O012Dw6To8T/Jcas/Ecs6DzmlJwSMmun+HGj6r8c9Vk1rxDY3Gl/DHR57iTT/DM5kivPEc6q0ttqmtMQGe2YIGitW+VgQXTrjOrO3u8qei5Y3Ts9LuV9b6aXvq16LWmldSl7sE03Kydk2tEur0un5J6NmFLpfij44aPr8ej3174X+E0Rlg1PVtrw+IfG13FdKki2chAlttKkOQZFKmReU4zn7A8EeA/D/g3wfDoXhzTINOsIV0QiOFApkkCxgzzNw0k0h5kkYl2ZjyeA0HhmyUfDy8SOCKCGKe+hgt441SKO2iulEMaJGuAixgBRjkcc8V13iTxV4e8CeEP7X1ycxq0Glva2cQMt/fzqAFtrS2UmWWWRgPuq20klsLnbxwUoy5pO8re9LZLZ2S6WvpbVu2rsdUkvZ2TtHmS9dE/m22l5PfZnWeMI7aytpLu8nhtLOOaL7XPM6xxR28MPmSEs2N2CgAC/fOAoJyo/O/44/tA/Efx7f8Ahr4T/C+zu/BfhrxK+pnVPiNqUTQX97b2YKSxeGrWXy3AmXci3MqmMZ3I4AG36htLDxD8Sddg8Y/EqVtD8Nae5vfD/gg3Hl2n9mSRlo9T8RShlSSYqRI8EhMMWWDDjNfGnxu8cX3xb+I3hbQPgNptlquqfD2XUrXUvHN1E0fg7w7aTAxyQ2twiiPVLqIEiOK2MsIYL5hBxnenUlUtSS05ldX1k9GtekVe7skur8+bkUU73WrsttktXfX5fK10z2m4T4cfs7fCfQLvVrkf2vqHhS6hitRIdR8W+KdZv7iHbNMTvu7g3UpJMkm+CMk4IAbHguq/DfxH8RLzXvix8c2tdI03Q9Ls7jwt4FvrpIdI0/Sdocaj4qcsIrq+WPa62rBolbaMZIp/xI0fwx8A/g/P418Y6zqfjXxrqV/pFhHr2qbL7VpZ5blHl0jwxpeZRZxlspF9kRVAI8w4zjK1dfEvxnvrbWPivDc6L4MlS0Phf4T2txtuL+08mNotV8b3ULB5Z3kAkTTw7QKMrIhJ217GEk6VeC5ko6PlVmkm49W9He6Vkl1VzgxUYypSvvayV3y9NW0k1putlZ7I/D79sbwTqfxb/aEuZfCUM914XsvDmiRadOLc2cV1pUJkW6nslYKqWMecRyn93tUtu5Br4g/aYvfCllP4W8EfDWPTjD4P0eSw8RXFqI5Rda7dAfaHnuCCLmVeVBjcqpUkYYc/eP8AwUd8X+JvD/xj8QaVoepPo1rp3gfwxp9wdJRLJbXSLhZVGk2ywbVjjeNNshGGfuMkE/j9dapNqbzW+mWiwGS5XyjgvLJMxAaWSQ4LuxGSzEnk9etfpuS/XsfVoYrEYl0cFhYSpYbB0G/3tRxip1KkrKLtF2jGyjd3vdI/H8/WEwUq9HDUI1sXiakZ1sTV1VOCaahS135vibetkul1yEvh1oWF3q11Jc3iooCSfMkRZsgENnYBuxgAfe6ivv39iSSFbP4jE7ZBDJo/+q2qpDM3ylhtb1yRnBXPIxj45u9Au97w6pM5f5A8UZyC7AYLMQAVBJDDqD94V9lfsV21tC/xJVUdYLZdKkbgMrFXbAYA4OCoycd8+gr6HMMK4YSc1T5U5wfPK0p6SvrdW3SvbVN+eniZRinUx6g6nPFUtElyxXw308lfXt13Pt6+MUos0SNt8gtNwIOI087oRtxkjHGQRk9Rk19T+N51sP2TvjrqDgoIfCzQqQSPmW2HAOBgYJIz/MYr5evL1Ins7lykcZWyG1hlmHnE7upPAwzEAnJHOa9l+OHiGOz/AGPPjjEi3EdjPpIVL1lPlTNPbhPKBUbQAy7RjjBK/dzXwudq+Ckt/eS00kmuVXur73vZ9010P0DJfdxcW9kld7pK6e7a176f5v8Akj8aqv8AbapxtCSMB1I8weazE5O4EkHnGMc4615nfxneeFwV3cFjnufc5wBgdSR65ru/FF1Feamk8ZAKwRRFckliqBd3duVHHUc54wueSurWZmJVWZQAo2kBlyemTye/OeMZJyK+IjQnOytdrTVX0Vlq9L2aV/PzPrfrNOn8T5W2mtd1o9XpZt6JO1tVrbXmGhIZNuC2G56ADnruycr0J6cDGOK3vB2mXN9qy2tuheaYlI1GM5I5LDnCgHOTkHGOpAqQafNiELHuYkg4XnncTnGck9CenT5Rk7ftT9kD4CXHj/xXc6lq8h0nwb4dgOo+K9enAWG0sEyz2sMjAIbmbAjIRiRuBU9w1hnhX9bxD5MPQjzzl32tGKb96UnokldtrToVTrSxbjhsPGVSrXcYxStaF7XlJu1oxSu23ZJaq2p9Lfsf/s3ab/Zd/wDFb4lXTaH8L/Cpa91K6nPlTeJNStmaRNKtCxDPFKy7GZM7txUdDXVeM/FfxE/bA+Juj/DjwDpEtj4Uhu0tPD3h6wjZNK0jSYm2f2rqSIBF5xhBbfJ8xOcHcQDn/FD4peIPjf4p8KfA/wCDWjzx+BNDvhpmhaPZIQmsvGVjl1fUVjDB0wC5aQkdWDCv0O8VePvhD/wTU+C0Ol+H7fT/ABb+0l490lZJjIElm8Pz3EI/e3YO5oLa2Zj5MRI8xo+QQcD844lzzFVa1OlRw7njMVJxwODjrHD0vdTrYhrRSV+aV9PsRWjP0vhXh/CRp1cRia6o5XgYqWYY+f8AExVZNS+rYe+rvJONorrfR6Pnvid8VPhn/wAE2vhHH8PvBk9hrvxu12wJlC7JZ7W8nhCNqWpPy0cVux/0WDgsVjchjkn+eXxj4x8R/ELxNq3irxZqtzrPiPXLyS71G/upXlld5nZ9oLu2yNAxCIDtRQBjIGes8deIPF/xS8U6z4z8X6pc6z4i1u7lvdQvbuUykSSMzCGEMSI4Yg21IxgKoG0DpXmclk1u8iSRsJVchiBgE5xkZzzxtGAck5JA6VkeRxyyEq1War4/EtSxNeV25Tko3jBtXjTjsoq+iV1rdcnEnEFXOqtPD0I/Vcrwq9ngsJHRKCSSnUtpKpJbtp8ra1LEUSxBEUGaaV9iqFyS4HGQO2OMnp9TiulNuNMjiRMSX90yF1Clni342xp33sT8wwDwfxoQSRaJbC8ul8y/mUx2UDDOwMPlkZR/F3GQADt65xXv/wCzP8B/GHx9+JOi6LZ5sdPaUXev6/dqy6ZoGlwESXd7PMVEYkihDsgLAkkADAOPXxdaGFpTrVZQjGEU3e2qVkkur7LS7fnq/nsJgqmMr06FKEpzm0tForNXk2rcsY66vfrvc9l/Yu/Yp+In7UPjS+07SoX0Xwtps8d7428bagog0fwzokP728mkvJtkL3hgVxFGsmd2AQOK/Sz9oz9q74W/s1fDe6/Zj/Y9SDTtGsQNO8b/ABNs8f234z1D/UXcdpcpmR1ll3BSjFPnVUbLYryP4vftbeCfhH8I7j9mb9nfxDdR+GtC1q9svHviHTIRbap8QdTZjEYjdQgTvppkBUKkjbzhFGDivsv/AIJaf8Eubv4k6jon7TX7UWgvaeC7e4j1X4cfDnUEkjn1+ZZBPbatrVvKFKaahCSRROpMwALKRXy8qVbMKsMVjk6eGi4yw2EafvtW5alVbdU4wekE7vVn2UKuGyejPB4KcauKlG+IxcdeTVc0KbT3vfZ921omYf8AwTS/4Jfar8V59O/aZ/aa0m9tPAkN+uteB/BerLLHqPjW8SRZ4dV1mKfEqaUsm10SRf3wIzlc19Df8FtY7azv/wBnBbazgsLCDRvEVvp9jaQR29taWdt5UcVtbxRKqwxRoAqqoXGM4yxx+/Orajazqlhp8EFppmm2q2tnZWkSW9raW8CCOGCGCMBI4YkAQKgA4PGeK/A3/guMQmofs1ErkR+H/FUh54bE0OM9B0B657A4ziuzK6/PxBl9DTlc2kknaKUdUou/X4nrdK9rKz87HxVPJMbiGmpuDnzS+KV5Rbu3dtt3bffrZH8/FhfxSXouIwYxDK0cULKDuYlgZDw3rglR6jIIrvbQtfXaIkZZvlVVRTuZjgEH+6o5yTyATtNcdomlyXM5miXHnTF0G35YwG5LcAAKeQOQTg55Ir0uC/0/w9G0dv5d1qE6kSStgeRJjtk8ehAABw2c4FfuVHDxVNPSKVnskna1ulk3pfvp0P58x2JrYmtyRkn7ybaWjV0731S/N6ad8/xIIbK0hjdmDGdN0YJKIqFSVb5eT169xnqcNivPFOBIiyOAAkaqpO/zMAYwOgbG3GMk8AnNXmsNU8TtZadp6z3+o6jfGOCGBGmluHkYKVjRQWxu43EYGCeACD9A63YfCv8AZR0vTvF/xqvrfX/G9tbxXPhf4R6dIk99f30il7dteCkm2tlfYZY5AHZTt24G2vEzbNcPgdGlOvJJU6MPik2krKK2S35pe6r3tfR/ScP5JiMfTTtGjh48rrV56RTbi3yX+K2jt1stEm79L8MvgRoVt4Ou/iv8c9ei+Hnwu09BLFqOpSrFq/iQxkymy0OykZJ55ZwAqMqFR95iVAFeZ+O/jB4i+Plzb+DPh3oh+Gf7OmiYitbC2LRa742WEFBfa5eR4kkF1sD+RvKBW5Xjnw3XvF/xL/av8TWfjP4yy3dh4VsXz4O+H9gz2uh6XYxHNtBDZJsQFFUB5ZEEknJPA49y0yKHQ7WKxs7cQIoeO3iUqkcSgfuwAAB8ox25Iy2DxXysKeKx9SWIxragmnToRlJQg1y6yX25Nte89NNEun2c3hctpLDYCKt7qniXZzm1ZKzt7qfRJ66X7LlPD3gaxg8OeIpPC+m22mz2Opm1dUjAnlijQYZHUBuSCx7c5z6s0zS54kSXMrzMwWRCPmjfIBckncMEBgc/eweoJrnNO1/X7PUvEMVvLNHJ/aEUoZHISTc23HlrxISCeVB6jC5wD9j+BfhZonhnwy3xU/aA1yLwj4HjH9p2Fg7+Trfil8b0tbO0YrKYZHBQsFwMgnHBPRiMdh8tw96s+VJWp0/d55TaTUYR+KT03SurNX6viw+V4nNMRGNGEm0/fqWtTgrq7cm/LVXvdO2uhpfCH4SeLviSHNpIuleG9JjMviHxTrDfZdJ0y0VcySm4lZI2lRCQoBJLDgcCs/4nftAabpHiDTv2fP2UtJuPFevaoRpmu+P4kllu9QvC3lzCwlQH7Jp8bbt9zvUlF4YYJrNuvF3xz/bNki+H3wW8PXfwz+Aml3CW09yEksYtXtUby2u9RuYQr387xK0ghVnUFvnC5wf0R+F3ws/Z5/Y3+FF34y8T3FhY6rpsqjVvGepwwnVdSuPLJax0uNwZY1eTOyOAcqQWBwDX5bxHxZNTVGNOdfEVE4YbAUryfNJRUJV3B3ctVy0o7792fsnC3BlKMFiJVIUMPStLE4+tywbS5XOOHUlbSzXtZaX6tHlnwD/Yf03wIx+I3xov7bxX44gX+0LlNRmVtA8NI6iUyF7hmiluYQSZXkLAlcqSTg+R/tV/8FK/DPwwsdT+HvwFls9e8WrHLY33jARxnTdG2AxMumEArJJGMqrLmPgBT6/Cn7Y//BRLxn8b7rUfCHgK7u/CPw0WaWAQ2bm31TxAgcr517NFteOKQDiFW2lSMjPX8u7i88xnEzMWJyEySST18xhku3PzE5yc4yTXBk3BuLzKtSzPiSTqVG1Ohl692lSjeLUaiv0t8C7e829D0s+44wmW0quU8MU4wV+StmD1qVXZKTpyfvN95u2luXlR0/jTxt4o8feIL7xJ4v1zUNd1vUZpJrrUNSuZJ5C0rbsRh2YQxAlgqqAoXAArhboO0UflhRtlGZTxnDc8nBPfIPYDjndU7yDYpkJLlgwgQEuRjHzHtxxjOT155xKLK61Ce3iKN88qqtvGCFw2MZC4ySD83UcYr9SoUYUqcYUoRpwpxUYxilFRs4WUVZJKOq/lWl1e6PyStXrV6kqtWVSrUm7znJuU5Sbi3zN9fXu33K8Nlcag4FuMhDmSeRcKM9RHlcZGCc5Jzjk5yPQvDfgWfU7iKC2gkd3kWM3BRnklkcjCRqFydx4VQMMcDBJr6R/Z+/Zj+I3xv8UaZ4Q8A+E9R8RatdSRIbewt5Da2UbuAZ7+6C+TbxJwWMpAIORkYB/rA/Yi/wCCSPw4+B40/wAafF+10zx98QreGO9j0uZFPhXwuVUOzXQlHlXVxbgYdpQ8aFMjGK5MbmWHwEb1JKdR7U4Wc5NJaStsnd+89Ft71jrwOWYrMJe4vZ0lZzrSTUbK11HT3m4320Xq7H5I/sFf8EkvH3xwutO8XePrW/8Ah98Nd0Msl7f2rQ69r6bgzwaXbSqJEimTGZpAcqwKNgjH9M95qH7Lf/BOX4OG3ji0jwZYxWAjstJtTA/i3xdqCJ8s1wzA3cguJFActuiRSy8KMD5i/a+/4KifCL9l/S7/AMGfC59N8d/E2G1lslNkYT4X8JtGDFGJJIf3TPbEjZHBuXAAfoSf5t4br9rP/gor8X7i50KHxH451G9vGWbXr8T23hPw1bSyEzXC3LH7Hbw2kbt5dvCwmcKDtBxn5et9ZzaoqteTpYaMrxhtFK6Wib1avo5Ja3a1sj6mlHB5PDkw6VbEOK5pNe85NrWTbtGF1qrK60SPaP2uf+CmXxj/AGgfHXi7wJ8M4NZ0m08Y3OnWk2l+GmvX1PW4LRWttP0qSGyyNhRwJ3UYBOTwTXuv7Hn/AAR08U+Ob/Sfi3+2NcXGk6NJ5WpaJ8KrW6kN9dxuyzwnWJi5W2hkzuliRRMw3KyjnH2//wAE/P2O/hf+zJ8Rfin4R1bTtO8dfFvwvZeG9VvfHeq24u4rOTXLNrq6tNEguVfy1tpfkW5wsnGVOM1+tM4uLmR5pGeT5iheTdtVQRhAoIxwpC57EnGCuPVw1KhCHJQi4qNoubXvWVu+ydlrq7NKyuebisTiJzUqzU72koRVoK6i00r2dlvLfmdrtXT5Xwx4c8J+A/Dtj4N8CeG9M8L+H9JijtbPRtHtYrW0jihUJ5twYlRriYgkmSUszsxJAyRXT2du0zRPK25wwBjAIVEXpxnBB2ng5XbSeUqMSpwzspACEquByMlRwORk7ic/ePFXLAkT7iFVTwAOFJzjgYGWI6Dp/OutunThaC12vo027a9d0k7P8DgUZ1KilV5knJOy6X5d/Lu27676a97psIjew2EFftkJGABgk5+YcdeDngEcjoCP4m/25lYft5/tEEYZv7euB0xg7VAIUnAwGHBAPU+mf7adMOJNNXYWX7bDuGc4OcHH0zjIzxnkYxX8TP7c7k/t4/tFYUKq+I7lf4gQABgEEDac4we2O1fV+HXvcX4BuzfMldXVuZx6fP8AL5fK+J0IR4GzeKv/AAH0192Mb979NOt+jueHWagQ8khlAbBBLHhSduQMc8dec9eafKrqpDd2LDcpKgnlCxweSccYAHHPTK2pVZFVskeWMFz1fPXg7iO3PAxnpghZy5AAbamNrEgEE8YAJ3Mw4BPqB16gf2tRi4qOqs4xuvNJJtW20eul2+h/nTUkld6tKfN2Wkn0s3010d0l1dirLGcEOSwGGwAMFsYAx1A7Edtx4POIoVwpYZ3BmXYBghcZ6jgfXnHOccEqzPjIcysWIUDPGPXcQMnGQckHJxkYBZEJNyAu6kliuMHIbAbOM8AnoRyDxya6bOz1V7X2emivs+z9Nr31OCrUp86e706tayUdW1ff5a9bK70VckMu07QucuxyCT935c+gzwcZ3dc4+ZvjqzzeLPhqmQS+oxHjuRICByemMDk4zxyMV9KJmNfKClmcF1yTuOASVOMYXjn5fU47j5l+Nm7/AITn4axsBuN5A4UAD7zc4Ocg8kAYyfpXxXF7Sy3R6yxGGSd3b+NBWWuq0f8A26l1P0zw2aqZ24q9o4LFXerSfsdnJ20t1S1VmtVr9QSx4ji3KCNsQDcBAAq5BHQHAy2fT2FUmQIAEOWMhPlp8oyBz1P3ep3cehYAcagVBAu/LEFMRgMcDaowxwV3EcYJwc4PNQGFd38TMxZ1XbwR3TucDAIzyOCcdT6uFm40qfNo+WK2utk0nfSy336dNWeFjqUZ4qteS1qS0ckpfE2trO3Raq9rbWMtyiuPvrvJJYHJwATg85H6NjBOAcVHOY2deGUlEO0DOfmXLEc9T3xnPC4Oc6FzbuFSaNcAMEK4+YFgTk54+X16d+9ZbW9wXZnSQ7SdjPgIcA8k8kfUZ5Oc9TXTOpBJNziklzSu0rWcdvk/K93buedOhVa9lGEqjbSTSct7O90ndKyW13ve7uVpCPMVgCSofocBSvPzAE9eM84P0FW4MMGkUbnUKQEzlDnB6HaR07ZALADHAz7zUNE06Mz3+r2FoGOG3TxMwIx95ctnjpjnnOOpHF6r8Zfh3oyf8hKS7kRSrxWibWcqcZy4C7SckEDB9OQT5OMz/KsEv32LpRaurKSb15bKy5np3Vvu1Pocr4TzzHRgsNl9dxdmpyhKMdbdZKKtr0tpa6aueiXEY2s8mWBQE44C7uhUlsEe+fbHWks9ynYVJSX5iTu2KAO7AAg+3zDjPyjGfmXUv2lbdi0GhaDLdOxKw+fvlfAUqpVYVbtgnjkg8jk1hx+KPjr45DQaToepWlvNgqqWxs4lRgMDzpVRlXHT2wCfT52txhhKl44KhXxk9OVUqc+Xp1s1v23b1dmz7fA+H+NhGE8xxWGwEbJv2lWN21y9LqzSW17dNkd78XCZfEvw/UMhht9SeWecspjhjWZXJkYHaNoUnkg44AOc17XffHL4faFFFHNqTX1zECpiskLIx27dqy8rzwAOoz0A5r4r8YeAfiH4dn8OxeLtRjtv+EkuDawRJcPcS2peQK7sSSobJJ5OMk9ga920L9nzwjB5EurajqGsSKYy0SuYoGYruDDYf5jpgZOK+byrF8S4vH5lLL8HCk61Wm6ssROzpPljGKS0k3y62tra1z67iDC8I4HK8mjnGOq16WGoVKeH+rJ8tf34ynNvte6smr6u5J4h/ajsFaW28P6Eru5BjluWaaVJBxlVgHzHAwAQ3B5I5B4KX4ifGfxnMg0fTdWiikOxPs1mbSHD9MySKpxgkKRyM8BQOPpzSPA3gvw+yDTfDGmocEtLcwpcSArkbsyjIY9+4/2hg11Ud6Il2wlbdUb5YYIhHEVXgYCgDPoCO+RzwPp4cNZ7jLTx2cShe3NTw8XZN8mnNo9V/d2aPj1xnwjl8WsryOlOUdY1sTaTlblXM1717vVK/fZ7fI1t8G/jB4jZ213V4NIhlYu/2q5kuX5JLHZvdQQM/MR1wME8V3Gk/sxaBFs/4SLxLqepS7A7QWjeVbSHGSmM5AzyMY5HOScn6A+2yM7OygI6nG8kqQOjHpjJ7d8+uMW4pogjvJIq742Ea4PGR8yjDHPYHnnkAZJFerR4Ky6m4yxCq4qd1zSr1ZzT+HZJpWb15eXrpfp8/iPEzOKrnTwbw+BppNRjRpQg4r3V7ra5r23aa2vdK6OH0P4VfDzw6kZtPDVpNKEOy4v2N03yj7zCUNycZAGF+8doLV6ZpQsbaWJLK2s7JV2krZ26QhgBkbSigcg4BPJ+UcbhnmpZCxjVfMZCxJJYjcByO2eeOCNp7VYt2ZJDKpkRdu5QRzuTgDdxgDtkAZ4A4r6fC5Hl2H5VRwtKlt8MIRXR2uop35r7vX7W58TjeKc5xsnUxGPxFdc17SqycW/ddmru3V2StdLRHpEuoQmGSNiXISTqWYkYHDckdc9MDnklenzf8ablZfh74tWTIQ2fyquBgYJyVXIBJHUjJ/LHsMUrvBNtJUiM5OCxLNkkZG7arAjA7deSMDwz40STxfDrxKChVTa7GfAZjuBILAZ5BBIJBPOTkjnyeIIQo5VmEUrNYasle1rcq1Xqn7qs7W0u3Ze5wpia+I4iydtylfE0005OTT5op663vfZ6pq976mZ8GInX4e+HFjbaPKYkqoyFOeT0yw7EDcOOS3T1yKB3dwwVF2/dC5L+jMDwobnOR2Oc848l+BQkk8B6Gdu5fsr5ycBAGYggcZ4OMYOOMn5ufeLfS7mXZIC25/ljWNWJfOAOAuDk4yGHIyOmRXo8NVoU8kwDqVYR5MLRvzOKSShFLVtcttNHpq7aHjcc4bFVeKM3VChXqyli6lo06cnvKPZO61t597XtzzwqpCMseScIOfQHleMHr268ANxh4tHIKFMKMDJy2QTnj0YHuMDAHGck9j/YYjhWe4ltbJFIMst3KsQTOeSJGBI7jAyOvbFZl/4o+F3h+AHXfGmniWJzvgsHFw0mB9wFCygnptPHXjqReN4oyLARbxONoc27hCftJW91bK+r2a0sr66pGWVcBcX5xOCoZXio05q8ZVYOnDW2t5qL0vsla/XoYRsCpTBwxYZQABQeigYBDA5wRgkHO05GKtR6ZNLKVghllZSCwjidyM+pAJIOc5xx8vBxmuE1n9p/4T6MXh0DQNQ1+5jBMMkvyxmY52sAASQCBjjOT0Irzm9/aW+KviWSSDwX4PTSldQkUkFg0r7s8MztGQSAFJIyATkjaRt+Mx/ilkWHbWGp1cRJa6JRjfTfd2v5WTbVrH6XlXgNxBiFGWOxlDCJtXUV7SdnyppWSvZv/PsfS8XhbV5HDyWpji4YSXDrEmBydxYrjA798cY5FUL688I6BmXxH4r0mwTO1oIbiOeZWj+8MRuxVjggjnqM/eNfMqeDv2lPiAySajqGo2dtI25xLcNbRqHb5isaHOB1Hy49AO3daN+xzf3uLjxb4ommLssjJbF5GZsBgrPJngdBg5Izu618Xj/FfMqvPHBYOlRjradROpJK10+ivZXttvddT9KyzwHyHDeynmGMxGLnFpyhG1KEmnH3dU5NPbzV1ukjY8QftBfCbw7BOulpfeJb1AWV2AitZCBlVKthycnb8o6+hxj5Tm+K+p69421Lxfo/hlBqV1DFbWUUMUtxHZIhBVXGCrOxUDBAIOMADNff3hf9mX4X6NPYJcaW2r30kqLIL6RmVkD7QxViVJ3EHOfx9en+HXw48K6fr3xBisdI0+2hs9ftoVhS3SUxx/Zi+2FsHacjkKTzyPmAz+c5vxJnWcVIfXMZNqMuaMIPlUWtU0opJNXeq72Vun6zkfCXD2QRlHLMvo0pSh7OdSUFKc4NxVm5Xdusl1e+qPhZJv2l/HiYtF1HT7OTIby0FkqRs2OCAjsvt1GMDnNb+k/ssfEPXpHk8U+KrwbgryRx3E0jPvJbDNuIJA4I7AHvmv0zfTtPsreNn+y28ZkAR3kWJERTkNLuKgE7QW4HOcZxxyniX4nfDDwvDIdZ8V6RYvbkOUt7qOR5WXkowRjk8YA5A7HOK8CrKc5J1atWbbvJzm23s0lqtGl30TTPpIUoQSjCnCmktlBJX02irabO/wDwb/Mnhj9jvwjpkcNxeQXGrT7tzPdMfL3gDkqCcqCcg4XtjB+Uey+EPg/4fsn+zWmk6baQQiTfcLbxyElDgDcVLA9SecZzjGMDzDxd+3N8KNAaaPRVvNZm8nYvlLthEwAXIJGATkkkDO3OR2r5h8Q/t7eKpEmj8LaHZ6WkvmK005DOd3Rgh3DPQtgjGABk81zuUYN30ur2000WmlnezbTvbra7Vtlppa+1tlo+W/4Xtp52Wh+nlj4a0vTCsMrL9lj2kSs6woxPDBQSNoyAQWOF3DJC1i6p8Qvhv4Ohv7vV9U0lGicRxJJcQPPGhVgSFDEkYOSBnJOOeK/EXxR+018U/FCuL/xJfQxOWzHZyiFASeispUqoySCSMZ57141feK9Z1QO15f3V1JKxPnXVzJKSwJwmCxHIzg5zn1FYe1TvdbNJ2WySi/tcyv8AJba6PR6q3vaWelrpO67pa9Xrrfc/Z7X/ANs34UeHY5LKwuX1Eozsv2YYV85IXhcdzzkk+wwD8/8Ain9v2RlntPDnhuIQAM0c15MSVPXhQcfMcnkAkYGTgCvzEMkjfJIwzjLHamQM9OQeD97tnn2xXkuIFwrSbivKgKCSSTzuI6cDHBBznvynXdrJRXM92m3qlrZcu99bd23YWt130Wr72s7abvRWeie59XeJ/wBrH4r+JzNC2s/2bayRyQtFaKQHhlUoYtw5JIYrkEY6FRmvnGbxZrNzG8Mmq3xjE0hMTTvsUyENJIq7jkkseQOW9q5ltRwxMYzheTgbRgDBxjk5J78Y6eueHnd2WIsHdiRt25J9ACM4wOO3U5JrKbqSktdX2TV7Wt+N9PktbIluKveSj1dm0um7d+u6vtrfquhuL+ZwZN7SM3ys8hwfUnO7nkjIxz0zgGqElw4B3yBmJHIZTjOecAH0HBI5HBx0s6f4U8T64yR2Ol6heSM52iG3lk3Ad/kGwDI4znGOmK9z8K/sqfFnxCqSyaFJp9vIdwuL+SOMKCMnMbbXHH14yeCAa9bB5JmmOt9Xwdeo27OXJJRvo/il5Pdv7jzMZnmVYCDeKxuHppK9pVIcyaaeyblvppp3sjwEzwgqWcMAAQTtJzj5s9Mk++f8Q3BZwkKEggk7uSeuSAQOCPpxkcdvv7wz+xLEj20nijxNbwk/NLb2qB3AXOdpYEZxkAgAjb8pzjHvGgfsw/CLRATPZz6tKhjMc942xV2cMdg2hlIGAMEg5x14+pwnhznWIcfbQhh00vid2k7dFfVX23T6XufGY7xO4cw0ZulWlXnDpThpfRNNyatfra2u1+v5I2emapfyrDaWVxPI2QVjifbnOFwQcZx9DnPBPNek+H/gd8SPEsrR2Hh6+dSM5khMKLnbk7nABA7EZB9gST+tWleF/BOhJKumeGdJt2gcbZXto5GIXADr8pbn73HA3DgEiukF1dRgrbRRWocrtjiRYxtyDu+VVUcZBBOenXjd9fl/hZQVnjMVOS0bhGKhF/C3rvrbdeSex8NmfjLKPuYHAxT3U6k29LWu4xSTS0a97522/OXwz+xn4uvHRvEOo2+joShdWHmzBST08sMgKjAweCSOCGxX0DpP7Hnw00IJPrus3+qsPLd4kQJblmx/cAYAHGCM4wOTjFfQL38012YJZ5sl/wB4wyU4X5duN2OepOAQRn7xNWn37GLbptjEyGRmKvngYYnAxgHGdoOOO9fY4DgXIME9MLGrODTk6nv31V3rouvbTfz+DzTxH4pxiusYsPTn7yjSUYWi0rLmXvbW66Xb9OK0j4cfC/w5FJHovhPT5ZI1AWa6hE7bwWBJEgYDdwTg4GSD148imS3g/aF0Bbe3iskh0qRY4IUURx5ibBIXaSePywBkV9HSQqsTMm+QiMuyKpIO4lsEjKkZ6HrnknoB86LG0/7RumBYmIXSyhWSM4LeRyuMBsdSDjkEnOd1Xn+Dy7BwyqnQoUKLeZ4WPuQjF8qbbu7XTulpfz7mnCOaZtmFfPamLxeIxThkeNmouc6m6jFWT0TS03V1trv9RM0skcayMzSOGcPlgGQsc8BuuCcEnPTAJ5F8wLL5KHEYZVCsFIclQMYyMEE5BxknBA25BGrZ6RK1uLmRY0eJyAZZNibGb5QBIcgAcKcAYB68Zqazq3hrQXibWPEml222PfIqXMMkikEYCKJM4OQXTrjP4fS1Mfl2Gs6lejDRPWUVbSOqXNZLTVpLS2+p8PRyzOMapeywuKrSm/dSp1G3dr+VNWT27JdHvTFsy+Yqbndj8ojBUDPTJA4YDnPU85x1E0Vs7I6ugjdSAWcMWIDctjoD0553ZyOp3eWa1+0H8L/D0zqupXGpgMXYWyYAdeFIMg+cHGR8zDgYJHXxjxB+2DZDzYPD/h4yyO7lJ7tyzOoOAGVM8EkMBjOe+OvjYnjLI8NJx+sxqSSaSpXmr3SWsdL9vntZn0OC8POKMbyylg5Yem2veryjSSTt0k+ZJdVbXZPZH14LN1mjVEPOMyquVHOAWUDliCMZOT29rUi2dmlzcahd2sGzGZJZ44SgHdkdhyOdwx6d+T+el58dfjR40ZrfQtL1CNH27E0+xlAGM7CJhGNp9SSDjqcZqa3+Ev7QnjiX7RqUdzp9vOqNJNqF86gFsHcYA+4jGQRt7d84ryqnG1aulDL8sxWI5lZTcZKK+Hrta135dNd/epeFmHoSdTNs5weHinFuEZKUklytxbvHW10tG/I+zdV+LHw48Mid9R8RWctxncq2hEzrwcD93uAbGRk9OvpXkOt/tZeDbAMuj6RcahOpLJNO6xxEjOGI4IPQ9DxjjrnmNC/Y0uZo1m8VeNEjklKu0enIxfay4ZfNfk45HVuVPavX9E/Zg+C+giF7u1v/ABFcIwV2u5XUFxgYdIyQN2SQMNkZBOTiuSWO4ux7SWHo4GCsk5e9O3upbXWjfS+2qPUoZHwDlCtVxNbMJqzkleMG/cstOWLXbV+Z8wav+1T451yWWHw/p9tYGTcqCztpLidt3TBCnLHPUEg9ecBhxcmq/GrxDqdrqF8niFzJE4iM6XFmkttkbxEihSVywJC9BzletfpdpGgeAfDYaDQfB+i2bICElktIZpVdQMEyFS5PXDbiMD+HODi+KrxtS8X+DbWRBFHLDcqY0jRI1GABhQAMDuAM/kRXPLhrN8TOFTHZvVa54ydOm5LrH3Lp2Vm7bK+56VPijhnAUalPLMmoO1NvnqQg27RTXMrNy07yfW59heIPAE9lB5pt4r6EO4DRjbOqgclgOc456H5QSPumvm34q+CdD1bwr4ga/tZlaLSrh4ZzContnjQkKspUNhTksw68cdVP6Gfa7PU0W3l8vzlwQFLq75ORtfABbAGQe3Xgrnw744+ErePwH4x1LT5midfD988kcgBD7YiTsH3d+RnOR0HRcVwvGxlSqwrxg26Ts7Le1ldXV27p3/4c8nBwnSxeHlRc0o4infXVLminZJpW11s9et+v4feAbUWd9HEjmRIru1dd3GVW6YAnnqBjqeMY5wGP114sTQ38RXmnXkz6bdywWtxA94mbO9V7dNoEmzETEgZYkZ7k/dPyN4GDRXt487SLjaFI4Axc88d8c429PvA7SVr9LdX8AeHfF2iWEmpWjvI2lWwju1P7xf3CDB5DEA4xluMZBGTjysgw+PniqlTLqtOFSlSi5QmtJwUr8rslu1e/TR9dPvOJ8xy3C4bC/wBpRqOhXnKCqU5WlSnaDc0m1zx0aavprfWx8y/2PqGjxmfTrqSBXYENDJ9ospgMkKMZVAQTh8AgcdjXzn4rmmn+Jk73AjMohh3bSCv3doOASBnJyOD36819Q614C8XeCEuJvDV7JqGmq5DaXe+XMhjUkkIHyVYjjcuWGc4wAR8l6zqLan8SZ71rL7DI+2KW1zxHMiASY7kE/NjOM9uQBfEeLxlWlh6WLoSoVoV4t2fNTmlG14Oy11Tvfu+umPC+Cwaq4nFYDFU8VRq4flTiuWrC84OMZro0k1fa+2jR9yfD3Xrez+GPh2C6mgiB1m9Ece5VkY4J2gkggHt15J69tiW+QTmVCP3pLDeeHUjB+bklSOOc5JGa8ItFtrr4deHonLCe11m+Z5InBmjjYEg+VuDkAEY+XaQMjnoadrmo2ZaKK/W8hTCR287HzQpJyvzfNuIGARnaRj7oOPoMkxcYZdQppRlyRve6um3FttX16padk90z53PcpnUzLEV4yanKpfa2iUbNOOjWyV7K/wBy4n9oa00y3l0G9hs44ryZn82WFFjaYD5h5m0AO2TyTztAycYx3f7M3iHxX4P8V6f4m8BxRXXibw8f7QsoLsE2txBeRiGeF+pG4Epwcr6jivKvjvrJvbTwyghaKXznDRv8x2kMpweflweM9ioPX5fWP2XLpxrV4wJSWDSoSH4yNlzn0xxgkjA78Aivl8wwtLG5piKKVoVqtGEuVL7XKpJW76tvp8z67L6lfC5RRqy1nQpVJJyejcNluna3b122/Wnwv+3Z4bvRDpHxe8Pah4E1gyPby6jFFJNockzFkaQOFaQLksdzY29Divm79v8A8S+G/FXwr8Maj4Z1ux1rT5dcUxXNpcRzblMIbc6KzPGRnBDhScA46Vm69baVrInstWt0u7ach286FSQ5G4lW5IHJORjnjivjT41fDyLQ9EvdS8Parcw6TaussujySu1mXdtplhUkqJQGboAcEYHGBWa8JYnKqVSth37ahGDcrrlnBKz1d7NLvY8nJuKMFmuMpUcRGVDEqqox1cqc5KVuVfajfzutd9m/OvgZMY/F/hU4VzN4t0yMAjIEi3cYBHH8IyB3+bGR1r+krUPDiX0W58iRoUlZFUb0PljknjOSeecepzX83nwWuLXTdS8JXt49vClt4p0+9nmcsPLtYrqNpZCDk4RQz5IAwD/er+nXw5q+g+I9LtNc0PUbDVtPu7SJkn0+6jnAHlrnzEjZmjIKkFXx3J614kJypUqUk2vdSlo7Nq109NXrra3fbQ+jx0J1KjirNReiSVlfl1b2bSv1tbz0Xx3+0P4WvIfhb4ruonUxWeg3pdQArYKOCWHBY8bj04znPb8IfhypTUL9CCAsKMuDg8zqc44IB6jqTxxnFf0WftJ/Zbf4SfEKV5MB/Dl2qDJwC6OPmLcghuBjpjHOCK/nO+HyY1O8KSZw0QOSQRkbmA5A+XAwFPPr1p06kquY4Vys5KEklZK2iXTRuyVrX0aevQwtNxwOMUruLqQ12ktI6ed1tZbOzd0f0gfCy0gHgPwkys+4+HNPdlcuMoYMngHr0IAwR6dMc/8AEywY+CvFTxrHKs+k6mw6ZUC1lIB7jB+UqTlcEdia9m+EPh+31D4VeBLtIpBu8K6bukU5LkQYYdckHpkgjjgZGK4H4ueGb6x8Ma3LHIojOkasxyxUN/oUxwyg9eDyRx0JIOK+jpZpTlzUYyTcIzjbbW6i2l0v0TVt+p8hXyuVOsqrgoQlVTTV7+9Ui+t9WnrrulrpY/mi8KRiGHUVYHnX7tQpOMMJpDxkgbfQ84OR2r9WPCnhfQtf8F+GI7zyhdyadA6zRMIrhXCAZ3HAJBwCSTyDhc9fyq8M7XfUN+QRr14xP3gNs8oOe4HXOeeSTxwP2d+E2jWGq/DXwmtzbI7mwQmVW2T4UMARIOQBkADvyTz0jKKfPL32k5UlZaNNKe3VryfzPS4lrPD4OlWi5csK0Y8y63jG+z12urevp8Y/G/wauleGtcTUbaLVRbsklrdlAL+BWYBcOM7lwwBJJ4ySOmfhjwsDb68ypviKXMG2R9w/5bRnkcYIAwcHJPIHSv1Z/aF8Malofw+8U6pDImpaevlLGLjBvbHLqcxHBMkQUHO49+BhePy70pzca9qEgjIYm2lCbMjeHiyRjv0Y5ILEnH3a4c2w6p1ZRjLl6u6XvJ3s7WT3T6Xv3PR4XxMsVgfaOrztzdnrpy23je0XtdJX1b8z6N+K0sc2vQNFcRfaRo1hlGcl3UxjJAPXplhg8ke4rwW8s0JdoZCkm0u4Zjg4J3DnABPG3Dc4A5Xp1P7RNtcaV4n0G4tGmgkufDmnzzOhIKt5Y+YZOCrAZ9hgDjp4xaeJtQAEVygvUfKicDDqcA7iFxnABzwc9cVjOqo0oUuW6jCKUlfZqL000utHZa3voejChKVV1abT5pXmuzum3vbVqz33elrHQ+EJ9uv6WjHH/E9tnBJBG7zSSuMFj02jPAx97A4/RDxV4pk0hLspARDbabFep5StmWRY1/d7Auwkgc8HHXgYx+c/hCVE8RaOCN4l1m2lOBhhmXAU8dscEEbs7e1fdfxnur2PT4JLArEFsUW4UAhngMKYWQ7cAtnoccAcjmuOjSjOUac0lFylpstk7brzd1bZNWOjF4irRgqtk3COsUrtPS/y87+d+p8n+MvFth43v1urXShp1yJSJwTzcKoUbyoO0HcNzDoM9AcV0nwPtJG+JNvEFOP7PujgcgYifjkjOeBznGPm6ceZajaSQ3cd9FshLhHkRSAMkk/Kecg5GQcHk7txAr174DztL8SLK4dAAbC9U7B8pZYnwMHr2JOAOuCOtTC2GqOMIXcZxaVnps3rf0a1vta9knNao8TS55XjzQT5W9r8ttUk9dNbpX0s73OO1uyJ1rXGYp8mrXSjgZG2V2JOQfX5uMYyOOq50eo3TxLYy3stzZxmR44p3LRxSEEEID09cAYUfxKCTW1rMkVzr+rAoYh/ad/u25+Y+Y5BIwRk4GecZByOTjnLaIJO/KsPMk8vC5bBBzn1wOeTkjbgnqGpOpJu+8tUtnezdtdbvS2qWr0djqUacqdPmjzWStKSvsoN2um1s7pPW1tOv0B+zjFGY/GYZSyrZ3OMg8KEY5B4OCM+nYdRmvFYtSMOoXsUbI0Yv7sGOQ8KBKx+6SRjAHPQgDnFe6/s0nzZvF0WQd9pcgg5A4Rh1JOQc556HGOlc1pH/CDz29xbaxpJGoG/1FZJ4i6s5WaTYQUPBxtzvwOx4yT2Qo3p0IpxjpJ6vs4JJa9Neq0SseFKqqGKxDcZO0qSjyrXVJadFo1dPXRKx5drLJNai4iTaxmTdHgFDkYOM5JVw3Qc9QSMYr6t+H4upv2fPiKsXzSx2bOuPmIQBiFXIHQDaBweg+vyx4kt7OCFDYmZbdr0pGrk7ggORkcYGckgEE85r7G+BlrHqnwi8YWLMyJdQXsTsAOggds4HU5xzyc9cc1jG0vaRukuSze13eHfVa36WaWh11K65KVRpy9+F1dpq/Lqklo1zLorW0eqR8A+F7q5sZwysuX2sUOQrsGBYOPY5Cg8jj2r3LRbtpvEek/Km+e7spHwCQAHRfLyABkZJB7HjjrWZ4W0TSNE1+J/FukS6p4fSR1lFvJ9nm8skgSxuMbmjJyRnBwBkA5Pofi7T/AekeOPCr/D7UrvUNFvjp80iXSsJ7O7aWNpLZ2IBfyywUEkrx0wRXl4uypctr8ySXVJXVk3e13p8rPvb6DLJReJhJRaX827XK13V1pe17X16aH6p+FrCw1n4a+LNM1GNg0qWIilXcDGdo+cbQOg6+5/LwaTwDrumSST+H53uY4pwVaB2W4POSZoiQsuRwdwJIzgjI2eqPfeIW+FPi2DwZZ3t94mnTTxplpp1m93dzlFjeRYoUV2kbapJRVZvTvXi/gz4zyWdwukeP8AS9Q0PVY51gurkWk1rPbTLgM19bSIkkZL9mXkYyV4A+ArZlklPMJZXmGJpUsXKEKsYupDnjQk0lOUJPn9m5K3M1y30vfQ/SKWFzV4OGNwVNzoJuDtCVpTioc0U7W5kraLXVOz0PbfhV8a/iB8IvEVvrnhfxP4m+HviK0kRv7U8OXE1nC8kbbsappe9LPUFdsb1lRlK5PQV+7v7Nf/AAWm8Rabb2Gi/tL+F4vGeiq0UI+JvgpYodUtYMbftGvaOMAFR88gtY2Oc8ev4mvpdn440+NbeGx1+ymEbpqGnNEuoQhtpzKgwTIAQSjDluCORnxvxDpF14L8RQ6Zpk90251MbIWjuEIwHjuLdiFkdTxgghupJJNcGb8HYLHUo4in7KpSqvlp4ii1KT+G13FtX1T1vdXXW73y7izFYepKhWhUhOnyqdGqrS3i2oc2qSvstlr0dv76Pg7+0D8E/j9o8GufCL4iaB4thmiSWTTYrqK31y2LqD5dzpU7LeqyZwSYcZBwB0r2bYY2w6lWRjnqGHOOVJyCDjPoAfUY/wA+Sz+IHij4R+LdL1jw74j1jwb4lNtBqMGv+G7q4024Vnw6rqUEDotygJUSxyAr8zDac1+0/wCzH/wWr+JHhK203w5+0F4fh+KPhqEQ2/8AwmugLDa+J7W2GFE93ZKFguAi5LOWMjEEYAyB+a5pwdmuAUqlCEsVRT97k+NLSN5RW+1rKzVtV3+8y/P8vxyhBVVSqtRfJUaSbdrcsr2fvO2vbXe5/Twu0/fYBioXC9MjgYbkLt7MBzzz3E207QVGRkEheSOmFwDkqO2RkkEZ7V86/Ar9qX4D/tIaRFqvwk+IOj6zdPEklx4Zu7qKy8Q2UhH+ol0+4eOeWSNsqfKRkJB2kgE19CeZJGRHMjxyZCHecFfU4OMbhnB6tjIJ7/JyjOL5KilTkrpqScWpXira2aa3s1pbQ9rlTas30a1/w7NaWW102npruidgSMFOm0E5JwpB7cjrnIGd2OGHJILcErkfd5IB+YEjAHGQeoIHPctjmnpKnzZ2nB4Gd2c9/XBI56H0zyasRjO/GMngH3J6AYPHv9OPSbtS3tZNLe1tLu/3Wf8AwyUotRWrW11f07u3Tp08kVTCRuYqQT90dwfTdnqeeTt5z7YFRs8L97gbmAxjHOeMEHk/Lzjbzk1oeWG3ZIOACMjA7ktkc5B6Y/2R708xrk9MBcbjkckHO7jj64OSQBnBFawqNJa2a381ppfXqlrZO2u5nKnCW+ktF/LKycWnu/Nba37q5m7AMAcDJyc9ckgHPIx97sMjrmmFCMKoJGQOud30OCeM/jx71plF8sj5iMpkjODn2A5I9hjGM4GDUbRqSAvIOTntx0xxkcAA89cetawxE73fvW6NPe0XZ20dlpfXV7a3OeVNLVe8pWV+t/dWmt9272b6LZa0mjBJIIOOnGAWHpwORwMnPGc8nhroTt3EY77e5O3cT0xxnn68kZq68R5CnKghgDkAjpwR06cqDhu9QSL64ySDxk4JXBJA9skAjk4OM4rWFVycX0i1drW7938nd3d9OhlyaWa1fzXRa7+b87/IoiLABwpO7KnqMKSCQTgEHnjPU8DI4YyZYjjcAx4xlf7ueB75+Ybe5K4IndeMEsUDA+mCDwyjjoQeBwRz0xTChJJDYIJ4JwAACc8nGc5z6DdkYNdcJKXLslJLTS9rLd2u09rfL1jldr25ldau2/u+mq0t2e25XMJwOcYxlepG3kYJJyzA5BJ9Ac81HsZscAAkrz6gnrnHA6jI6dQOKthVOTuycHcpJ7E9xkEYyDj1PHSl2D5cKM55x0Gc8464GeR36kemsW78ybt1d3Z7LW7sra292VkvK5D92NrXbST79Frbvqt/Tyr+UMhiRyccZJA4BJwQfwHcdhzUgTBHVsgBWPb/AGTyMYGVzjJI7k5E4i2DbklicjGBkE5OSASO57eh5NKQem0ZBDZByFH0zz8pAxwMc9811xk9Otldbu+i+JLl0W234aGLu18LV3rvdp2tZb9Xdu97W6Mr7OjYUZLcDkDHPOPYAqfUfgVRfmz82P0ycenQgfjwMZPWUngKQFTHIHOccYOMdMHp05znmlyoyV2gMOBz2B9+AO49fWtedNqLTV7Xl1XMo3smlpf10s0n1xastrP07rdt339NLdLWJkGCRnkcY5IHQZBB75OR6gHGSasxJggAnGCDngDkDJzklQPbPPQnNVUdVIJPzEHAPqcY4HPHoCAeh6Cp95OOuQQAQOhI74zzjknqM9M/e1vZLXa2nV/Du9tt/d9LWuLVuzXlbpe9mtf611tfW5kDBbgZUgDOOecZ46cEdPfGOZkk3ZA74A5PqMDkcgdM88AnPeqiEyMQRjaQBnLDC9QOmQO/49KmjfGBjrntnjHYHGO4U9efXgvazTum1fVXTskl2fndt9dOkcr5ktkndWTelovfz1d+mt7l5SSB9R0xjHY4YZ6deoPGM4NSKBnJ28sQd3T1IPcjK56g53D3qBCCuQRnOBkkemBjqeT90cnP0qWPfkHHGSFDZO3p83X15GR+FJSel1q12Tt56JSS8uunYHDe9l30s+nd76Wsrj1Y7goLZ56kHg8DqCzAjBBPrnPNWosLsUnA35Dc5HrwOw5J9PxBLEAJyFwxJ9MgZOCO+TntgjjI4qwqEnbwAQMn/ZHOQeTjvxnmri9L77ptaqzWj0t3Wu13ta5Evd66W8lfRK++zu159T89/wDgq9bW9z+wb8XoJ4hJG17oodCcAg3HOQeSD83HXOOgxn+K/wAN+AfCd5BK8+mw7y8YOUXOGjQAMSD1bJP04zg1/aL/AMFZr5bT9gr4syEZ/wCJroCEewuCD14Ayc+4yOSAtfxk6BqjJZybAFYlDxjIBiXBC8YwST0GQCABk1/Q/gxRjVjj3UhCavFqMop66NWTTtqmmlp0Wtz8G8acViKeVZfChUq05TxNZ81OUk+VRp6Nxs7N6O9k92dhB8OPBkUYZdLt/MMQYHYoCkkgbcjB49QcnjpwOW8OaRpyfEbxXpaWkIt4NKsSiLEihQ0h+ZQoxnoOc+hzjjsYLxrgQB3OUhUlt4AJ6gfXqcdOmcZNcn4Ruoh8WvGQlljKLo9gvMijJMzf7QxjrkcjPOOCf3atCjGrg1ClTivrKT92MbL2XXS9r2tfW9utj+esDUx0qGZupiK1VxwcuXmnKdpSnTtpdvduzvfoj1zWNOs9JgsJIFKncuQEHCkoMbtuMAnt8oGMHJqJbxRY3UjSZQxyA5G0cFjjHcZGTnBGPYml8TahDLFEnnwqIlRRvmjHAIBYfNjb3yOSAcdMnmJbq0fTb1EvrXe0ZEafaYickYOAWwSeSOOwxwSD3ycY1KnJKEUlZLRRa5Ve7b1VtntZHn4WNa1JVFJu6vzXd9r6tvstl1d9b3+Dv2pNUvbLxN4KitE84XGkXYVMngvK245BHAViTkcAEEkNivIPgFZ+NEtvEn/CNW1gzzapI1w15OyeVJuLARbSdx5wM84I6cA+9ftGWEUfi/wCJ2UhdCuCzsymNHbc3LDgEqRtz0HOOGFed/s/6zoejweJTealZ2zyazMUjaQB5F+b51A5wcg5PQE9sCvy/MeWWYOHO7+1acm1f4YaRdm1fXTTTazbP3LKlKGVUpWhJKhSjySTsvf3aVm2t9XbpdGn8XtP+Io8AajJ4hk0k2ouLcCO2lkacs7DJw2F2j7uAOARyO/jHwA8E+JNX13xCdE1u00iVFjF00ili6OwYbAB1DbQc59cnPPvvxp8X6DqXgC8sbLUIrm5a/tQFQyMyr5q/eJ+XH1yB0B6AeSfs469YaVrvib7VLhpWwi/MSwVwDjZ7jOCBjHfOK8uFKk8zpUOV8kkpayUfsXfk7t2ur3dla90enKvKGXzqqMeaKXuqKcUk4K7g7p76310Wm51/wAZ/BOt6JZaHca14nOrE3UsaxxwqqRtsyGBXhg2dpAyfm5xXGfBLwkNb0zVwniXVtMiXVJImsraQm2nZjkySJuVWYDhSQeeOckD2D9oDxBp+p6L4dWB3BF7KxHkuAwERJGWC5JJAI5PHoa8g+BPiez0nTdbiaxvruZtVkaOS2C4TaX2o2McnnJ5Prk4x0Tw1COZxpVIuUGno5OT+GLs2n3tbt0sjlhiKtTASq09KjcXeNknFySfSyfTXXbzOi+MfgWz0LwyLpdW1G6nluks/wB8MQFAASzRg4L8MMng7gSccHU+A/g7TNW8HxXD6trUCm9u4GtrO8lt7VWU4LiONv4x8x4GGxk56x/GfX5NZ8Hacn9n3lqZNT3q87JtYrGwK43ZzgZGe27kYrn/AIHeLp9I8Kizt9Nu7p49Uu5DPC4EeWYsU5IBPXB6EHIzUU6VCnnTjGnanGhzRja7v7jbbWt7LRXsn5NGdepWeVwkpyU3VTc/d+FW0vdJONrfZer7h8e/BOj+GZfDclmL2T7Xb3wuGvbqS5aYKM5+Y8Lgn5RhSeuck1618C/BPg/Wfh5peoX2kQTXLm5QSuhclFkypUbSM5OQMEjqSRux5b8evE8+tWXhSefSZ9Nkt7fUQIrl0ZrkOCQVwSAMLkKRnDA54rf+B/jLxbH4G0620u1s0tLeS5MbyOu9w7HcCuccZAyBjt0rrw1Kg81qJ0k4OClGLhfX93qrrzetrb99eTFSrrKqbjVaftY3k5PXWzV4vXa9l1T11R5x+0hoWleHPEekw6bZW9tG2kzymOGBUV2xgMVUfeBPLbdxx8pOOPon4X6TpcngPwtPLplh50mkRyO5s0eSRiCC7ttJYjkjPPJ/hJFfK/7Smo+Ir3xJpJ1B7YT/ANjzqvkMCqRsCck93U8DPGD2r1T4a3PiSfwX4bI8QmNI9MWOO1iiVmWHJXrzkgZAznBwSQ2TSwFKm89xsZUY2UG4xaVk06WyvZXV7KyV21sb4ydRZHgmqklLnjGUrtp6NuzW6bXb/I4T9pm2S28U+HY4liCf2PMwVYxEq524O35fmJ6HBOAR0Ar7Z+D9ukXw68KvMoEj6RC4YRqcgkgjOCeBggkk9+O3wL+0Hb6jb6xoa3l3PeSy6K7pcygI6KMDaq8YHIzuAOQOM5r6Z+HWj+MZPCnhlI9WvPs82iW8kJD7RGnVUXkDdjg5zkfMeTkXhVFZtjIxpXik00kn/Jtpa17PT08znxPM8swqnU+1dNp6uyaitHfbqk77rRJ/L37Rty0Pxf1PyurSaRndkcCdBjg8DpyOPUmvuu3SCTTrZ5mjG3S7PJ80DlraMjbyD8uN2f8AdBzwD+c/7QOl3q/FG4trqa4e5YaYJJHcF3JlAwTnjJJxjoOnHI+y7LwJfxaZC8qau6f2bburPfSAAfZo23EBiAOmMcEH04qcr9osbmEqdKLSndX3Vm7J215k7LTs+xvjoweCwKlU5eaKcbRvd2hHbT00d/k9flz4+WMa/EKN7cRJutNOldn2AnE4yAepGeCSMDGOCK/SnwvrGhx+FtOt7jVdN85dDiTH2pSyyNZIOQGIBGDkZB7nkDH5jfGazkPjzSIG3Bn02xVvNkMrN/pAADFsnp0UZz1xzz96aH8PrlfDMd7Dp1sIodAa4dtoJJNmGLktkYHXAJyRg9Ca6sBGpOpjpRUYu7cmktXa+iasra7PXZ6Wtz5lKnShl0Jyk+ZpxSSV7uC3f46bvruvz9tZbWH42aLez3ESWqeIbl2mLkxhBcPlx3C4Py8Djtg1+mUPxF8Jput31m1KIkhRsO6FmRsgAZ4LEcEck5z1NfmHpGhXWqfF/wALaVHFFLcX2o3ISJyCrk3OcnPQEDpznPGd1fpFpfwO1yNXnudNsI4kEu4lRj92GJIyOFGMHOQcDjByePI6lenSx0E4WdWV3JN/Zi2tLLayu9XbskduaYWi5YOTck1CLik9GvdS3+5p6eTPz51rULdfiT4e1B5SbBfE1zO8saMQYWuGYEKu7lg2cYJIB257/oZD8RfCkuk3MUU9xIr6ddLGTY3JO5o3BBxEflDYOTgAcnBFfntrFmX+JHhuyxEpHie6RVRFCb4rgocDow4YnOcgd81+gUOlTw6NdbdiyJY3jvsjjBCeU2O3Xop7hjjjilk8pyo461rJu91fV8uzVrW2trpfpoTm0aKq4Jcs1OyatLRJOnZvT5dFZtWaPg34Ya/ZeH/ibFrF59plt473VXKWyO8xEskgUbAD8uG6DsOeMmvtm5+Lui31g0MOm67JG1vOVP2bILsrKAwIBJUMCPlxtDHOcV8UfCbTbjUfinFZw7fMc6ky7wNvEzgsRwMgcZAJyBnk193DwVqtmk8sk1s9vHazMu1gvz+U55YH3DD7owOCK6MgT+o4he1jGLq1G1yxb2Vm29EmrrV269Wc+c+zljcNeDnNU6bTcn3XTl1Wl3pqtPNfEfwv1iTTfida3cOmXWozjVtSeGxRkjlYSFxnkjBQH51baQSTjHNfbviHxhqN94P183Xht7WNNMukmknuAXiLK4GVBIJzgcAgdxXxT8IbT7R8arSN5Qi/2pqzkbuQ0ZcO27IJyQQwz69+v3T48tbWLwR4lEaYZtMuZCxYkuwVsE85bGD1A9Dk5NYZNKnHL8anVcf3tXljzJ6rl30d22lrpeyN83jWlj8E4U48sadNOTvteLaVtPdta9ui+XxZ+z7eajbeMNYn0eyjvbltLkURXEvlqI2l3ZBGeARjjGcfLxjP1Z4g1DxX/YGsm7sbOGFtMuDOPtEhYJsbhBnGQGyCeMAAYzg/Lf7Mkijx1q7SyBE/spioAzwZgMdc5JHfnjHFfafj17NvCWuGF4t66NO6lSSWJUkc8EYB657kfXTLHfK68+eUeV1HaNru8Uk7tX95La90t+5nmDksyw8fZxkrUPeafMtIrSz23e3r0t8a/s9HWbnxPr0eh3NrasLF3ne5USgp5nIVeoIJXnHBPc5FfTvxGg8Sw/D/AMTvqWt21xF9hixBFCASpZRtWQjIznsT1JIIC4+b/wBlbcvifxVLIYwo04qpcA43Pggk5IBJGRx2z7fUfxXuDJ8PfE8SPAynTY/uEcYkToQRyME5BOV6cEGufL6cZ5VXnKTck6rVr9W9LK2t977rrY6MbKUczoJKKhy0umzainqne1+9z5r/AGcLC/1nWvFkFrrN1pEEUVrJKLXG6fYFCq+ck4yx+U9CBkMMH3H4z6CdL+G3iCW41nVL8tJbEJOSIlct945I9+Oep4548u/ZBdI/EvjRpDACLa2Rd+AuSARgnjnGBnncOnykj3n9pTUFf4X69GGgV1ktgRHlyQOcKwBBIGc/Mep6bQK7sGowyWq5JuTjVte+t+qWq7bp369lhjfazzSKhJKDlB2dpXsotW0fq0n6+fif7LegQa74e8RzvLqTm31SNAltO8cYZiSSQh25HQHvxkHBFenfH7w/p1p8MPETRRXbyxm2ctPcPKdxwAV3nkg8Y46E9DWH+xFK0/gnxjNFC7GPWUGFHHCAhjzwT05yAp6cmul/aF1G7n+H3i6CRSFEUD+WVC7UBPzE8YA5GOAOeB0HkrE/8Jrp2Sk4OySu9eWTd9H8L9L9Vuu+OCtjIzs0lyv3dr2g+tur0Wi+5HHfsleCNE8S+CNQvNTs4Znh1hoxPKBJIq4UoscbBlz0BLDBIB5IBG9+0p4N0vwz4K12Gy0+GIsYbgXAiSOVlbOFO3GV4GFJz6jIzVL9kbU7mz+HuotAkbD+1y6nOCZMKMg5x14JPOevbPQftMaxd6t4E8RNePGJI7e2wFPIVQTnJycbTzwc/LtHp1ucf7Di2rScVbT7OltW1be3m27bWMKL584cJVJySndRbdvdjHX4rLv10WnY8U/Zu+H95rfgC71REtEU6rJE7yorMQqAggkjHPG4nBz1HNex33wq1Py5HnvYFj8lyPLRcugIyOCBuzz13A46k5rG/ZIvI5PhleozuEXWJSOPl4RQAQMDGBzwRnB44x9CX19CbdRIR5Yil3ZywB3AAg8jg5OPm56njFfT5LRpf2LSk48yVJWezbtFNvr0s39y1Pn87xtWlmM403GzqKNna7+BWultd77O/wAjzj4hfDbX/Dnw80rU9Q1IGzVLCSyt1cF5IZJNqrIcnnBxjJCAZwAKwvH2hRa58OhDHIbaWYWsMBbBCz+Shjc45BL9f9kZxnIr3n47alDe/CbTEtn3xRQ6UseEKlf3oB2ke5wSP8a8N8ZXEtv4N03yQwV7iwV1UfOpEcZLgnH165Ocd68WtTjXrwpTgoxqx5dnpZqzUnfbR7rTR3se/gsT7PCSqq0pQk3rrZ+47Jq73S17Psmfl5420TxP4cvbrRvEd5qCTR3BmhgnkmNm6HlJYPMJXGw5+UAgDnaeBw08zyR+Xf7Zk2qQ4BLhc4ULjuCP584r9o/EHw+8GfErwnp+meItPiu7xWiC36RrHfQr5KklZQoYqD82zJB5BA5r8+fiv+zZqnhKS/uvCl0NW0yCVgLVwwvYx8xC7ONwAIBOegAAzXiZvwxisLGNbDqVelJRlFU3zTjFtP3lZ6WutL/fvvk/F+FxNZ4fEWoVlaLcmuWTuru9rre9n+Vz5Lntpm2S2rLcW6HD93XIwMr1wBg5AOMjPPFYcqPIXLZOxtoJPIUdjzuGfu88DgdMY6C7iurFpYHintLlH2tFMrxEOBggAhQyjkHkY9D8pGWJYrpX+0FYpSMBk+67DAG/jIORgn5QSSfavka1OUZezlBq0F7runuul1zNPVLTXdd/s4VY1KcXG0lJJpxldWaSVrabWdr3SenQhs3AnkKMSPIlyGyRyORgfXkrjPYHtlyIjShY1Ysyj+6205APPT8euM8VuRQS284E6lI3hYAhS6uCCeSBj37ZDAYyDm1bW6RCJ3AYsOPkJI5PBxn17Y79cHPBOMFOKatdK766uN7Xs2rPV7aW2dzohHmov1dut1p3769V0uu3qX7PEq23xE0lnHCpOpJGDjDZwdpHUngcEjHUZH3P4pu0mngWNmKF3UljkLsPK9DwT0HHBPByC3xd8B7JZfiLo2UXM8kscY+6SxzgE9AOc+hAIJ7V9seO/D+rWMtskmnTrGhklea2AkUITuBZUznB69eM524Ir9k4CxVDD5biKM6sIt1U48z3bULLV2vpezautlufhviNlWLxWPwuKw8ZThTjGM+S7a95JL5JvR2fmtzzjRfLk8Y6+hjSSN9LtwwkQSIwJUHKOCMknkbRlhtx3q/rnwv8D+JX26j4cthK4Aa4sAIJOTt3MIwqlhnIOccAnGcVgaddRw+KNTmYiMPp8SDzg0WXXHChhnn3+8M4GQa7211iO1eNy6H5Sx2kspPykHIPQr90ZHp0Oa+qwuEy7GUa6xWGw9ZSrTfvwjJ7xtq7u2+ivfTd2Z8zicdmmW1MN9XxWIoKNCjbllKMVa26UkntqrPzejR87eN/2dNA0rTtR1PQNZvLV7VElazu0SSM5IwqScMNueSPvf3smuGm+DfxR0+wtr+ztbfWrB4YpUa2KNKkTrkKyOeSACAANx9c5NfWnizUzqGhayNigG3i2NwP4x82e446nbzkqMGul8P3gttH00BmybC3DJk7GYLjdkZBABJ4IBOQTya+cx/AuR47FT9hCeEfslJOi0o3Vl8LT3S226Pax9PlPiLnWCw6nWqQxfLUcH7VXbglB7pp+d23u9b6HwTbXuv+HLktc2ms6DdxOCZYhcRx78nksMhQByAoJA5PA49s8H/tJ/EfQXS1svFEt/AiqFg1LbdK6rwI90h3JnGDnA4OTxuP09IukapHcC+tbW7Uoy+XPbLKASGU8lc4xkhjk8nr28I1n4deDb/xZcwxaOtratovnhLRzCRc4JEqlccgnOCccgc9B8lj+AsxwSjPAZgqqlNQjGXuT+za9nJO+i+Wz2f2uVeKGXY5yp5hgvZqEOapU0nGyteza5r325dPVWPZtB/a7F6Y4vF3ha3ulQATXNkRuZsAM4RsIDwOVHCnAYLkH2Wx+LHwf8aafIlrr7eH9QkMTi0vwFUyBshGK4QKPUkDBAxgtt/Pm8+Ds9qiz6Nq11G0mH8m9DOgweF3gnoT1746dK5DU/Dfjbw8r3EujrfWquA1za5fKkg42L8xJGSOFJbGO1eVVo8U5VTnHFYWrVpLR1IRdRWTWqlFOy0Su10fW7Po8HnPB+cTi8PjKMKsuXli5qnJvT7MrXbb6WstLXP2l03Q4b+zgfTrnTNYgmtVbNpdQl5CF+VtqOSrvtOARkEHHPFcxd+CIb2e8hvtLaARsWAnt1ZZML90OASGG37wJBwB6GvyK0L4rax4fuIxbatrugXMOCAk1zFFuXGAVYqu0ZBGeM+gGa+mPBP7YfjbSIliu9S0/wAS2i7VkttUCpcMqkZAmC5ZmGfvNknB6gVzYfit0NKkKlKa01bXSK66prV6Xtd+TPRxHDuDxdnSqUqkXqua19XG1m7pu67/APB9nufg3ZBZb+KyvbY3F9MVERLrNhmGEJ5DE9BuxjdnPOOCvvhvqUVxILacLsDYhu1eOUlQRsD4GT06NjjPOa9S8L/th+CtRlhh8R+Hb7SIBL5jvZGO5s0cnDSKAS4VR82ABnOOi17lpfxD+EvjxmfT9Z0W7edSIYJWSyu0YnBWQT+WPM4xleOjDrg+3gOMZRUIxrR5U7qM+rvF9er2+flc8TMeAsLiYt1cNZ8rXNFaO6ir3SaV1Z3ffRLU+DNR8P6/Y3ulSXOmzMkMdwqvATKrrtznco3cdOuM8n5aozSuQnySRvuYmOVCjgjqQXAGDjjIPsMnFffet+E9KafTJbJGjti8scksTrLGFkUYcFCykAn+EYK8HAFYOp/DjTrmEA2Nnf2xOHuPLEcypklmDRjJJycjr2wTX02G4qpzVR1EnzyTfLK+yitvK26Su18j4/MvD+pThThhqkoRhGyUk9Fe/Ra9OiS7HxzbXd5FHM6mUKbOdSowAV2dlXj1645OfY7/AIe8TxwadptrIFVQjAhsEHMnzFSON27JwMYIGT1r3LVvgnayI0umvc2bTW7xwqGaSHGxj0YErndz8nJACkjNeXN8J9UstOtDBdWl4YWk8yGVvKmR1kI2A/KG34BGMbieAPmA9enneCq1KbhVcLQXMql09eTRS1ttfTbbrY+Vr8L5nhMPUhUTqXqQmpR10Vls9Ft3aurPfToY763vJpNjFXNtPnByCPKOQCTx7k557ciufTSrDU/CXhy3vbaG6AuNT2iVFcjE0pU4wWwp+79QfaseC0vtG1HZeWlzB5cUqs6hpIEBiPVwSeeCccDu3Ga09F1C2/4RnQHjlFw66hqUZXkMDJNIuBgAggZwDzuzjk1u6tLHc0f3dSDhPmjJJ+6+XRq9m3bdLbXa55+Fo4jAyterSl7SDVm42s0pbbO73Wu+269u8e/sQeH/ABv8Grf4ifDyWPQfFth4eub7UtPuJS1rrP2QeZM6KeIH8tSEEYGW4PJGfyFtpdT8NXtxZXOIr6ORRPaSksjqDkmMkZBP8JDA4C47Y/ov+HnxF8Nn4QQeF5dQtTrcnh7XLGaxkdfN2yQSlShOATjbu3N04r8vPhl8LfBnxI8ReNdD8YWTKslncLbaxACbrT7xLzy4WjPVgFO0q3ynGMEA4/Ic14VjiJ4utRpvDVVVm4RlHkp1IqzXLdWvpdNXSV+ibP23JOJXhYYOlVre1iqNJTqKalKE9Fed3fS93qno97nzbpOtR3NxY3ul3k+lazbFJla0maG9t5IcOJoZUZS6ZG5ozncMDBBr9Lvgv+2eJYLPwN8YpTFDJYtpmk+MraLfbTyyJ5UcesQhSscjbgGl6cksa/PH4y/A3xZ8FfFEdrqtvJ/ZVwhuNA8QQb1gv7XlofNKgLHcBQodWYbiAqniuD0bxCrzFr5UWAoBIjAvE0qYBdlIwhfGSQoGTwOM1+eNY3KsVG8XTnTl/DknyyacXePo1une1rPv+mQlhM2w9m4TU4xSqRabSdrp66Lzaer6JH7UR/s8W3j3SdVu9L1xdGOswXMcVzaTrNpN8Iybi1nl2Ex7pAg3ZIIyQwyK9c+F/wAOp9C+BmoeH9SkT+1g+trPeQsEhnby5QMMSOMDBPQk8DPFflT8If2i/HXwgEcuj3r+JfBF7Kn9oeG7qRpzaKw2zNYytl7eREysaDanQEnGB+uHwQ+Knw6+N3hK707wtf8AkSzieRtOvblItRsryaI5tpoS29ofMJUSKuCpJJxzX2uUcSwxT9jiaip1ZzjaFSzUldNKLeivutnf5HyGbcO1cFarQh7Smoq042b15dZqN3GWtr3te9n0Pgvxr+z14N1/4ILrU1mLPxVpWruBrlptWee2kuSphuFG1ZVLNxK3zKoIBr4i8efB7xp8LZlu/EEDyaLqUUEmkaxbqWtpEnAaNJJV3CGbGdyuVHHBIyT+0Oq+BptK+FPiTRdegFherf3qROhMlvMsNx5sDRSDKsGVcA43HnGccVfEWhWN7+zpq51XSrTV3TSY7ho7uJZkRRIkVu8JZSYpljL4MfK5Ax1r0824cwOY0p1cM408U4pRlFx5JScYu04xtvezej722PJyvP8AF4KtGlW5qmHjKUbS+KN3GyUnG+l37v3H4gSanC8ENjqagyFUeDUIuJraQArGXKjLAkAk9BnIPPH2f+zn+2j4++CFzZ+G/FE9z4l8DXLJHLKXM1/ptuxK+ZbTuSZoghPmW8jAAYC4GBWb8V/2QtU0nwtpXxH+HYuPEOlTaH/bHiHQjl77RI2jLyPaYO64tYyPu8uoxgfeA+GrDVZ4SRJFJLaEyI9pcRlJYWyVyA43xsCNqjjBAzjpX5nXw+PyrEcrU6VSEk1JL93K1kpRa0ffo1dXXVfo1DFYPM6F4zhUpzjtJXa+BS5k2ne63bvZ77H9ENv4n8P/ABb07QvFvw4lstX0XSZ7u91a2tpf9MQSozOZLQsrRXEbFgY8AN0GVzXjFncQv468pVkVpdAZ2hlTynhje4YsGUgNwQeANrE9+o/Ln4S/Evxl8KdYXxH8PtYeCS5VRqGg3EhFlqUGR5sE8JcoJCuQsoQsScA5Oa/U/wCFfxt+FXx5eC1lS38N/EC2sxDfafclLa8LxrnbZTMUW6tmkYYXc0mO2MV9xlHFTxM8Lh8c4qVNxSltdJKyk3r3va29j4jOeFfYRrYnAptVbzdO17N2em+itpr2vYm1rQdO1fRPitaXdhb6hZS2VuHS6iV/s0YChZEZlJQnLlXUBtw46V+ePxa/Zd1nwZcPrPgqW61jw3c6VBql9tbN7ogkTc67AcyW68qDh2xjNffPilPFPhC98XrqVm95oWr6LFDNqFmzlYpYpgIBcoF+8q4DE4Xnng4rtZLO2utP1WMSFIZfBlszCMllkjeAEowOQcDjaRgZOQK93MsqwuaKbfIqjivZVIKPNC9tXrqrdJdeqdzxsvx2Lytwau4cyVSjJ6aKLlZqz36L5p2PxDsdWOn2TwXa/aokmKecq7Z4zkhiQDkrywZT3yuDnA96+EHxp8e/BnVl1zwPqk11pBcSahoc7+dps6PgyJNaOSqMykgTIm7OOQea9c+JfwK8O654K0LxP4cjXSfEKyrbzRABLPVZbi4aKITRggRyA4yw49WB6/J+reHvFfw616/0LXtNn0nVBbiQWk+5re5hkwVeCTHlujKcgLkKOuTivzvG5VmOU1YVFzRSalTxFNNJp6xvZK1ldab2vroff5fmuDzSl7OooPmTpzo1EnK6sm0nfmXmk2k1Zpn7jfDn4x/CX9pbwY+i6fcQeA/HHmWt1c6VNIsdvdalbyLKZIUYqkizP0KkthgrdDjmv2oYZdD0Dwdq1xpE0r6f4jjtLzULMO9tHGbeOBZpfLB8pWcbyzkAgjBHOfx+8MyT2slrrGgX02n6vBKJViSZobmGVSG8y1dSDtzztPy/Md3t+m3wF/a30zWLW3+Hnxwhs7u21FI9Mi1q9gjktHGRGn9qh1by513D/SQN2QDuJOa9yhxDDH4ZYPM58lWPKoVdOVuLgott7N2tfS13smeZiMgeFq/XstSlDm5p0bpSUWo3Ub/FbRRSfNbqfrn+wdqNgfhp4JuLq9gnltteuUltoZgZ9rzGZPMjXmVTGRtKqepAHXHy5+19rVr4O/aJ8QX2pTTL4f1G+uL+zuELTnSzJZlIzMEDfZrWS4OJhwMZLcAkegaH4YTwiovfh3dQRQQy2+p6A2m3gewZdqkxB4iyMGTJUNyM4IGK+X/2pNY8Sv4iutc1a1iM8ugxLq1pcxmaC+iuZNs5dnBxjcwGAcDnHHHoVstjXm8ZRlSk6iScZK8Y8qjezTlp0vbX8H42Hx9WlW9hKE1Nc75n7spK6Ti01a972T333PN7TT9NuPDGvXsNpaz2s/iW0liuIWUoVvNpuJIXTIkSVXJDZ3KuASC2a+l/gv8AtUfHL9jvWU1r4fa/LqXg65u1Fx4R1K6lvdAu7fyhJNDHbyO4tJVVSA8Kht3HQGvjXw3YTadZXtt4Pe5utGihtNb1vwZeSlrq3heNSLrRp3yWi83lISwVV4AyOdzVPFFp4n8N6SLGUC4sdQmiv9LuMw3cMj5CrNAcMflP3wu3khTzk+NjsBgsfCSqUlSrU4Jc0WlzSjy7NWemifRpt7pn1WW5pi6FSKlJVKU/ihLWylZ2knflsmrL4XrZ6n9W37K3/BUv9nr9pOHSdC1LUx8O/iTfSJZTeGdbdUtLq/yFxpl6+I/Klk4ijkfzCThRk7a/TLIAOSCGAZWU7gVABO08AgkZzkAr0ya/z3vAlutpr1rPC7WlxaeOfD81tdQM0VxbSrqcDHy5FIcAEAY7kHg9a/0AfBRefwJ4HuZZTNLdeENAmlnc5aV5NPiLyM3JLM2WYnqcMRyBX5/meXfUpwip3U9VdO6+HVu6u2mtNfPy+qhUp1oqUYuLvte6unC62votU73Ss9jeDsSAMcnnoABk/MSOR6HsBk4OeGl2IIPQgkkYyDgcHnoTjOc9+9IV6j3xjAOBn5WIGeTjPoM9+drSuCBtzk+u0kj6ckDA+btmvIdlpf8Ay3ta97X3uu/e9zSKtbTVpbXd9ultbXd3srPVlcysCwwSMbQMkH8+evGBnIyPm5OIDMwG3d97byDzgdAxyefzLAjBJJq0UXJOFBxnoRg8HjGMfe444wO+BVYxqAcg4ycEYGPTPBx2Ge/GQOlWmk1pt0bfS2/e1tdPvOj2d0ryV9fyirPorK/Z7dXpIkzElSeQVXHJyF2/NkHkcnP06irgmPqq4I6HrjqWIxkHsMHv7ZyOVIJHPGSD145JHJ9Mnt196lSQHAzjn5hjOTyeuAMDpn72R0OMgc5NuzWtrvW60V7f8Nfd3Y1Ti2rqW2mq1ty9W15NK217PZLVVsj7wGME9QSTjgsMcDIORgdz2qyrEqAcEYC8swIPHRug6c57Y9cVmxyjqDxn1G0LjIyeD6enbsebaNxgsCB8+M8YyD6epyfTjPaqU9k15Xv6Xb7eVl5dLmM6dpJp+jvpflV09L9e17NabJaykkEDIAHQ9G+XOcdcZ7/xYPXAw5flGGVCD94gYI4xgH0PsBjkjBJqiJlbb0OB1XkAEgEDup6cEHHf3mMwXAByCcAEkDHIOD1JKnLAjnIHToLdPmVtdHa/pf8AF/LfchuNrNX00u7WacXu7NX312drX0LJYEAAbVI685HB46YHrngE9SaUfKCABtbIAPPAPXkLg888eoweMQCVST8w2nbwFwFyMZzj6bgPXPfFO3oMZIx78cnp29TxjHOB3wabejSvqtVq7f0rL13JjZNqzs2r8z9NFpbdrdPytdMlwcKCXwDkEkMOigH5cDpngg57gEHKhMY2nILnB2gbVPJGAOhPU9cknBOaiVx93dggjAyc55POQeT9epOPacEhRwM5zknAzwQD0znOfTA54JBFJbNK+1r+j6Ndfy1sx2k9mrLbfV6avXTVXSWi1smmSgOGbjqQecAE9wPUgDOT1HTGCA5AeucsegIICkEgFuMA4AwcDgdeeIjIAy4IBBPOD75HUDOMjA78HBIpBNn5SWzkkkjquRt6nODjDDGcfe5603+b9Xtvu/0u9CJL1TSSfb0666XvdKztve9kZ3cgc47YGMnJI6gZyOnJ/VjZzgbc8FcAnaO4yfm4wfXJHXqS0ygYx1HJGTwDkcgAdMggH2qMSAHHQt0UcdMDJJBA47ZyCDgZ4qNE9Leenptrotb9V3syYX5ndXWyvb+7ra2lve3e/k1aUAvkYAxgnqu4jjpwRyN2BjAI7nFSEEDDAbjxnPILdhyOMkjIB6EdTw3eMdTwcDaMEAHIx2OfmLHAwB06VE0hbnBAyCGxkHGPbgcgkjBzg9+Rq+ztp8+n4d/kU7t6XfotrJLS17Ltq357DHJDHBAyRljz0x36jjkZA6fiYcfeAIO4HBBPHqenPHXjr1z1AzjPTJ4PPAGeoI9Bj5ePfHakVl5AGRgk9gSMj0688DHAyc9qaS63fR6p9t1p089bsajronf7k3pZ6paJrr2RWkU5B6k8DnGcYyemOB0ztx068VRlVjllJPJ56jHzbjknPtjHPXI2itdmIXjDcnAHsD1GM7SDnOW/h47VRkUpgMDyTgZIBB2nnJ6DPy9OQe+SWo3WnxdXve3Kmrvv6vXotClo7NavS+lnZK/TbTbZ67dM5965YqNp7D5Tlh7YK49eGBGRnIxXc7SQDnOMbQR164ycAcnIHJzyPW9MR/DtI4IAwRjHUY4x+PJ6DrVCTOSfvfLwBgHngnAzjrgnn6d6iV1s3917bLV/8DqzSKs0rabarpF6u7sunba+4iv0wRw2TjpwMZ4/QdB6DmpxLk7iQc7vlYk8dMn9ecnpjAGKpO2MBQA38IGOozn1wR/FwOucUgcbj0BPdRkDP3RtyOvcDgc88k1UEmtdeaz0vf7LW7fVLvf7rN6tvTor7LotLpfdp623urKSxwPlAwMkIMjByo3ZPHQ4wOCc1OrhgMYJ+6MfLxzuJz6dcngY46Gs5ZGY/P2BK8gEdhnnnnsO45Hap0IVSCCuPmOOSc45GOOD6nAznk5qnf59trXa6WSbey6t6LoSraL3l+T1tpb0tbpd6NKxqxncCxwcN8o6EgHkkD2wdvU4PbFWEJBXcdvJOeoAYcZA5bGON3T1Gc1QTjaeQxC4XoMdScZOTyP8ATzfQ5KttGR8zA4wcD1/E57dcZzUxStdX5b62t0t6+W/XUHF2eqv02dk0nrvo7q993ddLK0hLEBRjhgATu3cEkDkbWxgDdwRt44GLSIAgPORwqqCpHOcjGDjrkYJOMcjGK6PhgyjBBDAAc4JLd8ZJJOQDg5wOCBT0kBHII6kH7rHJ5XqcMuM+nXB4yKty3typtq/ZaRuuVrWzVnZt9b33ys/dT5VHS/eTe1rvra2++za2sLFgFvXDAnjDEHP+8CpKnH3e2D0mKEMS2QgBGAehxgHK8n5gOnYn0FRq2SOuQOhORlduCOmehODkA54xyZQew5ycE46fTnB7gjHcj6S1Z337dvs3112tfVddVfQtptXW+2vS9r637pO6VtFu2DKAFA4JPzE8ZOOx54xtBBJwcnjOaQBVOACSRkAfLgjnngk9cnHccEjqhYfKMYY7iTgcYHtwOM57H88u3ElQcY+bBIyPmJycdOB0x6E9RTXNupXbtazTs7Ru3Z6Xelk1q+xnJO6vJcvnHpo/dSfotLPV26jQMkfdJyCTjOMfex2wvpkAde5pAD83ucjJAxz26ZBPUc4GenNSYb+MYCk5OMcHjJ7k9MDkdMnOSU2jOM9+O+QTnA985z2HXoDQpONk3daXavvaKs79r6a2ejtshNc11y62tdbWdnzWste/po7MiMbEZJHQfN128juBhskn1IDYGdvBtYKBgsCRjacdGwST159xnJyQSeZQSPlII+YkDrkqRwRgA8n5gOu7Ix3UYznHABYduo5H4ZPbvnBzTU1pur69E2tG9V8+q6dFZUo2b0a+FpXbvay3bSbu1qtVaWtmQLHv6YJJwpPAA5J5IwB/CTxknnANRugypYjCqRuJxkZJ7dRkKcD6ccVfAXIIBGcMRnhsgdcDjDAgHHbcSBionRMYzkEHHHfOcDK8AY54A5A471zXSuuW1rpa3ty6b79dHonsON73s9Unq9Y9Guq1tdpOztfcqMvKPhiDzn0J4GRuIPI5+XoM9CSHEHJJ4IB6Ac55xjAA43cg4GQPVakAxtJwTkAYyTgYHHcZzyRg55yTgUuMFiwBG49QTjDHAAOTgDHJ/mDhp3a1bbtvqtk72Xfvpv62tJLRvTXdX32V76LZdb+V7lfGSegY55bnBHy4AwPU8kj360/qAWOScZUgkDp19ueQBgfXcA4hflOAM98DuT6Y4yCAR174xTWB/5ZkAgnIByxBJO7JyecY78nIxztG7KybaXW7uttO3X5a6X3LJdtl9+l7afnvZa6atdjghRkrknnCqMjpjOc5OAe3PBAFRFiSxyBwuRnOc9c8+gOSvAOfxUn5QpIBA6jgk9c5ABJOTnJHQgCozg4JIw2cZJAHsAM/KO/P3uMHsRd21pe+m3bfo79/wBNbJxT3v6K9tWnbd2St8lo3uIGGccLgbemFJ7kZ7DpkEAdOwoJJxgleSuMjnH+7kbfbPQjg00qSTkgYGeQRuPoeMgDgYB4z8xJ6ujGG2k4yAAGOSCOo6fLnqGxnsM4otda33td9bNXXT7k3to31pW3tdL3m9V21vZ2t00v0vsKwkBxjoecnkAHONvfng9QMZPGacEOP4RgkHHXn7uTuOSOmR78ZJqVFHzITg4H3jz6jHPJJOSOgxwcHIUxlWU5IUgnOMc+mQT9D1/LimpXte65raPpZrsrp6p+e22+DTv/ADLTVXu3dXvq1u9fusyu24HIOQWGR3Xtxk9DjnB9CeeaikLb/mwOg6kkHJ46dO5BUDqOe9o9/lyGACk5Bz6gt7EcDHHOemK5HGWUADqxOSMkH22nj+7ngA8VcZuyd7WV9tOuq0633XR6uyuS01JRTaejSbv069m7b6Nt6paWrM+MkDvnAwQO/A5BOeSPw5AALgTkAY2tzgA5Jwcjg/McZ5A+X0604qp4BHTGSrAZ5weAegH07ADJBAFByx5OAp5HA4AUgE4IJAz0IznkVqp3vo7/AKOz2fXVf8M3Y5mkrpb26pbR63d9NdkuZa6O6cwJYncTjB7BTtxjoT+JIwAfmOTTS2ByAMjbx34znt0JIBI98cHDwBtyCQCGHzZwecgnPIAIwCT35JXkoUHCnoAOTzkgAduwGMHGfQEgU1JPRb9v60/H9Qu3a2rumru2jsrryS6vqrdEVmOAO2OvI6Z5bI7Y5xjHc8MTVdlIySOexPXOO/baVwM5yDjvzVlgDwO2cZ6tk8diOPfjvjPFMAIAUHP06HPBx07cjvkduKu+vyX4Wt36peuu3SldpJtbddbNOGu66Xts0k7N3MfxHx4R8Zv2XwjrrEkYyBps53becYw2Bxt4yvJx/Bj4+V7q98VLHgMPGninbuIwNxunOMbRgbjxnJw3XGR/el4pBTwV47ctgJ4L8RMG29f+JXPjvk8jGSc9hwcn+D3xXFDPN4plyhA8YeI5QofLMH+0KCRxhS2Qe2cnsSe/Lp2rcyfTre3zu9nq+/bc3p006NXmTld0/h21tolq+t7tJt3dnc/OD4qaXeDTbhWjjmQWtiXYgE4e9jBC8MNwB78kbuvQ/wBIXxH/AGtfh1+yH+y58Ib/AMR3EOr+O7/4deG4fBfgW1kE2q6xfzaUkcLyWqF5oLPzWUszRqJOVTtj+cT43+LdO0/RLyzsZw+tw2MTLYxr5uxra4EyGQDPIdAdhBJ6Y7j9R/2AP2QfEXxOutO/ap/a0vpNbuNO0DT7rwJoXiGX/iWaP4f0yBfsOoS287GC3tooI1MEIVVcAORkc9FWvP29RwfvSdk7e7GF17yb10vpt1d9ERVp0EqKkm4pXcbtvVxaV9LNW1T1t95Z+An7JfxD/ap8X6p+09+1/Nc/YrGS31bwT4AvGMOn6bps88VzaxS2jFY7e2SH5pN0amTb8+RkV0/7dH7b2reLNZh/ZF/ZF0+fWdcvdJtNC1nUPC0W6OwjgjSA6XYS2yiG0t4FwLm6DKqgMu49+N/ah/bS8e/G3x5rf7MX7Illdane+KL+z8Paz4p0yMrYaZpw221xcRTRJ5dnZQ5wZdybgMJkEkfo9+xh+w94F/ZH8Hand3Udv4q+LutWRfxd41vY1nuxcXNs0s1ppcsoaS3to2YjzEZGnOGbuKdGnKaSlzOMteazs5XXVpXjq22uu/nlWrcjUtOZWUIJ+7G7Vnpa7SVm91JO1zzT9j7/AIJ3+HPgP8N/h/8AEX4jJF4t+NPjfVjc6nf3DfarXwskVtJMNP09JN+683D/AEq8/wBY0ikgkdfxx+K7tL+0X8cLhjloU8Vs2RztUSJGnTkAcfTBPPT+uTy7W18H/B831zFaRPe6rOXmfCuWtZ22AMfmc5+XAz1IBOK/ka+IRGoftAftIXFu2YrRPFTDaNxSKWWQIRwQFYEnI4I5yOAv3/BjbhVit4152irWajCdmm3e947dFZ6pn53xc3OpTk9faUopO93/ABKdt3a2reyb16nlHgyFm8DeDWUAsbJMBixZsyS88g8qfvHpk84biuV+OxkHgHXA4QK0UAHPUlgTt56Djb0zjsRuru/CFlM3hDweIoyyR6Ojq3zFWJeTncpOMnLZC+o7HHn/AMc4pI/AWqGaJ8N9nAJ3YUtIe75Iz09yeTjGP1+Vv7Hd9vqMG0vKnC6el0076+rXn+TQg45vZS1+vaW1etRO6/FNapaHpvw21CK28GeGEfYM6HaYzlmJMf3TjleefywcnFdFLqsJSbByGguBgDJDNE+R3zjIGT145HWvPvAVpeP4R8PFLZgg0m0ZGYFcjYfunjIyehAB7ZCtjojbXYWZnVE221yFAwSf3Tkkqe+MYY9jj1rooSSwdBKyXsFdNdHTha/p82ltpqeFjKTlmFS6bX1qTT5W1f2i6pLbra3R6Pbzr4BX0FnomstMrsW8Q6qyhBg8zMQMk8DPXJ3ck5OTX0BL4qtY2R2tZ5GYbIwrbuR0J5JwMnpg9TnqT8//AAMjj/4R7VpJRD5Z1/UMiaVI/maUkYBxuA4PBxwwOec+0yNYKwDXWnRbV6m5hVgf7oywAGFA65C/nRlMoRyvDOUoxXK205Wbbk3u3b7Xb8EmZ53Tc83xXLTnJxqU0mlJJ+7BX1jvfZLu09j5/wDAOt3Vn8QPixPb2vnte6tbsmTs2YC9s8YGMjPQYJIAr05tc1+e4RIYIVV1+ZVI4BJJLEfNgAknBBPU+teY/DyXTn8c/E57m7soo5NWhMbS3kSI6gKoMbM4DjjLFSRg5xg4PtFtqPh3Ti7SapogkA3AtfWzEA5IHLnPX6HgY455stq044RJ1owTxOJlur2+sN2Wrs9ls767HpZnh5zxUFGhOTWGwuvLN/8AMPSbjpZaW+XXU8M1eOdvj/4fMhXefCkjPtBKhjkEZ29jk5HzYGSK+gbqaRYNqFQdqjsMHA4AP3geQMZAz90HGfnDX/EGhw/HbRtQbV7BNPj8NGK4u1nWWCKQswEZaNjknB+UdBjn19YufiL4AtI3E3ie3cs5YrDbXMuccrtKrgAdMgjp/Dla6MsxGGpwxvPiKcXLF1LNyS+zT03dm7u+uluutubOMHjJyy9U8PWajgaSbjCcrPnkrN20a6J+XR2PMfjOC2m+Ehxubxlpe9ck8C4i6bsjg4DdSuD6Lj6MVCSUj7xw7lztOcKBkjjGc57N35NfIfxZ8e+FtRt/Ckel30t59l8U2N3cj7DdR7YUlRmdWkjwxVewJyAehIr3WD4w+Bwu7brlxtAT9zptyQ3ykD/lkDwVOBwB97JBrKjjsJDMcZN16aUqWGirPooyTV1u1u3u72Z1vL8W8owEHhqnNCpWc42alFOVNJtb2bXS90vU5r9ofevwy11Si8tYfOATtIuUXPuT90KewPqc9f4d0mO58M6FKCyu+i6djCkgstunJzkHOQOoAzjIzlfKvjn8Q9C1r4cavY6ZpWuq8r2Lie5snjtwFuUZi7sgIJAOAAOSATzkd34b+JdxD4c0OO08B+I7p4NHsofNKQpBKyQoA8YLE7GAyC2eODjqcPruF/tSvU55STwtFPlhOd/fk38KbStayva6sr9N5YTFxyzDQ5OWX1mq2pygrRcKcE5Xklp1W78jf1LTZYbDUXxGiR6XfHJHztiBtw98McnPoSO+c/8AZPVU8BamrFDu1y6YknaAN7EdRnH8PJ+b2yDWV4g+IHie40vUkHw21FFk0+9Vp2mhQQq8Lq0rEMDhQQ20Lngj5s4rzP4BeOvGnh/whe2uh+DINZWbVp3N1cXIijQ5b90IwScruIboDtwRnkEMdTeZ4WcVWcVQrqzo1L3fs7NR5eZ9/RrXZmdTA16uV4mnzUeaVWjP+LFRvbW8uZJa7J2dr+q+8rqVx5rKQVLhhyW3LuAJ7duo6YyQSOT47+x9p63/AMXvjkDJ5LvqlsI5WOBuGQCCf975TxnGBnqOePjz4v3qgDwZoFqkhUhp7+X5RgA5wCwGNueB0AGea8n+Bfjb4reGviD8SpPDA8OWmp3175uqpfB7iCN1cFBDuVi+088gEkY3YPHTmWJjiHhIQpV4NVKsvepOneTotcq5rb7tvZLXs+TLcBPDUcbKVXDLmp0knGrGSSVSHNdq7itWk9dXp5/1EfBvwb8UPBWmCTw74y8U6P4c1Cxe41t/Dt6ba1mkli+R7hRKqyOvGTyw9R95fx+/bX8Ix3X7THwkstN1TWNd1vxE01udS1Wd5Gur6/uFgiSWR2+YrNIqFwTwzEkZwcxf2qP22E0n+y7L4m+GdI0trZUa1ttKhZQqggKcxgn5eGyApGd2CRXyD8RfG3xo8UfF/wCGOr+KfiLb6h4mtWlfS9Sh02GCLTZYZBNHJHCihZGWVFZS3UqM4PJ/P/7KzHC4qeNWFjGpVqpU2oxTlVk4Kk5Ws5LmaTd/xPrsNicJUoLCvFucIUJOpBTnK0FD95ytq1rK6ej2srn6L/tAfst/FT9lu50LQPixoqade+KdJtde0W6tpDcWd7aXUSzeVDMrMpltg6rKgPDN7AV+Z37TARPBlrhmcnXtMBAL4DGZDhj1BXBOBydxDZ7fUnx6+LX7Uf7Qw8Jr8VfjnP4lTwZpw0rQ/wDiWWtqbKyUIpjHlZMj4C7mYls9QW4Pw38ZPBHiSy8Jm61Pxte6oi6vp4Fu0EKRs7zKDISDnehIII5O3rgCvqHVzd5XUp5hhbYlUZKq6LjCla8WpWcm17qTktVe9lqreVRp5Y8fSngsX+5U4KMJxm6jb5dE+WKu7u223dO/3X4KjlfQNBcR7VFhaZDAhyRAgBAJA46EnOPu54zWv47g2+CPFhcsu7RrzB3A/wAJxgZ+8TnAHpjpyfkbTPh3rlzp9n5/xI8UQxx29uyR28uxERolZVUBwBsxgYXtgn5uW+Jvh5/Z/hzW72bx54y1AQafcSiGXUJlid4kyFkRpMNGc8rhlIOOBg19R9axccG19SbUcNrKVelGy9ko81lfpvt5b2Pj5ZVl7x0aksyTbxSkoxoVG1KU4pLWzXZv8T7b+AGkrffDzwBpsV/YWz3mnxQo17fw2kaM0rg+aZJECDAAG7nrggHNfSzaNpPh+HV4dd13wuZLRLmBUt9d05yx+zSfPGVuHQrjhsDcSCADkZ/HLwH8MrHXPDGg6tJrfimMXkIaSCLWLlbeIg4xFEJAqBiV2kYCseOtdvdfBLwoY2Fxe+JJzIH3CXWL0kkIxAPznkH0PGTnBIx58I5jWoYeVOlThQVCN1Kr7006cdb8l1u9E209H3PTnhstpYmup16jqyxDacaCcab543snUSei6abP19D+B114XtNJ8TyXmt6LawyeNNcZI77UreFtouHKyIDMC6OuSGwQxHJ6mu/17xT8M1Btrrxv4eiCyF2Ed1DIoxg7d6tv+Y8HpxyM4Br4u+Fvw98Iz2Gt/aLB702fiO+tI2uZpJQIkbK7gW+baOpYnI6tu5r1KTwB4O+cW/hvTWfksWtg3HYAsSMkZz+ZxkVnl+ExdfB4aUVhoJp/HOcm2pbNKNr3WnveW6sd2Y4nA0cdXUpYibfs+aMY04pXjBq15S6W3t6bm1pXxK+HWmfF6O4l8YaUmhDwwtvFfwxvOjTrMWaAmMM+8jHB4yeB3X6n/wCGlv2d7XTvsjeK4pbxYTEwtdLum8x2TADbYjkknIJwRknKnFfntB4c0Sz+K0enLpFhDanw+kywLbx+SsrM37zaVKhgep5OR143V7na6BpGA8ej6Wpdf9abSLdkc7s7d2cHuc5BGFwSdsHhcdUhiIRr0aapYma92nOV3eLukqiVmrq9m9NdTnzCeWqpha06OIqSq4SjJRdSmkoqLScv3d+b8Elfuzyb49fE/wAH+JdU8GzaDe3N1a2fiqO7mkewuoS8KlD5cAljUu+BtAXtjcBjNdNdfFLw7LMzw6N4ou22hiUsHQAMoU/fRcfTOO561xHxxSK1vPhwsUcEQfxXbDbBGiDG5Mj5QM59CTnpnvXv8iRuJiuwsIoxsEYXBdQWB+XjOeAe/OQcmtMFTxksXjoPEwjKk6EXJU03K9O8UoubtZP9AxOIwNPA5e44Kc4ONZ04yqaxftI8zvGFnzdm0k93Y8E8YfECGfwtrlvb+E/FCLPpNzEtxOkEcUXmJgM+WDFRnI+8SBjptzveB/il4o0rwroWnWPw31C/NrplvGtxc3NuscymEESoN2QrjsBnJGB69B8TbTyvBHiKR1feulsDlTtJIbI75LAY9/UHIp/hCLd4d0PCqrDR7LDBGB2+QOp5yD0wTyD17jX6lUqZg6c8XJOOFjKMoRhG6c4pqzTVm0330d3YccZh45bGpHBK31rl5HKo05KnH3r8y2va2qvcjn+MPxUNrqENp8OtOsY7nTby2d5tQZGjingdJiUR9hOCwJAJPQ/KK87+EXi/4mW/hSCy8OaR4fhshf3wd7u4mMi3JuJCxAXIZVfKjk4GeNvX2m6s4PIufMfdvtbgYYKMZiYcfXoDn5go6mvK/g9NDB4akjeaGJU1rVAIZJUjcj7TJgqSenGcKduOuOK55ZbChmeF5cRNSq0MQ51HKknJxlRainyrV9ruzfR2vSzGpWyvEr6nScKNai4U3GpNe9zXlZy1a6a207XPQbjUvjxfK6vq/hSwyoLlI2lKgHnhxtyOQB0Jx15rwHRdL8e3HxZ8VSR+KdPttZNhbfb7+KzieGaDaoEccUnyLt4PO09MAAGvp641nTYyAdRs1XK7w12qsegKnDEfMScYbPTo3TwjQ9Y0m3+MXjC4uL6zgs5NOgSOZpF8t2CL8g6jPGRyOnPYFZlQw0K+WxeIqTviuWTddvTk30kuXzatp1sisrxeKlQxyWFpRSwzcUqKfM1UpvlaafMrJ6O9tNLvTvbbwv8AEaeVhJ8QpfLBYCSHTbRDtGSQOMluoBxgKMnJNebeL/B2uyeLvBNvfeONWuZ7u7uRBdxxQ28tntR9xi2YyT0OTuAOACAM++2vjnwlb20cbavatIrMAsaO+DggjC849scc/wCznyDxp4v0T/hNfh/fxXTz29tdXf2gwW0paMHzCuFCZY4GMqOMHI3VWPoYGnRi41pTftKfMpV5S3nDRpyaVr3bt210Iy2rmEq7cqUIRUJ7UKcfsaK6hfrbfV3079H/AMKbSaGM3vjnxjcPucsi380ak4YHhWH3sHJxjjn1rlvGfwe8Oab4X1bUW1TxJcy21sjqbnVLrZlpUVhKpkw6tuOUORyO4XPtNt8R/DQhimKarcIysB5en3C7D8wON0eCOBz04+8M1xPxH8Y6Tf8AgvXvJsNbPmWhCO1m6xD98hXeTGoG4D5TgAkjqKwxVDLlhqzspS9k7JynJ35Yu93pvsvLXuXRr5l9aoR+BOcHPlhGK5bx0bik7au/XfaykZfh74Q+B5dE0y4a2vZDPa28xke8uWDSMhYgYLbQDnAxgccjiv38/Zr+FvhiH/glN8epNGsba31eO18SP9pZPMnBV4Whlkmf5zJF09huwCea/BDwz46k/wCEc0aCPwvr0pS0toifJCpIyqQHXPbkjOSAGyQcnP8AQV+xvfz61/wTb/aCtntbrTbj+zPEbLZXkyBgiqG3MucAkZIbHAAyckGvg+P44OnkeWVaCUZrMMArx0aUmouV3567O762PtuEJ42pmeNjWlKUZYTE+7zNp8sb25b+emj008l/L6mt/Fjw8BNdaPa+KNLVCEktHEd4FVmCnYQdxCjnHOOc4ANZ1h8X/C9x4x0a41uPVPDb29ldW08ep27pGsj7QWV9oVlyeTkEAHg5OPoXSXhuLSPypracBpF327xykFZZQ6uFJ24IwTyBg8t0rz7xVoWiat4h0SHVbK1uY5Ir0SrLAp3DH8RKgnIPXPYHkCv0GplOJ+p4StgsdKpTaoTVOu1UTnaDXLJcsot3ta71skrWPz+GcYf67iKGNwEYu9eHtcO/ZtRTs+aDUoNpavZ9ezPUtH8Q6RqkcVxo+pWOoI/IEFzHIWUYJYpuJU9+cjr05pttPHc/Ei3upUSMw6EUVg2Rh8gA9D2wP/1ivny++C2hxzC88L6jq/he5IZ1NjdSC3Zxk8xGTYvOBjC88Y4qfwtefEbwJ4+0fV7220/4iwWlozy6RcTNZS6jYRMrSW80kY5bZu2tnO48EDNRiMTm+FjT+tYGVSFOcZxnh5e0U3Hl5Vyu0k3otrXfW5EKOU1faRwmM5JVoSjbERcLX5dXJNxdrW1kl1S7fb9sscn7xFjkOzDAfMg+bkDBJyewI4JJBHQfXH7EP7Jdz+1L8dfGXhKHVI9It9M8JabqM18ipI43zOBEiMfmLcjAyR1HHFfMGuftifsteLPDtppOq/CDWPgr41jMMU2sCe9vtHZI1CbY1CMC8jFtzsMhehySK9a/ZS+JWgW3xH+I+u/Dn4yweDNZt/D2iQ6Rd2esQ2UGpATFpQ/nzRPJIAQXjAymcYwDXz2Z8R4vE4SccNCpgMZGry0o1lFSjJtJy5byTT266u9jtyfIoYXF/wC0VKeLwsqd5OnflavG0VLVNq26bvfQ+i/2uv2LtS/Zl8b2ngufW9M8Qz6rYHUbKSydjcxQOvEN5C3McoPLBwEIyBnFfmrdeBdRPxTudONpILhvC4uWjVTIEhhdm3hQGO1QpB6AD3Az94fFDxx4x8YeMLrWPFnjKXxNri28cTeJpbprsSoACsaPukhVOMgIcc5OCSR5L4Du/G99+0PY2vhzQ9I8UXGp+Dm0y6t5p0gll06ZmWeSF3IRbtlYlACAW5zhjTocRY3C5fR+vtV8Vh3GpVqRXIpqDWsVZJu0raaW7XNMTkuFq4yrHCwdGnXhKEINrR2it2r6u3bTfR6/Od/4anjS1d4XK71+6rkHjAzxxgZz0IOCc5OPPdI0tX/tNCm4JrE6srqCuQmdpyORlR1JY8EnnNfvn8dNC/Y+8IfCqz8KRJc6F8VraO1l1Hw9qQKaqt7LGrvPFdAeS1qJc8rIUCjd1wR+JGmWcxbxPNEiPHH4kuFhIAKGPBCAkkZOOTjj0yOT9DlWeQzqlSxdOE8PGNRxaqKzk4xTbSTas+js72PnMflzyiUsPUlGo3CnNum7pXSvDTVSXLqtrdlY/Nz9sPTEtdR8MMYkUywT5VAdgBJPI4A69TngHoN275n+F2n3Fxq1ybZ5Y7pYFEQt127l34YMo4K4BJAPT7xwefrT9taCWPUvCsjqTutZyAoOMknOAV4JGckdOh7Z+f8A4CoW8USMwOF0+U/c75c8EBhkjjnvhcZOB+c57Tl/b2Jnzwk1Ui3JLvCL8raLo1rq1Y/TclnGOVYWEYO8qWitda8q5mmmlb3mnc/Qv9jCPWZvi54FhvbNXeLVb+CN0ADNGLZnyyrxkHAORk7QTX6c/tV2oGo/C+2V/nEt3DMBglFuZnjZWzlThSeT1AJIGMV+ff7G0ttB8bvBXmFkZtU1H5SW2gNbEEnqRnPce3PBH6S/tU2lvDrHwzmjYeZLf3zSKwBKgO+M7ic85bHzdefSvLlPmxSU0nZXavtFLurK7Sad9dLvoz6SnH9xbltf58tlFNx01ta39XPyv0jVDp2oeL/CXkSIsvxFhkS6lfETQwqY1jIyFBA6Dkk9q9W8QRG3+ItzJZsDNHa6LKpGAE86FIcLtPBYMcAcf7IB55XUtJg1LQ9XnijhXUm+I8jrcJ8sjxQ5yruOOcHgELnAGBmtK6upJfHM08gMJjtNDc5GA4gkhQKDj51JGeM5GPoFGMZtLmtzTSjLZrWPrqkkul02+zMpxaa1tZW06p8t13T3Tv12OOkiGnWcGkTLKsreM/E/myAgZW4imdAcnIQ5A6AcD2A0vCcl1ovhGW6iUmawjuoLXnewF1aXDSA8huMjIHYkfd6dT4h0VtRt/Emv/L/xKvGkDRDC8/bFKSYwTwQx44A6Y45y/BkoF5c2lwoeAatqELRyEFWUWU23EfP3BkAHIHAJ4FXKM+Zw5leyXN0ktGpaXi2l3va19DOm7xi73s9OjvtfZJrv2emlzoPBMwvNC8M3F0FFyvgrXAYwvO6RmO7OCRznJ45/IYFt5w8KeBpEJAW/u4xksAAuoxgtnoG/2s+pBJJFaXghop9T0xI3WeGTRNYtLaONtuWCu20Ifu4ZV4wSMDAO0Uapa3Fh4d+GUciiOG41y7jlXoCDqcQIJGSSMcHHOMZHBOibgo3ldLlvr73NpFSd7pL0+9JFR1m21ZJ9783ZvRJ9dFd/cjrpr2CLUfi/9tdVkaxtWjLNjflIwoBYHJHO0D1yRzivTbC90+bX/hxiQHzfAzqqqCdn+jSYBI4BPQAnjAHJNeEeN9MuW134r3EzPHp0EunW8W3K7C8anzE5BdM5DocnnpjIPr2haLBb698PS08kyT+DVYOjD5SLWTLKoJKKcDKsAR6VjKSUvebVt0krSvGLbvrd6K13tbXtvG8tEk7dWpXT9297N9G7X631epzGlTW0eleAfLDiT/hYeqwY3YKrPLIB/F904ZjgcgnHzdeeuoY5dI1u3lMwj0n4mEB8BkRZpwX6cIvJ5PILE46g6MNvE/hrwa9u8xuF+KRt0JPKlriZCSeCB17EccdBWv4u0S90rw18RLKN0LDxrp+oXEiDc0CTOpIZuoO3gYxjBwMYzE6iULOaV5x6f30mn03enm7W7b0qLbUkteVXSst3zb9XZpbWVu1kv2I/4IbukP7aHi6yicyW4+H2tiJsjGw28T7ByTgjOBjP3jx0H9UDph5CygAu4wCowVY5ORnpnsD06A1/K1/wRDgS0/bW1JxJ+7vPhpq0jAE4JNrGPbkc46EZ9sj+q+SNlMu3kF5DnHqTyOv4ZBx/ER92vn6zSxMm02nTjdvVPrpfR/Lvdn1FKMoUacXHXkTunrZyVlq97201/wA88xEsCBuBBOeRxz29yPmPBxgjgcBTAUk/Kee5UjJ7kn3AAAzgcKcVcGQQrAkjCkEqMg4yQAONoB6kc9c4BCMAR8o/vHIyBgjAyB3BU9/wqYJLZy6O91q1y31evlflWmllowlHmWn4uUVruna3S9r/AOZTKcEruAzgkdF3c547gDgY3A9B1xBtdCQCx6EnOAeh+Yc8jqCOw7Hrf25BBxwQGAJAxkHJxkdMZx/unGaTyyHJztzng9VIB9egPQqO2eDuOdVJbXs7q1+mz2+66tu7vVCSjpJx1XKmrKP8rXV7XtZ7Wsm9GUWQjCqcksT3UkYPUZ6cZ4AI6tigxMcg5HQj14OSOOh+p575ztq20SgEhzleCFTnPTGATnp0z2xjvUTCQYCqDg7Sc5brjpwAMc/xe/qDnbVotK1tUr30Vt9NV1V76LTUbjZLRr3tOVXvp+qdlfrrruV2VzhgQfmGVBIJA59OMcEgkAjp1G42/NuLDO7B6gkEZUnb948DBxwckHsJyi45BJwRwTljxknOeQccAngn601V+4xweeQ2ByARnI6EnuOgAx1wBN2Sdnpa2y00vyp6BCKW6bvypX95766Sil3vJ6+XQhIOdzA87ioxk8HscknDE9RnaeNwIJTk4PPQk9SCfTg9yOVwAOTxzm7tUEH5SejAZGQQMEEZO09cZ455A4Liig4A2nOQqjkj2I4IPoT7jOKlafhe7s7dFvvsm+qfVDnCMbONlKy1Wl72as5P3XHsul1foU9hb2OQRgEYUY5OeeegAJyPoTSseOQoPJwOoyCO3rnB/wB71DVZIG3OQD375HPcA9uwOM4z0qu6cgAEAEAYznnnI25PUYwe2QOmKFfde8r2vfdfzat31v29FojL2bsm7brd7Xsk3bSybWq63+zcrNnLLggjBwD15yR6g4GcLgYyOny1HtBCnLcknIJOcBsDjP3s8/eGAc84FXjglm2jIyORuJwMdeQBjnAyOQRngUxtoBG1WIAIwM4zycg8AbsDng+4xTvez0v0atbo9NPK/n2WpTjGF01zXXS3XltqttpX08r2vaiSwAIAxn5SAc++Se3OOemR2AFNMb5H5FgOTkdf0x3wD68ixtHTkHrgE/NnntjBzg8d8ZxxhdgPAzyc8+nAAUc89sD+lOLemqvZaae89NXazerdm9n33I91fZb0W7sul092/tW116pbuoVbg7RnHI2jgH175OfX0Bz0Fd1JKlW4+bPXGSeQBnsehJzgk5wOdAqCST8pxjBAOQATnI5IbIY56cdelRtEOckjOGHYZwf4eO/OfoeMgU1Ll1d7N+d7u2rV9U111s13eq92yvfmtZXa3fLe+ya/X01zXG3OAGGQVU54DFtuABwM5JPpgN2pApyBgMSDuPUY6HGc9eoyMnI6A8XJIwMlRzkjJHRh05HQ49yceooCc59T2J4yec9hjjrnP4Zq+bqtm091fpunt28rXB72srau973vayau0+/XrfpaoI2OQVwDyTn7oPIA+hHQYwRk8GneWcDp3DY756+mMYwCMADvV7arZ2qepGCQVPYcjBwfc4z0brTWjJAAUEnJABxgDqOcnHYHv0Puue7S0WmrvptHbW6vd3fTT4eiTitdtOul/h0s10sr9NNH3pBdrZHf5VA6cdcHnGBnHbAHTnCbcFRgHdzkkHAz2PODn8fXrmpypXBGeAcgjjn7uOeQc5H0A5PFNK5HH5HHXPBwcjcOcDk8LkggA3zK/ZpXvvtr0vbS1vlsJpST10vd2enTf0tff5PrWK85GOvAJ4AzxyPfIzyRjqRimbSCuO6tj5uFyc4J77s8E4AHbANWyh+gAO446nDcdx0xycjgr1ANMKj06AH0A7gfQ5544/LLUuz9bStbZtJ93Zb73t1IcXZW11/NK2/RbaaW+ZB8w3fL8wA4BwAeFyCcjOcE8E59hwnQHBwcKpGDnDHJzkHIIzkbunTPJNkxBVAPdSzZ6dQeew4yD0IOM5zxG0eOOm7p1B46njv35wD/ADtTuk2tdNtH0u9Lp3tt20vvZODV7JJdNf13Vlu3tb7osDBXBIBPsMDAB46fQ+gHHZdp+XB4HBwRwzAlR9QSvT5Rn/ZNLtJIAJHB5JwGOScdOg6EnopyMEcvAICDGSfTkggjO7AHXPBAIyWA4zT5m7a+vTTTV6+uydk76WJSez62T1TWrWi9OvXvexE0Srj5eT97HTIwNwPOGxyeCexxwKYEQkqBjkkHjOBgnjJxjB2568D0qwdo3HJzncSQeSCBjoMZOegOTzyaTIbntjrg/ebI6DGcMeg4AwTjpTUm3G1lezWqd9Vtr8tL36JdCSktFfTW1t20tFom76aLVX8ioYucgKA2C24jJ29Ccc5yOm3pk4IpDHtBzg/eLFe2QdoOc5GADkZIPGM1cJA3AEE/dyMYYDngMME4zgHAwcCo2CYwflBJPBxuCkbSBznoCVPByRnPFaNvv+Kv02vrs7S66dSLaK67WX3JN2/FO9ldeRHsGOGPTO1SQenYgZJG0/Nnqvy4Oaa0TYByBgE9Mjn5sk46+oxx/D0Jp4BViRuJY/LkZUJ1BGM/LjqRx0BHQmQEqMc7shePboOuCODgEfjxUtqOum22l7XW1+m1110Xk6lHT06Lr5XXTT8rbFUw5PJ6Abv7uQQQOnXjIH5elRNbkEMq8ZDEYB7YGMc45HykHAyDk/NVtt46cF+MgfKAc5HOcZ46/McEnO0GmMTt27W5yF4YEdSTnjGPpk4AGMmmp8yula9k0tumlt1bZ7abLvnZ2VuZL572XTe6vs1tqk9bxoihsMF3BThc8hsZHHA4O7nB46leCUKAjnG8ZUN1xnnPAOM/KDzk9t3Sphw2WAx+Gcg9OOnOMnKg4zgVIoUbmAGzBIXBLZHIJfPPXjjIbJYYob9eit3Vld+m3TT5IXK+rslvfpoui3vu/wDhkqyxBVyVxyDzxlQTk4AzwSOnqCDjaaaVYANzjO7jlhnqQTkdeQG4IHBNTu77nAHIUAEgFk56nOeSw3YAOe5PJqIMFUdySRzkFj06H5SwUcAHAOTn1luWuvVaPTROOt/l530T1K5d09bWVr2Wy3062+fbS6rFG3jkE5HAI59z14PTPYggdxTWU9SAcFmIBPA5x/LnGSfTpVzO7BBHYnIIAI56MMkHjn8s81GSp3HIzjnAAGfQZxkfmPm7cmtKd7ptptW6LXTdWaelvO93dWZm00l1fu3W38t7XSvve2/boykyMwPG07M4PBJYcAcHOTgdMjGcCqvlyFR8pGCQeQWwOx7kY445IyOTwbrkA5IwNwGOcAjBHIOBn2JOeDyMFrlSq/MAzcKM+pz3Jz7r0PIPNbrmjpG1r99tF2krrpe+jtZ6IylKM0nJbJNbXcvdW1m11skrLpZXKXk5VSCRwSV7g4JA5698ngjnjA5Z5GcKoAIwTk5CqT8w5xnj+LpnI4zVnflgTgEE8cgBlH97PB4J6djjkcJuGNw7kkjGSW5GAT/kkdq2jKbs5Nd0rWurp3Wve9/kla2paEbPm7PVrydtEtOl9LN666Ks0OEVuTyyoM9M88A5OQewzgg5OAKqSFhlX4IGOeCDn0HX0BJwPbqNKQ8KWADZIwAOp/Ac+59eccis2fLkbc43YL5wC3J2nJ4xjsD2BPet6c5PrF22fS/nfRtX+5a6amc1Ha7asrv1s7aaq6tb52d0xhZ8nIwTg5Yn5iMjGG4wT0YA8+mCKib5huYHaQ3DclSD6gHk+uenHBpwckjvnIBOfvDJbPGePr0x2xTSxbBzj5gCN3JGOeue4xyTngHq5q23p5Xtbvvunb8F5vYza1V3vbRN3ukrX3183197chcHqOQQDgsQMr14bvg/MOhzzTW5JZsgHZjJ4B+XAAyBxjGF4z2qYqWBKgEM3XGRxz6HAG7rx1wCRxTXLEkYxwM4wcY6gjtyOo9wAe+sWuWyVtEurV3y3s01Z3WmmmjWjYSg3rfs9W23y20tZdEl+L7B5YyxY4Y42naclQPXjryOcDJHTrUTR9GOScAdTxyMZPPpyf4cnJHSnbjk7iclQATk4zgnjjHTGRnBzkcmms2QQCNwA6EgkHgKSMYB5JPBPc5rNK+itdrX74ta3to21t+LFybN+9ZpJpNu1o9ba7brbvvZhP8AeGQWxjnJzkdgTnuCOT+hXP3mAJBU4O70xk5PQhu3UZwB1JCQCSdp5Hpydu3r2AzggcFT35yblXPHBUBSTwMnpjGD3JBxn64FXFytZtaK7unpt/et1S0b0ae2ycXe/Sysktdo31/rfe9io+FBJyR8hzkkg9CB6DGBk9OMgc0mSSo2gksSQ7ZKgggZ75x6HC/dByAalZwp2tyAOCflI6Y44wegbPAJxz82EYkkMBwMcnGD8vY8Yz7gepwM1tdpR5l5pq7Ssu29tuu7TfUzT30Wl04pNXV48yTvra6e9k76WsC4GCOpA5BAHcEZGRkkjnj0wcUgBIZk+b5sMGPcD+LPuQDyc9uDS71wMEDIYkDJAIPAxgfLzjk+gA5pxwozjgAAdB27A9fQAEEY9hmefrvfb1bVvyXX1IST3imra+Wqveyu72u0tdb+Y1QVIbryf9nAxjGAMHOeuBkAH0yhyzFT055OTtwARnt16dM9AOKkUjKgqRt+XBBPUdc4OffHHTAB+UPBBYgDv19xksPb5c8njHTHWhybadl00s07XWu711v1S7MtJJKzfxRbvHW+llbXy1/QrlAVwTx95hkjcc4yew7Zb+7wRknDeTj/AHSODgkL6Hqo47YyQxOSQKtbV3ZI+XqrcnaMDII6EcDBHOMjGOKCiAdc4HPbk9Acc/7p7ZODgmqU+93tvZW9LLur99uyE4uSWunS/wD26u/W3u2dtvK0Ac8ZwNpAPUnjJ+mM7s9SASQCckqGyoOMg5BAwDuB5wScZx34wMgZ608hd3AOCAcZxluoB7jHy8+vBzg0oUZywyMhsYPU+mM/TjGc8+7uml0d02//AAHZ9H83pvZicXvz3elu2iVvtWer8nru3oM5YhAxG/I+X0CtkEnuRlgOAe2cinGPPQYZVHGcdwM8eo64Hf8AEOK4+6cNxgdcgdfmOMn8yB14ppJG7PfGTyMAkAAkdCx4GDyeM55ENuytrpd8unbe1t7rrrZ69CLrS11ove3W62aS116NtddFYryL82eAwYHnIbjA+n97IA5Gfl9YlBBYjaAGyQQeFwB2AydpxgZHPIzUzlmJIGCM8nA5JLdh6ZwAenTgHLPLRs4JCnjIB9OgzySx4O0DaPxxV2tHttfptF20X9Xe9ncgnfd3srLba13Zp37+XW9kiIpkhdwy5LEgkAAHIGcHr6kD0GCMU3a+SeoPIDZJA+7leSM5wxHY8+tThAMdgMg8ckAYxjJJxx64/DNPAU9MAjAzknjkZA5XIOF74z6Yy+fpa2y7ta2f6fPfsVbZvW1k/eWtraLtZWV9beWpTC7sDjdjAODyOuSRuwQR/e56A4zTyjfwlwc92wCoLDOMceuBkccjtVkxclsHGScbjg547nI29B1IyO3JawKnOc4BDE9Ofm4O7klcDAOMDAG4haaeyXlfe/Tey333+dtiHHmbbVmk1d6bWtbRPZL1s7PZkB3bVBIyDjLD5jjjGOORgknvweM4phIxwCpBIXjtnPTkY7gj8TkkiZ87s4AHVPmIYdTxnGM5B64285YEUo25JbZnC57kqOQMAccnbkknIzkjirTta93+lku2zvd+u172UWbdk1a+6TeyS0dldtPVW87dHAoJCADnAAPrySRk9h0/Un0kRGwuMZ5PIzlR/LBBI6YHTPd5+bkADGT04IOc5A6HpkdAcge6jBAwewy2c9frySOOMep7805qy7K260W337J30s29FpYSu9bvb3ne7vbXa/R6rz73GmIkckY2k99xA+pwOM9MZHXvmuQuTgdGG3quG7EHPr6HoB25qUk5I5cscAfNxjJ4BOOgP5EYOMlrO2WPGCMkYBwfRTj5fU44XJxwcmE5LZc3k2lyt2V7rldneyV189CZQSaStt1Xva26dtLaN7R0IcDORkkqeefvAL0OSNwwAQeeBxjAqJznPBAIwq5zgZyeTk7TnGCck4JPUGclW+U8LuPQdsdhjHJ7d+PXAYwDELwxXLDg8kcBScZHDcnjAOMURqK+qt7q1V2+i01e6dtdVvdsXs5W3sult7aeiva78vIrMFORkkkhVJ5A5PU+3PTgA5+XpTNmCPlDbiOT93AIyOD8uD0YdQSfareAcZHQ5ORywIOecFj2wcZI68grTMKwYg7gOpBOFJz26DGOgzg8cDitYyTas21ZNLXVpXd+bbVdH1VnoFrWtJtaXs9dOVvfZ7aL5lSTOc5JwCwI+6o4OSRzgnC4xkEdB1phG8kBfQgDO05xkgnkAAdB9T6VcKovGGboGIxhV9fQnJHQAHpnGAYW2ZxkjkNjAJ5J7kHgY4U4AJPclqV25Jqyta/vJ35kmtttE187rm1M5pWbUVe6020bXbdrfW9/J6kBhHLKDywIUEEDB6gnj19AOOSKaY+q4yVUZI6EnJUkdDx82cjr2HWYnJIJGWwBxjkEdBxzyMg8fnS5JJ2/xBj8oxnBIA9z93HIBPqQcXzNaJKW3VJK7Wur222TvewovXdNd+70Vtd7a+f3kWCcZBY7gCq54OR6547HjtnGWIpShyu5QDg7snOCOynAAI7H5SQOu44LgVx3O07jgdME9/Q9eM45BA6ELDOM8/3Tz97OCDxwB0yMnj8XF3SbTScVJO143dtL2t3u3potr6XFNcz+H02S0vsu9rvyfQiKHooGAMghgAQefrngkKCPm5wOMVwv7zAPfJGcfeGeMH1GQec/jVzdnJIK8Bc/3cDAOAchgRknjuDiqpHzE4OASApJ9RzuGeSAATx35zWTmuZp3cXt525fue7slrda6FxUm1bXXbbdrf1X326anoXw2+TxPblASBZXpA6gYtnB7eox9eORxX8bf7TLSXHxr8VMuCW1zx+ueMjb4iujz0PYc+/JBr+yn4YIH8TxccLp2ok5PTbaSng9CMg89R9Rk/xp/tBKJPjR4rm/hTxF8Qc5JwdviG5GO/BPy4x9CTXzWZXdesruyoxutF9ppav0su3yPey6yVPmVv3y16apa6XTfmtFvqybQpJbbwF48aO2e4lfwrpYhXIAkl+1QkADOCAOw68D6fmZ8Z9Nu73xFbXWtKL2WGZJILKYiKzsk8vP7x5PldgACwJAGDjgED9RNMupH8HeKI7RYI1bw5pCyMyYCJ9phQlScgEknDD5gM5yxAr8pP2sdK8Ra14ktdLtb6a2sIJIzJDaMUmuSyHdvZeSrfd+fjnIOQcevw63DA1OVc69q37Jac2itzXTvZ97pb20SPnuLuSriYx5lFOEYqqlflT5U9G3e22vR3bseM3vxR0TR9SltbYLrmpQoUjsrT5dPt3BIAkZAA4TIDEcHGOp58zkl8ffEHW5xctcR6fISwsrffb2EcfQAqpxJtGeSMnHcYJ3/DXgXSfDF9c6n4ieGCBEMnlTyLubknMgB3MSP4VU5OeQOKd4m+McduksHgq0hsIo4zE2o3cSKoQKVJhQgBmPOGxuHDE8mvVlXlKN8VU5Y80mqFPV62Su7XbtZNN6N+p8hQw0Iz/2ek5zU2pYmqlr8Ckoqztd22s0r3eh0v8AwiPh7wb4em1DVbqzS4dl82KUq0kqgg+VDbgmQ7mBUEgc49zW1r/7Sd8nh210Tw6V8H6GLWO3luCEl1q+KKVJtYuVtVYEqjDaQGGCD0+SGvfEPiWSaaE3N9chzJNqV8XFvDlvmEEb/INoOflwf4c9q/Rr4GfsfeF9S0bR/GnjO8fxHfX1rFeR2mWFpCXw6IBn59uBuBG3qSSA1Vg6OOzKq6WDpexpuCUp25IqKaV27XfnZ6u99Lm2IxGByqn7XGVlVnJpqmrTanZaKN7RdrK827J7WZ8QRp468Znz/Cnh+8ihkvoYpvFGqiee5llnZVVjdTcKpOCVTleykDNfZHw3/Y6spJ4da8e39xr+oOqSNamV1s0lKB2Mh3bpAuR8rAqo4x1z9h+OvB+jeHvBFrY6ZpdvY20Wr6asUEMCRKAZEwzFACxI4JOfc5xj1fTtDnmgiiCFBHFG52oMFRGMHIxn5SQRjqMnpXt4DhqNGvNYicq84xpy5Wmo8zeullzeV9zw8ZxLKth6csLF0VOc4dHNqChZcy95aN6RSW1ut/INN8CaH4Y0TV7PTLC3soLfR7jZFbRrGpIULuO0DcD1OeScgEA1f8DWZj0LSljG0CyXAwQcPK5UDHH3hj1UDjAxXp+t6XHb+H9fmRXJTRp1dmJ3bgFyAM+gBONvXIIBzXFeGbuw0zw9pV1f3EVrELGKQLK4aRwrMQqRYLsf7u0MAOgxmvocvw9GjmbSjCnGOGSbSS+0l07JfJ2bR4WPrVcRlkGnOc5YrTd/Ys+j1knZu17u/Kke2aTAFjs9w+4gDk/31jYkAD3wfunnt3rxT4f+MtI8Iw+MTfXIW5n8Y6h9nsLYCW+myFACQgl8E8ZI2g8kcYHTJ4g1/XTbw+G7V9NsGlIm1W/XZKyEFT9jtySXJA+UyADrnbmvnnQ9U8D/AA1l8ceJvGWrRi+TxPd+Ve3r+ZezRKu4R2lnubaXYfKETnIXg8104zGwjiqEYyjGnTjUlOc2opWjB6a3aa6pava+l88BgKjweJk4SnOpKko04JubXMrbbavW2unnr9Iy6v4u8WygszeHNDkzEkUQMmq3KsQVDt92LeF+o44yMHwufUvBfw6+IPinWPEOoW9qkGm2UYimkF3d3jI7M4Ay00lw+QCo6fTAHn0/xx+KXxTkGifCPw5NoGgTSFZ/FWsQGOdo3xmW3Urhmxh0YfM2BjGSTf8Ah78ErCDx7rt74xvLjxfrdvZ2c0tzqLPJBHeSSZmIhcsoHQRjAyAOMDA8OeY1MXVUcJByhzv/AGiqnGjta8E9ZtLVW36nv0MtoYOkpYuceb2bnLDUrSqNNwupzd0m3ZPmbavpG++vqnxR+JnxRlOlfCzQX8IeGWJSbxTq0DJczQHCmS1hKgAkYKMRweOcCsrxF8IdH8L+B/EWu6rNdeIPE8sFp9o1jVpHuLgyNNz9mDs626EnGI8ZXjgYJ+l9e8TeDvAdlE2sXlrYbUUQ6fbIr3s20BUit7KLMuWICKdmPnGQTkj5D+Nvxx1Cbw5f20Gm2Wi6PeS27wR6ldI+uanBHIGDpaoW+zx9Qwk2sMEkYwaxm8PhpxqYuu61RSTlq3GCTTTjDVJb2u30V2zaTxGJo1KWEoKjTnFqNnrLa15OznutrLe60KujRqtraRGRlV4oW8oKUUHyVxggZ2lfunpx1qnqNqt1LMwWZRDhRhyA+XIJGWBYY6jIPBwDlc/PTfHmIpbGPw/G2I1WNkv3RiqpsywRwv8ACMA7TxznjODdfG2czhl0BwjNvf8A4mMxDDquFUsCTkY4/EgEV+hx43yaNCEFUk2oKP8ADm3dRik02na3e6Vl2PxKv4ccRV8ROfLShGVZ1WvbRulKSa2ei1vffbV3TPYfDOkSzXuq/uEI+3OWBUHHJ2kngEHgjsOTjkEegR+GYJJI/MkjA4IWNA56kAEKCw5OMtjPPQ18c6d8Y9WtnvRa6Q8jXV00xWOW7Mig/diYojYJ5+voORW8fi14vuWVrfw9ephSoFul+jNx/E4iDMeQcknOMD0OOD43yqlRhBU6tWacn7sJdZc1rtLW78kr2Wur2xvhlnOJxk6rxmFo05KCj7StZqMadOL5mrWvJNpPS1+raPqrU/DlnbaVrMqRs5Om3HzmIIN+G+5uALH5lb+8RkcFQTufDTTtCXTNHlvJdKQraruW6vY4ZdwBBDxhgRgZzxg5xwRx8X33jH4kajaXkUmkaybY27OytLehFjxkuwZAAoxjB4OWBxyRBolp8XNQsrebTfDsrxOmLeZ41naVTkbwX4BHHHQdunPNW4xhUxUatPLsRN+wcVGNGUpO04yvbklotFZWXmrGtLw4nRy+WHxOc4WkpYuNWcnVirfulFwTlUd278zvd9j9LzqXgq3MqbvDZfaRhroSgHJPUErzznGSc7ema8g+MWteHJPCUwsbrQYZI723kKWZ3TP8wGDgNhMYHTvnGDgfKsPgr45zyR50mOFX/vQ26euMguMFScc55BwccnP8U/Dz4r6fo93qOrC0trOJ4xMX8kPlyFVAFJ3J1AGCOODkCsq/FePlSqKjkWMS5GnOdJxj0974b7aLS6VtGaYXgLK6WIoSq8TYSco1INUoSpNuSa0vzJO7eiS0aTem/wBN6NF4Zm02zebXtGgc28O5EKSShihYl05YEAAZHfgjri8B4UEhT/hJIQAPmMdnIpwTj7xQYAx1ByeMckGvl3R/g38SdQsbS+/tvRrKC5iSSICTy5PLYZAJT5gRkrn2PTkVof8AClvHJldZfHFqAwK/Je3BAAxlTkkEA5CjkjkEDNdFHijiGtCEKXD1S0YwtKUuVtJRV2pOO+jbSdu1t8K3BfCdGU3W4ohzc7clFQurtPlXLdr5u976ansPjvVfDFsugpY6ob+Q6j5kshkSFBGhIY7XIde4BA2gdDwc3YPHvg+3jmWRYGcsD+9v4NrNxuypkJGSuQwGfQgkrXy/4m+Dms2cVpLe+LjeNNdRWiorTSlGkIBdWYH64GefvEgcbUP7Nds0bG88Wys4ALCG3dvvAHOTjJ6Ae/XGK4KuZ8VVK9WVLJYqcuRyUqlNwh7sbWvpdJdG9ez37oZJwPSwtCNfPnOnF1eSUYv3m5xct+iv5eW59DP8XPCUEUmItAtWwFJlv/MYkAknYpIP5dMHbxXlmt/Fjw7ceJdOvWn0WWG3tZ42MUz+WNwGwFmxn7uQMEDHfmuatf2ZPDjgmXXtSm4yVW1Izn1Jwcjj72ewzwBVCX9nXwpH4j07RDPqk0d5bPNIWXEm9F3KoQHocnnccgdMnNYYjEcXzpQdTL8NTUqkOVKUXaUZRcb9Ek1r6ehthMHwBCpONHMq9dxo1VJOKaUHBKpZ2XLp0ejvsd1L8dPCUcbhYNCDYwAZpixIJ5yuASSRngrx74rLk/aC8PxxlUh0IErtJ8246kjoSD1JJxkZ55xtFWE/Zj8AxDa9nq8hDZYsxjwCTu4DbsDqBznsCAtXj+zz8O7WPeNBvZlCbt09y+3PYnk8d8dB1YHg1UI8ZVmnKOGpXtdwneyVtFaL1d111v1SaHH/AFApNezdetZrRq76d5JfLy1urs8i1D44acPEFzqMB0mOOS0jjUJJK8bFSdw+6WJPPHQAgEYHE7/tA2wgby20voABmcZPrtwOAP14J4+br4PhL4IXxjJpaeGEe2h00T+QJnZvN52uGIPBIyeWAz2zz30fwr8JWyIIvBlq2SAGkCSfN3BJGCeRzux6DqTwww/FdV1VTxtOklVmmlzu001zWaile77/AKnuV8RwbhFh5Ty11XKjRnGVofw2k4r4rrl10s1d3Z4BJ+0JMFQRypDggF7YXMjAcYwpUrk4yM9RnPviRfHK5trzUJ4pNZlkvWEkksMAPKqCp5GV45I6/wAWOcn6yi+H2ixhfL8IaanzHG61hYjGCSw2nJG0dzk8dq4rQvDts3ivxRHHoWny+QIlFvJZwBI8AZ25XjpknhjnPIGazllXEjq0Pa5rLnnUtFxhUtC8XquaSe2jta176dShnPC3JinRyanyRpQlKMnTtUUakLRdo3vFtNaPRXXc8Ml+N2r3CrssvEE5B+ViZVVs88iLAPHfA5YAEkUxvi54tuRGlvpGvBDwcSXrEgjp8iEY4IODjIIAxkV9VHRJVVEh0PSYh3KW0YJ4B+6FAXA4+ZsZOOKJLLVrYZSC0hVQzYEEalcJwoxz9CRjJHPSvQWQ55KL5s9xNtbpU0k9Iuzbk9E/P77nDHifIVUUaWQ4bmlKKXNNW1cVZWpq7vrb872Pkew8ffEHypotL03xBFbvds7R2ltNIombrud03K5JJYHkjnPHF4+I/i7OwZPD/iWYtzvc3YLDgFiNpAyeo468YNfTXwzt9Y1G31VIpAFbWJH+RUcq542qWA4PY8HPYfNj2608K67cTbUu7n5R826RY1CkjOAnXg8AZGeRxxWOA4czPE0o1JZxjVeTi1FWSipJW1e9lforX02Y804xyrAYmVB5NgLxcG5zvzSvGDu7UtX09N76H54XV78YHS4luPD/AIghhWF3kdp5hGsYXc7OrkDCoC2SDxnGM4qjpcXxku7O2bStO1IWHzNBKl4yK5ZiWIAYYw2frj6V+iXjTwZf2XhjWbye5nYxWFwwUzMVdBC3B6g7j1znpxxXjnhK2vo/CuiyRu2x4nVQHIC4c/MCGGcEN2zgZIyDVz4PryxcKVTNcwf7l1HJTs7c8NFy30fXfe1tLjpccYb6hPEUsry+K9vGnGLp3TvBtS2Tutlpp91/l6TQfjrM3+p1JC2QSdQbIGSP7wG3HoBwR3qGbwN8a5IZ5Z3ukhSN5Z/N1FjlFQ78gSHO0ZzjOc9MGvsKa2ulYGaU7flVh5pwwPQkEkAA9dvOOg4GXalo92+lX7hnWIadcSh2kYhisDEgHnKlckBsluBkjOOipwTSUJN4/MZuEJOzrWT0V3rGyvto727bLhhx5VVWnF4DLYKUoxuqP8zikruz62Teq9bNfIWgfDD4m6/pUV5Z6qIrN2kREN/ImGjfa5KhweSOhHI4HPTbPwL+I80g8/xFAp2nIa+nbK8k5AbjOOnU8e2fd/hvambwrZSbpN3nXQ2Rudq/vT823GGOfYcZU5Y16Db6ZFLKCwlYkZAEmBt+6B1+9kr0HY9SBU4TgrA1aFGdWWMlKUIOTeIa1fK+iSstNkrJ21ZOP48xmGxFeFKnglGE3Ff7PB6XVn1u9L3frY+NdX+AniSw065v77xPYSxQR+c9usju7ZJwAGbnbwdzbeeM8AV0+l/s2G5s7K7u/Gyxfa7SKfy/KLiNZFUpGOSAVBAGQAccZHX6I8b6NDaeFtWuXjcyxpGoBbcBlwCuMH5QcE8e2SOK7XRYLddD0h3giJfT7RcuuSDsAIBAPzLjABB5HsDXTR4KyyWMnSlTqTjClGa5602/em1fSV36XtpsrnFivEPM6WXwxCqUoSeIlTcY0YJcqhB2tZ/aa13fTS58vRfszaEsmLjxlcS45HlWwOAeuCQMdSOeuMg9azfFXwD8OaHpa3dvr2pXMrXNtAEaFY0ZJmG47lzkjqB6Y+Y4r7Te3gXa6LGMBUOEwRx8xJwvIwvH+yBnPXzP4p7H0CJUC4W/slIVeMK654wQecsTjjGQK9DE8F5JQwtWpHDJyjFJJyqNNycddZPrpt5dLvx8v8Rc8xONo0ZYlQhOdpJU4xurJqz5V01+Vlozxy2/Z18A+XG1xr2pOTGpl3SoSpdAxABbPLMQvA4A/wB43ov2e/hJGoaTUNRnw/OZiCCc7jheMepGCAeTjge36XpliyI7WyzSSRJuJyzKBGm08jjnOCpHoffQ/s2ziJBtoCDjCbSMZBz0BB+boMYx2x16MNwhlElBrAYWTtG/PGUm9FrrK1+u1tNb3aeGJ48zpTlGOYYq3M0+WUItare0eqXe+l7bHyt4r+Dnwx0iLS3022vJjNqsEF15kjnNqx/eDHPt055IPAye7X4U/B2BTt8OzylcE4a4JJ2gjOQRyeOcgc9TXZeMrOKO78NIkKCOTVk3BVX5huAxjGc8Z6gcgehr2b+z7Z9yJDGgIG4iMAFQq44HJOerYbqTk9t8PwvlX1nFL6phIqDopRdCMrPkjK6UtEmu6++9jLG8a5xDBYKax2LnOo6zbjWnFtqceXmceiSlp89bpHzlB8L/AIYBS0HgmWXBUJ5hfaSBkk5yflHIyOeDwwIrkvGHgzwnpg0d7XwdBarLq0IYuikSoGG6LkAkFf4Tz6dcn64eCOGHagViAGyBj0AGBzwAcsM98naQa8c+JsDmz8OSLuGNZgYnJ4HmnDckEcZ2j3I+XOK6cbw7lkMLVksPh4P3dY4alGVueEdHy3vr5XSvvdHNlPGGb1MwoU6mKxNSL5rxliazSvHazm09elt22mzKt9C0KBHMHgHTlkPBDW0DL8yjnkHrncSQecg98Ubu6jsUnhg8IaRbtAF+b7PCGw2QAWC84OeTk57N1r0sN5HBLEqivvJJOcAjoccHOSOT34rhtciVbW4n3BjK2TuBB5JJAZhnGEA4BzgH0rrfD+EhRjKFOEWkruNOnG2kbr4N3vfrrvqcNHibH1sc6c6kmnKSkqlaq1FJ9nJRvK1vOyPLorzULzxd4Zlg060W5huHaC2gREikbPKuRtJznCkbhnpt619TRQ/ET7O5i0rTYN0uQrysMBvmVCF6YXIVSQOOCRzXy/4Z3Hxt4ckaTakN3NJu5BAUA4BwCTnoBjPI6EE/oZp4tL6ONI3dnaeESboyNzHaVx32jocE8k8isclyXButmDqVakZc0ZKEeWLacILS0G79NLaWR18T8R5jh8PlToUacoSozV5qpo1UWiakld3e/TR9jyn+z/igY44y2lQpIhLAtI5UAbgcPkHcP4s9B7V53JofjfUPiVb6ZBqVnFqzaMVNwkP7lYV3MVAIOfUsSpOQMdh9z3uiRvaMypHvEQAKx/Nu78suc4OGJPLAcEjnwjRbHd8fbWMoD/xInBwuBuVCDgDGME+3OcgZBrox+T5alh3GpXvLFUou81qr7ppJqza1W972108zJ+J83rPGxqUcNywwNWpFxpu6tyJp80tY3vo1rbdpHCS/C/4izQkXfiq22EgERwAkAYO7Iyeue+eueR8te4+DXim4tzJP4qkwiA/uoMH0wcHGB9MkdePvfbraMmxcwxEnttyeWBOQduW46nnJ9zSX+hSiwuWjQblty4GzChgd2eR0OevYfxdMp5ZldOouZ1JbKzq1Gk7xvZaJu9tHf77nPDiDPJQbpxpRsryUaEL7RdtI9Omrv+K/Njw74Eurrx14i0eLVLt7jT9OgeW5iYpJOCRuR8EDAHRcjkkD0r0m7+FU8dutxcX+psEK7o/NblSccbc4+Y4GMkkY4PFdD4EslT4yeOY3TbI+lwMSCOGbn8BkElhxggr1OPoIaZ9quoLdk3K1xbxFByHJkGBuIwM59RjOTxklYPC4OnQxEoxuqdWtpzSsrNNac2uml7vma3OjNs3zSWLwkFVVOpXwuFs+VO05whfpra+q2TtsrnzBYfs9eLPEKXdzpema9c28KFjIXcKQRuBAOBhg2cjHuc5FcE/w21PwJ8RvDVpq9teWsmo6PfzxLO+44glCsQ3OcMdpwRnoQQSK/o58H6Jp1j4Ujgi0+3hmk0e1jlQQqpMq22Rvwq7j1LE98NjO3P5B/tWQtH8X/hquxUVvD/ieMtEu0MUvxkAjgleAep75BYCvmKGcYfHY7D0oYSNPlxtG1RTleShUhrrbflu09m732PrK2WYvCYHETq46dX2mWYpzp8nLG06LSXeyvpa1k7+viU9qAqAGRsA7vmO0AHGCOM47YxwPSvLvEd+NE8XeCdRiJ3WetQuwyC2DKEYqXyN2055PPI4GSPU5vMyyIGydykkkk/MM4UjsPXC/08Z+I8Kpc6DMQy7dZtjlhwczLxuIG3Iz0ABOeeMD67PoqeW4hrl09nO3ZxqQe17NKz07+SPiuD63LnuDV7czq0m720q03C3bVNNtKz0ttp9AeNNB/Z3+O2h+NR4njtvBvxN8Lzytp2rabGlnNrCCEvbtdwDZBcM20iUqC/T1Nfnanwy+Iuk6a2uaTplxr3h0vdgyWdu96rW9s215Z7FVkkiXaAWkVQByQTzX1nH8JNS+IHifxHquhafNe2ulzW81+y3JgCO0PyhQpBZmJOFOQxOOCPm9q+G3irxl8IPEHh7+z9Ht3ms7S+trjRtWtlltdUsrnCyQ3CSIyTKVAAbrj0xkfj9fK1i/aVnQdOp7Soo1qCSlUXPFL2kFeMtLJ6X272P6NoZ19R5cPHFRrRVOm6uFxMuaFFckVONKXxxvbRNtRbeiZ+XekeKbvRb6PU/Dd/e+GdTWZJJlt5G/s+eWNuI7q0YjaA3ykMg2e3ymvrbQP2tLq80O78P/ABS0pkdrZYLHxFpA8y0dzhd13bqCYg2AzlQcLnJrsv2gvCng/wCKMl14tg8G6f8ADnxCZPspj0FhFpd5O7DzLm7tQFSHcxBYxJ1O7GSTXx18QPg38UPhjplnrOq6bHfeFtSWGS01rT5Pt9hOsmdsLonmSW8h7h1ABOBnHHkU8TnOQVajgqqopRdRwhKeHnFtJe1pNtQcmkuaPLZ6J9T2JYPI+I6VJVFSde6lTcpRhiISio29lVT/AHltXyvmWj93Rn6lw+HPhd8WPBGiRl9H8SfadKjR7u0eJdTtp8DbtZT9pi25AO4KDg55r5e+IXwG8cfDXxNpV18LdUm1ONYHvPsUzAXqxRASSRBWyl0gGUG/JPcdcfHXgrxvNpWoW2o+HNXvfC+s2brl4JJDYXLof3cctuxEbKWzuDKPTHJI+1PCP7VoufEHh6T4mWaD7DDJZS+IdKCyQTJINoeeFOY8gAuFHBzxkGvq8NnuV5rSpfW6awGJ/dqOLoStBtcqTlKylHVpuNVW3tLt8viuHc4yWrOWAqSzDBJynLB1opzd1zWhBvlkpP3b02paXUWM8CftE6po+u/YPEMeoeC9bhUxXNzBA0WnTTLkbb3S5sRDzCSHmgTOG3KTxX2b8HvjXof2W7svEwtoYb3VXuLbxHpTrc6ZczXJGPtMSl5bR8AGVnVYxuIJGDXl3iHwN8P/AI5tq2qWc2l6rHJpbXFpfabIkeoQYXEayFGEpkBzuRxjcMfX5c1b4H/Ff4QahaTeCdU/t+wvrF7640i4/wBZ9kUnfC9s/wC7kYAfMw3McgYJNfQUauaZW6VdtY7CO7hicLacrS5VerQTlGd0lzTpuMpL7n85Vo5RnCq0J0/7NxydqmFxK5Ie00a9nXai4b/BVUoq77tn6ZeKbe1ufiLos9tcW19YP4XvmivbSVJonaZMIFeIldzMMbdwIYYK8VP+1Npkq/B2RGm3wxT6ErRvgHmOJhk4wMHIyeBjoep/Pb4b/GqG38b6LHeXE/hnWrFoEvNC1cSxaRfeQ2fs8McwAt0kkDB9ikMO5HT6++Nnxw8K+NvhJqOk3cc+meLn1qzb+zwjyadPBE5CyWF2V2ywqgDKGbjoAxyT3/2phcZRxT5o3rS5Xq0lL3LRcXaUGnpy1FF3XXRnFHJcRg8TgEoSUaLi1eybhB8ztrapFqWkqcmktNGrH6c/8EBbJI/Fvx6YAAp4VtTjbyQ0zE4OcjP6cnqK/ce/H71+o+dgD6FickfmD/8AWr8Q/wDggVJjxV8fx0B8IWTjqDzM5bkAkDj5s987icYr9vL3/WuMA/OxyMknJyMZJweO3OfcmvlMzbjmlaF2lDD4SOif/Pta/O6/rU/R8hS/smjUTd54jFS13d5xWjdru69fPtkOp3ZVgFwd2ABnAON3OSOMDg+veq7JhSfmDAkFW788Dd3OcdMjkfdAxV4qOdwxknqcnoSSCOjDsBkYBwccirIURSU+YZJVeCQN2DuGOOMnrz8wGBmsYSvpfXS7XRXj1V9ejd+ve52tLmTtbTq7u949ul/ktnsioQCA/XHUZBAJLHBPGGPGfbI9i7DAc52/KQOO4x/D3HU9BwePmIpMgEjIOWwR3A6k9MHqT8vUY4HddxDHoT0AXoffoAOAchseuQPmrZqSeijpdae9paN9dL9O+qWvQlp9NLNKyvdpcut3rZaapP56ilWUED1JUqMDbnk4GAACMd+QAQOpU7myuBwc4OM4GBjA/LH8PA4OBTSw2knk528HbnPOSMDBXvzg8YxxQFPHVWyQOCeBxy3du5PQALwOFKi5N+8+Xay03srrZtX6a31e6SYndtJu2iuno9ot799/k3Yc2SOQMknI4yOn6f7oAx9cU04JG0YwuOmcEYyccdh2I6HOAacPmPHHJJI9Q2D1APPX/wCvyQ5xn5cZ5wD744J49+OfQVSdldtuys3a6feWl0v01v8ADoW3d09tnq9lq/NX0v5IhdiM4GeQNwOMA+nIwDxjA5x2NOG3cuSTnnJzycHAwMY246ZOM9hmntjdk9yAGxgA+m3g5HbGcA/WowyMRncoGR8ynt32jjB9B0z0zmr59VHbS+tls4rvfe1ra27bKGm3te63d76a9+3m91ZC8cSElsE++OvB6jrjB/2cZx0TKjvkgHDcgEN16dT2OQD1I5zTsoMkHhSRjGRluT2IO3jBOc5zgc00EEgrgEnbkKR75yQAMAd+eSec7aL9Nkra2em17W0drL0stmEY2aTa0et+i00VtEvnutfKaPOGII/hXGQMkcc9O+MnjPA6ZoZXLA4zyNrZGSDjgc9BgZGeme4oBCKzkgqGIYBiST1ABJyDjt33U8EEhW3LIHO1cluOB1xgkjoG6kfd6CnHfRdremm93r36atDcldtrT8ddW/8At1ve23lYj2gEAo24AnIY8HkDJJJwCfT+XCvG+4FgDwMEnHXgj0IIIGDnoBx2kUqQuWbO4gMAQxUdFGSOckA54z+YRtnGTjgkAc/THtjGe4Pc8g1G+11du7V1smlHbZavSz0TSI9sntFt9LWsknZu9k3vfbotU3dw7GIBHGCVAxnJHBJJyOmecfLnGMCpVUrlgS3zYAwcsGxwTxx7jGOSMimltoYZztGOSQefbp9D1xjlhinoyjaRn0wuRgjOckcZxjtn6cGru01G3S9301irL1Wultlda6EZQlLW+t7XfZq6Xd21dtV80IqsQwUZAyAPTnPGcdORnjJAwecU4rkAMQpJzx6DHORnJ447gZBwCcmQoJJyAdwwvB54U8YA7Y3AZznC9YpJRuGFbCZ5xyRzjA4zk/KB7de4m70VktFZp33aVktG1bXovxsptKW3lfZ6NPze61236bJSm7OzAPCj7oLZPoSOWPQr1A64waRQFGCFGTtwRksBnJUjOMd8kk1H5pHDb/m+c9VAIP3c88E45z1J7nNDSHAJ6c7iSfmBzgEEkZ69Mn7vUgCqu+1rdPXp20SW2mtruxKvJ3ur20V11s7W12V7666rXUmdvm+bBBClCcfLgkqPVsgAcjHQkEYFM2n5iSQCuFJwAx3Yzuzjr0x0wTyM05ZF+XOCBjk4YBSM8Ejrxk4GTgmgsWKgjKddrED+I564yBhRggf3gecUJ+81fRWenpHVa6Na9LNy0FNSUndppeSb81ePXVaNWun1ekblgDxjI24GMbiOFB4+bBJJweOCTkE03B67jtAxyACOmQDjAXA5PBIOB2q1uAJ42kNkEsc7flyFPPOO56gEA/MKbnJAOQAzEqxHPUBuMDqMYIHJPpzpGck207XfX5bro/02ZhLWUU1a6Wqu9dL80eW630121e2kONzBiSqgAAZ3AqRkt16ZOc59CAelMwSCoOC2SCQcYBHIAx3xnqOduext7chAoBIxkdPlHGOOxOcD+IDjINMYF2A6Ko+6CPmDH73PoOAAQOxHGa2i76ac2jTWy26a3fXo2noZPmXR9tnfp0s2r26t769ioUc5XZ82SQA33hxgkHkDHcEegAwdybGJZSAXUZBPoDggY4HPGT14zxVgADcp6feUnIOBjA64GQTg57jrgikK7lHGBglefvc/dOemMDgkZOeDgVUZOL1kkna3X3rxsvw20SttYlQVk5XdrPV22afdvvvvrcg3ZzkYAYEZzkdMFB7nIK498+kn7zg4zuBz2AztyCCAfcZ5GODyKeAAwCjGByxAPvyO7HPrgcnPIwmcocKxXeT8xxjqC3UADv8ALjgYGBkm/aJtJtWemvS6jzXvbXm2v/M76NXpJaS2b2St2V2+rd3u/wDMRgV7cMxyCeMA5yOpHuQB7+tJvKgAAjJKqxJwFGc8d/bpxnjjBVyQCqhWJVj6KoPOVyeTjHXhSO/NQAykA8hUAJHX7xJzkHcRkDaMbiMjHByavW62XS7fZ2Wqu3aK77EK6uua+1nZr5e6tNFbXV9LdYndwzY6ZAPvjqORgD2zznuaYNzDHOQTuAY5xxng47gDHqAAKl2/MeeBnJBxwQNvJPUZz2HIxwTTkU4yBgddpySSfutgDOG6HoRxzgnKU0rXSvfV7vpfS6Tvb0s9HoEUpJpXV0rt6rWz233urW/QrAAZyDgbsDGM4GB6c8k7j+vSpBvKqcjkbcgk5JPA4PGCep55Oc8EWAMY3oCyjHI5UsCCccDuOgBxweMYTYTwASCwC/LxgdwoGOvOCN3B7Zoc1LdRWu6Wlk0tU730/u7JW2CMLONmreXr0vfV303177uuwwzD5jjBAIIDHHPTOOSOoGcnpngUE5xkgHgZJ7HqB1X2xkHsVINTuAQFXkkMoYMfk3DB78dAG9O/BwTChT0yB1JHLHP8JAJzkemMHjJJC0SvHT3rPTW10tbLS9rvpq27rfX2d9Yu+id72utNtO2unR6tXsQqeQDkkjDBc4Oeh69s+vGeDwKAd3UdypJOdrc59Rnrg/l2y7DD5jjIPzAc/KBkghRyAccDcffrTCw3bSBgkcDn8enOGwSMjHctzQ5J9nblu0+6TatdKXTZtW6rYTTUVfyWmy1XTzvdLZ63VnqA5xgdhgbjk4ySOox9OA3Qn5iaBjg7toJ6c4AycbjtJwBjHfkf3gKfjPO0FgGxkfd9yRjJGOD75GCSKcAoAGFLY6jjOcd+OOB1H8OOMcxzW7a7p66q2+nX16rq0JJ9U0laza8knbXW6vboAXcx+ZgVAGTk/XB9BnBHrk88GnFHOAQFxnK8cFcEdST82ORxyc4707blQwPOcEem3ggZOMY6knbjJ7jMgJII2lQ2SRnPHTaDnuM9AeOOcGolNd00rb2206pu1umm/S+9KHM17sm7667NK9lprpddrvdXInT/AGSBxk54yMYGexHp168HqH7AOQpOMAknBBPU9wQAOh6HBweotKBhQFBO3dknIU54BUjqPXnOfzmEW4nqPusTjII9TtBIJwR2yOeKwdaztbqrvybv/Mklqu7s0mnobKk3KyV00reWi6Lyu7t3u722M8Lj5VGRy2Qcg9sfh+Z/PLwuF2bTncSCxz8ucEsOegAChQepIq00Sgg/w54HTge+3+9jPPYknNINuCygcHPQluuMgEHtz7g+3OvtLpNa36vR2XK9Hqr9GrNbJrWxLoSWrejtok21t1unrp37vS7KpAHAZBjJ6dhhcg4z3AyQME9MYwxEbKgDaeW3EtkliOcY6EfXByATnm0yg7SdowMbSMnHXJ9z9PujPOAKjC85GAcYLcnI5AAIx/DjOB1AGcZp8/u7a6/ndW1X4vbTRO4pwd9LNNLqr2XL5dm97r8bsaMqqjCkgk5JHT0U8D8OnGO3NaVCpIY4OT1/hzwvOMHPY9hnBI5q+oIIyCyn5eRwCc9Oewx83Puw61G+0hQMhScZJBK+gz09846ge2Y9o+ui1vrb+Xum7NXTt36SI9nNqNotX+KzVlstteiV9W227pXV6Sw4bJAOFCkHhSSeOvb/AGsZbnrxS+XuwVww3BeyjaB93HUkgnHUHt1OJyMkB+w6D5+eFw/PyjHTIP5YIVYwRgcg7c4+VST1zjafl6Z68HjoSSqattt3S0b2taz097V69NPJm0aLtezt010duX+vR9yusJDAgZGcZzgHO7PQEPjA7jqBkcYlWInsqgZ4YjoM4Ixxt9MHg9hnFXRbg/eBOWGCDgA84yB7Z7DJyeecWBaliQo7EFjjOFAxgEjAHOSRjGAO1ZSxK0vZX9b3un63e6/HVWW9PDOa0i3rbSzell137tLzb6spJbsQAMhcjLZ+YsBg84xn0KnBGCeeKlFs4DDYNrcnnPoMcdvYeh65ydiO1VgrE4XBG3sc9DwM4xg8Ej1yeBZaBeOCVAyeWOS2MjB9OCvOM47AmuZ4tPRNbXbSVlte60/BLvr07I4CVtU0k0na+uyV22urXl57pYX2blcgc4A4HDDBDA9eeODz3Y8U4WUjA5DcH0OTgZBPfGMk446jIzkdAkUadVAA6A99yjkHpgnPUZBAPTirQRMkY43E8jKqcdOevOCTwMg+oFYPGWeivu79rWT16enyZ108uurytutNpdFbTW9k7vVb202wE0+Q4yoU4IBIJxjjqRjkcYGOMVcTTnXAKAA8j5c+vzZ6he4Ix05B43bIQA7ivGcqSQOeg4HOBwcDrzk+tgKOSACQvPJP1yDgYGewwTgdMGsJ42fR623umt1fR2v8vJNnVHLIySsnfRbaPa9r3u3966dUsAWW1jtBOcAjBAJ7gtgZDZHAY9efWgWe48L/ABH5B8xPAwDjnoeOSO2DnFdEIVwQoAOAMYGe/Occ4yxyMtxjJxUsdsu/dgEk4J6dARhgM59zycnrzk4SxtRLf5pppbc3y9dX1todFPK4tqL95Oya69N9Ne6fW19dTlv7OycgZIJBA4BbPTA+Xdhs5zt5GckVYXTVGSAoYKMKM5PT5snHbuBkjHfGewjsEZgxBAyPlxnPG7pkEjkjHY98Yqb7CqHG0MSM5IzjjIHOfmxg9eeDntXPLMpbOa13jzLbTXfXu+3rod1LI29bKKdr6N3vZ27Oz+fbc5GLT2Pz7Djqc4HPocH72AeeQAByOMXDahIwAnJXJ2gE+pJz36AHJx0AyRXTC0A52E5HyjjAOASOMAAck55LfUYcbF2wEj3Fj2A4JA4J5DD35A688Z5Z41ztd6bJc3nFr7Tt9+jvtZnpUssjTjyq+y1cbparT/Kz3srnHtCCoAUYwQdxIIA56dckZK56nkYbimraqxBIIyT8pwc/7Q49Txz6dwDXUvYbRnYCx3AjA4I59ByMkdOgyNuQKqvbsVAwAc4yFxwFJyTn2xwP5jLhieZ+7JLRPRryejtv39Ha6Ma2At1ta9lazaaXkr2s76rTt0w/su3BAOCwLbc46jByTxxxgH8eOK8kfLqcqQDgbcZ3ZA5zgk84HQcdCSButGF3BjkBRwQAvBOScDHIx6dT3IAoyKNzHjIYEE8k7huJyD33H1yc/Su2jWk33ts299U0na11pbo99baHl16MYRS0Taa91uys1rZp699tV0RkkFVxjHGGzzgdT8pyOTznpuwWPrTZcMVXrjJABJyfu5I67s4yOQOcnrWxJ91gACrBSPvAr/EcAenGc46ZxioYotxYscFsnbwvQZALAfdIOMdMZ3da7I1lFXlLyt3j7qTSSfdt2ep506DnJKKv7qfWyd7q/mt9+ib0uVoIgzgFeV2qSD93OQehbnjOQDwdxxgVrwxLhQByQM8HfyOc5xx8uOxJAogRAPlAUkDAJ5JY8Lnp8o+8w4O7tg1oAAHACg8DnGc8nGBxjOR3ycngEZ561VzS5Lpe781dK6bu7cztZX+Vte3CYOEfekk3o22r722ba6aPW9rblOdMKQudyg5yfrzg8kcjqdvTnGc83PlX9Wyc4OO4x0Oc/icDkDPTrp2LK643KF+YdM/XhgF9RyOx9KwJow0jYH3u4X7oA29T6HB4weOBtwTOHqvVPvfTZarXz03Xq23cMXRimuVLTXzb063a2s1fZWbu9TofAYZtfhbOcW0zkk9Gxg/gOAT7diSK/jf/AOCp9hj9uz4xaqrqJJIbGNFZMgMEQFie+Djgk54/H+zDwBEv9uEs24JYzse6g7cdgcEc4zk9uc1/Hz/wUysTqv7ZvxglMnlwwzWayuoJwAqgKHOAAxGDjnAyBxXjYuuo51hZWs1UoQW61k4x0XWzd/udl1ueH9tkOPpKN17KvUfRLlVNvpva9vxtdW/NnTEkubmOOMtPPJE4MrncsR+Ytzj5Qh/u5bsAT019RMOlaK8txtkkHmqJSqtvdsqAuQSQCcA98cCoDfW+mmGGyRTKIpkcoTtyzMSWYYLY474yeM9a7DQPhnqvi7SW1vXrg6T4bsjLdzXM7GOS6jiyfKtEO3duwBu7nkYbp+s08O3T5+WMqjj8o+5HVu+yte1/xR/NmLrSWKVPncKNOW0V703eD5V3vK8dN3bqz9Lv+CNnhHTPEPiv4t+P/GJA8I+C9PsL2ZLkiGynv4Zt8JuAxAmNsQrx22DuYjbnOD+wOo+IJPiZ4ib4ga/b/Z/DPhsTv4B8PXI2W5SNmWTxLqsLYTcQGNjGw4QIIxX5N/8ABOu5g8XeFvGnhLw7bS6X4K07xTFd6yqALPrk9tGptbN505lidlV5IyWAB5GMAfquYX8Q3n9g2cZTRNMME3iKeEgi4uIypsPD9uVI3DIUSqh4XczDqa/nziuCnnmPn7T2vs6kKalpy+7TgnJXd3eWitfbRn9VcE81PhvKr05U5Touco1LcycnzRTSuk/eiuv3qy6bwV4abxJqUvijU4XvkublY9JhuctPqmozsAkzK27yrGFCJFj2hCqglSa+nPiP4z0X4beG9K0SKJ9Q1XUpYAun2Ee6+17WEjCxafCqASJZRSERSzHEaR5YniuUS90T4UeDk8UeJtonjt3ltbOFV803c6GDTtI0+ID5pyWjEjIuV5JwevlNjf3Gh2N78ZfihlvE2p7YdB0RG806PZS/Lp+jaZbnIOo3rFHup41Eq7jllK8fL25m1a8Yq11Za6Oy7a6uS7bbH2cdFHmvqknp193RX2i7PvpvdvV2sawnw+LfEP4hTjWPiTrqGy0rR7RvP/4R+G5Oy18N+GbYAj7Tgomoaig3AiQ7x2wdJ0qTQ5dQ+LnxdvIrXU7W2ZLOwciS38LWc8ga207SoCzC41q8BRZp0UymRyu485ueHNDEd1qXxt+Ml1FaXNtbyNo2lXAVoPDNiWL21taQMWWbV502K0iqZC5xhskVD4Y8I+JPjl4zi8QeMLWbR/B2l241Pwz4VmG1rsLKDa63q0ZwHklzHLAjqQoIUDbkGFHkdlFSm7Pq1HbXz30+WrasOy1as7eT00jZRS3b77JdbIi8HeE/FHxn8e6JrHjSyl07wXb7r/QPB8xMaiOO4DW2ra5FgfaJ7hNskcEgKqrDIzyPvPwZp0NlpmuhI4o1F7ewYjiWNdtvbvHGgRQF2qoCqPujjqODl6Bo0dj448qKIcaZY2xXaAEiSBZBIeANu4BMDI5UZztrlL3xzqR/tHwX4CtodU8T3mqauuo39yGOleHbRo5VNzdzqCjXK5zFbZMhbG5euMa7hBSalefMk3vJ3S6dl93yudNCk52XT3Wuzu1J699EubXV9SfVPHmmeDfAdro8Fu+ueLtXW/bRPDlgPMubmTzyyS3JXctraR/8tJZtuVHyEdK88vJ7HwtBc/Ff4x67YNq1n4fha1sZZQ2j6BGcAWOkaexJvdUIAi8yOKSYy8KMZNc/fa14S+BHgzSr/Vbm78WfETxVcX1laW8a/a/EWu6hcSui2mnwAPJYaVHLje+EgjhVzvDEE4vhX4Vav4l1W3+JXx01Cx1DVdE0i+vNL8ImYf8ACH+EdPOJIJruNyINQ1a3X/W3NypEcg2xsa44OU0mmk7JNPZL3dXa2rvorbrzudFS8fN9LrRbO/rs7baI5uS68eftCmS58Svq/wAOvgr5JWy0S2lltPGvxAjkkX7K97OrLLpWkTDAEUeyZ422yKM1l/Er4paB8J7/AEj4bfDPwrba34nuvDk1nongTw2EFvps8JQPqnii9twUt8D97cvPILm4ZehIyc/xd8X/ABN8RJL3QvgfGINIsbBdM8SfE/UIMaXYO8yRGz8M27KFv70IxRbjHkxsAUfAFej+D/hR4b+G2g6kuk2stzrWrJDLrniPUpGvNb1O/uIHkurmW8mLyxxSOQVtkcRIoCgZArswycpJR9JTa1+y3y7dbLsrt+8jz6k9NFq7XutH8LevVaervbRHzB8TvAHjAeE/Dnjf4h+IV1vxnq3iDQEs4IVA0DwxBM5Y2Wk2bDy2nVQEa/dfOZhnPc/R+n6DDEkt5JumvGa2iEkrMW2hIwWAOCuSTnb2J44xXIfHOGW58O/DSyZiLeTxX4dVycAM6+cQP9oMVxxyAcg5OV9knSz0nTb7U9Subey022MTT393MkFtBtEQUtM7bc8EBCcseByQa+jwNGnSk5ySb35p3bbS6b7K+9krnk4ycpLlTsvetqn/ACrRdu22rtqfzJf8FUpjY/tCeMbcNhbrQ/DEbIoyCI45CARuPHJA7jOPcfl/oHk/a7QAAMbiLKquO+WP97JzyevYE85/Rb/gqJ4p8Pax+0D4surK/kvbRrDQoobmOCRDM8KOz+WZEUmEg/JIDtdfm3Yr8s4tbvYpJG0+M2+1GaOab/WDBAVgDuwRk4YA5zwCM5/Vcnq4aGBoyirNr3Yxkpcr6O993ZXe17LXVP8AEs6p4mrmWIi5StHlTUtLWUW9Hfrdq1lfS6uz1fX763t7mZ5yI8yA7Wb5mIwMFdzNnIOM/Lg8gGvrH9hufTLif4oSXLlbYx6WWQnavM7DJP3lweoB6E8DBr4EvYLpoBfXhlnefy386Y4QmQtuKA/XgEZPGFK7S32R+xZBeT2vxGS1HmedJpibclSQJWAX2Uk/MMHGQeAePTzGvUqYTll7qco/Fe7+F6vbW1/XbrbkybDU4Y/mUuZxi9Xa6k3G9lq3u+npdWPv3xBeaPe38NhaW5YJFZkmIllKiQbtmRlQOrZHHJ6kZ9S/asvo7L9hf4pTAfZbcvomnxWpVVaQP8u/1Y5BByTk9sjjyKTSEstThyXSf+zYPkVxv3O/zBhn7o3dQcgEd6779u+ZbX9iDxISvlmbUfCtt5Y+UOzSgsznjcxz8zHOMZwcnHwWdNQw65XdSrQ33bfK9Vor9bW76H6TkcefEuUkuanTfl2tzbW138lufyfzQibUWAfhpEjJIUlCGUdQCfVf9nHOAOezbQreCIAM2SVkLOAQARkkMeOoBY5wDjFcDcvKNSn6qPtTg7SM5DnbgnnGehzxjuMZ9rtrR59Ftp5AThUhLvj7zZUHIyxYgjbjJPQZPXy8kw9Ou8TFq7hFS5tLW0Tu7dtb6PTcvO60qH1eUXaMpe8lrduSsmlu0mtLvr2uZXw/8Bar448XaN4V0W2ku9R1fU4LW3ZVJjiidwJblsbkSG3i3O7HG0D5mAOT99fFPxLpXw78M6f+zz8MZhJHZyRxeO9YsQTc67rM5CNYiaLDSxxTEpsBbPcMM5w/Bltafs7fC8+K7uKIfFf4k2M1n4atJVBufC3h+RSJdVZWAaG4u0YpGQA23DA5AJ9T/ZG+GGg2sHiD9pH4wybfA/gpZtTsVvjl/EviCMtJCimQ/vneb7q/MoJxgFST8dxTmNKmny80sPhpWp0le+JxTsoWSbU1CSUYed5fZ0+44Ty6rNU4RlbEYmKlWrOyWFwukp69G1e7euyTd7HuHw4l8JfsH/BSb4weNNPs7/4yeN7Ex+B9Augr3unh0JtpxEcywIgYPKSE3AFSQ3T8evHnxU8T/FbxxrXjfx5qk99r+vXklxcXErO8VujMWW1t1+cRwQg7FC4UgY45avQv2hvjb4k/aF+JOq+NNXklh00TSWvhzSQx+y6RpMT4gghhGERmRIy5RfvHBOOvhsunoVyFCMCQxIxhhkkYzySB6cfMDk818jl2XTpyqY3F2njcTJSm9WqMHbloU272UU9Wk1KV23sz6nOM3jWhSy7Av2WWYNclKKuniKiSU8TUenNKWvLdOy2vY7a3kt441KtGymMNuBOcY5yQDyfcZzgDgVzGo3dnGzajOiuI2MdtDhSZpMnDEYyFzzj7u4ZxuHGQWFvGqO8u9iREgcjIJwcYJ2gc5wMYOT0wPQ/hF8K/EHxb8ZWei6dC0sIlBlmO/wCzWVuCDNczyY2hYlUuxYnJBySOnr1JQo05Tm7Jczu9tbKzt2Xzb10VreDSjUrTjSpJycpKKu+rS0ettHq7JX36nR/Ab4B+K/jz4zhs7ONrfS4XF5rusTgpY6JpSHfNNJI4CK/lKxABz0JPOB9dfGv46+EfhV4cl+CH7Psn9n6dahdO8V+MrMqup+Irzb5dzb206/ObZnV1JEhUj2OK5/4wfGHQvgx4Xm+BXwZuFWd0EHj3xhZECbVLh0Cz6fbzr8xjVtykI20thQoHTwH4YeAJZ57XxNr8LSBmkOnWc3zrKWG5ZpA3LMGwdzZBPIJIBPk4bL6ubYuNavFukrSoUH8Cs0/a1Vs521jGV1FWlZuzPZxWZUMlwrw+GmniJQtisTFLm5na9Gm767q9uu+h+1P/AASM/wCCZ1x8YPE2kftBfG7TVuPhxpE0mp+E/D12uR4n1qzlDNd6lG2Q9nBMql1kBDt1zzX9Umva3Bp1vFpmmR28EUEK2dpa2iLFaWVrAojjt7eKMBI4o1AVFUAbQMV4F+x7pEXgb9j74ORaZAsD3Xg2S+mcDaEe92SMihRncWPUHnOctk12FgZ7i7QylmZ2dpJGOSBy20cgcdifmyCDyMjnx0vq7qTqOPJzSjSSSSSh7l4+d1q922+iSFlj+vOlTircqjKq9XKTmot811Zy3er679+/to3ay81d25oiX7EsSDjPJxk5PJyecclT+Ff/AAXEJk8Rfs2W7MVUeGPE4fAzj9/AWI6nnvkHA+pr957eJRZwR5J3RqBnPOX7+g6cYGenGa/Bz/gt0kh8a/AC2QF3i8N+KdqrycCWAjjqcjqBwDgYrxeF6nteI8FUaTtWu76pJpXvpb4X02d+rR73FFGNHh7GQjpfDxil53jez205tH2e/b8FLjWjptssduUiCoyggfvGYnG49GzkYUH+Lgil8KeG/EvjnXdN0Tw9p13rOs38u6Czt0dmYuQxmuZFBWGFQd0krkIihmGORXTfDT4QeM/i54iaw0a3trTTbJJJdc8QalILXRvDthCxa4u9SvJCkKtGilhHvLtwCDkCtf4o/tE+Hvhlb3fwL/ZQWXWvEmpA6P41+McduHvtSmIMV1YeFnILWenJIXRrqNo3dFUjk5P7Xm2eQwrdDD2rYqSSjCL92GiXNUa0XdJu77a3PxPKMglX5a+Ji6ODi1781adZXTcYX1ba69E1d9TvPHvxX8K/snaYngzwFFp/xG/aO11BBc31oI7/AEj4fz3KkG3ttglil1CEk7nJ2o643Divkjwv8N/EXiDWtT+J3xg1e88W+NdRujP/AKfI9zDauW3mPaxZQItxCxr8qYAHXFel/C/4R2fhPxDpkuqTPrHifUdNu9Y1rVNQJnm+2yje0azSl2Z0YnMhyScHOBx6RDayql3DEPMMkl2rE5IiJLDeARk5B5I6cE+tfLU8N7SdTE4qbqYibvKUnovhvHrZK9uVdFayvr9fVrKnCnhcJD2OHiuWEKb0ey5nZLmk7ee+lkWYbi1+yWqRJGjpAygomBEVH+rUKABkAAZxsOO20V1fhDwf4o8c31lp/hvSL/V9Su7tYkhhjlZYUJAd5pFUoq7eSS2VBzwvB9H+E3wYufFljJrXia/tfCHgnTbeSfVPEGpSLaxSpGMulqZtm53jBGSCScgdTSeKP2pb7UdTtf2eP2JvCs8+sXJfTtX+JS23mXZVz5M9zazBD9lt1UsTcyPGygqyknmvJzDPKeGdSjhnGpWgk5ybSo0PhvKpLZuydorV20VrHs5dw/UxSp1cXzUqU2uSFn7as24pKmnpZp6u1rt7brqtXsvgd+yVDda/8QFtPiZ8ab+VF0D4b6TL9vtdOvZAFifVYojKGMcu3dE67wSwIrqPhj+y58Uv2rfEth8VP2ktVnsfDsoFz4U+G+nubezsrNT5ltbS2yMsdlAsYUEFVdlBLDmr3wH/AGV/A/wW/tP4p/G3xNb+KfHlhLLPrWsa1cJeWGnzy/vrmdZ71yJ7iPLKrbQylfkyQMfPf7U3/BU22sLK/wDhx+zbCbOFFksNR8dy7VkcHcko0lSoKKScJIduzjbhfmPwGJrZlnFf2eAnKvVk3Gpi53jSoxckuWkruNOOtrpc8raPZn6JhqOVZDhlVx8adClBKVLBwSdWtJWada3vTbd7xuox1T7H6KfG79q74IfsV+Fo/CujRaRqPie0tDb6J4I0T7OyW04j2LNqBgDbOQvmGRlkb5jyc1/Oj8ev2qvit8f9e1HU/G+uXDaVc38lzpnhq1lePRtMVj+6WK2UhJZUTaPNZSSchuACPmrWPE2s+JdWvNc8QanfaxqupztPealfzyXN1czSPu3NJKzEJk5UA4Ufd7Vn3M6CJCW2BJRvYnczDPGBjJ3dyOg5AwOfp8m4YwmWtYiqvrONavLEVE3KMmlzKmm3y63974pJau7R8rnvF+NzaLw9H/ZMBC6jQpPk51ol7Rq17q1la34M1JrhmYbXBO4lmb5eoDEHOQCCenUZPAIwKfnSySMtqrPIwUSTMSVTpjYMEj5gD6glT6GoraKbUdpBeK1Z8jBAeXkDtk9eOhA7kdK98+GPwl8QePNc0vw94e0a+1bVdUnitbDSdOtpbm8uJZGVVLrEHZY97ANI4CLnJKgDP1S9nBc1S0aUdZN6RST1fayVrJpq6b7nykIyqy5KabnJpJLVtu1kkvPo77bu6R574e8LXl5PFHFC89zOyoZAhdmdyAscaqCWcnIVVznoFzgV+tnwG/4Jg/FvxP4L0H41+NbFvBvw/fxf4V0aK21eJ7fWvEVrreqW9nPJY28gDRKIpSUaRVyCpXJYMf2x/wCCdf8AwSA0DwFb6Z8UPj7o+n6t4qhhhv8ATPB1wEl0vQlULKl1qZk/dPcoNrMj5jTBJPBr0T/gpf8At3fCr4WeCdK+F3wwfT/GfjTQ/FWi6nex2jRr4W0A+HryK6gsDNEWhluFkhVWiiLBAvzAHivksxz6riKqw2WQ5oqXLKra10ml7nRL+8+2ita/1OAyKnRhHEZhJKTtL2V7qKsnepbXXT3VbS6tpY++fCfw0/Zf/wCCfXwrkvYotC+HWgJZrNf65fSwXHibX5ViRniSaQ/bLlpZMhIYtyKSBkAcfhL+2h/wVi8d/Fy4u/hb8BrfUfCfhDU7h9Ot5dKhlfxn4v8ANYxBI0tE8+1juQwbbGFbY2GwMk/IEeq/tn/8FOvilc3GmR6prWmvqA+16rftc2nw/wDBFiWCn7HGQtrLNBHkYhDSMwBIPf8AfH9kf/gnt8FP2WLSz1y7tIPiT8Xp4o5dT8c6/Alza6deFcyx6FZzCSKBInBEVwqrIw2sT1zz0cC+ZV8SnVqzvJRk+a17ayfX1forLbtq4+MYeyw8lThFcrklZ30Xux0s1upNXfkflz+yl/wSR8cfF6TT/iZ+1TqV/wCBvBF1LHqNv4Cjnd/FPiKORhMrarLI5mt47gECTcfOG87l42n+gvwD8N/h78JfDFh4E+FXhLSvBXhOzEMUdnp1vGl3fOgVRNf3IQS3MsmFZ3kYsScHg4rs2ku7+VnLvISdnmuvQHg+WMgIAeg2jAOPQVtWunCMBsFmDRuHYDGFKk9eOuOMc4GDxiu9QhFKU2tNYwT91NNbLq7Pfa+/ZeROvOpJKknZ2UptXu9PebktdW7a66LazXxf8JIZJf2u/wBp0TOGNnofgSJSSCAf7OY4HHA4wDkZJ4wV3n7NeFghIBK8AZwoxtwx28ew54OB3AA+Rfg9F5n7W/7V8rggHTvAIzhgvOmPtx2+7joD7gYr7RliUKxIwCF+T5hg4IHXAJw3OAOD34rOlNv2ij3i0k3Ze7F27Nel/Q9DEQtDDuUXzeyjd9G7LXru9fL0Oe+zgncMqoC8EHGGz04AJJJGOevHerFvEBOBt2oMlcdcsQM9OQw3cZOc9SCBWn5SspUDcqlSQRjJGeAMjJHRc8jj0oZV+0JGqj5SASPYZAAGCOxxwMDrzmtOZ3tzaNL5N2v2XT+mzjjGSbeid1ay0tv1euu1u9t7tdFpPyXFouM7LuAjkcDf8vYDnPQYHryS1fxO/tyxsf29P2hQQvPia8OWIAx+7C7hnPy59s9c84r+2XTW3XNqUXH+lQgnB4YMB2OTk5PvkcADbX8V37cSxP8At6/tDMqFlPiS5UKWwNwCk/MMArgnkDGM9c4r7bw4cY8XYB6p+0jeT1aV4u91q9UtdbJ6X3PjfE1SnwPnKV7xw9TXy5U7/Pyb6roj58t4XQeZvUgkbXJ+ZVIXKDIJ2g9R05PpxVnSRA4PALBlJyBuY4B7hg45PQAc5yxzqpGoUsGLYKoEXJDAk5z05JGegAOeTgU28RSoErQwDGd08ixgbfuj5yMHg5Izg8+hr+1fb0qSUqtanCKja8pKP2Y3u36NJuz7p3R/nHPC4vEXpYehWrTnN2jThKTezVkk3rfZpvRvZu/PyZiZT1by8LgkKWOSoyOTgcbmz+ZpVcgowXqQDICRtIPI5YHp1Pcc4IJIyNS8W+EdLDm91u1LISpjgcSlCOxIJUcgZO3gds9PMtY+P/g/THkWyt5LtgMeY7ARMQCAuxcNycHherZ5wK87FcT5FhFL22MpzmrLlp3m07rRct1ZWt32utUevl/APFmYzjKlltajTdvfrpUl01ftNbWu0tXq3c9vSGSRvlR5nGdoi3cAAkAPyAOe2CcEYwDXzl8Z9NnHjz4aPJG4UXUJkdiQsQ808uSBtCjGcjt17Vz8nxx8e+Inkt/Ceg3+1wVjaxsJpRluMeY8YVCcjByCBkngGvNPFNh8U9V8QaBp/idrjS77xBPFb6W19csDF5jkb8IxMSZzuHHTAyQQPzrifienmOFjRwGDxFSCr0JKrKLjFuNSLjG/w++9Ene60s7n7VwPwLVyPFzxOZZjhlVeFrU3QhJSnGEqdpzbun7kXzN2aSXXr94X3izwfoUXm6pr9hBsTEiJMkzmQKCGaNWcjGCdoAOSuT/DXmuu/tC/DXRgGs5rnU5xkgRfIjZGAPnCkbuSCABxz1G7iNN/ZJiced4x8ePK5IMkWlK0zB2GSGeYk4JJBPBALcmvSNH+AXwm0HY7aHca1NHx9r1G5k2uccFoslOWw3IOBnkHIrfD1+L8fGmqeGoYCndJTqNym4tKzaSbVu2l1rZ7nNiaHh9ldSpKticRmVW8m4U4tRbvey+G+um7uui6eKap+01quoyPaeFtBDlnOxkgmupslj/AiuC20444znOB8tYfn/H/AMdOptNN1G1t2wAZk/s2IIRwcfI7AA/UDg5HA+x7XTvDejKiaPoGkaaQWRWtbGLzxxgbpCoIwP72DzxnmrEuqTs6iSWR/LBUhm2J1YAAKVHAJwG4BxzyMejHhPNMbKLzDOa7TSUqdBKEbJJ2u27p/wCHz7Hkz4/4fwKayjh7Dc6dlVxCjUknpra17L/FvprY+QLL9nHx1q8kcninxXaacJGJkt1ke4uFBJDFWcld3UZBHIx1r0XSv2aPh5pZSXV73V/EEifOwmlMMRbOCrCMjIyD8pGeBjB5HtbTSSkFl2kYMZxksCcncSeuCcDOOMZHStGRWkiCEGMED5QCQxHJJU9PbgAbh0zXoYfgnJqEoyq0ZYiot3iJzqNtNauLaj+Ha6R4GP8AE/iWtSqLDVqeDg3aMcPTVOySStfl5rLVqzW1nvpiaT4T8F+H44E0bwvpFsVCgSTW8dxOu3Cg+a4DEkkkknc3OcjFdhDeTAhCTDC/AihQLHtAYAgp0HbHU9QVJ5zRbK4XZgBVG4FSVB5G5iMnB64wM5HQE1oW6FfKWPGVyrOQcDOfmOcjuAATnkDIzXtrAYLB03GjQp04pLSNNJJaaaJJa7L8dj5BZ5neY4mNXFY6rUTkuZTqye7SaSbu9e23Q+dP2igH1H4XqUYM+quMthi+2cYBLYyRgc5HHB/hr2iyik+yqRtVljiQICAzfKpyBxz6Edh6c14l+0TOw8QfCuFl3Bb9yGB6kTKM4xyeSSR6Z617rpmXSDCDcSvXjeAAMbunyg9M9Rg5Jr53h+qv7SzrRKP1mlu0tFTjpq9PNPXTZ9f0Tjei5ZFwsrSbeCqNWb5m5VFzPTz69ra9te2tRIFD4Z5WRVJIBDYy3XO7gcg8HgdSKtzaQiGbyJEJ3KCoUBssckDORgZOSF4qARShlZZF2wuWbafljViM5IwRn+6MgDB5zW1axq7yM3mvjaVDZUE4JLB84VfViw64yTyPocRjaOHUpVKtOEN3zzUbWUUtOb+89dGvz+Ky3JMTi4qlDBYipKTik4wckkrafC/vu9PNa4DaXOypHjILFdu0s8YHJYjB44wADgc7i2an/sPfCPmywUhgEwxB4yVxkZ68D16dav3XiPw/o6SzahrWmaftPDT3cRkAI+ZdgZmfBwcYJwffjy7Xv2gPhlobSFNZuNZl2nfDp8OAWXqCz7QM9Mg/dBOCABXgY3jvJcDFe2xtOU4P4aVpybun9nTZJN3V1r5H12W+E+fY+accDUoxn9ut7iUdNU2ru66LXzXT0NdGwBh2PVgWAAOMkhQcuBjGcEgbRgA4NdDZeHzNHEsYnkZlYkLEzZy2Nm8cY/hyRhuCSM18m3n7Vd5cKkHhHwO9xPuKwz3izTOw4VVCRo0eevAYjJwOADVOPxV+1B4/iaPTrK80ezkYAJbW6WYVWx/y0ASUAZO4kAjDAdRXy2P8XsLCVsFhZVVZKLkuVJqyvZXvdq9tL+Vj73KvAWXIv7QxcYczV4U05NNKLS7Ozd12116n27/ZdjpMEkmqzadpUEcQZm1G8t4i/OSCpcHg84wGyCM84Pyz8fvHvwx1LQL3w1a69BNcagyQSnTsvDH5Y/eySydORjbtJHY9cjC079l74r+LJ0l8Y+LJo/ul45724vJSGAJBV22twTgDIIwMYBxu+LP2SfCHhTR9P1HUNTvdUvZNe0yzmBDQwNDPIQ6Mv3vm2se/tjt+e534jZvm9OrQtChRqLllFWu+ZJa2v0utbLXsfqnD3hdkWQ1aGJhSdevRlCcalWzSnFqzSSumnb52v3PKvCnx08KfD3w9pfh/w5od34hntIGH2q8VliaVuv7uEZZQQAFAHQZxwTeb4x/HPxsBbeG/D76VBIx+zSW1gVwrHjE0ihgBnr6enJr7Z8K/Bb4daG8P2fw7pzSW8ca25mhErOHXOSGUnd6lgevHC5r2Kx8P6daW4aKwtbeNGcJBHCsYAAGQuBwOpDdN2eeK+ZWd5pUpQpTxtf2cI8sYc81BRilZKzsmrJKyVrLpt9mshyiFaVeOAwqq1Hzzn7GDnKTs3KTae71PzOsfgd8dPGr+b4n8QXtjb3LE7ZLuYqXc/ODErFRkYwABxjOMgH1DQP2NNKCxSa7q1/fvvImCEopGTvO8kEg5I+YZAORjGR9lar4h8PaLHPJqusaXpsEOfkluoomicD73Lhzg8FQfUEc8+NeJ/wBqn4OeFofKfxNFqVxbrIDDpoaUytn+993JI7MSxwRisHiK04c9SpKcW1rOTel15302X+Z106NOCtSpRitPggklt0S6euuj9djRP2ZvAOhJG9rotpcsiB1luQk0mEwdzK3yk8E4PYFs8ivXNP8ABOgaPbwNZ6VYgncuLe3jieMMNoJwqkgYyxLYGe/QfAniL/goHpVsLiLwn4XurxmjKLNfS+WinON6KCVxjn65yPX5p8V/ts/GLxAzQ2V/b6LCiuqRWUaM4RycbnIySOT0HOOeKxlVpw1c1sn7u/vW6Ldpuzvr8i1CUkna1t1e11dJp7ppdmr66WaVv2RaTRtOSU6lqFjp6W6NJG011HCr4Ythi5XpnBHTaemDXm/in49/CPwpDm/8V6fJKUk329rIk7KQCAFERIBJ4zgjOMjJyPwn1v4meNvEDSPrPinWLvLFjG19KqZc/OSoYqFIY/IM5+73AHHTXU00gkeR5mclmaR2YEDGcs2SQBnPTIBBJFc08ws0qSbs7621bVr2d7aXSXfZrrfsI6czvfq7pX913V/uvZabdl+sHif9ubwNpUyjwzot5rF1AWZJpzsh4PADYJ2t3bBI4AwK+R7n9sH4j2Wp+JrzQZbfT28SammozRhVf7NtHlqkeT8wAbBOCxbJOTjHyZLcqArs6xhjjEeCMcjkDkjcRxjAyaxLq6Xzt8eeVBCqBgE59ADx3GQTg5AzmsJ4irU5ZJqK01d+rXSy7vvfRu19ajGK2S166O691WatZKy872d99fe/Enx4+KfihpH1LxdqjpMdzQQXDW8KgkjhI3HOAMYHTOMDBPlt/q1/qDs15fXd3LkuzTTPIWznG5nI7Ejbzgn8a5Br26MhwoGQAG+Ucjtk457Yzxntk4nhs9a1GRltre4mdsjbBBLKSfu4GxQuc8Z3Yz7cjSlh8ViJ+5GpUk72STdrqOyS1SstFrra+xFSvRp+9OpGEdbuUlFLa99tr/LXqWprokktIE28kEoOMYDDd3HrjnOOuQabXsRVd0jSvuJABAC4OQGI6g5HHqQABkGvS/D/AMBvif4m2Gx8M6iQ+HV7mE26BOm4mbble5xxj5vWvd/DH7Fvi68iE3iTVtP0VEKmSAOJZthOOi5HIzwDnP1GPewfCme42zoZfVcXpzyXKryUestG3d9+iPAx3GPDuWprFZlhYyWvIqinNqyd+WN7+fXW903r8Ym9bGFRSg565K55AJIGSOPTA54GMiSXk4CRRu3XAijLsG7BcDIOCB6988hR+negfskfC/QsS65qlxrjo6gwD9zGxHJKmNj0xz6kYPBGPYdI8DfDHwzCY9A8GafL0xPeQJcSKy4KsTKpYEk/eB7nGTmvrsv8Lc1r8jxVWnQi9XGN6ko35bpprddbvvq3v8FmXjNw7hXKOGjVxcouycYqEJPa3NeT/wDJdej3Pya0H4afEHxK4/svw3rFwrALvNrLFHliBlnkULg9BycYOete5+H/ANkP4n6kBLqyWehRZA3XcqswDH0ViV4JwSMnI4xgj9HDrFzbQeVZxQadbiONAltBHGuBnGAoBBA6EAH0znAoS38s2953nl+7u8yQ/wC0udvPyn256gcmvtcD4UZVQ5ZYutUxLSTcU1BN2i7WV2/vX5X/AD/M/GzNKqn/AGfgqNFLWLqN1JWdurSTeu3L0T23+ZvCX7GXhUzxR+JPFU19PuYNa2Ma7WAUs2HbABUjrwG/irH+CXwm8CDxj8Q4NR0wapD4dvltdKS6O8LFuIDOuCGY47Dp1z1r6/0dXi1Cwdd5UvIWWNWU4eNsbmzkgdic/gBx4p8GVB8X/FlFUb21aMI3AYDexx05yOpOR268nnzThjJcqzrI6GGwtKNOrVrKqpe8vcppq6d+trXW6XZo7ci4wz3PeG+I8bisTJ1aFGj7J037Pl55xbcIxSeqdm1r0elz2qytNJ0Zo4tI0jTdPjjjXa0FrGrgcElcL1PGTnJIrbfXL2SQO8khj24VQdq54B6AYGAMcAYA9CKpC3ikcbJNpALSSckKVJ3Lz6nJOeB1HOMXFtisbu6IpBPzTMUVskLkZwmOe+c8EcnB/QqcMHhqdoqlTjZLRRgrJK12t+jvba5+Q1amaY3ESbniK85NrVzle9l0d7Nd1qvQRLvzJYTvwqh/3pOQHHbnj5TnOD1XgZxWnPKzLFCrEmZQWZs7XA+cFDnkjjJxyvfrnkNR8R+F9BYSarrmk28Sq+YftKOVOc5KrlxznACg8EqTxnz/AF79oz4a6MCba+m1SaMeUYoox5eMAfJvwRk5CkYwMfNkgHixWeZVhlH2mKpXj/eV1ZrR20v1b+SezPWy/hTiDFxn7PA4hqdkpSpvlV3H+a0U/wAL9uvr9rBLK0wZSVMjfvG+4MLxggHrx0OR07iugt9MmkRWfKIMgE7jvIAG4Y6LweMnj1xivibXf2vxGssHh3QY4gwwsly3mSE46hEDAA+vJI5HH3vN7747/G7xeDb6RBqSRuQI10+xkRV524EwQEAKwz2OQOhBPhVuN8BzcuDp18VN6JUqbd3dWtZd2vTR6bn02F8Ms2klPH4jD4OCs5e0qRTtK17pXX42ta9nY/RO80+wtrhXutRtrUeX+9DSxpvyThwXKhSCeSTuHPcYrndV+I3w00K3ePU/EFkvlPkxpOs0shAPP7ospBPXjceMivgS3+GX7Q/jaRZb2LWI4p9pL6hftEoRsncVL7gpDYIwDjrgDbXpGjfsd+JLt4n8TeJra1Rioljt2eeaMMAclnzgjdtBBwMcAA4HHHPeKsbJLAZLUhF7TrpwTira+9Z6Wura3PRfC3BeVr/hU4ho1ZQSTpUpxbUtLpWcpP0dtFp5+veIf2rPAWn2k9toVpJfTLGV84xIIggI+ZFbDZYHgYwDkqAeR82ah8ebq58Wt4p8O6Ox1q4s/ssQaMzsg5UNCiqw3nAJwQFGOSea+ldF/ZP+GOiqDqN5qGuXCMgEcsjRRvISFbG04weqkEcY5ABz5p4T8NaH4f8A2iL3SNJ0u3j06zgMVrZygTRxHyclstyW385ORnJwTgV4GeZRxPia2XRzXEwoRxONpRpKldunOTVpJK13FX63WivbU+t4Xzng7B0c1qZFhXiauFy6pUryqQVq9JOCdJ8zbtPRt8mjVtevK21x+0p8RMPbWesi1kAwXZtPhCEZUkFoywRfmxxyMcE7a6zTf2V/ijr2Z/FXiWy07dh3Sa4kublfXadzAAEsD0wcEZw1fbQvrxFVACsUa4EQCoileBtK8FQOgOeR6Vpx/aHUeaxT5VIjX77AkEkuOT9TyR6LnH1tDgbL6dpY/FYvGNKKftKrjBytHaMdbaq65tU79Lnx1fxOzCSlDLctweDSlZclFScdlfmaSdtHdq+ml9EfLmkfsieBLNhJ4g8S6lq8qAF4YiogZgoyoYEnbgnHfgDGcZ9d0T4Q/Cfw3Ekmn+ELa4aML+/vIzcNnIzu80Hv0PzZ4wMAZ9MhsiJYz5ZEJBbJG4gkckj5tx5GAwGM5A4II6GP90MuJHYhSc5Vf556kHAGOByBXtYbhzIcH71HBUeaN7NxUpaWe8rtvrvfVb3sfPYjizijHN+1x1WEJJXjCXJo7PZRS0dl+GpQso7XTQ66bo1hp8EpCRm2t44Qir0zsHJJA5POOBznDpbvULjbHJMYyxKD5NwKZPG4AD5Rt6YJz1AxWzb27P5KsFKE7libH3jjAGcYAwDnHP55vy2SLMh3KVjcjydowM45zj7oOOgPQcDpXdfD0VGNKnGKVklGCjH7PKloktrPrboec4ZhiouVbFVG5Wcm5O/TVXd276u7d7o5dba4ZlWSaVhvDRfM23ABHA/hySRtYg85B4JF/wDsyWRVKliS5Z2RuQMk4GTyTkZUZI6Hn5htCKEB1T5VBbJGSMcluDkjjsRjHAOTgSGbZHAqkZZNiqjfM2MYOSRktg7uB1zyADUSqttWjGz2WrVvdW7s7ttO17LXqaUsHGMV7WTqNW1buvs31fpve76XtrmQ6UqNuDDeRsJKqXyDzk9CSp5IGeeAAOeE8WYt/HfgZVjOVt71vmAAJGOcDHOWBweByDzivVYJPmbzNoJbC5PK5GMA4zu5znkdRgHDV5h4+Bbx/wCBIzsH+g3+445HKnJA5xtBOcZOBz1rG85OCb0VSPRKz54vurabrZ/ejpdKlTo1XCKj+6m9r9Otk73V1pr56u/6iDwehEEkInjbAO0q6yA5/iZgv1AG0gdTnFeYfGyyubT4W+OBLtlSLwzqKh2JLoRGOSBz7bc7jlhkYxX6r/EDUPhrqPh/UbjT9GitbpF2x+TGkbxzFcA5UDIyQTt9gSO/5hftCfZ0+GHxAFvIxH/CM6gWDZPzbASOuOpxkZz7V/I+R8TZjmdZRq+0goyipqWql8P33Svsum+h/V+c8NZRlsFWp06LlJ86cFdxkuVJRV3qpa6+b8l+AHhRwv2t2Cs/ykjGePtORt7tncMcYI6YGDX6w6G1vdaHoq7ntZX0myKxSghZt0KLuzkIdxyBnIyDwcfN+SOhtIouuoz5ZBHzY/fk8Kc84yBjg5xgZJP7R+ErSG78GaAtzBFdAaHYhW2xpNGTCpUq4PbkkA84IOc1+6cDODx2N5mrxw8Gk33nf8r6a300W5+H+KDX9j5dNLR4uST0Wipp6dd3pbrZabvzLVtKilV7eYMAxYA7ASCVOCr9Dn2B4IOemfyk8WxpZ/FbUbdDympzoPl4Axxkcg4zxznv8pr9jtV8OX1tE0ti73UTAk2krjzoh8xPlt1ZcZ4OM9AAQBX47ePEYfGLWFdWVk1dwQR8wyFBU+4yep+nJxXTx7ySw+AnBwjKOIcbLRvSLV9Fe1rWff5nB4TVXLEZlDm5o+xpyV29Lyi0nFreLvfV9bNo+hPBngIeK/CMl7b3V3p97pmpzxx3MbN5RDAnEkYOCuTg5XoeTgAVyuqaD4n0C4dtUsBqtrESRe2C7ZwBgrJiP/WHk8Edc9Sa+r/2VLWO88LeKIJIVmRNVx+9UMo3DkZOSDjIJxnnBI5r1XxX8OdMund4keyd2IUxH9yrEDouCCpIIIIG4HBxnNcmV5HPF5RhcXhK9SjXcZc0b+5Nxa+JPdaK1rd9dT1854qWBzzEZfisPCrQhOHLO3vwTUJaNeu2r183f8jvihqdte2uiSWt00rpeMrw3ChbiLqSj5GeCOOAMcYzjHu/7OF3HY6vq1zOJBGmhiVkjIB2+azMx6cDOSWwDgcZ4blf2nvCEfhu50QS2tqs1zcs4uolCG4VDgGRVwC2enOeowK2PgbLDZ61qAuIJbi3uPDMqyRQbhI8bRHcF4J3KDuQ5B4znrjwW8TgMyqPExvWp1KLd76tcjv6WWyvvv1X2eG+rZnk0ZUW1SrUqsYXbTXNo0/PfXRdT7Xt/FGiX0MMkF9G4ZFCpONrFdgU4Y8ls4IU88HJyMV4t8b1iHgPXXjdnVmjlCDlNpcKWBx9Mjp+FcFJp03lC48Ka0L63LFzpGoSeTf2+CCyxMwIOG+UcgnqAOg5Lxn4i1A+E9b0XUzeQXEkKtHDdqzJ8pXISdhhgeSMYyTjGCa+yx3EFHHZbiqUlyylh6kVZ/3IuyT16PT8FufAYbg+vl+cYTE0KzlShioTlGStJRco7q+qavtp5HE/CSeG+13wtDNBG0Q1QwTROodJYnI3CRDtDKwO0qQQc9wRn9BJPCHi3wreSa58JvGureEL6Ryx0b7VJLoFw2Q21rByIowzHbhQFAPI9fzp+FjJDr3hPJKudQHKkbXIfHzEcnp1J6Ajqa/VG2vIZIY2DA4ZlBJYMCq/3gORxng+vJ618plODo4vDSp14qpZKXNb3o3UVvd26PS601sj7DOsfiMDWp1KbSTu5xceaMrNb3utV7t7ej7edeOv2p/iLceA/EvgD4zeFJIptQ0qaztvF+iQPNZ3EqoyxG6jQEQI7Bd5XPJBOMV+c3gEMt7dSiVZI23S7oTxtjVlyO4GSME8nnv0/VrXIbS/0LVra6t4LhG0fUHaG6iSWMhLSYq6hged2Nu08EZBGcV+THhMW63WoW8CSxM1xd2gMTHCiW58tHPByELZz14xnivOxmA/s/H0HTlKpHkbgm7S0tpdJrXbb79D0MnzGnmeExMXTjQnCUHUabcZO6s0neyUYu9tr6Lof1j/ALPJjuPgr8NzvKZ8K6c5B3Z+WIZBx1HQ46f0yfjfFLJ4V8R+VDGUi0LVmbnOS1hOd/sQB19u2FFflN8I/wBr/wCNP7PukaN4V8e+H4/Hfw/tLO3h03VtMQxarp1k+NsToij7R5SZGXwGIxk7jX2d/wANK/DD4yeAvEH/AAifiRV1S50bVBPoeoyLa6vbH7DMGjeCQpvUHI/dZYAAAnIryofWMLjpVK9CpThOTfK09VJpq0no9Oqa1vpY3xVCjicHajONX2drunJNJxkrcz6Wdrpq973T1R/PF4aLNLqqqqqRrl8SDkAZml3NnvyGx3OM7ex/cD4LWcknwt8HhIirDTQwYbjnjOeSBkc8dyAR3r8P9AY/2hrttGORqd/M2MgqYrhyBwAQDnrjcMZ68j95PgBbzn4VeDJGwySaOoUMeBtH3hgdzngfQ8V9ZlF/bRkrpexs9ddZJr3d3tvfzufNcVRbyhRs7xrwcpJ7+4l6P7tXZnmP7SESD4NeLjIhGI4AwC4IO8fNuGckHGR+fOTX46eF2Z/EGqEhCNq4JwcDdEAMf3sAdV7kZ9P2v/aXgA+C3jQyxBRHBHIVUdQJOGPH8XBXGSo9e34keHTGms6hIGKr5sK8k9JGiYKSMjJUE9MHIyQBis8+XLKNTTmkoppWurW3Vre7ezVl56tXXAvtpYSvGS0jVclbfWMNbNPXRbX+ep7R+1ThNU8HySKreZ4NsAVHV2EZGdwAbv8AieO2a+TbCzVrWWaJ3WVHbG4D5iMHapP1AODkYBIwK+tP2qiv9o/DyVud/g60wQTklUOOgOc9Bn29K+ftHt4JNLVDHhizN5gXGMn5dx9McDBwT8wBAGPPnG8ablsqcUldpXfLa7W26abWytoke/RxElzu60qT6JW95PeNnpf06bGT4U84eJtClz01G0LjOek3LY5wVPXGCTxg7Rj2T9ofxd4g034j3NnDfTSaW+k6cWsct5MpMSAqQD8rdBu+VemPm5PlHhm3ZPFGlFQMLqtoGG7OB5wPXgZAxkr+Rxkek/tCOyfE+RhEkqDStPJhcKVP7pD14wcc4xz+WOKteEdJ25ZJxfWz5W9dmnovm1roepCUKtNKceZSV3zrSTdrt2d1dtu7v+OnCW9+2rwwyiMxIGEZhZgWRgASBnnGMkjIXH4ivY/gYjR/EPTYSdmUvgVYLgExHG3C5HXJBGQM4PTPl0p0s2UF1GsVrPuQIIWI3ZAyrqOAxPHQEEhjnjHp/wADJ4pfiDpMmWDGO8VlIIJHlsB1Aweh29eoOcis6Uva21erSvJapOysu92r7etlc5qlN02nC/K+jeqXurleuiV012eum6brdpbLqWsyyBVaPVbzlFCs6tM43lu+V7cdDjjism00m3RPtCyLh0ldd52lBg/KAccnGOucgZGK5vxZ4xgtvEfiCwmt5QkWqXgVlOCX89zuxwMHPuOo9SK2n67b3sVyiyukskBQIwwUG05ZQM++MZHXPIxSVNwl7qbvqtb66LZX3stdVe7etjqUpKKcmraWT7rlvrslovu+76B/ZjkUa54phGCk9pcYBGeuV4z0POWPAP8ADyM1Hrfw0udKa7vtD1NLiS5vLmf+z7sKrRyTTNuWJj1XJON2cDj5iQA39mZ8a5rCqwZl024YsTydrOWJHByCFOec/LkYNeix65bXF6bd0iuX+2zbnDBtmJSCrgHdwehJwOo+bp04rE1KOCwyhZSUpxlKS92zadn6bXTunorX04MHhoV8ZiPax5k4UuVWau2lG1vJtvrd9dXf5h8VQXEFlHb3tu1vcQXqiRTnDuyDJViFDAn+6eMc8fMfsf8AZ0lC/CjxnPvRGtra/kTzRldy2sxVSCScE4GFxzyeOa8H+LiQSQW8QXep1JXVkTCj5MbPMAGRwGGTuHKnkV7R8CreE/B74jxJ5ju1jemFFVmZmEEgUADdzu2kBQTyCT6xhZqtTlJuPvQakuiknG+ivpZbWbdt3sGOpexdOnGD92tF2bt7r5Wnd9LJLRdNL9flWz1W/wBUuUM8hePzZlCk/ukDSE7QSBlTnAx6AHPOdW2juItf8Os20RDVogqgfKQZFJAwQecDI2nIx71xXhC4uBdixulYFXZ8TgxumQ33g2GIDcnPGRng811kk0i67oUZwEXVIXRtzDjzkB4BGce/UZwec1zV482Hdm020nK+3wq0l0V27Wtvbpp6mCqyp4iK6atrqm+W6d2lprZ9L2vqftT8Evi/rnwPtJfirp2hWfiN/BF9Zam+k3AUpexFFRoXyGKhkbaCFJzzxg5+4PFXx2/4J4/t26TZx+L9Ct/gF8adXspY7bVVtYrLTpdYcZJuZIUWO/iMoKI92VKg9iAT+WNn4o0fw58NtdbxAbs6Vq11punzvbsFaHzjGomdS5JjjB3ZI4UY6jA+RPH2nL4W8Qalb2skV/aW08Gp6bewS+fDJaXirLEDKB+5kCth0VhhwBx1P8weKXhbl3FnF1PN6eNzLJOIMFltHD5fnWV4h0p+x53Ulh6tCanh8RSVSd5U6kLyi3aSvd/0LwXxjLJ8ipU5YfDY7DPG1pYjB4mClZSUEpwkkpRbhF2lqvd01tf9b9H/AOCeH7Unh2O88V/CN7fxrpmnXk72l54Y1BLiG/06Nz5V3NbGXyN2zZuiXJ5wN2FFeKat4g1TUvH9j4c+I/hiTTvFWgT/ANn6xcRW7Wd/BqMbqXNxbSqgZN0ZAkAKuASCwArj/wBlL/gor8c/2U77TU8Pa7d634O1qaNtU8L6zLJdW0lpHIrPDpksm9rVyFKhoxnBXIPf9FPhb+1R+yj8c/jD4/8AF37Q2gL4c/4WjFp39kXE1qkDaKYYTFJGdQiXzYi0jq/nqFJAILYJr85y3ivxd8LMZmUuIsvfGfDWEwdOrhcTkOHax1epCvRhJVMBOpPkqxoSnWrSpXi/ZtweqivssfknBfHWGpzy/EUMkzSU1FxxUlGKU4NyXtVGPNDnSULtNJq6bun+f/xR8A614p8QXfiPw7rFleXwhihm0a/Ig/cWylIhbB9iOXBLMV43dO1eO2q+KfD98bLUdKvdGnUDa5jlaxkbqTuA8vaexyBtycHOa/dnxz/wTwg8R6XL4z/Zt+IOk/EXQriNry08PXt7C1/DA4Lrb2F5BLLM8nAVRc+WSxBJwTj88PHnhjxz8MdRl8OeO/C2pafewv5cml+IrJlzgkYs9R2mCYNwRhyQpGB6/snA3jV4ecetwwGdU8BmLfLiMqzSP1HFUqqtz0Z0cSo3lGTcW4ymn0d7I/LM/wCAuKOG+aVXASxeGpW5MXgpxrRlSi1yzXs25JNWd5RVvnc8J8DfEDX/AA9rFpr/AId1nVfCfiS1kRrTXvDl/cabdPLG4IVzCyq6A8sjjD52+x/a39mj/gsn8Y/hzFYeGvjpoafFjwjA0Vs3iG2UWvi+wt1JQO6x5ivXRGLGSZ97lQSeQa/HDWovh3di2huLoeHr245IQPF5cp5KmIqEZcnqozx03VzVjoOsWt41xpmrR6pYQuylWmJLwryCQuQMhTjcCeOc4Kj9FzThTLM2pqbo0ZSnZrEYdpSa0Sd4N3Wu97W0Vjwct4wxmWyVKs6jipKLo4lNxTTjdxbty/KUdXon0/us+A37XX7PX7R+m2198MPiDpU2rSRrJceFNYuItP1+ylZSXga3uXjM7g5H7jcDjIPNfTqeajhZA0bZ3YYEEjruGR054YZ3ZJ+YV/niaH4q1Oz1ltV8N6lrHhnXtKnD29/pN3PYXsUsblgYZ4ZFkwGUkZGTwCB3/Xn9mX/gsB+0L8IYtO8P/Fe3i+Mvgq28uDzr4rbeKLCBNisUvATJeyJHuwJnGSMls1+WZvwFmGBU62ETxFFNtRSSkkn1Wza01WrP0HL+K8uzFxp8yo1m1enVfuv4bck7dU9Oa1k077I/rQicck/MOp6Fc9eR36A4xz1x2FtSpC9B1BwBk+h7ZPPB5IA6iviX9nX9vr9mj9pO0tovCHje18N+KZERbjwd4sli0vVIbggBoo3maO3mXdkLtcs3pzz9onKCMkBkYBo5kIeGReSrrIhKOjHJDKxBB+XqK+DrUa1CcqdSnOnOLtKEotNaRirq1rb76H0Huy5X32d1to9Lfmr76dy3tJU9xg5DYGe/IwcHkElf16U1o+vzEAFQMdM5HTrwwzngE/rUMczE4LFucD3/AL2euM8/XPXoKsoSwUjOMZ68jH3cHrknOT2OCTRSTur9HvbVbW80npbRPZLdWmSdvdSfw72fW97667p7ppu+jkV9igEdMD5cg4JPXGMZGCMHIx15qF4sk7cgYGQNvOc8856HnJ54OAelaDpnAz8uRyCfm28ZUZI6n2Dcn1qBoiOQSDyWGCASOePqCM/T6iuhSgmtVdaK7S6Ju6tpb100Rm5avS3S2vS1/wAfN30s2zLeDcc4bIJLDoQQQck/LnkfNnjHGaQxOxG4DBGMYOOp6556DJ9fu46k3iHJOOhBZgCCe3Ge2evPH1FReXk4wV3DpknbngnPOcEAgjP8JIrrpTj3TV0tZXu7LRavpotNe1xuKcdNHrpo9Pd6baa/c9rFPygDkjCk7htxgAAjoRx05HQHkY/imEQ9duRkjkkqRn0I5GMHrzwPvCpguMqD0z1PUkDke3OACMbScnuVIZduRnkKeeBg/KB1wwwOQTyVHOTXVGSko30fbVdullqu35HM04vVPts/Jd7etv0IiAvBDA8AnJyCegIycgjkfVugyRG8RGcN1JwDgAs3JzjjAxxk5Cjp0FWQoOSwYNnJJGDj2xkMD0OSDnPtlcLnqc4J5x19hngH2A9uCBXTFtL3d0kn16LrdrZLbW797yhu6d0lptd6J8ju2rXV/hUrLm3ezM8qEBJxknO0H+HJ5APQAgZ75HHbDOc8bjwxIAOdpPOR3X68jqRjpbdEbI5BOckY7gYOQAAfZhxtIPA5Z5IwCC3BAwvDbRnOMdScAkADHY+u6u9ZJ7223vZf166GDil7zfVeVrqPW1+tt9+ZXtqQBScHoeCFAySVA6egGDjHB+YkjmrKBjkH5ejcAjOSNuec4Jyp7+vPVqLhiTyR1HXIHAKk89CSRnHripiSMEDBzz0OABwTxyAOMY4znHrWv9fLbT1766A3/Kk12VtLNdvve+u+hMvBBXGCPugdhnIJZeAc4PQHj5Tg5kXIwSqg9Gzzz/dwccK2cYz29jTIwVPzckDng7SW6dO4PuQT1FWVGNucHOT94AY9+CeuSQfl74IzRzpWav5JJ+Wve/ndW6PRJRZt+b1u9L2Seif4Pqnr1LESjHYjIPHGCOcMf+BdR97gMQMVaULjblicgdQATnjgHPAHHGRgnhcE0++MnkY4PHXIB9R0wcA9yMnJsKOfTJBIzwMcBdpzxnk5Oe3ORlrWzva9tW9r2WrWvXaz6adRSsktFey6rT4bvZPvv6llQFOdxY5wAOOAcndgbsjHB6kcHPGLca5JJXPzDoCS3XgcY29sZ5ycqRVeIDO7nAyDkggluQCcdAvOT1yT35vxxhvm5yrLtA7ggZJDYyevBIyDjBJJqnKyVns1fffRd1vd20ul3u74tXWqvr2bV2499La3au9He19D8zP+CwC3rf8ABPz4yLYwCa4GoaE6RtgBttyTk91xwCBjgc9K/ho06bx69qFj0mCEFFV3F3IhbCKASRxnp7gAAsGXNf3h/wDBVqHP7BvxnJHKS6RJtA5IExHQHIPOGH445xX8OttqQhgUBdw/ckg53nMSfxAHAxnClSMEYHGK/obwYj7Slj06k6P8OXNTaXNeyabevLrdvS11do/EvGKEf7Py6apU5tYirHlnzWd4wleylF2bVmrNbtdL8gNI+JVyrOogtxgFc6ncL1/3enP5dVxjjh7Lwt43l8X65u1FLe7S1thK0d/cZZQ42q0gIZwuMYI+Un2zXv8Ab6+ssYCxqqqoDAAnHzHIPHGQADjAHAB+YVxlvqkaeMvEMoVdr2VqoOO+4HBA5wM9RkDGOpO79rqYak6mGUq1WonV1cpbPlaXRdbemqPw7BYitTo4yMcPhoN4dWcYXbfPB2u73it3fpf1ea3g/wAVqY2uNeCjeDlryWdQCoyPnbBH49etdBbeANU8vL+I5ZDNIm4Rwx4XIB2h93yknGPqCOlaV1q29VUWruN6M0gVguQQQORg4yq9epBORjO3pOsPMDHNCYYoZ1beQTkccFcH5fXJwvtjNdqwuDjJ3521Hdzno95X16x8/wDI8mpicxlFqn7KLdknGnCNno27NWXTZPS/W9/nz9oDQI9Fk8GCS7vL1pftqGS6Yv0tWwFHOwHAIAOAOMAANXin7MfhfTvEV94xN9Yrci1vXMRkBIT94dxyODkjnAI2joMmvo39p+6huB4HNsRII5tQBdQQMmzY+hAHORyegzk4rxn9kG7trS58eS3tzHbL9sZV3sAW/eAlVJIGdq8jOASRjmvisbRw74ggoSjCjGdkpWUX+7jL4parW9uq07H6Rgp4tcNQm3OrWlC3NH4rOtbRxtor3tZWurnofxv8FaXo3w+vZ7OzWJzfWo3LAodsypkGReeAeB1znHGK8W/ZM0221L4geI4JIhJFFbyvteINiRJgFPzDPAHJ6YJ9MH6c/aA17Srj4fC2tb2C4nk1OIGNDucKgWQ+x2gAknnd0HQDwn9j7ULT/hMfFjvNa28ptJXjaRgHYm6VAAD156dPunOBiuGtKlTz2ioWdnFx5Y6fCk4qz113TT106K3XRWJnkFaUnJfE3zc3N8VLVNttLRuz7vc9P/afsLex0/wysaoAby5ISONUTd5L54C9DnOcZx69K8d/Zl8O3viDQ/EEtt5IWPXJVkd8bhksSVPByBtxjjGVwMYPtf7VN2GsPDeJI5B9svBuRQQf9HkxjqCSeeg79TjHn37IExj8IeKSFd3OvO0flkjJ+YqWOOe/rwOBkADrlCMs4pOUrpxqOyVmvcgldpuyaWj36pXavzUKs4ZPJxs2mk7u7f7167tXXr+pofHTQrjRNH0GG5dJllvp8qFBA2wvzwOMbSS2c5xjGBmv+zRp9rN4Gku3t45FXV9ROJIl5ZZSAM8nAxwRk+1a/wC0ddXE+m+HzLH5YF3d4yxzzDIck4zuGOMHIx1xtFO/ZPt0vPhwRIWP/E11LcAW5YzHHQEluO/1JBrnoqL4jq2SUfY2XTVRprZ9L636K76o0xEqjyGlzrX2rejt9pteWtnfTyvucH+01ZW8UnhqVVZEaz1IhQdoRgp2hR6EHaM9OmT3679mrTNNuPh1pl1cWzySiW5KlQXUASnAYDIOe5xwTWV+1ha+RF4TdIymbXUk+bJJKrlhj6nkLgjqe1eq/sktCPhDYyzom/zr9MlSxXZLnIBHPORjjJxwAK2pK2eVtU17K8bRvFJKnbTzf5dzHES/4Q6CcWm6sE999bu7dk2/La1tbHyj+1GbCPxtpUcUBiCaPIHT7q5eOTb1zx6gEDn619S/Aez0Zfh34UnmtImlGk5Z3jUlmJwpJOSduPvcDJPBHFfK37WLi7+JVnsYqBpOPu4OVjkLYUZ5OCBnk8YB5B+h/goLxPh14UEskq240tflCkAnLfKTwMFTnGAB35wRhllTm4gxjSafJd3TV7Shd7K11+Vnqz0MbGSyDAO105xemmri200unps/nbw79rSW2Pi7w5HGoVP7CuBgKVzkqFJwB245X5clsnFfZ/wpitW8AeFTsJaPQLLZlgpPGTnJ9RyAMZwNuRz8J/tUzq3jPw+AWLLoD7txYEFmAORgg56nvk+hzX3n8KdOgf4ceEpppZVKeHrNgqknzBgYAOMgL03AAkcYx00w8nLNcby8uktm1Hfl12euu2rucONUoZXgW48y50k09mkne9nqk9FZ7tdUj88P2k3tl+NN5uym2bRhw3OPPUnqc9GBxnkAd6/TG3e2m8OowEZI0W3CnJOQLSEAkEexJ64zgDA5/Mb9p4Qx/GW5aONl3f2IxDn5jtnjDN6nG7PHBBHGOv6eW8cJ8J25hjCv/Ydqd21s82kPIyDz7dhnHoObLJNYzMLNK0+8ruXM9LaLZvVb208+vMIp4LLVZuSjGST1e1PZeWuu6vpqfmZ8co3j+KOhRZQB7PTDkDgK95jBHc4Bzxjpzjp+xNvp0Fp8N55XOEHgtiQqKAXNhG33sfMRuJ5Y4IzgZOPx2+PU7N8VdE8wAPFb6UgOewut38J4ByR6c7WwDx+vkfiB7rwBc2LxIsS+D3iJywxmwTPORyPXpydzdcdeXVJ1Pr0YNaNNvS+uivrtut9dnfY5c4oXllcpRbVk4q2ikvZpX16Jrpu21q23+RPg6aGL9pXwEipIyQ6pLG4TOWdn8wAA98sM4H4ev7Gar4gMWnXfkWN28glnTBBCgMjIeRjKhScKQRu69sfixoN2Iv2h/Bd0hKk6m8hwCTlH2buwOAgYHGDgHO0jH6a33i3Vru6nsxdMlrHPK3KqC4bI2nnOMEdP4cYry8unzQxig4Juq1ZapWive95rTVpXXS99T1cww05Twrb2pLb4Y6rvts9bXTsu5+a8qzS/FvwspRjKfFl/tQk48x7x2AI7KCzDBOPxwT+mU+n3VnpV681owDaZfAyNnBJgYbgDtPTII4xkjPGa/NxQq/HTw5GSVEfjPcFycbXcFgMDoMkgAZ+U+1fqP4huhLpWoRmQC3isb9QzOwORC+QCcFQOgAB6ds4rfI3FUcddv45dEnoot6ee73s/mjDOKUvrGBldRkorz15oar1v579j81/gSu/4120aqvzR6qSp77ppBgdAcY74PJJGMGv0O8QW91HoVwJIxHiCdztfB2GNyMEAEknpgnGWG3HX85/gVNBF8a7Z5GbDDV1BDHChZpc8cn5h0I77eMZz+hniDW4p9OlitklmUWs+4bGbaREV5zg7dwzweOuADVZTOnPA4qCSTVSpdOSba91bb2X53LzOhWWPwrTvH2dJdNLyimrLfo09dPuPz6+C8UDfGSwVwzMbvWZBgknhpOnALMSQCRg4wuFzmvuTx7Ar+CPEUhbAXSLkCMKeAAeB6hsnOSMtzu6Cvh/4JsrfGyyabegWbV2I2sejSH5uBtIPGMegPXafujx3dWUvgrxIsc6mQ6Ldh1JYFTsb5c5C8jngFh8xIG7NcmT+wWCxjm5KSnU0vu0k477rWyt5WV7nfmdOo8bhVFpR9jTurav3k215639Pnf4p/Zc0+XVvH2r20G1XXRpHJO75VEwGRwO4PbjPHYn7Q+Ifh+60/wAI69JKSANHuC2FA2gI+OfQj2PA5DYxXyN+yLqOm6Z8S9SuNRu47O1fQZVMs0qwozCYfIrvtXdxlRnJPIJzmvtn4r+L/Bt54R16Gy8SWLXD6PcRCGS5QySMUbCoAxG49AAc8+xFd+XVaayqtC6U37RWeurslrd2dvS7fWxx46jL+0aMuWUtKS2VkrxWu2vXRq3lds+Of2P9Kt9X8R+M7eUM4GloQuTnduxgkE/pkZ529K+n/jF4etNL+H3irLNvGnROpKcKFdRjP3hww5ycnGerGvlb9kbxf4d8JeKvF0/iDUodNtrjSPLheZeZ5Q4IUEDIJBOSQOeygYr6W+MnxR8DeIfBXiLT9H1uK6ubvShHBEqSBpXEiFsNsCqFC8EnHXBIwDw4KqqeWyjzpSlKTsm3dOSu7dNOtt7q7OvFYaUsxpT5ZNKNOz17R0b20s0tbu9+rZ43+xh4esNf8R+PIL2SfbFBayL5TlNz/NjOMfhjsSPQV7R+1D4XsvDvw61825uizS224ySGRADwcA/wr9CCOOOCPnn9lP4heGPAOv8AjG61+6u1W9traO1Flby3JdolwWby0O0dByFB6k88em/tGfF7wv418D6zY6RBrjTPNbnzLqymjt0CDGd7qAADhgehxyDnjtp1f+Emqoz97lklFXd1peytpuntpe2ltOeth5LMoNxahzRW9rNWd9FZWu99+z1J/wBgfyn8EePHubh1iGvxMyj5W2lNyjKjIPcsTyePrqftDtCfC/jpbeaX7O2nx+SHzmTBPPIAAIHPODwMFeK+c/2afim/w58M+JdNXw1rOsy6pqsVwJ9PjJhQISNjuB1brgHjPTvXY/FP4sXfivwv4jtZPA+r6etzbpD9uuEIit0Bzl+m4cYPA53HJPJ8bDYes8P7W03FKTUmpOKWml9LK1301TbZ7dadJShT54qd0tWk27R0te91uvNedzt/2QlRfh1qDMwZjq7kK3cGNAG2Yzu49FJx16AaH7RTQx+CvEiGRg01hE6oM9mcFcY528g45Prt6eQ/s5eNfF+h+FNU07w34LPiJBqRle+a58pYmIUeTtyQW6ZwDjPGea2fjl4h8e634U1+48QeDY9AsltYLWO6jufPfnIwy5Pv1x6YGfl9DFVZf2PThGMnyq0nZ2teN23azUmlps7tanm4ahCGZ1JvkvJvkTkuZO0Nle7b6X/zv037JV0I/hjfwoRzq0u5weVOxMEDk9ecHGR37V7/ACXQaB7YOGZ4pW3uCV+9tIHHByvbGCOvYfDPwD8Q/ECy8HX+n+DdFs723i1FmuL2ZwJRM4AUCM8Nxg9R94EE8E+ojVfj4wuohY6dEFU5JijLqMkgAdhkYwM8HnqxP1GS5k4ZVQg8PVn+65VKNN2S93rfS9t+uh8tneWRr5jOp7elTvNWjKSTTai7JW0enm+9j63+KM6X/wAMrS1tzGI7NdO80gHJPncbjjaQCDjuRk4wBXn/AMVbWSz8BaOYUUl5NPkLrkcNHEFI2qTxxlT0GcDHNed6ZL8V5vDGoHxpLZyaSzWey1jRYp8GXhyy/MY92MgHB9iK9W8Z67ptx4P0m21dF05luLC2gluQTAVwgUs/CrnBByy9ecE15NbEqeITUfZuLStNNcqb730aWiet36XPZweBlQwNWDammpNODbvpHSz1b2WisnfZq6xtC8UzaHZR/wBsx+Usot5ba8AbYkO1cF2GVUcZIzu6cZ5rm/Gupx6u2oX1m0QiWKNkeMh1lYfMSVBIyeAc8cjHUZ98Hgyy1TSIbJhb3cVzbW7KoZWidSi7WidCQFAGcA8DqBnFfDXxLmTwN4p1TTNNvXkggjUTWEkpbyjK20gKMkqigBGwMADHXJ+rWJhCjTU3GScYpNtaO3M1v2b83pY/O/qE62Ok6UZqUZ81l3W6u9pa363tbW6R4N8dtJtjoGiakttCl5LeyrLMsapIwG4hZCuMgY4/iwc5YV8t/Zbds7CI3dthBBbuCTkkDccA5GM9OgJr6c+LWuw6n4R0xLRmaVdQDMrKWYHy+RyMhNw+U4wQc5ODXzlLbu4Vmjb5csQAFB3NjkkHJJOfwPUGvzXPKOH/ALRnNuLTUJNJpK7Ueqas9F2XbZH6vkDxKwdOE01yS5UmnsrL3Xv2tsrbmr4bv4dOvY7LUo4LmG43bZbjbIYlGfuZA2M2eMEAk4P8JHf6gmnGKYww2QCQEho/LDEkYB6E7s4OOhJz6V48GA1SFSIFRImDPlTt4yGYbuCpALDJz3Hars8tjBG3nai04YghIFfcOMgMSBxyAFJz0PXbXzM3h3OXKvhemru7NO6bte933TaWqa0+tpSqQo+9FbO7evZNpJWer1stXdHr3wVvItO+JXhpryYW8KXjM0j4Cqjg4DEc4/iUjj5SO1fqbe6rpl8QbO8tr2ExMhlhk891PIOYxu4AGcMcDPO3HP4yaL4mt9K1C3vtPt97QIzFrjczAoDgqOW+UnnC5IyMcc+veGPjtf6fNNeJfJY3DZQyW0IML4bkyxk/LuA7Z68nFdeDzpYBKmqcnB1ItzjpolHq3a/no7PV6HDUyWlmEJc1WMZppQjJWTStZWet/NfN62X2frGjaXf+Kr+zmhguFbTYnVkjELSOMcIyAEMoOTg9sHjOMq6+H1sEU2M97azgCMI5LRrgdNrfwgHI4HBzkDAPIeEf2h9Jub3z9f0rTdVAtljN3YslteooxnMeACzZDMOh6Adh9I6D47+C/jBYBBr82haoyqiQaidpZiACTIf3RAOdpLYx64xX0+C4qpSUVGpyWbfK2+8ej3bvs+2up81mPA9SdPWnGtGyinFJ3Wm3a10tLdm1ZI+cPEfhjxDb6ZqEaJFeAoixiI/viEYbgysMkgZ68r09qlsr64sLOygubeWF2t4lZZo3Ko6r1BwRgse/BPAr7K1L4V3F9ps994f1PS9ZhZFbME8MkoDHpthZzkgjlsYJ/AcPf+A/EdksEd7ovm/uj+7aNJQyAElwxyRgYyM8nGBzz9tguJKMpKc3TnemoJqSi0rxXS9t+y6nw2L4GrUoOnGnOjaSnflbveyas1ol5fpc+fodXby5HUI4kLL8rgkBgCRgsCSRjaAM8dRuNUll83xKJHC5OkKhUc4x3Y88AEDOPbngV6Pe+ENHmd1msLiyuS77GgDqqv2/dsB0PQfxYHrWLZ/D6+k14pY6kAV0wOHuI+GUHJRiCQCAQMk4G0nrwPSWOw+JeHlzKLVam5KTdlG/+a067I+ZfD2PwqxKl76lQny8sbWfu2Vlru/wa0sS6VbfbHMMjBI4wFXMYZdz47cDC9uQo9DnnL8aaLPDoxMUhGdUsxmLamQzjqMYIPUDbgntnmuouNG8U6IxkktvNiYbTJagSRuBwpwAWGSPvDnIJ9c4mv6nJc6QIbmNopo7+zeRJI/LYkScgBgM7QMYHOevqfpcRPC4ihOMHTqLlV9U+Ze6n01395X9Nj4nD4PMsDjaLnCtSaqN80eZJ7W2tq3vd+eqJ9Q8C6Lq1u0OpaBZ3peOL5haxiVVCLnEqZclvX7xOcDrXk3iL9nTwlqMZfSJrjRbsyBQilpEDMueVY7QM4HBPAwAAVFfSltqtmiuGLKxt4yHGW42AKMKCCVOcgYxwMDNRNJbTIJpJlceeDwR6ABT93B7nOTuIGRj5vOzDhTh/H0XLEYDD1G6SbcYRjKNox+1Cz3d/wAelz3Mu4u4gwNZQw+Y14NS+Cc24KK5bK021om9lbe76P8AOqT4S/EK0lvz4fuBqEGnXk1swExEjtCC2VjZtuCMZyD6c1im98ceGHK65oN2hTnzUhlikRh0ZZosgEeucAjOAMV+gHg23tpZtXILLnXJyEABLMQPmPzHn2YZySMZrurnQ7S4jY3ENrcwurgwTwJsIAGfmKn72CcHPUY61+b4nwswOIoe2wOLr4epJu0Hyzp8ujS1tJb927q/RH6hhPF3NMHWdDE4aniaUI0+apGTU27QbaduXVu97anwB4e/aA8UaQbdLPxBrlq8P3ILyV7y3jH93ypWOAOhYj6nGa+jvCn7X2vWsSW+r2mm6zC4CtJBIbW5xklm8pSo39cDnBOMZYioPHHwq8FahLpQXRYbOa91MW9xcWAMbNA2NwAUD5sEnI/MmuA1n9mKzSQyeH9fe3beSlvexnaMMCAJACeoIyccdiQ1fH1+BeJMFUqxws44qNFq7jU5ZNNRcY8s2tbW2eiXXp97g/FLIcZQoTx0Pq/tbpKtBSalGVm3Uitm0mny7PS7R9q+D/2nfh/qflW+p3Vzo88ylY4tQRpIFkcbcB41JABYENkdcgn5q7PT9R8L63DE9rqFnqUayzBZLO7iaQrIxYSGEvv+XOcbfccivyo1z4Q/E7w8XmghXU7aEMxe0fzlMaDcXZJOUAABOADg8HPJ4Sy8V+IfD8ySSx6ppcyyNi5s2nhQsrbSCR+7YLwMZySeec14tWpnmUzX17B14NfzQkotLl1TWlm7bd3r0Pp6GN4bzqi/quJo3a0ampJN8rtJP3tOqaWmuh+zV94XsVglktLl5mmjnLxXCAggodqYkwBnjPIJGcYAAPnjfD/To9N0tkjlsW+2eZcOoVoWaSbDPsJ2oApyMAk+4PHxX4P/AGlvGOmMsDa0mp2rRbDbarEpcgHHNw25g5HGepz1OOPetM/aW0m70uOPxHpVzpwjYbbnTXF1annG+QbvlCk52hc5AyeTXt5fxhThJQqOdBNRT912Xwq1rO2rd9F026eRj+D8NiVz0ZUa/K4tRVl1jvezV7rRt76Jo+3tQ+D1rb6Fpes+GNTGovLZTQ3W9NjwGdCHaN48n5Sfut2yMcmvnHwb4J1/4V/EC6l1uM/Y782pkvoy0lu0NxepMpYchSAxDMduNpOASTW34e/ag0Tw9pEt9o1z/b9gXtorvSmZ1nRHdS8kauAkW4HBJIDNkDOAD9geB/Fvwp+PemrJoepafFrMNqq6hoF8Yobz5SGEKrIymUBgeYyTnJBHWljuLJQxFCnSr08TTkm5qS95Rkop8r0Tdr6Jb+Rlg+EY+xrSnRnRmm0nF3V01yrdvV7O9r37pHY+OfA3gP4oeKNL8LavBBrOj3vhNmaNSksSXMls0iT2kh+aKaJhkFQCOrcYNfjx8bP2TNc8EWN14i8CT3HiHwzBcaimowlQ9/pP2a4ZQjxqGM8agcMu5uME4HH6u6/4A8TeENasfFfgxbi4ezaNZtJurlyQHj8qYQls4URliihvmxkY6VwPhzUBfaT4w065Eljew32quNPvFJaVbuKWSZQso+dNwIAAGQuRjgVWLweC4gpJ+4qip2jUjpNS096XRpPa2j1aaIwtfFZDUalzcrnHmi5P2fLeMdOqlppq0113Pw80nULqxgysjJtjZHTkLIyk7leMgYcYYHgHkgY7eoeB/GeraLq9l4o8D6pN4Y8SWX7xTFIVtNQKNkwyx7gjCUAgqwzgn3I+9/Ef7LHg74leBtB1jRjD4a8VlNSP2lI1j0+9eEyyKlxGgwjybcBgC2WGRnr+cWt+BvF/g6O7OraPe21pBfTWqX8MLTWRkhkKB1ulBSJWPzKJGVj2+UKB+cZlkeMyuo5TjJ01K0K0E2tOV62Xu769e2p+hZZneEx8FBSipcrUqNSyla0HeN73Teiaetmfsf8ABL9rPwb8VdGi+HPxTRfD/i6ZvLzessOkanLKpiW5s7iQqkNwS28IzLHuyF4ya9x8feFNS8P/AA08R+GNNuG1mxurKKLSrqFxJKyqDM6uqjDLCg270DKV54xz+AA146hZx6fqeYb+Fo1stTA8ueI4zGS6kcDgh/MypKnnrX2P8Ef2svGXw/l0fwt48luvE/hKAiL7S7GbV9PhddgeG4Yn7XbhGIMcj5AXAAOAfUyXiWvgqsIYpqdJxUZOzej5Umm0tVa9u3mrnn5xw/QzCEpYWKp1+WMo8qSu1JWT+7ZtXSVrWP0f8G3kmp+B/Dukx3UcUz+FdUtLhYSIzI0NtIdsqtty2U+ZXBB4yM9PkT4z/s9+HPH+gfCa50q2tPCWu6joGpPe6vZxRxW+p3FnM4X7bCiqpkc4Uygbsncegr9Bvh9P8M/iF4Yh13wtPYSpFY6oYHtZljaOa8tpBHDf264e1m3ONxKgAkgEmvmrX7G+0LSfBGneIrTUIV0yw1qCK4w8lvEJb5TC4lGQFkVgAGboMYBO4fdSnl2dwkqfssRTlTd+dcslJpfC9GnF3V9NFqz4r2WYZPKPPKrSnGdlKN1TcbXtJfC4p2snu1um2z8jvGPw98dfCzxBa6T4x0ebTprm183T7ldxt7+wdyIb6GWPKqsi/OFcgnuwJAGMlxcJq9tLBPcadrFs0c9nrVjM0E8bphlIniKk/NwynAYDGOlftz8V/Bem+PPHHgPw9rFjBc6PrngGbTVZokaZTBAGEtrISTFMuchlIIxz15/Mn4ofs4eJPBniHXrfwitz4k0O1sn1WXBzfaVaI7qY2UAvIItuT5eWI7YBz8Fm/DGNwMp4jDRlWw8ZOScVepTSatoviinpzLayv5fa5PxHhMXGGHxLjDEWimp6RlJ2Sabemy0urXdlufQ/wS/a/OmTf8Ij8brEarpd5BFZ23ihYQcxAoiHVYOUljJALzjLDLZx0r7+vfA+n+IrK78T/DrU7LU7LVfD7JBpVrcrNazp5JaNbeQOfKZQ3EDbCCpAQkjH8/VprL3S21peRmeG3b7PK5DLNCw+XY6kA7QeCrDJJIJXbivor4NfGn4gfA7V4dW8Law2reGHnQ6j4avJGlsimfnWJHLG0cAnY8YGGwDhesZRxFisDKMa7nOnpFybvKK91q6vfS9tWrLq9l0ZtkGHx9OU8Oowm2pWi4pWSTbjbTS+12m32Z9parp7x+BtPsb2GSzvdP8AEthbXdvMjLNBLHek5KsAdg3dcDPJyBXpvxA8A+GPHfhX4jQeJ9Htby90rRNPOm6mRHFqOnr5SBZbS4B38FslG4I4LEYC7Xh74lfCf9p3SpLW2uIvDniOOS0vrvTpnit9Ut7+JldXiUkJf2ZkX94TufB5BIIrr/FOnWUXhv4kafdy/ZfEMmkFUVQ8cV7BaQRqkluz7PM8zarEKSVbdjjAP6JDH4bMqPJBQqxqQjHkk42d4pddertZbre5+eYjAYzLqqqWnBwq8/NFuLs3G+tk+mi1Uldap3PyQ+Kn7P3iv4Rw+HNa0+6l8ReGdVtI7iK+tsnUrC4dA4triFRmQgHC7QxbHJzjPA6XqcGtQyNPHm6t5vIaQI0Tl04+z3URCvHMxAA+UEsB/EMH9htS8L3GqeDvhTLqVscW+teH5ZBNEGR1lkjiPmIcgxsoAKsdrDPAzz8mftx/CbRfCNxonjfwHokWna1rXiS+sNRs9PxBY6gILcSxSfZlwiytIxJYKCc8Fhmvic74dlQlOrh2lTilN0mnpqvhetkumqk/Nqx9Rkmf1aijTrp805OEZ92pJRUovq1dNpIwPgZ+0d8QPhstxpllLe61oW5UuvDt7JLJNbRI+Xk02ZyzRgDJVUwCQAQARX138WPjDo3xm0Pw/rPhS586SCz/ALJ8QaLeQY1ZJUQOyNEqtvjichd+CCMngdPlz4Z/s9/G7xZ8PNI+JWi+CJ9WttQsbu6uW0sKdUsBZSPFKsts4VpATGQCgO4H5Sc1teFRrELkQeHdb0jxdYNcJJYPpL213coiESyTRyKoYYBYthuDu/izXiYXOMflb9i6dStQmkpU5RcnFScUpJ9rN+SduyZ9HUy3L8zUa6q0qeIp+8qkJRSlZxfLUitW9dWkmu+jt75Yaalj4k8WGLEMr/CWIRADyzFIseQ4OPvxnncPmBwoPWvP/FvhabSfDnhvxHqHmmGfT9OvBrmmITfWt7cNHaRJqUKc3lm7EFnkBkQ5Krgbj1Wi+IbjXPEXiWC9iNjqdr8OXtbqK4KxtJMwbEaRk7d23kADoeB2Pp9kpuPBGm21wmJIL3w7Zm3nTgwssUmwqQeCSW6ZOcnORX2XJSxFGEqSfK4QnFr4k5cjae7T12TTt2R8pDnpVaibs0lHRvllKKitNXZS7vtpsfKWnXmoaV4jsbXVRBGt34k0Sa0v4XBtdQ2XcDl0bnbJuwXidg6sSCoycf6Cfw0b7R8KvhlcZUrL4D8NOWAOGzpsO047NxxnnPAHAr+C+TQdIaXxMt1bFxa/FPSW07LkJZM9xCXECE5RWOQQoAOQ3UMa/vT+FCKvwi+FqrnaPAnhwAE/3dOiGfXGCOoAxgccE/C8VUvZyo20+K6e/Nyx1Vt1s9NNOiPt8oq+2w6cl710721k0o3be+/T8NbnUMu04AJPPTAIbOfXt16E9um3CGLcM8npjA+pYd8dT16nOM81Z6lyRznJyeQPbtx90HkkepzTtpwcA5HOMfKcEjn5gM88ZwPz5+Ma1vboltrrZvW+3W3/AAx6q5W/5U+qva1o3aWq7dH89jOMOSynOMA4IyCMMMnHQHHK5AGAD05TyiSRg4UjDe3P3uDx+PcCr5QkYOeOOm7rjJPHT5emPun0pQgP3h1wMgEcD6ccnjtjjtSs07Nebe1trWT8tk1qnfuaU7tpc3ktNNbLRap666rRXszKaFiclduDggAEntgYOMHPXp2x3pjQqM4HJOeBkAZ6HGOnY5549613iJx3GOcL6HgA+2PrnORSrbsCcgc+23PJIPY+ufx7CtIwdtX8u+2mul9FfpctTcXZu6XktGrXsl0tv/291bMlYyBj028Y69ugyOpxxk85IqUIMuCGAyBjAK84GOOvGT/tdBwDnWFvgk4A3dQMcYPy+h6c9QeR061GYRlt4HHOf4jjPXOc5+bnPJJ9MlNWb7WV7W7xb66O/wCfzCU4ytttZ3VtXKOsmrXVtPd1unZWsZqt5RwdwGePmwGwD1AIAJ3EZHTIY8mp4nByCQcj+I5IbjIBH8Q654BA5IxgrJEdwwN4bB9QB3B/rxxg9agdQmdwC5OMZHPvn06cnHXqOtJ208r31ut/6207O9zGUObVfe2klflTtezWqfk/IuhiTlRjaC2GAIYHgYOT16ZGc44B600uzsoJIGcNkngg9gOSfu5yR1GMdarLwcqcbjwDnIwRxuGAAc8jPTPWp1f5jwTyBuyOoyCR34Oen0GezU3ba2it5bXWu/nbXvtpUactFdO9rNNPl1jvq2rXT+atoWVBAUknJY7cYz39RgkgkAjlemM4AmRiFIJ5BIAyM5IPt1znnIzkgk4xUO7JDEMT1GCR14UDp6DHTGM57BoG4EgkqcMcbudvX5h0AyCxHtkEnAfMpWvfd6LrqrdN7Oy790axVlJXTcrXlu1onvrorteertrrb+UkYGWJ3Ek9SVwQRwOo4yBjqc5zTVMmMFSACDkgMfvcDuSBj+L+8cfepowCQc/KoxnpnJ7DhSucg9ScE9KXzyDkbiBkAknnjqT1LH369yOTTUktLWemt9N13vo1fbyeqJdHmd01bVxV1prHTVKz22Ts9OqJ8Hcdqnkktkc4wOuT3657ZOSMcKUUYxxnqxGcjPQ5PB5yMLyevWq4nOMsTknGPl6Dnrzu9/TAwKBKM5DY5HI+Yg56gjJxnBPPLE5z0Bzaava2u99NNOrTs36PyMnBr3dtUua1+it01a009bFoPuYgHB+6Q4wCc9OcYIUHcBknOAOpCGQBvlI54+VsLhQc55GcYwBxnHPfNN3ABYEqcnnjALfKSVPpk47/AC5wBzUZk2goB8uRgEDG7A5BPIwcED9cE5fKnr20avondOzta6Vrde10UoqLTUdXZ8yTu1dXTstN21foterLjlCARgMR69hkYIwQc5G0nBJHOSAFrqDgZOD6eozwO4zjnPHGeelBJyA2NmCCVyVIB64we+5T+f8AETTiGLE54bnA5BA56j1IyxBBHvR0sno79fNJJa62Wtt9NbXsWvevbW+r7JNJKz2Sulfre7SF2yLz1ww5GMEcnaSOmcE8kcDnpxUcE85UZzxjOOTgn7pyc8Dnk8A8VZZgDhsgAELk5Bz7A9Bng9z7YqFihHzEDkdvTI3EYC9mHAJJBOcnJhSaau3pqlo3rZadul7beWrS9naW1tdb6NrS9rJd11e/QqvGMAnKggAkY9O+3PI5xj689armJT8y4O0NwVxkdgckgk9cAn35wauMAzHaMpggd8gYyQDnIyAAT1428fdQgkkbc5KgkHA4wRnByfY8k/MSOpFLllvd7XT76JX39fi06A73XvK7SurJuOzu2tdOt9NHZbFA2x3DsOOQOWOMlcf3uTknngdRxTDbLkEdwDgYUZ5yG4B4ypOTuPAP3Sa0gv3cHnrgevOT3GMgHrntjjl6wEsc5JBPIG0EkckjHOAeOe5JB4qnJppJbtLy6JPfpfvd69Xcm0Uru3TbrdpPtZ9Wr63WltHlCIHbuAXqT0zt7AYA2hc4x05zk81YVA/ADA9+Ac47gnnH5Z6HJABueQDg9Dlhhh2A5JI4IOOAeoyT0qRIkyTjb16cZ/hABwcZPPAxkcHphtKy33XRfC2rrXS/ZNLXr0Ki42XNZK+uvotravtpte93cZGhLBRhMgkYB5A65zwNxGCeuPmq0oxkccfKBgEEHPAIOBnBznr069RYnJLKXGAMhiDkHuex6ZPTp6CnbVAODhm+bGN2eBtyMA59QCOvuczd20askrq2z0vouu+2mnR7KUopK13a11fZe7f5aPV6N66W1C5KjkDAySeG4/jHy5HPYHHGT7OHI3ZAwpG3ucE9RnGCeCepG3rikKnlsEDAGOhPUE59eg6fyp4Ul14PPQcngYPQHv3HJXngmhT0200fq9E/Pbz6ImLU27Rbilpr1vZJeqtu7K2tltfj2sFJxhTxxkkDAOSeO54GS31IzICu48rwSdoGzPAzjHVefu57EEHjGekhH94jcNuTg7s45PcZOc+xzxVlDjJY5IJKg/LgE8Y+YjtjHcnvyQ7tvsnay0T0Wum9++qa6Eyait9O1r6331aeiV76b2Le1QuRgEkEDJPTqeME4xyueacwG3nGcZyRnqc+/JB7e+AACahyeMc4A47Dc2Dzj7wP3eevXGOLCjPynIJ+UHkkkAdPU8//AKjxVWtFtNt6JLvrHmWvbe/6Xtk52auk2tdea6Tsv0vd30d76DSh2hSWG4A7gOnoMdQOmTlcHg5B5bsweGOSDtBBHp3OBkDOfXI5+7VhVYkZJ+gyCOMgYPToufx44qVY9oJIOSA245GDngcZ9d2M8nnrRG/azbWnZaXd9FdvVJ63as1uVzp9La9Otu7tsmul9b9VpWEfcnLbsnIwSAcHgcjGeeDkgE54NPMQ2k/NuIORlj8oOB68Mvccjpx1qyqHAPIO0nJAycZ7fwg4x9PvAYNSYbOAQxC/LkZKgDLHkjJJJyB+GCDSSjf5rbvpp66L5+pSTT7631Sdur+V2t0ulrPlvTC5+QAggj+E9AMkdQPbIHOeOpyx4yQwYfdPAxjjPXPrgknjnJHOauhDliCCCMggY5OBgcZ4yCQe59aaysD8zDBC5J54YcDqCOwz78d8VzeWq8tL7/D32v02VtNEo7ddE72W6totE0reX3ap0vL4xjByCd2ADtXkDt8oyc/xZPIzgNZS/IGCCADgYIJyQTjHIzgH0PH920yHOOqr27Y7cjJGffnrjrUJ69gTk55yQD1+XPOABkY6/wB7ApLme2mmr8k1pa27Vl6u3q3pZ+7fTdXtsm907PZt+l+1Yoy4IHAPOORyTtGWPT059OKZtGQCcMCeRjJX19VJ5yGwTjp0qfGOg7ZJDfeIxuKgEHd/e6Dkk8E01ghZmwSQME565x1JByMdR13DkDqWnJq2vd3benu2fXzb3Wt7PpTfW91a2ltbWSSv6JK7XYrvEAGGQCG4I45OM9cYP3SeOQDu9RAydOpwG9Oe/AGQCcnAPTpjHFXCuUzkknocZZs9Scdjnk/icCoypLAHPykAdTnA4zzkfNwPp7VScba3V9L76Ll07639EktHdsTbutGurV115dVa3nppePfYo7JAo4yMcjByMc8H0IPGR0HfOSu0Lt4/h3feJIJ9AV5ACgDPIwcdeLJAztYEAsSRuweMDjPUcYOcDjg4wamWIBkORg5IyGwB23dtpwRjsQeCOtp3TTeqta+9raN67r5d9Ad0rqLa62010X6/NL5FdF+XnORgKTgkn0PYFcHjHuMEnExIwcEsM8A9AoOSSM4xjJxknqeAch2w/MAMAEkDkA8EkHAGMYPPfPIwSaeEDEfLgHGA3Jxk8YwM4ONpHUj2pOKbb16L7rX6W32s9ul008+blVmmmrNJ6q2j6u/V92m3qrlNlZgCGIG0EAgnAByeNpyTj5hjHA4zxUTI+ScDncQM8k4PU+ue5A/vcAmrbAZxjIB6N2wSR05BGOcEqOOetQuEIII5GFUlicA5LZB5JJxk5zxjHTFL3bu63drKKV247rsmtr/K5MrO2jV2ru/o+u6vqk76vpe5XAbHIHQ4AJDZGDnljgnPJBHbpigDbt3ADnGR1HU54GW6gYPbH0p/IDEcD7wyCM5OMjI6ZyMHqPY0iMFJyOcDkk8HJ6ckY5yM5xgdQKaXa7XpprbbTo2lpvfuzOLa0vr7u++6+7W+tr7a2GgMSM8YOAWOcDgAZ6EHPGMjryKCpxyBx3yM556k8kHjH938cCdmPYHAHU7eSR1APyg4+pwcAntERjaWB5PHoAPx5OM7iT0PHBNNdLdtN77fff8Ap6BZvVX3burLV8r0enVXulZdEV2BB24HTIyM89T69uajUhWzgkEgc4xno3XIyAOmegx6mrrAMDgY7sCRwFU5BPJwR2HPJBAHzCN1XkcLnPyjOQcHPHBUfeJJIJzn3q4zbvdPS97rbReXm111i3psVaWmqte7utlpoml8rtdelzn/AB2Vj+HHxIlB5j8B+J2THYjSrgkew4yTxySVIOSP4JviJpFs8Xjxra9urdxJc3UMsJP7sS3rtcSrg8MWJjJz0O3J6j+9X4hkQ/Cz4nSHLBPAPifJ6HnSbngk8Y4Ppznng4/g98R3UT2XjHYzP5mj6oxBjB5TVn5DY/gUEE5yehJr0sFZupbX3UnZ72asrvpbyW/S1jqoOUadRrSPPFt7pWSV2vxfy1uflL4k0V7aa9d4oXmutXt7N73UJSWW3uNQjLNK7/dXyWLMeBtJ54JH66/Ev9o/x7+0b4b8Efse/sm2dzd31r4Q0PSfid48095E0jRtMtLSOC4t1vYwkaxRLuLhn3uwChSpyfyd+MNhBqVvc6YJZYJNUvdNt4pVyqQvdypbLIcYzsLlx2BG4jAr+rX9jv8AZW+HP7LHwB8GaX4Ms1n1nxd4fsdb8VeJ7qPzNU1nUNQsxdSRSTMGk+ywMxSCNWCY4OMnHoKlGrJUI2jKylKenwq142VtO613SbMsRWjBqo1dq6VtuZ2tJqyfupfNPyV8T9kn9j/4cfstfDu10zw7bx6z421k6Ze+L/Gl5Cs2q6le+dELmCCdwz21lGxIiiRgGRckFjg/dmqWzG68TJgECCIx4GCP9FPIOc4YbuRjr0IrjNKaQaOsjRkxmOHaSuDkXkecnGD82DkcDBGT29Evba4uY/E0kACNHaxHcxVCGe1KqGLdMsQSSVwAScAHHRUiqPLDmslytJta2tdWdtXq3fq23q0zzklVak1q3FrRrVpu2+n/AADnvi14OtfFfwX8Am5udQsW8OaF4g123u9NnaCVJ7axukiDSoVG0s287mHbnIJr+MbXbLxTN4i+Mmp2Piu4066GnXkN45jS5lv43nlDG5lkyWdwQCSTzjGa/qX8e/t0+A7+f/hmL4dQweL/ABJofwy8TTfEHxFARLYeF7m3hkjk023liDJPeBmw4ztTkHG0Z/lrv762jn+LK3Fz5AlsLgjfkO7GWR92MZyTgcZK5HTHH1PBiVeWL9rUcKUudxtLlknCnJpt3Vld6vzd9Gz5HjGM6P1fkipVFGm+XlUtJ1Ir4ZJrz0S2djE8M6J47Tw1ooXx1NHCdOgMcEdlFiKNt37tSrZIOcnIKg9PU8n8WNI1638H3kmo+KL+/RZIWNtLHGIZCT8oLA5wuAR16HGAQB6N4S8X+GYfDehRSX378aPbecDbzSbWIOQGEZGfQqRkkcdK4n4weI9IvvBOpRW800rtJEiAW0yICrZILMgAOM43EY7E5zX6VVhl8Mqm415yqLCXS+s1J6qEfsqVktLW6JH53RnmTzKDeHiqbxKs3h6Sbg6kb3k4J2tfVe9exteEfBeral4V0G7bxzr1tFNpsG21tW8uOGPaSI12MDxnvhgRjGORp3nw4WKGc3HivxNdbbeZyPt0sSkmNidwQ5HHJOOmVI/iFzwH4p06z8J+H7eS31KSWPSYFcRWcrRlwvRX2FepIzuwecHGM7N/4ogniu1i0jXJsWcy7hbAYBjfOS2MADuBnAzknivSowyn6nRnNc1T6tC/vVZPmdOPnZNu+qVr36beFiambyx1ZQThT+tSUWoUovlU1bVK7TXdO7fnc8c+FHgLSdY8O3U9zqOs7l1e/jCw6lcxxOqyMVZ1XrJ8oLN3yx9BXpzfDHwoZE3S6tOflGG1Gc9SVLFQTnPHfq3qeOD+EOryweG7qOPS9Uud+r3rM1rGgSJjKxMLtkDemBuAwAcHJOBXrkes3omjSLw7rLsBgKxgTLc4LFpB1bnnk5Bx1apy7+zf7Ow3NCLm6d23GT1ur30f92zV/wA0Vmkc1/tCs4VZ04KqrLngukL295SSvvdX38jwb4c+DfDuo+MfiBa3NlJPBpmqJFaxvcOSqnGQ7E5YnuTyMd+APe4vhr4QVWdtDt5SSnDFpAAfm4DHBAzy3UgEHAznw/4cX+r23jz4k+RoFxePPq8LTx/aII/s2AuEkbzPmOfTuCM7Rz7wPE3ijzDGnh2xiCgqPteoKrMoGB90sBj1xwB2J3VnlbwLwicqbk/bV0n7GcrL2791vldklZWv20ZpmdPM5YyMoYh04Khh1Z1kry9lT5nyua0bvfa9uqPDNa8M6BafG/QdNj0mzSxbw+08lsIV8p23NtcpyMrnALcfLg4GK9yh0Lw3E0Zj0vThg8BbKPdknaByOcdewOTz0x4B4k1TXJ/jhokslvpFvfL4faNF+1lrdBySXlIILgtwOex29a9XF9ryKPM1fw1A3Q7ZnkKlTyPlXocdAAcfeBAYDpy6rQj9b5aWn1yVrwirJKm2vfS6Xe+3TQwzPD4yawadZp/VKd3zzd25vVJNu/d6X0XW5yHxjtLKCx8LmKK1t1PimxXEcEaqR5ybd+0DIJxkEnOSpPHHuWntZwxkNHbmTajBTbqBgqASCF5Uk8HPXpyAT8t/GDUdQFn4Zjm1fTLlW8RWp3WcTs8LrMpDvuQAoCBgKTx0xXp8OtzMqp/wl0vmrAgKw6RkKflyA2M4H8OWz3J44zpYmksxx0lRUmoYVJJQTT5XflvJX1a6tW3RcsHVeW4Lmqtv2ldty55K14deWWiavrtZtdy/8bRKfhd4ilff5YNiVRIgsYH2pcZAXPZckgk84Py16X4SSdvDPhxl2oJNF05iSpwdtuu1SpGOeme3HuR88fFTVLl/h34gSTxDqd5+7tiY200RQYWdTlnKjG0cgYOCeCK3PDkkcmg6Mv8AbviqYjSLElIIWSFcwodse3GQOgCgjHJ71dPEOOZ1nGkkpYOj7rlBWaqS1tdp69ru212DwaWXUYus/wDeqjbtKWrhSva9mtLK2nZW6e2+JYZf7E1kmRnVdKvyQiAKp8hsj+I98+pJ4IIwfB/2eY2fwNI65K/25ePIxbaVQSOueGGR0Uk4HY5ABrU1JUOm6ojDxg4+w3pfM7CLHkuCXQHiMgZcD37815r8HNN0+68GCRbDXLkvf3yuLXVJrSIfv2x8kbbcngsTz15OMU1WqLNcHL2O1DEtR5k+Zt0k7OMW0o7fDe3XcmOHprLcXF1rqVbDtyjG7TtLlTXNbTrq0rvofYccVooQ+arYfHzzx9Cyk8Fu+ByozwOQAa+aPhLcRQ/FH4mMZIERrqUp506IMK5+6+VUnng54GehBFd1p+hwSlFj8M6u6q4BaXXbljkcZbkgZAy24Y9eBk/P/gPQorz4g+P4ZtJvb1ba5k8uzt7yQeURKw2u4IMijnGQR1JxzW+Pxlb6zld6MYc2IqJe9P3mqTTTbhole+l9N99MMBgaLo5h++lJOjBuTgk4r2sNk5KN97a/ifbLX+mLAwm1W0GYioQXsZ65yCQ+SQR6gDuRmvAvGep6RB8Vfh3cSX8MdtbW9y88qzrIigkckoxUdsAZwQSBkmtiLw3b/NLB4KuQycfv7h5F64OQ5zjhsnPXg54FcP4p0uWD4k/D5JPDljCJIrgpYkHZcDnAkGArY24J4IIHPynGWZ1q0sLS9ynFwxWGalH2jd3WhZv3U9XZ6X1T5dXY6MtwmFhVq8lWU3LC4lNXim06TvrzNJ7b3V+yufQU3i/wsGkkOswFASAF8x1wORxtJIOSTknjBAzxXiPx48U6De+A2hstQSaZ9Y06RUjikUqizIWILIMhehJAxxgjOa9bXTNTlVwnhbRoAMsqGNGIAOATweADxjA6Zxg15B8c7XULPwRbmaw0q2U65poBtoV8zPmjahbC5Q+h9SSDkZ6MzqYn6jiJtR5VQabVOp/d1bctNX0ts/nwZbTwazDDU48/M6ml6kN7xbbtHou2nTY9G0jxZ4UXTLHzdacP9kt18tba5YnEMYYDZGehHXkdT34j8XeLvDN34O8Q2tnc3U9zLpVykQ+x3GzeVxl2aP5UGTltx7c8jL9Km1RtPsPI0KzINlCY38uMFlMC/PjAHzEFsYbI/Kp9ctvFkvhXxC66da28A0i7aV1VAUUIScFRk8cKc5GegxXS6uKnhWouKUsM27UpfyLq5ba9FprrqjJYTALFwm4zTWIja9WKd1Uildcmutml621Rh/CrxZoen+CvD1hcrqMlzBAd7W9lcSI5ycFWEbDgnoGxjjpwPQp/HNhOzJaaP4guiPMwwtyAxKMCSHC4A4DDA5zxTPgn8PfEniPwD4T1CHXXtra5gkCwRQJvDK7gFiRyeMnknnnuK9tPwS1S3hlubzXr5ivnt5axheFidicKVGCQSowQOc5yK58LXxv1WhGVSMaaw1Nq0IrTki0+ZybfRXfVu6RviqOBjjKl1KU3XlzR9pJpSc09FyJfK76q+p8UfDHVtVt7fxBFb+GL++MvijUZxIksUYi3kbUbLA7gTk4PUEYAFeltq/ikysI/CkSpuI/f3iqQAAcHaxUY4PbH5Csf4T+CJNZg8UganewC08TXigROw35mZSxwTz8v1B4AJ5Prsnwutikhm1HU22GQn/SJAxAOSAoJHPORznnHOQc8tWIqYDDuFerCm/aWs6aStUeusJO1r3vfX10eaSwNLH1oThSdT3Ody9o7+5Ttdc0UtOiWqtzWsfM1xL4lPxcSX7Jo1jcjw2reXdXTG38pnbJLjPzgHG3rgDOD8teyxXniZUjLav4NtxsXKmeV2+fORt2npggcAkc4JrBs/h/pV98crTQpPtU0E/hOO4ZWmdpGZXY8EkfKe46EfLwBx9KJ8BtJKxGPTZiJCvzMPmCgAY3Mc5PTOQBncOCCMcDOrR+uf7TNJ4uorSnFXs4a+5GNnd9rOy2voY54eX1OSpUpSeFpNe42oxu0km5t2tdJW7ts+EvjdFqUs3w8nvtb0yZX8SAQS6dDIRburJ+9IlUB3Xkn+Ejkcnnup7t1Mobx/erI5RMQ6bEc/Lg/NgHPfjIB55Fb37SvgqPw/ffCiwtreSL7Z4riiQTjzAAWQHAPZguDn0znkV6UfhuWeRZ5bGB0IYGK1RnAPOMkAZUDHO4sRkfLgVGB5quNzLlqVJ2lQSk5zV/3S7SWtk/u+Z0YmpTo4HAe0pU4KUK3KlTg7LnW3NGVnrdLq97ao+bPG0kTeFtdEvi7W75ksGItjZBYJTjcdx/h/ljPrTPDcmkvo2lJJq3jGeaWwtB5drFshQiJMqnKnGWwMeobnGT7b8SfBVvp3gHxTdC8hkaLTd6gW0aE4Y8Yxlcdcg8g8eg73wL8HtR1Lwr4cvY9ZghS50SwuFiitEZlDwxkANtGT8wyT8xPTNdcsO55klOcrLBxavOTcn7TZtzb0StfXta5McbSjl3NFRt9Z5b8kNP3cbO0Yteuid0fPcek6TNLIjQ+NZcwzgvJdyLFkozDzF3Y25HP94Y5A6cx8LNN0weHJLiXw1qGrz/2tqkW83jxxoI7qQKpw2MhQCxPzZPY4r7T1H4NT2mnXt8+tXUrwWF3MUjjWNWMUDsNxB+6SME/NkdTyteA/s5eFL7XdHjg3TfZp/EGrq6g9FS7kU8q2CTkhgx9Rgc5eIp04Y7ANySj7HEXle8lH91rrzdFv+plRxk6mAxrhTcrVKFopcnxNpWatt10u29rma0ShlEXw7t0yFANxdNIpBK7Sc4yDlQ3UjnnuPIdNS/j+Kfi37PoOiGb7BbA2V2gltLcGOPLoDkbgOCQQvGSOqn9SE+FOk2tvcSTRTMIVBRpm3KSATjBIBBOcLj2U4r4lsfCljP+0J8SNMbclrDpNhKoRSAGeNC20dvm4IXkY4PFcmIq4Ktjcvp0ak5S+tXd1GOijJdEr9d++99R4SriI4fGzqU1GKw14xve8uemmnd6rl21+eiObE/iZZhs0nwlbDG1fLso/vAn5iADg4zzx7Eg8cX4luPEB8UeBFuLjTYZPttysTWdlEiLmOTIdVUBzwzBiOTt7g19cQeANFd4VKzSkM5HLDABzzhjwehwcHjkg15R498IadB8QvhXYokscN3qlwkmMqSpLAYwARuBxk4698gD0M1jQo4N1HJv99RS953S9pTb0SSVr8q10T2SOTJ8VVxGM9mopfuqrWt/e9ns972dut0n3sYUkOuNGiv4puYwSwCpYxKqnngDZwOSF44wBg9K4b4hwanF4O18y+I9XmVLONjBGqxRSHzowA5XHyjK/UDtyK/RBPgjoIhVvs92480dX4XPPQHkFcg7gCfXlt3k37Qfwu0Dw/8ACjxbqUVnco8FpbgP5xCqXuYhuYAnAGfoPqQa8rGY7CLDYjlbk/YWTUpbtKK6266fPV307cNTrvF0E3FWrRbuk1ZSjdPRXfVb21Wqvb5y8KaNLJomiGfVtZKyWFq2FuWAj3RgBFABYY4wOBxubABr+hP9gbSbaf8AYU/aD0yeS71GKaDXrdnupWacRSWkpKpIckICvzYI6dvu1+QngD4Z6Rd+E/Dlwy3jNNpWnylhLk/NEpIGegHBUAfL+NfuZ+wvoNvo/wCy18fdJtYnEKWGrSKHXJZpLCbP3sHrjcQOM9Rmvi/ESdN8M4FxSjy47ASau725oLX+tL6M+w4IqS/t7FRlJS/2XFJaJrRX66J9e3Q/krbwOdKudQu9C1bXtDlF/fIDFJLc2rMLqYsPIkJVlIAHCkgZI9+ZuPFPxB0zXdHlvxpniCKCO6W3Ko1ldmNgNxkThSwAzkk9cjdgY+uYbdEa8Sbaf+JpqKFJEBIH2ubO0gAjJOQCeCSPp514g07Sn8ZeGbe4tIWik0/UnwqHLv8ALznA3djuGSDwCcV+o4fAS+oYGpQrVKbnTw7spP2bk402uaN3F93pffqfm2Ix6lmOMjiadOrGFTEJqUU5qMW9IyilJdlr5anA2fxb0VtkGs2Wp6DcH763EBktgR3SWMFVB5O7I4+prc0/W7HU/Ftjc6Xe29zENJlIkhlQuQUyyYLb1boCpGMk8DBx20Xw60K/jZ2PlwkkLBMBLEc53Eo4IPGBgAgHB7nPlWv/AAs0qPxpBY6eZdNLaQbkz6ZO9vIGORuCJhCDgkqeo4Hau6us1oqEKsaVem507O/JNRXK+V2bV72X2er6nnwjltaVR05VcPelJWbU46pdmpK7v1dnpZnqepW1jqduY9QsYLuB0GY7mFHYHAG4Eg7uvr1xnHWvIJvhV4U1XxHq8Fql3otwml2k9vNpdzJaNHM7H5xHGyryQAQ3ygHgHnFr+wfiH4dV/wCyPElrrcCDd9k1iIRyFdy7U+0Dc2QRtyMMeCeCKpaZ4+Om+JNVk8W6Pd6XOdNsoTcWUb3lm5Vyd/mINwTOeCoO0dMVx4x5diJ4eOZYKNP97HmnOCaa5dlNK6V9dWr9erOjAUsfhvazwOKVSLpvlVOo1Jawtem2mmk7WSl1u9kalhB8c/h3KZvB3jWbXbOOP5dL12V7pGGMlB5rfJhQQHBJHJ5xXXeFf2ofGvhPxgmr+M/D2reHNatrBbdNe8PiSREViAJXEfzJEzH5gAMA5xxitXTPFOgayQdO1axuWK7SgmVJE6ElonKngEZBz83B6ZFy3jt7jX72O4SK4ibS4FCzIjx5L8kbuvy/dwB8w4PSssTkWXVIxeAqwj7SdvZtqrTt7r5VFu9na3kumptSzvHRnNY6j7X2cW1NR9lUvaN7cqV+qvKL/Q9f1f4zRfGO4ttZuPFtl4k1SKKKH7VdXnl6p5aIreSRKyyEoOCoDDOVBPIrS8CsyaTqck9vK0UmtvuY7iuNgG8EEhgOgbI55PzdfmfxD8L/AAreTG4tbSTTb0qxS60iRrR1dlPzMIyoyCR0zn154w/Dul/GXwlpc8/gvxq16trey/8AEm16JbmKYgAod77mBZSOc8EfeOTXMsuxeClCKw8JU0m4PD2skuV/A0mrK7dn5W6hLE4LHxm1WlTqOcHJYhc2l47zjzK1rq8klrvscT+25EUvfCojBZRbXW1mHZi/HIJwS3ylucDIwTx8+fs7RbvEerq6KdmlEqeDg+YcAYyB1DdMjqMV2fx3+IeseJdT0mw+KGjPoeq2VrL5F5pu6e0uncsGkCDKopOSyjHUA9MDnfgPb2ll4p1YrqNpcWtzpRa2kWYRM7hmZ1IkKtuRdrMCD8wIAHFfmmaODzXEKs5RkqivCacZczUbc2jfK76O+m2rdz9PymEaeXYbknBpU0rx5ZRkm4uyafvKzs3dO+lk9T9Av2RYyfjl4NkypEeoajKQFy2BG65AJznkcnOeCR0x+ln7VoYeKfh9C3ziK4nKYXjbLatMMjOQVP0GQ3OTX5o/so3L23xp8KSKrpMTqYsnaNil1cbHMcaFcK5Y4yc8HutfpL+0DNqk3iH4ez+I7ZbLU5dSmWSzkCrtt49LeRGAXPG0BiScHOTgMAPMqRgsUnzO7g/S+id0ru9+mz16Xt7cY/ut+ZpWdnunFK+j6Pbrtax+bscR/sC6dZctdfEe5h8nkNvlmaNMH0JO3HTpxjFaHxaMOgeLZLUxvBc22j6EgCv8iyO0JbcwPO4dSSQc9eSB3XhvS7TUNGu5njQmL4iGWMAAgF74BWxj/ayD2I4ycEcb8bYIT8Wtbtb1m33Fto8UJb5wm14EDbegG33+XJHYZpScbu15OT5dNLWhe3nfW+vlfYxspvl0s27f3WlC7tZK7eyTtq0u6s6hqLxeBfEEzlVWTxLo7Fw/yuTtYkhhkgDj+I+rDg08aPcW58K63YKNus61rJkUJuVgkMsahscEbSQB0GevFc14vtJbDwZrthBO11A/irSmDDqqgKhB/uhScgBsqOBz09t8Jusui+B7VQCtheauZS67gHlidiAWHOFP8JO3GMAitIzmleXNaKTUtuWTjHrZ6Jd2lbW6ZKhFKSTbd+qbaVu2u1kk+q21dzzT4UaZJd+JdIttPTdc2UXiOe6V3KnZH5nyRhuAVXJIBAIHIJGa1PEF4k9h8P7LYrmLXLpwN+CgfU4yGGeRk+456e1bwHexaF4osdYZXZReeJVIjbyw0TtLCUwByDvOQQcjPHFafxPtdK0nXPBF5bDybO503TtQEGM4nlvEdnH8JBJIOO5J4JrGdSftHCMW4ufv9tH8StsrNNb93bZ6RptfErLVXdla2iduj11vtp0enS+PoNmifGFplQNDqmiGMYOQGjUfKw5IPcZwQDjBra0W8Wz174dW6KZJ5fCMrZEhIRZLVwGBI4GM4BHTpgEk0viiWi8J/FPUim+3vpdDkQY27SsShCQBnnvgEnOCcE55nwpJ5/irwirsWlfweogiZznItZNzpnopPOexxkkdKnay31Xuu97JU4pq1rJ2tFO93s9kbKMraL3k2pLvZQs99NGtf+Ca/hqzuIdE8DPMI2iufisZWL4YEiaYnJwTkEepAznOfu9t4/lSI/GCziZQk7WGpeY2SGCMOYxx90g9CeepxjPG+DJl+y+BdFupSsp8b6hqKo4DbFhkmJbIyeT/APWzkY7rxNGlxPrkcqRyNqvhfWrhpCOCLV8wgbSxOwKeD3IHXiuevOMWk1ZqTck0tVzRsu93bvq+qSR14RSUeaysnaKu3yvSLi7773120Vtz9T/+CKimX9szS7hYsW178JtTdZB90sLeMFsgfxFTgZ2k+hOB/Vq8QDOBtyjyg8Zz87YJPXA7Lzk9O1fym/8ABEMXT/tX+Dp3UJb3fwp1uKIr1HkxKpIPXnG0E4PdsHIr+sKaNkdxjJEsuTkdNxyeOeoPOPUkdx4WLny4jlT05L6qz+KKS1+63ouuv0rhejRk003G9vh6paPpu9NPPoYzoQcnB2knoOCMYwOuD1yOmOevLRGxYYGRkMyqO2QAD6DscMOnOKvYGWAxkAk89hzn5jk8EYPpx1xUTJhjgeh4HQcnJ7YJ7HHp3wMlNu2972vbe76q1/uMGm1Z7KOyVmtuui32vFWd7760yq785wd2/ocZH8WRyAP4lOeM96dtDfMFwAu7JDEEgYzx0GSB65LHkkkWAMNkDHsRyR/DnGOCD096RV6EZ3lTkYI2n1PPQDjjoc9iKvm0ve+ttfu6KyS0aevbsSou6btp29IrS6fbRdNNSpJHkdcc7u+0jgE9Mdh8oyTkN0zhrouVxjHc8Z4AAPBwQT82ByvBySDVpkKnB54wucndknkDscjHTj1IFQlR8p+b046DPuecA5z3x0HquZ6drvT/ABW1fo2tuj2Wo02m0m7X3emq5VvbVtpaeXmRGMHfkYIwBnseM845J+oBGPaodoyV2uwPQnoCByB7nPB75x06XhGWViQeMEnggjPQcZI4J646nIzy4RDK4+6Mkkds8EYwucHjg89yvak+V31eml30Tj2Teu3X53LUmtt7pX67p9+2llb8ioY+CSozlTjr3znPboOOpByRg4L8DngcDdgsSGOeCB3HfnBBxjoGNoKACOTuxySQcZJ+b3PoOeB2GFYUB5weP7pw3HccDqMbhnPHr8tUqje8Wry5tJa207/Eu97b99qadr6Xe3vW0011vp9zX5VXVeNqgFzkgcnAPGMggepIHPIBwaidAQCcZznHYk/QcHBbIAHsc4NWWUc8EEZx1JyeOOvXv0Pr1zVdkcL6k5ySPTgEDgkZPXgkEg4xy4yjqnq3Zu93rdJpWel1ayXXS9rEvR3d7JXtdNfZfmul1e9tmQmMCRlHAKA/ICwOOOSBnJGNwK54B6Yywx5APAyOfl5IAHPckluNpJwBkYwcygZ5JLN1I5+YEfe3HJJ9hxwdv3RgKk4OCcEoegJ+YfN2zhskHqAePStOa71i7W009Fot3ZJ99G7Gco7vl6ad2rxbd+V22b63jfXdFYRAEEnaQuDkEZJ+6Dn6EA84z3wMtKMeMHp2HUjgY9z1JzzzzVxkIPz5AVQMMMjIB6njjgkZA5AyMnFMBIJCkkrlgecDPK8nqOgGST0/BNyUnZXvr18ku2vXtvq7aZ+8rKz5tNNVq2k/Pvbr67FQwuclQoU5+Ydc8bgB1GeuT17AkACNoto9DgsxBOMjAAAxn8+wxgDrfYsCozgjB6HGTgn5cdTg4Ixk5PpmJlyQclhkqN3I75JwexHQdMDPen8TjzLVxflazjom72u/LbTTYdrpWi23vsrNJSejVlZ6b2V9HfbPdQpAHIIy2Rjk49Ooxnk8/wB3O6owCDgEknBAz35J5ICg9MgZJGTngCrc0e44DdzjknJUdM/xcfp04NQLHlhnGTnHJIJ4JyOuFwc8Z/LAa2t28v8Ahrb+e9ttlZ30W/lotrb+v/B11jUYAA7nPcL29BnHoACe4HHCsoI+g7DAHTuOO3cHJyeeczBflI5U5IBHXbk8DPGfpgcg545Tyznj7vO5QSeMAZwQRxgds+/Snvr/AMD7/S1kntsraicbro2rNb3fw6aKyb28mrNrZwjnsBk85ycqCOp79yvXjt0oKjjGMFQBjBOSW6Dn5jhR26+pFTGMnhR1B6cnK4POfvHpjv09KaQ2RhSuOcnPTIOeeuR06UXt/n2/y9enfchwaevu7WV3poure9rfZ6b63I2jBVccg5XPp14PK7cHOD3xx0pjxAcnnOBnAx16dSSBk98H25qdkwQcMdoAyccEZxkg88DJbrnggj5qjYfLySdvBGASOc9evT9PYDK16Skuuj9N/uEm07LW9m1bbbrotreXp1h2nDcbsLjkAZBxkZ5yBkYBAGMnAwDQVUDLH+EAFh/F69APm6cYPHGV6vIwcnONrNkj0wCCe3Xqe44xzUPOck8ZPXPp64/E4yAOSfXWErLd6WUdt/dsr7p+el+2rHZSjrpdvsrq0NLX/O+6sG1eMnBUkEHjjGRyTjPJ6dx+FBRUYEg8A8cdG4wSOOM5+YEn09FKE7jggY9GGM8de4PIBPTjHSnFDsBDEnkFexY4I5znrg/UduQKbT67q1v1Vr7a6rTz0IcIxbs9Wu1le0dPz8n1egwlSRwDk856k8gscepPQgk9eOcNZedgGOSCTyAW65z0PTBGSM8A5qUKcAncAN/ICkgE4O3jBbHB46Z4HJowoHO75mznpjHJ6nvjnuOcdBlppa7WV9HdabJXsldW0XXa99UtXte+2+u2/W+u1/PZNFUowzgcgMMLydxyeSc4I65wOuOSKaEUn5sHcACQPmAB5IznGeQSBk56A1OykYcEtjO4Z+XBOACR94ZI+bPJwD0puPlUnggdCBkluWHXgKe5HUcdc1fO+7a0266rR/dvr1vbcppp7WWj6389fK/a2nXrF5eCxydhx1PAUcZByAPYEAd8ejCFGOQe+Rg4JOFIzn1/AZ7VKwVidpbk4yCQuWHJA7djztC56ese0DAyRkn06LwTzjPU5x1ye4qVK8rtXs93ulporLp/itJSbad2kX0UVZaJeT2XmnbVX6W0d73Yd/oXUnCg4B4/izk5OSMjufypMZABGTyByM57D39PUkduoc5Y7cZPJBPQY/qD644PHXNG3O7k4B4HHyk+/YjsT0xz2q03olfV387d9VbXXW726JapRdnf19Fp9/W/VNW8hCgGCQcdRuAbaPXjBbAyD2wfQ1GG27cnoRjOD8vsOepycc4y3QZqUgkgfNwABt9wc9sBuoxjGPeoWQ9zyAQvB4PuvAOeMkdyOa0Ul0tte71eyT9Lrqno27aaCTXda76vVaWfpfsk3Zt6secAncM5LA4wMcggNwSTjocHbn35jwMN06ZAO7k/dzjJxkZJB9eMCm5OeWBypJwSOB1wTjIwCeenbODQC23owPAYAdMjvkqMZ7AkjA47UreS6P3V1urP03+5u92Q0k79vktd2/O3ffTyGsSSy8fdG3POTnLdsL06dDnpTCcHd13c8KB1yVOfQk8kdOee9Lg4AX5TuJzjoCAOeRk98H3JHIwx0bCjbxuwWzkkdjjJ5OTkYzjGO2aitVfS9m7u3b011W2+l01oTKatt9611cfPa3+fmNBX5h0BI4YnLEcDGeflBzjGCCcf3qgdN3J6klgQBkEYIxzkLnGRxkZIPUVLt52kjoTnb3PAx06kHrnk4GNtB6gAFgpJAzgEHGWGc+hB6cr77TqmtFd+j72XV2tqtl5XMZe9F3fvK2mquvdvvpp3dmtV61mjJOcYGef4gWHOckfLgY6Ac568FUIxlcAkMSSBwAckckcjP/16mYjHGc5Yk54A+mAOmMDHPU/7MTEZPBZSVwB7gZ56E45HbGOnStItJPa9tddOnLa++r669tdHjz8ttLe83p120tezulbZWsvJkMozgEAY+Y4HYj5QSeoOBnGexOKgZVwVwvGSMknB6nnucMck5x26DE7BiSck9PlHsQwGRzyeT/FzxmmSLjOABlgSM5bHAx0Hy5wDwB03dK2jK0ZXvbbW9ndrV32vfezttYJJN81ndtb6x91Ws+6ta/XzV9ajIhwoGM84zkdOcZAxjJ5IBA59ag8sLuT5Rhsd84P8OSc4AIz2B7nveYLxtXqSQAuNqj5T7A9c54wR2FQmIs/G5QTx3yQOMdcD9T3xg1UaiWt+2nS6cb720tpffVJvVlSppKLSbS5W/e0ukk9LaXb3W/Sz1GYYdANnORjO445CjOAc9xg5700qAu07Rkbhkc/NyuTkHkdCWBGB97mn/dX5iASp+Zj1Gf4cZXjqp6j5ck5qE4bdgkqTxwScqOgJPf8AvfdHseKrmlZ9k7673eiW1tErrbbySUN2T0vb18t/S97ELoDwduSRyTjAH90knPQZx0J4zwKZtG5un8RGRwTgkHpwcZXHHJ4/hFTsRgAgYXJBIB5z0xjJAAPQnkYAyMBkpA3AbjwDggDIBAyT93BGMnr7gVUJXlq9dL66L4bWe+v3r/t5ozcn2ve2j0Tdk9b6/Nu2z1sU2G1mweCvJxwMYyCMHkk4yRkkHkZpu3GfUAjk846DIBIJ+Xrzjp3yXuVyeT2GD8o4xgepJ685PA7gVCxLbgOVGFPJOCBg49txOT2IOelbxSvprq0kub4tHZ6dLdV99tEnKXl81r8Otr73st+mnUrtGDweOACpJ7DOM5BOCAO/U5wBinJuK+xyAGx36k4JxzkEE4GO/ALwjcgjIBBBPUjttxzjJypznj6ZXD4OCQA+SPu8E++SDnJG3GQTyF6aczfR93o7X0Wumu9ru+3bUzultHR3v7uq1Vrb6ad9NrO9yLb90gnftDZPUgEjA55468H8MVJ5Zdvn3ZBxnJ5GcDkHKtwQuOBjrk7anCZYE8DO3BxgdcbmGR0HXp7ejyvGSSASOcZJx09zznPI5yCw5wKzaXn00d7rzXm9nrr2GkmtVZO3u7W6/wDAd/u6jUQkAsCAGG49yePU8H6nGM+tKFAJGCBnn6nAAA9+cZ49B0pynI+ZiQh57bj2zgfd5yCQT2ximAkEAjq2S4JIycAgA856c/TGTxSlpZa3sr6Ja3ir2fnt8/UfLdLRvbezvpfs91vb1vqGwBgACN3ByWI3Dt1PBX0Ax9MEO2/MOmSScsM44GM87uTyFI7cDkGnBXAxnJJyOcEHOCT26cc8Hil2MV3ZyBzkn/645HXkDkmjm31t1vpsuVWs7u2mmi177Ncq3S6qyS0Xl8vne2j0RCSqsf72MH0PPHIzknPBw2O2e7ipbIGM4AAHcAFiDnA4PT24GcCnGMnI2/NkZGWByw55/r94/SmZbHdckkEHA+X8euB0HBPTHabvTV6vTZaad1q9dlp2JVtr6brpe1lrpvd9731SVhrgcFvlOw5Ixxxj5u425+mTkjIJqMoM9SAV5bBIGM9D0DfNwcY46Y4qUtlQHOWbnCjkY5ABAxtHGeoPIzmmY3AgsRuIUAZwMD7vA5PUHnbk1Sk0tZLTraybVtG9Vp0XRd+sxhFtNJdElrfZbq/xaNbLzv1hKfJjLMSCQRxnoWUnAzxt45wDg44NM8uXBUEgEqVJx6YBxxtHQDAyRk8dBJtZSAWOduMhjgYBIxkjk4x69RnAxT9pzjoSo6sBkDoOvBXPOecENwOBakk2lZtO6uk0lZdFtbrZWTVrCglFp9rdLXkrWTsn1076qxEFO75u2Cxyctzz93J4POM8kN2ApygZJyTwxIHAGTwSOhyehyTjPI6GTac8AjapHUZbJAPfPTJx1IPTkClYY9NoGMkE4GcgnHUkk554HXjpXPfTS7Wmt76rZfNea28hytp7rV7fOyin9latu71bv0WtzBAOe4BOensB6sCQDnocFfWoymd3cADIOOcckAnkY5J5JJGcADNPI6ZOcABlJwCAO4Iw2c9OgwRknOVXjgZJJ924A6HkkgYwOfugY+Xg1FuNmtfLXyWj3tr9re21iZRTtdPW1ve1vdebSevVRve9r2KzKSQD0AGWGVIHvj1PAHA6cE9YirbmUcYygxkMwJOM5B4HOOSc4yoPK3GAHykcZ2n5cDIyBgD+IZ5JxyeSaaApBHbPI6Yxjjvzkknt0xwBQ3frdtq6uttHdNvytbTv1M+S0lZvR6q97aK13ot3Z6bbtWu6u1th3cggYzkH5ep+p+8SccBTwDSB2BOB8vZiM4wMZ5IAAJHJP3sZHPEjg9MnbuJIyQCAcHHOc85wew6dqQB9oAByVJB5IG4kjHJGRnOOe59CCLWl9Urb22dtNO+z321Ynrs9Vpe1725X3t0fVa9Hrdu0dSw5BJOSOCOT0z3yc8DnA6UwrjOWG045PTHfpzjnkYJPUdMF4D4GedpKkEchTgnjqcAD7ox0zzT9pC/KAD2zjntjHQcfezxzxnuN+bV7bddn0vdX07PsHI73W620S3s2tLLptbfS71brFAQF+VSrcHOeoyM59f4R9fU0eUucHcCvc8j0yc5OSR8zY5yMk1IVU5PQkZAx1bjHzBenGQMnGTwM4pxOFBBOduT1LEAAeoxjP49D1JovZq1tX1umlorW0dnb076FJ6O+jW1tkl0urpO+rv077KFlA+UY3AY3dMDPfqcjnGP9rjPSMnhijAEggZBAyFGc49OQcdR79JiwC7hwcHIIP94kAg9RnkYz2x2qFgSNoyNoOcE8A4GcDpgfUHp0zVJ6O6s+2j3s9Xfze3ZJrVmb95txad9Wrt6e6vxST6aJNkEhkwBgHDZI2joRnLbgeCM8Dgdcc8w5LYC4z6Y27jwQScds4xyNpqyFfuCeobHG47QCSSQMgEbh14wc9A0qwAY8t944H8PqTxwOnqRn8VzK611sra3S20t2d9E1tfoTyuzbd+Vq3R7xtdNW0TdraOzK+CVXOCxBJyR1GTgkcZxxuA645I6xjIROSPmxggKWxyy7eSccjOecEnIIIsgEDJUDJJOecjkAfxAgge4z16jMbDd0659z1PpjOMnG7v6/KctVG+mitqndXailo/Rfdto0Q4u6s9F9+lrLXTe77XtcibPIHQnkj5hjAyeuSG6Y6HtmkIxg5GQCTzyRyAWPOecge2G9AJAuOBg5BVR2BHXnbnk7uMDjucctJPBYnBBHIxnaNvqOnfjnk+tU5X20TS0u2tF92r12/C4Ws2le11bstru1nfprZa9VbVjNwc9SoGD1H97uRknPOenHOBVKVyzfIT2GRzyAvfI4zjdgA4znOPmt9QTnBwpYHPIBwuecYwPTOeAMHmuV8w/3eQTwBztycEY5PAJYcY49azbs7pJ2v19N1Z6vTy211OmkmrNd7tW8+/Zt27a2PS/hb/yNAO0DGk6mOO+2zlGe46gFgDknBz3P8Y/x6k2fGXxYRuOfEXxCAT5SGx4juWGR/wACwcc+i8cf2gfCwbfEbDHC6Nqh574s5T1xnODjr16+38W3xvJ/4XT4pkJ+RvEPxBJ3Jk/8jJcjjoPl75I9MkDjwsW+atiUltSppXV3bmctVe7vfR+Xke5g24qm7f8AL2+zfRb37/3e/S50+k3Qfwf4sDiCNIPDOmTOrOoLKt3F8pc4wAeSwzwOPUfkD+0r8XhY+ONQh0ayiurxHjia5cq1tbOqFcxkkj5G4OMEDgniv1Nn+xjwp42aczDzPB9mE2bgNwuYz36gjBbqBkfMMZH46/tG+EdPstTGq7i7Tywu0CgrEcqTuY/KXc5wScMR+Fd+TQxEsJVjh5OLVS8npdJ8t0153vHd/jfx+I5YenWU8TFSjKEbR1tJqzSs7Pe6a1V3o3Y+erKXXvGetzPcXE2pXcheTEjlNPt1JwzMpO1kXpxnGSATuCnpY/AtnaXfm6pcHU5wN6W65FlCAAeAOGCk4xgZPBxg1d8DSg6kURTDGthPtijUqCvI525xgDDMcDGQvZjr6lcsHjL4gjEeHP3SxOTnOMnrnBzuA4B5r6/Lcmo8vtsQ5VaitJuW3vON2lo7b73SfnofmWcZ7iV+6wkVQimlHkVpcraTV1fl73tfUznkhW2vreONIYYoMxxQqsaB+GAGByRjdnHzdc55P67/ALNN00/wr8NGUhpI4XjXjdlYwFTAGeAM+mRkHnIr8e4cS22pCHI2wO5kPGRt/hPXHqWHOOM5r9Ov2aPES23wv0ZZVmBtI5XmmfCJsJwu0uV3bgTjB56Z619TlFOEcToowj7GSTtaKtJWertonrsnY+PxM69Wheq3OTqxd73fNKLvr1lpqui1e+n0N8U1D+FYWfHGs6dhRy2FmUMPcD5gccE8Ek4r01tX0rRbOK71O5gsbf7LFukmkCyMRChHlxnEkhHooY9Tk5r5Z+IXj+71LQ2g0e2W3t01O0EWoXrB5ZZEdcmKBc70DY+b155z8vE+KfGWheHYU1jxt4jW6ujEGjjuJfNOdgxFaacjMUcAqqkKFJGCD0p4nNKWGxGIcXFp06aVST5YaN9W3da6K3ptr6GDyurXwuGupO1SpLlXvS99U+VWtotG7t26Wa39k8ZfEO91zRfEFh4Rsilo2mXCPrl+pSLDkAfZodqmRj/BvUA46gHceC03U/BngDw/pniDx1rETXh0yGRReyiaTzRubyrXTwxJJJypVCoOOma8MX4j+PvGul6vZeDNGfQvDktrIz+I9ahK3EkJZSGtrZgAFbqrHGBk4xXo3gv4H6UJbHXvFt3P4r1Y2du5/tJ2mt4nYZVLa3djHGiYBXC8dweM+Dh8TiMRjKjwsHLmpRvWqpwoxu0/dTV5x0bT0Tdmnom/flhaGGwNOGJdlGtf2NNxlVlKyVpSvaCs9btWXTvhaj8a/ij8SL9NN+F+hTaBoAkKSeKdZiMcywYws1vCQu1SMlWwSAcnpWb8JfgdpXii/wBZ8ReNr+58UahZa/Pbbb6d3smnhG6WdYXbaQxxgEYU4UHIxX0B4n8Q+CPA2nBNT1C00/y0dhY2/lvdShY/lhis4izqynGDtHTcvUY+P7f4/wAmhaBq0GiyJ4asLzWb66l1zUgr6hPFMMJHZafnLT8ckhSpIOMdIrrCYbEQq47FSxlWMZSlDR04ysrRjTXupLT4nstWzporE4rD1aOBoLBUnyqFRcynKLd5ylUfvS0tZRVvlc++tR1bwN8N9Lgjubqw0qCIhorOHabl2U8LFZxZlOSBtAUjrwSwB+WvE/xtntNY8U6lo93Z+EdN1CKAPq2tor6pPFH/ABabp/LfMBhN6gjI75B+INS+L+u67qmzwtaajqWqSyOp8Qaosl/qVwSSFksrQ+YloBncgG04wSAQMerfCr9mrxv8S/F9xdfEe/1DTbaSyt9RKXbPLfXMErfKVjPy2ynBB2cjJGBxnyK2cYnHVYUMDSUIqpyQUI8u/uq801FabpNaNe89l30crwuApyr42pztQvN1HzOy5W7R1ertL3v/AAG92cnrHxX1/wATanPa+BdL1LVdUvH8qTxPq0cmoarK7NgyafbFWi09ORsZMEA84724/gh40sL3wt4h8fGe5m17Umj+yalI8l28KqJGMyuSkMZXoqdOegGR+ufw7+BvgXwFb29voWg2sUkKxs9/cxLNeSkgZZpXyxB6nk9fxbyr9pa0EOufDNEVFSS91KUoqAKdsOBgAAAcE+gzz7e3lXDVWrjMJUxtZ1XLE0E6Nn7NpzhdO/xX11ab++587nvE1OhlmYywNL2XssHiZRqrWo3ToycWpL4fetpG2qStG2nyxJ4A8I2YVR4a0oCMvwbdCCpLBOicZOT93AHqQKyW8J+GzLCV0PS08uTotqmEy2OhAwAOMEHC4IzgGvRNUkZ52QABYxtY47mQngEdwcr8xODxjqebDFWKjq0yknarZJk5U8/N+B5ORxgGv3aeUZfCkoxwGGXLFrShTWyS6Rd72tZK+vfU/kqlxVndSu28wxrjOorSeIqr7UVs5ba9tdNd7ZHw60fw+l34k8+z0xXXU22PJZRMyRpFkKoIIHzZO0DHOO+6vZxH4fiSARC03ALkRWkCHhcfMAMgYBz97dk5Unk+HeDIVlvfEQdsY1N2JCgksNzLg9BnAz1HQHPFekLbNMokjLLtIHC7SfUkZ3A5Aw3Q446ZOGW5Pg54SFRUKak5T0UIrVTsul1old36q2u3tcQcS5jRx1Sk61eT9lQk06k760abdveSvrvbrtbeXxXeWB0PXI4Ayv8A2bcKSkaoGBUgDOAQAScbhgt6EYo+F8mmjwzoy3moNbRpbshQBAyZBPzHk4+8BwOucZJzj6zCsmi62pDgmyuFJ6g4Q9ueoHI4Azj5ccc74TIXQNKC8lIlURbdpZQud2fujqQRwScYyAKp4HDvHwjGmoc2Hd7RV9JpXs01r5efVnDRz3FzyarOU5Tf9oRSTlJaeyemrdnpbfppZK59BCXwpHK//EymuECgjDH95hskAAZ9wOcNnPIBryD4y3uj6n4O1aDT0mxFLASzsSX2uAQQSOmSQSucfLu5NLH5xLsHCo4JBIXeACRgdNp4JIx8wHUdKwfGFuP+EW1FpRguIjtYA7yZVwcgnHy5xg4Poc891bAYeOHrRfvc1N25ktbJWa0v3euqdk7JnkYbN8ZLH4VxTgliKXNdy/nhtdu/n5XbvozofCtpANC0kSxA7bG2wznII8rgKFyD0yTzzyRyK3RptmDJILWJiUZtoRMglsj73JDAAD0xjIJqj4dw2h2CqAAbS2CFcg5CnAAPDDGByT3z0BPQZSPJyWYwlcHcBk4UjGDkdjjH+8BmuvDUcPClTfJCyjCLvFN6wjprZt9mn6+fi4/GYypia6dSok6lR8yk4pPmvbq9HZbo8l+I1vDHZaI8aRqp1yDgLgZLgkErxnOM457ccivTlSNUfdFEAUjVflGSNgIOAuM8dDjuD054P4gWo/s7R+GJGtWz4Bxgs2e5O48jooJbqOM16fBZ+cbcsxGAuVwcrhcBcdOAPvHAGOM1zuFP6xieVLlUKLTS0bcVdJ6NJ9b3WlrXudc62JlleAfPUk+avo29+emne2tlq0rPW2lrla1hdlZ1VUHzjheTjvwPlC52jPcZUdq4a1j/AOLweGonXfm3G7OcFSDkEAgHufbdj0NexJpU7IggRyAX3OQ2BuzyRjkZ5wOBzzyK8YluHtPi5pCD/Wx2isG4PABB2g9hjkHg565wB5uPqUnTpxTTarQvtbS2nddNVbbZbnscOU8R9YrKbq+9g6+tm18MHb4d3e2ultddWey+IIIjq1wkYVVTKY2gAkHOARgKD7kj1yBkcnqdujWpCcYwPl4IUEA4B6Kpzxg4xnHTOvdXT3FzJLIZH82R2LopJAJO0c/hg5C54ORWddyKyMrb0j29CpJO0e6hhnIB6DAyMZyY9pBQcW4pvazSkl7j9H3Wva17HXTo4yVWyp1VzSSvyy91Nx7Lfe1tLu97Hk+kWip8V71AFZRocakMueWyMZJJz0OMHKnIGeR6obIbvM/g804UrjaAMZPUhuhUdwB1rzrQ03/Fq/KlnLaDE209QMn1x06cfjgHn12a3YtIPMjCkFtvmiPGc7QcuOnXHcZJ4J2/P4OtRUcS3OCf1qu9ZJL4oxTk23bZ79rNs/Qs2w2Jk8GuSq1HA4TlUYy1l7JaX203a3b6GZJAjtgcKrKSfmJIOM5yOQfy9RXifhWJX8c+O4152yQgZyO4IwAP1Hpxgjj3lkZEwJLXcQo3G5gGc9c5bGBwc9cj+IGvFvB1uzeOvHhWa1QJNAC0t3FGsjPtGImZxlhzkgEDsORVYnF4Z1MK5VadlUcm1JXV4PzesW/LV/JrCZfjPZYu1Kqm6EVfkad3Onp66XO3lsIhFGMgSADLDcCzYyNxwR3Bzx6+lZl5ZQfZ5NwDy+XKduSTnYcdT1wMjj16NxXZyW9rkedqmlRbCAd+pQc5A4IDDG3PqMnAOcCoJzooVzJruhqwRto+3RH5in3fvEk5xgEktjgA9dJZhgeWUVWpq6UdZq9uVK7v10StezS8znhleZuUZww1X3XBJuLV+XlXNZXu1p10tqtDmP2e9GtbnS9dlZVMkeuSn5V5wCwAJIz3B/Dqd3P1FHYWcMjgIFwhBBUAk9Cc4yMdueo46DHgXwU1vwr4c0fXV1TXNJsbiXXJ3jBnJEkTE7XAXPykZXOecrkcLXp998T/AACkpJ8U2JB3j5Ukf5SCCAyxnjnn24Aoy3G4KjhoReJpJpv4pxs7S1tzPR92tdNrMyzzK8xxGOnUhga1R/u0n7OclpGCvdLfbXZJXW7Zk/Ev7O3hLxGBkxJo9wAeduTE2SMnnnvyOeT3r5z8GxxDwLojMit+4lYHncMMeR1B7dSPzyD6v8QfiT4JvfCuv21prMU8k2lTpEkdtcEO5VxguI9o3NgjJ4Ug5rwPwx4x8P2ngfSbWa5uVuBaSjbFbSlQ5kJwWMfPygDA7cA8HLWPwdTMYcuIg08O23Fp/bi3Zpu+/TVq62LpZPmFPKKinha0G8XCcYzjZqPI27qVvdVl20uru+urO6zyOuQiIq4IJBZjjC4AwfmJGMcnaM13eoqj+F7+JURSNEuAxCnr5LAYODgkYBwcAdOTgeJv4r0lmYRwakSGQoiWzDOMbiAQMZzgk8A88DGelu/iLDJpN9ptto2rSM+nTR7zEu1WeMrvOeQAc54/4DnNdM8XhlCras3FU5RTs7Nrla3jfb8euuvNDLsVz0FOi7qrT1co2aU4yas2tHbTu9rrUg+GSJF4QsRHtyJrlSCp3N87A55HHbI9RgYr0SB0hlUOArsFK4J6/LkAj7vsQTkjgkmvJ/BOoXtn4Z0+JNHvbglpmE4CiInexZTyOAeCeO5yB06W11/Wru5Vbfw+xYeYGfzGJVUwCeoyOcMMYGec5wOLDY/DxoUE5VJWhBvlpzlr7tto27LTTfyOnHZJjquLrTjCnCPPJrmq00mlJO/vSu3slvbWxvfESZT4Z1EMoG/yCBgHgOp3fNwcL0PryOa3dKmjOkaUh2IFsLYLkZbd5Q44Ax0JP04BGa8w8Y3fie68P3iy6RBDEAgkkefLApIACpGSCCM7QRxkYzjNG38Q+Noba1iSDS7dIbOFELAuxUKAu4YOWx3xgcYHTOkMfSp4upVVOtJOjGNlSldpS5m79fW+99WTPh2tiMuhRlXwkJLF1Jycq0bKLhCyvHmTejfVHr9xqAZTEjEDcvJB3DkZwSM/Rgfx3DC+dfEeVW0aNlcBRf2oIweWDqDtB65JBzjORnPIxz76v8QZ2VopbILxu2WykDH3eH2sCO2ADnpwdtYGv3XiiaziXU7yCSJb23JgFqgYEsuGLd+oJUAscdM5FRjc2c8NVX1avGLire7FJ35enM2333trs7lZXwnCli6DePwjkpKSSlK/wpaXjZWTs7X10SVz3DSpFijSRlO828ZGA+dpTjaQCM479uoHNaO2d3E3ky+XtUdycc4YqRn0IPIHPHavOJG8QrBAketMCxyEis0WWKPaMJnPOACOCOmT1pkOl64JN0/iy/aR1ylqiKjbXORwHwGGBnBZR2JPJKGdTTUIYGu2opKTlTjvyvVyk3bqu+q0JrcKUZNzq5thoRUuaShTqzbbcXqlBd36Nh47uJxd+FuJVU63GgOwgsSwwVGMjJyOg5z06D3HeVGQ6DMaqN0gBBCBSG5ySADk5zkkGvmrxFocwn0JbzV9Ru9+qxKdzhTA27rHjowyBweMZxwDXqkfhrRpUKTahrbOXJbddykM2OmVYY59AMHnHANbYHH5hOvipwwCm5Ok7Trwja0FZ3Sl/wADtcjH5PlVLCYCnVzWpoq9nRwk5t3qxtZSnTaad1q/OysztsRxqzNJEVYKN3nJ2zu4BHyjAz26Z5zXj/xOlQ6fo2JIsDWYTlZUO0biNzc5GOevIPHIrtIdC0C2JVo9VmXIyGmmddxPbIUk8cZI6nnjNcV490rRRp2lpBZvE7atEm+d3YsGfoFwxIZeuTx65PGuMxOaToVOfD4WMVFXX1ic9FKDs06cbyTtFrq3ptrz5ZleQwxuGcMwx05JySX1RR3WqbdZ2u+99U11NyTULJIgGntU3CNFZplcHCDI+UnBwec9RjGCKyfEp099HleO5tzIqIUQbtzkMTxwASeRk/KRxkA1tppFozRpFaabDhArPKpXkIpLn+HcTwTnB5FaWtR2SaJJGU09pvKRfN2WyJGU6bcNk7uMAc5AyMZrepis1lQgmsLCnJxbfNJyWkb7SS6aab3tszOngcjpYmpKLzGvPa/LTgpWta2kn8W+3mfKGnXJm8S6REkzW8h1DyC4BVYhJ8uScjk44Iyc8cAgn9BtH8RaXpv9nb7uaZraS3W5hjtgwkESqu9GC5JOCe4XnAyK+G4Z4Ytb0hpvsYiGro0jtJEOA4BZ9p+4FwSc8Y2nGOfs3QfFPhyzubOa71HQhGtwZJN1zCxUKBgNjcWGMHAyueNvVR85QxeYUcbi5LE0oucIWXImnZKyu7fOzv6pH1ONy/LMXl2AVXLsVUUFJXVRqUbuCWig7ra6tffoez3/AMUNAmt5Ta296W+4Q6+XgIMs5V9pIByCuAuCBjGQfL/CWq2zfHHRdYbTdRu4LrS5oIbC1iM19dyyKW/dRRFywJAK7RnDDrzXKa74l8IX3iCC6h1/SBabZWuFF0PKGXJVQq4HTAGOOgxxg/RX7MvxG+G2hftSfB3xJr2u+Hbbw5o7StfX94yyWNswj/dC4JXaY2bBwQQCenpyZrm+NoYGVetVhOph5e1hCCXvSgrqKUW2m3dJa9HZWQ8i4dyypmHsaGGq04Yqn9WnOpOTUIT5XLeMUnHlV27LsfSIt/Fs2lHU7b4H/EK8gyCk6aBqDK8UbFd4YQlMKRzyfm9xXi/jT4x22kLPpV54F1zSr+ZDamx1GJ7a6hkY7VE0MojkQMBn5l+7nGcEV/Z/b/8ABQT/AIJ/+HPANppF78dfhXpkieH7e9nskhhnJuEVbmaCMx27PmZwVCHgk4JA5P8AH1+3b+1H8C/jj8dPiR48+Hp07+x9Tv7e30iS3tfKEsViot3u44UiCxxzOvm5AyysHIwTX51k3HWb5zmFTD4nAVcHh4x541Jc796M4xUb8sU/dvdpbaO/T9Fzrw9yPKcFCrhcTSxVWbjTnRi4p/BrP3ZSe7UbPvd9WfCfgrUtTl+Lfi7WNJ8N3eqS3ml29vFpVpFPdXMcqY3sscCSPIoBJAAbH5ivcdU1v4g+CJbDUPF3w51nRbG9ntrvSbjU7C+0+K8MZEyGN7qGJXXcAHEZzgnIwa7/APYF/aj+BH7PP7UFv8R/ineW174YTRpbMxf2Wt8keoOCwc2ssbqwCkozkZBOUDNgV+jP/BVn/gqn+yP+198MPh58Nfg5obWeseGtUg1O/wBautBiskNnFbGN7Oxkt4hJslfJKSAd2C8CvZlxNm8MypZdRw1eeCrzSrY1TShT9prJNW6WV7y0b91Lr51Tg/I55Z/aNerRhj8PTgsNhHCcpyUFCMLe818N2+tr3XVfmNr/AO3p49tLmG30jRdJt7fykilkaQsqGNPKKkNxhQV5wSM87TivB9d+J8vxb8Z+AbnU7exTUtGstfW4a1k3h/tlx55JXPC5AVeeBwAMV8+eKPFvgmeV7aynjwVfzSYZt0bMeUB8sZZSBgdByduDg8Np3ivT/D2vWeoaVPdPDDbXCS+TbS+YzTc7uVBZQDggdT2IBFfQ4WhgcLXoVoVIuosRRlNKV1HmnC8uV72T11S0b7s+fxEcZicNjITw6SeDrwjaHLJ+4+Wmr2S5mlZXequ2kfacdqhMokSIMpwi5C4BbGeRjkd+ckDPIAPiPxg0qOawtpop/J+zalbPvABWNt4P3up5zj1Ax1IxxVx8WrmZU+zx6rI8irmSOAISM5wQRkNnk52kZAJxiuT8YeO9W1DR7i0/s/VZ7ddtzN5sKBiEHONvI5YkgBjnG3Jwa+qzHFwr4SvShNzcqMklCMndqN0np0tq1LW9l0Pz3IsizDD5vga9SiqdKliacpOc6afK3FWa5k7LVu12+l3qfop+xtpE82kfFC+v2huI5GtpEll+QzRJC4WaPgjaDxuzwQDnjjpfH/hLVtT+Knwq8OxWNxJJ4otoINPfyxHve+uUhiZZBgNGGlDFyeVB75r5I/Z+/aTXw5omp2uhXFhqZudCWz1rRdSjW2u0EQA2wEjfIDjaWTL56A4wfu/RP2kPCHxN+IXwb1b7fpfgfW/BPh1LSwjuod1q2rWdxC9nHcNMiAxTyJs8wg4D9eC1flmJzDMKLU8OmoKjJRatJe1VNKMpQV9HU+Lq49Ltn7VDLMNKvN4n4/awbTbTdKUoxfK3a0eR+7J9VfayPSf2yv8Agmh8Zf2dPA03j7xf/Y2t+EZ5tJtrnU9JmYx6PqOpRCaK3vFYhmdo3AL7WUMG+bsv5ka7oE9xonhmwGo3txpkmu2lhc6YrtPZTJAjMrG2YspBzyQvzdsV+/8A+1l8cfi5+1f8L/E2leNfHfh7RfC3h298Mvq/gfTbc21zrxtYliS+0y7QBLhGRfMwjFl3ABRivzoj+D+gW9v4COihp9PtfHO26vywuLq1tltpJJILxAWdSMEEsoKjG4g4NefkGc47GZZi/wC3alGWPjOorwXLeC5HCDj7sW0nZtNJJWV2mj18fgcDgczwH9lU60cJPka9pOM5qrrzOKje0X30avdK235+6v8As3eD/G3hWDWdPtF0DXGknIksQI4pXSRlU3FswCgZwXKru6kkt0+NfFXw98W/DvXLy1ntotVsLVN13PbqZYCjDAaRACIGP8T4wODnrn96rf4O6VrPhiO7srmXTZy99LFICRHMgupdrLggbX28kHHOCOOfkBvBdtc+LviFoWpOg+z2jxzXTASLNGq4KpuwCCCAWzkEnjmvsMVkWX42jhamFgsNXqUoNzprlhKUad3zQaUG207vfX5Hz+F4ux2DxeMoYmf1mhRrS5KVWTbcHUhBOlPdWctmmr22TPzJ8DeNNW8NamNV8I+ILrw9qZkBazeSQWd2WO4RtC7eW6YGAr8HPIHNfcHgb9q2DUfE2hL8WtJGnzW1uumf21p8QaxlVgqGa4jUbI1K8ny89zyOtK+/YqvPGnh2x8QeBonGpXbzn7HcEi0kSF3PmxzLkxu4AOw4GQMdDXyNrHhDxt4G1DV9G1/SLi8t9Ina11GCWJ5hZFSQf3oVtqkfcbPC4OeM141GvnPD8oShOcaLknGMlKthqluW7lTbbg2tXyOOl01sj35xyDiaNSM4QWJhpUlG1DFU3orKqlacU3ZKSmrr5r9L/ib4N+EvxKuPEXiG1i0/V7a20C2uNK1TSXRLqOckAuJYP3gcHqJRnIwSD18O8VfA74g+GtA0m4stdOv+ERYWuqtBqDf8TPToHbcRE+CZkRQNxJbgZr5C8P69qehpNf8Ag/XbrTFu9qXWmPM72rqCcLLAx2vGTgFcNgn1NfYGmftNS6n4ZudD+Iunz2t3Z+G30jRdT0sb7O4d02q91Hx5YIKgYGQM4zyK9annOV5nJzxWHWCxs3CSrUXy0Klpwbi5RXwvX+Irq7V+3k1MiznKVCGCrLH4CKlzUKyX1inGcbe7CXMk1u50pp6NtWZ++H/BBOPHjL46orAAeA7F2Iwc5uDyQc8/4/dP3T+3V8f3rcZyWxzjnq3bAORkY9sEHGPwp/4IA6gl543+OpgffF/wr2yaOTbjevnnB9flHy84BxgKOp/dW+BLEkYDFto6g5JUkkAEEccc9uQMinmbtm9fl5WpYXByi1aSkvZRalzLR9HfRaqy6ns5DdZTRhKLUoYjExcZbq9SLs7uyadrpq9ttFZZjMEAZsKT8uN3qNoJHPr6YHOMY5ry7cY3YbJ6EjPfnsBngjpjGTzgOcbt33sJgjjJLDA9ckALjr1PTrUDITkscHaMYJ4z1yD0IORhSCADwd2BlFO6eidvKzV1bZ/ClvfdO17aPtnZP4N9Hq2tGls13ts9Uls9q4BYkkkksR82e5PHPOckeuMbiPV6Kc8AsCDgHaRgDHXPfuRty2ffCMGPcEblLZBOQCM9OegHA6c4y2cnTPPBUn5cgKCOMY9MnIPPuMZOyu4q7trq2vTq9u6b8rd3k5N2tpayaSWuiVle+t9dPK+44qO/HPYDgkHJ56Y6Z7d29XhgeBuJ2A8ng7jk7ewwCQck85PFQ7gFBBzzjjdzz0GOM+nqOOT8tOBOAwzjqNoA3duQTwR1AOD3Y9BRa6vpvG9rvW6TV1urPz1buwdpNXWyTbtfpvp2T0dt99CQgEE/KM8YA4AUHjnGc5GBnHTpzhx24PPcD1I6jvgdjgZyeOeeIsOuc5OTnnA4J6YA9Rxnjv2p+GIz78AcAc8njnPOACP73PC4lte7d8u1nrfotej1S1fR7pXFaylpZJWu73e299uj3fXfoEcMo5Gc5OSdx/8ArjjsPUGoG4G3BHzKCTlvXg7sEgZBJPX14JEhDFjgkqSMnPQgDHJ285P0JxkZApDuwMjKqTjdjCkYB/vDoQpBG0DP3eAXF3b1b95ab21W6ty7a66q3u9AU3e3l923d9NLX0tva5EARuUncN2ctwQW6HP90Y4yOpwOACZVwAfm5O0ZIz8wyc8DpjqccgnjnNMkDDdg4BI+bgqdvryD7DpnI7ZqMMpAOF+U8KBwcADaMZGBzxjaRgNjFbRV7fK/3pdfXr8xSav208tb217X22767lnAIKjo2OBjAx3HcHLAg57/AEp+4rkqOAqj5sEEkkc5z8xHIOATjvnisnJcZJzhgAT0AIPQdMHnIxnOAeMzKG+b5flZhuJx8xxwCVOdowAMZHGDxjD33Vm3f5O1+/dd9/QzablZR3u3po9Y7eu21r6dSwWRDuHJIyrdBn7xBHbBIPH4hQQWgkb5T83zMQwbaDwc9s8DsOgyemKa29g5bB4wCDj5ieg4HX2OMcn1IY2CkqzbWI6NyuASQNo45UsSODwe20NNJqzd2op3W+iSbWlvP8NAUFaW19Fa1tEo9Lqzel9Vezbs1rEhBy+d2WwQcnA7Z4wccYDAnkeuS8YUjDY4PU8EscYzxls8DGccds00oy5wQS+9iFB4AHyn14OM8cnoOmYWCgKQGUbQQgwSQDyc+nOQSvHQA4wTm5r3a3v2uk7rvvt5221up5VaL2t30T+FtJa6Np/pYstJw5IQAhQFYgHA68fxYbnGBn0zk1CxYnILOFGABxgnt0BYYPGcnP05aUYK3JJIBU5GfbHTjAxyRwOR0BftCnGS3TjJBB6HI7tjGQevAPs72tZ3ty6trRtKT7Nq601XbXQJNtray1undrb9dFew5VZxhwBkgkNjKqMZO7nHOSAQORweTR5ZwzFWYAd+hySSSMkrkEnPXkg5GKkB3OASVUnDdySOT8vc5zkcDAqXcBgbWKliQCSQdoxgdDtPG7pyfpSUno27WVl8kt1qny7+ey8mofDKTbV09d2m49O9ntZu6t1IdoUMOH4HTIw2OAcjlgpBLDBP3cnsZcqSVz0KscAg5GQPoeo5znOPmBMhKjLcn+IgDknnjkgdPcDgcnkVAWGD1GDuUYzncSxBx7jOR6n+8BVXvbVL53v8Ks7rV29ez0TC6Ta0a021WvKrXV07Xskn8ldJGA2/jlhgEHJZgSRjGdvbBJGcdMdEG/K52gH0B3ABcENjqT39iCSMna9SGLc7TkgEjuuS230PAXgY6c8g0cH5sneoIA6Lzxgg8buOuCcnAPpVtNE3frpbdXXXrf79LXsKTlG3uu1rqztomk7vR/Jq+nZAV5XAzgAlcg4JxncRnPUkkZzjqcmlJUEdipJPJwBkjB74zwRg45pyjvgk7CWGF+bI9cj5fTnn2oO3AA28jDL1OSckMcY+nrnjANUtNErWtbztZvra3n0S/wC3jJ3bslbW7b11dtU1Zu3dfhuwohGRyMYwDjBO0jHPQc47AdflzTQgPyqD8pYFiVGVX5fXjpg5zz693qhBO3GH42qDwAcDOR04JHUjnsQRIq4x8oOAARncSSeeO/B6lt3PI4pc6um35a306p3VujvurXtZaFOCk0rJbcySeqfKrav3bW110V99nBtxt2qCQvIzk56bcAHJOc4PAGcAnqx0LKSSGcqevygHOe3HGT1JBx0yeLJUA5bOTycELgZ4UlTkdT6nrxnmoyC2NoIGQSvc5zwenygdeev66Ocbxej1u9ea+sdelr25ejeuuukKMbtOzfLdNXbSstdE1r6vVppLcpohA5KNnGQRxgcEg4wBgnPA5UHOSaMLhgozjcGIwQM7SM8qQc5IA6EZIyebJjYc7lGNykAAklh8o68ZyCR0wAOuDUe0BM4AHCgDOSRkc5weTk85Yqp+U5q3Vvrd6W7+78N35WSXXe3ZExj72rStZ3bt2T9Lvbraz21KuxlPCg7gcsxAIz3PX17/AHe/Th+MYwuSCCSp4xkZB/ugDOCRjPQY+7KAOmTuHyg/j3XBIIGcYznn60BFUMG5O1QR+Z5BPYHkMeRwaj2m9l/Xuvt5tf8AbvmhKMdotbq6uuqUk1o+iurJXs9VZsXGCuVHHByxJORySCMAnJ5xjPI6Zpc9upAOMnoDjnHO3hsjBA4OeuSh+UkYPfBYkgdMjODyMnGCBnLEdcAAXhuQcgtuA9cEgjnbnPf5exwQIUtHq76b621TV/x7/ma8ri0rJ36/aXKla666v1Wmi3cbR42hQOSwOFzkHr0weMrjOcnpwagaJc4UnORyD8wzjGSfXgcHn05IqyRtCkEsTnDc4HPIHGckAEbT3JPzZquSq43cD5nzg4zxwSMYAJAJwOM9QMU41bq/M937ydt7Xu93/wABJ3SSUuEbLdaK7va1+W+/nok11tbUQKSFOSeW5IwpAPOAc+uBnjj5eAMQleQQMgknjsoGATnBwemMEA5wcGpiygBeMkEseqtvYAZB4OOgI749RiMZ3bRyBkZ5HY9iBzyTg4AGMe1RlZNWvspW92y91X9eid/N3uNx0j1SXdvomt++its273WqThyTjA2qWIGdzEtjGexGOQAPbqRT1A3HsFUYGM4YgcdRz33c8Y69A1FOVzj5gcHBUDv7nPQZ/wBrGeM1MkYGAclemRzkjHBJ5PXqRz93HeolJu7V7O19b31Wr731b+SS2atWaSs27bctrL5aNpLRN9U31FQMQoyVC5xkcE8Z7jr0BIHr8vJqzHGOMggEcE4I5OQAPTnBwOuf96kRQGAIIwNxwRgA545HcZOB2IGasIh4ClgDuHfAJ3dVxww2twSTxwDg55qjbbd7N69bfZvb4Vd6b6PbVHRSpxcoprS99NUtm3rpt6302bJtgDcY4GCcYDDnI7HjOc4HHSn4JGVPXAXpjHQtk5xyM98456mmgZPdhj5sDK9eWJz35xxwOSSQKkC7c7SSMYxk9cZ4zx6DsM5bBJOOdys01Ju1ktdX8L1StdaO9217173evXGmo3Vk4+lm3pffXpy7rR6O1ymyNn+8RjJ2gKcYDgfjnoRu6AnBzFIqhioODww+nHHsAWwfTr0wassJCQWIYouO/H0AB7dzkdTxkLTDGdq5yxHI6++QMDOB27dePW4VNVeXM9tE2lpG2u+mvW+ttbIxqRcmkotJO6vp0i7WS6PTR2VrdSDbuwQQBnnjOTyAcHH97pngd8dBIWOBknGTggBdxwQDtyR756Z6YDAzGInkgtwcgAgDG0DIU4JA4zx1HQVbSAkDacccMcZ3DqM4HqQeQevenKs113a3+XTbR/Lb55xo3d3azstbWTsly27+ev3XKQi4GSSfvEgkgnqwzy3A78jJ9eKa8C5+XcRyAq46jg5U8Ed8kZ4OMHmtGOIMAAMngnnCqclcbeQcADknb78Vejs8HdsPTPzE4yeOAc575Pr6d8ZVnF3buvedt7aK9na7t1t80dMMJKSXLC+q6aXsrve3X8u5zi2jZRwGbKng9z0AIGM/U4z0+ulbWecBlAySVVuNo7E5GD9MnpnJyDW0tkcrhTjGD0GN2TkjOSc8Dgk8Hk5NaMVm/Aw3KrnGc8k8H2XLYPQEk44rlq45WsnHda3X912fW9+y120uetQyy/LeN1fZJLdL5WS8n+JkRWCrg7QSWB+bpk5wOc4wCc7QcZz3Aq2tuiMDn7v+ycZ54yBkn1G0AZ445G3HYyYJI+6/y4PAxjlcZGM46Hp6Z4cdPcbv4SzcYGQFyTzx+HY8D6VwSxTlvNaavsl7tt+ZO1tNL9knc9Oll0IJNU3eNklbTXl62v1euz00tvhiJcjHQjHvznkMD246jucGl8lcYGMZTCc4U4OCTjsMHjk9COBnaNmFIJHbDDoMj1wfToAB2zzmomtkUFio+UbgRkZ7YA9T2Jz/AIysRFt+9dyeybdtnotet7dkbrCW1aWi023fLttd2e/S177GYUzgAgHbkMOg57joGOBznnPXNSiLG0DIypBPbpgseh5AbnPPHXgVc8tePlHPbkDnAye3OR054Hfq8REYAGNo68jIwAN3X9BzgAgYJpuq3a1uXV693bVtavr106b6VTwz0bjzK+lu3nf3bdNUvLrassTZUgbyMHPPcjAPP3f55q3HAQcsVxuxtIzgD1PfHUAZxz6ZqzFESMqDx1HPGBkZGDz1xjJwBwOKlZCCdoILZ+7yTxyeuTgYLE4AyMZyK55V7fa2tdv5Wem17de+lmzelh7cujcd1fZXtfV6del116tOONApzjKgnIxwSe3fnBBIGB054q1FsDHIQBj90g5GOuc+pBHtk8ECmqjEHryMEEc5Ofmzk5HByeO3oMqi7mIY4IIBIAOcdRjkADuMYPp2rlqVm09X1eje1otbXV9rdFdrXY64U3Frlgltu7aK2nTXfW1k7X6o2EwQoXbnHUfzA6BgOnHIz0wdsoRGLgnBbknIJXHUrkYzjqAOVBzgnFZCueoJIXgAdcKcD049u/Ukt0tRykv8rctkEjnBK9znnqAOh98GuKUZ7rvdXdunTT123urnownFWulbRJNLvHfvbz1dtO5rxwxryfmAUZ6YBIPfHGOp9B2A6hlijQkKuB90A4yQSCO5Jzyeo6e9UlkAADMctgBSck4OOefQAYJ454xVSac/vAcE7sKBnCgDn7x5Oeu31798405S05nfmi+2/Lro0l181a5o6iSbilqkk9V7unVLZ7db23RNcSEjOeCWAAwRz6ngtn0bIGOB1rJkYHJ75UFWyRnAOTjIJHb3980ySZl3ZJJI4wAOVzjOD1HQHqcZ4rMluyd6gc4wWBO3B9jjJ9Oc+o7V6NGi1yvfZdXa1rPmt3vddrXSPHxdZ3u3daK0dXpazf63WuvZEkjKCSDkAEkc8gHOP7xPqc5HPXPNJ+RweSCOnTPb0J9GPQ+uahaUjqMtkqADyAemSOvPUj654yY2ZiwPOASfYgYzweg5IJ4JIHXOR6dFW30tvqrvVaxbVvN/O7PAqPmd3fW9m3dLbtfRpP53dtdFdT8uPmJGOD2O3qT74UjO7nHHNIgJI44yecfKT1wR1GRjtjGCeAKFV2J3DaAQ3A6gjkk4IJGQcHOSBwCObccaEBuccEc5+pyc8joCOnOfStJcj1vso9321Tb2uut27dXo1C8fdSVl+F2nr3v0v18kMRdpAGQSwA4yAoOASAQAMDoPm5zgZxVhVJzuySpGByQRn/ZPXjk8/XvTCASFA2gHAIHU9McD2IGfr16vUYCkEZAOckgjuATn068+uMj72bafV36W20a187b7arXTQ2i0lqtF0vo3pZWur66adOmw6QgFxxu7ZAVicEY+vU5OMjGCRzWJKf3mEwQQducZxznAzjAJIJ6EHIIJIrTcjaSD2JBbI6Abs85ABJOCORWdIFL7RnK5O71GScDByBkdgOeB3NXTt57q17XvZPXqt7WaWur0OepLmT5dlv8AetLvrZpbdddGzsvAo/4m10RhQunTFyRnA6nnPrg9eoPIAWv4v/8AgpjrF/J+2J8ZrWGZ47Rrq0/cxAF5ZIwAsakfNnJGcZOSPTNf2jfD+IHUdTbOSul3BG7PZSSe/Y8gn19cH+K3/goXqNlpf7Wnxh8Qai8UoOumytLZcPPJIyKoZEPACYyG6jq1cEKSq59huZrlpulU961koqHK7K6T09L3V9m4x9adDh3HyhGTcqU4JQl70pTlH3f7vM930Ta0Pl3wh4PtLNYNd8SNCscdo1yltM4WKDqytOWPzMckmNRuBOSaz/il8V9Q13QpNC8Mwva6QIfs0t4EMYnWIMGisogoWKPLMWZfvcljmsq0XV/Fsqz6s8kGjxW7vbadG3M6xj5XlP8AFu9WGeygA8xeNtPhgsdH02yVY5LiSSB1jyY7dGiDGRuOSAQWJzkjnNfsFSnOvhOSN8PQUfdk7KpVvyqTbe0Xra267bv+ap144XHwm4rFYmVSPPHmvRoKMl7kbO0prS7vbm7tJn6q/wDBK+/fQPg54sstPhbUPE2ueNVsNJgRjItrJd26o13LkbnMYYlf7rcg5AFfvL4X8KaP8NNHhXWbuBZrK0bVdYu7jaYbNpR5lzeylwDNd5LLCCWYEAL1GPzA/wCCRHgbQrT4M3XjGGGK4ltfFl8kcrhSGu4bYB7h5GPyqu04JOBggsa+/bnzfi74k1Ce+vmtfhj4ana41a+kkMNv4m1WykaZ4ZJCVVtLsgmZAcpLIjKAWIz/ADfxT7FZvjqOHa5YVuWc+bmTcYxUmtk2ndpXtzJM/rrhHnrZFllbEJxdTDQnGFuXlTtKKavuouPrq91c0IBP8R9THxN8ayNpnw58JiVvCGj3asiXVvGzbdevIJMGW9vGCixiZd250YKMgmzZRW+rST/Fz4lhNI8L6KkqeCPDN8QqwWqljH4gu7Z+Z9RusAWsbIWTcuQDRB4h0rxhOviHWEOm/CjwxHNLoejlVgbxVfWO4LfSxMFSPTYnRUtEfbHIQrAfMTVD4d+E9Z/aR8XXvijxYstp8OfDN5HJp+mIPKs9QuLcqbOwhQALLDHEqyTsy8ybkGRnPzMpKlGKT96W1+idtXory3vruulj6iMJS1TdlZr0drW6arfol1umlX0Dw94i+OniXSNc8R2F1p/w9t9Uig8K+Hp1MTalcQSCZtZ1WJiDKrRoWiR12jjjkA/ZNjYx2vjrxDbRCOG1stP0yzVsJHGkK+WMZxtRAvIzgIAM9DWxBb2sPjWw021ht7Oy0pbZ0hVVghhjNuIyQBtVURTgMw29CxArx67k1b4oeN/GOi+Fr+ay8HvqcFh4n8V252ufsS4k0jSJCB5skm0xyzROQgJG7jaON4qNN+8ru1tNLt2au7baavS6t0sddHDNxs3rJWs22tXHW1/Ld6vfVKz2bvxFr/jX4ieIdH+HDJHpNnBFouv+M3JNtYMkYaeDTCSq3N4VBRXUssTNkHIxXF+PPiHonwj8P2Pww+FmlDxT8UfE1/NPaWQl+0TLdyM32rW/FV+u429pGN0pikdXbAVVIPEHjn4qx+HtT/4Ut8BtKtbjxQBbQXuqBQ2keGE2ql1qGrXiKyXGqMu+QQszM8h+cD5q8x0VPAnwG8J+IvEniPVbzxF4s1HxdGtzfujXfijxXqtzkyadpNsPMuI7FZWKRRxgwJGf3hUVwuXtJtttrS7WkU1Z2S19G7X00u9H2O0U4w6KN5bK3u25db63evpr0bfC/g2x+GmiyfFb4u+JINV8W/2rqV1rPizU5ALLR7EuWfRfC9k+Vt4VJ8mIWyiadvm2kNurK1eLxh+0Hp1jeX6aj4I+A0sd8llpiyS2Xiv4gBQzwyakwKSWWiygFkiGGmjIDqM5G14d+H/if4uXMPxD+MdmLPQNMvr+XwP8LTtbTtMhYl4NU8RRACO91fADiCQMtswODlePpTxNapF4U8KQxIqBI5dqIAqJEsEixqFGAqgBQFAA5wDwTVU3zJRWkbqNv5rct09G7W73v1ethODteXNZJJJXu2ravz203V9FseS2mgaXongGy0vSNOttO02207TorSztY1hhjRbmMICqgbpCFJd2yzMQeDmvS/Edtt0y9IUgqlu65B7QhSFx3wcgde4yOBz+pT2tj4QspZ5I4oInsEnllYJHFEkm5meSRlVETqWZgD2IbFeH+O/iR42+M2rS/D34GR/ZPD0MzWXjP4rXkJOm6a6Bd9h4ejZQuoXrICpmx5MZwySA7WHsUY+zs2k5KTtFKz1Udk019lb9GtVqjypvVprdtWvre68m33XdWb7Phf2kfiF4d0Jvhd4ds4rjxP4oTxLol/F4V0NfPv53gimCLdyR5itELOC5meNioYAlhiun8NfDHx78S5bTxH8Zb+Gz0mz1JLnSvhjp0rL4ftYvOQxXHiC5yj6nNEArSQTAwocncQKzvijpvwm/Zz8M/DnUNSv1TUX8T2sutape51Xxj4ou41cOttHtlvHSSU4gjUCGPITdgAmOCP4uftHztZ6jb6t8JfgzJfxPDpdpKLbx/wCL7cSK0TXd1GQ+iWFwCCVgfeyMQwXBFerCs5wSjBuUlZRV3ZWTd/JX66dk29PMlSUZ8zkm42ta9k/dbjsm9ddW38rn89P/AAVQs7F/2kviKmmXekX1jbHRrG3XSfKa1tmto9rWlv8AZy0arAcB1GeQcjJIr8vbfRGaZmuCqH7IzKgA4JOMlm9ATk+uQDjr+k//AAUb0vRPAvxy+I+l+GbSO0ttHvLDToNPeU3kimBApubi7Ys1xdy53TSsfMZjkkZyPyln1PWdTkkea5kjXysFEJGVY7gCc8gc4IIA54ycn9HyWqqWX4VKLc3TTs78sXpZNva+q3e29rX/ACLPKU55tjZuUYxdTRaNvbpvrfXrq9bb+y+L5tCsdB06BZ45rwW9tiKFw/TJYNj5VCnIz147jBH1X+wagn0j4j3yq4k+2adHEgXJZhK+AMYGRjAxg8evFfDtt4e1TWIbbT9G0y/1fVLmBHgs7OCWe7uBGN0rosaM+xQcSP8AKCMZO3iv0H/Yxs73w14R8frc2kljq1trNrFc2LxEXKuh3eW6sPXGTgYyc5OCfTxeJvFUXUpylHln7JSTnq0+aybdk+90mt9LnLl1C0nWVOcY/BGq4uMfs2SdrNu/RvS1npc+z7KzNzq81zc7yyxQ26gIWZQH3MXJ6Ec/QbjUv/BRCaOH9i0LvCLf+L9FghjY8ulqQ5JJ+8Rnd25PIPGOd8JeLL/UNUVLnT2haTVNrSHOJFB4V17YwMgDAwem4VR/4KcX9/b/ALKfgixkKi2uvG8hZlVV3GG3jfbuHYdeMgdTgHj5TO4p4emm0m60HZNvbW73ak1o+l9W+p9xkXNGtWerXsn7zSV3o9GtLX6vr8z+Xq9Yf2nc9x9tZcjkACdiCTzzwM89Ae+QPuf4Q+GNEmsrPxJ4lQDwx4TtY9e1XccR3c8Hz2enNvOD9rmVEwAxAzwD974Vlw2oXJA3ZvZARyVO6YgDOMDcQFC9hjJxgV9K6z4pu7XwXo/g+3k2WzRrf6s0eczNgC2t5dpBdU4ZF5wxyOTXz+DxaweDx7hJqtWSp02m/dTa55J9Hyu19m/x9CtgZYzFYNzj+6oydScdue1nFLunK2qvezSv19a0SHxJ+0t8aLCxZ/LGvalbw20YJW00bw9bso8mPG1IY7e2Xe3QZXPyivWP2zvjXopt9E/Zz+F9wkXw9+Gyra6rcWTKkfiHX41VbqeV0bEsUUu4APn514GBmsvwddp+zh8Cr34halAR8R/izZz6R4KgkUJcaRoTI8VxrKqw82IzIxSJvlGVyCcE18FGaW7luJ55ZJZ5JnnuZXJZ5ZnJdnZjyzMxLHJzz75r4GpGOYY5Vp2dHCOUKSv7k63uqdW2vMqesIvW8uZq7P0KLllmA+r07rE42KnXl9uFCycKO/u8yXM9fhSVrXN6wGGVgoY7QSx6LnnbgA8fhgkn5eTl97cRWsMt05VIoyRt3D5m/uqOSScgHOTjn+EVTWZkiVQfLVjhmDEYTAA3Njg45PIPPQHOcqDT9T8Wa5Z6PpdvJdL9oSCCGIFnuZ3YIFAA5O7lichR1JrulBxSl7tnokrX1XXe6SV9nbr1R5jk27ava9rK97aLdaJO7bT1On8CeCdc+IOs2tlZWc91c3twkFvBEhJihdjvkYgHYiqcsxxk88HK19p+P/Gmg/s8eDR8NfhzcQyeN9VsxD4u123AefTElUCSyt5lywkIYqQrbuvHU1ebVNE/Zb+Hg0yOK2vvi/4r0/8A0iT5Jh4bs5I8BQCP3cqqQcdd4yBwc/Pvwu8Cah468TweJfE6T3Gn3d6ZHluSWfULtmLO8hbkr8x+XAVQW49eKGHlj68KUIc8E0lo7TacfefRRTta97yu7223denluGlU5lGco3lK+sE7NJN/ab9Xe4vwv+E+oeJ5f+En1xJ2tYpftKRzbmlvZXYsZpgxJw7n7zHGCAMg8/R09kEGn2lsnliB2QLHlBHtbaNowAAOhJ4I43Hv7hc6VB4b027htooIIhagoE+UKiYEaoAD3x09cZ/hHlAEm17mVgTJKrrgAEFpQWAPuMZGO/oDX6NlmRxw2GnOd+d07t2tytWuk1rrd6rvZN6n5hmvEbxOLpUY/C6sYuKbba54q7d0uaXe2n4n9s3wh0iWy/ZD+AaRMgB8FaBBKwIw32m0SRix6nuMk5OQPQjasdOSIsVA4+UqM5POME54APP1B6Ctf4XWm39kf9nLn5ZvB/hhmjUcNnT1PzYJIOc8YyPvY7HqrXSgQHYBcsS5OduBjAOSMjnuSOei85/AeJsVUVf2LdoRlNaXTt7T122d/wDgH75wthqToSqqK5pOOr6e5BWSSe11p8l1ILaHC2zOdqkoY0O7jAOCQOc7m6DPGDjjj8N/+Cu+hwa38aPhHLr1/a+GfBXhTwHr2qeKfFWqSrDbWMM0kMn2WxVmH2nUbhQyW0CBsMecZyP2C+O3xy+G/wCzl4B1P4gfEvV4NNsrSKUaLpQkQ6p4gvwhMNjp9rnzXMkgVGkChI1Ysz8cfxJ/tzfta/E39uf43ypqF5NaeGLGT7L4f8L2krLpOi2ETFEa+dGCXl8YwrXJfdtfr0IHl8ORxc8xVXC3go8yjVaTSlJcr5dVaSUtH9nd7XPbz54WOBlDENTU3FulffllF2dtYxet3vZ2Ut7YXxY/aM1n4uxWvwH/AGcNFvPCfwwNz9mvLyzRofEXj2cN5c2o67fJiSOxlO51tt/lhDtxkivfPgz+ycPAWnQalfXNgddubUzXE9wkZW1AALQWTHcWcAneW+ckckkk1Y+CPw38NfDbQbb+zLa31DWp7NZ7u+kjAmEhGRHA3JWNS3GwgFRuPGAPdNI0nxh4g1e0srR557q6mL2NjGWkLZOdrKBtRcH5i+ECjcfSv072ccHTnUnUtP4qtSq023Zc0nJtu+rbf5an55zTxtSNONNvVRpUacWox25VGMVbZrRvVa9dfPR4Mvbv4jzW9rE13FaeGWkV4IQrSsysNqxqFYl3GAVXnb05BK3+m+BvgZoh8bfF6/iTU2Zp9H8DwTK2oagjF2je6hzuhidsE71XcmQRngdr8Uvj94O/ZcM+l6PFb/Ev9ovxFapp9npOnKt/pXg5ZV8rZerAJFnu4yw226hsOCGHBx5l8Cv2Kvih8dPGKfFn9pu7vFs7+capYeHrqR1u7lGczRpcxk7bKyVOBAMBYyAyr0HyGa8TRjSkpVXQw2sfaxdq+Kei5aEd1CTdvaWsk7rqz7PJ+FKkqtOTo+3xVot05X9jhl7rUq07OPNFWfs730V1oeQyXfx//bZ1aLSfDdrP4I+EunTLG1tAstnpptlfbhAoQ39wU5wQyZIHUA191aPH8Fv+CdXw6vNW1yS0i8R+I4BHHe3Bhn8T6xiPmGyt9zzW0Mj8YYLHtJAIyDWb+0t+2T8G/wBlHSZPh/8ACnTdI8QeP7SAw2Wk6UsB0bw2yx+Ws+oywho5JlI3eWS25wQwzkD+eb4u/FPx98Z/E+oeMPH/AIhvNf1m5d5I0uJmFlp0TksttY2xYxW0CA7VCA8DP08bLstzDP5Rq1Yzy7Ko2lCkrKrilpac5fFLmt8Umlr7qvqexmmY5dw5B0aE45lm7TjOq7OjhtI2VOzsrWSUY63300Pbv2jf2yfH/wAc9SubIXk/h3wULiZ7bw/YTyx/bUaRik+qupzPM6YDK+VXGAOAa+PvOM0rDjC5baBhBn8Nx7kkZ65PXjLjV2RjtO9iVDFgSQM8DsB3PqAMcg1pWdnc3ZFtaKWlYfvZCG2oMjO5sk/T04z6V+h4XAYfAUYUsPCFOmkkkt+mrb95tu921d6bbH5risdicwrSxGJqSq1XfR6JL3WlFaKOtrLzW27uR3TZjVV3zOcKg6Lnd36jjkg8ZPQ9T0On6VPdSl7gNKdhZF5MSqBkkkDHB478Z7cHd0fwsltHGJcSysckgZaQjGQCBkKSckgc9h2r9Xv2Jf8Agn5ffHhtR8YfEG5k8K/DHSfD2talJdEGG81O4tLN5oFtchW8reBucLyehz1nHZjg8to/WMXVjCKcYqLknKpOTSShD4pNt3stVronZOsFl2KzCt7HDUpSajzyaTUYKKTcpN6R0e17t7J6I+Xv2U/2SPin+0r4x03wl8OPDd1qk800P27VZbeSLRtGsmlVZb26u2URBYQSwjDB228KSc1/ZX+yt+wx+z9+wT8PX8eeML/RLjxRZWcc/ib4keIRagWreWDNZaDDNnYQwMaC3DSOMb1wRXgP7M3xG/Z7/wCCef7H3hPVPF99p7eMtZh1q/0fwxpotJ9b8Rxf2hcx6Y2ozRk3CQvbrDuNxs8tckdRn8lviv8AtI/tVf8ABSj4uf8ACC/DHRdQ1LSlvHis9A0x7i38F+EbEybf7Q1q7XZbXFxDGcuzs0gZSVAbC18xj8dic0k6cLUcFHlva9qism3Nrz2ilZa3Pp8DhcLlMFKclWxU0rcqT5buKtCOtlt7z13Z9j/tyf8ABXrWvFBvfhh8Cpb/AMPeErieTTDqemxSf8Jh42ZmeLy7GK2BntLS4JChoVEjoxJHOB+fukfsNfH3xzongT43/HeyuvBHwx1b4leFtNtfA1xNInifxFZ63qdvFPeXvJkiWaKV3Z5tsuW5C1+3n7HP/BNT4V/s3pa+NPHiWfxY+OM6JPda9q8C3egeF5SN32XQ7KZXhaWB8KlyEWXjkd6+h/2zbWRvhT8P3mYHzvjT4DjBdVCL/wATizIVIwMKv93CgqpAAA4riqNYSilhoavlvVatJ8zinyppvZ6bWtdI9HAJZhjYRxT5qcU5exTtFWjdJvm95q13fd7rv9KeFvAfgf4V6DYeAfhj4Y0zwj4X0m1s4k03SreGA3UiQxqZ72WNfMubiQ5aaSUu7tk8Hr3FrpoZRLc4UYyiqTgEn7uRjewBxwODjB552LnT4otTvC8eXzEEGABxEpDEHJAAxt45G0knvM8BGF2cAjADYUZ4bp05zuBHAHHXbXbHFycIRSs7RTlrdP3dLttXet29DzamEXtKrlFcvO7QTvzK6s2u6frs9txLa3UIIQoUDGCFyecAZAGckfxDoRwOedxrdFicLkFkAXj3XkDocEjuAeh6CqtrGm7vhQrKeBzgBh90HGcDv83AyPu7zRgqwbIYpk5Ppgqq5JPbp0564yBakpyvJN6JNav+VOz2vJN2+eysYpxi1oldqKS2XM0vx73tp93xD8GYR/w1R+1XIQF2Wvw9UnjkjTJDtBwO+OmQcn1xX2VLAHlLHcuBwCN3JHG3r6cD8BgcH5I+DMRH7T/7VbOGDGH4eOVYYIzpUmC2TzjP5YwCc19klcllXJ4B3FuN2OnUN8wJA4PQ8enPh5q8nslJJJ9Ukla7uvW+y32PTx8G3QUdvZQbVknrGL0fS7aS069rtZCQB0XA+djnvwFyc8kktzgnPT160z7ICyzbliHAIC/fyeuSBt7gZJwGw3qN1IBHHNOWigtYIhLc3U8qw21tGAWkeeaQrHGqDczMWXp1HBr8xv2sf+Cnnwf/AGfrPVdA+H11pfxC8e2iTQS6nJOo8KeH7kgrumuVLfbbmF+RFErxseN3ODtLEXajSTqTbSSSvfRaa+ttbaK+xyQwspLmqSVOEbOUm0ktnreyv2sr3WnQ+9fiT8Vvh58D/DM/jf4n+IrTwx4f0+Izr9olU6hqDouRHZWQPnzO5UhZFRkBAyRn5f4av2qvj/4K8UftL/F74oeHZ7jUNK8W+Iry90aK8BhkWylKiJ7kD5g7hS2wAFc4KjC1+h/gb4a/tr/8FRfGE+vzXOo6L8Ppr4x6p8RvEqXVhoFjprzKHsPCGkSqiyO0RKxSxRiNiAWkDcD4H+JH7NXgn4KftV/FP4YebP4w0zwV5FpBea2gka61AIpuLloWLKA0m8xqDjG3AzivuPD3AYnFcQ4eFOuqGLlrTktY0UuWV3ZPVb2Wq0W2p8Xx7mGCwnDuMdXDvE4GnTviItpOtzOMeSN7Wi01q3tZLVI+Qbz4wePfEcz23hfSruRCemn6fLMOv3TMygKoXvnGWDZGTiK3+Gnx48YubjUml0e0kfHm6lemMopAOfIjfOSvONhBzwSa+97NLHSYjFYabZaXECfks7aGLdjgBioyPUhc89R2rHvL+SQSOEYIW2Hex2ZBOTwcEnd07Zr+oKHCNXESi8xzbF4q9rx55U4bxVmr3S1XZ30Xn/JmL47wGBpNZLkWBwdl7spU1Kd9OqV73a3bV3e/f5S0f9lq1YtJ4p8Y3N1IxDNbaUAY5cAGQMx+fqCDkA7cjg1634d+D3wr8MmHyPC9vfXCEsLrVJGuyzcAh4nJUYIPHUYOTktXbSNKoPl7kbceAD3IJPAySc8jgdc9TlkEDTMFkDeZvYq+A24feCgEDbjJzjAONwGQBX02E4UybDKMo4anKV9Z1Fzy06uU230d7u977s+Dx3iBxFi5OH1qcU18FD91BfDp7ur3d9W7p6mpFJZ2SJFpllYabAqklLC2hhUg/KFJVVZiTkcAHJPOcV8mfHR3f4ofCnG/e97bvlzkBvNJOOR1JAI6jb04GPrCPTlUBHLEvl1kwwJxkkAcnHcA5ORtIIwB8y/HK1Rvij8JgPmzNAeFwcCUgELnJI69SM4xjrXk8V0MPRwFKFGEIJY3B2aiuVx9tTtpFW6vXddbntcB5ljMZmuKliak6sll2Ol703LX2Laer35Wnbz67Hvd0tyJmjjIUkl5GXkso7c8EnsuSCQOOSTXiSY7hKWBL8LJ93bnqCMA46dgCSMit65s9zSGJXbkKTk5xu55I9OOhI5BwOrPs8pUnaqAAjMuCSi43MDkqPl5PI69+cfWU1+5ptRjyuMU3olb3YrW6t5XWl2+lz8lrVarxddNym3Vmkk5NfH5bpdL67WtuYhtR5gaEgkEo2AWUFiMAAc8cY4JOOgqRrRXaOJwoDr80gA+vTgfU/d4HpkdHDbKNiwo8pYgnYrSEsQOgAZQuQOQeO4Y8iV9Pkj8xrtYbXbuYNdTx2wQAg9JWVyO5KgZzheK4sVmuDwLX1jEUadknadSKvta12nvtvffdWPWyzIs5zKywmAxdfnlb3KE5Jqy+KSh27PTe3R86ltskjAQOFYgnkquAQOgPP0zgn6itlrTEKylI9xVc4JHOcYK8bh7/gema5fU/H3w98P28x1jxjpsUqnm3tHFxIGUZ2KV3L1xnnBIyRjmvK9b/aq+H+nKseg6Xf65cIhQSSRlYWYHjCqCQScfMoGcnscV8xjOPuHsM3Kpiva1IxXu0U5J6r7Wq17p7/I/QMs8J+LsbC08J9VhJL368owtdq6cU+bzs1q/LQ95/s+VUPkqWEgDMIwSFY8gSEgAZycs2cZOOAcvSzltNruiqsuGDTSqkaHB5JY/eweCcYJIJAya+RLj46/F/wAYSND4W8EzWkEqkRSeVIi4JwjOxVA4IwBu6gde9Vx8N/2g/GcgbxDrb6NaSEZhErRJGjAnCxoGUuOOOCcnJr47NvFel7OUcBg07vlVSs72Xu62jqlrbddUk91+i5D4C06dWnVzXM51JJxfssPFR1918vNJv00VrdOh0/xug03VfE/ga4/trSre00OSabUBLdJIyBZA5ChGYB8A4HcZxkcC1dftA/DjQLcwRNea3dREbFhAWIELtyQAMgHqQM4H1rCsP2VLe48Y2nh7X/El9dm50dtXuJgJWYOjbDCpLZAbnawIPQjFfUnh79l/4a+H4YjFo8GpXKxIxfUVaaRjnBba+7BPPGTgHHHSvzFcaZu62MqYeu6DxVXnquklvyqPu9rLpfS933P2v/ULI54fAUMVgo4uOAoqjh5V3e0W1Lmkk1rJ9N7pJOyV/ka4/aY8Z6zI1r4L8CoouE2pM1pNcFwDgOfNRU3EY7kbuhwMnNGkftN+O5lkJutHtpQcrGFtI1jJ4XZEyheGwFxjOMnAwP040b4beHtPWJLPT7K0RABi2tUhSIqFyHYfMvy8+nfAOMat03hfRC8moappNgluWLm5voIvMUZ5KswYYOcDHIJ+bj5vIxGb5li+Z18ViKrbu+ab1vZK95WfS2ia6bO3v4bJsBgoqGHweHoxVrezpQVtla6Sb5bb79dLn5taV+yR4y1qe3n8V+KLkiQgyxI7yyJz90lzycEdffp1Pu/hn9kjwNo8kMmoW1xqZXHmyXj/ALrK4ydjAgsTjgEA85weK9V8RftEfBXwqLr7b4zs7i4jDkQ2bieRSueI2GVJBG0EHPPJAzXz14k/b/8Ah7p4eDw9oGoazIoZPMuCIY3c5CscEk5IHAHtj089tvWcmn3k7u+itr62uu/mj0IxhC0UttOnZW0+enn96+r9L+FfhDRFjk03QtMgWHHlmG0jaSXBB3IxXhlwAx4+9xk4B7MwWdisZYQ2EZYGQyyJAIx2zuKofQYwB0wCK/Ifxd+338SNUDQaFaWGgQFmWMxBZ5toztALAfNyM4yQMc9q+bvEXx3+KHiyZ21Txdq8izsWeCO6eCFSTnARMDbyPugcdcZJo9pBN+9zN2TVr2ty6JRatta26vdNaNkpRSa2baSstrNNvS6veyevbZ2t+8+tfFP4a+FCzav4t0exkgJLyPeRTTMMfdEaO3I5IBHoMgZB+Rvjv+198K9Q0mz0fw3ez6xfWmt2N61xBEoheO2fMp3soO8rwnYc9DX5B3ep31/IXurq4mmBJYzzNISc9cszccc8gAdDzg4d3JtgZlc7k52A7c/3unJyeSSOnTJIxlKpu4xtFPeVr25kvdVm2tNL7aP1Sk1fdpWetvL12vpttc/TfV/2+L62Ekfhfw1DkLHsutQkJkQoqoW2jIycDgggjI9K8G8U/tifGbxP5ivr39lWxL+VHp8axNtOOCylWO0nBHQDkjFfHS39uo4fLMAJEOGBIPIBPXJGQQTkHgH5sNbVVDfu4Wcbv4hgKR1AwMYHB49cnaesOpUlFRg77LRO9/d6vbrq9O3k3LTpZqzsrbW3bvqlf03PR9W8c+J9feV9Y13VL8yMS/2i8mcF33ZyN2F9i3Ungg4Ncy9zMGbedoAUdNzMe6knrgHDAnsQeevNtc3tw6CKNgd33U646gEKCWUHA/QYyK6vRfh/428TyhNJ0XU7xnII2wyJG2ewd1AA6dPbtjPRh8BmGJfLToVql7JKMZSvdxTdtd7pJP79bnJWxuEwqc69elTilrzziktt231Tf/AujOa6hVmLyshGML8oB9QAvbp+Oc1Wa+hJ3IrlgrEkdDjAGcdAT0B5GBng19DeHv2V/H2pqkmrCz0JCVDfbJ90uBn+FcjIUFucHv8A3gfb9A/ZR8H2UEcuveJZ7uaNi0sNnEAkmBkxlurAkYLZ3YJ5xgn6nB8A8Q4xU/8AY6lGL61bRsm10d3aze/n0SR8hmHiFwxl6m6mZ0ak4XXJRl7SWnK2lZPtpd/fc+AGuJ5QAkZJdhuwMk9do4OT93p1OOnJre0jwl4r15lXTNL1K9MjeXtgtZmU78ABm2kDGQW56ZA6Gv1H0H4UfCPQxAbHwklzPGp3T37eertniQxyDA9W4z1PHAr0jTbnTtKAt9L07TtMVFbm0to1OG4XkAE5HQgk+3UD7XLPCStLlnjsWoJWvCEXLT3Vy3k0ujV9NFvoz88zXxyyzD80MBg6uJly3jKc1TjzKy10bXbbbyPzb8P/ALLXxS1qNHOlfYY5AGMt9IsSKo6nYG3fKP7wHTODnlt5+ztqGm/E3RfAes6xbqdSiinuLyzG9YkZQWHXPyjj5iv3c44r9M47+7nch7mWUNtCHcURj8oYMBgHjJxgDOPWvnzxdGW/aH8OMdwdbKEsMggkRcLnJPIzxn5jkntn2My8PMny6GBa56kquMw9GfM01KM2ua6Tuk0nf16ateTkHirm+f1c0j7Knh6eEy7E4im4av2kIw5NZPWzeui9CxoP7Mnwq8MgPqENxrl3E20PcyMkbkEtlo1yoU7cAsBuGBjrn1qz0XwnocKDRPCuj2QXam57OJpBj7rhipYkYznIPqfmroru3e4mkCIw2yZ25JAHAwSxGFz2BI98clRpEhkZpFQKEBwrbtgIPITnofunt0xiv0TA8P5HlsYOhg8PCSSWlOLleyV3Ker29bs/Hsz4x4pzWdSNXMcXKPN8EZyStdb8qWrW1l67shm1rUZFCxT7CqKuIYxGFiXOQoxjsqrwTjr2xQE9w67nlmld2JKu7FmUqRyRx/ExC8YztxwCd+20kpGzv8wwfnJKbAW6sx47ggEgdR2qhe6j4e0aB5b7WdKsViYNIZbmJpCADkpGGJB253fKx6HnCiu+WIwWGfNKrQpxSTWqgtOVWerXdL3WtL3T1fj08uzrMLSp0cXiJ3V24zqN35fLv3WqXXcz4o5XiLBQ2GwFZWJxwFBOOSeM89R+JnFncIynBJbaBg4UhscMe3TqevA7jPA6/wDHP4YaKJQustqLAKywachZWkUAFQzqucqTuGRgbSAC2a8f1v8Aaz0+IFPD/htnlf5TJfSHc20/K4jUsxyRu2g5UEdSMDw8XxlkuHk4rExm037tJOe3K2lbR3d9XZ9T63A+HPEmMhFvCSw8Gk3Ku1TaTcbNp2ekn2vtqz6wTSUlZI5MMCASqFyOi524GFYZx23dTkVBNb2dorG5kt7ZI+WF3LHEURB/rAXZd2SQQp5OTz0r4Vn+NXxi8WyiLQNO1CNJF2KunabJyrbgSJtiqDgDncCDnJ44vW/wb/aG8ZulzqFnqVrbygEz6tqBjRwehaEPlTjPBBGOMYBz4k+NcXWbjl2VYzFSbShLkkot2STat1Xz21Wl/qaXhjhMPBTzjPcHhY3XtI88XOySeilJK+z2d9tz6svvix4D8LziO9123leNJJW+yETSMdjgRYBKqASNvJIGSAeCPkfwn8c9N8Ea74z1OPTptSXxDeiawJkCGJQ7lWcYydxJGD64xXolj+yLqghlufEvjC0hmit5ne205fPm3RRs+1mfBCk/KRnqcrkYrg/2dvhv4T8V+L/Eth4i099TTR0nS1ikkKr5kUrIHcADKkrnHRckAjgj43NqvFGbZvlUa2HhgK06k1hnJ3auknzay2VraN9tHY/QchocGZDkOcPCYiWaYahTpzx6Vm5JNOCjZQi1J6tc1mvXVdS/ac8aapO0Xh7SbayEoKgW1tJdS/Mp5A2kby2CDnggc+vPNd/tA+PX22sHiNoXwCoR9PhwcYB3FOMHnORg9MZr9D9O8G+FNFnCaV4a0mzMICidLKAvnjbltpyw28kdQB9T1Mm543EMojUYTCxrGoK5B2bVG3gY6gH69fssPwJmmJ5amaZ3iJqSS9nQi4w+zdJt7aaPlSaVmt7/AJ3iPFThzBc39j8O0IOLtGrVUHJuLS2jGTtrf4tEt1Zn516T+y/8Udfk8/xFqltpSthpPtly9xPglei7iMnnrjPBOOa9c0X9kjwXpyibxF4iv9XlUoJLaI7ISACxAcZbHIU4xx2HIP1SIjOjK5kbDhSVcsoKjhQDgY4O7OOufXN2G2URMixo75yqg5YFcHJbIOOmc9OcjBBP0OH4CyGhaVWlUxMo8vM8RPnu7xd5KzVuu1tLM+Qx/i5xNiXKGFdLBwkrRjRpqDS9213eUtE73urW2seX6H8Jfhb4eWMaZ4Stro4GJb1DcHfyPnM2cAlck5x174z6Rp1raWiNHpml6Zp0OVRDaWkanjGRgKMD+FjnJHQEcHbj0wF43JBXb86kYTJIPQD/AGs5B4B5IGK17PRNvm71JDbZDj5drMRwNuA2QeoOTg+hNfR4bLMowSSw+EoU3BL4acU7JR7Reu6vrd3ejZ8TjM/4lzSo3icwxM1K3MnVqNJ6N7uy01tazbtr05jfeyFyZHLRYRVAUArv/uj7vAOOQQOAR0N42c7bGdidyoflyABkEI7A846noBznIPG5HZBklJiIYynEhO4jBPBAJ5xxtKjOAeOaetph4onZiCNzfMOQvzAYB5HB4yOc7sCvT5qKVoRgmrNxstbKKvdW03+/u2eSqGKnK9erVnzW3m/Lrd3Vlt1bavqzANnGbiJGLMomjUKGzly2cFjj5O4xwenGDXyTYRsv7T+qrENh2smHBwMW/OSAo4GCMbuO2cZ+2lskVoZQFOZ43Ab5GCllUDd95gegII4yo4ya+KbZjJ+07qpTg+ZIpCg54ticA8kHj0xkEYzzXwvGNSNTEZGo7rMqcrLT7Kta9767tr89f1vwzpyo0OJYz1vk83q3dpumrd+tmnq/vt9iG18pEjbBTaS6EZ+Y4OdwzwCcndjA5HUESRSRkxxkqrYbLKcknOQBgcAgAjrgDgUssUz2n3yGZRt/iO0ckHkENnb/APXPJyo2O9EQkEFixOAxxxuGTnPHH1PHQV6qi5pJ+81ytXbsr8rS2193V+S6634rqnLSCUJNWXry62d9enV6u29l1QuYIkiJwAqnaBnOckg46N1GfU5781Sd0KvK/wB1FGwqD95jyo6Y6nOBzwR1zWcruTltwdgFTdkjg4JAPI9ffj8JpI28lUG4lpcleMOBjd+ORnAwMAeoNYyTjpzJrRLXXWyXW9tb6W1sk7M1U4yklt1Xq+XRK28lZatLS9rmzAyMsRKlGVcp/E3rnJ+hwBnI54NRGfNw8YLqxZdkhOSMgErjPXIxzweMk4NSRbhHkqilYlMYB/hA+cgLxn7w6EgNtwe+W06ySK25I1DOA2CfNPbJ78kc5wAB14Fc7p3k0unlreyatdrS8UrrZba2O2HMlHmajpdpq3w8ttbpPfb5t33uyTSR5LK207g/QFs85xyMgfeGM8Z7VH91YmyXAJZWQdMk4UdMBmGGBBxklfQUppn5iGQMHe+cgEkbSD69MAZxnPyqflR53CriVTtygRerFcEMQBkdOoHQHoMYqNOTaXL/ACpu1+ya3V/ws7bsTqJNpSi7pfE1fRpvXmW/RX6PXtv2pWR92cFdpMZGSGPOM5zhRyCMYHHYZ8x8fOp+JfgRMsubC5HODkEKDyQRwT0A6dB3rubeWZWDliOGbHyrggjKZ64bJzkDocZ5ryPx9eyN8TfBIJOBpd4xByTn5CQCQM4znggHjknNKyUqSasnUgrW6uSSXm9U/VmjlF0at3b9xUk27WSUV0tra27umuqufpHoH7YPwz8dO9nBrd74Y1a7X95oXiXfYyCQ9BFKw8hyccnevPy9PvUPi/q8Wp/Crx0UmtpRP4XvyJoZEnVgY+GWSJipBOe5Oee5NfEPiTwzofiCEQ6jpsF2oI8qdEWO5jx1dJ02sGx0bOR2IXNeT+IvD/j3whpGrv4L8aag2jSadcJd+Htake8tHtWU+akRmchSARtxnDY+6MGvwKvwLWy2cquFca1GFpOyUKqjHl6LSWl7NN729f6Bo8XYPNYRpV1KhWk1CKk3Om3eK5VLVq7Wjatotep8lWh+zum2QkygKBk9VlHGCM4GOnTOTxyB+1HgWDzfB3he483Eh0Kwdl/hbEak9Px3A4yeOcnP4oaCzapfQWkCCS9m83ZGzDmYSZYRKSABu3Y+7gYwOa/bb4XSLd+A/DjW8ttdSRaPbQXSW8ySvFLESrJMikshBBG0gdADnGa+m4LqQp5hjIzfLKeHgopy5dVJXv3b30vdJrbf4LxTw9WpkuA9nCUoU8Y20tbR5FZvydt9tUtbHSzeezSMI03gIqPk4IwecdTzjkfMcHOeq/ib8T0Vvjr4jVl2ldZnYhThR8uWU/eHPGD0HPqTX7gXKYQBU+7INwywwNvI5GQc/ePPcnvX4ifFMI3x28WMSVH9o3gABzg+UAeh4IIHXO0cgjOT6HGtpYfCttKKqu2q+Kys1bTey1S67o8XwjnKGKzGnyuT9jTcna1ryimkrbXd9bvTVH3Z+yh4Y1bXND8WXGh68NKvLLVUMcFxGJLO6VsZExJypLcbgOMhuNte/wCt3HijSGe38VaLKUXdu1PSi9xaMMn5nXIZeMEnHTPHOD4n+xnDJLoXjWO2uHif7XbMrBirAE4IyMdT6HI9OtfXlzqWqQORMqXMXzRlZVBDgqFIc/MrlhxzjIIB6EV7XDEpLJMLyy1tKLTeludv5aeVnpe9tPK41r0ocTY2lUgpRXs7TWk0nCGqlHXtpJO72ad0fkt+2dLaXkfhG6s7qKdDM4YozB05JKyKcMpxyQ2D2GMgVF+zObdvH2jpdGNoLm1+zz+dtMbR/Z8hHzhQpyVPQDjBxXWftz6TYm68I3djZwafNO1x9qjgAWORwch9gUKGyCM8/wB4jpVT9lbRbW++KPw7s9ShFzY6pciC7iD7WkhMQjC7+SOAcMSM/QDHyWcSvnWJdaCajOhzpa6KEYu3bRdbr8GfpXD80+GcM6dSTU6VVRd9U29Fvumlf57Lb6x8Zfs7aF4gSbVPDFx/ZGoszyLHHIH06eQEktGVwIN3BwMDJGBXyH8WvC/jXwboN5p/ifTTc6XdI1tb380XmRJKpBCW12MuC3TDEYXOOQMfrj48+B954F1jTpPB+vXMWna1Pcsmlaoxmtk2sSIopWclM84IUcsQcfLXxp+1ydRh+D0tnq1k1pcpqyojq3mW8siEYdHwu1mxjGVA4IbGM44mnhJ0pVKCcbq7s9HFcujWlmr+d9rbpLKMdi/rVLC1qka8JNJOX8SDSWicmm7X11a0e99fgr4VabYrqfhy9nDL5N1IWjyH8tFUdAclsH5iT8w9q+kLP4oG01HUrSWUXVtDO32VlJ3KoYDlRgliByPcYIJ4+dPhAc6h4agZnaSe+ltowRuUvKSiockZGTnCj2z0r6A8XfDYwX07XWnXulakN2LuKB44ZiehwQEYFTkgNgnkKc1plVZ0HLlSlSlCDlb7N1FO272SvutPNo9LM6NHFxVKs4qaUlG7tL3nZO27tpay6I9jPi2wvdIv5WmVWl0e9BAYA/PaSKoIOBgkrjqCDzyDX5veBUb+2pntirCXVWByBtwb0E574HHJ5zggYya90vx4l0izuLWUHUbFba5V7uNzHPGoicbZVPJCjHTIODkOOD4F8ObrJu3Rgrw6iJAzAlwBdKT9SvORg9Dk84qc0q0a+MwfJJSacnJr4l8F1brqr281bdHFkmFrYSljpNrlco8rW70t3Su7arlbvfza/WeSxXUNIsoJobdj/Z9uGDxBgMQkZKtkEHn6jGOor5+8V/DTQL4XWpaa9xoGsWtpdE6joztayBlRyEby9oZXBIdcAEHBB2jHfDxjr2mQQNf2Iv8ATpdNgkhurE5nVDGB+9TI3hB0K7h22isVPEVjqWnahNBcRu7w3W6JiUmwIXOZEbDDaxAPB5wTgcn66tSwmJoRhUhGdqL1lBXi0o2s7Xvdtb9Xbs/kaGIzDCYyU6dWpGEqj5uRtxtzq6kldeVndWvufnx4LhePUNW8+VpnF5dW8kpGWcsz4lJHVmK5PfJyeSM/s/8As+/G74cXPgPw54KPiC3sfFWk2iw3Gmag32OSQ7iB9nklKrIGzwASSRnvmvxy8DLJJresxkKFOpXco6feWRsY+bAPPHc4429D9uN8LfDXifwxol3e2s1vqX2RCmqWTG3vIWAGx98eGdQQCM47dNxr5DAUKsqtqLs406mklZNKUdL2ejb07NK72R91m08NWwDhilJQnKCc46uMnCOtnZOKvdpNPtfQ+0/2o9ctR8GvFzAoVutNjiQKUZWc7SrRuCVkwOTgnGORgk1+IOiXEY1V4wGBuby3UE/MCqbeBleqk4yCRzzkNX154isPijofhXU/Cj6xN468IXaiNrG/cvqtrEvKtZysxbKgHCktuIyTkgV8j6fFZw63M9uskYsNRgjEFym24jYuEZJB0LJnB6hf4jgc4ZvGo6cVVTjKc1Fq+yXLqmt1ZN66aa66kcN0o4b20aNeE6TcWnFe8rxSfNF6puzu3d9b2PYf2ob6C6/4Vw+1t/8AwisMQYcf6tSASu3OCBknGD93Hevn3Qbpvsa277SFY5kLEtjpjkZxg5GSflyAOa+2PjH8FfE3xH8P+GfEHht7YDw14ejF5Z3DmN7jemQ0AA+cjOSMjJ42jNfIl/8ADnx54X0iDWPEGiTafpc7PFHdMQqvIF6fKe/RDySMY4xXm865Ix524pKMZc1k0nG6ad7O+2jutEej7GMXaU4e1ak2tIytzJN2673vq7XfYy/DmY/FGlnOVGo2rHDAjAk5A6HpnqM4GBg5I6r9oSY3HxMvZIiTs0/T1CqcsD5KEk9ckYLZwB2IB4rgtFGzxDpDMzoPt9pjd1P70DPUDDZUHnoSSOSB2fxxgYfEi8k25Emn2JAY8/6peegLZ6g56gHjGKzqQ9y7u1zWbfa0db6WSW3366I6qXLCDSnum1druknZNuy1VnbRN2Wl+DjM6W4KkFt6SlX6qeAe529ecHPy46DNe/8AwIIb4jaNGVxut7ggLgAboj04zg44Pc8n1r59YEWU0knEkYUqDncwyMAkAk57g49QOgr3H4BXZk+IehSqoGUnX/a4hAUAnr3JHOeW4GRUYeN52SXLJq2791NJtK91Z28l07JzqRlFJP3nbRp7XWz8rp7pqyZ514+t7X/hM/E8TvslTWLlgHXliJG4BOeCP4Rkk4OM4xm6XaiJjIGIcxEcooypAIYFgO5446jB4FaXxMlceOfFB8sO76tORgHOQ7dTjr39DwT1xVXSrs3gW3ugqlYWCOG+dQBx24xjnGMkDceRWlpppp31Wlu2q2tvs++m2pE1ONk5J3cW0vla7torXt5vbXT6L/ZiyvijXVfDB9Huyhb5gcJIeg6LgHd7H16+X3erarZa3qtzZXckMq6lfRhIydhXz3bG1iBzkFfoOnFeo/sw2bXHjTWbeFgSugaiV57KkjZHAIyO34DnJPiGsxbdU1cm6QyxapehkLbWBE7A/MOwAPBx0IGO+kpRlQjCcOazk9tLO3Rry16abq6MoSq0sRKcE0nGm9ZRu3108nrZOzXbr3M/jK/1vRotI1aKOWWO9WdbwKN4YIAQQCSSO+SQe38Rr7S+AESj4SeObpdyP9lv2Ro0Dlmit5WAUHjJIPB/uglSM1+ddlKyTrkhnlAH3sn5TncSf4u55B4HGWIr9DvgDqE9t8HPFcm1Wjk0/VGYEDAZYJFJJGSSeCCMenK4xNGMIUJRpx5fejpd2S5qd2l53v2V27K0brFVpzrU3Vu7b3sleKiur0fK7p3+R8OtqDXGoT6ibQRXIZhI0m47wGYAlQMLwMleMHjPJNQW2pS3erWBMQ/c39uIm3cjMq5AB9xk7hn+7kggdJY31nONrPbu87HzIyAD8zEdeO+fXBPtmqdxpdta+JdM8gNHHcalaFV+8ikspO3Py44I/AYwcVx4pSjC28ZNN8z25mnvt5t7J623t14KrCVe7U1NXUm3da3aTSTWurfmmvM+4fiTLJL8FNUaMMrRXOmtwPlLqibiw3HIODg4HJLL2r5Y0TxSLBXtdTH2/T760Zr2Byd0TKCsDxOQSoBKkqMKVBxycD60+IFvHJ8EtcaIOsxubHy05PmLEI1boMZ7gA59M4GPii4tBKsjBvJkOnBmWTggqMEY9zkbcDPpk4r4/NKdGWMaqOMpKMWm5JSv7qT1u7uyba6Nv1+7yvEVaeHh7NySu11cZJ8qV1s+1mt29UtTsbzXrK58O6Klqxjv7C+YSAnhLYnMKhiOAQFGeRk+hIHvniTRNes9P8L+Ibto5NF1XRrO4jmgTMauqgNErr/y0Ugebt27SOcE5PyRJCV0gxsQk7JHKgPyl1T5ckYxuxnnAwCQeMk/W3wp8SXfjAfC74f6/NcHSWuL+xs7KMgrdy3mVgTc2AjGcx7c8YwAAOK+azOEMJRhi3SVbDYb29XFJpSl7BUnUlbdtxcbpdVdJLQ+lwNR4ycsL7SVKviFRp4aUdIe2U4xjGWuilzWvZeTva/pnwj/AGqvjH8Btci1T4ceNNZ0+O02SSWC3U82lToGGIrixkYxEMRtOMHnPXk/s98I/wDgrp8G/jDolr4H/bM+Eui61bTxiBPGOl2cRvrIOoie52BQ9u6ks6ujMw5IyMV/O3438P6x4L8ceKPCOp2cun6npF/Lp9xazDOzy2LRhweCWjIOcY/DOOW86SSOZZFLSW0bhXjZQQOCGbBwQCBtJGCMncCST8bxR4F8B8dUaebQwtPLsyr0YV8PnGU2wmIm5xjUpuUqSUay1ulUjLd2aO/LfEXiLh2vPAYqq8XhsPVlRng8W5t0nTlySjSqX56bVnonyW0cXsf0zfE3/gnb8IP2jdFvPiB+xb8V9B8bW8i/2hF8P9c1KCHXLIOpZrSwmd1upJ2OEWJo9oyoztOT+Yfjj9m/4rfBm+udP8Uaf4h8EeILWQtNpGuwzpp9y8bEbIb3aLeRWA4Ac5GCcYr4q+FXxO+I/wAMLu08XeAPFviLw9qFpcRP9s0m/ntjvR8gOscoSQLwGVhyM5AIO39lvhN/wV11TxDp1n4D/ay+HHh342+Dpkitf7Zewth4l0+JlMctwG2CSe6RTuWRpclhkdK+Ao4Hxl8JYqGCqT4+4apS5lh5S9jneHorlVqTm5U8RGMV8HNzya0UT36lXgXjjmddxybNpK0pOMIUZzSSTnKMYQk27e/KFN2V5SZ8B+F7m4u7i7Gu2ENjfz8RX8MyrDOysysYmLBB0zznPTvz01xBcwyTNayrcLFhmaNt+7jco2rkKCAWLYIOCCecj9BviN+x1+y/+0r4eTxp+xV8ZYrTxhNcR3M/wQ8bX0em38b3Rd3g067uHU+arnZDbxHH3V7V+a/i/wCCH7Q37P8A4su9C+InhTxBoUitvgS7t55dPukz8n2e/jV7OVG5wzTZYEkEjGP1rhPxp4X4lpRwNVTy7M6ati8szG2FzDD1NFJTw1ZQnJKV/fpqcZbxPgM58Pc8yupLE4Sq62HlK1KdJc1KpFKPI6c4N2bSTV7q70TR2mm6rdWslvqKPNZXcDLJDqGntLaXtrLG2Q8ckO0h1OCrZY5AxySR+l37OX/BUb9pD4FR2Wnahrg+K/gi3MMcui+KZDLqltbBgCltqkgNyrBSAigY4C7gK/KXTfH9pK1rZ67Zy6I8jiKS7mTdau4bBBbiL3YDjHU4xXqVrpNvqRM+nT200OxWFxaTLtcY3AMke4EOW4Pzbc5HBFfbY7h/IOIKPtKSoqpJJqpScb6qOuiWl77WTvZLRnn5fxTxBkc44fGQqVaMGlKFeLkmlyppNvpfS2vRa7f15/s5f8FOf2a/j6tlpeo6y/ww8a3Cxo+heJykFnPct1jsr0lUdCwIUyMoHXgnj9F7S4huraC8srm3vrKUB4ryymiubWRHAYGKeJ3QhlIPLHGRyciv885NUt7bVLqyhmuBLZSBidzEh1wQqygq6uDyCCDkgbTjn7x/Z4/4KB/tA/ACeyh8MeN7zWfD0TxJN4V8TStqNl5YYb4bfz3Y2wZQUR49xAwc8V+VZ1wBmWXudbB3xeHV7OCblGOzvZW0W7f3n6ZlXFmU5oqcJVfqeJdm6db4G3ytcsm24p/9vaPTWx/aaJ8lQrDaSDzjO45yRkcNxnHfIAOOaaXV8KvA3dSMBsgAj6HHIHB5IBPX8qv2cP8Agqx8DvjH9h0L4gMvwv8AGFx5cTtfSrJoN3ckBT5N4w+QvIPlGFC525IUmv1C03UtP1ewt9U0fUbHWNPnVZYb3TLqG7t5Y3CtkPAzgHGCA2CB8pGenwdWlVw9R061OpSqXtyzi4yT0V1ouZNdU3uuh9NKF1GWkoNLlnBqcHdpvllFtaWslZ2tbqawizkhQBkjKnPHYDAzjtgHnoOhqMovZRu2kkgcZxnHAPJPIJIxxkdCHxzKMjcAvBIJ6dOSfU+vGcjnNShwfmVtoHQc8AHqMknBPBGP4vQAGFzLq+miulvHyvro99HbeyvnzJNct1dddL7adu3S9731RTaNxnIBIbJ4C59QAo689juIbgYBpPKbaQ2zgZBHBycYAxxnhQR2GcHIObrDJbA2j5SRkknHJHTvwQcDcevBzTFjUszMQwPA56dcHkcHkZByffNdMKs0tHrstFe7Su77Lpv5+dobTbUkn6WWiUbbW1bbV3e5VMTDHQcglz94A4B9flHXjqOuaiK425w3QE88huACCCBggEjBxgZx3vsFzuB4K45PB7AHORxweSAMYJ5AMRjY4LggbiPlGQCCMEjqe5wOpBPrXo4bEp8qmrNqOy2skn2tdO1rWV7PXblqe7FctuW+vNrLV6avfXV66pa3e1UITkHHsScsOeCQBgMeT0HOeQMZdt3YxnBGMEkHOevOMNgnJ7njk5xMQAOQQSemdw4GcZBOQTjBBx6dKHIB5C4IydvGMZ4znv1yOx6jgV3KpzJcrvs72s/etp0679/zyavHTe2ltlt09Eu12r3TuVTH82QMDaBgAjg8HnryQcjqfTtUbheOcgHOQc9eDjoDye/TIHINWDlV4J6jnGevXcc+vIz+J44Vo92QB8xPOAGAIJ5OemBk846njkMLTkrN7Xs22n27PpZ993frdRi07u21l+XbT79PPchQsQGKcE9z90AhQT0HuPvYxxwauoisclyzLwGOef8AZIOOVxjr1HA+YgRBSpwhKrt7jgdeckAk9yew46nNWlVQyjep4BA24AIGeQMDoOMf3cYzS5rqy0V+7utUl/la++24SUlZNOLWy1vb3bJq2z91atLXRkgBUHdjkggKR0GSRgkEYAA9APrtqSNopBlWCsTgl++MYGMgAYAB+8cnvTVGBgnPT/eLc59eBzj09s1Ii4GSFUE8DABHHLZ5A3euBnseoqoq2++i+Wmnbpq195Dj717O/R9NbdLtpJbq2lr9JWuRfeXKoRnn5sAZUAcDtzgDj265GtFkjYVycgEqT1JyeOeQvQ5yepNYq7Twg2FQBuGTlfTnAx8vI64xn1OhDIM/KxJzjHGc/kRkH8COnWr00WvS7u9X3t2V3prp0Faemm1vz6We299brR7LT4G/4KuKV/YM+NPlAlmh00DnOSZWBxx64GM8HkcnNfwtabpviu8do7DSbSZY7eAs8suCQYgoLA8ZYdTnGTgYwa/ur/4KnlW/YR+MxP3FTTAWJz1mPPpwc55wQMdQSP4ufArQm5vMMoVLe0jGclfmVfmHbsOeQMEkkDj+gvBzllTxkXUnG8oxUoe67cqdtn5X07dT8Q8YcbLCZZgZxoUq7+sVbxqxcl8NNPRNNvS+rtZ6qx5rF4Q+IZtjMllpFuuwvl5d2QBlsqF+XPTIPPQDgV5VZ6F48v8Axpr9nZz6ZFdQR2n21ioaMRMwCiMkgbgCc/w7s7epx99z2yCzuEG0j7K+08KMhcjGSMjk4AyDnj3+avBqxj4leK2ldQkul2zDeQFLJKV4IzuIHA67ucda/a68acamEgq1STnXs05pWSin0t10bfTR21PwvL8zrV8LmVSWDw9KVHCuUFGk0m1Upxd+a91re2y3sno6mm/DPx9JFm61uyjHmDbtRTwRnbn25GTyMlR0rbsvhdrrfaYpfEmxguSsaggNkBSDwMYbPB6EcjoPc9PMSW5L7DhwwZnOSAcKOp46fQDI6cyWzI91elDEW2jaE5O7HQdBnrjacnHODkn0I4ekpQv7TlaStKTb+G2uq63W7avfY+bq51jOXmjTo01ZKVqcFZJJu28e1ureqvqfnp+0boN34WvfBlpdarcamtyL243TgIImSJoiqYySDgMckN2Irxf9nCxS6fxjhS5OqPsCgE8sPmwdvHA47gc5Gc/Sf7YDP/avgEIiySfY77AJJ+ZiwGehH3uBn0yPX5Z+AI8bGbxZb+GtDj1Fm1CVrqV7nyDAwYlQCq5ZTjk9Dj8vg82k6WdNRTly1IqMYqUm+alGVrK/Tbotrn7Bw5VlieHsNKU1ecHKU21CKtVfNdpculrd+vW56L8XrSbTtDtw6YWTUpdq7P8Ap3OACMZXODtwAMkDdXhv7NN3L/wsO6tYojI86XCkFioCpPuOcHqOgyM9Dk9a9l+Kmj/EmXQReeINLtLTTrC6Ms0sd35sqyzL5YAQjJG5gM88ZOe48L+BPhrxnd+LrqfwrbQPf20Nw88k05hCQtMQGXBLEhjgkKeMjJrxpzms4w9TkmrSjKMHHWy5Va0lprbTyd/L3uSE8oxFLnpyvTknKLUoKScX701fVLdP116/W37TLyx+H/Ch8hY2e8vMAnB4t5OAWwccYHfjk8AVxP7JFzOPB3iJVaGN/wC3Pvu6LwMngseq46ZGR0wOKyfjJ4X+JdvommXPiy7t2toru5htYxdNcPHNJFIxJjIUAFTgEkZOehrzz4CeBfEmu6Jq/wDZnihtJtk1VlmgTH72Viy+bkYwy5J2/Nxj5s5r0J4qrLN41I0pX5XFU7packV2StbbXbzPJo4SnHK3SnWSjzRvNX5H+9d1ort3fW3zvY9m/aOnL2Ph9XufMc312Ts5UARSEnjKgHgEjB6Z7Vn/ALL3iy40fwD9mha1RV17UFaSZsEl5GGATxnGce+eucVzfxT+Geu+H9HttR1LxTeax5dxJBBA6q0CFoSSwdn3DOcHjjGMErmsT4FfCxvE2h+c3iW70yCW/u4mtLdT5ZlVsFwQVOQe+ck8gbhxEZ4h55KcKf72dP3ocy6qEbt3t0WifY3lTw6yeEak70/aK01GT2d7Wav11Z3X7UWt/wBsW/hALcQSSJDqZk8hsqu7kk9u/Bxz0PSul/Zs8VHQ/hhp1tJLFsW7v90ZaPeytKwAIZgy+gIBPQnOCD5V8e/hpb+CYPDKrr2pal9tS9WSS5LAwiMjiIFmJyOG29mHyk5rufgD8JPDHiPwTa6nd3Wp+a8t0pMd3JHboVbAxGp2YOckgZIwctTo1cVLO6qjTUanKlJc6urKO/8AMm1r3Te1kZ4mnhXlML1JezVSMoyUXdpaaJtaa+t9LI8V/aIvo9U+IdleR3CzBtIkbAdSF/dsMMysVyuSBg84C9SK+nfg/wCI9E0/4beFY7/XNMhnGlYeB7pBLbku3yvGGJ3ZPCNjPY8Cvmv9ofwT4e8HeILC201boxvpVzNK9xcNJvcBsMjsSQoyDgAdASOgHtfwt+H3hHVPBfh68uNJjmnutKheV234ZySxYnJA3cc4wM9MgYjBrFf25jFHljNxu+aT0TcHbZtt31v00uaYmpQeTYJP2jp865LWTbjtzJySXM9F131108L/AGm77TNS8Y6VcaXqcGoQxaJEjTW/zIjs+GHHXg8gLk8dBxX2F4D+MHgnw/4I8N2EmrCS8tfDtrb3cfkySRxyEDKk7CAynOcbsg8nJFfHf7SHhzTPDfirSbTTbRLKCTRVkeNB8rsxXDk7jndjvktyf71fb3wn8OeHrzwD4auJtG0155tHtmZ5LaPzJHI5dmZeWPfJxycHHTfB0608xxiUoRqN+/KV9WnHRau+/Tu1vvhj5YZZbhJSpzcFKyipKLV4q3NdNXu+l30b7fnp+0D4h03xJ8TJ9X066ee3K6Z+8eN43YxzBnKoVB2gLxgHI96+27P49eHv7Ct7K2sNdvD/AGdaWz+Xp0gKEQRoWVto4JBAOdoXs3G35B/aXtrbSfi00FtBbxRR22lhUhjWJFzOn8K8bueSRlhnJ4xX3Zo8FudDsWEFurPp1lkCKNW3GBcEHaWwexHTB6nOccHha1TFY6Crqm4VEpNJvmb15ldrtp1Slub4nE4eGDwcnQlJOmnBOTTi7QVtIu+mmmr0fmfnz8WtQTW/iNb6hbWt/BDAmnAQXcIiuXKzK4UKTnD/AMJ5UNxwBiv0Z034j+KZ/DUum2/w31iVbnw+LOGe6njhUM1mEMvyufkx85znIwW218F/HmNoPitCAME2+lbmfCkfv0BUKAMnAHXJBA5zX6VeHZbc6DYLcybv+JPGuC4AP+hLjJ3ZwTwDkkHhcAV0ZZhZKpmEfbuNm4vlsua2ju3e/V23XrYjH4uHssvmsNF3ty88pWjdw2cWrtdn9zdmfkXY3erQfGLw5cw6YftVrqU8cVrI5y8guGZ08wYUKp43DGcgjAFfdlxq/j+crIuk6dH50hQhp9pU7iCGwCeMDI74z7D5AgAb49+G0VAkK61fAsSoCoLl+/QADGT0GOASa/Q+6fTI0kWT7NhA8iMbmL9424lCCHPG7jsRjkYFc2R5dCvTxs/aTg4VpJKOifupq7um9Hrfzstis4zNYeWFjGlG86cG9G1G8o+dmm+61bPz71dtasPixZSKlmNaj1+Ca03tm3S4crsDE4JXOOucnIz2P3BczfGrUrGaO6n8ORQTW92kmI9wVWhbcRgDBK8gnODyTg5Pxz40miHxo07BhWFda0+dpCV8oKzIRlhkELnII54Ocniv0Vtdb0j7I0f9pWDKbK4KL9pUh38thwFzz14JPLeoFaZNhacqeYKU5xUKjUVGTSdkrtpLrbVJeu7Rz5tjJxeA9nRhJzjBtzpuXKuantbvq1fVW69Pzn+F2h63J8UrWCy1OHT9QZtSU3iwLKoYSP5oWNvlYMxOxuCOxbivta68IeKBYSSXfjO+EbxyowtLSNPMXB3opJIBIJztJI65Oc18g/D3xLpulfGO2ur+aK1tUutYVywLqN80hGCqnrwAV568Dg19oXvxH8NXVuYF1BXjNvN5BS2lwJGUqMvs+6SFHH3Tjnit8go4SpgcXUqtxqRq1YJczX8tna6321t11buTm+Lx0Mbg40FLklClzP2cWlzOK3auklr96bW58YfDvw61/wDFltLTWb7Tt7aiYr6AbLshXdjkrgkvkbuevYDOfqbX/hQjaJq0k/iPxBOkOkXkuWlby7lo4nZVlGWLBsEen4Zr5m+HviHTNN+LqaneO5hi/tNT5MWZnZ5HAZUzkA4xnGR3B25b6+vfiTpd9pGqWEVpqcnn6PfxwyPCVjiDQSBTI3OFyc5yM4wDmuLKY4WWBxjmnz+1rKNr20Scb6231ad9La6Ho5nPFSxmEUJuEfZUHJqzu7q62T1a2urfPX41+B3hLRvEni2fStXW4mij06UoscjxMNk2352TkhgAT1GeOcZr6s8SfCDwPaaDqN1b6bJLPb6fcyK09xI7o6xsUIJxkA4YYOMgdjx8k/BfxJJoHje6ubfT59TnayuY/IhkEbDdOzBmORhVJAbHbAB7V9Ya1461+/0XVIDoCQRSaZcqzz3H+rR4ny2MHcyADHHVeuCRXq5BDBvKsQ6lNzrP2vK3Bu1ktXfoum7tbyZ5OdLMHmeGdKty0EqDlBTaTblFNWund/d52Z89fs1aJpGseLfE9vqNhaX0drpziMXMYcREOBlcg42ggAg9857j6m+IXhXw7pvgbxFcWOj6dbSxaPIBJHAm7DsPnU9VJ2txwQDyO5+P/wBn/wAR32g+K/ER0+GCSe409vMNw37pQZQWwOe45yQepzzkfS/jHxN4h1jwp4pspjYLB/YkjytEAzHGCfLIyAxzgjsO/TGOWKi8qrudKMpqVb3uXs7q19bJauzeu/S2+aSxP9q4ZRrSUV7G6Unu0m9NE+r16W6s8p/ZPFpLrfi/fBBNHFYwnEsCShMnHG4cZI5OBksTg4xXu3x+ksx8NPEYt1hhC20TZit0jztIY7cISWyQucnq2OtfI37Pt5ro1PxSml3zaYDaQPLKsCzCRRkgHJ4JA6jIwMHg8eyfE06lc+CPEo1DXri6RdPV1hW3VYpGDBlyVOF5wT24x6AelgJUlw/Vi6acnGp7z5W7WWravJO1t7LolszHMITnnNJ+1tyyoNRu/K1tGr+vR/Mb+yPBDfeCvELTKriDVEAZo1Y4Y8qCwz17H5R8xwSefT/jVZwRfD/xQ0ZWMpYq7KiKMjPBbjhmwe/GOeRz8o/s9xavcaLr62Gq6nZwLdQs1tZEhXck4ZsHgg9snscE816P47TVIvCPi03Vzq9xt0/JW6lJiPK8sp4II6ZPbnqtPDYia4edNYeP8Ga9olF7ttPS8or9fkb1aFN5xB+3T9+m3Bp6v3bPS6V9lfW/lobP7JjiHwt4gkd0iRNUjwHmjiDA4BIDEFsLx0IHpzXoH7RFxayfC7XTHPA8gljAjW4jlfufuBmOABnJBxjjBr53/Z88O/29ousSmG7uXguoQEt7p4YhuIxvVSAz5AIJGSAMZ7ehfFfwZNpPw+8RXb6bMuxFCzS3Mj4fqSQxx8ue3fHI615jo15ZFNqMVD2cpOblq4prS1tbNNWd/Xc65Tw9POIJ1W6jnHmgls1GFnfbonr0OU/ZX1OGx8Ja/wCfcRxM+qgrHLMEZgANzDJBPHoM+i9BX1gviXw4UulfUrETyW7KqvcIzMwU8tzjcCSAe+OASePib9nbQV1bw7rNxJYi78rUQgZiUC4AyCA2MZ4DYAxwQPlz9DnwhZRzR3DaXagsojLNyVycZI5xk9M5Yk/MTnFelk2JxNPKaMadOMoqla8ru93pJJRVnZ9m1b5Hj5xhsPLM3OpVmpOcXypJu/LFXvffW3y1Vj1W+1PS73wFeNHfW892n2VTGs4Z1US/KFBYkA5yFzxgnHArnvizHZ3fw0Q3rxJCDZAmV9qodqZKv1DY6MOScdcYOTqvhuKw8C397HFBGY7u2MskSFJARMCsbEkBl2nquQufyzfjNBYax8OdI0+e5ltk1K5060Zo2KRQSuqIrMEP8TEHOTnJzuGc+ZjYVJ+0kklN0k9N5N8rv0tq3Zrom+6Pp8vcFRipSvTuuaV7pLljq7O10n89dNEfOuk/tLeI/h0dT0vwn5ms6eka26Qay5uPIO0KWtJzl41znbtyMccduH8f/GmLWbGw1bSfBllp3iOUu/iLVdQuXvmu3I3jbHKo8qNRkKFzkcZJ64fjT4c+JvANvcXOt6MX0tplFnq9kj3VtJGQDGZnVQQzDDMSpCndxjBrx6+uobhUYPlJQPNI3BR1wOOAQCCTwQR6Lx8ZiMdmlKpKliJ1aUI3cU+aLirxSs3rr6Xa73PYwuWZRVbr0I0as5LWpBp3d4vVLRa7300tvey6/wCM9X1aRJ5JbcxoAfKt7ZI4hIxwW2KMBlBwDyODkAVU1Pabe1G5pJZESRnDhSNygGNwAVC7vu4PPPTGKwbuKAMEgkKq4PABPAO76lgTjPI9xwKEmWQIodmdBsYk54U8HngcgqBzg464BrilinOMpVJynNqyu+nurZ313XbS97anc6MaOlJRilZW91b21V7Ltbs7a6mLFbRwaizujO0glJUsCAGBAAxgNg4wRkDnPQ4qRku5HyY3MBhVJIQlhu5JGB0HAzjnaK2HXN3vk6FJAADgd9vUZOcAdyPXFZcKNHIu5RhmYg5OR7g9D0APAA4yDwK4ee32d+VL3UrbWesbq97rW1tEzopy/d2kouySVraLrFpt2b3suza00PW/gXptlqfxK0Gy1G1ivLW4Nws9vOoeJ8xvw6kY7A5B4yTgNzX1v42+APw31CSWa0s7nQ5DG7F7KUiESA/e2EBcZOVGe3Toa+U/gTKbb4l6DcbDj7VKoI9DEV5A5wRg54OBxkc1+jHiKRbnT9iPEzEO2W+UgFweeuccj5cLx61+qcG5Vl+Py2vHG4anWtUSXPFOSvGDVpX5ld3tqr669D8m4yzrMMvxuGlgq9XDvkd4xdlJqS3S0le/by2tf4G1X4E6rBrv9k+GNYiu53sWvYjdt5DsikgRAqT8x6A7SWODnGN3KX/hf4peFHVdX0W8mt4TkTorXMWzONySJudQVHJAye/ofse1iSL4h27MORozKTklTnHcElsngjgArjsK7+dZGeJUkLBhhVkjDLtJwFw5wSMHB+Y/L2yDXZLw9yrMViamGqVsFUp1eSl7N80XpG14y7t20d/kkzl/4iXm2V/VY16dLF06lGE5yleM05NLRrRbLdW7qzZ8N+GvjL4u8KzD+ztd1zQnQkeUlxci2LDkhoJtuQuOjDp+dfTnhH9tn4jafFDb63Do/iyzyqlpYVtryOMYyFmX5hJtHzEn5jngGrPjnwz4fvvDev3N7oVg95bww/Z7pLdI5Y2Z1VnEigHkZHHcknIFeZN8BfCuq2lnc6ffX+jXMllFNI24zQGVkGW2sw2jK5xjI9ckV8ni+B+IMDiZU8vxUMTKEVUtzOEuVtJJxk+VvS1rpOzsfXYDxHyXG4WFbMcPPDRnUdJuUOdNpR3a96z0vZX3tsz7U8OftdfBLxKFtPF3h688P3kihZrl7dZrdHJAaRZwA2Ac8LnnJHcj1zQpfhF4s1WG/wDB/izSJzdW4gntjeRwSNG/KqsU+3D4IUjpuOQBX5Laj8DPiBpUUs+lXmn65bLvKRucXBUcY8skDdnAbnIOT2zXnjt4m8MX4TVtI1PS722Xe8th5ySQ55EwEJwQT905OR9cnzK+L4mymUfr+CrqKaXPyO0l7qvzRTje1+v+Z9Dhv9V87ipYPF4dOaTspLmXO0rOL5ZK7bTv3P3g1f4eCGKzlsJvKYuxWN2VopF6Btyb1YMP4enBY8DcPMvFvgLzrJzqmjrIi3kJNzFg9GGShVR82COM4ORxnOPzT8HftJ/EPw28cemeONQmiiMe2y13zJosKeIwJTwew5UcjLA/d+p/D/7aOo3toln4z8N2t9DvjJv9IuI423KATL5CcM687cdMEHHJPZheNIKXJUqVqM2ldSvZ6x0vutdrrWz1s1fkxXBdKr79FUK6TukuXntZO9ndvySv1uur9puPhhojsZrXVLjTkKArG7M65VFyJFc/KNxHQA8gZArir3wZr9tmTT1ttQt4Jyy+WQksgUE8gcEEdvXr8teiaT8cPgx43ENumsnQ7yUKssOrwiP5yACPOB+Udf7o/iwSK9WsfDemanEreGtTtL+GQhz5dzBOrBhgNEA5YqecjbkD1PX7jL+MFOEeXE06vNHlUXOLklokmn1uuuu+isj4TNfDyEpc7wTp2fNzQja/wpXfbRPS73vqfCGl6hd6ZPqQuLW5tH/tSeYyrbsyqfulS4G3AJGMndzgnjjp4vFb3JEXnpMmXLBgEcE8MBkKcEbeTgjJz0zX1bY/Da+tYtVjurOK5gW9e4bEKzGVHOcCMqSACfmI+XJPTnPLa18KNF1BGlj0+G2dEkZ1RTbvuYZOcAA5xlR8w55OK+iwnEeHdOnSkndO7ldNWbV1vZK9k3d9OqPj804Hxbc6uHqSg3FXhJON2oxulfTfS9mt+1z5l1vVEnm0UDKbNTUjBDAlVAyCScgYOevTkHGT2y6nAcNKsUmTICx+8c8kkEc/MvzDJPfB+U1Lrvwl8p9Payuri0C3hMTTgSxqcAhicjcM5wzAAY9BVGbwH4stfMki+y6jGVcAqSjkKTyQcAlwD0OThc4HNdWHx2FniMRJVLKo6bTbv9mK16pbJX0ttZq542K4fzKhhMJF0lOVJVOZx2V5Ll08k276eTZFqN/BJYXUcTgEWdwy7BhsNGTgqOeOFwTu3dB0I47wn4f0m/8ADtimp6dZahCUunSO5gjkIZ5mJOWBIxkAHHoCOKuXEOqWENyLzT5rYrbTq7+WWiZimPvche2SCOm3OCRUvg+6tV0zTkmmSCQM67HJCsTIxzhu3Uk5B9Mc10VIYXE4iKrKlVpOjL3JRi4vWG7tpf02vbVHJSlmGEws3TdehNYiFnByj0aTTT2u3pfponsuZ1D4B+BddaSf7DJo0zrI6NaSnyiQrFQsIAQg8EDnPPQjj5r174R67pKRv4e1Nr61uLm4jS3kfbKvkOyspiPyt8qk9Tyw43Yx+iMX2KVGiWSNGVGwVk4wEJJA7jjj35Pt4JLGIYtIZSG2ajqYPOAczSEYLcEgEkD34xzn5jMuD8hzOfKsJHDTlzWq4dct2uX4op8rs32s726q312TcYZ5l9N82MnioQlBuFWbqKzUbpXfMtu6td91b4/up/EvhyS6tLoywlYYpLqzeDZHc7CrKXywDbiv8JJB2k5AIr0LwX8Rle9tdS0ye48M+IrTY1vdWty8BkkQAId6sFZSR80ZJyMZJyRX6BfDD9nXwt+0g3jbwjq16+ja7D4YTUvC2sRIrLFqETALBOmR5kE4Cow5K7iyZwK/Ob4tfBLx98FPEGoeGfFejyRXNhIFe7tFeW2eBjutrtJUXMayRkN820Kflznp/P3FWQTynNK2FpSnWhSScKsVaUYtpxbtsnfZaeq1P6P4O4gWaZbQxdWMIe0XLOEveV01H3G9WnbTR763W36vfAz9t+2lmtfCnxyjFsJPJt9N8Y2sQ8ozAqsQ1FFLeXu4zP3y27Awa+2/EHw80LxXDdeJvD81herrVgR9stJ0eCSF7dvJu4HgLBZRlRKhwxGcnjA/mm0XxLOfKsdRBuLVEK/aHUtKnyEESA4EiqcAjIKkZHTn7A+BX7T/AMQvgTqEY0W9PiTwfeyol5oGozfaLUWzFfOGnvIXaznAPyooAcgBmPIPnZZnWLy6pGNRy9mko+0Tt/LZTTa0ttdJ9Hpt7+ZZHg8ypSnRUeezcqbslryt2T6ptWadm9F5/on4f8O+IvCK6PoOsS7WhudVm2FneG5tpDIsEkbngM4cfKDgHIOa57w9FpWo/D74q+D9e0W21Wyvb+eUwXNupa3McMriWCRgXhcMobchGeScDmvqP4b/ABQ+E37SfhxW0W4gtb7Tikt1pztHba3pVwSGkhEZYPNArkHcgdWUEnJNcNq/wx1Twfe+NSY2v9I1FLi+ttQUMJXX7NIDFJGgbbtyB/tZ5Iwa/RsJmuCzfCyp11DmlDmhJ6Kasr+Tu7N7X67H5jjcsxuV4pVKSnyxlFzsneNpJ3Vr6Wtqm01d3PyJ8bfszeJNP8M2Pjjwp53iHRZre61DVLRQPt2kwwuQcKPmliTIwRkngEYBNeGaLqggtHW4Rru1eQrJC4Zbm12tt/cMRvRge3O4glsZyv7N+FD5Xwl85VEcNxDqGn7ogPMj33qxHzYznrvw6njGeBgivPdb/Ze8DfFLwp4lvoPs/hXxVoJjj07VLdVh0u58mKSaZtQhTajGfbgynO085wcnxM44PcsJHHZb7ylT5p4dttO/K24Su031Sab/AJfL3cn4rVPEPCY9cvvunGvfS+iTmm3sn8Sdn1Wtz4c+GfxJ8T/DzUU8QeCtVmS2JC31jIzSQXMY2mSDULIuUYgAjzlTORnqBn9Y/g5+0T8OPjtoM3gXxAtroXii7s3gex1EpHBcOzqzS6XeSqPJLOpwrYIA4B+avxZ8QeDfF/gOe0vr21m0+0upZUsNTiDSabqy28pVmilA2nzduMMcjPIycF+ka3/aVx9sglOhazE6vC8chjhlkQ8SRSKQY5icHAOexJbp8Tg8wxuU4n3OanKDtKFSPLdaN3T6NPrun2Z91icHhc2ocsuSal8MotS2UVdSSt9pKzTfnuf0N+Ivh9PaeLPhhfQtG2kadY3emT35Zne1uJo9kUZcZDI4wqsCV64x8teUWuhzWfxj1dEFnNDJ4dkhuYmCsJiwmAfY5IdSGO4FT1JxXxl8F/23/FPgxdP8H/EmKbxD4WhljWWRzu1a0RdoSWG6bP2iMKN2CQQowM196wah4U+IOr2XxT8C38F9ps2lLp9zHaXCm7jfy2ETXForb0liLMJWAZWwOW4r9PyTiGhmTp0as1Go6UouM7K8tJRs3dNvVcr3VtFY/Ms74er5bGdSkpTpqalzQunGK0stNGn0av0uz4B8a/sveHfEvgnXPFWhudJ8c2fjbV7CCygylnrCF91vbmMELC25iVdRzkg428fAE2n+LfAWoX48T6Jd6VdW91NYXdpexyfZpmQnKK5UxO20hlAJIHB6Zr9u/Csp1F4LEwsBJ8Q5XLBP+W0LKWLjGVJ6npjnjuPLv2ivD+n638NPinaXen2N5NZeJRcW949ugutOmLKHktZQPNUuGACjhgMduOPPuHMLiIe1wdONHENNzpwX7ub9yzcbJRbundPe7dzXJeIsVhpujipyq4dSioyd/aU78qV+a14xvtvulpY/La51K0gGneIPCuo3Oka1GUZFtpnt7mKVCHJiddpK5GfLYEMPc8/c/wAMf2wLTVtJ0/wf8fLV7qL7ONJ0/wAYWsYjmjSTbEn28x8hgfvSEk4BOeTj4o8c/Afx74Kg0/WFtLrVPDl5p0Op2+rWis5tY5IhJsvY0BMe3oSvAHJJyTXDaLrqXhNlqir5Q+UT7NylhwpIbIBxjGQB93pxXwVKvj8mxEW4TozpO6hO9pJJXs3pyys7NXX4n3bWBzehryzhVikpK2j0uuri07Kz0vZWP6PZRpl94F8Pz6ReWGuaDZz6Pc2V3ZTLdEwI6MrOY9x3xoBuDBXUjkDGK+Rv21b/AMPJ4f8ABfkXciXb+N2ltw4Owq9sgZlBABUMWDdcAEH2+JPg78cvHfwRuoZ9H1D+3PDFxMpu/Dd9K09myOQGe33ki3kCYKhcAnbg9MfqX4cn/Z//AGyvC1l4WFza6b4rt45LqHSdRmjsNR0rV5Ex52ny7lFxDvwCgJ3KCMYzn7LDZ/g82w8sPWfssVUio8s5NK/uNcrbTtJ9L2btby+RxeQYnLMVTxNKLq4WlJSsormSeyesWpJpWd2rO1z7w/Yqigvvg/8ADfzr2C13abdxrPZsggnLXb/JKo+UsxPIfuRwxWvl39smcaf+0N4gitpbPRtY0nQ9LvLKzhjitn1S1nZYrqVSoVGkMWdyIrblPOOa674eeHvHXwR8OJ4VtrQRP4GLT6ezSySaf4gsNwldHGdsVypJdHXJYkLnb975X/ag8b2fjXxZ/wAJxqeg6ldXtvof/E2tPNkj1O1WNAgudLnIDNHBjd9nJ2OoA5427Syt0kq0XGqow+F8r0aTbu9NLbtPVLyOSljoVZTjdwk2+S2krqSsrbrXd6q3fp5lrtzZXvjr4kXTW7RT23gW1vEkh/dyQSiFSzdFLAspYrjBzng810tn4kuNM0DwpD4puFa11mbRNQs9XiRkMIQRwxW97GARxwTJgnPzEnJry7wddrqOueK/FkV7N4i8MeIPBg0gaotuRd6ZfW8JK2mp2iAvG8aKIjIisrOASVFep6tcQu/w1tZY4LizGl75bd1BVlhtRjehAIXd8y/LgnkYNVQ0p89L3fds43sn7ysmt3va8UkmlbeztqXtXzO8ZSTlJKzd4xV0uXRq1ul3ayVrHOapdxBvEZjKyRD4laNcQzIcxSRl4f3iEZ3DOWXqSCB1yK/u++EUgn+Dvwpk3f6zwD4bZsDcB/xLbcc8EtyOnqTg9a/gth8Mag13qtrZXcT2s11YeI/sErgyoP7UiiSOEk5CGPB2jIwMYwK/vQ+CEJPwP+EbMPm/4V/4dLAjkEadBkZB6jABJOOpJyCa+J4skpTw7mk5qMrpdVaCTellezV7JLtofaZLphoqL911km27W0g+Vy63St+Frs7MgofukFiQSDuwSSueTkBuc4Bxzx96lEm4hTlSAFyT04z9Ox78evrLJ8r8j7ueOcEeuQOMjnAwOfzjCg5KgdRlcHLcZAz1wcccgjA4Gefhm4qSbvrpv6dX0WnfTTW2nvxs3HVPWK30u7JJt6/dd2/BVOAME5G7pnn6Y+9+YI55wTUiodqtnk/Nk9NpPAHGR/eIPGew+Y0icklu/AB5Oc8gHAz0PJIz3IqYLjodvXGM4A+nTOTnp7DoKt7L0ert/dsrJ63aXntHuaKMG1G79bWbb5dFe99NUt1zXs9YpBGQQODnBOQAAvr+PHT5cfSrKLt5xjbjkcnBHPcHDYGCTxjjHFIBk5ycYGCBk445OR1IGOfXGc4qdQMZz1IxyTgg9TjOQeTgdAeD2pJvVXeu/wDX9X9AmoRfuvW3wu3lrqr31fmna1rELKeQoCkdSDxk54wcZHHGf5ZFQvEWUjoSMEggFSPQ44IB59e55rQWMj5y2SQCeMHA44IH/wCo8ECo2X5shcBmJODnrnoPUd+MenOad3ZOz01u++m+vnpboYuzt9/bZrp1Xyt26GaYXLEEDHHtkKSc5GMD1GcEEg5qs8RHJVSyk8HoMZ/i28n164wPatZl5GDgEdAQDwTjGOvv6VWcDCkHg55PbHXBzzjgHI5PTtUq+t9b2S8tv8n8io30V0tElZ72cb8yto27tdE1qm9Xmsp4Oz5s5UDjqOCexPTBPHPpkU5UYj5iCTwCcZBzkkHsx/n1J6i4FBIUAHnpjg9MYwcjPIb68YxmnFNpICjAIJXnnkHj5cjHIB5JxztHJTdv0/L82i1JXV+iSTs7WXKns33u20rNtvS1q2ecAnAAwc+h5JH0Bz69MdamRsgBcj+8QMKAWOeCemAflwFz3xzTX+XA7/MARgkHpyOe/wDD9fUZQShVG7G7lSufvHHf1HPGeuDimNO6TSu2lpa7b3jt85bvZvRtCE4HIwe+G6HoDkDndjjjGeBwOKDyMWJOcA7SCe/b8R1HJ5AxjirRdmJ+7nIwB93Hyn9Ceuc5B4HFU5MFs4wD14B+bqeffGRg9PfNH9f1/Wq9SoqWqvd6Wab2ai7rVWbva7trqwEh4GQQCPvAnjHYc4568jOT61YWbGRnGNxDDnIPc5OSuflGATweCQTVMkZ45wRyfl6kD1PI6jv+BzTi2M4PGBkrkDrkkj+9xyOM9+SaLPp5emtt+3bsn3K9e2n4fo9f8yaScIACQW7lf4vQ88Dk4GPc9cZrtd5f5lPHAzx2AAxjJJPQ9ecg4pWCliBgjbzkYOF54xjnOM+x9BVYoCRn8DsGAR0wT0PZemCDwMCqi2uXXrrtbpf8H2X+TSTvpr1t6RtrZ62W2rsrJIvC65AwQAOhOASOvO0bcA9j1+lTG64O1vmAAJPQZyc9c4PJGRnPA465oGCBn7oHORj2zt6DPt17DsEEqRnHIwTxkAZ78YzyFPPXvg1TbS11t0aur2ju2mnp5LW6T1JVlZx0t92vXSyt5Wel921a607jOCcjkk8+gGcgZwBgZxtOOBjFVGmk3YbIBzjJw3JBAPvgA+mcY6AUm184JyMkKegGTn7xAyRn5hgdcnPBp5jOdox0zkAn145wcjBz24PyjrWb/q/yS/4b03GpXt1XV6Wfwuzd7a3T003bbuSpKdvzg4yACeOD2JyMnpxkBunU5F6JcgEgDrnjBByOvrxzjOOw61TgQZAOWPDHkkKeMZBOMYYZI6Dkg5rWTaAeRjgdTgkcDOeM8fhk/gRbjayb01vr2Wv39+nUyqWvaK1evd77O1ntfVpLSyT0HCBAAQp+9zhQMHkEccjORxxkjPcVKkL/AHiB8ucA9QCQOfyPHXg7uKmR/l2cHAHHQnkZbpjjJJxx9TgVMArNlTwRkAHAPv19vzJ5rRc7tta9+t9bP5N+V1a6eu2DbVk7dpKzfbRebv10vpoVvJbO0ABVB4wCc5XK5OOT0z1Oc4UAipRanACBVB4GMHheoAAweDhsnnPAzki18oJPGF42j+E8YyQce4yfrUkYVVIOcg5yTjJwM4CnjGMfhz6nRbXtZ9lay27/AHdN92ReS02tdJK2r07q3m227tq1lqV3iwedqgkjpnK46jtjI5Ix16VGYwTkqqELg5A5B4UgZIwwHTsTnPNXWO4Fz245IzjgcYx1BGAPfpg4jZ8qzHgqO4yRkDPzYzjB47DkjJ6qytZJen9fn8xxbas1tpaVlZOS2S3133a0e975zoB91O5BLcgD2JODznp93HA7iExlXL5wABgAdT3PJ5x0LdecjnC1qOqtlQFyT83tgEj1OPbPpk8CoGjzyBk4CnsAuMdOgJ/Dg4ojFJ626d3t83vp9y1XS7vSz0TSSaWu33X16bXdtioMKScE9Bz05zgDPbJHI555HSp1dc84ABwADk5GDnB4U/wkjp3xjBY0W9n2k8YAx0DFcjpjJ+YgAjPGcU9I+SSBnPOcFsDjqO/454BA6Gm4x9fW76Lq/Psl59Ats3r3T1Wrja2t7XW3SxZU/dIB6nLAcZJGckHHHAHPr1zmrSsRxkkDBBBxg85PTIIHcfh1NRKoIHqccegU7SMHkZIyTnq2emALaAZQEAnkE5zjjAB7AgAD196ItPW79Fv9l6NbWTd+zW+xjK93ro1G2mzask+9tPL0966rJgZB9Bg8ZOF4zngHnvnGR0ODZCkrggfMOme5IJzk+oyCCe+RjGIykYwMDHOMD0JySDntn2xjdxUkSpnd1wTzjJIOcDOeMc+uc9fXRpKOztok2ndrRq12lbS99Xf1uZ63+abs11aUrpJ7Pu1paz6jSSMArgcjJJy3PAIPcdPUeucUu4q42qfusB3JPTkdcnpkDvgEVKU+XGOC3HO7AGT04/H6/mh2Ak45IzuYEcYwAG49yWOBwKhtK3V+Wy+Gz9dXdd18ilUbduZJXXMubVptafO3S17q9yLfnbuOevUAY2nPbjnv044yQMGLdgkNnDAE8nhQSRxyc9e3UU4kKw284+baQGBzkE5479PmJbJxjjDJM9lA2gYAzz1xgEEc9ME+3Y0lZNXXa+92tOjfa2ul+r6mi1+GSV9LLfaOnnq7yael7JatJpJ787iQeDggnAycjnnr2xx0phUlWYj5QxHXBORgDnAxk8Ek98j5jThuI5IG0kFeM5yCNx7L90k5zgEE54LgQc85AxkDnsCBnA4GQDj8RnBq726dnprZ6L4XdXXXr1bSuVFXjrtfVLTrFq+2+yeu6Wutq/lsx+4BgBRgfeI6naCMHgcdDxyBgUhjfMi7ewO7PVTyCQRwuAcjvgE9atY4znGcDv8ANn/6w6DPAB7gUmQ3ygEfKAxHJOepPpxxgDnA9cBJy0WqVk0r66tbJu2ml/u0tZvmttG9rp9bWt93r6eaKBHUEN1ALAjIPOBjn5s5B/Q8Co1XnJyHwMkdW5wckEkZ9CPYdKvmJSoIIBx9TyTnkjDA+/IyCRzktEecADBAOO+c8HOeQM4Psffo0tVfRNKyTsumq63736pWuw5m43ts7PZfJq/d2bvL5aJ0nAPUfxY+g6kjGDuOMevLdyDT9px6jY3yEk85AwcgnBbjnnuCeM2PLBU4OCBg5IO7r/Eedq4OGwCT15JIaygEein5tx4KYwMnPGM56HnA46h2bsk3o0tdG02r63uklbtbZvezVS1lJO66NNpL5+rsr76tpakIz1yMsMEddvPJzjGRye/QZphLAMFO4gMQfvYxjp2GODnHGPSpymSCzHIYEA8DnGcAYGTj8c+lIYwrHGcAkYOFwoHAycfK3Yg8c5BPFVdJ/P06K76Lu/O+ltQlKMrvW9raPyWmt2731vtbZXsqe4nGeG7DGDuz823nG4D+nPIIY2SG2k88HK/Nnsc9R68ZIz6cVZYZLFRwAWJPUZ9OSRyevcjtnIjAYcsuPukEk8DOfm9OvfuffNXF21auvz2fnt0a/GOjyTs1p07elullp87tO+tiErjAxnqMjr1GCQe2eeTjAPGc4j2rxgqSCDjrkDpjHuD83OOh7YnwCBgH5uDj8snPTbuye+FPXpUeOQA3IA4AIJP+9wPXPt696k011TT22/q1rdN/UXLFvf8Al76O6dtbLprZ9m00I4woGBkdFznG7HHsOQB/ez25quVfftJPTj5uFJA4PJ4BwRnjP1qwBnbgjOcnncD7cjaOMHGenpmmkfK5zyCSMdSWzkkg447Dn1Ge0PS1vLf5dNdO21/vsOm7XUkmkrJfJXsrcybbdn373K+CRx6jaRz0yM9uTgjnOT6nrJGGIBDDI6tjvggd8YPGSewwOOi7cJk5J5J29STkjIHUYyCoJ4564LPiDF1JxgYPXAyACCQO6jBPtzjjNNStfTdW27219f62ViFLlSUrrZO+ur5b9dO2l+lrps5f4ouY/hF8UpGGB/wgfiXcOeT/AGXOBncO+DkDHGBzgV/CfrEe/TPFUfkJGD4e1xwdozzq7sWJGM+zAZ/vDJ4/uw+MA2/BX4qyZAA8CeIjnJIydOuAMccg8+n9K/hq1uFRZeKXDFtvhPVSRkgYOpuMjBIOPvfd5z8zHjPbl0m51b7tRslZpe6npp96Wu1rq50wbVKW7jzWbVuiSWnl+dklZu35Z+PLMXWpaOi7SX1vw8CCAeP7RgHGQCeDnPGQRgev9q/hfSynw3+FtvMiCNPB2gqBtBLH+y0xnjkleccHnORX8aPiqxjuNT0IkMpGueHn753HUrcAYwPX7pxkccBRX9uPhXTo28CfDa5u5IobWw8E6BcXVxM6xwwQppaF5p3YqsccYwzM5CrjtgivRhiVTrSej5Y/G9G9Vp1SSfXl1tZ6mVaDahdNub0S7e5vo317b372OT07w+Z9FhVkdYJHYDcFiEcUN2kjSSk4CqApbLHAUbjgdPxx/wCCh/8AwUKuLe48Tfs5/srGTxB8Qdc1Gz8J+JfEWiD7YujXE/8Ao76fp00AKm++8JrguEh5w24CtL9tn9vHxZ8Rdbj/AGTf2Mlu/EHivW9Xbw14q+IemJusNMhu5Sl7b6ddRZSJIQW827LpgKQmc8dN8C/2R/hN+w58Fbzxl8Sb7S9W+I194nk8Q+NvHmuukz2ktsjTy2thc3GWwGYhmUbppAM4FcbrVcXXlrJ09XHe0npt3Sd0knd7HUqUMNRi2oqaivi3jG29tdVd2vd7Jl39jn9igfsxfs7+PfGPjqQ618XvG/hPXtZ8S6ret9pl05by1eX+zUnkyxdzIGu3zl5FBAOK/nxuNK1W+1f4ky2a6W9umnXD3Au4lldmaeQARg52kFh25xgjgE/0A/DX9tbxf+2HqPxpvfAHhiTQv2bvh18Pte0V/GGoxvFceLfE7xN5Z0/cux7VPLYExuwGSCMkY/BnSZvMuvinMHCo2nP5Q+YnYbo85GQ2ffAwCSMcn9D4LoP2eJ9q7c8paJ8sor2bVnvZabLTdXPzfjHFxc6M6PvcsYpuUbpycoLl84x6tWS+z2KulaF4l0nRNDYtoSxyabbJIRZxOwY5ww3IOenfscY25PGfGK11OLwLqL3F/aPGZLbMMNokeWyVzuUZznnJPCgZ617q9rLN4e0DakrkWFluZIn2AhTxuIAGSSBk9QCRgc+S/HCykX4datIysCj2pw7f7SncAMgdDxxnA69G/V69PD/2PXcW7rBNLXZqCTvbTdW/NNqx+W4etWlmuGU9pYuD0Vt5xd++6S7WTNnwVoviS48I+HXh1/yoX0q2KQx2sZOCpOwMVyxHHzHHOcjaTXS3nhjxCbS8ll127CrZXDOBGELbYmJUFe2MgnPGMZBANd38JtIS48DeFZCyDdolm5VpUU4MZ+Y9fUHvkYBHHPdaxo0K6bfOHjBWwvFB8wOc+RLgD7obAGeDj3wON8NOl9SheSi/qsbe9ZNqlHWyemvqn5o87F4iuswqqC0WLceW0dUqi8uqur3s2vM+KPg54a1PVvC8slpqd7bp/bd6pgiZv3kizYaRmDZ5xzgDGRwTiveovhvNM0f2jVr9pSVO0OxbABBOQw4xkEg+hXgGuZ/ZksIZfCN28ko3jxBqyrl8Hid+MZyGJwwJ/wBntX1XZaVbebFPJM20q6dWIHXhjtx+Q/iwcHdjiyqpR/s/COcuZygua8rLST96z0Su07WsdmbVcR9frxirRVRe6orX4buzje+3o1dpWPgD4S+DrTVvHHxSia4vl/s7WUj/AHcrBpBnAMhBGST945xjrnANfREfw10cvukW/lIAYj7Qx3Y6gDdjuTz6dlyK4n9nawsrr4l/HBJblVjj8QqFTdjf8+MLjJbGMk8BQMEjivsuDSdNjUiNlLYUqVRnYcnIII6EAAnBGDx0qMqxWFpYKHNyXdau5JyT19s16Wa2V/kkGaLE/Xf3blb2NC7SaT/c0m/ne991prufnD4i8K6bD+0ToGjR2jmB/DrsYZdzszEt85ZsnPC8+v1yfpGHwJo8TktYQABgSTCCVOCpyCSOOSCeoyRzXD+JdEnv/wBrvw3a2ltdXTN4ULLHDGySNljllVipBJHP0OC3Wvu2x+DHxAulg+zeENSeO4ZWDXDCMYYnbnBYkEEnkkd8ZHOmW5hgKCx069ahS5sbOcOeaXu8tOySe+urdtNuuuWb4fMKkMvVGNWf+wU3U5FJqMuezTadk7NP1evQ/NP4/eHrexsvBP2e3hj87xZaxjZCqB1Lx/KSBk5HUEevrX0Dpvg87Y3jsrZQbWIO/kjO8jgEheWPPJGByMA8079rX4S+NPD0fwuTVtLj05b/AMfWFpbky+a5m86HKvFnG0A9cDPY4r9D4/2VPizpHgiz8Wy+DdZGj3Mdosep3FsYdPuGeNCnlzHB2vkFN2A3QEYzXG89yqlmWMqvF0IxrLDQpWlFKpOnG81G7XNrLlsk2nZ9dOingswq5Vg6ao1JOlKs6rcdYpzSvK6dr20utLX06/lP+0H4en0z4P8Ai27PlARpYKFSIAhWuUyCQo4JJ69c8Y6n1H4e+HhL4H8KzCCEGXw/pshPljcS0EZDKQoyMk8dCSMAAE10f7ZHhbX9A+Avjq6vrGGFYZNMhmXIMkbtdohySRk89ByD71658Gvh34h1jwB4Kk+0WNlBceGtHaCWTdu2vaw/O3BwuCOTx/TWedYSljquIcvceEpRUldu8aknZJK7umrbPW/RhPLcTVy2hTS1WKqS1lypJxgk03tZrXtY8f8AEvhIjw5r0gI3roupthIyCf8ARpTg4HIA6464PXNfNP7MfheXVvh4ot4kaQa1qYLkHPy3LdRwDjgHvkAnvn9L/E3w1uNP0fxglz4ktJHs/Dest9ntYFl+0bbCVtqthdgyADkcdTgDA+Uv2NPAk2p/Byx1uK++z+d4j1pCuMHCXzoAW6kkcnueTkg8c/8Ab1KvjsPUpSbhToVk5Si0velTu1onZWbXbewv7MqYfLMQqjSlPEULJPmskpaddHrr0s3a52lj8PjBEsjyM7nJdEUR4KqS6nJAIGehyMYxjt8e/A7SZZvip8WY47dpDBeXAIA5GJ2GOM444JB5zkcYFfqzF8NLuGKS4vrq9WN1llg+UgTII2ckZwNjYHIXnPPU4/P79mOxSf4v/GpVAJj1C7A7kYmYkHpnpjPbI5rZZm8XjcufOpRp1pyfKr7wcb69Ou97eaRy4fDOjgszbTi3hqfVu6dWLXZ9Fez+Wp6xJ4eu0CiO3fEobeHY8Nt5IGD2GOSAfrXzl8R9Mnh+N/wrtWg3F7W7bAY5AXucY5IIPcYJHGa/RC/02NIxlIy6x53EDOeGIxgjngnnAwBXyH4+0aO6/aY+EVkylhJp145AxgYIJHGcZI6dwSeCefZzGvB4elG+2Kws9rO0akZJet1p3102R5uUyl7au7bYLEe9q0r03bR267rZJbu9l2w0SVFJMK7pGODk5AzgA/n936nGBx82ftOaU1p4G01uNz+J9NVgFwf9YpOCe3y5AGMsMsBzn9M28BB4i8VsyLCrZ+XLMpLfMcgDjOCckDjrgY+Gf2ydHXT/AAFozoOW8Y6XHmTggtKB154G0D/ZxkY6VWY5hTq4HE0oTjzSprrfrFdem3p+JxZFCX9q4Ryi+X2spczT6Rvd9kraXfTXY7vwpoUL6FpLCyV/P0+zKswyRmFP4Rjr1zgAEkDnNdJ4w8Plfh/42dbeJPs3hjUZAFQkHEDMSe2BxkE8licmuw8GWKx+HdGkZfm/syx2jnA/crk5IHPPoO2Dgbj3niWCFfhf8SFlgUzN4M1ll4yylrWTYQSB8w7cYxkgZxjXE4qvSwM3TdpRwvLzWX/PpLlel210utdNra54dKpmsKcm+V4uLfVO1RSSts29bX3tbXU5H9jzwnfal8DPAN7HaO63VjcSRSRxM7E+fICy4UkAEZyFAyMnoc/SWq+FpV03UXmjmcwQ3JBIYBcW0uVJZVO7PB67cAZ+8a97/wCCR3hD4Y+Jfgl8GY/iF4uvfDMF34e1S0tLa0slvH1HVnupY7S3PO6MSSFV3OpUA5zg4r9Xfjf/AME0dZg+HOtat4O8Y7dXktr+/vLPWNOtrO0gsWtJ50ImEjEyvGVUcEZJK89fzX/XKGFq0cDW9pTf1eEY1JRlyy93lTuk9+rvptex9/PhmvinXxNFqoniJycU4qVueLV1fS17dXpporL+P79nO2a4tfHrYOF8XX8YwB1S7k4yB1IB/DlQAa+gby1SKGbGxTlySWIyM9yQME8+nt048f8A2dtIvLEfFbTLudVl0z4i63YySRjCySW9/LE+wjHG5CyleoOfp7drVuy27RxuJmZnYgjluNwGSQf8k8Emv0DIq0nk+Fbs7wm0+/NJ9LW22eyTXkfHcQ4fkzjFJqT5eRNebhTi72utFeztbTzPB/De3/hp3R90Qfd4KIUZHLBm2se/bI24xklemK/RK00+2eC38wxrkKGCsNynqMjHB56Zr4C8BaH/AGj+0hZX85njGn+CQxgjLfvAZZMmMg5BGGwMEYAHbj98P2M/g78JPjL45i8J+M1Wz3aZJeaUl3q0emT6tqESAm2R5CFCJgFmyCQSAMnn47Pc7eVYXG4x06lWFPEzlOnStzWcqSvy3Seu92klr1Z9PgMpjj62X4dShBzwlBc1TbZuWybduistWfg1+2NptvJ49+BOmwMCW8a28ZYKHJO5H+ZdpA4PIbOD8vTaR0usahBaaheWvlD7THPLGcttHyZOSOwGBjpnoe4r7S/4LBfA74e/A34//s26F4WubG3n1bxBaatqlhZ6rHrSwzfaRF5rXkUjCPMSKrQkgqdzd91fKmq+FNE1HxDe339obI3vbovK67/NCs/ygNgAYIwRyOQPmAxtwZnkcxo4nHSU4QxEoNQmtY2XLqot2aaundp3eiRrxTlTwsMFhE1UdKM48691PmlF3s9VFX67eZ4Z8UmFz8NPGTJFC+zRZ5CQ4ZlxnaSck5Xv05AznpX1v8IfDt5N8NvBk5hSOJ/CukPvBOW32UTnoMnAJxkFu3J4rwD4peEdHi+FnxBkttRhMi+HrtreJCAzFVIAyD04w2MdcV9kfs121le+Gvhfpmv6kllpV9pXhbTLq/EylNOhuLe2SS9mgZgHSFGLtlhwv8ORXvY3NIwxc68ITaoYHVWd5csr6Re+mtut/W/h4bLZSwEKUuSLqY5q90kk4RS5pJq1tLuyte3c5nxRoPkaHqkskhZV0jUCAocEf6K+4DgBsDPGfm28gDr8m/sg+ENZm8Ix6xFY3bWL694gW2b7NIxmlF/MCqFUKnAIGccdvmxj9uP2uPg18LfhH4Jgn8B/FfRPiFda5pupwnTIo7bzYc2Es32tpopHaEIxC7GCgHtngfOH/BO74g+CfC37I1qmvx6Nf+JG8U+MDElyr/a4449Vu0Q2+2FsRqAGXHUjB6c/H47iiWJpYPF4GhXqykqtN06kJU5Jc0L3jJcyScdFZK17dT6fLuH1h/reExValTSlTqKpFxlFpWlFJxdm9W1Zqz9HbxbWbDUktZYpLeWBWQlxPHKOQQpUbwCW3c5HAPHOBn88bVGg/aR+JpkcqF0TSyyjKhlEIBGCOAWbpgDFfsp8ZfHmm+LtLtbrQ47cTWEexre2spPPuRMrEyOyxAEKcAEtyV6dq/HyW1z+0X8S0uUu5Zm0PSmmgWGSOVFeBDt2gZwBjk9icjJGfRybE1MS8BiK9NUZqu1KDfvRsr/rq11foefjMJGjLG4ak5VoewSU0trzp6aJ7a6b9D2W31jTlEcgaFAHYMBJllJyCB3wMnHPIyehFeKfEe8t5viZ8HngkSRRrTKX3bQCZg3IOcBl7emTnLGvQ20cRzIkenXKxkb1ZlbAbGdjZ65JGSeoXnkAnxj4kwTx+OPhSgtXhkfW324IZSVZmwcn5R656kA4Bzn6jOq6qYGcVOEm50rKLu2+ene3lpd9l11PKyXA1KWOhJwkl7OpzXjt+7S8tOtu/S6ufp8dSslVF32qgkZYSp8x2LkqN3PGSQSQO3YV82ftS6hZ3HwO8bpFLFue1tiwWZMhY7mLnYDgbsAHAL5IzgYFa0WmyTQJNPq1laKCXkiuLu2R1JUA7VaYAnjOCVABySDyPFfj7baDD8JvFyJqlneXMtnEI1/tO2Pz/aYjnyRMS+PmyMdeoJPPz1ejRVGo51YxvDmUbpOW2j6pN6Wvq7Jq7uelRp1JYqi40JNe0jFtxa0vFX3217qyd76XPU/hfqunt4O8Hx/aIlYaFpzM6vyCIgSuOhIAwQewIwT8tftl+w/eW15+z78fLeBkuCunai8rBlAWM6fcEDbySGOM5H3cEEfw/wA8fgjxh4H0fwp4fhufEOjQTQ6TYb91/GdsixDKMoYhDyQQeR0ycCv2d/4J3/E74Zan8I/2iUvvGFksSaXNBJDp0krywtJpV0sYYRqQUmc8tnhOcZU58PxBVGXDeGVGcZzhicC+VSTlpOmnou19Ha3qz3uC8POGe151aVSnF0cUuZxkk7x0S7Xtv+O5+G8Xh+61e61iXT7eW7EOraqW+zKJI4yt7PiMkBgCcDv16AnkeV+I9Ons/iJ4XhuYnEn9kahJslXa8YyOArD7vfJOT7jr9KfBi9s7HTvFkiGVEfxZrL2srM2JolvZyoUndkFSG9z94YzXnPxBgtvEnxc8PTmdoHi8OXyECPHO5eoABycrl+ABjsOP1vLMbJZVlbnCTUoYVyl2UYwbaevupLVW1vurH5bmGG5M2zJRlZqWJfLfq22+2zeml7X3SMW2UoQhdXXduwTnAOeCCQB357dxnphPZbviLGZIyAPDiyIDtO5XBB6gjjjHI6ct3Hqun+ESbuNHmE0QTJkAAGdxIR29OeCfc881yXiKKK2+KyxqVC2/ha3QqWGN3zcjODxjOe+ck5Oa92tmGHqVqNK93KqktlpZaNve/q2+nl4VLC4j2WIqNtKMJLS17NReqVtk/nd27jZfDljd27ieHIfIGF2kAZOSeDnrz949K8muvCEjeMtYtbWby4Bo1mypIFlTl2JDIwcbj9M88Hnn3JLhnTyVVMBt+WY5Uk8YyAMYH+0BxjoKxvDeiT658RdagihaY/2HZjYpGOXbIU9SSeSo65X0GefMfYOVD2vKoRrQ5pPTaNrN2ta1r7pK99LM2yp1oyrcrc2sPpa6u7w1d+ZX0vt2uldHzVrPwxhkkE50owyDcTf6S72cxbPcRkAtkE4AXPzZJ7YVnpnjzQ9avj4c1ddREdjADYa6rGQJuUeWs5BflQACMYOF4HFfc2o+ELrT4JWltbiH52GZomAJDYxtwS3QHqMenr5zZ6Sj+MtWhe3iO3R7VhuXBIMhB425PGCTzk8dcBfFxOGwTlSnQrulJ1Um6U1dPTqmtL23Xkup7VKtiY06ka1OM1GldRqwU1vHS7V7a7pp32Pn6L4q6lpri28Y+FtQ09m2Rm8sQ91a4HVsqNygkZyAcg5xXoXhXxh4f1mPVE0vULeaU30brA0yxTx74RuDLKUbcDkMMHBPLcYr0K88MWVzcQ7oyEJAfzE3xA54UIw2kE4xkDque1edN8I/DWqnXHks/sl+mpFY7/S5DbXIOxWU/utoJAAJDZ69OOdJVMZQq019YjiUrqKqJRm4uMb+8rJ3T1drtvfq84UcFXo1n7KWGm7KcqXvRjKy1VOTut9UpabNXPl79qFIxf8Ah6cwq++GdSzAEYBPBJyWJJIwOM8Y4NfO3wt0mC98WXMU7SBI7KSbZBKY3RmyRsIYZA4yD/ukE8D2D4/2WteE9f0vSLm/l16yWzd7KK+TdPCo+QRmQ5LHJGCMHrjnGeJ+GF7o0eralf3EJ065W3gjYn95EqmRd+5ueBk44PHOB8tfk+f16dfPsTOUHBynFSitdYRjfbe9mrvRvWyP1Hh6gqWTYeHMpqNO8Z7XTd9nZpq73fc/SP8AYzsZ7X4q/DHF7c3CnW723WO8/erDCIS3yluQwxxnvxu4wP06/bfvoLXWvh3qA3GeODWpHnXdvLRWEsEI4GWKDHGOgwfl5r87f2PpTN8SvAstpHFdWy+I71RcRgBlJspGAAxkKcljg7QDk5ytfo5+1dHbatfeFrJ4JbrGnaskGxRuS5mgdY8Buo3HkE/mMEeNPnniJJKyuklqpapX3Xdvq2tLJK6fv0Uo0rXTbV03v07b2bf4W0bPgD4dXTzeDo7lmBnk8bae8kfIchmVy4zzhyAT07jHXPNfHSK6m+Meo3aRECOHR0MYAZST5LKOwJGckYOF54Iqn4Cv5tPs9V0TUjKt9pvivTp3ieIqY4IrlI9zN90HPy8HBPQ9cei+M7P+0vjNLeRoZLee90tXjmz8yrppkDEEDK5Xp/eKj1Y9DnaUUu0Wtt/d1lfqnvZ7O6TdjnjH301dXfSzvZRvJ37dbau7PLNZupW8Ja61wnmQS+JrZmaNQPL8t1BwQRgjBAzjHAAJ6et/CrUIruPT7FAZIG1DU5Yy4JKBLOQ4H3icDjvg5bpkHz7W9GvB4T1CSKBHs77xBdORGwyX/tJIkEa88tuChcAe+F46vwXby+HNa0WK5hmtrRrrVVbdgASfYpSqAgElzn5l9zz63WqqUIxbSkm4yWysox131TTVm73T30NI03GTk07PRbaXS021i+i1suqOPs7c2l1ZyyfPbJH4imJUEcJKUOcfxZYe4IyBjpZ+Is8mq3HgdpyFih8P2HlEtgqEuo/lI65HfvjIPTIteGIm1S31wOFK2ug67cW+8nALXqsQvVdzDI4J6njvVHx+iqvgOeVVt0Xw2JvLVirs0N1CFViOCcjIA6Z5zjjOjJJ6ptSjdN7aJLV9Urp31enfQpprlaV0mm43u2ko3TbsnZ3sreSdtvZ/F2nRal4D+I8czyNGV0NIx/D5hjUBgSeuB16kDrjFYVj4ftxfeDLm3kkt7uw8JahCZQTl2srZsLgdzk8gE4Poeem8aXlrpfww8R300iOdYuvCygqyt5TTxghWI74IODjt0OKreHUla/0tnCvCnh7X2TJ67rbOcc4BPp7Y5HMwkrTi27q7ta6s4R5fT166aao1d42TulaN7L4WlH3m09UraW0302ZzPgSz1C/1P4e6rBJA0lpBrt7PbkAswjEu55FOSc4zu2nPOenPalJ9RutMnkB8u88K+JIgAxCADzGKAZzyeowNuema4Hwfqw0XVfBUREizTeHNfKxKQufNaUK+ehU4GABk56Diu38Oztqtn4NWMDe1j4hikKP8zFxJ8pAABC8gYznPowzyYi/JKcnfq1s1K7Xvdem1m7K12jqwz96zfZyWzfRvS1tenS7ex+rP/BES9Zf2p/hpAXBH/CtfFcWwHoIyVA/Ajt9Pav635ghmlIHzF5Scfw/M2056dvXv0wOP4z/+CQXxI8DfCz9qD4faz8QvEVj4R0KHwr4s019c1i4WCwSeZmEdu0hOAXydo6HGDmv6rbr9sv8AY0gmP2r9ofwNCfMdGI1EspO4k7MKwPGAeeg5z38PGQbrKSi5Wp3i47J3XW/RpuyWvmfXJTnSowjTbtT1f8rTje7utNW3fr3PcnjHzEKORkgbuuMA57KMFuRnGDx2hEAwQWbAGBkjjJJwfTI6gdOAewr5E8S/8FNf2CfB2px6PqHxf0vVpJAZBdaS0txbeTGPmbcYhtYDACkDJ4ODk15Z4x/4LDfsO+GLqIWeu3OvaY9lHeXF5psDvPYI7lV8+CVVG8gbgoP3Tlia54Tqae5Us72bTtJ3SfK5WTtdJ2011epmqE5PlbgtPe5p2cXZJ2Tdlbm+fpe/6HmE5AJJ28g4znBXHUkZxwvc444FH2fncAzHg5CuMAZ25ZQMYJAHU85B+XbX5H6l/wAF8P2N9FvLqO08CeO9W0+KUQ2WqwaZGYLt9mQwDSDaMn5gCcKW254ryTUf+Dhv4KwaaNV0r4Ja9ere3V1AluzkQW8duWMdy1wo/wBZMgUtDghT7DnSPtZP+HL4lGV0ou7t3e1lZX6q6XQVOlSk2nWorlXNL343W1766dVorJ2fWx+5X2VmkPyORgndtPUjHAOcljjBGFHQYwDTxp8zhQtvIVIJAKnnBPQdeSCMD9RnP88utf8ABxWMpJ4b+AdobSRxDA99fTIWkaMBNxMQUKHPTcOoLYOQeG8Kf8HCnxr1vxno+m6r8E/C2jeELi7ePVNStJDfX9rZxSOZJIY/LCyyiIZRGccg4J6DqVCoouT5I8sbyTmrrbVpJvVa2VrXsrN6xbCppuvF3fKuVPyd1ZOyWza0+7X+lxNKuiAVtpSApA+TOexGME49QcZP5CVNHvnHy2c5I4UCM85XGBxxtJByenXgGv5fvHP/AAXy+Pln8YoLHwJ4f0W6+GDRoYlv9GgTW7oi6Am8wnPlnYzKEU/dBcccnmfiF/wXV/au1PTtTbw1Z6L4emg1Zxb3EelW9w62DRh1ik3MuH7K+SQQKj2VV2do2cFK7lbRtLl21km1pvf0Vmlhdb4mFlZO0ZX0ts7O6W1/K62R/VL/AMI7qoAxYXLBjhSEJBOepyApJHXHGRgA1J/wjur43Np9xGCCcvGRuB7lSoJx17Dp0JBH8a/xG/4LQftfeN9Z0e2TxRNoFloF9perRJo8SabJdNb6ej3VreshzNbXU4MjBjgBgGHUnt/EP/BTT9oHxb+zZaeLv+F422mePNS8Y6jb6joFp4muLfWLDRFEjJcQQpGDsjXDMin/AGcdKiadKnTqVmoxqThT5VFylTcrWlLS3LZO7XWyaNIU8JUk1HEKTUOZt3gkraq8kr6bp9+tz+rbxV4m8G+CGsl8beL/AA74Tlv5UhsI9c1O006W8klcIggjnmhkkUyYDOFKDPXIq3JNZyww3Gn6hY6jaTlhFeaddw3tm4BOfKuLd5o3wOCFYkZIOMGv4Qf2qv2uG/agufgRqV3deKrrVPBHhy/0TW9X1XXLy9i1vUkujcR38CCRREHK7gOdpxxg7R+5f/BF39rDwFc/CTxJ8EviX8S9N8OeKNJ8W/bPBdn4v1c+dq9jqhaaeK1vruTCLHOVjSB5QEXAHB2jrlSpvC08XCcmnfmhJJOLU3C6s+ZppcyvunboYSlCVV0qcXJRWklNe9eKs4pPzb7b9LJfvfhWbGchccZwM9MbRgd+WznHPtUmzPP3ctjIGeB6HLc8Zx09SuRWjFoeoSRiayEGpWoTdHd6bcQ31vIpG4MJbdpI8YwcAnGRVVoZohtkjljIIBDAjn+IAEjHUY6EZwSB051UjJJRkm7WspavRdN9emr0dnshThJJJqz6x1TknypN7W0V7qWzsyFvuquMkEkE5JIUHdk5BxnjnrkZBIGInUHkYHY8HJH0XHQcYGeedvOQ/DbzxuwN2Cdoz2+U45wfx/Ektf5k5AXHQHkc9T079VyM8nHStHJ3TurdE1s723026Nd032WTbb2UnulazT6677ryvbW6vaEDGAw65BBxnHOCe2eTjOPY9BSYypVV2nJPY4wPvc557ZJJ5xjhamJxlioH8IDNwCO/rjBz0wCBn5qgZl52sVH3SCTnPXPuePr95t3JwozlLd9d7JXV1sm7dLJtaa22dpblypbpaKzSaXu2dn1SeuzXM77XVdsjYMHqxJyeOgBHfv09iAeKjBJ4zk5JGSC2O/GAF9gv4g8sZmwpTjHOSTgE5PXjJOCTnkH0xzloQOAQMAcYLBuOck8YPXgZ7ZwcGrUtFd2b0ts3flerWmureyb0toZtO6S+abT0fI9HZvVO9+927kQYgAHHfJA5wQO+ecn0IwMH6uLHAJVc5A56++Ox+Ynoe2OMgGUx53HIBznJ5PBxwO/cnjpzng4jOwLyOM5z1/rjB4JyegPHFUtbpN+ujvZK703t19fJWEnbV2utE3daNO/VLS11620bGb8ZJAABfAxwx9CRgjPZSOqn2AafusSSTnjPUDIyehHILZH49ab8ozkk45BHQ8k8fNkjI4OMdT/FTgUXGDgHJBC9TjOTg8dPfpwD0Lta+vbe+lter/K3nchwk7czi7atXdm2o21vdLT5W73vG2PmJBAAXAIHPoccngdMHPH0wwKxIAx3AJJ5JyMdPXAIU4OM5Cji0wDEYHVcDk/XGO+Twzc470gjGRjgAEMo4JYkZJznpn+hANJ6JJb6aX/w36y2T87Le1xxUFfnbWq2bs17t1LpddF3i+tmUzGxHzZOQckkcgEhSuAQBj6E/MBmm7DkDAwMnBJB4yMhR7ZAHtx1q8FTHXgMMsePl9s9Tjv/AA9yQCaiZckMGGVOOh6gcH2wOMnJ7cU+ZqNo67K90/5d09L723Jk4rRNtWu0la2yV7abOyd9Nt7FbBDA84z8uccgdDgHGM8gexzTgrKy5OQQc7cEAnGM+pxng9/zqV1GSODgdc+pyenHIz8vQjnGaT+EkAAjac7evJAOeucdeef9kGk+ZtN62fXps9Hd9VbbXXZWJ916rbVW0V78uy6+rV09uhGwJBH8WAOuc84JIyMemPwz3MbMBnjkYAAx1zk4ODg9uMZ984p7MNrEKSRhT1wQT1PYc/w546E96Y2MZwVJCjGRjBKjnqAR79epycY1V7L3vhWiWraVtZW+aflq2tUPljH79uqa5e97K77q93oMYFsjoAxI56r7ZHqR8vtxTGG3AAHOQT1GMnBycZPGVGeM/lOTt2sMADIYjoBgZLdx79Op7DhjcAnA98nHTryfxJP+NUnJcsW76bcui0V7tdtNG7u/zQ0v5le6XeyVrLR21f3aldRluM9MlVJ+ZuTk56t1+Y443dzR6k4ycnrznvjPbOM55JPGM1KrAE8cZODzjAzwd3OORj8OuTTflbjCgckgnBOBk8kdM/dC9eOpyK0s73S3sl89Vr0v302t0M2ko3v69N+XT5afeVmIYkYwvykA8kjnOOenBz2zjjHRVOdwAJHJBONoOecDoD19QM46VMV2g9MKvUZbg9MjPXHJx0GeeKifaMNnruBwMHqe3fpzzziou7pNXva+9oq2q6Xa9XHtfo009W7LpvfddbdHr0d7t7iBgeAAQEAIBJ7A5A5O7qT1HUjjBqCR+B0yMDnqCTz9Dz1yeex5p2/aQxOWwcqBg+3bGD1A7EjIGBTMqSvyjHcfexkY5x1UY4JPb+HgnaMHo3qr7yb29271782nfeytZ02mumz5nu3Zrra119z0tbciMgzk8LwMN16nJ5GD3yO5/hwMhu4ZyGwCT1xhQM7cA9sEqASBjtyKmaIORknAJZgCOhyASwGQSMZAAHHuDUTqFAPYkgAcYB4PHHOff25GKL6+7pbdt30slZ3S0Vuqe+vdz7rWut2krp67K+9rtp631FLAfxbiTkn3yP8AZxkA4ySccZzyS0vgnAViylu/GeCS3Q8D64HtxGzcED5t4OMcYOQMnqD6gZ6Z6AElmz3yFIB54HblcDBJ9Ac98E8Wr21T12eivtrbf10Vttba58qWy+LSyS026v06Nvru9HMWJxxtOO+Mlc5wV7c8gjGeoJpgGMggEYAU9FUcEgdODxj/AGiWJOMU8gAD7qjJJxngYIbIw2ARz6E8DaDTMjJ6sPlwO34DHXnoc4JODzy4td/PVrTbppaytff7iJReqbTV7Xeu/L6trd6Lv/hGEkkhchcZAPcg5YAEjIJ5yCOrc8coyk54UHbnGemPu49wMnGM9+MU/wCUbcdMEgA8gZPfn33YPfqcUhYcBQT1JHrycjODlTjk88YxjirTa1XL8XXraytZtq1npbRJPVX1x5FpfW3n53009d18iuwbtjBGByedvJAAzjkdepz0IqJsgZAyzDbkHOB6kHAxnnGMd+/NzAbkHBXcR7EDO0dck4GATwDz3NVyAVySQdpbpnv24B4285579AK0Uppary6+Vnpfa3Rdum0OnJ2VtXqveSbVouyvZq332uuhAUk3ELjkKMEADGck47cZ65zjqOoXb2IwRuOevOWGT064JHPOQDgk4kbAxtY+5z1ABB4PsDuHXJ4HQEZlLHJBVQQeCCcqO/ORnj06enzaRd2ldJJ9bL8Fu9PP59dFD3Pi/li9Y2t7r6aJpvpulondMrMF2jOCBgjIyfmx/DwcZJ7Y6/Sq7narDBGGxgEKvznsMdOflIxjoSM5F1QGYAjgBhuI6cqe3XIz9CcZxwY2AYAkA8sVJAAPJGc9MDr2xyOo5tXWnK1+Wlr/ADV7aaN69dMnH3U1bX3Yq15dL2Ub+lpN2T22KDLknPVSh3DPOMjbjkAcj6Y4+6SK0kZYsW3DAIK/ePB68Yx04B568cFRfZMHJwq4C4Yk9PQDrztPH3cZ4yarEpknP8JCtyeR2/PPJwcngYzVxvG2zd/NbW7LTXp71ntcxUXfVXWnVrblaatuuvy2voVHTHIwVIUZ5V+enHryByDx2wagYlVYBdpVsk5OdpxywwWwM44yM8qCKvMu0YYMQEXr1LnBzjIBUcEYOcDnPeMqOScf3cnuRjuc52jufvnknGVOqeqeibu7xvZXte/X5teupV1ZpJa6Xcb2atbTTdb6LRaWKfPzHI2jB3EE8dAAMbSSchR2H0zUgXLEHeCBxySTkZHY4yMnuOccZ5lCA5Q4GAOeuclmBI5zg9CcEYx0OTJgcnAyDnk885xnOCCTkEnjqDntvFt+7e6la/W3lv0vvu3davQxWqV/w11v6dNElfR6trdxA7sFTgnIOOpA4yB2br6HnpzmkG7AVQ2RjktxgkkkAEYweDjphcHGAJDxkgYxxhfzY9uTxzkEHPIpwIIBbjBzyTyO3TBzjORjjjA6CqbimraPq01vo37rfutbauPXrazitruV+qS00Sd3fS2r2V9eiISxILAHGQCD1GOhPrnqOcjknpTmLDluqtkZHQYOAeMrkY4GeAfU0p+6OOB8oBzkHrk9OeB1z78jhjyBj8qgs33fQ7cA4bpzxk44OSBg8zzuTWrTSitm79G7Lre1v+CxOyV1JO9raap6X0vd6O/wqza2V0ngn5TuLcYPYEnkZxgZHQ4GB708PkAjawBKgBR053bu2VC/N9MAZPEZYDGApDH5eQuDjr1wOTye/uDimq247BlSd3AJAOR1z29Qeo6jvl817p2T1a0a1vHReqWzT16bIHpypv4tbKyV3y37WSa2dkyUu/ygj1YkHLHAOB356DIJOO2cU3LM2cAEj2IUhs84HLEghs5z0OcDDwoBGM7mCggE5yGJOcZwTnJ5yc4B5ApyqRgknG4tlc5467Quct/eGM+oNRe1lb3r9WrqyTVl5r0endCkrN2v72um32bpJ7dFrqld6XIdrbgwVckHJwuOD0bkliRxuOSvXPGKQttLAjJO0jHQfN82Ofl4AGSevbjJmJ4PXn5uTyVyORx24zx1wQCeaibBJyoGQD2BPJwTjuMfdI5yOTijmcrXtv2T3tp+Hd+QRb6XWi3+V7tab6J3a12aSbhIyHPXOCM8d/RhtA+bsOScEA8B2em5WGVJ5zgemcZHJ79cA5FA4YDA2hWzuyOeGB6DgnkkDPPTmn5RjsDBskLk+oBztz0BHTkjk+2UlZ3TSXeSV3Zrdu/la97PS76za+2jkk9VZX+Jtczbe+jbd2rp2aAAlDlOu3ggjknByRgEYPAyc4IoIbLKR90ksGIwQCB04OOnyjoQCetKc4wehOQAWJypxjHoe+OemDxTWbI54yvLfMVGTxk+34AcHLUKautbNKz68z93e12vJu2/XYJVEtHdWd+ndLVfZV+uil0ukrxeW+WwQS3JUE8HJJBLYAIB3HoBwD0JpDuj3ArzlSCT0XBPJIG30A4DcEkVIcYDBvmwCwyTyeMnjgnqOCB0PSmO3BwGJ3YY/wAOOB82Dkkgen8XQYydHUemmm71jZ/Do0t7LZde9mrQ72vGL1UXGzVrJRS1et3d+d1oNG7cu48ryMnGAck5A7nk4A6E8DHKNgZIJJYkkDr6ccnseeeMkUBhk/K2AQxyODgYHI5OACeeAPQCkZlw43AbQMdSEXPQDAyMgjHX8ASLUr2vu++u1le2/n59V0EtdHJdE21qrJX+FbdlvbfcjkOQ2cDIA4PIxgHJxtJPfpx2PdpYYUhv4fdeuCQATknvgDgD2oOMPkDJGWwONxwQeD0zu2sCc5I2jszI5yxDhQASF9Qc8nsR90Ee2BkjRXaT0uuzurO2mieltn6P0m93Zav/AIbXz36bhyGBJzkknuOcYHHb+vp2ceNwb5duQRnPzHkAe/HXpg9euXEIQeQW4XAyCrAjg4yexyexFMOCScHJIA3feA4znHO768k8nnGIjbr5217pa66XTv1XS2ugNb28nr5W6+i822AGACGOCueTkKM/dGenXqBx17k01sqRuBKkgg5GCQcnjbxjHTB4/hxUgJJc/KVADAducnnnpjoQBweMg4CkBiABu2hScnON2Cxz1ByO+c84I5oul5Xt27ryb3W3pp3HZctt/wCWz1d/km9VZ7LXS6uViuTuHPJ54UADIXcMndx0yMDqeeQYA5HU5DEHnPbjnHHTn3XbnAslcl1KgLg5wcnGB047nnjphfoEESk5yozhgwzweRgDJGSO3yjpxjAqlOys79tPlvr5Al1S0ev5L8dNF8yMKD82MllOexGTjnjgkYBxjoCM8kwudnIGQPVhnI79MDb3ABJPQgirJQKDkgjnOMj/AHegOCT1J4wB6cwvtwVBy3HXIAySc5ORwCOc5OP9mpSd+rV1qnolo9ftWWqWnRO972clo+/n5Wto1fzV7+llYqNgKRnbngEY4zkdD69+uRjPqIv7oPUZHP8AEBg5HQEqexAz0GMYp7HcQcKMbgDgjkDnr6kYA78ZJBFMZmJORzxtySSAcAYH5Y4OBtJByKvkjZXbV+nb4V26t+X4GbV09m91o0r+7d6p9V0v5XGbtwBODwQSo4DEkL057jocdTnk0HO1RgcN3HXAOMc44ByOCp4yADgqePlyo2kgr8o6cgnk4OT17DjkUkjtgkDdgnbjBGD2GM9D7k5OQSRgLVbWtZa2et7fLV22216kq8VfRu9t1y30f+bWu9rtFdzjcyADC9uCV43ccDgknHI6+uBTIwDn7w5OcnhskE5xjcdoABxgAgjGBZZgQxIAGOTnlickDPUYJPY9McA5NEgr8wOQD8wOM8DGRj64PQjBznpVdlK12lppfpdb6q++lndG0JN26xd72lotua6TfZuzs3y2tsz1f4YShPERLE4XR9VHIJ/5c5cDOe3GDz09Dmv4uPjheKPjD4m3AOq6/wDEEENgBifE1yByOc5J6ZHXj1/tA+GeP7fk5HGjaodo5IItJQuM8kEYzngAkgECv4ufjUkw+LfiyXAdDr/xAAwCcbfE1yMnPIbnHOQOmC2ceFXaWKxKd7OnStZXdldPa+uq8j2MK+WEG2787bSWnTe+rVnf7t9bP1B0l8HeNC5CKng6yICD5mYzxLjAAwP73bnnnNfk7+0vBK0dqZDsj3W5jYnnb5fA757ZxnJxjpkfqzfXFlF4A8fyzM4lHguxWMFdu8/aogD8p5HOflAHU9iK/J79pUySWOlmVTtItvvHllKE9eMjdgnGeeq8YPv8ON/VcW7rWai9e7Ts7bWV7rt1sfLcaSc54ZJt3i9E/iu1vZXS/wAur3+f/Bmr2NhfXCQKZ5/sEyh2Jwj5+8c+gAHXJ4IP3s87rN7fXl75kshdEkiIVDsjAIPJUHGQWx6YyQfRvg6xvLnWLlLWF7hjbyKFUNsUt3aQ4HAbOCe+cbiK9Ts/h7Z2+L/xLfxR2zsHNuriKJCAOZJGIbb1B2hh15Pb6aNb91CLl7yauk7RsuXdp3tfze5+fV8M3JpQcVKMFG1ruTtdJavXS6stN7HOaFYyNa38kUM15I6r5ccIY7tvGJGGAMD7wI4AIH8Rr7w0Lxl4Q8J+BdIuvGl/FZmHTIhBoFrJtdtg+RngjX52YFdxcAbic54r4z1f4i2dpaXug+DrOJcxmNtSEW2OMLhQyPgmZjlQGODk8gDOPon4NfAa08Rabpviv4hao+pPND58dhJI5jSPgxB1Yk4x/wAswp6dB3qnmGKxFb2ODpr+G4upK6hDXWUmnaS68uvpvYw+XYbCUHVxjb5p80acY3qSdn7tr+73k31vptfnvGHxS8f/ABKhWw+Hfhg6HoEV7BD/AGzcW53lXkABVnACuQQ2Vz0yfmNex+C/gBCl2mu+LLuXX9SESyTXGov50aTlFO22hkIQKpwoOMDA6da7j4leJvh/8PvDlhazXNhpVlBd24SytBH9omWJhgxwxkylyRgbh1IUY7fL/wAQ/wBqHXL63ms/CqxeGdF2GMapqCl9Tu4im0NbWpAaI4GUJOWGc8dMXDAYWdatmNeeLxC5HGCacU1bSMVoknqm3ay1Vz1oPEYihSp4CisJQk5KU9VeNo2UpfE77csHq+ltD6g+IHinw14O8O3dtc39rZO1msUFrC0TXNwyOoMENtEd4dgoCgjHPJ4ArwPxx+01qcWmRQafNZ+CdH+zpH9ouiLnxFehUUfuLLOId/JUnawyCRmvh668SeJvFVzP/wAI/Z6lq+qpOskuvX5luZYzI4RRbqweKAs5JQAnDYIU8mvpr4c/sR+P/Gk8Ov8AxImvNIsJVWVje4e+nRlVwEiJKwIwICsOmd23kLXlzzLHYyvOOBhNXhBWgrKMVZe9Us2tekfivp5dtPL8HhKFOeNnFvnk06i96U3bSEL7pJP3r6dFoeGah8YNb8QawYfB2k3eq6xdh4DrOqeZqOpTFgVaa3gYMttwwO3ICAcA449h+CX7K3jL4p+ZrnjXVbjT7AXsm6F2Z7vzVbfKPJLbIM5IwoOR9MD9IvhT+z78OvAEES6PoltLdxxTH7fcRLPdMFiYFjMwLAbhyONqjAOTz03wPiiGieIGiVQI/EeooAV4IEzgDAGAMn7vTjpxXZg8krVK1J4+bmpxlN043STfK3zO15Pbd9te/Hi85pU6NX6guXk5YupJpys9LLflW3nrou8Xww/Z2+H3w9tVk0vRoZr1FJfUb1BNcSOMKHDMrcMckDopbrxXe6XHDH8TtTihiVVj8N2O3aACMyMeAvAAIGF42k5GQSa9XtLclY3cgqYtqoAQMLk5I4+7g/MCMjA6mvMEntrT4pa9NLJHbxQeHbEvK7qiLmZzjexAyBgjb1HBya+opYDD4aWGUaUKajVTk0knpFNtu3RNbX7+R8vUxlbErExqznNyoyW7fWC0unvdPy6qx7NCpLLISGURoO6op6jI+U7R1Jzxg56cfH/7T08aeKPhlFuX5P7UkKghUx9nBLEkgD0JAHPJxkivXNV+KkDyvpvhS2l1++GY2mAaPTIGwB+8uMYLKSMbQykY64DV8i/GrRde1zxf4ZXXtSlubhtKuboQWGVtrISllMUYVgZDjAZsYK5JweR68MdQhjsJToLnl9apSbV7LldNtuXyeqb36WZ89mWV4irlOZc8nRhPB10m03NucLc3IndpaPXlV1pdaHH6nfW/76SOaIM7ANiVCA4YgY5IIC9sfN17CseKa2VgWurdSZUIJlUlSG3EDkBfULnOcjoBTj8MpDGix280quwc75ZgwIGd5AGDwc9OAOTngSH4cC2VC4jMmd4Ruu0AkglmGSdowOBxwDyD+iTzPFNa0Ka92zbqN3+F9kk7NerV2up+I0OFsFTcHLGYmfLKLtHDqMXJOL3dR7vttqumnJeDNUsrLUPEX2q+t4UfUpRG8jZ8wBCDtGCCM4BwQQF9SDXYTeMPDkSsjavFubBCgnBGfugbc5A+bGOQOCK898J6Zphn1pr2KApDqM8YErRhlKZHAZgcZ6HHbcNuMDXvrLw9EY2WOx6EsHaEZJJPAD8Z5UKCTz1OK87B5tXo4aEObDRSlNvmk3rz3f2lptqvzbPbzPhrBYzG1KlSlmFSahRj+65FFKFGnFWdm7tK+t9t2rM1tV8ZeGhpWoQx6g7Sy2VwqhVLF3aNtnY45I6kDucYOOE0Lxpp1tpunW4t9QmaKA7jGi7S3UgEkc84xjKjnGc4sXk/hxbe7ZbiwgkEE6qg8n5mKkAABj04B6ZJwemawbLxL4PtbWwia700ypAFlwAdjYJZmGcFwc4wWOMFuAc8lXN6rxcan1rCxfsmrxSVlzR1ScmuidtOulz0MLwxgaeWTo/2djKkFiYVLN2fNySTknCC0Wt7t6rTXQ65vH1oXCx6TqLkcMuRg/kwwfwxgnjIFZfinxw11oN/bJol3GHWFTPI52x4dCSMscnJxzg8hgf4RnDxn4FWZ3W+tywAGBHnLDljkDPrg9Fz3Gc4OveN/DF3pt3bW0hkd5ImVUtiUZY5FbBJBByAOSBkcBTnIwr5xUamnmdOzi+aMVT00SevI397bu9ls7wvDWAhXozjkc041IS551K0tFKDUrXS66p2XTc9A0f4g61ZaXaW0Ph1njigh2ySXDDcURQGAXPBGCQC3B2sADir7fELxo7FofDcL7yChe4J5UgjPzA4J7Hg9xjGfOY/iNosEcccdrdOkccSqBZOTgLtAB7qegwRg8A55pr/ABCsJOBp+sPs4Uw2zxKAT6ghckjI5Jxux6Vos3ShSTzKrpCNvZwjpomlJ8j280tttDnnw9GdSVsiwqTcmnUnPbmTb9+ordNPl6dT4i8T+L9Tj0uO/wBJsrdU1W2dQLkmR5AVZY9v3cELyQOAWHA3GvYbXxR40xbONJ0yDa5Bd5t/lhVyN/HzLjDYycDOBkAV8yah4vguJNJl/sbWf3WpRzFpoiBPsxmKM5HzknCA846DOMeoL8TbpYm+y+CdVmAIKi4JXrgZOCCAcZGMAHPJwavCZnh51azq4vESi/Z6+zlJt8qumowVnr01eujvpnmGRYiGFwkcPl2XQa9rL350+WDcoNP3qtuZuN+ttFo2fV/h3W/ihqOirKqeGLfTQCoupLeJpNgJE/lHHRFIBzgc7hjv82+LItXf4mxaiNctLe5S2uEjntLRGTyVxgLFnaFJLZOCSenBrPtPi341gtJLWx8GXEVuxcCKS8dIVDn5wqHI5znIAzknk4Fec6t4p8d3Hi2C7Xw5Z21zJp7xxWsk26MocFmLc8jHHrjBGRxyYuvhI3VKOOq89aDVqVdaSlGzu1G9+lndX0OrKMDmFOt7SpLLKMIYarHSeHvdxWvuuXuvS/NtrqmetXr6xKgL+Jb92CHLWtose4bs5OGBBB56dM9yQMK+tr6WBCdd195HIACMygcqBkAkfMMZUHsDxjnkpPEXxReMJFp2iw5XBJlBIAPHO3HPAxkYK9Tnircap8VSkeJdGgG4BgE8zbk5bqoHUnnA65PHNYwo80uaGCx807tc1OaVm46e9JPXe/LpdaHozxzpxd80yyLWjcJUnJP3baRhtbrdpuySvdFmz066Hi69EOpayZU06FXmE7JcE5PyOyk4Q8ZAJCsOmciukl0bXZiYz/bcyu23edSmUj5QckAAAY5BHRieSOvnlhdeNo9dvBLq+mw6hJZQiaZLZWUxEkhQpAAcADnsSOvGdeTUfGcm5X8YiAj5U8nT84HHzMwwSB24yAMHHSvMw+HnH26jlmJqP6xV5uaUEldxfL79T79dNfn6+MzTmeFk88wlKnLC0H9qU3eEfeXJS0T6fhpodoPCd+satMmos+4IyyXs5cgHI3MBgg85AwODwK47QdDs/wC3vFUd3HJIbeSIxxPcSIegON2RuIwf4mPGazjH4suARceN9UcK+/ENuY+QvQDI69c454x6HjoPCd/qGq6wJPEWtq4ePdKkrQyTFjklwDgED7vJ4LZ65p1sPiHUwyjk8+adSyi6lJO3Lto/RtXtbsLDY/CVKeLl/b3OqdKE5ONOpeN501faLabSVl3+R9FaN4b0rVb77PHo1ikggEha+nCqyjAJDPIF3KDhl5yOmDgV6LJ4D8NWTxx3WjeH3fy9+77TasuBEH3AGbAwST6biejHB+S28HxRJHHceIfEMr7Nu5rudGBH3lDIchcdxkdMdTTZvBejsCXv9duCUZf3mo3DDBHGCXGRnjjqPlPGK7vqmNtpleHilHVzqK7trpyxlfW1+vmlquD6/lsrP+2sVOUpqzp0pWV+W9lOpH8NVq7O2n0L4U03wkLHULiSHQZmGqXUZimntEKImSm3fKPlBHysARjG0nIFdlDZeBltYZZ9V8LWrurMY2mtHeIgnC/K7MCBjpnPYnkD468JeDfD09ncz6la3k8q3csERW6kwIEbIZgrkluMl8HK8Y5wepPg7wYHRU0gHYGLGSeY7uc+uQT/ABZ5xjjA40yzAZlWoRnHAYGKmm4upKTe6tZKna1td/8AMwzbM8rwuMnTlmOYS5eS/JTilqotb1W5dNlumtLae0+Ntc8GweH9atrTXdBDGxmUCAQszsYcqIwmPmLjsOOcHnB4Tw/4m8HWfgvSIbrV9IEyWT+ZE6K8kTO/J4U/MQS20njA9BXD6n4X8NLZ3RtvD9rlYnKysGYBvL6g5ySMZJwVAU55GKPDXh/RjoFkH0nTpJSsmXlTcW+fgZ3Z2r0xk9eDzz6NLAZlDGU06GBj+4lZxjN7Shd2stdL+nnY8zEZtlU8uqOWJzCcHioXUvZqTbpPRe9pGyWru2t0zSufG/g22nZo9ds3UjywEhcsowSSDtB6grnOM9OhAhv/AIm+CobS9ij1BjLJZvGkkUEpZ3KEDIKYHJwcsuQecAgC62gaYjBItD0snb8zLboAoK4ycr1BPTBbJAHXNZ+paDFDbX+ywsw4s5MH7NEqqNuPvcdMDBAA4HGMA64rAZpyVHGpg6ceSSsqM5NtKOl+dW1stmm0lrpfhweZ5FGpSbo4+o3OnFN16aUW3Hlf8OT73ta7Xuol8M/F/wAMWOg2NrImoTyQq4ZYrR3iY7wTtygAYj5WYHOTx3FaE/xx8O2777DRdWgdmKl0sWUSK5JZeVHB5yAeA2cLXPeGNKH9i2JAi8xSWKpDGSBkkEMAcZ3ZPzEZ7EcnpX0qa5baI2+XAUmGMgkKTxgDAGCBkNg/N3xXPhcpzGVCg1i6UbwjzKOHV2rRas3O9uuu/d2su3G8Q5TTxGJgsHWm41ZpOWKd1aVrpKEWk7dL31TV7mJ4h+MVhq2hSWMegaohlKgySRCOMYkU7nP+0Qu4ZIPYrwKy/wDhYWqLHi18J3DoI4lBlyS4VRypIJC9Bwe5yc1e1/SboaPcSBAqxMincFj3FZFIxgc5HoSO2TmtyysZWggzLKqi3jyEiI+baM84O4BRnIO4D5uKTynGzxs6f15xtRg1KNKnZNytbXb4bO+11oVHiDA08tp1lliqN15wUZVajV4wpvmulFK97drpt2Wi5M/ETxJcsFXwrKqADrKw2tzySVyR9R647E5OseMPEeqolnPoMdpBBJDKsjSbmby3Gzcw/ibPOO+cYHNeow6LIcyRicgnaDLxGRjJHTg9z8vvzya5fX9NfT4JZdiSxXE9snTDKyuFYKDyVB6gd+T0p5hkeJp4WTlmNWaslKLhSjfWLs7Juzd766X63LybibD4jH04xyuEHK95p1W1ZJtLmlZ3fTe/fRj5fFfjUbHj020RQiRRMxBONoyWwAWAGMk89QCelRLqXjy7kE3l2MTRkBWIwQecgYIzzk4I4GOMgV6VaWFuIoMwRNtgRgTuIyyDO8YOD6MSCD06ZqePTFCyOyqAXBEYUrgt2LEYKjJAJHUdutdFPhmnFQlUx9ed4pte0Ssmk7XUb206PZd9Fw1eMajq1KdLLMPGCm1FOjJttSirvmbTff5nj89v4wvr3TWvL+zULqKtbhIgRHMAcM+D8wyDnJ6Y45yezfTvG6XLJJ4mWBCudsNsijdzngcZA7kk5GCOx1tZhgtJtGbdbwL/AGpGTmVVIUk5zyeSRz1yR9DXUT6loiyEyanbK4LA7ZQ/TlQAoIHXB/2ThenM4fKsvp4nGQrY2ulF0bJ4ucbt002tJRv2V3tfoaZhnWaVsHl0sPl9CUpKvzOGCp1LKNVL3VKE1FPS9l07Hm8+j+K5QUk8X6jy6HasYUAZ2sABk5BDYJIHXgHmub1vw7qQXT2n8Q6rciTUI4gjyMqqxYYZQSSGHUEZ5IPABFepLr3h1Ji8uqxgqCv3XfJO7HGOR0Pfng8cDnvEOr+G9mnPHqMc7R6tA7RGKQfIWJJX5cfLjJ6jGQOwFY3CZBChUU8Um2o2UsXUk370E7L2r6N3a6X8mZZZmPE88VQtgXGnzSTtgacfsNbqkmtUtb79bDB4FWURRT65r7ZfccXrqCAAcbh0BK4Gfm5xjGafd/DvTPscoFxrU7KhcedfSOGYcZ2kkYxksemeefu10T+LPDxhLJfKXVyQFgd5PodwHA7dOPTuknjnQZIWIF7OQnlqVjVECkEE4JXjrwMg5HcVrKXC8IJPEUW4xjvUlO2iVtZa2t066J9BUlxtVrXeExKi27WoRjpdctrRiu93Z6ddDwNPBVil7p+Vuma81EW7RtKWO0nG4nIIYHqec4ORnNe32vwu0SPJYb9pwqOjN2+6XZuR1BxwfmCnJOOKfWdJiv8AR3S0uCi6p5zs8sQZ1/iCnzM7sHgZUDvwDj3OLx3oAjJFkxUEkCW6hXucA5kGSCPbJGBk9eHBYrhanUryqVMPtBRcuaTtZN2sm9+i/DVnrZlhOOKtLBww9DFr3Ze0UZKKu5RSvbyu0nbS3Y57TvhfoDgtJbxIgz8hiIOVYbsbmPy4BHTp9Kvp4J0dvFttpUMMEFp/ZYlkijh2jcrEk5Ug5IHrkg89c1ov8T9GtYwfsulxAbv9fqCglfvDOzeAPz474PGJb/Ffw9F4uj1O9m0W3hi0ry4wLppFkkDMcIQuckEDcQoJxjjIGGOzHhmtGnSpVcK1GtBu0Wk4ppb8qSXV/pcjLsi4zpTrVqtLFpvC1UuapNvnajyKKu7NO7TjtvdWPcJfh1ptvAJ0020vC0Ear5yn90MA9N5y3J3DKjjsant/Aml2axpHpWlqLhDJIViQleWJXJ6DIPLZwMDjmvNrj9o/wL9ndZZrVpBtHlW16ysQvcAhQCwxgKeeg55rkLr9pHwUlvMRYX0sjblQ/buiH+HIfhT6kf7vOcwsy4Yoa0p4VS3u1DRNpu1oX5ntr+SB5BxnXfNOlmEpNLV1qnKldd7XbVndvbydztW8N6H/AMJ1rYGn6d5EGmweVC9vGI/OOD5igEjcMjJB5BznjNLqcel6VIxi0vS7d4rd28+K2Tchx/CcZBJIBA78jOST4d/w0n4Vs9T1K+t/DjSm4tYYCs94QqYx84kAJZgepGB97juOb139pLT76ORYNDsIVMex/wDTTISCeQfl+Zh8wzzkjvXJDPuHqPM3Uw3NKpKUWqcpPlck9lBaruuy0119SpwhxfiZUn7KvGMKVGNqlblSlGMXLRyas5WTdr6a3Jr/AE+S7urm7i8sLJNI8hSJUGCxAJHKkYAPAyG65yMs0izC60kMreYotHLBIwQqKeG4HJyCD3ODzzkeaN8cIRDKIdGs9oJEZM0jEgknJwpBLH0x9R1rNtvjVfQ6il5b6ZDCy27xOEieVnWQg/KuwZOMnqB2PSuOrxRw9GdOVKrzqNSDuqNT4k4Xe0W7u77W08j2aXBXEzouFTkTnQnGTdeLd3BJXfNe6d7bJX+Z9D3tnBHGphE64j3HCnJ3HIIOOueOrZJPth0mkW72kzy3ErtJbOXjGc7RglWXjOFGMZ4HJxXgtz8c/EUsLxRWLktjBGm7mGOQQxJIAAzjr1zuAFZVx8UfGt3HOyRXAAhZFEemuo2MrK4yB/dyT02kZ/h4uvxxlMVOEcPiZylBr3KPuppJXu9rre7t5as5sP4cZ7GVKU8XhaSVSE5RniLWtODaile7asrXV36n2z4l/ZJsNT8A6R4/8Cx3On6teabHds1hMXlWfALSPErBDGxClgdxXKgDJK18yavq3xF8A3em6Z498OtrdiJbVE1Wzjkg1K3tYpVMmJUHmGRB8wLgBiNuea9f/Zz/AGofFXhC0i0Ge9j8R+HVmRrzw3qD7L22VdxcadPISw5YkQrgchfYfZMeq/CH4/eJLQWep2ujarPZizudE1ZIrS581lJALyMsU4iYfu23ZPPJJr5WjisnzSUJ4fEyy7GXXNGpyxpVJaLVP3Hfq01LR3Vz6iphOIsn5oYzCwzfLrpU5x9+vRg3zNKcU6keVLlSleGu7W3i/hr42eJPEUEOiaJ45fX/AA01xZyt4e1eVbTXNOjtoyfLS5LeYzKRjaGIZQOR2/bXQPG37H/xj+AXwt8KeGn1v4e/HXw9p+oT65rcQVNP1LV4IZBPJr9uxEN2tyvyQz5Zx3AytfkZrH7Aer6/4Y8Z/EbwhJc6MfCt4I21W2Li2vUDFPNCoQqNGQAzKWBBU4AxXxT4iv8A43fBu+trDVtRvJrWzmW4sdbsHeUCKQ5CyuilnRhkMrfKqkLkj5a8LM8qhjqzVStWhLB1VJ4rAVFKjUvG1sRTUXKUGmm09L7s+kyvFUsPTU6FKEniY8ywmYw5K0drPD1fh5rq2ivpbe7P6HNF+CHxX8L/AAv8J+JLK1t/iP4G1i3ujDrfhuVbq70Yvdy+bDqGmxk3WIiGZUWJ1Ck8ivhzXfBcB8YfFa48yUsujPd2W1WhWZ1jbzoQrhGE0ZDBosF1OV2gCvKPgh/wUX8QaDJ4eth4svfCur6DbTJaS213JDpOoSlGVnurRt0LvJk+Yrp1JBIK5P2V8Jf2m9K8T+C/ipo2reG/AvjrUPG/m6pezarDBp2p6ROXZ559E1yNWlt2uAxJhUBctkDoK9elnGb4WhCFJYXMKVK0U6MlCvyykoNuk7R5o03rqr31R4uJ4byaviq1WvHFZZVrvnk6sXUw7mnGb5ZpX5ZSXna2isS/AXwj4pX4W+H9UtPNi097O7kkMiMjMiM5lbLqoCA8DnHUnmvkmz0G31v4k/GSDUjZzWMksQmhmWKXzFI2mRWcHcMZVsHOAB3wf00+F/xW+Cl94Q0zwlofiPUfh5fCKHT28J+OkN34Lv3mZluY7fxgu+8tY5WP3xBwWAxgAni4vAngPwfrnivXr/8AZe1jxlJq9xBeQ+IPB3j4an4buokkIPlo7rJ9nuP4fMRSuSCF6UnxR71Gni8txD+rN8tCXs41Jrl5FZVqkISWu0Ztdm7WMqPCrvi54TNMMpYnT2yc5RpvnhNr91GUo2S5bSjzJLomj8Ufi7+zl4Z05PEviXw1d3FjLp8EV1DpcSPLaXIYBn8tYwTCoJ67QnPLda+bGtPEPh+4isPEGgajp4uLKG6QXtvLseGYBoZ4fMj2tAwIIZSR1wOlfv78Tfjekt14q8P+BP2LoPD8ms+GBaXl1q+q/bpbRbeMv9rjSRPLVcDdIoOWA255Nfmb8Y/GfxF+KNtBrfxBsdH0caF4ct9I0LS9G023soxptpK8KC5aD/WSJsxuZizHJI6isOV47FU6uGyrE5bTquPtHUnCUZSvdNwpyqK8tr36el/osHV+oYSVDF5vh8yqwvGEYcyqRUXZL3kpS1evMvdXXofsp/wb3TSN40+OinaUX4fW6IAPlCm6fBPJGQWPU4A7HPH763mchjjB3KBjru4zxkBc5HOQecZHB/A3/g3wjSLxr8egM7F8B2qqBz8hmZj3GOo78ZB6E4/e+8fa7EYBBbOD3BOOfT36cn2WvZxkHTxyV9Y4TCpt315YKOt+jWm1lfdOxjlsufBykkknicRoltzTg7P+uuyu7ZhYDOFOcbe3OTkA8kHueSeRj1NVn3fMASSWGMnqNoyMHGFGP19eKlZgQACMkHOeOeAACexz2+7k4GRkVW3YIOVbaQrEjkk9Ae+Rx3OOSBjNXT3trddV206N+Xr+a2nzNrdRbu32Xzvra6/HvdSSCeMkfiTnjjIJGefqDUT5DNkAbsAZAHK8kZHbrjg5OcdRSk9AOVPfI5IzuBOBtz6nvwecmkYhduV6jJwchckrhuoIBOCTy2cZ542i9Xppu+trbJvdJtq7trp3Mr3e73S7XvrfVJO/Za6absZnJA2k4zJ1xxtAI4HYkcZGecjAGVEgC5BJwcOOvBPUHpwRn1Iz2Iph4PQNx3PHJ65GNpG31weo64o3BsggEEYXqMBTtPQnkdNwPGQeQKbbs1ZX6dtbb22tbvva/lLvdd76X2WkdNF5/hpbVkyyAnkEcEckse30+bHTkYz7YqRcMAE3HgHHJAK8YwDkgEkE8dRkEnispBYkAZIG4nndgZII6nPGenJwAONtlWIC4UDOFJGAcHljnjpz1AB7VLjtrde73SbvHZK2qSUbX+aepNtbS8tbPXVbN6aa3eqVk+ujwCflAGPlOSeAwGR19eeMcYHQCgqeRnbjackjY2SCcnjDDGcgADv6GMNleDtOck5yO2BntgYIXHXjI6iUMG4IOCNw5yDkZK8dxkZ9eBkgYojFxkuayVk7pJ3vy9/ztrrbVlpQtddkr3SaV0+n3K6td310GmP5XUYwclSxyASQCCcAnoOo47kD7sJiYdsjG0dCc56E5y3GfmOOnAIJBskBiVzk4yTgDjOScHO3dznPOOvSkfKgY3EjlQCcDBxgA4AwMYI9OcAcdEZ380n5aLZXS3u0lZ6vo0TZLd3Xk0+219fw7LbUg2MS7gBgOABle2W5J/xIBAI4qbDYGWJUNuDY4IIwQOzfXIOcHcOzUbG5SfmznPU8AnHTjJKjaeCcjg09XGBnLHDMO/I4wC3Yc/j065F+0b3S1fuvm+LRNWSs97q32kra63XNuvs6Wb2aTVumj+Wy15mNB24U4A+ZizDdt9ODktzgdCFGc+lMBbI5bjOQTg56Zznh84O7pjGfeUspGSuGGBjGOBjAIwD6g5B2jOaaduMkjlsqFHXIXIzzt4yeOOg7YpWb1b0sl6Wsm0t76q/T9c5K6fvWXkr6aP8Ayb6fm4iwIbqdygAjJ5UgtnPA4ALHAJGcdTTTliflVSCP94he2MAHvxnkdR1p/JLEqofOQc53AYP3RjGOcAZ5wcdBSbwGDBQVUHPQ5JJGcclsqAenqBnnAlro+un4LXXz6flqZO94tu622va6jrv0ejstd2tLpeA4LbTnAweWxyF24JyM9yMjtg/KWs5JXG44JUkglQfTHJJOQMnnaST8tKX3sFAHG0EjIG4t0B3DIUcEYOc9DRtY/d4fdzzjBHU4xycEckEY9hxSS2k92r6Ws3a2uq2bfvPo76720m1Z3bsk7a3fL6NJr177p3cM44GG2jaAe/OfvbSB3Lbec9OlPzwCW+bd1IGcAAEDA6+3Gfc/LUYPDM2QwIY9QxAxjA64A+o/8epjnGTzhT68lHyMk84HHPqB6H5U1FtcrfTay167rTXtFJdLvR1216pu+ltrt30dtO0bNt9B7OTnIX1BJySOgA47nHGepyOmKiL7t4AyAMNk5BXHXAwcj0ABPGSMCjcDvBBBzgFhk8d/r1xz1weBTWIOCAAHTBIBJIUj5dvYDkYI49yOJbdle1o9bK+nd72tpe+ztcTfvOy0VkrJO6tB3Svr87ct90tR4xxjps24Hr2/x688ZyDThgAh+GA4I74OOMcA8EHHUeoANRqdpOemDkk4znPy/QDPTPzYXGWyFR8bSMZ/EkkkHBGMAbTgHIOc49ARlKOzum0ulteWz01+dl8Ol7ttS52lfS6uldO97W0Vm9Xe11vey3JgSTu3AqrAbWIPPUE5/hPIAPTruzQzYOMA4JJwMqD/AAgkDPJ5A9sZHUQMxYnlcuWIXnIAPzEYGBjOSfTIzk08OAp4wQuBgn5iOMAZ5JPXJJwGGDxTcpS6u97qys9o36PV23666b3ShNpaNuz2VrNNaxvfS79Vr0uydSQFAHIIUAHgkn5gTk5Y5J5znjOOCHF0VumDu5IYkAkfKCO/fqOv0BquJNm0lgCeGHG3jIIY98HntjvjgByEEFSSpJByOTkYJ6dDn+MHn05NTdO234arS33d1rqVGC0k7WT5n100baXS2+m7u9etgMGwMDJIznGCCRnIGQQO4BON3HQ0mMfdwNrZbBPA5xxgbunAGMEEgClBAJwSC3Qkc9Tz1OCTjge2DTw2QQAPu5AOMZ4zxnO4g5B5x9Ty4y2Su+jbtvdJJ9dN72em3cFaVtHdddLq/L10Wlrd9HvoRFduBgAndj+9z3z13cnqc/N7moMOwQEDgnaOgxznd1OScdR0+bParPyuTvIYhgoPXaAcckn6d8YzjthgXHpuQEfPktwPwBBz9cDnnIq3Na6aJaX8+W6tr/wbA7aLkWi+Jtb32V1zJO+rtp06MhUMucgkZG7AIOBkEj0wTgAZzzg/LmnMpDHAJKnDEcDbyOevck98kZ4JoLMo3LnGTuOQQdx+8RjOBk8DkkDHc1IrjkMpIO3JPOOeD+Q5APA7nFHM7K+8uXTa11G34NK2ut73TV4UUrW6tb2b2ju7Xfq7kDfL2wSucc5z79Mn0JPHWo1JyScHOc7eMHuB/dz1JGD+Qq2QT90K3DFgBwAOnAAHTOSoyMjp81V3AB+ULjO4ZPDZGDjI+6QenXkAgDGS9nrtbRu+uz07avfW1kt0OUamnvaR10Wtvdvd7+j+fe8DEEBWYhQVA7A8gnOM4BHUE85x7UwqMhQEbaWIJJwBgkbR6AjIyOMc5xip228gHBJBYegbKsSD0IwMDODgjJAxURBCnbuKsypyRjgjdwTyTkbgOnUgVPN38rWW22y1WyfT1tdleyb95rXS1+7cNXF+u/l0W8JUYGBkgHgHgZOQT03DPqRz06cgVtuD82dwcHPGemc57cZ64OPu4qzs3ZAwQSM9xheeM8cnr25/vdHFOcY43DOMAHOOMex5wOuPc0e0aWmr0cd7t3jptre77Ptd6kcrSW2qVkv+GX9dCBR90chdwHBHTIJ69ic5B9xnpi0NpVVyQwbblgQR82QD26NyOxOMnANKqqOFAbqVx2K88dPTHUAk9BkmlP8A3z90ggjL7ccA/eP6n7xxk8u8ppXS189vhWtkut73Wl9OpooPR210018ttndatrXTyRII8EH7xbOF+VQcAD6HoNp7kDHNShW7g7skY643E5A+9yRx1I9ByaRGAyAc4UE5/hJIPAP3hgnntyBnmkaUMW4A6EqcHkE8YPAAOD1BHGQMCs5Xd0187pWtbezvpo3fVXV0767wTj1Seit8106NdN7NrYlDFQoPPqBknAwcDkfdxwfUjNBc4GDnPIxjIxjJBzkHpwfwxkmohLyCRyencbSD+YAPAP1ODkU6Pa3J7KQeOvPJwR3ORg4PPGduK53FaN991e72sm1pe6Xpe29rapyc0uZWilurt3SuvXz3XXR6qC7ZALA4y2CTj06+vGeRyeBkVZjhcnouQD0wWORzkgHnPJA6/QjEKk7sA7QVBwSMhgejE569e4IznA63Vx32gg5Y5JI6/LjsfxGMnoCSJckmtl3SS6WWq+TT379jopxUmlLXVP3bPW8drrbff5vVtOSBmCqAA3JJG7kHHXGeDx3xzx3q8tq5X7vBxsCluRgk9BhR+YzjODnEMTOSpAOSwG0E5HVue53YJI43HGTggDdhjBB+Uk7V5yenGcAc844x1HrnI5a9VwTcWl5btXtezv7rUr302t6Puw+HhOUXaTfRNaa2XTdJ7W3smmulCK1QEfKCeu1QOg9GHXOMnAxnnnIrUgst5Q4C8HCkADHUbumCCc4HAz14yda3tFLLhQD12gDOOuMZ5z/LjjpWpDaR5ByQBkFRz3yDnaOvc87Tjp1rxK+Nad1o9rp73tpvu3rps9dD6PC4BSUfd2abdmtFyq2702dtnpbTbKjtFAyUycAHJ2g5IwOQRwcnH0LcZrTgs95BClVDbTkcEjtkYOO7LxnvnBNacdopKhv3YALKAQ5Pfp3AAGDxg56dBpJaqMYyQvJIwfvd8DjJJwAck4Oe2fGq41u2qbvZ9krLZq11um7aJfM9zD4KC+ynZJy63tZaaa/DbS932asZUdkQAuAoHUYyP9kZJPTqRjoOmTupktsBhtoBBxyc9ep7YwMDOBzwcrXQRxdCRuVWOCc/Td0yeRnvgAnjnLHswQxyQd3UAsSMZOBjjucYIH0PHKsXJS1npfa+j2eq2fTTT7j0vqkeW3IrLfSySVle9vv01vZHJSWsueVyuG2gYIPU4AGcH1PB5GeoqpJbtgsyg4A4GcLjrnPp1OCT1PUYrrzaM33OX7ZyCpA5wD0GSCOe5GMg1GbJ3xuUOxDArtPJzyQegOf57gMdOmOOaabcbxcbv/Dbo327281ffmqYBNXjzXVrO11d8urW7W2nVJepxgtTgNgsDhgQMjHTB5HbjCjAAPsatJZAEb0AB5wcEnnCkH5u+cYOfm9MZ6lLHP340C5IAK8Djg555HJxwBgjPU1MLaMgnABU7S7DJ+VgSMrkqeoyMDv2NaTzJNJJu+mt29uW/e2qv97unYzhgHG119lPquqS1d93bttbW6OdS1CrhQoXlQc4JJBDbgOMrjgA44GPmANMktyeAjAhduFJzzjAHTA9cEAgYPOBW+0IDjcMjk4A+UkjghePl5yOOg5PUEEIJ+6x55OSOnIAJz0HIGOMYI7HKOLlzXbu3a+r0aaer+X5O+iN/qiSStouzu+i6vt26rTuc55DEBeevUAkYB5IwCQcn1PzdSeaQwMoOFAKj04Ock5YcZGRkZz64bg9F9lLOmVIAB7Hae2WPcHOcEdQfQ00WfJXcdpcDOBgj0A4GAfXLYHXkVTxKbTulbfby1WvZeXa+l3H1R22u7Ld21bj+V9V5PXQ58xMBypYgElRkDnjkngA9QcZ5yDT1VVXdtAGAdoY/eAB+ZsH1IIGejDnNbM0ICkL94k8AFdwU8nae+R1HQ9cGs6T5SAAQckkYwFIBGTjO4Y4wBkDGRggm41nJJabre2yt0a9Xf12uzKdHk+JWslo1/had7XtdddLJXK5mRQxG0HAKnnqOo6DjJOT1Pf0qnLJ5hLYAwN3U/MpXHVQSeTjBJAORjI4e8YO3JK8n5MA59yODwf156CkCgLgNjA+UgdF4JK9ecHHXoT3ArqhCCaXvPz1bVlHppeytpZ2d10aOGpOSvbzfe97X09f+BorGXMcAgE4YknBOBj5R1PPpjHGScY4GSQwZlZCSzAckYHcngjdkk+pJwQSeR0Mkf3QVGDu+Y4Oduc+/XGTnj04OKcsBznau1Tk4xnABA6jgDsM4zgkA8jvilZaaOK8n0erbXdW1sla2lzyq1+Zp6ppW6Ldb6rRKy7dO5jbMMSQQHGRjoM5I+YDgdM8j064JOpbI4Jxzg5A75wePoec9OtW5DhiD8y7iQTjBypOQeu3I6dh90HGKiHOQACDkZAHUk/L2OQBzxz2PHPXTTad9LW19VbRa9/nfV9/Llzp3d1ez27pW0votrXWtkSorYBVBggZ5ABOMAHnuOnoB0p7OUAwPoQejL6DPJGOMj1wQQcisvBPOMDHPX6ep/Hj8RTWYHJYD5d3IP3DzgYz9een5VF076Wd9eiunGW1tWt+ttehSb0untZXVu2m79Xbs7XtoKzAdRkAENkYGck4J7nnv9eDTd6sBk/IpBUdchRhhgYwOOdvJ5I65qIEbR82dvQAHb9CcAHAxgrwT35pxVuGBBOeSB93oM4wO44PAGelCa+bemstrw2tf+XZu3S1rsbTa33t006brV+l7dU2I74VsHdjpnG1QOMnrn1x2H5Go5H3hw2Dk98jpn1Oe555z3q0QQGOfmUcg9yBgE9Ac9wfu/eyMGqEpAZyQQCMKozwThR/UkjOOvpW0Fe9+rXRpP4Vrrp1av21e1+eteMLd01s07tJNJdeivbr5s9D+Hyq11rbZICaHedTjawhZsk9wxUdzjGcE9f4d/2+EGofte/Eppo1kWPxFvMjnKJufaWAyQWPb6jbk1/cD4Cb5/EZBOV8P3eQf+uTHk8hevXnnnOMZ/iB/bUtBf8A7XHxO8+RY4X8SvG0hYAARkuwHA2k+menJFYYKnCWfwlPWlD6vzWd4pNx0Wqeq6XuuurObOVP/VqqqbaqThXcVtslut3Z8uz1sn5Hh9g751S2s48zJpYtxK+RDES2dxOBsVVYEA4x1wM1wfxJv4tN0/TLPT5PtF4GYXl9kkNLNDh1iYjPGSoxuxz1OK6HUdSkM2o6foZaO3mUxXcg3KriMYULIeW+Yc88jjG4ZPKa7oMK6DFqms3QhS1M067ceWjBdkUakkl5S+CNuSAfpX6zmbnKnUdO8KMKLacmk1ZLZ66Jba2132t/NuEjKOKw9OcY1cROt70Er2bqJQurPRWuovXVO2x/QX/wS+tdXm/ZE0HwZoyvZXPijxPqWo69rLEj+zfD6tIs8gmJGyS5XdEGyCmDu6Zr9AZrOz8bovgrwoRpPwr8JPEuv6vExgHiO5tWElxYQTgLus3ZS9/PuIk3SKchsH5S/YG8MXd7+y58MvBHhUzWWk65p8mqeNPFZAjuWtJ7mSRdIspeDuuCdksisNkZ3dxn6b8Y3C+JdR0f4L/DKI2Phi2vrW08U+ILVSI5ikq+fo1jMh2zXEiEteyiQlt5BPGB/LOcV4zzHFtbSr1OXW6vGSXN2u2u3TtY/tLIKPJlWXwnG0lhKK2sl+7holpayfzvbvbV8PaA/wAZvE9tp9rBNp3wo0NzHELUGBvElzpLY+w2pGAukQCMCTZkSldxPPP3F8MdKs9E8CwG3t4LOym1a5aO3hURRRwwzmCKMYwMBApY9T1J5ycXwX4c0nwutvp+lWscFhofhPUooIY4wqRSwwSJIQFHzTSFSzuck8nOTmvKYvE2v+P9C0j4b+C5msLdVvpPGXipATHo8Mty7LY2EgAEupXCHbhWzFnd1OR4uInFqKteTetvK103pa9l6N9D6Ggo8yT2072stXt0s1r3dt7lK+vvEXxf+KHi/QPCN5caf4OtDFpnirxZb/IYns1EkmkaTKCoee42ss86EmNCV3ZXAw/HfxHkFzZfA34EW9tbXkMCHxV4ot1Ell4ag8xYrqV7gDbc65cguSzMzLISx75r+OfF8+lQr8CPgVEkWsS20C+KPFUGXg8PQuFj1G5u7tRifXr0NIwVnLozE44wOL1LWdB+BGlad8P/AABpk3i34qeJNtxYaUuLm9mup5ALjxB4juMs0FpFKzTqkrDdjaBg8eY3KWru37vNLq7tWS08l0/+19CLhG17cul1e2ulktHtov8Ag6rfFz4T+BGj2Xhbw5p914w+ImuXdxqdhpER+1a/4i1KaUpLqOt3OGktbCOQs7tKUCIGVASoxsfCr4S6hZeN9c+JHxQmt9d8eG1W9stPjxL4e8HQ3KiQWulWR3RNfRZVJb0qZWIPrkdJ8IvhVJ4F8S+MPFXifUf+Ek8eaxoEFzq2uXCgixmu40nk0zSkYuLS0gZjGPKxv2fMOoHp+lyE2vi28fCyPZ2S7m7rIhRVX5uASRjIzyduckVcouMH3tHRW0vKNlt1V7dFt3FFKbvGLtpbe/4aaLpbz06TWCE+EzKx3PPe6tKzPjcxd5GHQYxsJHJ7DsRnmPir4v8ADngfwd4d1rxJqdvpWl2mmyyzzzlQx2xNiKGHmaaeQhVjjhDEsQCOBWZ8RfiZ4d+GHhHRre/abUPE2rLcRaB4U04GfWNXu5QREkdumXjgDczTyqqKhZ92Ac/PviP4e6v4usbP4kfGe+s5tS0TTBd6L4PFwB4W8J6a0iubrUGkZILzUYYh++eUFo2BRA5wCUZ04VILq2pLXRP3bN6btXt2b73KrKTUlG1223qrR+FXbSa2WiWi+15cbJpHxE/aIttGOsW9/wCCvhG91a3+n6Qrvaa54wsYpQy32rSIwez02ZcMtuB+9jJ3qMk16P44+LNr4UuIvgr+zn4d0zxJ47W3jhuns0C+E/BsS7Q99rd/CDFJdKN0gt1kdnkBEgAbFec+J/HXjn466XJ4d+EtxP4T+FFlZW+i618TDbtb6rrhjlSK50/wbAwjdLYgNG+pALtB3R7s5rtdb8TfC79mHRdP8L6BpTan4p1DR4bnTfD+khb3xJ4m1VVUvdarcDfP+9clrie6KDn5QRxXq0k5qUov4uX3usm7LlitdNd0tOl7HkTTj8VlbWUr62utOjXm1vrokebfEn4WaT8OtE8I/ED4meIx4s8fan400tdV8ZeIZIxpPh8MGkuLHQdLlZ47O1i27EaBDLKpU4BYg+qReKfE3xonXSPAt7deDfh39rt4rvx01t5eua8Y3jWa28P2rbWtraXDIL0hWC4KgHFfO3xK8H+MviU/wu8cfGO/iaO/+Imhz+Hvh5o0zNo2lWk0c0jLrDAql/fxhf3iyqQjbsEgCvvDwLp6pf2SJGsVrDqUCRW0UCxRLCjqsaCKMeWqooAAAByM/MSDXfR54KaUnorO27vy3bd7pNd22m1a2rOOpyt2jCyvFRbutfdvK13Z3bTvtt5r+T//AIKO+GRpXx6+I3h7RhfXrL4lt7Cxe6Ml5qV9MyxACR8M880rZPqSRtGOK8p+DX7CeravoGpfEb47+JNI+D/gPQ9Ssv7RtfEt7HY+JNV0uf5pJ9O0uRlumVhjawjPBHXrX3V+3R8ZtL+C37TPxs8Wy+DtL8UeKLfxOieCV1eGOfTNE1MIvl6vPbyBo7l7UjfFG+FLY6np+LPxR+K3xD+M3izUfGHxG8Wan4i1HUJ4ZJRd3MkemwLnCQWWnptt4reEAJEqowCgckHcfscJLNMZhcPQwkVhKEYQTxlS05zfLHm9jTeisrfvZyav8MW22fnGZUcvw2OxFfEt4qvOo5Rwqfs6cFyx1qys21o7KKV7tXWz/Rvwf+1N8C/2bh4p8PfB74ZWHxD1C21K9Tw/4/8AEJ2THT5VCxLBK6lltmKsWjwN4wCfW9+z94+v/ilb/FXx5qOl6dpF3rfimG7urPTIlhs7eSQopWBI9oUBRkYAG8lgQM1+W2vahBbgWtoUWOJIUPl/KoAUZ3AYx3Bxyemc8V98/sO3CP8ADfx4ZZm2DxBbM69VLAjAJycAADPf5jjqM+phsow2BrvE89SvjcRy06uJrVJVJyinbl1vGMbraEYq+1tbea81xeKprD+zp0cJQUp0aFOMYwUrpXulzSbSSvJ6p9GmfamkwWy6xYSJkrPPbOzKu1B+8ydqjbhiON3f2zXC/wDBUtrqP9nz4cxJNCdLk8V3zxwgkP58VlEXY92UDIHB6ccjjt7K5MVxp5RUB+0Wzhi2AVM5AwCPUjI9Dj0Fec/8FUphD8EfgpY/Lu1LxFrTqC+4bhYQkEgZOR145+mTXHnVNWowjpere99VaLukna6ur6rpa7se9w9NylXm3pTppWS0XNy3unbS76+Wlj+bHRLNL3XHE64ghu5LqYgZASNywU56biMDrzwa+8P2VPhHY/FXxxqnijxciW3wy8A2x8TeMdSuT5duun2OXg02NmwpnvHiMQTljnJTHFfG+laFfxXkkMEJnl1DU1s4kXcGkd5fLVeDkhmbp3zk5Nfevxj8b6T8J/gr4X/Z88EzfZ9e1aCLxD8XdRtiEkub2dFez0GSZGyYLdNkjR/dLEg5wc/m2azxFGjHDU24VsROUVJXvTjde0qbtLkjZRve82rbH32S06VSusTXtLD4empKnezq1Fy8lJWvdOVnJXel7uyPAf2kvi5L8Y/iXqeu6fCun+EtNA0bwXo8P7u10zQ7AC3tkihAVUaZI1mdguSzksM4z4ArbYyhIUnljnBO0k5bjLbhxkMNxzjoQdOaaFo2YBAV2iPA+9tKgg424AAyTgBgMYOTXL39+kHmZxyd3HyhVIyoAAGc5xkADJ7Vy4alCjGnTimowS310VnJt23b35t5b6XOjF1alepUrTlzSnK6SatC/IreiVlFXsl07Q6lqE7FLGJnLORvIBJAJwRjAJySQF+Yg9Oen218JdH0T4L+Bn+LHiaGKXXrmJofCelXAQy/aHUst0EOCDnD7iAVXjBLYHzB8HPCMfibXpdf1pwnh7QV+36hNIQFKwszrBk8FjjOOepHXbnrPH3jS++KHiOK2sGeHQdMYWejWS8RxwxZRrnYCF3MBkHHHAPXjSalVlClTV3Jrmkt38KUVbrJX5tLWOanP2MZVqskkk2ruytFJ3bvZNL1em+uvR6Fp+ufFzxde+JPFN1cTRXF0bvUrslpMJuLR20eTlY0jCqEGB2+6Aa/Rfwra+FpNBtdI0izt430e0huZLqD5DGBtDFugDFeSeW3ZznivjjwNavpGlixgUxphFllxglmA37sgtkc8EZx1JGAPZ9B1mTTX1GziZgbqwaMuCeVBzjCgZ46Dj2av0PJOGZ4ehTrVI8laajK6SuoytZW1tpro01dbH5ZxBxjSr4qeHpSU6ENJ3fxSi1rvsrO11bz0PYPGd5p4t/J07VYtR2W26dnOHiLsTsK8g7MgZ65xwc154sMkunp5acNdWoVieTukXIUDtycnnsTwcjnoR9ouXiReZ4udpBU7Qc56EfNgndkDtg9O7021DW2nRtIAsd5aLIXbBJNzGqAZIXJJ6ZP90Z3cfWrCulhatKV5+7K8mkraJO7S5XpfXum+h8V/aEMRmGHrJqDnOC9nGzb95O6i7vf1Tb8j+5n4UaYzfsufs4WrLlY/Bfht+uAu2wjyemOQDjgDPboV8V/au/a0+FH7HvgSfxL45v7a+8U3cEieD/A9vKjanrmoCMiJ5YgwkgsEfaZJXVRtAIya4T9of8AbP8Ah/8Asa/sefBOXUJ7XXvijf8Awx0M+DfA8M0TzPJNpqldV1ZV5tLC3dw+ZQpkKhQDmv50/wBn79nL9pH/AIKrfHjVPHnxC1nVrP4c2+pGbxn4/wBRE0ek6XpbTmU+GfB8blYDKY826tADsGGJ5AP8r59gaOIzHEVKs1HC0Kk1KV/i99NxWur9Fof1xw/iqmHwNCMIynWrRhKEYp6KcYK8/wC6k07vdtpa2N7wR4O/aj/4LC/tA3V1quoX2hfDrS7wnXNchWZPDPgbQBNhtI0JTi2u9ZmgBiaVAzhuuDxXZf8ABTH9iv4Xfss/HP4IeCvg9ow03QH+HwXULlyZdR1zV7VIUvNW1KWQAyTXcxaRhklAxC7gRX9Wv7PXwT+GX7PngfQfhV8JvDtrofhrSoo7cyRRKt/rVyoAn1PUrgKJLm4ndS5aVmwSME4AH46f8FjNC0Of9oT4Z6v4q1vTvDnhfwf8PtT1LV9SuWjVwCYpYbW1Gcy3VxjakQJ3E+wx4mUZzQhnFKHKqGEw1OryKy95qCtKTW85NK2/LotXv72Y5XiMRgJWbrYqrUpKUmrqKco6K7Vox1fTu+tvyV+H3w11nUYTOn2eC1trTfd6hPIkGnaVCilzNcTSFYwu1WYqW6jBzwteN+NPj9rOra5J8Cf2T7GTXfF+oyPp/ir4rJEZLfSElYw3cejXABjtoYsEG5EisQPlzkVg634++L37YWtSfCX4F6bd+DPhDYzrDr2sxK9vJqdnGwjlvtUulCELcKC0dkjMpDKDjBFfcujeFfgF+wp8K5dS1y/sNL8q0Mmr6pP5L674l1EoG8m1jcmd1klBEYHyICTnHNY5/wASVMXX9hTjKtWqT5cNl9NuWr5VGpiuVu7dk40drK0tD3+H+GaOEoPF13CjQpx5sRmFV8ra91yhheayS35qttEnyu5zv7Nv7Inwx+BGtSeM/inq9j4t8aLot1r+u+MfElxHNY6RdiNpp54XumKyTRMX2SAs5IwBmvh79tH/AIKbXWsS6r8NP2f73+z9AhE2nav49hURXupMpaGWLRipBht2wY/PXllwCO9fAX7Vn7aPjn9oDxje3OmalqXhjwDHG9hpnhuxnkgF9YoxVZtT8tgZpJ0AJV+AMD7vT4kkuN5Vmc/eO2PnCqTuAJHfuS2ep5wMV35DwnUqVI5jndSWIxMlGcMM3+6w/wADjGStytx6xiuVaXu1c8PiDjKCjUyzIIrD4WLcKmLWlSvsm1J2fvavnbu07pJnVahql1qNzLe311Pc3d1M89xeXUrz3VxJI7M8s0rlnZ2YseSckngDIObc39tbqwfbkowVVbLvxgfKO4BGeOAScnFc1Lc3E8wgtwzy7v7xZEzggscZ3dN2Rxge2NjT9JeOVZJGNxcuhLO5Zlj4yQAT2IwOuMcZyTX6BFRhFQjG0VotLWVo2stUltt2ey3/ADvncpOU5XbfM3KSbbbVm27vV2afZeWkukabd6u20o1vbxtuY5xIQd2AAe5DZIwMDj5e3sOkaMlskNtZ2xkuLh0iSONC808pOEQAAsSTjCp1J9zXTfCb4U+LPiHr0fhvwjot1qd/c+W7yRQyC3toWIV7q4mwFREBPLNgAcdCK/eD4DfscfCP4BeE4PiZ8YNR0rUNcsVS/ubnU5Iv7I0VYcSKYIpXHnzZwPlUnOCADnPzeecRYXK4qmpPEYqdoUsPTfPUc0o2crNuKTejdtUuWL6fQZJw7i80k6iSw+Dhyyq4mpeNPlTu3G9nKVtNHa617nz7+xH/AME8tf8AiZrWm+MfinZ3Oj+F4RDf2umXKiC61REIkRLhZNpt7IjBdjtJUnrX6i/tBfts/Af9lLwRr/wg+HOl6T4o8fT+GZdDiht0h/sfQI7iN4Wid4NyvOgbIWMszyDkKcg/kz+0d/wUp8WeLdVvvhz+z2bq30uYvplz4isFME1zaxMYQloY0AtbXYMecpVyp6HjPyZ4S8A6vc61pXjDxndvrmuNr+jytYzSvNbRSS38RJnZ2drmV2BEhfIJzlSpr5zBcMZvxRio5jmvtI0KUfa0cHFtRpqPK05t630u73k3e7Wx7WYcS5NwxhZ5blbp1K1aUaVXFyScpylaMuV6ttJ3Wjiux+ln7Lf7A/7QH7Ymow+PPilqOu+B/hG7rKmuauJ01TXLWWQTPpfhuwuXU2dmVLIk6xqNmGUZIz/SZ8Evgh8Mf2dfB1r4G+Ffhex8OabHFHDe38cMZ1rW7gLiS61O/wBonuHkYsxDH5c7c8ce8QW6QeAfhzDBb29pAPA3hiR7O2ijgtY2Oj2xKqkaqgAJwSoJLHJ5OBhLFLJKr4BBGVBUAjBwADnkccDjHPXnH0HJGKUJRSUPdUYrRWaV3tdqz3Vur6ngOVSUoy53KVVaSak3aXI/i0vZLpdd1sjodLtld0X+PzCcgAnJ6kljng4xknsTwK+Zf25E8v4X/DeJDll+N/gLJGRnOr2px1xxxjHP54H1TooKSJ5gJLHaC2cAgjgc5OBjop65Gc4Pyd+3ZPs8A/DSIEkSfG/wGvpwdVtORkjIAHPI+gJxXn42pFxhytJKSUbK/u3i9U3vve/V311PoMnpy9s5WunTqe9qrPkfTR36tu11tq2fdt0rPqF4xAH+oOSfmOIlwpP44GOc59xUS5CfMpZ2bgkjAwQDjg8EA/7XPfdkW74u97cYGCXiAVeWXbEmSQDjIwSQSO7cAmpYUQj51B2gk53ZLHIzwRj5QGyM5Ix71nT99R10tqnbld31fro7ba7GVZpSqa667N6arrZK626NfO7W0hLAArhifUgqFPbK9MAcD0B7VsrEyREgEysAAOT3DAEc5BHAzjHvzUdmu8kBVXGcew/vbQOM+hx6DuKuXF3aWFhdajqF3b2GmafG1zeajezJBaW0MQ3u0s8rIgCqCQud7dFVsgDvjyxpuV1frd2enLyuy39Xbt6+PyuVVJJtt3STbtqre7rdra3yb1TPjH4RRyf8NP8A7U6yBleSP4djbu+bI0iQgEfh91Rg5JxjNem/Gv8AaT+EP7PHhy61/wCJ3iiz06dYHksfDltPFPrurTICI4ILNWdotzLgvMqBVPXpX4sftaf8FD9I+Afxq+Nl18D9Ws/E+qfFG38N28fiC4t2kXSLrRrGSxaPRLMKW1GeSR8QyIpw2GUMRXzz8BP+Ce37Vn7d/iKL4tftA+Ite+Gvwy1WWO5m1bxFNPN4v8S2TkSGHSNMmK/YbSZMKjYSREbK5IGfPoUpy55NuEHNu9rt7J8qu+i7J7dW7fRYirRi6XNedVUaUVTta0oxp3TfSz1aV23pZbC/tGf8FH/2gv2wPFR+EHwA8Oa/FpGpXH2Cz8GeCUuZNRvlkkaNJ/EusW6kW1uwAeaB5VjVVZdxAr6u/ZL/AOCOVpYXmmfE/wDbQ1lPFHiJJItT0n4P6XOzaFpszMJoR4guFLm8ulIBmtpMxM5cFueP11+AP7MnwK/ZY8Lr4Z+CfgnT9Gm2Imp+LbuGO78UazKEAkkudUlU3JWRssIwVWPJGcYz7KzGdmbc0jySDfM+WLE/eyCC3B98DjqMqfSotU040YKF0lKctZu+6vf3bu+mj0ueRXruq2m3pZqC0pxtZbK/zbbb1d1E0vDGl6VoFrpPh/w/o+naDoOnfZ7XTdG0i1hs7CztowFSOOGEKhKgDcSDzyTiv40/2rY1l/bt/aRYgb08QzKCQQFA2gAHnK5xz3HAHBx/Z/o6+VLbggvJHcI7EEOQoPIGeDjGMD7x7Dv/ABi/tOyR3X7c37SdyufKPie6jPm5T50KrtxjO4t7DuMGv0HwxqRocVUpOcEo05Nyk1bVr7T6332ttqkfnHiXSlW4Rx1OEHJy5IpRTblZrXRN9V59dzyVbNgwaTMqZJIJ+TJGSvHTjocdu4xVb+zlnVj8ixbySnryeQRg47HAJyC3bFdnDaIIySHljzuZ3bbGMDLKxcqMgnqSFHJyQM1zmqa/4W0aJjq+uadbIsh+QSxsyMM8MF3AjOcjPYAdM1/VFXPMvw0OevjcPSSSbUqsLq1lK2rd0tUrdPM/kHC8K5pjZOGHyzF1nJuzdOdk3yvrFWSW1nd6PSOplDSovKLKAewjIJKgYUHdyR0wAWHA65624tIgjZH3BC4BJQFiAOcYOTk/xNnqOhzkeVax+0L8ONEULHc3WqSqXKLBsEUoGQELAhtpzkfLkDpycHzS5/ah12/drbwZ4MmkLsypKLeS8ZmYgYIZAqnJ+YAgL1HQ189jvEnh7BwtTxNbFTS1jSjJRu0re87Jpu601W3L3+ky/wAG+IMbOMq9OlgaUrN+1kpSs2tFBOUk7N7226XZ9cW/h+ScPIkU7qP+Wsg8tUG3OfnC4XGTnpyecdPnb4u+EIr74j+BtVkv9OtrDQbfz7ky3cIkZ1JO2IbgFBKkLkjkemBXnUsv7UnxD3i3ivdBsLgAK0kn2OJEbhRtQcnoMEHgdBg1Qsv2YvF2s+JrPRvHHjm7lnurFr+drZ5pvLXJPk7twIyQRjgYI+UnOPzTPvEmvmXLRw+HjSpQq06sG3ebnScZK/S3W3Lr1uk7frXCvhHl+QynXrVauLxFahUozspQgo1YpTS+1qm7O/z6Ht2v/Fr4W+HYX/tLxZau4DtJYWW2acvt7yD5Sc/e5ODxzgGvI9S/ak8OeWLfwn4Tv9anztiuLpJmUsThf3KIUYNwRz6dyce2+H/2RvhfoC+feWUut3KMnzapLI6S9BvWNi3AY5IB+gr1vSvhX4Y0WW2g0vQdLtoQwk3W9lGpi6hVkcgZBGATgYxk5Ga+fxXHnEGNjyvH1oU7pKFGXJHpb4eW9vXfz0PqsD4Z8JYCSq08nwbqt8znWgq0+a6d25XSv0S0vd77/Clz8SP2hvFzrbeG/DJ0S3dh81vZpA67/ulZWw64yp4HAHXpVlP2ffjf40nil8V+LpbMvky28l9LLIqcMfkBClh2HPI445P6GXOk6TpllPcXE9lY4biSaeOFkYcDYpIGM4IIJ44xgE153q3xm+E/g9GbWPFWnz3kZX/UyiSXIGGQKpILrg5GfmzyfXwK2PxeKbnWxFao46yc6k5PXS+rvG9rp+l7rR/TUMsweCtTw1CjQirLlp0qcbba+6tOlmrNX+FXufPOhfsYeF43gl13WdR1mZyWktstEjEHO4lidxJ77mxx35PuWg/AD4faEiQaf4Y06SdcfvbiITygjAJJZDiTHcnORnII48b8Vft0/DfRZJBpGn3+tToxEM2wQxEAnaMgjqcEHHYZ4HHzj4q/b/8AGF3JOPD2jWWlRvueOWZlklQbSPmJHJySRgKc574rklNtc0pWTTWru7e7o1q1dab31uzqahFtcrumn73a2iT010XdWvZ9V+n9p4d0mxhK/Yre2itwsSx7IrbeFIywOAqhcZOTyVBGTmuY1vxn8P8Awxa3kmu65pVqUJ2h72J2QjkDZvLA9s4yMknIwB+KPir9pv4ueKTcNd+K9Qt0lAzDZN9nUqwxhdh53DIz3zjjNeHal4l1bVHmlv8AUb66lYks9xcyS7mxljhnxnJBAwB79xg5R5bat9F0aTjqul223ot31YRkviSV7+bd1y9Xyr5a3/E/V3xv+1n4B0T4ixeINNu21Sys/DUukwvaL8kl55ofBJHzIQu1W2jGccc15R4k/wCCgevtIV8O6LBG7AYmupMlMAYG0AqoPQAnGffmvzRubppIyzOPMUYAxjBbPUY27uPvZwMg56kVDOoBLPlsBssPmGCcA8nnPTPXPtWVNqnoo3XSTvK6fL5LW0l095JdGjR1aiVr6aJO2tk1e1l2du/5n2N4n/bK+MviPz4F8RjSYJiWaPT08t1HzAL5indwOuPr9fnvWviF4w16SV9V8SazqDzMXkee+mKtk4zgPgfw5A9c8hjXnovCBtjjLZOTgbSAc+/TPcgcDg8CkZ7yRSNhXOQFXbuzzjH8Q4xx3OQOSM9EZ16kuWnTk27LRafZV1FW6ddU2ltcydRJPmmldtPW61stltftfTvppsy3k8pG93DYPztIWZj33Etke2CQecg9TVkmjUozyEnByAuDx1yO5568gkHHzA4LHw7r+rSLHZWF/duxAAgtp5ByQMMyx7R1ByeODk4r1zw9+zn8T/EJQR+HLy1iYJ+/vR5CKjBfmYsclSDyOOTnPHHbhskzjHTUaGDrVE7O8YzTto1rpZN3Te/TTS/mYvOstwEfaYrG4ejFLedWMFe66OV299rbNX1R4897AAjKSQM7c4VjjAIBBJwORzxwBgZNNF9IXYonDAYy5O045xz19QSSRk4zgj7b0H9jW7UQSeJPENjbKcGSG0Hnyxno6kY64JBwccdeePatD/Zs+E2ilBc2l3rVyrITIzmOOQrtyNmSNrHjGR2HGTn67LPDXPsU1KtTjh4y0vUa57aaWV9N33b9WfG5l4o8K5epRWKWJqJXcaK51pZ2u7Lfd66X7NH5m2Gn6vqsgS0tLqd5MBEhjklkbJ4Hyq2WxyN3rznmu1uPhL45g0a81y50C/t7C2hWWa5uomjjVMfe2tg8EfdxkgD1Jr9Y9L0Dwp4bCJofhjS7HBCRym2jeWMKACwZkIJXGT1DH2OTy/xqvri4+F/ifDqwe3jDRKixoEJPACjGCBzkd8kDGT9RV8LoYPL8TisVipSqUaM6ihCHKvcina7V7Wtqlt5s+PoeMuHzDNsHl2BwU+TEYiFKVSpLZTnFOSirdW7Nvp5afnL4I+APjHxla22qQw2tlpt1gw3t1J8smR1VQMYUEjgc847E/Qvh/wDZX8N2HlzeIfEL3kgU+Za2iKEDD/lmJAM4bpk89APUer/CRG/4V/oHmsSrQExpliFfLAgADuT93BOQck7ufUItPeZGcJ/rAWyo3OGPIYAjIHIOeOvXacH3+HuBMkp4PCYqvSlXnUpUptVG+VOai7KKS69G9rdbHyfF3ihn1PMcdl+Cqww9PC1p0VOCXO1CSS95t2bjdu1rPtqjzzQvhp8NvDkaHT/DdveSKWJmvVWdjgDDssgxuBwSRkZ6YIr0C01FbOARWUNtZJtKxxW1uiBR2BZQvoeOSOTirMeiSqgLg4DbDuba3PXcDznHJ78dscXV0WOJVYuoBcZRdoKjPL7iACoJySCOMdTnH6BQwOWYCmlSoYejFJfYimkrbuy22u99eh+ZVs5z3OazdXF43Eyk1o5VJJt26K6V3orbWfL0tz81/cTACQyyNvDHeSAe+4Afe9QcckdcnFWIROwww5HfBOScgdc8k47nsTyDWpeT+HNNWRtR1PTbMxASebPMjF1PYKpJBOB15ByCM4rjNS+Mfw10VfL/ALQN5IivuS2QSKznk7Sf4sHjGQGIJOScTVz7KcLGUauJo6fCoy20Xa2l7LffZO5th+EuJMZK8MBiGppPmqRcbStF7tq6e1k/O91d9Xb29wxZ3EgXA2joSRwTjuNwOQM4znHSteysSxjYiRmJZdqqcjOQNxxz6j5ujcDpXzbqX7TulxtJBomhNKVUrC90zZywwCI1DHJJU8YycDuBXFS/GX4s+IWMWh6ZdRJJJtj+w6dK7DOcfvSg28nOc424BPceTPjTL480cNTrYmo7KMaNNzb2Vlo9/R997HuUfC7NKrhPHYjDYOK1lKrUimrpJq2vRvRXei9F9v2trHGSLyaO3WHJ/fypFgg9CWcDt2yc5UZJyfnDxX4j8M6T8e7LVr7VrQabp+lxie5EqzRJL5Y/dqy5y4JYcDIIA5rzCH4b/tA+MmM2oLqdtFNtZjqF21vHgnnciuWAHDEdCO2BiuXi+CWp/wDCzNP8AeJ9Yit57+BLqe8tSZ8R7fM2BnIDE52jOADxkdvlM7z3O8x+qexyjEYen9co+yqV48inUTXIkmopXs9b3W19WfoHCvCvDWQvHupneHxleWBrrE0sNKE5QoWTqTSTk9F3j1fofT3iL9pv4c2AMenfbtTuUDHdEuyNmX5l3PkEx8c52gHIA5zXjusftTeJdRnZPDWhwWjMNqskcl3Kdo+UlFUjrtIBzz17Ee66L+zV8KdCEb3tre65OqndJPK8URKnktHkYDbTlN2ewwenpOmeG/BuhKBovhbSLUIp8ucWcMk24FdpMjgE4yeSODxjhq9qjkXGGZxi6uNpYGMrXjSTnON0rrm2u1a/vOze97HzWK4r8OsonKOFyypmFWLf7yqlFXTjq7tqz6rl20t2+GV1b9oLx8xNjb+IGiuMkJDE2nwBeh5cKMAkcAcgZxyc7Wn/ALM3xU8QKs/iLWrbSwSryfbbySaYK3QMpJUHb9OmRkHn7n/te5OyKElI9pB2KkAQ4OVUqBnJwMZBOMc1ReS6nIdmlbLgFSzsgxn72SCccEDBBzgZ7+xhPDilUanmOY4zFtu8outyRa93pduy6q6W2jsfN5h4yYuhenkuT4HB0+W0J8nNNapaWiorpb3Wk9Fqz510b9kjwjazRv4j8W3l9tUM9tZxLHA3yhmAkUEleCM5HG3sMH27w78KPg54WKNZ+F7a+mCkB9RJvGZhkKwSUbdp64AGDz2GOheN9ykncqgKeSEHT5ceuSRxjPtjiaKNvMDKuF4TDrjlh94EYOMgDODxjPBFfU4Pgrh7BJTp4Gi5pJqU4upJ6pfFJSu35adbvc/P8w8VeMMwqOnLHzp05Ss40n7JJO1kuRRTsrN+l1u2uhjvbbTI2j0bR9P0qMbdv2e2iiUDPyjYEwcjHAzyOuaoXuu6hcMPMllaPKrmOQxoWCjICphcdgCpxjHJHzPdJXUxbSwJUM4JbJBBKg9QOg7jPYrTUtVEBZkUbpCFB5UHJyeAemBgAAD72eAa9alg8LTsoUYQjFuyULJWs09Fq9Fvbf7/AAcRnGZ4qMp18XXnKScveqSe/LbXm3183be2yyXZ5I5pZXdE+zXQ3DlmAgccsT82Bjn0ycZ6fK37JUfmeNfiAwA3Brva75DACeQ/Q8HAGckHj3+rbtAtpeED5I7G6GQeA3kybhj1Hpnrgk4PHyp+yGu/xf4zUnaGe8PPQ/v32gnJ4ABxwcZyOcZ+B4mUVxNw6oK37zEOySTfuQW2l+tr6rTrY/WeAq06nBvF8pycm6OGjzS1d3v8XTq721+4+10tmjYNJu3gjKuMAqWLKeOuVOAD0HQ5yae9rIVMChkWXLlm3cDLEgYPRsnkjIHPY524nUzmRlVkXCtuPAfoOSNuCflA6nOOhxT5AXZAdvmEE7cnd5efkAPRVIPXgH3+Wvt+Z8sY+S667xs0tbp22799z80hhaUuZubaUpNryco2lZJK3W10utu2Slgscb8OUG1io+X5zjPOOARjv3wfWrltHBCWkVSMkgxZ3EqRySeckZ6HkHnJ4FWslgcgBcbmXdkNIowMkccgY4IPXjniEuwViAi7woIBBIweMk5PTvnOcjggE5pyveXM4y02vHdLS213ay3Wu5tLDUqcoz36e9F6u8XdO+iavvt0ulY0YWVnBfK52bI2JI27iDk5/hPA44OCeOa3YZIQkhcqcbUjAO7O0jgEZ6Y746EDn5hyr3B3oiKq7YxlupY56A+pPTHr0J4ragkDqGjCbcBW9mIwfmHJYZ75B5OWYYqZxTu9VflVpLRfDd9NbWV9O7SWr0oOLquzVk4vVPe8U3ZaW0advPeW88sq/vFjQx78eWoIA3HJzyQemTzyeh9Kx7iZWDEbhIDtDZzg7iueDkDjn1B+bAzUktzChlMrAyROQu1gFxjaBhcgcjp7deKyJblAWKoCpAY5bnGeW5GArFSSehHfnFOnyxUnrvZ230aTWjfW+2u99EhY2oowUoyV09tH/K3dK1k7PfbzNKSbeYCGJ8mSEFd5PzZBIYngbvvADORnpxXxjpLyN+03qzHaGEjthcYw1v0Bz1PbIPTHdhX1lJIJHgAkIE1xH8sQOUG8DaWzkrgHk84GMkYr5H0pI4v2kdZIYuEEjA7iGIaLGeOg7/ewD1OcCvhuLJRWKyVpNf8AChC9lrdxi1pdaRd4xuraWT6v9N8NnKph+JKkmrLKWlLVK3PC+r2uu6vpqfbl1JGlmWB+dYkBCtksxx8rZ98hhnBBIyVJrj/tLMGLMo5IUq3zY4yB1ORgE5zkjt36NEL2ThwuXHmqSSdydh7gY9BknuNwrgpZR57MBGgjZyATgEEkZxnHy5z69Oe9e5TTa5lzX0dtbLbVdNFe7XpdHi4qvOk4O+7eqetny63u323Z0LXyhlLBgEXOd3LYGASMnGOwHVehyOdNdQUQ5kKlPKymcAg8dx/Ed3YAchSO1cnLcKGhQAMoUGUsMgDdztPQ9gOO/qCKrX2qiKERnBV2G0jOQF5A/vc8+vIYY5zWygrNtJWs1o7NaK2ja07WVvW5xxxtqzektr6N6aO1lp22v11srHaxXyTwSLFvVkQjeMZdmxwCSMYxwOQcc4yRWd5jAxLIWYZGWYcKy8EEDGSTjP8APIArH0iZHgLOzkyOpjABHXlemcggjGPu5IHIJrUKMLgtKrbA5ARgAPmB54GeR7evAyawcY81nZPRtJ20sndpNu7Vu2tnu9fTp151lB2aVk7WdmnZ7Lro+2/R3H3E4DP5m5hJkDado4IGdnupA4Bx7YzVGe6aHyzvZfmx8uCSSwVSwyCBk8D73HU9amuQodfus0eSSSSqjOcAkjBHUfTuOlCRFlk2RhWKSbi2Tuy33gp6A8gg884/i6dFKKVt46pP3JK6Ti7pPddt0l1sYVVJNv2llso7tq6s5a9enT5o0Le6lkBXhNrFuGIBJ/hz1GfTPtyRXmHjh3/4Wb4KkbIVdJu8g9TlUyOOucdeoyfx9Es4nLzBgQgPU8Fn5wPlySQef7vOOxrjPF+m3E3xJ8CRgBnn027Vf4sDapwcjGBzkEccfeJGcsS6cZUG3yyVek12aVSLa23frrotDqwMas3W5m3F4XErXWK/ddb+d+rVtbI9L0/WtM1ZPM026jnjPOwuI5U5PytG3zDOMkAbu3U1keM4VPhzXijtj+y7zAIPJKZyCcdDjIyT1IJrxiPxJphuRHremah4T1k4AMiSW8ZONoImA2be44weVznOOh1bXNbg8P6qA9vrmnS6VcqJVZftEaGMgSZBPmAA55GeD2ya/LVnFGtRlGpNRk4SjfWLUuVaSg9b2smrPTS7P1yXD+IoYqnKlU5FGrBqMmmn70bJTjzQmuunbZWR8XeCJIv+Eu01oyd8ZuGUDlgfMcbs5A28Ej8fevvLSYta0qx0zWvCOvXnhjVTaLLKsErSadfSrIdy3VozbCzHq2eQeAMCvgjwK0kninS2jQAma4AXHPMjFQQCeSrFduPQnkgv996NNEmkaalyCuLcqCV5U72zgjsMlfcHdkV43C2Fo4jH5gq6biqVNwcLpxvNWalGzTvrfR330Wnu8ZV6+Cy7AOMoz56jU4TipQmvZ0/dlGSaa10Vtej2v32h/tL69oL/ANn/ABW8OOYWwkHinQlMluTkDzru2XiIBeWIJAyC3IFfn38QL2w8RfFzxBrGh3SXum6lcz3NjdRnBkjZFy7oQSDwRt6ZA5FfaN1bQ30EkLiKe2dGUxsgdMMufmDEjnJB9c4BHf4H8aWUWj/E+6gsFNlALiFVig+RF3MCUCjgK2Mtjp1I61pxZg6+Go0JTxMq2H9taEJ2dSm2kneWnNa1urS0V9jh4KrZbVxGJdDCLC4qdD986V1SklKN7Q+zK6vZPl16bH6efsSWTzaN43R3eIrc2gALEg/N1BzgbgT2HXnqRX2tqVg6KQiJKC4LbQOVHQtgYOAckgjnOCO35j/s7/Ejxx8PNO8Tax4f8P2nibS5b63h1fTJ5VivRFHtcy2TkEiTksEUAscYJzX2x4L/AGn/AIX+M7ldL1C7ufB+uuwT+yPECfZEEn3SkFy4Kv8ANySWAy2TndmllObfVsFQpSlKEUmoSlFqE7yTaT2b1tvey0vseLxTwxVxOY4jG0qca6moKaTUqkGowTbindK/Wzut3ZHxJ+3zEIV8DsQiljcLhG2twDgEj5hxwvcjoBjbXOfsn+XL8X/hPAsuN2qQoCegLIo5HPrng5JA9DXZf8FAVtTP4DmikSeGUXIEsMiTRS7ucpIjMjZBydrAr3z385/ZWkcfF74UBW8s/wBtwqpPX5QpXnqAeAOTyepwQeDGV44vF4ypF3lKKd+ZpNpKzva1tH0XkfUZJg6mFyTCU3Czi5rkaalFOpq2mlpa9lv5an7vfF5b61v9GiunaW3tr2YowQbApJyA2Rg/MW+XGefTcPzc/bfnV/hFGm45k14bC2DhQhI6A8kr9c8jGOP1Z+IcEmofZLa7t/MSOaUbmOQxOcsCpLblwCCvIA57Z/J39vSxXTvhxHHDIfIGuJxkkKWj64I+9jqwweK58POU8DUu9k00nqk+S1r6tO1u+mu5xUYqlnWGajyrnSvfvGL16XVtUtG79T89/g5NJDrfguVUMgi8QwybYxlyFuVJVevzEDjBwT82CG4/f3Trbwb490YW19ZWOpCOJUmt5IkS+tn2AHeGVXDL2bac5JJGOf5/fgrdrb654HnZmUReJLMkEfLj7Smcj5QQc/MBtBycDiv6GJfCXhnXo7a6sLyTRdZkhgmOpWDNbmd2h3KJY1wsoBG1lIwcjpgV3YCdou9+XljG6d1dqOjjvrr8+lkz0M7inKE+a0m5Watf4lppa6ts1q31ufHPx0/Z00vSvDmq+IfDN6BHHY300+n3JBcKsMpPlyHBUAA4UDHAyegP4zfDu3Ez65DGW80XlzGiAgsD5rMH4x0YYHGSec8Yr+gr4nJ4vsPBHiS11aKz8RaTFo+qJ/alqfIu4h9nmVTcW5zuVT8pfuTnBwK/Br4UWsK+IvEKABNlxJIo7LvkZiecnPJOflOOx5FcuMqU4Y3D8sUm4S2vez5FzaWSs9r6ve9zoySVapgsR7WKajOCjJyaukld3trZpJJ9G9dz6m0I+MrS1sxa3Sa7aNp1vv024HlX1mAg3GBnxvUAYUDOcEYyaLqLT9WRy8dxpOoxwzq7bGtpSNjrmQHCSIc4Z/vFRkEHAr7W0vwPoHiLwh4fe/sWhuTplv5eqWKmG5Q7RtAeMhiuQCRzk8gA1gX3w2vNLWKC6ttK8X6OEn8wXUaWuqW1v5bFytwFDTMgAI3HBIP1PpxxWLpq3MqilFJ2TUkmotbPbpZNtPXscU4ZfWrS/dulUTSbi+W7Uo6K14uzWt2m+t2flD4DgaLXtZgdtzx3d6oYEHe/mD5gQQBkZIyAuWAODgn9NfBC6fd+FdHt5riNnTT1SQb1WRTgAAoCzMueN2NowQeOW/O/TbTTrbx14ijsI3tLQapqaxwFiWgjjmGxNwI3bc4ySdx7EfNX0M0tythpxguNR0O6Non2fUFEiWdxGvByTtjYZXBbOBwcjAoy2ry19XtTndtt680Xbo079WnbZt6W6s0wbxOD5Yy054Nb7WjvZpvd9mn+PZ+LtQn0fWRp1vOZI2kRUlIyYwc4yCQfm4GOR1yQc18PTq7ePvEaznMsupqzJgbQ4lQq2Bxk5ycD7wHPXP0DqWpa9BIZvEEL6jawlDHqlgS7l1PAlwcgc5KkLycgHnPzxLcRz+O9Vmtg7rcXkcqhwVbZ5kfEgIyGwMnHYnk5wZzqdOth8PKEryjVd9VdJqKaequ1JNLbr215uH8DXws8U6s0oSirNarlbh00u1re6v20PvTVvGOseELXRfs9/BcW1/oURm0O5xGlz5UandExz8ygkqB688cVwPjjxxovjzwBeaFC0dlqdlHPetp966qI1jwx+zFsb/mPy7fY8YNeoeKNA0XxR4d0FtXQqlppNrGtxDlZ7Rniw8rEcqqgZbOOeDnaMfCPj6z03SLm+srW/k1VbScw2mpRSkMUIDGNyvUL935jyeMcCvnoU1VTSbXs3dq711TT1ut7L7+2n0EpUouLcbyklFVLNror6Lsnbu7aLc4DTY45vEmjIMo39pWSkZwGxKAWUYwqhhn+LO09e3ffH6zZPibcLEykLpWnkjcQw/cx8j8BngZZsDtmuA8OP5fiHS5Jiz41C0aMk5P+uHHOcDJPPUt1PXH0d8VvCtn4h8X3F7JKY746dY+WikEmMRr87DrjAweuMDrwTtiaqo09YKSbW3xWjypaLWz81qtX1trTw8K0bu8Xy2Tv8T91Wt8n+XXT5euJvOtnVUyzbFfGWwygDoRnI6didx69D658BPMTx/oBdSN0lymVXJZRGAOhwRg4Az0yMZxVO/8AA9jY6XeXwu3klhkGDgjc2ASpTBwB0DEYIHXA42/gTEy/ELw2cOBJNc7ST32DcCvoMdDxheMHcKww041VKdNtO60atp7tt7tLdt2V7aJWMqlJ0JRU1KV9U1Z3V463a1v9rTe1+ph+PLC1n8U+Jp3yHTV5wSM9DI3c44LYXGc49ckVxtlbLb3IYllUo20lRja2SCOMZ6/Nx7c11/jO6b/hNPE1pL9w6rc5YkhQVkYDOccDngn8iAa525nU+WFYB40PIOTjHHQYxgk5ODx3HTVOVr2v2eyf/B7adrmEqspVkpRejjdWe/up6tX10SWr+STPpH9lB1j8e607MAo0C++bHOCsgJHTqOeo6YPWvB/EkFtda7rmJAQ2sX/yxgK7YncjBI/A5PTJzzg+yfsySi38dalkHDaDdg5Iwd8UhBI6lVJ4xjI5HcHxXWJUGuayzGMMdXvCMHHS4bjJ9AQM8DPBBJqqkuanTWul72v39NeVLy63s7Gj5o1JNNWUafR6JLvZ30f4bdTFghuIbiFtjvCGZdxYjG3kEgAkEjjgMBkrkCv0P+A0Fzc/BPxGbeB5Q1rq6kbc4/0aQsSxOSw5BDYzggLyM/ANnfI2oQxrtdT5jBj8w75x/eDHOSwI3AcYwR+i/wCz9ePB8GtWhidIxNba3vxuO8eTMFXaR1Ix7Dvg4rOL5Ip7ptpxVrprl+y9lov+DYl3q2jOzvPV6aaR87PbVRet72tqfni9pJFI7+cEKO/zYwyuJSCOoAxzjJ7YGScjb07Unn1nQhcTM7JqVviQk5IXaOnuA2Mg8nnI65N3JKtxfBmXHnzsVbjAWRhjBXHPB5OMA54Gal03adW0F1xhNStsnHHzspIHGec47dRjGaislKnK73cdbPduNu909ddXZqz6m9FxhXVk7xV3eL7pd7W1v101V72P108D+Frfx/4Tj8Li1nvr7UDMbWGJxEHuYV8yEs52rtJUIQcgr94DnEv7N3wL8GeO/wBqC9+Fvxu0qz8LRjwndQ21tdXKWsF/fiNhbSRznCRSFcSJyBI4Axg5rk9G1fUdI+HGqalpV7/Z2q2zx/YLyIlZ4pHX5djJlkZicAgAYwB618h+MPiN47m8QXXiPUr7Ul8RQ28Vk2tyvKl6Y4QBFPFP8rx7VA2gOOD7Zr8g43yLMs6xGMpZfj54CWKy10KWIp+09th8V7vJWglKz5GrS0u07301/V+Ec7weXYSg8Zl9PGOhj4V5wqRjKNShFR56crq+ulne1leze30T+2j+zZ4X+A/jjVvC/hjxCms2djp1jeWzu6tcRRXgZ3ik8tmVvKwFUgnICnHQ18zeFby90m58Gaoslzbvo2opqlje27MpjezmS4RWYDqxixg9MEscisXVfiP4l8XeSniPUbnVJ5rb7O99fTPLczhFKwiSaQkuqFRt5IH41+3nwI/ZK+G37Sf7GHw7vfCyadYeN9A1jXbLxHrFrdwvqN1qsu+TT9Pu7METPFNtWNZADgtjHNfJZjnM+A+GsqhxRiamaQrVKWWZhj400o81Wi4vEYiF7qlPltNp3vK9nqfS4PAQ4szzG1Mjowy7kg8ZhMJzRScqdSnJUoNNe8rpxtezira3Piv9qiXwh8SPDfgz9pXwLcFz4uEfh/x5YzuA1j4r0qJIJZmPBb+0druobBOCAOa+LdLKXYnJeOF7jzMHcSHRQdwK5wxxkqCFweRk9P0l/Zg+G0Gqa18dP2PPihoWl6XdXuk6lqnhWXUpjbyaV490lJZNPe2kkVTvuokkXYoTe7jGWOR+a2vaLP4b1TW9C1GGax1Lw/dXumXcLFgYrm2nlhcSEjKkhFbnqGHTPP0/h3n1GnhMXw97VVY5W6dfLZvX6xk2NvVwU4T2kqKc8K2ndKlHmfvWPD41yqtLFYfNfZxpvHXhjoRulTzHD8tPEqXMm4SqJqrr8XPKyaR6N4XijXQIIiyG3kNwdp4LOhOCx28noTnJ5GOnOBPqVtbeKFFuJIsPCE2HCRkdSF4yDznIHQda5bQPEF3baVb27PI0ZupFUMpIX5hvIyASD0IzkkZGM8011RL7xV5xbyxv8sIQMGRACCC2MD/eyAcdCRX6Xiq+Gr4fB0lFc8nBNyj093rvprdXttpZs/PqGHxFCviZqbcYxm1FNKV+VSutU7rZO6bWndnt+meNNW0nxFY3eiapqWl6xBc+fHfafczWlzE0XzJPA0LqRKrYPG7BznqM/rp8Cv8Agqx4+8IeErT4efHLwX4W/aD8CR3EdvdHxjaQ3PiKztSBG7x6nIjTGRI2cRKSAWG4kYJH4mufM1qx2SMkgDTu8TK2eDgEDJ5wM9SAOpyFpTqOoaPNfzwnckkjsFPLkp8xWUFtyg4HIU4I5xtyPzHjDww4T4vjN5llsKeMpXhRzTAt4bHUPdi+eniKLjU0dnyuXI3vFn2GTca53k/s406/1jCzUZzwWMi6tCTi1a0ZX5Glpz05Rlre6skf0h618Fv+Cfn7bOlJp3wQ+J1z8A/iNfEX6eCvHKxDQrjVLgbjY6ddzMiWNqJBtR9zZUgjpivh/wCLX7BX7YX7Nktzq9r4XuvEHhTTXX/iqfB9wPEHhy9tQRsneW3aVox5eHIVDjOM1+aejePYpreKaZ5NOu7e1Mq3FvI8TCTPBDxMHABBKkE4KgjnGPv79m7/AIKYftAfs4aYbfRPFlz458KeWsOo+EfGD/2zpL2rth4rYXZmEJaM/KwyQCM9MD8rhwb4ocDS5+Fs/wAPxPldFr2eWZypUccqcbe5SzCk3HmtZJ1aSi+tne/3X9u8I8SRUc2wNTLsTUilKtSUa9HmdtVFwVRR956T9o9nzJK54Dofjezm1LUrXxBayafqSTsLq6COoe4U5kDKyh4mQ/eBAxlgT0z6TbfZNWQS2t7HcW5wRLEQWQDhSdpySSMHK8kHPavtPwfqf7Dn7d2qaTa+Ippf2afjN4i1m4bUNTs0jPhG9e4ydzQhkiWSWSTBJCqBgcLzWv8AtDf8Eiv2gvgL4bb4ifCfxJpXxg+HUMU17PrXhWdJdStbKIGUX15pUBlRbdVALukjMQCFUNkD67JvHzIcDXo5FxnhcZw1nLjH2uEzTDyhTlpFSqUcbBPB4qjzXiqkKidn7yjqj5/NvCzF1ZU8bw9j6OOw1af+zSo1kvaNcijBQbUqdZrR0nrfZWsn8QXl5qWgC3niil1GDcGlnj3Ca3RTkMQME7D1PVSODxk/eP7On7cvxj+B8lk/hXxlqL6TmOV9D1KeW90maIEFofs87ERtj5CV3AH15FfmjN4j8VaIRbeJNH1C1YfItxLazww3MWSvmFZIlUKCSh3DPAwDiuq0fVYtTsd1uFUxb90QfDqxY7WAwMq45DgnOSAMA5/Sa2VcNcY0Y18JWw1elVj7SlWw1WLs5crTTi1r3s/I8rCZrxHwnUlh8dTqp0ny1KFenK1ly3U4zT3tZtLs1rdn9eP7Ov8AwVX+EvxOSy0T4oQx+B/EMqxw/wBqwSeZo1xcEBWeQnLW6MxzgZAzg4Ir9S9E1rSPEen2+r+HNXsdd0q6jWWG80yeK5jaN1D7yI2Yrwf4wMnnjjP+enDq2p6UVuLd5NibSXR28yPGM8YxhQOuQeTnIO0/bf7O/wC3T8ZfgzfWs3hbxfqC2MTR+dpd1LJcaZOFYDyprWV3Ck4bJAHUA+o+DzjwzzXAxlVwUljKKTtTfu1uVWej1U7b29de32mXcZZHmcqca7eXYmVk3O1TDSa5bpttSpr0bilbRLb+2pWJYYzgDkHqMEnAzjk9SPr71OGDDByAGGACSSTxyORg89cdhk81+RX7Pf8AwVh+GPj+Kw0n4s2a+DtakEUf9t2ZEmlzTHapeZAcW4YncBg4zjmv1Q8LeLPDPjXS4tY8Ia/pXiTTJ0WSK4026huOGG4Fo438wHDHIZMA5GRg1+cVcPXwtWVKvSq0akHZ06sHCWjs9Ho0m76N66eZ9YqblGNSEqdWlNLlrUpKrTkmo2tON1FvTSTVrPS2j6lEQ7QNuCeCwx82c/eORnI5+nHepCqnKhTlTywwAc544wcfMc/U9yKrK5XIOEO3G0k7s7skE9c8Z5HPbviwjbhyTgZxkj1OTnjjIwCcZ5PoAQdmnZ3uuui26dfy8tzF0+t3or6u19F83vddbNO1rIhI52AL0JGRkqCenAySenqOMciodi8bVzhsk9Mg84PY5POMnbxnrirhGTkjovX5cDAAAxkZ6jB/2cnO05aqk4wOBgEEcAcZz15xwcAgYyB0z6GHq73TWiVm+VWvFJ23equ9G+tmjnqRtyvr3W6atbVNbtW8vN2vX2f3gAc5x91QDwo56YBOcYPTk5oES8fMQQMYAOT34xjJxk49s4qy0fDN1GeMnJ64A5GTkDOM84B2g0hUgLz3JJ6AEnOfYZ9evrk89qqwklHmeujTXlHRJP8AmbS67pNpGT57a9Lb3Vu22vS3VrXqiIIODhTgkDJyR69iB2JAGT9OrggPIIOOPQY7Y5OAemOhOOlIoIyTubdyRwpy3b8f+BfqKcQzAY4AOCAMtkH7wHBJOOOOmSelOEle9m30VujtbWzfXZWXqkmZ8z0um3pb00S6Lr30Ssrq1iSNQTz2OOuMfdxkcDgZAz0Bz61YUKV2kA4IwRgkAEbV4P3v0I9yKrZwT1VTjI7ZyQRgD5sjA9BweuBTg3KgggdSOMcHtkYIwMZ47+gNXaT16XVm9ErvRL02037bDSbtpba3e75bWWvfons7akqjc5yfkUng4BIAx8uPU4wB7cgGrtvGVZShOByc443YAO4c5HY4JyeADiqQYA7sDOCNw+90AznkEYzjJPbkn5hdiYljknAZe+Pp9ecHqANpAGOlcyslfZK9reXfvr5prYLX026bJ/LS+nT8dj4G/wCCqpY/sE/GsLyyx6aTjtiY5PPsR047HHSv4fvC99cQy6mon8kBLPLNIi9IlOQSVyQST2J3YHYV/bb/AMFY55Lf9gP44Sxbm2R6YzRpyxUTElVJPcjPQc88gc/wMyeMFCO8fhnVriRxGJ5JLiRI3IjQKQByBxgfL7A9x+9+D1WVOOMmoycHNXsrtOKjrypNtba+fVH4x4s5fHGZfhYRnGDhiJSi5tK3u073cmlZrz7+VvoK61nU7lJfN8RuioHRUS6QDZuxtPz5AI55xgnkg9fONI1GztfHWtySa1BDCumWSsZbsAySeblmVgQCRwxC5+YnBwK8lm8QXxUvbeDpCx5xJ58gIyCCRkqfXIPZT1zXn048aat4tuJ7bwxYW+bOPdb3KFIkRDuWQL1JbrzwT7cj9lrYyUJ0JQwznJVk0+Sb3STdmtHd6/Jn43hcooxoYiFbGU1Crh+WVpU1vKm76N6Wi9Xtdbn6GQ+LvDMdsqSeJ7QuSmVE287QM4PoTnGRyeDhSObOj/EPwnbNe79atzIz4UqznMa9SDtABC43DnnoDXyDpeleL7iNN9joFtMu35fLGQAoBPJIzk888jPBHJ6fTfC3jO8muGe60iyMMY/1dipyCcKVXg4OcZ4JUkngivTWMxU3TaoK7eqs27JLVtyeqs9On2elvFr5LktOEr4xNNraSTulfpFp3stm1106UP2ntf0bX9R8Dz6VefalhjvFZgNpDEnaPmA4A9D1yQeK8j/ZN1+Gw1bx7FczxRr9taRTLcLFn964yNxweM8jj5TjAznrPjp4O1vSNM8J3Oqatb3YubyaJfs9osBiHkByoZM4DdvTkHPOfnb4CeFbTWfFXi2O7aV1t5JJERJGi3lZgpDuCSQ3zEj5iSfpXyGMlWqZ9Sl7PlqurFavlimqUFeWrX36XXTY+6yqGEo8Oqnh6nNQhTcozsm3arta8dE300u9X0Ps/wCOviDSbv4ba2La8tpLlpLcqq3Ecp3+co+VQ+flBBDbTgnGMgV85fsu6xpmkfEbW31O/htIl0hMebKUEkrygsi4GCSQSM8Z44bmvTPiF4H0XTfBOrT21molR7VTNI8kjAmZc4DEZA4IIByM8ZIB8X/Zu0S01r4p6rb3MKzRR2ruyPHuG6OZUXAOCAB8pxnH61y4ynVWd4aM3HmlGCVne3N1eiS69L7vZXOzCzpf2JiJrmlCF77JtxcE3rdaWtu+71sfUH7TniPQdW8G6RFpd/bXFwuqyPKEdnm2fZ5OQAMBe2MHAByMLXzn+zX4z8P6BoviCPU7uRLh9UMkSJE0jPHuck5VSFJH3Rjcec89fof9o3wnaaP4P0q5ggtrffql38ywCMt/ojsF3c5C4yQMDIwTmvl79mTSjq2n+JJBBHLImrIikwo+M7jwCARlly3AYjI57dEqE1m1JRac7NN631jHXRu76p2Vr63uY0atGWTyqyU1Tc1aLcW/jS06Wvq2r9NG1r6/8Z/Guia/4Uji06W78yK/RgZInWNVkjKlmZhgkA4wMHk54wDzv7PfjPR/DnhlrO6gv7u6OrX7fuo8osZcFWyc479MYOCvIJrqfjPoclj4LAaKKPzNUjTaIVQg/Keow2cc4PYnAxWB+zf4Mm13QZriaXFuniK8jYKisxVXAClwMYwOfr3HSVTqQ4hjBSu/q6k21Za8t2tVtb8dr7lStR/sFVGm6ft0km3fSSSs7JXvZ21a3uk2Uv2l/F8XiXS/CM1vYXlmkEl9GpuF+a4YjChAOg689uuCBW5+z78RJNL8A2Vhb6NOzxTXpMjuVjf5slB90AllG4ZBPAwSTWt+1X4bttGsPAdtAsQWW5vmUYAJ2qTh8sByRjAxuwQMcY2f2afCWnar4GtZtRQFVub/AGgAjlXA57/Xqx5AbsFGjV/tur+8fNy25lb3lantu9+i7PV9CWIoxyWlOVN8qnZJtvRSdne7V3rrvbbz+bv2kfEdxr+u6fdSaabFk0WcCEyhzMrDG8nHAOOnUfXNepfC3xj4mt/B/huysNEt/syaWixySXG15WXIyQRxnOeDn0wRmsX9qbw/p2meLNNjtUWONvDs5ORkEgNuKjnOR1z1Azjivafgp8P7vUfh34Y1NMSQTaSZI0SPhSpJJ3k4UHPqB9QRicBRqSzzFJVHfkd3o20uXul000301sVjcVRp5LgqkoJRlNWTd1qrO1rO7av11aV3qfLH7R97q+peJtHutQs4ILhdAhCxQv5iEA4LO5wM5x8p+7jGD1P1L8N9Q8b/APCHaDFBDp0NvFo1v5BbOWiAAGOR823OQB1/i6CvC/2o9KXTvFehwABW/wCEdWSRmUgls4CnJAwBwMcnJOM9fuL4Q+EVuvhv4ZvXmiUtodmwiKA8YHABIIBAy2cYzjuoXfA0J/2pjffkrKXXdpx807tvXbvpY5cxxdGnlWDqShGUZyXLFq6Xu7q9tdbWun8j8zf2joNUl+IwuL6S3e5e10sExABEJm4yDgNyOR3B/CvqCxfxcNLsy2rwQqlhZjatvzGoiQKu7GSzDGSAQecY3V4x+1Dp4X4rTWy7ECLoqkJjHzz4ywJOOOWAzyGA7Z+57XwNHHocV0bzfjSrJ9ixbg2+3jPbIyG3Drx0O3dXLg6M6mOx/LKSaqa8srX1vzbt813Z6P8ABW66+Mw9LAYGUowanFNJpW2hZW3Ts/Wzsj86/jXHcXHxB043Nw81w+l6eZLhU2s581du1cj5s9COM4A+UHH11ovhG/j0mGdtR12dX0pZH2zSlCq24YYGeFAJXGM46dAB82ftDWyWfxS0aNCBu0jSmIK4wWuFBzwBz8xLck9G65P6taJp9svgS3LRQF28L+aCEBIP2BTnOADz15HHvmvUyXDX/tGo3zWaT333d9t3Zu722fU8/PMeqP8AZtOCSdTk1tePvOnpbRJO9ttXpe6PxNe08z4maFs+0vLLqF4qhWYSnM7KQGySWbjcQwIOM5DV9cxeEr2eNM6XdyI8mzFxczHO08sQeevUDg9c5xnwzTbdIfjT4HiZYyk+v3CtkKcgXTfKcD1JwOc5A4Oa/S+70+2WGYoqfI8oUYBC7SRwe3IB6YHfPWvMyjEww0MfCVNSk6spJcum0b6b6O92nvorLbuzjDyrywU1NxXsoppJX3Tb9Vu9Vqu60/Lz4p6Q2n/F2w04QJES2lBoQcg7njzuPfOSCRzycE9a+xbXw7b21k8q6dbK4tpWyA5KMIGJwOeQwByMn26180fGyNv+Gh9JjCqfMl0T7ued00SjdhQOO549Tk4z+l0HhgtpB8y0iJNlM0ZKrkAwffZgM8nnJyc4/wCBduQyg6WZVHGKdSpKytdLRNrrZJ2suy06nBnc50K2XU1KT5YxWztPWGjs9NG+/dNao/JPwjAZvinYwRW/nkz6l8qx+YCRM+Bt747d8dcgivtWPS9UW1ZfsJt1ihkLSNaIqAFSR0GVGCc4ySM9SDXzt8KoVi+Puh27rHg3uuqwCjaxWWUAKGBIx1UEN2B4Br9Jdagg/s65UGFn+z3BfMfdYSFB9ApUYGNvTA7VORwgsLjLq7daqlyrpyx0Xmrd7b+SXZm9Wf1rCRi7c0Kdld3XvK+1nezta/W+mp+V/gpWT4q2wJibfLqgkcoG3FXk428jAJJAJI5yfQfW9xb3c2jaiI0A2abdkz8IrgxO23YfXlQBkgrz0FfN/wAM7OOb446fGWBSSTWycpnGJn3N7MpztYYBI4zX3F4i0a2i8Oaw9uhYx6RfEKE2/wDLFyWPIGMAHpkdG2hayyWnGWAxr5NVVqpO9nG6jrqm/X576I3zatOGYYKNm70qX2km7ys7W++11t8j8/fgTpceoePrqC4Eqs1ldMzwZV/9c2cEY4PQEdRjBOcH7J13wvYWnh3V5CNQk8vS7l0M0jEAtGc7hk+uQCOQM4xyPk39m4SN8UbhGGB/Zl8flBJO25b5eM8jkc/7XAFfePjILL4U17cxUJpN0PlBGT5TZBPIyNuemeSTxXdkqSyjFzaTvKslppdRWunROy2t+Zy5vWazfCwUd4UbXW7bjdWV9Em07/ffQ+Df2cdCs9Z8Z+IrWcyuqaVNIgiypyJgNoYHPTgDHy/3QDg/Z/jrwxomjeAfErW0M6TDQ5t7HO7eccPkcgnIJ46EhRkAfL/7H8fm/EfxMqKu5NAnYPgE5+0AEnPHJAz3I5wDivtf4x28dv8ADjxe7SM0n9jM25Vwr524B4wAuTjkkn2NZZO1/Yte6ScpVtduqtr620137ahm0nHOsOoptKNFWS3vyxu+l91fpe+m6+IP2XLWwvPEHitLoP5RsoPkB2j0IK98gkYHr64r6c+L+j6VYfDbxWbS1WMNpYIJiBcZwQS4JKnjHGcngdyPnD9kSSKXxP4u8xVCrpkbAkEnJUDI24wAemRnrjG35vqT4z3MjfC3xfGSoRdJdlUj5iMjksQG3HO0DHrjHGdsGqiyWtomuSq1b9dVvpqvS7trhjqs3n+HhyfE6LWttNN+luvb5WPnf9j8WEmieLFlhjmYXdqVD8nBzxk5AI4zg9gARXr3x3tbKHwJ4leCCOEHR3JWJeSQV6nA/vZ9B16V4v8AsXuJdI8Zb0XEdzakZOe7gnGOhwTkEEkjIHb2v473Im8A+LAGjXy9GZTg8ncygYJUHOQRkdBnjHBmjKo8iVpaezcXa2qUlvrraz1b0b0OirBPPk3B354WjrZuPIubytr8vk353+xh9n/4RzxS0ixOpvrbaznDAEEcdj0/EEY717V+0bLYp8KPEkcT+bITAwVCWC7s5AO0kAfKMH3JyTx4j+xb9nbw14q85FaNNQtsknBI6gYx6EeuMDjufXv2g/LHwz8UrGUjEsEdwihfnKR9OSc5UYyRwee+Kwq1VHh9RSbXI4v3kn8VtUrPlbdtmr+RcaVR8RtypJq8XdvRJRhZ+V+tvSz0R86fsoSTHwt4lyqhDrJGCQcABAMdgQe55+XGeTj6VCvLdQpIpCm6tlwxOMGYAng85GeT6+oOPl39kppJPCfiaVXwp1k4HTHRuueRgAZwT7kZx9STPK91aiJOEu7QknB+YSKwxnGRkEYHQtyRivWymnN5Lh2l9iz11b00trsr/wDATSPGz+c1m1RcrSbikm93aNuvlppdd7beu/tA6Ja6P4I1m0sYoYLaK30i4McMe0mWRYmYlupLHkH6kjk14T4y0u2v/h54ZMsWWXUNClkfaCWw8YA5JxwFwAePUjAPpPx38UHU/COuW8istw0emxlWY7tsSxgMy/e24wBkYORkHgHmfEdu0fw68GMxw7X+hpMvPzxySIp9V6Zx94LxjjryV+aNenGfK06cVfd8vOrK2quk7Pf3d9Uenl1fny+qo8y5Zz3b1utlpf3b2sr6X1O9NlpepaQLK+srW70+URRS2F1CksUibAhyCPlBGem0554xXw58cf2dLGbVor/wYkOkSXkEszaTIQLBnXcQ0RA/dkgDC4xgY6HB+1NS07UtKnebTWFxarHHK1o7E4JXkqNvOMDG3OByAWznzPxtrVre3mmrM32a5htZy8U3GGZcbQTjOCPk4weM4yc+vmOU4LMqUIYqEU0qajJWi0mldp2va9k9XqtbdfmMnzfGYHFVZ4epOUeZ88G3yySkumi1vutlqrNn5P8AiP4f+L/Cjxp4i027sVYv9luEieS2nVfumOVQVCEDq3T1rm4tMuHkgW1iM7SDJK/KMseAWx/eBA4+XJGflr9evFOl2viH4c3EVzbxXMsOi3klsjRiZwyRsyyRuQWRlO0ghvQDgMa/LnSJIoXuFWQhoZWhkUHDxOkxznuoCjjr9D2/Mc64e/s3MaFGlVbpVoOcNFeNuR2bWj9bp2Wj1P1XKs4Wa4GdZ0nTq0ZKMo3dnLlje19Wu6TuvPYwH8H35nQXM9rAJULA53NFwcjGOuSM4yD0xnJLL3w3HaW5ki1KO8niXakAiOQS2G2nrk4APHc9q6q6v5RqdoEycxygSuCXk+8Cqru+boAvQ46Dg5zrq01RYpbiW1uEi3ZWRo/LUbySOQMkHgKc5OV/Hx8bRpUpKlBptKN5X1Vrd7J2Tdt/me3hZTlh1KUdbaK2rej2vsnfe9rt6bFz4Tm4tfH3hhGTZPLeNCgAAVncbQW7AFiCe+CR0r9AvEnhfxxCsbPbRyRYeRZLVBJ8rEN5bnIwD3GR7dwfgr4cJL/wnnhWVxGko1mBx5rlEaMyICTkAA5B5JxjqfT9orvWPDU3h+VHspYrpY/KeZQJo5WcDEsTRk5I6cdhg8Zr67hfNYYChVoutGM51INczaTilHbRq+id9LXV1e58lxDw/wD2pGnVdFzVKGjS2d00m02rv0T9Wfn+JtRtPFJv7mxlAt9M+zyQGOT5WB5ZD83zc89eBnO7kdA3inz4Ewqo8anEbsVlBDdACqk4OQTncc88EV9DWiWUvi3y45IZ7RdJ2tLNb/I7OQPmDJwycLznPXknA2dX8DeEdViVLjRbdSUBe4sQsbEkn58qARjPTnDe1fqOTYx1qVWpFq06qd0002+V8y6J3tdvZ9j8q4gyfklRjyShKFKMddWtVa+mtuvbofMWsaz9u8La7D5UaPJawKS7hmZ1lQY+Y8MRkDJ5OBksa39NU/2Xp0ZiCmSygUHJDgKgwBng5BwDyAe3Py9f4t+B8C6NqNx4c1C6Sd1hxaXfzwyRhwSu/d8pGMjgYx2+9WbH4P8AHOhW9kzQQajbQWiHMSguoC4KYPPAXtnJGASTXpKpCONqVXFvmoxg5Npq6a1S1slrZW1v6I8Orgq08vp0lUTlCtJ7tXjywVtdb2vZ9e/bKe2nihDRPKjxsSU3EZI6A9QcjnJDY6YyKw9N05rvx1qwu7eK6WbQrZlSdVlAIyOEdSDxnPcjrjBFbA1xEleK+0+5tHUum4xuwDEDczMQANvQY6+h5pNAv9N/4TmaY3qeXJoiASSHaC4HMZzjBB6n1DY7ZjEqhiXhueMZ0/bxTjNJ3V7O8Xo907PZrutXl08VgliVepB+wdpxclb4fhXk+y6OxW8RfCHwZrVvuvfD9rbzupxPaILWRmGDuG0ZyCBwGPbrXgXi34AwaVBJe6DrN3aolxBGttKScNKwVcuWJIB6kA9elfct5cWt1Y7vMjYKgEeyRcsQQcqOMkjrjHOCTXk/jBoJNOkjDyArf2Wdy465Yglskgds4+btzXkZ3wpkGJw9acsFRU7NqpSioTTsrfD87ppq9tFue5lPFmfYXE0KVPHV5Qk17tSbnFp20tK+rVn63va6t8hap8MPivoBeaGyt/EFlGVy1swebZhSOeG3YPUZzwMhsCo9I+JnizwfPGGbxH4auoXUB4JrhYlkBJwQcKFUDoB64GCAPvDT4ZLqytjEzIfssLkkfeJyMvg4ORjBIOM+h5o6r4ZtL6MLqek2WoR72GJoEkyVjJDFgAcg9xzk555r4TFeG2H5VVy3H1sPN0+dQneUW+WLsnFK3Ra3vvZ21+5wXijmGHqxo47Cwrw5uWUo6NpOKva0ottPyT2dmebfD/8AbL8f6EZEfXtO1xHZd0OtQr9pbA4Q3Byfmzhi3br15+nNC/bP8Laqnk+MPCK2YuComutPK3kRDKod0YY8tRk/dAOSRnvXxLB8I/COvWt1Pc2NzaXX9p3VvHNp7mPEaOwjRo125C8g87gRhuTmufu/gZe2khHhnxU6Oc7bbUAyKrDnDMSdwG7tgZJ5+U4+dfDvGGAhGth4fW6D1jyTUnKzXxJ+9dpX08+1z7GnxnwpjansMVGnh6jUVO8XBXko396KcWumvRu+2n6a3vxD+FXi1dKuPC/iSxhlW4V5NKu5xDIYztJT5wACcLkAgc5x0xuS6ZZ6lC88LyLEC/lNbTpPH8y4Zx5bMWB5wAr9D3NfjhruhfETwxNHHqmmwahF5hWG6swS8pUc+UyOrEkAEHAxkDnmp9I+MXifw5NEkGseI9AeJ9phM0zwBlYDaySDbtyp3BiSSOAeRXFS4kzXLqk4Y/A16bUvf9yUbP3dFom106deh2zyrI8zhCWBxtFxlH3YqUZJ3tdc0XfR/K6W7R+tl14eL2oiDQX0GyQSxyxKr4KnAcP8xbqDlcE57AlvN4PA+lXVlbCa1SCZJLjCRBYpUUSHaBj73bAOMZI4OTXy/wCGP2q/EsKxx30+k6/ARhxLts7wIQdxaQHmQkYLHqSDnqK938JfH/wPq1rEuv2V/opEx8ltourZQSSzNIh3FTzzgFc5wOTXu4TjXC1XBSqToyUUnGd1Ze7pddtVra/bVX8mvwWpQmo06deOklyJNpK2vR312+a6lq48BzwXTvp2ozwcOAs/zIxKkBWbJIUHrgAYPB7nyC60DxFDbW8Qt1vBb6hdbngbLESyHouAOAeRgKDwAcE19Ywar4I8Uwl/DfiWykmdy21LlDgFCoDxSFQpY8cZOQqqcimR/D2+FnFPayQzTtLJI6MMb8N95HXKkEZOchTnJ3dT9LheKaceTkqxquUrrWL0ajdL563tpqktkfMYjgWm1VSpui5LWVmru8WtLa9bb9dE9sf9mL4hzeA/iDb3Wo2dyiXFidPlZom/0f8AeAI0h2kFBxu6nAycAtX0D8TtU8NfEH4+X9jfWen6rpGt+GVtrm1aNJ7WaaGyLhlDdJUIyvTae3GK5P4ZeHLzTPE/navotteQy6ddrGszBo1PlswBk2gCXjepGSoIGc9eun+EJsfGfh74kaDNKLR5pU1PSTulmjP2VlJiwP8AVDq2OAx6joPmswxuEx2dyq1VBRqU4wlzpNPRaaLs3qlftfZfTZZl2JyvJIYaE5TdKTalHSad4uLdrNvZ7bt9j4I8Qfsa3niTQrrxj8MLiW51SbUNYgbwhKVRnSxuJAz2sp5yqLxGAFAwCK+KWtta8HaneaRrVrLY6jaSPFeaReq6FXViG2LIBuYA4BjJDHBBxX9BfwMtoHSESJ9nddT8TzodjIy5up85A29VOOeQGYZIIx88/tA/CLwV8TfFniC01awgs9Vi0myksdfsYhHPbOcBWnVOJVPDOrdWOeeCPlM94WjiMVJ5aqcLxlNwfwS92MrJacrs3FLbS+l239RkXEdXD0o/XZc0Yac9veS92PvK3bvfyvsfll4X8T654d1iz8R+B9ZvdC1yymS4WOzneKUiIhikqBglzbvjLRSDBXIU4JFfrt8A/wBurSPGP9n+E/jClvoHiaZE0621kxH+wdYDKIgLhnxHbXExPzqQAWbLNkgH8ufiZ8BPHvwiu5NQnsrrU/DEKRT2/inTVZ7YK43ILoICY9w4YEEHBwx6V5xZeJ4L+3MmoxrMC2zzY1zGCOk2AN0bqSCWB9+K+BU8flVd0pxqU3CSThNWVtNYt3TWj+FrV6d3937LA5vQVRSpyc1FqUGr7Rs7pXTto0+lrpH9Huv/AAw0bXtBh03wxLZ6O9zei6XyHSXT7tJ5hcCRHRjCFl2hjtP8XzDk15xpVjcaTY/Evw5qUKRXUSXpW3hG6OaNbKbdcRO2Pl/uhdwbPXbX5kfA/wDau+IXwZmsdMu7keOvA1xNE0ulajIX1HTbYkFpNNunYsvkrjFsSMjjcOg/XbwL49+F3x20a41fwxqUE8d9ZyW+pQqyQ67p00ttIklvPblvMKRu/wArKWBHQ7sGv0bh7iunJfVsTK8VTkowbXNB6Wd9pKzuttdL3Wn59nvCdWMpVsNHllzKTktIy1jJN22dkm9031PIPAngTwt4s/Z08PQ+JdJttbs4YddSKCeNDcWzjzmSWCRizxyRsqlWU4JAPqR+Z/jv4ADS/B2h+IfB91d67Nqo1a9u9EdD9v0y00+42maJ0y80QVhyBuG0AjJNftpZeELDwR8P7fwpKSltpumatcQ3+8ssxnWR4EnYDarkMUAODzjjFfNfw30RLbRYry/thG2maR4iRBLECPsl/dxfZ5P7pRgCRnAPIwAcnrzHKctzjDzqaKpTUYQrJqMr2ilzW6Wtbmu1urW04sBmmY5TXp0pOUqU6j5qclJxs1d6O7i9LcydrrZ9fxeTVmt4hp+qxvdwsFUllK31m4JB+bGQUIOQ2CfX19U+HHxX8b/CLXLDxB4K1WS5060lVrqCRmnt7iJiS8F/Zk+W4A6S7SwbGRk8/dXxw/Zg0j4kfEnw/pvgyKz8NX2peERqss1rEq2l5exxF3kuI1ICvOckycgAZ2j7x/Ofxv4E8ZfCTVptP12xlsLuOWRY5QDNY3kCuyCdWAZdsignL9AD0OK/OsyyvMMorRmuZw92UK9KTUd0021rGS02Wru/M/QMDmeCzanKEuXmtaVGryt8ul2lJNSjft+B+yfwT+NPw7+NE+k3Wlm28LeMra7fVNY0Od0hs9TuZEHmT2LPtQtKyg5ADBvlK8cZ3xTsr5PDfxVg1HTZrf8AtDWLK5gadH8i7geYI0kcwAUY2hiflDcjjq344aVrUn2m0vNNu5NF1mFknie2mNvGzKQ2+F12FXUgHaDg+hwcfov8H/2zIPs9v4B+PtvHqGhXFutgviJIUk/csFjjGoJt3FRtDNPuZhgnAAXd7WT8U1IfucdNz5+VRqN3cUnHu7XtbfldnZ62R5Oa8J06qdfB+7a0nTTSi37svu934dHfZvr9YaFolrfWehabcW8cthd+AJlms2jWSGVhaHClWVhggAhlw3Oeg5+JfG/7MnhDxT4KuvEHhiM+HPEGmRTNLbiMiy1KWS5kjWMpnCMAAAyg4Iz1wa/U/Q/Atjrdpo3if4faxZaroUHh28hs7aCeOcy20sLNCkcoLESKrbNrAHI27SV4+fEstStvCOv6HqmmvYahZRLIIbmIRyJEl+7oQxH7wvkNlSTtPPoPtnh8uzqlKm406sXRVnJJTjomnGa1urN31TevXX4xSzHJqik+eDVRJxV+RpyTalsuqun23Px0vPDHjT4d6pN4c8YaLNaC3MZ/fhmilSSLzUaCfaUbMZVwrsueh5PNixvr/QNTtdc0K+vLKaB0nttR0y4eC5tJVYMuJI8MCrYGGzwD2wa/WH4s+AbX4jaU3hrUybc3+p6Ki6nCifarXfaW8YaKTGSAeGXPIGODxX57fGD4GeKPgXd39vau2v6abqMn7ShR5bWZgI7qMEsGBbCkjo46Dg1+b5hw9isDKWIoL2uHU24zTtOCTirO6s/8VrdbWPvMBn+HxUYUMR+7qSUfiV4SeicU7PdK7TVm9ux92/Ar9vvUktrXwx8ard/FOgNBHZr4ls0/4nNnGAEVrtQN1wVwN0hOSuTknIqz+058T/h/4psbXWPAWs2l7a32jz6ak1u6reKy7m8q8hGHRljO0sM9OuBXy9o37OnxHtPCeieMbXwXc6t4f8Q6M+uLPZBp7vTLaIkTtqFsoJitwQxDFSpTByMYXJsdK8FW7K1/EIrpvNW2jjLtZyztHkx7WH+sDfKQqkhgRnGMY5fxViMI6uDqr61TqL2SvLnqUpXSbvHdabaN2b6HRjOFsJjIwxeGqQw1WFqslHlVOo43bjyuzi9b+7bW10fVPwu0S38PeGvA8lshgm13Qo21CSI7Y7k6jfGylkuI2BWRhA+1SRnPzfLg1c8Y+Gb7R9V1u3heTW9F8IvJG/iOCIrdaFa3cBcQXlqOJ7VC2BLncoXgevUeDIpH0P4WKRDLDqNncWiLbSrMLY6bctdRxuy8o7Mu0qQpySDg4z0+o3DGz+NFvuMMt9dabG6YyH8+CMEMDyQCcMCMHOM5GK+0jTlVpwcXJcsY8jhpZyUXyuys033emup8ZJypVXB2l77ioy30mlpLpZPSz8lokeDGeSDxdpNyb2GbTrnwxp/k31k+6G7UXMcimRhja7YAeNgGVieGwa/vT+BMy3HwI+Ds4BYP4A8PbmJyWP8AZ0AAJwOM4AAIGRj6/wAKfirTNI0nXk0e1t0sYX8P+GruOGIARw3W+2S4kjXIKecdzMNxAY9CflH9z/wABj/Z/wDg4oJcL4C0FQ3qo06HBPAHKkHqfXnBr4bir2jxNOM2k4U3B63vdRd9bXWrt6Xd7XPsck5ZYSMlJ2lVTitW78sdHZvR2uvnqj0SZVLEbsnJyAMHHB2njg9TkdhjqxxEhA5C8L27H5TkkHvgYwTjOeh5D5gVLNnpuwDx1GAQc8Hvx2zjPBqEHOckHkYyeDuGRkcg4PPQgnOOMV8PN3lvoltazd+9/Pbb87/Q0krrXrbW+9o6bLvpff1sTDb1Cc7cjnOM9AemT0PH69pQrE5IHzYPPqepJByT+I7ZIFURkMxQsSFA6fLnjPqAcDBxnJB4yOLUZOTglscZIAA5J49upAzwR9RSUkmtdteunm+3TX0Npw3d11st38N+ibut7rSyTaReiQ5zgAYAIxyDxxwAMkAc5wNvOMg1ZRcAEAcZwMHLc449xgjB+8eR1qqj7SCeMqGOOBtHRfqRzzgdABjmrQZgBzt5AOCTk+mMcc8cAdAc4GDrGaS1Tve1ldXu0+vVtrrf4ra7c7TWqdrvRvbRrTy9L9d9UyYIpUnJxjBGOx4zj+7xjjueT6QsmQcjI25UEHI6989+gJxj3yTUqsCoAyD/ALX3snHHHpjOADknPKjJaeflySvQ9eeSOB/EOx7DBycYrSK5le6s1e72tp3/AOBpoCt37bJappO6fytpZPbZFdw3bChRjAXOQR+HJx3znPYDFUzGNo9skAjkc9PY8c9znNXHXqQcg/dA4xjgnIyCMHkHhfU44rMGbA2ttGTtIGT7Htg5yeT/AIpra+1/x0a82ttdt+lm3p6W83rtt0XV66W+RDtG48gk7dvUDHfnPTOM89vemvtBOcc9cEggAcn6N/CCVHHGSCaVuCQnBxnk8gkDqMcHGMdenrULZO7ksem5skjOSPlJ9d2c1Ldnpu9r3t0+XbfV7J9C4WbSs23y8qvJJtuF1ZX6K7vtrdWtFRSHBIBI6Z4C8fe5/wBoZB7DGO3NU5N2QATjOc8fLnlSM9tw6YOR065FqTAPGTnPQcDPGSB2/vDp71X2kAncT/Djkc9h9OeoHTjnNNJvXa78uyXldq+z/wArdMUopN7pO+rV37sW7O19lbS2zSdxnJ7gcYB6Zxz83P0AB6djzwgwygYBzxzzyD1znnB5Bzn0NSgMSxZSSMYyBjOe46H169eDg1KIR6Ac4wSRuJyRgBSQSO3Tkn5hjFSsuvW35b9tX8rGSt9nrtZ3bv0vu+xTaMrjkElsEEhsrjuR04HAOc9R61JtyWBU9CMNgbTk4wc9Sp6j3BPc2SmSBn72eM+wGCePlOA2c8BienFNZOSQCDjr6npgHsMc88+5xmsozV2ldtertflvr3V7ry7Nj5u1tPmr+6mn1v5aX95XKflsP4sg89Mbj/dUYbDdRnvn2GEEZOducHKgLnjAycnPGeQwByW4IGDnQEZ+U428knPQjaAODxgAkDHJ9R0CqgBwNzHJzjpgnnnjsen8+lNS5knZq6va2q62a3X3a3Vh3totF631Vnftprrq5aNvSxQS3GCxPAJyDkls4IGSTgY5HAPpnkVJ9nO3oxJJ4PynJxgFtxJwB8vPPfcOumsSLgBQ4PXBIIKnknHVjjB9B/u4DvJUggAAvg8fdwpBI6cYPtyfpkNvT1tbS6s7enfrrvYzlaStzWsrprdK6W+8W02l67aoy1gKkAlsYPCgcnoRwSpwOvJHXtmpFhA4DHtj37cH2PJOByDx1xoi33FcZzljgZwDnbjOT75OADkfL1apEtyWXO4nk46c85zkY6Hb1ycZ4PV8kt22210tZfDur7b3vZWs/Ihzjyx3fbZt2UdZWduuqfroUEiK5KgMzFTkDB6MTnn1JPQ+4GMVbhjzycHJOB6+hPuMgcZxzzV4RBAmck84P3iQSfQcLyf16cAPWEg4GSdwJO0AEHnPseeo7HjpRG21nolra1vhXXRLe3ncmU7ydr27u9nt32v26tLqyOOP7pIypABAPIb+6ARkkDrzn5cHgEmwsQJDA7egCgE/KB1GMdyCQcng5OSMTLGAoIXPOcep4yc9RluuDxnOM4p+0qGP8QzyRg8n3P3cfw9M5YA856Ftsk9ml20tfzta+i2RLt10d9Nd9Yt/j5badLuLYByD16nOD02hh67s456Hg5IpY41OBguQC3zEgDnocfdzjPOOgx0qyImJVmBUFVG3BB5GFJ4YgkY6Z4HHfMgTOep7cc4AzkA47+mR0wKWu3pdr5ad+r1stu2pL3dt9L66p6Kz9b30tdd93VEe5mU5JXA27RgnAwG5ySeSepHbgmnPFweBgsAvy5LH045wMDdxgqMnIzVsKUBwobdyNwJwM+mM8EDnHVfTNL5TBmJO4kZGPlA9sY6ADPUg8/xHcG2orXXp5/oiVK26toktNW1a6/O/bcz/AC1cE8KqtxxjcOx4xjvxnBBYYFRCEMCVYFd3JwMYHJ5BwSM9SMAkA881qPGBkDkEEBduc45yR0444yAQOaiMRDHB4YZAGcHPJIHbnkEE+o4wTV12/rTffz6637Kw4ttLpddldbLp32e6VvuoLAQQMk5IbIIC7iQBz1zjoT1x0IzUyw7TnO1iDgdO+WyxPUD5iO4xjJFXBEcLwB36E8rwOOo56geh/u0GMqx257Angk4BIHViAOx7jJA5Jq3BPVuysnq+nu2vZK909ba6+pLnfVpO7Wy1d2rXbeife/QrLDtAKtuIzuOBnJxjPqO3TkjjBzUv3OeoIzwe+cZ9wOfoPQCrHlsijkZ5IX3HTIxjOOmOTyfcNKnJJAJAyD3ByMggDBPqT0DZAJ5rNxXnbTyvqm9tdtL6aO73sJ3kv5Xp1XS29tGuqtd3VrbWhIJCleDj68kjOTkZz0zgYA5xzVtOV5C9+h+YHHQYwenJJ7D1NQeWMAq2MdcsenU9SfpngnoOcVPGiqchiVwTu+6cnqM98gZIyepBGDxfMuVXbur9LrltFcttW9na76d2rYuMlZ7ptLRqzba03Vl16baKyuTbTgA7c4GScjBPJ24z78FiAcDAHIYVVuWzyBnIPCkf3eevYZH5HiQAYGN2Aw74LA8jdwCAM84xx/dGDS4+bKjJB2nrgjOcjucZOffk4wah9NLppdHdPS1l1t10vd3t1BwblotbO92tE+VrXyVl+FtNaTR4xneODncDjHOPXHBwOenXBzSiOMEhSMAqWGMOTnBPOPugkkMwye+Tmp2Gcg52sc4PGcDcSO5BGCp4A4yM8VEAM9toI4Py98HPPoOC2D2wc8JXbbbdn0ej0t3X6ard3NFF9E7aW5lK93y3S2VlZe81H52IzGpKjnDsSSD0IHA5HuMA4ySenSjYEIYjOA2ScjOB94gdMZzjOe5JwQUbauArHIOQOSWJyTzjA59ck8HjrUbOcHAIIBHHzYLdDjjBIIGM98845ppNxd7cu3W9tU3Z77LZ9bWtYcedLrK6V7LyV+XS2u+q10TTWy7gNp6bmO7PTjkYycnBOAcDHOR6KAQRkYDAEgZJYhiNxyOADz0PTHzd4yJOMjk8c9QBjJXPQk8Y6ggcscESAtkBgxwOckkdOAP4Sucgc9fSiLd027bb72unurrXe99d29ddkr07xu+q2Xkm1dXttorX2Vo2bTjIGMc8c8E8FT9eBgZAb6CpTEpKkjoSXyOvXjpkDGRwe+SR0KLglscHDHs2446evJ6EEFhkhecU0bi3JILEKBySc8E8HGQD178DAAONFZ21vdq9lorcuutu33tJbO8Ntu1rNK+73dm3pd6dF5a6Ic0WCwABDHJy3G3AAHOMg9ADwozgEnJjkiyy42524JB6nb8qkHnPcZ5HABPQm5gApyRlhyBwVOQwHr9RwRg880m5iTuXGV7HBxjOMe/Xdzx05NK1rpyvokkt4tW6t9ba3tsrdQjdp7JbN67y5e+/bRdHtdMrsOGyOQOhYcEH5sHPRR349RyeD5STjjK9Dz1wDyeikZB7kkcHFPYEgYyRg5J4659fu44wR19uBSNxs4wefu5BA5IJwpIO37q9SO45qE237zd99E2/s6N6N3t1trZJ6Ir2TVmmr6qztp36dtWm+ys+sRGCecgc46gjOeeuFz0HIB6DtTH7Y2YwR2I78cjnqMDvntgU8DO4EHknkHpnqxGOnt6k+2GbMnBxlQAuDgHkknI55/vY4IGMda1Uk/hT6O76r3U97beet736EK2idrd1e7btZdr621t27WrlSAT8oAGAvbccZyWyCQcZDbs8dcnKEMMZAK7ScjgkgYJB7A4xzjI556mZ0fJOOM5BI4IA3EdeOehx2wA2aMA9c8deMjBBDZOCAMdup9uw07p306rvrfv+nq+jV9tFe7S08vRa6O299+1623JOCMH5sDkBicZ56DOBy2RkCoCMFlwcfLn056kcE4xknjjPowBusoHyhsDco46YIwSTgk8np6cAk4xGyYwpzhh2AbBBJz9evAzkE8HlqpNdUtNL6+Wutnrba/Xe6KXMrX0Wl9d9ntptpsuhXCg5GRgDcBjHHIOMnvkDuenfIqWIENjdkkKfugfdweOcDOMkg/VuOQocFUyeM4JJx1ycADg454HPHGORCQ3yqdykbuSDjGDkjOehGAO+D1IqdG1rqvw1XfZ9O4pNOzV3bR39F+He27ucR8bpHj+BvxbYYyvgLxDyenNhP1PGc+4BViTnJzX8POqljY+NhtQi18JToxPGDPe7x+eTzznOOpOf7f8A47HHwI+LbHIX/hA9dA5OBusZ93J5OSCT69R1yf4fdR1vw9Z2HxIfVryO0t/7GhthPP8AIHkeXIjTAO5icqB6kAjB59LL9HV0tJRT0au9I6r1S23SSWlzWLiqbsm258vXduDWm97dNVa9tNT4A1u3AvtPuZwsdvb6v4blmlZhsigi1O3klmfJOERFZn5Awp6da/WL48fti/Fr9s3xF4V/ZB/Y9a8sPCOnaH4e0b4nfFO0WaCJ4IrWC21GyhuFCLa2UI3oWjfdOwGQFLV+M3jfVF+ImuWvgPwxNLpVvruqaV4efVJQyuJby7it2lQ4HyJvMinIICjOetf0Y+AtA+Bn/BNv4GXF1qur2NvJHY6Zf6nqcgi/tvxbrX2RWe3tTxNKkkjbYwhZOQSWYHJKP1iajDSEpLnbWvLeN0mtr7W379jqqNUVGbTdXl/dt2cU203KyW66Lrf1Op+FfwT+BX7B/wAIrnV9Uv8ATYb6x11NS8V/EHWHjF7qDWUDNdRW08zeaFlkEghiiO52I3Ekmvzm8UW/xq/4K2fEprbRf7Y+Gf7GnhPxNJ5+tzRzWl546eKT94LQMUaf7UqsisMpGrkrkc11vw8+Evxs/wCCnPjiz+J3xkGqeA/2UNF8SS3HhbwXvns7zxm0dwHj+0wYQvayADzp3zkHADbuf3PsfCXhf4f+FvDfgXwbodl4c8NaPqlvp+n6dpsCW9tBBDCVYARgB5GIBd2yxYkZ6mvSpKGFdOdNKTjbk5feUWra2urtpu19FbU8mtUliJckpSabs2rJyd1f3vwV9Fprbf501X4SeCPgl+y38Qfhv8ONHtvDvhLwr4EnW1treFUkuZ5olSW+vZUUG4vbpiXlncks7ZCkkkfy7aFp7yf8LQNsiH7PpqxsSOeZQSMDjKnBHQ89P7v9Tf7U3xX8LeGvAHxc8C3FxbW+u6l4EtYrKwMn7+ZpChDgDPykZY5AGADyCxr+ZjwZp4e3+K1ySY0+z3BdlU7MrMoC85yAAeOCMDv0+44PqKbxNWS5n7V3V7Sa5Iy9FZPVKystrHw/GOHVCnh4QfK6kYNd0nUjv5pfrsfTK+D2HwV8JXjxRo13YaeWZIcSt8vBL4LDIPfjO7J5GfkH9onQYLb4Y6+4eTcjWisCSQNzA9eSck88d+uK+6L/AMWadY/CDwRpyXAvrh9L09gkbAGPAIKyZI2lCOe+cHPIx8WftA6l9u+G3iSERhSYreYnzIuWV1IAXeWPLEfd5IAxX31OpKeTYtzbTcKqUZN6RdnF6XvprHS1r+R+ZRozjnWD+KcY16Mpta6qcb30aaezv59D6M+BHw/0jUfhl4Iv5Y5pZrnQLQyszsqgFPkAAzjaOMZHrgbsV7Vd/DXQoNGv3lsUJ+xXrB33Sci3kOcHkjgjJYc/NwOniHwR+LEfhz4aeEdPOl2kottBtoxLPfwQBmEZIbb5hK89QeQcLwMV3OqftB3D6dd2yW+hgmzvUJbUraQRh4ZASfny5XcMY5JHXoKUIYieFio8sU8PFLmkldOnFPd32/uqyt6rHEQvjpz99r6y3yxje37xN2dutk1bboea/sTeDND1fwrqaXelQXTp4u12NGc7RtW5YLnKt6YAGD0PXmv31+Hn7DHwo8T/AARu/iNqduLbVLOC6uo7M30MNt5NrCzSCVWOWds5RMAkA454r+cL9mH4sx+EPC2tKfEmg6UbjxRqd2I7q5RHIe5Z2aMd15IByM84GeK+uU/bBNnpl3okvxftY9KuQ7vpkOrzJaMzcMpgQkOjg/MvR+R6Y+ZxOBzDFYDARwmYU8FKk4urLnX7yEZXlHRpq61Wrba1fb6DnoU8wxVWrhJ4qM/dheDfJJqC5tumt2m7fieCfsvfDzQ774u/tMrFHa/Z9K8fTWlg2xcrD5wAQJjGFG3OByCDnNfoDY/D3Q7BZVdYHkVVOfKUNgkcANhSD6k49x0r8j/gd8c/BfhPx78atQ1DxXYaefEni37bZzRPMyXsKiMl4wqHIyD1xyDjJbB+kdQ/a++GvnBP+E6u5MJtYwWdw5yMfMMJ05yO2OAemObD5fiJ0qdsbTjCVSaV6kU5NSd21e973fezTsa4mcVVf+x1JS9nBWVN8vwQa1tZ2Vk7J2a31OT8TR29j+374atbfyxFD4NBHl4jUHdltxGQODgnoMYPPNf0Q/DTRNB1PSLC81AROrWlsE/0mER/dUEklxgluC/TgjOOv8oPiX47eA7j9pex8ex6jqV7pcXhY6c1xDZzfbmuNzZKRFQdpDcsO64wDkn6zt/26/DOl2kNhYv8RriOOFVT7Na3ESlRkAAAg9AR83OMDoARyZhklbHYaUaGNhB0q0qcmuaUpOPK7tRV9XdWa9Nbo7IYl0JUZTw0mnh4WUkoQTvpFuWiats7/Jn13/wVE07SbDVP2fIIJ7aIyfFq3ZI7WeIvIqG3dUlbzAFRm5IOMHdzgZb+hH4y/Gn4W+If2LdJ8L+FNZsLzXrix8L2ps1urSI2N9ZWdsLxIo0YO6qyOWkO3Lck4yR/D9+0z+0VafFC4+Gl3Y6F40nfQPF9vqNw+t20qh490YaK0ZpCzyso6AA59GANe12H7S8kKQ2um+A/iB5Ua5CSyzxxljgsVQzbVJOSMrnbgZzkjxqfDE69bDKpia0p4CrGaUaUpKo58s0neN1pG2m62vrb0p49QwjUaVOCxUZJt1YR9m01Fa8yve7d0n06ux9F/wDBRK4s5/2e/HVrbTW0k811pMbtHKryyTLeRmQkKeSMFc8c8461698FrzTf+FSfDmI3ZgaPwfokV1MrAlGWGADcVJYEj1HGCSwxkflZ8e/jLrvi74ceI9Luvh7rGmWVzLatJql9c+Z5YjmVxuVi3LPgDOSc5OODXqnw/wD2k/iXoPg7QNM0r4O2MsNvoljaxXl3rrILyKKCMRzeSUOzzAAQM8HOegr6z6hXrVZUoLERcaEW1GhUctXZNpQ08m72ezex4jcKeFhKVTDyvWb5nXhyu6hLlu5Wfmld213Z+nvxjvfBlj4P12XQNSgmlbwfqyXUix5le4l0+VJRI7YLMT8o+UdTnOK+Iv2JtS0q2+A+kWV9P5LLr+uXOxsqWRdQkZlAB5yvB56e/wA1eReIv2ivjPqmiavZ/wDCsfClnb3Om38UzTan5skUUtvIsjqTH80gXdtI43YGATkeN/A7x38XIfAdnbeFrHwxY6bb32oxxm7AnnWZ5mMxYEZO18hSTnGBjOK7MvyqtTxVKhOniJOVCo1F0pKcrOCaXMl5au3TdNHBjVCeCrVFiMLH99ScrVVKC0aadr2k7XSu9rWsfsp44+KvhU6TataiaaW1spLVl2lYYwYCFZzjLHKjC4IIOeNuB+W37KuqWf8AwtH4zXcz7GutQuJcqSV+eZjg43Yzkc9uDjPBW81j496lbSpe+I/CtqkqsoSPTY5goY8kZc/MAQAe59K+Z/g1YfERPG/xFt9F8WwaZdwXbHVLpdOSVb0szHKKxxCVbJ4OSpAyODXsUsDWwGLwKWDxP7ytU5XPkvJ+zWi9+0dE37z2baueZSnhsRgsfGWMw7m6VLbn5VBVIPm+BySd7K2l0tElp+uOoeI7BTHEpJZo8bmR9inHUEqe2VOSON3HXPzTr+pWEv7VHwkuBKhSLSbosSvAOGLEAgggZ5yMlSTXkt34c+KN7gzfEy/ZFjDN9ntBGvHb72M59yeByN2a8B8VeH/GMPxd8I2c/jnWmu5NPmlj1NR5dzaKuNyQnOQr5PIO7kjFevjlX9lC+DrK+Ioxi5Shbm54rpPdvS9mr+Td+PLsDhFVrcuOpTk8PWi1GnU0Xs3dt2Sst/d8lY/eu58c6Fbwzwy3+mW6NF5fmMyhtoODuXqMjgjrnHOBX5p/tw65ol94Q8P/ANmajbXYl8caMsaQEFciUh2wG55IDZ+6CcHnjxa68B+Jb5CL34keK5t7OXJuJEyvQK2GOX5z3BPocE+O/FjwK+l6DYXM3iXxDqB/t3T7REvLqR4UMj8zxg4AkBwQ3Ug9SoXHnYvA4qnRrVPZOCSjzOVSMm1zQu0lr8tel3YeXUcBSxuHjHFKpNTaglSkrtp6Juyje6fzV33/AFW8IT20PhvSPOntYTBp9qrCa6t4uVhjIwDJknnGc9gMip/HPxB8PW/gTxnbSXVlIH8MatbM8N7bHJe1kVUVRJl2JACjHT5QORn4CsvhPYS2ULah4r8TzxtbxOyy6lOFOY1KIoDcbM4xt7D3NZPif4a+FtM8L69eRSaxeSW2lXMkcs9/cPGrhchipbDZ5GCD/eHQGvZxNHH1MJNqjTjB4acryq66U1Z2UXqldqL73vbVeZhsPl1PHU5PF1pTWKhblopJtzjdNyqX5XsnbS7t0T/Vb9i/4geBvCPwK+Eeox+MrTQNZ0rSrmTyb3WLe3iErXkkkcciNIWtpVCqQ+zK/e4avrD4s/8ABQPx/r9leaBfftE6FFo11G0QC+IPtEiW0Vs0YtpymPNVkOza3DjPXNfz0/DDwD4UvfBXh68utPnuZ7uBpJczT+XkMdwAEoVcgdAAeenJx6Mfh74RgSNo/D1q24vzcpK5AVdynDSkZHAAPPIyR3+XhwlVxFPC4qcMLNvDwqU3UUpuK5YtWXLHvqldN31fT6ipnuGw1fEUI1MTFOvJTUFTir3UZcvvNtSba1S0Oi+Afj7wvbzfE3+0viDoGnvc/EHVrtLrUZjGL6CaYv58KBTlHzlSOeueDivW9S+J/wAN0m8iT4m6DL5izfvIBPKqjBBwfLbnJyOec4yN3Pxb8MfCmgXI8WSz6Nps7Q+Kb+OIywgiOOMLiNQx+UdOADz9OfYB4d0hCpTRtMXLEIRbRkqAO2VJYjgY4JA57V9Fk+AzH+z8Mo1sNGHv8qcKknGKqW1Smlo72stL9dbeJnOKyyeOrTnRxM6jdJy5Z07P3abVvceyt8Wjd9LWZraV8cvBPgz4ty67B4lOtaevhiKyhu9NsprhxO07l45IygYqM5Bxg56hSa+iNG/bf8IWOq297bad4y1DULKJjaT6Zp09jcRSSIMmJ42Ug7QpHPbJGa+Hre2t7X4rNbJbWkUY8NCRUjgjSMybm5KKhBY856nGRnnn2a0iBWFkgtwXTaziNARjHcRg8AEfXB4Va85cMVMzWLVbEQt9ZnColS5lPWN2k5aJ32a6bs6JZ5h8v+punhKspfVaU6TdeUXFWsl7sHqurTS+Zy/7Qfx1sfiP48+FGuy6L43hg0fxHJcz3PiHfNf3s0hDJDbzTSu5QscIhKAdvbodU+Lc0k9wLPwr4mkVpJmVZNsAAZmK4w4xkk4blhkHkk1458b0li1b4bBQf3vimJVGTjcNhJUYJzgYAAOOQecGvT0t7kyzMyMxDEMWy2QCAOT13ZBOM8Hb2NdGS8NU8FUxuEo4mcVRnQXuQpxupUlJq1nFW1dlGzv6GmZZ8q+GwOIqYNTlUjVVpzqzacZx952tdtfzLts1c4zxr8Stcv8Awn4g08/D7U4oLvTZYZb241eTZErggu0WADjJPAPrxiup8HfHr4p6BoOk2Ok+ANFK6fpthDbT6hrspeSGGBFifyVXAyADyfTPbOF8QYHh8J61Jhs/ZYxkH5Tk4I9cZ2+nfHI4u6FZiXSdPd/KRhpto2WkQAqIUwG3PwSOuQMDGCecehPI6c8bKlLF1Uvq0Jt/uYyfM7NN+ztayur6q7vvZcsM4f1KNWOAor/aJQSSqNaQhaa97ftq1ZXtujpLv9oH4+39rqEa+HvA+mwXltdLKzzy3jqskLK4j80nyywJ5QcHnBzXDfBD4wftG6V8P4dF8I6x4S0rRIdX1p4IrjSIrq8jnub2WS5AuXdWZWkLFAcbVJHbI6e8jhS0mQ/ZVKwXBBM8Q6Qt0Acg855AOeBjkGvPvg5qNtbeEpEuLuxtpV1fVmCTXCpIEa7lwyLk43D5hwO/sF5amQYClj8LRjVm4zoV5Scpqz5JUraqyWjeit6W0LpZzjKmCxNWOGhGcK1CELU217zne9202rWutFe/e3qdx48/akuxI8/xW0/To3ZgwstKhAUBs4UdiCTjnjI+lfPNk3xPvfi14yurj4kXkmuzWFi19rSQIs14gRNkJTOFVVyqnuOcjAJ9+bxP4aSFhJr1qGJXzAZGfuQVICk9OD1J5BxzXh2geIPDf/C2fG93cahELNtOtUgkSOQiUhBkKoQ9D6j6Ag5pVcnynD4jBONRtSxHLNOvJqzjLW6lo72vbS99isNm2aVKGJvTScaF4S9lGyalSS3jZpK946pu21ml27+G/iFdXHmXHxS18seTGhZE6ZLbVIDA4zj2PJrzLxD4S1Sfxv4J0zVfGviTUEv7udvON08E1qFDH/RpRkxliPmwCSD1wDXu1t468JIgK3ckjN/dtJ2IGAAQCm4ccjI/Lv5V4t8V6JJ8RPAN3DNdPBbG784JaSBlDeZt2IVyxx3A4IORnp2Y7A5RToe6k5OpRvarN6OcLqzdnpdX6dH1McDmWcVMQ1OTUVSqNR9nFe8oXi1aKe+3TRs9Gl+Dnh11P2jXfF945cgGfW7pwQAeCN31zy2eCMnmvOPiR8MvCWleENVvoINRuJ7f7Ntkvb+4lQF5o0PmKzEMcEjI3ZHJBxk+zTfEDSxCHh03X7jLMMpZsq8ehYg8jHzHp05FeZ/E7xXPqfgjV44PDmtRw7rQtPPCiQqqzI2A27cCxONoUjJ5PWufGYbJ4YSuo0YuSotpqDm0+WNm2k2tVfpZ+jvlg8VndTF0OetU5HVi5Jy5Vy80E003qn0WnkdVoXwx8CS6Tpsn/CNWDLPZWzSF0fDs6Ak5yfmY98AAk9SStftb/wAEo/AmgxaN+0PoVjo+lQQ3nhx3ZXtFlKMNKu1XG/qUzuUnGDyegNfi5onjW8GiaYn/AAhmu4js7dIm/d4kaONMuuH5UgZ4wMZyO1fsp/wSD8YTaz4v+N2lS6PqOnuvhG5vXFwBtcQ6dc8EqzZHzdOeR64I+W43WBjwvUlhqMI1L4O3LT5GmqlLmb0TSXXS7+Vz6jhGWYRz+Ht6k5QtXVnU5t4OyspXtpdb6WPwpvbb43fDXxj4xsfDut6ZrekQ+KdcMGl6nEgEMbXszBI5M8EDhQFyB17gc7cfGrVbDxxo+s+P/CF7pLW2mXWnvc6Uv2iGZZMBrgKhztBBIHPUj+7j3Xxv4j0a6+IfjiC3vrOWeLxhrcT24nVJInF3IArLIVO4Hgqc8EgELgV5drsKzeKNDilthLG9leONw8yPn+A8MGGTjkY6kV99gcpTynLp4PMqicqOGcoOarUozlCDlHllqrPonqrWSPkcfmKjmuNWMy6nOKqVr1IU3SqOKdruUdJN23cb369/WvCvxT8E+JzE+geJ7MzSDa1hdSi1ucg8ho5tmG5GMkA9R1xWRr+m3d58S7q4iXzI18MWZBBJDKwcjbIhbdjp/vcbT1ryrVvhT4S15FnlsILS6Lbhd6azWdwG67w0ZT5l4z7Z5zha5/RtD+IvhPxe8fhLxrNcLHpIaO08RIb9DCowtrlyxSMBQqnnBIOOpqq2CzzCVaFSdGjiYxqxcZ0Xyzs0rLkk0r+V73d35YUquS4qjXpxdTCzqU3pV1hG/Ldqcb6LRWlCNvvZ7/GJo2+bPlrHh0cEZ2kdSQBjqQADz/Ec4r0/9nzxzo3gT44S6/4i8PR+J9Ht9DtVuNLZQA+5zsk+blthDFQD1HU4r53i+MfirSCbf4g/DqG+iZWDar4ZkMjbMACRbQIACCCSpfnI5xlW0fBvxU+F2p+OtRmPiX+x1utMsrWO31yF7C4E8bktESybFC5KglwDgcHFcObZnHF01g8VTrYZzqJT5oypSV0k2ppad+ZS27aFZXlDw054jDVKWIUYNxUXGpFtuOsldtX3s0trb7/pd8afi18PvGcckngfwimjQXUkbzx3py6XGPn+zYXKJk9MAbcjkgCrn7E/7PXhL4+/tP6z4C8UxGOK++G4v9PmtZXgjt75XkEUk5UENGGUMQeGAwDu4Hy/aWcjLBLZXFjq1lLG0sMltcx3AcOAUy0TucBSDzjrjANfX37EXxa8V/Bj9pbU/Fvhew0S4v5Ph6LCSHXWVLOWNnfdHBMykpcspIQKM/MMda+B4hnWy7I8TTymrVeITTozdRzkpOUXrNtvW61b0fnc+iy2FPGZnTeYU6XsVC1WLhaHLFLmTS3vfS6drdD3X9oH/glp8RPAUEmreEHsvGOm2Nvd6pfpAxhvLHT7XdLIUDBFm8pV3kqcg5JGTivxxsPDt9Y3fiRJrO4hSDXpYJWljwsckaYK7jnJUcEHp2GK/pG+Pv8AwUH+MPizwv4b8L+Gvh5oOjWOp/a9M1zVIb8apqc+nXMbJfG3t9kckIZd6xIz5Q/MM4wfyZ0/TtA1+x8UBoBGLrxTcKsV1HidTtCMS+AeCDkZyMMOwrzeDOKs4hKlT4kalCm2o1LpzaailKXK+VtLTW7su+/q5vw/ltelU/shQhUsnKEXaF9LWvsnfTXu9Ov4a/tW6VA/jDQIpVcTS6a53MRhSWO1gew9OpGc+oryrwH8LNXjttf1p7m0e0lt4oxGwBZ9w3DbnPzAdCPunttwR9O/t6aAvhr4oeGrCEtLC2htKjHI2Bp2AXce3ZQOTj61zPw8kS58EXwjKMrlExgbgyKAeeQcYPXPGQAea0zbFYXFZpXxWHkpUpzjKnpfmjyxTbjo3rezs9D08qwksNgKVDEWjUpxSmn0enotE9V5+iPqT9iWzl0/xp4TyVENp4onTahOdzaYx9d3JHrjBX6V97/tRapMNa8Bvl4yZNUZxCdjsipIVDEZyxOOucZzwM18W/sbQQ/8JnopdW2J4xdQQSR/yCznucYPHfCjjAyK+0v2prE/2z4FddsuV1iVVAzhArlT6jPUMewwMjmuLnlNub1bdktrJWTvd7Ky21XSOlj0FCKUYxfupd07WkovS7tppe/VO1j82rfWr641jXvEItmk0yC4h/tqNADJHHaX6RxXEhAyC3yggZBJyea9mu7+31P4lWd6mPIvIIL6Py3wEjGjyBA/IG4Drnpgg9efLPClnFLoXxLdFfe9vIsyE7UA+3DHPI6ncM8Fhnrg1r+HXsz4p0+3jmeVI9NiimV2Zp4WfTHPGDloyc7CMgg4xkZpXU2rXs1rtbdbeW1/PZO5Xs3a9ldLRp3jZ8reu9310ev49TKqy+ASxLiKHxFbxqeT882oxzBic4OduR16E84AL9T1aeVNPhtQlxc/8JDqsSs6gtGBay8Hj+7uyD2+76Glpt1DN4Hu7aQsrL4s02KOE5A+W4Vc4JzknAJOOu0AcCtNNNkVtUQbFuk8S3rWrHl0Bs5W4JJVRtLEnOFIIOc8rSL5muZP77Pl0lv5IXI2pRjtLbW63WnLs7ppJ78q1skcF4TuLpbqDSSphlvNP1a3mYkKDG0jS5xnJAC49OuAB06f4l6QCfh5DcxlVn0Ax7m9HvIgu0DORgdB274yK5fw4ZJb+3QKDqUWj6s6MWO8+WzAHpxjpnHAIx1zXU+MdafW3+GNjIird2lnb6fckAkrI0ySRg8AZYIduRngcfLitJOTTktLRXLHSzjZK3qn8nZ92EElFJpybs77Jq6vF62UlHddemo/xuyDwT4002eV/LtfFfhiC1DZKiKCPJC87enA7KOSPlJrvPh2sesveF5mX+zvDWvCMHOFK2y4Awx49cHp25FeZ+O1uLjwn41lijytn4y0f7RM67fu/KcnHAIGMdeeOTk9j8N9TkisPEd5ZRjfZaDrvnqFGCfIVTkjGF5BPBOcnHJxNJXozfNzXimlZ3ez3/u2t20Xy0cffWiSaSa7wfK0+lmrvpoku6vzMsJtNa8B6mEjeDTvBt8bhyeAJ3aNSxBzu3HIBxyeCe258Nry4tvEWgQXWySE3eq20GW4VbiKR129QMh9vPynocYFY8V0194bvr6ONWNp4CtUePO54pJJXcleG2k9egOASOenKaPquoyS+EIrNZVvluZbmYIC0jQXMDBGBBGNoQgsBgjPHOKwnGc4VG3fVOz15kkr69G+71Tbd+h1QShKFnf3W4vVXuttVq3ZLTrHboe/6BpNhq1l4Yt7u3WSJ9a1aAOu6NwRPI2AylSeFAwoXoOex62fwVpU39nFdGR0bV5rVpWnlPmRxgkDLOQG452nB5Iyenmvw91+3Tw14Zl1K5e3ltPEmqLHLuyN7zyfe5B+U4BHJAJI5znr9W8UXUMEdnHPrGxdYubuxuIdMuyl1GwJLQOsGJEXpuTd7jggeZUrYbD/AMetCnzOSipVIRuk0lF80knbV6Lbst/TvXlGn7N1GrWlyN20a0a2T2t1baKt7oOmppUU40m1WWP7bHvK75Y0jkIAUnJBQIoGW455JY4xZ10nTtZuru/0+PUrUaVZtc6a0YCyDGFBVVPCZGTjHXNdJYy3tpoiXOpJdTLd2939jEiFSzvISGZWUlTkDKnBA5JPIrntclt7i5aeW6nsrkaRDHNDbW5nlw3Hmuq7srEMMRjoBzkjPBjcTTjQU1UU4R6qSbUU4tuPK7N9Wlo1e13oaYalUqVmkpc8rL3rr3ny7uTSW+zdkumpha3JdWGkXNqnhu5i06TUHvLRI9NluPs9rPCA107xxkRoinZHvYFip4z0i0nTdR034eabqV14X1efwzd396LXUY7aS3t57liQmXaLDMSBncw54J4zX6DfBr4GHUfCmuRaP+1V4GP9u+DYtV1TQtd06C51WGFc40q1glw8VzH91jHuOMlSMc+leOP2KvGnhf4QfC+88Z/tD29p8PvFWv21uulRaG0cGjQTzAtqF3+7UhNjblUth8jJ+bdXwOI8ScgweLjgq2LUazrwiqLoYz2sm4uVoxVCzlZNp8zj01ur+5S4ZzKVP2zpWjUpSUX7XDNbxau1Us17y0spX6d/yO1O5n1KzvrGXTru3tbK50+REVQD5k7ogjaRRuGSRlhnjJyDXvV/4A8R/CqDRtH1ldJd9b0P+3LVbUiZ47a7j8yETTEE+aEZQ44IbKk9MfWGqfsL+A7Tx5P4OvP2hLe8g1LwXd+MNF1mGFIopbPR5HuJrSeFm/100SAwsWyjEEe/yd4ymsbTxZqGm6P4p1zxxpGn2MNvpmrX5eQfZ41EbxRyScLHDKGRRGSOAAOuPWyvjPLs8xiw2XVqrl7JV6inQq04unLljT96pGKbvGTcbXVtepxY3JMXgKDrV4xSco04ShVjNxkrOSlGN/dadk79el0l4tq8Qm8XaeZ7j7IkGnSsWhXDKDGSOFHLDI54AOTS6pZt/Zmrrawa5dpJJZO04huUhQOUCvJNJGE2sTgMW2seO5zf1DWdM0LxrZ6hrOlXurWVvaM1xplqxWe5jeLAVXRWKNvIXlSc+o5H138Efj58M/F+r3t58efh/wCLIPhDb6Fp2j2GkeH7SOyuRq9rqqGFtXnUK+oL9mUFt+1iDggZ49LNc4rZbFzp4Z14QpynJxmozvHlajGDd3KSastl1bTbfFhMAsS4xdWNNuXKl7NvR687a0UY9b632sfD2v8AgXX7fX7u4W1lu3fS7eaKys5XuLiMtaiQyTRQ72iURZBc5Az6cV7z8JP2KfjN8b/Bth44+G/wi1jWPCenRXEGr+IkvFit5NUmuja+TAC+WaOR9s2VIUAkkAV+wl5+1r+y58Mtb+IniLwZ+zl4CuLOTwSthZS+IzaWWqTac2jm1iaC2ZpxJdT3BVpCCGGSSQcgea/A60/aHt/hdN4s8A+LPhz8J/hP4r0bUdW03wE/xEttLuree5vnvp5RCpL28xlJMasu8oSoxnn4eXiFi6uHnOeDpZfGNSjCM8bKTVRypuU4RVNtqaStfpe71296PDdOnKP72VdODl+6TTjyuKjKakn7mrsk11srar8sf2pv2Z/iP+ynP8IvCfxO8N6V4d17XdFvtcit9NvlvPPsZrkpFNdOpxHdKrKskeQAQR1FaX7F37I0/wC2B8RvFvhGw+J0Xw01Tw/plvrWl6jcwSSwXV0LqKCK2DI6fZkZpAzzFwqqQx421nft2fEb4jeNfil4M0z4jeMdD8cX3hjwzFbafq/h+9+32lvZXUolWze6DYubmIttmk4aRwWAxkVx37Lv7VzfssePtZ1/UtHvNb0rxXZHw7qtlYSyWNxHZOyzCb7bFHK0bKwXG0A8Dpxn9KyPHVMRlGCxdSUFOrD2tlfkbnO6tGfK4prZPq1dHiYmgqWJr0lKzptQU2+VJx5E22naKXa9nfTW5+wt58Ef+CvP7Hup28Xw28W+K/iB4VsmuzYyeFtXl8U6Pd2GnIWe5utMupEWOAeUFJjkkB3FQcV2PgH/AILu/tF+ANVg8KftCfAlPE91aac8t/qMOkX/AIZuojbv5c5Um3+yzyKynftl2l+rAHcfTfhT/wAFl/2f/D3izSEn1fXJNBvvCC+Gr3wveeIJ7y80O8urFke9sGuIUWeR5mVTC+GyTuJ5x7v4L/aW/Z1+MNrqYvV8J/EP4e6Z4cvIbvw/4x0PRZfF7y3F4st9ZWF40kdxMyEbY0VmYglhnJFe/DGZdUap18DGcnHSpd0fecU7JOyclo0nKzd+9nlCrXgvecKkY2jZyVR6tduZrfurdN1b1P4Rf8Fov2Lvidb28fi+68Q/CXVZHt4rj/hJbEnR7eS4xt/06MS7o8lvmwDtGexFfo34O+Knwd+Jdhb6n8Pvin4N8T2F0VW1nstbskEpIJCJHPNDISc8ggY4yK/EH4mfsVfsBfFL+3NQ8cWfib9nnTPEqaJL4Jv7e3Wx0ZTdACHzbG2adJG2sQVZwWXkgYBr8wP2sf2bL/8AYh8XeDdC+FPxq8NfEzw345W+PhHUtK1We08Q6NcuyCxhuNKtZ2DTzblWLfsJLDcBg4ueAwVaUY4aVahUmr+ymuZXSi24yu1JWvdKWu/rP12EE3Okrp2316XSvLTXTuk29ND+yu8OlWTmO51/w9buFErLPrmmxsUPR8NdAYLcgjIIH3ugNZBDcxyT2OoabqEKMFlk068trxEY4wsht5JAjHPG4jjoTxX8CXir4tfEm3htfCvxRv8Ax8njuDWYtPnnl8S6lZzW1nK4MUNzZeYAilMOhZm+UYPUA/pL/wAE4f2nvip8If2rPDvwfsNfl1nwf8XL/SNP15PFd9PfQ2cbRNifTRcPIbW5H3VZCPMYkHqKzr5ZUw9F1vbRq6JqKikrPld+ZXSfKrpNW0+ZzxzTC1q3sfZVIcz+KTWkly2vbVaN6XTvprfX+sV4wNobLE9AMg5JBxjcCB6DGcckZOKFUFQWIznPPXIHpx0yCfU+3A1dYsxZajc2qMrrC4ww4V1YBhtBHueeQwK5I28ZgRmJ4IGOVOMDIzn5gM56Eenp34YOLSb1fVe8radejTtrpp0u079biouyUW3s7vRKzu9k76WSbd3e6dyLoRjgdcY6kkc46ADj8D0FOZARg7T3Bxx05xx0GemdvBqcKACGC5AxkjGQxJPy5A4zz2wDyBgFrA5UEZ4YAk9D1ByBz3IPcj2yLvtsk9mm7q+jvddtn5aaGdlbe3M1Za6Xa077tddUrt22qlRtIYA+g5BOeORjjOMDPUj3yXAHK4VQCGHPIJAPVl5yOmPvZI554mkDbcDcpA7ZJ5ztwDjv3I47dDiuf3YByTnHyKSSSc7s9CAcAYxjBwCcAhSc9uZbpvRbX22W6s381sCUut3bleqUXZWkul2tLK9m30smPORtxjBDAdCN3BYjjHtu+8SOSRimbiVGMAEkYyQMBR8zdwBjoxyR1OabliTncQQ2CcA8t0PsATjsQMjGCQ/ZlQcYIzxjJAY9WJHA2g4yST+NClZ3d3stdnL3elnqvV+epPRu1uZ2bW17p263W7ey15vQCqfm6jnIyWBxjkc4DE4I7gdyTkOwCMDPJXGOuMjvzzxx7cfVxUqvTaAAxPt0BJIOB2+oyRmjGMnkZUfeBOcj37EADnqB7nFqafb1tbRtaX89d+rSTfWVFa6J2Xbb4UvXRba73VhjJgnndkkEd+euTjIBPJAznKk5AzTCmQMFV5IZuAflzzt4GDjjHAA49S8qw29WBByBx8p6Z6kLkZ+UY4+tNIAVQMgEkHPzEFsfeJyen3cg9eTjOF713a99e2tuXXZdP06GMrLWFm9tEkkvddrXTvorb6WXR3gaMZYHHOD0znABLHpwD07855HNNKAYIyAASScYwx4J54B447E4JPQSEDLgDAA2gHs3Q5PqDkYPUY5IwaiZgu0MTjpwQBgc4OD3b5iewIB9a2jfRXVrJdOtr9U9bvvbVLoEW3y6ptLZNdOVK1+99eiad7tWAxjAxgFsdBnOcDbtGACMk5JHHbHNV5IwFUZ4IwT3444wcjHHTtxwan3MMcsecjuPm7cnAHfceuB0pzcEZP8AE2QBkk5JwMknjoATjk4BBNUoP3btO2q33SWrt5vu727baavRrT3b6PXRX2d0k9bKPdGey4ChSWIJwCR83t9ePrnOMYJpi72AwvDIeTnPBGdvOTjgE5GQRjnOLLJksSQBk4BGOBweeeTntk4LbeM0mHLKBuK8kjIA6c/rxx1zz2FaqTtdO2+/y0a1107aXTvZoOWLaVrrot1utbara3XXsRhsMwVc/d+UnrgckEZ9DkfKcnggZzG0eRwV6EgZ7DPAzyT2PB+6enawAOhVRwefUcd8Z4PQdznA601wDggYH3sZ4PI5/wAeDnp6Chxvyve6ejvdvrprf3ZJ9mn32Vkl2enR2S93r5W76dGUygbByxGeQcfQHGSAMYzg5Knk8csZAG2/KMEnIGQwwOOTj6HnGTj5iM3Su0tsGBtxkD+9zz78nj04HyioRGynqcgYGRnB74B68evQYG4/Lh31t20V07Lrez5lpts1Zbc2o0m+jT9Hb7N3p0VtHovxIigAIDEkYJHcnsCeeFG7pj161XkHJ5yRk885IIJxjjvyfTA7DNtgwCAEksvJGckhsYxgnOBjJOeOxPMYjUgkjoMkYJye4z0w3ynqeCMjinFe8nzK17aW11i7K9rK3lrppqrtq+lvV7dr9+n4aX3Ke0PySV2jjovXrzyQv0znLe9GxQTsJVSQx5LAYIHPXIODjkc4xk5zaaJQMDggMPkznBznPrnsOMY9+KbDKjB+9kYzhQQQcnJxg8A5HTqT1qle2l29vJXtq2m9dHez35rXs2Q4bctkvW66aLTzsvJrYcFCg4ZcHO4YBJyDxn5Tk46jpzjBphUNuwB8qkkA4ZRjgYI4GGBzkngnJ5ywiTcpPzDGBgDOMktg9zngk5GAMDqalCtiTjB64HQkjg89TnOPUDrycRFTbXRJrXW7sotXutt9E0nrsRKLWjfTXzV46LbdXvstOm6b5a9B8uFU4xzjIz0PKkc84yMkjHFIVTcxUgDkHoQBtz2xxuGDwT096QkqQQduRhuuR8xxk9OQegzxz14pnQDAbcVYMB95Tzkk+nHfOCcc5AraN9HzNq9tb76Xbb89Wu976mMtEtLabW321Vt7+jfnaxKyKQBghSy5yAQMDGAB04IOc9CcYHVrRRhWwcgsAD04z12g4znPHyjjpuwQAsoAAOTkHGVGCCDj09Se55A7VG27CgDqSSCMgnnGDkEg9CQeOoJyRRHX3Xot1r5x3fkl13f81kyW3po5W0SXROy/GyXXfYiaNCWySQQFA44wOcf7QIznBPFRmNQQchhztGWAAxnrxgDLZHIYkkgg1I3XcuGAJxjp1wSRnouM56cei5qAl8YyFwcFuBndzyRxjDEAdDjOcYroim7W6b30cbK/ZJ36a93e20u6VuXreyTs7qL126p9do6K1k1Kr0BULtZsAEso59sfh2zjt80TKhyg+UKcuMEY6swAPA5IORjIOcVIVJICuRn2HAVcDOBjBABJPcHkbaQrt/iI+XJA5YnpjcOWLZyDjHOCc1a3bbvo7tW8vR9dLNbPyBLmjKKXLypv3tbbPSWlr21fZ7XTKxjDtkDGMkY5IOSM8Y69z3OcjOagMQT5gc5JQZIyM9TtOccdMYJz3wNttlXgqcBjtx82VBBJPc5OB/FwT34yxg2OhJYMwzyPu4GCMEHPOenHHBraMle1ltaz3bumn1ata9rdNtTnmmldyT2dt1ay0snq/LdW6u7dWSNQQRjC9z2GPYk4XHA5Ppk8mIIiDHHBzkkEgk59ec456kYBOckVcMbO20gkBRjdgYYDJYnoTxnIwMZyAQKZsJzkYyBnPPABAB74JHOeOBnjmrTjFrROz311+He9/Nv/ACdnEVd21V13dtOWz6au9/T5MrCMYGfmwevQn2zgnIX0yvXlcjLXVGOVORuAwBwAO+7Pt0/PsDKUcgdcdCO2T0GO47g8f4VypOP3hXOcDnBCnrjOT34AyuCQc1opK6d0k2rbJrRNq6XRau9l1e6QOKStdq6vdtOyi03fe/nve2r7yBcuQT83IIY4BJ7Z4Bz7jqeOopNi4OAvXO05xgZ5PQ856YGNuc8coEyeAc8dt3OAcqcn7wAzjrn0xiQg4JBYEtjAycY4zjOT1bkKOOeDTvfq3qre8tHo77rSyWvXT0JVN6q97aJ6O2kfPfXrq7dLlcx/exk9eO2euAeOQAeQD7HkVH5aFxkKQVwAOPUdfvZBx27H3zZKkKD1BJbAJBwDjBGCeRjHB4+XHygVXKtkHLNgDGBggE5I4PPYDI+8DwDzQnZ31Xw366XTW3S+q6oSh7l/itZpXTSulzP89m1on6MCYIwzNjK89jjgYJ5bOMk85wM5zl+3aMgYYAYAznryMdsY789PSniPBIIGC44B6EFeQRznqDnI4GOCDTRHjJLFcruA+YljyMj128nnOcg9Qc0mtFZvWz3furltprbZ+WtrbJpppdLpL4WtvK+l+97vfvcUZBznpk8jI5GAPqf4SBwc9e6ZYfMFBUggcjO45JxjlW6ZIBOPypdjZ45JwVB6DGc5UDv17g+lMCsSAwJyCw985OAODxjJ7H1BzSd0k07atbNNaedt3bfpsuiXWKu/i1aV9HstVt3stLWu27jxhgclcgD3IBPQY7jnP54yaGAySWJLLwQRgbRjuBgjbx15zTlDcEtjkbQO2DkAc+vUZwPUk4p4UFuSQc534xs6c84yT1wAOwHrSX+J289dtNN9emttFvqy0rW67b6/ytt2W7v066W3vWZdwHAPXnjLdzwO4GRkHsTioiu35lyCueByxBYjjAPOOOcnpwMgVbAAK9MDOR0HTjt09RgknOQDzUTgD7pz2GeNo38EnGOnQYGfYVV7XvrfZbK65Wrq1l2e1tbPTVSdlrHZq9ua721T+JW311t0vqRDIBBOCCp6EnjOQSMjHJ7fNgjHeozg/KScA8DZwBypIAycc4GAck9uCXsTnbjgtntkgrk7j3wSD6ng9BwAKcgkjaSufY8j2x0BAbIAPHIxC0vp1Sd93s/X/JJ9ExWg9fZtNpXb7Jxve3VNaXdm12RDxlRuZTnGSBnjJHyk8tjAwM4PTvkzjPQliCy9MdBuHuT6Hv061KwGCxAABBBwRuBJyRgkjGffIIweOYuzeuPvZOGIxgsM8DGRj/Hh3UrWurNO6vtaLdk/zT8m77K1mtlqkkuq/wDJrO7s3vq/NCjgsMgkn5gDhR9AWIB45OOT79VCqWY4wQxI4OGGDnaSSOOmM5ySewprKVyQeQQCSCecHJ46kf7PJ457UpBB44+Qg55wScZHHBYYPXkAYB6jWNtHq9N1dXaTVrtWs7K92rvfRWcyTavpdNdG7Xs/L3rra+3yZC+BlcgEKTj+LIJwCST8vTr6AYUVCoG5gSMMCeV3fMAOenBBG70xkcZxVvaeAVPBx1xwM+nXI4Jz8vBHSntGQoyMA7sgDocENgY6DOP8M1op2STvd3b6O91fSz3cnulZLtZuIqSaXL8OjvG19tPJ2e763ktUyp82VAwc7myABkAYBYkDjkZ4weAD2DwhOQcAjGT1LBs5BPBI4wV984x81DKq7Rk4LHOCc4wcDA44J+Y5GOmO1LwdrKMFiwz6YzxjAGR16AcjpnlaaNXVrJN62ejsnezu9H/mWla1+V7OyeqvZLZdPXrfcZtZSQxAyx5HpxkEDkk8449euKeFGFwzfMMEA9SPXP445CjJzjNABGTg8KeMdTkepwS2cEdgM5x0QsTjHzFeSM4Az146HIIA564zjBpNpu11f1st9etns/8AhnZijB+r1Tekvsvp1TX4NdxGIyCOFDcgjPyjufbnPU99uQeF+8qnOehKg5z2BPK8AHODjHIPU0ArtzgZwfvAsDk49MY9wB+JxmXaoYqp29M4YFTgjHODjBJUAD5uc9SaltJa3S0d0vNO+1nvd+oezte/Kt3bs1tfTy+157WIyCCRkFSdx4zgcjdyOfYDnqSVFQugO47SCc7j1bJHBxkA5x0AJyc4qRsgOM547k5PYDjJ4xjoOG64qs5bLBtxHygHHQ5BwckfUkjkn5s44uCbas7PXpuvd1TSs/Nd32sZtNXT6q/pf8L7KzXrcidQMoQocHbzyCTxz8p+bvnjnPPYQnbkMQrE8b/unaD2bjGDwTtC8cEmppP7wyNuCcjJK4GfmYdT1A9eevSIjBzkc8kgg5B74wOnPfjg4wOLknFNv3tIq293daK26b03u+pKbbelorybfTpe/pstRu1WJzg5yfmCkD5m+ccZyTnJPUAAHgioigVVAOQc8DII2nIxjLHJIwOfQHAqyg4UDcxJ2nGPbg49fwHB545HDhNu3kk4IyeMcjtgEZOSOciou7JNP01fT57b9vkLlTTtftfdPVP7lovzMyRFxkn/AGWXHIIzgEkAg8DnvnPQEmpt5ZQSwYBhyCMAc7QB1PPqcdiAc6bqxZgFABUHgjoBggeg5PbJz1IHNSRQp44PbGTjjBPIPA6kMACc54INF7u13e1r2f8Ad9F8Ss3va29kXCL1tbRpX12tG7s9HeN7bW076+lfDWPOtXGBgjR9TABIIANjLj7v15wDg4GA3I/i2+N0zQfF/wAR2ikHztd+IJYEAgEeJrnJOSecY69eSBySf7Svhtxq962csNE1I5HAz9inB5BPoT7HHHUn+K/437H+M2tSnj/icfEPDYOC3/CUXIGBgZbpnGMDgY6Hxq8JPGVFp/ChK7tppLv0aaWva2mh6+Hi1Si3dPnbT+6/nb+npcbroRvh/wCPhHErP/wh+nRiQAMFb7XEWKgdSQp5BHfrzj84vjX4Sh8QR6Tcalcw2emWEcDTNPKsHm7UCkLuYHA6E8HoN3Y/qNpgiTwD47A2TCTw5pqsZBkIBdwnIBAx83YnJOAf71fjN+1JpOsaj4njjg1G9ls3eKH7IWkS1jVEOVESgBgTg5C8DIHFe5k9RYfC4lpKcp1YKMVZdIeeu/z0tZux89xDQ+sVqEeZJRg+ZvWSv0t1va976dd3fzifxn4e0C6k07wnZpqlyuYldF22gkX5SXlA/fcg4PTrwOK5hPDni/xtqok1q6kSz8wPFAGaK1jySXSNF+8qrwAc8c9CDW/4P8P6J4bgbUdent4mCsVEwXKAHhRG2CzHP8QXBxzzxS8TfGBIZZLTwtZIFT5E1C4XCIq/xRoe3OOCDjkHjA9Z18PTpxli52ekvYw63adpNbpaaat9Oh8vHCVZVF9XgvdkuatO3XluryTSt5X2tuenWfhfwx4Z065u9TvLKBooiY/PEYPyNlmSPlnkIJwSp5wevBTVv2iNQj0caN4FWLTrCG28ifXNUwJFKhgxtY8/KMghDjpnJ6NXyBcXmveJtTluLi5vNTeQhvLXzDCc9QoLBUA5DEZHynAPWvrb9l/4D6T8SPE2oW/jVLqS1062S5g0mCQ7HZmziYr/AAjn5CBnkehGVGvmGJlyYKjOnCb5FNRaum00lJq9uVWdnr87GlWGX4O08dVpzlCLm4yaauuVO0G1eTdkubRK110Pne8vfFXjO+il0m01TxTqcl9FFNq14ZpbOGeZwqiNZMRIo3KeG4B74Jr7z+HH7DlzrHka98VNduLuRo45ho2nuVgj3IG8ppQAFG0jK7cbScV9aeLfhj4Y8JeFNJ03w/otjpFomvaVGYra3jR5cSKVklcAszHBBJ655AAr6QNt9msXhiXc0VmzARxnk/ZgFBJDHGeQuOSSQ3Ax7OA4bnPEVvrbnWlThTmo+8o8zXVP4nptt5Pp4mN4kh7DDvBWoxqValPmbjKShBxsotK0L8zdorRLfRo+AofA/h/wpeX+iaBpdjpWlw63oNtD5UKNJcbrpFZppipZwQoLHK8g8YxX6Q/EWXw/p+mWdsdQV9UkhsUjt4NrEqlrECrBD8o65LbTyM8nB+KJ/BGtxeHfEHirVLuYTXniHTjZQMm37PHHcgKegwpBGDt+Xk5zkr9CnQYlvDfmW4vZ5IreSSaeQiOFvJQ5Bk+XGcjHy7hkHrmvWyzBrD1azlSjSTo05OOiVnKcU2u75enl128rG4t16FJRqzqtVq0HKN3eShQekpK+/Mr72VvTd8JW0l3LCSDHH9mulCnAyVifseN2PUdTkdMjk/gZbwWuh+IA6k7PE+pmR22qqkSuSzuzADaMdQe2OcGuo8P+ILO3uGsNOt59a1I+cjRWW5ooAY2yZpuEVQeoBLDr0NeG+F7S/vLDXm17Wl0XQo9f1KaewtZ1tTJ8xDm6ucgYXGCBknk9ck9GIxdOlVpShFSUYVUnolJ+6rttq3nZ6uySZOEwU6lKpGb5XOVJu13JK+nLG7bbulo1pfdHuviD4n2NtI2l+GYT4h1dN0BjtlLW9uxIBM1wAUG05JG7B7HBBHhEui6prnjnWb3xnqSRJHo9ndTWNrN9ntY4fNZhFdSEqH8sA5BPzcgncOfLfG/7Unw++H2fD3gOxXxNrnmCLy9OUmASs20eZMoZ5XL7Q2Rg8j0NeN2ui/Gn45+I9RuPE+ryeCdI1CztJLiygBgkmsGkKxRFI2Vm2jksTlhgHccGvncRmzr14UqLliqjlZUaFlSg7WtOprG6Wr7K712Peo5XClSlKajho8jbr1nzVZK6vy046pb2cVu0ua2r9t8fftFeCvAgfQfBCR+KPEchaC20nR4fMtYpSMAXE0SlmYN97JIJyNx6V8x+LNR+OXiXxHp+u+I9RXw3dXOjs1naWiIsljZlmdIZYySQzZwWYkgnk5Ug/YPgb4NeBfhnHFNo+nLe6nHIgn1e7UXF02cCSQPLu2BmLYBPHsMmvFvi/q2lr44CS6hb/wCj6UN4FwkrRu0r7EcpkK20glQABwxJIGO7LsJWqZrgHmFdUqTrRbo05ckYp2es1yyT01d11a1sednWIhQyLM3l9B18RHDVHGpVgqs5vlWvs3eMY3VuVpt3V0r2PHI7L4hSsn2j4ga4hCgP5bEKDwM5UfdPQduec8UsujeIZSftfjPxFOWLIx85yBhSD8w7AEk57nGNx2no18TaJErD+0o2KIh5L9MZIB2gHHzAYPBIz15s/wDCSaR5RZr2xiXkIZrhFJUgZOOWyC3QAnjBGQK/WZ4XhxRk6mKp3UbqU8bUlqkrK0qrtrbu+nc/AY5lxnOUKdLB1VeUXeGXQhonG+kaFldene/Q8n0fwFZ6m2oTTa7rR8m6lRlgnaNZmPBeQKQWkydzHG4HAzzitlvhj4dYRiW81yaUMMlr6ZVZQMA4D5AA5OT7kFqm8MeItOhGptNNaAPqE4izdKquoLFXALDjlvmGMjjjFdTceMfD8LQPJe6SZADnzL0lsnk529TxknGchsnrXm4KpwpTwlKVfEYJTalf2lWUre9o7NySdl10Wvkj0Myh4g1cfWhhKGYexXs1DlouMGvZ03Jxair2d03qk/PR8PN8N/DEMF5I1vcXCxwyMrveysQ6o23IH06kHIxuPPF3RfAfhr7DbTHShI7orMWdiC3cEEZzkdhjjkDIzoal8QvDpsr1EvtMDm3kWP7PKXbc2RwCmCxU4GcYOBn0p6V8TvD9nY2sbWupSyxxIkrIkYiLAAgoS2BkYOSAvU47nF5pwfHGJwnhJRjSafJTckmpwbb91vWN9UvVrZ708q8QJZfyyjjfbTxakuaooNU+TVtOasubRJ3ba0NhfBmhCTEGg2qsDyWQtyTwSduOn1BJGMYYUzxF4e06w0G5mi02zhm8yFV2W6hvvqSSx9QPXJ5IOMmqx+MOkwyM8ei3jFgAXluo4wcHAbHOFzjnkE/Ugc74o+LdhqmkXVnLp8NrHK8Tec1+JJIykgYcIOOAAeTkdR66YjiHhGGHqwhKi6kqbiuWg0+b3bauKa1t+t0yMHwxx3WxWHnVVd01WpupzV1FKClBv3eZ82l1ZaXas2ex6PpUUljauNOsw3lQhy0ChhhevAIJZRwe2Bjrk6S6OI9zGOzjQZfkQrgZ4xlcfgTkDkck5+cIPjVpNkYE8ySSNYkj2JesEIVQM524yBxg47dQKiPx100CYR6f9p2ksnmXjuRyei4HUc+x4OcYrCPGfDEacFG3uxgmo07Xas9lFtt3vdtP1ZrU8PuL6k51J1HFOUmv3/LZOSt3eq1s9Er6K2vsfi20jM2hASo2dVT5Io1IO0H5flGGDc9Bnqcnt3tto15cI/k2N4VBPUMBkYwMY6HBwMcYwARyPkfUfjkbhbIJYtAttcCcR20ReVWGSGjlILYLdRt6fLkDru2/7SPiYqRFY6zJkAb1mmjLKq4BKrDgcc8EcZwRurKnxrklOtXlClUnGpyOMYUXdtKN927Ntv7N35I1reH/ABJUw2EpSxFCm6XtvazlW+J1JxaVnpJcsXqtm7eZ9Wp4U1Z4gTbXUZwWAaNpFHPJBIXBx2+oPqPPPEOki08V2YuJ5WmTTXaRVV12s4GOgPcEHJ4xkc4z4wPj98Q7mNxBpuvMDlBm5nYleoOPKGOw9ewyK4LVPiL8S9Q1iPUXsNajuXge3igNu7u8Y4UM+0syju20jqBjPM1+NsDOMJUsBif3dSEm3Sk7pOLSV0nrpbztbqa4Pw5zOPtVWzPBJzw9WmoRr6pyikm2m2kr6+Sdz6rFpFsZjImFjON0jqTkjPUDIx6KM4znjbUiWtoyKz3uw7Sdih2BAIwOQCOc9sZx3Ar5cj8bfGK4UJDod/KSQpMmlkuBxg+YxUEjA4A4IIOTxViTVPjrIgxpOrRhiSvl6cqqMqO5YHG7oAMEfrf+vvMm6WUYqT9216c/J6qyva606dzJeGMea1fPMDFKykvaxtdWs9ZXettetrWPdf7MjbxVeiKZJgdOhctJCwULuJwCVyzn5j0B7AmugXS0CKRc28e48boG+UZBx93JJPOGHOOlfLDXXxsnu5IobDxBJrC28JuCEVWW3JbywYwCCvpyRtxj5cZ1hpX7QVzEhEPiBN2CVMCpztwcvy2cA5PPPrnnhw/F2N/eKOTYqp7StOpdQd05SUuRNxbdk0nrdbdj0sVwDl16LqcQYKHscPQpcvtItP2cYpz1lZqSd9mt7O59MnS4UID6vaQbhyfIYhO/UL1/iY57Y6k54TSrS0OteIt2qW7RwzIglkkEQYhQQVJ+/wABs8jgdOleYx+A/wBoDUQoZNUjAC4Mt2FXnGXbCtkc9AMcHiudPwx+KF7qWpWEt0kV3YiP7YtxcsVkMpyCQAAzDk5BIweCM8lfiXOJ1cLOGRYq8KsnCE1JOcnGyWvbslaytc0wnCeQUKONi+IcM4zoRVWUHfkhGpTd2k7fErK99Gj6KuF0WLy2n17T1VvvK0wfPPIOD3zkgcYBPJKg1bnUfDkcThda0pm2uVQSBBwhAPPI2kZzzjpjnFeID4H+PZI0Muv2FoBnKxzMufXqWJ6kcHvnCnrP/wAKB8QygG68W2mGGSM+YDjOR1AwR6nnBJIHI2ln3E1WL5MgdO97uVVXTaWj95NXtunstb2bOWlwxwjTcZy4k5o8ys4U27O8X0St33u9LJ2Oo8Ka/pVrZXAl1XSlLahOT5020qFdgCoHUYJIJ4YY7mugn8W6FHO7DxBoihuo3sxX1GQMZPTjPIyOoI8o8L/ANdejvJ5/FdvZizv5LLAjwzbNx8wDdyDyQBjkEgkDFd6n7M3h1WH2nx5cZVckJB8v/AVLEj5Rgn698GowWd8Xxw9OnRyvDQppOKc66TfvK2l7dU9tFe+lrd2Z8P8AA8sVKpic2xU603CUo06bsmowSSfLtbrfrbpYXVfHnh4WdzENY0qZpYplXZIwIJUqMnb0zwewHRW6DL0H4jeHrDS7S2mnsJZo1fey3BjC/PzyQP1I5LE5IqbVP2d/B1jZ3k3/AAlt9cNBaSSonknbI6oWUllY4B6Feo+uSMrw58DfAl5otlfanrN/HPcs2+3WR127WIHyjAwR0AyRnuQtYzzXjL63C+Hw0KjpSs51VyqHNB3ura321V7b2Esk4C+oTviMbXoqvBtRhKM/aKD2u7uLi3fVLa9joZPil4cSZiTZKGOMtfsTng9+h77Qe2Tk81n6h8V/D88F3GpssT28sRZr5/l3KygAbcEn8ie2cGrT/BH4V2zBVvNQnPOR9oYZBBXvgkENg4HGenrFc/Cr4XQ294BYXk86WE7wlrpuJFjZkdsjkBucNnB9jRXxfGc4ScquAjGMXeMZJ6PlTv7j16XeuncwwuVcAxqQ5aGYOTqQ5eZNJvmjZu8+75mkraN6HP6P8YND0qwgs/J0+RIl25ku2BYZyGA2nk8Hn0JyTg1fl+PejliBaxycDH2O5JIZQRuIIQYYZYkg5POeTXYeEfhj8NpvD+nSXmkWtxePBvmeSRmY/PkK3ZgU43dd3ByxBrpl+Hnw0jdRF4X02TkfMVcttyTj5VUE9fukk/qs0lxlKjScczwtGM4R5VGL0jaOjSjHVLTe13rY6MQuAKNevCplGLq1IVJxqPmdpyTV3dSTs/etsvnv4NrnxvtLvTJrGPSCfMZCjy3LF1IYH7gyCCemTnJ5HTDbb486jCiLBbWcQjiWNUaF5XAUAcfLnsACT1xxgNn3PxJ4R8CWfh7UXsvC+mxXJWHypTbOzRt5qhgGK4HGfTOcHjmuzsNF8KrY2bQeE9Pkl+yQeYTpG8tJsG5lZlOckEng9+gwKhYDiydeTnnVOEuSDco037yUtrqPRq/zRcMw4IjhV7HIpzpKtNezqSulNQhd+82m5Jq/VdHofLq/HfxDICkMSvkltosJBk+gwGbJY849eOgFYWr/ABS8W6zb+VNZMscUsbgjTpECsjDYu7ZkhjyRyDgDOcivtC00qISYs/BlsWXoE0lVJLdRkpx2IyvUnA6YwvFUeuvo+ooPC8en2yND+/FigCyLKoVMlDgnpngkdulGJyvO5UpyrZ/Wnyx95QhNxfLytX1eztb/AD22wGd8NxxFGlh+HaNKVSahCTlG6cuXW6V9L6pbPW2p8qr8QvijcHENnqQTagVbfSpMbSBtIIUDjqTkg45znhp1/wCLt+HEek+IZVJJyqSQ7geT8oVtvrgNnOFFfeOi2Hj7UoLSHTdBhLG0hMWyCNmKBF+d1EeNpI5DH5cjHBzXT23w7+L10xRdNeFmIIH2VFG7uc7cAZxkt1J7GsquSZhFQdbiDHvnUWuXRNe7snK2l3d2f32RnLijJ4VJxpcO5XBU5zi3Plk04yUXdKnq7rre19z80byy+LVz9n87w3qKNLOqwm73uZJj91RuIxk44B7bQPvVqweGvjkZeNAkhOch2g4G7dkh/MYkYB5GMYI4A+X7X8deG/HnhnV/ClvrzxFL3VlEMQIUq8RO7eSCRtycgDG4AAjDA9nJYaw07JJfWyKQcgRBsNwcZzjjr1PIBBzwXgeGJ4ydf/b8fU5HTU5Smo3bSfZttJd7W0u1qa4zjSngsLhakMry2EaiqOMVCUoRSnytJpRtdpu349/gFPAvxxumG6GCEHAyTtPLYwTg98bQOwxnuKWr/Dv4tWwsTqGoW8Sz38MEHzjAmdsISMHjOflwSR681+gA0LUS0h/tJNpON6wEksPuqoPBIOe/fJyASfIPiha3mnadosjahI8h1u2bHl7QGEnyMcNg4zlc9D1+7x3YjguMKM6jxWPqKKu4yqpK6cEtF6979dNjhwXiJOriaNFYPLqTnNpyjR1V43Tu3u5Ws9Xa6vqeAwfBn4szSEzeKLaEOTllmx2A3Ywv4gHI5/C1D8AfHMoIvfHGzLYPlzZxnHPGMj5jyQOn0NfVlt4enuIo5X1e/kd1DGOMYADorFt3II+bIGOozxjFQf8ACMMBJ5l1qWAQykT7SQCR078qPxPI45ceCsMoKXJiJRcU/exM7J2V1pKy0eq2svuP+IiYyU+RVsNCUW0lHDQ0s46t23ST0d1bXsfJ+ofAy+0250a3v/GV3MNR1IW+9GO2EkgmQNvB4zuJ44zjp83pUX7NegbZPtPj3UnKsVYmQZPUZyJC3Ix+ZyDkgbfiHRYX1HQLd5L1kl1ZYS0srEqrbQxB3YHXKkAehOTXvuhfCnRprZpTFdzMspwPOY5yTjbyQQSM4BOTnqODy0OGMNLEYinHCwlGmocrlUqae7F6Wfq2rdld7npYni/GRweFrvHzi6yqX5KME5crjqrrmj7u21/V2PneH9nfwHBAv2nxfq07Y+4JQGYKwGATJwQpPYKex6gYUXwb+HUvjH+x4NY1G5tV04XAlkuSoE2TlGcf+g89+ASQftyP4RaNJbxk6cDICAoeRzuDYHGeAcnOdwAOdw7nxW+8B2dn8V7jQY7draP+yBdsAhO08qCrBuVO3AIyCOD7FfhjD0p4eKwmGXNXhF+9N6OzcWnJv3rOzvro+9scLxdiq0MU5ZhiOanhZVNYwjb4VfRX9L279WeYt8B/hfFGTJdTTFmK8324buWIIJyACPYdepGKjh+D/wALrbKNa3FyAdoAvC24ZGeOMcEjB6Y5zX0TH8PLNWSJ7OSR2XhmBQMSQeVyvUDrgA55Y4rVi+FunrcQytErLhSyglFXJAwGycnLZP8AKvRXDmEjKN8BhUnZO8Nr2vrJS2v2ejtZnh/6149qUv7SxbtJXXM1a7irNL71u3daJpM+U9F+H/wyi8Q69Z3mkQvZWkcElolzMzBXIyyZGNzcgAH3wMEgdhd+D/hVbW4Mfh7TMDBJ8su208gEFOWHzcDcCRglhgnufDfg/Tr/AMX+M4DaxBLWaFE3BnC4GCOOhz14OCAR6j0pfBGmkBfsVudpACCLgsD3OB3ycH0yTnIrbBZPSVOX+xYG6qTXNOjGTsp27KySTTXX7x5hxJXqVIReY5hyuhRbjTrygrunTd24vdt82127Wdz52XRvhlaqrR+GrFw4zhbEMM8Y9wR9PUewbb2vgseJra5i8OW5tF0mVDaiwVVM27CvtxyAoOTzjGC2MgfXWmfB691i1ml0/RpporNiZZY9OLxQlgfvyCMqihc8/wAQ4rl7zwFJpvj6x0q5t7f954fmlBEQUcOvt1ABGckgZwRjgxGV05PDuMMFG2KoRapUIWUudXi2ldLS8k21d2tZ2JwufTSxMJVcwqKWAruLq4iq1bkV7OytLdcyu9OtzyT/AIpNYY3tfB9vu2qcmzjjJwT3IY464xnueBgHe0cWt7J5MfhTTooZRJEZJo42Cq0bBi2F5HHOenOSMgj0dfCAeb7PsVwHYMpYgbc9VCgYUEc9eMAcnNS3kWn+Fx5FyYjqF0jnTbD5Q0x8t1MrIdpWNcg7uB1/vV9FVwWGw1CtXxE6EKcack0qdOKvyq0dl1aVtdbWvu/ksLm+IxeNw9DCUsXUqzrRgl7erUlpKPM23LTlWrl662Z8Gy/s86xr1l4q8XeC9SsTq2j65cxN4ehmEN0yb2aI2m1gcBRwCNuONxxzw+l+L9d8G6xbab420m4jvbd4z5kyyQalbKjcusyDdJ93AYMBycZ5z30mr+IfD/iPVdR0m5lgWTUrpb8QSsqSRtJnHGQCMkAgHsQc5FQ6r470bxN4ga48Saf9rEOm/wBnW/2uMPL54UhJDPgFjkkg+hBBI5H4BiqWX1KiVGE8NiFOcZyk26FS821KKXvwly8qXLo9rJn9RYCvj6cYuu6eMwrp01GMZOGJw7VOHtIzk3atHmTcb2lra7bPqvw7+2L8RfCng3VPDnhHx9JqPh7VhG2oeF9RC3DNGpQiIM3zAnHLfMeuOwrnvCHxq8JeK/Fkj/ESAWNhdzxie0e2E1ktvtKzRxiQHaMcrt2kcEYxXxbq3w416K2l8SeHrgFFUzyWouAs0MXzEBM/eQjOMjIGBxzXK6R4suCWtdfxGY38tbuOIvLEVOP3o4A244IyCOozknLD4vHZZOSg/ZqtHlbaUoVY2irt2Vna3NfyVnojorYHA5ooy3lScWlFunVpyukrpJp2V+a2ullLXX7O+NHwP+HBtv8AhLPBer2zWer3kphsLORJGt4nYtHOFU7ogQQWh7Y4PYfN1hd/Eb4dNcJomoTz2Dp5VwscjFmhzxhQd6cZHJb5u2Oa6HRvE72VooS4h1jTnZNz282biDY2QDBghWIIB245UgrXTaZq+kahdySRTKWkmjMltdZSVFBGcBucgE+pJOCOld+Gjg8XySjN4XF6Oc1L2alK97pK0JJ2W1vyvyV5YzB88KsVjMGrJQnH2jgny9bOcXdNau2qtqdd8Pf2ktbsLOPTNctU1G0SdQbe7JaSD5huYbkLHkEkgDAYAY7e8+FPjX460XUpNV8EeMbiztrh9z6Dc3U11pU0akOIPKeUhVYnIQKAM4yMEn5g8XeDNE1WJbi0ka2nadUSS2zFIXwMl1XblVGc/NnJxnn5uGj0XxP4Lu2vrMvdW8QBDq7kOqjc5eIhiS4BG4DJ2jgDiu2rHFUE3jKaxVGVoxrwipShFWV7JvXV7K91rseXTo4LES/2Cp9RrwneVCq3GlUvytprbW2m+6te6R+o2g/tWa9c+IRJ8QdMu7Se70m8spbi2Z1sLvfC0cCSLtxFADj5QTkfmeF+LOg6V/wqPwp4j0vU9MvrnWG1f+0rbTrlZms4jcTSQR3IJLJ8xAQMowT0+YE/JPhT4+q2oWVj4l0q3u9PWI212l0oeSCJxtJhYqGJGScHJBxx0Ne6+KPBOgx+F5fEnhHxbClhqFpb3Vx4fV2a2KSOzARMzbRKD99AFYc8Eg1OHzWUcXhsNOvONB1qa0h7tRvlUacny81NpuLV2479zorZOp4XEYqnhoLEKnPmSqX5FaMnUg242T973dbelz9nf+Dfe3Mfi34/uVI2+CbROT3MzA89vyOCccngfuzd7gxZiuCG7dOM9OeOnHOehIOK/D//AIIDxFPFH7QZxtX/AIQ+yz3585gBxx/TqeAK/ce6jJZwflwSFyc4JYjjHHTkY7YAr6LMZf7fLms3DDYdRXX4U0uu2l3trazszgyOK+oxupXdevzJ3dnzU4u+ul7PRa679FjDDfeG0KScE9G7fLxtOR1z3BHfMMoUJ1ZsHGTlgORjg9hg87j1arTJy4J4OSAVzuKgdSOowMluTjnIqCTBUo3LYB4OcknAyDjGPXHPvnjCDTkmm2nZ9LXbja9vK9r9V6nZWV7xSSutN76Wdrvzv0V1tq9aquCCDgnaQHI6c9MYwc8demR703hix7jav3RzjrzkDII5+U+1SeWvQD5icZIyvBDdcE84I45I6kZ+VzBdrfdAHzYByeB+pycj/axxzx0J9dVf9fv3+7e9mcrhe9kouySavrZRVvS8et3re0raNRFLHkE4LDrwSRzjHoeOgzzngYNozwCdoHvyeuPXuvb0ycMS0grgDGAOQoIJzkt0OD7Y46HnqoSxYYyVOOozgcDk84x75GCcYzwa/wDD69tvx31v5E6wcVe7V0m/SKfnotd79vJN20YB6EEEEfKCe4Iyd3QcZwRzwamVj0P3tpGQCSWA5A46/UgdRnDVAUyWJwpUgHOCcgE4AwMjIGeOBzk80oPBOWyAMKM4z6LjI2gHjpggDoaaXu3utLddX6d/1Lb+09dLJdHzWbWq8u726bFvCgYwOm7JGME4J7kj1yTn1PXMqqo6gMdp5YEA8E7fqSQBzx/FwTUAy3A5AAIJGS20EY7gDOBnOeQQKerMADjIxnOQcZPTOeg4/lxxTT+y9dErpJr7PXdv080nuS9rLmSbWtr2vJd2/svTrtbdk4HTnaeBlScEAEDOOB0HH45IAww8FSAM4OcnIwAQPlwQQxwMnGMcngVGGPO7ggnOPm46cemDg5xliB0zSMzHJBYMAp2jGSuf7wzyTjAHQDkcjNwdnZ6d7+sb9Lrb5/Do2pI1Vrq/W1tdbWvu+jTsrd+jFOFVjtGAAAeARnJI4A4IHOctjsCaU7TIpOAMsc9Mjg7RgfdOec889gSKaAGyN3z8EZ7cHGMEgHGWPAJPJPAFIDjBAOfmfKHPHHy/eIAB5yRy2fQCtVG6s3ZxUW9Vrf8ArR312ejskleVmny7WbXWye1nu9F5O/S0rA/MQOfu5HTKgAqAM4GDyRkEHGTxS7F2EnHD/iV4B4HYHIPHHXgZqFi4X7xbO5gckYJP8R6cBeDgZwMfd5UZ7M2AcDnBUEkn5sckEeuM8EEBiq0bWvTrb0et3ou67BFRa21vd663v168qtpokknq3uoTIb+FwSMAYwG4Hp1xzz0HfBxHtUbtx5zwvfjBIGe/G45B4OOR1lLHDHHuCSScAA85Gc9O2OrE9qhLEMWBIABznPJOACME5B9uDlhzinZrXvtJ21atvu01u99XZKxXJFJPlu7LfZap9NtddrtXTdgVSMcYBbPPygDqqlTkEHG3tkdxUpH3VbIJHBGMDHQY4PQj6ZIIIBqH51BAJwcKRyQOc4xjv6jvnjNTR5y24DAYHDc8jjk45Hpx78Hmkte7t5NvePbW3f7jOVPW6vp5O1/d5VZJu/XZrppdgQGD7gFPdTuJBPftx+OQce+GbAA65YnJ53ccAEHBOckgZwM989DU+AwwFx2BDcBiAOARgbuMYGMnPPZCDtI2/NuADAHtt44HByOgPHI55FKTV7auy1spPdrt+T1W9lrZcl5LZaO+7ejit09/Le6uyuYwORjIUgHHIJJ6HJ56kluTwe2KYyIAvzKD7Zx8wz05IwOvy4JyfarGx2LZOWZ8ggY4UcHgg8YH8RJOQcnoxkYAnjJYbdowcHqMDnrz34IByeaL6+899tX0tv31v2umtyuRJu7fLvZp62tdXeut5e69H66qLaGKrkhVbGCeBuOScEfxZ6Z4GOFGaUIBld2PmI3EErgBmHOcnHH0GcdKlUHGDkHdgbjzgEcc9GznjPOR2YkJsBySBnOAV+9kHGACcE44OOoAPQHAndtdrdd7+X/DkShzSVrKytbXW6j308tFZebRCy4JIzwOecFmI5PHr1/PpilAAGQSeByQVI9SM8Eg4B788Y5FI23MhG4kEbRnkBR0OAN2R/EQQMEZoAO3/Zydwx91snAOMdMcYwCRxjFS1L1sk027vSz11SvrbRa7K5SUkneLbsvN7Qb87/5cvayj5twOShOBk8FTjkHGCAcYGM5xhgDkzxg8DIALEliAcjnGBjkY6ABevzYzTdpBCg527eSSQuTkHuSeueBwAOc8uXOGwOhO0dMAHOQT6nBOfXnd1pLa9mvRLZLz3T1et7u3kKzskk7Np2tpZKL1d+1337OxZA2rnADdMjrkH72QDls5GckjBHQE09duGyMMABkjJx3OOhPtgdfc5gywJ6kgKRjp3yBnueffgnB4qUDhjtHLKcEkfNnpk859Dj5sDA2nbRF6q+9+1m7pLa7W62XbvvUVG7ulvZ+asrK/a+vRDvLUYdcAjOeeS+Op44x1yd23oByaibOVxznJILdhyD3UjJB9SecdMzgsN5HRsMRj7uP73QFiD04ByR9WFTtB3bTgBscsxyOOcA8Enp04HqCU7WXxNtKzuuyttpv1b6L0TUXbRuz9NPd8+6u91by0KpXgdATljtPIY/dGR948DB9t3sHBPvFSMnAIOcjnkZ79+SD9TSbWyCVbIY8AZAAPGXwecfoevo5VkBGAuCScYxwD2Pp05GCB6Hg3fW7uuier2+Hpp0Wl7bK9gSSa028nrolv0Xz+d7jTt3YzwRtUtnDAfMQPT044yOfQsZQx2g8k4XjgZ9sYzjPbjqKm2sx2lVBBwCe2DkcYzu4yDgYOPxYELDI45J+bJzhemMDjPX6kEHNEnfaT/vNxsk3Zvq02k9r7v5hODfK07O99Xte2ln0Vn36u60IhGN275ieQT03Y7/N/EM845B4OSKeLZdmQw55xjoR0PAJBJHTcBx6cVZSLpuyezZycDrnqSO2RwTgE5wMLs4JyCobIU9CF5yOMYyMYI59xzSvbRvR67apJp2s9W9b2au2t0yorR3u11er6x03te6un0voV1hX1+VgFAPHAyDjpwcMDk5PIwRyVEf8AFwwJO30GDwSec5ByOnAPHIq0EAZsDOR0wMcnaeMZHvxlsAHkA0hVwCpBI+ZSMgZAOTzkHpx/XNJySsrdnbW6Sa3stEuu716DtFWvFtX0Vtr2s97aXf6lMoSAA2NoOckA/N823PUD24wOeRgGTYqsD24K84A6En2AOBxySMdSKmVFOV+6MAg56HaCuQcknIwTwSTyOtCoowCQSCSGcHDAYwrDJbrg88EkZHANNVIrV730vvrZ3t2tq+tnr72il62tdWut97tXfo7db+qtooQkk4XCrkf7eTtyD7ZPfJ9ucROgP3QC3qM89Mk7sY6ZOeOOOTgSllDAkAEA5OQQ2SQp4JwO45P0Pevk8k/Nt4B6ZUkn5VPUHnOCOOeOaht3vd6a73vflu7uOt9ddL3b0drvWyu93pfTSyVtFu+jS3fXZNZVIyrYGQRk5OOgz0GDkfiSc4xkVQWAJ5bHyqeTgAcjGBjljnnAB5PWTknnIIwMDgnjhjySxbHA6HH8XNSRqCwJJBzliAMkdOo44B4GMZ5wcUm33T8nfWzur7rrtd2trrY0gpcy5dHeKbbVrXgkujd2+mltLvdujRmIYKpHI9S3XDEd/YY5wBxzVyK3JPIIbndgcg7QBuIJHooPLHHtg2be0iOGBClWOM8MQRkdT1P3vu9NpGTk1oLHGqZAA5OeSTz6nb7AgDPJPFclSurWSa1S2d+l10vp8mtVqelQwkpWcnol31adnLp1a3d3d72uV4ImXblck/KVIyfvd8g5J57kAn1FbtqGO3vjcFwMjKnBLEdw3BxyfUcmqKAkjcBjAOM42k4HXAJHJI9SB07bmnwsxXnuSUGAcDA/HC9eeOc4xk+Xiajs3zJKK/DTR21ve22ulltd/Q4HDrmSTbta+y9663vfRaddb2tdm1ajeFYBV45bILdQMjJ59V/QYIxs29uQS3OCASB3YdyQQR2x2xkZJHNa0thtG4EAEkBQc4HX0wScZGOmc8mt6KPa3ABBUZI6/wAuMevpxXy1equdq91dJ66aNO97XWuru/Nro/scPh3yxU4paLfy5b83W2l9bp2d9iOK2AOdwJBGOM5XrgfTkgDjkHjNXkiBXc/IGCM4U7uoLcDGRkjnKnvzgIQq8jOOFAxgntngnBx+meRUgy3CZwdw6kscDB5Hr6k8ZJyOq+ZUque22zeq95W21s1a9m31fY9mhSjG3NHokrLR/De+traq1lfe+pIFAAHy4C5VsZweRjcx5zgYyQ3s3d0gQKScEk8YJ+8W6/Q8ZPYeoyaaAQV6gBTnJHHJXpnODyc8/THNQyEEMCclcfw7hjDdF6Z9QCenTPJ5m3zK19d09XZ2120ev4X669qgraJJRV7JeaXp1Sfy9Sby1LA4XOGU8ggfKvGc5xjoR3woHZWiJS3yrjI5GOWx93B6gg88Y5xnHaqJAoyGIyQOuOwxgELgHb1575zxT1mOQWHzKSwJJ3bTn5c4J+baRtB4B6jqbSb2Wm3RX69/6t5EciVrLWzTXVX5X1aun63Td07kzDkAKozyec9MjI6EE4yf++sAZqFkypIAwVwBjIznJ4GOCG57nHYGmG4YsDjtnA5GFbk569fXH9REZNr5PIwOR6HhVxycZxwTnHAxnneCS6NPyu0o3u7dtHy/K+pzzjf5q7Vmn37JvSy/pkvkodu7aOQRxnA6sAuNvTIz78dSSphTaSGwxBIAxnBJAI6YPG75eg69cVAZGbOWYkYG3HIDDqoPoTnBIzgdOTQZuSN3OAvUknIBwOnOfTPHoMg3F6b+euml4rve6XTX52Odwcb2V3o091d9fPu9bXd7aseY1GAcA9evO5ecADOW4ySOh596jcRhcg7Sowoxj5jyBjqOCM5+mO1V2kY4IOCMYXJB47AgfUkdsjBGKjd3yA33gQwIzwoA4x/31nkAE8e75bc0na3W12ndxu7pvy+SV1qNx5oNt8uq6Jtt2u1ZNPXR666LqNmb5S2cleFJA6YwcgEYHXOOuPfNZNwAGOOW29B1yFzz0B4ye/GOSF4uygkAHOMnnGM7ScYByTgc47dR0rNkBBPzHAIww3c+3OD7d8kHgjk9NGSjJXbs7Wau7aatrd9NfK99zgxKukt27+XSN+unWz321RXMYI3FuuOep7jqe5BK/oMdagkBByCCAD0+8Nw4A64IxxjGAehxmrWCAAcct0z90rzjGeQT8p9Nx6mq7RyAnu2N/TaF4OBnHUepBPP1FepSqRTjfmvol0TXKkley1vtZN2+K6dzyKlJtOVvXXXou+m+jT09dq7KWVRkZxgH0IBH06DqPwwKidBhsZYDJHJUYHAOD/D35HJOO4qWRHCtwyqD0BbHRsYz+IwdxHPPOTCQSApJJKnJbGVPPJyPTPJ4HH93B7oNNNxva+7Wruouy73bd7aq7VranmYik07/ABPZdNFyfy76aLRPddTPkQMpyNxxnGAAM4xjk/rjr24xXaIZB75+baCSCcAnq3J7AD1A45GkYxtJxjkDAbGdp5yBycHPXvnkVALbBJDH5gGVRztzzyeATnPJ/DFdEKnKl0T2e60smra6p3TbT0/HhlSdrNpq2ztaUlbR27e8lfRXS0RUkjCYKlSN2SVAIHIGT0Izzx6e/FM2HLhwMdkwckEgjntjg5wBwBkGrDII87iQOckc5YA4+8TjqABnnuaiDkk5JzgLkjjpySMcEY7ccnPYjTm00bu1a+l0mou6fXrp31buYThKHW+l9LO+qS730Wr0vbTq3GEKjAOGyBleQF5K5HHOD9BznPeQRAkHBJ4EnQ9R3J5HPIAPruNLn5CSw3KVU7epIOOBkEk46n5d2OTnFPVgCuSfmPGdoYnIIBIGGwG655xkL1yk3uld9rWXRc29l1Wvn5ERk9W972V3a/wp3ta6SdrXvo9baETxjbgjHy7eoAyMZByD83Az27jsRmyqACSccn5ueeeTx7DH4k8cg6M/KkAqQMnAJbkk7hkY4IAPcN3rOZhgLuBOMHPODx8w6HaP94A5yT6bwSSd023Z+9razTd7K+ytt1M8RVjZKybajvpbS9/N6dL2062O/wDhzEJZPE4I3bvD90ASev7vt+YPOTg4wAK/h0/bZhaT9q74lwT3TlH8Y3aCG3AMny7WBGBuKsTg4Hv1Jx/cn8NhtfxMxbLjQrrg4O7907Yzgduc8Abvpn+Ij9tGS0i/as+JUtoiPqia9fXUMj4KKSzCaSXqo2qMrnAJGO+Kzy5xjm+JlOLkqcsG/ZqWsk5RSsuqaXkvN2ObNYyq5LSpxah7SnjNXeyajGStbe2+jtfQ+dYNNtbCSS+1VyIyWe206PMkszFdqq6Lhi2QCSVIHTI6jifiPb3F/osE99GIbBQ5h0uFsPFGrYE0w6GQgAgdAevavTrWxhgZr+Sb7Tcyws81/dcwxhgWZbWFuCc/KuFz7kZx5R8ULma5sbC3hjkit5ZdovJfllndpF4jU87c4APPAxxX6dnVR1Muxbevs6PuUoOzV+R2la93110fmlr+AZPhuTN8Mo6xniWqlaat7SXtFyxpptWi11bfXY/qF/Zj16+T9nf4J/CL4exLDr2u+C7W51zUo1Cp4e0GWQNPcmePgajcKzrCHYlHYY9vvPwZ8ObTwpcfDnTrRAsMd5q90DgfaLqWK1JkvLtz88k0jhmJYnGcgKa+ef2Hvh7ZeE/hb8KbZFe61TXPB+m3mr6lN8zlEhWZLSMkkrCEKqY1O3cMg5ya+qvGmr6hrHjHwT4N8FXMA8QeTqz6lfkboPDmlzxvG88jplDeyKSIIsghtpwciv5QxtVPEVm42bq1G11b51ZJ9FdpLdvprqf2jgoKGFw63SpUrWvuoU9LN+WlvXY1td1a91/XrfwD4JkB1C90a/8A+El1pD+48N2MjuZ3M4yj388TMkEO4urFC2DxXlnjTxavh210j4FfA62iPiRrI33iTxKQskXhuyd2S91XU7gArJq9188lvC7loywKr0zt+LfEsfw5isvhN8KLc6r461K3E+s6xMRM+mW95MVv9c1q5yT5mHkNpbORg7VA4WvH9cvovha5+Fvw0gbxX8W/FKx3Wq6rKTMyi/nBm1bWZyJDFaWpci2tnbGEXgDBryK0m25OWvb/AMBVkvNLbR2d76O/pQhonpur300Si0tl0vd69NVdkOqa7ZfCOytPhx8N7AeJfih4hnju0nuj9pna6v3CXfiTxFcYZkhRpGktoZG4wqhcHI94+DnwGtfhzfWmu69fN4n+IniCC9vPEnia8/e3DtM5cafZ7i32eytywSNI8KVUfSqfw5+DmmfDCxSXVrlvEXjnWvENjPr/AIjusS3c7zKspsbWRiTDYW7nbDCmEG0HbkgV9U2yq2safvRQ00N4gyeQBJtwCQeADktwoxzgjFTSg7KUruTVo7aJ8r9U31vr0Nm3KUYrXT4V5cqXz1evl11OETTpJ9R8byqCFFlaRKB0UC1GenXnHPQkgAcc/N/j/wCKMnhC31fwl4Q0lvGfxH1i20uXTvD1sN1vYQq6KdR1y4QNFZ2UDESOrbXcDAUgsa6vx38XtQ1DxD4s+GXwdih1nxpqF1b2mu+IXwdC8HWiR7Lqa5nH7m41BYtxt7RWzvCknGd3llpf+EPgRplxoFqNR8e/FXx5fxvZWcR+0eJfFN1Af30uoTFmfS9AtHB+UmNEhUlVdgN2das/hit7JvoullbrdavVXbsdVGnLlcrpRulzK/kpRX969tbO+qtuZeh6boPw40bxD8WfjBrEV/4th1FJdQ8TXa+eLaG7XEXhjwZp7FmaFHItozbRlpXxvZQCK4fxb4b8a/GxdC174gwX3gv4SG8l/sP4ewTm01bxTppIe21TxndblktbKVlSRdMLBHXG5hiuo8G+FvtEHiL40/tCarptxf6Xrd5Bonh4TBvCHgvTrV22RafZNiLUtYDhQ14IpHMgIUZJwzXdO8aftLXOisf7T8CfBS3hvZftiu1p4o8brbt+7S3C7ZNO0iVV+8u0yRHgDOKyor3lKe6S5Yr+a6XvNq+ratray9670Tqp25UtknyJatvlV5u/ppo27N7o5/xF8Qda1jw7qXw9/Z/0OxvrnQLSDRte8WywpB4O8GRpNHEY7Aj91f6rCmSkEZcMwDM+45PWeEfgjofgd59W1C6uvFHjHU1sjq/izXGa61J5p7OVprexaTebOwL5EVvFtAVQNwGMe62Phbw/4X+F1zoHhfSbbR9Lt7azX7PaRKnnym5jVrm4cYaa5lIJlldizOCQc5NW9etmhEa4/wBZcaRGgGPmBtyvHrwOSM57g8V7uEco1E2048rVukZJJq3S+trvV3d1qeTXp6LTRtp36/C7JbeTXne1mfOnxVskt7P4I2iAKB4+0vcAOCyxXRXpweoz94ZGOh4+pPC9vFZoLu5kitobe5NzNdXLrFDDGsinfJJJhFVQPmZznHfjn5I/aV8Z+FfAGofB6DxDePJdW/xAtrq20DTU+161qAjilEVvaWURaUs8jhd0gQYZmB4yOxsfC/xR+OEKX3j60ufh38Oob9JNK8BaVdtFrniG3WUPFN4mvUKtbW7IFaTThuUhirNjmu+NWMKVSTV3Uk+Xl5WrWju1ol8r9LXPPlTbqRS0jBbu7Wlt2rN3S2uk+r2Z/L9/wUx1OLxL+0V8XGtdTt7uyPi/93dxOZLdkUKElidQdyMcDIG0jjpyfy7vns4GdTcPdvF5ZEUCbY2cNgbmAGQOCT0IJ6YxX6Yf8FCINNtv2hfi9oml2cFpZWHiiG0WCzKG2tYYAirEhQtvPTJJJMh9yK+HrTwRFMlw7ReUoW3dYxHhyW6k5IwDkkHB7BcA4P6dkkVLLMOnZWhC929FZOyWt7Xe97aKz0v+PcQVXHNcW7SlzVJK6vrZWs721Sat0u32PFtTa9vJXMcPlIwjcL0YKFA+Y5IwQBwMn3zg1+kX7EsM2m/DLxqzoZmn8RQARruPCDJy2M5OSOvPAx1B+P8AxjpGmaG3l74ELW8TCNDvkYlNx3EDdnP3lxz69x9sfsdSXV58KvFLWwijifxN5bOxIOECEYJ5yeecnjqK768YR5JK7k5q12ttFfTRa9OVPp0d+LC1G5TUkrezk+zTXKrabu9ktFbVK6Pp/T7rV7vU/D3m20NvaTXBiUO4LlVkAWRgOy5yAfTjkjPFf8FYtFtfDvgv4INFfXWoFtQ1W4cTHbbWpfTIMpGgyARjv35HOBXqegl5tc8JQNFDIiXQVvmBLAyqGYk4GAeqgkYXpmuS/wCCzVrbxeFvgTZwrt+0T6rcnapwVGmwDgnORx8oGSB2AGT8zn0v3uDjF2cpTk5W+1yxa62d0t7N20Wh9pwxGLw+PqaKygk9F7r5W7bOW+9932Pwa8N6o+liDWfID3NrfvcwFsMiyBy0bKCD8yH5uT1wSMZrF8RT6lrupXup31xJc6hqU7T3E0pJlYE5XJIOQq/KASFAGADyK7iw8NmfS7VIBvBjLudnAO8kBivJJ4ycnCnGOBXGX9vJBflXUYRXQAFgFI4x3OOoGCcjHGRtr5LHUHKSc7NxSXM0lq0m99bbeXnpp7uExvs1KlBuMU4ya5ne7SvLdfCrr19bHn2qRvaK3zsSoK7QeQThS3HTJzx0AOOB1454rvU72C2iVpJ5pI4o40wGdnKgKMDgBWBOevfJruNZinYSFULRg4GPmHLHgknJYcjnBb86i8JQro5vfE94F3WaPDpyMMiW7bIV1BGPkBBOOhwVz0rz5xcYdG0lypJJp6OKst0nbrtbfU76NSVaTu7K/vX87aX7Wb172va112/ibU08JeGdK+HWiPturwrd+JLuE4kkZwHFrI65JKZwVyP9occ9z8P/AAVdWUFtqckADXS/uvMGSsAH3gCcAMAT0xkkZAPOD8KvB6eMNVXWtaLTC51GKNmckDdO+XZnYYCBMrjHIC4HQV9X+MdJtPC+raZZQyEaclqPJAfG/AA2BeCFBwPfPUjaK9vhrBUK2NhOur8slJL3dZe7q9NU0rrol1Z87xdjsRhMvqLDtKU0oaN7KKTad1971asrWIrC0aGxEkdu20ruygO1SMAbsLjJ46Antya0tIS6n1VI4ozJLPAUVMZ5KkAKvUjOM4H17A2n8d2VhZC1s9PjlWKBfM+6yBiV5PX585bP4fTX+GviOyvfGVm99p2Y/KzbhFZmEh6FVUHJzgHgjJHGOD+szr0qNPlcoR5UrSbVkopWV+lot/da1j8LwuErYqvKfvTlP3Yw5ZNuTae1rt6tXe27Ttp6BB4CnsdOi1OadBNNHlgQENsARu3kkADGc5IOeBkgCtLXPE/hP4WaTZ+I/EFqmo6rIIj4W8NSt+91u/icSRajdwD500q3kAdmKgyheBg7l7j4neK9M+Gfhywute086l4v8RTMfBvw4t8vealJKw+zarrcafPbadE22QQuB5mBng5r53074daxf3uoeNviXdDXPGerQLJDbPn7D4etXYeTYWUJ+SJYVYRqqAADBO7v+dcR8Ywq05Zflbjdx5K+JTTWrUZRpO28uskrXultc/S+E/D2tTrxzbOm/dcamFwLv7uqlGpWs767qGt+yR+vf7KX/BOr9oT9vy70D46/tG67qng74ISJbzQ3d3JN/bHizT7DaItB8NWsjBtN8PQxBbaKSIDMZyAcc/0r+FfBfg74S+DPDvw2+GPh2y8J+DdCghttN0bTYUia8aJAn22/lRA1xczFS8krklmOTt763wDQ2X7Jf7P2lqY7eztvhd4aeSJdsccS/YkaRmwFALEfM20FycnJOK+N/wBr79tr4ZfsyeGb3xHr2owXes+RNb6BoFvMn9pahdiMiNkgQs6xB9oZwBlc4ySM/wA7Z7Xl7ScZSk+apaNODfvSbSWi1bfVvZ9Va5/T/D+GlXhBU6aVoxcqslZRVouzeiSSTS89LN7/AFj8Sv2j/hh+zP8AD/WviN8TfEVpp8emwSS2dhLNGb3Ur0Rkw6bYQljI8rybY9ypgBjuIAr+Rv43/EL4r/8ABUL9pG6m1G6vdF8DsyStbqZF07w54Ws5NtrAz/Kk+pXMJXK5JVieAAaqX2p/G79v74j/APCXfFfU9R8O/Dq2uXu9K0h3kiijs/M3xR2tu+2MySRqDJcyIuBlvWub/ab/AGwPh9+zlZXHwj/Z2tdNm8VQ6QNI17xNaCKS10WURhJszqT9u1VjnfIWbymB2nIBHxcY4nFYtYHKKarZhUf72rH3qGCg3FSnUqWcedK/u7KWivax+jU8HhMswn9o5zWdLBRScKb0rYya5WoUqbtKNOTSTbSvvpFo+nvi18f/ANnv9gj4cxeAfBNtp2s+NFshHa6HYPHLe31yY2H27XrmIO8YaX5yjHLDAwOcfzdfH34//EX4+eL77xP491e4vt8kjabosczjS9Jt2b5IYLbcYgyLhc7ckjgkdeP8UeIdZ8Uapfa5rmpXmrarf3EtzeanfzSTzzzSOWdg8hOxAWOwIAq4AA7nz26OXkWJQz4ZmYHjGDgnK8ADccjnO3aQOv6Zw7wlhMmh7erJ4rMJ2dbE1W5Pnai5KnfRK/2rtz0u7aL8v4m4txuey+r0rYTLaTtRwlJuKcVyxi6trKUkns7JaK3VZM7vGCXWMyBSoJXLDuFVTkDJPOOep6imW9rdagDBbxljwZZFJygPO5mHI65/DHK/LSSWl6yxzRxSkSkosrhgrHjIQMAGJ6jbxxnPIr1rw/ovk2sEccJNxchUKoCzzS54UgZPJ4yuSSScDoPqZtUo8zstFu9Ftd9GrK2mmrtZ7nx0IObSs27pJJc127NbKNn2td+9p3eBYeHobOCPG1nI5kYZd2A5zgZCj6ndxnkE19CfCH4CeLvidr2n2Gl6dJHpt3cRRT6lNEYohGrAyrGxADHYpAxxnj1NfSnwH/ZP1XxQ6eI/GVu1hpVsi3kVtc4gQwgbxJdO2FihKgn5iNxOMZBrrfjB+1X4V+EEQ8C/BaOx1nxBaJJYS6tawBrLTblkMZh0/Zk3FwGZxvUn5wSDwM/PV80q16jweAh7SrLSdVx9yneyd5Xs5bWtoml1bb9zDZVToUo4vMansaL5XCm5Lnq8vK0rN6bNLR2T3SuffifE39n39jT4Xa1erDoTeIprGy0DTNMtnhufEWp3dqmb17p1HmQxNMxG53A2EbQQefyS+Lvx1+Mf7WOtGC+vp/CvwytJRHa6VaySw28sIOQZMFftUnO1twPzZwe9cD4R+GWqeNHn8afFnUNQmutRvjqqWV7cSu881xISqzK5/cR5wPJABxjnG6vT5ZrGJrTT9PjSKzt5TEEgVY4VjXAC5UksxAzzgk8dyK7OH+CKf1tYzFKVavVkpSqVXzOPM4uXJdXWrdpPXorK5wcQcc1XgnhMJKNDD0oKEadG0FKKsvecbX1auteazu9zT8E+E/DfhCzistHtI1Z8JPduqNeXcw5yXOWVOoIDA4UjIOa9js7OS4v/AA1bwlYWn8XeGbcRg/K4k1GD72MZznnk929xwehQ2/mecy72D7o4wCVVVI2PnqRgDjBBJOc5GfVdBi+1+OPAls52iTxv4TKqn3QzarBuDHJ3n1wM424AJBr9g/sqlgctxUoRjFxoTSSS57KKvtq7xu2336XsfhNXPMRmGc4Oi5uSeJp7S0Vpw6fJpK7SWltj+5W40eaHwl4QikTCweC/C8IVgVG4aPaqdpOTgHB47nnoDXKG28kKB67VOSAzEg/KoB9cfe46cYwPdPEVksPhHwkh/wBa3hrw+rcnJEelW4wevp6EZPXpXkN1CzyqgU7Y8HfgljjAPTAbA7475wa/BsTUk5VIqLjeTu77NtN/NX7/AKH9H0Ic0aPlCN3bRq0dF281rsi5p8O1o+w3LktyMnaTjPHGSPl656kA18cft5jPgn4WKpOZfjp4EVAvBIXVbXJxnIGeoGOeeAa+1LVCNqD5ivzbiOqggk4x8owVyx9QfY/E37e5CeE/g0zkRx/8L28EgknAcjULbAOcLgnbycYJxzXj4qXLThJ/DKaaT1snKL1f4vXXqfS5SmsQ4LdU6mn/AHDe2yVkummt1fr983swW/ulXBJlQEZIOFiBYjPbGDnP3fQ5qXzNx2KDywACguTweAoGcMeAMe5yM1y/inW9L8NLqviDxBq1hoOiWIe6u9U1S5jt7OCBIgWcvKyh2VQWVE3uewJ4r8S/2t/+Cvnh/wAJpf8Agn9nsnUdZnkl01fGkts11dXdw5MPleGNKiR5ruV3YCKcqu07WGQS1Ok5SUVBN35bWTdmnprpZXet+mutjjq0ruTnaENG3JtRT0emzbbXS+3w7s/Wr47ftT/Bj9mvRJdX+J3imzh1LyZJNM8H6fPHceINVlRSUi+zxszW8bsAHkm8sRgtlTjJ/nY+On7f/wC0/wDt2+N5fhB+zp4L1O+0eaZoIPC3hoXH9i2EBk2DUvGGuxhIZ2gQ+bLZmXCnjoABH8B/+CdX7Sn7avihPix+0xrfiP4ZfDXVpk1CW2125mn+IHjG0kcSlY4pCzaTYXEYxEFClEdQVzzX9H3wK/Z6+D/7OvhCz8FfB7wZpnhLR7dIUnu4LaJtZ1e4VdrXeqagVNzc3E20vIxYDJ5XB3HrqVoUoL2j9rUUb+zi7Rbdmudq116K193qk86GHcZOUFyLZ1pRXNZuPwR2grJXaV352Px5/YB/YJj8A/tEeP4/2odP8P8Axb8c+D/CPhzxDoLXMSXWheF9T1GFLlbeC1YeXcTWT/KkrjII+7nmv32e7lZVhcRJFBGscVrGogtoo1AVEiSMKsaogChVUYAxkEYHzH8ObWGb9qn9ouYKGmTw54IgQgMMI2nMcFSB3Xpzkg9K+porBypIKgRpvklkYIkaqCSXdiFC4wCTtGBycYrLDY39zKdZq3M2lolGKcbK2istVbTrfVm+PwaeIhCitXSpX1u5ScYtt72bu99XLy2xzuBLuWXGQF3MAc5I24BA6dT1xgYGcc14u8beEfh14evPE3jrxFpfhLQrGNp5dQ1S6jgkkCZJW3hdxNMzBgB5aHnGCBk18eftR/8ABQX4TfAG01LSPDt9p3jLx5bROku65RPD+hS4b5tRvELLNMj8C3iEgY/LuIIJ/nv+IXxQ/aG/bT8Rz6ld6nqf/COzXThNV1KO4tdAsoS5/wBG8P6MMR3DHJCTMPmGZDkDIxlm3tE400qdFfFXnpBJcrai3rJq+iT3WmxrQyJqcXX5pVGk44eMearKT5bKSV+SDdr81tL7I/S79qT/AILd+APhWx8N/CfSDqzzxSvb+JbqMNeSCNsLcWNhtAe3OTiVirYYHBAFfzx/EX9q7x98YPHPiXxh4T+F3ma94t1BtUv9We0lluLy5lxvmkLoqoHIU+XuAVf4iOB7/wDtK/su6D8N/EfwjtNTinvNU1DRn1LVLu/YSS3w8xCiCI5MMROQsYA4ODnFe66b4e0fS7K0ks9P06yU20CLHAkUCxoyJ87MVXawAycnPOAR/F9Zkc6NDDQxeFqVJV6y96reSco3S0V1aLabVvJXPns6o1Klapg69GjSoUpJKjy8zuuW/Mnq2m/taXvbfX83D4V/ai8d/LfM/h61nJcxmX7HAq47IhbJO7vnPf8AiFdVpn7IfiHUYkufFnjO/nXcGa1sd5ict95C5b76nAyQc5Pfivu3W/FvgDwzbSrr/ivRrDyI1lYT3kbSNjJZFVSSB1ChR1B4zivC/FP7ZnwT8Nq0Vhc3et7UG2GzTEJlXhTv44JHQ+vANeq8Xi613KdWonde82+X4esut7X11T23PEhhsNRtFU4Q6fCkrLlvsrXuttGtOjaMbw3+y38PNDKOdDOpXKICw1JjcSMxHLiNsgBsFsnAyeRXs+jfDjSNGCJZaTZafEAWWSKyijjT5T8oZl5OGAYknk18PeLf+Cg94/mDwj4Tt7QhCi3N5IrPgjarbccnBBxn353EH5f8X/te/FzxSJI28QzafCzlvK07bCijjKhlKkgdCcD37Gpca01Fyna+nK73bbjtZL5b/ds/aUYrW12layt2atuk/m9lvqfsZqM3hnw+pk1fXtPsoo13ur30Me1gcgbFOB3OMEjkDBOK+WfF/wC0B8LfDPxIh1FvE0N5Y2eieSfsRWRZbncx8liAQ7YA+YHuScAV+SOsePPFOttLLqetX90XbJkubqWQ5JbJADgKvU8AjJBOCDnze91B2u1Mkm9NrEk5bJIY7tpzyNvHOeSeRmtI0OV80m5tWt9n3na7u22nLa62u72MPbXs0tdN9NGlrfzSXTvrdXP1r8Xft7+GrcSjw54cuL8fcSW7fYmBjBAAboQSRk7epyea+bfFf7cfxN1fcumGy0eMgoBGu91UghcnkgjdgZyc9BkHHw3LeockOz/dwOBjBA6EkA5GOcMMY71Te4Ztyxqd2RuwpIABzljuGenOAB7cHOsITbdopXjpZX1uunXdq3XWztqE6zavJxtZPR31Vlr5Wfn3vfU9h8SfGz4jeKJmOqeJ9VnjlJOBcyRxqfQRqx49D+GCa80vNVvbqUSXVxPI7ElpJZWPLEkMzMzZJYkA5BB6dhWMGmcHbCc5B3HJbtkZAHXD+pxgdq1LHw7r2qHZZaXqV48jhUWG1mkzyCACFwVHGCGyR6rW1HA4utK0KVWpd/YjJppJW6LVa9Lba7nn1sXRpPnq14QWjlztKyVr9dPX/O5kTzhmZpJN+d2Od+FAHRieBjrwRxxzmqUs46bQzdC0hbACkgFcqQFxg4yc49cCvfNA/Zr+Kuv7Gh8LXdrDKFYT34MSDcMqWQ5cDBz05wSSMivd/D37FGqSRxT+J/EWm6eMjfb2gE845AJ/hOcDBOD90++PewvB2eY6EJQwdaMJNLmlFxTWl23LRrXV9/w+dx3GXD+Bc418xw6lGKbjGopTfLbom7u3T5HwG7zEAIOvXA4PJPIbqvJwQG4+nyui03UryQC3t555MgbbaCSZ2yTgBUBJJX19c/T9WNE/Ze+FmhSxNfpfeILhGLYkJhjYJyflIwRuBIBx3HOMV6ppnhLwdoEhGheFNKsSijZI9vE0jBTy25h1UZIfHHHOcCvscL4UZjJwlXrwpKUVKSScrP3XstElpZ30s110+BxXjNkNByWGp1cQ1JxUrKMXt1u9H3+drb/jpD8NvGNzPpduuhajC+sTeRYLcQNCtzKTtwCwGNp6ggZ56nOfoDQP2PPHl+I31i80zR0kZfME0nmSwk53DYeAQDgjIOc4brj66+Jl00/ir4fK6fZ449SlliVFCoCJeCoUDCksCMcDI5xjHrU8sj3GzklmO+RiWU5OAMYwMBQcA456c5r1Ml8PMBUxeOpYurOt9WqU6e7jGV4xl59lu01u3rZefxN4o5hhcvy3E4ChTg8xozqrnTnKCjOMFK7a1ate6ei26ny5o37GXhOzKvrnim4u5EVS0NnAEVjjkBhuPbjA6Yzt5B9d0b4C/CDQl/ceHjqFzCMh7+TzUaQFSpMZAIzxuxuye3p6TFb3zNKyozNgKrYIwo64bngEYI44z6YDo7S+kebekjsp3blBAHXhCeDnBywOQT3JGf0DC8KZDguSVLB0HOKSUpxcpNK2vvc3pstVv0f5PiuPeKcz51PH4iEJNtQovljZ293Sy0vrqr6dSHTNM0LSVkj0rR9K02NFVSltZxKSVxk7ipKkDJDA5GT2NWZ72csQZWMb8LgeWu1eARtABH94HB+pxjQg0m7Vd0gXZK6kIvDAEHh2zgH1Oc45xnpnX8dnaOUvry0t1Vs4luo12A43NjOdvHTHcdBzXq8+XYFxXNh6MGlK/uRdtLK6sl5db3fW55c1nGaUdXjMRUckkm6km3eKdk29G03fqn92RJKyshYkkvuymWKjn7uQxIIxuB6+3SpVkkdlEajeAxYhhkHOAWHHGOQ2QAMcdq4/VviN4D0Mzrd+ILSR9uVS0IkIKk4A55zgfxcH5eeRXlmqftJ+ENMkZdL0671Bgf3kk22NS/PXDMPL6/Ltx3IBBA4cTxXkmD92eLpynulTXPLSyteK1bdrXi9ba7o68FwHxHjnCawNSnBtXnW9z3XZ3tJ367JWfQ+hlV5JW3sZyGAEeWBDEEfKQo5PP1wOTjjhvjDYzSfDfxCpJQvDGMBxuUnPyBWYE5PJ4/HivnK+/aO8Z69KLXwzoZhYtsH2OzlupG5CoQVjHzYI5Y4OOO1cn4x/4XZc+HrnxL4ksNXstDSQRyz3rNDHI87HysRNtwAB8oI/qT8tnXGtPF4OvSweExVWM6UozquD5PeSTs9Wlu9dfd7n3/DPhlUy/NMHjMfmGGpSpV4VY0U+ac3Fxaim2tZbJLtt0f0Z8ONZ0Hwr4I0SHX9RsbWaG2SYRyzIWMDgkYjBJV9owdwU57YApdW/aE+H+jmaWymnvnBJRIIgqAjg4c4AVsHHJ6/e4JHk/gf9mnV/F+j6fr3iHxfb2FlqVpHcwRRObm5jifACsuf3ZA4OcDJGSDxXvWhfsx/CbSIVfUZb7XpohveW5naCB9pzjaAQAcgYGeH6gcUZYuMMwwmGpYfD08Hh/ZQVOpVknJwUVyyslJ6q2tk/vFnsPDjLczxlfMMXPHYt16sq1CCfKqnMm4N6Xs7rWT1Wquz5/wBd/adv7t5YPD2ggvKxELyrJO4f+9tUYznsGwP/AB6uVXxF8ffHrBdL0/VVhYBQLa2a0iKsMDLuVbrzgZBHQqDX3zpvhP4b6AkX9h+EtKDhgqzNaI8gPG0iRskkHAOFOTjI641G1m4ClbKC2sxGxDCJI1UKMHbhFXb93nHr1617FLgjOMXrmec1bPenR91cq5bq7d997rTtc8SXiZwplMbZLkWHUkrKrVim1Zx1dk302unr73Y+FNK/Zs+LHiGYXPiLVodJRynmrd3jSynOAcIzMowF5JIx9Rtr1zRf2TvBWmMkniDxLfazLt3S20P7mPIwSFYFs7ueMfd5IwOfeZ72e6w8s8pIZiCSQrNypUYOWwSeMDgAHAHMkIkkCPn5ncA5U5yOFHXnJxjnAOcKMivcwnAWSUGnVpzxM4ta16kp3fu62furystdVbt8nmvi9xJi4zhhZUsFCzUVRpxUoq0bpN80tE9G2lpbsYugfDL4W+HGQWPhOynlRRi41BVuXLcfMdwwCMccjGQSBya9GtXt4IvJ03T7HT4kdtgtrWFUyBwv3SePXcCDnp0GCqASENuDBlyV43AjlRjGMkds8knAzzt2hhwsRfKMRgLkKpyM+YevHI7jJ78Y+swmVZfgpReGwlGlyqNpRpxWlltpr2835qx+b47ibPs1Uo4vMsVU5rP3qs+WzstFeybV090u6tcsqLm4jY3Es3yDcMHbliGxwDgjHbJz+h+WPF0GP2j/AA0Rnc+kxtwAvAQAnHcYIXB4wed2MD66mjiQPhml2jARSPvFThxnjrwcnJOBnnj5T8WBn/aT8Ooclo9JQISMH7m7HrjPv9OOD4PFzi6WVqK5X/amDVrPbmb/ABTTe7d32V/rvDqNdYnPp1K1Sp/wg4yNpSk7c0YtSSv5rf8AyR9GzIxz5uCTuUhiAVOfl28HJ+bGOSASBxwc9YUVmCgjd8gyQVYgqWwR0PByQeeO5O3oLy1m8qAyKWL/ADkYB4zwCx5XAwQWwOMHuDSkgVduxSSCrKF/hBONx644b6FjgEfLn66hJKnBpbwjts3eDvdW2237LS5+fVYVFiJRkm0ptpNvV3XTXdP0030KAt4l3rKFUBQygEn5jlQSBgZJIPI6HOeSKXywkWHG47+TjaWOB6ZBA/u5656CtB7OQPKACxY5DOB93sPvE7T1J4IO4jjo27tpPKVgJG2PztAYFuuRjC7B0PU/L94da1jKXNaWjXS1m22n2u/nfpoyakKjjUai7xTSbWlvdS1su1+7Xo75ww4PmjJVySgzuHHBIPXnHXpz3zViBYWjWRnw29sIeSSp6579RkYJGOOM5ruHUlmYqVI3bUwGduGA46ZGDxnr6HE6KodPLBQAHEeMkDnLcnljkHcV9OB0rqgkoO735ZWu03qtEttE023e90rbHhJT9ro7SVrJ3un7mmuqd9Hrdt7WbNO2JIRHTGXdmJYqcdQpx1BOCOMAHB44LLiNijqu9ASuGydqt0wD0zz1AIPBqay2hVeQebMGLAOSGKHqcDJUH5Rn6dgKsXEjiIptAJbcsZbcQpHG1emDnJ5+neocYKySdnJ6K9r6Wd9L2aadr69D0OWboe+1orJLXROGu9l3Tb6+qOVvEP8AZ2o8HYlje9RkMTE4OSCMZIHrzgc5yfln9kCBn8UeNHBICPcAsclQTK+AcA+ucnIBOcEZB+rtRXy9N1Jc5zp96wYMM5MT9cj05ORjoDnFfMv7IEJ/tnxuy/eNxJ1G1SBPICOD78dOTnb6fmvEajLirh6Onu/WZXb392K1WnVNXaS8rM/aOBGocE8Vt3d1hov1bS87d2301PuWGH5lh42/eLOvAOSCAADncOwPb0zSvHhlYshkXcgwCCVXccdOAepGCM9ecEzy3TqWWHYqhRnaNw3fdAGc8nOD9Au4kg1RunY7WUGNgqDb1cltxLD34GcBc9h/EfreZ+qWunfRd91Z/f3PioqnClJwu7O7stLqys32urWvv0JfLjXCFh+8BZstjkgZypPK8ZOfWs+SNXZ40YAEHLbSVBUk4UZJPTpxjBGB0qQPKSkhJjdmxgkZK8A4HIJxwR6E85Ap4jjUIqiUOzMyDnIUNkgtjGRknOSSOMcEhe0VrdVJL3vk012te6vu7qy6XGk8Uo2i0o2bezWsbPRO9tdvl3M6cSRqjJvEiKFCgcHJxuxk5UZ+b/a4I71PC88f7neSjDezKCFBIJAOM9SSMjPv7WWIYuzffZsI2AwUDBAIxnIPXGcE9MbalWUw8lFZyQQ5GVUn5SrDoQTnI4xgHnoMpYhaxbk7NL3dE/VbrbRbL5pnVHLfZuMk2m9W7p9YWvforr4rW08kZ08JlDkkIrEKy8kDHJYHj8ecbsAnnFU2iBEqszEJyoY4L89yAMYAwRjBz74OpcXUgWVdql3PzENkovUfLySVyeO/TnHGBLM0heF2b50OXAKgAc4J9D69icA4JNTGomkobq71equ13ej23vorPsYYvD0EoNq/vNP003tdtN911Wzuy4vkpPbbZC2XR9qkAbs4AJ4wARg7SBkHsAR8maKqj9o/Wk2liIJcgHcWJVuCfwwPbJ7V9SQbmaMKhfypEALAbOuSQTgkjkAE5G3I4xXy14OkM/7SniTGPktpQxbAVWIYYI7DjHUjnkc18LxS28ZksW9f7Ri73eyitW356/0rfqPhzRgst4lnFaPLHHlin/NF3V9/J77pdj7BvW2Wo3HYzxABVJYnIBIH904/wGa89Kq9y+HyqklEckMSMkjj3x1zjpnjFegzwSFlJQljErKjEbAVwSQ5wASOSP59a4rVmsrSXzby8sLNGDESPPHlcngMN2c4yvIOc44A5+jpYmjRjerUpxTivenJRV7R95tyaV3Z7J9le58ni8HicVOHsKFWryzfuwjKV07Jt2XkktCO7cBVkUgyOmwBclRtOFwc4yf73GflySMVh6lNI0cKhVDEMikgAnkbj6A9mwR1/iJArN1L4g+B9MeNbnXLaYoqhorXMpc8AMuQPnBAzjHzDqQc15v4o+M3hC38trBprgxRkubkiGMSc45DMdwGMtwPbAFcOJ4jybCrlq4unzaLlhLnbtyraF3urrbzWmnbgOCuI8dX56OX1aVNtLmrx9lGzs3ZztdX8tNtenvmh3ip5EUpXcxUrwSIh03KSMHJ3K/Pt0wK628ul8pHQEt5hEjudsTICOctgbsZ4BIzzxjJ+F5vj7q0hii0DT1Z0ICNBbSXchJG0bSkZBOfU+g4JLVXk1f43+Miq2Wk+IHt53yTteytkZhhMK2Gzg8jDLt9+D87W4tpVJ2wWDxOJlf3XGnJJ7Ws99r30bXl1/RMHwHVw8P+FHM8FhE4xuudTcdIu28Lvu9r36WPsW+1KxspQ17qdnbRykuTLOhLrncAAHOTxzzzk4GcVyV78T/A2mSOkuqNebW3GOzUErgEYYnGRnOM459cmvArX4B/FbW0iuNX1Kz0mMsAy3F21xcopILEhjgEf7JAycdyK7zTP2X9CgIk1/xRqmrO5US29qrQIx6keYjc5zjJySOo5GXSzXiXF2VHL4YWDStKrJKSTtrZu909Nu3oKWT8E5e39azSWMqJq8admnbl0SjzLXqnJbdzSv8A9pTRtPDDRtEtZJYwR593cgtJzkE24yWYAcnuPpz5Nrnxj8beMfEen6rY2xa/06CSLTo7G0eGNYXI3ushALvwMhQeQOT1r638MfBb4VaBHug8Kw3UyKWM+qv9qO7ALMdxwoHAIOcdQRkkweLrXTLfx38PrDSrDT9PtzDdB4bO3jhiZcDIYoMvgDjJz1NceIyfiLEONbE5qqMJVKf7ukpuV3KCun7q+5L0109DD5/wjh28Ngco9vP2NS861knGEE3dPmbulZ2tpfXY9g8Q+C7PU7ZEe0s9YiVSHt71EEy8HhJjhi3XkMCPpyPmjx18Ll0zTNXutDm1fQnTT7iSXTbnfcabOFU+YkT/AMCnkAHIBOSCOv2j4k03XPCsxsfEOi6roGoQkZtdTtprSUgjkLvTaSOANrHJwDjpXlfjDV4r7w94hhE6SSJo19+7nX513RY+8w3AjtjGenbIMZhMqxVCpXjClOThKanRaabUU0k4ySWvnZ2vskl5mXZvmeFxVGhOpNRlVjGUKj91xco7JtbW1SXqnZM/Lz4dxEeLNIVtofzbhgQSAuHwxG4ZIyMjB9+OQPtyK7tJYYLawvoZbmK2AntJZdkiSFz91WIJB5IIb5h97rk/EfgyUnxTaguEKtd7ii4wu98kYPykdhk4HHXFfc0Hwv0rxPoOjazZ6lPp2ryWGJJGJ8mQq7DJwRtfIA3tuwR+NfIcNLHRxuKqYGjHEONNe1pSkk5QjNfBfqlst/lZn6PxPWyypgsHHMKvsYufLSqW5lGo4K3Onq4tJRdrva9raRwXLqzI8kkL7RmNycMScYyB0IyeA3bBBIB+MPiPHI/xTuC5Gwy2xwMEMGIA79CQdxJAb35FfT2qaT458IBvt9rJrOnxkj7QqmUGPqxS4UFlYjBKYY9PmIGR8m+LNQt9V+IRvYDNDHcPAhil3CVJFdQ6nO04AGfugnOMdTXVxXjaeLwVGjUo1cPiI14XpVItfErtReqfk47prTtw8K5fDDYupXoVaVfDzoSUatJpr4oNKXWL6JNLVLS+i+3/AIETNH4a1wKQjnWFAYAAEBVIJIByOABnjgg5zXW+LPCejeJTKuq2MEsjNgXEMQjuY+CVeOePayFSQSQflOOc4rzv4R6iuh+CNbv5FWaOPXwkhLfMFdFAOPTqNuWPcZ7eoxeIdOvAHimjUyAlF3bi4dc7RuByRg5IA5J56Gvf4YwuExeQ0qVaNOrJSnGcZqLdk0o7pvyTVte+x89xPicwwmd1KuHdWEVGm1KN7XUY72tpdd9b37X+K/jL4a1jQbfRom8Sajq+ixXRi0+w1Od5207P31idyWVcLtxuIHUEtivQP2fPEmj+GPH/AMOvEOuzyWWl6RrUNxqFyEMnkQK6AzlVBJjRQWY8EYPbcKT9oz7P/Y+kTgmUnUypXG0ouBweeORz0HG45JJpnwIt7XUtf0iO8t4Z7VvtUEkEyiRXjMW0h0I2kYJxgBh2bnj4nNsBTwea18Lho8kKnsowjzNxUqij1b0XvPR27Lpb7jJcfLFZXQq4lqVRQqOpovsv0Sb1vZ6u+/f+iNfHHhnx3Z2mt+Ddd07xJp0gMqy2VzHMdrqMCSAN5kbgj5l25BDdK/Nn/goPakfDITYYf8TiFmUDG3MWNu0dgScceh5JFeLt4F1vwtqB134W+KtV8I6hFM0hsre5kSwmYPnYYiTCI2IwwAHykgkdB538fPjF8SfFPgN/CHxK0GMvBdR3EXizTowtvIyHaRdRgZLODguCASTxxWc8FjsBRlTq0XKm46VYpSjrZq97OLd3d66dGrnm+xwWPxtCvhMTByjUTdKVoT05Vom7STs0+V2tra1kfLvw2vPseqeFEJXaNctGZRwFJu0UduScjk5LdMYIr+ljwjowvtI0sBGVpNOtZVkGGKq0CkAH7wHbOd2QD8p5P82ngG2sbhvDlzC4lmTxXpsSYYjMf2uLAORwucEk8AZGeAa/qx8EaLbx+HtGnaMQySaPp6ZwQd5toySDjBHBPHTBOQAa4amMlgsJ7S6bqNJxT7JL8Vskrp2Xp15jltTFVqUb8sKUZWkmno2lq/JJL70072Xzf8WdJ+w+BPFEatIzzeH9VT5gVbK20rHcc44x1wcnjk81/Ot8LEUeKvFBZyGMrrycgFptuPl4GOnGOpPrX9OXx90q4TwjqhiUNG2g6tuCcE5spio6c8EHGOg7E5r+Yz4agp4n8WKISWW7mHOAP3c/PUnHHHXHUcEmuWhini8RhqlnopJx+1FKKbVr3ta3TfY6cvpzoYXG0ZXUYSXs5Wd5Nxjrf7tVf8D+mX9kz9kD4gfHj4BRfETwbqen3E2lxSadb+Hr1kie9eyG1xDMc/OxHCAck9wDnxf4j/Dfxh4A1a48M+NvC934c1uO2u3aC4DKTG0MmyaHBw8LgBgwAz3HUV9MfsT/ALZOs/sz/BPSvCOofDK71bSb911uDWrW7KSCK8UvMhVFb5ADkHPGDnp83O/tQftN+Cf2ivGml+LbUT+HzYaPNpbafqVx5lzJJ5JwCzIpZV6JknGRzxWtHMMwnmdWlOCeCamoTdopW5bR3vu3fm2/E83E4SnSw1OrHmlXlUh7SPLe0W27vS65bJe9Z6pn80unRtD4+8UxlmYLq2sAhxu27ZWyBnbxzwRx369f2D+FHhjRfFfwa8LrrWiWeqRNp0kaq0KLcRAH5ZFkxuBXg5HQ498/j7cyLbfEjxi0bKY213XShBwCDMxGCMZDA5wDg8Z6Cv25/ZzEb/CHwY6sis9g+SzY39AMgkjvjAPJGeh4+jyOalipqUE4unJ9HZpxWrvfROyt6HFxVLE4fJqVajJ06iq0/ehdct4LS/Nfs9V00vufMXjz4F2NjYXV14WuprWeaQg6XqQ3wOS3SNm4AwMAYG7PI9PzI1GxutH+JerWN5amG4tr5IJ4gfuu0ihzGQAduORjHPB2nOP3x8f2wfTbdvJiwLlQ6lQoILZBLDG4HspOcYH3dor8RPiXA4+NvijzGWNF1cABGXG0NFjLE45xwPbr1rfPaFOlCjUguVc+rWzsk27eiaWrd/mcfB2dYnMI4jDYlc0qcYqNRqzk/d3u7633fVddL/SXjj4iaL4O0m08PXa3P9pat4YRLWTYGgxJH1mBPGDkZyWXIYEcGvgxpJntNVS4jeGRpjOm9CTIrMzblO7JXGOQVyNvHU19BftMaYs174MmBMYbw3bo0qOQ4MceUIHOU7E45BJ6V8zz3eoxxqguDd2zReU5K8rjgLuIb5uwP8WGHQZHz2HUVFVU7c90l1tJ3el9Gvnppbo/r6lKc2oxkrrd2Ts3yrS+ujtKTfV7NXNrQkRte0FXjGZr+zBLc5Pm5JO0DJAB469cgkc/Rv7R3meHPFOhXNi8ltNc6PaSTPFnDosSErjkHOPmweMDBPOfnTQHj/4SLw7GMj/S7JgCTlcSDr0PHTv0OPWvqb9qe7tF1jwws0LSs+hW+1gAAqiBfm698cDgDBGeAa1ru9S11eSSTavolB6Jpq/ZeqOijRqKi26jWySvpdcu7VkvRNaaeR83weObu4huLG8tFuYbz5WmVdkgUZwwAHGME8YBbnGTx2/wXmgHxJ8ORW7uY45rkru5C5jI2k9h25GD6DjHI2el6W2lPewNBM+/azK22VCVDOpUsAFAyTgEHnJOAT0fwT/efE3w/DtAVrm4CsBk7SpUkH0zkdtxwCFwMRThThFqmrSlZPlUk3e13pu21bayto3sYy5nNpyTSSt73XmjfW/u699ne2yvX8XeG59X8V+IJbO7hSaTVrsvBjc/+sbBIB3KCclgMnjJ67ar/wDCsNTsLB7681GJ9lu0ot4gCXTaSqlhyjBieOpPGecVX8ZXV1ovj3xPJZTvDONWuhG4XKsDIc7lIIPXkjGAe44NtPHN1qNt9h1JxieBoZJ4UAwqrkZUZwVb7xyOh5AOKxqe2pzTj78XG71Stfl8n920epvaE7czUZqzbdlK/u76Lm6aqy3tuz0f9nGAw+M719rfPoF6SXYbRhHHJ3AE+hJyDzx2+ffELvJrerguWEeq3qlFAJKfaHPb+R6ZFfSP7OIgn8aXsUMxdF0W+TdkcFUkABJzgggHkY5xwOvz74ss5tP8RapE+xmk1K9chQE4Nw4GT6Y46gcd8gHeVVezpU5K0vis9Hq1pfVad7peaZmqb9pOa1glSTilfa12ltq0r6NaO90Y+iuyalG0nEcZkUEgEjKsQFzzjnqM9uDyT+i/wAu1/wCFbPaw7Q0p1FWLkBCGL5ABbA3AgYbjPHGcV+etkG3gi2AKQuck8uwBIYE8EkbvmwVII6HFfc/wbliX4QajdukkU8EN8ImgYhgxVjuyo5bjr8p4+9jkL2ak1G6Xutt7LeN9bbq9lrq+r3MZv3Xp73Pokkm9Ytp2T1uko2/LaB/Avhy/ujc3um2o2iZvKVFzOQx3MdrdR97BB5IOcAk/KWpR2lv4wmt7QeTaW+sQpbx5xtKyqNq5PAXoexHOMEmusfXfEkEs1zDq15AkYZSk5chg5IYsGxnAJBHp3rgSxn1oXDuSxvbeXPDM7tIu52PBznkYB7Y/irkVGVGi+eopxcvd36Ws9Xa7s9tbq/XTohP2tRcsWnGLu3tLRWb00a1vp3fp+kd5MIPhR4gntywuY7aymjbHypINgGAc8ggHp2x6ivl2L4kWKzXWm+LLIanDPCkc9xLCFkt3CAKysQDsJAyRjHI9K+nLtY4vhPrjKNzHS7NsnBzIAhAPOCQRwRwOB2xXwp4hRry5nmlBhYiEKYx+7kYKR83GAfbBx16gZ+axVONas2k3OC2TtJeaa10va6TevSx9ZltX2OGSk01OSd7K3Ny39E76b27W3PRH8J6Z4hsXvfDkr7LZJHW1JLFlY4CQHhXx6EAg84POfXPAPxK+J/wCvfCkvg3xFq+hahZ3UPiRLS2mlWyuboZeFNQsd/lzHHyguo4APIGD8w+HvEWu+FpGitnZobhhL5MkZaIOF4kRSwOQDgEE8AH5q9mg8RXeu2Nn4h1rF9qMduLUErs2QwELGFx1ZRgbcd+uBx8/isvp5lz4TH4aji8LJJOGJhGpd/ClKEk4WS0Tt3atoe5Txs8D7PF4TE1aGJhNLmpycHa8esLWWl0nLvoj9F/2nNH8W638H/hj+2bpPjmxPj/4ha7bWPjWHSwtrc6NrNhKGtnYphl+0ojJIDgEE5z0ryz9oL4RW2u+DNP+Pngh49SsvF2laFF43WWeOT7D44mhP9pblGCsdy6B1AVVBz9D4XonxSji+FnxA+H/AIjvNRutK1ZbbVPC1lM++y0fWYCNk0UZOI2YM28gdQDgk19GfsreHJviF8OvH/gh9Ya4jtbnwz4tbSr+6eKxm0+xuEj1WJI2Y4aVGwGQErvY8DAr8dzTL854IwkM4m4UcPkWa1cLSnGC5MRw1mNWjKFCSTs5YKc1Gm5fB7HopM/S8vx2WcVYt5Y37WeaZbTrz5pXlh85wlKpzVYR0T+swg+dJK/Or6pJ+Ban+zr8RtD+DHgn4u2/hq9n8KeK/EOo6N/acsOLW0v7VgNgZSf3dwSREx+9jIGea+b77SorLUiWHlXsdw6XEeSPLcMAAW/hUcgE84wNvUH9OP2mf2lPEnh/S7/9mDwrYvpXgDQ/GqeIdFsVia5EDG3iaOKGR1UfZmkeRnZDk92JAr039m79jr4Y/tR/APxN41v/ABdYeHfipot3rOoa1BbXUKPaabpcTS2gm0t3V2FyFYNMM4xwPX0MF4nYnIOG6edcZYeTweKzh0MDiMvpSxMqOAxlVf2fUxUadnBKLjGrOPNZvZ8yPJx3BOHzTOJ5bw/VisXRwMKmIoYqoqMauIowj9YhSlLRvmV1G6Td0rJI/Guzvp08RRbJ2jKyYhUEuoLKCIyx67jjrg/gBXS3eq3cN1dDWbEQQzrIFkClUkU5HmLgbS2FHyg4IyBjGR7DH+zb8Uhdw+JdL8J3+teF5dTvreLXdOtpZreKPT5mR76fau6NCF4YAqRuAz0HTXfwtuvEVjNYuY49X0u5YXlnfHyIpY3RgrweaoZWOOTjHHfGK/TcNxfk06V8NmeFxLlNe1o0q0Kk6Sk4q9WCk6lNxvZqUYtaN3PiqvC+aurBV8BiKHLGShKVKUYVGnpyzaUZp201d7+SZ8sW2qQie/srZ1mRbVtjK3KKp3EAY64bA5BB7E4r6W8AfCi18WfBzUvF9nrKwatZXt7PPYSysqCzsYlkaLIyPMYMxAYjPKhuw+T9X8OXGg6zq0Dh4ZljmAVXLhSsjIVDDBOBjbjPGTjBr2z4deNvF3g/wB4l0OKS3Gi6/Ci3SXMW+WOWXKv5Up+4WAyxOMjafQn38FicHKrUniIqdOVGap2dkqk43g01rZdd7ddLM8TG4bFxpU4YaSp16eJpuo3rzUacl7SntZSae/Rpvpr03hTytMeK8RzFNLE/lkb1BYZ5jcENG/H3gf7wB6A/pH+z7/wUD/aG/Z50ddH0DxZda/4O1OeO1uPDHieWTUtJe0yN8EaTs4iDB2THzDnpzX5V2Ot5OlR8LFGMyRsMhgANxVj94ZGepB5AzyK9CbV2nsNPMMu6F9XBVGUAAcDAyT8w6fNjjsTmvl+JeCuGeLsJLC51lWEx0LShCVSmnVpOSSbp1Vy1KaSdlKMovzd3b6DJuJs5yKrGpg8ZOknKLqUn79Ko4KMlelJSi9UnzWTva2x/S34O/wCChn7DvxW8Kad4O+PnwQ0Pw74rvpJYdS8QRaXb3enyyS7ss0iRxm23AgxlSRG4JAPG/wCJdJ/Yk1b9ojxf8S9f/ZeuVvPB+kXk76Lpk10ha5iJZ1t7K4XDTynhIYSoHQZHBr8idduJ5r2FmRRH55jlVuNylPv+xGflPQcc5PH1x8Bf2h/jB+zhNpXir4YeLL3w/NKgf7CXaTS70QSCRRcwMSkjSEBTkqxH8XIA/Bq/hZxP4fQzHMPDDN8VTxUqNKNDKMyq1K+XQjTrxqz9mn70a04J0oTm5WjJKT0uv13AcbcPcTwjg+LssoXr8z+v05TuqsocvvJOUo0+ZptQfLG3uxtZHTeN/hj8VPhHq03hf4neDNb8ManaIyFdbspLFbrYwXbFIytbyhxzHlyGyMAc54SyvLKRk8kPZXKzBZbYna3J5JA6jI6jP3s5xnH6LfGD/grnfftD/B3U/hX8avg54U1zxY1rax2HjO3ght5tPl81TLfhRGZknSMllImA3Y3K2eLGk/8ABNTxL8Qvhjonxu+C3jvRvib4H1nQVvtR0fRzCfF3hfUIog1zJPB5gmuY4ZQ0Zh2fcXIBzz93wz46ZjlGX4deLGVf6uV/rP1SGOup4XEKFOnOWIbpTqxw6fvLlnU99xbjfY+Ozrwyw+J56/CuPw2OUl7R4elW5505znaFOFWUKUpOSWinCHK3yuT0b+DodWu7S52xXLRgAOmJDtbbtP3M8dOxBJzgnivpD4Q/tcfFv4K6xY3ngvxtqmiTo6P9h+2TTWN2qFSI5bSRjEY3GF2ALkAA/wANfMHxT0LxF8GPFmneDvH1jNY3l5amfT71o3SO6hchUednRVjlU4DxBnKnIPpVNJdPuNM05t1pcXkl3vF5FMhaJQQu3AIIPopAJPQZKhv27E0eD+MMrwuPwlXBZjQxkKdbC4yhUpy5oVVBp05R+LR2tdvSzs9F8LgMbxRwvjq+FqRxeFlh5SjWwteM3D3VF8soSfLtfV6NbO2p/T9+zr/wWM8P63FY6J8d/Dospz5cD+KtAUFSxAQzXdipXy+Tud9+cBuPm5/Y34dfFT4dfFrR4Nc+HXjDRvFFhOgkKWV3C17AzD/VTWhbzBIufugHkfKBya/gZW4kSdvs7ukg2M2H+V1UdSCMEEcEEhT1Jznd7N8M/jr8RvhhqtrrPhDxLq/h29tZFkjm0q9lhVwjjassat5TjICsCnIzycivzvOfDLFUFKtldRYmno/ZTbjUirL4XZqVm7Wau/uPvcq46y/GShSzGLwOI0XtafvUG7L3pQbThfryu3l0P7xwCCVIaNlVdyuCCp49QOeucfwnjgDEg253fdByBg8YPO0eo4GM5P58fz3/ALN3/BYbU0Wx0D45aNH4gtFEUB8TaWot9XhUYXzri24N2wBO4grzz0yK/bH4UfHX4S/GvSoNU+HHjTSda3oskulSXEEGq2RYAeXPZyyBw4yQWXPPK47fnOIwOMy+bpYqhUpSjdLmi1f3YrS6ad2tdXpfTofWxlGvBVcPUhXovX2lF80b6Wuvs3trdK0b7p3PYSVRcA8jp1+p68dO3Tj1FMYAnaD82AecEDjr0JwRgjPABzx2kKurBWQq3Od3XqOmRzjB57dh2DkVW+YDuRzgkdMkEEAjHb3HQ1hzJW18ut/Po7NdevTa5k030vtby1V762fp5d964UkNwOrEjAGO+DjIz36Z59BShHDKoyGJbrg8kcDjliBjn72R15JqdlyuAecENjnaRjIHB4wD6EcHvkIAABy2QwDdQfTtuJOQeQRn0JBrWNRxfR66y6rba9rtPbTpbSxK95q6lHa3zSvfZ7aN300TtqRkbQQowpIwFJwSM8ZJOct04yck55pDjhiADkeoJHZfQr6DqTxzU2AAcHuwBIJHYZOcc8DIzlup7UBCzZyM5I7naOOfwHHqeAS2BjRVW2ndfCkl13S133SV1o0/Rilbu/XXl2jovS76PRRsMTJKggDGScjgHqM+o5PHH5ZInXrgE9RnHrnoO+R3x3BBxjNMIwW9Sc9M8cdBkdgOBjnnHagBgwU7myQQA3UAHA3DjIxztxnAIz30U1dK6d3umnbSPVaPV206/O0N20W7/FaPZvd272+6z/P3/gqmqzfsH/G6JiCDbaeTnPIWQng5wTkbgRj8TX8OmjadpzaegnS2fAhzuwT80SggkEYHcY7HGcnB/uM/4Kmwmf8AYP8AjiqNhhbWTZOcDEmW79AFx9cDJr+HTSPDviDVoJpNP1DSYbSFIYhFLbNJPI7xoqs2HUMc5528cgEDg/0H4PV50qeJUMLPETnKUYxp2u/hu3fTRdb/ACvofivi1h4V8voqpiaWFp06/POdZyWjjDlVoxk99NNfPe/TxWWkpEPLNpCDggKqMc7uvO7gjg5HB9SRXKqdLg8W6r5kccix2Nud/l44Lg8HGFP8WT06AYArdl8BeMooVZdZ06FdgZn/ALMOVY8lsmQk7T1zk9emCK8fl0DxXfeL9X04+IZftNpHbxyyW9ntFxGzYD+XztCZyBnLHnnAJ/cq2IxSlS9rgKtJuptKVN6JLtK1tNmmrX2ufgmEwOCrxxCoZtRq8tKTlZVeWMU4+/rCOl7Lve1rtHp2t6jaEbLBQJTFGQsSEkgkAkcLjr935iM5J5OZ/D1y81xcvPI5ISNdxG0eZkAA985xnGDx04Ob1r8Irm7iV7rxZqSyRwqxCQhNxAyzDOQMfd4OGPcY53LH4aWFh5sn9ta3O7KhP70qu4nlwuDgnBHHXqB0Na+3xT96GFl105o2WybstW9lte1urMauAy9QlGWYpNtO8adRpNpX3d7Xuvm3sjx39pxIk8N+BFVSzDV5fMZhk5Nup2lugGOBxg5I7ZPz1+x7FYS+PvHhvLZJY4kkZEmO0A/aG+YZOO2Dz9K9b/afu4NJj8FaMLq7lhlv5r2P7Q/mEKkPlMXYAHrk5PA+7615H+xzNpy+O/iK144YeUPKWTIG9rjkLgHGBk8g/NxwK+YxFS+d0pVVGM/bWd2na9KNtLbPfXvt1f2uEws6PDk4UJxqQVJ8sldJr2sW7p3b06Wsn56n1b+0TcaZD8PruKxht4nmVp5Fi2sUMDtIuCcbsFRtAxztAxnNfIX7I07p8U9VuDGpWTSxNjIYgyyq5wG5JGMHJzxkHpn6q+PL2T+C9QWGJQsdndsXHIJeN1RQRkE5IOc9hnNfLX7HkUMnxR1HzckLoES7c4/jwRgZ43ELyODg4OQK4sXUT4hwzlK/M4RvblUdl2tpb79ddn0ZfCquG8dGSSmoz5VZ9OVatrprrbVK2my+oP2rb+O68G6OjIpH9qXjE5Pyn7FKMYyuCQc9COhBUZFfNn7HDbNG8YqsKvs1aFt5OCCQxyCFJHJOcAEsBX0j+1XbRweBtNKRlNur3SK56MGtnXnPUHJ9OucYJNfOn7GcUUmjeNlfcxGrwAqCe6n7x/hCnrnPcEHmu6dWMc8pqNrK65tE7uCSd/Jpbad9bX56EJ/6v+805SlHpsvaJ6dOtpX1aXa56J+0JqNkvhmxt3mAuptXQou4twiEMM/d4YdzySBjjK6f7HV7bJ4B1yOSNmdPE907vksY13EgknJOcAgc89cda5H9pCwijstBKQuDJrDHJBK4VHIIPoDj06dRkZz/ANlS/WLw/wCINPjMqFvEEm9idsQUs2VJC4y2CcHIPoK891VDiZyk2/3XK2rtJtLf5X166Jdzsnhqk+G4cqWlWN923+8ir7NJLX5PVaGp+11dveHwI65EKXuoIhLbiAwbG7oQSecnA6Eeg7n9lycReAraMhWAmvCWYbgcyA85Bx06DJIyBXm37VSrDZ+BxukIe/vWXKnJBByST1UcgnHocc5PoX7NEzw+ALfyYAfMuL0eZIVQBg2cc85b04HPJBOT10JwnnlWTTS5NJW0cmod9rWS1+XRnJi8LUjkNGMbuaqRukr395vs9Xvp5NN3PG/2wLgr410IK0eW0CUEA8bWjPPOckYHUj88V9gfs6a3ZH4J+DrRnXzI9GmJMZBDMCdoY4yDwBgnJHGMfd+Hf2qJrq58c2IuF3snh25ZFUDsrcE7gBkEgDqc4xgMD7t8CtYsNN+FnheO8laFprGZCnmom1wSBvVmBByWx0AG76nHB4mjQzvFTnJKPJZSeib5o2TSu77dNLWOjHYOtX4dwEIwvL2kXOLV2kk7O1m1rbXSy/Hxn9rGQTePdD2HcD4eUAb8kMGJ5wTjoMA5zjjGSK/QT4Nyuvwv8HI0YHmaBbDdkqRtI5zgkHBJBBK56DPFfmn+0jd+d4v0We3lSeL+wyFaGQS7SS2QWG4BlUEFScA9cnFff/wp8X6JY/C3wnBfeINLguBoVuDC95GssJBJAljwSCOuDhvY4rpy3E4f+08wk5QjDeM21rflbSb1ad3dW0T7o482y+u8my2nGE+eE4c+it8KWqte22miXa9mfB/7U6qvxkv2RgVU6GAob5uLgcnB6jdwTxypB45/SPTHI8K22VjPmaPYkjOWUfZ4s9ie3HH0GeT+Wn7Rmp2+o/FTULy0vba8gP8AZTJcQMGicwzK0hJODhcenHcHt986T8WPA0Phu3tn1q0luv7Js4XCs5IkFvGm3aqEKobvnI5PJHPPlmKw1PFZnOc0ryfI3JbN7R1u7pq9r7+em+YZfiKmCy6FOlUlyKLmlG/L8Cu7xbWnS61VktWfGX7Tbq3xc0UjaF/sfSgVzkk/aAGDH8fTr36Gv1Oik2fD+z+zGMFfCiLIMkkD7CueewJI4BJwQxPavyU/aE1GDWviTp2oWEkbWy6dpipOgYhws6F2G8LhQCe2ST1zkV+gtr8X/Cq+CG0u1bVLu4Xw2luwj02Zwbg2SRBVcLgAuvbIYjPI69OS46nB5kqkuVTtKHRt2vpfRpqy2erXa4s5y6rWWVqNNy9ly88otaOPs7Xve1rde3ex+dNrNJ/wu74f42sE8ROWGR/FeY7cDg49O/JGa/TzVWfybxGbCu820KxyDuOMdT09SMnkdMn8nba7mt/if4T1E2l5PJaayLn7KkZWaUtdM6xqpIw+BhlyG6nIwQfv+9+IHiC9SYWXgnV2WRpAUnYRso3H3xyo5zgc468V4GBr+0libxbbnJJqLe9tOm62vp+n0WZYdKGHUZJpUkrynH3dY310vot7WvvY+Ufi+N37Q+gZOAX0JTySSftEB5ONrdeg5LEDsTX6nieYaVIkUchBsWUOzHaM2+3BPAAJ2jpjJGDgYr8kPinealL8Z9Kvp9Lls76A6O8OnNIGdnSQMqtJjKbmATAPuAASa+37fxf8Wry1TyvBrwwvG8e2W+VkZfKIDkbcAFTnbg5PHJOB6WSVlCOYQcG/feii7qyW/bVWezfbe3l5xg/bPL5OcEoRineaV1Fx1Te6t917K7sfInwxkdP2g9GfG8LqevIfmGDmWbAbvzyV5HHDYxmv0k1oTLZ3MpRkMlvcBj2IED4K4444JyDx3xX5V+EbPxp/wtWyutGtbOHW11TVGgW5lzAJXlczB8N8wXJwAcHr2IP2Pd6Z8fryAvJrekW0bRyoyBwwXcr7wM89AR7EA5PJrXI8RKGHxdqM6n76bUoxTSbS6vppddLd1oVnWHpfWsDUdelStTp+7N2lzRktYpLazsnfVbefzf8ACkt/wvLQG+Y77nXkZRkt/rpDg9M4+9ycdBx1r778URSR+GdbcAqraNfEhCDhfLfIPHAOckcdsn5sV+bPgrRfFF38TrKysdaj07XYrvU4VvkB2CdXZpipxgh85LY6H0Ar6r1XwB8Ro9Kv5dR+ItzJANMvGlghi3LMEjZjGQcghhhSecAnOc5oyWvUjg8dGNCVVOpUk5pxtFyUU003qlptZ76vpeb0qbx+BqTrxg1TpcsffblaaaatG2qas9Xtd9T59/ZphZ/itKEYAnS73CMVAP79ySxIyCSODxkd/X7q+IBW38H68WMXGkXZLLNGf+WbdV3ZyPUD7owCK/Nz4ReHL3WvH1tp1p4gvdEnmt7pWuLBmSfy1dgykjorkEk84Y9MHj6q1/4HyS6XdyX3jnxLdotndSMouZQrbI5HKyKWxt4O7ORg8cZFXktetLKsVTp0XJc9SLnzRSjeK0e1313t5O2izeFFZrhalStGElCkknFyuuaL000vbRa7PQ8b/Y91GGD4meJEM6Rq/hydi80yRKM3AwAzEdxxgge3UV9s/GbUrCf4Z+MANTsXlfRXKxR3cTudrJu2orAk4OAoJIyBnjj85fgB8PtN8V+O9b0i9u9Qt4LbTLt0lsrh7eZ1huNiLJIhVmDKm7bkDqMcV9aeN/gV4T0TwT4n1SCfWLi5tdIluIRPfzPGkoxgujMAy4654JHIPSs8qWI/smvGFOLpqVVyk5Walo2kle7SXr6bu80jhv7Vw051J8zjRaSins43Td11s2npp5Hz/wDspa1p+k+I/F0l9f2tlEdMiCS3kyQLKAOFiLFSzHjgZGB8xAxX0T8X/HHhnUfh54stLXxDpM11JpbQR2cdyGkeRCMIoUENnJPAHbGeK+XP2b/CPh7xH4h8Q2+sWKaikFhFLHFIXVUbIGVCsuMdVznqeK+iPi58OfCOjfDXxZqGm6FYw3EWnb0mWNjNFJlQWR2ZsMBjk89gRjjfCPESyeq4OHsuWpe8nfS17WVna+92tvNE4yeFjnNLnVR1W6KSikoqXu8rTXvO6t5djxT9k/xX4e8J2Pi1Ne1y003z5bMwRSNiaUHcGYYDcfMMD0PIIIz658YfiF4N1nwZ4ottM1dLiWewSGNEhkO98gku+AFBPJ6AnCkYwK8l/ZF8OaBrul+K59V0mz1Ga1ntFhlukVmiDZ+6zc85G7K5JUHdwQvvfxd8PaVYfDrxi9pp1nb40vcDb20auuCMASYBBUnqOBjABzxlQw+Llk3MpQVGNOcuXVyaTSt5X1t6+h2V6+FhmyThOVTmgk9Er+6k/h22001utLniv7MfjvRvCGh+JLfU01S5lvLy2kij0qzkul2xABgzoCIyONu4n5s4AxXpXxs+KGneIvBPiK2sdI8Q26QaYYluL3TpLe2QuvLySspxxnG4ZPJGeQOI/Y4nC6F4qysYP2y2+eSJZERCQCSWViOOeMKG55PFe6/HtY2+G3jAIyMHsFL7Y0VWYLxgKowSFBwQGIIzjGaylh61TJFP2y9nGE2qfLfZ33TfXVv5tbCnjKMc8UFQanKUFKfM2nzKOiVrLS17vdW3Z8s/syeK7fQ/CWu2rWGq3zzamsqyWFv5ix4xwzBsqxbpuBAGASPmr6Sf4hyBlb/hEPEBaN1mVvs5VZFRgeqngHueuc45248N/ZE8tvDXiWOZQix6hGcYU4BA45xyeCScAgEAV9c2FvA0kgmljkC2swEUjAlQAcEEn9c9evHFepk0cVUymjy11TjJNcrim91q9Xe/S3fXbXyc7qYVZhPnw0ptSS5nJ2bah+C7La7u7HEeLdX1Txx4O1zWLfQJdLiW2t3aW5nBkfyXCMpXghgF6ZYDO3O7NddrfiLStS+GPh+C3mSG/sL/AECKX7UBFhkMfzxswAZc85PIYfhU08Kt8MfEpiRVj+ybmcNvQETN91clSVGAVBxgde56zxJ4C0bVPgtc6jciG3htvDdvfySiLa6yQQqxmRlOd4wTv5YHHTGa4MwrvCVIynL2klTT1tZpNN2a9N3fuuh6+SYLDY7D1YxXslKT92N3ZuMfe32vrfrbToztysUls4uyY2MEEqTIweJo2jGCJMbSCxzjgcfMOleAfE7RILrW1gES4/sUT5zteX5m6ZwQwz14zyQMnC/Pnhz9pW78Hpb6ZpDT+NNCyI3sNUGLmPCbdlvetuwFADopLY6fTO+Nfx30nxvqWly6C+oeEbhNIW1vjdlgA4+Z4oXUqNhzt34B6MMZwHU4twlSEElapTSbTstfdslK6Xe1lrs3fbysNwbisNiZyjOFSlOb5JJ3SUlrzecdWm9Oa3nfC8ZfEnxb4Q1dNA0G8DWLWLwSidEnSESqyPEXBx8yErnPHPGOa+XtTFhL9rWSJbW+kleeW5snx5kjuzuGROB8zAfewOABk8+mahcaEILW4v8AVS1xIytM6TFp5gV4YEDIDDBHUAY74z5letp81zeJYQNiXJhllO2RwBjIUgY7EjqPUdR8Jjs3xGOxE26klq3R5m21GXK1aydtkm1ZN6dz73C5fRwFCMI8ivZyaSjzvlj8ruys7q3zOQS8vrXV7UzlGeGImCWbCKig/KzEEh8jrjGT0GDkddd+Jr/U4fIvtbs4ohtIghUEELzzgn8yOPY1w2v2pjvbbzGbd9nJYAkknjnjsACAOOeDgcVzPlGOTcS2CSwJXHBxjGCSOvJB7DGP4vCqyq+0cZ1XJ3Slru7Rv0fXSz0+89WlVpxpWSXvpaJqyXu6bfjfptbb1HSBda5rVrY+HEkvNZhjuJoIxkhzCGlPlHghsDKruOTkCups/ir8R/C08cF1qmr6NcQSHdZ3pmaFsE7gI5lKgHBwdxGeR0FYXwHaWH4laFIjFXWedVkAAxuiZiVxjOeeu4DnH8Wf0/8AFnhXQPEa2Da5omm6oDYplri1jVyJFVSRIqqzAbh8xYkHPzV9hkPCdfP8HUxNHEuhVpzUFePuyvytNuLi01fR2d002lY+RzfjGnkOIhQqUJVKdaMZS5eX3VeKfuyTvovTzPlPwf8AtZa1Z30Vxq1ppeqlYBE8UtskAuY8dpVXAfOGyeh74wa+p/CX7U3wj1xLa38SaFqHh6dyfMu7QmW1BfjqBhV7hhxggAcDPyL8TPgv4Qttf0DT9Egn0lNYe6WcwSkwx7GZY9kZHyhTkgEjORxngcvd/s3+MrKIT+Gdfg1GLCusF0/kSgg8KC+7Oe/GCQMg8g91HLuLsonVpYJSxcaMvejTfOnpCz5HZvVq3Xz0JnnXCecUqU8fCnRlWS5JVF7N7pK8l7u+17JO5+s2nal8MPF9lMvhvxtY3jTBClu94kVyjcFUKy7RhM/OBgZU8nIrtz4LvHtreSJ7a5SOADerIUAA+VmMZZWJBC89Tk8Zyfwo1Lw98TfB8skmreH76JIQHN7p7SqFVTzJ5kTrxwCCQMnPtXc+Ef2jfiP4WMcWmeMtYs0Urix1F5Z7Ykbdqt5ykFAAVOCcjj1rop8bZrgqsaWZ5fWpSS96XLKLfK02rNLRN3XppYxfBmTY+Ptcsx1Nxl8MOaMora12nZPX+Xrqfq/qngWWYSNe6LEY5XKPOiK8eGJ+Zk259ApBAGcgDGD47qHw18OQeKFk8gRxTaYy/Z1DwFZxxmNzjdkE8ck9Sem7zTwX+3R4pt4beDxX4d0zxDag4nudOaO3mZOdzlCG3M7HOevcnNe72f7TfwO8ZXVo2oGfQr0IymPUrUJFC7YyqXKnkL0BII6NgfMR6dLjXCYmVNQrKm1JPlqpRalzLvva9/N7p6Hn1uBMTQjOapqvFxcU6dnzLS90rvXTe3ZrYwdS+DM01sH8P6w0TtGjLbzt91y3ygNnjA4OB0G7OenlvjvwD4u0DRZTeWLXLG5szJPBIZi7g4GQOfmxxxgA9eOPsLRrbw1q8j3fh/xJYXqSqs9slpqMbvEzfw7GYF9xOAoIxyeR1r+KND1SXTLqS6YyrugEUzbd0KLIMSnG5WVerHHHTocH3VnEq1Kap14VISUeeSknu11i20rJ777vZM+bnw5CliKc6mGnTqQaUVyNK6t0Xa8r2vt0d0/lTTNfayjjguIjHi1iVoLiKSBlIUAoDs2sEJORkDIGT2bdh1u1/eK+R8zMp3q0Z3RMcDg4BJHPsBtA4r6Em8LPeopnsLDUQtvEglaBG3MyrtLOAqqSc4f+E4PpnzHVPhvpvm3BuNMutNmR2Ytas0qdCSwBJAVd3AHQE4xgivRp5zT5YxqxlZQcU+llFK+j83bTTex5OI4crqrGdConed+Vq61cfdtvdWad1pt1uvD/AAxLC9vd4MbA6pdMAGAbLM3IXJz1BUHjt1rqY4baXzJHiiz+8C5ABXgcnaSPl5BIyCcck8mvZ/CHVmt57rR9VhnEt3LJFCzG3nDbjyrHjJIJKsoHdhgk1hXfhvx3oc7reWl4YwrhpEgMsartzuBU5dRjqDgcepA9XLc1wzwtOnzJuN2uayad0k2pK1mlp3s+6Pm82yLH0cVVrcs5wfK1yJp6RgttNLv59yp4us4H8QeCkiCgNJIWCNlB0B3bsA+hHRsYyadrfhTRdVaWLUNGsrxN7kzNapv43E/MBhh1JOefvYwTXO3Ooz3GseHxco4FnNIryPC8YVs8Bt33fToy4LYzXpDa1p6J/rQHTepUkSIQ5AzuycBieVILAcY7VphqGX4ueM+sUaNZSqJpzhTlHVRukmu7tdK/axjicTj8DSwLo1a9CSpSb5ZS5lJVEmpct9b6tt62ts7rwPxJ8CPBWpW91caabnSriC2lnYQuTHuVdwVUHQcZ4bj6cVwOl/BnxzDo1rqPhfWVvYJVkL2dzKIzGEYjYFdW3lsDIGOCfXNfVupyQzWF75ZhLNpk7EK2W/1QZT7gZ547cHkZyPAFwLfw5Zb9pO+cYYkN8zn5hjCkHJ3Yxkdea+XzLgbh7H4qK+qew5qcnz4eTptSvGz5db6tp2S26pJn0WWce8QZdhudYl4jlrQhy1vfTjKLdld82qX8101tY+T7hPG/hqYnXPDt9alNx+3aeJoiSDxIXiJXj74O0jdj+9kdv4X/AGiPHHhxAuleK7xghKrp+vIbmLAJBiVn2lQ20jqSMYPcj7ANxbXVpceYsUhFvOBHIschG1DjO8NlewA5VvQ4J8Al+EPhrxX4d027lgFpqN3d6g013aDyyQlw4QMgBByAAQcYYcZOTXw+a+GuKw3v5Pjak5Ri5xp1bqTs4rlUouzfTpf5n6PkvihSxNoZrg4Rg2lKpTtOKu4u7jJNpb3s20vsp6HqPg39tDxCLbVNP1rQbOG7GmSppup2Tq8H2yRGjVpLXJ35OArArtPI+XCn6G+Af7bFsz2fhv4uWMenRW7LFY+I7KICMszYQalCBiPA+UyksMHJOOD+WeufC7xH4dv9abSYL7VtN0m3W6uJ4RK8ltbsBiR40DH92xLZ6jaccKTWPpHi2Se3EOrhpoHAjju4xtcAMRtm65IzyT8wxk7WGT+R5pWznK8byYxTjWpSSlGTspKPKr3Vk20vi37O+/7LlCyXNsFGph+R069pRlBtcrtFNau8e1tr6PU/pQ0LS7G9kTxV4MurHUdOv4L94ra1mie3b7Urym5idOhd2+5tBBPoOflHxJBqH/Cd+I7O7LRXcei209xDLuVBGsqYjQnAbIIBwSRzzknHwF8E/j98RPgddC88MaoPE/ha7dftPhq/mZ40RzhzZl2Y28wGQDnGccA7RX6zfDz4rfB79o7TmOnLbWfi4WSx6vplyYrXWrORCGMR3MrXFuCC2+Mken3vl+hybjBupThiqcZWteSaUkrxSTvZtWWj7dWtDxsy4TcJTnh5vla+Fpcr+G13eybs7uyUu+w69Sw1LQNV0bU7Wyk0648DSS/YriJZYnmitSBI0bjG4dVYMSPX0/Mbxl+zDa3fhbQPF3w5lkXVdbjv0vfDk5H2e8uLeRt8lk5yIhtB/dAEZGBjIr9Z/F/gq8tLDWr+H/S7C38I3dqhj/4+oxFA3yeWBuYbQQRjJyMLkYr5n8DpDqPgP4dtbF4pX1LXYY0lVo5Ulj87KkHBGcfd9Bz6D6jF4PLc+VOTUeWT5YtWjOF0ne9rys1a22tras+cw+Kx+STkle9Plbi23GorXtsuzb623tc/IBdI13RbmXSvEFnc2U0BkdrO4UxXEZUkCWIsq7067WUlSMdCCa9B8B654g8LXMPiXwbrt7o+tWc4kBs52j+0qjbzHe26kR3EZxhuNzAZB4NfsjrfwY8CfF74c6y/irR7aLxHY+Ert9H8SWsaQX1g+mozsGkUDzwQvK8luQDwd345eM/AWrfDnSdH1J5ZbrStXjnudP161YyRKUmMZhvdoIhkBABRiGPOecCvzXOcjxmUYmXs3KpSjdwq073gk0vfSVlbROzUeqST0/R8lznC5rh4KdoVVFc1KpJatxi1yX1aeq5XHp81+qXwB/bl8M+NrSTwZ8aLa10XVrq3GmQasExo2ps48pRdc/6FcMSpLAnDBTkDr9Vap8Prux8LeKz4YMesQ6voEEegQ290lwfLWRZNkMikq6vEQVXKtgcqMED+d7TpYdUhEF5ttNQb54r4qBb3KspZScEDdknDZGGIYE19ZfA79qD4k/A2a30y7vZvEvhSWUCbR765aeS1gyoaTSrqQu0W1W3LFnGdoGBwdss4jq4VRp1pOUZWTb97fltdNdNbro7763xzPh6ji71aStNPmikvOK3267WtbfS9v1Q0ONtP+LPgqO8tmt7weBZ4HgljO5XSALMVJwCd27pkgk85Izwer+C/DHi/4pnRfEmkWmtaTfaBcRyWtzEJGQMs5Yxvy0bgjKsMAld3JHPuHwk+Lnwv+M9xpnibRJ4dS1LTrB7SW3uWig1rSmuVzJA0LEPJEGbHmAsSB1rD8TfD7VvCvxY0rxNCJLvw5qFg6LfQ5Mdrcy7glnKQpCvhiAS2MEgY6V+h5fjcFmUZRmqbvSso1HFp2WrW61TatbXrsfnmPwWLy2aUfaKUZK0oXjONmpRemuqTV030Xkfkp8Q/2VNSj07VfFfw6S81S0tPEeo2B8OqS2oWUdvKzB7R8/vUCBdqAKQqnjHFfONlcafci40fxNbmK4t5RbtcyZWe1lRihjuEfaQUYFWBB9OpyP3Q8IWyxw+I4LZWglg8f3sccqEuGE8ZyD6HJAYEED125I+OPj58FPDOs/DW+16x0aK08bR+JtVe61W3AhF9bwvuMFyi4DM29Sr/AC4JJHXA+Xz3hGEYLE5a7Td3Og25XbSfNTlfRvWyd0k9Ox9RknE0ud0ce1Je7GNZdFLlS5ovfde/fbfY8M+F3xm+Kn7Pl7p+oeENSbUPDOAz6bNcPd6PdREfMjIWYWszhQFZTtUkgDPNfrp8Lvjv8Gf2pNJs/D8l1D4d8fahYC31HTbx47a7Ey/MXsLhgguYPMI2ocFhgL15/By4sfiF8MZ7aw8SaDeaPDeRCW1s9TieSw1G1kjRxNaStlXR1OUIwMnI54rd0Z7LU9Vttb8I30/h3xBaOky2qyta+ZOhyz2lwhXynU7WVS205GAFGK+RwmZ47K6vI5VIuDScZOUUmuVNO9rXs007pduh9XicDgM1oxklCfMk1JWd78tmk7X31fxXXqz93fHHw71fwvJeXdwiX2l2WvaLBZX9uCxIhaONzIqjKkKvJBxycHByPk39teGO7h8O29vclLu+s3tmYgBAI0EkLk/dO1iQASAGyAMnnO/Z/wD259W0eSLwD8boDqOiW00ZXxCEE17AY8BDeo24XcKlVzKpztJPBxn6y+PPwO8NftJ/C1fGXw18VWP23Tra71HSDZSpNb3kzoCLa4iQtLbblOArKQMcrjNfdYTiHB47A1qNdqFd0pJLSzdot2Xfo9N7X7nw+OyHFYTEUqtJKpQdVNu7i4pWSs+jXZ2aSv1Pbf2OrPxdD8N5tBu9AvPFOqan8Fbm10e8sArW0MtyZ7eGG4U7oyzsQvABYdzX5feOPhtqXhLxT4O8NeJ9ETRfFWnXeuR61o01uomVrkzXMF3LGR85MLoImyVXIC8qa/bb/gnpY3fhLQ5tE8QXLQ3+k+DNFs7zyZN8MF4t1ukjRmBKZI3Fe+TgdBXwp/wUa8N3ejftX2fjozsLC28NWN7dWaP/AMf0c1x5JlXgBpNmMkAkAcYBr5fI8vws1Xxc48lXmlPnlrBxjKzeqW0Wn5vbU68disTCcaCcnHkhTcVJKcU6ad+ZNbPR36Xsr6P5L+EVrrk+ip4q8MwvI/hbV9ctZPD0zl4b9lMjSTwliRbTBQ5GAVyQGOBXoUOq/wBvad4y1W4ki02+1SfTJZdJlbF8r24jSTCcGaMFSodQQcYJIOW4/wDZf12z1G0+IVtZ3H2eCXVfEVxaQXBZLqAyRTum2EqGOc5DjrheoGK3PH+lvBofhqayiW38Qrp0Qh1jcRtnmv8ACNcKCA6HPIfP+P02GxLo0ozo2qResotpxlaUVdLzunFWSd/NnlzoqrOXPo01yyaatZQkm3a7T3731vvbD+ILyDxldTkmVbXw3oEW05G0PdQMCcnIK/dPpnAr+6/9n1hL+z38F3ICl/h/4ecjILN/xL4DgE+nYenTsa/gd/tXUb/X/F1r4hYXHiGystHhupolxZyxpPDtaIjIBYAHA9GxzjH97X7OhZv2dfgmxwQ3w98P4PqF02HgcAjk9PXk4wDXx3EteOJrqok4zabkrq60ikn1V3qlsrLVtM+syWnOjgKcZWaVZJO3Vqm76O+2qbbfbqz0eQKScZwCxG7JOePX+nQdKrsW67So4y3OQASQT7cHBBPA6Y5q04y4B45YE5xn3I56dD0HrnioShw3Vi3AbnoMcg9wehXGec8gBj8LUcuZJ9rNu+zS+XRLa979nf6GklZ3lZvTfta1+ut+7TW9rMgTpkEEHHA5J68EHkH1J4JyT3qygUKMLktxjPJPquc9Op4HTkEcVEik4yvJOBjgBR2zjAwB97PIzxzirKIB1bPOcA4OV4zgevTnhsYFQm9LX1a8m/vt+P8Aw92ilaUrpJXt1tbp26W2va+9iZS+eATxgEDOcZyBz06dAMfKM9MWlHHTpyQeh9SRk5/M9cZqONdpwDn0yckBuRknAyB/DnoAfSrKgf3VweCB6Dv05ycZHAAxyeh6aUW7LW7vfptbqrpLqvx3sRKCcdNJNL+XRuKv5/nq3y2Y8ZIxjhcAjHc9j3JB47kc5AAJEihzkEqcY54BHUkehJ7kcjHc4puAMjOCOhBPUDGO4xnkH2z1PD1JJIzgfeGeSckZHXgc9ep64xzWt+npulfZN/PV3S7arVIwso3V7tW21T0S/TS17vTsNZWIYYyMHjAPXsMY4IGdwwQckZ5xXdHxkjpuBxg7VGcn5eMd/Tp0yMXQmTtzgDG3J755PseuF6Z7g9X7ADjPByAQcYB7gAZIY4PJGDUylo76tcunba2z2v8ALpr1ly1ta91ou6suy1310W22uuOyY6HGeDjGefToTkZx+JqrIpPODyMEZwQeMtkEZOD0PqenUbTQZYE4IPQf3QPugEZ6jp1xyR0AphtufmC7NxJO0E4bufQdckHLcnpUJv3dpaXS1tJ+6nr1u23fddjWM3G1uq10TdtNFfTSzt366IwvLyCQNwGcAjG0ccjk42kEkNkY4zjNNMRBI2853YBJ9Bk8AdDzxgcZxjjde3AyADycjBzgHHOO3sD6VG0P8JUAHAY9Ac9t3Q5yBjg+/GatN2S2dktvSz23s1e7XpcuMm73d27WV9W04qz66q2t7K0mlfVZXkgkHaFAz35ySCOMc5GADxyRnJqQRHaGJzliwYDkcZzuPB6HPYe/NX/JUZGAec8DB45H/wBcj1xz0p5iUeuTggDgfn64GR7AHHTMtXu73W177PTo9LO7e9l3GmlqrduqV3a+jVrttW630TdrvNKHI3RsTjHpuwp6YJA4xkEgetPEGVIVepJ5+7gnjAIPYc9NvfPO7REILcZPVsHoMZB7dTg9+OgwSTT1iHAOV56gYxnofxyDjH0PNXHl67+69dI293drZ7tfPuJS0SSetra6vm5W35Su/XTdJmcISMlUGOQWzwO20Y78ZAAGOhGAVp6Qkc4XsRnIwTgD5hzu5z1zkYOM1o+UMZxnGcY/nz15GCOf0xTlhVQCeoPOQCcZB46Db9ewzjdxTdmr9OrsrNWVtLJ6a68sb76kzmtI2bUrXa0ttZ3WqcbK1tGm0ZwiIwMcZ5xgewIPU4wFPPOeeMCrCwA4whIJ44/UEc8Dk9KvmIBWGMnPAPrxjPHY+/8AXE8aBUBOMDHAGACTx0744Ixzz25p7J21bXW7WttbdL2fnG+vW8XfVdV320Svdt36rdav3ralBYAoHTk4OOp9iMc84PQYwOO9SCI55HTdkZHYfxZwQQDxgDIIPStPyxggLlV2k8ewJPPc475PP0pxhUnqQB82M47dQoy2Oi5H3vp1cX216rqm99X1391fcRzO6s1e2uye0dbbX2Sfd283liPJBKk5BXGcqePyzzn6++af5e0nkAMAF68g4+bIGcdOAV5PQ81oCNSACBgEE/iM8gknjkc8c5x2pxiGAMjGFG4DI+XoB6DAz1O4A8Ecilo3ayduz0ulvo9eyvsr97TzProopXT00TT0vt1t3WtyisbZ2nlgNoO3v1+YZOSMfeIA7Z64lKsMkBWOBnAwcZHYgsAORnOQTnPJq0IcYbIJIx8pwQSOSDnOOuQM8nJ9acIxtYhtuepLEkgdc8/xbcAHHHPQ4qrpap3Wi6W03t30teyfS3k1JO2vvb9e67Lrt6aWerICCTwp4ILMT07Y5BAOO/B4z0GKCNoJCHHXPbJbB9wCfXHPHbLSZTaWJyGYfMTwQflxnkjPQcckHscGRjk4AB5wcYPQAdz64x+eM9aX4dPRW363vf7tSZaaK9tV3vpHezd7WWi000K6/fA6nAIboM5wVPGM46euTgdasYDEZBGBnHcrkkZOOOvTGM9fumiNWBBkU5+YZ4HXCgEY+pwOcE5z1qULkZGc9BnkDjjB75B68/XOapW6u6Wum722WnTrZ9L3uiL3s1GzaW/Ta9/m9tNmQYywHzYXPscnqN3XJB6DHP1IprBsqwHrxuHHOTk+mQcgn1Hfi2sYYANx95iW5/hzgjjIPPJ4P3jlQcKY1IKqd3AHGSByTgZ+rDPBzxg9mt9r6bXstOW+z6adb/O4Pb4rvt1teO1k+7u1a1yoBjAAyVBUnO1uTnp2yP4cjjjPqoAHzHg5wPTBzjJ+v3QcY+XHcGZgAFUgk5OB1B+7uycZyx/vEYwSOuKhKjAIyy5I6Hgc5OeM5J5PH93IHA0aSSb3Wt3e97K3e60213bv3hNvRX220do6a2tro7aPXW6WiUakAdC24kHIJXIzwx5JJ6Dg9+uBSbRkALkAgbeuTgk8kckH078895CRkMN/IAwDxnP93p14zkD1HB3NUZbdk9SeAO38PTnvyevTg5rKWrb7vz02Vn6ct/Jt662NacFZdml3393Tyunsuuq84iCpGOFbcTjJ+g4AwBjgA9fcin5bK5AORgYOcBs5Oc4H+6cdgeRkqRwSQACxGPT0OOcZ6Y5OAPUYCcDILE4PHUAfiOFJwT6ck0lJJ6pPVKztrs/Xrr/kXaK73utL3V043W9r636K69LIGYBegILBuxOPu54yRjocjoR82DSGTaG745OCc54PUeg5I9OehJqNtq5IbIJ3KP8AbwxPTJ5IOfQDA5BprBtvOdpySflxySQDyufTJHbHfh7q+t0tkr6JLdff0fyuUtGvhs07ed7fftbpZWs3oyUMGDZOMAEZ5wWweT0VvUc5BHZqcQCVJwV4Cg4GB1PflQc4BJPXqCRUIUjsPmTnPVsAHPBz1xjPHTOTjMqsFUD5Rk+oOSBjdtHPbGAQTj3pNW6beT6vV7X69l0HJ9VrqtE/NaK2vR6X8ndbRPGWbksuCM4wc7s7c9AMHGME49AcgR+Uw4A3DnoeC2eMgnrjtkjIxwOas78Z6YJIGeDu+6MA9dwBJ5wDx04CFwpJY5yG25HIwenTk45JOQegOTSv+nRrql169f8AgGcE53vF6/Fum9I395abJaKyd1fUhC4G4/xfeXHPBGcHnGSMHHXjPPWUKxySAFwOODwRx26H8+3pTs5BZQcHoG+91PqDjAAIP06Z4ApABXjjDYySQDjJBYjGB04zg4AoSb1Vtr6tve1+utl593p10jHlfxtXtu27fDbV36t9k2l2IipGAqhWJwOnXj0xzjPXJ75XbkoE2qpOWJHUDBIyOcdOOeOgHQnIqxhcHGQQSSuOSTnOT2VcDoMjufmFAIwAeQrBRknvnIY54zgAnrkCi7il7qaStbT7+r++9uitqEoSsrbq2t9XdJ2v1Tat7u7u7q1inycAgnBJ5ySDk9M88kc98EdakAOFzjluM4747dcepPrx7S7R2GAWLYORnPTnHAOevJ+hFOfBXy+Nwx945XOeOPoOB90g8c0RnJ62e6u/L71zd7dba+eLTs7Wu9V1ts76a8vzfW2pScBfQ+o56ZI64xjpgfTngComVQRwMg7uuSSeNvOBkZPoMkdatOoIw3UZAHHUA4IPHHcgAjGDkmmYBJyuO/oOOpz0OcDpwOmOcs1bR3V7fDuumt9F563WvS6Sa5mmr2iu9vLa79OxUUHDArjA3A5DZOTxjkD0JGOMgdAS07iN23B6ZwMHb0OOnA5weOOMAVaABBAB5/EngDAxyMkg/X9I8fcQ4wQSBnOAwJz2wQc885AHHcaw0Svay3822kr637q9+/q1fVtfFo7auyio697ffu9blcg9c4yCQR0Cng5wenBz/TGCp4ycgHvgcjoQT0zntz+HAzN8oGOoOVbB6enHO4nuODnqcAUmFAwcADkbeo6554J4OecYwOxJpprv6aPy76u91r/wWXKSeiS0Sd9HbXbt2XRO22pTYscMPuggnn0JxnaTgkDuBkHjioc7toH3WGR6Ad/YgZ3E8dcHBGaukBgDwG65G4+uRuH3QcE45wOPSo5EAJOBxnPI44OORxgk5wBggDHUECatutLLffbySbt5K22hN913tdXVna1tbqyWuz6WtbesSFc7R1CnhgRgAAZO3jJJx+Q4ANLEGWTGCcAjrwSSD2LAkZwMt0JAGBwhUr05fBIVeR75JHTHTPv1PFSQtjHXJ3EjOSc9cewPfjvz0otfrvr/AOk66JWaWi9fVE9ey010v083o7+TWt7dPO/j4yr8Cfi4G4H/AAgmuEgAEYNlL9BgnOT1zkjIr+Gq7tdP1a1+Jj3Njb3cFjBZKUnjXZHyHLrkj584OSc7Tk9SR/cd+0NKIvgB8Xm+8V8D6sMkjgtaTAlc9SBkds45OMY/h1uYdukfEm5RMRMBHcqF4cpau6ZBzkZUDAwOo285b2Mmp81WvaPPywi7bJ3atezaSbTbvqk0tVolL+EoKT/iKTbduaMeVtp22t002Z+c194g0/wbrFt4t+yQXa6H4mj1eG2CAi6GnzrNFblkUkZZAnAJwcYHBr9b/wBmv9ln4wft9eLrL9pX9rBb7R/hRpJhn+GfwvUvb2upWloN1vPd2bkf6G4Rd7OhM3/AgD+NmnfadX8VeGbCSIPp03jTRoJYJowY5UuNZt45InBGCrozKwIOVyO+K/uX0Oyt9L8FeEdNsIIrS1tfDenW8MFtGIYY4YdNVRFHGgCoqg9AMkHnNOTkvaUkk/ebclZO6lFOKasndq2qduZ630NK8ozlSqRm3aKjyu6TTlFNttu92763bas3pY5TRbDTdF0HSPD+iada6Xpmm3NhBp1hZRR2trZ2iIFSKKFAEVV2rlwMk/MSepteJtNvJbbTPssRu7mbxVHGETBKl8KRkHIH1IA9ia1reK2H2ZSp3D7DHuGCzPJIp46/dHTGSeMZrd8W+I/B/wAK/C1/498d6xp3h/wr4a1ttR1TV9RnSKC1hjUY2q7FpZ2YgRRJudmIA46W6lqd0tIr3Xrpttol5PXvdHIrqonfld01d+SuuWy956LWz0crbNfBf7VXwBtP+FM/tAfE/wASysfE0VnZ6b4dkTKXWn2toUSRWnP3kckkIMZXoxGQf5lpvCmoJ4Z8fX9r4q1q0kSxmleG1mVYLp2dD+/GPmAyMDOOckcZH9J37Qv7WHh/9oP9iL48fEHwxp8+leCYfE0+ieGtZvFaOXxHZ2dysM2pxxffiidiGjU5+XnpX841r4m0Z/A3jyM3o82XTpTErRyZZAOCPkUHcegDDg8k5OPveAFQq4PMalWcE4TmkpSUZXjRjro4t9klultrY+P4yliVisFGPNL3IXUYqaS5lZNN8qto76d0+2bpPwsur3wn4fvb7x54vkS60u0uXtv7QdYY3K52RDaCEUdOp689M+c/Fv4c6To/gXXdRi1fXrqeKKN1FxqEksJZiM7oyACDgHsPQnivobwl4q8Onwh4bElxcM6aDaK6LbTMBJtZcA7SOmCMHv1615n8ZdYtbv4e+IorSx1SYmGOMSPaMkIO9R8zsflA77hgevJx+mVqWULKKs4Km6jwTesm37RU4u6TbXm7apX0XT4GlUzOWY06b540niYq/LGK5FUirX5dVa6u369DE8C/DHw5qXhPQL67k1KaS70u1mlDX8wiEjJnCRq4VVIPTuMcjANdLd/DTwjYWF7NFpiuyWk0oeaeeQ71jc5++pxk5PfAPUkVofDzW54fCPh+BfDusTiLR7ICWOFBbylUILxktgqCcZ4H/AeR0Wra5eTWOoRJ4a1Bd2n3G5pXRAgMTZZwW6gZ4HXpjPTrw39jLLaDlRpSrfU4vm9lKTcnS01UXZp9U73ur63XlYqGaTzKratUjTWKtFe2SXKppWUXJdFppfS7adz5++Dngvwnq/hi6u7/AEi0uZ11y+SOeYSMyokrbEGCAoHHVWIzySBXtVv8PPCADeRoWnFuCpNuWHUnozEdc5zjPPqM+a/A29vbPwncpaaFNqMZ1m/bzTNHHGjGZt6MDjO04XdgZzxkHB9hfX/EIdEh8O20W87Mz6gifKQR8wyeecemO525qcneXvLcI3h4Ofsvef1e7k02ruXLrey1+99qzOnmEsfXhCvOMPaq16y5Yq0G7LmfnZaXb+/5x+F2g6LJ42+JUMumWM6WespBBHJaq6xKNuViUgqigEZIxwc9lNe8ReHtEVWZdG05F+Zt32SFWz1BKsnzZxgAn8CVrxH4TXOvQ+OvipJa2GmSPNriPcC4vYo0iZwvyxuwxJyOAuR2zyCPoGTVPESbw9noERIYgnUIm6dyo65x2A46dc0ZNPBQwMZSw95+3xN37BNXVeVldq2kUlZdHYnN6ePeMtGslH2NBJe1atejSbdl5692n53Xztq9pYwfHLSoBaW4U+HiQi20YUFtxJKBSOMfex/dJI4r360ht1CeXbwEdSxgjXDFmBGAh6EkY5C5+hHzp4nv9Wj+Nen3kt3pVrdjw/kTRos9nHFlsq+MAv2JyeCCSCDXqCeJNXijCf8ACR6TvJDHy9LLYycgqQ2cKG+73HT5ehluIpKeY3opXx0+W3s00nGn0bVn5ctl0fZ5hh69SlgOasrxwdNSvKpq+e7atFq6to730tpusP40qkNv4MIAyfFNooSONUGTKh+baPmIIIA6Y5PTFe62sbq0bgBNyDeQmPmwCFA6YKnOeM4BGTgD5J+MGtXt7Y+GDLr8dy0OvW7r5GnNALZ9yDziST5jDqFXqMdMk16Lb6yfIYTeN9XkKRxl/Ls3TDFV3cgYwMcAjknjpzOGxKWaZjKNG6dPCaOdNW9y13dru9UnZO73s6r4RvLMvjKrflniXdRnJyblC6XuvRWs797X76Hx9iI+GfiAlpORajJBCZadVPyj36ZxkYzgKprs/CUT/wDCI+F2bOf7G09hmTaCPKUYxkcAADBHPODgV4b8WDY3Hw01uRNd1y/Z2s1xclltgPPUliCoHQjap/iz/DW54Ys9ATQdIV9a8VzOdLst6RXkgijZo1YrGgjICgEkDOGAwO4G1PGThnFdOhGSlgaLSdSKsvay6q/pvpfpoYzwkHllD99JKGKqa+zk7uVOlpy6SW6a3Wt9tvVdTic2OrmQMwNhfbFMqnaPJc7uG5AGTnBPIHyk15V8Ab2CDwTHG00IH9q6k5D3CI/Fy+CAzDhTkj09TU+pWWgpYak6P4pkkFjeFWluZfKJELY35z8gP3hg8Kc15x8GNP06XwjHJL4du9Tke/vlkkWSTy1PnMyY2sAMg5bJ9duAMUnj6yzrBXpQio4fE8qcuZWcqV7+42rJK2jtpqtCJ4KnLJsXF1KlpYnDtvljHlSUrJJzXuu9rX16bH1qms6aFxLqNohLgfNdxnA3A/3uPXn1GAK+cfg5rekad8TPinLfala28MtywgZ5tqSAOVzGVJBJxkkdRXZwaNFLODb+A0dVkjG24llI2hhgsxcdO4yCcDOM4ryf4d6ROfHnxHjh8L2M8kd0qNaS/OtnuyTsBBJXqANwzjnPUdWOxlari8sUadNNYmpype0cW/YPuovq72T3+Rw4DB4aGGzH95Jr6vBzbdNKKVWldpqTtfSyfflVrH1xc+OPBoEaf27YDEXzbZmY4Bzjhe4IGeTngA186+MPFPh+6+Nvg+6i1S0a0g0u4WSVWbarFl46ZJwf7pIJwDmu7k8Oa86kw+GNHt2CZyLdSQNvLEsSCfUHpyMZyK8T1vQ9fi+NXgmDyNNW6lsZ/LiNuotwABnevRmHU5wOOoBFTmdfGSp0FKlG0sZhYq1Oorr2kUlZtWV+l9WbZVQwKliFCs7wwtZyXtYO0VDtGN1o2+vRdT6UPjHwomX/ALURgGYnyklflSR3UEgj5SAc9RuPWvD/AI4+LNEv/C+nJp9xPPIPEWnShVtpVUokgyQxUZkIUqvLHPUZNe5L4V8SuuHn0u2yrnbHZxMByOB8vUcgHILZLDOefD/jx4c1Wz8I6M13qcUyN4r0yJFggii2tI+FJYKN3sPu/KRjPNGarFLA4hyhaPJFO0Nebmgo6uT6u+q76aWeWUPL3mGHVOXPKUpbz5krJ3fwRtJpapO19LtaL0ux8YWz2Vqg0jxBMDaQjctqApIiQE/MQcEDPPGOwOMYfjXxXHc+EPEdv/wj+toraRcgySxhUjUj7zsCBhRg4IxyeO9dFp/gbWrqytC+v3eWtoi4VAAqtEDjjnnGRxx3+bGMbxp4Ca18H+Jbi41jUbgwaPdMVZnCMVXB3DcdwPTBHTrkGumrHGSwdZ3lZ4Wd21FX9xapNu+tk2tuncxpTy1Yyn8PMsTBpKc21LnjZp6ap66XV93vbI+FOu67D4C8NQ2PhyC4hS2Yrd3F+kHmLvOC0Z7D+LA6nkEACu9Ov+KriUq+jaLCoBwH1VD8zKwK4wNuBnI69eOgrhPhV4CsNS8AeFrqa7vy9xY58pJ3VFG9g21Q2BjaOAMHOWHp6fH8NdFTa0j3chVmzmeQHCqdpPI7kHgZPchqvL6GLlgcF71RL6tS2nTs0oRdkvZ3Uequ9Nrtk47F4KGOxEWqbmsTNP3Jt350o6+0380mrpPa9/Bvhzrev27+L44l8Pwxf8JXe+Y11eICXYAMEUjlAcfP836ZHos3iLXQoMmteGrZCzKGV1k7gENtODwCQepx6nA5b4UeBtC1i78dfabUzi18T3CRAuwwNwAG0MDkYOWbALdQWII9qf4a+HRE4GkwhgGwGVnLnAwCCxC7cAdcc55ycYZRhsVWy+lKFSUU514r99JPSq1tFLsnu9urKznG4PD46rF0ryUKEpWpRd70qckruTdrXT0Vte58z6hrM6/Evzz4k0+OZdCjVr22tfNtyGZv3OwnBYrz35Ix6nul14iZP+K7lVSoLRQWLZBb5gAMFQQM4HPsBiqc/hvTrX42waabSBbU+FIn+ziJfLLBmG4qcjqNoLDkc5z096tvC+jo0bJp9oZMAkC3jPKjgElSffHuDTyrBVqv13978ONqxTc6qTa5b35ZpvXTa71v2JzXNcPhpYJ+xup4SjUsoUnyqSvy6wk1a+yatfTVI+TPiNd2M974IuZPF2oXnl68MNJalVt1LLmWPOFYjgE89dvBwT6c99oLPMo8X+IZ2cD5Vt2XJGMkNswevX/ayM5JqP49abaWk3wzhgt7aISeKogwSBU3KzRDBAXBGQRknHOe+K9ifTrNOlrAcRRlT9njAQ+5APY5yCemQa6MJgG8fmlFTi3TeGblzVdZOkno+dd9U7vfW1wxWZ0ll+W1uSTjVWI5UlTTSVSKTa9ltu9HG+uh87+Nk0WTwtrLR6n4ouZYreLEc7P9nkYtxvwuFAHXgDLcd60dBh0k6VYNFpfim9Mlhbu7+ZIIXcxIx2YG0JkkDAPYZOPm774pwCHwB4lkWONAtnC25IlQ8nHUEY9/fI4ZuN7wbEJ/C2hEFh/xJrU7QODujU88jGenfvmiGXqecTozcW3g4zUuXmSXtLJWlJ921bX7zKeaxhlUaqpy/wB6lTcXLlt+7hL7KXZaa+u7PNXtbORJRH4Q1iQGGUxtO0gwwjcAswccDnJI46deK474ZaVqk3hwz2PhDS9Q/wCJhqim8vHfzQ63LjZtzj5OVbgEYOc8mvqW4tx9kmUjay2dyxzxgeQ3YEDdk/19a8q+BUgHgUljGduv64QhyScXsvPGSO4xyeSMnBrStl1KGaYKnzqKlhcVJ8sIp6Sw70306d1r0bMqOaVJZXjK0Y2ticPFKUptJyjO+qd00orTZPR9ijDpvi1GwvhPw3aAMoyEVyMnOGDcHn24GB6Y8n0Cy8VXfxK8aW1kmlWl/FbW0kzfZY2gRVAG2JSpwSAMkAnGc5yK+yCI5P30iqFLICoBJJGeeoPPGeMZ49j86+C2ib4y/Ec5JjW0teMnIO0DsMjnO4DJOOMkiuTM8DTp4jLFGUvexdpaRTlFQd1dL181r5M3yzH1q2FzGU4xTp4ZOF02mlOm7tNu9t9r3aTS3Oht/Cnj2Sbc2saZDHImAYrKElS3LYAXjpknnkZByDjzTxp4f8T2HjXwFbz6utxfXTXItbiGBI1hb5hhlAwwOCfrgZyRX1palRCrgIOe64yBkA9eM98YIHcV4t8TBCPiT8KjlFVpLjdtJ5JdsHgHAIyfu9QCemB0ZpgqMMGpLnv7bDre+kqsE7bWuvmm9H1OLKMwxNfGyhLlajQryTUYrWMOuiurLW+r8nssngrxlLCEvPEVyW3spCIvJye4C/3s9OQoHUZrhPH/AIC13TfCGr3V1r1/cxQxwSfZt7LESZ0ChvmKlQCCQRjIGSOCPrSZLREHzKzNK+GDEkDAzuLZ65zk4ycgZ4x5j8XArfD7xAiDcxhtcsCcBftMXGB1xj0Ayu4gEbTrjMDh44PEN3lL2D3be6joumvS3Q58HmuLeYYaDa5XXirKKVryimnbvvqtFpZKxz/hn4d6nNpelTT69qLrNYQzoElcCMyRg+UPm4AHG5clu/TA/YL/AIJEaadN+NXxF0FLi6ka/wDA98JWZzukLQNE24k84DYAzgY5Hc/nP4OaE+H9CQk+YNLs968kOTCOnIxzkqQQPoOn6cf8EmhAP2pfE9uWIE3w/wBScZOCfKdcAgnHQjOT1G7vXw3HWHpUuE69SEE5cuHbcmus6ad2+z/HXZH3PCGKrVeJIQqPRyrJJJXbUZacyV7cqSburpXWp+K37UnwsfSPj98U7ay8Pwy29t4+1oJPazG0vDvnZy5dGAZgc4JBGcgnoD84X0XinR9e0j+zr/U7KQxXrQweIEN7ZiNBho1uMKAOQFPUAL1B5/TX9rx4oP2lPjDDHGAq+PdUEYUgbtzdSO5PJ54P0Br5O1tY28SeG1niWaKSDUN6vGrAYI7cjrkkdflPXFfS5Tl8J5HleIp1Z0pyw+DlJ03aLlJUl8Ss203d3utL2WqPn8zzOpTznH4erThUhCtiFaS5rqLvbleltNUmrvTzPLrL4ma3pConiLwx9oiAJa+0KY3UbkE/vjDhdnYsMHHH3jnHS6B468Mat4wM8N/FbD+xlXZfj7LMZWBLRlJcDcCcHLEcYzgnPobeHNCvSriFInYKp8klSCx5xGG2dcDIHt0znzDXfhtot549ntb2zF3F/wAI/FOuV8maN2BIZHTbtYFQQT1I5HNe1KpmWDrYSDxFPFUpV6agquk3ZRdnKKT7bpK1nfZLy4PLcXDETdKWGqRpy5pUruLTcb2U7rXspaa7aX9P8yC94hWGVWjBV1kSXYpySQQWGGwT0xg8Dg1w9x4R8Nat4g1iDVtFsb1G061OXtkQlmkIZ1kQq24HAODnGcEkc8O3ww1rR/MufCvifWtMYElbW6ke6tDkk7SjEgg/7xwCSAOAMgeMviT4c1fUV1XQbbxIsFnbJO2nMIZPKZjsl8snJY5JYA5yCvJya2x+MpVJUo4/BJJ1LuSgqtOS9bc2lrWell2McFhKsfazwGMUv3eilL2c1rB7t942+JryV2d0/gLUNAnjuPh/4u8Q+FZlHmLbR3ctxp4OSAGtZd67G6EA8jscA16H4A/aM+Ovwx8W3V/qfhHQfiNb2FhBbyS2wGnX72+7iYAFi02cliTyxB6EV5jpnxq8KXrrFrH9oaFchdhi1C2kjiVxgOpmKlSoOefYknOM954f1TS9T1jVrvTb60vYpbS1CPazK2QWDAKM54yM8ZA6ZPFeFjsgyDM1COGrOhKUkpqlPlV0ouzoz26KySTd97aduFzfOMBObxNF14xjdSqRu2k4xdqkfed9ftNaabn3F4O/bt+BHiu+s4vHFl4p+GfiKHcFj1CCU6Ws/lnMhvCrIVLnA+QBhyQMZHq/gSPwd468MS3Ph7xno2p3Nz4hvLpbqx1G3LyRSSM6efAWRw5VhltpyCQRnBr84NS0DS9UVY9QsbK8VwAzzxRyPtYHKr8md2DyM4I75wK840r4NWl9Z6je+FvFHiHwZrNlqk0Nrc6XfTRQIwG9SbdGCEDJ7ZHXBA3V8ljuBcbTqwjhKlPFxabhCSjSk17r1+y5Po1o/Lr9Vl3GGEnSqe3oOhJcvPKD503okntNJNap81tLmr/wUl0uey+KngeGYxux8LtGJFPyyeXO4DlsAHIXuc898c+AfCJJR4Pvw6ZUX4XBJPUkEc4+Ug8Aj+8S2RmuU+O2ufFDw9r+gQ/FbWT8RLaCwlt9G1GV8X8NohKqskoXO4ABiGBJx24z1nwY8WeB73Sr3Rn1ZtPv57uK5FjqC+Xtjcg5jmAI4yRk8AAcHnPwVShiMuzKrhsVRlR9nJxdOenJrFp26pva2jSdkffUcRhsdgaeIotTVSEWpRXom9VffTW7Wt7H3N+xhDu8Y6QHOA3ji4UHjAA098DuOABt7EHPTr9w/tK2ty/iPwfEpG2K21tlO0HK+TL/AAk8YB9gMgAcnHyP+yXpv2DxroaWNvFrU3/CZ3d5Bp+lTrc3VxbNprKHEa9SWAB5OB1yOT9l/tDyyT+JvCqXMM+mXa6PrN01hdoUmhO2UeWy8ncAcH8R1JrenNc0krO7ersm7Wta+jSte3R6Ntq5CguVNXT3t1a5lZX/ABa67q/T8xfDDo/hz4pW6JIlyzrbxnkbvMuQCAMYwW5GOexOOBzyteaJ4s8M6tYQtPOl1YaTeWpYZkzYN5jODnJAyB97npzXomg6e39h+Om+zkOLm1nkmU7W+a/jcA8kcISMcZIBPGRXJeJbGXSvFuiXxV2t0120mlWN/vpJp7MEKgYLFeh6DJDHsBzajHlttpKzVnePxJvtdN319bmij73Neysk2k1p7vvNbJptp+eidrX6m0tXl0LVNTVVS0j8XWsjhSWaF0uUcoQBg9OSTnnA+7z1+rzlNG8a6nauTd2epJNAeFI+06fI2cZO3rwMDjjGa8l0jxKLnRPEGnpIYrC68Q/bdsrlZIkhvFiKDIbIJJPB5UHgA17PGLVtH+I0Mq+bC1hpc0DjBXzJLUIGC4HbIz0I9QK2TvGzaUmk2nqrrkd1p031Wnnus5N81k9G0r62TvFp3WqSdndq3XR6PxfwFPJPqehS3JKXU3hm/knJb5suepwAcsCTnIAIye61p6oJNL8a+Dxc+d9mm1TRJ1eRSqOjIVYITyAC5HI5J6g9c3w9azaT4pvPtJMcen+GEe1LqSgWcDBUZ6FeCBnIIHPONvxzrz+IZvAd9EkappzxWSlQI/OmtbqNOmMsQDtUgDCjPTpLbmkm1GCaT2vvGyb2vort6vpvc0h7ru42m9XdK/wq+nbS909L33R6X8SWsLbwX48tbZPLW58U6VLIhz5kjId2VODg8Eeuc9c1zvwsuo21DX9MZTBaX/h7WC8e5d822FAcLwcj15PGSK0vGFlN4g8L+J5oCIprfxVpEczM+fll2gZUYzgcBs+3AyBmTaO+heNtC+yKYbO78Ma/DdTh8CSYWvzGNV4JY9sgKARljkmkrScYtcqV7bNpJJ2222e1+yKmk4qT3vFJK/8AdbbXbX0WlrJF7SxpVtB4qhsC6Wi+BdP8xXUuplV33AZ7ZH045zwRAEsrHxf8Plj227XGhWzEwpjeiwzAk4A+bJK8jkZGeBWV4QltbnRPFMlnMSE8J2ENwshGHcTyBlBxnaGXr3GMjqam1mSS08deAJWTy1tvD0EmNpdCBbyksoJ27OQc+x6HiuabTi7NpPVK+2l+u6urJ6Lz0TOiKcLKVr2lZPVaySbWy2fyutr2fe+G7Owh8L+FZTbQ3bnxVrUlqjQPLI115jPDG0aIS6s/ysBnAP3DX6S+FP2wPjXpHhzwb4Xh/Zk+FHiGTQNIuLPSdWl0a0mvCEWQLJeRSrGzTMjBpGlORheDjFfnV4VHiDU/CHgW20HV7HQJ38XXEja9dzRWcelNd3MiJdTTyoyRRRbd5bDLkHjJ5+l9P+GWm6L8RZLX4p/Hbxr48srTRrfWLy48B3UBsZjOkjXFtFe28iiRsKiBgilioyDtr8R8Q55ZWxmDpZlTpVnShWrUqdSONnOydOM3BYadOOqko3qVIrblP0LhqliZYeXsKbcXKEZSU6KipXTV1UUm1ZXThbbdHg/iC/8AG/iDWdRvNc0OLSLvV7+/vbiyhdEsdOE0zO0djbKSILeMsVRBxwQM4wOJ1Kw8QrrupS6NfxSXdrp8MNzGYFkMkcgAYncRhQoGSOQO2MqfTb+bTLKWSTQbLX0sL+LU202XxIzNeT6b5zpau25jiRSNxJxnOTgZBX4WaAvi34k6lpOt6jZ6Npo0dLm+vbm8SyglEG2T7KZ8NtMiHAOBuKggnJNelDMKOHyZYv2cvYUMNFqC5/4cYR5VaUm00rL3pu73vc5nQlLHyw8ZqM51FG6vaM3yvm5lyrto16LWx4vJqni/w5raeINO8PzHVoRaxQ6pFDJFbBgR8mABFIkjDaykMh6Y+bNfdXij9pj9vr4yfCfwfY+JvB+mSfDLw6yf2XrD+HEt7HU4tNyoE88YYT+SiDewC5IIJ+aul0bSPh14z8UfFTw0ml+LdT0DRtCVPB82nGOa0h11LIBZRMoR7iATAlJNp4IPAPHD2/xM+J3hj4N+BPAWieNte0CyiXxJZS6JcSW+tXd3NcTTRsVtCB9jgfBRPmZtwYdRkfnec5rlub1MFVoZPl2Kx2HxNBqWPp1JPDYevQq1pTUqLdSMoqlZxcWld3s9/pMuw+Mwin7fFVoUJRn/AApU4uVROMbe+tYyuneLT3s7nkcc/wC0h8R/EX9u2GhaRfXmmeHbqxWTTLN4ILfRpNwntwGZVVXUlWLfKwJBbn5aXjP4s/EC2h0XwX4u+G3g/wAPx6Po0VpaW3h3T4LS+niE5k+36tcQPM0krvud2ZgSeD8uaveG/iF480/VdRsb/wCJus6Lp8lrYaBdMmliOG6s7ycRXonmt1KxyQgsvlhzIHxzxx6l8Q/2dRdeH9T+I3w18T+BJ9N3ab4f/s/U/Est74p1u+mEfm3C2VygNojOdxQPiNSOCK9fJ8ZhsBnGDp4+llmFhUpqOFnhaOKhJTfJBU5TnyRsnO3J7OVtbtHJmVKpisDWeH9vVkneoqrpyXLZNtQ5bv4Xdp3vpdvb4d1861r3iQXWiXmnadeWzQyJNdSoIpHYKEt/mXDqj5IUZJxgjPNdn4X+Cnxu8Y6Y9rc+OdN03TtT1sIIXuGtrRbktvZ5TJEqRQYzl8gAD8a9X8FaXonwr8WN4q+Inhvwr4n0/wAOi2hk8K310Dcz6szKyeRFEHedw5Xyl67ugOa9Z13/AIXJ+0Zr8Op3ngjxV4S+Ht9b3P8AY/gLwFpB0m5mtYFMVvqNxeGNJTEqYaacKRwTxXvcRZ5WwWLjFRwtDBKkqksbiZw5ZTtGXsaFGT9pVnGKTk1aMdG3ZaeJlWXRqUvaSnVqVnLl9hC8bRaSU5z5XGNpbp669NT8vfGuieJbXx3rnhSS4uPEN5oU72F3f6Ql3f2dxbWpzcSQTozxtHFgjfnZzwD90djF8Ofihe32i6dY+CviRPaeJNMkuvDUc13qNpp+ox2akzmwjlnjgkjUBmdYxjORgE8frgPhh4//AGbtT/4R5/C/hLQvC/iX4fWWn6lqHiGwj8SeLrJfElzEkOpRh1E1xch5xudcFRncQcNXpPgf4K/GH4mfDqyTVfFOs6v4X+GmmeJfDGg6/beEPJvNHnu5JLuN9JuYpY2EksYRAzMWhBK4IAJ+cfHeXr2LjDBzw8lTlGvNyalKSbdoU6cowl7qaXO21Ky0uek8lrwjKU6lSDU3HkukkpODiuZ2b5k3FWstOnX8ELnQNahXTTqWhapoV1HqN1bTxaqkpuH8i4aOVonlZmeNJAVO1iuRgdON7SfFHhPwTLqkOt2Sa3r0t/aXGiw3V+thAZYDuEUnmQSpIspGwISBkjOOK+iPiz4P8Q+E9R8P+EvGmoavqOs6Kl0yprVqbfU4bS6la4tZZ0AzL567ZDIxc9R3wcX4WfClfit4l8YW+sfCfW/iVoeieHV1S5tPC032XVrFfPjjGoCZQzxw28jCWQjnjA71+nxzPC4jIaeLk39XnSjJyoy5U0rcrg7rlTe12m7q/l83Ww1aliKlFRcqik7qSU1dRv71udJat3aktE+jS8d1xNM+KPjC8Wf4RahpurSaHNf21p4UuYJGS/VfMF1fSxso8sIpcbRuzjaBuGeFtND1jww0MUD+OfDuofZ21eG5lt9UtZJgjgG3t9uFuChUfOgfKjJGBk/pB4s/4Jy/8I3rWvX/AMGvjKfDqaf8KtN8c69puvX051yG51eWEjR9Pnn8svcW0sq2zwxbsxhiqkcDhnsv2yvBfiPRdJ8S6Np/xPtfBGiwWFlC1na6lJZ2niGzeW3XeIYZjeS25LxI0crq2MDJ548PnGGqckcHiaM5xhC9DFYmeHqpKMdU6qnTm9YpNTSd/i6HNLA1JNSrwlCT0VWlTXK2uXRKHLo3duyfTpofNEn7TPx/l8N2kV38TfGXiHR7OSBINH1V3v4IDp/y24eOUF41QLhV4C9AT95vW/hH8QPEfifxbonxV+I0WlalB4c17S9Qv2vLgx39lY2i72nsNNuWGJvlGwxgDcBgHAzxtvffAy00O60r4jaH8SPhl41h8Q6g/iK7UTta6gzmVre1toJoI1ilil2+ZGANijB65HzD4oih8U6tqElj4tuo7a3hhis5GSSFprOLOya/8ltiy7Nq7CDjJ5Oa+ry7MMXKDtTr4eUNISqck4SjJJXpTjKcHFq+qlayWiueViqcaUmvaU6qnaM1Fcsl8OjT63tbmt8Ls9T6r+LPxDsPjD8evFHj+wfUTomueJrBdHk1IAXUlra/uo3lA43fKeVUcKO/NfWXwHu49G/bf+AV2dzs3ijw7GQANzZLIMcrxz1zz8w68D8+PBOkDTNO8IJJqy6rM+prcb1BGyMSqsagNy2M/Nk4OfUg1+iXwwtVT9r/AOAs3kqCvizwyQ5bABZwcZxghgSBklsZyuSGP2kqieBoe0ilB0ouWl0rRimnZttr1tfW1tF89BzeJm46T9pZO7cXHmjZNarTZu7/ABuf3Ha+u/V7pyuGlitm4GAQbeI5HpjJyepwev8ADitk/eUDB3DLDIGMEnvzx1xz74re8Qjbqbn0t7IkhudptosZI7Ducc4JBzWBvDEZ29AvOMEHGCTyCDxxySeeM5r4/mWurtd2v7rtpolsvdsrJWs9T7XkbjFq2sIb6dFqr6/N9PJojYZBC9Mc5Pc8bxngs2eSMBQDUTbiCcbucdCMA4BHf6A9cYz0zUzy9AeSQcFjkAZztyMjB/u9BnjFQGQFccc9QRt56YJxnA6DjjjsBV+0ira3v3fbluk/yervq1qT7N2l8tVZLS2vNfborL0ZGxJKnJXA6lsFuc9+nJ45Ock8Y4jUfOAAWHQ4J5Yjpn16dO/HpTZZ1OMAEKQF+bnIOBjjp02469sHGPzn/wCChH7cf/DJHg3TtJ8JJY3nxW8WssWj2eqQeZa2Wlyblub8xkhmkRfmg3BQZAPmALYbnKTUVFuUmkknrq+99VttbTTzM6ijTi5zTtHVPdrZJX6d3d6/ifpB9mmUCV4ZRHg4ZkbBBAwASB6EKAeAceopCcBQCSxIHQ/KQckf720dDwc+5z/Nb+w//wAFAf2hvFP7THw18FfFH4mprnw68aa5qmkXmkahaos0epalF/xKYoLnKhIkuX2RRnGAoUZwM/0sX8BtLq7tXBEkEzxhcYYhJCo4BxjC7gQTk+3J2lCdKap1IyUnBT6395rXV2bVnpZ2uk1ZmdGpGrByjfl5rau13pd2Sum1a2itpZa2IvmIJYMpU4PTGN3PpjgDGSctx05pVIYnA2gKQWOOSBwc/KSenbAC9+MNJwoJOMDvnnJUANz7kAnnJGRgE07aCPlJ+YDpkZOc5znIHOOM5+hyGknbVe7tZWf2bacz7WeuuyWzCbXLzKSWlnfV8yS6bu70bSWz2E3HjAAJzkYyR647Z46egzngZrkucAA9WI6ksV5YleoI645zz6VKUI/vZJPvzjOMc4HU56E4HXgNbaCMkBiCMHqcZGSegPfrz02kdKukm0k27PpfVRvZ69XfzZlyxTTitd9N3td38+22r23VcqRnuSOF9ST37euQME55zTfvZJRQ2QBjoRkE8Dp0OQvzHn2BmJB3HnsQc9gQvHGTk9B/UcxN13DnaSWBzhjxg9egwR/tex63HVendrXWO+q63va9u0dQejT1ba7K+jTa0Xl6J63EIxuwGIUE89wCOACCcZG3733to9ajLEHOG4y3+yAwxg4IGe/p83UYNP4XGc52543dc/htBzgdSTnOOtDlegGM9FJOQcAnJLEZJJ44wd3TBrRSSuuWV1G/3WT6t+euiu9loK7uk3Z62a635dNHa22tnr1aZESMEkKWK4wOoLcnjOT2H+yM9wKjyCOcfcGM57dQO+Scjt9B1pCwXk4I+bkc/KTnnjjAGGzzke5IZvTgewz1B+Yg5HUk8kAYHTt1rVNt9LLf06Xa1s9Euz2exUbW91ronZ+m+i17ee+pLktyuAFPQc9evtngcdc9ecVGzABdw3N0J54A5IPQbt2PwBw3BpBtBJDYzkjIwQQcEZ9TxntwOnNBdSD9Oh/vfl0yTx+OeKTfZa6+mvr73onr330bb5dm31W++nknbdoZu3byOvHGckNk9enPAyO/THamnjnDZO8cckHIIBPvjjGCRjNAyMsB82MkcAsV44ByeQSSQMgg5BzgLhQMg87ScEliQ38sZ64Hvwea0Vtt/sy16Nvr3smuqd0xRbb0S6b+dm0u33kZbI28YAwScHczdF4xkDAByOMdKRmBBIHB3Hgnao6HgngDHAOTxwfSQJkkk9BhFIAJPboMkg9Pr9cOWNcKTtIC7cgkAnrnjIxgYx064A6iW+y00dr6dPe1+/8AIpb7L1bt1S01Xz26vzVME5I5JABOT7EjkcE46dR3wcGomTIwAuzoDnGGP3jzg/LgjKjpzycE3woUgBQNwYE9eFxwSx5zzwD6noDSbVO3AXI3E5457cg+nT1PA56tbxe+sd/Jx5bNuzVmtPlstSKWq07v8Nd9/v1+8zguVXIJw3XouFxkjgcdM5GSwB6kESPjIGcknOByNgx8x4P0wRgE8ck4tFQCRuxxngjBznPA6YJAGccDj/ZhwEIBIPUZ6D7uPunHIywxg5AycVXPJ2V7bfKyS726K/Qh01vd7vu7ta7b72/Xqyq/VTjuclTuxnnlcdAMFR2bAycUxUJw2AcqcnkHGTkHpkjHPUdgeoFxVwBgDBJ24XOC3Axzntj2IGQQTSFCoHzDI6g44AbPPUjsMg45z6CqTdum6Wj3eits1brp/wAEwt9nyV5JWts9L26KzVlazulpartIUg7O+SQRjBOMHg4DfNjpnPXOaYQQAdvJGM/MBg5GAeBzkKMY+YdwBVhlznIzkZKkknnI9zwANuOG3DvzUZjHQn7p6nHAHJA449M98A8cVo3tbpdNddlrr3vsrWvfzC1vx9emrv2a6Lqim+Q5AVtoHUAcnAJ4BxkEEY7HsDmoHGTnIA3cbV+70AOOQScfNgAAnnIGDo5IGBuOc8A8AE8jgHoORnqTzjNRlWJII3cYzgDHGdxJPB6nHpnkEVSadna1lvpdt27XVlvpddPIhpPmsrq60STaT5XZ7Xvrqm7c2miKXzE/xbcgqcgZJ6j8hgkdT+OUddrDGMnBIDEkqp5z2IyQMEZx05OavuoPuQSQcYABx25wSDjuOSMDANN2DDcfwqFPAGeAcnJ6Y6dSoycDg6KfW7XzemqWj2XTvvtoZyjJ8q5tm7PbaCd3y+cbd4r+ZNFBlcswBIVgDjaMZzkDHGMDnpg4OenIF6gcDOMc8bdwJB4CnnkAEY4yRg1eZVBwOhG3A3egHOeAM9TjgZBBFQYVRhjk7SwIHJyc9RxjnnHHPWtVUuopJXtZXsr/AAu6vda6K9r6WunvhOFm05N2289tderWut1vbe5UyNxAwoK9Oue3fkHp2yP9rPLXKhcgjjAwMgdjxnGRxnp9fQTOoYA8FhgYHXbgkEjI7gbj265IxmA/dBYDcG5Bwxxn5SDznOQ2OMc55xVOT00V733vba7v0dm3f5dVbPkble6Vnfq7bWeyuk2vTTd7MdSTt4AGSSCvIA4Jxzxz3+UjjNRsjBcgDKhSD8pIJ6kcAjrt9+gGRUpII3D5TwuCckZb+IHjPHIwPp0pCfvY49yOCF4I78HJPHPb0IpTa11SW2sXraPS9td3u9OuhWqWjva17+Vr9UldJv1d/WLaRnoOAwOAec+ozgkDg4/HFIRs7YwoxtPTI569iOvQsOnapmAAY9/vADgjqOwJPOWz6gjmo2BVznIYrncR3PQcZz6Y6cfMcCnGak9tdOqWl7WS9Haze3kZSve/yvdtOy6Xe2vbXfXch24KlmIJPTIAI6nuBgH1BHJ4PUw/eJI7MMjPocE4z3PXA5wWPUmrAXCqBj759ySSxI4HJA9uBxkjFRhdwYkADOCMg4GSecE57EDjA5zk4rSMk+trXUr3301vrddPyJUZK2vwpX+1e9tb3Wu9vW7QwYA3ZIUNg5GCScjv3ORyO2OD3bICFAXGeMbclsgnJwcZ4PBxkgDpjFPcY5wpyNwGc9s8A5569T/47io++PQkZwQcbjkcfdwQemMjqeKpSa5UldJLa6S2cvPRW1b3s+lilFO3N8111tZpJvfRp7prbcjZGZgQT1JOeFKgZOdvRevLbuegAzTBGwP9wjGMc8ZPQg+nHXPOOcVZ3HkkABc45GSGH3s9uRjHXB9Tw3cC2AeBwWOM8YfOfyHPQdCQalz5mtOy19VZXvp0WitsrD2VtLNqTfXTlV15XS+531uNTexzgjk4JxnAXrjqOPc5JFKcbTuXGMEnODjPJHOfz9OnQEAwSQDksMNjb8p4ORgkeo6c4APBoyMksSe24kN2PJxyccKeMAjOMdSKvJJuyskl62V0tHe9/lqtNkm+VO7e2+km7JXte9+9vPuxjAksSxyQOAOCWwcZPrk559uoBEDtncMAdMjnO3GMkdRx93b8ox65ItAAZHDZLNn+HIXGOnOOuD0Y80pUAZ6nbweqrlucj0I6H1xjOeGnra+kVd3b369rrztba2lgaataSW2+r1s76Wa7330te1r55Iwep2kDODg+hO7PXJx65/CmByMfe53DaDnLEgnH6k45xkZGauskZ7ABh2JGcdeRye+TnPQ56gxBFXByDjk9iASPlz2OT15yMAjNOLuui2TbbS1Saet+7Ts3ra9lqKV7LVNu7e291otdG1d3fbp0g3k4OT8xCj0A7nAHDA/KeDk9xjluW5UDOecnOCAOQeeg5HU8jAxjAlABIUAnBJB9N5+Xg9QAwAByWzkHpS4B3dMqSRnOOvUkAA8EcZ7HOORUxfRNbpvu7JXtfzW+/wCpFtveLXMlsnouVNerd1u2tdOpDuYAqBjBIzycg/cOSe4znG7nPPXdIjYwOcq2zHTqeCBxyO3YgErkU4gAMcAk4G0kAZPTJx0AOM8ADA64y5UGQQu0N6twDnJBJBGRj1yT2zjOkb6Nt2v106x0X5taW+dkpaT+JJWXutttbWtsnd6Xu9/RCFgO/wB08c4JJPftx2HPpkc5aWPB/h2k5JbJPbOM5z17ZPQgZqZkUgkgEsB3yWB6DPUgDowJ5/SNyDnKj5V2n3LEjnp8wIPHPbOO9J66b/Pu2+ltlrZX201aIba0cot6Oyve103e1rK3lZrut4CTlSQcjLbewBBPOTx056cDPcU0hm+6ACvJI+9k4IGScdRnIAz3yAQbDBSCCBwDt5OeCQTyDkHoewxx1pmGBJxyRuyOBjHA4HQ44JGM8dCBRzWV/i26NpP3Unr3tv8AlqiWqiUfdbTSeifRR89lZ67jRuIJJDcDqOR7Hr1xknoSOg6VEwwxG0BcgAZBB4wOpPA6f7W7t2s9DhsgFuhPB2glicjnHHfgnBA4psjLx0yWPPbJ6E56Dt2GQccDNVCW3u6Xu+uvyS0dn07dNDS7STs07re+3Ml187Pdaq+yKhYDOOgbocYxyO2eBltozgnpg8U75+O5PJxwctwAOuDgcDPfIxk1JhQDnkYCqcDk9R8vq3XHofcilUjk4GHH5YPYjk5yew2gE7jSbu1tqlolazVrNKz31eyuvkK99eZW000b30s02tbpa6dbp6EDMCw45ycZ5AHAOV9u4OeMcAEVE5DdSdylueMg4HOMevOOcccnipiUOTgE4Jyc8HdghSM8jnk4zkgDOKhk53jK5wACwCnGDnB5GTzg8Z5PBzjZO+ztpZdOq2dtErPXrfruZu99d7K9rdrbJu233WK7u3A2tv4XJOfxz178Dvnv92oxvBYFTk/QAhRknPb1OCamJyQwAOT97g9F2nBzgE4wAqjqBhsYIoDEr8x47sACTwMjoOAM45Bx35rRSS1e11ru1tvH1v5fLUla3u7Nu2yS0SSs22ns01v8xkatu5A3YHAbaQSOOSeTjJ5wewOcUPuBBIbABJx9cE9vlUfewefcVLhCO4AwTjGCFzgAgZ6gZz1HAyMkP6KuOCM5LYzg4xwcE54BGT15wKzcm2tea3M7JWum7Wvd6Wdlte6b1Wmii/T5p3V07+mnns11KJXluCdo/vDA5OTnI4yOF2jA45zVZ0bcCF3ZAzjpwBndjHOMZIHOO3NX3IUMAVBAJ3AkEbjgDk8An1PbPrVFwxfqVxx8vJ4BwQQCMEkDocD1xzaSsm1bRa372+7VK/fuaRVkr3vFWT6r+reT/FHpfw32jVr0naNuiar8vGR/oUhyccYII4JIzgHnFfxYfG66B+M2owFIwiat8RCOOSf+Eouj83TgexGNvXoK/tN+H2RqWoEnBXRNXJwQP+XF2GDwT29yc55xX8UHxyf/AIvherGd2dS8fuQxBVd3ie4BJA56jJ79PdR4OJcvrlRp3XJZJWWlnbzSXRefVnoU5ctKOqT543tpdPlt8raX0bva2jR6RocVungnxz50qrDH4asJJWcBV2JdwNISSwwqDG5uQMEE8jP4l/tGfFOxuPGmqw+HlivhaziA3TIFggdF2kxADawDZ7kEjg8V+z+qWj6h8PviFYQHypJvAluEkVtqoDcRBnzyMqST0OTgd8j8CPH/AIJj0jW/EMt1JJcLG29TyI3aRvmcg9WGOTlsnOflFehgVWnQqU6C9+NVyk+yUd+/R26aJ9Dxc2nRp1aU6ztGaUUrWXMktE7N+i0i3q72PKIk1rxZqOBLNqU8jn9zuIt4cnBZwDtCJkcdOR07eoaL8NbC0uJX126+1zLbtMbKJgIEwTt+ZQOoJyuSenIyuI/hlAgkkjhVYxHK0ZkVRu8ttzEs4Bz0x1Pc9TXfXsSx3GruJSWEUUAxjcWIbK5PP6AgcAAV9nkuSUJUoYzF3r1pNyhGesI2S0s1q9GnprbRPd/nOd8QYiNerg8K/YxgkpTi7S+z6WVu1m9urZnabp1haxYtraKJcsgSKNAQpBPBwTk85JPHTp1+7/2LNEdtX8TakIF+W3hhjbudw4XnrgAnkHaVPJr4r0dIIbJZpHUKivI7N1KqeQM4yvOcZ578fNX6N/sOJHc6H4k1giOK2kvggmkISMRQ5B+chR6s3bAI6jn6/C+xVSlSglGycrKKikoqN32tey0aW13pc+IxMcRUhXrTnUlzqEYvmcm5TlG13fV9Vbtvfb6D+KGhmfRNM3Fst4j0tjtXhRv5XHUAjjOOc+hxXrNzYW9ossk+2KBbaMO8rqsaoIVJILYHA5OCTzyOhrx/4t+P9N/suGy8Pwya5d2ur2TM0OVsVmWQBUkuD8vUDIDHIHK88+e+Jl8TeJnl1Px54hOm6HDC0smmadcixslj8tQFu5yV80ov3gCc49TxM84pYfE4lU6brNU6a5k1GmmlK/PN+7y6rpfTqd2GyGrXwuEdWp7FRqTk07yqScvZaRgldtvZytv0uXPij438MS+GL3RPD8w1jUk1Kx3R2Kl7S3kE45u7kjYoDYBwcjGfl5FaUljfXMC33jbxBb2lhFDA72OnyLY2iweSn+vmLDzQoA3EAE44HzYHxB8S/wBo7wJoejaj4I+HOnN4h1cyq3n2ELGxguLeQESTTruac7wCwLAHAJIGcefw+E/jr8cZLe58Y6/eeHvDstvCYtPiZ7USQFFAZbZCCU2jhmYg9Tkcj5tZnVxOPqwoU542rKnTThh+aNGNndKdTbli5O/dapJ3Pq4ZXh8Bl9F1KkcJTjUf7yulOtPmjC/sqdnbmjC1kk7Wak1v9heM/wBsH4Z/DVD4d8AWY8U625a2S00lN0AmdCh827QM7kMcMSTkEjnAJ+M9F8OfGf4/3uoQ3GoXHhjwvJrNy15aRO9uGmmbfKrgMjSeUjY7ZxngivobwL8DvA3gU281np/9pX0JdpNRvkEjCRYyTJ5ku5RhlPJJIwc4FY2m/GLwn8ObXxHFeXEup6tea5ez2mj6UvnPuHyqJWiyscb4C7zgDb/dBw8VgJzxGHlnWOpUKHLOTw2HtGMVGMLQlK/NJu9rJXvqkPDY2Lo1aeU4WpXrrlSr1o88pNziudRu1HlV2pNaPV2SsepfD79mz4f/AA2tFuo7FNY1xUUvqd8FlljkdgXaEMDtyRkHJxuDHHflPFfxU8K+AvGPiCG8d7+8ksLGGw0vTgLu7lmRiwjaOLKxJ0DFmAAI5AGK+WPiV+0x4z1iOaDUNXh8EeH5B8mnaXIJ/EF0jDAR3jz5RYcc8qcdycfPHh6bxx8SfEk+kfDvStTie9hxe6jL5l5rN3GWIaeW6lG6FJOrFNuzjkDgePj84wVD2OFybC8qU1yz5feqNqyaglzNt9Z2u7aWvb0sFlWJn7TE5riW4uDUottxirxk+ao3yKyik1FS66q9j6a+JX7SWs33mxavqKeFdMfIh8PaHKs2u3SKCqreXcZzaswC5UFtpOBgjcfm9tX8WeO9UuLnwd4fnhtLaFFuZrsvd3kxdsCWWWQglz1O3gHgc9frT4c/sJXivDqXxCui88hjuJLUSPLO5dlYebKxJIHRgAO/CtnHU+IvDOj+CPHHiLQfDlsttY6fY2NskUK+WGcBWZj6lmJ5y2eufTqybJc0zjMaP9o1amHoycn7jtWaUeZRje6hqlstHdaHi8ScR4DIcrxeIwFGniKlKMWlOKdJrmhB3S96b1VnJu+90j5Bt/h/8V74LG8k6MwCkTBI1APIAIUEkDrzyeeOKnf4Q+OfMH2u4063OMkuxkYbcliMOVDduhIYgEE19RNqU0UpDs7naCCG6HAXBYAZPrwB6AjNZNzd3F3KsjTMqAujb2z8/GBgjsTgHPoODmv0uHAeUct6ssdVkoq7qYiT95Wb0UYpXtove3suy/Fa3ivnnuKlTwFDmqQjyxw6vFOS15m22+Xbbp1R8x6D8HtW103076ra2y2N1JZFdh/eMuWdwA4B3Hvgk846DHYj9n+VEjafxNBEzAcJbbnGcnhmbPrwCTnnOOnrvgDTpbuy1l/INwX1acIsSFipAYljjPTJzkKSMcGurk067R0MsJYLkFXjKY6YycEDGAR3O3qO3LlnB+Q1aEJ1qU5TvLmjOtN6qat7qaeyWiurq2i1XTnPH3E9HGzp0a0YUXGk6co0Yac8Kbeqi72le29uq6nzlqPwO0+wsL2efxLdTmG2llEaQ4Duinap6hQ7DHUZBHIxk39A+AehanpVheXOt6qrX0STNHH5mEbbyFJPQA8cZwBnI4Hs+rQSNpusrst40SxldVJzhtrEkEgFgDgdT78HA2PDMMw8K6OxvIYgbZGi2BdyFcZ3FSdwJxgngFgDnaMdlPhfIKeYKhHBQ9n9VclF+01l7SKb1m3e3nbslu+SfGXE08o+tPMKiqrH+y5lGHM6bp6xXu2iuZXffddEeZ2/7OPgzPN7rNyydV86X0wcAnGSc8MTzg4OPlyvGvwR8GeHvCt9qscF59oingVDctJ/E6hlKndyeeGPYemK+qvhxc6FL4tsYfF89+dEw6tNZP5W6dSzQiR84EZcDceTggZOedb9o/UdIuPhrrEPh/Q2tFS/tiZ57uO5MsSFdssW0ZUsAGY5yC3ToK2xmRZFThXhDLqcWqMnGrGm2k7bJtyva1311dzky/izierVwk55rUnGdeEZUuZtuPNBN2T2k20ldN26208S8B/ArwTr+j2V3B4WudQnaCBnaO2luNrMgcq4RCA2Gyo38A5OAePU9P8A2YbeXc9n8M7+SN2ASU6RJsyD0DMADxyAenJJGRX2V+xH48+K9r4V8K+Gfhr8L9I8Wa7rtzDast/aR3suoStEwtxYwvEc+SuTKd42/e44r6p+JXh39uibTL2/1zwLB4R8J6XrUthqWrWOkQ22m2d6rEraPepn94hBQgKcHg8HNc855LgcRRwrwOUUHOFJwnXnShUqOcY+9GjyX1d9W021fe4OrxJjqVbGwzXOcRFVq0ZUqEKrp01GV1F1FJL4Ytv+Xstz8U/ih8IdP8Gx6PDd+F7PS7ibV7JAslqsUpjdlVo3GScEsAQTjvzgivcrDwB4cijQroekxt5SEr9jj3DMa9wCfmJz2wevcVS/aL0vxidOsLvxTcG51WTxXZ2sU/mlkjbcAFClQcnAIGMEDIAra03wJ8Tb2Fo4LjU7lDAkjS2tpvjgiEalCz4UKAD13HI4HNfV5Vg8v9viH9WwvK6dGScKdPk1WqTkkoqyVrXfnax8nnubZp/Z2BcsdjFKVXEQjeVZzaTh7rsm7q9knpdtLW7JY/Cek2y720uxRSjsqxRQofUKFMYLHPOc4UnAIBrxTXobe3+JegQpbxpFHaE+W0URyHGMEBcEgdOuD3yAR6X4i8JeI9Fa0i1nXr4yTQtJEImYFVVcbWAwAw44bpg+gryG6txB8QPDayTzXLmzd3muXyzFFDNnOMLjJGcdBnGRXXnGGw8sLh+XDQhF4qhaSUGmnNKy1847aNpbWsedwxmuKeNxiqYutUksBivcl7RSg40lq3L1urdLdFr7CY4I1+YRxlzlQsMSkfMcDhSxBODyckAFiMYqrqCs9jNhW/dq4DsVAHAORlR0PpnOARycVNO8CSQguMkkspfcpGfUZBA9ATjODwDiG/dZra4hjBYNHKW2sQBsQtyR3IAAJUYGQea6JYShSpykqUbxi2rR7pX2slb71qk1a651jsVUqR/eVXKVSMVaTfNKTirayezWum+7vvyfgi0e78da07SRlZNEs2Hy7wpTcCBtwM9MnJPb5ia9tOlIsax5VyysAU+QMR6AZKhieBwcH2OPZPgp+zH4bv8AwvpXxT1z4o2ehSa7okrP4Rh01r/VoLazmZVuWII3rN823gfNyTknP1dF+zZ8JYNF07WV8UeNddF7bLdQpY+GZbVApIMgklaTEapnlueMKMk1+Y4rxC4ay51qdWterSxFWFSMYTupRnsk0ovVNKz0el9UfqcfDnirM3h69KElSqYTDThOVaPLyOEeV6O+l1o7XvZxdz86o9Gcs6AOc/Kp35QbsDAI4yBjaRyMgLk/d+e20ESeNvF8buUKeUCxGTuAGDnAJx/Dk/KenUA/1D/A79iX9iHxR4WudZ8R/EfxFc63a6Yb7UtB8+WylsLgK5iiZgro7ZxvUHI4GDg4/n7+KHhLSPDHx/8AjJoWiyTTaDpusvBo0lyD5ktmhBhaRioJJXb85Uk5PAwKyyLxCyXirNIZdl9KtGrhE605VqSpwcX7nuu7bd2nZ2XbR2OnHeHufcK5fXxmZVaMqeJgqMIUqyqTTUqclzLlVrqOr3vvrv8APMnhtUQvKGaPDsjBCecE8EkjnIz04HHfNE6JCVz5ZZWEmDsOeEJDAk/eycZHpnAGMe0XgVYooViUkbozkhlGepzjAAHbnGDxxWLJp53CONAI8uTsYEplSTuXA6npz1JJJOa/Rl7LVuMZJ2d7vf3d9VaybSul23ufCwhVU4qNSTSnG7V/ibSSk3dWS9HrZpngPw30yKbTdZYW+9otbuFy69AGPXJ6ZAGAA3bhhXojWv7wpHZQvhQzMqgkbeQOQcDIGemPfsnwn05JNP8AEqunyDXbkfOcbvnbPIx0H4jrjdxXqi6bDE5P2ZRiNQGxuA9hwTwAe3QZ47ZYf2MaMElC9k27X15ltfZre9ultGdWOpYmWLnecldxdmnayjCz0bsklr5pM8U8R2sg0bU3+zxqBYyMEwAxXB4BBzxjgYOTwK5bwvoUdx4a0edrdNzJKSxTJOWwcnPBGSMnp047e2eK9MR9G1aZY1VE0+cEKrN8vksScYzjgEg9/wCLGRXM+CraNvCOjPnarW8kfygjDbzyAR3xjoBjr2I5K3s54yD5U06ErJropwabem+yXz6q/Vh416eAqqpOol9bg07PZQ37WettdN2clLocSt+7t42HILbMBAVbng8n2GTz6dNnSfCkF19vFxaedu0PUZcLhv8AVQSEEDb1+XknqAMZGa7CbT9kDEHjcVB3AAsqncfUZ9uBx3Iz6l8NPDia3qtrYfOpuPDviJ5Cg+bbb6fcyqQxPAO0cHGVYgjoK4M2xcMBgq9dwjLlpyfKo9bRSspXd9XfXyejudWSYSvmGYUKPtJxbnBpNS5UlKKTv90tenWzuXPg98LPD0ng3Qbq60e0kkm0wTb5k5cs2eRkNwvygkkc4PORXrul+A/BL3DMdD03ZACjgwg/OqnLAjA2g5yD83AOM4I/SzV/2dfhn8Ofg/8ABnVfD5kmvfEvwbh8S61HLqEFwItVdQQWQOWt0Az8mAR2ByM/FHhHRVvEv0i/fz6hdPGkXO4AsUUrjccsx2KCc5+XHQN+fy4xovAwxFKPs4UocspVOWLXJZS0TtZNPVvZ3e1j77/U+osxlQrVVUqVJOpGNO7jLnSlFO1/ebkm07WsvU8J+JvhvwxD4R1r+z9K00EWsB3/AGRFC4nj+VGIyHxk5xgjnPFdf4f0HRI9E0xv7Ftvm06yUuscalZDFwRlCN3OTkcDqMkmv0U/4ddftTfFD4Oav4o0bwrZ6NpZ0eXUYrXWJRBqN5bQL9qSa1hZdxEkEZkQ9xgDg1594Z/Zf+IujWfgtPGXhjW7TwjqyaRpUPiP7Gy2VzqZuEtbi2hk3ZY25LbyDxgBc187HxZydTlU/tTCKMKbVpTSvKGuja95aPVJ973PVq+GeZezhS+p1rVsQqnPCDaUZwhFNq14rTS9ltfTQ4zwF+zJ428Y6Wuv+Fvhv4h8Q2Lq6nUdK083FlHOiljEZFQIXCrlwAeNxJIUV8t/HH4Zz2PgjxrbS6Pdaffaddw21/DdwrD9lvEkAaENtBDjkMuByWHJFf3ZfAX4W+GP2d/gxp/hLw9PaXWlaZoz6vfy3nkJ501zZedeOzyhiWKgqqkjGcKcgV/Ih+3j8aNS+N3jr4hRfDj4T/8ACH/Dew1eKy1vXLrS5oLDUdR06/WK51H+0PKCSvfZkkjKAqwzhm/i/M8r8bs/zrN8VgvqOGjll6nJWp1Xzumpr2cpc0lGUqsEnaN7dZH3tXwhyDKsFhse8XiXjaSpylCSTj7SSg525U7KL0u5K77PQ+Svgx4fkSC0uv7MvLoQ6TZwssFhczZd4gMq8ULh+wJRuRknAr6Kt9BuWL3B0u9tPJzGVvYJ7d1ZSQD5c0aMyscYIXn6V/Th+zr8Rf2Jfhv8AfgtPn4dtqE3g3RoNTWLRo7q+utVSAG489zbyStOsmd2Qckbuua/G39uH41+BPiT8c9a1HwnFc+GtMh+y6NpVppuiFItTgtyWm1C2took8zzcDGUDMMkngkdWWeM2Z59mtTL5ZbDDwwlKo/bOs5WdKUYpSShFe82nvo1Z2ueVm3hLleV4OWOWYV60sRXhOVKNJK/trSb5m3dRut1bVdnb8Vf2vvhn4q0K4+GfiO/0W7tdNvtbcW95PAy28ytg7ojtUNgEcjqcAjivBruaWJpNjxMVfj5BlVP3RyM9OoB4PJ68/pd+338X9D1j4RfBPT9STxVZwaXrs0P2vVfDkun20y26qoFmxy1xKxBLAD5cEepP5Q6r8Q/BytK0c2tSgs+BHpUuSV453ZzyOeT6ZxxX7p4ZcR1c0yzHYvMZU6Nd4ydJU4ybi4UuWEJK7cryi9Vpqnpq0fmPiHwvSyurl2CyxVq1BYRVnKTUnz1pKU07ae67adFa+xpTX94qtvkXAdiqoQuSenYnoMk8fUd/Fviw0lxo+lO7qix65bHnJJ/egZLc8ex3Hpk9TXcJ488PTIRb6d4jkYsxXbpkqliOeSxG0dweeeAARk+QfErxPDfaNZp/YWuQouq28nm3EJiibbJyikkEFjxhefmPTaK/RMZmmGeHqRjVlJcu/LNr4oSeqi07pW0fofAZdkONjjcK5U0mpp3nOHNry2upSvo79HpvqfSukT/AOiW0oVHIt4FG07efLXcckAH0BJAGOc5+W3fOJreUqqAHCgry4GQRgbVzyCAOn5Fq8Ws/iNqcFnbW1v4K1KV1jRE86cqGQRrg4/hz1ywYDIA/hxpT+OvFr26PaeDNgcr8sl4uQd3HQMTkcNwOtaRzfCyopRdacuVJqNCcneyV/g0uvPX5a5vIMbTrznN4eMG25KWIo2V7a251v2butLdiHV7YSap4diZX/d63Gqlhz87DknCjHII+U8ZOVB4+19B0eNLbfEoCkpgh9pD4APbB5PbHB9iK+CrzWPGl5eaRcyeHbS1+zaxbThpLpZGklLrsjZcAFCeDjv1x1P3VpWlfH2bQo9S03w3ozRGMXDQ29tNfSJAEDCVktonYIAcszcLkEkHgfOvMlh8Ti5SjOMXGm/fioNJWT1lZJW0XM436bn1FbLXWy7LqarYeU4KrBRjOM7vmi4/Dzc1ovpfa7ezPS7DSFn8l5/lWMkgddxGOc46ZGOv3fTHHjWpadYTfHi/ja1LsvhpSG2HA+YgMRySAdoOCRgDjJDHf8v47paQXl3deHNNgI5R7FvNXcRjfGQGUDOPmA45GORXga6h8QNY+K/iF28SWEeq2Gl29tc3lvabY1tXx8scfbqwL54OCDyCc6uLqVquEnGlU5JYim4tuNpe6rO95J7O3ZK6vpcweBVGlj41q1OM/qcozupylFN04qUrwTS1/XS+v0he6DGkiz+ZsSAKWjGNxDhQM9CMDkArjOAxC1jXCwCcBZFRYuSN+C2Gxg5HGeMgA5znPevAdfbx9HdtHL4zndmBIjhTGEVjggfeJxzggfw9OMY6aT4nmljku/EeqFNyM20lfMJyO7c4yWHA3ccHnHqyxlf2kbYWfMraOUVdq2vWyfoum9keXHAYZxvLFrdN8sJz7WteKSu7bJW0d1ay2PAkkKeM/HsksuFW+UAllVchj3JA3YwCBkDpwea9Yh1XRFnhR9WsbQibLefKu1cYyCMHA5x75OcHr83eFfDqXup+KDPe3cjxakke8ysjSggsS5HXk5bOcDnrmu8tvAmjLcI88dxcAuAwWV2CZPAP8QGOhIA7cndWVGvjZULwo04KVSrzOdR/amr2srpp6Wum9r9tsdRy+niUpV6klGFBKMKajZRp07PnbTXNZN6bLzVv1a0r9tj4O+Cfh7F4U0/QNCS8bQxpmqapaFJ/tt2YthupUMRLyZGR8wOAOOcn8973xb4f8Y/FW11TR76e6tm8PXuSY/K2yPKCFjBwoVdxCgdsZHJI+l/gz+xfb/En4Z+OfiHLc6No2l+GFg8vSb/bHfa1JKqlUt5ZCvkqASWcAgHAIGQK+dNZsPCfhLxXpz+HrTTrrXtNtdUsn0q2lBtg8RZVeeckI7J827ryOeSAflaOKoYXEYmEa0ObD42FfEQlOpPmqvlk+VuTvaMlZWd93bZfXVMBWx9ChJ4ZwjiMBWoYSbjGLcJw5VKUYWaSa0crtvbdDPFWvxeC9JOq3cIN08Z/syx+WWa8kbIRpAMlIgeXJ64wTzz4JHY+IPEUsvi3VHFzq1zFIbWMEiK0gIIW2t0GAMKcMRjhecg4ruNKW+8VahqTano99qsjJAstxax3F7bWLzzrFHbxOkbxxRhmXccj5QTyFr7N+IvwI8P/AA00Gw8P3F+moePJ/BcfibUbbTJRNY6FpmpRrNZNNI2BFPHEdlwp+YSHleRnwuIOMI4urGkpN05S5YUKba95JN1Ki0XLtbZW0XU+k4X4Jo5Zh3Vkk8TOHNUrzspfZtTpqSVouzTsrvVdHb8cZ0a21DVbWa0IdL+aWeYE4UM+7a2e+TuzggY4wCBXMXWk2Vxdmc20bMmZYyAMSnHXpgEAHj3A7A1ra/Fqraz4gl0+7MBS/n3rOwYXKl1COo7KeTwMAHHHFYms6nq9nbQy3NiieVAEFxbEYfggswRSeRk9sH8CPDpunNRqVIuXM7p8qdr2sm1tZWeq/wAn9fN1KU1CjK7XKmnLlf2VflaSbsm7K3RdyeNHiSYGeVLdoQGhDsEYLg7AucFOSD0XHY9DzOpeGtLvrO8kt4Yjdz73hk6PG6AcHjawIyATxjoM0sHiFLqCGNHwrsUkL/I6k8klTzjqAecDIx6a4ZHS2SN1+cMpZRkYY4JJAz8vQ9O+QQRWrpUasFZQmrNJNq8ebk2b0TuuqXybuTCtXoy9o4um1JNy1T3ja+/RXvole0WzwUaRrenTwR6bNItzJISDC2wMwYExyRk/MD8wyeoIwOOdI+KLqyvY4/EdjIs6ugW9sg0U6FAMM8YBDnI4x6cHNep2uhbPGFkkrsLWa6ikdiBt2NyVPPAyMOcZB3HORg9n448OeHp9UaCCCKSNrc+a6BZBHIo+YoQcggnJwCR39a46WXylCok2pKairtO6SVrPe9+vV6no1MzhGdH2iUueleUtb2TS10u9tU11vqmkcxpfi+W6to5bW5j1m2jeN5EVlivoYweWaM4bJ24JXLcZ7E16hpnijTtfLeQFhMURQxXR2S7tu0qwf/WAkEgjjpggCvCb74XXEMIvNEvniuWQzBUdkcBANzAqQCACRhgVXPTPNYT3niPSLVo9XtV1CIKDHfW5aG+jGc7mYKC7DHGQST1boa66VfG5fGMKnNWp3TlGSctNNE9WlZ3d730OSthsBjk50ZwhW/upUptqKeq+Fq+jtyt227fYnhD4QaD8QdZ1aKS08mSw8N6hqUUkBWNDfRRM0AZhwVLgDjPGeBXgVtd+MtKuX0C7nuHsUujb/YzKfKUJMQZY+RkBQAdpA57quDr/AAp+MOr+EtetpNH1CO+SexmsL3TdRLQ3DQXCbdoZzh5E5K5wSST0Bz6TZah4X1O/1VtTgn066AeSzN+u2MGUs7lHGVwD9zcWyMAHOa5aKnXzTEYn3YYSdPCujFcq5KtOyqprvKVrv0Td2dcpLC5VQw656uJU60akvfd6c4pRv2sm1ZXX4n9Cn/BABmHiH9oFnwfM8IWS4JwQwnZcDgnpkHnhffJr9z7g85UkkEnB68MQ3bPGDjPvj0r8IP8AggDMjeJP2gFVxKp8MweW6nIZRcSbSPY9Rg8j6kV+7lzld2FbHzZx6bye5Bxzz/UjB+nxk+fFqbb5p4bDuVn/AHI2Wl76JadXbroeRk65cJOL0SxFdJKPacHytvVu9lft0uUXJGGxk5bC8jCkkHoF4HXgn0zVKQkE9/mA3Y2/KMZz2I9x7nGTirJYBR8pwT0BGckqBjgHJyRtYnnoRnis5ODgMPnyCSflLduvBPHQ9Mn6kG1Jbu9tHt7zjutNUtP81qdNRJu8dLJ6vfRJfnbbyXSxA5yp6g7/AJWztHUcH/awRjkZBXkZIEW48sCVPCnHHbBx06nkqRnryMnMrFCcnPLADcCudqjKjg4yc8lckZ79GtgnK9OCckEY4IyAMY7YGMnjucdMZLZ3tum7rblul1a0Sb0vsktDjfNqrWadktHzK8bWatrZ6vXzsNDN1OGHPPoM7c54zzx1GM4OAcBAwPcjIxgDBIBz0PQcHtux0PIoO5vl56ngHPGR0HIPU9yAvU5waUqQATuwcjAJU8Ywx+9kkk7sjgdjni7ro1029Fppf0+5Lpcsv8VkruVt0l997bNPZ/ZWrgNy/NnJO0DPPJyD2LE9skg4z3NTKpU5CgAKAcAYJ468dRk49/UGoic45YZGeCuOBgKCOCflODjjGMYOalDYOF5ww4JIIIGeRjgDn0BwcAHgGm3/AIF203vdbbLv1TsTt3euiSv0807drJ7fMmJxkoFyowCCDtB6nttA79AeDkUYbccHgkHnjPPQfTBzg9OcEGkU/KSwzg5J6Z3ZA49ASMdjweT1epGBgk5y2D1x0HXGM9R+OTTXuyTVrp3u+uqt1V76W0WnZLWlG7u9ErNp3+Ltp6JrTRp9NSIkDoSM4GFIHOc8dRzn69ck5p2MBvvBsqSccMDjpxnPPB+Zh2AzT+CdwAySC2ewHfHbIHTjHGQecIckEMpwoyM565GMggYA6cHA45AAqm3e90+t7ee1rWT0b6Pd3JaSbb82tNtt7b203d1rdsRG+UMGyR8vIz0+pOMbT/FtyRjnq/aFP3gcA4IGMgg4IIyAMdMgg85HQUwAbWJAJTkKwA5JyWA5Ck8jgKOM44px+8gyCMcZxgHAIGeD6YAwOeMHocz7Lp3tpa2l7dEJQu7t2bS6u2nKnotF3vfbpcN+M71AwGwHIz1wMjGcHG7A46sBgkljH0A6jB6jcc7uem7A69ccDoBTj93A+YgKMgEn5uwPfPuDjHHQYTb0yE5bIXPQADOOOpbOTjoQeetJS6aXd+63S019db36a6Jp+ztezTunraz6d1fbvvok7pWjYlskMAOmQc9eeFPTk85BycmpCVwGG3KkZY5GR3wQemQcg8dgQMkOC7CuRuAG8jOBnoO3XAXJPoeoyKaVAVgF4BAxwSRkEFuAfQdiSMhc81opdeZb7Nvqk77NabO1vRLfPWLT5lbaza1s4p669W7dLPRR6x7gcgktuIYDgYBJ6KQdoJHHXrgNnIpQAygZ+bgZG0Agck4wN3UcYGASMjpTsKSSeCCAdxB4GMEk+p+bA6AnnHIQ4bgnA53AjGckfNkEYxj7vPQ8gDBpNWsne3z8301ul0Vmk1sFm5aSi9feSk72drK+703Wl7abtCqSvmbgWyd2c5zkAA89QR1C5x0IyAKTIfGT/CQCGOVzglQSvc5B46856UjEHPO7sScngZwBtHTHTgdiSeKAAzjDZAJOdpBBOcZbGCOmOu4+3FZpq9rPZW1d042Tdl1d7JPRN22THezSt0XVvl2Vtr6p/J7btEgVeB1YBVB64BOCMYPUjHIJOPYipN+4hQD12kkjBPODnDEMR1xkgDPOKMLwcjcCFJ5IA6jA45xwAc/qCFZQwY7gATgHHUFh8wIPfoQfbsRim7pR20TWmyTTXXfSzd97X6ojVvXsvl01d7eenV2dhhBH3eeccZyCSSOMrg4z0PGB1xUBBVlYcgE5XrszkZ5OW3H7zeo68VcCgscsPvAMATghVxk/KSD05yOeoPFR4RtzBRg9D3GW5yDjqB0UHJOSQOkqT/masuu70XpZ322tv1dqSuk3Ll17abRunrra+67t6psh2dSQD9xSmP4s92By3C5JyBk4ApRHySFYghs45C4Uk5zncTweoIyO3BnITexOBkhsKO5GducdQDwxGOfpmQLGHUjPOBj6jqTk5PIHHJxkctyrve7vbW3kkld3vbXRrVNfe7Ssru7dvLXTzT7p9te9ymEIyFydwHC4+Ug4P498gfKMHPNOCPg5BzhQeQCR90gc8DPf26dqtlQGOORknjqAvJHB6AKc9DgetC4ySBkknB6jrgEg5HOcA85J4AwQFzP1uktW/wAdn69dXpfeLSj23as1dNLl631s0357alb5yzYzhWA56HC9uvH0weO3eyMgFsgcAgKuQD0HC8HPGAcHjHGacFGWCnbhVRlbjGPukc4X15B6nJ4zSbeAN/U7Rg8nB7dMsWxuAxjnjINHN00s0r9Xd262vfvta9urNEm0rtrzV1d2Te+rTf8Ald9Gksu4BRyBwD9DnIByT2yPUD1qMk5BVcDdv55wD2J4POO64HX1FS42k8nBByFI5OM468nn2wPrkgwCylmyFCkDhj6HaPx9s7u/NSpJtW3Vmrpdba69rrf5dSZaKKd77bJt7aO3Ttt6a3It3BGCBtOcE9eOuD+GOefpShht9ePuj+EdMHjquP19c0EkgccZJYbQOR2J/wD1+/bDwQAMcckYzk5zz17cjp6Y6cVqp21tq++11y2bS6Kztvr0Ha+my0Wq/wAO7dl2afr6DVAADEEYXAzlm3cgAgcnJxkgfL34AFIpbCnbkseSedoPUnpzkYPJyAT/ABECU5P3TyGJwvPQYwTzknjntj05o+RjkfMBkYyCc4wAOOcHPJxxkDrU812r62d2tv5XvtrZeWnXUI0925J9mnZ/Z7NXaa2tZpX7oReMjkAkZwepPU4ycc554GR7cOY7SfldVZuOchQCMk9z0zx1+hpRkHOSBk/KOeBjB5HYYBB47c9aawDENySRnGCOecYOecnHOMgE9TUPe+n+TvG1vuV73bWmtwkpJWSej6X1233+Xl2topyCO23nIySSV4BGPXj8ORnNJuY4JAGM/e4Ib7oB6c4x79TuyBRjDEkc4AA9PXrnI/HkdulJuBwSPlHdiecZ6HPBHqO3bvT5nvfaz0sk9E9N1bZeVvIuMZNJSaSSXrpa61W+vbf7mjAD7+Cc8noTwcZ64xwDjOODzgioQZMZI+UghQAS4AzgccDuec5PHTrYL4IA5wPlJwR8zA8jpwQNuM5PfnhAo5DZPBBO7OR7d+B2B5Pc1HPazaWu+qt00t532+XZupQT2tay2d2vh0suqbavoulmr3rEHuSpGdwx8xycdO3XOcdc465pSrMFKk43Zwc8AcAg4yT6cjj9JWPAGcE/KDycDqMjHUE56EgZ5zzTAy8Hg4zkksOCQQRwcAnIyME5znPR8zdvT17b7bJ+Tdtu8xXvJe9aNrvmsklZ33Xo7tu13q2NZTkgKVYgE8nGQo44OT1OBz8wIGM4NqDJxkFuExxycDd2BABwc8YwAeRgmNnVgA3zYBPvgkAMMYIHv1GR82SMzIABn7wVdpOSvzHPJzzy33QM89xmhq6Se/Xr+Nt+mv3tnUkk49HeK+FbK1l6c2qStZbXa1upPgLgAMQCTnoMccY6NxxwPmDZz1lWV8fOxADAru4yxYAAnB+bHUDkdyABWcpJOCOxULn5to5z6857DPUcDGbKsScADBJyykE5AyQTxleeoHCnJ9uapBKSs7Xd9enz2197bzSb6d1KTdr3SvFWT6bdr673/wAmbURLksVUfU/icnuMngA5JPJ546ewz8p6AkADgHO4DcevYk4I7jBzkVylooJXIJJAZQxwOCACOclScYzwO4A4rr7NT8igZ2kFiOhzg/Lk4zjoevB9DjwcfKcYSirWu/htZKyWju1azvsku19vqcsgpThJprZWvbVOOl/LfXW7OpgJUkkjGMDHGQR9fbnj8Kto7b1OenCgYJOCBnHX5ScHGCc9gFzQiK9fvZ4wMEAAk8+uT9O/tU4bGDgdGbqAfvLtB7cn8e59D8xOPNrJ69Ou/L0Wmq6+TPtKUbcq2vZO3d2e90r73u7aW2ZfZ1DkAgDO7P3gW7Y7ZOOvfnp1qaByCADyewPf+Lv0PqPb8KwAYDI4HQYJLKe/UnGCc9AeDtznGjbxjGWxwT7sBjHOfQ8+vIPFclSSjHlXvdHo99LNb7+va67+hCMpSik01o3ve/u9W/e06LVXs77iFgpHJ5IBGQRg9sdh2GD69KqySgsdw4ywBUjJIyVJ9Oeh5JznjArRMBwGKjH3dvQ5OASR/CSM9s/3icAjOkgcthFAGDztJAK56E884CgMMj24rCEoX1aWnxXtZ2XW99NN90vmdPspWv7y1Sta+nfq2tvnbpdkIlb8MMeRlV47Yzk8Doc9egHCGXIO3BBUYABzyMHr0HbIGAQcYNS+TgqFQYLcjgc5wMk9TnGBnoMnNMZMkk7lx95h1Lc98cYx2HXOetbQmnK65XdaWtb7PNol2VuyfrcwnCaukuXs1pvbfXdJaWtr6u0W/k5yMe/bIB56DAJ9RwRUJf5vmDYHzcn+EY28cnqBxyT9amCN1I+UZyDncSR1PTkZ4ADZHPTJC+UGYERgYzyAMdDjB6ZwSAuDjgEHANaxlrdNW0d7XW/S3XR/nucbhVe0Xa+t01/L1vp5t201W1yEMD9wnDMcueADnPTBGcnsQc4xjGaYpfGBnksVyCWz0POcDHBORkk+wzdEHAUAYOSpBJ5GQc4xk8Yz8uPujuKsw2wXBI3k57BRnpjHQ4znnI68jgCXUVulnqrX1v8APby01WxcKVRvZO2tmr3tytKybsrb7LWy1djPRN5T5RkjGc8HGRznrnGDzlsnqc08RPtOEIIcjqeQcEEdCB0+8DjgnA+7rCEKQSOACAMZ6nGScYOMk4J6Ed+ANGvToVPzNu5wRkEYHryBgHPYnaTHttF7t1e3xaaOG66rbutdNkdCoySkmuW9tl8Lsk9b7/Ddt9dbXaMKdN4ChNpHQ89h856DIGWPGOvJORWZIgQEspPVuevQgEd+w469e/NdPNCWO7hMAknuwJA59cY9Txx3wc2aENgON2ACSyj5RlcdiDltpJ9eBwMHop1dUvdW2ite76eV7PbrskefiaUYx929+t1qpJKzva3+LdrW9tlirGTzhQMcA8lQTypAA7dxnJ6AjikfYgHfg4xkLg42nHTbwB0wDnp2uSIEJBC8knsBlf4TwemMr1IwASOtUJpVycEEAYJPAX+L2Iz1Gc88YBFehSk3JJXtutE+sbvXsmr3W1tLWPHqNKLfWy20u/de61XRrXW/ayKk5HfGWxuIKgLjODjBPAJ6Dtnb1BzySS3y5BJIyMEgBhnPPHGOT7A84q47hipIGFPOSR24BIPc5LepGMdMVpXVVKlsk/MADn5STxjjjB44PBBIHQ+xh07W1b0to7XSSSW2rs27t+V+nl1JWcmrN26PV7a637/lo2yFiwUAAcnJGAAACV3Nz3Y5xn5c43HrTQ2C3DHoOAdoIHPsB1wT/wDWoLKDsVsAKNzdSAM4OM9zuwT75Oc4rySoFKKwPBJYZIOT1IwORwDtPBwR146V0WtpJXfLsuyatb562b1tdHnVORpPWKslLVb6Wb28ut12TGSliy7jx1Iz8q9VGeAMN1zjoDwCKr7RkfKM/Mq5PQcAsTjqSPzyfmNBlA3KWLbiccAnAP3sKTy2Rx69/vVEZVBAVic/MWBwQpGdvXAHqR1IzjNaKMnfa909HbrFbvo2+9mvQ4pzgne6bVtb3TSS6K+lmuqdt4oc7EMSDwrDgADpnjgfl3446DLGkyFDj5cZwTnp1OB1Ix2HIGPrE0ob5gcD7y45JwW53HIAAJPHPXqADUEkikFepC7QXOV5B6kZwQB0I56k4BI2p025aNNWd3Z6NWu/eSste/W9rWOCrVgrrmV+mqvpa3e3XVvpZLSw6WQhSQeCARgDjJxnvleMEdT24znMDY3MTuYhiSAQehYKCRzt3Z9eemOasyDg/MDkqo5yc7TuwODjntzxjtuqFQwYkAEHPGOg6HJJ7Yxntz0/h6oprRa2s9rP7L03vbfs7t9rcM5uWt2+2uzvfZq3Zv8AS7v6R8O5hGPE7OcEaHeMSCR/y7y4PHpt+mAT1Ffwx/tU3WpyftIfEq7s4IHN3f66Xu7gb2YRXUwYBCem0DoRtxw2cV/ch4KCx2fjKYj5Y/DV8/qMmCRQQehGTyfTIPOK/h8/atthp37Q3xCtg58+KXVFZSSFEt3cSyDpwRscA5+9k44BxxZfGlLOMZGpz8tsFZKWrekra622Vl1e3YzevVhkuFdNq7eJ1dno0rPXS9l0187ankvhG3jvDFf67dieOO0LwxysY7VWXcCVj4BCKPlGQTjqBmuD+JeoRal4m8O2tlCH09mt0RAu0MTcRo7RoRkAjOO/oDXU+EtB1LWoYvtMsiWFtGxUhTHHOynlIyByoIwexyc7cmsbxvZGLxv4V0myZHnF7plnAqqGZZpLqIbOM5IypweSMkZzx+i5rHkwmJnGTjSnh7xot++3yQfM9L7pJWtZep+OZTU+sZhhqcoS5oYyN6yXu6zSUIJaNu9m1F7Pa9z+vn4P3mq6f4G+G/h3wpGs/iu98GaHBZQsp8jQNNk0y3F3rF+2AI0jjZjEGKmRxgAZr1K81Wx+Ges6T4T8Ixv4k8fT6Nf6rqN/MDLNNdXW9DquqTc+RYwOT9mhY4dMDbxWNpMsXwY+Hng7SNKth4g+KvjHwl4bSG0jVWuHgfSrXM17jLWulaeGMjhigdlZecnPB61r0Xwgt9SciTxr8YfGVh5UMFv++udRu5SWWCJRue20bSiRuxsQqm4k4Jr+TMTVk61aTTS9tJq9nd899FfTTfXRbJ6N/wBk0EoUaMbX5adNapX+GF1bdefktV3f4j8TL8I9Pj0Tw7A3jH45fEKCe+kVx59w7XLb3vL4AObTR9MR2aGI4V1jAAwM17B8DfhS3w+ub/xFrmoNrvjbxT4dtdU1/W7tvNm+1XF781nZl8mC0tFYwwxoQNqLk9xn/Av4K3HheO3+Jvjy8bV/iV4q0HVbnU7uc+ZDpFk0Mph0jTkYEQxW64jfytpJU5BXdX0JpVl57NJKywwx+FLZxMzBBtW6EzfMcKFCKQWOAoG445FYqCduZPmaSSe2iTervq9XfpbbVX6IybTt0WiVtLta7Xa6KT0u3qmUtWuIJNdsssG8vW4GySFXbDbCRy56AdSWJwO54NfPfi34qeJvi34xk+HvwduZLTRrL7fYeOPiRApa00KQSt5mi6LMuEuNVmQNG0sZPknIySBWX421vWPjz4t1H4b/AAwvptG8H2U0K+NPidaFxHC0KiK58O+HJRt8+9uQjRXN1ExEO5gD8orn9b8TWvh9tO/Z8/Zv0+zj1+1Qz+JfEoAfTvCMIbZqGpaleqCL/wARXQ3yRxF2bzSGyCMCJ1Ek7N2W1nZylporbLRat97G8I7NXeyvu5Xael9UvnZ9Lon1zxTp3w8uLb4Q/AnRrbXPiDc2kd54gvrpg1tpEzuI7zxD4r1Qg+beMjPNHZySb5GKxqq5zXMQx+D/AIF2Gn+K9f1K98WfEXxTrV0JtanjN14j1+WTev8AYvhmxUySadoyysIh5aqoj/eMzYqK71Lw78GtLHw+8B29943+KPi2/Gs/Y2X7drniC+MgW/1fxFqAJksdJt5maRbd2VNg2qmMA9/8Kvg7c6P4wj8e/ES6/wCEm8f6ho2p3SNMnmaL4Zik3FLDRbNwY7cw58t5lXc5GRjJA89uc6vLFpOO7dlGmrxVr97W7Nu2judt2oJz00j5W+FNLpbW97elzD+Fvws8V/Eq0fx/8Yoo7TR7PVdYn8MfDGJi2l2MXmPJBe65htt7qODuKSD92wwQ2OfqaSNE0rw5DBGkUQ0u8WCKNFSONEBCKiqAqKqjaAABj2zXS+CNJLeAI2LM3mtq1zK5yWLSGTHOOnO05GQT82NpFcP8QvFXhf4ceEtA8QeMNXi0bSotKu4hLID51xMQwS2tIMGW4uJCAIo0BJY4bC5aumDhFJSktN27pyaUb3dmrXbVtHfp7w1Hmva7u+V9Va0X2016aX11TsT30UMXgC6ncrHGsNlvkkYIkaRTI0jyyPhUjXaSSzID0LYIz8/eL/id4h+JutDwX8ANKi1yazmtofE3xJv0ceFfDc0O2KWDT5HAj1XUkUsVijG1XAYPxz59rGkfE/8Aaf8AAs0txc6x8JvhNEscOmaKPMtvFvjmMTqYb7U5FxJpWj3i8rbfM0sbZJHb3TUPiX4Y+Cvg/wAM/CT4f+HrbxR8VpdOgg0zwJ4fiSKKJlEcf9teIbyMOtnZAnz57m4dpZSpXbl8iq2KqSpyWHfK3ZOVrTslH4NXZNLRtJvQzWHUXz1F7qd481pN2Ub6aNNrb18rHknxD+H/AMMPgj4m+F3jXx1qn9sazDqcuo67478WzC8vpLpUJNppNq4cxQvISttbQwsy/KN3cbV9458d/HWV9K8K2+q/DD4YfaEefxXeQtF4x8UW5lwsWgWDAPYWk6ZC3py2zadoyAOP+I3wzubTxV8MvH/xy8T2fiXxvqfiKGOCwumWLwN4OtpIpJprWx0+RxBNPaABHv33B2UnZmtXVPiXqvxBvm8LfBJ4fs8FwbLWfihfWxOhaTDbyBZrPw3EyKNSu2GViaFVWNiDlyM16+AV8LC6bkuZSk2nZKMHrs+Z9ur37HiYl81eWipU3yqKXxSXuW6u173a3XXRM/la/bkXQPCn7Rvxm021bUZ7DS/EkMMS6jcNd6hM8W0yTXszfNLcSvlpGYLgEcYFfF2r+P8AUtRnuYdPxYW0kUfzZBl2x4xjIO3rx1J65PWvsv8AbB+Hlzq37Tfxq8OSXuoalfWviAyXGp3KM11etGFaa7nAPy7ydyrzgFV/hzXi2g/DzwhoDLqGvCKZYgiSW88wIkDDaknUnjGSuew6/er9ZyfERjl2H5m2lShZJP2k5OKVko301s27K12mfjGd0ZzzPE8q5b1pXm9OWz1d29Lt9Hrbpoj5+1vTtVu7S31KSO7uvtPlgXLRSSbiOCS7KIwm5doI4OcjsB+hX7Ir3Vn8E/Es0Vg+6PxO772cRwqVVcM+4/xHGB3wRhuo8O+LHxG0fUPDNh4a8Naba2FrbW0EE9zFGgVghbbsIXJLddwIPbKkivqX9j7TBN8DNeh1B44Le/8AEtyjSyMVGdgKMBk5yMYHzcnAxgAdNSu63LeDpXlB8rabTbXLdqyV+u/XbU46FFU6s0pxqL2fvSu7Sdop6p6Pmv2u7/L6B+DJ1nxDrHhzUtR0+GKC31mW3aLhZpAJBtkQKDlCuGXIJ/MCsz/gszcwXNp+zfp8FvLHMdG1ydiyja4FqqZx1LHaAueQeOOCfUvgZb2drLZqdryW2trsBJZmhVyqsAMZA2j72C2cj38t/wCCx12LfXf2ayyB9nhnU5Nu0AAyJwG/hHoS3yk5HXg/O51d4zL4z0Xvp26/u0ulreVl96tb7Lh5KOW4+auk3S+y0lrHTq9Xvd7q3U/Hzwppwh8FR3rusZed41RvllYhiWJyCQOOmOg56V5rq1jZPdkbcySb9p4LMxY8txg4BJ9T0wM1rQarqF3ZS2lvMyWwuJGWND+7TLHOCBxx0YZBJJz1xHNbD7TZbGQyyq2VZskMpOdx4BJ4HYDA9seBmUowikn7qST8vhv6/NaP536MDTU67afNLmjqlptFcq2va99bv5M4b4gaLaaVoVmYQPtt0Y0byxglnxlgMe4HIwP4gOa8X1kvHHaaVGxENqokmQDBkmbDENjOSp/P5RkZwfePibe273NjGSmdPtfNlJI270X5cZYEndxnn168D5eGrLc6hJNMTtaRyFxksu49cAnA6AegHNfOYebqSi+Zyi27N3snKyin125tk9dFvc+snSVOKUUk3ayW1+X3tktm4q2+h93fCSKy0fw7pz3mY0kEd/1UM/kyZfbg5GVHJx3PGDWR42+IEvivxbdX6ArYwKlnZwYwBEo2ZxnHJ5z1PXI+6OVt/EcT6HoFtaSYlGnCHYrZKeYQp3cnDAFh0JBJ561b8O+ErjUdSW3jR5CHEsjkYC5IUg5AIU579TwDivuuH6blCpVgldTSb1TUU4t2d3Zb99Undn55xdiVCrSoTTlzwtCKV3Kbsop26Wu0nor22WnfaRZ3GqiG0s4Zbme4dIlghDvJNLIyhYkwCx3MR0BZRkD3+y2tfDP7LfhbT/EWvWMfiT4w+LLVYfB/g0gXB0madcQXl7bYLIIywclwCXHOACax/BKeFP2c/BI+KfxAtINQ8T30T23gDwkyo893fkbYdRniYblhikKP5jDDAZ3ckV5t8OdN8T/ELxnffGDx/ctqnifXbp49KgkLSQ6VbEkIlnDyqrChEa7ADz2Od3j8U57PGSeCwtSUcPTiliKkJNOpKKinThJNPlWnO09dYpnscGcMUsvprNcfSVTF1kpYajOCao03r7SUXq5tfCna19bHongbQNUutR1T4k/Em8k134gamGnu724/eQaHC+Wg0rTomykAiVvL+QAgD+ILk+reH/CWs+LpJLfTbG4v9Z1XMei6fEpeaeXd+7j6DAL43Mxwozye3qHh34XX/ih4tE0uES6jcmMmMt+6VCSZ727kJCQrGrM7NI21QM8ECq/xV+Pvh/4FpB8JfgE6eOvi5dw/2Vrnjiyt/tUfh+8uv3UukeHNgcS3SMxje7TlG5B4OPzXE5jTwSkqdqlXllLoox2SlObtyRil3Tevdn6pgcrr49xnKPs6Kkkna86jTioxhG3NKTWyVrX0stD9bP2iP+Cnmm/s8fs3fCf4P2Nvb6v8Z9I8D6R4a1Pw3pEouv7N1KG1W3tor6SAsZLgvhjCp4YFc54P53fCb9nrx78bNff9of8Aay1G4up7hG1TQfCmqTGLTdItATPBPfRSssUMUcQDLEwyNpJJIwNz9lr9kHTvANhdftEftO3qX/i0RvrENl4gmE0GhxkG4N/qTXDlJdScDcisuYycBQM5+FP26v8AgoXqHxVudR+GvwgubjQ/h9YyS2uqaxasYbvxEYyYjFE0W147EgfKmQrKVzwBn8rqSx/EmaVsDk0pyhzyWYZo7+zowbXNRwzS0Vm4pr3p6JXWr/acNSy3hPKqOYZ1TjCoqfPgMrjZ1a1VRTjWxKvqrtNRl7sVrduyOv8A20f24NB0fTtT+Dn7Pcdpaw7XtPEHjywVI3BQGOXT9DaPAjjUZj85Mkn3IB/Ee/vJrmeaa5uJZp5XaS4mmdpJ7mZyxkkldjuZmcEkt948EnGav3eovgSPtJ5PLEMGLEuztjJyWzyM5B5555mRpLu6SCHiRycnOdoPA5IGGGScgA5XB6mv1fJMiweQYSGHw9PmnaLq15JOpWm+V89R8t1dt8qvaOy1sz8c4h4kx3EGMnicVNuEW40MPF2p0aeloxitL7e81r1aSuI5nuysMasS3y7QeVz35yOByT2HfANd/wCHfBWnBV1XxJI1tpkbI/kKQZ9QIP8Aq40xu2MeBgcg57VDo2nQWgRvLF1OoBfOGRn4++3O1VO3I6v6dK+9v2Zf2NvHn7ROt2Oo6rbXml+CraVGu9VeGSGK5gSRN1rpisqh5SgKsyAnpn5Tz2ZlmmFy3C1MRi60KMIq927uTsvdjG923baKbd7WPLy/LsXmeKjh8LSlVqSaVlFNRjdLmnbSCV2m3bp2PjLUfCmveOI7PU9A8MXFn4X0/UY9Os2hgKwCWQhI1a4K7ZJ5CAW5baSMkE8fpD8Hf2evA/wn8Jx/Er4w3dhYCCFbwR6q6FbRgvmRR2sDfNczvwAFUgEjPt9X/tTXnwA/Ze+F/h7wPp0Nje6to1+l7p3he0aJrm9uo1Xde6tImXRy6A7ZCSOoXJ4/IDXvFHxG/ad8U/2h4s1aXQvBVhIkVvpsLvHZ2luOFitbcEJNOUUASsh+b5scV8rgsXjeJKUXShUwmEnUkozaanVpKUeXlvZpzV25bLTXR2+hzHCYLhuso1KlPF4yNODlDRwpVWve5n1Sat6q/wDLb1L4x/tReOPjZeXPw5+C9hd+H/Bwf7Pd39mhtr7WIFJjaW7uUUfZbQpkogPK4Ga574YfAvw94U1Ky1bWZV17xJ5kcvlS4e0snZgzsNwYSygg5kbLEqfcV3Oh2Wg+ErKPR/CtlHaWPliOW6Cj7ZqDoGVpZpNu/wCdhkncVwT0zztWlxJBdI6xFC0kax/MwbcDuGSVORnBJ69Ogxt/Ucg4UjTULQ5YKPNKTS5pytHVt2ur3s/RaH5NxPxnCDcZ1lUrSklGKlZU1zJe7FPliuml39zMT4jyNBF4ihim23MOp7o441ASKIQxsscIwVAJI2gADPQDoPHNH1CQ3MVqbVmb5CWfAPmt1ds91BGSeuPbI7fxHqK6trHiNrmRTMmpxiOMsMOdiKflHOVAOOnPfpXP2qqmuXaSFSSIFwMYU4UDnrnk59OQCRX2WDwqhUppK3LUaSsvesr63Vltq7ptNdnb4TMse50qzjK6dNS1aau0m7aaWulrq362PXPDFuyBJGG53IBJPyqA2AQTxgE8gdOehAFexeCY45Pix8MICuVk8b+Egp6bn/taAgYHXqD36joa858NIjeTGFQFSpGMHgAZ49+vUDPX0Hr3w6gE/wAb/g3biLKyfEDwrkqcBv8Aiawn6kgccbivUYB49bNl7PK8ZJtrlw9RLfT3bNaX113s1ezPiOH606vEWWxjqpYum2n5zjs393R77Jn94PjHC6P4eUfweHtFRQSQARpkAycbsHPQfnXlJRfNCso3pGF7ZYsCeT1z6/XHGa9Z8coWh0SIDaq6RpZYY6bLGJSoPTd1AP0xzgV5LrOp6N4Y0m58ReJdW07w/olhE9xe6xq91Ha2lvEinfuklKlvlBwsYZjjCjndX8z4mpF89na7tv8ArZ62erst111X9nYaN400ottKK0V76JLvd+S1a03NG1gIkEao0sjsMKqkvyOmBngdFHc9f9n8sf8Agp18e/hf8OvBXgCHUvEWn6l4q8HfEjS/E194LtpkluZV0tluLWO/mjZksonljXzGc7kUnIABr50/bJ/4K/aR4ZNz8Ov2Z7e61LWtRnfTD41W2kutT1S4c/Z/s3hPS41eZjK/yxagQFUtkD7xr88fDH7DH7TfxOu/Afx//aZgvPDnw38X/FTw5bX/AMN9cupJfFninT9YvYEmv9YkkJktLedZCfLyFKMEAA4HmVKEZ0+etJ06UZKXM07ya5Wopatp35U1Za6tHr4arKlVUaS5sRUThGF1Zcyt77vpbXRO/e3Tt/FfxV/bY/4KpeNpNE+GekXmlfD6K8EU93atc6T8O/D0G4K02oagwjj169jjG7YpCswwRlsn9eP2Q/8Aglx8FP2aZbHxj4xC/Gb4ymFJJ/FfiS2SbR9CuSFd4fD2lSB4LZLdgVjuCHZ1UNx2/STw14E8EfC3w/YeA/hr4Z0fwb4M0SNbbT9C0S1itIgqIo3XDxKstxK/JkkmeQsc9yoraSNpFEv+rVuAoPKoOCcdCB7jkZIOCc7+3UKfs6MVTi9ZSes5pWveWmj8nZXfoc6p1JVFOs3NppRVm4Q+DZb221V3q2tdRsY3bSWWeRNqJGoCrEmMCOJFAVUUEAKoVQOwxkdBYWrM4kIaRgFUKpwiNkDDDqMEHJGTkdsZrg/FHjfwd8PNIufEPi7XrDw/pNpE0k15fzJCJfLBYpArtvlkZQApVWydoHJAr8V/2rv+Cv2h+HFuvDXwjuF0y2keS1i8QSxmfWdQlIKq2l6agaRUYjCynrlflyRt8mviW70sOva1ZKyS1V01bmbXLbq73t2tqerRws6rjOo3RpJq856dYt8q0cm+kYpq+rSufbXiD9pL4afs+/tG/tGeJviJq8WmW8+l+DINLso2jnvdSlh0uQOsECtucByEZjgKWHQjn8k/2p/+CsXxA+K+o3nw6+DtlqOmabqDyWlrpPht3OuaqJDtU6hexBjZ27g5eL+7nDDPPwD4d8CftD/tj+JfEvjTxHdan4f0q+1QQX3inxBPLJq91ZOzGKCys5GUjzYjhWO0x57beP0v+F37Nfwi/Z88M/21cfYdJeztzcav4t8QSxG+l2LmZjcXB3wxOfnREJYbgMcV42JxtDA8tPFVpYzEzjFQwWHs6am+RL2so3b5nZWV2+ydj6TA5dWxbdTDUY4PD00vaZhiklLlgoxk6EJaRbUd3tvomz5i+Dv7JfjD4k3lt4p+M9y97N5q3ln4SikcabbSSkO1xq0rszXdwucOkjMN/UjpX2f8QPiB8D/2WvCh1DxZrOlWl5Y2obS9DhELXlxJEuEhstOiyUVdu3zGXKj5sEjn89P2k/8AgqH4e8Ji/wDCHwBt4NVvY/Otp/FsybNOtpQux3sY+t05xlZiw4CkjGBX4eeP/ij4x+JOu3viTxl4h1HXtXvJXlkur64klEe4ltlvC7GOOJc4VVHQAe1ell/D+b53UhXzFywOB9108NTSUnCSjo43aj096Xv6v3bWZw5rxNkmQ05YfLXHMMe01VxVR3Sm0ldyuua21kkradj7S/av/bh1z47/ABBsvFWk6Yuj2eg6cNP0K3dvMYQxMQJ5V42O2M7cZAwOOSPjfxH+0d8W9bV4r3xdqEFuy+UtvZSGBSqjAHyHpx36Zycnr5c98jQMQSSu8M+7DE46DPUlsHqPvZ7Zrze+v3+0FgzbhyEzggZ4yT3xnJIx0yQcEfq2X4Klg6NPC0IvkpxjGK+JtWStfdvq7aq73Z+PY7Ma2MxNTFV58s6suaTWi3V+umvbv6tdtqXiXWdTLSahqV5dyOzF3urmWZyCSOQ7gBeMkBeMADjmuclulkOTNwuAFIBPUjI5AHGCegU4xnaRWFDFqOouUt4bmY5wqQRyysSOg+RCvDevTHqTXo+gfBT4j+IlSS18OagscpBE1zEYYgpGOdxHYgZ4GBxnt7+DyXMMU1DD4SvWb/khOV722smle69Fvd3v8/jM7y7BR58TjaNJL/n7WhB9Hf3pP5Wv520OIN/Dy7P5j527M55xwzAZ4I7cdc5x0oSX/wApaJQMMAOMZOQSRyOegPAA7AZ5+r9D/ZA8RzPbt4g1qw02N18yQRETzRqRkk4/Adcc9ecj2TRP2WvhzpMkb63eX+uFSokWI+RHnOMEMSNoboBnK4IO3GPs8B4acR4zkk8I8PF681WSj/Lpyq8rW6200dm7X+CzPxX4Sy5uMswp16ibUoYeLqq6tf3l7t9tE3a3c/OArc3J2orySHAKQo0pAxk8IM9/QEDI57a+n+BvE2u6ppuk2GkXsl9f/LZwlCkk/Ul1DADbyT7ZPJxur9atM8A/DXwvsl0fwppm5NqiSdEmuN+MfNuByQRgg8AHOeleP6ssp+PfhFYLeK3iitS8K28SpsVj0QLjAUAgHG7PPTivexHhdWwFDDVsZik/bYmhQdOlFtx9rKMXeTt8N3Z8ujdtFofL4Hxjweb4zGYbAYSrbDYHEYtV60rKToU1JJKytdpNu6tZLrc+etE/Y9+Id/sk1STT9IiYFmM8uZAduGUqCf3gG4dMErz8or2PRf2OfCNiqSeIfFU14doaS3s4QAxO3KF1JGMkjOOQM4OVZvsm4hkkE2DK7NK+6NpSTjnHy4OGGAD25JYg1nS6bKqONhB27iyklhz9zgZBBI44IYg4r9Hy7wz4dwnJOtSeIfLHWpNWb913tFqK1Tvr9yPyXMfGjiXHOrDCTp4aEJO/s4+80+XROV+19dXpZanlug/Bj4PeGwDa+Fl1JkTPm6h++UuAcFgRwSccYJwBkdcel2Uml6bDHb6Romk6VEEHleVaQqUI4xuMZDBhuVSTjjr1NWYtHkeNmJVQQoKll5OPuk5GPoSO+B0zK1nCFEb/ACSkbVBIby8j7x6AZwRtOMAZ57/T0clyPLYNUqGGo8qWqhHZNdX2s7667Ky1PlMRxPxTnE4uWMxtdVGrwjKdop8vRLS3y3tdDX1XUZkAM8oQgKWjGwAkAgbUAGT1wF5GO+AM9WupnAKZKsw3E7nYNnLAEZB5A5yA3PBqwbm2s4ZXu5ookifDGaZYk2KMKQGJxxzkfMBleOh4zU/ib4I0SVlu9et5FzvaO1dZXXIJC5zg45HAIyBntjlxGb5JhabUsTQilo1GSdtrO15K9vRea660OHOKMxnGUcJi58yWslOzb5JJttNdLt9mjuIbR5gzSsS0fCksfMyT/DweeSecn0wDxSm01rhnVST5ZKhXJDFtvKA/w4znHPORz/D4TrX7THhSwZl0rTbq+dd/lSzHyUDDj5uMknoGAyB8vXFee6h+0h4910yQeGNAWFpBhfs9lJcyFuMMrhMb8cA5PrkEGvm8bxnlVKVsPOpiZpJKFKEpXejsnbZ/PXTW+v1WVeGOcV4JY32WDgpJuVaok3tfRN2s9krW30uj0n4g6cR4z+HUcpY+ZdSApKAgVUcbsbs4XAGDzggY+ZSR67f634Q0MSPqWr6bY7H+YSXCSOAAQSAGyp4xxnP16fBPief4x+Ita8ORa3Dq9tqOqO0OiNd5tTK0jjd5IYZVAWwSDnknjJNeo6P+yT8Q9axceJtftNJR5AZMzPfXCsVy2VaQc4zjJAzwDXxmD4gzapjcdLL8tqTderCpJ1PdUHy04pScrJXVpO9lqn0P07H8K5HDL8opZnmNPkwOHdKCptSdX3+ZyTW9npon2um7HtOsftCfDXSRJCL2bU2RAE/s+PaCQOPn+XI7HORjIwc4Pjus/taLvlttB0RDHjZF57NJKwAAXKorNt5wd3XIB9a9J0T9kDwNYMv9t6rq+vuuySXys2sLYAzuUk8HphWOCpPONx9b0z4UfC3wuD/Zvg/SzNAUxcXiLPO4U8tlv4jnB6YIAGAQK9angOLsz/i4ing4yavGHvSS0vZrpZPaW/Vao8WeO4HyeMpU8FLFypqL5pqy05buzdr3Sb0cVqvT4Rb4n/G/xpLLbaFpmqsk7YRNPsZoUOR1ErqMADIBx39cGrlp8C/j34vmjl1Z20uOVvnfVr2QSheAQw3YYgjGNo6Y5PB/RmC/gtv3djbQ2MBULAlraRQ7VUY+VlXO3gnIxx2yMmpdXk8qkkSk5ILvIWOM8ucHhst1xz6dc9tHgKdepF5lmWKxN1dxUnCNtNH8Tsrd1+J5OM8U8JgqL/srK8JRS+GbhFy3Sv7qWr276bXVz4z0n9jpDIJvFXjVywO5rawhZ924jKq+SRxjBAwecg17BoX7Nvwh0BkafTZ9YkPWTUpt8Z2gHcydMEnkfpnIHrSGdnkUcYULHI+QQT1bJ5Cjkglc4GASBUjxkSFZGad1jChz9wbiCzn+HjGBnOfYYr6HB8FZNhZQl9Upyasuapeo+l5Nzb1dtXbrHX3rHx+YeKmfYim0sRKlB9KSVNSTtZLlSbSWqXS17sn0nTfB/hwrHoPhnS7Rl2IhtrOFd20DkyMhLYO3ByOM9Oq+QftO38+ofCrWVeJI4ft9izRqV2qQWwoRQAuedwAxjGQOcetpBJI6R45LgKECk7RjLZx1bBySCTyOMYrxz9pG3WD4U6rlmMq3tosgYHLEsc+wA9D0xnHaq4gyzCYTJMfKlThDlw02lGKSuuWzWn4LXbuHBfFOZ5rxPlVKvWq1IzxMebmlKSdvtNu9tdNXt11KPw3Mg8E+F4ohuaTTEVxgvtUYGQB0HHcYU4b7vI7wJcPviZ2Cou0KejnLHAHXDEjjIIxye9edfDGUJ4P8PMDhm0uJVXdwrAEHk5wGyGJORjjGMk+pJNGg3OFd5IlbeW6ckcDI5OccBeTjuK+gyVXynASVl/stC1o2a/dQUdvLV9XZ37P4niuSln+dJybk8diLxu2r+0smtL927X6X2aKDRyqMHMQ3KOc4yf4QAD0HXGc428HAMv2fAJVVyZChJJBwQN25e+M8YHT+LtT3v4nJJAOxDsLMdzOPrgnA5GMY7ZGzbXkvZHKSmJx83yhQMHnksvB5yOSevAbFeq5/CrxT0v1Tuo977NK721smrK3ynvypppSXvLb3mknG6vaztFX132d7MfIo2FdoURYzgcgEgEbSOD1O4dSevVSeYcKEwuwbmX7zAgADJA43DBzg8kYAAJqKa8WXmMIrltrecyg4AyMksoIAyQQRg545Geevtf0TTpZv7R1vT7BFC5ia4VZAM5JUbsZJGAD3xxwCMqmKw9FXqV6cFdXblGMU9L/E1porPbsu3o4XAYrE8sMPh6tWUkkoxpuTTdlJ/C27q97LfXyXVwHzCwk34T5i2ckEghVHYE4x1HGT1rStruwtwXmlJ+TJSMbpD8xGMeoIJ5wCAeeRXgetfG/4faKzGO9uNTfcBHBbLmPch6s5IznjB7gHI6k+GeIf2jtYe5kXw7psFhA5YK82JXAbIDMDjaeMjg9OBgEV4GN4xyXBJuWKjOdklCl7zdlFWbT2fZtqyfZW+oyvw44hzCcZLBzw9OUr+0xDdGMUrWspayS105X28j71fW/PXyIlFvBCwaW5uJkiJjZx/ETxlSyn+ID0JJPy/caxbaz+0vpc9pcR3MFvp/2dHjbcjMkWMow4ODgf3uOSBXyhqXxB8Ya5JP8AbdfvWikBzBG7xo2SAQAhAAA44GOOPlPPqHwJSSX4saCxcsV06ab5zubcQ24kkkk5H8WcDBCgEAfn+YcXxzrMsrwuHpThSjmGHneW8uWaUdFtv3bv16v9byHgGpwvlueY/FYqOIr1Mpr03GEXGFOLgnu7bWS0ST323/Se9O20hUKZJWGThhyoIPqR1yCMZwc9hWSAocMgYbtg2AHhDxgBuM+w4IOBwDWzMyLa27tgu5BJDctv5GB15JAwP4eOAOGwwI6OQFAkdVKH5igwMHdgYIJJIwB8pyehr9lo1WqcbpJe5Ze9dfA7bpdFfTW/m2v57xUKksWoJx3dkv7zi+W97vRtrr0t3pEKZC+4gqFAQY3bQVBO3uR8xOTnbzxj5tOV41swGDI0shHGQWGfl3DoARwOmM+lXZNNWJvMYI6FdobPOWAPzDpuHbJ5wD3GI5Y/3UCP8yxuBKzDnafu4OfugYPfPXJJNVz2ad7ttdWkuys/JaaLVLd79lHD1IRmqnL7ydna+/La1rp2WysvndX4u5haR8EAbFBwTgqQflyQvJY5xgnHB25HCoJg4JCxgIMvtBLM2CckD5uAdzAYBPbjHXaxpBdkaMhMiPIUbNygZBBC4yNoXbyMH2+bCljkjA2tIH5dVZSVCDjLZ5IIJ25znBPUDHdQqKaUVJtuz1afSN1rZq2+l20vO7+dx2Flh5SqOD5UrprRNNrXVXV72vd7aK6V4QzonmqACflATliMgFueBnjIK+vYU2bzPmJ3M4ZWVwMEDJ+XdnP4dRx+LkjkA272JY5ypDFlIyevoc464HAXB5eVVI3UF2LuNqA5BOTkHaMZHU8jGAO5z0SSSSknJ3XdXSS7tLo7NJbWvZ6eeqzqwaU+WMdHdq7V1su2unbqzndUbOn6pJ8xA067VSpJJ/ctyQMAcsSWBxu6DjNfOv7IquL3xrKm183hVgxznM7jaMHgdTkHJyfXj6L1KOQadqm5CF/s2+YAnAyIWHI+U98Bjnt6Zrwr9juMLJ42Rtu/7fhWB+ZWM8u3IGeAMA5IBzk4HT8z4gjz8XZCpNK1LEyvqrNRjvt2vbv3P2vgp8vAHFcm5NurhI3Sv1j6t39H07n2XNayIpAC4IjJVQQ29st1PQkjOVxz06jNe4Dlgg4BUEs3OCvbJxyeBxjA79QOjNuXR5kLF2YLjJKqo4Zt+OhIOB1ySpHBNUL1be0UyXEltbxbVBkmnQKNuc4y2SPvDGAAMDivo6leMJy56kIxS3bSUVeL3b6rezvfrvf5ilRqVaKhQo1Jzb2jGUpO/L1W7fa7berRjwo25ZP+ee5ckgszAcEADAJAPAJySBx1Z7uzMrKrB0XBI4LL1PAHCjJBLcbVAznGea1P4g+CdByl74hst/O6O1YzyEnPy7c4yB0A6/e4GQfLNe/aO8BaTKRZwXV9OquGacrbRcHqGLMCpywwBuxgHGMH53G8R5VhZNVsdR546ckZ88uiekfS3zb9ftck4Tz/ABMIOjluIjzqL5qlJ01b3btynyq1mlb7nc9y2iNCU2li4I6NuBwWwOc4J65ySOoPWIiV43KpIjh1LseFx6gnaM88jPBAAyxAr4+1H9qC/u5pIvD2jIFcEKILeS+k3NheiRk9VznJ4yfWuaXxV8efGIaPS9C8SGKQEo8cDWcAUkDGXB+UYUHkZXOM4r52pxrhW5LC0cTimm+X2UG09t3Zva6v3tstD7NeHePkovHYzB4KLtzKdTW/u62TV7/O3fXT7NvZrOyMk1xqNtaKBlvNuYwSpAPmKM7uhBK4LHPXIOOUvPiF4A0+Jjc6/bsFYq3kybpGZAMqBwdvTodvXPIr5z0/4B/G/wATtFJqsltpiXGfMbUL5nnB2/N8gJ6DOF2gZ4OOp9J039jVDsl8T+Obl/lXzbeyiISMtt3KHBOCMhhnPTqRlqwhxJxDi5ReEylUYNpc+Im4Oztq07Pzs77v5w+CeEcC3/aOeLENW5oYdXTs02rq7XW2qVtHrqo9a/aI8G6ZFJ/ZNvcajcRsTiUiGErGfl5ySTxnjqDhuvPytYfE+40zxxqvjfRofO1fV43QWkds90kKM7KAAuSW+YAHA57nNfd2m/s4fCHRYwHsbzXLqORAsl9cM8MpCjfuQHJB9Bk/MS2CK8C8H6bpGi/G/wAZ2OlafaWtjZ2kYs7Xy0ljtjn5ioZWBORyeQvbaDx4Gc4biPG4rL5YzF0qMquKjSpQopuVOco3crJRTain9rXyukfa8N4vhHK8Dm1PKcDVrwoYGVbEyryfLXhGcY+zfNdq8mnslbpaxyT+Jf2gvGvkS6bouu+RNxG8anTbYo2Opb5iAOOCBjOQDknQj+BPxo1+TzdcurHSVO0Mbu8e5nTJznZuAbBPoQp9a+yrbxOwjhTZmKIYkiULCoZcc4TAPOCDtGeBzg0678QXdwkjxxBUyHikYkycADgE5IzzjJySTjbnH0eE4PlOUJY3HYvGWSbc6vLCztf3Vqlbf3vnuj4vH+I9KhCay3LcFhG7uKjRjOaTcbatJba3a11dk73+XNP/AGV42njm8Q+Nry6dWG+3sohGowdzIHyTjnIIwQpzhmBr0/TPgJ8LtFDOdDudUlXG6TVZ2mjLqepGcLxxjsGxnOSe3a8vpLhJTM48wncpAUZx6Y6jk4GMkEEYPCoLiZJzM85iLgBOok4+ZhkE8fXtgbcivo8PwnlVDlnDB0XZX553qSvyx195tb7PTe+58PivEbP8W5QeKqwi27RpWpJPT7MIptW0tr631c+i6B4X0uVIdK0fR7FoyoWO2s4mkB7HzCGzjrkYOMk9K6ee5ni2CPcY1kw6oixBcYA4RRgDGMdu3IrG0eCOG6DkYEh3I5UoyEKflHUEdB2zyfY9LKFWORtgJZiTk8E56MMcN1HOCcHnOTXpfUsPQcYwp04JJP3Ypdla6XL0S6W+63nwzfH4yEp18RVvdXcpybatFvWT0d9Hsl10szN86SZ3GRhH+aNvmck8jccggYzyq46gey3qyD7MyyLCXk3FVALADqCcDrkY3A4HTFQpDcJcZTALycBMkrk4y/XBGRxgkEdV6izeRJmFHkdTuYzOc4AHIOPQjAOOOSckcVa5U2opaJWtpZ3jfotLemvojKTc4ylzylJNOMublvdxTTV3qterXVXJ7QvNJKnzlUJJZzlXA4YKRgEE+nfBP3ePOvFYKfE74fbl8tVtLwsmSCBtUZz1HY88gknJHC+mwRCKNJI2BQ5CxxkAtnGdzZBZSRycgg9c5NeVeN2H/Cz/AAHHhxtsLosM8KSq4XjGSOg7Z+7XFjHzQpK/KpYjDxaers6kNNdla+mum7uerlCUMRUcpOUlhMS4vyVFvRq9+m77a9T9vf2uv2pPht+0Z4Rt7DRPAsui69bavHem/uLOJbi3t8qJoo7hI42dXUDKsW29gea/MDxr4f0uLw14mu0jIm/sS9YS+VtLERZyw7c5H45FfonrPgTwtfhnOmRwKyvvNq2xmzjpg44yOxwSOeRXzH8XfA/h/T/B3i6exvryKaDw3qci28rBkLRxfcHuc/dwcLznPFfkPD2Y5ZRwdXAYWnXpQUZziqrdWzlFLl5237vVKztve7u/0zMKOMeMwmKxMqU26tKL5IRinJSir2sknZ7pPVas/BnwVhfErMSjFFvTkgkf61tp56c+o7Yx2r9NvBskM3hDQotoYiwBITKyDczY2g/eBOBnPA9etfmj4LVm8Ry4WM7re9YFsFT+9Y/dPfII7YOeCeK/aj4d+C/DPiD4ZeE2kiNpqUuixAXVocMXyykyKOeoUkDAIySOePQ4JrU6GZY9zUpr2CTstfjTd/LXXfbu7nqeI0YrJcA7tKWJsnd78kZb6u7a7W1+0eKyxSswhW53RDlopVEicjIRkYEhiOM8sRyM9K/M34jQxRfFy9iCLEF1Q/JCojjU4GSoChRk84XjuBzg/rl4l+GPiLRZfNspDq1oCDvgwJ0ABJ3pycAdSOem3HGfyP8AiSrJ8aNSt5gVlj1MF1dcMpCjghsnBxkjGN2M5YAnq8QpYerhMvq0FTvLENO3xtWVk76qz20tvv14/CypUeKzCnKUpRjRi1eV4q7jZKLs0133a06M9/8ABOpalp3hXVkj0CbW9DudVjGpra/Ld2iqARcJwxBBJOCOSQBkAV02mR6fqZkPhzWmjmDbv7J1JhBdwkP/AKuFpMbnJZVwAFYnHU8+h/s3+U3h/wAUBgGVr5B80atGQTgBgQeBgjnIJ6mu+8T/AA28IeIpmmls1sL07it/ppNrNHJjh/3eA2DyDnJ75HAjh7IsdVymjjsvxTjOfPzUJr925RklaMrJ68qeq36npZ7xRgcLnNfLcwwvNCnyWxMWpStOMHacWrNa+60+j3PjL43f2wNDsLbWtIvLdotRUxXMq/uJsLjasoULvAGOpBAGcY+bc+AJZ9b0V4gqmL7SxBzwuxgdzcZxkZb2OD60vjraeJPC+laZ4Wutfk1vQru9a4tDfgtfWboNoQzEEsDgZxgYOdp5qL4KXlppd/YzX9wlpbK15b3F3MxZY0khYbjg4AUkHdyOTnvXzOayxdLM+bHRUK9OpRjJR2tBxs726q7v0e+isfWZbHA4nLf+E6XNh6sKlpu9/esnZPZ82llftq9D72lTMMZYgLukcsjAkHscjjk4yeGxgcnr4V8c4Gk+HviBzg5jRSrHcBtYYZc/dJ6Ejrn1AxyzXHj/AMPSzX2iahH4m8PyySSW9xY3KXQjhdids0ALOgC4GMjb7cisnxr8RbXXfAmvafqCtYarJbBVgmUlJWTvGSoKtwWKYyM46GvpK+ZUMTga8JcsX7CXVNOySWqvq3te3k9j5mjkmLwuOw1WL56arwlOUbppcydmt0t91bXsz5r+F9tNeXWl2YDxxz69ZwiSHCyxMzALMn3cMrbZEwMBgOei1+sXhX4+ftNfBMxwWV1a/FnwXZMyLperhRrdpaKRmO3n6kRoMJuBIAUYr8rfg+rHXdAkD/I/iGzwAeAysuTuy2OcZ+pPAOB+jUni5rTUbqGWBsx3MsZeJyC3Jwen1AB/2u4NfLZTlFHN6VehXjJqEIyhJyfuu0bvrtZ6PZJ2tZ3+uzTM1lsaU7RkpuUZRavzpOOzteOje3a7Xb6wu/24Phf8WPBuraBq6XXw/wDGY0vUUGka6rx2c0j2csflwX0iqruXwqxgAjI55xX4beB7maHxH4xuUCsDeXYZo+UYCWQ5R1wrKeCh53DB6dfu7xf4X8IePtMuodX0yNrs21y8V/AnkXiPHEzKRIm04DAZwRyCMcjPwF4AsjY33iOzhkaYRzXduPNJLfu3MaszcYJ4ySewxk9fNxeS1MmxVJRm5wmpqKV+b3YxupJ2aeq3Tb62d2b4DMcPjsJXnSj7NxlH2i0aXM1blejaSfVaPR3sf0w/AvX9Bm+EHgCLUYr20L+GbTdJf2TPbTlYwG8t2RlMZzgENwOO2KzfiX4U+H+qaZcXEWmaPLMLS8m862KW8yyLbSskgYbVEhbJxk45GCDXlv7O3/BQ3wZ4A+Gvgr4X/G74a3ekWfh/SItP03xja2UOo2d7aSBRFJNEkYeMqvLl2PdgTnn7w0XxD+yx8c/DU0nhLUPCmqy3gHm2dtex2eqRhwdwe1eVWRiCQVGc9AOOflJ5zisDXlDFZfWhFylyzs+WUW009bJc2t9dOzR0/wBn08VBVMPiac5JXkrWtKydnsujWnra7P5GNQ3W3jLXuWIOv6xABuIYosrgfMMn0HvjIyOK/bH9mbwp46j+FPhHUrW9sdU0i9tpmjsJx5E9mi8skchLZLA4BGcHjODk/mV8cfDmieGfiv8AErTtGslgtNK8b6jDaR/KwS1dnJAdiQQ3TdyG65Jxj9mf2V7hh8CPBJMUZh+zTHbkFl5wpBHIwTgjgA5A+8CfusmqSVSFRJpVKCqRSTeknByUnotb7r7tD5viSo3ldWFSCko1Yrl5fd1Su036W0bt0fR0PF8zXGh3C3ljcaXPBOkQS4Vmid1bb+5cEB1IBG4diccHA/D34nwtJ8Z/EyKxdv7ZzjOFA82HHPUAdckHB69Mj+gX4m2LSeFZ5FCO0cscq7gSVy3O042lguc4ywJ4BGK/AT4gxtN8cPFEW35xrCMVHGP3kZyFGM5GTxnBbnjivWzarUqYWlCe/tI2a1skrpPrtda323tq/neC6dBYvFWTi+SLknd296N5Remln12W7017f9ovw7r0q+Dr7+z7k6fb6FCv2tYGNurtGjeVJKoZQ56gscjGAMA18lyxNFaGExkl2LKQwwpyMhhwcdyevXvxX7maVftY+GNDsNX8L2/iXw8+lW5urSRY5pQPJGCqshccA4IbrkV8JftF6T8CBdQXPhvTdV8F61Ms8raY9q4snlQHJO7hQzDqCcDA+ZeD+W4bilPH1MvnhpvlqypRnTakklNJ3i2nHe7+JXXRJH7JU4epSwsMVRruMnSjJxknrzKOzeist9baXbeqPi3Ro2HiDw+WXYxntsYOcHzFI6D67j04H+zX1h+1JplzLeeE5Y41fOgWwZup2m3Td91l6AnPp344HzRa2ltHr+iNBMGCyQyMVPH+uU5X5s/MRwORnk7c4P3V8edMtNTi8JzEgLH4bgYyK+Cp+zrt+U+pOMY5z9K+qq1HH2dS7bm7WbacU1BtvXSyerfW/kjwo068FUo251BaNJXunG1m3v8ALf1Pz7t4Lqwt7kW6bopQFb5iArnCttwwIP4bsnrzXffAguvxT8KBs/8AH3MACeg2gqS3U7t2BgDJDY6gV55eTtb3FxHukWNLhx5bDCtgsARkYIbGe3VSeSa7f4KTt/wtTws2Ni/b5d24Agngnt1YcsOcn5cdAN4zbUbRtK9lZ3T2d1a2nZuz280vOlGblecJQel29EkmpczS1srb6773GfEpDB8QPFAAVnOsXbCMkbgvmHJKscjgcdep4rg4J1Blf5VZRIpXA5yMkkA4wMen47sBdr4y/ah8TvGTRKyEavIqEEx7VY4PGeNw9uOMjB44i0e4T927MwcFiynB5BHPPPAxjvzngU4832nta1rPWysnfz09Grba1OjNW/fRlFWa2Tu1FrVJu+qumtdD6i/ZhuWj8W6yHA/5At1tYrnB2ueCOMEKMdB0XG7FfP8A4m195fEerw38f2qJNXvSr8CQBZmIVTwxAwMA9l3NnAr3D9l593i/W1OQV0a5O0jLD5XA/DA55/h5HevnPxKI5PEWusx2sdXvgvykEgTtuIHXn0wOe45I0qxvCk5Wk2nGL2aSae/S9tlrp5oMM5e0lDVpxp6rvZarte2l9e66nQSavbTtbm3WSJREUcOfugLgKCvHGeM49wSePur4CTSSfDe4tQFKzw3blXYMo2/KzcHjgkE8EewyT+dlkzpHMxy4YfJ2XIUE7cnkc4xhe+FB6/bnwov7iD4VXkySvA8VhelJYwxZSxJB74x14HZs98ReM/duotwbve3WKafl2187K9iasoxSkk7c8W77pc0Va+qs7rpraz3Og1HQbC/vbOziWIx3iCJyyAqGjPzfvBgDHT5iRjvnivFviP4ftdA8T2ltZFYI9trJIqgKheORQSuOu4jPA4x/tEibR/iTrWntG98ftUOnjfE3l4kYSN8zljySAeMDjGe5Ncz4/wDG9v4t8Q6ddWMLxwpDbRymT7xkMi7yeAOo5+uR0NeNOjXjOLlNTgmrLmuk04u1mk7p9+j2aevp0alKUJNJKVtdLbxTd3tq0+nZ3s7H3Tezu3wh1hY+WbQ7WRip3FiNuOBjOQPmOeADweK+VPFFrct4c0q7S0ULLbhpriMgtujO1PMVASuRkDp94n7vI/QH9mv4d6N8Xr/wd8OPE+tR+HdI8Z3+m6Bfa1LKsKabBdhEW4JJUMFdsYOA2RznFfqh8aP+DfH9oHwDpF/rHwQ8VeGvjR4bNuLqDTJZodP1SWzWMSJHaBpJUv5nU/KEZCxA9Sa+TzrOcNlWbUMPiZTpuvR9opRhKVNQnNR96S0TurNW07JNn0uT4GrjMqq1KEFO9SUeWU1zOUYxs4xlba/S7vtex/L6HZktXePzSUCqwyWDYwvAwScsfbtkZGPppodEX4X6UY0hg1O1MnmeU6iaVmdWZZYyQ2T1DFj07kba6f4m/su+Pvhb4qi8J/FTwR4o+GGsC8k8tdf02aztLhInKs1vMymJ41IJyrklRngFhXlXjjw+ui26W/nrNkSeTeWkjS2s6ZXYwMZIDMoY7SDtHOTurrhXp1aqr0ZxqU3GMk4TTi24q2t31unzN2utLk16dSND2VSDp1IuK5Zc0dUkrXb2dtOZK/XW1+c1KO5NqzeWy29yAQAN5HZXDDoGzkdwfxNfR/wJ8WN8JPih8NrzVWuZ/Dnih7TSPEccQY79IvLqFZBIqnB2kqwByBnPTmvmNLy4hght2mlnM0KpGhXBU4BG3fz95Soxz0PAyD6HqPi26ht/Dj2kLNfaVBFIHuNo+VZYy2GIHKgMRgHHbB+avN4myuhxBkuOyvEU5SpYvCVKE4yVl+8ptKz6yT5ZKSV04pnbw7j8Tk2a4THU5qFTD1qVaLsnrCcG4tLdSi9e6vfc/Sn9rwfA7WbD4u6h4b1TUYvij4a8c+Hl8IaZcW8YiuPCF/B5l5IkwJJSBSoXcWZQTnNfnF4L8W61ocfii40rX9V8P3l7DJbBtLvZ7VLyOYASRSJGQsoJ3AhlYfMVI4r6P8cfD6yiTwT4/wBX07Ubux+JS2cVlPDfNc3LX8NswvUZfMJazt5QuyM48sHqTmvmpNJi06VIDPE1kni5rGR5toa3iScBluMYO1VOCT8o5I5yB+ZcHZXhcFkVDKqtWeOo06cY+zxvLVcalGSoVKUuZNWpVqMuWLikm035/fcU47EYnNJ4+EFhak5uSqUL0udVuWpTq3jZ2lCouyduzP1c/wCCef7fHh74ceLdM+HXxx8OJ4h+FjaNc2N/q0FskusaLcKC4uJoyhSe3nkKmclQWAO49DX3Z+2nB+wH8Wv2fPEXxy8Da5YeGvitpGp6dZafoPhueOxutdtZ5HjtbzUtDjKv8y4zOpCqQWKnNfzyWTW3hLxZ46MlrFqOg3dsNMhubY7og12E2yxOh4dG9GPPIBzmrI+HXjDxd8UdL8I6Z9rS41nTbMeHzfzyWsNzEIjLbuy5KMAwcIWRjxzyePjs68KMjfFP+tGXZnjeH69R08XjqOEqKnhsa8PKFStOVN25HOKUavL7soXvG+r+gyzjHNJZPTy3FUP7T9jP6vQnO7lCFS8IU5K0lOLlK8ZtKV0lz6HCa34I1TUfG1ppOhC58QXWqXkbQ2sKmS9lW6wVtxFgM75YqqqAM+nFdBr/AIO8a+EbfxR4a8QeHr3TGglgaWw1G1kt7uByAURRIikhgyk7M9R0r3r4L+MJvg98WvBfjfVdC03xL4o8C65NNLp19HnT799JnZTb3O7apkLRsqkjpg527a/RH9q/9uj4JftefDrTrS5+Dlp4H+MFr4ut1i1vTxbi0m0yTZbzR3xhjQ3UdsB5kUbEsF+XJr6PNOKuI8rzfKaGAyKeacPVqEfrmZYasnUw1XnSjN0G/fpKknOUknJ391N6PzMFw1k+Y4LGSxWOWBzb6xL2GHquMKbi4J8r5teaUm4pXVrJu71X4cRTYtFhmtFRrS1baxbY4DZAVsqF3LjG4kDkE5OauadrAkg0rTUwFivFuFdyCrknoWAzuH3cZIGOeAK/Rv44fsZeLPCHhD4f6toB0rx5a+L7C81G61PwkVu7qxsBALiSfU7aDe9rDah9km8ELsI9QfgPV/B0Wiyx2cM7efbXIjnCKJD5a4LOnBKheA4wpB9BX3fD/GOW51h3WwOJhPlqSpVoPSrCUJqLjODSnTd4XtOzaV0ns/j844XxuVVnSxVKS5oRdOpHWNSMlHlcZK6lul7r0duqOo8V3e6y0u5giVJHVhcOMvGygbTIMfL8wHGc5yRk16Lqt9b3Xhzwraq6pIltI/yNuLYQuccA8nk8enJJOPLfEmkeJvDthaW2sWV7b2F/pi6hpp1C1aFrqzLHbPbM2RJEzbsnOCFyN2cVHPrYutC0mQyFZLeCWKMIDgAqRh8YBPUfey2ATzX10MbhMV7SrTnGpCcUlKLVrpwjLXWzTUk+V6fK58/9VxeH9nRqKUJRnHmhNSVoNR1d9E2rW77W0NzUNbgEcsqwr9peKFUlKnB2PsZWB3ZDKCMHPOePT6x+An7Q/wAQ/g/eaXL4H+I2teCbjUIZEubC0vLhNFvEycRXFsZTCI3OA42jKttP3jj4etLgy2saFROxaNpGkznyzKc4YnptOCPxzjp3mtTWBtImtAFmhi+S3AL+WPJyzRsOo3dVJKlie5JPzXEHDOU8S4GpgszwdDE0Kiu4VaUKkJKS1vGpFp2V1tfXZWs/oskz3MchxMcRharhJ2XI9YyV4tc1nZ6rXsrOy1P248HftcfBv4/2A8J/tq/DLTfEaaatxa+HPiF4YgSLULOV3ZftLxwjzJWiQiVWLMu9egrivBX/AATesPjbN4s8Q/svfE238Y+FhfyNZ6VqDrB4k0eRSzRrLC8geRHA8shIsZzk5r8dfDGvahDNbRC/uVhl3naSwjRgpO8ZJO0dGXptx1GDXvvwy+O/xC+EHiE6r4C8Zax4U1Wzkju5L7Q7mW3W5UOJNtxCpWKSPruLISAO2K/FJeE3EPCaqY3w44kxeUqm5VKeQ4uU8XkU5Kam1Tw9VzqYOTldxlhZRgtnC1rfpdLj3J8+j9U4oyjDValVRjLMqcVDEw0jBOXJyurFLo1zbNSbifRHxA/Z8/aK+Ceo3ll8SPhrrdpYaVcvaT6ulvLLH5IYiK5do1YtFIpB3Y2qOTjqOC8O6/o+pPJbWd0Huo5nSa1mIWdAv3iI2+YgYIyME4HCnOP1J+G3/BVe5+JejaX4K/aA8O2PiS2kga2bxzptpF/anlSRNDMuo28isbmMxlmdgBtPQEkkcjp3/BM74Z/HPX9R+Kv7L/x88OxtHdy6uvg/XWQXcN/M/nSWMrGZBDaySu0ao6sIwR7iu7hv6Red8L155R4u5DVyepRly0s9wNCvicrxtKLSalUpxmsPVsk0qkoqSd/d2fDm/hDgc4w39qcI5lQrc0Y3wU68faQlJQ95OShPlbu2muaN7pvd/BktpcJPHJZTEYVnCbynKLllyrY46kcDngDJ3dz8OvjP418F6nFrHhfX9Y0O80+4AF7p93NA8M0ROCGiKxyL8uSsiNnj6jz/AOLEvjz4aeMNU8GeKvCdvd+JPD+oXNhrv/CLNJe2tvbCQxi9ilhQxlTGNzlWG1nAGQK5Hw74o0C5ivLWyuXt5Fd5JLe9BiZ5iR8v7xR8wbAZSd2RxkZx/Q2FzLg/jzC0sVluJoYinXpQrRU3CNX2daEZ058j99KUZXg9E7Lur/mdXDcU8FYj2GNpV6Uoz5VKDcqUuXlUtUrWurNNd+jsf0J/s4/8FgfGPh9NO0D416ZB430NPLhPiKxIh121jG1TLOq5+1ug+YgYDZx2zX7jfBr9pL4L/HnSob/4b+NtMv7mZEefQr24js9ZtGdSXjltJWVmwxwMMwABOM4NfwmwRO1vFcQytFIW3AiTMeTg4TBA55DfN0xyQcV2/g34heNfBd/DrOjarqWkXlpOrxXmmXc1lcxOjZRh5RVZF4yNwPPBHp8dnfh46alUwE5LqoS1TTUXyq219Ld+2jPrMt40wuJjCGOh7GpJpOrTSV27e9KnpHzfLZ2/H+/CRniYKwZSBkZzhugOHGAQfUE/7wxSrKcdRuHBOOTj1wRkE9GOcdycnP8AMf8As3/8FfviR4LXTvD3xatl+IHhpWjga+uGWDxDawr8pc3BBWcRrkhSuSVxkAkV+5/wQ/a2+BP7QNnE/gDxrpqaw6K03hnWbmKw1i3kbl444JnQTKCCAwIztGBzX5tjMsxeAm6dejODjLS8ZcjWjsnbl6aPo9bJn2VCpQxEFVoTpV6TSbnTkpOO3xwVpR31dkrO97I+ot46ZVSPlwRgggnK8Y4BwMjjjvjhytgsBnoCcDnGevGMdTxxz14JK5p82N9sqspIwDwykYIBUgEEHOQclcEHgYNSCXBB7YwxJyeAfoO/LcD6jOOCUuVO6fd3Vmrcvmusr6W3b9adKM7W11T3e3urv1SUd9NX5lwk5yF5wuPXGeRuPHXsBjnJ255crNngfMAMjGTj6DJI9AR/vdeYVByBkEkYBHTkE9xjaM/mDnngycg7gwySp6AkjOcEdTjIIA5HoO2+Gd27Oy5k3zf9u9Feztu0+vyOSceSel3FOyb1eltbddW/1e58Cf8ABUYqn7CHxyZwTGun2m7HOQJSDnr0B59uxzmv4ivB/iK20QXh8mSQNBaSJydi/u1PIzyGAAzgA456g1/b3/wU+jMn7Bvx9QkDZocc2T/CA7nqO3AO3IxgdOK/g6026tY2uhcX0MG61tdoeQc4iUnGchmGclc4xggDkj+lPB6fJCbUrP2s9bqybhBNK+mt/TvorH4t4tYeeKy2acPaRulZJ9JQaeml3bTXu1bS3t3ij4gPBp0ctjZuzzLHlZWwF3Nzxndgn+LnIPbrXC+Hxe3vifxHqH7qG4ltrSR2jP8Aq8hSI1ySxYryccZ45Y1jX+q6JNDGkt/at5MMYCK+794TjjkDGCcAYIGeCDVXQfFOj6fr/iIS6lbwRm2tGj3HAcEKu4YGCoA4HqT3Jr9yxuIUquG9+9qqVm0koqKu7u2t/k09Elt/PuU4GdCjjWqThz0IpP3lJrnpp6arrfRPuuh6xea3qyFI4rqVcwMGOAjNsBGfVfY4+VQB1xjqfD9xd3WlPLOzyOZkQF2ByuB1AC/KDnOck8de/iV54v0WebJ1WDc0DDKMwGWBIA46e3XtjjntfCvj7wnZabJHf65bpIsyl0JICqox0YAg/Kc8A5PYg11UqtJSa9vBaN3lUUX9l/ae7d1p/wAA4cRgsVKnJqhVlre/LKStpa6fTS6S0bav2Xg37XWiagdS8A3MKRuptbtcDr5iMXPJPUAZXIOT3GMD5J+Atz4w0jxR4vvvDXh6512SXMNwkDbBD++3K/AJI7ckknvkGvsX9pfxTouvxeBZNCvV1Bbc6gs+wH93mNmG4HGAwwFPbucEV49+yVqEFt4o8ai7mgt4mQHbJOsSlxcYUgk87QMkA9QccV8NmdCnPPV7LENU5VIy54tSV1TTfK9V2WtraXfb9QyipVpcN0nOhzShTcXSlFrmj7W13Z30e22vkkzU8fa58VNU8J6wus+DZrLSxFC097LcKiwhpQpwmCc5yDjA+YDpzXkv7O+r+KdG+Jmop4W0S31TU7ixFpFbXU6wwhQ3m7y5GOo6Yxg44AGftv42a1pEvwy8TxQahayziO3HkpdLI7f6QpChAQDnjt056givj/8AZinhs/jDd3N7eRWcKWIuGkuJREuHwFjDZxnkkDO08c9COHGUoxzXB8tWUnzRbk+Vv7Ke+l5K/R2tZW0a7cFWlVynFOWHhFWqWprms/g3u09Xa6um+lr2Pfv2gpPibrHgSK78UaDp+m2ljqSSK9vqCXDmaaPy2XyFRfkUH73IOMkcA189/s76d8Qra08WweD7nS7WKXVUF018pkkDhTsCZ+4oyTnB5wfTH2d+034g0a8+FbwWOpWV3etq8IMcc6yzeWMEMcHGDj7xUgAc5OTXzB+zFruj6TZeMm1jU4LVpNWXykkmCuygHnnO0BjggjoDjrWlbkWaUv3sveSTlzKN/djo222lZWsur9b40JzWWVEqEEoyVoKMnH4ou7jJy1v52TSfUv8Axb0b4ixaFY6h4t1TTL2C01FI7S2tIhHIs7KQXZskkENzjvtOcZJq/s/eA/FetaNrNx4e8Qw6PDNr0iy27Qb3adM5cScFdpbjH169e8+PHibQNS8GW0FjqNrPMNXhZljkBl8vbySOvUYI5GMkZIrN/Zh8beH/AA7oGp2mqX9xFdvr08iQwwtNiJiWO7acDOBj1z8vQkZwp0Z50rytF073lOzk0l100sklr38r9FeviIZEnSinUVSPuxprl5XNNpRaeuq1s9umhzn7RfhDxRoem+DW8S+JBrZGoXMcC/ZhCtuSSS27kuTg9egwT3Fa/wAEfh5qHijwjFcweLtb0y2S5ulFlYOY4lYMAzZx1OT6DHGDwa3f2pfFmjeJdK8Gf2VPPL5Wp3Bk8+3aI4CnlN2OTyw2jAA4OcEn7Pvj/T/DnguGzNhqFxc/bL1pJIY8xhWY7ATj7uByc8EZz96qgqKziVOpKXs0rxUXJ8zag3qm27O+721VzmVXFvJ6c0o+1cteaMVopWuk1a6slpvc8s+N3w9svC+taal3q2raw9zoWpTmXUpjJIkkIyoUkZ2HJ+XGM54x976D+DPwh8D658OfCmtanBey3N9pbPMrXEqQCQF8lY42VQeOygYxu7keD/tG+J77xBqOlanaaXc2kcOi6hAyXBJZ1cYd1+7tGO54OD904FewfB/4h3Ok/DPwtp8elX1w1vphG9XXyZOWB2DHZs56n7xGSec8PDDvOcTBwUoezVueLb+w01tfyb7p377V62MWT4aUZ8tV1EpOOkXppqrLTZ+ej7njP7VfhHw/4W1XwXaaNaixgl069eYoXJnAAIdzIWODnBwRjvwePpj4HfDzwRrHw98M6jdaFZXGoTaewnupjKxmIYDLjcVwBjAAx16E18z/ALVWvy+ILvwXdy2D2Qh0m8xFM+55F6k9flzjK/XGT3+kfgH4q1a0+Hnhm1tdDM1vFZFhKJgDIQxOMY4GOMknnseg1wHsIZtiY1acXBK6jyNpW5Emvk5dL3fmjHGVMVVymhapJT5leak4tqy3lfo3tfba+l/kH9p3SNM0X4sXen2dha29qLPSQLeGMpGCZkUkAYOWB2sSckE89MfeXhvwx4ai0vTTHoekIW0i1Z/9HQszfZ43DElSS24ls8jJztAwD8F/tO3t9e/Fy8urmyS1lm0ywmWGSXzQnlSqULcA5OOOOnOckGvqjT9Z8cXWm6aYX0y0Q6faIgEO9gv2eJduVPBIyx4JJC+xFZdChPMsxSoKS9onCLjZJNrurX8vle2+OYV61PLcA3VasoxnK8k5tcu8kknqlvf5K6Pm79oo29t8SbVIIoI400uwYRxoiIn+khhhFHJ7BlB3cAjOQP0j8Danp9xpOgWf9k2iO9lYAziCHAAtFIZgYsFWJJOchvclmP5i/H9L3/hNY5L+SKS7XRtODSRxfLnzwVIRuTliABgrnAz0NfZXguT4ppo2kyJqNstlLY2BjcacSyQLAo5IIALrxkDnJ966cnlThis0pTpx57N7RslZtRV3Za6afpczzD2lbC5fNTVkk37zvJSUXZO+9o2TfS58X+LZVi+PGlRRJGRJ4uuCFTCqrC6IAAAAUA5O1dq9+OMfct27xoJpp5Ed3kZ44TsORnAPPO71yCBz2Ffnb8SnuoPjda232prWdNdUmWNQjo8hBeRBjIyxLEc9eeBmvqMWifZy91r2o3U3nEhnuTskUnJBHOD2weuG+bJFeflVWEKuMg4KT9o/eTslZxT01crX6aPd66no4ylVqUqDW6paK0pXVoNO+nR3s9G3ZapHgHxZn3fHLRpBvVXfSXBLEn/j4jXcTnGc8/jnAwa/SzS762i0xY7mZSDCzKJLlDkfZ93A8zg5AHfoRjIGfzO+KFvCPjV4atIy0az2ulLJI0m9tr3CfMjYzuPJBPIzjoMD7UtfA2iOoH/E0ndQxPmXEyo37okENwNoPTrnnsvPRktSfts1cYxkvayjLVWs9+km9Xe66p+bMM1pr2WWqcnfkXR6tOC1XS2t7dd7dflTwRqNvbfGOxubm4igtk1jWS0ksgESoZZFBJJ4Hp2znJGeft678feFkhlj/tzTpGAclfM3ALsI4HzN1HIHVumeK/PPw9ZRXXxSi09bT7TGmpapGISxPEcjbQcHLEEFW578jHJ+to/BsiLJcR6BbKvzjdIhOAFPGCcg7iM9T68kAaZDiJ08Ni4RUbTrVFzNydnaNtrLTo32bb1sLN8LCpisJKpGb5KdN2jqrJxd9e/L2283p8zfD/XdLsvjTa6nfX8Fvpw1XVWM+eNr7/LKqOTknIOME9e5r7b1X4h+DZ9L1G3tdSlubmfS9RihjSEkM32d8BWAGCD97PBA7c1+b2iWRl+LUFtKsUYGvXytERmP5NxWPHTAK4AHIIzzya+57PwtJ9kmlMKQr9iv2RltwoKeRIQIywB3sf4gCQB3BNY5JXnHCZhTjOnFe1qL3rcydley1dm7f1Y78ywlKpicFOUZuUadNJq3KtYu781a/wDw+vyP8GvEWl+HvibZajqkkyW5jvoiYozLJuMsmF2DJLcgYA46Abjur7U1b4paDcaffw2llrk7yadexxlNMm8vLwuqszYIGTg5II2/UZ+Mfglodxq3xZ8L6bb2sdzNqPiO402FZMMrzXEwjjDbiVUKzAkjAHXIxk/0IeHP+CbnxW8VaRdTT6ho2krJbzRRsVjkDmSM4RTHsIKh9y9RgEHk8fn+b+KXC/AGDdLibOsFlMcVUqyofWLyqVnaMW4RSbdnuraXXdH01DgTNeKcRTr5XgauKeHjThUnCXLTha0oqTu1rrazTaasmfz7/s4+I4vD3xA8R6vc2d5fK+nX8ZtbRDJdRs91uTcg5XGGz15JA+bGPrfxp8T11vwh4o0aDwxrKyXmgXCi7uFMcdsEXdvmBxwMD0IwPcnL8ffsqeI/2W/2qbn4S6zrUWt32veHV8QQ32nW7xL9nvG857cIuQzIWKn7x3Ybj5q9L8ReCorfwx4nmnjvhKNEvD++BXy1ET4DfN8wYjnP0xkEV9Xwbn+E4g4fWYZTjYYnL8ZCpXoV47VadRXUo8yTtJabKyvfVJnk8R5PPKs3p4bHUHTxdBU4zhKXvQaatotHdWWmm58Cfs7+Jbjw7rviCez0ifWZLiwji2wSBVi2sBknDBcE8kdTj7wwx98+KfizxXrPgDxTay+HUsrObSiJJJLwb4k3ZJCD5nbGexY5OfU+O/sxaJBc+I/FEcjSskVhhVgLM+WkIAIUg8Y68564OOfp/wCKXhtE+G/iuSK0uw0eju/myBwNpK8ndgZIYdB94k5K172GqOGU1ozqcq5ajcIpe87NaNRv37K2lkt/ExKpyzWlelecXRtJN31Udrde97WWmh8n/sxeIfEWiaP4nt9DsLCdLm5tjLLeyDMZXJGB8u5evp2PBJz7b8QNe8Y6t4I8YQ6k+lLa/wBiyl47ddshXIOFYM3zA4GM9SDxwDD+xb8PbbxB4Z8ZXV7arceVfWcUZ8zmMHdvz1OQOcn0xkkDH0L8WfAmmaL8PfHht7KJfL8NzyQyD95jABBOQuMccnoeSBg4nCYqH9kxpe2u3Rk1T57u71t5rr3bbud1elGOYKTo+6pU05tPV+7bXytr31Vj4B/Z6XX10zXn0rWrnSLb7VAZoYIvMacqWww4PI5zjAJYexr3Hx7aas3hXxAuo69qt7DLpMsogkjKws6qSpcFcD8/4hng1L+xHpVnqmj+LHu4YLhop7Ro/MjDMMs2QDgkAkDJzkDg5wc/S/7Qmk2Vr4A1V4be2il/se8ztjA5CKcAgDoRuGO/PbFRSqqOSqElK7pu2smtXbul+avve7OWrX588jShCKSlTfNbVK0Fu1dWutn12Pz8/Z60jUNS07XktdavNNRLqHzEtWwJfmyN4APK7f8Ax70r6Qi8J6q95JnXtaU/Z3J2yMQ20Dk4HQ4AIORlsVyH7EtjaX+leMjcwRSlL6AruUEJhnHUggE4GCOuSO4NfcMNhZm/WJLeEKLaXqgIOVbgY4zgkg5PQ4zXVlNWEMtpJuV2pXtJpJ3tZ2un8vPVPQjNlGWOnzOCas9VFt6RTSbTtd30unbo9bfOGleG9Ri8G63PLrmszRDS7qQ2kkh+zysj4Bbgj5mAAJz1GT0rrNf+K0UXw88M+EHspiPEun2uh6ltmBMFnc5iMyJt+8AdwGR82DkA4r1ZbWB/h5r1ukSENpOpGRlj+6Q5UYIx6E9iCpOMZz8teNLKK3s/h0yYaU3lgZOCHaISnax77M4yuSDnGR/FwY1Qni8PBybpyjGMm77XjprfTdWTa9dzuyWajg8bVhNc8LtNK1rQTWi2S37bp2s0vA9X+FGueBnum0yxbUdAF3K0OqhRJPbhixCyxqSy4GQOoJG4DJ4+f/Gqtd6ujNJ5gjiAYNg72yScx43odwIwCrcd8kV+uVtbAxtG6xC2+0K8kcieYHDgA7kPynGSFyOMDGCOfP8AxX8A/hz47vp5ltH0XVHLt9s0/wDdoxWPcZGiXhiSpOxccZxycjfFcFSxPNLByioOKkqU3yrZNpPrbW1+ul7Hm4PjNUpKljINtVVFTi7OMdruFlezul71r6dLn5c2VpDczQ291IIIWbK3bnP2Y8AZBwfLyOvHcHHWti68L6hpdzvM8VzZFPMi1GBTJCysCQCRuCttI3AkBe3JGfY/G3wUu/B1rfXdtqUOr6dbyss0k48uaJDKIwrKc/MWGOO57gVZs9F8R6P4btp9LXT7/T7x4/M0uYLMsvyA4EhJKFsZAyBwBkDFfAYvLcTgKrjWo8soybvJ6vl5UrOzvqrbttrRvY+9wmLweZ0lOFRTSs3a6s2otJ6X+flfqfNWr6DqWq6pb29iiyGW03LK7gRDa3zMTwM4yMEjA74rnNe0C70aWG3uDZyP5Su7WswlwSchTtJ3NjHHOOcE8EfWGjWmk+KfGmmx6jokWkW0mm3NnPYWU2wSzxoVyydVJYAnHUFjjnjutV+FvhzQLe2v4PB9hcC3ZbmW4nvQ8jIHXHyyMckA7cFcH0Jzn5XEY3lxTha9neW9m7x300Wre+yaXn9NQyyk8EpJNtX1Tb/kt7qVradWtvN3+UPgjAw+IejAELtuJWJdWTpC2OHwMnkHOdvqB1/Ve/ZJbC2nMkblNOiAxJuGU2ll2rypzjjgZxwu3FfnR4avbO6+Jmranb6aLC3tLu3hihUhY0Msq2z+UQAAGVs5IzkkAEZNffk/geaTZLpWpXtksllHgSFpolZlDYT+6pPQc4PRcEgftvAWbUMJgKlOdn7ScZNp6vSKTVrdvv8Amfi3HGQ1sfiqdWg0vZ05QV1q2pJrXpa9tdPmtfHvHTB/E/gmWQYUG9IyMBtxPfIwOR9M++a9q8K2qXNpFNKqmIhlVTjIw4wGAOTx3HOOOcYry3xT4O8XT6robyCDUW01Z/JMeElYLkHIHJcqcjg+/ZaqR6h4h0hUWUXunlSV8sqxXJIJ2MBtABHAbtnOMmvssDm1GnisVOLjapJcrktW0orZ6WfZ9db3Vj4vHZPilhcGpU25U6dpta682j00dt0lbv2Om+KqLDHr9tGQ0Uej7lRRkAHGcAk4POM5yPQ81yejeCPCviHw9oo1jQtOvHksFHnCFEnDFRg7kCkkDByc9+emYte1WW/0/WJLm4WaZ9NYO7cNnI2g5HJwRwO5zwemr4V1BINJ0gSNtVbRcZBQjjBBPORgnnBGCMfw0VVhcZim61GjUjOOqnCEk+aUd012e2qe6eivODr4vBYXlpVK9KUKt/dlKLXNGK3Wr0WvpvezPNdZ/Zy8N3byyaJqOo6FOCzhVZpLZSOfuEjGM92wVGOAc14nrXwi+IGk6xLpmlXlp4gltrJb5d+2N3tzkhcMCd478HcSCepz9ywa3AxmTzARICEztGN3JwTywOeRgDrnNclAY28dzuHUpJoSAtg8n0BxkhScfrmvnc14SyLFxpSp4eOGqzq8vPQkopXe/JrFO7votPO59Fk/F2e0PaKpiJV4Uqbko17Sd042973Zfjqr21sn8VpqfxA8IMlxqWi65o7xkD7RZS3Cxqy5y+6NtpAzwCCOvQkZ9z8GftS+N9OshYv4ruLiF/LT7FrcRnjIU4CEuA3ReQSecE5zk/RZsY9U860nSOa3VWDLJGsikH7uQ6nsOMHaOc44xwnifwF4Mk8P6kJ9Cs/7STUbKG3uY4RFII5m2vjaAM4I6444ya+VxfBGJy+nUr4LM5pJtKFSTi5baXje931cVor9T6vLuO44yvTw+Ny6E+fR1FZ2bte6nZq2rdpXSXXQ9D8NftdXqiFNV8P6ZqMexVkl0u6S3kdejMYsMCeAQMjByMHivY9H/aE+HetNIl3fz6HdOjmODVYi9vmRMBEmJIPZRlgMDkCvhLVf2fdJV5G0TWtQ05yyOrOzSQ7ioYgBSoXDHORge3JNcRqnw0+JPh75rG9s9ftlLBYpNpl2gZICMN2SASQCTk9eBjkqYfi/LFzzofW6SinzK1T3Go2aS97bro+l9T04ZjwlmM+V1o4WtzWt8EVO8bxfNeL100dndbtNH6laDf6BrGnxSabPYXEhmlZJbG6iDtubh9mchjkEISAAMg9AdN1uXkmiAW7SONkP2gYkRSvKBiSrEggEkHp16ivxwtPGfifw/Ibi90nW7BY5WjN5p0lwsSMhIcqFJQlGByMZX5s/NXrPhX9pTxPp5SKDxQ15EAoNjraFS6g/6veQrM3bj2OSeTGH4tVBxhj8HXoSjZOaUlqkr6NJb9NUrtNa3OjEcN4bFXng8fQq82vJOydrRum43TtpurWs1ufefiHwzpGo6jpaz6GYneOdZZYAqyTSKvygbQFfaeSQQew5xWJd/CTRrm3cW3nQXMZJMUMhjkwxACtH825l43YI3DA4IrynQf2m7DU7qyh8RaAE+zDet/pc6yYcYOFi4JYNkryehyc9fftD+LPwv8QrE/8Awk40y9aThNUX7KN2RhCWA+YHJZieTz0IFfT4DibAVk3h8bGDlLVTlyNtpXTTe66b3sr9D57H8I4iMYutglWhFO0oJTjZparlvZO++lkm32fkOo/DHWdOivTZM06vZSwJBcxNEdzJg4c7gxOfm6L0PTJrzPSLDxB4f022tNR0u7UJJIUnhUsnLkkscH6YPpnuK/QeNo9Us2+wX2mazbtbOyTWskUowyjbuIbcpY98YOc89K85t7ZbWGS2vLAhJSxWYhZAHLkHcGGAAOeOqg/j76z+onGUatOT5bRblFtq8LrbVXX3X8z5OpwfhpxnBQqUG5czTSSTVlFrayu3fe60fVnyxHqKPNLCt0yu0UoMbhlIzEwIwV79BjqB0GBW74Tjx4U0FgzFRc6gGGCC7faXG0d+eigYJHI2jGPatU8M+GoGuZtVsLGcTQSLFPEgSRJChOdwAKsytgAng7jwBisCDwZpUXh7TobC5uLPDz3FnErCUEMxc7goBILsSeCBu9QK6o8QtzjPEUlGnGM+Zpp3bcLNJWcVpulu013OKPBtelSq/V6iqycoO0raWcbpJJrbo0/K97Hf/ssyaAvx8vLDWxp82n6xoc1nc2eopHLa3CvCQ0bxS8EsM47ZIwAM54n9sb9kjwr/AMLi/sf4N2aeHZNR8M/8JBJopwum3V4zBpPsgBAgErA4OSAx2rxisPw18Ltek+IFrq39tfY3ewa4S6QPAymLlIwytwSBgtg4z35r39NVvNZ/aI8JR+KLiUTf8Izp+ii6eRpYJkSZFjVZCFU71XGQ2SQF5bivzriHBZdnOPq1G4yVSKUY3alGT5bNtpa7N20fVbH6Zw48xyfLKVNqUJwqXvq4te44pxT2fmrXV+lz8YUm1PQNbvNGvbR7a+0y6l0++tyWGy6gcq7plegYHLD6nAwD23hnW7/TvEEOsaXqd9omv2bpNDq+lTPBIrIQVjuFRgJVJCiQOOQSOh4/a7R/2afg/wDE/wAD/GS08V6ULTxVZfEC4/srxPYxCPUbSwRHklRZBjfGpBLqQxODg5zX5L+O/gpr/gzXPFVx4ft77xP4Z0afbJrVpEWkhtWJ8uS6jUEqNuFZuOwIzkV+SZjw/isLVrTwsKlWhSn8cFZx2376vt0fofqWWZ/Rrwo08RKMZ1LOSm/dd0ublb6NtK0ratJX1v8Aor8B/wBtu2nitvDfxlgi01pE+z2vi6JDJp2pqR5SjUUGRbO/HmO/GSSQcgn7Sv8Awd4Q8X6FpV74aksra4tpbnUtJudLeNrGaS4hdixMRKr5u7DZABPOFBJP821r4mvorpLUYnsFISS0mXzImH3mG1+UbPUHbtY9NpwPpn4PftD+OPhfe3F94W1SS/0JFC3ng3VZ2ktyvG5tPZ2YwuASFwQAcDp0rLM8r4GdOFZz5VtUXM3FrlupJaPTbrbXoka5jk+GzCE5UFFVGnzU2k4y0s+Vqyj0SSvbqj9ZNJsPF+m+Ddf0PUrF49Ug0LxGiqHZo7uJ4pdhtyB87unITkt04ySfn74R+CbDxF+ynq9x4o0Zmh0zUdXe6j1ezO9Yba8beIxNiSMMpPllcEdBwSp+h/gX+0X4C+NenW0Gk6lHp3jG1Yvc+GdVdI71GJxKlq8p23UBOeByU5wMkV7h8VrQ6h8KfHukaVp0SXl7oojW3so44SlzPKivKttEqqXHzMSAcqMgdcfpVPNaGYQp1pezq/uHCSSTU1LlvzrX3rqzXS7b3PzypluJy6rON6sG6tKpFNtOPLulJJWT3er0emrPx6+IX7Mto1jb+Lvh/ePbwatYWtxpHhi/2qt606N8thM5B3jny4eST905xXyBNB4i8M3t5pWv6ddaffWkzR3OkalE6TQjoTH5gUgY+6y8HI9gP1n1Lwr458O+FPh3Z+KAk50PW9Oazu4YmcR6bEryRJcMo+VuzKeQeWzWH8f/AAZ4c+LGv+CFvrW3sbrWdE1gy6vYoi3kd3aBBbm4ZBmSMEYw24sGIPUgeDnPBUK1GGMwDjTq1lGSw28Xom91aLT2Wi10aPfyni2rRqPC41ynTptxVTlfMuWSu5JJucVb4ldu6fc/Obwz4m1Xw/qFtr3g7Wb/AEDV4HRlezleKQlCpKyxIypNE/CsrKX2/wAXGa/Vb4Cft42GsJpXhj41rDpNxbyxQWmuQQltP1F12qjXyEEQSt/E+cbjuHZh+c3xB/Z1+IfwutbLUNQtnvNLvE+02OrWLean2d2PkLPGoJiklAyFYHODxggjza31SJ4Z7bVoSjBlAkVCAsgHys2QCrY6gYPHqK/P4VMdk+KdOanTlTetOblFSStflvpomno9lvbf7z2WBzjCqacKsZpNThy8zVou17XVlZOL0te9uv8ASND4R0a9tf7a8DPFcWOs+II9du7dJ45IpYpF3PLauGbEbqQUTPXPBOa+OPifpd7a+G/HWn+XMsJ1HVrq2imjbzYoy0TblwcFS45YHJIBxmvh74KftL/ET4HTImmXreKvCd2Y1vNBvrh5Ht4tyl5dLlcsYpI1y3lg4AG0DAGf1E8MfF74XftBeCbvSPD2oW0Gs6hYyx39reRpFrOj3U4UtmJyr3FuJASZFGADwO9foOTcUYavH2WJm4zcdn8SkrKKT1TT7vZ+bVvz/N+Ga9GoqmHhaCkm+V6Sj7rtJbptWV7W3tbpkv4E0f4p6L4c07xZpVrq1pp/wnuNRskuoUWWK6hstsc8E7KWV0K7k5JLAgAg8flj8QP2cPEHhrw/4Z1vwVd3niK98SxanetosSkalp8VpPKMQFPmlVFQDIHOOAc1+1cOm6np2n6fplnafb59B+H2o6XDqNou9b4RW8g8po0xiSQMQMZKkKMkHB+WPh/cT22sfCea5tVs73TrTX3ntLtD50O+eXCyRuCQGLHarAAgjrxXTXyrAZ1RqzavVim4VYu04vV6uyutIpJ2atZPZnFRzHHZPUgoOXKlFeym7wemvL1jZdI+T1Px+0rxNNp8Ull4iha4KyPbTrOGF9ZToxR43L7H+VlKuCrAYIOO/wBE/Cn43+O/gxqVtr/gbxDPcaTx9o0id2uNKuI3Ylobu1LlY2I4EgUKOAeN1fU/xc/Zy8LfEHU/FsOnLBoXjOXxOI7S/giSO0v5L2JZ1guYx8qh3k++oGehzgZ/Pfxv8PvGnwW1ibQfE9nPo98hZbeK4BkstVgR2U3Vm+NssL9QygqMhcjOR+c5lk2NyuUZuEpUpOPLXptqNtLqTSunbV306pn32VZzhcyjKF4qpGKcqVSybbte0WrTV3pu7tXTd7f0efsc/th/C/xnL4g1DVbiPQPFviiPS0vPDsu2O3M1pIhnk0yViFYFQXKDkA+pOPKP+CkfiCDxP8WLW98ECbU4bb4eLcQztExT7TbsZXQvgI4hOSwGQACenX8O/DmqXFwBeaPcT6PrEIRjDau6vIUA/eQspBjl/iAXGc4YYyT9KyftNfELVfC1t4Y8YSW+q2emWsmmprUcSxa/BaSps+zNLt8yTcpCsDnJB+Y5p4bN6uHwOJw0Ye0lVpuFNqSUoptabXd/NLa2tzlx+TUauLhiaVSVKUbSnGSbjZRilyvZ21clJrs/L9mB+yz4J8Q/s9/Cb4q+Coh4Y+Il54Xt7XUbnSoNtnd6vqdssYuNbt03JOJJpCC7BSuc4wefg7x5Y+MvCdzrnh34g6bHZX2j3mj6dbXEJJ0y+lR45p5LW5OY4pGAaR4ckj5hjpn9N/2Sf2l/hT43+GPwr+COj6nPN4rmksLXUtNu4MX8MVq0c32pe0sYK7CVA28sABxXzZ+1Zp2keMYNe8M2cqTHR/jjJYajY7h9uvUWy3I7OSZYrcRgFRwNwwRyC355wdxDxBgc7xOV4qNaph3UnONGvzOcKc6rtOlJ3fJZL3W3B9EtWvQx+BwVeg6toQrKMYqdOyi3GMbqVrJuW8lbS+u1n8J3l5bDxZ40nsY0ntbj+xoCuxW3OBDOxWcA71QDPy5yoKk5wB/eV+zrJv8A2c/gmUXap+HugFRg8ZsICAR0zngnHPQEdv4IdOth4U1LWtLheTVdMvfFkmmPDIjG60qRI98StMcnyk2pGA3G3GCCcn+9j9msOf2bvgqGOWTwFoidh92whAwRjn645HoK/Qc/rQqyp1YWi5025R2cZLla0tpLVbPbTVaLjwNGpRock1osRFx3acVGCV79N9tLrorI9OdRuJyVJOM4xt689CMHkE4IAJzg9XeWCPlIOCAGyB8oyAQCcHPXsR+OArAEsS3QsBngZI5IHqe+M5GSB6OG889cdsYJBGMk8nGDn+eWGa+Nldvt0W2uis7LZdbadn2PXha2+7ei6NbLW61++3oNVQcEjJA6jqV4546AZ49OPap40wAAMZyRk9BwSD246jsDxwMYFAJI64AwSMk9Ppge3f6VcWMcdTnBPyggjPOD7gj0I5POK0ppN67997J2WqtfTy3ej0te0m3p01s9m9tenX893YjWMDBxjAPGQc9PmAPY57/UcEku2HaMdQCB2PB4CjBHI69RjGRxzY2dQCoIOOuASCMDkjaDwBjPXAxjNHlkLkkgjJAw2e3Tg4wS31x6FTW8Z8ttrXT1Sevu3e3aPSz1vdsbceullrbZJLo00krWe7dr6R0ZHtGQAxwAM55yOR1654GOvUZzkZlBHTGFOBgjGQATkcZ5znOe/bjKKpJPHy5wTxg5+8QOmSccZ5788BYlZSflBJ43ZwAO/HUkHHT39RRzNq19tW7XaTaW/XR72X3tmNRU201F63d79fd189n2v3sSlOnB44OckgD2B5OBxzwB25IlSJmGRztBC54+bB3Ee+AMcEGlUFidwxjALA/N26jjJ4HXOf73FWwnG4FgBkntu6YB9Mc553DnjuJlq/Pa973t5v112t5dMZcqS2W26vpdJ200uml1+7RRmAsFJ+8RnA47nAwO2ckA+oPJxTBAOWLbyRggnlfmOMemBwc/eA75ybipknJYgAEA8fw8bcYOBzx3IG3Gc00qQQD1JA+UcDHcc5+6Rnvxx0Jqoq9ubRpJWVrO6Tdm0n3v1132Jc4pJq+6a6aO299lZvyVrplJ4SCcBW4+9tGAccD8e2Oo44qPyiw+Y5Zuq9GB6HPPJHPp365zV5wclOcD0IwNwPAUjv1JwevJHGGEMMFgSG5wQMd+ASOx9e45yK05GlfR/wAu3NK9nZv1107K+2qUm5JW1td+V1F21626La+vcq+UQR8oPzAcgDpkkDOQMDBPOR06YFDxKwHBznOAADt4JIOBwCuQcnnJAPQXAGz8ucEZIILA7jtXAHPoMDjtnihUHz9Dxj/9eOnoc++O2U0lfSTd1tbS9rpO9l7r0tfRpt2sF3Fq6slro1fTlXpvZvqtH1uUxCSdyxjn5sHquPf0boR2zgc4pWickbwB7ZGQTzn0JI47ZH5m8AFGAOCAWPQg5AAHJx17cc9+MBDNgEbcn7vsOpBHQc8dPqDUtRTvFbNXTdn0XM1Z2S1fpb0KUktkrfkrpX8r9lq92++d5ZUKCnyjuBg9uF4PY4yM8jbj0GQ43cheFHJ+7yGzgZO05yR3HfGK0wjEfKM8epOM54xwcjnH/Afaq5jZS+TkkcYG0nJxxzjgg4HI+U/MM5JHnaa5fuSWnu30frq3a172shxqLmWlno0nqm1b83ft0t1tW2kDIJJ5BO7qDnHGMgHtkn+e6dEXqxGQM/r06EH1zjHGMZxl2xlbccEkY4Hcjp2OOvuOnqKeFOAQeMHPJ554zwBzwOO+cDnlqO3ZWaa0v12bdl1eq9NLlOV+ul1tdJaRdr9tktXe1+477x46gK5PA/h2jHAznGCcex5NPC7hhs4wG5HpyuR6Ad+nc8Zpu3BHUgjIHAzggZwMHjjHQ4HQ8gWFY7sBQwOeDnAJypPXkjnoeCMdBiq1S6L8Vp93Qxs1dKN9b366cvdt9E7WSVktUmhGiAxgA4xzgAHGOSSDwDyMcEj3pCO+MZAyABk9hn6DoM4ByecU9mY44JGdowedq5yxJY9M9ABjJ9qYWALcZzwTjJz1HII5X8+vTvcZdNFro77aq+720d13Ik5SkotrSSb0as9FbXRvXTZXbuhATwBxkZ5HU9ckjnnHP5YPSmlepwPmxwDntzjt6A478dOrixP3SckD34x1yOATkZ/DGDkVFhgQRnBGSAcZz/dznjI456dhzSWlr639dLpXf33to9Ladm76b3unpq3fZa3063Vn1uP2AgcYX09hnktjOMg8EjnOD2pY49oIK5xluCOVIHUDAAU5xjHyjk55DCTjgEjcRjHfjB+XdjjsR9PSn5JyM4AQ5AGWyuDkHO0EA5x7HkYBq+bbWy9L7W001Wt9X019KtJ6d1vbTRpdPk/NLfQmHQjupU54ABOQVHB545IbrgDd0KMnLMOm0EDnjAOeRjOCxyecfMOO4uGwdwIKg55456YJGeCM/Nngj6WEi3KcHLc42g5J9Bjp74LccYPQypa6O+qTV9rqKe733+XciTgrc3w6a3dn8O1tbWk301SS6p1SrKw4JBIG442kY6DB+Xk55POQBjHFgSYXBAwOTnIwCeOOgGDwAB6gnGA948jaCSQCQAN3zd8HB9+O3IPWoirNhUJUEHJJyMrxu4XnoQ2eOQTjOBopJq8r3VtdOln/AMMl217JuUGtL3SinFx0vprdW6uzu1qrLXUXIOCeRkY65zzwPlHXAxnrnPTGWFARgDC56/KTnjPToMYz368igA4DEE568YzgHkgKSdw7n1wcHqvzKScHb97HTA4zkE+u4A8ZxnIxVXfTy+718t/l6WITTlZPdq2knJvRvm0Udr307621cJVdozg4zleenTIYjkDoemGIwN2KacEgqAQpwQVw2T909sr19RyOfm5sPnOdu4ewBBbqvAx6YAyB0PJxuYQGyACpPBOd2DleAOFbfjtkZORnlilJXt0fXdJ6Wv2v0avfbfQ2cOzevK3suiTS+avp6PVXVdoyNw465HqScjn1PbGOg+lNZeM43HIBJGV6EcZz8vAOPr061bwQgBzkZ25wuOhOe2CSc4GBimFTkg5AwSQMAZHTkk5PfJAz27YT1s13vdK97238lbrs9tdBJWlq3pbV6c3Mlpdry0Sv59L5xUEDnkkkYBOBnJyB3HQqSM/mFjLAkDP44OPUDjORuBG3nA9RVuRSSueCPcjIJxyO4PAPGPxAzXYBWAxgc7s5I4HBz6E49MZIyQRm9bXfTW2j0fLsldbvbffpYu8L7vmdlbtazeuvVX8mr2TsMBIYLwBkjJyQRyOnYDj7vG7vycKxxyvBBbACngk8HjA3dtx45ORzigBiSSCf4kJxgDr8o6HDBcn1PygAZDtuQ27CnqCV74AIJwGLE5XPfsBzhK+l7P0/HZp76q7/AAJcb63aV9OmyW1/h7u2noyI5+QnOAOpBJDbOR3GPlHbOAM4HRN4ZjkgYfvg8HOAT2HYEH7ueeBT8KDk5G0A+u7vjHHAzyO4A68kR+W2eD1PGAQRjk9WIJB6Zx0HfNDt18t/l3v/AMNrokaRjJW5V12s+rTu9HvdNd/xJRJtIHzEbiVwCcKMgA5JzjIOeB1OKnVlOVJBJYZHIOSCcj8DnHOB0wM5rr2B6gYLZwTjBLAZ74B4+70+YgGp1JwThTnnHBA4x3OD0IyeucEZJyrpWWrd7aa9rX166972FKLunrbSz7tcui0f4NbdWS53rwDngZz94DlcKT1ACjAYL2zywoYAYAyWZuq9Bt/i54xnqAc9cg5NJngnOCOMcZPAweMcg9+tIBw3zE5PfBxn+I9AegAU8jpyDimulr+Stb0t+X4eiUpPRpaWWnfTpvsle9/JbCYOMYzuwTg7lUZwMHAGMZwBxgdTnJaVIJ2qGP1xg8Acfw9QRjA6nkdZeNoHAPKg9TnqflI5YjOMNtyOcjmmkDPJJ9epPyjoTnkY9uCOTxwNpK/3v7v6/wAgte15W13VlfVW1a7LlV7f4dUyEhiMlAGBz9SecjPU4I+o561ETv6nG0NyTnPB+U8Ywe+e/POBmduQ2f7oOTnIPbvjnAAz1Gcc4qMhcEMc4GAxxhjkkEA46nH59AeKmzdn28npe1+19L21Xb0jlUVZXemi73tfb7lr7qsraFcqAD1wAM8YBJyeeP4cE4PrjnoGkFSMcAH2yM/eyuCeM8KOOozk7RK2GXcMAAgnBySQRj6AgdeoJ4J5FRgAlfmYFm7/ADYCtkAHrjGNxOcDkjFCc079fk3ry9/K9367DcItbvpbWzv7t76bWTW3+Ywg4zgEk8HOGUgAYPU57DAJB6Y3cqNzNyAFCk/N/FgDjAIPTjgkDJPGKcyMe/3MdOvpgNkDrkDA9vSn8dMZbHJ+Xv1xwOvAPPTuDVKo00m76q76atau97JK2v3dbTyuN21sm+nVKy3XdkOwgEgYBJJH8JDcn2Uc+uPXvhhj4HABGchjjnaeuPrxkc8Hlettlz7MOd2OmR0APXHXb6nOehFeWDzdhDEAcnjr1GHPfjHPPbrxV3i3daNNPSzVrR10XRb+d77q8qz3bs76/JPv+munyzX84SMnk9OAVK53Zy2QABnaMYJ456U9fl27gRlsNkgnBPTI4HT/AHeDyaurbbgTypycgHlSw7Zxk+571+ev7S37Tnxm/Z5+Kmj+G9J8H+DvG3grxJpltd6MuqazDoGsDUproW8lmbucOkv3i4O0bQQMjbis3WjT5ee/K1FXe6bta93trprpe73R0U6Xtfdhy+0V3Zu17WXlZ636Wa0V7t/T37TUwtv2dvi9N91f+EM1JWO7IAMMi89eCcE5AHoSa/ibvYlj8M/EVpZGWFgJyQSAwezZFGCOFYtluc8Hr1r+jf4k/wDBS74T/Erwn8SP2d/E/h/W/AnxW1fQpNINlEg13w5bX15mKBbjXYCsMVvvZczMoX0OM1/Pf8UNCk8H6D8S9IvLm0nntbW1tXuIJke2kcW/WFg2HG4jaQeeCRzz9Lw7KM3jGpazpQlHVtuD0drrvv1s7Wu2zmrUZwdLnhyr2r09VGzTTaaXz8z8q9FCxePPCUUb7bdPGXhiV2ZlUBn1e1Y9QM5Yjvzng5PH9w1rDI/hjw66FkWPw7azNjBJjaxXawyckNxyWHUD1Nfxp/Cf4ZJ8Q/Gk/nSS2djoGkt4ru7mNMuBpL+fDDbndtM8k0agHkqDkg1+gepftp+PPgve23jm8+NsmuaJeeDbfSbT4RavGJZrW4YKlsk9ypxFGFUTPMR8iBkPOccdXE+zxM6SjKTu5S5FqtVyqK6+a5rbXVjaphm4qpKSi3aMU7pJPle6slstXbXXfU/a/wCMHx2+Gf7Pvg+88c/EfWILCC00iLV9F0NnU6r4iu7NiUsdPtQTLIZWAQybMKpLZIGD/Nx+03+0/wDtA/8ABQPS/Eut+DfDPjCfwfpPimzTTvhv4Utrq50q2txKEgutdlixFNcyqqvJ5rFIh95BggfRP7P/AOz78Wf+CkvxGj+Jfxj8e22hfDbTdYtdGhLahG9xdWwH2x9E8OaazRi3spIImil1BlbGXIJOTXvX7cH7V3wl/Y98Ka3+zT+xQPDWl6z4h059F8bazo1tbXa+GRbwNb3Uh1FFka58Q3bbnkkRz5LkgZOCc41Zzn7LlkuV8zjbZNLVya1d37yWi6bEShChBzupy5VGXLpZtqzTtot9E3J3urK1/S9e8CXvg7/gkWuk6n4YTw3qVzqV1Hq+nThJWt9QN3C9z5jrkGXeuGRQcHgjJyPxA1/S7m18HeLGguLaKNvDPzIlpH8wijUgE7TtJx1BOX28nnH7o+KH1Cz/AOCN3gMaxq2o6rqer6lBc3t9qMpnu7u41CUTtNLJJlmZ3zu3Fj04I6/iP4nk2+EfFMbdD4ZnJxtO791j5vUkjqQMAelfpfh3RpVslzupOKcoV68IvZ3hTjdq1na/e/ZbXPheM69WnmuWxTaU6NKUrWv/ABNLa9u6ae/rT8H+HPFV34G8J3cPiWSKCfQLFzBHaQZVMEAbjHnoMck8dT0A5H4w+DtVg+H3iK8vvEGoXEa2Pmm3ARIpCrqArgbQV5JPIx2DdK9++FyL/wAK48EBgp/4paxbBdRwRJ26k4HIPAxgjqK4748tEfhZ4oYuNwsiQmBlVMin5sAj5u4xnAPpgfqTo4b+wnNp87y5O7lJpNUo69UvLTS7Wul/zxYjEvOYxTXKsZGKXKlaPtYp2eru1b8dW+VHAfD/AMGXV94I8NXCa5q0fmaRbMsEczBEG3lQADgDO3B6ccZ5rV1fwCEtbueXU9WkK2F0xVrmTaxWJ2IJJAO4cNk4xxjnJ774SLE3w+8J7STt0S1JUE8sUydxJ4P3TjJyB3Nb+vMrafqSCONQLK7UZILYWGTlR0AGSc8gjOc5ruwmGw8ssw85wTl9RjJ25mny0oO929/K1n3skzxMZi66zavCM3FfXJwSStZRqrRKy01bunqt9NT46+BHhddX8LXW68v4VXXtQRIYbh44wEnYBmG75j8vfGc54zke/wAfw50h5RNPNdy7dow08hBOCMMM5JyOMnncvI21wn7NcUP/AAh14XdUP/CR6nkkKG/18gIB4x0xhePuk8YNfTvlWltGFWSMM5Dkk7iTlhyD343HBHLZB+7WmQYXDzynBTlC79l7zavb3mktfO+y3tprpGdYyvDNcRThU91VI3s+W1owe2jtstVv3sj4i+FXhLSL7xt8VIZIpmistcTyk810yAQMMykZ53Y68EEAc7ffovAuhITJLp4chSdryyMfmbAwA44UYJ644x0YjzP4MLH/AMJ/8ZfMdVT+34lQnaAFzwAPY/eAyRknjmvoYPaxK8ZmjMjLkNkEdfYZxxyBgdfeoyWjhXgIOdKMm8RinrFPX28tNWrXt59eXqaZ1i8V9d5FUnGKw+FkuWVlzewpNv4rau6vqm/RHyde+HdJk/aC07TfsaSWY8LNK9u25lZiz4LbmJyAM5JPTOBnj6ftPBXh0KGGkWaKgRVBQNyADgdeuc7SCSFxnrXgtyUb9oy1KSLtXwmx3RkAkZfPGQfU/NjIPYYr6agSMoEa4ba4jYqTsHOBjOcE/wAXXn5aMmhRdTMn7KDX9o1bO0bJcsEkm1tdPRb620dlhntSuqeWWqSipYGk5e9vKUpWutE9d2t7a6Xv8wftG6Fp1jofgqe3sreES+LYIz5cSqXAdOCRyRz9054OcnpXuVj4d0c2sBksrNMwWxY/Z0JY+UpJJC4+8T8zBu4GAM15Z+02ir4c8DJESE/4TW0Cbjk/fj+8AB2xzweQR0xXuNvDut4Ea4RXa3tQE+XvEuQQORjGM4Ge56VWF9n/AG1mloRsqGCcU4paqm03Z3W+t92tE+gq0pvIcrXPJydTFO91zN88Gk277t221b+R4R+0Np1pZfCXWpI7eCJFubBdqRKu4G5QZAAHUdR9M8DNd/4M0vT5PC2gM0NshbR9NPESMxzBG2SdvzdQeMEjq2SCON/aZSKP4S62Gl37bzTFxk44uYlHftuPcld3Bxk12nhMySeF/DwXEWNF04sPulh9ni5AJPB6fUZ57TGUHnuKbhdLL8MopJPacr2a26NWs+m9kGIjN5FheWT1xtZt3bv7lLRS0ba2W7e73sS+JbK0/sPW4444UdNH1PDCJRnFvLhchQR90ncOAfmHt4R+zlAp+H8L4Kj+1dR3EBTwJmQAgqcjP0GMhcGvfdcCy6TrIEqqf7I1BWDYJb/RpMt2z1AIGcYBxnp4z+znbo3gCON22htX1RR2UJ9pc7uBxuIzzwcjHPTCtGLzvAzikn9VxKTtvyyo8tmr3Wr5vR+ZFPmXD+O5m5f7Zh7K938M7W0s+jfRW89Pf9LtIPNgVlYGSRQPkPJ3gfNjj+IDsTtJr5t+EcS/8LX+MoKcpqCLg84AJGSDyc8e3IYdc19UaYqC6tEicM6uFYcZ4c5C5GVJHIwe2SFxz8wfCuNv+FsfGbLFSNXTDZ4w7HI4JxwBlSeQeMHJruxLX9pZK9H/ALXV0Svp7CVntpZ3uttHZ9DzMEkstzx6r/ZKSd903WovTo3dap/k0fSc0EHkgkfP5LAALjoP4sAYwPXncOOTXy34kVR+0F4AAQEDSrlgoyOQCNwz0IG0k57DrkV9VTtBHbsxk2kwsAQ2CSecYA/vDrkc8GvlDxK7D9oLwC5Ulv7GumJHAzjgcADgbe/8xXo57KDw+GV7P6/gnzaX/ix1v5t2fXS76HBw6pqvjeZytLLsXZ3v/wAutPO/+XQ+oLhSsLt5YBAdgzHLY6nqvbGOAAcZxivnD9oYiTwPohZArnxno7ncfu5f0BG0fQAeg6A+83FxcGKR2DMoDAKWIAO84DHG7nuNvBIGc5NeA/HWC4n8JaSEiY58WaQzBsnbhywBIbAGevHUDgBqyziblgcTFLaEW7vf36dpX87LbVaq+rY8hus1wi1V5SV9l8Ld77pK3dpXuulvaNIvrOHT4Q5TH2e3y4chlxEnygbiMAk5P97PQAiua+IOoW9x4H8WKsm4HQ73bHgZ5T5ct65465z6d71hod49nF8kaE28IyzZCkxqQOoGQBnPrxjBGcDx1YpZeC/Fe+RXlGh3gbbgDhCoBA5AO7BI52gHgcDorKSwVSLVksNLW7Tf7q6S18+npqThnD+0aO7bxNNWsrc3PFXbu7rforOy6WI/g4Avw08G7VC/6DjOctw7kgBegBxzyM8AYr1hJ4g3lApkMWJbByGV+mfmUdiuDwT3AryD4Rbo/hr4OkU7dumgEbsHJZuMEenTB9GAzkH01ERn3GchmJYKRnAKNkHI5yB1JHqACMVvgEoZbgU9ebD0231u6cV7uitp3899LTmMX/amJS0axUk77O001f1W99vSzfkHwQdEu/iKDKsW7xbcKvTcArZPU4yM/Lnpg4717lc30MCybpSSSyjDYK8DGDxklgeBxnoOK+efg/5aXnj4LKq/8VZdFjjOcEZJzuwT0BznJzx29fvrjAVYgr/vSxcsSCBk4Ixu4BBJIwARzkA15uSTcMso6L+LWXxav99NWS7J3vbz7ndn0ObMasnG8vZYfp1dCla1t3vqlun2PHNSeJ/jxaMJW3f8IhGhctjB8xwOSTtznBB6nk5yM+/RXtvBEimRFlI25Zh+8ODzyOOuehz643Cvny5Uz/G21kYIxPhWLAUYHDvgjBOOTkEcn7vufZdQsARbqkheV5Qct8yleDtPdQBkfQcEDNaZLVjGGYSS91Y+vZX3u4O6Vt7rvHZ3toRnKhKeXKS1/s/DfDFvS1lrZW79NbHi/wAfJo5Lz4Xt5u8r4tiJ5GOqcKSc55BOc8YNeyS6tGUlURj7oVSzAFSAMYOB9c5zlsZBxXiHxxs0S4+F8Ds0kn/CWIWbdkEBkOQQDwAME+nTBBx6teWaYPlkIQxJByWI2gkYwAM8nA64AwCOKws5LMM0nFJXlh4u+rX7uCvp0V1Z+Xkb4iFOWW5XBxb5I4iyXZ1Oj31trbzS7HMfFO/jn+G/iWJAuXsYySGLA4dgTjOcfxHIPHUg8Va8Ka9DZeGdCgMMjuuiWRDAgg/uk68LgHgdxxgcZrD+I9ii/D/xJJl9osYgcZUHcxwAQMDGSQcctxuA6afg+ztZ9A0VpV3k6TYxgH+HMKnPqcrhcAc4zkA7jClVlnHPFxUlgYJ6pK3PqrO7+dvwZE4UllMYyi2ljJNRbd+bkinsuittp0duvUHXxdwThIXBaxuwxLfKMQuACSQckcAcZIAJ6mvMvghfSW/gmJUiQj+3tZYsCARm9lGd2PvYABII5G4ZGQPVn02GG2u1SFVCWV5sOSjf6k5LDBwcZwTjpwMZFeUfBCDd4LwFfD63q4wg3c/bJdxHbr0wO7HrRiZP+18A5NOSwuJ95NWV5UNNHdPe99bbvQnDRSyjHRVNqLxeFsmpS15Z7WWu17q+1u57KNSmlu1RIwYyVbBI2Fiw7kHoSAcADHIzkCvAfCBK/GP4kEKFc2tsCqrvOdgzk85weeTjgk54FfRdro7gDbHIWVkJeRWBUbhkbRzwdwI3Z6dsCvCfBFix+LvxI2o7MYoFYAYK7QMjBHB7AZyfqcVz5pJPFZY+fX607+9dxTpv5aPRX1XbQ6MrjKWHzKDhaLwsX8PvWc6S87JXbadlts9F7DHeM6RogCOT824njGecehHI6+uM4rwv4nXc5+I3wywSc3FyqkgEfeOce2ORjn09a9/bSxFysSnJ58yVFI477mPrkk57Aj08H+JVuh+Ivw1BUALdXLZMibRhnOeuFA4+9nONx6gUs2rReEUXU1dbD6XtdKrC+9ul/uae2iyHBzWNlNpr/Zqy2927p6Jv7nro9d9T20zXez5gAVkIaQ4OeG4C5zxwM4/A9a8++JE1xL4H11CrvuW2DbhkFPtMOMDPB68HIwMnjmvR7h9PgiDPf2iEuSVlvIQCB1535yMcA88Y5IJHnHxI1HQX8JarHbaxp7TNHbKIUvIzI5FxGW+UEFiBxtwOCc9hW2LxVFYSuvbxX7hxSdSN7tQ6aL8Hv02MMHl+JeY4efsZcqrxk3ytLSad7paK27u2tfU9s8IiaHRtJWSJQP7KtFDYxlTED1ySDjOGGTwc9Bn9HP8AglrcfZ/2upoZDGEvPh/qsYIbALNLEBvHJO3npjGTyOSfzD0bxv4QstG0uO58T6Qrw6dbLs+2IxR1iUMjL1B5wec5+UY6j7C/4J//ABt+HPhD9pu11rUPEdjKsvha/sLO3sXM9zd3kssTC3hgQF3LKpOAOgLYIya+H4zqxr8LYmhCrCT9nQcYqScvd5G9E72V/uV5LZn2/CtCtS4jp1XTqQipzvJwkt9HrtZ7X1fSy2Pn79sVbiH9rD432WHdYfGepvHGi5TlkIJORjIP3sce+Sa+WdRtbiXxL4ZEu9d9tqjLtfPCgA56kn5hg5yDz3AP39+2D4TZP2hPip8QLFIn0/Xby01q2gnkIupYNRQtjymUEEbdrZ5UjuBmvhm8a9ufGnhkS2YtybXV2QKQ2dwTA+XIOOvOcbjXtZHjUuGsrs3N+zwkbJO1l7ONm9UmknfTTbe55GcZfJcQZjOUE4v6xNcu9mm1J9m20/n912K2nRg4mlDp90bdoBLAMCeMHsMjHU4HJLdVaWP4hS+VbpcSf8IdYl0jPJO5izMenI64BOSOWx83VvbzqAPKO4MrMSNwKljkYAPpyecbduPm4zLKFZPixcRnBYeDLVjlchSGYEEEYxtxx0J/FT7NStzYvBSlPRVYPlb0TS1TTW6S7aabXR4VCinhcbFUHd0JWklbZxdn5/c+tramE93ICiSwXEO4AuShdVAYgAAj/HHT5cE1l2raW/iLWhOkbKNNs0KuhDFi5w2cjecYIBBAJ5GCQPd4dLt5ZDEViZnQZZlUr97JHcAHHc7h3zk5xLLwRp2qeJ/Fu6Fg1nZ6cxeL5VQtI2FVcdGbBHOfbccD1MTjaSrYWE2uWVVWbWmkVdcttWrX02b1u9+PL8uxU6OJlSclJUNFe2rcNFp111d9Ve1zyHVvAWha9AkEhtZ0cBvJuLeNn3B+QG2huADgZzjAyMc+WX3wYe11rV20C9vdCmhtLWSCXTJmVNzMB80G7Dcjjj0xnv8AWX/CBz/8fFvO52cBZBtZsnAKkYAHQk7c+3euRDT6V4j1q3ubfznSytVLBjuUBwclgGXggEZA5BrPGYbL8RWwkowUJ1KsYydN8reiej0ael1Zp76I3wVbMMHRxTrRcoQopxU7S1ThtfS3k7p+up872n/C4PDEqhLuz8T2ay5KXirFdMiKQF3EkKwAOCQMkAjtjofC3xnstBtdQTxZoeraPLcapJLNdxWz3djE/ClfOQBcYBGNuQoDHG0Y9wH9kzzRsY1ExKkmRSDljg4PGeTjsDyecZrJ0zw/Z3Omaws0MF3bNq1wpgmgSZcNH8w2lTkE9cDnnnOadXBV8NiaEsJjaivz2p1rVIe7GL1u+ZJ23Um18iKOLw+Jw9f6xhYR1V5UP3cm3y6+7zR632t3Pir9pbxfofiq+8O3Oi3FpqNuLOZpTDIGeIuDtEinBRznJQ7SOOCevhnw30+SbxDfrHBGpbTi25gX8tNxyBzj5hnGCOuT3r0X9qnwTo/hnxR4em0aE6Z/ati01xFAGigeQEguEJAHoQNo4O7nk0fgp4b1jUtT1HUY4GvdOsLCJLxoTmfLAiMqoOXwwGO/PrwfxjiZV62e4mVaKdRVYJqGidoQu1d7bPyeiemv63w6owynCU6SkoOF4ynbn3W7W3VWSV7373/Tf/gnjp91YfE3wjfJvWVNT1Jo5vNkLHED/uznO4c/KBkjOOtfoH+2jq01h8R/C94sCO3/AAhmqNMX2gu0qyF3xjggZJOeCOOQSfgD9hvX4NH+Kvhizmgvw39parCsPlNmOQWjuvIztboG4PDdyMj7X/bR1SK++JHgC0kVxHfeD9ShdnQps3Iy7TkjO0ZGOrcjGTg+PKnN16cafLy/CtdU7pe9pbTTfdWTaSPdlGCg5Nq7jF3k72SSvrq9W7WatqtVbX4f8MahBe+HvHssRSW3kg08kqdwEvmLI6BgcnaQwPckEduMfU7eO41i2kdN0R1bSJERlBAV9JcEjOeFweF6YGcck8F8ObqXTtc1TwhK8otNXXVZvNf5I3+xOxjWI87sqACoPU88DA9t1XSYmuvC5w4W+S3vF+blxbWbQMSckk4HpyMjnmt/ZRSSvzNNqT9Hdq17NX13T0v5POEk3eUWo22abt5b7czWvlr1v85atazxadfHSYQyfbb+O4DL8xQXoYcYGRvwB7fMoI+77H4B1SbX9E+I2naiqQahbaHo7RKCFzHDEqA7CD0GNynpnr1FcbqEHkeHbi9hiCoviG5tp5AcErJeqQGJPQgcjBP4dXpqc2i3msXOkwLJLd2DjUQrD95bQXES4YnOdibvZVA7jASiovmfwu63vHZaKy5lfve1u7d0JLVJWeia0Sv7tuvpv118zp7+yhk1XVGuAqPD4V01A6ZbcBtQh87uARhhngkbsYOfPdUh1Czg8JRTxGOzl8TTxW05BAdWuoidp5PQnhiOSADnke9arZ29x/bmp2LRyQTeC9NuInTbJtMiLI2WAIJVhgD1wTyTXH+JXXV9J8E6VEkKva6xpcrGVAoMt7+8foMgEqOT39amUbRi0+qvdP3mnHy1S9Oy1LV5Nxt70UrWvrpazs+ielru29loSa/f3OmxeKoFZVsJ/E+lPcEHlhHAXxkDjBAIAO44y3U56DWraHV9V+FOoRXE0Gn3mnavJK6kjPnQOGBwRuQFQMHdyfpjzfxdPMNd1XwjeuPtd/qUuoRksRH5WnW7KwGMBiRjBBx82ccg130V6I9M+FaRKHht9Lv/ALQChYhCkyjG0ZIDfMM9V7cjEWbfWMbKzV21K23ponbSz1btYuMU4Wdr8yWt04r3bq/RWvp16aqxw3hyyk0qwlgExnXxSt7pdqVK4ZrS5LIgxkbtucrg4OTj17PxfALHxv4at5EjItPBTSoDkkuE8tVGD0DEnr+g583a+vbdfAWpQEjT7HxNq0/loMr5SzEHzcjhdzDfkFeuRgceheJ9WtNW8ZWN6jAfZNL02znSTDGM3MdwxVVUf6tiFIyTkjuKyqv4t21CzSWlnbRd91e+ul9jVRdlqrpq12r6tXV722s0la2vR2PbPBWg6DfeBvA+m67o8mqaJf8Aji1TWRbTmB/7GsJjPckyBgFTEhErnaAvLZ6V+6/wV/Zi/YNiU6vq0Hg7wz4f8Q6Poep6dc33xBguby5vkd1ubO4nNyfstsQD5luYuDkZB6/iT8DfDul+LX+CvhTXYdTv9A1jxnaaX4itNOlNvd3Vjrt1LDJBFICNjui7Q3BAGOD1/cjwL+wd+yz4Mm8f2c37MPxD8Z2Xhl4ktLWbWtS1ZYfOUyRzN5d0qRsxfKQIoAG7n0/jzx+zzB5dm+V4Kvmma4KpPD16vssBCjKlWpTq0oSlWlUxeGs0+VRfLNJdFu/1rgzC162Aryo0aUrSi3UnLlnFpx5YwbjfVtp3kn211Pxu/abi8GWHx2+JWi/Du+0y+8BaFqVzY+E59M1Fb+yhtSkbGK2nTcphEhcA7myeQT3T9mM/COP4jeOYvizPpbaXceDZU0k6zqX2CxOtGINbRPI+eQ652rjcAvbFfXf7c3wg8A+ANT+Hej/DH4O2vw60rU9AvtZ1zSXs5LXUSIEVw1/PPPM7SLu25yuemOcDxj9lT4L/AA9+MHjH4t6b4w8D2vilNN8KQaj4esRcGF4ZooR5s6shUgIoPzc8DkCvXwnEGAxXho8VUnjlg45bCFSspUp42UYVKdJ1E4z9mpztzN+0WjfNqi5ZZiY59SS9m61SrzJSvy3lFPldk3aK05km+3Y++f2e/if+xH4d8ea5ceJtd8C+H9NvvhxHbWt+9+JbWPXIFlSVIRu2s7AKA5+Z8Z3gV8YW3xA/Ym0T4l/CvV2bQdf0Hw9f+MtQ8fSi7uvImuLy6un0meNSWFxHtMflxrjy2+bGDiv0K0z9g/8AZ91v4bQ6noHwc022itfBFxcXP9qJJcm91m23vKbK+aRVWOA8uCDkcHOTnV0z9k74FaDpfwDtp/g/4VtodbnvU8R3btYlNSMce6FbtpCS6Qs3CnGQNgr8Tw/GXCeCr4nEUMTxDWqV39XqU3XwVF3oYPEKLco1KkmnCU1Gzt7SSbtbT7OpkeZYiK5oYGMU4uUGq0mvejLZ2trFXT6LW19fjb9nzXv2ffEGm6FdzN4Yg8Jx/FrXfF2oeFrXTJNZ8Qan4ZE8ktuibopJGtsBSIHbahBwR0rwL9p39p74S3HxO+KWg+A/BGteGfCfiK6tv+ESl1TwpPa2az2qrFLqmlnbEsLoqbN6kglck5zX7n/Af4Y/Dj4Wf2/4t0jRPBD2OkQ+K/DiWlva6WJLWDE9zbyYkVi7rvCKUwwVVORnn84/2/P+Fa/EL7HZaXDosl34C+HsF0tpBLZWlzaahq+pSPIjRwIj3bOkoJA+aKPgngY9zgzirK8641pP6hmNWnUnOKqYvGOUKL5oVIVFTp0oQajUSiryu77yR5mZ5XjMPgatKnOlF0abc5KFoyTvenFu8k7XaV+q2e/5ZfATUvAGgfFvwn4k+I2oSeLtOv7y9nayh0qfV5xeoh/s2ee03yGWSGYIfLwQqrkhQCp/U3xD+17q1v438MeJPDfw28favpdv4bv/AAtoqReGH0SOa9d3V0miWIRy2pjwyNgbWJDEkAV8T/sf6FJ4Q/aD+DVl4i0PQrWHUdXuo7V7kQTxG1ubUkSzLKzIWGflLfMrHgg8H97/AIraboel6v4LtLa506whtH1mcMWsRby+dHIElRYzgKZSFBPO7p6V7XjJxPg8t4gy2jicrlj1PLnKnKeIrU4QSnKLjGFKEm5S05nGUW1ZWaRz8JZViK+DrRhXjTbrSTSgm7OMW029UlrJKzWjdmfk98Sv2jPjD8TviR4L8eaZ+zFr11quj6NZeG4NJvZzMupf2VdxyvcywshURxmE8lCVHyr7+3/CT9ov9os/DL4hfCu3+AuoBPEfi2/1SW9/4SSHTH0C5ui119jK+QxiiRj5a4ODEBwBgV9MeAZtH0jUtGuZ9X0pr9tQ1JvPmvBhAzSDaCAVUbSBsxn35Ir339mc+CvEN98UFnutGu7q61W4aWPzgWMSRMhnQ8EBWBUEZ5GcnrX5JW8QMLHDVoUeHsPRp4SFCcXKrjpOfNUUOVOpKy5eduLaTautLo+prcMxdnWxtSdkl7tOlu1FppctrJpa9N9D+bj9rXxh468YfFiO/wDiV4K03wTq2ieHtP0kRWd2l42qQ21sII7q4uFjVZZipA3rncd3zc14F8JfjRqHwN8Q6g2m6l4rtYPibbx+C7648MShb21sbm+iLzRKVIlZFGPLUDcM88HH71/8FPvhD4Q/4UfovjCx8PacutP4ut9NOt2wVbn7BHC37l3ADvGT833yOOoxX4Aw/COP4n6wPDdr4ll8L3Ph6w1HxBaajFE75lslcxwKsfziSRxtRgV+Yrye39ZeHPEmW8TeHVDGYqj9TwdGFWhXinJql9Xkvei2nJq3LJJ3d1Ztpa/lfEOW18vzidPDt4ipVUalJ3UHKc0rxaVo3VkuifkffvxB+NPw6+JnizxT4R8ZS/EWTXPCnhfwZofw+1uyjW3vEdbmzVtb8Vx2sSC5gtMtPLFMGVmjGRnivTtb1+38N+C/HvxJs/jt4D8W/ET4XeLPDl/oFhqehSadrviSXTbYR2txeTGRIbu3gU+RHbNbsrrk4Hy5/Nnxj+yv+1F8GU0XxNbasfGF74h8C2Hj2+vdFu/t13YeGGuYvJbX45MyWeyQxpMsmUH3eM4ryf4p+NPi/qetW978XvC+peGpLzS7GaxuLPSv7Kj1O1h2JZ6i1uqAX0LIQVmQneQGAzgV7GByjAYqWF/s3NaVfDQ5ZOnOVKrzwSpylywqU+enGaheSUlq+a2it4devWpUnLEYeVOUWowlFVIqD0eso+7J30d4vX7za+Mfxe+Iv7SPjyLWviUfC8moaj4tlvLjQLXS4NMtrWK4mVZpWaGOPfCR+9OMlAjAAEmvo344/sM+Dfhb8GtZ+Llh480TV7280nS7nR9M8C3UOrRXR1GIG607VNJiL3Fl9jkO0XcjbWAPA3c/G3gy++3+M7bVLrWdEit7L/R4p9etDGPtToWa4vUJRnhdV2OSBhTktxg/oR+0V8RbTwX8H9EXwloHwn0pvHHgm3tj4n8A6+NX1w3Vnt837ZpcksyWMVwQWkHlhskYOGr7nmxFLFZZgsvk6VObjGcKfJ7OUU4Nwbkk1GUVJuULt3tbqfOVOSdHEVsSlKau41JNqd+VNOyaja9l536pH5VeCL7xEb2zW+he2tdPZYbMXVlJbuxWVDmMuACTkYwCPl57Y/RH4S3Ul1+1X8BWnumiZ/GHhZyTIGVisq5X/dGdp4B+bAPPHwivxM1vxudPGt6hZrDpNtb20Ijsktprk27oA8mxUDMT99+S2QTnFfWXwZvpJP2kfgrqkjMYoPFPhx0cEnaqzpgg5BBJJxubbnnBHX9AlWlSpwpz95whdxbvFpcvNe+ltOq8tNDw6MFVqqzUVOUIxkrXu2lJ3TdlpZK9tH2P7+9fiL32VYkGysDuLZUlbSAEjg9wBg/UAnmsJrduAq8A5IJUAH/a4HPUHjuQAMAVBo/j7wH4i1G20Gz8WaNc+I3srcyaBFeQy6rCIbWHezwo7Phd2Sc5HU5B57saPAVI85ic4A6Hr/dIJJDbvXp83GSfj5YpO7aUby5lv8LS5XtezSVmk1Zaas+0VJqEVCSbSUW1JO1lHvdJ9Hut/JnCyWzKQRhSQc55BxjoSRj0yOTzj3ryQup2gDGQdxOQW6k9AMYyTg5JzjsR6JPpNlbQSXN462ltChkkuLyaK0hREyWLNOyHYAMk4JA4IPNfFH7QH7ev7JH7POkTX/iX4j6P4p1iJ3gj8J+ErqLVNVmuEG028xifbbb3+QyH5QckjIFQsdSVlK8kukdX9m7std9Nkku3RKlK7cnotnpaz5W7tRS1tr/dutzt/jN8ZfAP7PPww8VfFv4k6nHZaF4Ys557GwZkFz4g1gIxsdJsIid8sk86rGSgOFBB4C5/ij/aI/aN+IH7Wvxy1n4ueOjJaC7up7fwv4fyTZaD4ehJNjaW8ZwEkMZDysACZC2cZKn2f9vL9uDx1+2h8TfMsUuPCHw18NTlvCngp5S9jbw441HUthWK51KYYLb1OwsApG0E/Ffh1Wnu4FnleaVZZQ0uNoY4IGwcYj47YHIGCea6cJiJTrKonaSatHTSKad7K/vSa1etrcqujzcZOTXKpRdNJ/C+aM2mm027N20Wmiu7LZnoF3rWr+Eray8U6BeTad4g8M3lh4n0XULclJYNQ0i5W7R0K4PAQgqMbsnqev8Aad+yX+0j4S/av/Zz+Gnxs8L6sl/e3ukWmgeN7RiPtOl+LtOto4L6K7jB3pJcMhuAWUbllyM1/GHqltFLpBhb7slvc2eCBlvOjZF6kZ564xnrgdv0Q/4IOfG9vA/xy8b/ALN2oCRdC+JFhfalpyyTk2tn4m0ZpLiS5hiY7UnuoAkBKBSwHfk19XjKarUFiFO1XDwi/itz02o80bWeq31630PJwdVxm6MlGUJyV2naz9eu36bI/q+UA4GQRtD5BC9QMAnOOcdsNnAxmnr8p6AZDE88KMnjPcjd1z05JyPmqKXUeUwIlR2QjgsDGfmOCc8n1yRnjoMqGY/eHOcAH7vvtB457k5xkg4ryYO7TV7JW/xP3dXpra7Td7Lp5+nKMW/gaad9G3rp92j6btq5ZYqBkEYGQCOhyMdfbGOfwJxgwMMYVRzyAT90HB4J54PAHqTx0pmWDHqMnJ7+3fg8e/p7UrEkYwdxbjtj8Dnr2Xp7YNXeLsumj63voktrW8v0TZKtHfa92/J23b0b/V2elkQkElgW5YjHptBIGBnnJXAxjkjnAxTtudwJPGOpABC46ZwR7/iPo5t3PysSDwxzhefmJ/2idxwDnOc8801wAG+c53fdA5+pPvk8HkKDzxQpRjJp322T1V0ui01bvp130uyWlJ6Ws7XtKzWsdr632XXW6t3YevfAbHpnI6AHoPXnBwR6EQueoBGQTkjJBB/A9/xOCenFSOdh2Bv4TkgbgASSDk/XntnGSMcR45AQk4Iz0A+78xOTy2Rg4GM8j1raKg4trV2Vk9Hf3d2nro3a7+VxOKvqlsm221ro0ne9mnur9XdPrCwYgjqAQAAR3B55xnOOP7oxjJpNjAgkAAEnH3s54BJx0PUckn1IxU4Q4YcgE/dJBwGI9M8DoQTk49hhXUgY7EgA4yOmeMYyMAf7ucn0qo1Gk1o7XvZR0u47aWvs7bJPzHGyel+6dlfppfqr2vazT7lZ2wvKjAUhgWwSe3XHOcgYxjOeQKiAOUCg8ZDE/eyoA5Jz93Hpnp07zsoBB69SAMjPQgBiCM9OT1PGeeYsFc5BUNngngAZzxkHnjBJweQAAKr3pRbV1d6N6dteunRvbTddDmd3uk9FtfeOj/Fq/e6QEMvQgADJYADcOc8jJ2564OTnJI7tVWDcrgFTt9DgEdRkkZPXjjOOakKtkgDtn+8BuOeT+GcjHPfHNPVGBUgNnGCSMYwOvT6Ajj1xzgS5cqT3u9db9Uk9vtd3ZX6aMad21dvRW0S6J/c79m+i2bSLkMhznIbnkbvQYAPI2kc4wTkEjkO2AjkkMQeucBySSMdS2AAQM4xg5xTwhyHHoMZOCMYzhuh+hB9uKQx/KePujIHdunyj6AjIH3hnBGaTasuWLTbW+jto7X03euiVu2qtrSUUpXvdR10Tumku+jtddL666ax7F/iYEgk5JOMY7HOM9eD1PTkUgG0Bc5PIBx179Oo/MZ7AdpFVvlxuwCBkqDjjP3cjvjIGO5GKRg3y4Un52UkADPUgDJ5J9RnHp1wK8rOz6Lu1rG1t1qrq9tdEtXrUlHlTSs3673V7K1rXurp76WV7FZhjIPI9scFe/fJOfmHoTxnqxYgQGLDld3TuOjZ6HpyMdM8mrJLDcAMlSSV3A4Bxkk8DjnqQPToKZhzn5cAAEqMk8knaOwBHU9TjPPUWnfRaa9vPrordb37p+uFrdd+yd29Lttf13vYhyuFG7GATgDAOAc7QAeSck9jnqTmoywA3AEhiOoH+9nI4weRgAhmxyOcTNglQq5APGMZAAz82F4HXPTp7gmM5Kg7BuwSxznk8Dg44ORg4GCDx0NaJxtp2Xm42av5rayukt7aMzjG7eu2jVn1+5236rzRCWUkEkAc7jk5IbjJ6ZxgcdeTj3QbQDnB4IGSBkg8DPA3EntxgHtnI6twSvG4ADHGAQcZI+p9hkd6Tkk+gIII/D5eSPcAjngHsBTUuXRq78k7rRaP52Xqu9k1JW6PdpJ682mjVtvNvS/ls445wAdwVTz024IBJBAIxnHJ5zwQBTBjPXrk4ycDAILFuSTn+LtinNxj1LZOScbeFIA47tu64wW6gUxQx/MAcgZBIBOME9cA/TA6nFc13bbRPZ/3NPm215rXYlNrpo7/O9n0dt2/LTsRlEABGFGCCAeucknBzkk8/yA4qPbuKktgYOAevXueM89BwRx7VMyh2YZ44xwpC52/KTnJUY68gsAc4xTWDAsM4+YYA4JXHJA7dAAOeoIwMgtPR+9vddFt56rbXX120UOmnray0ellZpq3dbWTtf8UiPYyY6E4IwRgEdeGwOQACT19cZ5Co43BdvPbIzn7xI9OTx29+jyrEfKCQTkbs7jk8L0GMZJwV6dMHionBUvjJGAO/JPTK54I9Bkn19KV1tpr+Kfn2e6+8hqPS8lZPXZ6J+d9/J6oruckY25KnJ5zgg8jAyM8EEd8e9VWXcQu1RyDnB+bI6DgHsSOmefUCrpgYEcEYJDDuD13HHQAEjGBk9+CAzyw0akL82SecgjacHgn7pU9QMjJ5wc1qpxS0u09L77W1e36vW1tyORy1TtLT7KUbu3VPbW1rO7TfV2pnnpgg5LevycAjKjJ5+bGccjB4w0qSDwN20HAwSxPXocAcAfTHSrvlBRwu0A4IPBJY8kAHdknoSTt55zURRs8ZBK/wkDIOAdxOCMDIGOTzyMU/apt66N66WXRdb6+fSz7EOnNLZfF0Tu/hvf3U9rb6K+mrKpGQSAN3OADnAGMnBPzDrkfXockRsHOCE5BGCeuecckDILbeBgA45PAqw0bsOcrlyODgtjnqAfToCeeo6mnbcsDuIGeQemcHO0bQDuyeecA9DgYvminzK+rS1d29np5PXr1vpqRZvRpptpLbTr1Wz6Pu7+RS2AL/ALQY44wATnjuV56nBHJB46NcHA28sy5BU59xwM8AHg55z90dKuNEQoyC2CWwCcnnlee/YnPueADUIjw3VsbSxxkbuoKj2A3Ac+vPatU1bR6aWWl9L+u66eXczdly3utvuXnr3vvfTe+9cqNwOduDgcDJUgEE88Ac5wxyR16CmMm5Dkk5O0AHGMeo6/TjjPTk1bMeDyVxgoucZJGMk8ZPAXA4B/DlhA6A5xg9OSGJGOcA4APfr1qk5cqlF6WTurpaKOvS121rbf5XnlTej09bNba2d7pbWvqUNoZjg4I6EngBcgDHqTwBkdT1ODSsQGypXJCgAZ3AkcAj3xjLbupA5xT2XnjO0LyQoA56Nn1GCMHhepxQY8Ek9Q2RzghePXnnHOGwcsBuGRVPlb96+q1bb3SV25aWfW+6ta19S38LTWvu200drP0VnsrJPpqKPlwcZGOgwcHqM+vUE89OvWlAAO7GRjcRnA9OQeCOTnvyRyc08AgBh97nsfpuXpkc8ZI6GnEZKrkdMAnPGOuABznoQTweec4qFJJt2+y1om/J7dbpX621RknOK012vdWXRP0Tttfvq9EQiMYIUfNgY7cEn5c9QCD0GN2e/FKcFeVAG4jBH04wecDHfnufWpwq8ZbqONpOMj5gADg9+enOTyQMsMaEZzu6nA9iRt4zxz1PBPy+xvnTtr3bumrNpWT0u766PWz1GouW7dmlo99k9d2+m/nzdLVnUjAwBgZBxnAOe/Lcg5xgZHXbmoeWyGVWGSpOMcDdtPf5SQM8AhsdO9x4zhQCxyoxnncTjAIHIbOcDoD7dK5TkHnB6gDGcZzkevr2wBjkZoUtNb9bpWSa91cr0vf3XZpta9tqdPla1duXb3Wlfz76rS6VttUVmGc5GSFHzZ5HzdQccnHHscYyMku2g84Azz7BuTkdScYwdwx3ORkU5QobB+cAnqFxkZOM/e6gjrx1HGTT9qnOT1GQc9CTg9dwPyYyOeM+lNuOjhHb4t7N2116fNefUGlo1ZPSzdls4PrdXtrtv56kZTAbheR24x0xg/MSGPpjPJOetNB5wTu+cgA4GR1Jzkccdc8k8VPjIYDqp4BGQeoAGc5A6855644Ii8vj5S2Avpnn0PPbHTGM/TFOMkrKV7q1l1tdWul6aa33s9r5yhFu73Vla973lB7Lez7b32ew3HQE8fMWxzwBxk4x9PTkc84Urg5z1Dcg85BODg98n5gevt1oVCBg8MxwewyCSCQSOSSQACSQcdwKeQxwOpJIxwQoyB94HGAQWyeg9etVG71TXR+m2mvnbX16GfKl8N21ypfEr2cVr7ukdFJ3Wt5bMYIeBhsErhdwzgnByAB0wOgzn04wY1jKszbyVJxjnCqM5IxwBjqfXuc5MxDgjuFck46dRgbsYI7DIweCOOCx1IJAH3sgYAYLuPXBIHODnkL37HFJ2tzJq1ujd9tt7pLslsWptxT16Jpd0tdE31dn/eXvO8W0w5wOSAGJ/vYAI+Ykn5hyox04PGOBCUOQScgbjgg5z/COuCeDt6ewIU7pBuUY5JwVAI6DONxHQE8564zyeaQuzY3AjgAbRj7o5Ddwcc5J9MZPAbcHZpbxWqvayVlvbVXv0u12d023ZXum7O9n1cdnZ2b063trpuVmj5OW5z97+EkdQBnOcnBA4we5zTOCVDPwcjJGAF7Dhj+fXoM4FTMC3IyvGeR3wByeMFe+Oe4J7sKL3ydq4J+8ATnnAHy857dcfLnBpxs+zT1dt7LVpadr/Dp3aSZNqbTbST6K910s1qmra3Vr9raIiY4KgEZzheBjaeCy4JyCQSOcHHHU1G5B69ckD36BScc9sZGDxx0FPMeFTqCuRuGMHkkEnoSBn6L/AA8g0xlVi2SxJ6E5+YHBJOeO3Jx1zk9caxstUm9td1qorTXm3u1tv0sQ4ta9LrW626K92vLS67dBuMgDKhwoALHBzx8xB6t65wSB0Oc0gjBz8wBG07gByMnCkcAnIySOCM46gU4ohLNvyVXBzk+nILHAJ28d8c45YFgYgnOOV2gknOQMcj2znHGSfvdCdErq/lfTe65bW+W6t5Sb2U2tZdk7beXb06aadCUrjgMOGHHUoB97jnAzng9OhIxUROSpZieSc926YJHHXoOD06nGS4MzBcDJDEE55I5IyDnI4xgk84IODTMZwT3J3ZwpBGBjGOQTwcHg+h6zFxjqtOa2+6TUWttFvt16LdmiS03++Vm7LXto/LZPzs1uQVGDkH5j6gZ2nA67fU59sEkVgcPggBguSf72Qc7hjIz7EAcDBJ4tZALAY6EYPJ7HA4GSPboBhQwxiqWJJBIIwO/cAj8xgcYBAyM44qNVJuV9W7PW2trdLX11087pb6pq23byd99dG+ytdd+unf8AgI41HUiuFVdA1kbeTg/2fKTxzgd8kkZyMHNfxFfGWeRPjhfysrlBqPjqNwi9z4muWUsxIHQYJBxjBwOtf27eAv8Aj81jccn/AIRzWmJPy9NOmHT2OPTIPOK/ib+J91p7fGbUkvwzxtqvj/CAYzIPEVyo5znI25OeMZBxg48XEu+Kmoq8uRPXR295Wd+7v1Wzs3Y7YJeyinJJc8dlfVKFuisn3/G+/qIcTeCviE0SA+X8PI5C2QCvlzRsW5zlQoweoBJJOTivxC+MyLcf2rcKQoltbdsBuCzDOegPUcnI68g8EftuYLeHwj46W2lMcEvw1uHkjGSz4ZWGQOpBXA55HcfLj8Xvijpdzf6Dd3dtau8ZgtI1K4JZh91W68nkEYAJzn1r6Hhy6+uKaSfJ1asm6aTaburX0u/yPmOKISn9SjFN++pO2t3HRNNPSybW1vJnjvwuKmSeNdq7ZULMMA/KpJPpggck8dsg1va/PJAbhwrBbu7Miu38UUWUyqsASOcHAwAThvTR+FPhSfTBdXmvBdPW4hnkgtGbN5PtU7GES/NGjY+8QeAOMDK8t4i1O41vxK1vbWsnlwqttZ2MKFmJ3EEkAHBcrucknJ7g9PtcJjaccPh8NB+9Z81S3ux6Oz2d7t7crtrZaH59jsnqPEV8XWilGXIoU1o7e5rJLVLRtp6WvZ2WurpiT6gpVn2RQ27uyH/VIApIBHRnyQeP4sZUV+kXwHsdN8NfCexute1mPSNEYzXlzG1ytlFcCXDg3UjOpZMKflUHkA4PVvgHStKXRrCeS/Im1Wa3dLbRIzu2sVI3XMg4QZIZg2SDwM4NfTXw9/Z/8W/ESx0TUfiVrl5JoUUCvpnhiwuWgsUtAQYzclCqtkHO1wWYdDjpUq8p1408LSnXqOnLnkrqmuZxu3K+kbu7Ssnbtvnh8LTo0pVsXKNKLnFpJKcpNJJKEHs3q7tpJbO+p1/xO/aW0K8s7Dwv8KvD9z4luLXVbd5ru0t3j0vzlZRGgn24undsFjuHGevblZ/hl8XfjVqEj/EPxRJomjIizyaHpjSW9nBC6LtjlCsrSTBcZQlsk5JHAH0hrXgDw94N0nw1pPhyx0/RrGDXrQ3FwIYoMLGrb5Gnc/MV4yxJBznANc74z+NHhLwzb6hb6CreItVQGO7+zsqaXbyRkKHur9gIxgg7sZxyMHIxy/UqN69XMsVanG37qEvZwdkmk4x96a12s9V1tp3zxlSUaFLK6DlOanzVqkVKcEuRJp25Yt/E7JvZJ31OUl+Cvgb4ceD9Rg8MaXbvdvaQxT67c+W0zyySoZGEshON5G4AEEHgknFP8Q/Fvwn4StbbTrYv4l1uCzggWw00B4YGWNeLi4VRHCCSC3JGOSMZA+Ovit8fLvxBZyR6prktzboV26B4fdoNOj2MRsurtR/pJyDkKRkk8kcVwXhrQPix8ZzFp/gfRp9K0Scqkt1GjxR7WwhaW8ZWkkY/3Sep6kEY8xcQxo1J0Mqw8YScYwjKMbyai9XyLTqneUumqdztjkU69OnWzTETnaaqyi6jUU5cqUZN2eytyx0XV3PSPiT+0Lf3Mr2+rasunQeW4Xw74alBuXDIQI7zUEyEPGJARx0PUNXgPhKD4l/Ef7TY+APDZsraW8dbrV2V5JlEpAw11IMggHcQCGOTnnkff3wv/YF0nSnt9T8dXP8AbF80sMj24LmFnchtsrMSZADnK5IJIOD0P0/8GvBmkaKfGulaZp1vbW+leMrqziht4lVURIYtoDJz5agdPmALY4BAPAsBjcfWhXx9eolNu6cm52fK9OkV35V8rs9GeY4HBUKlHA0qTdNQ+ylF3kl01k07t8za2vq7r4k+Gf7DDFYNc+IGoT6hO7RzTRN8yszHJQFmII6ruUbTwAM5r61+FvgjQfB3xdGj6PYWunw2vhKPbFDbohZvMkHmOQN5ZguSc4I/DH19daTGli/AY7IwqKMKDuA6ZB45/kM9/DdLsjF+0FqxkUJ5XhC2CKMYAd2HYZxjqMAHjoDXt4fL8NhauEhQhHmdeDlOai5JW6t3fTdPpc+er5hicTSxjrTbhHDVOWMW+W75dFFWUbdL/hdN+k6rmW+KFsoghBA3YGCP4f7wPAbHrjjOfzw+JbRyfFPx55UoUrcWsYB5GQgyM8ng46ctjOQOK/RPVsW081xI6QxlADK5KqD2wcAbsA9Bkn9PzI8Taguo+P8A4kX1jbXl9FDrUcI+yxmSRgkSZYDP3RjORjBHqwFfoGXTp0cZhoynFyTrTb0uoqGjdk7K73a9EflvEtLEV8mxsYwcuZUYU/70pVaeik2nfR21b0d9DI+zXE8gOHkUN5ewgqD15JwBwORzwOBnglsen3H2mNPJXYzlmU885IBLZA98lse55NTWmt+aC8Gj6vPFExWRVh/eIQOS/OVwwwCwznOOMir39s3ETQyReHNc3MWO5oCI1HPMrAfKBwSTyBg9q+rlnGF9+MK0ZtJtuPMmnaHZNdU7Pda9D8nXDOMtSnVo1YylUpt8yteLlFLlu9ddNG72sjrfg7A0Gk6zMhiiMetXSEtGJN2FOAewY9ME8kMc5Bzr+ICXLuZpARknyoGGcsQASFZQOnGSAQQOxNH9n3xIt3pusWVtoU9/cvr145WaWONAzO67SzkZwDgHoQAQTzX6s/Bn9gT9pj4+aBF4n8C/DjR/+EZuHMI1rVdZtLaGSRW/epbu0bBxGTzy2GBB4+avgv7fwuXUo4jEVlSpTqSjGVSTjFuU9lp8TXfS12+rf7FW4VxOZS+r0KLq1adOlzQjFylFRp0027WvZre/fc/GnxEHTStTMa4QafM00k0DISCrYBLYIIU91AGRkZBqh4bF2+gaULaCWTzLVcvFC5UKSD0B2kZ5GMAAetfX/wC2r8EPiV+zfc+IPCHjlfC1nfR6RJL9k0/VLbVJJE3FCWkt1zBIvO2J8Flx0zivIvgVpPiLxN4S0OW3n0sWkdiWTNzbwSoqNtYzmUZXB6hhxnuOnv4TMKWKr4fE05p062GXs5w1hKHNGzUrXd0l67a7ny2Y5PPBZbiMHKm41aOOXPCVuaElSs1yrW+yafTWx5umma9Ozw2+mXuxsMXFs+1jkEYORgkA88dgcZUjJ8eaN4nXwfqpu7DUI7NVhZ5JJjtX5xgCMnA4wDgAduec/bR8BeIoAGPifQ7VWXOx72CchN3PyomWx7k5xyc4z5L8cfC9xpvw58QXd34z0u7EcEL/AGOzYCaUb1yCoY5AY5wAMccDgn0K2LpSpYmN+a9J3dvJJrolZau7dld6XPm8FhascTg6kYP3cTSVnZWvKOlr32d7tb6H11/wT/8AHWl+CNa+Gc2ueLNf8KWdleWuo3sui2n2m8gsfs7RzXVs4UlWCNhkLZOQy8hcfpX8Zf22/hvqfhXV/hLovjbxtq3h/T/GNx4lhvdWsDGNd8+YOLaSV3HzIQ24tktt+Ug5J/Kv9k34B3/xVsfB+lWXxd/4V5Z3/he61C/v7swCR4ra3aQW8bzBWUOF2hVOdxGFzk0nxD/Zr8HaKtlrEPxdufFKXl9Npc1tHcML1ZLWUxvcuqSAASMNylRgLjaWPB+MzPJcJmecYevUlVVSjhMPyxhGTUWrOD53CWrv73v/ACWx9xlGe18qyTE4dU6ahWxmKvVdWN53klUiqXtLq10ruHld6o8p/a7+Ifh3xJHpr6fdOlw3jSz1KazaFcwWS9HkZMgu3GEAJyMHkZPrvg/9rvwD4W0mOzstD1/WpW0WGwuYU0qRd12sWJGWXYRgkEAkHggba+Svj34I8O+E9G0i60Vbm5uv+EisIZdQv7gzJKmOmSxB4yDnttyAckc7a+PNQ0wsbeLRrdkZf3gWF2AwMblG0lvQ4BGD94Yz9rleAryjiKftfcSoW5pa6JJbSi00t/XdHxedY3DzweBnRoTc3VxOqlpFt0+ZtKE9HfRK34nq/wASPjDcfE3WLO50nwHrumWtlbGJYzAzPK/JMkh2gBuSN23p9RnwXV4/Edx428Py22hm2vP7NuXhg1B/LMiqRmRs/dwPXgnqG6V0r/GLxCXlJ1jSosxtEpjto1DL90AkYKnkHd2ALMWxXC3HjxLzxnoV/d+ItLEsOnXsTXE0oVImcqQGCk7eBjHPHbn5ezM6s8NgKdGdZqNOtSknzU4uPLOPvO85Oybv1e2z0PH4bwXtc3q1YYWrKdbC4iNRypzUJ3glGNtPiTSslbW+h6HLpfxCuYlLNoloxx5eCsjKASSeGHC9eoOeue9mLwv41lQ/a/Fem2iNHK0gitGdioUjBO/HQ4JGMkYwc4Nk+I7u4gMkXiLQDDEi/vVtbl4QJWABaVohGuBzuZgDu79oL3XyYpI38beFTtt5AUjXcrNIn3eCBk9/ceuRXn0MzwmI5ubGVq3LFpqFRtJe6m5KGl7K1nvfax9RPJcdQnDly7DYfkkpKTpRUtLapzXM353uj9c/2KPCFj4+i+GPg+58SadBe+IbCfwadX1G7tbWK0jMjZu/s0w+ZVY/JlhvOSW4Ir+hXSP+CaGvWfhEaTL8atDOnf2XMLGaWwt7prqB1ZYmjMMoEQ8wHa3PG7I3Yr+Of4FfErwl4UstMm1jVNKvvEemw3UlokWqSaef3rfunhVXBSQNyrKQxxwDnI/o/wD+Cff/AAUx+Hfhvw/4n0v4saj4T1G5sbGwt/D8PibxesC2exzugjacuWhK7WZxnkeua/j3xAyzMMFm2LxmHjiZ4Odeo52pym17Sd4SilGT15lFrp8V9bH9c8F42hicmy/D1pYani4YOhG3PBRfJShFqV7680W0rvQ6bWv2atN+B2pjRfGX7UfgnwPcWsP9oX2jPoqSz6xayM/2c3DOxYrIqKm7cT823Jxz/M/8dPHup658fPjNqui+HIdbtF142drq1rKltY39vaKsUV7FDtwi3AQSAY3YYckZFfvV+3V8cP2a/ib4l1L446p8avh1qOoXVnZ6FF8MtKvI76LT4LbdJa38c0KqbiRZTtKoQCw5yBiv5jfEHxn8KWnjj4kTJdXflalrUk9ibGylaN7NUCwOqg4QEAY+U46kdcfSeDWFqvHzxuJnXwsqlOUE61JUb2mml70FdpJW02X3fN+KmJdTAwwmHo0MU041ZRpy54p2hGzUZe63zXtfTVWd0dVLr/jaSKOVPCFlCCQxWW+jIBA55C54B4HOD6Do6O78e6g8OdH0S1WTd8z3EbYUK2eRgk49ctgDbgcjyi5+NGg3NuiG38QXICOoZLSaMl2G0EELjaR2z6kAVDZ/F2yQx7dC8SXCxK0a5icA7kK7uoGQcEZ7E8V/TvPQaSlj6stFpFS11V3aMGntqlq7/I/naFLGprky3DxXNFrmXK73Su1Kolpp6X2S0Ov+GujeL49P1xbW90e2WXX7pnE8Zk/eEsGCsWUhM/dyM8D7uN1dxdaH43MhVvFml2yleUXT2IIHoS565PzduSM5wfA/B3xKvLW11JLTw3q86S6vPMJIpwgXcx+Rgd2HGeQO+evBHQ3HxL8SyS7ofCurYJwGe9QblU525Ktjp1JBwTjOTjHD08LUoxbnjZ6v4VXcW1K17wSeqvpvbyudOLqZjSxE48mAgpOLXtFh07NQ2Upcytre7evXv6BrHhnxG+nan9q8bxNELC4MkMWnhUdRGSVJLHhieCdwHGBgVwmheGtYfQ9KaDxTLa27xSr9nhRAqZk2qwzu6sd3AJGetZGpePPG1zZ3sY8LyCGS1njZri6R1jRkILkKqltoPA6nlcc7qztD1nx9LpWlSW+n6ZFbJCRE4hM7/Kfmd0UjGcYIxnPRumMpLDQxUIxoY6b9lLRQrRbXNF3Tk7rVfPXXW5vCWJlgqkp1supJYiH2qEY83JJapRkrpdG27XdmrtdddeE9ZhS4R/E2tTiFAymAAqznqxIUYwOxxjp0wa+j/gd8OW1PxBaLceL/ABCir4G8S31x9lk2CKaLT7gpGWUAqrhQjAAZJ56jHzCNc+JZ8xof7OVXJVt2lSEMADwRu9P72BkAcn7uvo2t/GWy+23+keKLfQSuj3sEzWmnvE1zbyo3nWxJLACRSQCMdTzgZHl5xhamLwdWjQwmNhKaScpqaioq2rUpO+yurWa2vax6GT4mGFxlKpiMfgJQSXLClOClJtxSs4Q5r7PpsnbU/Zzw38ApLPwb4AuU+J3ia5m1j4dW87Q6zeTXVvaRzjetnAhkCwxAYXaFA42gYNdx8MPg/p3gO70vxPrvjqx1A2t7a3UWhwrma+aK9hZbeGMLK7PIwxgKS3YYAr8a/h/8Svjpd+HrWaT4ka8kcdvJYW9qyB0hggYqI4iQdsagZVAAFABHSv0W/wCCevxl8N/DD9pTwX4+/ad8Xaz4j8A+HIZ7tNOkslv7STVGVhZrcWWCJUjdg5JGAyg4Izj8v4p4XzbDcM5jiKSda+DrThh6dJurJyjpCMU03KV1ZJN+R+gZDn+VV+IcJQqVFG+Jp05VXUk6cLSgnOTly+7ZPfqndu2v9lnxF/aM074IfsiXPxn8XabDZ2a+CUtrDRruVbdi15pptdOjkBUBHdpFJQLkDgDGRX4v+L/jn8WPjL8A/hzb+C/Bnhu+t/htrdn8Qb+ePxZZWy3ouJW1CbTIo2VdwtosJMoDbXJDDOceaf8ABV3/AIKS/CD9pb9niD4TfB9dQmmk11NT1aW+s206xh0mwQrDbwKCEbdKsZEakBV9MYr+frQPEXxLk8JaVp2j+M7jQbSYXE8kKeI3t7dlucLIk0KSJ+742hTkBdw9h/NvDXhhm+eUMPVxiq5fOnib+xxmHqNzw8VGDXsk4ySm5SacntZvVH7VnPGuU5V7Z0JwxK9nZypVoaVW7pKbi7NLVJadWf0U/Ef/AIKh+O/jl4I1L4daZp/gH4TwS6TdWXiTWbzxFFqOr2MVkUhd9MgiaImWZUcGIZyCSOTmvyuv/wBq4T6Tr/g3xj8QYPEXg2z1DS9J0Wx06wtoVaCG7RJLmXbF5k3mbnLmZmYgnLHJNfmvr3hDxPpslzKde02/u7onzfsV3JcyPuBbcxV8tnJySQCTkDk58Q1ix8U+Hrae+nldYprmCEx+WVUh5AGdQS2HHBzyQT3xtr93yfwly7J8N7SClOo6TkpqldQfKlH3puUrxvom7rR23Z+RZj4k4vNcTTowj7GHtEpw9pGUpQXKrNRSWqvfRttptH+jP8FPB/7Lkf7N3g34uGx8L6P4Z8OeFtP1S91y8TTxa2straq93dvbzk7ZCWwyAbi+AeTz/Mt8Zf2x/gJYfH7xx8SPDHjS28QWv9u3tv4Zs5tPthax6fEWihuoIFjEcaFlODtGduW9T+Xi/Gv4i3Hw3tfhpP8AEbxTH4ONsTceHTql2tjOk6qWgkthKFZGwcq2UODhcV8qeJfCXg3zvOjt5zO+Dta6ZM5/i4fKqCepPUdAOvLwP4HyyfHY/MM1xixU8TzqlRpuUF7OpUVVc8pXbnbli1FJKzs7bLivxUoZhg8PgsFRlQhQnB1a07OfNCKXLGOiaTV9fuVrn2D+1b+2fafGy++H+l6l4gsrnTvCniG5u47cWlta2FlHOSQz4UpO5UYI7diBnPzxqXxW+HqyMDrmhEncQdtuvDAkrtEJx07ZZuT82TXzvqHgrQFu9JEemeatxq0cd1G7OyOhy20tuO7oeQe2eQa7J/A+gwztLH4WsHQMVBcYztyAMkdD15yMEKMBa/ceHMl/sanisLgsPTjTVWM7VHKTblyu9uurv8z8q4jzjDZt9QxGMxOKqSVJ00qahB+5Nau17Wb5dVZ2XmdVqHxb+HTGMjxFAQpTfHbKMdcEfLF0AwMc8A56GvIviR4/8J6zplpb6bfXNw0OpWs7RR28m0xCQM7ltqhmA9Pmx6AkV1beFLNizw+HNOhGVyfJjOMZ6LsO48c8KT09K43xra32n6XaSQaLAkSapbAzpDHCrAtypGwtggYAww9emD7WMhmCoT5/q6i4q9qcrpXgtbv8bdn3PFy6eUfXcPKmsdKp7RJOdRcq2vo4Jr1Tfye+pY/E/wAKw+WHg1u8MQC4isJnIHlgKoYDBAwQVJGOuT20B8U9BMZa18P+JpCpLKfsEqbVUnsx2gE55GeeOTmqQfWE8podPgtyyqTsSKQY2DH7tVV8kHPDDuSACMLeWHiC6tZYnuUtWkUKrRWuHBOD0UjgZwTz0yeBk3GeOjSjKNaHuxT5VQg23yx+1Kenno436ppDqUsrq1ZxlRqOzd3VxUkt07txgrX0ezVt27ksfjIeJvsn9j+HddiuIdWtJgtzG6NctC6OYo1PLs+GG0cYODkgmv3U/wCCfv8AwVs+BX7KGqeOLf4r/A3xR4rttZ0q10EC60dNTGk3kKBZRaQzQSboZydrKoDcsScAY/nx8NP4q8JeKdHM2pzsG1iyukuvIM5tbUTKLq4WHIDOIhlUIOeATk1+nXwa+Nv7MPwR+Juu+OPF3hfWPjpbGaw1DRtI8Q2iw6JNqUkSf2ktzbHB2I5k8rcSu1eFxzX5txnRzHNaNbAezq1FKlCdVUl7KblTacVGUJJRvo7Xd1e6bP1DguGTZVLC46pLDwcXJUueXtoQhUjFSk4VE3dPmSdny7J2292/bZ/4KVfs6fG/xtNq/wAE/gj4r8BeHX0aODVvI0G5jXUdYExaW68oW4itDglOCAAeMEmvzR8HfE5X8c+KPEth4H8Saiuq2cFvb2yW7RywSJhy8+4cI+ARxt7HJIr9M/i7/wAFC/gf8Qvg/wCMPhp4Q/Z60PwNdeKNUN8uv2On2eNMs5JGcWts3keepjBVQyOq/wAWM5x+fvwz1WyTXNfuG1E2VmIreOGS4jbdIgVRzjgNgfMcZOADwavhLDZtRweCwmInVwlPCVeWjTryjXqcvL7spVZSk7q7ilJe7olsZ8XV8kqY7H4vD0qWLliaEXWnRcqdPSpBSiqcVBRTspOV2pNvVPQy9e8a+I7zUfto+GmqoDEAFmlEJUnpwFHbHQZHPSoT4j+Il1PaxW3gGJEZNyi61VIyAnzFn+X5QDnABP3ue+fUvENz4au7Se4k8VvLLHMmwxbwGAOAu0Fh8pOQTgDgHnivDfFPxd8IaTqttaWF7qes3NpblblLWGVwJQvyoxUkKoGSWYZ4HPJB+4xLVKCnic1dFKUVaMqEW22r2XK23ZNq7bdn53+JwMYYlypYTI41ruPvN1pRtePxP2iStq9dH3ZT8Fal8SDqfiNdK8NaL51zqwa6e71BWS1kC4CJkfOoy2WGMEADHOPTxYfF6G5sjf6r4c0+bWLn7Po+j6XYnUNS1C6Q5VIIYzuCFgqmVsIoyTjHPz14C8d67e6tf2nhzw1PLqOqXct2h1CQwWUFuc7rm4JIGYsbhluWGAOcn7z8Ca18N/hXoz6prvjKLW/iJq8LTT6rcosiaArof+JboaO7iFEzsaaPBZssCK+fq4x1IKhQx2Lm25SVSVVUaUE5ppy5Yw5229IppJt62Vj6mGXclX2+Iy3BxsoctGNJ1a1aUIQio3cpqlBWs3u9FG9030J8OftCXnh280rxd8YT4S0uSzt2uPCOi2zeQIY1UrHf3ELKfPKhRKhO8FgDXzhrWoa14M8beHVubPw5r2ladd28sUTxtbTazHJtNwt7KZC5ikk+eYltzLuAySSev1n49aQFaxHitDHdyySXMk8ZaRwW3YDHLMzZPXABYgckk/PPiLxp4a1vxJZ302sPcI17EqIqsvk28ZG4AZ4jcAnauFwTgn+LwsRQwtKU3LEPnnJSclWjaT5Ytzk025O1tbXum+h9Hg6mY11Th9T9lRhBxUPYJRgklyw0va+iutb9ep+s/gv9tXx9a6brnhb4e/CP4IeBtF1Ozs7XVLtdAivZ5prRCsd1BJO7yC4LDcXV1y43AEkgfH/jv/hYni/WvFWu+KPH98ZtdUJeTwqLaOXTlJA022YY8uzRTtRF+ULwATweEuPjL4A0mxZbLyGdlSNBEMujxhQxdRtYsQD7g+2K8n8R/HubXb4W8Vuh0+BFhCljHvxjYWwCSq4wQCckls4bNeJUweTUYzqRlF1JX5pc0222o/avzcqil12fTVnqwWeValOKjyQV0oKKaj8LV7rortvR8zv1uvlP4jaTrvh/xfqc3hrU5LuztiFFrO3JwB8rEj5hkn5twPJHaqOj/EeyVRpviSze1lkASQ4MsOT3G77q8844Oelesy3Nj4i1zVRcJaSzP+9O2QDcpB2In3WJQE9eSTjJPLYPiD4fafe25URQA+U8qSMu1wBjKhv4thwNvJwMVeGwdd0o18JUUozbcqM+aUGm4qyTd1ffey3va7O7EYvDwqLDY+lapGMF7eKcZK8Y3fSLsr7q6vuutVvD3h3xLp6T6aYo5TuMMtrIoyxB2GSP72AMj5sY5A6msb/hFte0Gyhntz/aUKzlZE3fvFUOWcpwWVTyepAIyTggHzO68M+KNAkku/D15ckJmRkiZ1RwvGFVuCBnBUd/YHHRaP8AGq905IdL8UWIPlyoJLiNSsgYEAmRNpHc+g9AQSKtYiNOSjiabw9RO3OleEtYbeV0rK9knbYl0KkqfPha8cZStZQnZ1Fe3S920r2tp3u9F1ViJ9b1O0kjV7O4+0NB5UzMCu0AHeuOQckfKN3Y4PzDQl0zVre/v4BvLxeZMZDuP2gMCDtDZyvGOGxjAPQY7Lw3eaT4hvrfVdIks7mFT9qZAVWZJGwAj8Z3dflIzwAdvWui8R3kSXskcymKVLeNFeEAjaxzhiAOuefocDPFephlTknJybTbaqQTaatFp6LTa9t31ffwsZWqU5wXslDliouDTSvfVa35Xd2W+u3Q5nwwhlhcy5WVbKdQXBJ+UE8DgAAZwQcjPriuh8WeHYrjR/Cs9rbQB5bGdp2AG6RUYjLDBzhj1w2CcDBbmpYX+n6VcXRkczKLFljZVBPmSJnA4+YElgdp6dCQaxNS8ZXt9DoMXkeVDaJNbRlVZRKjucM3zYyOc5Pbpu4rWp7PmheXuXcXZO6cUrX9ZWdrJO+ttDKgqknOUI1IzvzRV9VZJ3T0WiWqXdLR6nNz/C1r+4nvre2jaVbMSk242NBnOTvHLMME9MZ5zjg8vNovje1jubWHUWvrMQqPIuQHdIgxwFYkuGByAdwPtjr9H6J4g09hJHayCOT7BLHPC7gNvCkHI5yO+eQck4IrDSxjQ3MrkTLNatKsgOSm5sFFznPzdgO2STwKuGDo1pxj8N3ZKNlFt8lpJWu02ut9X1Z1QzPF4dctS01GOvtLyV7K1rq997dL7t3Z+9H/AAbzrOPEHx4iuIzFJF4Pswyc43+cwJxzx0x9OOa/fe8YKzgknJIKnA5ycdyent0HbrX4a/8ABAC3VvFn7QjdNvg+zYADPWZwOvGSM/MM545IPP7h3pzIwPGGfsOMNjGc9sYzk4wDzgAdGPoKljo0U7qGEwunW3s4NX19PvOvK6yr4WVeMV+8r12uXRJ80FtdpXd766ameWyB6g9gcg44IHbGcM3b14qFnDDJG7B4Oc5yeW9TnOD3GVbkDmUopUOSM7SD1yctjB54zgc8nJ6DkmHy05+bAUcdiC20E8cD2yOnAOTyoWsm9Ffra+62XR219F0aR0yXNJ6Wdtr2tpt1S6aX6vTYjyMdsjPBxxk8EL05zkDGTgHvybQc5IyWIzjcHx6Y9vbHcCgoC5zycDJYnPI6nnBxjqM4xnnOA4FgFAHQHpjhSeMjn2OfTrzxWl1K1tkt7atrlW/a19vPvpjJNKz627PS6fS/b+lcRVXapOWPzDd6YJOPQ4PQc8nPenoq5IGSOg4J75bB56jhs9eOOMFhycg9c7uigEE43E5/IcHjkfd2zKvAAwxA3YGPl788HqM5ODn5hxmrWmuu6uterjrbayS33++xi73s07K3S7fwJ2Xpqn0Sv1G7CNxGFAyC2c8jG7hRwFOc/wA84FNYdEIxkL0Oec8DI5I5znPUdOTT8YJBJIXGRgLgtg54PBC+vXqWxuBeQGZeeCAB1HRTkEY79cZIOMEjirTd7taWWu92+Vffba3na4ve9Pe06ar7tv8AyW/S4wdOfcY5DDHUEnPfg4BPAIxUpI+91ODxnPI+ZeCR0AOev1yWFMWMKDkkncT1IADDPHJx0weckDgMOrwvcZzjaOoPCnIIHPHtnPKjA4F3f4W9b7Lfp6X2100ejdnurJq9m9Ekt7cuzv0v5IXpjAC4VRgZBwSSBtxyOmSeckAgY20ZA+YjbwRjvx2I4+UZyPUYPHSjaVYnJIAUjGRywJJzyRjHHU46HdyFK9DkdCCo6gjuME9D2z644ApJ3tfqr/8ApPrdav8ApatcqlaUbptdXp1T2Wlu/lZ9Wu4FCTkgLjkA544yD06euBkZOTSMhV8knGwqAvyrk7mwoPHHRfmGMjucFoBGVGTlcsSABjBwevHfJPQEA4zguUBmUHIyAQD1JGNuV7YwCeSAB3PBey6JJdfK2z6W6+Q3yNXUOVro23f3kmt/s3T9bLazHIgIHKheTyTgEgA4x2A4IGT1AI4zIUCgHqV7gZLZBxntg84ySOOO2Fjj7ZyuOCoO3J9QMbicsCfu9OR82F2qvLPnoCFYEEnhhjt2OeW59qm8XtLTbRJ2Xup27a3VtNe6VyXTvBPS1nf3kkl7trej3uui26tKLtblSdo4OT86tnGDj19DweKiZ8EAYII3HgcMB0II4bPqPTAwBTivBAf5mQY2gAEcct6j6jgA4PekMZypUDpkgZPTJ5xzwQBnoT1AwTVaq9+trd0mvLve2z8/LG0U1dappb735W+n6em+kZA5CjIPAwvBYkH8M5IPB9ckUmSASQFPynCkZK5+bAHJ7gevUdASbXUs33uC2BnHfjI4+UZBODk8AjPI8ZI5JJIC7VPLdPvYK45IyCOQByKalpslezVrJpLs9d76/LW101btF7L0vp3+emt9RhbqMEZO4dsKc5JG0egIB5weeSVEmWA3cAuOSe3I2jBJ55J455OcgABjoUBw2fl2YySODjk8jgYOencE1N8xAVVLcr0Ocnj0z24HUcDtipbd73829tnHr8+noNc3V2dk9LO/e6Wr6K5IA3ARQeMAA7juxknBH3uhbuARk4GaXaxBB4Z2zjnlR94AEAnGecHjvg8UqK5O7dkbh04KgcEk9iDgHPBPBHBxNsY5OTlQRyMnJOeemCCCMY545pc7Vru/RW1tok9tG3ZJpX076DdPS663/BrolotbdNehGkY3hmKgYPHQ4CsuTyTtIAz6dDkHhBGoJU8nqDjhcHOcYw2QQAfovPVbG0kkDrswSTx0ycdfmxliD6ccDFRhT8oPA5BOSQCP4jj16HIPOSMcCnzp30SaST0Ste349/XToJxdoq2jej1/u67tWf3emo3aAX4BzggY2gAYAb1x07ZPOc85ay4wwG04zwOmWwNx57EFeeMmrKoQBtGQASOwYZ7evbn2wOppMYIxkDao6gEEkH265BzkAjBzjqRktUnro93pqrfj879d0P2baV3ZJde+mzbV9HoktrfOsIwckvtHACtj2znHAB4wSD07A1OqAEgH720gjoo5ZdwIJxkH+Ieh54pCzrjCjJJDZIOSDxxwSRwexzz2qZTkEvxxt4OGzkAfL1znnJwwHUUNO2n5tWWmulr/AH9/mKFl09XF67Pq7bNbdyPDqcgsTgnJGQ204HPXJ43HHp64By4JLAMDwG7dMgdepHI5Hvn7s4LNkYwcAJzg5BORj14HIHbPeo8Oy5AwQSwyDlhkfgf8eahXte1trbp/Z06q3S/XqyuXS1209Xa7te1+unnfrvpvEANxOVb5lbb/AA477egCrjPbPUA9A75SwZflKgnjrjqBnjqD27eo6qFJLbVwQVRs4Od2cAA8jbg4GOe3XBYoOccqASoK5HXnJB55PXHTgZGDTUldvVOy33S01TfnqtLu3nYacUoqyunpZN82zWj3XVa979xhOACOAckL1OT0GCM568ZXsc8UhCsScDK8gnOc+me56ds04Kc5wM4YAf0x684H3etKQMLnpyxHOeMEEnP3f0H4YK5o+fTu101V79Nb2Tfk2FnZ6K6ScdForRevR9WtNXbVpqzQA3C/MuTkHGME4II7jOckehHHSnHgqR0HLDHIA9/TP5d+9KqkHg4OCMZOCcdsHpnoAR3GeM0h3AEZ+YYVgD8vJBGPU98Z6HHflN63jbZJXbsnonf0XytbW+9RhZarXdNNtdLLTW2t97720HMSO3HBIGSTnn04JxwOD6cGmlh24IOE6nOQS4A6MeCAPbOQOaURtxnK5PJAG5R1Izx15IwRn35y4oduANwyCMDGMkDAPcHnqSOg524p86t/e6q++2u3lb0uW030aVrW+UbW3enLtZ9dmkhpOMgkZAIycAkEdSAMYHQf8BPFMOMKpySjYBLKQM9RwcAHgEfePfmpijhgOp5PIHYfKAPQnJyCD3zgigRjaSclmxyT8xJPBGCVzxnA43dsnNLmaStbppq9n16JeV2vJXCKbvsrcu61aXKrO99L9GktO2riK4A6DL4yG9BxkensBz+HK8YHy/OMnJ4JIOF4Cj5tvAH90dCOKkK55Ayew6YGQTyOvuccckdaQqzEkDHKkkjnacHHHAB4/TvjEuTe/R2e6vez6brbt17FuDS6bJO1n0S8tlprpd7a6wEEjgE7iO5HIbJwAfY5xnOTkgCkETSHP3UOSoA3fdxkE9eo6dTyfrMCTtznKnrgYXIPJI4JO4jPOfYdJFTDEAqV5HBwMgY3Y4x077cDrgUKVumtt3q1tpv2aWztqtL6Typ2vytea6K1vRXTdvN6WsQpDgK2ckjDE56Z4OOeORj3AParQjwm0jnLEgkZOCOCFLYIzxyRjoegpnOQSM9VAIzg85YkYzx6dc4GMipxuYHbwcnkHOQPlBGAMccdOOfrSlK6vda6X/HzWu17WW+6ZtCnzNvlvom1rdv3FfTfpttZ22GLGHPBwQMk+vTgc+5BJPGT6kVZWEZbJODtwo4xnv3+ucctg4xgBseSSQQCcDAGSOpwCectjIxxgE9ubsa5JGCcEE8HnHYcDdu6j8RzzjmnUd79ErRuui5dfNOz16pebv34eg1GCad7x63T2t+D2VrrbU0LSEBfmbJBAJxyR2wQegPGOO/3TjHU2inCnGMfMQTg/NjGAc8AHgA5wueDWHbI4Vdycg8DH5Fs5ydmSFHXGTgAZ6G2y2Ap9PvfLxnqPUkcY64GCa+fx9Ru6fkmk9NVFrtomkvNX9H9dlsOTltdaJpa3Tair3un2Sva/bdGvC+0g5OCAB065zgsADnHXjOc4A61ciQs3A4z25xjqec9MA/hnA5NUo2XaM9Pv9sAA+46HgA9TzjpmtK1AywyQScnHcFQGzjgjHQAg9fevnarlGLa26rS6vbq79brVa67NO31VJObik1ry3bSvqt/x6fdrY0IYQ5XGNzAkZGdoxuJ6AY4y3IAGPVq2YbdRsIGCRjkgkYHJGQBluM5Pt14Ne3QMUYgDG3AIAI4yPYkjOVA4x15GdNMhMqx5yTuHPTtnkAZyfwHTmvJr1W3aMmtbLTfVO776LX5Xt19/C4e0VKfTXu/spPtfW+2muqIvLG5VK5U8+m4ntkjqvQ8AZBG7IYVGYudwAwSQFBzg8ZyCDjkcZGOSRmpxuI+U4IwRubGAc9AMZyQc/N7EHGS0DJ+8eQCSeM54PGM4U/dPcdu9cb9pu27WSsum2rtp1d3tpe7uehyxSVtXKySd/7qbvZLTVNJPp11KxjU5I2kh+cdz1yAMcNxxwMiofsaHJVRtDdAMnkkHkYHH93t6ZFb0dupTlS3ZVIIbI45wSD0HTIOcqKla1SMOFGBwTtPbHQquRnjA+9jjkdpjilBWTab2aXM2r9W7b20S2T3b2HQjJPnS2023st0+l7W30Wl+nNfYmxgZAYkFgoOB2ycgevTtzxwA9rbZg84G0dABnAGfU4xgjBxgj0FbDxov3cZDA4zlsJkk56dsZ6nr0GaoyswLM/zcFs/d45OMDIwBznbz0GPlrpjXnUa1aVluut1Zq29tb82/mjlqUKabSWl7rR3a0a1WmqTbtrb71QEAHzLzwcYGMkk/L3x1x9RnbzVhYANp4xjJ6Z4HAwTkE+vOMDjkioWugpIGOQCq5xnHPTAznPPOT25HMD3sighOCwJwBnnHTrwwUdOACNpNdUVUlu/su3XfX7NvW1tHH3ltflahTe92nslro0/TbRrX4rddLDgqRub5QCxGAWHpyB2PTAB9CeggeQKccKNo6AMR1JIAA5POR2BHQYqhJclsYPoA55xnqSABkdF+YZXnOaoSXUiF97ZOSclf4egAzwc9xn046Y3jRnK2zdoq17bJWfy05r69FZaHNVxOjT/ADb8rNarTTazT1auab3AAIGAWOB0HAHJznsARk9Dz06Zs90pyG4HTP0zzjHOcHrj0rKlunILDcoAOMDBYMcEluMjAPAGQecAGsye4MmAB0OCz8kgjsecAYLAfNu5OcE47qWFTab/ALr6+TTdrNvdba6dNDx8TXbSutW11dtEv03b0b63u1JcXSsxyx6MQc8AckYz3bI9fqazHl2qcsBlckA8jAGP4jyclTyucHjAwI5H4JYAncMYx13fMMDuMYPU8Hj0pyEtvLDDEBQT1ABPPXB44546V7uHw8Uop2urX0dn5dLWts/Vq1j53EV4u9r3urRd/idvm11emnrvZeZQgLtxgHORwPlAAGPXcDxyevXiubhjvDEMM7RwFypHtghRkEdMjr2NQlDnc7EFicqSMHaOAOSc5Gfft6iNYwCvccnPI3EdsnqAccdAecLzXoQUIq17/DslppFPotbre2rfSx5FSUrqzTXfVuys21dPrfXWOmqvcmLAgD5cjKg7uMnGcfX0Ocg4OQea8jbEGGPyjoBnJHQhhyOcLgE9MZz1a2QDzgAhieOeDxjIz0Oc8nJx0qOSTcXU8svUZH3cA44OAcce+eDkk1so6JvbS8Vtuknbr3f5HHKpLq9NE21e+sdU11skru7dra3Kz7mxzljxnI+U4IOAADwB8w6kjPBIAZjCgZzgMCOMNzzk8fL16H24OMKTlt2PU4GTnI7HsvOMHnOSD2IcA543DAyc7RgHk46ZB6jqTxggVorXV1+m1rJ2asrKzt669fNq1Pe0vFvl6PTb4dW0r31VlrHW14kbZb5AxOCAzdyCMgcgYxjBweSegzybcHPAYscEdSTgjOSCOcnI49Mdnk4OGxuyFCjHBx0A/iJGBwfXBPIpA5+905P3QDtAx8ueowMEnJ5PWuiDa5Ulburattrrs9r+WnSxyzSlr2d792+W3rpf8NtBhThiTnj05GTz64YZ5PpjNRkAMyg8BeD1AJPI9+nOTxnBzg5kL7s4woIGcgg8gEZOD0GT06VF9/LDjqDjqeOB04HYj+eOHfZ7ryvsuVLX5eer6GTuuj1cfJb/AI6Xel01Fpne+EzGuj+OPmyf+Eau485G4ZiPOOORnk4Ayf7wzX8R37YPl2f7UfxMEiRtCmtRJK0jqiqshJIkZsbVIHI7Z7dv7Y/DhKaP41YMVYeG7v0wAIyeeATzk9T/AEH8MP7dV5Af2p/iPa3XmtZT67DLcRI7K9ySQCgKkFVwD7Y5HJriy2Mv7Xxk4JNwWGlr1V4WW+17dNr6Pd6Zs4RybB8ycU1XjHduLcbbPrqlrfVb2OOt/iBpi6JLp+iQBbiD7RFcahKCtlbBGb/j2YgCWXuCCxPUng1w2j3oufiZ8MPJJu7u78beHfmlJZ7iZ76Ijg5yrkAKDgEDnrzxFxcf2hPFp1vGlpZwySLHboAAsa8h5mUAM+MlskEnLZyOe9+Gc+nad8cPhHdahsktbDx74fvZ0ZSxlhtriJxHFGo3OZCCiqBljjGMkV9zm9WpHK8bXqy/ePD1LOzUUowWkfPRbeux+XZLS5s7wGGprloRxdPmk7SnKUpx1klFa3aslG1tW9Xb+w7WPEtn8KtBl8c+JCNZ+IPibStK0bQrFQZ7sQrp8MNpo+l267pI7csF+0TIoUZKtjIzt/s0/CPXH8T3vxf+KDG68Y694c1A2dhP+9t/D1iWl8i0tEbIilMZVZXXDE53HgEc58LfAWrePdZ0b4yeP7d11PU9WisvCWhXeWtfD+gWq4tpUtGBVLudFR/MZSwVgCOK+1tAkhsLXUby5dFt49E1mGCWRxGu6GWZySWPCooBY8DgjuQP5UqauUnZvm5mr3SalFuyS0W+uuit0R/XdN3jFbWirJ90opp223116W9NC8hjttFsZ5nWOOHwrqDqC2wNlnBOWIwFX7zEAIOSRjI+RNa1rxP8fdei8F/Du/udD+GmmaZbaX418c2TNHJq80TL9q8N6BNldwYB4727QskYLR5HWr2u+KPEXx81pPBnhC6uNJ+HOk6AdP8AFPi6Fmjn1abfiXR9CcgfLJ8yXN0uV2EjIyCMHUfErLo6fBv4KtDoXh/RLf8As7xT4ys4w1rpJLFZ9J0eYf8AH7rl6CTczq7PEzMxOBxzzrNXV3q3fe+iilfzWi20V222dEIxi2092rN6NtJWu30021va17E+qeILeHULb4H/AAPht9JsNGtXtfFni+0QSaf4ZQj9/DFOOL7xFdjcGk3s0TkyHkYPnNvcz+DNWl+GXwM0S21fxxqsfm6hqWosZo9GS6n2X/iLxJqJyZ72RmeS2smlBBwAExzoaYs9vN/wqj4RQpbah/rPF/i0qZbbw8koLXc9xeHP27xFehndIy5MDPuwNpFe/wDw78IaH4S8T2nh/wAPWhAi0r7fq+rzgvqWr30kyia4vrlmZ5XlbLKpfainG3jA5XCrUhOpF2UbOUrvXRaQ311+J2cW0ldux0QqQhUhCSTlO6Seya5XfS/Zdbuz6NmJ8A/gtovw58R6/qdxdz+KfGdxfiPW/Fmp5kvnnvbczT2dgrhltNOjdmWOGPaNgBOTXtUkezWLmeQAJbaDrZBXaOF3hQ2QehweccnoBwLPhXy49d8USRgBYtZhlmkPCYS35LM2FXAXazEgDA5xXx98Vfiv4u+IDeMvCnwUuUsdN0S01LTfHXxPmjMul6E91KyDR9Ebhb/WpsFMwNiHduflcgotRoxsr8zvdbv4ZN6p3ty6ttrZX1ud8oud7q94qKWzd0nondXS/Vb3PpOT4yaX4Z8B6V4e8K2J8YePr6wnW08P6cTKlpNcEgXOsXKbo7O2j++wcksoA2jFcRqfwiutTn+G/ib4r6jbeIfEcAudXNjcskfhTwrZSIWkS3tJW8mSS3QsHupt24qSoUdc3wrD8OP2afhJ4b1PxBeyWouNHs724nuVa/8AGHjPxDcwjZaWsALXk893Mw8uGPESA5/hbHm3irSfiv8AtC+MPBb/ABJlufhb8Lk0S81G3+H1hdC313XtMjBaG78XX6FPscEsYVm0wsrKhwxJznGqnUaSi3JtWSatFNwi7921pd6X2VjSnKNFu8U5ayUXaybcNW76Oze9n6pM6zx38cNQ+I3m/C79nSytZrOGzn0rxD8VLu0L+HfDwgJiaPQYiqrrGpIfljMDKLd2BAJUg+ZfCrxF4E+BFje6XNBqnjr4yandX0UsG19S8a+KbyGUA3N/d/O2naUGbcADGlvEMbGwM4uo/EnUDqA+Gv7N2k6fcRaRpVzZeIPGCWoj8I+DEhuFif7M6qI9X1pl3EKrs6SjzHZmUZ9J+E/w70TwTrGp3iSy6t4h1KzS81vxTqg+0a1qWo3sLyyvHcOpa2tGcERxQ7AF2hgcg16NGi/YyUVFtJJzkrqN+W9td1s1r1u9DzqtWpVqxcpOzaskrJJKNuWKslrrfq2rHz/8d/h/4v8Ajb8SPgPdfFbUPsdleeK5pIPhx4euJE02x06NWdjq2oQsv9o3TYUMQECYZSHI+X7l8JeD9J8N3mn6Fplja2llbT2qWdhawrHBBBvwzFABvcgDLvuYkk5yTjxfX4ZJfi98DkIKqr6zKzMCxMiucHPOSMkE8Ecj6fZGgaCV8SfanjL7kj2MezGQfNjBwOvzNgAdCNrV6dGr7PCQp9VbmklbVyirp2V7JO/TyPJqwtiZ6axlG123b3YttrXfvppqr20/jE/bkvrzRf20f2iV0y4WCQ67eRoETLiMoq7EHy4PY4CheTk9a+Eni1PVvNtkttS1GZmjDrbW89wWlZsrHlEZVGSAOTtx2xg/pd+2D8OrbxF+258dNY8S+JLTwZ4Vh8cyWuo63NtupHi+Qyw2NshLXMzqAoCkBATwSARa1z9sj4M/B/wjaeAfgF8GdO1rU7R7htW+IXjKG3nk1S4VTHHd21rIhliQPl1jDAbiODgGvvqOaVcHl2Cp4HLcTmFecIKbp2p0KUWo61a87Ri7PSMVKTad0rI/K80w9GtmeMeKxlPDU41GowalKU5Nq8Ywgr6L7Taina8tUfGWg/sl/GX4jaxpWhWGhppKX+jSaoLvUpVtoILO3j8wyTM+EiZkyoVjkHsvWvtD4DfDjUfDnwM1zw9fmJr2y8aahZyXcEnmxM9uuzdE6EeYrEEgqcYwcmvmBfH/AMYtSsJ/EXij4kXmgaTqen3csui6Tutpr2zvGeRYA+fMjtwD5aLGyDYvZtuPu39nNbW4/Zuh1GBrgQSeL5oxJcSGSZwVOZZWYFizFfmJbPQk8gnTA4jOqlavXzOnhqOGqTpRw2Ho806kZJ+/OpUdlO6tZRjZb31suepQyxQp0cC6868YTliatS0YNSVNRUaerunzSu3v6HUfA7Qbi08UaNBaNLNLOZFhtzkxvcRSHB5HPUHkHGDzg4HiP/Bak3Vt4w/Z4tLpQkq+Cr2TykwzJ+7ZWBxxkMDxg5yfSvrz9n5Ibnx94aYxmRYNUvlLZ42qc5yMZByQeuMjoK+S/wDguSTa/FT4CNnCv4DvpsEjIWR5Rg5LAcEcDnsQODXJntdrNcuptN/u6srJO6Tgkne7dvktPJs+m4ew9sjzGelvbUkvP4He72V767W6O+v4KaV450HRbe5t7y5kS6S6lWSNfmyC/I4OcgKB7EqDjjOZrvxb0M2yx6RZTNcJGyJcynhXIwG7ZJPpx0xk5x4Hrrq99qBQnc97NksTzl3JAxyM5BIPXORwcjDaVVIXOB94npxjHJJOMAcE5APfPX5LG4idSVSMrOztFXei0aW3dX6J/NM97CYOlTVOcKbbcY6t3WyvbVX6q97LvubOr+IdW1OSV7u4lYyMxb5jgqTwcnICL2HQbeck5HKC62XCAMQ2ASxJwTjB5OMnGQTxz6HAMs0uWwMLu2gjOcAnknvzzzxjnHGc5t0PLuZAjgEIuOM4yoJIb5cZYHPqASO+OCnOMGlZRtbyV9OzaeqvzO3Lrtc9K8nyp9LWurpapXW/S7i9PXXlPpT4f+dqcukWandNPNGgO/O1cgjb7Bu3P6Yr9KPAHhbw94J0bUviP40byPCXh+2Mkgf5ZfEOrKC1vplorNmbdJgOEBKJktuzgflv8EtYEni3w/Z7lCi8RppTyIrQDNzMB38lFZzjnjABxX2P8RvHNz8WtT03wnojyW/gjwvci00a0CMqahfBit1qtwi/6xnIbyywbAIx0NfSUMfVoZbPDYdWrYmdpVIv+HTaXM72dm07J3uk7nzmIyajis3o4zFNVKWEpxnCk0+WVW6cW7O75Vsur+4svqPir9of4kf8JN4iVrfSYGxpemKG+xaFokRxb2kEQOwTyRIGZgAxZtx4HH6T/B/wDLLLYRWdrDbxWtsTCZisVtY2cKgzX1474SNQgaVmLjG30w1eO/Ab4ZKunNHbRQW52l9V1W8ZUstNsYFDXF5czPhEfYGKJncFAAIqH4h/FzxD8TtXh+Af7PFreXGmTzrp2veKLNHS78SSoVinht5kUNb6RHh/McMqyJlQMYFfn+c42GH56NGpFOC5q9aUvcppP3nJu3RXs7ttq/U/QMoy6WJnTq1YTlCbiqNGnH95VkuW0VBR+FbttW2srKx6D8Yf2gbqW7b4F/s5/adS1fWbkab4q8bafG8t9qksreVc6Xo06ANb2EbFo57lSOAcNg19TfBD9nj4X/si+D5Pjj8ctV0tvE8MC3cDai0c8Wl3coE3lW0Uhd7zUiWO58ytu4yN2Kb8Nfhh8HP2FfhhcfEj4tahpz+M7i1LAyGOXUZrpo/MTStGt5N0pYy4ja4AJzl3Y8ivxR/as/aw8bftMeK57/Vp59L8F6dMw8OeFIpHFrbW4dhHcXqKdkt3IoDO7hstxgDAr839li+KK08HgpVcNlcZ8uKx792eJaa5o0ZNL3XqrL3VH3ntY/V1Xy3hDDU8djo0MRm8qSeCy9NOGFbScalVJP39U5XSd9E7pSPpv9uD9vvX/wBoS8Xwj4FubzQfhrbHM0UUjw3XiOYDmW8VCrJbkACOEkqFI461+XV1cbDlieWzGqk8Yxyw7nPJJHTOTuIIrPeK5G18Mm1VUfdJ49BwBnOMfw9Qeq2dtPqEzRqHkYhtrZ+4c4JOR2+7jqCcjjkfpmUZRgMjwdPCYOlGnSjZuS96dWT5bzqTavKcmr3d9LdFp+VZ3nmY59jamNx9b2lSekY3tTpw6Qpp6JLay3d731ZneXc303kwqWZyfnz8qBmP3sdMDk+h5AAxnfsNBmk1S2sLMb5Sm55IwWLZXkggZYgEjYN3zZ25Br07wT8PdV128isNNsbm7lllSPy7WB5Z7ud22pBAsas7SO3y4XgZ5J5r9tfgX+w/Z/Bzxh8KPEHxk8AXFu83g/U/Hms6b4huYtItItOgMU+mTNJdKEmZI33y2X3mJAwflrLNs8w2WU5Oo1UrSUp06ELOc3BJxstL8zSV31a2FleT4rMqiVP3KXNFVa0k3CF3G+tveavzPVJWXNdHhf7FP/BOLxF8WFt/HfxJguvD3w6sLaTUrWGeNoNQ8WNADKbe1ilVGWB9pDykBVHtmvsL9pX9tjwL+z34M0f4W/BPT9Ki8VaXay6bHFYiOa38OgKYDNczQri4viV3eWSzq+cAnOOd/ap/4KJa14o0jTvg3+z3pZtBd3cmlx6po1mTq1xFKfsw0bQYLVSUtwF8szgZYEuSOp+jf+Cc/wDwSPj1W70743/tM2cmraq8z6zpvw7vy05hZn89bvxIXJMkjkh/IYgKSA3GcfmOOqyzCazXP+anRg28FlcW+aduVxco3d29FJyv1TfR/pWXU6eAh/ZeRKE8RNJYzMmub2d1FWjJatpXcUmrNXV91+F/ir9nT46eLvA8f7UXxSgv4PCHiPxAtrpN54gMsd/4lvrx2Yy2FpNh49PhA4YAIU28HOa5KbTriwl0pLXZbW0iqpgg+VPkHyh1C4JJJJP3uhBwBX9K/wDwWlvdD8IfCz4NeArG0sLKB9cur620W1SK3jsLK02rbqlpFhIoQDtVtnOBuBOAP54r3F5e6SUhXymid8DDcqGyyEZGevIGSST1Bz+rcCylmOEwtaWGVBVa8oUqcYvlhRhKEadkklsnr1vtbb8i49lSyzE42nTxDquhRjUq1HLmcqjjzSlfom20lfffuGgaZc3D+bLu2QyZBYZByRgAZACgH5uCecjk13NxZITCkSq1wZAVOR7E9hgcE8dDjr1L9BtCAmAQhId4+TwCd28diVxnOQOOpAz0t5HGr+aiojh1VVzl8AEkdCR1xlep+9zha/oTC4SnQw6i07xikkktVyptrpfs0r/O6P5EzfOJ4vHuSbcOdJucrO3NG9tdd9Etd9j441SOePxL4nTgCLU45G2NzuVQ2OTgDnDL09jgCun8PadeX2pXtxDCZEBhMkjZIQbUHIwB2OMDjngcYx9dTb4n8RkDBm1NVZc5LFgAQT+OOo9AAflr1DwPMunnUoni+/JAwIztzhSF5yCuSckjoQCG5rzKFL94pKySqyd16vfskrXffds+txldrDzSXxYanfe2sYbbtuzV9b9Hqei+G7Q2wYbF3fIC5OCCTkdcAYyfTOBkbhkeq/B547j9pX4F2DOXaT4geGI1jXu41CJ3CjGXYL0ALEA54BrifCOk67411YaP4Z05tQv7h12pHkW9qEPzT3c+PKjhQjcxY5AGSAMV6Z4g8c/Dj9mPWtBl0K6sfiV+0LJewrpiW7Jd6T4K1W4Ijgls/LJW91ZZiEijT7swDbSRx5HFue4LC4Gtg4z9vi61KUYUqfxJNJc07W5Y3a1l291NpX9HgLhLMcdmeHzSonhsBhqsKjr1YNKdpQlyxuk5PorPTRJn9d/7ZP7Z3wd/Zc8Pw6h421q0vvFUmmQDQvBVrcRHU7uSO2SOM3YB3WVruVS8sgA29snj+Zjxl+0B+2D/AMFNfiYfh/8ACLRdR1Dw/wDbirwae1xZfDzwbZF9q3erXy7YdRu4YxvO5yJZF2leSB9Afs5f8Eof2oP2yfEEHxw/bM8QeIfAfgrVJ4tQl0fWbiV/Gniq1kZZ4reOCRgdHsJoSBGqqN8fBr+kf4SfBD4Vfs/+DdP+H3wf8HaX4O8OWMEUBj0+3jjvtRkRFX7XqN2o8+5nlOZHLuVLkkLg5H871o06S5pyjUqOVo0k7xp/DZyaerT6W3tc/rChK0Y06KcIRtz1WkpT+FWj/Iuul3bV66H52fsZ/wDBLb4Ufsxm08aeN5Lb4ufG6aCOS+8W63aRTaVoExUNJbeHdPlV4bdYGJUXG0mTbv4617r+2pI1p4H+GKoAfP8Ai74UiDEkCNY7+3ZVQfdVQwGFUYUAKODz9yC32s8bDJAySCNzkj5fujgDIBAIBHc4Ffnn/wAFFfGHhfwt8O/h1PrfiCw0yTTfiHpWuXNk0yfbJbPTZYp2FtCrFy8mxkTnDHH1Hi4zEN05c7bso+6rPROLSSSto1ZpWWrbvu/by3CuWLo+zhs+Z3bbS5bS5m0rNO7fnLe61+472WOHz55OiKkksrsqx26eSu6V3bCooxuO8qOCeCcN+dP7TX/BQr4V/BCw1TT/AA7qOn+LvFlnFIkkn2hV0LSZVQgm6uwdkkiYOYEzvwFG4sQPyZ/bB/4KqeLfiDcjwD8KLXVY4L9PsGn+F/Du6TX9bHEJn1i4g+eztWZcGAlG2H73NfL/AMNP2L/iL8V76w8ZfH7VpbWwupFvLT4d6bcPtRZH81Tqs+7LOFO2SKUswORkgc+dicdChR9riqqw1KMfdhduvWVo3VOF+az2bbUVtdHu4LJp1qyp0aTxVZSSbX+70ruNpVZrRuKafKrv16cv8Tv2nP2if2yvGEun+FZdT1+3M7xx3pFxY+EtHgdwCttDgRSyQg5DncG2cjHT6U+AP7DGleGNd0nxv8R5f+Ew8SxXNvdTXmqqsum2EwKv5NpZyZiYxElVlOEYAEgdD9F65r3wC/ZT8HrdeI77QfCWlWFvvs9HtEgW/v5YlyscFsh8+4kkcAHcQu4kgdBX4wftS/8ABSvx18Uxd+EPhS1x8PvBpkdP7Wt5SniDU4AxQsXRc2sUi/MqAFo9wGQOa8qjDOeI5PD5TQll+XScYTxc7+0nF8t3Kpo2/s8lO9/tPe3t4urkXC9NYjNq8cxzBK9LB07Sp0ppR5YqmnaKT91tq7t3P0y+MX7aPwV/ZosfFGnWT2vijxzca7eyJ4Z0uSJlhlhYrbC6aFTDYxRHhkOOMAbSePwt/aH/AGy/jD+0Tqtw/iXWptJ8NJI32PwlpNxJbaZDHkhDc+U6m4kCY3MflbuARgfJN1qVzqV3eXl/f3N7dTXTy3N3dySzXVzK7Eu800jM7O/LElsY465rNvp0VcqwRT1OcgDGenJznnoMYz0wD+lZJwfl+VRhVmnisXaLeIrKMndJJuEdVBXV1rzNbvW5+W57xpmGcXhTbwWDu4ww9F8vOnp77Su1pay0023bvzXYKbiQrFvuKCMEg87QSec5PHfKjJ4w7zUER+G3sMBYlPIPHGR/EO46Z9ttUy1xeqVjzHGzNl8ks/pjHbJIB5A+mAPUPhv8IvFPxB1+w0Hw7ouo6zqupSxQWlhp9nPdXlwXIClY4lYhSxBZjhcdCSBX1bdOhFzm4U4Rvdt6JKzbd9uu7eve9l8K6kqsrQg5Tk0opJuUnp5u99tW7aedvNoYLu5KswbbguUXIQd/3hJwoHPpuyRgYwPd/gv8LNB8XXmq3niC2e8jsI4jbW6EqrMxJYspPCjHXuD1Pf8ApB/YU/4IT/8ACQ3Hh/xx+09eNoOjTXNnLbfDzT3DavqduzpIj6lMuRbKANj27ANhmBYHivl/9uH4W/DP4Pftk/Fz4efCXw1beGfCPh/TtHtbTTbMBIY5IoSk0uMHMsjDdIT1cnO3gV7XhxnOVZ1xrg8rShiI01UnWUoxdL92o6NNK65nfs/U+Z8ScBm+VcD5rmdJ1cLWVKEaMoXjVTlKMW4tWlF8raTTVlv5fE2heFPCnh63C6L4e0mxdOPNeBHmK9FHzg/NnGc4yAACMkHs2uphCSk2xVC4jiQIEx6KqqAMDB9QCMYPEq6ckh3FyqblyO7MNxJBB24PGFwMEjJHQXD9njVGnaOBVzueaSOLlAcM2WyVPbjpwDiv7Ipxy3BwUYrC0IpRty8kbL3f5Uk3a/XS/wAz+DqlXP8AMZ/vZ5hi6jd1zSqVG27X0Tbs7btdVutHmNumCszbu5cEhgnHAJ/h3devAI4ySZVtpJVQMDtAJG5gmVH3TnhicgDkgnjIrntX8c+C9HBkv9e09XjBVoIHWWTHPA2tgk8g/wB4D15rz3WP2j/AdgStlFdahIiFEZv3KqQAEABySpwQR1AOQeQKyr8WZJhFyVMZSbVvdhJOSdoveK0asktE9N97+hg+BeKcxcZ08urU4NJc+ISpJczi+bmnbTRvbTfyPYJLEow+cFdrEKBncTghXbBZW6YIGMdc8E+QPpcrfHbw1dTRum3SmbzGIWFAobaHc/LknHPOcYzyMec3f7RnirWC1r4Y8MT5ZvkaKzknZ8ZA2sE+U+vOOOuBkcJean8Y/Fvi+w065iu9L1u8tQLRJyLR47UgA53ICExkEFhggY7V8HxDxf8AXoUKeAweIqwp4zD1Y1PZtKpKE4yhGMrPVuzbXyP1fgzw7/sipi8Rm2Z4SEq2XYjDzo06kXKnGpBKpKaTulDW6SS0sz9D9Y8TaFoolmvNR06zC7hKZriNpG6jcoBzj72AQvZup58n1z46fDvSwzPq39oMN21LNd29sEBXCjoCBz0BzjJUV41pv7MPibVxJdeL/G6WeTuMSSS3LFiASm/ftBB4ye+QT0Nd7pv7Ofwx0cI2oyanrNzGMsJZtsMxYkDYhwcYHr028fMCeiOL4wzJRVLCxwMZL46s0pRWlnyq7Vr9Vd7vVu/K8p8NcjcniMa8fNXk4wjeMpxabV9rdtXorK55/qv7UFovmW+haA0xZiUaZmYBgRgiNd+SBtZQv8wM8Y3xM+NPjCZx4e0K+hRzgNa2UihuSBmQ4wcYO4EcHPGK+sdO8JeAdAjMmjeE9LjZG3JcTW4kkOPUsXJcdBnGc+9b8msSxIVhEFrCP4YYo4DjbgABAAoHGDxz2yRnX/VLPMdLmx+b1Emk3CgnFapaXfKt73022utFnPj/AISyunGGUZHSlNWUKlVRe7ik1ZXUrvW7utdd7fGUHwj+Nnijdc69qQ02CQgOl9fESKGIJzErr8ykrlc4A4yOAew8O/sw6VNqdva+IfFd1evMT5ltYxlA5IzgStvwCRkkkcZ+U9a+gbm7nuFYiZmwuGEjMzsC3Ubj0BIIwcE4GCcCtnwfAt74gsFDbAC7MByzhcg7W3HDEgnHORjGDkVvT4EyqilPEKvipLlb9rUck37r2jyp9L6vR6rouCp4pZ3iqio4SnRwUZJKKpU432ju5c2qStp0+RT0T9n/AOFegPAyeG/7RZE2yy6pJ5+50YAEpkAhj83qMg9ADXtWh+GdF0uJhpmh6Ppse3MSQWUQYhSMfOQTlQMcN2DHjJroYtNVgW2M0aOQBIp+ck8DcegHZR0JB7VtW8HzIoVGaPcp54VRnbxjA9gDxzjJr04ZZl2Cgvq+Eo01a6apR5rOyvdq99Pdu9bLW+p539r51mMnLF43EyV3Ze1lyu3KnprFa9k9E+lr/FHx/hlPxT+CyxE5e+kYALsAPnqSV2hQD/s4I64HQ19bPpORNM2xBG4zGykhvlADMSQDywPbkdM5NfMfx8V3+K/wYDKgZNQmKhQTjEwwC2cZ75wT657/AFneSskMhUn94VEvGQvyDHP8h3B6dh87k8VLM83ioRaeIpuKte1qVPRLp0fk9Xe7v9rm7isnyRSlJyWFqN6y1ftL/PW7V91te1jhr6OKJvllb5WYOVGEO1hgA4wFJJGeSASQOK5LVFhLqFCZZCSN25iWw2BjBUkY56noevzdRdmRi0YGYw7eZkbiQSeQPTqOTxnseRyN1G3ms+1yEOV4yCOm0t0OMnJz65zya/QMFQgkrxs7JrSSutOln0Wlmrb6aI/E89zGpecIydpSsrtpWfK2nvpdaadG7d1iCFQxCP5AAAwAc+hPTPJJPGACRg9SQp87RxLmRM5B3BMjA3Djnt97jGT3FMTCrhnwszAsqgEr8pXBBBznPcE7s8ggA1bmS3twXlmEcRJygc7zGoHGM/e4Ayc85IPSvQcFzJppK2l9Ld1b53V91bXc8OhKrXw/Lvr25rNuNrqyd9dN7diVHXaTtQMuFBLj5n6HvkkEcjHHXBzkV/MjDSBsuGyWdeUG33PbOFxlcc9vlrmxKt9PJLlooEYGKJicOCWGd2SB0JJwTznA3VGZX3S28byAIpLsOchgOAccEE8FTnoWJzxnaEdHKK6+9JW2ir31voru7tbpfUeJw9ZqC5HOLVrW6tRV7ej1W2j0b37e1lt7fy5pZY4lYglg4yiL0zuyTwegGTkcd68C/aZ1zTLv4a6xa2U6yAX1p14LSKSGCEAZ5JLbeg7Z5rotWv8AQtGLXev63a2FuFJjiaUyysSDtAhB+9kcDkZ64BGfj740fEzTvEWnSaNoqBtMt3Ekl5IpSe4nU7lYRZyFxySQcDjqAK+N4xx+CpZVi6LrQlVqUpRjTjJS3UYpvey69O2rvf8AR/DPKsfPPsBiHhJwoUa0Zzqyi4xcVFpWbsm3eytsup9H/DaBIvCHh1ndUSPTIt2SozuAOzcxAUgduADwB0pfE/jzwzocskV7q0COFAjiSVZSCc84UgZBGOh4UcV8Qx+PfFN1o1tpsepS2lnb26RRw2zGMyqpAXcVwxbqWIGOcAYOK4+aSS4eWS6uXlkJ5MrMzswxgZLHocE7vQHOa+Yhxx7DLsLhcFhrzpUadN1qmibhGEdIrVq97ab3smrs+wxPhdSxud4/HZhjGo4nF1KyoUV73LKd480m20nfVKNldrQ+qtc/aD0m0zBpGnSXjRZRLiVxGuRjMmOeRnIBznLZJ5x5pqv7QXi6/UrZLDZIDtDLteTGRzuwAo79PqOK8UuAiqu5VXJGOg2HGcnHTghsY44weCKgW4iRFAVFIDAFioz68EHg9MkfQ18zjeLM3rtt4qVOL0XInHRpNK6tvdWd032R9nl/AXDuCpxUcup1nFp81ZOo27Req+F308lbVnZ3/wARvGupvul1q9IK5ZIZDHGMjqrE4IYHpgY7HsOUmvNRvWEl5czTuGBffM7kjk4JLEEYOSOM5IziqI1SCIHeiqwAycjJ6gYwfTGQD1P41XfVQ3AUKjn5VzggnAAIOAM9QOM98jNeBXzHE125VsRWqSdr81STW6v1+St1tsrX+qw2U4XDKKw+BoUklZezpRjZLlttFa7bt6X0Vy+LZ7oeYXCrk7VY5GcgA4B6nt0PPJA4LzDFDGDLInAwRznOMe4xnAzhdxB7msSTUJIVSMkoAcgjHJ+8OoOMdB9T0OcUptTL7g7u55IJw3OODyCMkdGz97qCMg8VSqlK7erS1lvutL3fSydr2tpra/Z7Go2lGNrpbJ7PlfRLRJu/bRvQ3UuokY7pAWdfkOcZ4PHH0PC9uOhxX0p+zxbufixosrlmUaFcSuGJPVuAB6jJPbjkfLgV8gW8/nXAMjnaOYxyAx5PzdMAKMkhs4HbGa+y/wBmxXHxM0aWQCVpPDdw284GMybcHgKqhcLkjrngE105DUTz3KoxWn1yk7Nr+aKTa31f3fgY5/Q9jwxnlSbaay+sr6tr3VdLTZ9Wuvkrv78v0dpo3A2RkxhApLbRtU5IPcHJHDcA5yea29GSSXcTlovMGdwwzNnaoQkZ7Fsk4z3IJFRW8SXl6WuVIgRot8akDOcDEfQsuPqeoIzxXYrJb2g8uGFVjVlKNIyRrhxgsrMQWGSdy92JODxj+mquIjRhCPNFXW8mklpFvd9VfbX5H8WYPCvF4yVS85JTfLCMZSlJtxvZJWbe9m79u4lzbs+GkVZFygAQjIZRkuSARlScHOTgZGBUflq8Uckyp5aTZCjG8Lu6uOTtBOAcjv1GScrUvFHhzSVmXU9d0ywwTITLeReY7AZYbM59gMnliR8xxXlviD47/DnS9hOtyXhVgTFZxllYoDzkEZBJIwQy9+eRXj4jPMuwrf1jGUYtapRnFu2mqs5X/wALu77dU/s8Lw1nePnF4TLcTNW0c6UoKzaSblJRik99mlu77n0NdSWX2NDKizS714j7RkAKSoGcqDj69RyK5HWUVpI5LdDMNgV/KjCg8EBmOCDtIG4deTXyvrH7W3hy0lmXQ9AuLqcxbYpZ5M5bgbmhAJzuGQOM4+U9BXAT/Hb4y+NHa18NeGb9VmLeX/Z+nuGAI5LSlSuCMc8nnJB5NeQ+NsuoVU8J7bEyVnalCUrvRpXsu7tpZW3tc+jfhjnGOoThj54TAwklrUlHmS93TRvbspLVW0bPr17cwhpZ5lthh9zSzRqmBkjCkghiOeT1A5OM1yt94v8ACGkwyNe+IbGNkJZ4Y5kmlwBgldoyCx7bQScEelfM1p8Kf2iPG8ivqi3OkwysBJ/aV4YCqHuI1K5B9yOBgYxiu+079j2/3qfFXj2OLJWR4LJHkyG5ZVkLEhhjB44JzTq8ZcQYuLlgcolBWSjVr3ivsq9m47taLva3RCw/hdwdlko/2rnka001KdKhZJtNaJq70+Sv5u5N4m+Ongm1s7+10+K71KS5tLi2inlIiiWSZGQPyQWUEfKAQMkEEDIHzp8Kfidq3w2OtnQba3v7vW7jeyvC9w0Q8x2ASJFYE/PyRj7vDYya+xrX9mn4WaZa3n7nU9bu4rG6dZb252wF0gZllWPJJ2sqttIOMAZ4zWF+xXo2ji0+It5caTp93c2OsJa2Nzd28c7wwrPIu2MyK4UBQoLEDAHOScV+eZzX4jr5xgKuMxMaFepCr7BwX8KCjFzSWm97Xcns3fQ/WuG8Bwfg8hzDDZXgvrGCjVoPEwqSbVWasoX5m37rV7bavdHnlt4y/aH8XzKuj6F4hFvIGdZLaxe1h2uc4SWQHC85UMCADwMYrZh+BPx78Wyxtq9/FpcEoLt/aOpFnQYLEmEMgVsNjacZ29eAK/Ria+l80xROsMakAiGFYlHB3KgjVQM8YznAHbGRk3EvmOY0iYyMAQ7OWLBSxK5Ocgg5A/2iMDNdM8FXrJSxePxeIaSunUai9r2Wmit6emplHHYLD3p5flmDwlkrONFOSStZrSz33vpfXqfGOlfsfxSXEb+LvH9zKqkB7TTbdlBZ1A2pKSRuySFyenXB5r06x/Zr+DPh2QSvol1rs0AxK2r3Xmxswb73l5HBGDxnk8gDIHuczvPII1HkxlNpOCR5i9AGwSMnOeeg6rtJqvPaq8sLkmQBdsgLZwcDBJ6hsgkZBPYAZGdKGW4GM1J0YuXSU05tP3f5ru+u/wA/XmxGbZnUpOP1idNRlblppU48qtZK1ur0fVa6HO6d4e8C6AmzRfCWh2n7vcslraxF4yQOCzIzAqMEng9cDvUl3qsqRrHBEkChcCWJVjwCfukIFAPHXHHA9BWj9nUI6xth97gbQcqOOGA9PcMRjgc5qrcWaBAQiNGy4I6/P1PyjIB3ZLZYnA4zivo8FToQhKMIQUdEkoJaaaWt5rXtrZN3PiM1qYyp70sTKbWt/aSdtklZtp6a9153MZtSu45VdSS4QHfvYqrD5iQMnJbgHnoDzjimXV/fXDLG8jBpNrMzH5CwORnA6kZAXd07qavtYMXQbV+4Np+bCZ+6CMYyMH7xA5G0ZAzUe0dQ4KyNIG3IedqgHHccg9gT6Hoa9enyJNRTtpraSSty202v9+l32Z8zP2nvOo5NK13zaa8tt3rrfSzf65qRuSkJZgGmLOxUnOB0JDAYJGc/ywa+SPDcDH44fEEQMNyWkaksBtwz9c9c8D0zwM8V9npYSuCxiZpS8ZbdlV25ySozjgc8A/dOBXyd4BsBd/HH4k7lVo0iijLZwqHfkjd1GCM9ATzg/KSPDzhXxuSx00x6u9NbU9L6WS3+V7Xu7fXcLczy7iZx95yytxVk+ZvnglstLvT5aaLT21LAJEqiNEdkBbbh2LdQwx0bKnnjA6DGCNiGyWaJA8KsyqFR3bDZAJLKv6kdTgYwAK6yz0NxLDujLEpkMGOzy04C7ckFguBkkZPO7GarajDZ2omkubu1t/JwUNzOkZwxGSAM528gAgBsdSWr6+WKo0aaU8RSpRSTTnOMO3XrffpotXrY/OoZfjMRVSpYTEVnzcqjTpTm2tFd8qfS70/JXOVu9Ltk8t8kyyqcMhJUSMc5C444JAXHygAZyRVxLVPIx5JMiGNPnONzgnkAAjjlmPQ84BxmqF7468E2KxLcarHM6ZBhtV80lkGCynIJyec5+UdhtJPnOtfHHQtLSU2to8rRyMyzXc8cI2dG+XBO0YweBzgk4Jx5eJ4ryTCwca2YUU0lfkqObbXLtydZO+6fZPt7WE4B4lxdWMqGT1oRmt6sPZpc0Vdt1Gn121Vuj2PY7WJDcRZCJhjyR8hY4+4CBnb0xz83P1L+4WOSOPByGdnGFRZAD19MknO4n8K+UdZ/aVgl2raS6dbthViW2ja6kDEAkjywMNjqCOSPXGPPr/4qeLfEcrxWNt4h1IyMCr21vJbREHOQjsoKjPr83A3DDbh8vjPEfIqTcaDrV5bJxjyxduVu7m7tNdtulmfcZb4P8QYlXxNbD4SMrXTbqNRtqmordPpzLU+5pLiysQb24u4LfcVIMlwhEXADMyg55XJPy8YHGBxyWrePfCFq1wZNat35+YQN50rEDvxhRwRtHGQeRnNfH8Wi/FfX/N8rQpbSMD5ZdUupJHRSRtJTeBuAweR+uK6bTvgF8QtaQSXniGGwRowZYrO3BKg9AT8xyD0PbjIx1+ZxHijVbf1TAU1r7rqTcrN9Gly6uyd7rRO1mfaYLwTwkIpY/MqtTZyjQhGF/h+1Jz0s9Lpdkz2fUvjloGnQKdPgnvCsZWNpWFrEhwMkMQSy9Ce+eB1FeB698dTqXjfS9Zc2du2k2jw2kUINyziQYLPt+8QBzz68kZA9O0f9laxnTOsarq9+U5lM0zxRMB97apZRg5HB4BOB/temeFvgf4B8PeLbe2TQrW4B00y+Zdr5wD42gZYjaSw5wDjqD0r5bGcdcQY2pH99DDwVSEkqMFBXUk9W7yvpfd2/L7fLvDXhjLoWjg5Yibg4OpXqSnKUZpKSSbUfeT2Udtrpn6+al4lhltpprS4hubZoGaK5tZo54cLyQvlM5I+6eTxzx2Hyd4/1OW/8K+NvPlLO3hzUzwx6mJvl5zg4GeMHHU4GB8pLoHxA+HrLdeA/F+qDT1J3aLeSS31thVPyeXIzmRWwcYCgdSeDnM1f9oa6sPD/AIg0fx14fmspr3Sr2yXVdNQyW7Tzxlc3NuoMkeTzksVHGeQa9HLsN/ZNSvDGQknKLUJ8rlDVR1ckkld/+S66dfhsyy1ZlLDTwFaFSFKpGbhfkm0pQd+WXxW625nZu/Vn59+EedfkILIfs+oBMMcH97IQeCRlhz+Kg85Ffr18G9TuI/APhjzJJGQ6ZsR1OCgDvtJHQtk5PooCnOMV+QPhBGm1WSWMsymC9cHIGUllYoxyTjcCOoyGPfoP2R+EujCH4beDhKGBbS1d1b5WALsQR93KtjPBICjknFfRcBVMM8fmDqcr9ph1GLe1vaR79baOz8/Tx/FLC4hZFl3s5WlRxactrOLptWsm9b37+nQ9QGrXMjB7e7SdlwSr8uyMOFZdwBG3OcknIwD3r8U/jYH/AOGgvE00kIR31SNyigDZuAB2569Oc4OcYPSv2Ym0hhI729wIwQSMMQynb/FjPHPXGOAetfjp8cbW4j+PmviVgSZo0Y/xYZVAIJ6EZB6EjuAa047p040MJOkkorE62bd1a3e2unr1vZnF4SVan1nMIVLSfsIpWs3ZShZ9Hs99rrfQ+z/2W9M1PU9G8YRaQLWaeG8hna1uSAkqs5wquQoDZwON2WyoBzz7dq5msJfI13SLrSLnkJOUdrR3IA+WZV24Gd2euBjJGBXlX7HGhahd2PjK50/VFs5bWa0Ro5lLJMpfIDcjGe5wxBPOOMfaOp3OpwQNb69pUOp2iKUaWFVmQo3BZoyGcDGSCCPm6ck4+t4NrcnD+ESa5v3itdbOei01T1Wl099FufMeIHPDijFwklOLhR0jJKa9xWtzWWi6Naei0/Jz9rBdkXhKaCSKZXmkQvG4YnOSCxHI/HBXtjDZyPgnpkevazoWmTQxSw6ld3EMiSgbJENvtY467QeN3qT7V3v7a+n6DazeEp/D8ZtYppZ3uLIhk8qdVOSisDsRto44yTnBrlf2bm3+L/AySsVUz3THGMZ8tvm4YDqfUk89CAa+E4iftuIrSjFRlXwqlHSz0p33038rX3P1DhN1KXCsa8HJNYatKN3ZqSTfbdWV22+60Pd9a+B+t+HLia78HahqOhzLI+2GGZrmwlJOdjQZIUPzlCOmVBI5rxP4iXes6doOpWfjnwghnkgkS08UadCYlW5+6pnjxhRIOvGeeducV+nF/Zvg+XIWEjsdpb5zhiSVJzwAB06jOSQc18p/tM2MX/CtNdm2MkkUtuMtypIdQT1GD1A25yPfmvczjhrBxwlfE0nKhOnRdRwi/dlywUmrLddNLK7ty7J/N8NcY47EZjRwGL5a6qVo04zkkqsNY2alFXlZWve97dtvhT4V2bfbvD12kjKg8Q2yHA2/ecbWfsCpPOOcjgnpX23ezyrqepJLHHPGl5IRJEwdwB/ETuxnp8wHt7H4u+F1wwsdKWMRmb/hJLVY2IJBLzqoVwBnHOMZHAx0r7J8TeA9e0a9ub+ax1PTY7iQXP8AaWnFrmwmWUCQeZGAxUKDkjG0Z5wOa+Y4bxeIwv1h0aXtqfJBVLWurqNtN9dXZ77H3/EOCweIjRhUr+xm5TdNt2u/cuk9XdLddLdrHW2EtvNZu8ZVJBa3gCjBfJgfcGHPLYJyfcgGvz78HyKPEvioJgf6de7vXi5OVwSW6Y7AZHAU19UR69rulrI7RQazaCC4Vp7UiK5UMr7jKjc/LuPG1TkY5IJr5D8B3Uc3iHxNOqFQb6/fBH3N8/TCjAwcbe+R64IvOcVDFYrBTSanGUuaOiaT5LNrfXa211c5skwNfBYfGQlUjKMuTlnF6SS676O2umvTXc/VrSbbStZ8H6LZajbWtzEdEtMx3EIk/wCWfDLuyQeezH1PQA+Pa38KLLTpZNY8E67qXhjU41e4R9NuJoI454wZVJWB0ByUxggjGOP4as6b41u9Lg0WDULd4bMaPbLFewjdECEAUT7QxxknOe3OO46mHxFbahZ3FyjRTI6uC0TqwwUYZKjnOTyuDzn0NfR4rAYHE4SCxFGlU/dqSk4qUk1GLa5rX1d1Z7666K/ydDMcfgMfU9jWqRg6jT1vGXvxupRemqv0+WzPzsPi/Ur3W/ESeJ7251fVJ9Uf7XqMh3Szyqrr5kxPL5IG49sjtxX7nfsh+PfB2sfCTw14esdfspPEOm28yXmiy3Cw3kILApIkb4MqMMkbAQejck5/B0QB/G/i5DGoCXt+fmGNxMgwVGeCnJJxzuPrX6afDf4Y+Hte+G/hDVEkutD1z7K5g1zR5Xtb+KZCNpd4mXzY1OCA4IIGPUn4jLaVariXCkknSjNRjNuK5Yyslpd3tZK1td7n3ubLD1sr/wBokoQrODU4pe7NxTu11V2ut0k9HY/TPxzD9o8N3cUjsrgREEjAJBye2MdMbQfXaK/ALxzA0fx+8Y7sZOrgbvl4AMeDzjAGQM4JOQema/R638cfHb4f6Rd2GoNbfFTwtFGARJtg8SR2yEYWORhtldAAehLEcEkGvy/8Q+JYtb+LHiXxA1pcaYL7U2kNjdjF3ZgyRqYpiQd0ifKc45AxxzXbmFScKcIVaUoT5k1fa6Sbs9Lxd3bf0TbPneGMu+r46vXp1qdWjOEYxcZbtSWjj8Xbouquz9kLNfCOneEPCcWuy6lpEt3pFrcNrdvFLNawqI+FlZAygN6cYGcnPT4I/bI0Oy1TRNF8SaNqGm63Y2l69gLq0CJdTxsxUtcJ8rnZ2Jw2evfH25oH7WHgPwr4O0b4e6/4Qm1q4j8MWjTaoI4Lm2ZJoyE/dMjPuAznacgnBIIAr5T+NHiz4Y/FjQtG8O+DPD58NXkOpeff3B3W0bxhjgiNiEIyWOQDjp1wa/nGDxlDiHE4mpRrU6SxVRptrknGU1bR6qz2av1v1P35yhVyyjRhNSm6EbNLVSSptp91e7um+vWzPztsYpItT0jbD92S0j2n+68oHOCSNuATxwSeCOn1n8f9SvdOvPBq+YI7eXw3aKYSTskIhAyxJHTC4zgZJz3r5z1iy/sbxVJYqGlS0v7RIZdwYSKki5YFQQx2nrnGeDX0d8f7BdRm8GvJLgr4ftjGCMqo8lcnABzgZJ5wBjjqT+pyxXtMHGspSimor3pWsnyrTR3s1e3TSyu7HyFDD1frcqXNFq70as01y76bO2yXRt7afNN/HDc27iaOFSz7gyIpbkZ+Ug4yBgEc8nJ6iofgvZlPiz4WUMxVtUkUA+mVOemBleyk8+opmpWZtmhdJm2q4DEElMMCOcZ74x/ssPfNr4LXO34teHWwzCPWCQzDIYA4z6jAPHOBxjOcV15bOcozm6jmrS5U+jSTtrbSyd0lqraLS0ZtSVNU3yxSs1JJpu1ouz02urXtrb1L37QGhyWXxJ8S3CgCG9u1uIkwBlQQh6EAHdn5jjP3ieuPEbUsJRuUAIzDBJIOOpGMj7uAOh54JBBr6k+OdxZX3jPxDBLMizRztbxrKQGG0mXJOO5OB659q+a5YRbzlVIZdmX53DIyQMjow+UjOR0H93HoYWo5wXtW7qUUnZ9bW18nbbRJ37HjV1RUoez5bWheN+totJ67fir6+X0R+ys6v481tMKAdEuCTyxG5WODjk4GcntyenJ+avFVwsfirxIrbwV1q+AbbwMXDkdyAScjPOWIycdfpH9lM48d6qyIA/8AZF1zjO4FWBJ788dx1x0xXz54uhUeL/EQeHcP7YvGZQOeZXwSf9ng5A6dOxroq0pSpUWnZXbfdWaemt9NNd0trswoyXPUSVrQi9FpZ2fXTRb9euu5gwzqyxnZyxdMNwSWUAbQD1GSewyDz1Ffov8Asw2Vvf8Aw/uo76OOaFGukkWVd8QQRtkOp4KHHsCAeTzX54yWkAWKRWCneMkEkgkgEcdSBgHHPTiv0g/ZhjU/DLXUB5V7v58HJX7PJkDJzyCecdSDn0wqJxTSTvy2VrvXSz8tddV0s3oY1tItTSkoyi3GyXNblaStvez7a6LU5XxB8NfDviW5v5rG5SwtkgdXbT2TyUMZIbMYOFweCDkDOAOTXyx4i8Op4b12PToLpL6MTW5S6U5L7nUgHYSNyg4AySDndgV1mseKDZ319YWst/p4e4ureYpNJ5cimQ7iUGCCeAD25POK80Ds97bM1w0qG9iZGdizbVmRQH3ZyMkgDGM9eDk8VNKMWpzU1KfvO7bVrLr72z+bXXQ7FUV04QabhJSclZcySat1sla920n1s7n6P6RcXeneAUubNpIrq3isZYpYpHimR0VWVopI2VkkXBPmKR7H5a/Rz9lb/gqJ8f8A4R6PZaYfFurahpPh7UbVtQ8MeK9VmnstQ0pHWKQabeyOZ7W5VMqjPIyg4+UEAV+ctvEX8CIqOV/0awKsGIBIjXI6EcHHPU4IIIWuI8TaVAjWT21xKDdRRm8jzlPlxjgdMsR8wAxwTkdPBzfKsDmGJ5Mbh1VjCKcJS0kpXjypS0ktbPR2tvfY+kyjGYjDYJSo1eRSm+eGnI9Ipu26a8r6PofvT/wUm/4KC+Af23/gP4H0LwDoSaTq3hrxHHqPiuz8VWtvPfKYIGint9F19Io7i5triRspEHZQMZya9O8Lf8ES/hL+0D+xL4O+Of7Pvxkt7v4jw+FbvxH4t8MareQXHhyDU7K0e71Lw687sraRc2xjZFknJVmAxycV+DumeIvAw+CEOk39xcP8WtI8dWsmmJNE4sLjwjPG32pDLGVXzI5fLz5wckgkZBwOm079pb4yfCvR73wd8MPiD4p8FaF4lt9QsvEml6RqE66VqkGoxmOYSQK5jRpFOwvEFfa3zEcivHp5JPC0oRwE6lHlrN8tSTs1NxsnZWlGO8U0uz7nfUx9OvL/AGmMZtpRVottSSUU7vvffW9k2rnyLq2lNZavrFnqsMcF54b1C60+6+xTRzwGa0mkgZkeP5ZFLx/K4z5i7dvGMxakyXtvZNAwMojZfmXbIyK4IXJznOMsTjdnoOTXnZn1jS9XnDNO7XGoO06XAkcXitOXkWYyNuYTBnUnOcuCCMGvtnS/CPgn45+JNF0f4U6JqOi+IV8N6fA3gaKJ7y81vxLEoF9/Y5Ql2SZwZAgLFQuc4HPr4uUaNFzqKcacY3qVHZQTSV5Td/dWnxWsr2ukrnBhVOpNRh71SUklDVznJtJWtfVK1tPJPY1vhnpc/wAQ7DwZ4J1TxJLp2r6b4u0ZPB8d/O66dCmqSA6hARvIUsESNACMgkD39m/aZ/Zr1DTPCeu/EbQdGttJsdA+IEvhLxtpyXat9i1OGGD7LqNpbgLIlvqLMZRJIcE5O49vnqTQ/FHgXxfqtlq2g6po3jDwDcR3sOnyxsl1YX2iyxzI13Ey5icOirhwOpwOefufxd8UPiD4u+AWsfE7xT4ds18KftHZ8PatPAfJg0bx34PiSGDVbjfxFPfoQfkCF2X/AGuPwbiTC5zlnEmT47JMRS/svFYz9/hpSjyVHiKkKuJhBp8s3Wo+2rUtW41aT5Xabv8AsuRYnLsfkWZ4LNaD/tLDYZ+yquM+eMKUFGjN/wAvs6kqdGpzaShO+6ufmh4Xs7aPUrXQ9b1BrXSNS1q2N9cmPzjDaeYN97GWJL/ZwS+xcZK4Xg5X9IPjD8ZP2ePh9f8A7PWvfCKI+N/Hvwsjifxdr11E0en+LbG0VXsd0B5t2QySQvEWyQgfgEV+ZqWdrLcCASsp05DDL5hLGOVCUOG+9hsbiW7EdhVdtMeCWRxMDbr5YjRFKibcwI2kc8kkMvfOeq8/c47hyhnGKwOLrYnEKGFp4in9UpzisPiYYqh7Goq8HHmnywk1TSkrPV3a0+Swed18uoYrC0KVK9erRksRJP21OWHqRqRdKSel5xV7qzva3Q+ovH3ji3+KVn8RvHWn+C5/DhvvGMWrWt7psAXRNKTUxiTTXuQAkbs4ZkjL8sW65r5O0I317qF1uu5/OsZZJoyDgBhIxY5z0xzjrwAD81fVmufFCWz+GOs/CTSdEGh+E9a03Qtc1yExK81xruku0sdzHckeZF9o3HzELnOQBwAD8yeF7KO4uNVdZ2gaN0ZEdtrSxuQWBzgED0JweD9O3K8u+pw+qvD06WHpz9lhYKr7b/Z4RhGDlKSbUm03a7ta25zZhmDxNRYhVZzrSiqmJlbk/fWTfLFWTSvpJJPS6R9afBf9pj4nfA/X5tY0q9vbyyn0a+0JNO1GQXWlT2up27QzwiG5EscblWJVkwA2SRisz4i698E9d8O+D9Z8BtrWmfEvUzqkXxA0nW9s2lJc3MzzQXGlSKiIqFnVVjXcFAwCOleYeNkltLTTrC3XzLVLmKRWRg8kavEoZWcEszZJwM5Bz81csujQJfrqZgdNPhuLdvPkVgkczFcxgkjezEHHHGcgYNc2N4LyyhmUc0wlN4LFPlliZ4SSpUsYuRwUcVTS5Kyj7RyTkudSfxPZ7YTirHVcG8FiWsXQ2orEU+arh3GUWnQqJ80G1Gz95p9VqmvsDXPCnjb4v/s9ar48luodbm+Ed5pfhAaaI0h1FdFvWVY7iG3VRLcwROx3SgYVBuJPBPx/9jsodMjs3hxc21xNb7EPzuzgqVUDq6hsbdoI7gE19F/Br4/+M/gd4i1Txbp+n6Zr3hzW4ZtP1DQtbtXuNK1GNYtuWjO6LzI+XRyMq2DkYrzr4eeJfDdx8SLPxdrukTXmj2XiyTxfqOi2UIkgmsDfG6l0+3TJXyowSiAgqEAyT0PlZfLM8kqZxSqYanXy6m5YzLJU5pVJyrRUq+DcOVKLVdOVOd+VqrytK1zvxv1LN45bVhWlSx1RRw2OU4WhCMJKFKupJ681NrnjZWcL6pnP2fgq8tLNRqen6lpsMtm09pcXlrPbR3BJPlsjvGqMoACg5I7npzTks5LXSYjGnmyrO8cpkwSysMFRkcqQMjIHJ6k9P68/gF4j/ZB/a++HGjeGfDFp4J1PV7i0Bufh9470+ysr+zjU4W1sZo1t58lxhJTIUBClhjcK+KP2of8AgkZBewa3rPwiW78FanaTXFy3hLX7kS+G5gN7EaTr8QNvaoFB8qKcu5IALKQMfE5J47ZTUx08r4iyvFZDi41XR56z9rSptS5V7f3adWkrOPvum6STvz2dn7OY+HOJp0PrWW4+ljYxSnyO1KVT3YfwZKU6dWz0UXJTTv7p/OhYSQWusadbJCsYMoVo3cFMSICeuQDuJ6d++CK7AGH+2L5/KikiNlOJ0DEbfJz8wbBwwXaRkAjAODzT/HPwx8Z/DXxnYeHPG+hz6TrFtqDW0kc7fNcpHN5cdzbOBsltpMKIp1O2RSpGScHNvra50zVtUSaN0ijdpN6hpFVXQ/u3K9ATyQeDnnnBH7hhMdQxmEhXwtahiMLXSqQqU5xkqkGo8rhJXTVno07O6XU/P8Rh6uGrKlXpVaVamnTnGScZRd4pc6a0vbVrpayLdrdyaZpkGs6fczALcCJoFlCGND94lCVGwk4yVOTgArgk1dN+OfjrwZra23hbxBqvh64ubqJ0vdGvrizcElTsZY2CSA85Do2CeOoU93d6h4O8Y+Gm05LO30bxBpGkxQ2zW0vlRanKWB3vGcK0jcgnqrZPOa+ONaN5aeJZoSnEM0PmKWJ24K4KnJ28cc9j944xXhZtkuV5rHkxmBw+KozVpU69KNWEnZJc0JRaadr6ppavRHq5ZneY5c+bDYqth6lN6eyqSWrStZp3V0ls9NOp+937HX7dHhfwHPLYfH74d6V8S/DurXDw6l4purOGbxPbtcOrPJPNIsjXCxj5wuWBxlTyQfqv9p/4CfsdftP/AA81T4ifsseMfD/hXxxpbw3moeH5LmLSm1GB13TQXNg7I634kIVJUwhxypJWv56fDGr/AG3wrM8Nwq3MWqB5Ekfa4iTAP8X3MDAA65OM5zWlf+IdW0uW4j0u4ubNr6GK4WbT7mW3k2KoOX8l1BBYZySwOSOOq/iue+EtfA53S4g4IzrGcN5gq1OpXhRlOrluJjTSUadXCc6hGk4JwcKbjBKzUFLU/Scr48w+YYb6lxNhY5lRUZQUpcqrRTs+bmlGV5JvSbtLWzdj6+v/AIU/Hf4VwfaPEvhHV7zwtBEs0d/9lluIGi6+Yl9GHR1Yg7WGeOgHG3LtPiB4a1CSW1M8mn3ACObW8Vo+VwWAYgE4Jwpxndjgdux+Cf8AwUQ+Mfwys9K0DxBBpvxS8B21t9gn8NeK7dLp1h+XzI4rmVSVYxhhEZSe3IwSfsDUtV/YC/bB0QzW8Kfs1/Fq8jdYdqEaRcSeXli1wxWBt84CxxoAdp25yMV9VhvFjjXhKvh8BxrwtVzHKFGFN8RcPxnjYxvZc+KwMv8AaqMUknJx9oo307nn4jgXhXP6NTFcN5usHmEp8yy7MHGjF/C1GjWuoSeqs3a63tsvj60uLDUCrxOjReV/rYX3MDtzkFQTu6McnoR1HFaeka7rnhTUodU0LWdQ0y/tnSS2urG5ntbpWBDBhLA6MSpUYWRn5+U5UAHxzT/hn4+8La54pl8GrrXjnw14W1S70nU/E+k2ctzpCtbuQlzOqBtiSqA5IwVA7dKt6V8Ro7y5eDWbIwSRKQbmDAiJHy7mBGUOeGBAx8wbJr9xwOY8O8S0lCjXwlabhTlUoSlFVqarU4zpxq05XqUZShKMlGcYyWmnf80xOHz7h2qpuOJoxjKSVWEZckuRqLamvckk42um07uzZ+0n7OX/AAVx+Nfwv+waD8SQnxO8KQbIGOpfutftbRWCfubwghwi5yrBnbIwew/eX4A/ty/s8/tC2lrF4W8Y2uheJJVTzfDHiKdLC/SV8jy7V7hlFwAflHljDdgSDX8PbXI1W9ZrG6RQzBVZXyVxks4KkDqQWXOBycAHA77QtQ1vRpre90+4uLW8t5t0OoW9xJb3AZeVKTwujrypCncOTyCM4+Yz3w3hKEsTlsuTW7pytOnJaNKNm3HteLaertofR5Px1RrTjh80hyydv9ppJRqqyV5TivdlZ67J2TV9bn+gqhJQMzB1dQVdHRo34G0qykrt7rgt3HUk1JGudpGcjIHGOhYnnnPXrgAcdQK/kh/Zq/4KrfHH4MNaaF4uuv8AhYfhC1ljhaw12TdqNvApAIs7+TOCqlgjSszEDn7wr+gH9nf/AIKC/s8ftAxWdpYeJbfwj4puFiWTw94guIrQmZwuYrW5kZUnwzYULxypPXn8xxmTY7K6nJjKE6actKlpezlsrqVkut7Ozstdj7aNSljIKtga9PF0krv2TvViuWL9+k/fXZtJrSzlZkP/AAUvhaf9hb9oKLYGLeGHGMYG7J29Mhck4z3BBODkn+Aa98L+MXut8Nloa2rW1uYJrgebKR9mQkuocYYAKPXoeM5X/QU/4KPRxv8AsM/tCTIVlibwfO6SRvG6SALuVkdGKtuBDYBJz25Ffwa6fqDXUREkLbUtrYR84OPLUHn8OhIJPTpX714Owp1aeKjVnNctWPJySUdZRTbW+llZ9Wj8c8UMdPDZbRdKnFynWfMqkU1ZRg9VdWsk9vS2tjz+Hwd4tWDJudBjLMrD/RHfaSeh5PGcDJGDnsMZ5X/hBtfvfFuo2txrsVtJ/Z8M00ttaKsbgtwqKQdpzzySMkZGDz9JJGrW4wiqX2gnOdoAGD2PBH1xjpXEgIvjPVo3ztOmQBedoBDBhyfpnB5GOnGa/bcXgqMXQXtKkoyqxvepK+qtumrXstbdFzXsfh+CzfFP6xzUqaccO2lGkl7zcUna26ut1dvrprzNl8LZFkha88T3+13BLJDCoC7QflDJjk5bkEE9u9dhYfCDR2kuLqfW9YkjZljIHkKACQCxAjwAF/ntIHArUMs0rW0RbhePmdcDaxA5z0OOwB4xyCMTx315AtxDJcAxl1wgnTAXOSeDzkd88Z75renhsDTs58rsvtzvtFaNSfXVavdb63OKeY5rUi4wlPVprkgk17qdrqKbTu9flfSx4N+0P4UsfDlh4Wl0u4vZnuNTmt5WnaNQ8K267R+7VRkN3xk4HzV86/ATwXqvi3xf4sgsYBLNbI0rI80kaBDcCMZKuoJBHOT6nJOK+sP2gZorvw/4RdHgk8nVXVkjkEjoXhC8gfdY5OM9/pkcB+xVAp+J/j1HkAX7AdqjIAH2psZH3cgg9RnkbR3r5bG06Dz2nClGPsXWg48lmtYxvZ6p66u2v3Xf2+ExNeHDdStXcpV4UpS95e8vfi43v026b362vf8AiP8ACzV/DvhHxDc6jDawqlrbXACySSybTMu4Dc7Ae3Xk5z6eN/APQbHXfixdW0lh9uj/ALJt3W3JcF2AAU5Q/dHTcQBk884x9/ftHx26+CvETRMGcaOCwcggBbgZwM8H5ce4ya+Q/wBj5I3+NF1LIUJGgQsGxghVZVXnI+769PXqMxjYU1nGGgorli6fuys9bp+nk9PW25GXYydbIsVVc0pyjPWNk4vlik0ls/NK+i2R6l+0X4PtfDvgnRnXSodP+1a48bY3mUpHCWCMznGBtBA4B7EZ+b5o/Z30fTdXfxVJc2AvPK1XaGYMAoJOST8o/PIxkdBk/d37Z10jeD/DcEIiY/2/M52jLH/RJCffGcZI5VgTng4+Wf2LdHGvS+MrSaSKJTrLFvMA+YAMcEjBA4wCCMH1JOXjKcZZrhpcisua8bK2kYpW/Xrpu1qGBrTlktSTqOUr/G227ucVrJuzVtk9NfJmv8YvDOnWXhG2ltNPhgebVYUyifOBs3cHhR0PAGTgjr0xf2cdHmvrLVnt7Tz3XX3BkECyMiqSDy6k8gnoDgkdQMH6B/aP0BNB8Faa0ccbKNdVQ4JY8QMAACcgYBIyemMYzXJfsbyGbRfE0xVYhDrrEHgFs5yuccAbuemPbjGeHnCWfQvBOMKTVtkrKKbjtfT57+d9MTNx4clLmfO5xSb5k3apHVNqLV1bReaT3OU/ah0i4stL8Cq/7tbnUbzCLEsTBUViA5VRjoMqSMfMR2qP9n3wVqPiHwmklh9paT7XdIUgiZidjY6JgAD8uM+w7H9sl2Wy+G5UnaNU1IDI5YGN+MEdVxkEd+R0FfW//BL3wrH4r8Ga+XLiS2XUmj2QCaQkylfkDDI6DLAD5ccjGK58xxlLBZnXxc4+5TSvG65dVS1S5ltpfSz1emw8JCri8mo0oP8AeTk7Sk76uV3eXMraXt8u1j89/wBonwzfaBdW9hdzT+cfD97KUdGR1L7flZSoIz0HHPHOcY9m+C/gKSX4Z+FtTfR9auIZdLLG8NpcNYspYnC3Cr5W9TjI3HA4z0xrf8FC9Pk0H4o3tjNLKstp4PiLNJF5bbLgEAEcAtgZLDBJGTzk1+uv/BPv41fCCL9jrwn8OvH2g6trmqQaNrjww6bpULxtFcR/6NcveNE0iurE5y5KHO3GAa8SrnE6ePp43DUPbrExiuVfYhJxXNF8zV1ZNJvo1fqessulVyyGHrVFCVH31NJNOfKnZLmbvK97NO+99j+ej9rHS5bXUfB8So0Ky6dqEcaPncAAMjk8dcAY4xwcGvs39mfwFqV/8I/DetIt5JA0DojRIWVQrcsDyMZ69OoPIxn57/bus7G0+IHgyLT4biKxmi1yaKOY/MkDOxjXtnYpAPGQcjjGK/Sj9i+4sov2cPCkEnllZYLmPceCgZ2DYx1Yt2IPBBwvOfZw1Sbx8q8Yq+Iinrb3bqDXWy10au123R4ObTeHyqm3JJwq6PZS2u+y0vb5X1TPxy/aqsBB8b300O7S3FrpdsxlBVlLzhpAd2Dwq9MHvwCeP07+GXwifxB4V8O6r5nl2t3pFtNEfL3NIY41jfaR0B8s9R7c5y35v/tbwqv7SUrkl0j1bTEDHjEO44IPQLkkAcDPQAYr9v8A4P6eth8Hvh9LFKomXw2kkpkcA7DM5ChSMA4I7AkDJFefPHYrBYzFVcO0qlSVpWV2vhatZ7K7s7dLnbUp0MZlWXupGVvZ0520vrGKbbvru+qfRWu7fjv+1X4TWx+LX9hRhpJP7N0hSItpLBrhVC4GMOTwByM8EcV+z+kfsn/Evwx8GdD8c3/gTWrPwu3hrS7ltSu4/LaMy2sbQPJGfuRvuDK5OzawYnIr8m/2tLsj4+T3Xkxny9P0KRFUgBil4jbicfdyBk9wflyMEf1QzftU6z43/ZXg8AeJNF8Fwpf/AA90LRba4sLiVry3eLTYVgeRPMC+Y6qCx4O7JBzivmMbm+e4fF4eeX0FXeNqxjjLrklCEpR95PTVK+jvtqtWe7hsvy+rl6niZNPDwlLDxTtzOKbX2W5bJdN15M/i6+OGmwWH7TVvZvDvLa/as67gciQR4+YHB5PUduCB1H2a2m6P9ieKOwgSZGLvudWycA7u/UHgD5RnGF5NfJHx/gt/+GqLAwktFJrdrbg7yTm2kWKXLZwwJQnhtxzye4+ybmG3RS0Kx5V23k5YspUDBxknGeTkE546muurjK2H+sxgpxc5qTknqnyx5lffRuWj81qergMFSxNOlUvaKglHbSK5dPnHdddUla6PjT4kTW9x+0j4NtVgQI0ejJhRuUKtxE2SO4AJDdD35r+jz4c/sma14x+Glp45Gr+C9J0y6t2S1GoFDcNtiZctECGA3DgkD5vxI/nB8c+UP2qPBpCqUNzoaMEyoxJLEMsCdoBJGT0II4Br+qLwN+0T4Q8L/BXRPBQvvDyXluskN3Dc25luI3HmMAshYrn7qqBjaB2FZLF5zh8trVMtUniMRiEqrUVNqlyrnbut22te9tdThzHD4N42g8Uk6VKlNw01UoyjqrLV3bSVrLVLRn80/gzwtaxftWT+Gbh0vHtfEviO0d7Z/KimkgmmTdDknbHgIwyANpHTFfonrvg3StJsru3fT9hjhlndheB22JGxymOASw5zk4Y/MOBXwB8P9Wsrn9tBtQmRZra48XeKJQ8Xyr5TyzSKVwT1DccbSDjsSf1A8fa14ae0nfS9MRZJLO8aZ5Zt6kRwNwCSRtbdyDjDckZU58/B5pmGHjOkozm5S99rSzaXMmumurt87JHuVcFhK6pS5IJxjGK2TSfK18S7vy66rVH4aeFpbZfjTA32dpYz4l1bygzZYbDJtye5+XPAOcHgZBH6FSTpf6SLcebAY7K/bO7IUtC+EUhehA5XPGAN2MGvz28HtHN8Y9NmZBHHL4h1p0CHGAWkwD19NvORjHbr+hdrBb/2YG+0Es1tfGRM7iMQSgZAwNo9O3YgdPcybEt4bFzrRm26jekrJv3NG1a7va19EzmxeDU69LltZQ1SSva8Xtp8O93dPfY+N/2YZ5bf49+CHiQytbfECNVUfPvY3qovPUnIDHA9SB8wNf3TfCvWFu/Dq2VwoW8gJup4hInmxqVULujLEqrHG0n72OvBx/DJ+yeYpf2h/DUc0xjitPHEd0TxuYjU40O0YPJB49cLjjNf25fBrw14c1Sfxj4oj1u/tEuLeDTDA5kCxukSGSVCcLyykYUZJxtJJIH+fH0z/wCLw1UqyqRXscRyQhFyvz1Kat6patPXZ3Z/SvgtRccozh00pS9vSV3fZQtqtU1s126Xeh+GP7dV5pz/APBUfwhJIkEttB8M7VJRIv7stLbhz5jEbQ3ttyp/hyQK8y+M9xow8LeKP7OtlR5fD+qGYhgylvKkOVI4OCcheAAPTpH+3VNZ6Z/wUks2V9QmsYfAtgRJKCssiCDazoXA3KSwZeTkYByBXJeO9U0G+8J+J2jN1LMugakFEkqYRhA4CkbsNkdFAzkLgnGD/Wv0fJ+y8LeGFB1HD+z8PZtu/vKDkrW82no97Pufz94oUK9bjPGc/KpwmlKS6O65tlf4fNfO58d/8E+tKsdT8UfESS/t45Ej0YqDI4XYRIw3fMCMqOMnIwxwMKc/Vn7QtlZx/CbxqNPiLxx6OVNxG6ujDcD84TgYzyAc44HGMeB/8EufiP8AD74dfE/x3f8AxF8FzeOvD9x4fuI/7FFyloftZuCEkd2ZcooyR3PI+7mvq79uf43fDnxx8P8AxLZfC74Y6V8O9Ji0to5vs2pxXc927upZ5YlcsJOygAYx7lq/YK+MxKlLDU8NUdH2TbrXSh73K2lqm7Xtez1XQ+HeCj9bpVpTtOMoe5a7teLu21ZWtq0/loeMf8E4NH8EwfDb4gaj4j+1zTy6nDFaLbs5RJESQv55VHCENxlsZIPGevZftB6haSfD3x/BZIzxL4cvwkowVMeAFw4UblGByDnjrnOMn/gmn+1qPgt8Gfif4EHw2+HXiuHxTqIzr/jI241LSzLFIha0WU7wEJ3R7MMGCkk8Z86+OHjK1vPA3jbGraQl1e6ZqBWzhvoCFErEiK2jU5MXzBUTqFB4Ar5/LIYyOIxcq/PCgv4V5tpxaV7Run8Sb1sm+7dl7WOnTl7CFPWd0qjUeqtrJtat+T3dvI8Z/wCCfy+bYeLgzIVSSyZlY4J2yS8epB5BBx689vpD9pK7tbrwZfw7vK3adqEQCMAZJfLJRe5AHOMdhgYxXxJ+xx4/0XwPb+I4/EmpWelR3TWjQNPMsfnAPIH2hjyFYjHHzZwAOte9fGX4reCPFWg3lnoWs2Wo3cFvfSeXG5BA8rg8gZbr2HGcdSK+29tRlksE52ny8rhe7aUottLdaXdtNdejPn4YGv8A2661pKk+XeL95pR0vb3Umtm9X5JX88/YTkhfSvG8bg7UvYlY5Oc+a4bdkjOTx15H45+4mu7a21SIqY+YZVUb14Lq2CRzyRjqeh67a/Ob9j7xnoXhLSfGx17VYtMa8v4mt43BMkuJnLmNOMg9c5DY646j6Yk+MHw/Gp5/tyaUiOVVK2srBjtYgj0IJwD1xgkdK1wWLwdPLqKnW5ZLXlbu01JNNWun6NL0XV4/LcTXxtWSptxfLae0WlGF0/O97ct9Ue3W93B/wr7W4mYK0thqiswZeryNjd174AHOcg455+d/GelTNH8MtQSLdYxXNpbTyyHOWUggbRxxxhiCcY7ZrpdD+IugX/hnUdMgtdVuFltb5WuhbSJbxyysPLEztgIpLDBGAQTj1O547V7PwJ4autNjtFm0yfTrqRLkh42m3KcJ8wBZ84cjOATxWWKxdD2uEqU2nFcspvROKTi0rSav+q020d5PhK1LCZhCtTdOTbjFy0uuVJWu9rWv1a0tpZdGYXZLxEUDCqUBII29RwBlgM9jnrjGM1zR+IWn+H/GEHh2e2kkkewe5FwiHYZGh2eXJkHliMhjnAPCnOa848TfEfxIl3pmgQ3Xh7SdQ1u7jS31KKeOdbdWVXZZdsmEcZIIY4wygkZxXmvxVuJ/DjjXh4gGvXl4W0q5WKaEMkqwYDRRqQ6RGTLKwOMEAA5GPqauf06MKc6M7xikpJNJ6q+uu9n99rnyOHyCtXryjOPxSvGXK2ruXpZL3ur6rbUwPiX408P3ng/xJFcXcceo33iAQRwLJvmijScu26NTkxrnIwMkj1Oa8N0X4rjQLW60wafNeRl0mtrgZMa+Sn3SrhiqOynbtxjPJGa4Mor31zcX0RUyzyuY5Wdg7sWYPlmwGBxkcY64OAKqy2yh3bzFEbKf3I+8QckKg659ADg5JwRmvz/O8TWzGsqkHFOMWoK6TUdHq9Fdt20231P0PJcLHLaXI4uXM05L5QWvrskrt6K3QtRfE+ez8Ww+LV0+MSwpMGsMtsYyM4LOc43FT6b+4yG+XtLz9oOfUYliuPDVrPCpLhJbhwfvFtpAblSx53Z5HqBXhOr6Tu1fyrdz5UkYkJLYKsACdyg5A4HBbAHfA5x5bIDzUaVWeJgu1cksRnceuTjIwoA7dK/PK2CUq8vaRvPmfNd7y0Ss7pWSWqs1roz7elmLp0FTSai1dJpK791vlbutEktn5O2/smkeMk1nxhHfrZ22j22o3Vmby0toywSK1lWQyICSTgqC3XJHJznP6jeGvHmgazapDYa/pN0Vighit7h0t52ZIlBT94Qc8HIPfcN2AWr8iPAvhnVvEmv6XoWlSxW99feesEsh2gPGrkK2emccdQeOMnFerav4J+J/guRYNR0S4uo4XZ/tenO0mEB3F90JGwvtyc8gdzjn28BLNsJTdbC0KlXCqUIzlTjJxTSjKzVrK13vs9dNE+KrLJ8TP2OJq0qOInrBSmoXTaV3Fva7s+W79EfqXcabd/2vpV29izQC2lZmtsXKBpBkPvidiGPUDbwOcc8R31np8wC3UCbiuNzoCPlORkMmQyn73IJ6nivy80r43ePvC1wGsde1zS/JTb5FwzTx5B+6yTgkjI5YEbcHOSQR7x4W/bG8UwpDH4j0nQ/EluAB5jQJBcvkhSBJ8qBnyTnbgn34Hq4biaUHKOJjOnK+jaad/d0e1mtdr9tjlq8P4aUbUqlGpBqyi7PqndXurdO19Ffd/TmvfDbR9UtZkeCBlmhLu1uRHKFG0jBHG04xypzk/hzknwlVILA6bqd3an7MNsFwokiQKeMsOgwDjjPAAOeaND/ah+DWtRNB4g0rVPDFzPCY2lh3XECO+RyUIAQcLzkAEGvafDGs+B/FVpa/8Ip420i9zDsFnd3McV2w/hQo7ZBHC7Tk/jXv4PiKM2vZ11Hmto5b/Bdavrs3pvfs14uI4XpxjLnwsZLV3jFtP4V0T89rvrve/wA1TeAvEtn57rYRagkRY+fbThZCOmRHnkn0GARgdTk8pAZtO8T+be2tzalNLERF1CygSLkfKSSduQMnOP5V91ReDtUgWa4k06SZGf5LqzYyxOec58p2GGxkbW/X5qxrnQLNtatY9Rs4BHLZvGqXUIZ9w/hlLDcp4wCW3YOcg8V70c5k3RvUjJxcZ8qabsnHaSdno9b3089T52fC1CMaihCVNzi4+TTtbe/Tp1XLa+t/mu01oWxL+SCsqNl42GSG5IIxySAOCAASR15N3Utb0a90u3s/IzcT6/pc0vnR/OIoyd4ZiBgHgYPfqAAce1ah8JtI1m43W8ZsmDuqvaPmIcjYSn8IC9gQNvQnGa888TfBzXbW1lFhPbXkSTwvnc0c0YUnByxwpHTJPckHjj0a2ZUMVQmqrab5XG76xcXo72V7fy216nh0sixmCxMZ0kqlPns7e9ZctnduzT1Xdrre5z16kbXd6IgPIWQmNDxgALlge4Pboe2R1ppjjuJbURqG2ozPx8ygqQQwGMYxkE9R9MnKv/CPjjS5biVrG9MOwEtGDcIoxlcMoz2HJHy8A9yOag1jV7DWS0pdIjHHFNHLC8ZHysCPmGATk4I45HHc+us4hVoQpQhDWkoOTd0koJaWb66Lqt7aHiVMjqUa7q1FUS9pzcsU9G5La2lk+92rrU1fCWmWd5pVzbSwQSo+rXYP2iFJk27ySCXUlSTkdM4A45rL8R/CPwTqrzfbdAtFkxJtubaLyGUlQd+VwM5OepwSc4zzf8F6/b21tNbXEb7G1S5lfavzKrOcMRjpnGfbkAjp6De61p01kRBMjvmRQj4BAOQpywyBwO5J4PPIohgcDjMLSjWw1Gr7tpKcIy6pWT0a326vZ3JrYrGYTE1Z0q9SlytNOMpReigrJq13fXRrTpbQ+Ob74Bwxa/DZ+F/EF7pckuny3iG5kaeASLlgigFcKRjg9wQOKy774c/F/QYgzR6b4isweDuRZSAQSQuQwYD/AGs8cAnp9MzyxP4n0tydpOlyKQp4ZyCOvGc4PQnqfvEAjrQFaNMqhQq20BiTjpng9R8oJI6cjANfK1+CcoxU68qcZ4SanaLozatpF35ddL6WvZK6Teh9Bh+Ms1wlGhGdZ1YuEW+e8nJtxvdqz2tpffXyPiiDx1428ISlpbfxR4Ym2hWnspJ3tRtOOEbehQdTgYYZxkc16z4Z/au8Z2KRW82qaX4itVKh01WAQXfDAth2KZkYgjJA9wa9l1nSLm907WLqO0ju7TTrCKa5LpG4hE7eUhZZMtsZiAPmwOD3rzWf4T+BtcsLeW60eG3uzGDLPZkwuJHG4NgHqAT0GM9CVrwcRwfmWFnJZdmXtJU9oVfdavyqzlstHe7+e59RR4xw1WlCeY4KHLJqLlBKTa93V3UZW/7eeurV2erWn7TPgvXohD4r8O3GnrIpWW5tl+1QKWGzegT7m1Tx1x3IwSfYPDHiH4b+IdOtRoniqwie1Enkw312ttMUcgKojkJwSRgA89e/FfBuvfAE6XbXl9oHie7t4ra3NyLW7Bl3KqEsikkqQeoO3nod2TXCTeHvH2hW8E8/h6bU7SWKOZL2wjdpNpG5ZGMW0oMEEhuSeOi5HjYrEcU5daljMHKvTjFyUoLmT2vJ8id03eztrpdpo9/AYrhzHx58NiY0akmk41G48rtGVuWdrvreL7dUfrtp4xquktK8X2Oa0uIBdJcQmMqsZILyqcFTuO1ev4jI+j/hDovhjxI1ymuaWl9c2Fm02nX6Kq3sc1vcCRJbacAkhAgCICR8o+91P4I2HxG8Qabc/Y7yTW7S1ityDatcXAWPcMBpFdg0ajeDkHkgZwM19K/BL9qXx18J7211DT7+38UaEWxcaTqh82SGAn94tvPz5T/ewSSoPKnrj52txKvrCjXoTw17Xqe9eNlGOqdnZPSz1a0t0Pq8Jk8auGl7GpTrtrljHa693W7ur6+6727WWh+vvhnRtbt7zWNF0KaLUrfXdV1PWJVvW+zXQcW8sZtJS2zdISc8H5sZxzXzX8NLZrTxh8VdHubdFR9ONvPYXMIkjWeQlWjKyDY4BOAcMTyQO9fR/wAIvj38Hvj/AKT/AGVpuqx+GvG10TP/AGTLKlrqFtdOOZtOuCVFxE7AhlX73JxgcyeOPhVrPhvVbjX7C4W8kv4YYNb85Y1unjtlytyioA0hZF5YdTkks2cfVZbnGGxEJUk6bhNe7NJXlK8V7z31Wur6tWvofLZhleJw1S6VSDScmndPSzTjy9vWWlrXPzR8f/sq6V450HxV4z8JXMOgeIND1GO0bSUUR6dqbHO4gjHlyvIcbiQo4+lfDGvfDnxx4HkuIPF+j6hoTrKDDNOkiwTDIKSRXYwjxuMEEkBgO4zX62eEPEunyWfj7TWu4dr6v55SeXEheK7TgJ1LYBOcYz1JwBX0XfP4N8f/AAC+KOla/pek+I5IxaG086CKW+094Y9qta3IHmxMMFsKwUkAkEZJ4c+4Zw2IpLEYKKpVZON1FXhJz5L3S0jq3qla19DbJeIMRg5+zxTlVpXfLzP30tFo2+Z8uuis4+SufhDouv6fBqWmS211deFPEFiytF4hsJXiV5l5jknMbK/LAEs3yjOSCOn6K/B39tLU9E/s7wx8XWa9slljjHjW03TzzQAhYxeom5Z4doBZ+CBktXyf8W/2V/F3g3Th410eKbxB4Pms7W8uZrUEzaObxN8VncRbWZ1VF2+ZxwAcEZz816P4gurBLmxmU3dhK4imtLgFikZIDGBmyYpV69QpIwRk1+dOWPyfFcrcqc4Tdo6ulK1rJLVNO1tb9r32/QFLAZxh4N8s1OKSltODtdW0uravV63s09T+o/TJ/BfxC8O6f4i0a607WNFvJlniuIZYrm3nj8pgVkTOYXUnnIAV+uBgH4V+JfgPxLonjnwg4tWt9Ev7nxAum6pA5e3toQ8bx284I2p8gKqpA3A554J/Pv4R/F7x18HriDW/AWtXOt6EAr3/AITvpXaEKfmlWS1ZmBCruxNEoC5JIwMV+tPwa/aY+Gfx/h0Tw3ew2djraRStqHhK/KpILt4yhl0+d9vmqOWCRkY+UYOOP0PJuLcPjIRo17Uq6SShN+7JvlScW7WfVLe1209Wvg854ZxGDqOvh71aHuuU4puUU3C6qRXZPRq6t0Wluc+L8huNL+ELXSRpb6jqmmwywyL51tdQW7mHyzGMqRub5htB5IOAWFfBv7Rnwq0+z+KWu6L4QtHt767exuIdLCAW91PdoHdIYwD5SMSSikZBzj0P6v8Ajj4IS+LNK0TSNG1WS01Dwje2+paM12CbZ7dZ/NubXIGEmKkKhJIwD36/J/xh8F32n/H3QtR1OJrbVbvVPDsdrDId6XYCFJJYmXAdAVBAXghieCK1zLA4HMlGFWEeacrylFe/FtxXxW3WnXVarfXjy7Mcdl8m6UpKMYtOLvytRlB2ava/m9Wk93oflFqMOr+F9Rn0rVbKW0uraXy7nTpkZZI5B96SFsAqV5Iwecc44zd0rXLvT9StdV8Pate6LrdrItxBeWMrwSybGyY7hI9qy88MrhtwIAXOc/sjZ/BzwZ8Q/C/xrm8a+Gon1e08Sahb6PqltCEv9NNtbq8ckEwGDgncysCBuYZJr8kvG/wc8TeCbay1nZJqui6jFNexala5MtjBHNLEiXiAFkb5MFjnPYDmvzvMsgxeXzdSjzVqPNJxnTvzU0rNc6S7a3V7/LX7/K+IMLmCjSrJUqr5U4Td4zvGN/Zt27/DLZ+Wp+gXwA/bvg07V9O0L4xKdJ/cx2dr4qtYS1heSMBGn9qwD/UtIDmSbITJ3cHOP0B8QeC9H+Ictn498I3FpJqsWiTHTHsJoG07Ukm2uHDRHYkjqSccMC2Cc9f5w4JI9W8u0eSOSUKuVlXMMpOdoIIBRgRkkjglSuDgV9CfBD9pL4ofs+6wJdKuptV8OeaEufDGrSvPp7xEjebGSR2FtKF5jAYKCORt6bZRxBiMFN06snyyXJKeuqvFWlG3TvfTbfQ1zTIsLjY+0pQu7X5baKSUdmttPPld7I/Ufxdo+r6P40um1i1Fne3HiHwle2aF9guJZDb28yK6kJ95Wz82cHJBPA8U/wCChHh6LXNY+FtzOywXjWV5BGrqoQiBvMCrLgb8EuRnODjkgjH1n8I/i18J/wBqvS7nSRqn2DxNK1vfy6PdPFb63o00Hz7tOlkO65hR/wDVtGeAOn3WryX9tH4ZeLbjwt4E1L+yr3XND8EJqcN7rcKu95bW7EmG4vNoZwrE7ZHYcHoMHFfayxdDM8LSpuSu1KLjo4NNxs072Vraq3duy3+CnhsRl2Kk+VwSSTbvGatHRPbRtK0k3stNj6W+HP7DPwc+JnhH4WTw6WfDEmt+HYD4p1nTYG/tA38tqqx3qSPhFYyYOwKMrx71+TPx9+Aeq/BL4wfEXwTqjS6hpuiX8UWh6rcDyDqliyeZBO68Ay7GUPzkszHGcKf6L/2fdd0+z+Dvw/WW8toftXh3RbiznfcpBjiiBWVuCGGNpBHYj3P5Nft+axbeIPjDrU+uQm1W+0m2NrdJxC88MvkrK7EKArxqMEHnIBwMmvAzfIlz+1w0IJxfM5Rjyxmklpf4ezst3e72O7AZ3iPYypV6kpxa5VGbcnT1X2rtxsrX2T3sfGnwb+J3iX4beKdH8Y+GpE03X9BnjOnapDGrOkSMDLA45Lh03Jg89ewr2l/jvN44+KEPicGS2v8AWPG8Gt+K5blttndzpam1DohIjiDvndxnORwevz74Q0h4tQe2fZNA8FxKxB3xs5jfa6t05Xt1B+pxyC21ymozWlmZFdpJjMiZBOyRmDKQchgTkMOhAyRkGvko4WnTxbxahGOKVNUfaW9/ljLmUVZbc0t0ur23Oz63WcKdOVSU6PNzpXsr3g207Xu1dXettGfc89iBeeMtYghiax1LxtBdICvKSSQAmSJ+jRMxHIJXnrjIP9xn7Nh3fs7/AAZPAU+B9GBI4G0WMZwOM9lzjkk8AcCv4VvAGt6re+B9b026tmm0/TvsE8Ny5Aukut0cbBm5Zht4wSTkeoOf7ov2YW3/ALNnwWbsfAmjnP0s4AAe/TByeOTjPfLNK7qNSnyuXKoya0TkowV732tr6vW2x9VCKWEoSjJtVJqS11SfK362Sata1u+h60QSxBwASScjjvjGT7nHb+HnAapU3DjqTgFj93GO2ff7vPvz0oZAGHBPJUliCAuOmMdD2I6cY9amjQY4HUD5c55HQE5xnpk9+c9hXzknbo1bz721d7erfZbd+iGzbf8AX9P+riRAdOAB82cFjn1Pyg7m5AA6c++LaEkAYyQ2OcDgDuOe4yR07cDdTUQAMSATxjORkgA7QCeBg+/tjIp/Jzj5c8g4xu6Zxx0HPHQ+oJIojJ3XxLVWbTs1eLs+yd7d03tdpDTfmrre6t0+F3vo32ve3SxIwjJDHbuJYFW/E5wMAADke5wOKC4AABBI4IPUjtzwe3yr2zj3qIAc+uTyCMH8R79R7ZyeaUY64PJyfmz9Dx1HbnA5IGMjO3NbV2au9VqrJpa7d7O23YJK20lqtEtLv3V5beVvS1x+48HOGUbdoyTyMgZ3bQx5K8bs7lA6mnK3BOPvcAnsRyeBySc8gnsOfRFQMACAMjhTzgfd5weDjBU4Kg8DHOJ0CnGAOMEZOCSCW657HOGADEYxjpVLS3rbW/pfv81r18zNyb6Lz27cvX79Nbu/RWdGFYqGLZYgHPQ44PPTg8j1HQ4zm2CoAAPAOA20Y5BALHup5/HnJxTAFBwQobHcg8EE5HUjAIHRs9eCMiRCoU54OMZyBgk98n7w4x6BTz3oen9d7a/iZt30krvTfq7qzvrs2u+isWMhcA4BA7cHI6HGTnAHOec5BHFPUjC5GNwwR3GSO/IyejYwQMY4qEMckkAgrlTnO0DvkcknHXbnHUcimB2IYAd846Zz36j7owDjk8/LnGdKclZRTa1038raa230220v1wmmvdte97u+17WWqet7W8r25VqWlVcnjdnAX6jGTnGD15AxwSeBTXVVGVGSpI2/wqp64HTHzE8jHbOANsJkbaoC5y3Jzjgc5H8iP0xmlMowAAeRhhjIwWOCTxnqOBj3z1GjclrtJ23dt+jav09RLRbOOvTrZKN5NPbd2SfX5skZcrxz8xLbi2Q2QMgng/Lx3zyc4wUDbiQBgjIzwOTjBIzksynpx909MghRjkAA5BUcchec44HOD16DP5OCIckdMkoGOCMHkZA2+pw3HGOalNWjB6a6WXxW5NXe+zu1qlomtEjRK8VbS9npa7Xu3v31TvfbXVWQ4Kmc5PU/KMcgD5vXOCckYABHHQ4dgMMDnBLcjAXBySchR+OVx3pEJDEN2zwcc9eQB27D16nBzUwXAcEFgTgfwnGOSeT6jgnrkZHIp8lnay01i9Xpa3u6W0SXXRP5DTi9Ek0mle97vS226u0na9nJNpaojAOMZzhd27PJAPpnocjBwOMei5CgOcgnjOD/AHj2H+0M5ycHrzjinqgHAx/dweCBy2SSed2OvUEDvxUjFTgA/MecdePTrz6lhx16iqU0lsrNbrZppW2vpvd6JaPuwkndOGuq07bWfdK17X0+Vio47ELtAAJxj5uDjHJDYwSvrnkZGBELMONqnK7cA4Azz975lLDB6YJHap2LBc7skkHIGCBkgjb2A5wOc55BJp6yYBBBG3JxjP3j64J9iBjjn1pON9nHS+rdrW5XfVNaXT127EqWi6X0Ts0tEne1nq29He+nSxAsXOS2Tzu6gYJHT1BPYjnHPBUhfUAYAzjPBIPTOOrcADpgA9RVsbARle2CckZye3ON3JAzgKfXnLTtJ4A6HP8AFyB0+gxyfbjHWnFc2z+bv2WnrbW2mgJvq7ptbvRW3tpv63697FFgwGMHlhnaMFcnnng5BxnOOc5yRw7+9kHCnIYnqDzkgepzg5znpz0thFK8EdAWXngZ+nUc5b6dcUkgGHPAxj2BHUfjTellpo731tfSzttdb6X9AfK0r2lrpquii00ruzttdJ6XaKRKq2Aw6FTnP3sZ7d1wQACD97IHBqN3z8xPCjH+0QCA3GeMHvgjp34NyRVGOgzggdcccc579sjOT171CEB+YgD5vu85HfkcjgDvg9gRS21tpt1122tr2eunUasrWte6ev8A27fXTX77WIw5UDPJL89Qccd9oGPQ9yDxgUwSEL36kr7Ag88cFTgHscZ9c1M6oMcDkEjA7E5xnIIwehGcYx3NIVDAgDIOcdTjljgHuwyB36/3TVRt1W7Wr/rW7T6adXa5prdNNWfdPrbbVWv5p2bBXOCBjjG09eMDHB5Jx2OMnr1Aq1GZAVJz6AHjjop46EdAB156cYjRFXhQu3OMAdz/ABfNzz15HJ6jOMTptyQO5ILHrjnOO2fU9gD7Vm3a9kkuvMrae6227JJ7u+q/lMpRvaTWt0rN3Tvyq6aUXr1u7P3mr21dukHHykliARj5fQAnkMBySR02jGWxS4CkFsA/LwpU5IIxtxkHOeenILDBPMoXOflAIJPVQCxzj5unOM85/AgkOVcfeAyTkAfd3Y5wc8YIHuT6UKVtHZNq+m/TVv7rL53auZxdraPps7+6nFpbpNbpq3u318owmcnAwpBPA5HHXAAIPAIPvknpSMikZPG0AcHGFJ9Cc/Tnt3zU+3Oc7QQcjB+oPHYDn+uOBSsB1ByQOOc5Hc4759/cY5rSLsru9mm1fd3t5K27en6Fc0GlZK7Uba3vZR6XTSVldpyfKns96IUE8nuxLMMYycryoIPLAADOOpBphG3n05AJA5J5wDn5uQzNz0BUDFWW2gZ2DqoA6ZOT8vYck/Qk9zkmq5HJ3YXOcBhk+2MZGMdDyeAOtNTu9VvpdvyWivbRK763e3UqPPeKV7Kyd73butk+ltX5NNXT1TOd20EnGAv8QHHcAqR3+mM4zkscFsbsElcknAAPPBwCR2HIz0BGcqVUqoJBPzEDpng7enTAyTnJA785FDsvIHLEEZHAHGMYxzwcDjqM4zTUkrLp1d0u2tnb7tNW9ykp3V4323a5bXik12atrvZxVpb80GCQAR94Z5wD1z19sDoQcHn0MWzJOV+Uk9eRnoGHcdwMEH7xHFWd7Da3UKcHIwScYGcdOgbv83TFRyMMNhz35yABnGOvQgjGO5waet9rXstG3t1d2tdrNpvR6WNI2W6snom0768tvNK1lf7Vn6kJC4OQQVwAeckDrgdxgZwOOODgEU07S20qcEcHgcDoM5+6eMZH65y12OP4j0JBx0Jwp+XHbg8FTwcejWOcZAVgME53Z4IJPzAAjpt6AkdMg0K+3yb1bvZarT7+nXuX1W3a9tL6Jvs/m33sriMcg45xyRx68Zx3OOMn+E+9Mzggr94cnHJ9efw/rmpVC4K8gY45G4HgjIPOSOg7Hg5C5K7VGehycDB9uO5+bsw6Mc9uFaVuvn+H+et9PzHe2uj2TbtfRrbV7Ky06X8rREsCD1yNwOScE4yM917Z75HAPVQz5wTgn7vQYHOcYHIbPGMdR0zTmBYKvGASCARjdgc4z0PJ2+/amnHAyMgkk/3ST64HOOwxnqcYNJJR6W89+y1+b28myudz+JvS2i0ttrbVNp6Le/YlOcZOMg5JySCOgGdwAB7ZwQSM56B+5cAbWyMYGBx7ZIIB4yucHg46YEA2tuBGfm4IIAUgKSc9zgdO3OR1y9GBBBAyoBA5AGTwM92xyeuDgjtVa/0vv6/15iagvhvsrttu/wALa8vx67W1UOSF+XaQ2MBuSQeq8dT/ABKDjpwd2KlznkjCnofYHnB5znpgE/4tIG4gKCckgnOSSc8DseflI69iM1GXAUfLhgGAO7GT1ycccZ2kH3xnAqVaT3Wmqu33XRer3W/lcyk7uyWvqvsru2+tmvXqKTtUjCjC7iAAVABGMgDBBHQcDHYniqysPvA4yxHJHBJPy45PHQAflkinlWYBFVmYjaMDOSeQOOD1/IZz0AYY5EKq8bgkghGBDHn153cgkEHPBOCRijSN+i6eW2m+rdu3chvlurpp2bXo1pbta1r/APDyFfu9GHO0ZxzyfXnj7w7dD1FREDO1gqjPpkHk5Ixg47MBg4UDgYNWQjccMoGMk5x3JBOOc9j0x0wBihkZSMchicdTx379Mc46YI9sY86u0ndN3SXly9r2s2t9l5K41Jef4JdF1eytptuyvhlUgjr0IBwQp+8SMDbgnGSMYA9BT8AHGATjOeOvJAA75JB5HcsD0p5QgYwcbf4udvJ5PryRxngcjAJNAUnHGPQd1Izg4YdeBnoc4BDc1qnHe/W9m+l1r6q17fdvoOabV76u/e1mtXu9Oi1213Q0nBGSGBBBI4bP3c9Rg5/vN1HTpiNsk8j5eSM5YH+IHgHO3kn8+tWscMVy2Rkgjk98N2BP3m7ZHoFxGIflGcAkHBGSSMk8HOVA4GO4AxVWstfPvtpbRaK1lsuidyoxuvesldrZXeq7W28vVDYlyQue+QMFuQuep7Y9CO44INfhh/wWO0dNR1H4ayLd3djcwWEbwXdlK8U8JS9+ZxtPEjKBg43AYPBIYfuxBGVK5LbgThQOcHIbBz2yecYJJycbifxA/wCCvLldf+HMACbm0bcSx4H+mFQOeM8Z6emMcVDp806aVmnOPd72tbv5+i7a74OMXil71lyVOa+ulklqrPT70r2P5v8AVdB1aH45y3OmavqjPquqaPaagJJJJrm8t1SFm81pHLMGGQSMlc53YOK3P2v9Ij0fwz49trKOeCSG70iSSTzpFZvNtVVtwcltpB3OCcE7ueQD0VhLJH8d7V0WNpD4h0yEO5LLho41IUEgYVjwT6EDhQKv/t66fFBp/wAQphMwMl5okcy+Z/ELFGfbjAAJPy8c8EEkCvussjTSrKUIr/ZovmtZ3XJdW2Sbs7aPdrRE4uMr0nByadWzT1Vt00tdrq97baW6/j3oniHxHoUWpXSeKNQsbe30u4j8izkMP2yOSQsLedwQxjVuCpJ6dxnPpXwW+D0/xNfUfGnxDmWz8HaZLaX91qOoMxfU0iIeLToTKxIicKUygAIJxyTXJ+CPD/hu/hu9V8T6mIPD9hG8k8LZBvWWbeIFY4YhsAKuSpBJPyk46LxF8W/EHxKSLwf4HtP7B8G6ZLFblYFEUKQ26hRcXBACyzlQWCHkHA69ORU1KftIRj7RtXSjdaWtd3tJtJK7dl1TZjVm4xUXJpKP2ndJ3Vums2tEtoqzPavip+0pq2m3dn8N/gUbvw5bw3EIub3w/dyWxaOG2a2S3jMRCW0cduD5sqgSOejZOT85XXhxNHgtL+/mk1bWteub291K9upGmYzESFiZJS7OzHJaR2YswzwcCtTR9NsPD8cMWnsZryS5vHu9SlVfPuCI33tk5ZFySNoGMdAelWvFt1t07w6kaF2FrM+3GWJlViTxnJJPfOM8eldVSkknVmoupNKPuxS5bJJK1ndK2++ml2efTalKMVfkUlbre7W99He7s/nbSx/QP8XrlU/4JD/CtQ4jV9X0VGKEAYII2jHZcMTgZBOBxxX4geIvKfwz4tRXPy+G7gkknjEec9/QDGO/vx+y3x1vzYf8ElPglalBvvPEGiq0RIBDeUzAbSc/LgjpwfrgfjPrbO/hXxc5QoG8O3Kj5ozk+So6ZyeVJyAe5z2r6/w4jH+wM55pwjz4nHWu0ndU0krb79lq07O6Z8hxypLPMsUYtqNHDt+73kney2Tv62te12jpvAkk7fDzwO8avIp8N2AUZYYTMnzYBICnjIPJycbRXL/GaZ1+GviVJY1BfTWVSz52gyx5BHIBOCo68cZzjb2Pw5+zr8OvBHnXMcYXwzZhgZI1MZUyEb1JLKOvUcHqG+XPFfGy90Z/hp4nkXVrGe4+y+XHALqMysd6YCoDg5AwQo45Ixwa/SZVMOsjjGVSld5dFOPPC91Ri2rd3ul7unc+BSqvOk4UZ2eOV5OEnoqyu09tYu6s9VdbGj8Ob8p4I8LJG8y7dCt12r8qsRGQcccg4wcgjHt02LyaafT79p5HBNpckAkk7BDJzjnGd3HGc7voOP8Ahz4k8HReC/DI1DxHpVtcR6LbCWF72NZIWC8o6gZDjoQTuzgYBwW29Q8a/DxbG/C+KNNlkNnOkQjm3F3MUgIXaD146gHqP4gzd+FxGEhluGhLE0YuODguV1Ixkr0o3Vr3Tv087rbXxsdhMXPNK9WOGqyX1uTjanKzTmndNLW+99U22k7pHnH7O0scfgu7DMVU+IdSOQ235WuXBPzDn26+nBJr6Ha9t2uQ0kxcKuFQ/Pk9R8w5yBjCn13etfKnwO8ZeBtJ8JXdvrGtwWtx/bl9JFbqjyMY5LiQo2VGBuXnGTgDoAAK9nf4n/Du22tDqN3cEyKEaOwlkP8AFxjAAORnoeemK0yPMsBQyjCU54iipqDuuZcyfO9LW0Svda9zmzrK8fVzXE1KeGryi6kOWXJLklpT+00rJ2aX3X6PyH4YSL/wn/xeKqGV/EKEAZVVKhckj2IJ6ngHI5r2xWlILOy7sfIW4ULkZG7kEnn7x5HB6ivl74beONBsfG3xPuLldWkj1LXFnsfsmnyyvIhxgSoo/dlsnCsPmPckgH25fiRoKsRH4e8U3abFwU0udSW2g4+YDac4I9SM4I4rz8rzDBrAwjKsk/bYhWtJtXrSauopt9H+B6WaZfjJYpyVB8roYZczstVRpJ6PVWs7vto+qOSgVj+0PC5RNq+FgpxwoJDDIByTtP8AeIJ2k/X6SjlBHmS4XYFGFxkjJ2ke2QcY556jpXyHJ4whPxmh1y08K6/IE8O+SNJeF4b5+T+9KsOI1XaCzY6cY5FeyH4l+JThLL4U62ysF2tPdxwjOeONp7nkHGee3J1yjG0KcMdKTqNTzCs48lGtNtNU7aRhpZpPVp63aWqIzjLcVVWASjSShgaMZKValFKV30lJN2Vrd7ttnLftIXBudC8CDBP/ABW1qcHklQ6HPAAJGAewxnJ5OPbYZiqweUQo+zwKTuBzmPJx1IYDngckDGSTn5H+NfiTxlrFv4Jjv/BcmixQeJobq1D6hFL9rm3p+6IjUGIHCje2FySVwBmvbU8S/FlFRbb4baVHhIwkk+rQSEhUBV2CjgkEEZHBLA/NWVHH0/7UzGcYVpKVPBJWoVHJSjB2coqKtdvRvd6JWKrZXVjk2V03PDKUZ4jmbrQUPenTtyy5kpNWbdtravmZk/tIATfCjWYyQd1/ph5J3Em4jyeB1IByfmzntxj0PwtCZPDGghQ4I0XTo1CsWHECE/Lw3B/DDZGRmvm7466x8VL3wBqMeteH/D+naY17p5kktbgTXIcXKlFAQkspbhjgHGea9g8Lx/GCTw9ovkz+FbSEaXY/Zw9pLJIIvKjKGQhzkgBdx6AjqRkUsNi284xMnhcXK2Dw0eVUveSjUn7zTasnZJavWOtyMRgnDKMHD6zhVy4ytKT9qnF3hRsk43vJWTaT2ep2OuxtbaVq24sxk0zUCQRgKTbSn5uOGYE9P4hyT1HkP7Pci/8ACBxxxhy41bUmUhflAM75wcAnkHAz6ZrpfEVl8XW0/UoLjxL4fhiawvXk8nSpSzRCF96Rkk438gHGMsSBivHvgt4W8a3vhKKSw8cNpVm+o34W2jtQ/lyLMyySNIwGBIwzg4UZJ7g0515vOMJOngsQ+TC4hKEvZxlK8qXM1zTsrd3rqrabRTwdH+xcXTnjKCUsVh25RVSSi1GSd7Qb5pO7Wji7Npo+ttPmuLe8jbDFzKXJKZG1WIB3NjBHfjkE9ARXzv8ACeeVviX8YJQQzPq0ZcqOFzu7k8MGHygknjJyDmuuh8AeLTKHvPilrDAP86W8CqcAkAKpXseP4vVeM188/D34f3Or+M/iQj+NdftPsuqCOW4tZkilvmZj89yNuC2MnjODu4wa2xOMxqx2VyWW1YuNerKClWo3k/YvRNSaTtzNt22a1MsFl+Cjgszg8wg1UoUuflpVHyx9rTfM04q/wqKSd7O/k/tO8ZysK/aoo9wfO54wzYHoTw2PYdeu7kfOfim4RPjx4Kk8+NjFoV0FZpIwq4ONxfOFGWPGR1IGSBjoT8FrSRRJceMfFNwyxs5Vr4jg9QAoyx9D6HqvFeTXvwr0EfFzw/o017rV3ayaRNMzXV65nJOSEWVWDLGTglcgcg4ALCt8wxeNq08O54BUm8dhVDmxEZJz51yJ8sNOa1m0ny326GWVYHLKM8TyY2c5PA4lTtQsuX2fxLmlvFPRXs3a9z6fv9awgWXV9NhTkfPcRZ25OMgMTkc89PY5xXkfxR1bTpfDemRJrNhM48S6a0qi+ifaqON0jKDkRjGOuQOFJwK6P/hTXw+hUF9Mu5mVWwJ7y6fgNzk+b1Jx39eeefKvi98PPCGj6Lokmm6IttJceKNMt5pPPndnt3bDRtukO3fwpBXI9RmtMznmLwmInOhhklGDaVecpaShpZU4rTXTXb7+TK8PlSx+HVPEYmc+ZqD9nFRXuO6b9p01vbvpse/t408LQWgV/FOkQKkMSsPtsbYcRIMAgcBSAATj8DkDgvHfjXwdceDvEUUPibTbu6n0m5jji+0BmeRlAVMDaeSB6ZPPHFb8Hw28BLCP+KZsZMxRMN28gHykznJyBuGc87styP4sLxz4O8Kab4L8ST2fh3S7eVNJunWQQqzqQpwQz7sbQcjHBJyBwQO7E/2m8LWdsEorDSvZ1naKpq6WyTs97JaXODC/2RHGUrPGTqRrwSuqcYuftIO+jlZX1326sy/ht478EWHgLwxZ33iS0hube0VJoEBZ45NxwCqoQGGORjIyQe+e2X4mfD+Jp3GvySjaQAtrI4wUYALgEhQ3Ix6Z6MRXJfB/RfD8vw+8LzTaRpz3EkDPJLJbwtLIQzYLs6MWOWPJJOMgEDBPp8um6OIz5Ol6cuDMQ4trfbxGxBDBOwyQo6evYrBwzGeAwrjPCwg8LTcb05uSvShZNudr9FdJLV6I68ass/tCvzUcVKosTPm/eQUZSdSPvJKnKyWmrd31s9vm34WeO/C1hP4xa6udQkN/4jup4RZ6fNOHhZsq7bOAWUAAHBGCMcHHqc/xM8OhpDBYeJ51ZmBZNHucdh8isg7cEL3xwTg1xvwYEKnxoFt7VdviO4EeYY2PEpBVCyfKOfu59W28V7LdfaJlkQNGgUEjbEgYHPIACg59s/KM4II583KqOOnl9FxxdOnDmqtQ9km/4suZ3lU6q70SuvvOvOK+Ap46opYOrVmoUW5OraNvZU+VJcmi5dG7+aetj58k8d2MXxWi1ZdF8RXECeHYreO0WwkS9YgnEvkkMyxhnwD06Zyenrz/ABZkaMLb/DnxNeOQQZHiaE4K4DAFeMkAA5IIJJ4HPnyeZF8bE3s8j/8ACLw5B+TALFfunIxgEnA46cDp9CR3MioCqSBmAjbLhMAAY6EYHBB7HtRltLFRji19dVJPG1k2qcE5SXLd3leyvfS3W19SczrYJzwMv7P539SoNRdWoko3S5bRSbdt3fVXdt2/kr4v+KdZ1W9+HjjwVqmmNZa8J4La7uRvvZvl/wBHBZQVOMc7T9SeD64vi/x9KS0Pw5DsyKSs2qQjYMAZPy7sjAznHI7ng43xgkWTXfhoSC7nxGcl5FIGCCDknAUc8nA47cV7zDPYW8k7zTWoJRfna5RVYYyQVLE8Hg5A28GqwdCvPGZlH+0ZRtPDJzjGim+anB3bcbKy6WtvpdtrWviaEMDl7jl1NuUa/uXquMLVFZaTvu763bk/Rnz58Rte8fXfgDXrO+8HaZplq8MKT3A1GKSaLe+FKrhdxzznBxu4Xseg8J3fxOg8O6VDaaR4UtY49Ns1gluFaeR41hXY77XXDMAC3bJ56EDY+MGo6dL8PvEZgu7B5SlsEjjnRnz5mBgLliOoyFOPXnNafhbxJoMfh7ShcavpsUkel2IkU3KeYpEEYdWDA4YdAOv9F7CEs0nTq5hWaWEpPnU4wes7ct4pX26R632sglXqSyyEqeX4eLeKlaDpylZRhT1XNKTu2/krabGfczfFaaG9S51LwpCj2tzEwTTnLorwNvKlZAC2CcEYxxnIHPmPwm0/xyfC7JpXiSw03T11fUEATT2knM32l/Nl8w8YZy21T0IHGeT7TdeKfC0i3YGtafI8lvMI1M4YE+U3IO0EkDIAbA7HB4rzz4P+KPClh4SaHUNXs7e5fWdVkRBljtN3IQ6jgHIA24BA7YGKithsHHM8JB4qs4vD4hylLET3To8vvKSacle9lq7K7sKliMe8sxnJhqTnHEYfkjGhB3i+bmfK0+ayta+qb69OrPhjx5J8918Rr5C0ih0toUTAZgQNpU4LHoCP6GvGPCfhXU7z4leNrBvGGsW8lv5LXN3bFUubtnx/rztDBVBPbKjKjILAfRr+PvBok3/2q8hTYAEtncOQANwwGySBu2gfxYA4xXh3hDxNo0PxW+IN8ZL2SCeK1MH2eykklP7tcu8QG5APf6njmpxlDLHisvtWnNSxLhP9/Uk+V03rdydruK23/A0y+vmbw+Nbpwi1h4uEfY04vn56X92zVr6v100Z6OPhCkyia78beJZiZJNy/bFQE9eQAMNyR05BOdvU+K+Nvhtpdp448D6bJqet3EeovP5ks925lj2sT+5cEMiscAk8Y446H6Wh+IeixxJDJY65OQrOCNOmG/PC8gcse4xn0714l468QrqHxC8A3sWkawqwLdNHbzWrRzT88eWrfw+rAc9cZyCZnh8rhhlGi25fWKF7ucnb2kE93azV7NaPsaZZWzV15e0ajH2FWyShF83s/ddopPR2btZO19Vc63/hS/g7YFng1K7YOwUzX9wdw/i3DzcHcMenAPAJGOV8c/CzwbonhfU9QtNGUXMMcJilkmuHZC0yBmH7wgkKWAJAPPXINeww+KLwxI6+E9WZm3MxmlWIHA4BJAGcH2xnrzXn/wARtY1+98Ga2V8LTwxGGPMzahCfLVZ0+YxAbmPAAAHBB4p42jlscNXdOglJUZNP2U217sbXbj00lpbu2jDCVM0ljcOpYj3XVhdKqkmuaK6Ss+id463fdI2tI+Hngm50zTSfD1jvuLG3kkMjSMS/lAlyM7vmyO46Z6nFfX//AAT/APAfgzSf2y/gldweHbBZF1e7VleESxT/ALuUKrxyho3GCcAgANhlJ218haL4j8RR6HpS/wDCIOAmmWojlbUbYCTbGMNjAIBHTrkDLHI5+rf2GfEmsyfte/BWTUdJj0eyt/EEkhuY72O4myY23II0O5ieu0kevPIrys/hgVw3jnToR9qsFKcX7LlakqdP3rySelnqnoetkbxzz3DqriJSi8Woun7VSVnKzTgpuys+uy6rQ9Q/4K76V8QfDP7V2pX/AMPby2h0zUPC+km98M3cUUdo7IZSXgCqqrnkDAOONo5Ffkm/xo1zSvE3h++8W+Ab20OmJe2s76fIZYriObG+aEbSdy7d2B79M1+3n/BWHVdFu/2lbR7a/trid/B9l8kswiucgOFxE+DgcjsC31xX5I6paINc8KxSABZZbpnSVVkjGfm2sWyDkZGOcBiCe9c/DGUrF8M5TiMNjatOpUhSc6fNGVPn9pFL927uP/btu7RrnuaPBcQZjQxOFpVKUedRnyyjU5OSLa5ou0rpNJ8rstm0d14F+NHwl8TXCRyeIIdJnZnVrTW0+yFWJXCrLIoyScgDkDBPGc16Ja6TpOofFXUbvSZIb6J/BtkI57KZJY2yZCSrIcHOARk5+b3WvCtX+FfgTxGC+oaZaxXLFi17ZxrE+c9gvAGe20E4HPp55pfwu1jw741mtPAPjrWvD8j6P9pEk00lwh2c/Z9rswWE8AKuFGDgAkGvocXlWb4eeHnOFLEqFWPs5UpOE2rJaxk9Ja73166NM8zBZpk2JpVaMXPDudKXN7WKnFQXLdqUEm7K2jTeu1kfag0m8heS4s0kcqiIVdeQdzAnaAMk4644Ckgk5zV8O3GoReIvHPmWNwM2mmxTzpGRGqqwYFjg/NyPTnJ6Dnw618f/AB58DLGutaXpHjrT0CtLcWyiHUXjDfKFVcAvt+YtjALNnnNelfDz9qP4c2Ws+JY/F1pqXhS71q1s/Os9WtHmtIWh+Vi8+whVc/dztwBySOvj4/F4mnWoOvRr0vZVYzftIe4r2u1JPl20vtp3PWy3DYS9VUMTRn7Sk4pxlFtJ2a93RrS+6Vr30Orlv2Bitox5kbgNnJLAK2VLKF3E8DqQSAWzgV5hqRSbxhrsexQBYWjNuBGRu5X2GBjrycE5GK96sr7wH45dr7w3q2mXqbco+n3MLBjISwXytwKnaw3DGee2QK841Lwbf/8ACX+IpbeWK6RNMswBkApmToxAJBwMZ5OAR0GB7WBzXD1sRhU1yqNRzbb2SjFLbq29Nm1s+h4+Y5XiYYbFqH7yMoqKUVbRuCtpqr2TavocFFaxyzR5UMAUGSmeVYjG4Y5HI7EjPYYrU8Jx/ZbHV5CEaNdalDowwP8AV4xtyRjnt06c5GbZ0y4tLmFGDxvvUlW+7kH16HkHA2kDsKn8PwMmn60WJ512UDaOCfIGTjGQc4ABI5JYckV7+IxVGdfDSjNRSck3ezekX5emqemrts/lsDgMRGhjIOlJySp6NNdYtpJW38t9mfA37b88L+JfAv7tY1XSp2KxgHgyMCe56c+g7+/EfATXbfTYPEgUXLfaFskieAt8pDLw6g4IBGfmAAAyPQ9b+21Fv1/wXuI/5A8zYK4OFmcEE9wQTjjH0rzr4G7fsmvuSFCm1ZVyQ2VYY2k5z0BB+8Tnrxj8kzVfWc+xqVWm1GopqS2lFRjppbsrbdfI/WcnVSllWFUouL5I6Naq7jZvy0ttv9z/AE//AGG2uLr40aVM7B2h8SXZxIgOzzNOZxuJBAyBt47e2M/Y37btwLb4ieAL+REkjs/D2oiRVQKNs1y0UeMAAEOwAbqM/Xd8lfsIWry/GKKRdxP9tvKuQcc6cRu4x0BIIzjOM4Ygj7L/AG2ZvtPizw3afZVdj4deBGKDJ26kHdsHnK4w3HHc88/N15zWO5FKySlZXevwvZaLuuui63PoF71F36rqm07N6WdtNFv208vy30p01GLUNaM62tzo+parZ2XljdI3nCWYRnnJ3EBFG3OTjjgH3fStch8VzeAVtkZHsdCvY7xZCpeO4ghZJEdGC4ORuHTkE9DXiJ0m4t7HUbiCKNFPiBLgtgBcx34i2krkMCflz3BIOea14NbfTPEuhy6ZHsu5NQ1DTtRiQ4VjdRyHhWyDwQMBc89MCumXurRNrSPNvf4b6LdXabXle+18YXb5WmmkvdS62TVnuvnd2bvfVI1iVU8DarG5fafE0MhOzgZuQMk4PUZyFwe4rK0LyrnWPEFsGcwXPhrWAp4IDHhQGI4zwMD+Lb1Jr0260CLUfAMXk5MkviMRSpJwzlLnlXHGSCD0+vWuCu7KPQvEmsOubWODw/es8AySCLqJWyOMqRgZxxjHHSobUvdTtpqk7OzcdVbTa6/Ivls1Ls1qu94uy6au2mj8kzpfBuqx2XhfW9AuFunvh4b06OE3C7WMBU7z83/LNcJg5xjPH3SLWsrHbTeEhJGo3w2FwHQgfvIJo0jOMDqshyPvEjpXP6rfLPrb6hCZIo5PBFsrCCNvLjWJFO+VSDwcEknqD94AVpX9xBqB8ENDL5zTabFMu0/KV+0xbiMYAXPBznH1OawvenKm7fu581nbvv1dm4u6+aNHe7klq43uk7bJq97u71ej2W9jV8YWVndeO45JUR5hpPiCWK6ETMYXEIYNuwTuycAZzzxxUnwyvbfXbHwapZZ0to9VsJVkAExMCyqCq5+4QSw+Ug5y2a1vFQuY9R0+/giRBBD4hgkL/wDLYtEMJ/tEgYCnHTjIOD5h4J1G30Z/h3qcbtayXl3rMTw48uN2cTYZh93g/d3Y7nOGGLnKald2cUmmlaz+K29m11a9UCUbJa3ktG1a0dU23on8Vv8ACvS+3cWlsnhsWU6Dy1vdaW2KKQ0W+8jAOecHJyT9c9TnT8Q2GnaRfa/Iu77TbaP4au3ZsEKscLqxU4GM7+vJIByckCrE7AeEbWeW3Ae+k1WWOVSCRIbtCD0zh16ds9uKwfH2opb6j4zhkLtKPBeiy5ADZwgIXgY7ds9u54zUVNclpNuNlJPzi7aO6vfurK9tNUSUopNSi4xaTXWzabSezsm2uvS592fsYaj4Etvjh8BtI+IOs22i+FLjUrTUtV1e7vEsINLl05pLiC5aZgFRSX3b2yAR3HNf0A/Cb47/AAWTUPjk2s/tFeI/+Ec1LxVc2nh298MXh1OO6sbX93HJHJBBITIoUog8wbiDjpx/I5Fq1pf+Ifh/Z3E0gtIPAdzeXMVuAksrm3OwgkZLgrj5R68nq33H/wAE/v8AgpJ4a/Zk+G3jD4X6x8I28fPqHjW88Q6TrN5Z6dO1tFcSMh02Q3VvLII4woKKCByxA5Jr+WPHTwgzDjSvhs6y6li8bjcJSpYOll1CdKl7alOuqlSo6tSM5XilGySV1u90fqHBHFODyvCVsvxtT2EKrjVjXUuSS5ZJxSVpxu3o207PTdXPtX9s1vhB8R/Fvh/xV8KfFnxe8Vmz8Ka/petar4o0/UbfQpJ448R26XVxti+ck5CgFepOMAfOf7Llh4j0b4q6jo2j/EA/D2fWvh3PJNqUdt9rnuoodwbTkwGAkuQfLWX2ySec53xk/wCCo7/H20uvhTonwa0nwTBJe3sr6tFJbrepJeZVo1is0hVQVGSrKSOg3Arn438cftA/EP4J+MvCHinwFf21jq994cn0SSS7tYbuPyTgTMEmRwDnocZXGQcYx0cL+GvFlDgnFcO43LPqOLr4Sth8Dh8biIYlRuk6cpypxUVHnd+SUXZ+R1YrizJXmlPHUcZLEUsPVhKtUUZX5U1zX+Ftv+7pr3vf+sn4cfsu+O9V+E3hO01D4jfEu90268L65dTWcV1FYoHntpJdyL5IZrebcOmM4OOcGvF/Av7JFr4o0D4Qm41zxI1yb7xLqmprreuXV9H9l0a8miazt4opY/sTTRRhWIweWPoK/Bq4/wCCqv7e1l4USfTfjDc6bDo1k+k2SwWECxyQzQ7RBsMQXOxivAPQckDnwnwH+3p+2vqkaTw/G/X9Ok0+O8uLVI4bcLE1/NKbvaBEMCR2ZwMAHIz8tfmdH6M3iZCVWpLFZXTjLEKsoqdanGXNCrGV1Rw1kkqt3F813FO90em/FPJUpwWJc7p+zdOjecU4tS5udxbesbNNvXrc/sO+Gn7Efww0Txf4s0TxPNcatp7+F7vxJb2z3t9b2Vrc6krBGRftKmR4UZVYuxJIJNfBP7Z/7C/w28LfDHxn8Y/C1hp9v4gh0vTlht2vJ2itrZLsxPcTb7kmZpkUlVYMFJ3YwK/nQsv2/v2xfEWuXllrPx+8eGU213Yz3cU8UTz28Gf9FTy0DCPgAAttGcYrPuf2gf2hfGvjjSPDPiz4t+Nde8M3lrZmTS9Rv5Ws54mlGY5IkIEiKQzYIIB3HnOR9Tw79HzjzKszwGYYjNsHSpYLFQxGKdOtjJyxGF5qfPQlCUIxtaLUdtbtvSx5OL8RsrxPtacKtet9YoQoqn7OEYKcElKppN2lNyTcrNrbWx9leAPCnh34leJPD2n6lZappmpaZ448J6TcaxomqPG2n2Go3NvbSTRXAkAtjIpOWJAC/K392v6S5f2Rf2cvBvijwFba1qt3q1hJ4U1S6VvFXjFbgyXlmJJFJk+1bURpQSycMwLDOWJr+NP4w674g8MXVhD4R1/UNAS/1JTqhsJ5YpJ2hw0JZ0YEPE4EkbALsYDAHU8/pN58SPG2gW93qnxP8f6nqCajqVnZNd+JdSb7LDFayXEm3N0AqMAwwvXJBGCTX6Bxn4D8QcdYnC4nC5zQwGFp0JUIp06sqjc3B8ydOcE3dWSc2lfTqzysD4hYHJ39X5aqruU6lRRlCPOpRSguaWzi2tUlrsf3A+DfBv7K/h6y8NX2rXXw0tLK81DUJL9r7WLdzDs8wI3mPdMQu3HsSeBtzjnvCPxC/ZE8F/FHVbWXxV8MNN0M6VeN9v0vWLWG0vZJ7sSQQSSLMyvNsIyeoGV6NX8OklvrJ0u2hvvF3ii6BaZXSbXdSZQVJDMq/aSOwGQM8jP909tpXhnSI/DXhaf+09ReW/W/a+a41C8l2vDOyRYJmPOACSGUjGTzzXw1L6IGYUYJYzivEVHOq1KSwifNzNOKkquIleKcdrqy3PRn4tYWvOvbC4h3pckl9ajFJOUZNx5YXvqldu+/U/pu/wCCqP7SX7OPxF+Cngb4ffCXx54Z1bxZZ+NZJ7/Q/DlzHeTrp0ELq09zJFuUR7hj5hwd2ewr8IvAPjDxj4M+Izt4G8HL421HU7JNNk0e2tvtd/c2N3cL9tOnwbH3XEEBeZCFJUoDgjmvCPB/hC107x9Y39lOXVrGd52Vi6sTGxzvJYlieXDE8c8EV7d4P/a2l/Y0+JGj/E218AH4hXl/Zz6TbaZ5sEM9l9ozFc6hZyzo6xXUUDP5TEEZ2nJ7fqGXeHNXgrhPMeGsHB5xX9jXqxpVIxwscTOuor2XuNxpRaXxJtq99FqvJjxBQzPEYXHVKk8NSU4QjVlL206SXK+Z3g+aza0s1bR6Oz/aXx98T/gz44vdQjtfCXjrRfEWqfsxP8O7y01LRry2t7LU9Ju7aZ59YeKMRRWbywsWmKIDj73zZHxR+2JKI9V/Zu1HW5PDvxGsX8FeE/CWlQeHGgvItP1WW5t3FvPBD+8uGtIVdZYptzH5lLbsge6fsO/8Fjv2X5vF3x8tPj7pOo+CZfiVoVlo/gu917SLTW7XTIDYGxubPUL0QeXama4k8+aXCo5TdycV7N8cNC/YH8VfCjwdpPwe8f8AgC++M9n4r8O6lpHijwt4ihe6sX1K4Sae6ls5p2gRLSR0WWMRqUIIyBha/JsHSzfhfMsFDH5TmuDoNxpyShUxlGnCvhmrxrwimlSlbac3ZNtJu59M62DzXD4ilhKuHqzXJOnV5lB1JRqU5SbpTatOV2mnFXWqdlp8o65+xj8IPiF8f/iH4Q8RG18KaFe6B4Yvz4reI6LLpGqal4elvjo+lae6hIpbmWMR+ZJkZJx94V+X37Sv7H7/ALPGn+F57TxTa+IYfEttq9/b2Eeokz6Lo1tdiO2F/E0hSWS7TDK8SorgE4Ar9iPjxJ8evhv43+M3gzS/Gfgj4lW1z4Q8F+KNc1zX7a3/ALVKWcENnJH4auYGBkvfs8z26xxMT8x2rxz8d/GzWfCPiAfCbxJ8c/B2ueDvh1o9l4j8NaRo1to1/ay38zW+6zv7y7uC0t3bC7C7ZfMEYVvlwDX6TwXnOYyx+BnUxqrYf2VCNSlGpzSvHCpxtRrcleNarVlFtK8UoPVdfk8/y2jOhWg6LpVOZqM3TnGOs43cqkJOkox95a2ei0vofjyk9mNQso7S1jXcIQ2DuXmQBmGM4JP3vXOcZyD93eA9CF18R/hvC8v9nf2hqOhWcd/GTE1j9plWI3hYsAnkA7hnDKV7EAjlPhNovwz/ALHvdRfTLG71Qa/erZ/aZFdotN86T7IDEcHPlBTyN+4bj1BP0b4S0PTvFPxb+EWg2kSGHXdfsdOnkDCIBGkBwGG1kCBWVGGCB8wJxg/tWYZnTw+X4/E1KU4SoYSvWu4p6RpNtPV9U7q61V+1vi8BgpSxeFoXTU61KDs1HVzgmm033u3or7Xb1/f/AE/Xf2Kf+CavivTfHPij4xeIPit8RPHelmJozqw8SPpFxNaxS3kUNjAzzae7uVRHmYgYJ47+H+Ov+Cz/AMT/AIrapdeFv2V/hC0mpQzzRw3t5p93r2q3KKfllhs4UiELsMFVbcVJGSB18A8U/sM6p8Yv23NB8KfDXw7bW2keHdI0w+NrnWLh9Ut4YE2te30KySSFpLhAFXYVKhiAxA5/o38DfsyeAPhhpWlxeDfB3hXwnqOnQJHLf6HotvHeXcqRoks8t00Tzh5XUvgvtHOD3H8r554q1qWFoVsHh62OxWJwlOtKmpqhSw0dIwjUlD2klJpNxgul21E/XsNw7hcLX9hWlSo04VZQvNc1Waun7Rc3uqPNdaqzW10fzM+M/DX/AAVP/a81OOfxRc+N/APhy1lMGoWPiLVT4Z06VpgBEUtImgnFvIWA8tnwoGOnzD88vjT+x/8AET4K+PLjwd8R9VHi7X7maxnso/Dd+2qTPPqEnFuF3SzOV5zJuwAxZuTmv7QfizBp3hHwn448W+MpLzU9H0nw9qWpXO+5bMT29u7xSkoVClZdpAPVvlHPNfzF+Bv2gPCugXvxJ+J3jLwsnxH+Ieq3i3vw5utQSeS00KCK6mW2ilJfa2IRGoGOwIOTXkcJcecX5vPHYqeDpVMNh3To0sFhoNVauIryiqaniKtS8KdOMZTqyataKSTbOvOMlyWnSoL6xV55rmlWqS/dxjGKXu0oJK8m1yJRd3o9rP8AP7xt4A0v4YQa7peu294up3dpCLKyt7+KS8t7hkR5BqAALowGS0JCleQScFj5R4ZvDdalZkK2D8q/MApwmzcVHVv4T0GeRnAx6T8X73UfG+veKfHmswR22ra7JNql7bWrP9ktJZxtNvbRljsVFBBOcYBx9015f4NtDv02WNgxeclyTxkgAAtnGCevQYzk5Nf0bkEqqwtGpiJc2Iqqn7VJtwjKSTlCH92Ldk762bW9z8tzBU5YicaS5aFJOMNLOUU4rmkklZu2zvpdevreqyhNOdyMJBJFM3PXbIQ2TjGCOc9wM8Vb/ZW8dW/wV/a9+H/xGVjBY6d4y0JryaOQrEul6tPFBfNJyAEKFt4PGeo7Vk+K5jDol8g+YJbMzcjjBGOQoXb1xgnGcdOnkGvwTSaTb+ILcukYgs0nePICyRyBo2aRSNr7lG09iRkY6fpUpQhh6cZtXqr2ctlq4xaWut7XVtN97beNQpSlOco6ulLn03Sja712VnpfWy3P9Da4u7W7ljvrFo3s9VtrXWNPkRgyPaahCl5buhBAZTFIOQMHtt6CuhGMZBZjk5PAA6gY6j15yCR26/F//BPf45Q/tAfshfCzxXNKsniPwlYL4J8VRvKGnS50qNEsZJcncC9okRGQAQD0r7Qjw2SV2qCNoyMEHjPtyMAdD15zgeFB8t4ttuErSte+ltNPR7q9n00PWvzKEml7yTer1TUW9b2va99dVtfSwDyQVxk5644+XHrwc8Eknp6in5wFIHTIPpzgEAgHqCGPTkDuM07ap4GBz1z3A6c9eSMjpyT0p+B8vBxuxjjBIAxyP4cjv3/AVUXZJLTz9IxT621tt5b3aIktNkrNX+6Ot1aKSeuuu+reozgBuHKnpwCA2QTk4PJxlhx0OKickZCgYfk4GcDHOOCMjpzgAjJ44MjAsSAeAN4287efXIzjPJ5APBwMgKR0bcPlYEEehByOOuOh9Se5PEpq+qvdrdX0tFWafy09NhOMdFZ2UVtrp9puzs9e9l8lrWxzjblugUjHyqTnuSOgyDyCRk5wKUrghjgkEkc4wCOAT0OewzwO4yBVjgEnBB3EZLHAyeWIAHJzyM8jkdeGtkb8jAwCMn0PYnHXJPYHkD0reEntp328lurWtovnsrWZN1zddn0v/L183r83/KQhduT3IJXgHnrg9efX1JGcnomARuPZDggg/MSM9M4yCwboRxwelSEg+Yx6gA7SRjpyOOhHcHrzjB4EDP8ANnDMOpBOcYz1PHH3cZHIZcHHWrvWzWqW7vdK3Tp02v3Fe9rfPR6O601W9r/8AQgvnIJO3I7HgngdiCFGCPbkA1Eyrn5iOmepxydoxgdOowRz3BNSkA5BXoDkH1JIwRyBj0wO4BqUBR8pGVU4yQAFx1zjAOcehGSMetOMmklzXtduytZNpPve/wDwy0ZDVnrrfZpNJWSVtO77a2XfUqgYbByAcAA/L2xxxgHHQkZyRnAp491bIyBg5/ugE4GOcjgnr0Pympio4ICkgs/+0R3xz0IJ5OO3IIpMDGW2nkk7j146Fh2z19ueDxRfTpZ7aNP7N097pX67vfXfRJXSVrd320d9le2r00b6MiI5Ck8ZwR024x2PQZ4IBPOMHHJTLEAHcQcjJ4AUd+evryQOOvQGVggGSCzDgAEbTkjDf8BPGd3OeoINOAQKCcbtpyCcHODj8/bGM9D2ptK1ra2lu7K9unS1n30l3StTcoPd8yt0vqkt1to1pe1ttCJd7EFQwIGScZJbnGPQ8cH8SMZpCpyWBPXo3y/N324LDPqMevHcyhxnOWGdoIHGQmOuTxzg5JwefQEtJ6nnkljnp7/8BAGO3GelLm7Sej0u3vo9bXa8tF6uxdOUZWUm922rtJtuNtErLdu6tq1rsQHJyOecDJwC3rt7gD5Rz0zxjApjZQlgB2yFwQQOMk8kjt1/pichcqMAHrkt3Pc89M9R/kIAOcgEbTgDODjkBsYJJAOD16dQQKqN9Vpu09XsraJ9te3q7kNWtfunqml8ttVe+tuqvrcrKgIIxuyGyvBBwDzuCkADuehJGAelIERTuBCk84GTwMHg9cZHfvj2xaVRtBPylTgsxyDlsZPP5At3PpQdqgDI3EEEZ6nAx1bAAAOcE7eWOeTVJro/Wyv2u9db28977u5F02lpffe3Zbed9u3UqOilSRyFGSRwMEcYyc54z2O7jvtqsQclsEjZtGefpkjqAMnpkHjNXSVycghtuASepHRjnnAB6/MTu4wOldjtIAPykHp3wN3I9AdvHcg9+gpN76WaSs1dbPW/m3trt1QWbbenLo3a+trLq317P1Vimz4Ygj7y9iCOzcnHGBznOB8wPBqPczEHJXJJwRnAwQASM8HJ47gn0qw6gY+XqSOcHAwox1yfmBLegHPFIiKoXcOVzuAPPIJ98Y6DuOpw2M2nfl6ba33vy2sm7PbvbZXI130tvbTT4fL1v3drJx0IwvyjIOQwAZcFeOh9wpGBgn1xg4p5jYvnPyjA+UE4PqT2BGf4hgcdOBOMLggE/wAR9CDjHcEAenQ9wOaGUcZbPYEY5AU474HTkdQRyeTilLley01v2tyu9rtXt+Mrt2sHLe6WrWuja1Wj006W7LRJJ2ZAy5IBABB2nnkgDqOuenY4H54iK7zzkA85PIJyMDtkgcLwT+tWivKg5BxkYKjOSTwBk4PPzHgc98UKmWHCtgFcnAwQORwOgwcnueh6U1Pbo7pu1+jj1tbz16K1uqn2burtaq+vXRaWsvn1va10rKngEbuQA3DDqTyo5HP55wfwNRNkK2FIbCjGCeh+Y+3Tk9cn8tPYu35gAOVBJ4Y8YB9sZ543cHrxVcoMZKgkk5Y/KcHpkE8gcH5cE5B6HiudWXXu09E7R+Sv321+7OUWm3FJLR3u7xs467XtbVSdt9djOZctkYKtgncQCoA7YCkgnGO4PemlSSobjIxk8DHbIxntw305HGbjgZyAMnauM4OW+nUEH14yR1xTGCDLBRgEqdxPHXJHTIPXPGB9afNfW6slZ99k1e6VtPw33I1vurq7d16JLVJK/fd33RSKHGCSct6dSSQQB2IxyOhzkA5OGcjJGTtPB659cgdM9eM7fxqy/A+QY2sCF78ep/u4xyP/AKxjGSMcYJJJwAD7YxngcEc9cdeusWno0r6a2eisrXvs3daLr2d0YShJJtO+kdWtW3p531t00WqelyAh1J4JzkYBwOcEDPIPTt7+vCHkqCDt2sOvHU88YwDx1P48VYwCgyTyflOQQPZTjPXPPcfSmbQe4zuI9BjuBz7g9ifmUH10T0tpuub1Vra3vdP5+fbJ2XRtaWuk29I7+bb9GlpsV246AnsenLc4wdvB/Mnk57VA6E5XOcFR/eOePujGM9jnK/TJzcIIU8Meh42ng9OpGAPbn23YqIrgE4BdWzkcdeox6YJJ69gSTyKUmrJbvRbafAl+VtPXYXK73Vlpf3lu9PLS+/TXVdysqBsZwQcgjGMqMjIHXnkdTzz0JoaMAnqwyqEkchRn64Jz25wAOMkCU53Z2gfKxyCB1GemeB146Hb24AflRuwdowGUYAPfnaeqhs4YcdfStHeemjTe17NW5VeycXa91526JanK3pJ6O19kndLTZ7bPRrTRMg2kKTxnPHTkY9T0AAJIPQdV5qNl2AEHcQAATx33N9DnqfqB7Tk4GBlQRwc9cEfKMdRkc4Hpg55ph3ElShwwKkg44BP1GOowSDk+xAhPV81nezST2aaata/X3mnvr5IFGOmt9UtX3tt0enTrovSIFclgQdh6DjcGxnAxtOTnHPOOozyoYEhWGee/HBB54GMA89c5OOgxTgFPylcBuin/AGcE89/p9RkDJMm0sPlVdxBHYjG44A7ke/HTnBGaalyuUXdq13ZLVtr79bab62Qcr3TSd72ael7X1vrfXorbd0VypypOcDqAT36ZOec4ByMgdRgdEYE7gCwA4AGCS3UH13DPJHOCxweCLRC4wD0wAc4Ax6n3+6DtJHXAAwWlVG3CjkFjhux6bjjA7fNzuPoDmnFt2tq/d02SbS0221vr220uS+l3/Vo97a+XZ3epnlccqFB45HB64Yk56jrg89Tkd0CD5cYIO7JIPTkYPIGBzwMMcgAHJBtOFzjaACSSM84IJGDgBgM+o9CaYQMYAyeMEHI7cY6gDseg4zxnNN2Sk7L4dd76p2ulrr205tE7oS31VrW166cv5Ly87dSuQylRtypJzyPlAyFPHPIxgdcYGTxSnhfunB+9g9PTrlvpjp3qbAwdw+UYBJPGRz3xknHTNRHPKnPJ6k9AM4GccjjJB5HY4wKSbai2k7JW2StZW27vTS3d2FJWate2m1ttLdOvdK+rv0biYYKn7xIyBjGDxx6HjBJPr70gJ4BBO4nHIwAM9+mDkYOCRnkdaczNjAHHTt06fKw9DtyTnkZzzTQR8qkklSBlicfNkDn+ansQ27jm4VLLZu7ScrrstGnv2VurvpYaSt9y0u7PRXvo3d30W66q10jEgcAjkHsVAHOTzyF7Y2nrjOeIm3DDbSOpI3cknPp3ycYyQMqDnpU5wAeDxxx94Z9h644Hvz7Rnll2gYIyQT2GBx6nnnqRgdOK0u7Xcrt2tstE0vvt3033Gt1bTTVdrtap73d0t9PxKo35VjnPzsDklueOePmznHG0sSOfV+dwXaDght2R/dGSRxkADoPXr2pQFOCMcEnv1PYcYOOcMMZB7EAUvBJBxnGMnAAJ46HvxyDg84607u1972+7RWu3ZPsk/wBTPl1ldp3SWiVndLdpJ95L1e+loyAeBkYJAz3z/MjjGASeOMEiogMFuOoJ6HB29cEjuCDjPrnkVZbaTkNyTuzk9OTxljxwfUndzxwWlVz2OOAN3C5x1weDznnntjirS1WyT6+aStu1/krdkVGKtey5lb3trPRbN6baPp0d7sqbS4we/GBjAJyG64ycjn7ueBwBUTLt6ckjryDuAzycevQdRj1zm6dmcEkjcSGJJBIHPAxjBOTzzggZzkxNhs5Ukjj7wGAcjPCgAnGT1yCOBwa0U2r7aWUb66Wjr5O1n3SemmizcXfdP4WnurLld0tk3Z6K3S9m2zOZ3KrjgnOQV4CjPzEnGOmc4HJIJyDkO4gHcFKq7ZUjG4bhz+eRnnuM8VaZVJPQhRwcg4OSM8456dccc8c1CyAMckHjAOTg5OOnHvgnB5PTjEqT16rRtNpbWW71etuvROw3FaWvs7tOzuuW2m2ttOyVrtaKsQ3384AGQCMjgn5sA8ZAxk8kj7tPLMRjJQ7cndgFtxAIBP3Rgk8bsdenWQYHVyCQQBnA4UkclehG3nAGO/PCDbgdNxIByBgHOBnPbG3jnJ465o5rbK2i1bbtJcquvx8rXvokhwUY6au2+rbs+/rptbXZ6IhzheMZAJOOhU54IIxg88c5456moV5JJCZBLNjqQCduBnoSQQTyDxwSKukIu44U4GDjCnrnOMkk/TqBxg5quAoYnBA4A6g9B69A3TvknqehcXJvmb23S+Jba2Xna7v33vro2rK0ba7t217XSffRtpXS9Dv/AAFk3esnGCPDesjBAzg2E2MjkZ6+/OegAP8ADj8URK/xv1AyxjZ/bXxCKZA+YDxHc7sj0GOOepOeME/3MfD5VN7qoxtDaBqyjI5ANlMASGyAcMexGB64Y/w4/GBUHxs1hYyxMWt/EXOSwAx4kuSAMHgfeJ6cAZHTHh1b/Xq0rvlhSSvtdu7Tdkrvfzv8rdimlRprpOotFrtyXWt3a93e9+h7Npp8zwl4+Ei5DfC28IPJCsAMDkdT6EjnknIO78lI7fxw+i6za6RpNncQz2K3EWq6sw22gjDbhZxswV3B5GRhRnJ9P198NTofB/xBimhV1T4XuEZecGQKOQDkLxwMY64PSvzKeZVQaE9/PDO9u0gUA7IIFt5CyqOuW6jPTAGM5r1csvKhUm9FGbdTfbRxVuvVpfJ21ODMHFVqatGTcbQvH4XZN3bt0W6fru2vnbRb630u7calfK1/ewfZ9Q1O4HmtFvIWWPT7QHK91BXAB6AZFW9QOlaO9zb+H7B7Pz1Lvq94El1a8XqdmRi3jbAwm0OOPmBOK5DSdHtVvxLmW6J1a5M0su5mRFkOxQz4wDgtwAoAwTjdWl4s8SaHp17P9qvEknZUSKztMzSHCjEbspIQPtGScAE4zg19fhI0oezqV5qNKMIuClLa6jJuUUlzO7bSd1pte1/isyqVZQlTpQdSpzJSaSbcpPl0itNFZa+7d9LWevp2nyyRxXJRiXlt0djySjTIZHmmJyOAWYltuM9uK++7v40eG/B3h7TtM0RY9a1S00+CC4keVLTQ9NZEABub52KSuMNuiXuCpABGfyx1D4ugWqWMemq0QdFh0+2cmaVwQFe6ZOQvfYDyexxk+ueEPgp8Y/jQ1kbxJ9B8PSKjW0U4eKJLdsMJRbpseZ2HR5C/PPIzVTzWrVqTpZXSc5KFvacqTdrK6VtLK71Vl66nn08voxiqmY1IJLlkqbltKSjZPlWtktk0lfr13Piv8e5NemtUu9Tl8SyreqbPRdKMlpoULkkBXdD512VOBuRlEp24B6VR8NfBn4z/ABnliSWzm0Hw5IylVlibTrGONip3CAhJrshD95mfcD1yxFfXlj+yp4S+FugaBfy266zrl34k0q2m1DUFEhRXcF0ihb5EQkcZXOByc1+iukeHrO1igCQoip5QVVURxooiAAVAoAAPb/AVw4fLcVjq9b69UnaCpylBN3ndXSc73irq1rW0XVabYrN8PgqND6lSi3V54xm42jB03BNxj0b5lZvXS7fQ/PP4efsVeBPDemavdeIYJPEuq2Wn3Mqm5TbYQzRx5V4osAbd3ZmOBjdn5s/VHwn8G6Z4e8H6GNM022h8yy5S2jSJA5lcBzhVDNgDJ54HcYr2y9skg0vxa6r839g3eNgwp/d5yTjnOODzz3xUXwqtY5vh94Zd0JaWyAJwCR++l2nkdzng/ngZHrYTL8PQxUYUaUI8tGXM0rtu8d27tt92+z7nlYrNauJwcpVJNz9tBWV7L3Oiula6bv1a13uQ2mkXDzQLclcBojsZgNoU5CkKBuZgR69R748d+FVtGPEPxUhK7FXx7euBg4K+VGNv3QBzngEDPORzj6i1iXTtEt477V7yz060i2sJ7uYJvZScDOcsT0HynkbRnJI+LfAnji2i8R/EoeGdPuNevNQ8ZXl1bzSK0GmQxsieXNJNIMOhIJChskDA6it8bVw9Grh4upHmjzNwTvJ6RtotUrX3S1truYZdTxWKhipKnPkapRU5RajZzi37zsrWb7Ppvdn1NcrBBp8sk7xWkEa7nmuHWKNQCpYuz4yAB2zjbnk9fkq58WWUfxo1zUfDtrJ4huToNjZxTKfs+ko7SNvLXTDypVUYIUfMcHnPFaXjHU44YBrfxH8URCyjlLLpS3JstFtQpPy7AyvO6fMCSSpOMDnFfDHib9oefVfiRrelfCfSJ/Ek76fbWGnGGH7Pplu0TMPtDgKPNQEjbIc5POcYrwa+cRhWi4SUOWUYxgo+0rPp7sEny6LTqnqz6HC5NenJSg581O0pSvGkk+XTnutEr38lZX1v92eLPEehabCdb+IHiCyhihfzrfT0lW10qB0GQjRlvNu5QTwdxUtuBXkivzo0r4reEo9d8YatHc3VxJrGvXs8IsbV2iS3CbFDBQwUOgDDJycDceOfVPD/AOzx4m8c3i+Lfjr4pu73ys3Fv4XsZWis4V2lkhkAYRsqjkj73VSc8VwWnabougz6tb6JpVtHaR6ndJFAYU3lELIpLyAsVAAPPVe/Ar6Phepj8wzKvKi44Zqj7k8TB1ZvmcY35bqzs7200000v8P4gyyzJ8lw866nioPFU17LCzhSXNFJpObjJys9W7W1erPsD/gnJ4E+CX7QH7R/hrwJ8W5ta0L4e+J7i7j8Q+IZdTTQoNIMKGW0juby6XyYjdS/u4yAcjjnFfqx/wAFYf2Vf2Av2dPg/wCFtZ/Z4+KQ8T+OF1SfRtZ8I6R4htvEF1fWjwHy7u5W0Aa3FszB3lLYkwR3NfglY+LrzQi629gkUMvls6wutuZChyu54djHYQCvQKT8o61cv/Gd1eKJZbaDexMvmTzNPK5YYKF5XZsNkg/NycEnaMD6yrwhmNTGUsc86rU40qc41MJQouFKu2nzOcW5Jppro2lFcrWrPzSh4hZVSy+pgYZBTqzqVaXLWrVZVKlJKULWnyRtbfR233ei80+EzeHNN066/tDS/FU88mqXd1bT2LyxwFfOJCyshXcwX5DyFYjnsB+63wn/AOC0Hin4LfAS2+Bngz4NDT2s9OurTTfGBNw01k8sLIbx4GcmS7MreYGOVzglQBgfiP4c8QXMdrsiawgha5uHNqSU2MWJ4IxgHrwM849SNtPFMrJLay3Vhh2bzBzu2dc9ckAcAggnrznJyp8G4PMsvwlPGJV6dOarJN8iU07LmUWrpxdmn810XXPxAzDLc1xywcHh5Tj7Dm96d04waS5lZXvZSWztZ3OE+NPxd8b/ABb1LxTr3jObxHqd7qs9xPdanfyyXdzcPLM0mxQ5PkwJnCxrtAUFe2K+l/2DfhZ+zr4z8UC2/aU+Pfib4O+DToouLZtGsLm4v9RmEnzWhuI2EGnxvHuO6VW3N82MBifmnW9V0+O1vPLltipt5d8ahm8yTBYZDZJAJB4Ktzz1AqppmvQjSIUV4Y5mtlyFt/NEiNjKhirYVchcD5e7Zwa9HMMjoyprAUcbVwsZYTkpVcPyRnRScUuT7HS3K1p0V9V5uA4oxNKlPMK+XUcXL683WpYiU5xxDlGM3zttavW2q2s21ofeH7c3hn4ReC/ihoGhfsQ/EjxD42+GK+HITrPiHxrOkl1LrTEF1sWKpm3xu3AqTkcZ6D4G8T6D8Qb3QdYbXPEOkSQC1aWSARyO0wT5ioYS7QS2M445PAzWo+q2hghLDUJJFAwkUcoj6nKqiBFwThsjHTozEZk1fVLZtIvxFpd/KzWhU745Nihm5LEgomD06DcQSMmtMNklHB5XOlPHYrE1KNCSlVrVeaVSSjzXmoWUuqdtrHDV4gxGOzijXp5ZgsHTq4mk40qVGMo0k5QjaEm5NNXVm9dLFfwrrfxYTw9pa2/xDGnabbWUcFlZ28ckMtpbyA5QSI6sUyMEMeeT2xSm58fmR/P+KWpBVJKxou0KSCTtDAnOf4sgnGS2DRoqStZ2Ii0a7aM2qBjhgAUGSrqRjHAHOCCfxrXW2vZmJXRJgkbFWDOiggkAcEfdHTHptB4ruwtGnKhQU5zadGnr7SopP3YvVp83Lpaz0WlvLz8fVrrFYjko0Ix+sVUrUKSTbl8V3F32v5vrdo8o8eadrt3p1s2qePvEOrg6jbhYppC8MbsSDIoAChueCRxg/KTmsJfBdohkSXWdauvMwW3XL4bIBI68/NjGOnTOQa9a8VW1+bCAPoyxQjUbZV3yxDc2cD58AHg4OCRjnk8DfhsZfMZnsbaJFKKpF3akjIHDbiDtB5LAEc9z0zVHDwxVZOaUHClK86lRK+t73ldvylrroraHdHG5kstw1oTdR1aycYUIXSj7O1oxgkrXsnrzN73WvhEPgrRvMYS/2jMCGUE3MrdNoPAIyPXHQ9zXpfwt0bwF4f8AiR4JvNc0u3n0eHV7K41ePVIJpormygu4pbm38pyN4lhD7wOW6cV1u145ZWY2kCAPsH2u04Uclj8pJweCeD7k5NYV1eWUXiPw81zdWDoomeQTXNvsVgF+UbRwo7kjGSehwAsywmW1MBVhLEUKftkqbknFTSlKMee7lo0ne6WmlluPJ8fnkcwpVXhMXWVHnqRVSlP2cnCPNFSSWvM0lZbv0P6fv2zf25f+Ca2r/sdeL/hf8Cvhf4Xf4keKfCNhpelvp3gSLT/7G1ZbaGO51NNWePzFkt5ldihfLsxPOa/lPtbW78mOMtaKkahJCYV8yV0CklhgkEHIBPX1IGB61qnibw+8DRyT6fIodnMUd5boqjkMvy/Nk/LuBOCNuOuTkHxX4NggjZYrCEkEFpbyIDPIBBJOOfx+vQ/O8NZTkXC1LEUqOaxxKrVFVnPE4iNSavypRSSukkklZaPVu2i+i4kzPiniqph5yyWrg/q9JQjHDYepTg02mm7RTu+9+3c5rQbBJfGIvJ4Y7vyNKixC48pAxGCACAAQOQ3GOe7An323uLdEXy/D2kiQoC0jNl2I5zknGVJ4yM+hAzXz+fF/hC08R3t/PqWmLaS6fAkSx38WXZd29MqSoIz0JBJJwAoroB8U/hvHFEZruELkFzHqSjhe+G69z1bklR6V6rx3DteNWOKrYRydaTtJxakrxs2nFyvezV7p9raHHLKeMqdSh9UoY+MHhaEG4uaSkopTTbtrey3vezep6+07v5jPpujwjIyWijkK9ccN7ZwOhJz9OG8OWNnd3niiZ4beVm1bykd7ZGKrsUsqEqflBHC4HJI4I4yP+Fs/CBBEBJHOzncT/aS4XHcruAY+gJ556ZOOK0r4x/DTTb3XBcS60IrjUTPapY4ETRBQu5WOQWB4JA5GGGCMVl/bPDmFr4WVGWFVKnKpzOmo3bcbXajFJp/N7dHp20OGeL61LFqv9Zc6sKXIqlSV21Vg52cpOzsttXr2tf3B9KijAWK2t8FsArbRqxAAAJz3OD8xJxweMkUybTQsTAIYiFYMAqHcdp4+UDsT06Z4xXk1x8dvhi4Qxp4jDDORLfwxMVHAG04xxjDDHHXJxWZefHTwAyFIbHW2BDkMdVgB5XGSFBJHB6555J25r0VxfkKg4xd7JtO0Vppo/wANvSVmmjm/1H4hnJOU+TWN4ud1q47JXXXfXXR22O08AW0b6bqKvHv3azcZYDABBZcEhhgEHBOcA46jr3UtqMqEURruwS06jOMA9WAABJA3DpnnivljQ/jB4L0aC4t5NN12eR76W5McepRKn70lh/B8zAMMkMBjcAoKgDVuvj14OdlaDwhfzsB8xm1J2LFsYLKg+Ybsc+uQCQSBOE47yjD0IU5Qc5RTukkvtrsm3fRaJ27rRqsy8Oc6xmKnWjWjTjLkSUnZ8qjGL05tFe++ttN7X9/1WCMWmos8iuTZzhEM6kkbD91dwBAPTjIJ5AFXfBkcZ0CxjV0Cx2zbsTR4LMxwZCzDk88jIzkEjJx8qan8bdPuobqOz8E28Tz20kKSvcXMkse9CpkBD9VJyDyFxkDgYq6T8Xp7HTbGC38Fve/Z4irzNLchLp26uVQ8hSeASSSAOa4qvH2CljoVYYWTgqE4JcknzTc4PW0Nkr2dut97HRT8Nscsunh5YyMZzxUKspOcbKMYOLs3JWbdtL/LofbRWGHG+eAKxC/PdLt467h/ECeAcHnGOCTU93Jp0On3wW7soyNOuQ4WcMQPLJ3Y3d8DPPUjIzyPiOT4s+JJS32b4fqys24Kbe+lKt/wJzuAHT14yehZq/Ej4hXInEfgZrdTBIjTLp11mOIBgSS7EFRwTnPbOM8FfjynOm4Qy6b5ouPNGnUaV1HXWEVp2XTT1WD8M6tGpCpVzSinGpFqPtaa0TTt8bvfayfo07H2j4Fn0+30DT4TdAOBJPmKVlVgScAjB5bgkjPOADnp2sWqQ+f5WyJgSrxyPM7ZPGMgrgHsAVXPcjHPwDY+PfjaLG1i0bRbp7FFIhkgsEC4zh1DsmSAeGGR6ZzT5PEv7Q97KFFhq0ZyCD5MSep3AiIA8gkYzwDg45HnT4p9ph4QeUY6vHkim40JOMmoxWl72T6adrM9hcJRo4qpVjnGApy53JXqq8XzXSk20k9dO3pt+gnibU7t9D1IEQmFbNgyQ7nX5yFJJyMHHY+noDXPaTaE6bpxaGGSMWcciE3AjI3cnK7iSeh3dTzwSMV8M30P7Q11Y3ctxcanFaCItdo9xFEojAOCQEUkYb6k+3SpZ+CvjfewQS/2lcJDLAjRFtWEY8s/cAAIAUDGB8xIIxyCK4aOdVvrsatHh3G/wlBQ9hbRyi+Z6aLS26tborX7K/D+HqYFQrcR4SC9upuoqnMn7qbgnzXbs72bd1offTPBBdNi1jBEeCVvEACkepbgE9iDkEdTxXmfxIvbB9FghZJgZNStVIE4KcPuCqckg8YGMYzg4GQPlRPhf8YJ5m8/XoYgQRuk1SViD3JIlxkZ4BJIORngisPXvhN4/tra3k1HxXD5b3sUAjjup5GDzMAspBkYEp3O0Y5AIOM9uNznNZYWpBcO4mnFq6lNQSSvFtWVrLTR2016I8zAcPZNDG0Zy4mw1SXO+WnDXmfupx6trsltZt3Pt9de0q3ih2WiM0cEaSNJcQglginO4vwuTnrjqcdM87f6xpVw5mdNHiG4AGXUYEwAOOpYAdM5PAOD/FXzK/7N3ilw73XxIyHRCGEtySQyg7eZQQybgADwcYx13NT9mQOIje/Ea6k8z7yK87EHnOAZB0weoYE55FaU804hqQjOlkPI1FWdStTp6Wim993ZW9TOpkvCik6dfiL2l5OTUKMm7tx0vZ6dN97X2PY9e8ReHY5NHln1jR7WO11iF5VtNQgkxEAd0jhScqAQp9e57G1ffE34egyxxeLrXeJThhcoUC9yoGdw2/dGfm45rwuf9m7wlbzabDP421G7Oo6mllNGodPKD9JNpIBwDxk9cMeDXF/HL4F+EfhtpuiS6JrGpahfapcXCyrckMiRxDiWLHqctwxwTkcnB4aua8T4SFfEPLqFO8oupzVVJxTUbL3XbtZ67XtZnoYbI+C8VWwWDnmWKrSkqkaPLDkUknFyTk7uLTTb0212PoS5+M3w0sUeKXxbJcSxh98dtCHL7Q20ZXAUEkjPzcAjAHI8D8YfHiw8QlrONp7HS7W5jmglWQvcTlXJUtGMGNflyBjOCMt2HlHh/wAH+DrqwW71e7lmuyzq6iVIxGqg4D/dJ3ADocjgnPChJtA8BAQi0Tzne4Ebr524mMkgsSACD8vC4J4+UA5FeFjeIOIMUoxlKjQi7S5YNtvWNruTbWt9m1otHY+uy/hbhHBT9rSo4ivUjf3ptysklrLVJaddbO+9rHtulfHbQbS3ButTvLobQARatlcr8u0gc84I65JyABjEtx8fPDheNoptXukIxsEXl7cHIwWU7eMDAPOM/Tirfwt4MjYQvp0bptD/AHiOGUYBUk91zwBjHYVeg0LwZHIiR6VAAMk4Yux5PAVTu3Dg9AcEcZpwxXELipSx6VlFaK9vhXzsu6fczqYTg9VHTWVyu37zUmpN3i2203fW/fTZ230bn41+Hrm4juU0jVZJ7eNkDtLtI8wk9MEANnp2HDZwMTf8Lr00lETwxLMo5Iac7izdSMA9ecN948ZHSuW1qz8PQxQtZaeke26BdghGFOMryoA7k5H3sggNgjc0DVNBe7jik06PcjhWbyVZWAGV2gjhR0yoyOQc8Y4/b5vUqS9pj4ppXc1CMrq8bJrRbWun1Wmjueh9R4epYenUhljnTcrQg5y5Vs3qnfayd777vRrcf47MsYFr4NkkRQqyRmRjuAzjtyccEEkjocjp0uh/tG6xp32o6T4GtzNKQJre4VpsAKCrKpAYDjkDGDz6Ct2O10vyxJDp8Sh0VgyWwyCecEspz74LEDAz3FDTlsdN8Q6lcXVixDWqFRHCoC9CQAARlskZC5AyDzRGpmXPTbzSacpxXu04x5WlH3la2ne+jS6KzMFPJakcQ4ZLRapU+azlJqVnFJarro3vHzd0ineftDfEOe1lWHwdpNilwzEzG0Ax1+4WJwQM98g5yMZNcbB4y8fxLezaf4W02KXUo3kuLtbUNLKjgl3JO7a2eAQVI6AV0niDU4dWRIks5YLaCWZt0gVNzeWdi8DPPHPPOMEjivR/DeltcabZSKsjb7RV3Aj7owNpGMFQG+Xb26HqK6ngsViJSVXH1p2SvJJK+y03snfV+TWhhDOMsy/D06kcpoUeeTglG70Shsm9U+jfbqtTwvRvGXj3TpTLb29s8jwNDN55ZCiMTujRoSjbA/RCT05zkqepS5+IWuNFcG00aRigAWTczICMgMNxxgjJ4zwOO59isvBWmKZHaBJGlJL7zyp3ndkZ4Axkjj0GBmuU8WaRceFpBqNvvgt7jIKiXAjQAqODnIII4xk4+pPJjMo+qYd4jEYys6UEpTUKktEmtXZdNLqzSd9md+W8RUcwxdPCYfBYeFWpbkTppq6s1d8qTenVvW190cJc6L4vinSW4GiwmUAkou9dxOB/EQOMDAGBjHOTQ+heKFIuRqGlgIjuzCNcqqjLZ29Gznpj0JAINYk/iuxNuY72a6kmSYFMnOE3ZJ3bvu46MF4GO3J1k8Qtc2y21rCrLcQzJISxdzG+Ow6uw49cHsea+YrYvJ5RvGvWqScbqPtJvlbSWui5fTVpa2sfXKhm6mr0KFKLcXJqNO6Xu3elkmtF30s9UQv4d8TS21pqMGsWJW9dljiSIMwYAlt3U/NgDBGSoGOTzx81p4vgurhGuBtgYySxSRbFkUd1Y4JCnAA7jGPU9RpWq6o0MFjah0tbXzAVZBvDCTO5XO4qVZdxPBz7mvqbwX8M9N8TWq6hqVwbl5bWMBMbUOflZXbgEjPzchh0wME15EK9GrOXIqklZJw55crdlvqrq7TSae1tFv6OJqVMHQpzqSpq8km0ormWnutNpXbV9EtLpdD4Qa6mt5LqXWReafcF98V/ZbwoB3bWKggleDjadpznruNdHp/xH1+0iggEkXiLS1wvnK228hi6Hcm7duZRyepyTuOefc/ih4N0zStc1fSI41S0js4xGECuRkMBgNyNucZB5zjqa+T7nwNJBeA6ZfXEB8+TyirHbIAc7SoxjHA2j5cZ6gCvfw1LH4ahQrUJTtOzceZ6fC7cr916qyXk9UeLWxGXZhzU8RCndKNpSSV0+VXUlaUbXdmm0rWXZfRfh7xZ4Y1e2mto7pbW8GYls7rbHIXk/uFgA2M5wSPTJOK5HXPBena7qElm0EW8AMbiNURlkYHc+8LhmwAvJO454xkDxK9h1GznjOs2bbIXKf2hbHy7jCcbyy4DMoGcHnPX363QfF2r6YGuNMvE1u1yTNb3mVu0VeAFLctgkqDyevBPA9OnmkMSvZY/D6rRzUOum6d+9nZ2vrotvOeUTw/7/LsRK2nLCUrxaVvhntu9pJaaO5ci8C+J/CCzav4dvbh4452/drIwYJDnJZPuujEAY6jIJGMk7Fh8XLwz/YvFdmZfMCwvcwxsJItp2kupyzEAZJXPfG4Yz2uh+P8ARdW0u4svO+xalOSstteLt2tIeREzYVgO/U7fTkis3gSx1i8ullCFHTfazhcAyMPmYPzv5HHJAKgnPJPXhqG08DW0dnKDd4pq2mrvGzsrW28rtctfGJJUs0wslLS1XltNNcqupLfRp729bWXU2Gr6FrNqs2lXUNxNFGSsRZUlJ4CxMjA7jnptG7JyCQAK1NQtBeWWh2zW5h3XBjd02goWfktgAggjJwFBJzwteL6t8JfEOiIdW0W5d5baTc5gkKOoADZdQQrLxkqQw/2ccV0Gh/EfWdAe1tfGmmtNbQyxPBfRxktvJwzNwN/YsAecfU1vCtOmnDEUXT5mvfS5oSd4/OK16dOr3XLPD0q/v4KsqjTvKndRq6KMVFb3e22rt2PctM8JWsF3fRM3mutuxaeMkNHiMFSMnDZI5HUAYOOKzYINUtrWGCZTLYzQXHlznAkxGx4fg9CvC5PrgV00esaV4lVNR8PapbJFdxOtxFEVE6ZiAG+NiGU7h1/h5PGch6aeIPD0UlxePKyfakXJ4DfN6fwMMBvcFjy3zepTa56EklaVSCvGStb3Xpqmmlq76N6PseS/aRhWhVjO8YtWqW91qGtm1zWuttu/Vn7+f8EA8HxX+0CVHXwXZEj3EzDluM8AcHk5yc5K1+298pM0pGR8zNyPugMcgDI6FR9OQSOBX4r/APBAEr/wlH7QQIAI8E2PHOOZ25+bAAyTyD0GCSeB+2d+uJnKrgF2ycjbgknkZ6ZPPfkk+o3zipF5rWlC9o4XCL/t5U4X0XS+rVrb27nqcPRlLJ6PM1FuviW15OqmtW77JprTS9tLGJ03Y2j5hgD5sjC4B27flGcgnJByMDBNOAGAxwA2ScjjjOAeGJXggj6HggGpQibwCu3IIyMdeOfUH04yeOopu1QCSeOQoxj+IncD/td/lHHQ8E1yRlzcu0ndJRtpoo6We672f3dfTcHFptrTs03ql11e2t/NbkRTKhkBJznp8xVSOp5+XHPU7eB6EMIAJYjBOAQBgEHA4zjAB4OMDgngcGUEJtYMTkOuFGcAZyMYP1HTqc96QNnBYYIXAJ+bKjjgDAGOBk8HoexrojZJJq3wu+mruk9dL312enW61IlB3v0avZ9vLTbtvZp6EGDuxtJGQBycdyD3wOxAzknkYp4JbO1SGIGSWyBjge5Ujjg9DnJFT7VyQTwfl4yAR7gevQ4+oHBIlWJdw2gDIxznIwDzgHrwQBz35GKfNbS28UurfTe3537LZMwkm3e6tu31b7q9/La3V2RBgs4JBPbaQRt4OAQcEkcYxjv1GSZFG3qN3BX0wcHPPrye2QO2M1IeWLYzknqPmB7jv1HPQYPHQDcpVR1HrtPXJwBx2GNwIPPTnir362SvZb3Wm10pN37NbaLS6nldnZq+628tUtVfTT1u+toxySSoKluMMAAVyOQcDIH4k55XFMQgAlicKAhAOWPX72PqOhzg5I4+aYggE9cY5B4x6jOOAD2Hqe3DiEBwBnnOcchgeBjdzx156hR3OB3V76rSyV76ct7Pe3TvfXrocjupWSlazb3duVpNvRdddX2tfWsWYrkkY4AUsc/gM9sE+2T1zTFY7toU4wSo4PLE5PHVuec9T+tsonJAUA42kldwXsVI5IxjOMKcdSBTwiYBUhcAHkYLLnGSM8DO4AgYPP4HOktu3W3l59Vaz1a12J5ZJ6tN/J3+T3+dlp0RWUgk/KV4+UKRlVwCRg7sgg/U7RwBmpkRfvfMOdnHUjkgE+p9ucLzwMVKyqFYqFOMEMM8EnngqMYyeuTxx15eNq4ACkErjjn2J7g8gds/XJpN3i7Xbatbp0829duzu9N73y/zWfVbpva7dmu1vTtYjBPOCQoJGOCx9Tn1GBjOc9h0FKvykKTuLBmORtABG0Ekd8dyBz0qXaSchlQ7XyoAyCeVJ4Jx6YJI454GX7clMbRwQeDkscfN164+mcjHy9coy5k9FZ6Wv5aXeuj02WvVFNKy0fprs7JXW2l032ureVd1HARRuwAQOpySCVAJ5HT0GCec5pM5YkAK24jAyCQBtJA9P4sYwO3zfdsncDlYWwSoLHAI9McHBJXGAT6k+sQcFgrJjJJGR90AEjPOQAeAynOc8nnO6k5JKyaS6rrZLb/hr69b3zduZSVtWnb/AAqO/l1202fQrN1YFiq7sMCcEqM4UryOD3+nzdqh/iCg4BOckHCnkL/tZUg7T14/CrLsSHIKnoMD5gCSA3zZPQHj024OTmnNHGyAY6H5cDpghj8nGSy9xg4Y5zjNJtR5fl1bt8Ltrd+mr8ioRWrV97LS9tn2umrX1u1bTRtlULnPJOWwRnHALdM9+AGz17dgZFMaMrAsQQThlPyg5A4yA3TAI65PHpOiqm4gKcjdg5IPOFUH0Hqccjpg5qXCAEIqkHAGBgkkj1zgjjGenHFLnTdmrq6eul+jvbXTSzXR7vqKMVbTW6tdvb3bp99b221t3STdq5J2gAgkMTjAJye+doz0x25HAIkxjdycEA7ecDpgEd+DzkDBAAHepGVWIz/DhR7nryR6g45BGOoOAacAADuGdxG3aRn5Dg9eeR27e9Lm003tbrpt6dU3bbWwRg23e3K9Er/zWuunXa101frvWLlSxG9cZPGME4JB45BAzjoMZ4qIHJGRlvu5zjqATgYxyCQRjrk7scC0GDMTgEZLAjjHPT5skYxyc8nOOtRYKndt+UM3JAGQwAXJyBgE9ARk52gcirjKNmmlqtHffT7rLZJv9SZRacdrXV2lsny9dU/K71sr76SKGYID8uCRyCAwP1HQDA59cY9EYleuehO7qoUZAJ7jpx+Q9RIH5Iyd3AH3TjnPPXJ67ckALxjqC8FSoJUKGbB+Yg4GAe3Xrxz3HNQr6teT08mn26fcvmr2orRLVv1a1tv01f32fQpkfdYKwyp2hTks3Q4AHc44J4HU09SGJOCrZHJbgkZOCOnAHPbnrzVkqNwOFBBJIzztBxg+uByDgY7YzgKETcQQMZIU/wB0dSAe+epbscnoMCvaJrZX5dNdenfzV7vd+dgabsrq19Vayt7tk99Eo9b9E7jAikAtgE7sY+vHHJzkeoGfpT22bUG49MHHTcCMHjbkADnnrn+9ijYMsc/pjA6bSP72T8x+qkdqYdoPzDCsxyemNuAR0J454xyOc87jDk209e/XT00VnsvvZSikum3da2S00s7q93ffTTvDuKthSSS3zcZI6YPJ4OcEdejDjio2cbgwVs7iSeNxODx0xjPJ4PJ6ZFTsCWBAHRsqOSBgDGOeB1PHHHPoxgMsRgY9wTk8nHbAHbgHjOMCqTWt2r6dXe2m6W/XS3TV66Jxsk7papaW6SWmju+ZWV+i7FffzkKe5Gcbs57jjHQ9uvHXpKu7kcggYJbOBjuQScnnjnjOOSTUSglxx8pYYBGCADlsg7jlvTIIOCMCrC7gMlOMkDB57E4A6ZA7ZIOOeM1Le9ttO+y8tbu3rd7aCjBvdrorLRO/Lfpfy7WT0aEKEBCMEgtyB1YjI46Dp8o6j26B21ioLHIwDjBB3ZweDzu6AgD0HfBkVWJ4GNxDYGRjb0ODzkj1z+uanEZLc4IByR0J4HC9MH27n265Kolv2e6TXTfZP8Pm9TRU5cyab6bWbXKl3vpe/dfc71gDkheVyOnfJO4BjjPqQMgdONvMwHYryB1BBwvY9ABn6Ed/TE5iAJzjjgZOQCRwcr/6DnJ4560m0dM/IcjI5/H/ABXI4+tTz82+uu9vJap91dNX3vfdGsado2aXZbd43ukrb36XVtSHJycsemORnI6cDABzjHJ+8TxxURX5QxABBBCFlyMdOB06AjJGBjjJ4sFFBKgg5BIwCQDkEL94Edc8jIwTnj5Y2TpyM454z1HIBx1PHOcHHIquZW7O10r6NJpWV73a112utubRL2TXRavrrazX4Pr2V9HuQFgxwuSp53Z2gng4Unsc8noCDnHZGyOV43FBjqB6ZJwME9BuByeuM1OETAI69cDvgDHUdB90LzjqSM8qEj28fe6kk+2MAd+eCSOMD3pKpttvpulpa3r1069LoFTndNrRa7q+6vdvz0v2StuVwuT0LZ/uk8jqD0HTGCMHPU8GkGDyAxG4HjkYGMEt3Bwe3H1wTZGAeVIO0BQCOvbAx9D6Z9F6PWPAYkYGSG/2euOCDx2xnnrnpTbT1Saa2fVt8q/ld1ot2m763b10VPZPXyS6dnqt9VorEONw52jhsnHOGOQDnoOmccN1OOMyIvCjnIyMd+Tkkk8cEkA5468DrMsZBY5Cgr8pbkg5HOOMfU8Y4+tlIyWJxkYxg4GTjk5zjgdBz0A4GMYSlbV6K+19Ojvv6K7W+zfKdNOk9LJ32va99VbbW115X0sMhRSAFXjcCQCM5Gckkg5J+U5Lcc/Ste1tlZg2MfKWJY4PPTP1HI4yTk7SScw20AGCFIYcKAMnJI6/3eOM45xgV01taoqg87id3ODk/h1Gdvy8lSME46ebicTGCuuiaW+rsure3ptom9Ge3gcHKpJSeqTTaaW1o63s/vVn3td2jii+XA3Zwp5yR0AIJOGzwPXP3gDxnWgidU2qCXyAAcDaSBkkYPvjPXIGTwQ9EUMCRyVDZbPPHcZz1IHJyT145rRhQYLHOQMljwQCOFUYPIzzxx155FfPYrEOet7LTT1snq9OqWm72sfV4bD2a06J+q0ldp2tr1Svd+jawRZwQoz0JPYDJ+bA6cjHTv8ANxzpW6qvzEYIJyOcYGAp9gRwSeAuTzUcaIFXIHXG3JJJyMMcEZ9ecFfQY4sbgpbOADtH3gCRnGOevUYPJPPHr5k6ja3su1ldtNaJ6q2t7tN3TW9mvboUowcG9Wkt9LO8dPPa+ttVbqayTDGcfLwGYcgEjpngZHTjvnv1tiXKnPHYADJI+9zyRgcA57jqRWR5sa4wMDj5QRgnpkegwRncRlsYx1NqKVCVztJIwOACS3BB4GCAoHynHrgZNebOLdvdfRt21Vmu6s91rqu+x7VKpJ21eiVrb20d116K9/PvY0kBAGTkkj+7wvQj/Hdzxj3pyAq6Kwz69RkcYZh6En355HOKSNlZUPyFRldmSp3AY6A59MepA5PWh5VAyNvAB+8Gx0OCSeD0xzwCTjGM83JNqzV01or8u1lonvvs76q9r3v1KVrNpO2qvf3Xo776Nfrrcvrc7I9mQMnBBI3FiADlueRnI5PTkdMxy3ROQDkj5QP4ieB6e4OMHrnAJrNkuFAAUAKOMA88c4z1xz1JHFQ+YFJGRwQxA4OB+eAMDoPfPQ1EMO9G76Wdktuu/lpa+u176hKtd722tZ9dLt2ta+/TbroWXn3Z5Cvk5BPLcZzz2465HfIwao3Mhfgk4wARnGeOh5wAByMDG7k85Ij84ZPy8cjnrjkZ+n+znnvzxTC28gZGwsDnBIJGTkk4HUZOc9lOea640+W1ko8q5k7duXSOqu97LS9t+q5pO7sm3f16OLupdbdOj0dtNKcgIIOFOOckYJ69T/s4BGMDrxyc15WPzfKWLAkYHTk9eSOn4Z3c4NXGKHhuQMn+HnB5U9/TPPHp6QMUGc44UknuAQQOSAARnnnjIz6120lK/vPo9LpJbaqyv666dGzzajtdttNdX128vL1fZa3pMpwckBsevpjn5c8AZ/75xnkCqkyghRzkKeDuJOMngYPcZzyoGQCavFlzgMpJUcY+bk9s9OQQv+0Mg1DLIhY8gkHqSMZO0krwB15HBxkjoAD10+ZJbXVr2unfS/a2lzzaklJv3tbtvslZbX0SVrdbX6GI4JyewGCSwGQByNp/l2GeTis1xgnIbHJwcjG/qOS2FAwDnpk9cmtaeVO/JOcnJI7qQQDyeoHU/wB7HNZ0zRsNoPI+XeCOOMhuORk8Yxj1zkV6GHjOUryWmm9knd/8DTT1ueViqkbbLWKV130Wi8r20+e9zMkL5+YbuoAIznuARyOcHafTpjOBEYznO0g7hkZxzhgSccZ4JI45Ofu4JusFC9enIOTnKjrjnvzjkdfUYgd1UkMwGSM5xhSclcAfUc/dzjgcV69NSSg1e3lZXTStrq1Jq63/AA28GtyrW2jb0dktWlo7PXfzvfa9ymy/NuxnGSw6EA4IBxkbjk7QDzkAc8VWeVQMnCkAkDPPIBx6Fjnjb1zwSfuyzzpyobIY+vGAOckjnd3wCAeOtZ8kykjJXaucc5POTjOT37f0rtpxdrtL7PTo1Ha+2i1+62p5k6kbytJJWXLd9bxVtdHeL6f5CNMzKQAfmAweqjr7Dk98+nAI4NJnLFgTnnBJxkgZGFBzkEDGSTwTjg0yWUDAzwCx2jnntgg4J9PQAEjFRh+pJIDAMBjkDjGc4/IYI6DNdqg0r9Xqk0tFp3Vn/Wy1flVaq5mr378r30Wmj12b067baSl8kDJLcgMccY5YgfeHTnPGcc8VIrAE8FiTnGPTPzDIyTn09c8k1WUnduG4qDhTt5ORyo6dvXjAzx1FpcdScnbwRwFPcZ4JzxnHrkmr5LtaNpJWV95Wj00WqV3+OiucvNd6XbtrtrtorPp+PTbWTO/cSMMMdcN6EkDuT3I/rTWOd+M4xkk8g5x06dhknofwpOCfkOM7iTnJJ5+7xgYJJB4zwD0OHqQxwQAQBhiSoOCSSenTglcfjxmmtHZu687u2i7W00Vvvu9BJbu1rbrtrHX7tbryW92QkDDAAgZGSR1wc8/RunHJ9RkFqkgcEj+8CQSR75HHAHOQccYIJqZiBkgDD4GAwOP93+8SCScdcccEGq5OGYjgZOR7Lj1OMkn8/wAaatq9Lq3fRaJ+Tv1V0ZVE1u72tturWd2k9ej0+JXs5bHbeFYzNpvjJAM7/DV6AB/1zLZ4546D69QBz/DT+3posY/au8bTyXUVtHfaiSXYZ2wRMFWVVOeXbI45BGB1OP7n/AjB18SRgZEmg3qkextn4B4+XjsCO2Rgkfwzft+RmT9qTxH5vzLFDeEHAIYpeTYyTnJBUgkjoBkkZA4ss5v7dxkbuMXDDRbWlm1FtPz0trr80GcxiuHsJVeslVruzevSzbvtbVbrS+ttfnKDRYZ4VOmFQGjmea+nx5kuwkMYkyuNwBA7cgE17f8AsZfD+18c/ta/BHSddiN7BJ4qh1BrOQZDR6ZJHMokQkAjaFcAqAQ3PUmvFWuodPETCUkW+klyispy8g3gBcYC9BnIzkcgGvu7/gl1ocviD9tD4X6nOC01rpfiDUwpI8uNIrQYZzggABQSxxxkbsnn6riKXs8ix8p+9Gnh6vLKa1vKKjFu1l8Ula227bPg+HqUMTxHlqpq1V16blGLTg403FuXa65dPN+p/WzIbPTU0kzNHZ2dprkxSMFI44ba3j2jdnCpGiqATxjBwfT5Z8T+LPEHxh1Cy8JeFLu50zwBZ32rWuveILUvFc6473EqSaRprDDfZnXKXFwpKldwGME10HirX5/iV4qbwrot1OvhPSZby61zVLQsh1fUEV1/sXT5F+9GGBFzKhwFXGa4uzk1HxE1r8Lvhw8enWtmC/izxXaqPsugWMt1ILjRtIlUBbjV5oy0cs6sTFks3PB/mKs0r7Sdkkt7bN7LXvfXl1Xmf1PTaSjDfRJd3ayT3S8ttE7t2R2OtarPqzzfCX4StFomj6dp1jY+L/GNgmLXRrZQi3Wi6TOuEudYulVhc3AdmhLMxZiMDzWG8/tvUB8LPgvHDYeG/DjeV4m8YsplttPu532X7wXTbv7T1uYF5XlDnyHYhRwK3tWD+Ir2X4L/AAa/4lGg2CMfGfjaPc8dosQxqFha3eS15ruoYkM825zCZHC4wMeseHfC2heEtM1/w74VsY7PSdB0m1tkVSPNuNQvArz31zKcvLdTlmaSSTcQWYKQvFccKLq1LXcYya5nfTaOkduv33bex1J8ik5WdldeesUk73jdN+799nYl8NaJo3gjQtL8PeGYT5F5qMkd3qE3z32rXbqTcahd3Jy80kz7yp3MqqdqjGMejeFEtNN8W+KtX1W9g07SdF0e2S71C8kEFrapgO7yySMqoNqnagyzEgADGKxb1tJ8I6Xous+J510/TNLjW5aSVS091cSQFo7SzgA8ye5kkIVEjUnccA814zpmkeIfin4oXxb8Q0bwx8M4ba+1TTvAEkzW8mtfYNxtda8Wy7kAhCqskVm5xGp2yK2MnoxU6dGDw1OScmlG1l7qfLdvrbTpdtaX3ZdKnKU1XktI+6lbXmbila6Xzd1vdq5OvijVPjTPrukeFru/8K/ClfEjW+t+LY91vr/jJoWYvpuhRsomttNmUbHuzlZY2JXYMVwHi34i6F4R0a4+C/wd8HweKPGmpa3C8HhLTXU6XoUMM6htZ8Y6mu6KGRiPtDx3EnnTAEAgkGuW0Hx14j+LFrrvhL4PXMejeHZdfutL1z4pizKafoix3Bjk0TwZahQNQv5IQU+2wKY4GySOAx760n8A/s8+HB4U8N6Zd6z4x1fWGuYtJth/aPjPxnfID9qv9VulMlzDbPIxaTe4giGfkGBXBGDpxlUb921pN2111UF5vS6f/gXTuVZ1JqML3bUW7K7vZe7fXr3fnY7Ww8J+HPhnFdfGH47+KbDxZ4zt9OAg1TVAqeGfCECJtXSvCOjzF4RJb8RLOUlnllC+W4zgeci1+Jf7UniGK8Dar8N/hJFpNzGNVAktfFvjewWZdiwiQLJpulXSDC5XMkTEoRkV6l8Nv2fdc+Khi+K3x8caiiNfy+FPhpC7yeG9Attxktpb6NTt1DUEwCzPuRJBjaelfSVnbQ2/9mpbqkUS6PJaxRIqpGkUEqIkaIoAVUA2qEUAAKvPfmlUdS/JeEVflv8AHOUbb9Vttf0ex6FPDKNvaNtvXl6N+7fmbbu0n10St128dufBPhr4f6BP4Q8JaTaaNo2meGFmFvaRqrT3M5Vp7q4lIMlxcTMTI8kzyMWOQe1ZWg2crXN6+WLxaPp0iFRnLFSo7c/KxHOemDjv6f4rtjPqHine6Ilv4bjMjSkJHHDH8w8x2IGAACSTwSx+YV85WvxA13xRql94U+C+jx+J9bn0aGDUvFt0Gi8KeGWiO3L3JG3U7xRvaO2gIfcM8gGvWo1qdDBJ1Ki5prSmnd68lm1u7Wtfe13Y4a9K9f4WoxStGMd78uiXw7db6XursqfFbxp4P+GnxR+Cup+MtQNlY2o1fba2kZvNVvpH/wBXbWdjHmaeeVyY1GwLluTjp6KvjH4o/GS3WfSNK1L4QfD9dVij+33EZbx14l08ScG3hYBtCgnQgMsqMzKeDwSfOT8C/C3g34t/DT4l/EjxK2t61pWg6ze+I/FXi6aNdF0+RSrCDTbW4JhtLeMllhbyjMAAAxbk6/ir47+NvileSeF/2bPD8dzpSTPban8W/EtvLbeGdOjjkIZtCtHCya3MihjBJAyop2nBB46KVX2tGjGVnGKlFaNaN82rau7fNrzb08ivDlr1Ztckp8rVP4m7RW7adl1dnppbfX+Y/wDbPt7Tw/8AtF/G7TrVbu7sLfxXcmH+15zcTRuI1L3EzvlXuWJDOwAOSMbeA35s634jt8tI9xBbRguGCne8n7xc7EBGMgY9c4Pavsj9rvTdWi+NfxmtvFvi2616/wBP8T6xDd3yr9lGq6gqx7pjGMNFFkEJGSSFwQcY2/nNcwRyFvkQKYPlBJcghjhhuyCPTjOe+en7BgKzjl+CoxpJQVCDcmkm/cppSSXvfgm20fhWa0ozzPF1Zym5KtUailZptxsrpOTV32W2nl7h4g+LA1aPTobSCe5it9NgtI3uB5cAMasNypgZ25bbkkHng5NfrH+zD450P/hkSwt7pvsV/wD8JlfNcSz4jgcKqlViY/QYC4II9+fxj0/wtcX+iJqqoXsbVUjkl52JKeqLsUAsvJIBznnnnP7MfsnfBFtd/ZVu/Gms3UN34S0TW7x4NJAeO4ursxrunWUnDBCQdgBYkYJ6AGNqKhToSlJKH1qjGKk03eaS7va1mrta2726MshHEVa8Iwnz/Vpy15m+W0b3bWrvd+Wq9Pd/2c/Hvh5fF2kvbTNfyafJq1xdWWnQm6vJMIR+7ijGXwME8d+VycV8b/8ABazxpbeMvix8E5tP03U9Ohs/hrMNmrWr2s85Dyb50ifBCZGMDJODweRX6JfsQ+FPDOmeNpL+x0q3iuYLPU5ELxBpVkmQZ3GRT/BjHy7vwAr4N/4Lfr5fxl+FTzKEZfhdJMq7VDKrzzAKoUDaoAGBjHJwR3+Oz6pP+38KraxoSs09GnFOyXzs03v63PvsipP/AFer2cuX2qUlfeUXFK/Lp6J6797H8xmpz5ur4M3zG8nYdRyGb3I4x1+8fYYA5qa5PH9855J5GCRwASD6Y4POTnpWlqkgE16ONxupnz0OS5zyDkE4A6DO771cvJIT1ONw5OenUjPOM7uh54Iz1IHzWI5nUa83Z3W2mivtbz0fknp7FBxjGOtklGy93ZW5dHo7a7La70sr2xKxcAnO3ByWHAY4yGxgZz3PHA7Cpr1D9sIXJBWIgLyzlgAgXHcngdjz3xmgHIZVPz8AkZGCc9Qc85zjtknJyMV6v4A06wl1ObXtYRDpejQJc+VJl1u7tFBt4E9fnAyu4lgQACRU0qTqTjCN25PXfRXTej0tZXtdprtubTrQpxlPdJXvpZN2tHfS+nlpZXs0vU/h54cTwbptrfX9sg8SeIoStlE3+u0vTpMh3KYykt0rbcMMlMMCQa/UP9nT4EQXcR1rXLSKyt009tSk1G5KpZaNp6xlpLu4kchA5XLLzkuAQOtfOv7MnwU1D4q3+s/ELxC62ej6dsna4vD5dhp1uvIkmdwsaRwQAFYwRuxjBya+jfG3jfXfjBqWl/s//AuG9fwkLmKw1LWbYSQ3fi+4jIS4lmljO6DQ7Rg7bmZUlQAAdawzPM6WXUKlGlVjCqop1ak2kqFPRuUm21ztJuKer3s7Hdk+W1syrQqSpzlByXsqcYpTr1FoowV23BW3elno9S14v8c6p8X9UtPgN8AbG7t/BKXiQeIPEVqrx3vi6cSeXczTXKhWh0eE7icuvmqODgla+xf7S+C3/BPP4dNreoR2XiD4r6ppoTTdPBja8ubt4wYxGhDSWmnQyfM8x2mTnBycVma7q3wh/wCCdXwYh+2wWXiH4x+JLVlsrCFo2uZbkphdynL2ul2kh3MWx57R4yc8/gj8Sfi34w+K3i3V/FnjPVptT1bVJ5GBlkaSKyty5kjtLSPPlxQRKQibAuVALZwcfmmHw9fiKtJ3qU8phO8pNtVcfUi9ZN3v7O63S2bSto1+l4vF4bhSglFU62dzp2jHSVPAxcVZJNNKSuvNu7dldP0b45ftB/Ef9oTxdc+KvHusTXTGR/7N0eKRxpei2rMfLitrfd5ZZF2hpSpZ2BwV6V4sJoVSbzcEMCu9j09doJHJPfsCMZyaxvOij4SRmkZcAZOS7YxkducbRgA+1T29pcai6xRI0jgFiBk7OG5bt9eg4x6GvvcLhMPg6NOhQpRp06cVGMIpKKSs07dW2rttO97yT6fm+KxuJxteeIxU6latVk5ynKV22+XRX+y+iVtFZKw2xhlvLlbe2UsZZcBwuQqgcEgA4XBBzx6AkdfqX4T/AAf17xhrmkeGfDuk3esa5rNzBbWllZwPPd3087qiRxqikqCWAdyNiLlmOc1nfAf4SeIfGuuaVouh6NNrOvazeQ2WmWFkhmubuWRxEIoYowz4BYb3IAQAksOcf1b/AAV8A/AD/gkh8JLP4ufHK00nxx+1N4q01pPB3gQCC7m8MG4i32q3EZLi0WNihmuJEBJXauCDXBmucxwNJUqUXWxVSPLRpK95S93VvpGP2pN9ejsd+U5ZPG1FOd6WGp61ajVtFZuMdmndWb2jfTXfc/Zc/Yp+A/8AwT0+Flr+0D+11eaXF43ubRb/AMP+ELsQ3Fzp1wYg8Fpp9i+57rUWfCSTMpWIk5AxivxD/wCCi37enxG/bK+Lto/hy4uvD3hjR7Y+HvDHhjSJHjuhokZEKJeNBsMkl5hN0RXaGIU8jFfQVrYfte/8Fbvj9dtb3F9frNqBjuLiWSVPBnw50Z5QFYAgWpeGA4WJc3EzAc84rsf2y/2QvhX+wv8AHnwD8KdJmfxLrnhrwNpXiDxf4znjAfWvEupmG6kjigkLNFbxNG8dujkYXIxnivlMqwPt8wdfG1frmYV7ONJa06CaTUFF35bPS7206u7+pzfHxw+Bp4bCQ+qYGkrOsrRnVinFzd0tLt7/AGrLWx9mf8E+/wBjH4efssfAZv2qfjhpNjq/xDuNBbXPDuka8Infw5DNF5mnpZQXIcNqF2xDyMELIwB681lal/wVO+IUNnd6X4L8M2Ggavrf9ofb9UuZPtEdtaSOy2nkIuPLdEw2QNvIx90Y8r+MP7VPin46+FdK8I2xfTfBGgeHbGGHTH/dyXF3b24Q+dKoVXRiu5F6AZCnGSfm/wCEfw7i8Z6wsBtzJbQ21zcTzxKWeOKNs+WrNwHyQAN2T2AxX3WWcFUm5Y/P6calec1KnRk3KnRgnG0VFXTu7aWa79z86zXj+pZZfw7JwoQg41MRGNp1Z3ipO795JLq7Xs3e1rfKX7WXxR+IfxQ8W6XrnxB8Tal4i1J7R4LaS+kf7PbxhiUFnDxGiHdgbRkj5gTg58P0sTS3lmCGC2MAWRgp2rvGOpHUgkg57YzwK91/bE0lfDPxD0LR0jUwWemRXCNuVmKSNhVkxkK395TkqfY8+WW0sT27SxIA7WqyyAbcbsY28Y5HT5QenHHFfreTZPh4PDTw8IUaFBRnGEY8qUeVbRSsr27JO/mrfiOf8SVpUMVSrTqVa+KUqUpTkr3b5ZO/M9bbddNbXSXY6AcvkZJQMHz1LNwMrnIye+M89hg1eujLNcrLISqJOVwCcHqQWHrx0ORnBwSPlxPB9w8j3IlU+bvXaeeUIGRyTzjBAODgDnjA9J0Lw9feItXjsdPsJL64nnSOGKPLDJOSZXGFjXqd7bcAZzwK+uq43D4ai61WUIU4K7c2klZJXvstGnZaX0uflNPLcXicXSw1KhOvWqTg4wpxcnzPl6JbarXVK58X3kYm8VeIV4d/7WUdGJAwoBAAO4k9flIPOe1fVHw/+C13NpN5408f6pB4D8CBFmuNX1ORYLi+ijUkx6bby7XklkAIXYpySMDudXxfF8D/ANl+91LxL44urfx78StRuGutJ8D2Msc1lpNxtJQ6qyMVXY+GZGJLYwAcAH5B8W+Nfiv+0vr8V/4x1ObS/CUDhbHQrLda6Zp9pkKlvaWabEkZUAQyNkAjOBjn8vxef4zHylhcnTSlUnzYpxezml7i27vmva97Jn9GZdwvl+Bo0cZnjUpQpU+XBydk5KnG6n1a5kvdW+za1PXPiF+1C01vdfDP9mzTZ/D2hsGtNV8XeU39u65wY5JDc4Vra3fBYbTkZySOg434DfDWZPi18LtY1/Ujf6wPiN4Wu3+0MZV84arC7GR5fMMrMR8xdmwTkd67bQfAOheHNOjj0y1hgSOMh32ZuJyFGWd8DhiCW4x0OMcnt/hyVh+Inw6neFYrW18c+HHabcgK7NThyX3YyUAycZ9eMZrGOR0sPhsRXxjlXxc6U5TqTlzPmcU7t/8ADKzslY3q8RVa2JoYbB04UMJTqUYQp04rllHmj9lJJWiut72Tbvof6J/iORptC8IITknwvoBYDAUMNKtgAijAGMEY2gAY4615vqEtpY28t7eTx29vDGZZpppFjjSNcFmeV9qqioW7jp9cnxV+Jvg34cfDjw14y8Z67aaPpFp4Q8Py26Tuv2rVWGlW5WCwhLB55HICgAAAnJIGM/zI/tqf8FN/E/xN1i4+F3wkt9QuEvZntLDwz4fZ59QviSFjuddu4B/o0O3Be13K2AdxACmvwjHV5Rq1Y0kpNSk5OTtCmrptzk9Iqz5mm1frZH73lGDniaNCVS8ISjGyjFuc21C0Yx1d+lu91a1j9If2tP8AgpV8Nvglp2o6Z4M1DTNX1yGOWG41aa5U6fZzDeCtvtIN3PGwyioBl15HSv5xPix8TPj3+2/4r0FNGOqaR4LvtfNtfeNNZ81EndmLSHS4pVVGWNNxhSMDaAMDivbfhR+w343+Ies2/j/9oa8kvpJZUuNN8DW0zSWFoNwkQ3zcIzDoVZS2QQWNegftR/Hz4L/s0P8AD/R5rmx1C+8O3VzcnwZ4bMCvabLNo7X7QluCIWMgQF5d3HPJAJ+S/tOVfGxwmWQnmWOknH2kE5YelJJX5UnyzkntJtQvfVo/R6OSUsFgPrWZzjluCTjeM5cuJrRThdTkmnFSV1yxSdna2tz0n4Nfs2fCz9nzS7rU4VtbzXUiM+uePPExikvJcIXnaKe6/wCPaEEMVCbSgOMkcj5C/ab/AOCmPhTwEl94P+CMVr4m1+NZbW78Tsc6Vp1wCyPJbkcXUqNny2VtoI5A6V+XH7R/7a/xc+Pd3PaT6tc+F/B5ldbXw1pU7QCeAswQ6hJEU8+TYQHAO05I2jOa+LZZpGzGxJGSSqZAGSCWbn5nPOSecDJyDmvpsl4GrVqqzDiCrKvWlaaw/PeEHo0ptNXSW8Y2hpa7tY+Sz/xCpUaMst4cpRw1GK5HimrTkklflXxK+vvy1d+56P8AEf4s+PPiprtxr/jjxJqPiDUbqV5BJezM8EG45WO1gLCKKNBwpCBsDrk8ebvdhWJdycfMZmb5Uz2GAfU9Oc9QOaoXkqREDczsSVSNWBLMB3x23feGRwOcgHNK2sNQ1N1Zo5WRWAEMYO0qMHLkLwMYyM5PJweBX6VRw+Ho0o06MY0qcLJKKjGKScVotFo1Zee90j8orYytiarq1alWtVqO8pzk5SbbTbvJ31e1uq6rUqxau8hlSBHkZrgjdtHzHPHAAB3Dn0A5xzXX6L4X1TWJ0byJZmlICLtYpuOQFCgEu2SAoUZOcfN2+p/2Tv2Lvif+0Z4lfSvA3hW+1mVbyGC4l8po9N0tJjkXOoXTDy4I9gLru++OnGcf1d/slf8ABIH4RfBJdL8S/FaC3+JPjmBIJ102SNV8K6LOVVtvluP9Jngcf6wlo3I3Ec8+Dm/FWW5RCVOdSNXEpaUqdnO7tbq0lr9re2z0PUy3h3McwcHGk6VB2ftZppOLcb8sWo3lvtpfV32X4H/sa/8ABKX4wftD3NhrOrac/gPwHI6NceKNctWheeI4YpptjKEluQ6/KsqDhiCQcEV/V1+x/wDsFfAv9mi0s7fwZ4at7/xLBBG+qeONZtYbzW52CjzI7MSIwtreRlJj2qJFBADqcE+++MfHvwq+AfhhvE3j7xBoHhPwzpNrtt1uPJtbVlijIS102wi2G4uEACoix5c4PBxX8/v7W3/BYTxd4yk1HwN+zFp954S064uJdMj8aeS83inXjKwhQaPYIrPEkpJWLKM3Ixg1+eTzLPuKKrhScqGDuuZJ8lPl923NO653yu7Suuy0uvssNlOV5FCM6/76vo02oym5aO0YpSb1drW0721P3f8A2k/26f2ef2TdIvJfFGuWmseNpIGlsfBemSLd627wDdEl28bMLFJcfebChc5K9v4qf2qf23ofix+0F8SPjJZ+GYdOvfGcscdroksxuBp0UR2Q79qnMpADPkMTkDqef1G/Zh/4JH/tC/teaj/wsz9pTxf4i+GfhDUopL0/23JPd+OfFSyxmVLlUlJl0qF+W/e8OpACjBNfltd/CPwJ8K/jx8Zvh1b2cPiS08FeLtV0PS9U1dRcXsttYSbYZ5gQQZHHzFgOpHav1rwo4Yjh+IKUcDjnRzKpTnCWKteMFJwcopK+vrbRdD878UuJqVLhrF1cXl6xOAo8tSeHktatpKMYvRpJN3sruy6q58vP8VfjR4vLReHNCvfLkJANhp8iRRhj97zXXA2g5J9MDsK0IvhH8dvFvlSa7q/9lwSrz9qvwrr2IaGMpkgcFSTz06GvspL2C1i2WSxWUe8/urWBIXVfUFAoC+nGT9fmMTapFKqOIWY5ctJNIT0APJc55wDtxnIGemT/AFnhOC41JR/tLNcbjHvJOo6cH8N3o3pr3S810/jPF+JqpwccpyTL8vV3yT9kqk+n9yKvZb2366tnzdpH7LGlqRN4o8Z3V+33pbayUoA7EAgSOzHIbPzdxg4BwR7F4f8Agv8ACTw+sLL4di1Vx83n6nKZmc4+XIBCgsckHnnIK7TgdM1+8uyIqSiktgBR8ucgcAFuORncSPXNWEZp8RnC5UlWIOQi5687encg445wcj6TB8MZNhXeODpzlFJ89S1WV3bW8r6t22el0t1p8bj+PeJce3GWOnTi/sUf3UWm4rmSptN77a6vc28aTpNqINM0nStOiKqUjtrSHeApIBDFNxIXC/ezxu+YivmzxDqMkvx20N8SSOmlcbvlwckBfQYyDkADpjacV79cwNIgcN8qROZMAkkBRwMk49BgFSAOhGB88XyI/wAddDjeRlMmkkjdwW5456hhwCMjt061hxBGjTw2BhRpxgo4/C/DHlTSkr2SWqW6SXTzuetwbiMZisVmMsTVnUcsrxfxTcm3KCs7tu613T3Xke/yz3cqNiR3j3YJJLqG3cE+hA/ixz19MZ139q27gzuyKu1gA27DYyASeemc7gpGOa7G30+2ijWOaZf3rM6ESAABScDJxyMdeeCeve40elEFo41LxkI2SASAAMgZxggDpnqBk4FfQwxCjCKUdeWN1onZqLeujbs9d7etrfFVsonWqVHOo9ZO3vX1bitnfR2s9NH5nnKRXLRsC0j72BKKAVOFIII4CksPVSDj/gTpdOubjA8uVQVQ42tu2rj5sgDGMdM84HXnHocVzp6tGjW6+WA+MKFySOAWJIIyBnIAI4GcNUtzeQLH5cJUDywnykYVS249Bg88kkdfmHIxVVMbKMrJSatbRNu6tpZ30ei6rTbY1jkVCNOCnWUXpe+rS0dkmr6Kytazs77s82GlXfzrJ+7QbR83LMuQAexBwW9ATkEYzXSeBrqHSvEljNc7RAsjQncwDbm6EEnqMjgjLHOeoFXjcRsznAk2ARgMQ2TkMWUHqcDJPOM+wFc5a2mdTtZJMgvqCFSvOxQ6nbt57gHHHygcFlXPNLFzlyxtJXta8W1skt7LR33fLZOy2OuGBw2GlCop83K77ptrRWXlrvrppbofW/nQTBlUAvcEtHwNu0kEPtwqg8kDkEe2RmmoeLcUwSN3mIAcH72CzfLyM4HXpwSNpNWAIyxyCXdsjVcHCscj+EdiM4xjHQc5JrQBwASWVJEcYxgsMnDEgZGc5BbBHb5QCeWu5fDo2t3pe2jurebd97Wu1pr7WHqU5RVr3VuuvTt0tbrre3U+RPjihb4sfBYMm0G8uM4OCSZSBk88c4ycEdulfUt8qxwuMn51G3CqeVAUHnkDI5PXr0O7Py58a2j/AOFs/BgbmbdeXJKnGF/eDAJ6AgAn9e3P1feRhrbDspbDCMNwBnheRx+WOMY6Gvncjinmeau2v1ine3/XqDt0Sv8ALufWcR4h0cnyVtr/AHWb2u/4utt0k76O/fU86vEwHLfISq5OcljtJIAA+8SfQEAYHDVyWol9ipGWRVBZicYDZB2McYUY6g554x0rvLyONdxyjOMjezblDjjLZ4HHQZOepOQCfFfiD4x03wjpV1fXzyM7M8drBGMCeYjgcg5XcAG6ALyDkEH76NahhMNPE1pqnCEeaV21e1rJXtrrpa2zWjZ+KVqGIzPMKeEw0ZValeaUYwvu2kl5R11e33GlcX1nosL319cxwQYDiSdlWFQASBlvvvjnAxjJ9K8P8QfF/wAHx37rFNc6g7KVLRxOYs+kJA28ngHJAznGRmvnzxP4/wBU8ZmaG8vJ2SOXFvZRFlhiQZGDtO1mAAzubIxgAZAXl7O1kBYtGZZEwY1VTkDucYO0ZI649c4yK/Pcy4uxFat7PAU/3cU487XNe6u24p2S6X+97M/Ycm4DwOAwsKmZzvWsnKlGSik0otxct20+un5H0Fc/G9YEEWlaARGilRLdyLsJ2/IWXBYHccMdxwMjjOK841r4k+M9XV3N9HYQzOT5NiAh2cgA5DMAMja2c8c5P3eVMLbY1ct5bOdyjBwec5wMMemAAeAOfSeURxxxwCNC0mGYghiQ3949hgfNxjr+PjVMyzKunKpWqRVre6+TVqKVop2stFrrb7z1qOX5PQqWpYSg1BxalNc2q5WtJX3t0Wv3nM6zZapd276nezXE8JDbJrmVpfmI3ZVWYgAjpg8dc+vk+vI0FjK5AJkPLN3zngY4JJH8J7jB5OPo3XblW8OywRIo3yJCqBdwUKFyR0wD1AA44JyQc/P3jBWjtQNmCpKjjkHaMKARngfQ+nPNfNZ45LCVZtNvkWsrtt3jd3b3tsuzWh9jw3ODzDD04pWU9FDRW0XSyVkrtJbaaX0yNLgkmtoyFUBoY8sDhU5JyOepJPIGe4FWJ7doPmAB+YnJztbaA2SxOT3IO4HtzU2jP5dnGJfkWSJcYIAyB3BGD6nB74q1dhp4iFBcBDsVVLcsAMjAxkADGQfQjFeXh4qWHpySTfJ1drtpO/uydtbP1votT3MZzLMKkVd81W1rWtFWem+jervZLf14DUtQZ5GVidqvgBCe3QnPBJPIBHHqSBWHLduwwHb5ST1OSQc4BI4G0qvGM9yM11kfhnWb2R2g0+V2Y5DNGyJyeWG4hugBxkYB9evR2Pww1W7QySPBa54bcy7wG4IOcADAOS3r0GOPHxEa023GXKk1a6ta3L3t1fezWr21+joypQULrmuo7q70cdFFLVXV0m76eh5F5rzMzMGGVwCztkHrn0OR2AGOMlvuhymUquVbK9TyxHPHTOTjGCORyfr7lF8OvDumIzaxrFssqD7nmgYIPorcjrwRnPXIGGk/tX4b6JFIn7q9ul+T93C0kZIA+U4JIBHO7BweBxxXNGm4/wAWrHVdHZp+7p633W+j7q3VKXPyqFGSutLRtZWSSu7/AJ302Sd14zFZald7TDaTz5I+YRscg4wegwQMexHv06Gz8B+JLxw5s/LWTAUtkEjqOvsDnjjOTxiu1/4WZYxobbSfD0jfKSu9VWMDOeFwG4ODyeuOK5+88eeM7sslrDBpsbDGYx8yjG0Beu3qTgZOTgEgE0nKk3dc9RuySV3rZbvZ2736bbmsKU21zckE0r3d5XVtLX3Vvv7Gna/DO5sik2pXEduEUM7PtRFzztkLEggdG4AHUtxivc/BXi/Q/htrOn+IIZLXVnGkyafFDDJgrMx3GRmBOVGBgYA4GeQAflK6XxNqTudR1W6ljYFsNJKisScnCrgYx24PBLYxz9Pfso6Foc/xFk0/xHpcGv2Y0eaS2ivlMkUN2clZthJ+7yed3Gc9WrpyuOJq5rgo4WLw9V16cKVSVmoyk1aTSV7W2S67PUxzd4Olk2YfW6f1nDrDVHiKV7e0ppLmjzX+Jp6PbWy6nrdx8fPH/iOVYfC+kStIFC7tO06aWTaSCo83GzcMD5uRwDlgVBiPh79ozxpOfMg1azt3w4a/vlsk2scAhRtIAzyAcjpnrj7Wtm0vShDbWdnp9mihUk+xWsMDqhPBJCAjtklu3HIyb0+rxCQeXmYqwJHnEnYoBAVQflB5PPPOeOlftj4Vx9eMHj80xde6TcKc/ZQV1B8qSk7Ky7K/ZM/mV8f5JgKlSnlORYDCcs5LnnBVKjty2d3G7037O3W7Pj+w/ZQ8d6tKkvibxrp+mB8GYI0moSYLY2h/MZQ3GCQc5BJGDXqek/sjfD2xKvruua3r0g8ssyOLW13ZBK7SAQpAII3cA8kkV7W/imUlooYkRGCMxI3YZSfkQjAJwRkNn5icDkkrPrdze2zxLLKIHZg6qMEEAg4ZcD72DgYyw5zznWPC2XUXzToOq42vOq5Td0k9pNK784u+90y14jZniI2p4mFGMrJKlGMOTbZrVW8/s69R2gfCz4RaBEDpnhTRxdWyFftF2guZGKdGBbcMnljx198Z6aPVobCWKHS7Cz0+OOIgtFaxRpz1KskYbkcgsxI4PQVy+nuYoEDxEtCCSzsQX3nIyMcYH8PUHg8gmty2nTg3EKSAKQgYbPLU8Dg5LcHjOcHpx09DDYLB4eSjSowjokuWEV8Nm3fljqreu66HJXzXHY3WvjakrtO/tZPS26T3fW+9762sV9R8Q3ZQM3nSOHLJIWYqDjJUrnJUA8A5PRq59tQv5JAoYs0gUjAJwQTkKT1zk54HB69a78w2MqB5oYysYG8khSygHgADgL2JHLZOeAKwJre3BeeG3TcrBRhsfJztJB6tzn5evXivew8aXI48qvotY8uqcW7W0tezfd6r4tfiMzWIliOb6y7J3lzT3Vo21v01bvbbvvBBHMYL0vHuH9m3gaRWOCfsznAyOck5PHcZ6V47+xlFJF4f+IriMYfxFySSMf6RKBxkDIwevoVJPWvbmhZbK8Qo25tPvXjCMeA0DjLEDgggZ6ZPTgk15D+xtZyt4X+ICMoDHxK5VixCjE8mAcZGSc9MDnp97P5pxZGX9uZR7tm6eKd+luWGurtf1v163R+z+HVWP+rGdScnLlrYbV3vd2fW73s0vv8AP6qDABy6kMGB3ZwdwxgYIHGc/QdPedIlZd8oXejffDYABX7hAHcZOTwf4f8AavppYdwZNxZ2+bcpCqQc7TyMkY689c0XH9n2ChNQureCM5di86JGV5Gw85yDjg9DzwRU2933pRS2avZa216JL/LVppJ9yxHNV5XFydklBayT0t9m97t+Wt99DLSELKqbRhyXXJBUdeMleNwGc9sLgcVG9q5KxoGZp5CzEAHawGcE4GPQdiSPww9U+Ifg7SJFkm12zmCkxmC3YXEkS9PuqCMZ7g5JyOvJ8u1L9pfwlpMssNtY3d9JHM7x3MyrawmMcFW8wnKs38XoSeOlcdbH5fhYN1sTSTs/dVROSdo20bv2TSXZ3R30stzTHJxoYKvJPl99xaVny2fNJRTW77rSy6P2+DS5ZbhREhikYMp3YZFGCCzdAcAZAA3DGP8AZqY6CySiOaQxDBaTCHh+SpO7G3cBwAAMgAc18da3+2B9hkD2Fpo1nFKx8xWm+3TIzDG4RxfMHB4xxjJ59PLtf/ac8W+JLiS2sZPEF5G5GV0myktQ6qAQEmeMjA7scqQBj5q5anGeVYRxjCXtLpyfKnZv3Vu0trb3ervbRHXQ8PM2xkZOso0LyVozd21ZJ6JO3ldr12Z+i95Yafbx4vbqGySOLd50ssUYcJ3IzkEjOSDk5zuBbngdR8aeALES/aNftp3U7FitXE7rs+/8q7ccg7vmGScj1r897nVfjJ4rZ/7P8Man5Q2qtzrt3O7hT32xMqZyOm0gntkkVYg+CHxf1841LWhpcMihpI7aPEa7gCQJBhg3JOcjkcYzx4uI8SJw5lhcLGTV0pVE7W00cU1aWjdr7Wuz2ML4TUZ1FLGYuUlZXjBRs0+TVN3sr2dvM+rfEf7RXg3R7d47SzM77lijFzOlv8ikYZVIzhtvQFskYPJFfJ1l8bdF8M+JPFvirR3tbrUfEcyh7WWzZ47RYTk+WyECTJAO5SBjABJGK9M8Mfsg6fN5d14o169uzDsdonkkVpMk7tpckhepAYncPl9SPQPhz+zV4Kum1+8itUuFsNXa1gW9XcghGc7c53MAfvE5A7nkH5bMeLs3zKpCpOrGh7JuVNUo8ri3yxuut+vWytqfdZNwRkOT06tOhhVU9vFQrOtJz5480Xa2ia5leyWuzukfNl7+0X8SfEcipo2nalNnKJ9jhkt7Y7lI5UpuwVODhuh4OeazYLf44+L5GMtmLESg7XmMpaND8u5UZiCecHg5JyRnIr9IdL+GnhLRQWitrJYYNuEhjjRs4w3bcSrEZwec8ng43JYvCul7pIxa27hCVaeSNSQDkuVY5GVBI64HA+XFeNiM0xtZJ1sTiq0mo25qsnF6x0S6avRpJapXdj6KjlmW4VL6vg8NQWnwUYRelt3bXyel7Lrqvzo039nj4ga28L6x4kvYQx/1dtGVP5gA5yTwMjp2yB6loX7JOnsXk1WW+v3wCWuriU5wcsQhboffnncetfT918UvhxpDGe81qyV4QFCGWNFLKCWKgZwMducFQQegryvxF+198N9HWeKLUVuJFV1ge2Tfs5yBuXILdOc5xg9DXE51Zu75n8Ld5O+0WmrtpbNNcyWibvu97UoJNRSW65YvddrLR6a7dnoS+H/2f/BujF5ItCsolt32s80AlYsoOWBPUc9eTznjnPpNn4M0bT1jlstNhMcYaQGKKMLkY+UlVHsR6c45zXyDrH7c+j28VwmmaNc3byfdedlSJ8Bvnww4LHk4IAycEkjPiOv/ALb3ja5V10q2tNOQqVAUB2J64YLj6YyfXntnKceZJyirNau0tEo6316d+2+5o3dJRVtNPwdn3e7SvpZadX+pken6XEY2mtoYknXdLvdBt2g4DA9Ccex+vNY174q8K+HvtElzqdhaxLljAZoSQqH5dzZOF7njIOOBzn8XNf8A2kPifriyibxFexRzEsUtWaJUBGcAjBPJAIOO/XoPKtR8c6/qB8y+1XULl2yCJ7yQqWYEkMN+OnUYweep6N1aalFKTnZptJNO3u2d3dWt5fNaEOM76Navrfb3VdpWVun3XaR+02uftJfDXQ3m83WYLlgjFYLRhIq5I4woOSB97AJGBtXJyPnLX/2wdFbxSb3R7CW6iS1FpCWIjVpm4JYYGVYBsY5xgnaSQPzAk1S4kZpHmLBjyOcEZxk87j75PXJBIOabDqEiXHmrMA2SqsPug/NzhhwQflBJPJycYrOpXaatGyU7X10T5Wm7WTduqsuiWjvvGOkeZp7J2Vt+W8louv8Aiu9Nt/6KpSkjfeVGBVgVkBUrwGxggkEDglcN6nkV5n8SdO0+fwzr0j2ltJIul3TBvKVySqfKSNoBYE8Hk/TqfP7PXvEGgSAW8zXtp5e77NdP5oIJIJSdQy7sgkA9xk8gZdr3je11Tw7rVrciWyvJtLugYZhlTJsJAjYgAgY6YI+6MEYNf0BXr4XE4aqpRhd05fEk0vdWkdOi83q99T+eKWExOGxFN0pOaVWKlyNK3vRWsb6dHfbf1Xwv4LhM2q3aRllBtnwQdoUmQ9AMHAyNoAAI6YAr9H/CfxT+JPwx0jRtP8S+HF8Z+Dxp9u9vdWZ8vVdNtWG4RhQDkICScglgBg1+d3w3H/E/uN2HD2spPHHyzN78EZXseDxt61+oCzRnRdJSNomA0e2V1k6N+7XAOeCOTjI6kHHOK+Q4SwlXEY/EqlWq4ecINwlD3tqltVtJXV7dU9nY+l4qrYeOWUI4zC08TTqVIxnCp8S9xO8JKzjKN9/Prqj1Xwb8Zfhj43kEWma9FpV/IB5uja3iwnRmwPIikm2rK5OcbR14HHX8q/2hI0T9oHxCFceV9ogIKtuBDBSrB1yrKcDbhiGGTnjFfVviPwn4a13ebjTY7W9Qkx3dmBHcK2OCrxbSCp5BDH618J+PdDvdE+Ihtmv7jUG8+3KT3kjSTPBuBjid3JYhcYDZyAMe1d/Fzx1LDYWniuScViIuFSC5ebbeL0Wrbajs33ueRwVl2T0sZiMRlzq06k6LUqE3zRjeUPhkkm4praSvr5n6WfsTNItn8QDGxIU2TZcjqZGBGCDz05+Yd819m6hqJXgN5ZJBKtIGBbaSQc/wnnAAwQeTivzv/Zg+Kfh74eJ4nbxPp9+mm6vLaw/2vaQSXMFm8Mnzm4SNSQoznPGAOmM4+99P8T+DvGtoL3wzrem63Gx3FIbiNbrYADiWEkMrDnIIyDx15r3uHMxo0cpo0OeMJJSajJ2bUpJ3jf3tnur6ep8TxzkWNr55XxsKMqlOcafLPlbScVHd6pO91rqfnj+3QVnh8GuILeNxJcgyRgKXAQsQdoyQDwc8ED3ry79myATeM/AMTSFEa/lWVzuZVSQEeg7HgdiCOxNeqftxJGlt4RVSUzPcqVPJU7WOOrA5JA47k8r0Hln7ODNF4z8ABACRrUIO5Tg5lAAKn7wbnOFPA6HjPyuaVVPPFWjLm/2jDyb31ThpZLbtrpbVPp97w1g8RHhiVKo9FhsQrWV1eMla1/Pay27WR+weo+D7yCFrixni1CBmlCLGf3iDk4wCCST354Kg9DXxT+1FDLD8L/ECzRNEyXFqCrhlJbeob6dG2g8MMnJ4A/VI6VpN7axmezFvP8wEts+z5uzhMEFgeclSSB25x8L/ALcXhePS/g7rV3BdC68y6tgyyxqJU3SKc5UDg4IOeMEkH72f0PN8XSqZVi4tWk8O1bmfWMbq/T8brToj8n4Yw9XC8R4bmXNCOKVrpxa5nFdNXf5O2i11X5IfDGVktLCQqpQeJrXLE/wrOMMMfMAeDnjAC7flHP7maHJDe6VZRzLFLBJZWzSLIglhkV4FBBByvPccH+9ngD8Nvhk0AsLFZI1Cf8JLbOyscZQTpuAA/wBksVHQHselft3o+k29vp9tc6Frq2byaZbSjS9RAltH3QAnyyDuGWywXsCAcjGfjuDowVXFpRbvCDezS0T7vR6pL5O5+qceUpzwuBlGo4SUqri0mlzWi7K2y1V9PLVWv5j8Tvhf4PutDvdWgsDpOpLFdst5pxKRuyQuwR4gPLVTglgBzuY7iDk/j14DgWPxL4stlmy4vbrDYGSwlbLDHc7OeOu7rk4/Zvxn4gv7fSJNP1jS5oVuoLxI72xPn2UhFs4G5VJeMYAI3ED1AHNfjf4IjhHjHxfvcj/Tr4jhgTiZsZAPU5bJ5444IJrLianCOY4P2cI0lOLUrWjdvldlZq1ukr+nWxwVVxksrxaxU5VVCpFU5SamlC0Ze63e6v37Lo0fYt1N4x0fTtJuZLK11zQZNJtmj+zxqbu3XyuVdCD8q5OSVLAnGQMgYEGqaTfFY9Lv5NA1CZwktpOJEt2Y5J3KcBQ3QEAY29Rnj7k8H+BfDfiH4deFrh4Z7LUpNJtwb21LFHAQnEgOUbqrMD32kEDIPnPjT4IQzxPdNb6XrEFpBJNK0Kmz1DCoXO10wrOqgntjv3DdksPmUKUalNqpB04tRtdpLlu/Sya0vfV33S5YZnkuJxlSjXh7GrGtySnFOPN78b80dU9rNpJ6X8z8xrSxn/4TzxRDNIjOklyWkjYFJHLA7lbJyCPxPUjAr9Z/gvdabb/D3wvZT6nbQXws32Wk8qRmZDgKIwxOcjAyvQHHy4xX5TaAtt/wn3iWKPzFt43vYo45XDSKkRKhXYhmZlAHIJzgFueT9b36JrfhPwfBoGvWttr2j2E7HTLmQ2zXC7sqsU6sC7kH5QWyPl4XFfOZdi5YbFzquKbftFJX3vO9vOzT79tD7DOMBRxeXxoU52jeDhLm3tCNtFqlr33VtLo+6JA5zHBcPExIDDzC0ZA4wCpwwOMEMcHPbk1+QPxJDH4seLxKIowdTn3fKNpcMvQDoG6E4IPBPY19HeHfit4x8HziDWjcxRRkiS31IGS3KDAJguQGG3lSpYjlhnOK+XvGeqwa38Q9c1OHY6ahIbtNhDBjIV3MHGVZeSQeuBjoOe/NsZRxmFpOKtUjNN2ad9El81u7dbaHznD+W4vLcbN1Jc1Kcbc0buLSlT5d3ur3ve3ydz2j4y79M0r4e6zoV5JZ3/8Awilt9sTJKXPlhiGYHIkweqktkgHOBg/O8Pxa1mz817y0jubhP+WsYMUqgjgqCehHU4I49RX1p8WNG06f4ceGb/Urj7INP8J2ptgrhTMzBx8rEDccjnPJ75GK/O/UWgYrLHO0uQQhbIJXnGQvQ8gE8YwD3FfD4nKsHValKn78rybXWzUW2t+2ifXRaa/otLMcRFqlC/KrJO60s+Xzd+mttbPpr6Z/wmMniTWre9NrJG0fkKyMQd7CRck/KFBHfjPAA65r7E+NOoW9xb+B2S3Im/4R63WUjAIzEMYznJJb2zxydvHwJ4UaTzVKEOyX9vg5J48xcrgYOOzcdBnJyTX3F8U/EVppf/CGRatD5qz6HbRpIiqVtwY1+dsg5K5zyeBuPauXG4SUcJCnRhJ8sotRhvZKO93fT4bK+t3o9V34PEw+se0qyUfaXu2rJN8q0fRO11ays7rdW8O1/TXh0wyr8ymRZBuYnAPONoGfl5DccAAHtnD+DayD4o+G3QqS2qFgCuAQrE8AnkYGO568cHHr/wBo8NajY3DQ3dtdGJC5HmBfuqNysuT0GcDGDyDzknivhJHZn4p+HZIIkCrqs23GMAlx1Axk4xgj6A4OReUOShUhO8eVapxa35U7Xb1T0ejtprqZ59yP2cqb5otNK0k77Lq1tfslou6GfGSwXUPiJ4pXcFkF+ZAGOWGEzjAIJXPYYwOOTgnwySKS3E7uD8u5HDAjKnOO/Q84OOBkclTj3n4zRSr8SfFV9bM/mG9ACrggfLgbSQVOACCABkc9CSfKLu1u3s52uLfc7Rb2YjaQMtg9mzwX6fMfpk+5CUFBQjo03bm000tbVWa+9t7JJnyMuaMk5LTRvfRWjbTpa1mvR6Hs37KCMPHGpKnzSf2TMVAPBLoxA78EH73fqB68z4r8M2p1/W7iTyzJPql4HVdwZcStnOSBnnPAJIx3Ndr+yUhHxDvldQDJo0+F2kDiNuuOeigKM5JBAwCK5PxFfTf8JVrsMjs0Y1a9VU2g4IkcbicHI65I54xxnA5sbXqUqNBRcnKUnKyatFNLTVXS3urvp6nfh4xqTqSV1GNOnytd/d/C2m+2i0PK9W022tXgihc7HlOQQrZcMSOnGeh7YGPfH3l+zUsifD3xCYxKxSe7yE68QP0AGTyxPPfgY4UfF/iKKFYrUx7ATMPmwOSGIz0BXAOBnsehHX70/ZHEH/CMa6JpYxBBfZmeUjy0UxFmYgHBA3EYPHpjg04YmXsOeUU3GOnm3a115/ir+bOerSXMotX5pRTu3bl0aTur7J7q9n1tZfE2vRf8THUZLiNmcX1zsaddjAPI5GQQB1x93PGeM8VyM9psv9NIICvdQfIOTzKuAfvdSeDjJA5zkmvtv9pKLww9jo82htp9xO+oSieawaAyyqWZmVljGRzwCR3GOa+Ub/SLm31bQhewSwR3M1o1v5se3epdD/CBnHXOeM7Tndx56qOdnJWk5Kytp8Ubt6K62te6v33fo6KErUvdjG3Nf+6rtvayTVv8PlY/ST4TeAtT+J8vhb4caVeW9nrXijU9P0rTJr0rHapPKiLH5pJwELfeJOSMHg17v8af2OfjP8GL+90Txt4VkifT3hiGrxRfaNJ1e3AUiayvIlMS4ypKElkwCxGMV4L4Y8V3/wAOZNL8aaVJ5epeFJNN1bTZTHv8q5tljkRzGM7l+Xa3HK5BxyK/bH4Nf8Fg/hN8V9P0/wAJftNeC7Z5r22h0u41aHTxc6TqFpIqwzSXMRQyWkqhlJeJkI5IYYOPwXxu444+4DzrKsy4d4anxLw8sunPOsLhLfX6FWnUi41qUdZ1EqSfuwhO7i00tD9d8KeEeHuLcnxtDM81p5XmcMZ7PBSqz5YVYOELJqXuO09HeUG9LXP55fEvhqbTdcurS6iazkdAIleQsFJ5yr55GBncvoASelVozLCbazuGLst1E6STHepAIyuTuJHHJDHjjjmv6B/Ef7EfwH+P3xpTQfgX8UfCFzo/j3TX1Pwzaai/2g+H78AsNIjkSRXALPtWOUsy8BlbkV8ZftIf8E1fjH8CtSfT9f0JbO5illFhcG8ik03XY48sbrSrhd8eCoy0JfzMnAIOSc+EfpEcAcQ08BSxmLrZFmGLpUpywmb4erg5UalR8vsas6sIRhPnjJJya5+W6tdW2z/wd4pyjEVYYSlSzSMeadN4SrGpVrYdOEvaU6Klzziotc3IpW2a6n5h+NbLS7oWUrwxxX0c7NLJDwrRoAY2YDAHA7nqRjBqb4WfE/xd8GPiB4b+KngHVV0rxf4U1FdR0K+MUcsaSqSGimjKMHSQEhgQdwPGCcmLxb4f1rQr2Sz1zTbqynikkjeK4jkHQ4DDr8pAypIwwyepyOPsrVrq6s7YKpEk5AOCQoxnGOWK5GMlcZXPB6/u9HEYLMsI/ZSoY3CYmEo3Uo1KdSnOKj05oyi4Np9O6bPy2tRxOAxLVWFbDYihOPuzUqc4TjKNk04xacXdpO9mtdD3nxD+0J45+IHj3xz448Vm2uvEXxLknk1+6giWJBPdHM7WyMAYwNucJjkt0B57Lw/8Q9c8U+DNK+AN1rEw8I/8JhD4m08aicWml31sDI7RRrtZvtTqqS5IUkqc+vzHBpD3OoTLasXktbzygighuVwcAHsAx4yBtPavctJm0rQ9L03VpbeF7iziukuFl5mlkBChgTypUA7TyQMNgmuSvkGXYrDU8PLC0KSwk4VMNaCSoypQ5YShZe7yJuKv9lvTXWqfEGOweI9t7aq3iY8lbmlze1hOVOU4y2drpOV7+8m/M/UrwB/wT80H9tj4d2/jb9lzUdP8PeK/B8uk+EPi54f1Z0eDU/E11LLbjVtLjykttbXJQGaQgxoG3HADZ+Of2jP+Cef7UH7L/iKXRvi98N/EOmaBp1zC3/CZaXFJqPhmYyjzFEepwI1v5jJtby9+VzyOAByHwL/aS+J/7MnxW8HfEj4X+Kr3QJW8S2utXejec7aFr1vHIrCz1qxB8m7hOMFmVnBOQQea/pe1X/gr78Pv2sfhZ4d+FHxy8LS+D5p/ij4evPH3i2yghu/Cf/CI5VdRdBNG720EkblZwrKVBB7V8HUwOcZFUmoVKmNwk5L2SnBz9lFyTcJyvzxSuuRvmSSu7bH2dLHZdm/LUcKeHqSjH2/JJ05XUIPmjDWLTteS91yk76WbX8pXjHUrW78HzTRXMr6gsVrpp82LaJYI3ZQ+5gpfaFO8Ak4+9nBrg5/BfiXw7o+keKr7TPL0bX7dvsWoLJmG4a3yJFUE8OMYxxwD26/1N/8ABS//AIJ7/sqXnhX4A6/+xzeaBFqvxl8Z2vhPw1pmk6pBf6FqKavtEGqzRCWWa1meV2Z/NIRMkBccH8mv2qP+Cbv7Y/7LXhmR/ip4XMngDQx5C6vp10uoaBBdXOSHdosrYyyg7F3MAx3dt1ehg8bSnVpQryjQlGaU4Wk43a933vhUpN8129dtHcwxOEqewlVpR9rCpG9N3UZOzSleEnzNJaNq9vTf8tL7U7lZbEi4crLIk5TJlUbto2sTk44/hbaAMkjgj6N+FXxO8EeFtP8AGlh418G6Z44g16wgtdJs71pIpdE1MsUg1G1mRlXeGKlkYNnGNo3ZPzjd2yJeRQyRzIsM6xrGwKrs2qWMcn3NmTnG4g+ucZrXsDm5uJLR8QiSBAwfAjk3AoSSQ2QcEDIxnHrn08fhqWNwdShKrJwnKL5qVRxnFQlGSScXFrVa2abta9tTlwVeeFrRqeyipQSbVSKcJJxtrGSatrpZaNv5+7+Mre88OeFpdJTTo0WEvfXYkdJhFDqS7rfytudu1XCEEkjAznmrP7N/2Rtc1JZLZL4t4N1dIbPahka8uo5Io/KVwd0rMQU2gsTwM4Feaa9qviPTNK1fS9XkeaC/trFlunDTKWQK0cUNw2452kB1z8vLYOCB6/8AsgLoifFCTVPEcFxc6fpPgfWNReJHELRXEMUr2s2CQJPIlAk2kY4I4INfN8RRnTyjE1FFSqKglT5OaLulBKzvdSlKLVm299NUenk9WlPMKMOa0VUkpuVmkk7tWe1l07Ruty/4c03x34D0nxt4t8Navf6L4o+GdzpbXoN3JY6lbw6lOslr5HktEzhS6qQWII65zX6Kfsz/APBZv46/DOzfwV8Rra0+LHh/UJEtri18TRpLqMFpLGFligvnUxh1Vjs3AybcfMG2mvzRk8Za/wCPPiB440hdXjOl/ESVEnjaJUuLkaTHu06P7qktI8aRjGPvYA3Yr58u7HVNGvNQilW4smF3cwSxzxtviltWdG8tiM7gVOCpHIIGcCvj8XwZknEkK1HOMDQqYr2dKrTrwhyYmjGtShGbVeFqiftYz2bSur7s+i/1kxmXKhPCVHPDKVSnOjUtOlOdOo5RlyT0TdNxV1Zpq192fqJ/wUJ+Nvwu+Pfjf4OeMfhffQ6e91btZ+JvCs1m9vcaDeG7V2tlnlJmufNXPkvvOTgIFAAH014p/YN8BXvwfm+IPhFPiBp+u3ekaTPcx6jpU2oaff3lzaRzzRNGkZa0hYkiCSQhWQ5LMCDX4Fw6jeDUbbVWRrq4trq3ubaSXzGb7RbuGRnY5DHKjOSQewzxX60eD/8AgqH8WLPwtqWl3+tPoMv2TRPD66aLVbvS7u0tII7UT+Wy5jumiUjeCGBY4HSvjuIeGOKuGcs4cwPB2MxdTC5XVxf1nnqtynRrVIVKMaqsva04OUo3ak+Wzauz6nIM4yHPMRmdXO8PhKNXFRwqoqpT5lF0qajVUJO3JKaVo2ktdHe138HTeFotI8Y6xpmpyNp0tuby3SyuIDFdJLBujLoe0bONw4wpPzYJFfPXjrRLjR/EM7TSJIs1tDcLMHw0qtgq2QSCwBwRnqRkYr6xAufEPiy41TXJJNT1/wAbeItSn0S6UCRIra6EkjQNHyy/O2RGO5CBRmuV+JPwX1+zlF1rlhqENvd2hGnvPE8E5ktSPMDQuA0aMASgJAKgMB/Ev6bl+f4eEsJg8wxMKePxGHpzjRnOMZVJqMFVcIu0pKMrp2TaXxaHxuYZHXl9YxWAw7ngqNeUXVjFy5IyadNTkrpOUVpzWemj7eBeFpN2k3RaUxGS7lIdcgYEbEq2ODyAMHoT0yKs+H/EryaiFv3eeBLd7fJP3AjFUOTzhQ3J/EAngvh0r+zrCOKOVhHcXMoiDdVdFdWVumGJGCB0xyB1FbRdGhuo7i5yg+ziRZIslXl5zhSeo4Izk5r6uq6cqMVJpJW9++9+VrW1r31TW6e9z5empKu3FSv9qMbtWi43ailrp1Su1Za2d/SPElnL4e0WLfGsc97HFdwywuJFeCdNykbSSrKpG7JBByB0rktH8U3BtrGBl8yaJpHjnkOZFYHOVcEMMcZwRyOSOKtasxubTZHcTMi6eI0hlZnEe1VG2PdnBwASMg/QCuF0xzEiSCMYhkkjYkcbmBIODkkgADGOCNwHrkqdF8sKkIVIOK5o2Ti9Fs9Xpe7tZWt01LVetD3qc5U5KV1yyataS5fSzem21tWfpX+xb+2P8QvgLrniC30nw7Y+PPDmr2ztr/hjU0S4tnj6S3UCuCPtLRM43S7hljxtIz9T/Fb4hfsPftE+EtX1Pw34c1r4H/GeysL2/Om2cRTTPEF9uLizkZl+ynz33BUhVTuK5PIz+RnwOj1LVfGujaPY6gNEn8UXv9hC/chbeA3OfKlnbI2jdtBPUZz2JPp/xZ+G/jL4aalqlv4viee40vVX06HVYUkSO8ERWRLq1uIyqSrh0YFeu7qQMD8pz/gTKMVxIsyyzH47IM/xEaGJWJy7F1KP1qOGlGEoYjD8zoV4csY05twjNRa95XR+lZDxjjaeVQoZjgcLm2W0JTo1KWKo05ype1u04VFF1ISerTba02erX0X4T/Zu+PI8F6X8TvDfhHWr/wAM3UdwHsltWvNVtHgLedcXNlEDKtoyhXWXG1V55BxXPDxhNo1w2ieIbebTL13IfKMse4nbtG9VKseUbIwpUdAcC1+zl+3t8e/2e7uOHR/Eh8T+Dbh/IvfDWvQfa7V7aYos0CO4kljLRgKMsFA6DAJX9F9D+LH7FP7b17JF440rTvgH8SF8n7Hq9xEi6Nd3RUDYrRlLaOO4lYM4kG/B65INN+JHiZwLiqtDPcihxFkEqsp4fH5W5urhsMpLlhiKFTnqOUIv3qiTV1e9nppU4N4F4uca+UZl/YmYeziqmGxDi4zrJRT5bWUot3fuu/eJ+chuobgiDzh5E480Sh1POScMcFsgdeDz74rc0i21vT7Ntd0rW7uwvLW53WzxXEkDKEyUxIhV1LMAoKumeuTwK+p/iV/wTg+NPhqDU/GHwyvbHx/oul3ZkjbwqTq9hf2krB4Ta29vJJIsroQ0oJKkjAA5r5Vi1DXNP1i58IeN/Dl14c1XTpi+o2ro8VxaCNVVftdsyiSEbskBhkepxiv17hXxO4D8QIRwuBxlGWO5LV8uxUeSvRknGM4zjON1yTfLJq6u07vY/P8AO+D+L+CqzxNVTeEUv3WOwlT2lGSklOLfI/dco6qM0ndWeiPdNT/bz/a4PwM8f/BC/wBek8Y+CvGmlnR57TXJnuNR0mILhX024ZmcIFVcCR2/75ya/Nrw9qfiHfJa6hqA0OaLbaLbanbtG0hjAQPHIQEcHbnjAxx2JP2tLZ6be2BiiuI1uTJmN5MoWjBOwnBAIPIBz83tmsbWvCVhdWq22p2NldW08ORcGPMgK84Eoy6n33ZwM9jj9ByrKoZNXnUyqEIQqSU6lOM5RhJ2SdnGWjs3olZXvZ7ny2aZpLiDDQo5lK9SEdK3JBS5ny3dSMk4ybtronoknrZeU6Loer31vKG8QhCNuBFGmP8AZKMATg5BHLew4qO0+G0er6xq7z+JL4zW0MMLSxlVMnI+R2HGcDAyOM9uRXQ3fwzvdNtjc+CtYubaSRFdbC7Jn095gQNm8kuqlhjlgehPrXnGmeL/ABh4K1jV08a6BNp0FzIhOp20T3OmBkJG7enMe8YJDMRhgRkcn6+lnOEnOjDF0quGlGcbylOUqbulZqSa6dW0ktbO1j4HEZBj6UMRUwVShiYuFoRhThGrvHXkaaei0ScrtJ26L1O3+E+jK0TT6rqMz5VWHnleCBnb1z6gYG4jAzjnZi+GXhby7mUrPIY9qnfNIWyTkv1UA45OR1z65re8L+ItO8SW9reWNzaXKOwLCKaMsDsyDsBDKCQSVOSvTOWxXcWcRex1F0tyw84KuNpyQeRjBIwMAZ6k9BjFfVUcPgKtP20VTqxle01JyveKaertpdK7223R8Di8Xm2Em4TqVKNRNxknBQlGyjZfCmk7rTTtpZnyJ+0j4L0nw74R8K3umW7R/adcEczM0hMm23Ukru3KOSRweR6jkeR/sVMqfFjx2hVCf7POAxUgFrrnGR07cD64PB+mf2tobyD4feD3ltnSMa9tQsh728ZyTgjgAhQPmXBHXhvgH4J+MvFPg74j+J5fD2lz3U15a+TNLDZy3JhjE4ZZGWIFhuI47MDg4I4+OzGtSwmb06kKSVOFSElCKvq4K7ad7NWWmi1+S/QcmhWzXh2VOpVTqVFKMpyfLb95F2be2itqk7dErH6P/tJxCHwT4lBs4xv0N2ZwOFIk3EZxnOSRnIySeRjJ+Lv2Op4E+Lc7Txp+88PRKnIA3K4Ax0xkEjngYy3PXvfGfi34keKPDviseI9P1aPTk0lszS2rWtrGm8neRKgZS3QAkDJ6ZBx4F+z/AKh4u0rx5NqXgvQrXW9QTRFiNpfTrbxJCsmDJuO0bt2QFycg5Oe/BWxbxGb4aqoSXvxuuT7PT3Vq/nbXfy68LlNTB5Ni8O6lKTanyyvHkjflV3J6LTq/S1j7h/a+aJvB3h9xbbC2uXDbiMjYbOTBGOnGDjv0I5r5X/YwvZIP+E6SGQRzf2kmw8ZLEnBBOAMt1Bzj3yDXofx68SfFzxB4RsZPGfhfStI0aw1BZRcWl4sknnyxGNEZEOSimTAJ2qQDk14f+zdB42sG8YDwlbaVPJJfRNdtqEjLsJztaFc4yueQSQBgY6Gt8VX5s0hJQnpryONr+6le19Ne9n5dlgcBGGT1KUqtG/MnKSlHk1nF7rRWvfyvorar6T/aS1HUk8CQPe3PnmLXIysZcEIWhKbsAZxjJAwPm5I5qh+xBdK/h7xWkkcYZdeRnLdCCjYCkgAtkcHuMcDHHG/Giw+JOoeCNVn8Tz6HDaWE9tdrFZRyNczSsQu5pM7QoLcqBzyT0BGP+zNo/jKfS9Yi8O+KINEsJtVia7hFmZ5ZJgpwySAErtBOByM8d8VzRqVI5xGUac23T0p2Sk1ZJt81ru66PqrHVPC0XkvsJ16aXtF+8vzQXvRbV0pNtrS60Xyd/U/22LiMaf8ADglEjA1XUGCkgDDKygZ7qMkcdAe3Svqf/gmh8V7X4TeB7rVZbC1vpL6XVYpI55ViRIzKSjKxGGzghR1Jwc4yp+D/ANp3w/4ottM8HSeIPFV34gYardRWwmt0tkt0bJLDaqljjIJ5wcckc10/7PfgrUtW8DRyw+M9R0mCOe7WKwtFjWPeWIJBYYO4kHGTwPXGOHH0amYYrEUeVpzjDmjpeMYuF9VprpbVt2d1s30YV4bC5bh5+1jUhTm+WcU7OTeyjbmT07dnvqegf8FGfHkHj74nXfiSCG2il1HwdBGbW3ZWjhS0UqNxHG992TjryTgAZ9y/ZG+KNp4P+D3hS2u7ZJJptPuIvOSZI5BHIjhY5Ax+6ORjAJ7Z5Nfnh+1B4Zu/C2oaHA3iDVtXe40m5kmnv9nmgphhCmBzFn7o7gcc9fQPhT8LbHXfBPh3UbzxRrtqb/Tw8sFpdOlvGTztiVTheQMkAcnqTtxw4XAVVioYaELuhCCabSvHmim/tWez3T3O7EYqhLBU60mnCpONrRbTadrcr3e923bttc539tjxE+seN/CV+ssbx/2bqxhhjlWTy1bDKrOCwUnOdpI6nqTgfeX7J3xQ8O6F8B/B2l6reaRbXMsMoC3N7bRSIWc/6xHIKkFhgHnHpwa/Lr9pTwfa+D7nwva2N3qFwk1vqLvLfzmaViMDCuxJCtliBu6nPPJr62+Bfww8G618NPCmp3eji4vn05J7gyXE+yaQMcNsEnljgDIVQrc89c+vg4Vp490o8vtKNOPMpt2d+VaLWyS2s72j1PHzeGGq5bTlV5/ZVJxtypXdkre7K1lq7tXe1uy+cP2s7+31H44a9qmn3NveW0UOntFPZyrLCZRKm5hKPlJQdSDxz0GQf0L0j46jTfB+haFHd6Y0VhoNjArreRK0ZNshbcFO4AMxBGWxgj6fmT+09aWPh74kS2Gn2kVjZfY9OZoImfBdpQGMm4kncBjJ/wCA819q+GvBnhO40DR7kaHau02k2ss8peRt7GFCWfDNlSSTyM++cilSw9SvjcSvd5o1PeTb3ur8rtd3T7bJ6MKzw9PLcEoxn7NRhGKuk1G0U076L0V1Z76nyx8dfGp1j4nTapJfQXCLp2lI80UweP5Lnc6g4HCoRk5xgjnIFfqjpX7Y3wjsfBukaXBqF9c31jpFhAY7GzmZHmSzSJkmYxsGMcgO1h0575J/JP486fp2keObmKzsLS2hXTtO2xqMgeZOASVJOTj7x6/3cZr9OvhpoXhI+GNBlXw7ofmy6NbNLI9rAxDC0Dl2zGSxZ2Pb16E5rTC4GnWrV02lOk91rrdKyt2to0rrTq7K8VioYfB4a0anJUiopJq6i4xWt+ZPo9Hfe/RP8mvih4rsdT+Oen+IIo7iazj8QfaFVoXWWVZpRMNoIU7m8xQOAAQflYHJ+o734uAQl7TwpqrhzsdTH1bHBGUCjK4HoOnIIFfNHjWWA/H/AESBYoRDJ4w2bFjBjK/ayoUABgVHTGMYwcE81+mb2NnFHsFlaBQVDZt4uA64OQUySOgY4J5PHOOfDZbRxU8TKcvgltb7TStezv8A8Ns769SzWWFpYaFO79pGLTtZx1grPTpqm2lbz1v+VPjTxRe33x10XxBBpF5A9pPpJGnyIftEpt5I3MYyAR5hAA6E5AHAxX6D2X7RfiEqtvB8IdUmKzSMskjgqzKpJLgrkZI3ZJwCcdRmvin4iMsf7Suk2cUa7ZNbsIlUAgKNsJTgngZboP05x+lelWGIvJnVhkzgLlQxbynAVWDcjkEEenJJBI7spwkJ0cWozcIwk4aJNuyjbfSzV9NL73V0RmeOdOeG5qKqOolJuUpK15Rb20fXV3TXTZH5XeFvHni3SfjXF4o0TwxHc60msavcRaXeP+633MkqyQMQQcQqxUEADjrg4r7D1L4y/tCaxBLCPA/hqyjmiuISCWPl+chDbCX4bGcNlhn2O6vlXwmSPj9bW5BQLrOtAhiBgq0jcMT82AcnHQ9M8V98MYDbyrJMrDypXUGVAclCBgK2c5IBOSeOBjiuHKcpw9enialSUouFWoktL7LW7W+t0tNLNdTpzLNMRQnhqdNJe0p073cra8vRSV9mknfW3bX88PBUHiOX4l6MLe1sW1k6lqU7LKwFos5ZzPHgnG1eCpyAeB6mvt62074kRQXMz3OhRW5sb+Vl8lmICwSEqmOjnHLHPzeuMV8deB9Qtrb40ac1xcxW1tFqmshnuZVSMnMxxvYnnJAXqT0GTzX3ZceLPD0ml30SatYuw0nUFjX7QjFn+zSgKoBw5Y/U4JJ7kGWYDDSwuMcm42qTa12s0r6/dpbstDfG5hi6eIw6hy2nCDl7vM/e5U9dlvdb36tJafDX7PWm+IdU+Kl3Jod9baVrdpcXOqW19IhkW3ube8LrJEo+U5dRwcrjHQ7c/r9o/wC0X+1t4ettStbf4ti3tZ0N06fYFA8+GPfvTMfIfbyDheSQMDFfkL+zX4k0nw38XJL7W9QisbaS3v1WSd/3b5uHZU45yTyOduRheor9FtX+Mfw7eylgGuRzSvaXW0LBvViIHVQjKOmQNpPBBXByK+ax3h/wfxlQp1uIspwOZ1MM5qj9bpQq+zjeL9yMk+W76ae8vM+hwfGeeZBz4fLcdWwdPEKDqKk7KcrRWrs7pX1138j471P4rfFH9p346axrfj/xc7eKdL0+40yHWbWJYHNlp8nkxwt5e0DIGSQTtPXjAO54j+DniiHStY1CXxzfSQwaZcXEkQmuiJwkcjGNl8xV+f1wRnjqSa8J+A/ibRtP+MutanqV40OmTLq0izCB2LB7o7R5anPK4+XqMAEHAI+2vE3xL8EXPhbxJa299dyyS6ReJEv9nyKS5jYLkhQFBJOGxgDocV9XwlkmR5Tk08HhMPSwtDCyqU8PhqS9nCnCPKoRhBJJRTtpquulz5nOs3zLG5pHE1qsqsq6hOrOajJzk7OXM3q73adulvn8K/s9eALfx94l1mwvde1rSBaaZLL5uj3ctnJOySEFZTGy7kPJxgj8QK92+KHwE0Lw14G8Ravb+IfE19c2WntOi3upXE8TvxlZIjJtKgHIDZDNkkZzXmf7LHifRPC/ivxHd6xNcKk+kyR2621rJcyGRpmxlFBxgAEZxySPQt9LfFr4h6Lrfw88V6fY22qtJNpUgV5bCSJOWA+dyuFBGOvbBwMYHrUsPhpYCdWUY86hUtrd6JWt6fJ3tvZnn4vE4lY+lGEmqdqd17vWzfLorK++6Vn0SS+Pf2cvh/pPja08Qzay+ot9hlthElveXMERLFi3mLHIqk4A4PJO4civoHx/8M/CujeCfE17Yabi5t9FlkinmubmZopdoBcLK7AEjnkYJyQemPJP2Ydf/sLT/FIXRtQ1GWeW1MbWgUJFsDZVidwBJJHucrn19+8da5q+seAPGTT+H5rCNvD8+JJJkB2rgElQP7oXgdvSuXD4bCf2Y5xpxlXdOd24JttLe8kraap3eva11rUq4v67TXM1C8Hy8yTt7jejfbV3T+fXx/8AZQ0Dw54gs9d/tzRbDV5oBarbvdxNL5TMxDIgPA/hyOMdQRgivqT43eBPD2l/DfW7jRfDWkaRKuiySyXNvbJHcmVhkneVyu4ZBAbJzjcOQPjz9lvXdZ0e317+z9AuNYDy2o3xSrCLcoWOMvkenPy/d4B6V9UfE3xF4x1bwX4gh1Lw8lraHSLhWnkvEkeOJYwQVVANzEYA9/lzxkujDDTyST9nao6crtRV09/itd30Wny315a1XFvPaajUl7JShaKnv8LatfbyVtmn0v4H+yN4b0HWdB8XPq2mWl/Nb38ZhkukDFD1fbuyQOpYDP4819gaX4N8O3tzNGNE02LZZTtvWGLLGNThg2wkfw85zyc9jXx9+y5qGs6doHij+yNHF9BcaoiPcSyhPJKdCccNuxjkMOckdK+lbDxJ43ju5Ira002FTazBhICzBcEMAQRkgD5Tklj1yMg9GTYfBzyrDyqYeM6lpKUlFWvzKzb1ttq79LbPSc0xWKhmc4KtKFN8qUFO3SDbSu+vS2+uu52VrZaTpvwq8R3V9GiskLwW4iiC7389lUyeWgZmAAAPpkMecV5N8drDW9K+FGl6tb60iWs7addiGEjdaoY1QB92WKnAAH0BzU93pHxD1jwJqt1LqDWPh6zae8uLRbVxHeAS54mIACBs5yRz2K5rvvino1nrXgDwVpwgilsbyfQrK9gDECWK4EaME+Yncucj+FS27pjPk4/ASqSUKVoudFRim0pRekU1a+mi3SdrNnv5Vi6VPD1J1X7SKb9pbf3YrS75b3W9r3016H5R3OrXEs0t3NdS3EguC6M00hZCWyXik3KyZz0QgDOV4xnJuNSvZVkmW7uWZJCwEk8kpRzgggOxXKj2zxn3H3t4+/YwWeyvtX8B6sbeO3dmfR9Qzh225IgnAwgDNgFjgnA56n4X8WeEPE/gmSWx8R6Vd6TKjkRvNEWguEUAeZDMq7XDAgqVbHJbAPNfJZjlWa5dJLERqODtJTjKUo/EtdLq1vKL0v3UvdwOZ5VmMP3E6SaVnBtRlF6Jq2ktnbzato9TBHiO9ieJpit2iAqA8fQkYI3kAF88A9iQD3rUju5NRSOaGVI3ibAhdR5o5yQMcEDHA4OMDtxyC5cIEY7JOjOcKOcsMgZJPAIzhSTzw1aF0s1kUkVCAiBlkXG4NyQSFBDdRjj5h6AcceGrYpy5uZys+VqV3a3L1u7WSW1+nmnrWpU00lJJ6P3bJXXLvtpf106KxuR6Yl1drfXErRvbSMsiLw7q2CJHU5KKDngjj6NWRc6UWaW4ili8t7thHgDccE8N75/Lnjphlt4n1OzlnESwzteW5SR50yQuTtZSQfmBAwRggjkggGsay1bULeRA5WZPNeV1KbV3Elsg469cAkD0ORk5VZRdaXM9W9Fv7zcW3fl7NvTVab2NOWDpWd1JJK68nHXW+yvt1T2bZ7n8FoVg+JnhRg4ZjNPk/dwxVgVIPA5J6D8COK/QjVpGjkm+YOJBIChBZRl9uCGGOcknHXDf7tfm58LNbWDx54f1KVCPKuJSscC7judSACAMnBOSMEH2OK+8pvEUd3J5quXUs5cKMMpB+6Y2AJIPUjJGTX6xwTUwksuxFKSi5uvaKbs2lFWdne92tdOvkflPG9HExxmHrUY1VGNFfvIczUWp7u2idkn9/Q4LxZ4e0bUvFnhmC90qymtri2uFuIPKRFlILY3soUkjIAJxkDOM1zOt/AbwRqRD2i3+j3Eo3KbSUmHcOmQxzgcjjBH05rt9Tu0uPEnhyXH3UuipPAAO7PPIztB6HswOOtdLFeDcreYCYtwwSGwQQCDu6gjJ6DA5PevaWSZTi54lYnBUKvvpKTglLWMG3da73d9N/Q8R55muBo4R0MZXpvkaa5pSUveulJO6l91unVo+UfE3wF1/QrO7v9J8RQahbW8ayvb3KMkqoSMIXclWYFuuRzjb0NcH/wAI74/0I29w+h6ki+XHKl5pE0hbawyHzb4ZScZz2znA5NfbHiyRJfD+rEFSXhjYLkbgPMUnG3nkY4OM8N6Yv6Qmyx005LNJYwqYyucAIQOCSMk4OMEdc189jeAMoxOIlHB1K2EcYRleMnKPM+VaXu7bKylvre9j6PA+IGa4fDRlXhTxTVRwu7RbXuPXl0u27Xt1tZnzR4H/AGk/if4AnjTT/GOrWsULjOm60ss9uxB5RxOHJA6nac4JGMYz9NaL+3RqmpzWo8Z+EtF8QQJGI5LrSWW1uip+UuQ2SzNjJAAyc4PHEep+FfD2qWgTVdE0+9EpfcZLWNJBubBO9VDrwefm5zjOTk+EX/wS8Jax4s1LTdNlu9AtrSxhuYWspCQJSCSMHJZWYjGCDycDORXzWO4IznLrTwePWJV1FRbcZqyjZWu09VZa2t8j6nL+O8txy5MdhPYTSTlK3PG10k7xXMrpttONmk0+59+eGf2kvgTr8XkRatqPg7UyIy0WowySQCU5JCzY2hVJ5JG04wc9a9whFv4l8OzT+Htf0HxDGyrMps7+3S6IBztKF93z4JKgEgliegx+PGpfs+eMLJPO0bxFbavEFOy3u0KznBztLsME8qDz1yOuRXHXCfFb4fmN207WLJUmVftGmXlx5LOCNgVInxl8ZAYY5PIOTXi1avEeAV8ZgaypxSvUjFyjvHVtXTfW9120bPo8NiOHcwklQxVKFZpWg5K6fu/ZaTtf4kundn7UXlzqumQBLrQbq3H2dQ6qvmW8gxgukvIXIPViQfxJPMT6f4W1i2ZrrT7SS5cSSOk1qPMbCklVkRF+Y5z1wGORjg1+bnhr9sj4oeG5YdO1DWbtreNVQ2PiK0aWIqqn5fMaPcflBGS2RjOM4x9AaF+2loGpRiLxV4PsL5SoU3mjTx20oJGGlWMEOSc5weR97HNaUOKIRUY1XUpSdk3JNJaxTvpdp9PPy0NK+Q0ay56c6NRLW6cb393ZNeW17aaO12/W7f4Y+FLuz8+GKeyZ5Z2drZ/mT52IVlbOWwMAAdMdRiudvfhNcW9pNcaZqizAErHbXMf7wp95QSR1xgZPHTvxWn4d+Pfwf1429tFrt/oDmXzEi1OD91GW6o06rhgrcEnJz09D6zpuqabrDO2i+IdE1u2DMYUgmjErFuSAC4AP1+YknIGK+qwHFMXyRhiac0vgi3HrbdX12Td9dd07Hy+a8Lwqxl7XCNXu1OMeulmne1vn93T5CufBfi3T9dsrqbTHnijs5IyImDqVAPMZBxnBGACD27VqJfPCoiu7S5syisjtOjBd2TnBIVcADaM8f3cnOPqq9jUarYpqGnSQ2yqyK6Mqxq5UEusiEg9SMEHA6AZxTtS0bR5oFMNqkgdmDo0S3EW0g5CkAvk4yTnI64HWvbjxLBN3UfflduLteyjfo+i+5+TR8zW4SUoQUJSj7OPKubs0mt29b6Nqza6t6Hy0dbSLS/FFtBPCY9R0q3jkYtiTNvL5iqqbiCCRzwQBjv0ydJuUls0f92FKoAvRhiNUyeckZHGcdxkcmvoPX/hj4Z1HT9RvGgitnW1yGt2eGWMjOSUONy+oP+7n5vm88u/hNPFa2p0fWGbZbBjHIA4+YEqhZMgAnnnBwT1zz0086wjnOcm4Skouzd3Jtw1v0S0b09L315K/DuOjQjCKVSMW2o917tlrZJ6J2fXeWxwWsTq2mamGkwGsZFGTvAygGAGYcEgD5cHBO09RXbaBkaHo6R+VsNvZI64Dq3zR87RxtIIByM8svA5HIat4L8T2VnfebZi6h+ySK7QkSZyvB2g9eOAo9cAYJrX0i7ez0uxibfbyRQW+1LhDGN8e0BQcA9iRwoxk7uAD30sZhsVUbjVpyXsrWlZtuXK7aq22mnS2nU8argsZgqUIzo1Yt1W3JRekVFbtK2m21uonxo8BQ+K9U1r+zLOzt76Dw/ZiGS3hjt90ojQfvAq4YN0JOWJ75Iz8deMfhV8S/g/eabaeMNAvdBfVNNh1XT55UP2HU7K4Akhmt5ivlMXVgSqknHBA7/dcOsvdajr89xtaWTSUVWVxk+WF2gA8jGN2OcDqOSB+i37Xmm6Z43/Zg+AVjqNjY31xqsOmWcOoPbRfa0jh04J5Ud0QJVjRgAY1bYGC7gSK/OuNcjpYn6k6NClSxVZ1INpJRmtXFTS1u72Unp3Wt1+gcB57iKE8XTq1KtShR5JRjKTcoapStfXpppba1j+fHRfEcltqFpd213daFrdqUls9QsZXt5I51OVMcqFSASFbbuAJxgFTX6bfBD9vnWNAk0nwz8abV/EGkQ7LZfF8KmW+ihx5YW/jw32hFQjeyjOMkkmvkfxb+yN8UNO8NN8QPDeh33i/ws+qXmnzDRYGur3TpLdzhZraNWlcRqC5lQBByOB8tfNf2zUtGlns7yJ2RJXgns7tGW5t2DESI6OA6yJz1PB455NfktfDY/KMVKGtOdOfvU/sbxe2yTasnq9urP2aji8Bm9CMpKFRTinGolaUW7XT0Vra3W1k1Zbn9E9p8Ivgf8XrQ+NfA2pxx2utXBnu7jRJ4ypkcGQCa2UlopTIQXVl6gjjtR0n9nbXdA0jxhb6V4jluDqtreFrWZGQTiNHNtGBwvmEKN525yMkHGR+Kfwm+MHjT4ZatBqfw88RXFm0ciTXGi3Mzf2feKpVjHJbkmNfMz5e5FBbpuAzX7G/AP8Abw8E/EG7j0L4gwW/gnxPJClpHHOcabqdy6GFWt532rEzsRtV25I4b7xr6XKuKalnQrzdOUnFcs2lCcvd2k0rPRWTa0s7tbfNZpwxKK9vh4KrTS5nKEUpppJu6j1T+0m766Xdl43488Xa14Y8N+HfB2vpPaW2qDT4Lw7d3mR2EognRwylJIyCw6H1AGBn5w+MXwE8DeIdP1fxJ8OJmg1STWbWwhs7dNunXNzPGZJfMyCLecygAZO0E8AEAn9MvHXwf0X4nRXEet3E9tJYXqvoOqWDK6rbXcqyYUcgq2Mlj1ySvv8AOni/4da78K/BXjKyltVvLK28Z6PqNpqMStJvtThS0xTJEzbsngAEEjGMj6mtRy7NMLCFaMHVk3a6s/e5UneKfTtdWa13T+aw1bHZbV5qU5RirKV09FdRacXZdbLZb2eiv+Puv+GvG/w/1eG11zTtQ0G+jcxxvdxSxQ3IH8UMgURXFu/GGwUIJOK6jSNeivL621Szmbwz4qsJFktdVsXe2SWeM/LIrxupDPknB/dtnkZFfqX8dPEmi/Ev4Mast34Ysb7UdCtrOPTdRRInuIIbVFS8PnIokQIWUMJGP+1yePz6j/Zj8da54Nh8b+EoW1yyutTa0TSY5BHqVtJGAT9nB4uAWOAE4JxjP3q+BzPh/FYR+2o3lTjrFxdpw2srp99uj0asfe5dn+GxcYwrNRnJKMub4XJKLcVfRX3fMt9NUfcv7P37dmpaLHbeB/jjHJPZ4SOz8bwI5ulDFViF6sePPTgfvF2rwWfPNfefi7/hC/io3gzxzaalBq3/AAjs9ldaJrdjJDMg+bPlXJjDHcoIDK4/dk7fWv515tS1jw5ezeEfFunTLeWLPBcWV/CYr+xb+68cilyq5yoPBPHTCj1nwD8VfHXwwmt9W8E635ulRSK1zoV7M8ml3iqVYxy20jsImIXbuj2LznHy4PHg+IcRhZQp4tyqU4Oyl/y9jG8bXT3t06q2jdkdGK4cweNi6uDcadWUeZ0+VKnJ2V2rXS9Vor/d++Go39r4K8O+JoNXsn1GDxWmr6q2raZCzNHeXVoUt4Z4kywyeEIyp7YPFflRfeIZtT8JarpjLHcLp+j7RHIgWXy49SlYwTRMF/eRo2XG0Nhupwc/ZPwQ/az+HHxo0+08PeIp4fA3jyQxxDR751GmajLGNivZTyMYmRmYFIydxyNxPNdBr3wH8M+JNK8X6Jf2sWmeJ76Oe+0/WdNVYwTO6mJXiQBHi+XkqrZBy6kcn7rB5lh8bQcoTjUhJa7cyvFaSW6bs90lsux8NjMvr4CuoVaUoSi48kldwtdXu0unTa1kn5fIPxD/AGcPCPjWC813wBGug+JdK+H+i64NGt0xZ63fXMQSZcYJhuHdT5ZGAG7Hlh8F3EPiHQbm40HxpoV1pl3GSZbDU42hu1VgCs0TOi+bHgZRlPcZPIr9VPGHgzx14NkvLqF5pI9H8D6PZvq2nBmjuH0+be7TxqSQNmAfQjacEGsL40x+Bfik+hy+J7KFNSt9M0DS31u2jCT20t+qw/a3mVVyEc5aOQk9cA8keBm2RUq79tgnGFSd/c+GE7qL2s+V31ur/wCXuZNxFVw/JSxfNOnBNXb5nHVKKb1542srNpro5PQ/M3SrvWPD+oQ+JvA+s3+l39kyvHeafM9vqFuyMDwyMpliyvzRybgVGB1yf1r/AGd/2/4tW02z+H3xzgtvLurBtOXxPLCHsNWEieWsesQMGCysww8pwqtlsZ5Pwz8Wf2Y/H/wY1O4aJX8QaGtpDqFtrenoWUWVyqyxi8gAJAKEAy5IJycE5FeNWOoQamstvcwQNZhwskwjCy20x4AkXG4JuBG7AUHnnJJ+V5syyucU4zjGL1hP4JLTWLaSeiUr9N+lj6pQy3OITvOnLnStOFueD0tfrHzTsul7s/pzsri1vvBVrb+EbuGewK2l1osUEkLWqwiQOtvaTrlPIIAZRnjlVI24r8xv29dVm8T+JrS7Swl02VtLttIuI8ERG+tCGldSQAd3J4Oc52gdT80fDb43fFT4PxxNoeqvrXhtQhOjXMrz2gbqBEzFnhIUgqFZUB4I67vdviF8f/Bfxh+Hdv4a1PSrrQPHE9+2oW15exK9mrrF+9ijugocRSD5VV3+U4JIyQPq8JxLhMdhI4bENUK0LNSktLxatF221b02Vlrpp8XjuGsTgq861D9/Rcfe5dJJOz5nC7atveLez2Plj4cahd2KmG7YzW4WcSh8CWILEw3xyf3AOowOoGF3V0On6bBHq8WpLKksN1HK8TZJyXYgrK3HzDP3jxweMnNZNro1/pK28lsDILq3umbYVeJmjLh2L/wqAGO0n6AjDV0+nXRtILOxvrGWG01G2Yiby9pRwx/ewMRkoWGGKkdj71x4zCxruFejKMajSula1RLl1W6bSa3fy3OShOMYKlNO10pO+sfgd9Nmnrbe2tnqfQfg6H/ikvGMcZCosFgzBSRhRLGWIIIBOTxgZ/Hbj+5n9lt1b9mX4JkAYHgTRB1JyBawA565J5BIxnv7/wANPw7RT4e8dWwfzFjs7FVl3Z3L5iYIIznO0E8k5I3dq/uU/ZeHl/s0fBYA5K+BNFCnGAB9jgY98ZHGDtA6ZPU18tm1NwbUviaXfTSGlummvo9Hdn3dFL+z8DZ3tOyXdWil5P06WbvY9sULkAjjcSeQ3AzknjpnoCc84UHipQgIC5XOCRx0GQeDzx27Z6EgjNV0cOWztU5JGOfbp6gnkd+c+tWAeAxOcjgkNzjjPfGCcEdfrzj56S0a8um/4J/Pt2OmNlG8dXF/a/vcqfKr+fWPVpPq3qnIyxUEkkEcdjkdx2yen8PORTguSRywA46Yz2B9Rntg9z83FAw+STkjoDgH6gZ4GRyDz1x0wHDaoHJDEDPO4ex6HBI7HGOe5rWCirLm1sr3et+WNlpbTT87aXRPM3bmtFK3vbN7Xb3XTVb6u2txwjJByMYAwO5CjA9cbj/e7duOFZFAygGTk8cEnA4xhgTz/k5JUAg9Qc884OM8ckng9Mnpxzyc0xj0OeSOcnLEc4Gdvp1bjJ+nOn9d/wBQsorlTdr6SbWyaXXVPskrJ2tYenT6jGeRgcdj245OfcZFPAG4DA4bHGCcY45xkqccYBDcnI61EgXGQQSOPmyATx1GRwfQA5/h6VKgI2kkA7gCDj68DPJI6ZA78A9ITS5tL7XaWmii9PlqvmtzNp3S3vtZ3vtd7LT/AC3ZYKfd4A3Hr6kAAEgD5fULjvk5IyHbCBtB+YYwfQZ5AxkZOeeO/HIwXxnBQk5JHOAPfHX5cE5Oeg7Zp4XeGJAULhuu0sfmwPQkAjceS2cn2mNW91ttomndu2m7+W33u43GSv8AJt9Nk3fv0vdNvdedcmQZCliMfKMHkAcgdsHoTkc8jAGacrErjqwB5bgA46Z7DOcE9+TnNSsuWABIJUbjxg+6bRnPXII5IJ/i4YMr97kFgvUYPUE5AII7Y5PPWtPaRUk72XV2dlov0v3d9XbYyVOUk207vl10fRX3V++qa210d1IrNtIGCMA8kbQWHzYJOf8AZON2CDjnJClCYywAxkle5GOnQZIzhgGHtyDQgOACRnkYXk4KlfToM4HPfjOBl6q4ABHAwygDnb3CnnB656gk4xwBV8ymk1vfpu1pt3b0t2tq7pozaSuk+nrtFWs7at7tvzvpvEEJK5yBkgcY+bHO7rwMdPYk4xUoXnbu5zhT2wQPmz0IAbjkdx1ABeSCdoAbGByMAFjjBJ+YZ6984xjniVNrgsyjoRn1I9QeMgcYBGepBNaJO13q7d7PVK9tdG007ee9rswtJa3tFu+vZWeiVmk99LataaoTy8YwFJBG445brjqSeh+XHXnr2nCd+STg4I6Z68dCeuBzjHpSgDJOe2OBxyfl6E+w/EHgcVIpIycYA9c5yB90EcFj7AYBOWHFWk21utfv2X4XXbZLrZnPuttveV/dvytK600UUrbrWxF5ZyQVIHJDYyDxgjLdAQeemDyeDTdjAkAcbj2JyCSeoPIGBk9uT9LxznGDkDJPByCuOuOO2cZzgHPSo2BBIDEnBHHIHfdkj+EevI4Jz0NOLtq0ua17rRRVrtXjpJrvpd+halKSSXVNJvW7tF3S1bS3a2StZdFT2YJYkLxyWwxABIA45PB4P3uSM54pSFJJIJIVcgjBIOdpPTnoOc5xn3qx5eMjg5xg9TwQCTksDnA6dO+MjDXiyDkADJwcEkbTgKWDd9uB2Hc/KM5NJSd37vuxVuZOXw8226srWWi6JNxTtW0T62v2/wCXeit8Wj01dt12KrIQvJ6knOcbSDjOR0IUgA56k4A4oVfmKhhtXlWI4JJOWUbhz3OckEAYO7BuGNMgkZIBKj64OD3ycjGe5IPXljRZbkDgFgeT8xAU8DHPcEY5wG3CtYSVl536Oy2tZdNHbtvrJ+8L35JxVkrr3nvdKCVtHq0t3upbWIHAIJ/iIy33dp/ix7c9s5Bx0IxTSpZwcHG0HP3ew5xjqDwBnp3OMVN5ZyAxyMHqPQ8jpzjnGO3PahlJbrn5cenTggDp3xyMdPU7qbjorrTR+VnHRpWte290lvZoUZOLUZfEpR3cfdWibvrrK9mt+1rlNgzcHoVOT/dHTg8YbvtPXt/FUOWZSQDx8vcnAJ3cAgkfKCc+3HSrZQ4H3mOWwflyRxkfn3OM/wB3g4iClR8wGVPAXo24npxn8O3rwaiVkrxaumrK6S2S03u3t089tdU4yinFrpZu0W9tduu2yT13ViE5yMkYI25GTye3TOODyMHkE9qkQZ6NlQDgcZ4PGTgYGScA46ZGc5L/AC9mWHzMCOnQY5I6DB5AbPGBxyeXqjBcgDnBA25yOAccgbsjAwduQOvYXLp5Ldrfbp9/RdmiVZST5lstL36x5m7rpdNLRq1+sg8vgjcQcKSCA3C8AEHqT3IzzjgAYp4+U4Jzz8o6DLYPXbxx3/hzgdOX7SCOBnGSSCQemAfU8kYHPPGCCacFOH6dc9SARkc4PJGcDHUYG3GVoUU94ppvTXZPl2drvV2autnvewSlF819fh93Zv4W2ujduVOPTle1wXtk5OTyDj5cZwQAcKowAM465JwSHLu7kkHBxnBBOMEcYz1wM/NgjHam7SF4BGOORnORyQPptzg9Dx7yklQCoOFUk9McnbjoSP5A8gjOFbhFW0T7t3u7Wa1vq21/wNGZNtvRXm91K6s7R2utnZKySty31F+9tA7E5BJOATnsQemc7vdu60rkk5BwQoX5ck9+enrgdD+PApwVRjBwvUYGCSPvcAH733Qf4emTzTMZY5OeSRgYHI4Hr3PTORgA84CUr2SX2e2iu4pbpbba32XzaTSVlFJaq1lzWlG10k273tZPZrRbSrsvA434B5ORtJBz16sOSOeSDuDLgiMxgg/J8xx3GByeCQuTznHIHpjtdJVBxk4woAxxkg5II65I6DOOT0qAgjIUHJyf9kE4Pp6c57Zz1qnG97KyWt76PTt+t+reuxtCS2k/eu7pLrZave29ru1+zehVKEcFR1OeMfP1w3I6HbgZHXAAycxyYDYGF5zyMnJ3Z+U7cEDPU4wBnGTiyVycYy3YcnkZH49T25qFlOSx5OOgI6ZwOOo7/MeOcdacI2d3+Ouv46fPytYpzXNZdlfvd202XrrsnvdawksG+UYDMTnqRjrgAAZyOOenTPAWApksCCpYEnqM4PLcYHzE8AD2yMHFkrhlwQAfr94+3p0BxjPtTGXJZegHHbOD0weMg4AOOB/F15Tl71tUlre29rNq+mttl1+aLjqo6K++vwu9pX6PTzbvuknq6xB+Vcg5JAY4PC4xnPXkZAHvnPILlXBPzHLEk4GORnJ68Z64xx09MOMZwSDyDgD1OT/F0z6+mPXkh3gkAE4GDkcZHcEZA/r04qY3XXXTS2j1Vuvz9Oo20kpWttHW0otpK7SSur310bv6jGiG7g/dJweeSTk4xx0yD6ZPQZpm3JHsWweoAAIzluw4weSDjHFSEHB5wFwWXABJOMA8DgFvU4AIHNOwQ+FYNtzy6nHzDHPIyB6d85wwDAaKVrac2qV+9rXvr1b+fclNNrVWXn7q1V9G9b32vft1IMMCMHAJJJ6gA92I4wcZXv74xSMpO44LH5m4HXHTcDnPBwABwcH+Gpipww6nKgnOc4Oe3c9cg8ZyCOlHzdDwR0wcE9fUHg8deM8dQKaa7avpvrp1T7evTuirbuyWnVq/R29em2tn20p7Gw3UHjPQYPQD+HlsDJ96kXcCGYgnPODwBj8sc9QOOOc81IxLckfLuPI4yAByDzgDA45GQSO+UKsAMc5GOOTk9MgcAc8A449duBdtHqkrK9763tp12dtu/nZTe2ybfu7b6vbtvrv0vYaZBl9zHOPlAJIwOM5PfAz3PQ5PNNHVRklnBGBkkHjAx2JPAB5wBz91qYI2B9M8EgHGRxkg9jkYHOADzwAbcURLghCGYkqcEEsVIBJB6qTkE5JxyBxTWkbpR0fbyTve7tdWttpa26Idm3vqns9b+7vfW2nXW++l2fiR/wAFNv8AgoZrHwjmu/2fPgJrK2PxXubW1m8TeNLNVul8G2N5lUsbRcMp1mfkKG3eXgl0Yk4+GP2Mf+Cr3jz4MXGoaF+0z4+1T4z+E7vUFt7TULiCOLxh4akUgzSzPDGEu7WdjtWNU3gAgnJK18vftWaDc6J+3B8aILkveXWqeIhrLyXDlzKtmSTGN+7ZGgkHy4AG05Gc4/PrxVp3k+MtVgaSOJ7nUb6V44lGY2K+YjEKrZwcZ5yOnU4KlGE8HeSleUfaRkrKSaaSd3qlp6X1s7oulSc8RKNlOPNCDi5KL1jB3TbbVm3qvV72P6/PAP8AwV8/ZE1m08T3HjDWNf8AAgsLlxoY1jSbrbrFsU3IYJAuDI2DlME5PoK+uPhL+2R+zF8adE0rW/Bnxg8H+bqySNa6Lq2rWmm62ohJWQvYXEiTKoKggnIIwfTd/Oh8Cf2GdG/aT+Bfw08bWd9aWmtadb6pd6rd6qslxbXMunRzOsEkAOFLLEqrIwC5JBPevnP4cfs/eKPj1rfiDQvhx4Q0rT/Fvw/0q90QNY3baXBc6cdUubS71ueS2MUqTnyz5JDA5AIOcZ+Fw2ce0liOStyxwdTkqxlTcXyynyp3urttWdrWejTaPoquQUGqcU6kJVeWcZqacYLki2ulk73bvzXvtc/tQs59P1KCO7069sNRtpjuiubO8t7mGVcH5leKU7l46qAM9cZwLDxIo3mNlA3biQSpx3yOqk4y3PsQSMfxe6j4O/aZ/Z4+M3gf4bWfxK8e6VqeoG2Ok+H/AA7r+oagl7bxIssU1vFeTTKxmuCY3BGPlPODz9h33/BQn9vz4J69o3g7x3Z2moTaxFPb6Pb+MNNdLu6tbVyElSS3SNZLkxqFk5JL/LjIzXpUczUuV8ybqw9pBRlduCdm7StfZ2absr2Zw1Mhr09aVWEoqSTu+V+9ZLlaclJ2ae6Vnf0/p8OxhvUoV4Gcgr0I6DsCMBQRzj2Cr5YCAgckZOOepxux0GBx3HAOQcivwg0//gtV4f8ADNv4fs/ir8EvEWmXVzeQxX2oaLdxNHCsCKl5dR6a6G68qZkZoYyGY7geQRX2p8HP+Co/7Inxfl1QQePZ/B08d5DZ2+m+MdPm0hleYIV2XF0FjdHYg5UkAMW4zk+lTxsJKL096yTUrLVpddGt+u+nc4amExNHSVJtxtfl963w6Kzd91qtOtz9EreNCzbRyuSSDjGF+vXucDHfA5I/Cj/gr3LBF40+HwnuYoIYPDiSu0mMIjagQzgEHJIzjgnPPXp+2PhT4ifD7xgZ/wDhEfGvhbxCYwu4aVrVncupcDaGVJOpycr6nkd6/Fz/AIK3eGZNe8ZeGo2SKcWngaW+KZ3KVtr9nZXKBlIIXJBO4r0PNdtOpCVWgoyTftY2tJWuklZ2b+78OhhgpTeKmqkZRtQqtxcXquWGiTfN1d1110dz+fe21TRIvjZaXLXu+2j8UaUyeXHvmddkbGUKOSGOQB3HHas//goPrdvNoHju+gUtE+raWA0pCMQbFSpZOM8Aj04yCK3fDFtZT/tBabDLHbQQwSaJeCIrHGnzLChdi4KhWBJIOSDngZWuI/4KNQ2kWj+LreBY2in1yzzNFJuhIFoAqJj5WKKPujo3+8a+/wANGVKnXlUSbnh7RUbytK8La2Sfut6blVaqnCnyXiozfSzto1dPXtpbdLtp+N3he18QeP8AUv7Kt5JLPRrOF5rmUErEUydzKg273YcLu3BRyACMn6Q0q20zw7ZRaPpFvHHHCy73A/ezyvbFzJNg5Zyx6E/LxjPJry34PP5EmoxRHan9nSrtB5ALnOW79cDkAkda9UmRbdn43SM8HU9Wa2YjOepBOfpzkingIcsPaSWsrKzj8K0XRu976ed1poeXVqc0uVSvyximm/d15W2ur7K3S2hzsbyCK3lfIAgv5DkEcMSoyfUt35HUe4m8RPctb+Hks4meVrESEYViAImBOMDGCQ3HH3cgjoy1RbqWGKaby4xZ3qgr/eJYAA56luCBnOBn2q+N/FGneEdLtjYlNS8RT6YLC0skUu1iXTK3U+GYRYJyozuIAxWWNrxgopK9Wo7Qi2uZRajd2S0Wtr3vfujXCwbm5tNU4pS5na+jioqKX57N6J9/3V/at0GxuP8Aglv+z3Yak2oWtzLfaPcFoZXiKu8LDfhdp54xg8ZyMgDP4y3nw+8OQeFNZnd9UuCmjXTqZ764yzLAWR2QSKpX5ckFSpySDjhv1/8A2x9e1GD/AIJmfstRTrJd6jcr4Se6U7Y1aWa0Z2Qk/dXjA4IIBOCcmvynuB4guPCmseZo0Mccmi3bFnv4FAiNs3zAEgnjHbdyR1Ir7Dw5pYKeUZpHF04TqKviJQcouTVvOztJuzvqn8j5Djeri3mWBlRqSj+7pOSUkm1zQsmlq7RVu29nc4z4feDtBvPBXhq6ube6mubjSImk3ahcxxkByANnm7QuBgAAKBnAPGcP4s+FvDGn/D/xHNZaVFFKlvGVlaWeUxSO43MhZiN2c4ByepwM11fgG61mDwX4YjTTdNMK6JAFkm1i1V8l5ADtZg2Djp1yelcp8Yb/AFD/AIVv4mSa00dYyiBzHqlvLMMsvzLGrEuBzycYPT3+5dTKoZPyxwtP2ywNnL2Em+ZUo2lzNLW61kl531Pj4rMqmZx5q8vZvFppOpZKmqifKo83N5Na3WiTbudd8LPBngyXwZ4buZdE0y5ubjSoHnklQSM7lckkP0PJ9Dg55OK7u98N+GLeyuzaaDo8ZWxuWDC1gYA+U+CNynoT2wdwODnCnyz4c33iGPwd4cSKDw/Fb/2Pb+VLc3sfm7GQEF0DbgxyQTtbBHToK2tR1bxDb2d+z6l4Zi22VyWQGSQgGNgVXBPOCQPU9e5r0sJicHDA0orCQcnho3lKjC93SV3zNKWr2vfZbHBiqGMnjqj+suKeI0SrT+FVItKy2d9GrpaLS+pxXwW0nSbnwveyPpVhI39u3yh5LaF5MCYlV3OrYA6AA4Xk4J5r3htDsQyCKxsIQpjPyW0G7J5OAqYPC4PU5yB7/Lnwh1XUo/Cs0kPiPR9Khl1m9ZoZ4maVn80kyrjJ2NglfXI4zkH1ybWL/wA5Q/jq0RMjcLeykkYlQvAABPO4deMZ98rKcXQhluD5cLd+y1dqVviu95p/PS9ndNmOa4SrUzCs3ibJ1YWX7zSzjdaRtZ2aestnst+H+EkEUnjv4pxJDFLLBrSbP3SFYwNqsVBX5VAAPGOpzu6n6VS2uAkwCwgbEYFUGc52tnGMYA3EjqCTxxXx18Nrg23i/wCIkyeIdSga41dS01nYu81xg8tIu0hME8ZHpnOePYX1G4UuRr/jGc88Q2IXAbocGPkHr9MEZ745Nj/Z4KKWH5n9YrttOmv+X0rKze6vZrlV11s7nTm2DlUxacqyS9jQily1N1RpJu6SV3q/u2SMS7+1D9oeC3ViZv8AhF+FBP3SXJJ5OD37knB64r6cis7iRYy80m0qu7LqpBHbBYD3GOOTk8jPw9fXCx/GizlbUPEqXM3h5Y2neNRqT/e+Xy8ALHzwdpCkknvXq7zqzoHufHFwSpLZlRCWPGMKmeAMcYAIz1zmstzCUXjmqN3LMKslHn+G6p6WipO9+t9+vUxzPAxqLBp1+XlwdKK913lZu/vXSXnd7W11IP2g4kiTwKAJCx8Qqwd2JHymMhgN34HrkA565H0Gi74LMtIqA2Nq24Sx/wDPIZB7ZIPByCOcDnn4d+La/N4TZLXxChfWo4nOpXJZWUso2wKThZWU4zjBKgH39ftbaDIgTwx4jnKQRgyTX85RsIOQFdQEYjjG0AHIIFXgcwms0zSToRblDCJ8zkl/DurNU3f1SXS19xYzAU3leWU/ayUYTr2laPvScoOTbdSNmtt27b2ui5+0UIB8MNUYTRmT+0dPHDxknN1Gw6ZyCA27nnqDjJHqug65olt4Z8OibVLJWTR9PEifaY12lYEBBHXOTgqMHkDg9flT4yWU/wDwr3UlTwrd2aC+sS15cXkz7R9oQAGN3ZTkcZIOAcg56d/pGnBtJ0mKLwOMf2ZZZmkum/floUywUtwG/kcdADV08dWjnOKqKlCPPgsNHkcZt29pNK6UVfVttu2lkndGFTAYSplWFhKtJxhi6srxdJXcoUk03Kdltsm3fdLRHq/ijxRoH9l6qp1axYnTL4KVnRpSxgcKigYGT0wBj2+bNeDfA3xBpOn+B7aG+1RLad77U5FjJLvtN0xBYcnkYHPbGO9b99o2o/Z9VKeDbGNI9NvgHnlMjRfuJCzr3JTBKgfNuUYIrmfgsmpP4J06K00HS7ry7vUQ1zNGrSswuWPJYE7VxjABHHCgVLxleWa4ZxiuZYauovknazlRUtNG72une2jbfdRwmCjldaCm3TeJpOT9rSV3GM0rSTaja731d23fW3sqeMvDqF2XUZplLjBitXkYDONu1R0OcAnntzXzz8LvFFhaeMviddOLyRLjV1aALZyO/wAmfmeMA7SQASMdDnjpXvUFv4saUiDSNHtgZAA/kIVAJAzgDduBydwCnj5mwRXgnwosPEV94u+KIs7yCzuotaIupWhWVHZSRtiXbwMnjnPIIJxzpia2OnjMsSTj+/qOCjSu7+wl3mk9O+y1s7WeGEo4CGFzBJxa9jTUpSrxfu+0p2Tag+W7t1fb094uviDZxoAtpqjs8ZUCPTpFOWUZwQuWzweCMkZzgDHh+o+K2b40eG9Qg0fVLkR6JMDaSxNFPITwGG5ThcYyec5HTAx7lN4S8XXIhL64xUqpaRbUKEHOSNoOSOOFAAwTyDXkuu+Fr+H41+GdOOu3fnz+Hp994gRZI8/N8uR0zkDcpyw5IDGrzKpjHTwqquorY/CJfu6cXzc8XG12032vdb3d7p54GOXuWLVCVJyWCxPM1OclyezTfvOKdmrXtaXroenXHjbVcr5PhDUkDAk+bcIhB7tnGDjvgZCk+grxz4x69rl7oGhbvDctoT4q090Ml5EVd9zMqHuA44Jb5QCME8mvb5vA14Avn+JtWcLG3zMQFI3dNyjhvwGccnmvEfjN4YjsNC8OS/2hfTu/i7ToSZ5W2FSxB28nGAOCMccKQATWmc/XFl+JnKdeyVNJSVK9nUhvyxel3qn9+mnFk/1B5jh4U40nNqVrKtso62lNpS0S76WV9j0q28QeNmhQp4Y06L5IwRLqkDEIqLgud3PQHGFPJ4DHFct4+1Pxne+DvEUEmn6HbRTaTOHb7YjSxhh8wTYQC2BwD3HBznPq1h8NNMktAXl1GUvDCW/etwzovH3gSAT9Dx0Oay/Hfw80fT/BHim7S0fzrPQ7mSOaSWV8yIowxTcRkbgSWAGB6cHoxVPMJ4Sq3WqcjwzbUasVdezXRU1ZNXutb+iOHD4nLY42EIUYc6xMLXpyXvKpBbyqt97aeaTu0eUfDb/hKbbwF4bjt7vQrZIbNHjW5QzTgMzEs2xyWbPYcnjA4Oe5N14u8tY5fEHh+IOshASwkfIaNiQuCMMwO373AYhgAOZPhd4Q0W7+H/hK8u7aWaa502OSZleUKfnfJADAc4GfTj3z6EPDGgRyhUsgnlrOVLSSMAFjYr8u7IOcgjjpgfMua6MBhq8sBhX7Wok8NSa/fSb/AIcbWVrfDqrO2/kk8ZjsPHH10qcHKOJkm/Yw1bmtm23fqnt3urnyn8KLi6im8YIfFFvpRh1+d5f+JfJO07l2V3Q87F3AEDHfcQAOfU7m8uI2Dt40vP3pPMWkshOerBTjPGCOh74Ocjnfg34U0vWJfHEl3cTIV8T3UMcahc7DJt25xuAPJA3dRyBxj31fht4bkBEi3Enlndl2dsYK4AwVAUc4HPJxXBk2Dq1cBTcJOUXOqm/a1IpNVmtozS23srX0vodedZlQo46rTnTtKMKLbVGnLX2NN2vKLb3s+yXqfJs95Yt8XJBe67rlzB/wjkQ+220Hl3DOrN+5WMpgISAOcYzzypz6qdS8MxGNTP4tuQwztaTaeQcDgY5HOSenIB6i3J4E0IfGqGySJhAfCiy4Yv8A6ze43MSeTjAPOMkema9mTwBoK7GFp5h2kksXHIHBBJLHGeOecillmW15fXNYtRxtVe9KU7WlBXTcru11rb3tNmRmedYSl9TU4VHKpg6E0oKEUk7vpHR/clfY+K/idd6RPqvgQ2WmayETXNk8l5PIZJw+35Ij08xhkZTnJHfAr1MafayoDD4N1OUs5BM91cgZIBG7LjAIxjIHJAyMZD/jnoVnpWofC42sKxA+LFDEbsMVEZUnIzwTnJ65+bJ5r6VtbO2aGNiyFljDSJyuSTn7oKjkA8fQA5rXLctlPMM0pSlCKhLDaqlGS96nB6KSdltomTjs1hDLctxCpTaqxrpRdScbWqRV3ycqdm7X308z5E+IWmTWngfXJB4PFlEkdszXcs7u6jzMhQrMCd2eTgtgZ5zVrwppd5PpenPb+BrCWOXTrZ/tUs24t+7UbwhJ+916YJ4Kgmva/jpbx/8ACr/EskYwRBbN8wboJCTj5sY5JGP4hj1NO8AWpPhTw/g5b+ybZipDEAGJcEHHsCC2e3rg7SwMI5zKhzxX+wU5OXJCztVav8LSt5JX2t0IWZuWTQxLg4v67UhyupN3/dwd7uSbXk20mne557JofiIQ3Pl+GtCtoxa3ALtFG7qvlEfJgfe54OR2zgAVxnwhtfEVz4Rt3tdN8P8Alx6lrEbS3dkk0rut5IpG5lPAK/KNx2gnkE5H1Xc2QeC5VgCwsrok4bG0W7+vHQDggE4HU4rzD4FWaL4BgDIrH+39cPKk9b+bjAAGAuMAZGOw7ZYvAL+1cBCE3/u2Kbdop3UqF1ZR6J303e1ukYfM5rKswqOEW44nDRitZL3ozbdlPdKzutL33disdN8Yl0CDwzbghSSmnR7lPRV4U+meoG4A8EivHPDGm+KpPit48gsdTtra5SCzNzKtqpR90a4MSbSEAzhhjI6cHmvsu4swW3CNVjBVSNg4YcqRt9gcnaTwcHqB89eDoQPjL8TMbRtgsCBgblP2ccE8YHTpjk5xlsGcZg4QxeV0/aTbeLfN7zTkvZvXmXS91p8+ljLsxqVMLmU3ThzQw2jtdO9Sl56q19Nr/ebMnhXxhcyyPc+JXQldiiGAJlgGztPlgrk5IztwMnBNeWeLPDmtQ+NvANrceINRnurh7uOO4baJIVAbhMY4Yj1POBz0r6xj2qoG0GQEMTnOA3T5R3HQk9upXBrxLx8kY+JXw0YnGGvN5wRzg9T0BzyP4cdvXsznAUKWCU480pPEYZJuTbtKtBPro1q79Ond4ZJmWIr49wlyqKwuIa9yK1hSbWvruuut73Rqw/D3UdiLN4q1yQfMDmVsZPsTx35I5+90wK5nx/4FtNN8F69dPq+r3LxWsTr5lyxiL+fGPmXOCDnPK5Xk5FfRFsyCNTHiT5m6McgckAdOnfHf1Oa4D4qsD4B8SLtADWsQIPXm4j4wuCPU+/JwDxpmGCw8MvxU0pc/1Ztczd17sVp2/DR6X1MMtzPF1MywdOpUio/WKcX7sYprnjfZJbLbS2/c5XQvBWnS6RozS3WpztNp9rKQ08uFUxjhQGA2g8AdOOpr6M/ZQ8OWGi/tX/AJ7VrtTdeKzDI8k0rJnyZQu4M20jgZAI3HHB4NcB4ZtF/sXQ2jYpjSbRWYdcGPkKRnjjp6Ac17b+z2RB+03+z9OQuYvHcSAYOCGimH5nAIHOSep5B8PiDCUo8KY5xjap9QupLW94QbW/RXvpu9btHuZDj6suKsHGdRtfX+Wzd1ZTSTaS3s9LvXV9kej/8ABZH4bR6r8ePBurKbmO5n8JENc6eZIZnaJvlIZXVSE54IIzzwM5/Hm50X4iaJc+Hn0/xBJqSGS4Nna63EHij2A/IZVw7EhQOTjueciv6Bv+Cttrt+JPwzukjxJceHr+MnBJyhVQDn0z6jkjrjI/IfxBYNHfeDU2rsa4ukcFTg9eM4OTknp0Bz6muHgfK4V+FctqwnUpVlZOpCUlZqtbZPl0aTSaaXbRHTxrmtXC8T46lOFOrRUOZ05wUly+yUt2lKN9nZ3avueN2/xK8YaNH5fiDwdO6qDvutElE8ROSTI0TKzFc5YqOQuQo4FaOgfEzw/qvjBb03qWbHRDCU1GNrKRJRndColCljzjPGQBgA/KfY18IR3SbopCgZnDAAqvUgjjjHTGenPrx5P4n+GVneeNNPsZ4bacPolxIVMIRiyj5W3Jht4JGCTgdewz9tXwub0HSUcQsRD2kGlWSUnta8o2d3dLWLa97ofKYTMMnxkp82H+rSdGo5OjLTl5Y3ShO6V42en3p7ev2viJLpUMMPnxyJ96GaOVFGT8yOpPBHpyAcdckcy1vomq+J/EFrqWl2d3FLo9irpdW8UyOHdhkOy7t/bPBPQZINeUzfCLWNM3v4e1PXtHkI3KtvO9xAGZh8wSRpNy8DIIIUc84JrE/tP4p+F9bv0ksbXxSU0+0SQyL9mvmiV2CnB4LDBA9+nTNRXxVeMqUMwy68FVTc4r20LWinum9ntZpG2HwtKp7aWX4/mm6T5VUl7OcU3B3Um3DTa6afntb0PVPg/wCHjJJc+F7rU/Clyqq0Z0e/ntoxIxGWMAkUN82GAxntjqVg0nWfj14N1bWV0PV7Pxhb21tawtFroVbq5gXDD96NuXUA7SRwcHJ5FY1t8c9KgkSPxToOtaDcrtjaWS2eW3yBjduRTkAjvnAAJIHB7fw94y0HXtV1m40bV7O7WZLZEVZlim7ZARyCpAyNpGB06ZrKrl+Q46dGWGksNVlNKSpN0ZrRSvySSV7re23qdWGzLPMvhW+sKeJpwinHn/ewfvQStPX3bXWkrbbFnS/2k2sbiCD4leAtV0N/NEct/ZQfbrFAGOZP3SbgC2SVLDAJ6jJr3H4R+OvhT4vOtWkfibS2F1rjXMNlczJZ3xgaJV+WGUoxKH5TkZJwAMnnzeWKK4CxT2Uc8UhTck6JLHye5ZTweMY6KMgjBNeVp8LvBfiObxI11pv2K9j1MrBe6Yz2d1CGQfNHJAY2yGJYc9fu4NcOYcMY/mpfVsdGrFqXKqiUZapO3PBWbsndpaN3v39HLOKsJU9q8Tg3Qn7jk6d5xfvx15ZW6q9k3ZdtDk/2/wDRNK074hfDa3sJRNp0/h2edHkCOCpuHBUsuRgg5Uk8g8e3FfAfw7peoTa3DLZRGBnsm2q2AFZ0B5U9Dj0xnPOBXz5+0Rpmu+EvFunaZZeJ9X8S2kGn7tPj1uV7qSwjDFTbxysWcIOCBuBIPOCcV0/7OPxHnsda1TSdRaPS3vrOKZry5kV7KNrYhj8v3lJCnoeNpBBBGfx/E054LOq9Gu3CrCpJT1cve91cqlu7u3bz31/T8JUpYzAUa9JJwnTjKPLG2mnS2j+bs3o9z9c/2MNLew+PcMdijR2o1W5AQngeXp7Yx3OO+0Z5zjGQfrv9ru0kl+J/gm0ngO4eFdWun3EAOA0jxtjGSScHH+yACMmvmj9jnVPC2k/Ffw3rtzeXGsx6vDfSxNocT6gBeiB1MkiR7mjRU5ZnGOCOqmvqf9tXW7Kb4q+B7iwmS5Y/D29cxYEc8W5GBWRCMpIuSCMZyByMmvPqVOTMo3kpK0nbfTSytdNLXXRtdnY64q1FqStZ21i9E+qur6X3V9WuyR+ZVlYr/YM0chP77Wcl3LHbv1VWKgYAHAPbpz1AxzPiKyii8SJaB/IlHihnhuFG1lxbMygHGfmbB9hnbwDnv9OVptCu08s7IfElgHb2JE77cAkdMkD3461zPivbJ4imuYokRbbW7adTtyQJItikEggYLAqe7AZ+Yg16MG509NLSTa66uN0tdno76JX6ETUYTjfZWto7q7Sd3bVJJtW1TfZE3h/xotz4fsvDcsbxaxb+MLnf5h2C4hjDOsygkY3YGRzyQexra8VWVrca9qcdyEEtx4KnlSTAJEk1wjgls4PXg9vyxwev6bbWs0Wp2Mcj6zY6v507KSE8uSB33FeEXg8Ajtgep7nULyO/1a0lXy5riX4fzvLtK9VYMyHPUAA8dc96hXd7JRcXa7eulmk2nZ6vyv1erE2rc2suZ2atpf3L9d+q1vo3ucj42V9Dt5byB2m2+ArWG5gjQnzEljVA5wMBgDye5bGO1ZPh28tY4vhCbOVrptRjns54xhjD5MiOYjwSvIBIOAcDIGAT6P4ggS9SVfKiLTeBNMjVWIIw3loTjjrkgggkHvnbXh/ly6HrPw4t4y9g+n+JLt3AGYpbd5QHZckD5dw6dFxgFcEcr5YVI9eaXvXd2rN6pt2vbRx89FudEU+Vra6ajZtWtG27381Z6bXer+iPGDyRP4anB2xy+K9TimgXcwdWtpFMbDPU55B6Z2968l1CO2ey8INatGl3BPrtxFFjKKbZnG0KBxy3J4GR0Jr1u/OnzroUgvVvkPje6KSo2/HmW8pwcE4wTznnsOnHC6hpbWcPh+48pZUS08WTjjp+83BhjGMEAnPr0PKjpl+85ldR91pXd3dW07Lezs318zBpWsk9Wt2na/LHS3q7aW6abFPQtf8A+El8FW+nCFob/R4jHOrZG+e5uGaLYpwDuCkkAcj5c8gVB48uJIb/AMTCaKN1PgfTsSbTllij+8x6kq3B4BDEgAkADntCEdtqfhy+uLuOzsNYbSoJbZWAa4kInJlbaBk5A4bLZ5BOSa6bx4IDqHiVAwkT/hD0jTe/QM4VCf4TkcLn3AIzyqcuWK5YrmTSk2k+1ra3UUnG2muvm2mlGV5aXaS0vqpQ6d31d0rO67Fzw5Bnx58N50t0kz4FRTGwJBEkMnBHQg5we/Q4x04eyt57DxNqio6W6NqtyyQw7V2+W7sMrgq2CxGOOeoPOfSdFhMPjLwIV3Aw+DzEQMnHk22c98ZLZycnGDxXhut+NXttZvnsrMNLDqN7FI8i7leQyOAQw55x0/2cDJ5r3sqw0MTKXuptRUoOysnzLTROXrsl6ni5tjFhKMJc3KpTcXqk3ok4rrpo7NrRr1fQ/DyBZPiRdXUnzTSXN4d+SS3lqNhK7vvLktk4bPfjA6X9qm4t9MvvAVxK5MJ+0QgKSAWZIwcE4/iPAxn2HQeXfCbV7q++IUZmhEJMV9NI6ZVWY4OWUgH5gTj27cc93+1/MGsvhlORlZb6T+6QSyxjacgA4CjGM9/mxg1vmFPlxmXSSUZRXK+ZNRcmlfmT1tqvJ28mcGV4h1MszGfNq1eLbdtVG6adtfu2v0MjxJdyDwQRbtIVa9spvvnauVTvxk4I5DYI/wBmsn4Z3d0kFyHyDmaLGcFUizMSCCMk7iMYOTwDu4NTxXcsnhS4UTBEjbTXVE+UZKrnPTnA74AFZ/w3lllTUSX+VftbE54GYAWyew4GckgdCcjFfTRpc0HFRbXuvS2tmtH2029dj5f61OlVUnKb55NpJ3j7qWq19LrVX0erK/h29mufFphEeIzNqDMc5YqxZcMAQMnGTwO/CgkD3LwjcSXXxM8JLNEfms5+Mnd+4G5CVU5OMcAdfckV8/eAEabxXNIpk4+2gkgnlWlA7EZxle2BgZINfSfhrSpLX4oeCL1UZbee0vG5kBfBgwx2dgTyu4YGemDXm46hH2eJtqnh7yTaSjCVktLP3vu7LSx7eU4jnlhqi5leu007J2tFpX/lb0v83fVCftAyxw3uhugdXZ3u5RkKBJ5mwkkEADHOflGOvTBj8CajDp3g+4vZHYpDquoBNhbAM+mOBhs9OvPtycYrM/aPWIXuit5jt51pMCpViTsuC42gYPOMH155NYegypF8Nb5gHX/ibIAjKwx5toEOMrjgkA9Sc5x0NdWQU4RwMI2SV7w5rW5pSjZd0k97aXV9Ls5eIa1V5o3TcYvlhpbpa+3VW87dznjrMU1tblHkIWSR8uxOQzE8bSMA8YIwRkdyTXfWnieGx8L+GVCGYkahiPgjLTMAcuueCOPf04z4ZBMywomCdsk8aALx8pYD68ds4OOmCSeuimb+w/D0bqTiO9H0zN17DOcsG3HIxyCK9TEYVWoylKEnGqpO3+Gy8v8ANuy3sePhcZiVWqv2rjzU3F2jf4uVK172TSvbfz2Po34Laj/bXiScTRuvl6dcuN5yBgMi7R3zjk8YJ79vLv2j7f7Q3g2ITSwD+0508+IgMiLOQ2NwPzAYBH4bWOAe8/Z/jMfiSYZAD6XcFfmB3ABsg+nB7DOewzzx37RUYa18Ktuwyape4OOi73Iz1OQO+eTjJxgn4fFUKdTiNRcIuEowUovVSiknbS7Wqs0mr9Op99hMRVXDM5Kb9pFyfNtqmtU7JXWuunS9zyK5+FLXrzX2k6okiXsZJS9hDoTGMFsH5QcjqFwRgD5evmNx8OvGthJHf6fkNDMVSXSbueyuFIYEOjQSRtlcArgfKe4IzX094bnY6VaqZlLLaAgEdjCSwz1OTwTzjHUg85WkXkiW8aPGrbri5JZScqVZsnoRjvt5x05AFfW1uG8mxXs1LDOm3C6UNdfc+y7rr5addLr4nC8VZrg4u9f2qi1e7s7XWjcUmmrJuT328jwB/iN8YvD2tQ3cvjLxtHqFv5TLcahqF7fB47YqYYZWnkkMsEZVcRuSihR8oIwPdPFP7cfxy+JfhQ+D/id4isPGGjw2T6ZY3N9ZqL7SbeVkkb7EUCrFKCmDIQTg/M3NXLq6sZdRT7RBHNFJbAATRJIdxYKxO4AAAc4JGd2Diufvvh34Q8Q2tyJrFLaUXCo1xZ5icbz/AAquMgBjng9znaK+exPh/ljnGtRweCnOg+elKVCnCrDl5X7s4wvdK3W2t7pn0VDjmrypVqmKjCrZTjGq5wkpclk4yai07Py1utbHMeBvEswmF5YanOLdZtnlruSQuBtJIGS/T5sg5AwR3P6F/BSx8ZeI9a8E69oMesynRdf0yabWrKxnmh05WlBkzcINkT+WGxlgQwGRX5TQRWvhrxBrGj2VzJHFpk0givLhtqgKDlnBYgFiV3Ag44HBJr9zv2ff+CmvwL+Bv7N2k/Bfwt8HtS8bePtY03UW8SandNCLIa3LtNvqMEiILplQgkIsrIpyAOmfy/jeeY0MuqYLKcqeY18XUlg504zUIUqc4unUqObtdRvZJLd3e2v6Rw0svrYmni8fjfqdCmoYmM3BtzmpRlGKSi7StrtpZ6pN3/ol/wCCcuv+AdQ/aL+KEmlTeKbjxe/hXToLp/EkM0X2uGGBFubyy83Hm27uBh0JB7EEHP7PajeW0CtJNIqrhiS7BAQBn/vkgdOgIPHBB/gZ+HP/AAVp17wJ8QLb4jXHge90XxboemQaNbajo139igvtNtnKvp2owTZWeGRB5bvtL/LjPr+9n7NP/BZT9mH9p3wzc6J8QfFl18HfHDOkNnYa7dRpo15dSARgwapkQxRvKd5jkfIU/ePDD+WuJvDXiXKaHtMNlGIdGVClGailV9nKNKEZ8zhdvT4Zctn1srH6PRzPK80xXtYZlhqvNOTaUvZz5VJNPkk1vdqyenZK1rH/AAVE/as/4R/4FfF3wXoourO81Oex8Pfb2JEcmn6lLJFcGEAKWVwuOCemMADFfzYeCtbmPh60t0uH3BwAhDO8q7QCzHkkKSWx2GSpbNfsh/wVx8H6VovwJ8M+MdH8X6f4vh8T+ILO3nvdNu4r20YQM01qYpYHcSgq43MQMn06V+CGm61qGmPaPb3AjSPYSNnyqzAZDjB4wMYOCRu4XjH2/h3w7SwfD0pKjUp16+JqVKqrpqopx5I2aktk07LR2PF4izBrMadLm5qNGnGMOVqzi5KSl2bSlG7bVrX3SPRfGdrcPoepXcl020QzRqoBXcTuPOeQR2zzk9BwB594Sgkh0zTXXob1SxyFPLDOcYOMHBJ+XkAZxXbXurX2r+GNVjvVjkJRtjIuzhmC7ivoOMHHXPWvta2/Ze8K+EfgRoPivW7qS+1nxHpdvrFtc2sqldNMmNlm0ecnP8ZwOGzkcmvs8Tn2D4f/ALJo4uNWdXMcwo4ShGhTcmpycHKUmmkoR3bV7Wdldo8TD5fUzJ4ypQlBQw2HnWnKbs7JLSKave8Wr3equ7Lf4y8SzR/2JqsZGSbKQ7mG7kAnnJ5wSBkc5HHTNZnhW0TVvhpf2L2bzS3GnzTwYAZJJrNiwOSCegAGOhyM5673j/To9P0XUkhZXRdMk2yg8lthbkAEZySQCAcN0717J+x58N7Tx98IPH+pX+opHd+FonXTYEmRbomVWZ5RCT5k0LglCkfzHB5619vxhmdLK8ro4uUqlqOKwji6acre0qwg9FdtJyTb2S6XVjl4dwssZjJ4ePIpVKFZNStrywT3bV2mrrftbRM/SD/ghd8Y/wCzdZ8ffB3UIpDb+KbUahYIXZoYtZ04ebNIFYlVcwIi/KASRjpmv6RYXLIC+A2QMEnOeh9T+BxknrX8Vf7BPxL0n4J/tNaFrGvape6Todt4gvo76e2BBMsjmFIZI8E+XOSFYHAUHB5GT/ahBcW1/bWGo2Ts9pq9ha6rbNyA0F9ALmMldufuuD0zk8kg8dEa3tKiXI4c9KFVTatGfMoybWm6unL5uyRlCk1CSc0+SpKDV0rONlbu72TtZ7a2T0uZGcDOAvqDknByVJJHIA44A5+7zUnlhkzuGVGeOSuSrA46YxjJ5wOuM8wopJBP1BJIBHQqOuBk/iMbfl4NoKQgIOAAewyQTtXGMZxwe/AHXBzo5W7aWem76ee+2qXothezund6dPJ3Stsuslvdq+xXVSWBz2YYBxk54LjjIwAM/Tk9aQhlBGepxxj5eflzwQM84yMkDjOQBZI6cgAqQOgHAGSxAxx1AJ7exBjI+U4OQDtwOMHBz82D1AJyOgBpqSbWj0tfXZtxa0b2fVbra2l0lTt8N72stb3uk/m726W8ykd+doDZJwSdoHOPnyeTkcjIxk455pdrDcCTng5yCq4PGDz1OOnBPzHB5qw4ZN+MEckf3QSCBuYYJ46cjOOccimlZQvBBxt3ZGdxGCf91QuegPJHpk6qTvZOyurq6T2i9fnbfa60e5MqbUW277NW63tbTXqlo7eSvYqFCxYcYIAbPcAgnGeME46Hg9CAaaV+ZVYEjJySBwAOMc9D6HAIB4I5q2QwLYGcnGCDu9OhAPGAO3rt5phGCVIOW4BA5+U4JJJBGO3PA4xjBNKdn92ml7KyXa+mnyb3sc7Ta7O29ktku3Vq13137XrBcHO4kE4PC7sg5XGQMkA4wABx6AUpVucAEYyAGGcMQPTrzzzxjg55qZRk43HKFgMgHA9ePcdScYyB0yX7SQuMYAJx3IYZH4Z79x0xVKUUkldt9PPS/np/w+6JUVrdJ6dG76K2yt2ZDjC/dBCqARj+915OcjI5yT1GTgcIMhRgY4xnkjYW5YjBAC8Zzjsc96m2sQBtJzvHG7gfL+uVPGMDk9acqlRj5gOUbnBB5O3uMqeOMHuOmatTVrXtpe73V7ap7X27+RUEnHqne7b0voul3dyfa1lvpdquImwSc9OnB5I4JGeOScKdp7dMU0qVXBAXnOcjIABJ9gP7wIG31OMVcJJIJBx1+XkDAPGcEEnp16478mFg2TuVRktnvwMcAkYyG2/+g80+a+t3ZO6umvtdGtbdd9Lu5SUr3s1G9oya0X9avfRp+pWwSAAxYZwfow/2cdScZxgHHIFG3LEbuuVBwQMAZO72bvgMOOhXipFGOgVcdBgHH3t24+mQOcnPfdyaUNgbSeMkHgYIG4EHjvnp6DJznl8yk1ffTRX1dldPXXz3afRbDelnZN6Ws/S6b3Wlnvf+7HZVyp3HBJwo5PcYO7Ax6AAH65A7hU4TAPDkKSeVxznnqRgc9wc461Ow5O35ccKR8wAOOTxkD0J/3QDzQE2gKDuUHJPYZwM57EnI5zn2xQnbZtad2tdF330T9ehlKpJ2dpa2TTbSXw8t9+j7OV/PeDBJzjksoABJPbPAGSe2MckHHQ0yRXBOSDknkfNkdBkAHOOpIPJ46ZInbgFcncW2jkADgHOffnnjPGO1MI4IBzyVOCCDn+LJBb0zjGeelOLS1tfrd6Pp11a206d1rdTe1m1b3UujX2bpWd/Vve260ZQMbKTkvnHJIzlgAVJPPUbQAMkc5zzQY3KqzEHg8fdIJB7gg5xjBB6njoc3SMZBDYxx0wpB6nsSeeORg8Z4qPkg4Gc5I4AyeRjJ5zu5zg4PTmj2ktErJW/lXl1d3fd2b120Qk5WbV1be60S93rrtdb9tL62pJGcEbiFXGCOpJwcggk59fb7vQkyBCrE42t8qsB1AHueCCOCMnb0BXODIoZuMY4xzjPP93uSDz3HB7c08hjnIzkqDgDoMYIGARyeccdST0q09F7y1SfRW27JrW6X4q+w07r3rvZ62W/e1tbXfRaX2IAipgk5X5gOcHjPQgE8DjpjODk8EikfKxHTABbC4JOMYOPvcYxn24BzNszyCpALHGDwSDx1OB1JwB69cEAjYjaOw4yRhQuCHGe55zznqOlHM7Ru9rN9e191re6vrdablJRS0utt7vrF21v3X3kGwK3XkKF54BPcA4yQBjjpgHj5TTggAI29Du746jJHXuwxk56exqwsJOC3zEHKnGMcEgKTjjGcnC4GeoIy0oOSACSc4OeCvIAwcAcHIOSOcjijnSXdtrRX3a1fbRL16d2pet7JNu19bdVt63t5Na9yF1bBB+Xa2ck8geuOmO47dCTzg12C4yT827JB4z/sjP8AeweB68cCrMq/KCG6kZB5wD04znpkhfQEmownJbgFjggADIAPIAJI5IIPb8cVaaml7y0Vl/5LddbK1nrp63J0fRaeevS/+e2197ELD5jgYPUZA6EDHUk8H0z0wRkkiFkB4Cj5tvBG7JHoSc8tz2PTtwLJyTnBJ256A55xjHsBx8oPPUk5Bt5BOQcEH6ADHB7jv65yMVbSVtU9eltmlv0v0vrtq9EK9+j0/wCB56pLs+5WKHKttAbd0P8Ad4/HB47H9DTCioN20dADyOhyOmDnJ+g4K5OKnIY5YMQeVG7GB0OQD+PA4IUAZPIaVJwQRk84I4+QA8DHI+Yg84DZPqRab89Utkknotbvd39NtVpd5u8kvd2WmyWy2/ra/XaCVM+gIbAI6bQRlSPfIJ5GDjnmqZjCDOcqDu4IHJOe5yeefQ8jnFXnwOhBLdBkDJYjnJyevBz2/KozFuxuOSPlJYbcEEc4xnLZJPGOTgk01Jpu11b9d1pptbr+QpQUmnbXo+iSt2evl6+RWaMgcMS2QV3chvZTkglcnGPlAPXjhGiXBBYZZe5x0xnhm+bk5A4Jxz6VO8ZBjySeOcDAG4YXOOeMAngHg9cg1GQxDMSVAIVeM4yQTnI+9yQckjgAH1HUlp0S76N7aK17X2vv8XbXKVNJ6RbbstXr69nq9r/8GuwBHpkEf3Rx6ZGcnpjPUYxk8xMgZSFwOBwPQk8DsD1/+uDVkRjOSwyWBGCTxwc7ePUZ42nOOTkU3y2G5myQD3GC3YDgdD/LAGeM3GtFtxvrpfR7adbWu97abWtd6Zum7PR672+Xz7Jq3z1KhhYMGyeeGGM4B4J6AYONp4XqR1NOCEEZ4HY8A4A64wABx1HX8RmyQ2QMADac4GNp3EjLZJ7HjPTAwScUyRSRt5HAGT14PTAI6nAI5PPvx0Kd2tdbczunre2127va2vTXYyScUm1fskr9t9LXVlv+JWCYHuOR7At0PJwcepIwSeMmkIGeMkKcDkDGflz0IwFbjIJJwRzwZuqnqMcEAEnC9s8kgYPPuME81Ayv8w6ZOSFxkjI4OT0Ix0BOeexBbav20TW7a1T10s929e2wXjbTp3bsut9L9Ulbvp1GkAE42nrgkZOAM559T17/AFxwuS2QVBBOBk4yMcEcYwT1yQQT0A4prK2NuCFIJPHY4x9MEevOSD1zQAwKKSTwB8wAA5DEk43ZGBjH06dVonp8rd7+a009fV6gmm9+myVnutf0te3VuwhQHOBkkZBOQMHjAznGe2RzzgdTUTR8n5vlBC8YLdc7c8cA5HJBPYggYsg4IU55Ynt05OOmccDHOPc5IMeeDgDHU7SAcg9BnPQkEkYHbJBIq3Jac1+m/ko2bs+t9tb7hFptabaXtd7fJLt59LFV0bCgEDLEtnqCAAOCOwzjqDznkgmJlGBlucHjk5JHzADnLA9MnaOh65Ntgx5UdeD/AHiTnqDknHIyOMEfUxlOVO4AbmPbI+8OxGAT0zkcY681SXM0krNrp0t+Nlf87runFNNLS3966Tdkm79tfN2KZUnAJIJIGcZwVBJwAOGB25Gc54xgUwrhwxOG3Y6HGVyARnOc5zjABx2Oc3XiAxhieVIGCeOT6YGABye69cVXaPrliAD8gZRkDnaM56464PBzng020mtE7Jt83ny3lZJWstE9rpW6hyq1tLJq9+y5W7JbbWs7/i7xMSGxkn5mGM5HPQZOMDoMdsYz3pACQAeADhg2RnOOPTbnoQccdTyak2Ffm3DqNxA5JJAO7PQY9eoByKcPMHVeCGbJOTzwSNu4dcDHQZ5JouvTRa69/wA3tbfsriUE7N3Widve0aUdOZPV+rb2t8LvXAI29B8wB6YAxgE565zgYPryw5proQThhjBz1yzZyOwyT1GD64qdVAyrISQNvJyOSecnjkg8biOM+uEKhiNxU9WA4PTHc+vHuDtxwQDSTVuW23VNWslraz1V76OyV+jJu+7cXy9ZJ+6o3aTV1fprre7ZVw7DIzuYDaQOh6DjAyeRgdenFMwTkkgFckkEYwMYBzwTz175yeKulFxwcgENt7nP93AAxwSRwCcEDnhGjGW5GTj5hnjOecdsZPJ9znOc2pra104p63fRXv69NFdetzWLuk9E76a6WutVp71k7Wta/wCFMrngr/CAM/eycjlegPTsPQYqJky5boOD0BG4jAIAHOcn5ScduDzV906A5BDdv+A9R1+oz3wMZ5iZByeByGOOMY7cjGD0ycEcc5qeaKe7s3ra2u135N2du2m3WZyutLaWvZrTVPTq10d1+RVdPlIJLMBgk4AY49ARzjqOOMjGDzVcckHjnqcsDjB7kYx0OPTpV11Dk5ORj1AY9cgYIOQdwzjJ56DFQP6PnI45OBlunT+7nsADjp1rRSg3Zv8AFbWWvV76JWXm09BQ32/4G2tn8tfJFXkgZGSep6DkkDj6Y46cBsUjblOcFSCCSQckkcDnseoGOeTjnAm8vJ6c5Bz04AyduMDop9jnJANOMfypyXJJwDx9CGHLZ7nJPfjpVJxb0vp8rxdtrbdnrvZdbDk+vLG9rX3fR229bJ+uiKTNu3E5BAOc8cnIAPv9MD8agyxbBLYUA4HC5A5GecjIyR/Fx0IFX3UEHIUE7g3IOAFGF656ZbPPUjGQRUEi/NkjoCTnhTn7vDHJHOc9CD0HZqfys9G7NNXjZPTXbRrt3siEtddrvtqvK7a12Vut3Y9I+HW432qKRx/YGrMD94g/Y5u4yDyRzz1I5JOf4bPiyrf8Ln8VPkgx638RehOST4kusHBHHIyxz1z26f3L/DlSdRvxwN2gasM84/485T0xz6tjOO+a/hv+KYZ/jX41hBUtFr3j5SrYyN/im4C46/eHYEdCOK8mckq2NclZ+zpWb1SSvrv5JuzXltd9qTlGgktqju3rva6vpf73fy2Pf/A8O7wD8UbqX5mh+FsIDHDKpa4iTJwOx69OPQHj8cfih8Q5vCOrtLptpa3l41mIHvZzi3gDoUIjB+VnXJyAScnjpur9TYvFuraH4U+JHhmPTPNXWvAdhby3yEg2tubmFnAB5LODg9AOfvDkfin8YvJn8WyaVMZIrO0ki3RMCS6YxgtywznJBJ6YDHjPq8OwWKhON7RlJWi3pzKMUrq+yutd7LXRM8fiPExwNOE9pRSak0m9XFOye8rO269dDxfUPG2q6tdvZWV1dENMzyJYIYvNuJHy4DYJC5OM5II6HOAdXSfh74l129Y3u7S4UVZWMhZrplcE5d2JbcxYjPABOcYzXpfg/SNKOuWcVlp8Ece5jINilnUgspBIPH45xk5Gcn3DRtMjfWNUlcneIFMcagNgFQQMYxkDJxyS35V9lSyN1ZwliakqiulGEbxi1Fq1ktNFrbRfkfmlfiVWqLD0+Rxak5ys5PVatWSV993orLSyMX4afCHQrF3eXT47u8WO2nNzcqJSJHuIgNuQfvbjkZIHQ5BwP2x8D+C4bHR9MSC3jiYWVokjbAqAeWp2ooIAX8MZPckGvzz+GmmPdWOsyCBdsNlp+6Rsb1DXcOSOMrk9MADnA9a/YPwro4j0zT1AZytlZbVIG0DyVySSAMDg4JPO0jPb26WFpYafLBRio04ppWXK7X97VX13e9/Q8J4/EY2EZ1JTblVlyya0a5Y267KzslZeZ81/GnSUtdG8KIy5eXxroybjkAA7h3Hr04P54Fe3w2e3y0cFgGjUqu3acRjnAAPbhs/XpmvOP2kdS0jSNJ8KG/u4leDxnpczWsGJrt0RG2hIEDMz5GBj+8T245vVfHXi/wAQRiDQbI+F7F1Zf7TuisuoTxoq4eGHrBkAn94pxkD68P1qlRr4mTTlKape7HXZaK6262u12tpY9eGBr4jDYRXjFQdW8p+7ZOVN6byfnFLa3Y9I8Wato2h6L4qOqahbWklzoV2kFu0iefPIIW+WKMHex/3VAHX0z82eD/jVd23grQtH8F6Qb6+g011uNVv122dnIZpCPLjOGlYdBg4JyMcZrnvHXi/4eeAtJ1W/8VeJrefXLnSbyGP+0bpbzU7m6ljKlYrMFhFk52lU+UccYr5T8IfFfxX4g0DT/Dvwe8IyXV4beSO+8Q6upj06zuGmcpJBHt3Oyq4IyeTkc8V83i83nRxTUKkYOVOScadqk9XF2TSdpdU+j+8+lwGRUXhlz0/bfvVPmqXpwbcVdtNpuOrVnLVvbY+rNS1GGS4g8QfFPxThVlE6NrFytppcBUh9lvaMyrIFGVAkR8njrXyfa/tAana6x470P4V+Hn8SajrHia6lttXeIwaNbWrRqkTodoV1ypaPawDZ4HII9l8KfstTazeQeLvjp4w1DxjrEciXEeitO8Wh2oZCfJSzVlVwhwoO05AB4wK3/hpa+AfCVh4x1HV00rQdFsPE19FaS3LW9uEjg2mOFQwRyF6qvXIwOc48hOviMRTvP6tzqUpVZyU68kkt3qo73td2R7rpU8Nh5RjH2zgoJUorkp7pJRUeVysmna663ujwvwr+z14z+KupRa58afEup3NpK5mt/D8EkttYdQwiCBgjxgcE7eevQnHqumfD3wr4B+Ifil9KsdL0HSNN0HTI3ll8qAQrG+Gl818MNyg8855JyORm/EX9qzSYDZ2vgGzg1L7Ezga9qJFhpFsvPIztNyFUBh5eQ4245HH54eOfjdc+LPF2rzX1/qvjXXL7Zb/2fpZmt9GDBjsiEUOJZ0RiAoOV7YwcVtQq4DAzU6cfrFbn1nNpyldd9Xbyiv8AgYVKWPxcXTnNUaXJyuEYpcqtFv3VZfZau5f8D728a/tAeHrW4k0vwrC/iaaGOTzbwZt9HhdVIDPeSHy5EU8AA4Y/KozjPwZd/Gq0jn1D7Vp8k10upXLPJBdxQ2675WysJYEMq8c87sZOSRmMfCb4u+KtGt/EPimO88L+FnvYLO1063ja0MqSNjbsQIzAKNu6TJYA5JAJro4Pg14C0uK736ZLqElvLHG8lzNIVZ2OGAG/H3s9cFTnAycD6vhrC8TY+vXx+XKlh6N/ZudR2WqTUUuWTbW7ut3rotfz7jfH8HYLD4bL889rjKikq0KNNOWsbR5pS54RV3dJRb302duUvPjdo8qqraRfSMFBY/2nAQSCfu4BUYOPmzjBwOapzfHLSkaJY/DNw/BVC+oqRyCuGIQgH8O+BngV6Q3gTwFaqwi8K2rMpRQzsw2naMgjcxILEjJ9T8uOix+HPC0JjMXhnTYwHXh1LZBY99vIXnLDp1wckV+hvKeL3T97N8PC8VpCjzu1o94NXtptZpdj8fqcQeG1GXNDh3E1XzK/NVcUm1FRek5JLbrboeMWXx5+ygwQ+D7aUQSzESXFx8zBy2Q3QkITgYwW7bgcm1P8ftUZ0kg8H6MjcBSRI5JOME7SAcgYG7jJBHSvU9I07QZ73WUHhnSsW92uwLCgABQDaFb7vzDkc5PIz8qnpJ9JtIYUaLQdGRQqsAbaIkkkgj7ucHoT7gZzyfHw2V8T1sO1DPJwpqUoKFPCwSThU5G9k909b2a73Po8ZnfBtHFJT4aoTqyp0ajqVKsnJqrSpzj1tezjzO3/AAfnfUPjV4kvoJ44/DGiIJoZFZhbzM0YdCSVwednUZBUDGeKxdM+L/xBgt4obHTtPMMUXlxyHTZHkfPODhRuIAOTt5PJ4Oa+mXsFSKVhZaXGpgnIVbSLIOxgBuKdCTyffqOayPDlvcf2VZeRDaKS9wd62sbEYkbC/dJGByf7pBHSsv8AV3PamLowlnmJU5Upzc1SjF8sXDRLm3u7720vytlrifhengK9aPDeDlShXowcJSUouc4yfMnZvRQ7PdO/U8Sk+LXxjkCrFZBSR8jR6SxAHYAFecHvVLUviL8cruxuopRqCWrx7Z1XTxEoXduOW2YHTp254UbgfpRrfUpPLQSQqVBAVIFV8juAFGMccccZPtWZr9rqMWi6nLJcsyCDcUVNgP7wZyCBj7vbqBxnpXbPhbNvZVZVeIc1klTleHMoprlWlua7T+/l9NeShxnkP1jDwo8N5RTlOpTUZKHvRk5Qjde5vZXXTRq/U+cY/FP7QlxFbi1XVIoPJRYGiRI4zEFIXI8sksVxk44JBz0xYth+0XeM4F1qUZypPmXUcWMqM5YAEE+4B78EV9A6ebtrLTlW7nRZbSEhVLDCKuSAc+uBnA6kNknA63TdIurxpGW+lBwN2WZi4bgYKkHcM9cc+nJrpw/A+Jq06UpZzmkuaEG0q3IrNQvZJaRSvfdaO63vy43xGwuHq1qayTKUoVJxTlQUm2pJXae7fxaep8p6n4S+PNxYhtT1KUwmWPb59+GaOZzhW2qwZWU85IOe/TJkh+EnxglVjceJFjwRuMmpyZOc9QsxBAyMYyR0IFfTninSJbXRHZriWTbfWyFWZmBw4xnLBs8/NgjoOQeDDFYlwf3hbJT5S7hido+9tY44yRwc9uTWlHgChiMVVo1sdmNTkhTd5YuV3dX1aVkrJ6tPV27GM/EyvRwWHr0MDltJVatWDUMLDliocmqW8W23f7up82p8F/iAw23ni2EEgjBvLh8YAHH708Hv0JOeMnFQr8FfEDanYWVz4wgd7uORklEty3kKoBIBMpbcRwcEAfiMfSTaajSSZXHDBf3jhuODgE8kAjPygZPTuKFhpXn+J9Et8mFZI5wT1bGOdueu4Z5IBXA4AArXG+HuV4WgqkvrdS9SlD38VUmvenBNfFFdXpZPrdWSd5Z4nZpjMQ6aeEgo0a0moYWlGzhDmWtm1ayXn1vY8V/4Z8utu6bxqCHc8xrcELhiMfNJxuJ6npgYDYOdKD9nzSlVHufHN+3VmWPzmBwCSMMzduRxk89MYH09P4StI9ql5Xba+CjEnPqQT8uRgHaB6HipIvCFm9uCFlZ/l3KWIUICec9iM8knLEtwcbqiPA+UR0eEUrcrTnVqve2ulR330vbrfU0n4hZtJNxxr5n8UY0qSsm0078qXV9H162PlO3+BnhOfxR/Ys3iLWJ7Mad9rFwqgN5pblPmzxyOAehBwD07ZP2dvh0kaifV9enYkrgEDK8EcBduemSCM44PYeuaRoFsPiY9iY8RLoHmYbLYLA855znJyVHc/j7DF4YsdsMaxq2WBkKs5OMnJJJxyMZyR0Jzya58JwnlMvb+0wdKThiJQjzczslyJJXlqvPrf5rpx/GecwWH5MdWjz4elJ8jjH3mlduyW6189d1e/wAr237P3wphCKx124JdRlpAARxu5C/MOxABUkcNWz4C+FXwnuptfi1ayvJxYap9ns0Msm9IQi8Ng7uSNzEjk5yDhhX1Unhmyj8hxboFZyqg4ZiCv3mJJ68YyAMt8oORXIfCvQYLzWPHkbQRnydcRI2CBtoAGduM477sY5GOwJ7p8NZVSrYWNPBYVJyk5J004tqN1e6drt29dbnnx4tzarRxjq43FOSpU3Bqs1JXnTTaetuZvXRK2+5zK/C/4IwJtTwm9yQRtLmdyR0BYcf+O8j5gR0q7/whHwitPLeD4ewSnOEadJgmQpGGLEELkk84HOfSvpGLwrbI/lmKJmzw2wEKW43YCjPPUZPbHrVXX9CgtbB2SKPcGO1gp5whG4AdiOePfp0HpLJ8Byu2GwtNrmslRg2tOX+V2Teu7te6seUs+zWbjKdfGVIcyUm69R3TlG/wyXfRWvr3R8x+CfC3g46bdzDwNpeoSNrVwsbmLzRDEGbbCSSflUDaCc5I5wMg9+nh/Q1lBtvhzoaAFlJ+zICc8ksdmMZ5yc56cVofB+z+16DqRcxgjXr/AAwwACGY5DYOMYxzjPGRzXt9lpNu/YF1U/MxAyeBgd88Dk8HHPINXlmS4B4elKVGlzNPmUaVNptSi29Y3Vuuytva+s5zxBmVPF1UqlXkbi4c1SorWjBbX10121u93Y8FvNHt0s9SVfBmh2ymwusTfYoS8a+S3zDKHpzjHB2gj+8cXw3ZiDwro5t9J0lcxTEySWcLElZTkksrHGC+MkAc4OCFr6E8T6ZEmj6mUCiQ6Zd/MSD0t2+UEYwOSpyvoMEdfD/DhMfhHRi5yI7W5BUHod7Lz0BH8OAOmccGqrYDCU8dCEaNNfuJN2hBWfNB3VkknZWfbXQwp5vmFXKpzlVqprFQbvOTunC1utt03ayv+EEpvjNiJdNiIXdiOziX5SOcbUOcnByMntkiq2ovqSWV8Hnh5tLhXWOCJT80L5xhRnqOcN2PvS75JLhXZQqgIAckEEEDPOBjnC/LnGD03Ys6m5ms7pAfu2twA+cfN5LADkc8YKjGQBgZBwdnQoKnNOnHVS97qk+VaO1r6+Wi7tHNDMcdOpRTlNpzgrOUtffjdpLRrvrrrZNmN4K03WZ/DGnPBLHDbA3G1nXazYkbIYo3JHoOOpDD7taiaPrc2oRQ/b2LTxyMixlsEqcZwCcce/BJwTXTfDhVi8DaaWXc+65XBII+Z+o5OG4zwCQD0PQbWmIp8QWs3CFreRFQHIChjnrgAYIAIAIJwM5JNU6NFYbCy5bqUY2SstLxSbS310vZu2unTarWr1MZi+WS5oOq23a66Jatuy22u301u+I8R+F9TtfDWsXFxeSvGti29AzAtliQDz8uSBjIPbOTWFonhDUbnStKm+1sIpNPt2jQFyyqU4xjPIAAOCM46DnPuPjtIv8AhDvEC/eCacw3kjJLHLBO2Dknpj05rH8JRxDw9ojuCSNLt+MgMDtPOOMY/DA9Fr0MPSpPMeVR0+qwbVrKymr90319N9jy8fia0Mrj79m8a09W1ZU4rW1uyvpprZ2R5y/gOXzVD3bbWAy6mTqPmP3iQGHXpwemQOOJ8e+FLew020dJpnc6nYJhmzw8gB254UkZzhTjAyAeR9OLMnllRDvbzSFAAOQQQDge4IBxjA9OninxHkZNORJFLMNastjDDKoWRSAMDcMHv06gcYxeaQpRwVWEoQTcOZO26Ti+V7a7ba972Z5uTVq08xw0nObTqb3dlotGl5O/ovm+hl8GaXtjQQSSSbY5CXnZcbo0JHDjIHGeOMDnkESP4M0ADatp82AABK7MOOTgEMMY6DOGwD2NdaTLK6vuKobeJBuIAz5UYAJ6jJPfsOcngVIYJVl3PMNyk4G4A4Odue2B2wctkkcYFTRdDkhanHWmpdFZRcU18+3/AAR1Z1Y1pvnld1GrOT0imlu9Er2fd6PTc8k8W6Dpeky+G5LS2w7+IrdWyZCxXODyS3UdSSSOSRnJr55/awkkj1rwzZhFEcdjLMsAGcb1zk87gTxtGMYH+6D9Q+P41QeHZGYYHiCFiS3IZSDgtk5Iwe3I496+Hv2i/FB1z4gXChwY9JsIrPKuNpcZBxzjgEE4/EAk18jxBWpQo4uN4w9rVoctl0ilKbenVJLVW/I+54WoVcRjsvru79lQxMlK17y5oxv10d0/ystTwWzvVtGls2hWRrnnceiZ64z03EgHoeQfVRr2Ohz6ffWYkgTZNJHcKxAJAZydozgEMvJHGCOprEsLd7q9hfytxknhUMMEhQw3bcHkknJC46jIIxXt2u6fBFDp9yWIdWii2nIZQqggIOM5yR044HO7NfnVdqrUilHS6VO0VZp8veyV21qne7tsrP8AYMK1Qoy5rt2k2lbW8U7cuqVlZ6bvZ9SZVaRizWqEqQMhQB0A9MEH8MYPfNPitGdy4CxBM7gNgcZOCeRxg8ZOCRg89K07SNfshjEhZ32sFDDnoQTkFjtJ6nnIAwTxVmNtPtY2+2PDFJhmdZ5QAzIC2eDlsklB1984JHrKCjRTlJK1O/vNJN6aaa9bcullrto/leetUxkY04zlzybSUUrtyikrrr3T2ujgNctS8MkKl5CJPNI/hEYAy2duME9Scg8DpxXQeDfDdsZI7mQB5PMIVWmAUBgu3gkc8g4yeeCBwa528v4tRbV7kERxxW4jjEbA5UEgMACoycc8H8R979O/+CZ/wI/Zt+NukfGW5/aH8WyeDX8C+EW1zwOv9qwWE/iHW13k20Udyyi44QBYUyxboOlfF186w+AlUrVoucdYRj8SlaUY3SV0n2bsvm7H6NDJq1fCU6UPi5FO821FNcvuuyunsuivrpfT5oSynH2SCOC4G5UG+OPcoQBSDgDkDC4J44OAByM19F1jUfEd5Y6bZXV3KbeFDCqfvHGRuYgjICjlsjHBPpX6O63onw00vSbKSwvbfLw/6Ik0lrJdGOGUiNpdnV5I1DZwMAgt7/NvhCfS7D41a9f6pqNrY6W9jF5ZkliVSuwMUDjagfA5HDdQclc04ZlSxEqHJPldSrFpSsnGDS0a5rXW7dtn03PJjgcThoZjL2U5uFGXJZNRnyuKUFps2tdL9zwO6+DXjufR7y+fQJYbC2kkkmuJ2CnYQQ33iBhc/eweQRjGM++/Dv4D/EbXvD1hfWkNjFZLCiW8ssi73TywckKQSF5A6lccjqG7z4o/tA+CoPAOueE9P1KzupriQQWyxzRCcKJOS7gh/ukjIIJAzjOK+pvgNeafd/DPS307Vbe6SzsbWe8eGZZvsieTmRH27wrIQep9sjrXp/X/AGM2niIxjyxTm5JaJpWu2+34bngezxWIwtNvAybjOT5eRvRRV3ZWfxPy230Z8pwfs8+LbaC7e91qxtZQjMqhdxyhzgk5B3EYGAMnr148m8QfAbXddDte68ZY7MSI6iFjEPLBIODlQG2jgr8pweSePvHxN4q0bU4r+y0rUYruW1nBllidAVywJRACd3fPTgDPyq2OYt9Nnj0DUb2W3v0s7tJxDNLbMI3ZkY5UlSR2GQT78Gta1TL8RhpUsTjIz5oP3XXilJqzUWr2klJb3k9VrbQwwLzXBY2jVw2AlRaaUpxpJtRbi27tNppc3W+q1ufjXrfgA2l5fQvMZGivWtSTkZ8t8AjpwcLgMMng9wK7/wAKeDAHskiaEEqwYuvOSpyHXjGDn5TjA4Jrode0+9h8QX889jeiwS+uPMuJIWMRkMjbDuIIJOAMZGT22kCtjQGaCdJpTJHaqJj5zKFS34JZpSVOMH5gOGxya/Koex9rWjBw5vaNRs72UZLbe19LdN7n7lPEz9jRnLmk+Snzr+9aLbasrczult5WbZ0Hhz4PNemKVmd7Yzu8zgiNFxklFcj5w654HGMDk9Prjwxo9lomi29taWCw/I0CHh2yv/LQ4BIVSM9Bk8ZyST5dovxn+HvhzRrPSYL1/EWqQp5n2KztywnmlUsqmUKynnIK56kEjI4xpfif4+8Vwy22i6Rb+HYrhZ47ZZNkl8G3ELhAAFYDJPHHYAA10YfE4PBtTnUUqk/dcbpvRw+V72Vle58zmWX53nM1ShB0qMJxlCVT3YtLlTbsnKWt7283rdpeN/FiO4t/GWtyC3a4DWkTSBx82xskMobsOuB127uOSfn7TILObxPYx3kzQwyXDvLExChFYEqcYO0cYPHPTjv6sviAaH4o1ZfHguNXHlxWt7chiXtZN2WfapIZUXogUBcAgA5rJ8c+F/D/AIg1211vwbqaTWTrCklsZES4SQjGNgAwqk+gPzLk+n6PldalisFSdNpOKU7TspWdrpO/q0tm3fyPnMfhK2X11TqOU2oQhzxbcOZpczbu2ndWUXv62t5xr9tam7udOhYSxSzzsiuu9QhPyhGI7rxjk88Dual98MQ+nWF5ZwyQXFxYzXBWBtqHyxkGTGCpbBOe4wMjljY1nSbrSrmaK480XEQkYAgtu3Y2ujAgMFBGRj+6Dtr2sy/2P4R0S5dvOmudGuY8MpJjLDJOBnBC55PQ56V2VsFSr01Jw0vrJWUktI3vd3u972s921qZ4bMamClFe1b5m1q+ZNrltGzdutmlsz5PfRNXigWS7083lohAW6hAFwgUfMcphjsIOSxbJIUnud7SPE+taZcxRadqBltEKBtM1IFZMZB2RytySeMbSQATgHivbfCl3Y3SW9syJF5lrcLLHIAyuxOMoOpbIOMY4+ma8+uvDdrfa9PaTopjmumjgdMI0Sqc4B5z64BznOOmKxhl0qa5qE3CXPaLuveS5bXtvdN6b/gegs3pVqkqWKpQlGMU25Lmjq0rWauumsXFq253WmfFPw9Laanpuu291o1xdwgLJIrSRPIcgbH5Gw9N/OckA9K2tF0LT/HVtNpkDWd7DZLGyyKyGWVWyxKNksCFHOeuCBnqPnnxJ4f1Gxe5a1ulv7OCcW5tbpdzDacAK2d5yMjI4OeDgjGXouval4Z1eG4tJL7QZSY2YpI8lpjOeVBOYznocqMkgjOa0o4rEU6kKeJoxrUY3i5R+0rpxbbve2ut1pe6vc5p5bhqilXwFeVGq2pRipXhzXVrK6lG9+t/JdDvPEvgfW/B2pte6FcX1tGLoiJl8wRblPMco4RkxnJxgrknnkd9pPxT1EaZNo3ijTFWVUWOHUbRSFZ2JA80ZAJbgEgD5sg5yauT/Fcax4ZTStV0+01BZLmNxqdqR9oC/KG3IvzEsAc8DkYxjNdbY6b4J17SpmsvJedfJLxXB8u6WQYJVQ3JbjIwO559emjGg6yqYeduW7VOV3Z3V1q9LWvZ28m7mWIq4iFD2eNw6qyUGvbRV3fl0lzqzetlZ7Kx/RH/AMEBLsy+Kvj+FXCt4F06QEjGFaZsE5wR2z0xz94Aiv3DvSN79XySeMkAAk8EYKkgAnswU4xivxD/AOCBdiLfx1+0HaIWCr4DsURWU5VFlYjoRwMcY4A+tfuBexndnO7kg8AEEE5ypI9CD9Dkda1zKrGeZ13ffD4W903/AMu4621tdx77JaaadOR02sto3skqmISTUrO9SPa+raad/wDgmQNpcnGRtOwbiMMOmQcckcZPIxgg5FAbMe0ooHQE9ODnI/iJPT6ZyPR5VlBA6AsfwBxweeDg/NwRnr8tAXCgbiR97rxnOCPUYIwMnBPAweDhGUbpqyaS2srP3eqV+m+vRW0aPTajzx0vo1tpe95d09E27d0ttotnyhTj2AP8JycZySTjAyTzwvGOItu1iRkjA6HIP/1+BwCV781aKkkjOQSPmA6BcngEEgZPOT1wRgk0mwZ5PGTlc4z6EdMAjHX34PQbqTS1e7W1nddLWu7L3bapppaXIqe/suVR9F1jtto+7VtbdSAK2CNvAOckHgjucY5IzkH0ye2FA7kY3EHaNrcjHI/MHkk5ByMkEPIAxl9o5GAc8gHGRnPzEkgDPU/SnEgFvmbrgbQCeMDJAHOO/GSAeuatS+F69Gltppfq3K+nUwUbJt2d2r7N7rV26X3s2vN31THTBIyMcAkA9WGeg+h5B6Mc8uIABYYXnHTJIx2XoBwB+HpyAqcHDE8gqcY+8AMdOMAk/Q4GcZoZcZxztAC8gAE9/m4JJwODnkdTgm4u6STvpytK7a23tqld72tr1aM3B7rZu3mr20et1uvz8hGAGSST0wMY55P3cY+UdRwOvTOaeQSxJXpnJ9Bzkdznr+B4JORSgDBy2GGSRjJAJ6YH8XGB74z96nEE7SHzwDljjIPOc4zk8kD1zz2puo7K/SzutU7pWttyvRteV9+tcj6r8Un07J/12dyJlxtIUdx9Mdf1HPucjkYKn5jvypye2PpkEYGD74xnPAGKfxySecnhcHnJzzjI6DucHgdwV8sfw/xYxgfMTnJY845GeO3oxOKSk29PPTq78vrvrrvba92JR0d7J/JqyffRq2v3NeZGBwcYOMZB3ZOcdfXPGBkZxg4xyoDKQAwYDcTuGCG5IHXknHHORgEqSRmdV+8RhQNqgcA/LuyQTnsO4wM4JHVmZUA4bLZBBIxjqCOSc5wpx79SBgnPZtNdvO2i+fn+FrFOkrJp6pNb9XZa2011aV3pr7xGAQGcMxPGNuGPJAIGcjud3rg4yQcyhpQRkA5QlcAY5OAOOMjvggDPPXl8a4YkuNxJ4xnIYZwM9NuDzj3z1p7bgByACcbQOdwz6Y5yOCOB70lNctrvdbJapWS3v2120stbCcW2tOvde78PotLaEah+CR8uSR65yWwcL3xzxjBxnIpCNignnAPzEYyCcYycD5eBwPXA64ertkAZwec4+6OMYyOCTjIByT27UxlOAAu7AB5wQACcj37c5IH1XmlUW2iTUbuyWvu6u22915q2iJcI80ZPW7skk9Vo9bW2tf1ttqV2Q52jIAwBgBlyATzzzgEZwD1GcAglAmSG3cKSR7hhtJxknrgfd6qeWOGqyAy53ZyMsMDHBPHByevPPHOAetN24G1sYxjGMMWcg8Htgt93OSdoPUCjnfu22sko3vq7R82+vexPInJy1V3d92977paNK6tZXV7WGqmQTkdSRwQdvB3dsZz9DkZ65qSNGBG8j5MkqAckEEAZ5yemDjkjjI6O2AYBY/dHO3gHdkHOMfMAeOc7c5Pd6g4fIJx1HJDEEMARt3c8ncCw7845TmmuW2705kttOvS/p0T7obik4pXdldW1Vvc66c1m46P5XV2P2HDDggAY3Ak7iMgnGOSffpgkrR5bYyqjcSWYbvqDgdP97nn1IxUo3ByTkHaHJ6cAEEYPoVIJzkEYyQM0/azAHkMD/dIZgdp3HIHHI68EAZHo7xVru2itrfR8t7uzSdr6N9r20Zpa63d3a/lpHez2dr67XXyrBepKgEn5T27A8HHyngAknnPI4FOyoDDeMjAIYfKAAD8xzhhnAwCBxxyciZk6naC2Oc4wSDt3Fc44P1Iznp0iCqd5KD52BGG4YqCrDHc44yMnIOAOKSkrpuSdunvLT3e3Kru7d2u7aWwcrd7pfD1S2083ZPZ2aWqtqw2gEHCgt94jBOcZwoI6445zwc9eQjRqSADkozcZ9c8k8ZBwOD79etShBycjA+4CcNwduBjA3ZOenHPA6U5Y1yduBvBGDjcSpGSOwPH88Gj2i1TlbTbXRWjfVLvv5363M3SbaW7dr9E3dfl07atakW35TkEjBJ4wRgj5RxwMk85OQMZ708L0O1WZcsV3fMVOQMnjA4HA+8TtB6inCMgcOSjA8DrzjGTk+3PAHIHJFOEeM/MwBUYJIycdRx6H/Z4wOSQKHOOjtzK9tvhs4q973ad0+6aeltqjTd0rbcu9m7tLXpqu910abF2DYDjG5c5A+Zc4yT1GQei/NkZB4Jquy4cON3ysQoJBORkEADoSMZOBwAeDzU2HXLbiSw3ADg4HbgYyMYPbAweaAjEAkcAAlSMFtxB4wOgzk9c/L15NTKcdLK2ttbXsrLotn3S89Q9mm7a3tv06NtbJ2e91r+JA68vtxtJ+bfyevscBSM7sDj7vJ6wlAQQcZLYwFBDYJ69doGD19PvH5avGMAnauSuSRjJwfqM5AAx7A8jFMCOX2gZGQNzKeBgntkg9s/NjjnjAjmbutNUttHrrromtb+W41TceXq76b3teK1Sulpa2myvbXSt5R+Q8YG4tzk98H+LnHIXBGF6cVKFAYvkno2ML975vUHOOuSB0JwetPVHBPy9iRgg4xxwWPO7HGeeevanqhG8bsgAHbwDkdcA+m4HPbr0pud0/e8tX/hT309Evh7tb7Qgr3a10T7LZpNXWq9Hpa+wgUEtjGFB4ypJyBwwHp16gZ4A9F4BDEgYPOBnj0YHORgjHqR6HBlCtliqY9MHPJ755Pr15+tOVWOR1yOSAQMk84z06jucD8cZc61uvRaNtNRvfT1t6+RrZSSt3sn71ujTVtGvTfZt3AKuFYdxkNkbhzkZyc5zyAfoOuKeoUqcL1BwMBsckBs9ASF7Ac/3iMloj5O4EEYxgjgjAIbqAfrwBg87SS/aOQpOOpyQM4xwDtxx8wOMfe3cdplO2zdr3u9FZd1snq76LzvqzaNOyu7K21rbWS1XK9LNK3S+qVmRFAxbkY7EIcYXB3NjgAZxxznjoThPKA2ZUEA5BI5yCDk/XBxnjB5yeKlUfLncDkcE4A5Ycg8/dA7cEk++TbxgncFPQcjbySRngDnA7/SpUnZXeqWjsmntrqnr57WXd6EVorpWt0S12eum762/yImVdztsA42lQRgYGMHPc8MM55P0qPYBuAABHJOBg8AgcjPJweDz07EGwyhunHcZzkY79cn7p74z1B4JTYSCWwBgEnOTkngZAHJyM4UdyeoNJySvdrfXReT9X5rY1Ud2u60tfonra+lun5dYUQfKWX5m5PAB6nBwcHHy/e5PJA68TBMr8ozyCAoH3R94nqCB19eD6cTRoMDtwclsEFiMhQc9shs85A7c1ZjgOWDMeMgkfKMZ+UjO0HHPXqMdjWc8RZ6PbRaa2slZpPl6a3Wn4GsaN9XHdWenpour6LcppbAhZSPvMBtAIbg/LjJA2gDI4HGCMHFaMduM5wzL5i46nJAAJPA5x2Iz2yMcSpCSQD0IB45xyBnk9R97Ixjgc81oxwKiEjJwQeeSwB4AGMgEkHknsMYHPDVxLimm9dbPe219ErdUt076vsexhsHe146NLTeTT5dG+3Vpa3vptEmt7VFX7gBZ1BIyMhuce59zyOD1GBrwopUdNuQOCGIUZHJGDnGfvDpjPBOaEGWY7iACq8nk5HTPQbcnoOO9a0S/IOcbflwOAccZUdwuQOODnGeleNXquT95t2u12S0Vuib1WvY+gwlCEGko6K2qT1fu9N99fOy0sTJF8wZsA5IOQQoAxjsSQR0xjGfTppRxgnBwchixbjORgADg9RwDjviqfzFskHBwQM8ttAO5h68dOvqKuhmK7z1GAcg5AXjIAxkHHBx0/CvLqXd7t72Xn0fa7d7pdXZbHrU4xvot3q7XWltYrS9+3TTq0SAtgqRtXOTwCWYjIUdAM85HOPoaiwS3B2rwOOQzAdRnjAOM7Sc8jHAFPDlip65OcA9SQWJ5zjr1HIPPuXRhyxLAsGUnAGOvpnA3Y54PPUnIFZ83Itklp7rerejkmmrbdXqku9jsinpa8ttbXvs9fXS609ERhXUghuoIJ479yARgtgZxgDOOOANC2jP3m5H3QOQc5zknGAT24xx1BAFOjh3OpdQFUFSCcfMTjLHp354H0JGDZJKgqCpGRg4OAwJyR06DsRjOQRXNKd0lHl1W6Sukne10730f6+fdR920pt62VvL3Wt273Vlbt16EyyFd2ehwdo7ZPAOec4H06kU12Yh8AlcnoT94Hn065wcjAJ4xTCw5YD5SMjIyePU4549ACc88niNiqjn5lxluSB1PIBwMdAeeh5POaxVpbRd3srPXay7a2Vlf82dMqqUVbXpd73dtN9NWrb2dr7WFIZl9wcBeAQOSTw3OOpJHGBzUbncpG8jjDYGSRjG4cFj054zxnI5pkkzZyCQAvA4ycgYJ3A8dhluSTjk0xpAPmyVQIf4hnJPX14+buR0IA24q4x3ummrLq2m3qrWu3e3n1eyvz1Jx1bdrrTW3WNrbq1+jf3ttDh1OSeDnB+UEY456lR1xnnjjgYjZ8AgkKjEsctn7uMKDg5BPB5H1Hy1E8oJO1scAYPUnnGQfTHHrwOuBVWSRSGy3zDcAOgZQOd3AGen3ucELiuiFO8dZXVtYp77bd31tv2V3Y4p4zlbUW2mlu/eS6LZrS+tlq76vYJ3brvHYbeCFGc9c5HQ85Ix74qk85J+8dvCjgjjgDH0OQCeMn3OK81zjaS5wAeCRjn5Rkjp7dQAB06ChLeAENlMhioJPTpnoOvIAH5eh9CjQbskrvrdJW+G+q9U1q9l6vysRiouTe3wp66XVrpt6d9tnvqmy6Z32ttb72RuUZACngL3yDnBzkdM9qpzXLLkAYPIDcncScnjoRxk/ic9hny3j/ADkEKT04AzlhxjJBB5AyRnIyOprOluXZixbp228DOTgZPQnjJ9+c16FHBu+qStbTXXWPe/e97PVddTx6+YRgrc3M7q12lFpNataX366er0V2SYkMzMBt7scEKOoA9cgFsAgDpyvFJ7kKCxOf7uRjOB7EDa2QQcj1BxVSadNrcq2cEljzn73GPToeMg54JqlLcK+SrLuwFLNjPTA29BnjocnGcDnNepSw6Vkk23ZJJO2nw7tuyu9fR7Kx41fMW2rtLy6t6LbRK91f0XoXpLt2JG8AsB8obr1xk5HQcYGMDg4YYqi1wAzch1HXHBbsMnDegwOcgZJziqTOSRnJ5zj5eQOnoOwyBwoAxnaaruwG7GcEljwR93A28g/N3z39ea9CnRS5bvS3mtEo3tps97qXnrZ28WvjpSk7SvotVro7aX+Xl6tNosyS5XJVehI2nt3GCeWYcn1PAHHNV5NxKgnacEYAB2gbs/w8cfNjnI4ycZiYZ2Evkhc45GQTnnGRgZGO+cDrUWQWYbvuAD5geuM5/wBrucHnueldUKaStZt6W9Hy2Sunff1V/Ky8ypWm5N90r9eiXVeqenVaq1hxIzk4OMnjOcZxz25ySOhyc54FC8kjnByAc9ge39RjP4CkC9sEjpwRjA7k45HTP8s8U5V5A2jqT14GT/QjoTjrnHUaLTRWT6vf+W2uy1vpdLoznt/X3f5omAbuOikjDH7pxzn+9wT+J9hUwOSyAEpkKCSCMEZIweCD34yPdsVAgypTOQvG3twMHnHT65BPtmpVGcDGMDHLAYLchie2DjgnHupHE3vu9v8Agfe/6bttSdnfr5+qab9db62tv5zcBgAQPmJA67R0HPboMY44Jz3oyCOQQY8sQccnqTnLZyDnA/Gm43BiBg5U5PB9ScHjaCCPY9c80oDHcQSN3OcA42nJA45JyAcn3wARQra3/wCDuv6+8HJ/lr91721Sdr2X46JqRuHB+6Bjpk5HbAAzwcj+EE4zxhMKdxwpwWx0GOnQ9Mnpjqc88dA9Oh4+YEKMkDBwRlgcDpgjrj0pDltyknaRtzjgkgg4wOeoyB/vYxmjRLR31unrvo3vp8tHt00E91pZW7eju+r0d1vp+Povw9VWn11ABk6LeL82OjW8h7cEegAzX8LP/BQPcv7T3ilFIUh7+HLEggm/n+U46HPqVzkAYr+6b4cfJfa1uI2jSZyc8E5jfjHbjqOfXaoFfw3/APBRHTY4v2p/G2ZPueLb6xXnaqxs4fJ6FVBfADZBB65rzstqqPEGJV1pTw0pJ7cqaXpdbN9nbpcrPqUp8M0Yxv786qTurp2Tb5mrN2676/M+Qtaf+yrLzXkjea7MFrswSfKwhcDBJGc45BOeTnqP0e/4JdaZ4h8TftFMugibT5LPwHqcE15D81zaQXkbRFYMEMks65WNgQQzKeF5r4Fg8J3/AIk1q1sLG3VrIXCiXVZTm2tCVVD5eRiWQEYCjueBkHH69/8ABOQjwR8VPFvhv4c2SXPjPWfCVnp8msXWDNpMU0zLd63OoDCNIEYvDEQCdoJ9voOM6zfD2YyjZU5U6ME9PebnC93fZttq2vWz0R8NwFRS4py6lLm5ourOUdW1anJ6vSyVr3cd1a62X7KG2vrzVNM+Dnw6lXT72DTfM8a+JIlLxeF9NZfMvLWOdcpJrmqEyBiSZI95Y4AxW5Bavda/bfBn4PxppVhBZ28ninxRETI2m2TSkX0YuuRc61qUhkZm3F4S6kbVHMulWkfhvU9M+EfgSZrjxV4gL3XifxDIC94IrlM6lr99OwLl5HeSKwiZgI/kIUKBX094F8EaF4L1bwh4f0SAGKO01KXU9SlGbnUbmN5JmubuUgtI7TEkK5YoDjGCa/nCpFSntpdJ9Vb3bpNrV3fTz6H9VUoqMHb3nZLs7tJJLbTa2mqa0tqsnwX4E8P+DIB4a8O2S29lHqN4kzH5rm5nayMlxdXcrEvLPPKSzsxJVjwOmOFbxr4Y8GaN4q1HWGN1qOs6jH/YuiWqi41LVWs5Bbi3tbddz7S6fPKEKxDLtkDI6jxZ8QbXwfBJNZ2sus+JtZ1bUY9G0K1/eXd47xyQLLhcmO2hyWllwAqqecV4hquneHfgV4dn+I3xQ1i31DxrqkRazDj7Qnh+x1KcynTdFssEzXitJ5ZliUv5mTkLXHXrKD5aTV7Kz0tFWildPd37XvpsrHo4bCe0SlN2Vk5JtJJRs/S7+VlbQ65ZjJe3PxN+MN7p+lWfhmxN9p/h+8mjbw/4P0qS33QXd4GJjvdZdSAisGKvhUTdXzfBrfjH9pDWbaBIdY8H/BFI9Q2eX5lp4n+JKwys0LOWCy6d4fmKhdrKrzQk4YBqz4fD/iX4ytB4/wDibHLpPw886S28JfD27nkt01FIpMw+K/F3zIsqqoE0VpMDEoxvU9a1Y/FniH4kzS/Dv4LXAstH0yyuNL8XfFpYdmn6bbwSbJ9E8JBQIrm9eNWhM0GYoVGCoZOOaFNxtUqycrtOzu5TfurfR931aX3PTESTkqVNWhFJr7N7ON2793a3fbRtnQWfi6Pw/bWHwl+C+h6df+NI7p7i6NrGi+FfAVrG3lvcX00S+TPqccRMiwFjcSyDLMea9X+Ffwl0vwd451HVr27ufFPi+fRL/U9X8W6qPOu2uruNme209GDLZWUYJWBIVD7QN5JxV7wF4C8OeAJNF0DwzZi1s102S81G4kJm1DV9QmUm5v8AUbpyZp555mMjh3ZUBCxhRgV7D4ShDa/4oupBkwaEyE4z8ptjhefTnhWBJ47k1piYydJy0vy3hu1GLsrK+8mtHL/gCw0E6qdtVa6t5xV+/olta76HvPgu3EHw80x3CkvaXszAgEkuHY5PGRk5PJx0BxXgHijx54a8C6fY6z4p1S203TYtOvjGJCBc3kwuAY7WzgUGSeeZgEjjQE5YH0NWdb+Oa6Z4Us/Afw10k+O/iIfD9zLJp9mwTS9DUowa61u/Obe2WIZbyHIklwMckCvHfhp8J7XSPDWpfGr9oHxTpeu6/aW9xc2S6vJHB4S8H2azb5IdNtrjEDzRsABJKryO6qI2GRXkKvGFrLmk7q19tEnrp01S10PejTk221F3bbl9mK9373bTe2t3q2ybTfBXxJ+OHi2HxF40gvfAvwi1vTjJYeDrZzHr/iq0iOLW612eNvMs7KZCrLZqY5CCAxfJFaPjP4x/Dn4DTXHgbwL4bXxZ8Rr6yhg0T4ceEYonuY1tiIra61m4hR4tLt8P5k11elnkUnLEgVT134lfFD47xS6b8IPO+HHwys9KWyvvixrFq0Wsa1GxETQ+DdLkUSQ28iMyQ6lMhgZcGPGRXM66nwV/ZcbTrSzE+teONX0AX80VqG1r4geNtRchpJ55h513BDcSEtIQy2cAbBTArWFTn1V4ttXTtom0tN09LOO+3kctWPLeadk026srJt+6rRXk9Nn126eHa78OPiF8Sfir8N/Ev7RmqR6rY3rXcln8MdGuGsPBvhaCM+aI9ZkWRW1e7gADTyMzW0rKcxgHFfSOrfEqxEtn4H+Bfha08VXVq5tLrUrNI9N8FeHPJDK7G6jSO2vLhFVsQQ4kYryTmvnHUdJ+Ifxl+JXw21L4jMfB3hubUBdaf4B0W8b7ZdaZfBmRvEWoQFQ0zKuXhhZCuWRgxyK/RXR/CWjeG7OHR9E02z0/T4pkSK2soUhjJMbqZJNgQyyY5aRssxLEknk/QKtGjToNR0cbuT05tb83bte6vfqeBKHtJ1IpO97OTblJu17t30vsle2mttD+HP8Aak0bW9b+Pfxxhmmt7zWH8a64bryd6xPdLtMjR7yQIozkDkYAHY5r4h/4QyW2XdqFzGp2GMrDz8+9gy7uQMEDOcj2Ga/R79pidtG/aW/aCvPKItrfx34khUJtyzF1AALDjOSCScN9OD8BeI/EM16kIgtmgj8wgoNoL5kzvbA4GCccAevPT9fwNVPC4KUkor2NK10nzXhSs7Xejk97p20sfgubN08xx8YrmlHEVUor4l78HeXRdtNFbTofVvjO78KeFf2a9B0vQNOZdTlNtcapdfZmZDcuWDytMwLMzKw3KpIGCOor6s/Y+/bG8G6L+zNN8FtT0jXV1JdQ1a7muoLYT2F0Z41SFi4T9ykfG5iRyo718ieNTcaj8DLe1RUjt4rGzMgaSPa7hCWPyHcHGcsO4ZevWvt79i34U+FJ/wBi/U/Ft54ftLnWtS1jVbFtZYE3UUSohihjbkbVPORxggkDC0ZnThF4WE7zhUxNOUFv+8c/d1bVklo1buo369eTVJSliKkE4TjhJRldKLceSPMtE3q079/lr9bfsUeIbXV/FepHdOxWOci5CMiRLKoURnoDsU8Ant1GQR+dv/Bcm4uLL48+AkknE6xfCO3KYbIVZLmVQTycE45AA+8Ca/S79hvT1t9T1PyrdUCxJEgRA3AYozN33E8gHGc4YZ6flL/wXKudnx98MwPLKzwfCzTo8ujAfvb64BUKMgYA754Gchea+Oz+pF8R04ap08PzK3NZNxSaS0vdbW89j7zIeb/Vic3dqde7tpd817WulolbRdOvT+cq8O+W4OBkzOxIb5iWYk9s45IJwSBnvWNJakjAUfPlh1GDkg5I54zjphu33uO4sdNkvppESPfmUksQxwoI4OByOc56A5ByTg9ZB4OhdQ8wYE4VQIymE5PGcZ6Dt6fQ88cqxGLXtKcPdd7N/DpvvfZ6vdLS/UwrZrh8PNwrO0kk7Rfknr6p7Pay9V41FA7uibSr71VFxg5J6ADryc9wF4yQOfsH4IfBTxJ8WPEuj+CtGgZLSMR3+sX5TbaWkYG+a9vZGwkdvbxgkl8A4OOpIq/Dj4OxeLvFOk6VpdlJqN5c31rb2lmuXlmlmkVM7VBJjh++7bSEVWJxtr9EfGU1l8JbOD9m/wCDCf2v8TfFRtrT4l+J9GTzLkC4VNnhbS5YstGIS2LyUFQo3bioOB5WbVXkMFT5oTx1eDnCDfu4elG3PXqu2kY62T0m7WVrs+iyHDrP4+1cakcFSnCD9338RVbjyUaSTd221zN7LdaIteL9Xn1i08O/syfAi2nufDOm3MWmeJtc01XS68c65kJcxPPGu46XBJuDOGCbA3O0V956Ro3wy/4J2fCnUPH/AI7l0/Vfih4g0hYNG0cNC1yb4xgw6bYRAF4rG2Yj7XcADewIDdQdH4TfDn4bfsRfA+/+MXxZltF8Wx2C/wBnWEhVrl9QdPMh0jTEkJaW6kmIF1OoYrmQMcDB/An9on9oLxj+0P8AEXVvHXi+8nkW5nli0TRTMzWeh6Z5jfZ7aCInYkqoF81wMlwexr8kjLEcVY2pRUpwyehWUsViHdTx9ZWbjF6/u07X0slZO3us/YKkcJwZl9OtVVKed4qilhcKuVwy+hKKSlJNNqo1pd6tvZGJ8Zfi740+OfjrVvHvjG+mvNT1OaV4LZnb7LpNmGbyLCziLFYY442RcAZYgM2eleIyyyxTHCgEZJySTzzzjbjAGAR36A1ofaUiZSsnIHIDBRz1znknpgnGTgA8VVhRr64J+7ECA7HBBAJJyR09OMcnOeMj9Dw+Hp4elTpUYRpwpRjCEIrkiklFLbRJLS9u7lrc/LMViZ4mtOvVqSqVqk+aU5Nu8pWvdra97LVJL5F3T7aa5l87O2JWJbAyZGPAC8cleOVOCCM9Ofo34aeB7/xDqNtpmk2lzdXN2uHFtCZZ7iRlwscSgEgkkfNyFzk4AxXLfC/4ea98QNZsdK0LS5rsPcRw20UURYyyE4MrgZxEAWLu3AwWBGAR+museIfA37GHhA2lp/ZviT46a7p5giI8ue28IxzxlTM4AYJdKxO1SASRyADWeLxqoNUoRjKtJK0U9eXRuUtuVKzvJpt6JK7N8FgliE6tVulQglKVSSu29Pdprvutr+Wuv2r+zvqfwO/4J1/BXRPjHrOl2fjj9rHxZ/bVr4P8NX97Dc2Hw9sXZlh1rU7Zd32e+QnzFWUB88Da3J4L9nT9mT9pr/gqJ8atR+IXjDWNbt/BE2pfaPG3xK1ZpfsMFl54kk0rwyk2Ii4iJghW24jBy3ABruP+Cdv/AAS6+KH7Ysek/Hr4861d6D8G9W1KbVnku5ZH1vxxJbzb5rKyRzmy09nwm84R0JKqMAV/Wt8PPB/g/wCGPhLS/h98OfD+neFvB3h+3itdP0nTrdIY5PIURia4dFBnnfaGaSQu24nackV8HjsbTw9etKKVbGVLR53dqivdSjBWdlG9lpq9Xra32+Bw8quHpJv2WFSjKNONlKafKrzaXW90mnrqw/Zj/Z7+F/7OHhrwr8MPhLoNvpGiWbwR6pq/lx/2z4kvUKiXUNWu1AmnkkkBZImYxorYCV/Of/wW9tkuP24PE9szuPsvg3wu6FRwPLhAGcAkjPOCSDxnPQf1WeBrVZNRs5+EkW6gKgn5gzSAbAvQAD1GM4r+XL/gsNdaRB+3r45vNbEj6dp/hXQLeZIgGkkxZswi5yQpdEU9CATjHGe/genUq51CTi6tSUuZrdt3jprotXezsu+543G+KhRyiom1ShGnJSd0lGLSTfRuzf3Kx85fDX4Nxaz4c07WPEuu2XhrwveaMZ7vVr7EETLFEziK2DlTcTyFdgC5OW5614b8Tfip4p0zSbLwn8J7GHRvCtpdzW8us2EYj1vWhFLhr27nALxQTFclQRw20jABrjvEnxr8cfFHw3pljczR2mgeFLOGz0XQ7KMW9pDBCzIs04QJ9onkGGkZs5P6mmCZvD07KjvO9j5jNnhWJ+bYv3SQ2DwAQuBg/er+jlltWrOGIxcbRtHkoLWEFaOkna05u1r25VpazsfyzVzijCM8LgGlJX5671lK7i9PLTbSzaa2sfLPx+8S6j4l8S6VLqjB7xdKtYZ2LGR1MYXl2JZizDO5jnHPUAismzdI7QpjaBbxRkngMT0bOcBhx1I655I4qfEmw1DVPG2nabp9tc3mo3lvbxpaRRSS3MxaQ8Ig3HJBwqg56knBFeyX1p4C+Bugp4l+MV3Hd61NaxXGi/DqylSTUpLhVDQ/2oqMTbQFgu5JAGwxHatKufYTKFVdZptxVOlRp2lKbSStFLZX1bd1Z3a1Jw/C+Y8SRw8KEHCMJe0r4qqmoU03G7cn8Tad7LW7sbHw3+GWrX9rdeItZmi8MeE7VUnv/E+sSpbWawopd/swkKm4l2j5Am7ccj5SWNcT4+/aags3l+HP7ONhIZJ91trXxCvIR9runB8uWbTyyg28Gd22QHlcEHGWrxfxL49+LP7SskCa5NL4V8AWciponh6zD2Wnw2aEhP3KeX9sk8vbmSQOCzA9DmvQdB8FaL4UsrWCwjijfG2a4JHmysowzOTnG7JIAwMk9cc/H1J4/iGq5YqUsNgE1KGHjKyavBx9ps5Pa/2euzsvv6VHJ+D6EY4OnDGZo4xhUxcknKLbinZv4Fq9NG0l53+fbPwnZTa5rN/4tubnxDrKSp51/fSvOJbtzvkctJknaWIAbjA3EcE16Vo05sZYEREREk8tIosAInUKc/wjnAGMZGT6849qbi+8RhSxxfuRkEKrk/Kd2OAxxwDg4x7V9O/Az9mjx18Ui10IotD8OQlJ77xTqT/ZrC1turuskuxZNoBAZSFGOgr1aGJy7JcHKpWqUqFOHM3KXLzT5ZJqN73cnryqKba0imeficPmueYyEMPGtXqSjFqME5QgpKLfNvGKV79rLTsUNC06+1p47awtrm+vbhWitLK2iaWeWRyRsVVBJViRzjj7w5wD9LQ/DPwP8FtF0Hx/8eNTXRJLS+ttW0fwTbToda1We3dZoRJAh81I2kVQ7Mgxx1wK6Kz+LPw4+DFz/wAKw/Zo8Mt8ZvjZKfsN74wkthe6HoFwcxyTx3Gx4mWBzuEiHaoVSwIr1rwF+w7eeI/HHhv4pftY+MH8eeL9bMmpWvhKG5L6RphQCZIJ1DCJYoTtXyogowvzdTX5VxZ4l4OjTqUKVV4alKEklFKWLxKvFJQh/wAuYSvZTqWfZI/YuCvCnF16lGviKccTVjKnzOa5cLh9YSvOo7Kco2u1G/XZanFeI/jR+1n/AMFCdftrbQpNQ8E/CzRbaDR7XV7t51sdL0S1RLeODSopsR3WoPbqqtcRj5CQBtxX2J8Ofgl8Cv2TvB03ijWbuzsr2KHz9d8deKp45NX1K4C75/Ie4JlBkfPlxxYYrtGc8DiP2gP20Pgh+zDoUvhbwxBpeueK4Y2TSfB3hvyEsNMkVdkb6jLBiJApUGWN8SkjjBAI/n6+Pf7TPxR+P2uXGr+OPEM0tgHY6d4ZtJng0TS4g2URLdWVZWRQBvlVueQOefyPL8uzvi+blUhPK8lu5JXftsRG61bsnO6+1K0L3aTsftuOzbh3gmCp0pU81zmMOnK6OHfLBJRteENekVzSW7R+in7VH/BUzV9YTUvA/wCz5bjQtHZJLW68b3KH+0r0YaN20yN8GBXBOxmO4AgqcEGvxN8T+IdX8R39xrGt397qmr307y3OoalcSXN3PI7FmLO5ZwCTkIMAdemAUu5VkYfvA3IJHQKo6kAnGBnv8qg52gZzy19etJIsEILyK+AMg5JJwM9ycgjG4fTJr9VyThzLckoxp4TDxjKy9pUdp1ZvS7lNrXXWytG727/j+f8AFGaZ9VlUx2Jm6d26dGLaowT5bKNNNpOytdq71u+oXGxcPIVVmJxnoPfBDDLZB2jJyc5wQDSIuLn93bRlyTtediQOemMk9uACTkDIbgV0mleGtS12WNfLcopG5QCFPOeGbq3JyBg9AOSAf1X/AGMP+CX3xx/ag1fT5tD8MXWjeDlmja/8Y65bSWmi28JI3/ZXmVDdzhclVQkZGSR/F6WPzDC4GnOrXqxpxitLysrpLSzs2/JJt6rq7+DhMFiMdUjToQlPmavaLtHb4pa3smrtta2R+bfw2+C3in4gaxZaHoGkX+qalqFwsNrDa2ktzcXEkhCLHbxRqXYMSvzdhgHiv6hf2Cf+CDw1ay0Hx1+09Jc+HNIaW2uLbwHabDq2rQuUkR9SkG77NGwPz25CuASCTxX7Q/sh/wDBO/4C/siaLa3GjaNa+LviGsUX23xvrVnFPNFMFBaHSoHRkhhDn5HVd692XOK9W/aJ/bJ+EP7MegXGsePfFFpJ4igRbiw8H2EiXOvaj5fzRwrBGzG1icqA0rrsQHLADAH5lmvFmJzCo8LlsZwi7R54256mqukrNqLu229bvW10l9/lPDVHCRVfGODqKN2pNckX7r62u1rq9b20drnxn+xr4E8AfDb4/ftk+EvBml2Xhfwb4R13wVpVhbxwxWtrbW1lpMy+bd3TlRH5gXfMSwZiNxLAGvNf2u/+CqPwa+AQ1rwn8ObnTviV8RLeKa3lW1nH/CL6JcBMCS6vY8x3TxsAWiRg2QAABgn8JvHf7TPx3/ah+M/xctvgBo3jSztfjV4lt7m58H+Ejc3Fzc/YA1nB/al3Zc20C+ZmV2dVxkZ4Zh+oP7JP/BD9YTpvxO/bI11by4kEWoWXwl0i4eQO/E0f/CSX6HdO2eJo1ZXyCHJ5ryYZFh/rP1vNa7c5+zfsE3zyklG7k7t6WS0dm93fR/Q1M5VLDww+CpRkoR5fauKULJ2drfE1r8tdT8vNN8P/ALa//BTf4hPdaVDrmu6Ib0pJr2oi40z4eeF7QzcrZiZUtLqa3QnYNrysFC7ieK/oQ/Yy/wCCW/wO/ZcTTvFfiyOL4u/F5Y43n8Ta7apNoeh3W0brfQ9OmWSNBCSAskiuwwGV1Yg196+E9O8DeDYtN+G/w40PRfDml2629hpvhrQLeKyh2xgKGuPJRGuJFUZaSYs5IB3A817ZdaCdGKWt48Ul0x3sqE4hYrkRnldxHGX5Ge+Mmvo6FVe5Sw0FQw8dIwj7rmlyvo4rW+3qz5LHYqTcqlVupUk/iUk7JtaK3w22tolZItafvZI/MwoMVzEoUbVjjFvLtjiUAKiKAAqIAAOg4Ar+Ar40Obf9r/8AaWCswP8AwsTXwMLkn9+vzZ684x069yW5/v2hYoYATzsuMkg8/wCjyhRzwWHPbdljkAkY/gL+NxJ/a+/aVORg/EPXeVHzkG5II46YAz97oD/EMH9X8KHKHFVCys7K7V97R7Xa12vbVW12PynxUSqcH5hdt3grW13dOS00T0f3aJ7GZat5wVQ7K/zZLgE/w8dsZGc9cHgnNTvDGiZBO7gLtzs3MRkjg4yMnnB6g9MU20iCeUYznIJYBd7KOrZBPHXHUZIxggYqztkdiWUZLA7iPkUDAAHOSSMDHUdO5r+xITqJrS+i6tdu3S+tt9VofwvOlFRacdbuy0d2rdlon3u9londFcR5YFmyVKgFAS5XnKAkgZxzjnr261YiMioZYxjYxQblJcE87uTwCOMfKM9c4qcJKikZ/eEkh1HC98dNuQM5H8Pc5GCqMC3mM7ghyChIBY464wMgnPbIySCcGu+hKUrc7vZNbq9m47vqk907feefUowk+Zvla3t7qb91KLvrbSysr6DJ5pREwd3KshOF+UEHovrwwBznB7kgivnS6kJ+PeghQXZdMwGYbm56gDnPXOOnIOeuPoW8k2wMrBmdkZ1LAbVUEEYBznnAOevXOQa+eoneT4/6KF27xpyjgcHsOM9AQOmMccmvnuI9KeBirf7/AIdOPpK/L26991bU+x4JfLiM0ercMrxPMnd9ILRvffp6rc+sRpjXEI8ySFZZZDswTwm5jgLnAAOOM5BJ+osz6WkcZaEkzptGFyynGQWwCepHCnGRjAA6vvbi5haJmjRFiIEbKmckuQxJTggYzwMZOfuni5bXAkWSbcVJdQ2eWxj5imFA29c8E5J6Y49dcy5Vpb3d+topqz7p6N2308jwY4ilOpNXlzXV1qrtNdO1+rv09Tzi5uriKbyjG0siPIOM8Lkg7VyORnIHPb0FWo4L54xtEmDGN/yNvIJ659cA9+57jjuoYbd7sv5alWbZG+zAXKncDkc55J4PvgYrft4IWEcWYyqOQSq8AHgAtknHy4BHUDA56bxcb3av1Wt9Vy6LW6Vmr7qyTbOGu6laSjGUo2e6bskuVq+uyd/O/TSxxOm+Hbs4nYsqsV2Dyy3VRjdzwMHK5HXJHOMbEXhieGeG4TaW+0LL7JzlgOc7gOMLxgDGeSO0XUYbNVR1XbuYquFOVA75GSueB1PPfGKqS6vHJLtO0sW3KVYbVBw23HUkHG44H41ouWT0Vkk1s9F7qukrrbo9r2W5fPSp04uTk2krtu99Y3fra12lfTft0kM4V1AeMFuCRjaQFwSQeeCeFGST2rYnvoY7aItIAUVgCpzvYnByvVSCTjBAJPGTwfLZ9TlM42KAqhiAOisSeST147Z6kADoBdiv5pxGZA0g2kMAuAFAwTgj3PUEAkHsKxr0IpJ3Wmyv2cdNVZ6rXWy7XOjD5nTsoxhu9lFvT3dU0/z2+88H+Mred8WPg4N+cXV0w4CKB5jMTzgdODjd1468/XF0W+wgqMxxqcsTj5UxtySOFJB5I53DPJxXyF8U5Fl+LPwcVkwsb3LEt2G/IyRgfMM5GeSMrgEAfUmo61DHa/Z4HEkroUMeQfkXChlwOFx+Rwc5r5/IYcuZZvdxs8TC3NorKnDz10aT6t6u9tftuK5J5Jw/NKd3gZvlUXr7+iS6tNP5dLHE6tNKrPK4IjkdjsUEDrgDPfJyeOcYP1+CPjx4lm1fxHDoom/0fT0XzkQAqJXGQ2BjcV6EZzgkepP2F4z8SpptjdXVxMpa0DrHaoCJGcocDC9dpIZenTBHAz8F6pZajreuT6jc27It9M8zySbiwRm3Kpzz0C5IwNvJGDRxdmsHQpZfCULyadRwkkmo8t4t30366Np210XJ4e8O4hYqrnFahUTiuWj7SDu5SUbyttok7Pz16nP6Npgj824QqC2GRiBkAcAgkkZ2ngHpnp8wro0WO2Z5MkNNEQXUEBSFHU8DaxBXOCM54OQRrw6da2NqFvb+3tjuZVVpFUNHjJAPuOvYYGOQTWbqHinwbp8EMd1fxsY1IdEdZPMyewQhgDjgZ65wDxj4mljMDhIxcpwUnZO6vfZOO9k1zKz2ta7bP0bG5Vm+Yz92lKMbppy0W8e2t329OxTZBKsRbHDMU2qcnj7zcY5xnJ7ZHBzTGsbqWcMlvIwYMCFTB2AccnpjJ53DOBnoDWC3xc8PW7FNO0ie8khYGExW5yzdi5cEMOcYyeDnJGVrNuPin4l1COU2uhR2ZkD7XuiqbVGe2OOBnOW6E/dyTjWz7BpWg3K7Ukoxdukd7Wu00t/Oy0ZvhuDsVKnB18RGn8PVL4bLd2eqTSV7tdb6vtP+Ed1jVjFbxWbRrE67i7BVYkkkndjJ6E8hcAEckk+b/EXwZNZ20DX95b2zSXTKS0gZFUdsKScgDnpxnn+Ks+TxP441BjB/wkK2UbIAyWoxhem0PnIPTkfXnrXnnjCzvFtYXvNRvdQkMpSQ3EsjLuI4KKWOCAQec5OSAATj57Nc4WIw9SmqF4ysm20l9lrR622adttNlp9lkfDuHwGIw9X6xKpVjLRWvdtRelr2XW6d7/I7zR5Ph3pGnxSavqLXc0cZ3xwMJQzc8gICygcAE8Yzx0Bgm+I/h23HlaF4fkuQFdY2MfYH5Cd6klfc447DkDi9E0vTY9O82S3ikkZAXaQhmx12gDHzYHcEZ47Cty0a2TzQkSQqkQVGRV3AepyM5z688984ryKTqulTanyLli+XR9vS3TfXrfc9nFyw0K7l7L2k27NvlXa+iV+l9Xp32Zn3PxH8VzYjtLG1sYiSoLJllBBDbsAYbjGDxwORmuXvNY8VXpxc6zOkRYfu4MIAD1IZDk4wBySBx1AGdC+eMXDbiDuc7QSBjK5yBwB6HHAyMYyKz2mVnZFVSTja5APzZx9cgnKgdfrUzpczXtKlSXw2Tk126K111V/J3SM/rk1y8lGELNfZvvZLq7aK+3e1io2lSTQy3E9zPdlWBIkld+ARywZs4yGHbr6iki0+3j2bYowXGCeuBnjG3O0cfxf7J67c9BZ2N9OkqqhVdmXK52k5yvLdOMfdIHHBJ5p8OmXJdRiRcAhjt/hDZG7AAJPzDJ3HIAyK1jgvhtTWtrXTlJfDrf3uyfm3vuZ1MwmotOrFNNaXS7aXei10aTVtdbXY+2t7cLIixpu8sjeMLyOjZ+6vPABHOfbnPkTdIMhmywQdVBxjBzjntnHTOMdCett9KlZ3CeYVdCDhSRkDHy8AdQTkjjnGQTiSLQ3bAl3LjJXIbLE/KFIGDx09TzgEjAv6lVTXLCTTteySVtNna/fVrTomjhlmkISblWVrK/vpqz5X97u3otWla+65+8cRx+WEw4+XORgKR0yT19RknPUmvff2YjNH8T3wyhTpMm3JyvIPOAcbieB1JGTjOa8eu9AuCDsgbczqVcKQjYzwCcj14P15yMew/s5QT2vxQIOBs0+QMSRwBkYAHYkFR83HXqcDryyjVpZvlqsoy+t0mnJ3VlKLbbe9l+t2rGGa5lRxGQZ1yz5lHL6+iV38C101vZWu3qtNt/0CltmnnbLESmEM24kIG/X7p6YJIUZ56VHHbN5rASDIQbxkncR1XnocDaBkLg5wO28wkd2MSSM7LGhDrgKCByOpIHUY9Rnqc13t/IeSXb5YQZdpSqKCP4SXOcMVJDc4J6ZyK/pCWJhRo051KtKMYpLmnJR3UNr2v1+7Xoj+K6eAr4yvU9hQxFV+1npCnJ76pXirvTpffbSxmeQ0Q2CJXXcGX1XcecdeT8wZiSQe44ro9PgRokCnyU3E7Tht3c5GM4b16d+vNchL4o0CwJS71iziuVVg0W7zSoAyVVRnJ4A+nOT3xZfjJ4Y0uImK3vNQnR9u5LcxxOu44AZwq+4yQSMEjivGx2f5TQjarjKCcrae0i22uX4lFtvS2y00Prso4O4jxklOjlmLUW7rnpSjFPTW7Ub7bet9j2BLMSiRnOwhxtOQBt7Y4GSc8A564FXTAu7exZlVQoAXa/TgyKTnaOuf4uDgc5+XPEX7Re1pY7Wz07TgwDb7q5QzYUHkop9R3GVP+6QPMdR+P+q6oXhgvr+6dgd0WmWz4bBwiiXAGARweOAckc5+UxPHXD2HWlZ1ZLpBee+rd11vZ662P0jL/C7iXEuLqJYZWVnNu924raKtfVXV73W9t/u+92JGXmuYoYlwQ0kqpuVSTu64wvUgjOOuMDGSnibwtayGe+1m0GwMhEciSlUx8j7EA3N2IwT1zxxXwgfE3xP8QlY9M8OapNG6kpcahJIiqWwTlTtQbhnIwOcgEc1o2fw2+L2sov27UYdFSZvmhghLyFcZ67Scgd+gYY9K+axPipRpKX1PBxk1pGVWTbtok7JJK71WvfV20+vwXgcqk4VMfj6krNOUKSUd7X1k2320SXrex9da/wDGXwTo9jfQxi+1KRrG7RZlj+zqgljdRyeqktwOMnNfIHwq+NutfDTRtet9MXTEj1zWZ9QWa+mDyxJ5xdAsQwSRyCME9M87RXWzfs4XcXh/U9V1vX9Wv7q0sJ7qOMytBEroMASKCAyAEkBgAcjA9PQfhx+zt4NuPDmk6xd2Qvprq0juZGvGYq0zu26Necc7eDjac55yK/P8440zPNsZRxNRwpyoQkqShHSHMo8zTlzXt3bd+jufqeQ8BZPkOBq4GjCdSlXnCdX2kpSdScLON2tEr9kldqytv5jqP7TnxB1Od2tdQvbhZBt8nSrR1U7+OHaMhQPY5II54OOVuNa+MPjS4WK103VCkoB8+/uJcKC2QWVSuAQCOcZHXaD833Zpnwv8OWdu4tdKs7NPMWNNsMbHcvRVIUEZ4Ock85xzmu+0vw3pulo7eTbpLH5TmV5ECKo42tztOAvfnJHUHjwq2d5jVk3PFVbNJcqk1q7Pq3ZJa2t59E39Hh8hyjDWlRwVGMklaThF66a6q/fqnZ203Pz2sPgh8V/EIlm1DXP7LThHjtUDM4YAZD/Mdqg8sCdpHBPOe/079lG3doX17WNa1OQoN6tO6o5OCPlyo2HsG7ZKnOK+urvxT4Q0G1vn1HXdMila6YqzXMIRAMHAG7HynI247cnFeZaz+058LtClAuNfgu5YImUx2zIwYjkAEEjpgYyeMcZJrzZ4mtLWblPpebcuqva7s7u3bWzXU9WNOnTtGEYq1uVKKsrJaJW6aaPd7lDTP2avBOnwQtFotpNIuzdJcgSM7IAxJHJ3HGckgg44zkj1DTvh54f09Y5rbTbO2kiIjLeTEvyjAbaNhwOOuc5J2nOcfJviD9ubw1YSOmg6YbkqHZJp2CopPAypbJYj0yM559fnrxZ+21431dWj08RachLbZVX5mJ+7jn5lA3Y+8Qc1nGpsnKMbW0bWnwpu2ut1azT66FK1la6XVNW1dtFdPfa/ayR+sk9r4f0+ICR7WFhGpU7kjTIILbgcj5sEgnrnp1rl9U+IPgXToJH1DWdMtY4eJMzxliynGVCkgjgA5w3QBs7a/FDX/j18QfEGWutbvy0oIIWYwogPOUCEbQORnAHOOASR5Zf+K9Zuw4vtUuJTIS26W5lfPJB4LHPOTgrgAA8DmnGpTak3dvbRPl0ta72tfsrJde695yW1mmpX06rr12v59d0fs54k/av+F/h+GXydQOpTxOEWKFAylQ3IQjt1wTnIP8OML84Wv7btn4fg8QWuj6Ibh9S1Nr6BrhyixxOp+XBxhtzZJIxg47ivzLnvzKCslyzsSNuPuhepyeMnv69CM4zWW9xtZwzMQSWLDnjGFGQTu55bOPTrjOUqzbjyxcVZXbd29E731WtraenkO3Le70tfoklps7NNb6307JaH3t4j/bQ8c6p5iWCWljHLudyh3uuSTgFduCB365zx81eE+Ifj98QPEBdbvXbwrISF8qRowiH+EY5I4IALDLDqBkV88faypVgrMFBzgFQBnGOpyCAPm/I80u66uHAhhlLYBURxyOQc9MoGyc57EDHJ5zVQlXm1GEbt2T5Y67q1nFJ3s73s/uM5TglzSlGK3bcla111ut7LU7u78Vazdyjzry7ldgxImnkKnPLEjcMN1wO/IyMkVjS6jKw3SXCjaPlTnK5+ZuvJOT1OcDtyas6N4A8b6+6jTdA1i9yQoeKzmCnO3oWTod33sc4wAK9w8Nfsj/FvxAwaTRU02DbuaXUHMciB+/luV3EcBhjjPPNenh8mzfGtezw1eSlpdxkr7PS993538uh5mKzvKsGn9YxmHgklfmqRXa2n+XmrHz5JqC4QOZJQf4SflHBycHqnI4K8k9cc1Qlv5CSI4SdxOQCWyQcj0xnj0xjHUZr9CdF/YVuESKXxN4qsbf5VdobZWd9pwHThsqcnAbO3n0Ne0+Hv2S/g1otwv9sLfa2yKuDG/loSOcFV5wc/w9gDuA6+7heAc5xFva8lBaaN80t109Heze6R81jfEPh/C6RxCrS2Xs4rl0a05m7a97t2V3fW35Extql05jht7iQkgBI4ncAegCDOT/Pk9cDsdJ+F3xE8Q+W2l+F9YvFkOFKWU4j5zwSQc9jnB6fWv2x0T4efCzwukb6F4H02EhXEkl1Gk5kAyFctMrjOMD5ueCexz2kGpC3hjj021s9N2KxVIYI0yc/wFVHJXgMMA84JPJ+lwfhrBKLxOKnKySkopRs0oaJtt6NXs3pbZaX+UxnizRfNHB4RtxbSlOfMtbNaRjpdO+9/U/Izwv8Asd/GDxFCJrnTYtHgYLk30uyRCcAsYmIO5c4IwTkAY+Xj0yz/AGMJND8W+DdE8V6+Lm08Q3EkF3HYRlGgjiGSwcnnGeGyMNjO4tx+kaXt9PLNvuZQCG3AlUV2PXYDgDjAII465POOB8UPJD8RfhnkMdhu52LsW3FRlsYxxj0BPI/D13wRk2FVL91KpL2tKL9pO6k3OEdEnrotvO1kjyqXiJnGPlUpxlDDRjh605ckbWUIc0XzSu03ZNNPZptWvf2vXP2frCMzN4J16607glNG1tTcWBxghY5R+8TJJVS0mOmeAc/P/jLwT4m8O2GqDxL4RnijSwuVXV9JcX9lOCjYd4o98kC45ZiRjOD0IP23Nq8MwnlnkcvLCGE0bAxq3XcVAOADxkg/KCDzXF+JL6U+H9UiS6Z1k0u/JQuWV1MTYEilipGOflGAST0zXrYvI4U8NVnTnODjSlJwi24txSe17W27Lv2PDy3iHGPE0IYiEKqdRR5prlklzxjduKV2nq/iu99bn4/fDiNm8UTKCERYZyo2kAjz2xkHJBwQCvYrz0r74n12W2Szt7y0uUt4bG3SO8tR50JUIufMC5wyjOQT94H5VyCfifwZHGfFjKsaCV7ma3BVcKA9zIc5AHA5yBkHORnqfrCHw/42W1uPEWjQXV3p0928Zitplm8kxKVZWtpCwZD8x2qoODx3A+M4ax2JweMqyoQdWXs5KcY63ipqV9L+9v5dL7H6Jn9LBYvB0YYmqqUeeMoTm+VNyjGKV9lpor2vY6m01C2vSZYnW5THVmCyR7SeDHwSSVw3HQ57DHx18ZbSN/idYOm5VuIbaQg4LAF844wB8o6HOT2617rLrMQnZdTtptMvUV2823ja1lMqqADJbyBQ2COdqnOTgYwa+b/iNqLXvjLQrhrs3JKRJ5vCPhZTw3AIYDqMdSSOwHq8VZvQx2ApUp0p068a8J8souNtUppO9t9unltfzeG8n/s/HTrUpudKdGpZpt/y21jZNK/y66n2H8DrCM+DfFBFsl3HFqCtIJY1kiIPJDBwy9Mg4wck4wcVb1LwRpgvzqOhXd94V1KRi4uNGlmt4vMwGHmQxsqFctyNhOSQcmo/gdfpY/D3xw0soGb6FiW+UBWKruLYAIAXJ7Ag9elegNc2s0UQUqVMAKyrh0LOAB8+RnAwAueOfoPa4YwuExuUqFaEOaDfK5W59bW5WnzX81ez01W/h8QY7FYbNpSoznyPk5oNc1NvRpPRp6WWq+aPj/47r8QJ9M0P/hLddt/EOk2F28dhdFFiv0Ztx2SkBdwwR1x9Seas/AG+SLxZ4Ml8yOLZr9ujvO4VEjadR8z/AHVGASDkYbpkcHf/AGidqeF9NZWDhdSAOCSOUGCQNp+8WOTk44yTg15z8HNNi1u4sLKVjEk2rRRyNCWSRVyCCjgqysvPKkYI6kYr5DO8OsLnSo0pOUXKlOKk+Z39x23vfW1npbU+xyOt9aylOcadK6qqajFKKdtXy2te7fzb9T+huy1polRn3i2H+rZSsscrHkPGy8FTlckZ4wASCBXyd+25di9+CWuFmHm/bbQrg4ypKnacHjkdyQDtxz93wrStU+M/wummHhLxIvirQUlLf8I/4hJldIwdwjimcl1ypC4DDnHA5rkvj/8AtEW3jj4Yan4U8R+GL3wp4qnntnWF4mbTLkRsu7yLjb8p2qzqGOeuPSvbx1XERwtanXpTg/Zay0cbKKd1JO19bJNW30vt8JQ4fqrNaGIweJpVorExk4xspRXOm7xfvaK+19dL9F8O/DpUWzsllYbG10HGACWDcHI4xz046jnByf348K6Daah4c0SSa0guA+gaf9z5GA+zJyCTnO3BY55xndnp+Bngjy0tLBgoZV1+NcgghiXHOenXH1O77xr+i74fwW48M6FhApXw7pisCRuBFtHu6nkduR19eo8zhepVp1cVUjNx5oQvr6JfL56aNvWx7XiDCusDl/K17tSak0tkowXV6q91pr1Wp4l418I2trpslxFLNH5VvfEW0nzxZ+zyHIB3DOOhIweBkDBr8NPC4RfG/jLJVANQv0BxngyucY4HAYAc9hjtX9EHxHijXSGBgDBrS/JIA72smCMZAPQ44ycelfzx+H1jTx94237Qv9o6mcEHPFwxI45PUHB+ueAKnPsRKpmGDc7ysrLrtGPZ21tfTV3VuiHwLXnLLcbRnBy5ZwV5RsleEPwXz0sr3P2o+E99Enw78L7SJohpsKDJC4bYBlQRyQMZA6hQBgAV1upG0fT7xHg8uR7S6zgE5BtpDk84+bPIxgdOtc98I7LTLv4aeDwPLRm0tH3ksql1Hfdgk5+Y9gTnPIrqNV0+IWd8yXOGSzugELDa+23fO1s9Onvu6199hqsJYGlyr/mHWj21ST3u9Vtu7/M/OMXH/hYr20ti9FbS3tV5Oy13unq+6v8Ahbo5VfiV4wUDCreaqFHbAmYc+mNx6Z9jzX6P+A/hXoXjb4ZeHLq9hnt7tVmVL61ULcrgkoFYDcVyQeD64wCK/NvSwf8AhY/jLbx/puqsD1yPNkAPIzxjkkY9ORmv2C/Z9zJ8K/DW7DRgXJJ3c5VmAJHXGRgg5xxwfvV8hw5GjWzfEQr041IOlVspWspe0V7ea1Td3bSx+kcV1MXhMiw1fD1p0qsJULSi2m704uzSd7PRWv0s9D5F+I3w+8W+BNG1e+ZoPEugWiMz2+oruuFtyVOFZ8OXx0ZTkYBUnt8J6ffxah4nvpILX7BFJGZIbdtxFshKhIVLHOR0GM4DYH3QD+0fxys4Z/h/4gLjeBaYVwMBQMdwduAPXjnNfizBF5PjHVY0Y7QqhUU8Z3AbhtOMEYzuOc4I4xWPEmCpYTFRnhoqFOW8Vqm3Zt2btvrte+tu98G5rVzHCuGJalVpzgudKzkmvtJ3Ta7pX0vva/1d8fzqeofD3wFpthEJI4PC6S6gkjR+YyqCYnjAIY43ZwMgckjjn4IMG2IRMgR1cbgQQy4PyjBGQMjI3EjGRyeD9c/HyS6th8PDbXM8DjwlCrBZD5bcEAMpADY6HKnPqea+T7y9mkupIpmQythnYLj5sYyCAVO4YwMdB2zhfmqsG5xqKyXLy2srXXK1Zu6vokn362Tt9XNSpy5U93Zae8k2n8TlZ663evmX/C4czlFBU/brYEgkLs8wE4XtyemACVA3cjH1J+0I3l3HgiLcxI8O2uBkkZZAc/NkcnIbjBJ64zn5r8M2rtM+x1Y/aYduAASN6N7EbScDdjOCD7fSP7SERsdU8EMweVH8KWDOQFyGaMFcL0AyMDkj161yzkk4NuzvZttaKVkkkna2qvZNq/Zm0oVHRqJybUUmnqrWlGS1+LVq+j9bngEEL2e943ZSSS7xuy5VvvKRkAg9zgZ75wBXf/Bu+P8Awsjw6pJ2/wBoHa2f7zL1z2J5PB5bOcdeAtrv7WHDLtHKjfgblxgDgfL6jpyK7L4RKR8RfDihSC2pDDDngEHjA2tljgnr0PrnRU0neFrS00Sbeq6pO92t2rpvRnLCvOov3kpSUFZJtu2kU7etlbRXtdX1Zb+LPiu2g+Jfiu2nkk2pqZG7gIHCgAcZ6kfMMHI6fMKxpdXgv7SWRSrqLbYNjq5kbBOcKcg8Zweccc55wfjVaR/8LH8WscmZtUYsrNjcRuBxggcDjIOTxycEDlfDtlJJLnzGiQKS8QYfMSCoYA9lAzkAc4PrlRT9olZpcyV1qlskm1pddNrfMutCLpcyXTW7u7NaK6s+ut3a7T1PrD9lUbfiHO5yoOlXIII5AIPHJzgFQMnr61z3iS1h/wCEs1wsgZm1S9dZCQSw81ht29CQAvBHIOc8kjW/ZpBtviA4BdlNhcgNz8+5XwCRnC56EZ64xniuxuPCEV5q+r3sjI8jX946pFKh2jzCfm+fcT9RgdT2A483qKFGhZNtSd7c13Zxur69nvpdbo7MlpKrUqxbSlyRTva+6Wiel1srbdnY+fvEdnMLeKbywQk4YLtOTk5yRwM9xz174zX2V+y/G8ng7xtA4VUaN/MDZXaZLZ1OD7ZGOmCcg56/PPjTSIrDSBIryOTcKSpBPOR1YA8c9hycHAxivpP9mSSVfDni+VYw6eXG7L1LYj6txjkcEnBByTnOThhq0p0OZOyTTtZpt3j620vr06KxrmFBUqsYx5XNte8kmrKL1ulfS61t00vqfHU9nIfFl3ZyXMpji1K4SNJZZGEY85tpVWYgMOOq49c4rsPFd9cXGqeGoLmYzCzmtooVwAyBJI1BIxk/KAewHUjgAbmpeHLlvHM2oLDbvb3t/PJhHBKHzWBBG44PXA4HGB0+XK8b2S2fiHQWBUSG5i3LgjpMp59Dyck9+BgnBcqsZ16UYr3lPmad725o6a2vbzvvrfdKEK0cNUlNqSs02rtbJenTteyT819i6pc2o8L6lLOpmSHRImSJcDzioXchPQkgd885x7fMjX8F5Ks3h65ksZ4l2tptw+SzEFmIDt97BxjGDycZOK991i5e18K6u6eWSNFicK4DcAqco/3QM8Y5z83Hevl/7Xp2pSb7h30+84XzoQojZju+bcuMDHHXnk9ia5M6w9LE4qn7SKadGzvG/W6dra/Lp0PV4brVqGEqeznKLjWb5o3jyrTW99GrJtrXRs9a+H/xl8b/AA08RW+uaNdanpV7YyGWxuLK8vLaWxuUJxeW7I6rndw0Z+QgA4OcD9aPD3/BXvx54n+HGjfDj48WVj8UtGfUrW0fX54tviLR9PXbDIsNycOjeW255I+WZASxJJr8XNOvdW0yN4ibbXLNiHKygSTIAflKMRvwQSGXODwB3zl3NpY67dTzRXB0idzg2jM0UO8ZIKhdpAGO+MgYYnmvx3i/wl4L4vUXmOV0XjIx5aeMwrnhsRBLVL2tBwm1GXvpS5o8yvy6H6nkXiBxJkVSi6ON9tSpVIzjQxUY4imn7sW4yqJypya9x8ttHZ6Xt/WH8Fv2c/2EP21fC13o3hv4pSeDPiJauf7I03xQYRFqa3UYe1EzT7bi6SFg0f7uTc2VPuPjD9o7/glj4q/Ztu9T8WavY3svhuGK6k0XWdNtnvdEv72AN5amSLf9jt7lcunnkFecMc4r8Q/h74+8f/DTWxqem63et5ICxm3nmV0ijIZHt7uJhJCV2jZtYHJ+gr9G9A/4KqfHXV/hn4i+Dfjjx1rXiHwJrtsbW80rWIUvtVsUjXZb/wBl3sqM8eDjdI7lsYJJHNfjOC4A8UvDPERjwjxDj82yZ4yFRUsXivrEqeGqVKbq0K2GrQlFxhFS9nVws6MrS96Et3+g4rPuDOOsQsTnWGweCxdWjGFajWw3spRrKFvrOBzDDOErylZuhjKdaCeiqJNJfIel+EtastSvtdurC8tbe5v5PID2k0cE5JYMtvM8YjmVecsh28DFRardRSLLps0Lj55zuC4JDsuVK4xwdwIJzxjBJxX9IP7Evi/4W/tJ/BPQ/hdrF18Idb1rRrK1jj8B+OrO18O+Lr6EeZtbS9djWBHuZEIJZ5GDvsB3Ak143+01/wAEvUms9b8T/B3w/wCJYNQ04Sy6p4JmSPU57KNixefRrmyLi+tFwzIVLsygHPp9Zw/9JOhTzrF5Dx1kWI4dnQxdXDUMyjN1sDXVKahCWITjSr4aVRcs0/ZzopSVqrTPiOI/BmaowxfDeNhmCnRVf6tUUYTlTlGL5sPOMnSrKN2uVSjO91yvr+BHiSMeZoSCRituVj4wQoUDByw4Axhj0984Nfbfwa8M+I/HP7OPx0jsLjTHk8IvaXNtFMQb25GoAoybPvtEAoIOGUEgg46+J+OvgT408IwldS0+8+02kbiSymtpoL+OWMniWzmUTBwQoIAyR7YNcp4B+M/jb4OjW7XSRHaWvjW3GkeIbC9tiY7q1DhNwWRQqSoB8ki4kTIxjFfusOIsvz3AqvkmYYTEQnKlKMoVadVOHPCUlZOXLeN4xvfR633PzB5DjspxUYZlhcVRnBPTlnC0nHlWtk3ytppXdvPU9W+G3xY8dfCa10LxrH4m1RPFPwh13RNX8M6Xeaje3OlafqVtMsqTQ2Msz2sBxhSqoBg8Cv1k/af/AOC23i79rX9lDVvgp4h+E0mk+KLvU9GbUPiDpz/a9CnWxUNIb+1AdoZLtycMwVc5C+34Z+NfE58Raj4ytYbWG2t5bC1vZY0IzJLHGhBDD73PXA3dBgDp+gf/AATE/aw+Fn7O2ueLtG+Ovwttfib8IPiR4elj8WaZJo9nf31hc2EMn9mXNhPPC8lp5srATPA0bKoBzjr6csLTUHUo0Kdac1HnSir2lyqTvtdPWKaWq08phXquUadWpOn7P3oS5n8aV9ej7Wej2u+v6B/8Es/hf+wL+1V8IPGXwV/aHk8L6H8azr017pOpaldw6NdzaaYP9GuNFvZnhile1mHmvaszbwdpGCK/Ef8Aab+AB+F3xw+LXgP4fa/beN/CngPxLcWEWu2EkbR3Fh5xNrMdm9ZjCMQyyR4AKFtw5A+svg1+w3P+2Fe/tP8AxZ+BvitfhVafB221b4ieH/Cl7dXMV5ceG2ubi5j0zTLy3lWaF47ULy52AH5QAOPgD4bfEi58GeMpY/EM2pap4e124vNE8Zxq6XOpXVhOWtrt4rm63/6QhzIlxkMNpYEdR42FyNZTicfjqFavVp15e2ng3UlVpxqS5ZtU41JPkkrvlULLWzslZejXzqrmWHo4XExpwlSUYU8T7OEJqCioRcuRRlOL0u3ezXW55343vtYOi6bEGW+06S/jCyMS0qyxqsbqwUAbVYY59Ny9q9M+B8N1dyeP54mEF3o/gm5COspRjBJ5heNlDZIZSQw4AA54FZnxM8Fad4L1ez0TSdUGpaTO82oaXLBOLoRW165uLK3uiC2Lu3t5Y4593zGVWHbNdh+yn4b8d+MfiZ4x8L/Djw83inxLrvhnUbBNFRUaa4ghgdryaNXBGYoyXHBYngc8VlnEo4jK69ZJQhKNOap1EoyuqlOTTW0XpJNaKz1drI0y1xpY2nRdRTkm4znHltrF+9F3vJappapK9ttfHbG8vtPOmeNLaULImq2dmj25YSQusgJKEdHPO7jIPr0ru/Ftrf6re6pcSxzTWQC3HnykCRLi6j81zLjBwxY4yeoOcE5Gh8R/DWpfD2LR/Bnibwpq3h5p/ESTz2Wo2E9jeW1xbSGOY4lRN8JkBKSfcKAMDzzoWt9rmnXGvS2CQ6toFykEd4kqpN+6KqpKgq0gcAlRjPsPTkxU1hJ0MXRglKdBQmpJJSTdOdr21te8Ur7t20bNor2tKph5SbdOfPLleiqR5oSb1vZ+7K99Lr0PGUs4pLOK3iZ43STlsZ2MTkHdj5lYnPOM4+9Wz4HuvDlh4gNz4rsLjXNMju1jurOIlJUQ4UXMRAAMkbHfHkFcgHnpXrZsPh3JYeIJ9Uup9CubTShLo7WoEtteXPl58i5ibMiOjDaHwFOABXzpot6j6jDch2lhvLiO3LA7WyjgFuc7QwXduK4PHI5xvB08zw1alGNWKlH2bVnBxcoxblTezWj96NrNa9EZ0q08JUpT5lzU3eL0cWoy5btO9+7XXr2foWjeJF8HfFzw/wCKLWW5l8KeGfFtpqsWn37tLM2ni9W4aORV53GIEFQArEcAhiK/ov8A2mfi3+zt8avBvwbvfDuk6auleLxZ3viZYLaIa7ZWtlaiHUTbiBEe3SJFkwsh3Pt3E7sEfhV4U+GVv8QND+NEhs3l1jwV4bs/FekNC6RG4tbeWGG6VlOPtDRqzNiPIAHQkHFnR/H3ibSNc+HfhwO2l6NcLprpJeQmOVLDUnjtr3bLjcYGjld2wcMpY8gCvxXjngqhxBmmWZhhcZXweZ8L+3hUdKfLWqUq2HVSmoSXvKXOlNNpcz5lsj9W4Q4lqZTQxFHF0FiMHnEoSg5LmoQmqqpT9rTatJOF7K2i95as5X9o/wAEeEfDHjN/+FaT6ldfD3UrvUr3w/qF8GQ+WkjK0eG+YlGYqx5Axn1rzvTDYab4Wsr+4tmvhLLPb6jHF8skayljHMhzuLK2ADkjjIOMiv2X/wCCk37L/hX4bfDL4Y/Eb4fJZ3nhu38NaJZzQ6Rci4sL6fWrZLmfVEikdpjIsrbJ9u1BISCeM1+XFl4f0e6S50u5hVdPl0S2nWSN9ptL50GBKgP9456ZJ45IxX0vAefx4i4awyqyxM6uGnUweI9vNfWXVw01FSqOLalOUXGbae976nhcYYKllGe1a+HjSVDExjWoxpxapqFVRbUIyTcYKUZKz1V9dLt+b6Rb+H7/AE6EPqht2e5aG3WcBZEd92IJQwBySV2t93jjFcmnhW6tbbxFG6s7WNwswZGUq0TE7XGD02nJ56cADGa9y+Gtp4d+H3i7Sb7xv4UsPiB4Wkuvs2qaNO8lvcrZTNtN/bOjK63UCZaM5Clhg5HBZ8dtN8BWPjbWJvhDrd/J4H1qwS6tLfVQEvtLuGUPJpMpGDLFAwMasNxIAJJ6D6WlmOLoY/6j9XxEqMqLqUcVKMJUG4uKlRlLm54VUmpJSiozV7SurLxJ4HBYvBRxlOtGFZTUauFXPConNJqoouPLKLkmrptqyTSR5z4Ssrvw3e2NzICk1lFa65byoGYqFlSVW3IM7toIGScE4PpX6u/tMabH8XPCPhLWNC1Cwk04/BuDxfqFnO0STtfabGkU81uygu07MT5m7LMMZHNfmppc2rW+j2l9rmkXdn9s0OS106W+ga3ivUQFI5rV3ULNGWx9wsOBuxwT+l/we0bXviH8BbbX4NM0iZvA/hjXfAWu2/nql+ya7H5+kXKx7gdkKQOWbGwbgCfT5bi/MIUauS537aEPqeMeDqVIpSg4V5U4ckmnt7WCik/tS1Pe4cy+clmWWSozksRhViKcJe7LmpxbUkmru0ZOSate3XS/5JW8gtbJblNxEtyBJEzBl5O08gknGQPu8ZyTzk6+m/Z7S5kW5uGVC8c7xqxA8vcC7IxyyOgwVIIyQQBVyHTLWxV/tiyWqxXGoQSNKpe282GZ1Tc+CiPnsTt4UEHIzu6LBa3iutzZrJcxGNElCqyvBhyM4yNu0nnA6gnqa/VcLCnj4R+CUZwTs2mrSSvfrqmmtv1Pga054OcpJzpThJtSUmrOL7q1leyT6NNK7uj7F/Zw/a9+K/wE1LVL/wCGnxMvoNJtFMr+F9ev5dQ07V4lCtJF5E7O0bKBsBhVccgEHivrzwz+1B8Cv2hfjdc+MP2kvhxbeF7LxN4dtLAaj4ehlSFL1Dsl1KeOELNOs5YuZJCQBgknk1+D9pFFL4k8SWMFxJ9piN09qjblYcqFQIP4OoOc8DnOcn6zsdVXwv4h8AyXkqS+b4Yh+0B2BtlLK37l0kG1XbAxvB+b7xySB+XZ74cZNVxWIzTK6MsozSvCrQWYZbUeFxMZzUZOf7lxjKXNGLk6kXe2t7n6NknHOJ9lHBZoqeYYVU4e0o4mCrKVO0fd55KUkldqLv1a6tH7qeOv+Ce/gbXNEv8A4ifs0fFzQfif4Zlszcx+C57u1TxBa7YRI6ROHXylgztRHTecAHmvzA8T/D3x74OmuW1jStY0ARNPANO8QW00UMsqlwVt5nREePIIV1YqwGQxBxXA+CfiX4i0rxVpOs/DnxZrngt7SaVJZ9OvJPsUl2JdyJPaqwtZkdiFZXRgQR26frh4Q/bkfXtB1D4a/tU/BXRPiV4bu9OzF4w0aCK01uKb7PttZ53kVZFIbY7fZtmWzuAbIOuSZx4ucGTp0a9Onx3kkFD3+ZYPPsPCCjzNNp4bFrk1SlONRu6uuay5syybw9zmM6mHxdTIsdUm3FVVz4Sbny2i7JSpJXtdK3LZ2b1f5ueErTVbzQ3nt7ZZYYWYXFurLJJCwGSyqoy0YJBBAOOeSeK55rlb+4lsriwt7iCQyeZBdIjwSFWK/clzj5RgtgHI4PGR+ongH9jL4efF34SeOPiD8Hfi9B4W8VaA+q3tp4E8SXEdoX04xNNbWKrK8crAgiETOGAPJOMV8Q+Evg78VWu9X07xv8OtVt59Jd5o7rT7N57Oe0diE1CK9jXyXglfJjw3LEHGQK/Zcj8SeHM9rLAYmpPKcyp8kamAzWm8FW9pOK9ym6yjCpZ3SdOUlvytqzfweZcF53llKpisNGnmWAhJ3xOBft6Sj7kve5G5r3W3rGyd+q1+RdY+F2i/2pDrPhe/v/B+rxSPNIbF5G02fByxlt3JiCnjOxR8uAea0IPiJ47+H8RtvEHhj/hJdKmuY5v7a0PLTJbKcs1xbEMUZsBmIBIzuI4NfSWs+C4ZI76ytZUnntGkSdFOy7syhLmN4j8x2YKsoGRhs4IrzOz06/gjYW8nmKhaJ4LgFvNBJVso2Q67eAMZHI7Yr9Bo1ZQt9SxMoXi5fu581KTVkvdvytPXZO76OyPja+DwuOjyY/CRqXTTnUh7OtFr4fetGV7eq8jxD9pv4u+FPiV8MvC9v4euoReWXiVDcaWykXVr/o6pmcYyxUggkLjI46V43+ylbtafELxt5xtwr6PEC03lDL/aSRguMBQCDncevJBDZ9+8TfCbwb4tjuXms00HVY3Mgv7FDGGmPCtLCQEZSwJchSwBxxXlPh/4Y698KvEOs67fWcviXRNTsltzdaSZPPtwjblee3XD5wNzAAAHHtWc8RiZYmlXxdPmcXFyqRi7OySu1Z6t7q35WCnk9HD4CthcBNuE+aUYzklJScotxT0ulZqPXq11PdPjlqFnJ8NPHCpPCHTRPL2RyRtu+b5SAhBz0wcHBP3uhPwF+yrcNH8QZ2MjAf2CTksiAjzR13YznbkBRwwIwRyfpTxvqeia38PvGMmlKtzcLospdUmO+Mpk+XJA5MqSoMbyQR34zx8g/s46XDqXjyCG7kuIo5tJk3tA7xsVBJ2l1IOwkfMP4c4GQOM6mOpyzXCTio2bir3aTba0emlk2mmtbPqYRwVahlGMpVJOLlF3fvN6qL0+Fv1+7dH2z+0tPbzfCO+KvvdL60cNvVl5dQQME5wBwR+Hc186fsqahYWFx40N7dW8JWeFkE0iRlzgZYB+C3JJGDgYA68+h/HPRrOz8A6gE+2yMLi3UeZcSPEAHQZCMzLnBGCwBGMYGRj5w+D1tbT+IPEcMiBk8mCRlbcPnZhknJwcr0BPOMe9deIxH/CzRcYJ+7HZtq0lZX6O7u2+rWui08/BYWLyirCVRtc93ZWf2bLV9LWerXfz+svj5rujXPws8SLaX1k9zI1qUjjlSRyDLGD8q8kAdT0AXceMZ4H9lPX9I0vSNVTWNVtrAx6ojJHLKqlwVZ92DjGeBk8deT0rlvinptvb+CNfkht415tvmw3AFwoIGQAvOT2GOpPav+zho9lf2fiZ722t52i1C2SMTxhwpZQCFLAkHK5PB4wcYq+af9u0fhu6Gqd7W6a2+e1lq7a2d1aVJZFVg5zUVUi1qubRrTXXW2u7S0ttf0j9rXxHo2t+H/Bz6TqNvdbNUuWk8mRXeNBkEkAgDO7r1BBBGACNH9nfxp4c0DwFZRXt1M0xnu3aNIGcAFxtYNjpjp6gE7sV5X+0vpUOm2vhmK2tILVZJrxykMYQHapyNqgduSR8xIyc5rofgH4VGreBtNlN6IN8lypXC5Hzj7rNnnvjnPoAOdsNTUs9rQbVnSTba63p7N22XzurrY5atqWRYd3l71bTa+stNWvXRrVadTiv2uPFWl+JNQ0GfT5Z3SLRbpG82Jo8knoox0+UbiQwz054Povwn+KWm6Z8OvCmljR7+4aDTxFPKqBY3OeWiZl7ZBPPJPrmvH/2ptBXSNW0GGK6Eobw5fSEsBgEbcEAYGechsZJzljkCvoz4DfCj+3vhb4V1a41QRpc2JkCBAFTyiSCzdt7dRkYBB6ECtMFh4vOsTGUopezslprFSgn1elk1p/wWsXUqxyTCyUHJ+0jpZX1TabautNrJbvp0+X/ANrXWG1a48F30NrNZxmyugkMp3SNuAG4AEYBGRyME4JALCvo/wCBXjrUrD4c+GLGz8K6ldiKwSN7tJkSGYhsnaWDEcnkZJwcg/Kc+L/tleHY9En8DQQuZ5Htb1GLHIURKAAnPTtgnrtGCAa+uP2b/C9je/CLwjc3lxJHOdPabYCVy6yNkdME4PJzzjArHDUoxzvGRpybjyrXS+0NE7bJ31307MMbWqvJMJOpT5n7RXi3t/SWzeiS16H58/tXXM158TZLuWxmtJX03TGa1llWSRR5q7csh2fePpkDk9wfrrwn4n8WL4e0mO38O20EK6VZxwvLcAiWERIGJUnOMHJz2OOpIr5f/a+tI7f4r38cLBlSw0kKcknmVOTk+/GO2FPHX778G+Cobjwjoc0t58yaBaTRxFflDCBSewb1J5PTHQnPPgYylmWO96SfO0mly81mnb/g2873OnG1IrLsBKMG3KEfd3tpG9rNatLS6vZNJ9D8+P2iLy/XxxLLcQwLK+jaYzKrF0XM+7LctwDxxyR0wK++/AFp8R7nwRpGsx3eg21o2iRXEaMszSGCK1AwSr8OyjrznnHC4Hwx+0xYRr47aNZgN2i6ePlAX5hcYyV+UYUDPpyBx1r9WPANjb2Xwd0hSsMjp4P3DHLYNmuAOpA4yQFwQSc/Nmt8salisZdc0ZO6e6TurvZvRa73317xmM5LBYCUaaa0+JXXwwu0+be9rN6pKx+Knj24vpPi54VuY7n7Pf3GsmQSRoSIpjeOglVcZwG+bP3jheRya+1PO8bOW87xfqOTLEpMVtHsPIzj5OD2OSOVGfU/IXigef8AG/4eoYwRJrNsjK2MENqbrjAJyMZ5wTgHp3/ZCDwzpjaVcSDTrNGhaJtxVd7sSu4AEblyRyTjghvU1jho04VsalJq0tFdr7Mbqy00u731eiWjNak17HCP2aTce2r1Xw32V9bq71Vux+M/xH+3RfHi2Z766kvBq2lxpdOoWdZXjjw4UDlmAHHXdz0FfYdr4f8AGF3NAyaj4kliEsu91eYMpKHlR0YtznpjGcECvBPitFBD+1ZDb+TGIz4k0DCbV2qpSI4XORjC4OMZyOR3/YHS7ewW1iEVnBk+ZtKohJby2BY4GccA4xnqOaMnacMa3d3qtKPdNLu3+F3ZdxcQVJUa2Bioq3LFNtf3oaWej2bS28rH4feFNDe++L9hp93NetM2pasf3buLglJZSwdkJYtIobzCSMEkdOv29c/D+1isllXTtVcmKTf5l1dbVCq7BxiTru5YHvgAkHn548Gyxp+1DpMBgQAaz4gDKw+UEzTdRjHHXGCc98HB/TrUVh+xXUatAFNvcGNVXKE+Q+NvsCOeQAcEngVtk9OKoYtyS/iTTtZcrtG+j3vt1vd6aaGc16kMTgVBvWnSk7N2V+VXv27WurX02t+LWlaLb3XxO0KxuoZJln1fVt0ZMhZ2jLqmDncWBABLAg+nPH2/p3gN7fSbyf8Asy1iCaXfuhkiYuB5T4dQRyw+XGTxk98Z+VvDuf8AheHhxECnZq2uA+n+umzz3OSOoOeM+/6R3gV/DM5cBmXSb7aCQMr5EmSSMfLkYA4zgctWeWRpPD4pyjd881pbRLld0rNX10dn+GmmcV8RDF4OEJOKlCm2k+rkru61fTp93T8ufhNoEOpfEN4b6OJlj+3SRiVdyALMyjC4wQCwyeOflJr7ntPCFpLCYrfT7Z5o7W42yJaB12GJyWJ2nGTj2GTya+Zf2eLeC5+K80VxCk6paamxiyCc/amKgBuu1skHGeQCDkZ/TWKGz06zuJf7MjikTTbt0OUUvi1fAbpyTkjDfdGOeKxyrEUqGGqt03Jqc9WmusbaStZvTy89WXnEK08Rh7TcU6dNys371mm9HZN62bva+mt0fk/8D9AuLv4u+I7f+z5bvyk1Zlgji81V23GCQNpAI65O0A9xwK+0fEHgfVG8I+IrpdK+zrDo105eWKOMgKh7bQWAGMEEEYPBHTxT9kwtefHrxLIv7kS2esTGPJbaWvCG2g/LgegBGMdRgn9Efipb21v4D8YyGUll8M3TABlxuwQQWBGTjJAIxzgjANdWWVacMBXny6SqVEpduZR0Xq3ZPfc8/McTUjmeGpJXTpUndu1vhfpqtbvyZ+V37LHh+9uvG3iCFbSO4ddGJIYBwdzn5wGBCt04A+h5Br63+Knh26tPh34reWAQPDosrOFaMBhjGDtBJbgk8HjlgBXmX7BWhJ4g+LGuaXdSSrFqGnW0CNEQH3SXITapPGWDdMEDB55r9OP2y/hLo/w38FeONHttNle8j8HtdSyzTxysm+NT5p2kgD5uBgck853VSxtGjhpUYq0p05Wi9rNavvfVWt3v2OfE4mr/AGxRhZ2jKjFuLvZNpXab73+fne34/wD7JGg3OuaV4sSEiDy5rRnB3dSZCdrBuSQAOCMYzyOT9SfELwv9j+F3jOaWTdInh+62owOcJtwVySCG7EA8DrwCee/4J0eC9Z8a6Z4psdBsGvtQudZsrC1sYQj3N1NNIyIIlYEtgv8AMBkY5Hevub9q/wCBvjj4QfDr4gaR8QPD1xoOtR+Eri5SyuVRpBazIjwzB0BXDq3AJbknpXk08yhTw1PCutCNSVKSUHrJqVtbfFZaprzvY92tSxMscq0YydNSppy6K/Lv12votdLadPzR/Yi8Mw67onipwrtKl1AMIhYKqs2SwUFuASxJPJ+Xp1+jfj74OTw98PNVujdu6zaHflFw2VCIOGDEewGQPYk5Jx/+CZWgHVdI8diGOZZjd6dCphhM8hMzyLhYwG5UNyAMYyOTX0X+2x4Zu/Bmg634VupJp5U8I3eov58BhliF5GSoZWQFWGcDcByRkeulPG8mWvDqpFzlSk1G60ju2kmm+z89djnjhKlTPo1nP92pQsvs3jyaNWvbTVW3V0fnl+xfBbXng/xYkxfaNewNpIHyhQBgYIxznbjkcY2mvtix8P6XE8LCBPNEE5DZL5DKxBP0BHXnOCepz8bfsQQed4N8WrkqRr5K4A287fRR26kdc/dGQK++9NsUUwCSTYzRTKVAweVcZPryCcjIznrjn1cmnUWV0lCS+Frpo+ePfz2V9L3815vEy5c0bd46wtvbX2fXZ3SWrV7drIZrqWtt+zv4vaaBEW30icwBU2lpGnbcTxyMHBHtwRnj5t8cXLL4Q+F9wXZYrrUfDiKFBO5t8OAdueSCvBAP4CvXPinqF4Pg3ruiR3TxW/2RyGjXBnb7Q2Y84OehBViQCeCP4fLvFOmzX3hn4L2QjDO+veH0EZJXJBhHKkcNyCDnOcdiFONR1KeKpuUuaTjBxk38LUo32ta2qSWm7u+vsYfXLa01a6g1fvJQ6rvZ2u/J36r3Lxnpt9p/h/Uo4i3l3emzXDOhffGQhcPnOVKZHTGQTwBwfEbrTtB8YaLpmm+LdHstZ09LAW8ktzH++EjAbdk5+dcEqR82cnGcHn7A+I/h/wCyeHNfd7pkKaHKijdgK3kjcpXqDkbRwc/w9K+Qblrfw/4Tj1iZvOEENvcsHOFCqwDLhjt5A64JOME9K+xxVKhKrTjVjTnSeH5p8/K/csm7p9LptOya1e6Z+eZdicRFTlRnUhNYlQi4tp6O9mlpbs+i02Z8k/Fr9lOLSbS117wLO7x3LzMNDuWBx1YJbyMWJ4wFBy3A54wPkSfT9QsHbTNXsnt7tJDDNFNtDgK21thIG5eSARu5zgkAEfb3ir446vc+ItG02G1kh0qHUgBHBiSa4guIQSAT8oJySuzBOFIHc/MfxR8QLrev3UWm6c6mzu5FWWWPdcS7iWZHOMfIWyehHIxzX5lndXKYVpyyyn7Plly1ElaLdldpW3vdem2m/wCr5O8wnFRzKSnpFwa0klaHx6JNp37fkeOf2YLq+ktIGG1F4LZBQDcduBg9cjABxjIx0L10BY1dmnU+WTuUEFuMcAH5TwB9e45pFluba6+0ZjgucMZfMPbcVwAxOckDOc4Gfxa+pEF2ubmJGf5hs4DD1IP0659c5wa+BxE5e2lJJ7u0rO1ny3+d7qzWx9th40HCEqiu7t2aVnqtLtvW+lrddtD0H4Rrb2PxJ8FyAw+Uut28UqzKrJL5zquHVgFAOcZ7Z4zX7b+Lfhh4S1PR/t66ZYx3aRiUT2I2fM6g7dkWBvOScnKsTgdMj8IPDd/Dba5pOpoRNHZ30NzKqyBGcROHKg4G07VIDd+o46/ov4X/AGnPBki+ReX+s6DMxijWKdmu7R3VQm8HJIVW5Ocg53DkZPRgs2rZe7RxEoKUlPRyW1lfSyb/AOAdVXLMJjKEoShTmlouZXtdJp29LbW19bPudW+E+lXWr2EUU95p9xBYTTRMuXRyzbVYL82wnIBU4P15rmr74U+KNOIWxuIdSQrnAIjlUEgn72DkDIIOSMcbcDPrPhjxFovi3xCt3p/jLSrl5NOMUguJkilVmII8uMkHn5dxAHrnGa9huPDGrPCswtkvI/LQrcWzIwYKRtP7s5IOPvAYAGCDg1+g5LxFOpQcp4hc7krp2batG2jeunn0b6nwuc8KUJyUXhVaMY2cIu26enRWfm+vY+D/ABRpPiGw0nUodQ0a7iVYkUTJE8iFg6k5KgDHBw3AYcjtVrR9TtI7XTkmZ4ZIreMONhwCFGeCPlAP8I4U5HU19s6lpn/EsuEurOWNVg+dbmEyISCDuIdSuCOOuRknpzXN3fgfwrq1lA15pdmHe2TbLaR+TImVwdwVVXec8ZHA4Hov09PiKHtOaTUm4qEpR5Vazj0T31vZX8tVZ/Lz4QjGny0pONpOTjJJ62gl91nbV6p21PndNQsbmEqk8T4LHaMZHOc4znIwT0GABg4zjkrGWL/hL9UnHAk06BUwPlPBxwcnkEDBJGBn+8a9wvfgvp48yXSNVuLcguyxyKkgJIXCfKSQB0OfVe2DXmc/w/8AFGka1fXhgivo/IjiUxOEkIXOGMZGdzDAxhQCAeOc9qzPD1vYydRqUZ3etl03Terttt8zx/7Ax1CdVKPMnFxsktbSi18kr3u3bTdmpa3CTIsbDbtOXBI+Y85YfNwcA7jx/DxyprnvF7ieysFJDIurwExk5BVXUDcD97n1PPTpkUlwL+xmUXlld2hZmDbo8x4AGcfLjkY6gHnJwMZ5bxFqCiG32OHUX1uQFY5UK/oc4PX/AGiexwSHjcRTq4SryyjyrR6p6Pldku26dtr7JaF4LB4ihjafNTqRnFNXs0r207Wsr6NdL9z0PUvD3hLXIpRq2haReIyxjMtrHHKS0aAnzVAIPIwSScY7ECvHfE37P3w9uba4u9LS70SeKGWULZTkxgpklQjkZUNkcKuQcKeOe/i1QSFmEpwpG8EYB4UqCw7Lg4KnjHU9DevL0T2d4FAw9pKAw64Cg8cjryuV24Jwc8V4uLyvLcZRTqYShP8Adx97kSldJXaaSatbTW+r0Wh6dLMMdhayjDFVYRU4pR9o9UnHZaqzsk11vppY+VYfgb4sWxiv/D+vw3kcsZZLO9A8xSGYbd8hIJz3J6etZDaT8VvCLhpdI1WExPv+1aPPJjcDuDCOFtq4IyAVAJ5Jx0+u/DEyHSdNU7QoDht3GBvI6DBwxyecnJP/AALrZnRdqrIAGkXcoIAwOo9D05wMscEjFfPVeCstqQjUoTrYabineNS6u1FrTd+Vn2bdtT6SjxhmNCbhJQrxg1G0918K/Kyvy2v8z5D0T9pP4leG7qO2u9VuZ4rZsfYdegLqMdFLlS5zznoGGDu6V774a/bKtkWP/hIvDKBjx9p0efaiMx5k8hnb+EDPA9h0JyhoOg6xqXig6vpVnfJ58SxiSFNyj5QxDKCysSDkjacDhe55nVvgR4N1I5sjdaNJICym2YlBxkEg4OAx6dDnp3rwJ8LZ3QlN4PGe3im+VVG1J2aS30vpa13tuz6ClxVl1VRji8Ik2oXlCKdlK3SNm3fTq3bXfX7A0f8AaL+E3iewaK41q1sbmWEI9rf27wyHJCgNIQEJUsTkEAjOO1esaEvg/VrKG50TxJZLJdp5bLDPHc2542qwwxMYIwSGBAYE4GBX5I+KvgL4h0O3mv8ATddgvbZHhiSOdCJt8rBYxuYFck8dfUnjAGANK+LXgoCZbDWI1RUkW80aeZwU2ggmBD5TLjBO4cnPI5rzZ1M8wcpLF4OcnFJOcVdXvFXbV1Z2VnovQ9alUyXGxjKhXVOctruO6tupOOyte3m73dz9lNb8DazFZX1zbtbalF9lLRm0mUN0wrFM8jOVAA/AkYrz6y8PXFxaQx6xpU1u8URO+e2DI7F8gb9u77vHGMCvzy8N/tO/Enw4Ft5tfvN0ZQiy1qBo1+TaCm9VBI68FuOOOK+tfAn7bUt1Z2lr4t8L295FC4Mt3pcscwlTJLK8MmWIAJxtAPGM5yK0o5+6atU56Ml7yumpPbV30dumumvmk5ZDCsuaEqdaDSdtG3ezsk1/ldvRnq8HgDTtc1FLeCFba5ltpFlkicRZiAwFKPtydozzhjzgHJx9C/HbQ/iv4b8B/BjwdrSQ6t4W8OW763p+t2o+Szs5498UF2yAsDGCqb5GxuXduOK81079o74GeJ7dDp8yaP4jeKURQTWkkc+RGQIMKArkFRtIPb0II/RHwXf+Hvif4X0KTQfE+j+LxP4bg0rxH4TuZrdtRtdm1ZDFZuTIhUkjKIdntznX+3sRUxlCbxDxMYLmUJT5rfCrq7dt1ez13Ry/2Fh6FKtbDfV6krQdSnT5W7pNNySa5XqkrvXyPBP2ZfiVNofhnwwUle0srnxDqh1OCeLzbOYS+YvmeW6ujhg2MEHJI25FfIvxE/Zw8AfHPx98Tk0+VtC8WSa8t7puo2USrZGC4Yl/tEEYCJG0hBzGMqNw5JAr9BtX+CFh4XjtpPC8dxa6La6g7y6GztutHb5rgqhbcEZjkAHo2AQAuPy1ufi5rvwy+KvjDXNKU3VmNca2urNlZme0gugxhckZVcJtJIwvIGCTl5pLBY9yxCj79WS5oWVot21u76ab3e27DL6dfBv2d7qCThJS+NOStdbaq92uq3Pg/wCIXwp8Y/DLxZqmmanZXE1nomoyWH/CQ2kbnTpZYi22MzoCgZ8HEbHIA3YJXlNO1fT9Qt0XWN0c0Mu+DUoG2OkkZ2qCyAFMEqQ6/MB6HIH6OeE/j14L8T63q9n458MW0vhjxR4vfVbtZ0jngtA1tJEsJ3KSqmR93yEEnBGcAnzXVv2QI/iH4W8cePfhhf20Q0XX7uKHw2k6C3n04l50ZHYfu3WGM7VJ5GccDJ+Kx2VuF6lPWKavG92tU9NGr3tayS7aav7HLsyldRq8vLLR63h9lWkm243stVdW30bOJ+FX7VnxL+Ekf9n6leTeNvB13NCmy9mklv8ATYUK/NZ3TNuDRoCVV2YHlQudpr9Y/hX8Wvh/8c/C+rx6Fe2urJJFbS6lpt9t+2WxXaJIZ7d/mY5yEkVdvy5Bziv56Xh1fwzPLZXMMyReY8Jt7jlJGjcqzQyNlRyGGVDcADcCAD23gnxbr/hDWYfEvgbWbjQNZtpo5Z7aORo4b1FYExXEIIjlRyMMrKxAY4BBzUYHO8Rl9SFOup1KKeqk2pwimlZX9dtujSTstsdk2EzKEqlBxpYiV21Hl5ZPRtOytr1kry0WjV0fvMv7MWlnR/iVe+EdQb+xtS0e8eTRLxyfs9xPEZ7r7J5mcIXTptz8v3jXwD8Nv2hbP4ZWVh4E1XRbg6XZ6pqN5DraAg2OqRXQVbeUgZMAZQSAMjrnrX1p+zp+254X8XQDw18Q/s3gzxXdWq2QebaNJ1pmTZvEzKFjeU5GM4655Fc78SP2YdJvvFd5rvh62D6ZrWnXl7caMHjksZr67Uub+ykBIILYYIhGcEgda+0wWaUsyd4VVOnLl51JWcFHlTTi7tt6Ptd6ba/D4vLcRl0nCrRcJXXK9XGeqtJPRNNK9tLfEloeTfE34Y+Dfjx8VJBctBZ634u+HaeIdG8SaYihYdWt4z5cV0ijbNFKoKy8B+/JyK+AvjJ8KfGvwP1fS7PxPA32TWLNLzTdQtyHsdStt7KZPl3CKRypHlPypznBOT913PhjxT4B8X/DWK5t7nTJW0670yDU03PbBEjlEEM7YKxEhgrRsAWxxzXVaz8RvA/ijU/BPhD4sadbTX2haVJZmbUIw9lqNvc3bKsblhiIhSWSRNrKSNpzyfPzbJMPiXUrwXs1z8tOpaym2k0mlZa227O+p1ZZnOJwkqdKUpTbhGTpt2cUnFTcZa2adrKSas9O5+WkWoafNNaXKsbV49pt54pmjurWcHKyQyJhoieGAB4wM8AAfa3wU/bL8Z/DK4tND+ICT+NfDOYrWPVZWLa7pdkSFUrMRm6ijU8qdznaQNoOa9X+MP7A/wDb8vxC+JXwJVbjwl4TsrG/vPCMWbm7ENxAkss2luNwkhiyxCtvkUE5Bwa/M27uNQ0uaawvoJQUk2lJcLNEyvtZSzchoypVhkAHdkLt218QpYnLa96U3Bxld8rapytbRrVPo3vpe77fcp4LNcO414Qmnb4kuem2lutZJ6X5l3uz+lPwt4t8A/FXw3d+JPh7rWneJbK+02KLUNLDRm8tztBkiubJz5se3OGDLhjk9yR87/GL4O2GreD/ABxr/hWN7TVBFpMr6OCNjNZzrI72ykAqysvCKOccEdB+NfgTxl4q8CapHr/gbxHe6JqEJSRzZSukdwuVZ0urXcI7hCCVLMjMy4Gc8V+ovwY/ba8NeNVi8L/FezsvDOpyxR2x8RwqTpWpyjARr5RhreZ2HzOxVMnHNfVYPiKjiOSlXUcNUi0ub/l3JtRV1LXl012a03R8xjuF6lG9bCSeIpO0nDT2sVFxaenxcv5dNdes1z4mapq+v6d4f1+ycaVH4a8K2NzLf27JKG/dwzrLA4AngwuHccBeTnGB8wftK+AfC2h+NReeELaKwi1PSba/1XTrWNUhY+eElkijIwvmRfvFIA+bOeMZ/UvxP8P/AAx478OWN3drbGyvorNLfXrHZJK0COrRvDdRAqYyCpALYBBU9Mj4F/as+GPinwFr3h/xhen+1vB1zpZ0E6rCGIszGVNuLwgjBdSoVnypYlegzX0GbQoYzJptRjOtTdN04xV7xvFNp9dE9Y2TSvZ6X+fyd18FnNGnKUo0JxnCd3a02ouPMn8V9fTZPc9Y0j9hTxfqujaHfeCPEFlqfgzxR4Wi16xtNViKanHqRskkOni6ysKl7jKRNx8uMk84+P8AxP8ADvx54J8UX/w/8VaFPZ6xpTNJdpdQGRrJJIw8LpIow8BjIZZEymSTnpX9Afwejn0n4bfCfWLS6jubKHwpYbdNch45pJoo/JwDklgxHQABm6k818E/tTXWl+I/j94j1fUtdl0TxU3hy3tU0MxRi1uIEGyZHd0/1oiBdOSwyMnoK8DNOHcKsLDHUI+wmoUpKN7w5pRjzJ31Tu72u72vsj2sJn2K9tVwdeSrQUq0Yya5JKEZWtzR92SS2i9bPS7ul+duk22o6PaNaXcEs1rNZXcYMkgZY5iGKyRyfwglicZ7Ebh0PtfirSoB4d+HZcJHLF4ckWXcF35kkIUjjPXBBJPPDHpXjervc20l5Ztdm4tI/O8mJs7oS0pCBmUAkDcOFJAHqBXdN4tur3SdH0zVrUSyWFvDHDdIuGigUgiIk9iQGPqRwSDx4VCvW/2enOSapTlzSWqs0o79dtXqt11PNrUk5zqRUlzvmacVe9km99brbd7bPU9L+F0SJpHjiLduBtbIZIXGBcxx4B68dPchfqf7of2aQI/2cvgzGF4XwJoZwCR0s7c7c9uoJGT2wDiv4bvhq1g1n4uihmISaCycFztZybmN3wuMjBJHAHJ6E4r+5f8AZ4VB+z58IFVgV/4QjRArZxyLKEgjp1UY6kc4AH3RwZ3Jb3e/S+zjCK6XXfTy1XX6/A65Vgbxd41pJt9Lcvbyute+z1PUlL+YBtyAzdAMYA74HTgZ456DBq8rYVFx2PzHkd+CP7xzgZyuST0NV1wW2/7QyWPQknK5AxxnOM+rDHSrPy8LwcgDHcYyR1JODg4Izyfu5xXzKnDpLo3reySs3ZWXR6bvodqu7p+Se9mrRel+mltNvW4/ccLuwW7nuCR1xnvz1AB4PXgTDK4Od2QGHHAB6ezHAHXpzgc5qEL0wM56jncO20+p59fmxU6kHJySCPpgnc2M84OAGyME4zyQAL5kkmuyaUX0vGz31UtVZaWv5EyiveV9bWb1a217c2iu/wAraDtx3OXGfp1OewGQcZPXPGOeho6KCBtJySDhhy3GSO3p3I57kgeQDHOOCDkbueBg+gzjcAd3YEdKjDbvmA5yASRjDYyMYxuzkEduSDzVRqSd9Evk7a21V1rrd6X31bsZ2UbXk5Wb5b9L73afXbXR6qyvrZUHkYGecZA7/wAQHUkDg8g4yQG4y5ckDaMepYHJxyAeuOep5BwM8YpEBbaSOTgjqCMegxjnPQ8DtyMGwo+5gD7rYPU/MccZI9zuOOuexoWqemyWmrba5Ffu9klprZ7vUbbSXNbSz66K2sVZJN2TvfuvK6sWY/KDheDj+LIOAT1IPbH+ApolbheoIOOxCqPmBP8AsknvyOPq8pu/2SoBz0Of4dvODwDkHDY44wad5YztVsbiVzjI5ODhiAMHJznOB6ZORRbvZferdrWvb79klvsNSvZXf2W1e7vpo03pa1ultu92bz8u08nOR1IPUEnAA9gMj168HzMpLKzEZxgge5OeBu9QOOmSalWIDYM/d7gdeMY6c+54AJ7cAv8AKIBI6Z3kEkEhugHTnJ6HjHTI5DUZKzt2s3s9mtunvLfzE2r621fTTtoujsk/LXTRIarHjOdo4weMZOSOx5HcnGc4PGanRjwuWUZAI67QTnr1A6nrkH06hPLCkHHXoSc5BHOfQDPr6Y9Kf5e3jIHIHXIyecjg4AB5yRgjPTk7RTW+8bv01ilba1rbbXexjP0t211b0XRra91u1YOCOc5DgfXpgZPf6nnO0g7uZlKjC45GeMrjPPbHJOTnv3xyFpFh7YHUgNnIAHrzjqQDnAyPmIw2HpGVBY/KxOcZ2naONowe+7JBPGevQVvGajZJya16WUmuW3Tu22rq6Wt+uTikrPVNu1ntflWnTout12s0ifjhDg85zggsMgfKCeMrwSO/Iwc4nXOAu0/dOeeBhs49ASBknoecjjlq4OCScgY6dARgfXGeM56Z9CLSYGTntgkEc8Ac9eMdR19utWpbWWvnrvbRWst129DBybsoxT5Xa6Wrd463v0v5W067tVeAwUbmGSDz931wePUAEZ4yOMBATyAo3dc5xkdQcMOTzjByByOtSLjkknAHtweTkH3B4HUAD3NB54AHUEBufyIPB6E5yOoq0k7vfVWe38r239Nba7W0bi5brdWdr/D8NtOrva6t1vruRMMnp8oQjjPQjlR1ySTk9B15NRMcE8DJPIznr27556n7uSckHIqwSB+APHHGewIwM4wPrj5uQTGI8dgeTkE8nksOCcDBBGCSfZgKVo9bbaK3R8ut3s+l3pfXe6NI1GrJu8VtddLJ2vaTs/Tay0WqgG08KuMZHOeNvABxkEHr2zgU/kc7SehGF6tk7sDnIbPHByM55wTKE2qDkAkkBueRnPPOSCcZI685GM0pQHJGCST1JyB6HoPpj2PXq0o+b2s7LdWV9tFfdauyfmwdTr19617WjrHTtZKNttbtvsQlcEEjDDP5E9CPXnPrhSeajdcAsqk4znDA9CRxxnB4z1zjjbVpzhSxILZzg9SOTgnp365/nmq3B6t8wz8ozgAjAI64UkAngAg9j1iTtbS7a7J9I9dEktFZ9+twjq07trltZLV2s9r9NbPs+jjJkRJVjuUYwcEdCBngdOB+GSOSewqr/cBzgEHjJPtn8MdsDOQOWuQCOck7h1IIAwQcdM44HOfbB4UkMy8gBsgbsjHByAQTzxwfQdiam2i0fvaJtL3tr2Sd1dJ6u11a3YtKOj6L3bKySty30v00u7pRSfewpTnOw/MCCcd+OeeN3PbkdQCegEPBGcDA49OSSfb1IwR1HtNgEHGcfe68cHnJ+YDPGefTHIOExjAAwB1I4BB65BI7e5wcHHoRTbtp0forxdtmr2b6bdE9oc1tq0k2r9W7P3ndXtrFqyvvq3pGqMAOQRxkkEDHsc8cjOM5AIHXGXKxJ+6AOAeg44AJJ54I4IJ5BIPAxJ13YHGfQZPGeRyeevT0zk4FMKEkHJOMAdOnfIx0A4zyRjOO4tJJK/vXS8799LJW2tq029tCZTtbRXS17L4bWTT1UrKWmu3ZDx1QAnaBjHoO2DkkMFxg9PXrgt25OAMgADnIBznnqCTk9BnHI5xzKARjA6sfmO3AwT347dwRnpjtTsgHgEDnJB59856HOPTrxnrTUvzsr+dnr6pp3d2t9b6jnKVm1fppa2qXVPyd1o9XpqrRgZ24UAdMN/eyMnPJAwTjgE4H1CbfmG4DofvEggBcn6DOM7jhgT83BFP47EDO4cHH5jAHJ6nj6DmnbSQdx4A2qcZPzYz1HOcDHXJ57ciaXXTvaLfTbe1rX1s+m4auyd9ErLfRaptO3Ruz1urRWhX8sjdkc9QoyynPPccHJ5HYjkkUig8gow2tn0I5AHOckE5PPXgk5yRPggEk7e4JODw3ToDkYBB6H05qLBJYsSQcAnpnJXHXryOSTk5HoDS5k7ebS2ulskku172s09eugQfvWtyp8qve7TvF2v6pvRK+mq2GAKN23PBx25yWz3YcA4GMkA9gMmtJySQSQOOMZOe2eQMYPbjJ5PNWiq5CgKfY4Gc5w205OFyRg9TyMkAlhjGWznBbJG7p2wOhxxk46kZNXeK676373t03X+Wy0Z02jeyvrHa3+G131Vuiask7dTPYN0yoViMAggjGcZIOOTx6HochsBeVHOeFDEAAknjIO08Ec5A5LEr0qwwBBypzxgfwgAE8KpGQRngjjPPvGEyckYzg4BIA45475OS27nOCpHSk03rFrRvbre34769NC4N7JWstH1b91NLo3o09NVor62rktgAKclsAZ+7wOeQM5GQOvTBOcCkJOcDHUbuMdT2xzg/w5GfQZxidkC4y5+7gKASOvI4ySep5zngKOlN56rk54YEep4OOoPHB5ycDtWbUVfT11te9ra3d9HZW7Xu9UqbS00+z2evrba79Ojva5EPusgXlvXn5uwOQf+AgnBBwTngw4YEgqMlt2RjcTngZGOo5I9Mj1FXNp2DPGGCkHGCQSBnI9j7Y7k8UBEBBJzz2ySOxAyOmD1LAHAP3lFNWtdL/AMB1aejvfp3XqyE7Nct+W65r66NRv3b02tqlfztW+Yrnkt1IGBx/Fycc9D1PLcYpNgYgbyCDkdVyOOAc7m+bqeOQMD1mfA3BeQMnnqSxPuRgHnK5OemckU4KRgcEhf4sbctyeozxxxn88UXa2va/pfZ2fnZfnumUn5c1ldadmne0dFp0a+WzKTIwZVYHI5yDnAAIAwTtAYYIyDkcdOrwD1yRycgDPJPVQe+MAdc89eBVjbw2Sfr1AO4DPfgjHJAwvUr0p3lrjkY4z8p3HIP8RJByOnOM8ZFatuS13tfS1rXj96dlpstLsUnZ79lez1dtbafp873ahEWW2lhhtxHrnjOOpzkAYIH4ZrUsoN0kRZuN4A44KtgEDb/wHnOB6VUVCxQqfU/3mA54BPfuCcKfpnG3YxAyRAbsK6EH1Yt+OPXrgH0xwJNaapS5Va99ktbrlW2r7aa9DGbtFtb7vT3XZpXeum++zadn3/jL/bVguj/wUL+JFkEzG1lr0iA8JuCQH5jnBABPpknOCOB+cPjvR57bxjcXtuW+13F1dOsDIxykcQDOoPVANxZsdi3HBr9LP+CjfiGz8H/to/FLWYFim1pLqXRtPtJXCCS41lVVJGIOcReVyCMcDIr45+KvhXW9O074YeL9SPnXvizSvEN5cN5IghgSCBVWKJAFkIU5yx+Uj8RWNLFQWGwlOdlOaq0kna75W23FLVKyd359XqdlGjN168l8MHRqp9IupClZprV7qyve3Tqfoj+wN+3j8B/hb8HB8M/iN4h1vSdcgk1mGT7Do93qEDw30M0UbKbZWEWJmIk3HKrwCK7P/gnp8Xfgl8P/AImfF7XvFvj2w8P2viCxFn4fudUJtV1M3OsXlz5bmUhYpPKlQsHGVzz1r8mv2I9B03Wvim+ka8LmGwv9B15hKlnHen7SzN5ZZGRkVf4Qdo2g9ScY+wdM/Ypufil8UPiJ4d8G+IYtLs/D91pZjbWIYzCJb2Ms8scQxhskjAAHqeM18pjMmwGDqY5U3VovF8lac3LmScqkZe5GyaTn7yT22WlmvpsNja2Ip0FVcG43hZX15Ut3fta10m90u/3x8UfFnw6+IH/BSD9mHxL4X8Y+F9V8JaRoc6arq8GqWj6Xa39p+9WC5u95ijkzkKrsCHOAM4x73+3HP4A8RftOfsgazba/4UvdJbxbrcOrKNQsby0FlBGjK12wd0giLhtnnYXPAAAwPwA+Jfwe1r4M6d4Ihu9RsEutX8V6ja/bNMvHhmeOwuWinulVHzEZNvKEAjJOMEGvdfGv7Lfxe/sPw/8AExNF1m48H3sMWnaZP/as89/BcXMSyvqIjMjNbwOrB/MGAqkFiVHPPDK6MYUP9upwjOFSnTlO0XNRk7wi+ZaWeyau9ddTdTU8RJ2l+5UeanGzjapypa3d5Ws7NJ2fnp+yPxT+FPwf+JP7Z3wh0C58O+E9Q8L6t4D8SsbXS3tCty0UUnl30ggby/NRuYmI3KFUg4yK+Y/24f2NvhF8KbD4Ya14R0SfSV8T/EfTvDd/cHZcLNbX00UaOysX2yxNJlCMDoRhcGvyetNS8eaJ4ilutM1PxHZ+I/DWn3FlpOqjWLzz4IEBE7RTeYWWI4YbFIVyCMcjEXin4rfE3xVoHh+DxJ4z8U67aadqTapbjUdTuLhbXVLJt0Vzbh5G2PG6DDDG3kYGBjtwmQ4n21BwxidNRtUgpSTcWr35E7XbfNtddOiOfEY2FOPw89m1eUXZyW/M9VdN2atol0vr+07/APBMbxR4ej8ReIfhv8YPE3hqTRrSHX7ezm1G7tpLxRaC52KtlcRIsYfAhDpjDZYDv+fPjv4pftHXlivhK9+JUfiCJ9L1GC/vNbhttV1OzsNO1GWGa0W4CvPbiXY20OwJjIJ7g+D2n7Sn7R2r6prOnp8U/GkFrLoH2eQNezOtxbfZxi3Dq2dgjIAdW+ULkkcZ81+EvivWrTU9fOr3097JdaNfnEpLyMHuH3lpZMszNJ8zMeDk/wAXX3so4ZzGGNp1sRiaLoKcHGMru7Vr2lJLW+ltU7LdHlzzSjUpVqcqftKyjeNWEOVRjy/btq0+uqVlda3GeHk0fX/jbYRXGl3KztPY2t7dx3Lg3DwQLcblCEbVDKdqKB9CdprzP9vGDyvDuvWsDTG1TxDalfNdpCpazDBQzHdjGdxJ5OccmvS/hwwk+MOm3cEirK2sjzldfu4syMBTwCMc8gfnz51+3jcStpniSGQbkOvWDxkBRk/YSDjABILckdPpxn9bp0JU8BiZcsbK0YtNSa+Bp83W+3b8D5n2rlWpLmd/Ze8r3i3onJ201bV9Ndb9n+a3wrT7ONTk3cCwm65yMuSSPXk45PIPXnFehCK51G7RLRGnZJLV5CSVRE8ogvK27CKowecAg45xxxXwr06W9TWHykUUdpJ588jLHDBErgtNIzcAKFJIJGTnqcEya14yufEEc/g/4f8AmR2Tr9l1nxGibbi/kiX5obIgEpCpBVnDc88nqPKqYz6vhqcIxUq7Sai2uVLROUrPRO+iupO+ncqlhlUqc07xpKydlbnenu6WbvorWt1XZ0vEniJLTU18L+GjHqWtSedBcagoL2mlmRiW8sg7JJh1U5JDH+I1b07wXNZ+H4vtIkvNTvLtpdQ1G6JaYRc5ZnkP7pOgEYxjO7Bzkd74F8DeHfCui2niLxJdRWNpp5mudQvr0L+9lyW2QlyGmnJ4A55YHPAryXxt471j4j3tro/hG2n0Lwams28DXLBkvtZaSdV86Urh47cjICAjII4ya8f36tRzm3J/FOT0srJpK2lk9oK/Lu9Wz0ZQjSpWSUb3UI9bNws5J312T0STbvZWR+9/7c+kif8AYH/Zj0UtmF7fwi26NnBCpYOu7zFJJKkHBXnB3Z6lfy+0/wAEaWPC/iueWC6lls/DV08LyX12UEi2rsHx5uMYzkEA8c54J/Wf9vqxGh/sgfsnaEHL7dK8LR8AglodPOS3Qk9Mk5JJ6Yr80dMB/wCEM8bZ+XfoGpogJXOEtpckZzjGcc9D255/U+A8LRlw7iq0qScqssXPm3uo2a79X0tuflnGGIr/ANs0KcarjGCw8GlpHVwVns35dEvkefeBvhho154C8F6m0SobjQLS6mXfM4di8gJ4fgHj5BjGRjnNch8fvBWh6T8L9fvLWziEuLdVkYSbx86k45PtweMkHrXunw1cyfDDwAsbbSPCtqrMSNuVeU42s33unG3IOACScDzr9owCT4S63ksxD224EdtwJ7kEnryOg9Oa+6nTw/8AYPMqUFJ5c3eycrunFLVLS3e+vkj4+licQ87jF1ZuCxyXK5u38WOiS2svs+l33qfDDwToM/gbwrdyackkk+h2sshZpT8+wZIXcAMkYOOvUkcgdbrHhLRYNI1OSLS7YOul3bgyRl2BCMRtLHoSM9Rz7DNXfhPG48B+DnDqw/sGyIQd/wB2B/FjoOo6Z9jz0euszaVrPCBU02/QDPJAhZupOOM8fUDIAruw1PDrLaXLRgpPBpJuMb29jGzu/PW/4p3R5eKxWJebTh7WfKsY0lzvWPtUttNEtFolotD5a/Z78PaZf+EZJZ9Pt53/ALd1AB5YVbCrK3AJB+UYyQMhTzgDdX1DD4Z0qLDrptksnltgi2Q8Y9dvBAwSB9QSpyfnj9nKVz4PdU3YTXdUyeRtHmtySeCSenIPTNfU0b4EQ2jcI2DDd90eWx6EjntyTgZyM4qsjVNZVg2oQjL2ML6R1cnq3om+t7XerstdOTPa1b+2MSnUkoe3jaKm0mm49NOqWnTpuz5Z+BVnDN44+K8bW8OIdWjCho1IUFiBtBHyjK44/hyRwa+pxp8MSthYQQo5VF3HDDI6cA9M9RjrnGPkn4QXs9v48+LPlSNEX1aPkD0fOCcHvg56knJyenuv9pXstzEjXEoGBgkkfxMOemT37kfw4yM8WQ1OXLkuXVYnExu9v94lrfay276adL+jn9KVTMLqdo/V8M7J3a/cUmrq9ltf1dt7o8E8UxRx/tRadHJDvC+GVcKMKuckc9sDnkAjHUg5x9YJpNqojk8qJN6qSVIHJIPAJ9AeemCRyRmvkPxNcyL+03YkOz/8UtGGYDOCScANg4yOeeOMA9d303vkcxq07jCxF8sQc8MMAjau055GMgZ4OM1kstcxly/8zCtLa0deSy8+nR6p99JzulJ08tipv3cBRv0Tbd9XouveydtWtTwH9o6yt0uPh5HGFPmeLrVSoBJGXjPJwQegAHAOevWvoeytkMavtT5FjTcSMlVRVzg8kYH05OOhB+a/jwxOo/DtDMXB8Y24UFScndEQM85wPfH54r6UsY3dSzOCgZAATtI4Byc4Pyge2QAevNbZdL/hazdrVOGDSVrrSm+ktbqz13fQzzFSjkeT7u0sV5Nc04X17XSur7+ei8b/AGjI1Hwn1PygozqmlqQGyWBu49+ePXhcrkjHODXqXh+wRvD2hs2CF0nTj1OeYI8AkFskDJx75zyDXmP7R0Aj+FWqPuBCavo4CjaR815GMg57fljgjrj2Xw6vl+G9GMj5B0nTgAMED/R0+UhSc4PXGemV4Cit4NTzrFuyTWCw0Wna2k5b7p63ul663uedieZZHg+VtN43ESav/dpW133ts9b97Ix/EGmwjSNVdSm46PqJ4J6i2k9T1B9gD2rxD9nC3jl8EWjyR78alqincWIKi4cE4OMknHJ4B9SefoTWVY6RrDkKVXSdTwCAMH7LJnkYJPHr74yc14b+zWu/wBE+ANus6mmMZxuuXGACp6jpz0IHAGApJ/2vgrf9A1d23u+ald3d9Hdp2f3J6Zxcv7Cxr95/7Zh0r3aacJab90rfh5+3mCGOWJVjQIfmZjnPDHPsDuPAA6HgdK+WfgZ5cHjb4vylfNVvEsmAfmAO5/4iMcDGOmQRjAJr61nwkkKoqnnDbjzwxYDAyT0PJ5xzkDNfKnwK2S+L/jDIyZX/AISiUbScAAM+RznHJIAB45HNbY+VT6/lSVko162tklf2K7+d722ezOfKk3gM1u3zOjQSerSvVpvyTav1Xnd7n0/LdxeWqJGMGPAywGflHzYHc49ecc9s/OXiaWJ/2hfCbEAKvhucZzgHaDjjkdvcY6HqK+hlSPLOwjwVfYOchOdvUkZPBxjrkgAgGvnbxJGh/aD8KKVUo3hu5OQeTg85yMkD+H+EnPqcmcuU6WD3v/aOCSt1aqLp2dn17XvZszyRtVsfaLiv7Nxd9XbSnfvpqv8AI9mvpRI8caEFCrLnAAUBhnGfcZK8DnrgYr5++PKOfDvhcEFVXxrppB7MvmA84Y5B44A6Ej2r6HvEAULHGxYxkYDd+ME+pGOOvX3r5/8AjsH/AOEe8JRkHd/wmml79567WOcjqGAxwfc9Dga57f8AszFR2vGndvRL97T0b69WtO2iOfh1/wDCvhVbVyqO6b25Gk7t20tq76p9Vv8ATehCRtPU7NyJBAFdSQSRGuQuee/IIPtwcDB+Ikbn4c+PGlRjv0C9H3uFXapBGOmOvbnjpzXQ6HKyaci7trNHCFAztyEQbhnqcj5umQOOAKwviPM0fw68crIxDjw9eDBxglgg4GCO4wV7Abck4rvqxksBNK7/ANknfdpXpO13skr3tbqtdbHDS5Y5jSWsl9agrpNpPnilfbsnpfrbscf8KoSvwy8EhUfB0WMk4GBh3+YnBzkEbmOMnHA612As3EsszAnKyAEgd4X/AF5JJOefmz2rF+FisPhh4L2g5OgxghCDgB3yM5HT04Ayw54rtyitCCzYJWQkAA8+W+S3oO38OfwNdOFhGGAwis2lhaV1dctlSikklotG9XfdO97pRi6knmFdJpf7W3d3um6ml3payXVbX33Pl74HRkz+O04GPFdyDtAyGEhBLHp/DyD2yGGcg/SlskrO5ZWABBPzLztA3DaoHJBGDz29cV85/BCPN34+BkKq3i26YMDgr8/ONvTI9z9Rnn6MRvnGyUsAx3YwCAMA43Ecdfvc445HI8bIXbLaPLzJOpWur2Wtaa26Jp3b207M9TiFSnmFVyloqdC61trSp3b0v9rmva/bTfzEgSfHePd8oXwXGSGAx99jnPTBxx24HQYFe1PlYomjBYkME5yQG988dMjOMcMedteLxSCX45s7BW2eDoVHIAwZDnJPX1OVOAd2O59sMiqkSojbnDJxnZkjAw2AOo5YYGepHWuzLpNUsY7r/f8AELZLrC/l9/zfbys9g5VcC/5cBhtNFZ2Tj01dlZ6Xfc+ZP2goCb/4WlgAP+ErXrySRsBPcYOByc4xkDtXolzrGpWrSJFbx7SSpfYWICrwRzgMOhGeK4H49gLqPwrExO0eKt2Cwzxs5x0wOOB78c8+m3UIlMi5kiiAJYqA3JXBJZR0PTgfXGBWGBqOOY5vJvkd8K09Lu1Fa+7pslqk9Nb2V361eMZZRk0eTm93EuzT/wCft3zadH2311Z5p8UNWvr74a+Jo7vcENtCEDFRkq55IB5B7Yy3fkkmuv8AAE0a+EdBEbMHbRrQAgKMjyowRg8YILHoPl7ZrjPigkMPw48Ts6Sgi3iUM4PIMhAIBzgDgknA7nsa674fRyS+DfDrQozONKgw42g7fKUDI+bqBxjjPNKElLOuaTbawEHzdVer3va/r1111LlRX9hxXLyXx0mrJtqPs4eX97Te/mjtmO2K6MzlSbK6ZcsDx5BwMDqMdfYevA8u+CJZPAUDhuBr2tnAIyVN/Mcg8nBB46e4HUem+VcfZ7tp1fd9kudoIDYBgboQMduOm3hR6jzL4KpIngaIKkhB1vWwpVQFBN9IcEMflGBjd1wepq68o/2rgmpK0cNitXa6Tlh0rtbaatbtKz6nNQpuOTY5JSs8ThOV21fu1N1a7fR/+TX0PXZ5Hd0C7wm5GfJGQDzznnkZ9MA9K+fPCwMXxj+Jrow/1FjwxXCkQgMOvGTz1xyF4IzXvjmWMs8iqrqY1Lb0IwuM/KxAxgc9wQCc4yPnfwzeQR/F34kyyT28IZLFUeaeKJW/cAkBnIVmTkEdBnJBGcZY2pS+uZbKU46YluTuk4x9nzdG7bavTW/e5plWHrvB5kpU5tzwsUrwau5VKWiVtbvSyjtre9z3OJXWKOUBd5cbirAbQMjaMngdunOCOScV4x4/Am+I3w4O1tqyXYOT8zNlxj0PJ4Gec4BNeotrej28caT+INEVlYh1a/gTIyOOGyCPTP8Ae5GMV4p8QvEWh/8ACxPh7ImsaTJawtdGe4hvYpIodwYguwOEBxjkgknuTmts7xdCWCUYVoP9/hW0pq7calN2sm11u0+r9WXw9gMTTzCU5UKtvq+IT5oNRfNS0t5636N301TPoSASIgSJSqDBzkccHOPQ9ck/jxXG/EuNX8A+IVCOZDDA2cnA/wBIiPJ4G44PIBwQBjjInPjvwNbQJ5/jDTg+4/Kkqv3weVPQnoAfp0NcV8RfiX4Jk8E65bWHiSC7uJYYEigW3ZjNIJkdlDgNk7dxyWI+U4GazzHMMN9RxMXXp80sNKKXNFtXUdOXR3v076au4ZblOO/tPCzeHqqMcTF6wajy8yl2Xm79rX3afs/hyIw6JomQAo0q0CjIA3eWQM8YODxjpwTyQMex/BAr/wANC/AefCxi3+ImniRiwX5Srhhk+qsQM9c/l8p6H8XPBR0jTIv7WuvNg061SaNdPmZVlSMblyUy/I7fLgGu5+GXxT8N3HxZ+F0lld6rey2HjTT50itdPuUu5HDOBFAuz53bgAAdAcAKcHwM6x2Gq8PYqjCtTcpYNx5bpt/u48uibV7rpbXTbV+zlOVYyjxFhq1TD1IqOM53KUbXSmktH5apXV7q2rdv1c/4K62Aj8V/CHUgxKzW+uIpHGVVoQMs3y4GTjqMgjGeF/HPxKryap4PbIKfbJjnHBYjGVGTg5B6YA3E4K1+n/8AwUp+K2kfEK3+DMEJu11PTH1u2vNOuLZ7W7sUYQeWblJVUu7gFi68L1wCa/LnxCZF1Dwj1UC7nCruADEDIyOCpI5Pr8wwTnGnhxiIx4WoUrpunX1TtdP26dmuis9l5X6snxDw9SXElepyNqphk+u6pJXbfa1r/emd1bH/AEfABG2bAKsASN2BkZxn+InIVu5ya5HUYVf4naLnkN4auW5Uk5K/MB26jjjGcHABydiG8m2qsiME81vmA2hsMcLnjkEH5uMc4Jrn725J+JGgyDMmfDt6GIbPCoO/fAx09BweTX6hialKdOlZJtVaFl6uKeqv10tfyXY/K8FTq+1rSaaXsKuu2rin1fV6WT3V1skvULcLGu54+qqvJ7ZwcA9uOT1P5E8rPb20/jnVIBbQyH/hG9Mckxj+KZ/4iM56c8ZI75rct7ou6JIeAmcswAPJwARjA7Akds9uMCWXZ4+viqbA/hfTju3ZJCzOMk575bJ24IPTsaxCg5YZSjdzqqF7XXw6t30+ylqumz0OnAVaijiXztclBtar+aKem+ttlbd20K2r+CfDerKy3GmQsxUYJRZQGPDkq4Kg4yGAwcgYOMCvnq/+BHh/V/FWvW1hJd6Zc2sdrMs+mSG1lUMwJBEbBTtxnA+96nJI+qY5WETMmWO/liQCoxkkepHI4+nJ68jouG8f+LN7PGv2Kw3Hbuyd4bnGMA5HXHTgHFcOOwGDq4jDRdGF51LOUUk3ePRpJuyt87W6Hfgc0xlLD4ypCq5Sp0YzjFyduZygr63Wza1Tvey1Z4pb/Dv4oeGZ4xoHi+XU7aOTK2euQl4mVeAnmgBiCMjIZc889WrJg8d+KvC0usN4k8F3Lxm+Mt3qukEXFvFIqDe32dFMm0gZIwTg8cEV9oqySlVKoyqyD5guXwecBuxHfOOvuK4GzsLa7fxIJYlMbawy4A3KcwrkEHIxxkgHuevFYYnKK1CVP6njK1NLmcYVJe1p6JXVqjbVkrb2t2ubYDOYYiNSWLwtGppDmlBezm03G1nBJN3tZyV+tnoj8rf2hPE+leKvEmmaroNxHPGliwu/MhaCaCQ5JjeOXDA/wnI5J7dK5H4OpYS+JLsmOKYtaZdZR5iGKRisoVCCAy5ODjI5xnANeh/tX6BZ6H8TWXTFigSbSo55Yo4o4oXYMNw2KFVmc7iSR2J45J5P4O2um6jdavqbWxsbu2sYFilDFLZt8gR2YA9cDkYI5HcnH8+521PiHG/WUueOIabjG0XOEkuZJ6a22uvk7W/f8lqUoZNhHRjJU5UYOMZSu7PlbV0t1ey0Tul8v2q/YU+x6b8S/hnLYFLfCaxBHbxwqIJo3ikUM4YEFghIBIJHGMAFW+hP207jT9K+O3hY3Eqw2/8AwhF6bqQL8qmeRucjA4BIChRgfxZOa8D/AGJdGuLT4m/DiKVUlWI3xSe3YzR7J7F5U3ENhGbcSMjpzznj279uQpN8YtAV0glMfhRLbBHDiS5CMjZ6nBPzc46DoQfDrSjPMoqMUoqOi1d1ZaPRNJ633+49dRprC9U29b62dlda+e99Hvvc+NdNMUVpqyWdwJbeXXba5gIYEPAdPZjJjIP3wBgZOAuP4RXDeI3LX2oCJ9zSvpDlu6kzQqxwCMllY9VOBnk5Iqx4U1tIr2/8OTqBPca/dNbTFcKkMMDxrADjBRVHTjjGQeBVLVkEev6tEHLLANFyOCvzzQleM4+6MHpkk4GBXpU24u7e8vdvsn7t1b1vZO/S+zthNcytr5d4u8NL76at+Vk2tiDxA72Gr6tGhcxzuvmMR9xjaNjORgkEjPXOAARisbwnqg0a6iXU5jeHU/C+pwWcm074ssdqE9h0ODwCP7uSe28dWQWLUbsRhBhpg68bpGcQoCOnCtnPGeCOBxycuhtNFp89kAmo2fhzUJVEmDG3lkhxjG3JGRkDHGeTzRWkoWls4rRa2e20b3em26V+upFO1mrJqys90laLfTd7pvurOyPQdUinbT7a+TbHt8D2RYLgn93JGEL456c8+gxnisnxFodpdXPwzvoYS93FcTXE2QdpMpC9DndyxHXvjtxFpHiIa/pGqySK1s9h4P06xktQSoLR7TJKuMEFiNxBxwFOODWjqNzLbyeDHRS8IsDOitgsubyEbcgnOeg5GSxJOeBl7rimoXctm5XTd46tWSWrv06ryNrNXs3s763TtFWlZ9r62+Xcw9OvdR0jVJtBurOKK2Xx8l3FcMRlZriGULCpPKhi2Sg5yBkDGK9X1vRo420i1mmfyo9B8TPOFG4KZkDBlPTacNjbkHqCa8n+IVtNfyeINTgkazn0zxdp8sTZ/wBZI0ZKZycbgTtBOcAkcdK9d8Oahc+JbJrrVIliurPwnq9iCGDM81vBh5nCkgPJ8pIxuwMCpnonG9m7taaWtFt2Wlnsu+mugU3pfdpNbXSacW3y62S1ut97nzrrOj/2fffCu0tIhc2Oq3NpdPvJDRm2af7jZ42kgELgHdgHORW3rdw2oT/ECaeLY2n6TpenoTjkNMQUOQRkDGe57AjOOgMH2u6+FNowSWeGxvpYeqlfIaRt+AeTjH3iT1GdvNc1a6dfax4S8c6i7Bbi+8X2en2yl1EjRRzMCjDPzD5eMZ7jAIYUo1HFpJpRaWuikvhXK+u706rZXTIbUruzbbdotXsnJJxv6ptK70tY7q0xF4q8HXA3MkeiXkBBPLAWkfcnsOhPGR1wOfk7VBby6xqpbUooM6pfP5W9VYYlYsSD1445564zkEfYEdoItU8HlYw8tvpV7BOrHcRcRQBXDDkgjjIx0Hqa+V9Q8HeGr3UNTuNQ8R6bb3M99et9ml81ZoT5pySsZAODnHGMkgcDj6vIJ3lKS95qOyulvF66X62tZa6a7HzPElGnPD0k5fbUk5Oyk3btquzV3bVta3J/g/Fp6/EEJbai93K2nXrvGQNn3cHBxjjoDnI5HOMn1r9qTTYrvRvhet1dfY4pL2Um5KgpAMopZtwC/KMk9TkfVa5b4P8Ahbwlpvi5J9J8R2+p3yaXdpLaW9vNHEBtBLPJKB82Dxhh2wK6T9rOeCDwl8OI71pfs/2m7EyQqzO6kDIUkYB5wCcckHkcl5lUlUxtKCjKPs5KzSWuz0vZvpdu3SyTM8roU6OVVlFwlGal1umrxbvd9Un5K3q3xfxFh8M6T4JvZ49Uj1a3gvNLt3aKaILes6IWKA4ZdgJLKScgFvSuJ+H/AIh02VLyLStKNizwXbM07NMJYxB8jjblQMcHou7BGA2B3Gl/8K+XwzFfaxpE9/oBu7Atpt0HM7HaiM8jR7cHdjGTnuQRxXpfhrxf4Cmt7+LRdBGnafZaZdwW32izgM5DKzNGm1N5CqQELknj1Iz6q+s+zlJU68pOyik4xT+FJtKz5Y7/AN7z0vzcuClKEXPDQUIy57pOWvL8Nk7qzdtVtaV7nyR4A1jV7/x3pVl9rjtraW9vIphbxbWKb2ULkAg4554PTvyfoz4O3YuPi9p9vdXd9cz2kmqxWyXLMY/KVXUeWpG3aBg4HIOR0JFcz4W17wzL4q0NNI0mM3DX8yLNLBHEUldjlmO0ZHPTJxznnFe5+Edd025+JmhaXb6Lp9rqST6is99DtE0ygMpJ2Y4J44II5JAU88mIWJ9nXvRnaVFpynLmWlmldSlZK+llbv3VYNYVVqHs8VGT9unGMVZt+6uVaPV3SS9U1pcyP2l7WO61TwvFalzffY7sxQhVQSOGZl5PAGQR1bJ49cfP+izeM5/CniCa+u5tPtdNmt7lbOSIeVcyiQQr5cgXB2KAWAznPAHAPvX7SV1aaTrPhrVNVtJLuCOK7ihjgkeN1ZWYqWcEHIPQHg455AFVfAev+E9R+H/iB9UsJEjhsHkt47hHZ5fnY5XsShxgcgnnpWmVUJ18DQcalSEozj7sW4pxVVK8mt2k3borX7EZrVhRzSrHkpNTop80rOSlZKNk1bR3s9E7Was0fOdyZGtbOZdWKu5leSKGMMqyNufaF+9lhkZOcbhk84rt/DGveEtM03Trrxbb6lroijmk0/T7RvJV5UuMTW10w+YCRMkbSApPQnFdzaeO/hlpqaXf2/hx7lVj23MbW6ESyLHsy4lUqRxklcFjyc1yHiLxD4T1eXSLyLTo7eExXhFlCghjjDXDOm5gwy5BGcenykZwfSxNCpVUqMViYKUkpTVaUZcsdU4TjNyim+1uh5+FqPD11XcaE0k04ckdFaPRx5dPXR+Wi9e/Z78XafrXxC1oWGlyaRp0dhcy2dhJIHa0ikcYiDsdzkIVAJx3zjJNZn7Q6mS08PiJSf8AiYai6kEnGGPJ45PJAJ53H6GtX4AS6fdeKrl7LT47XNgVduC7oGAU5HXOByeTxkDnPN/tSyvpsXh2RTLGv2m/bEIL8BjkkZztLdQc5GQrYGK+Yb+r55TupTVKnFN6ylJcqu3J8zbVlq7ttXXZfWw/2vIarSjB1XNKMVaMXKaS283bRK1r7GV4adxplk6qB/oD9SAcqpBJOeqj9F4AyM09IlDRgDoPtXzbhuyT1PbpwD+GPXzTwv48uorO2i32t6iwMgQsIJ1VhhgBIyrkAkc8H727kgbWl+LtHiJF4k9gxEyqHXzIx5h+8ZE3JgZzyeg4bvX3+GzPD1J0pObpu1rVI/4Pl0ta2z6uyPzfE5Li4UqsYwVVSnCV6T5mkkndrs01dJea2aOjupAbuxBVQSkiHLDON5ILduQvLfePOBgYrqNCk8yDUYgigyXsKK/93cwwfcqRjPLdMDrXno1Gyvb62Nne29ysLIPkdflGSZDtJ7kgcncxx611ekXqJFfxFzGzXkLAnjnjoSNzcY6c5GSp+8Ot4iDTnGUZczezXWKut9L6rfSx5sqM6LjGrCceRJe9GSWnLa1+ztZ2/U+QvigJrLxh4lhjkYk37xSBHOx1YBmBw3cEf17Z9I+D9ybTxZ4YljtwGFq6vuJYuHjZclWOSByRk5z0xg15b8UpXbxVr6LuLNf7mfgk5HBB6Y28jAHyggAgYPcfCdnk8UeFJvtBwqvE4DbRlUKhAc4z1zjkd89vymvR5sfUtyq2JdnJxbV5Ldy6R0bavfRn6rQr2wNNXk28LFxSV7fu435d27btr9bn2zplj4Z1jTxFqUWnzTfarpHEsahmUs5wHIBDZIwT0yME8VxOp/CDw1qMUz6bLJYSK4eA2rny1YltrgA4yvB3DBHAyCOMS4nNvHfMjMjJfTKPmIAG5iegxz7lcjBGMYM2k61ewJbGG7k3+VM3JJUHj7wzyQMcFcZ47jP6ZHDYbEUaVLE4ajV/dx5k4Rd0lCKeqvZtO13fulsfmVXG43D4qVXC4mrRtNtKE5KzcopXXm2/R9N0Pvk+NOi6J/Y1j481jxB4bs7sSwaHrOp3t/YwSqTseG2up5YoCMEAxKmSDxgYrmJvil4p0yR4PFnhaURAIzXmnDAcgDacKuPm5xzknowJNd/H4mvV02VZ0W4TzopGJ+Vy7OdwbGST0wSMZOM9cu1HUtH1RHiuIFgZBExMi7gyAgkAdMHJGfqOmM+FjeD8lxUJrD4eOHclze4rR5pWvorN81rp2vey66e/hOMc0pezWLl9bStDnk3z2SV9bX7q1urs11n0X42+Eb/TmsjqZ0+5NsITb3kbI0g3fMjMdoGASxIGc8jnC1+wHjX49fAfxf8As4+AfC/hb4m6MNa0jw9Zw3+kK7LqbapH8slvGC2WXcAG4wy8jsD+K3iT4Y+ENbkWeCOKFntlkWS3+Vkfby2Bj+LIOOm4rz0rxrWvh5qPhG50zVNPvmmtoNStpWJ3JON0oBDHPQqQDnr0Ibdz+XcTeENLMMTlWNeKq0lk2NjjaaounKFRxULxqRmvha3a1u3Z6a/f5Fx7SpQr4b2cW8bR9g/a3vG9kuSSkrPV23vy32ufob4yuxe6JqccUjMkmnsQzA8FlIV1z0GCcjHPOemB6p8DtH1v4fReGL6yaSytvGGgzK0zNJHZ3E8PmOQ6Z2SSMMBcqQMAdcV5EX+1aC8sgVll0mAMwUH94YAxzxhucAnqCR0IGPqHQtTvf+FQ+Hb+ZwyeH4IJNMWWEECBpCk5jbB+UrksS2RgZIJIPyPiFOphcPlGHShKnjca8HUjOzu5Uv3bXM9bTUZJp3v3sfccMUqdWrjK6lKnPC4VVoSjdW9+HMtNXeLd1ezejeh8ZW2oNp3xKuryGUvK3iVnmST5gG+2rvYA8ctkE4JGATwK/vl+HVwt38OfhrddBdfD/wAMykHBznS7YEDkEZBzzxgcd8/5/l8Wm8SatqKgJjWo7lXTIQpPcIRwG5B3dc7ccg5Ir+/T4Mjzvgz8Hpzy0nw28MEk9CP7MtRnJ6jrnoOAMHGa+nxEYRoYB/bVCMGrtWap09Vts7adtPM8ihzupiXytwdWc1J7LVf1rfbpY9CXOAM4HbnJ+96459c/QckmrIY4XaegOcgc4BIPT0/PAPTIpoAAzgHg8n8CSOMZ/NuR15y/AClsAYz95uxzjjGMc4BIOenXry9Fbyt6XXfy+fzOlW1aV3rfXTeNrbt9drbLtpGOo2gjAPAycnO7vn6Dt+tM3bgxOV7EY4xwcDAGfrz2INTsFIHXJIHXA6ZOGXo3zHkjkk7eoJZs6kk4DcdSSR7k8hevGM8lstQm9GmlpZJu978vW71TW/lvsRbu9Nrau2iu+ultdm/R7x45KfeUsCAwwu0E847BSB2I9OmKTJwVAzlgSxxjB6YOOflYuOgOMUpwAy9GABABGQAQckk/d5H05wcc0obavPAB46Elh14POCd2Pr04JNcsraNaddNNFpp0st9Ja7E2kr6WTul57X0fXbZu5GVIxnOFyOAAA3APHUcqBnpnkg8ERNwCcHO3PqCD165BA9BkY5HJGLjBSoO3k54HcZ5BzlVYdByVJHXuYWA4K55UgnsCMZx0xggAHgHtuyc1C7erX46J23tvdvW66bKxk4Nq1720k9tdFeyslpfTfZJvYr4GWJGAxKjAAwD97A6hc8E43Z5wMil3BduTtBBHXoB6kd+mBgEYbJJ4p4Qk9Mr1XOATySQTxzwQQefxFMIBBUgnCkKMYGAOS3IIGemRgAY+ml7PTo7vbRaPquu+t7+91sRy8sbO2mq1d3te7+5W0+SWohIOCSMsCO4yc9wOf157Yp+0KMgnIP3hjLbj33ZUBQQTwAOmB3WJVx0wflYHr06AA46gc+nqOpmIVmBxwSRgZJOAAB+hPUbjnn0u9103069Nle+nX8tieV6ctrddl2Xppf10StqROzHeoyoAVQRgZO3jBwRyfvZH8ziBmJHzNwDuAH3duDyTyMfMD1657VabbwQuSQ3UnkN0yOQByemPfJxUDL95e2FH3vlwzE4J4HB7/kRzSTa0taz29LJbeUV6I0k6krJvdPT7npdLst+qfdkJ4+8ByM9Rnvgdxk54HBOT/s1XOSQcHOSccjnjgjnJ9iccn14sHqRgjcBt9wMnueGyD7dD14MDDBcnIAPy845HU/NyCDkBgcZHQjrUWrpLrfo23s09NPRdNXqQ02k00920lrZWvfTt/nddU5Az23cgdGz8wAH58dicdgDIWOG6ZyuFBBIxwScnkANkj64HOKZ1yT0XoSSOemckA/Nx1BwBjNOH3SccnGOc9vlyRtJDfdxnI6KoBGW+bvazT76afFt0u3e277XJcXZXdmlF7Xvt+tnrZbp66B1AwvU7iTg9AcHpzu7dvywIgWwpAOcg5OOCW69wMjC4AyeuTyakHzMBtI68fdBI6gkkjgHscdMGlYYJIOcZORzgjkA98+nTJ7+rUt0k3a9vNaWb1b9fy7Ls+a13qtPxuutrX8nonYZkMM44ySCN3JIxgseCpJIOR3x/dph4OM8qQFIIPbHI5GM8nI5HGKl+XAIBJJJJ4PJ5Hr6Z+bAJ47UDacBl+7ySTjOT0GAenfGcgD0pt3Wj10evk03fW+urv+L6pJ3d2u+qvr7tldPd2W+rtpoQGM525Yktu3EdSOgHUsV6859T8x4Xy2bcThsKMZIHzDJ3MAApBHYjocd6nO3kkK3UYOD1GcgA5yPUYB4zzwW8g8nJwM4AHPXP+zwenr9QKaulG/azvrrp9/q93bfUHFeV/Ntt7W6rdefVdCtsYYA4OCSRz8xJ9dxPy/QcY74EqjaGGB90AA4OfXnqODzyACAMAinsAcYIyMbeu0gYHU8jJ+bn17UoBBwcfxZOeDnJ4zxg9uePU0/19dNvL89d9ujtK++iaWrV7ddt7+f4X1a2DwuFOAW53cA7QpwDx8xxxknk5BzUXQADrkk8bevJ79unTLHqTxhxIJHIUYUZ+U8jB45xjHBPvgkHJoCFycA8kc5AwwBzjkg5HzFQeMdDTvdJNW6ba79L66vpdXvaxCT1baT03vprFdX189vdIAAwwVyoG4see3XpknOQcdO+BihgGIAwBxnGc8dfoPXALAnAAJBqcRgElSNpJ46kbV6ngY6AtknnPTswLj+L/gXXJbn9eSfU9evLUmr7N6WWiW+vezs+i6u6JtJa7qy5bWTvaNr2Ts+y0v3KeDuDFeckEDuB0I+YcD3Ofz5QgEnJCttJBOAABnAyR1ODyBz7irRT5shs44zgc8Dnv0xyPXjJxuCFAAWB5yc5PocYAHGPm4HTHLdqtVHdNq3yVrrldkl89dPne4ctkl1bV22t3bou7fy0XWxTZt7IRwwByQewJ/u5wOfTGOOO8TBm2keyqTySDkHp6c5HX8NpFrYOdoH8Sk7mB55yNxJAOO2ASOBxgRHkg7Wx37EOM8Dtg+nOe2BzWim77v09beu2m+3XR6p691Zu9nvovXz7eXS0AAABODtYADAIA6D2x0GSD65FAY4IwB8xIOM4yTj0OccZyDjJyM8Sc5GRgZIwBnJ5Izx0AJ7jnP4MYE5y5AyBzjPoOxB+bJBznPehTW6T6a666rrLWztpZv53FFWtrfa92vLpK3rZ+fyYxL4Ht1IwV6jJ55PPAOQOvXmoDnHBJODgcEEnuO2ePmwTjGTgCpWJwxA5GM7sYA9CfunPrk/e5ApgAyRkjA3HnnHOAQRjIIBwfvbuMiqcndO6SvreXTo3r16q/db6u1G+26V9dFayur9728upEMrhiNuFJGAME5JwxxgYPJxz2LYNKOeRkAMBznB3c7j1AwWIHGCCM8j5pDkHIOR0IBBGX+73Iwe3AB65GeGhuoXtgEkkDdxkDqfQryeQCc8VUuW99lHrda2t6t3trrtZ83VxyN27Pla062XW717O997+TTEwyCwGdzHOcDnHOOhPOCBwfqMxPAyqcbtowSQQFJGTnGSegORgcD8RdLABsbQTjKnnnuOc56nP1xkYppycgHjsoAPXjrtGB0Oe/sMYI1Jq9rvRb6dr33itFp6JdDJ0o2V79NVq9kl91mrK+6fQoCI7SQpbcuSOo6DIGB0PUn7wphjbcpKH5lIOWGQRnAz2UcY7nA5GK0iincd/J75JIbI6Yxg9eAMZ96iYFi2GOe5IwAMckjI+YntnIz1JFbKo1u073XZ6/wDAf49NDGVJWW6b3utHt0dtX53tdWM5lYEADkjAJxgAeoGew3epyD0NRcg8555bO4DIHXv2GWI9cZyK0WXI2jJyoK59R0yc54HPXuBn0hfBxlix4GSRgfNxnHq3G05znnINCm2/hS1stVfZb2v/AMFW7apU2kmm1otH3SV9L2Tasn91+pQbIct3AwoA6hj3OP8AdPAUg4HNRE53Zbhflx0B9cDrt5Bz2x1wKt7fmwQWxkkc4IGBwwx7YHy89OTUTBQRgcspHABPXcc478jbznGMjjJ1v0+Lq7302dnpdPr3eupjFPdtdk9LvZ3v1Vtm/O+zRATksQcnJJB67eg6fqACcjPGcAYdc45+8MAn5vpwuO47DHHANSFAoHYOABkKNzdwQPQ9D6flQqg44znn16Y6nJA4APqcEZ7m1NpdO23bfRvT0aa0tbQfLsunW97+W2626dFuQlQSOAQScjHTAxg+3p6471FtGTgcE8jj3JyfTJPI9RmrahQOB/CeCOp+uCxx04zgHjoaGQZTIwRgH+E+mPlPUZ59ffGQKTbjqrKyS0t71lpbvo/LW/m3ZKy7bNPfRW0v5K+jaKhRvmYdNpKj1xjO49+qnt0GR0pwUgfN8wZB6AnHLbTj2G7uey/3rBUdB0yV6HgDoDnjBxjqSDjnnNNwoyCo6HIOQAGGAeB7nPT+had9tVdbXjZ+69Vdd7pWdno7PQm2uzT17uysmrdOq7Kza6q9baOScncuQRggE8c+/qf15qFgB8uABjaM5BxxnDH734g5H3QSDVxuynIGVUH+HjkkkH7p64B+nfFeTg8nOASOgKEg7VzzjGOSeME+gpxbvrdarZaWsrR8r/er/IORu3LotG72d1pr/mr20uRDkPtGGPyjHTHbknBJABBHHfHSlOQD8vQfRsAnPLdxzwc4AyeuaCeACSCXbcSoyT1zjtkHJxwO+TSkYBBb6DGQd30xwuB1Ock5BGSLbV9LWun033W72veytqmuzKtZJN+Wj31svPZbX/ArSPjDHIw2QAOmemCckg5xnPXrVeVycAHAAzjoOcYyR15xnLAYB65q0VGMM3bYeM5PUEAHPUcAdRnkECoWjDLwAWzjd0BOeASQcEjt3znGTRFq+u17X1tbdvvZJrpu1v1zcUmuVr09Wtfx0fTfVlQOSWGeCcDv16jDeg5GOewAxgtJAVcHjByD8xzwq4BOfvdDweg9RU7oNwJODkdjj39CcjIJxjjjIzmDGWO7nPK5IH3Wzk5AHXOV6ZPXqtEmr81kttOi/JPyvps9NRq92rJNWVtHeOnWy1Xz3dvNMnCKQSRgHnqxyPugZ3HcT+HJ60MTgAOcqMA4HUHJC/LyoHynoR6CnMRk/KBk7sk5LY4BJPQ5IGc9DnOAcv2qFTIO/Ld+vbgjAGO3HJGTkYFNStt9+uuz+Lr02f5u7tfeT1tomra26bXXlo072u0VnPXg8gdApIB7gheQercc5POOsOwuN54wSc5xyACBt5AAxxkc5GKuMnDcH7p5GSCVPqGwCMnjo3cDOKhVctgqSjHJB56Y9Mc8YPQcYx1pqTWzd/uS80lu3troltqkxpLptpa1+qXkn67377npPw5w+tXC9d2iapxgcgWko7cccnjAyfXp/Dp8VoW/4aC8dqu1gviHxyFUEArjxLOeRjknGQAeCwyQASP7j/h0v/E7dgCSdG1YYPUg2k2PfgcA9Pqev8O/xfZoPj34+mVFd/8AhJfHnzDknHiO6Pzc5yOg4BxjI6CvOmuapjudWSo0rPrK78nZejXzO2noqCV1eqndvvGN3ZLXfRduup2W0yxeNYTj5vA9gDkAjIuITjtljgYJwAR3Ga/GP44QQxfEDWMJkxtEoyD14IYcYBB55BHXAO0V+0WmxSXOn+MpkkDS/wDCI6YXOACIzPEWB45BJ7A+g5Bx+RnxzsLZfGXiCZlzKJYlDHC56cHJxz3zz1PWvouDaaqU6kVyqoqt05bWtFtd76WWnV28vj+PHONFVIctktXPlsrq+l9m2ull5PpyPw2sJJfENvJKx2thhtIXnyycEbe44OcAE8D1+lvBuio97rly+2KBFMXmyYIQMjMAMg9MEduM9DuNfOvgbVI9N1MSrFlkjTy2JPDOoXccZAABLHgnIr7w+COk+GpPDOt+LvFdzD9nju7iW3S6mSGyIhBBlkLMEcg4CxjJPoCcD9K+sLDckmvdjdqT5VeTts3o+rtZKytfV3/G8Ng54mrU1nJyVpatpJSi2lHba9ra+up3fgjQ7XSvAut6+1nerE8mkW/ntES16TcRMY7WIj5lIUYbBXjnH3h9xN4u8S6hYWyM0PhDRI7aFJpleM6jJbpEuyWact5EBIJByoIySMHg/mX48/a/8M2uk23g7wTpU/ijUbe7tt8tnGVsYhDIRBaRIq5kZ2wCw+YrnHs9PAH7TX7QNzDceOvEcvgDwZII5IdE0yWS3ka3bBVJWjZJmkCAf6wlcggrzXytbM6lTEVo0o1K86nK7UmkktNHN6cqt0801c+8weU04YWhOo6dCEYprnT57tR0jTWspac12krNNHqn7QX7QPwp0B9B0XTNTj8T61Z+JbTUL9bFzqd432cSJsa5BeFWaRseWpGM7QOM15nf+Kv2h/jMzWfhDS/+FeeHrgsq38sbHVZ7VwAGIYEoGUbsoAByDjFegz/AL4bfC/QrC30jSk1PVbjWtPS71nUAlxcySNIDI4lbO3ceW2nPc8V7j4q+KngL4d2DQX+qwT600cUUGj6VHHdagwWNcRLDbBmiBORucbQcEmvKmq6nVWNxCw9K0JTp0XZvSyTqOzbte9tG15nt4b2ShB4ah7ed5xU6yTSs4X5aV7LVqzbkklbV3PmKw/ZK8P6Fpeo+IPGGo3vjHxRHpF1eST6nLJPFHIYmYyRpKzhHDdPujPAxjB6b4WX/AIP+GngSwvtfvNM0Szlt2uolkaLz7mRJJOI4E/eyyMcAKCTnHHArzP4s/tP6jNYXySXmneBtEn02WD7OJVvfFGoI6YVRChYWzMAARIoPP3RXw1YeMPE/jJbWz8AeHNS1i/8Anhj1LVRJfywKXOHjt232lruU5UFQVx8wAznwa+Iw8cTCGAoylJU3FNrmlOb5dZfE9Wr30e+rPdoQn7FvF1Evei7JqMYKKSSUrxit18N1fdXPur4hftZXjvJb+DdNttM099y/8JB4mbyVKkFfOs9Pys0gHDJlSM59ePz01fx/f61quowxz6p471i8v57hbQCZdHjmlOEkSxi4kO47huVuBkgV9JeDf2QvFvie6t9a+KuuSwhikz6bFKZLhgWBEW0MYYI9p27YgpGRtIGa+y/g98IvAfg7xV4rt9N0DT42srPTEglmiS4uVLNiSXe4JQyfLvIbPHUAVtQy3Ma8qE8QnShVqKnG695KUedtRfkm9b9LJ9Mq2aYKlGuqEo1p0aTqS5H7rd4wScrc1/eTXKrLfR2v8AeCv2XPi98Ujaav42kl8M+H/MjYWW37OUhOMRwWcZQAhTw0iZ3E56V9t/s6fs7fD/wpr2rRppdvf3VjrU1mdQvIY5bqSO3t0mV23Bgh3u3IAPTjglvsG5OI1trWEMr+UFIUFUIxxx6EKG/AdRz5/wDCKKT/AISrxW8rgE+Ir5iAQAubdAOMZ7884PIPGBX1GEyPD4XFUZuLnJp3523Z+6rq6snbV6aLS+p8tUzvEYujiYtxhBcnKorlesoxto9mtG+uzRj/ALSlpaWPhDw9YWMMcMJ1uNgiLjKxnOcY2gdMY5wMdiK/PXUlzb6oyfKRqKjJ4JO8jAz83UA5bpkY5Iz+gn7Ttwi6f4StQ25v7VuHZQemIwRk+nAPBGOnI3Y+DbyEPZ6k5BJ+3LuB24B80/xHqMDOeB6Ekc/s3CNGlSy+s9E5Vpq6bS0jDTe2i0ei272P5h8U8TXq59gKcZS92hG/2tJVI9Hvaz11Wm1zkLmIhZOuS6Y+YZJK9ec55IPb16YWs/yNwj5wS44AyQAQSOef/HfunA6ZPV3kCoCQybdyjcJEwflHTnpnJ5JAOc4wMZQS3QxFpoATIG5mj3E7xjpz0wNoHzDA65FfWTdJJSc0nZfaVnazWj1769b+l/zSUa8mkqdSa5otWhdO846Pzduy+9NHLeEl8zXfEtuRlTeKcgAKMRkgZI55xk44z7E129/CytCqCQHBLdcDHbdgDGcYHOCAcntX8D2ml/2z4jmu7i1jBuQwaS4RFJEeTs+b5sdh6HsS1d1qk/hcIrf23YBlVCUNzFkEMCQQD04wecZ4ByOfn8sqUqWGblUgv9oru7nFW/f3T1ur2fRdWtFt95nWExc8XSlToVZP6lgbpQbbthaCcdnd8yfp2uedS20jRXIYf6u2nOSFCgtGTngAjqF49dpAJxVbwjA39j6cFUuC9xlQVHJkyc5GevYfQ85z0d5qfhmOC6J1jT2dra4AP2iNjyjKuVUkElsAZB/hyMVgeCdf0C00W0+1arFFL59zmMI0rBWk+Xhc8EYIA5HdgeaupjMMswwtq1JqNCum1KOr56Vlpot3otPuspw2X4+rk+Mi8PXUvrmGaTptSaUZpqzV7pafN9DrU07DB0TDs5X5SXbcT0/u8gd/deeMYPjax8vwvrEuwrIYeT5hBPzrkYGCAAOw7HJBFdVD4w8Jxzbv7RllBbIZLKYgdM5IHVvUcNnnPQ8f8Q/F2h3PhrV4LSa8nkkhVYgdPmRSS68l9oAJUgZJxyDxxgxOY0VQxHLOEv3VS6TXKk4vt8vNpahgMmxqxeDc6E4xWIpWTt7seaHpr8vLUxNItQulaedpYmwiPyuCdxGDjPA6YIxknpjPHpnh23xGVEKhjGsjNwH4AA6gc5xkcnqPSvIdI8R28em6fCtnqkki2MSsRauqMQh+UHaCPXPI25bPauq03xvcxE/Z/DmrsGUASCI43Iei8bQCTnLHBGBgZ568HmVFUaEZTleMKdkoyb0UeqjLS732scWZZNi6mIqyhSioqrNuTnBXXPu3Key6W7dkrdN4/tlTwpcuUYMNTtQXJwSBIp5GOc54HfBPJxXP2cYJZwm5MRnqBlgg9s5HpkZ5xgVU8YeKNX1Xw41uPD9/Cr6hauZJdqqCHBCFcDJbGDnAGO5NQ2t34lbzVi8P7CuzBeQFTlQOgzgkjoMHkj0z04HH0ljsVVkp25KChanJvZx1Wml7q/Vq1+3LjsrrrLMFRhKgpRxFZy561NJK1NWu5O+rV0ui9WbBhG92CjdhiFyvXpjJzgY4ODz15BJqtpFvG/jfw2HOAI5yw+XJ4OBjHOS2Mgg+tZ5k8XiV9ulW6d2VmBx1OSOhB4598Lnoaukf8JTH4z0SWSHT4J1trkwbg7IBjq4GQNvTkg57ZFGcY6NbDUo06dW/t6TV4tXSqQerla7XXeK2d2Tw7ltSljqkqtbDRi8LiItxqKT96m9dL2Xe2itfRH0NJYn7QwETGNVKjplgznhSF5xtGcgcnIzjmWKw2m4jjXYrLjJCkn2HfB+ufQgHFcTfXHjpgANV0uIuMqIo2JBDHBU85GOcehBAzuFZUh+IChQniC0DFssUh3YXOTn5O/QZI4BzjtwTxGIneKw1S2mrcUrO10m536q2lu93qe5QwmHcrSxlFW1fL7R/y6X5Hovlp5MtadCF+LzIpJz4cAwwOSGyDkdyQMHkYGTkDFe3JE8YnZ4/uxgpt2g7SOCGIznJO4DjIzweD8l2tr4xu/iFqHl+IvL1C20VEe7jg4eJ8q0QGMYPILADggjkc9bcaZ42KI0vjS8i3DGBCMnPcZTBA68cZwQM9PHpYvE0vbJYKpOTrzbs4LXS2t7aJ3+5dz6fEZbhprCuWPpU7YaktI1JXTW+zsmn021du30SZHMcIZioUrngYyA2AuMYBJGM5+pHTnvgcgn1n4iHOSNd4HHTIbnJx0zleTwM7s4Hio8P+KdsfneONSbc3G2OPIwOwxkEZz/u47DnL+FWha5dar4ySLxRqtt5epDc0TLG082Rl3bglzjuduASASRRPH4qVTDXwVRK7tedPS1OKvo9bWTsr+tk0XQyvAwo4hvMIz9ynFy9nN2XPBp2aWj0S/Bo/QsQwRF3bILoSOAACMkk5HBJHAwCxIxnFch4klEthKMYCJKfvqG/1eAPXPAAwMADtjA+fZ/B2q7is/jXxHJuB+7MRhiTkkqwXBGMdeecjpVK78HvCjSS+IdduWWCc7DdsdwEeQ5AfIPXnHQ8cc1ssRi25KWG92zu3UV+ln6Xt89+rI+p4NQio41vmcfdVGTbtyu+6e9tW9W3rvfqvglcwL4e1VrieJE/4SK+/wBZJFG3MjjBDNkDPynJ68g969uXVdJtmIOqacijPyNcxZXfyeQck5BODjJznJOa+NfhZ4IsdX0O/nu21F5Drdyo23kkYwrMRuUOqlyQw6ByQR06emr8MtA88ySWOovuUkD7bN8x5ySN5IAOeCpzjqeKnBYzGU6MeWlSu1u6jvFcy/li1dpei2t1bx+XZfWxM3Ur4hybi21Ssre7Zv3tO93rrfex674l8QaHLo2qqmqWBuG068AjF1ExIEDYC4Yg5zgAZJYkew+evDuvabb+GNNE93aLIIpw0T3CKwQzHJIJxjBwCQcjn2rU1X4Z6PDBe3cdhIsUdpMx33EzyKRGcHhiCOOcjPOAOcHzuDwfpVxYaaVtP3gic75ZmCzr5nyggNwVBAzu64PU4NTr1quLhOSpxl7GTac7LWUOrim1urJa3dlsxxweBp5fUhCWIkniY3bpxT2s0lzNtN6206a7nUS61pEkg26vZqSxcx+cgOwZIUHO0bsYT8Au7gFLrxN4dNtcQnU7RZPskrk+arEkoQIyBgkjOSfQkd8nkofAthDcPLNBauhDBIvMwFZTnBbJ4AJBG47TjBAB3STeGNKiiup/I06Jfs0uA7oXJ8snA3Ht8xBUZAPGerKeIqOM/eoxag3L3m21dW3dle17JafPXkhhsNCdGUaeKcueC1gtdUlor2V1e2mnTqegeDfiB4S0nwjp1rd6k5uN9zujSF2VSzHbyAeSRu4IPQfdqFPij4VsdctJTc3M0SQPlYrWUOHcnCjKkMuMZbG1e2BuA4DQf+Eci8MaYLi40ZZ3e4BWaWIMqlztyGIKsCMjJORgA9cPjuPDceuWr3Oq6III7ZlYiWAYfogXoMqCDgqAQSM92UcTOWGw1sVh4JKnaN1dfDd7+nTS1nrt0TwtKGMxTeDxdRP2ibSet7LpBau60Tep6P4v+Lvh/UfCet2dnBfm4ms2VCbZhGX3KTvYrheo5J7Aj25nQPjBb2eiabbDRL6drawt4i7dN6KQXHynKkjqMVma5rPgptB1ONdb0eeeWMgIk0aSSOTnaApABA4JUEnj2FSafrfwxtrGwWfVNPV47KAOqTB2WQKQQwVioO459c4BA6V2QxUoYlSePw8Juik3zQ5bJqyWrTb63b2V3qclXBUZ4BReVYiSWIk0n7RvSEdbWV7u29tU9ToX+L1w+1rbw+4diWyZBkAdflwc+nIHGcHIFcL4m8aaxr9mrLoBt4YdQtZmdi3zsr5Kk8D5ztxnjPTkVoSeMfhglxuXVrVRjBwHOdo5GCwPIxkEYOfwrJ1v4g+BZ7GS30vUEuJjdW+23WGTaqo6ksTjHA3E9MkHkkbhnjsRGrh5ueY0pKS15Zwcm/ctZXv30S7dUkZ5Xg5UsXSdLKakEprWUaqsrJOSvb8NFql0R35+Ivi90aK28LW6qojKPIzDgIg5zzkAcMDgg8HHWoPGnxCuHAGh6TDk5+ZgOACF2jccdD65BwoLEVny/ErwCVMktzfTOsaRMsdpOMEIudo2gEA7vw655NZ0vxU8AwtE1vDrMj5wRHYzsDtBz99SSAAcEZJz+BFXwMVDnzK1opJRa391tr3XbXTW7VtQlgsZUqVHHJoO82rzpyTburSu57211VnvppfO8daz4yudHsry8tNLgSz1JZkML4JdA5y43kKoyxGdvIFfAmuXGpa/4i1O4leKSa6vJZJZQfkzuwwXJyEGeOTgLnBwK+r/AIx/FjRdR8IrpmjQajbXE98gee4t3gCov+sVcqCwI4B5PI/u8/J2napp0Nt522ZmWQsx2gu7FuzDIwSepA5YZPr+ecUZhRlXdDD1pVEkpNy2ukkly26O1+nzP1Xg3Jq1PDKvicPSo1LuMYqMUopuMnq20ru35u7Ok8M+HJ3uoHnuNvlzoVSNd3AIJ4GM4wfmGSc4B2816j44imtdFtrtGR54JU8pGAA+YYAbJIzwM7sDoCcbjXJeGvFWmpLJcrZTs0Ch1DFFC5yCDnO7JxjA55Pfi3458SrrulrbfY5LO2R0dpgyM7bjggYyeM+meB/eNfFRxOJjGTvLW0lpdLZNpO2t7LtfW+un2cMBRlXjKclGKeybs9UmrN3s3dvZLvaxy9jP4kv7G/1GO4SCO2VtyxgggKG+6epPPG3v0GMAcNp66rreqwRT3EtwXbMiyO4VYwTnIPAODtwcDHJ65rpbW9sLDT5bKKa/mSUgyRqxUOCoJzwDtAHOGB5AOd3DvDd1p1peF7awnmuFEjK0jMQsYBznknI6ZPfP3iua46lfMKs0puo4rWzk2pJ2eqV7O679+up61HBZfhtaSpc7sk4wV7tp/E43vv8AN9lc3pdLhi/tCO2dleS3WPykDySqqfecKNzYAPZcdcgjp+gHwZ/Ye+MnjP4WaT8StJeCx0O7s7h9OinM66pqSqGAkW1jZZFG8YRZAfXuSfmv4H+J/E8vjm/k8JfDy18Sanqeg3en2sU9i2oJpcaq6z6k9uqSD90oLbnXAYdea9t8SftK/tX/AA+0228NW/i2fTdI8PxvGEi077ALYykusKW3lqVCrwpCgY3cDOR+QcX5jxFjMYsoyOrgqFeLjVqVa8pSk6Tau4UIrmSk18cmuttT9IyDA5VhsMsdmNOvWpTjKNONJckXPmjJNyb1uneyWjSTZ6+f2K/GOiaTb654/wDiMfDwjsZLprK5muYJhCodiYjJIqoVGSV4zgKO1fAPxQt103xFf6f4Q1y+8U6bZSRNHqcT3Ba6n2bZYw7PjahyCejY4PQnP8aftMftBfE93g8V+MtT1aytkMYtmh2KyMSFjJVVfaSxG0/Lj/aOK5jwpbeK4ra+kuJLq0jEbXRQW5LN5gJOVCnYAp4Zhk44JIOe/hjK8+wtb2ubZl9alKKhCnTpulCnLRtpyl7zsra26nDnGMyurScMHhIYeMJauU1OpNWVrqyS16K1vkzl9TtPEE5UHT5w8qgsXjmL7yAT8zEljkghh15PGMV+mP7GHxRl8B/DL4i6VrVwYBqFtPb2wcrNcCdrJ1VUjbLxjfwGHOMEgcbfgi5k8RyG1uprm8SDbwGiQNJwcHO1SuXxw2epAxjLeseEPAPiNNA1HXru9v7K3mUzJZ4MT3AK/u3JAAzgDGM579BX2WOwtetCNNSnzOUbva0U4tu91duzV9LdD5TDV8NGTk4U4pN2Vtk1C9rK13fV6dt00fRHgD4gf2TrVtdq00z+e8t9BfPHEkvmsVRmDZ4UNkDBPB96+2b/APaj8Nx+Ax4VuprNNSVLyGKMvaSIq3ETBZMBciOPKsDk84GQNpb8bRptxe6o4vLu4tooHt1cPcSGR0DZMeI2HzNySxBBycDrjT8Y6hY+eNP0WxkJhto4p7h2lZ5HO0Ha7EtuOeCSO4wSDnzq+WVKrhKrOcXS91RUmuZu2vKldpJJtv59WdkKlGDdOMIyjU5X1k7cydrcurVtFfptd2Pp/V/iVoA8FT6TdahbS3tprEl0qHyWku4S7HJkUbgm7AXJOcAnPNZV1qugan8O7zUXv7LT47qOdDbu8Zklkdwp+4VZVAJ7gYPAr5T8O+DL3xVeyW5TyI5Bsknd32RqCOGOPvbeOeRg9M5buPFHwttdL8PyONVuGS3Xy/s5mcW88jEEGNc4IXoQBkHGdpNcscrnSm5RclKTTbbkuZN2u7pNKyu9tbJu+p3PF0Z8kfd91pWUVe65bX12Sdk1vdq17HtNnqvwy+HkPh/UNKuNKvLo29pPqU8YF1IjyL+8SNcMBtVjjcCQTjHTPI+L/jVe61f30fgxLbRdMhdANUuCi3hDDLMijGwOSWBCnkDPv514Z+ER1awSRr/yoH8vbDGWeRiVUhS2VK4IAIGACRwehj8TfB5/D1o95LfloZ87kWQlkkVlCiQDr1OQM8jkDoN8Hk9OVdKd5zbjNRcr2tZ2TeqvdPR3utOhrWzKHs7RkopLlaS1TWju7+aej6Xdtb9b4cl0e98LeI31qUaxf3t4Jo7uMh53myTyWBZuMkpnoDxjAryaS1sHmnl066utMuba5LrFvKF9jZ3Lgr8q4GQSQvcDFamkeCbuTRb6XRtRnhv7aUTAM7ogTBwoTON7MTjIBPT+JhXHS6vq2lFotZ01LxkeSGadBiUDJ5YqAMcZBA5yMcGvvcInSS5oNUYwUYtJ6cqhu1d6OzV9Hpve6+KzCMalWTU1KrzNuLdpSjZXSUr3d2m73dlt1Oztb/WNTleS/u4L2LAtkYgCWNDgFgOG3gqcHoQfavb7i3h/4QzSpZ3SSIW9zaZbAKtICBtAx8p6cdQ2R/dr510i7067ltDYXSrcvMq/Y7giNhvOFU8ruwc5zlj14PC/VtzaxReB9JFzCohguY1l2ldyuGUucdGRgckjgDp8oFfR0MdTpxpa8ym+Wdr297k1aST85XV1bfZHyGLwFWUnU5WnSnzp25E3aO6Tate17cyd1qunhHhaySbX9LtFleMCSVACDuPDFQB7jG0DqSR2qIx3UPii6tUjMk9tqMpVmDFgSecJkkDCtkjjHAJ7at3qOm2/jmLUNNuo8QXcKrAm1d0rbQQB0B45wCBjp3rpr3R9S03xLL4gmtwP7QRdQjAKEeRIpDeYuTtLAH5eoz8vDCuv6xRc4U41I2Urp7Nx91Wv3vay9DkccTBSrTp8rdNRkmvjgmrOK1d7pOz0dtdjl77w+b7wpf63LbyieLWzCXYFYS4fo2cEn6DnGR0yOXuNNs5rG7kurdRLGhVA+DuCqrKTuB4znPGcY5ycD0DW5vEF5o11pFhG0lg95LqLpGGBcAKV4OFdQegUE9eRwK5O2sri6hilu45YMwuirIuBJIox8vGAScjP+0cngCunC0lNVF7rtJ7pRjrypLXtvq+r6N20jiJ2g/hblFpReqVoq/Xrq/VrVHmg8OGeIXNgbq1lVo28uAkorZyA6AgBcjggZyeRwA3UfZfFVhbeaIYLlmRJFkjJhnQxsHDOV4JAxgMAvK4PWvaPC2nWr+H7yZrZY7iWVE3rjIGQowhBPQ8YPU8DjIv32jQhZAzmRmsmwSNgO1A2MAAAjnrkgc4GMnOWBpc3MrqTS1j/ADO2t7K+i3slfy1OmOa1KsvZPlqR92L9okpX2tzO3N2aS2Vrvr+/f/Bu7rF5qXjX49veSM87eArYSBiCyFZmUoxB9tw4579wf3yvQRK2BnJY4+n3j3x35Bxwe1fz8/8ABuyGX4jftAxEFAPAUD4I5AN06gjjnjHGeR15r+gK+bEhIC/fKHnLE5PYEnI64xnPX387G/767tt/VsPFvrpFJJu++mlt1rsfSYKEY4KlyJKMp1ZWWiTlKL0S16p2vp15SgcqW45GQFBwuCM85yQB0544P0qI8ZyQcqeo546Z9OmOxJIqQMCST1IwSR06EdRwODzwcjjNMDHPXOQQB6EEEkkevGAd3B49awUkrPZaaau2q2v0Wz17dWayjrtsnrd2227aW01avbUauW2kbgOQcA8YXk5wOAoOApJIHQghqFzwMHAJ7nBJz7cEd+w5xzwXgqMFc7schiDliOVA6HoTu5+7zyRS545+8C2ANvfp7YAPJ7dQMVvGrzWUWnZeeiXLpa6+69k18S6x7y+0rNNW08lsr9E23pd7dyuVLkkAfK31IGAeDxgDOc8H7w5AyUCvuO0YPUDpjJz0GcAAdTx0HHU2RxzkggjnPJ3HgBf7vOO+Bkn1L+Q27hcgLjHb15yMfTGPatVNp6qLslba+yW6V7aNWfntbXJxSSd30v7uibs9bvTRpJpO9ror4AOSDgKBgscAjgE8gZIxjA57A0pU9AuCcHjnjgnOfoTuz15XkYqXCsTuIz1GSAOBjHAxj1z2z6DBn5m6DAByT8pz1ALYzjvnr6VrGbltbRWulazbjFK+71utWtnbS980k2uZddbJ7K109VfyXre1iBtwVl25YgDkDO0kYHzDccdOSe+BUgBGef7v+7gZGBnJUcDOSQMkg8GlDIxLMM4ySThc7c8rjAI44xx3p4ZT1GRtGMDByAAOFC8cH+eDk1XvLR2+7/C3u5LpfTo7PQttNJf4e+nLy6b3d7d3ols9VGpGSp255JyDlSM9c898joTzkkDFKxxjHGAOgzg9Rz264xk8noBuBUryTgnA3ZyTkf7O3d16/XgdsKwXGNu1uCVyScMOc/X16D5eeKqLWiV9VFv4fLdaN2vq3ez87EJrW11ay23X3v532v0EBOH+bBAB4Un06biBwAf72Qc47F2w5O7rkAEDI24GQcE9xnJ6huTgEh8eMFcbsgDgMOMc8HjjI98AjFWdqBV56nPy4JOTgnqScYzjOcHgYxmZc3Nrt5rWWkX2jono9+mz2r9f+B56evX8qqnALMpBGcZA6dF3EYHb5euRknGCKacjBI+7jAXqWJxgkHk4PY4xweTmrDRh+A3YgEjg4+nUE8YJOMe1DKoGBkBsnggj5RzgAn7w74OcZwRSTSs09drWurre11bTz10l2sRytrR7O2jtZab9Xprfu7alVC6txnI3fKAWxwOvByTk89PXGM1Ip3KQQM4Ug8jAwSwxngDJGT04wR2lSPacDBAzgjBALDvnr046dO/C0u1CVHHAI3HOST0xkduPu578qTzSkpWsk38Teuqdradumz3dxu7sla7t3W1u6e/a5Dndk5BCttO75SeuOvOAflAGOv0poIB2nLjqQcAE42qPuqMnJHGOwHTFWBGDk55DjqoJOMDpxxwc5J4ORxwDyixUInBxuyccgls4PY5znBHqRgYS926bXNptfyfVLs3126O95cG2rq7drLWzty/0rLrchAGSdhxw2Adzbh1OBgbug9hxtwpy9ME7ucEbsDdyCACCAMDGck8eobPJkVRGcDAGNxwSOoBySTjkdc53A8kZ4kRUyVKnglPmGM5AI6DkcnjC9SD1puUXb02e60jfRW2ut/wW1ONmuj1/RPTpp07PpuNGCFVs/MvJIAyc8DJPIOMA+pIOepsxscICG+YsM9FOM4BOe4IwASCemcYpfKXIAUZCsDznBHTGMYwRjjkHptyMTBVC7tuDlQNp64P93kZ6heAB/OJTs72s3bZWWiSb0Vl0+b0KUXrZRbVk769nrZPXRee3WxVJYrwGxhlxkFshugOcDPJGDyMbjjpGgyE2hhggLnAJ24yy46L6+w6DIJtgLkEqQckg+g24OM8Zxg+/bFIU3smOQOpyCOeceuPUDB4GfUpzSvvZa6p9baJd29OnTRmkYO97rztZWSa3066203XyKpYtuAA4B28KCckYIPBOOgJOccnNKAxbJGGAJX7vfGeDznJOcjsOMYqz5YYnCkFejA4OODg4PUDgLjPpk8FNq5AAIDMxHAAPUEAkdDj8+1T7RWuld9U9H0TfVK2mja9b6OnTu73a300urNPdevVJp6vsGWG3Yp+VM7sDDDpgdyeMnP0/hJYA+UDByRjpnaWx0HA3cHnOfTmn4wR1KjAyCAQOcdc+xGMhehPNNI5A/gDE5Bxk5+7n2OMdQMAcioVWSWtu90+ml/m07K3lutSeV33cvhsvNW1fd9dvSz3ZmTcFwAAWwFyDgDIAJyQo6lic9eQOkoZmCqQchcsM8YHQ8YAAHK9QOaUAnAyAwJAGRjnsBycE54IB5HJHFOVQVJOVUgAHIOSuAeo6k5I56ZB6ZqZVU0r9PNO2uq00d9dEm99ilDlvF2eze29lvb8VuvO2qYXIYFgSpOCR1JyB3HsOMEHt2aFH8JJLDgH1yMk54yR/CNoHUL3EyKocMyZXcMDdnaAMYOO/Y4Bx1xkipvLUAfLuPJPOTzzjqMYGO/A44IwJ51dapaJeUr8vm9GmlqkumxcYX5Evs7rvorJXd9E7ddXbfVUBFn5SwIXBIC8jk8DHOD3HT8qkCYzjaQTgHbk4HbJ+YA9QR2wO1WdgUkhckk9MHjA6nHYdSOPU0u0KqncAT1B4IJ7Y5Bwf55PTFHO1vq7K1m30T15l56b36pbGihFRTs3Z6vrrbvdbvRW+TehAqnhgMAjJI9R0GBjbz/8AW+U8mGPOCGwQOec9+h9lPb8OasqMfMcEsBt2kDAHc4IBOPyB4GSKMKSTgDBzlj1IwOox9McHIPtUubW6V7dn5c1tuumy22HGMnbRJJ2b26K+3dvS103vayvXAIL55yADu454yo/HPv1A5Aw5VwAMcHIAC5OAOpz37nJ6Y+bgVMeBnbyA3U+oz0GeM9+/P0pUXgY3DAwxwON3B4PbnHHBPXFLma027/K2100mreS3drmqg1a71VtUt9Nf16EBXCgYACjhvpyMn1B4+mB0ApChIO0AgMoPyjdzgnJ6fX8u4q2sJYlgoYHkEkDAHJwSQCSfYkHPHOaRoyM4IOcEYJB4PTOAfUnJzjPHas+dq1pLRffotXHq733tZbaIpUW3FW9bWStaPmtFe72e63IigBZcc5G7GDnPHDZ644brjpUbqFJxnLHAAbgDH3iQOn94c5IAX0Nhyo4yQQM7Sepzxj+ZxkH8ahYgjOQDgnIOP72R2wDg98g8etJTemnqvN2166baW1v16aqHJfZXtbRt35Ypbp72fnb8ItuckA7jzknIJ5BG0e2MgeuQQp4uRMzD5vmyucYzgg45PQkkg+mfxqkWIz8pBPBCkZZfvEAcEAdSR1wRxirMTtkhRg4G3dyQM9QBk5I+uCMYBFEk2m9Ha1tOml3f0va3lqyoNylrJvWN204/y31suiVl56WTNW3XKgkHB4wOmRuzz6+uOvPQ1oAE4OSOQB/EdowCC3QD73PUYGKz4iVQKc/3gDnbhs7T/eOQQcDnqOSMG/G2Tt+9zgFT3zn5iMD6gdjzwCT5tbnu2vNNpa7WbbV7W5Xe197Lpb36CkuW9kly3f8ANpHrpeztbfo2mi1ApDMSTjHATHzEHHy9eFGcEjkEnp10PmGCNygEccZOADnByP8AJ7ZJpwuxJQ5Awcfd659xlSO2Plx164NkOTwXJPcnODwMgEdd2Bu9s85yK8urzXd9PTW97NLWzvotk9+x69CTtbVarS8dE0rJ67u177PvuldVi5UjKg9SOuOmB06/gM8j7oNaSINzAMcADnO0dOeu7jjB+XtwOqjOibaMlQSOQDkdSDxkkcex7DJ5GdSIFkyAuT8xJ4/HOcYU5z1IGCCSTXm1pSspdNE+yem11Z7PfTZ9z2cPTc7Xtq1aN7O65beWqT679tB4jK/OAWHGOMEE8/gQu7oCSBjmrUUR5YqeScAn5iDg7uMe/wCfHTAUANgJISgbBOMHIXIwRgnPAOOuQQMcGdTGAcH5VGCSc4AzkDvyQBkZ6cEVzubau0r3SaSaSSt1vF8z6rqne9rN+nToqCV1re6UrWtaN9nqlr1tZX0d050UkEMMnO4A4wM9QWP0J68Entya8kh2vgEjPVeSSv8AIkckYxgdfVr3ALYBO3BY9FXIxgE+nJ4HPYY6iqZiAQxY5J4HBJO0AnHfGckHk57ZpRp82vKne2iT1V1dJ7Ju6u3e+ib7zVrqOiav5W8tNOmyeuq7k/mkknGFxxjgkY9+oJ6Hpwc5qtJcckF242nBHJUfTGAewHPHHvVlu0Y8nCAegByMjB4DHnt1GD9ay5rwLuIABHyk5ztyc/iSMduPVcLXVTw7bj35UnZaLVdUmmefWxvuWT00fR9tLOzbtbR32Xe70Zb1QwLZ+6TjPvjgg8/Q8/lVJ7zcOW6YBznLE5I+7yeCe/Hc84rHuL1cHBHy7A2SM8HkAkjLDB5Ayc9ODijLfKdzBtp6gf7IwD1yRkkgdumMHr3UcG5Ne69bJvfXRveyb66flc8qtjpLRySsrrXbbZbrtv19Tee9wABjcDwcg5UdzzjBA4B5PTrnGVNqLHJHyt3/AIiT145xk55Oce9Y0l5gYRsghTkHBJ7ktzjBBGMkZzycEnOe6yGyRneQFyT90ZIPYHIzjOdoAyAK9Kjl8FZyTWqTXL1dub19fJNX6eTXzVRunUtdX3S35Vppr82uu6VjVnvyR944HbIxnnHPIAycnrk8HGfmom7IJUHBPbqSeSSTzzjBHHPHHOTlyXIKsMnJYFV9FB4HtgjksQOemOtYTYccbQckqAeRgjB4yCcZz3PTnlvSp4OMUoqP4W6JLXe6sku/dX08GtmknJtSaW3VX1XW2tr6W31Nh7o9mAOcZyCDgjOAQCTx1JHHGcDBpvcFt2SwAYDBU8jb36cYOR2OcVSMu4bcZGfxwQGGNueAec54OW5AJpplIzkDHzZI446bee+cDg4GOfWu2nhbW0Te+3olaN9W9W9FbtZWPNq4ucn8Xl5dPvSta7stvK0kkgIxnjJPAIOOgA57cY+uOKqvIBznGBuyByxLDtk9Rnnpg+2CyWbggc5BwCRuzjI3E9uuTg89TjNQFtxOVXKjqcnGBwMg4BHDHk8HPeumFOMNlvvZJb22VuytvrZPWxwznJ219Ol/hV9+9l0S2etyTzH4L5wGJAUEDBAzjsxyAR09zkE01mLBsDGBggnqfQnBwRj0A69c0oXaATxkAqF6blxzjlt3BznGOWo+UDdgYbDEA9eMDJJ7dtuTnPGMVqmrrulvrfpqlZ6JLra6Wpzyba91btW1XSzturXaa02/EaTlQME8EFvQL69O/wCOQD9GYAJJ5GC3HTkjnPfONuDgkH2GJAFGQASOcDHHOeD82SRxjGRjBY87aTCqg5GShGFzyMjHqSRwM9B0PA5cdnrbrbXsmm2tk+qbt22M03fXqrvq/l3sr83yvuIM8sfqOVwuQPugfr36lemKergcDqe+M4yeMZ4K9MkcnjJxnMeMFScsRncTkFicYxxjpxnI7HvzKo64GTjBGePm4zkc4zgY9SOpxUN/O3XXXa+nystL2Hd2V7drK2qXfs3dtbq6fdMkV8YycbjwRyoAz1ZexOeR2B+92lGB948kY+cZG5cnPbnBxjpxg9CKVFADK2VIwoPHPOSB/FgZ5wMDOMAA4Uj5uS3O05BGePvA4HPIG44weOSMUtPua2vpt0/PW3olqJ6rXtd6X7p7WT2v8/QlGCvUjoBz/e+98pGc8gkHnt0qY8gnbwAScEDPGSq4wQAOhJz3zmq6t83PAxu65Y88cdOc8tnGGxzwBOsgO0lD8oLEjAyR7dhnHVe5Hrk5W+Xze7Tva68kt7a2tZ6O+jF3t5+WluzXTS977Ja2YrNwSuQEHJOOV5UgZLBSBySAQeO+MVgGwG3ZJBLYGSQAR3PGOMZGGy2MipmbjfyFHOOpGcgZCjBGc8DAz6YqIhiQwPyjOQM9MDPO7g9gMkkZPHSlskv8Ol+uiv07dkFtP6120+V/z1Z23g1pGGvNHnf/AGW6hiDnBRiWXkc4GAfXI57/AMNX/BQuM3n7UfxFee6eNV8bzoxJOdrbF3cEhAMYzkMTwDur+53wYgC69KDkppc5O4bsfuT97HG79MjPJyK/hl/4KE3qW/7THxMS2gFzOfGrSzGRSyyZJ8sIeq5LHPJGPbIry8vlH+3cdezboUHJ331jbZPz/m9DfOoSjkOB5mn+/qaN2Tck7vS616efla3l1pr2opY2GjeG7ZXWJzbrqlwnlWsJdSWlUDmaVdxAJLdCAcE19/f8EvviFB4E+NHxKtEjfxP4s1jStL07SIUVrh7/AFCS6YSNNOC5hsrcEMyq6qBuDgqCR+dmnrqtwdDS6mFlDJFPPJbW0agIiKcKwGBkgEbuCQT3r9T/APgjJ4IsNX+NXxz8TSRxzXOk6Baw2Fw8aN9ieedklkjOPlcpt3MOcgjkEge5xypLhvEpxSUvZcsdrcsoNOMY7yb69uqaR8V4e2nxhScNfZxqqTTcm7xXM5SaVnfomkf0O/BLwTJohv8AV9baPUfGOo+IWGu60QMxx3MYlh0u3ZiTHaWhkEaICFLDkcVs+PfiI/hC98N2nh+0/tnxNeDXINO0yA7prh3MiCdwvMcMLfNI+QmA/O7ANfW/EcXg7w7qEForXmqXGuaY2l6dAS17rF6yRr5cQGXMXIM8mdqRksTjgcZpsVh8KtL/AOFm/EO8TUvHeqXOpC005GWeW1trvebbQdHhOSJnkYJPLGvD7ixwCK/nHEVpQfKk91dvpdxXuvXa2t3qnZNH9WYWjs6msY2vstnFLVdErXereyumrU1m0L4M+F7/AOIvxDuv7b8eTXBhs7dW826ku9Y4g0PRrf52XZJIsc0kaHaF3v1OPINS8I3Xizxna+OvjVqdpaWOg6KNQuNNvJYxoPhbTbk+fa2uyRjHdau8TKHZlZ1lO2PDAY3bbRYp3Hxd+NWrRacS9xqFlol43m6d4W0wFm063t4GbFzrly/lKNoaTzG2KSeA3wL4I1r4/eLf+Et+JVldaH8N9AkgufD3w9uHeO68StFcA2Gv+J1yHMEqBJbawf5djKXU5wfP151dc0uVNJaJa7yulpZJWdmu13p6UnDlttsvK+j1Xa1tPK76t8Dqej+M/wBpXUNK0awttW+HvwDXWYrKS7ZXsvE3j63sFykdmjbJ7DQ540x5oCNOjbkkKHDfYWneF9B8G6XY+GvCukWujaHpelXcFpY2cSogKsQ00jY3S3EhBaWWXdIzHJOSa7HUzE/i/SrO3iigtbG8W3traGNI4LaFLNlihhiQBI1TaEVQoUAYAz0p+JtV0Twtp0+u+JdRh0vToLPUBJPO4UyM0zMlvCp+ea4lJCpGmWZiAOorojZWnVcUlFq7S0+Ha+ytq7PV2u7WOVU5Obb1i9bt3Vm4W0duqbXW9rapo5i2W3g1dbu9njtbOx0FLi4uriQQQxRJIN8kkjFVCqOSSeT6dawPBEXjH4xXfjKPwO0/hzwK81xpuoeOSu291dVgeNrLQreXJEbkfNeFShGSr5wTW8D+BNd+Pmo2/ifxGlz4c+GtrB5Om+FP3kGpeKEiw0Gp62ykPDp5dUaOzyDIpUSqcnHpOkfFC50ax1v4VfBXR7TxZ40tr97W/v4VWPwZ4DTzBGkuqXcW2K5uoYz5o0+2JuAy/ODg15eOxznH2FKTjHaUlq7JK0Y9Hs73W2qT1v62Fwyio1ZJRjZKMbK8m7Nu17Wvstd9tLG1eXPwt/Zi+GtsJbRT4h1TSXsLbR9PQXvirxdqMuYyqoBJd3HmylBLPJmCBScgIrCvAH+F+u+M9JXx5+0NcDTvCWkRpqnh74L2l35Ph+w0+SXzrbUvGF3G6rf3vzJJJbM/2ZDkPHxXS69oPhr4M+GPFPjb4geJp/iL8VtVUra6tep9q1J5pLlDJpPg/SBvGn2ULHy0nhijl2D97ITk1U1jwP47+Mel6ZqnxQnuPC/gzVLTT7e08DafcN9v1eLdG1rPr93G2BFLEMvaxkEjakg648uiqjaW/R3bSTTS1ezutklZXS1abfotKyUtbtP2ad1fTWUtW9NbbLbyK/iP4oeJ/ibJe+BvgN4etE0eDw5BaX/jy5t2tfDHheGEogXRokWOPVLmJNwgW2YxI4BcEU7SPg14e+H6al4iuJ7nxb45uvCIOoeNde2XmrGRyqSppxkBj0+2+YhI7XyvlA3A9a+wpPDukeGtC0/w/oWn2ek6XbaFLZx2dlClvCoghwrbECh5DgFpGBZ25ZupPj/iVc+HdQkZizN4WgUkDB/1ygkD1OSOwXg7sc16+EjH2ivFO71vqubmjZ3fm72vZeaRw1YppuTvK943drK6aSWlla911a+R886TbSSfFbwLHtZvIh0/tz/qpOWPJBJwxAOMAfSvuGSzZb6OMgA+esgyMZxE5HXCjuMj3JHzZPyFozWll8W/BzareWmk2SWNpd3eoajMlraW1rBEwkklmk2ogyRyTggbVOBivpDUvGR8e6z/AMIx8KLaTVYjJImrfES7jki8P6RFDG4lXTTgHVJ5FOIZLcvEpJJIBFelmH7v6vGMlZ0U0k1ZPma6/K79dLni4WMZTrya1jU373S2trbZPTTpu7fxX/tM+GPGfi/9pf8AaB0vwn4d1DX7mX4j+IQ0GnQNJHGA6IZJ5sGOFByS7svGDgYOfF779jLxRoWiaF4k+IXjDSNGude1AWWn+D9IuF1PXl3yDLXHkMwijUAAhlJOCScYx9efG/41+Jfg38dPjx4Z0q8MtjcePvEMWo3i2wg1K/uXcFnkuQomSJm+6isAQehI2j5M8OfEzXvFnj/w/q2tW91Hb2+o4W4m3RW0UILbUMkgEaN0YyMQW7knkfoSrZrUwWFcfZYfD0aFLk5U6laqo04O95NRppvZWkttbaH4zjKWXRzDFO1StiKuJqKTk3GnBupdvRJtJJrdXbvfSz7H4++C7L4e/CmLQdOuAIImgYSOX+2XBljCyCfdhVKknAAGCpAA5x90/sg6jZW/7BejWG+RVbxXqzXMoJCsojBILHg7jkHB49Bnj4Y/a/8AiRoev+CtJ0bT9W0e81hZt09paOkk0VvDu2vPMmd7Edec+2ev15+y8zWH7C/hVtWXy9P1HxXq3lFHCiUqi5QvgD5iSCCTnB2jFe1TnUqYXLJV7upKvTcue7mmm2k9baxWnk9rWObDKEMTmPIkoKjNQkvhcUoJap7ttJNbu2h9k/sNT2cWr+J5GulEaQpPukkAEUbXBAIDMQDjGGGOACPf8gf+C6N3BL+08tvDNvtrX4a6BHHI20rukuZJCAQBj6A5OcnuB+u37FNlFPc+IV/suOdpRbW2wFt4tTc7iJB7qwLDOccAc1+Pv/Bc+Cyh/ae8S2Vvb+Stn4S0GGBE3Ew+XGjmPBzuGWCkYC/e6EnHy+eQvxO5RTs8LKSWtm+SF9W9Va+jej6bn2+QL/jFFZpS+s+9dq0VzJ2V3trfS+qs9D8UfAVtayC4eUqS8zKJMpwEIY7QAAvY5U89ScZB9Pa2h2oq4ZFRggGzcevykjIxyB1POCeMGvMfAFg0diZpSwEshCjDZxuCsV+91AycfMM8Dg19MeAtIs/tN74j8Q2yp4U8L28ep35lIAvp4jm102MgDe9xKqrsByATwBg19XhK9PA5OsTX9yNODnJX1lLmTjFJrWUnolf7Vtb6fF43B1sbnKoUVf2soK+rUYLlk5abJLdvoj1H4e6pH+z74OuPHV3aRzfFXxxZT6V8PrF0zL4Y0ycNFdeIbiEAlZZo2ZLNXAYMFkU4Nfot+xZ8BfDnwa8F69+1L8dr1YtSuLC51uzu9Z+We1hl3TNd7Z/mkv8AUHJS3BG7a67RnBr4J/Zt+HfiL9qT4y3fjrXyLHwP4ZubbVNYmmXbYado+msGs9IjJxEqJDCpuVGOCWPIxUn/AAUD/bI/4W/rUXwj+Hl29n8LfAzrp8j2b+VB4i1CyAt/McJtElpbiMJEpypIDAZr+fOJamNz7M5YChVcViJ+1zPExbvQwqa9nhINbOUd1pq3JrVo/o/hing+HcnhmmJpRaw8FSyjDTSXtsU4x9ri5xVuZJq6k07aRTdkeLftj/tX+KP2m/iBcXpnmsfAWhzzweD/AA+rssCW6u6jUbmJcLJd3CgSFmUlVbBwPu/FFzcRpG5DEOpyG3ZPXknJ7Nz6nn60lxeFCzBvuINy4HyjjHUZ5B5A45B6dOdkle5ZsMVVvmYkDc/Oe54x04HBzk9cfSYHA0MDhqeFw1ONOnSioRSW9lFuT0d3K122r31aelvi8yzDE5ji6uMxdaVavVnKTcnok7OMYxfwxSXLFbJWTSsXmlaRk8klju2kjPzE5BwAMHAOABtJIxxgkfTnwO+Bnib4oa1b6Xp9ldSW7bZ72ZUYRrEG5UyYUD5RnGQfUcc8T8HvhJr/AMQtasNPsLN2MssbSzbSIbK1zl57hwAqYX5gCQccnrk/cnxI+OmkfAnw0nwl+DDxXPjGS3Nj4m8U2kayG1Mi7JYLKRTh7jqpIb5R6lc08TXnFeyoJSxEtk23GCSV5SfTTZat/N2MJhoS/f4luGHjaTWnNOSt7sb9Lbu3fXoeleJ/id4D/ZC8MP4Y8CwWGu/GLV7Q2j3qCKePwzDIvlhnKAqLz5mYKuHB2tntXyp4a8IeINcvLz4g/EeS81jVNZM9zAl4Wd5Zbje4nmEhO0AtmOMABQBgAc19Bfs1/skX/jPTtS+K/wAR7z7VqaWjanZaXqM7PNcO7bxd3hkbezFjlY+WBwf7pH0p8TfhjpXhvwbaXWwR3ksCOJI5P3Ma3C5SOMZ7gDK4BHIxmuLAwoyxLhV5quJnpOTS1lZSSTaslF6JJpd073LzLFV3h1UpxVDCws6cYySil7q5pW3b1vqrJ3tqf14fsMaXJpn7C3wDjbbEV8KR3MFsiiNFWcxuCEXHzk/e45bO7Oc19H6eXLM0jKdzBgoIGAAcrjnkfdII4GSB3rzj9krSPsf7Gv7PewKyweANNlY/d3g26nJyTyck478ZPWvRbd2kYkIY1AJLDnqTw2OMjocdvavzjMac4Y7EcyterVsrJtx5klZu/R7rW6Wrdz77LakZ4HCtSuvZU9btK/JCXTvotVpqe9fD5kn1HTVChQ93b5PBPyyIMHGeCCeM85IyetfyKf8ABZe+N5+3F8YIo5yos7XQIWUkgbRaOrKQcbvz7nGBX9b/AMNyBqlk+7CpPakZJHIkQFsHk5BI9M5POcn+QD/grbaXeoft4/GyG1Tznu7rQoUDnapLWsgz0PpgnHBzjGRX6B4ZcjzlTlZ8kW7aW5U42km+6Tab7a9Ufnfio6sslnRpczdSUIafE3JxvZJbab9L/d+enhiCVdCiihwBd2k5cpxuZSSu7+INyxz94YwenH0R8PPAOseIrSxtbcvFYxWskup6ncERWWnQqAXlupnKIERVJy74GM+oq54Y8A+Gfh/4DsvF3xO1y28IeHILGdry4u9hvtUJyy22iWrDzLmWTAQSICAzde4+WfF/xv8Ain+0zNcfDL4HaTf+B/hFo0TR6zqdrDJHf6jZwkobrWb2FVdPtK/MsAcAFsN0xX6rxFxZyupg8vfNOLcJV2/3VJXXMk9eZp7JX033sfk3CXAV3TzDOoyhTk06OF1VWslytSkrpxi93d6pvS9yT4//ALQfw9+FGojwt8DrW08bfFacLY6l4+lhjurPRJAWSSDSVw0cs6ZbEyZUcYGRz8o+GfBWoa9rV340+JOoXHiXxFdsJ5E1CdpVSVjvYMsjHAXIwgGwLgbSOK19Z+DkPgDxtb6eFujcWOn2t+WuYWDSGUEyTozA+YsjDcHGSx4Ir1m30czRwTqwMcsuyV2AXczgDaSQDnt15Ix35+VyyKxUXicTUlWq3bc6j0W2qXwpPey0V1bXb73N688FTp4TBU44eioKPsqKVtlFXsnJt213e3TQv+dBHaRrbxoggjxbxxBFjVQBtAVccjOPu43Y5JxjW0LQNc8U3tnaaZp8+oXUs6LHa20bMR2JlKqdqjtu5xknpk/QHwy/Z61PxfZvrOs3dj4T8I6fAz6p4l1ieO1tVhUFiloZWUzO0e7aUyS3HJwDH4h+PmlaHqp+E/7I/hebxN4jtoDBrPj57Bp5WdR5UjWGUdYRIxO2eQ7AoBAXmozXiyhgIToYVxq4iEOVuMrUKNklzVqmqirbpXlfdaEZRwJjM5q0sRmEJYfCzlFqLjJ1617O1ONk9krNpJLXfV6uhfCb4I/BTQr74k/HzW7eKW61BWs/h5ZzR3Gq6ncRfOge2jLyorthS7DaMtyMsK2tB0r47/thX0Wj6Dp1x8Ev2dYQU07S9JV7TVfENlGQEErR7JWlmjBLMNqcnd1+buPgJ+wiY9dh+K/7TniE+JPEUo/ta18Pahdvcafpksx85XvzIxiDR7s7IwIkAxj07T9oH/goR8If2c7efwn8KbfT/GfjeGOSCKPTiqaDobqpiVZXizE3lHHywANkYxwa/Fsyz/Nc5xUqOXSq5him7Sr2thcLdr+FB2hdN2VSorpK8b9P6AyjhnJuHsHSr5jCjgMNCCape7LFYlQUWvazfva7citfXorHvfhL4Z/s9/sc+EbvV9Xu9I8IaRFar5+p6o0UniDVrooDO6Esbm5lmYtviiyMkGvyg/a3/wCCjmqfEXUY/DnwRtrrwd4V0pJ7F/FMjEa3rccgMTm26G0glTO0ArIAQAQRhfz9+MP7QHxG+O3ia68RfEbxFd6xLNcNJaacJWTSNMjZyY4bWzUrDtjGF3lQzc7idwFeNX82IVlMmY/MBJDYAweCvcrycjGD05wQfTyTgijDELH5xP69jpWn+89+lTleLtFSvzSTtZy93slqeRn/AIh1a1D+zsjgsvwFNezTpe7WqpWV5SSvFO3Rpu2r1N3U9Uu9QuHvL2We8ubmR5Li8vJnnup3ZtzvJLIxc7jyck4zkCucuZ4gZGZtkZHUYOdoHDEc898cnJJ4NUptUebKITMSAE2dj0ySBxgenOAOcdem8MeC9W8S3NuixOwdx8oR/LzkBQNo+dmyAq8guQD1FfpdKFHCU7tQp04xTfKopRilFWST6aWVtLq2h+XynWxFXeVSpOV3J80pNuzte7cnrr36WOPAudRdYreGQqxCoiKzSSZG3A2jKrkqWPHAw3OMex/Cz9nT4hfE/wASaRpHh3w1qOptdatpunNNbwSCzt7jUbhLa1ju7sgxRBpZF3hnUkY74Fft5+wX/wAEgvHXxxfTfFfi2xuvBPgBjBNc+IdWtXg1DU4eHa20iylQSKJE3Kk5QRkHKnnJ/oH+If7N3wZ/Zg+F/wALPAfwy8OafpEWo/E3wx/bms38MSXt2lhdwXMt5qF+w3wiTYzEO6ou7cBhQa+GzjjWlhqyweXx9viJS5XJP3INpavlTcpJq3Kn3baa1+uyvhSVeH1jHz9jStF+y+24vlbctbxSu1pbe63R8afsT/8ABD/4e/DZNI8c/tKS2vinWrYR3cPg+3Kw6FZTKqyIt9I2HupomUB1UmOQgjGc1+0Pij4jfB/4B+CVn1O88N+A/A+j2xWytIEt9Pgf7ODHHFZ2EQjku7jAAJCsxfc2Sc1+Y37cv/BVr4XfCbXLzwp8P7qDxv4k0ZJrdjZzonh3Rr9V2b7idM/b5EdcjYZBkHA28D8bPCPgr9ub/gpz43uNS0uHV9J8DXF2ovfHniZZ7HwvpVi0n7waJZOI4rxhGcq0KGYttJYHmvjnhs0zmq8RmmJnTo35oqTtHVR+CGijddWrq1veufX0v7NyukqeDoQ9okrqCXNfTWUr6Nq13J90o3TPt79rj/gsrqtwb/wX+zzYPp0l1JJp1p4jnhN94i1Vpi0anRdIjV2hdyQImlQ/MQwOSM/O/wCzX/wTX/ak/bY8Vaf8Q/2i9e8R/Dj4danci/up9akkm8e+JrR38xoLSG4Jk0m3uFJUB0RNjcZyM/s9+yV/wS+/Z5/Zbt7LxDeabB8WPiwscRvPHHiq3S+t7S4C5ePSbG4EsMUSSDMUrx+YgUDqBn9Q/DNuPt9o5AcphUIXaiqvSKJBtVFToqqAF4A9+5U8PgKUvqVPbR15q8ndLa+q0ateyvqr7rhni5YmfJVdot29lFvlV7NNvRydtLuV12sfh5/wSX+Evw++C/jf9sjwd4W02xt4vA3xStdD0fWtTihl1q2061gmWQC/lBlie4K+ZMkTqrsQSMnFfo7408eQapqd5p+lXExhUFrnUCxO5gpBVcsBwem3HJH4fkJ8CPGOqeGfjx+2jYaZeGJdc+M11Hc2ylkaQfvkDBlyM8kZHQZ6HGft+DxELTRII44jJqU4eBos7wryZC7yQ29yxCgc4LDbjOa1lgqlavSxlR80KlOm4xbbV+WN29H5vyv3TPOniqUKc8NSspQlKM2vieqaSatZ/ndn0R8A9Cl1T4h3HiOaJpbHw7aSzpesGKy3chwm5yMM/XAOSAMn3+jdVv3vb+e4mwWdtytuw2Dyv3jn5h369cgdTQ+EWhnwl8MdJS8t/s+oa1nUNSDKVkCyjdEjE7fugggZzg49ajupBNeOyDYu9gpOBwCeCSemOCPwI4Arvw8GqjlJx92KjBJOyuove+ulm7JvvpzN+Bi5p8kIP+Xme7b01dt1dPa+itbTTQgbJgUHdhLnHORgwTAcjPc+pHfp1/gO+NLqP2wP2lQF5HxE8QLgA43CcEckkcE/KRgnqeox/frYRF5rf5gpYThlHAAMEnHOD0zwOD6V/Ap8cLby/wBsn9piIYGPiV4hUEg7v9cpHHXrnB+hxkCv1XwpnycU0WmnpHS99G4pXfVvR7Lpa5+f+J/MuDca1HmtRtfTRqNKz169/n8qFmyRIG+ZSCd525LbiBsHBywK8kheOeMHEomGGwzcyFkAwACTt/i4bJIyTjaTjb6vs4kWDBTJLkIdx2jAOT83JPYd/TgbahkhBDIEKsXBIAZsew64OcnHTJGP4c/2RTlFt30sk0tb68ttVe+r+b28v4VqVpyiko21tey291paO3Xy22ZK8hVJFLsS2G3KAV56nOPxByB0JwTiqiSBniKkqAOGfBJI6sPUsOOeRn/eq81uvlOQjuGCkluCTyPm+b5TxgjkHoCwAqnFBuYHy8MCyqBgsAoByP4QvqcqACx+ndQlBJu/M46NXk3fmur9F5p20unY46lDETlHRcrs1fV7R8knbXbRX9DPvZ96yMOGWN1UPz8wOCwG4DGM9CQMgcY4+e7Bmm/aC0ldxG3SXbOdi55wRnOOMc7QeBgfMRX0Rf2xk3hUxiPJbeMkbgpK+2D82OMjA7E/P9hZyx/tDaSSAY00wscnAwQARwSRnKcH2+bkY+a4kUGsuSejzDD+72Tb16r8V37n2fBNOr7TO24v/kVYpXte7aTsnpddnr1Psy9XdKsUh2Kyx4DHKghvmwMcg89OvI/u57S18G31lozazdJ+5aQCBiQoIdVIBQgYByNrNgHnGOWbz69vooWkMyqSqjyWVvMCZkON20k8KDkj7oyQuOR28/xIutZ8NDS7xFWOyCRxmHKM6quAzltpOMe+eCOteji8TSpxov2sFG8U7z5WlaLla93/AJRum1ex5GT5dUr4jE3w1epPX2ajTm73avZ27rb59zGK26s4DsHEmdnYHOCM5x15IBOBnI6VOtyISQWGwnI2AELjPynAOBgc+pHPPXkL3xd4asZVe/1Gxs3IyXnuYgFXaVyylgWYHOQCewzxx59qfx4+G+iNPDNrdteE5PlWSPMXbJB+dc4HGflJ+U5B7nyMRxFlWDTc8ZTk19mE+d3Vla15b79720b1X0OG4Jz7HVL08BUpQ6yqQcE17qu3JLZa21T10PYr5mfY5ZVYI2xSAVKs3fgbc56Z+uRjFUJLAySTRMzN+9jZORGduFH3jyegOSAeSc4x803n7T0Vwj23hvwdq+rzhyIX+xs8RC8AouzeVIAIyPl5HJ3Gsqbx3+0N4tIOh+EW0GCSHAeZFgKjdw7G4QYPsMZA4xxXnPjenLlhg8HisTO9ounSlbXlv7zja172V+p7VPwxkrSx+Y4TCJWclOpFOHX4U9VdWelnf5L6xC/aFd5BsI64cKignJUkkDJJ5z3yQMDFaEmt+FtEtHn1bxBpltEsZDqLqHzUQADaU3h+TjJHOCGJ54+RLT4Q/GzxCPM8S+Ol0eCYhpIIJHaX5hkjdCwGOe/0I546DTf2a/D8ayP4g8T63r0yDLxmWRI3IJLLl23bSSTyc44Kg80pZnxHjYNUcteGUteavUULLT3nFa91bR7L03w/DHB2VVFLFZvTxk4qzhh4812rXV9r30un0stNs74t/FDwSfGng7xPp+uwXsXhuG5aS2VC292Y+UAAW8w85JXI4ztB5rn9W/awnuQseh+GGvpHLOl0sMsRG7GByp4HAY45PI6gDzD45+DvDng7x94M0vQ9L+yWM+nPNdQzSNN5sqsFLsWJPIyBnkMDk85ptqqIY/KgiSMEhBbxBZMD5cnA6Be/GQODjIPwssVmkMdjqbxjoTjW5a3srvmlyQT1aWi2vurXS6H6hWpZHHLsrlDL44mk8PF4b2vK+WnzJ6qzs7tv3b72W9hdf+JvxL8SkGLR7awQsXzORnLdC5ccleSNowATlWrzy6g8calcD+0ddiskGQUiAAwc8fKOeOncZ6kYr0jVJriO2j3qwgZ2Pyn5wCCein7o53EnAJwMZryvV9ZZ5/ItVlLNKSwUB9uOozyc54Ppz2AJ4a0qs2lOtWxEpbuUmpNpLvq2/Ju99b9OvB4hRivZYelQpRafKopJLRLyfS+6aYk3h21Znl1PXL2+2OBsWVwhIU5ADE5yOBgDvxnpWvYvCljBmLS0klRThp33s7DGTjPUZHBBzgEcdcS6/te5YMsUyjJWPAwCTk5KjByPqAV6gGrn/CMXLxpJczN5kqBuAWGecggdGB6YHcDBGMZRwuIrQ92hJ8trt3bbbj31s/Vrz76YjMaNON54mCUlH3Yy0WytprfZd33TZnx6uAJPs8FrCmBgRwpuXqCWwpO4A9fmz6dcZs97d3kjBpHcD92M5UBQc8ADjOSDk/eGeBXVWvhxoldHBUyFQCsbEtjA3YI45KsAck4ByTxWzB4Wt4t0kqlmwrKh79Adw4HGOQO5wfmUCumllOMqJLltaK05Uuze9073T2u+myv5VXO8FShzSqqWqbtJO60T3Xe+tt113OI02zlSd52JWJBlcoP3mAPlBO7GOgJIJIPqM4fjFJpbFZgG3eeCFJ5VemcDgE8g56c4I7+3W+gXNyyRRWp8sAKp4CrnIyflxx26nuCO3PeOfCz22nWrmCbd9o8tm2MEaRiDncQAQuD9MYGelPGZNWhhZzcY+6leXu63cevTb8yspz/C18fRoxnfmfKoptuWzSStv2W2lkeS6XBdJaRFYyRImGJDMCAevAGPfGenPUVrQafeSeayQsS0eScfKMZ6A4znBIx3J7DNe3+FPhvqV3p0DzwRxo8KvE8zKECueBgAZcjp1O0ksD0r0TS/hLLMsr/a7VYkIOct8x6MqBcEkYzwDkkZBxWmHyhqjTnUcYR5U37yT+GLVtPV6W6XT1a0x+eQ+tVKeHoVqsk2m1BtxlFpbpNPV/Ze33nxz/wjF7POxkDjDFiQjEgn+HbjAwACT09c5IHRab4LkNwryxhtxTaGIVhyMuwwoycZxkdRt6AD7Ms/hLpsUn72e7nMpDMtvaSFY9oLFWdwBuxzycddwPJG4Ph54btHWZ7b92qp5sl9eQWmCG2khJCCMjkjjHzHHro8FldFqpXxVOLVm053dko7K7u9NF+WpwLFZ/jYOnhcHUg3b3nFxS2V2mrp28tur2fzDaeGoobO4VYGllG1CGXAOTwFZeDgncAO4zzWnYeBdYv2W3tdOkYlQqMtu/3nXBbccB8JwCRwRX07qmp/DLRVC3eq+H7SQIshgtmOoSFYkG3H2cMDJkfMWIwScA98VPjN4SjC2umaP4n8QzRnEH9jWaWkTOSSFcyRq7Kc/eGOjYwApWamd8P4VtwqyrOMbJRhppbe7+bWt972ZpS4W4oxllVnGjBtOUtU94uySu7Wb6rs73PO9G+CHii7JWe3is4IgA01zIlupySGKjqeASVUj5ew6HttO+Bmnw3BbUtXtZHjUgx2CtdSAhcBSqE5xgcjJJGD6DRtvFfxQ1xWHh34XixR5iyX2s3N49wASQGMW/yiecEbccD040j8Pfj7rvmJfa/b6HBLkGCy0+OGRN/8CTKgkDLk/MD+PQV4mK4yoRi44fDJpu8eaL0TUU9ElZ2as77+Z9BheAG3CWLxMpyXLzJOTWtrprs9rbrV9yo3w28I2sUyXSyytGjSxvfSxWSsVTIURyspB45CheCD04ryvw3r3grwL4ovfEdrqOk2s0kclmsDh71oyGwzFYmO7OcggBcAH0r3fRv2V7q4El34u8W6tqcwjkkeNrqY8+WWDBWfnBwcAHHXHcXfCv7N3g6x0+01WexhulmuLlGmu+XLpOVDFTuIUqDwc8Lz0Jr5ytxHiqtWlUjL2M6XvRlHRxlpZrRO6SstddL33PrsJwplmHw9Wi6MatOvH2dVVLyU4e7zRtJtWaST81rrdHkt7+0M11cSw6c2t6whG3Gm2RgjY4O3Y0kWQAT1JJwM8cZxl8W/EnxGk40zwbfvCz5Fxql1PnAXADLGyqWBIwuM4J6Dp9taN8N/CmnRhoNPsVjeQJ+4gQtt4G9W25KnGMk5B5HUgegWfhrSbC3QWUFtA0c25nkK7AOTwG2kkjhh2+XoeaxxfEWcYlNVcdiZxta0qs2ruze8le3TRpa+ZvguF8jwT/cZdg6Gv2aNNPzei3e/r5b/AJ2af8MfjNrnmtPPYaGpXzJAtqssyq5+6TIrSZwcZBwwOWIrttP/AGWdZ1KRJdf8W6vdRyQq8lvB/o6grkgBVKtg9C3G3kDnBP2vca34N0i4ur3Wdd0m1KREYa6hUqyrzvXPJBwV4I7EnnHl2t/tK/CLw9MXuvEdvcXUcRRjb/MuwZwFKnAk4IDZIyRtAI482WNxFSyqVqkm11bWl0t3fR3+/wC49mGDw1HWnSgldvSNtXZ2ta6avr56rucFpH7Lvgm35utLN1cRqqq9/O8h3HGSQ5YktnOOCCPUjHrOk/B3wlpSxiHSLRJUKKFjtlACYIBLbQT2yScnuSAtfOnij9uzwTaiSHRNKnvWjYbJ5NqI2OBktgsRwSRg9MDBIrwTxH+3p4vu5ZF0jTrXT0ZdkUhDGTKn5TwMYHfPU4A25Nc0ql3ebjdJO7ba1UbLqrLVX18l31aglvsk/Xa173Xay6L5H6nQeFdB06HyXtIleNVk3MfLXaNwCY+UjaMYOcZ6YAFY+p634Z0gRyXF9pVnFEoLNcTQ+buP8DbXJ3Y54wNqnHc1+Kfij9qX4q+JCyyeJruAEbcW+9EZGByilcd+5yAAg/2a8fv/AB34r1k51LW9Sud25n866m8t2Ynqu4kEHJHQevOKSrwWl9E72Se94t2dtVpq9L2WnRynGLT57ttbXW9uq5b9Houx+znxJ+Ovwx0zw94gso9et7y/uNOlgiitiskUk2AfLURsceh6r2O3dXz0v7Z/h/QfDej6LpWlS3ktlYJHcNKFSJLpGZgFACkKSRjnkncTzx+Y/wBsuHYrLPLJwXQs5GDj7zDJOeerY5wDyay4dQiZJUnmG5XdcMcggHjJyM4AJBJIP1YCs1WalzNWXS93ppfZddL39O4brbTpdK7dle6Wi/H13PuzWv23PH1886aZbWenRyZKoPmCAYwfTdjB49duTk14tr37RnxT1nzorjxLfRxztl0gZ0T5idqgg5AAzjLbu2O5+d21O3RkWNBJgYyAVUnuTk9M8+v0HRi3txPlba3ZjuPKCR2GPpn0Azgg8DqCGFKvVk+SEpXdk4xd+lrppSW/S66WSMnKEWnKUYrXW9lsvNJX0ev6JvutS8X+I9QUtd6rqF1uO4rLczFNxPJYb8ZxkjrjGAPTm7jUJVcyGYKxXLEktycn+PI68njnHrzUlj4R8c680SaboesXonKhBb2twVb0P3NoyT6ZwAMcc+ueH/2Wfi5rpheXQpdPhmICy3jsoG5SwDKSCh6ZB6HIxxk+phcmzbFSjGlhcRPn0S9m1Gztf3mtrPXbVK+tjz6+c5Zg4yliMbh4cusuarBNKybdr8y1ukrXvrdLU8Sl1OAHDYlyBlwDk8EDIHYngDnH4VUfU95ZViIY4wxJXCg+jBepIHHuOBgD7x8NfsK6g7CfxN4otLSLIL29vkuOmdrHCgEZAyOCRjHGfctB/ZI+Eei5lv47nWpoQrYupfLjJUjcAqkAgnBx1HTA4r38HwJm2IadSEaMb680uZ7p63Tad7bO+kb3er+ZxviHw9hbqOIdaWitTi321UnZed/lay1/KWGLUr5tsEU8rHaoSGOWRmPYDZkZHTHBB553Cu10n4VePvEDIumeFtXvPNwA728qRgluzlcAcde/OBzX6+6J4O+Gvh1tuj+GLCHyz8qvbRSgsq4Ll5QSMHkbW5zyScbevOswxg/2baR2ygAbIoY05JyxUKoUELnHUnGelfU4Pw7pJv61iW07fAlGz0d0ne+lt1dep8hjvFWMf9ywjmv5qjaTta2kdtV1kv8AL8w/Df7HnxN1dFl1VbDQYG2mQ3MqSSKjfLhUz8pXgABecbRyVNaHgn9ma08R/EHxR4Lv9aYxeHLSCVr23Qqs8jn5lVtowFPHrznjOa/Ry41qeVo484V5F84OQzE7s7QBllwOcNgYzzj5q+f/AIVEv8WfijMp2KsEKEIWUn95nduJB4wBgHkHkdBWuP4SyrL8VlNKEHP6zjHTqurJy56caam1a1lfRJMeVcb5nm+EzuvU5aX1LA+1oKnGzU+eCTu7ttLo1bW/pa0f9jj4U6QYf7UvLvVLg4kkCyBEfaAdhAJI5HQBcAHjpXrOj/CP4ReHZUbR/CNi7x7QJrlQ43rgEkSDaxYDqSdoy2a7cosrRFOPk+WViCSB2IB56YIPHU8DgWPs7kovJUDLI205zkKQencYz17knmvvMJkmUYWzoYOjFu1pOCfVNWum12WvfXVH5vjOKM6xq5auOxHK21yqbin73VJrfpZWbtpZ6MgltLAeXp+m2FghZiPs9qkRCqBtGVVQMdFyByODk5M7Xt3K5L3Em6UBhsLAbBgEEjgHGc8dudxAzbXT1laNGzlCMqWAIbsAACGGMcDJPBBI4qRrJ45Fhm4BLkbQGCqmeCQMgMcBcgEEc98erCOGor3YU6dn15VbRNNa2trt177X+fqPG4mV3KvVv7uspSb+F3Sv3d2vkmYrs8jyAB3VGJYOz7m3DfhRwcY5PXPHOOKdsnIi4EYAyhVWLlj/AAsRySOc59MZI5rYlSzsds1zNFHCQ5fEiFwpHAY5OCOB/d469DXL6r498GaIqSXWs6dA8PO57iORsA5CtGrbgcHnI4568CuWvmeCoxbnXoQ0WnNBN+jTbtp0fW6tY7MLw/mmKdoYPES1Wkac2/sq9/NrXTrdm1HbvKArMWypWVXYAc8FlBIx67uMdR1BrRhtCmyNA0jrhfmAKqpJ24IGD6jnjrgkV4Lrn7Snw80hz5Ez6g+5gVgiZVc8fxtkAZGAQcEZJ46ebar+19GT5eiaNFn7yvIGmmAA4G2LO5jjocE5KsMmvExPFmVwXLHEOrL+SmnJ3Vm7NJ3e+ivpv1Po8DwFnVSUpTwqoRbTTrNK+kbuze63d1t6H2rBYMZAwUM6AsXcgKzZORtI6quAQMAjGAQa8j8c38dt8VPh5BcSx/JYXruhKoqq23k5IA6YJxkjngEV8kXfx3+Mni6WVNG0jWEgbci/Y7CZEcHGD5jxjAPGHBxxySMk8Jrek/GfUdd0qTU7bUrbVdUglXS2uJiZ/KXBZUGcrgYGBjHX6/P4nil1JQdDA4urGFalNNwkotxqQdlLla1dkvkr9/rsHwTSw0J/WcwwlKc8PWg4qacoqUOVtq6Vo3u/L1P6N/FHwU8OSmd/DmozaTczNxazgyWgwMjDN8wGe5ODzwSdw+XfHXgjxPoFrqUdzZJe2iaZeF76ybKlVib5igBYDHTIGOWBOQD+jWreH9QgjlcBLqLY2FHDKRliMjknHGO7EckbhXgXjeykfSNejMUkONC1LIKnBzA/Vf4geTjPJbuSDWOXcQ4meGnCNeOJg6UoqNSV5RvFJPXV6aW1/U+UjhHSxNBTgoKFWCfRt8yWr01urdE9PU/ALwZH5fi/GOuoOw5wQBPMQDkjOCe/BxkAnmv0o+FLLL4TVM+S66ncKsjl9jDIG47eBkHpg4Unnqa/O7w7Aq+OrZQzYlv7tTjJ+aO5mxkcEcnHbOTk/wANfq58APBPiTXPhnqXiHS9Kg1rSdN1y6tbuGEg3sboBuIQ5dlAIwF5JGBgdPM4WxtHC5nUlXlCEZQnC87WTc42V2+reydktNnc+34twlfEZPFUYqThOlOKV7tJK9227K+34XucT4j8G6Tr3mxappVnfOUci6hCxTggYUb1IbIyT94Ej25H5u/HDwTZ+FfGemQ6e0qxG2NyI523PE7MeEbqVVcbSSMdGJ61+tl9ZWSygpb3FpOWcSWzvtkRhuABjc8FRjIweAT1Ix+c/wC1DaH/AITfRwSdr2EaB2XnHmktkkgHaOvTGeOc49njaVCtl1KvQUJfv4XlC13F8ttV3dlfrY8XgOvjo5jPCYhVlTdCbUKl3FSShqnpe/S2va+zg8B6lHp/hjWIb1Lm4s717dJxasPMjBRSJSOMgE8jjpjpyOisIrkFX8OeIi5GCmm6g3ly+WMMka+YQGBU4Urkeh5IHf8A7O+h2GsmbTrm3huF1DTgzCZNy/umKkgHoSq4ySccE8gGvVPEfwE0K5llezuJdMl3DbsBfawyQY5Th9oJ+6SApK4zwDjkzxEsFSqUZqPLeLhtfRPrb3nfV7q9rOyt6ebY/A0cwqYXFUbObTU+VShbRK+zT16NdtbHwv8AGu/1m58O2tvrGnPaTR6gpWVEYQS4AGQ/KHgEjBycdT3X9ntP+JjaEYIj1mAnPOCzDv1I655OT+Vei/HH4a+KvDXhIxX2tR6vpLXyCBZGZrmGQ/3WbkDaRknj3GK8q+Ek1zpdhc3MWY549UgCSDO1SjkByAM4HRsfMMgkdCPCzSpWeawlXjyzjKlq2lzJSh9qzfWz7vR7afR5VQw39mS+rSTg/aWaTteUdd9rdVfe3Sx+ml2sUzS7TmXeXClyWGFPv93g844AIHSvnb48WoufBOuTT20UzQRR+W8sYaSE7gS0chB64AOCTnJzyTUenfEbXEaWW9s2v7cSNH9q09h5yAHHzRHDDA7kA8EcgZqh4/8AFGm654A8Rxpeq1y9vkWlypjuI9hJwEIBOCMMwHK8YAxX22Mq+2wNVOKvKhLrHS0Ek3rdO/SyvptofEYTCYzD5rh6iclB4hOVrv7UWm7dtdV6vXf5B+Hkc1zbWFpG5ieXXLZFlVC22QuCjlSOitjIHvzySf1X8M/tA/Fb4eWVlZ+JvCll410K1RbUajoh8rVYrOIBUMsL5ErRx/wqvOMdDivy0+FTbb/R0Jwp163dshuCHXcRz9Tj39Oa/Sqz1vTzJLbm4iWS3ZmCM4Utkc5BHzZz8wPTI718pkWGqV3UjCtKlOEItuLurrleqtZrpZ31Wlj7TiWdH6tSjiKEMRFttxmmpJyUb8rWq87aaHun/DRfwy+IOkTWuma+um65HZ3xl0LWVbT76Im3beitcqiy/NgApncRX4q6Tcq/jjxhPGqMsl9qcgwwAY+e/KMAMg/MQR2AwNvX728c+APC3jW3JubWG21ForhotRsv9Hvo38tmQiWLa7YwAwywOOQTkV+eXhK2udM8R+JbESC9Ng17bLJOFV5FiYpuLcElv4mbLDJycsa5M2p4vD43DyxFpw15ZwVk0km9Hd3aabt62MeGo4KODxUMHCVNzSlOEmmouyfxJK+nRpNX7bfuN8F0+0fCvwfIAgJ0zIxjCnk4OGAx6MME559+/nsUWwvCvzE2l2Crk5j/ANHkBIOeBk8kDHI5PAHxx8FP2kfCWheFtC8J+MdM1Pwpc2lqIbbVLmIy6beqSoWRZUBCKwyTvxgEAkAjP13Drmla1ol5qWi6jaalZTWV1suLKaOZciBydwR22nkcEZPQ4Gcfb4fMcNUwlONOrHmjQUZQbs00oN+67Nu6aem3W+p+b5nlGMoZlVrSozdOeIlOLUG42dRNNNXjfv1TXTQ/CyzRU+JHjMKeFv8AVlIB6YlbHbAyO3UZXtjP7Gfsz+E59V+EugX1rqf2aZ2uozbTpmFxG/8ACdvy56Y7kDDd2/HC2ZB8QvGTqSWOoark7eeZDjJOcjPQcYP3uMAfuX+yAjz/AAQ8OkIWZ7q+U7wCoUOCuSAdpweM4OTjPI3fO8OVJ/2pUlHS8Kuqa1TnF23XdJK7v5t2PrOM5Tp8O01OOqnh91fVwiuivtayt/kUfi74P1h/h14jW8sZZAtm5jkskE6MFyAxRMsA2TkNnBGDjla/CiO0I8ca1CGCtGzK2VwQFcYUg4wRkgBgOnORX9NeuLJBpN3bKMCeF42il2mNlKsWDKcjBA2kD5SDznnP88njVIrb4w+PmS0iiX+171GRAqxoolQMYwMBSSvYEc9c9d+KqrhChJ2vz6tPS2iafZ62SWvW99TyfDqUas8XTcXGSVOSd3vorJJaWvZta6pXvqXP2jY3tT8OFJBE3hi2wQQx2sG3ZyeQMjp35PQV8/eINKtUWCUMsMzRR4VNrZBGWLjuQO/QDnIxkfRP7U52r8OJIiqsPBkLoB8xBVWJK47gAd85zjAIr4+ttVvLqbNzIZdkRChhwoBIwM9x13dMHPvXyDrqKtNNKdn8la+r03891d6M/ScRCSnZatNN77KK63Tv5tt6/f3HgsATy4Y7UmB3YJYqZEXP3c5GGwOOeoBJx71+0mxm1bwSS2UbwtZL87MCNqjCnpwW5GOh9SefEvA0LSXE6fKgMcchADcASqcY9+ueuAAO+Pd/2n4il54GAG1f+EWsMNtYFlKspA4JIIIJHyjJya4K75p05qPur3XZ9W1ZrrZeeiafVM9CjSbw0lKHvSXw621cdb7rW666vc+d7O6kKGMRrJw2G28KUBA+7gtjtg88HqcV6H8HnA+IPh0yRAFdTOSCNwAILEqTwOc8e+DxmvMtNOwsgZvlYnLAgHuRgr1yD1xyPfj034VSiX4geHzGnAvlUjJPOBySATg8+h7D+9XdTvJR5Lx96yu9XdRba1VrarRpXd7dHwqEIym3Tamk0uVaWdndtfyrS3fbZFL4w29rc+PvFNyxxt1V8lSCX4xnAy2OwJOQSMggHGd4e8NwDSb3VhdMZolfyYVKHcmxjhhjKgZPPA5/AxfFV3bx/wCKIpWOBqbgEccc/LgYYA8jJ+6SMDJNc1oNzci5MCXEi25ik3qrOUbggbhnkhTggDp09TvCnKF/fTkmuaVlvpd38lstE2vUxkpSTejTSSSsm9tU9r9rb2drNI+k/wBmwj/hPLcOTiWyuNy59UkO1hnA55AycHBHY15j4v1nVrDxl4h+xXl3BHHrV2Pkmk/56scBM7ccDIHyk8EY4r1D9m2Enx1asWJ/0S6GADuUFJOcZBJODuBHK5CkYGfG/HTOnjXxMoOE/te74ZRvyZX5BwDkHBBbAxnlsAVU6amqLnGMoyd7NptNuLd1a76N6PS6v1U4Sq6c58qnFrl1jrZO2nVt9buOn3ly+8YatqtkbG9uFmhjkUgsmHO0diODnaQRhvm+YjNfaH7Nc8cHhPx1JLlQdMmljG7A3i1fG5l7Zxj3AA6cfC508jTpJgyGRypwpPygqTyPXHXHPX+LAr7X/ZwQv4I8cykbjHo96Buz95LR8Yz97IHUbh2II3ZyqYdKfJCMVzxTSSWi91u26V1Z226WvoVicRJxU58ycZRs5dvJbef+dzwjwzqwg1yW6uJy8Zu5m2Fy42723MuT8sm7gk5Bwc8g50fiDNbXWteHbq1nSYSyxlyNpdR5y7VcdAc4DZGWIHHWvH7LWmW6kiEZAW4uAXUMuAXY4BYBgPqDjnnGa6GSXGpaTuR0d5YGPzF85kVgD/dC8bck8nkDtx4nCWnSrqXLOHKrJWu3JLXRprVu2miad7NGtDFVXTqUZcvJU1i+qdlZbNWav2emh9reJ9LuZvBmoywJ5skvh8bMEZyFRuT2JydqnByVXpxXxHa6hf2BEGp2TspIBEyFXwCRhGHXI4B5/A1+jVvbW9x4Uu2lLmNPDfmFfmPO0Z3AAYA4Awfbvg/NEcWkXcZju7S3nRhtxKPnwST8r4baOmSOcdgAc/O55mjwuNpwnSVSHsY3s7SSbWzejSavrbfqz7HhjL1icvnJTtNVnr0dlHRNWvpundLdp3PNNKuLK83C01E2UxI2RSkhQwXJwwIOFyVBPAGT6mtKaznSNzf2ZulUrsuoSpBUADO9OgPUZ5652jpo6n4CsLp3k0iRrGVgWSJuYkJydocZwuM9s4Iz0xXKyW/ivwucsktzbgqD5YMsbqODvVslVw2RgA47Y4rzqOY4LETXs5ezm2rRn7rv7u2tm7dNVfWzV7+tWweKor3qDlFWtKMbpJWd7rVX0v8A8Ne7p091bPLJp+osibjusbwb4zhSNm85wACTwTg5zyABrW+o6cZXn1HTJLK7OcXtrua3kOQCzKpPCjsDx06DnnofEWk3jKl7Zta3BbMlxAOc8DLwkAeuVCk/NjnJFdHbCJlBtLuO/tgNwgG0Sp0ypjbGd2DkEYb0J4rpnbl2TTtdu11fl1v8NtOt9bWOWPNGSdrOK1vo09GndqzaaXTfXc7nwb4j8S6RrUer6N4glingiJsLixu5LS+hQEHy4JkdZI5FCgoc/KM4wa+rfDP/AAU+/av+Guv6eml+Ntcgk0VrW20+81O7uryO40+3Pz2l4szv9oWVflkyGJBGGOQK+GLq0sgxkRWsJQAVkicwyhscEINqE8AZU565OCMZ3n6gssA1JE1uxgcSFGQpcqACcq+C77h0I79Dkkj5LOuB+GOIHN5tk2Bx85U5U3Kvh6cp8s1FTSnpvF97ro72a+py3inPMtpRo4bMMTRpQmpcntOem1dfFTk3F7bJJW7vVf1K/Cb/AIKY/st/tWeENM0L9qb4M2Gn60Gisrr4l+ELM2U1pfvlJru9jt40uJnD/PiQbD1I4xV/4uf8E2Ph98adBbxr+y7428M/FXRIbYXlrpS3FrZeIrR3G5YpV3pGSmAoSZdxIO4c1/MRFqAFldweFfEs3h6e4Xe+mFvJLzgNtwVwGbkY3HnoT0r3L4H/ALWnxl/Z5k0jU7LxXrmnnSdYt75DpkrwWt2kMyu9tqFsAIriGcAhiVb5Sw61/Omc+BnEnDGMqZx4ZcR4zKeRyn/YmJq1MRgqtOPvexgqspShqmo8raSsrq1z9My3jzh/NKccHxLl9KrzxvOuqadPn0UpuFuei5JpydKaS35Gm0e9fGf9mv4ofCfWvEcfirwZqmgwz6LJbmS/sJ7dDLAoAWO8aNbacEqQGiYrgnk7q8W8JXU/h3wtfTySXNvefYBbyRtGXSJdx2ByOiyAjaO5xj7wI/ZT4r/8F1/BP7Q3wZ1L4ceK/ghocnipdGtrO18SXFtBdWty/lpHfs7SRNcwTyKoeMREbXJAyDgz/Br9ir4Lftg/Diw8TfAr4leGNN8XX2kQv4t8DeILxYUGpgN/oGmxu4mVy2RFIQEG48qCSPdybxi4j4MyuE/EzIMfl0J4yOAo5rh6Uq2HqKNGE3iMRTpTrSw0ZSvGMpyak42Vtjwcb4e5bxJVq4jhnMMFzwUq9bL5YhT9n+9UYeyqunSc4yi4yalFSppvm0TZ+T3wy+MvxS+GT6lqPw/8Z6j4bPi3SLrw94iWynkFtq+j3sbRzWN3bArG6lWKruUFW+6Mjnwe60559WuArxlVllllYAjdJK5kfcMcEscjGAASPmJxX6H+O/2L/i98Gpr+fWvAupro9vqdxphvooTfaZA9s5BnjuYN6hf4tztyvXB6fHni3wvq/h/WLue5slFrcKXjlg2vFIu7IORllJPODgZB3bSCR+18LeI3CvGOGhWyHOsFj07OUKOIpyqKTUPdnDmVRNaJpq62Z+cZ1wZneQVmsxy3EUGmoe0cJOHRxcZxVnFrqm797Kx5JrF5Nbarp8IkkZPtMblmcyA7kAxlhnPYAjBGSMjJr2b9nj41eOv2ePiZf/Ff4YavbaJ4w8OBp7K/u7dLm3aGYYuraeJ1ZGjuYv3cg64JwM14hrMmNUtlaMuWuYsbhhgCBxxnIGT0684PNemfDrSdI1TxH4p0jWAsVpJpNzIruwiVp44DJHlmAHDEYBPIxwea+rrONWHK4wlTa1i1zRdlHTs1o11Xl1PAptU23HSWnLfmTUtFyptduZX220P6Yf2W/wDgoF+xD+254fh+Ff7bfwc8G+HPEttJBNafEGS2+y6b4j1a9lHEmrxKl9p773JQNMlsrfKVxhT8PfE39hfTviB+078dvhn+x1q0vinw/wDDyxsPFui6HKFk/tXTbpFlu7LTdUiH2K6t7Nt8cLyMzui43FmNfkz4S8MeT4R+KOoi4mitPB0OnXUcCKs0U8k06bCG5I28FCmOe5xX6b/sM/Ej9qf4DweKf2nvhb/ZfijQPCek2EXjTQtWkBuNU8OXEClrALGGlSGKImRZIvmRsFsAEj5/MMK6j9tCopQhCNKlQm7Qb56cZcu711jFp/Ox0UqsKUpJJ0pVJXnNJytOStFtttLVp7pbN+XwV8bfA/i7wHe6tpfj3wBqXg2+ubd7J4dc06ewaS4gmMbz2Es0aR3MW4H54SQw+7nOa+bj4JnXw/Y63pc9u4gmczQQyATqYcv5qo56McgjaQOvOWB/bz9un/goV8JP+ChPhP4B+Erb4fP4N8YaN4zs/wDhKjcC1MZt7+/XT2hsdRQGZ7GNZGuSlw5O5cjDDK/Z/wC2h/wRO+Hfw6/ZmHxy+C/jKXTbHwt4L07xRr2iapKJLDWZb2xSe8bT7+FjtYyOzIkriM9AOcV5lDMp4DE0MHPD1aUsTVqL3YupThCLgoyl7zlyyTWq5knZ7bejUw3tcK6rcKjSja8uWcm5Ru1ZKK3crSaW9j+Xvw54y8beF7+PX9Lu7qD7Zpuo6PdCR5Ps91YXcTxSwXCKdk8QVvlVwQjbTkMCR6pq3xN0/wAaWXw4sr/TYl1DwdpN3pcsiBYVvrZ3xD86hWeaBflTcxGAQCOQeK8FWHiS707xNrmlRW994f8AB+nz3Go2d20UgVZ5jADGpy75Zxs2g5OWbPFS6FLp+vxiDSFs7S8sJrCaEajGI0kmu5I45rUSqAEhDyZDtghMFuCADF0MLUxFetKivbRVqlaHNGbjyr4nq3Hlbte/W1tEetgq2Jp0aFKNVKnOzhSqJSipqULOLu1FJpJu6ba63Z+lGh/FfwJ8QPgd4l+Cfxb8Ta3b+ItC8Evqvweu4rrz47q6gKXX9j3cKs24qqGOJXXIGFHGDXxmnh7XtPsLbUtc0qWOHxL4fa4sp4mCSOtqDHIzQlcpNEQu9CAR6AECu58Q/s7eJvDHxJu7jxzeweCdQ0nwxoniLR79LhLnwxqkGoQpcw21jqGTAJpUOGh3l8kjac4GFF4w1TW/hrq+uSaxDqGoeB/HF7ottp6IrMmm6oWd5UGAzW7Mo24BA3ccV8VkOHwOVYmvVyqvB4LH45Sq4dppUcTiIOM5wSVkqs1BTV0lJprlu0vfz2pi8zw0IZhSksVgsO1RqLarRpuF1L4ruKcoxaaTW55lYaRe3x066S7kvI5EmtUikIhuEkQsq+Yx54LAISMFM+vPGeMtC8R6fFZyajbxWsaXksMbyBQLhJXx/rVCqzKGJYgg+nIzXpcXju70q2GmQ6Tp9ws99a3YW4jdbhGcfvYopCoYRnJwFOckema2/iH430HU/hvb6Mvhs6bqNlr4uxLdzySkq5DSJB5hMypKBkZOwHkZVQT9liK9XDzpwVLnjJ+80vegnbVv8PddrXu0fIYCLlNycnTcbRtzOztyWv8AF2ejbSske3+IPij4Y+I37KOm/DvXdNNr8U/hZeW8PgfVrO0hig1Lw/eEPeWl1OY/NnkjONjyMQoAww4zz37NnxCk+FnirUtJ8datNF4K8baElnrUUU0qyW17JbSxWt2Ys7Q8ErKquBglj8wwQfCvF+o6cng9Nd0ySaxMcNlCFilD+TdsmCsiglipbBJ7geuKp+FPDfiTx3pUvjCby77TPD8cOmazNKrx+Y77mt1jYbI2JKjk/MGwCuM4+ZrcM5fPK8ZgmpVMPmOJq4xQqPmWHxNaUaidJWTjy1oqcY30lfdNn1+Gz7FQx2HxDahVwlOGHc4vSvRiowTb05uaDtJrey2aTPd/gh4j8GfDTx14u8GfGfRIde+HfxFk1bR7TV9UsZvtWkxXtyPsXiHTnZOfIR1lEsZIYockjIrN8c/CaPw58UNf8NfDDxhZeOPCOmSafdaRrlvshMmmXitJDFdR5D7o/mikfgKV5xwD9GWHxd8F6z8EvBf/AAuP4b2vinwvo8994Mtb+ytltvE2jSyssVneyXcKAzpb/M8SSuTIEA56V5pp3wF8U3+ta9f/ALOerw/E+z0vR49UltoJksfEOnWpPmmxn0+Yh75oFbZhY3wRkADdn5zI+IsRlGeV8XnLxeW0oRlgKyqTjWyjGVMNKMKWJhXVlhcRKNlKFRQjJSsnKyZ7mb5Hhsyyqlh8vhRxdScoYilJJRzDDQq6zpyg4r6xRbu04OTVrtJ6Hwlp+kX3/C19flFqgNhJeR3sO7aFdFwRwSME/MuM+3Ga63x+b/8AtjwzMrSGKbQg6RF3CKY/MIXg8lcEKvXIHQV6LokWnWHxF8V2njawv9C8TXtw8l7HeW5hmsb22ibz7W4hKqU844HzDI6nGdx5nxjNJJpvhjUbSIX4hmvrWVwFZYoEdxHG2AdrAN8oJGQRgA5r9iweLwmLpe1lJuc3CrStK8OWpBNtNWi12e1rS3Z+ZYrAYvCVVHllyRTU5cvLOMouMXFxfK7abNNLXY4vwX4i1KxsnEVw3lrqIYoWIMcivkSg5BK7wo6AHHYV98/CL49eGNbtX8PfESVoLyW3VLbW0LeTFDCCqrOOq42DJOAB6dK+NtJ8Oaemo6HZtE1vFrFstzdxEESwzOzkNsxkDkncuOCvIOc8q6tp+sXVu376yeO7txIhIUqsjj5sYyQBk9cjPBBwfoMBj40bOPsqjVly3TVny2tb3vK9rrbzPMxOEnKMY1FUjeyTs07rla3une9k2la7Tdz9gvCni77Touuv4d1NrjAdI9RsLt41vLAkx+XKYXAKhMAK+eeCecH6d+DX7SXjr4QRT3N2lv478O6lYW8U2g61I8xht4mzGltOxMq+X95EJ2Ag5HU1+HX7Pvxa1L4b+L9K02VBfeGPFlwuhXtvLIWhtkuZdkdwoYssTxFgW2qAV44Ir9cl0+1Op2trNZMmniz8oTRcxFmTzI3yvA3IyHIGDyRnHOmZZPkvEtGUMxy/C11NqK56cfaUqjslUpVbc9NxVmpwkmm0tFdIwWaZnk0rYPG1qcWrSgpydOUW1ZThdxlG2klayj5JH6Haz4k/Yc/aX0CafWLA/A34qXei3ROv28aWdvPexwNsZggTTnV3IQvKpdlBzk18A65+x98Z/C3hJfGGj6S3xQ8EF724TxL4XhFxeRWcbyLC89nBvmcsoWV5ETZznOOK8k+I/h930DU7OzvkUNA32V3CkQ7nKsFYgkAr8pyeOw4yfrL9m/49/F/9nzw9pdr4W1yW70s6XFHdaFrRe+0vUBMgDRp53mGFDnICBRzwSOnwsOEuMODqssZwdnVfH4FNyqZFnNapXoqO/JhcU+arRleKUIybjaztsz6mPEWRZ5RhhuIMtp4fESnFLM8FGFOaaceZ1YR91qTf97RLY/Pd9NhvftcElswuYZilzDLGbe/tm3FTHLC4V1kVsgjGc/jjnrayvFNx9kuBMYZWh+zyDpHjBR0wN+AMZYc/Sv3Vt9b/AGPP2opltfir4St/gn8SprW4EHiLSFSz03U9QKM/2kmPZBveQhgbpiBzur4g1D9gT426R4Z8Y/EH4diy+MXgWy8QXUFnqHh6WKbXIrWKRyrSQREi4ZEA3LbqwY54wTX0+QeLdKc4YDivLK+QY+L5J/WI3ws5aK8MRZxlFu0ve5bq3c4sz4JXsni8ix9PMcPp7kHyVkmlZcl+V2vqotu+lkfl94s+F3hvxRb37SWFz4f1OZHil1DSF8pZTIpQvNbKqxSqwPzbgzEZzyMH538H/CDXPht8RItYvgbnw2NPlgh1jTrd3+YgkLd2yZeNhjMjKqpkHtk1+jF/oWqWMl5p+q2d7pGt27hZtM1S2ayvYxzlGt7hEcYbhicL+BOMFNHuYBKwiAdvka3lOUkDcH5T8rKf4eCADk5FfpK/s7MoUsdg61KU+WNSnKm4zpybakldNKztq79+2nyXLisPCWDxuHk4Si6c4zi1KCuk2nK1mum997NK58YfHnTHuPhdqOpWdzFf2hubTMkLb/L3SIQsgA+V8dQwBUgE4xkfJnwYj8vxd4phfhhbW0hBwM4C5xuJx7EYBIPIAAr9G/iH4S8M6rompaRfpPo8l7Kolm0k5EThspK1o+LdmRwG+6en/fPz9o/7PPjPwrf3nirw01j45s7mzEM1khFhrbxIqsJik2IHmXGdqDkr8pJBNYOpi6GMoYrEwSp03HmlFtq2lnbW9tdHZersc7y7DVMLWo4STjNrmjCV1q3FNX0UrO612s9NNOL+KNqX+H3iNlVsD7Ow6EFTcx44I4zgnPfOM5Nemfsh/D6bxL4O8XX2nWWrXd0dYto5Rp9nJdJAkUR3PJsR/JXjIYgAkckjmuK8YX0Gq+E/EXh+SMaXrs1gQui6ujWGotLCfMZIUnCidVCN88Y2kA4Jzz9a/wDBMf8AaM074B6zqXh3xD4Qi8Taf8Q7Nre+86cQLps8SmOOUM+1curZYnIJHGcKa0xeaxWYRxeDi60oUEow1hzPRSjrtaLb6Po7tJLgp5PWWXyw+ITXNWUm2uZqK5dVqk100bTu9T44/bH0qbR38EW0gkG46iAs0bRXAKKUIZSAQQMjG3kkHGeDtfs3wTH4ZaS0NsZMzX/J+Yhg5JJwMryMrwDwAM4r3r/gqtqui+LfE3w917wpoVvounFNSgltbd45TuIdld5IiQWYNkknnjGScV4b+zRemD4daVECwYXN8rFiNo/eNnJ79QPlGT82QCeO7KMRLFZqq1ZOlKth+ZxbuotOEeXTTo7adtTz8zwio5TSopN+zrpJyjfqmnZ9Fru2tdfPx79rTzI9Z8ONPbgF/C+og992wrg5xxjODn5QevY19ZfAS/nt/gn4KEamNH01vlABBO4DJPODxznH8XI5LfI37Yl95up+HHDrx4d1VMoct8rISDxx24z6jkjj6Q+A+sib4O+CrYsxzpWFwOB8pJJPykDA7HjjpznqwkYyzzFXm42pcyerX2d9dnqlvt0McZTqSyXCqm+WXtIp6dlu9Xu7d0k9NN/AP22LknUPAabcMbO/YE7TnKoNxA4weMA56Buc19d/s1gp8IPBLspnaTSS2wbcj5/vfdBx74wDnGTjPxB+2RcmbUfB6gufLsNQKk8k8YGFzkYPUjj24OPtz9mvfF8I/BQkdYgug7t5wGB8xsYLYxu9eB16nGaw9JLN8TJVJJKCadt7qFk1e3Xo+mi78eYUsT/YmEXtI6VU22lqvsrTRadNO9tT4C/bIaRPi7qLJGIv9B0UgcfMPPA5443ADkY7Y6ba/R/w2yWng7QWaUt5vh6xBACkgPbJndjsAx4HGfwB/Nv9smfd8WL1xLkNpukFd205Vbgck88KTj0GG6EV+gXhvxDoqeC9DS51S0E//CN6epja4iVlb7PGNuC2VJCtkjG33xiuXB3/ALQxvvpLo3ZXfMr7d1or9tDbGUaqyvL5czcuWLfRXUY3d1p3WlvLTb4U/ait/I+IcRCiUHRNNPOP47gEkYBzwepOcgcfex+qXge1dvhbpisyBT4PwgIO75rJQFx6AjGRx35wdv5PftMX0Vz42hnguIZ1/sjT9728iToCtwDtJQnb8uMggHHXBPP6Y+Efi78M7P4c6Pp174t02G/i8LxwSQOcskzWYURBiSm4SZHJI7EnjO2VvkxuLtL3Wlbm0V7p3Wkk0r666LXU6sdh51cvwCV3Zpysm3a0NX8rrb1d3c/JXX08z47fDiND8/8AbsEfB7rqkmSTkt/Fk+vGehr9fbv7dbNchZ/KWRNpZGLbdqhskE8c7h1zjk9Rn8etX1XTo/jV4D1l7yBbCx18TXFyD+7jhGoNIXOT0CYbA3Y/Sv031T47fCmIXW7xjZOJCgDJC7rzw2CB0AyDwOM44JFcl4ynjLTXtJTeseq5Unbd6PTX79zqjhayjhZSXuwTdmtXZq11ZtXT76J9j89PjNczQftMLexSh549c0Iqzc732RLgjPTBztGCcepwf0U0fxV4rKwM0pSN52EjALhlKsCEA6EAkYPb65P5ufE3WPDmsfGy18R2WoJLpr+KNKn+0IrKfscKxAylCA2MglBg56cZNfca/FL4dxIscOpXUgWYHe1rcEKSMZwFwc5yAC3G3pwQ8kqwo0cSpP3/AGklq7NPRJb7vRXW1r7E59hpVauDduZcsbJcz1vB9rNatdLN9Fe3yJ4JuQP2ntDmmQyltb1gPyMs7vJubI9SS3y546Gv1I13VWSy2Q6dEA9vcRMzYI+dSBsxggkkZ+6MBgRnGfx50PxDBZ/HTT9digv7u0g1zUJttpHI13NHKWIZIyCQGVuQcY4A2naa+73+MEMkkir4Q8V3ERjkNt+7wVkkyONw5AyTjnA+pJnKqz9njYvnblWlsm7X5bp2WjV7XtvfRbHRm+F56mAceWNqMFduMZ6OCers2u6vpoup8YaBhvjroSeWFMWu6usgXIVTK0jEAHgfLjAByeOQcY/RPUrh7Tw5eLHAGH9m36M27O5TatkjnIA5PDEd8DpX5saDq72vxg0vVl0fULySDxDf3EmmBVFwxnZikRY4DGMt844IPBBGK+3tQ8ceI77SdWhi8B6nEp0y+Ikd0RbcPE43EfeyF+YhQSeM+yyvEyjhsWlFybqztZN2Xupt2Vkt/JPd9ozXBKpjMHN1IpRp01ZySu+eL0u1utbJO9+1rfOX7M5soPi3JPdoVV9P1H5jjG5rssM8rjjhccDgA9K/SnVruzvbO6M0qxiPTbsrkxHzVFtKFyVyCRzz2xnkkV+TfwhPi638eSP4csrOfUpNPlEkeoSulviSbc44Kneo4IBwGHTjFfbVsnxcitr+e8tPDVtbDTbrIkkuJDsNvIZBCRkFwB8ucqDjPAxXHgfrLw1WUKMp01Uk5OMdFZptN7O1lZtab7bdmYrCfWqMatShB8lLljJ2k3eLu1s07dk766aI+fv2SLlI/jp4kZ3WGFNO1giRiBn/AE5QMkHgAYxkfe5HK5H358Y9WsZPAPiwQz25Y+HbhESNgzSMR0wCQSSM/wAX06LX5o/s22niC7+J3iQ+GrrT7W/l03UWuZdSSSSIKLrEiRKmcOSflOMZzu5xX2N4z8P+OY/B3iGTVde0iS3i0W6aaG2tWaR1CvhdzK2zGcnlW/iOcCu3D18RHCOlTw/NRk25TSV1JON20ndqKT17XtdM4MRl+ClmNOtUxMI1eWnFQa3SslayaV11vq7Lojwn9h/Vm034geJrtJo0urfQGmtGZ3Vo545ldGBUjDKRwVPDd+Tn7o+OHxP8U+N/BXix9ZuYGH/CM3VtNIjyTXMoij4855Sz/NtAVScBcY4ANfm9+yno+s3XjDxANC8QQ6BO2kM81w9styZY/NAEWyRGUHAyCwJyRzzmvrb4l+E/EFt4Q8VXs3je+vf+JDcGa0israOC5Gz5wzIAY1OMjAyDwDg87xjOphuf2SfLCd6jUbpLldnd82l7bd7dbcmJwmEhm8JzrJSfsrQXN71rb2VlfWyb0vr0vh/8E6PHmt+A9C8Sa1oEi2Go2Ov2t9Z6qi/6VbSwtLsNuuCzNnkggjPbqD9kftb/ALR/jj4y/DfxSvjfXrrxDqz+HbqGfU7tYI7l4VGIrdwqhtihcELgKoJGTX5XfsqeH7zXNH8SCHWdT062tL2CWWLT5HjM0jGQBmwRzuzkcj0BHX6A+I/gS00zwR4g1GS/1m8uY9HnkSS5vJ2jcOfmEkRcrkKCDkc5JJKnjx6WWxqUI42VJc0Itxm/icVZNJ2vq1orO/Tqe7XxMYYmOHi1aSi5JbN2jq9dZaJa9NV2PXf+CV/j7wf8M7Xxtq3ixroQxXGlS2UVvEGkaZZmJIRgckjAVsbMjJ5zn0X9vX4v6Z8WfFfjfXND+0R6a3g5bO1iuGiN1M8cB3GSJMtHg54YD5eQc8V8Ffsz+DdL8Ttrp1Q6oI9Niskji0/ULm0jkLlj+8EEibyudwLbtoAxgV718UfAug+G/B+vXdraXS6hPot44urq+nupWiK8RsZXZiQo9cgA8k5WksE5YaWKvJRVOSu3te2ltHfRrV6bJmaxGHpZqsPabqSnG6SXKm1FJu+97fNbO7Z4H+xRdS2Hg7xVvOJDrIcqxVCW3bWABPzAAc88AdDxn7h0jX4ZpYne6tywt7hjE0qqVOGA+XOQcnkgnHQ91Hwh+yjpOmXvhTxXJf8AnedbaxmIRTyxjY7jKuEPIzntkZ4HOa+tE0Xw9bzpMLEuTbSFALmcMjFTydrDjuQTxyxwOK+iyTmjltKyVrS+NPXVLVPte/dPfW1vE4iw9OvmN5SaknC6jFbWha7+VrWsr2SdjR+Il3Fqnwtv1hubcyQeUkkSTKZMNcsADGrB/mBGMDjjBA4PD/E2e7sfAPgy9t7lbS+sL3R5bG7Rdz2c8QjZJdpBGA33gU6YOeMV0K+DdN1XwhHq8Fmuyz1uzW9K3M+67ElwQYmRW27cjoQeeQDyawf2idQtNL8H2ml2uh3s98l3a3MMMCO2y1hVHbbtOfkVcndk47A4rlxtZqUXqpRpwvZNN/DZq9mtEr6a99Fb18vpReEcGnaSsnJaSbikk9FpfZP8bI9I8O/Ej4keKfAXjD+3I9C8VWVpp11FJf28Uqa4kZthtunhUbZQpBxsXtuJKnFfLXxN+Jfhaz+GttoltrVrfavqGkqEtFifzoXSQrJFKQdqyow2uu4HI5JAJr511/8AaG+IlpBqEPhjVLXw/Zzwf2XeRWEIE1xGsaxus25QyyFPlcgg7iTwBXzJfalcTytc3F69xO26Ri7EAPIxL7CTnDliDjIJbGTk48vHcU1HaFL2kpKk6UpVNGk+VK3XRXbvs0LAcKUlJ1qipwvU9quTTqlFbJXa3smr9Nz6O8O+I/Bhsb++8QXpi1i1azm02aKNiIWjwsse3BBbAIJY5Gcrnk149dXqy+ILzUEm82LUL6V4ixxmGUsN5U8Bj7DB65HJPDfb2QO6A7iuZAzFgxIxwM5Gc9BnOM9QM2La6ju5IXKCGaIrtj34Emf4l54wD9QAQRXzlLE0qtX3pcjnrJS6u68/727V101tf6WrhZ0UpxfwxSSi2npZq/Rprm6flcqeJtOuJ9Qkh0+Ka/lMcjO0CFvKVWLNkJ82MZAY7eQcnOa4KeOQsIpAVIThcEkMpIKgHB+92Y8e3SvoLw1fT6drbtax21s9/p88Esl0NyKGU5dXYYIbIwQ2STgcV5z4w0u1s9Sc/aFa48pJJkjZGQNI2SyGM4+fPOOcjjBINeTiIf7VViprkVmmrcttNFLduy1S5em56EYU3g4VPaJVNLxTUUtrdbtpq7fS7VjT+Fvh618R+KNI0O/klSzvzNG7Rkq4YJlSDjjHOeOgweSTXvHiH9m/UrWSOXw14mSdS0m2z1EZcENwikADA6AnG0EckYI8f+DM5t/H3h6VgSsc8rEn7uCjHBIGcE5OTzwflODX6C3FzEZbaVkB3bpBljnaxL859sA4zjHBHNfd8KcOZZnOWYypjaSqTpVowjPmcZJWju07O2r1T80fDcS5/meU4zAwwdVRhVi+dS1TtKMb2v8Ac27fJafAV74b+J3hTUVgk0y5uLkxuYJtLuXDskRIZl8k7to9Mhhw3c7u18M/tG/FvwNLBGus+ItO8llzb6qs08BC8bAJQcoCMbjzgAnjGPo6eQP4m0yaMjCwXrAj5s/Mcq2ckEdDnj0752prLTNTkiGoaZY30LxhWFzbRSN8rAMVbYTnOfTB+YY61h/qPTrOu8DjZ0HTqNRi7y0XJ1i1v6X13Z69LjXFYalh/rNGNZVacZzaa6yV7JqWmjSV7bb7Ffw1/wAFAfEXlfZPFGg6Pr8MipHJPARDdMhAD4SXChtp4OPvZGR1X6a8Kftc/AvxFBbW+qG/8KXgUR7rq2FxCpYDO5okKFSeATkkDpyc/EPj34T/AA/uIZJ7PRBpt5JeW8LXFlIyBFlwrMIiQisOSu0deOCBXDaj+zpqiGQ+G/FZdYlUiDVExglS2xWXAbBIGQQGOWwRwvjVsk4iy+o40pxxag024SbutLN35XptopPXTse/huIMnx1OM6uHVByduZ2j71432ulppt5JWTP180LV/BPiON7nwv4p0TWUuj8kS3MUF0d5GNsbOGXjJwV5xkdqo3/h28i1HUC1lJJEEiYzFvM3An1TIJz0KnnBxkDj8YJfBXxg8GyLdW2nXM6xE7bvR7uSJ26fMEhcMDxkYHHAI5xXT+Gv2mfi14MuWS51jXbURusM0WowtewxmNhtjkM4YxhcEMAMnpwRXI83zLCNLF4arBRldvllrZpbaad9X5p3Z6EcLlGIXNQrwvZaNxdlpvrfy6f5/qDe+HLp52eVVlgDORFIikhD2CyAsQCTnHHfIGMeNeNPCunyXNpA+lIqSXG8yRKY9yjBXBwpLDOcDjjCkdK808M/tv3168UXiPRtF1hAqCSa2f7NduBjJYEIpYjdx0yR0wceoL+0b8H/ABZd6SL9r/w60cxZ1uYvPhEjEBgjx7gVBIHPHrkAY9PDcUUalN0p1HC7Tal7utoPT06bvptqcVTIOeoqlLkqJPRxaTtZbaX7PR7u+hytx4Ht1jne1uLyFnOEH+uUcDIwASNucYIPTqTVCXwfrcFu620sd2DbyosZPlvgpgEg8HnqvXAGNoPH1Fo3/CvPE7zS6D4s0m7ebG1BcwRzAnoDA5DZ7cDf2A7GW68F3kUl08EscqKjGMogYOABzGyBgR8vHAJ5yMZA92jn1OpHlU4tOPImmk0rLe1r3V02t0uj38PE8OxVROVCXM5N3UWrt210Sas+2/TofJWj2Wq6LZWkF9pt2rIGEjKvmJgMzbgdx4OQAfUggZFaEupwOiuJRGyzYAlBQgg9BkYJJ69QMsBjpX15pOjaamnRi7tyJmUhycOC4bn5DuYLzwpxwVPQAHI1L4c6PqqGR7CzaLcX3Iqxyd8keWRg4JwAO55J5PdQz2F4wkk4Qjyrl30sru722t1303S8rE8NObcqdS0m1Jxa843elr26JvVd+nxrodyJ73xGxkypu42xwCdvIII5PUqO+MYPOa7gSiRogr/KAhySuOgwCOCDk85OAeOK7ST4SWcU+qtp009sxm+fapkjkcHKqGySSCAcAnPvjFczdeBfE9pc5t5YLqMYBTHlsVTawUq2DkjPC7uV4yDuO1DNsOoxXNacpJtXat7yavfTZPrqnq7bcs8jxUG3fmglHa6bcVFaaPom+u6d9LnP+KZFl0i6jLK2y7smXJHJDjAwDxjjqCBgkcnFdCxZRbrkbZYIUKEkoQIlYjByMYAyMMf4sdSeY8Q2GsR6ZdQ3OlTpMslu7MqMynbIfvFQcEAljxgdTnqdFL+MJbF5TGyJEGt5DtdflUH7wyvXqBnPfNXCvSqV6knUhLmhHW611Wj6aLr3+bIqUMRSoU4uE4qNSW10vsXlffVN9lrsYPjnwzoF9o1/JdaRYNcKkLLKYI1ckthsPtB+bocnH9eKvvgb4WuLCG80ma+0S7ktY5XNtK/klygdtygkhSwwx984JBI9F8RXf2jSb5+GVhEyNuBGFfaeR8px+YI9c10tg5bTrdWGYxZLkAk5/cAEnp8vO3OM5GOQK56uU5fjZ1fb4alJOF03FKWlkmpLW77WXRm9HMcfg403RxE4XqJNNvtDSzbVt+9r6bXPkq6+G/xD8K26+LLCaLUtPsHMr3AI+1W8SycsQ/BI74BOMEirfhX4sa3outReINJ8Q6x4Z8SQzbotS0+8ktxIw+YeZHC6xSDOPlYFT1JNfX+n2i3ng3U7edTJbSxgSJ3aM3G11PJIGwnJK4z2bivsX4+f8Eiry5+H3gf4m/AO/j1QeJfBuma1qfga8cR6k2oPZJc3s2myvwVG5z5T/eYYQHIJ/N+JOGVga1Otl8p8s6fM6Tm3K/uu8OrXZPs0rH3/AA7xMsVTlSzGMZaqKm1eP2VaUru19WnZrSzS1PPPg9/wUc1aLTLfwv8AGXTI9YSaaOOPxtZLi7SNiqbr2NAVk4yWaPOcfMeVr1XxF8G/hV8Y4dW1/wAC6lDnX9tzDq1nIrQCWUbpYriFv3kbl/mbIB3ZGeMn8VtU8PeJ/AmrXvh/xBpuoaVe2MskF3pmr20tvcRNC5RxGs6r5gBX5WQ4YgkFRnPoHgj4o+NfAV5b6p4L8RXFisEiyT6Zvd7S4VSpKTWxOwByACypkA7iQc7vmsNmuIwcvZYmDnC6UpNXnFJxsmttrNq2+p9bWynCY6Ea2Dqck+WP7venJJp2TT21d2tNLWtqfS+sfAzxT4Ev7nQr2xk1S0l1ZhbX9suUIUBlCDDMGO30+Y810Hwq8R+JPC0PirwxY3lxYwatqUsV7aXBki2sttIGcA7BuKApsB6njqTXrPgT9rrwb8RpdG0jx9Y23hPX45ogb8bW0y8ulUhZg/8Ayzd22j5sAqckZGK+iLb4YeGfF1rcXdzbW7prF1c3VvrGmMm6VjE6xuJIuNp3A46juOTn6hzw2LwftsNVhKdo88OqWjScW9Gnpqnbqz5+NCthMVKjiKcoxdowqJSUX8Mt9rNvdX07XPzk1Txh8IZNAtPCfjDw8w1aDVpWN5EN1wY5JWLTxS48xZBgusbHbxwACMeV6r8H7zUNF8W/ErwLv1vwD4cv4bS6usLDqOn+fzE1xCoDNGpIVnCgD5eh5r1P4vfs/wCo+ETPq93K9zG2pTGK6QM80cSMxgE8bElCVx8wGMFh/FivQv2br66/4U58fdAu2jgsWn0C+mdkVhMnnRxsgjIIKvuPmHGMgg9wPHxVCjjIa0YwnFKztaWiim3td3d36t3V1fow9bE4Gu7VOalKXNG95RautGtOWSTunorOz3aPhqW7S5kt0uxuiG17W5hP76Jl5UhkwwKkZ5wQR94EivrL4GftbeMfhjqFnpXiu5uvFvg2KVIlt7yV31HS4mIBazuHJd41UA7XfG3jpkD1n4x/sW3WleHtM8ZeCZZdQ1HWoNPu7vSLWMtaJBqsaPBLA6jZDtPyyEqqIzY7/L8BeJvDuu+DdYvvD/iawl02+06UQzx3BXdE4xgrKBiVOQVZdyHPGWr532OKwFVVaE5RWjUoNpPRWUlbV99Ho9fL6OOMweZUfZYikpXt7s0vaJrRWb5Wk2rprZP5n9A/hjxv8MvjHo9tc+HZ9O8TWCst1LaSGEarpc7LmRWjb98jITgugAyDzzlfgv8AaU+B/iFfEJ8S6Vp73nh+S2RYLw5Muk+RKHCTooLGIjPzdVP8WW5+AvCXifxT4H1m28QeDtcu9I1G0aO4M1pO6RXKKSxS5gyEnVsAMGVjzjhq/Ub4Ofts+EfHyWnhD4xWNp4e1CaIWn9vJEJNH1JnAVheR4HkySHG5mAUE5PXn6nL+IKNenHC4xqlNSU482kJzbi7vWyVr6NvR27HzmP4cnRm8ThYyqwatypNzgpdNHZpNp6NvS9rI+rv2cviWfAeg+KdEvpGOm+J/hgxt7mMmVn1a2smWMkkkldxIMfVhjcDtr8UrjR7Lxpr99YXqK+qTXuqSm7gChlK3czxqwP3uT8yg55OQc4r9ppPh/p/mWWu+G7mKfw89pd2cCafNFNaT211EwWS3kUlNo3FgmSRkDB5Wvzc8Z/s++L/AIeahq/izR0m1TSjqB1Ey26M01la3Fw7SpOoHmHggfKuMcjgEnrxmFw1aUJKjzQrO0lHWy0UXHo1JvVp9Er6pHDha2Iw8ZQ5uWpTjDl5vdvKLSs7/F+mq2sfFmv+Ctf0Npb0adfJp0Fw1s2rQwObMOn/ACzllVfKjdlx+7JByQMHJznWs6XAe3u440mKhVmUARuARsDgHB9cjnPQjGK/V/4C/FDwjp1l4t8L/EXwrp2veC/Eb3V3LbzWySSWd3HaoRjcm+NnfO7bghiCeQTXyv49+A2ja7e3eu+ALu303SLuxudUh0a+lVSsUc77Y4JScDamxFRyGGMYHSvk8dlFeEp+xg+RSfLF/E0rO0Y76LpdNadbW+lwebxj7NVnyvlTc2mqc78rd2tFd7yvbRLbQq/Bv9qH4jfCOC30KSefxN4IM8P23w/qMzzPZRBhiXTJ9zMiAAlUyV524zzX7G6L8R/hT+0R8K00vS9WsdTivdJubDWdAuo4mvtLnlTEbiF13Ga2dvkulTgKCGHUfz8ap4e8TeEpLKHV9K1HS/tCKbX+07WWO2vYjk7rSWRQs6Y6OhZTjOcEVseHPFGteGdUi8Q+DdXuvDWs2cgaf7PK6QXSceaJIclJElwQwYZAJ2kDosvzzGZY3h8Qp1aFlGVOo37SknZNRTW2vvR6bPz2zDJsJm0FiaDp0cSuSdOpFrkqcqjL3nHS+i1XvK3NqtD+p3QPDL+G/APgfw7o19JcweHtN0yCzuWZSwjDoNshHLFVACsefocGvy3/AG/NShsPjvDdQrGrXfhu3S4lhRjctOFCySK2MDBypYEDoSOQa7j4H/t6afrPha30TxxZf2DqFjbW9uddi2T6bqBiI/ezKMyW8jfeYYwGJ9AK2v2i/CGg/He8h+IPhvULdzo/hSW4ivbIrcWmorDF5s8Jdc4mQZcqeQSScYIH3FTNcLmeXOnh6tKrGMU5wk1GpHlikoqOl+kbJbK+1j4OtlGNwWKl9YpzpuTk6c1f2dS8l7ykvdba308naxwPx88R/ssa9+yr8FZfh/dWmnfFy3u5LHxQsEci6pLDGgedtYYHZIGnDPC6AnY23Py8/I92ttHZ2Eq3DEXNvEsTMcFghAySQc5HzKxwDyDk/d8c1vQry0sxqum2y31tHBMJpI9xKvuZSCv99cYOFI2k84Br0GG/S+0bwxDcgRTpp7FlKEMhwAoYEDacdjwDwWJIFfCYfKngpVJxrznTnVlOKqNycOeSajF9lqknbR66HW8Q6zUZqEZqMU9dJcqir+67J36bt2V9bn0F8M7aR11to0CrDaQDeASrASoeQSuc56e/rjP91f7PRaP9nv4N5GT/AMIFob5zgktYwA9PYjBJ5PGfT+GT4SXSjTPEkjhmEdraxkgYyQ8ZAJxkcdOo5UHkZr+5z9n2Xf8As+fBh8nB+H2hEdiAtnb4GCCBk9+oPPXmuDOdIRSbacItJra/Knv6NLdWStoz63Cpf2XgWtvrNRW8+SG+q66vbvex6hHM46BQc5YHnaRu5wQc8gkDk5+7jOTbSUfJkkHqCAM89sDknBzz07gEc5RDFmwwJJ4A5AAyOnBLepxt655xmwjj5EGTtxkAHIGM9sDpnvyRjJJxXzaknby19GrddNrnSlfsl2s9F/l/lvsbcbbiSWB2kgnvg9FPtjoTx6Z6VKqkkDBznIwOcjgZycHnAAzzx1JNUYZVLEYyQB1UAe2Rgj0G3oM+uM3FO49+Tz8qgAjBJ46A9QB0wemRWkbaN7W1ik0tbX3V1pq9Lbx16DXKttOi6bLVbeVu1knsKVY7vmPzEbvXPPPvnAznjuOuKVYwCy5IODx1PpnHT06Dtx1JqwvBxgs2AQPUrzjOMYz/AMCJ6DvShSdmMHdng9R1yVx1xgE47fTnWK0slbbT7kteulkn2MmoxSvpay62Sbs+/d73tfdaAoJAC9h3xjBPTJPO4HjkYHTBq2hBCjHPA2n/AGTxk4BGCCBnnp2xiuinGAcgADIxngDg4HHB7DPf62kUA4ChhkYJA3c5JJIwD9QCV7dq0hu30Vkn5uy0008/W/VkVEp2tdX331/O76LezVtFqWUTJxtByhBJJGDjgYHfuOOT1z1FpYl2r8oIVSAeCWPAJ7eueTz1HfKRZ34OMEcAZwBwCxOfwUnJBAJq2QwDZO4Bj25PHAI7Ed8nHbrkjaLV76626a6NbbpP1fVpK1zF8yWt+l2raWUVp2dunZ2SsruDy0z93JOVAx0Hfk5AHOS3GMcNnpD5Zww+6WwOSCAMjrtHAX1+82T3Aq1tZjkfdBJJwMdeBnGenJUc8cqDS7cZAAPQZHPqTzznOeenqT2Oto9NbJXckl29babqz9U3pl7RW3s2l0tde7Zq+zvte+nlqqYUg4QEjIzg5yuFC4znaQTkAjk8Z6BXBck4Xk9u4PXIBH3sdQM8kHvV0LtU4Q5BYkjHHtz/ABe/P94EGm7GJPUAHJJAU5zkdic5GcknvxRFRlporW1bV5bJ6PW13pt2voN3vdNaJXd9rKOy27u/k7N9IUTGB7HaBgbeTkg+h5DYx79yJACP7pGQFPJwAD1J6A5OCOnbpUmCCGPJCjtjkk/U/wC9z1wRTVGQRt54OVGepHv7nqevUDOafs3vdJu73ateyu10t13W7bIjNyvdq2i1dnJ+67vomm4ppX95vskPAAYHGDkjjkHnHPHQc9uQCee71ZiMdGB52gYB59TnJHQYwRTffJxjuT69ePbueR1PsvJXAB5bg5yMDAwRwcnqCMnjr2px3joktG/eafNZattbKz929u62EnBuz3fLqrJJaNWb1tZ69vuvIhBUggDGcEDAPU4/iyQDzx1JwOOH7sqo43clgR05OAeO3BBzznqM4psak447ZGT35PBIxnhc9c++RUwbBJA5I5JA65II49uD3zznsKlP4bLW17PVp+6t9V1u9tt09ps3om7aytrvonZau2q7baLcjxuXIAHzjk/MCVxkgZXByMBuwA45OXquVz94EZwPXOFJ9wpyPxAHSkHJwQFA5Hf0zj8wPXHPBByq5K8Z4JyRkEqMA46/Nz6dunTKu21tpo1t2d3Zb6KyVvLoQ002k1pZaXaSfK7dU7JJu13fbzTBGc4wDgccZxg9jyeAOcADjnNKEGNmFIJyD8ygAkEhiTnqcgg9eOcinEblOB6DHzYyMHrwAMDBx7YIIGXBMElhyAvXGMHOFHr1zjqCfQYFrSKslHTbu212Sv623fQiF7b9t36a+d3e+q3s3dNjGQjr3C84GOPQHn0ySDk9DjrWaMOwL9sndz+GcdTgDqcHgnmrpzjJxn7oBye5J4OR15A5J645xUcuPmxnnnkYxzwRjGSQeBjGe/Jyc3xdVdpPdO9rr0Xqk7P5aKpKDtyt3Vm1qrO176aaNu8tPzMsw7sghQVPODz3HTHU4PAwM9QBtFJg7jgEZ24OCc8DAA6YIJ5+nIHW/t4AbOWOduOeRhRz68Ek5yD3J4iCMOh5wQeuBwMnIPPTnBBAwAB/FKeqaTa1SvLa/K9E4vS9re81rddC1LmS1slZ21X3WXW71tbRat7sRWGBnLdASemRuPBxjJ7n72c5zkU7BxuJyvUAYB45B6frggEfdJAqdRkrkEEDGQM8HgA8ZyM5HQYzkZNKVyM5C89QRwCemO4x6g8++Keut1ulfW1vhTV0k/O2mj1urIhtq1l20svO+/8AwFfr0IsDktyQRwASMDoABn5uAcZIOMEHnD9oDDBIHPGQevcZyTnvkYGM0pQcKMkEAYHXd82D7nsCfXtimqpAycgg8jIzj0OTyOMZ45yepzVO3a23RXXwKyttp8+z2DWbskk37rSSu37tr7r7Or7q/wDNdfKODzz275Bx6Djt0OD255pmwlsdyfx4I557Z79e3pUqnIYE8c4zgY9SOp2DIwuPXPqZGCrzgYPJJBzhTnHtjP1Bz7g56LZJ7Pm8tN0lqntrtd6tmkVODS5kmorzirKK0unq7rvrs9r1ccYBwcZyR1Of6/lx6CpQCBy2MevTkDA56c8DI/KocjOD25PzDjpjGQAee45zjjk04MSpwADjgE5JAzn72QcYPf065Cm7cyvta2lvTotXp26W2s2GzTur+7r717WXa2iXZpvo90Kykgcgkjj+L1x1yMc8n06Himld2ADwR0OABnjnoDjHOev85QH4P8Q9RjAb8Oep57A4AzimEE5wG5IGSemDzkHnpxjnHXPWs9t9OvfT/htenqL3U1Ztt7LdRem9rPdPrrbZjNnXn3JyMn+709D0xxweMZw2SLJ9MgZbbn5uT0GP4eTj3xnpVgISDjGCcknJIXOe2Mk/h6n2BGVyc5GAexIzgAZOQcEZ6+uMZoTvZpq+nmtLa6/0vuLhOKtryrRp25vN31TfZaN910KjRZIwDuPy5VuTz2Ix1OcgDqD9AwLkkMuQu7nHICjPQYYjHQ5Gc9xmrbIpI5wBu9RznJIGTn3IIOex7GwD5gARtxyRsGeeo7YJJJGe4FU5u1rbdFu1dbdbru/8r6KpbaVrLvtaz3VrWtdX6J76mcyDgdOWGG64UkYJ4xtx9Tn3GUKcg/dAAXqDgkcnHXJ649+cYzV/aduAvXoc4wR1wTjdngk54BI46VFsyxzkHI5OMfd64HGT6c9z0GaiMua+jSXdel3r1frd/wCHa1LS76X2v3XRvz018ikVzuI5yV4bjoOvU+n17YGSaNhcE4AA4AwQT64zgYz3Y9x2q08fGVG0DJJ6E5ONwDDGA3BGe+ck81EdwZ0B3YIByuOuSAOOFwFyQSRjA9BpGL0abSbT7ddE3s/K+/a17OMlJ66a7vmTeqT11vr1tezW6ZCYTlcsflDYJXnaT0BB4PseCTxgnNSiFUC9OB/F3zgZOcdSeSM8ksduKsAKxG0nJK5bC49eQQeMBsHAOe2QAFCK3GeTxuH8PT5TwBkjoTyc4JFN3e/l7uujdlrpp3V79rPUak1rtHZ3vzW92+nw+a5lrdrXYptHx154yT9SSccjAPBHbGRzTQuDxyC3IBI3AbegOVwO5PTHOOavNEWZcjaPmUsOuSDzx0G4k89Mn6U3yzztB6AdAwCnscfw4yD1P05xSVlo79Hr35bJW6WXba2vUTqptK1npayul13VlvrbdP8AFsYC5KgDrzx2baQOp9wcHPqBmt2xRTJFjCsWTPXPBXjA/wBknPJJ47VlRxkMfTog7HA6jkHsMLjA7987NirCWI5481c9MdT0PQ45xx07k1Wt7ddV6X0dul9v6RxYmUrL3nb3n2u2k/12831ul/EH/wAFPJoJP24PGwnga4z8TvD1oSANyRiX51UMOQwYggA4BBz1Na37XEGlSeG/hAlpqECzf2Z4rhSzjZP9BgjsYCIsKMB2JLEkA5IyM5Fc7/wU2EzftmeMJUCPLcfHWwt4yW5K2zodgIyMDcDhfTIHrzP7UUFrZ6X8MZoZdl0w8XJevLuYGY2UOBEzgqCxwDt69MgCvlFVl7bK4O6vXxy1vvHTR/PZJea7/Z4SlH2ONqJf8uMulKyd2nGm27LfW29n67nxf8JvGi+GLky2OveIdI1vffWsFxpMcRaSJnx5IMqsCHx8205A6cV9NQfF3xLazS3dh4x8daRquoLajU7sBI3vHg4jMjQqHb5SADlmHYcCvjT4cww3OuaMxlaUx3kzED5cASsRnggdMc8/d5wCK+2dItYJbm8+3QLK7pBNZlmTCBW27kCnkjrnj5j0wRj9by/hnL8zwKxGIpylU9yF+ZNSj7rikt1rdrpfazPlsRmuKwtWMac7QSutE7StFW3bu11VldtPTQ5bUFvPG76Tfa7qgTTPD98ha1vDez3NxJdXAku5o3lLCGe7Aw5XCgnggjNfpnL+3J4NufCek+B4/DHi/TdL020XSJ7cTW1xEYzp6Wb3cCuGlBAQyxgjPIBA6D4G19Fs7O/tktk8mS701mYkEqWkUEBh1Y9+QAdvPHOfZaYs+s6rJNauJI1t1t0LkqDIoCPjdySSM4OR6jFPF+H2S4qNGm41qToc3J7OpJJOco8107xbaV3ppfzZjS4mx9CrOfuTc3GUnUglzcjilZrfe68/O57z8KvH/wAD/Cni7xTqWqp4o1HSNQ8N3GlaAdSskvp7XUbm6lkuLicNE4YYfajH5FAGMYAPmXxb1D4a+KdW8N/8IzJc6RoWmxra6tKNOmgfUbuaYs8wjVEUARllZUBB25HU5w9H0s2Y1KS9VjOqSwKiSH924/eKTnhMq2ASOuQSoNYGu2149loirO6E3yMTldoDuNhcA5IHqACM/MCMVNLw/wAFh8Qq8MfilN0ow5XNNOMYxitLKPM1u9G+yZrLiqtVgqVTC4eUeZuL5Jc15KLezu1f71sze1vVLDQrfRdStRp97a/Y9Q0vy4ytpcmJt8dtLcCUoxYDbg9RjGSOnnGj3E3hTVTc3Wki5tLjRxAHs7iOSSR7q7M6KNxYNIAduF6H6V3ep6BaXem7bu2S7uLdZHWQ4ZXLMeB2yeCM8kdvTyvWtLl+2wTFpLO0xbRw+XIy+XKpVugbGcAD7oPPHt7FLheKVOKxdefI1yXUWk1ZttRaXLa3dpabHIs7s5t4Siubezkr3tu5NvorfnZkPwq1d0+KUep3FrPDb2+tXk1zELZ557eARSKjSJGGyEUgEgH5hkk7Qa87/bg8Q6PqtjrdxDcsscmo2FxELiNoJjbLAqSXPkkKdhLHazLzx1xz7B8CiD4715JJS4Sa4kllIZnkXy3TAz9/Jw3IBbIOM5ryb9tbTlv31zybSGTOgWMJZkRZGVp4zgE8L3+XjjnHY9eKwtTD5dVvXlJ8751yOKvHT4k9dUm1ZtNaaI58PVjWxScKMIqUVytzb+KUW48jSdk3JXvZaadvy9sdT1DVohoelTzWnh2eULe3MSvFcaqTIGESMoUiAZAZQRu9CMZ9q0iLw18MNOn1jxDi1jZWGl6YmDeag0gyqRR5LBZGwWkIGBxkYArhrPWNA8F6VbNdW8Go+IY1ZrDSoSDFbSGQBZroj7qr028Z69Saw9J0bXPHWqnxJ4nee7kW6kSBHyLW0ijUukNtG2FCqQACoJIyeOK+LjzVJ2Tu2/ia1asm9LK9lvJp9fR+5GSpq8uWU1rFX92Curu9renUr65q/if4qXsN3qqy6doEf2iPSNBgYx2kIikyr3Ma7RLOyDq2SCQvcgej2mm2+my+GbeKERrPr3h6FguclZJ4lZgOOCcEjp7Hvcs9PFvBbwLGsapdggjG7dPAzEDthmOVGOGyMDGK2Psok1nwckzhHbxR4diUMVyXS7hBBLE8hm5PBJwD1NdsoKlSjGKvNxk5O9rWteybvp30u03ps8lN1ZttuUtFfaMUnBcq8n8kz94P+CmUaW37P37K1nEoXZYaduU5B/cWahACd2MKQD3HODzX5W27bPBHjN9wAXQtZ5HzFv3LDHHO7Bz2IHqMY/Tn/gqT4j0PTvhF+zbYX+r2dpdW2nwuLeeVEkaOO1j3SqGA4B6Nx1x6Z/JWz8e+DJPAHi+JvEmmfbbjQNTWCASoXllaIhVABDEnoODgepzX6ZwLiaFHhqSq16VK9LFOKnNRblKLtZXvq7q3dp9mfmXFeGxFbPacqVCpOPtKCbhFyirOKcnpZJJO99vxOl+GEjr8MvAJXG4+G4Vbdgn78owRjPQZx7cdMVxH7QKF/hRrx8zLAQcMe5bGemTnjB5x1GcPmn8OPib4Fsfh94Ptb/XVgvrTR44ZrYW88hjfe4CKyDBYc457nGD15r4z/ErwXrfw61rTNPvLu4u5fL8stY3CQsUYEkyNGERT2BPY9ea+mlmWDlkqpSxNN1v7PUeRSXN7T2cVb/FvptzR3Pn45Zi4Zv7RYWooLGuXPKLUWnUTv5ppXv673Z7N8LkMXgLwcwA3NodqPvZYZjycdsdQQRgnJ610OvnfpGqbY8f8Su+yM5I3RkkgDvkDgnOQeAa8N8D/ABm8H6R4N8M2DaV4ivbqz0m3hlNnply8RkVCGCybCpX0IJBzxjGTo6n8atMvNN1OK08GeLXMtjcxJIbFkjUNEwBfOcKuAcHGc9cZFelRzPAf2fTpxrRcvqsYtRjKTUlSStdR0btbpb8Tx6+U415pKbw9ovFud5SjFOKmpNrVW6W2d+ivryX7Oe9fCE6EnK+INQzgjoZpCRz0AAJGB1z26fVUUgJTy1BYI2fuhsBTzwMDrnrwRngYNfC/wU8e3eh+GLyC38GeINceTWbyVZ7JI1gjEkrHyS7qCsqZAYe3J617rF8VfFW/bafCnxIxO4fPLbRg4VuWZyDg8jI+XGcZ6EyfM8JHLcLGTnKUaaTUKNWWqburqFluk3d69Oq5c6yrG1M2xE4Qp+zlXg05VqMWrKH2JTUr62fMtb36HnXwpyPHfxX2qw3aunJIA5cn17nIJGcj1PT3m2tHmk8zG3YVHJxnLAYAJySDnP14HFfLfwt8Q+L7fxZ8Q7rTPh9calPeakkl7bT31vEdNJkzsdmZd5JyoK4HOccLj3pvFPxYkdlt/hppcKrj5ptQTkliVLbGBDA5GRnjkjIzXFk+Mpxy2C9lXqS+sYl+7QqSVpV5S1ly2TV9dU1s9UevnWAnPMFarh4ReHw0ffr01K8aFKLbjzX6Oz262szybxNbuP2mdN52BvDMKkj++WPXg9T7euck19MGykuAf3m3AXcGAyVDHJUAeh4655xx8tfIV/qvj+4+PljdXXhvRbbXm0SNIrE3Ly2awgkmV5A2d3Ge4XHU5FfSJvfjHKqC203wXbqePme5JXJ5BABJIPOehJ9K1yjHqEcb+4xM3LHVpNRpS93mcXyy0STWt03dWV9zDN8DVksFH2+GjGOCoxu6q1cX8UErtpaK+qdmeOfHuJ1v/hocEH/hLbdhkBTw8YHAIHBG7IGfmx1HP1JpltcNE7GNthMe3AHzcd8jI3Zyc446huSPjr43x/Eu5vPAJ1ibw3G0fiGP+z/sCTgJd7gN1x5nHlqxHQnjrXs1nb/HGdCD4p0O3XcoxDbY+UKAMApngdSR/M4vAYyUM1zSrDCYmamsNDkjCMXFKnvK811vte++6dzH4GE8oyqlLGYaHs/rLlJzk4ybnHSHLBuXK009t9Cb9pm3eH4TX5faN2saMNoBGCt3GQNoII5PPPUED5gTXr/h62YeHtEPlNIDo+nso27t2YEUMAOTgZBI9+vQfHP7QNh8SrbwBJJr3iuDUbNtVsh9kitdimRJUdGL7SCFJDYDEZzXq+g+GPiBqPh/R5ZPiNPax3GlWUkMFvbRjyI/JUCMNtJO0EDIBJ9ycHop4+tPNsU4YCvzPC4dSg3TTVpSab5puPvXst229Vax59bLKLyrCKWYUVCOJrNTUakoOTVJuNuRNtcut1a+z3R7XrsEiaLrDmORY10nU3O1ckf6NN98ZxnA6AkgZPJHPhP7NIkbwEGSKR1/tnUyrFSFwZ5A3Xrg5OONpHXuprfw911dL1EXXxE1+5K2F67JCyKHEcDkxyBG+4+SO3DHndwfJfgn4AutU8IwTjxhr9nBNfagjWVnO0cMRilZS4EZHLksD0ySD6ZmdfF/2vhJ/U3GTw1dRpyq07uzpNtyu0krq2l79dBQwWDjk2MprMFKLxOHc5KlUaTSlaKi7avWz02s9z7PuFIaIuVRzKxO90DHOSBgE4IPXOfbNfL3wHaJPE3xalknt4w/iebLSSRopCyP0dyARxjIGc8emO6T4RaU2yW68QeKL71VtRuY8leDnEgxySc9zznOM+GfCPwF4Y1bxJ8RLTUm1J4NO1qaO1SPULqD5d5y0xR181mwMtIGJ+YMOPm2xOIx0sdl0XhKcJe1r+zTruXvexu+Zqm0mlqrLra5hl+GwCwmYwhia0ounR52qPI4pVYNOMXNXu99tT7An1fRUZVm1fSYvKQnLX0CsT0wQZOh5HQjOcg184eKPEOgr8efDV6dY0xLKLw/cJLdC7iaBH3Y2NKGKgsTkAkZAGOor0UfB34fktIuj3ExKFyZ7+5l5zkj53yQOgPIPoMEDxzUvAPhO3+N2gaOmhQLp76DLK9oZHkSRgdwZy5JJ45A7EAAds8zq5j7PCOdLCq+YYRU/wB7UlaXtEo837uOl73sm1HZO5rluFyyLxvLVxVRvL8V7RuEI2gqcVeK9o7ybvZJW6eZ7veePvAMWS/i7SjsXkxTxvk7gSPlcFgOnXjJIyp48I+MfjDwrrul+Go9I16zvWj8WafcSosbK0dtHuMkwPQlRknBywPvx7tB8OfA0EZWLwppWMODvhhYH5juI3AFieeeevcgGvJPjB4d0bS7XwSbLRtNtY5PF1jDItvbRIZEZipjZsAOpIAfkjPHGRjbOpZnPL6/t3hIQbpXjRVSUpP2tJJXlJJLmaXw7Wej1POyKGU0czw7owxkp2qWdSVNRt7NqTaine6Wlno+tkd/Z/FfwHp9jHFJr9xOWRV222nXTkMFQFVbYSSCOAO2MEDFcz8RfjD4NvfA/iyysf7eup7zSJoI2OlXaQh5MbS8zRBI04OSTg8nsa9stdG0NUDRaJpuIVjOz7LBnJRefukgluScZ5+bgkVyHxTtLWH4d+K5Es4IQNHuZGWOKNRgAHGY0AUA44yBjn3rurwzRYOs44rDRgsNJNKjK/LGnFNOUqlk7N66pL5HHRnlX16ko4LFSl9Zp2nKsmr+0jZ2jTStfVq70Tuk2k/Nfht8V7Sw8BeFdPi8KeJr+Sz05ImngtWFvIy9TCxjIZO3QqQCByOOwf4qalJHKIPh74lbeH2kqiAZjfByyA/KCc9gAfqdX4NtFJ8NPByyOIQdPQIcsCV3HGCCQ3XbnOcEA47+oXpj+zyoJZSypLnCkdYjjacAH2PbJ4wK2wtPGzwOHl/aNoywlLlisPS+1ThaLlJvyje/e2xOLqYFY2vbLPaS+tT5pSq1GnL2iu/dSXqlay0Wx8M/CDxj4o0+bxg2neCbzVhdeJrmRz50MQty8mTC5bGXQjDEEgA8jsPcR44+JkpkWL4dQ2ynccz3kIHoMhGHBHXHzegFcf8ABKXMXjbknZ4pusYyp3mU7uG6ngk8DtkZNe4Szq+5Wz8uWIMiKeMnkk8A9+/TA615mT0KssvoyeZzpKU6rUFHDxtarLq4Sfva6NrTRd16Ob4mnHHVrZXSqSjGlFzm6z5r0qaSaU7OyslZeb20+bT4l+I7fF4tb6Bo8GsT+GI1+yzTs9tFaozMZAyNu8w5JIJxjJx6esm8+NM0MY8vwvbJgMBunYquMsRgjGBx1zn+LkV5+bm3i+PcAeaCFZPCe1pJLhVTcWOF3lgvTGVJOcknGM175/aejxrGJNX0yMAHIa6gBK4ygJLZwSMcjJ5xnk0Zdho1FjPaZhiLQx9aCtVhC7fI7ytG95O7bVla7sumOb1pweAdPLcO5TwVCUr0JTcXZtQjLmdklp1au3JuyT+Xfi5F8QGv/AP9r3+imca8F08WwmdYrl3TEk5ZmBTPO0ZGDkAcZ9Mm0X4vTlg3jLRLVQqcQ2nJz8u0gjoCOh45PFcr8bNT0ibV/hy9rqNlKsfiZHmaC4jdYo1KZaUgnaBjv7A4wRXtP/CVeEYXdZNd08hWUkCRZGOAM5yTyevp/dzjiMJh8LLG5pTljq1ubDKL+sShdeyju4uLaStd6LXTXVbVsZjI5fljp4OheSrNxWGUowtUVrcyfKnu1pfXR6HgPxO8OeP7fwXrD6t40try2EcKTWcVptExdsD95tyoGeRnJOeBxW54R8FeMrjw3ozx/EnUbG2l023EdnbWtuBCCqptVmTc2BhRknpn3rofi/4q8NX3gLW4tO1S1nkka2CRojFnAkGcEZ6DPf8AUVe8IeLNAg8OaNbtPcu1vZQoVisbiUB/JDMu9UZXUHg88nqeuH9VwKzZxeInyfUoNT+s1NZOq9HJTu0+zei1SNZ43MZZVTccNTjUli5RcVhadlTVOFm4clluk3p3XcyZvh5rixXP2j4l+JZyLW5YoqQqHxEx2naobBJwMjnI6DpzPwr+HLat4Ptb6fxh4kiDahqsf2a2mEMX7u6lQEKhUszY3OQckkjJr1O58Z6LPDeLBHqsshtLoLt0u6PPklcv+7IRSQCSeNuCRgZPEfCTxfa2vg22svsGr3LJqOql3trCZosNdSFl8zYQMAAEc4PU4I2qrRy5ZnhUqjlH6viG37WpLW9C2vM+brbXpdXehjTq5rLLMVJKKqPEYdRcaVJJRcZOTS5bL7PnZbpavo1+Dui4DXeu+KL6RpNpD6pcx9TlT+7kBySF4ABJ4yCCK8o8HfDXw1efEPx3p17a3d1Dpj2gtBJfXbTgNGN29xJucjuzZBXoCMlffj41DTA2/hzxBKF2lR5AQ56g4ZQev94cYPAHFeK+CfFM8XxU+Itwnh3WLma4FqXtkSMSW7eUADJk4yMDseBnPYTiIZYsXlseWLX1lqqrSknHkkrWa1vo9La7KzsXgf7Y+r49upJS+rxdP34RtJVKV3ZNcrSvdvTVa9vV4vhH4E8xXPhwOVZwZJbiZwzcAEAsehzu3evBzgV494w8FeFtO+KPgXTl0axS0uYriSeEoXR8klSxYHDdMZz1z0Br3X/hMdZNv8nhHV95LEl5IIyByDkZA3Y7jK9OTyT4X491fWLv4p+Abg6E9vLFbTrFDcXcKiVj1JcNsQAbSS2c9cc4rfM1lcKFN0aVO6xOHu1SlFpOpDmu+XqtPn5hlH9tSxNRV67a+rV+X97e8vZOz0lpqtJW0au72PoO28C+CYox/wAU1o7kMdoa2iYhc5UncpGepA7EevTiPiXoOhWngzVJbXQ9HtVD2oVltYFkAEqA7WCE5cAjg5wxB610yaz4j8lR/YWlRtyQX1i03ADgbh5p5IODjk54GTXnfxG1jWJfCOqLeW+gW1usloAy34nljbzkCny4yQOeTk/KAAeRW+Z18ujl+KjToxU3h5WapWd+WOt7P01skvVnPlmHzOpmeEdTESSjiIStKveMo80W1bmfNZLbTraOp7b4e0TRX0vSJV0vSY9+n2uf9Dt9x3R/MzHYC7FskHhiODXe+D7XSNL8efDG8t4NOszb/ELRW86C2hhkRROoZRIAvUEgtkYzjGDXh2j6lro0rT0l8XeFLRIrK0XYkU7uqtGuEYgYLY2ggEgHnJ4Juadc3c/ibwdFeeLdN1OMeL9HMdvZWtxHJ5r3kSoRKFAIUkZwd2CQA2cjxM1xmGlklel9XcL4KSjOUI8t3Tik00nyq6128up6mU4HFLPaFWeLhJRxqbp88pNp1I2jZpLpdK/lqrH6gf8ABZfwpbal4Y+Beq+F7uHQb+5uNaH9qWFtCtzLJJHbHN3KFBuVyoxvLFcnFfgvqWsfG3wtJ4cj1C3sPG1tbagVguNi216SQcRORtVmZc7WXvgYz1/db/gqvc+K9E8B/AODxQNJtvDcN5P/AGdqVqZDLMZoLZisqN86hcDliRnkk9/yB1vVrTVf+Ebk0y+gvYxrMRJinjdxwT91W3r34Yg8kMc4FeRwFgqOJ4c9pDHVaGKVedvZ1bRuqsWv3bfJJLXurntcbYith899lUwlKvhnQpuXPS5mk6ackqsbShrdK0u2mxzlj8cLKFfI8X+HNd8MTCZt7y2slzbAgk/I8asApLA56dcn06HTPFvh3xH480O60TWLC7jOg3kbYnRJY5Cq4SSJyGDcEEdQe4IOOquIoLtDHewQXCtIQYrqJHY5btuG1gCB67hkAGvD/Enw/wDDF7400CAWLaT59jfvNcaQ8lrIzoo8tt8OxTgjcckgtkcn5j+jShm2Ep05+1o4yEalFpTXsqjfNCy5o+622r6R1d/K/wCew/sbE1JRVCtg5ypVFJ05e0ppOGvuySmrLVavfyPqZI5XUOWO0Y3AjDfeOWU55B6cDPOecVjSOyePLxnWTC+FbAHd9z/WyEbSRjB9uQeM8CvAm8F/EPw6WfwZ8Rb2SMKJFs9dhF1EFznZ5jb5ADjaMHOAScGptP8AiZ8TfD/iGdvFvgaPxFjRIYXuvDjbnNvG7HznilJIbAzsQZB5UVpWzuvB4dYvBV8N7PEQbmkqtPSPLfmhrbW+y89bX5sNkGFcsR9Ux1HEKph5QhCd6c7twe0+Vb2Tak9d1rr9JrdL5SovIlOW6AgDqODngkjvzgjIXjmNHfHjvxOp+VH0uyb5s7mYydc9SeoPGc4zxwOP0r45/DLVJTBqV7d+E71UA8jWbKa2UOSCFExRYxzgKSWUYHY112i3+k6h4r1y80nVdO1SGbSrDZNZXcM5bDg8bCQGycgD5lVecg12vNcNiMTg/Z1oSar80o35ZRSjpFxk003dvr3TOSOQYnDYTMfbUpJOglHlTalacHZNK0loteqavZHpKzOWiABwPL4J5yOowBjkH0OOD/dJ5nSJv3fiIlfmXWiMZIU5jABJ6EkY4zg5zjkLWrc3EsMkSgMCfJJUAY5J7Z6544GScAdCa5rRLguviUk5c62TjIHymJBx22knOcDHPGQRXr18TGVelyyvHW17O+kXpbVrXfp6nhYPDThhsQmndezVpJptpx2bV073v9yfU/N39sIh/ipatI7KP7EjY4O4YLEbeMDB4xgDaQcZxXmPwnaQ2HiNFZiptVUKwZeDJ8vA6E4BUY6Dnk16N+18gk+KEAVihGiRhjjCj5g2eGOfwBOOnTNcv8INHd9O8Q3Kzjy4XsxKRyAhAZuDwAB1xx1zmv50zuMavEWZSUW19ZqaRtvda2d01e+3e5/RGSNxyTLk4ya+r03fezfJpZ+V3fpfTTb9bP2A7nVf+F1fD+3ivrhLRtI1C4lhlcyRvPFavEpO9jtKp0xjj2Ar6H/bSvZ7r4uWayxAC18PoCwyG3C4DFuM9vVWPQjnOPBf2BIh/wALs8Hosh2w6PqTDIIIjdWCkkYODngk9Bj0A+iP2tY2k+OVskiK0Z8NS7tw3ghUZwRxg7CMDOcd8nNfOzjbMo8rSSi76+cdddNbeTer16fTx5PqabVr79WnaO63Wmunp6/nz4V8nUtYsZHCvcJrOsHdjawVVlQOWPXa2M+w6Hac42q6ldv4n15blFgnN5pFtBnIW5jtsfMrNw2QM8Z5zgk8V0fhLS4LnU9BdfMV7jUdYDtGSOftMijOOR37k4ycDrXOeI/NbxFLAyhodP16NZGwRO+0FVj3DJJBUdT1GT1FddnBqTuo8+t7NX5oq61TvZrW72aa780uWacfS1n7vM5JLopaNXvrt1PY/G1mRoGvLdBkza6TPCe4E8kLEfw8MecY5ODjHNeWaPctc6pPBdzSfZrPQtVEbI5UoodRtP8AeB6k8kH/AGcket+Mr2PV/Dmr3tu/+jwRaBaSo3LK0bwqyOeoIboOCM54C15xHpbLeahcQQ/uz4f13c3PzMJQQAMjoDjsATn7pxW2I5Z2tG6jH7Vve0jo2tNrvWz/ACU0lKEVeKcW1zX1TV47NNpvl1Wu1muiM+xuZdJuNfhuoc2+seGdPFpNHGBGmwAhpiFAG5Bliep5POceh6lZGR/AkZRGSXR49rA8P/pkBB+UjkAEc/zrlI3ji02/WSFVafwVAFhuWzIcRj54snd94LyDyAOCDmul8N3U2qXfw+sL8Ikh0eK2swjYUnz0dSQcuXVV+YHr7VxwbjJKSs2/dimrW05V2TumtF3TOxuMopre10001ay6/K2qvorroHjvTt+n+MZ0AWOLxhpiy4bK7RtGCBnJGOpPLHnIPFvwVO1vrPi37O5eCx0W78yBnJRvtNuSmwEYDgEjj72D1P3l+Id01lZ+KdKMKyi98X2JSRT0MbZw33jhgOAAOOeSTWJaXMuiP8Q7ueFol/4Ru2niZSAxWSDaCpAwCeu0nGcj69WklyyTVo+lnFRfpb/hnc5ZRknovi5U21trBWuum+nXq11338P30+tfCm+s7RjjwnrF1sRgMlhISzdgByRnnnOckgeY6JaXKeFo2N2ba6f4iO3ls2VkWCaRym05Bc4wMdyME84+hvAmtadqA8GxSXGy9tfAc6WsLlRK8t0jMAgONwwDkAEYOMkZrzCfSF1jw7bWUCLa6ivi/U75GBCgmISMxJyBj5SSRxgn3rBySi52uuZPaV3Z2clbvZNK9ra271yO8XdpNKVu9m0rea38t3YuaXcpdeI/D8sTykXVvrV1LGRlo2EZUFQACULKcEjG0ke9fK97oUP9sardzi2EhvtQZHlcEqGkYjepPDYJxkEk7tw67vqn4dpDdaj4SlaYvqMOgayswwoEoDSqZCOjY2kcjJ5AIJr428So7a/4hAc/8ha9X/XFQnzk8qD14JweRz6DH1/C9WnGU7pTvGya0Sd4fJel9LXV7s+R4spuWHpJN253dRdr2Sv0eu2r0TunpZHrfwVsLSLxefLuYGabTZxKLcAEgcsgBOMZ475IOSeTXYftmrDH4V+Gy7sI91dMpYYONqDn5T3Ue3Xb6Dz34BWSnxqMvGc6fdcI24/KmXfAJ6Z5wQMgc4y1elftqBG8G/DDaACl1dq2TwQoTjrwedw79MDJzWmYck8zozXu/AuW+jeiSb66e81eyavfVHPlkXDI8QkpNpPreTsovR36XWmyvZ2V2vEWlRvBQSN5GLX9mCQGwFWNNvGcdQcAYBGOPXf8FB0g1EGOUgw3rB5FbC/uR2xgYAHTsSehNc4sjr4JlMIfzDd2Bi8uMyMwxGNy8H5c4B47joDivRPBqTrpVx5yS7xDeMFkiw3EK8lSBjnnpjpxjivrKUIeznFybcYxdkvd+zbW909r3tor26v5D2VepiYu1k7yb6cq20bfp5r5HjfgaV5PGWl+Wsy+XqcrBmBVeGG49MgEHgqc47kCvd/hSd/xu024lOQs+pKpJ+Yje5I74GM4xjoN2cDHlXghbw+IrCaWN0VL6dkYw8FSxJPAJ79OvIPQivQvhO05+M+mSSrP5ZvtUVWZT5Z3KxAzjBBJAbrwcHbiuHFcjweK5bt+wlzNpK1rSTW7eml9LaaX0PSwFKtSxeFlNp3xEUrXTSc4pN6tNPp8jsP2ujGsfhNlcBpL+5UgnAKBiAC33QdxyR8pJPrjHkei3cw8GzwtKqKYLlQBwDEFZvn6ZX+L1465OT6h+2BvaTwNBb25llee8mMaBmYKjHqFzghsfe78c4NeWaFb3p8IFXsZRM1vP8hX5ixB4IC5XKnJyQMtj7xFcvDlJ1MG4wk9nq78ramnb5NWVnbyZrxPKUc2fK1HSirXaurQckr7O93vrrtc8wubpV0y0iWbgyEdW4XrjIBIzngEfyBaS4kIstF4Ygw3Jz8xORKpBHY7f4gQBnPGK27TTr8W1skmhyEgSsWEYbc3OGAfg4PGDjnjuQJ7yG+e30YNp1zapGlwhlFuWRv3uScKuAFIwT0HqBzXpYpSpKFR1Y6SSktNE+VPmbkmvm+1rbHHQhiakmlrdSa5VeUtlZN6WTfRWtvufQn7MkkqeIrppOT9gG7IxwJRtHPTg9D+XODpftRMv2jw7EyBiwvWEb4KEs5OdvX0yOTjGOlZH7Pkjr4svYT5uPsIYStC0cbIHBZQ5UAEAkYHIJwR3MP7U1yz6v4ejWTcFtbtg4OAoyT6EEb+BgNnIBI618hO1XPlKMlKKjGz0ab5UrNrRq3be+595RpTp8OOMlKMm27O6a1jb5r79kzyDRPh9oes+HtMuTb3EF7cvMjTQsSuRnbuBJGBwMDqCeOcnnx4A1y2uL6y0nUo7s2ygtDfAHcMrlI9/QjkE8cnBz1r0Lwdrl9a+F9IdYTLHHPJtB2oHIJyFLdD90HA/i4q3Yawq6zqVxNauRN5fyxnJUlgSCeMKdp4xkMMA88fbPDYWpToqcUm1F3V09YJ36rV63Sve+r6fndPG5hh8RXanKdODdo1EpR05LPW7S0tfT0Wx4Ne6Pq2l3tyl/o15bTxBS0+nszIATksfLJwuMsR14Oc/eqXR9e1iwcz2OqxXJinWRrO/DJwrf8ALTzMFsfd4JHGPTP0TBrenya/fvICivbrtSVWYEhRkFGVg3Tk9xkcEZrivE/hvwz4h1O6tpIIolfTvNE1kpiIlDZMhWPaMlznHVmw2Mkk+fWyqdO9XDV5R5W2ouTutU0782ytZ6b99j2sNncK8lSxmGjK8Y62Ukvh3Uk7aa35klvpdny14lvpte8T38jKhvbyZpWWEF7cPtwyJj+H8MDOWIr6C+DngmBfEfgeO4v4Y7jUZrmaSBpo/ISONGIVDuLCYkABTksQBjOc/Nt1Zrouo6rBaXErSWd5LBBKzZcxqMZJbkEjGSOCACcda7z4Wza1H458I3dg95PObqUQTOC1vFMFb92pYmMDPJVccgA9q+IrUZ1MS3Gq6c5VXzcy0cnK1knreTvf/hz6uNSlTotOCdNUrR0jZQ5YxstdGkrdrb20PqnXtPntbjUrVLmC4Iv7pPLVk80CNnC7oyyuG5HXcWI4BArn7A3EawloijJHMCCRzg4wCcjlcnjGDngcVwXjLV/EiXUt1rWiTtctqVz52raY7AOC5GHSM7QwwDjvkZxgisu28XzwxQLa60C6SgPbajFsbLEFlz8rMD0JzxwCW5I+zo5nVwzjHFU2+RU4ucb2aXJ0eivq35rbU+OqZPQxLc8HXTbd+Wfe8X8UVK2vkvNnsUMm7TJz5gyXiwO5G/joCCScDueeM5NLeEETBmDH7PFyMt3JwcgjJ+8OMH+9XGW3irNncxXWmnYZEU3FhIkkYUMDnYfnGCeRgkcgZYVsrq+mXrXBgvkD+RGohuT5LZA52hwpIGCdwxnk9M17OHx+Fr2UKii1y2i3ZpO90m97N7a6ejt4WIyrHYd806Lai179P34rVpu8VbXTXR9XsdQsksaRukjJiz6Bm64574GOccEcEcEYrnfFl7PLpEEcreYGvbLaSuTzL0JyCenB4xjO04Fbas+yHeMBrQFmUg4GMY4xztIx/Fjbgc1geIwjWMDN86i8sgAO5MoBHAIBxnJz1BJya1xEXOjUaa5XTta90rpWstelr2et13Y8HzqrRfwtVYtp6KyautbW93a++nmfXPh5g/hm4SYlWGnxqkgA2nbChUFeAOvXqfcndX6P/CjQNK8U/s03qX0MIvrLw3dvpMrgKZxEGMw2jBkHykKcEqT8vJFfnPoMEg0V90KspsI5MfMFwIEB3YJIBUkEZPAAOc8fY3wU+KWoxfDtvCjLpVuND86ezeUgT3lvMjLJakPgMjnIIIzg9Dn5v5e8Y8oxuMyfAYjL6cp1stzKhipqDcXGmpWlKVmlaOnM9dNelj+kuBsVSoYivCu0oYnBzoPm+03yzSS131S2ur7XR8MS6Y4sdevpHAWO6sIfJaPbJGDeJEuQQACcEgHnjgjrX96PwNU/8KK+DDE5J+G/hoEf7um2u3BxgnaOmBnHIINfw/8AxAsdSg0e+utS02CyPiO/g1CyMOAZoo9SyCFQACNcYC5xgnHzE4/uK+CCEfAn4LgZ+X4b+HBgdedNt88nABxnOR9O9duVYyWMyjAYqbUqs6rhe94+4qcWrq6XvJ636NvRaxiKKw+MrUqbvG0ZQ2TcpOLs7Lflcd2ra3euvfggA8HLZIJ3AnAz93PoDgemewJFhQQuMHJXGO207TwCeOnbOdoHtTCDkjGCy7RkZ56c9u7AdjnpniraBgq8EHO0HByCc46YPTpnDHAI65PffltaStpzNJN6KOza6O1nr102OVJxbfNZpbu/ltZO2l+/TpoRJEMtkY3MQcnghe/J5XOcevBHOSQoApUkLuywHXJPIPfb7E7c8E9CKmOSMe2CSDkn7xx27HIPrz8tQFm7AE4PJyDwSN3YgdB0yOc5AGcnJyd3rstLLRdun3X8uxeiitPi02aTWmqfu727LS1tWrV2QBlYEAHkgA54yBySMNjHbI4HqKYVPU4OCMY7dOBnqfUkcY7datooJBKqeCSemOxBJI5AJGR3H1FBXO0bMrySR1K9ABz68Fh1zyxFaRqqKtrdy6J2vZWd7aLo73XRGE9Hppta3Tonp8t9lrsikPmOMEYPHbnGDyScgYA3d+OeoDNnKj5c7jwfu8ZJ7HuCAT3xztyauENuwQeOhZcckAgkgexwOnPfqGbAQQTyMDPIxjg98AEc8ZwuehwGuM7qPTa9k10Td7de+t73VyHFqL95PbV+Sjv9z6Pz1uisNy5I4HO7kEgk4BwAATgDA+oI6UhVmGcA5X124J7noASM5Jzx/DkCrDqQcZ5PAwMfeGQSOwAwSfxGQajAJyCCBkDhQOOp69jxxkHIJHStLxXbS9+V3u7x07+vltrcH7q97S61dtNbJ29W182Ii7mAIGAfcZHcjnkdTnqcg5PcKHABfjcRwOCSOM4znkcHByADk9RIoAUjptwQSCeu7IyOcdM9SeOQerwo5AJPPbJ54LHnO0EAjC8ADIJ+YAUmnvbrrunp5d7rRX3b2CXK+W/XayaX2e3qk77d+pWCsF5J5BPy44wQTn5Rwcn15ORnPMRQ5O8cMMg5JAwPbgjtgZGQc5yTV1gFAUKNuM9einHI2ge4yc9OADUJxkoQMFgAVAIwDnn1HT7uDzx1qlJ2d7LTXvuvXvs+tr7icb8tnsu71Xrbz2tZ9NitsJ3dwNoBOABkkE+v4/U5POIWQ5zjgnow4wMYHYFfdcnr14q2wAPHO4HjBI44UN1IxgHAJ5zjPC03Zkdi2CD0wPcc/dx0J4zjuSClNJpq6d9LdHp993rp1S0vqJwtFau/k3q20t1b7rLo9kVSg+YkAFlK4HUnGEzyc4xjqDj9DGAjEAFiWOMDHOBn2yOvPHORxmYohAyT3I+XOBjIJAPHpj3+tRuGGB67c45PBzzzgHPoMdMnBwa9pq97bNpWf2bNbaW0tpr8jJqVlKOlvN6tuK1trpe+tnoIW3cE4GcZ+8OSTnOBkjJBGMjJOewYyjG0MBkHOQCcAZXngnd17kDPWmsSozjODgqTuwDtAzk9hk46n9ajQsDuJ4AC52g5wx6gcYXjGOACDu4IL5r3d7Se9u9lorXvp5W06kKSTSelmnZbe9utdrX0ty6vWyHEYwSxwM5zjjsD17fqCTjdwFBzjn7w+UEexPfHHr0x9aYSxOe2NoXsSABkt95TnpjGPbs9flyACQAvI/2ucnjtk5B9TnmrUrJrTfRr5dH3V+v3aIakm7a/ja/u6LprbX5gON2BkoQCchuCAe5yeOh/n0D1AZQSvJyemCCc9uOgIHOMD24Dhkg5GOuAeADwFycHOTzt5xgYPan/AHRt6spXcNuODjdknAIHU45UY246U76Kztpo9Gna2nV6+Tv89FSko6JXvZK+uj5XfXotPm7NDQF4YjbwATx0xjIGcnLEepPTaVNIyg5JweNqgHHI7t6E9WyMnuBmpMKWOOfQc8FSO3fGOcj0+paQMYA2gsCcgZPtx0yTnjOPWoVR3itG3ZN+dld6JLTW6b00va1kkm30ST389L3Ss9VfWzTvpcrtHgnOWBABAxkdThcgAEZJIBweeR1pu3ZjJUEkYPUep4Oeh+pyOfWpjlsDuBjPTAJJAwTk47nPOQPq0r83Rd2Tk4IwBu4444HGAAMkcHGa112fnZXb0Vtb6Xd0m+vZu2sS1jfpzRb01bvFLZL0ur7W12EDFcLwBg84HJznAxtwcnPfnnnpUPOcZUgkZ6cFckNkcDB7DBzjjipDkY2nI3HAO0nBzzkkZ+gwR7nJMQBw2MqQxHIAHXJIIz0HQcZ+nBaSV7dSIJqPVppO3n7uqV77PvbqraWQAkDHI+Y8Yxu4GSTx75PC5x9V2cgnjJwDznoT97JA6Y3Zyv4cP2queDjj0GQc+w4IxuwT1HbmgK24/wAXByx5xjp3zn/a65HOe65ldKz3SSSa0tHq00r31+7cfNFWTTb012dny3vfve9lbpor3UWF6AgBiSQ3TgYBwDg8Y9APSoHUDjrjBA6AZJGDn73OSCSCRwPWrPlnIbIIzg9cdeCc8jjnbnBJ6bQahdNwOCWYAHbgDGOF5B5PPyjr2FVFta8zd0vNO/W6s9LXu31trdhyuyadtnZ/Dra97q9+t3u2rLVpQMuchhuwQRkgYPtxwwzwOh7rjrC6qBgDkjd03cjrjBOCeMnOM89zm5sweMNlu5xgn1H3Tgjvnvg803bgg7MYJ+fAAGSMD+6fTuPWqUpR2enZ7dOnyXzu+o1FpJO3ra+iS63b0tsrepQKrsJVSMMBnK4Ug+h4wvzZzggD0GKaEDMc4JUAKQDt2gcBi2D24wOSDuGMtVxozuUMoIIJwSAcj7vcg7ck8jP0oKEnGTx8vI4BHBzg5HoD15Oe9Uqmtmrppa67pa6fD1td9wVTbR202td7Xve/V76eb1RUKHdgDaBg4PUkfdBOeuOmeDgHqaZ5SgBeDlsnK+45znkZ5Jye54wKu4OMgZHUcDAx2DE854Pf+eUdCM4IB27tu3OWyRj/APWSDt67uKpVEtFrLT3XffR2vda276aa7DjJS3vdJPon0Vnrpu3f1V1qUwgUMCQT1JGDgdiO5BAOWOCCDnpTwABgHIIJOT7Z9gRwTj1z1x80pQclSGGAMAY5I59hgjt1x6GmMuPnABAXGTxznGcY4x1z+ZHWhN8zSulpzPVrp0u+9vVSum7XVklor2tq23uk+97PVbLp1I8ngAgt82M8jcOMk4PK4zjjqQfmwGaTjcSpz1AU/eJOMjB54GeQMAjk85dswAVwcHGDu6nnP4Ac5PTB54NIQQVyMjaTjH90EnpnnAH16Djir5tfK2ytZJ6NR0jt8++qbQLlitYp22tr2e93rdXejvt5EbEbeDtKkA8cDpkjnt33dAMdqgYDptByd2eMEDjkAg8k/wBDxgVOQeAuMEHIB6k/TOPcY+Y+tRlCEBIIHJJUjPcY9eTyQOTngg8VpGVrK/bWy8t+ZOytomtL6vRkJKTT06XT16pN23b0t0attvaNolIAAAOAchsYzk8Y7BfbjpnBApqoGJyu4A54BAyARgEH35wfvDI54qXnCrkjnYRg5BIPHGc4GOAMqe/cKAQRhsjuMcAc4zjHJ4JPHtinJJJat3s7p62stGteuvS/vNLcJQilG0UtnayenMra2/K2xWeJcDBO7LFTk8ZJzxkg8HvnHcbetdoWH3egLDntnsDtJ4GQOhHGc9auvztXbjBJz3wM8Z44yQScnJHqajWI7+oOCCxznj5s8ktxgkDdkgY6ZFOE7JpO63erW3Ktb9E79d1qujwlRu721dv5le3LfTe3vLe+l+t70wDhRkgAYPAx2wOSCeTuPfjPAFDIcqzHJDEEfewWxj5eCpAO7pgc8cnFxgxOQqgAFs4GcEnrxg9S2R6+lRiI4JYEnI4G3b7sR3I4wevHAxmtY1ItReysk+uvu22uvNXu1pfzzdJq+juttttOt9tvXZrXSqRwQRhhkhu2eSc9ACcd+mAB7MYYLYwqjnaADnGCBng9wPQZI6nidlYgHdwoLHIwc5ABz0BGTjjnjkkDNcsGIPJPQFRgEjBzxgccA55xkLitoy0VtNe1n9lvW6tp20137ZyTi9bpa9Oa3ZaW7a6d3o7EbBiFGAMYIJBPLDJLEMACQMZ6DavI6GEx5Jxn5i3KkY65Gc8k9eTnvkA4FWNjAAHHAAwDjnjJI6g5GOTgHgkcUzaST833W4zjHOcE7c9O2ePqOaIyUd9bu1ru13azey013ertbuQ3JpcstdHtb+Xy001el3t6Q7FAycHKgZDdBxnjIznAHPH5mmEHd0BUtjv0HccdPmBOeuemTUmGIIb+I7flHTr0x068njJx7mk2kqAVwRnB54GMAkjkdM8jr/DjquaT1tbXy0ta7V3rp0b1unvZM5bWvq7Wv06N9b97NXaXcgbd8oIwx5bABVhyOQDnPXkH+E546RkcMNuPmJ4wedoxgducHpyc5HWrHl7flIyMlQuTkDIPJODzjkH05OBQ0eMg4yckEgHqAAe/Q+4J/ShPvtdPa+nX5vSy2732K6W697dVZX17aP8AIrFOEBUEj5genOTnv+fP16ioGRdwYDgds884GFJIA5H1796vSROMKem4AZyexO5T0Pvn5sHPTFVyhBG054bgDqACMk988e4wc54pxkm7tvddL6NJ6a6atrR7fNCSl3VrLte+l31vfXa/r1Vfyhk8cHocnO0du/AweT35z2pxTAGMe/J5PQYAzjA4HXJqQBuucZyo7DPAycnoMggDPGc9OVCfNtJBGeCDk5A5zxyAc4H8LYIyBmqU+7vdfc7LpfZeVr9NhPVX3trrbTVNrX56arddEiIRAgHHY9QfvHPXPU8jjvwc9aakH7zHzbOgHPGeSv05J255+ZcKKt7CA2WGDyO5DepBBx2P908FuKBhByeSx28Lwcdee3cgemOh4qL1fTlv32bW63bf9atXSbT1d9ea10l8K1Xmlps99Lne/DlANecjHOkasAMnH/HnMR97Jx784A74r+Hb4x27p8cviEzKGT/hIPiCxKkcY8SXAwwGSD83H054xX9yHw5A/t5gSP8AkC6pk5JJP2SQcDHvz0HfkCv4evjJBNH8b/iWQxEa6/8AEAMw5C7vElyD1BAY4GMdRkcnmuCo7VMatLOjSv6Xstb/AD8r6anfTjzPC30aqPVXTjpFvW+97b2Wj00suq017KPS/FLo4XzPCOinqxDt5sBK4wCTux6BVOTX5Q/HQR3ni3xEtvGJbh7iMJDENzDBGSwAYoAOCW5wOvp+pN2qf8I34qa0l8i6k8LaLHBM0YYRNiHLEHgkNjIGGHqetfjx+0HpusaNf61cw+ILieea4Vr2dY1hkkDjmONkwSBkgHOcHkbeB7HC+NeDp1ZRp89prazTdlq97W7rq1ueFxZgFjYKjOoqcJJNt63Ss1yq27Td3tbbY4601rTdGuJluZkvtQEaqunWjKwicKBunePIUDJyM8DrnFdzHoXxC8aRaLpRvr2y8L3k3lpb28ksGmQtO4JEmCv2hyME9VBBwCea+e/Amnb3vLu722kT/uzd3bAM+8kOVY4LOVycHdnIHfNff7fGjwfoHgHQvDehacuqXmlwrNPq98y2GnWsqrkuN+ySchvm/dk7sgqedtfWYzFRq0qWIxtVU6bs1Ri2m1o2mk+aS0V+jvpY/PcBhp0MRVwuAoOdSKlfETikrp8t+a3LGy1SWqS+R7jofwQ8O/C/wp4cawsrC5vbjW9Pkv8AVLtUDvKg3uRLJ8sUQO8FsgKeSB0PpfjP9pnwx4ZSTTdNlm8SazGoWSw0kFre3eKMKqT3iZhCKeQN4GDjB5YfmT4z/adfXYbbSr7WNT8X3SXKraaRpBltdNik3ELEDEVnmw3ysTkHPBxkVr+Gfg5+0j8a5Vh0zQ/+EG8NTkbp5YDYfuX53yMwW7mJX5iT9/OWLZJrxK+bSr1alPL6PJDlgoWhZ8qSu7LZu+8pN6Xsj6fDZdTw9GMsxqqdTmcpOU9G5KLau1d2tbSNno9nZ9p8Wf2mNd1VLaLWvEFp4ftIdTSdNB0Nxd6lOnIUTXIZkRsHB2kFS3JHNeZWOq/Fn4m372fwy8I6hZ2t2cXOuXKzXOo3WVUebJqN3u8pT3S3dQAdueOPpyP9hLwp8O9F0rXvFerzeKfEM2vabE4bcLRFkcO4KsSzhsNuLDkHLcYr9ALX/hF/CWnw2em2NnYpHHEqQWFvFGNwhQYbYA2eM7iME5IxwanD5Lisa51sZVlGL5VJOV5NO2+ml36Wsu+kYrO8Ng4Qp4Sn7STTSfKoxXLKOtl8Tdk05O+l1rc/OjwF+w1dTldf+KWtT3100MtxJpcUjSuZPLMh8+eRiwCnAIjwCOMACvqz4T+DPD/hLwtZQaBpNlpyNJdCS68pDOwV2TLSkbnJAyGYkjaSAK9XvNWu7+3uha2syQ/Yrhi7Egt+7kyQcY5z6DGNwHQHM+HGiXWo+EdJLOI0dZ3YSEEkCd8Y4BO4429QT16Yr6XJ8lwOHx0PZxv+5nKU5JSfMnC1m9r3knurra97/NZrnWKxOBkpTcXGvTVoPlSTi3JW0VnZdHqm+xrQ2/nFYoUdn3xl55Vyh3HJ5zg4wAAMjrkHtW8D2M58e+O0AViINMUtIuOrvwmQfTggc5AwQM16zaaBBDapM4CLCUzLMfLiyjcs7/KgXnAJIC7uxwK8csviBo2h+PvG9lplnceI9ZmXT0htNNAe3GwsSZrz/UKoGVZdxwCT2ye3N6uGo1cHC8X7KpzP2fb2bSVkrtvm/B7HHk1LFVqeNlLmcZ0FCLk3ZJ1KbbvJ2T3u2+utnY91i0144iyJtVCpJYLnK8sQQQmBwc+mT7V86+EPE+h+E9b8bXGoXIuL0+IboW1hZ5uLmdnjUKg2BtoPr04BHHXuDY+NvGkxm8S63/wjWgoGdtD0ZysrqF3LHdXhwwPBDmNto5xyCR8ny/GD4X/CrVvFpu5odU1UazKNM0zTimoalI0SqCzzEyEM5GG3N74658itmk5VISThShHm5XUk1KWkVdRV22t1bVu2lz3cJlkVTnGbnXlPkvCCbS5ZRdud6Jd3Hte99TsfjjqeuayfC99f6bHpljJfXU1nFI3m3bZiPzTRqSY1AI6rxgg4FfHOr+E5NTfUZ21PUoEkuDiC3lKRA7uBjOMfLuz1GR97BJ7r4i/GL4hfFCXRZrLw1/whemiC5m0yfUBvvL1pAwErxsMqpU8cAA84AO6vHY9H8b3FvOJ/GTwTCXdKIoIioGecDCjg5+UdBweDz+j8KY2vUyZJZZjMbCeIqz9rBU6cG7QjdOpUg++i03vrY/DeP8FQpcUe1lneW5a6eCpU1RqKpUqx1ve0KVTa+7au/mjoj8Mo5oYx/aGoOMoHE80jKRsGANhxkBvU84GDjNUv+FaWQZQ0k8iIxJLSy5yeAvDccj6456CoI/Dnit4mMvj3UNqsvMcMa575XIPAB54GOOMjAqSeFtXQxmfxlq82SWABRQQT02oo56n5cc55ANfVSWLqRi4ZLNWScfbV6F1ta9pS6Laz6u7Pz9yy6MlGtxWp+8l+5w2I1Wj0bhBXvs9x+ieF9Ih1LW4JbKV1triONVkuHV0LRqWc7n+YEnBJJAByN2RjppvCOjxbGTTNPdS4BM9wu7DHnJkYjBJzycdCBivNLTwjbzanqRutZ1mQxyozSC5ljaQsg4kKMRgE4XqQQOowK6RvBWhBFE1zq9xIQCrHUZzgDA5BlCjA5GTu3AZOfmry8BDMXhZqOVYSVq9Z3nWikr1H7ulKXorXut/P3s1q5WsZRc+IMwinhMKn7KhOMf4NNc951o6z0krrdvfd7l7ouixwTqLLQoysFz8weFmGYm2kckNjOAOxwPUVU8B3PhaDQrH7a+g28vnXIYzvbqx2yEKW3kkccDIwMgYI6ZU3gjw4IpG+y3km2GR8teysC4j4DgOxJ3cEEHGMEfKScfQ/BHh660yJ5dMSWaWeXeC79Uc4yGY4Jxj7vOV644uWHzKOYYV/UMDTboVtI1JSVual/LSTvp5LV7dXh8Tkf9k4zmzPNsQo4rDuV4JTXuzSUW6ziovVys03boj2mfxB4HslVk1bw3EwA+UNaszc4JBVdoK9DxghvauQ8beNvBk3hrU7e11bR5J2SMLHEImdy0gLYAGcBRk4GRgY6nNAeAvCrtGi6BZs6IoLSMGAYnALHJGRkEnJGSAO+c/xB4L8P22jak8Oj6dFKIVwywglTvABDYGODkjd6453GtcVRzaWHxKVHARXJNf8vm9ld6Lp6W38iMHiOH/rmDtVzScnVp2v7NK/PBK+snbva7W9+2np3jPwPb2enRT+ILVdtrCsiLEGZQqKGUsASRk8kA8AEHGcXP8AhZnw9tG2x+IWIwSQtpK3Gc8YXkDPVRk57E/NmaX4Q0k2mnSf2bppJtotxMCg52AFuQNwPXjIz1OOusfClhnK6ZpYXDDi3j7NkYO0ehzx0HQ857aeFzmVKhyzwMV7GF37OpKXwxb3mtNfO3lfTixOL4chiK/NSzKclVmr+2pxWkmrL93omt7p3ate22D4r+K3gi60eOC11C7uZPt9rIUWyuBuVWBZg2zaWHJC8Hk5I5zaT4seFV3vGdYkDAKoTTrkEKFXOSY8YyCCScfUZCxeI/DkcWmQtFa2UQOoW33bZANu5RtJ2grz2zwNqg84roF0iVd6qsSbkT5Vtx8pCqNqjacnqwOST+IJzo4TOvrNeP1vDU7qlr9Xk1a3nUutLvz12bbcYjFcOPA4V/UsVNOpWSi8Tyvm/d3baptO6stPh120OYk+KfhwfvItP11+JMqLOVd2ScDLJgBgCMEjJyMHk1ybfFK3PijSby08L6zKILSdBDLEUabcOHCsANo/i57ZBwa9IewkWN0Jkyu8nFuMEdflyvTPGCO/GQCRz0lkzeIdJcxzki2nIkZdgHQEEnGAc9sjHqSM74vAZnOlHnzKmpe0paww8YpPnik05TlZX0+J9iMpx2RwxDUMpqP/AGev708TUbsoLmXLypXaVk3aTWuhauvjDqgjDx+AdTkXZlWZUypOWOBjIwMYwOh6HPFKf4v+KZIClv8AD272thd0kgTIbG7ORhRwFJBDAA44OD1clnI0blroRhVziPc2eWwD7jjnBGT14qs1sZIChmuZACz4CMPmU45KggfmcD3+6p5fjpRtPN5qyXw06KT+HvHrq9/kkjspZnlsJc1PJ4aa2nVqy/lv9pJ2s9k/N2PJbf4heNrfxdqeo2fg1BdXOnQ2y2ksxZkjTkTHBGA+Sp5JBB5FdNN8R/ifMkOzwZYgRgkl5HIDH6kE88gLkHknGc1o6faqnjG+WZlQjTYgqtI2cHBBfkY3DtwCPeu5khtliUfado2HcI9zHJI5OcnjJyV5OM9gT5dHKK7jVbzSq0q09F7PWzV3drd3vu392n0GKzvDt0FDKaNnhqMrtVNnFWinzbJWvv2d76eYSePvizLt2+G9Gh+ck72bGdvIOGXHZs456ALxnF8G+Lvinp194kbTbTRopbq8We6EokIjkGDsQk4xt5Hc9QOQK9oaKzSIBWlfcdrMYHJbI7MFJ7cngAjj0rlfBSW6ar4j3I+0XyghIHcqAAQCGBbucc5Y8nJzWdXKn7bCqWZVnzSldKrBNe6v5dL3Tt36I2o5qlh8VP8AsrDrkp03b2U2n+8gkpNyu0m9Eu+t9Uq58b/HW5dTHe6Fbh921fsxYHqcAldoK8dDj86gl1j45XLPv13SEEkWD5dl8u0LllDIuSSDgjOeOxBz6uwiP2fEN4V3MGZLJzhSRgKCmCcf3juGMZy1aIgQlj9j1Fo1DFVFlMoJ2HkELgc/eOMdQCSQK1eV0YX9rmWIenu3xXKrWVrJNabNd7nLSznFVHFU8qw14yi1/sq/u6Xk73tf1v5XXzp4NvPi4mn6hFpviiPT7YarMJUWyWQGctkshdSdmS2Mrjpx2HVSj4w3EheX4jyRAg5EdnCpxjAHKDHHJBwTzycc9d4KkiWzvk8i/kEusXAHlWckiDazArIFXhhgKR/dAyOSB2ci7ZdrWWoMCRhjZOmTz3KY3DIxljnseTXJgsBlzw9N1cwmpNO/Nipq/vXu0qidkkla70+5deYZnnEcXUVDLabhFxS5cHGUlJRg37yi72bvZ3e9trnhV1ofxEuiwvPiDqs0bQymRUTYko8v5kIXhg+OuQctXNWHhLVrzTknl8UeIF4kRIIZJFjQRyAAoQRgHGeBgZwSRtNfRt95jQyoNLvVZoZSsj7YgvyEZIY4IAGcdGOMDnNcToctwui2kX2fBklnxIbu3jBXzWY5DNk4IKjofXORXNVwuSwxUObFqdqU028XUa0cHFu9R+drtN7773SxvEbwVVrASjN16MYKOEivdcJ8z5XFvSyu3t0PKV8ETPNtbxB4mkKIS6G5kX5iOnDDrn1z0OR1pq+ArMx3ck+qa/K0cUki+beSqmAhJDAsAfmzgHg9OvX1yVrmG6ch9PUOoDGXVbJFYHI3ACUMCOGbGOvAHfM1W+torbUFk1nw9AUtXwrajFK7MVAAAWRgcnIJ+oHPy0pf6tUYS9piIOTWkXUcruySs3LW2l+6eu7Y6S4txCgo4WrFKcb3oKDavFO/u2aV7+l7aHDaH8M9Bv8ARLW9uJdQclpWOJHaPCscEDkDccAlW69sYrQ0/wCGfhy41QQyW920Jh8zDyEEk43YzwAFOABkgDAz0HR+HfE3h638P2Vve+M9IsXbzPMiVg6pkkhcKc4xk4A4HoeTUvfGnhOy1e3I8aW01ubZlleCAoVZehyV2kZ6nOD8xA6Gn9c4WhQoJ+xlKKhzJNN3suZP3rpt72WljongeL6mIxCSrxjJzcEqbSbvdaqOitoumw+f4V+FI7LUZILAs8EUpDyNIdjAnDA9iB1PPIzjrXVaH8NvCsmnadLLo9rLK9lE7sB99mXqSwwTxzkZ7j0PHXHxR+HtvpWoQt4ruLieWKQAC3f945XCqrYx8zEfNkBh3GRUunfHP4a2Wm2VtNqOqySQ2cMcojeBVWQHlUMhDAfhnAGdo4raGccK08TCUp4fk9j2jZS5o6WfxNKzet7XV+hw1Mk40nhJQUMW6jxHMnzNWhyru9ru3Le27v0PS1+G/hdXAg8P2SdSWlRSQF784XkYIzwD/ums7XfBGi2lkslvpdhbOt3a48mBUZlLg/MwUN8+OhOc5GecHipv2hvhlHKSh1uT5Qvy3MI9BnIfoemMZByeTWHq/wC0d8PLu0S1tbDVGVbuOYtJPG58uP5zlg2SCQAMcDGe4x01c/4YdCUac6F2kor3dLOLeii7peTs3p1sceD4d4zWIpyq0ayhF+8/aJp7OzV9Fd3ttd3bVtPoabQdGcBE06zRo0R3kWCDBPlr3IH3snJyck9BiufutNs7OMTy2dsixlnVzHEFCKCSTjkcd1+6BkgkMa8Zu/2q/Bu5nt/D9y7bQmGnjyyAKCzAHvnnOeGwDxmua1z9qfRLvT5raDw15azobZZGl3PEjZLMBuJOeQOADnnIOSYri/hrDUpOi6U6kYJJQpO3MlGyb5VdJq1le13ffSsFwVxhisVBYiNSnB1FKcnWVlFzVrpS6L7rKx5Z8WtTl8RT6hLEi+RFdGCyjghYIFU4lfCgqC4wMjPHIz1PlkGhag6pFDZ3DBdhYiKUgseSQR8vOAcAjBBHUGvSrb42aNbQbR4ThuVWcyKXiDPIcklixyQTu4OCFzjGK2JPj20pVrDwTarkrtVYiPlGP7ik85+ZQSPcA1+QZjm9HG1qmIhFtzlzPlg9pSvoknpqtOyW1z9zwGUYrAYSGGdSEPZxhFOdVXadk2/eu3fV36pJW3XHaJ4c1K0DSSabcySuGBiMUgAXgK2CMEDJOeCMDPIydzXNC1KfRlSDR5wVKbyY5Mls5PHTaR/srgj7uRmr1z8bvFU0n+ieDYEBVQpWCc/KV+Ufdyc54wMZHUZwYb34sfECeIlvCCJAil2cpLEMYO3IKDGBgn06jtXHUxlqfuUZaaJ+zelrNvWOqVk9+t/TooZZUc054ulJq2iqJy1s1s27Wvpo+m10cRB4U8QJGxNg4kyAfOfGFx8uF5OTkcYP55FaWgeGfEFrcyymyGJWEbBiTiNmyWAJyF9CcdOCelYc/wATfGk4ZYNNhg3vypVmyckgjeDhQAMY5JyBxnEsfiT4mXbxraxbXkICrCoyDuJweMYHp93qDzXM8wapxqcs4uOmkXZXsnul5K+ur3119Knl8udQ9tT+y1ebfNKXL/i2b1XndXtc/T79i7W7X4DxfF/4kXNrZXni8aPp2meA7LUYZmgZppT/AGgyQkFJd0RIbeCMYyeQK8o+I+p6l451PWfFfivU4nudXvZNRvrW3CRW1uSvyQpHgKAnyosYwPlGRgCvja81n43WcVs162uWVrNNttpHtZ7a1dtm0iO4kCxuxUAsVYjHQADI5jUIPiO4uGvbjUpYQyyTv50ggAfkFj90ls4znnJz0YV8JTyHLp5xjc8pyq1MTiuSE3ZNUo0lFxpxSkkop8zt0baava32TzHGQy7C5ZUdONHDxlKKTak5S5W5Nf4bRi7La/W57B4SsNPvNZvbktH9jgucIsjIpc+aVV9rA5VBzk5AyBgYFe0a1qGnW15f2+npBcW97aWsbXDSQIQwVSyouVwAdoHIU4JPIr4u0jR/EF8siC7ntmeUhWWSRAwABIzkcE8ndxyckYr7Xv8A9hr4kab8N9C+J+seMILXTNXh+0pZm7lE9qjruhWTc4BkkBAAUkYJx6D3MRVhQjhYu9OdSpGNJO16krL4VfVpO7uvXc8OjQjVqYmUqrlCME6lleME7XVndK97vq203vpwcGpWl3quk2F7ZobK2ug1w5lRFeGIhtgIOMEDGcjr8ua9O8Qa/qviICz0640zSdFhkjjijlvoo2MUS7VDAOrlcA5IGAeeARXi+lfALVtXSXyPEsqCJ9jM00oBckqTnptJ/HOc/NzWnp37OUmp6neaTN4vuxNYKrzss0hjIIGFUsQMkgAg47HoMV2OeNk4c0Lp6Ru0r21td3Sdk3ppbucVP+yvetik7KzSVukW9ZLey2u77IlvtKkt9SW4k1vRZJHfKgXELLEAOCWViD2xngcZ21FFo9gbphfeJdKJndZJWE6blXJwoIPOO3oM9KTUf2aXsrSfUI9cubmG1lMUqtK6yk7sFwpYAJ3ySDngds88Pg3pKSNM99cTRQld4Mp35bAZcbsZHPXGTwAM5rG2InJuUEur97o3G7S6NO99dNb7nRGvg0rwqzmk1rGCkkvd0unrd3X912t0b9mi8SeBPDmnC2s9X09JnBaSXesrNIAV3/Kem3LBexJI55rzLX/H+ga1Pb2V1rSfYInePbDGxZ3GQpVcEn5uRwTjOQeAO40D4FeCdHtZfFXjC+trLQLWzkuYba4uM3uozqrGOGGFWMhEhXA4GNy5rwPT9C03Wdc1LUdLsNtkl0ZbC2KsRbW4c7GdcEFio75PzHseefE1KsVCTVNp2SUWr2jy/wAu9rpq7emux04Snh5uTSqRt7zcoqPM/dd1qrrZuysnr2Z9GaD8XvCvh7StOstI0rVNRuYAS7Q6ZdztM2AAwdYmHY9SRnj1rhPHXxZvdcVVi8D+IYo1uMma7sJ4YCxPIIKIvcHbjBwOcmv0B+CH7T/w38FaJZabrXw50W41bTIorRZ5dHsJFuI44yjylpIsl3IB3MOcYJ5Ary34/wDxum+LguPDfgDwPpttqOo3kb2b2FvEjafvO3z5RbqI1IzyjnaBzkNk14eAzzHSzV4eWX+yowbTxDmvhilyys4uOumzv013fbiMuwX1d1YYiXO0peySbWvLv8K1a7dPu+Erb4japoAv5JNJZtPv1BkijGZIioweMnYRuycrhQD6caGna74Y8QMX82JnuY8ywyvslEjZO3axAJxleASePYHmPih8O/Ffw78QQaZqV+JtZudOW9voYvntN0qKWRAcqG5O8YA3ZGD1Ple+0txG+pwSafeg7ku7QMI9zdXZQMDBwSBlgAw4r9DjjK1GlTmoKpRk1JtpNe846KSstey69ei+XrZdQxdSTVR06yVrptWs1rKEvevfezstOx6/rHgtJ4lu7F2tXViYGQss4deFUMuT34IwQenrUKeNfH/g6yksbp21zSZWAWC8V2eHbtGEY5IbGWwd3IB4AOOX8Oa94mtVDW86eIbBXV0iDb5YkG0qAmWmV8DPHXb1HBPoX/CRaX4kk+y3SjT7l5oo/sd0NoMpADnJUYxg8MTkkj1rq9vhcS06cnh6ijFaP3ebRPWz03WjvZtnm+wx2BpNVoRxlFPRpN6Ll+JX5k9Vq9F32OR8MeI/D+q+ItOur2c6bcLfrNdW87BVZnP3Uk/2Tnbu67WJwB83qHxD1HxOt3cSWNzPd2Bt0+wtG4kEMCrkL8h+YEk4DcDkjrxi+LfhNbJL/aFvFEbYW8LGSBgCJZBlXRlPJBxzyBk9BmuEKeLvDV48Wn3U19aoib7a4fzkKKo+TJLlAQQflPGDnoK6KVOrB3lD2kbvlqR0lry3drv8F37mMquExFnBqnPl9m6dS/K01FNJp2ur+65dLJ9zWi+LfiKwtLW0uIo5QmYvNcFHQAkEMFwRjqVPXI619JfBHxfoPjeO60rxFDbJcWrKtvNLGFgeKYkHa23IkXORk4U5JBI5+a18QeEtQMcXirS2065c5kngH7sOc/MAuMHJ3YPBPII4r2j4deGdItIbxtA1KC7i1BfNinJVpYWUb0GxWLIPQYBypBJwVroWJqXcKdVxUnHmik4zTXIlfo1ytJ2XlbtjWwVF023h0qi5VCStZP3VfmTtrZ7rW92uj92uPBGlWF7fRaZqSXVpHE0iqZUAibduCbMkOBnhuOOMA8Hkr+MTyYDh0SGYGQAguyrhsnPO3GSQOvHPfFTTr9AEt76VZUmK3zMCpaMllYqx6EjAx2GOo67SWh04W0Ut75kNxbXMkZ+8VyrYyRnHJycH6Y7ezg8RKTUas3O9lF21suVxcutt1dK2uu6PnMRhVCqnGTjGDSkmvi5nF+d272WiaaP3g/4N5oP+LlfH8KME/D+EHIYEkXU209854AyMYGeetfvhepiZ8gjLPnGMAkkEEdd3Xnpz7DH4P/8ABvQpHxM+Pueh+H8R3E4X/j7l2kkNnI4IPG4jGf4T+918gaRslQA7AdRksTkk/wCzjvxgE45zXnY93x9VLXlo0VfpZJWv1Wras+nQ+1y5c2X4aUtb89k7vrHW+idla/XbrtheVyTw2c4GeQc4zjgZIwQDyfzw1kG3k4KkYAIBB6jJ6cgnqOT07GrRByQvGBnJHJ57dQMYwDxkkEc8VGyllAK9iSxHQYOMgn0yOT0z04rCMnfX5tdFp2W2lrWW/mayjZ7NO297WbSV99b9O+zsViFUnkDGMe5zjGT/AJ56gYygXGRgc5GATyFJGQPlAyFzxx1AyTwpUsfVycZIIACgcHoMHnOM8HsTUwABU5z94LheSSTkKMckcg85B5zzW8LJq2nfTtZu+qdnbW7vbqQ4pXd3e6tbW70879+txqp0IIGMcjJIwRx6Z4yRnvzjmpCobnP3lJ7AkEgccZIweR/hT0HTIIPzEjgDnIAGPXjpggA8HBoA2spY8YbggfLt7dOh+9/gARWid3/euoqz03Sej76/dfpd5xST0Vr+qdnbb1T2ttfQjCgbh8uQPlGOvPJPU7R1LZ9gckrUbIXGQeSQCeMfLnPHXGSvOAeh4BOJM8npnHUHkZ7ZA+UZGCCB34AG2l2t8oGAOV2kZPIJ3cnd1B6jkN93oRUJKyTvptfys/PdWXZaK+xmoRbbUXZya3tqrdHp1TuvRWdxu0AAgckA47ZOOcE9xz6d/qnl43ZO3oD2XA9wf4R3x+PFP2hvlyFxj9Oi9ABkjjkjnGSDy/OSMnIGTnoSV4Az1IOMHIPTPbNXzTjazj523a93VXdk1dWXTVWsmm+RO1rq97aS/u6766W6dVr0ULbgG2kfKpwRyDknqCT93nOeBznGOARkEZyQF2jC4BJPOPqcFSQO/YZqYqcYIXeDyMjpznBJwflx+XOBzUq5AAGDkjjIPAxjtyeCCQc+lVGbSik3fvpK6ajtvd76treSS7CpzfW1u7drLz9eltGntYhj3KwfAOQO46EYJIJAxnHqBjkcEVOFYMAV+ULkcYyx4zuyApxgYGD1B68OjXJLAYPrg8g8HA45xnBxjI/OwEPUAn5twJ4+Veck5zk9OoIAPJwCadRO1l00SVrbWjre9trq2791aE+z2v3277Wfy1fR2jo9SIxADBO1cDG09SfvgZyMdcnoAB2JFN8kYzwcHGeeYz1/iyMcfNx+XFSjJzlcFWJYkZ9OSOQSQfUnrgZyKDu2thQBzgNgHGeMDng88Ak8DtmsnLVNdn9ppczsnpfsn1bb6ppCfLJOyaa0elt2ttdH5fgmrkG0NyDlclQTgHbjHIXgZI4yefqRTCh5BGAAN3UEnsOoAPByDkEckcnFnJyQqAbiAcjdyBwMnOB1xySWOdwIxTvmxyOTzg4x8p6dvTAI6HI9qHVcI3W+l7K0Y7aa3WmndadHqCpvRrW0V0bW0Xvy2V01pe3fu6nllcgH5SBgnB+b+LoeRnrkDr6Cp/JJABIyCNvIAG7nBbPfkljxyenWpVQfLkBlPzEgYHzZxjH4H377uhD8uFI4G7gbTkdgzDkjPUDp09MHtHUV3ZrSztZvpfs+t329HZuLT1totd1s1fdWvv8AFv6aqAo3JJGNyjnAPOcLuBBA9AOSPTABkVCAcfMeQR0IIJx7Fj3/ALoxwOlSrnH3VOASSvUZPy8HIAxjnoMd8E1Io+XAUkMwyMkZwATk9R6ZGMdMYGQr7O9207XvezS6+t9uqe6F7qcbKV+2t3Zr3r/Do1rqlyvmvsmnlgDIJPygg5Oc55GeTkDtjp26EKF5BBBHHzZ4yT8wx6jOeuOmO9GCDnHGGbaOVycDBB56ck9OmByBS8qqnaOQBwM/MfmA25zjHGM57e9SpNNa72Stfa0badLXs9FeyNIxUnJ6p3W/NG+13006vdO1+5GI+/BUNhueoY9+R0JxjHXucZpuMHaWGDuOcHoMjBJPBB54PfHTinneOTgZy5GMnGcZwegweOcYAwctim7VOPmOD0BBJ+bknvx2yO2c5BJoc1prfS1uqtZWt0td+T8utKGzbbtZPWz3jfe7Sdr73ve7fWP5wQ+R3GV+YhskEgj254IOO/FTgZB2qcKMcA8E4BAGOp/iIzgZ45WlWNsnkA4DqOmQMnHQKCc5BzzuOOcgvRMguXJyuc7cAljnAHY8ewJx1OSJjNJ2S23/AA7t3enW2mib1KdNtu3k3fp+Ol7taaJ9OhFsAyA24egwpxycAngAEEZyW4HHo1skAHIJGSMcADJzkZAPAHBzyOAcYkZXwCM/dIwcnnjvxjoME+mTk4FMxhfu87Rkk55z1wON2OOOBk9eKUm3aza12du8Gm9dvN33fS5UITTTuk7q6v6eW2umz0vbe7cMcMBuIO7A7noOPxyPYjtmnjcQx3AkD+Id85PtwSeDgHPfGaAMsMqQpPAUZPA4JxjBzx9Pmwe8xAGCOhYjOOcccL64OM4z69M1le2jV+z+cdPm/wALa31VpJt3s/Kz8le9nto3utF1eqhchQOi9cE4BPIX9OD3xnqKmA5c9Oc43EYyCMDnkdfl6H0yBTFXBJ+6Gwyg9QB3bJA5HOMg8YPSnj59q4yCSXB6nPbgY6cccZz6infqrLRdlppzO/W63e1+pvCKSjpZq1112i+t009U1e6aGEnJBGORgnAJyTjGeOCPm9M8H1dtDEgAgqx4b73TgDOckd/fHbBp2CNrcHAbAIzj3z93PQ54J56kDaqqDtJwCOTnO4kntxwDnIOccc9OS/xavzvrbRdN7f8ABFy8zUbLXRJp22jr1tb/AIG+o0JuwAQuM5GRnJ/hOOMcckHg55HdxjYHDDgt8vPAA9WHQcjp2zknrVhYwPZlGPmxtPXPPTAB6jg/WpDuI9dzKBgYxg8E+/19sgDri6i3T0v39Nlo7ei2evVmsKEmk76XWmyXw9rq1kk2rpWfa5SaPbhz/FuLDP3SDjByT2PAz0IyOlSLEVOWyQGAAwAO3X26dieOTkipJQ2W3AnaDgYyAB147Y7nsPQHiIsVOWwM4ViRgcgcKOnfgHnJ4xjIObmjfmTto1fV7dPK9vXfU6FhpXjq204qWrsl7jUbrRW7aWTW12TYJxgjIHOCcqeQcAkn1x1DY4yMZjbJCkDb85AGD06nIGBggEAnB3dc04Fjg4xuJ5+8RjP3sZySTz16ZzwAVIIHGQMngnk545Hp7dfwrFT1a0vrtZvVrz/z6HT7OEbO17Wta21lq+ndtu1tku9d4wBuyOcluByMcE8c56jHP3e1QOuF3L36A8DpkjAGQ3cjvzj1Ns9TjhSVwOrZHOMHJO44AA4HrkUpgZsnAJ68sMg+gAyD0+9zjPWtFVSS57a9bq8neOnxK2m+qtZNqyaMnT5/hi7O1r2ttFpb/hHyuu+ekbDO4YBz0GBt6jGemCvzeoBOMdL0CDeowTwcADHGfUc/Qjtjr1Ev2eQHuM+uScFcEY/TJ64weOa0bazAX5gC+0ngnGAc9cgA/wCznvg5zxnVrx5U4yte6SXy02u132302N8LhW5q8fdVt2tV+OlvNLe11qCxAYJXnnnJxtABAwcY6AgdSw45BqzENxGRxg9cAhgepGSeOQM9uexpHBVtpHy8Y2/Qc5wMnBAOeCeOvNOBIJCqBkAADk9DyeS3IB3YyOoHbPnzqNxd1d3vd9Fpftrsr813bbVnrxhaV29uW1ttFHTXTbS/ltuyyuAV2tnA6ADGSOx755J9wOvazEuSF4GScHI6HOVyOxOMnjn2FUomKkA5yWLDA/DBK5zkA/j37G/Esi8HGASflU4O47gRg56HAznFcVVu721720SSs2m7tOzt8076HbRjaSa3Seq2TbVnt1Wny26mosXdSNxUZyQeRxxjvjp68kk8mtBI14KkbfU4z6ZPccjBGRg4GMcVShDBVBGCTxhRgZz2wSe+TjIJyQBuxdViFbPQYJ7Njr69yw5I7fXHmzl9yatfZtqKS2av5+d7dH7VCVl11slokrRUddEr39bbbXs7EbDG1SN2GJIwMtnsTjnacAdgOM9myyBcEKoPABzz19s9m6kYP15qByRuKEFsjGM4UZzxx/F19enQ8mrJLvySWYsWzuPPy+5GCMZ47kjLZFZQp3fNo1e6+fI1fq7q7130drPXepiXGKim731d9b+6/wBddNVsTyyYySADuGe4zz8vzcj8D15FZ0l2OQTzjjHA6DrkEE8ZAPvnPatLcsqggnAJyOAcnOOWGB0IzkEHpjFYt3cs28qSCTjPUZPp2J444+8B6kV6GHocztZW06J30TadvPXe2mt1ZHj4nGNfK17312ffrbd/da5Yur/POAWIOSMHDA/ewvy5J7Hgbu3FZM90cbt3U9VbktkYB56nB457YHWqcsrAEjpkEHJySPvYGOc59COu33xXuGIYklRwxB+bqeMcHr0J5JPXHf3cPhNE2ldau6TV1a2lk7XTt+PY+ZxeYuLcbvVLr6LotW9Fp1te+t9SW4Y8sVHUAHkBSTkkAnJ5yWyOPxWqL3IJB4G7OSd3bp8vYAnnnHPDY4qi8pO3kkDgbumDk549DjCnOSD7gsaRs5xg4xk4J749R68dunPf0YULNWSi3bbTotdfs3201vq7nk1MZOTspPZOzuuzve99Fa27vbd3JjMSD8zZJJzjOFxx6jjGe+MnHYGLzGIfGcEErnoOeeePwzkDgcc1ExIIIZeQAB3BJ5JxxknqeR096fk8x5JyACTgcAr79B68n863jGKSfLe+1kmltr5fP+V2Zw1KjdubVPbd9tenXT72mmgKbsnqw2gnIwB3wDg8cZ7dDu7BQi5GSSRn5hkDA+6WGBwWAGTgcY57qCxHKk8424GT78DIXkcgA4wMcEBxOMrnLDgkj5QcknJUEE4Hy9RklutbRV9NbqSu0trWavvpvdaed7K/M5e81rfR730bsrvby76PbrEEGSpGG6jBB4JwQe3IwcjGMLgADFROTyMAANjaAAWAHIzx3z17DHTBCmQggckAZJGAMgkAMe/p/wB8jPOKGbdkDap98AknByCcHPIP/wCuuhSel9bWeuuvu3a/8BS1vZaGXN8Xfbo7rTrvt5pPtbRwFAWAUZYckkjJBGcc8ccLx6AA+oqBiSMlSSDkqDwACMAcjPfOcj06OIbhSMEjbknk4z3BzjjPGc8BieaTa6k/NxgnjkjIwB05IHy56gDnPWk5WVn5W230j+N9OunffGSvJPTTZa62V/V9dtF5uyF55yVYYP06jgnHGTwM8ZwM4xSELtZCNoC5AGeABjjBHHHQY4B705UUDocELkdsjtjk5B6cYXnjnAePkO7BOQCeMEdVAwRycncemCADg0v6/r+vuFortKV9Fpfye2qv8tb2SsyNhkfMCQoyCDtGQeh4GOMZyflx7coSAo+UFSpBPygAexzyNw4POfXJxU7IFXPIXABUjBBPrk/KTkk8nBBH8XMZUgEqQoYkgAEHI+U8DBPc5yR04P8AEk003dra199k/wAt+nVLdo5W7WfXskls3e+nXXfa3o0AttG1uoXczD7o5DHgdxjgZJIOPR4XGSOATuOMDnooGSPoMZwM5704RhATnqVBOfmyeMAdOP13dDmnBQdwJJX0UYyB3Pu3YcbeoHqJqys7+u+22nfXez087EcjS1k38N2rabO2mmt9dNt5O3uoM4ckc8N3AJPqAfpnGcZzgAcSgbixOCMLgk9sHp7H1+mSMjLgM45wOh6E9D1HpyMHjGOpxy8KRja2AAVBxxwR068Dg5689KG0t9P6/q/6Ak3sKsP3TkdyR14HvkEcHI3YBAOCeRUvl/w5wFUjkjJYkg46Acbseo49TTVypzkdOfTP5seQBnBABzwAeJwMYJOcgEdxwx5xjGeeQMgjAPGaanrddb2Wi6Jczjvttp66Idmt9fne2y0/CP3vdDDEACMKcEbWXsOBtOCM5x6df7xODCxAbYqhg2QAOzdWO7gEKcHgjkjnnm0Ub5sYAK/Nxk8dARgZyc8gEg5PHFQFQAMscjIA789Gx1OO+7AweMDFQ5Ky16rX0a8t+r09d1dpPdWX9LXW/e//AA6v33ghSYvEQCbidKnHTIGUwRwD9cZHTBOMmv4Zv+CgCPL+1L8UlS33CLxpbodvBGZBgHGDjtn06c4A/uj8BRkRa0gI/eWrRkgA/L5bEnPBwCD74zzziv4c/wBveJ4P2nviuyyoDJ8RIocgkkIJ1yRwwGAOBjAwTkgE15WXO+f4vVJyo0ea7SVlOGr10tZ6vX8UbZ3NrIcGnG/LXqbK7uk7aaXfS2/5njot5Y7m3eUeQI7eZFAGRHEbdCzSEHnDE7QzHjPfr+s//BG3WtG0C4/aS1uaVRYxWGl2pdAftMty9yf3MC4JkllcqqABmOcAcV+Puq6tdaze3WiaK7iBU/4mGqHC+UgjUSRIW565Axjjrwa/Y/8A4IweDdHtNO+NXjLXb1W0LRdX08QLeAC3fUIG3iaZCMXBi4eOLB3vgYLHn2OP8TTfD9ZR+Gn7FOcmnzTc4K0e90t99Ek+3y3hhQqQ4ppqokp1o1qip29+FNRvzydlGLdk7Xb36u7/AGl0/VYvCr3PxW+IaNb35sHttF0KVRInh3TrmDy7FIYMMsutamGU5CvJCJNvFecaXJdT31l8afjLKmk6FpWl6iPDXh69P7nSLed5FtLy4hY5n1i9G0wRlfNDOCoBUiune903xRe6/wDFP4jzLpXw/wDCdudT8OaXdgo+qatHKyW+oXVscCZ5iiLY2gU9UITB45vwl4K8Q/tK+IYvHvxA0++0X4X6RYfbPCHgyZnibVb62uC0Gt6xCMZBIV7eBwURSvyjof5vcnVqWSatNN9Utt763Wia8m2tz+q51KdCMdNfdajdXurWvbbone2z8r9F8I/A2ufG7Vpfih8T9PlsfAuk6dfS/DzwHcnMV+9q8n2bxLrkJys0z7VltreVfkBDMueR9GeEjcal4h8SSssaosOkwDy1C4SNUCKoXACqo4GMBePlHFejW1lDp2m6hbW0QhttN8JuI1T5UQNDklFACqCDtCqMZwB8vTwWP4i6b8P7bVGa1k1vxZr11p8Xh7wpZ4fUb/EEardXW0H7Jp8cmGluJSqBVIU7iMOdOMJ3Uk7JqVmm5P3WnZdF09bWa0MqU5VU902op7uSuk3dd7abLe5sePfGGi+BfEdxqGsM814l6q6JotorS6lrl2bfYlrZ26gu+5mUSS7THGCWfgGvILfRNb8aai/jv4sG3sLWw0+9m0rwldyp/YHhCxaYkajqpc+TfaqYxuw+4QuBsG7G1YdPg8N+LLn4ofFHVIb/AMVSSGWCYbprLSIbhCsHhzwvYsCLq8BKwzzwoZGck7thycbxXb3/AIx1G41v4i3EXhvwTFpD3UPhJ7xbeKCGSUCDVPFtwrKpaZCHh00HncI5EJNYzhKas5ayei0tFaXe2lklaz0ezb264x5XFu0rWaV7221031ta99Omx6toWq+LPjXpMWg/D271DwL8JLCBNP134gohg13xfNbSqk1n4djfabawlUNG94RnYS0TsSDXYeHPEXh7wpbal8JfgP4etbvWGvP+Jnfq7TW2n3SRk3WreIdUPzXt6XDMUaUy5OAGGa8w0TU/H3xh0LT/AIe/CeOfwP8AC7TI7W01Tx7JB9ju9XCOizW3h21IQ28MsQdUuQq5HzKScY+nfAXgXwz8LLPVtB8LWpit7YSTX17ITNqGo6hJbPJPd3lw5M00sshLncxwThS1eDCjfE1Odvkg2k/5mmttXpbVX3a0tuevVquGGhyWdSajqtVG9rLRXTtslrfT14PwR8HdP0bT9Z8X+K76Txn4zv5tQDaxqWJbbS4zJg22kWjZhtolkBUTKnmEDLsSTn1PW4AdM8KRYAVrix984VdqkHnaOwAz68jjZ02Ir4IErDcZra5nZAcHdLNu5x0JAwR7c57cp8S/FnhvwT4d8J6x4k1iy0nTUvLJnubuVIvuqFKRJuV5ZOMKiKXZtoAJIpOUac3FpRjvur26Ja9ei19dUduGgpxu7Ob0vdO/upO+9tdet07I7/xMfMkt41++bO7G0DJY+SQAFHXk+49+a+OfjD8VtA8GeHf7HsbO78Z+MbvQPLXwl4fCXWowLHOhEuqSJvi0y1zje1yUynIbdwLvib4jfEr4wavawfDmwvPAPgS7e60sePtatimsarEzCOSfQtLlXfBDMhJinuUwVJZD0xymrD4O/svaP4x1LxVrUNnc69pltaxS3jy6n4y8XakfmaOwtAZdQuhdzMoFvbK9tCxyRtwa6aGIslGC1TV7tX7+81t11vpb5nHXhFJuUlBctnO1lZWTUb2tJ7W9babZvg34N6j8Sviz8MdY+Msc+qWOueFbjWNN8H6a0lpoOgwReW9vb3ksRWTU7tcf6SszPbOQSq7doH1R8RPjb4P+Hl/B8Nvg/wCHofHfxGEctpY+DvCiQR6PobNG6Lc+INSiH2DS44VBZ4J3inkIIQYavj/w/wCIvjx+0N4t+G9nfRTfs/8Aw1vNHubPTrAGJ/iR4p0KLaDLK6/uNGs7qPa2yMxXsStghWAWvptr34U/AKxbwP4C0KDW/G+tPds+i6fKdQ8R38xhlEmp+JNWbzLiKJT85a9lA5Aj4rsfNKUXN80tLJ7W0Ssr/pe+vkePLl9nL2acY/zNWbk7Wai1dXvpd2sfxk/tdf8ACYW3xl+LWu+Ik0d9TfxzrF3rltaIJ7ey1BJMzW9s5DCSODcEL8qxUsuR8w/OnxB8Ttb1RPscesrZW24yN5EQhjIBK7I+A+RxkgEjngcbv01/akv01Lxj8bJtRjS11B/E/iNbuDCvHBctLll8zB3suQgYH7wxn1/Jm88B3V5KHVZ2tkj3PKSABlt+FXH8RAI4/Na/Y8NRn9WwcG+acqNNyV5JRXJG2+1l0121s2fh2MnCOKxklFKKxE/eb96V3d7J2Tutb2s+97Unu7SW/hga9ldpLWQzTNud2DISzGRgwUtwTg4HHuK/cr4KrZ3n7Cfw+hkuLhobDxZqEtnEjHy5XIwxkI7tjB6Yzz1Gfxm034X6pqmkanqWl6bezLZ24a41SaN0sLZPu4a4IEYfOcIDuJPHORX7afs9+Gmi/Yx8B6Hc3AaSPxTqUhK4WNg0aYYkkfKTyOuMEjd27avLz4KEXF8uLp8zjLSLas4tX3suZ6v7zHCOThi1KMlz4ac4Jpq8W4RVtla6e1tWu590/sKMLZvE1w5jjmddNcBs+YiyXCAgEqSRt5JAB45x0r8d/wDgsutvrf7Zfii3LC6jfTrGGbJUDatlEwU84UK24g4HGcZ5r9jP2MrG8s5vEaLBHKiw2caF92WZbg9z98AYIAJBBzntX4g/8FdfED2f7Z3xJkkjWOW00/SWiTBKrI1pGrpjBJBAPK5xkEc18rnUpLizDuV3FYeMtFpZKF23bXrfTVJNH2eSw/4xOo4NqXtpJXvu3FpJXbd33s7adD8+/D/gdHktNJ062L3E0kSxQoFY/vWILqMHCqu5mIPQtnArf8a2N54r8ReGPgF8PR9pdNRt01+6tUkf7drc5RZ2kKAk29mjAsCSgZH4FcJ4V+Ollo0HiHUPsTf8JGNP+w6CVUNBBPKnlvc8DIePJdMLnP8AF0x9Q/AW50r9m/4W6/8AtJePY47zxz4pjubLwBp12oe4kurnez6gY3wQC75LYJMeCOgFcHFeb1ZU4UMNFuCUadCitI1sRUWnMl9mmryfRat20PU4QyehOtKviZcqtKri6z09hhKbTcU3f3qkrQjvvpezZ6Z+0j8TtD/ZN+Bml/syfC24gj8deJbEXPxF161ZTeW9vOg86B5Uy6SzlmiKuwIjO4KN3P4wSTnErbiU35DNjc7E/MzEn5sv8zE8ltx5FdZ458aa/wCO/E2seLPEd5Nfa1rt1Ne3080hZlMrs0VvGTwscS/uwq4AGOm0V51PPjcDhQvIXI5OcgHkgEk53HpkgcjA+YyvLlgqTjJ8+JxE3UxFZq7nOVnfmd24xWkVdWilprY+hzzNpZjXTpr2eEoQVHCUI3Sp0o8sY9bc0rc0mnduVm0S3spXYqkYkwXGSTwcknGcAjpnr0r1/wCEnwo1v4gataQ2NpJIJ5ViV5F2wwKWBa4mOAoSIZYgkZA5BJ48z8MaDeeJtWtrK3Q43hppBuKxx8HBAypcg5UHcQcg4wa+6vFXxE0f4S/D7TPAfw/jB8a6pAF1zVIMPNZpcqFEKOuSlzIrFdvBQ+gXB6q0pw/dU05VKj0baVk2vefW1muVJb2trv4+H5KnNWqtKnTXNK1rya5bq9u97201b3Wm946+IWk/BfQj8J/hXLBe+Mb2MWnirxLbASNA8gKva2cqZy4bK5VhtHYGsP4RfDbS9C1jTNb8YEXd5cSfb703h8zYrncSWkyXmYMSfTORyDjA+FPw0lsYm8V+I0afVLgm7iiuy0kiGQE+dI0m4mZtxK554AGMDbq+JPEuq3uutpMDmK0hiMe9VKyMpOSWIGRjgZB9yeoH02ScN35MTik/eknG+spSeqbWkd7aapWtrY+N4j4uSdTBYOUU6cWpKLVoRjZNK2rk9E2tr2toffEP7RnhvQrV9F0+P7ZYPIkMC2yCKRYYSF8p2AXdENvCnqOBnk15/wDFL4v3nxAMEcSf2fpNrbwLb2MbMvzxYUvKCSDn3JyD8oAXn5g0CzBVXlk810YbBnaMY7gkDd+HHO48nHUXkzW9qyGMjJBUjBIG4DLE5HOMn5iOuCc8/T/2DluG9ri1Qi8TySlGo903BJNpKyutHft9/wAJPibNsXPD4KeIksIqkIuKfxRUo2Ta1fzvrbo0l/oUfssoG/Yq/Z9kGS0vw20Vc5PV7aInjnhscgADGDnFdoqbNscYPQRlsDaGwN24qOAoHLZ4x61xP7KNxFF+w/8As93N0/kW9t8MtHnlkIIUKtqjnoMngYA49M84rzP4ofGzStFsRexahZeH/D8CtdT6nqNxDbG5NtlpGuHmZTHabASoQiVzgYOef5ozWlOpmFdJWtVmlbvzb6Xe+unlr1P6ryaqoYDDNte7Tg3rppGG35WurvzPsPwfq9npNwmqXNyDb2d1bpK0bByAsitKyjnKxoDvOCMZOB2/jp/4Ki/G74Zaf+1h8cvGt3qkPiHU7/XLG08E6DpM6SyahqGmxmKV9UeAubW1gmZd6Eh5OAvzZr6A/ba/4LEalNp2pfB79le2vdV1nUYZ7bXfHGn27SNaxuGhu/7MRVK28KEsHvJyqgkOr7q/DHwV8N3n8RTeOPiJqcnijxHrVzJfSPeStcJYT3LNJI8zSlvNmV2JkLEDIwCBkV9LwplmPpTqVqMpU3ODhUd+VqEpJtN6NN+nNa9raX+d4qzHL5RpwxEY1OWpGVOLSd5KS5Xa+y362S11sekfDr4NftE/t3eMbTU/FmvT6J4L8LRL9ouroSW3h3QbBOIrHTbZjHDNc7MJ55DEuQXIJyP3W8FfBv8AZ6/Zn+BuneBrB9P1DxL4htr19aeK4WbVNVvlKtZS38sRPlwSMTtiUhArAEHvZ0D4baV4a/Yb8FeINAuW0+61NNbudUuLcJbQXyvLGbfzLiPDNj+EFj6c7jXzz8OPhlrHjPWNM1y6vRong/RdOkuPEHivxDcbbPy413SNBNcMI/4WMb7thxjoQRrjcXTo0ZVqlT2aoV6is73quDUNVrzSlJe6tXqjlwmFxGPxEaNOLn7anCXOrL2cWofaslFJNPTs7aqz+Yv2hNI1vx38V7S4i+Hsmiiz8F6fp2k22nxrMNT8vclvLJhSS7gk55ABJ5xXC63pHww+B2j22u/GC5E+trElxYfDzT51lvrm5ILxpehCXhUsFDhguVJA54r3v45fto+HrDV1+DP7Jegt8UvidP8A8S5/HT2hurPSZIyYnksZmjbPk7mPnbvs6DDIcbaz/gR+xG6as/xS/aK1Z/HXj3UhJqNzaajKz6LoU5Pnlrh5S0RMGeYh+5ABVcDkfL43imthsNy1ZywtCT/d4enricR8LSt/y6g01eUrOSelz73KODKGKrwfso4qtTSjPEVV/stBq132qSV3p5XbT1PnXQvCv7R/7Zk0N9dwXPwx+C9i4g0TRIFlsxdWsZCI4tlCvdziI7t8yvEzMMZHI/Rjw54Y+AH7D/wfOoau+naRdXribUNd1YQt4i1p41JWC1B3XDRvJnKwfJhgOoyPnf8AaN/4KE/Cz9nyxm8HfCyCx8a+ObWGSzji08xDw/4fkRTFmRov3bvGwwEiLY24bng/gP8AGb4/fEz45a9P4k+I/iq91ydJHkstOaVk0rTY9xKw2loG8ldgwvmbQ5wc8j5vGwWVZ1xLVhVxCnlmU8ylGhG6qYiPu3lLrJyS1nOy1vFaJnv5nnWRcK0ZUcI45rm9rTqtJ0aEly6RsrRUdlCKvvr1PuH9qf8A4KJ+Nfi9PqPhrwBNc+D/AAUZJIWuIZDHqurRKxQFpVw8Mbx8hFxgcHvX5pXGqSPJLJK7tI7M8s0kjPNKxyzM8jEszMSSdxySTySRnmpNRd8Mu4licswDAAkjpz36AHP0xzXaZ5HBBy7gBvvZXgnGeACOuM8DHAr9MyzK8FlNFUcPQVNO3NZLmekbSnNtN9NXtqrI/JM1z3H5vXdbGVpzd/dhryQi7WjGOqjZaW129DpDqWERy20rgohIOQTwDgngjPGOQRyaYJrrUpEiZ3dZHVIolUku7HCYUHkknhQM5PQg8afhXwRr3ii7gs9LsJrqWV1USFHEShiq434525wcHOOmeK/Ur9mX9iDRb/xb4Bm+JerMj6t458K6Quj2ib5JbfU7+OOeB2HzI00bLGH4IPy55GOjGY/DYKk6lb7MW7Kzk/dUmkunXVNb23SOfCYOtjq0KVKD95wTnJOyTcVd6vbrZq638/ln4HfsvfEj4q65pfh3wn4S1jxBrOpSQrBYabayzMolcKJLyVVKW8Az88jEKoU5z1H9cf7B/wDwRg8K/Ce10T4i/tHRW2ueJIVtrzTvAkSxyaVpNztWWGTUJEDG7nQ4LRAsm7hh8xr9Xvgn8Avgn+zF4fv9e8NeFvDngPTra2ji+3ailvFd20FrGEnnvNSuQJQsxVn2u+DkqMYxX5jftrf8FevBPw2j1bwr8GL+38R64fOtpvFc0gGmafdDKZ0uHBa8mDfLGUVoyQvBJzX5XmfEubZ/U+q5fRqYbDuXJNxl+8lBWTlOWkYLRtqLu117fouX5FgcqXtq9WNWqkmqklaMHaLtBapyvp3b6X1X6XfHv9qH4M/st+EvtnifVtJ0gWlkIdB0C0+zx3tw8MZEVtYaXDtMYwqKJZFKqcHIxx/Kh+1p/wAFBvjF+138RtD+GHw7F7a2GveIVs/D3hTQZ3m1S6urmUwW9xf3kZ/cyuXGRG6rGpOSqq1W/hV+yb+2F/wUa8Zy/EHxhq+v+Bvhfd3Jl1D4ieN1uYbzUbZ33yW/hfSZgrIHjLiGeOMRYK5JPT9cvDH7FPwI/Zn8Q/sveHvhl4ZW518fF+A+IfiBrKLP4i8R3EViZX3yurfZoQ43xxwvtAwxAKilhMFgsvqRlVlHFY5xuor4KTSWsm7qTT+aa6M6cTiMRiKc40FLD4ZW5q0rqVRXjbljf3Yva9+bW3meS/sk/wDBFSy0y5034lfte30niLW2lj1S1+F9tdNJaWs25Z0bxDdhne7myAZUDFSSVYDrX7zaDoOgeEtFsPDXhjRNN8O+HtLt44rLRdHtIbKzgiiASMCK3VFeTaAWdgXkOWJy2T6LrqeZql9hsFrpgrHJYbOR9enXtx0IrAkg+csRuDAru6AnoOgJyoPcdxyMGvVXPXanWd1vGKvyJel7b6O/2U1u1b52eJlBuMfhbu3dttuzcm979k1s1e/WjCrSswzsX7wXcMFemCuBk5wT7sR6V2nhqJVvbNVLbvP+YbiRhsg8854PPJOeRz05mKDy3U9MkAnPQ4zznOex4xjng4xXd+G4CL+wG7A+0rjkE/MRzyDjPrj05HIPNjrQhKEXp0v0ty2tokrrS1krN7I6cI3OSbve6fz916uSe2j0u/u1/li0fXLLwZ+0r+0/caifKt9U+NeowpMCB9ndXl2swPJC4G7cBwpHXFfs1+zr8I4/Fy6V4y8R27P4UtYk1Cykcbf7Wusq8TqDgmFeD2DEcHGK/CT4tQIP2nvjLYI+Xv8A4y6+wQk7JfLu2jy4zhmTOQCDzx0AFf1G/CzTJdK+Dvw200OqJF4R0oMkagKPMtgWdguBnIyTk9RzyK+gxFOMcvwEk7N0o33i3ZR101XRaK+/Q8CNS2PxySv+8ertZXUW1pfXXTXTfRpG3reoLcP5cKgQR7Y4kXCoqLlUUAHgKq4xjnB7muVWJRKFYKTksTxkNjqc89D94ZwDjPp1EtiJECoAy7iS5OTwSc7s8ZIyOSwJ9iKzHsmDLKM7V+Taqgsxz0A54GRgHJOQMkmuOPIo6NLvvtpa733tfZ63beyxjCpOreSvqk0rtpNx6drPpd99ibSIg17aoCocmY4IBGDFJjp06YBOeRX8E/x8s/K/bU/aajKjj4keICDxtyZge/y87uBwQpxiv7rvG3xG8BfB7RJvGnxL8TaV4S0SytLh0l1K5hgubt1icrFZWrN51xLIAcLGpOfmCk5FfwQfHH4ueAr39pv45fEZb5W8OeLvGesaroJVgbqeyupx9nldCSUMm0kBscZzX3XhljKWF4mhiK0vZ4eCvKpL3Y391b9Nm3s2te1vB8QctxGN4UxOEw8OavVXJTg1a9+Xa9ttG+mrdjrLa13QDzF2hWCkKgOR93kYx9MkAnApYrIvkLG8yks25VKuSMYAxycZwDjk5BPTHzzq37U+hW0Ultouifa3+7HJKzSOxP3SqQ7m3DHAxx071xDfF34w+Kx5egeFtaAkDMskFkYLdQTtUiWZFYgBg2d2CFPIOc/1KuL8LKTWDp4jFySSXsqdR3dl1SVr3t/wFr/LFDw4xlKKnmGJweDjvNVakW18NtNErdbN2Xbp9gS2SraSPIYbaIn52uZEjwxydxJIYAgdMgZFcXP4g8K6SxW+1u2RozIwWIif5Rk4JQk7TzyMLyORXgFt8M/jz4phEmsXtroEFy2Ge8v5bhwr42sYYpDGPvYKMp6MAO9dfof7KaahMh8VeP8AUb9icPDpKGJcD5sF2YHByFOMkZwNtbUM5z/Ep/VsodKFkvaYifJbZJuLabsr6JSu7vyCpkHB+BqxWOzqGIqRS/dYb31K3K7dd9LK60T01NLxF8avAWlRH7OFuJY0YBpZowoBJLFoyfMGSMAduRgjcT8rn4wrd/E8eLtH0Se/nS0NrY6dbrJK045UyeUu5mTJ3cHKjnC4Jr7es/2YPhdoqTTSaNLq0oUEXGo3MkjHn7zIrkHOASpHXIxjJHitjpmj6B+1F4f07RtNsrWyj8PSK1tFbKYQ5RsShMff+X72M5xgEnjysxwOf4yphJYjG0qMamLo04wpXk4TlJLm1SSta1rNX1PeyzOOE8up46OX5bUqyo4CvWnOq0lUpwjFunK15PnV7u10tHd7Ycfib9oXxkJYdC8FT6VFcnK3NxA9sgQtuGDdKM8HjAweo687Vn8Gvjf4iEh8ReN4PD8cYG+OCU7nwPmXdC2CV5GR3AzxX2te6lcrZSeVIZIllwF4jSMAtkIANx4xjjA4HOBXnMlzLK8yxKwEkrBWdmOWHLHIYdT0GDgAgkjK19HT4Ip1YxeYY7G4p6tqVV06eqS92EH9+v4HwU/FWtRlKOU5Zl2Cg7x5oUYyqaW+1JPrbpvr108UsP2bfDSjd4s8Uavr8yKpfFyVibH3j98HrgjGBhgM5yK7zRfhn8KPDiJNaeFrK5kikQfaLuUXDnaQuWV9+Bnr0H3WwDxWlNJdSuVld2jVsOoUAcchcgAYBweOOg5JzVFYW3sgl3Dc3yKvIOMgNnuOCM4HX1GPdwvCGSYejF/U6UnfSU4qpLTl1c5N2dte9k16+DX8ReI8ZKfPjqii2tIS5ElaNlFRS0a7K+630Wtq7WmnalCmj6dpdhGbfzCbe1ijOwj5UXaByqjJIY5KkHjFbf8Abxe2G+W5ZxGuxV+7lcDnaQMAjJAUYOcDpWFrWiM1vpt7bv5rJGouNzYZSzDoPUA4II6D3FVLWwMiylpGRg4MYXITYo+bHH8XKnPJPAwMEe1h8twVKkkqMKajZK0dPs2+GyV+vW/VrQ+OxufZnWryU8TVnOotW6jdr8r7tNJf9vfPU6VdZZWhWIkPIAp3tuXII5IboT2GMAk4AzV63vTJMElkbBEhkUEfOTzjjA6ZwB3P5c9FpbkAurLzuQiToMjJPJwMkk8YyW/hyDftLG4+0Fp5doDZUr8z4CnaDjk7umQPXAJAqMRChCLilyuME1p17eqTSst+4svqYyrOnKc5VG5q9m3vKN110s93fQ+Rf2n9n/CyvAkisSp0mfIJ/hDrkHgjHBwA2cDvnNckuq21qIvNbyEUDDAKzlSOCTnIDBRjGCOvqa7P9pGyu7v4jeCYrSBp5RpEq7EQiQjfgcAAsSvBb+6Tg4rmtN+FXinVJIZI9IuigYZkmDlE8zBA3DCgDByDjGPmAIGPwidDEVszzT2SVni3rJ6bQ1unpa11re7vbqf1fTrUKGS5LOtRlOccHScYRi218NkklbdWt8jg9e8US3gNpaNKIHdyJtoLnB2sBgc57naAQMZA6poujN5BmeEmWQiTzWXLAEHaPmzk56j0xzuwtfR1n+z5qbGP+07/AEnTvMUOkfnJLOAWHKxozMxYnBBydwAAGRjvtP8AhR4S0htuoaldXjKiLMAgtYPMChixecquwYyCAcgfKecHTDYTA4WtGrjcbTi4NXhzJvdNXWjt9/a7OXFV80x+GlRy/La8Oa0YT5Gm7uNrtpLezur21Wp8qw6BdPLE5i2qSdoI4GR97qQxYcfd4zwMgE9dZ+C9TuJofIsp7hZH2BIoXIJz13FTwSMqBg9skZr6Re9+E/heOKS51PQreaBtzreXaXUjAdGWOBnX0G3HB5x3OPqP7QHw7soZLXQ3vtUXblYNE0v7zqefLkaMMM4+TBOG5wV4HfU4k4cwSTWI9q1Z8sI6X03Tsl3ejVr7ni0eB+KMeuWs/YRdr8zvKzcbu0Vvr3731seaf8Kj8RtOlwdJuAiON7z7YUjDHqxOQCFJB5wDjOM4rstN+DV00cl3qNxZWyYwv7wSS8DgrGh3ZBHAAHzZ6AYDH+LvjfxAEh8KfDfXJ0eMlJ9ZlkhR2PAaQZCMDu4HOwfTA04tA/aG8QRIzz6R4WtplC+VHAs0yLkhlLMCwOP4uTkAA8ceNiPETCQb+qYJT6e9sleKV1bT71100PpMF4U1JRSxuPqStytqN7XXJvd9tFby3Ow0TwD4S0uJ59QeS4aJfMc3MkNlDuGDj9+VJUkEnHGOOQ1cf8UdR+El/a6VoOsa3Y6fY27veSroypPdNLHtIiknwyMGJCEIcDGQORnbsv2YvEmtSCTxZ471O+89S80EMkoTJAynls2AOPoAAASMCvStC/Zf+G2karaW8+ky6k6WJnSW+ldleY8kkElWAHPAxjIA7D5LM+McyzBOnFRo05JR5YpRTs42Wl3psveWydnufb5PwFlGTzjWjF1K0FdTnJykm4xV1eyV1dK21/M+f7H4mfCzS7S3s/CvhXWvE8tqiohaK4lYyDgMoClAmSDggct6EVbj8ZfFLxAJF8J/DKLTYWf93NqUCoY1JI3CMptOMk8jPAx0NfeejfDjwjokMSWGk6daPsACW1pACMdFaXaCASMZLZJ3YOMkdQNP0S1V1aNUdFXJkZUjJA6E7toC46nk5wc8V4U8xzSs1GeLqK1kveaSXurROyd01ZWb1S0vc+kjleXUpSccNSUm7tqC3bW7srvd21V9XbRH53Q/DL4++JRIdR8TW2hwS9bayRQ6ZGGVGT5sqMDHA/ukZrW039lK5viJPE3ijXNUmBG9DPIIWPBJIdlxj7uDljj6V9rap4y8F6D582ra7oenFI8ruu4c4XHO3cOc+x5AzmvDfEv7Vnwg0Qsk/iNL94mIkj09dxfHHG3dn6Z5zx2xze1qS/i1qs9Xfml5xSe9k/0l12XRGnSpaQoxglr7sUt1Gz2WrevV9PNUdG/Zi8A6QsdzNoNvO6r8r3T797Ic7++4EjJA7n0wa9R0zwH4U0iOP7FpFhbyl0VDb2sOEC9PMJTcT05J5/UfJfij9vfwdaLJBoOh3d80WBby3TKkSqT2BGcgnBzgHjGc187eKf27/HV8Zl0Wz0/SopfkDKoeVcD73KlQSM4yR+B4GftIp2urq9r2lf4ba6/K99090a72dkku9rK7Wl3rdJ/r0sfrK1lZ2ykRQmJ4MOzsyLGV5wVXITH8R6leg9Ti6v4p8K6XC1zq3iDSdORN0gE19CrfLyWC+aM4PzHaAQcckEivwx8SftH/ABS8SSObnxXqiKFKtHaymBGVuMDymVsEe+RwOp48h1Lxd4g1Ub77VL+5cbsGe7mlwDyx2sSCevXdnpkZAqZVqbjypPRJ21Tvp1u9LabNXT8ibvpZ2338tndLbpp6a2P2/wDE37UvwZ8LpKZPE0Op3ssUqBLRDKVLR7MZG5ME4AJGCMbgcmvlHVf23NCsNDg03RNDmv7iO4vTK10dseyWVmidBgFcowGMDJH1NfmNJKJSXe4Bk3bjlipySeeobGc8YABP41kT3Ki4lDSkKACpDMeWwBnHQZHv2yTzXJKt714pq6tffRWt0WunXyemiLUnGPbu5PT7Pm1d63vqtEfd+s/tsfECWFbbSLTTdLgG7YUVnmQDODk5+Yr1z6H2B8g139pX4pa9+6uPFl7GjFiyWrNDjPoUIwOcbscDBJ6A/NovQi4ZCxI4I34yTxnjBx7ngDI4NQC7nd8xKVOeNoZmB9QQDn0AIx6eybqza5FJp31tdt+7pa21tN9tVZJXmU1bWSSdtdNnbR36bJK2j6Wuei6h428RahJJLdanqN35jbWNzdytySMkAuVwDnJ6ZPqeedur2ach5rgeYTnDsxIXHfOFOMjkDuR0qHS/DPirW226four3pcYUW9pOVJBGMtsIORjdnnA7A8er+Hf2bPi54ndDB4Wura3K/LNfEwo3cj59pIBI4K55OOnHVRyzMcRy+zoYiom1blpyb+zbVJa2WrldNbK9mcVfMsFh1evi6VNLTWpBbWvo33W2r9Nn41PdxNujd2kKqGwuQT0IBPQbckE4BIOQTjNV5L2MAYjYkEEF88cYJHpk8r0GRwMGvt/w5+w14xvnhk17X9L0iJz+8iTMsnB6Ky55wMdRjlc8Zr23Qv2Kfh3ppZte1fUtXlRgCi7YbeQcNhD1wAcnnnJPU8/QYXgrOcVKDdGNGEtU6jelkrJxWt1vZrt5HgYnjPIsLCU/ranyqzVOLldq3Vrl2XTVbPc/LH7fNK21IV3MQF2qWJHHykLnJyeOBnIxyM1vWXhrxdrLqmmeHtWvXYDa1vZXLBgACMMEPTIORjPfg8fsppPwS+C/hn7OdO8I2MrQAsZLpvtEgdcfOVk3BskK2cAcFRt5ruY9Q0rStkWlaTZ2qoiorw2VvCQpJJPyxhs4UEd8DqcgD6vCeGVVxjLEYlWfLeNOGi0js5Pz007vds+JzHxby6i3HC4adSz+Oc0otrl1airu3ro00/L8gdD/Z0+MOvRfah4fuNOtljd2m1GRYOI49xUI21gcYABxnPp1ufCb9nLX/ibc+IX/tO20uHw5dLa3xkVpHlnaQp+72nGMgjnOc8gEgn9Yr/Wp7qGeDflTDdMS4UJjynP8IXGBgDkEDnnt8z/ALNzC1t/iM8RKSTeIiQABiTNw+TjjI69RjHYgcPF8FZfgM1ynCzdWrTxLqurGckr8kYtJWWmrs2tNHaxvlXiBjM3ybOcwpUqdOeBjTVJRXMo8zSu7t3drXs1bZ7GV4V/Y88E6NJA/iPUZtWnYBpIlZY4SBz3JbB9AD3J3BsV7rovwt+FXhx449J8J6e0qglnugk4OAVyQ4YEnggZ4zwDzXUzRzSSM4b74DAuc7QM5CAE4PYgf0xUYsyJ/wB2N+U6YO5c5Jbjpgg7R0+hJr9GweQZPg4cmHwVGmtLPlUndJauTu1fulufluP4uz7HTk6mNrQTcrRi+VJN9opOzvZadLdmadpcWtiUTTbDT7FUyF8m2ijbHU/dUEA8BRgDoc4xTzrt55ihZ3I+dmzwu7nCqQOGBJ4BIHTgZottNmkZXRDt+5l1+bcP48AAkHjqMADqelacWhvKhCoyt5p5kXCqw6kbsHBPQ9PXNerbC0YJNUqairfZStZeSaSWneyfmeDF43EuTdSvWcpa80qknf3dVZW6r/yYyX1KcDcrEPgFg4MgJySMcZHAyQR0yw29Kike6uACCWZgACSAgA5zgckHkYIOMnp32Zo9G024Avr2wg2xtl7m5gjjDAfOCGIJIxnOOARkkZrj9U+Jnw60NBPc+JNNEkLsDDbsZyOW+ZMblOeR1yOmTmuermWX0F7+IpQSV2nKOtrJd2+6trbvpfso5JmeKn+7wdedpRX8OTS2WrSimttFe6+RqWtgzOxZifmO5OVRSAc4ycEEjI6ZPHTFasGmySq6rIQm8DJwrudw4ABBYD7oI7DjGK8O1j9prwDZCePTYLjU84w4CxBnzzhSASv4le/seGuv2m9avVMfh/wq7yA/unit5ppBxhRiNXXcQByfTjivFq8UZZDSnUlVmnoqUJTd1y2SaXK1d9nfXofQYbgrOqsU6kKVCLTbnXnGCsraO99lbdLXzPq5NEkjLGKNjIZAFEhXDHdyx6ccZ5zgcZPOPBvh3brpHxD+I2oai/2aCaaKMySSIqSESbiBzhVOAQeVGfQ8ebt4r/aG8axsmnaHq9sj5EbtB9iWPcpYOruqMR0APIGDk5HPmPhnTPiN4+8VXvw/a8i07Vonlk1Gee4kDO0W4Oszr80pLAkYyAQOeefjs/zvH4rF5ZUwWAxDlSxLdF16bgqkpQUOWN7Xbi9dt1e12z9A4W4by3LsFnlHMs0w0liMHBVFhZKo6EIzjOUppW0fLZP7+l/0Bn8e+C7EyCfXdNhkwDHEZBJt3DJ+ZWPIBPQ8kgjBri9Y/aC+HelrLCmovfyBBuSCFuXX+7Jgnaepw3frwceTaJ+ydfTsj+J/GTyEuEMFhGWcKCQF3OATuVeCcE4x2GPX/D/7L/wv0+T/AE211DV3YgH7TIyZCjrhGGVbng5+Y8jrj3KOH4xxkIucsLgYtLTmU5JWSS91S21TX67fPVKnh9l87Qp4vMJxlZWi4xcopN8z920dG97abank+pftU2aTp/YPh+adihAaV2l3t0DBEJYE54G09DuwDmuOvPjP8aPFJ8rQfDt9FHJny5baxnZiX5A3Ou3Azg564PYHH3PpHwr+H2grGdO8JaWix8l5YVnlAQYBzKGIPt0IJ5AIz28UFvbRKljZ2tmkY3bYYY4SeRjaFAyRwB64xwK2/wBW8dUs8bnWIk2ryp4dOCs3HZ3V1razVra3vdMjxhlGGTjl2QYZctv3lVJu3uu9tXdrdp6peZ+byfD/APaN8ZndqEl5p0MhG43FytuVQsBuZUZHJB5IIzn8j02nfsk67dSibxT4zCoFDSQWivLNhsE/PIWye2d3DADnkn76kQ3MhBLsxKxhn+UA9SQAQwB5BGBnrghaatiwYmTDAsFRhyNq9Vxxkjb7lcdj1ulwxlcUvbKvipJ6urVm10fRrs73drJvRKz5q/HOc1eb6v7DCwckkqNKKdmo21fM7apt2+Vro+V9F/Zb+GGnxxtfRanrc+QWe7m8qHGRuJEZBAOSOOCCDnBAPqenfC3wJoQii0fwlo1qwYKktxElyxCqO8itgjg/X0NerpZFfMjiYkt8pDEkEfeIHBU49MHGeDg7Qq6erhXJXfGQZVORuOT90ZwOSD6/3sjOfawuUZZh4L2OEoU7Ws1Tjzbxs7tOTt3003PncTxBm+JblXzCvK901GpJRt7vRJLdNJLXbumcvaaWkMhiggtbRcbSLa2jiRVHKsBGo4yeTnnjONpNec+KrSL/AIXF8JLad2kDi+BQsfmACDK5OAT0PPRR8vQV7sLYYZA3lhScnA6MOoCnODjgBhg9AOK8J+IJWP4z/CNVLH/RtTwVO0ghUHBXB3YyM+nfPNXjYU4YeMfZxSVfDpq0dbVabuuvK1fXr0Xd5ZisRXxM+avUnfC4ndtvSg9m0367JO6Wx++9xeWdzHNGSVaND8khKPubsMlWYj3wVyrH73PjfjyG3Gj6yFjLGTQNVGWGTj7LJgdOepwegAGOgI+M/Cv7dHiDSxBYfG34cSXgYlJvE/ho/vGU4BmkhXbEAOvy+h4PQfRmn/Fz4M/FTw7qkvgn4gWD6pJpGoovh3Vpk06/jka2ceSRclEd+AgCE9Pxr8BprF5bUcZU6kJNRTi4yjq0ubV2W3lZ7+Z+iVsonLklGVGrGNRNVKclUXuyV3dNrdeXc/AvQQsfj2zLMABqupjB4yv2yXnJ+nA4BA6jiv20/YX8fN4X8D+KNJ+yGZbjxXd3CkxJLDnywQkm4HYH3bOuGBy3JIH4paLCT8RYIVC7l17UImIw65+2yqTuxggNkjkjGDjkGv6Pv+CW37GfiL9oP4ffE/XPDnim20e78NeJzHb2Woxu9jqM+A0iO4yVWMY2jjI7+vBjM4wuX4WvjMVVjSowklKbdkpStFJ2Wuu/lufW4rLsVjsPTwmG96oowko2S5oxiuyd5aPvfTs74PiTWfA/jXULqPWfB8Vle26ShpLO38lpm3MRLG9uirIzfeIck9gudpr8af2zdAsdI+IPhpNKN29leWLuEuUYTQkOf3ZLAZVcYBPJycg5wP6hfip+x78WvhTpsut+IfCFvq2norJe6/4YAntrJe01zbjMqqq4LkrjjrjAX+b79vaHy/if4W+yXC3kaafsG1ArKzylNkidVI46gN+tefhuI3mNCMcNj1XwzkpezjUcl7vKoe478tnppayV+9oyvKqmBxbWIw86dSUJRlLksmk4LtdXW7T1dtG9uS/Z1nvbHWdFitI5Gkl0+5VkRN+5QScDrhguAOBjkkDmv0bTSJb+wtDJBCcqGZJ0RJtwJLAYwxIHAOBz9ADD/wAEuv2G9X/an+JeqeF9F8Ur4Y1rw34WTVrCe4gaa0llvOTFcEBiiBm5YAntjLYb9K/2gf8Agnb+0x+zZ4fuPE3jDQtM8Y+DbSdbaTxL4WZn8h5WKp51tIBPluMsowD17Gvr8HxvgcHClgsRX9hXi0tW1F35dW1pfp+G54me8KY7EYuWMpRdWjJL3LLmhKKXwptqz2dr3a89PwY/bE01LL4c28phFu/9rRoSAMOMKRgjknIAyQeVz3yvxT8F7BNQhS3lG+OfxFBGyYCgqZBkDAIyd3I4zkYPdfv39te0ml+GlgklreWcja0AIL22nglIUDlVkUZAxkkDHORwBXxN8AbJzJZOSoA8TRocN3DArg8g91PcZz6iu7FY2jjcThsT7WMo1FTd4zveKcE7vpZW8l1O3KKGIwmXVKTpyjKKnZNdeVp2vommraKz00R9AeI/gWbSe4vPDupajpU8sjSfZ5XkNlIWG8KSMuoJ9TnjupNeAfEHRfFfhzSdQg8Q6CJ7NrdkXW7ACRVGCAZWGXQMRtJkzgkjnHy/qTeW0TQYnt52BZNrRsWOdhwSgJIAADHt9RXzZ8f9Ojh+HHi2S3mkB+wANE0ZAZd33SuF5VivzYzgZ6V95i6mDqYKq6VRKUcO0k5X5moK+qtfVLR3dnsfKYHMcQswpUsRHnjKvFJtKMl7yWjsr23V7+bPzv8AhxbxLN4du1dkLawm7d91tsnXH3c4BAznPQkd/rLX9P1E6rd6lZ+TdQyR5VbSdC8ZRQGDxhg+/cCQAuei18t/DyNf7M8L71G9tXVvu8EB+VJ5ySD1PPXO7hj9ejQrAW91fyR7JDLLLI0EzRTBASucABSPfHUZHXFeHwvXcpYnkSbShpbS2z0V79mtVo9kfV8RwpuGHcmmndpLZ35XaSd/NtLqn3aIfCWt3jzJFqaujxxTxATR7G2tGxGSfkYA5HvySccV8P6CnmeO/Galtoa+1EjHAYNKc/d6Lgk5AzuP0r7K82TyYhpuo+Y+SRBfIrZBQ7gJj85yDgkE9skjg/G3hVA/xA8SxSYDm7vtwUjDsZcEBicEcgAkHGTx1q8+nKrUwdOpTSbnJppWTUoxutdtOmvbY58jjTo4fFSpNq8U2/OyVtb6aaXtZ27n6C2Gg6ffeDtBivLG3uIzotuMXESuDlSTgMGYEg/wnO3j0NcMPCmsaBNLdeAPE2oeF7ryZjJZpNJcaVKrI3mCSzlcxqrqcbgmVBXoAa6rT/G2kxaDolhIZ7Sa3sYoCZkZVcKmwFXfAYHI5PyHoPSra3Mc1vJdAhw8UiFlZSoUoeCA2cnsQd2SRnBWvflgMLUw0HyxUo0k+aLtJe7Htq7tNXV3ZHyn9o42jjKkW3ODqtuM05wcXKOvLrHbtbRs/PjQEv08V+JG1N45Ltpb8zyocJJcMxZ3A6Krn5gmBgnA6Zr9tf2LPil8OU+GejeDbrxZpum+KLe5upJNM1JxZs8czcPBLMVjl3A4wpZs8YIr8TLSdB4z8VBvuC5vQd3TO7J6AZ4BO7nBIGfX9MPhP8JvCnjv4TeHZNW0+F7zbcvb6tZ5ttUtWViUZbiILKwVskDcPqTjPxuT1sTSxtSGHipSjGppJvWKqe8m9Xq0tdtL77/WZ7RwuPymMMVzKEnTknG3uTUVZqL5br0tZbPY/UrxdbLJot9cIyuq2xaKeNkliKtnDRvH99do65OMnG01/On49xF8WPHoGG3a1fLvGOhkQZB5znJGT0z8+cjP3RqWk/H74T6fez+CPHt34p8OWcD3Fx4c8QMblntYwf3cNxLvlRVThtp98/3fzcbxFf8Aibxjrmq6lZC2vdYvLy4kt4wfJhmMq7wjHkorA46kcAnOCb4gxdWrSp08RRdKacmnpJS+C9pqyf8AwbdbnmcHZNSy7EV69GrGtTqqCVlKMoaxdpJ2d9bbtPa6e3qH7UghjtPhhM6AEeDo1bAIz8h7k5P93jPUnkAV8c6bAlwwlwoT50K5xgg/KxA57k5AA6Z6Hd9m/tM6fJqen/DZ7ZJJoovByF+QApCnG0MMnB6jvngAACvjuwia3T5EaMo7CQsp2gZwQCcAnGc8YycHPzY8KUFKNK13HkTur31trfbS+mmnpofX1ZuFV1HBWunpq01bbolrbXZeTR658ObeOXULmA7QyWykdycSDt6A9QR0wvvX0V+1FYQ3LeC5AEIh8JaWQSFBycqxUsM5+Xa3A6d+SfnT4Xrv1iZUcZNt83Ayfnyfu8d8EA8d+ma+m/2molhg8DXB3uo8F6fjHQs7MqsBkEhCCxPQZBJbPPkZhKpT9hGGnNNqXvJ/ClZXurW36W9D3cBONSnUlNJJQ19Pdta+61tquq6nyrFY2yxIoQK5YYBIIPHJJHfIznrxjnoek+FUXl/EjQ4QAobVIwT/AA/eClT0xwWPfPGM4rBsJxIA5j+ZcKCegAXrjHQjgj1O3bjrs/C288z4m6YEUL5WqWzoR0IEi+ZwDnkYHJGTnkc124SpWjKPM72d0l5RT277+t01pY86vUp14zVNKLjdPTXbZa+T21S0b3Z9I+M/A3gfUPEfiNNXFiuqm9MjEz+SxR1BUbc4YgEdAWyMcDOfKtb+G3hvTLNb7Q5ZftQbyygkEiMrEbjnkHg+/HJPWoPjpC6/FDxG6syiSeFyyMwIzGpGCDg8Z4Azxz7ea2N1qUdzawR3ty8Xm7/LklkaMgEkq6kgHgehGORjnEezxarSqxrSVNzvKnu9eXSyb3XZJr53N1Wwjw0aMsPFVPYxUaiWrvy2eq3b03e+y1t73+zvbtF49ijUkNFbXKs2zqQJBnJAORjIPHIGccZ7/WPh14O1nWtTMWtaP/adxf3TyW92yxTwzbnONzYDL6DJYt+APFfs+ytJ4+knJKOkV0kpChSMozfKuVwCdyluGBYcHmuK8Yw29x4t1uZHIZNTuS00cjRyqwkccEEkKCM8Z55AGeN8b7StTowo1XRlz3TVnJrTRpq1lbrreyPLy+UaE6vtKSqJ8q1Svpu2t/d0Ss91fpcreMvC9zoVzdadNb20UcYjKTRSLJFKpwAy4yAO+AScAEjPT6U/Z0t5G8C+MxCy+YNOvwR8oB/0eXjk85yQBxxjAI5r5NvdR1N4mt553vLVpEUefueVeQABI2MAkDlSAOQSDX1z8AJ7W08FeK4lkeGeW0vAwkUtGAYJBjIBUE8qOcE8r7b4SrOLgq1RSmoqLbtdu8UmtL31vq3o7b2McbTjOMqkILk5k1G61as1bbq1rrrfRXZ8G3treQ31xuKgG4uNoVgp/wBax6BgTwCCD0GOhNaNnJMdT00SySN++t8Kw3ghZk4HDbVwo+YE49uc9bc2sF7c3KpGGYXFwBMpQqP3pyDgkkk9Op/Gsh7BrLU9N3P5gaeAqygEYMqZHHTjqcYx+GXWxdOScXH4ZJpvq0467eW+tvzVFJtXp2TvzW0bfuXTb89raW0WzZ+mGjKq+EdWG4hT4UywIYk7lQcHGAQoBzxuwccEV80x2ELrCURcFS26Tgk7vvAfLkA5PAOT0Ir6n8N20cvg7XWLBGTwlGNrDIcsi4A7qc8AjHQ8gV8xfZlEasjyKyqpAK8/NzhfbnG05OFPpmvzHjOs3jqLTceakm01bVNWWydut9XZ92fq/BVCCy+reN17RNXWjbSv36XSv2fqSx2ZVWxOrAn5ApxyvHBO3IXAyM5OOxBqVUH7xXGRtI3OoMbdiAASAD1AwOemGGTVZ3CALncBxlcZ5527RnoB2B6+tRtqRTbGwkX+8NrEFSOQp425wOuM+menxXtJ73d4vVt2f2Uk+1rer7pI+5UKdtbXdtGk1ZW0abV0tLa29EmzE1bwXoOqRtKYVtLpvm8+2BGGYjqoOODxwD3OcDA4K/8AAeuaQy3OmXBvUC7lMTbJ1IHG4d2CjqAW4HNewfaYVRSiEhgNx3BSTnumc7gOuQPXkHFHnEMWT5Q54YsSyDjHHbGevHy8kEde/DZti8O7e1cofyTvKKVo7NpNLTX3nZ6WT0POxWV4TE6uKpzatz01bXSza2S3827fC9DxJfEV1EyWuvWpIiAH76Mx3C8gkoQADgg+56hhXV20Gl6nFHNpWqrFOiZ+z3JxkkAhFc4XgEAfeGDnOa7G7sNN1NSuqQQXO87BIqESKCMHLAAgnt1/hOciuF1L4fgebLo186sWP+iSBuB2RSB1POCfbPTj6LC53QqWVROnNpJveHS2jdlrZ9ND5/EZNicOpOlJV4KzevvJR5Xa3pdWVrX3IbvSULF9RtGSTIK3cPDAjOJAyHGQMsGz8wG0nAq5Bdala2TxObbXtP5f7JdqjSKvQhGYltxAJGCcHA4yCeV/tDxJoZa31G1nMAwmZlaWFlXIADMDtBx2PAzn0a3BqWl6io8uZtNuedoOGhZzwCMthQD03YOe2STXsxrUq0Yyi03JLb3k9Iu2ut9m3rZK7Vjx3CcZNSg1KK2ak7fDHTS91eTbXMnro1Yqm10+5S4Fs8mhXLsWEc+5Yt2PuqRt+7xjJ53Drgke7fDH4ifEX4T2Nvq/g7UtUtHjl+0rrnh6/ntp4pIhuBkELruCn7ok+UAngHdnxeeK/SPZdQw39u/ImX51IA4YMu5lGDzwCMAZ5q3p9zd2UCxaLq8mmzSMBJYTPvtJmJwU2luAc4IYKw5GSMmuLMMoy/NcPLDY/CYfE4eor1KWIpQq0ppatuLTj6qSf3vXqy/H4zL60cRhMRXoTire0pzcXH4W/eTTej0T119bftF+xB/wU8+Iui/FjRPD3xp1Wz8ffCe/t7z+3dC8alWjEgjZvOtp7jKSXsrErslcoW4IOSK+/Tcf8E8v22Na1yH4c+Kbf4I+Mru5u7NNC8Q/ZRpGoah50iIbGRwtvFC0jAIsBGQcjAAI/lhv7+G7t2tfEmkyQTRlnXUdPJ8t5Cc+Y6x4C4ADEgYPU46U/wAP2Os6ZcW+t6RqJubWGWKRIbe7lgu7eRX3JNGwcSLIGXcpUZDfQV/P/Ff0fMmx+MqZvwfmGJ4JzmPsquFxmSQpUaKxFJu8sTQgoUq1KrG0KlOSSdlJK97/AKhk3iXiqcYYbPMN/bOGnTnQrrETdVyoTcdOWo50nVpTTcajipWbXMlY/Zj9pL/gmb8avhVcW/iiPR7nxH4bhvWeDX/D9s2oabqFnGxMdwkdsJJIV8rG6RgE7bq/O7xppOv6HqF5d2dr5K3F/HaZGUmULCsUySREB1IK4IbheQcnp9rfs2f8Fgfjr8ANZsNA168m+I/gG2sxZXXgzxoWule2ChWS3upxI+fLyArkjqCcZx3/AI++M/7Ln7WPxu8IXujWNj4A0vxtBFZeLoWiawTwr4j1G58lLm1it1S0ltELjfLIVIA+bgA1zZPxf4qcF155Pxzkf9vZbh8JXrU+KcjXtIVYYempuGMwbtOlWqQhJx9mnGUrpO7RGM4W4S4lqTxmQZjh8uxEpQTy3Fv2bdSpKzVK7lZQ91ySnJa30tY/OTTvF994d0nxv4fdJRZ+KrG0iuEY4B+ysrnb3bDgjPI4zz/F9Xfs/wD7YF98JvAvxA8AR2xv9B+IOj2ul3cZ2l7NzD9l3B2+bY6ZBUfLgHHI4/Qr4xf8EUPijouh2niTwPr3h/4geFdSs1l0TWtKvkf7RFKA4guJC/lrLKrBIXUkM5CluMn8l/FX7K/xI+G3iTVvDvijw3rOgX9i2I7XU7WSEXQjcBWtZiqxSDK7hIrFSMY75++4U8WeB+KkqeFzWjHEwUZSwGNTwuLg3yyjL2Nbkm1d6OKkr9dLHxuc8DZ7l8HVjhFisM58v1rBzWIp81OynGUqcpcslZc0ZKO6Xmbmr+B9C/tXWrqxh+ywWmp+FZofsokV7a2vVgnmkDRbXVfNbJfgAqQoByK9q+L37Wv7R1v4D8Q/Cmz+NHiTWfhZqFtBo8/he71Ca9i+yWkWFtXeaRnjhj2BPKQ46cHjPnQ+IV58O/EKySeHra9n1TSfDkWo2Woxhopf7MuYGxG7J5e+VI9py3QkEE8mn8TdJ0r4geI9Y8Q+HLKz0Oy1EC6k0mOYCGO+mhw0W0E7MuflJCr9wr0GPuqUqWMrRxkJUpcl/Zy9xtJqK93TRuyvaz9d18vUlWw0YYWpTnTUlTUm1Z8y3i1tZO3Z67vQ+N9J1290jSvECafdXFudRe1W9ggkYQXECuknlSR7gGUPyQTj1Hylj2HhC8tLx9Vmu7aRYbzyIZgjBAgZw26Mgrtf+IEYxz1xisKbw/LpOmeIYr2zMcsV5Ha7g4J6/MQSoO0Mep4ODjPb0HwZoUdhpzG5hNyhu7CVgpzuilCna3UDg5J+YgggkCuyNKNScpcsHzJN+6037sVd6dbb6p+pjOryQinJpRaSS6N7W133bt3u0+v7H/s6fBvxp+2n+y78XfDOg634Zkb4TyaZc6To3iCZpfE90+iWBuYJbS5LGX+zXt4TC6uREJXCdcivh/4IzeBdYPxO+GnjfwnP4b8Ta7MstprGnoZrfTLzRpvs8yyIoMTCUozkrlgOee/K/B79ov4h/sweMPHHiT4a6mmktrulXPh+/wBMvA0lpqGnanA0LRtGQYvMQPuSYqSpHBABA9o/4J4/GPwB8M/2y/BHjX42WVvf/DyS7ub7xVZX1lFqtqH1HfJLdPBOH823WV8tHtJUAnaOK/McTw5mdPH57VwtODweInhsdgkqns5U8XTlF1VaMXy0k1CVlzXd3bWx95hs8oVcDg4YisniKUK2GnGNFN1KDglGMpSdpT5m+WScdJJXehyvi79mLxn4m0seKvC1zp2rabpupGwjaFkttQItAT5jwh1H+rQkZGQepORXzb490LxDZaLHealaNcQf2hBDbzOsfmNcWpKNFIvUjIKgEEsoXj5sD+3L4u/sk/sq/tFeDvCviT9lXxp4d8L+JPHniQakD4ent7ywvEun8yWG80MsZdPARsMscKhRuxla/Hf/AIKcf8E8fiD8APAPh7Vtf0zQdY0fUfE9lpkGseFGa2DX0g3QQXsEgjCSzAM7sg2EgbuK9HC5rj6lX2OIoU68Kc4UqlejGU4QlKK5W52T1eknKMfetfds+bjSpJxqKpOnUlefsakeVtRs3ZKUk2rNq19Lbdf52fFFx4f1LR9QsI7m60rUDBDd/Y5lZYJ7iJRvSJFwPn3ZBAGDngcV9dfsua/p7fAj4u+D/ENq93YXsWm6hYXVnb7pINRjYhBc3KgtbwjuOCwHHBBHkvxq+COqQWWneItLhknmhP8AZ+p2JYNLBJCi52xRcyApne7KWI5z1z0v7Lvifw54d8L/ABa8N+I9C1W+svFNlZ2dvJYSXKtp95aqxDHb8ojZgCXYjhTyeRXpYihWpYXlpOTlKrQlKPMmlFVYSeqvrKKdkrXs/Q1p1qNWonKSlFRkoyV4814rRrvF3Tdteu1z334XeGIPEfgL47+B7zX7aG+0zQNN8ceFtIkQSyXdxpa7rhLJWG7zAGBcx8tySTivkPS9f+IXwz8QHxd4W13VfDutTPbSm90i5ltneNNwa1mRGVZELKQ8TfLnjaeg92+GXxFt/hv8YPh94mtYtO1CyMLaRqwv900B0m5SS1lt7kMpV2QOjy7lPzLnnGBzf7Qfh5PC3ia4i8xYrfWNQnv9PCJJHbT6Zcs1xb3NluGDbkylEKnACYGMEHz4YfDxzXEZdiqNOpRzCisVGFSEXSnUjGNKvBqas5aQly2tZ3e57FPE4qeXUMdh5VIVMJUVGXJOSnCMrSpS5k09bvRWtbomzJ+DfiC0+L/x0sbj4v8AieDT9L+IGux6P418TX0ESy6Xb3wWB9SjkIKJcIBzJlBn7xxzXu/7TPwT8I/s6eG/H/hvwL4l034reE9V8Z2tr4Y8Q6awuL7S/LRZiLm5hLwokyOMqjhSMkjjC/BPhzTPtNv4iV8O0F9BIuHIBVpOuVIOcHqCDkYBGa09V8WeLtDtb7wXFqN2/h66uItTNmQZVkuwn7uTzHy4ZQeWBJIBA9scfkGZwzXA47K8xngsBRpU6GKyxUoexqxoyTpypPl5qU0m4aXjJJJpdPQy7PsveCr4XNMCsTi6k5zoY183tYSqtcyqaWqRum/e2bervr+vmhfs7+FfiX+xP4B/aY8La54QtPG/wsjg0bxh4Biu7f8A4SPWrGO6KX9/NBcOLh7uK2k3wqisrY4JBrwLTf2V/AHxi+KfxQ8K/Cz4kabYz+GvCKeL/DvhbxQRp+pa9c3WnxXN1pOnzO0cL3kd1JIgicklNoC7Tx896F4m8H+FPBcFp4gXxLbarNpD3FrrPhnULoWU17ekLjV9OWTyZWhGNwdWAABG7LVz+teH9STxhofirw/4wn1Gzv4YI7vXtOu3sNctbkxIzp8pSRCgAXB2qxBA4Ga+VwOUcS4Z5lSwmeYygvrmMr4OVeEa8aVKrVhW+r1ZSnNVKNOpzRg4uM4U5uK7H0NTMMnqPCvE4DD4yEqWGhXpKDpSilBUvaU3DlftF8Tb5o8yTas7ni3izQdX8F6lcWV1aT6Xf+Fr4Wmp21ynz2eoiYfwgbcKeQ44IIIHWv6N9H8JWdn+zp+z74/a1v49R8SaOLfxnLcBBFNcLbr9luYFf5trRbQDznGBk5Ffi9faDY69rlnp3ifWX1m18cTWq6lfzlf7St5YLmOBWuJZfneRkQqZsgEnJYc1/RV4x8F2ln4Es/h3d3F1J4W8IaX4On8KRCWNJza3dhbLLcAqwaSIuDtOSpfOMZJr7PK+K8ZDNMkwNSso1KspvFzTcaNSEI06c7JpNfvJJ2b0XSz1+Sz7h7CYfB43FUF7jcVhou3PCUpXSeyScLR03lf5fA/jK00i88L+JmsLmO4MCS4aNVMkBByEKjJLdSRgHOflzivZ/DPgnVtQ8D6DqlmialFbaNaSXkfyq8Y2LjCkhi3U89D3BBx8u/ELSb7wbP4yso55oUSZ2j8wgxTW8rExsxBx5hVsnIOct1wQPRPAnxU1fR7bSLWa4mjtZdOtlkMD5iliWNQUeInbjgE4A+8PlPOf3lRxWKj7PDOElyR5pXunFqLXK1db2Sb6XT6n5VCEKdpVYSvzNcqV7Wtbf0W+mt12K/jK8hWOBJoDDL+9iQuGIVGco4UYOGAznHOAABxx6P8AshfHj4q/CDStTuPA3jLUbWy/4SO9iuNHu5HvdInB3oF+zTF0hyOrIoJwO2TXI6xe6Xrsq3beRPHcXErpChUOkZLFvlyMMDuzjjORxyDg/CLT0sdG8RJbSuqjxFcSRwlWYMHJUADruHUcZ4wcNzWGY5Dl2ZYZYfMsHQr03Fc6qUoye0Wnqum94u9ujepvhsyxWCnOph69WlZxl7tRpWVt4ppPs7X0s3dq5+r8Pxm/ZQ/aMS18P/tKfDax8M+MriVbRPiN4fT7NFG7ARre3kluFlkkEgLfvvkU9eATXh/xm/4J2a7pFp4i8V/APxXo/wAa/CFlCl7Hp2nT2x8SWOnOvnK7LE+2TYpAKEeZkBWDNgD5Hv8ATJbSS7S4+QSRmVcA7lRiTyh6g45zwOMfxY5jwX8Yvir8KPivptz4I8ZazpcFzostxLp1pcyHTrsQyApFdWbSeU6PgBiU4HQ56/n9bgrM8j5q/CWaVsNG/N/ZmIlOthJO69yDk3Kine14uyvpY+twnE+Gx0PZ51hqdVJa11TSqK3Kk3JLmdr6NO2vU8A8Y/DKTdqNjrumahoOuwyjzbHWbWWwniYZwo86NGkwRgsgYEDIY9apWWlS6FbWkF5A58mNfKng3YVW6MrqSTkcjcQDjOODX6k/HT9r/wAGftB/BaXwl8R/grpkHxbUW0Ph/wAfaJEttEZ4UAa61K5iVLiXegYMjN5YLkAkcnmfCn7CHjD4m/CnR/H3we8WaN4wb7Go8QeCbm6jTVIb6CPNzbafIHLRgMMRm5CE9PTHq0+NK+X4TD0uLsM8qqe0jQdeclPD1Je7KMvaJPkjJdZ21TVzVZDRx0auJyWrHEwerprlVSKumm0m7RdrLS927XPyF+JVl4D8VXcOheL/AA7Z6lcTQzm21eIrbazbR7DGGW+i23A2bgPKJIOTzk143o/7OHiPwfDf6n8OvEf/AAkts9sJrbw/4jC22oW4YFlg068Tblhg4MhyT/FgkV9P/F/4Q61oPiafR/F+g6n4R17Rb4BI9WtZrQybJfmhiuiiQXYaRR80TsGHOdpNbN3pepSW1u0sktvstosywbNmAu1SGUjGQMngY/DI+uwf9nZ1SlWwGJpSSgnGdGacZRaVmnFta+b0v9/zuKWKy2caWIpyTba5KkGlo09H5PZ3/O6/JH9oPVviRe+H9M0fVYLnSdXsNVeR9J1RGM+CCubS6lzHPCR3hZgeMMSeafwUbxuvheGzTWJNNEF7cf6P9mR/LLsHfJZWUbucA8HOep4/QP4i+CP+E5mt9M16KHV4I0ZbKaZT9qtc9GguFzIrA5ZgGAJAUA8GvGbf9nzxV4cllPgvWjHMjPcNpGroJLe8I3ELHcAlldhtALdsE+++FwmY5diY4qrGdfDxi6bdOTc4r3XpBrXo+vq7nJXlhcfRdBSVKspJ/vFenKSUbNOSd5Wv8T1016nx9+0JYa0x8NSaprCX8zRahbBmt0jEUD9UG0Y3EjA5PPGeleq/Bew8YXfw+0A6d4qWysYIJYba0js0coEZgCXIySc4GWz6DvXD/HjTvFepJpGm65ocug61pdzMJZZI3fTbgSqwDQ3SjaoLYx5jqBkA8Zr074G6jLofgjTdJ1BhHeWTXBnhtttz8juWV/l3HaQCwIGOeTwM9eX4/BVc5qt1ZQU6a/itwk5pwvCzabad73drq70avwY/AYqllsXGlGfLVjrCMZRUdOWfupwS5lu9rrzR4d+0vo+r2d/4QGs6++qzT2l+FdrdITAFVSyoqgBgCQQxJbpg9a+iPg54KGtfDnwveN4r162R9LEa29tctHCqoW+VEDqBnHUD7obPHynwH9p7VbXVNZ8GPHdG68m21JDHsMbo7KvyFSF6DHUEgAkjOBX0R8EfE8Vj8MPDlrDpt/M9taSqXjgWSLO5vlJYHd23bTwRz1NengqlKWb4qEqnMuVNWbf8jvo7K7bdr7r5PxsfTrSyqhCyi4yjzXio7JXXa61eis9lY+QP2mvDlnofxCtrX7be3kdzp2nNPLe3DzXDu0yrtRyx2oB6Hg89a+1fDPwq8G3ej6Ttjud02lWcjlr+dssYYzt27yqo2fvAZUHnoK+Lv2r9YN58QNLu57C5tc6Vpu6K4j2SEGdcmNRtO0qCAfdgDggV9jeHfilpWnaRpAGlagyjRrNQfKGPlt4wSCRkng9C2M54GKnBVMNHMcbGTTcJqN371m7Nabb31b33di8Vh8S8swaptuTjF3TadrJLa11pqlvpofMH7RXhzRvDfjK1sNOiNvbSafZM8XmyS+bIZlUlnkJJDj0IHGBgHFfa/hj4UfDxtD0S5n8PRTz3Wn2Mrl3PllmgRy5VuVyxzzjOPY5+Jv2gfEFl4r8Y6XqVtY3lpEmk26+VcriSaSO4DFkAH3XwQCQAR6mvrTSviR4pbStJtdP8DM8Y03T4kaWcjzBFCg8wHJCg4LEFsf068t+rvF4+V4tbRTu0m7baJLs73XS5OLWIp4HAQVRRndc75rN6rrdb2t1XS1k2fEXjfStIT44W2lx2MCaaniqC1jtAMxCF2VTHgjBU84XnI6kMeft//hXPhFCI18NaWWDsWzEhXJCnkYYKTkjBxz9CR8KeLLjUpPjH/ac+n+Xdx+JrC4WxBz+9EgJiLE4yTwC31z6/eB1/xpLGWTwbbLuCMPMuQDzg8kEbTjqeOMYHHPHlD/fY28YzftpqLtdpJ7d1duyenW/Q0zCNb2WF5arX7tKSUkm37rf2krvo09dW+6+Mviho1hY/GKC2trK3t7WO+0cNbqqrCMyx5AwFypOQQQDjJwwxX6EaXoXh+W3t44NN037QfKbLW0IBJjDANuGRgjbg4J4BJGCPgf4oG9l+Kr3d7YRQaglzo032QOXhVkkjYKzDg5IJPP3T1J6fXOneLPHEssawaZokCsYlUmKQKAEBIVgmWODjAB79e0ZdUkqmYr2au60naWy2vbe7TivuV7u9qzSNqeW89RQXJDeVm37mzvZyd79P1Pl3wlbJH+0bbWxiiWM63qUYWKNQq4ibgAAoozzgLjgnHQ1+hVxYQL5EallAeRiwTByUGCCuMj7xyDnjAHNfm3psesT/ABoW8sZzZ6k+sXuJYIzIY3CMH2xkHIAyRkcZw3AxX1xBb+MmvE+0eJNalSPcSVsI88gkgZAAO04PoCcDGTTyWtJYfGxVPmm687yu7LSO71uktX997q5WcYZVcRgpSqKMYUqdtbcyTg3y6PVpWvbX8D5k8KwSt8d9MjRXb/ipNSJYKCQcOSTnIwenOeCMAZNfohfQR/2Brnmby39k6izMdoJIhfA3r1UA8c/dH8Oc1+cekWt1d/Fm3jjutQWSXXL4CaEBLoFVffKQoGGf+Nfu8knAPP14PDWoPpOsTu2vymHSr9gZLyRY22xP99dwDKeSykE88YxzOT1ZQwuNi6av7Sq7pqyWid7/AGr6vdaNX0V5zejF43Bc1W3LCnyxfNr70deq/K1vNHzD8Dtv/CzwWZI0NlfZMkiovNwxUbmI6ZwOTnrz3/Qu9utIXw9qcMl5YvINKv2Ie6hBJW1lChcOD1I2gAHHy8da/Nj4ZaHLq/xMisobaWYHS2YwxymL94WYth1IYgN1YgDqDkkmvuKD4T6lPZ3kz6GzRDTrtj591JtGy2kJAwwyAwz8wIB7YAFZZNmE6ODrUvYqXPVqNybf2uW1kk76apdHdbtCzbK1iMbQqyqyi1TpJJJ6uLT1bkrdtdFq31t8cfso6rp2lfFXxLealewWMDabqSpJcygIZDdtsVC33sqcg5zz0wSD9zfEHxr4ZvPBXi20tNTsp7yXw9dhI4Tued9uR5eMg5yDnOevOcNXwZ+zd4Dn8T/FHXbBoLXZbWuqELcjcimC724APPyngdCeuTk5+9fEHwbbRPCnim+MdjJKnhu72lYVDIQrMCvy4Vh8u0jryMHOa7Muq1nltZvlj/E1tq07XWuq8kjmzKEKWZYeV5OooUrJJWSulq27+trrVuzPhj9l3xBpnh/xZr1zqt08McukNGhihklw/mAFGVASCOnPHXkV9leN/iJ4c1HwZ4nsoZL0yy6HdJGTZSLCzGNtrFvL2oBuz8wGO3cV8l/so+Dr/W/F/iVIbOB3tdGkn/0gnZu83sMFc9fUYGOSRX2r49+Hms2vgfxPczNp8Kx+HrmWQRFudsYJEYCnJGOR8vQckmqwVa+W1E3a0Kl9G7pxUdVda3t167GOPp1J5nRqKlz29htKyesU9o66Wbu7N3XU+Ov2TfGuh+D9N8Wx6mb2Se6u7Y2yWlu0wZQ0pO/arYI3gcgZxgnjI96+KfxK0rxR4G8TaZpunatHdNoc/wC8e2aKEKjBmd8qCo4GT8ueh4Bz4p+xx4BuvFkviqGHUYrRbZ4Xd2QSE7nfIUOCBnG3OM544zx9gfFb4RL4d+H/AIs1M6xJLKfDd3IVCBELDYSpAx8pwBxjp2GAM6Ck8kfNJJKnKysr2unfe+9rW8r6o6cS3/a9Jcrd/Zcz5npFqOuz1T0vfVra+j+MP2bfG03hpvEKJpupakbv+zyBp2z5PKG35jJxk9hgAcjLZNfTPj/xjdeK/CnioXXh6+so7Hw7deVcXEkRyPLyMiNm55PqMggHIrxD9kvwXY61L4we8vLiF7aPTvKEDMAfNyWIIz82c+vGQpzivrz4meC9E0H4ZeOJ7RZZXi8MXTCeaZ3JcpkEr94nPBX0wMDIrnoRi8mk5yd+Vvl6N82iu+qe6svuNa6gs8p2glJum3K7f8rs3qm018k97WZ8Mfsp6hc2eg+MYrbTL3Unk1ONs2kZlEeXbh+DtBwBjAJzwx7fTU2reMxJFHb+E7iSOS3mEUs5ERCKrb+4X7vr3PUEg15b+wWwk0r4hrJgn7XZnYoU8+YcHBPUghjgfw7uccfc2sW6iNMhT5dtcsdwPykgqMj6E9DknjktiurLJezyun70opQl8KSvJy0Ttq7373s7WObNqlJZnKLV3zQu23ayUFZK+mmndu6ejufDvw++IfjbxlrEvgWCwTTdEt9UmvL/AFCF5SsEunOJPs88uCgeblFz1+bG7Ax9B/G3ULrQLPwpqLqt1MmqaebqQorlrG52xTQiN9yvuTCsCDkYB6kD6J1HwJ4S0H4a3Wq6JpFnp1/cw2E99d20SRS3M80xLzTMArM7ZOT0wOCe/wA7fH5o3vfhhpOVkfVdY0e3KOcxyhfLdkY4yQARnAzz37+LRxFWpi0pSdRuUIptWTUmoqOtr79Vq77ao95OEcvqThHlhG9nF83RO92279bXS10PO/H/AOzl8P8A4z+F5dd8DNaeHPE0pl8ye3jRLa4mC+YY7u0ARVY8gyRDgYOcnI/Kvx58L/H3gi9mtdc0K7WytZpbf+1beN5LKXy2K+YJlUqqttJ/eMMDAYfwn95H8HWnh15rjTGm0+6jmdp1iDi3dWUl12n5ezc9+M8iuY8PQaZeaLFaa7o8et6Xe3t8bhbuOOaKTfcSoyukgZTgMQCSenyjJNfR4/hbD4+VG1sNXnFybivdlK8b3jZNLVtNpWb0vY+MwXGVTCOoq3NWw8JKmrv3o6qLtK1+jdpXtfV9F/PrJNJK2xWZxEqjIP0Jww4OMfKC24cHg1HcXGxBICVZACPmY4J4JByCAOR09Ouef1F+L37LPhvxprniy++HMdv4TudJtFmGnDDWV7cOSxAxkxbgcgKNoPvwv5weIPAXiPQr6fT9UsjBe2iFmV2AjmRGIMkR+UtGSMDB6HgdCPhMfkeJwVSUJwdRRbSqQi7OzWr3aaWr0adz9Ey3O8HmNGE6U/eaTdOb96O0bWbavq9U7NddTkz4h1OaBreWcSggpG+4q6KRjCkchR6D+RFYzXkk8nlSlnLHaZHkdmO1T1YkkKpxjAwpCgVvP4V1SBoZpjDAtyhkQ787UAJK98McZz8vHHPIqvBp1pEJJWJaVWPzM2VB4yQd2MHIxj1wN1eBUlCHNzNqULJrVN6x01SldabfhZnuLC+0ipKPKrpqS6pOF/i36fn1PTPgtDqGp/EHw/p9goN5O06QpIQFciMgAHoCRwM5yxBIx1+7dXi8Q6FMLbWdFvrOSOFsyJEZoiMkBsoMDcM55yBgcHFfE3wCufs3xd8GTAgqmolecBVBUkHOPcDqcduQc/r5r99plzLIkd8pllibzluFDxA/LkAnKsM52nj6ZGB9XwxnM8vw1aEJRaq1Yyku6Sjdpd76PTu1fZeBneRYbHzpTq3c6MFFSik078r6q1nr6rdHxNHqNq+t6W32jy1W3ufOLrtZC248htpBYZBx0Oe1dXBqUZjiZGVvLBAYMPnG4MOFJIz1zgdO/Fet3/gvQNb8QWltJZWRjm06SRp7YeSN4OMs0fB3HLDPB6d8HH1D4Hwx4bR9XntMLuVXjDIWz03huP4fQnORjgD6XDZt/Fklb2lRyk02rNqKbs72X4Xa7a+FjMlq8lKFH3lTp8ivppf001aa089TzfW9QhutPnLqWYXVm/AIAxKvQMASeQQThsjscAe1T+HbKys57+116x1H/Q7KeW1D4kgMyK7xMDgkoSAQAOQeCwIrynWfht41srWbY9tf2sbwsWjO2YlWDAjI5yQMg4yx3EjndU1Gz8Q6YZXv9Hv4GeKLdJArOjpsUKz7AV4HA7gDB5zR9YdTGOpHEKMORcyte9+X3e97p69SaGGr0KCp1KDlJSbTa22d7+drtO+m2jud4bpU8tg/lgOGVATjaSeQMlSMHPUjG098jh/DthpOrnxXHqWnWN+j6uxP2q1ikIJZlwCyluAG9up44FYB8QSt5QlmZBu27ZlZXIG3CjoQB3PUDA/3W+E9bt4J9bVpCqvqAc7QSOpIbbuAbLYHpxnBwK1qOjiK+G9pGE6cuZT54qzbVrtNdNb9O66qYTrU6dfkc4zXLy2bSVnHbXtdbXfRalXW/gv4D1Z5Hh0s6bM4f97ZSNHhh82RHnbjgnA6dsY58X8RfBx9El02LRvENy5vbh44orwK8cbBh94jIwQMZxznOScmvqtNTgu5iscyyEBjgkBsMvHGOCexKjucEZrgvF4H2zw+2Nh+2yAnJAOMHdwQCo7sO+egBxw5tkOTVaMpRw1OFWU4rmp3jfWOyjZdba6rotGdWWZxmVKtGLrzcEpXUpNp21Ubu+m+iSu1228IbwT8TvD7i8tbX7UFOVutOuWt5ioOS4CNuJ44AxyO55ro9J+N/wAXvBLhZdR8QWyKBiHUIZLqEKu4bTLICApPXgZXueSfo+zQvb24RyCEBJyRzkD3zkZx2JI9RiTX7WK50jUDNDbXQitZinnRRyAEKuCS2Rkc9cdcbixJPjYjguhGk62Fxlag1TUnFvmitI9VZJP5+vf3cNxhiFWVLEUIVYuSjeK2TaXVvS1m7282tjlvCn7bGvwzJB4h0fRtTiChJGCtbzyD7pIxtAY92G0KcEsFr6G8NftZ/CnWVig1mw1Hw7KGG6aNxNaBsgthU3Pt/ADGfWvmu2+H3g7XNGspdQ0O1E8tpl54B5TmTcy5baQGJADdcjGMk4xy1/8As/aZPEZdC1270uRmzHDIN8S87QGbliBkDIHbDHIGfEqZBxBQgqmHq08RBwUuWLSnJNRdrOzs9009Uuj0PahxFk9eXs69B0ppOLcYtrdK/utqzu2tNL/f+jvhDxh8MfEU18dA8dabI1zcRzQ219LHbZYlV2bZimMkHOFx6nNdte+Fpr6YzW02nXQVsmSxnjm3jhdoZGZQWGAB24PXDV+KUfw1+Idjfaj/AGVJBqo06+a2c27+VIZFwxZGJUklSDkEke2RW/pnxC+LHgO7I87xJphRsMFnubi3HP8AErkoyDr2HoSeR5Usdm2FkvrODrKN0nNQcldcqunre3VX07tHqU6OVYpL2OJhGV4vlnZ6tQta1mvVqy0ex+s+r+HJLCNJGtFaKSe3hljn2sfncDADYOeeCARn5umKzdW+HOj36Syy2Folxtyq7FRypUYPynBxkYIB5x2xn4b8PftjeMY4YrbxANN1yKKaElL9Db3BVGByxQfMxBwMsDkck8AfRmg/tafDzX1WPxBp15obZQCeBlmtjkbWCsheUIp+UAjjqRxk7w4gpKyk5U57O94yT0ttbRPp3uujNJ5MpU/dUKsdeXkalf4ddrq17rXX86Wv/Cb/AEKdElnsxK6RxqfnibLEL97kDJzxzgDbkACqsvg7xDpdoITax30SQCKOW3ONwROoJYZZcANgMckc9q+hbXx34E8Uacq6D4m0a/aQL5Frdzx2k8cn8AxMyEtvIbPA9Rzkem6Vo63ehxqlil3dPBIMwKklu0vZg6cgkAYIzkgZ56+ng87r6Shi1blSSk+ZvZ9Wmlpt8tTyMTw9hakFCpRad000mrO0U36X+z3ktnofEtlfTeHtMm0/UrO6t7i5iUoJYnMTqJgwDNjAG3g9sHac8E/1t/BfxL4Oj8AfBq416IC0n8B6PBps6ApH/aMuloiIZnxFtMuNxUjKsR25/nn1LweX024juNGSS9S3kW4gvVVl8uRQcxl8lScggDkAHAr9mvD/AI/8N2n7OPgWS8vdONp4W8F3V5LYoyi606fTNPfygVB3ZMsa4OAM4HHWqzHOJ4p0fbKNqaUYSg31aVn72l29m7J231OCnkEcLG9CbnCclzQk1yxty6Le2q1vrt3Z+J3/AAU/+Lfwu+Inj7S/CWgaBo5174f3uq6X4m8QaZbxxT3+oz3jtBZzXMQBuWt0IVndiEZcEkHFfltqfw61Fo7nUNMhuYrW1ghklvmj2WjzShT9mE2PL8/jJiyWYZbHet/xjqw1/wAceKdZkna4/t/xTqesyMxO7bdXkkiFg275tuMZH9BXqlx4o0V/gBrHg6XWpF8VS+P7S/g03ydrSaYlq2y4NwVBXYSsezcAdwOARgfA4+rzYqUalNyc5KKkkrxStaTfdq213ZXXQ+4yuDw+GpKM2vZpJqTfvOy5mmtYty2ttbbc+U7yR7eUW+p2xATaDdQ5Me88AllGEZepIyw/AZ+g/gz+0f8AEP4P3sQtb+XxL4V3Lv0e/medY4mID/ZpWLSQvjGFBCsAAe+eAuNIj1i3soY3Ed3IZWk3KNjqgYg4IAPK8HLNk5B6Z84/sy800s9tOWIkkEkJXeoVH4YBd21WyOQqgDnPFeZUqV8HPnozcbcusXeMr23T6d7v5XPYpyp4yChVpxk2rLmtptZ63vJW12kmtLt6/s5oXxj+Fvxv0OW5Go2WneJym1vDWqLGJpWaNk/d71EcoyTtIDPleCO/yn4j8D+Jvhrq2uJC0lvoXiS2huLi2gDtaziO4jaG1uQCQuTgqWwfTocfFulz5uobq2uW07VINksFwjmN0ZGDJIkigcEkfKcAsDkgdPs34Y/tNXdklp4d+LOmweI9CM0cU2r/AGcSXdnEhAQ3Ee0+YoHV8HhSBg8V62Hzunio0qWKSozjZKrHTm2upK77O/RK+iOSplMqTnVoPnpyS5oSupXuvhurPsk7O2qvex9seIv2hvHPww0bThp+j6dqunan4C0y2/sa4CzTQBkRZL2AsCV2AllxtZeoPAr4V8f+LfDHxM+JIk8S6WkGiyeH0guo41P2mK+2l/tb3OA8hDkBgTxwBhev6G698PfCHxx8B2/iPwbqtohsbQW2k6lpjLK6WbgMbO8tc71UbVUh1XH8PIavgX4lfB3xJ4JvpdS1Swn+zpZiKC+hjaS1uVwVeRiuArYIO1wME5yBjPbUaq04yjBNSvFtbSVkua/rfW+ri0meA4VKdVuN1KKT5bNTjK8dtdYW00ulZt2ueIeIPhlq9hML3w3YanqHhuGFrw6j9mJW1tG4jafC/LC2NolJ2cckYBPDNY21zATLGsNwJPmTcpjkUHgjJ2gs33SBw3pkEfrb8I/L1L4I/EiK40z7RdWnwrEEYwvzW6oSsrZGVaIY7cA4JAxj8zBo0eoalaWAjFpa3UUbGSVW3RZcIZgwG4gMfmBGCRjGCc+VXyudaLq0bJ/ajZ6PSzVtt9X+aPYwWdeyfsqybScVzrRPmS5bxtpon3vu11PQPhF+0H8Rvg3eLJo+pz694YGFufC+ryST2oRRhxbb8yW7hcKgjwpAXqfvfqH8Ivjz8K/jpY3VpYXUGg+K5YUivfCGrShFuiOWFqZPknTOQqgNJkgEEZr8vPiV+z/8QfhkLW/msbnUtB1DSoNbi1m1Hm262FwheM3KgZjJ6k8AAbiRxXiVtcNBcpqNhcz6XfW7rJbX1lK9vcwTLnDRTREEqxXBw2CCcgYrnwOdY3Kq8YVVKtQhK7pTbbSTTbhK19Fs/PVPRHo4zLMHmVNzpuFKq0/3sLJO6V7xV7tWV+Zpp31stP3H1D9nrw1qtzdXemw/2NrE95J5lsqMtlLvUKoZflUIxzyoXO/jIIz8M/FL4W+L/A2rHR9QS5isnt7nbc2rSmxEUjsUjDqvyHJBCkjJA6AGtj4E/twa94VW28LfFq0l8QaMWjhtfFtvl9RsEBCobyPnzY0ABZ+XIB6Z4/Tlf+EJ+MXgq4udEvNK8R6Xqlqm26t2imlhZwxAYcy2syEggNtIbqT0r7ulmGAzdQq4ecY4lWvTk3GcXpfmS0bX2nG9/wAvi6+Fx2Wt0q0XOhLRVEnJWvFaPVJpWbi/Nvqj4l8Ga74Y+MHwQ8C/D/4lDT9S1jTfFS+FdN1CaKOHUrPTLh/Kjmgvtod5UBwqO5U4CgE4z8t/tA/s2P8ABjxTZeHtP1KPWrfxLby33h6eZRHdCPz3gjtbhBgNLIVwmAd+QckZNez/ABg+Deq/B+00S40d7q+0+bxlpF9Bcb2eXTJRfKxVkQnCYbbu29D15IHr/wC1Yy+Kfiv8J9K1OFINV0yy8EDT7gRtHFd/a7iCSZHwPndg53ddzE7RwSObNcuw2JwlapKi44qnKhCNROzm5SSd3s1Zcyvpe1r7JZXmGKwuKowpVObDVfbTlTavG8IxcIJ7xla+1k027a6/CfhP4UeM/CmpXOlfEHwnr+i6Fc2qtNc3VpcR2UFxcxq9sWu2UQJHIGVxhwSMcE5Fekajdav4D0bTtH8LeItW0csbuG+tluXm02e3u0cKVCsyKJkIUqCAQcjnGf6RPEXh7wxq2p3vww8YaJp+paP4j8F6Hdy299ErLI8VjEkotZSvnxXCqNymL5lI3DBBJ/EL9sD4A6X8CfH1to1pqUt14Y8WWq6zols7s7aPbo237A7ud58vG5eT8oA+Yjj5HH8P4rLKlHHU6k/YJrmik4y95ws5JaSTste7tZbn0GE4ioZhh8Tg61CMK8lKVOTlzwSi4uSi5WdO23Lra7afRfKWh+JNN0+0bQdRdoob6GYrIVR/LvmYksxAJCS55Bx1OO5Hpd94f0u7sbOeYQ28o0qJraeIqEdkIGCFwhJ6nHVuhOFJ87ufB02sXel3+mwQXlrCwSdYiPOkijUl5GXhWKDcSp+Y7cD27D7CYtF8NyteSuXvrq3aGUMojgSchUG4YZSRgjrkYPGK1hnEXCNCU6c2pRjJW969k03HTrfVO6V+1j5eWXShWlJucOZWhJP3W7R0Tv0cu+/nc9W+HVjNp+k6+7sWW8htWgycb1jkjUjCnavGcg554wDX9zH7PDO37PHwWJxx4A0UHIGQfsUOR8oGccn9O1fyGfstfDfRfiPd67Y+ILaX+ztA0Ge8ZrdghZgxkgHYkBsPgAkc8EAV/Yj8EdOhs/gj8LrS1B8iz8I6ZDGCTjy47eJQMYyTtHbjORnnNfJ5hnWDxuPxWW0HL2+CpUZ17wtTXtuWUFF2ab6u2172sz7Ghh50snwMpu6niqkoPpZRjH3lfXZ2e7s7+XYeWSSRwBnpxnpjoAQB3bpn7rcnNmNWGGAIJznt93pk5JAIAGAMHHPcVbEOCFABBJUkjkAcgHjng98evAxm4kSgAEbiD35wF4O7JyM9gTxklR3PBFTfVaW3Tt0ut9+21tNNNdU3p1tpZ7dNNlpotuuqsynErJIrDknLcgnkcLnsevQHAPHUcakQ3YIXJIAxggDGRuAVRkEYzwOu4c8CSKEBlIXAVTjoSMngEjocc4AOcjvV2GEgElsAAYBA53AnIx0AyVA7Hk8810QfK0nZ7abXvy+e7Vlv28kEmmk+1t2vdSsr7edl1226IkJPJOQG4z365yO6k8dBx0xniQIVAByT0A6dB1JzwAD/AMC45yBVmNCD6kc8nI5HHGCNo64Az0HTpLtAQBgB1z9Pu4zzx0wEI6dOw2Tmr8rWm+7te3S3bXe7dtk9MpctvOzaemu1t3d7/cnqiuqAjPAyOh6t2Ix2x90DAJPB4AxNEMg5XBUcnr+oA54Axg4GeeBl4UZUjOASMYPT69cnkkbiAOgGasxQADIUEty3OfmOTgHPUc5PGMccgAXdSaekb2vo0221ttZp/wCequnjJWXmvPo+XZ97J3312Y6JiT0+UAEnGMnuA3sc8nnBGOBVjcenGGJyuM+5JJBwCO4x0+lIqhCOQDt2gYJBJ4yeoC8nt6fdOcybVGADzwNpIGT/AAg84P4cD6VvFpW315bNbu9tW7rW2mivq15GFRyv7uvldNtJq720003+dk0pFHHOOTnIxnjAzt64GcYP3jjHJOZVQFi2PQ8Dn3ODxn2+gwBQkZ+ZmxxggZxwMHnGBjp06cZweszAYwMgkg+hGec85GccYJGe3tpFXvdtbbcyeyvdPS67bWXnY53KV1dN9Fe11olvq38PV9NQVMn5RznnJ5wwORj5sDHQ9V568YYYwucAkMMjuB0yMA85O0ZyCOMEEU9V2n5cBTgA98j3A6AngD15zTm6HJx69sfjg7s9MZ/Hnmowjun6Xt2Xnp13t6bWm/NZXfK946e9bdXv3S6XfptVkCgjaBkAsScqMD7vA9Ouc5zgkYIxD8w4Ck4BxtOevByc4IHOeoHA29akYZJxnJwFJ7k8DdwAD3zgLwcgYNIpwWy3HQYHoAM9xknJ4HPftWnLolfSWrT7Xj02/G/RXLjZQcUuaXxWfS3KnbW6lZtq2t9m7pCYPKsmNoAIIz14wMZBJB5JB6DGetSDCAAA9fopHUAnuepJ47ehpBlpRtO4Y3BSBxzyRkHI6k56YGMcVIqkkj5TtDY4wCBnLHjpjPYHk8gYNSk7rbXrpp8O682+jbfXrbNSkmpOy5kn9nX3k23bzTfla3w3QBlCgk4Ykgf3cjk84PC9s5Jo3qVxk9cggYG4E4/QjPQ7SB0OA3aQpxwVO0g88ZzkA/N83ykMAGGe2BSBCy525wclum7PzKOwzjvycFRnjAvlja8na+qvbytdNaW7apeRafLFe9bXSz1jZXXle3rJNaj85cZyTgDr8udxzwMbgc9SM4Xgkc1LkZOc5JwpGM5xjj5ecZBIOe+OmKaAM9CCRk8gjkYypOOmCMgfMMnnspBxyxyOvBweMHHXAzzk44J6jNJxV09Nb9bavl00T0tbbzdxOV7XW+trfolt90Ut7Jj1YDcASSCCecBc9zjGBnjt1J96duAXoCcYB69eMkdSVPHHf8jFsKjIPTJA+9/FkZyM+uOvHXA4pW45AJB6cHAXccHqM+vzD2PIJJ0Wr7J+do9F21du669R6JpXXS1tvhtfVu9+3XWzeorsDgAHseMEhT3PUHIyMdB7YzTlUbs5wAMcknGQen+z1zjoSAcg4MWDnqDgZGDkgYP8QB/vYIPA6YHWncgdQ2ep6kBu4BGCAByPxByKl32vp83pp/wOnTbYmUndp6xurSXW3Ltre26u7NdtA+UYIOTyMfTgDHvjhh1JHbAqPa643Z3EknAyclsnI6E9yOpOSDnNS5Ufjx8o5/nnuO/p9aUAKMkjAAI4PGeMKeeQPvAgeuM0X139el0ktNfT59rl7q6Td9bb3v0179rfK4xCAw5JyTnK+mCCM5BP+cCkdMcjjIAbPJHrx0+bo2OT745eVXPygMSxAwccgepHB9OB8wzjjBiJZCTk8fQ5GM9SPXr05PtihSs9Utej06p9NN7d+2xmmnbTlbtfu7q+yStbXXRPRNDMtk5AAxwQBzjIGDkZycjp94EY6VEVOccnkEMCeWAGScEnjkYbt64JqXdhdp6kgqAMrxwevPrgnG7PB54aCAvynbyTgnGDxk5IBA6crzzz6luTV7La1mrXfptq7a302WljWCtLS62UV2d1b0d1q7dXoOJ4J2nHpjnHToOT+nHSkkYkN/srjjJOD1C84yB2GNuDgdqeo5++ccEEnPpjJI6++cY96RUCjnOc9QenDYHPIB7456YIxzOjeu/4avr06Xvuvmbb6Wts1/etyu/Xqmno3pfTQgxuVgMkNxkEgAD2wPfOSMZ56U7n5SvRRtJA6HHPfnt67Qc+1KCAdvO3ueucEnqBxn2xxnHGacFUZyRkEnIIXI/Hj+IfdP0609tLvT5arrbRXetrWbdtFojKUrNc0dGtFZNr4dm+qt0677JDixPVSGxnJ4BwD78dDkZOPYUgA52nLAg8YxyRnPBB4A4znHG4Gnqd4Yndkc5O3nOOvcgZ6gAk4A7VMgU5I43eoAyw9F4A46dBkZFZuaindbdP19Pxtraxk5csn7ulve0alfRbJu2kru2u6umrkSjKk8licAdTjIOOMFhljzjjscc05lYqCBjapBGcMdpzg5HX0554BJ5w9cA8Ag57AA/gMc5wRjqcntg08ndnnHHB7DpkHjk8/wCRSUrtaL/F10t0aXxNu34XQl7+7e17WVr3XZ2dnpfSzvfaypyCQtgqecgEdAM8Hj5cDGMAA5YHHGKiZX44IKjBGASTnoM8E9P94DAHAA0eSuCS3AwCowCPoM9lOfXqe9REYyxO1TngYGOozng598ZPUcZNUnrtra63203vo3fe17bN7GtNpWd7LZ9G37qSetrWva+zd9rlQK5AJzz656A47gkDjkA5GDnHdzIBk7gDjlBknIzg8jAwCeOOucHFWyqAA5yCOTu6jOcgdRnjt1+tMwAXOdvGS2QSePfqw5xk8AluoWrcn20u1oklZ2vv5q999di51XyrlSXRXu221H111e91eNrsqkA4X7xX5TnjnjHOcHHGT05OD3AYgpBGQVxnI5JG7GWIySBnPfHfJJFtVAwMbQQD2OSOoI69ge/GenQyrGG3kjIYcdABwAWIP8XQYxwCcEYFLmdutm0lZ6a2j0XTz+/czdeSb0Sjpe177Xtdq1nfTR3V0trmd5eckAjDkgL8oI746DrzyMclcDaRTimdxGQByMHOc46ZyO3HU8Z55rQEaqGwuSRnk9AePwx3Bz25OclCqEDaNpOFPIAJz6gdOmQepx03AhxlffXvr3s93urJdlYbrtqyXvX3e2vW1+uvWyt8TszP8skgsMA4OGHGAMqMj5sHpjkfoanjQpneBtIBBAzypIA5HHJ+YcHj6VaaMkbeR2yFyDjkYAyQCD2OCcZweqop5znOAeMDlTnPIwCD2B7emDWiba2ulbo1s0l2T2d36NpaoUazbS5WkktFZNLS2jtFpq1+qu3dbKEIGK9AAMcAZz0JOSckZ4AGBgkhhkVo2a5lQA5CyhQCB1JJyCD82eQSScjuBnNbYrksADtY8Y2g8Hoo9OD0HJwAR007FQJo9o+UOgJxwSxxkduR1AJwQD9bi0mm9l3v08+r2t3fVrUxrTk4yekdLu627/fq1fbmfRtv+Hf/AIKd2qQftba3cGZllk+PcjIqx5JLNbAKCMfMdxGT0LD3A679t/w3ZQ/DT4GXNhpgs7u4u9cimMoHmSyTWNvtctgEl2yRkdABnnjG/wCCmNu15+1/rVtFMqxxftCaYrg+WpUXksKnJck7RgE4wePViB7f+3LoC6R8PfgnA1+2qXS+KL2KJ3cCJTNYxhUzkKFQYQjp14OK/P54hxx+Wxi3ZYnMpWe1uaKi0m1ayem123o0lb9NwVJPBYpNe9UwuVxctLytCnKV07ra10npbV2dz8Pfh3Z68PEdjBp01klw9ze2Q85dyrOJHA+71I3AhgO/TIzX3Bonwy8f6kY/P8V6ba3Gn2wlkaCESDaxJVBx98DghhkDGBya8M+HXgbWW1O31lYLGG1sNfv3nme4SIyj7QQUiBwdwJABycjB3buV+0tC1Sfwbc6pd6hHpAstQijuIon1CBp+RwNrSF/mxkgZxwfY/rmA4jnRwaoU6kvaXTcYxlZRSTbdkle63vpd6bnyOKydzqupOzp2ilGTtzN8vVrS2jaVuiutzxjxb4P8TaDHBLe+K01W2vpbYNFbWylorgOPmlwpCqhyxGM4XnKn5YNK8K6zqGvnRv8AhI9RN3fy2ypIkCAiNtvKleoQHAJyePSu+8XeOrPWoYZoP7I0t/tq3BEk8TrMiLtAIU8fMM4xjrk5zjgtB8cNpXiN9audZ0gLBdxKhJLSIiEbgnoh+bLdcdRnIPt4DMsPPDSrYqpiFXcneKdRcyTXLZX0Tu9unTdHkYvB1KeIVOiqbppR960dfhTSdotWs739Xtp65pXwAXULvVhc+KNYihsopluJJLgJJJKsfyMyFgu0nHJ6Ac5yceI+I/B1npzQ2kGoarcfZNRj08SG4bypfMORKrEkZUtyT6cYON3pVx8Zmv7bWrjSLeOX7bcTLPdzXojUqBg+WgJco4zgdlIAGSuPPdW8YT3kFun2vw/DFJfWt0qyNIzRyW6qWWTg7lcgAkg7uSxIJxlTzHDuu+dYmcHZp3rPT3fdfVbO9m29r7IqWDqOEWnShO8ea/I20tnGydtWk7d7dEdVF8KvM02CWPWdat4Jo5A8gmLs7gk8ockqDkYA4yMHb0+bPiPpvjTSNLuZrHWGureHUfs8Bnij86PylwZnXByE6k43DAwAcGvqBPjQLG3lt5tU8PqiwPJAkUMskgdlIZkV0K9OQpC445YqK+RvGHiu0vnuZJbrUr+R9QlneFEeOCdJwx8uNRgqOQMkcY610082pQfNCGLUr2jyudldJa8zaei2tu73vqKWXSnBKVTDN6L7Mk7KLd1ypvTZO+l9djt/2Yzqmq6hdXepX0MlwiX0L3MKbGm2h2BcDAJXAyT823HHrwP7aFvJHo3iV4tRkEo0zTtj5Y7jvTADjJwhXaCcjIHTHPsf7NF3Yy3Iex0KWCzRtSEsEi7ZmlKOzcsfmAyQWI3A5Hfnw39u68j/ALI1M2waLz7SxiEYPG1XUuBnr5bfIeOc8gZNfQ1scsTkdOjao5tTnUlUvzK7ik229Wm9E2/Q8/D4b2WPqTU4NRjFKEdFFJU9ltZ2e3V+TZ+afw48L22o6zNPrFw10xtZJpQSzPIySblBYktjIAwDzjjJwR9OwraWMSwRxLFArxeXFGuApNq+SQAeScbgOv0FeN/CS2UXFxLKFYnTpcAgcjcM9FIwc/j6jt6tqM77SXVYszW6rnIODbsoxyPUHbz/ACI+PoUIU2pykpNpNRt5p6u9tVffS/Ta3s2lKOmidrtpt3bTV7vs2uztpbQ569vGgitpztWMqGGPmJaO4jXcRg4O3gfQ88EC/DImreMvhzaW6PObvxvpSSIoO0Z1C2ZWYrnHAHQDABPAauPhs77VFgQyGK1hef7RcSt5UVvEkwcybmIBGxd2OCehzkCu6+HfiDTL74k/DTRdCUXUdr490dbrV9inz5DewEiJMDbHuB+ZiMg5+XiuXE10pqjq5tNtc2kFJR36K7aVt3q7HTSpOEJTklGn7ru1783Fwty63SVk3d2tfra37Ef8FRtD0a7X4HWOs2lvqD2PhnyoIp4wViURQ5xnrjIyCSM57Zz8C6Z8PvBsfwj8bainhnRVuLbQr4rctaRGVDjO6JtuUfBB3AjjOeTkfc//AAVOm1S/8b/CTS9HlsEni8MSmUahII05jhPHPUjOVxzknPQV8RCbxTp3wc8aRy3fhqSy/wCEcvjNbwzs10X4R9inGcDqCW+78oA5H6dwvChS4Zk5YaNSrDDV5OpKmpvmadmpOzVnror/AD0PzTPq1SedQUK7gpV6Pu+0lFyV4XUYrRp3v0utTg/hb4e8PXPgTwtO+h6ZLI2mKxme0iZnKu4JZipJYds9ORgYU1k/HrT9Ks/hf4ha20+xt/LjiBEVtEhXcR1cBTuA5AyPYdRXMfDxfFKeDvDgt/F+i6bpxsmW2tJnjNzHltxViTnOc4AA4GBgk1i/GKHUv+FbeIzeeNIdTZVjY2MEMRR2BUbSwzg59SOpxjOB9FDFw/sKMZYJxksCl7Vxpp3VOK5rc3M1u72vZ6q+p4csPVebzm8WrLGSfJeq2n7RWjfl5Ve9tNHrrs17T8JbaGT4feEpFt4CG0i3IfylYvuQjcHIIPPUlgTkgf3q7PW4DBpWq+WoVf7MuThUA48psfKgweCPQkj+IivBfhlczDwN4aU+O7rTiuk26HTYNOWR4PlPViuSRzyCSMDua6XUjDJp2ohvGniC5YWdz8iaaEViqnCFgBtUkEtk4IPI6Y9Gjj7YCCjhrv6pFN89GNn7NK9r3fX3XZp9LHj4nAzePm5Yh64m9uWq2lKaaXwWd/W1vRt8t8Amkj8GXxiWQ7td1Ajy044mfPXrg49+SDXvAlu3kAlaRU2jngN82e+fpkD+IZzuzXx/8KCX8OTLPq3iC3X+17tIodKgGyQ+a2TLJjcGHfjIzjb0x7L/AGNaPLEC/i++yVJ3SyQDBB5YxsOOc9DjJ4z0jKMfV/szC8tD4aaXM5pddW0lfe+ltdrLS1Zrl8JZjXlUrtOdWL5VTacdIJJtyir7bbt32OF+Et48XjP4oDzlUf2tHgNIkbk789XIDN1OecL+Y9+fU7Y7/NvbcFivyvdxIoOBnd84zk4xgckDA+XNfJvwz8O6NqHjP4ijUdP1ab7NqipCsF5cI6gYys5jYeYcnjOACOG+9Xu6eDvDRz5HhjVrk4HEtzcFW57sXyOe/rk9SRUZLjcX/Z8Ywo0WvrGIs3Kacr1pSd1GD18301b1LzfBUJ5hzVatWM/Y4eNlGNrKjTS1lOL1XvW0V3fWx4xe3Mb/ALS1vMt3ZpaRaCA9w10nlAhGO1pt23IJxgHaeO5FfSq69osbqJPEOm7VJLbLmAEnPUbGYNgdewxyuTmvk2TRUh+P8umw+HIFij0UyDTblpJlYFcl2Y7zk9cHJJ7dx7uPDN0QWg8KWqEk4CWkTJk5AX9985B5Azjj1PNaZRiq84Y2UaVO/wBfr392crSXs1Z6LTTVqz3DM8Jhr4OM6s1bBUlFOVNOzejvKaeuqa1S89zz746a/oVzP4FNrq9jO8PiOCRwtysjLGXTMjBSMAc89OBzt4PvGneL/DSgsdd01o1CAhMs28KMk47khu3zHkcg5+VfjVoN7aT+ADPpWmWLv4hiRVW1jjeTDqwjuNg27Mc7RgY68Yr6F0zQtaKqo03w9CG8vATTogSCFGSTGBk+5/LODWExmL/tPM406UZSTwqkuSbV/ZJr3eZNb2d3rf0Y8ZhsHHKsr56jUP37g+eF788U9UpXSb6fJs87/aU8V+HtT+HEtpY6jbzTjVrCQRxo/wB0yxkkORggY+bPB6gV6L4Y8aaRF4e0KNb2RjbaRZowisZ3O4RDcoYDHPT5c8dSM15R+0l4e1Oy+GVxc3B0xEGq2I2WtlHE+RKhXLhNzAcjHTAAznAHr/g7w94sl8M6Aw1DTIYZdI090VLNC4QwxkDOwZcqCGJ98HI+W6WJxjzrFxS5ZvBYbn5adkouUlG3vOzV99l12ZyVKGCjlOFbqJU3ia/I3VSbly0r25ab5nZ36b7vYqat410c6bqyp9ueaWwv12rptx8u+3kxlvKwijduIb5Tjp0I8f8Agb4nbT/BkdtHpGrXhXUdQfz7aI+UwkuWIVGIwwHCnadwYHdnla911/wbr6aTrcsviFtp0bUnaKGFEVsWs2QXXb1yQe49GAGPCv2ffDWuap4Bimt/EF3ZxQajfRRwxopJIuHDsxYbiScEcnHqegKlTG/2vg1ObUnhsS4qMIKSTlSu7znbV+9vvdeRnGOBWU4lpRdNYmhzOUptSbUmm3GCd0m7dOr0entVv4x1OZtsXhbV5GY+Wu+SKM/N3+ZgcfL2wcEE54J8B+E2oa1p/if4izQeGL2/N7rcodBLCn2WRnY7W3Mqk45LDPXPPf6Ys/h/ctcRm78TapOG5ITCsXJ2sCyngctwScds14r8G/CFlq/ij4n21zqWoBNP8QvEnlTyIXwz4aQghmJOFPPA6kE5PRVhjZ5hlSnVnzOrXUL+yi4tUE/5Wlva7Vld9LHLh62AhgMznGFPkhSoudlUk9asLJJ8sn8peWqSt6m3iTxSIwqeEljDDYfMvrcEZG7GQw25IAY49/YeE+INS8Rv8cNCvBY6XYXY0CRUhubtXgx/FI0iOR2PfGc4yBX1Q/ww8PCFw8mozE/vCzXcgYZPIOSORk5AGe2CSNvzb4j8H6OPjvo2jmGY2baEzbGnkeUMByfMJ3DIIIAGF6Z+U5M2w2MhSwftak7vMsJyL2sW1N1Ek7wpxatd2s207J62tjlOYYKtUxsKUI3hl+JlP91KzjGmrpqVR3stOV2utL9u3k13xiqyE33haIAsSBO77eTnPJyCeRxj9M+J/FbWNcvYPBkV7rWhTH/hLLRoY7IMzROu4iWXeCPLGMtzk45yoavpyH4a+GUEgNjJtOcbpJGPPDE5bJ6kA4xyCwycHxX4yeEtB0QeAFsdOiU3XjCyhmJyxeMlwc7gcAghtuTnAGSc7XnmDxscsr1p1GoxnR5k605NqWIpJWXLFLV3b1XW10ZZHmWBqZnQpUqPvONa1qEYawpNvXmbV0n81Z9jpftvixlEg8Z6PGqhVfyo1OQowueOBgdW6muL+IL6zP4L8SPd+NoJ1j0qdjZxIAtz6oTgEocggYx0H8Rr6Ts/Bvh3Dqmk2z5WMM5UOnzKG6Y2lsn2AGTkZNcj8W/D+j6f8OvFz2um2UbxaBclCkSll+4cqwHDDdlfYgkDqOvFZbipYKtVnWbjHDTfL7atZpU09E5JW08lsmtDnwmcYT67SoxopSeIgk/YUlZucFvytrW19b2foeL/AAyjml8FeG9vjprONNLR/sEdkzm33A4VWxnAYHHOCeQOK7t9GuLsv5XjHW5t0UuPKtJVU4jYnbleFPfPU89sHqPgxpVi3w98GSSWlsZZNHgcsYFLSfM2S5Izzwc9sDIJJz7pDBbQWsipDErCO4CmJFDAeRKABgA4OB0wOnPGD05dk6ll+FrTlpLC05cvPVbv7OL05qjW3RKz6aLTmzLPlDMK9GFO8o4ucHJ06NrKpFapU3LS+jb1T1u9H+cnwp02It4pFwniC7dPEVwhNlLJED+9YebKFONzEDqBjkfX2CXRosTMmgeJ7l2bABvplDdupkGMdSf59Kt/AJtzePGUEk+JrlGwBni5YDBwBxjJIzjkbiDX0bIDiQ5XOW68FSMYyRgEjg5HU4PrXFkmXUq2X0pPlT56yd4J7VXbeLb0Wr0ul1RtnmcypY+pTjBtxhT1U+VXdOm7+6ovRO6s317WPgS704r8Z4YR4Wv5APDCuunT3rSyyvnAlMrvkLxkjJHXGOle5Jp2ov5Bi+HCrgohaWWN9uOmA5LdSMBtozkAgDIztSxH+0fbANgf8IWjZX5wDufBBPHDDPU4AOeuT9J2rxPDFIxyqrkMW+ZiMbTjJ6EYAAPTAIzirybAwk8wSlaMcfXVlTpy+FwjpeLt3Wnn3ZGeZnVgsulCm5ueX0ZtupVV3LW2k4p9G733u9NvjX4p6TqMeofD5bnwpp+nG41/yoIolXdcSOVwkm0Y2k9c+ucADNeuJ4V8SpwnhDw1CfM3FmhVnCrkDJPIHQEZA5GAQRhvx42jU/hGU3Df4tj34bH3ShxzjPA+6FyOBgcGvewI903O4bQc7jjkk9M4XPUcHO48gdd8ty+lPMc2jOU1yTwqi4qCunQTdvdlrpq0lo9ey5sdmdenlmUzhCD9osRJqbnJpqqkkv3i3stHd31vZHyz8TNE16w8A69Lf6Z4ftUjWDabK1QTIWl7NjAHTJ4BDYAOK6Dwlpni+fQNHlhbRba2Om2pjwjq5Xy1AdlAwzsMc/72T0I6P42zpL8NfFDYClEtAPmz0m44U9c8fUDnFdH4DRB4W8PkoWU6PZ8A8AmJD6k+hGO+OcjNJ4On/bcqSlJQWXU5J82t/bNPVb79Fpdvsi/r9b+waNdxpqp9fqQbcW4uCpQtprbzuznrnw34wVb24PiC0t4jZ3BZLaHduCwMWC5XONvy9c8D5TjFcT8HPDPiG88D2dzD4luLO1fVdYXyI4o9zMl9JGzlsZ+fPAyAMkDAPP0XchWsb0mMLu0+7IAPG4Wzgjrz09ODyc5BHnPwKeOT4caeCBka3rg5YKcf2jMQvbnI2rzxgDqcVVbB0YZvg4JSkpYTENtSlzSbnRSulK6e/RJp30td4UMwxLyXG1b03JYvDJe5DlSam20mmul1fpfRbEsvgfVQym48Xas581QQqhGUFgeCp3A8Y4BzuJ6cN4d4K8Lsfiz8SrOPWdUQW6WUhkWQiWZ/KXPmtkZGMeuTycAZP2ZI0byqr4VVkRsHBLZOBk8kcnBz74APFfNXgRlb41/FrccBYbHaQRlf3KkEdzwucY5yecYzONwtJY3K1GMtcW07yeypPS+2lrd7+Vr6ZXjcVUwmZznKKdPCqSajFNfvaaV9L7Wer2s1qd+PCSEAzanqczNlCrXDqMKQADkggkDqNuWO49TXgvxC8N2g+KvgGxzcyQTwS+Z5s0jsQc4CsxyOpBxnPfkkj60J3Q7+MlyWZ2G5sLg5X0znG3knGeK+dfiOuPjJ8PgrYY2rH5gCAd+3+RwM9fwArpznD0IYOm1Tu3icM27XTvVSd73vptppe3dE8O4zEVMwmp1eZfUsS0r2V1RbXbqr+j18vVYvAGjQBf8AQgVViMGSSRjgcMxORx1I49eCcV5r8WPDFhp/gnW5LeygR2msSrqrMw3TxcHI64PUZweuAAR9MrEFU7pQcyYHTBJGOCTjHOCNwwSB0AI8g+L8TDwHrw2s+JrE5PZRcxFecjGMZ68EZB541zejh4ZXi3GmrvDvVw2TjBdravz1et9dfPyjF4medYRVKs/94+Fyeu1r7X/4FlsjR8NeDbGbTdKMllalpbK1kbdFu4MIJPIwc54B5xxtIyR2KaJp+mat4IeG1toHt/GehEyLCo63sW0Mep+VuOucVreHAqaNpG7Jc6fZ7Ru5OIhkZyAcdefTB95tauFhu/DsvlHbb+J9CkJ4JBN9B16445wQO/WufM6FKfDuJtGN5ZfLorxXsdm2nZNu979brVXNsqxeI/1mwt6knF5lG65mt6q07Wtvo7X9G/08/wCCvHhiHxD8FvgjOzxxSw31rFFJ5SyRgT2kOBsdSoyQCe46DJOR/OV4t+DmuaWNKvNOuYmkbUoQv2CeS1laaUsVfy0KxDZ33A5PBPG6v6b/APgpih1L9nL4Q6igVobfV9HiO/7yM9nGCVAyQTn/AHe+civwr8SpL5ejsOdutWg3jjAIYcjkdfxPpjFfIeG2W4fGcMTqVISjUhjK0XODcZWVSL91pKz1unZJK+1j7TxFzbEYLiinTptOjPC0HKD1V/Z221tZN9um+qfyeX+K/hwyI041BIWci31eE/MR/dniDDlSACWXJ5PTI52++Jeq2vifw5c614Zu7a4t7O9idbOQXK3CSqMyp95lC/eAGcj5cV9yXNpBcWzQzRwPG0hVhIuc55IyRnHI5xyQeTXi/ifwfolx4y8HRfZChnstW3PHlfuqCgCjpjnaACP93Ir7/G5TjMLTg8JjqzgpUeSnVfPFvmhZXd3a9re9rpa+lviMDnOCxlaSxGCpXdOp+9pxdOTXKr3UbR2V2kt9bXsclo/xa8LXyCKXVFsZzj/R9Tie2ljCtyCzgL3xgA9MHk5Pf+G9YsrrxJPPZSpdiTQwFktpElVtwctnaSD1IXOCf4SDisjW/gjousQsitFkr/y3tYiScEcyFRIAeBkcnPXGc+QzfBjxP4f8QPF4W1S+027k0wTRrp1w0kZhjJwpinbYNwAwo+UDJyMgjkqVM3w7pLE4ZV6aqQalB6tKza5X00W7+56nZRo5PWc3h8TLDzcJLknZpRtHVNWdlts2/RK/0TrXhrw34gjdNU0jS9RZ48f6TbxCQcdyybwd2SCpBBz9T4ZefBTw+fEl9J4e1HV/CM8WmWtwj6PeSrbmZpjgtBvCFQvG0ADt1rKXXfjH4YLi/tLTXkjO0x30MlvdEAKu4yxoYsfLgANgDIx3qxYfGKyttfuX8T6Rf+Hpf7Kt7dnXN1aKySkhy8e44PYMMcZHrWeIr5bi5UY4nDvDVedNynD2bWz0nFLR7LVeb73hqGZYWNeWDxMcXD2bUIwqKaesXZ022mu9429Dr4I/jZ4SEYs/EeneNNOhdSLXVoFt7wxKMiPzkALsFABY8HHQZwKWj/G1dAbWoPHPgnXtEE2qG4m1PToGv9OiIQA4EAeQIQcuCMbeSRj5fQNM8WeG/EUTPp2u6deEiPAWdIpXBHKeVIysMZwQBw3AxitLQGhFx4ktJoFngku4X8u4VZE2PEBkKwYFHwewODwQeVdXDqhUoTy7MqjT5rU6lT28ErO6XM+fy3Wt+phTxcqkK0Myy6nGyi3KFN0Jyaa1fJaLs+ri0z88v2kfEmgeOfHVvrXha/t9asDpMKTSQK8M0Mm75o5LeXbIjqByNoHAzV/4JwhvD3i+OKIlhLZx8E5Ej4+XnIycgYAJXjcRvrgP2nbSzsfirrJ0yyj0hjb277NOQWyvIcHzDHDtQjBJIxk/MOvAs/A34iXWnzat4c1q08rTrx7SdtZt4gZIGRlCGaMcMDgAkgsM988/juY1a0M7xjqK8515wm7NKUrxV1fa7u7PbVdD9gyp4erleEdKMlD2NPljKzdkkmnbl6ddFrbRPX9wP+CfWgvqHx48KOExHH4du1kU4G14kIYvgfKuQOeBx16CvWf2krtrn4+39tcKrjS9D1GAruGCBHKycDA+UDoAflA46LXk37A2p67e/FzQI/Bt5ZWuoT6Lq0kuoX6NJHPZqJCoijwwSUnIOQvP3sDFd78f7+6m/aG8Sm+SKKS28Nzrd7UCJLcrp77plXAwHPzZ9TxkYz4k25Zne+vJy6S1avHfaztrrpttse1ZfVrQstLu7d/s9Pv0b66W1Pj34fpHNd6PINqG3v8AUZVzyCXvyvHHUbj9Tx1HHK6jCo8VeIIiys58SK4VhgBQ2cjJ5x9VOAOPTovhbIUvLctllSe6dFIO1g9+SeffI6D25wMReK9Ox4nvordFjubvXonVxnjepKoR1wecj+I9q9jk91KTaitdW730aXTs7WTa6PvwK3M2ldp62dtNW+Wz0tfrbRXXRjpNSgj8K+NbNwqH+2tILSZRUji8+IMRychRnOAR0PQEncsYYLwymKZXsxpetx+bGARIfmcDK9yVGR1BA9yeC1/Q5r7w14osyxtb6PU7UbnLJ55hkU7EHBOSMHIxg8dsdP4Ck8jTLeCYLBLHYa/JPA3IkaOCRQVyBkMCM/dHGdp7ZUneUk2uqUrdEo2WvZK7T+WlmVKT5Yrfmd+qbvyv5Oy97Zq+tlcxvENlPCNK1qACW2bwZBbyRuRhgzKoJUnseRjJGfU10mmXdpD4l+GEw2oR/ouRgIkwXOGYjAwQfQ9Dj1l1hR/wjuhulvmKfw1YF1JyApuUDbTyST15HGcAcVQ1DRZJL/wBJZxOYl8WOjLkhljMYB5O3Kknluy8jkZrnk37eKtopXV76PS/VXi7vzvotNTrpp+zvZttNPtokk1prdq7ttZPsdn4ztLfU7DULlWSOV/FttErZB3hPNBI28E8qAcYGQScE1y2v2VzCnjeAgSD/hE9PDCQHBUEK2Qc4XLkAbiB14GKyNTvNS07VdV0S7ulSCDxpaS2cR5QQyl8kOcErkgc+nAwOfXtc0pZ73xhEFD+d4RsVU52/OHj388fwnHXrxnBNbyq+9eMVL7Ml3b5bXvfT5dVr1Mmnpd/E4pq601jvstdrry72PO/t1hoPjPwNeW8Xz6R4a0awkVMGBY7u2ky8uOUZCTkkc9cZwa625082lv4fuokz50+v3shBbG2VHKEdscjaR3+gz514jibTda8dW0sQCR+CdCktJiNzQyqnysvHBAwGIIOF+or1fw0xvPD/h6G/lSSSHwZNdK6nO5rhMLuByC+BtYHJ6Z7Z5Iy5U4ydr2kr3sno097K+q1stFe7VivaXStHWFk9Gktnfqtb6PZ6fPz/wCGdr9l8R2JAcLaeFZZxG5BZftU8+5STnr1x1BAA5xjxvxW3h/Rtd1MHw7ZXr3F/cSyTzSuPML/ADkYU4BU57gng9a9/wBCI07xndQEALF4M0eKQkgACWWYu+7O4AZBOMYBHI6V8wfE0mXVr2OLBma/mbKSKvykDb/EGIORyvOB65r63hmTtWfJzWjHVa3bnrbr7y6O3R6Pb5Hi5tYTD8q3qdL/AGmr2aV72v6NpWd9PX/gfr2m6l4omsLDwlYaZJDp9w/2uEyNKw2nJUyLtUFQRzgEgDjvT/bWSUeDvhmSCFN5fs24AkhUXHvwfl6HpngtisH9nKG+h8XXclxdIobR7pDDvRnBIJBAyCw9cjJ43ZxXT/togy+B/hqq75pEvLwMFwAysqgcjg88AngkqCQcilmlaosypc0HTSULN22ezsr6K1tV66aDyhf8IdSyc2+a6en8qbs9XZpaNXXS7WnjnhvUprP4fmZ1EmLG1dHCKSoWZsYzkKcDaSRk989K7fQdWuLi3llZyA1jO4BC5/49gwG0cdeo9QQOhA43R9H1Cb4bB3tpIll0yCRSWXATzmG5jleD6Z464IJrotC0x7WzWMOrlrCckiVcgtaocNgnP3j0PQZJwAK+1w9SHs3Jv3XSTbd+ZytBpWVm767K/TyPlpyryrqMIXUZt3d1Ze6158yd337J2s+P8JapdTaxap9o8wLLc4CoMqAXbAbrzwPvA8HnHNel/CmW7k+JmhSNN+5OoXocMEJUAHoeud2MnByOgxxXkXgm1uY9bjMsaIp/tBlcupGNjAZI98kjGABkAE8eg/ByGdfipocstxGYDd3ztHu3AAFiBhjgsOWyAQQS3XGOPGVYLLsXKC/eSo1E7vlsrXWr5bp2bb6+avbowft3meD9orr29NyXM01acGr3Sunbftfoeg/tUXU1vqngdbfasjyX8SuSclXkZRksMDJHbBx1A2Vx+hrMNEvt8xDQwklsZwTCcgBWAAGScgjPvgVtftYXXla14Uie4iKwQTzRMB91HuNu0g5XeCf6cnOeS8Ma1YTeHb2RryALLE/zyMoJCRmJsr1AzjkAELnBIIrk4QqylguRt81pac1tJNdmn3s+3zK4vhzZsmo6N01ZW0ajBK1raN3aemjb7n6D/sn/AAp/ZQ8UfCzxj49/aF8f3NprGmRX1r4f8JWU7299ctHZyTWtyvlkO6G5VUI6MCMk52n55+EGpeHL3xn4i0R1tJvDcdlepokV9Ek09tBNdMYJHeYEqxhIOSy4yPu4OfmW21bS4bC0kRzIweRCY7oJnnklAwwCRwDnI54qHSfHMvhTUdQ1XSYIHa6VbN/tGWwGXjBGW2k8jIH0JrHMsJiZUsby4mc3iJQdKE9Y0lFxdoNO6Ul11em/U7MNXi54RulCkqEUpNJJ1E7NuVr303d/+D9523h7RNK8U3EGi3MD2wsXYGGKNSJJB5jjcnHDHOCflGOMAZ+J/wBqWXUbbV/DyxeUY47e6LlyTujZgCXHAzySApyPVSFr6S+BHjK/8YXN+t/ZWdu2n2gSOaNmZrjzmGGfPIKhhwCflAPrjwT9rkWya9otqybSLS4EsiZwPnHzcZJXkt3JHDfNwfk8qoV8PmaoVpe/GLd7tp6QaS5kuqv/AJ31+xxtVTyZ1IqNm1olZNXhbffVatX9Xds8U0Lx1r9hounwnRbfUNPt3Z4JEilSRlzywyNrbRlWODk9x0E1r8QdLfVLy51C0udO8/yxsKAqh344GC3+0fqSCB07DwX4Q03XvBejzLql7ZXMU8wR1yY5FU78Op4CkAn7vdhjPXC1bwXqA8Rm3trmzvGmgjcLPDGFYEgA8EjeQSDgn124BFfoM6GNhGhUjU5k3FxTUbW5Yq2zlpdWW/z2/PKWLy6pUrUqsIwlFv2koOSbXudHdaPp2T3tYtWHiLR7/W76WHUbZohbII1kIjZugI+YDg55GSTnqMgVtwvFN4gmiRdyNpKgGPDK2GDHLJlcZOQQf93OAD5bqvgq+t9T1C2utBlMiRBg9g+FAAYbyEOVUsARgZG0gqM5OGDqGiTN9i1PU9KupIYwn2qN5lZN2TtDgYTIwSMbRySvFOOKxSU6eJoXXM9Yu8ndrRXVl87JPV+WjwOFqS9phq2vKnZx5tLrZqWnSzslfTyOMutIk1vx9JoVu6pJqfiWLT8sBlVuJ1jZiW/iUO2c4Bx27fZXijT/AA98LvE/g34V6TDHdXegask91qkUaCW4e/t/Mn3zEAgxE8BXIXp1IFfGvhzVRZ/ErR9RvLyCY2XiKz1TUbophCkTiV9yJ0LAHBA+fOScV7V4p+JemeMPi7ca9NI0dnqWvwy2F8kOFt7KGMRBEG1cg4PTkEcgA1+e4xVnnFCUU/q8HKUkm178pQSTV/srbpd9W9ftKSpf2dOLknWlCMU2rrlUVdLR2vZWv3e9z0vUrnZbahHGyyxLq8oTLK7EF8sX3YypwPpgD6ZOo6X4a1YafDqGl2W6fEsksKfZ5AMYwHTBPTOcbc/3a6DT4vBGq2Gvyw+LYIdRtJLiS006dGja7lZhgK7hQrMCSM9ACONwByL6wnjvNNjOycS2pkVomV127cgZQnBU8EnG45IyOT+kUq9DESVJRjJxp0/jXVOC0unf5X0VktWfnNXD18M/aRlKHNJu0Lxa95cr017Wt+JyUvw3sHj1C58N69c6bIr7hbTP51u5J+VSSSw5wMnGQCD1zXO3+keNNOWdr3Q4NVtkRAbyywXA4CuQn70E4z1BIwQepruobd/K1GOIujiMuVAIUMhbdnHy5x8xBGOT1zxJY3t/Ha3jRXR2+VHwST8oBB7HIChgRjJyMdsU8Dhqsrqk4Sd2nT0Ts+yabv1sr/gOnmWOoySlV9rHT3aivJ7aKXuyd7/aTava2pwln4pFo9rGLq5sHMYje3vI38sEHaUBmwdu7IwCf9g8kDodU8URXdnFA6W5kF3aP58L53ASgDIycHgk9e/J6DpL7+z9QtdNF/p8E7TSqrySRKGKgbdocLk5KsSRy2Dy23Fef+IfBWltcQ3elyXFl5WpW4MCyFoZN0gypXOAMf3s8A8fdxnWw+KoU6nsq75FBOUJ66cqdldXvp2u+6R30cXgsY4LEUFCpzJKcVe7XLu0ovfuuZppLy/Qnw+Wfw1NLub59NiZXHI5t1wAeB17g5JJJIwQs3gy7e1W/uxIzy6a0MiK24xuA2ZFdeVIweh5weal8E6ZLL4RaJ5lZ/sjKpHG4LbLtwAOi8ADG7kjI7UvCBZINbUxB02EjGcN5ZKsGxnqVxjqepB4FfB5lClX9vSnFVIVafLOLS2mrNWfe+j7LdN3P0nLOaNOnJSaceVx+LVNRfTXe1mu2tkj1Lx5r+m6zo1tF5yX0kVvYPatFuY2Zku0kmhKFsIMkrhABgY5AzX9t/wYiWP4IfBoDgD4c+GycjOAdMtsfKRjK849eOeAa/gy0C8nvrS6R4o42XVIoRJ/ej+0psTDAfdz1BPUEjoT/e58KIdnwX+D0Y42/DnwznGDjOmWpyCDznHORzwOnX4uWXUspy3B4Oi24QxVacb2so1HB2stHa+l77ff7yqyq15VJWc3y3s93GybTd79dfzudYCOmAcnPvheh6dATx05HOOczIeUG7Od2cAYOc4LdMYIAAyR6ADggjyRtYsFOCSAfxXvjt65x2IzKAqq55ABzjqcnA9+ThT6HvgkVjKacUtGu612Xm9tG9Ot9E3Ytc1+mib1s7pNdGl9yv53GtyDgNkDggA5OORgdSFGT1BB5xioSxONoPIHQgDHcf4gc9SOcYsAcEnOSwxhsHAGCDx2HGCSOvU8BjgHBBJXk5zjdk4KjHPcHK+53dN2amrNWffbv1Tv2V9W3bUTk1fS60V9+vTtZK267W1IsFyAApIz97gEd+QVyByOMsDwc9aeVLY2rkjA6nacYJGQRjAXpggnkcjlSv3RzlVxkAHPIzz36Z5P8RwATy0ryCD0GSOCeTgfTAPbAPJx2q0m1fyul5af5u+ulvUiXTq3t96t5pb7PfqrsYcl1brgFipBbHp9G5wAcgcjsaaVGOjZOMk9MnrxnoehHbPQ9TPgL1J6YIBGeg474zxyeuD1zxGflDHkqRnJ7nJ2jBPAHO7GQeRz31grcsU7b/Hu9tE7t3t0e/npbL4d9n/M7rppr0emmt7vuivtbLAhmAJVsEgrgHHOQSMDjB5OMcmkzjadpCjJyRyw+mMnJJK5OCOh7ib7pBX5UYg4PJIH3vY9M8gZ4HUimO4B+9jexwvc+vAJJ68j0554qlU1esUtLPRdunTdrzbta+qiWsU1J+SbdmrpPfVLRel9URcgk4ODk5469lPXBHOfU5+9jBjDsCS27DL09iQcf74weOQDnpjBmzggEZDEEjHJ2g8HnGQc4OOh4wASQgfNnAGCUzj8cYGfy9O/WqUm7tu6um2tH0+9pfjd2TVyZSsrX0TXRrR8uvno3drW7Sa1ISSFcHGCvQ8nB3Y5IOQB+OQATjNROdxU+5IGNpUdsnj3AJ4PYYxmfK/NycgYOcDPDAgc4ClR/wCPD3pdyr8rKc7h1U5xx1Iye+AAc8DOOQVzqLfV6L/0l2t1a6bfgSqkutmlbXXVXi9LbvVXT1V+jverjoeMHng5bAyeh68crk89QQRTG3DJ+YqSfult2OOScjCk8ckgE46jcLOUYkkY+XKquMArnAIPGe6gdD14pCEOXGCWUA/wnjJAA4wc/TJz/EKFN3Xupartra2zt1fy9W9dXecU9tYyu+iXvXtqvlf1e6Ko3cg5OFyoA24BI4JyMngA54GTg88MIz0zgk8HttAPr0HYkDv1yKtMAdpyAGBB4BPHGB/EFP4e/UYhZAQOvIIIH5YznI49vxJwK0jJ7N9N7LTVJdNLb+jt5CadtHfSzk3q3pfRJ6aW3T01vcgOW9BnaCT1646emBx7gc8nKNGi5y+TkeXxkZ7555HG49gCQBmnt6kYyVAJBJG05I4BIyc88kn+Ik5CYXrtABILZPIGegGeOe3XHBPNUm9el7W5XZr4WtGkvktNdriUE9Xyvo7ve9np30tbre76DCoOSpzsGcjoNwxxgEHBPB4XOcY6U0ENnjOAM5wo4yRkEdOMZ7Ad84qfaAQwbavzLyOAp5xgZyMtg7htyOvqzgYYOcgEEk46kjGPQ5GAPXkVCm0rb+b+Xftr8/xUo25Xa/pa713ur30W9r2XRsXbkYGWyCSWzjAHAP0Jz7559KQlggHpjJx8x64yMcjB5PQc5pQ+OQSq4AB5+XHJ+8OmRzknA/Q3YBPIU9zhiRjgY5Iz1wOmBgnnNKWqbdutm1bpfpdJ9Fu110u83FXT5bWto9dUot9d73vp0TelkRgsT8uABn2OeBkgKAVx3IPIzkc5Vd42lemATnJ6jpt+9gAnJODkDOMHLkdVLEDC4UAAZPAA64JAPU9OuOM08YwGyAwLK3qAcleOuMdwOD3600+i0V11b13XXRrSzu1rpqJK8nq3qlbZ/Z2drWu3e23WyIyATkgg4yOinCnIB74JH09f4iYGLsSSOOTjkZIDKDgAchhnbj3JzUgxkYOc5XknJCgZ5x2wcE56jilIG4DGCduWz0GB2zgntgsSe2Oaq7Vved9Orfbu3vZafqVZuN7q3o9/dvZWW/Sy7WadkQYYYCkE4yPlxgc5I9O2QeuDgAc0ivlVODnIPGQM4OMHjC++Mce5qXYDyGUHBA4weMcjkAA5x65we1MKYIHUADkEkqeQGIHfqCMjDE8ccW5XSdk+zbT6rXpZ/c9b20sRy2vdWTW3M23orNJbbpq6Su7PXQjYkNjJ6AH5ST9AfTsOMgdOMUm12JIOCQAcgZwpB57jHHXBxnOecyR4Oxd33S+DtGDkn5uw6YYAnJIx0qQ7cjaBuG3PIJ+XJ6HqeDk87RwSOhGk1rfWzVpX35VsrP3b6q+myj0FHms1orK6u7O103ro9bdO+rsrti5Iz23DjJPPHJA5C8c5x7djTAvBTqPmJIyCTx0zhsDkAk5ySCARkOzkEfdHzf3Qcg/KDgdhyQBgH3oOSSu8YyF5GM/3unUD0PqPaiEpJpNdtW00kuW9l2V7Wtd3W9mF7Weq6rW6equ1pZ3T0111ezsogAcgjBwGLcHJH09M5Oc8DoMYKAZVsjHRhxkk52g84HPOexGSRkA1JuLtg5H3gQQF5JIAII4HynjPQHPbCNjnAyVIGRnjHqRnnOcDqCO3Aq+ZW0TaVlovTpo+uj6JO+li2k1o2m7NX8rPbb1eu/lYgZRhgw5GFGDhRgZJ7sVOAe5HcDPzKo2hgDgAkqBg46cHk/3e+QeozlxTiAccZAyxORjJ/iGT0GDx65xnkFykbgTyCACwAyxJGMYP8JUkg8EHJzkAl5S6a3V3payS26X2a0tbuzOUGk37t9NdXs1rZ3in/XciZeoGBwpyCMKDyT97OB79uO2KRtpJ5J543DAOB8px0253YBHzHjOcKZBhsgp03dxnkcbsDkEZB7nDEjikcDDFchsAEZUjqO2Rj27ep4p30V3597vTd/afbvdqzIjzWu1omle+js1e+972vbR6NWfSDIAwAcZYnjPIyR1BBOD0Aye/U5hKk55wpwCD35yQSByAOQBg8Z9qsshGCMkgg4BABPfLde2ew28DvTCwTIIORuPsctn3wQOvqd3rWkZLSyu3orauySsmrfj/AJJFvq73v2TvpZa6Xfl57EI+UMNoOWUZA2kjsfr06cZ9MCmNtbjChQSuCQG2+jevckj1AHGDUwOSNwbbgjJGGHpu7kZ6EfhxjDDHz6kFucEZzzyR1PsQegwcU07bqTsr3upWvypdrX0/FvW4rJtNd9LtPXS/o9rfk7kGB8mAMEkHAyM4OMNzkj8SeOexQhRnC4XdjkkZJIOM8kAj5cDGDxzkVbEZ2nqCMHqANwIORgY6eu7nOMYxUZThsdMnuC2fmGQecHodw44JyRzVKV+3kr6dN3ZcqW17306vUdn5O3W/ezW9vy7+RUZY1KtnbgksPvZ9OOnc9eo7E8VGcncBgg8jgjOeTuwARj06e5zVlohjO3P3Vb1HIwS2TndnkZ9gCScNMRByp4znHUkfdPHZh14BIA5AJFO8ZdX011S+zpo7/hrZ73YuVrVJLZbpaWXns1rbrbtYrsvAzuOVPUYLenY8c9z8wwcDNJhE5A2kqMDq2QMcn88AhcckHmp2jPb7oJHBySR2Y4B5PIwAcY6jqzbwgxlgCeeGxnjgjBJzznBA78VLdmrLW+3V6Ju6tbqru+67DV9XbRvVt6+9bV21WyV7tO23eMlSBj72NpODjrn5R14Hy49ee4w0rkKN/XI9FwB1zwcjnP5hj2kEWWIJbAOc42k5yeCMHspORkAgdDTyqKUAxkAgL2ByMn2BP3vXHQ5aqjPVJN7au2nTtbV26pJ29CWk9ulu/le2z117fPRFGXAA6k8rjoO5GBnlflJIzkjgA8GquzgEAggkn1z0GAeOnoMDH4VoMoVeV+YnBBIHzHPIAzwMAE9B1wSah8vgHPJI4I4GBxz6Z3ZzkZ44GBW8Kr0u9H/LbyXM730aemqV+mxNSle2zStd7NptfD83bd/e9aDEqcHuxCnAHHUZPzcZBOBjPOfaMq3LbTktyCRgnPy8L1OOgHOM9DxV8xHByxOQBjHzBh1wOAPcf7POKi8skkEkYIwcHtyc9CGHQjBxwQc1ftk97PTprqrNt27N3s0np5HM6SjLVtXt+nnbpbprpr1pndnaAS2cZx8uScgZwOq44/8ArZVVAyem4nk88g9MjoOf155xiyyA8jIwSwLZypwADjpnpg4O4joCDTQinO4biCMkkhTu64AK4O0ck8ZJ564rnvFeetl2Vtbp2V7u2+j+YlTaau0r2323T/K/VaXv2cBCvkquc9uxJGOB3Oc8HIGM4GcFrHB5XblMcDnpyM8nGD9OvTJqwEXkKNoU5xnOcDIwDwDhj6dcZwKaUDAcKCRzjIzuPUkHAxg54+YdqlT6atL17J3T2tvbTfZ3RTi0mtG9NErr7NnHTd6tva10lrcpvubDHgZO0c4OflPB5xgHkZyMEGoAhBCkcYPQckAZ53EcngDGPXoedURgocg8LjIII+vb5cEd8ls8HIJgdcMOGLFQQOoORnB4OPckkc9P7tqotuVJ3XRJdNb9PXfTrqQo6ptuzX5pK3fp56aemaVJbkfeBIGecgYHUe/Y8ZGSM5p4XaQSMqeCBgZDH+8doGB68ADIPQ1b2KmATgDqOrbeuDuyNwxjI49GpjDDE5OCwJHXsMHJOQPUADIP8PQWnfVa/LXo7WtrvpprovMxb1s7pp7Pb1bV12t2epAy7c4xyMYOSSOeRnIIJHPzAg4Haq+xvMHylsjgjjjOAvXPHpxu4zhuRdIwWYnjG372Qc4UADnPHUKQcAjtkpGuW3YO48JjnjoSfpjgdcjnALZuNRxV911T36eVla2uqat6NJJ8yaeuiTdn7zaSej0SumtOz6Wfd/DqJzr0i4I/4lOqNjPUG1mzwTgc+vTjPWv4hPizI8nxs+KEbOFiPiPx3kEKQ3/FSXAxk9M4GM8e4BzX9wvw7kRNeY8EnRtXxu4H/HpIAvPy8kD8TwD0P8OPxfLD40/FHLFceKvGhQquSVfxVMGBJHueueRjJAyfNrTaeMSX2KGvX4tn2ur3vsmvNHq4Rxc8NG1/edlZbe7o9NNLXXL9yvfq9evdF0jw94jtWZFlufC+gLDhVZt48gnnOB0K5wMnkkZAr8Vf2hvGlnP4p1WwNskMEF0pkluWBDFAPug5OT6Bdv0C8/rl8Q7GW5tNWt4JWUtoWiMrqCNqq0KkkKGI55OBzj1Ffix8fPBo/wCE61YXV1LMz3mCOdigLktgnjpzwD68HjryGcp0q1KKfPzKTae6tHbTpey0ulpZHDxNOnR5KsrOMeSGt7NtWsna23ytZbNnj9z4vN2ph0axn1O7ZljiyjCCMqQB5VunEmAAMMCR02gLx9G/Cf8AZY+Jnxh1TTn8WanceGtFvNOfUreO4ZgZLKCREcQQKVRGw4GJABg4OTxWj+zl4B0I3dzeyW0U9xDKY45JlDLCoUnKBs4c4zkYzgYxgV+pHw0Ef9q6MEmEn2bwxqUAUEbVBuU4C5Oei5OSQBtPevtoZDKVDB4nFVedV6qjGknzRUV3b97V9tE9Op+V/wCtUZ5jjsDg6PI8LRU5VbK8py5do6JJXV3d3fzv4jpH7Mfwu+Et74Dt9L02PU9Xl8SWj3ur6pGs8siqrO6hGXywu7nKAHnqcFa/Q7+2tPt0aCKJrl4tscUUEYjijVUwAFTjgBQoHQAngc182eP2J8VeBY5ZCRJr9qBGOAMI+3IPIJy2RjBXByxAr6j0zRJZ5nS2UlWYOXWJQmMAqqNgFicYJJI7/XrhhqVDEVVCNOlCKpq1rfZV7JK9nZ6PfuVPE1cRh8LOcp1KknUbd3KV+aK19L/dokzwn4tz3l1pGhboRCsvijTFX5t7YJJAIGR1IzjuO2K6qHwukly01zvunZIgq4wobywQPl9ADncfbB5qh8dxpfh7T/CIvruKIP4w05miQ+Zduiq7Ai3QGTJxjCqFwwBAHzG6fGeu6jEV8L+Hms4pT5aa1rjeWoIAHmW9sn7wnuplUAkA9sV108bhqcKsaclUklFqK1d2lp1sr99Oq1ON4DGYh03NckU5e87RUVeCSet7ve1r637HU6pY22m6LfT3jW9jCulXm1rhkhiTELEBclfMbHO1SWycDOOPJvh/45ij8J6Pp3hTRrrxLqf2WbzrmRTbaXbP58wxJK4Vpdowf3RIPXHOaTxNYafY2NxrnjrxYL28isLtgNVuo7LTIT5LErFYl1inK8BTtLtxnoTXgHhz9pLS9J8Laf4f+GXhu78a69FHcxSXMUX2bRLK4Mr5Ms5CF1VSCBHuyvGM4FeRWzedPEL95Gl+6lHkguepZuLtovdlpZWbXpoj2cLkcZULSpurL2sZSlK9KlGSSipSk2uaK6aq+mjSR9LXtl4m1pI7/wAc+Iza6XHL5p0mzm/s/S441IIjuLolHcKBhi5KsAW4yM/O198dfAHgDxD4zt9AsJPFOtyNbx6fpnh2AzqzREhTc3iqylc4yS+SDkHIriovB3xO+Kt6dR+KfjKeDTXmDQ+EdBlNrZxozErDcSRlJJggwr7w2SDznFev/BH4b+F9K1/xtb22lWlvb2E1jEJSm+fap5czMNxyceYd3J5I644HXxNecKlGn9WjKSXtcQ+eq7xWvK7qKtda6JvY9SGHoUKc41pe2lCEZKjR92krSikuaybd/i5VsnszyMW37SHxzlzqGrP8MvB8rf8AIN0wsb94W+6styD5iyFW+YghQSRg9K67wF+zn4F8HeNdetW0+TX9Ut9Jsp/t+qZuZHubqQi4u2D7hvb+9wSQB1yK+q/EXxR+GHgSNLGbULa7vgyLHpOjqt5elgTjeId5jcnjMhAHO7HOPkL4hftIDS9c8Q6rb3mmeCrS+0+2tle6eHUPEE0EDFkMNvEZIYpTwCXCFex604vAYapCtVqPFV1O85TfOk7K6jG/JBXs0rp217MH9fxMJUqdOOGoOHKlBOHN8CvK13LS6d731utSb4621np+s6HpcMUdpHZaSNyHAkQMWDMi4O3k5A5wO3avnmLyY4Jh9ojkUyEgEF3KkgHGzcQ2CCQTyOe4FeMeKPjP4t8WeI5bzwdo2oa8zW+yTV9WDzSzDlfMEL7reMHPCrnbhR1xjNXW/wBoSVC0OjwWgb+JNOs0Kg8KNzKCpPbBGCQeDxX6nw7xZiMNlVKjhslxmKXPUcZ04S9m1KUXeLjCz7O2llvsj8F438PsFmue1sZjeJMHgH7ClTlRq1aftIyhFayjKcGo7PSPNq9T6HEYSPMMF5LHtDoUtJSA2QNpJjICkZ4bGcBsg4AptZ3BUT/2ZfPIXCriF12Y2jIG0jGfruxuwOTXgCf8NDaoGh+0XceWKlA8FrGpA4DeSysOuQewJyCOKqS+GPj+65m1eeJI33BTqsoweSCFEnPsD6cg9K9yfF+dctocPYqMmr29m1o7PW6TV9NPL7vkYeG/CqmnV4twUkuVPlnCzcXHVJS7KysvJPU9r0uO7l1XV4ksLmYRzIkkbKI2jkCAgnIHBzkEg5JyCe/UJpGsDEg0tAQyqu+5hjXY3ODuYcjLHAyQCc4wSfk7TPAHxr17X9Q0201i4S8jSO4v5V1GULIkgARmdXXcCxxjOcDnkjPorfs3fHGeAPceM0g6Fg2pXrEKQAFyrHj6ZIyV7knyMNxLnkKM6dPJsS7VasnKNo2bqX5by2ab1vZ6b2Pq8XwXwxVxFKpVz7DprD4eKjyyblGFOnBSuntJLmSTu073dz2u90/VIIZpHttLiCW9w+Gv7fzBhGY4XeMt2Axyo4yMkcn4Ymuhp1uWXSo42luGD3F7CCf3hyASw7jJBJxgrnjI4GX9l74kPbyve+OrRQlvNM4N3eu5EaGQoCW6OB83I65wRWZ4e/ZY8X65ptnff8LFsLG1uGuAkElw7EeU+1j5Zbagbr905zgmuapxNxDLF0JvK6inGlUjGHPSi5KbpXerd0nbo+t97nXh+C+F4YHERhmtOVOVejOc4wnJc0Yz5UknfVyb2tv0296i1GK3Z/N1Tw5EJPmAe9jJXkA879uGxkdCQcE/NXN+KvENhFoWohtf8OkMiDyEnjMjKJARtxzgcElflIx0OM8e37Glw3lNffFSz+YBXEJUEEHORllLYXknHGQCOcil4m/ZI8NaN4d1fVJfiZLdz2Nt5kVuEjZZn3BSCFbpz1BOfXqBlXz7iSpRrP6jKEXCSbniKcrLljd8sbW0e3XZO2/RheFeFKWIwz+u+1nCpTcVCjJc0uaLSd11aXZJX2O4sPGfhmK0sRdeMvDUKx2sYwfMaRPkwUbyyQT6jp29KszfErwNEqbvHOhExZOIbad9wzgrwhGehI6nn6VkeFf2N/hjf6No9/qvj3UhNqFjb3U0EKQpsaVA7IoLgkA5wOG+YlRkZHbxfsd/AW1kV5vFHiG6ZuXUEqHORkr5Zwcgdxkke1a0c14tnToumqVODpwteq3eNoWvZdk9G9+r3Jr8P8DxrVfbuvUlGpLmXJyq/Nrbpa946+j318t8YfFjwTLpsaWvi5LyRb2B2hhs5FIhUgmRCVA+QLkc89+SCMVvj34Oj8xj4i1KVQFVTHYqSVVcZ5UjI5G7r+FeweM/2Yfgbo3hm61HRRrtzfW9zbLGJnmCPG0qCRTvIQFlJX2B+tczdfCT4SWCvBF4XvJnxHgvPKoLFAWbG9cE5ycZAGMDkVvSfGeLrVVQxeHpzUYKT996L4VZLZXe2z0equ+fFLw8y7DUFiMHXqwU6ns4/D7z5HN/FZ6paaabdEeWSftE+FlE/l6jrc5HKYtrcAgZxneAOqgYz0JAxjFc0/7Qtgus2Wo29tqt9HbQzI1vcQwbXZmUh8KOdpUn7p+oyQfYZfBnw8sQ4g8GQvsyEMzGTbzxncSAQD83B555JyUXSNBXWtBTTPCGlxs/mI0TWkb+eSePlKkAjI6qc8ADrSxeV8b+y5sTm9KMeeHwRqO0nKCja6itHbvrbq3ZZbnXh860qeEyacpSpVP4k4pcignKPNrZNJ7PS9tjzx/2o7hkcwaLBGNpVUbTmZzjs7LGVOODwcknIPWo1/ah13yQtv4dtTuyM/2bcHcuepxGT7EZAI6mvoq40mW2jAXwr4ftyUkOH06LcuT8pPyDJOSOmOBzVKSG/EaCHStChKg5MenQjA4+YDyyvGQQWAHGOahZHxTLSpntRPS6VC+nuveVRdLdl+Zqs/4NoycocP0VZXSdW76XbVtFvu+q2dj5b/4Xv4vn8QXmr2nheKe4ubSOAQrp1yfLSPO2VYzHkkkn+HORjOfmHQH45fFSSHbB4Rk2gfK1voJLE4JA/eQgN6AMSMnHOSK9s0+LVT8QHit4bITf2Ig2raQRwgEEMUjC4LjH3iAzdTt5r0ww+J3CJE9rCsS+YQkCrkAAjBKc5POQRjDHJ5xx0sgzqq66qZ7i4qnWknGnTVpSXK3L+JdN9L736XO3FcUcP4d4ZU+HsJapQpVIe0l8MdLL4GnZKy18rdF8kj4s/G67ij8jw9qkYLYRRoKDJAwAA0XTkfwnHORnaDzuj+M/jg+o6sum6LqpuZbkPerDpke6ORh8iOpT5T07g5GCD1r7ZEPixtoOpmPawKKkYG3kd9oJIwdoAwehwOK5vwU/imDxB4yjsbuP7THdwNcXE/3jkHAUdycjP+7yNxyYr8NZhCeH5s5zCftKkldWUtIdPff4d+ttawvGGX1oYhU8lwEVSpxklL4G+aCal7q1Wr23Tel1b5xOtftNXaIV0PxHnkqRZxxeozjAJJx6Z49SDVv+y/2p9RBxpXiVA6YP+kxwgBh83RlXpkEHJI7jAFfbAuPHzoh/tmOMyDcoEY4OT2xxz35+tTM3jphl/ELJklSEjXgbSSRgEjGPl+Xr/dGStPhapL+JmWaTtq7yVm9Ive+7uur/AEiPGVOLioZflcFzJJKDdtY3+zd27eeu58E+FfBv7Supw30OiLrNvb2uoyRXC/bY43W8JJkLvuXexJyX5yRg5xXZN8FP2qb7a897fRqQG3Sa5IpAyAeEmAGCenJXJ254r6G8Aw+I7q21iS112eBV8QXK3GFbc8oY7pDjkZGBhgSDnp29Jk0HxLcYMniXUHXdkBWKgjOSepGBzkgdWrLB8KYedCM6mJx022/+Xygl71tuXTrdXvrprqb47jPEUMVKFOhgIQVnFfV+ed3GDTve99Xq1rboz4un/Z0/aHljke68SeXH5TyyCXWblwFVWZwcS85QFRz2OABXn/hr4CfEfxRYS6gfFUdrFBeXFm0Muo3C4lhlaNyqhx8pO47jjOcbsEGv0Ul8H3s0MjT61qkqGCfKiZlDEI2CcMAc4zhQc4I6E15r8I/BEeraTqErzXL+Rrl9GI98gBCTsMuq4TovLYzg4BGat8I5d9YoxmsQ+anUk+as7tpx5b2V7Lqt+61IXG2aSw1WpTVCMo1KKjyUIxspXezv2TT26Lpb5Wuv2XfFEESXF941tQFZQ4+03Dtx3yXKkZY/KQcnjHBNZ2sfs4mxsL67n8YLNJZ2RujFGhbzdqltuTztbGDknBxnIAx+g3izwTZWemrmNlla4iC75JGUr32853c55yBjIArynxTodrbeHtdlVGZ4tPmIcsw45G0A8YVc9sc9fu13rhTJ1GclQ5nCLV3UqS1jFN9Vp1t/wTlXGuc+2o05VYxcpQuvZxV03F7uPVJrS1r2XRnhPw1/Za8M+LfCuna7qPiK+t5rvfugVYlxsbHcA4PXpwPTPPT6r+zH8PNG1bTrWbVNWu0uYnklDyoY1CnhUwSE3fdHvzycY+kvgNb2J8A6K91BG6bJ32uVJYh2UEE5xgHjPfnrXQ+KLS0n1y2dLOFYxamPy8AqO/I6/McY4BA+ldWG4cyb2NL/AGGjKThGTm3NuVuVtWlfXy0vqt7HBjeLM5hVrSWMnGKnUUIpJNK6s17vR9dHo+58h638BPhjpuh6le29tqM89taSyRb53KCQcAja2zk8njG3HbbnS8OfBP4Xto+lXlz4Tmuri406G4meSach5WUliMHvjgDAB5zxx9AeL7SMeEtcSOGNDHpr5IJ3bio5x6gnBH3R0HbEmjx/ZvCfhqUsqqNItQ4BPLMMnJxuI49sjBJ4rb+xMphi4RWCw6jGipWcI2+JK7Vldrfo9dLJHDPibOKuBdT67XUnXSb52tORae7bqm306uzvfx60+FPwyhmLp4CiYYBG+Vz049Gx7sMDgbsjpi+MPAngOxHh1rLwHZWiza1HDesTIzXMGCTDg9iTgYPOBnOK95W6k83eH2qFjXbtXIGDncVI9uu7n5ewI8x+KWvW2m/8IyzyKkcerG4dpDgBIwxYEYJ28Hn+Fj1OONMbgcspYRzWCw6UZQvKNGnFq0op2ajdrTdvVW3sc+T5tm+Kx8YvGYmTn7TR1JtOTjo7c3R+8ltpdK+hh61cfAzwTZPf+IPBGk25d3iigZVaWQ4+UCPBbHVehI53cDn5K8T+Ofhrd6rqV3ZeHbazsZSPsVnbWysqoehkcjKltqk425BwQetecfF7xzceNvFeoXUcxSyhuFit4AxMQ8ttpkGSFO48nHrzuzmvOorncHhT947OqFmwd2G/hI6jGCO2O4r85zzN6WJryw2CwtCnh6clFONKKnUkkk23FRbs+l9Gl0P1zh3JsXhcL9ZxuKxFbETjzPnnJxgmmuVJyV7KzfXpZLb3u28Y+E5LVFh0JREJcMZbOPA+YKwUlSAc/LnnIPPofSNO8aeFYXjig0BXd4YwM2kJ64zgbRnpzkccZz0rwOOFFs44gCjLJCGwuFDnC9xg9QW79MHJNem+E9Mju9SIZt7IY9uflCqVXLcDkDgDPHoeCA8JKpFRi6cFzKF/3aXTazbfV93un3XBmOJpypVqqlWl7NtRtVkldSS76N2bS9Ox3t18R7ITJHb+GxuUfKGjhjVto+8zBeACOeCcknbn73mnjr4qakdEv4F0WG0Nx+4SXzCGRC3DKVABIHABI6gAmu2vtHRNQdFCk+QcDJJ4JHBJ74yQeBnjA6eGfGSWG3bT7SFVHmoolCZK5QEjGc5PJBz1HUkDnDMa3ssPVvJRSurKC62TsraLZPzjdO7NuH3DFYqjvp70vfk+26XRXs73ad9F080tfEOtX9wsMcyLGrOEcD5umcE5J25AzuAzjvgMP0Q/YT+AGtftCfECYanqv2Lwl4K+zaz4rvnbbE9nHLmPTw3Kq9yU2Mx6AhTgZavzh8ONGrTzug2wo7fd67jgDJHyhcZI6c5wDsFfeP7Mv7QGs/Cn4N/GbwroUlpY6v4+ks7e31IgpdQQrKTIsDgK/KE4wQMY54xX5vnyzHEZdOhl9WccViZRpKadlSUpKLqeTiryT1tbddP1fLPqVHFxq4qlCdOlGUuS/wAUoRTh6XastttLrU+vP26fjj4R1vW7LwD4Pj0aPwr8P2WysU0yzt42ubyNPIeSaeNQ03lhMsWZiXyScEkfG2r61YN4NsIYYvM1LU1U3EmV/wBWH+TCDK4XPIxkdc96+e9Z1O8v9QRmuFmmmkAmdmLNLOW3SySNnJZ2JJLdemCOa+m/hP8ACPxl8Yta0/w54H0g6rcLAhutTvJ0s9H0pIlDytc3s7R20O0ZZkdw78AJu2gGEwuHyPLKVPEYrkWHgnUqVajvObUZVJybldybu9LtN32sPEyrZniJzoUHKdST9nTgpcsI+7ZR6vR9NLeVjlNA06FZ7KWYqkH2q2RwyjHlqyM7YOOCMZJCjHByCcfS37Q/7Q2oeIbXw/4N8M3kkPhbw1pdhA8Ebt5VzfRwxI7MgypClTtU5UA9M4Iy/ih+z74y+C9suo+JW07UNOluxZw6rps6yacblUDNDbHI84xDB81MxnGB0r5Xv7mIzDEfnLPM+8kZbI3cbiBkNkAcjJwfaunD1Muzt4XFUqqrxw0m6cqck0pyUYykmtFsk+u2mmni1MPjculXoVoSg8QkppvVLonfXlad2lrp0tY11+IPifRYbl478qtyBIqoE+VmYbWAz/CM889c4HbuNN+Jev6Clhf2ptZ7zUYM6hLKoZ2U5KyNkfIVBA9OM9K87tPB2u+ILm3VYI7a3MbbWnUgKgb5W2gjI5zkr3IHv2DfD2dNkCaorOISkrAcAqOVBxjacYwQAQcnggV0Y2vGnKMKdRqUWoqLk21L3btvpe7stk9NE9OXD4GE+dulGKcrXt9rTmV7Nb2S+drJnqll491/VNJlgvWtEtrx3l8xU/eyoTgKMjGF4wWwQe/OBU8CeHdZ8Z+Jx4asZre2inE1/qV/KcJZ2UJMkkzsSoy0Y2pk8tgYxXmVnI9jFJY3d2HMPyhBjHlo+3AI4GT9PmwcZwK9J8GeJtS8KQ3NzZ2ET3mvpLZ/vW+YWeCE3HH3WYD7x+YA4ODx5OYV8VTw06lCqvazShBSak7yaTbV2vdvzei2PVy7Cw9rCMqMVTjJOXa3uqyVmn3Teru2k2dr4v8Ahr4R1XWopYL/AFrVdI09IrZJJZ5BB5qoVnl2L+6VNw3LjA49sNneC/CnhuFvEkGmz28VnDKlulwzxNI0hUg7gWLADkAADBBCkjk+YS614tv/ALVpOp+IU0/T2uJZHtNJwrQKQSkcsy/P5jE52Z2gbsqTgn1/4TeDNE8P6Nqt9qxnma5D3qTXUzBfLUZjOMj5nYhjkHIyCcAVx1cVXo5bh1ODdWbs5zsm5WV9Yt2T6XS+HTserSoUamLqrmStF/ulFpQ0SS0ul3vZLR3SaZxGr6W9hqU+iWs8M7Sxs322WFQsCMfmKtxlsD5Rnrg4AyK7v4c6zoHhCw+y2ZaHVnlaTUdVCrNPOikgJGxy0YzwAOCdxPY12tt4Nt9TtG1i6RZnuSbhBFuAW1wQigqMMNhHOMDB+Xkk0fBnguPVfE8lnbWStbQ7muWjQu4iDDChVUgMfU8YI4wcV5ssbh50ZTqN+5bnSvFuyjZe61e1nrJ62tYcE41HQp35ZO8Zcqlvytc29+W2rbTeq6nzr8ddUi1XxjpupmKZrd9PQNJOpEsu1Pmck/NtLHKgkev3c15Imiadqc+no6RlLpZXKsqFVQcYf3AHPAGSSMZzX0l+1V4fs9F8V6ZZwBo3bRY2EGVH2dSq7DKFI2l+pJwTxycCvmK1v54L7TUgiHmKTGEySJAc7mwDtBxkY4JIYgckL+wcO1cPicmwk5QUoShFQjK9m20ne/XTRO/o7a/nGdxxNLM8RGE5Llu5S1g7vlbtbZW6W2e+hgXXg6XTrxrnQbm6tZ47ll2WzfuwM5UsMgMMgDDcgH0Aqndaxq1lJGPE2gpfR7gV1G2TyrkBSR5hCEBn5XOWHc4BGD6RYahs1q5tbmNirzguqdQzZ5ZyMBcEZHJHbFW7+0g1a4trJplVI5njAKqxCtkoo5yw7EYK5xk8HPXVyvD1LuEXTqJ68miVuXTo02n0t5GeGzqvRlCniP30JRjdzaTS02k7O1k9G7O+xxNr4xklJj0LxBJcxO0W/SdSkbzFKBQEQyAJkYI42kc8E4BmtPFdtDqsqajbXFpNcKELTKxtmYnBJbB+QeoIHcEYxVOz+GAu7+/CLKk0dwxheEMCPL+bPABG4bcYxnO3B6VXstD8U2rSRG3XVLUXTwiC+jBlGxmBXzMsQWBAUq2M44JNc2GeZ4aU1CPtYxSShLVpLV2u3pq03aPfszvxMMnxaV3GhVklLmTUHzNK2q9162vfS1loe/6L4J8MeMbKJbxbVmaJ2SW3Klmk4wXI5z8uVDDJxgYwa4m/+GWs+H9Ynfwhrd0kluFkWCNmCDaf9WwQlc5wMEAMc8k5xxFtcvpl4YrW8v8Awvejl4pHd7JpFxwvPADcgkYCnoelekeHviHrmm6ikmp2Ud/auIzJqFkVlLKhU+YygMCGGCQwww4GR17ZYrDYhr29B0aqSj7q5bNWbfNpddVrr0d7X8dYPMMG28LX+s0P5G+Z8t4vZtxbt/L5WtfXU074k+KvD6/2f4u0R54GjKT30UJ+0BD/AMtWXBBwPmJJ6AnJAIPqejeKfCmuaVG+l3KXM8VvcmSGcrFcxBkOAVfDHAAA2DK571qaH4i8H+OLt0hW3e8bT5g8F8qxkyEAKGR8A4xkbQehOck58v8AF/wtj0O8sJLSU2cupWUtyrWT4UHzGJRwjY2BRyTuIGeegHXRpzhWoOhL2kb6xdk7Wh3e/a1urbWt+V4jDYhVoYilLDVl7raUlFtKGrhJK15LeL2t/ea/o6/4N6WWT4nfH3ywCP8AhXlsAAc7f9NlJPPBxkkno3oMbq/fnUY1ErnAK7346EhScdcfNjBzkZJ5BJav5/8A/g3YsntfiR8eo3fzHi+HtpAzdSzC4dieScEjrk8dT1Ir+gTUQFmcMMkvJx2GSTnjIGOevsQMVzY9y/tCu3aK5KCaWtrxjo7a7pdVZ2STPp8qtLLMPbVJz961nL30tLq+uvXXXfcxGUnJ2jk4AwrDbkjIB6L1ySc9AMniq7j3bJyp9WAzj5cZ7ZGeMcjFXCMD5sAfdPAPJPBycjGDjA6n0qBgoUgAcseTwcr05z6emc4PHWs4Td0vtX+61nre1tnJ69kklttOOrvpZKy0u3p53ej/AAe9mVQAcAgkrkqemc5PIPfuAR9BwaOgK8HjOTjI5Bwp7E88crz7VM6jkY4J7dQcjJ//AF9j1NKVUcHkFGBxwewGT155PAxkg8itFK1ktr99baapvSze6aXn0M++mitsvPto1b07K2rRGDgDhic8ZBAG7HXcOvI5AHtwck3Ybn8fl4K84/EcA8c574NOKggcHIA64A2jsPcgdeOw9aaBwMsCMkAAEN0OA3ygk7cZ9B8pBIJrVNvft1etrL79X0+4y1esr31V9LKyUb6vytZd9LNaRYzjIwuc9AM4yPU88nCkerHocijBUk5OGHAzgnPIyOuc5HIyAcYOKmRehPXHB4OFA6cHvgkc8A9OpMgQgAcYOSORwcH16cd/u4zz1pqWtm1pZ66aaK97eVuv3ii7frrpbRa9+u/e7IR0AK/KCQCMMSd2d27J9uQcZPrimiJv4mB5K56YB59uvHTrlfq1lU24BHy4PTnk46DJP45GPcVKVBwCOvygZGTn5snGOD0wenXHWrcr6aJO2/y1evTS/S2jTHJKXTW+ur0+Hs+6StZ6q613rCM5UucnBxkAZJ6ZB4A45Gc8E7eDTwDwcYPOeB8ueOvQ8jjsD7ZqcgZzjIPIz2GCMErjqc8Hr+dKI0PQFeCTnOMDHGdxP1GcA8Dil7ZRt7v4326arp5r9TOKcW2rKy2u9r36v7kl31d9GIDtK43fKN2BnPqR7HrgDnb0zmrABfOCw3HPoFx2AwDg8jnB/MUqKozyVGOSMHsCA2OgBx3HA6EjAkXDlSOAARkDbk+px0GeMn0I78v2l0rJvrvqkkmrt9WtPR263KjGTvbXXS9tFpZWsvzb3V3raI5Y8527skgKC2AAOnPAHHQEEnJIzSEE9AQM45A2rnnJIP8A3z93BHAxU7KRnkE4HJ2nBGMnODk8HA78YJ4zIFQxnIYA7ctu5PII4ORuBJxj5uM/KDyudOza3em6tttra933vp6WE+V63t0a1ttdrdvz8t903UjjK/IRx1GOuf7pJAODxjB7jkHBpzRnGHUk8CMEj3464LN06AnsO9XGVGDE/KRtXqV4OeBg5+bnOOO56jIMKADy27IJIwBwTnGenTbk+46A2o3d5WfXdu97d90tddGxLsr7etlp3vZLTR6Wv3ZV2ggjsDggkAALwoJIxnPAPUngnBAqN0YYzuDDgKevJPQYzn5skj7oxkDnFwle/JI5B+6cHgnaOSRjGATnA2rUbMMhh1BAUAAgjjOPzOe/PLVTdt0umz9F+b1fTy2Ik/es2vle901Zb9pRdmtl8LT0rHLDIUhBhDxz2zyvzZ9iSR2HWpRuGSBnnIGQTjGM9PoCcZx93inE4yc/LyxGBkHJ6juR1B5yelP3dOcg8HsSTnvg4GcHt0798m3a9t46Ju11pfp1u21o223pLUqKV0+r1XVpO11pa/TXd6XezGc8jAGSSeSCyjPU524z8pPBG0HOM5aAcqSRhWbPbO4MAT2ODwevfquczlgCoB+8oByOhBIDZHckcKpGRyQMkiFtp2qCOWKjAzgA55Yjuc456EqSBilGq7JOLVmrX2VuXW9vJt3Xoyopp30Svotr/C/vd/O6s1qNYjDY6YJPf5mOT0zyBnjHsKAuSTyc42ngYBAOQAepHXnjnPclRgHDAlTyVBx9PmxngcAjt1NP3RttXacLnJzjqAQCccjONwOeozjg0nZ7rTVJddXHd+XZPXfXYau3qua7W2jey02+Su9767DCCdoyxHIz0wucHkduThuM4JJpQxDBQATuChgSB3xjrn8Fxjrhjup7KMoCMlSBu9FJJGc98AYXqM46ECkZchuOFYYIA4IIDcdSTnjOOhIPPELys9kr9Lct35rRdE92t0y+VvbS9reVuWzctPyTV3ZdxiTn5jyGByFOSPUDpnIwCRgYwBxmPHJABbDAYP8AESM4HfGe56HpkVKq7ssDgKRt3DAVhgklcDOcY2n2wO9TIFzuI/hzggfeOMYKn2PGM8Yz3oenwtvt10Sjpp127LV+VyNOSabslpu1Z7N/rp6rVXIljAAYlgCCRtycsMgkYO4HsuD2BGcLSiMnYNuCBlCM4B7Fs4IJ69MYzgfdLXVjQglVOcY5JGemSBk47BfyA/uyKMA4woKjbjpxxwT97Jx+Iz16Tz2tey6Lbuldq+tt9PP5dcKaa1tuntr0e+kltbW76X3KQQ8AJ0yMsepG3oMg9yB6kcgirKJ8gUKAw+XsOeeAuRg7RyADuwO5AM2NzNg5YAKMDHPrg+w7gZx09TI3cEEgMzMwI7dAq8ewJAxk8YrN1vJNp9klfSzu7+Suum2qSNfZqPnG2i1utn06O/3/AHlYIwLgKPy4XGenQnoT3BxgZ5y4gnjguAB90Z9xkLjPU859OvNTBuxJIPBIB4PfIzznqP5/MQWs3zjH8GcEAfptzn6HJXB5PbN1HZ7Wsra6dLXurdEttbJpmkKSbjv0ureaV1bX5X30tqhABuySN3OWIAzt4AHXHXG0enNTKR83UgYYdju5BIHc52kD8MU1SHOTknGVB6Y9egGQOM4IJ+XHamue69dxLY6gD5gB3yf9lueBz1rDm5ndtLz1b22vpt8t7ao9GnSUVG3ZNp9XpaXSz010+eiY8hWLZBOQFXgDPdiCwyenODgYzwVqJwAVBGAGGF4IPov8QI46jGMHsQQ4EHHXdg4POCpBHfGATkDrkqOB0LRgqp4VhjcGyST09Dx1xjOc88kgib0vJXt1WqakrpJdult9NXozZwSvoummq7NX227paPorihjzleQpJx3JOCRuPuOM8BuMYNNYAkNgjnhc5PH+0O2Rzx68c0P8gYcAsTuxyenAx0UHHJU9wx4oDAMVBbacEcDJ7Hn2+8TjBzx1NZ3trpva2j6rp2u10sTJRdldXv16LTTTXVdF5dQBUtlckZDBsDkjAPJ7hcc4PUFfmPEwUlyc4XIwANzN6HOehJPXJxuAODw3AUAAHqdo65BH9C2SR1OOwp8akZUnAIwCB8ucZYg8c9zgjvS9opW0Tu13jb4VZ2Vk7JaJP4u9klFRbTbaSSa0Wsko3Xro36WfXWzEhyrMfUFhgZwMgkZJAyMDOOMnBHAvLIm1TtyxBCgjkEgqTjsTnP8Au565rOAJIBPBGFAHJJPGeMkZGMEegztwRaQg4AJxtI5Kgg7hnuOcD/ZP5VlKblq+iXXZaJ6dr6t9L9dLdtGEdk2ml3st4263ul9lp3672Hs/znn5ivQD+8O3BI44PUnO48tyqEMxBPbAA29sDGR179Ce+epzGRlsnqpyuCAO5A9zyRk5xjrkVKqAL93JJOecZHJPH93sOvB445rOTXKne72t2ty767rW11t/K1r0Ri29Wrbrby0eu+vr5FiBYwxyMrjaCAep4yPu459OCCePTVjUFm3YIC8DhcsPu59x1AHccjPIy48jBwABz1GRggE9zwc9RjI3H1q5HcKp5POASWbOF4xnpyc4yOc9SBmuKpGTd1dN2fWzVkrW7bWVu2mp2wnGmoxbjq0/Xbp0t0v5GkJVXCkkjbvyACVPQng9Tz8vbkYG04GlypCfLyF3Z5O3knrnB6H198jOe1ymFY8DdwpIOccYAOARyBj+LntnFcXSYY5wSSTjjnOcc8jJPQdwPpWEaUpaONrvq7r7Lu1to7rRX6t6m7xUdUmtlqmrbLfW173dtL9LWbNNpy33Qdx/i4GAOgAz90k9iAcnnrVQzOTxgIVbdkDfkLjGenq2D17g1mveBgRgqFA5PAJzzx1wO5yAMZGCMCubsgNh+BnkdWHPY8Zzzk4IHXFdMMG7RtC9rX0vdtRbXVN9PJK2mqOOeIXM9eba75rJbW7u2vXW+ltSe5mG0sOMfeJPAwAMHkZzz6cDBGQMY00wCbVwcdAMEc55JPvyM+hzzgVLNJv4DjGOOwB9xnpnkHPX0wBWfI4IZiOcli2STxnIHOSG4ODyT1GSc+phcPytNp3vt115d9OjWit5PVnkYvFOKkou6s+u+qtayel+i7bW0KszgnauASOSQMDAGeDlif06EHcMVmyqrk5J6D2wBg9McjBXpgDjbgZBucbicZ425X5iSe4JPXOcggqPbmq8jKpJIGc4JwCMYPHcDp0/GvWhFx001/Fq1l57aJ73tZny86kqjblayadm3q7rz102t132s6UjEjGCT2zyQM59weeOVJz7cGAZIIOSdwyPukA9GyRgc5PP1welW2UZ3LyAMZ+bIyMZzjnBJJAzkdjxTNvBx1KnJbHAA6cD0JxjjOBgYGdbvRKL16NytdNKWml3pfe3W9kkud6aW7dbRurX3sn+L118oVxnoQBwWJGTnGf4skdshexHI5MgHJGCASSAvB24yuTkcEnGQO/HSpfLAyMdQFHHXOM5xnJxx6HsCRQwA4TpgA5wQMcE89jnb265B61om1o23stdXpypX3vtdvRarR3us5NtPpta1m9Ld76ad772toNUMNwLEnCkgjjg884ABHIAGOepORQVIyR0G1lHc8ZJ78jkZ69SeBxIAoBzuA3ZzxwQMc+/oDgDAPqaeuDuOD17EDIAwOOCe2AOQcHkA4pO6vpr6dWuvrFL5GE5tNPy212vHqrq7S3tFLm0bkrlF1L5wvUBQFyM/MM8HGccEkdOOmMVE24A5yVHYrwMNgEBgOMqvPbv3rSwDyMdSQp4IUj9QW69OBwCKa4V2JY5ACjj7pIGBuxjg+ndj90HmtIzXdvrq79FZdL/AIW9NSIu/dddXe22ivq973tZPuZ3zttV8ZVW54yN2SQRjjGep6cgZpRuGFJwCc8DIwOnLDBBB55OTnOeQbZTLAMAFGQwQDoc5BJ6hj7L69DilZFbqcngZ54zjGRnJ+Uc5JBwOwqvaRWt9dLK+qd4pef477aLSeZXuvd9Neq8l+qsrW1sVlByuSRjrjHzZ9TxzzyT+BxwZWBf5QCMYG4544Geec8nnPvgkmpBGOFJHU4APCgA4HX7vbgnHHWpFVfmCgkt8xO8/KOhzuIGFB6Anv05FRKVmmm3pe3ZXjdLVat7tp2S7O5eqV009r+9q3ePf8+z3tdFchgpJJClhg45I5GTnDc4wAccYPORhMOdxAOBuCnH8efXgnjBx0weegq7xjBYfLgDgEEKOO5AJ9ASBwRgHFNTk8DaudxPXcM8DDAcg5zjO3jHBwZU9Fpd+e1rJJX11dvP8bE7pq172620tG6+dkmtd2uhUKvxkDqCSByTnPGT0I4zjggHtinAnnAIGcHnJ98njGOpI69sdattjPQ45+bPrkEDkfLhhwfm4wO5LRtbk4wMjPAznjkdgOQueQcHHeiLkrX02buujtvb9H5q1xN6KNmpXWmn93S172737JNN3IgCWznAGTlQBlR06EggnkYIOQM990seABkYyCefU4PIHOW7AcZ64GBSHaR97AOACMHHrnBPc5zzyASO1PU5KseBkkcfMeMYIPRuOOOOc03N2drNtpWt1ul5+nyvp1mEW276a82llfVW26qLstL6dtRV5A45Ixgjndz09zjjp+XSynAOeQVwAAMYyOD1OO5JIAzweuWxhcElRgZYdFJboMehHUkcnjoPuWRswCwUsEyCcn7xH8OcYG0ZwMnHHUZTk07PRpXbtZ20Wr7a9e133KtJLdS2SSV+iW2t3ppb8dbsJ6/3m5POei459B2zgk44qNYzksQM5J5Od23HTqQcYABA5yMZq1hQikjrkEljjI4wfl75Ugf41CG+bkZALfKSM/LnJDYPBA6989DgVlKemivdR23+y1te/e991tbUvllyq662u9NrW0ts+2l7PZWPQPBBCx6wyj7tuxxycgRSYHvuGAT1OQFwMV/C1+3Xq8l5+078V7dLQMR8Q3DSnGQTNtBwCMFSB15I+7z1/ug8HyBLbxDL18rTpZWXuAqOv1yAck56HJFfwt/tsaZ9m/aV+KeqSajDul+IAdbEnLSb5s84PDAYO04POeRjHn5TySzzHSmpcvsaN+r5fddtbu97O/n1buqz7m/sPB8krP28oueml1pf1b73s9PPzuWHR/DujajqEkaxJBG8rnB33c7xDaisMlhuH3eRnqoya/ZH/gkFpun658Hfih4z8WX8Gl+EtN8aLe3UDSeTbTGwgWcJdAgLKGQgLDjMjkAK3SvxR1OxurnQ/Eesa3MrJbW7tY6fCVWGFhGNskwwFZjnIAy27BOOK/cD/gjp4Kk+I3wC8QRaxH5XgLQfG95rmrwxl418Qapb2qPa2Nyqf6y3t2VXeNspKDtIwNo38QZSr8PJQXs6Sq0XGKS95RqRu3o07JW1s1fzV/K8NIQo8WTlJupW+r1XzJStGUlBcqbWyTT6K2h+g3hLSfEf7R/jey8W63bS+Hvgvpd2V8IeF5AY5PEV1pl0znVtWg4zayKn+jQupRVZWAOc1+kthaWsdtqUNnDFbQJHZ2UEUKqsaRgKNiIFCgLxwAPpjOfCfh3YCGx8NmOGOGG8u9Ukht4EKRxW6vKkUUcYG1UCAABABgAccEW/HvxK1LTY/wDhD/AlpHqnjrVbxCz7gdP8M2qt5J1HWJVyodBl4rRjvkYcqF6/hHJBJu7Seje8m7KWrvbXdtJ2vZPZn9FTi5PV6v8ABK2z2t1b030u9Xr/ABk+LNl4Ki1vwh4Xt4/E3xI13RotO0fQIGVl09JI1E2r600eRa2FshMh8xlMpUqucgH5/wDDFjpPw18NS+NvFd7P4m8c+IPIsTeRJ5uq67qIYKmi+HrZQxs9Otm/cvJEoUopkkJJJrVvtB0X4TajqstzcXPjDx/4l0pJtSvWUy634i1G6IMdrCqBzZaTbyMBhSkYiTcSNpxz13NbfCu00rV/GLyeLPi/rZK+E/CGlqLkaFbXzgR2Nja/MtsRvH2rUpFUj5gkmRWErd3Fu0VpsrKySfk1bXRrbXXqjFxjo7aK1lorKK0T667t3TTW7dpLryfDl/H8TfjBd2yatYxFvDvhyMLc6b4aN0ALKwsbL5v7U8TXBZFaQJL5EjZONpB1fBXwV8S/FzXfDXiH4xQzaF4U1G8uL7RfhqJ3F3q9nFL9otdW8WShsyCTCOlicoi/KyrXZ+DPgdrMupWXxD+MZh1jxjdXsLeGfCasZtA8HQSssiSeUQVu9WCYMtzKrsj7lRu9fQetaolh8TNNWRiTpvhV3ADHiSa4ERZRwAvzccDAwAAAKJXUHFO8pRu9F15dF0d7O2ttrXb1dNSnK+0I6817Xs0rvRc2lra2s9E7noukwWWnGLStNtbSw0+3vYLSC2toVihht4ozsjijXgKqooB6D9VzZpIxb+LLxmWOL7cLXzZGWNGLQvGo3MQD8xUnnAHJ4Jz5mfH8Nnqb26pNqepvq0Mdjo1h+9u55ljIUuq7vIhDE7pZCqDBycjn4f8A2yfjBd6X4e8W+BfDniWTVfixPpL6pD4V8OXbDQ/A8dxcLB9r8SajbvmTVHSQrBYlyzO2NoIAPg4vG0cNJR3m3GKhHRq9lzSbl7qu76va29z6TC4CeISbfLFpNSae8bP3Y311v91r6JL7f8VfEK7g8LDwp8PNDuvGPiWK0jivLyEGPw/o7tOqs95fgeXMF3bjFA7SE5+U8Vwnjz9nlvFv/CA658RNbHiHXNJ1nTdZuoLuQW/hjRLC3i3y28do5W2uIYzjdc3ak/JknG2u+8PfErwX8Dv2c/htcfEK8t7bxDqHgTw3dnwtp1sJfE/irWHskeQWukxqbue5uZsLJczRFEdt0pABA+avGfg341ftM6tpfiH4s6refB34Hw6ZPqsPwy0e+Np4i1mwiwILnxnrUBjawt5YSGktLSXyghZZl4OfLqOpWnGak7z5bRTV7XV79lZdLN9Ox6WHiqFNpR55R5k7vV7e8725Yq10lbT5nSfGL9p668Q663w4/Zf8IWvxF8Y6Nay2mpeNChj+HHgNYiIZLi5v4wIdVubU5eK1095gCArrgYry7QPhh8OfhNeal8WP2i/GP/Cf/Ee/sIboeJvF8aSQ6fdzlXOl+BvDw8xIEibEVu9jb/a3GC5IJLb2vfFfQ/B3hYfDv9l/wbp/iSe206O1uNZ0y3Sy8DeGJUlWKS/1fVUUDV73d88otWnklk/1pyTR4a+EFhBq9v4++K2tTfFH4gOumtDe6vGv9gaB5pGLXQ9FO6yiWFiBFetGJyq7iB39fC4ebW7vdX7JadX03vd699jw8TXp86T9+Sel7KnCyWiSWrW7d976panjeo/F34o/G74k+Fh8PdE1L4WeD9A1K80WXxtrcAXxPq9lqGDINH0qUL9jt3RR5Ul1Gs6qdycgGvsrwR4B0fwPPPHpcM1zq2oR3Umo+ItRmlvNb1OR7aVpfPvpSZlgZgXW3V1hTomANteCaQ0t58X9TEhdlTxjFH3CqI42xGoUbQgXhRjAAI7A19eTRNFPJcorjZDeB2A+4q2k4b2AH06jGO1fQfV40aEHrzWV2/il8MrLe6V92tNeh4rk5VKjcnLSWjb/ALt7LVO2vLbquiP4v/2mLaK68dfGyzRggXx3qrzPuO5vPumUjg5OQpGO+B7E/KKRaNZGG3vZLe1tfLjObhgrMIxyFB53HJJDY9ssa9u/an8TXVl4w+NP9kILm7ufHmrjemZRGEu23SAjIBQbiuSADyOOn543sur6vdxPeXNxLIQuEZmJGRyFjTt6D164r9owHLLC4VKCb9jRjJ6Ky5IXSdkl3Wu61P56x9aUcbilKb/3qo4q6s7TaXW26tb8j9AvEf7QPw60z4QD4feFNIe+1K7Ji1VGtoYLAMm4tcebtWWWYgqF3blyF9c1+gX7OIi1T9kPwxf7CszeIL5okK58tNq4QAcfLnpgHgknoB+EV94b1Cy8Ny6pPO9pE7lYlf8A1jMVABwWU7ST977uAfQEfup+yUWl/Y08Gb7xHd/EVyiFSW3AKPvfeA7gk9B0WubFYSjgauCjTU71sXCrJzlzNzd1u7Wsl0Vuj10PTweMq4yGJlNx5aeElGMYpbJxs/XzXdLfV/en7Hdtu1S9gmeQxrc2UPC4D/vwewDHGeFIyR2BIx+GX/BWuw0vVv20fjLs8qVhZ6VDCsmEcSrBGregVz1O7j+v7gfstXctjrMCeasa3XiSwQj/AJ6rHMGZGwMDIBJ28k8DNfz5/wDBS7xU2r/tn/HO4SIB/wC1/sKyADYjWsKcjJPX6DvgjrXy+cRcuLKakk4QwPNfq5NwSStfZP0830+zymo1wfJw92o8ale+yaWnm9NO/Szat+Xdtouj2Hi3TLfVGjj0kXUE+pPyCLZJA06A4wCwBXgjd0GeQNb4+/GW9+Ket2dlZ7bXwb4Sto9K8MaVHkRRQwokTXUicBppthJYjeeRkcmuJ8RJLLJKjyl5XJP3sgAkkg88jvwcDPAPNcAbd2kMWD1z90qDjjBZgAoJHHT371wYrDUquIhVlFydJSjTUuW0XO3M0ukml8T2V0nbRdeDxleng5YeL5Y1ZRlUadnJRStFtN3Sd3017mLczyqpd9wxgLjGTnuQQOTyM5xjpx1w41luLlUIIVj93AOeW6Kuck9sc8cAEV2l/Z77cggs2wc4PDcnqeCVH0z1IUjmbwfpCT6l9quVC2NjuuLh3GUYgHYi5GACf4Cp7nqCDxySpO9/h97ZXb00Wi3s1v0snZMqFZ1Gou9rxvbZL3Vdtu10vRXve257n4Lew+G3g6TVp4EuPE2uB4dFtmUM8fmqVF06YJxHu3RqR94AjHBr1L4N/Ci81e6PivxUkktzPcGaCG6B3yyMu4TurjgKCPKQAjGOh4PI/Djw3N4/8cW1/foo07TIke2tpDiJUQgRAKSFVpGG7G3G0gHOCR+hlpp8MOmXDQQxvPEbZAkSgRwJsVeMbhztAyD0B6jNduTYP63iva1VzRi97K11aysr2UV5a+p4vE+cvAYJUaCUZzi4ro+V8qcls3J79X5LW/kt9YOZlhUNBEz7Qo5yEYAsAAMrj7xAAA+leSat4fuW8ZSywrG0Lw43AnAA4bIAySSOSAO2F5OfdpNiagrzFkMTzbS+NuGYg7BnuSAuRxwQAa84F6ZvFVyI0DKqqgYqDlVJy+DwuepI5yM565/QJVI04U4Ncqg4NJdk1ZWSd9NLK3Z63t+S0FOrVqVW5SlUi05X11cW9Hte67Wtv0MqytriESuloo+yhhtwxDAkjd/dOM/xYB+XABwVnvBM8CyXKmFCNyBiFQgHcSRkjHygEt0xkjHTv5LcRzW4icETswl+7jDN/FyAFHRs5IJOOTivUrf4TQ6joF9428d36eFfh3oFtJLJql4qx3Wv3K/vY9L0WFipmeYgI8qKwVTlm6g+HmucQwtOpKtUUFL3IQT96baSSjHd6bWva9npe/0+R8P18fiaNPDUnN0pxnUm1anGKcXJylfRJK129Hffc/sV0D9or4Y/AD/gnN8C/FPxH8QadpenN8LdDgstFnlEer6/d/YUaO00q3P7yQvIFBn2+WAGDNjFfzH/ABV+M/7Tv/BSr4xW/wALfgp4d1JtIeU2VpomiebHo+haQZsLqXifUYcQiRYcSyxzyDkEJkYx3/7Lf7KP7Uv/AAVLv/CVzrWp6/4O/Zy8BQ2/hnQvEmvLMlvD4f0w+SmmeFLByIZ7ySBVWS9C4DnBfgV/SB44+FHwa/4Jh/sX/EG8+CXhfTtJ1+DQhpKeImRG8TeJddvY1ge8vL91Nw7JukuEt/NwpHyAbePwXEVqEMwlGC9tjK1VKEHtSdSUWufW3Ne10npbzP6Sp0pQwEFKXJRo0V7SafvVHGCTUdPdjdb6OTt5M/BL4p/s7fBj9hH9n3xN8KNL1vSfHv7TnjOPT/8AhZni9RHcx+GtGnTzJ9A0l2D/AGZ1bKySRlZWVWycnj81rTSrnUZrDStHtpribUIfKjgtomlubiR/kXyY1DSD5znJBAXk17XZReOPjH4mv7c2Op+JNe8TXSXuo6vcl5d9zLKZJZdQuJCywpCGO1HIAVCAp5ruviN8YvhT+xvYR6L4djsviR8eruERW8cKR3lr4duZl2og8kOhkikZVRFwTg5Hdvq4ZrR4ewk6CmsXmGIbm6UXrdqKbn0p0o7Xdvd27nx7yfFcSY2Nd03hMuw7UXXknqk17tO/xTa2SvdddbH2hqPxn8OfBb9mv4eaJ+0prUek6F4O06U6R8MdPuIv7Z8USyKWt21NEbzI42bbkEY2k7uQRXwSfGP7Qv8AwUA1Y6Posdx8HP2b9IJiSy0lJLI6hpcbYjhZ0CS6hcSxABlO6EMSS20isH4M/sq/FD9pDxZD8Z/2l9Q1K9N/creaL4UuZJCskLMHgW5tSQlvap/BCij5VIZQDgfXn7RX7U/wc/Y28JWvhbSZdK17x/DamLRvAXh9oltdKYxfu5tYaDC26RkqzRNiUlSrDkivyXM86xGKx6weApvH5lWnzSdNc2GwbnKLlyr4bwv8crpdrn7TkuRYXAZcsbmE1l+X0oRSVWyxOLUYqMea9pJTS0hHV3187ngnwR8Bv2IfAmteMdXn0jSbWUC3tNQ1doX8VaqsanfFp8bE3Ia5Zj5jRKFAIJxmvyO/au/4KVePPi+154Q+GYufh78PY/MjkkgkKa7rkRZk8y5uE2tAkwbOxGBYE5BYV8PfHL9of4g/HTxTc+KfH2vXGpSmaSSx0uORo9K0a33FkgsrUYhXy1wjuV3SMNzkkivnK+1Wa5bdG5C8mR22jPfjHUDsCSD0wpGF+syPhKFKSxubSjjMc/e9980KUnyu0Yu6dnZczVrW5V2+Sz/jWpW5sDkyeDwKvD93aFWqu8no/e376Wvqjp7nU3kkaWaSVmmlaSR3kZ5ZndtzSTyElndm3EsepOc4BzmTX6KXUbSsgIYAjnGeGbA4HPQnHIzmuQku5ZWyHDKCoZ2zg84AUZ5OOhH4jjB9C8E+Br/xLdC4uJk03S4Tme5n4eVARuWFW5LEAgYyQepAya+4jCEI8qjFWS93bRRitbaXe2l7rS+6XwDqznKUpu7crvn1bbS1bd9Wunz31Myxt7zU5orCytpp3eQIFiTeQXPGWVcBSepJHQ4NfT3gD4K+dJb3niORY0VkMdoWAQucH523ZYKu3ODknjk5qPQbXTdE1FNL8H6c168YVZrxoxJcSYbEgAUFiXJAXau0Hjhhg/rz+yl+xnD420yH4tfHbxhZfDr4faRKl+LHXsWLalaoBIQrylEeFwCHSIGY5woO75fNxmKp4empVJ8rbtCN05N6Wik1rK26teyV9d+rBYOvi6vLSpucYtc0tVCCXLq3slfW10018jyv9mv4D+Ivir4+0vwT8L/CWqa3JlIzqVhYOunafKD+/ub25CCMLCGLiN33MegOMj9tvjh4L/Zt/Yb+GHwR1bxH4rtfEnxW0fx/pPi7xloD3UMniXVxpUkU6afBAjF9P0+GdBtkfYzYxyuM/n98X/8Agqr4Y/Z607WfhT+xloOg6TDOHstR+JyWEaSEIhhkbSN0ZnuXcbiJZsMuQQ+Pmr4c/ZdtL/8Aav8A2jPBmo/G7UfEviDw34m8ZabpHjPxJqdxPc399a6zfJCbTT2kOy0SWRiAYyoRCMHOa+QxWFx+ZVVia6nQwVJOXsteeqlHeevLZ3bUdLO9kz7PB1sFl9NYelKFbFTlFOaa5acnytK6Wttb8vV77n6FfGr9s/8AbB/4KR/Eg+BfgzoHiCPw3c372ujeDvC4nXStPsJZfLhu/FOrx4icJGQ0sc0gXGQBk5r9P/2QP+CNHgX4VXWkfEr9p+8h+LfxQj8m/s/CbgHwd4aueJlWS3JKXtxbu21hMrRMyk4xiv2f+E/7O3wW/Zf8GweFPgr4E0jwho0Uex76G2jfW9Sj8sESX2pOv2q4aXkkPIVViAMjJrV1DVFkOYVfLuFU53Fs4z6gY9MYGR74+fq42nSg8PgqcaEVdSn9uW123a7vZ3avt7zd7v26VKpVcK1d+0WnLF35VpFq0VpZWTd9ZXWxyc9jZWFna2lva2VhYWMQt7DTLCGGy0+yhAwkVtbQqsSKq4AAUfL043Z+RvioJT8Yf2WonUKr/GK6coCT8o0dtpPqB19j+n1ffedJdGIrJI2UKDaCitu5LHIUDHUkgLwPl+bHxH4x8YeGvEH7Tf7PnhLSdfsdV1fwx8U7q616KymS4g01m0ZhHaPLFujNwF5ePPmAEh1BGBy0PdnCpa7k1Fyf8zSvbo7W3tre2q1etaXNCVNziuVc3JZJJKzeiS6667d+r/UjVhu1K+bkqbuUqQcYOT0b7wAHGOQM5yoBzmyRgAps+7yFAySASd3O4nPIYc8nHtW7qiA314QeGuZSenODwQeMjkk468jHNZUkZDsSRwp4B7nrgEHjHORn3HAA92M1GEI/D8Ku00m3y3v30fXS11qlp8zKKlKVkm5eXR8u60dk7X110u9rUQoYo2CAT8y5GAoIIAA+8uMfN15PuK73wztbU9PcgAC5RCGxg7SMHjHPTO4YGRkFs1wq7UlK43DA+UEdSQRj0HuAcgYIGOO28Pt5d5YyL8uLpCoOO/OeB6kZzk8L07cOL95Jxa3i32bXK3rfZeVrO97Xu+zBxaWu6VnbXVfaT00eu17b6Xd/5E/jJIIv2xPHKpgi4+KnjCWQHgNs1qOMMc/xBXwBknJPWv6vvB1rs+HvgNFGAPB+iKM7eN1qpzwTznuc8Hjnmv5Tvi9o2pap+1z4oXS7Ga9vp/iR42liiiVpCyL4mtwz7FBISNSSxPyhQeeuP3p+OP8AwUB/Z+/Zn+G3hvTdS17TfGXj/TPB+mQP4T0a9t2j0+8t7NVY6zfbxDbrG6t5kSuZsKQI93FfS42olgcDGzu6cFyrR3cabXLo7XS10d1bueHRo1KuNxfLBqMpNuc7JJ3jf3m7a37qys+p9qalLpmiabdanquoWOjaRaI011qupTw2dnbKg+fzbiZlRcAE4z0xwTzX5Aftaf8ABWT4V/Bey1bQ/gzBp/j7xRZiaGfxVqMog8LaZdEMii0XPnalcRvjyvs3mRO2F5BzX5heMPjr+3Z/wU78Wt4V+DfhHX5PAwu3gNxALrRPhvodq0hVLm+1GTyDrjxpy8TmUkgBVIzX6E/Aj/gj/wDDT4A2On/Eb9o2/k+PfxVtyt3pfh2UfZfhxoN+oEyrHZyER38dtgmVrhCCQOmTXnSlQwsY1MXU5L8rjRj8cl7qv5KW3W1t1oj0qVH3408NBVqraTm0/Zw2u1p71unTTbofnH8Kf2av23v+CrPjC48d/EvxL4i8GfCOMzvN4x8Q2sun2j2zBpPsng7w5J5YmDx58q/8goVG7dX4reM/2ZfBPg39pb4t/Dm81LVPFnh/4feI9V0Ozv7+UxXF8LBwEmn2EqpeQsSgGMBfu4Of9Ab9nW38QeKIfFPjTUdWe00bRLTUNI8L+HNCs0sfDumafb2cokSzghjSHZCECKQhC/MOBjP8OHxCVdV/ae/aR1NZZGS58fa86TM2/wCWW7cFsgbWYsD7cHPSv03wbjRz3ieOHxNGH1Wkk1SlFSjJppJz01ulZ3dt9T838Zcficj4RxuLw9eaxUKfKpwfK4SbXwNPRpO1106GN4f8EfDrQhCNJ8NaDbO2SJLiGG4lcAD5t0iEqWA6nHUc5zW5qWvWNsjx2Y8gJsRIrdVihPVdoaMEAZXGSeOAQSec5dAHmjBZoxHgBCdzSMOp6AfxEAdM8kcGs3UvDNwFVYySQS4Us3PfqMKGPI4OOwBBOP7XoZTgcM3GnRpU1G6SpwjCN1y2+Fd2kn1s/n/n/X4pzfMKcnVxFabcvenUnKcm7pL4rqyfvXv0St2dceI2TEZQKiqpwBuPzHBO7P3myMnPXHpitTStcCCVlkaNgd8YX7xBAyBknJBPUnK/UZrlm0G7RWMqOVIRsAgrhTgICWGCcDlTgdGxg1uaPoUpVnaMAguV+bA2MvPyk8nAB9M5OTya9ONGi6UoqCUXbyXLZPdWer16NpeTPEeLxn1v2kpzdoqzd2tbaJxWyWiuulmN1fxXd5ALyFGjb5U5UjPAJByDz0yOemDjHzfZ3CzftLaBeOrqz6Ew5C53YYAgHIGAcegHfOcfQl94anZy0Qd0VTIxUnIOTgBcgFRj6Ek9e3z1DYS2/wC0loSSmRhHoZkO4hSAA4+YE/NwSSAMdO4FfN53HD4eOAlzRhbMcM220tOZO71bVtH0to35fd8K18ZjFnEXCpU/4R8ZGKhFu8nTikvm7JLvdH13quZYJFhTaFf97h8Kx3dRyAM9OTweRxwOKTKDBdSu8sgUZbOSoXcM5J6gnvwOM16FqMtlbIwuruztkZC7OZFAZhnCEE8NtPVccjIzn5uEfxP4N08Zub+O4xIZNkK8Lg5O12+TG73ODnPTJ0zDijKMA4qvjsPC0bte0jzNpR6J30Vn8lrqedknAnEeZRlLD5VinzSVpSpSjBxTvZN2Vtnq7bN9Cf7HOQwWEhZNrMCFJAJBJI+Yjr2HTHH8Ju2vhi9muIo4oWZJPmZmQozk/ewSAOgOMY+mAc8Jq/x+8H6ICscNsZVLMLi4njcEKcKpCFjgfe6AY7H5ifPde/a9g8trbTnSR8KYk062MrbguM72QA8YGMjgHvXx2L8UMlw8JwpVpVmpXXJFtO1tFfR9LX+e5+kZb4LcQYmUZ4iFPDaRvGU0mn7q15U1u3p1bauro+m7nwtcEQx3Dx28Chtikrlwp6MwPy5AxlgDjoeapXOkWFihd7+KJzllhj2yghsDgqXfdk5AJPsPvV8R6v8AtB/EbxKUtNG8Maxd+aF2zywvEcknoY1w2f8AaIxgY25IrPjsP2i/Fh8hFOh2smCjSph41OBgPw5APBDZPYE8k/L4zxfqcvJhcK/KVRpJax0drt6Lo7aa20Z9vgfAPDcyq47FOTdrxp3T2i0ryVrN6ba9tj7Vm1TQdPijeW8gG1sPNPOsUYJGG8xWOeGABGM85yvbm9V+NXgTQ2kSTU9FaWKEq0sUokVJACBtCkl2XnnnPOOOnzHY/s1+PdYkV/E/jPUJldmaW3hlmaMljztBcKOVxgDqSORXqfhf9kvwdbF7jUEn1J4/mc3lwyKz8HdsDEEcEEHjqT2FfHZn4kZ/mF4QqKhG6T5Elpb+ZJa97t9NNj9DyPwo4Yyhxn9TjXnG15Vm2rq3R6WXZ6p9GkkeUeK/ih4M8R+OdJ8XGXVNZvNLtpLO1t9Pt2ERO77zKqj5GIA4yS3OAcmujh+K/j3V0a18JfDbVxbl2BkvZbm3V2yfmJwo2HIztJAJIz1r2bwb4A8JaZ438Q6daWGnJbWdnaRwlLdT5MrINzK7rz0O5jyCMY24NfRFvp9laxCKCJTBGoVlRUUMAR0IXAAz2OAOcY+98pDMsfJznLF1oyqycp8tWS5pPl1smrvo7J2u0z7mWCwNOEKccPS5aUYRp/u42jG0XFK6ukvJ+du/w3BoP7QniQyM8+leFoWG1EES3V1EjOpwk75kyOcEckjncTkbum/s2eLNdu0bxZ4/8Q6gZWQywRzvBbMrZDKSHXaD2YnH4Hn7Sm1Dw3oltdTahf6Vp+FEiNeXUCv0JHDOCORk/KST128k+Xav+0r8IvDsijUPFdjdeRxPFaAM7OpOFV0z0P8ADk4x1PWspVa05cs6lST0fvVG7axvfpdX0vp+BajCPLalFL3dFFK+zvez23u0nv3u+e8Pfsn/AA9tJd95pj6nIjKn+nzvI7EnkDc2Cu0sctxkqT7ev6R8I/COjTx2mm+GtMij3hVkFtHuVUABUO4G4jjLLnPHfkfL/ib9vL4c6ad2i6Xfam0cjjzWIiU5AC7V4bBPfr1x6V4L4n/4KG+LbkGHw7o1lYxLvEck+55Ygc7T0IJ6EnJHQZ5yORygt5LdqXM3o/d9bvTrpqrPtrzdFFRbs76Wb0v2293XtbbQ/VRNC0yzRY47ZU8vdEw2qka5I5BGAQQPmPUjIbOTSXXiDwtoKKmparotqImOPtFzApI4y7bnGMdMDnjHA5r8KPE/7Xnxg8SO4l8SXFtAwIMdmnlHkYOzaAcHKg5wR2xuyPGdY+I/iXWmMmpazql3KdxLXN3M46gE7d5GCD07gDcARgH1iK0vvtZta2Svdb7O1u/W5nKUlfXd2ervsrWtbb/KzV0fvX4l/ab+C3hOSczeJ7e/mYsssVkBIwxzsVgCBtPQqcH16Y+dPFP7dng6y1JdQ8P6PdX0aWUlpEkzgKz8/vAnDKvTkjkHkcYr8dn1S5l3MW+Zhlj8zOSc9yR82RxgYzjJAJqncXjRrEwkLMSQyszFhwDjAPsRgnnk7sVk8RZe7GzT33u3b3n3e22m/wAlzOUdm73T1tdade2nfy7n6PeJf28PHt2ZI9Ds9O0uOXhWYmWSNf4RjBGQvr0bIGPmr518SftK/FjxC9w1z4tvkjkLBorVmgQgEjA2Mo2gcAgcjBIIr5mTU4olOArMVAySTjBJzyQOD05GQeSOtRvqLuBsU5wSDk7iTj+EDJOerY5JIO7IAr21acvdve2yVtNH0stNLaaKwpSST2VnFp7P7Ls29b9Nu+p2mo+MfEWqPI+oapqF22CW+13c0i4JBYAM3HBPqQcYwa5qS8kO2Tz8O5yxD5PGByCc5xj14wDyMnII1O5J2xTMSf4VYdcDJOMcfNn0GOvNadr4V1m6AYW7qrD5Q3y7gT8zegJ6Z/XNNUsTUd+Wbtrd+bWl1qtvKyTMZ4mEbc1SCtfeST+zo0nfyttborK1Se+DlmaYuV7sxPzHtjOMgA4PYexqn/aGclQCMddvt2IHXOPfdjPFdtB8OtRyxmkiRAqsduXZVJOVHJP0HJJIIOOvV6d8MrIoslzdOTtywI289duOB+Q9Oc5ropZfiJ+800no7vV35bd7p9rJ9Ls5ZZlhofai3ppF66Ja3ut+12tm338YF5KfupIpb5SQxJHPTn69flz0GasRWmr3ZAgguWJOMBMA8Y5GBgEnOcdB1Awa+ibLwZoNqoAgjZlI2sQCGPB3H5sY5OQQM4HB6npbK1srFC0cKkFiqlYlyFGc7ePfPbpnNejDKvfXtJ7pe7HTs0rN6yevm12R59XP6KTdOEm20t9dOW7t067c1m5HzbB4I8RS4ka1MCOFH70kMM9dwfgcc8HGMewr1n4O/Ae4+J3jS68MXWoLpyWdibyWdEDswUhQi574+6CR24wQB2+qagsqGK3TcUG4FlXptJ/h5J7ZAHoeeK9J/ZlvDa/E7UZhuEjaJ95SQc7/ALpBIyOME5A4HSvWy7J8JUzDB0asVKFWtCMotacvuu3Toloney9Dx8x4hxVPL8dXorknRw8qlKTS92SUdb6p2u720008/YvD/wCxN8NNLkjl1vUr/VmRA08G9IlBBHDYO8KygdBzuAwM5r1jSfgX8HfDs4fS/CtjK8aby1/iYdOjrIxG4nGBkHB6McE91LLeXsm6LzBLJjzgOCEGBj/aBz14J98U8aXdPPIxYJGQodmYl1IHU8gdOoP/AKDnH7JheHMpw0oRhhKMeZLV04u+kW3rtd/N2vtqvwfHcYZ9jE5Tx1aMeZO0ZuKSuktIWjZu1uo+yTw/pcKQ6Xo2l2Gwli9taQxjHZV+UE/KfTvz14e/ihVkEMavLGqbkGxEXLbhzgbiwBxgZHYHPSP+xfNTzBIZD0UkEEggr8vJz1ABOfbOCDImjwKypLHOoVCV+Xb19XXhhnHT6knIr0lQwmFU0o0qaja9rK2qstLWtpZq1relvKWNzHFTg3LEVubRp8zte2vVaX67/Mrx6zPK+1Au3YzqoAABPTcT0kByMdOeM9qF3Le3atD5jsZNrYJKAYwcAg/M3bK4Ue/StjZpem5a/u9PgVQ6q8tzGiKwwV3hmBzjrgDaecYrl9W+J3w40SLzdQ8SWAljYqY7dvOJjGQANpYA4zk5529BjJ5a2ZZVhkvaYiknFJ/GtLWV1Z2eiu11/E9Glk2e42DhSwtW0nFq8JJX91u2ya23V9r6hbWU084R/NZ1ifI+4FKqeqjAOMfL/ERgt0xWhJpUkjRngSnAHBC4AOSxXI6dzxntxgeIax+058PtOleHSrO81WaM70n+WOOQgkBWLDcc5yRg5B4Jxxwc37UPjfV1kg8M+CWEZZhHNHbXE8hZ8BTlY2XPXO5gADnIIweKpxdl8XCNCVSurLSlBzt8N3ZJ6t6JX81ojow3hzmVWlN4p0sK5Su3VnGKV7cz1013tr5rt9RPok0dtdsLdldLe6JkK/uyoiYM2G42np+IJr52+Btzo2maf4sl1HULawim16Y75pY4pWZJW3HDsGKgghmUZA4HoePvtS/aY8a2M0sVjf6dZC3laZmWOyUQqjO64BRyCmeSAcAc+vn/AMJvgV4p+LFnquqN4og0Sw02/ksruF5JWne680iRwN2xwGLHJ4zg9sj5PNc3xmPzXL6uGy/EqpTVX2EasfZOomoptc2tkkm3fte2y/ReHuHcryfJM0w1bM8PUp13RWIlRkqipqLulLlbs56pbvr3Pr7Ufiv8PPD8pNxr1rcSgFXitx54UbcBkOCB6nB65I5znzjV/wBqLwjp5MWkWj3U0e4ecxXYVJIG5QNx+6CMDGMdfmrd0L9kDwJYyiXXdf1XW5Uz5sUYWKJgMNnevzheTwfmIy2R0b1jSfgV8I9Ew1n4Rt7mRAoWa9aSfdyCS4lJ5O4jPRuFJBGa9uNLirFpJyw2Ci0rKUpVJq7WjSTV7dno7q7PBqYjgnAcyjTr46orfZ5VdtaK9l0v8+vX5Om/aX8cajcAeF/C9zLuDCNorS4uBvJOTwjpty3Azxj8447n9p7xy0htdP1awt5cHLhbFERgMMpco2OeOhOPQV98afaaNpMax6bo2mWUaoQEtbGFGVicfeVc8LtPUkZznNb6XLkHHmMowyngLknO0rnHHA+7nntg1p/qxjcQ74/NcRU6yhQXs4tprS+t7bvzV9Nzgnxpl+FTWWZJh6bikoyre/JP3W7pJa9dHr10sfn1a/sw/FzX5En8T+MIdORvmdJrueeVgTllIErLnGQMHr0Yjp6Jon7HvhK3CzeI/E+p6ox2l47ddkJ45XJ+YYOTt5IIIxljX1lNG8+WYOJX5GchQCQxyqnoTx/vZ7GrK5SNE2vtdhlMAklTgEEjPUduvHfAruo8M5RRcXUozryW3t6kpvTld+Vu2u+3lseZV46z3ERkoVIYaDXw0KcINJ8uz5b7dW10s2eVaF+z98INC8pLfwvFfTBlIuL6V5j8oySUYFevVcN2BAzmvUbbQfDelosOjeHdIszkZeGwt0ICfdYMEDgDjJA2jHqBVq3idfl2ksWLq6EAhc4CjPGR3wOueDgVYaGaQF4ySkfOAACSQAWXHOAT7AgZ+bJr16WCwWGf7nD0aa3bhSir7b6X6Lv+J4tXM8yxkeevjMRPW7ftJtbX0i2lq1a/rtZspSyzM+xpEjjDeWEUFAVUFht2gDHHBHvgEg18I/Ba2W5/aK8WszsWjuNRw5J4zLJkHqNoz16c4OT0+95kVWgiIMnc5IypPIJGV7gdTycdia+EvgpGy/tC+L1HBe81QLgBgFEjcnJPPOV4xnPUZFeDn7U8wyOKS1x8Ulf+4r3WvRrSyd9EfV8KSk8v4icpt82XRd3JvrFyT9bWa3230PumK3wyyr8rpuwApO4Z278jjAHO7OO1b0NqwPmPJ8+1djKuQFOPl44/pnpxgVBBl23lctGDGvQAg8MR7HOAM5HGDxiulgiWOMgxbgyggsW3FjleMtnaCTggnI4z1FfUy5koxVtLbOSbSe2mzdrdetrHxXLze8n1et5JNKW3K22r2t0SW1rtGUsBbzMsDGXwythXbHUnjjBA44DADGOlDRLujTcHO4hSQVVVwSAW9RgAA+nHetWVFUfIoDSgrhgW+fPB4DYI5x3/ALwG5hVZSXdYmTciHZJJtOeTk4I/AHOGBwexxzSi2m+W7ata/KuiTtZWs1dW5dHyt6pPopVFFJNXd47Wejsr6fh8trorRwKjI/3WySUI3ZforcgA5HA9Oo6AiWOOQyqW4LsSuMBVHcEDGTjJz06Y4IA0o4l3EFC+3DIwICqqseckjJ4xk7gTxxjdT1jVzKFDljkxDsTkFj1weADwCeDtArnkmnaTV79rN306q7/z1XU7FJTTa91Prpp8Ojet90tns0+xTkhQoxK7JE+YHaCC2cKRknn1AOD3J5zXO04YfNLIAGZlAUP/AHu2Md+cjqetW5FMkpLBtyEKpBwq4B3EAEDPA54JOMdartIhaclQR1VgSV7ktgnrkg4HQZ6HArejBydtH8Olrauz6Xur21d/yMasIcra1sld6vZRa3vourfR22II4WX58o2S3nEj5SRwCOmCATjBz03HGa+fPiJEB8b/AIPBk2IYdTYsDyQQnzLnrxliRkfXjH0PHOJV2NjaMqTswuSTzgAcdcglh0GTya+ffiIHb47/AAgjyGK2ep8YAUcdQ2eODgk9Q2c8nEY2lelSTSTeLwy02fNVgl6J20v326vbKpclerJJe7gsZKyfw/uG9k9E9Lb77I9BkhDxFCFnhwvmRSqsiEYHAWTGAcjlsnsM4NeceKfh74cv7O/vobF9O1CKxupo73TZ2tZY5UiZgw8ll4APTocn2zuw+OFtZPJ8Q6NdafIQFNzAvm2xwclgVzkDA6AYBJA453rjV9G1bStRawvLWdmsLsfLKEk4hYBXjJGGIz0U9vl4FcGNpZVi8NVlPDU6kvZyceeEVJPlWz3030bbs733PfwtfNMBWpR/fcqqwTcLzi05RT1u1umpJ66a6n5y+CNT1DT/ABLp/wDpBmNvezOrTMZJG2TtuLufmLORuJOTwCDjFf0O/wDBP3/gp7cfshaReeENc8Fw3vgzxFrh1661Swmnj1ItLhJV2BRAyDbj5jjJ9MV/Of4ZYjxXGG2ri/uUzj5eJ5MjtgEYOcgnaR61+ivhvTra88K6YjpDco9q4aJ1BcHcxG0npnoCeeDwcA1+Fy4RwPFVDG5biXKFO7knCTi+aMk46p9G7rva1j9fxXE8sghg8eqEarqKMJRnF3ceWN+l09WraLfW+p/YHYf8FOfgL8ePhf4k0LwbrOmQa34hsmhh0e+vfsuo2/mph0uRdGK2cEE8ISck7cqNp/mL/wCCpOpeDtT+Lnw4Xwro8WmyDwxawavLaxRpHdX8ExaW5Xyso4JOWlGd+Dk85X5ZuvCMVpO11pFxqWjXcYJR7aaWMbwM5UxtlRgnPYjpya+V/i74j8eW3ibRota8RXutNFCsVjc6hPJcPBAXwIUeXJCAcle3TGTivj6XhniuEsR9YpYmpWwfNONpaySla3M7q9u6Se++t/ocFxhlnENJKlCNLE8t5QSV1sm467NtJ3evkfu//wAEy/2kPjH+z58Z9Q1H4Q/2Vf31/wCFLW21SHVrJrq3nslO5QGRWaJlJI3AjBPrX9AHjr/gox8Sfi18N9d+F/xP+Fmkiy1VE87XPD19dR3dqyDe1xFbFQolzyFK8Z28rX8vX/BM79qn4Z/Bv4tf2x8YYJLLStT8Mro6a1Fb/a7KzlDlRcX6bSyRtwCyqSmCQRjcf6pPAWu/s6/GnTbfWPh/r/gzxTb38Q3/ANkXdrHqO5kUtvtlkFz22nMalduTwM18xn9SnQxtq2BrSjFQarqM+SbfLdKSXK2n1b2ex30qNWrC9OvCKldOm5LmUXy3b3v5O2jejP52v+ChGt+G/Gvh/wAF21layx22k30tndtqFstvczhIyIlZlCiZtoG5zuPPXvX5e/AnSbaykkkKI8MfjxUUBd5WJpVGME4PGQF6Dr6Z/ez/AIKyfDnwj4X8GeBRomk+RcS69dieTL+aBsLbXYjBGcsM5IBAyRgV+I/wK0gXkV7BZOPtk/jeC2gjKs7Gd5gERFBJd2bAUYyxK4Gc19RluMVXLaNem3GEYSaUm7x5GtH+qva3Xo/MjTqxqyw9SKlN3vLm+JSS6dbJrTSzXTc/XWb4Y+FNXsYbjS9Tltbo21u8gljjSJ5pI1zGu/Ck5JyV6gEHnIr4r/av8CXGh/C7xkskuJYtNZ2+RdrIGJR4yhIxgZwWBB7jt/Vd8Dv2ZNU8S/ss6To3xa/Zvnl1WHwxdS6Nr+hmC212S4Mb3NjqV6zMk5jMWxiH4xx3BH86v7Yvw61KH4dfEuK5uJIpLHTtQtzps4ZpraOzlePypW4UTLty2GIJ3cnk16GQ8We3r4nCV5StFSgoyk2mtIxd2097O3fyVn85mPD9OlXpVuS37+DfL/iT20a1eqvbzs2fgh4Jhki0vwpLn5W1JNpIyOZQPUEnnOcEexxkfpF4W8JWup2k8V/bmVTD8rqSsgEo3KCOC2Mj5QcAqMng5+B/CloseheD4khZtmqwLuVWO7MvGAQOOpORwBjdtPH7AeDfCtndWMYZ3ilawgYMsewhzEu1cAZfjIHBIwMDtX3GRZtQwM60Z1FBz5FGUnGLd4u6XffV3vqraWOPinCVqmHwksIp3hzc/Km9dFr58yaTd/RKyPl3VPg1Iv8ApukXQa2iSci3mP7zcI2J2kgnIAyMnH4c1+Z2hWzL8R/EkZUoUvtRRgM/I6swYcbWwDj5uT8xwO1fvDq/g3XtMsjcwRre2n2W8dwo/eFRC/3wCrA4PcZAyGr8OvDwA+J3jF5EdD/amrNtcEEfvpMgk5GQcDHOMe2a7szzKnXqYJ0qiqNScnrzct1FXb7W1vfW/dnDwwsXKli6WJuknCKbi07WWjbte+j36N2bWv2mfh4/iHwt4eutM1u2e8l0sebpOpxCJHKNkG3ukG7e4HyhyQeRxxjyzWrzxR4BMov9I1GC0t0w8ckL3FqS/wB6WO4RXQLjkAvkAnjGWr7k8FeH7HV/h54VuLqFSEsCUeMBZlz0KyLgkDg9ADxwO1PU/DF7a2jR29xHe6fIy+Zp+qRJcwyr95lPmAlQw+U4B29COOPoKNapKjGqqsrunGyWiWiaSd3fRKyaslbbY8+eLwscVVpVIwahUcU7KMlZx1Uru6bXXpdPSx+NGl3Z1PxT4ivNoRbyW6nChgRtkbKjvzycDgAAA8YFfrP8AfFljoPw10C0mRJWVZ97xygSRFn5JRjvb5cggAqcYyDmvzr8T2unH4qeK5LLS4NHtoJ51aztsm3WRWxIUX+FWY4VRgA5xzX2H4W8B+JovDega5odza3tjLZpcLpQmihvG5+dYQzI7lsnAUEnOCAW58fK5vD5lUc2kp0566P3pSUnrbTVuyvZ3t6fTY2hSxeXRcbRV6bjpvZRVnZuy0v91vP658UeIdFuNB1Q2dzHcJNol55o3jzID5RbaV5YdsAjHqRzj8cNIK3PiOREUhWv9RKuOGIMh6Z5zgdfp25r6x8WNrUC6lgX+hXRsZo57a9eSIuoUjajMQsm7GRkkAjIPPHxl4SaddeWMCWSVrm8yASSHBY4B6HHBwM5POeOcOJaiqQoyU1K8pNK22sNVvZN9E+u9tTLIcDUws67u/ZylFpPfRx/O2iW2p7d+0Ws8ehfDU23mo58KyBpN+GZYyy9MjO7vjnIz1Br5Ej1S5t7NUnhiuNzknKBTkZySVGc4zj8CRzlvtD4/T26eFfhZJcjdcyeH7iOQSAgooJGOmATkADBx14ya+SrCw06+kUu5VWdo44xkOGc7cYbAKgj+L3x1xXjpyVCPVqC9U7wktLq7cXrZ372tY9Wc6c6lnZ6Xvo2n7jsl5a3dr62ezOp+GsinWFkjj8tZIDuyODmQZHOcEZA5OQeSO1e8ftJ6ncXt94O03CCCz8J6eqOv8QRy+SB0IBA6cDPvnw7w1bRaRr81rFOZFWKNgxbO7c6nG5TxyTgA/NjP3ttfR3xy8KW1yfDGtLcv9pk8O2MKxFQIlcpjkk7cE8kkjnjGRmvOxtuSi9eZTvLR3Vkovq9G027a+h6eFhKcKipuycLWWkWkknfslZ3008z5csnBhR8g4IXAJ4GACeT2PTqT64IrU+GQWP4hWckaneuowIuA3V5RnA9ThcfVQVYAATR+GNTtkmd4InUkszRyrlU9AN5BYEk4HPA44qz8O7X7P8AELRXik3RNq9lu3MCSyyhipGSDk5Gd2Afl5zz0YSUZVKbTe68+mtr3Wid3a7Wm2hxewqRVRN+/b7Lb1St59H0d/mewfHnSinjLVtSbcGkNojL0ZiIVG5R3xkDqRj5QB0rwuPdGkk4Vg0RLjgrwB3A6ZPODnr04Br6h/aD09tU8YzT25WK18u2Nw+4Eq7ADhOO4x+pHp4PqGhz21pdXCt5sAtyRIgKttG4AsMADPBH3uCM8DFFPFQjUnRnJ3U2vNtu6a02WlmtdXboKWErWhNaw5IXs7+8lHZrZaqzsnpoz1D9m1gfGvnSkO0tpOzK2QDw6rzjA5J4z35Hajxj4Xt7vxNqksLSRK9/ctLtAKCQyE5U5zgHGDg+3c1H+zWxbxhyu8rYy9RkEfvOeM8HHOQOcdgVN7X/ABBCniLVoC4QrqFwHjKEqoWVuhADAnHOOvUYHIxzJzhSoSpu0m/dtq27q9+929n0XzKy2nzVK6mkrctr9/dvp+XTfbc898Y6ONK0q1aCQsGnjQnCklcZyWDHO48gnLAZxySR9Xfs2LayeHNftruJJo5kk3mZN+YmgYsGJBGdnpkjJ+7kZ+VfGWqRahpBVAAUuYipU5BHAyDjIGc9OTjn5a+o/wBmy4KeGtTiOHknFwhLKB0gYE8cDaGyBjjHzYHXLDOrKm5SbbUH7zfflUtFbptpa+u5WLi4ySppOKnDSW1tLq+7utfJ7baeD+KvD/hdr+8k8O6jPZXovrgT2LoTaKoZyQkmOpwVy2Tx1BJrzCRZpdSsA4P+j3kMKsq4V2Eq/MDzlflOO4+8TyMfQev+CiJZXtriW3muZrqV0Zg6zsGZiEI+6OCAGIznPPbxe3s5l1W1th5hP26MsG6qVkC4LZILtgt2OSP4q5sNXqc0+eUp8raV0rxd42V2k2ndKzV77btvqqqnF0lyKLtGTtZ3+Df71dWVrK1tD9H/AAys0ng3XdoDufDEOVwAAu1Bnd0XGQM57e/Hgf2KKOGPG4SBAQD84LnksMdjggHqVwMjGD78ftum+DZ/slhqE8lz4aFuy2NpPdtGQoImuUgjbZFnnc+FJGD0wPn6w168t4IotZ0uWNQADcQRZZRuJXeoBZW5+6ygkrgLnJr4zi+KqYqhKD5pKlaSum9eV6rTVq1vRrdWP0fhNOGDqJpxTqJxk1LltaOt9NddmrfNWUEtuN65hcjhiQNpwRyVz3J5x6Y4HAqrJYSbmCbAjEZyVZiDztJPAwDyBgn2NdtGkGrKrWrrKgABBIidScZUxAhiwwMkryMfe5xTuNHkRm2KyOM8ygbTjjIxgZAJOeF7ZxgV8S7Nu7cXvZ3TTXLa7vvbySt1PrFa7v7z01vZ6JbvV626vVfhwT2MccuRIV2HJdmyoyemCcnB5x9ehxukWKIspL+YmQWwAgKnnHbcB75J5Iro5dPkCbWSNgSPNwBu4PQD6Bjwc5PGGGKpXOngIGW3dWQZQO2ARkDsfmIPQHPy4PTrKdmrt2776Pl6N9r31++yE1dK6a1Tdt7NrTVNpfi1vYzpIbdnCKWYsRsAcBRnplgxY/MSARzz605INrkPGC6gbVVjk4ycknnpgE56YyajjYW78IGGQWRU3YI43BiB0GPfgcc5rVS4gVBsRmkKncrxru2kAnByMHbnHoAe3BpSlFXjJvXSy1tdNJ9Xa2+l9Lp3JXLrdaW1ve+mnVu2jVrCKlvdxmC8tYJYlXDRTBXAByTtLkkddxAwN3XtXGav8M9C1Zt+lStpl3/d5Nu78lcAjCjHXavTHbkdmriXJVHMoXBUoAFPXgjA46Zz15J9XiG8IUnOHGQEwF3ZODkEYwR19OTwa7aOOqYdRcKrjJWdua6v7u62XbVrzaZy1MFSrp89K8ndOVtdLWej3dl02etnc8I1Hwt408KMXjimvLTkGS3HnQMoGfmj2llXHUALkj0ArCTW7C6l8u/s2s7o7S08XyMsnHLxlgMgltxHIJx0wW+mrO+vrFpEZd6ngiRxKhGMFcMDwU5yoznODk1lanoXgjxBG5vbGPT9RkDBLq1Gwh2BLMVAVTznqDk9AM8e9heIW7RxEfdejqU2m18OrTvpZX09EtTxcTks03KhNeUZ2fbRPv5O+mujdzxOSG4nVPIvVvoioEYjKb9p/hkhPGTwM4yFwMDkE/sxIxGwuLjSpjt3SQswjYg8h04OV4JA+UZ4NbWqfCrXtNzf6FeDU7cEuggkMdyqr8wLKCC30BJP0PPPR65qFixttd0+WUKdjLcRmKZQCMlZDgkgHgZIx2r26ONw2I5nRqQnorpSipL+7yu70vtypJfK/k1aFWhJurSlDZc6V4vWK3679lZddkdVHAjtu1qzg12ySLAubVlW8RduN7Kp3MVyQ249c98VS06SKHUCfCWorakKVNjfg284UtgornYWcZ/dsDwQCD3qov2S92Po+py2EoI32k/C+gG/nKkjkE9QQDj5qj1CyIVG1Kxme5j5/tC2bYvI3KzFMk4JODnPGfl7VVoQqwcJU4zjK904r3k1G65ZaNWVnZ/g22qVSpGUatKo4Si+ZTpvllvpZbqz0smndK+rPvH4U/8ABQn9rn4DaUvhTR/H2u33gkpCr+H9cuZNVsoIoCHUWUkzP9mCsPk8vkYA6LtH6jfs1/8ABXn4V/EHRtY8L/tpfDfR/F5vprXTdB8YWNnE2oadbTypC8d0/l+dD5COZBIh3MByCwYV/OdBr+t6dAYIbyDVLHGDa3JEkoTqfmYbu+0HoeuMiktLrw9eo6FptB1GdwBI+fsgfd8uRwqhTg5wBgYOelflPEvg5wLxBTryhldLK8yqvnjmeVwWExlOrZOM+eik3rbmU4yjKyTd7H2mVcd55lsqdLEV5Y3Bq3PQru+nu/DP+JFuNrau7VtU7H9gPx//AOCdX7OPxx8KR+Jf2Zfi14TXWdT0zTdct/Bur6rbzObG/Ecix2Nw0gvvOaSQRmFwNrAAgAYr8gfi/wDsX/Hj9nTV7yPxL4H16JpIILmCVbWW/wBKvLVSpWZbqBZY1ByCgldWCc7iAa/OA/ET4meA7ODW9K8Z67Bc6Za2gsNe0DVriJV+zSJNDbmOKXKRZQE5XGABggsK/ZX9mf8A4Lg/EnSfDmgaD8e/DmlfGbwy1gNE1ufW7WI6imn7lRRbAo7XFxDBlfPcli4ByTk1+VU+FvF/w6pe1yrMaXGWV073wOI5qOPpxUm/3M5TftE4JfFLmjLTltt9YsbwfxM40cSvqWK39tWUKbneEeWPtKcFSbjO+tSnFyTSc92flj4y066lm1j+2I2sJ7qVGKqgNuJUjLhMgD5gRjbndnP0rH0a4vZtOurPTrxJHSO3kmYna0axEAqBwen8Q5AB56Z/oYs/BH/BN39trQru/wDhP41g+EHxJ1TVXlj8JeJCgt3uZ5OIladhbwws8hHyOSigjGQK+H/2if8AgmJ8fvgFJd69onh2Hxf4eu7Sa5XxD4UDalp5t2bckZjiDuHEfzYQFFyM8YNfUcJ+OmQ46sso4kp4nhbP+ZU6mBzanPDKU1aK9lXmo0pptPl95Saemr1+fzzw0zKlJYjKVHMMG1zwdJ3qcqUbtRUmp6NXdJyS1u9LL4G8VSaJY+DNfstb0Se/8R3tjYX+la7BIz2lmiqgeGXPy7gCdxByTknGTXz14Z13UdL8TRX73DyIkK7dxLxYI/1Rz/CcAEHHJwe1fS3i/TvEOn+GL3w9eWsqyz6ek81tdWzJf28luNrwhXTcpDKRgkYB4B5NfJiJNa3qySpNDE8fzRSRONgHy4APTDY5GcnPQ8j9xwGPwWMjGrha9OtCag3OE4ShO6jquV2d+jbvtZdV+d4jL8XgnKliqE6VRTbUZxlFq/LupJX1j1v0S2P18+A3x4+I/gDxf4D8TfCHxLN4f8QaLaxazZWq3MzWct3bKHubaWx3+VMk8YcFdhA+8w4FfoB+0t/wVP1r9tj4c/Cf4N+NfBbeFvFnh/x+fEuva3E8/wDZ2tv4bR8gxkZiS4Zf3iMoUbiPc/gx4V8f6p4Ul8M61pYWK+0cxY3qSs0LqQUJIz8ykggjOCMDkGvpb4KeK9G8T/HbwM3iC1kfSvEdxr6arHbMqiJ7qwuZcW7NtEXmTIpLDacE4I76cS4DDTy6piMEnRxHsbVPYJxc0o3jKUY255KW3WLWmlzjyCrVo5lCGLlGph+dul7Rt8rcl8L3jFp2cXeOvVaH9Nmgf8Exvhv+1H8APAHxP0+9tPBfi/x3brqMt54cnW+tEaeNokjurBmKRiMqGnES71yQVDfKPxp+NX7EvjL9izxHe6frktv4t0i+1S/s9V8Q6NBDLpMlt5beQlxEwMlrdqGy6kL8wIGQMD76/Yxg17x7+z3px+F3x+1/4XfETw58Q9V8NaZot5rQudEtLKG7le2eSymuN8aywpkiOIqxIBIJwPl744+LPiLpP7Q0Xwc+Oviq38ZaT4ne71HU/EFjeTQ2+qNPZTNaX0FkuIxLBJGFcpgSE4K4HP4fkGbZ5g83qZYqk6uDwFbFvFyxsq1WeIw8JRnGrSdSD5OSDSjGM3Fqyil0+8zXK8BXoVMcqyVTFQoLDQwtNUfYzkorkfJLlmtHzS1d220un4r+Il0y+1AzaRchLGzuL2N9qhJreVpHMb7VO4gMOMADGOlfQfxv+IOj/FT4D/B7Up0tJPFfw1t7vwXrdx5CW815YI//ABKJN4Ci4lILgu7M2FxnAUH5w8aeCdQ0iz1fxLody17ow8V6xpDm22rPC1tdypGLiJTkKUCkMRtGeRzW14Y8VwjRL7wd4g8MPcadr9lHJHfSMYpNNu7UMY9Tt2IVXJJbcm4E9AxGd36JmUaeLnl+Ow84Sq4PFRqpqVpSpVIKnWp2dn71N8yTtZxW/Tzstc8PDFYPEc3s8ThuRXTcY1FyOnNpJpNNdU5K716nJeBvDkviS51jSdI/d3+sTWVtZA7cG5d9ojZs8EnjbzknhjkYd8RfC+oeFPEq2XiFJINQ0kf2deQ5VVMsMa/vAM85zu6fNgdScVs+D7jQPAHjnwnqWr6nJL4cufEFlc6hc2Mshuo7aC4XdKAnC3EIJZlJwxGfY+t/tbpompfE4ah4e1YeIvD2souq6Trm2JZr60lt4wv2uFWyk8LKUfK5Ypkg8iu7+1HLNcLlioVHTxOFnXVfl/dqrSnTi6TkrWlKLlK17u11pqc8stcMDWx8q0VOjVp0XSi7ycajdqnKunN1StzPezR4jY+LbGHRrvQNbjWaw1m2t4ra4toEa/truObMBDMCdrOcS7R82cexq6t9q0jU9U8P3kU9k8sNqys8UtvdWzmNGimZAuUZ1cMQVGRyMDFcRdxLOscynyzZWksqS5MZE8D742BA+8rbcNgDI6Z3Y7u28SeJPGU9p4s157fVLpNJ/sueRkSOa4Fim2KSYpgyzJCqJ5r5OFG7GDjrrYKVOrJ4eMUqyk6uunMlFKSvfV2aadunW7WWGxvPFe0k06coKi7PZJKSl5JtJLe763V++8R6FFp3gXw1410zWLebUdBjsLXWLeOWS6nuY7i+CrOkbliksZ4kQgYCjbzla/o38L6T458d/DbRPiRrM8V54a/4Rbwfpmn24AtdVXyraBVkdGKvJACOS4KqMBOpr+aTwDc+HbzV9I0zxR59nod74i00aulvK8bXOnG7j37N2E3RqCc5GBkEk5Ff1Hax498L+AdH1bQdJvZ9Z+Hcnwq0258NRzBd9vqFnYpLA6XMO75A+Ef5hkBvYD8f4m/tXLuIMhhltGVSr9YxFSrOpSvD6tKpRc4KopWUk02k3ayV+if3lKWCzDKsVPGTjGm6dGnGMJ6qtTUnGTTt7sktXdatO7W/5x/FDxE134V8d3PiPSCHi1K7sfNwqzCOFjFbN8uSWAAZSRg9iwrN8P8Aw/8A+Eq0vw9eeENWgmZNFie7sbl4450mSDdIquSAflBIzyRgnA3Ad78Y/DQi+GT+Kdbs57Oz8faNaeINJngYzWhlEpgePHUSblLEHHLEg4POl+zX8KLzxz4Qt73RtX0qO/maa1i0+e5+x34SGHZvTeyBg235VBIYNjJr+iuFc6rvAV8RXqezjCq4Ko05xfs1GNm1rFKXNZ7btab/AJXm2Do08RSpUVGTcIz5W7SXMo7uT10a6OLsmeEeItP17w1HYS3+n3lkhM6JMY3EMpBKhkdPlwx5z9M8jIX4L+Mruzh1V5xHfW1rrEs88O4BwzFgCG6hjtXoM5HHIAP1R4l+GPxGtbWPSNfs76HT9Ia6QPeW/wBrtXiIfM6SYb92QcZUsBzyBxXyH4Q0K40b/hKfssEd3Z/2uziW1wzh/MI8soeSoAxg5x3LYDV9dhc9wmZOEZOF4xSk4O8XLljZPS61S0u7WWtzwK+Aq0FKSg7TSfvLW14prre3XW99L3sfbF7rnhbxRZSXdwslhezWCG0EqrGxfZlwXU4baeuQSScADoPi7WZWh+MGihJCtsNFvoi4dXZgjMu8gHAB4KDjI49DXupzPZ6Os9nLZXEcRljjuo2gEqn5gUR9hKsM7SBxxjkkV8ReLru+j+PmjJBcSRmfT7wQQlmCoVcjlQAG3HkLxncORgV24bk504SU+aslFp8yvJwkk79E1Z3S7HFWco05qULe407KztJRlu+m6vbS3lr9l+ELcatqd3Yi9txa6dYNct9sRQGPLvGC2NzjAxgkdSOle9/Bu/13w7p+veJPhx4l1nwtqOkW97q7f2TePNYahqFq7DybrTi/lupH3soQR78V8n+EPFOh2r67D4hzaXk1tFFBdOWS2LKuW5XhXZl27fqDjvH4Z8Zan4W1qG50bUhbafqj3ljdW8cu6C6hvSQHKg7VLBsA9eepJAr5bjLhuvnrlh63JLD89KpKlOnzQlCDjzR1Tj66aXe1nf7PhLiDCZRR/hy9pOm4KadtfdUZXvZ27PXV2vsfqbp37Vvwp+JXhePQ/wBq74d6P4pOpadHaN4psbOBdRsgw8sXLNt8+zcOFJa2y2TkfxEeT+Iv2D/C3xA0628V/sp/FDTNas5xcm6+G/iW5D3MYALR29hLK322RmHyRmZdu4cEdT8XfEiB7DTrW6ljK7rOIxyozBEfzFYpIF6HHUt1JJHJFdP4S8ca14bns9d8Oahe6HqMVjD5V7pdzLbyvIqgK7FGUSAEElT1BJydoz8SvDvMcuxCxXCWc4jKasI80sHJyq4GpLR8sqN7Qvony9G/d1Z7q4rwleLw+b5dRxdNya9qly16aulFp7/DJXUZJN210PAPiL8NPFPw98ZS+GPHXh3V/B2uWJZJY9StnWwmbJJa2vAhtniJxsCPuXJyOc1iT6fIkTEAtmISM8brIJEBODGyksGAJwBxt4wccfoLo/7SGseIvF3hvU/jxo+l/FPwrZLJp+taLdW8A1afTW+T+0LVyokW8gU7mdTl+oOQAZPjP8E/gR8R/GvhK2/ZY8QRw2njK2/4m/hPW717S78L3R5ZYpboqsqo2Q0ak5H3Qw6+x/xEDPuHHSwfFOT1HBQvPMsuUq+EbirOVSNuei2lzNST7J2tfH/VTJ84bnkmOjCpUjzxw+KlGm1JRXuRnezej5W7aPyPy91Lw7pfiC1vra/0i11K1ZdkltqNuJ8gg8qWBKn2UE9jztNfLfjD9nnTkklv/AOoah4R1Zm2pbu8kunzSZb5SzABIxhQIwAu0bQAuCf1s+LH7Jnxi+B1vHd+JvC2sXOmXm4WfiPR7aXUNIuFTBaWUwq7RIFI3SMgj5JGe/zfqNvKWsrW7tYp45XaUvFyyqPvb0I3I454OCcEdzX2eW5xw7xNhlXw1ai5Sg25QcY1IuUo66e9FrVtNbrVLr8viMBnOSVXTqQko83LKLip0p/Bqt466W1810Pxk+O/gDx5ZR+H5vFOhTtJpbyxNr2mQmWwugwz5kwi3PE7Aclh94gZ2kivqz9l4aJe+ANJt7q5aWeFruERQszOjBiB58S5eMNnIOOA24lsivsDXPDenXltKt1G1xYyy7vs7bZoCq8sJIpMDnP3Tgtz0zg+K3nwFRdYm8SfC7WD4T1iAmbybVQ9hLKFJEV5pxIiWOQjBZFyDk4zTWAxWAqTq4Oo8RGSXLzttqL5Xo767aNtvRX7HPW+r5jTjTxVCEHGcZPlj7rlorOK1S9E0+bVdvgr9rTwufEXxy8J6DZ3MarqWnaZZRyOd21pJj8rbgOVCgE5yQfevqHTvhhp0VhFa32qwvJplslqAJVj+aGFA3AI3cqRk9h3A54X4w6N46uPHHw58QeMfCWy78MXgi1DxHoNuJtP1NYmY+bcwgebC6ghimwKGYgErg12F1q1leh7u0mF1511JuMIiafbJtyksIcvERxncoPH0I8HD5njcNmrU01Tre9UbX2uaLs21pZN3u/O6sz36OU5biMo+NKrTcY00pxsopK6tpZJvTRO+7ez+Sv2h9KttM8QaXHZS7lOkRKzhiQpEyhskggZHUA924xwfs3wVEbnQdDfEjbNMsCoWQgHNuikggksTtzj0xjivjf9oryU1fTomRwYtJtnJZWDESSqGPXtzkqOpOOma+//AAb4a+z+BfCN7bX8cctzpFlIYnhY7UWBDneV6j/eBB6c5r67L8fShXxDlON5xTSuk3pFXV+u2zte2up8dmGW+1WHpqSSp1OV3dtNNVsnfRrXu1a7Pzj8Yxj/AIXBdsrEbfFVgqg/eJEi8FieT0z3OMk4PH6MmzLwDKmA+XbsrEKyk+WgyGyTnoRnoc9mOfzg8XzMfilqM5lZ2TxXZguBkMyXGCwyAMHnBxjGCcNjH65aD4M0zUdJiu7mK9uPMtbZmVHKlWaBGDKpYELuHsCOmec82GzSOBliJ80mpzckk07ttX67vW9rnRWyWrioUYU6kf3cY3b17NbL/h9b20PzA+MFmT8YZkRTO76j4fhUIQNweaIYIU9zkdecjOVGK/RzSfBLNFZzTaY1rGkUDAO+A4MC5Zeq5yWy2P518JfGOyt9N+P4swGgt4NQ8MzNsBkZgbyHb5pPO0KQWAA6k5zwP6dde/YNutL+DFp8S2+JehTpP4W0jXxpaW7OPs15YxTrbLKilUnUMI8NjLHGDznCjxBhMvVR4qUoyxs70mk2/et8Vk7K8lZ7Xem6POzLKMTjJ4WFNx5cIkp8zcb25Vdau/w9LW06H8wngm0hT9oW1IIaM6/rCqjN1CLIBjs33fRsjjOOB+iQhsyGTyTFJG5dy64RkKk5AAzjlRkn1PIUY+BPDsMMP7ScNqrnyLfxNrcQdlCtkGQAkY64yc59+ozX6MxWFgjyebJK83lupBZCGTB+YAEDAHH+8cEk8DuyrENYXFSi3yupOTdmm7qLd1eLe/nazWnRZ1hJvFYKEdLUoq6+G65dbr0ve2vTa5+WvhS4ih+Punu0gZF8Q64SFy244nA4wAfbcDnsCa/Q+7uoG8GeIHjWRH/4R7U2c5A2jypByByeDkNt4xn6fnr4btAf2gNMjCFYT4m1sBAQWVczHJ54Jwc8Db6sK/QbxJpxtvCHiKW0il/e6BqIdt2cKsTEkDJ444XnBB4PbfKZyeBxU3KylUq6czTt7tree97vrfqjizmjiFmeCSd1GFL3NU1aUU9k/Lz0u9z4C+Ad9bQfF+ynllKxDSZcsATjEhB4PXkfNxgAc55r9UIte02fSp7RLtxI+mai/wDqmUMFtJmAxtBx0ByOCACSRX5FfBV3h+J1pECgknsGRN+Q2CzM5zgnIIwD1z2Br9N47aOSxN3HfBHj0fUFMYKjASzlBjwARg7cZ68AkDOD5mCqVlQrtJcinNK1+a94rTX5pd100PaxuGrVMVheWXK/Z09Glblulr0batpvZarU+Iv2Rk2/GjxKQrSR/wBma9IGAwpY6gOpJ5J5yM9BjPp+kfjSRZPA/iqSULGx8O36hT94qsTkY6jBIwTnJ9WGc/mn+ynqAsvjN4xTJKxaJdtuwNuZbsOwGSNpz6cZ65ziv0E8b63bSeCvFCiPaW8O3wUEDcd0DAlQCScnBQgjk98V7+Vpyyyd2tZze611iryts7b6LV79X87m1OrDN6FpXajSvG2l7rzavbTTSz3V7Hxf+xddQjx34sRgzl/C8uFQ4GRLnkjPIIGevA5HIr7j+IrtN8OPGO+J/wDkXL5AMf3YScn5s8g5zjkjAPWvz7/Y1ljg+IPiCQSspk8OzYHADDzgWyPujGBtBUkDjDd/vv4m6mkfw/8AFkAZwreGrsqFVSRuiO4SYOeS2T3PIwDmqwy5svrShdJRqb7X079vx7dT0prlxlJSVlyUmuqu7bPa9tEn372Pjj9gcwxSePCELsDaKAucDMsucnjHOOTjJJPHb7U+PkqTfCnxeqSeY6eGbpsKRgcxjnBJUZGOccgjj5q+Hv2ENRijX4ixyEo2+zAIKA/M83qRzjBPzAH5eeOPqz4zXQh+GvjONnO6Xw5dE/OGGCVwCMnpnJHB4HHBrmw1Vf2W6c3py2aba05o7ve+iuvRFYnCXzCFVO2kU1rrZwtq1u7O99720R8yfsWQyXE/j8RQmQpbaQ6AHA2jfyMkqMbTuA27uCSBxX1F8aFf/hUvxCaZ9ky+GrkBVUqQACVVsZAxgDB6HGM9/mz9hPdPf/EG3QPJI9rpICRfey4kAyc4UZOfQZIAAr6t/aO0u40L4T+PIL+CSGafwvcOM7SSAm4PvXOBz8wJ5OducmsZ1YRy/kjJ3ceVx01lKUbab7Lvu92aRwjnmKrSasuXoktOW6UurVu9t2j4V/YHkEVn4+V32K11ZAnkFssw6nqcjGenPJxzX3rr7u0EhiDSbLOXLA8DOD1yV3ex4BBIyOB+ef7EKgaL47ZmfBksjujcKy5Z8ckjjA49hjk4NfWOoavJaRPCt3cRRvC5JdiRuZtu0/3Qem7AAx7jPtZZQjLKYXa5uWTavqtdHq7P5/LXU8LN6DWPdRXfvRt305Gtbbeunm+vvHjjVJ4vhbeQJMvy2ennAYbo+VBGCTg42g8cDGCelfHPxB8U3et/Ef4J6HeW4gjsvEVi1vOxwbljHFxnOMDg5BIXdycE19E+NL6wHwu1e6BMsq2Fi0gMsfPKYYAPk5HYDj8BX57/ABr+Jd/pnjf4dXGh2sC3elNp95p8tynmnz5I0Vg6kEHhSRnnJXOetfOTqQwuLhO6cLU+fTmvaorro7LS9t3pezZ72GwtatldanzXqSU1GLS5dYpKLfTVpq3XTqfsBrtva3MN5IZrdJYkmMscs0fAjibBb95nYSAcgDJHOOtfIk3xa8GeDfBgmvr2B7i2ur0T2CDzJG/02VQIW+4okGCG3DIPJ4GPF7H4raP4wvdZmln1HQdatNJuHv8A+29Ult9Nvr7y2ZzZxh1TaWJVISflXAOARWpF47+Auq+AtNs/Edzotvr6208V5Y+V5i3lxHK7lnuQpYbhnyijfeK44bn9AjnGDrUqWIjiqMJRpOLlOUdZLkto38Sdr79uh+Zz4fx9CVSnWwlZqdaMm4RfK1zLaST3Td76rpscvZ/tG+AZ5/GV7qd7LpX2+dEsEgRm/c+UI2DOoKhgTlgCBnsBXx38aPGfhzXtbjuNFlkvYTprRJdtGyMshGSCCMnB65GSATkjcRy/j20062mQaPsNhfXl3dwQwMsoS3DsIgWXLg4VWbJHQbvmJrzGa7keXBy6IrKFKfMOp2kAZ3HsFLcYIHQV8Njc5xEnWoxUKik376ipOV7Sb3tHdLVLbd7n6DluTU8O6NeKnBqEG4u9r8sW+bbXa63d9Fuy3q+oi5stMilMcCRQMk0zFFclkDKdp5AB4bIAGOoBxXmF1c28SvHFcLO4ZmXYuRkkg5zlT6DGcD/ZyDe1azkudTLkPsMQLRszbRuUAADGCfTIByBnpzzYQ28w28Khk3DHzcE4y2RlgcEkjnA6E1+bYxuVeXNdTbTetk7tJaJbK2t2tNLu+n6JSxD+rwXKnypJN6u1orTa3d3uzrPC+p3ek6pYaxbtLDNaTCW3MBPmKUwWZVAbO45yDkgAZIzX2H4X/aY1TbDb67Dp+rwtLh1lAgvFXk7ASgYsFAbGW56gHAPgHwCsIdU+JHh60uLaK6huJZke3nRXjkj2FiWUjaSCCcYByDnGa+4vin8FPh1PqMdr/wAI8mnTvYC6a609zB8zbdzFV2jd90tzgEdCte7lPDmaY/DSxeCrKPJUUXTntKyi7qytr1et9r2Tv59biPAZfWjQxtFyjOKlzWvZNxT2emy2/wCG9F8AfFT4Ua/rFpc6prE3hmdLMwiK4HmWzM47smQBx3OOgOTX1lYaPoOt2sEvhrxho+qpNHlES6gyGYA7dqtvGPf0wBg8fjzqfwRvIdVsdK8LeI51lvraadIr8ZjXy8nYCCx6YC8YBwW465x8M/GTwK6taLfzLES4uNEvZIchDnJVWy+eDyAeDkg8m6lHiLL3NVMFVqxpv3p0oucYpcvVXVlfff7jvpYzh7HRg6WJhRlUV4qpaKWqVkpOLdnfZ31s97n7L6/4C8QWej3U7WMEkQjiZpYmHPzj5toPIbG4ck449c5Fx4YvxDA8ltLGr28T/vUE8U25Bz3Ow4wFBz1JAOc/lrpX7Wnxs8JxGwv9U1aS2Bjjey1y0eWIopwV8+VTgcbeT0P1x9S+C/8AgoPb3ENvaeLPCWn3axRRxST6ZdBJggG07UO0BmIye3B6YrCln8Kc3HFUqlF+6mpxkrP3dHonZa6dbuy77yyiFSDeHr0qyeq96L5lZWUem+u7XrdHueqeBNFu0hi1HQbCcSOQ08UXkSEkkH5go2kd+RnOPWvIv+FI6RdX2tJpN/daVNHcIy27jzIgHztJc5LAdF4zjBHPFe7eEv2kPgH4xRVudUuvDV7czHZBqCFoELdd5UbAMDILkBuScHmtnTLXTdd13Xn8K+I9B1a0LQy27w3sEUjMc4QxFwz4HUY3ZyMV7dDPMJWlS5K0I8utua2rUUl00s9r/oeXVySrDmboN6Xdo7tKGzjdP8n2R8kan8JfF+l3B+wpDqkYDN5kDBZcBSORwxJ6KFGfTOa8z8RabrllNo8WqaXfQtBeMSHhkICk5Vg4QjHXknGTjuM/pW3hrXbC6ie/0u4ERUPLIkReFt2MNHLGCNvzDaTgHgnjpkaxolpevCs0MbGa6AWO5iUkqpBIUSYIB64IBOTj0Pr/ANpxnBx9pCp719GtLcr6Xst91v6HiSyaKrKahUhvdJSs24rW19bXfprte6+GbHV7VFEQcBhHjY+EYHqQScY/u+uGOMZq9f30cmj6iPMwWtJQF64J+UH5cjGQTwc47da+vtU+E3hXVVmlm0qBGiUqxijMDF8Y3DYMMcj5epAwAQc15Jq/wMtHt7+SwvrmGNkK/ZidyeWRnjJGSAT78GulZiqtBqSTilZWeunKk+miXpc4J5RKnXjKDcUpJ2ta+mm3VJ6XXV3t08a0OUnSrFGOEjtgDhlwdxOCB398Z9ODydqO8PmJDuBRWGCOONvGSvuMYP1HU43j8JvEttaxf2Xe29zDFAEVZVKliDyMjA3Dnksfm5PauavfDPizSsx3GkyTHeqO8Dbj2+YBScnv0YDjNdNLHU1Sp0nJxkqajJvrZLSz1uk7W6vbfTlq5fiFUc4p2c/m9Y2W2m9ra7ddjB8KPsvfE6ht7HWS4JzwCo/A85GTng5zySOwaKKdil5DFcIwZQksSyIcrzksCTzjjjgE7c15x4Zlm0u914ahDcW002pGVDJEUBQKFGTJtGeNpwSR0OBiu2S/juXRlnAG9tyEgHnucE5zgdMDqFz1OdB03QUZKMrzk7S5XpddZJ3vfv5K2pdeVWlKWko6Q92z0tGFrOOq+TT0S0djzXx14F8NX9zpEQ0u3tzd6jFFdPaL5LmN8FgNoGDjvgHPORiqes/s96db5fQtfvbJskx29wpaLO0Mql8sdpO44HOBg8jB7TxJMTeaSxAIXUoyhXkcbMheM9mz07nAwcekXd2S0eQSoAAJPJIRfcDHJPOM89RzXl4rJMsxc63tsLBSVrOMeSaTcbapbdV0stdkelhc5x+HpU1TrziktVJt3d46WldWWm2611tr8f638N/HHhyN7xXiv4YNpE1jM0cyl2XYQdytuI4BxgtjjFb/AIV+MPxc8ArELbVfE1iIiGRLqSa6tfLDZAYS5QKeeueOBkV9CeJWSbT7lQAoBtmA7H94pPQ88cYHHPUDmug0mztL22uYb60gubcJAVjniSVTmPLDDKT1ySByuMEYzXzGL4Qw7qpYPEVKHu9ffimmrLe9rX01tay8/pMBxVifZp4qnCrytwlpZtLlsusW976bL7meHv26PFJtIIvFWm6br6IEW4lhVYL1l3KCWQABjjIGcgDjPGK+0fBP7T/w3+IHh6+0ePxBJ4VvNR05rFNH1OYpFPDOuxrYSHbH87knLED1wOB+cPxJ+HXhgWLXemaYllqElm8iPaLsjVoV8wlol+UkqpBJzls9+niWr+CvHPhLRfD+veKdC1ay0XXoTdeH9ekt5Y7C7ijcKVivUBjEsbYwN/mZ5AC4r5vG0MzyerGFVwxVKKTTTd0nZq6teL2sm9/S59Hgcbl2ZxcVCWHqyk0o3STa5Hsm1LR81rJu2x+g3jz9mbMsmu6D5drHdxxtayRv51lckgsSsi/d3EYx0GOCMYr5Q8SeFtY0G5vLHV7OSO+Dbo3+dRKinA2PnaVIHygOCM4I4NaHw1/ab+IPw/ltbCe+XxR4YQLu0bU5DOn2dcZWCdtxjbBOFB4Yngc196eEvHvwU/aFt1sLe2sdF8RTwASaHqzR28scxGd9jctt3KZPuKOeoxxzlCrgMyl77+q4lK3JKXuydoqyba06K76vR7m08NXwfvU4+1oyacnFu8b8ujS25eZby0d+yZ+dmkvPHJZQzq8MiG5jV2UFisikFSQQSecZHUHr2qlo1ibW4u5nRLtWS+BjO1iPmH3st0OeQBnB2jGQB9c/EL9nPxZ4Wvbm/wBLspdW0+MyEw+WXlgjZSVYEbg0ewcFM5yM8tgfLaW1xo1ze3F3aPDBKZreWH5t8ZDHO9XAIGQAc5zg5PWuTEYGcJyVSLkpWs0nyuyjaz009Wmt7d6pYlSSs+V+6rvRx+FO6+1otE1fs+3FzaS1zFPdFFtBEY2WNeCVbJUAjDgZ6fwjle4qWO7ltIysx+0Ivys2f3gQ7QMqR85QbRkgnA+9Xa/a4b1LuKOKMiawRFkBUAiPGSoxkNng9geeO+ZeeH0uLm2ZcCObTlkCoPmWRAQxYL1GeD3Jzg7sA+LXwLUnODu3vd9dLWXpZb66p7s9SljZRaUnzX05nqpJ2tf3r2tonZLVabHT/D34r+N/hxqMWqeDdavLC3jlV7ixSR5dLvFySyXNmSFQsCwLbfc7mGD+p/wm/ai+FvxqsY/DPjqPTfCvigWwg+y6mFbRdZkZCCLeWYbYZJDyAxXGcA1+NK2t/YSSGJWiUModtnysjH+JAWBBUE9CRnp0FEF9a30u0j7FPHJuVs7Y3kiOQ8MowYyT8wKk7T1986ONxWBTpzUp0pcvNFq8WtLWs200+1tL3b1T6lh8JjlzvljUt8S0u7RSWru1dO97J3311/oD8H/DK30T/hPLHS5msLHxp4Wu9Bht3bzLC0RlJWW3mXchST5QjAfL05I5/NzxL4I1HwH4p07Q/EmmFBGtxHaXXy4vLRXZ4Joiu5XBOMDOQck8kBl/Z/8A2yvGnwfvIND8Y2r+OPA8xS1ngvZRNqemW7KEMtlM24yrEmWEbHjB2g9K/Tu30j4I/tQeH1vPCGr2OpSC2EkCeasfiDw/dFWO0wORK8cbZEiAFD0yD0+pyvMKOIpSp0ZR5nGzpTfvLm7X0ktOi00d9jwMfls8PU5pwaTlC1SCvBpWUVJJN3ezT1Tbsec678QPC/iL4aeCtF1KW3tTrPgjUtLuUkUTzSXNr5cVvBJFglFYeoHUbeSQPhf9p/4CWnwy8QeHk0GxNvZeJPD1rq77GVraWR4VeZ7dmJxtznYqjbyBwcV9J+IvgXrnhDUfDa67NJc6L4a1C5+26tayM0k9jcljEskK/cwcEsRhTgk9DXD/ALUuqeITH8O476+g1Wx0vw3cJYSbS7pES22CSTBbesJj+8SR36VzTwmHrTqRnGSslyrl95SVk9lpHz8l0dx0quIoqCU+V6qUofDJKzSlG90+z1t1sfnj/Ymq2sYd7aa4tGVyZ1GQp6bWZQQCoxkHGMEZGK7T4bfErx78LNXS/wDBeu3WnqkoluNJeVpdKvlBVis1szGJWIypOMjqDxmvo/8AZxisvFHidPC19YwT2Wt6fqFvJZzRrLhlTc0sBc5D54XHKknBJANee/E/4X6b4Z8W3ej6LdSRRMJJ5NPmB82z2yOpVX6nhQeDkAjAHJPg18FiMLX58HOUZRtNPnlzNaNq6dnsmr6r0ba9eliqVegqeJgpRlp70U4uNkmmrXs931j6H398H/2oPhx8Zpbbw98SILLwx4meS3jWyv1VtK1KaJ1ZJbOeUBIpWch034xzt6Bq+qf2rvDfhj+wvhz4r1TTQ7+HPFfhPUbbVLGOBZ59Piu4Y2ge4Q5lt4YlD4B2g8nA5r+fV7Ca3uI0uCcwyh4LoEgKYzlGR1wyP8pKnhs5wRjj6K0T9pv4o6LpVn4M8TakfGvgwSRhNM1NjLeW1vGV8tLW9cNKpiG0om4egzgV7mC4pipRoZrCUHeClWSum4uLvUj2T1TSun5aHk4nhpzksRgKidnzexbt8Simoy2Xu6JStZaJ9H/S344u7C78dfDD4iW16tzaz2NnosOlb42knhv7SFbWXfnDMjSAMuRhgenOPzO/4KsLdJ46+Hay2gtkGgyxiQnAYqzjYSBjPGF9dvGe+n8CP2jPCnxGtNL8HaprB0qXTbm21XQn1PZFc209mi7LKG4Y4aNGjCgMwI28gHpW/bk8SyXEfg3WfF2jnxFpd5ZXFnBd3beXJC6bvntZ1O2XI+clS25Tznivq8wx+HzHLK06FWGIScORwkvcV4PWOjTd7LRbbXPlqeV4rAY6Ea0J0pKM3JTUo8ytHVOW6d+jd9He97flvo2r6hpCwS2Vw8DxRylkBBDhl2kheQGIyMe5HGcj1WeWzvNE0MK214k+0ShuXMksuWbcfq3IYc4wARXnmqaZomsRT3/g+7ke1tbbfdaZcsqXETnmTymJ+dEIyWznA78Y3bQzC3soruB48WsQi35CFCdxIY8NgnggkYzkjmvzvEUIRxNNxhBVE0246X27b20dnstnqkexQqRmqkaidoWir3sm+SyjfRbaO+/Y+wPgn8U/Fvgqz8R2/hiO1Z9dt4dOvJ5F3NDZZALRkEgM/I6g84yMAD+174BSyz/Af4RzzZaebwTpEkowcNK1pEWJPTOTzwQcdfX+HH4O+Q0WpghSBNbKCGyQDIpwVGQQehAye/GK/uf+BMSr8DPhIAAq/wDCEaMw6YwLKPaoxjjOe/GFGSPmPi4zAYbD4qtiqdCnCviYRderFWnUcFBQU29ZRjHTRLRPq1b6iVSLybL4OSThianKrK9nBd7tK/vJvz9TvREAd2QCckg+rEbflxk4PBzjPfLHJtJEGLEjLrj0HBzzt7npjjKj35D/AC9pBJGeTnrgf7wGMkDnnacnBPObcUQbIwo+XJOSOTzg9jjnPQHoBgDGCd0uVN9LJX2Sv5LfurPpscMZbab2u7rb3d9bN3b1u3ps2yOKMMCMELxxnDcDOCSFOc5+9k5yODzVpUyvygDHpg5wPXg4J/FsHOKkSMYwAAVUoQc4HHAOByMKegyOfXFOUDbnGcYVenJxhs57cHAxkewGDtCDTu99+topu7S6Wunqlf1bE29Y7wbSsrXdlGy21bb62+WggjOFbbxtIJ5POcA8nkE52g9Ac4HZ20tzgsF5HHJz1AOOR+ACkckKThcgbjuzgjjnjJ6YGeQD0xgnJJzjArcghiecqcYLeu0c47EjueBwMVok9r2/y03fr57q2+6bXnulfld1ay76d+mlneyurcaZxnAxgAEnGT39Oc59OoGciriFRkEgKBnGeCeANpPGfrznAHA4qxOFPUDOOMcZOecjkDI9e/fBNWl2EMOqjHIGcD2AwMehGOp9QapKHZXvquivy30u+vLvd37JactXnbTi79rtq6svx+SS+Ws2ASwK5PO7jJUE8Zzxx6gdSuBkjLgFwABk84bONxbGMZ5XsO2fqM1AZwrfMqjOMsAckY5BHTcD0IOADxgHh3nht20HkgE4GSecZyQQevXp361opwTbau7d1Zuyte6v1stHvtprmoVN5bNL0jZJedm/K/V7MsgDOMHORnO5cY+8uOvTv93r1yanIyTg4BAwOMkZPGCGHpkj0HPWs1ZXRgM9fUA8DpknPBPbJ55qeKTeCSd3UZPOOO3fbkHHcDkY76U5t6JJtta3VtbaWtbTRb6u+ivYipHkUbST669dVvrfT8Omj1sL8hxldowCcAH5uT0zjqM8DqCM0jMdmCOmeQRgE9CR+A+uRngAUhbBPORgcKc46dzj379e2SajJIG0qQAQCWH3ckDqcBs855wOpJxVuqle6T13ez2u9V5NXvq3voTFScdk3o7+dl2Vm3re35XQh2heCDggbTzkEZHUHpx0z6DvTAQwyMEHklgeM+oAyMDuAc4PfJpWHIGeC3TjkYz6ZznOTnp7DBcGxkBTnG1SAAMlgOo+8Dz055z3oVRyirp3vtutFG/frrttf+aylRerbtKTXq9urdtHba3zHAAEMRn05POOP+A/iP54p6kEHGSyg5xjnAOev3hjqCeuMjsWh8nG04wMHBz8vv8ALkkZCgA/h1qUBWz945BfJ9eeOR1GOQexGe4pqVmm2rXu/e3TSsrb9Xzc2ml3bRDs7rdNq17WdnZ2v0017O7Xqx9p4IIwBknOGz1Izz65+9zkH3cV2krg/Nt+8MgDjcBjBB9zlgeQSAacy4GONuCcHnqQTu54yTyWH0yOQwkDIJwegPJO0t0IHVfqOuTxtJakubdpO+ltkm4LZa3snst27AuW229mnbRt29Pnor9FuxSyqTyCTwOQR68E/dzwe2eMZB5aZAxGMkgHOAQc8YIHPPYDGNufow4yRxg5ABJHbpxwcdSNu7HBPaoQoI3E4G7kHLbh/vdj1PPHrgnFCa19bO7vf4Xr/KuqS19Uy47PfRfd8Oj0WlnbbfS5OHyeowDg9h0PcjqcZ6kDkelKGGQMkfL0POBnqWxn8e/XuMoF4BycMwIHTrnjB2456nOOoyRwyMcYG0sc4Axyc49MDHIUjBx1PHFVdact1suiSSstdPJbX31VtGr9tfn/AF01Fx/EoJBGD0H1HYdvX+eQnUgjHQ7fUbcgkcHqCBjGeSecUwHJ2sSCQeM4wTkgYBOAOx4z8vc4pxyMAkHnOB155z0zn6nvmpla99FbfXfa2ttkvyS02cppvW93rpd32basrq1l101WyEJ2nOM4HzZbODkYOWyOMcDOQe2OaCeMEZDE4zkZIHU4PPvz355NBG0DB56jHPI74Hc/eJ4wORkUzkYywwdx9wB2IOckjHIweM5rCcm3rda6JPp7qV12V7rfyfQ2hFSS5dFZX77ptX1V0ovzV9bvaTcox93gDoSDjGCep9e+3GBjHIoMnA3L8uMZ4yccEtxnO715GRnpxETgAdhkdPp3wCeCQME85B6GjftIIJHBBwByeOCB35O7PXoc9Knn1as+l27eTSTa3v2120sVyXWrS00tpa9r32s3b5b+jhgnBXPIOMENk5GcADBAO0DJ6DuM03ap3YQYOcFucZyDyCTjPbjHA+p5gJ2gA4zgEbeAoDYYL68diPqMlwByqhVy3OBk/Qg9Mr0IORxk9a1U0rNq17WTfktU01ffaO34mTTVt9LWezbTTuuy0vd2vbTXQYEyQAQD0x3wO7dOOm3HIxnuMOCM3U4y2Mdsc9fu8cNznnpk8Yk8vBHvkEk9CfpnIGR7bugwRS/P8yBhkjPcn67jyD64yeQcjNL2sX8Oul+q7eVt331t8lF6l0tUls73vrrfZvvd632S1aiKcNxwTnOBkZJBBB7f7I4xgY6GldBjtgKTlgSCD2GDx154HbGOcye55DKD6EevvnGDwBgbc9c04cEKB0B+QAbi2Mf7OMYHXqM9qXtHtZX15dU9Pd7a2187PdK6QmpO3vNuDXW13ZXa7d0ttdFdDREAoOBwAMEfLj+6BzkeuDkd8kZqYICRlAMcHkYIAyMLklRnAz14I6nNMzjGcqclcc8hvboMnGSOuQMnNG9ugAyc7Q3AXGdvIzjPLA55BJ+9xUO7bba/Hy16dn0S1va4JW0e/wAmrNqy96+1lst3td6qVBLHOCe3TgZ7gqV5zx16ckkkPAwVzlRgAfUgDgEe3fjuT92o1LEjP3sk9uqggZOByQOByTkc84p4zv5cHuowOM/JnALc/jjHp1oVl0fkm7rp1Ttt31326CbS0vtZ3919Lt2S3srNvSz7DxleeGHO4gY47ZPzHj17EnA+bFKF3ZyoyD7dWHXOOCMkDnn2yKaQBuPOCQT06DjGc8gY6EcHmkDgElQCDt44wcAfNwMZ7j5R7YFUtF0ttdJb7W6N6a22fXXRwnZaaNar1dt9H21fzvfdzx9Mkcc7e+cjncQcYHHuOAcc0xogNpU/3iR35I6eg9QMDPJzkVKrAZx1bB5GcgAnqORxkr6E47HAzAZY4K9RxyQAcd+WzkgnjB9OA5TlZJXaS91aO23nFXSu93ZOzJTbve+n46apXeu/3NP1hERJbBzgnOegznPH4HPT057quTnA4BGRjBxntwOMHr3BHPNPJJBG4fMOTnBPJIAxjAzjIHtwSoqMqCCQ3PIwTgHnqOx+oOe/IxgUrOzv0u301Ss23fR37Jt2syrSavp0UevWO+rSu0ktLpLbs9scAclSfTpz9eg4IyScHrSn5gOnBO4FeuOoUjn0Prg4PbDFUAthtrN8xJ9cc4HQMex49uDggYtuYsTgjGRznG04HynpnruAP0qozjdLfZ2Wz+FLfo9bN3ej6bEdGm1ezvp5qO93eyetk0nayZMT8vDDIHqMAdcbeOoAxgcYyvfCKAT/AAnjJJJwxOckAfxA9eM/mpqInIVh1XJzjH3vT+uRgjn0pwXdgk9gM8gH0J749eB6j1q4vTd67O1tfvV9Hb57D57R0Sje1ktk2kn5bpu/XbzHodrbcg5JGOhAA4wSRgc85wcj651LNfnQ553rnJ7Dk55HOR0AIPX3GWFAbntnPpkZ47nHTHGRgYrUtM+bH0A3Dgc9M5J7ZxyTnI9DW0Xa3L5Xuu1r7XtdW67XWj356tRSi7Xtya3Vk7R7JWtp569m7P8Ah9/4KLRPN+1l8Qb51WRo/wBojw1bQZYhozPdBWKDseOOjLjnhc19F/8ABQ/R7iL4V/Aay0y2laeXxdbxxMzPvea5somOcZyd2Rgt3FeEf8FDF2ftTeOVZUxJ+0l4ULNjOGN2qjaBz94nkDgcDgCvsj9vW6sNC8N/s0TaxL9ns5PHthPPPOmY4ok0+NixH3VAGAOcKPrivzzllUzDCSjoqWJxtmknreLd73VpXu317WVj9YwnuYWSunKphcD6cqjBXT7pWu7Ja6b2f5YfCn4JeOviLYXsel2Qk/s7UNXlvmlvGtZJfsO55o4Y1baMY2qSdzkHjJ44LX/hjd3OoLPqlxd2pgaWNrWS8ncRi2co0akkgqNnONw3Zz0Na+jfHPX/AAr431yPwxqF1baFfa1rYnhtVMhu7O4mkQzI2QY3IBKmNiwzxjAA2Lv4maRqEtxAdO1OUCB2V5YHLlpCzPuY8kMSRk5J56jGf6A4UwVCrh6eIxDw7hOnGCg4JSU000pPlbbd97/OysfmXEFXE0sRUw9GVW0ailGSk0pRtFJXvf3XdaKWlnrrfIj+Fdvc2+nhpEMTxtMQ0zbvLT5u5K5Oeo55BOa2rX4T6DKltvCF5LwRKS7YYBAcEFtuCCARnHGO1EXxGtnSy8nSr0eVZzxbPJGWym0MQM4IGCMZwcj1FXNP8fbLTSiujXLvDevKyuiq0mOy9M8AAZGccZGRX3EMHl/LJ8lO0bu/K7JRUErbK1nrbfW63R8nUxGNlJONSTlqk3N6Jcrule9ndtNK+9yfTPh5pNrb6k0kUQNqJEiVSMFnkeNSy8gqwA+9jaTkcjBtal4C8M2H9nSPaQyO9lLO+1w2ZQm9SQxIIDdck7hnOc4qrH481N4NZSPwrclLwGQSsGHlDc2M7chQWAycYOM4yK4zVfGniKe7tFn0ZYLeLT3jTzCwDAry5ZRnkjoB7Z9crZZRtJQpa2irQ1buo31UbrVO/Xom99o/XJptyqaKMlaUns43vorb3smr31ex6JB4M8Oanpt2rWNoksGnCUTqiB97feIbJAYZwuBgEgepPnt38P8ASLewu7xLGUeUjkzzklECwsRIingsCcZIJC8cDFR6Z4z8Qw25i/sgx272hU3HlyYdUYnKZUBmGORznkdertT+JGv3thNosFhFKLyFIArwgXCrJtQsY0BwMZUHA+XpkDNeRj8Tl1ByV4tNP4IXak0na1la3dK+9n29HCUsbUakr3drqbfK1p81ondWutvTX/Zss2N9cI12rRxfanSWNcDEk5jYOVHPB5yN3bGRkfK37almX8NRlZzMx1y+tHZjk+UsjyhTnGQoAXd2B74Jr6x/Z8XVNH1rUdJaC3ESwyefKQyESGYzFFLhcsEzuHOFzkcGvmj9sezgn8JwCFWaafxTfmOPcCxjKPyuPmAPHJ/h4zkgVzyrUv7HqTpSk4zhq5Pb34/Cm2tVa7dulrpndTpTjjYqaScXF2TbSvFcqVklLfR+l29j4g+EkQ23koVncabL8pyB145P1GOPxGOPTdattO07T5Nb8R3wsrBFt5oUJAlupEQBre1ibLSvyNzKCN2OSvNc74I1PQvh94eF1qkcd/rmo2si6ZosOJJ53LfI12wJMUSHaSSu446DOAzQfC2u/EnU7XWPFUrXMiXpj0/R1JjsdOtd2clVURqqKQDI2C2CxOfmHxFfMG4qlRk4rTnqvo1a6jf13bsul3ofT4ehBckq0eackrU077KKvLdK93u72atazS89vn8QfEPULS10K2n0bwxNM0IVco80ZY5e5cAFnkGCEBPJPXKrX0P8J/C/hb4feN/hnbaldxxajceOdHisbEAPfXssl1GDLKoJaOIHJQEHJ9MHPFeN/H/hz4ZG78L+GVtdZ8TWoleH7MFaw0qdyfnlcbhLKCCqKQVJ49BUv7M/hfVfFHx4+F/iTxfcy313e+KbDVd90x/crbzoPJij4VVDEbQMEZz0rCnKLvyc0kouUpvVzel/lzJvna5tVba73qRUmoyspSajGmtox91taaJP7+66y/Tb/gqBbpqPxp8BW8jzhLbwpDtUSFSNyQMA20c5B+Y/xdAACK+P5PDunRfBf4mXjRTNLb6dIIZHnkPl72XpknK7RhgTjBBAOGr7X/4KNIl58efDpUKWt/DdmqqSw+9GmM8Y6DGQ34ZAU/M+s2Ji+BPxXk8xQF0/KgHByOq+hJz64PIPBwf2nh9R/wBVpyUY87wda6VlJ815aNu1vLofkOcxkuIYRTaj9aoLe60lBJLptzLu0t72PEPhXpPh6TwP4WuLzRYrqX7LIRMyCQg5bsehPG0nHAx71a+MFror/CzxOLLR7O2/dIXk8gJIMSJnay8joFGeuPmra+EOgfbvhx4Sn+0EN9jO+PftHBI/hwD1wMZA565qT40aKLD4T+K5BIzFLWJtuSQQ00Q5I5Vh0DAkZxgcivoKXNHI4/uoWeXrVKN2nSTvdJ39d/RJ3+eq+9nbXtJX+vq0eZtL95C8Wua1lfS2q3Xc6n4aaNp7+C/Cp+w2SsdDtH8wwoZC3l8MWODknGTkk4yQSMnp9b0+GPRNYMUUKMumXRG2JQ2RE+cbQCDjJzkjG0cjADPhrGjeCvCqrEoK6FZfOSAOIhyOMHngc8knqM56DXYSuiaoE+Vm0++Bxghh5Leo4P5D0Peu7C8iwNNNLXCptWs7eyirPS9ve9Hra+55dZylmE0pO/1mTbTb09orx+bvdW21R8qfs8R7/CNwzKh3eINQGWGSp85s7c88Y/n6cfSaxNIUjTL/AC7W2jGw7Wzll6Ad8kA4OexHzx+zhB5ng24JdQf+Ej1IfNnjFw468EkAZwPbng4+obezCodsoDlmySADyrAgZwcHOehwfmJHSqyWajlWEirP93a2uvvO/p+T80kjLPIz/tWtfVqpC1rWekLbeV9fnZuyfyT8EY1/4T/4sRlSSNXj25OFHzkk56nJ+9jBHP1r6oYRFQsWEkJUAFsYxhiVA7HJC+o6kdvlj4MAL8Rfi4rnOzXAoxgD7wK8jk8kY+bk4HPAP0hIPJeN1cZyPlBJwCTyOGLcDB4znOe1Rw81TyuLcbv2+KStuksRNPVJO9u271fnee05zzJptxXsMM9+vsaLvb77WX56fLrKIf2qNQDuWK+H1ByTkHYRjkcE5/LOema+qYpLV4i8mUbG0Eud2RwSOmRkfRTjHNfJcrq37U1/lm58OK24jjGwEnr0PA7d8gYr6SgfzAsJcYbLkgAABScfNyM8EdAQxOOpxnklZwWOXKrPMcVLvd3g1zK2ia0vpeyd72TrPaKlLAve2BoRWu75Vdtp8q19L272T+ef2jxG118NXRgy/wDCVRZXJOwF0AOTycYXqecZPcD6I04qUXf8ojERHbIC46DnPAIGB1zj1+dv2h41Wb4Y5cHPim3HAHTemASMgHIxnPJx05r6Bt1OwqJEU5jxk8nCqp3Z6AEKduAD0Oc4rXLJtZxnMt21g+27or3bX3tqur0t2WWaQbyPI49P9r203qwfn6u3Q8d/alkD/Cm85XH9q6dtUYPH2hBnnk/NwOTgkkY6V7l4I2/8Ip4bYkBBomncj72DApJGSfQE9T157H58/agYN8Kb8FyzJqenEBTgA/aIzjn0woJPBOW4JNe/+BlY+DvDWCMNoGnbmyv3RDHyAcDP3guPQ8AZFbUZP+38Y/5sBhu+3O9V21td/J6bceKh/wAY/gvLG11te940vXTt5q60Rd8RbX0TXtmWVNE1MbgG+YrbysSQQcgA474/HA+df2YwE+HsC7S5/tnVcENg5F0wJ9AFByfqTtzivonXHZNF1pYpEcPpWpbgR6Wsgb5TkknrgYO7PYZr54/ZpLr4AjCAFo9b1VXJxgA3LnoV5HUnqCQMDpU1Jc2eYFav/ZcU9r6qVFtLfbbW/n2M6UF/YON0ati8M27afBOyslrbZp6/NH0haYa6j8yQpibEaqTzvHJIAwcEZAIzkHAr5t+Bc0dv4w+L7sCynxXMcrk8eaeO2OeADjA5GQDX0bar515GwO4xzY5ABPqwXPXjPBPJAySMV8vfBHc3i/4woFJDeKZyeQDtLtyefQcgEDnOehrsrSbzbJ4xevtMQ9f5vYrVrrdafre551CDeT5zdLWGGe/RVYO99Evu0bVup9X/AG03RwFLJGpBHRskHHzAZPON2cEkE8V8z+IXaP8AaJ0KVo87vD0pwV5wM5OADnPoVPJ/Gvoy3jMLRmNi26MZAYks5GADuGMLjjkjnueK+fvExlT9oLw67ozsvhqTjA9QMnqRtI3ccDA5HJrqz1N0sDq2/wC08E3p/fjpp5dFe132ZwcOxtiMwu3eeWYtbKzSpxa0Xbb132PcHm/dh2+T5SVGAcfNjJGDnr0x6DnqfnL9oFiw+GjEjB8aWmSBtB5bqRyOgIHbIOfT6GkTzArs3lgKxI4JyD1xnP5kDqcivnb9oGYmL4b/ACg7fGVowxkMwG7gAjBJOec4GOwNVn/NLKsSmpb0bapXtiaFknrytXejT11uVw5pnWGUbLSuteqdGaff5e9ZJXd9WfRWkz+bBJtGBtjyoIOf3Y9eCOMnBB4Oc9uB+Mrlvh94yQKVH/CNXrAEfLxtOcZU/nk5GBnOB1uk3rJbKVB/eLgpgcHYuByR27HGc8jAIriPi1Pu8B+NPMZyw8MXgwQAFJUYGc45wAOuMdW7dmMcnl1bV/7pO6ut+TZa6p6N6Xv62XJgopZph+ZpJ4yla7W3tI6p2tZ+e7bV1sT/AAXlRfhl4GeRG40GAgnByfmAJxzycY7c88V619o8yO4l8sNujmwQcbd0MnGOMYyAeFJ5HANeK/B24UfDXwOXVgI9Dh+XcMABu6jBY4OfYZ7EAetLeoUl8qJiDHMC54UEQyEYUgDPHXABGcAZONMBO2WYRJ6rCU+uutFdNtmrrtbRX05szpKWaYlxS1xtTmVtdakY6d7WfVNLzZ8u/s/SSMfHAUMQfFd+pVQCQBNwCenHA7gfw9K+knRkEjsi4clQGPJz/e9Omcc9yQc185fs+XlnDD47825jgZ/Ft8VEgAOFnJJB6AfeI9cHPQY+gZtf0cOYWu0fDZARC5BUdCRzliSMfKO/HWvMyGXJlWHbkk260leWqbqyUdPS7em+nQ6+IaUnm2IlGnJ8sKK5ktP4NLfRu3S6fm+p836qY0/aJgfbuA8GIpXkgtuYHgcYP4/kMD3xLxY47UiPahyAqruIIPBOBwOvsCcn/Z8NuvJn+P1vLGAgfwmNu7kMu5sELywU5yQQcjkcHA98t9Mm3KyoJchgMH5F+XPyngYB3H5cZORz3Mkam8ycOZP+0q99rLSG0o380rffa9+rO3+7ypaJ/wBm4ZWXRpbdNX3XktnY8V+O8xm1T4QEjax8WK67wACF2YJ24wCAOOGGO2cH22a9itmkzyzMV4X1BwARnBxnJP6Zrwr46W7jW/hEjhsxeJiSCPvMNo2p68noOvHtXulxayTsxMBZVUFEVSOdvVh1J5/PgcHjXAzdPMM45Zaurh7pu9/3MNt33dl6SFjoKpluTyd0lSr9LLSrZ9HZq3o+jPJ/jCVl+GviZVTDNDbsSDyCJjkkg845xx1wMEYx1/gYiDwr4dOA5fSbJfvk8i2jYnbnHJ6Yz3JrnPi3bSR/DfxGkkTRn7OjNlSRy5OQ7YPzEjrjjgcCuw8B2kp8L6CRGzIuj2TLkMQVa3jII6gE44BPTJycEEpyvnrlJpWy2mlJ2WrrbdN7PpbumlYdWDWQUo2af9oTtaOy9lC2+91az0v8jpbp1Wxut6qhFjeZ3HJw1u4553Z2nHIyegzXmHwIw/w5semP7b1zjsV/tGXB754HBJ/EnmvU9RtnFjeuyqo+w3QIDKCM27HOCe+DwByAcYHTy/4DNEvw7tULQRsNa10L50sUZwb6clgWcEAE9c4xjpjNVipRWcYP3464TE2fMtEp0LJ62TTfo9zloUp/2Hj0qc2vruEUUoyv8E2nouyWnW+u57C5R542AABdAGY8ZDD5cc8gEHnJxuyAa+cvAcZ/4XZ8W3BjP7qxXjswgXn2Ptyd2Acc4+jTNYo+19Q0vcrRkFtRtRgLgNgmUcnjHQgE5YCvmrwFfaZH8aPio1xqWnW8Ev2LbcSX8AhcrCu4RyGQLIQSd2CTnn6442pD67lb9rBL63K65k7L2Une99vPr+XXllCu8Bm79lOzwkbPlabftYWS79XbtfofQbFSqxgDd1IIAXkEknAGOoAA7cDIOR85fExHX4wfD5lAINuQMY3NiRcgsQOM4wQPXOOa98n1/wAJ26K0vibRlOSXY3tswwAeAFcnPC9h1yASdx+dPiL4k8MTfF3wBNb67p0tpbwOt1crOGjtizBgZCpG3eF3A7j3AUA/Ltn2IpLBpKrScnicI7QlF2UakG9G3ZNaaa7aK5nwxhMQswnOVCso/VK65nBpNunpFPlSv2V77pbo+lZJ7jzMHITzflGAduepz6HHc9RgZwAfOfilK8/gbxD+9Zt09iiqQfmxPGc8HGeMZ54yee/Wy+PPhzDGTN4007O9mZEEjEkDHZSG+XOCQN2CRkkbfMfiJ468B3fhPVLTTvElvdzzvaOkEdtcKcJKm9g2zYOm7O4Hnj72DnmeNw/9n4qPtabboN29pByUmorZa2V+l33uGU5ZiFnGFnLD1lGNfnblBpWuuvK/h+9PZ6nvnh4E6PpQJJb+zLMk4GNojU8AkgE9M8biDtNLr7CS30l1Rvk8SaGcjGFH2+3LfLwB0Bxn+EDnmuM0D4mfD5dL05X1i53xWNtG4XTLyTcUjCsuViC/eP3geSOOuS/xB8R/B9zpiR6ZfXck1tq2k3beZpl1ChjivoC5MjxBVG3AAYrgqQMis8xxdGWR4iEKtNyeXzSimrtugorROyWnk+/VIyzLsXHiLDVJUKkaSzGMryi0v4sXfXR3tut13s2ft9/wUOhhf9k/4c3DDDR6/wCHxuJBALWUe4YAwCccgYB/Kvwi8SndBpRVyy/23Z4xtGeG9R1J/XsCAa/WL9uf4yweOP2VvhxbaPoOv2OmWPiTQYLu+1KzaC2vn+yKsctrKwAlR8Eg5wxAK8ivyF8RXkaafo82/ao12xBR0KnLBsbtwxkgcc7SOeuMeH4YV4U+GMTTlKPPHGVJ8t7NXnHRJ2asm3s1fXdJn0nibhalXifDTUZOLwVJNpXV1BfaS1Wi7LXft09wwMTbRk7m4JHUMOTjPUdDgZGM5PFchr9uE8a+BZFABay1YdeoEa4AOeMZOMHp9Tnfl1CEwSgqwcvgY5LEFenU5zkA85weawtcui/izwQVQELZ6uCSAQBsQnOQRjtx1ByRyK/T8VUVSnTs071cPe+lrTht5J+utz8qwEHDFVL6Wo17eVoPdK63u112W6OwUYR/M27gc7t3QFuDg4JGQcnHHbrXNbgPHNuvzEr4d3HDMOGyDkdOnUEdeD0Gd4MZXO4hQY84JGMZIBx2GeeoAJxyW5wXwPG9i4yWPh0gFcHAVmIDHP0GSMc9sYq8Urqiml/Gpre925Rbs+i8rX6djPDe1lUryV1ajPR3vpy6rW9lZLbT8TqHtre5QrdW8FwjgjDoGAGBgZxuyTxjJ9QSMGvNNT8DeF7/AMTXdvJptuEl0O3kaMRIyFjM3zGPlQSOOAe2TwcepRIqRktJzjIOQdxbAKgnoR0wDwR6Djmbhkj8YOskqAN4dt2BAzg+ex+783GBj8eBt4rmx+Hw9SWGjOnTneot0nutn59vv3aOrA4rE0aeIdOrONqDbtKTs7xu0/NJ7b9NTyXX/wBnTwvfD7Zp8z6bMvlkSWJ+xSCQkkbDGU3Ec9QAOecktXnmlfDL40aLqGvyeCvEY1yOwuo0fTtYHmy3Q8sMqee24qAnG4HgjsowPtAshsC5KltyAY54XByAAME9c9R7A8S/C4h/EHjInBxeWg2k5GQiEYHPfryOQMCvHx+U4P20J0FKhNOVnTm4pJLmuknZbcu9rteh6uX53ipU5QxEo4hNRSVWKqXV4q2qvqm72tr1Pw3+Our69efErUW8YaGfDet21tHaXtl5hlhaUD/XCTJ+WQjIGAQGwMDrr/CHTZz/AMJFfvbRPGkdiEkmIaJiZAdqDJBzu+XHAGCMda679sxYZfj/AOL45VEiotvleTghUwByOOhOc45yGziuc+FGsX1tBr1n5MN3ZPJp6rCVEbRksoADjnjqQOPQYxX4VnUa0c1rTcueSxM027Nvlkk29uZ8t76Wvte5+5ZHOnPBUFy+zToQkorZcyWiTu7WWmv3o/cD/gl+Jbn4wWIW3RWttA1OTzcAEBnkG0YHAH8IIX5dh9h3/wC0/NGn7RvjeQyLHjw/KshIG0N/Z5zjAHvgY6kDnC15D/wS91w2vxm1O18ieN08PXk7TMN0UaNMyeUo4Tk/UeoBIA9F/aovVu/2h/HCoEPmaCqllGAC2mkEjA5ySuS3fJGBg14slJ49ya1slbrrKLS00XRa36a3PdlK9CKilayVnumtfuenylbufJPwtnRrqzQ5YBb0hhgjK3JZcjjGCADkc8YBJxXQ64of4i2hdlYpq+lyspA27njUkY287sDg/e79cjyL4T3sth4t0xWl/wCJfJ9thuTI2RE3nNgdflDMwGcAk9+1em6wVf4szJExlhg1LRzuLZUEwKxyOpOOo9WOc17EqqqWSvd2jJaLla2kmnfSzV1v1Z5tOLhKXSLbtu3pqnva1tL739NbfxGKronii6jAiuIvEkaiVEGAAwH5FsjoG6Z744Rb2fT9Aj1e2xcX1vpuqiVHzlo5mZGK9CTscgDGfXFdx45jOpeF/F8qNsRPEqBgB2MhUEdMEZyPcdckhcHw9awz6ZcWzFZEi0TUwpbgo/mqAzA5DEEjI/iKkHPJqKcUoVW3zN2ad2vefK9u/na+yezvo+aUovTeLve8W/d2Se+13az1TTudRqIW98D6dc6e7PDbeFtHS5XgeTLJNFI6nkEEc5JPbJAxluh1iC3eHwC1qzLIbq6u25ZTvijAVxgAc84IIB25578JpetO+h+J/D12iQahHp2jRxCABYXgCg+YSNuWK4zjk9+Oa9C1GE28/gKPHmBNNunUZwWIUBlzkE/e64wxyR3I59Lt6qTUm0tXCyWiTe++mr7O12dkJe64+TtJP4WkrpLWzd1fW2l9lc8vnjtrjwXrXiC8dZblfG1siXkmTIkUdx88YYjjpjBOAAMcV7Jot4uvW3ia/SQMi6LLEkgKkOtusTYwTnqDnop7HJrw7xLIIPhbqlmUMKT+PhIrAcFTccjuCOScDoCcDIBXsfh1qH9knxDHdybNNOk6htDcozMkYVxkDjk57845+YiaXOp63alu9bppL4tFZK109W2ut2Zzi77NJW16qzi3fTS33PqaF+tpd6vq09xCtx9q8J6RFcBgf3gMThVwRzh8ng8nGSR1o3Eh8MDw7O7OE1jw3LBAhYhYUSQqFB5AIHoRgA/d4K6LWjQ6pLcyMHtrnw7o725UnDK8U5QYz0HIIxnjcQqiuX+KZuLTwz4I1J/nU6TqMajsoMq84B4xjjnHUYUjFaRg5XfWnKOlrrouZ9WrWe28X3sS07X1VkrtaW2T26NL71e7udzc+G7tdW8RapFk/aPANvJG+futCobKnsCGJBHuMHNfDt54X8Z+JPEl0ml2r3Kz3bMktwHVGQogDLIyiMbTwCrHoRjoT+jHg7XdO1rTYzIUSZvD1ppdyXH8M0D7gwwMjgEkk8L1yDn61+Gup/Av/hWPhTSLi0OqeK7awupbmLRvDyX11uS5lB82ZIy7t0GGyR+Nc+O4nnw7hpVKVJ1OaS1Wi91qV5aO6b6PS/XoTLh6Odxp0qlRQ5Hz826vFxsrfDd367NPqflN8F/hN418I+ODqniNbWLT59MuYIgtwzv9olUeWmNxBznjOCDkDAOTo/tbWl5P4P8AAUEaZkTVZ4zsDB/vYAKrg9cYwM5OM8HP6s+L7/wjq2gadolj4H1zRr1tQgnh1bVvD6aSsoi58lZWRGccKSQeRnPPFfnz+1FZ29hpnheaWQoy314wVgCqyIxwRkkZYjI5PfGKWWZ7XzyNLFzjG86nIkpXsk0rSaTd7taeaVldm1TJaOV4Oph4y5oRpttyST9619tF0aV776O58b2dl4t0zwT4m0iXT9bvBa2cDNeJDdNaWltKTIFZwCEQBsKzMBnJHByNTwQdemsFkfSriRY7ObBxLI0kLwBFkPQglyQM9P8Avon9CtF1PQ7L9n/xjI9vcT6hr3hO1MlxLbqEaZGZUAMn3SBgDaBzgg5r5v8AhE15LHqEM0cqLBpqRLIoj44J6nbyoJI74IOCQcfqTj9WpxjOUZyjho1I2SSi3ZqLctLtO67p67M/NqU5V8XJwp2i67g2ovWKtq73S1V9Faz0utvCvBHgf4jjU7yWTwZrTWMVlezQ3K6dezW4+0eYsYFwsJiwARuIb5R8xAGMegfBzwJ42T4neHE1DQGhtoZrqS4lDjd5Tx7wR33AkjBJI5x33f0DfAL9tf8AZm+F37OsPwo174Yaj4m+Is2kajZ3epy2VtcW882pJJCkyXDKZE8lWVvk+6RuwCSo+A/C91Y6t42gbSNEn0uwGsXc63UyInyyfMlurZDbVGEA6HDZBPNfD43iSf1fE0XBwcVKCj7r9or2tK0Gtnd2bXKt9T63A5VT+uUZSpyaVSEk3y/3W4v3HrHmS0lZJNPR3PiT9pLwdrGr/EzwT4ck0OZo9R8iysmk+TzpL28WO3J437GkYZI6joQc034y/ArUf2eJL/4f+KYNLv8AWrvw5BrEFxpRlNtaRXyiVYN8o/eTxb/KcqfldTzwAfqv9qbVNS8O+N/BnxBtNPF3P4dEUulmePzIftmnyCaEyRKCsiq688EZGcDNfHfxS+IHjz45ap4q8dePdUeTUDa2oSK1tnht7O1+VUt4ItoWONcDIUL8wzweK9LhbGVprCyhVhCE6VVTg4qLle6im1oot3cbNbb6HNxJgacsRiE6cZVFKjKMrLmcbx0atouicbXt2tfxDwv4M+26D/aUVuzRQLL5hlYr86qTleQOAMc4BIHPORteFvBF/wCJ4NWg061e4azRbiP7Pby3QeQLkoTGrAPk4AxuO3JB4I9++G3hLw9H8PYdS1Ce4aO4F5GxebyYzIquoLKzgluhPQ5PfAr9X/8Agm38K/DEfgbxfr82qeE9MtbzVitlJrTWU1ytzDbv8ym6ZVa3yNxRTjORgt8tHFXFUciwcqsKXtqsasacKcb2nKTVnzRjZJau93Z3SadkPI+G45jUgqlWVOMouUno1FK1tG11fWXmnokflp+y9ZG31PxPb3FtexXlvblZbe9tZrURyRfK0REoAB3fMCME4AIUBlrzT9rWzkvfEGiC3gTebCaQyAgByGLNuI4xnjBwCc+wr9Vfj5ruhjxmbLwXfeHNTn09b5PE8uh6bBaRzyCZ1DPJDGqTErtUMrEgDtyD+R/7WGs6xZar4cubeKO2tLyynjcvGHZCrkFgcAg7gDjucFsgtjxeHszq5tjKWPqUXSdenrDeS0ir7J3VrS2a67M9rN8FHL8sqYNVfaQpuHv6JO8ovmv7y0vrq3e610I/A1lrFn8PLC8ga0cRzXBYSAjDDPyAEDk56gtnjcBxWX9uvbbXbW81Gx3EwQsiwksSpcAbcAgtt6Meo7jv574a+JHiqPwxbaGLfTdVtIxNNGufIuNpwCz7Bkna3Qtycg89bcHxFsrvXNL/ALR0+706K0giSZ4SbhGw69QckBcdAM9MYAzX6ksZyww6mprl5LuUG46WTb66Jd+mp+YvKuerVqwnTnzp2XPrdtJ3Ts7W6vr6npcmv20nifVpV8yBpY40WKYMpC+UTjawx6Y6Dr95m+WnKljf6v4emlt7a4jltLmGRZVV9+2ZQMjqSOmMcHcQcVC17omueJNQurPULGS2dY2jSYi3lysDDpLtxuyAQc5JwcdRVSCW3uvC+xCJGlvdxjAlRUEy7G3ruGH4GT65yTkV1yxdGvSilUg23G90lLWUG9Hrrvbe1+jMKWDxOGq+9CdkopWejaad10d7LTe2re9/lDxlpYl+Luq6Lp8CWy32sRWcSQFkjjE52KTtx8ij5sY5OBgDOPujwh+xXd22naf4x1bxWk0OiXXmXtrbRhol86BpbaIuwxhgBuPPIzkYIHyPcRzXXx9khjgNxK2txSMApO0xjPmNt/hXGTj6HGeP2S07xLDbfCDxto0bJNqEOhW2rzSK6ZhdFCbmGcgbdwOQASW9OfwjinMsTg8xhQwk1GLxajN2Uny+2irK60vdu66WS0vf9byDA4fE4apUrwc3HDuUb6WlyKVn53V0rbb7n5T+IfCV/bvcanBYx3SzX1zGFtyY5AolZFO0YBYkDnk8HA5BOQLrUdKvYk+26jp1xBb4jjug7ouQR8oO4bd2QSQOQMdefZftVtNbQzPLgPqr5Qvtwm/cuFOfv5Y89M/ePNa17Z2V74qJmhgnhGlFnSUK4yVyMjpnuRg4HPQiv2vD4KlVw1CtzyhUnCi3Z9XGGult309T8sqZlWoYitSlSjKnCcuWGjVuZWTun1skttGulzyPRfGmqRRzx3Npa6ms6yq88TbZsno20cemQQMHkH+9pWniXRJLOa3kN1YTsNpNyg2A7sjlTwD0HPQDjBFbGpeDdJnuohDA1ilzKj7rRzHgOWJAA4xkd+Bk4HY8VP4N1ZbbUpLHUopYLS5eMQ3kWXeNSQvzAbmY4KnHHYHjB6qdKvQ5VGXMknvo7aN6va+t2mtWzm+s4PE3jUhKk2unuW1i20/eW6W6TT3atc9KQRTW2jrFNDdkTKr+U4baCcklck8jBH/6wKOr2zqkjqpQDVbQrznI3/N64Jbjkd+vPHnH2PWtK2yT6fPAESOZZbKRypD5BYqQozjAG3A6gjgVt2fiKa5mg067MhWa/tXLTRlHX94NoLZyScDkj1xngDPFV5SpyhUhKneLSavZXSW920r631s9rlU8FGFSnOjVU17S65rafDomtPR2XM10aP0p8A2xTwq8oLMyWzc9QA1uvJzjuc+3cHisTwfAYLa9E5P79ZnJBAIxK+RnJGD/AJwDx03ga4hh8LzQBWwbJ3G053Mtui5yeeVxjd1JbsRWXoixNp/ygHzI7jKkglQGY7iexBPbI7jggn87x01CpNNJybjFNrT7O+973Svo1u9Fr+pZbCThSlfom031tF2bW6a07pnn/hve+sfZkaRIf7YTcpJAfdcKFwMYXGckDls5HIr+/X4aR+V8JfhIgGdnw48MAE/KQRplqM4xnGfmyOuTg7a/gR8LL/xU1rCkgIl1eAnnI/4+E4PPfJ2jt2r+/vwAqj4XfCsHqPh74ZBwCBxptuOfT1z6HOQRXzmb2dGjJapVJWv7tvdgnbr3TWl9V2R7WHbdeSknblas9bJSgodNb7N3V/Q3wQhBI5OTxj15z36kZHXuvvIGCqvGc7sDO0bSCCW6DA4ILEEdO3EDAg54IOMYGRyeB068fl0OMVIAwViFzgA9eCSSfug5OM4OPujnDYrxtElbTS+ivdK19reV27fidUEm9LLZbaa2Wumlk736W01sSF13ZGADkbSeSSCR3JzjPJzn1xnMZG04zlmBxnnhTkFcYGVJwW5BPHAwab8/LbRgjOCOhUEAjIBbnsOM+mDSfeyykDIGR0bk88dRjjBGOB2I5zc5p6Pfy0T93brp6763tqFSlOVuV7xV0tNfc5mpPomtXZa/grDkMN20jpnnH/1z1BP0phXHCty7EDIycAnAHGcA9iByc49XlWUqCVJXJbp+BAPc5HJ46/7Qp/lkcnBAGewYEkdu2PlJHIPfkitot8sU+yvt2V/lorW7mTio+S21d9FZ2Xpa2vl3I1XJIyOSBjjPGT1OMDj5jjJJU8jAKMAu7aOMnPQ5bICgH0yDk+xB7ipWBGeCMHktjGWwSeO2ePUkc85NQEkZbcOAWboDkcHjHUHOQScqT0AFVG91300TemqVu707LzS3Rlyt6Ncy0bj3+G277/g7iDJ3KqgKCM8YOTjdtPcMB6k9OmeYTEASduCASOnDE8ZyOQc8kgYJ6kcmQseQSDlcNkf3ugOMYJwcnlaaSSehGB16Ek4556kfMOegGdx7FRNNffZ9XdJau27TTurR+WlNRa95O3TT0e/RddNr3d02MAAxn7oPHG7A7AnjjK/e57DqaRk3BjgA87MEHK+h55+h5529acV5AI3Ec+mB0AyMfKOuT6896UIAqsMj0yOpGeFGMdO4PPcKBmhOVrtp3S1Vr3SX5d1o+mxm1CSt0at57R1va6ei6pdNbK0BjIJLKOSeGHBIHA5xjODx/wCzHNAQqA+dpUA+hyMdCck9Me5IBGKmIbh+AuTj5QSe4DA9+o5+pzjJhYHbnoC2clcHAOMEd+D1zzn1FF7u2r1V+nN8Or1tpa2r1s9+mcYQTTtey6pdotyak9L3fl2s0m4mI3YyCQQOD1OCAckA9e+eOAOmajK4yq9RkKDzkYHJPTOADnr16DFKQpJYc4bPTG4HaRtBwcdMgr1756yLHkktjLDB4yc5wGbndjIPoSRk4q1JRdm9G0rW1jolZ7bvRbepp7zurJ2aV2+V8qUWns02rva23uq+0Q+VsEEnhWC9QSTnbzlegPToNw9THtJB2qQV5w3bbjAUHOScHjjPT5jnNjZIMMCDkMAcqCpG7LYxnkHAAyeD2xTWRiQNxBByT0OORkA4GevHGRkcnNXCSdtbp+ivZXV1fq/JWvtYiLk42lF3Xupuya1js7rTm1t9rRJO0rVghYdSMADI+9jBB45OMfLuIxwcnHRSgXGPvDBOeSRnOB2xx97kjOBgZzOV2kenIBADA7snnp1DEdzxx0BpCowTgjAwwyOT8wyQckd8AHIPB5OTalHqk9brbyVtrW+W7XXUqT5YqTb6XUr3vddLpXSTdk7dddSEYABwWwjE5JO09BgZ4zjgcg7s4JqIxAgFRkcfXIz1JwOoPT1GMY4mZeSCexAYDI985PUZ/DrjIpowVyoBBx2xkdCeeATyRjoORyRTVnrZWvd31Tu49dF3+X3lKSdlrdaa3UkrX2vtqk7pe9r2Icc7WU8jJIyTuLHkYwCT3BBxlu+KTlhnZnDAbs7m2hSeMZOOPvdQw5IHNSEngAEgErk9B1J2gDkHqTgZJyOc0dF2lvlySeOfm9eo6ds9RyOwrTRtbtNvfTS703vdWWl27tbkSbu4qy9Utb8l/wDO70b66MYSu7cFwMr/AHs/NjGAQec4xnnHPemtgZydp3LlcnJ5yAADyfx4y2SCRiQryvAI7bsEkYPXqdvoOoAzyc0gViGBHfgk9s54GemAcHjqRnIwC0Utb3T927ts0vu63t691Guys290tL3s+2mzXWyT9UwKQ+SdpwQVG48kZ6kjjByRkEADOWp2wjg4HTk8g4B5HGCD/dxnnk5qRlwCC2eBjIwFGOg5x35J4HfJHIBtJDE42knABI5OF+vzcHIAzz8vNPdapvbfe2m3XT73t6y30u1t1sle2t3ole6ffqRBAq4J+UNgn7pK84zkH6ZPA684NRjcQSBxlgdpOfl4HB528ck4zyTVl+ykAcAZYZB5B3AA8dsY/wABTSpK4Chd7AgNyeRgsCB17EEnnGDgAhqUUt/O9rNtWT1td2v38/IhX0V7t929rQe3mr2urP3tbu5Ac4UbcYLY4GTnoeQcnJJAP3STweMRNkDKjhRgDbuOT6N3yOT9OfQWiuMEcg9MhiNwySeuByTk4AGVAGeBCylQd3YEggcHcQCQO23AJIwc85Jqou6ve/rfo1bW9/PV9E+xpdtRv2Wyt2a2763ureaIWjOOSSSxJO7jjpy2T15zgZ9cHIApAUjbngjjkbsbiq9O2OSMEbuORTyBu5KhRnd0YsW7jjG0cDIJzjJBGSJUTJUnC/KT0BIJ+UcgcHtx9Pai/Km9dEm9NWvdtra97fo07ITV7KyT31T02vZ7O73830tYiADf3u5bPGSAB0HQYPX6c4oaMqh9MBgcZHB7AZJJ7knjtyamAJbBHG0DoF5/hDY4APABPfqRig7gwByWAPAAyAQD06EgYLHJz60Qk7qz1ejT6O6v2u9r20E4qy5b6WtZJJ6LXra9rfi9LspsgGVyQSFABBK4GMjK568jPQjrkdIwCQQxHByQMBRjqSQAehC9OueT1qdkPAzgD16ox67sZGMEDAz3zyQSqgnkbSPlDH1OctggjdjOTg5JHJ540utFfSyTvdK+mzvZaJ72be6G7XaSu/8ALlu16aXuu5GqjcASCSSwXnOc4GdvJ3Afh1zw1KEHIIOSwYZAzweg6ccgfzPenqAMYbAGSCcjkDO3OAT1AzjA9MjhSpAB3YIOemPlHoeOck9+wz1p3Wmu9m99L232fWyttbsjPlcZdbJafD3T00dktb3s1pdkBQEZPJJO0g4zz0J3dF4yQAM8c9KhKqwJUkYXaQ3B+VuMYxlQTgH0PII4Nny8lMNv5Yg5OWBIzjOcnnjp/F2OaQJjJ4BBGemSQQdwAOThcg4IHJ6GqT5U7WSuuq8rNX+/z+dy3ZtJXdrK8X0uuvVLrb5a6qBkPAPJBGcc88cc475ByPXHIpQMPjIwW6gYPOAOcZPp/j0p7AgE7iPnLZyeOeBwM+xOO4yQFpuGBBwSG5bHLYJO3Ge4HRsHjvngCaaWqV/PRPTfd9727dLK8NyUvh0u3fvqtLL011e973GlQoG3J5PPy45OSQuOODxxnPT+IUzYN208YYnrwV5Y5Jx2Byfvbh+FOLEZ2gEgjkj5jk9Qc4x2PtnHWncgseeOCCPXOSCf7wx3GSABxVNK+99N9ddFdbXXZNry7lJp99XtfqrWe60vt0flZWYYWU5OMNg8gAKR3B9hjuBnHJzimGMLyo54bLHk5zkJ79hz2OAeKtFwELDBPAz2Y5HHHJJyCAcdsdRUbBlYkA9dw2jtjGAcAbuvfpnmpWu2v9f18tdhNqy67J2dk7Jb6PZWttrfYqspIYjpkEDtknk9vX5tu0E8nPWoWQbiox8vyjjkbsdSBj8cc+pPFW3GV46epz65wARgnHBY/hkmlKZ25O1fl3c55GSB0Hf8zzj1TtFrm326u6dua+3fyt07BdWstNbPRtq6V9Wumt7Py7lIxnGAQWHyhSSowf4uM9hyCDnge4Y6DCKODyM8nIBOTnP4dsEfWrbRkH5Tn5geBg5PzY4zgjuQASCPrUbxlSCDnbn3Ix2xhsnPTgDHHA4raDV7K0uZLW2rtbponppZbWcXqgtBpWb5u+vL03V+7eqa07uxX2AgbM5XPXkEDHK+g657fmcMMSsM8EDAx90nJGQPbqD75x72dmccDBOWzwRu/ugBgSBwSGI9+lHlkDKttGCDuww+XoPmxjOeKTcU+aWlnG7XX4dUr66OydtrvZq+bd7q2isrt6rWL1fXolpfdX1RUZAONoypxt6HBGcZ5wOQR1JOfY1EYyCTg5xuJPqeD0PQjqMj3JJNXmU4Kg9hu4GCQcgZAJGBkqByeh54qBgwLMGwp5X1A5GCB1PIwc84PUE4cJp2ab62Ulqtut2tle7Wr2tYSW17Lfz89/uba3a8mUnTO3OScjOADk456csehPfn61E0O7kA/eLEMTxjG3BwTjHoOTj61b28Als5BPXHPHrgE568j2zzQoA/ixlSpye35jH14Oc4yDWl7O6erTXS+q2T16drPpoJwu220m7bdbWS7fdd/hrUKKoAIJwcEdBjAyT6ZA64Gfrg0gQddhwwyeM8gYXgZHr2BHbk5NzAGScZII6DGcAjIHBBHTnr16cp8ynPTcCpAAI4zwQBgEZOGA45+bHSW7q3rbXW2l2rP0302ug5W1rJbJLT7Ol1frbRx0Vu+xT8tcfdwWB4HIBBxnnjcTkkY6jPJzVVkOX55PyqAdowRzjPbggdc4AznroOpAKn+/uJJJ68gA5+9n34APXBqqyFW6gA5xu68k8kgDOCPm6A896qnKaer00ld3beidt9rK3k/SyynC+j0/uu12l1tZ2trfbor6FMrg845O3B54XrnOBt56n0yM5zS+Wedw5IfIXndjkcZxyvzH37EVKIiAVZtx5465I79Bgc446D8cr5ZwA2MjkZwMbs45DDJGcEHsNuc5I6VViktd7JJXb1suuiXlf0Rg6T5vdsrNNPReb21b2St1VurKwjBXJUYIJAB5yFPbGOTz64Ix0yW7MFVzg8YwPm+bhseuAeRnpnHtdMTKpzg4z93Bx3zk+pJzwT1xg8gjQgAnI5GCQCfmwAQevHU/j2ABvmurq2qvdu3ytZvTr66EuKUknf/gafhr1ab2e7Ox8DR7dYYqcBtK1dQMZODZyAfw4x0JzjkAckCv4bPjMXT45fE+Jhx/wlPizg5OR/wlLsWPGCOOgwT36ZH90PgpMa3CQCGOn6ouATzm0lBGc5JGP5565r+G/4z2scnx3+LR80oyeKfGJxkt9zxJLkcf3cYPY/3Rk15NWo3VxMVqpU6TtdX3tq+ru36WV0nt7OCguejNpJLRq392F9PLt/wCP4h7bNNQZXaOR9A0VYiPm+aSW3YZBGCoBJ6bsfnX5L/HewZ/GmpSs2SbgkkgdApBzgHjAGRkeuT0H62/EO0knsNQuHZgYrDw5Ggw2NpSF87j0B4JzhvlH1r8tvjhbK3iPVZA/Iu2GSfm+6cHjOQAmM8dVBxgAe1wnCDlXTvypXTtyttcj189dv+AfP8ccyw9Nx0SqRdk7bbvXTRNaJ3a79eV+F3iWDwhpl9e3ETSF5G8lAVXeVjfC/MPvHkDpngkrjNfaf7Lnim58bajNqKl44k0rV1a2wZBZot0uBIy5G5wAeSASCB3B/PPRNOs9Utfs+p3TxWUDtLLsZkZuxWM5DZIIAwDk8dzX6S/smWmj6RbeNZo5IPCnhCwj0qO41C6eOC6mSa1aWcB5ygCzMoZyGLnAwpr7bF5pWoTyyk2vYQk2oJJN2jpzXe131srXvrY/MsmyXCYmWa4pQlLEVI01OpJXjaUoXUVa75bLdLSx6F461a3Pi3wO0Fje6iIPE1vGJo0KRPKInBgRnABZWyWwWUcqeTX0tceIfF08CoJrbwzZFCBFZL9o1CcHHzSM3yw5A/gIxyQBwR8GfF/8Aaq+EekeKvCum+G7658TDQ9Slunj0OMSRtMFaMQxs2A88jkbnRmzyVP3c8RqfxB/aP+OFwbbwrZv8NfCMrMJL+aOQ6hPCSfmM7qJI5Gj5KIdoJ4zzXg183nXxGIbTnKclBUaLulFJct5berb12fS32FDKoUaGGVoU404azq6Sbbi9IvV3afR9F0TX0R8b/iF4F8EReFrvXdXs2urbxHb387X90L/VJDGjHEcBZpEyxwEwAG+92I8K1v8Aab+Jnj6SbTfhH4NmsLbc0S+JtdjKL8+VD29syhGXAGzC59RkA1yF78BNB0TWfA82uXl/4z8QXniWFL281eaW6jkDK7SbFcuoTcOMDOfvAY4+ptS1X4e/DuyW61jUNK0p4t/lWQaLzvk+VUitEO/cTgAhSO3UGs4xxUozUq0cJRfKnCLTqNcsXfmukn/h1V3r1N2sPFxdOn9YqNPlnKPuKzir8qvfVW1summh89aT8BvFXijf4n+L3jDVvE96FluP7GS4eLS4VMbNsNuH2lQQBjbgcA9OfS/hV4e0nRfDhmt7e003T4bq7UuwjghxuKqWmbbgLgZ5Ge5A6+ceKv2mWWyu4/C2lWtjZNBcg694luVtYApDBngth+/kOACiyIFO485Ax8WP8YtU8Q2x0nSm8SePL+S6nK6VpKTWWiwTyOMlhaDM4LZAEi4K9+TWdPGYPA1lKivbTcWuaXvTlJ+z1bfM276u19tDo+r18VR5azjSipKXLFWUFGzaSi0ot366n6P3fxi8E+Gp5dM0vzPFGsCdnCWDYtIyhzia/k/0dEQthyJOnPFfKXi39pC9s9S8SWs2tJpT6jeh38P+F5TLdyqANtvNfAl1xgbvJc5JUdVBOT4K/Ze+P3xXmtbjxPdxfDvwzKI82Figt7lrY9FZIVTzZnQgM0hGSCSdwBr7F/Zf/ZY+Fvh/UvF11rOix+J9Z0LX30u2vtXHnfLAkbeeYnLJvctuyeQe3FKrUxuPcXOHs4NuUd1pbTTRtbWv31RCjgsHGck41JKMOdtqTeqS96Wi97XRSez7o+KPCnhr9or4wXSD4f8AhO78L6NcygSa/fwyLdOsrFWllv7oJOw2ksPK3YIKjrivqf4S/wDBP+31TxL4i/4WR4iuvEOsaQNPeRZJpTYiS6ceYDJIxdwCSoB+XJGOK/VGO3s9OtYbDT7WKyhAiWKG1hjiSMIwG1UQDaB/6D1HasfwMQnjf4kswaXyzo/yk4DMXAO7P8R4Gfxz1rswOWwU6brXqOUk+WTailZJuz/4f01R51bMpVFONKKguWNpXs/ijpzPV6XSWm9rJ2t+fPxp+Hvhz4deNIvDvh2zs9OtrPQrKNo7OKONGfcFMhKgZYjJJILHPbNec3du8cDyed18sjA7YAPGPlIHHPI44Ne9ftW7x8YbwsnlAaXp4CjbnBKvjPGAOo53Z5xnr4De3TNDICCQPKycZJ5HJOScLg85yMdDgCv6W4Ww8KeS5dCCUYxowemiSk73bVtXez11ene38O+J2Y1f9as2nKdVS9sqaSlLXljH3rX1Tabtq3b0OMjbLuQ8mTI5LZKjg+7DnPI6EtwOMZzJQjsymWRwAQC0hHR+QQG5IOMHG31Axg3WnBcDac+Y5wcAEL1Bx6joec+1Z25RJJGQCXVuS2MENwSRjGD0H4E8Yr6eVGilHnjGUXvdbWUdNV5JdOujtc/O6GOxTSjGpUTclu2laKjbduz01t921ofBcYXxxrojmmQPa2xdo3IcnI2jIboowTyNx5PWvpybR7UWu+Se/Z2SLn7S/wB5tpC4JwMlsjpkEcHgn5v8JhYvGeqEplntbYKF5IO8fMRyOOh5/iAGc19KT3PmW8MbLsDNGpZBjoCfm+YfVuDnJJyPmr5GFKEo12o2SxdZWtvapolqtlpfXZ730/Wa+MxKlg37SVpZbg2le9peyhf1a3jv17K3IXmjWstlflGvmC2Wobgbp8Bo4XxwCO+CSAFPc810PhT4d6QvgvwTfCGUyalaXD3BeaXY58zO4AHaM8lgPvEE5BBFRzDNhqCCN9psNTLEcj/j3fHXjkYHbJJJODgeteDx/wAW3+HDGPO3T7xeBubPm4XdwACAAcjnPAOTgeRiaMP7SwiUY29jU5n5qUN1rdO/RL10sfY5JiMRUyjG885XjXw7Uru9vZvS+7v6tLTdbc9afDzRJgC1i0gjGCWkcjdkAN1zgjnJGfm5yGGeV+KngPRbP4eeKLmKxhjkisPMWVQwZW3gDkLjnjjORjOK940oN5UpZSFLtnjHUlgMLkHbkgkDPB+bIrnfivBEvwy8ZM2cNpile5wZkz3OOc85PrjOc7YyjRhhMQ3SWtGe6im/dVmrXtrff5ptjwVbESx2DSqTs8RST5m7W9pBu8V5Ja376Lc5z4feDdGbwz4Unk063YnQNOeV5EyWd4RgnI56BgxyOmM8E+uWvgnSZDGY9Ps0Tkq4hGcFjgHIJGeo9unti+AoM+FvC0avtz4c0zaG5Y4jyQSWz146kKcnIGAPYYI1jiiQupHl43bc8jGQSDnHXgk7s9eK6svlB4HCvkSapQu2kknywsmlbz3vvvaxyZpTqTzHFXqS/jzak5OzamouNlzaXd1ulu9z5++Oeg2ml/DTUpYIYEI1CxQbYkVuZE4GAOByQQf73UV8ma1Fm5m8wIFQQt0b5WaNQSD6jHrzuyM819v/ALRQQ/CnUSDjGpacckDLHzEx3PHrjr07Yr4n1crJLK4KHetqABjnEa7gOfl459jtxyQK9XJUqmNxLjBe7Gkmns7RSdtHZX301TPleLYShl+C99tuVVpXba0hp0bSb2bum9elvM9RjG2cKrEsxx1UYJPGeQSDzkHHPzYJwG6Ep/4S/wAKqdjfvHUKT7Dr1DYyc9M9OoNamqxgKVSX5ssCMjAGAcnqCQuMlsHoCeQKz9B2f8Jd4UwylvMYHPTg4IHHXsT69gOD251OMaVmlFOrRWnT95FtJaLbd/O/Q8nhONaWJjecm1h6179vZttJO7utH6arY908TWgDwgdSjBiG7kkEgEnaQSMA8Djk4IriruBVCxKxGHEYbII2nBb6jqSTxnrmvRPEUa+cGeSM5jJGGUlTwQOoPXOfQHkEjNcbLEGnbaqOoZWLKQT8nXADAAjoSRk7sgHGDkpw5Um0m1v2haO+33WWjei2O2pCt7R+7NNy7NJLS9rNrdad07K9tOK0a3VPim4LBl/4R9TgnpwTjthfcc5xnJGa9vgt0mV2ZPuJ+7IIIyjEZznr1yQTyc8jmvGdKUt8U1Kxk7vDyHaFY4HPfAHrjsRkgjcK9rVpl3xxx7FVCASAD83UNnnuF6nC8Y614OFlRlLF81RK+KqtK9tEoWb6b9Fs9ra2+kzSFaUcA4QnJfUaEeXlu5PlavZ72a1+fzpT28blHQYIcMxDZxnAB6/eyckEL+hDcH8PbWJvFfxBIw+b63wCRyMLxg9T244GcNgV3fmrGDviwzOgOWQfxdsnuDnuAOpGRnznwDqWn2fjH4hG9u7W0U3lvhppkCggKRjLDcM4XIznn/eqcXUpKWFtVhZTabUnpeFtW2+1tdU97W0eWUMXKGK/c1F+4gmlGV7udP5vRtu2m2+p7uLZI2WRoDmSMDoCo45ABPHPfB64U02a3ijVmZQFkbB3csBsIYjqePpwemRkVnyeMPDSxp5mvaYpw6g+dGeQRyCGOOoG4HOTznkGivjjwmrM0mv6axG5V3TJswVxxtbgdfl6ZGOpzUvE4flkva09Vb44rdLzfS0e6vulqdkMHirxaw9Z35deR8ujjfe+3k/Raa8r8J7SNLDxET8xPii7OcDIB355IwpzjpgkkHOBz7G1rtBQkCMklcEE5APBYdQfzz8pJGSfGPhn4k8MWOka7JdaxY2f2jxHdyKJ5kBdGLASJyCU53AAkc4IyRXoEvxA8BRoiS+LNN3HftUuWJByQwYAZOe4ABx0rzMNVoxoL97BcqdrytfVK17+fe3fR6+vjMLXddy+r1JSlGNrRbXupXvdN7q+jtp6o65IYzE0GAqpbzEkKActHgc9mABznJHJ4zXnfwCsWOj+IERSWTxHqIA4bcDPLnIPQfMOeuSc9s7KfEvwBDEFXxLp7s6yKpMch3goVzkKcgFuAM9R0BzXnPwn+KXgzwzpniCK81hIJbnxJfTRBLeWTzbdpZCrqUVgAw6A98kZxzhiK8FiMO41FJNVItqStFPl7u17aa3+d1btwGFqOjiFUpSVpUn13vbdrazu/N6a6ntfjiHdptqGizJ9oZsnBJ2KflOMjgAjIHA9O3z940hYeHdZZozsm0u5PGAQOccAjr1LYwBwenPoHiX4x/D/AFa3to4NUuQIGkdwtrMNzYYKT8gG0np1PPAx93yTxf8AELwvfaFqFnFLeGR9Lljg22kih3Kkgs5TGCSM9h068jop16UaNe9SKbTVnLRXir6WajdOz07J9TlxGEqvG4blpSceaF5K1rNwulorbPR2t3skdX8HI5l+HujLCgI8ufBPBA3jPfAGRz9cjkV2epwStqCOXwywLuGT0JAznJJPp6cYOM48i+FnxB0PRfBOlWt1Bq1zMizqwtbNpIyrzA4B2kbumSG6+2RXbT/FDRJLzEXhrxRK52hZWsgVK44zk7gO68dOnXm6OMpQw9LmqJtQilbmWyi0tLp69Gna+uyOfG5Ri6mIqSjRfL7SXv8AMtk1ayvZ6fkm2zQ8S2Uh8M69k5JsJdxKnGAcDqAOg7Lx19AKtlYzN4Z8PQ5VlXSbUsw7BU9Oue/zDBAAJ4OcHxN8R1ufDmrWsHhPXkaa1MIeSKNcZdQGfB43fwrnnI9c1JpvjjWl0vT4IvAt7IbbTLaATTzRxoQqEh+Gxgk9MdRgE5yyhi6NTF3cm39XSsoytrKLfR3VnfW2q67DWV4hZY6fs4K+IcnzVYbKCfV23bT0v5F8WEzoWVcxqBnB2ksDjAyQT7gAjtn5jXx1+1ZrcuiP4f0uNhHJcCeUOmTtVycjOcHJKjaQBjGOuT9ZSeNPFAkjjHhXTLfzY/kEt8OcAZO1CQTnPGGyB6Yx8OftVXGq6tr3hKTVLWygkMEv2eGwkaRTEW53sw3Z46AcDGMYyPJ4kxPLldVUnLncoxXMprWUo9XZXdr/AKbntcGZZOGbUZ1401TUZOyqJ2ain0du2uttWt9fkm5s2SzW6nxEZZC4bIO8HpwQQNxwMHt24BNvQ7eO/wBUijjiOICJnYYCvsGTkjgHJyPy45I6PWjZmwksWtwJT5Cx7s/uTg7QxY5GT2zu4HRcZ19E0OPSoIp5EHnTKC0iOAmxlwgIJ6fLzhcDJ3ZySPyzCwdXE63Sg05Se+nKrN7K+jvZtrRpWZ+x5lipYTLZyg05VUoU0ledmo7Kya0s7pX80a86BjAikqJJxkHAA56lupPGMcHHfFeo+BLYRajKSwONxyQMkjODnoMYIxg9OCM5ryqS7tzPaq8kQ8t3ZgvICkEZbGBk4IBzgleuTXY6F4kttOd5HYlmJAKrv3qxwGXIAz1+UAjhicYyfpqVVKtFXi7Ld9uWO7V9tfTo9Lr89q4bEVsuqNwm3KaekWnrZ201u2no1s/NHql7H5GryPNKuzycnAXhSDgr3yM47Z6c4r5W+MFzDca1BbRY2wws+7Jwcg4GPmx6HLe4Oc59tvfGlixkk3Ssx2xhxFwFJ5UEYw3XJHJwe1eAfEG+tLjWorhYisTRIG28zHPTcpBIHXP5AA9fMzlqvQnFcqTmruL195xvqlfWysnot3q3b2OEcLPD4iDlTlBKF/eTumuW1r7PXZNXd30OU0m1mXTBGvEl1Nn5sjKA4Gc9AcDkA5z05we7aaDRbZVT5ZEhQNGADulfOWLADkA8MxJxz0K1lJq+gxqj3CTziGJVQJHsKMRwTtyCeDnoABkcVLPq3h+4QPJBf7mwdrg7QqnoNoOckk89s57g/KVaigo0oRTkopd2lHls9OrbvbXQ/T8NhlWblVUrcyst1ZW5Xbq73utVok1rpUS9kvri3iiDwPLcoqsASzM7fe65GFJYAAgkAZyTX6IfAzXNS8N3Fhok3iCa08HQ3ENzqen20htm1K4ZVLpdvGRNJEWOxoycbV5BzivgjRtX8H21xFfzWuoG8t54/s0IHynkDPzHBI2lfmKsccjjj2C2+Ktp4bujNa6PJcx3UbuFujKoWd4yN5yp5jzkEdNvGV3A/J59ldXNqKoytKOik22ld2UW1G9130b7rY+0yHG4HL+apUjFu0VG13a6Su1DZPTR67N3sfUX7Ufx7m+I3iG20CG5ig8H+GYEtdO06wZktWuBHsMrxZAMigkO7AsccknivmC5u7WKDSrtpTHa29xG0nmxlWlG4E4DAZXPy55B6c5ycLQPEFnqniLzr/Ty0MrPdXSMjOXk3FhtUKcjcflQ9Rx351/if4jt7m00q3tbNoYfMMyPLaeSvlqCFt12oCQuBgng46c5rpyTLFlODpYfDuMYwik2ua921J6Wvdtt7K10fPZti6ePx85zpSk6krqdmoxire6k3HRK2iWnzO0T4jWv26NrSVzEylTtQJ5YUABQOAqkAHB++Rluma6u28WWlzKnlmWdJVAKQReaxY9FxEGYMCfm4wTgYPSvmzwrqttM+rx3dk5nnt/Jsx9ndozKFJLBtpKlV43AZxg5A5r074V+ItY8Nx6pMnhzVL5pImtbVotJuLqKGUSFhLBIYWLNuK8jjBHYV0Yt0qU1UrSbc/ebb93dNJ3kkr6dm3bXvyxoy5FGkoR99/FZpq8b3a1VvXV7ao9B8PeAvF3xF8WS6ToGnPp1vDJE+oanqKNDa2sLPuEkzygZBGMIDuLckYFbHxO8MX3hDV1sdL1aK9MFoIJzDKSoliZUmmUkho4nYkoFGCMHoMVNF4++I2n2E89x4X8WwW18ypdTnTp7GK5I3eXuk8tAQONvzZHbJ5HGz6r4h1Wb7S/hjVZJJJMB7l8MdpzsJkPI+XODknHQnivOk6VWrCcaq9nbSPN5x7XV0l+Pnyvuo0pUoRTcE2000903193TeKdr36pK5zumW19YtKskgl+0yK77PmJdiC0ju3C8dckAZ+oPuXiXxJHF4RCRagiMtpFA1vGwBGwrkHacn5QTjIGemRXmum+HviNqs0i6b4OEce7l5pgEOTxn5sEDk/LnHBGCRSXngn4lQSRpqWn6bZw3V4lugLLIDMxASMjIHLHg9+tdGLp4fE+whGfOqWrhzOzSa6aX3u9r6rvbejVw9JNVakb1Fy3as3qm1e2stdNFps7n1bofikHwjotpDPB9oksIwFdijpGq5ZnJA+YDO5u7Zzz1ht/jRpvgDQtfXw5bQXnim8jMEl/I5MVmrryy/wB5geuCSCOTjkcAvwW+MjpaSXPiLw5Z2lrYNOYzGqs0ESFvK3gKSwXA54zwOck/K2s6l4ikvtRsbc2UohupYZpFiKB5Y3ZRs4yQWXcCT8wHRSMV52Hyenias1FxlFzacN77NNuzdtfyWxt7XBYa1TX2l7Rk7NWaik07t2u7dLvq7K2t4s1nX/GGqXGoale3l/qdzbPJPPOWZdo5ATIISNFPygHpyARWJo+iXlnqOlSzf6RJvEoKNuAz1UjJ4GBjABbPPOKngufHXh7R31a8sLPU7e5iZHVEAmMRIwu0AEYGcAHOOCOMDN0/xjbX9xbyl10meAhTazZUFyPm2sSDyScjGeCAFxX6dlNelhcPhsLK0fZKMVFJpRjeLio30Vtt+p+cZ1h6mLxlevRkpwnC75WuZe7HVJXfTfpfude1kl5rlwFjIuBIsh2sAJM5IUbSd20DBA7A9sVNaaPci6tbhFjST7Y25W3NtOTgISOSpAwBuwTggg4EWlX5/tCS5eJ3kCyzRzLtKyABQhJ5GCBx6AnOMZPXW+uRFtIlltcq95LI4CLuV2POON2MhuoxjPGQK+touDXN8Sk+aSTezcFzb6NfE7301R8Pi4VaclDmacYRje3Zx1/HVW2ejsbngaGVtavGI3k3XlzI/wAoBCnaB3GfmLDrnkjHIs2TWialqC3sYC/2tPhgpVURTzkH5cEHqMHkAcCp/Cc6xalql8QcLdrJHG3C7W3YGBxux+mcdOeZ1iW5v/t8gBhie/llQKMZLMBjIHvjbgkEkZ6krDODxdRaq8Pg6Ne7r5Xd7btX3uyMTObw/vvln7l5Rdvdio6rsm3ayd7vfa+lrel+HtQ+0GS1t5kl81YGO0vv2gD5+cBs8ZI4yTwM15baeD76KeSfR55rcxIxeByTC2Sdq8/KAcENxkjk4xXcwWjRxQgupcYzySCRzjOCVIByBkdfcV2ugWDSQXBMqq3lbwuBl8lvlOcZIyeMdcDJNehWwOHxEffpptSs+WzcW+V2bUkrLVdbPS2hyYfNcTgW1CpOUesZXlGV+V6pu3RW67HjC3l3peqxR6tpMlvIISrajYAxsAQcyZXqcDdg8nngZwOztPEnmtam21uXUVWCSBLa9G6eNM5KIzjeORjr/wB9cle/TT4Jp4Z3tBcbpfJbzQrK6nCnhuOemD6DvmnWngvSlnmumskSXEzxGPgwtt3qGAwNgIHUnkjkHiuB4BUK1KpSnKylG8W7WT5UrXe9rXt3ettD08PnVDGUZwrYdKpLma5Ip7qLV7q6/wC3ZNX91XP6Bv8Ag3buFn+KXx7RtrNL4Dt3KgnHFw67T1PGMHHXnbgZFf0CalGGmlKkgiR887WLF2O09CRgDjBxgA/Mdtfz3/8ABu7GyfF348L2/wCEESM4GAWF3IB3A6k55J5PTOa/oX1EDz3B/wCejn5sAHc/HY5IJJPzDPBZfXyszdsxqWuuajQfS2kVqtLLXVeet9D7PJ4xeV4dx2Uqt0/KUXrd72enb8HzkiMWwTwOW5zwBnoeeeh6dKYVzk87SGJz/Dz2VT0IGB7kdBxVxlBJUgM2CTwACpB4GB24Bzj1I6GoDFgAqc5B4PJAP8IJPQcHp0yFHBxzQk09Xqnffq7X009HqtdDscFfV821/eTdlZ2t5XT3Vm+jdyuVG7GMk4IGcHoCxHoOSQOpOTzio2QgnqFI3Djr3I75OcDjPXqc1MU6AkEqSvGSMHHXIHGSRzknAIzzSMpB2HOOowo4yQMgnljkZGRkYbPoOmL0i2n3d/Kz03XXbS3QwqJJNJN9mkr7rZa77f1oxFDADOSByeBnHAyRnB6/KoJyMlcDNM28bVyTyxGeM+gPXJzxjI4PfAM2wcjkZ4JJ4GDnPpk8At17YPFIowQAo5Y8dyMY69ATgcgdSO9bRat1u7aX2TSto7eS79NTltK9mnrtdLXVXfml0ezsumhGo27T2BwAMZIPIzznp15HocZOZ8egG7HHzdjxkrn0P58HIJo8rBIJHcDHYsQec4wF4GOc9/eUR4GQASBhTwcEHqB04AIwfYZGM07RlrJpN28l0eujTXT5pdA6q+qbt2Vvdt5Lz6236Eax7iCBweOoXtgHGcYyePwpChXHfB475Y555BJ9ecYJ4FWCMA49Q2SM5XocZJAHPTHcHjFKwQHBAxwQuM5OT3ySORnPH0xyRNdPRb6L3e/nb+rh7i18vNvS1lpt112Xe2hEFGCGViVOfvcMc8c46fextxjPtw4R8L0GcDPYr6EdBwOepBwoHUU4IRnnBJOBk4C9h79u3HGetSqWxkkkgjIHfnAwMLls9SCcHoRnlXitdXdprV9Eu+t9tOvXTWNrld+vq27N2Xe3Tz6eVmqMhyApyRxjuM4yBgYJ4xxzxgCnrtYhlHJHIzkYxztGQSWOD7Zzx0MkK/eyWBBBI4xg+5znoAT8pXvUoUH+HkEFR0+XPO4Y4J9T3HHsudJJdtFvtp062fkt90NRm2raLs1bTTsvPTtpfygZQMEcYAOC2cEk59epz14PbuS5Y9wYg4YFScnG3PTgYwM9+/TrTnjcAjHzggBccADoOR0Ax1A7dRmn7MKSeeMg7Rk5HI4P3c/z9SaE29U/89OWztpq/XS+jvvm1q207trVWsm7bpL8l1tZMY0ZUE5BThhnkZz3H8Pr0A6DnNQmMgt82Dg8YyThsqF44Yc/NkZPUYziw4ZlIwDnGOoXAK8jjoPmBGOvOAOKjJbIBXjt05UA8HOQcN3z93HQ5AtSnLV6N/JLa2t7r7V1u02t2OKj2Stpyp72Stu9Urdfm9hpiYEFWXJ5OcbSTgHjtjjoRk5x1qMKxcfKc4YgYAGF3ZPUkj0JHOfYAyAM2BldynaAT0wwyScr9cjg8HPcKN4+cEu44xgYx09upHGMgDvkkVSbs292opWa2tfvtf1vstbsmaitet1a2ujUeuvp3e3TSMREtz0PBB5JOcDHTjLHGOvOOM5Zgj5TjABJ67uCQMdsZ+nb3zM7N8wJycE5JIAzgnAweOmOnOB3poXI5z8w9eSQO36A44wAPQUk23v5XeltbW16a2f4ExVne1rtdGv5dXt2WummnXVFXII5bOOfbqOQenf69hzSGLGeCSCTwRwDxj0PfLcnr9DPsAUBVIzxkkgA4zkn+63Qg4Oe20VGVc8AKoRDu65ycDqeSe56ZHTOABLvfSy6vZ9rX26b9l52NUm02029HdWXRNLyd+tvnbQYqDnPyjOAeoIwDtIIOAO5x+PamkcqMg9iMY24x1GO/THJz97nmpQCdwySwUIoIwAfQcenXHUg4HBpDH8pwpJwPl5xuBwTu9c8g46gdcEVL5ra+S0dnq4r0bfTpq1dbGkbRtzRd9G3fW7cXqt91e29l3swCg+pLAEYxjIP4Y7nGOucgVIiYI3JjLE+gIxwT146EHnoP9k0qRg8FyGHGDuA6k5ZsjIPIbkZbaQG3GrixHjLcdCBnOBxkE445JxgEemcVjOSi2lfa34LW91p179VbQ3UHJKVrp7fDor9/LtdtdVexCIVHGOMdQeAWGTkcY+g69OFGCnlFioLANygB6Kvf3JOc4xnJ781bMRxjqynAXgZJYnk9eB1HbG4nK0giJwRgkKNxJx8w4/76HQYzn/a61HtHHWMnrbVtW287pJtXu/ReeipXSv0sny9dV+uitZ21T00jMecA9QDyR9Bn5c5PTAPoD94mphHuAGSShCYwADkZZug+7xxxyccGnBCSCQccY7Anksc+xz2wB1p/wApbG4rhjkkAZ4z2xxxjIzyeuScYym7aO7VrWe23ku1rXXna50Qp3dkr7aJX3tq009Ndbryt0ITGrOSBy2cjPH1AzgcEjv1HJB4Xbs4CBjyp6ZAHIPJ59cjtk4GKsgAk9OAMDGARweuMFc4JP4dzTSvDc4OOOO2D37kH1JzuOAOtYe01Sbd7KVm3ZK6Wr1t8le3ZndDDQSTaTtZW1fbe2kummi6WsVhtx8uBwc7uW6DnHXdgcZxjrx1qIsQo6ZCkhgAu3B5yCeNwwAPTnvSk4ZmLAEcDG4njAG4AkEnjpxwM4OcMYdWznqQSM8kcAgdOg5J6dj1NXtq9na3L5tWv8/uVn0NowS2SVk+mmi2Xpp3W+4okDBckZ2kZPAzkgDGRjHfpgDJGOABiRxktwo6AEEncRuxyCcZ/TGKYEJBHQfKOD1OeDtAz06ZxyOg5zZWMZLAAgfNy2ASGwD0xxwW4xjJ+bHJst+u3bSP/pV/JjVuq03+X66/O1/lHtK/NwCON3J2n5sBvlOQDknnphs54DP7xyM9P9sLgNkcAdAd3pjp0BsKpPy4Hy4ztAIy3Oce3X9OOlG3GCAWJOWJG37pGMDHLZ4wMdCOgBBzraXldq1rLl02u7PS91qvIbV9r37N6vRPT089NrMrYJLAgADaDjhsDGc9WOcfXHTG3mRUAyDn5gOpycdgpHABxnBPfsMAWFVsKdilsHlhjOAMBiCG5B9QRn34URkIOCpwQQTk5IwMDlsAnnIOM8ANWbnBqOunXstraprTs9ttG2iEntLVryad3Z6XXW9tLW5fS8GSDuBwGXBGOgAGCfl68DgA547c1NEpYgkgAjgbvu4x82CRjoMZOTnjpTTbMSCD04OMrkjBznJ57g54wM4xip0jYAsemdrZ7DocZwckD6cnk5qW1dcr6qzd3d+763d0+2y06FxSdnHR2b02b066PX10uOQEDgjPTg5Ge+DnnOeemAfoamxiNVPO08kkYAznk4BxyemMCmgHKkLnn0A4yTk/XjkHg8ehokY5ICnACnOMndwF9zz/AHf7uMjoMp8zXu26XW11purdN7Pfezeh1UlbffRbPZ2113vdW76d7EhxwcKOWBJOE+Xp0O4Y7YGM5xwQaUScYyeMnjjIJBBPPYMfc+g6VTd88sdoBycY6ZHzZ4AAwcknOAOGFVJZSikjOCdpJ4GOBjGTjAAUZxycdyaUIN2vuum6bvZ6dOmr9bm0pqDb020Tt15d3fr3Tez763zMVBwwz1Y89zgf044AzyeM1A1yVYHcoH3ecsSCvI9SDjtnHPHBxktOxyADxk5Y+wwDk/MRx6r6nJqs8hPXg8DAwBzgHJzjPDE8hTu+ldaw0b+9a3u9+lu/V9Pz1OJ4tNWUuqs21rqt0pO2r7ebstFum8DEnBIwVIOOnAxgDGR2OOcemMsa4wGCjBO0888jOCRnGWxgjp1PzdsMZH7vc3PUk9dp4GRx34A7c+9T5bPTBOMdeAAACMgf3eeg5ODuGK0jh6cWrbeatfRJ9XfXSy/u2MZ4ySWrfK+qWtk1bTs7WV7PS9rWvoGdv4nXIIwOMAdSD03HHTk8joQABE064KnLZJzgYzn+8DkFcDA/lnms55gzfMenG7hRuGcAADqTxnPJB9jVaSaRt3z5K44AOD068E5BHfuMKB26I0E3Z3Sva2rbu1ttrtdW1t6HJLHx1ad1p9rXW1rLTS22qtZ+hpSXHBBwrBMnPOAMfNxwODycH0yCaqvKshyXBA5OCO2GIHqf90dqzXkc8qeR8qkgEjkeoz2wRk5wc8jBcH3nHJ3AcsAOR1G1flAJ6de+SCa66dFK+na99Hsu6767X18zzK2JlUbbV3vZtJ7JO+10m9dNEkycOSW5wOOB6nPXuM56ZPboTgMZeCCcrkYHck/hzz1yeg9BmhXLEZ4yMjA4I7c9m79c9xzzSgHB9FIbjkjOMLgjpkA4Y+vpWtpXTSjZ9E29FyPd213f/by9TilUT1Wi8vK3VSXZ31699SJgG/ke+R6E46fTsMY7lwUErwCMMjA8cYGMnkkZ7tgcY6A4QqAQAAMqO4yeODlcgA8gdcd+5qVccjHRuCe2MDrgggc4HvnvT5oxT63S1bvfZa3+fnfpYzck3aPbV9GrLTorp9Ff5XRCSVIUKucEtnGM++TyeOgH170bTz82VJ3ZBySSRwTzwccnPHr1If8AMSSAvynKHH3hkjJyMHqASC3oOcgKVOCwI3gYORjIBJOSoK9DnPIORgMeAoNRvq1ffVvtFfevifW13ZCtd6trpddF1t11Vrpdk1Z6jVBCgAjLcjcSckHuAe3JAHbPI61IF6jdgtyTk4zjHqOx4GPqMdBR6ryG+boDzgZxwCBx+AzycVOo3ZO0gjscYwOpHpz2xnOelUmrN8ye12teiX49xSjCTV1feyej3SbeiXVdW7JOOuijCZ6EHkL2wNvTB6nnt7fnHsxnPJJBxyec/QngHkfXvVnyg3QYPJ4JyD0JHORuxgc5weeOaTyznGCCWIBJ7AAkjHbOOvXp0OKqMope92acbbpNemm+6Wqt0ZLje10r2V2pO17q9k013e17ddW4xYyTlSWY4xjAOeWzjj34AIOOAQDTSi4bIxnJYDaABzwcgFu3Qc5w2cDM5Uk/eJKnORjnLYAHrnkH8yMbqae5OQD8pGR06k55PUbu2RyexE3V1qrWu36NbJ+nz76Il0o8r72W1tdElZt99+6bbu7NQ7AQMrwQMEHqDg8jjBHqM98EnohHDEL90YHcd8ZHbrz6jkZ4NWcDoGyoIJ5De+SOex4ABHtS7M8nJwQxx3XBBGOM9SM/n1ocktn+Gi2S7a7JdL6Pyy9lJ9norO+nTz2Sbd10VrX3rbcrkqTtwSeRjPLdevccEkcZPNIB32gBG/i4JyCPQ5AOepIPy4z81WSGIPIG0c9jycgY+b5uMfeILHJGMUm1iSxH3l3AY6Ek4ycYBPWp5k0vetZp336Lt6a36Pdp66cs4vbXRarWPw6XUddEot7a3+zJkRXoc/dYEA5yQR1Izj/DI20nl85wNp5POTuBzyOxBzwPVieRw/aSQQTwOSQOw4A4X7pAPXnI5xk0FCuTkBRk88k4GBk9M54/Mgnu1Nba6ej6Lrda973fpss5RlF3uru1lf3mnto0m7WSei9N7N8rOCAo5L85OA3BxwRn5sADoT3PJlEJycHjHQkZ5xkHGORyCc56jPNKgJGGOMq2MgH+LCjuck4VguR1IJWp4wwUuuCMDsG4+b174HIJ6ZGDg0+fXTutX+i/HV9wVOV7tNW6rV32Ttdvqm9FZLTWwioQcBfl6ANngKTydp4B4HGfT3qZYzgENjg5zg9egOeuOg5xzgAjq9FOB0IYbm6fMcHGOOAvXPUjp2qcqflwAMp/d5AHPbuf4c8/MOgFROfM7t20i2ttra6b3aW+q2WxpTpxet5N6Kz0Suotq3Xtfs/m6vltgkNgZLeuBz7f56jg8wlPlJzlQOOOQcnceuQSB7E46kVe8tguQRgrg8gEHnseOpwRz2JznFQNH97nChcjryT165Ax/MDnncYi2vhd1pa+tr27vokmm9Vp0VnryaXetk1a/mu+2tunnZHW+EQ32fxNGq7nl0a6CqOOfLYKAWDHAOOdpB5z1Ffwvft2W6237T/xMEyyLKPG1vgg8KWnGQBnptIGTwvB4Nf3XeAY911q0bkKJtOmjHTCh4n4APb19xnr8x/hn/4KA2yL+1J8VHWT73j2ER7m+YD7SV5HOSQeoAPQ4xzUZRFLO8Y09sHSlvorSSad9729Vc5+Im48P4JNOTeKcbx3StffW3e7dr+p4V4qtLm48FeJykwgtLWNZJncnfKWUARBc85I5GAeeMYyf6Xf+CO+iRab+xCy2kXkDX/Emp3EswGHmY2YjXaMYO7BGeOSenb+Z3xvcTW3g/UtJLlvteoW6sy7SGjVEZlOSCRhscYBPUDBr+ov/gmdfPof7Enwt0zRbf7T4i8QalqUemxFf3dqA7xy6jcrgARWyru24AYjHUYHN4gTnHIKKdm6mLpxbu0kkuZRSttfV6vVmXhnGnLiTEVIq0o4JuTlvzOVO0U9Fa3Km07Nu3kfcuoahqlnBofg/wAHiM+KhYzk3Uo32vh20Yfvr28YZT7QVP8Ao8LZZnxxg4PP3S2vgK10fwf4TtpPEHjvX7tNS1a8mYy3Ms80hE2q63cfM8NrGzFra0yMoF2gAgDR0y/k07Vbzwn4NEet+JWtrm71vXJv3ltBetGfMnvph994pspa2KErGEUsq4OfP9H1XVknm8FfDMr4m+KGp+cfGfju8Tz9L8IwPK5aWe4wySXsMbEWmnxsVjKqXCkc/h0pdX6K173fJra+2va/puf0DJNtyte60b0afuO7Xaz6P3rJ73Zr6ney+DvEF9Y6LCPH/wAcPEccUUayt5tr4a09m2SahqDAmPT7K0Lb4rfKzyhBlTk16R8E/hDZ+HvFPiLxP4l1J/GPjl1to9R8S6gBItnJOVlOn6NCwKWVpAW8tPK2MyoGOOcyeDPBOj/DHRUjsXl1vxX4glvG17xJfHzdV1q9VXeSSeVyzJAkhPkW6nZEgVQBivXvhuBFp+taldypGH1O2mu55XVY0jiiVJGLHpHGwwdzEAjqAAai0t2vest4/A2468yVn5vur2VtdacW7OW/utrXduy2+9LTW71e3Z37xS68RMwVLaeNY1YEKpMA24B+78w+90GQQAa+WfH/AIr1HUfiz4lsfCTW109jolpZarrlxIkWheGoQFnubvUL2QiBDABuMfmAlgAVzjPP/F3476Bplp458U6t4rsfA3w30OfZqfja/mWObUvsoIk0vwpbk79Qv7koYllhDIpcHfxkfzy/tV/8FD9e+MEU/wANPgtaaj4F+E0gupLpLeVo/FHjeWLIk1DxDfxETi2uSC6Wwdk2OVx8ox5eJxU5TcKHxXacua0VblSbfV3Wkb2v16Hu4fCKnGM6rUbpWhvN/C0raave23d9V92/tV/8FGfCnwXsvEPw6/Zz1KDxL4/vo5rfxn8Zr0JJBBOQ0N3a+GEbcMROXSOWPjcC6Fhg18J/swaf8VvHfw4+M2reH/FVx4j8X+PfF/hS1sry6k/tDVTqt1qNtd+ffSuzz/ZIj+8Nu37napBwBXyf8APgV4z+OHiXQtEsdEutS1HXNVltYoJUe30iw051YTX9zfzAQMsI/fMoYyHaWUbjX79fAf4DaH+xJ4e0nwJ4AgtNc+LPxB8V2b2/xC8QSlNBt74lVaDSNLnXdff2fEXVJljKMyEbgABXyWZYrA4VwwbqqpmNerTquOk6k4xnGTvb4IWWml2r26s+jy3DY3E8+KdF08DRw9WEKjfJFSaS0fL70urSTSt5xPu+x+Hngr9nDRIPiX8cvE9x8UfjRJomlW9tealEb3UrMtbRCXQvBnh+ESLZRIR5X2yKFVxlnkXnPG/EXTPi78f/AA/pniTxn9t+FHwwvG/s/TPAek3Ji8S+J7GRlaGbxFfQsDY2s8QwbW1di4ciRQTivqTTPg5pvhjTtc8aeL9Vn8ffEq8spGm8Ua0oli0/ziDJbaNZOWt9NgDMVjFuF3KB03A1reNbR28H+EI3z+8u7ViP4QWhbAUdMnpjgHnnk16OEjzVKTsoptWh0VnG0Xa3RaW300aucdecY0ZRu5NK0pbczbV5bp8u2+67LQ8o1bwp4e8I/Cq28NeFtHstD0e3t9HhhsbCBIUdy8RkmlZQGkmlI3SyuS0jfeJJqvrFqsJ3AA7ZtKTaMYGAnGBkYJPGT8316eh/EO2t7XwLDc3MkVtDC+mm4uJ5FjihjQrlnMhRVUAEk7sEnp3rwfxBr3iLx/Je6L8NLY2+mW9/pVtrPju/iYWNsuFEiaRG+HurkZOx9vk7sMH6mvolV5OVtJNtxu7WStFJJb6J3s9bu9ui+blSUruTTvzNxWrbkk00ne3Xz3fRHi2heMPDuk/FPxIt9K91qll43XyNF0wfatUv5ZYyoijgj3FBk7TI+EQFiT6fXum6B4p8Y3D3vipLzwtogTUp7XwfZOraxqEa2Nw0bateAn7OjH5jHASMZVjjAr5N8DaV4A+A+oeLPGviTVLGLVW+IN29x4h14LN4h1hUCr5el2i+ZcSSTElUht43VAVzjBx7YmufGD4/iW68LQX/AMFPhfJaagtz4i1SAT+PfFFq9tMW/srTnBj02ynUFVndorlUf7mRmvQxcpSjSjTlJJxgnJ30doJ2ae/V2st/nw04NKq2o3bm404vmabTtKTs7LZv+9oj+RP4yaV4bsPEvxafVXh083Hj3xLHDbK4uJrpvtrCGHLEsHUABmxhzk5HWvlKz0m3bU0TTtFt1ZowJbyZFIiUqSpAOAJMLnGO3TsfY/i34XmuPit8Q/D1qmrXMNj8R9bs7Ga6Mlzd3ccN04NxcuQxjeRh5jMcjnqT06zwXY/DT4c6nol/8W726NvPqpabSrdS/wDo8SjynuypJMaYJdQD0Cj5iDX7jl/Nhcvw9dxi+XD0moQs5zXs6fR3tfZWva/Q/mjM4qvmuIwzlye0xc05yT5YL2jum18N09HbZ63Pkf4v+GPFGjeGtL1HVdPurfR9TuJBZS3QaBrxU3AXEUQK/wCjNyqttKsOhYV+wv7HVvI37HfhHFsTBH4iu3UlirBQB/qwDubjIA+8Rk4G3j4k/ba+Lvwt+Jln4NtPh3qD6vpnhzT5rW4u2s0s4IWYEQ2MCooV0gG0Bm+Y4JHJ4+7f2RdWgsf2OvB0u+IeTrV0VjcFjKeBs2AHdk9ScA+pPA8vHV5YqpluIqU5Uak60G6Tu+RXaWlrXaSfd9bux9LlmEpYWnjaFOqqsadGVqkUrSTUNm+l9/yZ9xfsn2iXPirTzLAWjXxBbOmTlF8pt0h5xyVC7s856dTn+cT/AIKIMtz+2N+0HFCQgTxddIjKBsCrEhBycYyOevDZzhcGv6T/ANkC5+2eLNIUPGkM+t3UbqoGVO3f0bGRkgDJwPYHFfzRft9XazftZ/tFXCYYx+P9QhQsMDb5aoPXOCOOuBwcdD81m1Vri6pTS/h5dCV9LtSnBrTv3erej8j7PLqUo8GwqL7ePmtbXSUU2vud00uy7s/PDVNMaScCNgWZVBbgktk/Nu6ZJOM7gAAc9a5ybw9eQCRihO4sFbbnGeoB+Y4B644OCM8EnvrPh/PnO0AsD3yOeQCOT1HqfyrobUtqcckdlbtMFJXcUHQYLvheT3HAz3OBmuGvXlTnLmUdXdXulrZXvrvu73tbfWxy4T2lScIxb93fTR3UVLfytZ772e1/B7yzkjjVZQxd2CqoIzI3QEAdlbjj3OS2K6WTSRo2k2lgQBPeEXd6xJUJH8rBPu5B24BB9+p6+naH4OtUmude1+8his9Nd2igYgHcoYhsMfmZf7uDwOSM8+X65rtrqmqTyW7M9qCyWy5OZSZDliB0XGNqjI9OhA4ZzWIqRUFdJKUtbpyXLaN7JNNtq6W90exGkqMHKb952SV9eZct20r+Ta0893b6r+C2nzW+nz6n/q5LySCK2UdfLUhQwBwzDoOhBY9TjFfdcelLpHg+7vL5ls/tEluyPMP3kpAzleQQOm3Prk5yN3wd4B12/n0y0t7GGO3cJa21o2AWWVdp44PJflm5IOMc5r9APgf8DPiD8bb6807UdYDabpcltNeTXdwII4IDgOttblwHZUBVQwIIBI4OK+oyirSweHnKUEuW8m3qm1JXV9+miW736nwXE+Dni8VScZc3N7sIu6ab2l5J6+StvY+ZtQvo7vUjICBHG0oXcdgbklTxgHJXOWw3J69K82sLiV/EFxIWSJX85dzdFO87QORktx7Et0yDX62eLP2FvCvhzy9TuvE7WekyIwttQuZLcRSzglHVwJDtIk+5gYIwcd68m1n9m74PfAWCT4xfFfxlFqfhCzQS6F4YQImp+KtRUebDb28Gd8tqZQgeZVaM5J+UYq804gweEwscTObmtFSpwTdWrOXLaEIJXb212srtq2vHk3DWOxmKeFp0uSOir4iUv3dKL5eZzmrJK2tlZt7J3PLvh98O/C+i+E7z4u/Gi6k0XwDpSh7OxkIg1LxTqEIDwWenxNiRreVwqSSICvzHJwQK8A8Y+MPHf7WWsXl/fu3g74O+E4ntvDPh+3DWtq8ELbLdI4RsS4u5VC+dcNk7iSCccWfGniTxh+1h4rj8UeKd3hj4XeH3EHhjwhZk2tpb6fAQIIVgUqkk7ooM0m1mDE4PWtXxX4l0rR9Ht9E0azSGx0+BYmhjxHDbxxyKAXKk73O3JYFm3ccnmvz6csTmVWeZYzeEZOhQTvGjF68t3ZSqvTnnq0tFpofrdGOGyjDUssy9X5pQWIxKX7yvL3bu6vL2al8MdE+um3+gv+w74X0zwL+xt+zxoWjaNbabDD8M9Au4bW1iREe5uLSOS4upmRVMk1ww8ySQksWByCDmviP/AIK5aN4j+JHwi8C/D3Q2Gl6ZfeNodZ8ZeIZLnyLLR9C0+JzdS3c2VVQwHyq7DJO0qCcj3L4KftR/Cz4RfsJfBLx1478Z6Rouh2Hwq0FJdTv7mKNlkt9OXdbWcRdZbu4DDYiQq53kc4Oa/mv/AGxv29/i9/wUH8TXHwf+AFhqvhT4JWt40fiDxbdb4bjXY1kKSXE84x5Vq4y0dvEzFwVDJzX5FVxeJjmEsRhnGk6NWUqmIqa0qT5ldtvRyS+FLVu1lds/X8BllKth4UsZCdSE6VNQo00/aVm4xsmvsxk7c8nZKN3fa/zP8b/2oNO8KR/8KJ/ZC0k6prl7KNJ1/wAbW8K3F1qF8w8i4ewmAYxIHLkzBlVVxtO0nPa/s0/sVab4Huh8WPjbeR674waNtXvbjXpg+l6E5HnmSea6bY00fLElsAqBHwd1dLpPgb9n79jr4bHxL4s1nTrTxRbOl19qvfLfxJ4jkQCT7NpNpIzSQxyv8plAVW3KSSc1+TX7V/7f/wARv2hLq78O6FcXHgf4Zxt5EPh/Tp2gvdWijBjEuqXCMHkEwG4wZKAkf3Ru6qWCzLPJOngnVp4erL/asxq/xsRZpSUJJ3Sa+GEfdStdrr24nGZVw9FVMdGnVxFJL6lllBx9lQdk4uVrpzu0nOabXRN6n3X+1r/wUt07wmmpfDz9ni4gu9VVJrDVPHgH+h2BH7p4NEUACSVQCqS5+QgFDkCvwd8UeKta8TarqOu63ql7q2s6lM9xqOrahO91cXM7lmkYvIzNhiThBhUBA5GScq5nEe0hhtIZtgJYbieSSTkscgk5OfXNYFxcguSigjdnHv2wBgEDHIJxwOtfd5Lw/gclpOOHpxdWVva4ipHmrTdlduTS06pbR7N7/l2f8S5jnlZ1MVV9nQi2qOHhJxpwi+VK0U2m7JXbve1uqQty0jr5jsduCcE/Ljj5iPqeFI/QjOKsVxfTLDbQMxclUiQfNIxwMtwSoJx2BOAe1dnoPhHXPFZu5LSJ47K0hM11cOr+Ska4yFYqVLY4AA3dwDXsfhLwNaadHbyrE80843CYqGeVx0ijQ4bLHjcApI9SK9n3U23KKSspa2ababWqs1667Xs00fONv3UoXbSS031it1q5O99E+yadzzjw54IIeJ9UhNxNgOlqoBWM87d3GGUYJPQ+pGMn6L8CfDLxX4z1PTNL0vRru7SWVY0trFHMSAEAPI6/u1UDrkg59M8/XHwl/ZnudXsZfGnjiex8F+DoYhcz6lqrR28j2oXdJHCshU73VTkYDf3M5rm/ip+2N4Q+H2nXfwz/AGa9It/ORXtL/wAdywKbmSQBkkfTzsMh3NkBzgkngbRmvPqZhKdR0MJTdad1GVXTkTtG95bO7vot93ZaHq0ss5KUcVjqkaNLTlpt3qT2Voqysmr3b10T2sd54YsPgt+y5qd/4n+J1tB4w8dWlr5uieCbO7HkwXbLiObUmQlViicDcHIbjGOQR5t4r+Kn7S37XusJpemadrlx4Vt5hHpPhzSIrq38KaVbBsxrNMVjguXiQgOzE5C5yeceO/s2S+ANS+Jl94s/aDt9X8a2UVjc6lcWP2iVpLrUBmSE3zsxZrcyZzCispHGADiv2E1X9r74Tr8I9L8B/Bfw3a+E7q7kVruOws7a2mghjY5IuIl892MY2up+8ckkZCkp5Ri6tSlOeHeKrOdoyny8tNNptxjZ2UdbdWt+xdXOcFRoypqvHCUYxd4wb9pUty/E1u2r3Sd7vofAPh/9kb+w7mC48c6rbarrAVnGkWs2LaxuIyGME5XIYg4DKg5OARmv0i+Bvw21j4T6f4a8b6rok2neHF8deBrrTmhgW2gQprMIEzMwjYliSRvOXBzk5FfHvga/8UeK/Gl1bIrXGZmurVWV2KzEAiaVyrPjcNzeYxGW2kD71fpf8ePHfiW5/ZCe21m9s420nV/DSyyWkYguXubO8ja2e32qrIEZApIAzgMBWmZ0MVhlTpNRare64rppGLilZWu9W3pq+jOLKsdg8ZOdROpam3KLlotGns3o3ddNbdEf1oeKvE9jc6boiQ6haEzeHtMvp0SVJLhEurGGZGkiDEqrK2dxAGBuGeg+G/jV+2L8EPgxpxh1bxLBrevwKxi8I6BJFe6xNNwAryxGSG1BfG7zWVkGflIBz/MtD+3J8d9Z0aeyfxle+H7G6hstO1CeO7kl1W7sbC2S2gFvcyv5lnGYkA2RHBOOOK+fdT+IV3eXF7Pp9zM01y0k17qd5M1zqV0zElmaaXczO7AsuGPr8vBr4rDcIYnF1pVZ80YubcYx0Vr6Xbtp1aV27pXR7GbeImU5XBYWhJ1a0YqL0Xuu0fRrVJtWu352P1h+O/8AwUo+IHj6C68O6dP/AMK48N3TyOul6BM0niO4jQkxm/1MYksi8ZVZI7diN27PILVwf7BXxSu9e/aX+EFjNYxLZax8Q9Q1EXBlNzfzXkelSq91fXMredO74JZnLbTjIIxj8hdY8ShpzvuZIp2+eV9xkmcAENu3E4DccAgEZ6dB7B+zp8cpPhR8aPhX8SDYXN5b+C/EE14un20rRyakbmEwCFdpAG4Ecls5K5XI4+lrcJ0sHgZ1uWU61OPNGF2oKSSTdr2bu3rJXv0vovh8Bx9jcxzmjRnCVLDzqKDbT9+L5VZrW9rvXftsz+929nLXFwN2WEzHDFOrA8r2wSCcYIyeuRWNcSHnccNwzHHygL1+YYC9ixGc9c+v4yWP/BVLxx4sv9G07wr+zrdavd63OYoYzf3JntJHkEMD3ghDLDGGYOWkKKVbrjmvsr4i+P8A4gaZ8KP7f8banZ+ENe1XS7iS88IaJPHPe6evkNLFNPqLMFtIn4V5GYFeeMgCvzfHZthsHUp0K13XqSfLTilKbd0rSUbpXe2j0uux+rYPDYnGxqVKFKbpwTvOacad9LNOydtbNp62v1R3vxD/AGjvBXgrxVoHhGPUNPvtW1XVrbTb5476CNNLE8gSMuGkUSzOSAUGXXOCCQa9J+NH7Rnwy/Z28JReNPHmu20NuiG5i02NxLq975UO5YreziBkXzgMid0EXOS2OD/Gp+0d+0ZaXvxCs38NalP408eQ6gstjo/h26uZ7LR7u3fEV7e3cTEXN4hAkblkDgDOATX6P/A7/gnr+1B+154Om+PP7Tvxa1T4e/C+w8IavfW3hqW6a/8AGXiGCw0+e6SZS8jJp+mSqgRVjIfaQAtaZkqeFw+Hr4qqsPRq8jbkkpvm5fdhDdy1t07t9vRyWEp1a9Oq4zqwdlGLi420UeZq6Wrd4pN9YnwF8ev2ubrxN8QfFuq/Aexvo/E/xB8Va3eaRFpzpea/YWetXZMkNzeKzR6XBISJJJUkVuhIHQfpV+wn/wAErdC+JNzpnxV/a08Zr46maW31JPhhol+02mrLLiZT4l1VJHnvblHJ863dmQspUgAHP5xfDL4HeFvg9pWk3tjaf2XZeMr3xPeL4gvZPN1K90izvmh09bd58yQqyKPMYbWZhnkYNfrJ8FfiB8T0+DOseEfg9qNnoEeqMiT+Jb6VDdwvbwu8slvMxLI0qRtsION5zwQMevmU/Z5VhsRhJNTqqlBTqWUlCUYqKi9VGytpe9r31eqw1KMsxr4atFKMOaXJG9k7Kbur3bS1u27addT9qPEHxk/Zn/ZY8GW+hDUfBXgTQ9KiIsfBvhmK2tpmaBSieba2YWV7g8F/NHzsck96/Pb4x/8ABQ3QPicstl4D8MarqGh6LpF3qN/qF85sbWSNI3PlxPFtxI4KgKTuZeMck1+QkXgH4gfETx1ra31xe+J53fy7/X9VuZ7hbZxJi4fzXd4wwCuyKp+6eMmvudvhT4J8D+D4NN06We7hvfDd7c3NuALiXUNUS0dVR9oby4Eck5YhBztbqa8arTpUqdCeLqvEVak4KUebRXcbtq99E1bXW6utjopuUqtSnhqPs4qMuWbSu2ldLayWml9PeXlbwex/4KrfHGTSrDwL4TTQvCek3TajpMdho1ustybC5EsL3Es8qAi68ssWJJIZugOcfiroEUmofEn4vXlxK7yyeIbgtJKN8k8kszzPJJ1y5d2zg4GeclQa+9Pg7+yZZeNofGnjC++K2k2+v+Fn1rVY/h/4akhu9c0yDM0tpc6qQxS3tpFUrKdwKHG4YGa/JaX4rL4X8SeNvIuLe2lu9cvYJpbqaOWaSe3naNmTAYNuC7gRngnJIBJ/cPC3PclyPPJ4ipzQjRoL2nJTd3KabgveWvla6trc/GfFXhrN+I+HJZfSlGNXFVfdlOSjCykr3UXJpW06XWmh9eQWcUcCzSPhiTufaCoX0AK8ZK5x8h4yRyazbu7gAkDXFvGsQf5nKsX5yMKOSeh4Ck4AJHFfHV58c9Wmja10+31fWJGUlRa28ojZ2POHjXkbsYO4jAzwawhqvxn8TFf7J8OTadDLkJPe7hgMQNx8wAk9PT5vbAr99xXi9l0E5YHB1asmkk6slFXXLvbmbva/T5H88ZV4BY1Ri8xzSlCLS5oYenKTv7u0ptR8uuq0ff671DWNJgUym+R0jChkVQFLEnkMQAADk54yOvfby+ofEzwvpKi4EkZ2K0bb544o9/r5e5d205XgevfOfn23+Bnxd8QAy6x4rXT4flJt7aSXkE/dAQ4BA3ZwTk464zXf6Z+yPY3ESy65qeo6pKiqw+0zvEjE43KuHyVPOGPc4J4NfM4vxZzqvdYahRw8XrHTnaaS11bSstHdeVuq+4wHglwzhpRlifb4qdl/Elyqy5U1yxX3rtoYvir9pPRba3kisJ7KO46KLLfNLtHX5QGBZiTwGxuOeK+arzx34h1zxp/wlGjaJq9/qDWP2WKRIpFmWN8r5h2LwjZwB05wMAKR9+aH+zj4H0hkVfDtlJcIqv504M46jOSykM/RcZ49c1veCvCOmr438XwWtnbWi2MdlbxbYIkW3AIOACAFViQFIxkEZ+7XwmacTZ5mr5sZi6rjzKSUZOEYyVrSjGNk2ur1fRdU/wBHybhPh/JlyYDL8NScoqMpqEXKUW43UptOTTe97fhzHwXHpnx78Xxi3g0e7sYpZGBmv5Gk2A9ysjErx2PzZAwRzXVad+zf8Stb8lte8WPbRt8rW9luDHHVSFwBz1PXHXjp+kN8vh3RZwL7UtJ0+MKWla7vLZGyF+Y7S6nHGRjJB9s58z1v41fBzw1cF9Q8ZabIIlkR47V1lYypuz/qt2STgZ68Enmvnp1MRXk3UnOTbTcpOTfTT3r9temm59RChhqFlGEIJ6RSikvLlS0Xl32stL/NemfsoeGrSWObWZdS1Nh8rmaRgGIODhQ5/MgDkDqcV7DoHwR8C6NcQpZeH7IkKDvnjE7gDhjlgcOo7HB98YJ838W/tt/CywYpo9nfa1NE7oj7RFEwB4wTtJJx97B43Fjya+dPEf7fniFZJYvDWgafpsTFzFLKfPmVT90nIYbgfXPPPGOJjF6qXz5ml0Wi3317JO9lZoqdSnFqyj9nXurxTX3atd1tqfpRZ+FNFsvKa305EhiBQtHCkYAA6cBeB1BPTJIOeti+l8NaLG897qel2AChwLm5hU9QRlHYHpxgdecdgPxH8VftcfF7xE0jL4lurKJ926KyX7OrFhyV2EdMHDHB4OO2PF9W+IfjHXmL6nrmp3Uj4ybq9lcAHkkK7EHnocE4yRjOC2qaglOWt7JWsrWV1dtLVrre7TdtWR9ZtJW+H7tdvltol12Wtj91fEfx2+Efh5CL7xVp7kKFMdiVkkPcgsm7k4PK4Xkk8HjwLxN+278OtMhnh0HR77VZlDRLLNJ5cLLyC2MgsSf4iAR2yCTX483Wq3TriW7JIx/G2SRzzuJBBPUfU881kzXyOG3SMzcYG4leMex69eMcex4h1KcVdJuV7a/FtG/VpbXd9LLuZvESe8V0Wr0a/p9d9fV/cuq/tceIDrOu6zodlb6c+reTH5LyGUQxwAqrJnrvHJI69ScEE8Dqn7UHxT1gP/xU81nEVKNHakxEocjaCpPrkcLjqO9fI8tzJuj2ORjIOCeeR0JG7C5we3Gck81Ok0jgEKXIGVwWJJ7YJB6nk54784rKOKqx0hfVra9klbRtXa7Xa2t8uaUnrJuPS999LOyfTTo7XSV73svWtY+JPinVmkbUfEOpX7Ek/v72d0GCBgqW28k4yRjAxgggVw9xqTyuJZLljIWLHDMfmPOTnqv1OOuSRVSz0nVb4bbexu52bGdkTEKc9+ADxxk9vQmult/AXiOTYbm2+yAkbPNBVgvLdArbvYnBy3HXA1hSxdduShNtpWve3RatWs/W346YvE04csZVVe63la6XSyd+z6aI583xdtzkyHLYBbjnOCBjA6nj8O2akMwJGCEDDnJLDd3wc9F4wAFByCOvHp1h8KbqSM3El1vUoXCKOCoI3ZB5wBnkDnpyBW3pfgPT43lMkRkWDduEmWDHOAR6cjoRhucDjcOyllWKmm5x5U3fdaJKFmr9Hr03d7q6OapmmFpzcea8rLZadF19fNp7pHjcMdwxxEshGBkqhOVJy2eMehHy5x24rTh0rUZWbbazuHOE3KwwpzgHIGM/w7uSB7c/Qdh4Z0+KKPyoY4UkDK6hVOc9ecZBPGAvPGQQTXS2ejQIHCJyJEjRMZ3ZZV+U8D1I9CBkE4z1U8oSiruTty3SstNNdOjurv5W78Es7pqTj7K6Wt3JO9rdE7JNdr9drtnguhfDbxhrkhjsdPmkBIV2ALKmRkBm424xnOQT37g6XiX4Q654XsIL7Vn2NLOIGj2/MpPGSec9eozjGRjrX6W+CfDVvoPh+2VIVjvLmAXEuFGWdhuUZbBUgE5J6jnPTb4z+0WqDw1phdMTtfhixAXkE46HBHHJJ9CMnOd5ZbRhTv8AaVrpvV6pNO1011ehzwzidSr7OCsm7pPsuW6Tu7NPV2TabaZ8i6R8PtIkUPcu0reVG2xuFYkBgDnHA4BGCOOM4rdj8L6HZg+VBErJuO8ru3FQMYyM4JAyMnA5A65W3lkfyVSQq0cSl2Iz8oySBgjJ6jJOBznpir4ZHUASBiiFirAgZJHOP7w9DnJx7Y9GnhqUIwahFSaWytZ2ja3e99Wm7fn5OKxuMnNpVJKKkrW6apJNLW7952+7fTDKQR+WwiiiVWyBGFBPJPzLtIxxk56DjaSuTvWcqPGZAoX5cAgckBtx+U/eBzj1OBwepoGFGKqYS4c5PlhmJyBxtAIPy9mGQckHNdBYaJq99CiWWlXM2SxQCCX5AO+So3evGNpwQecnaHKotNLRpaLbSNujdr313STJca8+W7k3a7+KN9tk+t9dL/qZlxeP5yEArvIUHAO4g8ZHO0ZO3kBgM54AzoNcLtUySFW2ElNuQCBwASFB7epOPqK6Wx+FvjG/Ecr2K2K7yWa8kEYXJADEEjHHrgsc8fLXVj4XaZpVsk3iTxpo1n1MkcU8UsojbOAFBJDBeMdMHOTxgjNqLaV7OLTbS912vb3tHe2iutbtd6WHlOK02STTUl1Wjt33t0tqrHkp1BGUAKARnBPyhiD1K9zg8j7pGBjIAqWK7uJEVEjyWbbtjBYup4O3AOOvIXGB0yea9BkufgjoqsLnVbzW7iFtyLGpSNyvQdAACcAHI45AOchlv8aPBGkqw0DwMLyUArF9qUMFI43EkbgfQY6E8gcmnVp3inON9JaW0aSeu7stm/K/VlxwLSu7RTsrPrbl727630s7q99OOsNB13U2aKx0q/nBBOVhlEhJyv3mVc4wCfQA4/uj2b4I+GdZ8J+PJ9Q8R2Z0axm0hhHdXu1Q3zBiFVsYJC4zgEqcAcHPAT/Hvx9fxGDRdFsNFXIZTDApcdly2xSOfmwTwT2HNa3gDTvG3xq8cr4f8T+KZ9PEdg03mRfKBEmTsWMEIWIGAeBjJPOa6MvnWljsK8PCdWtGtF0o3spyslaXM0o+eq062Rlj8NgYYDFwxVRRoyotVZRalywUVzNJaOysraau/m/tS9+Knw10JgbjxBFNIVwVtm8wx7OMZUEAMwJ+bnkAHjngtV/aj8HWYkTRtHudRkR2AkZtsU2RlQUA3Nk7hgA88kjcQel0X9lv4baXCk+qT6nrzsp3GSRoUJ4JyqMBhjkjGOScgng97pHwt+HGjRiPT/CWnBkIIlvYxcMGbhAWkHB+YZxg42kgAg1+oQwnE2J5VVrYfCaRvbmqSjdRulyrlbWm708+v5PUxnBWClaOFr4x3erlyRlJNWT1ul27r8Pl+T9of4k6yzw+GvCMkUUqkRGOxmmKKefleSIgYyBkEjI4PJFUJrP9pTxfKkjfbdMTaEjMjraKquwOSitkEDHP3h75r7jhto9PAW1s7O0hKAJ9lt4o1UnngBc4zge/BwNoFRl2lV0/eSA4YsSVKd+RgkAepI78960/1blVa+u5liq9170YP2cXs9fidkvJLpfZkS4ww1BKGX5Pg8PZ+5OcVKV1ytbWvZrWyv37v4zsv2bvHutb38VeOGt1Ll5YYriWZmYnncHbHIIxjoSQQDiu1039l7wDaKv9sajqmsygAsd/lISx3FdykcfKSeuAehxivo+dZQDGqko5VgM5ZlAz8pJHXlSMZz0p6w5cICwRlDMoGcOBjO8ZPbkY468Ka6KHCuS05Jyw/tpJL360pTta17puy3tfl6rR3R5uL40z2aajiHh1Z+7RhGF17u2l21p1vu9TzPSPgx8LdEkhNr4XtLkxyH95dt9pLgZPKtkkLjnd04J65r1DTtO0fT42t9O0rTLCIsoT7HZRowxuwpIj47YBGSwIAHWprW1WIAuuTvyCpOCGJxtz9Dk9Mr97it62tokUkIEBfIYHJ3jkjHOcYHU8ZIx3r6bL8ry/Dpeyw1GCSVrUknstFaKvps7paanw+a59muLbjUx+Ik5a2lUna7tdKKVtdnp11exh3lvNPYaqXdgE0q92g7gAyQSKPlHBGM9h8owehr5u/ZMt1bwd4vmK7mbxLd9ztGLlxyDxgYzkcjtkV9R6gnkaVqzGVMHStQkfkDBaByFBHIHfB4ByfvECvmf9lFwngXxK5k2s/ie9K7FByDcyH88BvQc9jwPnc+hbiHJrQjb2OJbs99Ka26WutG7WfV6n13CNar/qpn8qlSU5OvhtW22r7WWtrteqeivofRESyE7yRjJUhAMk567SpJ46npweoFWWw4d/KcKMJIgGSxHO4HIwB2I+9knJHFJ56lmVMHJ+ZtoGCD8wHGAwHIHQnOCp5N3LFGCNngDDAEkk/eAA3KPcDB4PI6+1dpqySWid3u/dTdlo7W21SbXZ2+cnN2fd20erk/JX6u76Wu200rFKK2BVlSMNC75ALYcEfNknGeMDPI7jByasERpuIXIRQGXo2enDDI6gfU/KO5qR1ljR9oBVlViQu5yT94qCeMYAODjqFGcYEQEMCpKMVLNjDjb1yVyM8ZAJBx2H8Vyk7K/bTuvW2vZXs9X92TqrlTfxNNNW6xS5lb0d/TVittjAdCy5XKggMWJJDggnIJ4PbaDk8ginLblfLcOCQBuO4H7/AN4AcgEA84HXkAbTTEidhI5Vgyh9jAnAjPABHU557nknucVaEZ/dsFIVUUbV4LHIG7JHAJyT64xWHMnK2j0ejvdaq21+mnq+urdQm2r9dG39l3s+VdE1dLW6utdd41QFZGDHA+Rcna2QS3AwCCxyMEcnPHUm5EuQN8gQsFJUdApOAMg8ZxkjryOOKiAZTICBubKrlckEknLYAHAwBz0IA3EUobgAjhAA5HBY5ztJHTkg5B74PfIop2suq1d/Jt66b+km7XPQoSiqDbs5NNrV+7qrXey9G1e6KUhUSgGMyF5W2soyQFDdcDJUbRk/7vUV8H/BOQf8NB+KmYYP2vVAFPzZ/eyE4K9xzzjJALYxnH3w6mVY1VhERJtLMSGUEk4A4DcNjOeOT3xXwL8Dikf7Qvi3zZPMWO+1VTgkHd5khxwMk/eAHHHU9TXyueL/AIUsi1fKscru2i92Or1b0Vz7PhRtZXxG3azy+Ld9U7yV9traN/LqkfoXEgaMbVARcbznJDls/Ick5GPm3d+4IrooXRsEzACKMBsoBkkYUjgcjj0GB71zqZjj/dABXXd0GWAOVOMk7lwT97JGQeTxrW7KEY/fVlXcpQbmI5yRyOncDkcH5Rk/Wcqk1zX2WqbW+3X1vpv17fFqcdVZpq+m0U7Lqr7u7bS6uz1NKQxxRLJ5hXK7sMQ29s53DjO47uh4IGBgACqxIJXygyEurSpgAuCAGOewI555GSOB1r3Mh2gBQd6kInOFOcnBAGCQO+cD86hjVnMbIoLhSHUuRtft12jHOT3Iz3IxMk0rp6uy1b3916vff5d92ZRqN1FZJWSfe9mrJK6ey3uuqZpBjIJFSXCRKVyoO4rnBAwTu24GeMkZH3jkyAsVjVGZ2C4VsbPl+8SScHKleQT2IGRjKWqoGlZl2SRqBnJKDauCyhvvZP4nHc1NJtd1dJNoCMzkjBLc5ZRzkg54XI5P0rndO7cm3dLmVnZJ32V3Z33TXW1+tvTg24xv1+enu6b6p9bru/JZN0irtbK7t5Lcn5mOPmY49c/L0PbAGFoZ3LJtB/dABcHCtkcN3JX8M4yfrevHbAaRQ6qjMmDx2Ktjg8gk985yc9Dkm4OwlQSUyxBDAsTnARemB3CkDPzHb3qjO2lrcu261bXzvdv5W00d86zlFuydn5ei162TutNHorluBBvLMoLZ5AYYDcgFR0xjBOOeMg8ivBPH8Bb48/CldwZk03UGVQcAfKnQ55JI74yODnmvcopi7qpfLITksoVSWznlsHA7gk4wAM5wPD/HbRH47/DRssTHot4wAPcoFOO/ORj0OMY61WJkpfVlp/v2DTS62rQe2nXy/A2yz3quJaWqwGMvqlvQkrrppdaJ69LHJ3nhr4q+D4pBcQxeL9MjBLeS++by/wCLcGGXODnofVTwSeCvNc8H6gZINVi1PwfqzCSMuDNZxiQoV27eEdSTkdc5yAP4vuBmTJl+0FSRlNpO1tpJwy9OgwAR0B4rkPEnhTQ/EttP/a+maXqB+zzyK0sMSyqViYowcDcrZUnu2QBnkivIr5RWo0aksPXlKCpu8KvvJpqL0d+bbRJn0WA4to1a0KeMwsVKVSEXVorlXNKSWsPei9bPaN+mtz8v/D9sI/GUNtFKLiBNSnSOXI/exlwwkJGc7lbJx6kjJzX3n4U1eaz0fT1ntnMEOUW6tDkRoHbmROSSCTzjGR/e4PxXoukw2vxCsIoAEhGo3QWM4YoYpWUIeT0AwQx5C4/3fpSx1LxZo9n9uXRri+0RLueKK9s08zyVVzlZoVyJFG4gqT1OTzzX5xkPNRxmKXLK/vt8qdrc8enZLXXS77H6bxBh6WOy+hzOMXywcXNqF3KEHFXl1tZ2ura+p9FWeq216rsswuEKgAECOVAQVIZMgkjB4HzZ7Aivi79paCG18SeHBbhws0AwG4I5zwOwHRQBgZ5zmvZdO8daFqMyLdKbS5CkO0J8lwwzkywybQhB6lQxJJHrjwH4+XYvL7w5dLfG9jVmjikf7yoSQFOeSep3dfqSMepxFOGJy2UeeN4zjo7J35o30ersu19b9z5bhrLcVl+bxnGUlSnCcHeV0tFdq2+rsttb6WR7t8BYLSZnW8sIryCbRpBLFIm9WIY4bBByccZBGMZIGcD27R/7Y8C6pDrnw18VeIvAerhjIJNF1O6s4i4yVVkR9u0sPmGORxzXgfwNuXsrOe4nnWOMWKRAOwRczOxVd5Kgc4wMnPGDzk/QtyYzHCkitkjCOBkNuGd270OSCc988ZOevIMhyzOMklRxuGoVZKck3OMXPVRs0/iV9La36JXO7N80zDLsyVShXqxSjFtLm5XZxVmldXsr2t8m9TO+O/7Xn7Q2teFvDulfFjWofG3h7RNRLaffTKE1BnZQD59wuZJyVAO9wSwDEHHAqfsf/GXwNoPijSdV8Q+TbtN8RNH1+ztrwFYGFnexTvAXIO3OAi5wAcFjjgeN/tDQxL4IhwBhdRj53AglghPHzDJPLHgLkDGARXh3wtsINUvvD9tcDMEurpHIRkNHG8gVmToN2PukHPQdXAPwec8LYXA415Vg1y0akYuCjb3ZVOW6srKzbvbfT7vsMozqpi8NHGYjldSLam0t0oq+vR2etrban+g/b/8ABVK/8X6K0HhCFNItX0W20iOECCa2ES2gt2mjnhZvLCxqSEKoRgMdpFfkV+1Pp0PiP4SfGfWvPtLh73w3qt8r/LI/2q482WWTeeTvZicD0xX4y6VoHxR8AXDX/wAL/ibqWnxrMsp0PUZJbjT5Rjc0Txys6urH5QMkDPHOK9F8c/toeP8ATPAPijwf8U/A0dwdZ8OTaVB4j0SVoYIpZYzEs9xZKBFtyVbJcZOCeWUH4rHcBZtklWVenS5oScJTqR1XInFvVN9r2dmnr3v6WGzrLs0qclOtCc4yuoS0kneOkYyabs1tZ7Lrc+EPh9ZyNa+HLaYiJo5vOicKGUSq+5BtyQSewJAA6Cv7UfgLN/wTW8a/s8eGk+IfiLQbT4paH8LkgktY7e60S9TxMtkDAJpI4FS+uJLsIFeV/mUtnHzEfxQfDbVLSe90yO3vY5UivbAWyzP5Zd5LlCw54IwcHJwue3Uf2Rf8Ew/2efhH8Z9X8YP8XdFsfFMOj+H9Dj0TSGmSxtryee3hfdFPBxPLGzbdrHIbluhr47jDG4nCUsJPnrUbySc6V21ZQTla6jo3o21rZrW6PqMtwlKsqsaijPlinGFouUndRsr79Gnukt7H586v4XT7VcRSCW3d49WngIG6OWxxILOSQxFkYPBtYlvmDFvu5Gf5vL7S5LP4pfEV0jRkXXtcCbFAAxcsMjIAA4GQOpyO1f1rftM+EvBnhT9ov4oeBPh3r83hC10sWumaboF9ENWtxPNbma6txdyMWjjjAZQEICj7vGK/l18XaeLD4ifE23k8qeWDxTrkH2iL5ElkWaTc6qThY3YFsbs8nA4wfc4WzmeNiryqS9nQhNKSfNqlbRtpuy1fLq92ldHjYjKqeGVSUUqft6mvKlZLmVr2bs0umitst0/0j+CNnY6h8N/CyLNG80elr58L9VYspKkuRuOTkBfX5iDkV1uv+FZJI8RDCZ2kFVBQqrcgc4YcY56ZPIxX7LfAbX/2UPEf7AvgPwdd/BKGP4mSfDp4U8bWNlBbXCa8qApe3GoIRNJiRcsrAjGTxgmvzVvvC15p1ilrfXUMtzF57syYLFVDbA7McscALvJJPfJyR9/w7xV/auJq4OVOpSeFfJzVF7s+Vpe7pfZX0vo9FZn5zxHw9Qy6ccTTrOpDE1ItqzXI21Llvq9dd7aLz0/nf8VWrp8VvG9tIX2RX2oIc9yrnGepzgZxxnHJJr9C/B3wc8R/Ej4QeENV8NNdxahpImNubaZrUOkR3NmZWDCTIwiFcHocAEj4W8bQsfjD45kIIE2oau6kjkgSEYBB65xxnPrk8D9t/wBizTZdR+CmjwxyOnl/bHIV1Uk5yFyxU9zz0J/h659qvUVHFxk6llJSXM3bTni1ptqv89NDsqzxFPJoywyfPScLXjulGLbaetnaz0aVn2ufm/qV94l0O4u/DnxU8P3+q6fNILKG/uo9uo2O+QRqUnUEugzkOWOQexK182av4JsPCHxbbStHuJ208W66jbfa8CYRXUe8K+AVLjOMjJYH1OD+tn7Xvg+W38Lwa47vG+nTAT5g3ssTSKUZ3XeWPAI3nKgkjFfmH4vmMvxK0+6uGS4kn8NWT+cOMgRAKAB0ZQD/AC9c+dmcpKNNqalBTTT5r2+BpJ62e6evbbc7eHcbLFQlGpCUakIx9okrRbvG0o2k3faLVkurWzLnx28PatrnhTwXdadaNqZsNIuBPFGi/uEycnJGTgdgOT1IPI+KjYXMM8ReCW18tn3CZSjb1B3YyABgZI5JY5BGcV92/FjW9Q0rwr4CntpLm2SeG4jmFsgZpYgcAkdCOcNnOASQvNfPOpatBqdrdxyiOZZlfyHuYVjmglAGTuC528k8EE4z7HLD42DppSg5STSte7WzvaSbemn3aLQ9urg4te05Zb303cbx6ttvbZK1vI808Izsddle4lE29VA3HoBKMdN3I4bJwD1wOWH218WI7bUvDmlWs8/2cDw7bvD90SNMkY2BGJ5GRyAM5xjHJPxXo+nS6fq1u8mxjcBSJIzlSGkABLDI4z07Yzwc4+wvjdp8R8P+Fp7i5aPOg20UQHy7pniATDZxuB+XBwOnTjOGJftJUpP3fevbVa2W997LW2vrfQ6MJaFOaTs1F6NtW0jZp6vRa2620fb4jju9TR5bV7u9Dq5BEkrAFFJAUYLEhh2Hb25rufhujQ+O/DcRUlZNWtJHckksWkUHnqDnOB0JH+7XJzxtb+YGeQypKD84DuQeMggEkkY2kcY2nIB47X4bOG8a+Gndg0smq2q7QPu4mBBHBH3mYkDpyemd3VRivZ3TXOpRS30T5G7pJ6vTyvrotTzqjlGtrUve9+i1UXt1bta3Xe2x6J8ddSvrb4la1aW9y0dqqQfu2c7SdikEqcjg5xjv37V5uviXUZ7a4s5ykomjYMQdjYVcAk9CMjgDg4HYE16P8eowvxM1vzUVpNlsDtOAR5ajOBj5gvBxyRwOMV5XsjaPAiJZlAXHykYOOvGRkfnkdBzvGhTk3OcYubaa3VrtPVrVXvbr52688sXVhJQjJqPupJ3as7WS0aS6q92r33ue1/s1rNF4vZwQQtjcNhhkA7ZDz3I79eegHr5rr1+0/jPX0Zt2/VrwADIZVEjrtyMdCfbHODnGfVv2boi3jC7QDbssrpQMdMRPgqNoyeWGc9MAH5hjx3xVFFZeLNbkdJC51e7LNjcoLSuSylc46AHjDAAAEHInFqnOnRjKNnFuzvdOyVtVdb9GpWuVRdZe1lTTd1HW6T0tdLt1t67X1NfWII30KbL7FSSJtwGXAG3r1IyOfvHPQ/Mc19Vfs2Bf+Eb1ORlVhFHc7csdzlrWXGOvzMSC2OBjORxXzZbT6Rd6BfxCeF5vJDlZW2uXUAYQAHqR2GM54r6R/Z5SM+HNR2AIGiutwLDgi2ccHIGOd3IAHIzisqUIqU3dKPItLaOzV7a2s+tttb+cSnV/dpuUnz2a1ummle+ie60T+S3PFdQ8c6rHqV5pxlQk315FFuwpgi3spCsuMNgnp1OSDkZrP8Oq11q0Qm5mW9Rkx1OXDFs/xDn3Gdozk1yWq7YtY1ORkEjf2ldMGBzgeawJXnoVOQe5P1Nej6OsD6ppc0Fq9tHIluBuJDh8r8+3qAw9Sc5PtXn1VCnK0Yxi27aLR2UVe6drvli73s+iOug6s6ijO7s4x0bejcLXu3zO3Zrl81Zn9Dn/AATJ8T2+lftC/DPw9qWgaB4g8P8Aje0Xw/4h0zX9Mg1KC6s5kyUVLhWCchfmAyB0POF/oc/aH/4JFfsc/GuW8vdM8LH4U+JpxKyar4TiUaXvfkGTRgFtvmcjJJGBnOT1/m5/4J2Bf+GmPgezYAh1iwTb1OWjUgA9Ac8cHkD34/t81EjzpgM4AjDP8x6qMAA457AAc7j0zg/ifG2LxGHzJVqc3FzScrydmlp/NporWsr29D+gcmw0P7Oy2MfdtQavFbtNWctLSs294vV9rtfx8/tDf8EFf2gvA732t/B/U9L+J2kRedPAmjOll4hSFQWHm2JZIWfaMMEdiSCMH71fjj8Rfg38Zvg5qNxo3xJ8B6/pclq8kU66hplzZyxiM4LGaSNbeQAj5fLlbIH8QAr/AEforiW3m3200kD55KOQD+GQOfTgDHXNct498BfDf4r6XLovxR8AeFPHWnTRPCzavpVrLexBwQWt7wxebHIOobqDg185hs+pVeWNeLTtZSd5Rbair3Wsbej6XWjR1yweIg37say1S5LQna6a0leDdnZ6QP8ANgjfS74FIJ0gldfngusRShiSMBmPzYxjKjbkds1XutAlKhldiBkhmJaMgEY2fNk56AEjIyWzgY/sk/aM/wCCFX7M/wAV1vdY+Dms3nwv8Sz+ZJFpOo5u9GkmY5CR3bbZLKIsSB5aEAAYAGa/BD9pD/glf+11+zJLeXtx4QvfGHg+2eQw6/4dhfWdOaFM/vHaMSXSgqAc+Vjvg4NelGpCsnOhUUttIyTttq7K+l1ul59DCMWpRpyvHX4ZLkkrWutbKWvWEpW0drn5aNpJY4dFQIqkSR4LMwwDle3Xr6ZAwOudcaVE2fLlJ2KN+0lDgjBwBydvX2yDxgY9IvfPsLh7PX9Eu9JuoyUkE0DrtYEh2kiKrNHyMYkXjJAxjmq1pAymW1EM0bDaWgYPIM43ZTk5IAJJwOvfpk60l8V1tqm7NKyvpfole73VtbWOmNJPSyaVr31evJy6JLyvFJ9rb38/ihuIk8uIo6kcFlIJUctuLcgjP3cADI98TfZL91X94oBAyF6qvQLkdsHOMYBPHzDNdVcAAOjRk43ADywM5yMkAAkccEgfMOpzznjeSfLSSJzhVHl9dwzliTubI6DA568E4n2snZpRelnda68rv1X3avUaoJqKUnve3m3Bdra72u0tdnoc62ms5KvK7Bfu4YjA4OCrgck54yxHTjtRkso4piAolA2qCxPGeCxPIJyBgnp+eetNuwJE4YF+4C9s9TvHHGOecDkd6abeHBRcKeVw5XDAk4O7OQBnj5SDjIBwAaWJk+r3Sa2f2ddOltNLLV9UQ8PFyslayu4u13qrWUtdbbat6WRi2MyWzhVaeLaQcqXKEj73y85XJx9RxnBIu6nFoGtxGDVbGK5zwkjRCN03AA/vFAYNxyB12j1zVnyYYlcsr8cSHIJYEnoQD8uSDnoDyM5qnJKysBGmVzhVKZcjIIAznAPAHJIHt1IV5xkpxlOE7pcyk4taxtezXz6PfUPYU3FwqRjODe0oxat7rV07t9dbJPZJrbzHVvhfHN5s/h298kKuVt7jd8p3ZARiQSSc49s7iCc1w0o8T+GZTDf2lw9v0YurTQkAnIBPAVh1PBXoeDgfQ5e4mJ3KF24JKgqdvZeOcjJ47+mCMSSBZwYpljmg2kSJIgcHOdw+dcs20Y+XnOe3T6DC8Q4mjywrtV4JpX05mvd3d7aW0v5u6dmeLieH6FVOdF+xle7SS5G7rS1tPVJW2Vz57im0DV2V5IxYXeMtJAwEe4dCQSvCEAnPUD/axUd54dvTGJo1j1WzXqYGCzhRyCyg57kYwTjqc8V6pqnw78PaluuLP/iXXIJaOSEnYxHUMp4XAPzDbjJJJXpXD3XhrxX4dfz7cnUbUMSJLQkkAHA8xOpzz2wRjJ25A+hw+bYLF8v732U7Jcs+XfR3UlLu7WT7WPBxOVYzDNOUXUj/ADQ1t8PvNeSfRu/yschHb6hFlLG4mhQ8vp91KzRkAjKtC52FTx9OgPSuv0vxBpyfZ4L7TF02aFWj+32Sl4SXLKzvDgLwpBxgjqByOIU1zT7/ABFrlgYbgAg3Cp5M6nONzcKGx9R/EODSXGhzSQu+lX6X9vtLGFmCXAGAdozy57A54HByK9NOyWsakXa6dpKSbTtzO3W+9t+m64vZvmTjLlnHaTbi1a2l7pJdk07Ws7nfeFX1nSZp9R8MakktnJcoVmsp2j1NNrbmmgVSksLKxJAXIXggkCv0W+Bv/BS79q34JXdhotv4rv8Axn4USF7eTwz4vc6ra3Fqf9bF513vmgYIWB2rgD7pJwD+RVi2p6LeG50+W50+7RgQzyNGN39xQTtYEgZGQD7849R0v4oXAjEHi3TFvMAiPUrFRDdq54DOF/1hXkncSrAY5r5LiLgXhTiyhKhnmTYHGxknFPEUIOpFu2tOtFRqU5K11KE4u73Pocr4pz/JpQ+p4usoxduTm5qbTSv7k06Urre2tk9NNf6VfAf7YP8AwT8/a4sF8KftA/DO3+DfxJu7VrP/AITPw4QmkrO7bUubgoEdwWO91ZSCM88gDgvjn/wSdk8Q6W3jT9m3xf4Z+Nvg+LT5Lm2tfDV1a/8ACQ26Aby13Yxv5jAKQQGUtxnbk1+CVpLoniIG90fVreLUY2zGc/Zroxj7yshIVnLN1wCDxnIyfZfhn+0D8ff2etYTX/hr8RPEehO8kRkS1v7mO1KlgSk9oGMMsbYIIwVPOep2/jFbwc4n4Nr/AF/w44nxVHDQ1/sDN61XGYCcU1KNOjXm5V6Ebe7FPn0VubXX7WHGWS57D2PEWXRVaa5Xi6NNXV1GPO4O042a/wCXU+VWuoPrt+M/hL4s+Hl5N4e8YeG9c0KaGQCT+1LC4s5beSIlWVPNjRZEUgFQhOQMjpmsLSo7/Qb7T9Usr0I9lcs1lcRSGOZH2MpIOVZSwJTjg5weoB/Wj4e/8FZ/AXxV0K18Eftn/BPQ/iBZMY4D400qzis/EkXmbQbgyxRKSqqWbeZCSSTk8ivXL39gr9lX9rLSp9e/Y7+O+g6Xq1w32s/Dnxlcx2V9byuNxgiu5WEskm5vLUIrYJCk4BIql4z5vwzWjl3iRw7mWRr3Yf2th6FTMMlqpNLneKoRm6MXpJKtBcqdpO2/Di/D3A4+j9d4fx9DFwa5lSU1GvBPlbU4NqUWu8opdpOx+Rnwx+K/ijwnq0l5oGsXuhanb6x/a6kXUi28tyQxeWeIOEdnJyVIOR0GN2foqw+M1r47+LXw18afEyWW+vdK1jS7TWNRkJEL6aRJEFiTJCxgSMWUZB2/xAmuL+OP7Ef7QnwD1a5g8Z+BtXihspAF1qysZrvSbuFMhJ0u7VJF2bQW3uANpGWzjPzlZ6re2UcU2u2kuywvYldgp2lY3+SMqCwDcZDEBjzuHFfseT8RcK8UYN4rKcXl+OjiKUoTr4WrRqNxqR5ZQnyXlF8rV4y1XVJrX4DH5PnWU1YxxFHEU4wknBSU3T3TTi3eDWq1V1b8fufUvgnJrnhj40/EP4ZQ3PirwhofxS1VNV0qzgike30i7USW+o21sC1zKibmyYYmCbFLcjjJ/Z5uP2fLPwH8c9L+K1/Y3fjqTwb5vwsi1mF4oo7xpD9o0Z12M0FzIp/dzYDoynOSGA5b9nz43nwJ4ug1TTNbuNDkl8S2941rJMz6RqtrKjJNaanYP+6uI5VYId6HGRz0Nc78SPCWneN/ibc+KBp9tp9l4h8S3cjrpKotvbMRvikjVMJHCzsxWIEAYICht2eHFZLVxEamGliJRw86lGeHqUZOnUpOkqbVOTStKL5W23urxatvtRzP2LVT2UlUpwbqqV5U5KTjzJXejj0SvbSz1Z9D/tO/sB+Hvh5+yx8E/wBpX4O+II/Ffh7xLpYm+Juiz3FveJ4U127+5DFJHJJcmF3+UCdEkhC5KrwD+SMt5dadeSHxELx7WCLZZok7vLbQyt8r2nmHaUUEsYiQMc9Mqfu1vDfxp0b4c+MPDNh4mvh8OmW41C80GHUZ5oLpCxa2ul0+RzH8m35yq8fTp8LePGv7vwxJeXkLxMFtY7O4MWxZIQ7RkttBGRg5IGQMHBr1cny3FUKdWhjK3t50603QxCb9oqbjGUedpK0k21zRavoZV8xhK1TDP3JJOrRmko86ldK12rRslC+78zR1C/8ACuoPFZeFJrpHi0eYakmp/cmuSpdri2kJBAlztKZ+XBwvNM8L3N9pPh9dQjti9tZajLHdyFx5QinUKqgdAW/hIwWPTgEHzrwhrcFjDqC6nHC8lxp9zaRuQVkjZosRFAAdvUYw3PJXBGBe8N+JrrT9G1rTWC3VlqVksDW07LK8MqyEx3MAYkJIpIG4EkjGAcE17NGNXD0rQU8RPmioznK8owly8zlJxu7Remyt15jndTD4zEQnJxw8XFOUaaUYqceTlWySV0nKz6dT1/S7jR9buIZ/KPkwK9xPA8gDxsjjEkeDkhMDAHC56HAr+jfSfhrMf2Y7XxhPq0Uguvh5anSYEkeVEtZYRG1tcBh8szEAjHIBwuDyf5VtB8SQ+H9bs2v8/YAi296rDbKYZZFR3UnA3AZwck55zjp/Sr4O8drYfA61sNF1HVNZ8JajpOkRaXBfMNtvDLbR70iAJbYJiwDAHA5zjIHx+dYTEVM5yuVKUouNVynHk5oSSlByhd3UeZffbV30PZp1KUcrxSbUlpFSTacZNJRnbVcqej1eq2XTB+LWs6rafsw/AyYxG4sr211DR5Fml8yOH7HdPIY0Vs+X8pxzjpyDxXkHgLxculaFaSQyyWj20zywy6fO9vcw73JOGQgnJ43D+eK9G1Xxj4b8U/speJ/DGrQStqvw8vZr/RiAFEL3946TKHJB2+WRhiBzzuxWX4D/AGcL7xf8KvC3ibwhrkL6jrsRzp15IgRZUQM0CyqzMHYfMvmKFHc96+64DzOhgsHmmGzeMcNCnnGLowdSC5JwqSjVo30cUnCdnzWjp0ufLcSZfWxM8HPA1Z1HLL8PUm6b96MopQkkt370b2WiWl7WPVB+0z4o8PwRXqeIl1qxi0q6tptI8RItzFNE8LIyiV8sHXJKsOjYJxnjyLQHTVdGGt2+kS6VHrNxLqr3EDu1nKxuzLJCCqsUJUMobAGASTjgeCfELw54h8HtfaD4mtLiC8itrqLfIpa3TywwLeeBsxgAglgcZ4zXr/wC8a3ml+CtJhngGq6ZFDPEykCbYrTBCF3Ah8euTg9eMV+hLK8squVTBRov2kOeSoOMVJtLZxdr7Wa6Oza6fLrF4yhTgsY5+5JJOSfMrqGu70bV3ZJXd2j7p8efFH4V/EDwx4AtdK0G307VdOhg0zWLp44zcxS21uiM0TIokuY5ZVL5cAjO3dnNfmDrvgTVtS+OGm+LLGS1vtE0zVb3QCqSKLqK5kjkul86AkFUSNcAgZJA3cmvrltO8J65fQ6loo/sa8s5ElkSNjFiWRsu3kgBCCSSeBjp97ivg/QPF/iCD9qTxJ4OinWazg8Qx6iOFPmSyWUiBiGA3F84YYHX/aFeXhsLPKpUKeHnN0/b83JWk5LRxbSk2tE23t1s7s7q2IpZhGpOtCF40kueC5b2UU3ZaXe7el799T6C1bw1De2eoi9tZIVkkMYcqSuQdoZW5A5GCCMHt1xXkZ0270q7s/sc4uYE1S1iWF8kxSq4Ctu7biMZU4JAOCa+xtGj1jTdP1s6xpEzwXE7XAMsKzWxiEo6EBzDlcjnoOeCTnyHxxofhjULFL7TLhdP1Q+ILES2ttIrRNE0offHlhiSJ+oIyMYGcDP0tXNo4mpGnVock+VJzh70XeS1dtV5p+XkedhsHKjGM6NTnp2vaTtu0/du2uvTz7WLvibxJPq2j6jpmuWUtvNb2/kxSCMIhwy7SzHAydoAYnk9ucmja3NuNHsI4bljLHZBfKKqJkCgcqxOHQcAscDr0IBHoV5pt5Pa3+m6nFDqFnLpc6watFbBruJkQsv2iIgb13YUyKpKkF8gV5VqPh+PQW01Lxrqxkv9EW8jF2joXRh8s1tIw/eW7hshVJMfQgYBrnoY2lHFewlyQnKP7qLdpTjeF2r6trmS11SS6M9SphJzw6rwbqQcoqcoty5E+V2k9Une6d0u7trf2/4RQeDdZ+IHh7R/HUsun6TqFnPZpq0QBMN/JG/2Uy9Qd8mwbd2GJOBknGB4z0q98I/FSXR3hufP06OaS01G2WSxu2tg2bS9TaFZTJHhw6FgBzzwa8/8LGS21bTrm4Nxf6Pp9xY6tcpbuTc+TZ3Ecky2pXo4VGx1z3H3q+qvj3498C/Eb4z+HvEvh6++1aZcfDi3thbxgLqlvNBDDEsN5CmGlniKsC3fgHJIr5fO6tfD59hFiKDqZZicPONW8eaMKlNxk+ZWatOLaW12rPRHt5dTpVcqrSo1nDG0KkVC7tJxlyWaa103b0d5WO3+Hf7cXxd+HcNhoPiOe2+I/gWCXy7nw54khSa7bTx+7eCO8lV5CChx5bHDEDPYVd+Lo/ZK/aP8aeAta+Fsj/B/xhf3ttp/i3w7Lbxw6SlxfoVhnWFsWq2sE2POm3AsGzhcAr8c+MLaGyubKxW6F1De2guIpDG8UsTSciOZSAwdehB6bSScivOfCVvJc+LfENjKgmWKGNkdSfNXa6sGR0IdSp5UjDDn2BrMeAcrrL+08jq1crxWIpN+0w03ToylOKf7yjbklyyfNZJO+l7vSMBxXisJOWEzOksZRpSUJKolKpZpaJ2leyelr62d9WfQH7TX7IXxT+AFlpmt67p9rq/g7U9TWCy8YeHl+1afctOVMKzwqG2iVSBGyKUDscNnivlB/DWqafJPPaQ3ml6gsRdra7iFvcz5AMbi3l2SFHUhkITDD8x9t+If2jfi1pvgDxD8M59d/wCEp8IPa2UMOkeI4hfXumCJ0kgbSb6XzZbURlcKyEED7uBivtD4deLf2S/2oPAuj+APix4bX4ZfFKw0qztbXxncgWcWp38FsEt5o9ZiIeVCVUtDc7I8DB4xXyMc/wCMeFKEf7ZwLzjC0ZunLF4KEvaexXJ7OpOk9U0rqbTtdJ3XX6aGB4ezump4LExwWImlL2NRpJSfL8L0bs000tFol2f8/OmeMJrjx7pmh+ItLa4e7a6ijkVQsU00Jx+/iddmcZBB6/MOKw/iV8EPCuuXMmqaCk/g3WZZBKt1pb7bOe4SQYE9uMRlS33imcgsfukmv0d+JP7AvxM8NfEm7uNDtIfiZ4c0bT7zxBDrfh+aM3s9jI7bSqwP5MipCFG6J2ZsMcZbB+NviLb3ngS+srXUm1EafeLLJLp2oWMsWp6Y6sflZJAsmQxfDhdpIBBPSvcyvjDIc6cYqtS9vVs3Tk0qsOdLScHZxtrdPVPpvbjxXDua5dCpJU5TpQjpKFpQmtGuZpNNNPdpu9murX5Y/Hr4RfEO0vrfVtXtbrWreytEifWNNhaS2lVJNyRz26qXRvkwxVcZJO7HI+gvAX7VHgm58P6R4Tv7KPw5qOl6dBZia8jM1tLJDEIm2Bl3xMxUHay87uoxmvsS0FvrFqZrK9TUFWFHMEpUSFCCdjwScOwBKkAEEjI5Jr5z+I37L/gvxi9zrdpGnhnxJOWKXtooS3ec7mjM9mAqfM+NzDGerZ4Fe9UwSopVsLNVo2u1daJ8q3u7eV/LS6PElGnXUqdenKnJtO6um/hve60td7WWzS6n5v8AiB4L3xtqWowSCWK58SLdRy9VaPzfMDIgJwOQVBAwOx7/AFjd/H6WwJtLTxpfxJBaQQPb2mmyTETRwxgKrLH6qckHOMY6nPhfi/4J+O/Ad3v1PTJNatjdIyazpUbzQAJICWlRAXRtuCflUK2SpHQ/UPw00Pwhq1pHOtpazXiWMXnQwPCbhLhTiR7iFgHEhbJPBI5IA4FcM5wpq9VS1lGXI0n11Wy2W9nY0pYacabdJtWaUXztJ8r01t0s3576XsvlDxHrWo+JPiVc65dXk93LcQaPey3V5BJAwWK4QKUjdAwAQZIAPOMDoB+1ej/t/eGPDfw8tfAV34y8Xayk1hYWZsbmMT6eZorZYxahpXJEMTKCqngKOBjr+W/xYhtrf4s28MdoqwTWOgQOqJsURteIp3KqgAsCQwxjOeM1+gr/AAd+HdxZWtxbeHtIe4ezglfzCjBpTbbnbBHyyA85XnGOjEV62Ho4HEYaNarThU5Y3gpx5nHXRLdpaW3cVpt1+dxtWrCtCk/aNylaTjK103G138Wju1rq+i2PzE0HxFaT/Hb/AISK9u4Laym8R6tdTzOvEMd2ZGiACbshQSOhwVIG7gV+hGl/Eb4eW1vLJd+KIWkaFo0kfT7p0VNzbTuWI5OeMHPJHNfn94N0i1f4722iy2UT248TahbiDaJItiSNsQgghgmMnjA9q/T4fDzQbXTm8m3t0uTLIpjkjhEMYX5hmMAhfUAHqcZrpy2hWq4PEulLliqk29NXonZaWV00k3db63aIzPFYajisMq1GpOo4R5XF2Sj7mjVndvt5vdH5R6D4g0my+N1hrl3c50eDxPqsk15HBJv+zzO4jlWJVLjcD90jIz0HNfeXiH41fDm98Ma/p8I1x5n0PUobV7bTbnyZZHgdYhKxjBRSSCxYgfxDGefh3w0kB+N6ac0MUiS+Mb6F1KKyFY5DhVUjCr3AUAYIwRtAP6Sa34T0+38J+JJYYPIkn0TUFfCoAE8pi4XjA4yRgDbz0C8c2ApV1hMRyV/Zxpzn7tr8zVt5abtLZd+uhpjcZhfruGvh3UnKELPmfuJ8ujst/O6stXY/LT4PXQh+I2najBY3epGPTpsxQwbnDhyAjkDavJ+Y8qPmOBncPt6Xx9rcen6q0fgK6iEOiXollaTakayQNH5wyfmyCSxXPzd8EVzn7AfgWx8Y/HrRPB6WqX8msafqFrbQTZCTXDXDBVkkwW+91549eTX6rft0/st+J/2a/hjbav4u8P2ek6T4ighh0y602RZd0tzIo+yySrkgmMk7H3YXBAx08DDZvhaFZ4CtWUK1abcabe7dlfro99bfeke1i6UuenVVNez9nFOatZP3Va/ndb2d7+bP5+/2f/EuqaX8SPFmo6d4du9Xnl0gRPaxM7CDdIZPMdhk4HI6ZIB643V9ia7438b6v4a1yH/hBJreyfRbpJr12kAt4/LZi7BwCwGNvJJz1Hy8ec/shaNZSfFXx1FE/km5t7xIw7BVWKGVQi9DyFJC465x9Pu74padFo3w68XSPHPtGg3RilZMRuHUgHKblYMCMg8enavtMmXtcsxE4VGox9q7XaTatpda7u6XofJ5nXo0s1w9OdFSlNU7Tb3blFJaebv239H+VX7Ol145sPEuu3XgrRbXUr0aQIbyPUZWijit5Hy0sZwfnOOMDnGCelfUviTVfjTd+HfElpqFv4d07TpdIuRcxGSaW58ny2LCByuWYg4VSe3PUE+T/sozNJ4u8WhDhjo0AZRgIAXz8uWy2ewwSeDxyD9a/Edkbwx4knWTzRHo9yrAtGjRt5bE/IMFsEDqCoxjJyDXbgYxeXyaquDanppZp+d9fdvf1a7NcmZYmrDMqcIRjy/uuaTTbs7O901bRX20v62+Dv2Xv+E7ivfGieBxpSGRbYajJqpJChTIFMICkDcSW6Mw4AwSc/SnxFi+Kv8Awg3iaTxBrPh5LFNAuBc29vCXlkjxkJE5UYJ4O75SeWGTxXkP7GcsMl78QGkkVEBtcF5FjLcvhQGK5yeOvI+Y5J5+mvjNdW0nw78XrbzRS7NCnxGJYyybducqrnIVcZBx8xwewMUMPSWXTm237smlzXV01eyvfre++nWzOuriqrx1OEY2i1C7cbu3uptN6O9/TS72PlD9k688dx6h4vn8D+JbDwzILXTk1Frqwj1B7iEFvKESzDER9SDxk/UfSvxnuPH9/wDDvx1J4p8cy66qaCwWAadFbo8W3LRMytu2+mfu4xnIwPlf9kXxBY6bqHjU3c0NuJIdM8oTypD5zLkEKXOT2zyTjAxyAfqT4z+JtL1P4beN7e0uYJbt/D8rNAkqlkCqTk7chlKgHORuwSQRurKjhcO8tlXnrVs+VN7tNWUU7vre67NdTHEYvFrNoUqatQ9y/ub3tvKz1d+6V31PlL9kHSNS1u28aW2m62dHht47N50SBJjOXOE5Y7sIRkMBnBJx1x9W+KPhpJb6dcy3HinUpZxYs21crGzEggbdxUD5vQbfQYyPkD9jDxBZaO3jt7qRo2mh08RBGVVZg7BvvsAxAAGFPpj5ea+yNY+IGnanY30Ulztf7GyLBJ5fmOo43dWUY2kEA/MOmOo9PK1Tll6c+ayjNPV2fvLay7a9dVd9jHMp4j64o01p7rV4RdtYvdp6dtdb7XOb8VfDf+xvhreatDres3809tp7ubm8m+yQmSRVK+UCUbaMkZ4x17E/Lfx28CapaeOvhlY6Us+rahrtvpZsgrMWe6mRdkXPAy+VGMduh4P1v44+KHh5fhVrGkLcFJxbaXGkJhZpXYSx5YELtCdcliBwcggV578RdVsNS+JvwG1TTWZmsLnwyDIGXAlURZBAwRhiQV7d+civBx9OnWxEKUFaLhCKaT2cl6O7WvRpq/r7+EqToYSc5yTkru0o7OyvpZXTspKzfXofBXxLtPE+k6rq+l63DJpt/aX32e8srh382GRF5yAQyow4YnAz6c58tnupIYUSTy5gke1MglhuPLBwcgnjJBIz2PIr9Vv2tfgNP8Q/E9rrXhO7tI/FGv3E739tMvlQ3pjHyEOMgSdBgjkkEsK/Nzx78KfHvw81OXR/Fnh3UbC5tkR3leFpLVozg+as8alAjKeMsD8xypwwr5fNMvxuDqNuNT2N/dceZpXSaUkuu3TX029bAZjg8ZTtzU3VUUnFtJp6XairPondJry3twqX91ZLFNDKVaPClH3SIFdskBScAAE7hgDgcZBNalvqmnzII9RhEEshZ/tUKjyyQDkOMfKT0PfqRkZNYBXepUjksAOflXGcAFe3bkdsDFZ0hYCSMEF921WGcFd2Mn275IzjGVPUcFHFV6M1y8zSSVnd9YqSaa3bt/26r7anZOlSqJfu10UUtGpPlUtbp32XkrpLdnS3mnxyk3kEsVzDJtjTYRvAQbiXUEkMMY5xnJzz18xnt2e6uYdwTM7npyQSSoGevsOOeTnAFb9pey6bcM0cgVQjl4XIKbiCpYZ6HJCgDkjn1NYNxPI1xJKuC8jMw+U5UlieuOMjPXjBxknrhjsRTrSg1FQkrKfu7v3btWXzeq1XmdOHppU4pptLZabe7dvW2iTTW++9j6C/ZrSKH4q+FppnhWC3afzJXKqsYEbqS+eMZAOAVxnp2P6R/FS80+61+3a1vLeeNtETaYirAkMA2COg5wBjrkDGK/M34A6IniD4keGdDmufsZ1F50a4iGWiby2YEjgnBHHBJ5I5GK/QPXfg94y0GQ3jXUGs2MSyRQeU5huFiRuFIJwvGSwABOcEgYJ+/wCDs3p4bBVKFR2h7aL5u3uxT7eTv83fdfHcS5PiMXUp1aCjJxgouF0m1e+rezt5Wvpbtx0AjTxfosq8mLS7gsGwQFyApxjGC3XGcDv6dPcSIXRvMO8EhgPujGce5BG4YxnkBueTxBi1HTtctL69029hW2sJYGVoi+05DKQRk7SeAT/e5Oc0r6/by5JeONhkhZCyMSzKTnfht27nHUZ4zkV9jhMzwtR17VYPnqLli2veVo6a9XbRN6Pdau/yGIwGMowpKVKonCFm48zSu007prR93fbYu+MrWyvdFnF3YWV2Dd2agzW8bvsEqbgGCcggYPOOSBjPGDrHwj+HOtrLIfDyadOyxt59g72+G2AnKJgZJbj6D0NWNd1OOXR5ogy5We0JUNkgiVMHdz17Hjr0646uO4d4pWYsFZI+OoxsVdxCDJwOp5+hJ45MVlmXY+tUdbDUKtNwjq4Rcnvu/ivZ6adN2mjpwmOx+Fpw9nWrwcZO/vyuklFpaXva1tVdLVaO68Cv/gEyIP8AhG/FVxAWlCxW9+nmIOuFLk52gkDIA49cgjlLHwl8XNDvdQXRvtF/Lps8az3Oi3UlvMpBJRkIYbgQMD5dzcjBr69s1WRbcnC/vDhdx4GRt44ztGMEg4575Ag8GI8XiHxOEkYbr2AFVOMqQfvdTkAKBjoT0wa+cx3B2UValGNCEqEqj3pSaSaSu1vp0bW+lj6XL+LcxoU6kq1T2qgk0pu7d+W+yXSy3evWx494b/ak+P3w8kitrvUdeeCMqk1pr1m9/b7I1A8syOjALgYyAuATtHUV7JpH7exvpoofGng3RrtxPFK95YObW6RVIJKxYRQTg8ZIwMEHqfRLjTre+iMN7Bb3oYuNlxDFICBjAZyuQOp7884458G+Inwu8E3t/oMb6LBbm/v9l09qDC7JnnDJgZXjB2gE449Pn8fwZjMHCVXC45yimkozvFu6gorRtO/yb762X0GB4xoYqSpV8Gr2b5o2a0s3qte6t5a30Ptjwx+1h8CfE0axXGpaj4bvJ1RTFqECyWoduDtZUZiASFzwAB8wHG32Gy1D4eeK7VhovibQL9nXcBFfx20zs2No8p2ViwyCVAC5yDjOK/KDU/2ZtLWSaXw94gv9OYbikNwDLEDxgMzc45yx4OM+9eca18M/in4KEt/ZalBfW9vtYz280kMyqT8uCpGO2OBjj0ryKlDiLL179B1acUnzQbkrWVr2Tu29rrV/O/rQzTI8VOKnH2cpO21rbWe1m20ttr69T9wbXwa66bbQ28K3TrG6sFZJEZSzEOrx5yACclTnI+Ucc8RP4Ov7e6u2ksWm/fL5Tw4O0kN8rKeSOxJC55yMGvyc0H42fH/wE8Fw83iaC3jRGjPmy6hA8eFYYVhhQQemcnnOOte3+F/29PGFlIY/E2mW2o+a4Er3EbafdhQQvBVMbjweT7HHJVwz7E0uVYjD1YO6vKUXbVK2ystXfRW8+/U8twOIX7jEUpXTajzWd01dbu772fqr2PsRfA+n68L37RZ2iOtyYTFNHGHMowpAYHcAcY2jIGfl9TxWt/A3TJZ/lspLSRRu32bFo+hJYKeAM44ycdO1Y/gn9sb4WarI8XiPR7nS2ubrzWuYQkm0tg5d1bdjOeijpuJO7n6K0Px58KfFrtN4e8e2ayuuVtbudYz82NqHzzGowTggg4AyCeh76PENCbilUjFKSbTdrvRu120ra7rrZaI4q+Qy5E+SM1e/NGPMmtNLq+6dtfx6fF3ij4O6tYmyuLLU/Njhuw6JdqyujBhgDkjOcD3z2xWbqOkeKtORJb/TZZoyTtaAblCKAu8AZIHJJGM7VH3sV9weMtDlksbS5huLLU4JL6JYjCUctuZQSDCXRgc569M5HSue1PwrqaJC72bNGDgGJiSoPUGMjdwOenI444NelDNfelONVSjJK6bVtOVb79U13113R5lTJk4tOm1y7NLb4E7rSy1679tEfD+pXiS6bcRypLbzhYyY5UdC21wcZK44GRkNyeTg8V1mh6lbxQszXCszRRZfg9I/unA3MVzztBOemea+hde8KWM9lPvsoLhiqsfOhCuFAy4YEZBOODknHIOeawrb4OaNrGjx3unRzWt26ySymFiUUBmUEKSOeRhRycDAwK3/ALQ55OTtyqKV11ei1be9r3Suneyu725Y5bKEeSCbWr187eStprfyPEfEeoWeoKLcyA7dMu921Tn5oWAOCAvTAHXBPoK/dPxL8LvBmqf8EsfCy+LNK0zWNOs/C73ulTy20f2+xv3kLJNbXW0yRsH+V1DYYHng4r8PvG3ww1bwpANWnvZprB7a4iO+PDAqhwGXdkL78AnOOcE/uTrnixR/wSX0LV9bgU6XJpY0fTgqlS1yl0qB3ztZsfxDoc8ZwK+fzerTqz5udbRUnLVWfIveV3payvZ2ava+p6ODpVKPsuaLi5VVZqNnZciu+1l5X0bdz+XzVvCaW+oNa6VI7Ssylbd/mRo2UtjOSobIPoDyeO+D9ov9DvIp2a70m/tpBJbXMEphmVlYFSkikfMOoIypA4/vV61Z31vL4lRJ9tvEEnMk+CEYhWCZ7oVUAAqOh/Aema/4f8J6zB9iuLeFwdGjuYbtQrPC5H3twBJyQSEOMDLcZNfGYrB0qkZTpXjVVnotrJcrdrXTb0dl0jbovscLi6lBR526lN903bZJNWto+ystX11674Q/tneMvBluNC8fxHxn4em2RrezOW1Wyh+Vd6ytlpfLXJKv1XKgc8fW1x4I+DPx/wBGGr+BNatH1W4tma5tovLgvLW4IZit1ZgAsu/IZ1zjtnPH5BX+galpbyXNms97ZRSSxlliLLEiuQFZeikryOCCG+bBHFjwn4s1zwtqyav4Y1m98P6pC8bq9tM8Ucu08pIFIR0fOCGXnnIwSRhhsyxeDfscSvbUXpeT5pKN05NN2vo9m35W1v2VsJhsX7+HlGjOy0VrSk7aaWWvXW6fm3b6l+IPwY8S+CLwRXFnLFJC7xw3UaMLK4iG7aVkAAWQr1VgFJYV5lYX9zZTo+swPbG2SW2VgrBcE4UYAxycEnOMhmPbH1l8Pf2xtE8RaZD4N+NegwO7NGkPiaKNJYXJwqvdxMpCE9TIu4nbnANemeO/2e/DHj3S7XXvhrqFpeQX0Am2wSLc2srHDhM7i0LnDDYwXawxnG2vUccLjYqphKsedpKVKb5ZXbSaWvV6X137aPzp0MThtKqtGKirrZptK/XVJJ2tpZ3ufDCiC71CSfPm2626/MoBU5RvmKdcKMHJ9cDJ3VwcOkW13qSWwJ8hhI6AKQfMJJKA9B0J6jDZ4zmvV/Fvw48U+B9QNveafeaczq0TGVHMEipkExyNlTuAZguRnngVw2nxSW1/aNCVfyo5HlVgoKMT82F9CcAcD0HBOPKq4SpzKFVXd9mmmk11Saun5Xs7vq0tadecNbtbWsorVuLululuttG9U1vnvp99FPIsEEl1bxmRgNpMkca4+bJyVC4zxgZGfU10Xg3xf4k8D65FrfgnxDqHhvW7eVJlms7iSOK5RSD5d1AGEcyk5UowwQDjkHHfeE4fM1NkmwZrmyeEwsoOTIrsCM9vXtnOO9efHw+8t9cIqYbzblUk2AHKvyME5KLuBJwMEZHTNeRWw7o1HKjKVOcXzRkm110aadnZ6dul+3rUsXKUFCqlUi0m022mrLTz17ta6Wva36o/Bb9urwx4hMHhX4+aTFpt1dRxWp8XWcPmabd52qG1K3IZYiWw5ZBhc5zyK+uPiD8FvA/xF+HGo3vgrV9L8SWOr2cj6HqNiYLo2M7xhliyrmSBGxjDBDkHHIr+fW40zUdMuvLuUa6t8BmYZkjUOMAMRnaQSeMgt0wQc1698NPjH8Qfhfd29z4L8RXVpYQ3Cyz6LLNLNpV3zkxy2zsVRsgjeBgHjpla2w2eVacvYY2PtE0o+2StOMXy/FspJpXbV726rV1Vy2nW/eYWcINJS9k7uLvyt6tPlWlmrySW9j2PwR4L8YeCPiFp9pf2l9oWpaVcX1tYakweK2dUQhX81coTIckAtwOxPNc34yXxIniCW/11pn1K9FyIr6RFaO6HmsVcsN2FIwMjjadx+8a+6fhF+1H8K/irfRaN8StP07wp4gklRoRerGdLvLqTahkguyoMTynghyACQuSOB3vxV/Zlk1y0g1/wZLDc2sYuZItKmK3EcwnXch0+6VmAUg/IASOQd3ANe1SrUa9JOi4zUdW1e7S5Uk1ura63723PJrUK2Fm1K8eZLe/I3eOumiVrtSVn8tvAP2Lvgt4S+KXxN1Dwr4z0u31jTNX8GalO9vvzLaXypI0V1aty6SxOwkXGGBGcHINeF/tT/Aa4+Anj6bwn9o/tqwuoRq3h26gQLeR2Bcp9muEQZaWPaVGASygHABxX0h+zzqHiL4N/FjRr61tpIfEN3pGuaL/Z95HJBt8yNgpO4FWC87WGc5AznArY+KHjjS/2gvj/APDa4n082N1ouraX4Yu7e5UtHeXtte77tMOoLpLk5yDkEDJzk44vLcPioUlJcrnOEVUsufmk4q1lduOt0nd9eus4THYnDynVjeypczpyacJ8qTXLLeMrKzSVnd6K9j4N8GQudPkuIZ7iFVmRWOHi1CwlODvCjE8Sk85IHbPQ17N4/wDij4/1nwf4Z8BeM55vFfhrRpTcaNO4D39tvG1UFwuXdRkAhzkjgc4J/oU1X9kT9nvxpqUi674S0rQNf8VeHDBZXOhFbB4L60hMX2p7OMJHPIwTeyn7568kk/il+1B+z5rv7Ofjx/BWqazFrljqsK6t4evViKA6aXCiKRB8kU8THBwecDd/DXhYnI84yTEOrh8RKWEnLlaTtdSatzQXRpr0bto7W9ijxDlebYJ0sZR5K8ad4wqfErON3TqLps3qntuj5P0HTtNmu51tLia0W403UGltZY2imQqjnYxPJYNwM4yAOh+96Le2OrQ+EvCM0kkU1pfwOsTMM3FukDsgR5Ad5dnBwMcnuTmptOa1tNatry8sEv7ddNurd540Al8yWB1R5ABtJjyOeQ4HOc8aevPbp4W8PWWnOLgwCeWPJO6B2m3suwliQBwMlQOCR2q51qkp4aTvKr7T30tLR9mk77vl5mve6OyPnalGL9r7NWpct6d5Lmfwp3VrNdnrbSz0uu4+Fdw1mwlaJ443vkinGcZaPBGMccEAnntnJ5r+8H4AS/afgL8IpOVD+BdGbG1jx9khxnPXcO+Twenav4ZfhdpB1WOOETLH5CxXtwsmAzs0oj5z3wRnr1465r+6L4D2q23wL+E9sDxH4G0RcAbuFsosDoOvYevOCRzhj6sZzt8NoK8d3JtwStsrpcya01sew48mVYJtcyWImuZXevJHm2v6fPd2PR8k9f72M8AhVwOSOfTGeefVhU8bYOBgs2ABjOPqDxznIxye3NMO0fLhumD0B+jYPI6475PT5aeueDjAHGQB16gE565AxgZ5GeOTww5XK6S+FJ+q5e2isu2l9ne5jTSaXvJXTbWqe8Va17JXWut9Ho9WTA7VzgEqNxYE53HjnOeOecdCeBnGJA2cZz8w4JGQD9Dj04Jzt5PGATEpRlJAwzDIAJwADySPU8dcd+pALHzBsZ2gZyM8nOMHAxzwR0GRyeua3irpXvbs9nrZ/et3d6K+w5JJ20d7X8reVrre3dX0vaxPgBuTj7w2nAOeMY6bCPb1I9KbuAAXb3HXqMj5Tnn1z15zz0BqPk8KOV4BONvQEADtgHkHnjtil3YyGBIY4bk8YxnjOCeBgDtnoMCi/Xv07bWsvws1qtPQUVJJWsla+unSz5ne6vZt6vT0J1k2/MCDgcnrnjg8d8HjGc56Gn+cdpJAC45Py9xzkY4PQYwOQeBtqqFA2kZ753MD930549hkjjqQCalAzjB+UnPJHBJODgDqO+ckEZ9qE+vxXaa9br79k7fPczlTS631dnfayS0ey959HpddtLBcsVySfLIPbgnPBJAOeTk4z+WKlRXYg/38Zzxx69AfXGMEntRFERyG9NwOBn5flKr6HLHAxzyOQQbyIFPLAgk7RgZ6Ae+Qc8c5PJ4zQot6O9rR3s19l9LPVaW+VrGUmkkmr6bWWuqfW6Wquum67DFjUhd/T1yQB83oMn0BOOM5PAqdFAUAAEE56+wB3ZJyDxgcHt0pcABTgAluGyARyAuOBjngemOtOVgDt24IGMkY65x6nacDrjjnpit1dPV3s0107eXX56WOWbhKyUbNL1tre2vVL+trIzbSeSAQB0wehOf4u2CCc9QBmoWkYg7QOoA3deDztBBABwOeCeDUzKcEDsDt+bk5HBz6epJ4PbOQINhAB43E9eoPXB5X7p4GAc5xkE5NOTTXnotrWXXZ79v+GsoSt0lZeWmtkraeml7rXRajGbJ4yRgknv14I6benTseR3pNxyrBjtU5x1HuCMZ6nIx7nPOKftIyN2QRgjG/pzk5Py4yePXk4PFRqpYjjjknGQTnJ69Sc+3AxyQBSi2rLXlVrtNq1rL4r2Witrp03TLSUtWuz1ts1F6aS7P5rTuSbznbkMQST65IyT0xngAEcEnng5MqTFhtIORknAJx1Oc55JUnvyRuPSolAYYHGAwA5/vdf1PHb0NShSM4IAI5xxz69fm+nrznJGN48rSu0nypWbvZaJu70jdXbsn67pklBrls4tWaa1d04273WrbT107OxMZACACOQc4xuJyTyOeeM9TkYpSeQcFflBwcE5Kk5GSCOQQw5x8o7Go8jA9QSRwMd+Ppye2PbvTVJBGT2PXGGwemOuO/B4J696mPKlG17vVtrXeOifa91tbXysc8opfcnr2922umtundvXS48EEkcnIOCVIPB68Z9+/PI7HCH5DjjkkEYbI4zyfU5YZ+XHIwMgl6gkZzxjK9Me3tyO+O5OMgZCh2qxOWIbnsxJJAHfHqx46Gm5RSV2/v8la/rp66dLlxaSkr9Fvondp22tdXtays7W01SBhjBO08nIz2HC8Z6Ej6g5PNNZuOQSGAGOexO4rjoc546HJJ4owTnpxgHnnA9e+B1xyDxgdgrKxORjrnsDwQfqcEEEAE7R8p7BOS1s330W1ra6Wa+fbsrPNNrl7O3XXolfVrRvS3d7X0jBBb+6dwwe4HK42jvzwM4UDqMLUoxnkZGDyOpxk5Iz0AUYPJHHQDNPKnGTkkjqQMHr3P8SnrgnPH1KlUwflzxg56nGcYC9MdR83XtzgLRuTd21y2XXotrdNrX62Kbi2+ZJddrbxWr9er9OtrxqVUknnqRgDHOTk46HJ+70/DGEOCTnGMcZI5I5PouAOcDAA+nMgQLyAckAk4x16/xEEnOWPXnjrgJsUADawHBYH1AA49u/A5OTnPBzf3K/520X69ddzRSta1le1uZaLRR3+9LXTp2IANxIIzjP15PHbuTwAOMZHUGhkUgKflycN13A5yOSucA5JAzz2ODidVwFbOOWwccHPQ5zxljhueDlupIIqgAk5IJ6dhyOT34IAxgc9fWpvrbX0/8BV+9tdW/W9kE5Oy87bpWduV3tvo9rWV+99IliAzkfdyM44I4yM5z0xknk9hjipVC9SD0OzPBbB9vQ9OmTnnaajaVI8AlcDPXIyWGc4OQTjIPXBI9xUMt7boATIFB2AY28kk4xkEdhwc9+DnFRObaT+Jau++vuvbV7PaV/OytaY05K6UZS2VrW5fhStZK76q9u/ctNkkJjGeeQMZzgnryWIwAfToOzAWydyKWUknptUDpknHOBn1APXrVBtXsxktMGIb5SB/EPcfhjI49Oxoy6/bK2GlUDaqglvvAg59wSRnP9OBj7S32HLe6S1XvQ20Sbuvh1Xfaz0jSqte9Bp2t12916aW7uyurq19bx396cAk78Y5wFOCTuOCR269fT0pVdSuW3AnkBQBwD0GSuMZz0IOcc4GeNbxLbKSQykDklcnknGAOCVIB7nAByeaafEokU7FGPVjtx1wDuOByQc9xnp2056r2p620kkno2n809vu6Wvbw1RrRK13o7O2qa6q91o+3fQ7j5WyCBxyCCCc5+XB7HjPoewNN3KAxVgO3XqQAOpHA/i5GQexwK4N/EEsh5fYcHPzBVxjpkFTnkY+XDc54zihJrLsG/fLk/dKykEc/wAWAM/XIIHYHrKWIeqjK9/e00s+XVXT73at6ecRwVS7bqpbaNabrm1+Ftt2dz0/dEzk+YuRwMYKjcvIz2GfRsn9KVXhCnLocsARng4HGRnIx6HBzkHjp5G+uYypmUsCRgTcnjJBOVACgE8cD3HFQPrhBI81N2cjL5ye+edpHPHfGM5xVqGJUVeL1stbvezvrZ332fa1+Wx0QwUOVJzlLo9P8OttH3d9bO299fZQ8ByTIvB5yRjGMZx0zjgc9s+1IGtywO5QzdCzDaOOpxj7wOOAT04DDA8Xj1thkmddo+8POduuMAnOcZOM5HQk9MC0mtkruWeMjgD96D90jIAJBzwdwxg4P1qLYm93e11ok11ju7dbO613dr3uj6jDRKq1Zr7O+2mm+qXTpdp3Z7AZbdSAJk6kHcQAMnaB2IByfmAIAHIAo8yFjzLHz0AYcjtk9SB0+b+vPkyasCWP2iPcMDcZFA6ehJ7cg49x15cNVGDuuIsjuJlXkdSGD5J9cbc4NUnW0tFrZrSyS00tZvXTa3TVERy9XsqkunM5RXVxva/9Pbfb1F5IQQN6FQcAcZ46DPYjkcd/73NRh4SwbcpA6ZZQBxkn7zcZC+nXJ9K8tk1T+IXK9GyfNHUdO55Pr+RJFVX1aQH5bhT8vTz14yfurjPIGTg9R36UlKv9qnpty62TvH+6777c1n8tb/s59Z6Jpp7J6pW01e/nZnrolhwcMpJOSCVOD24DZAIxkdMcEYqTdCSAWAJycbuGYDIx2xgZzx06HivHBq7qcfaFOBnPmEknIOBzuPGAc88ZweSLS6393/Soz13AMRk9jnDHIY8Dg/3T82TcXU0cqTtZaJX1uvJ6bW3T6LRXJZa7XjVsr2sl72tr627pO/Rb6q568piwACvGNw3Ak/qc4P8APr3pflb7oJx8xyeR0644GORjuTXlS68qjL3LEqPlIcFW2gDgg4x3BHXB7ZAuReKVjxidhkY5AIye5KsMk4IyBjBwAc8aqrPmsqcrW/ldnotrr3bLa6Su15tc88vqWsp3Wjbtb7/XX9Ox6aYwxAxkDJzyGJ4Bx6jPGOfbksK0bMYkjBGCZQe5HfkA9cH6g9Pr59a+KITjfPjcM5YAqMkkEsoz25xgAfTJ7HStXguZIsTRZLxkBWGccAEHI53dcZx0yRyOqk3ze9dXTto3q0tV11vr8r23fBicPXpxacXJJXurtW0ella19Gvl1P4q/wDgoxLNb/tX+P5IrH7QYfj74SnVipMULJeKyFvXeRghvUE4616j/wAFJRrPiD4cfB7xFqGrSzXttrgWPSooli0+1gfT4EBREYK8oC5Z2Ib5jgcZrnP+CkelXNt+1J8TnkuREsvxu8D3EMWwkOtxdAA5I5AxlcnvxnkV1H7fFwb3wB8NtCRt9ydQRy3Ab5bCI8YHHHQg44PPIA/P6Pt1mmHpwvZ47GqaStzJOCS0Wy6O7W6Sulb9bw/s5YD2lleGCy9871acqdO6WvW97/LY/NL4LeDbnxVrGj6fa24knnku9hIUrIqzOXZmIySpznBJYEcBQBX1V4n+FFz4Xv8AT5dQEdumsq0RlkjhRUSFSG2tkdMYHA74wDXzL8JdUuPC+reGxFdSWVywvVtrsMVSJzI4ZpM7VIB5ZQQCAMY6V9KfEzXZtY0PSpJNcOs3kDr59xHMBbx+Y5Dxxx7jhx0K5yBy1ftPD2DzWc8G6WIVHBOTVan73O52TUk0rcqt11s/Q+Fzqtl9ONeE6ani+SMotyVmkoNrlSbtutru192ctH4E0jT7q7v11ZHgtIHRi7o212Jwu3d3BBGzJBPUEGrd54Y8MW+n6TfR6mitOXaZvNU+WzZIZUHAK46HPbOMjHlkkqh3t2uQkU93BDIGly+wsNxKk5IOcn2rqNdaxsdP0yGKeB4Rdbh82TtUDIc55HBDk5JyAccA/ossuxNOlUtjajja9pRi3vFPpfRLXVavVPY+JjjKMp039TpqSduZWs+XlTvZKVmlq/s3T1PdfAOm/DgWYt9c1mKT7VBMWYswkUqzYQpjIGMnGBySMDhh5l8RIPh9YeJZV0nVFm0u20+JdrBnjjuHccFWUDAO1iRnA4JwOWeDJdC8mXU57yyS4NrOI42Me1slwu1DwDngcDg9eteX66Tf63rM0AWa2ijhPlwoNjMGAD4OGxgHAHYgAgAZ+ep5JVhXWJqY6dWTm+WFR6RUuXs0tGtNEl0b1v7Us1jKk6P1OnTbUX7iXM7OKSuls21vd+W56loWreGLzw6kVzeQRtFbXoil8jaqFSwQrlRlm2jbz93J4ya8l8MRwS+OZbg3MKWYe2RpXRRvUuMlQ4AQdzjsDjG4EbuiabdTaHpss9sssCfbC0cR27VBflsHd07HI4wDnmuJ02C2XxNcXl1Yyyaf9stLd4TKseF3K29uRt2gYLbeAQPpwYyjGlNxjKlVqyl8LT96yim007uzvrbstNDejUlNwlJSpU0opSjZK94LW76PdpNWb0d2fS/wvttMbxbr6TRI1pHqN9NFcqsZ3/6C7YDZGR0O1sgAqORxX5y/tiadq1l4TtbuwuwxvPFGoSQBl3yQwkuAFAyFG3GQp4IzwASP0K+Bmn2zap43uZLiKS2ks7+Wyt3vVP2Uid0jAXcS0jIdmcN8pLEg9fhX9qe/0+PwvocepXZis01vVQYoxuZY0eTaikck/dBY4yzcdzXXBNZFiOZJLk92KteMk1da2dr9n32CU4yzCC0TUoWto7NaX11stVZpJq7Xb4h+HfgKXU3tdVvriaKK3ikm1PWr98w20Sg5CNL8uSB8qryxOM4OK0PH/wAVln01PCXwzjktdPhkaz1HxBHHi+1GfcdwtmXDxwkZG5SeGyeCawZPEOs+LrW38PWDtpvhuCCTyLSDKyXpQktNdFPmk3EAgMxx64Y49E8IeCbXR9PTdaxmf7U0jSyKAv72BmwmflAGBjcQcYPFfDxoTrS5Wk7tNx36xS1WjaWyXuxereh9E5KF+TS8Ur2s2/c0Uur0lfXd321PO/DPw1ID6lqCtNdT3NnI4cGSRvN+djLI2NzOxJYE5APpyPsT4D2UMXxw+FVvGqrt10LgAYVVuI2C8DgDacgc9O9edEFpLW3iZUVprBWIGBgJgHPQnAG7t0ByCK9n+BGnx/8AC/PhxEoMso1x9pXcRnzAwPcA8YJ9yeAAK9GFKNChVajKTS3Wq2T5Y6ttrft00aMozVSrHXu7u7im1FW1d22nq3srq259U/8ABQxYx8e9NPPmDw9pxCDGFVo0AIHTPcZ5GPUEj518SxeX+z98TsjPnWE7DhedrqByCQTk4wNwGfUGvRv29/iJ4av/AI+zfY9VhlfT9G0/SZ/kY7NRtkRZoiAGIMTDnGcHIPNeEeKviP4YufgZ4w0CGe9fVrrS7rbIlhMbQtuiYZnKhFBwTkEBQRjIGK/UeHsdh4ZFUputTjN4GpGEZaylKVO3Kt023fVa36LY/MM8wmJlnFGpGnNxWNpTcrPlSUo7vt5eW72bfgjIkPwu8HgxOWNmwPy56kg5AyMdCR3PXjgN+OoWX4R+LBsdN1uhG1McLPFnJ6kdSOOMknvXJfCT4i6Ponw98Nabc6b4gurqCz+aSx0xprdt+eEkZcdByAcnBIxmmfGr4jpqXwz8TWNr4W8TQrc20cP2u6so4YYczRkyOcqwBx68jOMZr6KOPw/9iQpup76wChKKpzfK1Tinrbl9Nbd9NT56pl9d5w6jhGMXjVK8p04tr2sd1KSe17LZ22Wqftfw9KR+C/CxKKCNCslaQr6wggAc5IAHBxkkYzg4ua7KP+Ef1djID/xLr4qBxx5LAMT2zu7+mfQ15d4M+IGuWvhbQLe1+G+t6ikOj2kYuJZI4YZwkKjzYwHJ8s9VOAeAOe8WteLPHepabqawfDmOxhk0+6j3XmoMhhVkbfJhd27CklV9fYEV1xx1BYSm4xr1H9Wivcw9aUP4a2moWffSXQ86tl9f683KWHjfENvmxFJNXmneyk221pa//B86/ZwmjTwZc8FnXxBqLnlSMG4cAkDscn8M54PH1BDOCBI7BcSYAK8nKMB1U8kgg9SOQAQK+JPgbe+PbLwtepo3h/SL21Gt3xlub+8lgkWYTNujjQKd0aMeDjkc5I4Hur658alZfJ0jwfbr8gzLeyyfeUr/ABQqMkA8E8Dr7vKcZGGWYSLw+Kb9m37uHlZvmdmpPli1re6dr+jQs3y+pUzGu1icLTi6kGr1oqUUlTTvFarrZXvZ21R5t8EkD/EL4ud2/t05GOfvjnjjkDqBkA4yOAPpSWxmbFwDhVZQFAJIBYggjj6YPTryMV8ZfB+T4kp41+Jb6TN4fhu5dXA1KS5y0azhhgWw2cpnAU4B79zX0ROvxplXcfE3hq1VcbvIskkK8gBmEig/3vvdeuOAaMkxUlltOKwmJqN1sQ/cpws712re9NK61T0smrLpczqgv7RfPi8NTiqOGTUpzc9KNJOTUYTdnry2v7rV11PG307d+1BeyO5LN4eRQqqSeY2I6cgAEnp+I+WvpQaTcs6uLeQeWpQEAgkeh3ZGfQ9P1A+M7nT/AB1c/tBSW0njC2t9Vm0QNLqlvp8OBEFJWBYuFXkkBiMgcjHf3k+AvGV0265+K+roOS4hs4064wAUcAAEDGVxnOTngZZPXqOOOUMHXk/7Qr3vKlCzvH3fenq1da6pXWr2DOaNKX1LmxtGK+pUUvcqScopazSUNn236W6nB/tF27w3HwzjlgKFvEsG1Sp+Yh1/vZBJHJxkHHHXj3yCxujEWVI0HlwnLjBPyjHzcAKDkdAc5J5zXyT8a/BNxYt4Fa88a65rUsviOC3ja6ysdsDIgM8LhjiUEgpg5BPyk8Z9qj+GdmSgn8W+LbgGBGf/AImU6AhlHygKx46Acc7Rz0I2wVXGPM81UMHdz+qtwlWhHli6fu+97127Pa7W19TPMKeFeUZOpYx8sVikpRozbnJzg2lF8rjbZXd29n0Ob/aRs3Pwrv1kMRP9paeSoeJyFFzHgBVbJ27ew6dcmvd/CLW0Xg/w2s2oabCq6LYZE17boQDDF/C0gK8/KynPOOOK+Tvjh4A0bSvAd1ew3muXNwt9Zxk3mp3E0O1p41b905CFhnIJAK9RyCa9f8O/CXwTNoOiy3FlqE73Gk2c0rSapcldzwoxwu75VZieB93JGMGtqFPMHnWLcaNCM/qWGc4Tre7CDnNRacad2/dbsl56u1uTFRy+OS4NSxVZ0li61pRornlNQpXi4yqLlS6Wb16LQ9O13U9Et9E1hTq+jvI2l6kxC6jbhlY20gUKBJknnG3kkZ4A6/Pn7POtaHp/gVor7WNNsnk1XUZvKnu4kkC/aH+cAuDhhk9Qp+vTs9a+GXgODSdXMPh8GSLTb+RWlnlkZJUgfY65cjgYYZJ6DHXniv2fPAvg3U/A9rPqXh/T7y4bUL9WluIt8jIk7oF+b+FQu0ZJBGeOBRKnmX9uYNOGFU3hcU1arUlFRvRvduCktdLLTrolY51LLVkWMkquKcPreG5nyQi3JRlblTqSVrX5ndNb9We5weOfAtvKjS+LNHyru2fODBcZO35SeBznJ55zjBI+cvgz4r8JWXiT4m3V/wCIdPtYNQ1+4ltpGLSC4jDOTImwEgEN8uVDEHjPQ/UMHw58CRLiDwhoqgBjl7JHBbGOjZGWwfcgZyCM180/Avw94cufEfxQil0LS5Bb+IZ0tlmtkKxLvdQkYyAi9McgDHHGQeuvRzH+1cqcqmFjJyxHs1GNSSX7rXmXNd726P3XdbnFhMRlksqzWPs8Y4cmHVXmlCEmnWj8PuyUWna7avbv7x78Pil8N4DAF8TwSKif6tLW5dcnhiWWM5yTnIHJ9ckn548SfE/wbP8AHbRtSTUZptOg8PzwyT29ncs5lLKAghMXmNnkblGBxgLX1C/hvRbeNfK0PTY3khKhktIQFI45JDHgnkgcjGMAjPzXqem28P7RWlQi3tgv/CLzcJCgjJJ4JTBGRknIxyecda3zeOZOlhIVK+FSeYYXlcKE01NySjK7qu6XxOz17rZYZP8A2Wp4yVLD4pP+z66nz1ou8XCPNFKNJWcldJ+9a7bXU9Pl+LvgNSqw23iG7OGIMOmXGCDwcgxjIGTk4IIx1r51+OvxH0fXh4Dj0vSfEEP2PxPFdzi7sDEJETny4QRlnyRhRxxjA5z9emCRAqr5CKFKNiKHJAboPlxnJ9eDk8AYrwP4zWyx3/w3lOZAfFkQ42kHJYY6BRyOhI6kjqaM7o4/+z6qqY2nJc+Hi1DDxjduvSV7yqSaSlZu3zeqteR1crWZUZUcFVU+StyuddyaSpSUnb2cU73euy0eux0elfEm2NrAYvCHim5DFCubRVKlVHJU9z2PHsOtc58T/HOp6r4K8WW8PgbxFbQy6PPA15PFCscAcDEjjfnC46ENjdnAHJ99sgwRvKjkQopICIAFIXAPBwc/j1bknJPEfFSK5X4deMJpjLtOjTsAq7T1AVWAPU8demeMjNa42jjfqOITzB2WGmnGNCnFaU0rXbbT326dU7MwwdXL3j8Oo5f70sTBRlKtVbjacbPSybVk0u3loeQfDTxb4s07wN4Vs7bwHeXaWenwwpcyXAiS4U7gJFAYfI5JG373ytkc16RH4y+IMkUwXwFaWwdZsGfUHXAMbZb5ScEAA46MflPHA3PhXA83gDwbJINi/wBlW4AJX5iMgkktk5GCPQ4yc5z39/BbmGRC0GBFcbsyxqwPlOMDa2c5OfmwcA446b4TA1vqOEl/aFaKlhKXuqNJKzpQaT/d3SS0VnfRW1ZhjMZReYYpU8sw8pLE1LTl7Zzk1VinJ2qWu+q5bad9viX4Ox+Mnh8Ttp2j6PcQP4nvZJ3vLmRTFO0jZijwCGRSeGJOcnIXrXt6wfEcTu6weFbXIba2zzgBgEHaVGQB1wQc4rlfgPLYjTvGCz3NvEy+LNQ8tZZ0j3YkbBAZ1zjPJzj8CBXt8t9pBcCTUrRcMThZ4Aw6ZXIkzjv/APtAV5eT4SlUwGHc8ZiYJyq3UaqhFy9rLorSvrd3st7vXT0c4xleGMrezwVCVlR96VFycn7On1k3e2tr20W99T5jli8ev8abcQ6hoSa5J4ZwLgWq/ZIbQM3yCNgFMmMgEYwT1459ui0z4tzoGPjDR7eIIQVhsItxIADAdMnpnBxkbuBkDgJr/SIvjnBPJqNqkI8KhTMZkeNWLttUsGwW9RyRjsBmvb4PEnhyNVgOs2LKGbkEkhSAdpIHHUZxn3B4zvlOHwKjj/a4uvG+YVkksXKKcUqbV+WSlJttty2dnbXR45ticengHSwdGSeBoynJ4SEnGV3ZR5oy5Y6JJK27aufKfxo0jxva6z8O5r/xkt9O+uKLRhZRRR2c7lB5qKMrJgE4BAB5/H3KLwL49vSXl+JN4D5MZZYdOgTGV5GFIPJBwx6jjBNeZ/tA63ot5qfwyNnewTpF4kzI0SOxSNAozjAJJ6YA/Q4Hukfj3w/bYX7bO4MUagpZTEgqm0ggKowSOuM8HpgiunBYTK3jM05sRU5OfC2k8TU1vSi5auSb6LVt2drk4rFZq8vyyUMPS52q/MlhqOlqq5Vy+zai+6ikm9dNGvCPjD4J8QaX4I1m4vPHWr6iii0R7WVEWGXzJFyHKt/DnIHUk88Cur8KfD8yaBpMr+KPE5S40y0YLFqU0ccYMMfyKqHhVOQu3oCPQk5Xxs8aaNqXgLXbOzF28kktiS8lpOiqqzqXPmFMDABwMg5HqDjtPCHjbTYPDOjQtp2qzNFYWse6G1YglYEwUYjlTjk5656Dis6dHKv7ZrRk+ej9SpON6lWS53Vd3fmelvdt6aM0nUzZ5PRaioVJY2pf93Sg1BU6aV4qEV3fS23NZa17n4X2X2eeWbWvE8+LaYsr65dqGAiY4ZSeQ2BuBHIHXacVwvwi+H2jaz4TS8updVaVdZ1S1EUWrXEMHlxXckagRoxUMwGWYjLMSScnJ9YvfHcUkM6xaJrhRrS5DN9lyoQwsSGJBIwOpHOAw4JGfNvgr4ymsfCb2cfhvU79DrWqzR3EEOI1El3KxRmzkP8ANtyMkkc4yAHWhlqzXBRjThKDw2JTXLJptSotPVNtJfitWnoKh/av9k5g1Ukqn1nC8r54rT31LVW5Vsmui1vex6R/wp3wdHMpl027nkZ1XbNqlzIMdfnyefUkgH6Dr5D4U8BeFG+KHxA0+60a2e1sxarbW7O7iNpIgXO7dlixPU5wM49a98j8eai0uF8G6iWYJs8wqh4OSM7shs8Ek5JyeAdp8F8NeJNXh+LfxDnj8MPLNcQ2heEToVtgsQwTISpLMoyQDgYxgAYqcWstjjcqVPDQaeLlz2pWTj7GVk07Xva6sm1a/Zk5f/a7wWautipJrDRdPmrJtS9pStqpO2itffu9dfarP4ceAY158K6ccZAZ4lkJwOnJ5OSc9SQMAdSPEPGfhDw1D8YvAtlFoWmxWdxZSvNbRwKsczKMo0iqTu2gcZyB14AIPsqeK9dMKCPwrGp3E5mvURW9A2WwDnPXHI5OTg+H+Nda1uX4v+C7s2GmWdzb6bcPGkuoCSFskgea6hhGcdcnAHPGTXXnP1BYWjyYeMZLF4fRU3G96sW9dn2d9d7I58l/tJ4qq6mJk4rCV7Xrc65/Z2TspvVN32uku+p9M2/gjwiiAReGdECsSQ32OM4PBY7cHuMZPPPUcVyPxH8PaJYeCNbltdI0q3aNLQApaojAGeLlXAzuxngDAGAaD4q8SGGMi98J224sGP20P0B7FQPvbenqe2McX8Q/EOr3PgrWo7nxL4bVG+yfuLUrLM+J4ypCgEggAHr78kZOWY18M8vxip4VXeHabcIqN0o2fva2VtN7XW7aKyzCYz+0sJOeKlK1aLaVSbvrG61ut9+mjse8eHNLs10rSXSxtkzYWpO2BOQYwS2SuMg8j1x7ZpPGtuh8LavGkMSD/QGdxCiKoW5h6kIOvBIBIx94DofN/DmtltPtEb4iIhisYFaKLTQ/lYjB8snADEYI4HXqak8R6vaS6PqZfxnqF7mG2k8iLTHjWZUnjLIZGG1O2Dkc5JzzisZi6DyerTjh0nLBSim3Tdn7KK1Sk356XfQnBYTEQzmlOdeUksapNe/G69oukopWVtOj1v3P20/bc8MReLP+CangaCW4ksPsMPg+5t76wxHPHcQ2zCKQuqg8A5JJ5+6eOv8AM5qvh34reHbJrnSfGEPiHTrKe0vPsWuQhrgyA4jVJuScbupOencYP9LH7QXjfR9e/wCCZWjNZyTxWOn2nhW3Zr6MwzPdLGwYRyFdhQf3i3I+UN1J/AfVrhL/AMMX0VrLFOSliNyTRuR867sFWJLAHceMAgk5Gc/nPAeFpYnLMwlUr1KNeniqigqdZ03oo2vBPlle2t1f1sj9B44xFahmWB9nShUpTwlLmdSlCcd1e8nFyT5bWakrr5W8xT4yeL9Ck8jxl8PNUiPyyf2joyC8ikGwAMVBJC9WI5yDg4PK9Lp/xf8ABXiXxH4VEWtR6ZLZ2upxzwavDJZyrNcKoVXaQLEM/MFIbaQD65PqMVkfMi3xs6C1hQqygqC0Q5OcjP4cE4BPUeV+JfAmgat4o8O29/YWbpc2+oeYPsyK0rKoIYspVsp0Rx9QCc4/TZ4XN8PTg6GO+sU+eDVPEQTle8OWPtI2dr6e99+zX5xTq5PiK05VsA8NVUJp1MPOSTTjZt0ql9WtVaSS06be5WzvcxJPbzWl7CQUV7KeG5yMnLbY3Y9CTyfYZyMUY5PL8baekgKv/wAI452MCHCqWBwHI55JAPIySe4rwiX4KTaXObjwd4m1vw3NksqW15NLbg5zjy3bay5BXGO5OM8ms2rfGzwr4i0p7htG8eM1hcwWyTxixuzaxrudHnQHzJf7oyMkkFgBgb18xzOj7JY/ANRhVherQaqx0cbe7dSve+kd9vXnoZPldSpVlg8fFylRnCNKunSleST1k+am0tr8yv2smj6kNztdEKq0Zj3EADJCjcpJzkADqOOM81zWqzwv4vtyg8snw1Dj5RgHznPJI5Gc/Lzg9zmvIl+OthYzGHxn4H8T+FJdjRmaK3+2WJUj5m81Q5CEnJJAJBGeua2rfxx4P8SeJ7a50TxDp9yreHooWjeZYJopRK5KPFOyHeB95QCSeeTgUSznBYjE4aPt/ZuNeN4TUoS6KzUkrb2V1rsnZ2XJ/YOOw2Gxj9j7SEqMkpUrT5n7rjyyhzJW3tZ3Xoj24XqHT5YtwyscbZ4wcbeQeAMhQMcEfjV/4XsY9d8WMPm33dr93Gdvlr/X1x1AJyK4mB28qZgrtG8abXjKzRnOACjrvGM9eevAOADXQ/DGY/2x4rKN5ojvLTcF5YMY13Z54J+98oJGAMDjPq43EQ9tQcZRak5Nq99o2fvJta6pd27WseFl+GrqNX2kGnBwSclJNWlHSzSV7bvX5o/Jn9r8g/tB+MXL52iDjPbylyzHPJIBxjGWycDisH4VWXnQ+IH6BLiwBPTGSpGT7nBA9BkHlhW7+1aom/aB8XhWYK8lsrDGePKQsMgEEkA9BwTnoTmT4SWs0WleLZnGIxc2ZjJHzGNdm3BJ5Jxx82OT0wDX4Nm8Yzx+Ik01bFVXdWsrS6+Tb0++1tD+gMmfJhcKuW8Z4alqtUrRi3o9NbaWtqrPax+yX/BM21WH4t66GZXC+FpC3y/MFa5OMEHcec+5zjvz6D+1XZBf2gfF4X/R1uPDsIiKjaQy2g3HI4y4+VmOfvYPDVhf8E1NOE3xb8RPGAv/ABSduFAAydzbzz8oOSWJJ5GR15I779q21CftCa8ryq2/RYlOQOT9iJKnjnhcZ/DgV883J46UaiWqXKk7pJWuua2mjvbbzPpIODw/wtNOKej/ALvz6rS+ydnuz82vC2n3OnrJeokdw1wboou45UpeABhgbtykEjHYDk9T1V5cPZeLtD8Q2sgms9Q1Wzs9QWQ7hDeW9th1Y5LY3KcFu2fajwmXiu7dCgMbf2mp+bIz/aAPTseOdoI52nPIrlY7C6k11AtwVjl8SXF3HaupaGYRgklQDlGyFQNzjkHoSPQScISqxbupNRT6O8Va/W+6ejv6a814yly+691d7xbdnZ2Wl9Fvaz7HseoqLz4e+L5ydpl8TxEMOQQZ1A4A69cjHTisLQ7N00nUQsqIV0jVpS5UHPlXScZwBwM9j14ODWpp1yL74T+M5zGbeS08W2kLwEgNGxlGBgkkLx8rEDqTj1s6MnnWDW6RN5lzoOvLjbjcRcg4GMdvQEcr70qMnKEpWtzNpq1rr3dul3e60XVWexTTT5WmltGzdne3ne+lvvutGYri0ns9TvoYof3Og6Y000PzSrLGoALjhivqM8jOOAcepa5cQXGofDJbQpKDoEssjRlTyYGOG2nG4HcGDE4JIPUivJZN2mQaxbrCIre88KWIcFclyiiNmRmJAOMkng5P8Knm7ozXOl+KvB9hIZYtKl0YvbyT85M1rI0m1icbd4UDDAAHcfbGtF03dN2m7SlbRSslZN7Rasr7pqy3aKg+a6aaut2m2rWe2t1bqkmmrd0Sa/aw3HwpRrpBIP8AhPFPCiMkfaWzuPoDxxnv71He27aSmrEbWtbnQr9/Kc42xbY87OM7jgk9s4yBitLWYWl+FUe1lkJ8dRkAAA7luGOAMkkDk5ycE4HIzS6tCZ7ho2tWmf8AsDV41T5tqlViOWIAyoXHODwO3AFU29eZWeuzabeltb8rSVktXe9uzKqKTbu2rKO6Sb1V1dJJq6du/L1VzrPCt1putWax27m4gh8I6dIsjEM9vLbwy5iduWBy3B68jGO/PeM9Ok8QeEPDNtGzOLTRNTlYHAHyTpjb0LY5OOgPI6KRzfw5e60zxd/wjogNtDrfhF5MthoxMkcjAoWOBuJO0dunBBz39vHLHpuiwSlgi6FrUZXHXZMpzg9OAef+BdRRCXI01Zu/LJLW2902/RNNt6K17Kwcr5FFx3ly31Tu1HRp666Wbdt2+jKfwwCyXOs2dwDFLaNpVvt2kfK8LBzjJ3BQSQMcDggnmug+F/x00f8AZ88QXuo6Vruq6hdCa7tZ7N9IiuY4F852Y25mBUtuO0legByBWf4Fj+1fELxKsTMtun9h3SxKVAkRonUA98bgTnHy+uN1eM/EBoLnW9RjkuY7MJqd1hUaFXI3kspYEHJ53EjrjOOK6MPkuC4gjUw+Np88FGMmktJpuN+azVk1a7u722vt52Y5xicnoUq2HvzSqct4pppaapbtN73fdJI+zPEv7bHiD4/anp/hq8i1OWLSVn1K2upNNt9NiXaoGJGtsEq64AbGGwQ3Ga+Zf2ttauovD/gKOW0hmaSeZ/NeTGGYLJucZz1yR1xkHoNw574Ow6OnieSW0vJbq7bSriOWLzd0a4G1cBRgDJ65x3O3kCz+2TLBZ6R8PTLBIwkkdgOWLx+WgKkZ6scjJPQ+p5vC5LhMozCjgMFSVKhG07dpS1fNdy9N03poXLNq+ZZNXxlaTc3Hkk5dUlGys9Led7tW8gi+KHjDxN8J9VSfTdKttC0fQrSwSW1uX865kR9kckqBcEA8uPXnLZGOI+GfibV9MjEF3HZyw3Szu0sdw3mbDDuVCR07Lzn05xxH4GkS5+DfjSJbSSNN0MUKMoQKu/KtjKkYJ557EgYORynha2ltYIYgltG4aVQzOCwBgHJGTn+8MAkeg4r6yak54mFeTneMY6J3slBqL00TtotGlfVu1vlKfJB0KlKEYKT524p25na91ZvVbXtZdTd0z4geM5fEWnSWtiEsorqdZFiuGeSS1jlbIySPmwDgnjnhuTj6W8D/ABJ8W61468Paa2gz6fot28jm8nuMFZIR987M8NjBJz83vxXxT4K12K28SzRyagiTpFqsflmMSRxgB+VB6E8beOOoIAzXs3wQ8TXerfErTra81Sa4ska5+zQgeWIlVCuMYwFz1PGRx3rw8XktCeGxVZ0I3UZSi27v4IN3V0lFpL+829Fq2e9RzJwxWFpwm5OdSClZxaekU/JLSz2beultfUP2o/HvjbT/ABr4J0/S7m2m0tYXlNrdqstu8jTGMs5mITjBYH0ycY5HHR6LPq3hLxdqOra39nla7skuUsEg8iG2mZC4kMJZsKxKqNo5AHWqX7Z1wB4j8KMAwU6TII1UspJEpAYEepHHtxuPbyzwJqN7bfDXx2TMIEmfTg5OXkYrImAWb+7tDDOerYAbOezIcuhLLaEovkmpppxsrJVFdLS7urxSbfXRnFnOZ+yzKqpwdRxV43Ssm4q8feWmi0+dldGteX/h/wAMaaNCt/El7fW/2ozvHMjypsAZioRsBcliMYGRkkV6Lp3xmbw94S0LSdL1jV7bRrm5lnNrZW6AxyNIVcbg6kluCATjPAr5R1PUfNvtxzLlFQs7P82E65I6nB47dRWleu3/AAjvh5/N8qMTXJwrckBycjA3cHgnPGeMV7mK4awWIVq0XJKcW1JppNa31TWt353u0eXQ4kxEeZUouCXLFNOzUbRd9Fazu00rfekz7g+E3xLg8T+IdZ0m3tb0xWdqZ/t91GsM85aQF1kALbySeWJyM543ZHln7WUVrPd+HDJGhT7JMyRPjCjbuAA7kHYQQCD1znArJ/ZuuY28WaudzlZNMYkEE7juXjJCg88jjkjsav8A7TlvcX154Z2qzkW864XB78DGcD5Rgk4zxkcjPi4XBUcHnUKNBWpqL5Yt+6no5dO7dtndqy1PbxVati8gq1akm5zbdrvVc0Wleye2iV9tOqZ5H4F+HOj+IPDltqX2q5064Mk0JZcuvyhiqgE4wVGDlup5GGxXPy/DfUbe8jksr6K9uZZJo4opE2s/lyYUEhcbicEqWBxzkc49b+Fkmqx+DxDDp7XCW1zcM0kaqCNqsW6cnaTzg4xwcEAVDDdq19okzCVWkvLh3Qqc72kyBkFcj6Hv7AD9FhyOlTT5ZO0Y7Ru37qlFXutE9W/R30R+YQnVp1Z3nOUU9bvSLbT01ta1vtL5Pfxe98LeJbPUbuPUtCE0kMW93twA6LtP7wspB5HJLYP0FZq6zfaDPaXUN1daZNbbCDd+ZNDGpYMd0UgEexyMHGAP5/S9zq1umsa800cqMdPVVbdlcngEk54xnp7Y9+W13TtJ1i5gsbmK3mtrjT7QyOy4YM5Ck5C8EMfU57HB3VzTwmHq8y9ndNJc17NPpfV6Wtrur3WlkvRo5lUpyhy1HJNwWrdtUrXUrrZW7L+Z3Pmy2+Ilp/wtDU/E0awtqptCtvLbwqts90ybd5QDYNwG7gkg4yQK9++H/wAfNG0bTPFdj4n1wS67400abRfsKQ7ktFjlQxK5AIjWQZJcEnHTGa+MPGmjR+GfHfiCxsZWS2s5y0JBw3zKSoGMEqCWUleo7CsLwHYxav450aG+aR47vUFSZ9x8xQSSQGBxkEDODjGRnpj8hx+U0MTmE+ePvRxHLrd2lCoveT1u+l7W11vufpuDx86eGpzirc1NXV2lacIJyaSs+zeitvqfZ8P9h6lZXMUWqwC7S/jaO3+WPCsUIIZ9pwc5Bxyc9c5HQ6rp9xY6xG8FzI8smkb94IK7hGMKXUFeBk4GdoyM8sT57rvw41dbzU5LKxk1CKIx3EAiPlXKW+MqW2H5ggB25ydozWJDf6tpN1tS/wBRsZBblPJ1CN7iIKRgqGYHgYOD0wRjdyB+mYatXp0aUalF8kIwSnFatJJK1t5W3dm16aH59isHh69atKnXj7WUn7srLlV9k1fRuybttpex63Bc35utFSWZZD9nZmUjaWKkkAkfNjrlvwJJNXrW7txY60LiE5FxKcqcrkkYY8Dk575YcAHHFefaf4xufOs5r6wt9QFvC8JuLCUeacg5BgbA44OB6HoSQd7Ttd0O40/UY470W93dTbltr5PLYFmUMm5tq5xkDB6kDnqfRjiKVS1pOMmk3zWu7RilG997q7d1Z9Tx6uX4ildxgpp6txfOmlyrXqtXrfsn1Oov2spDCFZHEljbqVY4CsT6Hpjpk98+ma4rxBY24vbK6tiFcahYqVXhdwkXBzxkknCjqSeeSQOza0E/kGONJdsFuhMRUhiMEhihZeOSdpzn2rlvEUbI8W1QANZsUIxjH7xcg+4zjOc8/iXiHKdCbSi7rrd9Fr1Wr0u+33mEco14Rm2kqkdGmr21eje2vktLrSyf334Jt3/4RwNuIRofIJzzmSBeh7DkDoeh4yKz/CAEOh6h9pLmfTb28tckZZ4JGYjHJJUFunzD1xgmr/he5e38MREgiMmBmIXlR5QB4OMZwfwOOgNXNBtVu/D091Gyhbi51ASSDk7VVyN3QkoeTkDHIyD1/Oswspy5ou/upvqneN7XulstrbP1P1/Lv4dK+yjHS+tnyvRJN62unrs9unnHg5lbxNaSoAYf7ctg5XJYA3ansOmMcbfQk8gH/QF8DFF+GvwtCElT8PfDLDgHOdMtsg9QSRwezenSv8/jwTaNb+IdMJm8yKfXreNsjOD9qQA5HoRyCPcnPFf6B/g+3EPw3+FqgZP/AArvwxz2AGm2xz+Tcr3zzxnHy2dXVOg038crpaJx5Ya9b22trd/cvYwlliZJq6cLK+9m4tcvnbV7K109WaG8sc9FBPfGCPmC8d+4HdufpMG+VR1LE8Z7EE8scfUkgY4PvUBX5ioHTg9xkE9+ee3HP4HmeNML1AIGQevOeRjv+P498eKpNrVW+G1+mi/K9mu+2p26ptab3b2uvdfa6891q7aajCdpzk/KSMnnO7nIHI+YsDxz+lIMEPxkqAD0AAOD06Etjk+56A1MF+8clSGPQAAY7jqBye4/+uhHyOeCQM89WJxgKOen3u3PQ9BQn8lfZ6X8l537a6dtTKam3e76O2tkttbbX17O+r21arLll25yBgjqV7KBzlfU8Hr68NLEYwBjnkjkgZC5x6Enphj2zUnTB6KykE4yflGOPQZx1zSmPjgk8DOcHPcD2wQB+A6DimqtrJ7O1tNlpdOyXqla9n0aScJ99bW67u66b6bdm1rq2QM2M+2eSBn16fewSeo4JIPPBEGc8bQNwAIxu2joQOo5yMeuOcjJFsIS27dxgMOnHqM8EtyeCcepDYFRYAxgk4yQQMdQSABjacnAO44GcAcVrGaunfRuzV97Si7r0vZ6bdNBpJrReX32b3v16a91qRhRnYRyTg9+Rnk45JB6H161JgDjBOflAIBzg4A5PIGQOx+UhugpSpJwBkg4A6Y3EEMoHOD0IAzwP4ujVB3YU4y4yQSpXKn2Gc52j8j73vu+na22y08v8gcfXom+ttN++vXounZgIVuQxfI4X1PYZwCCM8Hgds9S04AUnIJJJA5YA/KBk4yCegycA9SamPBOSO4wAOnGcnjlscnj1z2pgGAcYJIORyAo75PG38Bj0OamzaWvZO2l+Vxfd9Ur36db3I5XpZW2b6K61d9e90+tut22MLgg4jJ4Bbja2MDjrnJwcDqM4ySThjclU6kErjafuZIXt6A8cHvk0rLhs4G3PXdnoSWyB1x647EHbyA0xtwRwSSeCBguOxzkMcDvjn5h0yrXeuttf8L8u79ejd90jO8dLRu15JO60fW1tNNttdIttpj5HJBOWOVwRjPBx0GRjAB4755pgwApwSBnnOVBPf8AHHzA/LwOSM5lxn5jltuAOcbtueTk4PXgdByOlRsgDY2nk5PAySRyMFjnn36D14ocU/69PW7stPX5hJvda9LbreK7W9bu+7voNzkYAOTvGfu7hnGckAc/d5Ax6jNIdoUDAIJwM54Gf1AwcMcY+bGcE0/bjGSVOCTzjuO/YHjIAyB+IpVAI+ZSODycNzjj1IB7enXjNCXS99L7barW97u73XTTVaGcoyaS23b91O+sbKzStrbRtKyd3ypWb5YCo+WAJOemD0AODkHBA6cEZGe9RuqZ3gZDsAxwAxwScL1wM8c8deeDi1hdoY5U8bs5ZQFGclcEbuMY6546ZAZsCtng/MG6YBGR2x8pGOoHOADg1om9Hd7W3er91bXWvW3e3Z3LuKSUfisnfzUYpatPmsvhu+r5nysrsFJADYyWySANvHIGSARgjJPKnoB1ppQDIycEgDGCTnDewAXOOOvqeptOF4JHLA++MDhsjqMYznOTx3FQBAQOzEEMCeAC2eOc8nn/AIFwBWsZaaX9L3a1Xn0evYfvt7QSVuzbbUU9W9Vra+mlt0MKABgG5ALbvl+6FzwcnoCAOhJ657NVEC7Qp4BfcfvZwOD64BPYg9Cc8VZCgc8KTkHOWGADgEDDHPXk85PUimFPlJCjGRkHGQo4UDOOmclsdAOnd3e12l277f5r57db5ynJTeiV7WUknZ+6rrzVk95W31WpXZQGAABJXrtxgnO7B6ZPcfT2xGY9uWUYGfusrHtgrgDhRnqRkY4PQG7tUBTyACdpPPPHY+mOc8YHCjIpihcFiSCQePYkAALnHIwTn+HGcHALjP8AHTztpumtkvJ6O/UFGbd20nddUuqvpp994p2bu001XaM4UMM9RxkqBkZPPXgncTjGB8391rKj5YqACdwwTkgcDIB46HjnPGQe1vahYjIxxtOcElR0JyBnGSCTznrwBTdo3BcgjnqQCP4WxnoQByoxtB55zRd2Wr0vazfW2nTsFnG7lZvTX3ZaabW5rWu+3mVFDMRyWyhySAFDZxj5cE5xnnjnrnmpwufmHIGQvPIyMH65GOpyBjoaePKxtXn5iQABgDnLAjGcg5wOe+QBwK20H5hxyCAOMnjjjOOeDnOBkkDNF29WrPSytZpNrS2+r38rp3RSS732v8WqfLo72atype9pfp1dVl2kBhtAyVUdwSPmB5wSRk5x7HjBYwBKjOVyvUYBwxxnhumfQZI98VaYEkdCMgFiccqMHGR0746D7wHaojGpbnBBAG3ggADgMT3weoyfrkZE1dtu21/PVad7vfTffrcizVkmruVrd9Iaq/m927tNO3aqEwQuN20E5x1HUHOeCAc9crjoKVsYIOVAwQMA56gjI4J/EjIz2Bqd1OcZ43A8AHrwQTgHIGAe2QDyDUXlHPo2CByMYGMnvntnk9TjOa2TvZ3tp3s9k9La2te99fkUtbedu2/5CMATyCDnGcgDHX5u+M9eOPp0hdzhuCOSu4Z52nPJ6KOT15OG7VMyM2MnPBI+VRgn1Oc5OR/e7gHg037xwVzwMc8EAdWJwMls8Ht0yOKlRfu9NVfdLpa6f3t6aa9hteVtO/W2vo7623RCAzbuSGAzgDOCTzhjjLDsOBnAOAc05hgE4XdjpgEHOSSTnIyfvY4HUD1mC5J+b1HB4yM4yeTkZ5PQAZ7AlpXPJ+Vs5yM4AHGOpByPUDt71Tu3e9lf0bb1dn2ta9l5PoQoLfXRb6ray3+f3PtYrHB+baAOmSTjA4A6c54A+Xjj8GM6gHIwNoAGe/zdSMkYx17/AK1KVTIBGQg4zjBznGdpAK49eRnqeQWbclgRgg7Tk8YYbuARkgjII6dQParvr/w+2/fb7/uCMX66W31T0037vSy6sbvYZAALgDlQuBySMgNxtB9D8xBPBGWM5UAtx8p5yp3EbiQfTo3GCQR+NShQwOc/eOeeB3BLHuO3uVAJzS7FIG5ec4HOTt9skDI69R3x7q76+XRb3jdv4tXZ+q3aCyTspXSt37K11tq29dW+lisPmGT8ucKNwwACw6DgnJ2jPUcdOMryVYqVwMqTtAJBYEY2j7ufTHoTgrmwYwFyeNpGzGDxuwce2dwOec8dDkxkAcbcOxOM9+44JwozyCBzntg1cZNW0vt0s3pa22v/AAHYmV203bVKyXy6Pv0v5N6XZHklS2NxB5yoAxgcLu6EgE84weueQAKdxIPG4Es27uCFyvJXGeAQuM9cZqUjbgMcgnPT8QeAcleBkZ4HPbDAu3cGPJ+f3K4yuORzj3HY+lCkuqv72z16Ld6Oz+a00Q7Ruk7u6vdW2drO8U/x6rVPQQBjtBKlQzFeAd3rxtIzkqeTwBxg5owzNgkYBIGT2LbicnGM5wx9yBk0oUYXkdecKAc5PAPGc+nGfxqcrgjaTkAAg44PXBGR6+o5HHrUyly6q6dlZq66a6K26XSy0XQUoNKy2XSyvfTXa/5aX+VcoE5zuzwOM8L0yAO2cAgc4OARzQV3Z3cgjBHpnPT1Xjp1PGQSM1KedzKD8vzHnAz2HJxxnv6/SoeOTuOcFTtHXaOi5OThh07DjjFEal7312Vrqya5dVdN66p7fe2lLvbVaaWfyVvnovva6iFVDhlIA3DIwuSBkAfxcknPQ5PWonCkkZUhSBnHOM56kYyD39B0zgGQkBchRxg87htB9AOM9sdSAOgOaVgoIJByflx1GO5+mM4J9wOcAaKaVtNdO3pbZLT9bbbQ11Vk7rZdNN7b3/zv3cDAYGBlsnI5PH8OD2IAz7425J4ELAg5AORzg4PORg43EEdyOcY+763DH94Aj+Ijjqe3APy8nAJ5AOeAOYtrgvlOCNwC44C8E46ZOVGAcc4wc1aaTT5b7NXffs9el3Zdr37rXSLbaXTa3w9Hr7qfXySbtdVCrDdyDjBx2yORx0PXHQe3PNQsGyRtwMgNgYJ3ZyAT1UAjnrnn2q64ALYYEhgSe+G4xnkHJBBA9MZ2io2XBYK27AIGOBz0ycZ69iPr3p3voo6Np3bVuZ8tlfRp2fLbte1+o1pqt3pdrV+61r3V7a3bt1s70GjPC7OFIwRyPXJ7/wBTn60uz5iTnDAAYy3TleDjHU4znd39KtspyM5yGGTtyAOxz3J46ZIyOTTthAw7EkZIIwRjPJxxkn1z2xVcyS+G+y91PX4U+7aTe9n63ErWva9trL02vq9Xv5FJo1YE4+78yrwR79cAkkk4PHP0whGSRgkgBh0BJY5OO/H3s9+meoFlkycgZIwTxwRxkEA8NkEZPHOAKjZcAYIzggqQFAycDDEZHOcn6GiMufa2jXxK7STWl3dPmstXrfbYtLmWnu2tv1u03+dm3d3/AAqt0yOzE7Tg5xkDO7nOeQQBnCg981WCkkkABiSA23IIBC4yP+BD1U/iLe0AAdeinGcZJ9Sc42nGAe/rimOg6DI2kY9SAOMnrnHTOcHHIxWpDg7u6T1Vves/s6O19La+a7ttqqVDN8wAGBj6kYwxPQ8HjkdCPlJNKFALZXOFBOAMYwp9SDjIJ5JOWIzgkTMoLEgAkbSOBztYnIGOMEnI6cfmnGR8o3DBI+6ueQG6EgDvzg4/iHFVFp8t9fk+rvZq17rtp27kWe/LZ7rzWmy2ffS1ttFeLcilgFHCleSAAQ3TOB0xkjPzZGCe4L4o2VlJUnAK5yD0wRjg8cAnHHHTJqRSASQe2BgYB46g+nUsOOD2yKlALEYYrH1J6g7R3HUEnIwOeeoHIPaNWilf5Ws2ou70SW7utL6W2YvZ3a3uuttr27u+q30XXza7XwLFu1yLqo+w6hheecWzjcAM53dcYGTzX8MvxVjhb49fGj5H3p4r8cgueQCPEsoUYxgEANkg54+tf3WfD9A/iG3AUZ+x3y49jDIM555x8oPUDrX8MPxbjC/Hn48urKBF428ZR7SOcP4nmDgAcc9txwc847+RWUvrFS0rJxhfu7S0u9vteibvurHrYOUY2TV/eej06U301tbrsrp6DvGqBtJ1rfMPksfC5YAA7R5Vv0Gfy6Dk54GT+WPx0ETeJNWitUKv9tbNy42IuQTuY5wqgZxg4ycNjOa/VjxhbwjT/FCrbmXZp3hV1BYhfmhgOSR8xA6DHGPU5z+RP7S9hqE/ivUY/wC0DFbTXAH2K3BTzG2ZILqC5APy9ieQQetfQcN1JUp1eSKlJK/LdpSfLTS10u9fs3/C54fFNKlXw/JVnGEHO12rtJ2ei0d3s7arRdGeOwazpWlo0FsreINTLAC2t/8AVRHcMbjHjOGPIzngnknn3j4c/Cj4k/GjXNS0DVfEV54f8PJZ2V3qNnBM8EDBogLaEwxlRPKIsDe6jkAcDFfOfgfQf7L1G2u7j5lM4QRpygYuCGmc53heuT8vGBngn6j8OfHK4+HXibxFHpVlB4h1TUbawS0jtrzZDafZogga5YHAwOXXgKByBzj3sclOVGrjZqL1/dppcsdL21u7xaSstVo29z5TK4QpUqtLARceXlUpy5W5ybir7uySv3fn1fv+mfss+A/hx4l8DW2nadHqV0l7Jc6hqGoESCTykYs5V8JHtILZBJwBwRnHsHjH4zfD3wNapp5uk1bUIXZF0PRVSaYOCVC3DQho1QkA7ncYB+bB4X85vij8fvEus31ld+KvFzw3Zmxa+HvC8uyVIpFwbeaeNgwLAlXYEseB7Hi9D8L/ABr+KcsmneCfDcnhzR7iTEusXEciTyg/ellvJgszswIJwpUsccZGOGljVD2lPBYdOU2ltqklCzdkmnut+2ibaXfLCSkqdTF13aMVG10lJ3T1k3faytFaJdEj2v4v/HjWb+40hXudN8Aadb3hu4Ht5473XDgHbIVLEQylGx8pzn36eCJqnjv4jamLX4d+ENc8S39xIVfxHrcU99M248TRm4xb20e75sRsQBnjJr6V8F/sZaR4a8V/Dm6+IN5P4s1HV9aIvLa5aRrLy4lLNF5bZBUuMfMOcKeQNtfqx4a8JeH/AA1p1vaaDpOm6NaLLs8mxtYoSY1OFyEAbnAyc/Qc8uGDxOJ5pV5yhqvdTvZe7291b/8ABtZlTxVDCxiqSjPTezUNHG+ifM1fdX3+R+Wfw5/YF8XeKriz1r4yeJZ/L2meTQrWRmZlVGcRMciOFVxtwnHHXGK+t/2e/hN4L8G6Hf2/h7w7p8ctvrmowLevAJrlo4mwC87qWYLtwF+7nOeSN33BBpkJtzujfH2e4LdC4P2eQgk444K4GR33FQK8Z+DWng6DfJb7lMmu6qckAHmVu5YYBxxjOCB3NduHy+hRxNK0btxbbdnLTka1fZ38tWlaxwVcfVr4eqm+W0oRSikle61ttq31fTfVNekadpErNCGQHcEOFTCjBPGQMYOMcYI9CenkvwVtpzrXxUjUDK+OLpMADIXZHwTg4wCVGM/XkBfpizshEsIeTkbegXORuyDgHoSR16nr0FeRfAvT0t9V+K11dvFDbHxxeNJc3MiRR4VEJPmSMqgjHIByeQMjFetUdGnOjF3StNS95Xs4pK13a13f8Ox5lKNWcK+rklGn1u7Ocbpa9ddL36evs8umLbrbzlDkeUGDHdwW5OBjufwODjAxWH8ObRLnxz8UpUhI8uTSGZSBsQbwMk5VQMDHUZOAME1meKPjL4P0iX+ytFhuvGGtmVY1t9GjaW2ikVjxNcnbHtAGcq5OC2M8CvF/Ddp8QfGHiL4jyahq8fgjQdQfSZL6G0nWGVIFmJMb3ztGyuFH7wLlBuAySQAqOOo83s4Lmm3FpdFpdtt23aWum1r6WJngaii6s37Onyxb1d204uySTbe+ui0s3e58+ftZ30Mnxv1yF7iBTBYWCkLOmwKEjJUEOVZwRluuB7sa+e59SsGgn3ahaIBtXJmjCgrnIPzZ52gAgDJ2nJGDW/8AHCx8Lt8UPE8FnrdtqttZTWtra3zaityJ/Lij85muGf5yDn5snBUgd8eUDS/CJAh+16Z5ThpZd9xEXD5Y4wZOx5G5uTjjNfunDmNxNPK8LySwnL7GDTq1uW3urola3dX08nofydxxw/gcZxFmVWq81lL6xdrDYeEoWutOaUtLpba2utNxr6vpKcnVLUkSPnEm8DJYFc8qSchu+BkDnArJfXdIjkZ31K2b5SqjDEcHJXjv14A65AwetWTTfClpFJ5d1pceZCAHkjJKZOSpDgDI9Mng4xk1WZPB8SIBfaZvJG3JTBYthupPBGM9e/1X2qmZ4j2KbxGXRcUuZ+2crX5VonNN6bX13PlaPC2W+2tDC59UV46OjCClrFWuqck0n5Xvv2Om8Ga/o/8Awk+qXZ1OAQ+RbrDIYpGDspXqApKlR0HRiMgjpX0RNr/h14YgNYhcLIjuEt5yAWGT0XAH8PRfzNfK/hvU/DlnrGsSNqWlwxZgEDKoaKTAHyoMYLKcKzdzu7gEetSeMfDC2xX/AISDTomIjxsjUkkAc8KTk4wRxyTyc8fLUMwk6Vd/2lgqbeIrP4ebR1N1+8T2V07O90npv+j43KaFGthaUclzTERjgMHGMvacqv7Km7P900pLqr2vonex7BBrnhr+zb5pdZiULp2qABrW4CszW77FJEYOWPQngY5AUZr1XwT4p+H6fDz4f22oeMtK0+5tLG7N1avFO0sQeUtGSqIQdyjgEnAYZGRgfFuueONH/si+W18R2rSPY3aALG6lmeN1ATahG5jwOeBkE8EDl9I8a6QujaNaPrECvb2OJE+yzPIjEFmDfu2P3j8oPIBHUAgc9XEUp47D/wDCph+aNGb54wjbWUdGlNrV6r0eh6mX0KuGyvEzjkWLXPiqUfZ1KrcnGMJNT0p3snv0d91ax+iy/EH4S2yuP+E7jlzvJS1srg7iDn5dyAA/XA6c4yK80+MXxf8Ah1cfDvxNpGi3+pX97fWUcMUi2bLCmJlLl3KghQAeF78Y6V8lQ+NfD8cRd9SO4YwFsH6EDJwY2B5PYgAHOT0OPrHjPw1e6Fq0Aub+aV4AkaJZSRIWZwWLHYBwOxxxng42mcXiqUsNilLNKcmqNRKEIa7bWSb8l0v23LwNLEyx2DdPJXT/AH1KUp1KrdoxlC6aej20S6730b+rPC3x60XStI8M2MPhrxBqTWWjWds01vACrSRRgMRkDKkMQORwN2OpPVv+0jqIBS0+F+vzAlikzOFADEhTgkHpjII28YBxgH5O8O/Ffwjp0WkWstnrs7Q2UMbtBafIXRe6tjdnH3iGyM84IFdZcfHPw6g/0XQPFMu04bNmiry2C2dwUcenbP3a9LCYnBRweGjLE1U/Z09I0JSlK0Yb/u5aX9d3ex5OPw+ZzxmLk8JRilWqO8q8Ype9vZ1YJLl5Wttuh6R8XPjH4o8VeAbjSH8B3ulJc6jZEXdzdZUMsgYIQhJ3EgjIIA4xt6HwGe98Y3MjZ0bTYSzR/NLdvk4UAZA79/xAIzgDU8a/GnT9Y8PJaWvhbxBHL9utZhLPEixkJgbBtOC74I5UemRjnzyX4lXk0srw+D9TAJBImcKFAUAE4Y855yAB2xyDWuEzChCviuSeLi37NOUaFTV8quv4d+sX029LLG4CtiMJgfrNHL5yTquMamJpSjBXpuLvKsk79LN67tI1Ll/F7PMr22ix7QW3eaZCAe+WXPyj1GQeOOow4JfEtt4l8Pt5+lJOFnkheNS6xsR1YY2k56c9RwRk4pT+P9cMchTwd98MA0kxBXJzuUEt2XnoAPTrWD/wmPiZ9d0hovD1jBKlvOI4pLg4dWyNzHBIwDxkDdk5BJNZ5jjYTpRUlj6inVpJfuaybvOnZJygreXf7kZZPgatDEz5XlNJRoVpRjCrRbtySs2lOTSW7dmtL9T2nUL/AMc3O4NqemgpGwZltt2VJOM8dRyWwPXtgVlx2XjeaMuuuW8Q8skMLYIxzjoAATxnjpx1GDXLN4w8furLFp2gw/JtAacnaVLDncM5GMFsjHXNQL41+KKAAf2DH5W4OwVZdq8ZxnA6AEDgj03ZpucJv3cHmU22tHGcYpNR1fNOPTfp99zac5wV54/KaUVo3B05NLS21OT0d779ktDRi0fxXP4tnK+Irn7bHo0T+bDGUlEOWDRAdcMR94jOM4I4xszaP4rAZptf1xg6jZ5bMD84xhgOAdw5I6KDjkYrhtP8UfEJ/FU00uraXBfyaZH5k8dikka26ksqbCMbySCW6AZwcEA9bJ4m+IcyBv8AhK7GJQSFA0mJ8gAdD25J4AAyT1yMceCw0aixLeWYuf8AtE01JxW1rqznbZXb21+7vzDHKlHL1/a2Cpp4Wi01D4k7NzjanpF9NVrfuryHwfr0qF7rUtfliMibMXdwsp5xyoyuAdvODuHOR0OH4X8A3Gp6x4rhma4maG4hRXnlleRWwArTDGX4GBknAA6DOLD6v8QbpVMvjVlAdmJh0yMD5e/H3uowMj5icZ61zelQ+M31rxE6eLtQt3kmhkuJYbdUa4YlQrEA/KSAVVdvO0Z5ANVicKlUwsI5RVi51GtZU2tI9WpvXRdV18jHCZhFwxbjn1KUY0U3KKqKSfPTXN/DT+61tbLU9Xl+GdvHBGt3ayXRUBAIUaI5XHfIYZzxwOCT3AOnafDvSh5WzRYvkYuTdM7EYUlFODyScspOCSABxk15rJp/iWYL5/jPX3YMxwjSoD6hgQABg5GcE84xjhyeH9WkZXfxR4mkOGBIu5o8/KR1Vs5BweOSCSCc5HR/ZtSztlNNK1uZ1IKT+FdL66d9NbaI44ZzB3cs7qXUou0YVba27tNN9e/W6tf0bwl4E0vUNOvJLqyglQaxNGqbo0SLaSAm5mPyk/3uQcnJOK6KX4aaCs6brHRhFEr7d95D5i5IOCGk5UYI7+h68eI+GPCd1c296ZtQ8Q7l1KZdsd/MiuoyNz7SVL5yHJAIJzgkCuj/AOFbWpmWa4bWZC27h9SnJYdQfvnHvnnAGSelGW4GtOg/+E7D3d0ueaeqdtfclst7d9B5pm2FhioxlmuKXKoPljGXLrGm9bytZp3dl1b7M9ci8MeGLeZIh/YcZRQ6iaW0VMqMgE+aDt6EA4DZOfumuD8JWvh+K31mSd9JQjxFMpDyWpGFdtvlJI4IjOAcjK7cDPWsk/DHT5LlZWs7oxMR80t9MSdo9N2Rnp2yASOuTV8KfDPQtSsNWlutPlluIdUljtY2nkIKxsyndlstgKCX67WOSASpyx+V42NbA2w+EpXlUs41J6WjG8WvZ72vZWfb3eu2WZ9ljw+YOeKxlVQlRcpKC1TkknFc+/e72vtc7nVf+EREy3H9raKoaKVDapLbIN244HyMxG4Bs47qTjmuK8TeIPC39nahFbarpkLLproEWRXcyBfur3OCNvHOSDnABqW5+FPh+C9jSbR4BMyMV/eu7klcguxblRyCSQO3Q4HmviDwbZWdnrUv9lWwa3iZUMfLrGufnDEDOMEEg+vTjPFXy/NqcazccHCKjJxvKbcnyp3b01s0nuuvQ7KGcZLWxOFUPrs5TrRjdqNk1yu8rttXdrK1t7Kx9A/DDxr4A07wXo0WoeJdMtJViYSwvC0kiSM/8LLESXIGcAnb0OQwx20/xQ+E1pcM9t4pllk3ENssLl1KhTlQHh24yBjOcAqccV8+/DvQLWTwxpMqaXatIXeV5ZLeOSQrvwGw/JwflOM8Zye9eltpVxdSNHDZW8aKu4FbGFWBC8g55Hp6ngcdTOGwWZToUJqvhKacY+57OpUlf3W7NTivLVdLK627cfm2VUcRWpKjjqs4zldqpFR5rq9rJ20fn16pkPjX4neALjRL+LTr7Vpri8jRIx9lnWP93IpbBaNUG5Rx8xBYjjpiqfij4ZazgSLSPEtww0yCAlbd1iZhGPmA5XnqDnsDkghRl+L9Pubfw7etIjI0ccIYm3RRCDKo3HCjCnnGS3Q5yeK6m2iuDaacEikwNPgVh5UeG/dqC27aW+YgcjdxnvnOlLBYmeKl7XG0Yv2MdY0lpd2d05qza03fzs2sambYSOXwnRy+vKLxE4uM6snNyUIa3SvbXbpfqzzm6+J2kCW3nh8J68z20XlAzW+FfzGxnuS5zkEYI4xnFfHnxd8ax+M/GkTC1m0y20mNYIrSbLSxtkeYxAzhmbtyO2CK+69R0+7u4JGlgeNYDG+EI8x+eoKgjJz/AD445/PL4iaZJbfEXVoGSQSXM6siH/Wt5m0oigDksRn/AHcA4HFfOcV4fEUKWHjDFqtCpVipxUYwvZR191vr5W/X6zgXMqOMqYhPL5YeUKblGcpSbldxi0nLls/m7b7am5B8JNc8VfZ9RtLi3htZihVp3AEnl8h2ReMFjlDgk9sbgB3dp8DNYuJSk2u2IjijBcSXccaLtyFVV3qTx6nAzz7+aJY+PY3McMmrWtlEgSGJZXSNSejDH8PAyMDnbnGBnQg0HxpJE8sx1SVmZSzLPPgq3CglsE5x/dJ9BziviIYWtTdWcJq85dvRNrW2m6TWvpY/QsTjaNalRpeyUvZyTUbPX4Yt6Jtff2utj08/A/TY5omn8UaXaYjcSh7iJy6gAFyHPIxztB69CRWvZfCTwRbtb3F547s4kKsFCyRsvJIPG8kngDlcHIxnBNeL3PgjxVdSGaVLplSLCCS4mDKT905JI4OQSOSCc881vw/DLXntLd3a2bFuH+d2JXtsOWBLHrk8ADO7ByIjDEKrFyqWXLZTTUb2cdk9FpulbW+i2elHEUPqvLKkvdduTltpeOtt/vaWp6mfh78JrZnFx44jnUOGVEbcAWOTnBJORjH54Oa4zxT4Y+Dkt/EsmtQXFshRZJbeRvPDoQuZG28DjJAzzwSckVn6f8Nr8LiS4svMDFQGZdgGTkks4Iz1wxJ6Dk8nB1D4aXVtK0889nJFJcoZkWVQXG/OFG4gDpnH5cAhVaOJnFtNzipczTklZ+7qtHqlbTpa6d3cjCYin7Z8sJpJKzVPR7XSlZ6pNJ6dLp3R0kmi/Ayxlcz3c00CLHs8pSxOAMHAGJOMfewRj6Yv6pq3wbtdOL6XBLPO8SrBCdOjH3ThWVyoYNgBjx2wD0Fc9qPgy3UvEl1p0bNHGyCSRNybVBweuRgbcbcgk444OenhKzcwzXOo2u6A+XhZAqYHVwqj7zZIwB8oJJGMVwVMJU5VNShGTfMnKSuneN7tNNpPW1rJ9rWPYw+OlCdSPLWcezUtt172l1fZWe3Qojxj4Ft4YgfDjSTK5b7Q9tGpUgjDEYAYg56Y7biDzXol1P4R16K1uptJlnl+ywmIBY4FICjCgcdAc5x7dOa8u8U+GdKMMJtrmOSSCIufJEm2TDYG4BRufPIOcEDjjFey6HomkRaRYT314UlTToiUe3Z8EKNsagKCC2c/dABI4HOcKkK0E03QnZJvlate0dXq7u736fI3jOriKceT20FfkldtS05HG6tvvq192hzP/CV+HdMaSK00S2tZoiFEroskuV46cgsuAOWxuAPTJrO1jxja68luLy0+0i2BWBPsyoIucHAUYLdx24GQcAVZm8MaY9y0ySXUjyu7hI7edVO48HATGAo+XONoG0e8ln4ejW5t/JtNQcAl3/0WchscKSGTBGeSMjp0K81nGpDljUk6UeZpNv3rWcbKy3s3qtkrmnsK9prlrVJNRs3Ld3TWml11ula/45GleIrWHUtMD2gtLeG7ia6cWy73tTKBMoQAfMY889SB3xmv1F8OftL/AAj0bwwmgaZbW0bWcFu9ncR6HbiYzLCokEkojyWBz15OCRnBr829U8NXBvYJotH1V4wrMxS3dQxySrgBOBznbyMgf3TV1NA8RJCHtfDuqgs3yvsdRIhzjcACEOD/AA5OTnOOB4Wd5Xh82lSVXEpQp6fu5uCafK22lJRT1eytZLzZ14SOLpLWjNuSd023dPlT10te+trP9fvrxR+0D4Y8b6KmkajqE/2BS8jokFtbN58ZLQINm0hSdgflhnGRxzo+GfH3wD0rR7JNX0C51LVTFM1zLM6PFvfJR8DJURjj5R6cA5r8+JfBHimdlkh8NXqEoxJleUZZ/vN0wc59DgcDrg97o2ga1YRWqXfhiO5kiiUPuuHQ85Jy54BA45b26jB8n+wcDSpKH1mtyRm37lSSlK6ilq4vRW2bvZnWoYyrUvOjZcsd3zRumrOScea61fWz7bv6r8TftB/Di00g6V4d0a3haPzA04t2WQRl8jY2PnZcbQ2CM554zXg3iT4o6bqg0YRMWWPU47uWQxqGCgg8jrwvJJyxKgcV53r3hLXdan8220OKxjRXAiGokHDng5JGRgDHvyf9ngk+GXiqGW4nmltwhyFRtSXKYwApywHy8LkHk9cY57cvwGDwrc6bqvmeqqT5k7JK73d3q9Etd9jlxOFxVaqlPSPLFtxSWqkrcuitayV2lq7a9fsC8+Lou7eK0aFGha3mjSd5VX5XRlAIVhuLHGFYgkHnjBHynb2uoPfXYk0sIs2oSTR3BTEYRyRkPg5B45GcZA7nGtoXhLxNDci0NvZX/wAgnhC3oufKVeAXEe7YPvDBwSRzk8nuToXiMXENu2IAyrJJDaobpFYjOGDgAe4AIJ56nn18JCGFnKrTgm6loyWmkpNW1cbW0ve7v3bSbjEQUlGjUq8vLyrVpSdnG2rs7XV20tV1TNEWmjXvhh7eSeJLm3hKtHIdhWViOcttBUkY5A4OT1GfKJPhdpOqtey+VtCHfuQggysOXibOPl/unGTkAdSdXx1a69oOm32qXyxTaerLG1vDGIZyxOPMYrznK9RkdsDivO9F+I80AVLCcNEdnm2V2QrHaThFZjgj3IB49zn2cNUVJP21Pm5pJrd6aarro0tm9jxMVhJSmp4TE2lC6aUvitbTon0UVu9L9L118PeI/C13cXOjzSapZwAh7acMyiJOCgY8KVJxgcfxECtjSvGGkPNbx+IrK40O5SZnjnjVntGLjPmNwcKeBhQQOfQ12Oh/EDSbuK/0++jjs7q7BVGkCmFGkBywc56j1AA3E+or0i18B6F4l8JMsNvBcz/Z7ycXWFdo1VQUdH5PPORk5GAMAZP0GG96jzUK784SenS+jaautd9PNny+OxDo1lTzDBytZctWEWm07Jyb1T16NdUcv4GvLKWPUxBe21+jXbyxyRyI0hjfPlBEJ3Ac5OQCMn0UVoW8duYblbiLeqythepVy+CdrNkEA+4xkcH73hLfDDxDp62uqeHLi5jaS6aAC2Lq7SRNkkR5wy4wAWOWJGWGd1aumeNvFHhaea18SaU2pQs+yafZsnG0kNuCj5iRjByCck571pTrVqFXnq05RXLbniuZNWWjWr10tr16k1MFh8TSTwtenJyS9yorSSXLdNO13pbXtbS57jBZ2TSSlUKQrE5jbCjEgXO7HJ2nOOx2gHrVfT5JFhu1TmOOVELKFH7vcCSTg5U9s+vHtiaJ4x8Pa9HOsF8llNNG/wDod0Fim3HH7tS21TkDHfAOMdDV6yuZrdb0QQK1vLPGkjl9ybOCzBwCCvO5QTgk8AYxXq4XGQnCUuZcreq681lbR7J2b769UfNY3Lq6qqjKk0pKyaj1VkuiXLrunrprunuR3U32xbIB1YyRSQoFXPIAJPTjkAjjkkkniuy02SRHu4p3LSG1nfaADwFwDkA4AyO+D/d55wNP0loLGfxDcSGVriMGyjVgxRIiMlgc7flXg8fe3HBxXQaW5vY7298hkK2ZVfTay5L56ks2ckHGePl79CxNOvNRT0TWmye3w2avyt6dN9HoyY4Wvg1FSjGXvK/Le1naytZJONtFe9rX2P3b/wCDeeNV+LHx4Kjk+B1IwcEBrmTqT9GwT2weQAK/oG1JWMzk4yGfIIzjDHpxnIwFz9eTzn+f/wD4N60ZPiv8eVxtB8BQsOfW5kznqQMFs8nJzzgZr+ga+CtM+OcNJjnGCX9iOh4GM8Z6187mkl/aEnfbD0Yu/dpO/Xo/TTdbv9Kye7yyjK0VeU1po2243sra33eupz5A3HIycckjgkn/AGucgdyOPrghhK4GAQrDjIJwAcnB4Zfm9yCRyOSKuuCWIOT1CqPUZDcA5PofpkelRFAQxC4IGFB68Hqx/wDQeoGRnpzxxtdWtdvbqtVdtq6XRO+9zt63Vk9dbddL6q1ttb7tLsUs7hwPXIOB09u3BJ5HTpknAjGcFjxlQAQd2Oc49eSASPwzVsohIPOSSSvpjKtjj5jk9MAnrkdackQIBCkjGQcgck5BIJA6dvx9TXRCpayl33f4q2vXstbO77YyTk76PdaJJWsm5PRLVbWb1e3Qp43EgDBAH8OA3vjGOOuex7dCHBQT0b5cZwo574HXjI7YOeucVbZAAM85U8HJIPHOccAjuMnqfYnlk8j+IY3c9uMHnoccEZJI7GtoyUu3mr6p6X0vr1fppvqYclnbzSfltovvdr7fciLYXzgY4HHC8j1x069ic9zUoQhiNuB1x3z328dwcY7dDzTjxwDz3YZ6jnrtPIyQQSQRnoMgzAZ5DE8hlJx1ONxB67hnJwQDyQCTWqUrXulFrm9Gmnq9vztZ99J9kmr2s+23VWVtu+61733b5JweoGeM44IB69Mjn0/DkZhaNVO4ZAIwcbieoGeOgGRwOmQB61bwwBUcf3m+/nJyT6/7PGcc9+qmA8ghSpz91iepxyAc4znPPbHIzWbnCN7u+zduqb06X7edl8xuLtfldrbtaLbXS3W+t76d7MoLzg45GMAYG4Y4J6Y5/hwOpye9SKuMlsA7csBkcnp1OQcAfLgYJPtizLA2AAuNwU8E5yAvHoTnJHbuM5GG+WWccgNndj5Qc7Tjcf73QcDjB5Gc0/awlayX52Vo2UnrZu1ntdqyejRmo7rZLp3ffs167NW73dGwUOGwCD2BYNu64xgnnqOeOMrgGpSGYkNgE7TnjAUZwCAM8YyeB168nCwxAllPXphc9T06cADoQMYB45AqcQ5IUsQdpzhcHrwvQHIxyfUk9qnng+673u+22nz3t8zT39k3Z3SlbZ2W2l33sremyIQpbAOCxbg4/hB6jGQPbrwexJNNCKH+XDYB4wOvHJIwo4JyOcnGCOc3mjYAlQpwAOuAAeMD2BJGcDsCeOYHCgNtLfKVAPrktxjv1yOgCgAk8ZpT63+7Vrbovl5dO4nFvy2dns1p926dnbu1bUgcYDfLyMBc4z83VuOTuzgDoCMDqoZmM44HJ2kdvlOR1B+UkcnjBGMYHNkISSQeQwPzHgdPUdMAZ64NQmM5Chsgr93GCMk4AxggcHk4OeuSfman0Vnotv8AgO++r6au+4Om093ZrSy1T92y7W0t/mVsDJwnz5JPG0Z4Aw3Oc5HOOCO46v2nB5wGIO0DqCcEH8c8E5zn0zVpogxK5JOAoGMLkckk5JwAT9egAajy92FJABwDwOg6YIxgn+HoenXFCrJ21v1ei8m/w1XztumUoJtppbpRTva9ld3t5q6vpZWundUlQ9C3U7vmQZGPqeMjoPvKOe4IQLyDjdtDEkKOCPuluOemAQOeO2RV4W+3aQMDBG7O4lj0APAxxz7Z+hsmNVXAChcKePU88c9eDkAcHcQKUq6VmvLquzv3ve+lm9VqrL3tVRdtkrLpq5fC2krpKz00avp/idHygAdygBl3EuR1XGQuMYGTkYIPcHpT9vABUNkBs+w9AeOMcHGc8ZbkGxtBKE4OAQAQBknJJHQHIBxnH09Y2TGDnA53c5bG7p6nnnnjvWPNKbve1nG2r62XMr9bW7N2fbRezkndJuOji9L6tXTS1uk7Xem91YjKoEzgbiPYseNpI6NjHTkDPXnGJVVQqnAGAqjIyCuM7jkjOD3IJypByc0pUZyoztBAJzjOMk4IPXoc4OT1waQBuCCGHOQvH3hkcLyO2eQSRnvms5TcdG09E1Ztu6snq9bLbpa1tzeMHtZXdumvS+6vaXm7JWt0sgRST83Uk8KcHDY5z257tkgDjIJqQDjcMYcD5cDA5wADweM8HBHUkg4FPCs2FILE5XGdrAcZHB6Z6sBnHOcjl23JCsCSc4Y9gDkDI59gM/N39an2kbJpO11fTzta3d2t5Gqi72UdE7WVvLTTfeyu1a2mmqhyFLZB5yBt/HAyc8Z79vrU6AH52IUckDH129B1wTgjHXkbcEIIwOCBguQ3J6E5z14JxkkkZ5PFT4XDDIGPl+6DgqGIB9F69QfbpispSTta61SXRJXT1fbWzbt+N1vCjKWnLrprqr3S3u+mtr2XMu2ja6javKkD+JiMgt1UADP0OSTyvHeE8jAOX2hegHPqMYz0+b2BPbIn2BjuK7kyCmcjnnkg5H972B69DmdIkYsyqcjoOcZJwSMd8cAfw5IwcDGTa15tdbpaKyVru/XXZ7K2llo+2jSlBJdU130eie99eva2i2ZnkMhbJ55Y5AK7hjACjAGM4C8ZAwMHom5iVGQMqAP4gCeRzwB/Fx/e6kd9L7KG3MAMjIUcrn/axgfkD3A9xEbY5UFF+9u3KBxxwAQSCBk9euBkAVCqQ3et1pre23mr799LdTq9nUcVaDtZWfXWy1WtlrqnuZQUGRhjcQVAGD1I55yRk8E4PXpzT1QfdxwSFwR2AJye3rx7Y7DN9YQc5VSdwOAuASRnqCBnpuGMkLkDmpIrUMrHHGPmHQ7x1yfQewyOg5yDMqq05Ulsm272a5V022/HtvMaU73tb532cb7aa30vfZ+TKYj+XjgAEjjgkZwGxnONxx2J4FRhMkEJxg7cjbjoAcAYPJyACQR1GTga3kqDkljyB2HIyTuBx97JPUjjIx3eIUXG04GcnIxhTkcYA6DGQfQc53VHtb7K/wDS/wA16Wdzb2LvaSetna2tk136q6u3fz0RnxwrtAIYHdztIBHIHBGc4Oc7s+3XmQxKpBAKjcGORnptxnHUHAxyOmAcVccCMhQA27hQfRsYIIzwAOe/3eepoBKFiSNpG0Y+bk4PH03DjPX3zS53q9bb+9bSyT26fJb366m0aUY3bVuqvZtfC9G9NXrayvd30IRCSWK8bcHkYwSOBgYyQMYyM44zxVaSLbt45OSNwyMjocEklSSM4yR1GMCtJcjqR2U7lySFGQp7AZPBxkH0OKYykBem5id2SMqBngAggdsc42jPDCs1Ub0fn2u78v3u6vv36JIbpwelk2mn0v0TbXf/AIG+hm8dACckcjJI52sc8grjDKWycexFPwFLYA+ZlAJII6c456fwkgZOKsOnC5yo3HGFJBzyWGD06HGDgk8ZDUMgCkZzwRkAddxJx7DuffnnralbW22m3q731V1srX1sjNUlzNqys00vddtr6Ja9fwu76EAJBJJAGduB14GTjj7o747ZPVuIWIIwxIDMV5OA3JAzgAqOv8W3PvUrhU689lPpwAT36nj6AcggCqjbgpLH5QTkDvgk5B4IPHbqSeMVSldp3votbPX5K3Xp0fkWlZO7T0u3qv5d9Ha/o7DHl2qEUA4yTx3JORkdT83PoR+NZ0jMQVLYGVOMENgcgHPTJyc4BKkjtmrEhJHXAyT8owMk5GMjj1I6cHGMiqkpJJXBYZGTgHpjoMEd8gqOgxgGuuj8T0T11e29lbXfdX/HS1uDEzcUrve1+V76R7W20T31I3IYZbIwxxjhcAE9B278c4IU9DVffuUrgkAk8Ac5PfJGPQdOwHoJiwYDJyzByQAeoPtxuwPqeeKiZN3HclSTjB+XPoeoPUgnI5yCuT2Qs99Vo77rddeq11b6/ceRNyi9fe7aK/TW2l2r6vV76X0G7yFAPUYYqFBySMsMg9yfw5x2pPNLHgY+YsMNyezE9eufXjk8inyJzgk/Kd2SBnnHBIwSSSF9MHkjFNUBeNuABg85PzY45ABx34559c1pFWS2dr7aaJpxVtrWtu/X4mc86jbVnGz1Vlve1/XW6bvutugwlj1PyjAIwCpGCcDBz2BJGQB25wYnII5XGSTjBUnrtLDtwTwc56bj0MxU4GGBGcKecZ3cnpnHTAOM9M44pNhY9CVyOCQACOCc9cdcnJPXnB4tO1r2Xa7vdu2mqtb13XXtwz5knZq22l9tHvbZXerb10v2okkkYAJHLZwOB1z1B4JAGSAD6AYlQYZcA8dMjIx1JOefz47HnipgmNrbckELuA6ZPB9s45PrUyrnLKONwDE8HGDlSMhcHHGO5HPNbNtRcU9NHa/vJaL02XRO7atZ6mMVJ2Teu10tk7X0vrqr9basrjeGHIG7IAPAA6YPb6Ee2OaAHIzwVIw2Bg9Rk574HQHvyMgGrIhy3BBDDbkqfUYBweOSOpGcnjinmM8kH5s46Dpnrgkn2H0zkYzUe2V9L9Fvbez83qn5Wtd6aFKm3bvdXT6+l72/R9ra1wpYgBTyOnAC49eAeTkgEggdsDiRYiMH5QBnKggkBhzg4JPPBBG0cYAGRVlI8g7iWYMMEjGMNjGegPGcnjqDkYzMqsQxI6HB2r2H935skkkA8A4Pouah1LvR2Vt7+cVdPe3nt57lqm77ro9V2a6b63262VtSqUGQcYI49FAHORnqfTkDHOBim+Uh+UcdSTuHJIyAW4HXgc5JHPANWQm5hgcqCCckZJJxjHUYOMc5/M0pQE4OCeeGGDjGcnr8pyMHvntTVS1vNdXtfl00vtrs7dRcqu1bqtfK3qr21u9/UqhB0IGSvDdgQc5yAAfl67cYyO4BqVUUA44bBJ7nceuQM9gcc4xjPfE3lAhiqkD0wM47cdSQR0IwRU8aA7V24IH8JxwcE916n7wz0+UCp9o7qzu9Ha7fa72tZPo9OjBUle79E+vTq7/NL13bKxj3DoN3HQKFB6kDPLY54GcHr0yARkkEEbgSM5xuBHPIzjAOOe+OAetkKwx75GR168AjGMHocjPQHnADSgIyMEgADd7Dk8fLjjj169elqpLX8dF2Tto7W89+u5DpyWr0u/LTZrVdG2r7u3TQqmMnqmCFbjBxjkjBweT7Yz0xgmmtCQC3lkqFGdxBxyM4wePXC4xxnAHF7ZkfKpJUggclQDk55K8YwACSeD3HDtpJB6NlvlUHnIOSR8vIPU/LjPTIwT2kr3sumnTpfp+d/O25Spp3d73t02t+O70b8vIz/s5GPl4VQcqR34ORn0PII4POAeKkWAvyCMA7RwVwpyMnpyBkZJzxj1UaQjUEFgFDL0HfKjr1xzjvxnPQfM1kUKcKRhSM5PUnjI68jpngnHABwUpylba66rrtt3Ts+va66J+zStpu0+utnu2lq9Otl0bZQ8oKADg8ckZzwRw3cfXkkdc9BE6Eqw524G4HGQx5JGTnOV52kYBxjFXjGCDuU5+UnkckdT1JHPPrgH1FNZFPIUkndxk9jjHbkcZ47HHtSbjo/wA9bu2j/LVX7MmUbbdFtpou/Tv+H3Z3GOAfkUDd0GG4BGRjOMZxkA85oBRto4GMg9MnBIx/wEjrnjHGatPBk9MBhjn+9yOPqMk8c556qBF5W1F+UjHygHrnucHp7ng8jPPS+dNJJ6310vba6vu7q3Tf7zN0lduUV5/emna9vXTW7/vJtRQpUbcgkDkDLd8sf4QCOo49RjFWlj3Y2qFHViRj5QcgAkdsHocH/gTAMVePmGQyZOeeU7npg5Pb+hNWlUEFgOjAlQeB+fUe3XqSRkUpTsrNa2vbd9Nb21t26WstXqRhpa9ou7V+q01vduy2Tsnququ3KNhBOODwc8kYHIByD1PU46HPNSFuSAMEYzkdQB9zt16ZOccEc5BTBwoxwCSSBg4wPunOV69sjocYAp/lrtBwck8ZOfUFcnH17gcg84FQ5axbfNouulm1pZLzfdbX7G0IpJ3S6R110urd27dNHvfXdQvgdQGycEN83A/lk5DHj5gc9BUY2naSuCSSBgcYyABhiCRyRjII7ngGw0QwwIwQMswGR1OQctjB5wDjnJ7HMBUbjkAAKMbhgkjpuHzKwx0A46deTTU00ktXdbW6OK6vrrqlbR9nerXvs1pytfLTot0t+qttv23gQq1/e8ZIs5+QADxC56Z9u+D0OMZr+Fn9ugvf/tY/Em1YMxn+IwRQDtIYXjKAD7EZHTGc54Ff3WfD9N2p3u0Ef6FKCMdzFIOCOc4IJz1OeK/hs/bwthpH7YHjq/O6SC3+I11c3CAFmZY3DAAA8hSCTjIxkDJAAjLbvNsTyyt/stHmdrt699XZO116u/fjz60cioX95fWJWS115Ftppo1fazvouvknxP8ACseheGZLsyGSd7v7TMXAMaQRxLkD+6eQPmwTkfe3HH9K/wDwT9Mqfsh/B7S/B+9NWu/Dt5d6z4jeNvs+j6fcXU4uLWwbaA+oXETFYmQ/Jgc8Fh/NLe6+vxx8V6b4C0e4Gn6JeeJdK03U57hNl1L/AGlcxW7RW6rlpGAVgVHqSOa/r88H+ELHw74A8C/AD4SQroun6T4W0eDX9XiUIuiacbaH7bBuUDOralN5rIGZZIdwY47fNceZv7Whh8q5bunUdeUkrtqKUbNpKy137W2R7nhjk8KVTE5q7QjOnGhGMnezbjKSd7rWKXX00vbV0Avql8/wv+FTNbD7LLL41+IMi+aNOjnLvdwW1ywIvNcuFLKSHYW3qrAAe0/DDwp4e+Hfg+40LwjZusbS6hc3d9ODNqGp3zSSCW+vrtg0k0kkjMwDHCZ2jheN3Q9C8N+BNN8PeHNEEOl2f2W83u237VdTCNzNdXcx+eaeRt7szE8sVyQFNYvhbxPp40CCz00yX9zdT6pCZFU+Sipcyqz3EzYSGFApZ5Hwiryx/u/lkrKPPrF6Nt766Nq+z016LU/X2m6kbt3dkrWUm7R95K92++rUbt90dJb29jYto82pTKzQi7dtxJdpZ7dn2ovXJJ2hFBYnA53Yr4B/ab/bC+GnwB8C3UfjfWpWnkvbz7H8PNDuk/4STxDIJ3ktV1aSJi+naU7lVlZiJXjLDb1FfM/7b3/BTXw38H4vE3w3+EuraX4q+JdpFNb6n4vhZLrw54Lk8owvBYSFmS+1ePBRdu5EcBtwxg/zWaj478afGTWZb7WL7WfE3iLxJrO6a+nE+oatqc882FWCPbKY4ckeXGmFRSoJVVzWcaeIxl6dCMoUY61KzSV43Xux2sldtybty9TrliMJgYxnXcZ1pL91RUruOiSdTXo9kt+rTdz3/wDaE/ah+JX7Seq3Gt+JdQFpolteXcXhPwDpcjweHvD2noWKsbVMRz3SRjMtzMN8j5YnJp/wX0/4ap4n8Han8Ydcm8J/Dq30+SbxBqUdtKL29RpgCbN3TMkeSFZk+UDgkkYr7F+FP/BPHQ/hZpHhf4nftW+JB4S8Ba3DNfWnhSxuFfxJqsjxGW2W/WNvOtLdzhZUQH5SQSATXzJ/wUV+O/7OvxYf4beF/gRoOo+HIvh1oFx4U8Q3txbCDTNVU3Ya2W0tEG2R1AXzbtwJJGyxJyawxeSYqpGOGoqrCjXptSxlHlkoKUUr0Z3cXUvd397l0auzPBcR4ejXliayp1a2HqJfVa1+VuKhOPtI6e41ZqKb0ep9d/tAf8FUPh/4O8FWHw+/ZX+GOgtB4f0W40HRPiI9tFpjQKCY11J7aJVOp30iEt50+GU5I7Y+bv2KP2lvi98XP2n/ANnKy+L3iXX/ABTfWPjvfp15eapNLYW8NwWY2tvYbvLgtxn5QMklcdcV8R+BP2X5/HGiJPH4texZ4w8aeVL9miDR7sk4UFgPvcYB4IWuIuLbxL+zR8T9FudG8VSnXNAurLWtM1ezuG3wPFKskbwrn5JNwCSIW6Ag5BJbbKuBMLl8Kko4KeKxlSlJfXsb+9xMpSjaMnVmrxSbTShFO3TvGZcdYrMcRBTxMMNhKVSDeBwjjToU4qceZKCtzOSWsqjbvfVrb/Sq8YxhvCuskQsC0FrGi7W3AOY9xVRksCSOME5PpXA/FvVPDPhzwZ4Gg1DUov7UnvrCKy0ezIm1TUJTCcQQ26bnQk5Rmk2jIGSCMH+P+x/4Lc/tPxeEb3Q9a8T6bqz3/wBighvG0+G31K3htxGDtkGcPKF+eXIP8R5Ax+rP7EX7Xum/tBeF5PiLNoPijx58SdD8Q6dZx+EdMjfVb2NhEVe6a9mPkWVjKcNI5ZGTnapGM+fiuHMzyiFPFYmNOVJVIp+xlKbhzySi5rlgo8zdk7dF10frYXiDLMyk8LhpzVZxckpwtz2smopXV9W3re2m1j9Z/Gvga78f+GLu58dXLaP4fsZLK5tPDEdx9lt44YWRxPr15lVIAXMkEj+V2J/hrwjxV8dJtUkv/hl+zB4OtfHPiKzhsLLUvFqxm1+Hfg6ZFEaz3V7GhS9u4cFlitjPHI65dlwDXR+K/AvxB+NWh6z4g+MPjOHwV8PFvbaI/DbwvqQsYpIImRpI/E/iUmF8BR5c9qzmFvmXJFYI+MXhbwzY6v8AC/8AZg8DWfi/VrZrOzN1oEAtPBPh6ZYwr3etawi4upk5aRrZ5zI4IYVze0lVnHlalFSV1/y7glu23o3pay62a6FVIRp0ZKb9m7e71rTunpGO6vbX+meH/CL4PaV4Y8Y6z8Svj54ki8b+K7PxLdXV7rviSaK28J+HJN2Zl8P6RLILTzlb5YJ4kknkC5K7sZ+tr/4seK/HFnqtp8C/D9udB0+w1Qah8SfFSy2Hh+FVtJjs0O1eNJr6ZVDeWHiFu5+ZXAr5C0T4Q3M+sp4m+M/ief4ieIX8W3cy+GELW/gvTLkSoxt4dMjYRaiIjnZcToH+Usw3YB/RW9msrfwHqkkFtb2tpF4e1OO2hhjWC1t44NMuAI4olGPk6LxnoDxyPVqzXPQldyj7sU27RXw3tHey6Wtqr2vqeXQhKNOqrKndObTfNUfup3lPv0eunofxQapruqSeKPih9ou7Rr0+NfETT+IFt1W6vLoXMm6S3XG2IO4IjCHIAJbBxj4t+Ilpruq3emgm+1O68+UFnLP5qlyApBJVPlzkDjaPy+mp/Ea2Xj/xdLOkFzpdr4v8QX00DKCsztfzBUkbOVVsHDc47AnAr53+LXxG1C6jNzoMdvpFnHfzjfbxhGG8hRGjtgsFHO73yp71+85XCdTD4f29GUsNHD03KqpO9owh7ivbRPS1r2Stqj+bc3nFZhiFQrRVb65NSpyilHkc9Xf7Vu6WrXyMvxjBYaN4G07RbkaUNV+0C5nto0RJY1cMS88owWYZwqZwreg5r9tP2P8AwZYSfskeFZ7hnEU99dPBDtyXeVcqyFx8qlujDGNvQ9a/Cr4Z+BdZ+KWrzJdNJcaVZWc2panqDxSNb/uVL+WbkDaZTjCqDx93BGa/o1+Db6Xpv7Ifw80+z/dojeVaPEBG7hHkVQehDMVJJPJBXIzw3hZ/XUMVlscPUjd42nzRbXNaSdk9W0r3S1a0+Z9NkGHl7HHzr07P6pNxm0o8zTi3LV2Su9NtOjPb/wBlrRU0bxNpvASaLW2lVc5LRSK4JCjpgLhiSQMAdcZ/ln/bOvP7Q/af/aAmKBvP+ImsEYPzv5TyIhwCRxgbhzg5GOpr+q/9m+9EvizT7UwZng03ULyScHJMkMMxXcw79j0GOMAEmv5GP2l9bhX9o340ajcTE7vHOvyKSDtRxdSLlgeDgAkDI59cEH4rMMTN8aZjzNt0cswui01lJOzTffV2dtbW3PvcNhk+CMs5Pd9tmOI+aio731e73b002vfxWLww0kSXd/I1vbDaxUkK3XI4+XCgZ6nO3k9c1U8R+NdK0DTxpvhuFWuGjKzXeeYmb5WK4wTnHIB5OTggfLwOv+PbjUyIjcStbq20xp8gYDK8Fc5OTn3/AOAjHE3urW7wSCKMkNjCuck4yck846n1HQHocU4VK8nOpG6bjaL0VrrRvrbTRW63VmedSjHDq0LXta9rv7PNZa26Lrdd7XU2t+INUvLO3gmunWHLO8ayH96zfxuCPmycjBAwoyATwMHS1d7qFgMEMiKvJJYtwMDoMHHp+HIoXV4WZSRmMKMDPQ5K5xztI9OnH5aPhuWIanb+ecqsoYsRnG0gk4zw2MDjj0xgmu2FGMWrRSSjfZO1uRtpXsm2+v8ANp3dxnzyV7yvbVv01877P+mfengzTV0rw9ol2VEd1dFXibJzEFIZXCkZU4x37nvzX0F4T8ceK9LOoR6L4h1a0e5iEcslhcyRTu38MaqhXzGYnAGSQD68V88WOq/23/wj2nWEbi3is4lLxg+ZLIQoCpGhJZicAAHIY8nPzH9MPAHgjwF+zf4DT49fHBbaW7ktRJ4H8CSFTeaxfmIG3kubZ8uytIVdjInChsDIrkqZnHBYZ1Kqc5ym4wow3q1L6JR0vq99Ekr6FVsslj8TCFKMadOEFOtXmrRpxtreS3eui3180VdQ1q9+H/wu0n4j/HzxLrMmmw738IfDm7vJRqXim7wXhmuLYnzIrHzNrSOVCuu4c81+ZvxH+LHi/wCOXjSy8R+NbmSXS7S8jh8PeGkLLpmi6VG+Y7W3gH7resY2O+3e7KcjkZ6L4peP/Hv7SHjvUPHXjCeRYnDjQdEhYrYaJpq58i0tYFxGrLGAHZFBLqG5OM5HhvwVf6vfeH9KsrW6nup70QLDbp5k8kjSCNUhjUF3ZskHjA3ckCvJpQqVpSxmYzjzWcox0VKjC8LKN/L4puzb2aR6cIU6FOODwEXGneEZNLmqV5pQipS3bTbbUW3yrfU+mb74geFj4XistA0hbSVLa106KCCMEiUqE3W8ags87MfnIBZiRkcZOlH8MPDvgfR9O+IXxvluNP0S4RZtD+H8QK+IvF9w376FDbgtNBYzPtWWV0BMbMFznbXq/wDwjXgT9mSz0PVPFukWvjv41aqqT+Dvh1bKLuPR3mKtaX/iCNN4jnUskpikUHAKvtwcemfCT4D+JfiD43ufj/8AtJajBMLSKTUF0vVHEGhaFZwKZYrdIZSsFtb26LtSGMAOUC88V8TnfECpqdPDSdPDtuKcLe1xNRtLloLfk0V6rTSTfKtbH3vD3C051adbGRhVrrlnKMkvYYWF0+evJtJ1P5YK/wDe3sR+Hvhv8ZP2voNA1v4sanqXgn4KeG47Wz8C/DSwnlt7CDSbUKLeGGz3Rr5jwgGa8kTc7HcfU9B8ef2ofg9+yP4Y/wCEG+G+k6PqnjCG3MFpomnOksFhOqFEvtduIxmaYNiRkLHlWD9yPAv2qv8AgoaqQ6n8OfgG0VnpluJLC88YIqxRrEqeS8WixqAsagAgTKAwGGBBzn8YNb1e61Ke81DUry4v72+kee7vbqV5rq4mclixd2ZyGbLe/Xp08bKOH8ZmdaOIzNOjg1LnpYGCavFte/VSs23e8rtyk3rbY+jzrijB5TSlhMplGvjXFU6uNkoyUfhvGir293TZNJK+vTp/i18YvHnxj8XXHi7x/rtxrWpyyObaFpG/s/TIiSFtrK1z5UcUakLuQA8buep8fkKs0rlgpDZbJA4I+bjnDckdQccehE9zcQiMOynac4wVUs2OD1ztOOM8cD0Fc9BDd6nfeRAhZ5CRFGF4yxBDEdeB6j8MHNfpVKhSw1OnShGMKcFaMIpRjFJRV7JbKz3b3+78jxOJrYivKtiKk6tScm5SlK72i76/Zvp102VyeadJf3Uas/8ADuABbg9FwDktkcDOc9ccN7D8N/g/feKrq2u9X3afpJdCA+VluEUjhOhbORxgdDuxjjoPAXw807TRBf6wyXlwiq8Vqqh/nJ3AbFB3DkBi3Q5JzivtT4ffDXVvFdu2p3U8fhnwlpqmfVPEGorHaabY28QJZIXfaJpNqlSqFiTwQc5rjxeKVKE0pqLWiaVr35dnuntpbV7XtcvD4atiZxUYJptN6S5UrpNt2t83pZbaGfY/DzTx4Vu/CXgrTnu9T1CSDT7CC0t/Md5JHVWM8o4yAd53HAA6YHHtt/oXwE/ZU0Wy1f4o6nZ+MPiBb6fDLZeDdPeK5Fvfuisv2kJuVAkhAk3lXyCAMqa+YPib+0vH4VtH8B/s7W9xeXLX6rqvjtLQzXl3cKTFL/ZgKMIIshjHKCrAFTjuPDbL4ba9rF6fFPjzUrvVNT1aTz5BqE0ktwJXJZvPkcnBJJyp4GBtK/dHnYbC4rFzhGpVdOnVmm4qVpyTcbXu2437a38unpVquHwMZOnTjVr04azaSp02km2kt7XX3Po2bfxY+PfxY/aH1F4buWXw74LSRhYeH9OZrbT47VTsi+0BCqzyqg6MNvU5HSuY8PfDu3skjdWjaRw3719pJAUEhOu0Fs5bG4HAGSefSbXRTEEsrSAKiBo1CIFjG0kA8Zz/ALXQgAdsVc1LwZrt5bf8S+48l1IChMo20rkgMuAcjIP8PXkgGvusHldDDRhGlT10TfL1vFaPu3d30et9rHxGLz6ria03UrXgklbmV1a2iSaUVZ2VrNaXTRnfD2Lw5c+I9V07VZ1sYJLG5ghnt2KO11DHlcuwxsZhyM8gHdjt7T8LPBdxJfabPamI3El9Nb2cgYGOdQxC+ZhiEJzj5hkgdSDz8oafpc9tfanb3JKXEEpAYOQzyr95txwRuPJXHIznkg16f4M8WeIvDF5DBZX00SRzB0O4yLHKpDDy1blSc8gHOMEDtX0UMJVp0HUik5yT5HbaS5LLe6drtNb362Pk8ZmVGrjadObbguXns17yTjvpvZPqmt+lz9hPgx8Pr3wf4kfX9amhEt/ZTI8cBSQLwdow/wBwMOCR8xOeASRXoX7YfiHS9L/Z1v8ATbW6gGo6hqWizPaFF8xFju1OVRRgqF2EsOSM9xXxJ4T+JHiLW7nR7nUdYlQvCkax27GEs4UBXnUHknPJPOevIpv7RWv3Wo+Aks5tRe5uUvbRHDSs7OFm3Igzn5VUkBRg9iCBk/PVcmxFWrLEYufMqUuaMVfb3Gk3bd6ab3/H26WfYaio4XCwt7VOLlpzaxV2+XrbfW+9uh86ReJLu4bALu0RUsSxCEqoC4UHGeM9wOAeSTXQRa7evZBNzbjubKgoDu+ZvmHLMucY6e56V51aAwrHt3qWI37eQRt69+eQD656jk12FoBLCFBcREqEJ4bcxwACTuyzHrzyRyMZr06VGhCEeZxjHlbvZKydnrd72W+qvZd2fJVsLOtjPaWlUnzXSS59XZbdUk9NHrpZu1sm5v54Llndsl9iEE7ySQM4PHJzwDjOTtxzXa+E7XX9S1fRbbSLS5v7wa5pxt7O1WWSVmeZAxICkgKCSR0OMAnG4eneCvgF4i8WQz6zqLWXhfwrYwC4vfFHiO4SysYIT87vE0rK1w6KWKogYt0GTwee8YftGeFPhhFceC/2ebeHxH4ltlVNR+KN7bqLO3uUISSTRonDKxRs7JcBgQDgZ58DM82w7hVwOFTr15xcfc1hBysnzyWi7tb9kj7rJeH8RGpQzHGxjhKFKamozSjOporqMWr97vZNqytZH7u6R+1D8Ef2O/hyNb+J+oWVt4vu4La4g0WxEEvi7WJI4FZbY2sW82cCTAIWl8tnB3AHqfyH/aa/4KGftE/te6rqOm+Hmu/hh8JbnMBtrOaePVdTsd21I7y+JFxIJEAZrdN0QPGSOK8G8D/B2Txxfnx98TvEN7458S64h1KVb65ln8tgQVRzI7YQZIESqFAO3hRz12oWljp2pG2aCOGG3YR21rEoSKJCAUVY0wBgEZHQZ55xn81y3hjLsNjK+IrwVfG+0dSNSrFSVNtrSCd1Gzdlvvokfoea8XYqOHpYfBKNChZU/wB20nONkr6d2um/VN2Rr/Bnw1ofg9raewIjv2ctdapcjztQlmkXJcPJlolZiSdrDPVv4hX9QfwH/wCChvwsX9nS1+DXiKymk8T6L4B8T2L6vOxNtqDz6Vc29rC8g6FXZcLjoMYHIr+YXw/c2cVzM0ysrOvyxgkgMByRj7vtySQd2M4r1TS/EVxplteRQzRxQNYzhQzfvXEsbLtBB34zjgcg9Qay4jyKjnOHjCs5RdGSlBxcY3cWk27/AGdNdrrRbaePkWd4vA5h7VJz+sOMZKWtmnFpuN97dNX3OiuviFrHjbWNL0jXblpNI8MaVdW2lLCzLbRrcTvI6JghSFwOgyeMg54+4f2dPHt1c6bqHhLSpJ72+hsWfRtMtUYy6jdyoUWFlXJwoY/NjOCAe2fgrwL8OfFOv6ZBrl21v4L8IWMdzNq3izxG4sbBYDIZGe1E5V7qRV5jWNWLHpkdek0n9smw+Fd+/g/9lDwtcfET4jsj2E3xG1KwM8EcjMEMmlWbB4kjRgTHcSmNiGDfw8zmNbCQymlgKHLKrCnTim3FQg4qKUqk22oJLS3xa/M+4yrDY+vm0sZUVT2VWbck1Lnqc3KuWEPie9k76Xu9ND9zPA+l/Dz9m34ZzeOf2qPHmieBdGvTLq3/AAidvcwnxHd3YDNDYtb7jd+ZIhIA2eVyMnPNfkL8fP26fHX7Svi25+Hf7IXg3VPCPg2Rp9ITxK6SS6ze2U7mFria8cCLTrdk+YCGTeEPCjHHm2k/sw/F748eJh8Sf2rfH+s69dXTi8Hhg3883lOWDLalN5js416BIwCRkZIHP3v4I8DeEPh1oIi0TTdK8H+HbLymluisFn5kMGN0tzfyiMscAndvySTkHOK/McVm+GweIilVeZY3nVo001hqUtElypt1Wtetm9bH6/l3C9bE0HVq045fhUm3Kskq842V3d6Q0v1v6H48fA34TePPC/xi+Mnhq++IfiHQ9fttEg07xJPoWp3Mf9tx3oLTxXd1vzKhDMrgkDJ4AHXvh+zD8J9NvJHGgPqN4qGWW41G7e5D3DsXlkcOSrSSudxY9TyTkrXlnxQ/at8E/CX4/wDxkvtOUeMI9fltI9M1HTHV7DbbqUlikmBJlIIxvy2ezcV4T4n/AOChGr3DEeG/CVhYuqgvcXU5mYt2faRt4ZgVzz2r91yR+2wVDETpQpV6lCjKo+TlbfJGVrN3unZWe2z31/Cs6dKnjsThY1vaUaWIqwpc1TmjbmtfW7lsn0vbVn3zZ/DfRNG2rpujWFrGFVNttZxgIGUkEtjOAB82RjnngYq7f6F4d0mAtfXVjalVEjSX1zbwoiEksVUuCCM8AAcY+o/HHxZ+2R8YvEbTF/Ef9mwzA4j02JImUcgAODu6cAcEdT1r5/8AEfxc8Y68xOp+JNZvpHU5N1eykDOTjYHCgHO0jkLzgdM+/Tsow9670VrWeiSVrXb+Wu1ro8F1YxXKmpW5dlbROK2V728r3sm0fuF4g+M3wc8JxmLUPFumr5ahjb2TLNIWHVA67gSzA55yoAIBzz4P4t/bh+HWkxudD0m+1eWMGNGlCxxMD91lHUnqQcHGRjrg/jdc+IZ7kEXFwxJfPUswwOpLMeTkjnt69saXVCcmQvIAeCzDHp0J+h79MjuK3jJNfDZrWzerVlZvl12fq9mYOpFt3Tu0via7Lfey7X67bn6O+JP2+/GN3C0WhaNp+lRqcRsf3so5LAMpB6A9sgcDdkGvmPWf2nfije6jq2oQeIbqyuNbZXvRZKISWQbAqOpUhQvQAYyN33uB81yagSGaNNvPDFucnk8EZA7n8vrRkupzIGUjcQRyxPU5OM9+M8AZyfTjOdWo3FWdlbRK99nbVLtpbur9Ws1OKa1d7q70aauna+lkktH27PQ9K134keL/ABBMW1PXdWvJXJLNcX9w2SepIyQBzxz164B55CXVbh3/AHk5LMS2Xd3I55DMxyCT9M49qy0tNUu2XyYLiTkgFInJYgc4YfL0Ixk8gH0yNWDwb4nvOllOisQA0nygDk5xzxyFJ5IyMgCqp0sRUmnCE5XWqs09bLez8urte1u2c8TTj8dWMLu1nJLfo120vrrvrqzNlu42LtJM0jBuMFh/wEr/ALXPHI54yRVF7yBAxWIs57NyAc+uM+xOcccEgc+iWfwo1dir3cscKscnBJZdwJB4PbgEEYLHPUDHTWHwktFObm6MrM5TYPlBBxktgKScHPcZGDkK2d6eXYmpNe7y3Ufi1etr3VtNbJOydrO6epyVcywdHeqpNJOS1bVrb9PX5PyPCXvZHAEahG4AAAOMgg5xyfXndnsMHhYrTVr91EEFxKV4ykbgBjnHJA45GOATgdxx9b6d4A8KaRC8jaes9xsDK7gEE5wcqRjnpjnHTttOrBZ2VrFNLbWMMKKPm8qNRjPTac47+o2n611rJJcy9rOL0W2mmis1d62/PTU8yef0W17KnKXndJatL7229L6dd2fLOm/DfxVq7rss2hXIJedsDk8nGT0yPTHpXdaf8ELzLHU9RihXALCLBbkgEDoN2TgjJz1HTj2gX8nyrGhRZB1UHIwcAk46nGehwDkj0QSXbNIiscSccsC3y4+bd128cZ9eM5Irujk9CnBScVJtX+ejSsvPe6eztZanJPOq0pWSUFZWur6O17OV9Xpq3vrtY8G8SfD7S9D1PRrOGWR0uXVbgsQG2lgOOoG5cjJ9T6ce26X4M8GaYilbRJZ1hTmUBwzFRlx15BBPUdgAOlec+No5/wC2NHyHMismDJnJ+bkjAzt45yACcA5Br0S3kD267stII1UqRtwQv8LHPAI5AyDwCxNGFwVJVaijCK5WvOystVe73s29Fo9HYvFY6t9XoyVSV5LVp725fitZL4rJNpO9tHqdRDdaHpcDNawLDJsZMBFBaVj8oA2kqvORxtAJyTxXFTST3rSTTTMZBdKUiUEBY2bBAGdu3BxjPv0HLbqCYtEPvq8nzlSS+TwoGOcjnjHXjgA1taf4d1S9eNLWxu5iz4LrHId3JOMbQDgrnqMj9PQhCmrpaWfK3G8btWurX7rpo03re55q9tKSlZtuzTu1u49Hd9td3tvdFq4kkhltLWNmdZIiFxhdoIBKZGMEEY4wRgDuKLJfLhu/MfA35K7QGO09snocHJ9uRjIr1Sx+EfizVPsrGyS0jjUust1IISqHByS+MkdzzxknoK12+HXhrRrG4/4SbxjpdhIWJkjWaOZieWIAVg3A6gegOPVJpt3q2TvZN76R92/M/hs7J+ezvZSoYio4tJ30WvX4XpbXS6sndvseSWaefJG4jVwrMYowCzPwpHygYLHGACDnkcAivor4X/DB9YeLW9fBstPimWaC2mxG9w4OQQp2kAbccjouBk7scBa+O/gf4EkhuLW6n8Q3sRGSqmRNyZIKKQVIznoT06dqoa5+0+11ID4c8L3DgMDH57PHGAMqm2IDZt2qRtHIx1zmplWpUkrSUpJtuNnZ35W7O3y16u9rb60sBWk/ftDpq+V2ly6a633XTV9NGfXWqyWtrJIlp/pJTfGsaq3yqqgKquAAFUDII9ABXzp8ZfDGr+JdN0y3t/KhY3iuy3MqqFjzj5dxBOMdRnIAwQDkeI6j8ZPixrjSpbvbaRbyK2BFFsYeh3KM5xkZPuc9WPjvinW/Hd01s2p+JdQuGkdlCrPIix55GMAFcDP55xnrxzryqRd6cuR2eiSu/dfdJp76r7k7Hfh8vo0mpSqJuL31bu+V+9re17at7267fQdl8M9CsVK+JPFem2YVA7GKZSVAGCmMkkDoeTyA2fSG5u/gp4djd5dak1e4RiVW3OQ+zBC4+7yR8o754A7eB2/hiS8t459Q1G7uC65LSzyNuLdR1JHpnhumAScV0Ft4P02EOGhjYKmUywY56ZbG7r0B4GOx5xrB1pNe7yxi0oyk+6irK3VbeXoriq/VIT1Tcr8120n0srrm8+qtpfozu5fjZ4M07P8AYHggXUwYeVLdoTzxg4KlDkjB4AHUDAxWNefHf4h6knl6LpNjo8LZRPs9uuVz1wzKo4GMHjBG7k1zX2Kwt4wvkRqd+0MihSfUZHO3pnBGR0A61uW7QwwoBHt2sy8BTn34wcjOep6EHNaqjUlG3PZNqyS3tZ9Ve/z9NGY1Mfh6ajy0+is27q1lpZ3T21enS9zmL/XviVrzFb7Xb5A3+tjjleONctkAhSCRjjHzdOy5NWYfA19cQpcapqk8xcM5Z5HZ1BGcHccks5yTnODgjkZ6uQorxSMCg3IuE2ncoAPJHOBlhknI4PGOZrrVgqFPm4DBVwTkEcEnpn1A6c9ur+rrlu5Sk+a1m3ayt2/PtZ27c1TMFJNxtFPotH0WiStra7fzSet+esvCWlQlVdTKRhVDNt3rn5QehJyOSMDseK6my0LSYBxAiMCTkFegGVx1I9uuDjHTnmhfSl1JXpgodvQE4AA654PII6etaMWoTTHDKxOJAm0EAnBIyOM/KOgPPORxmuinhklBqME0ru6evw73vZ2SvqvvSb5XjZONpNuzWq1a1Wrel2tHZJLzvt0KRWkIkLIBIVyCSAMD5RgAYz8p+XgjIB6nHrH7Od1bt8XXcorAaS6qyr8zMOpGDgrluTnB68civmq6u7py6O+1htABGdoyvfgDGGzzzzk88e9fsybZfilJuYhl0xwmw4Bb7pxzlsck5z1PIBzXqZF/yOMBpZfWaadu63TWyt2uvn08zO5c+SZjK92sLLfW+l2tPn91j9ILu4yqeXJhWZAi44yOGBIOODkHI/Pmqkm4bmkds7lHfbJgEbQBjGPXj5uRzWjcxQjAYFVVE5R/42UZ4LZyTknrkAnsuI08tmZTuYhMKRkLuxzw3A9eQPoM1+6ScYu2nL8PZN2VrXurXdt0m322/ndqUp2bWja1aVkrO+l3dvdK7StzJXTKpR3ZgxVSEEiKAQCqc5x/F1HLNk4Oc81ZiWNszbSgcFCdufl5GMHKgZ74BxkkVCwZ1wu4kFVzkBsLkkLg4PGeh4/PJ/EChOBkbWJ7jkHsdxP168dKwlJXtez66rZW9Hqvl6KyO+lFXSsk9L2tpZprrtZ63a2W6diCVU++AUA4Ug8tkEAcFgFJOT+AA4xTbYvESm3BbeuAhJO7A3DcADgEEfUnkgCoDKyP5bSLGilmKjJUN1yORgkrhuAfUHOauWkyXLLucllVgHChd3cLnj5ht6nkEnae1ZU5xcuW99uid/hdra6qyXn083VpSd+ZO7Vo6Jab6dFfT18mToHZhJkhEIVc9CwB5KjHH8Rx1Pt104Ayx4Dj5nPLDIUNkgrnnkeueDk46muj26SKPLyF2naCA3mEZywztGD1BOG+bCjca1AIxC3yllLqVPffg9sHoTjJ4OPSvew6fKnzWva2r0fLG2iVlpby6nxeNg3Vlbo23dvry9rta72X4Xti6uoi0XWjkH/iT6iWDLnOYH5B7AZ4xg+pIOK+Zv2Ugp8BeJBjJPiO8IOSFAM7cjABJwOmeOmRnI+ndTBfRdZWRWLnSdQUDoAggcqMcgtwOp7kj2+Zf2U4GPgPxGAzhT4mvUIGMgG5YAcHO3PGepyMjPI+Oz5SjxDk7upP2OL6LTWGvTW+yva1tlt+g8ITS4Tz7q/rGF1fRpS11v1Z9HQKjDyss20lySNpJHQE7STzzn0GeMZrZiO75sjEahSdo3KSMcHpxgZzyOp5zVaJY2kOVJYnaTkL8q8gEg8EgH0Oe6nitO3eERkujbhKflwQhUbgAR945IHzDIwM9sV6abs21fz0W1rK3ztffqttPn3JybTs9vzSXonfe2+17asdCVDoR+6UKf8AgfUBTyBknOCcHPSpYoZolfmJlZw6j7zZPJAB+U4GCctnH+6KkgMbB2HDs5J52qqjPHUhhjkdcbhnaejhcRxo7FMkEFVOCMAnJGOMAjGR35HIJpufTfZeuis7tWdrvp0+T0hGLtKSu9Hu23pHWz2vvdrVt9EypJGxLMDleAoJKjcSP4FPtjGSOmKnkclVVXUMWVeR8owO/HJ+UnsSfxIh+0p5jZKKoBIUFSM5yoJPzAg8844AJwNtSNLEsLKgDE4JySDvJGT3LDBGccL8x3f3c+/TpHW+9t1or3067eenVCNOMH6xVrq7SceZJLotbNNXu21pcriUJuVpG4LP8oycjoCTt/DuP4eSDVY3DjJUbgwJ24zlgc4JHyhjxyCD7BSBUc0qlHjVCXYEsucA4OST1yMcgAjPQ881U3BIy+dqlFJzhiXB6bR9OAR06ZcsKd2lvb0d97X28u9ttdrFxfNDlXuqTSvfRv3VdWW9rtp7331RO04TYzxli0oZ/m+62OCOTj1IOdw9wcfn98FJ1T9ofxc+0kG91NtoxkkvIB3PIyTnjnNfdslxkB9mEeQKAR3AwWJOOCcD26ZGDXwn8FYw37Qni6RCNqXGokjAO3dLKAMYJyMc44AyDnIr5XPJWzLItb2xyb2enJHR2+TS8vkfd8Lw/wCEjiRRaf8AwnLZ6NRs9lda2089Gz9DxcKQrI2wLGoJ25G4nJ9gSTnBUdSe/GzbXKMjGNiZAq/MQoywGQV5yBjjAOPQYJFc5sEMatuZkKiQnaOWP3doxgEYOcnqc5weLtuwijLKCxZd+ScbRxyB04ycjI7HJ3Zr61tbrotNtH9626Xjd27ar4KnGV9tJNt63torreya0Suk0repuPKMo25mfblmAyoPAwMjGCDxjjdjBHeNJnBZcjdOAAWXpjOMnPGM4UHjuOCy1QnuFZI0V8blGFyNpOMgnaCQpOSOgCnPIFQCaTCoxJdlAiyCQMDj5jk85PI9MDaeDlObUXdpXVtXba2q11ejv+TuaU4SlP3VJ7L3Ypp2tr5K/V2lql67qTnasT7icfKVG05A5JOQCDnIbBxwD2JlMhZMEjMaBdwAJG7aSApznaTyc9cEeoy2uUgh/fzxRgoBK0zRxlRntvYHb8pAwecn+9zzWoeNPDOlxSNfa/YxhQChWRXYD0YA9T6Ascnk4rgqYqjTX7ytGCT3c1Fcyts7rpptrpa1j2KGBxVT4aFWSkktIS0furTR9+mzXK+pv3szEFVcFYvvlcjGTgAgHnBGSR9B2FU2ulMZJdG2IAcAYLY4IC9hgZBzzx1rx3X/AI4eBdNZWF4bnOT5kDxBHGed245HPBOOcnPFeS6v+1F4ftmn/s+wtncNmOSSUs7FQQCEjDLgjBAAYknpg151TO8BRlJKvGTtF2hLm0VkkurS+Vml2PYw/DeaV4831eVPrzVFbRta69POz69Hr9ZLLI7DaxdgxLgL8oyODjBJJ6YwMj3AFeOeKP337Qnwyjk+6dHumkDfKNu0ZIyBjIGB6kcZHI+a7n9ovx9rrzJ4d0fUpHkJANlpMjKFPQJMyKCoH8RB49CcV51qbfG/XvFGlz3ltrNl4ju7SQ6NJcEw3K2g++LdFJKqBjJBPUE7Rk15GJ4mg50VRwuKqqniKE0lB8snGpBpJtPWVlFeXR3se/gOD5UYV5V8ZhaM54WvT5XO7hz0+Vyte7UVrLTS2y0t+qt/p2qaU2NT0q+sGHyMTC7xfePIKgg4AwQccgjkDNYU8ySxyCKaBd0FyobO2TBjfhlIypyB26bj0r7TubuC5Qw3UcU4YO0iXADxk8dNwxjAGCBn2JGa4DXfAnhHVYJ5m0+OyujbXjLNZP5ZEiW8jAlAQCueSNvAwTgDJ+i/taXsZxfLJuDVlbskr9e2ny3aPzihhv8AaKDpwnF+3ptdU7SglfS++3yPxN0lJP8AhZFrvl+5q2oL0xn96/bgEEA47j72T0r79+Fcqy+FmQqhzqt18jldjrlwVKupAzjt1H95sY+BLFWj+JjIRlYdc1OMFsEkLcOoJbnDcAkYycZOR1/QH4MadqeoeFrue1sBd2tvqt0kzQEGZWBJJKEAnpxtyRt+bBIz8LwxNPOazlZxcJqz1V3JX2vZJp7Pzbvc/Y+LnOPD1GynGUXQSnG6sko6J7pN6PbV+bRN4j+H/hLxE7Pe6QlvdksY72xHkTbscMzJwQMDg4zxj3+Evjx4OXwg2j/Z9VuNRtp7uV41uwDLalMN5Yb+ID1OAT0wAM/pRcRiN0WUTQNls288RjHzZH3jgHr6k9e+APg79q1SIdAUIqf8TS5GQ29ShRCGJ5+U9RnbzkHIAA9fjOnhoZc506UI1JVI8zja9vds/dfLd+iv+J8xwPmeIr5p9Ur1Kk6apycYTu0nFRStJq93dO60Vtu174e3lrD4R1mbUVE1usNpJtVmV0VQDlCg3Bgfm4yDwK9G0jxC8/kTaFrkF/beUuNPu5A5TCj91FI22TccHggdsjGCMj9mvTrPV0sbK8jgube5S7WWGZfMjkSOJRtkjbAOCxwAeM9Bivc/EHwG8LalJLcWavot1k+VcaazogfJKsIFIHyt95s46HvzwZBTxf1FVcJe90pRcrczSha762vq7tn0GcYzA0cfOliqbTkk4zaU1yu1m4tp2jfdPTXTQ+aPjdrZ1TwMYrixlsbqPU4gY23tC2MAFWyAMlVOFPIxnjpwvwaST7VoEmAETWIs5IGPmDDJGAP4cZJ4OB8wIr0n4yfDLxN4b8JvNdeKF17QobqJFhuYit5FKT8jK+PmAGB83HQdSccN8NIootAjut5gW31KNnlALEDf13HoFI6kccgjH3fIzOtif7YhVxEOWpCNNOLvd8rhrfvbXVWtvqtfXyiGHqYFxw806dSU7yu7LnUVZaJ7tpp7J9rN/pF9qiYFY5THIDnduXGMZxwcngZzycfLjj5vGPjZLLN8PfEjSkTfJBGCzBigDA/KpDbcnGSOy8YHFcPZeLdbtvMNvPa6vZJKQzQyq1yiZwCwLBtwBxgDI6e5peP/ABpYax4C8RWTMIbprdGWGUlZMRsSd0ZB+YAYXncBgknBNfR4zM6eLy/E03BRm6E0k1fmfKkno+19lo9dz5ihleMwOa4etCV6Xto3adtHKPRtvRPV2d79UkfNfgGWN73w4uz5Rq6iTG4FlMnOCOpGVII7jk4zj9GPCHxT/aC+DN42vfBv4v8AinSi1z58mgzavcQWoaL5lihdSTjAAXrtIGMcA/mt8O5i+oaAgBy2prKC2ABiQDABBOAeepycFuwr7ztroSI4kJZllZVZWVlXI6gZJXIA65PQAnnPx2Q8N5Zn1HGUMxw1OvFJON0v3b5Y6pNO2lrX3fZH3GdZzjMpeFr4apODnrUSk3GWkHZrfvezaVtNLH0J4I/bSuLbx1qfjH472Wu23iTWHjkuPE373VbGW5IEclzMWDFWZCzFx7j0A+BPGHibRte8eePtX8P6jbajpWs69qepWd5H8nnw3EjP5vl8FFOQASRtyCc8V9AXccN1C1vPFHcRPbzFo50SZGHkt2Occfe9zXwDo7LaeJtejtgsai4vY0jU7Y0jE5UqsZ4AABAHGSSCR1rxMy4PwnDmKhPCNuNdOmoWSaSatH3UlZXSSVrLZK56GU8QyzyjUjVjyTpOMptap2cXfVXTeia2V/u/ru/ZU8H6zq37M/wtWyvd32rw4XKI5TKuq5O3gHkZxjBABzjk8d8ZfhjqfhK7t/NmiuDqVhcShIW+aNkt5QSewwxGVzkfd7E1+cPwd/b3+M3wA8LeEtBufDun+KfB9poltDow0+Ef2nYwSxq3muoAMpjIB2kjOAOMkr9u+Av2ovBf7RsGj3Xijxjp2k689zNp66BcxR2OpW63GY1doZisbIN4G7eMHcVHNfLZfhcwyLNp4zG4ecMHV55cyhJ3UmmndK6bvom1ZJ7mubYahm+X+ywlWE61OUNHNR5GmlJO7bTe2uuje1j+dLxT5knxW8VxvnzIL/Wo2LBuvmkYJyMHA4AHXkc5x+vn7I094nwm0Q211NbPuulBik2oz7gACO44zznjPsa/N39on4cn4Y/Hvx/pY1AanHNrs08FzEAYzbX6STRgOCY2IAAkCuMHkEiv0j/Yq0a88U+CPBfhfTpc6hqOtrYRqyEpHJeTrHHLOy42RguHZjgYxyM8ehxHmLq4GWIoOUUkqvM3aUYqzXV2Vnrs7pp67b5RhIwUcNiVFtKFOXNaUbuMI9mrdL23vte59B+KodT17w7f6RrUVjqlhc8SGVVLyKG+XO7ByvKr91j6cEn8avj1o+naR8bpbHTbFrOC30S3RLYDiMBXOMqxAUksRnnHX71f1qz/APBMrxE+pxeE4/j18NovEstlHqN3o+o3K2otZJI1lSETyALIF3bSRkHB6YGf53/+Ci37MfjX9nP9peLQvGOreGtdvdT8N2t/a6j4Xv477TXsnV1QOy8LLhfnXC9umK/O+HuM6eb414GOJ9tKnFvk97ni6dk5WktLX+JNNvTVH02IyOhluHWIp0YR9o4L3Ira/R23vrfe2/Y8Nbw3/wAJP4c8E2w0+W9uLe2vHt4UhE6zuOfKKEDf0J3fMenIr5v8eeHZvDNtqH9paQsUl1JOY7Wa3MMkDR4yw4A2qRwq5z6HJI/Wn9jj9nD4j/tCWNvbfDW70W01PwlDJc3J1m7FrG7Tj5YYJGHMrdPLGT+BNe7ftTf8Ez/2r9d8Gfarj4d+GdWOiaZdXc0/h++je9mQIzyXEg2pkKsbF+cMONueTzY3jmnlvEP9nPGYeLVSHPTqVYxqRUlFJuMtNdLLqte6PocNlFPEZRGvKNpuDcZae9ZJJXvbfo10VraH80sEE0d5Z4jCI0cboG5IDSq3y4HBwcYPTnHAAb6s+NVml54V0GK7E0lvDpViwELY8tvLX5hjJHOMg8kZGQTmvA9W0q60vW30y8ha2utI1AaTdQyAhoZ4LkRzRnudjoU49B3r6W+KrAaBpcC7C32a1g2kMEZFhVhkn13HP3T0PLV+nyxTqwoYhWdP3JO12mpRi007rTtZJNdVofGexpRlVp8rd21q0trRtq0/ud0tGn7rPhqG3E92y21xI7K7qkcindsUHJLAYChQOTgkDAwOvT/Dp9nj7w0GQoItatl56D96vRQSByN2TnORzt4DILIW2pgRMrB3kZ1Ybm+bdlSCM4zgDjp3wObfgNN/xE0dCw2HWrU8jbt/fEYGDt64Awe3UnOPVo4mEuWME7vldmm3uur2S2eqW2vfyamFpJuUoO19rc2tuZX8r2d90tnc9C+PW66+JuuTLE4RRCN6rkM4QY56AHGOvJyeK8qF15SFSxaTaCCq8hl6biBgHGM5xgDqR19x+Lt69v451y3EWYleAFmj8xW+XavBXIwCDnGB14br5w+nWWoRDZEtlJHGzmZRgPjOAyE5DEcDJzt5z3q6eNVKUoezbbduZa62Se68m7vve+uuc8FCcVUUXdRuopbaKV7WbbVt77rXZHrH7NyMPF+puSQf7OlYbhgAtG3OBliCOg6gE4PBNeX+LEjk17XIXzIr6reHcvDZEjlQTjIHXvz6gkCvVf2ekMPiTUmdt2zT5VYg5IA3orcEZyMY5HXC7smvNPGDIuvatEkPludRuHEmCPNUyMcgkAcc5xnJBBwKnF4mPLSk07atq+t+ZP8Aro00+xthKTlzxjF3vGWtubVR1sls3r5X6WRxqWyKsoMTE7S6kkg/L1DY4wwyc5ySOR6fZH7N0Xn6BeRqNpZb5pEckZAgfCgjoSMgHI5yDxxXyHdXYKRAZOU5ITBAAIOT0A7E56Zxk19cfs2XiDT5EJKbor/BODuBgfCkdCegGSSWOc+s0sXGanZaRpNWeyTcG9Ndbuz3217GeMwzgqaTfM6kdfVwW9k3ukr36dND5f1u5WLXNWgbbHC2pXYCnIJCzMUAYgg/eAwTwMH0rvvCV2bu5095QXeKe3hifbjKbl/PA6kZGMkDOcHiizsptRuJJtN8yKO+ug08KIjsS743FcHjJyGAJGBnuHeHIraLUdONs5KmdSYixAChvlUgc7hzn1wcDmvPliHOF7tSUkl2WsbW01u3q73tfXoelTwVSlVhLd3i01ba8Xduz97XS7323sfvd/wTymSL9pD4OFcE/wDCQ6UBxgqCiZ4GOCMZ5xtPIBzX9wmpg/aZlAYBjH/eGB5a5/2csCNuAOMEDNfwz/8ABO6V3/aF+DzbFBTxHo4BJPK/IMn8D2ORjHHf+5vVlxdXBwSWIG4Dg/u1JGOiknAzySOMkcV+H8fNyxS7NRSXm0n8trb6t9Fc/dcjjbB4KUlb91JdHtyXt0s22n8+xhEKrFxjGSfmySSBgZ24I7AcDjHTAwHCqWJIO3c/sfvcEHg8EYXvkdMZeyZAIxjABBGDxk7cevXGD3yOeahkD8kgAMOOck46cdCT/tEepAGK/Ooetuqtra6hs3ayet47q3k7+9o5XWltdVbqtF56bXXotByS4VhnIxyS27HI7lT1OM49Aeo5vLeyGKS2cRz2kilJbO6Rbm2lVwyurwzK6bXJ2ngZGQM98zBbb1A6jnG7JyMHHyHoCvXAA44pNrqRyBgjAA4zx7dM9cg4znnrXRTrSpSTp1JRkrNNNq7aVttdb63fXrpZVKdOuuWcIPRX5knaKs1bTyX3d2j4t/aB/wCCc37JP7SNtd3PiHwHaeCPFF2r/wDFT+EIEsd9w44mvLKNfLuBuIZgxCk8MuTz+Bv7SX/BB/4zeBnv/EPwQ1e1+I2gxmWeK20x1s9fEKZYCTTNwhZlG0nLAuAcctX9YvzAYOBtPXGM8/eJ5JIAO0+hPA7yxXM0DhoZXjIz80bN93uzcdCDgZHPIwOa9GlnM4WjVSqpPVp2m0lFtvS262aTexxTwDTXsZ8qtfkmm4200V7Sjv0la3Q/zmPHvwb+Knwr1W50j4geEdZ0y6snaKeLUNPuLC4jKkhiXkjWB2Hcxs444ODXnaiKcERTCKQZzDMgWYvgDaN20sFyCCMgHPXmv9Gv4mfCX4R/GzR5tE+LPw/8N+MLSaKSEXl3p9umqWwcENJbXqxrIki5yGwSDg9DX4p/tJ/8EJfhx41Goa9+z54tHhvU5GeWDwr4kZmhDk7kht9W3eZEC3CKEKrnqRwPUoYzB4n3oz5JPRxlaLv7uyd03e91G++yVr86VSi7V6cuW1ueKclpyPVxSkrNJq68k2fyXT6PLLv3MYx6eZyOxbJwDx0Gc4PqRWPc6G+SVZ5AmCzFiu1QMYAUklgwznAHPqcV92fH/wDYb/aa/Zl1C4s/iF8OdYl0aN5BDrNrZz3unXESOdj299bxyEoy4IeQKO56V8iL9haVoZhcabc7sPDcgqokB2lSzdOcjaR164AJHU3UjFuPw6W5ddLq+l2721V7vpd2Lh7GesZWbSV7rWyjtLVX6PVO1+hyENgyfMDuCryXIJ4BOWQjKgEHBzlcEnHBNlbYcFt5B4X5QecjBHzcZ5BJOMYz1rrpdOdVDRpHcIxH71ApyDgBgoLZz1H581SktZ+E8pVABVGXK8HGecZGMgd89QAa4Jzk5NOT31XvK12tV2WzS6Xb6JG/sor7N1pum77bJ3t1Wl76djBa1bDcMI1GFXbyD6HGcgA5x6j1ODUliwuAu7k/MwxtBJ3E7c846Dvx1HJ6L+zZkUh2YblxuydhwSSB0wDu64Oc5Occ1javE5bZheMMBvDAcncMdMjAIPA3YGTg6QrKNkmm9Vbvor699NLbWtbQpRjCKXIt7p2818+mt3s+2/KCCRXZo4iY/lLBgS2OnGcE9cDH3jySBV2ISqygxYRh8qhvlO45AJIUFR33bSOSBk4O6yllzFkAn5yAFJUdRyefy9x2yjRsBt5GSAu5QSCQe+cjJzkjk55HFaRxGz62Ti07dFfzW/xNu5l7CL1um0tmkrv3dLaXWjejV2l0scpqvhnSdYVjf2MKyEf62PCSk4wDlAd3OD0+pzmvPrz4e6jYEz6NfF0X5lgclJQBg4DDljgcDpjrmvZ5IJWKqOShJXYpGBjqDjAJ/HnJ4xxF5W5lklcJk4JLklfmyCTjaSewOT65r08LnOKwztCq2lo4T96DTcdFd6XfS+r0tsn52JynDYm/NRUJWVpxSi72i72vZ210u7b311+f5b3ULXNrr2k+ZGmQJZIyrgggb1kVSDwMryOOwNNi0rTNQRn0q8VHb5msrsqeTwVUnn5jnB6qMgE5zX0FNa212jpcxwXMQ3LslT5uAPmGR8pIHGcD0x0PD6h8PtLuQZdNmbT52OQqk7OSSBjjDE8/rwMmvo8LxJh6seXEQ9jJ29+L5oPZ3aV7bWdtel9Tw8TkNeleVCSqw35Xo07q3TW2trW3PGrrQbmzmZ/JmtZQTsnhYlA3UbGQ7eDn5ieMZ+mrp3jLxbopTz5F1eyjyohuws5AJ6CRiGXIBUE4GM44rq5tN8SeHg0dxC2o2qEguF84EEjBOckAjIPUjoByBVH/AIkeogpMH0y4YkEgfuyeVwAwBHPzcKM9ehBr26GJp1YqVKpGpG904y5tbpJtb30V0r2bPIqYepTfLVpyg03pJb3S62Tvp5K3W9jctviB4V1nK6jDLoN20ZjZVJazY4wBwCIyWzyBtAGTnNd74X8a+JvBZtta8IajqWlX1hNHLY6t4fv5o5WwQwdmhO5CMqSSCcnB65PiV94SleNpIlg1GIjKyQlRKT1yFBBwMZXgd/l7Vh2k2qaC+dOv7myYfKYJi3knnoytlDu7kKDjA6YFYY/BYLM6EqGMwtHE0qkeSdOrCFSE4NJNSUk/davzJprZ36muFxGMwNSNTDV6lNxatySmtfdtaUXfRLZ3/wAv3f8A2e/+CxPx28ERJ4Q+KMGl/GbwTPHHFqOmeNII59QFmwCTRJezxvO22IFVAI3cZIIyfvjTtZ/4JYftq2Vxb2k8v7N/xHu41Z47gIPDc184C4it/wDUFJJs/vH8pUXOcnp/KhYeN7cXGfElkS5AQXumkq4BwATGo2sNoLEkjpt4OM9rpkt3Hv1PwfrttcIzF2tlPl3yg5LiSA4YgDptbOQcEc1+H514D5HUxFTNeD8bj+Ds3clVVfJq06WFqzupJ1sAm8NUjLWM0oQbTab2t9xgePKkqccNnmEjj6KfKqkoxjVUbKLu5RlTqrqvaRbVk01ZH7efHH/gkp8c/BdxL46+GcunfFrwCGMlhrHgK5i1KcWqBmWS5sYJGWKUJhvlBYY+Ud6/PHUYfiX8Po5NE1TTtYtpotWkdrPUbae11GFoSQSonjVoz1H7vIZcc9qPgD/wUI/aZ/Zw8RaYvg34heIbLRrOQS3Gg3txcX2j3h3ZKTaZdFogGGVOCRtxx8oFfrn4X/4Ki/sk/tPxaV4c/a3+D+k6RrlxM8V18SvCqRWc6PJmPzbkxRRiHLklgN2ACMkEg+Ss78V+Aly8Q5VT4zyqhq8xyePs8y9mre/VwLdpy5VeXs7u6unqkuyeUcK8SScssxSwFeq3ajW5aV5OKlZqpP2Uk7NJwqrm6Uz8uI/jrex29hpniiwlgtZdHlsZ5bSVkN2oDGHz41OPlJ+YMcsRnk4FfPmrana+JfDN9FFPE1lp95BHDDKihkhadnORg5RVIwMjHJA7n95PE/8AwTV+D/x4tG8Wfsl/G3wd400pIbuaLwnqd7DFqRcLvMEcjsJ55ArqiloxlxtIzivx/wDjN+yn8TPgPfeIfCvjXwjr/hrVDOJYZ7u0mOnSwo/yyJdqrwGF8gxksCcHAXHP6Fwd4ucH8Tt4fB5jDCZguVYjK8xjLB46lP3eaEqFfkm5J6c0OdXS12Pjc64EzfKm+bDyrUYpSVajFuLgrNN2V0mnq2vmeb/EP4T+An0bSNQ8G67Cl5eaBaXl5Z3ThYf7RlDR3SJcZGw/KGWMkcnp2r5OXRtaLXEUBEyWi/vpIpdwQCRlBwCSVJGV7AnJyQQfQvEcOv6bo72MkkjHzY53WLmOSJfuFMHgoQegIxuJHJNedQNfabJPeWNxIkksKb43Y8nOcSLgkhWOQT/ez3zX6rgakHzT5lOMknFxkndXi07N622stXp0Pia1GpTcYNNSh8SlFKT2Sata7b02bX4nV+HdAtPEXjH/AIR7Wbae6SfS8tDauyz7wEaNgSBkBmyeuQeuBmv6N9J0Kx0r4LnTfD5e70nwZ4O0CS7juVjS9sZGiQkTANuZWcgKcN/ePGSf5xfD/iW/0vxbpXiqGWL7bvjtFbytwZlKArKvAKMBg/7JYEcEV+5GiftQQv4bv/EEvhLQ7nSPFnhjTvBmtWlpKUniu7eBIv7Ra1AC/K5LowxufI+XGa+Wz6ONp5vlmKwkXVjGsuelKSjBx54NtqVm7wbdk29Ftc9/L1SxGWY2hWl7OSgpRqLV6tOCaa5nzLeysr+t83wvbNrXwN/aDkkngxa29jcBmPLRyXPmgB8qDtDMPXdz/Ca6/wCAura3bfCrStU0HWNR02cTxxQBpHewLQqq4Ea/KgYLktwBjJ7mt/QPDGnJ8Ev2gLTQnSW3ufC1nqMjSgqyR+UJSFGWO5D8vJxkZIOQa+cvgd458X+EPh/Yf2VFa6xoiSlTpl1Hu3Ssu0tCW+UMpPHJAA4BBGPsuEaNLHZhn9GpGFTmxFGq4TinFOVCk2ldNc0Vo337bPwM2qVMPg8sq80qUlQnHmi0+ZRqOzeiuuVpuzu+myPqJfHwS88QW3xU0EaxHq9pcR21/FAt1bQyGFgZSrLiION3z7wQfm7YHpPgbwz8LbvwNpr+AdRRJFby721MimW2nkfdIot5dqtEGYghVYKRlQSK+fr74qeHfE2jX8Oq2o0LU2sLm2Nlcx5tpnMbAeUxGVYuw2njAIA7iuz+D/hW38ReEdFTS5IIp7eOWVpdMlxfJKs3AkCsvmKoAzvycZwBkNX00sqlg8Z/sVaphPaLRQb5OZ2+KD02vqmlFdG9F40swjXoSlXowr8jilJK02rLZvZ79b7Lrr6rq/gObT3SaG2cmaeL/S7M4Q7ipDGP5SjMC2Q3ALHkAYH5VzzXmjftsyxxyxtcPfRlmYkFnS0YJ5nzfeB+8pHU1+q+g+LvFeg32r2OtPZ61Z6XJ5j+euLp4oT/AKoqcmSQAcdOcDNflb4v1vwvdft2nX9PV10q4+wXM1vc4ia3e7g8hy8ZYBCk0g2kkHAH3WAFWqmJhWpQxqVSnRmpurT1UoqS9pp/NLXpfvqtcqdOnWpzlhnKnKrSceSStySuld9nd2fW92u7/XTwX8XtL0vS9W0rxxpQYXsbRw3toqywqiP8pmgPylepdgM4BC5xivE/jH4d8JX2nnxH4XmgdptS01rhLCQRhcup/wCPZSGjlUkE4znaRxgGvWfFfwhuRpi6z4bnTVdPisLe4vrXg3ML3UayAxMCQwHAyCeDnjBx8T+NDfacSLea6tXh1S3WWGRnRlMUihWKlQjYIAJJ28YC4yD7NGngcVL6zg5qMZNJwT1T00adnFp9L25lqt0vOSxWHSo14tcqTjO29tdXbVXXW99dj6kk07WP7KtLrTdQdpbO1mEkbgrcG3kjMckRb/lqrKW+VhtPJ3KBXb+FdT8JfFL4Ja78O/F6wW/xa+Hk0msfD/xBPCfK1bQbhj9o0C8m2kL5THZCsjYRioUrkV4H4b+IGtacj2+pwJf2zBSJoQon2SLlgCBzySSRgcnPCgntPCPjnRvDHii6v7m2s59I8U6FfaPqkd4BmzkfE9tdQkZZJIp0iBZDk857E8Oe5M6tPD4yDl9ZwlSnUozg2mnCUW1JXV4yV4yi7p311R6GTZnKjKth3K9CvCUasalndvTmSa0kt7pfZ6ann2lmbQ5IFls57O5sxcQalp8ilJrdJVZWZQeZIiCWXIZcEMMZBqrN4fvdF8feE/Gnh+a13rocktk8rK8F35Thbi1njyUd1Jw7MpIIHAPX6Y0jTfCvxw8PWj217YaZ8StFd9PjmhKxW+uWsBcW/nKMLMJIQdrklyzZwOp8e8E6DrHijU/E/hK108SeJvhbqF/qtxpiqWkl8OXDltRkjDEEiGQRBApJwQRkZrHH4/C11l2IxcVThQrwpYqE1pGE1FKbvZcrajrrvbQ9TA0K8XiaGHblJw9pR5bNSs420STduz3t3LOvePbHxTeifxHYR6NqqRxWsUkduv2GUquCysowoJ6rwBkYOAa8p8BW7SfELxU0LFoBB8jxurBmJXHC5BDckd8ctjBruby3tZkHmRyRSvNIXsL9GilhJfCgB1yFOOO2OhINeS+ErefTviV4nNk/2cfZS0PlOZIY3GCPMTJ4B6DnHB4Oa+qhGl7GjDCSi8O+ZwUXdJOKaT1ulo99NlvY+cxaqupOpX5o1VpJPrK8bt9nFO+q2006+4+IrKWy1rVpmQzrNpFlI0QOdrgA5bg9QAMkYyBznFRajKkeiS3CIQ91p07NHKxKqUhzGqMrBoyvzfdIbHA9BVv/ABok82ow+ILby7230m0tmvbBC9swcYDOVX5WI2lshQvIx0J2bi3t7zwvBNFPFeJHaSPiIr9ySJyA4HzbuB19/wAZjRo1IVI1IxmtVKMoqyu4pq7vprdx6We2ho5VafJOEpQScZRafw2a+1r6pa2VtL6Ho37J37RvxH+GenaLrOka0NVii+3aZLo3iJn1DT2sRMwW1iM5JhBG4KQSV4x0FfQ/7QPin9mH9p6Xwg3jzw1efDPxtZ6hZWV74g09v+JRrLXjhJkurmJQwghBJjQRkJkEkAV8C/CO1N14HLwvDEU1HUUWN+SW85yAM4OcnDDPOM9Miq/xGM1hDpS3d4Y867pixk5ZUMsu1jtfHBALY4I5yfT8x4n8O8jzKSx+FjPK8xbl7PG4JuhNS0XNJRSjK6uveWu3r9nkHF+a4atDD1p/WcPpH2VZc8ZQukk7pp+UWmk9bKx9dfFz/glrq8ehXvjr9njxnY+PPDtpbQ3D6ba3UTatCgj8yRbN4Wd7g7ywVJwjbeCAvNfmnq/h34j+Fr668P8AjrwTqtq+lFwpv7KazvHhQEtLG7IkdwVG4kpIzkLuALHA+7fBHxj+Ifwg1WOXwT4k1TSI5ZEu5LRbiS403UI0RSY7mydmQxuxG48AZKkLkGvrPxT+1/8ADv4xeEx4S/aE+G2nu0qpb2XjHwxBEL6089CksjRxojwOMlmYM23kjqK/NqlfxF4OqKXLHiXKqcVrSvTx8YXV5Spt8lW0dLp3bu99/u2+HM7jThVcMsxdRpxnHSnJySdpJ2it1qnGyturM/D/AEX/AIRTxKbkaTeMJI/PW9sb5lISXlGjeOQbSmRtZgMYBK4rxr4g/s7abf3cniDwhc3HhPxDt8xp9JlZbWeVQXH2i3UhNjsPmO0jJ3EdBX67+E/+Cb2lePPC2teOvgH4703WYZtdvTYw3V2s2qQI25k0y+t3IkUMflWXawEhx93p8SeMfDfxF+FPibUPBnxB8Iazo2oabcmF7mbT7hI5IQSokimKGKWBxlkZ2BCn7vYfovD3F+R8Sx+r15fU8xS5amFxUXQxEZrl2hO10mmtN+tlv8zmmT5hld502sVhm7KvQanB25X7yT081JdWrW2/JbxtD4p8M+LtOuPiIly1xFPYZ1i1i8y2vbCzuEZiMAYlUDLcj5uQTX3/ADfGDwVe+HoNS8J6FqeuGKyhka7juIreHy1twJd6K6tCYyGByPmIIUjHPjH7Q1rDq+uaVHBLGLRYxHGJRHJbSzuy74mIJC7hkuDjHOCK+bpvCd9pdy39japcaDdTACWKOVptIvcnmHyN2yNX74VeSeeMV7NShUw0moTlOjeyUW2teW1lqtXaz2T2smmeSqWGxKjUnBQqXSd4ppu8W2r6p3u1fva+py3w/wDENxJ8X01+3giM0Ov6hepaTSZVFd2KqXXJPTkkDO09c5r7ru/jF4plhkkj0rTYt8+yNmfIO4bGyTwMAjk8HB4zXwzoOj6x4b8RXviG50E3ce4xytpMglCZJDzeVgMBtJIAXPC/eHFfqB+xjr37L+vfEjwxpv7QerWlp4KmkhUSXzS2kcOpPKAtvrRVfMjs2OIzIA3LBiODWlDMa2X4OvObqNSbmqdNc0nblSUU+vu3d1pbfVGWMweGr1KM/Zxm0lFSSu/s6LRtarTTTbS9z8obHWrnQ/izd6w0Ns95Z+I/7Q8ssBGz3b42qQCCmXH4DGQeD96Xfj74g6vo+sp/ZejR2Emk3cUrCVi6xSQMzGEkcyBCcgZyf1+Nf2iYfCGn/tSfFqw8CTWa+EIviG8HhlraQz2MukSXYe0NlM20PAU2iNsYZeSMg19h2l3HF4TntZZFllfTL3YVTnm1YFSwPvzkDBx0q8pxM6+FrTUpxU05uElaUVKz1TtZ3bu9PJvRHm5lhIRr4flUItOPvOKUt46Lon5O9m3pe6PGv2Qfiv4n+C3xl8OfEfwZpVnq+t+HV1C6jsNRBe0nzMysCoDHCkkqRyWC8Anj9Pv2yP8AgpD8Rv2rPhBY/DT4h/DXQ9MtNN1Wx1iLWbJrhrm3lt8RiGMPCERCM7gDgqRnPFfmL+xvoWpeIvinBpumW4ubuey1X7NA6KV/d3RZs78A4GMqCQMEjAzX6e/EP4Va5P4N8UwXVlpdrcWOmre3autuLgQIQTIEXLFyueR+OOo+LxLwFLMKOKxMIyrXjGMle6s0lto0t9Vpd2aPqHh51MOuRXhGnF2m7JpRT0s1fbR67Nq7Z+T3wG1i90b4o+I7rw1b2DX63FxeWy358y0a3DbGgmiI2nLlThmyPwJH3N8VPib8QPF/gPWdE1v/AIRu1sj4blgu4dM06GB5QoynlyJkhwQq78nIHLYFfIn7NfhyPU/ilrGk2Aimu9du9R0+xedS0fyzgkhh868jA2g9c8MeP2p179g/XoPhh4m8U69qenaXaWvgS81V1toZLwXCJZvKEJ2oYnI4LEjGDuOOn1GH4pyXJKEsJjcT7OviZtQpq75uZxULJaNc3Le901p01+cr8OZhmmMhjcPh1KhS5Oeenu8ijKSu7ddX0b12dz+fL4CeHbvxB4v1myim1i1SGxR55NKna3mdUcBQ7J/Afl4POB0HWvrPxz4Bi0Pwz4lvGk16eY6FcGOS/v5ZYg7R5PmIxw0nHseh4IxXqv8AwS8+Bngv4nfG/wAe6F4i1DUDYWfgu51OC5tpobcmaK5KIjGaSMOAB2YHrkZyT9//ALZH7P8A8NvBfwt1bUPC7a5e6m2kalHK1zPbyWRMcbYOIppGBYD72OMD5jtGPJXHmWYPMKGSVZVHicTZwUYuUPfUVFOSXu3Ut+7S8juxXB2YV8PLNocio0IXknK8vcsndJatXsvwP58v2TvCsPi3W/F9peS3kYt7eKcLY3T24lYPIV8wLgMMg7snkZUE5bP2V46+G9vofw0+IGoyW05mj8MXJV5bh5lHA2sqkhdyg8kYyOCRxXkP7BmjWt94t8fwtB5ckOnRsRnAJWWQZ9TzxyT0HHUj7h+Plk1t8HviG6lcR+FLnCqzYCqV2q543Ef3QScAluev6bgXQqZS5SbU7Ss76v3km3ftdX3SvfVs+CxNepTzenSjJeztTvZx956K291s76rdLex+X37JPhXRfEN94zfV9OjvxZW2nyW32hyoRmLFiyjGcbecjGBjjOT9cfFvwz4e0v4W+N7uy0+wt5j4XuAzRqFdfkwArZOCCMAjuW5ODj5v/YpdZr/xyoXLJZ6c0nGASN/Tb2/pk9BX1x8YIo5fhZ4/2W4KDwxdMAxwFIXnA9Scbc4x2HTN0FRWVTacefllv3urPTsrq+iCvOpLNoWnolB8qbUW7p669tGt7pK97n58/sU6LpWuaj4wh1KzN4sFtayRKzk7Tkg42gAgjA5PIwcYOK/Q7VfAnhKPwzqkqaPbRXK6PM8czAmQMMYK4/i5AHP1GOvwb+wjEDrfjWZdwEVnarsUZx8zYwAOvHfJPrniv0b1RHfw/rLmXBOkXO0OArknbkYBABOQOg5O3APJ7csqxWRzsk5uEt91dx1va+z6O91pfrni/af2pCLuorkSinppZXe17q2+vbq1558aPA+jW3wGu76GOzsr59K0srKlsqy/O6biZMZZm6NyD3xXz/4q+GfiEal8Hru2misdN1abRYIL6Nm+0R3KRxubheo+X73TkjGRnbX2R8erFf8AhnO6klUSyjSdHG1BwuXjKn9SffqO5HF+KvFfh/wp4T+EV/q9m9/Jo82mXMlqpV7hbcWcJDQAcDJBUAkEtweSK+UWIlLEpu2sad5K+i5uiel2t7O9nqfTVKPNhWk7S5W009HdW1TVtt31/PZ1b4beONAnn1yTW7fxGuizx3ECXaeVO6uVUxROMllOSdxx19M1zPjrX4de1W9XxboItxc2OnxjTdStvPt5422qzxTkNhDwQcg7c44AJ9Yj+OvgHx/4Z8WW2mag1rqtvbMbfSdRVbW+baQRsVyoZU4AKnJGCMfdrR+Lun/YtO8Aa3JZwzwap4e0szRXBQmTAXHzY4JJ4JIG09QeD9TOnRq07ymmvdlaTUktl1u+17puzPzlSxtDFKmqc4SlNxTV1tZp2SUWrprS6s737fmT41+BvgvxVY+M9Z8Li30DU9Iu44baxgCtZuCoZiyE/uQWOBnPXoOCPirxD4ak8M6jJper2ji8ihjZ5YgGiPmAMj7lJBDZBbk85UZwa+22+MXhHwtd/F7Tdb0yZU1vUgml/Y0eXyJIWEciOzfLGRtbBBO4DPTBr5I8Y+JLDxHrF9d6ZDdfZrlLWFbW5BaSJYo4gzO/zZyQfkHZsnkAn5HMMFg60Oem40qyqNKC0TV2neNlo31XRs+/yjEZlGrGFdOdFQjNSl0laN0767rV9mtLnmMWl2NzrEcL7JYGhLELty0gyANp6nBGQck4xg4rX1vSrW3s3WC3gSVYlKBVXdjr83PXBB4wBnjPOcxms7HVWFzMlusUTOgi+aRyxIKjKjkA5I/3RnHBgvPENkUeK3gnuyQjCSTIUgdj6Y7ryo688Y/P8RTqRxEoX5rXT1bV7p+u6sr3snvqff0JU/YXmoqcut7dk1r72knp0b9Eelfs277f40eCA20E3spIJVVIMe7bk8cg5Azk+lfsv4hivb62udlqFSAt5cuTh1DfdLbdmSBnORwTkHGD+EnhqPX9S120k8M2t0ut24kubYWTmO4j8sMXMbAbt2A3Oegxjpu+gdO/aG+NHg6E6Xf3WpJbAESwa5aPOHUDDbZ2TOM5CkEj5hztJI9fA42rg6LhLD1p0pN804RvZqMEle1r31av1s0cvsMPV5r4iEZNxSi5W5r8r3btb8F11R96S2F7J4lke5t5fJ/s3GyFGngBz0cBSA2AWOMcdgF+VNS8LaDfiEXmkWIBQbnjHlT9QoYEYIbHXt7n5hXhvwv/AG2tH0K6c+JfCUd/59qILiS2nR23blJYQuAU5zgZDYO3oOPqbRf2nP2dfHLW6alA3hqSQBJmu7URopJwQJU3Hg8BuCMjuRXq4bNMIou8uWd76+7Jare7i299Fou1jCrldWpDnj7OaSitGntZaNbt6Nq1tfmeN698HtAurW5lsrq+0wkxMqs/mxsVdQo2ZOFU8A4yfoKrTfCDxhaJ5ul6vFqKCJH8ttqsAFHyImNpAwM8EZyMAYr7NXw58IPF+m3U/hD4gabM/wBnWSK2S9iMrvwyxhJpFbhTyCvoOla8fwo8TRafZ3Gm3FtqcLWeVUbfMUKB8q7Ts3fdVcsVII7ivWo5rG6dPENczS1le9rdL/ru3oeVVyaNS8Z4ZW0u4xemzvbTdX1u29/I/POaw8aaO0X9o6HdvGJtryxR44wNzAqCCSM+vJGMmq3hXVIoNb124u99q8lxE6xyhkYYDBs7lB/iPJ9D06V9+SeH9XsoY11fSbmNgWVXEAdRggMSAG3cA+mOASVrAT4f+GNYutSS70mwZWMTPL5SxzljkhXCgGPJOCcDOc8nivSo5vV5qMnyy5NYybbb228ttW/Wx4tXh+k/acnPFzUU009F7ujvonpsne72W584Q6vEsnmRuJBISc5HAwCCPmBOBgj13YA5ArjvFt8kuo+GPnU+XektjJGSxJGDn/ZGOFHBxzX0hrHwS0C7ulj057zSmDHa8cjPCCMDI3EbV4IH3iASoxznyvxN8FtbTUtMhsdVtbm4tHeeKO4HlloVIbkhTuO4ZOTnJweM57q+YfWKLUlK/NCVl/dcXez6adL6XvscNDKa2HrJw96CTS06O10rt3vZ6u3SyRat7kTLLlwAAuNxAAyM5P3cA4z06A89a5Dxm4udF1KIuoOIEXBAVhkckjJwSeR1wV6ngat14U8eaWkzXOiG4jY/fsnDkgHqoBGM4Ynjlj83JxXDeJJr6HTLuG70y/t5CkTEzwPt+U4IDAFeQCeSOw9BSrYmE8M1dLlhd39VyrRO7V15oqnh61OrHmpzbUrt62tzJ3ST00V++m7Vzt9Nj8+zt7d9gjitIdyPGkinCAcBsj6gYOAO5BrnfEnhPwzqM9tFfeG9LuY5pAHmSBEk+794OvJzwckZzkDA5o0jX7YwIpCKTbRAM2FP3FBDqxDAFgeD0+vXQu79bifTUikUjcQWGCowSdvfd/gP+BVjONDE0VGdGlUSit4x3urb6vR6vfXRd0sRWo1W4zqQkpWXK2raq90teq1d/keE6b8C/CuvT61cQPfaRJb6pJbW720hkjjiQYB2nKg55YkEdAcEAVU1D4DeLLQhvD3ihJ1TcI0ud0Mvynhg6lTnggn6Y4U1774PmUHXo1BO7VpcsOmWUgEZIHQncAM45B657yMIqJhguBIzbxjdjPI6fXp1GSOlebLhnJ8bRhUqYaNKo5N81JypyT06prbW+ltWl0PSp8RZrhpRUa8nFJe7JN2+C6d7vu371n+XxcmuftB+C5bK0tb/AFeeCG48y1ghunuIHktyxUpE7HIGMY6nBIG0cet+Hv22fizoN2sPjbw6mopCwVmubSWxmwvBUyKmGOAcg5+bOTgc9xqR/wCJ74blSUFVu7ncMjbgq2Ac8Z6YzgdQTg4Ovqmm2epBlv8AT7K/gzJu863jY4we5UYwAwHIxn1zj5+vwe4yqLBY+rCMXFKnUtKNrRau072trrppvofS4Xi9+zg8Vh4VPaauUYqLsrK6vfW19HvZXd7I7rQP23Phd4mto7TxFo50S4kIWa4eISwHcyhwXXLYI7lSSBnAOMfQng/x98IPEFjF/wAI7410u1uJCSIvtAKyAtuVQJdqphvvYPBBI5zn81PFPwo8E3CPdw6Y9lcNcwRN9m+RFEzgE4CsoxkFTk8Y3Njrjaj8CNY0orP4Y8REkkMltdZQxhgG2q4OcnoTxwSc8nPiV8tzzBS5IWxKilKShN36X916JtaqzbPZw+b5Ni480lKhKVl73LulFdL7Xs9kfpt8WNLbxPo0VlaSWt9aNIIHu7CRHKB42QOUiLZALZOM8gDGK+p/ir8Y/Buuf8E/fCHwG8OWN6Nf0LURbaytwrRwIkMgla7iGAHkdlyFAzyuSBmvwMm8TfGD4cACS+1e1t7dhJHLb3DzWbuozgQlnXAXkrk7gGO09K968Aftk6nYWNtpnjbRrDxbpM8qSTtAEt9Rt2ZgrTgKMyHGRtzyQN3TFeVLM5U8Qo4+nUoyaSmpRfupcvK0rXau3qk2tNO3qU8HRxFGE8LUp1lCSnFppNWSgk1qna691PV28jz7xB4Rv7TUJLowSy2rxSCGSJSvmMEOUZV3FWU4GT174JAPE6VfaxbX1zl5VWKCJGt5XYjylKgRjcMgED7q4AOOSxzX6R6d/wAKp+KmlPqfhDVYUubxSzaPvSPUNNuGB+Z7ZmzLGCcSbG5AzjArxHxr8ItW8PXHmXmjNeQzwHydTs4yC5UnaZY1wylAMEMOQOMDp2ewpYiTqYSopKUbOzt2s2r3s1a6tZa28sKsakJclaDVmnFxTX8qWmlne3k3fXZvwfSvE8VpZ6xpM8MONR3Seaw3GHdGxxhgCBn5dpIA7kYAbhNW0CxlbS2sYDC19DIHkwMGROrqM5BGCMnJORgdq9J1PwPcwzG9iZ54ZIj5q7cGBQCCGU5PBxg9cDJriYp7uG/0uN0Pk25uYl3KSArE8ZOQD1Knuevy8jysTTlzqnOPNqldx0fwtvpZ9L383e5UW4+8pJKNpaN6pcmlvn83za2StwN9aXelsba6VrqApnJAJO44BL54wOSFI6Z+XFep/DH4t+PPhZfWmpeC9bnjs4pg02iXkjTafcIdpdDE7lUZlyAwHyf7J64t7DHfQXrLEzOJUiCOCy7UB3D05IzkZIxjBOcxzeDZhYWt9ZuEeRP3kXCgOwLBY8nocHA4wMD6+dPDVaM3Uw0pQlHld4vdqz1trq+1nu9dEenDFQnGMMRFShZfEk4/Z3dt11u/npr+o/w6/aI+Dvx7sD4V+JlnbeFfEkxWOCPUCFsrm6dTsNnekKYi7gFFPC8jpyfNPiN+ynqtnFqepeG1mmjhma6tIrcLKb2zyZF+zXC5WQbVBK5HynjBBJ/N3bcwu39oQPHLGyssjAoUKH5CsoG9cNjDBuDnkgsK+wvgR+2B49+Fl0mn+IF/4TvwYAsEukapIZLu3iGBiyuXBkUqnRAMHpxjNdtHOlOCo46krqyVaKalq0rvpdbKy8m+hjLLacv3lCemjcH7yteNrO/2dbXS1s02edSWmt6bqNuXgmV4n+zSStG0MsbxB1kjKkAjDYx1yMnqCam0KWU6isVxkR5uVf5QXALBi+CQdx3ZZxwfU5wf0602++A/7Rei32s+Gk0/T9clQTT+HZzHZaxbS4clouV80BjwV++M+tfKnjb4E+KvC8x1izsJNR0iSWeINFHi5gDZUJPGFDEYAwQW8z6kYdWlCsoypOM6emt07are2t396V+l0udQq0J2alzb2cXZq695+tunR32PB724sra41OCLy7lJmgCmQBgQcAlcgjK55OQMDsAScq70WPZLc2YMGWRTDwVd36gHoDxxkjjknacVcfRHikkFwkkFws7RvHIGX5VZiFJbBBxycjsOpxTYrmeKyeBhvb7QDsA5AQ7eCOhACkHnAxx1A8fE4WElJKK927Wl2m0rtWs1vrfXppd27qOJcZRcXy3d9Nrpq+nVXb6LZPW6ZyIuhHMbfUbZozHNhXO5WUpgo6FQGQg4IKnnIJJ+bd9kfAj9rH4ifCO7itLm+uPGHhBCkc3h/VJnllt4sqN9jcSBmTYn3EGQc9B0Hz9oehWeu6nrEd/G4SOwM8KcNIHZQFZeDjsM/L0PUcDGu/DeqaPLK0bNc2yrvCRDbJGHwFUr1PQlweAeNwGc+VTlicLUVSjOULSTumuWSTi/ei+l3bVb3VmexGVHFQ5MRBNStvorpr3k79Xe2nTWzufu38L/AB58Ef2gby38QaPf2um+NtMnFxBpd55cWqWplCrMiJJt8+PnCsrFu/vXifxP+Fmr/DP47/C3xSmmXt/4a1T4haZqmo6rb24ji01p7lY3+0kY8tNuSWbapJPJ5r8pNC1TVdG1O21XSLq60vU7QgxX1lM1vdxSJ8xyEI7gEgg8d+w/Q34Uft067Da2/hL426TD4x0CRUhh1hUVdRsvLOIZ5sIxmMTgOzkq3BJ+8K+jwGe4evVjDHJ0JxlBxqKNoSlFwa5l9lO1rpK3a1zxcbkdeipvCS9rSnFp0mvfje2sXdXXW2j02el/3l8fa1Z6JqXwx8SwLHcqvioWM8qEyTw6fexoV2KrDcGB3bgpAPTBAr8rv+Cr+qif4ueCXsQZLWTww7W5ZiHVBcMSsicNu53YVsg5wSBk+meG/j3p/iDxh4NvPDviKz1zSNOgWa2tmkWa2+1of9EtLyF+YZUG2NHC7gVLc8GuH/4KR3OleM/FPw+1LUdPOiav/wAIv5jSQZe3JYGX5CDjazkgBgCDyoXrX3eZV8JicsnOlKFVyUXzRlFq14tpP7N21u1fS3VHwqwmKwlaMKkVBwU1K/NGTdk9W1o9Fo9W9F1PzN0DXVhi8mdwxlRtpYL8pI+7hueVBB9vYhq6e6lQCzdLVU2RExhCdrB8k5xgDkkZyRkH2z5imi3umR2upXkbS2F606W13CQys0ROVbnKkYBOcAHBGQOfUJNO1bRdL0TVNUtnisdZtmuNHkKiQXCRtiQ8bj8p42joRxkDn89r4enCrTlBtu+ytfpdb+iva1ravp62FrylScZW5Yte9r7t+Wyblt02bWq1PZvhjM93q58hHjX7PaRyKnAJEqsQ20++4g9AAOwr+6L4EMw+CHwqBXJbwRo3BBAUCzgwBjGPTHOctjpx/Db8FozJr9vlZIre8mGJ2iZYi+0OIBJt27s9t2eSOMV/c18DsJ8F/hcuBhfBekqBnADJaRcHnr0OBx6AYJrxsdd4iSs9KKbV9E+aN3tutPN9bJn1k7f2JgnJq7xtS2mn8JatWuk2r7a63v19B8sg8ZG4Zz6DJP4nnocc4wDziVYiRnGARnHIU5OG6DqDkc8eh9HEZJPBA5PIPH4d8Zz6+vrMWVQCQNq5+gJGBg45yMDPBzn3rji5N7Xvd/ck9rvVvRPZbJbHBC/TTa3S+uy0u7Pfdu0dbIBGMZGc/dI3EY44HPUnAPbIyMA53NZBkALggHBIwvTAzyvAweAQSDjtSE7cYHJHp1Ixyeh6hsduoYcGkMijc5C9VPAOdwwAc5B7evOeeeK6FNxSWt7La+i91XXXTR2une7vrpVvLdLvd7Ozunfpe9/xGsNoAyMAsxIJPOBhhkYwCemOTz6U0bmGePbtyecZ75+gwe3NSFhzkD5umBnGDkkcg8lckkkkZ74YxhgSO4POR0PccnC89ODj0J+9RztpWjty7u17ta310Ta1s9E/NjV2t3f12UbbbW0Td0k9WLsLYyDhe2DkAkZORwTnv1P5mrESnnA6nBJ28c5A68Y+UnJGeT0ABeqqCDu7AY4OT6+3OP8ADjFWEHUEA4BB2jnJzk5BJI6Y459PTZdNLd7elvLp3t2Zk4vSLa++97WtJ9dVZvR+8pdm1PGGJzgnbjoewPOV5GADnnoPU8VPww+6cjkc9MDqcEjpgED5eDjrUakAe2ehPI9m7dfQ557cU5mG1SCR74HtyOmehGCRjHXitE/RpK/RNfDv6W3dr26aMxcEtbW1updm1e2923dtLXVt2EZm4APynGCASy454785XkkYwRnPFS9flJJYEBQRjBzgAE4AXjOCMHPXFQlunG7dheGwRzk4PpnGeKVmAYEYJzjg4PylcEEcDJB7HGPy0jJ3v6WW62SemlrrW+7vqrmcoRstN1vpq7LW6d7rW97q6vrdssAbTkAjIweSF6cYOASeS3PHQHIFP2My56cepIyCADg49Rz269MVEHbjPByAeAQcD5cZ7joenJ5+7UuQVyG4IOVGT97IJwG4buV46gjiiUtm22+uiu9vv6Xb/NkJNSbdte3a0Vd6Wvo3ZW167kJRuF4XnAYHkEk5UkdT06ZwScAHimEHIBPJJAHGcgDn+RzzxnOalbGMK3PzEA8Z44IPJ4zgnd0JxjkVGA7Y3NuLEL32nnsADwOcAD8PTPnV1ZpaWd9LXa81qr6aXV07rUtLTfbu9X9+v/BWmmoKSgwxyeTyM4yOSNwxjtg46Zx1qZeFBGPTA6Y6ce3GOPzqMgEjcMsDnIGT1HPzcnI5AOcdwOzvmUhem72A7HnrjIyOMjkc8cG07KLv215VrrG6b3a82100ukS7t6a2vZttpPRbp66ct1ZJ7XHEjknAJPYd8+3GSOeR36g0wNtf8Fx6DPUk/wAQwSfX9KVweduFXGQAM9Tjk9wSMDnkY6kmoQDjqQMHucAeh6HGfTOG4zyM1zNeitbms+XRJa/LTe7+8z5G930jdpP3mrbr13vZ/JaWVzuPyFiWxgcKRxgjBOOnIPXjB6Yly/yktkHJIViORwCcEjoSMZBJx0GQIoywIIxhsD14XIPUk4HbPPHT1fuyCMZJyc8cLg9RnBJAPB9O5qZzaWlrWtqvRpq22y3ey0stDJQWmt7pXvqulmt+nbu0vNnIbBHy5LDacnJOT8wxnbjnIGSM85IDwoDAAjdxgEjI6bhnoMjHPp+dAQNjgZJB+XAJxhR6ZJz83oBjLYClfLGckHjA4/2QAoAAHGBjHfGcE4xUZJpprW2itZ6tLSWt1d6dXs0urfNf1d9U1daddfv622tcmPHVdx3YyO2AMfj6nGc9Oaem3gBSCMkAe+09yckDODxnPPFREEheSA20ZHGQDkMcbiR253ZI9+UyXIzlT8ue68H7oHv6jHHORxTbve91a9r3l221T72ul+TSk7NaNvVaK/Z79vS/4EzBQTyN2BhT2Jxtxy2D03eh4HAxUDzRqQrSKckkgHsBjjAIPTp7nms3VbloI8KdrnLEr0wp4PGSecDPynHXpx5peeIktpWMknl7csXdsnuWAyOQMANwRyRjjBUVKcuVNt3V+vVLa918Tte+qa1NqdHmj7STsnsktr9bva/Xo7J6Wd/UJdRtomyGO4jAY9ACBkkjoMdcY7sTxWLdauMNgnbnkgbMgZOSvY4OSPw4zx5pL470qFSJ7yI54zkM3AwM88beeMAnk5545jVvHGn+Wz2dxE+cg/OFPQ5+XnI6k5yATnIIGOqGD52naXvaSdtH8OnZX0Td7NeW+kPZr3eW7Vuieunpbp5Lv8R6dc67tB3y7evDEEjjAJwdp7kgEY/KuZvfFVtbqS1whxtwuQcnJA6D7zZ9hjp2z85+IfiXBbq6teKAByGYEkjPHXJJHQ9eOBg14TrnxejXzD9ucj5vlQgDAx0z27cnAz3NelQyepV5dLJ6Ky3vbTVW0Xrfo2i/rMabbV27LezTulor7O9+l1bVn2bfePbSNW2k5Oed2AcHk44J6euBycAdeMv/AIkwxZwYkYjHLLnABA9SrDgjnAPsMV+f2u/G9IQ6veOWyTt8zDY9M5GGJAOQCOp74rxPxD8fSDIEvSSQw2tKMAckZIPBI/iGRnOa+gwvDUajScG3aOrWj0Vt/O3Tf8eOpm0KSbd13Wmu1uVb7tp3tbq2tv1Au/i5GisDdRRgZyQ4Pp1yevQccEY5yK5u4+MsaNg6osYGCdjKRx2yWOeccHJXofb8iNT+Pc8gcG7b7xIQSMCwHXPJyTgY9fyxyVz8b7mbcxvDu6ACYgADg5z8vqCef7vykmvapcIUla8YxSS31s9Hre/RNvTS3V6Hn1eIKSs9VZaXau37tur0/R9T9kJvjVbKcnVzkDkM3AHXPsSOcYJ9jzWLc/HSDH/IT+bDD5HALEfQ88dFwAfbHP45S/Gi6ZZM3TYyAcTsDjj1PuT0LcZ6k1lT/F69mBVLuT7uwHzG+6BkqeeQeVzgEEdSevp0eEcN5a21Sju0tWu+m912v0XDLiVarld7q8flD16W112aW1j9grj47oCMalICd3JlwcDByR2HPTnqBxXOTftBxRE/8TGXjOGW4PYnkZGTnHTpjrjrX5KP8T9ReM+ZcvjOUxJkFckbd3TPHoCMEDrXLan8SNVcqttIzSSHaiF9qsxOFG7oSffb1OWBFeph+DsDKPvJLl0bdmr2Xdeut7Jaau559fiydLmlGF2rNNa2Vo6apX9em11pf9jU/aQij+UajIxwTjzQD1Oc8EcZzjt1wc0qftLRBh/xNycE5DSZI5GRz972OM4wcZzX4kX3xJ8SaY6jVdE1m1VjhLhIpmhkAGQ0TAYcEAFSCRg9RnNZ5+Llq+3ddXUcjDaUdzGwLE84fBABHcDBxkdK6/8AUnATklFwmr/ZUHo+VdLt6PW9tfvXmf69yv704KzV07pv4Vtd6P562R+5q/tO2qHDauv1LYxj1OQc8EZGSecHqKl/4aisj01cDjH3uM9OoOSCvXrzwFwBX4Yf8LJcjdHqLEkA5abJJbttOMjocZzgH6C+vxDn2oy6hG/ygFixGTxzg55789jkdCT0Q8PMDLXkT02cYap2u0rO123fpv1Vg/1/5VprZrZptrTu102/ysft637T1vjP9rJk4GM7s7lBPTkYGSefx6Ghf2mrdzgaoG5Gf3mOwyR39M5wQfYYr8VovHOoSouLmNwSCrCXYew4I6/iMcZwOtW18caqikbgwBIBLnAHAHAPOfXkkjHudH4cYRO3s4ptLaKT1tpey8/0faP+IiSvHRpN6q3Rcuvx6K/VK/d9v2rT9pCBx8upg5wSBJlsH05wMY4I565FW0/aJhG0jUTgAk5mDDkf/qx8uQT05xX4mL8QNUXdudhjgkM6kAD/AGc56cZGM4B7mnr8R9ZUqRO4Vhn/AFjFQVwcE45Y+4IyBzxyR8NcPJLSKTS05dL3il92vlZ3WrsNeI6SXO29Va2nSL25nfdvW/fpZ/tzH+0SgY/8TFjnBBWbODjrz1OCSQMc9xgZ17X9o2IuM3/AOCC4684A6547Y6nvnNfhf/ws7WlwVuD/AHsCRwRyCSOOASec9evoKtR/FTWYih+0yfVpMKoPuvUcnJ/vde+Jn4aYdp35emvLbflSt5ct+1tEm7XNqfiHTlZJNaJdNtN9ddLfppdH7+aZ+0PaSlRJewHDZw+DnpwSO5Hceg65GPRtG+PdqkiT281sWQoyt5wQkjOQRnA+6M/jwAa/nbtfjHrEbjdcyZA4IbcG28gsSTkHORjAz79etsPjnq8ewm5YFAPuSlSwJOWwMDIyee27kjivMxHh7Si/ghotG0rrbbTb5brU9GjxpSqpJ3adrp6aPe7vf1+5dj6a/ay+BGm/H74i3njnQ9cWx1h/GHh3xHrmn3aLNFdx6BK0qRWxJ4Z8sMrnHy+1fNn7WXh278SQ6ELCCSWbRZ3aW2YeXJ8tqsX7lSAGwEZh3IOexNbeifH640/WkTVrmVbW4YNHdxtvkiyRguSAXQY5VuMexzX0bu8IfFfRka+mgnnaMG21axZEuIn6B5QoLDafvAAhtp4ya8arwDlOExNDE1sK6cqcpyjVpN8qnNR5nNWer5b83V97XPawfGGMnQq0aNaMlPkjyVPefLT5eWKad+VJJLe3W1tPwsttFurR9DkuYVWKxl1GO9W5UoLZHd/ndsYAGRkvgEBTxjjAvPECXUL/APCPG31qzGouk82lXYuoreWM48qVo2IhYEkEMAVAxzxj9JPiZ8E9R8M3t1dRWlrrOnXaTRGXYFtNQhkDCSK6jUnyLkocF84c9cCvzS8Wfsg+L/B2tap8V/2UNRkt9Qgll1Tx38Bddu3msvEWwma9uNBabdtuJQH8qGMZViNuRjHozy55dh6UsNT+sYKMm6tSlL97CLUbPka1cVFKys9nukcFfMXjKn7yKpV2lFKSvTlpFO8rScVZaNRavvZGVe32qTyGZtOkR4bmMyKplPC4AxgbTxtz82SOc8ita71vV5hZpb6Q8aRxSqRPFJJG4KYLg7WIyRn7pxnksTg9r8CvjZ8OfjsdU8MQ2E3gL4o6IzWviT4a+JYvsWsw3VsxSf8As5LhY2uoQ6kqyfMynIHIz9J3HhqG2a3jFjuaK0lR4pbcFwwUqVZcAgjBypw2ADzVUYYTFU3OOKqyhKSSinZra6a3i11Tjeyb33zcqkJL91CLWqvF31cVe9rdXrHfe+rv8V2XiXWo9iQaVEtxFEybfsLvCw3A5GSOSCMkjjnPSjU9V8QX01xM9tf2sxjt8x2sHkQuEC4DBAxOBgKQcc7R83FfZdpoVtBdnzNLi2nTywfyEzncSA3ygHHQnAyRxz1ju9NtZprwSWUcIENqItsCbWIK5IBXuT8w+9gk8c0/7NoXTUIS+3aVTdWTT0S11u9ethrF1mldu/fzai1y92tFu7rfqfHcmpeNJLC0tLXS9YtRCd0xhklVJPNbA3cZBcNyAPmJAOC3y8fLH4pF5O72V/5n22OJomeUqFC5DTsF2nIPXJPIz0yPvDWZ4Lax1COK3j4Nr+88kKyMuwM3bIA5I9SO2TXnF7JBLaqluvntPq0BDLGA7ZdUcY2klScAdeRkHivIxmXUnUVWNSFBRUrtciaasrRt3t0tv3sj0sPi6jpqnP8AeuUlZNtJ2s7aWatprpe616nLfs7aNqOqajq+q3VrPDFDo2qoFiZ1hkuIrh2UlWZd+AvHB5zyeQfk/wDa+t4oPDGkQTW4jki1qUTMRmRhchn2jcRjCkjPLfXof0q+C1q2n/27bRwOZFvdSt1jA2oiywySMCQOSWbJxnDD13Mfzl/bMtZriwijnB8wa8iFdu2ML5XAJIySvAPIy3GeSBwU6sJ5LjIyk3KjJxi2vdn+8TT0b17bta79fQUXHMKWjcqkYycW+ZRcYqNrraybvonpvoj5y+EXhuzeynvWtwALeeKJ3ILYUEjHbHGD05zxwVrv2IuE8lflQXUSseRkJbMoB6jgdRnrznvXO/DLzI9Njs4mQqEuMnqF+QgAnOM5ycAH8BkjsILC4uoIVs0Mjy6hFGrKvDSGEx4OOmCeRz04OenzlCNKhD2smmpWvfR3aTSTeiWiu1ffSyvb2qnPPlpxTT9y6V7ybs1FL13d3fqzIWWLdYR5WJmBG8EHLQzIq554YABcgEYJPIGG+mv2UbDf+1D8MIJriJFuNf3W8VwP3lwGjZjtUjOwEDkAA4444Pyt4h1TTPCywaXqERvPE9tJIbXTbdt2JXkDxtdMCdozg+Wck4B67sfWf7AXgnXPE37Uvw38Z+L7iV5LG9nntrMZ8i1KW8ohhAUABiMZG0jA5KjBrmxGMhJKFNqcZyipVE99k4JPW6vrLVNdX066WFlCnKpUbUqcHKEFo0lH7V9tfvVndtHf/tseHNEP7Rni1YNH09XWGKYxw2qbRdPzcTt1BeRvvOx3Z4IxivNPiBYWEP7Pni1rS1jiQaBKjyR20aMGDIGIZY8liOTyACc5Jq/+3PrU8/7SHi911i50eE38GnvLBAZiFDbZM4yQFweASMnGOmPPvHdzpyfATxZY6d45u9RaPRblnie3kjEjbl/d7iowCeSD1ORwDmv1vh2VCnkmPiqFPmhgqjTfJGbcqaacdHJ/LR6abH5Hnaq1c3wT5puMsVRcmudqylB2bXupaLRrXfV7ZPwe1PZ8NfCUcEbuEslUyGNW52kMMkHPoQT3HQ8HO+PdzdTfCrxSWZogsNqfmULkLMnVNuRznnGDjByvI8u+GGora+CPDFpL4m1eJX02OZra20wyIrsT+7WQEA5HG4DkrwStJ8WbxZ/hz4liTUfE147pEoWey8u1ZPNXO75vlBGT+R969x5hzZD7JYe7WXKLkpRe1FJ+6nffV31vpZHkPAJ506s67dsepcrjON3GrF2blZdbXTemuzPo3wBOB4J8MB5AWOiWKq7EBSGix8vOAQRnPGQSuPXW1aSFdO1BZLiJh/Z11yXTqYnJztfqT19/TpXzx4Xsc+FNBb7J40uhJpdoAsLstsG8sbfKIcfJyQDyBjgZABl1HQ7lLC9ZfD/i6Y/YLpsz3bJHGfKYh2Jc7gAM7cKAFIzXTDMq6wVOP1WHKsJBL3pO9qcVsqb3v1aVtzgrZfReOnzYi7eJclH3V9tPld5q+ujaV+uySKPwBktk8Hav5txDCf8AhI78oJHQfKZzggM3AIPUbhgjo3Ne6z3+kJJH52qWezjrJECTtPJ5PCnv0xyDjNfGPwX06GfwxcyXuh6vqc/9tXqh4bhkijCzMFV9pAyOQSBnB3HGSK9wTQUeZXi8EXkqhsYmu3ALY4zjoOPmYg8k9s1jlGOxEssw0YUY+7S5VJ+0bXv3tyqHK3872tubZngsO8fWlOvOLcoNq9NJ6QVryld676Wd++p5v8IdZ0m28ffFWOfUrG3jk1lXhkd1EcgyBmNhwTjnI5wegr6HbXtAXf5ms2QBADMrKTgHOB82cdzg9sjnivlz4V6DLJ45+JZTwlY3TQ6nDshu7lkjtGZhlVUBi2cZIIySB25r3mTQ9bALQeGPDtsCSx3uZAMnADAqAQxwSCDyTg9qWTYrGf2dCMIwtGviUk6dSbb9vJvWyWjffR6dDPPMHgnj1KpVcXKhhk4utSilajTs7Nt6pPyu3ba54Hd61o0f7STXh1CH7CuhbTPErsrSFeAFA7dGO0E5PJPB+iY/GvhpEBF9K6hio22cxOASRzsORz17E9QckfNJ0vWY/wBokwpHpUF7JomFjjhVrNFKnopHUnqCM9ccgV9IJ4b8XSIC+paZEFcZSOwjYAjjIO3nuABzkc9qeTVMbOnmHs4tyWY11L91dczcE071FZLa1rrZuzZOcU8DT+pqpU936lRUf3i1hsnZUpN6dU03ZK2mvz18fPF+i3b/AA9Wwa7lMPiaKWVTbSp8vmD7m9V3M2M4CkYyPXHvNl460+WJSmka05QQp/x6MuQEUEZYAYOcDJP9K8O+Peha5bt8P2utYguEPiW3SER2kcQhk8yMh+PvE56ZYDB9dx91t/DXi0o3meKMowhYItrGiorIDsyDk/IRtzzjgmtMHLHrNszV5qajhOblpQbt7O8bp1Ek7X+Fy7trZzjXlryrK9Yuk3X5HKpLVxnBSfuwbe+t1G1ttTyP47+IjqHw81CFdD1aFBf2DmaaIJEB9pjypIG3cTwPx4DHNetaD4j1M+HtHWHwjqTCLSNPSOWTYBMBApBADZ2scsCR2Xp0PmXxs8M6tF8NtXuJ9fu5PKurAmIoFhJN0g+62M4GGwRhuACDtFeo+G/C2oXOi6HJP4h1Da+kacRHASqxj7OnAGQDge3HQDnnejHGrOsSvaVlUqYDDSko+yjaPtKiS1bSs9bav3n00OHE/wBn/wBkYab9k6UcXWUeb2zSk4Um7cqhrprzaeb1tR1nV9fn0fVg/haWFX02/wB0huihVWt5ASVyASB1HTsAOjecfAK+8TQeBrRbHTtKZVv9QdHur4Qu7G4YEFR0CdOoOAOejV654h8HpFomuSSarrE7RaPqMi5umEbFbeTCsMEMvdhwece1ebfALwPpuo/D7TbuZ77zpru9VvKuXVPluGyQo6b84PP0DZzRyYulnuDUp1JT+qYiSlKrTdk5UlZOEJJWejTje73SI9tgXkOJmo0vZxxlCLSpVJXlyySunUXvW1veys79T15dc8cl/LUeFrfLMT5t+HwApBbGMZI4wemOeua+dPgtZ+JhrHxNu7bUvD1sZvEVx9p82ZWDTmRzmInkRjLAYzkAZHWvqK0+HuhpcQMbWaQ/O2HmcgkZ+8NzHcRwQSAwwcLgivnD4K+F9K1HxP8AFmG7tpWhsvEs4t0SVgsalnONmR90AENjOewIFd9eliZZvk8JTnOVSeJ5U8Q1ZKkpNuXImk9LJJpv1POo4rBRynNasYxhCnDDc9qCbXNVitIudpe9td/keyzXPihSgl8R+HYtsfJXay4I+vK8Z544Pvn5k1rUtSg/aA0snxFpD3L+G5lW/KAWkYBG5McAuuAOQdwPAFfX58EeHxseOwLApkb3cguoIwSTnpxzkH154+cdf8J6O37RXh+wfTrcW/8Awid1O8IHyllcAFgeCcYBOOT06V0Z1gsZGlhOblj/AMKOEjFuvVm1Nzikr2Vl3av0s9jlyTNcuqSx0IqUuTL8TUmvYUoaRhBy0u221dWd07vvc7KfWdZCqR4z0YbQQ3k2SuOGbJUk/NnjGM4wcDHFeF/FPVryXVPh6lx4pt76M+JlZ3trQJ9k27iH+UsWPfABByT7V9eQeDNBUFYtLtdoRsZXI68Kfwxnk44+XGc+KfFXwtp9v4k+FqRWFvAknipEfylVQ4w2FYDO5Rnnd64OASKec5XjI5bUnVrU7Oth42VSrN+9iKEVvK9r77PXbZiybOssq5jCnRoVYzjQxMuf2dGMUqdCc2tm00k7dN11NQa9pPlr5ni7VmYHZvgs3UOcYwMLkYHGe+Bx0B5D4ha5pU/gnxNHHqXiK+mOly7dyyC26jBmVlxsI4O7gAZwMCvp2Xwvp8ZlMdtDtjIYKQrDOOeAgxyT1PU4ycc8H8TNFWL4f+MDbRLGq6FcSHCKeN0ec4QYZc5BB5BPHFdONynE08Biak61FqOGqbRqN/w0ra1Za/JpXXbTgy3PcHWx+Go08PX5p4ilGMpTp2Xvxs7RpR92+7T12auzx/wFqmnr4P8ADaNY+KJ5U0qA7reedLdmBI/dKFA2k9QPTkkDFdbNf2ZWWQeF/EdyWSQqpuJQAWiJyzcdcknP3gDnH8PofwrtXX4feDAqRlW0e3LcLkEFgSW24JPGPbHQcV6FNaK8MqsqBwlxkR4UFRFIyEEY3DqODyS3AGa6sFldWeBwk3Xp2+p0pWVCClb2UZJXbf4bW0MMdntGjmWIp/VZzlHGVISft59KvLflUVZPTTa630Z+eXwpEs0HiXb4QutUz4iu2z9qlQQK8rbY5AACCDwxxj5V54wPZv7O1F8SR+ALUBiwAmuXI+XaRk55x95cjI7572/gRZlk8ZYVOPEVy2CfW4kHJx1GOvU8kj0+jfsqSqEXYGdyCSc4yQTkZBx0xnGMfdAzXiZJlkq2X0Kn1jkjzVbQVOmtqrWjcXJv1d9lfoe5n2b/AFbMK1KOGUkoUZXlUq6t0qUna0ly2Tatb3t7bp/FdjpGq3XxbvIV8JaSJ4PDVs39nPO5gUM7Yl3c/P1JOQM8H39th0LxIpDR+E/DkX3f+Wm45IPZhxj26Hocc1q6Jp8cfx81wbVdf+ENs8EYB3eY/PTHbnn6Yr3lrCLbE/krt5ZycliMYzxnb9cbevds105PljnDFp1ZW/tDEXaULvlnFc3w6Xts7fiedneeOlPBRWHp65fhpWm6n24ptKPPZ2utXq33R8E/G2x8S2d38ODcWOiWkz+JdloloiuDKQhBmJAO0E7Tnvzkgc+xf2L8QZgoa90WEMFz5drFuGccg4UrncV9+cr0qn+0daxjUfhE6IoWTxgVXBycbExjJyeeQePoa97+ywrErsoLBFBAPGCox8vHfBOR68YrrwWApvMM0g61VRjLDJcs+W9qcb7JbpO+j079TEZrU/szLKioUU5RxDd483KlVi1ZNyd973XXrc+UPi54a8WQeAtcm1DW7Wa0WS0L20NpGhdjMMZcLklSckAc9Bxg12Hhnwv4wn0XSWj8YLbQSaZaMsEenRnyk8lQAWBBJGBjIJJ+YYXFdh8dIwPhdrTeVt/eaeBkdhcEMSDg4P5gnPXIPS+DSDoOkg4AXSLL5QcH/UxkAk4yAeo479MjOccHSjntajF1HFZfQndTldt1JXbta91rq9W3fcKmZ4p5Bh6/LS53mFaH8ODjyKlSasuW123bm36X6vhLrwT4hW3vJbjxtfArZ3DMsFtHGHUQsSH+b+7kEtgDJ44xXn3wX8Iy6j4OS7k8RatbKdZ1SEQ20xhjZlvJUMhABbc2Mk9QGOM7Qx+ntQQR6fe48shrC654J4t2wRjknJ69O5bPNeH/AANuvI8CIPLDf8TvWGB5baRezE7uRjJzjgj+HIH3XWwlGGd5fHlk4ywuMlK85Su3KhZ3k9tXe9tXa1mhYTMcVLI8fOTjCaxeEinGnCKUXGT1tFOzaSTbut18N16Bb/DmxfD3Gt6/KxZQB/aEkbFRjBJHOTnrnggkYGDXkHhfwPpVx8YPiPp73mqra2dppzoReyefJLJCrOZH25cnqM57A+30TDqImmAeFhjy+AP4y3BIyOVPXtjp2rw3QZ7xPjF8T5YCqqbfTgxOCxPkrt64xwOeMEgn0FRmGHwtPMcnSjfnxVS8YuTvai073d7JvXVt/OxrleNxU8vzmcqqcoYamoN2TjJ1qeuu12r9d+23qcHw38MiP942oz4JaRZb6Qk5UnJAAJzjpjJPX0rwT4ieEPD9v8XfAWnw2MgtbvSbs3RE0jyS7JG2YkJB4744I9jXuJ1LUciNpwrjacjn72OTjHQdyegxyTz4547vrkfGT4eNJIJCNKvQvy4O3J56nBzkggc5IIFdGd0KDwdKSpqPLi8K27L3l7SCtom3pa7b17LQ5eH8XXqY6pGdWcm8FXla/uuSp+l77dbvVvbX1Cy8AeEmhjRtHiZN7czO7ngHngjp9OMc9TXJ/E/wh4d0vwLr09nothC8SWZWZE/eAtPGCQckBsEjgDB5z3PqVrfI9tEVbYxILsFIA3A4OGHXB5684yO9effFzUY18A+JIVJYmO0GSPMUH7TD1AztxxkHHOewp5nQo08uxThCKlLDvXk32bSVtt76Pp0ZplmIxEszwiqVZcnt4qzk9U5J2XRvva7vd6Jo9G8I+HNIGi6U6aVZK0ul2srOYlJZjGCxY9+ecnOOhPerfjWxsY/CHiBVgtoR/Zu0tHEisDvQgKwGcLknIwcHIz/Fd8JyeZ4e0Inhl0myYccf6kEc8EE49On1JEfjSFf+ET18HaS2nMxbOV3bwVAHJGe4znI9udKtCCymacY64JXei09lFOze127pv+V6X1POpYiq8+px55Stjkl70rfxFd9FfyvffTc/V/4r+DRrv/BJmCPZE6R6R4euirLhdkAZQ5dQGMnzHLYJyG9MH+cLxB8MLnTfD11qemG4t2jtLWSCO31CWGKeXKb964I4LcZ9gvbP9SGshJv+CU9wjFWT/hC9KkAPOPmUY5GCeSe2OmBiv59/Eyp/whE4aLe/2SAIEyFALxANjpjnByORz0Ffnfh9gKGKwecupBc1PGz5Ztv3U1Hbf3tP60P03j/HVsLjcpjBu1TB0eeN3yy1gndO99L2207bHzWh8eaJK0AvNWTy4rd9rx/2lCQYlciSSQhh16AH5fbmsq58d69F4k8OXGqWtpeND9siSODNvcykgBspIAi+pw3OeuOn0/bWDTauElU4e2tpFLHj5IIiRgghjznGecYxyCeE8deG9Mm8S+DLa4soJluDqpcFAGcrGuOmDkZOORx1xwR+l1csrUaEJ4fF101KlaM580W3KHLpd2e11bz13PzunnGFrVpRr4SnK0arcowjGXLGLVm1Z2tdWa1u7+VPSvil4dlUJqkd/o9wjOCtxCZY1y7AMskIcBSenqB261ty6ro2peJPD0+m6nZXUf2S9bcsyI4Zk5O3hlyCB8wJz7muVm+FmlXCSf2ddX+mGXejJFOz27M5LHdGc5QDtkHivNdd+E3im217w8mla1aQySLeNbyrZCOVfKUttnO8CUN0JGM4PpUVq+bYdU44jDrE0o1KT5oNKbs4tJp6XundWV9bXM6FHKMXVbw+JeFqShLSalyxUoLW6V1Z31u/mtvpW5t7W6R1vIra6idSqeYY5kfkcMCAMc4HHb06eL618LfBOt+L7FLnRYLPfpkzvPpbGyl8wBmVy8R5IIPbtg1hib4weFRKl3YWmrWSAnbJaeQMDAISaMuygnkcDg571BB8WIbDxDplzrmh3ukyf2fLC0lsr3kDy5bOS4WQJ1JYIcDjpXJjsZluJdKOKwUqNR1YXdakk0rpXU7eW9/JI6cHg8ww7qTweOWJi6U1H2FZyfNyrlbi2nd63fLo7JJHVj4Ya7oC+Z4Q+IWu2EYlX/QtVZtRtmAyQmJSDsBPTJBwSDzUHhfxb8ZfCWq63dW2gaT4utBeK2pLZD7FezlEBXyI14EjKMkEYJ4z1x3OlfEDw9rYjFpf2M8zAL5MNwqSKTuOGjm2fMATlVIOSB3rofAd0o1fxG4RxG9/D8xPyjgKCpXIH09R0O3A58VgMFJ06mAxtSm5OyVOq3GLt0i3r291JfN3NsJjsZH2izDCU5RXIm6tGMZT96KvKSUW/W76633/ACm+L/iX/hMvjT4h1i60ybw/PdSos+l6iQLi1uFi2tGxJOVGMhsDP4CvdvA2jxr4G8UXEgiWRZLAKyspR1XZghkJznJ4U5+nfwf9om5t5fi944KRLKx1BFBABPK4wrjaV64J7YB4HzV6P8CG8Radr1vpNs9rN4d1LRdQvr6w1MfaUMkVu5jeItwrxkKU5Kl+Oc5r8ex2Iq0MTiVWfteXEVFztK87yTTau1dvW+/rs/13LKdKdCi6SS5qMPc0cYx5Y3Sd+l9NOl9Urn7Jf8E4vENnofxS17ULpZWsn8L20ETWsTzM00aqW+UKflUgb24UEckYr0f9p+7ttb+PepX9lLFdW8+iRuJI2wpZrLJUrx80ecNjlWBXsc8b/wAEy5E1X4tTWmmW7JIfB18l3HcBTbO73DoWHDFUOSOB8n3cdK2P2lZU8L/HDxXFefZ4EtJ7SKQ20Y8q2t7q02ZU9ApZtz5I7Z6CvMwUlUxkqjcm/tX1Sb5dL2tZtLTdW0vsvWrO1B09U1p7rTjzWXZK6929rb2eqbPjzwXYG6ltnVThdU1e1IP3m5luASRz/D+OMjjmuK1GRbLUvD807rFs1W/IAxuJ+0MoB5Oc4wSR+HBr2zwhp0ds9tNDIVH/AAkWpSISFYSRTW0zI+PRxggnAIFeW+JtEFx4h0uyMyrtvDMQQDg3V2pXkgYYqeM4A5J9K9puLi1y3tJXW0btp3su1/TfqeeotPTey30Ttr66N9n0vY5C61vVtK0/xza2wD6HfanZXtyWJaRZo23B41BbAKjBOAPm9a9w8IXEV0/h4wh83eg6vIBnhvOVmOcYG4EAEADnJY5IrhtZ0ODS7rxxpEsP7qW0RhMwL7TsDb13YAIcdTgjHAPFbXgG3n0fXPCtnNdiSGfwxfvGxdWZA0TswVNwGOgG3JA57ZrjU1SfLJ35vdVtLOy91p2tffTd9dNOpJytL+VXbtqmraO13rrZ+u9nboBZW1/asl0jSEeF71WJb5S9vcqigkkEhR2wO+Nx6ZGtXD2+v+AUjCX0FlpJItiNrIgjYFFYcgDJwOmeDznHV2Vo0umWcsSiXztG1qLIYAORcbgAMg5Kgt64GCeBWbqen283iDwU9upWRPDU02WOcyIyq2W4yAD3yW9e9VOHPdRs9It2au0raRvo9Vez07bWHaKUKkVrZptNXd2rLVNS7206J2M1rm21D4WSvbRyQmD4jBJInH7yFWneQfKDu25BI4xjqcfKveQWyf2hei525fwnrF1DJ3ZJ40EfHDHGBnLcZ5Awa8OmmfS2NlLJJEuqeLpSd+Ras0YYbmGQqPzgMOM8AA8179cI0F4zwMsq/wDCCzhlPb90SxVsEkYBwRkcg+1QpKMZdEk07tqz3d1dtbaW6eTVtIK7jJr3deaKeikkrNxezfZJ20a0sjzHQlhTxF4bMh2yTeFNQIuWYlg0KMEGScggn24OMHAA6m31eLVItC08x7bq10u9t5ZVAAl+0s5hYsMjL7RgYOenIrmrCyju7vwpcq+Gi8I6m8uCd33sHIOPm5GT1IA68Vy1rrNxpvie20x4cWk/9mCC6XIKbjMMM54wfukBh2JJBwc4uV5JWSau9W243e1k7dk29Nmwmovlu3ay5ZX1le1r6b72k9rWfc7/AMJR3Fp8SpoIY3jW68P6O0yruDysgucEHOADjt6ZOSSa+KvEb3l34t8RfI0qrr1+jNNK2Y1EuAApPTnPT2Pav0P0+3S1+IFjqBxIF0vR7U7GOG3LcEA9zyxJ6dc4wK+J9f8Ah6954i8R6mt6Ikn1/UrjykuiJVTzmJBQnpgYyeoAHTgfRcLSc684wjdxitHfa8fKXbbV+ml/m+JVCODoubsueyUtWryTTbSa1vZNK/fTQ7X9nazuIPFmqPP9lihbRZtgVlchzgby2WIOcBsDn/Z4z2f7ZbG30n4XmW5gUMs7M+wt8oQckDvjOOn3gMHnGb8DfCFlp3iK+u47pppX0adRB57PtXJJLclCQM/LwQDgYJOeg/bDtba5sPhlbTWsn7m0nKosmFkOwYPUAk4UdwVwOdw3dGKUnnsGkoyTSim7r4Vq+1t76NXvZ3uGFVKHDk7SlyyvZ6J6tbapb7LRr5tnifg3U4p/hD8Q2F00nlXNokToNqglzxtU7hxgkbSTgHPWvP8Aw3eGJrQSG7uH/eNtWCQiQGNQFViM8ZA+YYBPBBIB9Q8JRR6d8MfHCw6ZDChu9Oc7gZSXLDPyFdpJHXJwMENkisjSLy4aSxTymixIdoSNIdv7nAxtBBXGSAenOeciva5ajniZSUZNWUm9Xe0LPVN2UW9fnpY8JywzhRUpOyjeyumm5R3u3olfdp26pWPJvDCpP4guJ7PTL17l21BRCyYkmaRpN4QdSwyAAAG3dR3P0x8C9E1i18e6OmpeHrrRkkgu5Y7y5TMbtt+VRIB8zHH3ScjODggV4h8Prm/074gPq6GG4vNMn1K9sYbl1eDdG0mBLHtK4yFO1sjrnpx9T/D34meLvHvxN0Ndek0qzsrWxu1Wx0mFbazL8lHZUHNweshyd+Rk5wD5eYLEvC4icOV01Tam22t+VSXLZWuldrmetnpc9bAvCLGYaNnzyqQ5UtE3oldbrTf0b2djlP2ukhn8ReD0u7qeJo9JlVRAi8qsp2liSMA7cZ7Y6Vwfh610mL4beLlt5NRlWWSwSQCKMu0+5ThdrEqvTknAwTyckdZ+2Ugm8T+CX2M5/sq4RirYViZyRkk9hjovQdDnjhfDG+z+GvixIdsDNNZHBuM7T8vzEkdW5LE+p6c10ZDz/wBmUeV2tKNm3LX342X5p69rmecyprMsQp0ud2heyT0fJpfrfW7vZ22PP5NNkaPzYdGvZxvUYuZRGdpXKrtzjA+uMck8V7d4d8KeFJ/h5pms6/fLY3UGp3VqulWkEN9NGjOcSSbyG5Py4GcdcEk48Dn1Xyubu5BBZRhLpiTtjGSTjjqRxjB5GQa6Wx1Owm0SzMVlOzLdyuxErklgdwJHAPy4I475bOefVr08bVdLkxEqS54qSXWOiajvfV3u1ZpbdTyKGIwlFycsMpXtGMXr73u2d3qtbb2TS0vZnunwdWwfx5qEenQ3Cx29hKkcskP2WOWIsxQeWMgtg5JBPzdT1NcR+19rer6Jd+D00947bzkmadpcNld/J5HygJ8wxzjB7cd58B9Rh1LxZfEWkqGOyIJkPzEhQQRg+nPqeep4rhv20Uja68HK8eQba4OGJAHO4AjaegOBx+fBrwlTqUs5VNzc5JL39dbqL2e90r7eWt2j6STVTIZ1FH2aktrfDaUUrbJWW9n116HG/C/4q+JfDPh19Phg0fUrK/W4ncTMqXI85SGCsBkHax4yTkj0rXt/GllLJpYv9HuLZbGd7ib7Kyz71mkBwufmHBJAyO/ArP8ACfw28P6v4E0/U3860vItMuLqeWJ2Kt5bYRAowM4J4xyeuelUX+GMyz6cmm6/ch7+yWSFXDbFZnG2MnJwDnk8lccDnI+3jRqrlnTTvyrZPS/Jey6JWfT18vzv2uHlOVOdlaVr8rW3Kn7yT27W23tsdtc614Y1LU9fuob8WsdxDFHZwXiMkrZ2DPIKpjv930IAHzSvp6y6tAbaWC6gTT7YM9uysA25e6nkjjPuc4wMV55qngLx1od9d2k8dlqZtbVbmZUxIUhbbh+wLKp4HUHkYY1z00+r6MPtEllqunuBBNK8ETrEEUgoHXJBRsNnsRzk9tPrFSMOWUU2mlztO7tpZ3Tv36dxrCUJ1IuLs9LLmVrJK2m600V9PlY8E+MMM8PxK8SxAt/r4QCTn5SgGcjIxnp1IOByKo/C2Er4+8NhUBRdQtw4GDuLHGCckjjg4zjqetXviH4gk8T+L73U/s0UMzwwRHZGsazNFHhpCvQOw+83BJBJzXRfDnwprdvrfhbxHc6Xf2+gjV4nk1R4SLZlRvnwRgMASBgLzz1HA/NsTUUMyqXcZOWIfLdpXvKLdujSbvbR9dLn3uGozlhKdnLSjGL7WjGCs7XV209E+nkffjBI9X1qB2kgZ9NRshtuNqE46EehxjoD3xjkbC1s9R1G0NzDa30RsHjZXSNuVJ4HcuMZJOST0Peumu9W0bUdc1e903UbWdZrBrdI5CsUgZIlUsQ5BwxOAfQNkDkHkbHS7q1vNFAhkWWSOZ90Z3Aq75ByCcA88YxjqQcY/RsHUhKjSSanJRS952WrjypJvlvrtb7rpr83xtGccTVb5lq0viV7TulpulpqtLa+ZhXfw10TUpdamhjk0iSzuCYGgJAx97lB0ycEAdPTbyPONV8Da/Z6dDdRrFq1oXBHmAGYMzkAAjByOc4yc5wT82PoC3upY7jxFbSqS6zpvJQ5XI24djySB1+Yex6EV2uo28P2sJkyUvVUKRzsjlJ3BgAFJYk9MkDj2qthaU4puMVK1lyq0r80U9rJP3rpK9lpumh4fHVaU+WU3KOiUZbt2g3Z72ad1rrbtv8AOlvNquiXwiY6ppVxGqOExJJbZC8MVYAEZJIB+72wcCtptdvL+CxjvVtbpjrFrO1xE2yYKrjG+MYO4jqAeSepBJr6HuYrG61yFJIYJka1RWSVQ4bMZ659B0PbJOc5rxrxd4WsIX0m+sh9ikfXPLdYlKpIgkJBYYAx1AGDgZA25zXn1aE4Qk6dafLHeMtU78qsm2rp7vfqtHe3qUcXSrzp89KKnKStJJaX5X0XN9/n8/vvwq0d14SO1sq0ahN/AIWIMCOueMrx39zgSeBZmh8N3emXKqqzy6jcWcy9CfnDRZPIPByu7ngcGl8BWy/8IxHuYM0MDg4yqjbAMkjrg5HAzjdncSDV3RbeFfA/2hvlkj1OQLIATtEkrBiBxlTnrnGOvU4+Hx0l7Vu7tzK++y3Se6dr35W+it1P0jAe7Sp3Tfu2Ta0fw9Fd9bXTvaztrr5n4B+bX7CN84bxJbISeqt9sjw2c8AncT0AyecndX+gl4ZQp8PPhcARx8PPC6nPPTTLbdzngkdznkgdzn/P38GWz2vjC1tncM6eJrKZNq8MJLlHBBX+FVPJJ4P/AAEV/oKeGgG+HnwxOf8Amn3hgjqM/wDErtST+fA989BXzGeVEqVFJOS9pK3fVQVuttbu1tLt69fZwkP33Mnytp7Xet46arZN9XvbvpGykEj6kD35GcgAg88jgZBPNTxplOMEkDIzwvPUdSfTPUHr60bSG5IIJJyF5P8AcP14xnPTBA7FyD7uWKlSVAxnJb5uOnGDtOOgJA4wK8HmulZ7pa303jfVdVvo9feV7XPS/L/hr/5X6jduMgHOSeMnHIwTn0IPJ9sn1qPocDbnBJ5ycAgAcjg57nqe2RmpmJG4DqORkADg/d45xwGOeD0ycmqrgng454PX5SFBx0HOcgADGFXkfNTu2lbf10W121re/pbXToRyKdotWfZPdK3fe1ld7X7IsbsDJB24JGT1z8pG3B47ZJbPBPpSfLhVUgZG7nOM8lVYYGeOOmTkAnAFQ7GOc9QpIDMSSSeNxyfTJ6gZ2g4NSCJ2yWYZXbtXIUHHBx3Ix1PAIyaJKLtra+itfWzXbSy27a6kukne1lpdabNaL8Plv3sMJJwfVeAABuI4OAenGWJH3uMdMU0lcFRwTkHuQAeOnyjjrg8jjripShzwcHkDttJ+Vgc4yAByT3GenNMMZUjnAYHkgMDtGMY7d8DB6qPlAwYbSd222l12S7pWs+933WrRnyu9rbLS2z228tul/TqmSNhGQ2AWJJyN3UADOCckj5scdMgkGQGZQQcgcjGVwePQnIz/ALPr2pphfJGRypYc56AkZOfvHrzjGCODnCGORBk4UbSSQVbGCAoAPJ5zjBwQR073BttLmlbfR9Go2u7pPtdNPq7O7YoyeqeulndtXTjbrpprr5q990OAW5HBABAwQpBGMnrkA56gYAOOzDtXdxuGMHIAOAOzDqGHsO46UbWGOCxOSSwP3m6kHsfY8HIIJJpTGQuBuAYDk5PXjB3H5QCMYHynGDleK0V217zdpPfs7W3e6S89Xr2cSUlpJXty2StbWMWr3Se7s0ttdRpKnaQvA55ABIbtn1JAz069TTSCdoA53ZPOCwUZ57YB+ZuoHTpSFCdxBz0AJOcbRxkH6ngHofXaCoUnPT5SD3ySccDqM9zg4xyOhpqVm+zcbX1dlaLT3ltd376uyfvYNJfhZ6JpXXfsrau/yTsIeSVDBcfLkYxzyQBjJ3AY5wRkkgHNRnCk5I5yOTx8o6D5ep6ZyO3QYqYggcjBIyNwIBzkAjr8ucjAHHPBzUSo2QGIwwxkKABwTgZOQMnAznIByOxq6ve90tVZPZrz0S1W27t8rjFWvqttLNX2XXrZ7Pqu6Exkspz8wABOMEYx0OcYOVIzxzgHODKqkHIGSR0zkfKOmD/479TwcZK+V0yO+Qyks2MAgnOe+QTz8o4PI2u2kqVVwBk5IHRcDPH94g4I6YJ6GqTWiT32u9ez06WfRaPdWHZvovstStrrbyt5PfRva4ny5bqSM85wckAnA5U+gJGM55J5oYKCWUMVI2jOcqqoQc9h16kgAnjGcU9YWDBug4JIYcgn6jGeRnHGcjocgjYAlSRxltw7AgAnk9GA9qcpRTtfdadLapa7Pra7S66XQ1Bu2yaStpdaJdfnba2jtpoVmIBJC7jtOOcY6rx2zjGRkcDkAZFG3IGAASQTkHpx8ucjJ79sbudvGbAiZWLDB4A7EEYzk9M/7IBCkAE460oiwAQN2c88ZJOcfKR1YNjPIK8+pFRs9m7trXfqr21SVujWvTV6CcmrJadnZabbp39fPVrawiIhOcep+YAdtowMc55B4AHoez2iXGApOdvy9T6kqRwcFTn35wF6oqkEfKAyqeoCjrxwevU5Bxnjg/eKEnJJyTgrxnAGc5wex/PJz7Elo2r3srO3VaaO2jWqV396E4Xt8Li7R27Wtuumu6ff1a6AkFRgHr8uBx2HPAAyN2eoJI+XJh8tBnAJ3A9TkYY9+M8Z7jp1yalYn+HjjBPcn34OAT1+nuaTG0liOMfMOvIPUAA46HHU49+SRk1ve2itbzV9nt2vfr0Y725fdUmratarbXbr5PqmraIjaNAQdmeQMDuBz19vz446A1VMfGeuCcYBUk5O049cc5znG75eObrMGGV5UA7vlyDyBt64HJAPHJJJ5phQk4LYHzYH8JP94k5BHOcEfKcMccmqcr2s2lr09LX11t6/IlRcnZx3tHS1+X3Vpp0d1fT4VpqUlj2tkgKT97GCee5O7OPl/ADHapBHn7w4OcEcE4PGeB27Z9+1WPKJIAH8OSwwG+UjAJPAAzg9iCRjgZGV9pzjOcZPHr06fN0yOBk54AzVN3t722j0Vntuk9ul9vPq4UEraPo1ezS2a0/TbRrTQrFVyQMcYbJxz19sHPbPv2PKBVOAAejHnt/7MeuP6DAFOKtkhUbIGTkc4wD93rg/eOT0A2jqaNr5bZxwo5UY6ZyOR0yBjOBngU1Z/aW60uk29Er7f4rdvSxMYJtuzaTva0X/ACpbrTzs9UryfQhdBlTg8gIMng+u30PTcAM8e1NCAbgRyO+O56/wjDenPzY5PrZ5JGW3DB+Vh0LDjqSMNgZx/d7nio3+YNjG44GRwCB/DjjGONvTbx6nDU0m3o/X5NW+fe1mn01Up9UnfrdW5dnzXu7a7WfNo1r1reUoYkj+H378fLnuOpGM+4zRtC7cqAQfXIIOcfXooAAxgnk45mBYsuQSOh4xyM45IHOGP+yOAT3qAKT2ydwzt6AEkjJP4Bs46DAPGb5+Zpbu23yVna+yTXdffpSfZXdru8U3uldffvo763uxdoJwFCkMMZ6ZwPvYOMY65GMjHTBphjO3kDLdBkDHf5jjuAcYznGPapFfGQSCc7sgZwpyRnGRkDjBwQVz1NBAcE8hsjPcqMcdcnnJ3c8YyDgA0nrr6X111Sd+uj/XVapEvVJR1f3dn0WvXe/o9yoVHyqCOu88AEEqccHHG4c4zj86jZASxBycLjjqT1OMDjGAMg46j3vBEB4U8HOSOPXqMcn0wOBx0oAHy5QYA3EHsfzx6dQMDHY4NKVtbOyXKr+Xy1fXV9+5PLK60bTtru+j101t15brd7plIRMeP9rbjIwACG2nJ9SQT2/PL/KPIboDgcA52+vzHkZbnvn8Ft/w4IAwT+I6jPpz17YzxSPz90ckcEjGMEgZ9c/hzuPIGRfOmtdPl6dlt/we4aWu+/bXpZW33t6q2nekyZYHGCuSQuSCCRwBwBjsTjtz6tKsMnk4yVyAOvc9OuQSM/iSKtHp044zn1XvkjjB4GOeOQKYSQxx9wgsR1xxjuOcAkk5AAHA9BSVrJ6Ppf0033v67aMd1ptstNrq6stuuna9upXMQwcAAqFPBPU9cZBHIzznueRigxjjJ6gkDAwBgnGe56nOOcd8nFgjCnIBAIBLDOMn7uO4A5PvgcZxUbAnOAowCBkZDHOfQcAEdTkdcCkpX3d7RWt/JL5b31s1q762HdX1srvs++9u3Ttb7yEJgbjwGAzxjvgZPTI68/rmlZSMMoHPzFs4BBA5yc/QAA4HPSptuQoJGTjggE4AzzgYPI4H5+wyHAAwMfMB94j8j1OeeuDj/eodm9209tOmjevml8u6E1db9d/S1kvuvZpfiiA7lwpUNzwuRyB074GXHGSTjPU9WHadw253epO4scZA4yvOTkdSM9OBP5bEMxIB6ggDIJxgYAyCOcjJUjrUbxuu5shgQOS2WAUdM4IBAwSemBgDDYo929r6aaX32t+S73u+wkrrXT11/K/5IgI44HDcAbR8wAwTzyOCAMdRxk03IIcNyxbaMcLkE5JAGSDycdQexGMTeUdocHJ4xuPcE88Y5xz0AxyAB1aUI2+4AyBnHAJxnBJ55IOT1PzYql2V9NNfK3p9/e/kKUX7uqWunTRvRdNdE1t016jPlwSQclQVweDxk8ZyBx9OOwxSMC20dcgAYPTtnpkjHQeuOeKChIAG4YYgsSMncSBg84GMewwAQc8OKkMOQWAIGONh7EHkEEYwSDnj8aTs992k3dN9NLy1T29Wr+ZHI9nHRNW1t2u9EtLr133e1coMYOSQDgkHI9FJ3c579MY49aaFzuBKjAHIXpwc5I645425Y985BsDJIQDPO3OMkHnJz6cZz19emSm3A2bSDz7YGMA9enAJOQBk896ammnHSzsvxjazafV2evR9FrM+Vp2jd2Xnbv28lf5rXeERErnH3lA6ct8uCQOOeOvOeuflxTdg5BIHCqO+Rk5GQM8EgkcHPbk1MSVIG3jd8xJGCBxwc9s9DjknjrUbEDaccHj5uePTqc8ng+wwOlCV2nfTdNXu1dLto9fytfW0qyXole3V28tX+qt6EZTBIbBHII5Jxwc5IIPPAA7ck5yagYDgnlWVsjtxnB57g9cDkkc+lopkhsj5jluxwcA498Y79cZOaiaMLxyTkEYHJBwD7HHYH+hqqb6N2bey0ty2aaTtra9mrt2vazZDi099Orbt223t2T17eueY8hic/d4xlv4ueGGR/u4HGegxUJVfmYkKSAgA55wB1ODhs598jtgVcljfa2M4BHcZABz65LDjA6HjjkkQNH8owD8pztHUZ4685z3HXJIx8ua6YyTSs720vfrZXTel3fy/4OjkuVWu3pFXdrXSvqrp3179lbZwlCGYcZAAJyMkdCCMADnk9PmJ6ckNwOGIJHVl9MHAyAcgAYIJByR0GaldBuYMBgLwM5wT3BOeBkkc8fNn2i2HJBJGFBBHf64OevA+g5640+Ss3drva2vXy13V/NIi3XRXv531i9NVfSyW1m/MnUrgDacHJHI9hkgDoMYxkZABPIGbUbYwuAcH5WXqNxxyMdST8xwcdgM4qmiucr06nJ5Bxkbe/wA3J6E8cZ4ObUEbE4HVcbuo+Vu3O3nseSMZ74qHaWkndNed2lyrpvvfdK1lYe3fb57+WnXW2ve90ek/D4f8VHa4BOba8JYnkjyH79Bg8njGDnqSK/hf+L72o+N/x8fcVkPxD8Vx8jiTPiqYEkkADOWIzjJJxz1/uk8BKRrlsMY22WoMCozkLbOTk/Lxk8c5J4Ixgj+Fn4sWs03xt+NqGRUjl+IXiyQllyzbfFsoAyflyOuc8dycrnzanLHE1I3fw00o6LRSWj6bJ97Pfod2D92auml7yT0V9IW2S+J+fS1kk0dR4mktn03xi6IrD7N4chd8naFSOL5eM4IUduuOmen5K/tK+KNA07xhcT3ajcjlYbZIgZJP3ZOQnGAzH7w5xwOgFfrJrcUFrovj2QFZQJNBUMScofs8I5x0JJOeCQckHNfiL+1D4O1nVfiFeail4Y4ZJFjjV3LGJQvO1B04JOSMkckKTx6+Q1KtKpV9hHnm1GKi7PVqFnq99776aLRnm8RvDugvrMuSnGpFydttmku3X7j59m8Z3usatFYRySabp5n+WC25uplBwIwQflLYX39Tnp7D8P8A4P8Ai74i+N9M8N6VdQeFdM1pS9xfzjz9Re3RsPI2SWJIPCZHJA3Y4rz3wv4MtdH1O1vpWaebZKWllOVyVJ+RXJy5OSc9DggLwT93fsmwTat8YfD7NG3kLps+0sSQqI2C3ZR6naT2GcYr6ynldSvJVMbOUqjTahdqKXuu21rbX0627Hwcs5o0IungowjBS5ee13KTa5bK+uiervZJXtueo2n7GXw6+HGp+Anmgm8U6pe6/F9sv9SXcJUWNmwsEgK4LgtwxJGOxXH39p3hTS9Ns4xZafFAqS+WkMMSRxxxggBFRFXbgADvjnOOMc78TmYeJ/hnAiZ/4qBY8gcEIjgHnAJx7gnPNeyDT5Fjd2cL+/B27RkMMHOGxwBnJ6AHJ6c6YXDRhVq8sYpQasopK2kUmtFZaWW++z2FicZVqUaLlJuTU23dXsnFK9tN9LaWTvZnzl8RLAxfEP4RQmMKW1W7kKrwu0BsEYG1TlgDzlSRjnFe9aJpyySBWiOGnfBfouwsAqg+ozz7A9a8t8eR/avi58KoUG9YXv5Fc4CqFB+ZieFBJBbkYGc9TXrGo+N/C/heSK2WSTXdVO/y9J0SP7VdCTJBEzIDFEobBIL5Azu5wa2dSlR9q5uyi1aDtreME1fTa9tL7Xu0kFOFbE06UYRlKVnrrbWS3sla61b2ur6No9CFoTbTFI1yLS4HC4BIgkAwBnPXr3xnryfmz4Yaxo/h7wte3us39nYxJrerFfOkXzpCJmzsiUmRj/d2od27gd67W+1n4i+J4WkNzY+A/Dv2W6lmjUpc6zPB5D8PIzItq5BKsVbKEcZx83wZpPxr+Cnwx0a+1HxfqI8R65HrerJp2lRudT1GSNJW8qQQKxQb3VvmbnHXBGD5tTMoSrrkSilGXvyajFX5Ve2rbXa2r20setQyuaoz9u3J1JxlyQWqUUtG3our3e13bdfcSfE/WdduYLTwJ4SvLy2MpRte1dWtLBGAJWWNOXmUFWKjb83GTyNnzdZXGi6fP47v/i38Qo9D0qLxXeTT6VFdJp2n3ZChmHkRuZLjJ4QlOcD5hzjwG+/aV/aR+MhXTPgv4CfwF4akbyV8Q6pAVuFibKebCsixmNwnI2g4xxk4rnfhL+zUfGXi7xVN8Y/EV/4s1XStSiLLNdyG2ubq4Ia4ldWYLgAAKpXouNvUVyRqV8ZiYqn7Spf/AJeTTp07JJvlvbmWkrO1tLJaXOnkoYLDzlJQilFNxp2qVN0ldvRe9Zb2Wjt29d1D9q/RJNQTwt+zr8NrzxXdiXyV1qS1kh0xZAdvnGZlKyIpAbJbPPO41i6V8OvjF8QNa8Q6h8WPHV14bsp5dPefw54fla1gktZ3PmW8xicHCrxv4PPJJGT9oaL4Q8H+B7S3sPDuh6VoOnRRxq0yxw2ysUwCXuGAJOSGLFuedxJYivnz4mfGHwV4d8Q+JrZbtdfvUsbKadNMKy29qlsztKk06Ewhtp5UOeT9K9nC4TDUHCpja8XJzScE/Z07bNOzTlFJu7d12vaz8TG4rF16dSGCw751TlzSUeed3FJcrtaLb0TS0e2l2/jp/APg601/WLaISahDZajdW1q11Ozu8algHmdnJZid2TgsMkE88eR33hDQFv7wQW2/fcOFUSOVUBstszwQB3wc8kDAFbtv8UfB11dahqEmsW8Md7e3lz9kjUy3EQkdioY88qck7TgHGeCGqjYeIvBmpy3klrrF9OWlynlWZZlkOM7lJGxOcAknd15OTX7PgMy4PWHwlFVMLUcYJOMYynJPlin7vK27t6JLV66bn8xZpkXiVUx+Y1/Z4yjh6lVzhOVZQThzK1nKceX10tvbRWY/hPQEt8tpsbyKgf5yWycnAzu5zz1JwT16mqaaLopjjRdMtxLJIcAxhgGB7ksdpI4wSOMgk4Ibuornw/Jayuk+rSXCI7qj2qCNhGrMBksCQSBnAJGTjBrwlviiGnuY4vC16Y4J5EaQq6+YIpW5TapyWHYZxn0OWvHcQcJ5fyOcacI1G1FrCS1sovl/h32ta/Rvd2QZXwhx/miqxo1Z1KlLkco/X4vli2rNy9pu+V9W2rdT0/R9D0prnUYzpto5jeIxIIyQjkBW69zwe2T025O7qzo2nKI4P7LsyzbSDJAOOvylsnA64yBnPUDBrwnTPivf2t1dG28G3RS+KuFmMgMWzHVtjZJZd3PHTJZs467/AIWx4nba1p4GM20jKmWTAPQnJUEnnBG75iMHnNeVhONeDqNGUJRheVWpNcmElJuLneOvKrWTXVWWna/0GP8ADfxBxGMhVp1Wqaw9CDc8arucaVNVNFUernzJu3nuz0WfSIVjkRbHT0CwzY/dA4G04YEgZCjHG7dgZ47V9K06NdMtplghDlHSRkhRi434X5sA5HJ5B4APrXn938SvH8kUqx+B4I0eCVDuk2lVKE5GepAPAOOe/Oa57R/HvxSW1toIfCVoY4jIqPJ5eX3OW+YFu+R05446Ljmq8ecMrF06tKhNwjTlFyWFs3Jyg0tWnaykm9Ndt2z0sP4ZcaSyurh6mMowqVMRRqLmxkpJUowalr0s3G6WvZXtb3hLC7kXyoDbp5YIPmxIOpyAB/Fxg4OSSfWsvVdGvPsF+JriOOPYjFUVVBUuo5OzPDAfLk5B29zXmE3jv4yxkOfDelJGyAguLfIXoOd6njjHJbkErySMLVPG/wAXrmGWKez0eC3udpfaIBIAjBsDbLu4IAfI54z8vFYYrxDyN4fEU6WCxE5ThOKboxjG8opJ357WW/wpdrWR04Dwk4lp4vCV8RmWHUaFWnOUY1qkm4xcW1HRJ6J7u75dlqfQFl4XuJo7DbIpBhjUKQIyQy5HzY6YG7B24x19NVfC9yWZftCopGJF4cghuA2MncQTgEHPBJU184ReJfjLIIn/ALW8O2kTwoYvMltsKgUYBw5wxBx2Y4xnGDVaXxB8VkEjXHjbw9alyeY7iIEqe5wzZA6kgZ5+7U0/FXLqMKMIYCpPkhTjtTheUeVXu3darZ7rTRhV8EM0xNXEVKmbU4RrVJT5Vzu0ZO6Ttq2k+++lnY958SeH5LXT4x9qMm+/gjjbYVGWORkFTk4UcHrkAquDVdPD19K0oQFWOAzSAIM4zuBJU4PoRx04Br52udV8Z30MsWofEvRxBbILl/KuNzrIpxvCgKRtxyTnK7vl7jKn1a5dQbj4yQEtjJjmkb2xgqMAHPA6jFQvFuhCrWn/AGZFqXIoqVVX91Wbuk0m72vo7p7XRvDwHqPD4ejLOJXpyqznJU52bm6bVk3dW5Wn66NbH00/hq9McgeeNFj3gh5I1wP7y/P698ZGO/OOTbT7e38UaPDPqVrG8ttcAGSaLaNpGdz7yAf4R+GFHSvnq+1XR0QCf4rTXLbWBEYkPOBkZyMgZGAf/wBeCyeDLq1uL2fx1qbpZSIjyx28m4tK3OCxU4O3AGRkdh24sb4vOvThGnlVOPLVpzbnib/w5wnyq0dLuK1Wmu21vRy/wJoYec6lXN67lKjUpe5SWntIuF1edvd5m7Pfufan9laUolaTxBoyFgTt+0RZJAIwMP8AeBGSO/A6VPBY+G4ER5fE+h5K5OZoy3B6A7jk4O0ZBwcHJFfE8dz8Ly2J/GmryLgZ22bZOQCeBJ1wepwP1NPW7+EKuQ3ifxHKCSQyWhVs4zg/vOc5weoAPXHNZy8YK7fu5XQhfo68m0046X5bX66eiEvATAxVpZxi56rT2NNPSzvpPXpbXpq2fXCXPhi28WXTt4k0kwnSYVadHTywSX/d5P8AGOBgk4JOPl5PSDXPAccYjl8Y6IhVQQfMwcHJbBAGGxzgknPAGTg/Ebv8KWshqQuPElzAsj2zBgYmMq5PmEByCrA/p04zWS+ufChHCjRvEM6sArB7t4zwMEjDHAwQygE9cc4zXLh/FrGYeNSKwWGvUrTqvmqVHZy5Wvh7bLy3N8V4GZZi5UJVM0xsfY4alQUYQo2kqOl22/tO11d2a3vdn3i3jH4Z2ceJPGejAlgF25J9TuG04yAeSOxPrXO6Z8Tfhtaat4gll8S2XktJD5Enlu6zhRn938h4AIzg8HHXk18VjxP8LYciPwbqsyo/ymXUZNxz90A5IJH3RkjJHY1q/wDCVeArWwtNQTwTJMt3K8ccT6iS6IASu446Y3ZGOeB8oIJwxPi5mFWdKaw+ETpT5tqrXw8rv9+v3aI7MF4GZDhoVL4zGyVWkqUlJ0oe7zwne6jpeUU76u736H2bdfGj4WwBT/wkSsSzN+7twcdcgAqOenrgk8emXN+0B8LrVs/btQnHzf6i1RRkKdmBg8Fipz16HJxx8ij4meCY8Knw1tXZNxVri/Z3B5Yfw4A7ENjPOM4ApzfFnw9t3QfDfQYySQhkkEhT3w25Rzg56LjrWc/FzN+W0VhIOS5U1Rqtq6jteVrLe9t1o7nVS8EOG4aurjJW6OvFX+G1+WG7V3v0Xq/pnRv2kvBWkRXNrJa6jctNqMtzGyRKoaJ8NgkscnB5B755HzVo3f7VPgsNiPw9qswUbtxjOSAMkNsJAychgP5cj5bvfiVbWQtHj8G+GgLqITgSWyyFCrfdDbs5IC55APpkAVFF8bLyFGaHwv4VTcHADabDIVGcjLMuPr2IzXBQ8T87px5IYqjFK8rfVk9W1J6yb0cm9O7drJadtXwd4Xq1faVMJWqSagrvETinyqFrR6JJeWqXay+mZ/2sNFli/wBD8Iai+GBVSZl3YA4XajckAKBkkYHTArntC/af1PR7a6trLwdPdm91CS7BkS4P2ZZclISvktkEOPmLY7nANeAt8cvEgXbBpXhaDOGVY9IgBGWyMErnLcZ5I6nPCmq+ofFbxdb3sslrNZ2slzbxTSmGwhCD5Q3yccDgZ6AnBIyMVy4jxCzjEzhWqY+alTvyunRhFe8knZJeb03vdJau/bhvCvhrCU6lKjltNwqqHP7WtVlzcklKPM3tZ3vbV6q1j6PuP2k/HN1dObXwIwLoIyGguXKLjaWBaLHRjnaQOp4zmuf1X4n/ABI1i3u7CPwZLEt7CYjItpJuUEZyrmMbixycHk8lc5Br59l+MvxEdf3OuSRlwASlvCm1VAAAIG7bx1wSfTrirH8V/iHPPbrJ4m1QIZo0cI6qOWAJACYJ4PGcAAjAGBXFX42zOvGSqZrj2rNKMfZxi01FW921k1va26T0PQw/AOTYScJUMpy+PK01KUZzkmnG1m+a1tWttPNn0fpHj/4vaZpdja6d4d8uOyieKNzbp5sjrwwkBIwVOTg8jHarkXxG+PchEiWdrbJIhbM32OMq+OQczAjOcnGSCM88k/OvhrxV4qu/Fbxz67qcsYlugUeZhEd0b7iyqBtJLAk4x1HQk15xqupa411dRtqmpSKt5crzeTAACRiAoDdM4OO2cEDArz48V5pGEaccfjeS1opVnBK3IrKyaatp5t32at6r4PyepPnqZfgnUfvSk6C96T5b6u2/pZNn1rqviT406xBcWesahpkNtKVM0bX8EAKodygneylcgNjJJAAIIAFNi174rbY4JfGOiWiR2yxxhtRRBHGqgKrAMeQO3OTj14+Kp5rxzxdX0uUG4SXM7YycbjubHAAA449MkbdrVYHl+xfvpFb7FESVnkGdqgkk7hknvgjv061MuJsw5lOOLxLk4qLcq7cnFNbWa01bf6t3N6fDGVRgofUsK4J3S9hTS5mlFuzurtKze+ifWx9dibx7NuW8+KuhW6sDnbqY6enyknI/h64PXoTWXH4Y8NnUU1nxD8RtDvNRimWTz/NE7yOn3eQWyRj7pAyB0zgV8em0cgSBmZCSCDNJkDnnrk9M8Yz64IyyztN11b9Tm4X7zuQuDgkk5JBAPBOQB1HArlnn2LrLlrVa1ZXVuevJ2btblUnuvnsnpdG9PIsFSlejhsPR5v5KMI3Wj6R2sttV6s+2pfEfg0TSvdfE+xh7vCtuCFII2ADoCAByBzgHoADal8YfDJY1EvxMuJSCuVtLYMccZUBsH3wOQAORzXxNqOmq99cttU4cKBjA+qjB4HAzj+LrwRUQ0pVO4hfl2qSGAx1A69fvZ9M8nbncYea4hwUfazdrX/eTejUZWsm1y672S6X2vr/YuG+JQV79YRWyT6L569dHra/2nc/EP4M/OknjHxJdYVRiCHYeMYUAkAgk8bjn72eQaJfip8G4JVLXniu6RYEVUDNGzgY2qOQP73LdevBPHxjHYo7gMBgMoyvBJz6ED5c4y2BnJGOcHZ1CwgS4jJjfAgTlR/s9uQABwCOOewzmsZZjWlyy9pO6asm5cqty9G7rX0sma08qw8bL2cOjfuxSbve9lFt6366aPyPraP40fBGFCRoHia5Ocpvu5FJIA5JDZJ454z6Y4NZd38e/hItuUtvAGoTTsyCOS6vXYJIjZDsrbgRgDIOAc5zjFfJJsomxhCqg8gE7yc55B5Oc87jx16nNO+yQFd2wKwwFDHJHO44XoBt59TnPPdxzPEJWdSTvq9Z2V2u+2vWyWq9Fccsw8ZXjSjGyTurJ6W12u+nz8rH1Jd/HjwRFqDuvw3tZyIowrNcSgPuXsCPU87ep3H0oP7QnhcIr2/wu0tWQkASSu3BBBDLgd+TkcbuOoB+eb+3QXEYdRu+zxMoXAAIUYwMbRgknvySc9DVWG3Ta7MG3buSpHHPOSuBg87hnpnHJxWUsfiLJe0k7bXbbSvFPWV3fVPu/K6No4WinzOEb2Sfa3u7X23d7b3s07o+jm/aQhKrFa/DXw+hZxGC0SkxgudrYYEEj1wQcAleMm/qH7SviJJJoIvCvhlSsca5+yxsqLtBXgp944GTgc8D1b5m8oAoFJXaysGzu6kZB7YPCnGMkE4J24uakhE8sQKl8RFpDwcbRyeD2GRyfpngy8VVqKLc2rdt20rXd4p2v82r9LI0jThFWjCN79IrR2Ttazd18k7dVoe0n9pXxzysOnaBBtyuI7SIMuCAB93I9PUAEcYIFX/ho34ju6iN9Mt9ziMmOzjPBABUtjoBwT3GTnByPCVUMNv3snpzkkHGctxyOcdOvTqbUKBJEU4yZVZScnkHJBIHQ5OeoxyaXM1Fe9ZX117pbpJ66K2ndttsqKvK7utkr2atZbK1lrZa6/r7DqPx6+KSXLxjWYYolVVUR2yAAMARgYHt+HTNYUnxt+Kk0u3/hJpFVs4CRKq4PQkHO0ncensAe55LUlYXTRyMfmRGJAzxtxgj8Tg/N2JHIrOkVXeNMMSAxOBt27ckZIJJ4HXjAI9qwqTm242TXu2TUbp6Jtu+l72Wja1ut76cr012d9krbXv0vu7arRdbHan4vfE6WRFm8W36xNNGjJEQqgbwCBxxjJOB0zjB61X1Xx348N3cJ/wAJZrKxApjN04PzDk7egAzxg8Dt6cjFtWVAxfiZNgUEgnIHJ74z8pzkYIG3kHQ1YOuoTA7lIEZxt3DG0AZHY4Oc5z3OBhi6b7Llulroraxun9pPS/mt5a2CUWuujtdu/W17u9rbbWdtyV/Fni6YkP4o1o5GMteSAMFPYjbjr35OAR0wKDa74gmfbLrerTj5hl72UqVOATnIGOTnHUdcdajjiSQqCXPzbsjIwvOVAOPfONxBBycHiRoBGhChiOVUIcrjPAIxjHGR6d8HirjOSduZ2Wu/bXb4VdrS3d20COru7NJ3baT2tp2V++ttfn9R/s0apd2F74kubieeX/QliMlzK0hVXCElC2fmBywC/NjuOMfVg8QWUMjTrdsYzAC0uxcuy8H5SSxx97IHOeOCa+OvgS8sUXiEeUJMwwo+/hUUgcnjHb7ygkAZHBNe72WnJfTSCV7g7iI4lTKxnBzwMkEL1HJyecnBr6XL6UJ4aM5Slfqru90k9Hp0ts+9z4TiLFSo46MYrXlpqy+L3krvTor7dL+atseM5bbxF4a1ncjSxoI2R3A2gE/3QeS2OC2DjbgDOK8N1T4KBvDE3jC5c6XDEUFlAEImvztO10TKthyDsUYySepFe66zpItvD13aW8UsG+5s0mlZsAx+cm7cc56Ek44AzxR8S/F0OtX+j6RpFs39l+G9LtYpI1KmOe8jjUNLIFyoGeFBJ4B4yTneTxFTEUaFOCVH46k3rJxTjeyVm3zW+XyPPlWw1HCrEOTdVNWUXbX3d9la9k7pO2x8l2fhTxNaWr3T6TPq9n5YZfKi/wBJhjIc5dl+deBzx05zXUeFfHWuaIj2+nT3FiEjkWSyu2OGjyQYkjcrtDcZAwOcDPOPonwT4pstMs/EEg2XV8+2GO1dQIQm0rklgQuCemM8DjrUms/DrQriz06/1iK1a51Cxur6S4hxG9sGG6IZTAcL67s7iCMdB7dGlSc6apOSknG7vZOWjd7ct1HtZvvdWPNq5op0pfWaMJQTjqknK7UbaWtpFvTTfTy4nwl8TrI/YYNftDYrbXJZJUTMExlPzFwBtCpgZ7bT3zgd1NYaB4n1G9ltmtb6G5jTEqbWEfnNyoBGSVPO7t06YNeA3XhTULFUnsr+LULFzOYbS4hIBjRjghsEhdoA3EqABgYOc8lZeItR0S8muQl7pUisw/0ctJbgMwz5inhemeM9Rgg8V6lTE1qEeVqMnKNua+7tFWu7K+1kktTzY4TB49QrYarOly7xTS5b2e11Jb33303TPofxf+z/AGSkyWF6sJW3luRISsbQypEJB86klxk8Dpu6ZIrxnT9N8a+H7JbqwvWvtHMsqSx3KNMkjW0hMioxDFeF4I5XJ47V0+k/FjVtTufJvLpNRKQPbxKsvlOwkUqfMjcgMVVcDJwMjHPA9G8HeKNMk07RtBnMcbjUrpp0ugAjpJz5aOx2lSWOPX0IOBy88Kns6WqqTalNwT6pavRLX+n32jDGYZTq1X7alGUYwhL37xbirrTmXR738tTktH+KOm6lpv8AZepRS6JPbRvGhIZre4ZzkkOQNqnJ4GeA2OuB7Pp2saNo3hCTWbq+idHgkjkwysXyhEflKCSBng5AweMHpXk2v6Xpt7PfJY6fbeQmpmGV9i7Yy23hCucMSchl4ViCOnGQPAfiGzgnj054bnTrmI7rK5kL4VcsdgyACBjBHUEHbjk9VCNdVIRw/vxgt0ld35bJ2avv7y+/uRiaGHrqnVqv6vKq4vkk01o4uy63l6Wtfuj+lj/g3ruILr4o/HK5t8/Z5/h1byxsTywkupMnPGcnIx35OQCa/oAvP9ZIcY+dyDjqNzeuB3zk8/lX88n/AAbvR3lr8Ufjba3cIt2T4bxARbvlRo7h8CMEgAEDI5YYJx8xAH9DV1l5COCSz4Pc9eMdwehyT6VwZnzLH1FONpOjRbuo6JwT0tbTdLutd3ZfW5XCmsvoxilJc1TXpd2aa11drLtfbuqGQzEhWwcYI4OcEdM7uSTkFuuWIyRhmz5MkYOXwM88kHOcZ6gkcZGOMVMN5XCgFlAbhScc8ngDt8vbtgVKqEAbgCBznGRknt2POM8ddx4xzxKXa+3p1V7pddEn5vc3tDm0TvsnZqyfL81u792k+pTWEhvcZG313DgnPOQQcH5QCAf7uJBFjCgAEdeOCOnGMD3OB7571bEZU4woOMEAducY9MYPA684BHNPEP8AEwOV4xjHDdBnPbBztJzgjkU41GnrJvXRN37PRq+j0lfX7r2mVNPoktbu/nH/ACf6PoU0iBC8g4DNxnqCSOcHJxgEnjBHuaeETAGM4AHbJDYDdDyRnHzEHJJ6VY8pwBgDIIyAOgPsc8kHBPOOfmyBTFh3YBJGMkDAO7PTGc8jOMgkEdCOBVc6berSSWz16NbarTTy15XszLkjtZ6vRb9I62ffVrTdK71RXK7cYx0O0cE57jn8MkcjnB7U0Lhl+XJJAOM4UDA6+nqeeBjleatCEnnGCSQcA5BBwMk5Iz6dz0Jp4hfhgRg5A4LZAOCf93j5eRgYB5znSNSNl7ztu1a+l11vZd9X+esuFrLbra2uttHZLb1SSTtrvAqFwOBtIPQnnHTIPX15xyeCTUinaQpKjK5IXkbiQP4uPQ7c9NvdSak8sHKhh94NkjkY7nAwSecD1JPTApvlB8ABhnJYgHI28c/NnnPoMjkmhVObZt+S0va2yau+65fMznCX2V/4EtW9NOW3fVptppb2uiMYIA424YZx8xO44weRx+eM/So/KAIBx3Xnn5WXpz2PpxuHHTJNlYFBJBCgKc5Gcng4x/d/HJPAGOANGdoIAOCFIUDj3weMAY9W5446uMlGyvpo02ve1Ss1otlezs9dLsydNtNtX203vt0S7tNbLpr1bGCdw5BJyQOCwHbP1OcgcnHIqdVCON3zORjBLHjBGRzwRg4ORyTjnimLC24sfTB3BvQHjnoCDgDIOTg5U1YKPlSwACgHHGQPTJIOc9+M8ZwBT9prfo7JJa9Vd32626NGlOOjdnH3ko6X3aVtEnZd00tdrobkn5dwwMLkgEkBuSRnkYyD1I7Ag8Dsh+6ME98EE4PJGcgg84wM8jsQQCJsgA8Ak8DOATx0OcgjAyeMHkkNlPs7gnqpwCrHrtLHJweB3B525y3bNONW7ackkmk2t9drrRb6d3vqzVU9VZXdrPS+tovRNaq/upX0V0mtGRsmcPkfKccnp1B47j6984z2UjO0KcEdQRheMEDPI6dwAB6kA1LFC53O2SQ27DE47AnDL3647NyeM5mWBlwoZduOO+CQcDoAPw/Inq5VNN9UktVsmtNtL31d72ur7DjCzW9mkuV2vqo212Wi1Vt27trQqBMA4bODuww7tnOSMcjjH+yPUVJ5ZKnGRzjgDC5Iz6Z/AcHpgYq0IXLAqclCfQAA5BY5BPY4x17E014W5ZWJ55OMAZZhtwMDYRxgHj6isfb3T5ddOrs3ouqtrdrvbq7XT0jRa1UXa1rXbdny301etl0fwt23vWMRB3K2Qny+3K+n4HOfU9sUu0krwrZzuOeA2eD+PPfIxz1GbKR9SoG3cuc+vGfqp24ByMEjPGcgViSNudpBwq5G1iMZOQSepz1x8w2jpk67aslvaz17pedo2tZ6a69NGqc0rNaPW9tHflstFrZ6KyfS7va9QoA2SowB8xbLdT82F4Bxk5Hb14Apm0AZ2/KeQQPvDoMdMH1x+dXTGxycbRksADnjtkcAn6jjIIBOMwvGwBIOT9MY3HGSMH3OOxGQCD8y9pdbvutXd7O61V1ZO3z0NPYzcbRjZyV76N7paqy7b+WnQhMbEAjoBncSSGboTg4yFA4BOMdhgYkWNmwF29Ac4OOxyDggE4GeOmMY60qDJBJBBY/eAAJwc8r129M9M9CFNXQAcfKNw3HGONpJ5PYYAIB44+XPHyp1eXTV6WX929ne/ayt6/eaU8NLdpxS5bLv8PMlta+miaf3MomPaFbaGZQSxZjt5OM+gycfLjGcbjjmowjseSCRhtu7gE7i4AON2evTjvzjGp5W47toHzcnaen3sjp8w6gHGO/fMiWgJzwxA4wASN2CQCSMDjBB4GOAMAGHWtbotNVotLJ7Lrsm797nbHDqS5UntvdxXS7dr3vtf06vXNWFmZum0lc4yOOTj+EEgnHJ5Ptki3FH8w+XaCSxUjcSw/ibd09Rz/vZBGNCO0wR8oBIIKkckYGemeATyRgcDocZsRwFjtC4PChtoI2gcnPYZPGMHjpyTWU8R09672V9Gly2St131a8nsddLDSurxu3ZpW03ir3Vl06Jrzs2nQS2L5KhiqjIJPJ3cEgg4GdwbBPqAc5q2lsoCYUsRt4JyoPORnOAec449sHmtFIWUNycKyjGBg5yDjgBjzwMEDHAqYRYBbqVbnBIAz14GSD13KQOfpgcc67d0mkkkrerT080nfe+t9m7erRwyXLJx1as9IpWdvS+ui69b3Stni3TO4IXJDZJ+YM2OCOR0zuxyT944IzR9mjwvyAcqCVJG7J2+mQPlPTnjtgVqCPccg4AOenT2ODjPOSM47jtU33twOAFIGMZ+XHboAO2eueTwKx9tO2knrpt2tb0tZ9bp311Ovkg0k43SSadk9Fvpqlbbpa2r74htUK/KuACSARxnuTwOfXPXFH2cE/KPmUZyBgEnocenTHbJwPStFhgjp1OD0zjjGBwPXueo45zA/yhtq8nGckgYJwDtGfTIPoOSeyVVu/vN7aX81dq2vTq12d+uPsY3b5Ve2nw22j3aV312226lFoMnhSQMEnBxkk/KcL94Ff4s4J4PWmPCqZO0HDYGAMjbgfTAOD2B55xnFvld2CNjYJbGcDnJwME9Sc8nvyaYw2FlGBnIBHqOuTjkA//AFyelaqcrpqUtLJb9bOz1aevfTWxLoxV1yrq9k7pWWi7prRW1/EpOgXcDgBvu4HAAI5GeCDnuflIbJCgCm4QnhQM5KknuowScgfLnkZzjpkA5MkigAAADLnkk8Z557nIyp/u9AMZzXwwQL8uBlSRycZ5xg54OOV/AHitIczvZuV1dK78r9X1t02s+5zTirvlsle+mllpq2kt12dm2tNLqQKMk5Xtzk89uDx1XOe2CQMZOGPgFiME5C44xg9vw+nHHXHDWIDDKscOACDgHlcgYIUqT2bDYBODxSPswcr/ABAEAdMA5BPU4x24PANaJu+vR+bfT0ae34K5gtNtXdap9LpapatJJJaa7a6XjYDkqDhuuQOMAcAEZHfIPYHA5qB1bYTwAH4GWGCACDxkED5fXaSeQKsrGdzAKpBG4c5I28AYx0yCPyHNDQuQenRVbAIwWOeD15U5PfPUAEZ0ttd2b9b20urt6a/PXTqKUk0+mm/VrTTmdle6629V1yWfDEbTtUKC2STk/wB3IyTyxx6cnGcVFISGDE4UtgrtVh2B7+noVzgZCjOb8luyDGCFJ5wCTk45/MDBPPcc4xXkt2UDdu2nkEjGfmAJIOejbsg5zwSRzW1Na3XTte6d9Oun6330OZzlK+vLqreXwuzf/DNu/R2Wey7yzMuN27O3AGOox68d1XkZ54+WB0GCNpG0kZ45OPlB4DcAZHUdcY5rTaBiSGVdqn5ckdccnGPUDjBwOg45VbMysoEZOMAAKx5zyche4HGRkDAIPJrohNQau42v5prRLTXXS71+5XVuGtGrJ7XV9X8lpb7/ACVk12MBkIJwDuz93A4GPyz6jPH61GEccDLcZXknaWOWGCOQT144HHTr07WDsGCxscHaREm/aRtIyUyQxLYw2D14OcFw0edmGy1uGPAAEDnOBz/CDg59zjGCB16adWL0umr6XbXa173u7ddmcVWi29nfS7SavtdaJ+7fRrsuhzXktwx456ZA9QF4yAAckls56N1GUjgL5BGOS3yhscZxhht5wRwDn3zXVro13gE2Vwq5AGYXOcD1K7SAflweTu6UhsfJktop42ilupfJt43QqZZcb9ilsLlly2M4wOoPFX7WNm7pJJap2slbe++2y1u100MFhG2viuknbl0uuXXVbvTpJX3eqOZW3YjqNwGTgcADJJ9c4PTPAIPflDAwJ3AnI/i6sWOTkYOMkc/XgnOK7lNFuFQny4I8Hq88CY4+bh5Aew79N2DnJqKTS0Rg0k+lxID1l1K0TqMZYPOoAyepPOOMnApfWIrreySW62Ss0ktdNHe3zaRP1aTe0u7XL6XvLR6rv1d93Y47yWY5AxxtyQBjA6Z/iJGApHUHPqac1sCHKgDkgHBAzhSflBHY9xyMYPrsahd+H9LgSe81/wANW6PPHbHfrmmqVeZiFGPtTEYAxyemRxnNQTa/4KtSyXHjPwdDtYFi3iDSk28Ho32odVPXgA4IIxxmsXfa7ta9ove8dvd97fRO2z/mdksNZWk4xly6LbdpdXG8Vp13T0aRRWAkAqCu1sEgH5se+Pm5weRxjHGRTliL8gZUE5wSDkKcjp6LnvkfU1l3fxO+EenK5vPij4CthGvz7/EWnuV5HynbK5zgnGDgdjgYrmp/2hP2ddOT/TPjX8PIcZc/8Tq3fB7jK5J549D07Zqo1nUtaNSV+0JO7drW083p+moezhDT2lPR6+9C7u42snLXfXpptsjvBFkYWMjgAkjap+8MdDg4JGfoeo+aRImcsOeQTwOwBzyAO+cnqTtyPl48Q1D9sb9knSs/bfjx4GDKQG8q+MgPXG0KpyMY9sj1zjznXP8AgoV+x5plzokdn8ZvD1/Dc6k0OqNaiaQ2VonLSyAxfdbJChcnpz1FaRjVna1CrKVv+fc1o0nZOW9mrJaXflYm9C6U8RSjuvjh3Td9Xf1+XRH1u0QwSQBnAGeBx04Uc5Gev+1g9gphCDc6jkZHG4gkfw4yCp44LEjnPHA+M9R/4KY/sOWbS4+K7XCq8gX7NYyyh1Vjtx8gzkcgEgHmuQvf+CrX7ElmD5Xi7xFf4UjFro7OSOoA3BQc9OTgHnrkjWOHxMrWwmJ1inb2crpvlt3XW21vvu+eVbCXaWKw91ypL2sHbZ/zPXfTZ6a6tv75KouW2tgAHGMYOTjj34+YdBz0yaUqC2Mdc5KgDdy2SMYznkE5IPPHr+al/wD8Fff2OrUOLeH4gXrjgeVogwcZGMFwfbrgjj1rlbn/AILLfssxZNr4M+JF9tHDHTBGCRzjiRh1I4BH3gT1Aq1hcXovq1dtbXg76Nbpv8rX9NClVwqaviqCulvNOztHtfTZ99rptH6phMcDbljgqQcjB4x1wQR0PU49OFEbJu3dTySfugEAA4wcHpgYznk8HA/Ii5/4LU/AKIg6f8J/H93Ksi7RNDsQLkZ5LnBx0OM4O45Wse+/4Le/DgSSHTv2f/E8x3YR7i7eLcByTgKMdR1z36E4q/q2MlK0cHWatd8ygl0Wl3fR909DB4nA/E8bRvzcu8tb21slrra7v5n7JKgPZl+6pwMDG7cQCOqkfeJzjgHkU5FHTaBkkcqc8AYB9hgYPPcnBNfh/e/8Fu4wso039nG8JbJj8/VZFxuwAcGMEHIznHPGOBmuOvf+C23xBfC6X+zjZlsOUNzqspByCRwYgOT07k9Se+kcFj5W/wBhqpLaXutapdV02627dSXjcuir/XqWu+jdk7dPV/h0aP31KkEYBGcsVIKgZXHHTkhhj37EYWmbCc/KTkk4yQepx0BPf0GenUcfzxSf8Fnf2ibm6e7sfgj4dtYXhCLZXEvmGFwSu7zDHl855GOmSRnFZN7/AMFfv2ur4A2Hw78F6ce26zjlK8jCsWXJ2g9yc8+gFb08rzJqLWFnqk2m9Vs9ldWtZpad77mUsfl92ljKcrJW5OZ78rfTRrZ+n3f0aLBKS/7p2JOSFUt6A9BkAevc9KasM3mxxeRMJZZBHGro2ZJGHyKuARvwTx1HOcYO3+aC/wD+CqX7dF2XFjB4L07eCBs0S3fac9ieTgnjPc46kmvNPEH/AAUc/b+1tbWKTxVoFg1rfC8t5rLSIIZFlUFQCVZdyBdxUdByRkZz0RyPNqt2sMlZNR5pWttZWS2Tavre1uxjPNMrglfEzu2uZqN1une6vtq0/kf1bto+pAkS6ddhlJB/csc9CAMA4zjjHXHUEVUfSNRfcRYXGMnIZCo7FslsYHJODgcDqBiv5Ibv9uD9v3VfNE/xl1G0Ejbn+zbbc5Y5IHOQBlQoXsOQMYri9Q/aW/bd1UTC7+PniuMkk7bfV5YBg9Mlc9NxIB9fqauHDmctxjOlSvpzfG0n7vlHr2u7dehzyz/KE7KrUdk73jFdm90311/Hoz+woWVwlzBasIILm7Dm2immhilkSIEO0aO43IuRluFU8k4HF06c8SjzrrTIxsO5n1OyTBU88vMpU85yOOOhxiv4nNU+J37V+q6raXl98evG0t9a2k8VtOuv3Qlggmx50aFWGBLwWGCSARxkZzRrH7Reo7RffHHxnIWPzq+vXjBs84dd+CRnOecEHHStv9XMzklZQi1FJuUb6qz0XM/Lfz0s2jD/AFlytXUpVG20ko8rfRa6W963la6vc/t0b+zoI0E2ueH4AV5367pqE445P2nJAB53ZxggdhVeXU/DUAUTeMfCcQIGPM1/SlHPI5NznsDnBBPRu4/iUm0T4tXxQah8XvFsykHB/tW8yeBkn98vPQep6njFQzfDzxU9tLcXvxE8WXXlJ5hVtWvsMV+YDaLjvyBzwR0xUT4cxq1eJpxlp7vs+mj6y0Tattol30ekeIsBa0cPVk3ZJuaStpvZdLvT8dT+1m78WfD60aUXnxI8FWwAJPmeItL2KAvy5xck8EgYwABn5smuP1L4yfA7TBIb74yfD+AI2Du16zco2ADxHKckcdcdM5Izj+Lv/hDppFDT654guftAAJm1C8YnjaWOZyR7D1wcA8CE/DjTXJV5dSkZpFyDc3T5yc8/v2OQT7cAZXIIKjw9i42viYNuzVoRS+yrPVtXd3orbvuZy4kwjT5MM3qo6ybW6V0vne2nyjdn9p/hz9q39mDw0+sXWrfHf4f28YsHSNl1Ay/vdrcERqxONxyVBzkDAr+Or9t7xn4P8a/tPeOfEHgjXdN1/QrrxRc3dtq0JkNpexOFJljZkHybhjLAcjPJzWEngDS41bZHflRGAP30hLYBGCGY5A5Ckhu4x2rBufBOmQhpPsDyBs483DMBkZzkd+uAAcfXjWhkVfC1qmLVdSnUpxpzUl7kYxcWmrK99NL62d3uc2OzynjcLTwbw8oU4T9pzxbc72W17rTZaW2bvuO/Zf8ADngzUP2kPCXiLx/4z8P+AvA3he+l8WXmpytIftt/pKrPZWaRoh3yzyqQin5d20/eNf0e/Db/AIKH/seeAPD13b3/AI/vdS1a81S41q+vYraWe41R3kaONGeRFKpFB5axw/cCjgcV/Nk/hPTjEr/YQqgBnUYB24zgL/sgEk4ORzjtW/4V0Tw1qGnNcTxIJ4bmW1/eNGjIE+6pU/MoyeOAScdeK8bHcG4XMsS6+LxM05QSjCEox0TUmk2m9Xo1ZaL1t6mVcX4jKcH9VwmGhLllzynUUr3airyUZJbLTRatt9j+kG9/4Kn/ALGtxqWmale6j4wuo7GPUS8celb1Zp43WNEXADAlgR35BJyM1+cn7T//AAU4v/iN8PZPg5+zXDqnw80vVH1GLxV471C0EHiLUtJubiWRrLSwnNj5iyNG80Tb2QkN0Nfn3HovhsSusv2cJEBsR5Is5OB7bvcnv3p9mmh2/iM2Md3Yx20di0qhjBySFITf97rxjAGSQM8VhQ8Ocki37adSsnL3oyrtJ25WlpGD73Tdkpelt8R4iZ9KzpQo03ypKcaTbT0irtu+219FpoeDv8EbbXYjdah4xuVa8m82WN4HeSWQ/emuJHO6aeZsyPI+cksQea+8f2H7v4b/ALP/AIj1TUPEeiReKtf1G2+waBrVzpsV6PDwaXme0tJVMbXbrwshHy7gVxXnJuPDC2tr/wATSyWQMQ6ieIkZPYZAYeo3DGCMVzfijxTZ6LYTXWi69ZRXcNxC8LB0MiugU78nJxkY4PzEj+HaavE8H8O/VauFSlShUsqjVZqdkoSkviXut2TS0fVW0OOjxhxB9Yp4mpP2jja8fZK13FW0a3V73v59Vf6m+MXxB8WfEfXfEGreIJ7jWLK2e8t9BttRkkEWn2qRyeSY7U/uoJNm1iqDapG3jGR+H0+qWv8AwlWuLrgM0f8AbMqRJGAdnlzMcBMcrlcAgHGVI5zX6N2nxes7rwdcTav4hs57+SC/3Jt/evKI5OQcHJY8kjkg9ycV8D+D9DsfEniLUdQuIXnkW8luowuUV3ecndtfklgTkDIPQEckeLnmHwOEwmWYPDKmoUVyU1Fxa5IqCTai9Ndbt7tq2tn7eQ47HYzGZhXxXtnKcYzlzrlvKX2Ur62WyTVkldn1V4L+Oeo/8I8nhbw/ocdu9l5iR3X2NE3QyLgszcHIHdieBwO5+O/2jZ5v+Ey025ucm6n00SXDiTOXLAkdAFAOM9h82e1fUGmx2umX1zuMUKpCR5fmIvIXJXA54UZ6ZPbuK+P/ANozXILrxhpiW5VhFpZV2XoSWHIbHIwQRk53d+tbTlQhl9OPNCVZuMXyxSbjHl1t0drczSV7a72FTeJlmNabhNUYqpu7uTUtP6V+qurNPyaa8lYpJK5BfB2k5G3YTxz1BA5yc/z/AF+/4J7f8FBvi3+xV4Q8V2/w28MeHNbg8a3FrLez6vHGbmO4tg0abJWVpBC8bMskYKhs4OGIz+NF4yTR2xFyBt8sEE4x8mckAjhcFeuSOwOM/XXwgsLO88MWMt/dkq11KEiRyCdo+UgA44I9Bx6VeWYHB5tVr4LG0IV8PUpqUo1F7spRlCSej6Se2mqXXUrMc2xuU0aeNwVSVHE06iUZxcfhcVzaO6s/NdND9ZF/4Ke/ELxxr+q2Xx0ttT1v4e6vqcmq3XgfwfdS6JYtcyXCypbXckDB7yyUAq1udqsDjOCcffHw8/4K+/AXwX4ck8PeH/hTq/hq1N9BKLPSraOG1WKJQChUfM0jsPnkZ23HJwOCf51PF8UdvcKbItECY0Z3J3HCnBx245zgc8N1Fc4ZdqO0lw2QFLBTjeeOBt7kdG92yDnI66/h9w5WS5cM6Sgm17KcqULuSb0vZu+7s3okm0cmF8Q+IKcZOWJVedSzlOtThJpaK0Z6NpXtZJJWvZ3Z/QPr3/BVnwKdUivtN8Ha1P5XiS71iRJnCxGG4JeO3C5O0oDguo5Jx6YyfiL/AMFoPF2s6HJ4e8K+ANO0S0nsdQsRfXt48rJFeQtC03kFdry7XbAzy2MckbvwWitry+eNbaKeRpSqJHGzMWJ4UHaBt5HPqSeODi1qvhDxUml6k4hL3VtbFxEcFYVIyA7DIMgIBVAGI77SBXnVuEeGsBd1eWbsnBVaraTXK0lG6u77XT8272PSjxlxLilGNGNoPSc4Ukvd927c7N7arW3bdW6vRbq713U9T1NvtVzFqd/e3U3lwmVrme4meYoAm4Km5scEELhSTkYr+Mfh/wCIL/S/Nk8N3v8AZ8CyXks0kflKioSXwg+8AuRg9Sc5Ynn279lQWFn4Xuo/EIWLULd7pxF5G6TBxyrMCUYsBgDDY6H0998XaxYzeD9aEFnezBrC7iUzxhUUbCvAYqCBgZ9ecDHI/VctybDVcgpzi+SM8JKpG0YtJJRcU+/TW9/V7fg+bcSV6PFk6LhzOGLhFynJ2bdSnz+4rXUnJ6tPVatOx84+A/2ifhz4N8Dv4X0vw3NHNPpFxYz29tZqsf28QuhvJ7oAu/zHOCcYGOCDn9Nfhpq93N+xJ4B1jT4PNv59SlKI7lWjjNxIV2quCBhjn5Rgeor8MdB8M301m91BHdta3GoXCXDxafLLbW8ZY586dUaOMYDKS7LyOx4P7jfCrUn0j9kLwFJEttNFbap9ljZtpVikhDAoPlJIPXAA5IPU1/P+PpYahj8Mqc+eo8xhKovaKbjKz0au+V2ezSad1of0dl9WvicFXlOPs6awfJSahy3U3GTlfl95XWjavvY+tf2P7mZ9Tvbh3DXFp4Z1iW43MXeORrSZwN3BwCpIGQfYk4r+Pn9orVftnxf+Kdw7Atd+MvEkzYbOV+33Ma89RyCc9Cck9Ca/rx/ZwuxZW3jq7jaNJZfA+t6o7opzHmxmCquC2FUZOcA5ONvp/GL8WNRNz4w8b3shErXHiLXiX3Zyz6ndHJOM4O4gdODyRuyfl616nG2eVG7qODwEW7vS6ck1pbzb6PezPtaV6fBGQRdlOeLxc3ppK0oq66X17dVra9vFTKgIPGzc2QDli2WX16ZxxnqTVCaZMsqspIBAyR1ydwxk8jp39MjANV5XYcA4HGec5OcdSeQP7ozn1rOdiQcEFc8kdSefpxyPzzivo1yxjfRXVnKz3slve3+b31R4Linv09P+D+P/AA7xKJGVWOVVWGB3PdgQTwAAT39K19ELTXsUCglmmABJPY5YnPQA/gOTz0PORb/mwVGCUx3x69fl25yDxnB25PNe2fArwQ3jLxckN1KtloWlINT8QanJhIrTTYDvlG8jBknCFI1DAsx28E8c9SpGEHOTslG+7T0t236Waerur3ub06V5RjFpSdm29Gkkl36avbddnp+pX7MHg7wd4K8H3Xx++K7rF4c8P2ix+FNKkISXXNYhx5aRRSDdLGZAo3BCATuzyK8n+JnxD8Z/tEeLV8YeMBdJovni28M6CoZNP0rTkfESW0WBF5nl43tjLfqeZ8TeLdY+O/iPRvCfhm3msPhn4LjjsdJsEJS2ljiIR9QuEXCPc3RUsgbcw3Lgkc19+XPhHRoNC8E6BpHh57vxDpdhbLFo8VuqkRybfN1XUZSMRQRkmVpJSo2jg8GvnOSLrfXMW0rawg3aNCF4tJLW85XvJ6WVl0R7MqrnShgcNFt2XO0m5Vqml5NpbKzt0Wmm58z+HPBF7eapaabpmmS3N5MkVrpun20LG5uHnxGrTIoO1VJDMWGFUFnIHFfQunDSfgVdReFvBFjbfEH9o/Vg0SG3RL3QvhzDdgqXm8sNDLq0RZjkn90w6hsisyPXfEMmv3vws+AcEXiP4j6xILHxd8R7ONpdK8L21x8k+m6BcBSn2m3Uus14jBlbcEPyg1+jnwe/Z5+FH7Kfw8vPH3xH1e1m1UWr6p4o8Va06yX17fMvmva2zzFpZJHl+VFTcSxG0DcCvxHE3FEKSeEoJznUfLSwtN3qV5SceR1IxV4Ur292/NNLa1z9C4Q4RqYiX1zEONOlSXPWxNTSlRS5XKNK6tKpZW5r2g1vc8R+Cn7O1h4At9d+NXxu1pNQ8RSQvqev+KvEUoMdk4UyyQaeLlsKy48uJIh12gDAy35w/tj/ALa2p/F6W++H/wAOZJvD/wAK9NleGVoXeC98USRkxm4uXUhhauV3JD91lJJxtFL+2f8Atma9+0NrLeHPDrz+HfhXpM7R6Xo8DtbS6yYyQt/qSx7d6yYV0icYCMM56H82dZuWVGCsCEOTGMYCr0brnBxgn278Vjw/w/XnUhmOafvMVOzpUGr08NF2aXLdpS1SStaOqTvqb8UcQ4elSllmTJ08LH3auIUv3mJkuVS97flet3e8uiszOvb4yeVAuI4whRVGBuPbJ3Z5/iJwTncc4Jri7++MchG7ftbG1RuwegJOSMAbuo+mQSafc3ksrsYAQCSAwweDgbQeMk5UcYx/3zVvw94Xv9evFgt4HlaSUAbdz5ycj5hwQBye2eOGGa/Q1CnSgveV0tOisrL16et/Ns/Lp1XU3vJt23srNx6a66LV72W1jL0/Tr3WbmFY43laRwqKBjO44O5R0Ue4GcDOO/198EfgvpOr6vr8WsW2pzappenWs9na2FrJLIZ59gClY0fKsWIHQZwAcivYf2fPgBNd3at/Zp1DUvkC27wiQK2QWlkb7sUUa5LM5QdMGvr7wf8AHjwB+yRH8TrTQNK0n4gfHbxCYbHRcQRXvh/wfCEYNLdKFdby7gJBggCE7k7YJr5/McwnOMqODi6lZbNNqKXutuTvZQWt21qlZdz18ryuM3TxGNn7LDpy+LVtJJ2js5e9pdq/V73d7RvgZ8Efgf4Kb4gfHm4udAtpkjvND8J3D48W+JyYxJFb2On8yQW0zYWSaRRgNnrxXwR8V/jT4o+PuvweGdNtJfAfwqsrjyND8G6QzQb7RX2xXGsyxlTdTvGN7+ZjLE9QM1D4uPxa+Ofi6bx78Sdb1TW/EV6WnafU2eK00+2DlktNPsG2xWtvGCFSJVVhj8vS/B/wkszZRsLx5NUctcTgMAMoCUJIwRk84BGPwFduUcO4uu44jF81WUlzKTu6cU1FpQW7tde89Wr2scWc8R4LCRWHwjhRgnbli4+1qPRXm021HVaX8m3YxNJ0zw94Hg0bRtA0y2tzcajCLmW5gjluplU7WkDsGJXrkD0yDwDXcePTpNpYwmWe1tiLwFY32CdwwG4gAfd3bgp2gMFJI6V4346uJdA8QaXJM0txcWtzNHtDbV3rgJ1/gBAZuOxGMnI8d1bUNa1jUpLzU7ma5kcu6K8rGOKMNlVC9OANo25yQScgjd9RR4flLF0Kjk406DXupaSvytfLvZt6fM+Rq8Q054WqlrKunybuy0Sfk73urvW+p9Dadd6dKkhtNjHcAZQVVQpIA3HOCxY4yRzyPmBxXTPdSwWEsQkT5cCIgKXGcDIODnHr0wM9K8D8PXlzaRwrDiQM4LxsQQQo4zkEnGTnB4z3xkdjceKyjNCbDMjSIGcE4DZwc/UcfLjAB6jp9h9UUIRekFBLrZybiktkk7avXZ6vbT8+vV+sS5VLmqPdXtaXKm7apta3utLK7OCvIUGv6gFk3qbpGkPGWLAEHByTgnBBJCjIAyTkd/IvElWTYscgbJGPuKOGyDycL2POSQM0yaISa7qG2T52kSQDBPJwQMcdSQoJ6cjgn5bepaXPazL50YDzDCqTkHeq4xnGCc9CcAHPqa9rDRpywcbqPMpXaTu3blS1Xdq/r00PKxtOpTzJ8ykk4xctG7Plilrq1rpb5Pz+hfB3iOK4gsXhAE0IJkYkKCF5bBBHXhgwyWA7HJOv8Rr+41PQHladHEl9AApOBtDAhT/eI6lsbsnGOK8X8Jw6mm2K0gmmYSRxxRW+WkdmbBQKuS3BUAYHzZGSCor7a0z4Y+DvDXhPTPGHx18SWXhfwvDKl6miNIja7qqjDJDFaBvNDuOBuVQcgZIxn57O8xweCw9SE5RVaUXyQi05TkuVWUd9dXftd7H0GQ5NmWY5jQnRpzVCM06tWfNClGKcU2pWUXZX7K6b8jw/4d/DDxd46v107w9o13qUsmxXmWFja2oYD57ic/u0QAgli4woOM4r3HxFd/A79my2jXxpqEPxJ+KUUYaz8C6TItxp+n3f3oxq88JkRQjkFkUkkA5xkiuL8d/tUeLfG+lSfD/9nXQI/hZ8O3DWl34maFYfEesW+DGZpLoKssCyr82xGIwfvYIx4joPww0jR/P1C4uZtf8AEMrNPe6nqErTSySbt7urSsX3swLA9OeOVOPzerUzLN+VXeHwqd0oNxqVFovettdbpbJ2Vtl+pQp5NkF+SMMbjXFJymlKEJaX5YpO9uj2TSv5M8efEX4tfHu63+M9Qk8N+CoTv0vwXosj2OnLbRkCOJ4InUSsiABpHBznBxznAl0Kx0yCzsNPsFhge4gUBMBpF+UsJGAy5J53Ekg4xkVtX2pNDIyROzSo4QLgERocMygE4AAHueu3tSrM893ZtK7OVuIXVTwFVSORnHOcAY54wQe3sYPAYXCUnKME5curerb91t3adm7au9+6s9fDxudYzHVYxfOo3jyxuraNbRTT6JbWvr2Pavh14hu7EX2kyOIfsMZWONcmRI3yfkJAPHCHHJPJOQAJ9QuFu7vz94U+ahE07DL4GD1I5Hbnr34rqfhx8E/ib8Tdfu28AeFdUvVlhiWfV542ttHhjb5WlubqUJCiRgnJDFcbmCk16z4k8P8AwP8A2eY44fil4kh+K3xNtyr2Pw/8IMbnTrS9LZSHU7y3z5gjlwskahgSDjKnNfG4/NMFhK9Vxl7Sq2706fvNNPrrZJXd3eytruz63LcizHM4Ul7F06Vk+erFpe+otW01erta731RxngP4c+LPHOoSvpGmm0061hD3XiTUtlnotnEvzPNPdTMiPsBYkRszDPTJJrrda+MXwM+B+LTQbN/jr8WHP2KC3gR28I2F7kIEjjiRm1Ao+SyFNnYkDOOT1yH9o/9o23C39sPhD8KbWPda6BpUJ09JrZVPlo1vCEkuWdBgySEHPzY6kfpZ8JP2OvhL8JPhV4P8ZaPoEeu+KtQltLxvEWsKt1dpcSxhpltkff5cYbd8wBPGDkYJ/Pc94woYe3tajlKcuWOGw8rvmcU0qlRaWbunGKvdn61wz4dTnKFV00mkpyxFeNoxacbuELauz0bslZO/U+GfD/wE/aU/aykg8R/G3X7nwB8Pbd4n0vwTpkZ0+FbQsGWO30mArGkTJ8pkkJcnkrX6FfDj4A/Dn4OaZDa+C9Ds7F40Vb3VrlEfULnaB51xcXkuQsZwSCXCoCMHJJNT4uftP8Awq+A+jXl1478UWS6lJFusfD+ltDcaxOyKB5cdtET5AY4Uhwh64BI2j8O/wBor/gor8TPip9r8P8Ag+4k8CeByZoUtrGQrrd/bOSFF1dKRJEJRyyA4GcAkg4+Yw+B4i4rqxVOm8FlvMtlKnT5bp3V7yqSte+rvu32++r4/hjg+k3UlDGZilpG8alTmTVrvWNNN3ta1traXf6z/Hf9tf4K/AtLuxS/i8a+LUQiDw7odws8EFwm7B1K7jLLGFY5O0krgDnOK/D/APaF/bc+MHxzlubHV9dl8PeEmd1tPCegTG2tfIBO1LuaIobmQJwxbqc9MgD4y1fX553lnlnd5JnMsk08rzSys5O+SSWRmcMxPJyQMk4GSK4O+15XZ0twcnIMjknJ4yc989uAOMcBuP1DIuBcqyaMK0qUcTifdcsRWSlaS5X7kWrLV22b7taH5NxJ4h5tnLlShVlhsHKyjRoS5bx6OUlrJW76XWuyvtavqiTxSlmkicHCFnJ3AgjqcksxAPO7uPSuJm1UlcIGJXhW4XeR1GfqMHk+3GDVqysL7WJUijR5ZJWCRoqElS38RAzhfmwfTqea918G/CnSpWuhr6o1zayRIYVIREWQEgEdWfgY6k9OnT77L8G8VUVCnZXV1ommtGujVteXqreWj/LsbjlQhKvWu7b6XlJtp6t6rzd+qPm2a5upG2hZGJyMLliB26A4OemDjaBznOFbStblAlFlc7G+UOyuAuOmBtHJ5J9s9eSPuE+GPBmihUhsLZ1XAUyxq7kngsDyCynsBjsMjIrP1ebS0tVhsraPchVtwQGNecggLzyeRnI6YxX0tPIOWPv1E3fouW3LJWu7PVX6L8Vd/N1OJqXtHCnBvs+a+t43vZaaN7LbbW1/kWw+H3iXUBuitGVSM7mLDA+90PP/AALGe3bjq7P4O6vcoGuZ1Rcjdl9pU56DnO0EEKfbljmvYG1a6i3NAiquAH2pg5LYORgDHAIwevG7kAWDqty8TFAWygJ3DGDznAHGOTyOg9+a2pZXQildXave97Xjbs4trezj7q201vlVzzEy0jFJaNvfR8ujv06fa2R5kvwp0yxCrdXHmEgswJw27oPUYOTxnIx06Vyd3oGnWHieytI0ikt1VXccFWZSDtJbhiOxPTpxlTXt7wS3QQGf5yAWV+WAzhhjsOxBPTtXmfiLTFi8TxFWBj8lCWjYkoSRwY9pbB9MkfUkZmrg6cbNUlFqcLJW7Lz1vZfedeDxtXEcyqOWkG009vSy+7rvbTf1CBdMt40jtrONBsRmKxxjB2jIYZwCvPTGGOewp/2rdIp27VDHhUAI7DIzjAycHPGMYOQBWsrKeYQxC3mbeqNuhikbcAoxkbTg/dZhzjPOM13Gk+DNZ1CSN4NJujHyhfymRC5zgEsvQ++MAg4wTXXGCUoxgowVo3srdtHfdq+vb5K3kYhzqT0c5WlunslyrVPVrT5O72snkRWZlEboJN5yVBHBJ6kDgY6EDkY5xt5qzHpUqSCTATkhywBAY5x25xzjBwOCDnJHqNp8PtXikWS/lsdMVcgNc3EalYyDgFS2QDnvk/wg4PF1tG8B6XIx8Q+OtOQrIW8q3lWQkKPmBCk4OOOhGeScYJ6eejCSjKUU7Lez2UY67ej76PXUw+pYqpK/LLVaN9L8vut6PV328tEeM3VmCrtuB2MQm47T1BBAxjv1z35x2z7iNpYDb28W5VUBygdskfMQQAzE9OTk44IJ6enap46+Bekl5YrzUNauI3JVIEd0fbkElcdCRnggnHOM5rnH+O/h2zmI8MfD9pwcFZr1cBiQdpIKsDlhk9MZ4BwAcp4mhHdq6aWmrb0at1tv0fXdHZSyqorOT5U1dq9tbLa7utbXWttNtEc1aeFdc1Expb6VeyFFXmOGQDBAPRl6EHnJLZweRXbaL8MfFciSM+nC1RslnvT5LKoAIzvIGMjPBzjg8cDmbj42/FLUWkGj6fpmgQsvHl28bSKfVXABXjIxjnkcrzXI3urfFPxAZJNX8XXsaPGcxW8jQoV5yAqlRjnG7AzjuM5yli1KNo03K+ja0unZPfZfN76HQ8tgpKU6ib0d+a921Ft6abrZ32aZ2viH4U2c2o6fc634o0mwjRcSlriIumCAVCBjkhVIPJ6HkkZrpxJ+z94VSAax4qn1u7hUb4LHLAt12jbkdQRgcD17V8s+I/Dkpu9PS5v728kmYK7z3EjEliAxXLHI5HPTt6GvU9H+FWjG3hnNuZpPJWXzJidpJXJOCedpGck84PGTXJTdXmk4R5b297Vvp8+trffsdkoYaFOEaj50k1HSKTs43fXVvVJJNWWlt+y1D48fCvSJmXwl4Al1YoS0cl+pbLAhQcBSMbucYrnr/wDaE+IWo7Y/D/hfTfD8TDK+XbKWUHo2HAYFBjJPHU9OB0ml+BNJtgzLZwRuE3btisSFxkglc9iFA78DHNWNS8NbpbN4YxDHKoh4VF3HpnYpHp1zjHp1q405y3qWTk21FaqXut6PVJ+aS1VnuZvE0ILSEY2s03rtZq78no9PS1tfKdQ8VfFzxH5jar4qu7WKRSBBaO0Cd8gbMgAZwADjooODXP2HhI6jNM2rXd9eSIQWeaZ3LOV5wNwI565JPtnGPYr/AE5NNSNcAOFZGRxuLMGGQMqeM9/vDkg45GDp8Ti7uGLBRJ0LAbCCDzg5zg4yue55PAq4YW9S0ud66uTurtR13sr6pWbvbXQmOPUoc0Xd+77tou6fLpZJdO62skzkI/D+lWlvujskJVWw5wQhQ4IYsTkk49AQTknGKuWTQKWRY40U4C+Wqjjn5QeSOMAZJxjqea1tQhJtnWNwuwys7AfKfu8A+pOeCeOBXI2MuZSNwDREBQvAOeTyQAQO4B4yOc8CpYdQ92yStpJJarRt7p3tdrqt7X25vrVWo217qTXVLZxeq7pWTvounQ7m28pQ25DgRsVGAQhAIUk9c5PPbHA7GvOPF/lf6IyLtYzkkZ25BwATxx1P3eoI4yAK7KN2ZpQJCwKEttYbgRyAF4GOx5xjIAHFcJ4tYFbVPlLJk4ByRgkDOcZPIzjPTj+8vPUi1Ftt3Ter0bd43srJLlSW3yvbR0qtSpVUVJWeiaa1s020t7K2vS/c0tOvIBaskzhTCEHAHLg53AZII5IxgEAdeAK1RqEchkMbFUaMKX2gFifQHPB9x34yK4/Q7R5oyJJCFYruyfmwScct0xgHOcEHHoK6+20yNfO/dmXgAEN8pAyRwQRwp2kA85+8Oa7aNLmpwk7WtFryad9bWeq93dLRWVkjhxtacJNJq610drtXulvur23vbtth3BaR8lvkDbgSx+XA6kc9B06cnsAc6VowYZGWVVACr/C2SDjIPUEfhxgYxVe6jijuXRo3C8AE8N0xgAk8dzzwOlWIZY4UAVWwN4C8HeDj1zzkjj2LZFddOKpr3e2nla3TeyV9td3d6nnTqSlytq6itW3daqKatGzsr9V39Ul5dSs0ZXCRs2FAOTlV2gn054GOMDv1McSAH965kIUk4YjA5OCWPQf1+i1FLMXYZJ3KSwXOBgehwc4HTseffEIeR2LoFAbcDjO7ABwAAB1wOQMj8hWijKSdqbey27NNuySfZdld7GcsRTUE5WSslvZdH16305r7bas3La3jmkCFhtAOCGHQjgDqOnHJ644AIFaqCGGLh0XG/OSCxBGCwyRnnOAPlyM4GOee09bxyywW0rAjAZVZup55IOSuduCMrgnpXRxaHrFyAYtPnZASAQhbc2wkKSFx8xPXnPOeOR1QwOJqpKNOpdp6RTb1UfTS+lkrL5WJnjcFRgpVa1ON2rtyivi5e7XbVPve11c5q5kjMkm7JIQldg4JPOAuAdwIzjG1uo68ewfs2yFfiiCzMudPcKq8bmBzjr6YZgcbj7ECuFXwB4ovGeRrBokGzEkgZBGMjtjB46ggj6Z57z9nqBtJ+MNzaXUsRlt9PkDvIwVVbBIIzkHjovI4wQf4dMpwOJweb4GrXpzpw+sxTdRNK+jveVl166OztdaLHM8bg8dk2YUsPUhVn9WlJKk03b3Un7rbdtkr97dEv0ceSWR/3iMXDIWUbguGXjnIOcsT1556ZrRBaRyC4GxQXXO0uAOACB2GAc84z0BJrEMy3Dq0d1DLtCufLZCUVQQQwVs7wfu5HTkk8CrT3vzZeWOMKuQGAy6n5egY92Azx16DoP2OeJptRaleys7W1WmunVadFfd62v8AhEcJVjO041F5Sjq/hvzaen+SNJVMQEZAYkkKFGQobPRhjHTOchewIJxUDS+XGYWQM27+LO3K5PDEYwD2wRwdvSqKTmXbulGVy5UNtBAHyHOBknPAHA6Z6UyVXuIGBcyHzMlR1UHO3J7ntnBHGK5alRVE172qS0SatFRa0d323TTbta+p6GHpck05PS+1ttY23W+z06J2XQ5+51dxO0DRKXAZxtCkHDYG4nGM45zgYY4wpArW0y8e42Iy4k5JAHlrjB6jGcgc8DpgYIrl7u2Z5JWWJxJuCgKTtZVyQ2eCSMFiOnBznGDoaPM5kQSDbtBCkHBYkg7X5GeDyTnOM+u7kwrm6z+JJS6u/VWvtta6a3182dVepT5HBRafLva6tortpJ+em77JJncW5MilFXLFgwbcwBIKnBJPVexONw4HC5rZWGXyizyBSjgNlvlHGOAO57k9fTFYMM7PlAuSNu7kKARyQSTw2TnnnBJPJ41BOZYwGQIoYgqCAWOSASfXOcqRknAH8VfY0OeMIu17Jaq21lq76ap6L/gn5/mDip1F7125Wavtfd+bv+dr3RHqimPRdZfzAHGk6iVDMCdpt34BHcHBHI9s9vm79lPefh9r5X758TXxLFgowbh8HPOeOmQOrHsa+g9ZuduiawCFdl0e/XC87AkDgAgANgcD6cDNfOv7KlwB8PNbbBY/8JLf/LtyDmZ/lB7YGSMYAOeOAK+Sz+7z3KeidHFXe7t7ml9G9LfK66n2vCStwpnybtavhU+urWiuu/zvc+nghSQxq26QtuAYggA8k9RkAAkZzwOSeBViSQq0ZjJaTaVIwNvAHzFScYPr7Dj72MeS6jkYyAkFmx5ZO0Kq4BUknkE8YHAI96rC7bzVaPbnYBn75UZHXI5UgjtluMcc16Mbtem2rvsvLza22tZ9TxYrlTaTvJ6OyavaPuv3muVrW7fS/Q3BKNpKs28jA3ZVcZO4BfQjOcdc4z1yeYGKyhCVRwhXJIGO+CTlQ2SD2zkdRWday+bIsqq0oBI4U5GcbuD25OOMA9u9PvClvIhmlht4lQs26dFIU54IY7jnvkAduvWHKFN+/KMVvdySejT18r9Wr/gddOlVmr04TloklGMnd6aOye9k00m0ntaxIzq5dkU7ZHBZy3Qg4wDnoPlGB07dMUklyAFK4d8bQDxtwTnA7qPrjkEZwQOaufEegac+bvXLKBMu4CyK4dSOMAd8H5j0yPlHc8ZrHxh8B6YBMt+booSknl+XsyeGILEZ4JJ4B6ZJwK5amOwNP48TRXX407bdpJNb+fqz0aGUZnXSjTwdZ3tZum1ZXjd6qKa03ff0PRWmeRmSMtuJbODjuR16464P+QZZT5ZXcCA7E5Ys3QFSQBx1IBOccDOa+adV/aZ8MaazfYbBbrKkAzTFXBLEKAE8wnB6kjlTyeRXEal+0n4p1ILDoWjzM7qFiFpp0l0een7xkHJBGS3fHHOa86pn+XQlywlOu3ZWowlUe66cqXW101ZW6ntUOEc1qQcqjp4VX+KtVjDSLW8b7rpr106M+t5JiWeEQyyP5hbJBRMqNx5PyjOBk5wc9cHj4w+CM1lp/wAcPF97qM8Vjb/br8GaYhVA3OQoYgqeSM+nrjFKt58fPFpWa30nWLZSPkkuG+wRLuUsCy5JK7cfM2cd1658/wDh/wDDj4g/EfxJ4h0e01HT9FvtDZ31a5uCWZ2aYo4DAAykuTnrkAnPr8tm+YYrF47K3hsDXg44lzoqrF03VlyrSzsl7qvvt56n3vDmUZfl+W5zTxmZ4aqqmFjTxHsKkZ+xheycuW71eisltqfoDq/xQ8GWChZdct5HYtGBb/NlFIK47ZHIJ6E/XNefaj+0N4R09plibztoHzzzpGgIO0DKMSTnJIG7p3xg8npn7I0AaGTxV471K+cBS9rYxmGIqwAO2QElQSOOFPUknPPpWk/s4fCPR5EeXQrnUpP4nv7mSVZChIzsLkDdnd04brxkn3VR4jxEVzTw2E5rXUpe0mtUmrLmSdns3+Gp8s5cE4OSSWLxtROza92L2tvbvbXdI8X1P9qR2mddH02GffkKYI57liVG0FUVCC/88HnGAMJfir8avFyGLQ/D2ufOT5Tx6e1sqqTwN8gUEY6HtxtAzX2zpvgjwfoawHTfCujWaJlkkisomlGDjO4qclcgE8cckZ5rpZX8m3QRrFBChIbyY0jYA5wMKud2BjB4wPbiHkmMq2eJzeu9vcowjBLZuzbe/Vtelhf6zZZh/dy/I6EVG1qleanLotbK92kna78j4Ri+HX7RHiiIm+ujpUbrt3anfOWRGJ/5ZocEAHngcDnPJrotO/Zc167UHxR4/ddoXzodLgLkhhlsM5zuJzgYyF6jORX2MmZFLs0zkENGS+7KgD5mwRg9uxPToacPtDNJIpVMcqQuNyk4yRwWwN3PA65PUnsp8N5YknW9viZaP97Wk77XuouK1tdartrsc1XjPOJLlpLD4ZbJUqUVJKy+0+Zq/mr76dT5wsP2V/hfa5l1KTXPEDGMfPdXUkKMcjgxqcAYOSD69DtAHpGh/Bz4Z6MgGn+DdIzGoHmX0IuZSw4GTJ6d+BnPTpXpCo5dj87szqRtGVGOTkHjI69wfm5zVkLveQYG0MBI2NrYJAO35cAk5DHqORyCRXfSyrLqHLKlhaEXF6NU7tNcv2nGTun5219UfPVuIM5xDaqY6u4tpcvtJxUdnZ8ttNN7etkzPstO0/T8xWdhptjFFGyqlpawooABIH3euATkcjHQYJryvxDHDc/Hz4SxXO4xS2Ooq4XP3Ci8YBAxjPGMDPfOK9qS0kbzEVgkcZ3g7vmIx8vAJznqeSdpPfNeLeL0aP47/CV42Al/s/UNjq2eduQx5HQHOOpPUDaAVjKdOMMNFQjFfXcLdcuyVemraK60SV9E2/u78kxWJqV8X7SpUnL+z8Y05Su3+4lazbvdNbvTS73aPvmcptBC7pHBDEDaMt6ZOMEHJz2Ocr1psIjVwG+6bK7xk7WINtI3zD03YPXgckEZB+ffCH7Sfw18YNZpqc8/g7VZmGbTVEK2Zdj0NwM7jkAYxgEcYr6E0uG21IG9sLq1v7V7S9K3VnPHPGUa2m2lVjYuvzdiBkjHavzOpjYezfLPXlaXR68t5LbRvdPZ6p9vq6nD+Y4apFexjzKSd1G6TvFuzWlrq9k7Oz30t+GMJP8Aws24UHJ/4STVm3ADBH2qQdMfdIyMY+gz0/Sn9mK4ubPQtWCQSSRSa5d5ePIZeM84ByT0wRxg9M1+bTARfE68GSoXxJqi4IIK5u5MZBwQpAyd3bnaeh/V79j62juPCWvSNG0uPE1wsrlRhEZVBwTnjJ4xjnr1wPMyPGLDY+cviioyunr1XZbv8Gnq7q31/EVGvV4ejTq25/3Ctpovd220TvZrt5O3smpQ2OqwRR6hpi3IKuq+ZCFkJx1WQYJPP4ccev5I/tfWsVhNptrErosetXrJG7FikflAjbn7w6gAf7Xvn9u9e0a1jtppISyvbq8oDEBtoUkqMgceozwSD2NfjV+3Lp8lvJ4RlZcPeG+ncLxu3DGfukcDgd8dcnJr289x88VltWUKaUYzim9+XWKXrZ6LbdaO58pwhRpYLOqNOcZe0q052bSatyx5n17XXXttcs/sq3UVvNo0jBmAjvjjg8GJeSP/AKx6196x3ltcRIqkqAxJUhSPmOflPdcDnnHqMmvkb9gr4a3PxW+Ivgz4f2WoJpd5rlhqDW91KC8ccsaBlDr/AHWOM8/xZ4wK/Vz4q/sc/En4JPbN4s0ae/025y1nrmjM09jIoO4vIFbchwMsuMrnAxnnfh7P8tweFp4PFYmlSxNTWNObUXK/Lr017K99L9Tq4wy7F1sb9YpUnKjyLmnFWSatv2v/AJrpr+cH7Tywj4XXbBVBXUYAvyqCTgDkfmTyDghTwcV8v/CKBJtJa2kRJY11zT2lRgCjRTXEYKtnPykHIHRs4x6/W/7WWjR6V8I5JYzKPN1aJCswZXZhgnaGAyCBgYO3qcE9Plb4NQM+nX4T5duq6IxPOOLhGwTlcZPQDp65II4M8nTq5tTqwlFxnCnK8WmpX5Vytx0u/wADv4b9rTyucVo/aS/8lilpZ20krNtX95a9vrjxN8FvA99O97aQXnhq/kjjcXOlTOtu0rKDult1G1gSw3HGCBzz1+afib8OvFOgaPq0sUllr2kxWreffIPKv40wArSIM/TAI7fQ/pEsUMsUayRiQi3jJG0FifLX5gRngY+6QOgA3ZxXinxe0Wzj8AeKpUi2zDT2JMeApVs9RknoM885IySBx9JmWDwksDUqxpxjOGGcua10vdT0ts9XvbR3PKy7O8Wsxp4et+9jKukudXlGLklFRd1tp52Xc/M34cxBNU8PAFVxcyMxZflIX5myMqcgZPBzkgYAFfXVlBeT/abvSNT0+8SWRmazEyGZGQjKFWbKsc8BR6dcgV8u+Ax/xP8Aw7HgKC9yv3Q2SEdyC3AyeeTx36YNfY2m/s/6Prvh+z8RabrGoaJq13NcySS2zyvbtKr7lIjUgRgEkEHJyMba+T4WxE6VTFRoXk+VOV2tVzJK1tHtpfS1ut2fc8SQw8sPRniJKnHSMXKN0m4xSv5PutVr6jY7+UPBHf2slnM9vOmxQQocRMM7ivJOeQ2cE9zXwpZM/wDwl/iFSCwF1qGeDnHmMMk9zjnk8e3NfYmteHvir4JiDyJF4x02NWCgI0t0isCC7bVyGAwSBknBB5Ir400dp7jxZrzSxyQTSS3kr27qymF3dj5RzjDL0OQCefUVpxHiJV3hnVi4zU/hlq/eUEnfTZK663a3Vzn4boKisTKnJTjOCalGakruys76rq7PRW000X6DaSWl8O6AYZmMseiWKjePMULsBCgNgAFRggjnGMcLWRqui2pY3Mu6G+zG6XVnK1rcQHO4yRyxYO4cNnPyk9j0xNP1nVtJ0fQn1HTzcafLpNqkFzYqJmjXaAGmRTwq5yxbnjjuovS6/aX9ldNFLHK0SbUiOI5VwOAVIA6jHJBA3cdx9jGhgsVgKEK1KFW1CPuzimm1CLfvNP5O+/ZWPjquJxmDx1edKc4v20/ei5JqKafvaatpuzbta1t1f49+InjXxfH8RF0W51a71nTrOaOWKbU3a5u3WXCr5t0/7x1jDHGTxzgk9P1B/Zq/aS+I37O2r6T4r8J+CIfE2naTp1qb6C506TUNNWdgJEmkaNCbWQ4P7wDIJDcmvyh+IbvcfEiN2XYJra2d144/fDC59vQ5BxjsK/UP4BfGPX/hXpcGoaSNMvbfUjbw6rperQRz2l9bWewGF/NRlXeqlDjkBs9s1+bYfh7D53mOLyybVOiva2ilp7NaOKSs2rtLdW7ps++xedVMuyajmKpOrJ+x5o6wbclFtNrZ9bq2myd2fsvpf/BZD4XfE/TJh8TfhpZ+C/GC28FuviaxsnvUhZNuUkkLwyxx7V24IYKpIw2GB/IT9tb43+F/jP8AH238TaBqUGs6O3h6wtIprO6kubZZUwXEaSHNvzjdEMhTwMjp778Qte/Z7+PNvDqCeANF8FeLNbtJLPUbHRJktPLuPLLDUraBQsUwypfGBncRwTk/jq9jb6T8RtV0CyupBbabqd5ZRzufmlS1kJidgCRuAALAAg8Z6Ej4/F+HOA4azNYnDU6EZ1YyjGpTe6k4NqUXs2ktLuz6q7PYyXihZ9g6mlem6Uk50a9mm7KSdOTaUlJPe260u7n9CX/BNh9UsfCfxB1Cz1abQZ4dZsnhmTzGzGoJVfLXGSxxgj64J5r9Bvi1+0H8UfAPw/8AFepp460/U4oPDV+XivEdZBbyQPHJsUt8z7XGA3Xdx3Nfzm/B79qz4tfs93drpvhi88P6lovi+M3E+l6zaK811cwEKpinf/UfdwCOD1OOlfTfxv8A24R4q+F19pfi74atpup6t4eurX+1NF1pZ7ZZpY9kcssIUCNAWJCMp4yD0Gf5s4t8Os+x3HFTNqWHdfAyxGGclCaVRU4ezUm4tx92Ot2nLRaH7dkueZRDhynhp1ILEU6dR2nG7u72S03963811Ztn5C+Mroav4n1LVGuVlk1PxQ95JKqgbmubt5mIAPAy5+TBC4PHavc/ihHDZ+GLHzSHnAtXUMoLMjQooUZx97oox2xkYJHy7Z3ceo3FpNAQwTVLVHVgCzObgEHBB5wQM43Eq3GMPX3d8SvCNnq3hSO7vPNhntrWzWJ4csqgQRv5jp8u7buHXBIGMnBFf0bFRw2XUVOHLyU6dNLV2tGKWr0/Xc/MYzc8TJwScZSbXRNOyd91ZdF3snqfCUVvE06SxlRJJM5LFQQAcZHdsgcdQBk57E5/guNW+JGjJuUKmtW20qOm2QcED73ORjqehx3ri2uNP1FsXSTxvczRIo3BBtOMuQPlkKnIGeuCAduan+H0sLfEnRyoIzrVouT3IlCsMnIycAduD7GuzAVE3zwldyjonpqmmkktndJ7J6a2WqjESvpyNWutXo7RumrK2+npu7I+rPih4Lh1DXNQ1Jb2GG4kaLzbeTyxmMKMM4LeucYPXpnBrxDXfCkltYS3EWoWUrqFRreIoHZPRQp5POQTjA49Me5fGHwdaap4q1K4udXm08tDbswh3CMqwUAAoSA3G4kAnGRuPzGvGbvwVp2nxz3ln4iF9JBE7rEzb1yExtC7ySxPsSrY28jnzliK8cZOE600uZJpwbSbcftPybsvO2x3OnGWHi1Rgm473Sd2orZ2Se/dO7N34AxMniC/iaED/QZkwBuZipbKse5GR9cYPQ4wfFGv2M19qFnq+m211Db6hdQwSwgR38Kh2+YuPmkC8nacYI4JI47j9nGGSfxbdBMyMNPuGKkbQMCTJxz3bJ6dMkHPPiHiaQp4r18SL8y6xejymzgfvmHU+nXjrjkjjPs45TdGjCbtBK8WnyvW2vNvutfn8vJwXu1K0rWbcUtHdJNaJp3b2btdu2iaKeqWunQQTXGl6gLm3ZU3RTIEuI9wBYDH3lHQHpkeuQv0/wDsxW7XKXm4xqsMN2Y2BOCWhYde3I7dMgbq+fJ9Js20iWb7NlpIhJIynkHIOAAOAcjIzjtgAZr6N/ZXt4g2smUSrFHYXbhCDt2C2ky+AcDaQDwcYP8AETzw4Ss0q3Lq+WSu2m7+71Vlol03/LTFwU5UvaK96kHa13o4tONkra6330s+58/eK9S1FdX1jToAqpJqF5vIzkGOZuQ2cYA44659TmpfBsc631qJY2Lm6Vm3MSQQT8ykKPTIA6Z9TgdVq+iC/wBXvLnTpba7ja7u2VWKxzLiZjhQevfntyBwTTdD0ye01KJ7iOWNg6nnBAO8AKG5Ug54I4xyOOa5FXbiopqOvwtW191699Ert3XotD0bXlTSet42jd/ZcWr/AHaa2vs7Kx+4P/BPKVR+0D8IiwI2eJtHCtyAcsmOBjJOMg8jjrX90+qODcTYJIBiJODjHlLjHHUf/W61/CV/wT+G349/CFl3L/xU+h5DcHO6PGOnPTqed2CTzX92OoA/aZcD5QYTySRzGnXt1yeTgZO3HSvyHjtv6zF30bSdmk17tut3bfS1na3Zn7RlVNRwOXOTvzUJtW00vDu9ru+i017mWX+9jHynktkcevJxjHTODkEY9IiysDwSMnHG0kfzYjjDZOcj6VOUyd2QwBzgj1yflHGOMg84AxjtUZUEgjg4wMkDaMdOR27DbznsDX50pp30urpeukfdei1stde6urtv1lZtRSTatukk07dW97u/ntvqQkDjAzuxgE5JGflAxwCOQe+Tg5zgo2B/Dnblj6ZJGDjqR04Pc8etTHIAx1Y/dYnDHkE8Z2/xDJ59eRimZYsQTt3DcvUgYyQSDznJIxz3wSRmpad202r7XvtZNa9Ot7t7LRK9tVQ5lKT3v69nZ3kne2m/Xba1fJOCQcHlQuMkAYxjsOgx9B83FQs3VcdwN3GTkg4cDHBPVs8HjPBIthGIbqCflGAcHHPHHA6cg9OCe1N8oME3HGBgHk9TgA8jaMd+c5PA28RKabV9NF3fSPXrt0un0dt2qemjvZdl/d062V10fW19Csm49MhQBsGcjOCBuJzg8Ywe3c4yZFmYNhslV5baSCDn5SMYGCVyCpwCOO2XmMAhRgBTjJz2wBznPK5APAOTgAdIipyQOV65PzE4ySGwRnJO3qCcZOMZoUlFpp9rWdnffS1mml59bJXsT7Jy0la1trtpq0LrV6Xv7z7u176Oe+h0rxBps2k+JNK0vxHpFyhiuNO1q0hvraaFgVaNkmUsMjIJRl246ZPP5o/tB/8ABIz9kX48C+1PQdFm+E/im6Lyrc6BGr6I1yxyGfTBtUbnZWb5x8vNfpSsblgxHUH5eFAAGc4OMnGf0/iqRXwGYHOdvBBySf4hjpjgHOT14Azj0sLmeJorl53Ug9lPbTlb7uLs+9mlo+r46uCpNucealLRtwfLdrl1adlJXaV3Fre91ofx+/tBf8EVf2nPg+17rXw6SH4k+GoGlliuPDzCe/WCPlWutMLfuTsAJKliuOOc1+WHibwf468C302k+OvCOraNeWkjpMZLO4gaNlYhzIs8cY3deUDEdMgYr/Rcgu5rX54pmiYkgqHJRwcfKwbKFe5BG07eRyRXk3xU+AvwN+OOmzaZ8V/hp4a8RmeIxrqqWEFrrFuWDZeK7iRGEmDkOwJDEbiCcV7EMwwtfl9pFwm7a62baWzTuknps3pp54NYijdqKrRST/dtRktUn7rbi/8At1w6aK5/nqtDZ3ygQ3ayZbJglPluCBgAqxBz/wDrIB21mXelyI37veis3zBslWHOQSMg4xweo7Hmv6tfj5/wQi+GPi77drPwH8dS+HdSkEktv4e8SoZIjIwLJHHqYI8pc4UMFbAI49fxM+O3/BOH9rP9naa5k8ReAdV1vQrZmZda0WGTVtKaFDkMbqFS6AqQcFOBgZz00jTUtaU1JK2suWS6byV1p1Wmjs7kwxFOckpXUno4S9yavZ25ZW66+65Lsj85J7SSJmVWDkEhVCnoSc54yGycdORjBAqBFkjcCQjIAGGBY7i3y4OMjnIOegz2rvb1RY3LW+taXeaXdK7BjLbyoFkGVw0ciqwCjIAMYwcg8YNNGn2l0PNilhuEBLboypZQcgbkyCCx9TkE9Rgis3JwSVSDdrarVdNtXZN9L7HXCEJNuE35x3a2fk7W0eluqs9TjQxYfOOQxK7QACSRtwTksCvBBxkn6YGSEgJLHhgMlUUBiSOoySScAsf9ocY4FdDcaWhbCK3LBsNkEDGeDzkjqTnPHQVSl07YFkEckoO4FSBuGM/xAkDp1x3GBz82ftI2tZx1W217q2mui0Sttq99rVKcm3a6V3aytf3Fotb9L2vbQ5edIlAMfIBwA6jJGTkZB6e2eMHCnGKptJdK23apLEKMjscEEe44z+HrztTxMgI2lCCAQysSMnqDgZxkgE85555NNxCg5kVzzgsgxyOMc5BGQccc/NgHOdFUlFJRu7+fottLK3yvZaX0Tot9UktVrpdtee7227K2hnRiQK8UilztJIYhkYcbhtwckkkHceMn14w9R8NabqIZ5rNIp3BUTQBlcEYx8uMkjk4Un7oHbnp2ZQRtCl+4CkDgElgefm/ujvxkMM0C5+QBv4gWUhcOvQHGOc84Jz83Ugdt6GNrUJqVOcoNNfC7bctuz69fO61usauDpV4tVIRkrac0VzdFdPS2nd3v6u/kN34V1/Sy0+l3BuIgSRGHPm7Sd2zGeQCAufu9zWHPq0Uv+ia9pux8k+a0WxiememNoIwCCM9cjoPeRuZThwr9cDo3PzY4JBPTGOTjnis3UNIs9UQw3VtBcxjLM7qElbBxhcAEYA4wTnvxX0eD4nkrQxVN1FoueNlUSVna+270taz30PCxHD7b5sPNwsvglrF6LTd63062Xzt4XN4atrwNLo1yhG0sbeZhkHk5Afg8nAAJ6Hpww5afSL7TLkSxtd6feKcpJGXTJ653AkMpPJBzkHJ46evah4GVGZ9FuntmRt4ikJxlckhWOVUZ5HGRjJJzmudu7jXNMT7Pq+nm9hHymcIJFx2O/ac/LzjPPHKjOfqMNmOExNnRrxvK37uTUZ293TX4tX0T/C58/iMvxWHbdWg2kvii3KNvd3d/RfmYEXjXU7dRb+IrC21m3AUC5XCXagEEETgbmbPONpzgjlWNXymga3EW0S9W0uDIJTp2pyeUGONxZG4Vyc4GTjIOegIjfT9F1HEljOLS4IyYJQB1zuGGIJBPRsEY445I43WdKnto3SeybCkFbi3zlVJI6qcn1Y5xycAEjHfzc8VGpGM426pXekVqr2fbTddXZnF7NR96jOcJpxl7re6a3jsreVuvW59D+A/jH8XPgxqVtq/gPxFrHheeCIANYTzwhiWDF4ZonaMFuAMKAQQe/P60/Bv/AIK8+ILux/4Q39qfwHo3xj8G3trDbSy+II4TrxUqIhIl0yNLO8YJMbb1Oc9MYr8CtP8AGPiXw+iQ210l9pxBBstRQTKR3CM2WVlOSDkYxnHau0tfGfhXxBGtrqtk2j3jgDfIxe13rn5opsg26sc4A3AjoflBPwPFHhbwXxYnWzDK8PRzBJSpZnhE8JjqM4tOM4Ymi4Vbx0sm5LZa2Ppsq40z/KuSkq7xeESUZYbFXrQadrxip+/Bbq9OSt3aP6N9b/Zn/YO/a401tc/Z6+Kln8JfiBe28kqeAvGt1GljLMy7zBazzMqW0JZgiAEjGO/FfnT8e/8Agnp8cvglO2s6/wCDLnU/DezEXiTw3AdV0W5iPSRZrYScuAGU7cEMMkYzXwTHdaxokUd/4f1u62Wpjlge1uZEkjIIZRFPGwkKNxkE4BABAGK/QD9mr/gqN+0D8HbS60DxFrx8c+GJZrSEeG/F0SatYW9krKk0CNeK5gEkWQGGSucjpX5u+F/FfgFqpwtndHi7J6Tcv7Hz+U6ePjTTTVPDZjCMuZ2fLH28Wnpd9/p6eP4J4nhGGZYaWS4yaUXiaCU6Dk0tZJJSj73SSluveW6+CX8E6nBq+nxxWt3FFDqiidWiK+VITkDY4DoM4JBVSCDwAK+2/BOu6engaXw7Nbb737ZBDJIvySqUmyJGBP02vwxI29Aa+9NE+Nv7Bn7Wniq80vxr4QHwM8Va1NJJaeINHuRHoN3qX2dDEC0ahVE1xkY2qBkqcAHPYt/wSu+JOpeHNZ8W/CnXLLxpoF80l9aSrtiv2S1BfydP2MyXLtEqyqPMRnGH4yBW2G8dcnw+Ow2XcdZTmfBWZc8I05Zrh5SwFWV4xfsMwoqph501/M5QdmpNLU5cd4c4jD4Kri8jzHB5vhalouFKrCNbVJqLhJ/HZW5U29NNBnwHI1P4TftB2LSLKzfCi6uUEnMkZtYpRjg5ztjDAkEdB648j/Zs0lNf+CGm21vGst1FqciSLMmHO1B+8WQ/MoBOBwV68cHPpHwAsLn4cWHxv8LeO5Ljw7eXHwn8S6L5euRSWks+qQ29wIraMyACSWSRdsaozEk4Oc8+Rfsk6/Gvw+azu0ksXi1O4ijmBCiQguozkjGWAZsgcc5GVz/RnAOOwWPzPMcTl2Jo4jC4yjha9HEYepCpSrJ0k7wnGTi9FbR/doj8i4hwWKwuW4eni6NWlWw9WpRnTrRlFwUpJxXK1Za6W9Vc1PF3w31m4W+mito7qGwtbl5BGcXEbouScnHmAADJ9s8A1F8F4/EGm+Gft+jXF5pupQ3skSGJ22Ou8krIp98AkA5Jwcsa9/8AEkl/FpepSQSiWQ6ddgvEuJH3Rnkspw4IPIGAwznkmsj4F6Pca1oOoqIFmttGuknupYgqzI06ZZWHB4dgSeQQOvTH6lUxlPD4qlPFQpqE6bpXdneU1GzV1e6t1b1bdtT4uGEliKFSGHlNVYyVVpK2nWzWlkl0Vla+hv6F4tu7lLu28SacjX1w5U38KFJGLDHz8HeXzwTjrzX46/tBE6T+0l8SLmxJjaPwxbz27gsHhdYtySKQQA6uAVZcEHHGMV+6g0S3DR7QJM7t0bxDzDtYEN6g5Xr1znHJr8Wf2otAa6/aR+INtaI5kuPCsSRgZDmVbdpCFGDliBjGDk4/iNefivYzcY00rqV7X0fup3V/XVdW3r3rB+2pyn7ST0i7NN6NSWrdlZeV3+aP0w/Z2+LfjX/hRvg1livtcttS0JF1a9aAy3cBtisamCXcTIBGCSCCQRj/AHjxpqvhTxHpv2GeJJ9Sn1azAmki+yXMSyzKxWcEKRnGN+SVbGW4IPK/sk+Ktb8D/BTwRY3OlxaisFndLNZ3C4uI4p5GKsEZMsw3FlD5IznOGarnxV1fw34ludOlswljfvfxxXVvPGLaUyyPvz5m0ZVSpQMehAI4xWlPAzpKlWp0HTV4ylOFlf4d4tWv53utTSWNVSbo1Jc6ei01S0Vrvr6S7nd6z4SbQL6aO0LTWjWtpLGs2JFQvGreUsqkgeijILgEHJ6+earYp5kd7NCRCHlimjcEIQ6sSVxgZGSByQfXvXe20t20sum+HLt7qzk0q2+1WGoOtwVuLaH995E7PuxuyV27gF6nAwPUPh54V0rxR4f1vU/Ewa20rRntLWeSLZI8N9c8I00LEGSBs5LAkA4OBnjsrYxUqLeKg+WKXK0m022uW/u3erSejV9b6mFPCxdRSw01K7Ttde7rblV3ey7+fkrJ+zx8NND8a/De88QabqtzpHiPQPFItLS8sZ/mgj8wsi3tvkPjjCOFZdu7gDBrk/C/itfhR+1Pca94zu3OlanI3hjxZeWaMkl3ot9iO6vwFUhjC2yV1x91DyFyagj8KeIPB2r6lf8Awv8AEP2e80vUHu5tOguTbwX1uRmJprNjsmk2tjGeeRnA4851LWtR8S+NfD+oeJrXyNVkvb6x1WO4QW6XEt0jgbQw2FP4gSc8jaOpr5PEZRVxix8qtZTwuNp8tCnpGVO9knFO+2jVraps+lwuZQwssN7Omo1sN/E5XpNe62rXfnrr8rn178TtV8Ga94518eHl0vxH4d0+xs7XQ9YtII4f7Qs3XzYZ7ho/9ZcKGaOVvvFlOQOBXy9o/h/S28eatdQQNDFcW8yoI+fLfIV1OM5XdgdsHoOQDZ+DnirQfA3jR/hx4ygkk0HW768n0PVB+9k0q5VnMdpPK2ALWRmAQM2B7A5Gl4dmhm+IGvxQSBrSLWpbKL94HGyWUMp6kYKjIPfr0ya7cgo4vL6UsHOM7YSknCpLW6ik1JNt62VpW2V1qjjzydHFv28bQ9s+aSgldN8vNzduZNKy33urJvYm+H0cEviqfT71L03FhpzywOoJt5mDGWJsg/ewCMgbgeCxya4bVvB99pmj215aCXT7kki4jWR/ss0YVjteMjah2g8HAJyMcnH0t4ovNF8FaP4h1qCymvH1VZbfVYwpYxw2wQQ3dqd4Cyx7mZ9oJcYXviuVu9f0jW/BUs+mTLfwjS3kUPGqyI8kRKpIhJKSKNygEK2RyCBXsZdjXjFUb93llKMktrpxdm72baW+u+/bzq0HShBLrCPLrdbJ2u9PW6uno3orfPnwy1r+zvC8AvbF2t01y8aS7tFDiJWlO5pYST8i8npnAPODtM/xn1jSPEOn6PqGhXEd5MniHSbZohtgw0UoLGSIlMsCCu0Db7dm6P4LRWF/4UuorizZWk1e9Rgq4IXzCrHGRnO3dk9uTnBFea/tC+H7OwsNL/s9HtpLXxBZky2rCOYLLKgVmVPv4JIVuSASeQBWmPpQlh/ddnG0m7tuXK0lo1ppfRabE4KpOOJlzJKM2nFrV393vs73tr1vqj2nXbCK3udLvTcGBpPD8rncGZDOYUVYyOVVS3APr0HSsvTWLaVp41S0YSTs5SZE4ZZAyKxzkbCDkdOODxVF9dvbW2jg1NBqWmW+mWdvG6x41CIPEpc78gSA5DHdk45we3o2iXeiavZ6etnO9zFDCFW1kwJ4dwOVdWIZjnGCOFwcgc7vCqR5VHmhpKKs3G6s+W115WaunZu9tD6dThWhC07Sglv/ANurdtqyab876dEc58G/F2ueBrbWP+EX1/U/Dt3Br92Yr3TLyaNvNJaSMzRKWjYKxyV2ZPI+UE5+p1/bTvLe803wv8dvhx4Y+Mmji3CX2tG0gttc+y3YaL7ROVRpbmW3V94LMuGxkc5Hw5oUjaR/wlb2cYLx+JLkNHIwKr+6yFKDOGALcDOR7tg8/qF/PN4uM8kix3E2hK7rGCVwHKlDkDGcfewcqOCT058Zwlkeb0qVbE4OmsT7so4mivZVoNOPLJVKfLLmTSa1bWumtjmo5zmOBq1adHE1HSldyozfPCS0VnGXu66pK2iWm1189ftfyfBP4k/tAeEPhd8CtGHgyfxJGcS67cm105tXvZysCMj4SxKl1iR9xUhc8ZAr56+KX7P3xT+Csy6N8WPB+taTZxBltfE1nby3Gi6kFb93NbalEGheF8BldmAYHg9zxf7a80lh8QfC+v6cLjTrmbSAyahas0U4uraUtHJDKpD74mQYIYEMBzkDPtXwb/4Kf/EzRfBUvwh+NOg2Hxn+GlxpsWmRRa8kd1q2mW4IBliuZY2mkaMcgB1OcAnaefxzivMOO+E8XSq8OYehxBlWEjKOOyzEVZwzGrGMk41cJiJvllNR91U6iXMkuWWrZ+l5Fg+HM7w6pZjWll2NrckqeJjHmwybtpVhdSim73krpX8rnnPgzQvC+uaNI8V89tfWcgSW4QhWkUncjSAkiZOVDBc+uAOK4v4g+A/LvI7gJFc20q+RHqWlKqTltpG+eFPldVIGW4JIBOelfpNpnwN/ZT/aI0rwxJ+zd8RbX4ffErWkk+0+DPEtwos5b5kIS3hSRkFqpkIRSC2NzEZzg/LXxe/Zg/aI+ANi1/4+8K6nLp0OpT29vruhwS6l4du5I3IBS4hSQgMeWZlwAfReNeHPGLhjPq0cuzOVXh7Ok1GplecU/qWIVSKTah7X93Vjq0p0pzTServY2zrw9zjBUvrOAjTzLCJKar4V+1XKnGzcU3JNqSvdOV9npc+J9Q8CTGexma0sNTa0uYLqG4eMW944hZCI5ZMBnPGBv6buPf3zRvGuhXIm0rVRcaBd/YJ1UToWsZJDA0aLHMQFXcduQTnJ5HeuLuPFUdxqED65pSWsM7xRG6hB2Qy/dd3QAFdv8QYAZU9cV1/i3w3pseiPfW2p2F1ZTxr9mdjGS05QlQmTuQkk9e5Hrgfr+FqQqYdVsFOjVjVsk6bUoy91K91fSzaT0to99X+cYzCz9ry4ylVpzpNWjKMk46xte9r9Oie6tsYX7MHjTUfhj8QY/FemW2nXt9ojaoiW15Ji3u4ri7JHykKSHQjhh3yMAnH3X4u/bK1LUF8Q/wBp+GPCdmde0S60uWQTxJLaxyW7qWjUvyVP3RjAxkEHLV+XV3Hd2lhbm5tntX+fbf2haJ5EbpITFjeFYjIbuB8uCa+O/iR4W8aPq9zqcOs6rrenM7N+7nkMsCgMSnlbgTnONwAAHHOcVhyZZg8LKOKyqOOxMqnMqs+aKgmlaz11XVLRb7O5njFjcRUoPD42dCjGEIypxvednHmck3a2yejSSv1Pv79mvx1J4d+Jmkaxp09ql3pep6zdW0zbJ4WMlyxXzVz8wBORuzyFwNpFfpp8Uf23PjZqPgrxZ4bHjiKHRtQ8K3WnT2ltZrGzwPGVe23ZO1dilQVBwP4ckkfz9/s5a9c+GPGEhvIZ5rVNPkBW5d0ZZJJQSVMhxnn5ipyMZz1NfdXi3xOJ9B1W+i0yQQTaXPGtyCJIlYqUUb1dsqCAMk5BAHHIrzsJkmTZpKri8ZhqM8TRs6MZq/s1CMWlFvTR2fX0tdHbPMcywmHpYfD1KkKM3FVWudKb92PNdKyutd/l1H/sdeLtS034n67LFdXkJufC8kTLa3jWrbWk+be0bBijMcleRx9SfuX4ieLb6bwn4gjurq9dBoOpSRxTahLcx/NE45Ryw+YkHJU5z/D0r8zvgxY+PPA+mXnxetvD0V/4WvrJ/Dqag82xP7U3jEOMHpyB05HYA13vi34yfELUdI1axfwZbqsmi3KTzC7JMULxsDKi7RuCqwO3jntwKjC5HluKxH194WnOvRnyuajGUocjTS5rXVrWtdWSV92n247OMZhsPHAzqSjTrUotwlJJv2iT1Wje973V+z0vsf8ABPe9Sbx749i2gbtLZyrclgZXYHIGShB7ckckA4Nfcv7RwaD4PfEJRw0/he7OTx8qhRn8mOcY42444r8hP2U/in4i+Hfi7xJqnhvwxdeJ7nUdL8ia0RjH9kIkJaUtySitvxk4brzzX1t8Svj78VPGngvxVoeoeAorWwvvDt7HcXsjbWs7bYGd0BXDyLjbgHPQdK+8y+vRjl1SnCMm7SfvJ2Wqb5tbbpLzvr0PzbGZZ7XNKWIlOMYx5Gk5pdU2rX1T2vrpdbvTxr9hu4EWs/ENXwxFlppRAFyR82cDI475yMcnJwa+svjLOLf4VfELzGMcknhe6ZEIOcEFlCgYCryuOh6sAeM/n3+y14i8WaNq3jGbwfoMWuXV5p1kLpLqTyo7aNGZPMTht24Bj0ydoG0DG76d+KXiP4p3Xw88YPrWgaVb6NP4anjuZ47nzbuLKjmNAuWAII5IyAc8fKLoVv8AhKnFU7tKaclG+jsr3s097p3Vrb3VnrUwdCGYxlKcU/ccYuSvstbXTs9Nt1dabHgP7BMgTXPHSSEF2sbNlGOSTv7cjj3Oe3JIFfpHeLnSNVONztpspUPyANwBCA5ByMZBABwMDOa/KX9ke48W6frPi6XwlpttqMp06zW6F5L5KwIxO10BB3E9x+JxX19qXiH41wWl/Jd6dpcVkmnyyTeXLvkW3UndswAGO3hFxgcg5bBGuX4m2V1IKm2+Wo9rK1011s7Wurem+04vDxeYwkqiSvBcrlaX2fR2ejVuulr3Pqj9pdpLH9mjVJrQhZH0bSWYsAApDJliMAAg5YhSOeeCMD4j8Rtq83h7wcb67e7N9oWjTwrJhirKFQeUTxnAxgHBGBnHNfQfxab4vav+z19q8THRx4Z1TS9KSG3jj233lNIqRvIR91h97PcdcZyfC/HeleILe18A+G0n0yGOfR9Fs9Mv3lWJYZ5inlo0pyxOWCuMHBBG3OQfm6NVvFQmotuKi+VWabT+HS6ffyuk9dvoORQouLmuXW93totWtdLNbJ2aXyqad8Ldd8WDxdqv9paZoh0DSROt7fstvM42E7U2svOMEdckd+BU/jT4ofGjw74a0vQ7p4PHPhyx0OJLDWYbJ7l7SMJlN1wqg7YGIO7AVQMV5v8AHXwv8UvhpaX8XioazZpfQW8K39tO50nUIGQMIvOT5WyhyATlgBkg8V4lZftF/EDR/Dv/AAjsWqQSaX/Z7WMUFxFHKY7eRSHg3YUsvUDowB4wTz0Y7Pkq8aUMHOlKPuzfSV2r3TV/P01ObB5PzU3XqVqVaKnzqyTcFdaKS1/L5314HVtSu9Qkvn1CEYvpTdyR4DStI7At+8zlRk4x2J6AjNYdvdyQxz/ZoY7dcqMvHukyMDrnJ4PXjlSP4c1UTxKHlne6tA6S5LuowyOSSSozg5zuIyeD92r8Sw3aNJZTlkyrMkmQ+7hmGDtIAPBxn3Pyk1wvFRqpKTUZvorJpu13zXel30Suktzvp0nGT5G30W6a2s1ZLRXd7aq+px+r2UEuqQu6K7mEu7HncxOST2yCegxjoemRiGJA7YwPMBAAUALtJwCOwGM8dM57GulvlxehySQIWwSCrDaSRgg+h28EnAPXdXMN8siseV3HGdwHJIPJ7/N75HOQRXkTpU1Uk7xd5K1mndppN33+9JNvqdvNNU03omrpXa2a1elrbb9+rR7d8AURPiJpTKMEQXeDuAIPlv1IGT8uB2OSeOQT+g3jPQ9M1DT9Na80+yu1NhGXFxbxvuJIGd4UEHkk9TjPvn87fgtc21r470yeZxEiRXIMjE4BKsOc/eHfJAzkZ4FfoN4o1e0n0vTmhuoZAmnpuWNwWBBU5IBz0H0U++c/pXCGHwlXLsRCUKcpxqu8akYtNe70fTlVn69kj4PiGtiaeMo+ylUjH2aTcZNO/PHs77XuvVs+dtd+FXgrUNe0WyGiw2keoT3AneyPlNIAp24CgEds8HjgHrRqP7N2mKJBoOvXli53NHBcxiaAHLADJJyBkKwAAPtjFdmLvf4i8PO+SFkuHU4wdmT1HTLcdfpnODXtcN/bBUjVQVICtkBiCCAclmJAHPOTn6Grlw9lGLq4n2+DhH3rRcFy6+5drla730V313Z0U88zLBUcOqeIklytuM3zK7aST5tdNEnfbt1+Eda+FHxG8H+dfWGpQXcUGw+bY3MtrMATlWGxlG/IHGME4xjIFdZ4f+PH7RXw8EEcWt+KYLeMKVhvhJqNkVChgeese38xz0O6vofxnGk2namyYCeZb4VTjO2RT098jqSOgxjONvTYY5Db2skccm60t8xyxrICPLyfvbgBuI74OfSvncXwdhPaSjg8XUoNJNpvnS731Wq19Funse5geL8Ukvb04VPecZLZuK5XffXVa7LlTe7ZmeDP+CiXi6wa1t/GfhvSdfgjfFxJA5sLhsdSIWQ/Nn73Qk5HbB+nPAn7ZX7O/i/Ub6TxFZzeELu7SJGMkAa3aTn9556524PHQkjnBztHyp4g+G3gzV45DqGgWHms7HzYFWCR+RyCgAyPYjBxgjLA+I2vwF8OanqGuw6fqN5pT2k8UdqwJmQLLk4ZTndgkBc88+m0nwsVkWdYGSdCrDEcz91KfK5LTWz06aXeivfc93D8S5ZiuaNeg6co/E7XWvKk/ddrXvvp6n7daFqPwp8ZQiTwr488Oam06HyLV7mG3mAdRtVndkJYbvmznmo774VSvr+n3iRy3EH2OeF2t5EuY9xGA6yISGG45VTwCQDngD8RJPg78QdCPneH/EsV39nLmL97JazgrnBXY3LYxg8jJHOOvV6L8aP2k/hlLaPFrOvGKOURwxtcNf2zmMZCJE+SVPHCk+mck1xvE5zg4uWKwFZRWnNGN4pXir3Tf3p3trrodtGeS4uaVGvThN30dlf4U+z066O22ut/181P4dX0geG2tyXt9+5VYxShRjGQw5AHYA4PAJzmuB8R+BmSyuItR0yVkjQEie2WVSc/xYUkg8Bs/d6844+OvDP/AAUR+JmlP5PjHw5p+rxbh5gmsTpl0VVsEGbDEs38TEc43Djr9CaN+398IPFOny6Z4h0fVfDk92YkmnjZL22Rx1IZsMqgso+XOeQvGMr/AFhhGLjOMouVk1OKTsnG71eqd9NvLZJdUslhUd6dWnNO2qkpXty763vbbv8AiWrz4I6Tq0Ank0O3iE1uGDWR+zSLGB8p2jGGYcgYycg88V5lffAW0W5VdP1XUtLW2cELMvnJu64LAgkZOMnpkA5FfaXhX4rfBLxqlpDofxA0WKcW6gx3MiwXErEAbZFfC5+6Tj0BJOOO0Pg/TNcknfTb+zmtwQyXNo8M0ExwMtsR3KZPJypGTgZ/i68NntGbUY1OV7Xcu3Lp1stVs1pfo9eGvw7e79mpLd+72ceuttm777pXPy+g+FPi/R5NXNhcw6jALsylkcxTysx6ovYkDgZzyxPY1lyp4k05zDqGmaiiKrCRvIMgAIOSrhievJ4/M7s/oTcfDPUJr7XEs3hnjiuIsquY3xkE7cDAHJ7jjkZzzx9/4Jv7GeRZbWddyn5nTzogVA6nDBV4HzDcAOduMmvcw+Zu1OMa0GkrvZ3Ta0dndpel+nTTyMRkULP3JLo5JPRWikmrPp6X023Pz7u7y2Oo6H8zxlLqbzPPR0KDHVgwHQjGe/qzBmHZG9WRVSKVZkYsA8ZUnaSck88gkd+xHAxz9Jax4C03ULnTlvbK0kZ3l8z9wgyAgYsCAOQcZJwSe+K4TW/g1pzb5NNSa2dnbY9tMw2qfVN2cZ4xu4x1rZY1c87uLU2ruPko2smt31v16nDLKKsYRVNtWVldN78q3+VtFe6u7a38O8QKPsLIHVgJ7RmB6k+YnBJx25wDkY54PPZnJihkXJIVGAKjIxGOmcZbOe/pgcVDrnwp8TwWphttS82LzInjS6i2sTGwKnfk8ZwCeeCSCCayL+28b6UkrXvh97pIgEWayJZSoVQWwB83XjoW7k9aFXp+0blJpzSVrX6q1tbvTr8tiI4XEQhFOL3ae/Wyur21SXe5i+PdIPiO10PRfNCNq2r2lluI4L3UiQBB1Yb92MZJ5yTngcZ+1d8D9K+E3xLv/C3hXTJLa10bwt4Wvr0CVi4vtQ0yG5u5N7DJSSViQpOFXAPJOO28O39x4k8b/DvTnsrixa38b+HwyXOQ0p/tKAbVBHzEnAwB14Bwc19Kf8FLbB9M/aY+IluoeC3m8C+DCvmRtGS8WmW6uFygzyNpI7ZA71+e8URo4jF1GpRa9nTcOVK60d0n0tLdbNdO33fDVOrTw8Je8rtpvo/gaaT1unrfpqm9dPye0jWPEGh3kOp6dc3+kX0A3x3sE0sBDKSfmCY3AnrngZGcZwPtH4aftjanF9i0f4nW51ezRTbR61bKpuY0JK7rmAqRKACQ7EZwM9RmvBdF0hvEd1aaXsheKbTbp3lMS7kWBDIzLj5iVRML1I4JGcMOY8S+E4dEkWKzMk8UsMFxCWTynBkXc6ndgjdtyOg9Cc18ZTniMJJToVJR1+G71ScXfS6s9Fpon2dj6yaVTSok0km56u93H3Vb8NfPle5+ly+G/BnxFsf7e8Ea1aXTkh54bZkwIz87R3FqG3owOFOAckdhgjyfxd8I57hPOsJI7XUYpAfsoj2JLu3AumQeWHJGe3XNfC/h7xd4i8FXovNB1K90W43q7mKV1hlJZfkkiBCOOPmGCScAjFfdnw7/AGo9E16LStM+IOnpa3wKQ/8ACTWUYZGGQpN1Aq8Z6sQcE54B4r2qebUcRGnDGx9lNRX7xWs22nfq9t7Oz0fp5VXL63LKphp+0jo+RK8rXinprrZ3eqvvvv4Zqnh7VfCst3Zanpkyl4XdJFUshZ1OTv2lSucnqMDgEgkVm6fqGYLN5XDQxMsbw4B2DDDpnJIBzu4xz1bp+j+s+A7TxjYSa34Rm07xbpctuDMliyTMkLruZkX5pI5EGN6MDtYg5JyR8ieMPgzfIlyNCgms5I2aabT5o2STEfLGJmGWzhvlToM/Ng10SpPkVSjKnVi3o4ybbty76J67WtfVJu1m+N1ZU5KFWLjZpbO1/dvq0mmtLJ7pWvpp5hGum6jfajbSxRzILMmMyKMAqCwKk5IZSNpxj165rjo/CTyvDLZy4uJ/PlW1JypCdAOmTg8YHPUEdrtxY6hpl+pnjmguWjaCUTgoJCpIAUYwd3U5OT0GDxXRaRMs19pTCUF0hnRkQFWUc8ZIJbkZAxg5OME4PFVw1LEXio2a3votFFJWtzarbm0tqmzro150+Sal7rskt1JWSbfVPXy7q9ziNP1bXvDupJe2Fxe6Lf2jARXttK8TgoflAZOGHHJIYHkehr74+Df7at5pNnZ+Hfi5YDxDpYZYk161QDUbZCcK1xFhhPjqzHGcnHyk18uajp9vq1leRyRBEt44yXCAOxD/ADbXIzkkDt1HvmuMvPBV5FZNqFhIJoBP5KwgZLO6jscAADgZ5PJHUGvGqU8TgZueHm3T5k+R3as7W0lpZu76vXRN6Ht0a1DFJQqK0lG3Ns1a3XRpWTs9r9G9D9bPFPwo+G3xk0VfFHw517S76ef/AErZZrEt0DISz215ajDCRclS4B2kk85zXxt4u+EGt+F55lFleGSONg9rJEVlVVOWkQlSkkR+8HDbgCOTjdXzj4P8a+L/AIb63b32h6jf6FqELLIYklkS3nVSCY5Y8iN0k6YHUEN8wxX6b/DD9rj4ffEi20zw18UdKtNI1mIRwrrRRHtLp8bAZmwrJ5x+8jEjJGcbQT1xzHC4qnyVYOhXa36TlZLR9N01urXuzjrZXXpS9rRtVpt3tG7cLtbKOkvX4brZKx8Z+HJ49IvtXuL+PyZLnSRDEGG8KygqoIIGWwMdiMjI452Ibqxl+zXKPm7dIfNjkCqrDecAnG1hgHPoOec4r7x8Yfs4aH4w+0a58O57W5hNvJOLOJ0ms7guMloZoyRDuHIRsHJPp8vxP4g+HGs+H9Vl0+8tLixaFJHMF0nlbnU7f3c/AcDHAPJC8DAOMJUZxSbhZS2kkrPbS+qu7vyt3HGT5X7ydrJxd0001rbS1vJ9TjbbQpPE/iNdL01IYb/VL+Cx09wdsTXU7hEVzkAIxOCTwAO3ArY8d/Dnxh8Kdcn8LeOtLksNWMSXEaRIxSS1kUFLiFgCHiJP3uOvU9k8INd+HvFOjXd3DIq2XiDTbpCSA48q5ViR0IUk9Se4J5r9o/GHhHwx8Tv2uvhnaaxp1nqul6r8F7h57S+VJYZLj+zzLHNLww3q5Vg4bKkdQM5illSx03GL9nUlUpwjJq8f3j3lHrZ202a1szWWazwVPmknVpxpVJzg78ycHF2TvbVOy3tpZrU/ELQNY1vwdfwavoGoXlnI0kMxmspiNjowdXaJWK/UEHoegya+nPH/AO05qXxQsvBenePBawah4atzaw6zFFu/tW3eMRqL1SNqOjHO/IwQeCMMP0otf+CeXw1+I/g3RfEvhPUm8JeI9S1LWrRI1mGo6JeT2VxNEkMar+7hyyhSp5QMMD7xH5t/tEfso+N/2fPFFl4Z+JNtbXKa5by6lot9pkiy2k1qrEKA21RDKMbmjPK8+mTtLLM1ynmabeHdoycZOVNq8d4vbXa60drX1OaWZ5Tm1F8yhGtraMly1For2kn7yV+l/NNFOC38Han4AsRYaqo1izv9Ve705LlZROlxE5tp4YzgrCm8E7ehGDxkVp+ItQx4P+D8DXfmpYaVfwyKxD7WN6wPJ/u84JBIwDk45+WY/BHiKw1KKbwlcz3EjRSSvGHIdIgCWUqxKuu0HI4JAHcDHvd3qGlXvw++HtvdCSz13Tl1ODU1ljKpcSGd5E8ph0Vm24GMZySxJFc3t5Sr0ZS1aqS0+Hli6bu2tdG5KzaS0skrs8yrh6FOnUVNJpxSadryScbWUVq+r0Sfnd3+tvhbqUcHww0+yVopLy58cveW83lo0i26KEKJIAW29TjgHH1r+1/4Gof+FLfCtmwWPgnRXY55LSWkDNnJ6ZDDPHHYYwP4fvhYi/8ACI+GYE2LLZSPqDcgiSSe8MWNxYcqrEfMRgDGOgr+4L4Gtn4LfCw5HHgjRPu5wT9hiI6Z4I+hHUeg87FtPG1viS9lGTV9Pemk/NpWe+yb9D1KjtkuB3ssS1aTd01CEdu+vd3v30PTCgJB3HCkggfKdwU4BwTkHAOcgZHGAAaA2CAcnuQwOVIwMKepI6EZ+YAjApcgdBtB45AwM9M9MYByox91Vx3w4ADgYyerHoSD04zwCeeuQQCeTjDSyvrdeltI9krbrXotL9DgpzcbOyenXrqtbKNl/VtNSuzFi24gDHdsjg84HIwxOeAT+JAqMNu25ORyBkAjtgZGcE54OBwOw6yhCxOMbcbhzjdn7wP8PptHUYwd2N1O8kn5l6rg4GMZ6cfgcYPJwO+BTdnZdNLaX7Ld+tn+Ouj6PaJwXWyjrba6jdJKOi0bduy2S0gAG7GGY889Av8AEAAfw7gYGCfRwVB8rZLYwoySQBg4/iJI6kkjGSMeljC/KcAnbt4GeSMkjBzzjOMemARkkC8EAZz2wMdeRnOF7Y+vfmnHmT1tZf5dPn026WtYXMn3te3k3pqrLZNpW0VtNdG2xKF5+b5snOMYPHpx2BAGM8k1ZTvgYGTjHHJAz374Hy+3HPNNQYOQTjqB1OAAPmORyDxgckkEdctKNg5yeMnP3gMccDn05xyfUjBranzWSb01vdPXZpK3o766Pp2mTV1dJ3S162srPTXb56WtrcsZYKQuCDjcBwcZJHPcnnJycjOaCyk42ENjjt8vABJ5GTwT1zyfambmI4yB0wTjl/fAyOBkYABC445qRBhTkjLbfoCBzjJ6cgDAHTPGABsnbS3S1rLuvL8PnZ2MX39F+S6eSS/PS4KvybjwBk8EHgdjyCQc4wMDA9Kczk7gQVAwc5wckjDe+OmOxNSIjYUMdq9SMHJXGF6YIPIxxyDj6t8sEE4JHsxydvJ9MEjIJwfoTxV8ztFJdlq7tv3dOvRpJ9layM2/e1d7NeVm5aLs7pPz7rTRpJPRASAAwJGcH0Ygds478kHrktJZF4XrkA9iM9Mjp1xkdQeBjkSkfNkD756dAuCcY6krk/Nx7ZJIpAG3MMA4A3DauCe+RgfL1yRz275K96XTS3fZe69b2S0XdKz3TTE5KNn6Oybu7dNdLKz+UWxEOTnBYkK3PQYG0+pwvoevTPepVBYlwMg/MOTgEd+hP3sfLx9etIoZSccqQcZ6pgHIIwWJbICkEsOufWQZHA5GSc564/hA9cjB7ADjIABhK2qV7tN+b0Sv33aWt/JbCc0mrK/MtH0UWklvrqtnbVtq2w8MgHA2qMDLfM3zctzwfUDngc4YDANp5c8AHC5PUHkjHfHG3BByQQCeaQdAeAwPAAzgHOGBxgjIOfw45wEwVwFIIweDywycY6DAHJ45JHvzrFJpNJa26df+HX36mbm1sna9r7dUno/V3u1ZJ+dmseWXbhS3BI6YOcA/XjJwCAOehYz/ABYPTLHAxtB9GyCAe3TPYmniNu/I6L8w5ORgkE8Zx8uOQcY53Ck2E/xE8k+/A/njocfXNDSvd6x2aXW7XZN76Ps12vcWrTe7Ss1ra1m+27/O2iANxleCCck8Dkdfy7Z47dBkSRiCMliGI5IOTnjPTJPXPB/E5pduQVORnO48njuSeueeeCDjk9KXy8HCckZwTnke/qMcg/T3FKLS5eVJWV0nvq42eze1rvVLa+43GKWitd2ur33Ta6rVvrrrfYkXJxyQRkYzkgdh/s446ADBGO1O8wnHXBJAwvPABBbOewJAwck55xioBtC/7ROfc9sHOO5P44Jx0qfOSQWB6MACF4Ayfm4B9up59aqDmtPJXaWvNp0s76Na3u9F2thZ3Sbtazt6WunrrokrrV7JO45RkMe5C4ySBjrgdQOnTGR0zgZqyiDOCcjI3HcTgjlRnknrg9OoPeoRt2jkDdycHPQnGOBzj7w2jk5OcAmRpPLjclQGAyd2QBtzktnI54449uetO8nro+u/q9NNdLK/53ImpK0VfVq3XVuLXTe+qdnbV+RHfaOl9HIEZVlAKowO4AnruHZgccngjnuK+Vvido+taI1zPJHNLb8sjIrFSB/ECpO09Mhsc5YccV6vr3iu80sz3NldbHUnCOxKPzjkdAMrggDA689Ty2n/ABk8KeI2k8NeK0h06/lzHCbohbe5ds7fKZujEkYBOB04PIyhOtQmq9KKnZq8FezXu2srKz9Xbd+ndSp4inBRk1Ki0r8is4vTdJ6pN6q/R2R+Z/jb4tzaJdzQTSvAFZgBcFlYMDjHToTkZ2nAwcnPPjuo/H6WN3H2+JCgO39997OSQRlTjGPmOMHk9BX2x+0x+zbY+M9OlvNHaGyu5Y5Db3lsQYy+0lGcIMYIwGIPAOfTH85X7SFt8TfgjfXdn4msL02cc80dprsMcpsnRCfLDyfdA243FsknryPl+nwGfZRiIwoVlGhilZSpVOWDck4pqDaSetu7+V2V9SxTUqkLVqVrtx+yvdtzJXcd9bdbrR6r7/8AEX7RlrIJUmnjE2CSyyhQQB1BJGW/Bs8gZAr5h8a/tLwwCdRqUUagMFzKGJJPzZI6le4GAB146fjF4z/ac16S4mt5rlwFcoGR8bjjhlI+XGMdCDnqNx58P1b4161qIdpbx3G4gZZiTuGAcAhgcAZOeTxmvo8PmOBo6qSvolHZL4d73vu9Uu/kzyK9LETvGCcU+101tdJLVdb7/PU/WzxF+0pJPI+2+RhyR+9yFCkYbOTyemOx9c15fffH95nO69AZsvgHBODkAZOM5PXIxgYxivy6m+IGpTuClw5BGVVi+TkZfJ3cknJH14xjFVJvGOotu2yKmFB++ynqTxzyQCQBnGMk9Qa71xDRg/ccVeyTS1b927u1dK3Z9Gea8rxFTdu2l29ltZapN69V5n6UT/GuaYswvPQYZhjGSecegIPU574I5hPxcZgD9oRiR9xXyw9SMsFxxjoBgDGK/NVfGGqZB887h8uwuxypIwGBPPPP3hj04zWknjW9Chd/znHcA5AP4kYIGevqeoG8eJlfl9pKy+LTfWO2j81r3aflzyySTWsfW97a8u1lovlpb1P0hh+K8bkFZ1JPy4Zto4GCepzgjAyeASPQVr2/xOGf+PiJgQPlLnk88gBuAccAjpg8Y5/MuHx5qKZZ33spOSx24A424AznkD34wRzjSi+Id+jL+8AJUFQHLEeqgHgk45+UEe/OdocQ80klUeqTV9Hf3HorL71qmZSydxSaik3Z36W0sne3TRrySZ+ncXxJj4YmN0AHAcHDEr0B6dNxwfl6Y4zWjYfEHSb2UWmpuYbe4Yxm4jcmS3J4VwwHBB53DAHHI5r8wl+JWpptYOVTcQfnJYnPU9R/tEHHcA5zjXt/ibqOEMsrDhdu1st6HJHUgdSMHg4HOa9GjxBUS5Yz5l1vf+6nqr20+V3a2ljjq5PCerhbWyS0eltddNdW3d/PQ/b34UftL2PwqvbPwf8AGnSrLxr8KdauIV0jxoLaO6vvDJkdVRbphGzPbgN+8LkHYTngnH6GX37MXwM+J1rZeItItNNvPD+tQLcaV4i8OzK1rNHOu9FmMJKxTKW+ZGK7WJUjjNfzB+HPjNcRWraRfMup6TdKFuLK6bzE2kYO0PuCsP4RgZIB5xX3H+y7+1f4y+At+kXhLVJfEnw41G4Vtb+Huq3TSR25c5eTR3kLPbSKjFgseQcAAA4I86tmWOoVvrOCrVIJ2lOnGTUVtd8t1btbW+1rvTxsfw1RqQuqSU1JSVlZte7ZNx2Xro+qR+p2v/8ABObT3WWTQNTmMDEGNg2ZY1OdoKq2HABxnK9wxzgV4rr/AOwN8RtPM39j3n2xYkJ8sjZI2M44OOcjAY5IyPfH6Q/AP9qL4e/FzT45vDWpJZXp2i58N6gyxahZSlQZETew8xIzkBh8rYyNvWvrmwv7K9dXlPzxgBiUAyh53MBncpJ+8CRjnjFejhOOc0o6SrRqJJXjUj711a6vyp+XVJ6HzdTIqUW4tzhLqnfa0dtG9Xfytd+a/mp1/wDZ/wDi14REjX2h6k8cQcs0EUrJ8vRwTjoASQBz0GCBXk81/rulyNBfw3lvMp2Mk0bJjGRzux0weBnGcZ+Y1/V3d+G9G1yN4preyuoxkSlUh3BGBG0hgckA9/Xg/wANfMXxa/ZE+HPjaxunXTLO11Fopfs7wxLC5kORGW24yehUH7x69TX2OW8fwqSjDGQUW9HOF2rvkaum35NvR77s8nFZJXpR5qc1UTV7Ws7Wi/K/Td9NEfzwR+Kp+kkhBX5mwMY4AOAQOAOB1BAPoBU48SM+CrMq4Yk9z6hhzgc5yDyR6g496+O/7M/iX4VXEs80TS6Q0jra3sEBIjVW4juMABBtGCxJ4HG5gc/IszTwsoYnbk4ZCPLKjuTjrjP3ep4yvf7/AAWb4XGU4zoyTi0tea9laLd4u++r1Wl3tozw6mFlH3Zc2vl193RvV30TWlr7taI9FPiFiVw6cj7xI3Y9C244zwBj06kACojrZ4YyEByCcncM54+nGOOOoHTp519rb5lLqoACx553ZOcHkkLjsOfTjmpkuZNwyBgkFSql8j7vc4xk8DgZ4PJratjKKi2m9NX01XL/AHnqunne6RvQwlRtNXVuXV3as7NJu/k77eauj0RNakIYcgnlMEfLk8gjnIPQYHJBYEEir8WvPwNwwflAJycAEnJOcgevO3JIGG58w+3MBuxtCOBkeuT/AA5I29jngHkg/LUwv32gGQHacjj5gMk/Mc5IK4znlcrjpx8nj8xSnyq6e+7t0a1630/Fa7H3eU5delzzV79FZ2+HVL0a8vJ3sejXuugKGkDnaxUMM7hnAHA+VVH0UdOTlcdL4a+J2teHZYZdH1KaxaIq7x+Yxt5ApB2uhbb83QjoMk4PAHjM16zQtGrZ3oxIYd+4znjjkEE4HY8CsG11FCXUOSWZg0bAj51PHOQM5X+EgEZBPNeTVx7nBxlFSi1rGSvdLlu3ulby+S0Pco4Jwqc8W4N2kn1esbtO3mr6W37H6q/D/wCP3h/x5af8I54oe3s9RlVYz9o5tr5yMBoWJG2QnBz3IyCTmuY+IHhB9IvY9a0a6ubO4sn87StU09il1aSKRIgn2ZE9vnbvB4K/e4Ga+BNHvHWSKQMyTqAVKttdcYKvG64IZcdz/dwa+svh38Tri+sV0DxJM86OnkWWoyctFuBVVnyPmVflCk+mAeVrynGEeaeHUuWV1UoXvBrTm5bp7J3d909309SM0lGFZqUk04TSfuv3d7d+6f3LQ+Uvj/8As9+G/wBrC8bxB4Qvrf4IftneDo31Dwj4t0qRdL8P/FxbRBKmn3kkISC31uURqEZixmeQqcn73yN8Of2u/iJfa5d/AX9oe9uvhX8c/Dd0dFj8QalCbLT/ABDcWzeWlrqqzKqQTXbKpgv0LRzq+4Fd5r9PPH/w+EbtrMF0zpBN9ptJbZmjuLCZGDxXlhPGQ0YRyGwpGOVPGCPmb9oj9nvwx+2X4Sg0vxY9h4Y/aC8N2pj+HvxXMa20HjeK3QtbeGPF0sQj/wBNlZVhtNQkLSLKQdxHFfFZjh54PEOvh0/Y1WnOk5OLeyfLJWaa1s7a+Z7+HnKrSpvmSqwWjtzJxSXxRbd1smrq2u2h5rqnjjx/pV/Lp+ta3r0d1DCUYQysIbiIjImtpQGWa3lHzxukhBXDZOTjlbzx/wCIpIFmOs+KDliwH2t1GE4HK84yM84AJ+tfMnwc/aG1r4Z+K739mT9r/RNW0u48N3Z0TRfFl8jrrPhiYP5Vr9rnZc6loUuUa3ug7IICp6CvuzxP8J9V0WwtNVsLm11/wpqdutzpPiTSiLrTryGQb4182LeIpCCN0eAVbI28GsF7CvT9rSr14pJKUfbVOeDtFcrtLXbtZ9rHZSxceZQq0qUaqtb92mtFHRabWu+V62vukeA6t438Sz21zL/aHiIh7dWO/UXwHH3dwKg4yB2PUBc444+28ceMY0jks7/Vo5IGifEmoMw3CQNuClBtOfUjmvSr3QJXhngIlJW2cFVjbnk8/cJ4A54xyDkg5PDHR5YZJAI3X91CzKY23KAcYJwyjOCcA9Tnk4J8vEKlFpfWJuMk21Ko3rbbV3a8+nXsexQqO6apwTaT/hwuvh6OLtrZp7u/zP0h/Z28R6lqttK+oY+0tdK2zYpllkl00F5ZJOCxcnnPUZz8uCPif9tG1lXRbQySL58nie6JTOG2qWRN2RnIGQfqOTwa+uvgHY3dhbXOohxvhuIGRGyGVP7M3Z2lQxz0GBjngY6/Bn7XHj+F4LhdWspVFv4kkxMhLO68sFA/gVuCSOS3J3cV0RqwjkleMVBRk5NNWtUSkmlpdXt3d27P04+T/hXhzSd1b0UXFK9lZRfkl36M8v8AhLpcssYLyLEkcc7XVxL8kVupBBkkdiMKAQSckgcYya2dc8cRjS5PCPw3UXmqWs80ms+KGTNtbHeVP2AHAZgMKJVwCRkDuPIND1rW/FVjHZ2pOl6KYWU2VqxWbUSWUKJpBhm3ZOF5O4gDk17M0fhT4X+H49c8SSx2Ju7eNYtCh2PqWoyA7gPLUh443PLO54yc5yQPisRiJVEo1G4wtG9OOspP3Uul3Z2dl7q81v8AZ4ahGHvQSbcVerONkkkruHMlZqytrtdbamV4d8A2lnDB4u1u5E97va41PVNQkBihXJLSPJJwz4OQoPtgNnP2b+wL8ULTxx+2L8OvBfhODZ4c0SHUdT1DVGQH+15o42QmNcfLEjklXGA2Bnrivyz1/wAS+OPi3qUdjB5ujeEFmuFtdJgLRQCKJHKNduuBNKyjLK2QpB5VeK/UD/gkx8Po9N/ar8N3qZd4vBerPISNuCkoVdoX7oyMHBGMAc1th17SUOaKXKlpppJKN22tJS3aS0je6Ry4x8lCrypXlB+0nJrmmlppd3s1a62Vr211b+1OkU37R/jiOWNJVTxRI370K+0SvJjKtxwemAec9M5GD8QbC2g+AHjwRwW+5NJvmaRYI16uuDuA3ZOedrcYwV4xW3+064b9o/4hjcDs8V7MnBI2yOD6EHJPUe5zg1X+I7LH8BPiAqR5X+x7wu7DgElOnBbjB4yPpX73kD/4QsfFQi5LAz3V7p0U1dpWtreyV7r5H4LnjazjBtOaSxkErSaV1UgtdVdO601Vt7o80+EWkxyfDjwPKsMJY6DbSeY0KHO7gncVJ39QF4PcnB+aj8eLER/CnxLMrIqiGFf3caox/eqWJ4HUADGOc9jjPovwWQv8LPAaKoIfw1aKeNoOFI4JwASeQM8k+2ayfj/Yqvwj8TorAE20T7WIySbiMjj+HPIyD2PQkV78k1w44qKUllSTsvebdBK6e+ttXburqx81CtOXESvOX/IxTkr6X9vFq1+9non6JWuaHgFrZfBXhSFpCrJoFiWUqg3ER5yARyOe5PXvir2vzWzaXqgjn5OmXgAEhGWELjsOCCeMe+M8VF4T8OCXwj4YlVv3q6BYKFL7MAwqSQFIyck8Adwa09X8OQ2ujajIyqzDTL12ydwZmt3HQkcDpnBx6dMd1CNZ5fTiqULLBQXM3q0qKXdO+780nvc5K8sOszk3VnKbxl+VJ7ura1m9Utr7W6WPmL9myxS68ITK0gHm+IdVckZYnZcMeDtJxgjsDk59x9Qrp0RMaxttyMknowAOSCT7bcHPBx14rwH9mKGJ/Bqt5a/NrmsDhQCD578Doe23kdORyMD6x+yQr5YVCwKE49Bhs8jggEj8+uOmPDtJRyfCOSi24tpuL0Tk+vVel3Z9LEcR4hxzrERUnaNSndX/ALtO91f8dNdz4q+C1tFJ8QvjGqyHdHrkY9eh6MecZIz2I6fX6OGmq0cpO0cqoO3ORuxwMEknnnp7YGK8L+CcK/8ACxvjSVBRl8QIMFRg7W4IOcEdWJyeTznBx9Irvlk8obVCheWAxkMTx2BAwOFznAwdvGOQQtlifV4rGJNJP/mInbp9m2i18xcRTvmd3zW+q4NLbW+Gotb9bq/dtq6asfG17par+1AqE5H9hg7VBDA4yccZGDz+OD1r6khsUCFTCQiynJbO45YE9jyB7YPXJHT531AY/atROcnw6GBUDBIQgNkd8dcdcnOQMt9VLyjrgsqSgk7cZAPX0yexx345quHoOKzTmtrmmJla63XKkpa+ie1rpPreuJJSayppvXLMP87xvstL+e+mmp8lftL2scafDYquCfFtsCD2j3xgjAznkgDPHLDORke+wQDygAhEflwltvHJUdCAeBz+vpXiH7T5jRfhnhQP+Kst+oLD5ZUJzzyRk8FgMnnivf4GJjVflG6CFzgY2hkA4Oc5wNx7Y56ZFXgbLOs4nony4Jq2+lN6q3V2VtLeTZON1yPJVbTnxaXq6kL669NPPVvZI8U/aG2f8Kn15QhylxpgDBTyBdRg854xkdM4x/Ec13/hV418O6IYzll0XTMH+HiCM5Oepbrwe55ziuG/aMaNvhLr3lq5CT6cCQRgkXUeCAB0G05O7B9Tgiuz8M4j8MeHnAPGiaZuBwQP9GjyQfxx6jqPugjoouLz7Ey1/wCRbh1dO7Vq1SSbVndtq6XX0dlzVoylkGDSWjzCvu2v+XVDX0VvT7yz4kmMfh/XQ6MDJomqd9w/49pMY4GAeScHsOBzXmf7OLD/AIVvowKlt91qByRz/wAfLg9V7Dg/Q8dh2vie8ll0XWxCQFTR9SUAgA820nIyw3A9gvPQAY6cT+zi8q/DfRycYF1qQ2kZPFyxwOeuMk5OODuFZ1IqXEGCa1tga6ttde1ouV/nu9X30sUoOHDmLjf/AJj8O7ra3s5q23e9nrsmlfb6FtpVFxEqq2wM+COvJ74AGfvEnj2Azx8pfApseMfjIQpYt4mmYjPO3zHA7KoyPqeDjPAH1DazyPeIvKoGfBIxnOcnr3IA+ncivlz4Enb4x+MLs/H/AAk0wzgkHDORkDnr+HPqK7alOKzrI5Naqpi7O97/ALlXWi20Tv0tpc8mEebh/PLJu8MJdJa3VeNr+af427H06XLyR7o24T5R1J5AGQM5B428jkHGeQPmjxO4P7SvhmTbtD+EL2NiwB+YSJgH1yRn5sEYxx2+lTMGfc80aqsYIK9AMHqMnAA4YZPHTdgGvmXxOVb9pHwmPNTY3hW75JwATIMg8Y5yccjpgj19LP8A2bo4K8tP7VwNttvaRV9N7eV9ltfXxuGqc/rGYaJp5VjelnZ0o2WiW1n1vayvfQ+hEfCQFdwbey8Dg9RhR3wOhxyORXinxWyPEHwtOCW/4S5FYMBwDnPU9sj16EdBmvcbcqiqu9MRxn7xXALHnDDgdsnjGMgjt4x8Vdj6/wDDAeZGxHipWbDjCghuT97aBk5GecZIODWnEListnG+jrYPd72xOHsve1u2n0e+yM+G6clm9P3Ja0MbbTthqitovevq3u+re9/d3BYXPyt8rEYA4ww9MEegHcjJA5APnnxGj874eeOj8wK+HLoK3OOsfYE4B44yMDAGAOO7mvreGOeN7uDc25myy5ywGMH+6Aec56Z6dPO/iHqdr/wr3xzbtdwl38PTxptYsPmPUnkHP4EnHU8VebVYvL8VC6cXhqqd1fVw01Tvpv59dVc5chw1WGa4FuLS+t02042t+9j1V36aXSbuuzfhYhb4feC1KsQdGgXeoAOAWyMDOOVGc5AAB68H0CYGL7UqqQDFLycHjyJM5zyfUk8ke4rz/wCGt1BD4A8GhrmJSmjW56k4Y7ueDnABPcYzntXZXWr6aTMjXSlvJlVRFnJLQOD0z3yep7HqeN8K4rLsHdxt9UopN6aexivifm2rWbu1e3XDH4evLOsXzRd/7Qny6OzXtVrrr1ejvrtZs+bvgIxY+My4BjTxHdAYxk5uGP4ncSCSMjAzjOT9IxgM7gRrGI5FfLkEn7uBj/ZBB9eOByWr5V+CGsWFk3jJZnkAfxFcbTsJBAnkIP1HQY6Y9+PeP+E001GljWOWXMg3vGCPkUjKjOcY3Y7YOQOc185kNelDLqKcrfva7S6v97O29nZtp/f20+04iw1WeY1ZKDadLD69b+xpLT535vkc1p5B+PmulXTjwhZc9AB5j844yeDgHPpjg17m94sEEYRMsS0RyMjcVAG3Ldz2PAA6V8s2fiWyHxs1vUUhlED+G7OMRDkgAnHG7B/Tk56gA+vv4zgc27R2MzKhLeWxyrFRgkYP31z90EdTn37spxMPq+Mamk3j8SkvWcXdN9dHbfv5nlZ9g8RPE4JRjK/9m4NPVrVQt33/ABut3pbyz9o0Yu/g07EBpPGEhI4wCqx54xxk8jJ+nIJr30KrwBsKQkSnKt8rMVGDx+AOPcdCa+Xfj54hj1G4+E+61+zm18UTTsHfLP8AKvCrj3+pPTGTXr6+O7NY41S0mIWHLgIxZSM9sdCc+xyMnvUYLE0lmGZttavD6PZ/uo318nZ327prQ76+CrPKcqgoJuMMReLWt3Vvqu3Zdld7IyfjxIR8LtWVCNzSafwAuMC5DAN6jp1HUHjpnT8JyM+haVuG3GlWhBUZ3H7OoIbJ7Z744rzr4weKBqnw61aNbRo42eyy0iFTxcZBIAwB6DPOMg8DPb+EbhjoemjHH9l2ZIKdvITaV5xg5X73Oc87siihVhLOq0lJWWX0E2n1VSXxXdrryt67putQnSyDDxlFpvMKztbdexpLTXfS+v46nWXjsNNu8cj7BeZLjnIiY9OQBjA+hJ61438D4Jn8B2zb3AOtay7dB8ovpfoeQOccHnOelen380y2GpFQm37Bd/KZV+T9w2SsZb2PQcd+RivN/gY8h8BWh3xIq6vqykvJFGp33cmRhnyQckZPJ9O9GIqJZ3gLyjZ4XFt6aP3sOld69Vd91pdu7U4elJ5BmL5J64zB2lZpu8anvJP4k2ru0rpNbO9vVHhk89JkLiIugfk7mbcpHOM455bAJzj2Pi3hUNL8WPimzBlxFp4Gc/8APAYyAfUYGADzn6e9zSQwBoxc2KlDHISbqA7VBGVHzA5YHrjuvbNfOPhTVrJfip8Unmu7aCORtPVZp7iIJJiBVIVmfBxzyMgHpnJrLM6tOOYZReUWliark9Hb901b00d3fSyvceUYar/Z+dWjUvPD0nFWaTvWp3tdX01skrrXpdnsUcEisJWLYO1V53HHT5ScjJOcZ/HivFfiAXj+M/w72AMq6VedQcZycg5zgDhh0GTj3PrjeIdDVQsmu6WoDKTm6i4AByflY8YB/l0GK8G8d+ItEn+L3gW4h1axktYNOu1muElJigyWC+ZgcZOTwCwzwByDGb4ijOhRiq0LfWsPopRvfni3s3172SW2jKyDAYmGLqSlQqKP1Wv7zg0v4drba3btonq9nY+hoy7wh9pY5BVRkJjbnIOTjjHQN3zjPHmnxP3SeAteKKA7mAOVPy4+1x4JHQ8DkkHHPritqXx54PtIED+J9MRgXXbEZJCcZDZCIevYg53ZHPOPNfiR8QPCV/4Q1aysdaiu7mYWypFHbTAkLOjvk+WoyFHVsD7w2nJFTmeNoRwWK5K1Ny+ryVlJX1jFX0ctvJ+a0OrLcvxKzHCynRmkq8ZN8jitJRvvbRaPzv6W+svCO7/hH9DMgJH9k2Q2qFBP7pd2Tg47HgZ3ZPTipfF2G8Ma4qIyltMcqcL82AM49cZHr2wemfKvDXxf8CWmi6ZA9/qk8tvplrHILXTpnAeOMBkGVAwM43HqBwQAaZ4k+NPg250TVILW28SGV9NlSNjpcvlFyMAMxAUKrZLHk4781vVx+CnlfI68HN4SySbu7U1rZaavR6LVK6Vjz6WU4551Gp9WlCCxyleSSfKqid3fWyu7W09Ov70z3yzf8EpZARhx4NsoiScFmSQDacHggEkduTknAFfglr5m/wCEGvZI3UstnF95hjAeJhzkAknHOAAA3fIr9RPCX7SXgzxT/wAE1PE3gz7N4hs9T0jS7axN/daTOml3dw8ozDbXajYWXCq7ZCqSp4OK/KXVraWfwJqLwLI4FnbNh/nUb2ixypbHQrz6gcgqB8Z4a1aUMDnkZSjzyxcpJOSTta+ik7ve6fd+Z974k0ZvGZLJQdvqlON0tJSTT0lbWyV7PV30etzprO4b+1LMucs9rbhgAcKTDGCc/K3ABwfwyOK4vxwxk8ZeBmB4VtYA4A+UoFI5BI5GM4OTg4ByBrWb3A1GNZY2jkjsreTcy9QIkA5z90E9xjBOfukVxvie5lk8X+Cm3cY1ggDO7cYwOnoD0569ua/VMRiIzwcLNN81FaNdJU7Xs03qt73fax+Qwp1PrkobJwxDk2nfSm9Horp22738k+1tCTCwI5zIyYHIJY4+bBz9Dx06EDNPUFRvFHglW3MzxagMbgD8sQLHqBkjI5z7DGMyW9yFhAHzNxnA+8NxOAeeMgd8DHA55ytTvYl8SeBZGVhKzaqBx6QqcYwOckgbs5J6DqbxcmqCk+k6Tae/xw38+mmnVmOX0r4qSct6NZxaXaG261a667Jvy9UWDcJUkTeoJKo4DArwcEMDgjO7aen0215n4j8OaBe+LNAW802EPLp90PMjVRI/BwCcbSueSvfoDkV3f9oyJE7MTuJztxuOwtgknG7d78Zx7EVyWs6jCPFHhovvy+mXJztyAwB68DnOODnOCMHOa58ZCnVlQ54RnGVSm7SUW7OULrVSs7fLZ+ndlrnTniJQqyUlQqNRvZJqOys7Jrfu777FfVPgL4J1OA3MdtDaXAEcgmt4zBcB253eajAGQHGWxx057ee+EvhJ4oTxF4gsvC3jK+0640u5iEceoub3T7x5EBAuI228LwGycjno2a+lDe40+RhLuYxI3UHAxwOen93uPQ8isz4XSBvGHiqRwCWuLQ9MliEU5Ax9AMDjB6V5WY5dg1OMoU+SblJ/u3KG3Zx0TSS823rdF4POcaqjp1KntILkdqijUXxRVve8k1o/npr+IHxng1jTfin4wh8SQ291qdvqLRX82nLst5ZFUoJIovvKHxuweAG4wuDXs/wo8S6ONX0155ZLJYfD15buLqEphvKcB84BKkHg5wMnJxnPEftFsG+N/wARW5P/ABPgqnHbB3dcHgHAHv19Pb9AttOu4bIQw2c8n/CG3KuxSNpQ4gdgyhT8rg4IJGcA8YJr8KzJtYmrGbk08RNfD711JWcnte33eZ/QGUz/AHFOSSjehTbS0tzRg0kl8K6WttqtHd/rL/wS217Trb4qXiZjWQ+GbiO0mjyzXCvO5ZSoB2oMk464y3XBrV/a/a0f4s/F6G5aOZZrPS8SE5aNvs6uCDwTtJAyMYBwQe2R/wAEq9Ks2+KSI1sqyxeDhtkGdxaSTgnupBwCMdzkZ5Ff9syB7X4xfFUwW8khkW3t2UgkgpZhjjgH5c4z1AHAwc1xYeK+tuytywjzJWS6Jtp79Fpe17X0PSqJulCT1eiT12dtNLdGlffbbr87fDTX4prq90iaVbi60hrS5QIvDW9xa/ZkYFipf5mCkAdfU8lfE8DP8QrK0CgGO50YEHg5LxErnJOMEc8DAPvXLeDUNvPe6/ahLW+TQdOkuI2AMT2sE0YlDLjBkCAscZJIPY5ro31O08R/EvT76zmS4t7jVdFEcqZ2l1SJpEYHJypBO3bjIxjk47ac3J2lt7TlhzK90mm9e9l+W2xxSjJtO900vh0dml2fS2jvvZ9UW/HSb9c8ebQxaG1a3TncCQisoBOMlVJOeRnGMc588uLC+t9Q8E/ZFmt9Q/sGeeOaVyI2R4GbYBu24K5Crjknp0x7J43smfVviNJHC4a3lL71LcBoWCqR02lvvYGRkEfLzWBrEEt//wAK/jJW1nOgIqXGTkbIDgHByAffgk/i1VYxndOV7JJ2a1V1fV21/wATtvqm7G6Uowi1fm5vdetndRul1b066dNXtpeDNbS+8O6UEjPnWD39rfZBCiW5gmkKjPQ5HQ/d6YzjOpdwxS6x4FjH7uSXwzeISSeoLOBk/Q8A44xn7teXeCzc6BHqEF5cr9lvNQ1C5VsD5ZI45YhJIeVUHdgLuxg57k17XJZq+rfDUuWbzfC95MWVQodDDIyuCR8w5GME5yOeCDC122S5VdO21u2l11v00bTNJXdJJNNWd4vRp+61sk1pfXb5WPPL3QIdX8O+G4L9wI7zxJqkiXMYPmI8bNjc2Cdo2gHpyRtweK9F8P3AmSdZkIWDwfqVlbzYVhK1mroQxPJcghuSTnGTgGsoQeT4e8C+ZESh8R6gCNwO9ZpHIOMADIOPQ843dDwWv6he6bZXlxZS3MAjvdWswoyUSOaaNWZlXnawZgQD0PRs4OVb2jb6xjbmi73buu9tuj0e/Q3hZU42+0k9d9WtNldaaPdabp3L+iyC31HSgyfJB4G1AliBw8rHBIHQnHzfjx8xrntc8O3sk+m3MN1C0T2Nrq8iHG5IbOUmQK2eODjnj/ZJxXomm6ZnVpElMcixeCbGPzYSNgFzCzkHDHDEgg8Yzjn0y12wxWUjIpRvBWrRqzHILxNgHnOD2z0BJJ55rOLi0rO0mknK7001TtdtLbXa+r7R7PlS3dmrL5RT0dl1bau+6avr0VvrkS+MfBUKEL/bRuTIU+YmK1tv9F+8eFDF8ckEkFRkV8deKr+dvEHiaNVuZGi1nUVBV2VcGQgZAI+Ygk4HuQAMV9O2zyz+N/hbc2kAXbpNqWBzt33CSRyOeMEHj0bI5Y4OPkfxxdQ6b4y8Y2tzrCQTf2zeMsAj3N87kkhuxA68bRjoDnP1vCShHE1ZX5VGm1t05lopPezXR2V1ZWtb5TiuE54KlGCvy1Le7F20SSV3fm3Tvq0tLntnwCmvU1zVPMguIl/slniDPl2LcM2W5wxOABkbsdsAan7Yc95HafDKTMu7ypCDuAGNoxkknBAIHQZH8J4NcT8BfEWlRatqnl6le3szacqAtGyrH82DtB7A5HIAIIzz07D9re8tzafDZbu/ECtYzNHMYt5Rdisdw3c8bQBz045BxvXcI5+3zupG8bvz5Yvl/lS1dnrZJXTZlhIT/wBWeSbUZLZ7pLmW6S7d1dO92eT+F7i8f4T/ABAnlnYhb/T1V2c/JmUABSR36Adeo5ByOD0DUbhr2zjkvZJYnlfJTLEMIxk7j0H48nvjg+p+D7jwCPhH40ivtV1Ke3u9S0xbi5FuIViuEcfuo03HerHhm+oPrXn2i3HhmHUY7ezad7YtIY7guSwBQ4Z125BxjGASDjHqPddVRdd8jb5lFd3eMVeV/stbO9rppXSPBjhoyVFKorp63uknJptNdF0TeiZy3gub7N4k1q5m3SL5OphHdmY5zIBwoPp6HBBGMV7V8AL+8f4haUEt42gkt7sCVVbgAM2W3DAcng8/eOBx93jfg/4p8KeC/HOu3WtaQniKwfTNTigtL2Tyw81z5qCYM4IDqGBQkDkZJHzCvbPgrqLa78UBfaTaWWl6EsN0yWKSpNNDlCflcAHrjIHynocHOPHxFR1cBjo8s4RjTb0V1JuKd7vSybSb3667L18NTjSx2AUZxnKVSFoxceaCsr83Nq1pvo9Ers5L9ti+lsdd8DEICDpcrMN5KsfObsCRxgHbzyQMZryDRdWa4+GfiqRoRvNxYrsTzFJI2kHpnaflPcc5yQA1e6ftYWMeq+J/CbTXIhjg06cAzICAVlbB5OCHAx0I56ABjXmei24PgXWxFPbxxy6haRtL5EbR7UCnIUk5Y9uVHXoOmuRVIQy2hzJ2k0kt+V82762va2+ptndGcs0rNSaT5bb6e7G7630X37anz80l3ceULazZ3R152O5ORnAJyCPTIG0DGMkk93Zwa8/h60CxSwsLm4UksI/mILdMZUckcDPy465xsyWtqm1zqN2xjnIK21ukORw2RgnIOVwxyQDzmvT7Tw/o194PtLxZruR5r6V2aS7WKVVQENhM/M3TJ6g8emfoVibqCjGWrim0mr+7ddL+61fZLRPc8pUlyzu4uScJWWravppo9N9LeV7m7+zBI58W36XFyZZxpxBiUlipU4JZiMYDAZYAg7vUqKtftgael3q/giA3Mduv2e7Z2k4UdTxnB+Y8D3PqAa6b4CWnh+z8VXz6SLt7p7GRbjz5A+0BvvAgcD8TknsenJ/tgaxpem6v4Nk1W1kulNnNiOMlidzEAkcAFT/CQeeeCQK+Zr1OXOZTSbajGybuk3yaO73tomttFoz6NQ/4x6cb2Tsk5WT0lTaWmiurX0tdvzt0fw10S8n+FM8sUkLx2miXhSXzYw0379QQkZbL8ZA2g59MmstLXUItQ8HrJG6yPHGyBsKpUYJPBx2+btnkGuD8IeMvAw8Nafaf2jd2Dy280Cws8kcas5yUdc7cA5JyTuPO4AZrtLe8s31LQ303XYL2SOJFtRJOs32eQuCwZXZMgrnAzgAheeM/UUMfOK5a8JpLlb5IyuldWs+t76aPfRbH5/PJ+eo54fEU+aTcpRlpZtLRXbWraT0sui3R2GqXpHiHxCtzDl5dHWIHPKAMAG46KRwM8YA9xTpbaym0y6SSOJ9y6XDiRVkH8IOMqc8feGevOV/hp6idTbXdXlmtILt5LOOLfAdhAZkUsQCwwoIzznnb2IpWn0/7PfW1xJLZ3Ed9p8ESyhgp2dSXGQVBxznqw47V6MMXha1OSjJbSjGMld3eraau2099rqyV7O/HXwWNw8qcqkG0l8cHzLZLVp+T1er3uro+EvjHp1j4V+LV5K1rBdW0SwXH2JB5duS8e4RlVHAzyQvOOD0FW/B/j3xT4j1jR/DMt+bXQm1aGSx0eDCWlqzsMnA+9kDrnDEZPWq/7RR3/E7VEV94FtakSHuoi5x1yMDlucE/TPM/C3MnjTwuscTOzajCuc4AYMNuTyMkc8ZAweTivzuthqUsdVqSjzONeTV0rK81ot3dNXsv+Afe4PFuWFoxTkk6MVtZu8Y67PW/T+n9a674V16fxBrZtdHhvLaxsxcO9lKYJY02DLEJgtjksCGJz2zkczYeLdS0drV4tTv7CZY3VEvrdrq3GDjCsRjGRxhiAScYOa+mbBJdO8SeJ0uY2iR9KQy/vPlbfF3BxgY45yR0GcVyy2umXp8Ni4srOWIJcgpKiOW+ZgScdDg4HuAeMV9xSwcY06LvKEqlOEuW70vydNNt11Wt9ND4Wrj5LEzpyipRU3a7SaXMt+bddNvl1PONH+I975l/cXtjpmrx3Zczy2z+TPvRcKREcdN3AyFyQPq638YaBdadHaNJPp07Xm9vtkRRAN+SFfDA5B2gYwQD0zXRXnwy8O6pqWuCETacbeBpbT7MxCb2BJOzgYyRxkAHKg4Ax5xd/D3X7extpLe7t9RikmZI7a6VFcncRtBPQgZIw2eSOaqX1mgkozU4pNNbtax5XfVJvS97a9dTWEcHW5ZzgoP3U7PlcW7WbveN9LOzVulraesW13a3evRS2k8VzDHaffjKEcJzzk5468kEAdSK5XxJIZLTSGJ+RdeGSwIwC/IznH1Jx788V5lcWeqaLqQgudN1KxmjjBaWxdynQnI4wUJU8DHGAFxyLo8VPcxWNncXIfydVgdEnj2Tk78OXPylmwBzg/xZ5wp56mIm6U4VYShJX/eJXX2Vfpbltff79WdVPBRVWEqMubla0bj05b25XZ/nv8v0W8MNLaeHYrm2O5o4Pmjz8sivFghhzuIxtBwCMAHJ67mgXVvf/DWZo0Ib+1GjkH8SP5zEjJ545+Y+pHesLwhIH8ORqo+V7ZmGCSSRCGUHkevTPUep3Gh4RM0XhjUojvS2uruSRGGdi3QmbCg42jzOAOclscAnn4HHW5qju7SlGKtZ2btqnru7J3W92fpmEX7qjZK/Irp62k4wtZvXXayW+tm0ir4WSBvFljvBd08QWBjkRjuwtxEGQnj7oHHGeAM5zu/v+8LES/Dv4Zbeg8AeGApI5w2l2wUcHoQBjAwCP72CP4AfBtow8aWMTMEdde08lTgktJPDk55BxnOMEEcdOR/oC+FIdvw9+Gi8cfD/AMMj5TkDbpdtx+Y2n024PIr5XPZWo0VbTnlJNXu/g0v02bT8z08I06ycnZxT6aNpxv1a91Xd93ZDuM8jOCemBnHTORxjjnpgYxxkKAWU4BJwccZbvnHtj0z378U5+XAOM8A44wODg46jHT378U9Rx8vAzgfgMDnjtwPX6Yrw4ylyx62Sd9FraPSy6baWsuiZ6eifT130XVLr89NehWO4BiQxweB+mOOCOnPOOnWoyWXkj720bTxg9snGcnPXnH949p2B+bLdOcewyMZ9QRyCep5OCah25UsASDk5OOMk4Uep7nptwwHbGik7rROyt1v6eu1vVhG32r2a6rXz2bXS2i6vbZAf5sELj7vPYDrz/XGQOAM9ZDJnGOWGeoxwMgZOeB04wTx9MxlAMEZztUEgEd8jCc8c5J4xwOnNKVwAwwACcnnjJ5wOfX0OfwobvZ8jbdrfJp3ta+mny+bHJRuuVatpeqSVu2qk/wAW+w4tk/MCwbOcdNwP8WOcHOcdMjpgZDSGADcjDE7VIIBJxzy3JPOR1/MlRl+VI2ggAZxuJzlgQWBGByATyMetOG4hHGNqkhQDjOOD2GQVOQTywPAOKfOmm0nsuiT0s2vndat2s/LXN2Vo6p9Gl8KXLdLbRu2mt3pfoMIzgYA68DvznA6YP0x2I6Gm7juGUBGTgnjkHbg54GAMksDnHA4JMmXLEDDEMVztXGDzncASMHGeSD+OKAMhsspxhcdehJ57kDOcdemc4zSU4RWqtqu22ltrbNX2d7bME4KOl9dJLlST0jo1d26W1to1tqMUnAAyQCS2QSDkngjoCeBjJOOmc8NcBSMgEsduDxwDwM+2SeQcdBmpV+8cc7uRnHBUZJOeMj5h16gnHApHXChsAgdzgHJyFG3nOBnIwOT7Yq009YvTtZq7sumnRrpo38iW18L2ure63de7olrfrd6Wvs00zPckklRk7gSeRtJHJOCc52kE46YJ2jrIrYBJGO3C5Bx02ng5GRknI5zgjih0IYsMgjscgBuSSOowBnHGD2znAVFYZ3HAC8Dpnucj1x3J/wBkKelPmT1T+a6a637bdbfgZukn/DT5vdt8LX2XK6Wivr6ttWurJSxBIJHcMp5+UYIx3wDuAye/OecIApOTg9WAP8J9TkDjHUY5Bx2zTyMZ+8W42jr1z/ERhsZwD2/OlKgNgZI+fucDIAIx0PPPtjIHShOTb5eW0rLrd7P0vp8O9uqbus2px5U72d18STSVkt9F2+L3ey6oSQMYAHT5SSVUgNnOMjnnrnPPekEmdoyARgYPPU5BODgnHUYB4ycnq/aBtHTGVwOD7YPHynuTgn3HAiVBjDjGM7SWzkkkDvjH4nv35q0rpK+qsrdtt/nzO76KzRUHdJXXNyq/W/wt+89nun2a1drk4YbQrMFAzySOMHnHQDHtwR0pB5YBBOP4cEAnJbCg4OeSc4ByOnPQMXaxOOwBAJADNkDggDJyCOvbqM0b84BB5LZwc8c4AIA5+U9cc4GOMUrWa12skr3Ss1rstL6630v0sOUHo9ubd6O2i2ave2uid02tSTBC7cAMpG7ryCRnn72CeeT65IyFp3K5Ujo2AM7+OvXg5HbP5cZqIMpyCrZ6gcAEZx16DHByMdMDBwQ7dwTjBO3nnqOBjnJGf1GT14UpTTTTer1d9lpqotJWTTvZ2e9nuc/JJtPmej02d1ZO1tFtr2fV9BWCswYZxzwegA5A746dRnvjnpETliw6HBOBj7uf4ffGAM5zyOBwvOQMg5AGc/M3oSvY9RjHyjPIzgm4ZAwQGbA2kYAx82ODjGOARyBxzybhVknZ3UrXvpdp8qktLLv9pdNJamiUko7Nu1ttm9brT59o3unoQsx+8AwBLA5OOnGOvRiOc9AcYOKrNISd23POACM545yOOpzk4OMYIJzmdicZzgjPsB9Mk9SASeKjVSoOSBg4yAGHzZwCMDGMgZPIO44Aq1OK+15Lbql9++tvNLbR7/zdLLluul776PdLTZ2GBmDBmxtyQRxt2qMdSF5z2AHBwD3Mm75lBBGAOAckcKRySMY59MgKc4xSgLuJHQkDB7Y9gRnpweTjqeuJPLYlsHJznI4HXccjPXPA9ehJ4Ar2iT30TVr/APbu29m9um1u1xuPV723VvJbtaLZWf36kasGHIPykA8ZBUc7R045G3PAycHJyWF1KkHg5PGOuSpAPPUd8qD16ZJqxjaFz2yxAGT7HGTznHGM9eM0gVcEYPyjnvjJAxj8QeSOnfgEUoNLWzTT10s9Ou66PZ2u91sJRi0r67a9XutX17K/b512VjwBzkAntg5JGR3I7nGB+jWjYgnoDgYHT5eMn+8OCPqc9BVnAUkdAAMnHQ/jg4O7rnr15zQVOMAAgqcbh1wQcjBOO545IPUZ5Sd9tV1120VtOvXV2a17jtd3Wiutr67NdrJ6X/G62puj46AZOce+DnueTg4BwDg8gcU4kqOQRgAjPzZJJDA4HGQFwT0B96tMpO4nocfMfXGenB4PXqARgGkKhu+cj7o4IAB59ce+Plx74q+ZbbO6V7K+iu7W/Dro7sn2Su5JtNPW7bUm7fPW93rprboU2bAzjBIB9eCSSAOmccnseeR1qEtvGSeBgArnovIPqBnn8e2Ob7RbQGx1BwzZJzkYIGehOcHHVT1pjQnBGeWI3En5gRyCe/GRjpu/CqUuqs7O92mm2tLaa9H17vTVkxi02pNNPbl0a83d7Xuut3stCrtDZycHaAFBHYk9u/KjngY55yacUA5Jx8owpByc9eADzwPbPT2n8rknnBAYt/ET1zgAdT6fKCRyWpxjYHJB49OSM+2BzgDpwcmhSk3pbsrvZaXbdlv+YlBpfClsns7J2dtlbfW3ur0KpU4O3ocDJY7eeucHHJzjJJyfYCmbd3yjjBGcDkgA4z7g4OeDgdcVdWEHJJ6Egc924UYwOmSccZPVccFrRhQTknpkYOOvJzkZx191BJz3caid4tyu927W01afrum7aO25Hs53XMmknrbdarRW0u+lvV7FQk42g5YjnPUAZAJyCCAeOpOenqIjw2VAIVcEYA2kn0K5bdntyOCB0q55JyCpBx3xklui4GM9cZ78ehoEbKdueCSck5AzjGByO5/i6dACMVUZJOzbu3fTVLVWV/8ALz1W4cknayb6NK2iS010Tdr/AOVrXobVXYgywOSSAcE8EgdhgHAPXsB1YsK5wMMVLFScdOeBkZAx355OegrS2kA5xkYAOehzwB1JHTOCB9MVGysxGWwueePbLZAPPPBxzgHgYq+ZOW7V7a2ae19+qW+mnTRmbjayfu3UWo2d+ltdErvbTVbdlUONjBQR2JGOqnPB5/H2HXkYYxXqwBXaATjPQ9Tjngkg88c8irLAAEZByOFPBOOTyf5gdgMgjIh253ZI3DnGRgKw569/vcAHAx1NKL3dna6W9mm7LX71r5dlqKF3or6e89PJNPVta6WdtU/m0BecKMgce6nHDcjkdQB68ZwtMIJyQQx5GcY68gAAgkjoRxnrntTsEEEjgZIIBIODxk5Bx6cjHy4Pq5OGyMbeDxj7nQEg4z065GQcZ5wBt7q+rV772dtH8t9vwFrdaW7tp33V9PR7W3XmQ4wPmU/Nj5sHBC898HgnBOMNwfu8UmMZyfvZzx2Y/wAPo3QkY9fTBlI3Lt3hRnjOMBRkkMcHGTxxnGcg0gzkDgrnPcjjjOMctnoRnoc4xVpq26umradNN726+j1b0QrdG29vwt69u/Vv0h2gdMn5xnrwPTrjA7+vpjAprEHdgYIy2McgE8fX26Dg9c5qwwBOVIyCWzg8A52kdOp4PTscY5oKE4BIyQVzjJKk5BzgYBwTznrkYAOXzxul2ttpbZ7a7O3/AAequrW06aXX9ba7ehT+UjGC20A5AOQP04OD03cjHB4CEIr5CnGOflyOPu5J4JA64HX6c2toweSgBwBzkAA8HqcFc44zg9OuECjkKMLnOTycDPI6nOOnY8VTknazXz6bXd27aJ7a6/Mq6drtLTW/TVWWvk1vy/IqYBzgAYDEDHHzYySOOAMYBLdhg9Q0EMAM4+UqMYyc8AEZ5xjAPJHbNWioAJ5Lc4wy5Ock4wQQFJ+YZ57ZDZFd0UEZxnGCOhIPAz6c5wemcZzjNCUXrpdeS9E9XdatL52eqsZtrV+7LVWTWvS7vrtbql6uzSrt91SeAzYzxnGewAxyMc98jOcgUKMA4xgeoAOGzkDr1/hHt6E1OEXaDnAdSuOCARg9DwefQgc5PXBacb2HK52kAcg49/QDp3POSc0KajZPy2uuayV7ev6LVKwnJNNKy0S766PXT/LbXpaH5ccrk4YDPoDgZPGeenXpnHWojncV2qTj03EA9MHkg5PA4wcjHBqdkG0E5G4nPzZJKgc49jzk8HrTVX5uGHKjoMjAB6gcnOD0HGB04rWNkotRSbcWns09NbWV+7vdN6XttLUmlsru+iva1l1ve3z1bdk1YrgM4GD1BUYwMEncQTztA6kZ5B6CothDHI2jhQR8zZH90HnGMYHGBk7hmrTAHaAeeQSFJAPcjHLc5wM+gyMGoyPmBGDgkA8Ybd1JGAQ3J4PQYw2RxtFtSvZW6JNJK9k3sktO935oyUbS2bW60aWy1S11tut1u3dMquCwLFRgueMYIIwM4wBtPbPGRwBnmDAZiWKgkALwe3OO/fBY9h1GcGrzAFiQM7myDkEjA6qT1JHTkE453Do1o02jdkgHaATgHPcHjJ/vErxyBwTVOajy3i9o69dVF23d99NbtX80Xey17paO/WN3+m+tt7XK6gDjBIJIHc8c+2CTkBjyPQ8irEfQMeMHHKgjIxk446HOeT0Az0IQKMAAjhSMdcjAGeOq+vGAQcg0sahjtPQZPU88ALkdx8vGScgg8HorSutbQSd01zPWybku8nLz32s7CabenRN33tfl306301Wj+/0nwI4GtCQ8Y0zUn6bRlbST2GBn8OPbNfwx/FSR2+NnxjQMBnxh4rkPC87/ABdKODnJ5PLHHPHB6f3LeDCV1ORiwwNJ1M9z/wAuc3fk453dh9Otfw0/ExWm+M/xebyCY28ReK5d5YKMp4yk5wx3EdOM567s5OfOnZYuqr2/dxad735ZO1r79EunXbU7sJfSyWkrJWT00Sffs299H522tTUDw58QQ0JDPeaBh2JIVRaxHIxnHXIzxjHoK/Jn9oGAHxfcKjKUM6BjncWygyPUkjoeB2GOg/W3U55J9D+IkccJMe/QGZwxwqiCIMQexJI69yTivyc/aCCJ4wuUAX5riJSQdx5UcDPGcAlck8YPAzn63hOmp1Zy0TulbX+WG1k9F3ei8rHy/G3M8HOPNZXi3p2lG8OZK93rpfqrats8Mi0sz31hFIygNHKCoQ/cCMVJxgk4Yk8nucA9fuz9jfRll+IWiqIliS3sLvY3AMgDgZycEhc5GSecgkkbR8dwmy0+Wx1C7MaxJ5iRiRhuklIYKFXgnPbjjnk4JH7d/sF/s2+I9e8FXHxR8MaTp2p6nLpV+E1XWrtbPRNASNgU2qwY300m35lKquRtBxyPrs2zGhlacqitCaUIzirvmcIaX6PR76dr9PgslyWvmTiovkcPfakkrq0EpSvbrZq2uzW2k/xVswnin4Zvvt7eGLXZpJZrl1hWNEWTe7FyDgcZJxzz1wK2brxzb3JfTvC2mXnijUg7hp7SNo9JhbcAXuL19oAjxligPQ8EEV4V8Z77wp4E8b+Ftc+K/jOPXry11C+udV0qykR7eNw7+Tp1lpULkCN2KBZC+SCTggkDyjWv2gvjb8VDL4c+A3w2Ph3QTI1uniC/szaRCAHZ5i/KrJtUgtjcQc7m64+Rjns68q86EZQUpRULRc5yilDVK1lfbdpXWup95HI8PRVGFaUZunGXN7yhBSk4vV7ya301dn10PYPiDLb2fjP4f3/jbxHZ6e+3UPPttOuY4ILG0lQmQz3RbfJgABmYKw5GNuK8b8Y/tf8Aw48GmbQPhh4buPGXiAvNboujWzyQPcB2USzXwR3Y7ucggMD1C4NcJ4i/Ze8VTW2ieI/jB43v/EGr6lrllpr6fazyG2trW8djNbpKrc/MMEAYwSp6EH7a8D/ArwD4Ht44vC3hmyFyiHfdfZ0nuWHlqwZ5WWRiEYjjsGwecGpUMViZTlKSoKKi5SnedR35XpFPlV7JLrbpbR2p4XDKMKcXOTbUYU7qmknF22u171rW6b2bb+AZ9J/a2+PdzF/wkOsv8MPB9yoWbTdPLW+oy2shGY3ZTvctGcHOM4OM5ruf2b/2VvhzYah4on1izbxPqujeI57K2vdVBuY1EW15H2SF1LOxLEjk9s8192eKdT8G+C9I/tDxV4j0nR3hV5vIuLqP7QyxqxMcNtFvk38fLlQM8fX82W/aw07wfbeLf+EVns9J07VfEN/qC+JNW2teyxsVVf7O0snMzAKNkjFO3AzmopvCYOvCpOft5RV3F2m02ov4b2jpay7W1uXKOJxdGVOMXQjLlSaXKtGuZvumk1u+1tUfpRqSeD/Blghv7vR9Es7ZAB9oMFrHGgAwI4PleTAHBVSQexHFfnw/x80bwl4j+Jl34Z0n/hIv7R1VZLbWb2X7BolskQA855pArnDA/KqbXHILE18Z698cvHXxO15E8H6PrvjTU3leOPVNajuL2NmZsK9lpo2w2gB5jy7bR3JHHW+BP2T/AIp/Efxtc6b8U/EF1odnJp8Gt3WlQMyyPFcMWjjkijKJGyjIKHdjK53YAraeY4vFVaX1ah7OPPyQbVtWu6VlvbZ7t20MVgcPQpz+sVfaS5IucW23aDi9IJqVk7bpd9TP+J37T3iXxterp7a/qPim73bIfDXhBJbfTI5Puxxz3kALTgYCsCoB9ck1N4I+Bfxs+IWl694k8SxP4E8Hx6Vd3c1hbxul3frDGXjinLl2kLDAaQvznPzHr+pnwr/Zc+FXwusozpHh2zlv40QtqN3Ck947OoJk3yK205GTgDBz16V6d48ht7L4OeMPJijhjGn6pGDGqqwzCTwVGQCDnv14ABxXpYXKalVueLqOSumopu3M3FO91fbR2bXyav5mLzSEKco4anGPTmcVeN7LSOyeu7ctj8ZNA+EvhTRLW0Y2KS3BthITcsZMyM/LcryHBzjHUknkZHM2UFja+L/EttbWQtY7cWyp9lXagzt3EDHcEAcAnPvivo/T1insdNkEcbO1igU/dfPPzAEcDcME4wcc+3lEFtH/AMJv4ujaJVbZaMDjjG5QWHHBJPUE5yCAuAa/csPl2Bw9PKvYYajSc1Tc2qUfefstVeyfZ36/df8AlPEcRZni8RxLHEYvEVlShWjSUqlRxjGOKjFKKvo0kktGra66oIIRO00MnmCIRSFUYlSTtOegyCCOOcjqc55/PbxP4x8U6Z4h1W2s9Xnt7eK/uEjhUoVRDK6kAFTnn34+gOf0unhjV2HlAkW0m4krwwjKhshQBnjjbjA9+Pyr8bkN4m1kbdpXUbjHb/luQBnPIIw3oCADgYNfBeK9P6vSyxUvc5qlXm5VZtctOydlfRtNXtd3Xc/TvASvLGzzypWvOahh4++3L7Ulpzb77rRavXVnQy+OfGMM6lfEN5xGpJQj+IqT0UBcnOOBnBPuXHx74ywFPiXUyWG7CyBQpyewBHUjOcYzk81yczhTtOG3RRjAIB4x3xnrjHIz2I4FBkVY3wCM44I+9j7x3YIH+zg9R261+KSq1XHSrJbWfM+6tqunz9dD+jlCGiUIt781lurabXbta99tW7bnoGm+KvFl5eJHc+IdUeNo5W2tdZyoQjBA6A8YBJ3E9DuNYMnirxRHI6DXtUSNZHA2XTqByVU5HQ5IHH4jjFP8Pui3sQw+Xjl3EDgnYcnjuSBgY5Hdj1zJfLaeWLDFTPIQ4HGAWzk/e5J7+vXptSlVlGLdWXlrJ817WTf2X6vuzSMYLRwSbS+zFLpHrbr5L52V5JvEniOdzHJrWqSIxwS93MRxk9MqOTydvIHTAyTqaHe6lcXUqXF/dzBbWUES3ErLu2HJwTjIGTjsOeBg1hGJGyE3DsMEYOCGwzdQOo6jlSMYBC9J4fiAuHLMwxaTDAPH3WGSc9R0Dcbu+CBUXnpecnbo91azUbb3tfzX5uSSXwpXTs9Oyfqmuq16XschPc343Fry6dYw5Cm5lAyD0IDDIUZBAxnr82ciszzyKWeSU/KeTPIwA4+Y5bnd1IycEAE960ZYpBKu4nO5gDw3Gckt8vqd3J5UdSMCq5jdsjdkISCFO3jn2U8leOpHHTIw0mkm35Kyvdqzvd6q199e7sZc1rbdntr26Wey033fWxr+HImA1ney/NpUxG5mbI9QWJz0+8cEdOBxXJP8pCDBLFuOcEckcEHGeMYIHfBBIHaaFFk6qeXC6bL3HA/lkfTCn34rk3U7S4BBT1Ixy3QE85J6jaOucYO6k1dKy33d3rZRvZLfVXVra/NDbX4K/wCH46Pr11KDIxbaMHnGMcZ6bgP4VAOGA6Ek7gBz0dnasPDmufNnbNACoXC/KThjxyB65B7c4xWVFG0r7dwJDZACnDE9TluR9DgdAM5OOuso3Tw1rgK7gZIcgAc/N1Y555JOfTAIJBq4JSvd20+K1ldW7aa7erv0bFez0tf0v1XT9en3nCLDIpU5Hy4JydvpkMMcZyMn0OMADmwiybgdwVUZQWXoAxPUY98jB569zmxtJDZyp2rlCCMkAYJI/hA54OMlegGKkCgll4VWYKMdSep4JzkYx6nOQOCaGmld6JdnbXTqu7S3aV+xeklZ632tZbdOndrVWv36bB3QeG1GS2dTfnPJJG4dOFOfy7elYW9235JBI4JbpxgnjsRkcEAeuflPSM6yeGkU7gp1AsSAARwBjOc5GDzjPGcAAVzu1AzAAvjLE7eT3xyQBjocgHGCT6TKLTWrd0nq7atRV9Fva19dE9dG7ZuKasv61v8AL8bfgNVGcPg8gYBUkkYJOAcdDgnPB78ZrorslNB0ZSAD5k23OQ2TnPPGDg8dD2PTNYsTZMhCdgchOnzcuOewyDjI9uSa6jUo4f7A0UsrqxaTJPOTyDwexG0ZwDnrjBqXSckneK2ve7s72T11Wmv3b9EktVbmbS2fflVk7q+mq381q2crkYDbTySCTkjpgYbOc9c8fTkVIRuOMLgjcT0AGMdBk5GOfYipEjjJJCsCMEY45DZzg8/eA7fhU0iRlx8rE5wRxkZHLevHf+WTUOKTSbTs1e3nbrp5tde+rCKS2v8APTtey08un4Gpq75i03aAyrabTt5IBA+p5z1JGPbk1jqm5igDnaMAemeevIPc8fp0G7rEMax6dtVwFtgQeRu3EYHY9uuOOmSeuQkKkbtrhmHJ6dzkdTjjIJ4x1wapqC1unZLq2rXW+nTRfo3cd221qttXt0XXV+i9boiEYbkDBAUEkhQRnB28NnA7nnu2CFzt6ukou4jxj7LDkBh0CAEEfe2gAZ98kD1zREiMuEcgbABu+UcgktnHbPIPoSeM1t60qm7VAjALaw/MeTt2L7jJI9+T3yc0k5W0bVlayvu7O+i627/8FLRq/V6XtfZdUrd0lfe7s73MBcRgOQcNkAA4AHOD14AIzkkYGDnIp9r/AMfdsuWwJ4zwwJYhhgZ7gfXHbjNSssSRqdhyCSCTgnGABkZ5OOcjv06YLNVN1bbo3wZhnaeRg9DjsSRk9CCOcmmkpatWvbS97XUb6W2V1drXqraGj2vf0+aXpp+FtL9+y8IBj4tBAwHuLlhzxwjKMn045/kTxXK6urrf3yoBs/tC4OSRyPMbtkD2JBBzwP4hXVeETnxEmAebi7xnOM7WBGc8g9RxkDtla5XUzu1G/OcBb25O3ALA+Y2VJJz8vOFzjseuKuNKXuu97aqzs9eXS7Wml/6ZEFoveW6fmtl36N3203vfbNkCHcTGoDKQCrAg7SN2OOQeMDGOxxya0dSVWFkVUhhbDI2jaygDqOmeAffrWSSjZ+RiAoGFDDnOeCvUjkcAk8ZOSK3dThzHYsA4Ath9zIPA6HB+g68everdKT1bs2kls1a8fhTSSatfTz7auzWl1ZJ279F89m9UuphjbtVmU4DEkKoG4gN0I6cHAIH3hyc5Iks/LWaABXO6eNyuMkMG+6GGNwIyAcdeMZ6RJHvOxw5XlsA4POCB3xg9xgnjp2tWUYFxbDbKG81AWB525GP4s8Yydx3cnjPFJtJdXJcq7ppW0td3d9b303Wq1hqUm7ddHs+i02v2V106aK1i+dFvLtlUjMgGCuSAq84Y9BgZznOT+BqSFSRt4AAX7oztIG7oe/fp1544FvUEAu7hiHJExAyCVIXGSfQgEZwVGBlT1FVY4lAV1BzuZdu3O3r1HGckdDjHTGQMGjXw6uKvdaLm5fLe/vJWa00tqgfMpKy66O93a8et76XV1ZW/JVkCyB484wAcrkE5GcDgAkYzgDkY9BV7WN4njZGOz7PGDuJyc4HQE8eoJzzgetZyoIycHdzgZPQsc9CRwCVH881oamrC5QEqR9nj+6M4yOD16j2zn+bjrFXTjo+jvf3dt7J3d0932NFLbXp0622erfW3y20MqSYBhgk52AsFAGSMAexHOCf0IpV2r3LAjJ4yQd3U4IzgYBK+o47UGBSrL87kOACODngluSuDxgAZ9e3DlhDoXw6hRtwQRgg7SAMg8ggnoSRyTRrdWsnq1Hez0evTony36p6Ih8ya0XRavWzSfpeye36M2NQdTN5gbb+4h/hJ25ABU4zzxyQMdzzms1XcBypUKW4ZRgnnnPc8ZwM5GBzk1f1BGaZFZGj/ANFiP3cjAwcHAzk8cnnkAEY+avEjjcoGI2YPu2+pAIUEZOOoIJA4JzWyTiryTktNmtXdX6aLzTV1bUfLJb3at0te97d1aPmtHbz1VnyAN3O5EHynC85OT2U5Pbg8DGONHUgqXMx3qSY4hgKGJJQdcnAGMjjgHHyjOaqG33bNiM2GVSRled3PJAJGecHIP3QeuL2qRn7c+XIO2ItGQSWIRTyTycEgZGORgdAANOSUknF2t00slr2TVu9m99riSe0VZ6aPS6ilfVqz9U7Ly1TxxsHC8ngEYwQc5weeAOnTg544IqSB2aQAjOHQFMHcAMY57gEDoOc85OamW3ZnztZCGypJ5AIbJB+7yckljgnB+9VmK2HnKVIQqyAyMRgAOOBzkAA43HGM5Herhe9t7Pazetk/uWnTS6uuypybkubls10ck76O99Fp962b3Zf1HzXnfGS4iQn+EgFR3z65B4JOT1PFZbKY3j3Ou3aDJxk7jwOfQnoeM9/bW1QKLsh5IwDGo3L0wFwcMTjkgZ79+MVmM6GRCzx5GNoGVBOCcnGQB1wcDOc5xwc3d317Xd3rZpaJvrd9evXY0abvyyvte/m47vbS63atf0ZDDE7zxOHAVbiMAYAzh1JXqewPYZweDzWzrcLf2hcfPgqkROE5IKg9QRnOcYOOxHPTIhx9oG4BUMq7fmYqTvHJJB2kEEj1GMe2vqDxS6hIy5IUxg4DOmQhUjI6ncBgDOeAckABwlyxWum107O/MtE7b3tbTbTW1kvsu+i3vdrVNbave+3ndsz/AC94GN2QNvAwpDfNnHQ8HJzwe5A24cNxDAAkjABIzhcnnJPOMHAwCO4+6A7ZKZFjSGTBYn93BMwAJ5wQnuD75xnJBF2PT9SlZkisL2YkMoWGxuSevGCITjkDkZ9ACKpxbtJp2V3JpS1as7Wdku3W97WVyNnu+731so9HZLfWy07rVnv3wKMsNv4kkES3EYjiLs7ABUHcg4A+XJPH3uOwr3S218teW0VhDLIMBNscAkwSRkIVyM57kDOBjAyB55+zx4TuZrTXv7ThfTrKZrZJXv45IHcYwwiWVVLKD1GACRn0x+hGieDPBmmWFsdKhsGmSKN3njiWV2kKknG4soY/N0AC544BK+pQx7w2GpwUG56aOyTXu+Sd97pX6PpZ/IZxlKxmLlWnU+zG1rXjaML2d99Omuz0ufLXiO38QPomoz3lnNa2PlxGKRwYmdyPlz3Ktg9M7RkjIwK8EtNUl0W8u4rgB0vpY0dBiSUI3X5iD94cg9iQeoAr7g+PkxXwS0NrBIZWu7dZJI0I2RclVYKBydoOOMnPIGa+G7vTrmW5E10DbzSCEwAgKCOmXU5H0G3I6fxV7uW4v29KU7ctROya1tHS+6Tad7JvVuyR87mOBWFpU4RblFNyel+sW1u09dL6b3tffK1HxLZ2Uuq6fZeag1C7iEbs5XaEAJG4ZIyTyB04+pmtfHety3Dabd3c721vZTWduA+5I1IGC5P3wew3cHjGDkc5rPh2aXVd6hZEjlXJQHCSMpJ6ZyCeQFYnr0wSM68sL+CNBGGBkaVWcIQVB6bnG4AhQevcdWxivcw6fLGUldxba6u3u6O+z95a39bWPCqyoSpq7Ufesr6N35Fy9rXaUdWfT3w5s7zx1Y6jplvFAkmh6Hd3k8srrEWhCZATBzuPBOSDnPPOBX+HXw30rxdJrEOszBrO3iMVu0c6FhO8jgs4IU7EKnr90YAJUcfPvhnxNr3hez1xrDUZbOe4tDZSFHYNPA25SmR2AAAOGGccdam8EeJ9Z0zVnK30kbTRhpAJD5TA7mcuqkZIU5BI6sewp1adarNS5tHyxpxs20lyrXXWV+iXlfXR0aeHhSkqbcJXjzS1Wtkt07X1S6LbSweJPAdjBq95Hp9+5kg1CWzt3hjZWcI2EkcJk4zgFx0GTlhWLIPEug20aajbT6hYpMwjuEXDpgnLRzDa6tjPJHGCD3Few6P4r0PT7tryS3F1eSG4R/PA8oSSfxgkHnLfewTjjJOBXSXN1Y+JtItLKKzWJvtbvNNAAVDMQQFONxUjhhwox3Bq/fnKnGNKUJppc9lbaF7vd38rdVoH1upQgrz9tDRuMmubRxuk7/i77N2Z84+Fdfms9W+02mrXLwTXsc8+lak7mGR1JwC7HqOACRk556V9X6X48ivLeaK705oSqHZJbHzIyWHOGGMDGTtU8E89Aa8kuPh5YzxuXs1Qx3JBmUhZSvbBXDE4HGOMjA99aw8J3WlW5l0y+nTYWUwzZdGG0HZg9c4wDgADJ6AE9mFw+IwdReyfNGfvTUmtE1Ha7TVrp6LTXRHRXxWEx9Gm6rjTlGyg2no/dT1TV9Ortpr5n9LP/Bv1PYz/ABq+LlvFOjzXfw3BSN5ArJtnZiHyR14A5IzgYIr+gO+Zba8e3nXypDKwQM8YDgsQu1ix68nJ69eS2T/Mt/wQHs7q7/aZ8a6bqCSsuo/D64WUWUzQTELI+CAvJOTjAOc9fWv6ePHHwU0G2069vyPFoeMLNBm8nKxTI5ZCSwJ2HOSWzuUYzXm5tOH9ofvJ8sp0KMUkruPLaN5apNNLfezdldNn1eT0lTy6lD3pON/eWqkn7OV76Wdrr590QR25GSBhiCcnByAeMdBx0wAARwCQM08KilYnzkjA6bvUZPT5eeTwfbirNra3a2dqgs7xnS0gXLwPvbEYG4naW5C53c5J56cLBpOrXN8GOnThEQAEJLhc9ScqOfTByc455ryHVipNOcdHbSUWtbd2r3dtH6ytc9JU09ovV7cu+qT6X1suu33EaLH97PUsuW+bHBA7jA6Ak9D0XjNT7FGDtIBGPYdevpzn6d+RWmvh7VX8xV066KowY4hfJ2+x5Bbr1I5wGJIq/H4d1t0jP9mXiqRnasLkMCeDgrng/e4OSOCacalGV06sdPNfE2tG7pLpZq/95Wvdeykrv2bXupaRdvnbu7W76N3szl9i4yow2CASvX6ZPQ+2fp2qIqdo6dfmweAccEgDt2xxn7w5zXWHwrrxAxpV5jjA8mQZOMkfd/i6gYyB702TwprYAzptyuSRgxuDx04IB/THHr0qNaknZVFe1rcy121Svttpva/YydBy1VOWjevJZJ3XTRNe91Vt73OUO3AHGSecDqcjG7OcdfXGSceoeo5yduMEdOoHTd074PUkEketdE3hfVixQWLI3Vg+FIHY5JDDpgEe/wDtU1/DmqIB5kCIAMgtNEgC9wWZgD78nGMEVaqQbveL25db9unfT8e9zKWHlraMotJWVmope75N7O99O+17cyMEEEcgkZXocnkk9Bz3C9xxzinFFPzLk9sEZAIBDZxjPPTpgeuMVvHQrsPKjNaI6Rq7Bry2XbGxAEhJl4U9+CowD3FOfQ5UTa91p6nJYhr+0UFW+bnM2cY5GQABnkU1OmvdUktErWV7LlXTVvy1a231QsPUdk4Nro7NJ3cdkknsmnfq29WznvKUjKqcdQTjoRk8e/4++egVkOMgZBJyTtLAjp06cH2wOMA9dZ7axgXNzrWhW5DZJl1fT12g54ObokDg55HPcgCse68QeCLO7tLS58c+E4Lu5t57hIm1vTsmKAASOSLgqoGRwSCMnA3HFN1IvaSb0sktnpfp0srW8rve9PCVve/dvVJ9Fy3t5Sdk305Xa6fnYhixwdp6c4yfmzyB1BzjvnjFTJE6uCxXCgtj29gB1PcdccEnqMSb4g/CqwVjd/FDwLANxZvM1/T8jHVSBMwzxycEH0O7A5q7+PX7PGnBze/G34eW+CN2dct2xtz2DZPBwPcEUnO32Z6JNtRd/sNXVtUlZW9d+l0sLPqldvR3STfu6O/491b5ekBTkf3AT1UbienHbnIyeMD9EMZOSoAIB4A6e2TwQcgnA+Xsepr521D9sv8AZJ0rU30i7+PPgRJo7T7d5v8AaataMmCWjEyqwFxjjYBnJHX5a4uH/gol+xElib6f43aMuZ57ZIrZXlm/dMU3gbcbHxlGyMjnrTTnUsownK9tIwlfmdktErpX3vp1tYpYRuTUnCNtb8yVlaK3u7r8Vdta6n175GcOFO0DbwMLzyRggAjtwPlIOARxUjWzMQVjwq4GQw2tx06ZzznPykHIPIwPhTUP+Cov7Demkxr8TNW1EqdwWx0p5Qx9QSVY56ZIzjvya8+1f/gsL+xdpGRBc+PdWYAkLb6CfnZTnC4l+XJPBK9PXsKjiWrQw9bVr7DtdWvq1dX662v5Ir6tShrKpSS85wcVotr3bequ1a+mttv0uNm33iAoCnPUlhkYDHPXr0B6g845ato2CpKryNu0DGMZGOMjOAcDp7gkn8iNd/4Lefs1x6XdHwr4B8eapqsFzZxxw6naLY2txayygXMqSmRj50UZ3xx4O4jqM5qvqP8AwXJ/ZxtSRY/Cjx3qBVY/MkkKwAzFEDquCcqkpKgg52jJ5GVtYLHSu44aq76XSW3u766XT7aW1XUj2mCp/HiqKaWvvduVSa5U7PZ221V7XP1/NnkZUYHGcEFVOBkYORg53Htkn6UhtnyigqMjLEE5IGCVAxwc5BPHP94ivxcu/wDgup8K4YS2nfAXxDcStkL9p1Xy+DycqVwfl7nPJYgcc8JqX/BePShuXSv2eGVlDBDc+IGPPON37lhgjBOCByODuo/s/MX/AMws7va8orV93zvz0ev3FfW8vUW3i6SSS6vy6W1VtNXt31S/eD7MrAgqAAQWwoIbGDkHOQwGMDjPPqKgltQMgAAbQOACTtBAwq5IPHzBicgcHgY/n5P/AAXf8Wy2VoLL4A6Q9+dTuEuo31VmhWwEReIq3lf6zdgMQCApwe2Mi7/4Lp/F2fP9nfATwtbgkgCa+abAzgA5iXn1yuCMt3+WllmZ7PDNLRfGm+VcrfV2107uz6WJWOyv/oLhul8LfRPf57+Stqz+h9bIFkOOg6tnuA2Qp578gAkduMKNKLTnYDahc8kgI3IznKgg7mwOw5A+pP8ANNef8Fu/2lLgMNO+F3gqyDZ2+ZAbjbjK4IKAcepUjPIIzzwPiL/gsX+2F4htJ7KHSfCmhxvNbSLd6fpSx3EKxyrI0YmGSElA2OFHKkqB1DN5Tmcv+XcIbPWT6cqs7Jaa9++r0Rus2yulZvEX1V+WCtbRedvW176bo/qfXTpmbG1hkjChDgfTA4GM56jB+ubselTsRiOYqv3gIWIzg/NkL1OM8k7gc9M1/J5f/wDBYP8AbhuH2wXvg6wibakaQ+H1dwsaqu9mH3mcAMxP3jzwOnHap/wVY/bwv9wh8d2FokgYk2mhJGoJ/uEHHoRgdAOnFR/YOZyWns46J3cp9beTf6LV6XV8v9Ycsg7fvHZLWMEk72s03K6stXe1322f9f8AHo9wSCtvcEKSB+5faSMg8kcDIwDxnJBxVj+x7knIhf5QThVKqxbGe4zgjgAnnggg1/GJc/8ABRj9vDWcxyfFrXoRPHLG32G0FuAHVlyjDoRnOeMYB7VyVp+2N+3BdWyRS/HDxskKySICdTaKYknkk7ScknGB1Bz61cOGM0q8t5012bU+lm29Fo0007rVpmi4ryqm9qiTtd8kHvttdXd33fV32P7bU0K7I3CFFHP35I1OQcEgNIvc9iSBjO7pVgaJKgJZrOMDBYvfWoKhV7YlAXPXkY47kiv4gZf2kf2u9QZje/Hfx8d24HGvTKOnGBgYyeOgJHTIxWZN8X/2mL0AXHxr+IDmTKsW8Q3PKnIKkAjkjqP9rGRjJpcJ5k05OpTtpooSbT0vvf5PTT5ocuNcpjBtQqvl0TVrte7dtNrq3qttG09T+31ZtH3SrJrehxCOVoiX1fT0BkT76puuFJZW+8BkjOBkAEUbrWPC1tuE/izwxBJHkndrumrx3+UXW4nHI+UHvnuf4Z31X4v6rbW8V38SvFc5ivLiYINavlLPKweSR2WdcmQjLAgjucZIqGSDxpOS934t8R3RbJdpNdv3D9QQR55I/Dp2OBxpDhDGSt7TEKnL/r3unbb3uvR6db67cNTjzAxu1QnJ3sryik0nF2+F+Wu38y0R/bvc+P8A4ZWas158RvBdttUh/M16wBHvlZjubkZOeT0Ga4y++P8A+z9Yte29z8ZPAcd1aW7Xc8C63bu0cCffkPllw30BJOSSOmf4qJNE1ST/AFup6nKSWH73Vb5yTyG6zHryOQcDI9RVF/DEg8wm5mjkkidHlNxcSNsXBaNi0rZRtuSHHGFI6E1rDg2t1xE3ZaPkilq0ru7a0Tsmne1+5yy48oqUXDCL3rbzlK+yvayim7dNXfTql/ZheftZfsuWqrJP8dfAqgqpAi1LzG+bBAwqEcKQSM5z6fMV5O//AG4f2Q7Ff33xz8LMyZyIp3bjA6fu89R0Gef92v4/YfClq8cTJdMV2q2QZCDjHOTIeOCR0J6cYJqyvhGzfaXlZwcjG3jBPGCTn3JB/hOckED0I8FTtGUsTUaXK2vdSfw2te/bdbaWRyVPECLbSwlNPSzcpu3w6XVn1f3Pd3P605/+Cg/7GUBRD8YtLlJcDMaOV3Y55CA5x3PA49Djl3/4KW/sVJ5wufibJCbW7e3QCzY/ahGM+dEuOYzwRkgk9ewr+WG38F6QZo1dcqWYjcqkFtvVcgnqORx+HFZmp+E9NtEsDJbFj500W4rGWyzOByQSMjBO7LYPLdq2/wBUeVwtWmou7ac43cly2t7vn07Wd7a5R47k1N/VKUmnFRs5q+zevNrbot3a2ttf6gtQ/wCCqP7F1oTs8Z67e4ZgPs+ls6tg8BcgEc4x+GSADXnmtf8ABYb9lKxguf7ItfGWqXaxv9l26X5cRmAOzewJzyAW5XA5bkcfzcHw1pojTZAq7GBYApnGWB+XbknvndgeoGBVC+0a1jSZbaDZJycEqoA2KTgHPzE/Q9i2RWy4Spw96derNK1/e1fwt293SzurXWyd72OKXHWIm+WnhaUHe6upS25bNX0e9rXdktO7/ofn/wCC2vwIs7OzMPwu8XanevGVnZEkghMwYYEbBXJB46AgD16VzV9/wW88FjzG0f4EaxOpVmQ3WoSQgYJAHEZPQ4J4+78pC9f59Y/Osp9EU+VJDI0kWxkVm3HIUAgEbgT949c54BFd6LEKm6TzRnJZQoODnoeDz/Cc5JHHOa6MPwxl1ZycvaScZKL55yS95RaVk116u6Wi23xq8ZZnFRbhQje7T9nGVrNKzb1b879LptXb/ZDVf+C4Wuo8cmlfs/27RrMu9Z9VkDyIeAuTF+7OSMkE8A45xjyuL/gtf8YbRZYLH4L6Dc+be3U63V9fNK8EMkjNDbY8vBEKkrux8w7E5r8tbiAMiECREDAA7C2c54A4JyfUE89h0zbWGRWmRlYKsjMh2AghsAsenUgge/XkjPpUeF8si0oQTTUU05NJtWbu5Tvq11/zPKq8XZtKTftYpu1rQSS+HRcqbfa3dPzP1Kvv+C0n7S90CNN+GXgiy3HH7y0W4KnJJwxwcLnJG7A6dK4+8/4LBftlzsXsdE8B2mDlU/seKQAAgZIJGQB2PGCCMMDX54NFMx6EbmHO3g8c9G79MHvzz2cbVhkhAMdeUB6jJ5fj8SfbsB20+GssTX7umk0ndxjdL3bat3bT0a6rXTpzT4qzZp82InZWskrJbbq1+ya2121SX2lD/wAFQ/22YYrttM17wzp02p38l5fbtJjn8t3BCpa+Y22GFAflRf4jxkdM6/8A+Cl37dF2pD/ErSrXnGbXTY4mGc5IYOVIxnkduO/HxkMxs4EQcNIoJZ0OSo4Iy3OPmBJOMk5PPDpXgDMJId2RyqBHI3HjlWYckHJOMf8AATjop5DlDj71PDt8zUm1G7Sskk2720Staz1TXQ4qvEucOWmKrRd1dRTSs1Gz1srq3Xq9e59Pah+33+2rqAAn+NmqW24EuLL90vKkHGFOO5yT1znAzjhr39rP9q/Wng/tL47eM5pIJXuIDDqT25jlUFN0ZCDkAkbgMZ/iO4GvFDdwW6tKLZ9q8sSkZwCPlBUvu56cL09gActNaD39uLWzklbypDKpWJdq9QUywwc9CMnnPBO2qlleUUo29jQaU0kkoO2sVeK13vtppe3S/L/bmdVKsbYyuk4veUuyVu22/lp1VvYJ/j1+0reoRdfG/wCIUnmbif8Aio7gbjywJ4G3v/dz1JzxXNXHxF+NmoZ+3fFnx3cB/vCbxHeNnOc5xIh4444BPPGVrnG1a3jUPJbxwZC586eFMA8ZKrJ2AIIwRwRkniqza5pi5LXumIRt+VrmMFeQuB97IyevTua7KeXZStoYf7OyhHe3930vfTrY5P7YzqT5ZV8Q9us0nJtLpG+19Xbe2m5NeX/ju/QfbvHHie7Lzbik3iDUD8+QQx/ebd4GSD1GRjPOYptK8Q3bqbjXdbnLKC3m65qBJGOc4nAwefccD3ObJ4o0eGWLdqGlqIiWdRPuHpuIAOcZ/DkUyT4j+GYHy+rWgAGCIwSQTzjoOnoQRnv0wp0MlpvWeGj8KfM4pXVr6t6XXTq76aq29OvmtZR5vrU5Xsn77vF8r1/4Hyb1LEvhVwkj3M11MCo3CXUrx+cYBJadQc8kluzHgnq6HwjZMFaREJ2Z+eW5cjJJwCbjJTHQEc9Q3SuY1L4seGBFJGt+0m4gAJCeQoJAGOTlgR/XI45Z/jV4YiCgtOW2/cVcSZGV3MNwYbvTIA545xXJLF5JQk4qrhrJfzQdr2b1T0+zt3Z0Rw2a1LJU8Q+9ozine1t9E11T27nrI8JaOgy0MJUjB3BsZ3HjDSMOvP8AsgjsRViy8M6HBdSH7KhAjUYAQo2/IbAKjIxzwT1yR2rxhvjJGVD6f4a1jUUYgAx2d7MCMnHEULrzxnHQDrj7uefjhqry3n9neGbmRoSkNxG1tdSyW8xICxSRiEtEwPBWQL34Ncc+IeG6Nr43BXVrqNSE3G7S95Rlonoru3vWS7m6yLParTWHxCTcbOSlZ6LZtx5tN0m9n2PomLQ/D6sQNPtdu47t1vG7knqM4yeo7Hkc85NTpp+lIfksLMhcKAbSMAEKccAEDBxu5yOntXzRN8WfiIpQN4QvLeKY/uZW0u7RJc4UmB5YI1m5bohbb09QPrm8/Zb/AG8tO+F938Zrz4M6rafDax0hfENxrrQKxGjyp5sd4sKyu5BT5nUr5gUq2BgKfGx3iPwXlvsY5hnOX4T6zUVGh7etRpKvUvD93S55rnknJK0b2biehhOCuJcXGboYHEVeRKVTlhOXJFqNnJqLcU7Nq9nZ+l8RbewGClhbKcZ2/ZkOGBIJUjDMDgA59PQc3ora2bgWcI5AI+zoPfuDn3745Ix18p8BfDD9sX4v2dpqvw6+GHiXxHpF/JNFa6jpWmu9q8sKec9sGLBTMkZV3GPlB5BrmfEng39pXwjrEmheL/Dmv+HtaQOX0y/g+x3axI2151hlIMkSuApZOBgkAjmuej4m8H1MRPC0cywdXFUU3UwsMRhXiIJcrcpUlUdRLVNtxt5Wsbz4I4kpU4V6mCxNOhNpQqyo1o05O60jNx5XeyVlfyPoqC0tlJYW8KDcdp8hSPfkd+cAscDsKkLxYIxGFUjOYYwMZGfp256HpjNVNE/Ym/bM8ReB7/4hQ2L2Xhm20OXxEl5farb28lxpsSFmkih3Z38bhGQH3AZGRx8z+Dvht8dfHuuWfhrRLfXNV1nUbj7LYWcTvDLf3LMV8i0VwolbORuQYwM5yMVOV+K/BWcVMVSy7M8Fi6uXyaxsKOJw7+rSpxi5RrPm91RScpau1m21ZW1xvAXE+W0sNWxuAxNCni7PCyqUqsVWTceVwXKrqV7LT3rqybPqmOW3bd+9t1G7J3eUu0DqfpjByfrnirAuNNjDF721Qru4M0LEn0Pz4GQfu9TwAoPA5yy/Yd/aei+Jngr4QeJ/DmseFvGfj+ST/hHoPEWpCytZ4ocvcSSzBmMccYyWJPGDyTkH62+I/wDwRs/af+F3w38a/EnxZ4j8HwaT4O0uTWbi2s9al1C61O3t9xlitgkYzIrZIHYYYnPJ8PN/Hfw9ySrgsNjs9yujXzFQeBhLFRq/WozqqhCVJ0YyUoyrXgpNu0lqz0cF4X8V5jTrVqGWYydPCyccTJ03H2TVONVqanKLuotSaWuq2R862+qaEQnmarpynaN/75Mj5gcHngY5GOM45OTSyeI/CltgS65pinO8jzl3dcnjcRxj1PByc8Y9K/Y6/wCCdHxc/a80m+8QeCr7whpemaZNDa3o1y9mjuxLNCZVeOIqQwAzvwflbgscjP1F8dv+COfjH9nj4P8AiX4x+OviN4Vay8Of2aj6Tplg979pfUdQg0+FVuMgKRLOhIAJIGMDJFeFjvpK+GuAzP8AsStn2Bjm6xdHAPAwhia1eOJqukoUqnsaMoU23OOspKMU12PUw3hBxTiMKsdTwNZYWVJ11WlUo04yppXbjzzUpfC7JJ3tZd18CXHjrwNAshfXrEgZO1cMTnsufpnAOeRgc8czefFLwHDLBGNQa5DklWgiJXg4AywPc4xxjHORxX6y/Cj/AIIdeMPiDJb3es/FLw/peg6p4e03W7O9h0FnWKTU7VZ4rGRpGTbLCjgStgEEHoCAPIv2n/8AgkDH8FfiF+zv8PNL+MMF7dfF7xDeaNfazL4e8i30VbdJJFvII1LtcqdoC8Jk4HoK+X/4m78N6+ZSynLs9wuJx1OGMqVKNLBY1wpxwNCpiMT7Ws6UIJwo0qjSUm5NK2rV/Zj4G8RxpU62Jw1SnSqey5ebEYdSk606cIWjGUtZTmk07NXtufnTL8TfDRLNbadq11lmRTFbPt3AcDcRgAkrnnIzk+g5i/8Ai7o9mZVl0TUI2QL5nnDYFUFSC/PTJJHOCS34/wBRf7P3/BIb9lLwr4RXTPin458S/EHxNDdOs81hMdBSdt33orMK5fcu4AbgucAHoR+Sn7X37DnhyP46/GHwJ8HIdP8AD/gHwh4TtfFEA8T3vma3LHFbvJfBLgjDBZAoECsWXJ+6FGPA4a+mLwjxhm1fJsreKpzoUKuJeOrYRUsNKnSq0aUlBVJzrXlKrDkTgnK70VtPQx3gHmGVYVYzE8taXPCH1eE+Zpzi5L31BQ2g78snbd3TPyvvvjxoGn6nB/xKJJVnsyYl81Q5IIwpG/5RxyWwenqKuQfHGKXMlv4eVemDLcqoH49BnnPUHIAxjjqtF/ZJ0mx+IXwBn1/U017w78TNWitNTtrYrBb21pDdKt1Cty7qEMgBQSnbnIyGxx/Vt4N/Y+/4Jw6HplpBd/CDw/Lc2EFlDIL7UrG5JdIIw7zySXAWQuxLMSe5A4NXxv8ASmy/gp4Dnwea5zPM6eJrUVluFpuEIYepGjP2sqrg4N1NIwUXJpOSsmY5P4IVc5+sy9rhsA8LKlCccRUnKcpVYQqR5FC6a5JJu8krvpfT+SSX423u5DFotiDkgbrkv1P1II69sY5HqMXU/j54jht7mNNP0m3jETLl8sAMf7p4J+UA85AIAzk/1ufFn4SfsI6D4Wul8D/CP4MjVRfW4t5NWutPt5Iow2WVsTyHyx/E3UjuM18weNfC37DUXw78Vy+IdA/Z70vXIrC9iS1s76Ce6WSZI0iurUIpJa05dVU7iQTk4BX8tqfTTr4urTo0OCOJJxrVadBVIUYynF1HBe0tToytCKl72uuuydj6yh9HuhCkqtfPsvp25pWnPl+Fapp1Ip3aS1d/nc/l+b44eMLuNDa/2aohOH/cSEKxPATYvzA7Rkr7+4POzfGf4izanbwi5hgiaeMsY7WcBlz91CVG9sE5QbjzgD+9/R9+zJ48/wCCffg+21+x+JLfAKez0jT9PtdH1PULGC4uNUMEkrzXOzYSzSCRI3ZiSdoG1q5X9pv4rf8ABPPxO/wxu/hv4h+E1odD+K2k65qsGkaDGnkaDE+buC4WOP8Ae22AD5RyrjsAK6a30oOK6mcrJ8N4fcUzpwdRf2pKlWeGtHDuvTathH8c4xo2veMntfch4L5DSwscVW4oyuEpWtQ9pSVS7moPR17rl1km1stz8OJPHXj67hbyLu9G+P5RFo184HBxnZC2MsOOeuCSciuYvPE3xCSKBLufW4nuZBFAraTdxee7bgI4fMjRpXbkBFDEnPymv6eNF/bq/wCCdfg7T7uxfV/Buuzp512bmx8FwySuknAgjxA2REMhFGOfpx8e/tKftr/sV/EjxN8Eta8Ei7fTfCHj+31zxLBD4OjtI4LG3MeY0RUUXKtt3eSwILAjGTx8/lH0m/F7OsfRoVfCTiPA4GdLESli6v1pe9QoVKtOKh9Tp39vVpQpRu3Zzur9fareEHAGEoym+MsvrV4qC5OfD6c0oRmvdxM/hi27W15fmfilZ6B8btUkMVjovjiZZEMiCPQL5dyMWPQxKNpxnk7Rxwc850HhT4o6Zd3VnfeHPHCX8hW8XTk0e+Se4iHElwUWLPlqqljJtAGck9K/qai/4Ko/sVLLNp2n6Jr12n9nzJFeW/gi2jdBIDtDx+UNpTPynJwQSMgHPzz41/4Kdfsx6b400LxtpvgjxVd2OleGdT0DXvtXhy1R7+2vo5IoWjdk2xhSwAcAsvVcdBx5d9IHxxzTF04YjwazfB04wnKnOvXxSftFy8sffoRjaT0svJN9VVXwu8N6FJqHGeGk20pKKoSTuotNJVG9He9nt3Z/PlZ6V401u7s7PRvDuv3U93LBbpKskhZLie48iOCVA3ySPNuhVGw25QOwr6Zh/Yg/auIbX5vhB4hg0yzsZNUub/UrkQ282n20BnmeFy+CVjXcyZ3BcDaSOMTxT+018F9Ec6/4F0zxHYXs/jq48VRs0g8p7c3rXdnp0qE8eRLgmRdoTGNvJFfXWqf8FptS1fwxceFJ/h2brTrjQbnToon1lhIlxPbNay3JYJ91xl2iIwCefvA197nXHnjdXllz4e4OgqdaTeMWMnGNXDQUqWqj7eCfNFzs/ecWk2tbPz8v4O8MqUMQsx4ibdJpUVSXLTqdmrUJu3Mlq93rY+VvgP8As7fE/wDaS8Rat4d+FmieHdV1fQ7aW/1S1v8AVjbPp0UE5tpA434kZZVIwBt4Ld+PtnR/+CQn7VWqWsdzej4Zae80gkMV7rQJQA8KRgnoB0Jyc4xjNfnR+y1+3JP+zD8RNc8feEvBVrqs/iizvrPUbOa+kt0tmu72S6QrIoKvsZgrg4JIwCMAn7xvP+C6PxNTyo4fhx4ZU24LM32gPkAkLu+XLFVUZ3HkZB4AI/O/EjOPpTf2xKnwNluVTyd4fDzhWxqw6xCryjF4mm/a4iN1ConyScbNNNN7v6DhnLfB+nh1PNsVfEwnUTV6rg6fM1Tdo0kneKTet03bl6L1W5/4I2/HyOzkl1H4gfCXTfMDR+THcxzMrSrjCHcCuQ2W44Y8g4wfz/8A2l/2Q/F37K3jbwlout+NvDfiKbXbM3Ug8LN5cdmI5QDHclB+8cgZH8WcZHWvcPF//Bb740eILRIrPwX4IsZVcsk72ReVQo4LZbBJAz1J69ODXxH8Q/2v/ix+1R480G+8bx6Bbx6HAwsY9EsEtQyGQeY1z3dsbuMn6Ybnn8NKH0lsXxVl9XxD/sihw7CU3jaOHlhniG/Yt01T9kpOyrNKXvRXL1kdfE2J8KqOT4qPDzlLNJQiqMqcasaafNC/PztK/IprSLvJq3d83asP7Y18O5kUzCGBpXYsn7st0bBAOBxyFAxxwF+MPjpclfGNsokUBbAZXvy3OOTwQcdCcgmvsGzeRtf11XVXzOGGOSC8ZVSegxuJ68fyr4r+Psqp44MTRhWhsYlcDgjkHnpkkHsOxOBjFf2XKnKODhLkSUZQV76vSD3flrdpaH4RTqL63P3n70JNJ3tzNK+6dt77NO7voedG7JdFLKB5QHPBJCnBG5upB69DkEjHT6i+G/iMaX4bsYUHmSCYursQQDnIwCRnBOckjB44yCPj6WViwAGCCvUAcbSMAdcnB9By3XoPe/Bsd1NplisSyzEkCO2gieWSR2PBKopK7jjOTtwRjPIHfkeJhh8ZOTtGKpuSd0rXcHpfbbTyv0PMzzDvEYaNOEXOTqxaUE3u92nbVPrbW272PcNY8SXFyWmuZVyWUBC33senc4wBnBBO7GAcm/4d0y/1y+tSxNrps0yLJdTAruA+Z2TO4lVHcZAzjB+WvOLxb2ymjtpNKu59SUhp0uUZIbSMsMGTICjAJzkgjoQMAV6g3xJ0vw3pdrDbJDrOuBC5SOMR2OnscAxiQDEpU4LZAPy9VPJ9nHZria9OccHKSbtaSTe9k3d2jbXVp2Su0lqeTgcqw2HnGWLjF2Tk6ejerWsr9XqmtPI+ltD/AOEP8O2F4y3LCK32xHULsCCIuqkSXAmcBiikHEao+eCDjOPF/Hnx/wDD+hW81n4VRdYndpIp9VumxbiVwUaSCEltxQHCuRg45xuFfMPirxt4m8U3AbV76draMOYrGDMFnGN2QEiQBTjgktyeBjYQa8k8QXjRW0YAO9pQACuFAyOByo7YyeCTngnNfL/VdZ1sZUdablCfK+ZxTTVk3J3atorWjt1PpFjI1LUMHThRp2snFWellbbVW2aW3W17fsR+zHdHXtCivH2s14LieQsoUtIwDn5gM7RngHOBkckZHvHjNHk8O6rZo5ATSb0rsAznymIJI9SvqxYjjtXzx+x4WbwNpMx+ZmimVUGOQqrgsC2OQSdxPYgDIGPobxjMsOh6sXkEcj6dfJwDwAjAscY5xnd1PqA3J/ofL5xp8N0HCCtPBXVuidOOnor6203evT+UcxoyrcaYxSqNzjmT95ptK1SnortJe80ntqm9tvo79k+1+G8v7IUnhrU9Iil1nW4PGF1rOqXFvAFzDE/2ULcyKXR0cAKEIOTwM4Wl+HBs7L9k3wvZmaOS1t/Gt7biTasmyMXEg4O7jam3JznHoDXwd4Y/bA+FHwi+GHg3wzeaFrPjDVLSfXZde0xXa0tJPtgkRIobgDmIEBiMc7SAc9PpT4I+MdM8a/sUya7ZafdaVb3XxT1MCAOWNnbyyGSOCI4yxjWRVBGMkZIFfwrkeT5tgeLuJsVjMNi6WExvEH1nB1cRUVSFSnepGLox5pckOW11aPSydtP7sxWLwdbhrIqOHxNGvicNk3scTCnBxlGahS0qNxSnK/Mk1Lvfoj72+E0sen+AfibrFnOkdqPht4kZbolVU+VYyhFRuANxbJC8AZGBwR/FX44vjLq/iEMu55vEeryPJ97CvezycZbBHzbv7vPP3q/rBHiZ9P8A2VfjneWN/JbpongbVLa0km3LJK9zEYyinIy7dskkbsnGMj+RnxdcSS6zfBnx5379wCp+aXDsRtA6sxJYAH7xx2r6GnTcuJc/xCtyyWCo30s3TpXezS15vu+RpVn7Phjhyhez/wBsk43e0qkeVPu7re36M5CRiwYdcEhmH8Q46dgM98A9cg1VfLqzcALhRsAwMn0OAPQEYPQ4PWpcscKCV3EHH0wAe2c98Hk+oOKrOzsCq9QeW7DkE/e7HJPI644FezFNx6201u+qWu7trv0/Xx4pLZ7766XSSf3ctu+99RsCmQFQuXMgCgD7xLAKCMcZG37q5/Hk+9eGZ9StNJi8BeGgyXuvyJN4huYQfNmQ4MdoWTH7kcsy8hjgFSDxwXw28KXXizxRpelQAKJp13SNwqKWyzsCMhUGW5A5/Gvuj4a/CaSLxs/gvwBbnxR451KWUXeqSJ/xLfD9gqkz319OQY7eC3j3OWYjhQoHp5tecLvndoU/ene9rJb6rl06bWbWrZ00qc3y+zTdSpZU0tXrZtvsrdLX6a6nbfCrR9dttX8M/Db4c6Y2o+JPMh1PxHqAIOn6daRFZZbnVLltsdvaWkYaWXzJFDBGXBJFfa99rPif4s+J5PgT8AZv7S1LUkt7H4rfGGBCGmiUCO60Tw5MoCWenQEtFJJCw84L15BHjfhTw5rGt6rcfs8/s+SzajqeqXC2/wAYPiraK3m6sxbF5pGmXygvb6TbuJIy0bKJQMg4bFfq9oei/B39g74RJrOuSWdpe29kWcq0Z1XXNXMefKRsmaQGbOWHQfMT1x+a8WZ77OcMNgYuri6r5MPhY7c0nHlq1FG11d+5F9nJ+X6twVws68Z4vHv2GCo/vMTip3ScYtSdKlKWmv25J36J3O08FfDb4LfsO/B+XW/EU+n20tnaNLf6hcmP+1tX1IIXNvbl8zzSTSDDMMkk/NkDNfgh+1h+2J44/aP8TTrczz6P4B065kTw/wCF7eZ44HiRj5V5fqpCzTuqqx3LxnAGCd3JftOftY+Nf2jvGU2s63eXNr4bgkkGg+G45GW0tLdGIjlmjD7GmcYLsw5IYe1fGWr+IAhkUlfMP3BzlRkjnGCc4GACOG7AcRw1wvOhNZlm37/Ma653Kb5lh72fLBPeSurtLTW3Q6uK+LqdWn/ZWT3wuWYdOCUPdlieVLWVlzcr363veV72Wnq2vIHYFwCiEM2QVA24AAGffI45BJHBz5xd30l40iKThz87c4Y5z+K8k468Yx1xGzT30wB3/M3zAE5yTk4HLFm9gcZxwOvuHgD4MazrbQahcWUiWzHfbRupRWxwWmJxhcnj2wQMHFffwjRoRdnGLavfbotO3/A67I/LK9erWle0pLmXupcz1skreitqunocB4M8EXWvyJLJG0dpv8oAKfMkcnG1VIJ3FeSSFHc46H9F/wBnj9nefxDcqLaKOw0+2xLrHiG8VItP0e1hG6V57h9qB9oZuuSBkeotfBr4LW2iaBf+MfiJeWPhXwba3t08mo3zLHLOLRv+PXTYGw80kxAVSgI55PHC+OvjjrXxbgT4Y/CS0fwN8MLZ1g1C/t829/4gCDY9xfyp83lyqpdIi2DkdOBXj1qmJzCpLDYODdnyzq2vCK0e/wBqV9VZWSetndnpUKGFwNKGLx81GKXNGg7KUno7tXvFPS7erR1/xj/aG8OfD/T774Tfs5hru5kL23jL4krH5l1eThTFcW2ivj91AfmRXQjIwdy8kbf/AATX+Gng7xJ+03pNx8RdJXxBBHoWq64INUUXAbULeNpIrm8844mwSWKtwSOQe/jEvw/8NeDfDZ+zjEhjf7RqMp+eVwQWKZycElsHIJ5Gehrqvg98QLfwL4uh16DUI9GW30i6txqoY73jljIZCVxkuDgZJHPYnj6LAcL0qeAxDlzzxE6dr2vJzajq3qrJu/RLa90j5vH8U1sTjqMKajDDU5Wio3UIq60UUr97tp3b1a1Po/4wWel3/wARvGU1nYWVppn9r6nHbxadCkULWqTFYk2xhREOPurwOeByK8B1vxZoXhKPydPiGoai8Mim0tDuMbMfkErqPkVDywPUKfeuT8Y/F6+8RXd5b+HSbe0aZje6gx/fXJdyXkQNkjdkYOR1Hfpg6da2tvpsl6sZlmuUYyzS/PJLJk7vmO5gCCcEDAICgYxj7jLaKp0MPhppJU6UFKVtU1GOyb9597O6e+p+Z51WjGtVxXNJznVnyR5rayaS6uy20SvZJ2seJeK01PU5rrXdZugJ2v18q2HIhSRsEJlsBQpG7ndgegOeSmt5HlVFJCoGZcjllxuxkkYzxhTn5sgA549Y8Y2q/wBhXNy0Swq15GxDAbsbgSQAwIBxk+vJ6jA8lF81xNtSQYTI3gYJBCjBXp6FfusTzXoKthVKpTj0sly7va6b3XTXTr00MYQxUqFGpUjJXlqkre77rdtbRT/NXaauz2X4WfDnVvHUt1HpEUe2zkR7qaQ42xjn5c7RuIyCMHJHsAPW734KXVtb3Ut7MBDazxYaJBulO4h1LAcHJ5yDkDAbnit+zX4vsfDlxq9tKolkvWjzECAWQAkMpJBOWJyB69ga921DxLq3iK4u9K0DS5by9uLwMlnbRmY7t4MYdQCiBsjJ3BR94kgCviM2x+MwtStGNW1JQurNWS5brV3V+/b1uz9F4eyrB4mGGm6TqVajamrX1Vktk10T6u+6tt8pN4AsrX4izWrSLb2cdvbXb+ao2syEMEkDNxuyATgjucbsj6x1z9n/AEnxmdPvdDtvsto1mk2p63PtttF01UhUtPNcSFY8DBYhSxyOeea5fxd/wrT4Q6tL4q+MOsR614mmtYDp/wAPdEkSa9c7VCwavPE223jDbQVIDAHPsPEvFXxf+Ln7RCN4fsAPAvwt09VQaLozNaW726khIp5oyr31wVAD7uGOTyM58OPEmZSjQpYRNyScJ1ZX5ei0V/ee9nblut0fTYrhTKKcqtbHypxi7TVGLTqNKzV3tBNptrfsrXOh8W/Fr4Y/Be3l8JfB/TIfiF8Qx5iah4tuI2uNE0q4UlWbTYgrRzyo5LK2QcgMOpFfLfi2z+IvjCCPx78SNR1LU2nvYIorS9ncJGhkBAS1zsghCkKihc9Dwa+jfD3g7wz4XjitdMsEfytpu7u5QPcTyNglwz5bOST1BxgYxWt8aIILzwFp4sLRiZtUgUTKvzgrtVlKqQpXjAAAwDkcgVtCk5yeJxlSdbETUdX0bt0eybvoradWeJWzTklTwWXUo0sNFqPLBNXhBJW7ycktG76XsjzzR/EVlb2iwwoIYY4YUhgCqqgrGOgAUMMj35Iz2J6ax1e7vpJUR1jWSPlgmCAUGSQBweOc8kjBDAc8Fo3gnWL6a3t7CCe9uZHh/c26vLcAuAoQRKCc445wNzDkfNn7o8Dfs3xeFtEtPHPxg1+y8CeEokExsr+SMaxqYA3eVHa7hKNwJGAo3ggZySaWKzXBZdC9erGMtOWjDWpJtJ8qgpO/XrZWXXU5MJk+aZtif9mozcG0qlWcWoRT5dXJ2Ttduyu7paau/wA4eEfhP4v8c609n4e0W71GQlCblEMdjHkgb5pztUjJ5CkkDqeS1dj458A6N8HbvQ5/Fmp6brWu2+o293feHLadMwRwSIwtJ2iLvKs5UJ5YG47ugOa+k2+JHxH+KaSfDv8AZP8Ah/caP4cGLS98eX1obSIQA+VLfxSMo8ptpZg6sxbIAGcg/S37PX7CXhbwXr0Xiz4wX8nxN8eakPtUR1R3n02zmQb2ZIZCRMyvgxuygfKBgDmvzzN+Olh3VjOqqEFH3cNB8+ImnZJ1Fdqnv5bL0X6xw74ZVK8sPOUJ1p88OevJWowV1J2ck3NR8nd2W2qPMrPx7+1R+01oek+FvAHhu0+AHwjjtktpLzSbU6VeataoBHJceaqxz3LSrlirEElsA9SPa/ht+xr8Pfhs/wDahtJfGPimaRTdeJdfVryV5mw8sltHKZCkhYkqQeSRyTmvrT4l/EP4bfBzQZNR8beINE8L6Tptpsggkmht2dFXPlWVkhV2lBGAAi54BOSGP4wftD/8FXby5guvDHwH0k6ZbI0tvJ4y1mIG7mQBkMthaMMxkgMUl3HIIwAOv5hRqZ9xJWqQyzDPD4WUmp1XeMbNq7qVZO83ZX/RNpH7NX/1a4SoUXmGIp4nEwhFxoR5ZyXuqyhSV7aK3veb5r6H6PfFLxb8LPhfo13cePvFmleGrJIGaG2muYf7TvCIyojisoxuVgSNsbRjORk/eFfld8e/+Co3izU/Cdt8NvgtbSaDoemLLbnxVqRD6jcRBisdxpdq+1bNmQnDLk7h1HWvyg8b/EPxV4+1m58Q+LvEGpeINTuZneW61S6mnKlm3ZjjZtkaLyFCqMAYycba8y1HWV3bLeTzXYjDH7owOORgA5xgdW4B6E1+gZNwJgsLGlVzG2NxEZRn+8X7qM3bVQk3zLs5dPs6pH5vnniRmOOnWoZb/sOGs4R5ZL2zgrLVqyi2u3TbdHc+KPHuveJNXutZ8QaxqGt6teu0lzqWqXD3M7PJksVMhKqpJOAoHUjpmuDvfEAV2MUhmkYBA7fMMcg4BGBjsMYGeO+eSubi4u5W8yT5WONmCoJPIUAcggA8nvzmuj0XwrqGrugjjwgILSONqDPcDq2ASBj5s4I9a/QqNGlRhGNOEYxjFKKikorZKyWySttpoulz8yxGLr15ynVqOcpauU5OTe1223u93dP77mRJPd3c+GJaRhhUAJ25yBtUYHPqQMcdyMd14c8B3d+wlkjaNSQd8gwABwRju2Dxz3PfAHpegeCtK0iOO4uE+0zhvmZwGVSCM7AcgkZAzg7c/Wu7jOyFREsaIrYXACJt287GXhieh4ORkHPbsjRqTbV3ytK+mrSt3dkrWV9LW3PKrYvki/Z+/LRLS/ZJ2e6eyTb8+xD4T8MadoM1vKsSF1ljJZ0UkucdR/Cvy5J68cYxlodYvJV1/XGtH3rJcpuUDY33Qc5BHy9AM8dMAHGPe/hd8FfiB8TLtYvD2jXUtogWW51q8ia30y3jjAeRzO4WMlVBIOcEjJ61zfiL4e+BfCHiLXIPFnxD0yOa1v3hmjspUlklePCyRs0TMNwORjJAHOete3kssLRxEouceeMbO1rr4bpWTXfdaXutjy8fhcdisK5yhLkqTShzaR+y7q620drpab9GeEXFzeSOylyz53DeSRnIJwOCOeM9SeSCOBpRaTqd8PKtrW8nkk/efukdlxgHBOD2wec98/3a7a/+I/wY8OyyLo2k3/im5AKo7xt5bEA/NuK/Kc8jOcg4I4452b4/+Jtjw+GvB9rpSGMqk1xGr7FOQhIZQ2Rn+9jr6g19OsfBSlFQlUTT1Sunay0666Wb0vZu583HJLKMq1enF81+W8bq/LZ+raf5uxo2fw08W30kKxaVNDHMnEtwwiQ7QM53YAJPGTt5+XqTXVwfCe4tlSXVdW07TlGVcPdxGYLjaTtLZ6jdhhx82RkEV4XqPxA+MXiFdlz4gexiV3PlWhMQVTnGSPTdxyehHI5rmE0TxBqk2/WPEV/dfxyb7mU4B4wPnUMSOuNo796451q03aNGS0Wjula6ve/S9+m+p3Rw2CoWcqinJ2Tv2XLs/P8A4HU+lrrTvhNoof8AtHxdFdSwgBhC67QQcOrbCQSfu9SeeuOBxF/8S/g7pWttNaaI+s+XAI0KxmRZGUDDhmwcsRkknBJ4HFecW/grRVLvslu2wMmSUtg9WP3iTt6MScAjB9ByGvaRa2XiSCOyjjjBiVhEFG3gjIYnKk9wV6Ecc1yValeDjdqN5rS90to3dlZu1/J9bLf08NUw+qp02lbVp8q0SeiWu7ta7103ufQVz+0FMNieFvh/Z26KhWOa4iDt0GCwKkE4ORg/n8wHJ3fxP+LuuEiK5i0eFmDFLVEh2nGQvHzAjI69Dz6UW1sI7e3KFNwCAptCk/KAwOOGyc9Tg5HrUiJ5bsWLKu4biRwvJJ27Tyex3Z49RxWihOcrznK71tstUnoltqlv3SSMauLpU24xhHSS5rxT1bS6t6qy2W+5zFzYeM9edptZ8T3s7FiDH57bcE8nhgBjkLkAgng4Xi9ZfDrTnU3F9PdXnl4G4ysQ+RjPJbJz6gfNxnoa6+2ZFaQKrMdoC/KQQO7lQD+YPOR6ZG9ABbwupORlXlXhtqnB5GSQcHIwevHJrRYaFnNxc5K/xN2+zuna+ib81YweYVHLlV0rXVlo07PVaWvbS+uml9zi7bwVpURhW20+MFjnzpEB3ICcjkcd+MD684HQPo9raoMW6KuxVZfLUYI+XIIyQOnbBzyelb0l5bxRbjKgQEbELKpA75XJOODwOg7dqxr7WrJDuNxCzbAceYpCjIyBjIz1A49u9EqUYxUktLxTtGPXlt96btZNuydzL61UndN2btqr2drXTsm3Lf0um79FisbeBMbFAKhtxX5Q34A44zz0wOO2KEiblZBgnDLGoHQA598nGc47ZwO9Y9z4s0tBse8RDg42/NgDI4I7kjjdgnjtiqp8W6VsiMcjSNyqmJcZ7kHAOW5z9e1aqivdu76K1tG0+VO21tb9unnafbVLXk/d0Taerd4dNr2fXTW1lZnP+MJUju9IAj2AMAzKO4ZQ3TGT1578cYFfQGjPHLp9khdIka3QhmAAKgA8t2OfboONvNfKXjPXheXtnNBEy+TyA3ILdyRkg84HoPrW9ceI9ZmsLRFupI4zFGoiiLKFyMdR/eA6cdPqazot89SNtuV6PV/D7tlprfVva13bddNS06VNqSTdku+0d1bd3ev4Wsz6lW50iBJftF5bptB8p2kRlRc7uzdCc9jk8cHGJE1/QLk2kX2u2LRyL5e3GxsZBB+bGQemDt/IZ+UNNS/vXdB58rDg+Y0mwkrgnJOMZOQPoowK7TStEuLO+05Jnd1nnifyxkttXlgCORyM5zxjPPzEehgcNKrWjTUdZyUW97XcbXaWvXZXWq1PGx9ZUKVSbd4xhJ7dYuLv1872W+vp33ia6tzqbSxv5keXGwJwAMZI6jknj1yTgda5yK4tIZC8gf8Ae7dowOOCMgdRngA4424BJrtPE1lFHBFNsVJLhyq/dwyL90k8nP44BJPIOK89kty4kWTGDlI8Acg8H6c4z7YBJr67/V+FKdpq7aUtXtflls9dk+ml/kfDUeJKk0+RKzbcbNpWuu909rvpvYjvbuH7LNCiZLiQJxgsOjE8gEDqM55HevM5rhbaZ94Iw2FwgQMecYY7jk554OeMYzXon2NgzxseCwjVQD8oPfO35eNoXHUDAPSuY8RaOIZg21mUZw+c5IXLHBAzzyNwIUcZH3a8DMMDChVXkrWWlm7XT1W1na+l7XPq8qx08TBuTuno7NJN3WjaVlqn2VldvqodN1G1laNNki4XBGT97HBLfkMMf0wRieJEiSW2k25Uq7Fd5JI5x0JB56Z4Bzz6stpEhmnOcDaAOeSWOQfTn1x1BBxxTdcmSQwJ5RYiIx4JzkYUklsjjBYYA4HA9a8OtSjJKMVZtrVrv3srK/L+O9ldevTlOM+e6suaSfTdLR22bW/X5yt1XhjR5Lm1V4bWWZihdo9r5KnLDBAIJLdOmOMjkGvTtN8Ja3NYl7bTJ2flsmIKQDx2HOOcgjkjOB0r3T4ZaXY2nhnTJ47aJZG02Fpd0KOWVgwOSRksd3PGGGMmvRIo91wXRhHbgqHRUC5BAJIwAMdc54yefSv0vKOEqVTBUKtSbTqQjJpRWilytPW6a33X/B/I8945lh8fiMPRouXs6jg536pqLlZOzStr21PhHVPBHiqbWHsmsmSWSMSBmICBOoyPmAYYXOQeOeK3tO+EniWa2DXEsEQBI/1gLqmcMRjryD6dB24r6u1TR0uPFX2uJ2WE2KqQx+bLMV3BefY9OTzgda1YtBgVTDJJJtEgZBnliWBI6nGduGGcEHnnOPRpcJYaE5yk5TXO1ZvRJKNtlonokl6NPQ8urx1jJwp+zpqEuSLm792lpsrLe3f5nzZoXwis21b7Fqd40221S5Pl/LkZBKsV5GAOT0ByfSvVovhX4WsokFvYmd0Jb958ysMbiQdvXPUYwBkdzn0WPTba38TW85hVTJp7Rrtw2SgOCVzjbkZIOQADjjArvkt4VtosAKSxIYpnOcjHfI5wcnAOTgbQa9XC5Nl1Hmi6UG4ys3P3mtY2dpbrV9Ffpd2PFzLP8xrwi1XlBSjF+63G7bV9raO9r2W3Sx5DpHhTSLSBGg0uEEth1MIOBu7MRkdfx546Y7OLSY7cA29hCqO4BXyk7gD09859ffFdY1vGoKoqhw+/CgBUwARhQCSwwuQSeo2+tT+ZtkfdtG1Az71IDDqduD1xkZGTx0OcV7EKFChKMqdOkoqylJRUVZJNu1rp2T0vp53SPnq2MxeJgoSrVZyb0tJ2Uny6LW9u177eSOA1DSNsP7wIscshEqBMYXGCAQMj5SeSR1Azk5r4ln0W/wBa+L+taT4ZujbzmEFJ7eQo6Koy+6RcbR8pGSRg9Tzx2Xxd/aB1T7XqvhjwpELGG1lkgudRf/XO8b7X8r+JADwMndgc9jXD/s3XtxefEq6uZ5nmupNNkaWeQ5dnZ8ud55+bOO456cV+f5/m2Dx+Y4HAYWLbjioqpUtyxTSScY6Xb/vL8T9Y4TyXMsoynH5pjZaTwalRpTbnJpcsk5prljzK2m+10uv0boXgPxvoEEU82u3iPdYjdzcySEBeCXUk7Sx5zuXknAODXtmgW91bwRi5upb+RI2WWZyWHUlfL3be3AJ6HgYzztapdKLW3gjUMGeLdIVDFDhchT82emdowTy3OTgszCmUjZpihPyiPKkMAWBIAGd3A684wMYr38PhfYNRcrxsrNu9rcvMrtpXbdtnZOyvqn4GKzGeLXNKnGLbt7kUk9FZKyV9elrdNdC/BJIzCZQwXdGg3nOEA5XC8nHBO7Hfrk56yxhedDIv3S4LAALkD5cEAZK8jB5BB4BwQOZtoJJIhOC2HkAWJiFJCkDDZycjHDEENnjORjp7KSO3LCea2tWVCSJZFClSQVzyQGAxwTgkZ6jjplUoU4S9pVhB2VtUkrWurXeqSb1672Ry4XBYuvUTpUarUraqElpp0s1fyTta703dO8tzAkgkB3Ix2BQGJDbgOeRkEnBOM4AOSDnEETrGdhYMJFcKQCf95iSOMdMcDOOT1tal4p8LWby/bdftFEZJdYZUIC7SDncyHcV/hGc9mGRXketfHb4caJK6/wBow3JHyiJphHIwDfMCFByAQPmJJySQDwK8+lm2W0KrlLEwbvtGV22nHRR1en96yTV09zuxGQZxWSVPCyXNaKbVkrqL13Vt+uuzff2+1mdYlizvkYiUkISQeSS4JzxnaAO+Rhs5rVaa2UKis0rEgny1YbJDxubbuGCeACOCBkdx8Yaj+1dprXJg8N6LPfSIWCKts7I3UDM4VvMXA7gZHfNclefF743eL0MWh6HeWFvuGyS1sDANjEtjzWAzt42sVJBG7jAr0Z8Z4OnBwoYetiJW3jBavSytde7ayd07dFc8z/iHWYYmXPi8Zh8NTVneUrtX5dldXfX0ur6u/wBy66yQ6Jq6z3FvB5mlXpLyyxQsd8DbUAdg24DAHA4Oc4Jz8n/Ajx74a8FeBtVstc1SG0uJPEF9NFAD5jvG0zYcBQQCQMjPUH5R3rzuf4afGXxbFJd67rT21usEkkq3V6zOFSNpDGY1KryAAVOMHq2Ku/Bf9n+x+Ieh6jr2u+Iri1tbXVZdNNlZxkGbyXKNIWJBUk9Dt5HBOSK+Qx2b5tmub4B0MIqFWFOsqUaklZwkoubleyVrK1+u19397k/D2RZDkGZUsTjPrWHqVqMsROn0mtIwVuZPqtlbaydz2rVP2hPBVgXSKaS6fJ2/aHEMb7sNwy5PHBHCnBPrXCar+0ykqPHomnM828LE1tbS3rZ9GIGT1BAzwDjqMn3HTf2avhForJcDRZ9VuEXaX1K5adCeMPtY8cjnAGRgkAgZ9IsfCfhHw8qrpnh7RNPK7WVo7OElhxgbsEl+nHVic5wa9b+zs/rfx8dChGWyowbb2uk3ZPpqn3+XgVM24Rwyf1XKquInsvbStF25bN6vRWSV7aXa0ufD8HxP+MfiS4YaHoPiJ1lU7fJtHs4zu5Ll2AwowcAHIOcYzitZPA37Q3i1wZrcackgEbPql+XYKezRgjHXA5GOBnJGPtw6nbWzKqqIxsJEdvEsYUYxkiNBwffOOQM8YiTUknlVAjIBuwyscszYPO4kA5IUjGPlGOlb0+HY1EnicbjMQ09FzqEdeV6tJ6a6+8lfXXrzS4yVJKngctwmFjbfl52rcure2z0bX+R8haf+zZ45v2H/AAkXjqCyyWLx6fH5zYBGVDE9uc5OOMYyAB3Gm/sp+CF+fW9V1zXJBs4adrZGyRnIDDGTlgTgAHA9vo170F0QJg4wXABYc8fe6gnjPXIx6Gn/AGp5lZWYoVcKGHV8buBnA44JYEjPzE816NDh7Lqev1ZVGkmvaSc9LRUvjbSSfk9fJHBiOLM2rK31xUE9lQSp6OzteMU15vfXU800v4I/DXRti2PhawmZMjzNRxcyMRnHLY6D+LOOfYV2cOnaNpiRLp9hY2pQhBHbWkK7RkgEAoeOpxyxyMk4Bq/LdIrAMjEomRkEtkkhW5YdxkDklhkdcnHk3l4nPIYEnHDLuyMKoJAA44J4I5B4r1qGDoUIqNPDUaSbuuSMU94r7MUlrputX1Vz5rF5riq0XKrjMRWlezTqyknZq910W+l7KztpcvNdvK+wMxRSVc4C46kAIMAepzuwT93ABPzp+zZbib4nfFw4zl5DwSOl2WGR6YzngerZ5J97Hmo3lpKAZXbJPLjAGGyTjsQM98djx4b+y8k03xH+LsbHLwzOWYKA5X7WeMDH5A8H8Afks+lKOcZG4q6jiK1m9NfZWXLpu/PTz6H3HCV6uQcSybfNLC0byk29eeL7drOzs97aM+y7mCbyWkZ442RIwoVeZF4zgkcnI655x6kCsBjLDdxmQsD975jnIbHXjqQcgY6nuDkd1rEQntoo0O8pbouQoCggr8rEY564PTOeudrcvPZyK6b8mQhdiMATtGAylj2OA2Oh5YAFq9atVsnyycXdJptpNO22qt8m0na61Z4FGi0k9Gklq7a3t39Lpvq9OjMx7tywkViBFnPA7naCQCMjHU4PPAAqvPfFYSpIxLJhurHaMN9R7c46DB4FSzW5V/lzuJIK7QVyG6ck8EAYIGeQQc8Ux7dNpL7mfb9zGNzZHQnOAMH1OBgA5rmU5y5XdLmta7u+ia1flZrsrPsaU7KTtHms/estbaKzsmr9m35uxoWIE5BiZhHhRJuBV8EHAwepyOQcbt2CK1ssuEwSzAxrhVB2k/eAG7H4HPQBjWZbBbVRIzKEZMsZXVVO0fKfmYEYxjocgg571De65ptjGss+pWce0kyM0qF4weThVPcA8Akeh6GumeJoQg/a1acGkvtpaPlt1ta76dG0EcJicRU5aOGq1G1flhCUtLLootX0S21vaxq/OzRxxsNyOVO07dmTxgnGT2PU5xV1AoWRWZGIAQrtGSfXnPA4zj6cEV5Xf/FPwfp+Gk1BbjBZn8jDH143FQenc8kjHXFcXrX7Q/hTT4pZYZbGKY5dWurtEl2gchlXcCSw5B4IGeOGHmz4gymgl7XHUU4t/DPmadou1o3d9fta3XzPWwnCGe4t2hl9WKk17048iWi1akklv19EndM+jIrcjdINrMpbeh4LAHAAzg7e+SPu5OO9eI+M0Enx9+EqsoVf7Pvi20H7rKB8vAz8xI6HHoxBrxDUf2sUdJDYTxPIqsi/ZLFpzz/dZOTnI2nHPPBAIryy/wDjF468YeMNE13Q9K1LUtd0i2li00Lp0sRhiYAMwjIAJYYyx9eTXhY3jLKG6KourWVPE4epzcqScaVSE5W5tdVeztrs2fY5R4d5vh5VqtedGHtcJXoqm5uTTrUnFOVk0o3ktO13urHvHgvwV4c8U+DrS51OydL5ru4Q3UWBKiKRj5juyV4HXOPQirVl4Z+IvgO5e8+HPjbULXYzlbK4nY20iBWykscrMsg27xgAAddtb3wfu7VfCFrCL+3eb7dMz27OonKtt5KNtJz1Bzg57muz1C5SOYwmQRqWkOMMACIn4BUdOTyDjHXCmroZZgcXl1OVSNPndL4orllfljy3tv5tvW9tUVic2xuFzOrCM5ex9urQnrHlcoJpJ3WuyStt8z86G1nVj46e41ONX1N9buJL5o12pJdySZmaMDAUMecAEdwcGv1K/Y2+Lng3RNH13wrrPiCy0nWr/wARyTx22qn7LbvCwUExXL4XfgN6YPI7gflRqk+fHWpKTvaPX+CABxJOVbnOCCMDnkEnGTuA+6dE8NeHNV0OW3v9Os3eO8XFyqCK9iDwKflmT5gw656k9OTX59luXVsXjsRh8PV5KkHNJu/vcrjZO3rrpbqfd5pisJTy2jUxMeelL2TfK7NSdr2UrK13a1732e1v1L8S6jqDw3K6fpj6naarAY9PvbFxcwOUX5VjaMtuMoPfAwR2Nfl5+31pFzbWnw2S7sZ9Pvpba4Z7e4Xa5D9SFOcDLE98dCRyTr6RqfxV+H00E/w48e6h9jsWM0ehatO1xaqR/ABIXxnheCOPYYr5+/aW+OHxA+Js3hnTfiVodpZajoKTyWWp2IC/2hHJnBdR0UHOBu+UMD6k9GLw2bZfha+GxVO9Cc43nZtXi01717bq99+mh5WWYbLsTjsPjsDWTnThOMqTUea0o7O9npfzvfW12fUX/BOq+1DSfjb4Au9KnFrqNnp2ptDLGMureW2VIJxz05yOBkDHP9CXiXxd4x8Y2407xBrOoanZWwkH2aeQGJGclf3UZUjGTjnJAwemMfzcfsT+MPDPgn4peEfEniTUk0bS7XT7yO5u5V/dRSXMeyEvzgIzfKxPC9gMmv6IvD/jXw1r9hZahoeu6Tq1nIRI1xp88VxuR/mG9FZpMsDnoWxktjHPx+PjF1qdRRvOC5U9dNtpPTXZrXZ26pelmOGq1JvS8HFc0bN32Vtdk3q9E7eR+Xn/AAUl0U2Hwj0Ob7F9mRvEvlhjGEMgEQCglQpfjBOeOp46j89/gbpqy6Nr8jIzLDqGjM/zfMqm4jywONwIyOM5xyMAkn9Rf+CoGpw3/wAGNDjygih8VRmPBwzAxjdlT07E5BOAevQfm7+zvCJ9P8WBh+7NzbEj0WELJlRkZIxnGeMD0rsoY2o6CqufvxT1le3ucrW977rTTot94y2hTp05UVSi4Op/LZtys27JOy16O+15M/ot/Z8/4Ji65+0D8JtO+JHhH4hpo+oXcbC50jVbAtb26KdkS/aC4GZSNygggKcjAOK+Zv25v+Ce3xr/AGcvg/4x8T+Jp9B1rQLPSkkvNR0m9DSwCaQRRtNbY4DblBAOF9e5/cH9kW28c6V8GvDll4T8SNoej6n4d0TUreyktvOe5n+zwidmKkERly2GP8P+ySK8l/4KtWvxIuP2Tvibc+JdX03VNLi8PaYs0VpGY5E3XcYTocMQxUnIO3B4GMn88o+J+dLO6mU1MVGeFq13h+SpHVRclBKLsnomlron2sep/qxlkJUsXHDONWMoTvGUrNtp35dIp7aX9Xqfw8+D1mi8UeHoDE6bbl9rMDhlkiLZ5Xnk4HPfsMmv2Q+C+kNffDXTAYPNKT6gpJUZDJcOW+Ygg4684OQOhXFfmZpMVvN4p8NRNbx+ZHeWcIKptdxNCilQeAeuM4OCBk4Ga/e79hb9lnxD+0t4Q8b6N4LPiTTbv4a6bqesypY6dJd22q3yO0kelNIGAimmTJGc5B6ZAFfo2VcUZfktepPGzVGnOnGPM2lzNzglG234t63t3y4m4er5rgqMcKuaalFtbPlUU+um12728lufJmtWFtA6QhXUgMWJQHBCcqcZyM4HIz268V+MWqGP/hafjZ3KKP7U1TaR8q/fIIIGAAeMFeMgHGPvfsx400HxX4M8Q6npmvxy2l7Ff32nXOn3gK3NjPFK8UsU0ZPySLj5hn3681+LOvQOnxT8abyAV1TUwcn5T8z8Y4X7o+UnJyTzjkfSZpmeGzKhhMRh5RlFzu5Jqyi4x5b2et0tPud07nicKZdicuni4YiMm9I22UZRktr6elr7630S+3dP+F2s3nhXw14g8Ea5dQXF/pMJvdO1AmbTmYKSVi3BhHvwRgAZyc5AFeZ69o+p6T9sj8YeHdR0hlUu2taRG8towUgBnVRgDoSf4uegGa+z/g9G83w08KBmJRtO2oEwGDRnpjGRgYyc/Nzj1rrtWsYZrCb7RbtMCqL5c8azRSI2FIZGBG7jbkHuc8g19JhK7eHoyU2rUoxjZ6WtFNWXpez6eaPmcfj40sdXpVqCmlXkuZXhU5XZNtrSXpK/dWVj8TvGbWUnxCtG0/Um1K2NvbbZ5IzGzHeu9CjDO9f4uSB/P9CPBuiXGqeE7NY7ZfK8mdhKwGMMFIJYYxknr3I9yK+MvjlY2enfGz7PZ2MFnCZ7NfIt1WOP96cOVRQoQtyTgAZ5AGMj758O/Drxhq3hK017wV4nh0mSxT7HPoeoIZrDUY0VSgPIMb4yNwBxn8K8bKcQsPntesle6qqfLpdNJu13s9Xr1TTVtT6zMKFLGcPU6fMqUHGnLmktNocqbjtdXd9rb9T5q+JQ8S+FLyxFpLNaMkM8tpdW8rAxMA2djqQDwT8jAjBAUZ6fMHhPXL688arLf3TzzzPcyzSOwLyS7eZGP8RY4PODy2ScZH3X8WfDvjGbwo83inwzNp1/ZAzJf6YftmmyRD5Dhh/qd/Xb2zyw5avz28PW0kPjUIfMDobh3yMYByd2eBjgk8ce4BxyZ+/bY6FSMpck1BpTbaUnbpsmm9dPwVjbhuFPD4F0/tQS95STUo2jytyXxJW7X0t6/RPxT1Y6dH4BukuTFNDps8kbqA20MzZ3KMcn15AHJJxg+f8AiH4gXXibTEspLhLYIscbyRSuDMEznchJC5yM4VR6jgVe+M7OLLwBuVjv0CQgryNxYjJOSeCBwfX1xjwu0GwszIxb5iASeh7j/awARxwT7knwcUnSruMoQTtFaRSu0oXbeqWmu179Ee7SqzqU4xpSceayeslrp9m6Tu9Vomk790elaDuguIreN12Jf2M7OGDNhplGDnj6AZPBGOMD9OviI3m+EHtU1Ww0t7nSrBUa/lWNZ5FgU7YicfN82CRk4b61+Wnge5hvJrnTnt/30zQyR3Ib/VpBKrJyTxnqR6AdMmvuT9qlmHgbwi6FhjR9JmSSJmWTe0CI7NtIJOVJBHUEHHevIx2FVenCMZ/xKkWnutEla10k7dbO97vXQ9TBTqJTlPl92N007PdXvpo7Xu1o7rTv8gap4jllSXQpbWxFxb3sjNdQcPKqs37wkcFmCkq4ODnAOSKofDvnx/obAAK2uWXfJDNKBgAEFs+ucDPYcngGS4S6jNuJ3LADzWJ3Ank7iw6nvkKc9BnIrsfh/cxR+PdALKQF1ixEgJ5DCVM+xBJ6ZGScgHjHZhMLKjCFoxTbS0ttpfW9r2d36romzCvXrO+qV1pzX1drLyVkotpXT31s7/fvxgiZdT1byl4WxtWdx95SUXGOGIJ5J4zzznFfBlrdTNqd2kjSIqy3BBDlFLHONwLAEdc8AcABcV9ifHL4j6Fp3ivUdEdZbe7axspWmEe6Pb5aADjswGNx4yD6AH4+uAGu5riMFkupJZInTp82CN2OnJOcnPHUgDHmUqc44+uqkGoOaaklpLZ+Sav0td9L6I7FOc8Ph17VKUYJ1Frq3y8ul79bN+a9T6f/AGWGD+MLh9+W+y3UTEjO0CJyD05IJ4wBnAwAcY8q8SaXG/izxAXaMSNrN6VZgFUKZnyCSABkcfNnOMnpXo/7KB8rxjegA4ihuTJuOcAwkAE5xnIxnGQeTXJ6vZtc+KfEsjBiw1m72bzwwM8nzAcYBBPGOFJAzkmrz2bo0cNOMrOcWopeSje9tddX+PqZZFzlUVk5RavfVt2jr31/9K36nIagJYNOuI4mIDfKXRtoGGxgLzjceQScZIxkAFvoX9nKSWzsvEUnmKZV0jUkIIUKAbWVx1xnkkZGeBkkd/HNRswdKun8pgE+XCrwcnJJPHQjGSRyoz3I9t+AdpE9h4owjLImi3zAANyps5M8EjacgjJOOg9K87K6qqxmr7rVu7s21u7X0t66vodWMjKMoO1tU0r9bxbasr2vtrq331Pn/Trn7fqpQO8M/wBtnQSwnZGqs7ElsEg8kbuCeh47eh6RPdpqiwSyCdISI1Z+dwLfeDngnGAD8pGByDivGNKlaz1r5Ays+oy8HBG0TMCMHGOO49T9B7rpdpNFq8U11G3kTtE8JVfkVd6nqM4J6446D8LqpRktLvRN97W3t89dX2u3rcJe9TutHJJt77x+fnsnqfsn+wbDJH8fPhTkHf8A27oDgbRtRGngBLYJAZQR1wc43ZxX902oqTdyIB1ihJ3EDgwoS3YY5BHcAgjIFfxCfsQ2gtfjb8JpYk5n1bw+5Zs/da6h4yOTgAhvQZzwMn+4HURm5Ysu4iKHv6woAPU8ADJzxnJ7H8a46kvrUU7v4Pdvvur9O+rfd26M/c8tS/s7K9LctCppZ6+9Sluukr9dL6a6mVsPPI7AHAyQCepx6e1RKpXcDzk8DIPrgEqemQBtGM5HbkT7hnaRyMKD/sgAHkdckcEAZ7880DP7sbDj5gW2nlRxkDHUnP4AjBwCPz6PLdcqWlt3om+VNrTu7O1ndJt66elFJONnrZJLVXdleyVna76aJa81t6xi3AnGMjIwScHOWznqvGACB9OgpAhGVyBtG0BQcYzwMkE4PckHGDjGTVkbdvA2qc9yTzzlT79T268YPCbdo42nJ9sbe2R/tcc8gYADYBxV0le+r95tbWSWqTve71tdWvqtDTmtZb8vKt07axjHmW7un+D761ghOSQQNpIHqOobsOi8+gJOT1KEDKqFVcAAnOTyB+H5YweOeKs7WC5DAc5OODxyRjsBnjvx3IpjblYDcoDNg+pAHHXHPLDjPB6jmpjaSu09LrrqrK+m2/Vt2+8G7a39bLrf8NmvmQOn3uAdvcYPJAPTJ6noM44wMDIqEAjaFymMDPfJBBAwMHA4HOAc1ZcNjhSRuB3Y+YjjrwDkjHDYOOTxk1G3zdRyMjbgALnqB1zzk+gOcZ7TKNnePW2mui0sr76W1frq+kKfvatv+VLmbS93fV9r9UrJ6OyKbbjkcdSCCeGAPAGcYzkEnnjAHsEqSpweSSSTgKVAzkfNt4BHJBPp3qVoySSBnAJwAO59xgEdcfr6io4zgkZwemc49R6+gG0ZJwB3mMrb2t9/b16a7LW6QJpuz003dm3dbJO/dLq3a2uhEpyFJU8ZO0YIOOhIPbrweTg9KlVupG7JGSvBznj8CSMdMfw/3qcUZjlTknBPGD2wOO/b/wDWKXYVIwR1IAzjg8liTwSO2eDxjPWtYzd1Z2dr/da3rva/dMbS1te173tbTy17NrTS3TYcshTBG7JOMdD0z9G9QfcZ5zV/+0jLDJZ3kcN/aSKVe1v4YruCQMoBQxzq6/MDgggZ5+tZmDgrgAE9QDuGSOpAxsIzn5fXPenhcZAOcnBOc9ByPYdh1Hbrk10U8VXpa05uO2idl0TutE9r7fM56uFpVo+/CDV0r2Ssvcer5uvM9npa68vkP47/APBPf9kv9oeC8m8R+ALPwh4lu0kz4j8JxR2EpncH97cwRqVmG7aWVUUHkEAEAfgx+0r/AMEMfi54He+8Q/ArVYPiLocXmTxWNhiw16GIZcJ9gJY3MoxgEEAkY5r+qpTtwULAj5hzgBRjqCOvbqWxyMVahupYmWSGV42BPzRMwPfjg5xk8juOOlelSzdSXLiKV09HUptRnayfT3Zdej1XqzgeBrUpKWGqtWWkKnv03qtn8UL20SatbZ21/wA63xz8MPi58KtZutB8c+FdX02+tGkiuLPWdPuLG7RgxDDc6CLdknGHbjJI54462vLC43QXS3GnXPRVlUhQckBVYcFecHjgHPsf9Dj4n/Bj4RfG/R5dG+Kvw/8AD3iy1lR4kvrqwt01S2ZwQZYbyJUlEg3ZUyMSCuBkgY/Gf9oL/ghp4F8Trf6z8A/GC6TdOHli8KeKUM0LucsIbXUdw8heixkqSAcHIwa39nRrLnw9anU2ag2qVWO0rKMm4t7L3XfdaGlPHxpPkxdKpQk0k6mtWi17quqiSlBXuvejbVa21P5X59FUJuw0uWDRyBgy4HToMbe4weRjpjBy5tIiQ+Y6HDgKAuCBkkEgHGDgZz05xj1+3vjx+wv+0V+zlf3UPi7wRr1jYwyOsepQWk+peH7pFY4aG+hR0CsoJBKj0JwK+RZ5pbWQx6tps1rICV81Y2MYIJBLIQGQbc5UgFcEN2rmnKrT0kmmntJWlZKNo2drp6XafS+zPYpqjWhGdOUJrT3otOOtrXktdbarTu73ZxL2iWw2gooH8LJlyGHAB+pBz0A7c5qFrXDl8qoICnK5ABHPOcZGOWxjHHQE13I022vQZo5EnQrtXy8ZXHONuc+g54OeeTk5MmjL/q2jZUDHByckkNjdgg9fTqMAdRURxMHo21JSW+ml4u1t9rp3u9G72eg6U1ZcvNFO+jb3UUtVdtpLS2iV16csYsMZAI5MAKGxgHJwxHJBAz17njvTGts5LxEDjBUkgKc47cj15J+Y9eRXRjTxBuTGM84wWyc5ODnIGc5yOuexzQ1srkBgAfvHCMu/HOMZOB0HbPQNmqdZXjySvZ2/9J1eytrrbbWXVXHCNtYron7r2st1sm3o3zXvfXWxyv2dWXyzEQGBJZCByOvbIzznnq2OaqzWW5Gt1VJA65Ky4IAbhg27ORwPQDk55zXTXULMhKHLAbXVPk+U9CSSMHpySSOTnkisWWBlOd7NlTjBOQ3PG0c+3TPAIFdFDEyi1KM3GSatq09ErebdtXru773OerQU1yqOjs9UrK1nbrG2qstla76s861fwTpN6zSxp9juFUkPATtDDuVBXPvnA4PXtwd1o/iHSEeQAanZhmASRA7Bc5wVYZ4GOpJ7j291mhZyUQAOQGJYAkgdc55Oc4Gdp45yODk3UTFSXIwCAeRtHQnKg89MnHXvxX0uA4gxVGSjKftYKy5Kmtr2Sad7ry10tfqeLjMjw1ZOSj7ObtacFa7Vrtt2utddNH5XPnKSHSb55Y7mB9LuGJypBEfU8EcAc/h7dqoyeE53jJSMX0QYkNAVc7QTjIGCuMDOcYHHpXumoaJYagGNzBEw4zKqhHwOAcjucdQTkEYPeuNm8O3+myPcaJeSbfu+U+SGGd3IIIIwMcAA4PTivr8JnWGxEYRnelN20leSu1F3UkrpLopfj1+XxWUV8PdxTrRXWK1S93d97rTvd31aZ5fbw63psxGmXdxbKjAmCViy5PBBjcHOcYznvnjt1EHjGzYm18TaOG+UB77TyI50KkqpKbQGIJyWwxIwOAATpSa3bNL5HiKwaGTJXz7ePa2AcEkDrk5+bHOGPU1DceGLe/LSaHfW10uN+zzP3ygj7pBOcYGDnpkDkgmvWjspRmpwfV66NRTtJa20tqklpo9GeRKElo4ypyvu7rXR3urb7vXTbobWiywpdQap4Y1a31BraZZobK6YQ3kbq2dscLnc2Bj5lAIJyOcY/Qn4E/8ABTb9qD9nrSrbwp4V8Szv4bF8JzoWuq09nbvcgJKbSaQs0YEfoxXByAcYH5U3uiXFrdbp4JrO4ViRJb5UMV/iJXHHQ843ehHXSt/GHiC3As70wa1YRlf3F2qi4RFHCpNj5OG4YMTkdc818xxJwhw/xZg5ZfnuWYXMKDalGNelCUoytyqcJaSjJJ35oyT10Z7GVZ3mOUVI1cJiJJKUZSptXhLlt8cHzR11WqTsf1t+P/2x/wBkr46/s2Q3fxCGk2vxOay0yDVbSCFLbVo9Qu50Wa/sL2EBp4m3/NGwYAdeFBra0P8A4JwJH8M9H8cfAvxUmt6R4gtoNUPhzX5V866uLyBLlms9QjYkOd7RpCY1O7jIJ3D+VLw74q8M6jcw+Vqc2gXo2oLbV232BYY+XzjlQikFUDDgkEMpr76+C37bf7T37PNiB4S8f6ne+HVmWSCylmfWvD6RAD5EhYyNAPLwERSgXjHXj8JwnhJx94bU4Yvws4srwhRzHE4upk+bP2+Br4WrGCpYKmnGXso0ZKTjNNXT3TVz77GcWcNcV4dYHPsqpYepOME8XFXn7RN80k/ccYNtOKXMoa7pH6OeIvB/xA+GuoT6D4o0rV9BuJEmT7Drtu620iBSsrWl+4aF48AiMbvmXA25xnqf2fjHfeDvifZwX1rpOtW17FNbtcOts9ygbKJC5ZUcsBgMNxB+oJ6rwZ/wV6+Cvxk8C2Xgz9or4b2r3c1u8N9rVlCl/ZSXCLgT/Z9qXOnyyPyWErIuRhcfKPcfhl+yl8O/jX4O8QeMP2avi34Z17T9Uljnl8F6vfodR0u5liDC2XUN4khSJjtSIxuEYD5jj5vvMv8ApB47LqWHy3xW4bxnDmJp16MVm9ClPEZRiZqcOeUasXUdDbWM24uPXRo+NxHhjyxr4/hfMqGNw84zTw1SpFVKakkovmWvK0+VOUY+9a7elvCYdV1yznRNRhaQRRKTIm1iCT1Mq537uoJySAAeOv50/Ei0huf2xItUmjV7S5s7NJI2UEOJLVYgHUqRjzDjBJycjvz+hPjb4X/Gv4KXF1p/izQdWt44Dtimv7Se70i4Ctgm21NVbzEKgbCwA2jsBXwT8T57if40+HtffT1sLu8tLNmEfzwubWVWRnI5QOyjKsqkKScAnFf0hlPF/DXEmBwuYZBmOCx9GrKnOE8NWpVFyvl1fK201dXTs0lLS6VvyTF5BnOVYivQzHC1aLVObTqQaUnK1nGTXLJPdWeyumffEHhKPSzbRWx8uP8As6GVYQqiMFgGYKiDau3IOADx1xxn54+LGgMs2n39xZzJD/bdtGlwq/I6u6jbhQOSSWGeNpXGCcj2+y+Jdheuya5p8tpPHp9usU1oRJE7FF3EIpAIHfGeTnJ+XM/i6a31TQreTT7m0ureG+0+8kWcKu3bcRg4DEncoJBI+6SOfvEfW08Y40pU6t1SVTm5opO6fLvZ21fN1tdq694+eWHh9YhOKfPzW5Unu7LVXXrddlfVs+cNYjvdL1Oe7057m3azVQssUkiNl1DDent0IbIKggrjge/fDjxReW3h9zqiC/stTaNru3jYxzPLCP3bvj5XKkZztGeMjC4q34v8LxPeXdxf2v2T7TBbTxyW65tnR4wVYsMp8wyAScYIOelZug2yQwLAqB7aF3+zyxrwWGQu4+u0AnI6k44PPpVfqeY06b5ozhKkoqDsnGScL6b/APgSWrvoYQnicJOzUouU/dk00kuaPxXV0rc2j0dnrc29U1DQrvxdPDoN+Te3WmWtzf2+fKvIGC8hOfnVMYPIOO2eKyfGDWiaZoL69ZpcQWniSyuDqSp5d5DbNOiTO7KoYBYyxB6dcdefJtYszD8U7m5hM8MjaLA0MykqBIoAGQuCQecg5689WNelaz4u8zSX03X7NHVIYVgu0TG8bkyZkxklvUYPOQQcY8uvgmsK0mpJXjGztOHKoq61tquq6vrY9elVi69Od1eTi7PZ35U1a6utHbprujuP2gPguNFvbPx/8P4NR8TeCzp9jcXbeQJp7N54UIuFkjyzxhsl3XJU9c4NfGvgHxw/h3xhq0V2XmjutcspotxJIDyDcoLEHemTkE9c9MCvvDwl411nwfPYX3hnXPtGi3FlE1/4U15TdaVPGYdrRR7yVVDnhSvynOO+fhX45aVpFp4os/FNppyaNL4i8TwyXWn2J3Wdu4nVg1oFGFSQliUAA6AcYNeTlTzLDxlh8Z+8pqE1DEa806crR5aia0kouyabTSv2v6WNlhaqi6L5Z63g7JRcVG7SvdLS22+uuh93a9rvhfU4Hj1lbm60mGxu5Lu2AMVxGLmFNtxAMjzDGTnkkbQegwa27b4V+HY/CelT+F76ARXWg3F5fTpMtwlwqxySRLeRqw8mdVIQ5HytjOeQfK9YutEn8D6lqMGpaXcT6fopDwXLrFcI6WyYU7mBYkg5XtnkZyBs/Cjw1r/iPwfoep+EL+7Gp6ppMzX+j2gaVXtlV/Mlt0LsrAKpJAwccCo9hDDValXD154eMWpzpzb5KqvF66q1tkrW67GDk5UYQqU/aOTUIyjf3NI2vp7u1m76PRdUXf2XfCl34ke18Pw2Ed3cXmt6rb26qv7uTY54lZRvVRjO4qeg4xjHpXxw+DPhoeFIV8TRXek6xJ4+0/QhdWv72AD7SqkIwyN0aElt3IHTBYBsf9knxVffDX4xeFdRtb3T7qK01nVLfVNMvSiW7sSwkDqx2xzq42smA25TjBwRznxm+LvivxF8SdU0ddHvLbQ9T+K02qT2GTcxLbRyLIkun9fJQYJUIccgHrlvleI8wz2pmVGGAtHBQw/ta1To5KytZtJxW+vl8vq+G8LlNOhXlmNNzrSqxhBNpuMeWLbSWtnK9mle130u5vjr8MLfwBr8Ph21vLXUtPutA0zVLG6ikUy+VJGiOlwycGYsCSpIILAgEfMPHoPDAuZdONpczWt5AQ++JzFKvy5j37RiQEgAAqcg53AnB+s/jvP4Z8cajpEng1Fezg8GadBfC+cpPHq0LssiJM2cEsNpjYjIxnANeb2fg9tHk0Z7lpbK+u0QSQ3ZDwykKxQRSZwY2P3TzuX8q9zJM0lVyzDvHJfW1SSqebUrWin1bae7VurPMzHDUY42r9UlbD8yUEt4L3bpvZ3ekddum6PkLwxbeILO48SahOg1CwTxNeJeFV82UtGgAdhwMjgn+QOM2muYr7xxYXAVzHc6JOpCooAVGcspUgkMMc5BPAzjBx6X8MTo8t/4ts9aDRxHxdqW8xEncAm37uNpQkDO0Z28dCKyviR4Y8Pz/EvwtBot9/ZP2/SCI5Ld/wB1LdlisIliAwik48zJyU98ivXWMqxp06ai0r8ykk0r3V4tX6bXtbp3vyrD0pOcnNXS0VrtySh8W9nrp0tule7/AC4/b5bT49X8Az2LSfZBZXcMqyLgifLBwCcHaDk5GRgZ56H4N0S2DGW4AlMIQw7QpLbSu4uCOTlc4xk4GOByf0N/4KO+GdW8PR/DSPWriB7ljqaCe3UJFKAHKszqxDA4APygnHPofhz4NXOhW/iiJ/Fl3Enh1bWW01ENG0pja9TyIbqMDdn7O5DnkYA5BJGPic4xKjPE4mdO/JBykopXXLGKaUd2knflXVu3l9Pl1LTD0L2vJRU7q0G3HZNJpK70t57HX+A/tulvY69o+p3mn6vp9xcXGm6jFJJDPE1um9DEUKnIbowOMgZ6EV9yfBL/AIKl/HzwBpVr4L8fT2PxQ8CvrA/tHSvFttHfXT2+7bJFbTzpI8QkjyCAu4bslj/CfG39nXwz8Ifh58HNW8H+KI/ESeLvD+s6tqaTNG88MbebNbS2roxJiMO0MjhWRtwOQK/M62uk84xOrTKbyYgFPnLndtOeTj255ySCcgfkmYcP8L8eYWpPH5fSrxbnGFSVP2WLoTg1FuFVKNWlNSu4uMlbRn6Hh83zbh90o4fFS5XyucfjozXu6Om9OlttNNL6v+j218Of8E9P2ztNuNR0m8g/Z4+Id/bJPbaZfXCQaBPqOArA28mI5BPOeGDRgRtuUHv8LftB/wDBO/45/CjRJ/ENvpU/jfwTPeSPpPifwZIdT01LcZCy3NtbPJ5KsCHJ5IUjJ618d6f4I8ba5ongC90LwjrEtp4vmutK0e9tllT+0r+wlLOtvIpVh5LIScYbAPUkV97fCD9rL9oX9mn4fadd6t4jvbzwgdcufDz+D9dlGr2a6hZTEzrJb3IkaESBGiOR8pJbGen5xTyTj3gfFRlwdxDUzbLaFRtZFm9edVxhe/s6OLV6qVo2UanPbS7auj6upi8g4kwLWc5fRw2KnGN8bTgo2btq2lzJ3aevN6M/OmObxD4YsfsOqWDajbQvJDLZ30Bhubdc7X2+cBJgnJViOGGF6Vm/2L4Z8SW7w6PdGw1WVSX0y/cRupP8NvK64JJI2qB0yDnmv2duPj3+wJ+2DfXOl/GbwhcfArxtcWsUyeL9C2rpF7qzoBGbnyQscdu78yIFH1GM14Z8av8Agm34ls9ETxt8Hdb8P/FrwfHZi+tNR8J3cR1wQRklWezidpmEC7cghNzc4ya/Tci8dsDTrLL+OMqxPDuMcYw5sfTf1OpJOC/dY23sWndNKc4trofB5l4dV61qvDuKp5hSau6dNp1oNrWLjdJ7b+Xnp+PfjD4beNfDVpLqJ0t5rO3VpZLu3i3tbL6XTIAFV/4XbAJI6gjb5jp/inxJBE1mNWv4dLmeOOewklaW1aGRlD7YyThWJzx0zjPAJ+xte1Xx54JtNb0PxLPd2ai1a0vNI8RWEttcXEBG0KHmjyTEBtz8x465r5Vlt9PklElvdWskKziR7WF1xCGJYx5P3gO3QZB6mv0+GbZbmtKlj8ix9GvSqQ5r0akZxWzspQbi+zXyvqfLyyzMMvn9VzTDVKU6cmo+0g4t62Ts1dNNNO3otLH6b+E4LK2/YbuZoPLubiLxtLcRW8jDy1RVZllSPOUKFTkYPcnIr5a8MfEHRfEtjcaNd3Cw60+i6lHKChUSBY3WOOI4IZm2jI64yPlOSOy+H88w/Z98Q3VnqlwbJ/Ej2JsZXLQxiSKTeY0zgFsH5gRgZ4AyR8s+BIVj8QyzgBpoYbyEElchWMigYww2gMeOoGeORnvyTMcRhaeJpxlFwq1J+0UuV2bcbtXato991ta7Rz59l1LFzw1aTcfZ00lGL0suXldlZ2bS1tpay0ba1/2ZNTbRPGvihJJlTfaXEILPtUYkYBT6EA4Kk56fKcV9q+JdQSfwj4hzcxyxnw3qDARMpC7omyAQeccH39jX5T3ni3WPB/iTXn0NbZfOvpIZ0ueSVLMWIA2kE47ZAJ4GcA+/fDL4reIfEQ1Tw5qtraJpV34e1JvtkbBphIISdgYkbucljt44B4XFfUZXm1D6pVw0otVJRnGLtu5NNaJLda3d7a2R8ZjsorrEU63OuWm4Npu1lFx02s72Tvda3sdx+xSwPiDxwWlYgaVaKSBwuZ5sKxz6A8Afjivs74zXEA+Enj3aySf8U7LGm0gEnapAUZJPTsM8dPT89P2UvD99r2r+L1g1a+0qK0SJpW0+TbJdRrcTBEIGflUKwJOeCeCeK+y/iL4Ggs/hp461T+09YvxF4fmdftVwxg3KoGGU8OcgLyOvAOcZ+hy9VP7Dq+7FpKraWt+iV97eS7622v4mPw982oTlVUZJ0lyJN3attLRfg/kfNn7EC51jx+0jhUGlafkM6xp/HhdxYYHbIJIJHPOK+4dVuLebQtZ33cGY9KnCwiVCcbgdmdxLMQDj6D3J/PX9ljw5qevz+MDp88lvJb21iJgsxiSVHLBVfZ1C/wB7J6E5OcH6wuvhJ4lstF1fU5r6NEj06S5AMzuAgPULuwzHLY6kDuM0stjN5XUaSu4TvfXs7vfreyV99VqrXi4w/tGk3Np3hpZpWiotX6W1t0b1vdWv9N/Gz4neA5P2W7Dw7aa/Y33iCGw0SGSyhJNzbOsyl4yAvAUYADZyRnivlb4u6Q91efC20jNxIlzo2kX4bftZJrPZcYQLwC3C8Z5APA6XPiJ8H/7H+HB8RtrEsjGwsLxoJIi4klnMed3HzbV+6eoIyCSGrp/ilE9pqfwHlMflLeWujWivhiZEuIoVfbkY2kHAUHHVdvTHzWFhCljYQfvOUouSfS8ott9Gnv012S1t7uMmqmFnJSaSjK2iVvc7JtWbbV93bazbX1B8Y7TTvGfwC8RaX4gsjqCQ+FrW7ha6+ae1uraBGSSB2QurLx91gRgY4AFfmDcfsYa9r3g2y8W+BtYs9Ut/7Lhvb7TLl1guoZXUAwwuwHmMCFG3KknPXHP7OeJtBi1H4c+LI57f9xYeF7k9VwVW1U/d2rkZLFs5zkgjPB8V8D+Ctam+GvhrUfCd9BHDcLareaXdJ5MN6qTfON5IIYqCAU7gcDpX1+OybCYucVpGbptrlSurOKbT+J2b6pvd9D4XL87xeFVVJynD2tuV3aaSTbXdJrXld/U/AzX/AAj4i8N6he6VrGlX+n3Fmx85ZoXBXHIJ4K7WHKkkdcZycDBC3ACmFjFJGCPlbkqFB3EjOeOOeCOTz0/UXxYDdfFrxzp2qeHTqFvqCSae+m3EaTiBraDfK1vNt/hALIeCwyccAH498deBtK8O+K5DpVpcJpU9i9wbS8QiezldSCATgeWz/wCrypwuPlJzn5PMMjq4OkqkZc0NU3s0u979La266d7fY5Vm1PFyjCp7s5Ri0k3Zp2tJNXkrc2qa3v2PnwGTV7m3tBIqTLE4Z8YDYbB+Y4JHGSM57Hrxoz+G1jh8wXZZoFzsZR1AGCP9nPc9cgjnrlWA8rXnBXYyCYbSx6b+CAcEZwM5GTzg8DHZtGzDnAUqCcYJ5YEAHIOBgj14z6bvhJVarqyXM90r7XStq3vrbro9Lb3X2NKhSnT5pRu5JJWukl7ttOutklu9ddmek/s0aVpt18U9Ftdbs7TULW7juYPss33S/lybGxkEvkjHUAkDI4J/SfxB8AvBMsDS293qWlXckO9ViuGkgiLEFVEWPujgAcYBP+7X5l/BDVNM0f4s+Fr/AFO8XTbKG5k8y8m+5BkFVMhwAFY5GOBtORnAB/XM6pB4gR9Q0XXNI1mKNTGsttcx53dUG1m3MwAyBtOOfXj6rIMxlh6U4KuozdRbzaukorXV9npor69deDG5YqqjP6v7SCtG/LdJq127p669e+vVHypqvwN16w17R4tF16PU7gRyywpdKIv3eCRlsk5A+X5gDzuwQeGXvhjxnojxxajo13IQSWuLRWkj4IIJG7p8vGTkcAHjA+iA2sSeM9D86Cd2+xTDekDeTHtOMSY4YFRgMDj5Rnj5h6zPaXHkpJNaTnag2OIW2E5GcjaRzwM8kckH1+koZpVp88vaOfO1Jp9dlvFvWytve26Z4eKyehiIxi4Om4r3bXSs2rPs3s3pZq19Nvz117UIodO1GKVZ4Jcwh1nikjO4OvALLgkntyfXhq6zw7qFqs8DSjzM2kTK6sGG3Yc5IORxyMj5vbPH1T4l8IaHq2nXK31haSmZoi0csKlxuIXcSqptA6ZOOoAPY8Vqfwe8NlUW0judPmNsuJbZjJEwIHOwEsBngISeDkHit45vDn550l8KStd9r817a26pNdjzFkLppOlU5ne9mna9ktt3rpquVN3PF9XvoXjj8oqo81iqEEE5bjByQAApJ55HUnjPK+HroQat4iLnlpoCxAAUkJ8pJwMEMAM5HocA8ew3fwV1YQwtp2vw3DGQiOK5TY5J6KS2eVyRxjJHBxg155H8O/GujajrW/S5LzzJIQ0lrJ5q5xy2QMgnH3QTgDgjJx0yxNGc8NLmcfhcouycY2jol2vZX0+7U44YHF0lWTg3dWVk3omndJ7LV2s93o0WnuijK24EylsE9QcZAOMk4A44II4yB15rxA7NeeHDtyp1Ddt+8hOTweqk8NwAPQ4zWlNb6haTFL+xvbYw7yWmgdhuVSdrEgg8dCOV5wBjNc/q13HLLoTKcFb7Gc4IyQMkcFVPOB06gjqS8bWVShJRalHnjyx0vq4Jtq2t3rZaajwkatHER5lKMuWVnZqzst27LdPve/yO1vdM0nU0cahpdhcqWYfPBGTjhTkhQQDk8joCecnjzTxV8KvAs+mXl9b6T9iuo4AyPaSGNQ5I+YLhgcAH0xyCTkE+nRSZWQM4AxnkDGCAQMg9en0A259KOtTRPo2oIdpXYgGCAMZz0zyDk9c7mA9AK8vE4LB16PLVw1Ko+Vu8qcd7rRSSTs/vbWp6VHMcVRqXp1qid1tJtO3LpvbWySdtn3ba8JT4D3KwJe6D4nmtJZYI5kin3KQxGQvmKyFcYIyMklsbcHiazP7Qvw7kU+HvFGrmOHEkaafqMjo+0ZRTDIz5BxyDgEcbs19GaUN9rbqgcILS36kcYAB4PJxxkdcZ5xUd/uF7CqSYBKSE7sE/d+XO7nuevYjkkk+NiODssrR56XtMLUtF3pydm21rZv5XVuh61HinMaEmnNVUmlad27O3VNaX676I838Kfts/tAeD57mHX9Ni1yPz1W9a8sStwCu0ESzqSFYAA49Nueen0T4Y/wCChvhu5lCeNfBN1ZM4XfPYXDTKMjG4RMBgMDkjGdox91a8a8M20c1x4l+0xQTKdYYMJolkyuxT91lGVzjKnHI6DFVNb+HnhbWZHlutHt1UmQ+bbL5T8cqcAAA5zk4xz2JJbyFwpmVK08LmMZRTfLCrHdJqybV92ne6t6nuQ4twklGOKwik7q8qba3Su7LV6a2Td9dFY+7tE/aV/Z28cXGkbdfs9JuTKxMGsxm0Kh1xjcchip5zjHbPavabXSfAXiZDceHdf0S+3OxT7BqMDErIRtKxls5AONuMkc4B4H4q6v8ABrRpLzTRpl3c2ct1dNbR+aA6RKFD5GQSDkgDvjuejMPwy+I3haY3Ph/xDcFopSyPZX09pNtQ5U7N5VmUdRgDnHbJ4MRhuIMI5c1L26i9XTaeyinZLfv1a3SWx6lDMclxUIe86Skk7TdrW5N31131v10tr+1WvfDu4t9OM8cIurdLiISCWJcJECNzLIhYNx2JPtzisW78ARPZR3BsXW1nzzAA4OV2KWBG9cAYxyeAOMgV+VOm/tB/tK/D+3+yTa5rN7pyCMPBqafbrZ9r5WMsVVsMAo5bJOFAzivf/CX/AAUQ8SafbW9h458F6dfxQ7EaS0VrCYKCMsFKkO2OeAo547VwrOq1CahjaVWnZrWUWrfDe6a00/HXqepHBYavTbw06NVNXShJPT3Vs7a3aa22stj3W88A6NpHxL+Dd9JpkiqnxI8OG5u5ovLSOManbsJJWAC7UX95h25AyTX0r/wW10DR7z4vaFrOlWtikWp/DKylk1TTfKe31Ga2eOFEeWE7C6oAoBIIClSMg7vnvTf2svgF8WrnSdK12W88NkXEDlLwBYIZQwVJUuk+aKRGIcSDlTjABznY+Nnwy1D4i6dAfDnjKXx54V0/TbhNLaDUDqd3pySt5piOS0rIx/h/gHRRk1hi6tHHV416M4tOHLKCdr6JptN3fW9k9dLJ6BRp1sKnCVGUE5RUZNOzuoqySXLey8tT84P2fdEh1b4oeCdHGn3V59stdaja2hVmkmlTTZ5I1VOu3dgnsME4IxnS+KlpBqHiaW5uNPk09YLI2Mdq0Xlss+n7oJGdQByrBshVUtyxJA59I+EF3F8GvjZ8O/Fer2t5d2HhjVbg6nbxweVcNDLGYGiKOMdHJbgk42k4GKX47Rv498W6r4j0e0ljs9S1fVrywgUqjizuJWljEojOFlXOMY+YA5Gc5+fxNN061nH3VHW6s94v/LS+kkm1sdtKq1GSez5LRkrXSto3e6s+i3a7LX5e17w5bXFjoc62zCO6heNpTCUEkqsF4bADFcfM/TpgdccfJoN/ol3IXjka3DYUDDAZGQOhHC8c8YyOg5+kz4osp/D/AIV8JeKdGksf+Ef1D7X/AGrGgElxZGcGSCRBhuQMsSTkDqBgjpvGOl+CtT1Szm8LzC60+9tZJJtiAwpcKqrHBtJID4LZGCM5II5J4ZpzfKk3a9m+julvtJu0lbTe/Sx20ZuMebm5Lu6aatfSytezjrblaVk9tzwDwN8TvG3w41OHWPBniHUtKO799axzs9tKobDRz2rFkMTYKlQBgAgdK+7vCX7XHgr4iNpmi/FPRbPw7qm0RDxTpyhIJpCNgku0CgR4JyxIIHTqd1fFFt4BTWNXubdGNo9sLlY1XJEkiZKqR/CSAWI6k+x55K78OT20k8V4pLJv3mNDhdpYJIRj+Icse46nI4VLEYvAy5qcpTg7Xi3zK143TTvbt97T3FKOHxWlWCUpWu29Lvl5mn0fS2tnfpt+nfiz4KaP4u0qbU9HurHxBpbBprTW9LeOdwrcosixkttA4bgHpyTivjPXfhlrXhu+jw0geEyujMDGHi3EBo8gqxwTheW7e9ee/Dn4u+Pvhlcl/CmvXEdsXJn0i4kaawuo92XVreTIAcHGVxhS2QqkZ+/vAfx9+Dfxqsrbwt8QNKh8F+JHUINULgadPKwAR4p/lFuzOc+XyDkgEEHPr0Myw+LfLWXsKt0018MneOi7a21bW70Whz1splSS9lecZK+l7xs02rK2iV/K/RK9vjlItVVvshhmjS5tQJHbBZz13DOOCBk85yPpWvJqUI0u003YwMc8M8sgRsD59sgJ7EFehP8AwHqa+vfiD8BtZ8N2tvrPh6SDxR4faJjDdWW2eZI25Td5ZcOm3q+dxPbOcX/A/wAPPBuqfsnftNanc2Vu/jnQNZ8EXejF8fbrKye4uF1BrTcA4U/L54UEDjOeozzOp9WpQqqLmpTjF7P3ZWvK+qtrfTo99rc+FozVSUJ80dPdem9o2im+712vb0aPjjXdM07WpZZ5RGYhHFDDOmd8bMOHfkk7TglsKOSACRzwmpeG7rT5mlt8zRxohWRFIcANyzdG9B2Ixnj5RWtqq6hphXeZVjaKzYCaNhHcIyqSRgbcjK7iRkHPXJrurPUrGbV7NJwAktiEmi8oFEc4wpwQHydx3YJwfqK8ivGjiEnFWm1fa26WzVtn3Wt+zuethsTUoNxk243s7rRO6u03d+iS7OzZq/CH9oD4lfCPUoptE1qW70d2T7Xo1/IZ7SaMkb0UMSUbbnb0VckngV+mHgj4w/Bf9oqIaL4iFp4Z8SyWpjFvqMiQpNcY62V4w24JJUIxOcjpkGvzEHgeLX/7Ql03Zbz2kmyODPyyK3zlyM4Gc7l7EDGe1cJLp91otyUmWaJozvWWJmVo3VuHilRgyYKDucf3SMZijjsVgnBTX1igndwmk9PdulJPp5fO9kjsrYbC45c0f3NWTT54tLXS97WTXe1tb7ux+lvj/wDZz1vQnkk06J9X0kziZJbZRJdW0YP7shkJDR7QCHXg9BknFe//ALFN3rfiL9pfwzpniW4udRex8G69o9rczMzXFva/YpY4oxuAZTHkADsRjpiviX4DftYeNfAB+weKmbxl4bjiWJYL6QSX1rDxxDLIGLBUzhGz90gkDiv1P/Zk+IfwA8Q/Ezwt8VPDGoQadr9mJ7bVtDLpaXsqX8YjlU2zlRJs3E7xguMHBH3feyvMcBiMVh6lKSpVIVqbqUKkrRavFXV27pN77q+1nY8HM8uxuHwleEqbqxnRqezrU05L4LJT35W9r6dNe/tv7P8AoHjn9mWJvCHjXWZdb0TxR8UtR1j4aw3AWVANSvna70yW5d828qI5dISMEkAc9PA/+CoN/L4s+Jng6yiVYZLTw/OXsJfuxNJIwYxkZ4B+U7ARuG7+7X6k+MfA/hLxxceGL3U4xcaRY67/AG9Yskvk3emXj7TbzQYc7ckLuK/K2T9R+TH/AAUT0i807x94c1KC/aeX+zHRGmOZkt/tRK7zgb8rnc23hskdcH7PN6UVlVWpdStUppON/glKNtX8SV04t91o+nwGXztiowcJJyg+ZNLSUIxs1J6rS+m2uvc/ObwLY3ek37G4hEsEa3iyuQfMhQxMFXJxnPUfwn34B1LvT0abT4riziksmSd4BJtMi+dIe+B8/IJGM4xkA8102i+IrF2MTIHneGSKYNEoDOVYFg4OMfxdM8Y4rauoNOMMJlJnhWFSjZASP5gTtwQQVPygFuR1znI/OMZyKdJrS27Ts18Nlp3tq7Oztbc+xwClyVk2m1JJN63Vo3XX77vsmkd58KvDcxnuLLT0+0wJb2srLIxHk5nRtsa+oIAK+hJHav7cfgTFt+CnwuU9U8H6VGwxt5SziJAx+SjHt35/io8A6n9mkf8AsqRooRd6Zbs4yCoknjDRsM9GBZTyB0GDiv7W/gS2/wCC/wANWOCf+EZ08EgDqLeEMeCc4ycenSvHfM8VWbbkvYpap30lBq19WrN7a2XY9fMHGOVYJK2mKk3bW7sr23vtbzura7enFF+Y4IOdwBwQT05IwSCMnAzk4OODmMpypBwDgnHQZXgMMnB6becdhxwJX4+93+YdyOvJXjnp0I5OBnimEMSMDgZB7HsCR2GAd2OuOneiS00UtbW8vhSVvPZ9bq+2q8mL0XRaaX6aWena+m70u0MAyRxn1A6jgZGR6YwenQnjmnrgAZUFsEc+g7Drk9Og5O7knDUgTb3Gee5HJwAMdcDpntx7YXLDcehGDjaDyCSRkD5QAQefcZHOZSk3/S89Lbb9FpfWwN6WVr7JejW6Xy1XbXqPSMNydzZG7kY9eB1HHHXsD0NOWEkdCd3THPAGBxjnpnHYn0HDY5fvZ7AMcc8AsOmeMdSSPXjqatK4UduucjHPqVHoRkH0B5OOuqTv5Rtp3Wl1t28u70Whk3KN7+l77e6r26/Pp57uLyvvAjaTxkEDIPDKegbj6huMgg0CPcMAA5Bz68gAgBsgdBwc5z2qZmUHBxkdAQc8+5yOuMg5wOSMjAh8zAIY5HQ4GOg5yfT3Pv64rbmSSuvLezW27tfbtpt3sNc0kndq2nr5ve/4a/O67dhyWBBAGcEjPQnIPU4wemcE7SaeBhsdAOSMDkYAJxuHA57gHOOQMVAzncvYbuo5Ydf4hjgZz9ckZGRSAgBSMHuDu6gHkjPDE+nb1AwA07K9/hVtXrdWV7JLq1rZvvre47ppX+b2Wyb1fls73bVrPV21nDNsXOQAS3TrkdOenb0GTginqVz1JJIwDySD6ZzjkHr1/ECqe9QQWGSSQQOAWboPp/EQOPp2erHCklfvdOh+XoB+Bx9O3FTKbik2lZ2suZXTaVru1kmnfXa6TYKMVvbWy36vlf8A5M9d1uurL4X5lJHOctgjjsCOwA6ZJ54FOEaqMdVGFJA5HGD7H0UfKCRnI61VMhYHkHAx3AzjOSc9umCD0yRjkPE/ygDHHXBKnHTOeSO46bsemBVKUntZK+t276pX6Lo7NWtdNPdmNSL5lrouXdXSuluu6eiurJ7PvZAAYjac454yfpgn5Qe5A4PT0CnYBjA68g43YJ5HYHd1J9cDvUCuzbeCckDpkknHA6cYYhuemTjNP3A56ZXhiVIxg8AdCQR831P4s4uW77ctm9F8LfSzul717b30epFpaK2isrK3vNWvfa7aTtutOrsiXCow4LZGBn0yDgKcgH+fPHWomGzJwSc5Bcc4ODjjGB/UVKoIJKkFcH1OMDPOM9Bg5GM8+oJUksONvOc5wMDn5sZJyD0XGMfMTjiq5lFaSbT/AJVHdWWr9226vdK+91zJBrFxfxJX92y26q+q2TvrfV37Ee4gADoeT64PuT0I6ZAAwOSRyEY4Gc9AMFif1HPv3z3yMKQWzzhRnoMN6Dqx9RnGSDz1pASBggjqMnnPQDkYBDEYzzz2HOGqkN21ZtKzV+V25td7t2eqtvqnqwSi9LtLTW/Le6j80nd66demxkAHIH3hy3G3BGMZPUEemDnggihAzDk5OTnGcdSRnPPA3DBz83de6qrNjBBGOOeWx1HIxjOcEfxDnrgODHkHHI54B/E4546Y/EjjltpW5ba91o4rlVtd/W+i36FWdla6albva9ua6fRq2qSV9nZiMgAzknkdD2PQ/Tjnp1455p464GORwM4JByCDnOcfXAIHTtGMltysT1HJ4AHU49Bg4JzjvnugfkMrAkdjxjA6EHGexU5Gfu96cZJ2enldX7NK90/Tb5vUztUau0n1unp0Sbb7re21ru+7ucYBIwowMdsAHr6LnjGeR65AFTU2MVjPJkgrGW+XPcc49weWBxjvkmntISDluMgY6ZzghQAO2OB1PGd3eK7InsLqMfNvjJC4blVGCeOCc4+o4Oc4qpScYSkk243V9L38tlotb2sk1fXUV4qpCLvZThfRN7xurdtW79tr7HyL491iaET7DtZdxALMOhAHHTnHAOTmvi/xx4jjlMxuycwndHKshWaFuWV43ADAq2DjIyOxBr68+I0bJHefLl0D/uzjkEtgddwwM/73XpkV+cXxXvXtxcRhyASRsLbQN2chf4juJILE8DuSM1ng8VCcWm1ZK19lpZbb32avufVwwrnGnJJWkovlfxPSNut9Lq+3TyOh0j9rnxb8NHW08UxSeM/AwYq1xGTJqWnIx25P3mkjjXPIBKgDBxSfEvxH8AP2i/B2sW6appGu6ff2pe40O9aFL60d1w5UyFXhkiLcbCDuBHGVr84fHnxEk8PQ3kpkRkCStNbzENG8XdSOgJXII69Tu4FfmX47+JU13rmp33hW+u9ASZ3JjsLqSBCy8uFCMFw5+owATk14GaZRTxleDjXlCfMpqpFu8Je7ZKzT9LWd+l729jB0Y4aMqsYKF0lOnf3aistGtr8ru2l/meZftlfssaL8M9e1DV/h7rUGs+GZ7maRtLadH1DSnVssuFbLQjOFYAgj+7jFfnbNbSq5RgVVATkKytlQBsYYywyNpPfoQK+u/F/inXdXnne71G4uRNG0c7zSSO7KOP3m4kEcHnr7HPHgWpadFcMw/wBTcLkxyBSEdR6tjoc45PXJz1FfS4F1KFCnSq15VpRSj7Vx5Zcui1Tum7bvTVXtseHjYUKtWVSlS9mm9Y6NJ3TVr7XTbVnfdo4ZUZmyTltgwuduFUHIcZxkAAj3GDwKkAOGV85JzxknC5wOmck/3eoHfob09rLaFlmBDYwWO0owIwMHHBOCeTyFx/FVSQvgqQFLKCFKkEKevoSRzjocdulehGq07yd23dy5ujSTVldPq90tXtrbhjQVndSd7Na22tq/kle6emu7KzbgGBKkkBsZO4jdwc5GAMevI45wBQFKsSxZm3bgc5IcjsORjLDBGCcDkEcNIyQx3BQg3E7jkDoMgDPK5AHQbgT3EDMTvVguSwIAPOMDpgg4wAOeTj14O8aqXVWSWl9Nk9PPyX3bGc8PFxaTS92z0vdpRvq3s29eurtfS1nzvLdQCMYb7oByckbs5PzEcEYHI29gajWXc2VYkLkDJHzHJ6jnaSeO/J4HYwtIQvscEFlDEtnDbfx6ZPzc5/vCJ9vCjl2BOGyvJIJOM4AOMc8qe+K6qddJ3vbZq/butdOu3lZpbcToaK8b26Wd9bWtb5K1krJJaWL0d26nLEAJmTZuyw5xxnGMEEcZyR0ya07W7V94+ckgEtyDgYbIB6Eg8HgnqAQMVzRdiu18DIyODu44AyOvQDcMnoDjBqWKbDKEZgxXZgHHGAeT0xjjkY7jHNehRr2aettE9dtnZXvpqk7J9Frqcs8OnpFJbXeyd7Prqlr0vfuej2MqYUEsGCjByCMZ/iGOcjq3JBzgdK9M8Pau9o0M0E7wvHhxiQjlSdpBBI7AfNjIA+teBW1/KrD5gNgwRkhgR/CQT6DBJBGOQccDqLDVZOAzhTwFGRznJI3Ejj0x0PYjaa9fD4mnb3nurNPo7rS19pPy6HlYihO/Lt1dlpo1o0k29rWel+25+jfw0+Nz+ELcXUF3eWutFleK/s5TC4JxwzRkblJ4wwxwcE4r7Z8Bf8FHfiL4flht7+7t9ZtkjWLF6cShFAA3SlgDyBy2MkfhX4f6f4lZUEbuylsKVB3bCoB6kbeCcgjkdDXS2/iQEFWlYkABTu4weoPBUk44+b7xOCc5ropUMDVfNKLUm7tXt/LtZvls3rpbdWaPIxWCnW0dNO1o6LWyaTWlmu1la33J/wBIPhP/AIKiWqySR634be2RlAM+n32Q7AD59gXADNz3HQYHSvpTwn/wUp+DHiiG1stTvrjw9qDyCLz7xCYlI5ZpJieF7kEEAgc55r+UC38TSKR/pL4TAVRKS+BjAwMggHpjg5zyc1qp40mIKNO7fNtUFsAYPUkHJ7c4UgEHg8V0U8DhZSvCvOGz1krJrl9270Wyts3tvY8KrlM2uVJpOyd290o6JW766bq2x/Y3f/FD4OfFzw9Lo154q8J67bX0LRXEZvLaKfy5gcMvmNuEignn7wIAxuxj8Sf2p/gnp/wu1ufXfBepW+p+C7m7ZGjFzHNLp08pJEYZZX8yEkZD4xwB82efy+0r4gX9vL+71O6tmBCo0F1NDyAV+bYw6YOG5JHQZFdi3j6+1u2TTLvxBqUoZwpt7u+lltpH3AxsQ8jKxHYnnnAwea+jyaWLweIXs8ZGVJtc9OVl7qS23tKzWunTTt5OIyXZyo6xWkkne9o20V9L9Ur76JWt61bziUM2VGSGXOcDd1PfBzk98DsTWzbhiuQygKBj5uMdCAMkkg5zjnqOR93y2wvLi1kWG5yGwFRwS6uoHJ3jIIOTjnpnpnFd/p9wJVQgAlQp4/iJHU+3GMfKDjPy81928beClzrW97NXvdXeltWvno9O3HSy2anblaWi2SvtqrW109W0r62RruSVx97sQozlQD85B9c84zz0HJpY4m4IAwwUEZOQo5YdBtxjPHIxz0JpDlgJBhcORg8hT2J25yc9uRjngZqxFG6sp+VlIAGV3ZKr0JIO309TwOuBXzmNxKdZNu+yet+105bLfmenfW7Pr8Bh5U6NlbR6qz6OK3v3tr67pEksO2MkN8pXCnoRjkY2jrjOM84A5Bwa5J3SLUpIZHGx9s0L4OC+3lSc4OR1wOSQTg4rtXUhCx+6VwygDI3Z5PPXqOOg5yOlcNq1sY7hJQhYRvkEnBCEKWBBHYdCcHgrjH3eCWJg5Wu7NWetrK0d9dLu2uivsehToz0f4PquZa2bWiVltrZfPvNKnUiFZACQVChjtyeCQG9hyCAexFeqaW5t3E0DBk2qXU4OAoycD5iHPJwACedoznHh2l3igIWckFRsLD0wAgYhiCMjHIPOQMLXqvh+7DqpHDEhnRjwSF4IPTpkEHkgE57B4aslPRtXe0ur0a6fLW99WrDxFByTvdNWfN32uutrJ21Xn3Ppzwn4nsr/AE86XeyRXMbxMUSbaWVMYdckncVG7I645xiua1fR7G0uGilXz9HuZA0EsaFZLWUAESJIvzRSRnlWUoQRkMMCvHhcyabqMfkyNEkzGS1m5AExwTFJ93CuQcA++ABkD2Xwdq41tZrLUE5KjztxyA2dvmIMc+oxjAOSByK68RgI4ulOPuv4nFq2j91Xu9U9Vda6adkctLF1MLUhduMW7NO7vdrq7pX9H5Lc8S/ac/ZG8Lftb+CF0/Ubu00z4v6BZOPh58SGjiSbWo4U3QeFvFcqhftUUhAitLyU+ZC23JJG4/kb+z7+1j8Wv2K/iFqPwH/aF0LUb3wVaag1hrfhvWleWbR0aTy49X0GWZX8yyaMieJoSVZCo5ORX9CtjptxodyIJWkn0y4kUwTiQlY242ndnMbKFXawIxgYIHzDzD9qr9i74cftn+DI9I8QGz8M/F7R7Nx4D+IiLGhvSqM0Gi+IXUA3NtMxWOOWQt5YIOWAIr4TF5disBW9vRV+Rtzi7yhUirdLpO+qbs2rN3VrH0NOvhsXBKUkpySUWtLPR3vfRp3aa1WvTU7HwifhD478L2fj/wAHLoXiXwlqWjXUtnqenQxXEkEssBf7LqcStutriLOwGQKCy5yT1l8BaV+zzr9xDa6looF4dHjYRWtuiqdUTUPJCXDM3zF4xlY+VOenJA/nE8AfEb9o7/gmn8adU+G3xK0PVP8AhFri4Nt4l8IX5lbQ/EejvJs/tfw5PJ+4Z2hYzRtDjqFYADJ/VzSo/DXxI0S0+MnwI8XXd74I1RoLnUtDt7gy6t4Z1ONxcT2GoQITPDGG3JFK6BSBu67hXj5rhKeY0HjMC3Tr04/v8ItOVpRj7SC3lFbuC63bufQ5HjXhq0cHjI86biqWIlr7SNopU5trSe3LJJqa/vaH6DeNdE8F6d498aWHgqya0sNO8O2d+0akeWLz7GkUuxQcKFJIIwPmyACF5/FD9siwg1W2iXTtOkmupdXtRJIFA3OIzvBzwc5z04Jz15H6r/DOYSjxPLfTS3V/P4NnuL6S4l3ysJZQVDsxJJWMhenJ4IJGR+af7aunGDTNFk0Saa3a8uk3qvyqHW3JLeYGG1mP3ccYx3zWODcaeSqlUnz1He6SSSadk2m9NndbK6WrWno1qUFmlSqoR5L02o6c3wRV0ut29VurN6bny7pXiLw/8OtAgSygTWvG7W7NZ2IG6x0iRT8z3JyVklTkiPqDnsAK4pPD+v8Ajq9tfEvi68uLy6uZZZRExYhQgLxwwxfdjhUgqAAODknPTZ+Hngme/aOVk+03a200080mSq5OXeR+d7BcjDcZ5J7j6Egs9I0GGN5iHnSONAxwMCSI5EUZ4VckbuuDnsAB85SoOtUlyp8qspTd0n8PwpuyXW27St5v3Z1owhGT0bStTi0ope6+aSTXZvt89+Y0PQV0+ztkhtFgWOzFyE2fM81x+7JbHPAY8jAwQecsa/Vz/glP4W8r9oVdUmdQbPwjq0AjIChN064JJ7nj1HqRivy9k195ViW3iwrWMqM7HPFvcKNoGMkDbz2O3Hciv1s/4JK6ra6v8ZfEEUlzG13aeD9TvWULgrEGDBt38WQO3AIHIO4V6UVDDxpRjZydSmuV9b8t27XdtdeiSSvoebinKph68nJNqi5WSbirKL5b36e7dbK9k1fT4e/aWmMn7R/xSLMNq+N5VwwIzskcdBnowOQcc9epzd+JRA/Z+8fsJEBbRboADo2SnQE85zgc5zjHv5D+0p8StEn/AGivina28epzTr461NneKykmj3W126MAVGCp5Knp+JIqt8QfjHouqfBPxb4Xt9F12G5udPkRtR/s2ZYI2Dxnc8jHKICpBJyo7c5z+vZFmVCnlWYU6taMZ1MFKNNKM5c0vZWcE1FJbreySdrLY/G81y+vUzLBTjTvGOLhObcopJOUG2k2m11Sa7I9U+CEiD4W+BUkZQF8OWYIOCd4UnnnIwcdR05zwBVL49eTL8KPE5JARbaMZPVs3EYIAHbjAOMZzu7ivE/hv8SorbwT4VsYvC3ifUXtNFgh+1WsDpbTPGm3dG42jHXccFvTFUPi54/1fUPht4isj4K1uyhmjhAvLuQ7IwZkbcynGRnAwOnoRX0H9r4eeTeycazksuULwpVHHnVGEU3JRs7NatvRX22Pnv7GxEc6VVulGP19VNa0FNr20HZR5+baztvdbdD6u8FSwr4V8NHKsf7CsQrn7oIhXBGDjJwOhHUitTW5EOh6w0roCNKvwqqeSPIkAIJBbnrjoMdDgAfNXhfxv8QT4b0GPT/h750cekWsUU018oWZY4lCygEELvXnaccE8Va1nxd8XhpGoE+CdJtbd7C7WR7i/XciNG25+V3FwCTt5JIORg8+vHNcP9RjTVLF6YRJtYaqot+ySvdxWjet7+enXxauUV3mLqOthYr625qLxFPmX726fuybbXNdJLytuN/ZfEQ8GZYgFdd1cknPDmd2JGD3OO3Bbp0x9VxS2zFWBXasQ4YDJb5x/tDnPOPoO4r4C+BWrfErTPBB/sPSNBntpNY1B2n1C4QSrNLKxdVXgmInIB3HGRgZBr2qbxN8ZwcMnhKAMuCoG4cKwJACgliDwcAcZ7ZGWR42MMrwkfq+Lny0lK8KDcZXataTa8tUnfW7Vwz/AC2pUzfE1XicHCDrRUVOqlNRtBWlFJ8t9NHpqlrc5P4JFX8f/GU7gFPiBeAAejcN7+3TI4HK4H0lFEpEjyIQRtC8HGC3cEcegHPr1Ga/Pz4L6x8RpPGHxQk06TRori41VX1CSaLzEEvmEEwr2UtjnBP3gcda+iZx8XJnct4l0i1UhSRFZnAxyuQGKnj1wMZXOK58hxbllcFDC15y+s4tu0YpLmxEm9ZSSvrZ9E99VrvxBl8VmLlPF4eCeHwcUpSlzWWHoq7Sg7LezurrscHqTxr+1VGy4LHw+ibQCWPBPfJOOv3eemegr6zRS0Djy5GdpMZClcBTnGOvQ/XPGOmfz+1DSPFjfH2zL+J0XWX0UTPqkVrt8pV/5YrGT8gZflzg/eHHU19EJ4Z8YXKI8/xH1T5y5IgQRjnOSvBGBjBLevfNY5PicRT/ALR/2aclLMK7s5007y5HytSmrWsnpv0fU2zzB0KyyzmxVK8MtoU4t06srpaXVoPR924u+9zz39p11WX4bo8bAf8ACRxMMnA3eYvbkbsgjg5HXjg19AQTRvHCggmLfZ7YEjAB/dL0O4dT8zDjG7sOK+OPjrod7Z33gS1vPE2tarJPq8Sq93Ju8hi4IkhG0FCDx0PTntXrMPgoqY1bxb4rlUIm8C6YAZQYVQNvyoTj6DjjJrLCYzEf2tmjjhlzNYWMourFOFqasrq6le7bavv0eh1YnLKDyTJl9Y92EsTaXsZNzcpxvpZNW1V308zU+P8Ah/hT4gVkUD7Rp+QGB6XSjoGbPA5B54xx37Tw1Go8NeHszW8SnRdOOZJo1KkW6Nyu8EnHBDEduB1PzX8XPDNtYeCNXmi1TxDeOLizTbd3jSQAGYZ3R5Ocdc4yMjaDg17F4X+GPhO78OaFNdvq0802lWcj5v5gqs0asVVQ4KLnAAx1AxXXhcVi553iVGhS51l+HbUq3KklVly2ag0277dPM5sZgMJTyTB81eryPHV3eFBXcnSopx5XKNkraO7vqulzY8UpZwaRrLjULWV/7K1Pcn2iLBYwSbVUCX73IBGDnGcj5TXn37PWt6PB8O9MivdX06zYXeokxXFwiSIv2g8lSSSGA7YyM5BIrsfEPwy8CW+j6qU0qV5Y9OvpFeW7myHS3kKuR5mGbPIJPOT6g1wHwG8E+DdQ8A297f6HbXN0dRvYWlkLmQoJWCqo34AA2jgD7uCcDIt1cdDPMHJ08LzSwWIUYurUcOVTouTk1BO6dmklZ3lfbXkdPA1OHsZH2mK5I43DXapwjLmcJ2irz5bNau7bu/Q94HjDwdFLGZPFekh0Z1AE/wApYg85XOc8YwcE5+XsflT4ReJdFsfEnxSlm1izt4bvxHM8LsWInjLsQ0WFYkYPBwOMeuK+nrfwb4MWQQ2vhqxQAbcvAHAcDgg5PzfxDOTzkjFfPnwj0fS/7f8AiUjabaMsPiOWNVe3VvKxu+VVI+6ASM544XLda68VPMJ5vk3PPCU254nkcY1JJN0Ffm5pLR9Nrbtd+TA4fL3lGbwUcVOHJh3NSlDmaVWDSg1pvZuT5m23azaPU38c+FkYN/bVq+Ey3lwTMM4+bAAPPXjp3wM5r5v8V+NNCn+OnhvVF1CaSwi0K4t5JILWUybmztRRt6+4zxgk5Br68h0rSY/MxYWiFo2IxaQ4HBwfun2JHIJHrXzh4otbVfj94ajWKHY+kuQvkRqjfLwVVVCnpycHkcnpWmeRxsMPgvaYrDNyzPBKMY0pLlk6keVy5qmq93VbavyFw/hsueIxrhhq8Zf2Zi7uVWMrx9mk4xSp6S10butHonqdnJ468KpFugbxHcsQxHlWkoByCSAGAPHYEr0Jryzxx4tsrrVvATW+m67HFDrwkPnWEkcsy4b5Yslt7nBCAYyB09fpdLSEIRtiXczkhYIwAQ3U/IckdCQefc15/wCOIQ2sfD9t24J4hQrmNdowjgcAZ44A444HGDi86hi3ltSMsTRk5VsIrKjy3f1nDq7bnJ6NX0unrrqyMmp4CGZ05UsLUTVLEpSdW7SVCd/+XSvdPlv2V7alQ+K7aSOR4fDfimYs5Co+nNuAzjDEvu5Jz06dB1Ncz441u7n8GeKli8J69bmfSZI2uJ7cxxRhihUtknC4yScYPT+Ige+tcTIJ1TeGLtg7Djt93AXA4wMZ9BzXn/xFuLgeCfEjTSSsz6awVRwpAdB8yljxz6DGevrpmFHFLAYtvGWaw9T4aUEvgd9XJ2u9FZdel7GOXVMK8fhksDb9/Ts3Vm2mpRaaskm1a/R6+SRxngXU/EMfhHw1BB4M1C68vS7ZVuJpWiEgwcMB/c7dgB1LDGO1M/jRI7qdPBltEvk3DBptQEZVViYk4KnJABwOhyPSut8Cc+DvDBZwhbSLXYu8KVJUDHUYGcZ5HUcZAFdLqssJ0/UAZVXbY3eS06jkQsdwO/ccgnAHUZOe57cLRlHLsPKWOqLkwVNxVqSi37KDWnJdKy6tvZtq7ZyYmcZ5nX5MBSXNjJXlKVRtv2sbte/6aJJJ6Hx18G7TxvdW/ieTStC0e+il1eWeZ76+WLypHmI8hAVwwGGG8HJweVIxXr82gfE1kdmsPClkN3/PZZsAEZVsYzt46Yyc4BOKxP2fr2zt9C8RGS5tomOrTKqyyhSQs8mW3HIGQdxJ5GD1xhfY9R1jTjkfb7MAEliZOTjHH+8eoz16jkEDxMmw9Opl2HqTxlZX55OKqRileo+0b6pKW66+i9zO6laOY1oU8Nh2o+ySnKnJydqcE1bmcXppZKL21dj5dg0fxh/wtjVbaK60JNU/sO3Z2Ee+2EA4ARCSBIDnOMjqDzkn01fC/wAR5WTd4h0CCNW3ZisARwDk4L4Yg5OARk85znHDPrVnD8a9Yu/tESQS+HLcJKAdudzAjjqpGMEn8wRXsEHi3RYoog18hLLkssTng9Q2cAH0yBxjHWllUcPOlilPE1bf2hiVFKs43UaiSbS3bW+9/JqwZusXTq4R0sNRaeBw15exjKz5F7qbTsulm9rI+d/ix4Z8UHV/h1Z3/iSwuJZ9al+zyw2JjS2lIXbJtLAO3QHHDbcfT2SL4YeLpgVfxzg+Wok8rTwobGOR2XBBGPTjsa85+LXifSrvxR8LTBclkg1uQys0RBZAF4wQNxyMceoIJyK+gY/HekoJ4457hzwqgWrkkrgcMMMwAOPY+va8BSwM8fmyq1aloVcOqa9vUTcVSi9eVpu91q1dK9vPTGPMFgMslRpUk50q0ptUKUlF86VtYS5b6J2tseG/Fz4datpfgHUpJvF9/ep51ghtvICLIGnC4OOhXORz1Jyec10Xhz4dyyaRpwn8W+J2jl0+0YJFeBFjDQqSECqfkQttVeSAMgcZqf4w+MLPVfh9qNvFFeCRp7HMjwGOECOcFskjIwOgAznBJ4xWnonjLR4NHsEeS4dotPtUZo7V3wwt1/i6AZDAYO7txjNdFOnlkc2xCv8AuvqdC3NVlv7R6XcuZ+l7t76nHiZZnPKMPHT2rxdZtKnTSUfZ07aRikr733e25lal8LdKW3unfWvE8rJaXHXVXQ/6kkB1UDcGOSVPJ55XIrl/hF8PtG1HwfbXd1canuGp38JjS+kjj2R3MiBlRCF3EDLt/E3JJI47i98eaW1tMqR37NLDcR5FpIFJMRAYsRgcFec9AAcZGOL+D3jC2sPCkdsbTUbhl1fU3P2e0eQhWupD1GBnJ+bOCMj/AIEqksv/ALawEIxhyfVMS5a3u+ag4p81/O/T02c4eOZwyHHt1J88sVhVBLlXLFKXNZJK2m6tpayu7nq0nwv8LN5rC0vp33xqVlvJijjIx/GAOSvGeRwSM14d4J+H3hzVPH/xJTUtOFymny26WsTyy4iwoAAKuCxVTjnrg55Ne+L48WVspomtsS6AlrUx5YMMHaWJzzyR2Oe9eFeE/E72XxA+Jci6fczNd3FsGhB2GLchI3EEYbcSDgD1GcsRpmdPAxx+TuFKDUsTPntDR/uXZPdStq1rsr7JmGVSx7wWcOpWqJ+woqm3J3i3UinJaq2jtdWTt5s9dg+G/ga3BI8OWWdpOXEjZJy2SGkx6E5GDyeh48g8WeF9Ai+Kngmwj0jTora40y9eSGOLiZlkO0v15AAIGQBna3bPpZ8X6k5ULpKp90kS3GCdoxkrz9DjGSRjJJNeP+I9cvbn4oeEbuaCG2e306+WOOJjM5G/kqoxuLdVxkA88BgaM4lhIYejy0Ixvi8OpWp2unUhezst7Wtfvr2rKFjpYispYirNxwtdRTqNrm5N9H0bXRta3b1t9BWfhLw6kMYGiaWVBfB+zJITwMElgfTqG69TglRx/wARtJ0+DwXrjQafZQlFtwrJZQowUTxjhgmQp6/Ke+M8ZOi2rXDW0bRJr0rgbisOnlQGI+7knLAZ4IHTngEgcP8AETUNTk8Ga3Gum64Fa2hYTXYEMKkXMW4uecgnAI4AP1FGY18GsvxTjTjF/V5WlyRu21FXbipJWTb16pWObLcLmH9p4R1K1RpVoyleo3Fpyjpvql11bd+t0z23QdMt00zR5UtbONW022GfssLFnEQ5JCnHGSTg4AbJ7Gzqum+ZpWpmV7VYTp0xKRwxKfusM52E56g54A4OQQK4vw9qvig6JpZitdGRVsLRV+1amm4osa4LIRkHhgQ3TqBnozWtd8UR6bqRlk0YR/Y3jkitt1zNhlKAoVABz/dGeSCRkkHt+tYP6jCKoVG/qiV1Sdk/ZRejtqr/ANJWb5Fh8XHMpSdeGmKu06yukpq8WrvVJadluuh+vXwH0zT9X/4JY/F7T5re0eOLT9Z8kiKBmhYzRESRyGPesq/wkPlcYB5Gf57tf8O/EDwxoOo33hLxxfpZ3ItIG0bVlN5ZXDyMuY43YqYlUjaMfdyDkgCv3G/Zf+I9/Zf8E+/jL4MuPD92+mvo2u3U/iWK0L21vOZY28ibkmMpgBm6DgjqTX47a74gsNR8IeVYX9jdlLmwVooZEMwk83DHyyd2eOcDqpycc1+Y8F4TBYtcQfWavsq9PFN0lGo6VS2zSSlG8dbWd79tT9Q4xqYrDQyScKXtKdXDxc+aCqU01GG7tJXsrp3X5nOW3xf+KHhm4gXxp8OIvEFnFawxHUfDuVkK7FCsyrySFAJHXAGcEYO9F8X/AIUeLtc8KvezXvg2/wBOfUIp4tYs5bdVa4jASNpnULJhxwdxI3Y9z2cV4mI0keQnybc8IQCRGBh85UZPHJPGOma868Z6VompXXhlNRsbO4jl1UiSOWCEiYdCjMiqcEY5JHJPQ8D9Kq5XjqGE5sJmFSrRTptUq6hO0lKFveVpWv3Ts9Lo/NqOPwOIxnLisvhSqSVWPtaTlF25XeTpyco3a0urLXZPf2CxtrKf/kGarpmrRM5kWawuoZQVYsyniUkFeuMZyQPmNY+s2V1F4i8FM0Dyqk2q5IQgIDEMHP8ABk8DGdxA+p8ruvg94Uad7jQrnVvC147sFl0XUJoo0YMWDeUXcZGQcdMdB1FZ76X8ZfDur6Imk+PbPxBG8t0LOz8R2ZlaFUU7k+0gjJcDaWySDg7TTq4zN6WHSxWDVSClTcqlCfNdJwavF2d9VtonZdkYYfL8oliufDYuVPmjUj7LEQcUnKFn+8jzRt7zu20nv1TX0UJGZZNu8EcBSCoGGwQfbjBIOec9RkcrrbZ8T+GN+Gzpl38ob5T8rHOARwCCDg4yR0B55iH4ofEXRYWj8a/C5dVt4mO+/wDDt6JWK5K7ltkAPX5j83TA55p158VfhXq+ueGZL651TwndJaXcElvrFhJaoHZSoUucghCQN3QtwR3GtXOsO/q6kqlCftqfNGpSlC1nF3vK0eqV09ktNGYYTIsRCtiHCVOtB0K0YezqQmm3HR2jJyWrtqrPZLc9ggmDWsgy3+oA24OccZwfwI498Atg1e+GLk+LfEgBJ/eWhyDgYKrg5OSDgnnPQtnIFUdJ/sjU7WWTRfEOj6ohiwi2t3C74xjoXDcL8xIU55wMDFaHw2t5Y/FfiU+U6stxaqSVwCwRMNkKVAJJ6Egn7pXJNdWJxlCvVoeylGV223GSd1y67bvppvro+njYbKMVh6laVWnOnZx0a7Sira6tdt3bVrofjp+0Y4j+MnxAK5ydayW4znAHT1GBg84JPOK7n4W29z9rupPMY48MXjAyMzAZt5OmeD1HAA55FW/jp4PstT+Kfjq4nupILl9alcwrzvMaMyqCeVJHueACQ2MV0/wz0jz7aRIw0LReH9R3OSdzhIJMAtwOgAxkdu3T8PxtSlLE4uKjKU416jXRNc7TV/J2WqSe1nd3/fstoVIYbDOVrSw1JaXTfu01bf5W9V1P19/4JOq83xNuHDbyvhSA7sEci5AIz32gkHqc4Peui/ay028ufjd8SXC74zqI3gc7gbDkduD1JyD2BBNc/wD8El5kPxIuLUIyhPDKB5nTYrBLvO1pCBgnGMnOR8wJ4FehftFX1rqXxt+JJtCSkepyJKNxYBo7R0YAcnGRjB6AcnNePhmljpNXS9mrNOyu90tdbacz8+23uO/1aEZKV/dfNtdvl26XTVr7tb2aSX57eHSv9pCB0fbLo18sqsCEPlTFQpUY4AOOuedvameEn0/Q/F3g7VriSK30rU/E8Yu41AYQTQN5UTqeVWNxjdnIbvhRkb2hWpudZnKAEQaZqmMcEg3B+UcHuRyAMcg4wc8npEUd7NpNpPsRLfWbrKOQGwrMQyMcBWAHB4IO3pxntUFyuryptP3YpNXbcF5Xs7vdK992cbjeaiuqVrXs9le23nuu9tbn0T4smt72T4o6ha/NayyiNXJyrYXjZhWJ3Dpg4IwD94NXLXSwSy+BIpIg4/sBskN8wIhPzfwkYyDgcEDkHrXMaX4ght/Dfjbw7JOZJnuxNbSs3mPLbcZBkZssycIcZ4LdeBXXSWu7WfBkQJdV0HKgAg82zMRgE7fmAGcEnqcEcRGTqO8ndvdra+j5d9u+j1WqOuKgkoS97WV031VtIpu/XS/T3l0Z5LFdJb6bqdlKykNb6x5JdRuQfawiNuwCBlhjpwOvr3vhfVryDXPCWn61MwuLHwtqJsLhQWiNs9szRxseRuThME9T1xxXF3WnwtHLviZDLY6w4ZhkZ+1q3BONpBAz1yB25NXNRv20ebwrePAL6NtEvbYRwxlpYllhbDDknA6knH3TkDiqqSUaUJQS0ScovZqyV2vV+7JX1tugjF3d0muVxTs9VorSffaztp53dvRIZJpvCvga4kDhJvEcYU4P8ckm8LyQFBGcenJIPNZev2IFnrKGMMg16WBtwHJuJo8DhT95SScnt3J4vaCrSfD34dnzfMSTxDFIqs3OfNchWHUFQSCDySQSABXQ61aBT4iHkkwp4m015DgkKXwwAA7Hjk43DcT3xlGSmtOZc1t7Nq8ldNvTld21psr30Z0R+FKzTiotrl1XvJ6q7T0d0tdEcFMt94f8Y62LUySaC1jpFreH7z2jyWz7FiyQUBPce5JyBWkkUN9p2lRwByZvDniKKJ1HVkVWC/L16nP8WfXqZvEK28eueJdQnlkj027uNOsZYkBYeYlq6xkjkgK3TsADgHNQ+CxEdE8JyPNDcfaJNfsk8tgAsfzZWQZYqT8oYHIPI+nPSduaErvW19HZOMdLvVR12d3e9nZaVON6cZR0961rr4bRb1aWmv32sl1XQrW4Gu/DPEibhpMaRsdp+a0aUuCP7y5Ocj7wxyBXx98Q9Lsbzxx4skvCrXFzqt6sBQKDkNz8+SAWHrwCD7V9k6JC41j4XSIgCxz6zalyd/3BIAOSqgLjuM8jpgZ+LPHlrZ3Hj/xa19qUduV1a+MUcYZyTvz8pRu24YPrggZAr6rheKeKmpXadPW/w/Gmkm7J27enXb5PiXmjhKaV3+8W1m7J2unp9/frsejfA/RtKt9X1JI8LO+lhXUSh2ypz8uAOpxkjGeSc5rQ/bLGLX4Zxv8AIFhnjTcRz+7RAW4PAAJHUH061nfBC30208R3S2sV3cmfSzkz8bFUk7lU/Nzn0G36ddf9thWFp8MGVkiXyp9gdSxUGNPYZAK8EZ4OMnOB2VYr+30nJPVXVrr4Ipa66q/Tr8rYU7f6sOdnzJpO6lfSSWr18/NbdWzyXwtpLT/DnXbRbT7THc6nZyFgcxKyNksUVQpJHGMqVzke+tpWk3e+3torNIw0wh3JZAMAVAOCSBlR3Y5J5bHIrS+HU12PhD4qe2uZDdjW7FImjiUbVJICruXrgcDOeBz649np+uz31pJPe3cafbEZibgIzfuwd21QNvQ8DgDHK5Fe7Wk4yrJWabUbtaWSja7XTR2u9tvLwaFOLcJSs1dKzUrtPl0bUZX15m3dbptLW+LfaHcWviHxPbyWdkYEsFEE8rIHJxhiwGdpyFzyc4xwMY9D/Z70eay8fW139rs40FrPG1tDKWODGRuZd2GHzHqvqAB38ftbG4fxN4niu9RcK1nLskaYzSbROw4AYjdt9OO2ATXr37P+kWtr8RLO58+4nkS3lVlkJwymPaSEzhgeQRnAwRz28vFVJRy3ExlG/NFu7uraR5d92nHRdb3S2Z6eFpwebYSceZcsqatdXWyV7a9E0uqte+zZ+1z9qm8SeFxBG0x/suV9ocxhh5rDAC4AGMjgdM5IIBrzXw7Z6nc+AdcggsN0p1CzYKZNyIMKCGBIK5HygDacc45r2b9qOytb7xx4dtpZJoFTSZnwh2HO/KqrZGM8Lk4Izx61x+haXp1j8J/FGqxztbXCa7aIwuZwFaFUU58sMSSccLuGctg9crJp8mXUnGV5SaV795JN9Utmtuuh0ZrF1M0qtyaiviV9fhhs32TadtbvR3ul5cdK1O1kkF5LZWSM5DBpQWUBCCDtZh6kADAAJ6Yz1ul+FX1nw5pMVvrJdoLq6d0hd1Tyt7bsNuAJGMYz0PGMEHgbjU9Gke8klv0m3jCiMMXUsPm2sWIU4XoD14xkDO5b6xYWfh7Q1s4b+YrJduUT5Gb94c7sBS2PlOCScZOc7q9mKnONL2k1yRmpNWalo7Jpp30WqutE7LseU6kKaqezhfltbVa6r4ddvilqrPTpt9Q/AXQrPRvFtxHFdm7c6e/mKw2SIQxJJAYhjwepOB32nFef/tqWgn1PwcZIHBeOTZgnBDPuBXkY5Yk8Ace1dT+zHd/2l4xvZvsMlu76fId87kh8nbwCSSQDjB4OPQZq7+2bor3GqeCdt6sKwWs043qQCw5C4+i+nzccZHPg1bLOZty00a0smmo2bbtorN9720PoG+fhyc5LrzW035kttNEm9beWx4X4a+F+m614C0e/j1N7LUJL+5id50EsDYyETYw4yRtyTgZz1IAm1X4U+INJvdEKQx37XETNEbCZ45vkGTu25wxxkdemARzXoXge909fhto8c97ELldVk+V1+UKZdwdjkgDbxnoOgHQV6LPcRnxD4WFpfRTKfODGKVQozklWZmYrnpjr15Pf7qjhqdWnzKcU2qdmrbK1r66tPqrdXtofm3t5RqzTT5Lys05JtJQaa1vdO2y2fqfNUtz400HVHjk1DVdPLKreRqMTyRtGhJCu3zblONp4IGM5U4A6bT/iXrNrDcT61pFtq9sbuOV5rQqHQp8u77PjexA5xx0zhgua+g/Exjn8WaZb3EENzGdMYssioyckcv8AKST056/NgjjNeYzeCdD1xdX8y2/s6aLVRDBNaOUYbiAMoONoOSFG0HHHGc5VcDTfM4tKUHPlaST5kk5apLzdn36rfto4+SUYyb5XFXUlzqytda66/c9fn8V/GLWLTxN4+n1PTnleG7traIRSRbZklK7WhWLqQGKrgAcEYCsSK7r4b/DrVdD1zwnqOsXtpYxXl09za2qsv21ZITuVJoyNyR7SSSQucZORwfO/iPok3hXx1qtpDefbJ9OuIJ7a6bAKtjepIIIJQ8kfMDjBBxgL4T1bxD4m8beHpLu8nv8AULzUYoIxPK3kEHCmNQoCxqQACAqjtjhgPgqvtp4xKFRQhGo1VvFylo0ktNNdr3ut90z7LDzoRwsW4czdJctrJRi4xWmj36Lc/RWfZc69rV5Bere29xpgRHEiHcVXa4ChiQd33Txgg4PSuOkISPQEjMkDZkiBKMpG+TlicDC444OM9x0HGav4Z8U6L4gW2v8ARLywSe2kkjudLnkYNAqFlfYpAGeSR6Ek9cVxkXibWrJ/Lh1ZpDbSy+XDqsW5kCsuVDsMKeR+OOOpX7aNSuoU4tXgowXMnZpR5GrXT11WqaTbu/L8+rYShWrVHGooybd1K6V1OLabireV2u2x9BWdxexanrrPNGzxWQQDgMcKOw6A4wSV659DnmH1iT+yLFrmNnWO/XY6ja20yHdzwSd3Gcg5+lcLbeObsXF1NqOmmaS6t/LmnsXBXAUqCqZJPGGPzHIwO2TYsfEOl3umxWaXhikS5iYQ3yrEAokLsUY9SRkbs5GG54NOdWKSbnUjJ/Zeq0lFavfTstLrUSwWJT05ZQ91NwlzP7Kd1dtJ+a31te7foiXsN1rkjMN6iMRhXKtgKgJPKnG0Ede+eRyK8s8daTYMmmX0VrClx/baKzxKFLL5gwGxjkEgcAep4JNeiWkMU2tPcQqrW7Z2yRtvQuYl3AdS275j3GMEgEkVzXiCwup7HT2jKtGusxuysArABzyCQPQHvweoOKyxFRyw87PmTjJ6Wd23C7bau1oteiu2rHRhYyp4qkm5K81q3o+Zwet7aW0t280rfcXgWBG8P28aowY2e0DcMjNugHIweMnLZBzk43ZFdRYaEIvhbdgny7iXUWlRiDuDrOxGGIyASMdMk8jFYXhWQ2Hh+2u4UVvJs1kkDEAHEAUjHAGOQSepXPX5q6uw12z1zwK1pbMqXUFzK08akYQK7ynHIJyOCcYyBxjAr88xycqkktPfi+y1tfRPfz803ayR+tYKKVOLbu1TT021S0VtH2Tb8tEk35V4TuAfGmgXQjY+dq+mx3B2kj7TFcxod3P3SE3DjqSB1Nf6AvhEs/w9+GrEEr/wgPhw9cD/AJBlsScZJz0yD0PXqDX8BvgFVPi7RYygYXOt2U65IwsiXyDP3cDKnsByPxr/AEAfCsYPw9+HDADnwN4dG0HggabbYJ9AOuB1xjJ4r5zPOVUqCte0mmrbaQ21T0bstLNX0107cHZVdbXdtWkrL3dPK7313vbyYYyB93CnPHOcswxj0GeeMg59sBxgA3MB04C5XCnkHaAF5HboFzxkA1aZep/EEc/LnjAGTnjp93A5OKicYU4GTtPAyrZYdOgPGSOnbkEYr5uz0s2naV2m9fhevvbt3vZp7Lokelp007f1+LffZIpvESSByvCtg7SpHUZ5JYYOSD9eekPlbcR7RkEgkjIHBAzjt2ODx04q+sbHeAueinJ4zx0II4xx2XGOcjIGQlfdRgLtbGR1Xt07DJUjbuPQmlOVreivrdP3U27trZt2aWutnreLu61+S11bj1ttZ66dW7q2lJUIOT3XcOTkE4GWyTu7hRwQMYODmneVkMSADgDapI4Iy3fr9f61NLE2wZBBwPk7ZJAJKg8r65PI9AeTnhG4OQM45ATg5z2P06YGCSKfPPRKzvKWiV7L3PK97X7adOhS3e9k9Htp5ef69eihWABlcBiAQQoHQkNgcZHHJPrg846Hl8gFRgk8EgnK5zyMHkjrj6cc1OqMd20AqMPkjIbA/i59OR2P5GlKkkgDPIYMo4znkEEg44zkjP6YblJ3V0n+Wy767K9r2XpplO177WsntvaOlrNLTr11fYhKhQdo27vmyRnDAkAcg4GflwB39MUxhuIYAZQg4IwATk8/3gQPlAwSuMA81YKYLggnacjbnnqPm5xnHXk5AJxkgUGDcQeQFG446kt7c4PyjjPt7BK1kpb2s5Xd38Lezv0td/5xJXX0W72bs3ZfN7WSvdW0KzJvIKZxuywChc9gB1znOM/xYH4QMCoIUAjIHYEKDkgAZ4ycA44PrnnQ2lSckEgYIII+Y9SM5x0AyPb6UxkOCVYEsp64I5yB+PbsCD9KcXytKLbStrto+re91p2WrTSVrDUXG92rXd0k+sdWtdNF16b9DPCgkHkbhk5XBIBxt5w3A9ST1+pUqUV8gEsdpAA4xnqTnAGQT6FfTirBhKkHI+bJznnCg4AGQAQcgEjn5ewNRkMCcKSEfjPBbJ9MAYOD0OQSM8mqc0311a3ta+l3e19P6ezCnZL3nK/NprLsmtn0bevrra5GqHBII3Zwe5JycAH0J9Rjp6gU9omIbnBA7YGA4OT1P4885GRmnKrkkk8HnoRljxgrjII9e3YjaQZimcsDk5BCqQCCM9B1yMDgZ+hqXUkvNXja0ndP3ettdXLz7rWxb23tq3rLfro+27v338qLRgbieT8ikbioPJbkgjA6eoIzngnC7CQVLE7WzjGPzAJzjORjGMEkc8SSBiH9gD93txk8dc8+nA5HrXcnnHYqWYHaCcZyOvPucADORzkbQaabvKXrZczut1ZfzLdb3a8spxs7qycne+tk2l7qtfyvfTXqncVkVWLYwMnPIJBUE9cAgDHzd+/TNVyD8oAXGScA44AY5Hp6DP8AtZxyTOzDgcZbPAHfnr3xzyemOvSmLzwABhTngk9SDz6dcjr1A6HG3NGNr6enyuu2mvzW2zZGT0i9EnfXrfl5r7Jq6W79Xe7Bd3DZO4kZBz/D/CDwAMAgnByOODVkjcCc7vlDck7hjHXuRnHGcADPsIthLEkjhQQueWycjjoT1wT07UrA5wABkqOeoBz8w69unTuATyKfne99d7+Xy2+936hKMW768y9Fo0np6N6W3VmNdNpUDAIUZAPTIJJxxkk+p43HnpmIDHy4xkgAnPGeSMcZPfJ5zyM9pyr79pHJzg7ecANtz3Ocdc4zk8dajYFgOGzg5A6DHJ3HtjGT06EH1pLv2V991dK7vbbrva/mJxvbV9ntr57buy8vyIHUnPPPbPTAycduB3PA+U8gZoCk/NnqATxgD2POT/kkdqkYFsZHVfm5znBxuxnKg+nsTkDFNJyuSB06YIxjAwAD1HXPHUtjpWUk3s+qk33SUdLKz6rqtld9Yu0b2Su0t09rWtunotF67bsVVGGy23DDg/3ckY45yB3BzycdMmRO+MAjcRnOPmGME+3PB69s9DEAScYG7aGAwBxhV+9gL1684BI6cAuIfHB6lBjlckfXjI+bnr+OBT0as3J2t1euq81d6fe3ZWQKkn8MvTWKvra3Wz7rtrfa6lWJxuBYKBgkcY7hScdsc8nninMhycMDgAHGQNy9sHOB26cYP+yKUu7EkhR8xweT6k9egHTPTnHc0wFgCQFONwbPXPY4H54yOPrV+8r6fkr7Xva+7d12td6XI5YptJ/kmtY+uvRd9tAAwcBhkqCB3Xnp0PHAAHp1zSlQG+UjLLtGcluRzyTkKcAkYGMenSEdQQCc5TLHryPlwdvYDgEehIzmlVvm4XnIAJ6BRkDaAOcgnPOcnI6mnFt66bq1m9LtW6b+8t2l9zHaybTb7u9t7Wez7rr5a3sSKoPBYMNpK5HTJHT055A/HPWnomNvAA544YjODkjpwcDHvx0pmGXdtPU9ck8Dgj0BwRwDn1HPMvzdypJI5PU5ySQemDjr+ZPWiLcZO65tFZ36pR3V7dt9V0dw5t21K2nby+bs3163000bswORgr05zzxzkdSeSVHHftgMdfmJ9MDcRxyR/D2APbnb6mpDINpA+Yht3deAOeT3zwcgYI79CzIww5A65xwAehPuc8+/JOTk17RtxWq6pNbWUe+q6J676adc+dStrp13VtFprfazv57q5CV+ViT90kfKeAMjI4ABycncSRwQOwp2CTngknkjIyQQcAYOOCc8c5yc5pXG4DhgCPmwCPmyMDqenHsQe3FJswzZQksq8kd+g4A7/wD1u1HNJdW9r6q+lvK3b1vr0Tak0+y0ul5aPV+S/wCCKq4VgQoJbPIzjrwecD3ABBHfg4Gj+8uWJPOOrBRggnJHcNzwCCccZBU5AKnkEBsEEnPf+v4fWmncc5HUjktzj1IJByTxz0B64Jpqo9E0naza16W7rd9Jd43t2lK9rX0V+t9LO/RNt69GntfWzQnHYlvmGTj7v8J56kZ6DJPA5NII9/yg7iRsIHBDfewM/ex0+g9KkwcF2IIBxnBJHHXgg8jIz7noOKaQxB6HOMDGBjgEk5yc9z2wADWyd/LZ7a2fTs10vo7XvqXy+6k27WXdNbLe+uml3tonZEW3bjpxwQ3s20HoeMjnj6kc4YQo7cnnkjgt8rdRzkbcDt2ycipGySVyAD82DknOentjAIxkngZBpjg7vmOfk4wNvfIIIxk88k8ZGe4JpcqVmvRq9vS11sROKaum9GrfLldlZWTdraf9u6KwxoVY5Kngc475B9D8xIzgHOfoDUYiQYbB69Dhd3JG1RyQFI6YJO0kDBzVtIzjJ6Ng5Y5wASMhcjuMDjPzcEcUoiYhjtUBvuggnPOMnk88HnnJwBjOKalbRN281vqtHq9Fvp5+RNm0mlqltdpJu2+17atXj00syjJBH1CdM/L06ntkYx355z1U84YYVBJ28Y3EnJPJPOOrAg4wvXIIHHF1ozggnoAcsSeRgYXJ9M5z8xx6UnlkklsHcNwI59iSB0OexBxzgdTQpba2SWllpr13V39/ew7O/vRXl16ve62t8r9ehS8peOG+U9Qeeev3QOuOh68dTxURVTlR0GRu4B69Bz82MdRz1OOuLzhgCBjA4znG4HAx97IwRnOce+OKgZSBjBJMeNu3Ibnrn6dxxgjrQmr3u773duiS0u3q/wA3tfVZNxerjL3ejjqkuV7t2Wq676rYqNk5G0kFP4s5G08Enqc4HfHQcmmjdxg5GAzFgenXpz8o4yvHy/NxkYslGGMjOVxuwTk56Y56Z5wRwOoyKTYRjoA3zH6Y25PPJJHGe7H2xaSaT3tb0VrW0Wzvv02tu721Fx+H1skmrW36Jq3r2uQkEEZOM4YD1PQkY45zySck9OWADGUlgVzjrk4BJP3h3yfTHUde4qxsI4xgOPvYJHUehOMnoMds+lNKkEDIJbJySDgjpzxg+/r0qtuvRee/4+T+fneOSK95xa267rTTprrrZfCu12V9rcKehYkkg5wMYx7/ADZ98n3FRMCMqQTkc5Hp2Vv4eBnPGCPwq4I+GHJ+Ukllxjv3PI6c8DHGQDTGTczFcjB4xjIPTPcEH04zj6AtXT0/4cmEYqSS2u91rtdJtaL4b+eqta9818YBCt1LdRz3GTz1wWJHBwMAnOUGDz8xyy7cZJBHfjAIySBgDBHPB4ushBI44zuwM8ccA9MdPlHA9hjEYXAXduPGABwcEgg5A568kcYx60N6rXovLt8uy87Jl2V1aMVopW5Unsr308rve1rpKztCyZIOAFyOOntyMcDHcHjPelZR1246nDcZ4ySenHc889RjAqxxtwCuFwOSemeTnAGe2O5xx3MEoB/PjjnAzweeg47jIA64ANJ3srvfR2Td9G27Wtrd363ZlNR7q71vdabLXZW0ula+97FZm7AH5csQPlAzwD3YnpwcnGCOTio3xghQeobJ4x2PONuSTxnpxk4qZur85AOc9AOMcehGPmyMHtwBSbNpG3leFBPOR3HVsdT0Jxz9DopSsldrTXv9nyuul1pb0Ws8kW9rJXtbS+2r7v5Oz7NasIUN0ONy5zwScg9B3GQQemSPSggAk8KpzyVBAAPLAHJ4OMkfeAxjsJdjcgYLMSCAQcZA5A6gdeOQMHOT0YUIYAZJxxjDdOxGMYHUE8Hp0OKq7bu5PXe2z000vbottfMhxUW0ltZfh838vkVigbeMA8Z6E4xgZI5I5APOMEA55FOjU8KMZOeTnkn5m5Bxk9TnnOOhJNWhF94huSQxCjr8oO4juwBPTnHrxTkj2nC8MCCcdAD+Jxuz/Xhcg1Gpy23vrfz1XVavRrrbR7MVmtf6abWvnsrfL5dl4RH+lX7HrHoupkYXncLSb3zgnH5Lx3r+GnxxK138ZPimskbIDrHj1ixZhvMXiy4ZcDuQw69t3HoP7nPCqkPqzgYYaFqZBxj/AJc5cemRwe/fA61/C/4rE0vxj+JaiR8y6r8RTjgAEeI7l+DweoGTwem71rgnJvFSWr/d63faUU2tFaz/AMluelg6d4KS0/eJN9LaaW00a67aa6NtdzbCzl0H4hRRxSFn0rwvdvjkKuyBGcgg89WAHBzuOMHP5MftGLbL41umigYxRXUR3sdvmYXGAAvHI4A9MA9Sf1R0LUDa6H8SQ3lFo/DPh9y7NuLsix4jHbDEAErxxycsc/j98efFE174r1K8uLaNntbhVhhhQgErhg7HGDt6HORz6gA/VcNupTdWopWjGKejV+ZqKSsrt6b+ux4/FFOm6EISipOU4/FrZRau/n31vrY8W12XMF1q+rStBDGoh0jT1YrLIzFVMhjBYcgkZI4Hvg1+pHwJ+PX7RfxG8C6d8IvhXfQ/Dbwho3h6C117WIA0Wo30bwgSTmfcBmQZyCmWODndX5W6ho+p6lbDxBqTzsziHyLRYWKxQtKoACgAfMFOGAyQPrX6Z/s9+MvC/gFdYutf1BbOS70LSY7fR4IHmv7/AGWuCkUMQ3Au38YBwSD0FfV4rAyxmEVTMqahTgvbQhJXlUk9naVlaz0Vnvtsz4fL8yjTx6o5bL2k3+5rVIXdOC0k+VJNOV005Sd7p6dTv9V+AXgLQtT+Gba/d6p4v8Ral4q83WtS1SWW7W5mEcrsiiR2XY8oB24IwMDjNfbunnTfD+kOrJpugWFskwDyCGxgghUYQHlCcLjLANk5wOefgr4j/H/U2t9B1qy03SPB2leHr1rrTJ/ETxPqFxOwZftX2EgyhgrHarHIzyCeR8v698XfiX8Xtdl03whp3ib4h3cuf9INrcQaDbliCTFarsURqTkMXPygErjJr5OOOwuEjUhRo3lKS5Ixj5JWuul47LV6ap7fVSw1XETpTrVbKEXzSfNe7cXo9rqzTbt80fcHxk+NfgeLT9KTTLy4106T4htL+8ms1DWO23YhkSaQpukfOEwCMsCD0NeDfEX9t7VrdJdI8KXlt4VguY2RLbTIDrXiKdJEChDNGAbKWTJ4KsUzkHHNeV6v+yV8ZtR8MQeKPiR4gGg2n26zgt9DtSx8qO5lVTlYdux41JAD7jkcngivsz4YfA34NfDHUrODSPCS+J/EK26ST65rcQvJmuXjR3kjEu7Cq2APlIHy7iRjHK6+JxU5zc3TjywThC8ZO9la+7Wm92tb7WNfZ4TDxpyh+8mm3z6NKT5XKV7WsmkkrSZ8AeHfB37QXxevL2/8PeDNVaHUg6N4o8YJNNcRidvnmSS4KxoNrbgqwjAwCSDXf/DP9hTQx4v1WD4s6/c67NpIt55dLsZCtqZrrLFPM5UopG3aig4G3A4FfrRLP4knsfKsoLbSrYBEEMEaIFBYYULGFQADOMqG454rxPQLf/i43i+O/uDdSb7YlMZLOmMn/dGRgHAOT0IzXVlODVXHUI1uVwm9pNuTtyu7v+PLpqtTnxeMlLB4idJuMoU04yjupc0erWqttbv0vp0Pg74WeDPBVitp4L8K6To1pbGNFmt7aM3Mu3je8rK7knuwJ57ggY5WzQw/HPxAhX943hmxADHj5WY4zgHkjGOmCTgYyfpe2tWuDDHAMIyx7kRQAMHjJ5Xrnqp6YHIUN4MthIn7RGtKwDFvC1oQSOGG5sdehyPUknJ/hzX2uOpUKUcJClSS5cQpPlVtEumi0u3fmuvXZfJ5e69aWLqVart9XcVFtu/NKHRt7pO3S+mz19eiQQRK8waQyRIuBhsFievYqOeMADsTmvLvizdfZ/gd42aNGBBuYtzDKr5o2kZOMDbwSxGMHIGCD6xcIthYzXF1JDHbxRtI81zIIIkVDk5kY4BAOe3T3r4r+OHxg0i7+GHjXwp4etrvXLw3Ma3V9ZDGkWUc8hXD3RwskgPGFU4ILDnGNI4vDUVGM6i56koqMFZyd3BJbJXWi2vt5oxngcRWjLkWkI80m9IrSNr66dFf5JbHzNokX/En04jG5bKPkruCEsPc8nPB7bvWvMUhY+O/E6sqsGt7XeyrkkbhxtJJ6c7gRnAA7Y6XSbjxRJpVvF9q0WyEEECIGAmdkCqyM5BHJJ2k9DgfSuAuxr0HjPW5F1HSpZpbC2ad0j2ooyQCEDEnkHPoOCSa/WaeMpcuX/uqr9m6dvc0t7N6pXWt09/xufzO8gxir545V8HTWIjW3rXaTrxfvJQtbzu7PzSt21xEFiuJNoYhJlBHDECPptydwXvwOhB5r8oPG6A+J9YG3JOoXBIAwT++b+Lgc8ZUdQMnB6/pvDN4gZ7j7Rd6f5Ril+5H1AhO0jnbySATjC9CTgCvzT8WQi68Q6q4VpCNQucvH91m+0OGJA6n2weueuQPzrxUr/WqWWRUGvfqO0lZ7U1tslt2uuVn7B4F5dPArO4yq0arlHC+9SldWbmrczSt1vffR7mM6AScA58qLjG48AfxdAcDpg5weuCGaUZWXBAGc/MQ3UjPphhzk9DnAXJzWi1qm4qFZjsQfOGRmwAcEbfzHc9CMDFgWavw6EcDaoV93bJLbeu7p1OMd+R+Kxoza1jJ3a2TtZcur916Lz8+9z+gXKF/iSWt/ejq01dXdvLSzevR6FnQVYX8aqCVIkDNgHOVIIw2Bzgg57+pFU50xcSAKCBNIoGFX5t2SQT0HbOcZPLc5rf0e1EV3GRC+zEoyFc5ypxnI6p1A4wTzwMVELOUtK8cBIMrEEwy5AJOONnTpxzjsRyRry1ElFU6juudLlk1bmS25b209O72Y+aFrupBa2bUo9bdb2v166763MGONiZQIizbtwHzEjA4Oc56kY4OTkHgA10ugRFricycFbWU4UEclTnuQB05HT05zU8elXfl7ltpX3KR8sEy9STuz5ecgdOCDnBzxW1ZaffQNOxsJQHtWTeIZQucYALbAAPvEn1GcdKmOHxD3oVdbXfs5JfZum+Wyv1u/J2tZT7WjdRVem29Facb3vG1tXfpbp0PPrpGJUlNqgngKd2ASGIxj88jIxjjpSwFICrndkjnsOSB0x0yRnPTgkAV3S+GNZvXjEWj3sysCR5dtcFHbrwRGAckdsDqetaMfw78XSFQnhfWP3mQMWMuGU9VORn/AHcgZIxx0O0MBjZPTDV5JrpSm3rbZWta+zWtnozF4jDQvz4qhFre9SK1slZ6r+nt25fw/bORqrnK7tMlKk9TlgCOe/p2O0AdyeektwpUMmSxztMYAOOp46ZHXqBxnrXuGnfC/wAb263TP4R1pEntzEsr27pGWc4VS5U7WYnI9TgkZBFaNt8B/iZdcReDNWygUjzE2DncflLED7uDnoQMqTgA7LKszqOMIYDESkkm17KbeqTvs7N6O/S/L689TNMtpKLnjsLFSejlWgrtct4/Fra93bdOzsz53MBU52PkliDtAHHfp8o568FueB0rpLGNx4d1hVQ5a4gJAb36fMBwpBOR3GT7e4j9nf4pSPg+F5Yl55lmQLuA5DbiMqe+T9Rjir9t+z/8RFFxo0mk2tveXzJcWqSXscavDb/65ixOBt3Y59OckZrpp8P5xFJ1MuxUOZxScqMorXka3jZXdreerVzmln2TttLMcI+W8p2rQaSVm9pPRJtta7dT5ca0lwrGJskIW3EZBK8YGMcdSBwQOF5zT1tZSzHy9uzLggjHIyAenTHGBnk8kgZ+xLf9k74jz+W0kvh20RkDfvdVgLAc8tzwV6dByOc9K0l/ZK8WJxdeJfCFsAGBJ1GB8DAJ4z75znseR0HQuGc6m0o5bX1tbmSXRO/Rq/R30312eD4pyCEXzZlhlt9tSd9Oyb08/wA0z4/ZXbQIoyyjdfswzzn7uc44wAe304OaxxayYIJYjGMDJyMnHHGc8/gDxkHP26P2YvJSHR9Q+IPheCWNPt++F45Y5I5C2VLAhQUwScg9gOQDWhb/ALLfh5Bm6+KuixgqrEJEDg5Ax97OMdgM9vcb0uEc9qx0wcrp8rTqQSTTjo05ry87+epzVOMuHqbjfGp8yTXuVLNO1mnyPrbpq9rK58KpbMr7MFCDkb2IYKoJweMjPJ4B9MnPHQXsMkml6Wm7cVMhAIYgYP8ACD39TnHJyCTg/aEv7NPw9ib/AEj4s2JIwSY7UsQSBjHI9/cZyrNU+k/Az4NyGey1j4jXrDTZDCr2tlIVuEk+YSK4zwBhcdM54HBrZcG523Sp1KEKTqT5Yp1qdnaKetm9km2nay023yhxtkDjVcMROoqUbyUKNV+65QW7it29dbbXumfC32N2XcCNu5S23IOTjjPA7AEjPc9uZBalSMMu4kkfKSAMYyTyDjBGTwBwR0r9EIvgZ+ztCgEvjbxFdZIwIrF+QpyRgAYGORwOeMHrWjL8Mf2cbCJkW+8U3pZ1CPFZPuGQCAQQflI65xkZPAOB2Q8Ps2unJ4eKWr/e81rW7Xu76vpZ2tszgq+IeQwslLEt81tKLS33d7aa2vp+Ov576lbyuLHJRgtqqnPzFQSQSfQZ5xjHJPArPWwZmfeRwpHGAOADznr7nsB26n9APDfgv4LsdSbVtN8S3TW98IbF4bUkG04KiTtuHAIBHJbqRk9uPC3wDjkiWLwL4jnYKxybYqGOPTcQSAQGYk5z90550ocAY+slL6xQgm7O6l9lpNK0Vfy6rZdGRiPETKqEuR0q0pWi1pBPWz09+6vfV76ao/MU2kmQu5FCkLuGSRnaD1yMHPOMDk8DjOnqNu8l2xWQArbxADYWP3BhcgHHbPy+vUdf0oTQPg8jny/hZrE55ceawiBG3ACgjORjPuSu3pms/wAOaL4Ua0uvK+FkF2Gv52hnnuEVlhWQrHEzMpG5M4PGDtwxzjG3/EPsZGrTpfWYPnTd40qskuXkVrpdbvZee2pgvEjL50KtaOGqfuXGL56lCN+Z6faajom0mlpbR3d/zZSzdflkLMygsqCF2Zh1IACHPAPoecZORmxa6fIlzbSCK5bad5LwSBVH38sQmMAcE9AMDjmv1MOmaPG+1PhHpMZHzq013A0gG07SuUJCnjKtjPGCe+Hr0l1Z6VqQh+Heh28f2GZWmWe3Z496n5x+53ZQ4AwQeMgjPPTPw5xMYzm8XK1OPOorD1rySS0TaW+2ummtkk3zrxMwTnSp/VYp1HGMebEU3q+VLZO701tpa/ofn/4V0u8fXIJobG6ZDPdFXFvIyNuVuVZVIxyRjdjOMkYNc9qHh7VZL+7ZdL1KXN5PkLY3DBtzsVz8oXnduBx+IFfpF8N9Y1yw8L6Klj4N0OdVeb99PPAjS73J3fOmVEeMHPBJBHqO3n1fxhJcSzQ+GdAtyjZ2vLavGzY5yvkguBjjBPcDpWuH8Oq1alSqPFVYqajZfV5N7qW7frpfVb6WZlX8S6FCrUpfVaMnCbjeWKgpXVrprlbW12l9+5+UjeENecN5Wh6uOFJ22M+3C4zklcDC/wAW7g54ySRt3HgXxldxWiw+GNXkUxsDIbWUDa2SmeFAAxznkfxfwmv1Gvdc8ejStUZ7PwraxrpzhWTT4XlTCbj5bhR82ADz97uMgZwtOu/G1xpFhJFf6JFE+mp9+xVnw2fmb1YkAYwvfBPQdlPw1dSvGg8RWu6ftOaUFF2bSta7Xk999b9eep4pYalh3iHQpOPtFStGtKVm7Su2o2Vl5bJNt2R+an/CrPHodU/4Rm9UtHuJKSEMMZycY2jnleMHPHHNiw+F3jcywONEkjxOgIaVd5Knbltx4HPU9cdOw/RIReN0haVNW0uRS4Vl+xN5YU8End82AASOgU47jj488U69qmn+J9atJNU8pI7mXdJEXQNIwyQg3DZEDkAY4AGSxya4M74GeTYalUVWU5TmoPm5WrWjbXVXaXdu2ul3b0OH/ETDZ1iKtGNKEFCEZ3hJyupOKSez11T007po427+Cnjq4ubiYWdlAjSKzB72JVGfT5gCRuJPqQQemQ9fgX4udk3X2hQeZt3M+pRLgDrkbjgZyDtHOccDbV63ur3WNPvfN1G9eVXPltFNMDIwyCWbcAYxgE5x05woAHnEq3yxtG+o3fnK7bvNupTHtHYkMCMDGMZI5zngV8q8prRtaMZKUYrd3s7W7rZ3sv1sfYRzvDzb5Wr6K1r3s1pa9nfX1+Vzt2+C+q2zNHc+JPDMLhVIP22JzsB+ZcEn5hyABkdQBg86138HraW48248eeHrYmBCVWRWQ7eMqcEkqBggEkdOCOZPCXw+vfE9nbXdvMHZd4MssjDeygEphiSQpGc4wVwWAaut174c3ulwQ3N3LEscirGxhTBjY5A+Us2UP8R2gnAxkDnoXDuKcYSUUoys1quqWl+q12bv9xyvinAwnKlJ81ROzjGN7vR2d7t9ntZtdjiIPhH4WRN138SNOKq4B8uEtjv97jOBnjnABA5xU6/C74bQq4ufiapOC5aDT2cA5zt4JAKrkZKgD/dwT0en+BrSWGZ2uXuQkgZvLjG1hkElOAABg4wDg5zlQK5afwtewanqEFhaSzKbeT7PHKgCkFMBgpGM4AA2jnnPWnX4cqUlGUqkdeilzS9WtW7X0fd9DOnxXhatT2UKFR73drab6K7vpvqm7LVGxN4O+C0hhkuvH+rSSJF5X7jTyVcKuFLZOACR02nqc8YrnpvDvwoQb4fGOryRrIUEY05huAP3sq2OVwM8Hk4rCj8L6olk4mtpo5YZ1adJISsaAsc7W2jg8+nygkLXOeJNTmtNbmtbKO3SK3hiDIqqy+YUGSvBALeuDgncQGFcv9kSgk5VpWdlZ32aVk1ayatK616X6nTDiGE3GEKHM5JN6v8AlVl36O+nXqkdz/Y/wwRxFFr+vlQRIALF8FgQQRhiAp4yOvUZq++l/DGWR5pp/Ek8p5dliZAdoARsYzngdcdsjJNeZjVWlWNMMJXCvIwUKqgHDDoevUZOMdduDW1qmo3ZmAhV40mt4lBYYd9owT0C/N1K45Geuaay6Ca9928le6SVrW9de97+q/t6VnJYf5J3dla3u97fLW6sdrDa/C2NTGdN8R3RJ3kvL5W/2yVz2IOBjcM4BBNaVhN8MJJEgg8G6tPI8oQM95u3Fem8GMjHIyOuCTya8xjumIVZcZCnOMhuMgr1A64GD3GM9a96+HeiaW2jNf3xkWW5nBVlwCqKV+fdyRlvY56YIwDssvoU4OT95t9Got3cUlfVLu02tNNzjo59i6+IcYUFGCTs/P3UtNdPevqkvTWyalB8PoJkjHge5+0C1JWOWcvvcL8pchfu5PPfAwMHAr2b4Yal8MrXwul3f/B7TNe1UXTRF7gHYI9pCgnDBnj4x1BJJBHAryjxOls1/bpbPdJBhvnxln2kgFSOSvUE7sEggHk16z8JpYptJe0lmIgF+Y/MVQDGpxndkD5+RzyenXpVPB4FUedRSu/JqV7a2cl56cvfaztcszzCVWUFok7x5Eu8d2npd3vorvU1NU8XeEr61lsbH4NeC7CVJXLym3LSpGo3cnOAfl4J5DYz0UV5PBbX8l3Z3ej+C/CDW1zNNcXFvPZiXBVsA7i4wmMrgnnJ5PGfoafT9AsIfENyzSzyCOVU3KCGBiYLszgk7iC2BuyBjrgUfAelaPbWum3F6HSV2mkkDlCApfKquSFC4wSM8/T5a5I0MPFNRUUkmlqr3vFb3dtr2/LY56uNx7ptybUnaK1bd7xi9LqOytrrbd6NmfDNreoRxT6T4D8HWYs7VXmlj06OI5hHzhUZX3hsMcKBlgPTBp6D4v8AH5F3f6bpvhO2jgnkg2S6VbhiQxQjY0eQUwc+uDy2BXq93490TQbowpbm5jCTJCUVE+aQHAbP3ghIJJBXAOCOo80/4SK0t7WUvYKZJbq5uw4MYDeexYAgYBxx6jp1OcbUXCStJR0Timlq07Xb3Uene9ltaySrYyVO7k76Padly2vZ6ptq2lnotOhn6zqnj3xSElubzR4TbR+W0VhYpFFK2clWWLZ0K4BPKkDBFc9Hf/GBIJ4bDUorGCJtgZY1TAXAVh85wOCT8vHI6g5ytV1jURODZXC2kMvmSOsdwqgE5ZANucscYwRkZzjNZuiz6jNHONS1mSCJ5t4xfJtIwcbsHKg/KMjPYdxnrWDoyp8zaur3fu3bfJo93+Cd76XZx1MZi3a8VdvW8VdtJLlbTbXXt100Og1LTfipqFlHNrXjFZbZirCFgsqSOoIXIA+Xrweuc8GvnnX/ABT4n0bUDZ6tZDUrOCcpHewqRIVUnc24EgDaM4+XGM7jkV9OW2u2EFpHHPq+mukLuvlef5ryAAhSxO4cbjnGc7eR2HlupXmnatczMYkaF55ShTDq3zENuj5A7Y4yc5HGK3y2FKdepThJwaiuXfXbXVLR+i20MsbVq/VozrUlUg3FO0Vony35bLRp6Na7NHNaXrWn66rxaZdw/apVST7NLhbhZckbIwxywHIJ+oxuwa6q7vbWytNPtr+3McgR/MdoRtkLc4JwMsP4XBwOuc81wGpeAo3I1DTk+xT7XcTQSeW6kEgMqqOoPKr1JyCM81iS3HjfRoo5dQlg1zT4mIQXQHnRoASyq+MhjxkkE9xwCK+gw9KrGDc4yaWinG0oy1i9UnprZaJ21tofI144evXUKMlCdrqE1ZfHFvle26Wvuv1O5Tw9Z6xY6lJAqQq6+YJCQSuTgBhj5VUjHPGCN3fPFw+HdQ0uWa5RxLDbw4DKAQylRghSTjgHAIB5OAK1fCvjfSoYr6G7S701r47MTRNLbBiTgmTICoMHBO0bTkcVu2UcmsLqQ0+5S4g6xm0kVhLkYwRkFSQD0BAznsDXfhoRbjNu7V2op2bsk1o93266X01OausTQtFU5KMuX3optXjrpa6d0lbXa2rehwIlG6N5wykyF1AHBfOSCAOADge6kZweK9o8ATwy3NmpDpCfN3tnKbwoK/L6A5ww6HkAYJPHt4XheKKSV5Ld8OZt/wDz0QcFh1xgDHHHuea39CFzpVg86OGeJp8K2AAhXapTgZzgkKOO/Tg608RFPVLRxlzKzl7vK32a02s/KxhiGpqMbOEkovZ3aja9mnppfRrRrpbX0NruIStbpOJpJL6T5M8qpzkgnkgjopIAJx7m5FMi3hs12BWMkgO4/KQnTj3zn7xzjrkmvKYrx2SyvGlX7Sbg7kzsIdzkMvOdvIz/APXxXbR3Spa20khBuszbgBjO453BwcgDggk44HqSOp4hWjdO/utNO/NH3NG9H3ulfbe+3LTw05uMW7xi09dmrxTWq0a3vd7q1tU/qP8AZn+JHxH+HeseLNc+F3i3xD4N8TwW0Nvba/4XYLe29oZv3sbHnfE2Su0jHHIxwf0cuf8Ago3+1hFoOl2mo/GbxPfGwk0572LUtOEs2riwmSYwXFxHyiXARo5SF6NxyK/MT9mSKwuNS8aW2oXbwQxWFs3mwTLCzM8xYk5K7sZIbnt2Xp9J3Vl4Z06IuL1yys7IZriJkbOCuMs4YdDg/ewTjrjCeDo4iEqlVU+ZWTbSlNRstLtbrVvRXa02R9rhM0rYGhRowjKUFTi1aV1dpX/BPy6LU/XNP+C+3xPtrO0tLb4IeFHltbO1t5riT97580EKRvOVMPDzOrOeRgkr2BrAvP8AgvR8e7lzJZfCXwfbKCcKbTcOvTAUY5yMZ6hQeOn5YQa14atbSKZ9T03zZFz5ItYJCuOcHBwHII6lcnpxTo/Fugi3abMZjXc2fsERB544Bx0PGT90d8V40shyqmlzTpq6UneTdrqL1UprXrZ9O2p6UOJMbJ8iwsr2Tsox0SUdW0t3ZX1P0fvv+C6n7WM4nWw8E+CbFJFIDHRy7JuJAG4c8DBwcY3YG41w99/wWc/ba1CM/Yx4es2YYC22gsQB2K/MwI4PUDDE9hx8AXfxE0hbeSa1jhcRxOzA2CHIVcHuDkYPJPPAAx1h034w6Hb2VvNJdWsQlBQJ/Z6k4BPCqASOnU8Anp1xzrL8lpy5VWoRbTltDWzjfeV7a/mkbxzTNKqbhCpbS2lktE+2vVt3drWXl9k6j/wVX/b81NMxeLDZ+YxP+i6OqkFjwoLLkZ6Yyep9MVxmof8ABQv9vvVU/e/EjxJAxyf9HgSIHOSBgKScYJBPPCjtXz4/xy0RSWa7DKEyoj0okEjI4IKgE5JPvzgk1nyfHLSnj8xQkgI+UnTXHIUE4PAyCce+ccCtY4XJIqLeJouVru3s27JQ6p6pdW+7enTB5jnKetOdnbeXmr8zVt9W++y2ueu3/wC2B+3Rqt19pm+K/jWOV4DEWW+8mNkc44AUjO443D7vOcDOeP1X4/8A7aer24iuvjF44CElSDrEgHJ5HC5yeOTkZ5PrXnn/AAvbT3ZfMt4FD/KontzASBjO0FucHOBzkNnnANWW+NOkOQrRQEZBKpAshAI4ySVzkcndznI5zW1P+xIpctalrZLm5Y7uKT1f+Sd1r3zqY7OHa1Kd3ZqzbSXupa8r0te2ml7XbNC7+I/7Xd67rc/GTx0Dc26WzMNfnQ7ExtXII+UcHrnk5zzVGfXv2oJi/wBq+MPjWXCiNmPiS5UYAAGSHBIIx6MRnrimzfGzw6HAkSXKqcsLTI74/jI4yAAOvfNUX+OXhaRn3SSZIIYJYkHPbPIOM5JGcNnBwCSOuOJyKCtPFYe/nKKsna691avfvporXMPb55NpKnWu+W6UXaz5dLt/cuXpvojHutP+O+pAi8+J/iecPkHzfEN82RyMcXA5YH9eQa5uP4e/Ehr9EvfHesymaO4O99c1B5EQlfMj3NcZRG6kKQOBnABx2v8AwuvwuMERzzKOc/YWHA+XkliATkY3d+vOM4uu/G7wtA1pfJo92GRHgVnlKQOWI+UAY24+bAzx69Cc1m3DUKkU8TQjK6teUtUrX26u763exo45/K8nRqOKik37zS1jZNvRfNW19ENi+EuvSRj7V4r1KVckkNqd7JnJOTk3PoBjnr1BxUifBlZlIm1+7cZ4LXVwSwz1G6Y5xwDweh4x1wU+P+iiAMPDkjqCCCb7blTk716hlJHXIwDjk81s2nxh02/sGvbfwrK9sGw0/wBqAhEnI2mUH7ynI5wenQ4rplxBwzTi+bGU/dSu7NdY9XFJ7Ky6v0RFPBcQ1OXkpyd3dRu01te9r6ve66fK9lPgRpchMkuoByEOZJJvMbIUnJDPkgnjuCT05wep0T4D+HJdMt7ltWEZZ5FeGOJFEZViuN+7liOc5PB5Oc1wtx8YdIhcI3hAiSNQ8itqoVlRxwzIwb7wGASWyDzt7+e2vxonnkutAsNJuBeNrU1yILe6kmxaTIuyNGUFWMeM7fvEHuTXk1+MeHac1KlVg4wTjNrlV0+VXbey89LdtrehSyHPKrkqkXGTa5XaT191Wuld2V1or2d/N/TkfwS8HQk7tTkLDnJkiGB1PfoOM9hznFWj8GfAjKrzalKnK8idORxnPoM5Ld+fXNfOEPxB1v8A0q6l8O6qtraxkzTzxXkccS8/vXd4UCgkEZLH26Gqs3xO1S401Ra6MbmQs0kawC5lmkhwPm2InmlRjJbgdOMcVyPxAyC0vZ4ihJJP3o1KbSa5bJ22c799NNO+kuFM8au/aPS8YuNWOumt+VX1Wqu3dXb6H0nqHwi+HMVoR9uL/vEYKbyPLEH5iOpwdxwfbPHWnn4cfDeIZAtGVVX5pLtSN2AeeedxOB6D0GK+VV+IHiPWtRWwsfC8t4Y7bzJYoIbu4ZCAMrIIY3ETrkDa5DEKBjqTqafa/EnU7OaW18E6q6o7khNK1KYqR0Dkx4UE9CCQAMZxwcZeJvDeHclicZh6aTjdTr0oWVotN3ad7PX+ZPazOb/UjiCtOPsaFWrez0pVZNWauo+47uy166PZ3Z9JDwh8P4x8jaemSNoMgkbOG4A3dDnnODjqOxpyeHvBYVzAbEMMjcUhAGTnqzZwQCMkjrzxmvCV8E/Gu6a0trX4feImu9RVmtLRdEuxLcKvVrYPtaRRkEtjA28kc1mat4C+LOn6qdB1f4d+KLPWWjikNjOk1nPIs2BD5MTSkyl2IVQgO4jHy4FOn4tcIVaipQzTASq+ylXVKGLwzqewjbmqqnzufsoa81TlUYu7bSulE/D7ipXm8BiY07qCnOhXjFylbljflS5ndJRVr721R7JKuhadrEqKNPWIaesibI4yjSiTax77ZSvHGDnjoKtG+0N4zJGsAXIDfuYRyRzjk89uCxGR1yGrhtY/ZJ/aZuBpO74P+PNOn1OSKDSTfLJZx381wBJFFE0hUltrAqpIIyM968+179nf9oDwp4vHgLxB4N8S2HiiWwfUrXRzcnfLaRHE0oIb5vLKsCASRgjA7cEPG/gSdR0qGfZPXmqc6qpwzDDyqKlRUfbVWoTbjThZ88r8sXrJrVnovwv4vhTjOplOOSahDmeGrqLlOyik5RWstou129r2s/el1HSQygiJQTkkpEMdBzycdvvcA1n6nrWkRW7f6Rbxxm5hD7/JG2MOpJAHBUYPpgDHPU/PGvfCL4t+Gr2Ow8S+Gtc0SVtLfWEXVrxrczWEYJa4h3HDxqRxgkkA561Rk+D/AMRbjTNF1ia1tk0nxCjzWF3LqLyoYIsmSWYA4iQEHBYjd3+8K6H4ycJyw9PE08bhZ4erLlpYiOIhKjUkrc0YTi5Qm9HeN2+6sZ0/DTiVVHSlhK6rQSlOjOFWM1FuPK3GVrKz00tqtWr3+o7jWPC7zxk6xpSBogFzImcgL6KeQQB34J56A8frnivwpYK0cniDS4j5ci7VZC24NuwNoGD2BwVBweuc/NMWhX1n41tPAy3OiX+q3EJngktLiSa2UrH5hD3CE4ZQDuUj72QQD8w8i1e+vH1bVrGa1guJrO8ltpypIj3RSbCYic/KT0AILDng4z6NDxGy7F+7hlGU5QjXirtN0qjSjN3Sbg5Rmk0ujTascWM4QzDC2lXi4pVJUXazaqQ5W4X2vG61V7XVtN/vvQvHfhFrOzDa3Z5CMHJAGOCME9CTnjvxwD3isPG3hUieOXVoAwu53VpBtGHYYZSeMYA446nHByPiKz1DVUaytYtJibzDsjXaSdxK45C5AOcDPBG7BJBNej+HvCni3xf4l0rwlpGn/wDE41ITC3t5nCiN0VmfJYAEAAnnpjHPG2a/iRh8HBzxH1enSowlUq1KlRKMYKKblLa0YpXvbZ2d3oTh+CsTi5U40Y4ipKpUp0owjBPmnJxUY81vek5NWs/Tc+nZvGXhVWjcalEwZsfJGTkdAQFySOOe2Qc4AqYeO/C6nH252KjPyWzk4wSx4XgAAcnGOp4PHh3w4+G/j/x98UtM+D+lGEeJZtTl0kPciOG2hu42KtvuH+Ty+DtYk5wcZHT68+Kn/BPT9o/4Q6VrvijxLLYXmi6VY/arr/hH7iK/vI4vL+aZ7aNMrEo4ZiSV+UnIGK8LG+OXCuV5hgsrx+b5bhcdmFOlWwWHqyanXpVWoU5U23GLU5aQ2u3ZLQ9nDeEfEGPwmKx+Ey7GYjCYOrKniakI3VKdKKlVjJJ7xjZtK1ldtM8u0z4meErWZJprucqJLgfPbPyXXAAOME5/L2zisy7+LHhcFtlww3MzYa1kJGclVAwcfeGPm/oK+ZLC01nWtX0fQNL18uZ5Z5n80xqYmQM5VhgkMoyMEgq2RtIwTx2p6h4htbqe1a7dDbyyRsSE2t5TspZSUIbdtyDuwMcj1+0wvFssXDmpTja0ZWjT973uVqdpTdlo973u9rs+KxnDLwvL7SE2tIqXOlquVNP3JWdrW9NbWPraX4t+G1jyslyzKSAFsnORxzk88kE/hxxWTL8aNFPnoLfUnBRoxttigO5WGRkkjAJwSMjGOM4r49k1jWJHRH1GUsCVYxqnHGdo2qPXGDn1J421j6lqOopbAre3Cy+eoctIMbSfujAzggn7w+UfrpLiLFvnXPZW3SSbskn5J3b0+RyRyainFJNNOPxTbv8ADt7qV1vZO900tT6tg+LdlZhoorbVpkkOSGTAjBbICkkEA7sHpnDcYq+fjNbFFEOkXrOCQGkl8rkfdYjJ2kntyDjqetfKlnbahdwJJ/abRbo1dUaT/eOCegweTxgHpkg1E+n3DFA9/IxLcgSNxkn5gQRnOAOMbSGJBxgFPOMY4xSqztJJLZpX5bxTkpJd+jV/IyqZdhU25pXbstZpPRdLNXutUlbRd7H1dD8aLxZFmTSrdY4AJMSXYwWTGA45GeuARg8g4rK8Q/F7V9etIovsttYtFK1ws0N4iOc/3jzkMMk/KOT3xz8/2OlpHpWsl7h5pBChMnmcqQTkAc/MxwPl98A8E8nDFGzgb52GEGfMbJP3SM5wMc5JyOvU0YjNMW+WDq1pXWqU4raytdRSaSsrre3qXh8DRg5SjyWTi2+VycbKL1bfd9kr9D6YtvixrkNusCf2NkDa0s8gkmZiAdzvnlskdscZ5JOcq5+Letxyyq93ohLhlHG4j5c7SASMAdOBjJzkYNeB/YolYZSX/WDbmU4Y56sNwIx1I4XGRyDiqOowx/amVUwX8oKpYsMdSOvcDryxIIA5rmeZYyVNXrVElLls5vyS2tdtddV0eu2scJQ537lPmWl+RWV7b6vm2b+++qZ7Rc/FXXpEt5TfaYBEzPA8duWXcvcEHaWC49xnIIzzLL8YvGtwh8vU87gNxitfl2jnAJJAJHPH144NeeR2kS6RawFRE0UMs2fLUsfmZQASpwSOc5PRemCa5me9uIokRXLYOAGDLtxgfw49tuduffHGVTH4ulyyjia0VJe9yykndOKd3fptfqvMdOhRkpU5QpNR0jemm9beeyd3qna6e+h7LH8QvG+ooI11G53IGdyXjQgRgsxZcemQB3PK88HHX4i+K7gtjUr/AOQOPMDhFYrlQRlRkA4PB5xk85zzXh1lS3e7ZgZ5IbtTlmUqPJ/ulhk/xc9BjA654mKSURKgf5WlcEhnJ+YkEDGO4OBzknBIwKUsdinytYrFLmSvapJfy2iu2zu3az18xeypUebno0G04WXs42ad7391Nee6Wnex6RcePvFZZVOqakASoYm5G0EnOMAcZ3Y9SM+pw6HxP4qvr6C2j1S/ZpZEVl+2kHaTkkY5zgE8DqCAMAg+ZzrMZhDEkj4KszbiThQFA3fTIIz17DAx1HhrTb061pd0YSkP26NXLNwVz0znoQAeD7c8ZyhisVKr7N1sRNaJt1JK3La+101pyt3fqrNt/wCzyvzQprreMaaskk76R72u9NmuWyOw0/xVqs97dQG7u/8AiXyTIBNfMRK6MEOVAJcADOOduRluuMzWPEuoWuogx+J7uBZowZYYZWSOMsMkZJPOemCpx1YkYONewOniDxDIlvtSKe7ZSh2oFJ3Bic8jO0jOD7V5jMrzM8ruzu2RlmyQM8e+B3B5wp6nNck8ViKU7TdRapxipzV7tarRaNaaX73Wp7dDCYPEUm4whsve5IOz5Y3eqXTTe9u2z9ItvGt6usWJ1HXdTn0gXUS32y9kEpgLAOyZyMhSSAeB1PqO71q5066/tG70TVdQjgTU4YdPebUHDvY3OGeSVgF5B5UbhkZ7Zz84yhkUgAs25BwCQeUKqxxyPUHp0wCDXosdrqZ8N6iZShjW6051QEAlWjGNvQ8AkMMlexzgVy18zxNNx5a1RKdWmpRc5Nbxdm3rbS1lZLV3vY9HA5Rg5upzUacnGEkpKEVZPlad9LNctrWu3prseo23hy31FbmM+MLayktEWQzX17LL9ojcAsIV3qCRkjAydwJAIIFenQfC/wCHj6TFdP8AG3S3vpo7cx2AspM+bKuZIZJfM+UQvgO/OVJPOa+UEjkkuGjkjlWJUVvkOTnaMBW6dxwME5z04qUJtjYq0iABtnIXb15zglt2QeePboB5WYZlmFaS+q42pglF++qcac+dpxdm6vM0nqtNX06no4DAZVQTjXwEcW9FzznKFmlFbU5RTs1pda+d0fYHw18C/BgajqGm/GPx9qWn5ndNK1fwjGbvSolLKITeAZAyDljyBgjGOB9gD9g34RfELwVrni34O/tA2+v3mjndJpN3ZJmYbdyx7t/mwSN0AVGBbgsPvD8hdPuri3CkXk6KzEvGXDgkcsSrjBOMcEDAAJBArv8A4f8AxP8AFfwy8V23i3wJ4ov9H1PLLcWryMdPuoxkSRXVpzBLHKvy4KBsNlSCBX5xxDhuM6taWNyXi7FYOu5e0+oYmnQrZdW5Uv3bj7L21GM2kpThN8rcnbofoOR4rhSnCjgs14YwmIor3HjKNStRx1Hma/eKSqOnWcHryyirpJX6m18QvAI8Dazc6BrGo3thqMAyFuYNqNjPlzRlch4ZGHyNnG0ZI9Pr/X/Bf7FF1+yr8MNa8LeIr2L9o+PxDp3/AAnEd+7NZzWE12q6gfspAR4IoFVoiOvzDkHNed+LfHui/tOadpE+l6NZab45sEeDXbIOqtqQiyTd6dI3zbS25xbgkgsBnFfP2veHxpifYFieK6spmjljmRY7iLyz8xZGTc4DdG6Y5JGarDYfNeL8PlyxOb4vJs0yvEwxONwmFr+zjipxpyozpVYu7r4Orz+0p62uottNGGYSyzhyvjKmHy3D5ll2NoulhMVVpuToRnKnNTUn/DxFJLkkvXpK7/qm+EX7WX/BN34c+AfDWkTx/DybXtN0nSze3sHhSC4kmuY7aNbj7SJVb5xICXYt8x45xXxx8G/2nv2IPC/xb/ak8T+LdU8Pp4b8f+NtP1nwfDF4Khu1FrbeSZIbKEgLZxMVYSIu0MMe4r8LtJtN1ob+ciaUMqOkKRmOSMEDb8udpPGSeQRnvipPCtlp0134nS5siyC9iKq6KTboxUHYMELgt1UkcgnGa/PMt+jVhcHHOsPW4u4oqriKEFiazzCMatKNPFQxi+rz5JOHNOHLJ/8APv3bptnsZj4y+1eXVcPkOUU3lcvaUafsJOE5So+wXOuZc6UZPTbm12P3H/bD/bF/Yi+L3hzwVo/gPUNU0uTwhr+l6hZRab4Qg01BbRzKdUSSWNFN0k8KkRQPuCtzn1+j/Ff/AAV8/ZHsPhYvw/8ADGl/FPxDp5sLK2vvD1+s0GiarHBZRwXdhLCVMaW1xIpKxj5cbVAPf+em+8O6ULaQx24liVEMWAm9JduRJwvPfjsRzk155FsItZHOyS3umhC7FwQWK8qRljj2ODnHXn6LB/Rl4WWCy7LcfnPEmMw+V1sRisL7bM3Kr7TFSpVKrnUVNTceeEXFJprXletj5rHeN+bvEVsTh8pyihXxEKUKqp4RcrhTShFqLm1zJSbu0+Za26n7efsrf8FQ/gn+z5o3iNdK8GfEya5uPEep6/4b0W1viuhaHFfqwFgIRASuwEKST9wdFwQPIf2n/wDgoT8H/wBorVLzxLrHwI8Up42ksDY2HiFPERtjZRhiWIiigVGSRSBtJJUk57g/ld4UkCz65blyxXUQ2XZV4IDZAx/d7jJHGAO3XahPCkS7snCKpDBdw+Y8bgAOOMEgZJy3WvtMp+jtwFhsfPiinWzlZ3VnN1MS82xUVJ6RcZU4SpxcJKNpxkrSWskfIZv408V1Kayj2OWvL0qcfZvB0XJKSUlJOUZNWcnZxs0rOKVrH2nB/wAFFdP8J/Crw14RHwz8QPa6fdx2erXOpeMLmZdZ0ppQZtPe3ChY1mQmPIAHQ4r1fxd+3fLrPxA+EXxT+FXwF8J+A4Phdp9u2k6eJ1uTq1zJGoa6v2jCGR1A4DbgCAeSGFfjj4sQS2kke0tCLpThssM7hjC5OCCQD0wcZOdor6U8PXLx6LpysWYLYWxTJyo/dIcEepAyQ2COwNetwp4L8FTzrM6s8DXlN06ynJ47FunW+vJ08VKpTVZU588bxTcW4ptJpNnNxT4ocVU8jyyEMTRSlOm4x+r4fmpPDqnUo8slT50k9bJ6uKutk/vXxt/wUP8A2gfiT8Y/BHx51/wp4Sm8UfDdb+38N6UiPHpZg1DcZjdweZmSTDnD7+MkAkkivQ/iZ/wWA/a48aaPf/Dq/wDDnw7sPD3jTS7jSJoFsxPJYwTwMlwbV3c+W+GOwkMAOQO5/NuO/mY/JiMYIbCjG7PJ6gZIJz+uME1594nvZ28Q+HHQ4WOWbJ5HzbWyAMk5I53AYPt0P0ubfR98Lary3F4zhqjiauVPD0MB7Sddxw1KOIjUjGlH2iTSqzlO8lJtu7drX+Vyjxj45csVhYZrKksXCvVrSjRp89arGgoqbly3acIKLSsuVW7H6CfAH9uT9pL9njwtqXg74Z6l4Y0rS726e7mvJ9PSa+Wd0ZGVZ9wOzkhVKkdM9KrfFn9vf9rv4n+GLTwR43+Iqap4V1bVrWW70ZLJGtZprK4S8tXnOR8tvPHFKqtxlc5zyfjqK9uAAYgoJbk42kHnB29Mjg+pBGSeMUtX1G9WbSA0wP8AxMgQFGAcpnI6Hdtxk4+bI6jke7HwJ8LFjqmb1OEcqqZlUxFLEVMdUw6qYiVdumlWlUm2/aWUUpXTW6eh468V+OnSp4P+3sVHCwjKnGhTcYw5FFuMUlFXSbva2i0ejPv6b9vn9sg+HxoKfGvVLOzggWCMWKx2zCKAKkCKEjziJQEDbsYUDrjHh3ij9rb9pTxh498Dal4m+MniLW9W8HQy3nhm9vZo5X0abays9puQhWIJAZumScA4z4RcXjy7vMlJEmQA6gEfKML2ABPqenI5rjJbn/isNIRuFOn3I54/iAB9yCOxIHTqa9OHgl4XZdUpVcBwPw5hq1StGnUq0stw0KtWGIapV41Kip80lWhOUavM3zptSvdo4KXirxxiZVVX4hzOpGOHnOCnXm4RnSSnCSjdJOLimrdlrdH3S37XP7UV1eS3r/GzxYlzI5k86LUEhYOQeQBGACMHAHQYFeM698ZPiN4si1291b4geJdQ1y+ju7C91Ge+LTXFvdMPtUMkwALxSEkCMkqM9ME15ul9DG6Kp5I+Ys4Cg4PJOecnjB5A7jHHDG8ggttQdHG/7XMpYSYyQwJx0Bzjjj0Ar0H4V8BZPVp1ct4WyLBTUZq+Hy7CUpcqcXyr2dKPVJpN7paanNR8RuLswhVp4vPs0rRbXtI1MXVlG7tG9uZq9m+2jstzmPEHjDxE+p+DNF/4SXWZrPSr57azha9ZRp6lt8j2zLtaNm6grg5Iz0r6cj1TxA9ghfxP4guPNgQkza5fEyHA5bExYHG3PzdAK+K9WKXF9olzG0cVwdeJZ2kJITeMknJII2njHPqa+k9NmljieZtSHkqqIGXaQQAMjGflyDjIGDjknNdOVZFkEqmNhUyrL5OlWh7JywmHn7OMopyUbwbinJ8zS0b1tc2zTPM5hQwEoZljIe2pS55LEVoqXJJKEpqMk3JQ927t8Ks7aPqJbWW4ikN7qV7MylWKz6pfOc+oDXG1s/j09cUav4T0caNcPcGBpZbedA00ksreZJESoBd2JOQBgjkHjpk8pe3C3TF4r5LoNLChRZQCo38uVBAGByOOoOBwSdTxJdwWmm3cSnfMYozAXkLjcF2kgZIBIJBABJAORxz6dXJsppqo6WWYS0YaOOGoW1XxXUVbaytdJtbHk0c3zGrUhGrmOIV5xcXLEVZXbkk7vmtq1br06nN6J4Z8CaT4Z0qXUdC0a/vJI3a6a7lQcLI5X5S2AFIGBj+LP0p+Ib/wVYadGNH8P+F7Nnnw8kawl/JbbufrnI7ZwSSc9Dn5N8aT6gNfvreO4uVjiZvLjE8ioEdVIAG4qPmJ9OenTnh7xpY7dGe4nZ2RhtEzsFZuMYzg8qQTjA9lyK+OxmKwSbjHK6EI0rQcpKKu4ON5vlV02099Ntbq595hcvxcrOWaYhqpyyUVJu3M4tRTk3JO71atrfVLf780zx54M0jR9HW2s/Cxuwzxyxz2VvI7tuwWlJXLLgrgNxj06HJ1vxP4XuLOTUheaVBfWd4LkWttBbpa7CQSTEq/OFBJUHcHwenb5I+Hnw18YfE3WdO8NeE9G1LVtSmbexQSC2tVOTvup87Y0AOWY8bdxwMZr1b4w/By0+C+m2lj4k8T21741mjaa50HS3E8dmWGIIriVGKuIWO5wepAOABz+c53x3lGBzGhk/LQq5jiI3p4Og/b1acFGL9pWjTUvYwT2lVcU+iu9PvMs8Ps1x2ArZr7avRwFHl58ViGqcJScYWp05ScXUk9+WF33Vke4/Db4h6f4o1HxSY9QsGuhYqlpFDZwwyeW2ULbUQbQgGQCMkAk4Jrj/jvrD6Z4JktPtAybeaK4ISNHlJQumCACSCcgEYGABzgV5t+ytpBfxD4x1CWZbsJp0IVzhfKaRmb5Ryo2EkdunIB4G3+0TaumhTLczLI7TXLRqxGQq2wKAkAcfmN3oQBXNHG4jHV1XVJUeV01GKenL7vNJ9dXdWuui00OtZbQwVNYdVJVnJNKUknrKzSbd3o2krNaK2lz4SutYkjezihvZGj2KzKzblVmAyWTPU5444xx0G7vPDdwZoozdSLKGDqpbHAOSQDw2MZOAF9eTxXk9ppd9c+XMVBikbbExAA3IenLe3JwOOcDk16p4X0u4PkpJtZhJIQC20bVBxntjI9fm+7nPFfTYHFxjX5puyaWja0uo3Su20t7J7/AC08TMMDNYdqlCS0TXMnq9E2931utdOvclt7toGljiIwLlwPkB4ySPmPTpkZ28cj1OirtE8pYFzKg+UAHr0x1PXtxgE8AYFZb28kU0qoFDfa2LZYFQBk56EjuoyeSRgkAiur0pbaWK9hnEb3JiAgfBIVlB5/i6MMAE7hwPSsMyzahh4uo3zOMopK605mr9tLmWAyvEVpRpuXL7qabWl1G/VNtvpaXXa6bOHub1readWwPkwF8sE8DG0cDJHIP8+Aa9L+DReTxVCSwUfY53wvcqHPPcZ9M8E8r/FXkOpS772VGI3IxVgeFJRc4XOTjjnjsedwJr1r4KuW8W264ziwuSQAx3Dac5OOCPu4POcj0NKljIScJN6NXgr3V5crs7W0Sa6rveVtNJ4Zxi4q75JNNq1k7pNPrdbJeiWzPoPRQra9rI3YLvaMdwHT5QWboMZPJJX0NfFn7RrQf8J/eSR7W3267QPl5Q4I6ZGOmAMAjHqK+2NIQxa9qbqgCNFaSF2x8oG3PJyeRjJIzjOcFsV8G/HuUP48u1Ls6rcFBznKuTIcZPXJJGQOvTJr2sWlHAwld6yivm7W012bXy87nHh+Z4ma5VdRbfRq9k9LczeiSXorLQ8qgcOybgN3ybhx8u5tvfuq5PP55r9EPAnxJ8A/DvwTplnoemwX2ty2Ba/1S6gWWa0nm2sVglbOXG35AAduVxnmvzeu3AlZI3IG4EgHpgEYOD8uCBgY6kn7wJHo/hSY/wBmqksrSA3AVIy38QycsCct0YdSMDgY68eHhRq1FGrH3VZ7uKdrK07O8ltZa36noVKtXD03OnyqbV4uSjLR2s+67239en0X4k8c3/iM3LoTb2ly7vMx2/abpmbdmeUKDtHAAxgcBQc4rkYwgiTy1xufBLJyAccljwTye+M9G9MKO8LiSNDhQASx425xlQRxwAQMDn0+arwuNuAScgLgknIzg5AxxuDDBIOMnAwMj6ehypRhT5YqKSSja101ol0XZPa7d3c+TxEpuXPOXM2/ea3vzJvXorN3T1d76XV7F5HFE2ScvnaoYAjleSCSAOoyOvA5xg15t4ujRbWKTO1xcc5wGODkAHBxxwQCMdBnk12d1fIB5jkk5woBDcgEZyDnrz+H5eX+Lr1pobaIZjXzgwGcsSWHUkcZzn0PIGDnPDmE17Gasl8N3u780Em2ld6Ky+V29l3YCP7yLV7b2s77Rd776vR2v0vtY/Zn9jfyB8NtNuLm5jtYYoLhvMlONxKD5F5B5AODz0OMYr0X4q69GPDWqzabHKbWPT7xZ7kRnbuweQzDJUknJHQrxk9fMf2PLGCb4YaQbqPztsk21JOVDbRk7SQOMnIG4ZPUHmvp/wAXabZXGhXlrPDaPbNZP5sEpWKEoXUOWJG3ITcc7e/fPH7Zgmo8K4erzJpZa5Jbq/sovRu+isnfXzZ/NuYNx46xVKNO6lmyu/N1oN6JX5Uoq6vrbyd/wj8Yajc3HmwG6NxFHhwltBLvQF2ZiTGpJKk59+2QTX7Zfsbwy2v7EzLcyXD2q/EmedoblGBDNFFyY3AKhlIIBAOckg5yvZfH/wAB/CnwZ8IfBXiTwN4H8I+H7m50jTLa51XWLS1ZdZvZ2P2mVLkyuZFGT8zRr0yMAYpPgvq4m/Ze8TJFPp7RH4rAO+nRoLRXaGFQINuUEQ+6MYDYz1zj+ZFjv7R5a6pVIKOYRpLmd3eMt3ayV7qy1v1T1v8A1xgqP1SpLDOam5YGNSTSdk5xj7ilezslba/ruenfEKzNv+w5+0Hd2sqIhsI41ztVgZ3I2q+Pu9OOfTqxav5LPEE4OrTKw/eLDEHUj+7GBuJ3A9eRg45AJ2g1/V38YtRW1/YA/aBkVMl5NJiWQ7gFDXDggA4UDHOM46jgYr+U/VtPQ6tJ5jlvMiiZiMDOUVQc8ngggjbz2zXi4KLlmGdzsnJ4yMGnp8NKCX9dG+lrn02YyUMuyenL7OElJx6+9O6vZPlsm3pfbfQ51EjJRxJzt5BzxuJwO4J46jgZ5BGakNvGRu+QnJXbwQQO30/iGOcDPUV1droFu+DIrYK7sK2flbBAAIznnsACQc8kitWTwosslnBY20815dzxwQwRI0jzSTMqxRxKBudnJAwvUnk4AI9OVKpTi5T5VGMU272t7sfO+6006drJeNRxFGU40o8/M5K2l9UorR7X79nt0t6/8B9A1m+1DTPD/hGwk1Hxj4lvY7W1aFCzWNtIyq1w7DAhhjU75JHwoUZyQCa/Rv7BdaRqVt+zT+z2p1v4i+JjHb/F/wCJdifNuUaYD7Zomn3qKxtrK2XzFupI5BvKunpXi/gHR5/gJ4a/4RDw3HDdfHTx9p6Q63q8QEw+H/h29j4tIXUsItVuYXKybSroDtwCOP01+Cfh34a/sXfBq8+LPjuVJPFWv2b3Alutrazq93KPNS3thIxmVZ5SHnmJIK5BIr824l4g9jCNGhT56tWap4ajBXnWrXSVSSTv7KN7x5tG05PS1v1PhLhlYqt9YxNT2dCjCNbGYiTajQopK9KF1/FlFWutk3pdu/vfw48P/CP9gv4L3eqeKLqwTxFd25knuXMZ1bXNQRS32S0DEzGIy/K0o5fkkgkkfg7+0/8AtKeLv2h/F+oeI/EVzLBoNpcND4e0NZWW1s7cOVjJjHySSsuN7lQc8HHBPO/tCftDeMfj542u/FnirUrhNMWWRNB0CJ2FnplmpxAqxABBIVUF3K7mfOeQK+Rtf8RM4+zxSHCZVm64JP3VBHU/MTjknJ45ZvO4f4ceHqSzHHyWIzDEe/Oc1dUeblfJC2iab1sltZaWv63FPFca9JZVlcXhctwy9nGNN8ssRytPnqcq2u+ZRfnfWxZ1bXiA8MJQyZCmQNhEVTwmR028DcCAcDGM5rkoorrUrlY442ncnaoUFsux5JBGOp98EgcmksbS41S5jtoF+YkNK53MqISTlmzgnHHJA5ORkiv0L/Zu+Acet3TavqOnm6toLcvY2UkZV76Xd80oZgAkSkbyxYgAdhyfs6talhKTnUajCPLvZSbtF2S7tpX27X6H55CNTFVVCN5SbVt3vu2trJ63eita1rI4j4GfAgavONX8QQOIbRUmhjeNjEWyCoK5zJI2AEjA6ntyB9732pfDL4L6Xp/iPx2qM0NuzaD4FtWVNV1W6KEQS3iL81tau4VmDDgEr0yK4X4j/Hbwl+z9p134Y8PRaV4q+Id9b+XBDbeXNpXhfcgVXmK5WW7h4wCd24DgDivjfwXo3jf4teJLzxl4lnudRaKZrm9vdQErwylCZVtbGNl8tYowMLsXARMYxkDxYwxGbVYyhz08OkrbxcleOqd7pPS7VvJW29Byw+UwanKFbFNbLVU9mk23dya6a33dtT1XVNQ+IH7Sl22ueI5zoHhDSdTnTR/DFqTa2FlayOXRBboQJ5ygUyTODljuwP4ep0vTdI8IwR2umARfZi7yxkLI8zo23e5GMl+DxwCRzjNR+B7+8tNL1uKVoxD/AGnNOihSCY1faqIq4HynGAMYJC+1Zklo0l1NcSy7zOZjDGNxOSQQvHJPU9gRwDn733eV4HD4CMVaDbsmm+XrF9VZ3e99W7d7L85z3MMVj6rpqU3CKXklt0jqkrJJbatp9CPx/cXeoaJHIZXMNwrsIc4SMhhknkE56gMMZ9iSvlRkkNnbWTsHWWIxjaeBt5IB6DPbPIOQOa9D8VS3MNlZ6fcRlJbiFkSJkO7DZKMyk5HBzkj1IHY8ZNp8sEemQ7UExcu4AyQjtySc8nnrnAJwT8vP0KqU4Rk4NO9rq2u0bXS9G27K3pZHi4bD1nCN1LzbTi22oWTv3e97W8t3ZsoIxAYoFy7W67lK87toG7jgEDGeSenJxmuli1b7Lo0UbqFZZDEQ2MhSwyyqDyVOQx7+h6nq9M8EX0VuupW4aZXtxJwu5An8SggDc6g84wO4G4ADl9ctQltcQiJp5HaTaI0IKMCDxwRuxnK55ySM4zXJLMeWclBpOKUZu6Sei2073+b8iJ5VKvUiqsd5c0Yu1nbls9F8tnr2RU8a3mnXHhSZYAH85LSTCqdyYGWY4PBbocEkNgt1yPGrDQbvUZESwtpAQctL5ZKqhABbcAMg4GADk8cYIFfUXgz4U6z4+0aOw0iHzrq4kiIidwHwSAyyjGIoEOGLyEDH0wfWvEl98G/2bdPt4fEM2n+PPiIlvGtp4M0N0msLG7C/JJrN0m5WkjblouTnAOSK+VxmcrCYhxpqdadSV+WCbd3y31vpG2jvZWat0P0LL8g+vYWDrclCnRhZzqKytdaJNXlezt6JbaLzD4T/AAdvra0ufE3i3WIPBXhWzCPPrWrBLeSaNCWdLGOQh5ndchQo2k4Gc1mfEP8Aal0/RpJfBf7O+kXFqbhRa6l46uoDNq+oynMcktgrLvtI3JJDDOV5U8hR5x4gvfir+0Rqp1PxbfNonhyBj/ZGh2iPb6XawhiIYILWPaspVMK0jbiSCeCcHt/DPwA8UeG9a0+TyYniu087zzGgSRIdrPFGpA8vKnLd+vBwTXhVnXxuIlUxdXlp6SVBN8sYaStJXTk7Weuibt2Z7dCtg8rowoYCKco+7PENc0nL3dY20W2jdtXuk7HhPhvwHrmu67c614vvLq+ubqcSXd1eTm5vJpHbcytJKXMYPAZQVAI9ASPrXwzDZaHpFzYxRrDAqhIYAnJGM5OACxAOSzDruPPWuh1r4XajpkWv+ItHKXej2UtnDeC3RW+x3M8akrIoOV+cH5sAEgjqa7b4afAn4gfEaZho2lyLaOiGbVbtGt9NtYmG0y+dLtX5MncRwTn2Nd2HxWW4Si6k69KMKaXM5uKtJpNJxbTuk1olfVaHzeYQzTH4lU6ca1V1H7qim278qvJrSWuzbta/W7PIBF5t47Km5nChoxncyngCNVBLNgqFABJIPcjPv/hr4LzfEfw3p7a5dp4L8MabfrdXniDUisMKW8bElikrKwDgMqsAWbkgYPG3rWvfA/8AZrNxa3gt/it8UYpFhi0+zIm0mxuRwkbqpdZJEfquCSOOBtNZ/wAJfhZ8Wf2sviFrcnxL1jUPA3gexs7fWJPC9qsthHdafLNmC3srRGVVTbhWlZSehZfT5jOeMMMsNXVB+xoQhJvE1EouVrX9jB2lJ62UnZa66H13C/h/jKuNwtbFwdSq5xtQhdxjfl5fazWkdN1dvTS99NVPiP4B8EasfBH7Mnga4+J3jx8Wt14xurJriztbgHYZbYMphaNG+YPuDKBkjtX0N8O/2M/FXj7VrDxt+054qv8AxJqMjC9t/BkE7jSbAEiWOGfa3ktEvyq0WzIwVLDmvuD4afBf4Z/CHRI7DwX4esdKS3Tdd6tOka3lwVQOz3F5IuSQMvuzxwRjPPyb+0l/wUI+FfwSN7ofhqeDxx44jR4otM0yVZNNsbgblY6hdoShKNhni6thgMYyfxupxBmud4l4TIMPWlOo7VMZU5qldq0VdVH7tKNrO0LW1sz+hKfDeTZBhljM9xFCnTpJThhKfLCmno7cqtKrJvZNvtqt/sfS7fwL8MdGuLe3Gg+EPDWl2rHzpWt9M0y3QIxYmRijz+jAbixwcE/Mfy7/AGlP+CnvhbwNqd1oXwPtrfxV4hht7i1n8X6gCdDsZiGjLaZD8outpwUkGDnaeMEV+Qfx7/av+LHxz1Ke98Z+JblNPMj/AGHwzpU0tpo9nGzAqjRQtH5rhcBjIXXI6AsMfImpa1I8wE7qqhgNiZC4yB8qrwSf4ifl5PcED6/IfD32VWGMzqu8XXbjN0bt0uaVn+8kmnLXorLTfU+F4h8SZyp/UcioRwWGTdNVrJVJR0ScIx0gnvfVvR6bv3H4ofGP4ifF7XJ/EPxA8Ual4jv5pJXAvLiQ2dsHclYbW0DiNETgAFWOBgEYxXiep6nbW65nmMkhBxFHjI64GAQBycfNzz8pXBrBudeupwbW2BjiwwLbcu2ByQ45B5ySBk8kDjNP0Tw3f65dLFBbzSszDkhimScbmZhgqd3BGADkZPWv0vD4KjhYKnRpwo00rRjCKjGztf4UktvK7vu9V+V4nG1sVUdXE1J1qsneU6knKTd+rbukr9NtXa9jLmv7u8AhiRo4n+XYp3YDd2PryeAduSQxyOe28K/DXXPEbxGC3ZIGbDXEqskWRnKxk/ebGTwRz0GDz7P4P+ElramG91aSJ44JMTQ8BI2PKB2J5LNgYIIwepXge3W6ybodLsI4YFgkjkDpF5cSKAFLKQADjgcn0OcnjRqd0oRbV1rZ2S93SNtZPXy9LbcLqQjrze81bV200633XRP7kfJTeA7fTNevbG6xO1kYhkkb3fAJUqeMA4Oc4xzyM16FYQBY2iggVY9+AygIowOBk4yARycjJ7evqeh/DLxJ458datpPhzSr7W9SPkvvt4XeJDIcF5JApVFG7OSTjHcAhvqZf2fvht8HtLt9f/aC8cafps8a/aovBOizJc6teso3JDL5J3Rlj8rlhwe3UnqnWo0Iw9pK83ZKEffk7JaWvda9em73ZNHBYrMJyjTTp0oq7qVGoQSsrtt2Wn3rbdtHyj4E+HPi3x9qUei+HNEvdVvHbrbwSm1hAKqZJ5gBGEwTuOeMZww6fZdv4B/Z3/Z20aLXPj3r1v4x8ZxxefY/Dnw9IkhjuRzFDqUkRYBRJgSbjkc54JavC/G37YWu6vE/gT9nbwnb/D3QZx9jN/axIfEOpoAE82S6C74d6ff44569K8k034Kazfx3HiTx5q9zdXUyy3NyJbhrm7Mv3i800jMQWYn5Bg8YAANXThjcdLkpXw1GSV5P+JJWjduX2dL35U3dvq2zpjSy7LY3fLjcTHeTbVGDSjsr3l5a2ervsz0L4h/tffFT4n3UXhTwLaQfC7wCQ1vaaD4YiW3nktSu1Pt91Ftkdiv3iWB3fQCvkmHQLB9c1NdXW4vbhbl2aW6keRpp2YMzyszZZmb+I85JJYcZ9gsLrRdPvo9P0eN2EDFpJCgLSYLKy7uoII4IOOeteY38xl8QapgFGa6dwrAbvlx1IIJJwTjOBtwdwNfSZRltDCVY6OpJpXcrO7tG7eru/ier3XyPl84zPFYmlN8/IotKMY+7y6xW0W0klbTZ7+R0UFhptopaOyt4SCQSsSt8uOgbHBP4HPbJAOfeSI8hjVAYyUDFQOignAPzEsOCCAAcn0yZIDJdklpERMlsgnJCAj73Rcgrk4GCByT1rLbSGVXLEKCzHBJynQZPAySFzndn6nNfUxVPlvGKuntGyvqt29ktEnotLq2iPiVUxHtLyk5ReybWt5K78m977pq++5aKi2d0xKlp7gRRZCqwCHLqM9sZ9ckis24kkjkJDqpAWM4xnjIIxyCv+1949jgAjdS0VltYgCNiSTkg/eZyyjJ4OeMKQASvU8kDKltRNMz+WWBA3YP3CMknIBJBBxn7owCOhxNaMWoyV7uz193ZJSSW6s200/W+tzanVlKdpR00s03rot9Lppu2q77vQt2s7OE2t85+RhjqqjkDk4Pzbh6Dr6DhfFSsviWDyyS/kJ1DYyCN2MA8euMgAcgc16Hptng72G2TJKAgngDBwevTjoTyeDxXDeL1ZfEdsQy7xAhJxkLzzlf7uB3JzySckivMxcYKMN780e10tLtPzfdO6/D3sDKUtU9XZWvqm7K99ddtktLWaseg2TRLZbyrMfk+fjIJAJxkc47DsMk5p8cDzq5VWCNJ94kfe68HscYzwCvQZBIqKztXktHcuzxKEYbOMMRgZA6rgEjqBkckggXYJMpK0cgLI2Am3OTgbiwPGeAeDnng88a0Kbm7RvfTlS3eurtfptfV6LZHFia/JOTlCzT1atKV1v3VmraKzd1pZO+vaJBb/PuVyVVXPDOWGeBnHABHJI465JyOZ1nUr6RryG1Dx/uWEbIMElFLFmYew5HAY/XI6W38oINzYOVY5XO8ABQDkHkHIzkc9u1UrlEXUokkRis0hJITlo3QDaQc4OTluh+XbkYr38Hl86yXSytbe7aXdXW97663szxq+bQoXnzbWklo1stLvVd7W1b0V2eLSXGq3DKJZpixVsAu4A+U8EEgDscjgDB64FV54pnTG2UsIyOXchiSGPp06DnIAwc8mvStS0g215cIUKofmiBGTtYDqQNuRjAwMHgZzWalpGN4KklTgFQvA46gcHHHOc+me3dDI1yuM03713du1lyrRO6S0dn22Wh5k+JIKo/ZxeqVkvLl6tPu7/cecG2nlZR5TcDYCucElQfmzgtgnJHoOvAx0WnaZILfzGCqYycKSCAf7pwpy3BYZIPI47VqzR7HJjAAUnnA659Prj2Jzt5HFmCVmgdQOjKCMdsZJLDJJ4JJ5ODycAGlXyylSpO0XdJ2k97px23Wr1/O2lumjnFSvyxkpK+q6Xfuu+vRNa28jg/EsSh7RiBudgDjAAbeoPAAwCP7oJyQAK9I0+3j/s6APArF4Y9gZCTjA5YEdiQR0yRg46jz3xM6tdWKBcKsoXIOQArcHPGevXjA4z6+0WtqZdPts7UY28Tq2OgZc9c47YXGeADgc4+WpwaxNe1kk1tbf3W977+90VtPU+plWthKElo9G+/u8i06Xumr2va17dNDRbeCGF5mVIkJAkYr1YAE4Hv7AjqcnANXtGc6l4ksmDN5MRlW3QLj5VJUE98YGcnBIOOeaxYizxvarLlC4ULjBd3wMtz9GIAHT+HAFeh+FtKe01aOEpvMVsGebjCM4zwwXA5/hyOOnBFfU8OYOpiMfRlG7hGUW73a0tZaPybbvfXfZnyXEuN9nllduSjKdKSivPlSaXTrpvdX13HeM4ZkhtQ+AqqdsbEEAA4B45XHptySMjG7jzkMTJEGYbQ5XIBIJHJyCcAD1ycfL6kDvvHmoR+bb2h27o1aN5Mk7wg4yemSMK3XIJ+teZrKC8SohySSGPynLAnkjI6AHOQO+RX2+NqKGKnCy5vdW+jsorTSyduqu396f51ldBzw0J6vmi5O99rpKy2vpvrvvrYnnmxI7BlIEoO3b8wCkhiOhGMDj6kAEYGD4jmP2dGY5DozDtlW6d8Z6H+Lox4zVmdsLI3JYM4YdB1XGM+pI4B69Otcpr+oM7RIQfKRW3DjBbt0zg4P+zyW4r4LNZt13KKT0do67aa72S8/lfv+iZEoqlytWbUd7qz91Ru/nvqctMQZCyjAG1uDgkAg8dyCccEd+CRk1W1G6P2u2AUhW25LE9C2AxYrgKzDAGQeMc5Jq5HJlZJDsClBtGMhAOpPORgE9QD0AP3c4Oss5aJgxUlOGLbQWUgqORyvGMc7eMnOK+cqucWpW93mjdpK9rx8umt9nzdbH01CLqS5Oezd3ZpJ2S6dndtaa3uj9LvAkMVt4W0WRyWEunQmXjAjOMg/3TnBGAeSDtI7XfEHjvwt4Usp7zVru0ACbktY5FM7qozsESEsXJzkdSQccDNfnvL8VvGp02DTl1iSztYrSO3jjtiE3xoNo3MoyHOOSQxHB7Vw01zqerztLcSXl9K2AJJDNOw3HgJkEAEYG4Y6ZwQa+/fGscNgqWHwtC9aFOMVUnoo2jFX5U7u3knbfVH50vDp4rMq2LzDER9jKtOSp003NpyWjk0rO3a7307fYMn7RHhy+1G4uY7WSyghjEMBdSzTqhOSRj5ecbMANz/CBirLftHeGYDFKLS/vNuSVO5eRnAHAwBnae5C8+/y9pvw98W6rp02oWeh300aSbQgjIZyc/wsMkE9TgEA9q6LS/gl48v5FMtnHp9uxGWupQm0dSCrDnaPXg4PuK8ePFmb2d6lNuUr86gkkrq6s3yp3VrWWtrpJn0E+BMkTgnhanLGMUlz2u7pO3no29tVZXPV779p28bVLS507RY4LSJxFcCdzJIYHYBmRQAVwuQuO+AT3H2X4d8W6brWiadqsV3AtvewhwJZo42j3qpIwWBBBYjjnjgnv8GW3wTstOuPM8T+LrLT4VBO1TG29R94bgwAxyMYHfgbSB0Y/wCFO+HbUw3PjO91FY2/49ra/kZFK9hEjEBWblgOOo5wSenBcWYjCupPFTWI57OKcoQUXdJ2sno9bq+mz3OPMvD7B5hSoU8HB4R021KajKfPBuNlK+7Xruz7Q1L4g+DdCEjX+u2IKrgRQyiafdnBwqbgzFtpBA6MOO1eb6/8ddPZWtvDHhzVtbuWUeVPPBJFAcgDJBGDjgjOARkEAc18xT/GT4U6YWGleH5tSmhA8uWeFmDEFTndISB82QQScdSdpxXN337TWqszpo/hy0tBtIhaVoyY1yQoACjAyAWA69T8xzXLjuPMXUUoYeNKjGXuXiuabTt9p6fatotul7nVlfhhleFlCdec8RKLTtJqEbpx6R1abaSV7aq76EWq/DrxTrt5qmqyWf2aS+upruWEL86GVywi25ACgkD1zjjBIPT/AAf8Oa54F8Zz61rkdtb6edPKiSSdYzweCw3Hauedoy3OegFeFa78YPiFrXmRS6oLKMjJisVEW4AkFd+3JGCNvAxjgV0XgPQfFXxJ1vR9Bg1S5lubyGQ3VzdzSMiQB+cqD8xC8gEg5AA46/L4XH1KuNp14Rk60anPF9XNyVrpru7+XrZr7bGYLD0sBUwlRNUZUvZystoqMVazvZpW9b2TfT7c174z+FrLZ9r1yJ2UIwt7BlkfcuAFYr15OMnjJz2FcDfftFKreVoek6pfuScOqzRqScYH+rbIU446nHBwOfXtA/Zs+GXgLSodb8X3dtqV4kQmmfUpvLtcoudscDkMxzwMcZ59jjn4keEEnudO8DeCLa7dMxC7htY4rcYO1dgMbNgYB3Z5+8DkmvsZYjM6sU6uJ9jza8tJtys1HlV3o2utlZafL4qlhcmoK1HB+0lF2vUSWt1fffXzT/A8eX4o/GfX5CNI0S4tIvvJ9pjkYJk/eJJQbfm64zgHGBknp9K8C/HLxMQ2seKP7KguRukitpdxVHHUKpBGPmwobGTnvx7r4e0jxTfWn9talp0EMTYKRRqhlEcalivkqF4YKMEjoDz1ao9Z+NGgeEZnjmhZ7hIVT7KsQV4nwFwzEkA5yRnGBj2z59VKk7161aq7J2lOyWkdOVPsrdHtZ3PUws9FGFKlQiktIwS0dn1t2stFsuj15HR/2Wv7SZP+Ej8Ta3qLj5nRXkiDIeBn5gdrZwAdwwCSTwT2Kfs3fB/QsPqFo9zLEik/bboOGkwcbi5JwwHzcscZyByB43rX7U2tM09po9n9nbYwS5lfLoCBydvG0ADOcgd93SvHtc+LniHXo0TUNVuXfcztHG21W57upByG7ZPHGMdOaU6SUZ06cE9H31XLprrdrXfpcqtK9k3Jy0TfS14paxatZPS3a+h9b3erfCLwEhWw0/SZL5CYzbWNssrjOANzEH027cZHOMYBFiD4v+FxCJbo/YI2O2O2hijRowOASI8EkngAkhRuGOQT8DN4gmuNzgOrMzF5OWdyPuglu3uO+eMHFZ8mq3b/ADszMMnJdtxXng49ScE85HPOc1vSxeJSajNU00rNRd2rRvdxs33a0jr3POqYXD1IptSb1s23a7aT+Lu3ZfJN2Pvmb41eEZY57GJZXElvcKhYNmSRonVTk4wMn26YyS1bn7LV25+HmpuQcTeJ9QdWKBiFMrEAryD1HcD5u56fnRBqkzXUJYyEFzuIJXICsoUKecAAjPGc84OFr9DP2YCx+GUu1GiSXWrx8gMXd2OQBgjqAQR09e4Pq5CqlXOsJOc51FGFVNyWySina7VtXstdXtdX8XiDlw/DuOhFRheth7KNnzO6bvZu/dPVa69T6NMzyyeeXIDZhwPUjGdmQpxxjPPGfrn3Me1/nzKirkgNuIY8A5yTwMcYI9QM4LIxIkTqxwfMOMgs+4nqF9WweO3XJzXceF/Cd7ri3M0YC2lsgNzcDnDE5CDJOR3YdQMtkda/Varo06alOOul7tNO9nq31V7JtrV9Vqfi9OVWrUUIxu3bpaz011v8tUt+r04y30S4uik0ceIgzEyM2CQVO4cnkKMZByRjkDdzdj0IxRhhKxAds7ztLN94e4UnB3cgcEjJAHoF9axaZ5kcbNOihAsgU7Qw43AZBx6kAEjgjjNc7ctHbursUVGj3NI7BQGc8AhmwASTuORjtnkVhDE0rSleMVZWd9dJQ1aS8t19/Q1eGrOcOWNSpNJJRjFv+WLbcevXd22ukjAjtSokVznDFh3wd2MM+Pu87gwJ9CccHQg0+aWJ2QMDnKgH+6Act3xxjqevIHBqK58Q6DaSqt3fWFsdo48wM0gx97Cjue/PXJzmsq6+JXhmxHmR3PnhAY5xAVVCccH58EggDJ4457YMyzXLcO5OriaVP3V8VRdkrq766NLW67uw4cPZzi5p0cDiai5tOWnUsr8ursrJO1layWsne7Rdn0qfafmYFgJeuScHBA7Y9OvII55NU4tMuWSQ+W+0sDtxlwvQYwOCOOOcfjXL6x8avC9pGX+0WUPlqWjWa5QuXyeCNzNtOABjkDscHPlmp/tIWMO+PTne6mL/ACw2FnJP83Q7WVMHcMKM5B69TivCxnHHDuEjKKxXtZraFK8lzKy1d0uui22dr3Ppsr8MOJsZJOeHWGpyablWlyyaaT2u+jXb79D3NbC5Wd42CIxcnzJHCnaFyNpYdR1JwTlePWvnj9mnU7LQ/iV8XH1W6W1jlvZIkmlyVkzcHlGwFOOORkkg5465qeN/iH40kjj0DwZ4gu3naRY7q8D2sUTMMbsEKdgBJzgEY5JLDNXQPhj8ZNYBe1TQ9Ba6lmjnlkx5zyxu28yYwWYOuNxOSPwx+bZ1x1QxWMweJw2Hk44SpOcXNu9T2kVHVKyTSvqm9b7dP2Thzw3qZblmNweKxl5Y+nTjNwTXJySjLq7u+21rv5n2tqXxJ8IWFtcxvqKTzl9yiIDDDBIIDEAAADqcDHJ4rzDXvjp4ask82JI1aMKu66uEhGCA2CNxJXIPQYGOeoz4pF+zh4w1XxJpun+J/iDO63tvJJcR6egiCNFk+XEwGW3447HjJ7n2HS/2Qvhnp7JcauNX1t1ZC4vLyRkOeDujZsMCQTjOAGwec15eI48zCurQo0aN1ZXTk0vd97VtXve1kmethPDLJaKXtp16rSTd5pX0X8qe70e7Xex5Vq37Tmm29wRbS2LDLKFhD3TA7jgLtTDZIwecYPTnNcfc/tCeKNa/d6JoGv6hKGZITZafPCm9um1yoVlOSRzgE53EgAfZ1h8Ffh1oDW5tfCWjwQ71Mcpt0nmzkBT8wc7+B2GMZya7iLQdFtDFbQ2sNnErEieK2hjwndBtTPoPULnkcZ8StxPm9TT63OEX7yUVGmntp7vb8dX1Z72E4K4ew2scHSbvf3k5apxWt9O3ZXa0umfnqs37QfipTHZeFb6yjnVf3mq3PliJCThgm8Fctwc44BHIya2bf4C/HDW/LbWPEelaPHMv7xYd1xKpycbcMFPXrjBHbnj76LWFtJGhLTR7TmRd0hZAQF3DKgckY44HqRimyeL7OzEkRhtUaNhGrSiNAwbB+ZnYEsFHB/hJ92x5VTMMfXt7TE1Z8z0TnKXWN9LrTzsrvZWPoKWXZZhU1Rw1GnZJWhTinpy7NdNNtt+j0+R9N/Y7+2W8beJPG2tar5m0vHbRm3iJGAyRlSCOAeTyOpOM59F0v9kP4U2JVZdB1DWJIChdtUvpWD7exRyd2SMjoMZz2Nel6n8XNB0QB7nWNIhjidmZPtMckiHrwof5WyBheVBPzEgYPmGuftQeB7Dz3m8SPMWyWS32pwOhUAk7wAAPcjpWVqzd6k0k9Um7dI829rPu726Wd9NebDpWhSWiV0ld392+nT0s+tluj2fRfgp4C0CHbpvgTw3aOVLI80EUksfJwSZMcnvwRgdeBirBoUGkfErTp4LTTbaNtDmVVtIII4opBt2swVfmHTGcYyOvf481z9tDwnbyO1it7eEKVV5pWB+XkbRn5mJGBjb14GflHil9+2WZ/FcWrWtjdRRwWTWkUKTlmdpACWmBb5NuM4POB6HI1p2pSUnUi9fhU1vppa+lreXdeeNWfNFpQaTVrJb2SdryWt7vr0Z68l74avBa2+oWF74U1q2Pzl4prHLEnY5n/wBW53ZbBUYJGc8CpLyfxzYlJNH1W21y3YuVjvz5rGPHRJsje2CNp74zkcGvqHxPpWm32oa2tzZW1zatMdsVxFGWC46B9quv+8COcEDpnxvUvhjY7hdeG9au/DNxNJ+7EUxmtDgEjdE+/aGJ5VMcevQ/tyynG0MLFwXtKcqatKL5JW5Uk0r2fu9Pmfz8s2y3F4lrExdKpGolZ8tSnrJbS0mr+j1tbTQ+Erhpj4yvmuI1juX1eCWWPPCSrMPMQDggLztPpz2r9DvDNtKtldSLIrMZ4ZgqbWwpt48ErndtJHHAUgnvxXwDrVheaX8QNVtdTuob27hvWE11CNqzMsi4dVIGMgAsoAPX1Jr6x1WXTLbVbSW28R3Og6xJoenvGY7hls518tQpngJKPhl5GA2eeRivi8iqSwua1pWlKUZTTTsmnpddbWt0du2lkff5rhaeMyiEKc2ounCUJWbSSjC2iT0ez00u9Ee3SW07IZCsUhIbeqAjaQCM9cgkMcLjA447V8hftM+Sl34V2xmNpLeSNgScjjB5xkAMc55IxwSa9wt/F/i3S4UfUbO18SWQAzfaaRFdiPGSxjyxZsYIyoyfYgD51+P/AIjsPEk/hO4tPORrdnSe2uoGiuImCjAZGUFyDj5hwe3JNfScQ4hYvLKsVo1yNqSje/NC9mt7KyevT5HyXD2Cx2CzWk24zouMouSfNG7Vutppu1tUr21Xb0L4MadBqNpDbXSq8Vxp81tIrAMQI1LgqeCr8ggjk8jnIr2XR7fx/wCA9QTU/hx421fRbhHVltWuZDbttCkKyOzQhcjtGOCMEgZHk/wDhcafb3Tn5UurlGLD7qyIAi8nAGSRgDGT1OK+li0QdvMJ4c4IXgnkcHp0ycAnJOM9a5OHcpwWaZVNYmlCTVWUVNpc0bcnXVrV21eu57Oe5ljcFmVN0ajhTdOLlDTkb3d09Oj1tre297+T/Hn47/Gfxx4Bg8J/ELR7K/t7TVo7seJbRSspkUBQs4BK5ZTkOFAzznkitT9mHVdLSbxBDqd3bWkEttLLALmVYvtd2lrmKBNxG52f5QBkEsBxnFcz8d5zF4IkCH5Zb2LcFJwAChznnocjJXGTxn+Lwz4a251u40XTJJJVE+uRwtJHIUZAwC7wy84UEYA4PbDHn5PPsjp4HG/UsI7wqcrjbpKTWn5NvyWtj6TIsxji8OsTVp04OEv3jirWsou9m7p90muul9v73P2VPjj4R0P4P/DuG01G1nnfwNY/aI08u7W1uII1VrWQxs5gbgZUjKnBOQOfMv8AgpL8UNN+If7GHxkhshbW93/Y2nFIkmjLSxJfRrkRn59oYE5AAOCCc8V/Kr4cX4/fCK7ml+GHxY1jTrOK5d4tNkuJJYWjZt5iZbkyrtJOMKAvAIwQMdZ8S/21vjxdfD7xR4L+I/h/T9Ytdf0uLTLnxJYu8VxbxwyrJ5kqhvKdyV4CqDk57Aj8ixnhTmmEzqnmzbcFXjXaSVuWUuaTWtrpuz1utVbU+ip57luKpqnTrRc4rlsvdldWu7NK7V76Oy+Vz5Q8H3siePtFQxLcS2+pWEm1mypKICFIzyDjsc5xgY+Wv66v+CPf7bHg79nPwp8XtI8S+Dr/AFe48W6/a38N1opRmtraKAWkkM/yArvlbIAZtoGcAEg/xl+CvE8N744sby0aaExvZkZBO5gyx7yAMk7WJ3duvOcn+qL/AIJleGfA/iP4aeO7vxz4Uu9UluNQkGnTaczpcShIfMLBomBDeap28bQeOcnHn+ILjl2BhisRGqoqrTX7pJylzNRf2XdWu3sle6s9T3MpjPFxnTp2acZfHJRuopOKvZ9bKztddtE+T/aAvPh98SPiv411Z9Aura21/wAa3eoIqn/SLOK+meVY5XB+Y4YF9pA3Yz0Ar+aX4i6HaWXxh+K1rZeZ9l03xHrdta7wCzQLOwh3cg7gqqGGCAcjqM1/Vz8Qf2eV1/xbe3/gvSvEGjQRX1hdCwvLofbTFuUTTvE4LSJHk7TnJ+Ud6/mq+OfgvT9B+OXxY0iO7uLkHxjqSS3DKy3McjOwkEinoQepbI3Hoc4PocKZ3hsRh6dOhXnJUcPCcqc3dwtZK6b72vpun10fl/U8RRq1liKUYTnUdpLlaajJJWatpa2vXfofa3wKsb2X4SeDnigPmSWkhSXaSAiMAynjgtgY4z04JwD3utWd+uGdWS3KBCckBnyBgjHBBHOO3HTr+tn7Lf8AwS517xP+yb8LviD8M/G9p4hu9d8PTX9xomrxGDybiRBLJa290xZAY1BVcDJbjODivgj4jeDrjw1da34f1HTjHd+HdYn0zUgjl9l5BKI5YiFwx2kMAcE8A9CK/W+GOMcnzuU8FgcTTqYnBRUMRRs1OlOD5Jc0be9dpx5tU7JPz/HeJMgx2DxtXFYmjKOHxFdunUveMk5KSs1fpK9tGtNFqfz/AH7QKzW/x1nVpAxS+00bsgnl0HToRhgT0PfrkV+t/wADnsz8PJI7mFnuXvZUDLtCgBVJdDuyvY9M5OewI/Kj9oW3ST49ajtidETV9NRVKFsKZFIz3yMccZ4AA5GP2J/Z8+Fb+K/hzf3em6tJZ6naavDBYWckTvDfy3aLhC4JCFjwmcgnknmtKmIjhsxq1ruK55xTTejm0le++l/LW71bPqVSbyBQtJqNKl8Tbuk4vr5qzu9uqPPPi80C+CNXWB38kadKp3ncvmAk52McAjoDjgdjX5F6TYRnxxqDGONlTTpZMMq5LMSpxjOM5BPOPXBxn9kfj14A8TeFfDPiLTNas57G7tLEmSG5heLeGHzPC7YUqckgqemOQAcfkLptubfxprXmAFo9IbBBxyzAccE4zjn04YkVjjMQ8QoVKTjJKzvorXcE12ei1SfTceQU1TjWg7KT5Vy3TTUeVaX36vRX15dZK53Pxx0HRBZ+Axd3zaa7eGY2tVCBoJZSSW354XrjOdoOSQeK+ZdS0Oddz27xz2ygILm3IO5wMAFQScNzg8Dp6gV9C/tHzebp3w8Dqyx/2IyKyEbztTIA4GOSc9OTkZr5Mt9TvLLdBaTTqJVDBXLGLqQDtfJUkY4IwOnUHHi4urUqVbqbWzt56dra22fa2x9RRjCNKKUElbS6sndpxd+6u+iTs0zufh+6x+JIopEfzI4SCOgO1xkMAAeg5HHIA5BxX3N+1RuHw68CSENvuvD9k6tuB/1ZIxxkhQFxzwB1wRgfB/w5nvb/AMUQiVo90kL+c+3OMEHkDo2BgHOBkAkc1+gH7RtnLceB/hxZ3EyQW58MDEsi7gpwwUDnnOPX8sgi7+0o0GlyuFR2dtFzJRV7K227/HRouknTVXllbmSSvpb4d23slZ6re90fnHaXs8c8cMrr5byq23ksMZOQwxyOc8jk4OcjPW+E/LPjPS9uA/8AatmRwAT++XnHB45I7nuCc45KXS762uVkeN5VEyrDKija2X2qSFJbpt+vtznvvC2kGz8Z6ZHJNvljvLG4ZXXHzSOG4yGOOQMZBLAnA5FdcOaVSMFJatJvTayvsm02rvfX7jlrRrcspRceZK6Xyeyvo9/u+a9D/aDllm+JF2UYbm0ywBJwQMRJnqckk5+YnJOASSK8jtbm8V4RGwwHyyFmMYHfj7y8Ajg9cZGTXq/x5jkb4h3cgc82FmV2AHKmNQcg/Q8qeTxyCQPK90cUZVF3syLygOVOe+Bls4PXnPQcVy1FH204t3tNRV30Sja6eqb2v003aYqNPEqlBtu/s4ya1d3aD0unro1ts3rdtn2F+yrCw8Z3oaCNI5reVGwcgt5THzO3fHXjsecmuK13ULO28Ya/C86JNFrF8u1wRuTzCBg9WJAGCeCT6811H7K9y0HieSdQ58sPHIWJ4Dwlcc9RkYHAxnBrgPGunLceLvEbyRhf+JvdbpAQHXMrYCYHUHrweOvTjx87w7rqhTcrJK8LPVKTV9FulbW1mknstD2sqmqcajSTm5Lmvr1V/PRX7Ld2todVcRmbRb3y2jVWjEgXrlWBy2RzycZHynGc88V7b+zzAPsXi0uhZm8L3zK2DgFLeQDacDBYDrt7AcY4+S0k1WxjeC1vWe3kQ+ZFKScr91VGcnGDyAe4PIavsD9meaWW38VmeHKf8I7ewxiPnc/2d+OvQNuAwMKARnJzXBgsNLDU6icl71tV0+HdapJO+2r6Pe/TiqntJQlZRs1o+tnFW2u122fM0mfE5jf+07l+UaK6uCBnG3MzDPIJ656H5R9a+jvD7y3uk6Q0hHmRS26gYJ3KJEOXbj/d+mO9eGX2k6hb6pdTPbu6te3TD7xUg3B64/hHU7ug6YyM+5+DS8um2qYRGS5gCoc5YmRWPJ6jOOBkZ65JzWlRp8uqlJx1d/etpe6e29rpv0NqVHmlBuO7i2lva8bWXbpf/M/cD9jMRr8YvhEZCMprHhyPamAUc3FuQeOMfoMA+1f23X8QExYLkGK342k5/coeTk9gSTjpgjBOR/ET+xrbyJ8YvhSBtYtr3hmRzkkArcwBkJwMZ+bHr2JOa/uEv12zEYG0Q2zE8MMNbpwfXPptPXr1Nfj3G8PaYttNPljTst2nd2ffvql+DP2vBtwy/KY2+KjWXb4fZavbva99r9bHPMjAg4wDnGBuyCPU9Qfc8cc4pp3NuUAgDjqd38XGepIIA4IIz3rRYK578nOcZwASQB0GTj2GOM5JqN1whYHkZ9s88d/TOOecjAXGa+BcHF6fDbvrbTTX+bp0vY7/AGjdtbO1kklppHsrpN6+SvqmtKABGTk4PIHOcD6jIYDqSSMcKAM00nIUYOGB7gg9ic4PtgHGc+ucaBQBeQDxgHgckdCM9fTJ5IHGTSbAuPlGM8kjPuOTkZxgkZ6DJzgmkqXlHRKyet37rblq09V0s+j0F7R3s0tt3d6O1rtuWibutXrbpdGeQuAfnYj724feOcZHr0554x+cRQEYyNx4PpuxnbjnqOM5yBzzirzIcbt3Gc4AwR1GW7jPQ5HB55HSu6nJVcsRnB6enHXb0zxnkd+hppJbu3Tbo0tld20vve1+60qUk2ru12u9lazd3srrXVryuQAMAR8oPIAJADYB6bQe4IJ9DnvtppPQHvn+eAOgzn+XXrTim0lW+UEFcE5B+bJ5wMYyCTgHj73UBOQwySQDlcgYJ6E47/p37DNRfy7fj1fb/JCik5aSbs4u9tX8N9G72ffdWe+zOAodcDcGyMZ5wQN3HJ9CMDOCcZpjDIGMdAH6ggHIPrk4xgYyMdG5qZ2BBIOSMNnGTyeCBg8kDkccnB9KiLbs/KpbA+XHKnsOwPJ5PbpnINZN6XSW+9rNLR+e217a6X3NLc0tbra93r0Sd5O1vTZJaakQ6EEc7iDk9c8e5B6YbLDoCeM05unHIJB3HcPY9+2Se5PUEEUbVIOckkbRyQDzwMdMduevPAGRTlAOeCuACqjLDjHIGOuCOPbuTkKLu+m2m1nrGzvvdWvbbtfoTi0lbe6Ulpda7adtFr5WS0EADnkYA6FRjkZwTn8M/U8Cn4U8DlcZHU4J/qM4GBnrwdxybTk4yQc8AZ555GBnrtPU/gOQwbgcKSR7gbSu7BXOOSCCMdhk9Omjv0tutfmumna3e3qZLm2tfyvfW6V9tL79dls9wqFHRjyACdxJzgn8e5JBwDk98OjyAqqMHGW4G0Y7D5uQSCSTnOODjBEiqOGPHBBzyuTjABznkchj2A7inCJsFtwwwwAPunaTnOeADjHOMnnJ4xDfR2tZem6SvbbvZfiaJOT80lf4nokmultF8ny9xqkAqQD8x7A4wV7gZAxwOOOBxk8WFcg5BIbrwxGCCMYOQcjgADBBweTya4jYEHceCG5JAAXAGQDkH0yeNvU9akKnGQx5AA5OM5HXnpwecDP8PXi07Wab6NNXXbz21W3Z3b1vLpwfNdKTSvbld17yXZWvZu76aaN2T9TgsdcspdL8QabYa/pM8TRTWOsWsF9BJGwYMpW4jkxkbhlcHBxkZzX54fHb/glp+yd8co7y8sfDT/DLxHdiRxqPhgiPTnuHDL5t1Ytu3KWOdkZXAG09cj9EMs2MHJAweCTycYyctyxHcjbgACjPRgAF3Kp6bcjggccN04B69xurrhjKsVyyftqa2hU95K1vhlo0/RrX0aMFhoQk50nOjUbTbpycdrfFHWL6aSi07n8ln7Q//BE/9oH4byXuufC64s/iPoNuZJLd9DP2bVvJTLbZNLy8kjqoG4AjJGfQD8l/Gfw9+Jnwz1SfSPH/AIO1jSrm2lZJF1DTp7K5QowUs6SqEbG0gEMFbOc5xX+iRBdNAxkSZo2yuDlgBjoDjg8Hn1weBya86+JPwd+EPxl0ubR/ih8OvDXi23uIyhubrT7aO/hDjHmpdwpHMXAJI3Oee5+7W/tcPW0l+6bS+JOUb6fDJe/FJ6dbJXtdnTDF4qjaVanDEQVveptU6mnLvB3pzdn7yTjK+ltj/PUiksL0t5E6iXkNFOAsqnPAUMBk+ykgjg8YxRutFkBJZWKEbV5yMk8EE8Yzgg/NwADjkj+qz9oL/ghj8J/GxvtZ+B3i6bwlqjiSaDw9rwMlkZCWKwW13GUECgkBWcOABg+lfiB8ef8Agnr+1V+zbcXL+I/BGq6xoEDSeVrGlQyatpjRDLb2vIVYJlcEIQdoH1rOphq1KPPSaqQWvNCSmtouz5dY3vtJRa31udtLHYTE+5eMKtleE06c02krcsmlLVWbjKV12R+es+lTJuUcqoLApkvkHJLE+5GCVyPY8jHng2kIF+cjcxYFSCvGOQAcAAj8Sc8gem3M8cU722rabdaVcpujcyRSIgdWwFO4KVww5BCg46HtnXelJNGZIWjuUPPmIx3DuxODnoSAOvXIByazhiZRdpWV2mtVZ2aaemj+bdvvOidBPWOi0umui5df02TfbS68ye1lUksNx+bD8FjuxkcnkZx0x256Gqclp83lywgZG5jx8zDnOOcDvyRzjpXez2HlgIkIZeGDMpDKS3IAOMkH6DPTgc0ZbTygDlG5+UkEMWHON2eCMgYyM9fUjsp4luStbq1rttbZXbu7WavstXIwlRko6u8Ulo7Wtold7yTe1u179V53PYIrMVDkHg7l6Ekg7hkZG3rxgcg5rnL2Now67k+8egBKkZxk8YA4OP5ZxXplzZTAt5sTAEnaQN6pn7mMY46AHkDHYEY5LUbIqrqXU+ZzyuHyec/xDPIGOueD0r1cLiZcybleLd0rq2tn2ell3Tuv+3V5eJoS5XZLZt6aa2t57bt31T1S38f1C0SQP9oQXA3suR1ycgbMKCAuPvHp34NcRPafZXMllPJayDkbCQCGPIIGBztPUHB6Z6D1DV7FozIVDgnuRyScjcMbeOFyCe2OeK4e8tpIxI24sCBlsKRlc/N05UYOT2xzxgn7XBY2XLFe0tZKy6WtHW/d+em6s7q3y2KwsX8UVd9bb7XvpsvR9NdypF4ovIIDb6lbrfDhlnbmRduMEk8kc5J4J75zkIljomuB3t50tbssqrCw2AlicqcsDsyzENyOSPriXEUihtjiRugA46Akjhfur/Dnoc571lyIyEyBisijja5BB5zgg5CjHIHAA4HTH0FLEqahzu12r2SW1t1tve/V9dmjwZ4eS5uTpfp1srLV2en36M6XU/CctupW/t5Li3WMYmt0JA9MlSx+U4zg5x+GLXhzV/Enhf8AfaFqdwlujENZ3Mnn2silVGJreTIC7TtzgcjJ3Y3HM0vxRrWmAQJMl5bHG6C4xIcAAAKzZOQAPlH9046k11dlqPhvWx5V039lX0oYEZJh6Fs7seWMkgjsBx1rp9s7r2cotOz0W12rXV7pdXur6XvYh4eDS54u7Tckk7Xulbv91+mtrnZW/jXw7rChPEmiyeH9SOSuraJlbZ3IwZJ7RdykPnJLEgfKQBjNe+/Bn4t/Fz4J3cuvfCnxbKkDMtz9t8P3sg1OEowcNNYCURs+AAyNEzdR1r5WfRNRhRmt5Uv4z8qMqrLuRRgEqOM8YAJByenBrJs7i70q4e5sZ77SbuFifMt2ZV3jks0f3ZFHTBGPXI6eZmWV5ZnGGqYPNsDhsbh6sXGrSr0qdWnNPlSUoTjZ26W9VpodWBr5jl1RV8BjKtCaejjOS0tG6a5r2eujuvLof0R/BX/gtn8SbB5PC3xz8M6f8W/DElusF6buxitdeh+Xy5GdbmF2chRlwgBbnBB6fZ2nSf8ABO79tR9L13wR4tsvhF8SU8tV0i9uxpkPnyAGdHsrpj9rCsWXMbIP4uvA/lMtfiTJcBB4t0i11lFQImracFtNXRAoH7xkAWRmwCw2liO/Oa2tGl07UZZLrwX4o+y6mW3x2OpzyabqEDjkJb3YaNycqFJBA6fdHNfjeYeB+W4HETzLgHOMz4NzFtySyvE1FgalRuLSq4GpJ0XG9tIcitdaW0+vwnGjrQjQ4iy3C5jRajGU5UaaqcjcYu0lFRlLTrFS2u2f07/Fr9hr4weB7C/1bw3ptt8SfB0apLaar4TkW41KG3jQuJfsUMkrhXXDctyMsAOc/IWo6jJHpt7o11Fd2OpWtsI5bLUrWWyuoJYXDMsolCfOhUhgNxyMjPJr4b+BH/BRD9rf9l69WysPHOtaj4dRlLeH/EUkuraTNCoAaNHkaRzHsHybmKsCByeB+q3g/wD4Kh/sf/tUQR+E/wBqj4RL4F8R3Gmm3j+InhpIYNs8i4Fwv2VIhArSEs7T72AJAx26MF4h+LvAjWG4sySnxbk9PlhPNsnjKOPjTTX7ytgrLnutWqT072OfEcGcI8Rt4jJsVDL8XZyjhqsowTno1BKUkr9LqbbeijqV/CHiqW4gtLKfbc2Go6LbLHbXwEsbSWqhZdkjZdMsDjkBRwO1eteGfAWl+NtSOg+G7yw0fWprObU1s7y+S3tJliVmaCGRhjzGCnaoJ9OMGtef9kbT9Y8LaF46/Zh+K3hn4peGJUujp3hq51SFdaGxd/2Nbkynz7oL/wAu6opJHUmvnDUbjxH4H8R2tl4z0PxP8Pdae3lSKbUtPu7W3jlJIZ7S5ZCrwsRkMWUEEDk4Nfr/AAx4r8IcVYdf2JnlDAZs+VTwGMf1bF0al481OthazhO97xaSev2j8+zTgjOcqrS+tZfVxWCi7KvTjKcHHRpxkk2rfaul0uns8T4i6fP4X+JMenanARLHplvFOZPVpB5kkUg4eMDJR1+VgM9DivavjB8JNH0n4d2XjPw/rEWpW13p2nm6sbhl3rcXQQkW0ylsskh2NGRuQ569a8W+IOq3Op6j4c1mW6/4SGZrM2V1dqPMf7PGCInYg5+VDn5uoB4IGK7DUZon8EbYtQvTp721tLNYGZpIvPjcENHG27yypBICgKcDHIWv0zFYnH18Jl1bD4lOV1LExglKnVTUfdte60Ttb8tvk4YehSqV41aNoy5VSvzKVOzj8SaV7Xs1ZaaLY2ItDh0fRdKtNRtbmG5n0y2ZY7hWxuKBv3Tn7ysDkBT7Zr5x+OGmwy23heGNVDQ+KbFgZe4Zw2GZuOehGC2Mc9K9v8d/EvWoPDujXUC2niKKysAlvbNbn+07eKMKoVps7XAAzyASOAcDcfKdZu9I+KWj6DDpUk8OrWfiXSH1KyuoXhkgZmYlVZ85RcE7jwcFuxB9TD16v1VfWoJTajs9JRvG6u+t9brp1a1fBVwy9vKVOanFJOydnry3im7O73W2idrNXOy1jQNA1zw/qdpPFDazzabPHLcWzOWD+QMM6K3boc8Ajsc5p/sneIPGnwY1WxujrUOsaLaWmoSadZXbM1sUcuoj3lt8SuGKhS5TOdoAxjvvF3w1m06zvF0bUp4J73TpkZ5xutzMLZsKZR8qIxAHUZIAXggV8n/DHXPE66Bqtn4h8uWO1+26fazROArLDJJvXKgHgfdcEEA+1dVTD4bGKVOajUjKm4Ozso7Nb7O+0rb2WxnGpXoRi4JRlGrHRtNSS5G77NabarrfsfqR4W/Z78R+OdN1P40fC6DS9YjW7h1bxV4Vhukj1DTrueaaSZdKiDs8+QMgIiliRzg4rxbRb6z8RfHPwVFqIu9It38UPb6hp99bmG8tLy3/AHRiuI5uQkjnGWHzYyNxO6sj9lf446x8Kb/Rdftbu5bTLiQrrFt5sssElvBKyo3k7thdQSVZlwcHrg5Pj/q/hn4lfFvwz4t8OX11YPqWs3MmpavZD7FO12U32pEKbctFKAGZQCyjJ4JWvgauDzrC18Tg6sfa5fOlUWGxTS9pDRL2c7NqSTdk/iVldWen1WHxWXVoU8TDmp4qm2q1FK8W7JKStqmtuzVt930vjuyv/Cvjr4haTpsyT2ltrKyR2ksm4NbM/nLEVGGjJLZUq2MHHBFd1beJ9A8SxeHIdXs/7FuFQQGK5DvGGCbfMhnZgYwflOM4yQCejV8yLpXxF0GbVrzXrlfF9vfp9sn1iJnGplEmdY45QSTI0cSKpcY7E7h16vS/FlhqcGnxmRJRE4Q2l+oiuI22sNqs20sVPOQV/HJNfQ4XK4TweFi1apClGLnpd2aW27Vu6tfW549fGJV6runCTja1rWvBWaWuivfTe2zWvk2kaXeWd54wuFWaaxTxZqa29wkqiNkJ+XDKDnIYFSTnaMc8VxvjC7u7fxn4YkheRyNInMYWQGVHUlg2TyCuBg9RzzzivWPBV8lraeJUSYr5viXUH+zXS+bbNuU/dOCRtBwCScAc5xXi/wAYL9dN8beFtShs2tITo9xGLi3Pn2r3B3AnYu4KMHJzkAnIJCk17/sHTw9KnON4qUbSa0aco82rdmktdLNP5njyqynXlKlUlG6s481rNuK01726Ps+h8U/8FDNeuvEWjfDeCZ5nfT5rqAtOpLl3hJwrnAI+YE9T7nbhvzo8OajLoX9pRlLe4muLYQpBMiyZ3DHD4IUnlsgAj/ZOBX3z+3RK154X8BXUhikmm1CWaSWFsxkGALyq7cYOeR0IJGOlfBHgvXrbQfEc11q1olzp0VnPE6tC0qAyxMisFJO4BsMpwcEg9cZ+Hz+jD65iaa5VBqKb2WsIvVW679Gnu2tvtMnlL6vQlVcnNPSbura2UdFp7qbVnurvXb9DP2dvhlffGHwTDq2u/ExdM0TwZ9us77Rb3VEuNYtYru3f7Pc22nzNv/sqGUhZI4sDYCcBeB8v3mieD9J1ja2sIzW3iG90950QwQ3kMEzR/bLQOSCsgXcAchc8ZA5yw089tPrHh7VLvSLiRoRJ9mM1vZXtuEDRWzJERkgbVZGLZz0xg12f7Ovir4Taj8X/AAbpn7Qei3k3w6s/EO3xI2noyXSxzSAC4jGNwiV2DyjuCWwDmvy6OHrZK8xzCUa2JoPmrU8NTprnbjeTjTUbKpKXS71e7vc+5jiKWYLD4dKNKrFKDqSkknpDVu3TZ9erY+f4z/EPw1L4f0Dw94p1S00TwVqlxq3hOOPakVhc3QZ5biKXaVLSA5cHC8gbepGfrnxK1zxpocVjrd+LmU6pd67czs5JudQuHJmllThA8jliSiqDnd6g/VPx8+C3w71L4heO9W/Zf1/TfG3wqF3HHoum3MiL4itZZbT7RcARsQ0ltaAMisgwANnVjXM/BX9hP4qfGT4N/Ef40eH47W38M/DaGS31Rb28htbm51A3AiNhHAwLRTJETJCxGJSNq8kVWGzrII4KjmuIhHBus4uf1imqdWlOdlyVE4pqejWqeiu3Ymrg8zhVng6c1UjH3UoSvGSfJypPTdtctlfTqfH+oS72adGXEn2dFDKWIIxyVGMAgn5iDjOecrXuXws/aJ+MPwZ8Ri78B+OtQ0lI7eL7RpM15NPplzablaWKS0lZlVZFDZ2qAvsME2dT/Z08VeCdOn8Z+MdM1iw+HOm3OiLf+Kp7aRLeO6uJYbibSmjcKzTtbiRl2581MshIJFeUfGDxt8P9a+It/P8AD62S10QWtjZWxWIxyXUccKxyXaRFh5TTnLMDkscliQRXPiYcOcYU6uWPDYXNMDiKcqVao4QrUouSinByaaU7SvZWkujVzpwVbM8gUcY61TD1qc1y03JxcmndKUd3FpNXfzeqP6J9c/aN/wCCeP7YP7OGu6P8dBofgr4w6L4H86HWJbSGw1G8163tiYjpepRxpHLFPcKpaNlLbSfnJya/lQ8U6Zolrr+qppE+NPg1CWGEibc11bo7eVcI+QDvQKx45+tdv4gs1nM4DyvbpbqIjhGYNs3bMYzsHXGBgjPPOPHVDPcBpZuVkCAnGUCdFKjA2nGQR6Y968Hgvwvwnh9isdHKMfj5ZdjHGdHLcRXlWoYWUZScnQ5m5K97NdIpWvozvzTit5/h6VPEUIe3jXdWVaSTlHmUU4Q0uqfNdpNys29Vc+//AITi0H7KXiKR1LOvj+EeaeSVaCYBcnHzAnjHXr2r5X8ETA6xqjBmOJpYlJB25mcYIPykHaAScgZ79j9V/C22ln/ZE8VgKRIPiBbmPCkEqIJvTrlRg4IySeuTn5N8AQSvqurIzKCLjcSTyrBiASOvIJzj1weTX65lE7QlGUeVe0leTSbk7Rs2+v3u8tT47OnJSpcsnb2aXVLTl0vt7q0666q1ve+ZvHjk+K9ahVwf+JtMSQwyQWzgHjqCfY8464HvPwNSES3sU0IcjQtRbzC2RzA+MHJ69SF69euCPBvHMCw+MfECv+8catL24BY9MDjgcHnnvzzXv3wSW2a7uIyrqx0W7R2Ab5VMBB74PQjb0BGccba9PLZRlipRVlHmas3L3VdaXe927p3dn6a+JjFekpytdJJ9Y2vFpNytdtappv3uzPfP2CoLW78VfEGEwec0FmqmMk4QLPKQ20cBQpJXbg854JJP318b00qw+DPju3jRiX8NzuoAwpYj5ypxkhQ3qSD0OcivxM0PxR4s+HuuX174M1u80We4kmiluLdgouYvOfMM69HUnrkccjGeK+tvDXx08f8AxE8EeM/Cfi67sZ7W38LXLQX0ChZ3YR8iQ9HZtoIBHDZxgYFfaYLNcHQyyvgqspxqP2ijLVpqTjou2iV2uu21l8pisqq1cdRxlKSaXIpxk27K6vbV3uvwRb/YjUSal46jTzNhsdPcDBw3U+hIIGecZyRnPAH6CanKsnhXXXnjJX+yJ4lTbjDKcZbcR6Ajb26YJBH5t/saeJtB8L694xi13XLPTTe6faxaet5KqR3TKWVkVyVwwDY29T6k5r9I7uO3vvCWszW7edbnR3kEkTiRSJGUhlZSQQBhlLYwpGA2Rnry3Ex/sqUYyTlyyclfXl5o2e/S7vdbt6bnnZlh6rzKFRJxjaOr2uraq3TSz1u2yP4zRwt8EncBVii0bSmGQOFKx8Z6d+AQQcgdcg+Y/HK7QyfsxuVUKsXhvjaMKBJGokkyPuYJByQR6jAr1D4+WLP8C7jyZTFCmkaTvcjD5AjAxtzuyqgE4PPXNfIX7SuoanYwfBW6+03M9pp/hrTWWGCTEjqkUbjy8A4bA3AqMqeVOOa+WrYpYfEe1j70opXtZ31TW3lbXXXZaHsU6Tr0HTqcyjKTi0rPRq1+9tVa9nr8n+zHi23sT8OvGkEdzZRSf8InePJN5kYRybEOEJDHLFSAAccEZ4bj51h1zR9K+E3wxltIr66ls0tHvJ7ENHbRk3ABNwVKrtHUk5yM4JyK+KtU+JU2o+AdWTSvEt3DJeaUqXWgaz54uTDLAkQLXruoVWcfL8oATgZBFcpdePPiJqvhLQfCEviO3t/D76OIV0yyiBkcxfNHFNcxsC7E5AkyAByCDkD6bC8R0pWnU5+eUOXlclZSTjZJt2im3Z6N2vprY+fq8N1edKlKPs3NTbs9na3S27d763bW1mR+PPijoHhL4leKvEjwnXLy4v7uK3tLS7WWFFuLZkSdnAYBlbapGccEcE8fFvi/xr4h8aa3c61fOqSsDbJbRAIi2sbbkjbaBvIBA3dT68AHt9Pj+y3uo2t3ZlZEu5fNaQNLJuztXJYkspOW3E9MDgcVj+L2t/7Ll8uwit5UUE3EaBGJLjoq/NkAsc+nrjnysfmtfHv2U5WhFtwik22m0rXSs/Lm0suh9Dg8soYNxmov2jSvJXu9lZXvbVNv9Nzwu9NtZ6rHctAJLya3Y7A4VFLE7lYdMbckY4HHXNZ9zruph/KhS2twyYAADFQpOQp98HaeSc5H8NW9ZB+32jMdxNv1JwfmOR3PQk5GeDnPA5w72MnDrjcFHJA4w3rjAGOc+vH0+LrUoqq5LVJ38nbl3el272te1u1tfqadZqjFJ8uke2mkfi095t3erSt+PefDnQtQ8ceKtO0BL2OynunkUXbIuwShSVBUnBDEfXHTive9Y8AfGL4dsGshLc2sUhKXekXciysittVzErbdx7gKOOvXjzz4AQMnj3w/OzAAzSyMRwV2owGQRyWIycYwdu4Y6fpD4pWNtI3nKkqzDDgB/wB4Cv3j65OByAo5HFfUZFw7hM2weIr1pyp1YVLQnTkk1dRauvw+67sjxc24jxuUVqNOk6dSnVipSjJLtF7J6afLTVvc+OtA/aZ+L3ga8huLqO+uZLaMxIus2HnqUPDJvVOAQGBJB54Y+v034M/4KAWzRwJ4w8F28gVVV5NPnEQJP3nNsytkt0KggHk5PWsjw5a2uoeKdFtb+0gubeZbnzYp4I5UkAyoyGUjGM9cnp1FdN4l+DXw+1iRRc+GrOHdv/0i0X7O/wB44YbQoyScgbexwcDBf+qOafvXgMxU1TlrTrKTb0jyrmu7Pprr3RpS4zwMoQWNwNnNJuVK3Na8U7rRvWzVrrz0uvd7L9rD9nPxpp8kN5KdBvbkIsrXts0CRvkA4kDkZQgKp5ztHGDivaNEvPhn4itopPCnjbw1eK9rGphF9CZnwM4Us25HI6jLBTx0BFfkx46/Z78I6ZZ3l7pGo6hatHLCht5m86LdNIq5xjsWz16j5fSuQn+BPj7Rw9z4f8Tw3UKxJJHCks1lIgZQVXckq5IJIBAGB1wK82thuJ8FLkqYOOIS5daL5m1pfTVro7WV9Vfqu+jmnD+KtOFWVDmbS51opNRdkmnvfX3ltrsfs+PAurOks8VlbXEIdmtrmF0mZ1DLgHymxhlzz9PlGMDk7Tw7qCazrNv5SJJGtu0sCsQYztxuG4YJPB3A9u+Wx+VWifFL9pL4ZeSbLVvEjW9lIP3STPqNoyoQWyrBiQFXheRwASe/tXg7/goV460S+uv+Ev8AB2la9JcmJJ557Q6ffbEBGCzjDZ6g5CjnHBNZTz7EUOWGKwVei0knzRcVpypa2+F2d19x30sDg8UnKhiqFRNKzTi3e60sm+lrLS2ybsfddz4Ud5pft2n+dCykEvDHMhVtuCzBMsMADnsBjFeXeIvhf4W1efTYJNDgD/ayUaDFtLzgt8vK4Gc8jkBjkYJNrw/+3z8C/EC20Gu+HdZ8K3c6LDLcQn7baqWHzuxUYVA2COmASR0FeuwfEr4HeOJ7K50Lx9oHmwSr5cNzOtneMZMfKVYhQwH8R74wDzXRS4ioVIOHNKMXZ6yd07xey2s9dvLfbnqcPT5udckk3K9o+8l7q0737O7S+Z89az8B9NgEk1nqWpaeHQsRKpnj3AcBSowVGMA5zhcDHQeW638JPFLWFzHp1/a30L7FUN+4lcq2VZgxByQACD1yCQTuFfobd6QtwkP2DUIr+0nJMJV4rmNlHIUFHY7c8gkA8ccCvPPFNg8H2SJ7EW7SXqRjyQFW44GV2gcHO04OOTx1wfSoZtTqRio1Vdq1m039lOz6bXvq+muhx1sgs0+TRK+1mtt9l5JbrXyZ8TjTPEnh+Dyb7QLvMFsiTSQq0kblARvDKOBjnPI46ZwDhzX9rPP586yWsu9AIZVeMEgEAEsPlDY5wOQCM9q+8xp1msDu8kqsY8PDNGzqjJgFGDAcZxhs8jkbsc5Fx4L0XWoYZLyzsJzuJaIwRxybduMKVAyScgZGQCAe4r2qWYOceV+zaUVZNvskmtO7vZPR36avx8TkKjK6nJPpFpu2sXbRNpX16q9tdUfCXhSeE3viDEibTqyvtzkkNGoA6MAM8Zwwzzxzjs7pi8arGylWkIQou4YOMj5eSfvdOPTgZPuM3wT8KTtqF1FZXOms90532khUFlA2sy+i/KBgZz07iuSv/gnqsKyXGj60hEZZoorpWUkgfKGYnG7PUEjB6Y5Nb0a8FTSbSk22/JNq9n262+K91114K+X4mF+W0laKemuiiu23k7/hc8luI4je6QrxEmPUWIYLjcPLVT78tt9MDIbGQD0dxEjSbEBXdM2DjIzuIOBycHB9OCOSG4i1XwZ4+0qXT5rnT4r+KC4dy9r+8ZiQFAKjOCB056/Ss+bU76CV1v8ATbmzkSUsxeFwMdQBgduD1IOB2POsJwbneSabi0mur5b67PrpZfLc45QrQUbxlGy6Rt/L21emrfRaW0Rc8R2Q/suZGMbBZ7POQh+USL8pLDJzjqTg/TG2bU/BvhvWmMWoaPYzBrZH3+SsUisYhggqBkjsx+Ynsao6nqtrc6XOxZV3Nbk5IzxIOAjMMY43ZGScgDI47RJ4pYiw2kfY4RuCkjmFT1BByPvc8nGPauKeCoV6so1qNKpFxWk4RknG+qWj11Xole+x2UcbiaUF7OtVh7z1jOSut07XTu2rWTSTa7HzwfgHaeJPG3g3wt4VmbTtS8Ya1baPbvKS9vby3Uyxxy8chEZlcnGcA8EnI7H4m+Hfjt+w98TdS+H2r69dadruniK4ikhkkm0jVbCbDQygMxjZJFOWUfcPy44xX0R8DLSC7/aH+BduwEwfxlZygBd5ZopUcY7ghgcDGMlRjrj2b/gqRcaX40/bD1jQ9WiLw6f4a0yxDyjdK0twsbosfAIHJHqVIIG3Jr8u4ly2jQx7p4OH1ZuMZR9m2leyutNE3urXafWx+k8O5riJ4TnxT9vFycfetJxsoq93fWyb3et/M8A8H/tCfCr4oJpmifFfQ7fw/wCJnZAnjHSxHHbyuQqrJcxBdqcgMxbBOTg5ru/EHwW1i3u31vwfqWn+N/CzwyTwTaSyXFzGjKWZmgjYkbSQpbAyc4Hy5H5yeI/h+NE1bULSaG4sGs7kxWsj5MLxshaPLYADnjAyCATxkEVp/D74xfFT4M6lDqHhnWLg2YkZbnTZ5Gm0+eLcA6PE5bbvAxjAHtgnb8usdWpS9lik5qDSdVRXNG1r81k3e2jbve7tofVKnQxEFKi1Tk4p8l7qztff3k93Z3T16H1jJ4R0vV7k2t/btdstvIs9tcRmOa1ZSwcLuw+5SCvUn04xXnWs/DF9E046v4fubgLbXhYabKrb3wxyYuQpPbb3XOSDnH0n8O/2kvgx8Y9mnfELTofA/i2fy411eJ1tYppTgZW4ULHsLgMUZSSMgsQTXq3iP4Q+I9O0p7vQri08YeF3YXUF3pYWe+SJ038RIxZtq8O2ccbgARiupRp11em4TTu7x0mtE7cut7t9Nn2uY+x9nGzbi3qk7cutrPzUlq7a+nT839K1uSHVIpb+CW0aWedZXVTFJ55V0Ubccg45OMZJ5HUWbaxtJdcuRdMFgvYBCXlOVBZGcN1C7mxjGOM8dSa+jtS8F6XrUTRS6fG9xFdybw8f2e6iYAhjJvCkupIGAAQfXAFeKa34I1qxui1my3On+fhkDAS24QEAFyBjPOScj3+YkczhbSStZtXStf4bXvr36eXYylRnCSqQqOd+Wyve1t0knuvP8jz2f4e2V/aPeWUwtpUnmjEobMUoRmGO+CDwOCSducMCK86uvDmp2Ky+ZGWQHfHMp8vgElTG4JAP+6Qc4Ax29w8JadfLeXljOkkUSG5ZrafOxm/gaNicEMDlSMAnA5yBXsPgNPhFLZ6noPxIuG0vVLtoIdNu3QzWVpCwfdIoGNk5OwKS2OSOwrkqZe3ZuXJz+9G9kndXWv3fP0OuGPnG6ScowaTUWm7pWaVn07Npqyv1v438Nf2iPih8MkttEjv5NZ8Ns6tPpOqF5kSIEFxC7klDs6c7TgccV9v/AA+8V/C343x6vpmi643gXxFrVvDbaho97OsFjqskfz7XL7Yp1DBvLGBtycYZga+IPEnhm1t77Vo9IIvdPs76W1sLqSMg3VqrYWRQNx2uMbd2cHBAxxXmuo6DqmiXdvPbyT2bKI7pbmFmikSQtuXZKmHBXG5SSucAYB4PNHFYnDr2NT99RUlF056par4W09nqttV6M9L2eHxEVNNwqNJqTSV1pa900233d/NaH6Y+Nvghq+kaW8HiPQUv9PiYJFqdjGskPlKqrDI7Rg7AVXcRliSVwf4T8v8Aif4T6tps76hobtcRMIFEJbEkYByVB6koOpO3k4PK8+ifBX9tTxn8PGtdC8fWv/CceEvLFtLHdbZryG3AVGCvIG8zarHjaWIH3lY198+HbH4K/HvSX1T4V+I7DStduFMl54YvWjilWWTLFRaSOrLydocEDPIHGB301hMXBKlVjSqrX2c2oyurK0ZbO1krau1tUrnFXpVKa9+LcLv94lzRWyS1aave9mnd2XMun5deHdZbw1fazDq0U0MskcW13U71cgDCqD91hgbuBjoSS21kYtb2cySFbqKeCWUo+CYwzEgjuNoIJwcqeuep+0viF8ALqA39pr+g3Wn6mJAq3cEJaG4hjzseOUAhlbGScjI6Dpj4317wbrfgu4uZJPMe3hBghfafKZJGxsYlRg4OCpJAI9+eapQrUvdqxfaMm2v5Vdp3TvfW3k23dC51KCak+VNWd7O1kremmul9Lp6oF8CzW2ntrlhMGiETXM9q6klIycYzwMcZGQCAfyxtG1S90rUlvtMurzS7+AiaC6tJJIXVgA2C0ZHYcKc44428n0HTNfS90FtGZAlxNYqgKEAbVYlw3qeTu54P6/p9+yH+zX8P/i9+zH8QNd8QaHaXWv6HrdwlhfA+XepDDbK3lrMOi7jkjqQcerHgqZV7afPhp+zqxi5J3avJW91JJW12vdfmd1HOXh4qFeHtqEpqDaS54q6i5OMn8KTTcfTe6PIvgp+318Q/ClnYaN4+mm8ZeH4XgWO9MzJqtjFCygBJN29zGAThlbK/xbsY9U/az+J3hf8AaBi8HeJ/BPiKzuL630v7JPpjEQXqrt3eTMGYFpQTjkHcwJIGARzfxX/4J6+Jbez0/WfhRctqTL4ZfxLqmjTLi5ggt4jJMLaUfLKqqrfLgHjoCOPhC/8ACniC3P2OKK50bVbIq7xyrJbXEMysFJYbc4O0/LnDcMD2rZZxneAjDLsdepQrcnK5tzfKmrJTbtd9VutEkrMmpluR5pTq4zB+zo14QfO0lH3tG+aF097O6tddWze086loWt22mXsUkjSmY5ljKlSUZSQdvzFTkEbirYIHGDW3PqUqWGnpFISt1PcI3LZ+VyAmckAA/j3HWo/Ad74hk1rT9E8YWa39lI9w8WsSBWntSsL5IlUbmBOMqW6AcgcHb1HwnewaHomsW9xDe2F3q+owI8Ry0TxXDMqSKfmUmPk/Lxw3PUdFStGq4SSfs01FttL3pJNK+6vZ6NaeS1fztPC1cNUnF1Yyc9Y8q0lHS7V9dVrZtta6u+vrvwjuBIupRkvuh1TRmbJztAmiUjnJXOOfx9MV/cn8AVz8EvhqVOR/wjdkQckgKYIiOSAOeuOg/Sv4bPhDGsg8QOowUu9JYjPyki7hT/ezk4YD3Hbj+5j4AJj4I/DVM4A8LaY3rybaLCn1ychjk9BkHt5/NzYmqtOVUrq1k7uULaXb8mummx6GPjH+ysI+a98RPRWaVkmkul9Vpo79W9vUuCSfqOnI+XpxkE9RnHI4IIyaXIwBlc+i9RjOB0Ix/e5yCOSM1bWJSoxgkkKByCWzyfpgEYz6EdeXLEoHQr0yCRnjp15wO31z0Irbkb1dlpr5WV7eiXn53PCUrK2t9F8lbT8H03ZQGSCSc5HpgY5zx1+pz2BJ60jDofmJ3AFVyeDnjJbtgNnggZ9qu+WBnuT1OOx4wR7/AN36k9SajKgZwc4JIwew449MHnuffng5EtmktPR3t6W+9+Vi4u9vdS1infZJuPa261dn013KLA8KDknAOBjHXd0xz059uu5gaTcwIC4LDI9yR0+9jB24I6D0JOALJGfu9cHCjocjnOfpknJ68c4FRGPavXg+gxnGByfXJJGOwPY8wtOuu/mmrddEmvLztdbVpo9766J6fNrfXt+to2mOBuyxIByAT7Y+nOcHOByucnKBw3JXHqFPTcflXBDZPy98HqSTkGlZD06EMccZJOMhicevYg+xHQxBXUgYOBgc7sk5zgL6HjHAyeMjAyn3/F9X1/P9fIdvdutOlrdO69Oqa0ut76WCS6qF42ABucHB9MDJPHbgcgjA5hZmBHB5baMYGRnnrz9SDxkcDrU27kjGMYBAPVc8DgkHj5sjIA78CmMUZSQCcEgADHfjr0I4xjg+3WlJ8vLbW7072VtfO921a3TfUldmtFbTWzty6fi9fIjByQSSMMGx0UMRgDocg5ORn1ySTxZGGweAQ3zKTgNnH88EDI9SM1CpJHG1c4IG7k9OQDkgt2GB06cgtIoxjg8Nu4IwRz9OT3B5+XHQZMubeu7sknpfaOjXmtNNW0+1zSVKKSbT+Hsk1bl0lpfVtK930WnSbGTuLZyRlcZVc8kZHp1PIPHcilIYnGBtYkHOMk5wTyDypJ579RzwAEA4+XgA47dOSQenv6dc8in8/eAwcjgdO3b0yPcEnAxin7Rxtra9nreyT5Xfb12T1T0aaMXTikuu17rq+X1v5XuvlYcqsMc8jPPIHI6gZ+gHOW9QMUqs24ZAxwTjA5JAz+ABHUYwTmo2Zu64weeeBjvnBx7dj9flpmR8xJzuOSBxgDnB4OCOxyD14JxTTn9ppJW2aalrBW0burffqm0r2n2Tel7WSs027bLrfp87vSzLYfHI5zk543AH5cYPft7DGTheXBhnseCOeTgfMR1Hzep52jA461nE4G0BQQT8xyOCM5PfHTOeRg5JzzGkmDg5DZwcnIyckcjHGO4IIyPpUzb0u7y6a6JLvqlfqtPk9GH1dO+rbT1632sr3t118rPVXNsMM7mxx97jHX5QoC9MfL7knjORiNpAeAU4GThsd8HjHzAH72MkHp0+WiJAOc442jdxjack4zgck4z2CnnuxnJYgYIOCeTuAXAGAQQWxyVwW+mQaFNad0l032+9/nbUzjRjCSsm9ntZacutt7K7srP17Xml4JDAMOei8bj0BJxyGGB/Cc5JzygYFfvZcc4DHkbhz3ycnBJBz1IOcVVMhzkbc8KVwcYIxkqM9cZHT271IDnJ4O7cGXB5HIAzzg4wQcc9CDzVqq7pfZ0tppa0b6aaWV+uj6o1jZRs03bl6WT96LasrJ3d2t9/mTk8jAyx+8eMHg8HgcgDg5xj5eetNcsgDAfLxg7vmySGJ4IJJ9+oB4JpPLbCnkBgQw6455+XOTk++Qc5Ixin7NxBCls5OOVxgEdCSBzjAxk9RgVdOSk7pp3SVtu1l0u97W1tbbrLet3ZqyVu6stHorWTt1tZA7Agc8njp0HttAx1APBHYkAA0+LLxshIPyMMjoN3BPUDuc56c44IqM27YD53YwGBPOD2OAMcdffvzU1uoC4Q8ngByMEZ9CcDHbv/AAgc1umnF2lrZ6dtrrRvfTr89zJ7p21undXu4px30vfbTf3d7Hyx8TrHYL1io4dhwMhzg4GVBIPJxgYz3xuNflN8co5baW6JXlnYoWxkMCQQSBgrjjJK4X0zX7B/FC3Aa49XAYMBkDPBznkkkEMecHjnOa/JD9oiMxXV7gZZScpj5cYbGD90nGe/XB4ArwqVR0qtWEeX4tFK+juna+90rLye+zPvcsjGtSoOV7KEb6f4emvd9E3vZH4e/tPeK59NtbpI5PKkuHMRCttwq5BwM8hsA5znHWvy61bx1LE8rGZRlpArEksCx6N0I9sqcHHB619mftrarLbapZRRlgCZnds4XcDyCCcMuSV+nH0/LvV783DSOzYyx+XcFwBxye/PIPT1yDWTxXJW53J2vsuiVrPXV301sr6NdWe/VoRnS9lFLm5Vrom7pa6tdf016nolx4pSbMgmG8/Ltdhyozxnnk9QcZ6jOQa5u51q2mLb5Fwc/KpbC47j0KkgjP1P90+avPLtYBnY5KkAkELxgE9gN3Xv1XPFZ0s5LcE54UbjkEgtx04zng9/ftvHMle0W2tHo1reybd9/wA39x5Cyt71Gk5dHd/yvRO620X4W1PSn1a2aNkeRJItx2s3MgbORtz6EEE85GSM4NZrahA7BTJFvwSpIGCp6YA5DHnjnB9B08+M2M5JU7z0JOccDkZAY+v0z6VA7EbSSy5AIO5sjdyDg+xJOfTIHNbwxrWqlJX6KTe1lfRvW611autnciWWwjZtprTqu6VujenZW0bbO5kuYc5aSI4BUB2GCCduRggYxjgDjjPoYDcQDcQ6jBHzgg84A/AAH6dgOc1wciPhiCSDzndyGJxnjjAPZgR0BwahcyAEK7HdlQu48sM5zkH5cDhgBg89a6YY+TXuyf2d+r020aSdut72ZhLLoJtO2trKy0+FaO2+ydtNklc7qSe32sGKAY+8xBLckl1HHIJHBODzxjNRG8twrMJlwcHL45z8p5znHTABHHUkdeCklfH3nGRkZJzwc8N0BB4C4DdSeag3SE43uMEnAJOAeR2OcDr6/jmuyljnzJu1rdW01svlfTR2T3VjillyStJRv7t3G9220tvubfXyO5ee3BYFlGBgtxt5HGG6Z55GDk8dzmMSIh3ecvZtrOTksNvy+gHopGT2NcQd537mdQGGOchcc55zkkYGfYdeBUW59rnc3B+UFiwOTkcZ4Iz26HjkCu6OMnFKzu9nLXf3fVb7J7NvRaN8c8FBv+VaaONmn7tt+id35pNJXPREuBHuxMgJ5U5BOCezduvIPtnABq/HqDRLkEPlQzHcOvHIwc9uxAxjg5FeWyGTGWaTO0DlsNnOAAM5J7Afe9RgUb512sJJAGyeWyAOADjnngqTjk5xjqdY5lNRT53ulp0b5XrZetu6Ts3sYvLKctUk9ndvXu09Xbp17NaHri668fzkkbegyNrA8HJxnJbvk/LnnnNaMPicRLt3Bd5DnDbsYGSAwHLYGRkc8YJwa8Uaedsgyu65ywBAyMHGOSAeg46YB7kGpJcTDIR5BngDcV6HnHLZAx1B7cc01mtZNPmdtNVporW1S3tfovIn+yqWvu20uk1forb6366/iz31fFhbcA+MjhVBU4G3kHPC9QT0Bzg5IWrMPi9UZgZsFlGCx6HjHIwcYXjIwPT0+aZb6+jJZJ5CUzkBxnJyuO2MKSMk4yMg8khn9tXsTRkzy5yc5G7Awcg9AeccHHAxz1rqpZ1VpvdvbRvR7ee3puut9DlqZPQbTcEvtbKS05bX062enW+mq0+tbTxZCygtM5wF5BGMkZIPOABnPX6ZGc9Xp+vxTlHRlVlYNkSNnPAB+XqV6/KMH5sfNwPim38SXYkwJSvKZ2kg7jnkA9O2QRgH0rvtG8TyrLErMXZSoOG2nkYHf5h/tYHA46jHs4PiOcZxUm72V3ptp130t/wLWv5lfJYS1jFLrtrayVvW9vJbM/SLwZ4vS9t4rDU5I5liCpFMvLqhzgFucdeTk5ydxAAY+26d5O2NYm3qhVg0ZYb1IBUkZOWOdoHHPqMmvzs8I+KCJopRK24EKyBxlWJ4C46gE46gA85GMH7K8C+JhLFCsjkiTakgcktnGFKk9OuSR8vIJ56faYDP414cvNrZW7JLld9HdtX6pXT12dvDrZM4yUkk7W1StronZXS7fjrc9zVBvjPl4BZtoIJzj3I+XkE89Sc9cVprHGvADfKM5AIK7sAjHPfvgfNjI4AFOwkVsHIwxDqox3AGM5O0jv169GB51HVlUHIYgScBlzjqN3H8I4yeOnPSuupiVUd+a9lu9dHbu+9r76abGlPC+yhy2tbf3Vq1ZWtfVLS2j3130r3BRFcMCdwwoIwCABn5hkBto3ZIHJBx6ebeJL3VLI+ZZwpeRrtNxaScSFMEkxtk5I6DqTjjJzn0K6TMRU723LgDgEMAGI6kj69+DnJIrmol+2xysSVmRjFhlyHbkqFJ+8G6H1456GuaVZyvaS0XR6fYttbd6Lppu0zWFGOjdm2+i0+zZW7O115vd3SOY8OeI9P1ZpEgk+y3kXzyafcZS6RhlTiNgC6k87lByDj1Nev6Pdv5azI22UMCYznDbDz8pAJYr/DzgkElcZrwbxF4ON1cJqdnIbHVrZiYbiEFG8wfdSXZxLGxGCGJIAbGCCT13gzX765ZNO1iM22p2eAZQCIb3r86lTtDMME/eyMjAArnjjKkZrmTUoqKUttFa7s76776O73Oh4WMlaKTumtvetK2qfbybv01PoN2ttXtcE7ZlbMgU4eGUZCOinPyHALKvTjrtzXSeF9We2uEt5WWK+gAAfG0XSJ91h0DZAG7J5HA9K8U1jVbrS4JdSgDJNFC7wAbjFM8a5CTgEHYxGPY5IDHDjD+HPxn8NfEGZtHnk/sDxbYTuEsrt1h+2yIxBaylbAlVsf6tOQegwMV7+XZzRlNUa1RU6knZXdlJNx7ap+Su9N0ro8HH5XVinUinOmo3do3dPRO7STfLLV31+SSP0R8NeKYbqP7LfBHTbtljbAZWyQXUZJwAOMcLjGeePVrK3SKJDC5ubByDBIpzJbtwwbIPAXGQRkqeAMV8Y6XqTyANlodRhDecrnmQqAVKcnsuCuRk9fvV7d4K+IAt3SK5JYjEdzA/I/uhkHZiDghQTlSMHv7uJw0K9LnST5kto76RTslt3aXR7ni0ak6M+Xpe71ad9F3ffTzsmkdN+0F+zj8K/2xfAJ+GHxht4LPXIopF+HvxOiiQavoOpMhFtb31yF82axZyisjsV2g4wMk/wA1eqeHf2pv+CUvx6u9G1iwl1DwrqExjuLeRHn8IfEPw5LKVFzazYe1F61uSQ6nfFIeSMfN/VhZiz1K1FxaMstncBfOiJy0JONrpnBVkbBA4PQ8daj+Jfw0+G/7QHw6ufg58e9Fj1rw1cxSJ4V8ZrEj614T1B02QSpdENOkMT7WaPeUZVJx8xr89zTJKlKq8Rg5ShO95U9k20r2Wm+zWr0uuz+vwGZUqsY4fE9GlSrJaxas0pX1avZq+qfvLY/P79nj4n/DX4w+H/EHxQ+GeqRzaTrXhCbT9c8JXk6trvgvXy3ny2d5b/62Swd9y2l2EEYXaoODmvgT9tPVJpdO8MRw4Ae7GDxgFEKHtwFGAAQRgAAcmvBfj5+zp+0l/wAEwfjHH4z8KXtxqPgXVppX0PxTYxyXHhTxfoUrHOk62E3WyXUkDCNlmVZFcsyMvAHQ/ED4jeHv2pfh/p/jD4YxGz8QeFYmv/HXw0uJQ+tadMV3XGp6HHkSalpLMHkAiDNACVOQOfnqOIpww+Iw848lWcklGS1vdKSvK6eqdmmr7dz6V+2nXo1JNytFS9pFrlnHljFNW3WvRb6Oz1dP4X3rWWg3qRIpkXTrgvPtJLOz/KAcdxj+8AB+WnPFdXrS7RJdXEv2BtvJIAVepPRccZA+VuM8Vm/CHTbnWfDt0bYgD7GyXErjalrmUbvMBwVZQTlCoYHAxuxXX+MvGnhP4dWRtreZb3V5Y7f5EIeeeRUwdwJzFDuXty3OOTXj4vGxwqVCjBTxD5bU4pdVG8p9kvPv0sfRYXByxMIVa1T2OGjvKVruyinGKtor7ro7X10Mi+g0vQLeO51m+jg2Lfbod/lkLI/mBMnlnbldoGOSDyCK/Tn/AIIzalD4m+O3xR1TT4pLaLTPh3qEEClcROhVgm0sMHPHI4PGPf8AEzUU1zx3qUPiDWZns9JM58m3wwV13fLDBbglnDYwW5JOQOhx/QB/wRi0OPSfFPxiv5YjbE+A7vyIhb+VNDCsBwXUAYLgZ5Gc8cjBPnUp1JYrDyxFRurKpG8af8OmlrZLq72u7qzdi8wcFl+Ijh6KhTVPlVSa96p70Yprqk90153Pzn8Y2Rf48fEW5mtYN83jXX9zm3RyCbx2HzYwMkFjwDyThhybnj61C/BL4hSiNMixugNsMWFAdfvEAtj0HrxjoT5h8S47y7+NHj6az8T3tpHc+PNaP2ZP3bKhvX3uGKk4DY4x0II2gGtnxebez+Enj21uPFl1dXn2CTFo02YyjuuIyoUAFsgk5wfQ9a/e8lxsY5HiKLwyUo4Gt+8coJuUqa96zV20rdm7aWR+C5vhHPN8PWde6li6T5Ixm7cso31ScVZWs9umnTf+C8nlfDbweCmM6VGCwjBQkgkZOAVJGcnJGcktWZ8fLhX+FniOYOqALbpGu8Ju2zRlhtzuHYA4A59zXGfDZtPHg7wx5mv6zHINKt91rBC7QqDu+VGAwcZ49MHmuX+ObaNaeBNTt0v9Xu5riL7TGlwzJE+2VC27Py7U5GOM5z3Ir1qmZOjw04uFKMHl0abm60U/4UUrJK+rvvZ66ra/nUsujXz66nVlL67zKKpTSuqq3bb0T+SVkfS/ga/jbwb4XYzohGhWOMzqpyIl46kggkdRkkeu4VL4n1GxfQ9Yj+02xb+ybxf3kykZ8t/mIJOSccHHXjOBz4t4M8UfDGHwroAvNe0yCddGtBPFNqO2SOURgPG6B8K3UEY46ZJziXXfGXwlvNL1HSbHXdNbUdRtnsrNUuJJ5FurjCRlNr9dzEdwM4x0K8/+tWB+o8jxWEi1heSzrxcnalFRio6attLezbunsOfDGMWO9osPipKOJdS/sZtJKonfXeNteZ3a11e5z/wR1Kzg8BpGbiHf/bF8SBg4BnfnLEfUgdcjkdB7eup2UsmZLq1fKsg+dduAjHPGeeOg64JPAJPyXpJ8CfC2Ofwx4v12SHVrG7eea3aNncR3QWWJV2sFKbWDdyANwzgmt9PjL8FraZFTU5mQY5NtMTwOQcvggkgjgjPOea48p4rwFDBYbD18bhacoUlTanWSkmn1XRra17bXszpzThbG4rHVcRTwuKnCrUjNSVF8sknHlaaSvF62lt022h+Cl5Z2Pjb4reZcW8UbawhjZ2TD/vC2FAzwFIB75yRnBr6JPiLTQzbryF/ugFF35UE8ZI5bBx03H5eMg5+N/DfxC+H3grXvEuqa75gh8SXY1DSAllI3m2jH5WIJBUnH5Ej2Pc/8NM/CqJZEhs7qVUHyAaeVcbcEEMQcEkbQBxz/ABEkjLKOKsrwOAjSq5jhac41683GUnKSjOq5xlZLZra+6s7N6K844UzHHYuNajgsTVpujh6d1G0W4UqcHbms7JqzXRK9+g/VdSSX9oWCa1JlQeGc/u4jnJ3cAYBIH0xyO9e2R6lcEqFt7gsVJCrE6tznlO2SwzwT0ycDAPzTffEbTodQsPjPbaTez6HrBm8O2FsnlxXMM9qpkld/lIVCpLDjnqFJ+9al/av0mIH7P4X1VgnCtJcRrlgCf7inb06ZHsMmvOwnGGT4Z4z2mPi3WxtStC0Ju9Oo4csuaOydtraO19bnfjOEsxxEMFGnhZWo4SlQkpyi2qkXeUbNrWLtfprroXvjjcXEmp/D3zoJov8Aicxkm5Cg7FkByoPLYPPrg9DxXsMWq2ykANeucIoUQsFBAHQlQCDk9x68dD8p+L/ivffEWyi8ZW3h6K3svAF1bXcqXVysskryyhQvAAKsFGRt2jcQO+Hf8Ni6oV2w+DNPAwVG+SJl6DDD5chR05AODj68+C4uymGPzHEzxTjTrToOlL2U5OShTjF6aNa3V3/w3fiuFMyll2W0I4dSqUI1XKPtIJRcpxcN97xs20na1umvtXxYlmufAWqgWl4EE9q5eZcR585erHryFHIzznBOcejeHdU1BfD2i+VpbNjTLNVl8zA4iGTnOBnBP3ePU18uaD8cNe+MV5J4EufD+m6Zp97BPez3SOS6/YkaeIJg9XdAD8vTDdM157N+0n8RLF59Js9P0JINMlm0uMtEzuUs2MSOx3gEgIP4QSQQT1AFxpldDNq+L9vVnh6uDo0YyhCz9pGblJWdvdirN31ta13oYy4RzDFZZQwkqdOFWliqlVxlNNckoQjGSa0bbi9PLVn3RrOpav8A2TqcclnBAJ9OvVEhkLMytbuCwYk5J4PXDMfU5Hl3wQ1i9s/BUNrHpqXaDUr51maYxqds7MMZAJyAOCT6dyB8uaf8d/iV4k1jSdDubzTrWy1XULazuo7SAh2gnkVZUUknG5CQeigZ45rnfEPj7xr4V13XfD2h65Np2mWOqXMdtbwoqqh80neflOGJ6tgcnBwoOcMTx3hP7Qw2NoxxEqVChWpS92PM3VcGklt9lNu+m63ubUOB69PLq+Crujz161GtDWTjFU+aLvZLW8kkl6PfT9LIdc1tXjI063iWQs4PmZZdq/eVieSQ2RkHnsDXz78KhrV7q/xKntJILYnxJKsjyMSHYu2MMTw2d33V6AZ5Jr4wm+LHxKyX/wCEu1EMobIDqODnoQNuCucfKcDOck16D498QeJPA1t4Tbw3r9/Yt4p0OPWNZdNgN5fSrl5mZlO7k45PcDAyQSr4h0KuMy+rLD4i2HlXb9+nzPmpKPKtuW17vVeXVl4bgKrTweOhGtQSrRows4y5UozjKzTutdVp1dtrH3m9p4iEiJLqsarIgUNGqsACuRjkMuCBjrnOR0rwvxHYX6fHDwi66qZXksvJEskIYkomHjHO3A6ZzkcY6k18X3HxL8f3HzSeLtWJIY/LNj7p/h2jHQDA/qxz2Ws6trh+F3hnxOut6i2uvr93bf2iZStwsRHyqJuGXHReh9iASHmXHlHGU8PBYXEQ9li6GIblWi21Salyra8m7tPR36aK+eXcCTw869R4qn+8w9ajyqnZJTikm2m20rXa6330P0YurbV4OJtZs49xcYaONdq5xhwXwc9eRjBxk1w2v20t1qvhSKXXraUxa0rsyFBHD8jYkdg5XHUBGI5wDzzX5h3Pi/xddMTceJdWmkVCJN13Lkj7pGQ3I+Y9ckeoGMd14UudUu/Avjy7uL+8ea3W08meS5meaMtgExvv3IScYI5P5VeO8QqeJw8qUMHWTdShJSnX1ShUpztZJrVw2/4Bll/AM8LiFXli6c3GM48saV/4sfZt3cpfCpN62btvc/UO5tbVwxk8QQuU3JIPtkFuQQ3BU7juUEjgHGcCuD8e2elTeE9et4NaiuLuSyCRwrqUMsmC4LFUUHcvBz8pwMHrX5WHVNZYLu1fUmUKNxe/uDnhdx5cnkfeOARggHg17j8AY5NS8eGK+mkvUGhaqyxzzyyqf9GchijuRlSBg4weO551r+JTxWHq4dZaoKrT9nzuvKSXNyx25X1as/xtoZYfw8+rVo4h49ydKcZqPsEk3CUWkve0T3va2jPunwxP4XtfDmiQaj4hsoriGwhR1bVY02lUxtdc8MDnIOcMccGpL7XvAC219D/wkWkT3MsE8UUTamGeSR4m2qqBhuOM4GOc+5r8jNZnmTU9QUT3TAahdAoLiYbVW4lCgKGIUBfu7RxzyOAOt+G9jNqPjzwdbs7OlxrlnGyyO77o9/zZBJ4wOTjkAknHzVl/xEessPToU8uoe7SjRUpVJ3tyxjzOKSt30tstbanRLw/ouu68sfWd5uryRhFbyUmrXTSvpfVvVrufYXw08T+BtCtdatvEGtaVp1wuqTIYJ5SJQPMJV0VCCRtbJJB3EHcck57a4+KPwhtzKZPFGnsDuBCRNIuQSRt+bd7df9n3r4R+KdhDZ/E/xrZrHGIrTV2RVSNQFAjVioBGVU9QuCAM9elcBcCM7tsURVMj/VfdUngdOvOSOepNeXg+Ocdg8PDD08Ph5Rp83vT523zPmfVa6u19r90duL4OwWLxU69StiIym4e7BwUV7sI2V4trZt3bs+ytf7z1TxV4L8OeLY/FWsamBo+uaBB/YzLbGUXKI7FmEYxtUAHvuyMksM1qN8e/hFEEY308gwN0aaYxVSwADLxweh7jsemD8+fGRIh4N+DY8lF/4pqT5gmAw3OduMYyo7jj2Jya8CFqMEsyqQSir8uVJ5AJwOOVwB/F0PYY0OM8yw6nGisOo1Ks6sm6cpJynKM5KOqaSeivqkt1pfpqcJZfXVN1nXfs6caUUqiS5KfurTl00Sezd9Fezt9oeN/G3gvxTZaL430W6vpNJ8Faqh1CI2HlSbpyFRRxhycH5lPIz3BqdP2qPAcAk2aVqM7lcfNCqYI9G2E/LxuPPIxya8K0JJIvgl8QQcOF1nTAV4+XMijJGOuRlfTnBzmvniZdr7TuLEkPhgPvHGCcZGOOBggHPas6PGWc0q+KqwrUozxM4Sm3Si17kYpJKXNy22a1ule99DStwllU6GGpzhWcaClGC9q1ZSmnZtON77re13Zan6J2fxd0L4raL4k0nT9OutOGk6cNVnaZQwdYWLAIuAMkjk5YEjgnOa5G2/ah8J2VqljH4Z1GaS2hjt/NBRFeSEBC4Gxiu7H4g/n5f+zpAs0/xEjI3bPBlw5B/wBlZO2cY4AORyBnPevBjGrmQgHJmnxgYLDzHAIA5JyD+R9Kn/XHOo4ieIWIhKpOMacpKnCyjG0o2Vrau+6vfXSyazlwplMqUaDpT5ac5VF+8kvenGN7u+qtFWTvZ6rfX7Q0v9orT/FOrWHhy08NXFm+r3kNolw00eIfNIVpGVk5GCMLlT1JYkcc/c/HWX4T6xq/g6DRG1H+y9VuHN686JvNy5kIZTGSSCwXliQCCOleA/DSOE/EDwoJE+dtbtEUKx4JkTn25xnjrkDIyKt/GSLHxP8AGGUCsNQwE5IyFK4Iyc9TwORnocCl/rdnE8VTxP1xxr04Sp05KnBKMZcjkrNSV20tXp1Wo1wrlUcNVw6w3PRnKEpqUpNynC3K20+bTmfV6brq/cX/AGvNYYt5fhG1UHaFZ7kM3LLwVCjKcknvkDFUPiD8Rda8A+JRf6Xb2c0njHR9N1y+W5Uulu01uhMUQUkqEJClickhjwcivlZlUR5YbiHVmA4GCRgDHI7e2PQgmvYvjvMp1rwWHA+bwTpjZx939wnQLkkfJxkjv05xdbirOsU4VquPnKeHkpUmowTjKSjGTXKkm+VvySbT2ZlT4YyfDRcKWDpwp14qNSN21NQ5XFO7d9VdLuvmacf7R3xA5MVvo0WOULQFyvzDAAPUDjhs46fN1HQ+KPGXiS48BeEvigLm2TxHJq13pShLfZbRw7jglMgEnjOOO5HXHzbaMssca7ScElmCgFiF2jnBORzgYzjkg4Jr3LxYjRfs8+DGUklvFN4CmAFGXcDnHJyCvv6HkDlrcR5xiIONfH4iorxlBc+ilGzi9LWaStpZX/Hpp5BlmGalRwFCN1yytBJuNoqSbs73Vr9NfUw5fjx8WHiCJr8NsPn+e3iZduM5xyRk5xg4OBwDxXo/wq8X+MvHFp48tvFXiG81O1tPDwmt7efiKOVbiEhgoGM44G7pwMCvmd4wloAWwwJ+XhuSp5JwckjkbvTJwd1fQf7PJJtfiKpPzN4Vc/dyCRJCeDweeWznk9DuGKvLs0zLFY2jRrYzFVYTnFShKrJpxVrpxvZX2tbWyd7aHLmWWYChhqlSnhKVOcIXhONOKlF3irpxSSa1TSXRtrZH6BeF9D086JpMq2qO0umWzlnduSU6lc4ycA8dDx6gS+IrSO10K/a3QRN5aLwq7SAR9SBhu56YJGK0vCMpfwxoTMwz/ZNpkhP9nAXj0B6Dk98YJDfFzk+H78ID92MZCnOSRyDwTztPOen0x/T1FQp5TC0I3WEWtlfWEbO6u3bydls2fzNWnW/tiV5T5frcmkr3dqi0tbZ+XTofrP8AsD6Naa1+xT8dtLvVE1pc2fiJZ7eYI8bgQhiGUhsjcB8ox0442mvwG8Z/DDw02i32oW1kbG/huljgutPlkt5IyLuREO1XEZYAAruXjPXHT+gf/gm/FK/7JHxqtyTudfEEO0gEnzbOVg20EdNmMkjp/dPH4d+Jmb/hHdaRiWWHUQWJzn5dQmXg4yM8ccgc9MivxzhCjRq5txPCrRjNe3i4X1cbt3lFpX0a79H0P13jXF4illnDTpVJ070ZKdpaOyheMt01ZpJO67eXk03g3x9pIb/hH/GYvIlSFks9bgFwctGGw06BcA8hMjjjkn5a898TeIvHWkzeH28TeGo7m3ttWUi70STzJpzk5VLYBmDMckAHk8HpgfUiN5lw5Zfl+z25BJ45jVhng9uykkEYx1zw3i2OET+FZNih28RQAbjkAE/Nn+EDaew5z1Pb9Mr4N0sE54bGYqjKSpucXOVSn8cElaV0ru1tUtG/I/O8Dmnt8cqWKwmGrJqo1OMFCpFKKbblBxd2rrVPe9krN8Tp/wAY/COBHfSano0izMHg1nT5oFjwzBiZWXB5IAJx0PANdUfGnhvUdY8Ktp2s6beB5b0Zt7mN3BaMcuhKMqknbg5PQADpXWaloOk6g8i3tjaXCNNIhR7aBgAO5+XJ9cE5B6Lxz4x4n+D/AIMu9Y8NeRZzaTLcX06veaZK9vLjaduwIwRQuQwGACeBx0mus2o0IynUpYqC9nJ3Xs56Om0nq93ZLbfXoPDyyjF4tJQq4WSjUStJVIbWb+zJNbreyt3vH6Lt7+3dW8uV3DHaVUkrweNpzgg+o74OewwtX0fw/rPiTw7DqmlWN7E9tfhku7WPB3xEbmYDOVBBJJJXJJU8Y8pg+GXjzQpGPhj4gTXEETt5NlrUBuFHP3TLwQTjByTnryAcZmreIfib4a1jw/Jr/hiDXIlivY4n0OYiWYeWTLJ5WCyhRk44OSD13VOIzHnhTpYrAVKK5oPnlBVYtJxs0029dL3SVtLd9sNl3LWlUwmPhVSjNRjzuE7uCtfmSWnVX3tZtnqeo/BbwJOz3mkWt54butoIn0XUJrceYTkEIHKDcTkYDYyAScVD4T+H3xKs9e1RPBnxSuoprXyLhYPEFsNRhuiPlWK4dNjFEAO3JznoABzyGm/HHw9hbfVLPW9BmLeX5epWM3lKQ2WJmwFCKB1xk4O45yD7B8KvGWjapr+tTafq1hdm5WGKNbe4j8zeqklSjsrDK9cZx24yBz4uOVVKMamFlGlXTvanOVKeyctE1rdLdXdnfy3wX9qwruliozq0pdasVUhvC3vNSutrWlsla19Pyf8Ail458XwfErxa/iWDS7/UbfVp7fUZtPzbQXE8ZMJkhjJO0EDPALZPYnj6R+AEN74m0nUdZj0y+isoNB1SNmDb5BM8MioyRZVpIdxwTjqdo4xn5A+K8guPij44ZyJpH8RX4KKDn5Z2C8j+Ieo4x1PJC/VvwU8TXnhiDQ9PGSuu+HdXt9qhtsW2KUqzKCAWU8DdyeCQOlfh9apUnjK8faKLlVndybd/eWr767r3r+up+1YXDKOGo1JtRhGlBJJcsU7U2rbtR5uivbay1P2Z/wCCaUeo6MmqnQNIstY8UXGg/ZmXUphZR2zG53wMHIO5dzL5gBBYZGQclec8f3t5J8bPiLDrFlBZXpuJhfwW4LW6XwtZBOIHO4PGXJKtyMdMMM17P/wSj08y2/iBr1UmvEihV7h1y6xtcrIFD5bbuHAAx8vTGK8l+NA+1/HL4s2tgGa4j1hoosDJLSOUK9RuypI65ywz14WClatNz96VO1krtte7ZK997Xttprsb4pxjRpWtskmk+Z/De7Tei1Tdrb6bX+cPh1ax3Hito8LiTTdWO0jAysztyCTnG0nrg98Eg1xeraXDaapo+XhiNzqt+Sy8LhmdQFGeCBwG/vDI759U+CGnl/iPqVndoFewstftpF4BjlEMzhcHIwCMHoMjnmvKfFSLBqegM26UprFyNpyyk/ayCuRgcqOpIXH3eAor0qVVShOLkklOPLrb4kr3av1WiT6bXbOJtRULq/u66tPVrXq0k9VypWVtOphy6dHaaZr8qKHns5JUgmDbSQ0m/wAthuO4HgAZ/McV7h4WvbPX73wXcW7q09vos1vehSA0NwluwCuDzyMkcc5znGa8n8TpJDBr5CiCKTUbKMbU2qfN2kg4C9B8oHuec4NSeCtRufDXijVNQgjElpaxIt1HKMKsMlq6mWNB8qsGO4cj+IA4JFTUkqPLFK7aXM1dfE000t9F0S1d1rqxwbVWOq5dEmklvy6WevRb3aSsu66TUbHKaZG75E0WuxDgDcgd2AHIOM4689+oBqppwNrd+GJJRA6z6NewFGAkCqYnUt82RuXOQcBgwIyCeOitrq31Cbw9LG6XNu9nqsqlCMfv0L4OOjIeozkEEcFeMLDRat4SKlcJp+pYD4JAUSDAzgcE8E5GOmO1Ts4K+jUE03dO6TunbfdK3bW1tDq5U02nrZ3Wrkm7atJ3ad29t3qncqaBqDaZofhCxkSSaxl8YEi4+bzIVa4cKqKSfkU46YwuSRnOfbItuoN4vtgzPGviTTNsh4VmUA84BOSCOhOOT1yB4NfrPb+GvDmoWkckr2viF5JYFBEQVpWYdsZIGd3HIO0dh6n8PtSe80fxRfzSRqj+J7Jmi3DdGQWG07iGyvUYxgDr0Nc0Fy6NPZp6q/RXXRrWzvflaV9DSls01Zq0m9FdXtbd3V+js097LUU6ZDqup65p87AxXHiSBQGOSrQ28u5kyccEYIz0IxXnfw1s7HRtV8P6XqEpkjn8Ua0ltNI7CE8yhoHJYKpGFGcHHReMkem+G50uvF90+5ZIo9Q167ZiDh/KCRoSF4+Vnwuc4PU9h5F44006VY+H7uEn7Tp3xBuJoSX2ofNkVijFeCpD45z64xSlC0eaP2Zta6u1tL7XXmldWSs9Qsk2m7pJqybXRJrVbXW+17+p6Ro6KbrwMwVRHB4r8Q26/MDujZnCkAAYBBGORkc8dK+GvFkejxeP/Gw1PUY7WV9bvUt4xGXdd0jkgNyVyBtz03BiCPmz91eG1N2fCN7NsjuP+E9vYpIYiCiJLGMBQCfvE7sHHckZwK+KPil4cvX+Ifju4s3RfJ1q8cpPGu4lnGGjDDOBjI6Y4OCDg/V8KLnxVSKWqp313fvR1ins1e2qS37nzHEzjDCU79Ki0S0te7XW1o62Wq08melfBPUtDfXGttNhmF7Bp0ySzzROqsp6tljjK46DPUYHOK2P20zY/Y/heLy9jjVbadsrFuf7iEAjOcY4Yrjr+Fee/A3R9RHiV573U1kQ6dKI7dGCukmclZNoDbDyecg59QSOu/bVtvtdv8LY0ZVKWlyrv1x+6iBG4Dj2HIBB6GuitTqPP0opuWnK21ranH4kttrb7b7hSrU/9WHzaq8bpWvy3i77Xu9NW0+vRnl/g3xlp0Xwr8Tx2xxLDrVmisYCqKFfBlcg4IwQDnlhngnJrj4/FYvdTtkGoD57ocJE65OwAdzjnJ46AZBHGNbwj4XB+HHieEXscdrPqdiZpSFZgQwYcBVI5HIz/Ccg9DS0nw3oMV/bGW9nuJ0mYqIsYYKh+bjHXHsMDgZBr36lGThV9o5KTtdJNLaGl1fmvG1tdWrLmV7fO4acGouPVvdbuNtm3p7tvhWut9tcDw3FYXPibXnn1PdEbS4ExCtJIpMjZYAncMDGT6574Y/QX7Pkfhd/iFFFpep3mpajb27MkT20kSCMj95GWbIIT7wbGcYPOAR84+DIrBPFmvpbid90F6u5gpO0SyZHAwSAOT0yQD/dP0l+zlpMy/FCzvNNxFEbe4WbzEAbHl/w+v8AFjjPABwMGvNxlCUstxNru1O+jclFKybSt8Wi0e1n5W68BiYrMsPo9ZwS7301StbSzsndK2mhk/tmrLJ408OhC0BOjMvySMgU+b975QDkDJY89cAHPPhNhc48A69E0lxMTqdl5kTyO6SYRFJwxPTGASBjoeK+iv2vE/s/x54elu5VdZdFlYB1EmcyEAAcAZ7Bugz68eWaDAH+Gnim9aC3YDVLJY5TGowrBWwOcHvxgcD1GThlNDmwFCSly6xctm4pSScmk1ZO77a6I6s0k1mWIV7ttNtpN/At0kmr67K/W3bxyKGZ0ItrSEfvQQoG5jkdCMDJAOe/HPpju5NH1yfRNBmsbSUyMbkSMimGMfOc5ONoUbTySOvvVS0vebpUlj32pLRiFAC3GAASp4y3PU5BJNejwa1eDQ/DREMqmQXXmfuWctiXb8ygAAEE5brxgkEAj6ONNy9io1ElJx5knbaNk1e2t7xavt0PDdRUoVZOMW7rRq6WqjzXatfbrtffQ9U/Zl0zVdM8ZkaoyrFNYTeVGsgdwWJByV6cfe6Akggdaqfts+IX0rxB4GgltVuLJ7SZJAc+cC8m1iuTwFByh9Tnjt1fwGgvZPG7zsI4bf7KxTbIDkucDKDcwHODkEjvwBXFftwaBdahrXhmYOskNpaPC/z8LI4DJtwOP7wwPl5PQ4HzuLo8ua1IQk+ZQTV3q0lFu92/dtfXRWPooV1Lh/nklGLmua9lZcydlpe3nb5bHH+FPEPgqTwVYaZ9pvbGQySTs11bHyCyOCUMoHKAnqDwMkV1LX2jzXOhHTbywuGe4KZt7gLIqupOcblKsDjA49sNXhngzwr4nu/DGjvpeoW8kXmXUQtrpVYEgliC7Kc8A9e4A64CpfaB4stLrTlvtBjlYuzI1iW3yqmdxVYipBIwcHHB55Br6rDxxMKMJOLaSgo2Ssl7qspvVu+9ld20aZ8ZKpgK06keZc/wtKUL30Tvez799NdGfROoXF3a65paQXU5mlt5Ig0h88ZDjKqVLd17lhjGO1WdFvrtpNWglSNwuuWyswBDF2LHG08KWPUZ5z3GAPnltTutPu7Nzca3o91C5dFmLyJGMk7QGGdpIBIz13ccZPUeH/Huo2c13Ktzp+pmfUoLqVbtBbSyPFgHZKWCjPbC8MGznIFdHOlGSqRabbbs9EnFJ3VpapXvv0emxg8JStF0aulkkvRJtdU29n5uzd9/Dvjlg/EzxFG6kBoonwB/EE4GOeCevQZAPoDzXwaMknxH8G4DkDW4Cny8AkPkDsWGMYzxjHGONP4la1H4p+KepXciR2S3ggRkjkWaKMhcFFcfLIxPTnHPHHJ918BfDi28HReFvHGoXcMt2daRtO0l08hXRuA6uxBmk53bQPlHI56fA4nG0MPj5wUeZ1MRLkSXTmi736JXT6a26J2+0wmDnUwcXdRVOk03pvyLR6dNNlbq9nf7K8UXPk+JNMluSytJpsqorkPwqPng/wAJJ55PQDGeD4q+gaVrF9p6X9hbuk01+0jBQjviQ7WJHQgccgg/d4yCPR7aSHxv4hiE91bZto7iF7eCcJLbnZlEdnZcls8KANowRk5xxcdtcWWrwRLu+z299e2q+blyAGXkMCQc44IPPrkDH3mHq0ZqjbltJqKT1tpBOTV7N3VrKy76n5vXhUo1asm2lGUuR3fM3eN7pvWzs3ZpvRt9Hwtx8PLJr3XJNOuprVLORVtoiTMu11yVYDk5Izz6nPJwPOrzwprtvaSPJaRX0alZd0B2ttd2Cl8AkEEYO08dzxx9BwzKl7r6q6uTdBW2kH+EcEEHp6juc81ycNzINO1JX3geVFhlYDG2VicgkbT02kZ9MY6aVoU7qLjGS956LS1012fZLRLqOnjJuV+dK1tL2TTUbu6ae3TXdvrp45bahqui3scUS6hpz+WSE3O0R3A/eB3YyMZ7kdhgZvS+Or0w2kN3FFIkGoRb5UJ3t+8yQ2MZPJOcdc84Ne2xG0udQsC8cEqrZRlxKqsWYocncQSSDkckEnGBkE15F4p0CzLm6t7dYFGpQSsY2wuXnZWDDIQrtHT8gTyOGvTpKnV9nKUbRlo2rO6Wj2736XTtod+HxPNVouooybnFc+umsLNN6302v92rP0X8C39tq3hGKSFSnm2YJRgfuiAAAHtkgnOdx9yRVjwxp0K+DNR1K1KJcQa3LbuqHnyHBRhIuc4GR1UqM54OMY3w2tjD4VZRJujhtVCMuMAvboWAxjvgjHOelV9CN/pUF3JkvpmozOksTZZROzlRJtJHK5JGfXBySa/OMbdzm1/Olp1tZPXone111/H9ZwUVyRTuv3S2b2tHVXu7rtffvqM8JzzWvivw+EBWa31mFXUrkeW92hU4O05YYAz14ye4/wBAvwYTJ8M/hmzHaW8BeHCexJ/su1zkHj1746DPOa/gH0q1C+NLPYch9Y0NQxGAwa6gDDsASM/QnGD0r/QB8HRFfhx8NFOQV8CeG1OD8uBpNuwHTIIGQByOmc5Ar5zPV+7w92225JptN3913eq11tpp6LbtwmkmuW9tU0lulCz6a3j56vqnckcBs85wMZAAzznp785O3PTPzYNKU3KuCQx4wqk8jGSG44IHPHJJ5UYxbMJIOCR94HGMgAZOR6D6c5wOM09Yydin5W5HyngDg4J6DGcjGS2Dxkgn57S1r7Ja+Sts1Z9n6vrsd7k466K2rutkrN7LR2XW3W2pn7Pl3HkgHcTkAdRgdRg8DBGQST0PLdpwQflypHC5BBOcE9ST26Yxjpmr+0nJIwRjOB1AYnJxjnqOR3zgZAMYXLhcY68lueSTjHPYjnkZPOOpFba912fna2miXkreltTNSet77baR0Wmnw69kl0dlrdVwgcMGGRjGeTwvzdQR90Z7Y5J4+WmNApxncAQQMYYkZwScAknoDyM9OBk1o+Xk7f8AZ2kdBgeueOgHrnjHOKR1GChBIGAMA5yOpOPfryc4JHWqV0t1pa/TXTXsrJfpsJN812le22l9XG7vZP3U0lffXVWsZhjAGEBPU5IC4B6e4PqM4Bx1wBShWxwNpKcBcNzwCecYJ6465x3xm75ZJJXjHK4BO4KeCQCeWBxtwMcA87qb5bZJUEEAAYJBJPpjJx6kZAzjb6S7NNLr29Vt3/Lu0Q6a5tHyyeqStpdJx10sr9k30vczyjYIGCAAMg/MAG+b5gcFiQMnHY4wQcOA69cgY2hcc9M5/Aggj055q6UViTj58BSvc56bicj7vPvkc5GKb5Y+Y8tngjsMZ5HOcHPHP09aFzNLbe7ve7ulff7018T87o0hGKlq9NLqzi2mop2vflT20S0vBdSl5Z+bkkMAcjjAyuBzyATzzjp09HGILuOVOSAoJ5GM8kgck4wTgDPpwTa8sKSCOCo44z6jjruzg89cdPQZFIyFJBHORggrn5gMdRuIwOSCMZAFVZvd3Ste2i0t5qzbW+jtot7kSjGTaur6t6tWT5Wr6WdrbJq62dlcoOijOACBgls4OScHHufUZ49xUDqSCM4LEoPw5ByQR90NknHOOMnNaMka8HBbgjHzY444x3ByTnIIIzwKreSuQR3BPCnj69u3y5xnkdwQ9u/q7625bR6Wt/Tvq4Sa+7X7l6ed7XT112Km0g4LYySo4DEjPpncF3denvjkK8/dwCcquSAMjDAgn3B55xn3GMGeO3T724kkjChcjkk8AZO7pwuc9eDUot2cZXBy3IPBAyMHnnP17njvQ7euujta70et03e6tr3totGJNNu9rrl07aaa36rbz3Mt1VPmOAcjKg57Dttxlug3Z/qazkFBtJBJK7cZ5I49BkgYPUEcZGeNd7aXgZGVbaqsFzlvfJyAQR0zz14zUD2rAMHCgAELnOSexyM8E8AnqcnoMnVSW173eqs30Wyf3u9/tJvca9b93u3ot38k+nT55RGSGOflODnOOwABz/ePIGOSfpTxuABIw2WyFUDoMZJ25xjkHOPoSCLv2fBdiDwQOo5IHJzkDjsc9u2ae0OR6FTub0CkZycjk45xx2J4q72Vun49PXS6+f5MqqRllYYYADPXPAJPoc5PAxt9MAmpS6ZBOcjnA4zxgZ9/pkkgA8HmYxEKCoBIB4xgnOcHryep44A46HFQPE5BIALEgsMZGCAOMck56Hr1PQEU7t2XRbJ6pbedm+jvovLodN9XvpdLbZ6/kred2iPeuCO4J9ckHjHU/dPOBxg457RM2Rx94Ek4GSAR8o9ATlT0PJ7kirKxScBsFi2SeM5yO4yTnHBOcA5AOM1FJbsDjHO4HIJGMEfMwx1I6EcAgcZqVouVtONuqtvbr2VtfnrsDimrX6rokkklta76u9ld2XeyrE/dUkchuAPmDENlQSeCAOmeAxOAOpyAcngADJwOvOSccH8uOgPOLXlKSxwSRkZwdwB4XB6EYHOMZ5z2oWJc4w2NpyMEnrwR0/E4HOeemH21v6eWnyenbsCul93W/RL8kunTp0qIpU5JBBCj7owORyPy57MTwAeKGwcjPBfkgn5gufujI28DBBGD6irRjX5htIIA5GNzNx3B6e+OPyAPJO3g7fmzyO3G7nOeD3AJODx1we7p2td27vyfnvrr0sJOWqs3rZbbNrX9NNW9PWmAVB+UAkLkk8cjnPb3Aycktg5yKkC4JyCMqOuOR65xzn+WM4waueX02knIzzkHBJPA6ZOSSPlJB5G2m4xyOuCBgZ4A55HGO2Rhck9OKWzv3+Xbt6L5j0S8/wAl/Xokl91J1BChQQWYYB/hxkjA9RyOvIJOMihcjpx0znjnk5zjr2HXqM1PsyPXkgHjGc5z7dWOTnJzz0FO2qpDYJIxjjJ+pJzk8ncPYYzzuqMtVbyT1Wui/DfXfXpe5Nmr2s9r3vurPTZdvL5WtAAu7BXsCM4zzkZ4IwRjO3GCCcHGacoxypUEHHTOCc5/Dqcfw+p4p+xNvG5sMecZBye3GOcHbyAM9eaRhuUkAkBsYxnB9AQecYAGcHI+XHJq43u/TZO7d7PulZKy2+bsDbcY6Nu7vfR2vHd9bu9m9UvmyEqd42Fmz8pzk9DnIHPTj3PTHBzKFYkAqGVuCexOQB+BOAQSDyB05JsVTjaccENngntk9cAenv8AgqqVyUHdue56jPPJwR+BGOMCmm3q7LrvrZJLVPp/w+92ZuKtFbNaJXvb/K/q+js+i5VtpY88knGAD0xtXtxz37jBzlMAEZPHoR6nb0OMt3HYnAwTxT1AAOOQGBPynj1PHU9scEEjk1IUYD5fmAPKMNuMjJ6keg2kcf7wFNXff9Xa2umlvTe9/WpNJcvzaWjtptpbrfSyutbXKeDuHTGMcAnucYA5B9uoyM46U0ICSuGPzZJA6k9s85HOSenQZIxVnYVBYt8pdc4wD34C543ZbBJzjOelIUC9VbBORkc5zxx1AOQewznGRzUr3tHe99na+0Xbbb0t99zNNx1Tv0tbX7L6u+l9b6316pEDBVXIIPPJPDDGcALzjPcE9QfQUmwbiWwU4xkY/QdMdu+fUcVcEQORgnJBJPXvgYHYjsMjsKcIRwxU8HIJG4YweCBkkHpjj61aWmt/JX9FffbpZXvZlLnndtu7W+qfTquu3qvkVDGAVx1BwvQgA4O7GdvQYPPGOecmhUUlQAPlJXK7iGwM5zu69WJGO+MAVbEW4MWyCOmM52oAcFs5OMZzk+vU5prxMRnkZ54zgg42kjB5BPByOcnqADKc07Rbs7Lmd7ra+r0tppvpfrcLSikrpXdtdOseqstNVa2700K6gqWOQSGHB6kseTkHhQRwMZPyj1FIAcZwBjJGdvPPPyk9CMgjAGeRwcVM0TdcEjAXAUYwCAPQ8kZx2PJB600RkBiVwd3TADd1P3s9M9R6YrRNu9+2uytsrJa3s9Uubp5sdklbR3a236aXv2fps76orsMZBOQxPQ98EkY3HH1I4HQdKhxkAYKlugbqSvY/xZ+Xk4xjqM8VfKEjp0AUAA5zgfUEZ6cfw4HU1GYxlRySQMLgdu3rnPfj6inGTtbazjrpa3Mla3pu+l9ybN7XdnH5XcfK+129PNNlIh8DIGc4K4PQDqM8/XGP5UmMrtyDuJHQg5zknkjjuD3O0EtmrZgfcgCnJ3cgdRjsCB3P8WMn2PLGjdckAEqG3ZBJGOPlXHUnjjkjp33aaN9dGurs9n3s1tfz8y4xuve76JJrSyu3dW7LdX1826hAQ9OCSAMHp2OOg68Y7DG3JNRnkEAEA+2cg8j0xgdMcd8VYdGwPlJBUk4AJGMZYcAbffr9OarOjcDbyBngFRyMgEckqQ3HbrjPWrg5PR66q2junpvdu2j6633WupJRSVraWXy0S1XT3l+GuhGwfI3dCT0UjI9W54IPqen6MKjBzyCuQ3UDA7g/wng/7I4zThkgg5PODkk5GSOe2AOmRjj5hnFMZmJPHAYAjP3hxgZIPCjqMFc+oNbqLsn3Xr2V9LX1e2nyItZaq9/5rN9LXT1TW76Nvr1bkgnA4yCAMkZJzkkZOBnHXjJwQc00lmUEccZ5JwCvHB2jBx3/ALpx2p4Vs4VX+V+uNxzyenGcnqO3Ix0NAjuH4SNztI3bUIzxj374OBwM88Yovbtve6017b3W/Td7bK2apqb5ldW20tZ3tta60113WtiFtoG4eoGeAMk5Y85574PXj1ppyASOxzz2Ax0xzxySOR6jmrS2d25IS1mbnjEb4JOOvAPp/F39c5eul6k7NtsZyqleSjjJIwTynX65x2PGA7N9XbZX07XSu9de3lsOXu2916bPWys4tdN3a2+l+hnMCS7AjAwSOoGQcE9Bz17Zxg8jFQSgkAdQSoyoyACRyD6nufTGOhxsLoeqEsfsswB6ZQqOAwJweTx1xz9DgEbQtVxgWcnzfeJKADK+hI4HAIz05znqJaq0tej8tNLemnXtpqznae9pxjo3q2k9NXpbb81bRNLA6AktuztXGONpIx0Xk9COOc44HNOBwR7kDBGB8pJ7fKRgjP44FbX9g6kx2/Z8DgLvliTOcnH+sGcjOcYwAcZ6VTi083M93BFc2clxZOq3UJu7UNBIwyiygzDbuwCgPXjdxitVCb76cr2TVvds3bbXpf8ABajktHrrrr8n38/ProyoChbHQ8nHPIAyMYzj5hnGcj0GMVKkZJyApO3IABI53dOgJ5Oc49BnGKsSWBhlAuL3S4Mk/wCs1KyU/wAPI3XH8P8AFwOTxjBB8n+NPxv8B/AzwT4u8Ya54l8K3N14Z8NXevWuiPr1it1qs1pE8kWn2kau++e5kURqgUlS3PrTs27R1u+Vd7tqK/He+1/IhwlJ/DZO2r0SXuq7fz0dtD1dLdySFAYlepJJIDfXIb1Bx1YAnqbK2bhgSDnJ7YAXAOfQ7RnggHGCepr+daf/AILz+L5ZbU6N+ztazW1xGJwJNWglMURI272RQu7aRuxjnOc4NXpv+C8Xjq1SOeb9nOyWE9W/tOLBweecDgY7EAcnoa9JZNmElF+w1ai9JR62a1u1Zt9H3OZ4nDxbUq1O8XZrmXTR67abeTsrH9JOgqlsNXZwMtoWqovIG5hayjnPDdMk+oy2elfw0eNNOuYPjZ8QmjhaZpL/AOIDRwxKATu8QXJcgkhSFHB56/d71+mvif8A4OEvFWk6DdHTPgHp0epXdrdWkMr3qzxQtcQPHveNI13BA2R2yASxHA/KXwn8d/2eviFqmueK/G2l/EbRPEutT6nd3NxZ61Dp+mQ6hrN5JcXNtZrNGDFAsshOcnKgHtmuHGZVjcLVVWpQbU4crlD32ruNr8trL0slfToj0sBiqElOEcTTTUoSinJNO2skt11tp1d3pt7FoXhmxg8DfFa8lglnuG8HaPOGClhEV8oMhcZwyEYYHkdcdM/ih8XbeF9X1GTbEsRu45JZZGQKACuVdiOwGWIxzuJxytfq7afHLQLDwB8W7Dwfp19ZWbaWNGlu9Xvl1a81NPORILi1kjCqrLHg7lBB5wO9fjV8VEmuY9YErTypKCQhLBjIysxL5wAQM5AIOMdScn2eHVVpLESdP3oKM4xkrJtcrs97Xerd30W55/E6pSo0U6iSldymrPlTtZ6u9n0Vm7q2li5N8V/DFpZxaaVF/PGYkmFnEpjS3hIVzvI4ZVB5AHKn7uDX2L8OPhV+0d8codHufgJ8GbrRtBvrIWv/AAsvxbDshlSBCHls7y4QIEUBniVEPQLlshq/NXwb4etLPT31DUYhKnkytHbBgBuXLEuRyzHHQcEZyCMg/qv8Hf8Agqn8c/D2geAPhv4f8P8Ahux0Xw9BDomkLPCscMiQMIku7uGMIJZQvJc8tngk5Fb8R5ln2LhhI4fD0qlap7sacpckKdP3Yxk4prmcn7ttNH12PB4awORYBYp1q1WnGPLNSUYynOSWtrbK7ab2tocxr/7G2s6Zofie++Jmr6r4s8VaJqWnLcmWSSHS7dJJ4xMlrBgrKGPyo4VQVJOOK/S34QeEdC8LaTp2n6F4dt7AvaWcSWunWEZuZXkhGwlkVnYyMSWJI5bdk8k8BrHijxN8UPhb458Uapf2kniPWNXsJr+O0VY7WEJdQqFiVdoEag/KoyMDg4xX0V8IfFOr/CvxFoXiaCDTtfnso7RzYakqT23FuAR5R3AsrElWPQ5wccny8O8XhMPj5Tw8K2OoQ5Y0bqKlWjBS9nGf2E5NpvlaWmlr36cXVoYyphVTrVadCck5VOVtqnJpKTjeKuo303V7enI/tC+FNZ0v4c2uoa54Z1jS7S88S6VBHcajaSwQzO8yFUhkZQD2wOgI4x8orifDmmwt4wtlCDJtgAcg7B5KcnjGenAxn+LgHH1R+2R+0xefHD4TaT4YudHfR4tM8UaXqburQlJp45lBt4FSJGjt1LAAsfYg4JHhvhXRkTxat04VIYbGImRyI48tDGTudyiblHPXgc9a4coxOYYqhUr5lhYYDFOTXsKc1UjGCfuvm0u2u225pi8JRpKnTwdeeJpL/l7KPI7txbi4tuyTurptbN7HpSaTbxwSEpkKqklgQCdwBORz6c8dPfj5f0bRra6+JXjWdA4/0pEVFGGzJtAUewK4ycHHP97b794p+Lfw68MN/Z9xra6tqUjrDHpOhRvqV47g5MZjgBVScYOX4J7da+RofFPjvXvGPjmTwzY6f4C0z7fbTXOueICtxq6wOvD29kSv2diOQz8hh8wK9feyjF0aOLVWT53CLcYxTevu6LW12u9krq/cxlgqrw9SnNqnCtZNt2suaMrq7b2XRPTRXtY+tS2j+FtPfUNd1bTtKtQA3m3NwkbHYAdqoSZC5AyoCjJ69sfGmp/Ew6j8etU/4V74f1DxJdS+FrWG2ubmB7XTfkd911JK6gPbjIIIGHGPUk8F41+LnwX+Hs0lx4r8XXPxJ8Wi484W6zPq0yyqxzDb2UDeVApYKEWWNyqnaQCM15FH8fPi/wCMfHWo33w38CR+Djq+iWtrY6prduqz2mmQk7bmKFFQIGByqYPODnFa4vM8VjMUk21H2lo06a56nNK1o82y6XWi6WvY1w+X4PC0nJOMm4cs51G4xsrOUvNWs+uzVtT6t8aeBvEuu2D6v8YfiDp+gaOpE39i2l7HpemxRAbikn7zzZ2IIBAA3HPI3bR8k/GP4lfDOPwDrPhb4XeG9e8Qss9pZXeu6dYT2mgKUfDbr2SMrdSSn7kgLE9e4I+g/B/7Oh8RtH4y+NHiTV/iDrBdZILHVruaHSI5CAy+VZIyRlVY4VWQgp2IJFWf2gtN0vSPhZPp2g2Fnp0Ca1pcYgsreG3tlVZMgFo0UuRjls5znkZzXr5flWJqYnDSrP2TlWpazkqlXWaSu78sXZNqOtrW2PEzbM6FHA4qVBOq6dCo1GCdOnpBv4V7zTtZSurrXc/M+11fxd9hTyfBEcWXjjZ7nUdj7FUBNykfKxIJxyQzcgDArmrTVNXj8V+IJb/wzFJcPa26CGK/BSFUbIYybSrZ4UL1ByFCgA17dqpgig2y6lEC00e9fMjR9y4BXn5SFx6cgE47V5OHsf8AhKNdlF5a7fskGC06bGy6hlBzliOWxxnqSOQf3CeDpUvqsfr9X3ZQ5lzUly+5rdcism1bXe+ivqfy7h8zx1eeY2yem1OlOaap4iTnepBpNym7X3dkt3a3XfsfErWsrs/g3zrdvlmT+0V3szgoRuIYBTu+XHXnoeK55oPAy3gmPwhhLSTGaZ/t6uTIWLNIcjHOc5PB464Fas91oqpiTUNOiDGMhluVDZxzlWbOc7ix44yRnjNh9R8NReWBq+lbjGRuN2mTu+bruHckkEZ68DvpiMFllaClicVQr+zTUHX+r1WnK1uRzU3Hz5bb632V5dmufYN1I4PLsRhVVlT9oqCxFNT5WrX5Hd2vta2ndsx9PvfBtxbtM3wpsric3U4Z2kG5FVyEUEKAcKBublc9QMZrTWbw46x+V8KNKj2H5TLMmMk8AjHIzwDg7cjmszQ/E3he2s9txrGmxMt3cqV84FsiRgpPQkbTg8bcY4zurYfxh4OEsYbX9OUbSAEk3ZwRtBwQeDjk57g8YA8zB4LIYYWkp18FCUVrzRw17tprWUH6PW9rqyWh7OYZvxXUzCq6eDzKpCUoqPL9aUGuSFna9m73bT+/di3V9bpY3iR/DzQbRBaT7p0aPzIlCMd6gr99MnH3R0JyertC1C8Gn2DReA9BOI4zHPMsDGdSoJeZSm5icknHUkE++TqfjnwT9iv0XW7R2FpOqBckM7I/y4BXJJPyYGcDnkGm6F8UPAVrpWkwz6xEs8dsquhRm2HIGw/N0yCcAZGB34GEocOwx0Z/XcLFKhyvllh7J80FbSNrtNtNLs9DrpV+LqmXyjLLsZOr9bg0pxxN+R0227812m9LXa2Wrbt3ba5raq0aeFPB1tlQpxYxsQxJC4boTxwANo9RgisTW9T8ST6TqEMmneGrS1WFdzQaZH5u4yqflkC78544z6AngnHb4u+ABK7DU5ZAj/KqWu6MksDgEtznHBGeOnOAcLX/AI0+C5NJ1OGB7mWdkVYR5AQFxIG2nIOVA9fwAzy61fhdYXERljsO5OE+VKrSu5cq5UlFXTTdlazvozTCR4xnisLP6hiacI1qTm5Qq2UOaCbvJ2UeW7179j1zTdb8bW9jZwxR+GYoFtbcxkaZCZAFVdrEhRlgBlt2Tk7juxuq8fEHxBuXbbrOlWu1XI8nS42IyQQAxB4AAX2HABBzXj9p8fvBEVnZRvDes0dvAkuxRtEiLhl6HOCRyOT36mkf9oHwkznydNvZQDkfOqruzznAAGMjJJyK1pZvwzSpUYrMKd1CCai2ukPtJJ69drPTs0q+X8YVKtVPL6jTqzUZSitU5K1k5NWabeqSbV0ekeI9W8e3Gh3BvPFE7QtfWg8i3to4DkOMMrBM8HjvkDPc4lkuPE7+aLrxbrznEeTHIqBRtBx8oHYnOck47Dk+H+JPjxpV5pslva6RLE/2iGQStcK6gK4Zg3QbmyAMccjd0xVV/wBoC1cO6aBlXVQA0xJ4T7xIAIGeRjgjocjnl/tzhuniq85V3KEoUVFxdVvmV7u9u7W107PS+pc8i4urYTD0/YKFSNaq/edKNoSVLk+K/W/no03o0e1Npep3CF5PEOuyKWYbWvypbJ4+UAlTyM8DZkDjoMG88OJH4h0WJ7/VZ3ewv2llkv5HkQYTCp8wKqxJJGeSAAVyRXkcfx3mPmGLw+CS2Rl3fuccbDjA4P6jO3GVd/G3XbrUrC7h0Ab7a3uIUiit5HLiYZJGAAQuOVweM5HQAxHEfDcqUIwc5tVqUnelOT5Yzi5LVNarR6Xej9awHDPFcKsnXlGKdCtGzrU0uacLRbaelm9e9rn0NL4b08SWQebUsM5+SS/nzJxggDzMbSuecYI7Y4qL/hEdJa5vImhmcQKztvvZjsDrkgneRkAjrwc5A614NJ8WPG87Wzw+HZSyOrKDYykquS2QSO2Bk/KeR0G7CN8TPiPJc3DQ6FchpAAzLp0u48dgQAwyepz06HqW+KeHk06WCrVJJqyWGl/dvZuK9VezStuH+qXELuqmPo021Zv6xF78lttN0lq927Pa3uVr4U0d/EcNolgskI0YSsDLKzDaxwSx5IJJHUc+pwT1q+CtI2hv7IhfAU58xiCOBgYOSc84xjHGfT5SHjj4rLrMN3FpF3DfPYCCOJbGTJt1bIfbgtk5I+vX0O4fGnxskj/c6bq4DqAAti0a9c8OVJB5Iyew6Dtnh+KsrpqtyZViJOVac4pUPs2ja7bV20ttlt5CxfB+d13h1/bGHpxhRpxd68uZuLbk1rFSTurNabpapn0p/wAInoquFGkQADa8gaBmJX5QpJJ6ZA3Y64JwOaXQNDsRq3iTZZ26xpJbgILVHEYAU8KwJAYnj5eT/ECOPm6PUvj3eqJEstbUsRyqooI6AHKqeD2IwepPBqnpkXxvm1LV4YRq6XzGN7yMSqqgEgIM7AASByPVc5xk1OI4pozqYZ0slxNoVHJL2KTk3CyVk3dq767avoysNwZjaNHFwrZ9h5urRjB3qytBKpSk3J8391pN2b02bZ9fXGlWzbGECxjkN5dtEq4IwOCm7uOM5J9MUi6ZbMyMqFVUnaWiiAJ29VyoIAIYHpk4G7nDfL8vhb49XEKFpdVQMDsY3ka7c54wFyPfGAO+Rmnn4dfHKZELajqCsxGc6ioYJ3IGMc5yCOeefQ9C4nrRu4ZFjGrb8tlpy6XtddHy20svU5IcGUm0qnEeDtdJrnk9E1bVT32W3fR20+gfCT2wh1dTIiqmsyqFkSIsCV53budhAAG0YB4JwSV6uSTy5iY7m1KhQu1hErDdwQCrgZA29wRwDkEivjnSvhB8UtSN8bfVnthbX7RXofVNrNcFchzg5JCY3HAwSSBg4PRS/s+fEmUxtL4ytl53EG9mZlI6hv3gBxnj+91rLB8TY1U1GnkeImuaTUnJRTd9bNq3r2k9L3sdOY8I5c8R7StxHQpPlprl95NKMYq+srWlZ662u++n1CTZvMGfUIjKMq0bzQxRkbDjkv1JyG9N3PpWZ4b1bSE0kxXN9p1sDqV2ixSXC4GZmBO8NznnqBg/QV87f8M4eL55kW48cwq5AZys05JB5yB5gJyOF7g9evMGj/s8atqKXRbxo0It757dgnmsu6NiC4y5G48ncRg+obGFPiHN54rDOnkrhLlqpKdSNpX5NW7brXzd1orhQ4ZyKhg8ZGWeQnCc6LnOEG7OLasrNt/FZabo+rotW8PJcyNPqGlyKUKo7XynBHGApJ2ggKe5H4gVy3ivxF4UTRNaEesaT5psJPLj+1K7Fth+VBn5mJ4GCSWyc5xjxv8A4Zfi8xftnjq/3ZBdU80DPPAYy4HHIA45OOSN0Osfs4eH7Kwv7mTxdqly1tYyTRp8xDusbMoI3k4G3JA+b5h3oxGecRThWj/ZtGnFxau68eb3uVPZdrpXflczw2QcMqrhWs1r1JQqRlZUvilFpq9+jaV/KzPRfAXjrwXY+GdNgvvEGlwzCNwYpWBaBi4fIG5SMhecA55yBxXUS/En4d58p/FmmBll8wvvHzrnngEdsAYIx8uD0x4h4O/Z38Fan4f0y/1HWdVW5vAzyJHIEVQGwvDAlc8YyOT3xXYr+zb8MIrgb7/WZWyM5mjCnjg5K5+uCMjPXpUYfNOKHhqMaWFwcYRgklKb5rWikrqOvyd766aJ92Ly3g9YitKti8XKpKo5TSilZyceaMXa7s3Zaq/d6He6z8W/ht/ZWpxR+IrJpZLCSKJUj3K7MuFIJYAnPJIznHUYIrlNK+Mfw7g0vTbS51gK9vp8cc2yzYlXwemGBAOMEE4LA5XvUWqfs+fCy30nUriGbUmurWwllh8yePb5qJuXHXLBuMbenG7IBqp4Y+Cnw0fR9NvL+IPNPYJJdJJeKjCVg2SU4Zcgdf4TgHOeEsXxRLFRk/qdKq6Tivek4pOUbrvva617WTL9hwX9UlG+Lq0vbpuySk6nKk+iukr9tmnqXbn48/D9LKW1ttQaRkwVcWOGIHXIPfryc9OcAgD5R8Tz+CPE2t3msz661vDqF0JHjjtis8IU5O0DBXcOCMZOeRjOfq8fCH4NBZmhghWZm8tPOuxsA5B+UktnBGcEHnPAxXLN8OvhNperwx3dnpywRxkyzNMZEV3YbQVHXPB7AHAYHkV5Gb/27j6UaWMr4acYyUl7NTVrLbdpqza792enk0+GcvxHtcFRxMJVIKDbkmvZx5fdWmjavq1dvW9rHhJ1r4VaOqWdlql9qUaoxZZbZ43LuuWO4DJJxgDrnp61gDxT8MYXlJ0m4lA3Y3Rs2Tk4IIyPUsBwTlgeRX1ZrHgb4OvEstrDpAmeRTujRvuAcNgNzySepwRnisv/AIRr4VQhUe2sJAIi2YrZi7MoPJPOFJz3PXAxmvGWRY/SoqlON1omm0k9unTrra7Wiep7suJcqpy9kqNeVprladou/LrffTW/veas9TxfTfi/4U0zToodP8PXIWNztEcciYBxxkDn5epOSR/EcE1Dqvxu028RVbwtdzpGANknnNjb6nHPTuMZPU19M+GdL+Fw0dxJpttI3nSE/wCgMXCpjAyQSB09sZI55pZNO8CJLetBo8G1YDIkR08YCD+JjjngNg4A4AGQSK9Klw5jqmHVWWPslytKMZ2VtbJK6301W1uqRwz4qyqlivZ/UW5SlZykk5Xdmne13qlfdp9d2/kyH46RWtmYLPwmLdXkJLPGVbOOnzj5gepB6Y7kVy3/AAsvxJeax/aEFiJCYmWGEW7/ACbfXGRkZAUkYyM9Bur3bxrL4J1O0lt7LTWjm02VWY21ns3HPKgqOSDncTgkg4Hrz/gtfD9pqmoXM9vLHvt4xbxPAGCEjGSGGNw9cj7xA3cGuKOQYitiKVKWIbjNpOUk91rdp/ytWSd9UmurO6fEuChRq1VhVzUacZRSunPSPR66O1159Tg28YeObqKbzdEZ4JfnkVbNlLK3QlgG4wep4/M1xR0nUbi5a6fw0JbuaRzIZs9CMjgghcjOB1wABnII+2dP8Q6NDpkqtbJKVUqVNtiRyM9MrjgYH3TjHHU15R4kvoG1KzuLC0mt1uVb7QXjYHg/wYAAUdAMHGOCQefSzTgyWCwsMTHGTq6Rk4crVlJpWukl11/q/jZPx5DHY6WFlgoYdODnGcnJNNNaNyVrNrpdPfW543HpOsWroX8MaeuV+9Iw5BxwOOCue/OehIyRsHSfEzRo7eHNNdcbUZlB8stjIGSMDAAbj8R29ZvbrTbK0jd2MrttIEsbFhleQpHYMMjp2yeuOZvvGFonlwW9lLOzhW3lmAzk5AB6njjJ6HnkAV4cMlVSPO3O1rx5Wrr4b9Ner8tb6o9yrxUqVSVKEaTlJJq6WqdrXsrNeibe/ZHKLoevR3ETvoWkIrLtCeWGycZyQM7cYDHqTngZzXTwDxcqSQRWenwxxxERRrAQAoOM5yen3uOe3pjpdM8fyQxmNdAEgVgP3oUkZUjPzKeARkYbHQdABW1ceOdTubcRxaPawt5RVX2oZBzycY5IHDE5J79SKayWldxlKo18Vmt9lq7fDs1ZaNbJ6nLPiyrSfNGNCKbSdrp6Lve2+t2ne9m76nkl5pvju4UbrqBWMZKFI8nafTjGMcAEZwD0Oc7uleAvi0bRptM1Nre3ZBcSCJhGoOPvFtp2kg4UE4BHAAr0jSta1x4y6WFnICvllnjUgMw4CjbxjOQPQEHoM9dpXi3xPCJlVrOLZE0DxsilCMZZgCMEjGBzgEEFeMnjllNN2p0qc220uVuySXLrqtXe7t0VuuhdLiutTnzVKlGEXFWsk2+W0pavfRPa97vrY8mg+GHxjv0imk1m5xMgZEa6H70Lx0IByCOmD0yAAK6NPgn8UHtl+2eI9Qty6EpHFIXHcsAUI29dw44OTgkDPoNt4q8UkJ/p6R+UD5SRRL5Y3EAnHcZ+g7DtmtN4n8b3PnINfeGOPdxgZKsp+UZzjkFc+3bOKzeRTjG/s7JuzvJpp2jddFrZ6t3utVqWuNKU1Fe0i3Llu+VW2gm3ZPXfa2jWr6eNal8M/GK3T6YutalfXMcasJfOYKqn7wZixKkYOSck8sRmoT8K/Fk1tifUbxRECTuvGwcHJCkNnHC/jn6j6B8FWGoy+dqWo6tCHeXy0NxLkOrcFpRuyAB2zgc4Ger/ABpfQae0cNlqNpcyuD5pgJMa5IyPvYY8NxuKkZGOc1mssnBR5qUbOztKVm07JLRtuyW2unW51ri+kklzXVk1dJX5mtnq3bXbp6nzCvgfUbbVLaxvLi4kE4LRhrl2JABI5zxnlu315Od64+HtwmIGiDRyDdhp5C2D8oTIfaAOw5+rE89n9pjOtWU9zcggZDSBSBGGGCq88AfxZ9Dgk7q6W717S4VYNi4aNWUGMEEkEgbiQeeD0PXJyo4q44Fb8jUY/FZtJp2b5kk9Uu7e7FPiRSUXFxvKO8bXbut0k297/wCTPIx4MTQ4budbWFwlqzsHdpdrhdy7MsACO4BO7AHHIHzjcap4h0rVbq7jF0kMV25WNAwiCM2MlCerY246Dk/3q+v7/Uf7YMMNnZSxiVlj+YnazBioBBBypx16fUZxw/iXwxHBq72csO+SeFHnhAComBlioBGcADoOmeQSDWkcvpuspUnKk5R05bpa2d+jaX+fSzHHiOXsXGpBVYc0ebRXSfK7ta6qzT+b01PLNH+KMkgjt52X92VeSGcFSDghgrdzwSoxwe4zz6tpWs+G/E8EtjNdJazTNjacKWMikMq7uOcjG3GOcEGvK9U+HVpfG+utHRYmhjLsj4ByQxJAyeDg5Y5Az06Z83a317SncXAlO0KYTbqQ69ArI46k/rwe2092GeKwimpxdWmm7J6xcUktbu6+K63s163xcMBjqinSfsar1cWrKzdrX01ava2r0W59e+HfhpYz2d7BI0bxSPK8Xm7Zd0UXIUOTldwAHOCCCAcV4xJ4VvtJ8UX1t4Z1SXTPIukVI42ZkkLAkgqWYMF546AAc4rE8J/E3X9AijRry5kty+yaC8JyUIG5UlIGAR0AAPToea7/AMP+L9D/ALffXLyNYlkZXUBlljUE4kZgAecHjkjHIPNdHPCpaUvcb15bNNJqPLZp21V1K+l73WmmU6GKw1V8jlWpciSSs9bxs+qvo73Wje3QwdR8U6/oshi1zTjqsEczC4urNSku1sZLKBtJIG7B/iJAJGTXV6J4p8O69HbWNnewW73MhjeG/LW8kDSkIpJc87epJ5wRwSMV0OpeIPDmtThbUQS+fMzyPGqj5TztYcfN17ZJJHrnkte+Huiam8bQKLeW4c/Z7i2ISYucBcqpXJDemOgGBmsqanGlOSnGpJvSL0sk0klLW22uvy1scs5UJV4qvRlTm1FKUG7atayg9Fro7NXv7vU9Z1n4NajplhFqcfiDTL1HjikihjuY3OHbgRbcgsuQCQAB0PpWPY6NqNtdwW5mWZ0UicOxYBJAC5QHOdoII5z90ntXj11o/wAQvB0hsIdVl1O0tvLkhtLp5XZEJUqFDMTyCQOSAeMEcVu2vxOnspYotWhawvyhVvNjIjaRwVRhJg7VIGSSCQpJHGa6KNSTSU7w1V7+9orNvfd7aLTX1XWsPSdPmhNStLy538N01KzWl3a2jutz3XwL4U8S634j8Q6f4YF5fXUFpFNNa2LvGxhYkZk2E7wM8DByR16162fhX8RL0wwHT9VlkR1WSKS5lJ+cYYtk/Jt9TgnHbkHov2Ir86n8RfFl3DdwlX8P2zyyIA6n96d6jGcnAwTwAewwa/QnX/ttnZatqtotiYoITcRzyIUmLRjcqY4/LnI79jSip8zcmr83u3duVRTTS1S2te+l+22dfEVsPUoUocsoOMWoyjdxXxPZ3tolrfd9Twf9mX9gj4xftG2eqSeFpdG0pNA1OS1uRrt+IHIgRpJizSSDMaoCAe+SD2B0Nc/YY+OOmfFzUfhDp9rB4g12CGCQQ6TqJNtJb3LKsU0PXcgZv3m3qv8Au1H8K/2sfjd8N9cXwh4CXwxp/wDwkmriee71NZcvBcEQsWlWRFSPcTlGIc8jBJyPoLT/ANtH9o74OfGbUPG2s6P4F1XxYunWtpDqF7Yson09tvkNZoGIMUZAZZWJ3qOcg5P8L8d8b+O+XcVcRYDKqvDdXKn9bfDeCryp0sYowdKGHqYmUbOUI++6ik02mkuW2v8AYXBvCnhxj+G8rx2OwuP+t+wof2hiKbfs/byXNUgnraLvGKcYu2t9N/Afil+wl8cPgd4Kl1rx1b2Omwax4i07wmlil39ovINR1WeOG0beAPLidpFDc4wSWOBXrvh//gj5+1LdXVnfQaZp15oCaeL6dhrMTZVrY3YI/dggmPgDruypweVxv2o/+Ck3x6+OekaZ4X8V6V4Fso9N8UaX4h8+wsdjS3GmSx3Ns7ycIxR41LIeSAduBlj694G/4LDftb6lqMWjaZN8PobG3tFsbvfYGBJbS3tViMvzMEaQopDFQAfxr4J5/wDSXxGV5VVnLII5g8Tjv7S5XBQjhm8O8vjQXM4xcZe3dTmk5NcvVHvPKfCqji61KnQrypQo0FThOpVsqylJ125JqU4yShZtJK+ml7fOVn+wX8U774k/D/wFN4l0LSX8d3Oo2ekwLF9rubWexmeO5jvAoUHy/LZgSOgBI/vfV/xQ/wCCQXxZ8CeHbq41f4kWUGmDTLie2vtM0UyvPcW9u9ySYlZpIImClQzH7zDB4OPkDxj+3B8bH8VaD8ULLxl4e0bWPCet6jF4fubPT0RdPlv5ne9KW7gs0bszhWJOF7jOK5Px7/wUv/ai8YwaqNb+Ol9tvoW04WVjbokMtvOnlO6K0bLEpVtrgDoMjPSurG0fpNZrUyaeWcQZNl9qco5relzQqVXipSTpxlg6raWF9nD3ZRvUcn1TU1JeEeA+sLEZW6tNaxipznWt7KK91rEU4x99NqTUtEk72Plf4TfAHxp8YvjZZfCDT/E1wl/cXd/ZrqlzGi2Vs1i7I7SFyiF3CEhdwAztIIA3/ppP/wAEf/FOn6JLrOtfGXQo3geSOS2U2yuFiUFncpd5UfLjlTgsCMcAfj3bfEHW9N8QS3Vj4i1Ox1SWV7j+1rC4a2unuZ3LSyrcQFZFZyTuAwG3YGOo6W/+JfizUCsNz8Q/GU7szM6y69qHluHGTuX7Rgs2AWJHJxn3/WeJOGvFrMcVg62S8Z4bJsJDA4eni8OsqWMq18ZFp166q1JxjCE1aMKaStbfW5+eZRnnh9hIV4Y/h+vj6zxNadGaxio04UHKKpU5QSk24xTvJPVtJbH7CaF/wSt+Hln4QuvFvjL40wW8A0h7qxt7K5gR7i6jlSNoAWnYlvmJyR82OAeldjpX/BM79nS1s4bi8+NF7O1xZ292kRvrSAIskZZo2leQ/vFO0b/4hnjoa/GTSNc1fWPsGlT+L/EfkTzrAyXGtX8kQjfLHyoxcFQzMBjIwG6nripe3mq/a7+wj17XJDZXEtqon1m9RCkRCjC+eOMEEADjHOeK+Cxnh14xV5TUvFvH4b2lR1Ixw2UYZRUG1GNOF53ja92777WTSPrcJxf4b0owf+ouGr8sYxTq46fxe5rJ8jd9NndLruf0DeFv2Ev2OPh3YaH441/x0/i230vWLB9X8PXur2Vza6lZ3MyL9k8mJlkkdsgDae/PTFTftIfs8f8ABP6fVdO8aW7aZ4O0zU/GulaLa+CbfUY7XTbfSo4Q+qXepBnkkgkmYq27KgdSccH8UvA/xE8H6B4D8W6J4q0251vxRfvYXHhrWG1q9H9jzWrqyj7MZ2D8jJJ3Hpjjg/PnjqbU9Z8RXlxqWp3t2NSYaoYZb+6kiSV1ABjWSXYvCA5ULnnpivJyDwj8R8bmeLrZx4lcTqWFqzw9HFVKNOnHFYecacnLC06dZwgm3KMpSipqytZanpZxx3wPgcLh/wCzeFMpq/WaSlWwkajmqM+aDUMRKdBOUlbTl0SunJ2sfbVv4M/ZmvP2mdQs2/s6D4S2XjW10GwsY9bjjhutDkcLNfx3LKc2685kHBBPrx+mut+HP+CeHgPxNovgrwVb+Cdd8M+JNJ1++1241fWlktvD2uRWwa1WKYHDxiRQ8SBss4OFzX82qRm0cXEqlnilBXMrEbQeQNrEgr2684LA9K6fU7iOHw+dathNIn2swPDKH8kNKNrbHzlmB7FsDnIzwf0TPvCHOM0r4Cr/AK/5/haWHy6GXrDU58tPEV1CKhjKrjVi5Yi65nzKTd0npo/jMp8Q8swMcSo8KZXOpOvPEqXLFyp0m25Uo+47QSaSSaso6K70/av4Rn/gnhZ+FtQ1b4m6fJqnj238b3ls8VkGu9B1Tw/bzMLa3sisg27odq5+bPGOpzzPgTxn+xdoPxQvtd0Hwh4f0PQI/i34X1+0g1+HdO/hiwuWfVYVidy32J4uHgORIOPuk7vxx8PjSJLQXdxFeF2mkc28M0qwxOq5DJg4Vx2KkH5sAcis+5I/eazZeajQEwZuJWkYbmYEFST13HPQYOV2kc8VLwWxNXEY2tiOMuJKrxMeT2TxbVCEHy3VOirxS0aV9ovsd8vEnDRo0VDhvKouCUvbKmlVaaV5c3KrWUr3XK9VK97W/ud/ao+NH/BOnx/+yp4j1LwlJ8KNO/4TXw+ulW9zomh20mo6XMq7bS+8m3hWVWgnB8394uR97OST+A/hX47/ALJn7OHg3xTr9nox+JHxgbTbvRPDs2pWFuPDclu9p5VtLbWMqP5LOWZndmY4AwRjJ/K6w+P/AMQ9A8Dj4e6df2L+Hrq1mt7mKewheSOO4GWSB2iLxAFjtJOQcng4FfOepC51C5EpebYgwd80jAMcEsMthTt3Y4G3PevHy/wCm5YqjmfEWZywdTGYar9UwNZ4SnisPhFCNOOJdNe15qkVfEKE1Gpu7NaT/wARLhg6FKGAy+nVqulU/fY7/ap4erX5W/YykmnCmv4Sa93XS+/6zfsbftjXPw+s/H8tt8O/Aupahr2vXetXep63Z2bPp091IX+x2r3CN/osTYQLGFUBSF65r6th/wCCkXxBit9Q83TfhVpELq6xrBpmkukZZiFaNVgywUBSVz+Pr/PxocN9FctDYvIscjBHiSRyZnf5FUqHG5mJC4IwOpHOB6n4rtNZ8HaDp0GrWVva32okSxQSIwuUtiBIsjhyW2sMfN1yRkY4r3c08DeD8zzepjMdGMsXj5xlGE51qkr0adOn7kZ1+SMYwgnpCz7d3lXibn2Cy5U8Ph3Klg4yU6qjGNP95NWcuWmn7zdtZX3+X6Kzf8FF/iRdfGXwd4j8Z3+nXvh7wnb3lq1l4Y0qGzj1G0udyttdU2h1jYKDjjaCo5OeU+MP7YXhH4lfFTw/8URB4r0+bwi9tPoumW98FE7WVyLiJL/90FmjLKNwkB+X7vQV+dWg+Kbu+1e0SaK3MMMM4AVFH3EIJ3HOegIz7ZJOQMlvEl2lzcmMWxBnkBJQMApdtq89x8vK5PAy3JNfS4PwR4MweY4XMsLha1DFYbKKuTwqUK86NP6niHN1oTowXLOU/aTTm7SS0TjZHiV/FDiLFYWvh69SlUoVcbTxfLUoqrKFamqbhyyld8seRWivdb1erZ+uHxI/4Kl+NviRL4fv7nS9UtG8JalaajpFvHqBhszcW+xWMyKI8h1UjGVCk5xyRXG+Kf29tX8X/G3wb8W7nwLp0+paHo02lpo8uoGS3vxOQ0zzPuJzI5OVbkHgDOa/LKTUWujIs7bfnXzEiBRCpIww6fMMkg4+Xqc5yPYTpulWml+E723spWMcck9xcElTIMjapOQSzMNoHcg460UvBTw9yuhH6vk1OFsLi8E5yxGIlL6vjUvrNO8qjly1Vu1dxTbi095/4iZxZj6zVTHxu6tGolHD0I+/RcY0rRVJtWeyaXNbqj7U/aU/an1r4/av4fk1b4daR4ZOm6ZNYwWml3ubi7S4jKRxSlXyYY3O4R9OOh618Z3/AMUfGep6Hc/Ctb2KystLdRI9pKPtFvZgq7WpnYkqd4ztTbknnODmHVp5dHjPiHVkuIdUvQyaHYrKwMFs2Qbu4Tl0KqcqCOT04AFeAWE15d6rr02m/vbidSzTTOWcy+YRJKxyMn7wXGcL13fNXbwtwhw3l+Ehl2V5XQjluAquWFhPnrUo15z5p1KTrynKSi23z8zTle10jDiDP83qVvrGNx1SWMxFPlxEYONOboqMeWElShBLvytXUbXV3r9C+E/EnhrwP4n0nxZaabc3F7p9jJZ3EcjCT7W0iMs0srSbsO5Yjj5sEjPceb3N/YXmv6tqlrBDaHU9Sa8jtDtdUSWXeVLD05ycdeGBwQPIDovjCZbmSSa4ZVkkGEnwCM44XghRhWJBYYHAJ2kafhzR9Qk1exi1CcIzXcUbkszEg5GWK4GAwAzg5zkDJFfoVDBYShUnivq0/buhGhOrzWXsabc7RWkYtOUpaLq9dEfDV8fWxFCGGVXloqs6tOnopOpUVOMm5W6xUb7JWvu2j6A0TxXa6Fe6jfiaCd5YhHDG0CSLCwOS65B2lccEc7SQT1J6ez8fsNf0nX7O5uLbUbZm8u6gxC8Ly4DEKuGKkcDDD5chuo2w2nwV/wCEq0e4l8IXtxqPiGyS81TWdMa3aO307SbL/WXBunITEgDMVAJPGFA4PN6Z4Y0OO9tBda3Ar3EDLHamXyla5CsgiV8cMHB+YED6ZxXn4Snw/m9TEzhGnVlSk8NiYVU+ZJpOUZQlZOMoNNWTTV9eh3VsTnWWU8PTnz04Tca+GnTvyykpJc6cbe8nZNpprfomdndeM73Q9fHibTNVu7fxCl3LeQ6nazmG7ju2YMJhLG28DcTwST9cZr0C9/ar+PWo6PqOn6r8R/E+oaDq9mbHVYZLw3CyWpjMbwuzZYKdwwCc7eRuOTWZFpXgzV9BttJv4tM0HxBpNpdzwarNdLJFqkkfKRTYIG9lyFzxkdODnyyzm0i0t5tJuJbC7kvMySyQNuW32OCqnnGDnnptTsQcUUuHuGM6xEKtXLsFUlgJxo4eeKwtGdWlyNSpujOcHOCurrlsotdNzKrxLnuUUlSp4zE04YvmqVIUa9SNOTklGTqxhPlk3e076tPS5x3hg2GneKrS+jnuY4keeZZWV8yLMHYg4A3kk4bBOMnJ4OaPiDWHvpnhjhizDJMoKoS7FnJDHaBuOSeck7hgtjOPpX4vWE9n4c+HNvaab4btANGbUItU0ONC9xDcKq26XrL8xnUbg+c8lj3JrwSV7+K5igt7W3muYBumcQqysSQ24tgj5jx8wOCc9sV95klWjPDOpTvTTlKir2d405291Jvdp7OzS0a2fxueVsRCoqbanFwjVbcZ2UqkYy1umtrO3lbyPOH066leN44ptzfMd0ToA2RwG5znt+XUYrNvdIvZYG32M6n7REC2xgANxC7QcHaQOflPUYzivpzwSfFup+KNJtrPS7PU5JpHtxovkRTPdjy2IWGMDczn7y7T1ABwc1dvtC1g+ICuqaXPpkcccjTWdzGkU1uElfCyRlVC7QpAG3dgYJxkj1IV6FTGvBRqR5nThVbclzcjny8yi3zKPMpK7urvXofM1KmIoYOpj3SlOnCpyNKMnzS5Yyum17u9+jd+h83x6VelEMVtdIpAjCiNwxAGMEjAOQRztxgjOARRNouqsqotpcBw2c+WwODtHrjOB+HXHXH1ELO1JSIgkFiAdiAMowT1JII5yScgA5GTTb2w2ANHC6bG8wbsKZEQ87Rt5HQcZB4x1Br1+WjTScsTThZJX5km72urc1163skrbt3+ZWeYirN8mBqyu4ttQm0tr68rS07X8lqzwnSfDOsvoniM/wBmXTuEjTIR8Zwck9cdiQMAdQo4xgWHg7WmLlrEx7EU/vJAvzELtyvT0K4IOCecgY+0PDFvFP4U8WM5mEqKjRxeSzbhID0OBuIwPu9ByOenA2ekSXphMMckplnhtyEil83c7BWXYAXbaCeVXg8e9N/VppOeMo2pRa0qQTUfdfvNyslG9m2le2uppTznMUpP+zpLmleK5JczVkr/AA2u9Uv1R5NoPwn8XeJZIbbStH+1ztMkUcUb5kklkbAjQYyzFsDg9eRnOar+JPhB4q0HXLux1u0GnXWnDZdWsgBkt5fKEmx9xJUkYOccjaBg4x+5v7K/gL4FeA7ax8R67qkni3xvaQyyr4JsbSa6vEu7iFlsB5SndFKk2d2/JABYqO35j/F671XVPHXjS/vrPUrWS71XVZLi2ubefzbXNxMI4JTtYRvDHtRgSSGUjb1NeTQzPDVcxxGAlOCp4alTqe3lVgo1Z1J2g6VmrwSTba+JtWb1Z3QpZjPBYbMFCrz4ivKk6MaU+amqbTbnotfJ62u7HzBD4ca/t/tAukRRYtGo2gszq5ViAD1DDI9c9MdMx/AyxiETXMvzHawK7WXPI3uAcZ/ibLEZ5OMGvW9F0WVtGtXWwunM8NwkMxjZYndHZiI3YBWw3XGeRnIOBXXad8J/Hmp6edTi8AeK76zmaOK3uLTT5mgkkJwgRmVclj0ABznIPWvQxmKyjCUaU8bmODw6n7ylXxVKim005Wc5xUnrdpJ2vrsYU8Pn2KxE6eBweKryVm40MPUna6Urvli2nJpvbt/KjzDwP4HsNU1CPRwZSJIbyWS6SRWKGOFm2oMDIbk9iBzmsE+GtLtJfs6xHMVzNEN0YLnZJgeY3QgkccjgnGQOPsbTv2TPjUult4jsfBfifTrW0tbmaWR4Y0uC5gaRoo4xJuLsPl2sBu/iwOnglt4H+I8T2NtL4G1+F77Vv7Pgm1SwaINcPNsDl3ODEW+9JkqACcjpXlw4u4OjPlhn+T15R0qRoY/C13FRs5JxhUbUkrtq70T6rT1HwtxfUhH6xk2Z0XOzhKphK8YzjzRVk5U0t5RT1ta2mx522lCCQlLG35JG9kAyCMj5TubgnkZIHfir+lQH+0tIjntYXj/tGAFUKpkblG1sHgYwGPbqeOn3Hqf7BP7Sln4YXxldaL4It9HuLGS8Bk8VWH2mCGIEtLeW3mF7ePA25bgsNn08u8D/ALLPjXxrc7R4y+GOhLFPBG9xe+KrSBop5JVTZECcyMAd20cgDI9R4L8WfDaVPE18PxNluJp4WUo1/q1R1nTknbllGlCUubR2XdN2etvfo+GvHHtqFKrkWMoyr8ro+2gqcKkXKK/5eOKa3d9lddD528XHQdNudXhaGOW5vb2eNLaFA/2ePaQzyyRj5gOu0859ccePJoenvtNjps1/I4YPNcN5UCOGLHardQowOScbScKDX6cfFz/gnl8S/AHhqHxD4a8SaV8TlurwDVD4Ht21mfTkdfMd52i8weTGvJfKgDkkg5r57t/2ffFt3pe+5u9E0mC3uo7b/ia38drJ5rn/AJbqSGh7kowLBic5zXy+C8UeEuIHUxuX5/g62GhUdL3JP2lOUJJeznRmo1actHpOlF6NpPW/3dXgLibKVDCYrJq9Go6causYqD5lF3hNOVOcXfdSklot9vmWLwmssUbXl1Y2cJniRo4IBLKyhvmCnPOQQCSckjJAWu5HgrRb6OHw3pNtrWr32va3YWWmraW8txPLcykRJbW8Eas8zNIy8qNqDcSRjj7j+FP7DutePJrptP8AFJ1ix0of8ThvB+iT63b2ciwGVYp7xH2RKwU7nxkLls8ZHoHwCtfBvwQ8VX3jm88XSx6/4Vn1rTNNutR8Oi/0rw1qcRZLd4IZMrPqUseSjfejlGRyOfms18UchrPM6GQrGZ1mmV04SlhKOHruCr1PcowqTdOKhGVRNt7qN+VO572VcAZrCWGr5vLD5Zl+LfK6tWvQdR04qEpyjFVFzPlkoq6inJ66LXwn43fsJw/BD4Saf4x8V+NJT8RtTurKyg+HWmWrytp1texGVJdQvVYj7dAuBJbgBlc7W5NfNvh79ny51XwOfE13LqcGoLqY08adLC8UjiRwqOzOcK5+XAIB6ZYE199/Ez4oaL8Y7GDxv4s+J/iaMWmt29lZWi+HJDHLLJMRfarKxzkj/WQo/TAAI4r3/wCIXwf+Eng21+Eev+Bdf8W/EnTvEUdnrHjKz8SXkOgaZcQPPB9ouLS1Y73YN8iopVl5bnJNTlfHuCyTJMF/rjTzTF5/mdfF1YqhlVfD4LDqlCNX6rGtKKgoQilThVqzvUlKzdzLMeEa2a51iIcNYjB4bKsDSoQqOePpVsTVU5Rg8Q4QlOScmnOUYr3UktD8/NL/AGRPD8N1Yafd31w+ryrY3TWF7cxxxXMNzBI9zCrdFliYKOTwcdsGsHQf2f8Awb/aGkabet9juIvEurWt/dXG66e2sot/kpe2qAsbcYKpMGXcCO2M/wBEuoaT+zt4Y8VeHdff4Y+GG+2W2lraaHdPLqsKQ3lpsicajFchS5c75UwcED0w3yrcX3hT4N+NIdS8W+CfA+nWGqeP9TudB1LSbAaiXt7nlLbWkklkMtrbRkJ5JVCgOWPDAfn+A+kbw1mqrLLuGM1xdbDQnUq0a1KnRnJxdvZ0+Zyc3F2UuVb3s9z62p4MZ7hWp4jiDC4elPljTm6k6qT9x3bjZQT6X0etnoflb4q/Zr8OeEfDvhjx54S8UazaF9fvYdSm02xuRa6Fc275t1M3lr5lrfY2hCxCjhgcYPPzeH4Pib4b1bWrqym/tW0uprOHWYLKeC4jvIhtAvrcIPOtZgA32gYVd/PA3D9If2vPjNL8R/A0HhnwDrtj4Z+HOl299da2tnBpiFfEEM0ckH2eKGBLj7FO+4OGkYxICrZzk/dPwAuvA3iX4Kpob2nw/v8A4pD4TWfibQNLNlZKPHFrBEf7UswoCONQaGMea+7zU+9kV8vxF4xYrC4PKeIcr4YzGjjKuLrUlQVWVOvhadLknbEJ0eSdKak705e6kuZtbn02RcB0aM8ZlGa51hcXg3Qo80vZc8Ksp2jzUZKq5RqRlazUU5P3bX0f8qkukeMfDGo3NpdafJbNA4eS0kUqZEVzsuLdSMPFIPmBAYLnaQNoxp+EJpNY8QazZRX32DUL+SyEHnlord3chSk8jDES7iAWOPlA3Z5r9uPEvh39mH9o60l8IWdvpvwu+JdrdT2VnL9oWeOy1dMo1pFdbttxps04aIW7kvCQw3Zr8zPiD8DfiF+z38Ub/wD4TPw22p6DLbNBNrel25utKu7V8qtwZ4lZbS4ZQHVX5BIAOQM/tXBPi/heJqEMHjKNbIuIKFLmqZdmMfZqu5RTjVwc5NU8TRnfanNySdpJbv8AL+LfDOrkleWIwlSGbZJWrKMMXgm5+xXMm6eIhFOdCpC1nzLle66oy/Gnwn+Kfw8is7zVfDep3OmXkSzDVNNhkv8AR2jeMNvF7CGiC7WGckbN3GM4Hz5rSaxY3gjfS5vmmiu1AY/vPMOQo2jac5GOSQcg84r7u8A/tFeLvAfh/WdDi1C78YfDK/sLhLvQNYSO5lsY7pduLO5nR5I1jAIXYQQBxjHHyzrGo6RreurdWUgtvD+qazbG2smJN7psMsn+rJPJAkJZSygbQRwAK/TeH89zbH1ZYXMqOGo1IyboY3CTcaNaCaVp0al5UZpW5oqcodpa2Pz3iHhzKsFQhjMrqYipzQft8HiIp1KNRR15KsdKlKUtpKEZq6unueZaI+pyXmsNDp0jGW6j3p5m14pdoO08seMdujHntWso1eZ5UlhYFQeGn+VCGBIw2MnuOmTkdxW2unpY694ut9PkuNsOrKUdyQZIhEpMmD7dewYkAHpWXe3bmMqHYyAc9hjJzwOT/Fknr3Oc59/69NUpwliJXhUqRfLJcr95Wd1d7tX3382fN1MAqtajVWGprmpwk3KLlL4YaJqyuuqt0+/jdatb9LbZOUKNcA43biMHOeh2nqeABuyeM5r22yvNZTTNPSysraZI7W3RXlnCGQlEJDAgdjzx24GAc+IaxOXt1BBZnkRXwT8oVsjAycZPPPUjtXtccUx0a3WKWUMILbaikLnMMfcjGRnHB685wcn2uEarljsY1UnGTow5XGybakmlfZN9tb3uzx+K6bp5fhI+yg+WrKymm48rhG2kXFq71V/Toi1JqHiVWPm6fbwgYyFnBGDz1DcYxySRnIPtXE65ca0dV0m9mtoZRBqCpHBFKoC7wEUy8H5VLZyTkjAIHQ9Ak2oxjazuwOcbyGyVAUEEnk55B79fcwXZmK2zyybpWvrZdoXOW3qR19M5555wvXn7rFwnPDycq9Z8rhNc/I2nBwfRWdm0rJPVX6NnweCrwpYunbD0VGSnTcuWSlaULO159tdr238uxE2rBCVtLSFg+PmkVs8ZKkDptOR09Rg4zWTrrauX0ZXntYw+ooq+Ug3K3l4BLZ4CliSBjJDccADpJLWVZDdSFFUncFYnGzd8xOAcFcnnAOe5GK5nX3kM+kSJKjAasgGFG1gyr6kZOARgdTkDkEj0nCKptOpOTbpNXdm1eCvpZJX6efU81Vf38XGlFJua+G75VB+81J3SbbSsr2tp26QabfthJ9TdymS5XapC9AemSc4GehwBzXHXVmV8ZaPEbuWTNncZYEhtpOeOoGeO5AOeeAT6KQGM0rswwuOEYKPY88MCcbjzjtnNcBdso8a6G7yDYLCdflZcJzznr2zgE5PqBgHfERp01h23d/WsOmpTukvaQXM7u616dne+5y4WVSX1lJJp4TEtPlWlqVko2SsrXtdXvu9bvpP7IjAX/SJWHzsRvJ65Kg/3j3OO2NvKivN5LOP5wXYk3sxVPNJR8HgvhlIJXac5Byc5JOa9RlvIlfa7xncJCpMign5eC6A9QBgjKk88ZFeSPdWkJllmICC5uG5Yk5L8MMHGOnB65yBg5LzZ0/a03eFuWo3dpK7UL9rLbprorq5jkkcQ411advaUrtppJK2ylv2ul0TSVtfPNUVUnslUs5GvruSNiWG4kqMehAwSMnGOTjn3GCFfsrBBcPHIm1wZcBcICNoJwB0I57Hqc48EupY3+zXKeYhfxIo3EcbQ5wQc4A+Y8Dr6j5q9+tpQLKR55GKLhNoT+8BtyAMq2BjOSMnsSa+cyvE0oVcc3y25qa0ad0opO2z1vbVW+4+szbBVatDAK7uo1XezaS54aO22mj1VvvNXw/Y2a3ltD5jASyI0sksmBGF+6p55VuSR3xjjOa1fG6xaeLWZM3aCaWTMLEgKsbfMOTjBwRz1XAHzZGFaPYRrJLCryusY8wudoRieo3cqAQcAc4x6qKv6wGl8L3d4sRKJbzssQO+Tdn747gYJHGBn1GALx+c0cPSqSTjTvR6XdndK1lezu/k0TlGRValbDKcpS5asZ2vePInGTb3TSb2vf8zxWy8Jz+Lbi6uDLH5kkDsEWIvIFWRsHCZcHGBk43Y45LV6F8Pf2VvFHiu7iv8AXXTw34VjDNc6rqCGGQWkR3SSgSFQhkXIiO1iSAFGcV6R+z/8YPBHw8sdQF/8Or/xL4kvJUSC6G3yjbrlhaIrxsqjdzI4xwB0PSp8Tfjd8W/ivq02mnSE0Xw9AwhsPD2lsIYymSqC7MKq0oRSA7MQGOQcnp/JfF3EnG2PzTG5bltGlkuVU6jpzzzFzhOrUg1CU6mFw6k/f1fJOtyqLXNJWSR/YPDPD3BuEy7BY/H1KucZtUpxnDKMPTqKEJvlUFiKnKrKyTagn01ejXV+J/jZofwb0p/APwA02OKeCFrXV/GrxqbifcvlzSxzFQzMzAkOpUd1BGFr5j0H4Q/Ff43vr2qeHvDfirxnqkk5W+1hYbia2tROxLNLeSAosZLEsyE4HX1Mmq2nivw/fRXuv+F47bSbKKGS6iv547SHUlOSFSNv3kinBGc89WJOQff9O/4KFeP/AAn4Qt/h54EXwp4E02K2MEjaFpglumDkACW6T5p7ls8ysTj045+FllmZ5ThXPgrAYPO85xs5fXM4zTGSmnNuKdTEV6aqV6jctqFJwhDVRskfWyx2AzKq4cU4rE5TlmEinhcqwWGVO0HaMYUacpQhBWXvVJ3ne71u7el/Ab9kDxd8KfDHj7xL8QfsmjtFb6NFbaVDci5utYjuJys08RGCvkAkFADzkH1PjH7XXhSxt9H0AafaTGO8virMSRMLcQxhtytyDg5Pc44J6V7j8Cfid46+LXgz4k+IvHPirW9fu9EvdDttIgugIoIoHuSZTGqIgZGXgA52gtzkknxv9qvxFJqtxollDZTxTmWSKJN4QKfs6oHGSQu7Ab1z1GeB9bwtlnHNHA4irxHjsDicwq1ZVFDL6VSnhMPSdOEadKmqjlOajNNyk2nJyeltT43P8z4Pq5lh6GTYXEUMJShCm3ipxniK81O8qsnC9OLlBpKKsla71enU6d/wTv0m0/ZJ8VfFzW9Y1Sz8Y+GtS0rWEs5JI4LCfwzqmww28EZbfLdHeNzJ0HBHTPw34d8NxG+mWFHEUMxYCQ/P5TLxGcA8EcuMZJxwRVrXPiP8VtY0WfQNW8ceJptFtreK0bSW1WRbGaKzY+RE1urBHSIggZB6EA9Kz/DXjSTS7e3ifT/Od5WSSaaX945IKrknksOPbAwDuxXXwPkfGOAxGYVOIM2jmv1zG1MRh4wjKnRweHlyqGGgpq7jHfZJa6964xzThrH4XBQybLlglhsNClVk2pVMRNNNzla6vrq07tK2iVjmZ7a2g1C/jkCutveyAABg2CcBWz/d6En0P461stvDfG5wgiMaEKxAUkcAEdeeqn+L7uc1xGoajNca3fLFEqmS6MkkYbKhXJIBLZx94HOPvdADkVHe3d7bXLAFEXCAIz5AycgDnHB5/CvtMwy6rXlUUnulF+9o3ZXdrO6i0tntrqfFYXE06MKb5G+Wzvazei62u1qnZ+S0tcv+LtItzc+faRBJWJmlQKNuGXJdSAuDk4I4JPXnFdr8BY0fxed+GCaXdkH7xUlXxwNx5+XHPXr2NeUazfajdQtI12TuxGQp8vCEYPzbcEgqevJJxjnNemfAG0ni8aSEOGX+yrjcdzHJKOSvrjI5IyBx3PPblmGnR9hTqycnGyTtdaqKjzXa1Si7uz6tbnHj505qtOinG8dWrLe13b5NW+fkfQGgySXOpa0zllU2UuPvdYX2DB9RgHAzgkHivz1+Mkxl8czu2QvnRk5J6gHjPcEnBBz3+g/QXQCy3GsOpIEVlfEcjr5rc8/3u30JHABH52fFWZp/F87YJ/0hd2c5+6evAPXjBGSDnI619fiJxWAhC/vqtFO/ZWs9L23vv5a62+fw8ZLFP3tORW1dpP3ZWdkn1ur3+1o+vms5Ek8hG5cy546nB6LkgDrnjr6c13nh2ZxZYiXL+cSz4zgYxycjkLnnjoeAevBSqPPkxkHeoI6DHsM4J5OeBgZJPevSPDUO6ycKybWkOSxG1fl74w3TuMY6AH71eTQ0qc7fWzb23Wt0r7p+d9nc9CrHnpXsm7wi7K+1trp2ulZ7Xb9GdbZPi3VNxy7Lz3Jyc8HnOcepB6dTnq/IZcCTZGgRWZpMKWYjpknrjJwfu9zxXHWF9YwXVtE4e6MRLbIgFUnd13biCBnoQQcYHXn0e5XT3hS9eGYyqcmGdwttAmMgAZPmE5bqeSOetfT4SalHng+aUUlK7stIrtdPXfVu6t0PnsTBwVmm7yXLGK1aTj0dtVq29WrdTkvs5uRILVWuGV2Jk2kQx4OCcngg5GMHOeo71xfijRLmRbSVSjgPmQp1DZOFGSCcEKBgkjr3BHfvrW+AW9tGoUk4jhG1OvWRhwQPwOMd64zxCL+X7L5koUO+VVTtRFJ64By5zg5xwTg9zXFi7Tp1dVJu2qXu6TWid7WV7pa3/F9mEjapSXLZO3up2lql1d+ltV990frN+ybqGoWfwv0m3sdN/tC7eSf95JKIrW2ZQu0yN0c/xbfmyDxgggelfEXTfEF54X1m91/xOYJVgmWDTdJjMUaxs6bUZwSXOOBtxnIHQAHyr9lGUWXw605J2uLktPOY7e1jYiQYGA0inAPJzkgA54ORn2j4n6/Pa+A/EM50GC3jisX2zXEqecCp+WVIyCxfkc8jqQOtfsOBpqrwlRlOc6ijlz5Yxuopqmkr8rW2z5k0tFZpXPwHNeWlx5KFKnSiqmZJTqTUZVJ3qU9FdvlteyaSetz88viN4gM2nro2u6vrc9np9vbjTYNV1WeS3hYAgNDaNII1ZicABRhuOmcff37JDwyfsZeLIrV5JXHxZgKhpDIwD7cEFhnBxnrxkgcDn8YPFeuX+u+ItXuL6aS6SKaIQLI3CRjhVCgkDPbIxkcHJNfth+xskX/DDHjW8EQW4h+K+nrHgEkglB8rAZOScEAjuOeK/CMxVOnRoKlGMEsVRvZWetSz0Wnz/M/ovKaa+szlOpOblh6sYpttcqtZJaq0bNLW7dltc93+OytZ/wDBPf41o8jmSW/0HzP4uDcuGH1LMM8g84PU1/L3eQO+sOJBgGKE5OCw/dxgZAAGc43YAye9f1J/tF+XD/wT2+M0KxyCU3/h0s7KwIczMxBI5wd2eDk5Bwx4r+Zk2yzXrSSbC7W8R2HIKr5S5/iJDADAXJyGwCORXzGWRlLH5knonjZS2dnpDR2Wt1+MdFtf7LM2lgstWr/2VKLvpvqtO72S/PVU4UOBGg2plF34HB75+Yc4yOCMc5GA1fT3gfTbP4Z+G4finrtrHeeJtQDWPw00GdAzPeYKSa5cW8ik+RbHLQO20My8Y615B4I8Pafq2txjWJfs2iaQv9q6xcM20SW9tmQ2sTdWkmwEVB19RX1Z8FfCb/tAfEy98WeJF/sf4ceErYiDzG8qy0nRLBR5cEII8tZrtYw8xGGLsck7qniTM44XCygnGMOROq4tOT5muWlFR6yk7N6dUtWVwvk88djKU+ROpKSUE7JQXuuVWWllGC1V9L380fSH7NPw+03RvDusfH74v3vl6XaXE2t6jqGoP++17VFUzR2NsJdrPbxyARxpHkbVxggAV8R/tKftMeJP2hfGs2oXkz2fhDTJmtfDOixuY7azsomCxStED5fmypg5IyM88EVc/ap/aKl8farD8O/BlxJYfC7wlI1lpNjasYodTkh/dte3CIFWQvtO0nPTPfj4ovdXKQtGh2yO5Cqv3VGSBnAPHJIJA7468/C5VlVStiJZnjad69VWo02tMNRtFxSur8+jcmtl7tkfo2cZzHD4ZZPgJcmEpO2IqpvmxVZKN5O124JtpdHo9S/rviB5JZYonbaoWMsDlUA2jauQMk4wWHQnpj5Rg6PpV9r+oJZWETT3Eh5wu9UUkli2DgYHTPAzggjis21s7vVbxILaOWVmJZ9gYglvvZPoeR645GK/Tf8AZO+A+l31hq+u+KLq20HR9Ns11HVvEOpgRW9vaxZkksraSTarXE0YxhWLEMcck19FiK9HBUueelvhV7yk3ZcqSTu3or3WultEz42hSq47Ecqel3KTd1GKvdu+yS+7bTU86+A/wBm8Ras32obNF0nyrnWtUnxBbKExJKpnfC+XEAdwyDhT26eq/HH9qbSvDcc/w8+C00EL2VqNG1XxXaRqMwBfKkttK2Ac7gweZc45J4rzz45ftBjxB9o+FnwbEth4HS8kjvNT0+MRX3iNgTGVUxqZBaNk5XJD/fOFbB8h0n4cQeF7TS7/AFi2mF9q0jSxwzD/AFEY5lzvU/MPmLZYncSGOOT52Gw9bH1FUxVlByUqeHk76OzTktfe2tFprW+9zpxVejgKcoYX3pKyq4iKTblpeELardard9Nj6f8Ahv8Askvc+HdN+J/jHUp9dt9ZtP7T8mJzMyPI4K/a5nZ3klLsDIhIxkjkc19naFofhrRvCIhs20+xMOmXzSWzxJHtPktsU9CZG4wC3+10zu+DfD/xt8ReFtGg8PeHtQlexs5pJPs165e3TcxITY2UIUFTtxtHOATkVzms/Evxx4guJJbrUpHiuTK01rZkxxFtrADCgYXqCuRk5PXOfWo4CvJVI+2UIQmnDkT1SSai0ktdN76aPSx89XxdKEo1GnOU19uTerUdVe9nsrq2+vc+4P2fPBegeMb+O11mBXsRDqN3LLHwXVLwAbl6gFTkE8DgnuK+o9d+Cnww8N/Cj4n+KYY4f+Ejtr9Lfwtb3u19vmnMbWrBuJJBg4wSACMc5Py9+zrPNbeDrzVHDWcn/CI6zCJ/MALzM+fmznafTGMZyCe1DSvEviXxGLPRrjV7mbRopoPtplfzFEqcx7OoaXHALd8jjpXg57g8zx2Lw6wuYTw1HDTpTr043XtEmpNNJr4rO+y2fVGuV4vA4bD15YjCwrVK/NGlOVm6fNFJWTTbcbp3stuh02kWPw1mvrceIrC3kvtS8EXkF7qF2Umis9cSDES2ighYpFfCqOSOeSCcfLXijRoLOTw3DFAkJlsmRwDkOokYJIfRnBX04JB5xXovxM8Danp9jJrelXt3dWEc9xPNBFkNC2cEydGHzdUwowepwRVTSfC3iDxy3guztLFrq+EJLvn5EiVutzIfkjUgZO4jgDv19/KaUcLUlVnjatWVVaqpUbgtIr3eZuyvvZaJ9FcxxVWWKo+xhhYRlDSLhTUZNXik3yrq+r11enbuPCDSRaXaWMxRI1hkgAKFijfLggDGQ2cgZIzwD3Pp2mfB3w7Lp48R+LtXs/CGhRRy3uoatqxjgXywGOLWOXBllbkLGg+Y8fKTx5/4k+KXwt+AEclndNb/ABE+I0hH2fQtNYT6do9yB8sd9KhZHaN8F0G35gBnIxXzNq+s+Pvjx4kj1v4o61cWegROjad4Q06RrfT4LfjZD5EZUbVTCsZVYH6sTW9TE1sTOrSwlNqLvzV3q2ly3cLJdOrsm72bZjQy2hhHRxOYVlzx+GjzJX1TUXftq+XTbrY73xh8YWU33g39mmw1S30h/Mtdd+IU8breaiASk508suLS3ZSdmwFipBBHWvDPCfgzTLPXHuPEsl1qur3N0D9puGe63TM26SSZpCzuxYgjDYGMEDDV9p6LYeFtBWw0m0aysrSKzDpbW6JGrlFBKyEcux53ZbscjuOL+Imn6Q2q2d1YQxWi3OXkMRVcjAAlUZJDEjBA5bJ4ycVxU8JCkuatfn1bnO2rXLq276rtfTtbU9Grmqr8tGi1Gm/djGCstLJaK1220k/PZLV9lpdzaPDZCG1tIYLICCFEgVd0gClfbBGCWOB1Jznj2+2h/tXxz8PNCktLy6XXobmCSw0pDcOkjxII52MagJjaCwAX5eScV5R8MvhZ4s8Z6fqF5bSReGvCumBrjWPFviH/AESwt4UAO62eYIJnZQxCruLZBHqPV7T493GlXFn8Mv2TPA8nxA+INhaSQaj8T57F7lLG5kBjlnsHdGS0giLFhMztnAOMZB+TzjNKNGUoYaXta8Yvnm5JUqK0XNVm3aPKm5Ncza0PcybIcbjXGdeEqdGUouMVC85puL92KTu2rNSu0r37HrHh7wR8O/gfB8RPE3x48U21h4c1fUkl03wgt1Hcajqwtv8AUKbJH8xZQU2sCFxu56nHjWo/Fj42/tMXr+B/2f8AwtdfDr4XQsbNtcKNZS3VimVaSe7xGXymXWFSHzgBuor2/wCEP7B9/r2pn4hftO+Jrvxv4rvrpNWPh1rqSbTbWeWQSGG4+cwyHcdpSJYxzjDYr7N8a+K/hR8BPDhv/EVzoPgnw3psGbfToXtoZpY4ovkht7WMpLPKSo2qxySOTu+7+U47PnOvOGG9pmuMqS5Yxpxn9VhL3UnCnd+0lF6c0t7aXP23JOEqGHoQqYqMMBhoRUpyqyj7eafK5OU3pC6taKvb1tb5a+B37FXgH4bzLrXiC1Pj3x1Kyyz6pqiNcW9rcEhmkto5fMVWVskyuSCMsCAWNWfGHx1+Ev7OnxV+IfiT4h65ZRXg8L6bY6R4c0uaOe6ufKff5UVrAWCOuApbACqBxnBH5/ftJf8ABUnxFrI1Hw38C4JPC+iytJbzeK7uNf7XvkBKl7NCCbdWDcHB5HVW6fj54q8a6z4k1e71rXtSvdU1K+kaS41HUZ5Lm5kZyxlbdIX2qSxAC8KCBgA4X18m4QzXNubFZ9VnTp10lHDRfv8AI3F2d1amnorW5vJNacmd8aZPkkY4TIKUa1Wk3/tDtyKaSXNfWUnd6t6Ky1Z+kX7TP/BSH4nfGV7zw74Lnl8B+CZWdGisJyurahbglf8ASrldpUOgBZFCld2M+v5narrjP581xLNLPKzO80krS3UrueXmldmdixJbvgHk5wK5K61djGwtyCnzEyEtvIAwRzjcCQMHOSMYOSTVK1tL7VZEjhjklcldqRhioUgDcW5GDwTwW5681+o5bkeX5PRVDB4anSjGK5uWK55aJNzk/eb3bcn5JJWR+R5rn+Y5xWlXxuIqVpOzjCUnyQSt7sI3UUl6dFvoyO91Gec7VJQA/KmNzBjxyTjjH4/wgHpU+leHNT1m6SK3tprhgokYqGKqBjJLkdc9fUEcdDXrHhz4XidYp9WnEQBDLAmSWJPY+/U57YBHAr6Z8N+GtO0nTbuOxtI962wAlMY3RkkEu7g5ZT+RzxnBr03NOybdotbbPbRPfRNO2ya69fAlUk5pPqu6dr2eivd9fSy31t4R4U+DOZIptbyxdI5RbIM4VmBXecf3ScgkNzuBxXsq+F9P0Xy7XTbeGNQY8osYRgAOdzDlvmwcg4zjrzXq2ieHL/WLux03TrW51G8lgt8R2EDy3BdwoVSERjhgQPmIxwQOc19CRfs8aZ4U05PGHxx8Vab8P/DI23K6VcTRN4i1AIobyrezDiVTIMLkgDnpmlUxNChbmkpSlZpJcztyxbUUm3dtp21sXSwuJxSVouMVvKWkdbWvtayvu2+yR80fD7wHrHjZPEmm6BpF5r2pxvbvBbWUTyFZDtxv2gqFAByxYbRuwD0X6h034HfD/wCE9lB4n/aK8c6boazxJcx+C9Lnhm1qRYwGW3mEbl42bHzoVBGeehx5lrv7ZcOh2N58Mv2T/Akfh5tZuU0+fxrdwpJr2qSOfKFxCxRpIEJO4MPunJAwGauOv/2VvH94dL8afGnxNc6xqeqTrPPaTXUt3LibEmHZn2KGBwyKg2n0JrlvjsVUjGEPq9B7S5bzaXL9raOml+uq0tc7EsuwUearL61iE0+WDXs0210V7rVaJX01sZXxG/bQ+yS6x4c/Z28JWvgfRpn+yt4g8pX1u+iVQiztOV3xmQZIww2nA9K+QLu28SeMdUfWvF2s6hqt5MWmee9uJJ5HdvmbaJGbywcbgoAxn1rsvEmkadoniLXrPToFigtdRe3jRlBKxodqjHJ+UdM549DghNP8rEucEiMsu4FWJIycccgnAyO3519Zg8joUaUKlROdWVpuUvevdJ35m3eyu10drbNHhY/O8XiJyp02qVKKty01yrpa9rJrkVk7atNeRc8F29poGsWF1awqpjuFDu6hmO7OSODwfTj1Gele06/qFxqEV1CjtBBMZUkCkgN5inaCSSQpJHI+ULkEMcV5NoCrLcWu1GJNyuWZSCrBuMZ4PAPQ4xkEYNevXVhLHLcGTlTIMLjAG5flyfmAbHBB655wM10zhKNTD8ijFJ+8oqz15XsratLpdXfVWOfBTlOjWc5Kb960na7ffsuisr6+Vr+QaF4eeHVJLjaXESMvGMOc/wAIxz9eRn15B8t1AiHxJq+5CoW6l6gZUNt4brzgnAzj+IY4z9Q+H7dRqWWTCLJKMfeGOcswXafX19sEGvlbx59pTxDrq2Uqqz6lKvAC4UDlQMZHXOOST37Duw7tNJRsrXaSvJu61u+l+l0lpc8XEQUcPUfMneSTvfTW1972S3+TTelrFhPAsRMkifPMerDKKc7gRkgZ7d+OB6WLi9gEpWJmkKRKrCNDtOSScAZ6LgnJGeQRiuA0ixuHuFWWcuHlBdWJztB5z24xgAgZ/IV6WLSGGaV0UKMKgwMgLgKQCQCTgYB4B+8Vxyfp8vwvtoKTi43cVqrO9o2b3sruyequvRHx2ZY2lhpQS9+TXxXaSd77Kzenra/TW63F+QyJDbyOWhA+b5cBeSD7jg5x6/QY63d4qlY4Ui3lhu+84yeeeODnnAH3QDjAp9xeQxXUQkysbKQGXIJ+8Dn0GACOcjsRyK0DLAw3oM7QATgbeg4HqCCvUYxz9e94CM22t1pbVtK0fmm7JLq+m2vmSzerGMZxSSmtJXTve3RXt2stG/TViySGLc8rGXaoJT5VwxwcEfxcZyPugDdjkV5P4uupk8RQyRrvIhRcsSVk2nJOOC3T29eM16i0ocBflVdjAEkc4OVI9Cecjj0z3ryTxW5XxFb/ADg/IijABA5PJPPHJ9+xINeTm2FhSo0rJJ+1hHa2m73Wu+ttNlse5w9jcTXr1XOTcFSlJK1loo2aTXTo0u2trW9CtfEGrmz8sCKBWEYyuCSOgBB5Jx97pjOecZqexuNROP3uF3N8395Se56tjgk5BGc96z7S0cwRMrgKQpY9cuQNuQTnBB9hjPYfLoWi3IyExy5IHfOOpycdMHJweoHU59vAZfQi6a5dXGLsrNK/K73+fS271tc8rM8yqOpVXtOXZee6dm21om76Lsrbm5az3mGHnFnJJjGQcf7QPbpx6Z5OemhEbw3sMs7grk4ZhzwuCF4wD97AAGfXBrJihlidCCXOGG7J4PbC9cYxkAY9B3HTwyCSzRWAaSNyBheCdx6nHTnPUdCeBkV9ZhMPQbUYpRcWtFpzaxjrLfq/vWvU+OxeJrxi5OftE04vldor4dbeXS8dNtncb4pfK28ysGdoEQgAZyBjnnGcDPTsBXFtO0ccnyfMAT0O4ED+LruHXB7ggnknPXa+JXhVt3CxoCApwD6ZHGcA8+vQnpXGkMUdieSy9ec55yT2PJx06j1q8auWs4Rf2Yu600VtU1vruknva3QnL6vtMNGpLl5k2nLfRPuvVJrVu7tu75kxcltpGep4wOW3En1BPb1x75W3bKTRjln2gkDnryCcgYUFsencZJNI6kuFUj5txJwCO5HGMqQcZ6HsTnpZtbZvmcAjahUlGBOWOAccds9CcDGP4ceRiYzlB3Sikmrt9Hy6627Wt5J7pHvYapacF7zbsu9vh0Sd7Kya33fbQ4zxAsYvdNTG1TMMkHdld4wSCT83Q5HYZPSvoW1SJNIjIHym3jG4jcDlBgg9h279j1rwPW7F5NU0uJVdyZkHyBnAIcZyAvBGM8EAcH0B+kbXw5rF1pKLY6ZfXaJHCu5IXKlto4YEAqevGOvDYBBPwEIx+tYmbmk1PRX6JKNt3tunZ2P0WpGbweEUYt80LtRi39mOrSXVuyfX1Ob062W4voUQbE+0wli2CWXgkjOSOSvzegOMnbn6Ot4bVI7lUVEjMMSiQLlmIXlfMHq2OO2OgwK4Dwp8LfGlzqVrLPosllbqQ7SXriEKMZDlXIBHzEgkZ5OMk8+7S+D9P0aOQa94p0rT4X2MY/PiYjPUfKcj/PWv0DhfG5ZgqdWricRGFR2Si/iVklddVrbr96Z+dcWZTm+OlSpYSjLksudyfKle3XTu7u2j3ufKPj+N/wC1EWMxkBCRzhckDPDAndzgkjquMrkGuLtUPmwhxlvmAI5weMjaFO48cntjvxX0R4ul+CtpfJNdeIJdVuIcq0VkTJEx28ZCDkE5GcDGPl7Vzlv8VPhtoc9s2heBbjWHViI5bi3aJC3ZgJN2csCOeMAHg9ObH8QYX6xUnTjKqpPR2snflV9bdOyvvfax3ZTwtio4SjCtVp0pRglK8ua0rxT0b0evzfe547LomrXr5ttOvrk+ayrHFbuWOfunkYPAGAMkDPXAqYfBr4g6s0LQ+H7iKM5YSXymAA5GGy3AAGSOc5xnI5Hp2r/HnxnOxXw/4T0rRreaQvGZo4nkG3gEbVVyQcDIB4GTjmuE1b4jfFnVy4ufErWEbqMQ2Ywi5BGB/FgZPzFu3XGc/J4jGYjFzlKlhm79W2rK6aV1ppo9b7p9j6zCYDL8FC1fGJtJXSadnaOttdNOnS17alqD9nzxJasH1rU9K0+J1y6i4hkaML1JG4EY3c4wT64zVHVfhd8OrGazXW/Gtm6o26Yw3Mcaqo6jaCcNtycfxZAX1PC3lprt5M0uq+ItUunMUm//AEmXYW25YOA4ABHXOMEjI7V454nVEs4UBfL3Tn5yXdwGAy7MS2SR0IBw3UBga83FwxVKEqlaCpxsmo76Jx66317LrvqevgamWTqL2ClVmtOZ3te0X1317pWbaXRH0jc3n7P3hxiluLvxC3ygKA8ikr1yUAGD26DquP4qRvjD4OsojF4U+HSIVy0dxPswSMYJDxkgjgtznk18xWB2yIoEarIyIuEHQkZ25Bxx1Pp1zjA9IjFvbWSFMkqjKQw5ZiCcqOMEcFTuHJwx4NLDUpVoKcptKPupWvJ7LS+6XZ66XSWtrxuNhhmowp3T2vd7W1t2v3Xu3UrHd3vxv8etDLFpmn6Ro6yH74j3TdccFSFHBPKoPujjk15rqnjb4i6qrG88V3UMbszPDbEKNucHBAzyOnXOeePu57uxXcPnZSzZdwAAOMAHHCnJ5DHIPYYqq0sZjUMAzncAqgEDIxwMYz0GBnOQcCtZYa6ScpNJ2unba29tXd3dtb+ZhTx0pJSUYpOy5ml/dbte7T32Sva3mYdzBc37hr/UNQu9xJJnuZWUnufmdsD1GMYOehXE9hoFvJkxxx7ejMR5jnceoB5J4xk9cnAAJFXYraZ1JVCFJIX5G4J456YHAxjkjkHgVv6bol/IQ8bbBuXHGCBnJOOB3JH3vp61Qy1Ta9yck2l73T4bu7d79rnPis0dGKcq0Ie6pSTkle1ul27rXfrr68zc6NHbq+MBX+UjYFbHPBwMfhnk9SVxXPXdpHbyErG+7B+XsoAz1xgjPTHqcbTwPd/+Eb3wKZmMuSDydpUnIO0Z55zkhsr9cCoP+EYsy+0wbmxgkDcTk8nn73+1wcY9cCuytw7Uqxj7OHKrX1Vrt8qVlbouvm9dDyKPF2FoSl7WbmlJO6tbdWt73brZa9bI+fCJWJIU8r90L0/ugdh0+6BjpgdDXvnwc8cR/D7xHDrktqt5Pb6NLHZW7ttDzzNhSw5YnJBGOcZGCaS88KWu1RHEN2SSAgVtxHO5gOOcnplhjBxXcfB34d2Xirx79mvV/cafZLPGjAMrzK42IQABjpnr8oJ/iyMsLkuLwWLoKybnVUYXtaKdnd3VtLLft1smbVuJcBjsNiHGUlGnSlKSfxSuorli7t6vS2/qkeqWVp47+LF6uteJ57t9LJD21grvFbpHuBSNBnaTtxzhd3J6Zz7vpNn4T8D6bJ9vWDT4YgsjFygmmYfMYl4DbQOO2Thu3HcajZyaJpEVhpkKC5j2xqIrfKIQNodMAc4PA+XIHPSvCdf+GvjDxXcvPLBNJbA7hNPIIo1BxuxGdozzuB5IAz6Z+wq4OrCyjOLklq2937l01tbWzaVr3vvZfIUMfRnUUpKUU7OMUm1q4vlsrtyv9pra1t0R+Jf2iWnW80/wlZfYYnjMK3bgmQlAy7oojkDcT1A79c18t65da7rMlxdX0plku5d7yNgyFgD3CjBJ25GAFbG0jrX1FpHwKVHeS5ubJGUmJYjcgSOzdcnHIB/Lthga7e3+D2lwSlLzUtHs0SMjamLmR3I5b5TgMQPY+wFeY8Nh4a4rFUabe8VO7s7bq/S+ifdX6HrRx2InK2HwtaaVuV8kknttdJW1aVkldp36n5/xaJqBYhY3bKDe8hZiTjGTwOSOxJ4xxnFatj4J1i7kCwWdxKp5V44STuGS2AMYAGclcjnJyASPv2HwR4H0m4LXl7BOiKAZbiWKygPBPyhz82D3BPHA+9zUvPFnws0B9za3Eixx48nTJI7nDEcqPKU5JGQSAx3dulcdR5PRWuJ52uisk2uVq3nZdPusjthTz3E8saeDUYvlSlNO6bS7RffdaPT0fyTpPwa8V34V/wCzLhFf5UZ2MeSSCNpJ5yCRkjJBxkV6DYfs3eK7kMZbWKERH5neePDDjC9fv9TtKgDkFe9eqL8Y/Bi3CpoWgeItal3l0Jjm2M/bagUAbiOM4XrwegvQ+O/iRr8m3w38Ob6ztvmaOfUGlTMwHyu5JHQliANx/ph/rBk2FbUabquNtL3/AJdNLbKzSt0d7tmkeEuIcZJOpXhRTafuqzS0stdU9Ntm73ep5oP2dNQ0q1m1XUr6xsYbOKSQrMwkKghtucMdpLdcBdvTGc5+mPgCPDPh34ew2Wq65DHcm+vJxDGFU/M+I5k9VKnIGTkcEDNeP3/gv46+INPv9Q1d9J0nTI41FzC0jMZQ7BclCwzgnqDjcCMg5z3+g/sv6/cWFu+t/ESWCBooytvp0DIAkoVjGHBHKqQAwUfiGzXnw4znQxUauEwtOCpqUY8395xd73hrpro9Plb2F4fUK+Clhcdiq9ZVJQnNppNSik7JLZat99Vst/UNd8b+CtMuJme781WwHuPNRVDHkbEDNwSSpGBgHocYPPt+1LpPh7TbrTtHW2KSSMd8YNzNIMFSjKqg4OCep9fl4rSsv2W/h9papLqdzretSDB3Xd47Ru5wSuCwBU8HGPXvjd6Po/wm+H+gqI7Xw5pUR++pliE7twdpy24Ehip6gdM5HBwxXHOdYrmj7VU4t3XJCP8Adet27+WvTqdGC8NuHcJZ/VXOStd1JOV37rbtte+1rd3ofKesftDeLfEEjNpui6zeo4WMRWFhNEqk8glyuNpBx8uCckkgZNZsd/8AHTxIUFn4OvILZy6q+rysFBYbUYgY2qAwIwOcZxuAz94Wmm6Zpy8WtrDEW+VLezij45UHcEBIPOcHOAOewuf2ppOmQPNNPAio2RHdXCRxqDz8oJ6jBIAOcAZBwTXi1c/zes7TxlaV1dL2klG2l1yLZrta2ra1PpcNwzkuFS9ng8NGyTv7OLd3y9XFvyd308kfDGn/AAN+NurzRzatqej6RDIx3tCGuJVU9Co3ZGMdMHOMbVI49AsP2TpbqEv4g8a6zqAMg8xbHMCfNncgZRyAAMZPfHHOffLn4teCtKkkW98TaNFbq7EMJkdlYA4AUnjHK9+Oc56+aaz+1X8MdE3qdZlmcM53W65WTB+TYBgD6gcjjILDHn1K2LrO9WtVba3nOStblvrJ7Lt2sr9T1qVHBUYtUqNJJJOyhFa+69Pda0eyvotVo2hNF/Zh+HdrMM6Pd6o8bANJqt07cgDICN1/PPI6V6Ta/DfwhoMYFhoulx7AoKQWcRmQqcHLsHPAwOcE8j3Hyjrf7c/ha3lKWmlXd66hvLbzVjXBztZwMEZyOcHjJxjmvINb/bn1yQzrpOiWkCuMo7TB2BJGCSMg7eDgg7uQQDWF9bScL9W5PTZvqr6uXne3QqUoJJw91vW6smlp6a6K/ltbr+kGnvJYXClIY4IC7ASYVCiKrMPkQJtIAIyAMnPPGKwtBvLQ6ckl1eWq7dSvyJXlSMOv2pyVDMwwxXOQeRtxX5Fa9+1Z8UNYZvK1NrJXL7mtU25U5AAJDDuBkZJJA9x41J8VPG2oRTxS+ItVFv500rRrdyRrvlcmVgEPylieQvVjwOMGW4ppJ3it7aWWl3062Vle99bkqXM3ezej3dlsr22tqvLq76n7jeIvHvgnSPF2g3N14i0eAQQ3BdZbqIiFShI3bWPJGep/i4rA8Q/tQfCLS1cjXnvrtDtEVsWkViCDksOiYGAcHGcYJJr8LrjxBqt2+65vGkOCC89w7swLdMs7EZA5/DgcVRbVUYstxcMTnaEjJ5OdvOPmBHQ4OOBmk2m0lFpq+703T1s+nl62ZDqPVav3k7qy7a36a6PRPp6/rZ4i/bm8KQMy6RolxcSJ8gLyGNSAdxbDFlUEg5J69+OK8K8Q/tx+K7iRk0vTrC1Admid/wB8/wAwbHmAEAlMdSOc+4r8+31KAZ8uOVj0G5iAcHuTyAc8Y7jqOtNS/ncOkMCPubj5C77R7Acdc8Y6ZHDEVSjNpqNO/M9NHK2qVk7O+q87u76a5upqm5KPXV6O1lotrfdZ9dVb6m1r9rH4r6rJiPW3tFZSALOLy+W64Y5ycYIxgqRnrnHmWsfFz4g62zPd+JdUZlzybp03MerHBXIPX2Oea860/wAP+MNblCaZo2q3bl9qLbWczZLdMHYMAEHaT6n5uK9Y0T9mb4z+IVhMfhjULaOZ0AkvcwKAehJfHBGDkYODjA4J7aWV5lieVUcNXm0tOWnJLVxTd9PJ3vrZbdeKvmWBw0XOvjKFNXv79Smml7u922uur8u2vmV54j1W5837VqtxKzH599zN5jEYLfMXI7nkc88dayjqStkiSeVhgFWkdix5BAYnGO5/L6/Y2i/sLfEK5dDrmpadpSsyniVblwCBkAIBgjphhwee+K9x0D9hHwhaSq/iDxTfXknAMNovkgkdcMc4UnAyOMDAyTXr0ODs7rW56EqSdrOpO9ovl6Kzva1rq/S2zPBxHGvD+FT/ANuhUktXGDcr7JWtZev4vV3/ADDa6Uk/I5Xk5LtgHrhRlsnHtkkAYPGXQs8k8RggmklJyVVZGLYyAFIU7goyAFBOeAOQa/aLw1+y18F/DzM7eHJNWkUFVbU3MgZ1GAygDG7ueByMZ61ieL/hz4N034yfBvStE8O6XYQXcl00tutqginZVGPOVgQ6gZ+937YNen/qLi4whKtiKcHKpSprlT1c5RjvZK+t99bOz6ryo+IeW1p1IYalUqKFGpWbajBL2Uee71fSPVLVq1un1R4mhhl1nX2MRhxelYwo3AAKoGeuBgYBG3JPfFcp9lDjIRDHDICpIwHLKF5HPI2gDpgk8ZJruvHMZ/4SXxMHR7bbfnMGCVVcLxkYCAg9PTnpwPIfFHiY6DpwngsJbt0l27YWGGULn5gD8qgnjI4PH92v2uhXi8rozcdPq8OVW1kmlt00S676rTY/D69D/hSqw1SVXps3zJLVdt9dNNLH5/eOHA+KXiAABNt6wUL0++n557/gBzzX2Xpml6Trc7xahYW14ieG9LQLOmJQSPmMcuMqXJBwNpB24z0r4U1vVG1f4g6tf+X5RurxmZBztbevygjKgZB+7nnOR0z+hPg2we+e/YSohh0HSFIA+csoBC5xnBz06dOMdfyfLI+24hqRUVKEp1na2jsr3a7rVfnZux+yYqrOhw1KSco1KWHpWlF6pctON0+92+umqOXvPAdlZb5NB1LUtFmzkQ+Y1xZ8DgMjFvlBzkZ6AfSvnT43nxBaReHrXXLXTrwLcPJZ6vaRLHPMu0bkuQMcgLwT19cV9rGym3mORw2WKYZQduQoXnkHIHA5AOQcDg/L37Stu8dp4WZ+nnyxlVHfAG7HIJyADgk454yQPoM9wkaeAr1IR5ZLlSSbStzQ0af3qyvfrrY+b4bzSvWzHD0aslOMub3pRvL3Yp2Uluu9230eqN34c3ukaR4C1251BbyG0tXsT51qjmWLzHDLIdoJIySDtHA9s16VpfiCx1ZYToXie2u4gscv2a6dEnwVwUcnBD9ipXnkYAzmn+z1HDe6BfrcWMV1A2qWFu6TqskLxrt3K6sCpUg4OVOcdF3Zrv8Axj8JPh3rOpXlxFpx8M6g0uVvdEnMGXBJUvGDsUA4JUKckkd+PJ4eoZnLAVKuCcZJVUpU5Npt+7K/ZbK+12ranv8AEmLy2GNpUsZGUXKnGUasUml8PxRb5nptZ973PHfjYLyfwNdT3KwiCG7gw6OGIckEhx1A4GMZ9cZryj4GbX1PRnGC39vxFSRu4LjBAGTnB4OD0JySOOy+KPgDxjpXh+/gg8Z2viHQLaKOWWzvojHqCIjEqQ4IErAHB6tjHf73l/ws1608NpZ6tqHmLb2Gqx3LGEF5NiAMfkALcY5HGeRxivLzaeJhmlGeMpunUioXT5baTXvX23v3W9mejk9GjUwFVYGqpwm5csoXS5nFaNWTUlu0/ltd/rT9l80/u2zJ5mXD7dv3QeT1PykZB744PJrxP9oS2SH4da9Kqxh/IVSRGo2qwDEjA68Yz3AC7skgx+Hfjx4f8QQefpV5Z3pYuptiywXyLkqf9Gch2b0I7gYHSuT+MnjrStb+H/iDTYXZLt7UM0TgqyOnJDE56bQAASDgZGDmvq8RmOFxGEnGnOEm6dorR3dkkrPVvvs9b22PjKeBzDB49OUZqMqib0dr3jyt+itd6eelz4p+GwDa5bjkyG1hwMjO4zhRg8HcucjbnPU8cV+tfw18f/H/AOBbWmrfBz4i6hp9reW8d1caBdyRS2cm9RLKjRyo4w0hJyOcEDJ5Y/kd8MnI1y0kZicWikZJ5KzggHA7kADHfjg9P1z06483R9KZ9n7zTLZUKKHbIj5DFSQCeSefc4218dgciy3OpY3CZphqdelyRcITjGaT5rNxTu7p2tLZL719xmmc4/K8HgsRg6k4TlL31HVtWi9db72Wlk+p9YeCP+CrPxZ8M6rLqPxs+H8OtLDFDBdavoCtZ3htomXe2SJFkJHIwuMlvXn8kfil8T/DvxW+OHjrx54fVrbT/GGuXmrWmnXBxd2yTFiRMMLmWNmBb+EjJwApFfUusT2zaVfSSCN1FrdRspjWRWbyGIB3KxBIUjg8ZBznp+VfhqSNfiLNHGxjD3eoKpVj8g81wGBztXB6ALnOOD3+bzLgbKMgqRrZbRVJ14ODjGyVnJWtHVLfZaadT08h4lxWcqUcVpUpuDcrrW7jeVmm+bW71tbWyuf2ffsPf8FPvFXwW/Z78F/De58B6P4p0fw5ZQQ2M1pqEVrqDiXDMt3uZiqgjbnAO08gHmvin4+fEm8+Jnjb4geM7bw3a+EB4p1z+1INFhuBNHC9xJvZ/MRtsjuWLM2O54zjP5s/Dm01ZtBup/BfjSLQfEem6Zb/AGjTbyQ3NpqDuoKb4S+Y92ABIuAuemFCjpJvjNd+Drews/jTbS6Nf3riSz1TT3N1pd+UYBJFCkmPKsXZTyATnJBNcvDvBFDIcfPO6dBUo42DdapFuz55qTUuzb95a63088OI8yhmkJ5co3rUKicY2Sm3GyVr2stdZJ9dj8+/jnFer8b9U89keUazp7P8w+YowLsDjnByOM/72K/bD9nHx7q3gHwmJlW3g0bVVsVnnngW6aKZYQ0csSE71k3gESjBBycgfd/En43Xulat8bW1XQ9WtdU068Wyu457Zg0cZkZQImBJw6jG5XGcHBB6V+9nwC+Fnhfx38OvDFvr96tpJLf+GdMmLNJ9ltrW8VFe/maF8qYgd3zYB6EgHNTxNmuFyyjjcXX9pOjS97e+llZprt8V0tXqkezkWVzzDC0cBNSpSqwjG83dJxjF9na1rJX36Ns9z8a/E/4d/HH4O65oOt30V/45tZ7KzVtSsBbTXECzIipaTFVZmeMnKszcKow2K/ny+J3hDTPD3xu+JmnadE8NhYyxWVnEY2RVEsKMVCtnG1wRgk7ic5OMH+xeH/gmf8AGEWmaV8Yr668RyJaXlm73dnb6epkiUrJDI+GcIzbRvYnKnBzmvw+/4KHfsaeEPgDrer+KfD3xOi8XX76uY/F1rMI5bqzvnT/QUhuYz5c0TBfmKDavPUk18Bw/4iZPmWIw2CpSnCpWq+5CakrtJJ6NaJJ3957q7Svr7i4Lr5f9brwaq8iXN7vKo25Wmmkle7u3u7eSPxx/aQt0k8O/DSRV8mT+x5wGIGCFXaASOc8EfQtxnk/IMXlyRgSEGQuw3RqCWAxkEgHDAg8n5RnGTk19v/tBWhm8LfDRbrbGj6VdvbOMbpOWYAgk9xwB1ycBea+RI9FigV7gO/mqzq6bdwAOSpIHAz82Tg4HGCOv6RiKkXUTjGLp8sbvRXTS6aq7ez0e9ranmRpTUFe7klHm7WvHVrfmsvdk0m+jdtLHgBAvir5PMCCAuoCjLYZWxnJwDjk/w4PHFffX7SOm6rqHg34bTWUdzJZxeFImuWWNnEeEYgkDBVTtC7iQQO/OK+FPhzIR4oYk70FrIucAFMdRluvQcDhcEgYK1+mPxP8AEemaZ4L+HMWo3tvb22oeEIw3mxl96oXwmTn73Ru3OMtnA5MVjFhcGp2bftEkore9rrS7acXu+mvmVhsJ9axKppOMrNdruy6/etW9PM/L5XuQjxiUBldQm1vmUhsA4YHGT3weW64zW/4aNy3jKwa5dpSLyyEjFhljlcEBcFRhuBz2JPaut8QWfh2/ln1DSJI4nMys4CGOGRAeseeMkkn2AOQO3MeGWSXxxYhMbTqNmgwCASHUDK8Z6ggfU89a0wGKhiPZypPlnJxbi902rtNu90rLV301Xc5sTgMRhpSjK1ovST6q2myXolurvS1z3X4k/wDCNT+Lry31mC4tZktINmqQsWADRhVUpgnGTngA4HUV5LqHh23soJrvT7qC/sdw2zRkJMpI6MhO7C5wRk8YO4HivXvizp9pc+K7tZHa0cWVqzMylUkKqpHzHg4GOhwSeCcGvKJrCS1BjjkWWOSBjs5+ckcbUUgHpzkEjBOQMV5mIqShjalqtv3j5k2mnK8Umnun0u2l1uenh6dV4alGrBX5Yq9nZu0b/ctN1re9tj3H9mKRI9ekVdytc3AUZXHyoSST3JI5POfXsa5T4gxsPF3iUiQf8hSfGeMgyseAMZJ4HA688gVv/s3zNa+K7Zdnyp9pMu4EIJArdcjooPOefQcccJ4uuZL/AMY+IW3u6nVr0bTuK4ErYAwMZOCO3GN2SCa1zNyaw8ru3s0ovRK65X3Wt3utX13M8DFKdZNNvmjddH8G9+m76PR7IgiE0qOzlFKoqpkLtZcBcMx54I6fe/2s4r61/ZqLiPxE0UioE0a9hOcAbjE53sCeeMKcr1+tfIlvbz4KSgrHKcJuYgFVGRuJxjAOB8vPcfNx9dfsvJH/AMVXuUlI9HvUyGLBXMTqCRnkr91egHbPFcFOV1NybSUXd8y0s4rRdne21tl0duyrBq0orqk2+jvBbcqs9lr5rU8Am8xtTvxHcb5Be3a7RjBYzPlssAMDtxkg+2a9Y8H2kJs4FmifzlmiMZjAO5mkAO7aAMg4wM4APHHTx/UbaS21u6MIZy95dMo3fdzKxGR6duhwPxB9M8E6rc209tE0aLI0iK2ctk+YCNmOQR1JI9+K4qk72cWrtptenLeydtXZPpfS/Q9XC03zxc0tUvetpze7fTbdpu/Wz6aftz+yGI7L4y/CmNUdS2r+HC+7dlc3cHfHcDGcd8kEGv7d7tA8qNjhra33E8Z/cx4GOcYznf0zhcZr+Gn9ky+uJvi98K52bMia34dVgODhb2AYGf4iCB1weeBgGv7l5Dvih4G/7Ja85wcmBGPPAABIwenU47V+XcXybxMUvi5YOT1S0vfZa3tppt1P2GMVHAZRbm0pVVrtdujd6pWi+mrWu9jOEZJdQeAcnOAAPmwc5I5xz1B78dF2MRk4Ck8cen8WTngAnjjBIzk4zKynAHBLAckeg3e4XB6EYPUnnmlVDnc2TzkEH07gdAQTz3+uM18VpK11HR6K+nTa617XSs9dtAcrK6duiaa6W01+7Z7aa6EBjck5GQjZAHA4x8xzgkcZ5x6YPzCo2TccFSA+MnnoeCpxxnHTkdj9dJVXI4PJILE+3XHAbr09R705kRsqACxB7BcZ6KTnjnBBAA5IzzTUFa3VbtdNtPu017+Zm5yvzPqrpJ2TtaztfVarbTTXbXIaIjbz328gjpkjoQRjqxbOSCchicwtBhgxycg7vxJwegHOcnAGc4wRnO0IXIfIXaAuTjG08Z7YIPUcknpnIqFrdiSMgZPHUAkAAA9gMcNnAHQjNTOneN18ktXdW87df63HCtFtpybXKt7r+Wy66Wd9Nbu2mphSQN164zs/u845OemCB37Z69K7RHJxxxjHGfz/AFz0PYem88DkAlARznOe3J56HBIYccHqDnApyxADOMnuOg98E4HQ5+o9a5GrNrXRq7SfdW6W1vrr19WdMJRvumtEkpPRu2qTfS2ml7rdaGKVK7jj1Az9M8DIwQfzPbBOYiWX74+bPrkHPOOOeAQD1OTnHatN425J27RkEY5z/dB4we+ck9OgGajKqQBt45IONw4P04OCNvXAxtAxy1GNtfy63vdaJaddt9L307IKLV7t7N62t8Pn2+J2a310KAbBztIbklQOh6nOcjA9+QMHIHWQYypDY3Ekk5znPUkduOvc4ORxU/lk7mC8gkqW4IGedqn73U5znIzj/ZDGx6ghh2xx298bTzuAxx/d7R7qba0tpr/2799tumvTUfuaaadt100s+i336PpZOIu2DhQSCvUHvxg4x1OckYAx6KTSBpBnIxltrAnK9QQSecgYB6HA+Ue06xMFxwTtwQ5yvDZyOT27/LkYxnqWsCFDZUKMD1J4GFJOACeAAcEj5gGyAYlUtutNPvdtkvm/JW7MEk3dR003WvxJ+fW/yV/VpkfG7ClWySQRtI+XIK9R1/H1FOEpwSMhRgg4ySCSO5A+XAVSOcdCDg1EQ2Pl+XLe3yjOCSD3GM9cjsO9CblYZ7ZC/NjOAcAKBjB9wcfewoJxKqJ6b6p69F7tlt1T6b9UrlKCjq7K11pZ31j09E7PfV2XQl3Yk2D7oBwSMNk9eMAZJ4xk9/QkSB8qS2NwLNlvUZ5wPlx6ADaCR2PMIBIbcBkDBJ5IHPTjjAGAck9zghsLjCgkA46N24HQHoR/dJPXjGRk2pwaXT1S7rpbZvf5WV7EuMLJbbNtcrT2suvS+ieln13nJ2kKTyCMf7XdgSpB3Akg7uADjpwXkg5OAATwGHGCQSB04zgfXpznNYAM2epDAkYIIxkZwSR1PAzls7uetTb8hf7wGeFGecEMT69cg9jz1wHzRVrPbdNWSuk9ddNerva93vpCUe1r+V9Xa9k4trRaNJ9W0nqmsAxIyR0xuwCTgMB0yRuB455HPIzUqsAFIzux83Yc8Y+o+Y47HkcjFCoHC/KA3QZzxjrhs4yQPbHb3XA59dxOTwMkng7jxxzg8evOML2kH1tr5a7K3W/3foTNWtpo29bLmSdn5Kys1Fdr6q6SmSTI2gEnHfk55BOQB0Oc85PtTrmWC8tZLC/htdTsZkKS2OowR3tu6MuCGguFkQZHGVAI7dM1WY4K8gHPOAQSCMgnHrg8DnJ79KjxjGPvsc5bGT35GMkDdk5+8cc5xRTrTpSbhNx1TaTsnrpdX/z7amU8PCrZSimujavro7qV1ay2fSy1Vz4g+Ov/AATg/ZQ+Pa3d1qPguLwP4kuVJOu+FkjtfMlbnzbi32mHYWJOERc9Sw6V+J3x9/4IifF7wSbzW/gxrlj4+0iESTR2cEosdVjiHIje1ldjcyKpC4jAyQBk5av6kwh3KhPOGzjqTgAk9Qc56AngnHepU8yBg0UroQVIZTgluVIyBkj5iSevJGdtdUMTSqWVeipNvWVP3J9Frb3X1umvXz0prE4eyo4huKaXsqy9pB3UbKLk1NK1/tJeXR/59HxF+EHxS+FWqz6J8RPBOt6Jd27skialplxZsWVtm5S8apKvHDBsMCT3JryeSyhmQmAhZMk+TKuxgRySdxHJx93k/wASkDr/AKH3jv4afDb4r6Vc6J8S/A/h7xhp88TRu2pafA96u7q0d4sYuVYDlSsnJJwVYjP5G/tA/wDBET4MfEFbzV/gr4kn+H+suZJotF1NXutFMrEsscDRt5kYLYUM7kL344rqpYalX/3esubR8lS0Xe6e7dn12kr6Nb66rNYwXLi6Lh09pTUqtNp8vZKUdOkou1tHsfyK39jKVYbpIXyBjkqcYIKnGecDPDHA57Vyl/p0rDzAqHaCpcYCNnO7A4OegJHc9zX6p/H3/gmj+1f+z5Jdy614HvPFnhu3Z2GtaBA+rWbQKWxI5tlZrcbQpO/lSfTivzz1XSzYyz2+p6be6TcwMUlS5glRFdSV2NuRSGOGGNvUYJ5NbctfDSUatOaTd1LlutOXZ3s99+1++mzjQxNLnw9WM4tJWjNaLTde8k/J221V9D5x1uxZ0fOVQnaDlVG4YOMseAB17854BFef31mUc/8ALQ7SW5wB1656DaOueVOT7/Q2u6SCrsjQzQSAEsoyBu68D5dvIGSpwfu8CvIdU00pKVjjyNrDeDgMfvAEdW4z6fxZA5z9PlmJ9pCzTvHlT09PXpo7WSvrotfl8woOk3JL3XJO7Td09NbXXezdl0unqeZ3NqEbCj5fRwc4zyMg4yQOASDzjsd2HPaI5DmPBB+QIMgqWyR0+XOR04wRjkAV211Zs4O4EbSQDzsAGed3U9vmIBGD1781cQsrAAZUZDNnIyflHA5wRwT0wCBg5NfTUJ3UbN6Ws/ktVokvR79W9zwKk4xV3Zve2m2l1q3q9L6b6Nu6vzr2gZ1VE+XGWwQXXAB6/wCyR+HTjtXaIROiiMkEsdxYblABPynPQ+nqcAgdNmSIeYCqZOCgOdoU/wC0M8HPQ9D05INUZF4cYBG4AjGMY5OWPTkYwBwMZznA9CMn0vve+yVmlr0t6W1ta91bCVSL5UrO/VWtry6apX1bbs5LdvcuWGt6jpcvm2l08YAA8pm3ITxjKn5Txg4AXOeh4FdhbeNNL1M+X4hsFgX5VF3aqA4ITJLKpJJYnJ+U4XGeQDXmL5BbcoXHKrgsD0wcDg5ySR3zkkAYNc72RnUkpkAsSMBic8AAkDPc7m69c5O6k07730136bPfsra+hMoxdrRadoq6e/Lbsk7O2zbV9d7I9fudDsZ4pLzQdRt7xHAcQuwEyHIIG04PyjseTjknjHIS28yTMLyyeORmbyp40MMg4PIlBD5PBDFux/Dkopbm2dXimkhY5kUo4Ugg9Djt7H1YHGCK66w8cXsCfZ9Vtob+3wBmVY/NVRxhX2g9QOhYn6AitozVtd+jWjekbrot+qs35XbMXFu61lG60tZ9H1Sj21um9UdLp3jXxHo0SW6XialZlsNpurqLgMoGAqSPmQALnPzriussfEvgHXT5eoJeeEtXkGz7TEpudJmkIzloh/qoySOMgAEc/wANcZBL4V11F8u6Gn3jEGOOc4jVm+bhlbBVTwvJGTntgt1Hwze2sal4op7FlzJc2yq6sCMBjkN1GOxHzAYAIJqUYVINTUZxkkpRkk+bSOmzur9VrpbZ3OZc0JOdN1KMk1eS9x3stdFZ7aNK3RWPpjwX8Ufjf8FrW11X4VeMNVtLOyuPtttfeG9Tknt0JzieSxMjJDIfmVgqKcEknnNfr/8As5/8Fory9tLDwZ+1h4A0D4q+GPLgtL7VL3T7aLX4kRRH88s0RnkPdhAysdpJOBk/z06Y+r6DJDLol3fWrFgf3cjGEgEgCSF2KNkAHbtAyckcmu4k8Q2GrJJH430fzyVCf2powW21CN8Y8yQR4U/NyTtD55JyAa/POJ/DDg7iuLqY3Lo4XHpN0czwEng8fQqXTjOGIoOnUum02pOSdleNnY+ky3ivN8ujCjVqfX8IkufDV26lNp8t0m5e5K2zhJN3TW+v9hGhfDb9hH9qbSF8UfAz4lQ/C3xReo8kHhvUtQUWcFw6l/IOj3MvntEjErvSTaRk7SM18y/Er9ln4/8Aw0tr26vtBh8ZeE5o5BZ+IvB6tfQyWtu5Ju7mzhdzbYXGVYnLZ3AAFa/nL8H6jr/h0pqvw08XLfCDLixur2aw1aBWDHyomWRJJJOACR1b6Yr9IP2aP+Ctnx/+Bc2neF/HN1ceMfB1m0iT+HPESl5FikyrLZ37go/yk7RMZASAcf3vzinkHjZ4d1I1eFeJYcZ5FRkpPJc9clj1RvGSp0ManaUuVcqc7O6tq3Y+j+scA8S0nQxmElleOk1apJLki3bRVYr2j5v+nkZX/mume/zXt1Db232mCeGNC0cglt3guFZSBh4nVWAG0gjAwDg8YFSPrY0SbTb+Cyiewv8AXNP8+4MSrK+Ay5DKFIcZLKc4ODg8EV92eEv2qf8Agn9+214ZtNJ8ZX8Hwi+JKtK0U9w1vo1xcXDKWhjbUAI7K4tlkLABUDyFlG5utfDfxv8AA83gGQT6VrFjr/gJNfstP8N6u84gk1DUBOUt413OVnjlBAW4Q+W5OQcMAP1rhDx7y7OJ08k4oyfMOF8+ilzYTH0ZRoVJQko1Pq2J5FTqRVnKz5W43auj4vM/C3HQlPF5LiKWYYNNNSpSjKactFFqLfMtfiTXS6TPouO9tNVtZbYXsxs5IpIWDEOY/PjK8qx3hQCcEkE4zxkA/PjeEj4b0HUbGDytR0uK51WSKcIBcgyI5AkOCWYEnrxgcAjGeo1zTPEnhCSyh1mwvPDur6jYWmoWkFxDILK9t54fMjeG5yYZAVUtk8AbQNx6Yem+KJrrRrtby3C3K3F25YJmGVRG4Y7wSAuCBkcHjjPX9yyfiDKc09nWyvHYbE0ZRd5UqsaiSXLdXi3vL3UtLSWi1Z+aZtkuaZXeljcLWw9SLt+8pSSkk431krNbWae9mnZlH4R6VPqXgyB7Z1zFNexOjhVYEyPhckcdwSBx255rzbx/beIfD/xF+H8EktzbwHVxdXFsshVZNnB2FSAwfIJJDcHGM8D2D9nTXdKvtEu9OmaKKYeIb7CnAwglLBdx45ySOg6YwSa6X42eEbDW/iD8J2UzWsF54iWxhkhYSPLNL5aoiDkbSTknGAoOAPvV6ONzGjTozhVjzUl/y83srKUluk7WaV2112OLCYNzr6SarbWXwttJJNXerW7fR6jY/iVqNjqtzBqVkLvTIrVVQwj9/bqzlsSqoAJAJY5BOAAcqRWheXPg3xNHb3URihuXfcNoW1uo3IwOgG4M3U45KnGeDR8SPBWoeAvFev6Fe7LmW3SCeCaGIgS20sasFdjxuGdrAjIwcc1yq6Ha3lnYXDwNGwYMWiKo8Z/iIZQD8uONwPOT1PHfQqYetQpTw0oypypwcXs1FqPKlola+7fprqcWJo1IV5xqxlCUW1JLR2Ul1vqktHd33OQ8M6Nq9mmuCwvROq69dM1rerlWjIx8shwTuGOeucYx0rE8feILbStS0aDXdO8hI7Oa3eKVEktpDeZiUpMAyx4xkEgHOOcDnc8K6b4phu/ELaDdW2oWVvrLm4s78kSKBGPkSRid2QcZ4OPXLVR+Id9YXzaVpnifSJNOnllSGeCdDJazDhgIrkZOMEFSpCjJxwDjv5o1MJyStJ3tFXSklfz18/L5JHHGFSOLU1eUFytrZNaX13dk9le3V2PI/wBp7wb8GPiF+ybq3ifS9T03T/iv8NNUtIoNOnvo0N7p95LtdbXT92+5ZY8OZFBUck1+E15cNbQatFNLBK/khkj+VWBOGwOcAqwKgHhcH2Nfq9+1F8DUtPAOo+NPA+palBsuUefSVDXUVxAhDOYQCwBi5b59xCcDaMV+Rep21w0OqSXEc4vhHlUljZDIoGckdAQMDjuSBwK/NM3w08LVq+1nOVStKUo3ldcspL3evur7Kdj9GwOIjXpUVCnyRpxcHyqUea6Tu7aN3a1baumuyPv39njRdL17w7Z6jqcpjaS7htp47iFZbCCBLdW37CoDOSAGPRQSflNfGvjvUrzSPGHiRrG8hkit/E17bW8iRgq9usrKBtGcqVAHKnAC8jIr6v8AgRpeq3fw78JX6y3dnEt7JDdW9tC0huEjLOZ5wvBREUKxx93jIPNfJXibQrzXPG3iK2s5ovtM/iKe2s4k4EryXLKp2HOGYcDjjnPOK+OrP6vdzre1pyTk4O6VNbq6e1mrO6Tuump9PTjGpThGjS5JuUU5JOMpXaSkrNdY/i+lmev/AAk1HW9T8U2ejWV3qOhG9WdrW+0uKdZHvGtXzHthDLICMliynC5JyFOPtXwJqfx/+Cf7N/j3x9pvxp03SvBXiTWZfD3iT4fT3Maalr89pqKvDrC2MjGSYxNGqPLFGrKMg9wv0/8A8Er/AIf+BvCXhP4tfHH40aB9on+Bmv6TiK7W1ltf7L1O3W2u5XhmQiTCyEDG455Bxwfh39rf41fAT4m+HtR8LeAfDd/pHi/Tfij4p1PT9XEsiaTd+FNV1Sa6tQ9mGEXmxhwEIG1UAIBzX4g89xHFfFmYcP4fA062S5ZVwixmJaU6c5NTlUp2tyrltFaO997WP0JYDC5Rk2HxtapV/tCtTmoRqRSgm7OKSfNNtaNS5baaO+2P8ZP+CifxK+Ofw01j4K+PNH8OxaHdyaLONb0W3FtfztodmLKxluYIysDyfZ12ySKm9mJY85r86naZLuS4soJ72Jpo0hmjjfzlCkEBsDc3CABMc/jxcu9Ee3vJJg5MEjSmKRWGCVU5PGcLyMjGO2BXYfCzxCvhPxh4R8R6hBDqml6H4isNUvdLnVDDqVrZ3Ec09nMHUho50RoyGznPI4Ir9Ww2BwPDuWYj+xsBBTjGpXhh6KVNVK8YXUU7uKdRqMU7uPVdbfE+1nmWKowxtdqnKcafPNpqEG46O+ijFu7u+21m1jza/q8P2uKXS542e3DFZ45Y2QEH96okC8EcZXIJ4HrXCwzG8kAAaNzMA55w7k5xuIGGyDyCORxwcD9jv+ChX7bP7Ln7WHhvwVB8JvgnY/CXxl4Z0aGz1/VbS3trU6q0aIhgAtIoY2XKk7mUv8xy5Oa/Im2s7eXUIcb1hLoHOBgMBywIGc9T0HcEdK87hTiPN+JMuWKzjKMVkeKjVqUvqmLknOKjP3akZQbThNbPomehmOU4bLKlJYWvSrqcG26coScHzJJScZSjd2T3dr2fU/Qr4UWuoN+yD4qS3crP/wALAthsYgbgLeYlwxHOQeAMEf3jzn5G8BK0esa0XHJcbTj5hIHIOCB1JA6ZxnkYOB9ufC+ezsv2NPEEgYG6HxRijQbh5hgNtKC5QfOY8lQW4Xp0zXxp4LVG1jUTlSZLwsB9Nzrz/d7AAk/hX6dlSXLGKvNylO6lyyV/d1uurd+uqXkj5DO29Of3bJpWaa5Va+z1crt/hZWR8f8AjW5f/hPNfMwAA1aYcH5ic9ccZOT8xI7npxX0J8CCs+uX1vJuBj0S7ZSNoGfKcrxjGAvrkHn0yPFfFttb3njPWH+zszHVpyQOu4EZYtnjB5PJOMYzgV9C/AGCBvEmrjYyOuhXgAAyCFhO1uckkbhlccsCccDPTl8W8dLSzcnezVrXV9E90+r7W1SPLxKpLB83M3bVc2rurO1rq1t0+nTe54nrcF0L6/QSqT9ouGVSeApkYOCOo5BJGe3Uk4r0j4MyzRzeLrGXbJC/hXUZFQHBLiPIbJzkA9QeeTzzk8vrFlt1C7lYqytLNgbTlUMz7QBgYYDLEDgg8cAE9x8IbKJr7xbmCd2t/DN4zlARuRoz178cZ+76gkGt60Iur9pQvraTvaNrLZN82j10to1pd8dCdOUUnG0lrZ+i0vd6u10tttbni3lz3O9ocRGJmUBWKkMkh+6QNwcnI+VuM55wK+v/ANnj4r+N9E0bx3p97qc2raFaaTbyCxv5DILWIONywO7F1J24VfQ/wjaK+Uf7RtFzbupDLK7B0TDLmRuScYOOck98YGcV9B/CmG1l8NfE6dIPM8vQYRvToSWJDHAySMgkEkbugAIrsp1FSpSVGryyfxJuyd12ttskrLbuYVKcXP3oJrmTvJK2rSbWl1fSzvfWyu3r+ofjXx54f+Jf7Oesaj4Xkt7uWys9LtLmx81RfxXaCIyRtBkuykg7Pl5IO48ivnD45Pp2rP8ABMJE6NZroVlqFvKGjEaoImmQhwAQQQGBIDAEEAdfnX9nTWNQt/GPhrRYZpXi1TxbopubSZmEdzEJ13oyE+U6MvZgQCAMY5P6NfGHV9Dh8RtouteG9OvdHtvEz2CIyRLqNlPNDEBKrxKjJEhOYsHaCMrgg44MDKeMr1ITUeaLVnrspX11vfW9+3bd3iqUcLGlKN1GUXJpPb4YvXa+qavbvZHxZ+2vNZw/FWLTfD9nbadZDwlpclwdMkWO2u2+zphsQgR+YMgvtAG4HgdK+L08Q6zYWsdza6reQSRHy0C3DlY8H5sBnJUY5OM+vIwT+wPjz4M/D3WCy6no1/cS/wBktLp1zG7vcwKYA6J57O++HBUqrdGABPTHhK/sS+G/Fuiadc+G/F02nXl5p93evZ30TTZmhkkAhCx7Cu4rjPdux4Fb47K8VOu3R0V+aMY3XKrpq6vra91dpN9GkXgsfhYwVOs/ejFRbet3o721WurbS/FM+C7bx/rtjP8Aarpor8SorSNcKNzMRj7wUEdsFhz26AHWuPFlhrFm9tOrWd1MjbB8skJB+fqcbTnbg7yMDHNei+Kf2ZvGGgiW3W/0zUp2gkmt7O2kCXDxW0jI5YMzbSACWDAYxznv5Z4g+FPjjQNAXxFdacw0hQYmnt5FmMMgBZhJtGVB+6CDtJJbpkDlVHMcKnOUJ8r1vZO2qvqujb0Teur9PQVTBVpRUJQUtJJ6X6XupaW06pa3aaucjqmkXJurOdhviaA4aM7goGcAqOhC9CcZGB6isuXSpJ9qqrEcqzgAqDx2JPOOuOhz3NP0+W882ELPNGjwlXSRmLKcZxzkAdxkjj68TtPd2sM588gBgy9D7bu56gkj5fmPqcV58sSlJqVNOWl7aapR1d76tN6aW9Vro8M5pOMlyJRSVklol9yau3ru/Nnr3wfgntPGekR2kZnlhhnkVYxvaQKhLjC5IIUZyRnByMdK+0dR8XR3WnzWs9hPBLEoQ7kbAAYEkAgZ5HGDzwMYyR8Vfs3alIPixoXnOsjSrOPmbK4ZHUKc8E8llwCM45zmv0y8RWWjXtoyXVjbzFkKExoFYMTnBYBSc87mPQ193wpjY08HiEovllVu7tPZRst7emrbeq1Z8vn+TQxdWk7yU6cEr3uns0uyV1t1tZHz54a8QWVp4q0i5uZjDZxJc5eT5VAYEDk9cEgHGM9cYxXtNx4r0zUIg1te20vlqMYk5cBscDOcAD8DxgkDPBXXgbwtca9o+mxm5s4bu3meYxsH8uTbgbM5A5zxzkcdcLUep/B6W2kH2DWZBA2ShmRlIGcAOVOQfXPUAEDn5fo8FmlJOsmnZyT1uney1u212dro+axOS4lU6fs/fUIWb3dm7ra2itZaba7O5X8fXqz6FeuCVxNZksrZUgTKevJOCcKCdoxxgLXQxSFoIUjXO63gzuA4DIDxwScbecng5HrXmXiLwX4yt7C6gil+32UZhJWOQclJFcYUgsRwMAnGOhHJN9dW8TaZHCmo6Jc7RDFtcW7HCRqBneOpIAwSTkDoDknsjiaU8TOS2cIL4VZcru2tb6t2d1d202R57wmKpUIrlleM5bK1vdWz3vdvV3V1pvY7GaUoUTBx5h3qRuVuQDgMDng42kDGOecmuTTQtF1bxH4ng1PSLC9QQ2flpNCilTtO4q6DhmPVichgfQ1HaeLbKWZDcxTWzmQpslRwq5YEscrldrAEkEqR3PIOjpl5bN4i12WKaEie3tNpLjacBsBQTnOfXkDaTjpXPjFhcQqPNRhUjJtS5oRadnommm766q10vNa9GBxGJoKpZ1YSSvF3asly2Wj5r9W+u3pyOsfBjwLeqXhsJ9MnA5axlG1S3BJDZHGTjGfXPTHlWsfBGezvbNNE11o5ri42QpOroy4A2hpI9hGf7/PJJzg4r6xVYzHJKNrh035QgjIJxnBH0OecdsAVy2sMr6johAKlrkZ4HBPYnPPb+uMGvBxvDmT4nn/2WEJNJ89Lmi0rx1XI1He1l1Pbw3EeaYedOMcRNx00naS6a+9qlte997+R4VYaP+0N4Jumm0HxDqZjswGi+w6pJMOA3zLBO8w+6OOO59BXW2X7Wn7RPhe7sv8AhJbOXWLbTJklP9q6WZDujCkOJY0UEt0LFSOhPv8AQ8VoWE0gBDdMoWGR2OVABBAO45OPpknJ1a08zTbkPEsrNFMzLPEkgx0PLo2Rk89OeO4rwcRwfCEXPDYqtS91ys3fVSjZLVaN73v+LPaw/F+KdSKrQp1E2k7LWz5U9G2ubXsrdLXZs+Hv+ChWjaki2/jT4eWyLLtS5lsXELg8ZIQoCTjOB8pxn617/wCFP2lf2dfFUdur6jJ4auDIdkdyrIods5HnsdrIvUtx0OCMEV8tp8N/C+u6JbtqWgWFy8lsMtDAkcpIzhiyAEHr155A5ArzHxJ8B/BlvbRPYS6hpV1cziKMB/MijYkkgB9zYPIJB4PGfl48L+z86wt50q8a0E+ZJSkpPWO7e6sndXdmrJXPo4Z3l9eyrUXBu/M1dpWtdaPp2aWi6pXP1T8LN4H123mk8P8Aj3RNQE19JIkbX1u8m1zlY9rNuHBGCRgAqQMYJ3dQ8GXsmUitba9jDEmWznRiyqQMkRuSOTxuUZA6HBA/FHw/8HPGN3daiPDHiwWr6ZeGBEeea3MsijPBSVB82Rjjr0616dpt1+1H8PwDpmq6ldqCAjWuoG4VlU4yYpi+Cei4GT8vTIy/r2e0Ferhpzh/NCLbsktraL1tbvudEf7HxC5YVYQbfwzsrtWeqstfOz0a7H6c6p4Wmg+zhbe5iYXCKFniZQzEKdgchRk8gZzkZJ7isTW/BBuY2jn0xDvLeYJIElVhtB6qu8Er6k5A4IG4r8MR/tg/HvwxFFB4y8Kyala2jR75r6wl8xiGPSZAqhiB8p5zkgc817N4V/b+8G36oPF3ha+0m4DhHmtpQyrwUO+F1L4GOmAeNoPJJKfE8aTtXhUpNpXjJTS0a0tZad3r56pjeTYerFqnOnUS0XLJNrRRTfk720e+90kdh4h+E3hq7s5VOnpBKFj3+UWi+YsDld+FycYPAYccEHFZd38D7q309JbHULm2a4iV44pt0sexUIVQV7dM5JPAya9t0X9on4G+O7RoofEGlW1xcIgii1ONbK4SRTkAvIQp9Gx945B7A+82Y8JX+h2lxo+s6de+XE5dY7iK6jb5TwrK23GRwBkY5GSCG9KlxDGvGCw9WCk7KTU18CirK0nZX7LZ29DmXD9COtak2rOyira2Wu1rPVafofAnww029+FPxp+EXjnxiJJNA0LxXbzSS6dHJNNIN4WONYVBJLPkEAZ55PQVi/tj/E4/ED9qj4hfEswyR2UsumrptpIoSRLe0hQRebGQGR2RCSCCAOGwQa+3NOa1u/H/AIEgi0e1ultPFWnSTR3cCm0aPzULTMZAYwq/MSSOcYOM18P/ALV3hiSb9oH4vSW8KRpPepPFDbhTbpH5PBgCgLh+wUc5543EfN5zXxWIxcbOLtT5lJNXlKLSd/JJtRXdpu57OBwOHwmGtTTcOa8k9r6JS1V3tZR2+88Mn1LT/iL4itrXULyHTLa/dbtSZBujmhtyFErkcbnU8NnJBwApArnvGnw5msdXbTrQxXajSvt7NbPuh8vr8wG7JbHOCCecZ5rnrjwxqFrp9pNDBcecjOzBQRIy4bc6kDPyg/KFOSCR0xVHTvEWr6JrTTefNdxS6eLWaK9lZnWAkF1wWJz1VcdMnOBgV8vUUlUkq8Piale13rbVa7b9+p6NNxVnTlsk07rmS9169dNdXr0PPrnQTLCtzLbFAWZBJESG8xG2rsx8wKgcgYweeeCPX/hd8f8A4r/CK7ji8P8AiC61TQ4JEE2jalI9zbOCclVWRmbkZAXJUA471jPdWl5p4+ywsElv2k2AEvGrtuIwQRnIz1Ptkkmmx+FYL24uYbaNxNJtZflzyYy77hxtywySQR1A9sI05RnzUpOm79G1Zu3ROzTa0Ss7aeR2wrpRaqRjUVk2pbO6Xm0+99H1urM/R7wL+0D8DPjrCmleNrFPAXjJmRRqcLpawTSDg5mAjhUSOdzBkZnHU5JruvGnwT1nRtDfVdNht/Ffhi6jMsOoaSPPuVRzuDSRQlnZQu0s4IGcscZwfyAl8NXFqvmTLL8zyKsyxyI3mK20YIwQM4H3h35I6+9fDH9pj4xfBKa2srTVLrVPD6svn6DrOZbSaFjnERm3Fd6jAAYjPtwd3i5K0a8eZ7e1irO6a+Jpq9rXv1bSd0jejSp1bTw0lFSWtOUua3wu6e8b3dt15pXv6prvgaV9St7rRLq4hntoHaSCWMoCyocwOG+4VChfnDEsOm7g+Aa7b6rbXIfVLEyO93Erw3SEbwkgbETMAfLwBtGCB3Dbuf0U8MfG/wCAXx+Kw6qE+HPjq5hSITyOsGnTXB+UbmTbGVZySAT03BiKrfEf9nnX4ba1uLtYNY0SQGW08RaSgnXAAKM4j3cY25bjuRg5orqeIhGVGopcqvFLdNKKV1899VqraWRm6XLNxnRs7q8VomnZXulaSe+93u9j5l8JS6X4lN1YC2Ns1lay3LxjJTcsS7QGY4IUKSDz0wo6VxfioWMtrbG6jTymuIYJ5SvKruK5X1YZz0xkk8Y3V1kWkat4L1S+EMBuo7uGazWQ5LPhSN20gEHHPPvgcc8R4ieG88MWqurxTpqG2ZduCoDkFsNyAScgk8ZwQelcPsnCnzVLuceZyVkr6eWt3bq01q7Xeu0pSTjCMEo+5fppZKysr6WV9W730VldIfANl4gjU6FOsbKz7XbDROQAQpU9CTu2jkknGehrz+C48T+Atb+06dfaho+rWc7NHd6dLJCx8pgVJMbASD5RlZAysMdQfm7DQru90O+b7JcNCkMUkuwkmOUSoMZH3QeM55xz3BrYt7sXU0LahBDKl8LiQ7l3uZCDypK8KT0UsSchgOlefUjRk1UinTqK6Ti72eluielr2eqs7s6aNacXyTtOn1jJapaJpOzvZ2erttY+y/gh/wAFCNYsraHw38atLt/GGk+UsEeuskf9qWiL8qtKCp83Zjc2zDHGOgO36m1/4d/DX44+F38Q/C7WNH1Wa6U3F1oiTxi8jkYBsPbM3mIy5KtgcsMjHG78VrnwhdTPcz2Me5ShkWEDDRoHbcd2RkY5yc4x+XQ+EvEHjb4eXtrrvhPUtU0S+gKhJ7eWSKJ3BBZZIgfKkRjgZZSSrcg5Nb0s4rUEqWKisRTaSTbXPFe7eUZb+69rtpryeuk8FRr2nStTbtdJ+63zK94pXvurx37Pc+sfGnwn1DwfdrF9ju7eYRGExugQxu52Fo5CoDRg54HGG6ZZq++f2J/jloPwt+D3xL8A+KNWg0jxPqepi68PW96oEGow3irbyoGPy+cFU7Suc5b5QMgfKfgP9r3wt450qz8M/HHQIzqjMlvB4tsUUck7Q95GgVs7iS0m7aDuJGQK9e8SfBDw5raaJrPhTUbfxDpVwoltZrKRZXtS7I4kMsbHY8YwwjYZDgkZA+b08HisDWqQqYeaqJ256c/jg3y8ylF7tO7Wlu+x5uMwFaEZQmpQaUXGS1g/hafM9G2lrs9rto/Z2SfxD4N8J6F4zTTZbjSdT8BNp926lZzB/aEIWPAC8K7SBlUk5A6AA1+Yv7aHwe1jRPiF4Z8X6fo0VloWueGrAy3YhMUM19LbxyskseABO275iwOG6jqG+xPiDN4y8IfC/wCHMPhDxhqF9oEg8KWeuaddMuoT3P8ApMKzQrgMYAhVlAIACY7Ak4n/AAUm8ULYfCbwW9qS08V3pz3Cvw0L/Y4sLgcqCCFwMDPOcYB+nzfBYPE4R3hGMcPGnUUotc3M0rW3fK1pLbbXfX4HB4/GYatUpxjJe3lUi4vmik3yX3vGWtnu2km9VY/HXydTsbvaYZPs6JcP5yoUWBtrZO8knggjqPu8bt2aqaFBqA0e2IvGW3jvp7lY2O+EmaRlklZOAr4yMYJORnHGfSvBWvadrGmzyXrxxyyRTefbyj5HiKHLqTjB79xknGcYrOn02ygsYDbxiCyndsmF/MKqZQQQAWCrjJGB0Uc7hk/n9R04S5U24OS2V1e0bJx8tb37vdb/AFmV4n23NCtTcKsUlrbRNRas2tnrvrZdbndfDnRL3RYdZnuQskd5PpD24hIOVkv4m3NgHBPXBJwOcDt/cD8BS0XwX+GqkZz4T0tsf71pCcdDgjOSO/OcYNfxcfCC+hgvbi1wt5b3ktnbqkwMnzRzx4Zck7doVjnGcjJ+XFf2n/BNVX4R/DoDofDGmkZGeDbxEgYznryPvYBJBPXmoycsVWVkpKmktNtY3Wt97Jpv1vc9POIRhluEjC9nWk7PdPli9ttFtvZX6WPU1cKuSeeSFJ4znPGckcYJIBPJ6ZFSGQkAk4wOM4xyD245A6DJJ98HNcKTg9PQY/AnnGR27npz8tPA7emOR37jPYkAkYwcA4JzkntTasknsna9rt8t396SS+/Vs+ZSbt1V9H1a0XZ3d27tX6d7DmkyAvXgA469iBxn5sZBPJGDwvOGEZGOTnr1J9DwMZwDgkfQ+z1Xkgr8p45zxg4BP/fXqueCBk5CZAz1+pAOOvPHQHrg4646DiW76tv3bba2+H5v/htTXmTsk9rX3fZWd7vZ9b3dnfRkRXknk85bghQOw9MHrtzwT6mmsScZ6DnB6fXnqOBxnHB69KnYgAnILHCkAE4zkDnHqckDjgZGRtEZjPBzjdzkHlccfL0PIONvRQRkZFZqS63tfyTtZO/bS9/TzFGT69lo9X0b/C+3ZLrrGcZJPAbOfTI6YPYj0znvjimbcg5yd3HbkAnGeflGT14yMEDGSJmjK7QrBjgqAQRwwHtzntnABIxnJBF6NyvAH3gM/Xuceh6nGSefmq8LrW9uV7Ws7pp+d9Ur206aaaKdrNLt81dX8ur37aaERiAGf4jgZzgE9erEcLnleW4x9UMRAU7eQDwoGOc7iOAeuSBxjnPAar5wQu9TtB5wcZ7YAJHPPzADIyaNpxwu1T2PJx7AEnj2yBnB44rNyb5dE7O+6f8ALfrom1tbd6PWxnGbTSulZ33Xddbq+93bW/3GcYjk4AzxgqThQ3Jyf73Jz9fWnYwCMdBj3zgN97GME9SQOufUCw6DIXK8qeOp5zx1I6d+CCTnsKgIxuxn0bGecZB9BweSRnnqOOVpeO9016W922m6W6V1rda7nUqt0o6NWUdbaK6vrdJrR7uO+re4qDAAABznkkZ44+8Np9D1znjHpKA2BtPJyTz+A9OMDgnkenYQLuzkYwy5BPG4An1yckr2xzgk84qYDGCep7ZAGexwedwXCkbc8cc8mtLdPOz93eL2ezfLq73aWz1Ib1bs7ebv2dk762sle+sdbIXa+OoHYDqcenuT2ANQOoGehJPO44JH8R9yOgGPQY61YVsgEdSDtOCcdBgd/c8ZHYgg1EQfmHsQSx+bk4HrgYPykH2yD1Hdp3W3TztHutXe+n2ruzfWFyttNbLtv5J20tdN9VutdqkhOR3GCSSSCcDpgZAJXOW64BIxjiENvweh4JUZPTgZwT8pAzjPTnNWGjdslm4xnoSM9Mn7ucYC84yOcdMQiNi2CCqgDkDGcDI4HJHHT04xWL/re269Nf8APz16IuLT1V7d79rKzu29d9ru68pV3BcDHqT65x1GevTjHTHJ4xIinBOcYGc9MsTgqMfXgjIPseKjTcwyQF4655OD2PQnoSOep71Or4LZ4yADxjB6E7e+RjsAOuMAVpFN2tsmr+W1389nbTyWhEtFJpN3W/TV91e2r0vulYkWIbjj5mIHHA6jLHsMZPGepJwSM5nVNgITJYe3POMZJxwBt4I9uo5EYqQRg5AHJz0ABOCMfdJGWz7cgYc7fIQOMMfmOAQT8ueeeckAfLz83QmtNflp9/XtovPXfyMNdtPRbW91Pf529fJDwSMY2lhknAOc8EnPoQRj2xwCRl4Zg5Y5wABgnBJ6YKjjOO3bjIGKq/xbgeB/D179s9c8sQQO4wMGpS4CkkbSSBjB4weoz1I9iAMHaeAKE7PR6ppryta/6PfcmUUkvVLtdqzt2VtHqu13rdzAgqWAySxCqBjHJODk5Jx6EnBzknAKKpyckkBThRwMfe+YAkkk4HU+wGBhu4hAVwB9zpgAk556EgcknPP04p4bPJOHJ6DjAAGTnkY+Yc7h16E5I1hJ2+Hpdcyd9XdX/G/fVLV6w1za3d2rP52Wzbu1fS+m9r3Z5N8SbIzW6zYBMkboRjgsAAOQDyASefTdnmvyN/aQsxFNdkbgSGJyBlgQwbPT5SSOB0/hxxX7O+L7JbvS5sjLQkuDjO0MCATwRtJJzyPQ9a/KL9pTRGkeSQDCpmNscYyM8jBPB28nIG3GRjnwcWnTxE5JWUle60Tva6Tt0snbfdn2/Ds+enCDs+V217K1vR2Sa7d3qfyyft16fJFeW0zLsJllTBx9zkbQMZ5ABweO2D3/ACbvwQ5YEclsAk/KpwSGOACM4IJAI9uK/b3/AIKA+G5TaWN2UJw7hgg6kjAPHQDGMjg5HOAa/E/V4PJYELtAlZWY4Ocd8Z9+en04xXiVKs6kmtdHa+6abjqrq346X33R9xUowXLK+jgm47ctlBPrfSWj6q176MyHQPx0+XnqABjpwMZ2nJIz8vrWdLbkEtjJ3ZRwSR9PQjseWwCCc9KkaZlkC5OPmUMDgEgEkHj7vT+7gZ6kc24p42wODlmYLjBB46AngEnvxyOlK9Wi7tNx1+Xwu+j/ACaV793blmlLeyd972urLS99Nm7976dXkeSUBIBYhjwAMfMeRxnBxgZ/EDOaryoThdoEfdgcguMk4/iyMcnGQSTXTvabhuUttKkgDO0A/NjpggDIBP0J71TlsmCjco4G7AHOGwARg47c4J45BOcDso4yErczcW5atuzT7J/O6v5eV+aphXdSjbS+lrq+jXfW1n1vd72Oec5YfINwDEDnIA9MkjAxxkg5JHpVV+5GcnkbjjDMCcAgjBJAwAcjPI5NbUtk6sSNrAAHOR97HzDGckEbeOGDHPIJqm9qyAq65AwykDOCM9cAAAe/QAe2e2nVjdPmvF291K73il7y6317Wskmm7cU6El8Saty3a3tdXs7Xa66vRpW20xmBYZKk7WIAJwoJ/AY78jjBPGeKQAEs2GGAMgHIOMDHPQZAGPu8VotZuRzyuD905wxB44HAHOQeME46fK0wELjYCSvy9uQ3PP6cHBJ5zXoQrQa+PVWd9LK7S8r311v2vocc4cy0XKm7W6rVX32s7J2Xz1M0LgnghcnK5HzNjqOpDDrjqxOD1poQKykfd+9ggZO4dSOnfkAcc8YBrSEeM71TJb7o6k8A544bg45xz3FVZInUliA2ecEEYBBHAGcHI5BJyc84698KiaSva/K9H6dbLdq173vpsnbjq0LJXTfLa2l735brSyvo3re+y8oRtDqCAATuCk7icZK45yMdc5PT5cDkNKqc9doOAckMQRzgZ+VuexA79uJDDnGcnfkjb1BPQkHBC5wRlvYDtTCGVSGwxOc9QQeo5/hJxgDJOAR1zQ9Fvvv+F9V213drPTW5jGFrqzvsm1t8Kvfb13T1s1Z2h2gEnIG0jIO4kj+EYLHqPlJ5yPTB212iSQt8zD5ucbioyDgDrgg8dfbOTV5Y1O4tuDZXdnPBxzg9CMDBGDwc+lAjyp2jDA49M9cMcDoecYPXj73FOMrKNkrX1d7823mraf121hT96zjpay12sl71+t3stet/h1xZbSXaxVVyedzDLEAnjr16YOc5yeT1zpLZuY1BGMhicqVPYfMeSTj8MYJ4FdR5OcsT905wWyRjOM49uVHJAUHJOKQIm/Dp5queCoO4BcYx6sDwQSOAeSOusZ2V1K7to+aytol3dt+u79U4dGM7act7WT2961r2fM4xvZNWd7LR3ORFsyjOCSq8kMB1Iz9T+OBznNX7RnhdHUtkfNuJ5UjBJzkHaAfmBB646ErXWpptvMjCPY28biDwVY5PUnO3jAOR07DNUJtJaIn7vykkdty/wC197Gc4GOMduuFKvKDbeqVt97qy/Vd7vq7tkvCX0ilN2Wra3tHdqz6tvVx2aOz8PaxcQsrM7n7hUr1Ycgg8ZGONvJPA98/Vfw+8YlHiikcsEdDu3fMpOeGUE54+8cYHykcnj4s0/zYpCuSrDuPmHGM8ZwVz3ByBg9wT7F4Tv5IpYD82Qyq2MocEjB3Hp6dCR1J4O70sDmbp1IpSerSej1SUe3RKy/DVnHXwPNHWO62Wq6a3u+rv0T0smz9TfButpeiONpQ4YrsLfeGM5Xtjk4OeuMA46emFBtDjO0hi/Q7cdueT0wAMgZ6YJr4v+HfiZopIEkmHJUAOxXBQgMM59CQDkjPO4hufsPTb2O9tY5kZsMikDA6lfmB6ErnHQDvx3r9BwOMVZQaldNaq7d1o9NdFeWln892/nMTh7XXLy9OZq7T06d7d3ZK1tRLqIldpYldhZcDkEDOCec9T6HOeSea5u3kWC5mjkAETOpVgMnJ6nPueAMsODnHU9dcA7Sg5II2lR8x6ZAI24HBHGDnjB5rmbi281pJUjIZCN3P3lHOQByctkA9CMe9enB023zNJPs7tapxl5Lm5UttOt3p5s4Sino2118k1uvPS3fpe4k6xXC7nUZyxVgclj0AHTPtwcj060y2sYhdRzhFUx7XUlcOG+Xcc4yc+hJGB0wcGJGI3KykIoAw4+YDnjJwcHngY2jg4B4vQf6+MqD80eAWBO4dicDoevTH8zjiuSNPm1d1Gytsr62626b36b7dODs58vy0d7a6pXW/T5mxfxi4tRFKPMilDA5XgowycjGfywBwRjIr488beCLeHUrybTvOs76yuTfWV5at5dzbSA7w6SKVLqG525IIwcdcfYk7kwDqQqMSFxgn1Iz90H07cnnFeH+LLfzdRnOAjFBGMLkYZQDuBIyo49TnvXjSqpzs3rZSjNNqUdno1r6bNa6vS/rTw0ZQUktVZN917qad++vRW02SIfhF+0pFBqVt4G+KN3HZas8q22h+LJGEVvdkrsjttRdtqxyHIAkbAZumCRX3PA0kM1rM7KXlMbxXNu++2uYyqlJUlXcrLjB3AnI461+HHxs0tTaa0shKvbBJ4XiyJY2RmJkVl2shGFO5SoHLY4FfQH7KX7V+reE7LTvCPxEiufE3gwRRR2d+WMmraIrEIXLt+8nt0B3BNxZcAgkYNe5lHF8cDUjgcyblTbSpYiTu4O8bKomtY9ndPpqlr83juGqmJ56+B0nF3lh0uXm1s3Faxu93HbqpXP3K8F+Jru1kgR5CUkAWQH/VyKD95QGyDt4PAwM47A/VOh39jf2awXBWWGYKEl2hzGx4xKhGNg6HAzwCScc/EXgvU9C8T6PZa94S1W31zQZsNHc2sgea03jPlXESkyRkZ+ZWHYg4UCvd/DGqXGluEZ2dHZQN2djoec4J5IHBHOSRkZzj7ibw+NpqrTnGpGolOE4SUlL4XdNX1ejd/hvY+ZjRnhZOE4uE4tKUZLlakkrxs7a72dr+llf3nxh4E8IfEHwJqnw2+KmgweNfhdr0UlreabdQpNdeHppRsTVNFnYPJDLCx8wCJlxgLytfyx/tz/8ABPP4tfsL+MLT4w/BjVtV1/4RTXpvfDPjvRVae78PLLIJP7E8VW0QdXtQp8iT7VG0MibunUf1Y+EfEPlGI/JdWMuEms5gHUqeCozwrAfcGccY6V3+s+ENM1jQdV0630yx8WeCvEFtLbeI/AusQx3NndW80ZS5SOKRWEUpViY5FCFSAMjC5+HzrJoVnKUI+zqWvGa91u7Vk1ayb3s2lfbfX6XK8znCUIVZuVLRO7tbbVP7MlveyUrWabP49Pht8Xbb42eBtV0rwDaaR4V+OcMUmoa34QnuIrPR/HwSE/aNR8Ku4SOHVSR57aYpJmfIjQZxXnPhLwXd6jcSaz41S8n1tbx7U6HcRSJqBvkbbJFeRPhoEhZMFSoAVRg4+99Zf8FA/wDgl94k+Bmrah+0V+y6NY1H4a2l+2rav4a0/wA8+LfhbqSymd3ihh/0ibRoZOYp0GxY8LIxG4D51+Hv7QS/tAaJ/wAI5q19pvgz9oeKxXTtK8VXsUNpovxGtLaPyo7S/JWKLT/E6ACNLpgn2hwdwZ2Br86xOGr4epUjOKjVlbmqNXcrSjZ30a0d0t09GkrSX3WHxNK1ONScp0o2dOMX7klaNk43vdNXabdm21obPiHxLo/ghkV4bDVPFKIGtNNRRJZaMg5V5lGY2kQc7ThtwHc8fuP/AMES7jUfEK/HnxBqE73t3caC8cjyqAiRGxkcwxIAAsSkBQoXaRyMA8fzpxeHNQ0K91CDxSl5H4jhuZLTUYr1G+0LcNJ8ztvy7wHOY5gSjqciv6Vf+CHkNtF4f+OccH3YdKMDNg5LnTbhmXp3A4xu6EdDWWGiozpKClOpKcOeo1aWkotpbqMVotLt9XqLH1qtbDV3JKEFSlyQstLuNna9ns7K78ux+XfjmwtF+KPjKY20Qlm8b6yGZoQwK/bnyoyOo+UZxgk5zyAND4laXaR/CP4lyJYWyv8A2SzLK0MYYMNuWDbd3GOqnB6Fu1bHj21kPxI8UPsMSnxvrLeYy9V+2yEfKRzjoABjjuOlr4qxrb/Cfx/C8m5pdBnmII2kKWQqVUj6euOScV/RmHo8mSYtypxSjl05Rk0o3/cJ32d230bS2d00j+f8TWdXO8IvaSbePgnFN7e1glpfbfSzT67s8l8FIkfw38EutvCrDQrHc4iUO7bMMxJUEljk5J714Z+0uH/4Q2dzIqg2fGAB1mjDKdpUnIJ6DB4J/iNe4+BLsn4eeDopY/lGiWgXnJ+6wG3nAGCQeox6cV4P+0x5c3ge4IXDC2OWI4/16cAEc8DjBPbjLYrxc797hbkWieXUpay1clCDeqtrqmr97PVM9vJI24ng9ZL6/KNntf2jTVndK1lZLS3Q+F9QSCCBJVjDt54jyNwygjQgN0wPmGewyec5I1PCJSXxN4d3xRx7tZ08nK9Q10oU56g4HPJyV6g5zR1BHjtooywJ+0sDgD/nimSwI5OFIxweST0rT8DkP4m8O7uWGt6aPu4wBcJjP024zxznoWr+eMNzOdG7bvUjFpvS/Mvxd9tna3U/dsd7rqWjZ+yk1sna0fndK1t72aa6nrP7SFskvxY8T7kBdZbWPPBYRpY25UMxBGMliADkA5A6mvnOWHe0e2EKoV8kICM7hycjnKjPBzk4z1r6c/aIDH4t+LPLJQfaLRn3DP3rOBcdcZYZ/DgY7fPFySJlUZIMbnhePvBjkZx1PHJGSeecDuxMXHFV09bV5f3tpLe/pp3/AAOTCSU8FhviSWGp3bV2/dhZp6O+z2d/JpI7D4j2yOfCMeGXb4Yt2UBAcgs2AvBPAGT17jPavLGtQo+RWKj7xGAQxJ59/qeR3NewfEeRGn8KKN/yeFLTJXdkkSPgEYBHc88gEZ4Jz5k0KREt+8ZvvDIbClucA56DPfqwwQMZrPFv/aJ7RvGGqsndwiurvb067F4GKWEpJO7UpavdWndd79enS17O59JJCn/DN3hCQp9zxlrUYySdpW0UD/gXOM4wcZ614HqMJFvv3FCnlkgEZK5y2Tjk846ZOOqnFfRcTf8AGOHhhZAuw+NdZYZIzk2i8DGMZJzxwTya+dtXAlCR7XXcqglScEls4JwcjjnjG3uDjGc1eVNKTuoJ+7pvy2ejV7dL3W7fcmirure+ladulm3DfWySd29u2nX0rwNCjfCX4tMyl2YaVtzltoNznJ42kknkfeByRmvnuWBUdflaMALgBevrgbScndjjr6d6+ifAYcfCr4rqjSbSNMDEgDLC5AB6nBPBGBwRk4ya8OYPtYScFkQ8qdwxxk9R3wMFc5PHStqb5eZJ3102dm1C6/DsVWjGSgpL4Va1k9nra+nLZNWte70asrex/s/hR8TbFNrAHRdSYAgncwtpfmYjg9iMle/GevjGq2byarrTj5VTWNRJyccfanDHqD7Z6KeCOTXuP7PjEfE6xLKNo0TUiCcbsfZpcj5j0B6jvjB4rx3U08zVtZRV4fV9S+cn5QPtMmFXII+8Tk8cHkc1c4vlTi/tJWenSLXXe7W2vmzKhTUq9RPVqnBxV1s7d9fu/wAy94FtGk8ZeFQCpUa5YLkAA/69Cctn5sfjjpjNWPiXE8Xjvxeq4yusXWORncZDjHX05AXnjHPFaPw2tx/wnHhKFyqRrr1iTk/fxOgYnOOQCSM4yBxU3xXgiT4ieMXUqVTXLnIDfL/rH2j5TgjPQ8k89aqnUSptNu7mny7+6lGz3dm09W+t79S68EnFNfZXw2TV5RV9LK1rt6XfV3PKLhTFCTJlnZQvykfKWYLg8dCPxDc5JAz7t8cHRbb4YDYVH/CG2+5iBg/LGMLnP3iT7ex4NeJXTgQs3yruZQN3zbhv/IYPpjjk47e4/HwF4vhgpwp/4Qu2OF6HAUHkkAYBOPlyxwASOlpRdWhr1m1db3jC9tU01fyVt3oY001QxEUrxap3fW6abXVWdmk9bXu7anz7uTLAMMKpByvAGeO+4MAMdfX5jxXsN+yH4H+HH2szr4tnADDC4IJ4xxz09gAeua8dSF1ypO0/e6qQRjIOcdTyMYJ9wBmvYL8FPgv4cB+YDxXMQpIAPBxnrk444OMe+K6ZKTUVvaVvdto2r39G2nrq1fzZz01bmuk7xatt7tr3TvbTfy02PH2hKssoiGXJZhgKoBJwOc53cZHDeuOQfVfCyn/hXfxEwBnbZHaANuCQeCCRj0GcjIyPXzNpVZ8uR5agoI1zgEEYwSeEBPbHfIGd1en+G8H4efEFg6gFbPOMr25A5xxnPY9yTUSXu9brXvquXW+66tdVZ9CaSjzqKu77vR/y+9otNm1rre54ztdwFDrygyAMfJjvx1x0xjjPcnHv37OcckfxD2IyoP7B1j58k7l+yu2SehOR6emMnivB0QbEORlUA242liRwO+eMjrtAbr1Fe+fs7RIvxCG8kMug6wDsyTk2rk5Y5HznHQEAjPbI0pNuUFdr3kuZb301vo9el/zdmq0bU6js2+VtrzS6WWj0v566b2+fr4L/AGhqgdt5OoXvQZA/0qTk55A+Y/U4YnJyO8+FUjJ8R/BRVQAPEVoq5TBwGO4H3yARx7A9COFv4ib/AFcqzNnUL7k4AObqUcYIyvPHQeh6Cu3+Fyyp8Q/BOSgkXXrMAYLd3wDjk/UdceuM6qDv8TlZ2V3baSv03d7Jbe63fSwm06bsvs3b1vqk7X9Vbu9kuoz4utLN8VfHZXI367LliQOGVRkA8ZPAyR2xyDivNpkkgYoHi2vIAck5OMdT0AHJJGff7uT6T8VGU/FPxwZWJYa3ISqjIxgfe5GcbRuxnqO4FcDc20TlJI8sTlgqsMDoARkncefRvyNVJKLd07ayTdrPSNt0nzJ33tffS5y8raTurx5evS0W9ErXd+/XTRJH0F8XS7+EPg8r8hfDJxwAR88gzuyMYAxjBwMEDpnw+OKN9+5M7QWXH+z0Y4zgZznjIHPTGPbfiqqnwr8JY/3hC+FwcDbn/WucjIxggn9SegI8YQ7GZACGJCpkEk7tpIP+zk5AxzxuBGBWXOpJpNaPd63WqXTfzWu7NVBxUVJKMU+ur3T69He2tvWyaPTdFIHwT+IZCFCNb0zO1ickSDaduCQRwfx56DPgwRJFJO8SIAXyuB8xzkEKcnHPAOTxX0Dop2/BP4hxhQN+taWS4HORJhRhtxyGAPr97nkV4KYmxuEhDPktuByQAOPfg8kA8HHBNVFx5Xq7t62Wt3yq9+unTdXT6l2Teyu7W3u9V6NffZLsfQf7Omxbz4g5DEt4Lu1b5cFgFkJAAODz2IOCe2c14Nb7Ytxxu3TzqwK848xiMn2OB2GCemTn379n1il948VnjO7wXf4CsRj923Ujpn0Iz1JwSQfn7zREnGwn7RMQe4O9mOec5xu9jnJzmrTTjFXv7zu7f4X+Xpr52OdrlrVG7WSi15e7B9PJO1k977HY/D50X4h+EXYbHTXLLCIBgDzUAOQAN27k57ZJwav/ABcIl+JnjF9pBbUXIJAY9Dx045AJ5HIByORWV8PZd/xB8JbQHkOu2WdoByTKmMYHT7uRj8MmtD4ttu+JPjAkhf8AiZuoODncudvOe4ye2R6kEU9FKK35ld6XSSav1e1tbL9RKKcXK2z5VZWk78vnbe34+h5pPsRGLAltg288AArliMkE+5yOvTPPqvx13trvgw5ZQPBOlEjBwR5CHpyfmAxkjOcHpk15dLLEqyRsSRhB8g/i68E5znJz0ycc16p8c2SXX/CAUOuPBekD5lG0L5EYyeDwc8+3biuil8FTXaUbd73S01fTez6I46sIqpRS7tdHtyP4o6bt+avtd2PKraNWQGMkFnwSEbA2jDYPGW6DnA+bHHWvavFxY/s/eDQGZ0Hiu6MeOBy54GcjjIHUnPKnnNeORRyAqgdFiBzuUbv4MjHXBOOQOMcAYJA9i8X7j8APB0e4PjxTdEhF5ALsRtHG4ZwODjr24opte9e/w2attqte+qut3um9rl14ytS5XytSt11tFXXZLtum9urXhcgf7OSR8xbOGbOBjueRk4xnhcZ5OTX0N+ztM5h+IvCkDwnIc5wSweL+93JPOPp3r56my1sqghXyQ27jAAOD15J7/jyc4r6G/Zs0+K/PxH+0M5WHwfcMqxMVUssiEZx1zznAPXhsqK78lm1mOGcY3tNKz0T23emy7d+618nNVJ4OonN609dL296Dfle1kul3a9rs/QfwfqFqnhfRfNurSMjS7XJeZVKkjGGXccjjGCAcgHGTipPFmt6WNCvI11SyBIjPyyEk4I5U7SSOnPUDrg8BfA/h3QP+Ea0WVtNjLy6NauzSmRsvjngtgbvTAXjGccje8W2emQeHNQFpYWiMscWCIUOCCCCCysWyPvcnOCOhNf1BGeLWW006cbTw1t5NpckVokl1ttpdP1P5uqxwP9qSnz1pSjiZNu0Vqp621k0rpb2aS+R+sf8AwTDvE1D9m3412kM3nxq2qM5iAP37Ccq6cc8HJ9znGQTX4k+KIGh0TxQFfLLqkw2sDyp1KfBwOOgxwDycA4O5v26/4JMWkl98Hvj1p0zjzRBdSpFGgVU3adcnBRQPlLAHCj5uoyBgfhR44uPGunt4rgltNM1Gzk17VoUjg3W10kcGpSiNCXJy/UE498tgZ/JOEMVGhxHxJScZTbnBvljdJ3u29NLvd77666/pHF9BYnJshqqcEop29pJxavCDSvazbS79fJnSQLvvQNox9ii+TaSoPlLzjOeAB09eh4rg/Gijd4WKqyBPFFkG7jBdlxgfxEgE8HsO/GhF4uitL+JNX0jVNKd7OFQ5t5Li1X92Aczp8o+71JwQABzg1g+KNZ0nUE8Mmzvradk8SWRdBJtkVtzZ3IcNheNwbpkD1NfrWIxFKrgZwU1dOPNFrlatKm9eazV7dLaq1mtF+YYPA1KWYQnOnLlftVzxu42aunzbK9rW6tu/c9EmV2lmVABiXI4KkncehGDgcnvk8jriuc1uN11jwWcAf8TSUMvygkbR0yAByT3HO7qMkdUqIxLnawadjkEMFH8IyGPGRz05PrmsfW44xq3g8lRltVcoW3ZBLc45H5ewIz0G+LmlhlZ8zbo9NI3nTers7uz73srLbTycDCUMxcVdaVtJX/let722ul8muy7uOMBpSp2ubg5RsAnLHk8lhnnGOM8DHQ89rkar4s8EoRv8waquBgAf6OSxXHGSDggcDnGOGHSrEYZp7gNlRLwrEk/eILBT2zjoMjjucVzviR5E8X+AW3Bfm1TGP9q2355wTnnrgdOp5JNJxSaVnOik2k9Hypv522001tZHRRnJVJxTmnGM9VfXRdLu1la2trX7XNq78M6LqcRXUNOtrjnbiW3ick7iDu/d7vlIJ6nGMnqa4bSfgF4J1rU9cubKG60G90+6V7a60a4ks5I2kjDM+xX2M4UgjIODg84zXqFs75l3FQTIMEMc4Zjzg5x9cDBI987ngeRl1XxIp2kfaIyxOM8xAcFQMDHHPIwMZbphmOCw848yoQ5mpWfLFO9rXulrpvd66N26dGV47FU6t/bVYxTimuZqy50ndXtp2km9brTV/gx490pdD+IPiu3N+8g0rXrmFru4Xfc3KGRwzyMAcyEZLfLgk5Hdj9L/AA8ggjtPD2prfRXn/El1aRElXaYVMUqkFhg/KDnGcA9+pHzZ8a3C/FPx6EBEbeILwlRkkDz3x+HBB68DntXu/wAMQJ/D+lwgDKaLqWScZAMb42jHBGf9rJyO+a/nyphVLGV2k7wrVFZN2VppXte1r26PXZ6n9DYXEU3hqVKUb3pU27tv3nGCutdektuj3u0v6KP+CWWv+GdH8PeKbrVtQhtjK2lwWyuC5kZ4432qV6Oc5Bblj/snJ+S/2hvF8mh/Gr4satpUoE1p4itdTiU5Cywx3CM0RY4J8xScqT868dOa9r/4J6eDrvXvC+p2VrNHbiCTSZQxC5Zvs0bHkjGRxjBwOe44+Pv2ptOu9O+M3xM0+9uGkZ7iK1aWP7rz7w0ZwCCDtUbsknGeRjFbYPDJuq223Zrma78u9r+dtra33sVjJtRpWTSUk2tNOZwva3TVNq35npnwu8SaNffFXxJ4htUS0t9f8Nm5t7Z12+Tqc0bC8QKSfmctJIjdMNxjOa8S8UKJ9Z0OOPcFbxHdqpJA3AXLPgkZI5PpyOnIIPK+DfE82leKtNZlAvreGO2gbdtivIfI8uUN0USJkj5jknHUnne1y8Caz4YaUFBJrdzMVZlBQMWPHc+3HO3sSTToQaqShPRSmr2VtFKySdtVqndWe99FcyrrmUHHVOyfdL3d7de1093Z2On+JFvt0XU44nCu+qaY+RjGdg5JJXA4559Rk8CsDwVbC+udcW8mRsxurhgMSRpbSKw4+XcOcc4yDjI69b8UGjl0ZjCQUuLnTAXOFbcIlBOd3bO09QDjPWuJ0tX0nRdR1KPOY0uIJHbozyuqoCQORsJAIz9T2661NXi5vT3Yp6tbK/bW/wBqVuXQShJyi1o9E0nsuZJWsl0ur2Vns9mafgaWztNUttHkmfyk07UZrKRywBZxJlAc7RjJ2gYyCccHIs37+TrXhSAfKW03VCxYMANwZl6jLAdBg49Dxzy93bC1vtMOSrSaQWguEJVo5HXccgHuDggYHOAc4rX1O5efWfClrPIonXw1PIpC5Luzqjc5OGKtluMggDkgEaSp3p2tZW0/vP3b2d2rvXVq3lfQ2g5u6T1V1vrLSKd/VWa0tt6nQ+U8XhHSGZ1eGTWrAOmCQ24yOwIAyBxyOBu5OcZMukXNpbWmsXYm8hH8TQCW2AIjdS+FxyFJzxg4PrxWNcvNFpOjaaGaMN4lMaEqSCsEMp5IDDIJwSQoySeMipLGOOXQtdjljAnhutPu4TnkySSndITnjJ54zwM9wDxWjzKz1WybtaTldxk97uPxedtXozZKUNfvUrtqTkr8rez300TaV7ne+C5S/iq/tRAYI2g8TSoWB3fdikQj5VOCAQBnI6EDFXZ9H06+05Xu41ugmuaZqaRkBjm7d0cDOcZMYwMDnpuyTXn/AIJ8RzWHxCu9F1cpE0Om6xKtzjAkN3BHsUkjBJAABGSSOSTuA9St4ABBA6/fbw05ZifmElxOcj2I4z75HIxWjcfZ7c2iTTSTjqr+6reVt7q12XHlm4u6b5Uley1tG8XFLfVpJuKd9Wcv4VaO11S2eMTLDD8SUhWFuREWOTgDgcei88jFfLPxXi1O/wDiD41ubO186CLWrjzGZ9jOM/KpAI4GMEEHHJxgivqZg2l6xcCIMq/8LQttjZym5wOoAJIwfm/u8k+p+V/HF9CPHPjiDUL0WAOqXj3EsSPKXJI2jCHhjuJBHQ4GB3+h4Wqxp4mqk5Jyg9tXe8NL3slpe2ltbPU+Z4ppf7HTTvC0+r0bSjt0srt9t9U9uj+CGhTWXiGe+ujDFFLpVztjDiWQSnJxw7EDDHIxwSV9a6b9sKB5rX4XrEVRmtLpGdoy2QVA4OOcjOMk9TkYrJ+B1pYjX7iW01WfU1l0uRjCYnUggg7X8wttbqVOQSp5yFO3oP2ufEkmn2/w6uLaxjU28M8ZW4QyKzBVBwONpYE5I54AHYjsq4i2ewnLSOjST1a5U21ZPTW91pddWctKDfC8o9NHzXW94vVq6ttfprZX6cb4H8DGb4T+Jrqe8WJLjU9PaNXt3814ml2t5akjg4Izk5BHOciue07wtpX9t20K3N1kSOHzAUCnZjOASMA8qRk55HJ3FPD3jHxNqHw98SW13etFaR3emrBDbRquImmJCKwT+HPTnB64Ga5DS9Tu7HW7a7P2y5ZJnZ1uCVBGwHBA4OeCeCSfc5r2q9VzVbkslzJ83M7r3Ybb2a66Xt9587hpwoqKmotqTi9XZN220u/NLdWatqnV8CeFNPg8WeJtxvSIob9hJINoZXllGVztyB3xwMYbcMivcvgBFbP8TdPhsVu0W3W5aTzCdsihApYn7pBwB0zwD9fC/A3iS91HxF4m89UVUsb8qF+UcSSEA9M4yT14wM4x83rX7OGo3Q+KukwKcLLBeM+4hgwww+9wcADK7ff6ngrVGsvxEZSdpwaVmr/CraNXV5atvV26WOzBzjPMcNKKVvawVu6b0Vmk7+7Za28n0tftqWSy+O/DDtvSJtFcYVAcBZmBKnBzu6nBA2kk54rh/BCaOfhV4xigt3vPJ1GwzBcpIx8zCHcMYwMkcfN/s8iu2/bfu5YPGXhSNWjjkbRJQHHOGMpVd38OSepPrg85A8F8C3Hiy2+G/jWdLj/RhqlmGztZjhVK4QLvc5JGcEfK27AyDyZZNrBU+/u8zW3uzTtbp0aVtdPn3ZpJQzGu+Vyfwtpt292O6t21a+WyaLemtsmuXgsba3YSSEf6NkMMMdp3EsNrdug+8eM49FunL6H4ea7kaEyQ3JcW8Spg7zxyOAcYIGCORnOK8K0yTXL25vke7SNnQsGJwxJ4KhVHylVOSCCTn+9nPQXdl4h1PR9GsLa4vne2lnido4psZck4SThQOeoJLEk9a9WlWdN05qUn7z5Y8zV9LWsrLrdaW72Z4kZKtCcORqEpayWzfMmkl1183v1Z9G/ApRZ+M3YxTc28mJJZSysCcpuUHg44AI6+5yU/bBeWTWPDsY3FJbLzplVDg4IRdy4PQHaARkk4IJ68t8AtL17R/Gxj1NZQk1m4U3E7SPlBxheApKgsMjjDZOABVX9snW7tdf8ADENvOIPP0x97AZUFSAR6hs8Ag+hGVBrhjUVTOXNxatT0i79baP1dr3ennZM96rScOGpQTUrVI6310lF2t52102trobvwu0ab/hDdCvLdMr9svTkxAH5fMDEDPOOuRnGD0A57PV45LTUPB7TjYs7zOhVNitgMHXJAIxn35ySMDnxD4Z+KfF6+CNGjsrjTXhtZr0pBcbo3G8sCxl3bCW4whyAe+Dmu41Xx1qWsX3gq21KwtLD+x4LpZZreUTpNuOfnZQdpJxgEnBO1SccfdYbFUlRhSqSanzR5YtLX4UlK6VuVK/y31PzGrhZqrWmk+V8zjyvVyajfmTV1u3fm1Vt27vofFz6XfXOh2l7YwXETyTPKTEhdwqtlWZADjnpnHbGa8XufBHhTV9O1qW3t57GdLyJLdreQq0SyMAxCkk8BsnnPGMYGa7bXdfiuNS8PtGSu1pkc+WRkurBcBhyCfunIA9c4rB0a7huYtRhm3Yn1iKAyR7kZVDsowBnjLDHyjPPY4rogqVT2kpRg4vmtKyulaOujVtfvT7ozpydOVNU6k0/JNJuXLdNbaPZuOj7LV/Eviywk8JeOrmElrpNOlhubeSfO+fy2DKXDE/KxGTncuRkjgCu20f4i+KvG3jTw9Ffag4WPU7YaXp6ELZ2z4CgLGo2guR8+QR3GDnOz+1B4c0/w18SYbXTppXFz4fsLmRpxlkkljBYc+5AA6gDkE8V5N8Kt0nj3wunmZcavbAFcZXnALEbevOTgYzu6Dn8oxFOm8yqcqTcK8uVtp2i5LZtrZK3bR9dT9Mw1ar9Tp0m5R5qS5rLR3jG+rXTXv57a/YviBvFuha9qsl9pDOXAmW60t5YnKbB85MbqoOMkkgYPoACcuz+IWpWcdmkF9KkkVw8ottVRmG/kyEy8nkngklcYJG0Yr3jxUYRqWr+XvDJp8aOTlgR5ajcA2c5weO56EHNeWXNjpt7JZw3OnwXCtYk5ZNkpzu+YsMA5wd2Rkjk9eft4YH2kKVSnNwvCLiotq9lDqlfffbufFVpwjWnTqRUrStq9bKSTTb0u5PvvvqtKmj/ERY5tTl1HTnkN7NJI13Zt5sSyFcLhASccE9ueMfexe0/xBpdxZXiw6iiTzQqqxXH7ssxkZiNrFTwCQPTrg8muTl8D2TqrabdXOnvJO2EVjJF1GAAGycYPJHy+hHTm7nwz4ljSaWKK11W3jm8skYhlBVvl2sCpJyp6kcnr3GnLi6ajf34qPLd7K9tb6Jtpq7/FbGHscNOVl7jbv1ina2l721TtfXXsfQln5T6jbfKpUWiDzIsEFvLyehPA6kj+9yQK5TX1iGkTSgqEW8tgSSOv2o9AcgtnPA4IwSQSa8httQ13RLhS0OtaZLtLZAe4tyCCW+UhmKn24x09KmvPGOpy2gtZvIuY5LiDfMsbRMNsoYEqxOG5BLZAHOARg1jWqRdKpGpzQcoyV2m1qkk9NW7WdnrfrpprSwb9tTnSkmoyjdXs7OUU+17Xtu+vmfqH8P57a28KwwyyFZJLFWBCna7CBG6fwtg8N7+hNb9rbJP4VSRSG23itgBWVszHIyBzzkH1bjr93D+F8K3fh2LzkUiTSYNm4fc3WyqcMBwT/eBGccj5Tk068bTPD9javKojk1p7cgjduHnNhQATx3IznDfTb+d4qMnVko35XNJtL8d9utr+TP1rBT5adJvR+zV220knyrbl11s4pPbZPRGppkCSeI9OkiJ48RaOD3ZP9IgDBTwDnknjGT25Lf38+Dom/wCFc/DfeASfAfhkqeeB/ZVsMkEjdkjBxg4JwTgY/gZ8L2kk/iSxcgbD4n01Ni8Er9rjPOCMjGAvA5GcfNx/f/4Ktw/w5+HI6lfBHhtCMYIxpVsRx7YA6dQSD6/O55JONCL1acm9LJX5Fe7vo2tb9Hpc9XDrkab05l0V02uW702Vnrpbdsh8nbyVAHUg4/DoQMfgenWnLASowCCBgA8EnOSDnnPJwMn6HnOy1kR821jjqCDz17DnPtkfTrTfKIChlxjJO1c5yT0AII/XGMdCK+dauraq1rLfXu+6W191q9TeUXJ2Umrp6rR303d+r12vbTmWvNkPBgE7QAEGSMcKCeueSc5yBz6YFQmPpgISTjjp90HIY5BHbk8c4yK23jB/hHIwwwTwe49QOoxwTxjgio/s6jGARtJO4g85AySW4xkYxgjkknpUpWfVarfV9HZJKz17O67dHMYzX2tOrad2/d91q9pJLfV3u/NmP5LZBI3Z4AJBGD2I7A5yAQCOT6UeSdxOCecYIGM9CfQ84IwM4z1Ga3Ps5BUheVAySCQMe2CSM9eg3E4HUrG1sCwwvyjJ6HPOdoOSeqkgDOMY54zVK78rLfvrFXb1W2ul9rWezahqm2277+i0vdrbS6vs+ljH8rsobGSvGc9ehJGc/KfYjJprRsOSMZwAc46DByR0PqT+QrZ+zcEKjjcxJAPOCDnsOnAxwfU4pn2XIbC98YIJJI6DjnHIHvg9uKaVmrX3W3rG+nR6PbS243KKd7vm2k3G99le3MkrW6Xbd9tG8QxfxcjJLEtkhvoSF/4EMjr15oETbXAyM/w44B59+RjoOOg57nbNo5GRGxJwfunAzggAFTnpnipP7PlIwIZd2MZ2tzng/wAPQ9zn9apJuzturr52X+X4dCGtrXV1o2021dJ2tqrPVcrumtVppzZgJKseG2qpX+LnkAY6E5+pAxnBNSeQcnqRjC5GCMYG0fiPTnp1II6EaZPgBoJDgHgId3Q98YOePQjnJ7VN/Zc+FPkSDAyAVww+gJycdOR39Ty3faz0vZpNqzt2Wt7u2jXn2qNotaLTlk/i2tGzVusI/wAzdrv4tzk3hbeTxwRu4yCwB6Hvj5sn7ucZPFOETcHHUcqV75I7HnOQePQ7uuD0raVcu2DbyYBOW+VSScAdcYyeD2yexp39lzLyYjhMsxLoqryDyS4GM444C44wMUKM3Zpb205Va3u3e+ju7WV7fcRdPTeV9LaXvb3bJetttPklzZhKgHpgE4I7rkjk8YzjOPT8TE8bDb8pbIPGPX0IwTjGSDnJIGAPlrpvsZChma2XOdpa5twnBONu5xuHXP5Z5JFR1totxlvNOiGc5e/tFxjOf+WnqTjGTg46AAWqclbR7K2+vn8r6ta9ujJ3dkuiVle7dktH3et7bNmC0bMSrDdnAwTnqSMHGcA45xn69AIZImYPuUgHgDqAck98g8844J9a07jUtAhJFzr+gwldx/earaRlePmJzN0A4/l2rj5fiR8LkR2k+JHgeJUd4iX8R6eCroQGUgyk7kI5yBgkjBYEVcaFVtNQk9Y6cktvdV01bV3vqnr2V27jCyV++t73ekdO17Wvaz1110V9kZflAwR8uSMndkYX8SB6DJySeAUMbYO7IwMdPnYckDPHO7v0G0qePmHF33xu+B9iX+2fF34eW7Ju3B/ElhuBX7xJ8wk++AOnTpXE6t+1X+zJosMlzf8Axx+HaqrRrsi8QWc0xLkKgWNX5BbgnHGScjFdH1as48ypVOn/AC7l1tv236pbCbjFL3opvRrmjq7821/ltq0e1mNvlJUgAAEYIPPOeRnA6H3znBBw05I4GQSTlRkDGRgMOg6ZGPvcZAxXzRqH7cn7H+mXl7p978e/BEN3YLE11CNRilI8+NZE8sqxEhCMNxUEgnGc5rlrv/goj+xRZgmb45aA4BORbqZAOoJ+U5II/LBxULB4xpcuHrydo2SpTbaaS00T1et3zdtdYmXtaaXvVKas+W7klq9bK7017bXd2fXoBBC7GJwOeSR0znnBOc44HHfPBk2MSwAIHTGCckHp7A+49gecH4M1P/gqR+w1ps1tAfi418bl0iX7BpFxcKgBCku8fCqMD5iM8nPJ4xNR/wCCtH7D+nF1Tx5r13tLL/ovhu8cNtYhcc/MCAO2Nx75rpjlWYv4MFiNbW/dSu17t07RetrLq+zvYHXw6WtalG1r/vIP+Xtpd3fXZX1afN+hRiJLbt2R/COBgc4Jz2Iyc8HkHFM8s8DaehJA3DPIxye2QScdewwOfzEvv+Cyf7FtohMV543vShwDF4du1B6jgkEkYHfOcDha5Fv+C2v7J0T3YtvCvxAvkiKrE/8AZ7w+dkA4CsDsxzjPqOhPG0chzebusvxTu003CUU72/msrXs+uu+13KxuDTX+00baXXtItrVN7bbJX/zP1naMnIAO7OQT7DKnJ4BBIJ7dTg44aoOSSA4AwDggZI5GMdflB5+8e9fjbqX/AAXK+AFvu/s74S+PL3jKM8yQqe6s25AcYPABGMgYzuxxd1/wXa+GUe77H8BfGEoJ+XfqVuucdz+7xzkHJ79h36YcMZy4prAV7p/air6pXau9Hq9rRer06xLHYFWSxdGT/wAT208mkk010b28j9xdjDDAE4YjBBAIyTx2IHAySB0AJ7NEbk8Ag7ew6knOBg8jHHGSenYivwJX/gu/ask5g/Z+vQGuytkt1q9sri3TduMpZFy+R1HHvmse6/4LpeL7h5F0j4C6TFgMV+06kkuOucKhUNzydnHHBwM1ouGM5vrg5Rd1dc0b30W6e/5K261WbzDBK6+tUtXdpczjb3eyerTtr1666f0HC3cqWAPOFO8AMcY4IHAyOnoAOMk1I1pPwRGxVsAbVY84GcjB4OR7/XkH+bm9/wCC4Hx7cFtN+EPgiFd3yrcFpWGMjoHByAMYzk45Ga5zVP8Agtd+1ZeRwjSPBXw906USnzg1hcviMA4XIJweOnAxx82TneHCGdtprCxXa84qyvHdJu/9Lcwlm+Ahp7eLaX2Yya6bXS2uu261R/TcbGUZ/dycYGdj+5wOD2ycMO/btHJYTfwwzMDgDCM3IPchcH6kYGRk1/LHef8ABY/9ty/eT7Lb+AbJHIK7NLmO0DpgtlewH4Ejsa5C/wD+Cr37fWqExWfirwtp24Mc2+nKm3HIIDIcYHfOc89Dx1R4LzqTSlClBJLV1GtPd20Td77pRfcz/trAqzdVu9r+63bZWV7O3Tr0fe39ZT2Nz2t5tuwH7rAE5wCTjHY49PSm/YLnGBbykZ9+OOnPTIOMgnHB5Y8fyC33/BS39u7UnfzPjBb2agAEW1nAhUpw2CY+g5wMDpjIBGOJv/27/wBt3UyTN8e9ejUsSy2xto1O48kER7uBjHJ7e2NocEZq7ScqGu/xtr4V/K+qSb12TRDzzArWbqNRXVLVXikm+a/a1+ll5n9mcdjdDbugdQC3VkXO3v8AM3yk8jnselPaxm6lUUgkjdPAoJ65IMo4PP1Ga/iavv2rP2uNS3te/Hbx7Lu5YQX8USksxG3KqMcEknOBxjqCeOvvjz+0Vcssl/8AF34gXCgsXRtfuUBzgYPlyqDuyRjHAwfQjojwLjnZvEwvbWPJJpae8ruzaa76220tbkrcQYJSjyxnbu3DW9k7KzclbTyVtFY/uOc20K4lvdNjC5OJNRsgBjqDumzjOeuTyeBg1mza54btyFuPE3hu2YnYFn1mxQFs5xu87JYj5R97BzzX8K7+Ofi1cOy3vj7xzc78uwbxTqirmTcQNouuMhip4yBn/dOTcap40nIku/E3imULIJSJ/EOszHcCTkst2Bg5BHQgDqTW9LgTENXeKS21jTlq21ZX5r2s766u/W5jLiGhB29k91pzpPRpXvZX87tbtau1v7rbnx98OdODfbfiL4JtiuQyzeIbBCpXGQcynkc/XPPTNcxefHn4F6ejJefGL4dW+zIO/wASWHytkjk7znnk8jBX+8K/h3uIb+6nZ7m81qbzgrMZNT1hxnuRvucnI6+mR74pjQYJvMMtjqM5UHLtfXRDNnJBV5G4+92znp2FdEeBKrtzYuoul1RVunVtvTfXXbXvL4moqyjRUlbf2jtq46aLe9rpaJn9sl3+1b+zLYzSW958d/hwjhDMy/8ACRWZBVQeflbHcgKCehOB0rm7z9t/9kSyB+0/H3wHhByINUglORnB+U8g+2cjIGRkV/F2vhbTGuWX7Bc28vkcZZ5twJA2jeTjJ65A/HOaVfC+nLGWXTWlOACGtUHBOf4lGO5OD0xnvjeHAdGS1xlV2fK1yRVnpdp376a21v5mEuJ+XT2MLaLl5nq/dtrbRO1tWmr6WVj+xm5/4KIfsWWuRL8c/D0jL/z75mGc9OCBgZJ6HgZ4FcBf/wDBU79iLTtRvNOm+Jt3ci1ijlN3ZaVPPbT7yCI4ZFJDEZ5HZgQQelfyXL4as1Qn+yoAOM70t1KgYByDjGOh6EDk5xzFL4b0tZFMsGm26svG8xqCB06YAA56jJBPJ7dkOAsJFLmxdVt7u0U7u2u2979Vpp5nO+Kat1bD00rq923q7X6q/ZXemy0Z/VFqv/BXz9izTdbsdOg8Ua3f6Xc6fcXtxrEWkXKx2VxFuCWbQnLSPOAApByOM5xWI3/BZz9i/wCYWt54yumSHzMpoVyoZhj5fmXG4gg4ByAd3OM1/Lfc6Z4fhhZZrrQkUqCqvNCMkkb2AyOgxn1454NPiPhW0UBdQ0TJQbmWdDk8YHHHQdj82euOBf8AqJlMIv2mLq6pe7eKvrHrZ26N26q7erH/AKzYqV1GjTe1rRk7K63WqXTTrdX6H9MVz/wWz/ZbUOdP8IePL9lDMhFlNCXGME5MRwOhB2jjgHOM8def8FwvgrGN1j8GPG9+mWBZrpYThepO6I+hIGOM5yDzX88Eet+F4FBOraQg24BEqj2PsOv0IGfU1YHifweoRJNc0tQxyQJVwR3AGQDg9DgdMHk5Lp8G5DGNpV60pJ7+2tbSNlZRTS2339NEPiPMnpGjTUVov3c7q3K1frrd30er67H7r3X/AAXK0DUNO8SHRPgJrtneRRiDw1d3upJNbvcMfna9hVFZo1B+VAQcEFSQSRBb/wDBcjSItP0+G5/Z+1e81lLeJNQnGrxJaTXYXErwR+VmOJmJ2qTkcgE8V+GcXiXwq9nMINY00wRTHcquihT6kKeBnAz3zkd8c5J448GQicyeINKUh2ALzIG3KSDhSV4UkgAZxz7A7rhHh2mkp1pJycZJ+3a2S0XZPS+vayVzmfEGbSfu0477exbs7QutU1ba1/RO1z90NQ/4Lj6yLiEad+zrBHGxIdrrV43KnqoOVHUZGMrz6DOOZvP+C4PxOM0i2XwM8L28QJMSzzNKwAOFyUYjoMY46Yzg1+KGn+PvBd1cwtJr1i1vBJmUKVfgDqBnlfdhwOR0zWlqXxQ+HduJHXWIJs5C7LYsVAHAUjjB9+Tj+DHO3+rnDVNR/ewsrfFXvpous+jVtNNHvZCWf51KNuS+qs1Rdklra9rJ32tfZb3Z+supf8Fu/wBoxpCmn/CzwJaLJJiIyWE8hVMEFiBIM7e7An1z2rjdR/4LO/tjXIc2Phv4faYvJBTRLhiBgYILSN3bnPPXJyRn8lNU+MPgVrrTjDezSJHMzTrHaPwpGSOhJ3fKAc54GRkCop/jj8OhvymoS7WbpauFI7EDHGAeMDrjIYAEVDJOFOWX8G6smufm6Ru1q3Z7aLq9dDnqZ3nsUm243SvaMVa1tbW0bSs76K63P0v1f/grz+3lexSGy1zwrpY2s2+20R1ZVxjchbOcYBxz0JwRuzwif8FNP+ChWpWyv/wuGK1jn82Qvb6ZEpVSWAXc0ZwFzwOn0r87tQ+PPgaS3uY4dK1N2MLhH8to1DOuASOWXJyh4XHvzmG0+Pvhy3tNPih8MancGKLbIpIVHLE/MMggA5wB9AQaJ5dwxTnTj+5eifw3Vvd3TtZd7p7K/S5RzHO6sG3Opq1a0tk1Ha9tbq71totz7ruP2+f2/tQWR5f2gtcgTLHdax20ecjnOYc9AMdDxj1B5G8/bA/bf1Ibrv8AaP8AGu13/wCWd1AmSeMDEY2jPXOCMcE4FfGd78eLOIxSReDr8QPIz4LhR3IBGzlcHGM4PbJrC1n9omO0tJpF8GyoqorRySzhQzdQAmwFj0yOTgdD1q/q/C1JOThRtv7tK7uraJKO700Tte1kaQxeezbjF1m0m23JWSsr7N2du9novn9gy/tDftdakzrcftE+PZDgFs6qyZOSc5QqME+gwDwOozyzfEv9pRWv9R/4Xj8QD/aEpkv7iLXrmMXZiUf6zDghlI6ZGccYzmvmW1/aWaaO1MXg62jkaJUkErEgl+jY25Gcgnj+YqVP2idXjt57dfDGmkGWRUWQOoUucFEBTBPzDONw65AGKpS4WhG8Wle126dk7cr1XI9G91/d100OadfiGaSjKTTu/wCI3ZXjayi13aV720tY9mufH/xt1IRz33xV8fXKvKwDSeJtRUsSOm1bhcDjkcjGc88V5n400rxVqek6hqviLxL4l1gQIESO71zUr7cJHIwyS3LLtySSCCoPqBXMj42eKZfLhh8J6YjSSMYkEcsgLMo4VVQYYYxnv054NY2sfFP4gHTGtr3w4LbTL+byZ54rC4ijXbhvL+0unlKy8kbuTycHnOH17hynJ06ShOrUajCKjDWd4u6Wmt7bfla1Oln8oxnVnUjCFpTlzyceSNnJN6q39O3X6V8JeCtCttCsIJLO6+aygkaZpXMrNMglfcSxbbuJAwdoAxwtdZHpWl6dIsEFmkqxoxAnbeqllPJWZmUnjPIPQdO/x/Y/E/WNQFvbRajra+UFidIUIVFRfLSNXCgYQKAeOOoBK1oS6z4ilu0cJrF3vMYEb3TESKxGA4QA56gYPJGG2nmvYo4n2kUqeCk+VwV3C11aPk7dtvuvr4lSFOM5TniY3k5Slyy0XVpNvS2z0v6XsfS11pelXdy4vDp9vsPCKtugB2YDMAp3EjHQAYHy8YNfKn7RlrYWuk+FrXRpLGR5dcUt9iPludhU4kMZBK7sj5hk4PqRXZD/AISVrpnTw/GmQAzXEs3HygkFS/HHPzfNySCCAK8e+M91rFtp3hNL220+1WfVjJAbUZcMp2ne+4k9AcdDgcD5c8OaurLB4hSwzpxduZtbJyi01orXbto100sduUYnDyx2HisTGpJylypSu5O3SPN1XV9dbdD6j+HVhaL8LL2O7tVd76eO1uJXHzb/ADUdHPGeBgehII5OcfCvxfsxFc66ImiCQ30kSgKudoVtuAD1CgA+nJ5zz+gHgeKVvhdbnzI8Pq9pu4Gf3kSyHB44ABAI9h83Svgj40JFDN4iDnDHVbjYQOSq7skHPrnjrkE5wK+YyRwU8XBRaSi2mrJtrlaUpO+ju3a7fdH1XEnP9Vwzi378le+lopLbzuna+7d9jwjwz5UsdjDcjzY5JwhVScsHyoUJjqc42jJJ64zXTQ6fDofjzS7V4JoYYby2MKOmMLKVZicYJG4AZOfQAduC8Oan9gmsJoLfzJYb2GSMSj5WYsuAS2V4wOBgMMD6ei694lvNR8XR3t/9lt5LSSwMaxLmQbyq4HQk5LH5cnOBnAIrsx1GUlhq0EkouPKkk2n7mjleLV9dNdL6nzeCrQUqtKXNOo0m7JydrJPXTe21n5XP1f8AhlfTy/Bf4hSW4l/d6pp0YMaszEvdQfIDluB0zlhuGTk5r6IsLzU7GKD7Q8enQtbQlpbtvmKiFCCu4ljkg4wOc8HsfHPg9ZNZ/sxeLdQupoNMj1PxRpaR6peTRQR+ULmF5JCJ2HyRqG3bT0HBx8pl8b/tF/BbwprdzY6LDrXxd8WxpbCCy0aGa40yCUQhdguo1a3K785UjkDIOeD8pi8XGGKxq5XKcqy5VGLavyQu76tq6a2V3s9Lr6XCYFzoYRyapwhSSafe97a2s7tbbb3tqa/xS8X3MHhO6n0uwudYeLUrCOG8vFNvpiXBuUCfMxAmBYgkIVJBAJ5zTfGHiLTtNs4NU+L/AMTLXSrN7eOdfDmjXKaXCIPIQ+TNiQ3ErgDG1W5BzjJwPk34o+I/2lPi34YmebStN+FHgqHULWWGzVVfV5g86iGWVAAiEDDghQVIAAGSB7J4L/ZD8AMY9a+IGqat8QNantreWW51q8mmtPNaNWIit2bYIxnaAq4+U47ms8PgcRiarqeymoyhFJ1HyRu7Pazk11euuvSx0vEUMNBQjOLfO1olLZL7Tdlpra7bd7bM85uf2qdLE7aH+z18J5vEF2J/KGvXVhM8JlL8StPcK0+wttYyJKAcFuASa4PTPhd+0B8ade8XXPjHxTJ4Ysbi+tRrGm6RK8ROR8kKsjeYpQEg5YKO5yK/RjRvDng7wlYJa6Np2k6DYQlFLxpb2mwDOS0pTftUAbstk46ZPPgGl/HLwD4G1jx/HcXEmuapNrzm0sNHUzieONQQ7XKgxxR4BBdiVUljtxzXoUMupYSUZ4iqrSesIe4ulk225SeltHrsl1M5YmriIyjSi7rlV370uZ2V76paXe2nXcf8PP2Rvh74HWO5TTI9W1VZFeXVNWU3dxLKSDkGQsQvfn7pA7nNXtcXQfDHxKnk16+0zSLKx8NwMjXEsVpbRJufcpRcH5gMhQOSMHmvn74l/tnahKk1oms2PgyxLbUstKRdU12VBkBGlhPlxyEYAJUkN16E18x6da/Er43+OJG8HeFdZ1B7iwL/ANv+N5pI42iBDG4igcpFKgGGii2HkYVSAK6frlGnKnSwVC85VY2cYt3atrdat9Fqld/fj9Tkueriq3JTUOV3krWaim73S0tqlofcvjz9rzwzo6S2PgrT5/FFxbJGn2+TGn6FAUGA5uLhQsqIQQWTIYcAYr87fi/8fviB8TM6T/wkouvN1KHGi6BbSLpWnyM5EJuNRG6KVt3HBHPPGK+z/CH7Cc2oSxaj8UvF93rB/ds2iaOGs7ABgC0TpEyxuqsCDx8y4Izjjrv2hPhH4C+Gvwo0yy8JeG7HRxN4l0uJ2ghUTzGGUANJMVMrElckb9oyflxjPt4XL81xVWEqtV0aXtKbsn765pRu9L8rS2d3ZvbQ8TMMflOEwuIdKCqzjSqN80VyStFWUnLdXSulHVX1sz8r5/hb8R9SKm81WKINhpD9olYhmG4Anfwc9B1GemTXJRfBnxZda7qenR69bLJaQwTTzSyTEFJnA2D96MhTjA+Y4IPrX3M1ltZY2jKrIfMyCeAMY56AYGMY9ACDkHjNE05Lrxx4riH7tfsdpg7lDHLjI5BYYBzwAeOCTX6lV4HwShRcq2MnOpNczniZttcnMtrW9Hq+z1P58w3ifjJTxkY4bAUYUaUpR9nhqacWqkIq+jv7r1i/W2h85j9nnxDLGv2jxTp+wnHCTuVJ5Az5uMcAZAxkcccCWP8AZ4nChJPGKJICoOyGTOM4AG9zg5I4AOB+NfY0egqFMTzuSrgDZghtxzncV64JwenzH2xlXOkRW17Cu1izEk/dIfDHg7QAAB90456kk1pLgjLFC9SlVcVZXdao3qo9n5K2l/TpNPxRx9SUVCVCL91e7QpRabastFu33XkfJHhv4EW+p/bJb3xTPD9jvJbNVjgLeaqc+YcjAYnPB9AMjNdmf2cvDrFGk8W6kWCg4EQDY4ORuXIB6j0AHQZz9D/DjQLfUdO1lyXWVdbudm0AONpII6A5xyAfm7YJr1BPCNjkBopZTtViSBlmyF3d8FSMYxgEjv05sJwnkyo051MPGTfNG86lWz1sr/vOlrW0/C562M45zv61KNPEWguTl5adKy5oQer5G15/ctNX8UXn7PPhO2tLy5Ot6zMYLS4nWMbdjNFGzRt90HBIXOSpx/DuJqHw58D/AANqGl6bqN/eaq9xcwkyJGyBTtO0HaI+4BJIxkYJGSK+xNe8MWceh67KsEhKaZes68jaBbvzk56EnkEDGRnHI534f+HrG78KeHJWgO6S0Y43KMBW2nORuJJHHp2zTXDWS/X6dN4OlJPDudnzOLkpwim7vezd7bd76hLjDPZZdOq8XUjP6zTgrcifK6bbSajbdrpvtrt85f8ACi/hvDOJY/7XYKT+7aY7TyAwKrjIyOo5wW4x1ra38Jvh/Z6Tq00GmXbyxWzSRPJcEqkgOAxXOCAOoPB46jmvtOHw3pySFPsig53EjDkc4zhuh65U+oIJOawviPodla+BPEkq2cSsNMYo21d5beBjgZJwM9xz3PW8Vw3k8MPXlHBYVTjSnJP2aumkne/rfXe2upxYPi7Oq+Kw1OePxLhKtTUoykuW3NFNNpfDZNNX37Hz94a+DPgG40XRriTwq11LPYwyzu00hEkjqCxGCAwJ6jgdhxyOsT4PeEYjH5HgK3ILEDzHkYsBzwM4wSDwO3PTBH1F8NtLhbwV4Pk8mNpG0O0JUqhJJjGSSfYkk7gPqcgeop4fgEaPtH3d5VBwp7qGGewycfKO3Q5MPl2U0sPh28DhrulTu/YQ092O7cbvdvfVXTeplj+IM1+tV4xx+JvGtOy9rPlS51yq1+i2TW1lba/wV4m+F3h6x8Najdr4L0+08p7MJM0b7kLSoDlt2McjqCSGyRk1Xg8GaVGxe38K6S6tHERmBSS2wErgjr3wcfezknlvrX42aStr8M9Zu0UqqT2WMkZ/18eSAcn8AOnfBrwe18Q7I1j2RrhIVBKYzmNQCD6HHQYwevSurA5VgsZisRGnhcPGKhTcHGlDrpzWd7dNr+t9vOzTijMsDg8JVni603OpUjKU6k9UlTajfmV0umumz7nIQeHIkkkZPC+mRlVICG1iBXac5HyHOcnqwwQcZJxTZdHuLfXfDTf2RpsDP9rWKFLeL9+SF4bEYUHdwA2SD1OSc98niC43LI21VdGwwjBOCB03dQOuTyVOB0GMi51d7jxV4RQEAeZchiV5ycHJz0OSCTxg4Oelenishw1DDxbp01L2tJW5Ipq9SFn8KVknum1fS2jPMy/jPMMTiXTdSUl9XxE+VTnJtwot6Xei0aVu293poRW+rsJYV06wi+Ugu0FvjcMsvRMDJ6ZAPqOKzzBq7NKps4UMIYlxBGGce3yDJOCVUDOSN3BwvrTyBDICV8t8hXC5wdxAJP8A46xxjAYnPWuHvL4R3ckTMgErlA4X7u3LFjg/IMdeRk8D0HV/ZOGhGLdrLvFLonppu20tOjTWh4seLMdUq2jKpe9mlOb5bWtdN333e1k0uxyNpbajqPjq0s4YY/tA0Pf5bRogCktucttI3DqBjI64IPHow8JeJWQ7VQqrZOSnOOB8oHPrxnOSOTyee0G9Fp8TbOVVEwm8NvGrHDHcM4IAIbPJySDxyMbVA93Ov26xIkg+cAg4UqTx65I47j68EgY86jhcNGVaNk/381blje0eRbtPTzV1016+/js3zK2EkpuzwlKbjrdy9W9E2tX5Pc8vi8OeJS5jjliiUbWOzgDIAYcnuByevfPBNecaLpOsN478ZWqTLJNbx25k3OdvbGFBB+Ubjk4wODgdPpwa9bHAij+Y7FbMW5uT1JLDdnjODx0POK8X8NyCf4pePzCqgtDaMSQcbsqDkjBOCQcY4JOT1BnEqhTr4Cy2rbppqSdN26dr3fR7aNGuAxWOr4TNJSm+ZYZNNOT5X7SnazfaLadtrdU2aMPhfXZoUdpo8/NuO+TKhexJbHPHHJ/Om/8ACL6nI7NJcqojfJKlwBwDj5m9CepPByec17PGqC3iJjBZgFOBgkvkg4BO4+/boTiqVzblAwdQql84C8kbc4ZjyB0zgnPcjB3eo3hnGSVr2bV7b+69N0ru7td7bo+bjHMHODVSo/ejzNdbuLs9NPz762PnT4d+FbvVJ/E7rfCEwa88bnlt5CY6O/J5Xk85zzgKD62nw6d5CZtTuBIBgBFUknA4xg4yCO/cEHOK4T4Yal9muvGKrCzqfEshPJ4wuCVxnGMcE/dGM9CK9lt9d3yyj7Pn5CQ+7L5AOD6n7xIXqT0zxXFl8afsI6R0ct7qyvdvdPZt9ex6+bVcR9dfNUn8FLTWyahT2fvO11Z3XrocPqPgC3tPJlk1K+PmSxxo2VG0EgFWGD1OQpPAPHOeeP8AC/hWxntdTllubstFq9yhQSBN4SRlDYwMt2J4JBwMr81epa9qrT2tqUtwoS6ViSTljx/ADkgDIIz0buenCeCZZr+2v0SP97HrF67HOAymR2GFycjjnIHU/wB7lT9n9bo6RSUJOHW91Dma82ulnpfyNaTrf2biYqU5SdWgk1dPd7d7J9r7a9DRXwjpjzfP9q5OSTK20gDI+ZmPHGGPXn5lzgVy3jPw/pln4f12aOJkePT5CMSN12H5gQcnPpg8nqCVx7BaQG6uHSRkhaNEfBOQ5IAwVBZiOOg25J7bueV+Jliy+HPEIbygo0mdwB8p4UkDAHQcA46YJHPNXXeG9lNOMZXjJc2z+Hd3Ssk9NVrprbR3l1PFOth7Tkv3sI2atd3jfdvTS2l/R3PIvh14dsNR8M6TJKJnf7OzuBKVGAxZQOcEdzj39TXpFp4J0W4u4o9tyXnZTt81/lYEZBLE9cnIyD0PHBbzX4b3j6f4e0t1Q3EIsWLKrYbIb7zDG4dRyM8dOea9W8La5Jda3pQewlAaV0EQG95FJbDKVBwR07Fc8nPFGCnhJUqPNFapaWvs6a5tNOW3R9b6aaYZxSx0cTiJQnyqM5N3bSsuV6PXTS6T677XNDX/AIbaNZeH9funtp5JbfS55kDTNtXEeQc5AJXnIx0zgHORwHhXwRod/oGhXk9kxS5sIzNJJI4UsQeByRyOMdQPmOeTX0l4wvp4/DXiOM6VK8R0a6R5GBG0NG+0sc8DB69RnOSTivm+w8Ziw8CaZo9lp7NqkmjIIJpDmO3yCpfJPUDkALnHToM3VWEjjo81KLSoNLT3XPmi97Nappa6aq7et+fL3jMRlbUK755YyKc22rLldk2rK0lor9bWWlzzrx9p3hrSdSs9L020jdppYmuGhdnCEMTtZt+NxzjjBGWzwCRLo3h7SdROsfa9OgP7yOON5lDlFRC2e+CeoyVIznIrj7e1vJ72B7uUNIblpppZAWJIcuSWYnAUAYHHOOBXW2fiLRdN+2G91awjkubrb5Uk8aSAKNuSpKkAkE8j7oPc7qXLgKk1OvSpQipfDJxSSaS5VddHbVbp+R9LRoYujRiqdStVbir8vM/iSXLdapXafe11011ovDeiyGOSOztNyfumTylCtsJBY5HBP5Y6DBFUL7Q9Ph8ydbO1QKhRgIVUZJPKZGBwMZ5988iopPH/AIHsoRC/iTSUkDtvBuYgVAyOfm4IJ9MHAya4zUPib4LlglQeKdLlG5m8tblN5UEltq79xYAcckHBrvrYrI6dPl9rhE1BXXPDR2itr66aWtbROy0OSOAzmrUg1RxLblGTfJPlTstFfy3W2qdu/d+EtMifTrhTHEYxPMVEcSsd2SMcKw28BcDGAc1U8W2s8WlNJaRGO5laO3ZlRV/dgjKngHnAz0wF46cr4A8S+GptMkltde00pJOxDTXcallz0ALEA+2N20Hg9a6nXtf8PzR7I9S0+UkqwVZ08osgy3zBgdxwOF27Tnt11p1ctq4SHs61H3oqKtKD3lHVWdtLdFf5nNVweOp5jKVSnXXLLk+GV7vl1Ttrs0uvn1PBINBS11crLE4hnVZZgY1bc/BXd8jZGeucd+cg1Y0PRrWbxTrMc1ti0jeB4wQMZOCRgAHHPA455wQc127694bSKSafVNM3lguw3Me7O7GA3JXGRjP+0Dnt5vp3jnRYvFWsQLf20scv2cIVuE2t0BVCDjovJBGATjjBrkhHK6WIw6lUo25+dqMotJJJKLs7u7d/K+rtoenKhmVWjiFGGIi3Tbg+WXTl5Yvve91bZuy12+gNK8I6W8TsYlKuwGGVCqliScHGMdcZyeDnuTyni3w/aJLpyR20LRC48ncETdsJBwMDG7B46gkYHtNB4/0O1jYNf20IUKTvnQ7cgErtXgZVhngEAcGuV1n4m+F7u4ggtp0vZraTzXjgYPGVHXc4xhiflXGCeR659rijEZRHIq/s6uHVX2N4rnipbJ+6rt3ur6ry1Ph+H8BnceJaHPSxLpxrP2kmqjhy2TV2rrlvppv1RzPxA0C1Nrb39n5SLEoRoyoUKFYqCcY+YEE56g45Jwa8PsdNlkuzdOVeKJ3Ck427hnocdR0OOmAQOle2a1qF/wCLYfstpbCztPMLtuIVmQYbB7kktx1JAHTvz15pNhZ6N5FnkzrKPMJVt2cfMQRwVzkemBtOelfiWCzbBQoqnKqvaKTSauve93dWd9d9rLpe5+sZll+N+tucKVSKdNTVk9vdeqtZtu92+j7GCkQjuIgGJLhWZQoC9B0x1Az1OSfuk4GBdWQIUWPDFmIYsvIOcDqCB7AZB4xk5qlKqiaJg8auu1T+8BAAUZZ1ycEKMk8dMgLlqU6jaRSRRSzW6oQztL5q4JDAgE5JOeAPUnoD0urjoQqNpppLfa+qev8AL2v+XTi/svG10nyV/elGz5ZaWknrfTffRW9Ds7TWYdP0wxyMjE3G18qFZCCGBBxk5AGewzjHUVZF5BF5s5ZE86Ey75tqqMnkAcdeTjB5/vdD4ffeJ7N47+NA9xJFc+ZGsKPsYjPRvu4xgsQRyRx0rj/EPxEku7RrcWt3aiNUhNxMxWPcCu5EP8QG04Knn7uD1PnwzPDcymq8efm0Sbu7csbSa1tfVq212uh7a4WzKutaU3BqPs3re6ULucrO2r1VvTTRfTFzrcAFukDKXlXACDkYyTg9y3YE5yDgjmuhPlR2kbzYDSwgyljuY78Lx0HXHVvmwRjivl/w9440m3k0/wC2XUcMkDLtVjuEo2jcXY5wMnBPTgnAySOs1/4m6RKVisroSygDzAG2xqAwO1TkrjHCqG+97kA8OYZo5TjClVtFcsk05JvSKdr2btslb52R2YDhmrh1zV6KlNS0TvpdpX1V3bW2i0a12PTJ7hVvo7ZTdtBMMLDCXy7L8uQA3v14J4OQa988MfDO/wBYjtbhdAMdt5cbfaL2TZuZgDvdXOSAR69M5HQ18V3XxRGlSW8yssNxsWWH5fNG0gAuSASueo4Bzk85BOjN+0n4iNqsCa5qTABQY0kMSAKMDAGAQoHUHggHpwPnMZPMqk4rD4mFON1702246RfRp6drJban1mX5Pgo05SxGC9rOKTSSSVrpJXaS0fRXvdo+o/iV4O0zwyLT99Zmd5WF1FblXdXXcBgjOFPvgHuCOvlcNpbAS7o3Z5T+7KgHKkjAxjPTBzg8gZJPNeDX3xbudUJN5O82BuxLLI8jBjuyWI4B45yBntnArq/CXxAur2/t0t7dXC7FaWbPlxArnBfBBUjnjBBzyMBR10sU8NhZfWcUpzsueST967inZXdrXsvK+vbgeU18bj1HDYT2VNNRjG3wp21aSW3drXU9rstGNmPNMUkJYowZv4VDKchcdcd14JxkkV82/GXxBreneN5fs006JDa2xRyCN0bjliOCylcjIOODnoRXu+s+PRbhZHuLVp4oWSGKNcozqAcsSQAARx/Pqa898X6fpHi+C21+9v1S7udNK+aCqxrNbhR9nYngjLFWzjoMMRnHLSzmni6tOlQqSUk3FNXWia0VvN2aa69j6LCcMVcvjWq4qMJ03G6ja+1tdNb3ak/XzOV8GeLbPVJZ4JIVM4sSkkQztaUrgOCOGycnHJ/E1opp9rLNpjSqAby5kWRHUEbFJ2lQQwGOwXOTzkDivCI4JtJ1sTaberNKCCqxkBXUZGzBOGIAxg9hyAenvmhzPqcGgzzMBLFK3nJGu50bJJLbem49uw5OMmvp8NjeaPsqyXPF632avHRPurW9Gr2fuv5fM8EqNZV8Nflle8EmpR+F9o2snpzW3emrOO1/wvZXVreyGCMxQXjwRkLszyMkkEBiBgfdAOSQCea8x1rwrc2ka3GnXEkSxq3mxq5AAAB4yWEm0HI289yRzXrvim/Fnp15DGGYf2w7liDtGGB2kA9M8cYPqTyTg/bo9SggTcEYRMGAAQM5xgdx0GCW44HTOK9KlTp4pOO8o8qd9NLR1T0vay+T1MI47EYeUJqUm20nBrfVLTV332Vu9l18otZtbsVt5JGmQKyussHDuqkZ8xOpXGfqew/i9T0j4iXFnLYSSRrdpbSo21sLMMnLAxnHI4JBI4wACCSehu/sC2mnB7aNT9p+zGcIu0R7Ru3EAFjzwBjnr8xw3G+I/Cts11JDa24Vgkk8MyuysQVDKCqsBkHJGMe5H8WdfA1KFKTp1L3ae1mvhaummru27SSe3l2RzPA4ua9rTUZqy57WenLpJPq33t73VHq48YW3iK9F3JKkdxLLHuikIAjQcKi5Xt065HGM5OH6tomiapPK13As4jgcsSoJyRwUYLncDg5zzwMd6+cIz4g0mRZHVbuJRtTzCVk3xc/eAz0yT1POd1drYfEVWt4bW/sJrOaRvL+0AllJORkgAEjGTjIwepGGrBYpUnGnWp2UldOSaUrJKOnSN7O6bWum7R1xwEKsfaUaqlH3WlF2tbldneTd7+9fXqt2rfQ/wC1TX/h54x1J/DOp3OmJfaYQ8xTzAbdSxSNoyDlecjnJ6k19y6t48+Kep6BbTQ+J7VI9RVbV4pbFkWYsQNzliVQOAedoK5BJDV8E/CTUpNY8YLHbWc2og6cY4xbqRvKg7WY54UZw2fXkcV9qXcmvXGjaVNa+Dr94rS8igm2O7WrTBgvysAFViBtHTd93sQM6lWFOlVcJJpxfK4rVNWT5dbpW101316GdalD21GE5JzjGMW5cvM9YJO7acrq6Vt2k9zxzx3rPi3RfE1nfCWzu762lskWO3wkaPCY513BSCCZBggMC3APXdXtngX4m+OPir4ovo18JW/irxRcaG1pFpHmgtbrbKVEsCSEsGVFVgodQX4GSTWV4a+H2kfEz4x+HvDXiO7bwzBrmvWOl3l1IrGPTVuFjjZzkhAyFvlLHOTnmvsz9oL9kN/2LNX0Dx14L8a2viDTNYvYdP02e8DwX84IWWZ454pPnhkUMgOSDkAkDg/x14mcW5Ng+JKeRU4wjxXmFHETySWIw9V4WpOM/4M8VTjyQ53DWHMm7JrdH9Y8A5JmNXI4ZlUrv+wKcoU8wpUakfbwiowbrQou/wppptO+um5+cPxAks7N5NI8T2WqaDrVp50l9ps8bxtb3AYohQlQXjwQo2MwIyQfXf+H/AIl8BaX4ctbS6lkW9g1iC7lumRjctCQpa3LAgtBJyCTjHYY+WvefiN44+DXxI8Pa3L450G/0zxjdx2sdrqs0Lz2cPlXCwyPZTwbTFvUFna4ZwASQOtc3pH7IOseIPDB134ceIvD+tLdXttbw6ZcatazTSLMgaNDcbgsMhyYxCwD5+UkkHM5Lx5gsPhMNS4wwVbh7FOcaMq9WM55dUrRjH36OMp81OFKTvyqu4S15Xo9cc54Txk8TWr8M4yjnNCSVVQpy5cdCm3dxqYefJOU4q3NyKSfRbo+eviY9rqYm1O0hjttNudUuJrOGNgsRTLgYj+6rbsAdwenqfFDpjTLI0gLGMbsFhgAnIHGCR8uTjpxgdh7r8SvDPiLwhfnwL4l0ibSdb0i7Ec2nygsGLc+bC/IeMjlWXAIweeleZrZypPcFUdGG0OkqMMAfK2wHAfnIPsepbiv2fK8dl9bDYevha9GtQrQUqNSnKE4zhJRkp05RfvRae8eZNW1Wt/yrMcNjViKtPE0alKrTfLVhOLUoyXKpKaaVmndLrbfsuJm0q7lvlaOBwhjVlJbJyCBtOARwe/UgDOSc10B0K+/d3M8DxqAQTvAyQvIxg5yOfmwR0roL6VIZlaDDPFBEwIU4AXaWJC9CecbupPXmr13qyfYoZJwGWZztAJADBSCOoAwRz/M17qrRailyu+6v7rVorVvVavVNbWTve78F4aac5OTTile1raaXtyuzTs/W19Cj4Zunj8R+G0jj+UanCoGcgcgAkZJB4DZ9gB83XlPGuuahD4u8QxPLJGqatdqBGzAcYAA2bQCBjJOcA5JDE11Hhd2fxP4cSNAgk1WMog5YbQcHAzwQAAc9cdRXB+PZS3jDxKuF3/2zdlskAjBU8Y7AEg/7QweRVeypymrxi3yaKydveVnffXS6er7t7ZRnNQbc3F86uk3aytppZ8r00ve711RUh1e4d42WdwVeMkykHpICRkgEA4J5PzEYAycV6z4yvfLu9MunliRZtNsVcD0ZGG8YyeW2noSR05xXz75YChlcsCUxlgOSyjOO4HUEcemSOPVPGoaRNEEki5/siyOxGIyoRjknkdMYIznrgdKiu4U3TjFJNt7dNIu2l2nonurrTS+nVSi5qpdtaR5Wnfr1Td7W2303toZN7evZ3DqzB4/lKOWVlcHJDDHGBkZ5O7pwSM9zZeIU1D4Y654b8iOV7HWbTUYbhVHmJFKSZEDAKVUKQMAkcckHJrxybUoorV7adTLBH80cgO+SGQtuAJyCyDPPI9AMit7whrNvEtxpkk4VNWtJoWAHyuwAMRzxtcHOCQevHDAVxYqCq0U1fno1qNRcj5tIThzJ+Tjv0fMrWsd2BtCrNN3p1aVSm3Jpv34RtpfX3rWa0ttdpnS6Vqttp1mYJQ8kfnq6sDkkSAkqx3Yxz/8AqBFXm1Sxl0gxW5Ane+3SmRMYUkkAnODgjPTB5wckCuQmjNuiIjqyIyKcjcC2SCTnceuc4II9+cyxwO2nFkdNsl5k9d2QRjnOQByFyD65xwZlGlCo23JOTjJO/pp30VtFfZX95WNo1ZunGDjGUYpxcWrSa91S5ZXVle71ulazudhZWkt9YmJGikuHmEcY2qN3QKCT04z74GeDk03UNBvbIrbMkZnmYxARqMLIADhx/C23HqOOorY0e1htJI7gxtNDDAkjNkqBOVGxt2eueeoxnvwD9QeK/FnwU1Hwh8MpNA8NXGneNNAiu5/GV5NPvttXfy8QNEpGTIGGTn+IAHmvkM24iq5bjcJQpYOvjKeKq1KVSvQcJQwsoUlNSrptNQnJezUlzcsmrqz0+xybh2hmeExNWpjKWFnhqdKVOjV0WIjKcYzcHy25oKV9Wm0tL7LwL4W+AX1DVodQ1G8FtYWepW0UxBSOR7guNq/NkiONsM7NldpHQ5q7+0rcxN4i0u3bUl1Wa1sWgNxHIrRKitsjjQqcEIowSFByCDj5gOFvvGJs7rXRZ+a6azdfakHmkfZ0V2ZVQKwCtwFJUZwACc5Fcf4i1CbXLqG5ljb93bqioGLbAeMMSTvOctk9d2ATnFRgsJjsVn2GzjF1YRo0aNaFGhG8eT2ih7zu2m7Jt3S0fuq9zuzHHZfg+H6+S4GhzYmrXpSq125c0lSm0oq11yvR2vzb2s0zP8ORuNShIzhLe4YkgEEeWxAxwSDznkdDyccZMtwrieJcFlkcsyoc7i5IOfbr1BXqcZr0LwJ4cvtY8RWWnQowlvVktrcEEAyOmFLscBUG7cxYhRxk5NetQfBzRfCsrHxBejW/EUt69vZaHpR88SSz/LEJFTcxZXwdmCeAck17mZcT5RlVVUMViGq86TqqlCMpy9kr3m7e7CGl5Sm4pK13ufOZXwxm2aUXVw1FRoRqOnOpUnGKcpKNoRvaUpWa92Kble1tkeG+HPDGq+I57X+z4ysCyxLeXUqMtvFG7AFndgeSc7UxuzgDFfbsHwU8WaP4UTx94qFhpfhLRVi03w5Y6wwspdc1KZVMN5Dbysss1ijsrmbDJgFScmv0K/Z+/Zi+G/wr+FqfGr9otrLQfCeij+1tJ8JPJHHqfi/Wo1E9naGBtsrwrIEi2YOGXkEYFfm7+1D+2OPjN448SXV9ocR0C40htC8I+FUAs9O8LWcB8qGVYIVRDdPGil5AN+4nnrn+fqvihnviNxFisj4Iwklw/lU/Z5xxA7uhUmpKM8vy5vlhXxU7NVqsZOlh6eibqNW/VqPBeT8FZZRzDiSsp5pioxnhMAnyqDcU418QleUacL3ULJym7Nct70vAn7KP7R3xw8Wa/H4O0nSvEtvZWDalqGtnUbeHS7KwWBpBbWMkjhHWIZU+V9xhkjJ47nwR+w/4m06T4j2+u6t4S0++8N+E11m5hj1e21G6uLiWYKLOAQyApM0hAYnIUMcc5Bj0/wDbC8MP8KfCXw88F+D2+FuuWHhWTwxrPjLSNavEn1RpJSbm7kt451LSSJuG9wW+b5TlTXkvwk1d7nXPFlrHqer6vNJp1raR31/e3ckF1bnUYjNc3F2ki4YxliFlJ6/KQet4LNPFau8xp1XgeGsBhsRSoZbh5ZXHE42phcPWpqWIrV1jnQ5a8FJU4wgpJNNqLRx4vAcEp4Wrevm2JxEHUrVXjXGnTrVYqXsYwlh41PdlJ35pNdnJM7j4t/sbfET4U+BfCvxN8UeJvAei+H/En2Yw6ZHr9rd6xbxTBFR7nTopTKhfcCQ20g53HOTXJfBP4Ca98W/iZpfhzwFI3j28jvIjcwaBp73htlCB5Li9MZIgghwHlaQjO0qK7b45QeDfiN4hOq2niiXwtpHh5NH8Pt4WupLq5e8ktIES91OBbmWSJRcSofLcKMhhxzz1H7Ov7XVp+xvrPizU/g/aKmo6sPJitdSthNe6vdNGYZGlvEXMFqGYt5SsrcY56V7VLP8Aj+pwpi4YevHOuIaqlGkoZf8A2Xg8Kq04qEa1WrUqxqujSkpOMJfvHF/Cmzy5ZBwvRznCyxFKnluXQanOU8XLGVK/JFO1OEYU1BVJ2jaXwJ3Sdkfpfr/7Inwn8J/AHx0bb4kT6T8T7aC9tPE4e0bTrWRlUyjw9pMDGOe/mlZBBKkTsGJIz0FfntdfAv8AZu8D/Aj4ffF74meNPE+q+N/Fviu80WHwH4f0mW3TTdIsZvKndmJlkW6RTv8AMb7pDZ4zWb44/ae8c/Grxza6/wDGXULvwnp03hfUb20ttCRLazi1IwStazW9mqgy3c7FA1zMJCAScHk14Po/xU0K18CeHfDOiWWqXOsXV3qt34k1rXboXjSLcTMF/s+K43izPllmkMQRnZgCxwMfNcJcEeIdOlOOccQ5pPFY7OaWPx88sqU6caWH+r1ILCQxE6F1CMoU5S9nC0bqMZWTk/U4k4j4Uq/V44PA5cpYLA1qFCnioSqRnN1YSVV0VPmUlFvlcpJO15N2sc9rugeD/HPxB1PwJ8Bk8W6hYa/G8Xh/+3IjqF4b5EJlgTZtZTvATjqMg8gisi68O+EfCE9r4U+IVjrPg3xn4fjQeJ1ktJYRePDMjRxtE+XhFyikbicFHYjmvR/gBc+BPD/xP0LXfFut61YeHtM8R291c3Ph+dbfVLa0ecNcyJIArB9x6KcsM4GTtP21/wAFBtA+Anxfaz1j4EpqS+Ijp0cut+LteuEkXXrMJGLO3vecJfxruCvgPIcZBxz9Xjs+x+QcX5TkGJhmtXLsXhOV5i5VL0MUpOKdXERh7OcZQ/iczi4txltoeVhMhwWb8M4zN8P9RWNw9WbWGhGLhUoXpvkjSbc4VOZy5GpNSgpRb2Z4J4N+O3wN+Ivxo8GJ8RfCmj6F8NdF0/SfDFvDp9wILaZraEQDU9UjJPmRTkmScJtO4EHrmvuj9pzwf/wTi+Hvgu+1nwdq1r4n8T3+n295ZWegXDCBLqQK/wBnYBnMcLZ6seMZB+8K/CHVvhxqPhaXTbHV7eaPUZokntYrlDbu+85jeONwDLbMRlXHDABgcE16/wDD7wF4q+KmsweCPtFpperEJb2guFRFvbfYxMKPJ1mYL/o4GC7HGBnnuzngjEZrmuWZ7huN+I8kynLcPF4rAZXmNSngcXTpSdX2lV03OScnJqq6d3OCSdrXODLOI8Ng8BispxPDGT5jmWJqyWHxOOwkJYig6kYQVOKnFR9yydNSdottvY+m/gP4Q1zV/iz4K8caH4C07R/hjq3inSdNPii/1+G0bw4lzL5dzfwzzOAssSsdgkBXJwF5wPsD/goh8Nvh98AviFbDw54Yg8cjU9G0TVrPXx4mtLvTruO7HmXFnq62xAjupTuAOV3DJA6V+cXjrwFrvw4sG+GuseIfEtgA0V1ZWzSXFlDLqSy4MU1uGUBoGC7WQAvuDBsEY8s8V3vi5LuTQ/Eeq67qaq9m9099e3F0iKsamGNDNJIyooACAHHIwBXtQ8Pc2zviHJ+IMHxViFldHK8RgsRh6FXHU55hQryjOhOpiaWKpTjOjLmfNZNtu7VzxJcZZZlGVY/KcTkGGWMni6dZKtRwdSlQrQUIzUaU8PKKi+XZ30dj9dfCPxH+CF94G8PR6r+z78EvDuv6hpjwtc6h4nM8kV3FEpFxcxx3AKPIzFgmQSSRjOc8DpnwP8X/ALTnieTxB4W0j4ZeD/BHwkWOXXb/AEoG20DULtJtyadfPNcB5UuUKK06sUyMkAHFflJbQyXOpQpG13L5MqMFk3yMAmMFQc4AIxgADkA5B49hsJviHHFdaP4Z8U+IdI0rX0S41vQ7S/lsre9gtwDvuIY3VHxg7Sy56+hJ1peCWZYCWPxuS8T4x5ji/aU8NWzTF5vmdHBwqyi60qNDEZjUVSpGlKcKfP7sXZp6HJLxMymosNh8dw5g/qtJwlXhgKGAwdTEypqPLzzoYOHLDntKTjFt69z9LfG3xr0v4e3g8C2Xwx+EXiXxPpl/Z2+kweE7F75Ncu7hEQxuUlb7T5RI3IerblGMYrZ06C//AGT/AIk+BvjP8aPDXw+8TXPxN8I67daZ8L9NsI7mTwLrMtu7WM+p20TulsUDo++ZfkZQOor8x/DxbTb+DU7q/v7C80OQXFldwzCW6juoycSrL8xLKcYOSSccgVV1bxRqniHxbZ3+qeI/EGuCZ54Z77VLmW4mkhdfmiUysQke1mX5AMIpAOOa0w/gjUoeww2GzZUsBisLiKOe1qk8fVzLMK9WEVH6rOpi5U8DQVS9SfJGU3dQUuW5y4nxTwNX2lWplXNiqFejUyunCGEp4TD0YSTl7eCw8amKnKK5E7xjFNzsnys/Qj9lX4ieLNA/aE1n41W2i+HPG+i+E7zW9Z8T6PFf2emQSLqsLvp0ccMysJjp/mGONYwAHTOAcZj8aftl6br/AIA+Iml2fwW8CaZreua7rt/Fr13cWdxeRjUridTbSBo2lkZEIKOjKqtg424NfF3w1uYbCXxpY22q6hpNtejAW1nEDXXlA7I5D8u8ZIGCTgDpnmvO9W0uSS6uzu3B7hxKpdTvBH3zgkZcnceAckng5r2cX4F4TNMesfmGNrV6dChluHwlCjXx1BKGXvniq3scVSjV5pt3U01yxSd1e/nYfxXngsK8PgcFTo1K1TF1qsp08PWUZ4mKi/YOrQnKHJF6NO93zLWx6lIfEGleDvAPivXtX8KXWm6fdy31lodnNHLLC6ztLHa36QMkmySQAYk+XacMNpr9C/it+3DF8Sfg9YeGbfwz4f8Ahv4l0e20M6MPCFosN54huYVhgaGWdcQ20Tgb3Z1JLMTnOWr8eY7g22k6lZmLcPt0SqJCWCKGBCqvKoCRnIC8Dk9K2PEF5cXltZW6hoVhELRskjIyuI1YFWGCACcgA8HhTzk+xnngxw7xVLJK2erE4jEcP1atbATp1atKlH2sqU5U6tBS9lWi+SMW6kZ2jdKS5tfOyjxSzXh+eP8A7NhRpQzOMKeJc4xnUvBJOpCpyKUZe9KV6d0nZ62Pt3wB+1hr/hS/8R2HijwXFr8l99nkYX/iC/M1p5TKZ3twtyIB9pQFHGwjJYAE4zF+0p+0x8Pfi18PvDx8G+Atd8F+PtKv1tJJbbUi+liyUhNiQqFk+1SYMnmMxbLcGvnPwZHpvjq80fTtSvNM8F3Wi6ZPJPrEwkmn8QXEJLxRSMWZfPZRsUEEPwNueR0954L8HLpPiHXLnxY9j4m0vVNKGlWF3bPHb3slyyqW2A7YzHExlIYbmXG0FTgeG/B/gzB51g88lgMXhMwyms6lL6vVrxwtRNezTnhoP2NanJPVOG97K59J/wARL4lxGX18thj8PicHmcOSSrU6Ht6TbhUap1pwjVpzUlpKLSl3s2zwe08SeOri7u9DuNf8WiznhlW6t59c1OSJonjLNbyI8xRVd+VQDCseQMnPO+GmgtbK5lvYtQmuY9cSHT4UupvnuEb5I32nkkcMO+ScdCv3v4t8M3ngf/hHZW0zSNQTW7RLjRLuWxMDazPPagS3KvIzF7e2ncqXYbcghc8557w74Pa003SNTv7PSIja397PqTtYlo/t8jsVjj4IcoT8rL6bQxPI+xw2W4Cph5zwOCoewqatqlClKcm+Xm5VDZO6bd10PDnj6tKvGGNxlV1qcU0nNyUFKMHy80pWtZp9NevbsPgd+1f+09+z7Z6ho/hLwvY6loWvXENxe+G/EUAvLeS3kj2TPbyyYmjEsTMCpkAB5AGBj5t8eeLF1XxnqGqan4UvNBg8S6ze6xqOkG8khshePOSsWmxzHi1VztQAbQhxnGK+mdR1vRPCMdz4p8WGJ7GK2SSws5hNFc6rKgDRw26M4ZYtwAIxjHI4zXwv448X618UvEdxqt0EtYrd7j+ytOQhY9Ps1YmOMFCpLkAAsTuJJHythh8/l3hflOCzbFZ3hstwlHMMwi442pQjKnUxMabUoOpFNQnOKbtVcebW17WR7WL8QsdWy+nllfH4jEYbBy5sNCcoyjSlaKmoTV5RXRxTlC6WiPtD4f8A7Yvxj+Ffh2b4a/D7R9C8O6fqTTzz6nbbRq0/ngownuI8JMsduXUbwxUtkHpjxPX/AIe/Fvxh4Gv/ABjpHh/xPqvhi+8XSSve6VY3E9jd6u8recnmRjY8xkYhuTgsRgZryDRtb1iFWhJt0SFI0jup1JlEjLt2rKxLEHcQ3PIPft/R9+y38dfgt8J/+CY+oxeKNe8N3/xLsNZ8QapofhkvCbw6tJqUH2NmR8kAltwLAhlUsB1FcXEmSYTgnCRzbhnh2hic1zfNKFPGwhGUHiKk03GVetGM53i4tJtcsbuz006uG82nxZiquBzvOK1DLctwVatRqOS/cwXslyQjJwi3vpHV8u12z+cW7s/HllZXularo2q28Wm3YN/pskDw/Y5QAR9qT/llJkgkMAQQ2TxyWfiTxpLawTTXGr3FtBCbSzgl1C4KWcafNi3jLkIFK8IoCgr0znH3z8PNW07x/wDFfxZqvxY1GPw74J8WTreeKp9IsjfahCLpRIZbQKrII4htQlVymeCCOPI/jRpXwv0nxZrFn8Drm71PwTDdJDb6jr8EsV/NdMrLO6xEDETuAYwPu8gZ5r6mpiq2Plg8Fi8mrqu8LGvOawyrYSnU5Y+0p+2s25J6WtZpp6HjqjQwyxWMwucUpUo15U4wlVVLFVYxnHlmqSd3Czi5Xejtv0+dfCfxg+ICalZ2M+tX+tSxamtzBZ32oSnyLeyDBYUcyDYi54UYHA64yeP+K+v+MrrVmuZ/E2oXzXd0NUFrJqc0sGnSXJw8MKGV1R48AZABPOeQa0F8Nw2PiHQbnyJku9QnvbeaVEYK0hBO1ASMk9lJ5GScciu4svgpqdzLbzXulanfxa9fR2tkWDI63MrsII5CxxGr8Dae2MDIrz8JwvlNHEVK8MuwtGtNLn9nhqMNXJO8rQT5mvi1dnZtXZvWz/MalD2NTG1atOndxlLFSaSio9G+ZpbNardpN6Hzvd6lq83hy7tJtTv0eVZfOtVupDDcKRuJYEsGY559cdOee10P4w/ELw7b/C/xpoWr6lbap8PNSk07S5PtUsUa6ZcJ5U9pKImTzLeWNnDxsWTGcYzivX/H/wCzX8VfAumya7rvgG80HQIYLlJdVlBurVPJCyYlkjLLEWV1ILNjJP3ec4mleEr3XfBVzpS6NZSxLp0erwXcQ2sttC26acOow7FBnblm5Bzxx9OuHMLXj7KpllCcHSslUw0Wp05RUZtKUNrO0mk9Fe+ll8tDiuNKTqrM7JVo0XOliG4qrGUZxi5Rl7soyalpqmrq17Hh9x448S6T4u8Q6npUotZtd1FtabZKzPDczytMZrOQlpInEzOw2uF656Cvt34PftuavoUes6F8ZrV/iH4Y8QaV9gM93BHPqWmsqLGpdJIj5sSJjd5QSRgFwxxXzXofhdNSvHh03w7HrKCKNLa53FRE8PMiB9pycgkqzZ+XuOK6vXIzp/he1tNW8L6JpF0mpW32bVVjaSWW3acxtFcuPlVzt5Q8jGSdo58DPeA8sznAyhiMBScacP3NajB06+ElZQhUo1oRUqcouzjaS2V9j6DKONcZl+Oh9XzCUKtSqpSoVqntMPiXdOcalKb5akZpvdaK2qd2v0Y1P9kbwl8ZPho3xE/Zj1qw0vWk0xr/AFfw1qF1G+mX8U25jbpHIS2m3BwQIpQxJOAATx+XvjTwlN4Y1uz0bX9GvvC/iu0uIY7+2uraSC0uDHNg3FozKFlj3YZZUJUgYGRX1bYw6x8OraXxD4B8fa5oaSaVbnUrSylZbO481Vf5bZWEMkKFjk7Cy4JzyTXkfxQ8c+K/jHa6bqnibWbLXZdGZLTSryGGO31AQ2/J+1MoV5QxzgMSVz16187wNw1xfkmYSwuLzRZzkUXJYWrjOeGbYOK5eWlOpy8uJpvZTk1NWTT0sfScZZ3wzmuXxxNDAf2Zm81TVenh3CWX4l80OepCDkpUJ9XGKlBvc848CfDy48a2HxW1uTWpo7zwzf2dtYGNC8N414EibzypwCo4BbhT93nNfOHiO5vtOuLiGJHDWsz2s7O2BvQlXKBugyAOd3B7ZOfZfAHxFm8H2fxJ0p0dYvENzY280sb7JLeeC4yJAuDu3DO7jORnOSa4PxOltc6vdiFOJhHcI0nzCZnVd7EYYAls57cd8Gv0PC5bj3iMz9rNyoOtSngo/FJRlTgqsfds9Zxcnu9b3a0X5/iMbgY4fLfYU/3qp1IYlu2s41FySV29VGVn0dtzz6E3j2RlmRV3zRkcszOpYMWxyQCMA84GMe9fT9ha3M9pHHZW/mmOC0LFjhAWhUEEEjHTP4jHTFfPk1yJlEaxMjQPAjusZAJWUbQBjaT07EDgfKea+hLXUbmwt7iOJFmWWCxCspKshECDlQCMDv8AeAI78qft+EKGKhVxEKcY88YQfNJuyTtq7a6P0Wlr6pP47iqeCnRw86/N7NSk7U7K7fLe1vJ22t6anR+Hfhz418VyXD6RpsU0Fs3lzSmRUijkwTt3sQM4OSM4GQemCMTxh4R1Pw4mjxatf6b5+oa/BpkdvHIpdJ96hXdsfLErEZcjAIYehrufCfi/WrfQ9Ti026vbONZV80WoYq7gH5nfGMkjBHAwSB6V4j8Tb3WZpfD11LLcPPLr0IR7gfOJG2hGVMEbs85HPsCM19xiqWY0sNVqVK1D2bUFCMaU5zXNKEU5OUuVtuyasrb+a+Aw2LyCeLw1Glha9WbnKc5zqr2doxbaSWuqTW+mh7LqHgnxlBDKJLzS1t5LgwRXSMqkheq/M5DIOu7GDyRjgV5/4l8KX2n/ANhtc65HIsmqxRmOFB+6kKjMiuc/LkZVsMp7AgHGiF8aSxSxXa3rox3RtP5oXp8rIo4XHAJxnccj2yr/AEfWSdDGo+cA+rwfvHcmKMvk7SM4bnIBJxngYyK1VGvGlKWKr89/ZtNRdKy5otxdp6LqvXQ56uLyyWIpxwWFdGVpRSlJTV3FpbxT10as/U7Gfw/GrmCW+vrhGJ8x94VV+8MABQB1xwSABwcc1wGoaXplp4v0yBYp51MUgwJC6kdQ64IO71UED15r3W18F67f3UkVvY6lcQosjiWGGQLLGq/6xRkbgv8AEckjjA6V5HfaTqln8TNB0lbfcJvMXbLlGXcSZMq+0ptJHzEgAcg4pYqrh4Roz5XKKxNB80tU4xlFtXbvt11fyMcFTrVJYinGalJYTEe4rWjL2dkrRWl5Ss2m/U1otKt78+TbaX5wjZ1ZyZEZCV43FmO4jjLewxnNeT3dqsS6jZyWKrJFcPH5gyRGu4nJJyPlOB9Sc4r9BvBXg2WRrLSo9O0W7ur24liuimoxmdEcFQ7Km4vMSVEaKQSzDIPOOQ8IeBvAnw+1rx34h+LHhfVtcbw/rUkel+AEmVbfVLe6jlEOp6pdA5gggd0kERIJC4J4NY5xmFGNP6xQwuJxHIpJQo0m3UlJwhGnTvZNrdyvZK7327cgwUpVlh8TjMNQlUlGcp1p2VGMUkuZWlLVbbXdtW2fmvqYubLQobm4ki8o+IgIgjKGJViOWI24UY5xyVJJPLD6z0PxP8LvGHw48P8Ahnwv4e16P4w2etOviHVbyf7TpOs2M2PskFhZRorLLGPlBy24seoAJ+YfjLcGOUWWj6baadaXniHUtTttJtj5wsYnnLW9vG/zNIFVxGMZyRwCSDXqHwMm8aaDr9vrEui3vh+eys4r+w1S/wBNkgBuCQIrrbcRAND3VsEdc4Ga+YwcIYnMaUJ+3wyjOE6lOE3e/LfkqW0laOjTSSavtZr63MqlTLsor1aPscW3HlpVasJSg7uKTjKzau0mrNXW67fU/hH4B6/qtpCz2d3LqLXV0+vWEen3Mw8P6ZZ4ea6vWVQqDBQFGwygnIAAJ57WdNt7e31nR9PihuDbR3Fs9yiH7LZ2ynHnTN0VmAYqpLE46AivrL4Pftq+Nfhh4B+M8er6LB4l8ba/ZXui+E76ztrN40TW08u+vb5WiYyrEgyC3APzcEkV8HQ+LtQ8P6F4qkaxn17VtWtLjUL5PLL28V1MzSlMoMK0UjkKmCmFGQDgHqzaNKPtsPRcZzcIKnOpyte8k7vlirNSu2ve1s29jy+HcROq6OKxtL2FKm7yjCM4e0kppyklKTvFtpprlvdq2mmx4hXSdC8LeH763ktbO4a3aztodLUNe3lx/HdMuCyo45dzwOx5zXz9qHxbuPD1+YvD00ejxcRatrF75d5fzSZJkW3DAqiJyeBkMv3uuF+Jbato3w68M+I783Vtr/ioA2sbMDHZaYNwJt4lyEd+AzBeeCSeg+N9VvpLmQRtJJL8zrl2LDceCSByxZicscngZPp+bYvgWnXxVSedz+tOpFVVhrWoJ1FCUL018enKmnfe7S2X6zh+OHHD01kcVhfZzdOVe1q8uTlhJKd+aPvK109FofT3ijXLDx1b6jreq+N7jVdQeCOO0gundbeKJPl+aIOqKc4IOASCAa8atrOyW+jij1DTwISGLbNwcrgkk5O7kA5IBJHfFc/ocP8AxKNVLFUBaJAcAEj+IDI2gAZx1B9ScZzoFkjvgsOCFO3ccZIbAPGP9rgkDjkcEV7mG4ewWDpUaVGMKdL3Uo06VOCgrLRKMYq2i1eu/nfzMRxBjcRVqVK1WdWp7S0pTlKcm3yt35n3eltEvJu363fso3sEvw7+IcMF9aYt00e7uhCuCwjusYIP06c9DkAjJ8k/akvLa88S6FK07KJJ4iBDhBt8iPBG3Oc9QR69ADmuu/YstIT8N/i15u8ySWum7dqgEAXDkkHknjJ4HHBxgmvKv2pIZ5vFvhuGy3+VGsIyPlb/AFChiTjBK8dOVH147/7LpUaNRwfNGXLo1q+Zq6s30WzWmttj5NZ5Ovm/s58z5btxVnZqMZR03Wivdb+p8T69eLFqupr9ougPOfy1eR9ihRlc4I5PGWHbGc9B7Bo3hfTvsPhK9lDTTanbSXE8TykqpRmCbRzyeOfUcHtXjWt2Mh1u/VxIZGlZQrqu3pjcPYg+2OOQCDXqnhDVbuS40ayuJEI06EQxRnb8okcbhwTk479Vz0OK4J5ZOU6UqLUY0pe/ZWbVov7K8lf/ADue/LN4RpOM2m501yu902rPV6+8ley+WiaZyWp2US+LNUtYEMfzBsBiAADn1IOAM8dfU9Rha7E0GosrsGXykXJbB24wDk5BGGwe3J5wcVvX8yz+OtWRSQpuER2G4lVzh8kYHp6nI64+9T8YWwS/iZVGHiG085OxvlPcZ28Z9eMg9PAqxiq9VSd0pON35WTsulr773srM96hNTw9CT1bpR6PdxjdtpdtG7+VupQGmF7G5mJXEIVtg5LBhyzds8sB1AOe2AfbPgNZRy+JLh0bDxaNOxcDhiS+Dzn3AP8AEOmOteOF2OlXYQ/OUiViCwQx/LkEZOCCBxz1PPXHun7PqAa9qzbg23R2XK/NgFFJ5wTgnjGOcdSc11Zck8VT5kmrttN6Wvda97W29LmOLaeHqq/RWba095O6XbWzTttrezt6Rp0Tx3HiJkywSxlLAHAXIJJXkE5yTuBBzuzjIr83fiWwbxTcshKlbiMYzjB2kHJIJLZwD34AIJAr9J7B9k/iZQQCdPlBzk428+hJAwwBHuK/Nn4jCM+JbxiCQZ1O4A8kZXoBx6ZAPHU17mK5HhkklrVk5O+yTWz6JK2zur766ebho2r8zbV4JNX1WkXzbNr7m+nkeeNLtdzwcyFicEHnpkjv37jj1AFdtoBknsnRFIRZlWQg7QRnGM5GAM5PP4kkVxMoBkfA4EgyMYJGADwT2J9Rnj157rw7dbLIxiMsTMMKDjdkDaD3B+6SCOhz9PKhbZtKyV93tZ+STula61b1uepOKcbK17Jp9Wk1r3dvJa/id1YDT7ASIURZirFpRhpWHQKhwdq5zjDfTrWmsd9qkas7yw2hY4DjO8e3Iy2OeOnQ5OQefspra3me7ukS4mZSFt8/LGOBySSMg7cD+IkfdGGOib7V9V3QwI1vAflAVCgwWO1RwDuHUnk5J55IPrQrwjRUU3srRgnzSso6y2ve70s/W2h5FXDznUbUVFxlK8pXd/htaK+LdrexqK+n6ZCscWZpyW4BBYnnG4gfKMjkYweecYNcjrU1xcTWby/KGLFFx0ABI29j+XGc4wTnt9L8PMk6NePuYL8yAE/Mw6HdkgZODgkgH+9WV4ytI4Rp32ddqqzqcY25HGBgZAXoeeOQw4+XgxFScoy5m4q8UorRJqUd1t1vdr73e/bhcNCFWD1k1JXk7XuuXzdrp762fc/UL9lCZ7f4W6SUkUK012SzbdwYkfL2yQD+Ar0X4ySef4B8Q7pWkY6dMfUBh6nPccgnPUHvivKP2Wo5D8MdIZmQ7ri7IUjCqBgcgEElsdgeOhOM16T8WxIfAuvICuDptxuAyWIGBlQMkMODnBB4GPX95yqf/GE0bXXNlzjzWtdOCW72+937dv5uz2ipeItVuKss0g0rLfnp7ap2ul0138j8Z7wBtZvI15aUxvlucsGHOMjK9ueTz2r92P2LoZIv2FfiNG8gcx/FDTJY8Drlo8fQcdc/8CB5r8Q5dFvp9bnktoywSFDI5ONoMh+YqB1I5GOnfHGf6Df2GfD1vdfsF/FU3M8S3MXxF0xozhc7UaM7sc54BOAepOQOlfz1nadCjCabl/tlB82tkvap6NpXfxW89lrr/S2Sxc6/K9JLD1l0srxX3p7q+t+9zuf2hNMvbn/gnr8a0c/vjqnhuUrtAOxpIyu4kBsFeAwyMkjnov8APnafD/T1lWS73id9PtCycgHdCpOD/FgnqOfXGDX9H/x8tYYf2Dfj35sjOYLnwkI27MTMMlVXGVDA84x1JOen872ta5FaarGplQLBp1oxLtsXPkRlRk4BPHOfr1r53Lq8XiMyqRsoyxKV2uqjG+ul9dmlvdp6H12Poylh8vpu7aoJuzSuuZ79U07PT7m9uY12ytrGxs/D2mQEz6neQxSMpx5pkkEaI79SFJydx4XPavTPi/8AFiz+Hnw30f4I/D947K7NtHdeOtVtWAlurm4jVmsxPHguoB2uA2AOAAeR81a98RjbatHdWe25urIyCHBDQRyEjy3XgjchBbcMknbgZHPjOraxdalc3N5eTSXN1dzNNO7ksxdvm2gnPCnPfCjgAYrz8wwccdXoym706MlUUUladRWSck91HVx13t2PSyzHSy7D1oUrKtWiqXPZXjTVnKKb1TkklpZ23tcs6heKjblc7UQjZg5G5c8nPJOfvcHPJycGuPluJLiTCjEhISJAckAtgjIBJYjnBxzjjHSR2k9SzPnGck4yC3cDGBzuwDwD2r0z4Q+B28XeJEe6KQaPpym51C8mG2OJUGWAYgBiBxjPAAIJBzW3JGlC8naKSbStq48tkutmrXVne+6sYyre2lq93olfRWSv08rddV3099+Afw6tW02417xF5dno9gyXmsajOwjEdpGBJ9mhZs7ppVAVgoHJ6g5Fdd8W/j/rfxZt4PhV8ONMXw14AhvYbe3s7MGG81yRAsbXN/KgSRonwGKNgEEhicHPHXl1cfEbX4vBfhi6n0r4d6NMsOo3sbMiX0yAK80hQATfMMIgZgByDkHHqGmfDLQ/Bl/C2k3zXQaRGe+ZA0kPyh02vn92p/2T8u7hTnI8euo1q0atRc04q1Kk9YQbsk7WfvPe/Reer6ozqU6Lp0nyRlb2k07SktPdTWqW+2mjurJnafDH4UeF/AGnSa14gmthqVlaI4+1IjKkijd5NqCDlyvBfkhgeQ3Xzvxtrr+Lr20uVYxWgvZbbT4uBiMElm7YDnIyOeDjknG94ou9W1O5/wCJlf8AmRRDdBEm0RvEoKqXCgAsMBiDlsE471x+nr9qbTrcAFY9QmPmYyS2GwM9OScgHnjJ616+U4GTqyrVZOUptKKWiSbirb6eT0e3kjxM7zOEaNPD0IckU020rzb01dnt2te1rvRlPTPBy+ZcS7iULfM24s+S3KqMtggnk4OAScjJI6o2UWmxQCFAEJkRmKZbeUbjJAJYDqRxzgHH3uyhtI0tJBGuJQPLOOGLA4BxncSRycdDkfXmNauzBbW8IbLwzybwwyozyWI6HqRknjB7AV9WqFOjB8sbuUVbvduL313Xp262Pili54ia5pySjL705RVrddnpb56s/Q/9mLTbPV/CkWgXtuZBreh6zawTkjNs4Lkv0wNoX0wOMcYx4f4e0+/0PxHrWk2Lrc2VjfTea7k7Va3uCqswODgjkAHLHOOOa+gP2Z5YtO0fw3dPCZ2Gi6q0cMZ/eyTXAZYREn3mLF16DqCc4+WuN8YeKPhx+zXDqPiH4pPb6542164k1Lw78P8ASrhZ7iZZWaSGbXijn7KiMykxSYLAYIORX5zi8W8NmGOhK9Sc1CNKnBXbadmkk7et/na7PssBl0cXhMLKC9lTpS5p15NxSStfXS73aSfWyTOrnsUfw1f6n451G28MeC4mY6jf3LCF76MrvZrGOTDSSYBXCAhic8cY+MvHHx71rxhqf/Ctf2dNEuNF8PLbSW1z4o2EarqkKgrPcicjNtBIORgrweGIOT418RvH3xP/AGjfEkeq+J5pNF8JW4aTTfC9g5gsLK0jO5I1hjEYkcphS5yM9ME8+5/BfUdC8N+L9OVo7e3spdG+wRoUDCSV8KTIcBgc4J5A4xz21weX15UvrWI91QfOqdrp7O3aT1avovI7a+ZYPCyeFwbU6rSU6jSbdlG7VtbJvXzW10eX+HvhbcaBcG5vo31TW5maW+1K6dppvMY5kEckm4sxY8scnJJHGBXSXLXOjvsT55JQ4AJYyDbwAcEYI7tgHPIGMmvtxPBE3ji/lgsLSKOaASNax221ZLlHK+XsVfvZ7nrtBJywAO3rX7LvgrwLb2njX40+MNP8MaAls18dG+1I2qX0iruMMcQcySMxVUZUAYFsrg169fiDKspw6nWioVJRtGlTjz1akkkrRgk23e2rfm9D5ajlGc59jvY0nUmozadao+WnBXjq5aLb71pbt8Q+H9G8ZeMde0vS9BstQ1K8uDGgWBZWgjGQAJpOERQWwSWHGcdMV9b3ejfCf4M2trqXxc1Y+OviE5hfw/8ADDw5m9uGu24it9RNu0vkBX25RwM5AOGq54Pv/iP8c57TwT+y94IHw68ARvNa6l8T9WtTDfXNqGKSz2ssgWR3eMZRFYvyQMda/Qr4F/sg/C74OI+ualFH458eyobjU/GXiVlvJYbgfPNJbtdl0iiLAsvzblA+X7pNflXFfH9Pl9jFSpc693DUpJ4ma923tpRvGhzJ6qN6m6unofuvBPhXLmWJrtVVTcZPEVk1Rg7Rf7uMnH2jje6btFXu207HyP4P+Anx7/akaw1P4r3E3wc+DKTRnS/AOkKbTUdQsVIKpdQQ+W6u8Zw8tyHDKTxg5r9FvAng/wCD37P3hm+0/wAMafo3grQLG3EV5rlw9vb3t5EikST3d/L+8d22sWCNtJPKkHK/Nv7Rf/BQv4P/AAKs9Q0HS72Hxv422SW8OlaRLFNZ2coUqoubtd6RqrLtaJdpwpAIGBX88/x8/az+MHx31ee48VeIbix0OSZhYeG9KuJLXS7WAOTGkqRsvnsqnDF9wLdMcY+MweS8QcUSpzr82W5a2pKFnF1I6a8ranUk1rzTaTbuux+g4/O+GeEac6dJRzHMrKLacJKEk0ldp8sEndciu18z9jP2l/8AgqT4R8GRXnhb4LQReJdegMsMniS6wdLtJQGQywg8XLqcMrIfvDgEYJ/DL4q/Hf4gfGDW7rxB468T6l4hv5C5EVxcyLYWiM5YR21puWFUQcAlScD2zXhN7qRMjbpA4DMgRThSQBj5VZsknPOCTnJHTGJJPPLIdrbQ5AxGNxYcqN238GycY4zweP07I+FstyWMFQoRnWcUpV6i5qkmlHW8k2rtv3UktLO+t/ybPuMs2zyo1Os6NBaRoUrwgk7NJpP3mtfiudBca0rMSu55QcHdghTjhRnjHP3cAkfNnBrKMd3qjrEkMrsXGPKVtqsy4w3JABIwwJwQOoByPQ/A/wAKda8WTCQwPb2e4M08sZLug+8UGO5zg8n7pJBGB9C3fgzTPCOhXFhaxR+e0lsWuHCvdOWcM5VsHbyDjB6YzuOc/SRmoyjBKPSOllZKzbe6SVk9LaLVbnyEp1JKUt9H8Tum7q7eujvq7PVt36nzfovw8kYeZqjOoQBvIiyDgHJVgDx0H3h+or1/QfDdrHCot7dLdB0kC5aQgYChuD0OduCOGAJPFdfoGhS30ssaxlzJsSL5WZ5mYYCBQCxJ9sE9D8uM/b3wl/ZF8aeLrKPXtYWz8D+DrMLc6l4j8TEWVstuhy5hjuPLLtsBwUJ7YC8iniMRQwsXPEz5V0WjbejSitXq3fp2SV9IoUsTjaipYanJ62lLeO8Vq9Urdbt2u767fKfh7whLMkLNbyTSOwEUEUbvNKx6JHGAW3k4zj04PavtnwB8AbRNGfxD8VtWtPhx4JltUMt3q7pa6pdjcDi2tnZZCWUjA2knIx3rN8YftFfs6/s5Pd6D8IdKg+LPxEhVom8UX6iTRNMu0Uh5LRGZo5tjcoVzwAc4Ir89PiZ8T/iv8c9YXVvH3iS7uYprlVs9KimeDTLWLI2QwW8ZSMKgyqDYeAME548umsVmEuXDUnRoTslOcXzyjpqodNHdOTWlrLRnrfV8HlqVTFVI4qukn7KDvGMko35pXtvurNOzs9dPv3x1+2J8LvhakvhH9lvwTDqniCO3axu/iJrduZ5naMGM3VlC6kKRnfG4OPu5+XGfhDxLqvjn4n6vN4n+I/iTUvEOpSmSVo7u7d7S1BYttity3lIFH3QqDACjoCKzvDGnLp9xPFFFEpgtZFaQqCzMGI3Z6jcSeOCuMg5Ga3opbYRSz3BPliN0hiU43Od27djB3HrkdCT0HNfUZdw/h6Np1VKrOylOdSXM9LN73sutkkrO3VHzuZcQ4is+SDVKlZxjGCUUrpdI6tecravXR6dB8Otc8LeEvE2kX8luXjsb23uLuaOMbiAwUquM4APzdOxIJOc/oV4j+Ilj47sNOltpCmm21wpt3ckSMHHClTgEgkZ6AckcAV+ZNtbrMJJI0SIbVOAAQFRhyRydx5AOWJB6nivrjwcrvoViWlCwl7UbcjAG3gheMk4ySeRjg4Nevi6MIwp6KKSSilFJKOmrsnbWya7banz+GruVSpKUm5vVuV7WjZpWbtva+2mltz5L8UWBn8X+KFjXzEfWbgRsASzbmPJzngkjnOcDjIwTqaH4Du7iK8dWRWgt2fJIdixGdi5GRgZByMj69eiuxFH4i8Rqeh1mYpIEUsQpzgHkgdxxwM47lu10HX9Gie4tnjaSZ4CcoG5cqcs5BAP4jBP8JJxXtUqdOWEpuckrRT1aWjts3va+9l5vc8zE4ms8Q4U49fifW9nbbV31Vo9NzivBvh55NS0yzCq9wtyTIEx90HnIxjJwcn8SprtfFcq2GqTWqqBGs0UbjO4yMwCsMDnIYYPbkg5ySM7wnPbaL4hXUAWldpn/AHBOCEkLsAoJJ4wRwc9CTkCsbUNWbW/FWozyRPHEbhmhQYJxE3QFRz1yScZyc56jxqkoyxEEmrKLdtHu4rVrTRJvtr5n0WFlKGBqOejm1ZNa2XLu7X8lrdWOk0gxfbph9mI3RuPkUhQhQ8nIwGzycYI6hsk4+QvEpSbX9e2ody6ncMuMkgKR8pOABkdMjPp7/Zul30ccMdv5Y+0zMzAgKJVQIxLMSBwOgJBAyeh4HxbrswTXNeCFi76rcDdjcSS43HqdvK8/k3J59DBRjLGRjq1a8bJP3pShpZb936btrXwMXOUMvqz1V5Xu0m9Xoumui87Xv7yaKtjaIkbTvkMAp9PlLDJPpgZOQeme+MbTszxSsoAVmA69FOM5yeRjbkA56fQUIGMkRXuzqu7nBHQbdx6cdzgEnqcmpzdxpb+UEyS/O37wYZAzt5IPHGcDHTg1+h4SMqNNe5HZO763UH7tlq+3z6Jn5hiqyxM3GcrcsklJO978tr63tq9O6s76mFfZlni64ZNuBxlc9ASAMsR/LpkVt26r5TqxGcgrjrtUjBxk4AP3uMADrWHcs0l2ADx5QB2nBBPqDyR83PIIOQODWxGh8rcqM2FUYQOegxnAO4jI6DjsoO0Cuii4VOaXLyJX621tFPs2079b9eumWJjKMKFOF5Nq1uW70a83q90ktujuS3GFjbaTv2cBVywyCc7s9eMds5JPNeKeKC//AAkUZ5ZhGhAwc7R1GBgZODz+J5GT7za6DreotGtlp1/dFxsUxwOVZj2yR0HOOhAXLZBqK8+BHj/V9eWU6ZFbqLYSETSIoUdnIODuG7LrkNwSM4Jr5HiKtRhSpqNSN1Wg7NpvTeTfl8rXW/T7XhHAYtVpznRnGm6PLFuLSk24tXbto03utO5wGj35lhA3cIyhlIJwVUZBz83Ttx9CDx1FpIVm3bkI5PzEAYYdMfU8DOeQSa9VtP2d77T7NLjWPFuiaUjMGkMsyb0B+YrgEE4BwR6/KMV1cPgn4F6Civr/AMR/tc8SFmi03EgkZRgqFUnnqOq5JOOSBXoZdn2CpxpqU5TlGEbqKbcrLWKbTTb032fyJzHhXH1q85U4U6UJSupVJpJXl01vZX/BdmjxZJiyMQMAHC4BIXJzwc8A4PAOBkdWFWbNpmdI4VmkeSQAKkbkk9QqkAglWOMZGecc8H2H/hYnwI8PpGuk6DfeIzG/zPJA8TOVLBRufcpzgckc/eycHEF5+0BboP8AimPhnptisLeZFPqAidgFAKnAVWznqMk84HXNenHiRqalh8FXqtJWukr3tq0npo7dr9NGee+D6dOny4zMsNT5o6pNSabsk99H1tq+2yvkP4I8VanbzLDol4MRI5kmgeJCuD/EVIAxzk9B1yKht/g54quLZ5LhLOxhUjdJJcL8o64I3AgDrjAGc+wqHxL8afi74ggiEOqadoVtdRGLydOgUbQFBCrlSDgDru4JzxkY8Vvz4zu4i2s+LdWuVnaTMcVxJEg2knB2kKD7DhT3PbPF5zmuItUhgJUnyrVvRq6t21XN2tvfdBgMhyPB3pTzB4i75uWKS1vHRctl57va/S57yPhn4R07ym8Q+ONMtgBtljhnjEigHccKWyxUEknJ7ttUZArTav8AAPwyCralqOvXML79kKl4bhoz0YqNvO0+uR7AA/OiaHZyvE88lzctgs7TzvJnPc53E55zyf4myAc1uwaNZo0YS2gTcHbcIwXGQO4GeB+nOD38uu8zrU+apV9ntonfluktvS+vZa7WfuUHk+Ga9lQjNppXklez5fNu7dlstF5JHp2sfHD4e6Xqttd+H/h8zyCMfZ2vdnlytnaGKMv3e4OcnOAcnA7OP9oT4javbQQeHND0Tw/bsI8lYQ7qDwrEtgZIycY4IP8As18meLYNmr6XEAACMADA4J4BGOc9cYyoIHOCa9m8Jxbfs7OVwUXcG6fu1OBxgDgD0A6HHQ+XlGWvGY2tTrzlKMZJt3cXd8uj7W7a9bXVz182zp4TBUqtCnFNxslZNR1jZNLRabt6tLtt6vpuqfEHxjdXK6140v4VA2vDZHyk5HKDaAUCDIB5wc461oy/DbRzLDJf3+qanM4DTi+vJHUle5V35H3uF29+cZ2x+HbmS3jublFRY5LggsFBJwAoIOM8A5DdM44LLk6eq6m1vEjzOGkCE/K+CVAJwBnPpnr3IPHH67lfDmS4XCqtXowm37ydVNpfDZu78+itontY/DM/4r4hxmNlhMJiakY80YuNL3Fryu7kkm3fa1/1Oc1/w34d0y0uZbGxto3hIVS4DSbj2G7JOCc5OSOBxXlszTFkjRQpS3kkQoFRFHBXAAGec4IznPGOtdZqd1d6jHC4fKvLxGThmyeDj0GMnr0JAbk1tL4ZZlhWUKDJaF2fGNgYcjbypyOMtgYNfM5xTwdXEcuGowpwiopKEElfmTd1bXZdHa3S2v1WQVcZSw0Pr+InOpJxlJyk2/strV+q10und6JHnt3MrW2nOCT+7CEEn5iByeeNpJ/3TjHFZiygTk+WFO8FeoHOMgnkc44ORxjuK7oeGmnSI5DiEOCFO0KmcdMdfU4655AG4SDw3YwmR7u6XKruRMqpOecEA57ZwRwc5JC8408DNU1KMEk976ae6ldPbW3RLXQ3r42g6rjJyd2rJXk38NnZaJbf5a2PN9RnlSG8uQx/1RVQoIzvG0HPTaec8HoeCOvgPiISyG3jZWLNKxJPbJX5fY84IwctnHevpzxNNprwfZLKDaRFIhlPQEDaCW7nr1GepPIrw/U9LZbiyzE8rCQONqMwK7sjovBAyecA4B+Xg14Wd4dTgotpRdot9NZL0V3a2m2ltFY+l4dxCjKclB82skmmr6RtF6XS0T/JJGPp3hvUn8gLASdpbDc8HJUqRycjPpz044rtbXwlrVyq+a+xQCoDHBQc/Njk4xtPQEECvYPDnhvVbyGI2eh6lciWFMMbV9oLjgKxBKjnueO3FeuaR8IfiBeRo0egm1icELNdskQUEYJYNyDzn7wbIJ966MJgMuw9KLq4qKvy3jzrdqPZ9vVWvouvHjsxzrE1pxw+XzajJqEnTk7r3bXk0lto/wBUfMNj8PN4Q3Fwz5UBkQFuM4zyx4zzgc8Y65q//wAINZWrhEjaR1ZgSR6hTjOdp7jGAOuBnIP1vb/ArVY087XPFGj6XEc70R0Z1AznkMoLKAOOvUjJBq7ceBvgt4fRZta8dPqDxt5ksVvdxwg4GWIjJYn5uMj+7xg8japjMhwqSbjU25mrNL4bvTz829N0kclHKuLMXZyfsIu2l+Wyk0ldK21309FZXPj9PD8Nqw27WwQoGQOODyAfmA5xj04JJFdHZ6PPKTFZ2M88sjbVW3gduTxwAuOo4Pfqp6V9DXPjX4CaEUGk6P8A2vdD5oHkL3hcqNwDiMncSSO2RxzitjTvjfqDRbPBvwvvrmSX92JIdH8uJecZRpYtykcHJPqeBkVwVeJ8uo2WHpc3n7q2UdVu/PyburJnbDgbNMSlLE45apXSUm+isr2b7f0reKWnwz8bak0SWfhnVnWUjLS20kUQxxu3MAAOOuVGMc8iu7tf2evGdwBNfpZaTbqFJaWdDJgAMwaMYIIHCnJAOcjIFejxaj+014r3Po2kjQYZFYH7bLHEYk7BVVV6E5wT6nrwNDT/ANn/AOOni1FHiH4hNaRuSJoLUs5VfvMFdT1wce2c49eCfGs43VOjFXS5bpyt8N7N2bu2k/PRPU9fC+HGHjySrVK0+Zpu1km9E7WTaWtnZp63eljz1PhB4J0mzlufFfjCGHyzvaJWS2YqhBZUZ2JYgDt1HBBJLCh4A+IPwT+GHjXXdW0t7rV7aTTobSFp/wB8JLlWVpNqDkc/ddSQR0AwK91sf2KNBMkD+LPGGsasbqZIxG1w6wruYNgiTeMnGOvQnA5yOp8E/sx/CVdZ1S4TQY2nhdhYJcbpICmnyiGSQDIUs7Lk8E8k8jBPjVuJcdiJRmpRg01KnbRp3TVk09bXsr6rVPS59JhODcpwSklh4vmjyzUm3zL3dOzTemy0enY8R1v9paLWZnXw94a1G4inkDJDp+kzF1AIC4kaErnOOp684GAKzz4t+MXiFQuifDfWpYZdz79T3W8JXaVXKgqoxnPTkgn6fopF4V8PaPYWyWWmaPpiArGClhCpyvAO7Zuw2M8k9QRxgVVvLi1tSQbkrCuArRlY48gAlMBhhMYyTgMF9MVwVs4zGtL3sXVbldNqUuttPisltbTW60u7Hr0shymil7PC0Frf4Ia35bPXd7O9ttk7HwLY+Bf2jNWijZrPQ/DkMmMlnWV4i+MMCwyWw2WBJJPQDmuysf2cfH+px+Z4j+Ik6ozKHTTbcoQOhAdgT0BGQR0Izzivp/V/HPhzSV2X2q6XZRbg/mTXcRw23oQrcAnJ5IGecbiDXnOsftD/AAp0SAtceLrV7gMyyx2bLJjacEKqnvjOQfmySByM8cq1RturWlLa6cmt1G/RXs97O3V2O6nhMLSaUKUVbbS1lZdOmnWyWmtkcNZfst+DJNj6pqXiLWJFYlxc3jpEwUZYqmQCMBsA92Awc4PoOjfAX4XabD/o3hvTxtcgSXi+dOz8/wB4nIJAPzHOAMcsceLa7+2r8M9OjeLT7fUdVmRyQ3MYcY4Jz0GOgzlgwwCQMeOa9+33cGFodD8O2togOYpLpxLIrDO0lUPBJ25yMjB5HJrndWm005Ju+sn72/Lolf8AXXTZWv0QdOLTUYK2lmnrorbWVlZa62v0e36CaT4Q0LT8JZaLp1vHb7l85bGNWDfw5JXO0j+PPr9K2/tWiWQ8m6uLRUVHcmJoo1SQckOQV4zzwB/LP4v+IP2y/irrE0oTVv7NjlySlomwFW4CqWBU/LnPJPuOleM6x8aPiLq0hS48TXpWRf3ka3LqrZ5IbaVJz6jOAQQuSKzdWitFdrTZczdrau1ldeb02730U0rWs0rbRve1n0W2tt7367N/sr8SviT4OtvD+sWz6rpzSCKInybpBtEcqMIwuSCzAEMMYz/tcnJk/aV+GGlWdu03iG1adbCANb27rIrbYk4IGdsm4Hlhu+7gNjFfh5feINTu1nN1q9xcFkOY2nfBY84fcW3YOeSCeu7sBg2uoSGI+ZM4ck/Kp3FiMjO7kgDPOOW6k4PGHtYqa93S99bJpXXZ3Wt5bJ9ba6RKaffpKztrayT3vdWT03t2dz9jPEH7a/gi3ymm217fyIAu24ZoYzgnawJAAbOMHHoOcYPjPiH9unWHL/2PpNlbKDtBlbznKk4/hIPHpx6dTX5sPcowyXkcgktuZsc5ABIbBJOB0PRhjmoftpw2xeC2cZHQkfeyM4BBJPAP1atFVd42imrrRe9ZKyXm76pNPTfZ3MVPls3PlV9NW7bdlZ67a9dbXR9la1+1/wDErVlmji1aSCFmYEQJtZSQSVXIIA3enXOcjkjyjUvjV491glrzXL+QuxP765kQYJyQqoVXHHOfTg88+IQNfXC4t4J5TklVihaQ7iOOVT6Z554Jbg13Gh/DX4heI3jXS/C+uXgkw6vHZzKvPKnJTpyRxkY+8OMnqpUMZiUo0aFWVrK8abVneKd9LddWnra3RN89bGYailKpiYQWvxSgrX5e79e7TvfTZ114m1y7k8y41OZiw5JlLbQTg4Dcc8jJBbuWzk1jvqIZ9091JLjcGzIxwwBIAAJPHIwODnGMnn6B0D9j74164onfQ006LPB1G4SIqG4LFCQchQflJHccDNexaF+wZrwXzfEXi3TrFcKWgtYzM65IyFdThmBcBcY79cEj1cPwzm+Jcb0aiTtrNuKt7rTSvfS235vfw8RxPk2FjLnxlHS+kZuTvpfSK19D4XF/BxtWSXsxOTnJyRz0HIIx14yQakF233YbZiSBjALMQSewViM9ck/QZyK/VLw/+xf8JdMWM6pq2razMGTem4RQkgKSNrc8ttIAJyDgA8ivb9B+CXwh8PGIWPgewmmiKlbi/Hmu+3ABJbIzhQeu3JxkDivfwvAmLqJyr1qcOV/Crt9FdWTSfZXtprqfOYzxEyjDtKmqtZ2VpQSUXay0bae1ntf9fxVstE8Va2wTTdC1S6fBwltYTuSFGTltmNoBJYkAepxWn4K+Fvjrx5q1/onh7R57jUbLc97BKfKS2VWKES5GE+bgn+E8Z6k/u99k0nTLKdNO0XS7KFYpzGLSygWVgsZA2lYywxjs27gkjivjb9l+JT8TvihdAOA73AlVOB/x+ucEhQeD0GMHGAPXoqcGYajjcuoVsTNwxNScJ8qtbkindN3Tb27XvvsctDjyeNwGaYvDYVQngaMakOdylzSbS1irJK3ne7TZ856P+w78W74xtqc2jaPbyEbnku1mdN2ThlQ5PB5wcZBz0GfUNJ/YMhg2vr/jmMj5WaOxs3BIGA3zFiPUZIHGRkMCK/R+6tpG3M6yxmRVYYLbduAMgZPLYP1OccGojakx4UkL5a/NInJVTxhyM5YEYOSBkEjIWvuMPwRw/h1eVJ1HZe9VqOV37uyi0tW9Vsz88reIvEdfmdKVKgnvy07PeLsr8z09N9dNj420T9jH4Raa+/UZ9b1iTjCySKkLMQD90DgHjJJPG4Z4Jr2jQPgP8LtAUNZeBdJDhF2T3I86Qkbf3hU5GTnLA5U55I7+wpYy7oxI7RoAc/KCDjuSAVx0yOD0yTjJtC2Kpt++AfmlXDbVcABcegJB55HAJ717NHJsnwsUqOBwt421cI82lndNpu9nrbW99Lp28LE8TcQYtv2+Y4hJ/ZhOUI7J2SVnvolZfDo++DpmlafYBbew0rSrFI32AW1lbI5K/wB07N3GOpOSDnaMZO8RMjIDJO4lY7YRlAGPIOABjgdhgfLwDg0+OIRlNke9gWUFTgjOcEk5zkDggng/WtGPcVEbqjENgtt5j6eg4yMYwBnj0xXTy0qVuWEIxstlblSaWmlnZWdmlbzWh5arYrEXVWpWqPb3nKXSLve7dtXZO/W7ehmi1diXuN43MWVmYsoVcjB5HXnknk5XGQatpYs6qXLA7S0WOQw3ZwxBDkPjI9MDkdptqiQK+5laRg7MCQRjgdgCOOMA+gJxUsrpbx5JRIlbHmSOFUITncdxOO30LcCs6uLw0EnKpThp73NJeStvu9XfrZtjpYPETcoxpVZuz5bRlJ3srJ2vo+it0vdMZBCfmU4AgIYIuXYkLwSecgD3+bPBJFeA/ESR5Pjv8GFjJU7LsqQuCrNjgjqCO4HUZPTbXst34m8O6UXa+1aziQKXGLhHkf1UKpBDL1wD618k/E34seEB8a/h3rlvqMcmmeHLOf7fKrBdjkDaoUEYbORnJyTjFeDjM1yyc6FN4ulpicPNpSVkoVY80nZacsbXWny0PrcmyHN4RxFf6hXjCWBxMYycLOVSpRajGzX2pPS3ZK3f7o8aahonjbxn4oufDviPRtHkurwKE1iRbeOR2AAdDIyo4JAxtGFJAJ7DzPxB8FfijdWbxxSeG7s3EclxZ3Ud/CI7yEKxYL84UAqCFJOG6gEdfm3xXby3XiG/Mt3MlooWS3KgRhmQDgSEr0DFeWOCMZxjOhJ8QbzQBa6Xc6pqM8a/Z006O1uZ5Z4xIpVo2JYjywDyqY49M14lTMc0weGhSpYqLoqChGM4K6jaKktGrLez0ba23PtIZZgcVWnXeHtW9rdtbTldO0tLJ31T01W1rnxLeWl1ZeNL+2ulRLiPX3tJo43DBJILgBwCM5Usp5AIA6ADivvvw/4z8PeGV1STXLl7c3Npp9raOkZkDyQICylQWxnP94dsZwRXxRqFtay+PJESQySf8JAkrO5Jd2mbLl+dxZTlWzluBnk19D+I/C99ren272um3+qpBqMplt9Lga4uxEkSZcqgLCNcYLYwMn0FfJ5fja2FxrxPxT5pvZatpczsumienlvofU4nC08RlNbDtN0+WMWotOTUXB8qVr9NdLJ+TR3Evx48KyXcttBaXc0kDOJmJ2LIq/xqDkAnO0Acr65Oa8M+M/jm08ZWPh6aytbi3trO+kBaYBi7HqVJwCoGFJwQOTnGCcoaJ4a8P39vJO2sWcmpNJb3p1ayutmnSudvmIAgw8akMfMOMrkDvXMePrmxs7ex0fTr/wDtW0trp3hvgqgSgpycDkDJIA/h5zjkV62OzrEYjDVYVuXlqK0VFbWceXV9HZttXvtvqfP5VlOEw+MozpUqkZwbTerV0o9VZbXvbS6tvZr7H/Z0lZfBmvOzbU/tixYGNTvHzlRtznnkZ2kdRgHmvc9Rnibe0TiTMh+eaMAZ+bO5vuggnvkj6bTXzF8G/E+meGPhzrmsasJHs7XU7KW5jhYBmjBUADPOQw7c9McgVzvin4gaN4n8T2lrofia4g0zUSJ5LXzGtIrPd0iZ2xl8EDcMA449/T4bzihgMDVhKUeeVSPKrpX5lDW703TS7W2tYx4tyueNx1CcVNQVPllOzaTdrJ9rt20suqep6/8AEpbQ+EvEDzTWxuVsHyBJHv3gNhIwDlhggHGQBySOK+YvglY2GoX+kPqVrFd6fDqU1zd28nKywW8e+SNgSdwKrja2D+fL/Guradb6fq2nw3f2uZ4/Iima7MzMCSJA2XI/iySD0x3Bq3+z7GZY5CEY+SNUJwATtFu64wQRgjGT656AA14HEmOhjswoVYxSjGFpWd02qi8lra/fTa1mezwvhJYPBVqak/ibu003oo3s/PX1XzPsNfAv7KHxTjD6dq0fgTxLA0ii6sZ5dJMlysjKscjSuI3UPllYAhlAbgHI89+LPwV8a+CPC2qajpuvaX478H2lizXN2gDX9lFLwjyXKMwmwTjzGLevHAr40vdduoL28iSKIxi/ujudMSKBK23DDG3tyCPmB524FbF38RtesdC1TSrTVdUTTdXsPs9zZteSPauFBOxo5HdQqngYwM5JHSohLDSjOpF8klDSzaUnyp/Dr1SV7vteyG8RXVaMJRjWjKShea1Wy0lumnt+OhZ+D4t9S8XaLZ4AhupIrTn5SA9yA+w5wSoYkcEHA6nIr6b+Jg8c/CrVmn0PxNfXeg3LSRWcbRNJJA5BYpIkhbEQbhSNoCnodxNfJXwJkeTxd4WI3n/TyA/fG9TnAXrznOePQDg+3/ErxRe23irW4b3ULyWC2uw9tDKVkjDBdwQq2flxgkDAPbIPOWU4iSq4hSnyqULKopWafuvXRq11s1Z3T7W9LMsNTq4GleCklqlK1tWlZrdXej9O92dp4O8eeL9fWK51rWTb2LCe3mhlwYpC0bFWZxgR5I5UknkYNfP3hRIrr4nhCUdH1m8hBQ5VleRs9TyM5wM4GN3cisOH4hwxXt19otTHZ3OfOihl2KtwUISRVyNu7Izgfh6zfCuVZvH2lSDIEl9PcKQdxCjJwTk8jAHOfYjFYZriHXjSi6jnafV3la8Lp3dltdW6u7RnkmGp0Ks3CnycyTTs0nqtLWtZp30s9Ld0e7/E/XdU8I+JtA1zQrq7spIYvJYwzPHBO9rhVW4QHY8eARtIxjPcVFrXj/xD+0BNomk3yx211oschbyX/c5z89yI3yGO0MSgBGc7c9Kzf2i5Z7e20GBdqQyNLcPOQFZGkOVU/wC8DnGc8nqa+c/C/iLUvD+sWV7pc5kuIJEyiyBY5oycyRPyD8wyAQeM4yCaMNj6kILDVHN4afIpwTTW8WnHfRWTbS113OnF4OlPESr04L28F7skvtPlbi2t7dHZ6t66tHTeMdEn8K+M4tNkmExjFvIlwoKPKWdNpK5I257AnJOOvy1+lfgr9oX4r/Cmx8NS+CvEQZLyC2i1HQtUiSewv0tQhRZGkBMSAr8rxOjAN1B4r80/GPidPF3jax1FrJrQuLS2MIcModWRmb5STtJB/vfia+hvG3iRNA8P+HpriB5opLoLgybGby0AYoRzknrgjAB69R5WMy3AZpSx2HxUI1MJKVuSd7OL5UrqyfZaNO79L9uHxmNwcsPUw7cMRFu71aTSjurtWbsvO776/un8Mf8AgrvYNpF34X+Nnwas7ZrqW0il8T+F764WSCK2KbysayGfDopyIGUHPAHBHmv7avx7/Zz+M+kX3ib4P+ILSdvFkOjWcngq6S9h1HTbzTY8Tag0l5I5klmYkvuG/OCCD1/EBPinpb27q8bLBMzKYJQXdGxgFZOWBywzzgDj1xn+FvEK3mo3xEKKbaNrm1aPBdAxypkfO/BG7GW46jjAH5tHwxyPLswp5ll06lCoqvOqSqOUG1ZtcsnJJNJpKLt6bP7KhxhmOJoywuLpqUakPZuomlGSsn71la/SL3vZWvY9w/aggSz8MfCpxNs/4lE7xK0mdvOCpO7qCM9e49Tj4yfVrgQGUKNspCuSdwbPGTwM46Hrn1PFfoF8b49F8S/CPwX9pES6naWNtHZzyKy+U8xbzVycgK2Rgg4xk85FfAWp6Nf6SrWckcVzG7kRSwuCGzjlc5AAH8JPX1r6+mqkPcl73KtJPV2Ul622tdXT0sefWlZXjZ3VrpN9Va6tdW/mV1tqunRfDsQt4jYBDkWkhPzEjLAnJHTaenbnselfaX7R84h8F/Bpv3eY/CTlY2wwlJeRfnwGzyOAMcgDGc18cfDu0+z69MBK3mLZSb1dcHBAJGRzgZOAP0HX65/aXtZLvwT8FXt7W4kMXhiRbgxo0mzBc7iVwQoBHPp35BoxdBTw8ed6RabjstElrLV6bO97edrPDDVascSnCFpJ2UldvotLLTXf7tbs+X9MvbiRYYZVt1jWZZI4vLUAhjyG7MBgk88ZAANHhhUHjmCRdi41i2OExhW8wYPAwMcYAwFxx61iafvkuIJHVlCuIwHV1DEEjJyMDvnfwDwOy1d8KsF8aw7TuYapA2TgghXXqQBnGcKD9QPScpjGNZqKuraPTqtLX6Lv1WqVtTpzN4j2dOVRWdlZtN6Wu79+t3ZK608/vXxp4j0GyuZrG+tNG1F5NPtnVbqGMXIZlC4R87sLgHvgHjk4HjZsvC2pyOTZJY3iWtzNHtLGMBUJRV9yRxjvgdK87+Ol86eNINpeINpdsT5Z2jcDu+bgEHknHrj2x5jFrepsIFju5wFUqDuOGRtqkFjliNpAKZPUHacAjza2TVni6tdVpJKpzOCk3e7jLRPe6va3W+3Ttw+cUI4enRqUYyUaSipK12/d0d0+nr2a2Ppv4DK8XiVivluAl3IykKCV3MoOCCA2O+evHXGeqv8A4SabrPiMy2OoBZNUvpJbjbcxosEkkpG1kyTgkknJ2gABtpxXF/AULLrt0fnBEEsRC7g3+qZ+nXduJ5z79OmTqctzZa9qcwur21NvfzxlDJLGdhkYqVyQD8xHT5uD1GMPP6eJdDDKjX9lKMVHpJO3Lq12bTbd76eVzDKnRVWs501UhJxbu1dbNtWXzeifW+5778Qf2WfFPgnwTeeMZdb024tLaKKZLISJJO9vINvmK6uQ3XkDndjAIJFVf2ZJ47RPFZYOynR7iThSd2Y3Jxn5gMg4J46deleV6z8YPF0nhGTwrNqN1dadLMikXExlcxDGIstyqAchQw6BiPT134ARPFpHi6aNCZpfD148aRrllPluABj5TwCD6YA6k142WPFwhXeMqwl/Lyxs+T3XZq/V3vrp5dO3MVRc6Sw8HHRcyk0+WV421tfd3t2StdM8ZvbYy3t7PGu+SS5uXiUBty7piVU8nAAOSQT1x16bXh+KT7dYtcKwf7Qgwg5BEgX5gMZ4PyndzjJxnI5+yuLkXsk0zPHKssqBZkIJ3E9SQAcngAepz1AHoOhb5b+18oQyMsiGUgDC5k3BeR94cDB6Z56isJ4hqpblum0n6cyem9n09Uux6dChH923dN8qtbW14t76+T3vptZI/Yb9juOOX4vfDBCGwmueHy55HzC8t1XGeo7kjAz82a/uffAEWDj/AEO1XkdMwKOx6YIAJGDjuOv8L37JQmj+LnwzdXUMdd8PcDAGRe2u4A4Oe2PxPrj+6AjbHbsVJH2O0JA6828fX9Txx0J4xX59xOubFSWqjam+zu7+d+/Ty2dz9SxCUMvyizS/d1rW8vYt37Wuul97bIrFH4ZlGFBIUAjsBz2BGQSMdCS2KM8ELkEdz0GSc+oPQDrk9BnbxOcfL2HOCQxOCOCQMjkccjjp0GajG3BAIOMDgHOeuCSQTgHJIBwxwckg18io8umjWnTsktPuvbvZeawUk0rpPRfK1mtOvfWzfkhinLbS2CCc4467jjk45wAD1BJ68ATx8E5b5SG+Y+w9hx82MqecjAIYUo2fMDgDjnrk9SSeO4B7A4JBHGFUA8ZxgZB689yRzgdMdxyT222nZ3td7JKy2t5bv1Tvq33iVm07uLur7WSTi7La19etrN3u9SQYKhsbQQMHPOefvZxgcHHGOp+qhUOcKfmIG4Y7AgAAZJyQFyDzjnrwzBIO44AB65IO0DOexz2OOPu7s5pwGCeeAMEA464GO4weOQfl5HXBqo62u1ZX33aXLZJbN9km3vfS18pOzdmrK2zutUn9+iv56ajHjBYbQCCWzngMBjGOgGP++fcAVXkiDZGPlz/wEHHJ9/bHb5sEVoDBwAuB82evUHp2/A8knnPGQ3AI5UkKOh79MkcHkdRnjgHBIArGpBSV7J+Tt2Wttb3svuT0JVWSastE0009bX+V3ZrS107PqjAltiWcgghRnBIHBPH3s5ycAdc988Ew+Ux2kDjaeAOpxjjgD/d9/Y4rdaFcknJBHUED8sDgj0Iz0wQKhMPYYK4HB6leOCPzx34+mOJw5emmyd9tNu/TyVztjXSUbO+1tdL6LXRO9ktvKzdzDKkgBvmGcg+x+bjGMZ5AxwSfoSmxcZB5PBAUqMDBOCeoJHQ59uvOs9uqkjgFugPuOSWBOOehyOck+gZ9n4AAJbOQd24EdQCMDOe/97GB1zWDi1ok7X09Xa79P63N44hNa67a3asna+vT7PVrd7N3yNpChiDznAC8DDZHIHQeinPTuMVAwBCrgr83JyG5+ucE88DAIPqARWz5DY+6cg/Megxz2PGTx6YXkkgCo2gHUjBBwAAckg8D0we5zwe+MVlJNaOz2XTRq1/vul21emh0U60bL4lqmnaza91J21W7b162s2rmOUXv0zjBHXdkg455PTJwvUkHIpGVeMZYD5uRjp3/AAI5A5PtkA3ngAJ4PoBxn6D17nO0g8/MMkVCFI5zjICkZzg5+bnoBgjpjB7muduSts/K7u33/wCBZ7+StupxbVrt2V1dau8Vu1u20rtJ6bbXrEtkdgQCQpABGec4wcdMenJIxxSHdgjawAGenTnqex7KAOuTwME1aK/MCMHbyQOfT3z9Rkc8ccZa3J5UD1IAO4DOOAMdeD6Dleop+0lbS97202jtolvfbeWvzYKSb0SsrN9e26t25t/uuQqQp3Yy2Qcbs9ehzgHjHtjJGMip1IIBJOGJGMYx3I4GQT+u0gYB+VgPJBAPBByOMHOO5GMZznjJpynJxkDC8YxyT0B9SM4OM5B9xRGprZ216W3s1br07PTz1FNq9mr+afS0Ulq3o+n6paKrZC9Bxx34IIxj0HHYdiAQSKfk4PIz94ryAMDBA6Yx0z6AgA9aCQcc5JIPAI4HAOQCeDxg5zjjjOJSqgBiGODjp930B6D5vboQM54qrpW7b3ej22tqvX0MnUSdmra2ael1pdW6vV+jS6qyi+795dxByMjqTzjgkAjOOcE4IxxmkKqCGAOenG48EEnr3PQYwQM8VZZRg/LyWyRjqOcEcEdck8gE5zzjLSvquBgk5GckEEYHPGB6cg5yQDuqLfupLTfrd/C793ZX6dVfoxe2fM7WWqsr6paOyu9L3s9LWTtbYjRSwJyckjOBxxwMdePXrnt0bchC4PKk5JY4YkAAcZ4OOmFHQ7upJqUKQSOq9scY5+bI9Mc4XqSO3NKFyowoGOuB19cHIxzn7wB74BBWt4Jxtrulu7WTtp5W06d91cUqrenKunRS20W6fTyu9k3awxQFyAMjI3EdC3sx5wpHHPYkEjgW4Zjx2bIGMDpz3IxkErzyCB24IhK4xkZJ9eQSRn6DJx1569ME1EpUOoBOADyfxGOMZx6kY7Ak5I3p3TTTtZqz2dtHdNrbTVaNN6fCjOylo1d22SuunXz127fdsC6E8L2k8cN5aSjZLaXcSXNtIh4KSwzK8ZU/MDlcHGBjkV8efHD9gH9lL9oO3uW8WfDnTdA16cOw8R+GIIrC6WZwcs8CItu3zHcT5ZYn619aqQGXA3AZBIwOeMducDnAzjPIxxUokJIwzADjDZ454HI9OPUkdc5r3sHja9OKpyarU3ZOFVKad+W9rptOztpt5XR5lbD8sva051MPVTT56cnDZrdR0lF8uzunt6fyiftlf8EQfGHwo8LeJviX8IfFuneKvB+g2txqup6Zev8AY9WsdOiDSyMzuwSd0jxuVEXJyc4Nfz1eOfh/r/hwiW70+8tEliEsLSQSfZ54iceZFIBggvxkYHp6V/ojftizi2/ZY+OU87SeVb+BtWnlMTMrhI4dzAdCM/KDgAdmPPP8dMPinRvG0HhqPyNLltm8OLDNYXtkZkjZHcbjIwZQ7KA3Bxk4UHOa+pyPCrMcz+q0lHDqWH9srJuPPGVmlu7Oy+Ld9lZmuNl7Ph+WPxEnXr08w+rSslB+ylRjUU5JKzfO3fRaaa2R+Meoeaj4ZU2MuCVxk+23nn68jGTwRjmJ23s21ARt/hGGyAS33vlyOc4Ct2OOtfpj8a/gL4JlntL+wSPwzdanHK9s9mxayndVJy8DfvI0+XJAwfwr408S/Ajx1oEUt9Fp76zp6ksL/RVa5bZjdulgTMiLjBJfkDIDcGvs6mUYrCpOVPngmlz09bPRbW0ba1VrXu79vhZY/D1pWjJKT+KM3FS1smoNu3R6LS9kuh8/swWJgfLLbuC2A55+ZSCODnpjGTgc9az5ypcH5fmJJVsfMG6twAAQc8HgAHtknprrS54maN1USq3zpJG0MoZSSAwkAIIA4GM5HB7Viyxg5a4jdChK8KQGIIABIPPYnGeBwTWCikk03zPRvSL6adbPyumra+VX91NWvo079Pds23dO6ttokYUsSyB1YhWGQpRcjGCcEnnI6FsEHjAGcVScDaqLtLsSAMEDKjBx2yQOcdecZzW7NDAMFPn2jgKGGdwBIYdDzgA/KMnBB6jGmVF3EBiRzgjGCMA/NjGMZ55HU54rVPSzbatprt8PW15LRb9Xe+w4ydt9t9uvK2r2+yml3T0S3boS7irj5QF4bcGGWz+HIHqduBmqjAZU9AhwMnhjznAOSRtznAPXGcHJvAI7MxJAVs7epzgk565GRweRnvgE1TOzJUAhW5LH15weh28dm6EEZFNt220st9tLK67WVl57LRaDk3d69+W/o+61b6brW9io7EEPGCwQkgfcAwSAARjHPbcv4Yrc07xRrWmuhjvJZrckFraZvMhZQMYBOcZ4BK4OOMcVhM8qb8KGHPO9TkHgEDH3vQEdBzzk03AIGCrgqOcErlgDkE4yRxnA5JO0cCq1V1drS9kl5Wbve2lu2/peviVpK8Wk7JJ8zTjvrvv29O3s1t420bVoYrfVrF9LuHKKt9an92E6szIu04Z1Xnt/eJzjt3Q39jFFolxY6ltQq7IyC6ZWPSWNjuZ2UZwCMHJAPb5o3siqHJ2sCeBnjIBGRnGOOOMkY+7hRNHrF5YyB7G4ltZY23ho3KMT3fg5OfT+HJwM5pQqNaSu0rava75dlva99U7ad9l7OGtna+nI3fSy+y3okr6euh7FcWSRy5H2jTLy3yWlhLRsJV6ksOWHHAySAe6iuhsPHWtQWyWmtWdj4k0dMqv2xEF0sQG0qs6gMJCCQCxJzk9RXm+l/EiWACDW7WPU7dwDNKxTzxgZZQy/eJO1jyeuSeuele78NawEOj6jHZzXB3GzuztRGc52qS5HBJXqTj8c6wqPo2m2k76xV7fFa1m/u00v0zdKm9ZQSaaV9El8K3Wq6O602vodzat4I14pLoWszeHdRVsppeqyMIGfdkJbXW4GPnIHzKQAMZPA9B1v4q/F7R/Blv4O1TxBf3nhG2v4dRsbead9StoLy2I8iW3uwXnjVTlwBIFwvA+8a+cNT0e8iWP7TaB7cfdubfDIQp+dwyEYHPGGIzznOKls/FviHQUNrpV+ZrTGJNP1NftFs8bchFEgcqCo52hTzx/FWVfA5dj3F43BYerKLTjVdKDnBq15Qk02nZ2bur7vextSxuPwL/2TF1YRvaUVUklJaaWvZvRP3r7db3f9D/7If/BQT4Ew6L4T8J/tWQax4jsLzSIdAudZkibVdKtoUQx2V0Aga/tHtwxEgWZCwXnoDX00Phj8CviHpviPVfgH8TdLgmi1uU6boN7eJqenzaHeKxW+gs1cXlokSkCcXBcxggscYx/MFZeOfB+sLHaa9pl14TvpFQC/03dLpk745kkt8Eqm7BPAPzN0ywHpekXHjbw7OniT4feJZLjyrdkjvPD+pvBdNbMPmjubCKVfMDgcxupByeDnn8oxHhRispzHE5vwPxFj8ixOIrfWKmDVSVbLq8pNScJYWcuWFOTbTULWTfLufXQ4wo5hRhhOIsup46nGEKSrOCVSMY2XMpJNOVn1ab5Y3toz9ttP/Zx+NXwq0ibWNX8IXmq+HtTvbnVNL8UeEN2sWD25mZpJblbPebWEAbmSTlRyTwK47xD8Q9Sa+8E6pJtubnwr4ki1G2ixJGyPDIuIpo5Cr7iVw2DwMZxivLf2Rf8AgsT8XP2f7aw8B/EXT4PiB4PEpt7nS9Xt0h1C0t3OJordpkMDbgScSAgknIJ5r9HfHH7Sv7Av7Y0HgzSrXws3gPx14n1iK2bWrOa10S90C6kwoFyU8mwuopZCQr7Bt6sScNXBivFjxA4NrRy/jThWtmeWynKLzvJIVcRRjRjZ89fDu8qel3O7u9o7GlDgjh/O6zr5LjaeHqSg5xpValOEoyStySpykn0suRzve9tDxC9+KkHjzXNY1q8mRb+8aBZbOYbo4woAKIW5HQnByBnJ4IAuSrBcT28tuVto4pFb5GzExKgY8tTjYc8jGGHfK5r1T4hf8E2Pi94JtLrXPhd4g0n4meHGjW6wtytrrMFs4MgUyM5jvpCCAv2YYdsAZavj2W+8Z+A9Qn0TxNpGq6LqMEyxS2etWVxayGRSVOwzKAUxyHyAygNkjBr984F8UuCuLMLhaWT5zglWVOMpYKVeNLFQaSXLOhUlGqne/N7rWi6H5PxLwfneXYivUq4WtOjGbvXhHmpvl63itLvVq97WutLL0PwVr+nabN4oTULVllm124dJYlJV08sKu4KAcA8kqeCByBkm98frPw/a+F7HXdO1S1uNSki0C60/TJ5Yp7q+lub5be7ENqN08Qgh3F1IztXJxncPJtO8QRONalu7eVbia63RywjMSbwAVO3KtyOehwPlOOK+HP2lT4vi8YaRrWh65LbrDFHHAi3L+VZPEBIzurOVAIPBGcnGBkc/aZvXnTwbxdHET54u0OV2j71lrrZ91be+up42TYVVcbToYinCUerlF80vdWjclp0b20Tu9Trv2q/iN4g8DfD/AFDQtIks7pNUv1lhv7eQrLZo9ur3EE0LswRclo2UbWyMetfkdrWu3uqWOpalcPaiSa2VSsaAbXGFDEgfKzEc46nJIJzn638ZeItX8VeC7SDxJcvfzR3t2k0qpl2LKys8z8htoOVJBAG3AyK+WtX8PTKLm009UksZIxuY4Byi7juGCQuMHGeoXOa+Iq4+vio054io5yStZ6tPo3f8em6drafXTwdOjUnChFxpK1orRxdtNvO+uqsrWT0P1D/Y98CXnxR+GQNnPPpGsWFjD4e8LywENba54k1aXyorN4dp/eukgQPlcbsEHFfJnxW/Z9+KH7PPxH1vwp8WPDN7onjvS9Tj1NbeUmMCDULxGgu4rnBinYwuCAmRGx56Zr1b9mv9ojxL8AtK8PW+h20Wp2n/AAkujeIoNOuURxNf6bPGfLTgyRmQIVjKlSuctg4FfqvY/tc/Cn9of43+Ifit+0R8OdQ8XWOneAb7QdU8NWOlyXraPd6hGy2WowXQjcmWz3IwdyfJkQZJxgfiHEuYcR5LmmNrSovE5PiU4r2etSg5ckIyvzRSUpSd3ZrrdOx+kZJhcux+Fw8VOMMXhqfO7yt7WpFpqFndNSitW7JtrWyaPzV/bos/G/wBvPCOi+C9S8Q+Gfh38bvhZ4a1/VtJs9Zi1Cy8QX0Nvbpfz3klszCN/te5jFM27ttwpA/Nm6uF1n7NdTm6gKtbW4kiUEFEkWORmZQSWwCQWILZIIyQB778UPiDHqXjy70uHU9Q1jwha6zqGleFrDXrqXUZNC0Fr1pLeyTzHkNu+woHjQKFIzgc03R/g14i+Kmp6zpnwz0Se8udMtf7Rk02xmVri5it1866NjbkO8kkMatK8aKcLnI25I+k4ay7CcP5HCviZ0ITkvbYjEzioSqynO6dWTd3JKSjKUpNqySfU8XOMZWzfM6lGm5z9nL2caSd+TkSi1HWyV1pa13I8z8ZW3h2OCyt9Fu5JZtPsJJtSzGymeSUKVBydnmAHJC4y2Dt6k+dadJH/ZrrnLDdIN6ENv5C7SMc4ZjjoOvHUeu/EL4U+O/hwqnxr4Y1vR0v9PhvrBtQsp7aae3kUhLly6qHgYFgGJKA5GSQa8FkbEccSOwUTqxEmVB3HIxjacKPvDGOMY4U19Zha9HF4eOIoVIVac37vJJSST5VpKN9FotL2s7to8HFQq0Kyo1I8k6cUnGatJpqNn6WSWrd7ed3bvLCXy0kBd52C7wygqYxkjBK9eB68cEgnjMs5J2k3MzIjTKAFJIQr3PIKgknqNoyMcgmuvSVxaRyOY8iUhgx3fJjAbIOcEnbzkDH8Kg558HzC/kBYwlzwedrAtkDupGckgkjIFbunGKsot2Sva11orLdLTVXfVoKFRyV5Oat0euyjddI62d9L2afke/6RL4iX4T3OqadqF5BpZ8RmzmtBIfsTSsjAzeUDgy9MPtDDOc9ccb4PvNRs9TgTKO04uZXJBLMyoxAJHUnJHBHOVAHAHv/AIP0k3H7MWo3m1A8Xj2ONAASGDQyAk4HXdnPTjtnr4n4Qs3k1m2IZDIou0AHGMK4Ayc5OcAdTnJwO3u5T7dU/aJxSUmotPd3jdrbfTe1mtVZO/HnEIynFNptwSeu1+W68r7a2et9mz5h129nfXtSlEcQlGqXGSoAJLOcgg9Qygk8cEtwTg19AfAbUoIvEGqPeEl30m+BCD5RmIkB+oDBQdvI7e9fOOujyfEmsgnLDVbnGc/MRKegHUE9sAdcLgnPuvwD2T+J7pHBPm6XfgqVx92Fsk8fewOM+3HANdGDq1Fi076tyuu7vbX8t/PzPNxFBLDzT1VlJW6O8drdNo63b/PiNR1a0mv7uSOVYj9smQRyHG1Fmba2SQCTn5scZ4GR19o+B9x9q1HxuBKig+F7vDoFO+LyiueRjHuOM88V8y6xAV1TU1bcCl7djymOD/rmyc4IOUwRzwfrXvf7OtxbvqXjtmVgI/Cl0FBchSPJIJGScD5eAOjEHviuhYtSq8sk1FN3advK23W19Hp6b81KhCmud9U0ldXb0XMvd233bdro8OuYpXmnlVhhWlVQMbVCzSKc854wCeenOO1fSvwK/wCRO+LSgMFXQU4PzDoBkFtxwW5A98D3+aHffdMoMaqzXJKlic4mkI7454OffkbsKPpT4GSuvhD4uqWUH/hH/wATjIBxkY6jJwvA45PNRqKPO4SdrS5rq9r2d1qr76draroipSTabfK+ZW66pxb0v22ervt1Ln7Prs3xN8EyyvIBF4p0dlYcEETjgAZ7HpxkAc4GD+sHxQ+Gk2oeKfGV5ot8LnULrW7K/uLK9XfA6rDCfLViQYWlxwyEHJBJ5LV+Uf7OZST4n+CI52MgfxPofIHAAnBYDHUgYyeOuOBmv3M12802y8c+PbSFZZJXvNOBYxgoplhiGCxB2EZHVgOQRk0ZPiFSx6jJRlCcWnfV8ycUm11fW1laybd9THNqM3hoyTi5w6+kovZ9GunTWx4da+MLfStdv/D+vWo0u7Tw+VitL0iaJ5EtyAtpOchlPBAHUBVJ6kdL8PEhNh4SV0iQapZajK4gOJVIvJ2C53rgH5c4A+XJAwMUl5DoGo+JPGK6hpn21rKwjtI2IE8sM7xk5SXLMinrnPQHk4yPB9W+HviXT/Aeg/ELRJ/EVhp8SavIbhHmks7VIrmaCLywvSJpF2v1xyTwK+uxGOw1JRdVqMWpKLbXNd8ujb68uiu/uZ83Sw0q837KLburwjrZNJbb2te17287K3Aax4di8W+K9fmtdRurW+0jU9TtpJbZ2KxWkfmMIW6g72yvAwASBxmvG/iNDc+HPh3YW76s95pWs3jJJFduGaOaK6IZY0B3FNvPIJA6EAg15yfFfjTQbzWbjS9cubO6vLqWS5ZjFILh5yfMdiQ3DAkAEZ4O7nIriddv9Z1qzhtdZ1e5njhlEsETlTEkrtl3XBwpZjg85Ax2HHPLGwlh4w9i5K0mpN2i7ONm27ppq6enz3O+nhZwqqSly2VuV3a0at0e/vLq0+1jybVrae21O+le2aKE3CrbuAFQptyMKR/EuDnuSSB2rnrudJEdd0ajJXO4dQRx7dSO/XODwV19YvJ/tF1BPPJcQx3YjjXG3GIyBuPcgAdsYwOoOeGKoxlG0/Kz4y3XnqcE9uAMcd+a+GxTj7abhHRyeu1lpdXT67RWuiSad3f6ulWUaVPS7dndvf4bpbKy1V7JW3ta533w48VJ4L8Xab4nMP2uLTzIHhBCsyurA8jBBXOdw6AgnpX23pP7T/gq8gSXU7S70+Z2wMEzIpLZDMeg5x94ArwOBgV8o/APSbHU/H1ta31pb3dm1hMXgnQPFvIcklSDluvTldo7jK/ZWtfAn4c6v5ELaGtpPcoC0tjM0ZySCzbCwAOD7gHv1FfQ5Fk2dYvDSr5diKUI81pUqqupT91X0TWvMt9b9dzysw4gy3C1fYY3DTbai1Uh9lPlSva93f4bdFqeoeCfH3gLXdW03U4/EOjAwLKZYrmWOGQebjaCsrBgUyAAeQOu3v7RJBo+rWzXOmaxYTByzYhuI5EbLkoVG/DgKfUAY6Y6/A+s/speGTp2u3vh/wAT6tpl1p+mT38UUzBo5Ht0Y+WzIQwRtpHXjqRkYPxva6r8SfDjqLDV9WiijbKG3upypCOVUiPcQQ20HBORwGDDG6MyxOc5HUjHHYaEnUV+alJtSty20jqtrq6drbPU7srqZVm9OTwkpJQaTjNPmXwtWTSvq7Na+mh+4GoeEtQk0uTy7NZQ0SlpbdwPkyrElckc8rtJIO04BPAzrrSL2JbGBoWnTyUVo3g3PgDDIdw+YqD2A6Y5OM/k7ov7V/xq8LqLVtau723jC7oNQhLqUUgbdyruGAMdSAcc8c+56F+3hqLPYf8ACUeE1vBAqKZtOnMLsQBhwrH5sn5j+HU1wYfiydPEOcouMOVRlGSbfNeN9NdtU7q1+lkzvrcP4arTcXKN12T01V29Nu630R9oTeGNJupG+2aPHESzAPPa7CWJGcOoQKARjrnPJOMY5NvhdoWoahq4jSS2aEQrvtpSvzNzhQcHAOAVA46eprN8OftlfCrxA1tDqhu9ImfaXTUIRIiOSN3zgEqM4GcnkEN0yfXdK+JPwx8QPdy6ZruiTtdFMGG9jt51A6ExOwJYH0UcjpmvcocXYeo4OpyqN07prS6Vlt0+TfROx4eI4VceZU2ndpaJq6tG/e/Xp+SR49c/DDUrKdo9M166RvKKrDchmAOMAZBwRgdQD7dDnj9R8JeObS/0rPkanKtyiQqh2F3yAqEEZGRwcLgA+n3vsaLTdMlZbuLUWnWSJWjMZjnMbEZUgqSdpxjPQ554preGI7q/06Z7wRFLlJQFjEcvyEj5MjneSD+IAGQSfbpZ/gqtOoozUHda2slZRastbX9OiXkvCrcNYlV7unKWiaWmytZ73Sd+mnU8U0vT/E6SXcGr+Hby2ktoBNcNErSp8oy20DOdoweB7A5JNUdXvLOTSbySN/JK2zFFnjaOQk53gqyrkDAyQSM4z05+oLzSdSSe6+x6itwGilR1fcjqCMYK8kjtgnjnqpJHn2vaReTpo9hqek201tBFJFc3MUK/NDNkZk2gFmA+7uYnOc5OTWyzGFSlLmrwceWS5dU224uN9Gt1fRq/Q5XktalPShPRpppPT4VdKSbVtVvrZ3T6+ZeF9Ws5LKzhguYZJxboZ48klMnKNkDaFzjnKg8dOM0PGc8M8mnIkkRdL1d+3axJAGe3GMdR2xk8Zr79+HL+E/B/wf8AFXgK9+C3hzXZPEunzf2R40VmbX9KeYExN5jtkrCzBkVD1BH0/PXx78KfFFv4g0KTTbsSR20/7+CUSQGVQ2RkOw3uFIUn1H3uePBw2MxGIqV6dbDexhTlGNOSlGSnBtJSikny25m0ne2nZ29SvglRp050pupzRTlFxacLqLa08nd6K+i3uZvw6XbqnihgdzJqQMSheBwC2cAdM4bBIGB1GM+yw3b+YN+6MruYFdxGccYOcsuOevHXBAyPCfD2i+OfCuq+IZn0x9t7diaJJRvVsHBVGXb83cqcHpuPeu3Hi+eAxx6po91bScFpFVvLLHuARlgvXB/XgV7NJOND4G0rNPlupfDf0Ssm9bO+j3PJk6kZaOSdo8qSsr2imrWvfRvVu6vd3Nb4hSm90qGOWOJ0kvLAsjqrZxKoIw4PB43AggEsPr5vc/D7wn4iuNRN/otjLIHXbJCvkMgCDkBMEgsOv8RyORyOi8Ya3YX+nQSWs3S8sUKvkEN5gyArDPBPJ4HTGc5q9ozSqb/yxvYsAzFASCynGDg4JyeSCeOMZrzK2XYbFSarUadRWejUdFZaq6TSa+/z1SKOPxVCceWdSLu7uMmvhUdrbX1ve3W54Rr3wH0C3P2iwmvLF5J4Y1RHLKnmMAJFZWLZBwfbHXkYjl+HfxX8JxiXwn4svZIopQywRXlxG+3aS26NpPKJUgnGOcEkcHP0Lq5H2K0MpIl/tG2UlQdp+dSFILc9uR7HHFbtwJllAVlEUkm0kjBIKgHDHb0Oc4Jx27V4tXhjLpyajTlRkmnzUpODSbVnZW2e+lm7ao+kwvEmY0oQcqqqx192aUl9m121db73u1fpt4LpX7Qnxp+Hd3p7eJ5rq+gs5In8zUbfdBMgbO0XEKq6v0AO5QOc5XIr6Y0L45fBr42Xs83jaFvBHiy7jWFNV84PZXrKNi7pD0XJ3bXJ25wOc59Q/Z68C+FfiF8ffhR4R8WaVb65oGt397aajpV6FeC6iW2c7WOTjBCkFcEEdjjP55/tRfDLR/AXx2+KHhTw7bnStN0XxfqFrpVlE+6KytTcSGKKPJPyRrtUcsQB1718lmVKvk+JeHhXddJRko1GpOUGo+629La/h5a/eZTmdPMcJ7SpQVJuXK5Q2crLvpbZ2aafXsvsvXvgl4gsbb+1NFmsvFfhkR+Zb6jpbR3D7GXcQUiYuflxnjBwc8kAeBa14B0jU7yWaa0axuxblRLHEVyR/fhIBBB4JOec5I7+GeAfjd8VPhLdxf2Zq11dabE8ZexnkeaxukJTdDLC5ZVDA4BQA54O0E4+7/CX7Q/wR+NiW2k/EPS0+H3i0xCO31i0McenXlxjaokMWEjUtkuXb5iG7AhuKGOw1eVqqVOWi5ZpeXW3uq+i6fp1Twk7XoSVRdElsrr4orS3yemyW58h23gi/wBMu4Y/JF7bbpX8yJD2+7uXvgHkMBwSB3J9V+A/w/07xx8X/CfhHWtUOiaPr2swWF5qbzxwtYRMjBd0jttVWJIJckc9cg5+ntc+DGqeH5LXWtOnsde8N3UJkt9R0l2vIZw0ZKmQRsxRggBdhwCR0yAfJJ/Ab3cJ1TQy1rqBuwWgUPbywvEp2MrBldXOMIcgddwJ4KnSi4v2TilrytO+rUbST1Wj0ezemib15atGdSEqbcqcuVxvqmrxSTj0+JJ9Ho99D6R+DXh39nf4RfEz4w+BvjnbQeKdJh1DV/D3g/UpJEuYhK0Uk1pcI8J2BvMRU3gkKHOSTXxp8TfC2ka/riWkOnw2unbLqWx8vAlisvNb7MWk/j2xbdueh57Uajb3F2xufEL3El5ZXs32oTKwWU8hZTISWkmwPmYsSB0IxiuktJLDVdQ0Jpt0cD6fc24G47nEAIUvhiUHGQCefYYNeeqVouE5uTbvzNKNuVR0VvPbsr/y6+blmCxGCxVSu8TWnz04QcXKfs+aLgm0m2k2rp2W93fU+V9T+G8lo0sujS/amh8sooJW6jkZuFjkXHKkErjJyPWvZfhH+1Z8X/gtfWujX07eKPCcE4W88Oa7/pASIABlheXcyNt9zHjkKcgV10FvZ22oyLbQD7Ot1HuYqWJkXdkAhjgEgE8cdB2rhtd8AQ+JNW1m9SUW1zHGjQIi480bS2WBHoODhQR0BxkebUjUpSboSkpReqV9LNdb3t/TtsfaUK6l7tbVWUnpon7urctf5fe662bR+i/hrxP+zx+1EDNoep2XgPxx5O7+w9ReO2LXez94ls7eXFMkjE4VRkg46ndXjHjj9nnxH4LkuW8SaGL7SruWWSC+sovNgdC3yTM0YKp689e+Rk1+dl74Z1fTbqHULETxvBNlNR095I5oJIjwd0eGVgc/xLnpjrX1z8Jf23PiJ4FW00P4iQt8QfB8MQtxbakA1/bQEbCYZpAQ5jUE/vCxyBgZxiqeZwnH2eKi4O6XtbLleytKyW17trp8zslhJTtOjOM42Tcb3lr0Ta106NWf81lZ8h4v+F+q2QudS0mN7nTTGiZhiLSRMv8AyyKcuzBcjjJA5A5weItgI7jTYbgGGSJ3iaMoQwJT7zIwyMsMZ6Ak9yK/TzwrqXwW+OOmXGq/D3xFbaHrEiln8LahIkc3nvncixOQZuSQpjBHUhRk18+/EP4P31vezJq2jvpF557yw6jDbv5EyrjYVdV25cEndnB+8c4rZ4JTtUoTVSEtbp+7vHdauLs9b3XR2VznqXjeM4OE2kne6bTakmotWafRpvRPokfL9rM8E19KrGSO3sXDLxhxvI2sQRkDjA5x/eXGT6Zdvp13pllGlrCxuba3UK0YyrbRzyMKR13EZI+U5OM4v/CKXehecL5WljniuIvNQBlJIwM7QTgdVBORu4IGAecXWDFdQooWOK3gKLvLbGZTsAYAqqkdAeeQTwM1wVaahJOcW76apb2jezelkkt/uepMKs1BKMtVy6pWkrKOqfW60l/VuV1fwzcWTyzQW5uY13yPGqsXiLkhVOTkDIXOBgYHX71dd8Nviz8QvhlqEWoeFtYu4IY5x9p0m+Zp9NnQ8SRvDIWSPI3KWQBt2SDkV21jbSSH7TtV45WspGj+aQyIZlyiKoLMGBIOMk8HGAWr6I+O/wAGNM1bxR8O7DwXpNjoJ8WeGdNluFjJ2tqUwWPzZQeFYuMyZUYJyeBg+VVw9WE/b4RyhOMlZQbUm01bbTZq687XabPTo4uHLGliY80ZxnrO2ig4tyd1/Krqydu9tvqn4P8A7Y3gjxxplv4c124XwX4kke2kEd/L5uhXU9u6yK8M7nZabpvmXLfKTjIIBre/bK+Idz4z+F1it1YG6lhvbdm1TT5PtOn3FvGixxvC8YKhsKCfmJK4PtX5gePf2dvir8PWvofEvhbUZLWwdIX1nTbaW4sgrpujkF1ACEJUhgCwPOM8VQ8M/GX4g/D7R30K4mn8QeFJ3UXWj6wrTRKmdrbGmBkhJGApBRQcYzXr4PiTFU6dXB4y69pFU3OUbSVmtHfe+uqtv6nmYzh/B15wxWGnBK8pLW8W2op+8npvpeTWi95HWaDcG3llhaVgZNNuGhDhgWLIT8oDAgrnGMgE9SAcV0ul6hcf2FawvM0U0qrGm5tyEeaAMZJ2nAJHoM4OQMXNE0Ow+MOqpN8N0ttJ1FNBvru98Paldohb7PbtJMNLmO1H3FSUjOWJI+UZ457QxN/YCRX6GC/sb5rF0kBDJLFPhlfoC4O4Ee2cr25p4mFWbVJxlyON++ztzK99benVPU82hl2Iw1V+1ikp6RlG1mrR5Ve9k3Z2ezufQXwou7q2vrKFJ3MketQB3I4wzKG5I6EcADsc88V/cx8ESR8Hvhr1JPhTS8kAk5NpGDjsRnIJwcdcECv4Z/hQkjebPL80kPiGwGdvynM6KcMcNgKceuBznt/cz8Ghs+EXw22Dp4T0nHU8i1i6ZPZc8g57r2FcuGrN4zENJK0IxadrJP2a226t36ad2jvzynyZZl2jd68tX7r0Ud1umtL3f36HpwYDgjBU8gZxncQDxkY6EnB54yACKkB+U4GM8jkHPU5XIzzgHae2cHOCaxfIYjk8L1AJIIPXB3Ac9M9gCQeZFZySgxkfKSeFXgkZOQMjjnp3PpXXKcnqrbq2r6tXvo/Oz++yZ8raHKrt6Pqumjvrbd2T+a06ypKep4OBkH5srnHbOAMHHYYHUiopGJBAHfIHfHbqRntgEjHQ46U0Ejpt6c7uTgYwffnuc9yRkmomJJIzkdMgnn8O+e/HXgAcVm67StLVvV20crpabLW9u616pXdKknaWqva2um6ei22v1vbRWRJvBGwMcZxxtPGMnHy9QRngjoRjpTd/JBPUn5iwOAAAe+O+cHAORjjmoS3QgjG05xxxjrkdOO5wDyM96dkbfUnBwDgHB+nXaxGcjJyc4GDjKu0trNrTVtLmcWnbq9LapW3K9m0laN1fs1zLS/fXZW67Pcsg9WyCQqsGAzjHVTkgAYOSPvE4IPLGl39TjO7kcY/DIHQ9AD93nkjgV92No/iwD3wFweoB5Pr24BAIw1NWQhgNuOS2c55PX73YDPU5XjON3NQr8zV3GzUU99V7rVtdN/8AFoiZKHLbl6J3ve3w7WV0lezV7Ju+mxqIUbhgFxnGQT2Ofoe4OcemSQae2CMH+IgDr6/KM8ZOTjG3AGAOKpLINpyQCMjAOcjJ2jIIyAB8x5HHPWjecIerAnoMqwLAY7/dxk8gHP1FbOT0s9723stU+/q+m3c5VC8tNLPXTdWjonZq11HWzato0rtStsPYg8DBBPyj8jnrnk5JAPPFQlBxnrjJJBPfnPTrk8DBHU57Shjnjg4yc+445Pv1x6HKkEkOIHUZOSvAxyR1GeRng5UEEdRjmhS0eunls9vN6aa3urrokWpSja67LXtpe75b6a29UvVioq9ckjPPcHkdMBc+vHc89adxj364/Ht+ODkkYJoIPQ8evr+h/XvTRkAE5JPbPc59+mMdjjGcdaV32t1/L1XfTy36luceXV32Vtm7WsrbdOmmgBScEge4x8vfAz2689f6lGXPvgcDnqM4JOffGeDz15FOyfXGcg+/6n64596UkD9O3c/Ttn6U7v5L53btrp/T+SJ9ouiV7W3220206WSaumvlUkV+AoAIb1BHY89Mk5wMeoJHJFNKENjAHPXOMMehzxnrgn6getWsKDu68HHGeh6ZJ5GemcjoAMYpg55x94dyOc9Vz75B6A8YHrSblFqy1ur7u1rX6X/BddNmaKae1mk4t3stXa/xXs9L72+RDtGRvLDqWyMnt1Ix2IJ9Ac4GasKikAAg7QDkc5xxxnkD36njk9KcCC2OMAZAxhcZ7Y+7gchSxz04yKkYAD2K7QRnPTG4AenTb3oVRrotLa9Htp2V2m772tZWQnJvlXfpe9otJ9ktvLe+qs0CpnCgAADO49ieM8kDGSSMccYGc4Lgq4P8RUYwVIPcbgMEjP3gAD0Jx0ppATGCenHHY+vr7Z6DPag4XljkkbccZBI+U+4zhc/1zWiqtpXSV3ok9el3Z66ru0tNNyeZ3S1tp01bVrre99denTXq7ZnawxjPAHUgEgZ+XnJzzkhQeeeAvT0UYK84YE5PIPOVI6kDII5OeKcAg+XcTtORy3OAeuBwCfXBJ2jsSIwGPACgjncRyCfx9O33fUE1pFp20s/v2Udel2ns3q1bbUl6287WUt0nZq+ulvO9773WjwVGVy24YI6kcnkbenAycMckLj3MqhACMFsEdjuAPAHIB9zjAGGzUPIOOCMgnAzktxxg49uAT075qRWZSc4A5zkHjncpGOwH1xx0xxsmkut1yu+uz5dOtlp8362Js1pfru9Voo721a0T7a7b3q3dv5qOjAPFIjKwB/gYAAr6FSc55zk8HgV+fX7Rvgpwl2GiYrJFI9uwRmWVAGZWyONyLngHJHAAxiv0N3knBAI2gg9uhyADxjjrgjkYGa4rxr4O07xlot1pl4gWVkY2lwABJDPg45I+5zhwSR04ICgefjqHtYpw1kr2397a6T017NpO7s7K1vayXMPqWJg5y/czklLa8U7Pnve9ldt6LrdaH8gf7dHgiXUPB88iRMJbYyEZUbnVAScYJxgEAgk8de5r+dPxdZGIyqw8spM4cEEA4LAEN/EDjoT1Y45r+zf9sn4D6vp9hrujalZPG80dxLZziNjFNkP5csL4VSH4DKDkMe3b+Rz42+Frnw/r+saZcwNHJbX06vGQyOp8x8Moznn0GdoPCrxXylSPJUbtZ8y913Ti1ZWaWi2XTbs/h/WadSnXw9OpCSnDlTU021KL5bNNNbOO976a2TufK80pjZkZCpBZzzwM9Mc5wcnK84HTcOajhucNkEqykt2wwAHHHA68Y9+TWyYYJWKSsUcg7JOMZGNuScnv0B7Dkis2902aNmdPUDaoCnIzkkEgFT6g544zW0cRH3Yz0b6vaT00va103bZq6dlqedVpVEnOnK+qbSu7Xs/JXu7Wv0absatrqS5TeQDhsKSD15zzjIGMhRzjI7YOqJVlRwD+74USKSTkcjGcZ5IXgZz6gjPASCSJgepwvY7xtOTkZ6DnufwGcbVlfIV8tmIYkMhwxMb9DkBueuATgHBUccAlRi05Q6vRp3srRd7XSt2T102exnGc9FUvFrTsn8Nt1o1bfZa9GdDJCjZPUkAAEYyQe524Bx3Pcjn5TVCeAE4G4DG3AG4D+7knBPPcD3PYmyrsSoYkjGQwzgkjjIA5B6DjI4JOAKSTB3fM2QArAA8YLc9PYk8nA6ngUoc8OVXbsnrfT7OiVr21eu+iu9ravll57JWbsmnHS6vZK+t49/IyJExj5Vzg88jJHHsenpjkc8ZzXIG05ALE5OScgruIBCnpn7uMc5xk81o3EJQblRiqqSTkE5C5+bHJOTgjbnIyBisyQMjjICgp93qc8/MDyQP97JHXAArqpVVe6d3dWV09VbS3XS2+vTRM5atKNndWu1ra6kr2tfTzdr3s0010Y0I+8DuUkblOccgDGRzzng9uM5qBguM4zt4LAcEjGBsPGTkqegYADgU8sXYhSRtJwwYAYxlsexAJw3PO3GSKjzkvn5cYOCBtyMAtyCMjJJ6DAzkZGe+nWaSV35PXa6+Wve17a30OR0YtaO1v+3kleOnd6XvrutrIiKJIWcKSRgcD3BJB/iAGGYY6jGDjmHyAPusRkliWBI6k4Hb047nk+taCsN2AyjJz8hIDd8k9jxz0XsMZGZEAVsk7lxkkfNgchW65x1+UcjPIHOOlYm2+l3e1+t4rq7dl9rV+aM3h4t2STdu/LonFJPqmk07bp26oyzCYxhl4POVBwDnvz9Rzx29KjZRnCuTk8huBwOfbBHA/HBPWtgheigELndwSB6Fh+fIPy8HjHLDDC7YZQMYyU9+cE9eOoIyOn0qvrSVnyuSv0d3e8bX0elrPbVfO2ao87tGXK9d+1u7u+l9NddtG1j7G+c7cnI4KnjkEnI6A+vT2zgmJtykknZySf4iOnzY4JJJGCOCuDngVrvb/AClolLDJ3E56dCMdzkjPUj8M1G0KjaT8vB3Bh3XnIB75AIyDkBjnOa2p4iM9I222210b6/fp89DOdGVOz3t7q0ul8N1p1ffXXVO10VInBYkbl65wSq9xzknnryBn+9jFdDaeXOojl27nACtnPbnkYIPbJ+8oPpWKsSDcwHDH1wBnnOOmTkDGT9Oc09C0TDGTzgKMgccDA/MscdfSidTRKSTu1q9dNLWW3l6NeY6UZc13rpay2eq0Stq2+3/ANmbT1RlaNeG3BSoGHyW+8MYz/tdP0Fdj4fUxmNZhsBwoOOmeQvHX5s9QeR13CuXs9RUhIrhgY+AxOSU64yeepAxgAHGSeCR3mlWRlRXtW8yIncwXJYZAKnbzjAPPI6cggA1wfWZU6i5XZKzavq0ra7WT2XXT5HoSwsZxvyxbdk9HdaxVktFrd2snve9739l8MXjWzW7BwpSRSS4BWQZ5BwSQwGSMnGOqk5NfZ3gDXWmgitZHADhGgJB5ORuXDEYAIyM45yASo4+DNPnms3UFtyK8ZZH+XGOvXI59TzwPUV7/AOAvFcFndQwXWY4WaN45WJIhAI44P3SCNw7jPO35q+0yLOFzwjKVm2km9uitslve7t5tPW/zmZ5fZOUE5LyWulndLW+qb0t5aan2gSXUEjBA3ZGSpzjo393PBydwx1BzimI2G9AApYgKwIJIb17FfQ53c4IrM0rX9OvxHFBcxNNhR5bNtMoYfK0YLZ28noSM+mMLvsg+6FKugZ8fMSy4PBweSrDg5OOed1fpOHqwnFSi42a9ekba9P0td7pnx1ai1Jrld7J2tdvZX2aemlt+qWmmVJaqV3MNj5IYFTh+AcjoQeMgnBbpkCoEhxKigbRgg98ZAJOB/DwScrwB9K21PmAB+dpXdxh15O0KD2OPXr1wDVme3jVoCysW2kBgNpJK5BO046nnBAz35NLFNKmnfmuoqyurWsnZ62bdlstL6aWKwkHGSk4u2mmqvtrezVvO1nfz1qPA0kBAGSFbGB82cjGcnpnpz1PQ5GPFPGcMqTTy7T8m07scjtyOvGCNpx6YzwPo21hTysfeHl9QoyOcnJ6jsAMZ47msDXvBkHiGxuPs/wC41BlKxZACStg7c9QSdo688A4ya8CSlKouRPbZvZWS+aWvbq2rWt705L2KVuVyaafXeyvG3n6dbu93+Yvxds/tFhr5YHzGsm2MM4JbpkdSRwcY2nPPQ48B+GqTWsrWt033I4/JKju2PlJ3AYOCMYwpAPpt+zfiz4Tv7OPWrG+tWhuPsTFkdNocKOqHGGHpjB5zXzP4W0X7NNdMyFWVI9uctyoGSMe3HQYIyRwAfn83jJSTVmpJu3Zq3vWa16RXddtDbL7yqO+krq93upWu3G6T6b67PY+xPg18SfGHwu1KHV/CF+yQ3Bj/ALR0G4O7S9TiBVnjkgYhYZn5CyoAd2eCACP2H+Dnxh8I/F6wZNJddK8U2sUb6t4Uu5VS5RhjzbjTmYg3MBPKiMMQMg8givwt0C8eK2jjckHeAGwSeSCCSSckEnB6gY4Hf2/w5qd/p15ZappV9caVrOnvHPYarZymO5gkVgyhypHnQH5d0T7kYfKVPIHTkef43K5wiqkqmGfK50JXlFK6+F68rvd6b726jzbJsHmMLygqeIdlCtFK7do2UtrpbXsmraLVJ/vZour3Gnygby0GQsiuSDEAwzkADDLkc46Yz3x9H+DPGcdtNCWmPlSMCjgA7mO0BJQcgrnIOcnOMrwa/L/4H/tE2HxAFt4V8atbaL48hjWO01FnWLSvFUaAANG7gJDqDYGUJBdjkcZA+utK1GfTZTHIJFiLbZEcbWhbscZOAQSQwG05AB6k/qmEzTC5th1VpTjOVlzQfxxk0vdkumrve1mvKx+Z4zLsTl1ZwqJqL1jNK6kk1aSaajba1nftre33Pe+F7LxNBPqOjJZxanc2z29/ZTxxT6brNpIm2Wy1G0kUw3EM6syEOrYySoDZFfzW/wDBSH/gkrd3Uev/AB7/AGVPDsmka9pDy658QvhBZMYryyliJuJvFHgjbtklhLBpZLS3DFG+4AoNfvp4I8cyaaYIZZXktnIEU6MSY9wXO/dyQOm07gP4QR0+mvJ0/wAWQ2twLiK01SFQbLVYNpOAObe5Ugia2kyElhk3I6kgqQePAzXLI1lKoo3krvZvXRq++vbfXTZq3sZfjJQahOT5G0tW0lZRt1ei7pJpNb9f4D/h58Y4PiVaWnw/+LMq6F8SNKxo/hjx7q0f2RNRktm8hdA8VrIsZS6RwIUu5gGVtu9icZ/pr/4Iw6RqeheHvjxpWqac1hqdhaI06oyyW93Gulzf6VbTrmK4t5FO5JUJRlyeBuNcH/wUe/4JDeH/ANoSz1v4rfA3QNP8L/HSzt59R8QeCrHyrDw78R7eBWknv9FESxxWPiMKvmoihFndTgFyK/OL/gl9/wAFDr79j74m69+z3+0la61pfhC8XUvB02uazbyQeJvC2szRS2ENnrZuEWaXS45Gwk7HCxgMrBcEfF/Vp4bER9xqamkk7JWUo6pp9NNNOtlsz3p11Xw9Sm5t2iku6a5ZJPROzS0adnfZNWf0f4/8PSzeIteuFtoyX8U6nKr7AzMDduxYEcZ5AOM9fbB8p+M1jOfhV8RLiSCRfJ8MmMBUIL5ZF7nOMEAnK5ONuOter+MvDMcuu31/Z65eXmlalrl9fabqGn3ZubC/066uGntrmzuI28p0aNxkKWOcL97OPLvjt4c+y/C7xxete6yWXQMwwNIfLmHmxDMqgnALHJGD0HIwMf0hUdStw3PkoQcHldudVovm/cpNtcr7u+qenQ/BlBUc/pynWqK2YQkounzJ/vVpdNaXe/RrXc8b8BaZdv4E8H7LOd4/7AtCAFCj7p+7/EO2e/cZGc/P/wC09az2vgxo5oZIg9vkM+O1xGcE457Y9ck5BHP074I0C1/4QrwpPJeanE8vh2ycxJM4Xc8ZO1QG24CjkdeD+Pzh+09Y2EXhiREa9lP2PfulkkkUMJoyTliwGNpHBGWwD0NfHZxRxK4YvKEFGGBguaNRSfK6cVeyWtktUnZLRt7n1mSVKL4khL2sm5Y5y+BpX9ok9b62a39dW9/hi/RPJEikEi53MGBz/qY+QM5OPmwMAnjBA5a/4BLHxh4eVlILa5p+Mqc4+0rgEdNwYkHHBwTgdTU1Z44pAtvE7AGGckq+QJIkXAXBUAcYJPAwep40PAc5l8ZeFQCkQfXtPTZ/ET9oXoOT1PA9ulfgGCT9rh2rW9tHdb3nFWTurf1e99P3jHuHLX1u/YzVl1vG1/l026q256z+0c7p8W/F+EGDNZjDgqMLaxBivIIPG4DjHfnIr57umcTrhXAMWTwOM4weQDyOCeMEZOelfQP7RCJJ8WfFIuJSm66hzvBAIS2iZQffgcHnAOB3r56vXHnKFcOqR8hXAHLDB55wwA3HOGxwCAK7sVD/AGvEPXWvJp3Wi51Z91bdX/yPJwtRrCYaO9qFK0et0o6NLys12/Bdz4/lkN54aCRhgfC1mCzbVUAO54PTcc4x6cgZzXnQWViFkVVQAtgMBgdVA5ALZHC5wQOwwa7rxy8D3ejjdhofDtmgKsXUMGJKttyM45I9MY61wpVXkwyuwIDKVV2OFByGA6ZPGQDkZYdMHHF0+avJr30o07NO0X7sE0tHZpOzafS9rbdWXyi8NS5vdd27O17c2zWjadtLPrdaXZ9RERr+zn4PHl8HxlqpKsNxK/Zlyc5yc4xkkcHr2r5s1aWcnyxAsZk4ViT90secc/UgkdsdRX0ZLcxSfs/eELY+YGj8W6mxRUk3hDbBQxTCnBKk5I5JPvXzzqkNzdSRolreyPjC+VbSgnaTkKCoySuBlT3BHIpSjJOnr73JHR3VrcvdX3XVtXv5MmMuV11ov39TTRXvyrW9rb7212Wx6N8P5ZYvhj8VY3VPmGmgDJJBNz2IJOCepPGSeOleLPI6ygvjaEGVCFudpHPOG4yAueOR1AJ9g8EW11bfD74l29zZXdvJNHpphN1E6FwJyW2qQN5A64zjg4z18yh02eZhh/v7RhVd+BjtgjJPYEgnPTIzpTpS1fI3rpom7WhZ7dtPRWM5uMlG80rJJ+8oreL+093e2+qfc9a/Z+y/xMstw3Kuh6rJkrgn/Q5cDkDGCRz069Oa8X1WVZNV1VcOrHVdSAC7ju23DEk9e2OcHHcZr3b4Kp/YPj21v9QR47WPR9Wje4ljkihQyWsixjewAJZyAAO5HHevIptN1CbUNRe3sLuTdqd/IWW0mYMks7MjKQpDKQQQcZ6Z5xWro1ZwSjSnJbWjGTabSs5WVmtNOjdr+U061KnWlJ1acV7KKV5xtpJXS15emqbejvbXSx4Amj/4TfwtIRIAmuWSgDJz+/UklsYwAMZx1AwCDR8TpjN8QPGG1jg63dAKTjI3ljkkAE45Cg8HjHBroPBmga1H4t8NTSaRqKQw6vZyyyHT5kiRFmRi7MV2gDnLegGan8X/AA/8Ua5408VXdpbQmKbWLx43eZU3RPIxVgDlT8pJyM4BwCM0qGExLkoewqtuzjFQbbd1dpJNtWtdr0HicZh0oydelyxSXM5xSvzRsm721V9te2jseNXbA24G1SVKEnDBgu8Y256kdMct6jcRj3T4+vC//CsYkATZ4LtkdsHk7Yxt29c7u57dDXMH4P8AjJoQgSCMl1AGwzcK25jhORjAJLYJPTIJNel+OvBGrePm8LzaDdLcw+HtEi0fUSlnM4jvYwgYYAOBlGGMe/JAz1rLcdKthuXCV3KftOVeym5NKMbtaX21dr3+9PmhmOB+rYmU8VQtH2Sb9pHls2oxbd9LtW1abd0lc+XVSMSYyWGMMxDMEHUY5wT2A6jkNyMD2vUYYf8AhSvhsKdr/wDCVTk5TnbtPzdCAAQOuOowe9X7H4AeMZif3joCW5axuCDgHJzt4HHTHHrjFdde/DDxlceG9K+H9pFBJqEV5Nq6zXKmDzIAdrKgfDEAnbnGQMDOenZ/Y+aWh/wn4mKnUhFN0pxTlJ6K+7eqsrXvsui85ZvlnvpYzDzdOk5SUasG4wSXNJqLbslbm6Jbuz1+Xfs7j7QXCjczGNmBGQGABGNwAOfUcDHA5Hp/hsbPhp8QNzK7EWgVsc55BIP0xyO455r060/Zc+ItzFGLieztotmAQTMxyQSVRM5wc4P4nB6dAPgd4h0DQtR8JajrFuLjxZPDHaTJZzDyjbKzESHHLN8uOueOQcGumrw/nNOmp1MvxUYudOCcqUoq85KK1aSXvNfO6sceHz3Kp1bU8ww7cYSlZVFJ8sYKU1ZPpFNt2to+tj4njDEIxcMVQMPmwTxkLyQMDnORwD2r6D/ZzFv/AMLDVpSxzoGrllG5gSLZwADnkZ5Ujk8H2rs4f2UtVKxebr4WQjDYsLjOOjEhuAD0GfQbssa7Lwt8Ij8I9Rn8XXuuXM8NrZTWDIbGZQovl8kSDdxhWfIB4IJxnjGsuGM+oxdWeX1oxopVJSfKoqK5dLt2VtU7dd720mHEmSVWqUMfRqTqNQiottylJq0U1u76ej6Pb4m1GKP+09Sz5gQ392yhCQWxczcOOuFHB6cHB6V1vwxRE+I3gt9jLEPEFoQ7scFQzEZB+7jnsAe49PqmP9lKwuyNSufFN6Rfs92ohtHGFu2M4U8HJUMc4wTg8DArotN/Zl0bQr7Ttas9X1ee70m5F5bsyBYjJArN+8VgCRkcgYPQnjJHdT4L4lqKNWGWz9m0qik5wXuNRleKTb1V3ra1l3Ry1eNuGaU3QlmFNTj+75UptKd+Vp2h/NpZSVnola58VfFsiT4m+O2R9u/WpggUEkgIvBzjbgnrxjrzXB+SyQoChzsONzZOAR8xK5yCOhUZyccZr7Q079niH4majrnitrrVc3Wr3kcpjliiDzxttYLG2GAIUgHGTwDg4NdVH+yFpYhEdxLqkrtJ5SsbyFTg5BJPBUgD5upznHBzXRh+Dc+r0o16eGUqc7Wk5xtuk+j21SvfZWfR8+I4xyPD1HSqVpKcLRklBtJ2TWtrbW7bHz78VLhTovwuih/eLD4PgLH0Jlfdn8ORwOBmvJWYhFYAK2GYtwOSvOCwbOT9MDPIzx9tW3wU0Xxb4gvPDmoyapGngTT7bSbZbeWMmSNmdl3scgnn0I4yRkV3dp+y34CETLNa6xKckpvuYxk8Y9jgjoMEnuD10y/w+4hzChDEUKWHjSc6lPmnWUZRlGbjJONnazjbo/mznx/HmQ4LESoV6tZVYwpTcY0pSXLUhTnCzd1zOLWz01Vz4u0W7T/hUHj22bHmvqumPtD8keaOQuSc+56H2FeKurs52MFVeCGyVyVAOOgznHqc9ea/RHXvgh4O0LxB4Y8LWmn3yaZ4k+1zahG9yMzTWsYaEkhtuzKkYHOMjP3jXXW/7PXgOERhdAhLM5bfNcbnG3jcFL4zgcYzntyK7cJ4cZ5XniqPtsJTqYeqoVYSqTesqdOSslDVOLunprezMK3iHklKlh6rhi6kK9NzpNU4q6jNwkpScubVptb6tJbq/wAi/s6uDrXjmN2jQf8ACEaiCChO79y+0cjaCG7joO+cY8I8iQmQR+XJkyHoBgmQgYBySxODx79gAP0a8a/D7RPAulRahoEs+nS32oWWlXS28UGJLW4mRZUZtpcrIrEHJwFDA9iOvtfh/wDDq1Blk8NW9y3lR5mmhGSxQMz4UcZOWJxyOv8AEa6aPh1mLxdTB1MbhoVKFOlVnJKo1apooq6d3ZaqySv1sjkr8fZd9XpY2jhsRKFapKmoycYtSpxhfmu3e7qLZu1t0fmn4EaWx8eeE7icxxQRa5p7yTCNiqxiZPmY7dpAAAYnp7DJGp8ToptT+IXi24tYTcQS6nPIkyZ2yKWJWRMKVZTjseOwNfozrGheCrbSdRksvDunxTW+n3E0LxWiBg6RMUYMy71KP/EGHIGMHkbvgXTfD0vhTRruXw1pVzcz2LvJNNawvK7ljh2MisxznBJI/wDQlPTDw5ryzClg5Y+m5zwsqvPCDaUYThHl5ZPdtpq9k106nDLxApQy+eKWDqKCxEaXLKd2+aPN2aVuW1tb31V2fk0NC1Sa3aWHTbhsFciKCSeRgoxgIi5GeRyp+buOa9M+KthqvibWPDkmh6Rq97HZeFtL0+7MFlKzJdxW6K6SDAKEHJIOCO4wQT+qlnYaS6R7NG0i3XzE2+RY2+4jALBfkIbkD1wRk85ryr4XJ9qvPHJwreT4ouI13Rx5QAvhFBX5VBxhVAA6AZJYd68OFQxmCwdTMHJY1VXzwp2lD2UYSXuXvre+/Z21SOBeISr4PFY2nguX6nyJxc7Rn7SSjZuK0dldWX5n5nWnw78dvISvg/X3yvGbWZRgclySDg465AHJABztr0bxB4d8U3Pwv8MeEY/D2p/21bavdXs2nmJvP+zmQ7ZghBcJknBKjcAcZB+X9PriwZGdfNkYeUQEDqu3scEY+YZ4wecAYJINeLXsYT4vadblpSD4ZmkbLklf3i5zuyeCQcjng4NdGaeHGGyujRqLG1Z+3xVDDyThCPLGpKKclq9rXttvu9uLL/ESvmVWrTWEp01Sw1fExkpyd3Sgmo6rRPvq09b3en51xfBn4o3qtjwhfbeCHk/dEjaRgAqAuD0yvcZGOD618NPCvjv4Uw+KL/W/DMi2evaKdHjaO9iEsF1cyosJePBYrwNwPQg/eGCP0bhgZkjjKyyOQrAvLtAB5wMEjgjjjsQCRXmnxbtUi8KSSyJGM6tpsalflOftMbHI/IkHAB+8c4rt/wBQcBl1OWMp4rESqYePtI81km/d3stXZptN/LoedT46xuPxFPBzw9FQxEvZt3m5W923K3Jbb32VvJFzw5rfjS10rSrO38HM32TTYLVpLi+h2O0UfLn5c4IIPQDr0JqTxHefEvUNFvrZtD0eyQ25ZXkn81kK4YMdpH3SPmHTPXIzXpekhpLe3DM6qIQwB4OCqBmIxtwSMgckY65JpdWVP7Nvi0bki0kVjksCcEEtjI68AcZJ7dD+hUsPOpgqUXjMTyOikuVwgknGL1ajfrsrdNbHw9TGU4Yyp/slFSdaV5SUtXzq7tzu7u0+i3ae592/8EnfEvxN0rwx8YLSw0jTNZs7zTy2qETNHPG50+6VVtizfNuBPAzg4A71+SfxJ8W6NDqXinStTnuND1Q+JdWknjv7WRIYimoyN5PnHCBlJGScAgEDpX7if8Eco4ZbT4tRFBujgt12NtKnfb3O4gMMZAOcHOOQeME/lB+0jouky+NfifZy2NvOsHxGv1HnQRyEKb3513OpZV+b5lGBgkZ6ivyThWnNcX8RQp1UpKEHJ1E5cyvHf1ulutbtdj9M4oqU3w3klSdOdpOMVyNQUW4xTl73Mnyu1lZJ7XSuec2s9lqzW0tjf2Gp2/2OIFYZorgZ8tdxwScdjyO2MA1534x8P6VI+kPPpkKs+tWyO0H7kqHYjJ8sqd7H5uoY84Hr3l98JvB2papLJaW11ol19igkjudIu5oCrGNCSIVkWIFgxPKY9iDgcF4q8BeNtAh0ybSvF41qyi1qzMVhrsAaTzGY+V++iVTtBGFLEnJBY9q/WsU8TDCTlVwEasJKLdShJSajeNm4SipK2rtFt69z80wksNLG040MbOE9b06sZQu5LRKUOaMvnbtZM3E8KQWjn+yNd1TTP3rutv5gmiIJB+bzQ7AZOMAlsY5wQKz9THie21HwzJI+n60kWqEQIgNrcvknIkmf92Gz22n5v+AmrcninxJpQYeLPh7elUfDahocouUbGMMIYyZcHkkZHGAeBmsXUfHnhC6m8PeVqsunTw6vGJ7XVLWSyliRgcs5kAyEzgnnnk4IzUTr4WdPldSWHk/Z3jVUoJqLg2kp6Oz7X3s+oqeGxccU6jhCvFe0TlT5Z7xV7uN5LXRa7tp9T1GLxLbIWj1fTNT0uZpmLj7PLdW5ILAf6RCojA4OO2ME9crla7faffeJPBMtjqFrdiKTUgyRy7pI826kLLGSCpBwGGc569geusryK+VpLO9stUtCxAa0uI51XOT8yZJHytg8HBOc9K5zVtI0e613w+LvTbcb2vFZo1NqzYjxgyQ7CCc9c5OSSQevbOnKNOMqdaFWN6bfvK696DWqe+tn2u7+XnUakFiZRqUKlGThUSsm1rH+V6ppPv016nTxFUbfIMZAOQSRncTxtOCDkHAO7sOK2PBz+bfeJAhQESxSF9wyQEA25PGQPUZ/keObw9FaKzaRq2oWIBIWCVxcW33uCxfzHx0CjI+natPwHB4oXVPEKraWeuR+dbmV7WT7POqkBQFVyNxGMsV5GTjoKnE1ZWjOcHGOqUuj9x38/ed7rRJF4OlB1ZqNSM7zTSknGbTcLaWtpvvZ2PxH+L7uPil46BXg63fAAAZGJZOSQD0yNpBBP06e0/BqXfaWoY7j9mSxQHGB9um8kt0H3Q+DjIyR16Dyf41QGy+MHjZZIzA667ciaCZSGRpXdjHk9QCQAR7kdcV9FfDvwtd2dpoLtEU+0y6TIWRCYY4mvEcMXBwSFPTqMk89K/AYz5cfiXKTinWqJNK6b5m7Wt1t1WnyTP3XDwlLD0nu1Shza6W5Fa1rLTzV01Z+f9A//BNHMdh4gG0ssWoGzVAD1s7IxggkMB8y5/u7hkAjNfD/AO1rsuPj745R96mbxHp6klQCWeBCoI6dTnJHTJ56V91f8E2UWOy8Rxh0z/bmo4nU/u2ZbdwFU5IDMRkZxkfXdXwL+1lq9vN+0D4zVY2Xb4q05Gc4A3xQKr4bpjf0PGQBnjGdMFP2dWtGL5lrzX7tx16Lba6Vnpe9j0cVFvD05SVmraNX0Si1utNl6NbpnzPYqsfia0trgkQvPqsLTE5eFhM6xtG275SCABz7AY6bmqai76hpMk7CeXRbh7aUxjG5HQ/Z5ZYzyCy4y4zzyc8kc15qx60bpQJVFxeuVDbhkalg/VSMbuufu8cqKHiPW8a/repWUYjljmtYJYOqSxmELgKDgsD8wPXIJDdcbzi5SupKLp2cVyt8yurN7q1ntzXOGE2ppNuzta+uqtd2XZppa9X1Prf4hafA/wANNA1HYEnuL7Sw7g87DGvIJHoSDnk4Hck15zeqI/A1++9RDca3HGHAwCBIhwSTnoSMk5PUg4GOo8U69Be/BnwzIsxIbUbKMK+5irwqqyRliSQRjryMccYyeL1+6gj+FwkEqgHxAWBBOQOoHQ/NuAx045UHAFOU0mndtJQvqvds4tbXurK/3dU2/SjaMru2qi09tmrq91e260T36n3L+z3+yzZ/H/4T+JfEGiXnl+OfCJvBa2zOrwG0Fu7pDd2ufMkiuQpEU8YCRyEI3TFfnp4mubvwv8YfDPg7XIJdP1aLTbvTpIbo7Xt7lZuY9px8qlDtJ6qQcEjj9F/+Ceni65j1e61DQNafSPFvhPSNUv7vw/K0htPF2kllMtndRh1iMqoD5TyDCqeTkZr8+f8AgoXf3C/tO6l438O2EJ8/SdD11bXTJVvVtbmYb7+0Lwl1jmSQMJEJyCxHYU4Tn7dxs5U3DmiuVrluo80U7Xdru34eedWpFR51KKXMuaOisny867q1730tdPoj0+9tWmg0GCRtkq6/dtG5GS37qTr7HnknkEZJxk4+lwvaWmvR3uUee0tJLU7ScpbztuOO5zuxtHbGcVf07WrLxH4c+H2pgvaXOrzG8mt5AFeC5+ysJYZFyCuCSMOM8g9K2PEN7pun6Rp9zdiJJJNH1CEB3WMu8coKMG3fNjHGACdw5xjOEqdTnl7snfe6unrFpO6dtNea179d2dkZ0pQjKUora3NKNpawtzXe+tl1stPLg7zTTqeseKLxWkS8h0y2ktXB2s7bYxt3HBAfpx1APcc+seCNXGuXz2E6tb3+nr4ehe2Ib94LbcfMyckgk5ODwxHJyDXmY1SOFV1HzoANUttLt1WOZHeFtwJ3L3G3O45OBnn7pXq77U9P03xnYatYSZuHsGF3DbxMsc8tiqFDEQBuZgxGQeoPPQVUcLiJL3aVSSaUXaMne6Tg72tbRtOz20srWiNShTd3UppNu6dRO2iSs972u7N2s9Gnous1a1ST7dO0bLPb/EvTpWjAJBDMQdxx8vQY+bkHkE4NfE/xLS8m+IHjAWVk0xl1mcyIIy5ZVjRlPA4HOCSQF47kivthvEE2pW11Hb6Vdn+09d07WczfulKqSMZcDJyCc5yD+vjGpeE9bufFHivUrfToB9pnaWNpruMSwiRAvO4nkkZyAT1wWIBr3chw2Pw9ebeGrJOF03Tbd3KDT11StdXvqtjw+JqmDxeEpRhiqV1UTm3OLslyPXXa7tfqtfTn/wBnTw7r9p4mupL6ymtLKbTXlVmwrY3g7QDzsxgdepA5PB6T9s+xWe38CmErHGjzhzJGACFjjJAIyOmByMZz1HNdz8NND8S2upXz3otlWz0d8j7QSyBskIQWG4gH5QenoMVP+0N4Wv8A4jaR8Oray+x2UscVw00txN+7kIUAtgYIJ2qeGyQT1yCOt5fjp5tTrPC1eWT0vF7JL3U1tpe/ytrqeR9ZwVLh6th4YqlOalDRTTbV43Sab0Vr21ur2dlc+a/BeiS3Pwz8SiS+trRjqenqkxCgqqPwynoVAAJB4wV5NYWj6HCutIl7q0t2ii5w0KKUYJD2IHTkY9ScA5NfRnhv4M6nB8N/EmiS6ppn2zVL6ymtLiNmcQxQyFHDMSwXftOBzwwweCDPovwE1HTGjup9dtXbNzZkQwOGDzWwVQSeODjDdSSDnIFfQzwOKnOqo4epGyT1vazUE00t/J/m0z5ulWoJQ56ifM1aW92+X3XZXel+qdl3Pjb4f6bZf8JH4oS1mluENjfsH+bgebIOcAHIBzhSQDkg96+jP2fNDs7X4kaZNBJJLLDZzuwaJvkLoVIwACVwcAjA5HXgU/wz8D9P8N6pqdwPE7XE2oW1xbmCJRBKk01xKroGcYLDJPGMcEc17t8Mvh1pXgzX7bxImraheTC0mtZrPzYcCUDC5OOje/HBJJA45KuU454WtGNGUv3bs1eyg9Lxadm79NX1t1XZgMRho47Dy9pGEY1Ytp3ulFpKzdr621d0vM8T/bJ0e0uPG3gxJVETSaG7SSNETgvN8jYJI6jr2IGQMZHMeEfDlpH8LPG5keaVl1nTQjwRIFIESr3GPUZGT8vKtkGvrz4o/DnRviR4o0W41i9v4JLLR41iEMtvv2NNvC7iu0gEjGSOQfm7jW8IfBTQINJv/DxvdWbTLktf3TyeWJJp4n2Rpwu0rt+Unjt1PAxwWV4ujgaUqlFX9pCKi2/efNHV2V+mrsepi8XhauPrJS9ycbqTi0r2SvdWT1tv1Vr6H52eH9Emn8UosdjK9rFcW/mbokCvH5oJyAAGGMbj3/i5yD9efEvQdPk8E6Vc6dNpelzvfERpaLFDLsigYtvYc7vlfIOQzAlh6dRovw48C6Prd4/2TUJQZZ4SJZGPGx8jqQWBAOQcA4bua6DT/hNomr6NfX9jpNxqcEep4jtbu5nIVhGSxAMhVc9DjgjnGa7J5XjFKi3FWk9Um1yN7dr6WSur9dr382ljcHTpVo6yfNq+SN4pSTTV2r318+r1dj5k+FLWtz46sbcX41ORLScuhGyRZGDAKmcmQlztHJwD25FcX+2Dodrbar4OEluGuLizuQ8MjgSIolyoUYyMKAMdN3HfFfZXhLwH4Ws9SW9s/DlnoeqyrcQieB5HuY3gnPmEANjdhTjjqTnnAOt8RvA2g61J4bfVtItdaeOG8eO+ukZrlFUjpt5Cg8nIwecjkGijw9j1mar81NxdNJXbvdpWTTu23Zb2STNMVneEq5RLBxhUVTnjNT05bNxVrJ9unR9ldn5k/Cz4O+PfiH4dmvfAsYn+wanJaTWMtwyOGbODEgYJuwTgEHLgAk8GqOo6P4x8JazLo2vyXVjqNg0sU1vNbEnen8CtsOSexGPXByAf0X8GaJBolrfaf4RtJtCs2MlzqItGEJmnilVvtCSH5w2BkdCAcDPJrqtY0jRbuw0u+l0+zvNRvtTYNfarAs1y7eWwDNI4LMpPckcjkYGK9Glk+aQrVpVK1H2Ld6SXOmkuXmXVO/ly6ryPKli8ueFpKMJ+1SUZt2tL4draq2l99LH5Wz+KL4XEUU9zIZrYmWITWhGzHBAITAzwMkZxg9hWZY+NdZ0m4S9Sxgnt4rtbl/tILQu/npIxKoEBypbAznseCa/UZNB0GfxLfLqOgeH3jttOggjJsoQDPKoDSFVQbiSS3HPbnNVH8H+Gn0m5tJNA0eW1GquguFsISchgyqFCZEYORjP0zg42eX5ipJU8VGEGk2tbP4bpxSb9X1u30V+aGKy5RUqtBzd01ZK62tfro10TXVLY/Hr9pLxi3xF+IkGvadayvCfD2n2uy0tZYrdJYIwJUQFA25XyAxyGwAByAPO/hfp99B4+8LyXVpqFhZpqVu8t7LaTCOOJMlnfK5AzgZ65PGc4r97Na8N+EbbT53tvDGgI91Y2KsP7KtjJGrMEaZSYtynvwee5IwKu6j4U0LTtPitE0XSrjzktUXGlWsbiNk+dAyw5UNyoZSCG5B9PF/1OxMuerLGRu5qbSjKyd07XbTs9XfS+q7npU+IKF4xp0G4qHKm5JWaSS2Scea2ya21bPh7WhBqV5qt3pBl1WO4tzCktrHJKDJEEV1YAEhVyOTgbTnPBU88vhrxK11p7R6HrDg2rKh+wyiMgDJVWYAORnpu3DpnJAP2V4NsLPTrzWv7Ls7eOKeS8RLYWyYhETLvVVC/f/vHHIGCRgAerWzXuq6gkcEaRrZ6ezrAttsBwmDgADdnnIHB4+lfVUKM8NRpUW1NwhFcyT1UVo1dO6TXm301Z85Xpxr151dU5S5uRa2TfMtbX67u3o3t+eVt4F8bmaxx4d1Ub5JJFX7MwLpz82MZwPXsMt6Vt2Xw28byWkqHw7eqJ70eQzoI/MwSQqEdcDjA4Bye3P25BJdx6jp63C3KsbDUmGS2xRGpwVxzgZ4A46ZOBxnPJO/hy3lMt2XS/SVW3PgHzXPysDnoOpwCfTHDcZvRST0V1yvZabXWrS1utb6W0QU6NJtcyk5JJLVt6pXeyd7X3vrulay+ctP8AhL4luXmvLvR4WtYLVoJ0uJoi0Tgfd2Fc5HbOTkjBwcDiPHH7M/ivWLOG40TT7CzmtpBK7G5hRZ0LBwQM/M4AOSOeCO4r62iadrR0IumF3ZzSSBpjtYxPuJbknoTjsQQvTNWdTuvM03S1RZVVpooto3qH2qB3Pzc5HXgdMjllOgq9NwqqMvdv7ujtok07aLZu7drW0ubwUaU1KHMmve3bs1bqtPwfye8vgDw9c6BoEUOokJcwadbWxRCsg8wQLHyFOD8wbnnHQDqTkzaDJPpP2Q3dtFc22qfbYtzhdw8wsEwTxyO5BHI5xleplu9qRzHcrAqXUnavloOGbnqeFwRuGeCcVyOm31tqUty9w9qgW9kQ+bNGrBF5XknOMZyeM7gvSvn6nDmCmpKpVnBuSk+RpPmlZ82rdrXtZK91qfTUc+xFOyjTi+WKV2nrpG17c1tGk/O12b3hif8AszXtCvLq7tFt7fVra81UpIWeKKOdGkkiA++yRqzKo+Yt6txX9YOhf8FhP2MPD3g/wnpc2u+KtTuNF8O6LpF6YNEu4gtzaWUUEoVyhDgOrDoAQvTnB/kuE2k28jrJdaZtVsgtLEGIJJONpwPbHfPWo7rWPDQENsL/AEuISPuYrcxqGwOQBkHcPXIyRkAAEV5eL4LyzE8iqYutDltFtThf3uVb8rWj2su3odtPiXErlvSg7NvlfMt0k1orX35r9b623/rMv/8AgtZ+yFaoz2mmeM7xQ5GWtJYQQMFWAaPgYPA7DnkYNcxcf8FxP2W41PkeCfGsygtllwrcZyQGiPBIGOuMnjGcfyuXGv8AhuNRHJqGloONrG5Rwy5xu+8AB3wCDjlckmmN4p8LxhVOq6SCcFSJUyVycHHcHt6YHTvyy8PMmjZPF15OyWtRd1uktU900lbXS5s+L8QkksJQbsr39pq3ZdZfhtvpbf8Apok/4LsfBaOO5eP4U+LbxhcyCyWK4iTzLdR+7edmRsSFuDjAzzg844y8/wCC8XhcXivpvwF1i408wszm41i2jukmA+UcoBsboQBnGe9fzZ2vjnwjELvzNWgbZc7AkMQkCjJ3BNvUZ6nGeOmTQ3xG8GHIiujIRkEfZm5+bJzweATgnIGScAkilT4FyJ2/2uabupRdW99EndOz1dvXqu0rizHar6pSSbVrRnomo31euuraV293a1z+iq6/4LyTsrGw/Z+Uj/lmbjWYWfGSAGIABbvwBznsK46f/gu98RJZdQNp8EfDtrCIFj01bm/aSWO4OMy3BUjdEBwqqASTk4OcfgGPiR4XQAC3u5AWOClozDd1+U7DggEn2HynIGRWf4l6HDfIw0HUJ1eLYCYtqg46EMo+U84PHGMda3/1HySKvHETk24q/O5NWcbtdvO3W227w/1qx0p+9Spxik3y8tk9rJu99Ot1vuj9zL3/AILjftEzc2fw9+HdsGJG5re7bYf4cfvMcDGdvT1HWuduf+C137VNwSYNE+HtoMHCrpt1wDyD8z5yB1OAerBgAAfxePxS0+NMQ+GJZDtGGl2ccA9Megz/APX6V2+K7HJi8ILxjBKBhkjgkgYHHXnBxntT/wBUcog9VzLrdPf3Ve3qt7vS+10m48VYtqzcVZ6JWja6jps9klfW2lu5+vmo/wDBZD9sy7vY2tdV8E6bEsBHlQaW5Duc7W+dnLAL6HkgDHANcfqn/BW/9uG+BEfxI0TT8qeLTS4gB0IILKfu8ZBzgk5Gc1+VS/FC+813bwtYq+xSiPtVgP4gTwBkgZAJIzjoaqS/Fa7Y7R4V0xWyAAuXJ5AztUng8Z689gTQsgyKkrOhTkr681Nu3w9Undqztq+vbWP9YsxqW5ZNa2XLJWtdJbJvS9km7311a1/Sy6/4Kh/tzXe5m+OktsDnaINPswoycnAMJ4B6ck9c9cVyVx/wUK/bS1PUBql1+0R4nS5a3FuEtIbRLYqx6+WYggfJOCATg5zzmvzwuvidrBim26BpEI8v5XktpcByPlyc45IxtA3HCge9SL4s+I7OxiMmjaOJFBDE2rlevXoTnv2z1PGa2hlfDqqRTw9DZN3pNWV0uvVp9Xr275vOc0lDmVWa1s1zcyduV6e67vXRd9PI/QG7/bn/AGxb12Mv7RvjknJYiI2iAdwQEQHgkdAR16d+W1X9sD9qy6t7gXP7QnxBlSSEq4F35ZdWySA0eCGIPRT05GcmvjOP4peKrwRyW1npUYb+KGwlfbnsG8sjORge6nqea5fxH8RPF1zFPaQ3EMUo2yMy2hiCBCGYHdEoUkdjjPXoOe94Ph2hTco4fCaW09nTVuZx67rfTfftZip5jmVSScp1+WST5k5WUvdau0rJLqlZbq99T7Dl/aC/aAuLaKGf41/EWSGMHYv9tXqYD8nGyUMNxJOQT3IGAawLv4sfF+8yLr4sfEWUF2jcHX9UTcCATgfaAACeM8crzkfe+SIvF/xCulVIb6aXaFAEVhK5OVHAxFyeO554zkfKNKxi+Mevz3UGg6b4q1yS0EZuk0rQ7ic2jORtFyqwkxEjGAw56jBq/bcP0Yqc4YCEEo+9U+rQik3BWvJp2u7dGpNLdXGsRmdaXLTqYmck+Wy9prLR6K7btdvo1fXa59HXXjHx/dK7z+PfHdxhd+1/Eerru2joT9qGMj7yndk47c1mO11PHCG1PxMwKvLIW1rUyJJWJZ3fNycsSQCx5wDjOAR4HrGkfGjRLK6vfEWh+MdG08Ron2/U9IubO0jlkYIsZlljVTKSMKqneWPC9cJovgv44+IbSKbSfD3j/UbZwEt7iz0O+linBAKtG/l4dWyCNpwRxnoayqZpkGHjGpKeWxpP3VVdfDQpc65W4qpKXK2lq1zcyve3UlPNJycIxxTlo/Z+yqyl73KtUk5dFukr7HuP2GORpPNbVJtwIBmv72QEnPd5myACQBkZ75GQKh8OaVK4MtnK+xk2+ZcSHByWyNzZyM8fNu7/AMOR5rqfwn+Onh210q68R+H/AB3ocGsXf2HTpNV025szeXh5W2tVlRfNmcEBY1yWOcADAObdfDP42wSXBn8NfECKGC3muZJ5tJvooY4oQfNkeVl2RoijMjHhBhsgHFFPiHh2UYSp4jLqkZe6nDFYaSqOLipcjU2pWmrNwctXbqKeGzNK06eKjKNlKMqVVSi2k+ZxaVk0112uz1qbwxojyNKdPgaWRsNcSCNpWAztG9yxJAwF3HA5wcdGyeGdOVEEdrCFB2kMkAB3d+Rg9cEgkgDjnBrzHw98Ev2hPGOmWOseGvBPxE1fStReVbPUtNsru4sbp4XKSCGeNSjiMqVJXJBGM5BB7+1/Y/8A2sdS8tovhj8SJVVJJG8+G5gRGiTeSxZRjufoeM9TnX464OwjlCvmOUYepSapzhUx+FhKnKLScZRcuZTUtHGV3tp0c0siz2vyypYTHVITipQlChVknF8rUlZSTTWt02rq6RctNB0+OWdcWcJRcpgWw4xjrjnBPO0Dkkk9AJzpVjDyb+ziDYypmtwM+4OTxxjHp83AGM/4a/sbftN/GPQr/wAQeBvhzr2pWNjq15otxeXGqG2RdR06V4ry3KuQzNE8bodowdvGDXl2lfBH4reJPiPcfCXQfA2q618QLNrpL3w8k1z58UlixS5xIWKusZRjvxjaCRgVph+NeGcXLGRw+YZbOpgIe1xsI4qjKWFpq37yso/w46r3m0tdX3mtk+b4eGHlVwuMhHFVI0qDeHqpVpycbqC5ffno7JXb6q17+ymPRYsmXVtPIUEjfdxBRkdDg8deMfyzhyXnhdbb5td0mE72LEXaKcYz8uCOc5wPmyecHBNeXfE/9m341fBU6CPib8NL/wANyeJVuDpJurySWG4W3QvMN4OA8cYZih5GOQCOPoT4R/8ABNH9pT44+B9K8deBfDmh3Xh3W0mnsbifU0hleKNyjM0bOGXDggAge2MmuTMOPOGctwFLNcZm+WYbLq1V4eji5YmLw9SqlrCnNcylNKErqF37ruk1d64XJM6xeLlg8Pl+Nq4mlTU6lCNGftoQm4qMpxlFOCbkkm0r73WjPP5dZ8HQHDeKbLC9FWZWA9uMHn05B6HI6138U+B0Ry/ii2dQDlQVOBjC4ORyTyOmDjkgZHpOn/8ABMP9pGT4zWHwSu9M8Naf4l1LwxN4rtLq5ug9k2nW12tncAy7sGSN26A5OMndjA6T4of8Erfj18JdGGteJdR8MT26eKtG8M3UGmoZmRtbuYoILvKNh4ovNzIind0yMHJ+breMPAsKuFw0OIcudbH06dTBQhOUniac+ZxnSSi04ydOSTdrtNPe568eDeJeWvUlluKjHDXjXc4qCpuHJdTblpZSW2v5rw+Px98N7exg87WoZ5fMkBAtvMdc85BGPlJHHUcEdOKib4kfDULubVAQFK/LZyjrzk7cf1Oc9Og+9/F3/BFX4seFPDGq+Kbn4g+HLq20jRm1Q21pplyLi4jjhEzQJk7BMVJxkHJXjnip/hf/AMEbvFPxN8OaV4gg+JOmaZDqejLqnkXWjXKSw71Ja2Y7sGUN8pOAPQDacfO1PpBeHMMJUxv9u0qlCnXWGnKGFxbca0oKaioKlGTvGMpKUYuLta56lPw/4iqVI03gpQfJzpyr0Y3inFPV1GmldK1r+XU/PcfFD4YIuBfPJnJ3CC4PP8JADHI6AnsPTgVWtPi78PSkkcYuZXErvhIbk+YOMMSzEgkdN3QfKeOK/SLxl/wRl1bwd8PvFni+4+K+lef4b0bVNU+xPp7LJcNZwvJ5Csx4eYqAhORll5548i+An/BKOX4vfDHwr8RtV+Nvhjwj/wAJNZvd/wBj6s4tLuyCzNFicGVCxIXePkyQcnB5O2B8duDsywlXGYLMZ1cHh60KFSpHA4yM/a1Ic8IxjKnzyThBvmUbLVXuRX4HzbCVoUa1CPtZ03UjH6zSalGLgpNSU2rpyTSum76K23xlL8WPDBJFppl02CP9bOIN3XB+Y8q3oe4JySCTmzfF/TLWSNo9EUvI3kpm/jYAvj0O8Lxk845yM4+X2PUf2IDoP7Ses/ASfxB4b8SWUdrp91pXxBh1kWnhwvdsd0d1LJMFjkjUNuBfIK8qMV9peMv+CW37Pnwxtvh7retfGfwxqur3XxE0PS/EWgWniqwlsRod1ltRl3Rzb7aOM4UzSMAB1bOM65p42ZBlc8HCqsfiKuY0frGFjQwdad6Lh7SMqs7KNPmUWlGo4vmdrbmWF4OxmLlVtLDUYUKipVZVa8bqSlGMopO7nbRvlvG1pJu5+YMvxOlN0xtvD+ngyL1ku02hj1YDcBn25IJO454qdviRroUY07R4UC5DA+ZkAHAwpI4PdjnpgnoP3j8QfsV/8E3tBtLe5g8ceAkuWvFS5sb3xlb3EMNsceYiNBdBi55YMW7nGMDGw/wG/wCCYfhfV7aJPFPwtu9KktYyyy+IZbqSO4ZMsGMdycjOdpIPqT0LfnM/pR4NqKwnBnF+Ki0/gwCSlaUVywkuZpvSydo7X6H1NPwoptTnW4kyilsnF122rpSSaaStpprZX9D+e27+KOtxEg3ejwk4yo3AqCW5wcehAyMdulY83xO8Szho4dU0wg7RtjRyRzt6DPA9eQB12niv1P8A2l/hL+wtrPxP+Flt4K+IXgrwj4HvE1ix8a6jojzaibZokjOnXMirLIY2lLsFJwFAyxIORr/A/wAA/wDBOL4R+P8AXZPGHxP8N/EXRoLi1u9BkubG4ctbblN3azeWfLbcq9GBI7EYGPrP+I2VJ5FRzenwtxNPE4rBTxkMohleLniouFZ0fYTrQpexjWk4e0jHmV4SUutz5uXAuGhmM8FLOspVCnXjSli5YyjGn71OnPnUHNTlH3uV8t1dNX00/Jq7+IvjKFyJ9a09GVUyAmWKlflIG0kDA+ueg6Gsm7+I/jN4mSLxDaglCqKICDySTgbByeMgnIHbkEfuZL4z/wCCWsvj/wCJmuapD4futDv7jSm8G2lro9+Y7IRHN5EgQ/KZBwBICGHzAAjJ2vHfxm/4JS654N1Tw/4S0TTNE1rU9AutKsLyPwreyPBq8qFYb4SsG8tkfAY7sY59q8Wj41cQYpYZYfw/4ttWdJzlVwlSEKHteRzc26NpOk5NS927cX2R6lXgvJaam6nE+TXi3a1WHNUSUbP4kld2SbaTdtT8EIfHvjaaNXbxOzEKqlIrV2IYYA5SLGOBkbiW6DoatR+I/iBOkkkXiDUJFKs37uxuDj+I8iMjpn9OhOW/oT+GX7VH/BMbwzoOh6VrvgTT7/VdD0S10zUbtfB8sq3uoW6LHJd7zCRI85VnLNn5m5IIJPfXH/BQb/gnHaGe30T4RPdCNFClPBdvD8yknKmS0CncF6kkBSSScYrml4v+IVWvOlh/CzierGFacI1ZylCnVjCSiqkf3L92aUZRXTmSd7ax/qXwvGnGdbjLJ6cmoy5LRcotxjeLtVt7rTu7dPOx/MxJ4t8aWt06rrOsyXTQDYgtJfM2lucxFNwQAk7tvTvnIOZqHib4jwwy3DT+JJII0DySfZriONEJHzs3lqAgz95jz1yDnP6+eJP2of2UdY/a6k+LFt8KNcm8HR+EItMh8KxabY2sTar5pYag9oIRCqFCqgNGvA654r3b4v8A7e37MXjH4WePPCmlfs5XGlnV/CV5pcOow2ejW8kFwYHSO6aRYBMgR8SHy2Viedw4NfSf66+INWWDVDgDOKsMVQw9bFVJYmNOGCqVJJVaE3JKU50EryslGWi0Z5f9g8JxjWdTizAQlSnOFGEaUp+2UVFxqXTfKpu8Vd318rH4rfCv4JftL/HqC+uPhj4R8aeLYrKVYrySwafy4JZE81VY5C5KneMhQTnPNdt4k/Y8/as8IeKfC/gXxV8OfFcfijxvb3EvhbSJJ5pbjUjaBnuceW+I2hVWZ94AwMnB+Y/o1+yn+3V8IfgV8LPDGhaN8HfE0WuJasNY1mw8RfYrbWJ9wjiuXRJFfzFhYJ85yT26AzfET/gpRoV/8Xfh143034X6tPq3hS21X+z08ReJZbsAXkLxy/ZZoJA0A2ucHcpwcKcNz83i+LvHOpmWMw2W8CJZdGWJp4LEYmtCMsROFKX1Vym8VFRVWtGCkuRWjLoehSybw6jQoTxHFVKVdwpTr06am3G8oOtHlVB2cYXcbt9XfWx8Exf8E+P2y/EFuZLf4FeJVFsCpklu2jQup2spckgAn73pyTgmvN/il+z78a/gTB4di+LvgKTwn/wkV1/Zvh/7TcecNTvUwDaxyJnM+47dozuJ4XOK/WW9/wCCv3xNtbBLfw/4B0DT7fzC8iXOrX05Y7mcj5ZySpY5yeGJIA6k/LHxy/4KDeMvjNceEG8XeB/At4/hLxJaa/4dluknuzY6pbMriYJcM6NHuALqV2t0PUYrJ8T9IvFY7D/21wdkeEy6XP8AWZU8xpfWE3Tfs+ROvUSaqqEZe78LbV2iMUvCvD0aqwfEeOrYi0fZxWGm6T96HMuZ0Y3tFOzXKrpXS1Z8z6h+yD+1MfCU/jcfBzWx4Vs7KHUJdWWCQwRWUyh0eQFAysYyG2nDY9TxWvpn7AP7WuvaLB4qT4ci28Mz6BP4ms9QurmO3M+kWsRmmkjjdN28KCQhyTx3JA+x9e/4Ku/tV634Y1jwmb/wha6Hq0S29zYW2mRpbeSqiNESJYhGBGoAWNQVAXAXAJrz+2/4KR/tOW3hgeEpfHMEelf2bf6YIF022dVsLi3kiks7ffERHH5LsiqMDnI5wT7f9mePFSMfZZbwrh6nPzSdbGVqidL3H7qhFRc003e9npaN9vPhmXhnBt1sfnNf3fdVGjTiuZW3lJJa2WqSTta9rI+bf2fP2ZfjB8XNF1m/0Hwc58MaemsXV1rF8CkM50YSLe22nu203k6MhRYo/mJYADnB9A8Af8Etf2lfjL4d0zxz4O0zQv7B8SajqlnpkGp3cFlexzabOYbiO8t55RJbFXyAZFUFTkHpXH/DP9oT4n+BvCY0/wAI+PtZ0WwvLrVpBp0Tw/Zof7SnZ7144nDBXnJywAHXIIAzWN4e/aV+KXhqzvdJ0X4meLdJsE1G+vhZWmpzCNrm+ffdTLh8w+bKd5EZXjIK16WM4W8a8RGu8HmfCGDjOvRng5YihjcQo0eWXtFXjFxvUv7Nw5JNJJp62ZFHiXw9oyhCrhc6xEY05RrKM6FJuouXk9nJ9NNU7aWd7M7vx/8A8E1P2k/g94ei8Q+KdM8PRWE/iKz8NGHS7yDU75Lu7uBBHObe3kdzbKzBnkC7UGMkAg19XeHf+CJ/7Qeu2MV7J438F2MVzBBcKrrGRGtxGsqhwJcrIodS6nkEH1yfhvU/2ifiLe6JcRap8QPFWqIoa5FtdajNKv2neridXLswkVgpDKxI7HAAqXTP2l/ijcad5Vz8SfHBhlVZDCmu6ggXgKVBSdTtCgALnAOOh3CuOpwN40VaeHhU4w4VoYqMqrxFSjlOJnRnCXslSjCnUnJxcHztyb95taXuWuLvDyLqOORZzUpyjBUoSxtFSi0/elKcIRSvfsndbn158Xv+COHxP+F/gXUvFZ+JvhXxHrGmyQNF4V0aKP8AtfUklwsiWI85vNkTI3Iqkk8DANcr+zR/wTG0b442XiS88efGvTPhBc+GtYTS7jQ/FCrp+rNlQZLg20rq0sBJwjAEEDrwa+P9a+OPi+41rRJ28V+MLiRLgyrNN4g1R2UnADgPckA5JOeCCQTzxVy++L2ux3H9qSarqL30kpmm1G5vpri4kZV4MjMx88oBkeZvHYHsfTocA+I6yrE4bGcdZesdKtGpSx+EydKVGknBuh7Kc3TnGWq52lJc3Vps8ivxhwisZQnR4ZxVTDcjUsPWzBtTldcs+aMeZO71s+V7WWtvuP4q/wDBOT4P/DjXPAGm6B8X9V+I0HiLx/YeFvEV/wCGbWPUrHR9EmfbLqUrwIVtpE4OZCA2PvAdf0f8K/8ABH/9iU6ZYajq/wAXfHt9I7FY7RJLK2aTOBGvlBN5G4kdPY4JwfwNk/aH8dS6ZDajxPqsUGQ4WySKyEzoSQ7vbiMl1JxvJZsjIOWBOanxr8ZrptjO3jTxgHF4CWGv3yNEofkIfOJwAOnGex5zXhZj4V8fY2hh6f8AxEjEYeVGNX2uIo4PknivaSi6bqU6coRgqaahFQbslfW1z2MHx9wzh5VHDhGmlUdPkpVK6mqSjGCbUpQk5c7fM+b02TP26/ZF/wCCXvwa+MXxF/aI8OeJ9X8ezaF8MfiJJoPgu/it7OK0u9GSGOVfNkkiZJpAXK5BOMYz2rQ/bc/ZM/Y5/Z++HHijwGVkufHmtR6XZaBeeLrOCO/0+K8uDC2oaS9r5SE2wy8jSqwK4J9T+Sfgf9rDxj4KvPEyaR8QfGmk2eo28dxPHYa9cQ/2jflAGu7qQzK7T8KGfcSR1YKPm8L+Mnxd1H44aro2o+I9f1jVrjR41Sa+1LWru9vWgDDjdNO6nAGcKABkbQCcV86/CDjLEZ9h8Vi+O8ylhaFXDVI4ajOtGMpYalRi3ODqKnJVa8JVai97STWqvb2IcfZTQwldUchwilWpVKbj7ODlFVJrVTcOZuEG4qyWyel9PsbxP+x/8AfA3hrxfr+hfHvwtqPijwro+jTaLpeoXFlfR+JLq6gilmRbaDDRi2dzE6EliUIzzX17+yFoX7JPhe/0yT46yfBHxzbah4c07ULy/u4zajw9fSTlpbL7KJQ005jIDyEYUHA6AV+FsselM9+um3Nyzs9qBcOPN2qSFPL5OQBjaD36Vuan4et7LVLxjq/l232exklE6qjzswRmJTuF5JX7x44HAr3s68NM6xuAWWY3jjNZVKlZV/rOGo0KFWEIRS9nDkSvFtJyTeraTTRy5fxZgaVX65hshwcaXsvYShOcpQlKUtaqck+Waso+6rLda6L+mn4ifEj/AIJs6lqEfhvQ1+HHw+TT/ENnf/8ACSeH9Dj1GSXSoyoa2j81JFKS4Odw43ZX0P5u/tk/tG/BDxb4I1n4PfCe20rxFpUviiLVNH8UxeG7TSmhsbRgZ4JJ1t0kcyujdHC7TgggkH83LtdD1XxDZLba5Z/ZWjijuUihRV2QwxsQdybgSwxkEjg9NxFXvEjaNp+mw2+kTQS5Mx2O0YCryWdSoUnaODzg/kK7uDfA/A5Vj8uznFcRZ3mlTL8VDGw+tYiChOvF+6qipwTnBSk+anJ2b0d0jyOJPEzFV8Fi8rw2V4PCQxFCWGnOmpTkoS5ZOdNyk0ptOymkt9Ohpafpem5EqWdvAGiWTdDGnLEAE/L1HIyv97PUjIuyLp0eqWmFQtG1tgr+72sJlJ+QBRnIBAPAHByKp+HLmwMcML3dq5NrFz5vIJwMKoPHYjtwe5p1+bdNVtQkkTbriCLzFZRwCCeDgDncCSQAMcnqf6cioxjTd4rZaNK2yv7rtr8nvd3R+ATrTU5x96Tbad5Ser6fc+q1b+R3E08M7XyqxLCZyhKqefKznLZyPrwO3U4+Of2jnijs/h8oYH/iaXIYjA5O5s8E9GGBnKgcEZ5H1VPc28U94geLczPhhKMYMTcYGNvsMfpivkH9pZYxpfw8kSQE/wBrTq5Vgyry7cDAIIyfTB+Ug858TiJqWV4mKad1BpXu9KkLLZ3t26Wvey19zhZXzfCzceXldTdO+lN20a79n+Nz698DyxJ8JdPw+GbWNPzkkHb5AXqDjBHuvHB5NfnP8eNUtrS+8QJMJMtrNxGoVi2BuI4PrkjkDJ9q+6fCgnb4X2LLKxhgvtJkaKPcXdCiB3JXhVHPJIPGBX57/tAagln4h1yK0sUmuf7Rd7dZmDdV3F3B7A7mwflbj5sgFfzbKpOjVxCuk1CbaS5lvC1ktG9b67q+q0a/Xs9Ua2Dw97Jc0UnLS7vHRNuydnq+i26s8q8FX8d9qNrbrFaaXa27Sz3Wpaw/lW4jhBbeFbl3GDtUDJxt2npXqniPVPDmn3WlavoGk3HiO/v7SaV/EWrxtbaKLmAhY/7PtgqvIsJH3zuVsjJxwflTwzpOt+KNdCXM7S7WnZrdW228arnAI+6QD0yACOM53Cvo1brWohoGieINPiNjpenXiWbqwW2iRzkOQcKzNyWIGcEjrXTyY3HxiuapTw0bvRckdHFNtrXtZJxjumtDyKVbB4GDnKlSeKbhGM73uvdsraN2XRJJ72asz7F8EeCfE/xI+Dtvqfjzxxrt1piXqzWPhjTpnstMjVruJWFwsJVZPMUgDeCVQjvX6GeCPAfhHwdY2seh6BplhILK1WWVoYWuCxhGS9w65ZmyMtkksfoa+GNP+KHgjwz8BtC8P6HrsGs+JJGhlubG02xW1uxnWZ1vrp28uMRbQCjHcR0A4B8k8e/tb6leD+zrjXWusLHAmgeFYZssY0CJHcXS5aQN0bymyevpjLDVMDhKtVKnKc07N2U5Saa1u7pXd29HfTdam1TD5hi4QlUq+yhfnST5YqLtypRWj0u23r3Pvv4y+OfCdn4Y1S1vNat7q+je2KaXYS/aromKdGKmOLnDH0JGMDBVga8k8XftTXOjaZFHYLpXhOyjtIIk1DXbiOW+ZViUb4NPRhPuOcqrpuzt645+F3s/2hPiToep6noXheLwN4UhjimutTv4JI7yWJpEXzonuwbl3ZWDkxs2W6dCa+rPhr+yB4Iih0/XPH93qPj3Wp7W3usahcTNYIzqpPlxMxYKpwACMbRjqeOmh9exdaSw+G9lBxTvO6Sjoo2uk33aiu12kyZywOBop16/tZRntFqclNpNp2fuvZ2k21fa9jwm/wDjt4o8e6s0HhrT/FnxDuZnZBJsu7PRllIwreXEI/3QJYjeeFALdTjofh7+zv8AFr4qvqN3rviGz8EaLFqUlrfWOmKP7QDgK0kDTIQ6squB87DqD2IH6W+HPBOh6Ba29l4f0HTdJt12JGljaQwkKBghpFRSzYx824n5j0IrM+E2lKzeM1kcoP8AhNNRV4lGcNhAGYf7XducDqemPWwvDfPXoyx9aVT2ik+Re6lZRdm781kn1tpdLex5WI4mksNXeApKDpKmlKXvys5KN7O0VbdWT16nlvw8/ZI+DvgKSK7OkP4p1eIhpNU1xmvJDLkkuFLFCuQCNy5HIwM4Hu2lRwWnxKtbKx02G0tk8KBUWCNI0UKxAAijC8fLjO0nvk5FetWemgssMUakBQN5Q5XGSQG6sMbj1xgE4wQa5kaPdR/FNrlGCLF4RVVJTCnLsMnvyTzxkL9a9jGYPA4Onho4ejTj/tFON0ryfK43XM/ebaVrvr5b+JgMfjcwxOI+sVpzSw1RtN6XtGzTi7JNa6aeR3EQmmRfLRUTEZ3j5cHLfNk98hs55GCT3FfJ/wC2Upj+HfhmBWZjJ4rsQzYGMh/m+b3B5AHA4+bkV9lWdrstljlbzCUUheQCxJO35ecnHKkgeowK+KP23dYsLHwj4NsJr61S5fxLFcNaRur3CxRYLStECSFA6ZU/KTjFd+GnTVSlG6i51qCW2q9pFtp9X37W3k9+LNKM/wCz8ZJRcpLDVpO0baKn1fVt3W7bu7W1PlO4gje4hPRFjXICjaCuG+968DPUdMcAZ4TQrdYPiF4rOFYHT7Uggd92Cc84wffODx/s7ieK9GWNXN08gLNubyJD8oPGGGCBjnIXGc8AcnjNM8S6XD428RXhkm8m4srVUAtpi+4MCwZV5CnOARgE+pr9axGJopYRqrT5VUhezTb/AHaTvrqraWWvmlY/lzA5Tj6lTMksHWTqYeSTcXbmdSmtL9Gtd2lrrqeu+UIoXDhS24PnBBI5wM54ABwPbj68xqDnz7eYbcDcRuGd2c8EA8jkZ6+3HFFz4y0528lLTVLlmC48qylUAEdBxyP4hz/D0wcHkNT13dKhi0XWcKXdR5DrkA5PJUDgD64PPOcRicwwqp+7VTaitLSlJONt7Rd30etr69LnXl3DOaxqUnPCSjTUoe9OUIy0lF3k+bXVNababux3/wAHVWSw1fKAP/blyQzdMnIO08D0IwOuenb26KMIsjkqSrgKR15YjBB5A5z2OcEr0z8m/DPxnc6PpmoqNA1C4afVrmYPuVFjyWUKSV+8OCyk7gADhjjPfv8AFvXlmEVv4XjIIBLGUHIyOpxgHHJIyRyMevzWHzOhGhDndR6yelKUk23eLty6taWvqu9z9IxeRYyeJk4KjBWgveq09Hyw0cea+6fRK97X3PUPFNu8fhvXXwD5mmX7bfugg20gY4J5yTgnAzg57Y4b4dR7/BnhsnafLtHZiCSyncCTxgnqD1Jz0HGTx2ufEfxXqGk6xbv4etI4zYXcTk3HEaSRsGcDOdyZ6HA6A98YHgzxT41tfC+kxafolm9rDbYguZHG+RS2WZs9AOcEqeD0x15HmVOONjONGtJOhKKXsnd2nFtr3bq7e7Wz6nSsgxNXLpUXWwtP/aYScnWjp+7aabT0s29N7dnofR9qXL+WEK53KZGBA4Yk9Rkkdh1B/XG+KUUs3gDxEF2BW0ssoCkMV3jIHQgcfNznOM84ryaPxn8VCx2aHpzWoYt5rNyobOCDwAwBJI4yvXP3ayPFXizx/eeGdchv7fTI7GSxdJVj3GRYwcnGOOSMEc8AgdeXic0jUo1L0MRFOlJNulypSUVum9V52vZ+TRhhOGa2HrUJyxmEly1oStGqteWcbpWS1vt1a1ufVvw4idvB/g4YUkaJZ9FOWBjxwVAPOOOpyMYPCj1OyS4eRFETgFyNpUlXA6YHQHjggjpz97NfGfgrxx8XLfw14ch0vTvD62UWlwx2ks/mNJJGqlUd/nbDE5DcjIPBNd5H8Q/jwgWN18KwRlMpiGYsdp6qQ+MYxkngKRuH3iMI4qU6FOFPA4qX7qna0Ek7xh9qUk1te9krtXd0iMXk9L61WnUzLAwTrTlK9RuV3KzT0dmrNf4rX7nr/wC0HYTQ/CDX7l4iiF7LCsG4KzIOB93GMk9MnjsTXxJCjyTQHJEZSHdu6AiJSe+evy9efyz6/wDFXxb8WdZ+G+r6b4gvNBbT5JLTfFaxyi4Z1mXA3yHATd2HJPQnmvBF0/xzJGEtptOjJSHYwBZo8JgFjg84OCAcZyVPp6WS4p4TE13VwuITlClLlUYuXVJt3tZttbu1vM8XiPKI4rAYOlRx2EahWq3k5S5JXjD3dIvVK91Zp9O52l0h8jbGQR+8zsBOADnOe4zzjjHY/drAuZhD4h8JqrAymW4Ylc57gkYGSccgcHLZwSBWK1h43SCSKfWbVZF3KoiQ56jd0HQ4OcEAc4Nc49trR8ReHo7vV2km3TMjLCAYwAQSuABxnIPOMkZHf1M1zNYjDqEcPWi3Vop8/LG9q0LbSb11u073eutmeHkHD9TDY6VSpjMNJPDYmLVJ1G4p0pWdpU1a2rbbTd/v+njfZiMW85ZSm8gkct0zkkMOR+p45rz6+dTeTwhZHmEy4cFlQB+OXztJBPAB69Qea5yXQdYmjkY+Jr6NHWQgLhS+DjaCVXkcBTkDuM4rhbzStQsNQ8ltc1SSKaMyhy4AkbOGOcgAAEknjgckYABicfOMYL6u9klLnS25UtFdX6X02T2RhgeHqUcTOUsfC95OPLRqTurq6u4p311tpe1j6c0/SI7PxxoKXAWL7R4OmvEkkXknDELvGAQTwDnoAMEnB6e513TbOWK2nntzJIAVGQN4zjJJ5UcH5j9M8nPzlc6Pcz67odlJrWrTKnhd2NyLhxNGGywhRg27yhngA9DnJ6mrc+D7ZDHPLe6rMqxqqNJcSs6knGM8kjkkZz2JOc58yhXqtVZRhG7ry+KS0+FNc1rvTTVWvsnofT43BYd/VoutVUoYamk4U5aJN62urN6emisfQeoeM9DsJHD3VrucYSNJQ2dueDIOFwAQ2VGOcdDXnvgjxp4dtPHnjW+1GeJYrmK0SMxvukfBAIDAnHy9cnJB4yRXmr+EtKnnCl74IDyXaQhz3BOeQw6+/B9k8P8AgjSbjW/EB33KxxG3VTG5GHyuQSOWx9OOcZK4rLHOVStgm2oL2zaXMm7KDs76atptvq9PI3ylUaNDMVB1Z2w8VFShZNOpSb2d/vXRO60Z9Yx/FrwZvSBjMWiYbn2HAXPAbaDkAksBhhg1map8VfDsu5LRWdEkO6V2EYwF2kAHHvkDOdwIyOK8mh8C+Ho5I3le9dZGQMzSDIAIySSRjP8AdOOAON1bM/gzwrCgEIlnZmyY5JFUBQCeW5AwcdVzgeuSOv2TcZP2sEu0pq90otbWk+uztY41jqcG4/VKkvfimuVqTV42asm3fW17vZO9rLkvBPjSx0yXxG8lrFKbvxBLPGGnCAo67SDk9iPpjjsa9ET4uW8czRR6dYqrt8jPOucqM5OM/KTxgnofUivLfCuneHwdWMsNkhTV5Igt1MqkIuSpXLZ2kDGcYPBJB6dzLB4ajK7X8PpkfMXmhZtucH/Z49OffgkjlwMf3OmIpJXcUuZN/FFavXvvfVb9TfMa8JYu7y/EybjTfMoNppxhpez1a3T/AA6adx8VBc3cEc0WmQ2UUyNI4PmFThWBAC5YMcZAGe+BxXM6V47t7OC7lS4toZJtUvXCRxyEyRNK2GyuQOMcc4zjqedO5m8KQqmy98NY3ZdfNgG5sEoBuyRg8A5GT3z14zw74l8K2+iD7VqGgQzpqt8BHM0DyCNrhwMAjJUj5lbpjAyecY4mcaeIox+s0m+WSb912ty6JptvdLmt1utLnfgacq2Bxcv7PxEFGdJKFnzSbe8fc0a1v1+5Ho3hj4j6OdQvzL9rnl8pAI0gmdWYNjdE2DggjIHI54J7r47+Ien6l4Y8RQQ2moFm0yZAy2cqmM7cEuzADaMZ6heMnFc/pvjfwDpV3d3Q8R6KhngASILEQjg4YhgPl5PXIH3T2FZXij4l+EtQ8N69Y2viHSHuJ9LuERbcASu5RsAAA4OSM4PPXms6len7GpB4mjzKM/dTituVu6Ukr9U76dLM0oUqixeGtgMTGKlDmunZPmXvO0Vre99tfK5zfgbxFJb+GNPjTw1q12RZsGuFzGJEJyCgIx5YJxnuOnOa7DQfGWuWWr6bqFh4Y1NpLWRT5E0qbZIXfDgArwTyAeCBnBHIrN8HfEfwPp/hXQbe61tftMGkCOWNbSdwrrjKgxgKTweMgnngHAp6fFLwBJdJOmu3VviSNXEWmXZDqrbm42nbuxg9MgjIPNGCnRnQpOeLhBqCaSlGLTaje12te6vr6uwszp4l16vLlk5QnKqpNuWqdlddN9bL0Su0l9J+LfG3irXPCeuRr4AvtNiuNGuUa7a9iESIVIMhQjJXIydpGBkZwM18gQf8JaNGsymk2yrHpsaR3El0CxQAkNjdzg8gryc49M/RPij46eArrwnqWnwaxqTzz6HNFbiHTLxInPlkDzCwAUdNxOc+nevmS1+KXgiDRdPguZNauLiKySKQQabetGXUnKA4+YDOMjOSCBkggzi8TD26X1htqlJKSau21Fa6aNb9bWW6ulGT4KtHBzTwkKaeLTUJv3WuVWl7zd7NWS27XMR9T8QadDLdX8lnHb2lvPcmPO4lkU7EJ3Ek5AyAeckkYBr87r7xJq2veL9Sv7q8ldJ727eCISuIUjDkKsaq4C4HTgBVOMDnP3D4n8a+ENW07UorN7+2ka0ljt4bi2kTfKRgZDAsBk5PbgjPTPx14f8ADWmi/lutQ1OGEAXDeWkbEjcSSxGFHzDnjrxkHqfgM9xmLlOhThUquknzaczbslZvb5dtNNj9f4Zy+lCjKpWp0oVJRpxje20VG6s1e34777HnU7XTXkzFpJ2feSDK5xubv8wBJBOFIPXoQBUlrbSpcRldxMi4IfLY3BuPXA7c8Z9Onp02k+DIJvMfX5fMG87UtmYYORnKgjjkc55OTjoJ9OtvBpuI2l1e7aRMkYtWCuAOAPlzjAIOe5wQCOPl5Varn7yrNuzV+a1nyvpq3qt/Np6M+t+rQko6U1az0iv7l3dW36vrrs2cvAdSSwiQXE0IWVlURyOm0A/N93HOcdvU5r3JNMlHgW1mn1KeBpPKmV0kkMsvmsUIDbwSAq468+ueayYNM8FTxpHcajqKw/NMDFbnJcNnZgjgnAHcAEd+B3+v6v4Yv9H06Oz+2wWunW9vapEUUGXyzzK3ABJzlcnAbnkkGvXy+riElZ1bpRVpe0jokru900lo31emh4WOw2HTUm6TfNeV0layTu7Wej1aTV9F6+Sw6BeSatDpIW/vY7grdPI0km4QEZc4JOAuRgEA4JIPrzmraRNpOsThWuYYoW2RoN6updiFzzuJ5yD0GFA64r6C0u/0yBo9Wtvt8z7fsoldVAji2nILEcjOSSOfocE+bazrHhafV5ru7ub2UEFZsqoV5UZiFGOML1zjqTzjJPRXqYinyy9/RqSUptStaLSupJuy169H1ZzYKlTnUceeM9o25Y+6ly6S1u0rXfkrpIr6d4V1S6tWup728cyMmyAvIm9CM4JZsdycd8jHPFegeEtBstEuBJIJZ72Xc8kEm5lVSD948gjtwOPQkDFbwp4r8PanbajHMmo/ZLZRIu10WRsLhFQkYwMcr6Y7YNYcvi7TbiaWTTrbUmuFLxkmdCAikhVOOjAABh6nu2a8jF5jjK6nTblyuySbk3ZtXa1flotLLbS56ayjCKcZtU4O924xir/C20+uiVldpdt2e3ap4kt9KtJJ7aWMTkhDHuw4JVhzgkAZAyCDkZGMivP7XxVd3aTLPIuJt6klgPLAyQcjAzk4UkcDH+7XHR3UV9ptzdPpdzcMrjf5lwQquW4AGeR7jAGQOg+XObVBFbhYNIhikfB+eYsWAx1AY+nGcZxgc4NePSw9WN3ztN3kr8z9520d00tr27LTudFfA4WTjOUU7JK1tGk1rs0mktdvx1muYdQjvJJpbh2BdymbjCtGehB5Iz8oxk7c9SKvrYPLEC8a8BSrl2JAHIYZLZOARgdAQDzmtKz1C9fSJNSTT7CURukeyQFiCMdPvD05G0EZAyDTpvHWtQRrDDpWms2z/niMAkcbTt44/H2zyKrVMSoW51po25NfytL4U7+SVnu+h1QwmGUYpRXLZK1kk9ttFdp32UbpX7NPNhFbaRdw+bF5hQ3AZIGaQlQP3aEDrwBnLckkZINcpr+safqvhg2EdnFJqVtNCULW7KExgszttCtITnI+bPIFdPbePvEk8cymxsgYY2UItoCTvO0ZfZwBgEnkgf7JIHnU/iHxM0sluotVEk7S/JDEH3BicE7DwpACg+hPSuKnRqTcZubclJNxTk72cd7Oya0s3vbXe56EMRShS9nGEeX4U1ytuyj6tPtZ72XY8/1O8zfQxmyLGGJQzxxsiGRVGV2tkAHjdtOe5wckPsdRun1GyZ9HeZUmR3hWNv3u1g3lyYxkcfw9Cc8ng9u9xrU9x5zJE8wIDsYYiXcEf3VJwN3HOMnAz0ptnJqc2oRi5mW3UOyM6xAcYJYq6oChXacZzk5wc8Dpn7RxlV5tpLVJNLb3Xd6PV20XV7bcqq4dVVCUIqWj6e9G0Xqunrok3otNOk8WQXt2tvf23hRLeP7OjnzZRGfLYD5Np4+QdOQQMDaAvHnCTXlt5hk0rT4cFsGSVW24PfBJIU9jnj3Oa/Zf9nn/AIJiS/H39mS/+PepePLzT93iKLSNFsZrmRbSSMSrFLLckPlFUv8AIpHzYxwOa8z+IX/BPew+Gmu614b1+41m4Npb291b3phkNvPb3ChjdKXBIgDECMkhWByCQBXyGE4ryyrmFfLZYtvEUZyhKFtpq10m7p63W9vuseusLH2FPERppU3HR2TTejas01rbSyu2+vX8sjqu7M7LpiAtHE0aKGJDHHJGeoPXvgE85z9c+FNPs18P2ctpYxRtLFEyZiKm4YgFmEhwSpbOOc+owQDJ4T/Zb0PxB8VPD/w7ttXEMHiDX7XSLe6WHzpVMsg3TSIuRuRclRwCeMckH95PA/8AwSX0bVRcaDD47u7ubQDFZpZugtZZAYl/fyB2VkCEKCuASBtB+Y48LjLjnI+HIUaWbY36u8RFyp+7KSaW7fKmlpdfC7arU+p4N4Zxefzr1sswsajoqMZJ6S5tHotN7dFbva1j8Jda8IX+oQAyW8Fs8qSG3MckYJDKWO70788H+8S3Xm9RsdPtvDVpo955kht47hAyjDrcOylwpXhkJBOfbggA1+g/7X/7Jmufs3arLpd9qiX+n3MjQ2OoWCXEktsVUl0uFyfKbnAzjPJxgHH5h32matNLnTdQmlltZZowtycJINwG9WbIbOcEAEj1IwR9BwHj8BxFDD5pleKjicNNc1NxfMpaJNNNRsk7XTitdDzOMsHi8j9vg8fQlh6yWqlaSUZcj3SSs7bp6aO7K2peC9O8nSbmxm8iUFUkRgcZbI3tyCfYA/Lk5z0rUis7+ytLFdNmKzRXjRZjyN64PzPkHd0OPu4HPbFZFr4ku7NXtPEWlSFotqpcQkMFCEnJHT65HqTwxzs6drtrctGNOvIGia7WYxysFlVWBDZyf7vU5HTOPT9WlQUJK7UZyteKveMrK2j17JuPbmSdkfi9eVWq7LWk3uldaWae2t7a2at6JsxNWW+uvDd7K8QkT+0ZEcIN0rTFsByvIPPJJ4GcdDg8Kbqa3jWKazdTEoijcAhzkAknaOcnJznnGRgEKfWdQlMVg8KRtEk+rO7sFBjYZ3swI7DO7Occ46YrVvPhxrC6G3jSRlNgPL8oIhYN5h2sWXna3ygjOSSNvvXVGosMqXtK/I5uEYx6SblHq9HpZK23TZ3dPDvFQqNUoz9jF+0ajrGK5VJq/Sz0ts31Z5Uuow3NpBazXrxS210j+SFYZVyMljkEBVz3J645bI7GKzuXuBLFAbyG7RxBK7hQMoFLKNxO1MHqeffPLX8HRJbPqO/zZrq1Mu07V2Pu+6A3dRwQeMH0xnvtPt7fR/CWnOwFxqF2ZwBID5kO9MIY88BUwCcADgkdOfQq4qTgoTav7qb97WMZJLpbVNbK90723PIeGwzqpwVmml/iipJbOy1TXRapvTU8/wBM0G2mhSXULeVl+3uigsSB82DtAwNoAYEk8DP1HYL4L0N7ooLZVSIebGrqDE8hUFQxJOP4uhIJycKTznabeImji1uXCzyai5SXBJwWLNnqvPO48c9SetdxG3+h3qhkLJHtR2OHICAHb3Ixxgf3fmPDZwajUjBzUZK0bOSUmrJNxvrZXtZtWtbTq/UpNU1GFOaSdnaLs3ZJuMoqSs20rWdtdNWjpPgx4t8K/Dv4ji912aHT9OayhhYrEskIlaU5QonKhsjdgjGc845+9dQ+NukPo9pbWGgxX1je6gt1Zz6deRjfGHJWRoE27SOo3jKnr6n8s9I0CXxJda9Zxw2806JDOkkoBKFdpAVR8wZj8oAIwRgjkVvzaf4m0eOwdZpLSS3OwCOaWIJgg71iJVeOGyBgkAsO4+dx2KnhsRKmrqDV0lbmXNa/Nd6rZpWW+j0Z7ccuw2I9lVnzOryxadr31inq+sdLX3erZ9YPeXvi7xb4gn0ybULbUbS5GrxxWoP2iBbaLdlXReJt4yW49RxhTu6l8X/G/i1dH0H4heINf8SaL4bYTWllqLvK9krOB8pkG8AJwWyec4HBx8ufD34peIfAN74luJ2hme/tBZyXd2A0nmO5YSK4wd44B5IZMDBHFexWnxZ8P+O59Rlv9PstB1S20eCztpbQNs1KcIFaVznbvlPzNkDJb+HOB+D8Q5NLF59Wx2IynDYmhhoqtg8dKFOpicPUml7WMG4uUE7OzjLZ294/e+H8ywNLh+jgsPmtfC4qf7rEYRtxw9ZK3K5Wuvs/aS1201PY/EHh/TdY+E2oahb6pbwzr4lt/Kiuok85tPnw4jiyB8ibst6kDP3a8ftdM1Tw5b3X9hazqunXSXcM1vLp+oywQNOhVkfyFcIj8AhgpwcAEGvTbPw59v8AhXftaWHiHUbqz1mzeRlhkksbYOi4jeaPhN2QU3NjBxjAFcVp/h68vb64tl03UkeMxMkBEu9pQdgjVWySTyFI4AOOhzUcO4LB43B5isUqeJprH4ik6dWMZqMYxhyxlCXNFRW6Tdt3qcfEOJr4LG4OGHnOhUnhaMoTpTlHnlLZpxWl7vRNPW90cn4ibxz4m1E+J/F97qWtT6XdWX9o6lK4llisCwVmebBy5jBA3ZYkdCSSf3gtvg9+w3+1X8E/CWm/Du60qz+J+geEILeWeC4h0zVv7bt4FMsWo20rxi9Se5XJdUPykAcdfzJ1zQ9W+Hvw8+Jmj+KNAudKutT0TRp7SG8hxJEl4kU8MrO64Bmh5UZBxxkjJHwVpWv63oWoi90rVdT0C6imSSG90m6ktpsocruaF1ZlOAPmLL69Co/PPEXwtzLjrD5JieEeLc04LzHhnGzxWUV8rdsDWc4UlOhj8DGdKGIw7jHlUL2UZTSi09Pf4a4ywmQV8XT4hyTDZ/h8ypQhjKeK0xNNapVKVaUZuFRxalzNXuo+8nFX+rviN+yb8aPAWn+IPFOpeCbq48PaReXGnXt7piG+S3WF2jjnnEIYwxyIocs3yjqTywr4/wBXkxa2cZUxCKcowZWBJ3EEZb7vIHJHA4GQAK/T/wCA3/BRX4j/AA98DeN/Afi6x0/x74X1zRZ4vtusxi51G1muITG0riQMJ8B85lLEHG3kivBPFX7JnjLxv8PbX43/AA21PRfEfh3U4dQ1jXfD9lKiaj4ajjutzia3LbvLO5tgC7QpIHevQ4O40414fxWJybxWw+V4NQxOHw2ScRZdUqfUM1VSmrrFU6nNLBYnmjpGrKNKcpWjJtWfPxBw3w9nNCOO4GnisS506tTH5PiIxeMwMIuEuajyte3pJt8zguaKSukfNPhC0iPibw3NlRHHqasQF5cLGePXI6BQeeOATkeeeN9PF54p8Q3IYBZdXu2UBCThnwG+7x0IGCOf7xxX0fB4LutIu/Bp+zT2TXeLppbmJ44JcROJPImKhGZH4YBjggkEivGNc0vzdU1TcWydQuHZxnBwxJIYE8HJx2GNvOOP3XCZrRxlOlWw1anVpqNlOnJTjK7Sesb6JLbVWe97I/KcRls8JKca1OpSqc8XKnKEotfDfR67PVW9b2PJxoAUeWZWOWRwWViAN69zweBz6+np6H45tYY7jShub93pNrENo3KSVIDEA8gEDK5AJHXGQFGkRhNrCR2BjAZASNu8BskgYIB7duxBre8faWtvc6cI1dyNMswFxkKuxsjIzkrjpzgnjPONKuIlN01Jx0cut5N2ilba63v568wUKKUamiTtG63Styv7OraatbfTzR44dPVnNsclZCHOArOBzk8k9DgBSRkZqrpGmrFrFoShEVuZnJ3YBReQCvXI5xyTjrmuoeyjjInlaQ4ADJyCoYkdiAe4zk7R1PBzpaPpwmg1UCEZtLOaTzScuolAKEH73OCMZ4DZIrGpX5Izkk9Y2aTdvs20u3pq3e1r9Vc3oULyjtGXxLq0k07ONkk92tNHpf3rrHn8rymVj96YtkFsMjvwVbr3JHJPIx0Ob9mjxw20IQSeZdhipcZBABAIGB0OcFTnoT1FUl08ytCpOV2RudrlQCD83HJyeeuST0B6DtNE8OSX15E2SILW4iJJYALuB+8M5BODxjsD8p+Uc9euqdKU3K8krJt63drtb/8ABfXqdtKk6lRRspRc4RSVurXNd3ejUbW0Wura1f3na/BnS9K/Zat/HkiQHXtf1gR2/n5WSG2U8LASfnjIBLEA8YGSeD8xeKtDFm+gGWAW6vphZmCnbKzbwXC4AAJGOcgYBJIwR9H6r45/4Sf4aeEPB1kLiCy8JyNBJHuJSeeU44XODt6klcBckEbiK95H7KetfEX4fQ+ONG06+uLHwx4bFzdmOGSZbh5CzNEuwZiVSWPmOu0HgDjFfgFXiKpw9iObiDF8jzHOcX7B1G7Qo1pRjhaK6Riko2WibbfRn9AYTJqGeYV08ooQisDlWDU3BJKpVjb2027JczldO7u0nurW/KG4sbQzCZkDSFnRVCOVHJwxAIJyRjuABxnGasJY+ZbkW8Su/mDe/lnYMdEAPRQMc54GCa941j4R6pY6kwYwwW6R5KSKTLDliNkhULmRD659c5Jz2XhL4KeIPEN9pmh6Xpk13dapeRRWVpbRO0l2zMFDPgEpEucsxJA5JGSWr9FqZ5hMNhJYuri406NGl7apVlPlhCCipSk5SfupRV7vtrpv+fyyTE1sT7Cnh3OrKqqcYwg5SnJuKSW+8vRvS1ldnnPw/wDDWs+fbppdrJe65fzLb2MNvC7yBpQEJjWNSwI3lV24+U7jwa/Sv4Z/BzwB+zLoi/Gb4+PFqHjG4je48KeDZpEmu5rlxvSaS2k3SbskZkkGFx8rBvmP0Lo/w2+Gf7FPw+j8XeN007xD8X9Usw+laJIqOmjTSRDyfN3bliW3LK0hYZYgquQefyd+K/xR8Q/E3xHqXivxXe3WsahJcuLZSzCzsLcu3l29lCSI0RV2oWUDIyQ3Javwujic68Z83xeCyqdfLOBcPU+r5lnEFKjjs/VOXvYDL6nuzo4J2tXxC1qRbjSabbX6VXlk/hllWFrY6NPH8UVo+2weXuSnhstc+T/a8VT1jPEKzdOm0kmk9Ejq/jr8bvin+0T4utLjVLSS18L6e6xaRpFsZBpHh2ynfZHO9qh2S3IVtzMw+U/dPzHHwr4k8HxWXiW5F3fLqEUckym5ijG6RhI2Mx7c5P3cHp9zHNe4aZruqRLeW8V01nb3Zj85HaRkMe8Ll2UkjYBkAHoCRjFexfFzwj4J0e18EXHhu60zUZ9Q0VbnWJbSJm828cBpPM80l1ZWO0lgM8sDgcfvHD/DuV8ISynIcuwccJgq0atHDUsJR/c0vYQhUlKvNK/PL3nzzbc5Xu29T8az7PsZxDh8xzfF4r2tfDVKVWtLEVI88va1I01ClC2sYtfCrKMXZWSufEdrpOn29zHewAzeRKGMUkTmMgZyHXkY6HaMZwuV617D4G8VXf2+6083UelaHqNzptve21lZKt3PbLfRSSRW0pXKsfv/AHgDjkckVcTSdPlhmbyfKUPjYkYDELkfxH/vkDHbqAGGXZ6Xs17RUsjOzHU7YBY4sZYSqMNkfMBgg56YOBnBr7WvkGExseSvTlUTWvK3F3tG1mnvfVatbaHwdPimpg3GUJJKyvZWTdrXs2n7qsrXSt0PRvjZ4u+GdkfEmk+BJtQvLrVtW06e9n8RQQPPYTWlp5LnT3jiR1HmHOzeVLDJ54HyTfx6oVjd7c3MvzyxXbOiu25s7xyCpVecY4/U9l8SLa70/wAW6/cPDK80WpPvWSMbV3DIGzgHLHp7gY4yefjae/uLONjgPHxCxMSoSvOWOMlsZ7rwRgA8ehw5w1l+UYR4bDxqSU6irS9vUlWlKTjGLd5uSTilpGPTZq5wZ9xNjs3q08TVqOLhFU4QpxjGNtLNrWLd3K7tJqy6mzoUmv3063GpzzXAj0+4hgW5m81I0RCiBdxJAxjhTzgjtU2hxSk6bG0kXD3SPxnaGcnA4GFySc5PHUHAFd/oHhi3nsAx1fS7a4l0++aK3uJSjI0QIIfB+XcTtBwcj1wQMTw54YsFXU5rjWtO8/SNGm1AxicOkk28/uV2k5fBPBPTsQMV9NQoYf2kYKKXK0nZ2V0rN35bOy/DZanylbH4uNGdWSqSlH2bvKTnJ3lyWSirvlb1V9tUtLPmXtbm3a4nQvJFDPJG5icKMbiQCBjOW5+bPPPTitnTfFHiDT4p44dSvv7Pk8qaSISmZVaBg8YCuW4XaPlHJHHSo9L1PT1EkX2m18u9fzCswYEsM7gAWBzkAgcscZzgikt7+zC3LLbxzRZliBjBRVYn5SdxChSAPcDkE55wxWSZZjv49GjVi1OEvaU4y1klzJScW+Vxate17vRM7cLn2YYJw9jWq0ZN3XLUkoxlHl6LRxleyTd1b1Z9D+MPF+oftL+LPAtzJ4UhtNZ8J+EIrDVdTt2jtften6REPIuo7dQivNt5mGCzkE5PAGt4Qje2N7qd/PPo7298qeH9dt4ninivbdibeR5VA/dhwAx3Jg9TjJPiXwsu5bf4i6HI0F7f2DSwQ3WnaddGCW7trkMrwLJGVAU7sNjCnn7wHP65eL/ix8M/CPwQ174VfDD4Fm51rxXFY6Zrms+Oryykk0zVJmJmufD820zJ97MRikXJ4YnIrw8v4eoZN7LK8ty51cpqynBxnJunh41Jt1Ie/eXJLmapxvomou0bHvYriL+01LHY7HexzWCjUbpxSdZQjThGo7JRTSSberbvLVnwD4l8Wah8WtWQ+JrlPEfjrT59M0uO3E6xi7XzkjW7hk5zOyhTJu3Fz25Fc/8AFTw7r+meOPGGharaR2d9pS2DSxy4aSEC2ieONmGCzbGGcYz3z31/FX7PXxS+FlhZfEXUfDer2GgT6vZT6f4ott08VteRukyxXLxhisZcKkW84cMepyT6Xaa5d/Hvx5qt1p3gO88SeKtQ8NxWutaZYF1u7jXRFHax6o6OQTDIqoQRhU/AkfX5dgaOVyo4alSjhsNTp1IKjGCtTcpRnFKXK7QV2trLmt1PmcyxeJx/PinWWIrTlBuoppe0UUlJyk025t2u9Nb3S1b8K+FvwT+KHjW81LX/AAx4Sv8AW9H0u0W71XUbNSbXT7V2w8ksuGVXIUhUB5yCOxr0jxD4Bvl8a3Wl6dZalp+rWnh22nWyRmabEqYLy7SQiuSDyMAYIb+Kvu34U+Bf2i/hP4N8f/Djwl8MNT0tptEsovFumXT3FzrlnLcM0ySQ2cAMjwyq6lZSCqfKTgdOA/4Vl8dofE2veL9K+FWutr2leF9DXVotZuo0urpJ52jhlmgYCU213t8pI4lDKFBJPWuvCxxtXMp8ihUy+LfsZUk5VfaTVNvnat5qKSTt19487F1sBSwC55ypZlKLnUhWqU3FQUkozg0ou10m+Z8vnqfHB+AvxDuLi0git3M+qNJBBA11EswmWMSvFIrjKEKd+SCDn0PHPXXwz1PSL7TNN1S7a0u2vp7dkIG4Sw8ShJAAJSORgZ6HFfoT4n8EftJa34/8CeIh8I7DSXkYXw0qyvpUt53NvHCzXDgkQyHZko7ZyTt61k+Nvgn8YLvxT4R1TxR8MfD2jw3HjNNL0i3fVWWLUdS1PEUdrOTJ5ib5CAG4HUAZ5H0U8D7OMZyw9WTlUi+aUJxjZuHNdJN+Wrta2ujPjlmkJVnH67hov2VSEoqqnKU+ROPIotvRNNxvpbTSx8g+HPhjK93rtrbXc161okc6CKB3kcMd7A4w21OWbkgEnkAAVvR/CS81S7jgW5mhjeQJKy2rh4/lPBDcnJKgZJbJ6ZOD90XP7Jfxq8P/ABU8PaZ4kPgz4WSeNdO1GysdTW+kvNIF1Y77g2l5KspjgvJIWXYJCoIKkjAp+vfs46/4V8WabYXHxc0m91TVLKe601/Dmk3upJqd9EzQJaW6QtIszNKnlO0Y2g5weOPUpUYOLjGhK0XrF3V00nGzer0tvZ2Whw1MzcVCTxNJKcYxUlztuySk7q7bTTTu1sr2bPzV1L4aRWFh8RZlu55JvDk1spU2sgjfO1i5yDtIzxk8sD0zkVfFXhX+z7fw9PFOtyl7bWLEtB5cSvLbxNtDE44YkbiFy3J5wD2/jpPiP4b8W/Fzwr4lupNEaEWFvqEN1p0kC3M8rK8TTmVB5DSRsGKOchm24BFfUvwx/Yc1L4m/so6p+0XqXxg0/R9P0aS5srHR9WbbaLLp7F5TcXG8GOWRUMdpGvzSnai4DAVwqSi5QdFK90m243cZx0+KXRcuy2W+h6TxEpQ9q60nDnpv3I1Jazo072Sk+mrfL19T4msNH0/R76PUdZtpWhgaFg1soL7iVDPGvd0TLDjG7nB4z9UfGy2+F194R8Ca94E8HahoPhcavpEtrFr1tM+q+MNYFpH/AGldC5k+aS2e73iJQWjVW2qF28r4S/Y48UfFTwbB4/0TVdWs/DNrNbWunwXFpcrqXi6dJFS/uNEtGUS/2dbR75JLyQNGVUgNnBr2j9qP9k/xP8DPC/7O0Xiv4i614l0jxe8K6FaSWohi0Ka/vkRYbZWUbxBC4LSKD93IJ5J4sdg1VpqvKDUYztTipRXPKTimpRbXMkm7XTs7pux04PMKdPFrCxrrmnFylGzk4xVNzV5XXI243s9b6bXOl+HWm/D278M3E3xc1SzX4hahpkmm+DPD+oabqF7YeCtOmYz293G0TiKEmEpI5b72O56+LaHdaXc6Pd6T4o+LFp4dtdO13WIbSeXw1LHb3VtA0wjuozIhecTYVoSWbAYexr9tvhf+wN8Pp/Del2d5468eeINVv7bTrvVrmXT7El7B7NZGsra6kgaQJCCVi2MC+ADlc48Y+Df/AAT9+F3xL8Z/GfwJ4wvfGX9reD/F0Vh4cSe3th9m0HVLU3kU9yjRqDP5ZwrKpQK3GSOOiGCw1GcXRjSTVNqSlyqMUoxWkbXbbbd9Uu+6Pm4cVyq1MTGWIxVWKcJq0HUc1KrGPuSb+LWMZJ2SjpbSy/nN+KWoPqklrGPE1z4tsre+uorfVpYJbeIW6SnyUigYBEVl5VjnHIyc1x3g/RBKdQupNv762uI7UMxDO6nkoOCzbTyRnoADmv2l/wCCgv7GHwl+A/hjwlp/hXW9cPiK91qWztNF1C3gjkutHt1Z7rUEESqWG9NokYnAOATkmvdv2FP+Ccfwe8ffAHXP2hPikNVNpHY+JxoOmyI0Nn9m0+yuYBeS7dri4TUfKEbEkMvrgZ8WcZxxs0lGbtFRjFpLVRjHl3t2119dD7WnnFD+w4YhqtCMkoJVYtVLxaUpNW1tZty231bufg14e8N6Jqf2u21PULiyuYLaN0QQ5hY7wAzZB5UgZOTwCMYG0eh6TeaDovgTxn4auLi21fVfPiOnX0yvi1imnWU3EYyYxhV2A7ScnjABFT+KvAc/h3xzrehXGm6mLW0gkuI7uG3nMLW8zyyW0c02CoYRKMrndt6gk5rgft6xaJrjLBbGOeS0s8lQJTGuApB2hsqUG7OPmDZPGKrEYWcqlOE6VNShLmtKMpbOL57Pe2rTSj31er2yvGQlSdahiJTjOCi7S06XTSn5Wat6We303o2oSafaWUFq+nyw3mjwSXEy2jyMxMWPLZlVjuGAD06cEbcVzmraleW9oHtdDgnjSVduzTJWDSfd6eXkksdwbPTt2H6U/sA/Hr9nPxrPpvwj+Jfgfw3ovi8abZaT4f16+t4Ws9dnACgTzSDbFctt4ZmXcQcYycfson7LXhS8OrWVr4R8KwWlrbyXlrMmnWzpgRlwA4TBToVYZUnnJGa9Sjl9P2cZe1hByUbyjG/I3b3bPRKzelt3d9n8nmfGuJy/FVaE8BVnGM5KE1OXvRVnGSTjJNSSupffbZfx16/aeI72bQL86He293pPiKG5tdmmXCWrGdc+VnYFllcYwhY9sc4Nd3dap44ub1pLvwd4rtGgWOQOtnfW1tFcWx3RzRIyhYnXqrjaedwHFf0lftO/BrSPDv7MuleLBoeiwtp/xP8ABvmXdlp1qkqxrfi3kUyLErFfnXcGbk9QQQB9nP8Asz+BNRs7e6bTIFe907T55M2Vq6TfaLCB24ePAyXJ9SMetb0spwbliFPHcrapNNUVrKzu3aTcOX3UrLVO7SPMreJeLhSwNT+yKk4TqYmNSE67ioRg6PLNNx5Zc0ZyvtZRSP41tW+K/wAaNd8I6z4M8aP4vv8A4eX32x5ftMM0scbqqoVlunViIUCruJbkAYySdv0T8Jk+Or+A/DXhjwd8FIb3w9f+F7nTtJ8VTaBLPJe2riRPtMd3sZZFPTL5JYAAlua/Tr9sP9kfxF8G/gH+018Q7rVhdeF5vDMs3hXTFhswNNkuS3mOEiQSIDwEKHKnrn71fY3/AAS28O6b8QP2G/gfrupWs1/qNnp40b5XZWiSxZpdo5Jycgtxk8E9s88IvDY/2VbFTr05Ya0ZpLmUXJR5NedLq+jtbUnHZ/hsVw5LMcDl1HDVFmijUpVFOMZuNLnlUlyKDcm3ZNbpeR/J9deFvir8NbHW7HVdI1nRJY9XuJjC2kTRXNpeJMzAyKYy0ML7gQGwm0gcAhTs6v4U+I3xE8L6Lp8HhPVdT1aS5/tm7iEKKJrLTtk099EqxjKJGd8gUEEZ4yCa/sS8F+Cfgymh/FnWfH2jaXaQ2/xHvor/AFLXbG3vEitIo1RUaS6jfESlhuAIUAKcjGR+VH7MHhPTNc/4KI/E/wAOeFr+x1b4e+F9I19dLs0WK4sJLbWLYbkjjAaNI5lkKCJAVUZUALitJ4FU6U6NOtP6vUqQhUUo/DF2no1okna/36IeC4zWMlVxX1JfWsBhfrFOrTq80HKPs6bhKm/eipSno3zW6pvb8utY/Z++OEvhh9d0b4aXer+G5vCsmoQz6dfLcoYIoP38ojjyd8ZDFrdgHUggryAPJPgd+zV8UfiB4POr+F/h9rGtW41uezlu4X2QwTod80L7iRvhGfMjByNjZAHI/pK+KfgXxB+zPqvjS++G9nNr/wAL7nwnqWseM/h1JKJtW8P3d1HMX1XwpJNuH2MFmebT13BwMKgIBr5K/wCCXHxo+HMHg74geC/EPjjTNE1wfETXfEWj6Brc8OlXEum3jNOZYxc7csokMcq4AQqegBx0UMBgvbYecJpp0pRmrRXM0o+8pJJO6XV38mRiuN8/q5fjatOnGt7Oth5YZKneVOlUlaoqkU3J8lo+8rJ3001PwP8AH3wFv/Den/ETUPEbWvh6/wDC/iWytryxSRZ5LlJZEBWSSM/u5YycFCCxOU7Gu7H7H3xL8UWul6j4H0LVfEN3qdjaX9lo0OmT/bH057eOQXEMjZE4YEkRoMhdrE5Jr3j9qLxr8MJ/GP7XfhuUSXd3rXijQ73wreRzrJbSSx3scl3NC6EoU2Zy64TG3utfvZ8AvAXgrxX8OfgZ4nGuajp2taL4J0RbK/0icRRsRawxukjW21JTnKsHLAgdiMV24HIKGIqV17VQjKmqiSac4zdTl5WldR0j2Su29XY0z3jzNMqwOXYqWCVSVaqqU1KMoRaeEw1RpXaUXGpKbjLW9npe9v5F/Enwj8Z+GNZn0bxBoGreGdTt9SjtpNO1zTbjTpZ5FbdIsDSoqyBSMnaScZwO9fUPwS+HGg/FDxcfB2o+JNC8BaveG3g0+58RERaTfyxIEFuL92SG0nkf5VErDlgBtHT9uf8AgpAunWnwd0S31XRNK1i/0v4saW9nrrafGmqz2166RyxNqSoryiVCQYncrvORgZz+At7d6e+veKI7e1e3S31q58q3kBAjU3DALG4IaKRAMh1IIIDA8E1tg8DXyfF1JQlCopyhZOLbqKNmuZdOt9bXV7G1HP3xdk8JP2uEqL2kbwac6NWLhBzjGcVGS7xfS/W7P2O8Nf8ABLn416X4cuIl07wi9veSpd297Hcw3EV1bOuYZ4ZInKzRSAo2Vb6dTj4a/bF/YV+LHwki+GOp+JLvQrXTvEvxE03Q7CO2dTNDdXckQjkbBLCIbwQD06jHIr2z9lP/AIKPfFj9nO703wx4yk1D4p/CYFVuPCWp3RfxDoduCq+foOoTFpJYYoxnyZZGB2gIq5GfrT/gpD+058Bf2jvhV+zD4k+EPiOG6n/4XBolxrWgXMgg17w3IJIF8jWLJj5sYRxtWchYpACV68e/UzVY5xwOIw1OlOpyJyheKioyg003J2cnpqr90j4b+yc8yfFUsZDGTxeHpylvBKVVShL4uWHuct9U3Z28zw2w/wCCYPxYuVKapqy3lnPbRXNtcwzRwIwkQOFVGJkZRkfOCAc443c+NftVfsUWn7Ongj4TeJdUvL3Xtf8AFHxN0TQ5tHa6CWhiMsTvGY8+Yd8Z2eYG43E89R/RpqHxv+B/w88GaV4n+IfxB8L6BHo3h+xFxZzatby307x2Ucipb2KSiWWSQrjaqMxJ24zivw1/bY/a/wDDX7a0nwQ8A/C7RbXQPDlp8VTbJ441m7jsJReGX7LHqTwTOstpY28DG5jlkYAugA689eOq06eHlThShy6KUp3crR5FZNtt/jr1Wx5eUVczxWYUq1SrVVKEp1HFR/dz/d3UZy5Xom/dUmnZJ62sbvxe8QeD/DejaR8Nvg58Ibfxb8d9XtVt9N8OaBLLqn9hRXESg32tm2LJEICQzLJtIwS3Gc/n9F+xp8QNM/ao+EvhX4keIbzVfFXjuObWNW0TR7aVI9NEiM91psEyna5tW/dyuh2BlxkYbb/RH4U8QfsH/wDBOrwBLft420Lx/wDFTW9NZNe1zTdQg8TeLPEerTQhp1W9heZ9Ks2mYpEAUAi5YcV+Hf7Sn7cvjP4pftP/AA98ZfDe20X4b3R0+Twh4e1omG6uPD2j6zOINS1a7kQFGvvs0jzCQjdG2GBBHHlvFLGRc6mElGnQq0XRnKMlCdVSioxjS91S5rWaldNbq7d/qMDhamFlVjh6sZVcRh6zxkue1RUpUrKUqiaVNRT5uWFne0pN2R9V/HjxL8Kf2X9M0L4ZfCHwjY+J/jlNFK1vDolsviC48PvLGS2peJHCXCrcW2XdbYsjKyjPQY/HfxRc+Lte0nx5rviabWJ/E2r6q0Wq6tO7wi5uI5gs0X2UELbRxOwVY8ABR06mv6U/g7r/AOwp+zD4Bu9VvfHvhnxL401SG6vPFHjjVZrfXfE3ifWZrV5JzGZvOmtoZbh2WKKMjYpUEDv+OPxI8VfAfX/2eviZ4j0mO4ufir4q+IniXWtLgKPBDYeHZ9VV7GRkyIkQwAMyBVZc44210Qxc51JyxOErKVNtU0qfLBuSXvcvKuTltvrpbTRHLhaNGjKccNiqLhWdKVapKrOpVfJKPJTU3KSbtflhu9W3dtn5ifDjUvDul/tT/Ambx9LZQ+D9I8eeHZvE5v1SWzfTbadJL2S8jfKSQ/KrOrAqwBUjkiv1k/4KkftafD79oP40WHw//Zn8J6U3g3S7JdF0vVfDui21rd+LdVuIIBNb2sNjDEWsbaaMCBduDliWYmvwl8UxTa98QoHZIpMXDsfnKxAlFyXOcAfKMEcHGAcHn9w/2FPjf+wt+zV4W0bxp8R49Q8XfGka3G1y0uiTXth4Y06BiBFpG9WgaRkY75iC5kwwIAIPytDArEY3FYyNKcqsK1SEJ05K0Y1Iwi3GMkotqKWtna70Wlv03HZtDBZZgcLKopQeHpfuZQlNTnTTcJVORScI6210bOA/4J0fsn+MPjz8VfFvg/xHJPo+reE7jTv+Ei0C93R3dyZlkKabskObeN4wVuSVDDIO8E19i/tD/sqeHfhH8MvFfiPRfDWmaPLovi/XvC15HHKZnd7qAmFi0jOzGEqWUjgFjjGeOH/Zm/bv+APwc/bO+PXxyml1+bwN8R7kaj4dhhtiNQS9ThY7mELmOPlsErxwFG3OM39pb/goh8Nvip4T+JnhGw0XURZa140uPFGm39zcxK7tdwOkFs8Iw8aRtkysSMAngHNexgsNRwlDEVK9KjUilJc1WcJVnPmcbWTk1Ll5XslF7apHyWZY7HZhmWXUsPLFULSoylChGr9W5Uqc783LGOs5TUldyTSTte6/F79o+DWLHwL8HbvUZd9ve+G7h7UkjbhbuVQVXGM7VxuPTBwcnNfCtzclZZSGDMWbZtO3k9cZVSTknI654wP4vsf4t+O4PihoXwn8KWsMWlx+A9In0m7uJZVkjv3luZZDMo55G8Ac5J+6uRz5TpfhXwtZajOL+eK9ESSPtukZYy7AHcrIR35B9BkAhjnxs6q0MTiW8N/DdKjDm+L3o0aanZtdJJpN799dfuuHcNXwWChTxLqOo8TiKj55c837StKpq1dL3HpvbRabFH4d+HNR8S+E/E8um2Mmo3dmonEEJO+NIhl5CB/AuASM4+8NozzwU1vfWMyfa7Wa3uQwaWJvlI/hHuVI4Hso69a+p/hvc6Z4d0/xZZ2chtLaWwWWW8tXKqI5JMvG2PmxsyMDG4de4rznWdU8O6t4wudYjuUWy+yRwRW6xFlkmhRVEjq2eXIJbCkse2a8V1YqlQg42lBWc9k3Jqzuk+a1rO9ld23V17lKnUeIxE1J8s5UnFJK8bQim2rXveNnffVa6n3d+wT5N78P/ja84lZ7XR7SUx7GKxt5xKkkHjsQDgk8jHOPFf2mIdRt/EfhiVEm8q7iiu4AxADo6qnyncCFyNrDO7AOD0I8+8J/GXX/AAhpPijRfAl4fD0HiEW6ayyRjGoxQPlkIIYozKCpClf556v44/EOw+IWnfD/AFWy0+TTG0nTIdNvhJJv+13sKKJLlAOVjcjdwWBJOCNwNZ/Wva4f2V2pRmpNptKS546Ju+y1sn6aHnSyypDMvrSaVOqmk46SUnQUXfa6utkvLRWR8w65b3B8RsLhXYtIjlQx2spCg/gOFJzjljnjdXa6XpsVvq2nXCrLGXnQFSDgjI2gngYGMleQDggAHizHaQX2qQXd3dxw5jBCquTlWGwEEEkHjJJPJUHpXdC102G70yTzDIzTgkjBQdBjAHygdwMc8gEcHop4qnGE6MleVRpp2XuxaguivrbVtW32KxGAqyVKqqnu04xUo3sparV7tvXWyS0d9Ez5q8S3M1h4x1qWFz5n2gKxyM7WIB4C5xhuD2IIOT97S8QPKf7PlLM6yWyhiBkcKSQe+c9gQc5XJIJHUf2bouqeLtaa+lMUKXTkMMHzCrkBXIzhcjBHXP140vG0GnRSWCWGwwGDawVcRxkjI2A4JGfmbIIGPmAxXxVeUY1a0OXV1JSUnb4XKL0tprpp1d+l0/tsFFujQn7RO1FJpPm15Ya6a6NN99t29PL4GlW2mKoTHLsj+ZgQQ33SAQvY8DGCew6H6h/Zz02KbVtdIdm/4lJAGQpMgAyORkgH5fU/y+dbcbBLAiwsGKbWPJjII2sT8uc87gMdyea+tfgBavZ22rakzIz7ktpSF4KTAjGec84OSx4PIOa0wfL7ekrKLTTbV0+m/q29U+3SyVYrmjRqSWt0lLWyT5nLTVtp7qLWz0d9SWSaKwvPFCyEYXTnCRkZaQ7WwCAcMcEgYwTtH4/m/wCNpGk8RTs8ZBadSyMNwGM4BA4DZ9c5wAOev6Sarp73mseKkikWKSO2dFIUkklcADjHUjnOOdvqB+eHja1kg8SXEcmzfDciKViQAXXPOAcYwCehOOo5zXrY2U+SMdFFzvFp6vWOqTto7J3WytdnNg1Bzc73lBRvpdtJQV0nva13r8m2zzmRG86U4XP2hRtwB687gDxjk5BGcbepNdnoEAltpBtwqOWBIwS+emeMqDkDpgHocVhPAjXMiEMMT7mYA4GQee2CRgZxyCARk19wfsu/sg/Ev9o3QPiJr3gprDT9F+HukyalrGo6iSqyOkbXC2ltGTl5ZYoy4YEjgZwCtfP5jmOCybB1cZmWKp4XDQlTjKtUdlGdSUadNNW1lOcopbttp6pn0OX4LF5ni4YTAYaWJxEozcYU0nJKEFOUrJtJJJtt2Xu+aPEvCfh7S7ua8nuFEs0Fq0+1yFiDnHc5O4EBcfMOp4ycaioiMpRBsQAiKNR945BGQBztxj5icE+vNvwZot0dc1XSSWdk+0Wk7EFUMlu7xykhhnhgzAYGcY6nA9q0TwhaRMrSokrhehHyADocnGTxwemccdBX1OU4Cpi6NGpTivZOKvU6tWg1ZpWd7q2vntq/ksxx1LBYidOvJxqqTjyJ7S5kmutrPe7WmitZHkdvYanqExkgtZFWNOcgoCMKFLFiCSQ2MZ6AkgDmud8ZeHbm303T57ghX+1EFdvARiS3zH7xPQ7TnqBjKgfU0en28HmMCoBf7iJgABTgH3I7kHHORgGvJ/ifcwy6VZwIELJfbSUGVUbTkcHkAA5wQMHr0r055RBYSvN3lJRbjF7/ABJLVOXlprZu+2h59LPHPGYeEWowlKyfV35b23to01ZJPsrH2p+zBp4h+Gejtc3FtaQtcXRVZnHmND6qBkg8DaSDyfoK7r4pm0l8I+IYrM3ExGmSozpDIyMW4BQjJI5bGOox6Nip+y/o2myfDHQJnt1uWWacb7khlUkbiuw4B9sA7fXGa9s8c21kvhXXfNms7SKLTnG/91GERnXBwQu8gA5GMjPAHWv1PCudPhCnStGPJlyVnrZcibe9l1bd21ofiWPqRrcfyqXqT580V9Y8qtKK33vZP06bNL8k7zwPq/h+2uNeu9Kv49P1K2sks5rtTCZhOxG9IWwwQk7kJyDnILHk/tR+xFHa6T+xV8RoL2RIvtHxDtX2ySE+XGyoVLBj6jp36kcEH8uP2h/irpvibUNB8K+Eh9v/ALL0XStPuryFXaGSezYkRwQqCDsLHdJg55JHJB/Tv9l3RNTtP2FPiDe6u6RX9x48s0jidR5wVvLCgjH3mHTGOfyr+cOIq1sPT9pJNPF0bRWkVepGyW97WT+52tdn9R5FTviYyjTUeTDzuk76W+J9dd12vsbn7TvxAiX9iv4w6Lb3EElzeSeGSsUXG6JLkoj8kjcQOD/tdeeP5yvFekapqF0pupXX/R7R/KjLKXVo0JBI+8cYxknnjuK/oD+NfhOwb9kT4p30yTz3cKeHAVY4UeXciTAbABJ44OdvfuD+LF59nvdbZSixolnah1HzZ2QpgBgCq5P3jnj2I5+dwFSnKeNcYvldfXS65uWLbVtut/VLZq30uYOpQhhFOTX7lKOlrLdXStLTfXo30ufL934ZljZmSBoxkHJGXOR1JPJBJ68YGDxzWKfC9y6OyRuAGIXAOTj04wBgjrwo9+B9Ka3ZWuGCouVxvKqc4DEDpjOBgHkAdeRxXnOrXkFgMArFkHgAjK84OB3bJLYIx9K6nUaUmoRvbRJNa6PotL2s90tm2zjp1U5QV37101a922knbTW/+Xe3j0/h2W2jWeRMeYwiUuTkFjgkIpUN24Bwffjb3eoeJYvDnh618J6Ayw3Fypk1i+hIEjq65MRcHIz93k5I3EAd693I11BJq11E0VlZxsbeMjAaRVyrMCcdfmAYZJORkDI8ztXe6lmml3FribJLA/dDDC9AQB3yCcfgRjD9/NQkmo+7e2104Xuk3drTTq9Nkd0v3UVK9pStaLdtPd+ejd9drd9T9DPgBoWkXXw3uLSVljv/AO1Y5RcxopGXAK/aCoGVJO0kkZOOpAB7nxNpd5a2c2uQ2xNlDKbDUFicGJmTKpMigHbnAPBAAJ4Azu5f9msHTPBOp6rFbNqivO1rqFhHEZWW2dShvEQAlWtmbzSwwdq5yvf1/wAXaZfeG/D0NhfkTafrhe8s5lD+XdWkyBoWRwdvnRnajg4OQQRwRXmuko5jJXd7qytpb3Fy36OzT+/qazr3wtml11630S9Xq73WiWmuh87x3xZZbiVHaBE+VJFJGxurBucY7A8gfnWZp8bTszac774r4zpGARhSMFmOchR37ZJXIAOO98L+HoNduxaykxWNu0kUiLkOzAFhxj5uQMjOMjPHJr0jwR4X0q0u9V8u2ykPzYdMmUJIV28jIyqnO3byfTIP2WAwsnySXuQVnbZSaUbt3bfb57O2/wABmuY06anFfvJLlum72bcVa/Te3/AWvkGm6hrkk7wyWPnl5GG9WG7CkE4OcZPHK/eU56Zx22g+CNd8Yauvh6xsw1/dN9pxJ9yOMKzO08zHy7eGMAl2dwuM8jJr0jQ/BiarrGr3yi30bR9PxdXWsagRBYWECgvOzSOVV32g7YgNxO1ccivN/iF8dYNeNz8LvgRAbCw1DZZeI/HhDR6rqxQFLiHTpgoe1sXILBldSwOSTuzXPm+awwjWHw9q2Jlo9Fy010cpLVat2ivedkjoyPLauYRWKxMPq+Di95XU61uXSF3d3Vle+yte9j3O+/aAfwELP4V/BLw+/jf4u6Zpz2Gq+KtOtnvtI8Nwqjpc/wBmwQq6XN1DyDcEsisoPXGPl23+Dvi/WNZ1Pxp8QxrepeIp52uS+uxzl52Z9zndMCIo1LMFhRgqKu3btwG+tP2SNHb4J+M9O8U6Jb2t9qI0W4j1ZtQgF39vScYuMGQM0kjBmPmHJP8AeyTj9Yh8Svhv4y8FvcN4e8Na/DpMdxca1o17Bb2GqWkhieSVbK4YI88aMCI4gWckkYyRX5Hnmf4zh3NqVSrktTHYbERhOePpTUpQqy15ZRcWox0tFO0febv1P0TB4LDZ1l8sLhcyhg61Go6ccNKHLzxiornTT1lbyvpZbn4dzeCpNJ0v+1hCoSSwnSSOD/liEQiPK459DnJIAAzxi78EPhvqXj/VNGGn29xCbGSeW81G4hcWMce88yyNjPyDJ+bgg8dj+mfiu4+AXh3whB8Vk0228PeAdT0u5sNQsPEitHqU2sNlWtdE0+UrPcxO3CzQqVAK5yAK+VfDyfF/9pWRfCHwW8Of8Kf+D8X7vUvFslqbW+1K1DMryRSBVllMqFgixNlSV3ZzXW+PIYjATqQwqw0Yq06uJlGNOm7LRWfvzsnaEd3dOytZZd4c15YyMqtepW5px/d0oydSp8DTvJpRhJLd6LrqjsfE/wAXvBvwnuLHwL8J9NuviZ8X7+JLSOLTfMu7bSbkgRsbl4SylUcghd2YwORnmvbvg3+w14j+I2pN8VP2q/EN1r17Hp9zf6V4AW7mbTtPnVHlghvCX8pgowCiICCMMSeK91+Dn7Ovwr/Zy8P/AG7SLS1vNYWFptd8ea9LEb+4uNm+ec3k+Rbxqd8gZWU9ASQAD8j/ALVX/BUbwx4F0/UvAvwauF17xSkU1jdeJcxyaPpbSK6XDQsQ32uddzFJELLnHrz+W4vOM4z/ABUsJkWHqVHUmlXzCrFq0ZON+R2ao00tLfG0nrd6/uWXZBkHDOCjjc6q0aEqcU6WDjbmqSSTippa1JXWt0oJ2eybPsPWPjv8Ef2a/hnY3PibWNH0eQi5XS/B+hmB9QlSN2RIvslviSMMVVTJIMrknkivxK/aa/4KR/E74rPf6D4TuJPAfgqQyRpbadKyaxfwDOPtlyhV13oRuEZQknaSW5H5x+MfijrPivVLzWde1a61PUrueaeW8vJHlw80jOwt42JECBmOERV2lgABkCvNbvVY33sHaR5MtgsdoB3Hk46cHIwR8pIAIwfu8i4GwOCaxWNisZjPdqupW96EJNR+COt3dbu7++7+Kz7xDzHHxng8sl9RwKXJy0rQqThZaykrOKslolays09DrdR8QS3M0l5dSzSyTO0ss80jyzzyMSWaaRyzMWJ+bcWPbOeK5q51ee7kwjeVAuFA5BAb7pHQ+pB55zkmsmJLjUGRcF+ioFOFAz27BsHp6dPb17wr8J9b1sW9y8Utrp4bdJcSo2HUDJKLgHaB9Dxk8Hn7e1OjFK6glyqKjpdK1opR7aNpK+m11c/O5TqVpNzlzyesm3eUr26yu2/ndatq+/B6VpVzq93stomkCnl3VvLUjAO7IHOByeoAGMHBH0t4C+FNkpi1DVUJRMPudclz32xtnj+EHH0xg13Xhf4fWGiWCHyfOIkcxMFGJWVTzI2AQCwUfPngjI4G32vwp4Z1vxBdW2m6Fo13q13K6olpaRM0MQbo0sqgqoAIJycKBzgc1z1MSo/C+W/Vvl7b7tPs3a2mzM4wlKcYxjdtr3d9NHro7NXS6K/ewujWcdtZi2023W2tkUgSlQCVAGCTgHk8knrzyO3UaP8AA7xT8R7/AEOLRdNnls7zVUgv/EFyCmkWKJtLvPO21NoXdxu45I6nHtFx4H+GfwX02PxF8d/Ftkt2E8+z8CaTOJNQnK8pDciN9yBiAGLfKc88AGvmP4w/toeKvihZad8PPhnp0fw6+HdreeXFa6UBDqWpk4RZby5iCvyuC4L4PfJPy+X7fETrOGGjzW0lUlfkTbitLN80l16Pa+57FPL6FOi6uNrKC3jSi1zyb5Uk+kdN+vW7TPpnX/EP7Nn7LL3DCW2+LXxPhYLBptgRNo2nXcWQDLIu6MhJdpdckFQwyBXyX8Tvjr8c/wBoB2i8R61d6B4PDYsfC+iyvp+nxW/8MRihKeaAoUNv46nGAK4fw/4KsrO4mur2U3+oMRPLJKDMS7MHYs75LNzk5JySWLAkkeoaetksbyPgAI3JTCrt5wBj5QFxyF4J5A7+/hMjdVwxOMk6lRJcvPqo3avaNml1asrq29jwMdn9PDc+HwUfZU/eVotqUtVrKW7vva+yt5PyfRfh1plhEsjW27OS7PhjJLjd85IyQAPXJwT3FLqFjbpeaTFHFEAs5OxFABC9/T1zwc8dq9Dv7u28qRomAjGHy7YwPQKODnnBA78etebX9+n9r2E7swHly7VQhgCVOOB3I79ecdBmvpKVCNGEVCMUm430tora+myvfVO2x4KxdXETfO7p63bstXHVb9VqtN02kzX07RZ737ZJY2skzqZWnEQwVQyHLMSMDg5A9COeueJv/LNwLVVkjS3nMbgjGSpIbIO0csASSMcHGMkjqNA+I13o1td2llaRuk7yo7yMPM3F+A7c/KAQSD/EDwetchcSS3GoSvKFL3ErzMyHJVn+YquTjA6EYORjnGMdVH2jk2pXjJpJd23FWvtZuNuvorMwrKm1aSSlotd76aJbPTltb0djpdOgWWOQRZAkCKGIBJ6AKOB0yf5464+yfBWlI2m6XZbGBT7MxOCFb92CeSQAMHjnrhRz935e8KaI9xLaQyDCPNFtRs7mBdTux0K8/gBg8cn7l0Wwg0+4somAEO20V3f5Uj+QE7TheeuS3Ay3U4NYZlU5VTprde7K7u32X/B1dl3Ry4SnKUqkk7q9tW7NPWz+690k1e3mfnx8Qr2bTfEPiSO3Y7Rrl7Gnl4GArAf3T05zjjGCeea5rw5rs0MrsTmV1cCRckkYwC3fA4wG2hsg4yDXYfESxhk1/wASGMFv+Kl1FY3Xc25PNOCf+AjjAzjBNZvhjwnc3eHghkO5WEkhX5RxzjIGQMEZzgkc8ECqVabjGLk401BN2dktF3Vk7Py0s1tp1L2cZP3bzdltd2SitN3orrdXv5Wen4euLu51Hczs0zkssjAnau1sn1J6YB79+a7fw3pFxPcyPDFJPLNLOrOyjCnBwzHB2sSAOD6A4+UDtfhb8IvEninWraw0zStQ1C7lnSOKzsLaS4u7gE7PljiVmCOSMnGB94jg1+yfw4/4J46T8PfB9r8RP2mfHHhr4I+Bwhvbq31m+gTxLqdptDtHZacZBOJZYwQqFclm5wcmvns04jyrKUpTqc9dN8kKdqlWb91pKMb3WlttHvbRHvZdkuPzNqFOlKFDS9WpeFOK05nzNuO2r+J2+V/xh0LwxqU/iGKGLTby8uIoXeSO3ieXZbqjl7l/LB2RpgZJOAueTnNfImoeGNVvfFWvx2WmXs7Lql4NohdwCHK5JA9QRyTjPqMj9nf2i/27f2bvh3Z3fw2/Y5+FzarMY7nStT+J/iS2Vr7VbeRWjlbToJlaVBKASGBwFYDjgH8ZLj4wfFXULm7h0mztNCQz3Mkk32dPPZpHZpBJJIrHeSxPOSAQBgACvR4VznH5hXeIWBqRjZeyhJNzldxvOa3jfom7telny8Q5Rl+Cwv1atj6UU5KU5waUU7K8U3o302893p1mh/CnxZdxma4sFs4QxZnupUiMQzuyQ+CAQd3zA9TjJ6akngLw1pG5vEXjHRLMAkyRRXMTSjHPADjnPynHXnjFeJX918R9bR5NY8YX5idiDHDM8an5uQREy5HVf4uu7Jzk8WvhZmuQ19cTXiFmIaSaSVnxnpuZlGT7Y6DqK/SqdbO6kYwVBUovZXTaWivK6eyb0slpfTY/N1S4WwknJyqYmV7tvVN3WrSVmrvyad7o97ute+BeiyB21DUNfuwSrRW0LiNtnGA5BUghQRgjI55GTVmT47eD9Oi8vwv8N3un8nYk16FYZ7MwK5HA684PPXFeQW2i6VayWaW8ERMpYvldzr2KHPUEng5AwMDHbppzDFC8QhhV2VFQooUrgkZ+VSQMZyArHqDxit45ZmNSMvb432as21BaXtG920lqrrbzb1VuOvxBl1GpSeFy+F7+7KSvta/ot7b7L0erefHL4iTRMNF0PStDRTkMse1lzjB4wgK5wOTkDr0FeR6/8T/irqOtYufFF0jyoI3Nu4hVEbAKqF25AJ6rnjOepNb+qTEkQh0I2plgcDBAOMqcZIxjAwRnHNea6w8Y1tIiMLtQsc/3SAoyCSAScg9MAAnGVr57N8shRVDmqSm3UjGTbtd6O7skr9ldH1mU5xXxEJWhCnGNNtKKSStZ2t+XvaeSdj1OPw3rN9Zpda3q+pXgnCsFkvHfeGUfNszhcE4xt7noBgTWmh6XbB/Ls1ldGA3TKHK4IXOTk4Gcg5PGCBW6msH+xrWFgAyrEFYc5CqoHQ5zgA+nrVETM8T9d5YMVxxyem7PPHIwCD7cmvq8uyzA4fkapRcnTjK8o3u2otXu79td76LTf4TMs7zDFV5xVeoo+0cUvhjq4qys0rK6XV66atEyW9vFGFhjA/iCrGuFy3zYA4HGTnsPQirskML25RFYuyEHP8IDMcsc/wB3IBzxnJAPWC3hncx7CSXU87Rk89ME4AAK9zj/AGuM99YaBBJp8nmM73LAKq7f72TtXk5xzjJGTycjcK+kweHhWcoU6SjGOt1FdFHl73Te/mu71+bzHGVMNCNStWlaTWkndt3jdbu+qWq0+Hre/FRRosWmHa23e6lmyVGBjHIJyB36nPIGeMbWJQFaIEBFlkwcYA69uck44GMHk4xjHXXNlJaJZ2rrt2TyjDfKw7jJPrheuVA7kjFcjqFo8juobAVy3XPVlxzg44PII55JA7vF4eUKD5YtPmW7XWML+uqvon89DfL8RTqV6b59JQcr3drtx1T20t+Dbb646bDjBH+r6YIOQRj0+Xr1BBBxk9a2tNzI0u7AZIsKOSeBkA8nBycg7efxqC20O/meMQWl3cgoyL9nt5JMkjsQDktnAxtJJ7nBr1Twv8MfGOqQlbTw5qLzTBUjaeI2yg4wFyw29ep4wBknFeFVpqMU60oQhdy1klpZJKy03vrtpqezTlVq1Jewp1JtPRRi2ltZ2Sel7Ws929T558SwtNq+ns2CyKCFJI2hSCOSxIzxwOOmeB83u3g6xjkswzqZHltTlVBZoycAEHB6glSOcAZxnODUvgd4zvvFlrYXC2GneWBFcTT3cbC3bb828Ag4B+Vs44GelfTnhv4Q6X4f0xYtb8T25CxRq7adEXAYgFx5gPHzA/KSQDgZ4+bycqxmW4TG4ieIxMKcHJNNtNyta+i6PVLvrdq1z2czy3OsTleFpYfCVJ1VH3ub3bfC1fm207eXS9uIs9MWLRoFiCR7YyzFlAdmODgk8sCSBnjaRwSOK5TXbCR8ARs+5DGNg3YOeGJAwBxxjjoOTwff9RvfhZoiW8U1/daj9lUiVnuYLaMBeD8jkNlsYA7njKnBrlI/jX8NdLuJTo3h60u5IhsSN4JNSlcjgAeVuUnrzg5GABgg19JiuNsko0vYU5yrRjFWaVlsrWctrX7etj5fLvDjiOrili8TKlRcpp8rblJarVpaa62afeyfXxzS9D1C63LbaZqF46LwYbSRzuyMFMLjGVHP3SSe+a9X0/wF45ubeG9fRZ4ozaPDAl9+4GAAmcMFyVByAc44wO56C0+LnjnV1Y+EvAesFbgFIjbaZHZ265HAVpIg4XGRjJYgYH94uOi/tNeI0EsdlbaHC24JJd3JkkQkkZMRbaSBzgDHH0r47Fca0U39Xw1tUlJq7tdXato2teun4H6DhfD6clFYnEzk1bSF4xbXLezd/k+3XYr6Z8KLuSxA1LWdP05zI3moredNl/mMXyuG4Ibkckbs9M1GfhV8P9Omkl8R+K55WLErBbuirgDgEuSVOBk5bA6HkNW5Z/s2/FnXPJm8RfEP7MrZkuo7CF1ZctltrKQDnJOOxAxXoGmfsh+E9kU2teIfEWuTA7yXuXSNm7Dbv+71wB0655xXh4njHH1fdpx9nG1rpW1srXvf9E3e/U+jwnAuW0GpTi5SVk1Oe+kdb6NLvo7vXrdeGTTfs7eFHLT2Euv3Lbn2T3YYBkORu25yAcDapYsRg45xyWo/FrwbdayjeDvheLmGK0MUVtFpzTTPODhJgxTaqsMcfxE8HrX2rpP7PPwt0eYI/hu2nuV5iN2xuGdlwd0hYsATyS2OB+JrSi0rw9oPja/gstM0qzQaFZLFFBaxIN4Zlcqdg25ABJ7juRnHg180zDGRtWrTsneyvoly3s7q1rt6d20e7RyfAYJL2VOnF7aR1duVWbaTv2skujWp8oQeK/jrrsNnbeHPhyNIt5FRRLd28dpsRi2079i7McEA9cY6ECtw/Dn9o7XiIdS8S2fh23MmGSJxLhWA5IVuozu+XqM4GOv2RJrFlbRtJeX1rbKIwyW89xFEEwSTgjDbPujkjH3eea4zXviv4B0sW8l94n0m2aNg06JcxvIU4GCrMSQCPmGCefXripV5L3qtV66tt/3NFa6s9ujemjsdkYUYuygul3y2Tty9dOr2V2rO587wfss3eoGKXxV491/UWckzRWE0kUUh3fNyWP3uvT2HLV2mmfss/CzTnDXOlXurzjau/Ubh33E4JLAMc54zkAcYJwebuu/tT/CLSlMa60920Um8JaKCrKMHGVHG4ZPPB4GMtXk2u/tx+AoDKNL0e8vJF5jaSZYkDANjhmG9c43Ec8YGBiocXJJyaaTSfPJ/3b2vfW/ZNbblctK2kYq1r9bWtpbfW72uvuR9MWXwr8AeHGtBp3hzRYiZRHkWscskZY5KlpFySB6Z4wDnqPSm0e0sLRFgtbO2gk4EkUEFuUUjazEBUHUHucYJHfP5S+K/25vEF8wGiaXZaY6HCE5lkY4O0ll+XJP4A9RgkV4trn7VfxT1zKy63cKoyViDhY1DMThAuD6sCSfQ8qSc5yhDaUV1tG7TtZ36aK7suU0jOEEnZX07XbWqb801ZaK9+x+0reL9C0SHZfXNnuEpVWa4Xcyq2dzANk8gnnodwxgVzWt/HbwhpMSlNa0m1BEgLNKgcgqQcqGBJwSucnIOK/Cu9+KfjTU2ke61u7US7xIqTSOG3ZDAMxAUrk5288HH3TjibzWb68djPf3Vwv3h5tyzk89PmJx16gkDn8c/bQst21ZXslpdK+uz1Sbt00YniXdJcz2+F63skr6q19LNX0dvT9p9Z/au+HOiz2d0/iA6i1vN5ssEeXCsnIKLuIJJ+6Rzjb1b5h873/7cen6N/asWkaTPd3E99fSW97JKqIlvdytIqhQRhssCx6fkAfzFk1SMO2933KucPhgCABk59+xHbHasI6mPMYks5L7gpPy9Tu+UcfjjAzg8CoeJSacFHpfW6TTVunXrZt3112MXKTb5rJt2XXqm72TutN79Eff+vftv/Ea/iWGw8izjUYjLsZGBO0ZxuIb2OM98jkDxfX/2kPilrxkM/iS/jEhyyWshijPrjHKjp0xx1Jztr5rOqSuxEcAAIwobrzjJHcYBJ4zg4PXmn+ZqE0u2NGwQMlVZgQR94ZHfsfwycGq5q9TWKdtE7RdtFBaeVrXT12TtYzlJQ+Kaj222SXeXa2+q1XY9A1Pxt4m1Yu19q15OWyxMt5MxU9cncxXPHTnIHNcvcalc7f3t0SSBuJYbiDnPB7jIJHY5BOMVJY+EvEmol2itnKCIuXKsBgDJwCOe3Q9DwMYxO3gTW2kRfLIVlP7xmypCnkgkDJXv8oAOeOKt4TET3pzs7WvppaKW79Hd209HflnjKEZKMqsU1bRyV9XHVKO19NNX8zF+3xlSGml3FiWw7FvbByB6Dk9DntUDXyryE3HqC4OQc8tjgnIxwcnk/h2Nv4FwkjTzgFMAKm7aRjnk5GTnpuHqp4wLcXhWyCHejsVAORnJOCDjk9SckcnpknPzXTwNWyskm2nZ23ut+lnZ33em/fKeZYWn8UtNk3G+1tE3fz2enfvwJu7idyqRg9zsQjOBjuAT07Z9c+mjZeH/ABDqrEWmmajdEdTDbyNkkcAELx265xjA54r3r4ZeFdDn8WaLbaxbb7G5uQDGBkuxbMYchchScBgTwGBOABn9NdI0LRdJs0t7HSrCyiRv3cqWsYdyFBVd+wnj5dxbkkYUcYP2vD3BbzenKtWxKpQhK0oqKcmuVPra21lr5abnw/E3iHh+H506McPPETqx5o2laOvKkpN3ad9Wkvw2/IbTvgt8RdQtbq9j8O30FraQyTzy3cZhAiiUs5BkGT8vf2xyQK9d+C/7KXiT4u6Nca9BrFno2l2t89k5nQtMZUfa5yCCADnseij1J/RDxVIYvCniHc3l50a9LLs27sxsf3YG3KksM8ce5rk/2QSG+E+qOr/J/wAJDeApkj/loW+8GGMhiOhyMEHls+q+DMtwmc4TC1KtSvSq0atWak1HWPLZLlto7p77XPJpcfY/MchxeZUKMKFSjWpUoK3NpKzle97t6JaPrqmcRpH7AfgjT1YeI/Gt3ezKV3xWiiNGL9lLZxz0HAGOMV6xon7JfwF0DAk0a81uVVU/6dLlWPBDbkK9MDI5b7w+bkD38WzNG8pU5ZwCvLZAPQEnHbPUDng8cWACyuoIUKAFUKWIxjChuuTjAySfQZJz9hR4dyfDWVHBUdFbmlFTnbo7tPttptbfQ+GxXFuf4lKdTH1qcZaOMHyaPlatbl76fPVI5rSvhz8OvC0Y/sXwJotttiVczW0NxuxnLYkViWxnIxgY+qnrDOYEQWNjZWChVjVbS1hhwB83RFAwMcEAqoA6tnMjQsFzIrYwCkbEtlQM7unLDpjB74GDmo0hkEiN5ZK/c2gk5HPBHJCqPQ4Hr1z206GHoP8AdwhSjZaRUEtOVWcX6NvVaWtvZ+ZUxWNxUoe1xNarKVpJOTblblsu93d3bTTuk7jJ7i6kVi8sjYVQwZzsPUHADckAkKMc8E9AagCTMS0aYdioOQXBONwYknGeh4HPfjArpY7GJ1QgjjEZQIdnTJDE7RkjgE4GcjjBIp3cUNrKFeeGEBXV5FmUqp5KpgnqeMAcHBHNKWLw1Kd5VYRsrauOzS0evVdbrytutY4DF1FaNCvPm1+Gcv5bLms3e2y7tO7MIQSBzypJbcExjrkHf1AVTkgDp6djKIZJMyO7AQttAwduCSCTyc8nj+RqG617w7p7Mt5qWnwD5SzyXSAlMhhgHOMkjIIJHU9scrqPxg+G+jmQXfiGzbynLMtsyzhl4UjAJyRg7s/N6ZOM8cs8y2HtL4qLstbTj2i+i735W3ftqrHbDhrNK7pqODqLs3BrT3Et0na1l7zv66HX3MkotrrygE8q3uArMCEZTC3IJI5KnGRlsjOAvT4w/ZNunPxL+KEchUF5bg7exIvWxgDA6gc9xk5OePSPFn7T/wANbSyltrBb+/adJ44/KPkgu6bFyH+6pJ5zng/dHAPyN8JviVZeAfE3izxBbW9xqdxr7TrFZwHesIaVplL7AScE7W2kfMPYV8vmPEWDqY7Lp0XOr9Xq1Jz5Iyd7xily97W+H0a6X+zyLhLMaGW5vRruFGWMp04w55KySleTlvbRtu+muiZ+wLiOQhHKqY48+WACGPYclexyOvzewY01raJ43YSRoiqCAzARBj/C0jEKMDjOQAoGMKRj4IT44fGzxMka+F/BuoBZEMKTx6fMAVIwCZZUZTx8xOck85wQBXfw5+1D4miMd4h0uzkkBcXd6sUi5YnDKm1hggjAA564HNexHiPH17rDZViKia+KceRXfKk1dW8tdbO+u543+peBoxvjc5wlL+7SlGUnrG9r9VftbofdFxrXhy1DLfavpVt5YMZ3XKb1I5K7Sck5PGcAgkHnIrjtT+Lfw30iCQz69YytH8nlW0ivKSowWKgk9cdMhSQSBmvki3/Zt8b6pMJfEnjtYGBw0NoZpGIY/NhmY4bBwGbJGDg9Sez0v9lfwJbSu+p6jrWsXLCMESzCOORmCg/dIIUnkZPcdzVqvxRif4dDD4VdHUqJtfCrWir220dtdXZscMDwZgVarisRjJx3VODjFu8dE2kmrvd7J9tTr9W/an+HumCRYfNvTA7HfB8p77ctgszkhckcjnGVwK86uv2tb/UVlg8N+Gbu5md8xPFZTSkrn5SxVSrMT0x3PTFeu6Z8H/h1ogC2vhOwLKQry3W64kVlIIcq5YMex25yf4s816XpGkaXYuIbHStMtIY9rboNPgV8bQAFfyvQ/wB7K8kCpeU57XXNi81VOLteNCDas+Xq3FJ3du2j1tYhZ1wzgtcJk7q6XU6815a2Sk31dvN7t2fxxL8TP2i/FEqPo/hHVbaN2IjeS2NrEoJKoxMqgcKeecfTlRM3w3/aj8VtIt9eW2kwyruL3GorkFu5jiZSAp5IPAx1J4P3p/dQO6sR91R5ajByMBQoGVB6n5eBjmrKhmYxHKsw27n5cddxfA68YBOOnPQ1rHhzCvleIxGKxEkr+9Vajra/uxTfzk+z3Vli+Na9O6wWBwVCLs9IKU0ny73fS2qdtXprqfC9l+yP461GNpfE/wATxbySKxMdktxI45G5A7yEAr2xyPm4GOfN/EH7L2laT8UvB/gNvEGqajB4lspbi51CZ90kbRAEJGAMhW5A3HIUqvBFfp4kLI/JKgvkFgDkDG44IwAwGAAOp9zn538W3Ih/ah+EisS6Lp07srAAEFc4YDjGc5BBJ3ck4GM6+QZXTVBU8OuapiqFO8pSk2p1IKTd27+XRemh0YHizOcTPE+0xDjGGDxNRQjGMY80aXNF2S3i1o291bVavwjxvFfnwgZ53nF/HG01wXUoERiCAkowueAQOeoHXOPn7SviBqnhi7ivrdIb2YvFJCb4CfyvKyON+4jr0PAH15luvFvjXUoruxv9RuZdNlAA3x5SUKDwGwQAAMYYg/j1851OOciF3iaKNWKA7cK+D82D0JyOnzbeveviMfmMMXVpcsZwUYRjKN7OTVtbbbLe3lft+g4LBSw8J6OTlJtStZ2co7vrypXbVt27XudVpepyat4ws9TkRRPfa4lzcKBgB5XJIUDovPA+nPUV92+HfjHL8Dp4PEcWhWniGTUI7yxazu5GVEkKAl8AgA8jPBwcAY7/AAB4TCNr2kgZ/wCQlaYGORmTaVJwflHBx3GeB3+k/jPCqaPYQxLtePWJcMxJwDBExBGQcA4OBx0rlcnyurCKi4L1d7wskkns1re6au+yPWoUeenKnZ2k/h210bSvfa1r3bb82ra/xN/a31LxjoWp+HR4C8MWNpqjSSTTmzt3u4JDk5trryzICp6EMd2B6V8iXOoNewW48pEigYsvl8Z3tyHzktznB9q2rrwt4kk8u4k0yaS3u1L2zRoGEijqyLgn1Axgc88YFY/ktaia2uIpIJUdVMMi7WVgxGTnp3Byeo7HiuWrXq1oRU9oxtdRUdE03r530e+uum2GHwjw1WXKklKXM7qV7Wi2ndu12uj/AB2+kPC0kbfBrxu7RtIscsD4HK7l5HB65bA/HtXyxc6rLHMsiYV5ggKhSGRcADlejADOcgdRjGcfZfw5jiX4B/E/dAJXxGYwy5dFx1QkfXjqRyOwr4zhispciVHWQIgVgdy9Bkk9QQOnb3rknWlBQSdm1zOyats1fsvwWu279CvhpVpc3Im0lazatotNWrtfq93YsLKXeOUmVyzjcZHyzErjIbgcHj6A5xjn6+/ZegEsOusBg2tpq0oyMnH2Zzk8Z4PfPHHHHPx39mjaTCySOkbKyK3AIBBPJ6HOemeAOeBt+1v2W1Men/EFmIP2bw/eOuD0aSJwc54HDc8ZHHB7yqzrSgpXaT0s305dHd6eVn6sKVJUIVOamlFtJJK93eN79LXinrrfpc+btduo2vrwSbFX7XctlEGQxlYcj6cZwQMD5TmsrW2VbPy48snlb3B4UDywD1wScdcjJBz8wBWqeo3YuL64YYUfbp9znv8AORyT0Az1zknv6O1Nna0uXZwytCERgc85xxj1HcHHAwfXpVR8st1e2l+kviTd3rtZ7q227PIhKl7S8qbd5q2iSeuqfzt00Wlj0D4ABj4m8OT7lwmr+UABkYYjDcgHv68HPA4NbfxyvprX4ka8qOrBp4wVwcKGQndgfLjBJHfPcVj/AACiZda0WTAAGvRAsV+Uc4LYxgZGTxjjHBzTfj6xT4seIvmyS8SjYwICsi89fTJODn1xkZyw1b2dOpLmak5JLW3LbltbV31Vn99j18TTU6VKHK+RJtJaNawav1tb576ankN9GHzOxJDHBOSASo4O3tzn9SexPo/wTdh470kSNhQs0nJyACu3I5wC2emQc9j1PCSQRfYih/eHc2WJzzg44PG3nOAO+e/PoPwVtc+PNOj4JSzdyR2+Y5xyM4HXoeT61pFxkrttyTWt+9npvqku9rJ288aEfZzVocqso9Xdvl3dnZpLf9D1z9prUtupaZpATfCLCC6YucFX2DHy57gnAIHI5GMEfOfh8QTST4jCSxRPKrY+UJjOcj+JTtO0Y64znr7d+1G5j8bafGAVX+xbPcXBPBQEfKexJJB9OmD08V8Mm2jbUDNvQtZsIzg434OM4OCMHOB19TQ6icndxsk49VbRW1167O/R3aW7lG1V2av7sXzbrmadk/v1unotUmr6Gju134r0mQyJ5bNtC4AJESMAx4yD2HAOewwCv0d8VbG6uPCfgi3hj3NIGny4LOSzN8uAAxLE4GBkcH0x84eAbVZfGGixyq+2Sadt3XI8t9vtwTgnPbnvn6S+OVy+naL4DgtpJYZU095t24KeGJVuD94cAHPGep5xrQnbD111bsk99OS/k1fVPWye92jfmiqkHNcqTvJat/DFu11a122rJ63a3Rwth8Ndcu9Ij1DU7JtOsEl/eMgHmlMZLMo5UEYO4nqepPBk8I2FnZ63fQabK8scti0au2DL8r4+deTknuMAkYJbB3cUPHniq70qazm126ktVOdikhm3BsqcYO04UA84+YjJwK3vhLcvda5Oz/NILCcHcd2SGUBiSe2R3xnvjpx06Tm+epON/spRfwqy0fXfsvzO6VahU5VS1lGzb/8AAdno3o79tNeh+g9j8Nbr41zeFvh/YahoOk69a+F7drex1rUYrBdXlYEW/wBnkklSP7QzEBRknB6DHPgfx6/ZC+O/7O9h9p+Kfw/1fTNMu5BJp+vWMn9p6XJFJzDILu3DxRK0YU7WYcYBI5xz3x08UyaVrvglrB5bDUNI8P2Vx/aFm7Q3YYsWQrIh3gjAIOflI6HoOkuf2+vjhrPga5+HfjLxhqXi/wAITWMthHZa3DBfPBbvGYkWKWcPIHiCgLIrBhgEHqa+OzOjn2GzT2mFqUK2CcoqdCceWaTktYVE9/tNNWvfVH1OElklfAexxXtaONjGTjVi1KE72tGUWrpX7bW2Z86+Agw1rUCZPnNm7qXGTtwACpGevfJ6AHgHn7I/aE1TWNF+HvwU1DTboRG48OSrcKUjcSIhb5TvBHPQk4LY446fEXgO8S416+cCQRSWk5iDHDBSdygqMnA44yMHGeRx92ftQafJ/wAKU+BF7Bb+ZHF4anN3KDgoJHfYD3BfOVB56k+te8oTr4eUaloyjC9npfa9/m9ddldvdngc0qNaMoS91Ssm22+l3bp5rVWWvl8ZQeNb+9QRahY2Yikn+WeKGNW3H7p+UDnPJAOAQcHpVfwqjt46tljJaP7fbSNgAAhnBwV6grnucZOMnNcbJcRoCFjdCCpVehJzjPoD3zkH0x36nwDIj+KLKcud/wButVwwODmRRgnjO0ZGcc9MnPOeV4WVCu3F2V07ya7JXWnXT03W1zTMcTVxGHhGc05RVr2tdNJNrZvR+l733R6h8f0kHjiEKCyf2VbgEKM9OuTwRxgD8ehyfM9JAkZd33FeNchO4bBzgtkgAdgMc4+9n1L9oATDxzF5RWTbpdtuRWwArhV65XpwSBgDJ9iPJrK5Nk8YlgMSHDFz8ygr8wORnBBIxxwcAjnA9GpOSqyb11ve1rNpa3a6dF36I4aNFxpwcnzNR1slaLbjytrdrR6JPZX6n17+znAp8T3wDhgzyEHGOkJJwOOM+qnOQeDXtPxY8HafqWhyXtvbWsV5HukeZAqPcfvDkNt4YgADJwR37Z8V/ZkdLrxheFHDrIsjRkNwuYeuM4wM8jHfjgkV7T418aeH45Y9BedhcWt8y3MgJdUJc4UjJHU5IGQDwcfMo+V4odVUcDVoqUmpS5oxvdrmje/bS+n37XPeySNNVMTGbXwJQctFo0r+87Xatb8X0PjXVrWSJo4fKaJI7lUbeNuWK8gEkkjC5Q7jyOOMgfcP7NWnO1l4oaRQwt9BmZ0BCq67C4BPGRtJBXHbjHArwfx9LperWB+xww77fUIGe4jjUF4j8oHTJYkgg8bTx35+6v2Q/DNnrE3iWwuERFuNCjJXGNsbRDORyckEgnuQ2cmvLjiFHDVHU05YXkra3vq+616a6u6eunTiKTVanaV1zRaa7Kautn6eXnufIfjCHQPtEF5HbxQzSXIimSNWCRkKfmdemOh3AjOcZOag8PiyGrW4gQtE8yh3BIXdvXayknn+LjPIP4H1L4+eB7Lw9EJrKPyS+tywM+5iJI4mYJt29DgbeVHX0ryPwfFu1C2RgwAu42OeRgOBgDke/QDvmvIwso14uqnJttrV2S230tbpr5vU9xVm3Sjy9Ya7N25H281vrrofsD+ypAIvi78NfmLg674eZACcLi8g4JAK88gdRyOnGf7oy2YrRduQ1jacjjGbaPPT+Xp3IFfw1/srbF+LHw9lKNlNc8PlCuMKfttucEjgc478ZPWv7jlb9xZHaDnT7PBGdwzAhO45wTx0PbockV8dxJdYidl9mnrfa2lr/O3ftra36Pi4JYHKLu3uVk3d9qN7Na3/AK12bSrFwCeSS2FI5Jb1Hbb29B+JQqo69eT0YDI4A3ZORxglR0788uVSG3bicBi685yQoIznHPOMZzUm3JJHCsy5DdMHOOPUbicAcgnPY18c5O682tEr/wArSettb6yWmlr9V56k4NK90ld3dtPduk7taWsr3eq72ICRzwVCg7gOQc9CeCQvpk7vT2OW24LLhsHjcc9WBx90575xjOOSKkZCOmdoOD0woJ/ukHA5yMjANKEJB2gcAkjnBY+/XnJ59etWpau7bVrt21W3b1t01d3tc2denbbW60XK76p6tvV3vZtXW+juRhjwNrKNxJ5zuIwOBnOSeDkDIAOcDFSpgnK52vggk4BBGQT3AJ4P9B0eFfgfJtzhgcZQnABIzwQc847fL2JPK56nrwCM7gepGQflIxxjG73PCc7OzvvonZN3tp177WuZc6qPmVrdXZX1cbpb62Sej1vJ7McuecgjB+hPoW4/DHfB59FwWGOR0BGACeeRyOvpx/8AWQrIOh43dep5B4ORxx1/u8Eck04BwAR97p94Ec9MlcjnHrn16UOrf3bvVPW7dvhslbWysvk3skZcuz0tddl1u7Lrpfsrd2MCBcjJwTjGeMZwRnv0GeeoUDHFOETH5vc55HI6d+oBPP15GCNyBeMlh04I69SG6ggDnORhjjPXbl4GS2D0yepx1IO3nA9Soxx1B5Awkr9HrqldXb0u23fbXp0tfYqK1un6t79NElbpbW+l3p1K8kQByQQT34zjgY6cDP8AP6UwovAwAepIHY8EMpIOR82Mn3HpViRmC8Y2vkjPPy8qSenuPQjnpjNbcF2nGTkYHHQ8A84OBnkD5c46c1jdXSvq/ls9m09db6aehrFzSbSsraLdW01a17Xu99OoqxHJ4wNrDLFhnnrjggehI4AwD0qKSJe4JyuMgDOOckEjt2I7Dg9zcVgFC8FsNncDxn056DPUAnHHU4pcgAcBgTjJ29R1IBwQOwIxxxnGMpRi9lvbv069/N99xxq1Pe1fk721929tkrafPV9b5RtkwG5yRhgQGDDIGP8AZBwAMAd8nJqu1oC3B2HnoTj5sE884IG3bjgHBK5rWds84X72SV3cYYryBnd9MnJAI6A1GRkDIyDzgDBIOCuc9Dnpx14BBBzlKF01Zc3821tra20320eis9kaRrzTV5NLztfo7vZW0037q3XHazKA5JAz3GCMkDoCeSM9Pl6kHioWtwMkZ4IABAB6ZOeoP1+oIJ6bbpwWzyFCsDhsY5B55PboeCeDVSVXbdgDjgHAJPTg53Y5OeewPXG2uGpG2iukmr2u1o0r9Fff5bta36o15Ss3dPZ/JR7aO1lvo97GOYwGJJGeMr3xk5J4Bx1x0AznA61GUUklc8ep78EcZB6HAOSTkE85rQkiJzgbQCMkY+9wCBycnkHB68nkEmojHng/KRgk/wAXUgYHfuSMjI7E9MuXW7bb0srLut9lrfRvVXZ0xqwcU7O+i3vqrN66Xuu3/BK6oEIxuGMDGTk7sc447+rcknJ9bgBCkqSSTuU55H94kcAAYwMgDvycVEEk3AleQNpBBHUjHHYtkE84J3cAHicRuADy2cjIwcknoOwHuODjrjrtCWm1r6a2vrZXXmuvk9bvfGTvPpsk7WejcU1rtttd6uyS6PGMZI+bnlRknJOPccHPOcDtwcNdFABYqpABxgnABByTg5AHQkg9DgkEiYKeQRliVAIyGGM5xyAV9xz2z1p5iIGSQOQQfT5TkDqOnORnj6kjRu9tXpbttovubv8ApqHNFNJvTS9l006K7troyltVGwOvXPOCDhjnoM4PTt+FMIKjkM3JwME5HU+28dDj1BHJxV0RtjcRuIycldxBPuMA46cHAx0HRozGSRhQAFxyc8kjPOSABnOQTnceSCSdIuzs+r0WzbbS0utdLvS/nuiVNN93e7b6baa2e9tGrLW/nEpyAv3WAxkd8dMDB5IGDkevcGmbUcY+6AVB6gnvyQc88DPXkeuaueX94BVZs4BOVzgEkb8fnj73oaVY0IG7BYdCONwPfhcjjbgcBs8E4FdVNJyXxdL6XS207tLTRuyWvmL2nK78unbTbTV637bJr7kU/LfIVQwABOTkk+pxn2HTHTGAcVfjgKgY3A5AAOMHI56njnnnjIHHHDVQgjqxznk88ng47D1C9MHjnFX0TOB/tDPA5HbrkgDv3OT1ODXsYZRXLZJ7N9lZLa7S13tbRWuYVZ6LZpdmmlttt22a2fe9/BP2rbSGb9mX45pdRB4z8O9fZlYZUhbRiQcg5UEdTgcdQOK/kZ8Ba/8AD3w5pvgh9XGkWkb6LL9qAtfNklcTSY8zKkqeAucrgkgYAWv68/2qUYfsx/Hc7dx/4Vt4kIUfe4sWx14wewBz68DB/h3gitr3StBS7voYJILF/wB2xQOFNzIRntwOMEqSBnI7fd8H03PP8M46r6pVVlo1Z76a3WjVtLNa224c0rxhwlmDltHMcP1drOlG7Wl9bXfyfmfWXxk8f/CfVNR8HGztLXU47C3mE8UOmqlvsdCEIYorFgeGPPPOOCCzw78VPhFpsUcF1oEMKNgyEWX3xx/rFKFHUgqMEMGHByMAfKeuWHh0TaW8urSDMZQokqBcBSV3KpGwKOBkc49RS/2d4SXakmpjlAVzeAk554w3YHBBA7kk5zX7ZQp1FGUKiTUZKyb3V09U9GtNnfrdH5DVqwk4yjJq2z0vf3dd93Z9Vs+57n8dPht+zT8avC019pnh6PRvE0V1Aker6NFHpt1Es7BCXhUJC68lmYjcT3Oa/NXx/wDsW+NtGtri+8F6pYeLtNUs/wBjkZbfUo0QE7TvfbK4XPEWQxIx1r651aPR7Tw5qMmlaixkkurJAyXmTERKp/v/AHeRuI6Z/wC+trS9U8oWwGrDHy+YY5kbEhABzyWJIbn1OR0rkq5LhsZOo3TVKo7WnB2aSS1aTs9Hta9rbNmscyrYWNO03UheyjK77baprayae1ut2fi74k8K614cumtNX0m/0i9iZkNte281uCyHa3lOwCyLjOCpwR0HNedTPKGPnx7oyxw6txgnAbJyMAEhsZ68g4Ar9wvjLZaN4h+GniGbU7Wx1Sayu9O8u5mhhe7jSS4jSVFuNpk2vGdrDfwDjoAK/HjW7DR7vxpr/h2226Y1pc4tN4drcRsofa55AHzct2HHbcPm8wymrgajhGoqsWk1bSSTa0fnZXu2m9Orue3gMwhi6advZycrWTTjPSKbV1HR32umt7p7+d+XC4cI+WbhR93aSSSAemF29SCByeRVV14wuWwrKwXheAQN2R0yQffHGDkV2+o+CdbQ+dFZvJDGjM9zZ7pEYJyZSiZZRhcg9TnvXCypNaybWVwScgujqrgFhjBA+Urjqcjg4A3V5dmtWnZbaaXVr6tu3r100s3b0HzRWrSelpLRWfKvm0r9bP8AOB5IgMhcqAwcH5fm+vGSfU5yB144rc/K2wrzuC7wV2k8kg/UkDJOMgYGTU0h/gkCpkkZCkr075H8/wCRquHiDBCCcHBfJIBzx8q7jnkkDGDnuaTd9dNbXvp2vuu+1lfysVzKyu0mo9Xy7tSV1Z2vbdO+/V3Hb+oTOBwXYg4wOSueckjGF6AE4wRhrRq+GywKgFsBWznn7wz1xwDjsOhbC+aF3KBkkg5ZSAFAHPTIIxzzg9iODUQuB8yhcZOAwOASPvZBAA46ckDjOBxQtOqUbLfV30731bt0v91g1/LTurppafK1ktF0sIyhCAuTHn5uCSQQdp7YYY5wOOBk92OGXlNysW+WQHDJgjHYADHHJxngDimM7KCVJKOVYkscHGecj3OB0LZGQeM1pGbOSAxQMThsYyTjqc7TjkYxkZAwARS5b3eq0tZpbJXttrr1s20766ulzdVddXo9Ha9lrp6fpY7TSPG2uaODCk5u7ZdoaC7KyIVA+6MluvqMg7RkEkE9jba/4W8QtGLxW0e9G3dKAzW0kpzncTkKhIBOcemOleK+ax+cArlSdvXtgnIyx9Oh4OAcgYDM4C4wiliWCj5cKMAEEHnttI79OxcFa7v2t5Xtbbrrtq/O2opJNr3Wu7XaNtXa6917XTeit5e5XWi3ySKbIwahp4+YyQlZQYhgrIAG3Jxg4AAJHc7qpwXN5pF4raXe32n3YcODBLJBGdvRWjyFbaRggrtP14ryzTtd1TTJfNsb2a3V1ww37oyg6Bo2bZ1zxg5DDHWu+0/4iWVyBa+ItOjlwixfb7fHm7jwZXI6MOuR/EOBjpcZPntd3v0aT6O99m07q136X1JklJWa5r2utP7vSyVumr08meq2/wASJZ1S28aaJp+v2aARfbo41ttUiUcFllh2oz4xtLAgkZJyWNadvBo2pXMF58PfFV5YaiPLkXStZuXt5opI23RpBchhGrhuFZCCMDua86FhoWrqlxoGtQTyRKJDaXLBZS7Z+TJ+9/CCMfdIIyeuXPY3enztLfQyxswLIYBgwkfxJImOec8MQPXIwLrKnVi6dWFOrFpqSnBPRqPMmne6enS226CkqtFxlRqSpOLUk1KStblvezVpdbrSz0eun6r/AAM/4Kc/tV/s0LHo+o6tea94aXyoDpWvPNqenywR4ytpf7pZ4vlB2ESYXg+1fs98Hv8AgpR+yV+09oVl4d+NnhzT/DniC+8tJ7jWIIptPluJgI5J49XhUXsEadQJJwF6NkqK/kl0/wAa+IrHFul3HqlkUAey1FEnQQ5+ZR5od4245KjPXsDXUWGseD9TlRVmvPCusO2SYGMulvITwCqsSgByWAwAB0wtfj/FnglwnxJWWZYCNbh7OoPnp5lk9X6nXUtGnKFNKnUV0m+ZXf8ANZ3Prcs40x2CXscfThj8JKylCtHnbjZL4tbdkne7+V/7CPFH7A3w48f6Pc+JP2eviFp6LdRSaja6bPqMesaJOpJMUNpPayPLbvI+QouicAhSAAa/Iv8Aa/8A2avi/wDDDQZ7r4heCLi006wglNx4l0mKS800zSKRD5t3bh0jZwR+7ZsrnA5BWvgj4Q/tO/tGfs631nqnw98aajHYQzpMzafdvqGlXMMZDhbrT5pJI4owOGATnHYV+s2n/wDBZtPir8H/ABZ8L/jr8PrDWr7VtDubW08QaHHEEbUJYisd3qOnXI2fISPmiA2HkYXOfiKNXx84AxMcBXxmF494WlWpxvWbo5th8MpxV+Z2jOVOLb1520to3se6sJwPnsqeKwtJZTjpK8re5TdSX2rJODSdk1eLfRPY/GC7jV/Ai21qY5Hi867l2ofNWNwUTefvHGN21sEKSQByD5rZ2du0NkGjUShjNOjI+HjVedwI3FdoGB/TFf0A/Bf4E/sPftO/Cnw7YweM7D4f/ES3tJrDXjb3cdhJd6nPNIbKW5jvZVjmiAZVf7NnhRgnqPnL4w/8EkP2iPh6t14i8E2mnfE7wbD9oa01bwzcrLePald6sbMsZZmiQnIRSCR8o7V7eA+kBwfUzavkPEEsRwxmWHrPDxpZ1Qlg6NdwkoqpQxE17GcZ6ON5Jyi07K5y4rgHMqVL61g6lLHUJL4qMueSu00rSd/lHtq9EfmHpUGnPpNlqkIaK5s9WK26LHliVIKiMkMOBjA9s9xX2b+xl+0xc/AT4k6xrHibStI1vwp44P8Awivi+31mygvEtdJu2+e8gjaMlbqMMcSIVcEYzxXxvrvhvxP4DdND1ixv9L1Cx1J5ZNO1e0ksriN1kKOxgmVWEYIzlRjGW/i4qWWsRG5uY7tITcSXkM8YGSjvxjI+5syd245J6gcYr9WxcMp4qyyeHp1qNfC4mkkq1KpCakmoyjKE4OS0avFp7pPq0vlqKxeS4yFWpTnSqRd3CcZRTdrNWdu9mrW0S6MxfjDZeGtV+O3i2fwTDb2/hS98YanfaQrKEzazTyXETKrAYypyqnlRwM17/wDsf/tIaT+zD8Zm+Itx4Mt/Etha2Wt6RdxXV0BFE2pWM1v9pRSxUOjyKzbgcjKAhgQPmxrZrv4jaVcpCJ4TJczzQrudGkVSPLKrzyBtBIOF46DB5PxBp93bx3+oQLNHb3GrXKSQeWf3ZZjzIrYIXbngjBz+SqZJQxmWf2RWc6mG+r08POTm+acYqMU017120pNq2qvbcypY6VHFzx0bKpKcp2fRTab0aT01u00909Ufrf8AtbftG/s3fHT9njwh4l0rxJd6h8fjc3ugax4b1ODy9K0zw0115lstgwAQmFdqIxJBx64r8TNb0N7/AFC7FhbiWJFXy47cHzHcYXZCuSWYngADIwSDkLVy8tZDfiNSJIvJXJCgOiBd2AOQvXPGewLdK9D+DutaR4Y+I3w98R61C13omgeMdJ1bVI5Nsi3Om2OoQTXkEkL5SUNFE6+XIhV+hGDz0ZblEOG8lq4bAxqV40o1KtKnOTlJys5KnFtJq7so3V1druZVsVLNsfTq4iKhzyhCbjorXitfl1vqe4aP+yd4ib4E+NPjPJHYy6T4b0zT21XTr2QW2o6NLeBWjkeCQq7PMuWQYC4Oc56fDtzbFb3bCB5LlMKCMYIyDx3HPI64yQQTX9e3xwt/hr/wUL8F/Eiw/Y6isPDU3jHwbba14m0i/trTSbAw+CrJYbpZbOFYltp51STyW2okhBdd3Br+T7xJobeH/EGo6Y6RzTabqc+myeTl1E1jIbeZQSWzlkfbjnsOTXx/h/xRjOIpZvRzOn9Xx2FxbpywbjKE6FKUL01KM0pcrfM4ytZvU+hz/KKGXU8HUwyvRrUlLmfLzXaWsuW6s2m077XWmiPqPwQJYv2S9WK7gU+JdvEQc4UNFLjLdSO/qQOMAk14r4QDQ6um8KzC6mXcBkgPG+c4wOQemBggc9MfQ3hSKP8A4Y816cAoF+KmnKRjj5o5jjB5AHzAZHAOecV4R4Utz/bbYXKC9y+e+6NsHJIxw3OCe4PIzX7LkMIzw1Sd7uNepFReyaUXd9rp6Wdz4nOEvrFKLTTdKL0emqvd63vbW3ydlt8Z+KIpF8T66xyqjVrohsjK5kJAGTggkjKj5QdvQCve/gBDcw+KIpCE3PpmodwAV8ltrHgZ6jryDjvyfFfF8Cnxbr8RbEZ1a65XJ5VyV9QCfxOBnivefgfGh8R6eFyXksbtBklSQqPgAYHBwTk8+oIBapwSccYk97zvd3WkovW7fbT113RxYmEnhpaNqPKtW3eScVfr1213101PLNft7a41DUxKN8n2y+3eWhUk+ZIQRj7wyR83qOTyDXe/s/hIZvH5KyFF8KXYHy4wBExJzjIx2GcYweep4jWmSHVNUzvBW+vSSR9/942MH0GAeMZyQe9emfAKYCH4ljGdvhC6YAgZXMbKOQMfeHP97AycAV0OcKdR2gm25q6jdrVa2tunqvuvZmNO7ppVIuKS1bvdpuEmnvu7+bt7ttT59ktpkmkYo6riV92ATgyu2cgA7cH5j9M4wBX0t8DZHHhH4sDyyFk8OADOMYxxkdMDvk5ORkHg18+T3bKZIuC3lZVvQBjkgjgA55BBxxzk4r6A+Bxl/wCEW+K6Ngj/AIRknax5GFAJyOFB4AAPGCCcHmJTtF2V2+2mjdtVZNNLd+m9wnRg5Rd2rtPpu3F6/wBa6W0dlpfs53VpB8WPhyks6xPN4u0eM5UtwJl2gAjJyT+IxypwB94ftR/GTxv8Nf2hvHFjo08Vz4cuY9JnaxlRViuJkjjb74IkHP8AdPPPOQc/nv8As9w7vjF8KQY45UPjTSd+cdTNHwMkEgAEjk4PIAyTX2B+3XqcWlftH+LLe5t4nijstOVS2CIg0UJDAEHJycHgkeoyTXDRrKFdS5+RpPXVpbPXy08/kdksPGpRSnFNcy01SeifSy01f5eWnov7Zt9o9/q0sngLTHk1e3ZZpFmYpE7QiMSMzn5yrZfJOc4GSAKzov24fiHH8LH+EzaDot34XEmrL9u+5qcVrqMskrW6k5TEUkjOgGDyeMZr5JF1p2syIbSVFKp5TqiBVcgZAI28nO7PHcgA98i50aV43htzEriTjYSHz3DAdAcjsRwQOck9WNqPHUoRlUVSMGmoXaeji+jWz23vu3a5nh8KsNUdSilBySjKyve6WiTutLtX6X0v11LS807WFlNlfMlwZizWV2+GUKeQGIIYYHGD0PGccUdSeSKeNTEQqYDAZ2kHjryuBgkH0IOQCK4u90u7tBIgEgk27hNEArZ3HkNjB6ZycHI46EtHba1epGltMWu4Y3XzBMSHiKhcYkyCTwRg8HGD97B7KGZfuoU69Pl5VGKaTTdmmt9NebW3TRq9r8FbL5TlNwd3zcz7N6O17b9XZ7X0jozidZkK6jeA5C/a2YZDNnMZI59MkheABjvgGuTM25pCpwAzBTnupwTggZIxwDwfpye01DbezXVxHC0jNcHamciMBWwQQeoAyCeRwB0rBk0Yr88kckQkBkYjBAB5A+U9MHA9WGCMdfNq1YSm3FPlcm9U9bpX12afrreyWp00aNZUklFXWrvq1blXmrXV030t5nr37Pc0q+PrZVB3iymMe0DczfvGXnJ7cAk4BOeDivuqbxBd2jLdXMLuttDh23BHDKSdo4Ax8vTJ6EkEV8PfASBLXx9DLEkspi06YxKvJIAYg4PzBQMAk46cAng/V+s63HLGscabo3V1lHO4OudwycqQCG5BOVPQdR+qcF1qUMsqe/70al+Vaa+41e2mjWr2tprufn/EeGqzx9Pmg1FU4p2V1urdXpom2ldLqrnXR+O9PuLDxN50rwvLoFxmMgkASAr94Zzzzxz1z0xXyJbaDc3kgazurJ0ZcoJJdu1ZGLEMDj7oJ3EduhPIr0bUJpbiPXzbOEVvDs/7gLhiVfJYYzgDAwRx3NfKpvrmBI3NzOhRNylJSgPz5wdpXPPBzz27gj5PjjMak69KMHFOnHS6Wt2nrfR338vlp9jwdhKFGlO8ZNOSlorfZT1dvN23uuvQ+qvDfwT8TeLtC1jXdJ8G6r4n0nQEkXxDf6Ppct9Y6TEEZ45L24hjcoGCk4LA7Tvzkba8C1rwNpgMDTWD2AZnG+MsCFDlQWXGYzxjaQGBzkcrX01+zD+3P8R/2ZtA8f8Ahrwfb2mo6H8R7FtM8R6bqrC4hlSWJoDc26Sbgs6RuQhUDDYPQkDwPxb4ss76+W4+wy26XjXFxJEJCwRppDKShJbaAxOFUhRnhBmvynL8bja2OxtLMMNRhh4NPD1IP+LGXLfnWtmmrW2d1bbX9ExFKjGhSnQquU5NOUGmlFNqycrO70ettG3pZac1H8NZLiKFrG8LvIjeVHLHncAd2QQucDrk56gAjknn5fC2tabcyGzn8qaIncIXkgIkT+5sdc9M56gdcHbXsXhbxRp80axtbs8cMJBIJEikkBCeQccnhepySDn5cDV9TgF9eO8TCNl80McsUTOct3BJzk8HkkYIJr1qsMI4e0h7uvR6cySbSe/z266dOeEKzd+V99vdfupvV2XlqtX6GDo3j/4neFA7WfiLW4fK+6PtL3EKgdABIzgDd2PQZxjovsvhv9sL4saJLZtfz2muR24UhdQt/KlIBGcNGqjOO5HU5APNeSadqNjeXIh89PKuZEQMQcr0yWBGASMDJ5HIJ7V6zP4W0CRLcSRW0zG1RkYxqGckYPIHbgDJGM+1Z0qUqjtQxLgrxk027NXWrS0ei/HRt6Eubi25042Vleyb3T3V76Wa1vbbV6fR/hr9vSwnk/4qXwY8TuQstzpsqbe2WCNufkjJ3A44IG0mva9J/at+EHimOW3fXZdGuJUVEi1C3dlTnlWm2qmAfvfd2kZIAzj84T8PNInaZljeF8uSkbFdgUgDbkgMeuQQCBjv15S98DW1s0rRX7RhHVQksecrk55xjjPUAcjcSDjPXSnmuHfuVozikrJ21tbta9k9FbqtrNGE54NxXtIct+qt1trs1o2nr+CP6FPBvxV+GWsaPpthpfjLw3d3DWohaJtQghkbC8EIzjkEkYIBBHbHPO+KrCG/8R6LLC8F3bR3Y2zWrpKqxHG7ftLbxuHU8YwR1FfhRZ/DPxfaRx6lpGpRgNGZY1ikeGQIeVwylcE8nBPJxnvWta+KPjR4TkF1Br2t26RzKBILySeJDgbdqyOcDHHpgcnGAOt5vmOHinXw01BLWcOZvltF9Ou/r0vuuengMvrNRp4mN9bQkl15dLb6u+rja1tm1b91NW8L6bdyARWau0srKxJYfMejj7o5J+6ORhRjrXMzfDLT7l5h80cyqqxQSosqF2JBALAnByOBkjuRmvzA8I/tkfGTw3LDBq00WuW1qRmPUrfBdVO7HmxJuH3gGywwR2PNfVvhD9u3w9dSQy+L/BV1Ad0ZludKnjaNSCNziOQ7scA5C4bocEkDvwnF9GMVCVapBxXLyzi+RWSetur6u/daatY4nh32kk40qc4tqzi48yXu3uvda66fM9o8SfA63u7QJd6IJAs0TJPZbkfzgdwZlPGT124IycH5c55VPhBcWN1cw2F/f2TuoaSO6iMsbYAAGQPlXjDbjjPA9K9k8P8A7VHwT8VwwwWHir+yb24uIi1nqUZhVWzgB7iTCgq3J5xjGMjGfovT77wprypcaZrOgau0qjd9nvLa5kwRkkBXckt1wT1yOhIr18PxFQraqdOTdryjZOSvFpW2Ta1dkvyPFxHDKi9Kclezu1dK7XkrvRd7+ep+dOv+BPFttbbljtdRjhvbdh5TbGC+Zgna3J6jtnr97GQt3YajZ+ULrT7xEEylz5LPGoA6BgDnj/2UdMCv0L8Q+CNKewuS0G12Mbq8MZR2YsuSTj+H7x5Gcj72Krt8NLa4sYEtpjOwiSVhIqsclM8hgQxB4J5C55PGa6v7Xo3nJxUrxUdLKyXK92u131+84JcPzcXGEnFrpZpa8r6fLb7lsvAf2SZ7YftTfA5QCqDxBNH5bAxSEvCVwoI55PCjPbA6CvmH9vDQVsP2ofjAvlkCbxXcSKGBJUurnGcYOeGI7txzX2fbT6f8K/ix4J8aLo7X2r+C72LU4LddtvHcF3CyAuu1SwUnDDJ6Z6nHyl+1Nqj/ABZ+MXi/x9p1n9kg1uWK+Nk7b5EutoE4Rg2JcP6Hg7fWvg+Ia9PFY11YXa9mopPT+W+mqV9tdux9bkmCq4bBezk026nMtm1ZRTVrp30d7bb9EfFWg+FhrGrWljcMY4bouZRsJOIwRtAYYDNjOeSoxzxVnWvhVa2lxZNYXbwLdTThEnUHyXiYjAJAbnrkY6nqa9K8NTf2XrdlPfWc6pE0ySBoih5XAdMoAQDycEfXk47jWrmxuNP0e4FuJZFursDBDM6NuO9scgr1IPU5ORXzLp066s+VO95O/S60X3a7X12PXhUqYeaak1oklbTSybdvJvR+aVra8V4I+K/xl+DBt59J1C61DQYiVaxuka/02RAcSRiKTesasMqSgGPy2/Ufg344/Cf4r+ZB4l834d+L72aMxahG2zQ5p14+aMACLczfNhgoyd3t5v4SitLjSI4p4FuLX7LeSGKVDKEbDEAqQRwT1PJwccg15z4o+F1tNpVvr9nbwaeLtZfJiflJ3jZizAbgFfAbGMdCPppSo4nCrmpVFOC19lO70Ti/d+F9Xr1fU6liqWIajWi6crpe0jqru2klbW673v5H19/wq7xDaavJdXsNj4n8NanIxtdX0x476zcGMgTboS4SQjBwxGD0GW48/wDEXw0urKWL+zobm0kgW7ZIZY2Dyq5LIY+TjoAOQMj16+DfCz4sfFb4UXQTw7qx1HQFIkn0G7kNzZPGD88aLMWZMjIDRgcEnIPT9Hfh1+0P8C/jFHp+j+MLNvAXixAI1uLpgtjNKeoWVzhUck4V8qCSBuOVrop5hhcValWf1aqk4pbx95xVk/iffVPffQv6jVpr2kI/WKbak/Zq7taKlzRa5lbTVJrdWWp+fFhFq+k3kdtfRFTNd7lkdidwVm3s5bIU9iM5GAcHOaS/vLkalqUlpN5LGJiykAKY0Q7QCPvbgW6ADAIB9P0N+Inwd2yi6s9Ostd8P/Pcxato+2YCOQZViYcluOcgjAAP1+QNX+G5le81HSZm2ASWi2sykSrKNw24IBOeQD8x5wQccRUwckrxkpp6xtq9bbPbTRtJqwleU1KN0mklo2oyvG8b6NWSbtouVWstD58stQuodOcDy2Y3mZDxIrq7kMjqVY46ngYOeSOlbt14O0LxPd2UMUK2sstu6O0K7Y45doJaRFyAAz9NvHRsd6p8P6lo9xJb3trNDOl5G8gcAIyGTL4zwRtyclT0BwCor2jV7v4Z6Q/g+88KT6g9863Y8Ux3zqsaTbUCiAoAGXfkjnJxhgRuFePVpRfNBxbba05UuV3s+/326b7nbhqk6c4tyslG2nwp3i1d7O9m7JPtofM9/wCBPFPgnUrrVPDGqXEMul3CAXNrI8M4YYPWN1zjK4zkYHOQMj6z+En7cuq2sMHhL42aTD4s8PlFsTqJSNdStol/d73JwzGNeS+d5AHJbJPnniWZNQtPEM9qDGsl0piYfITGVUIWI+XB+YDG4nuABx4HqnheIlAGWRprcSlwFDxsPm3E4GcnjOATzwATjliq+Blz4apO61lFtuLty2XL3bS/XTVei69PEcsKsLxVuWdmrW5Vp1Vm0n019Lfq4Phl4H+JVh/wkfwi8S2et2TQyXU3hq7uY2v7UygsYkiZxIdu4qA6ZBA5xzXy34t+EcsDSQfZJNK1HzJRJDPE0bSKjMSoLY4LdCCOe3HHyH4T8QeNPAWuW2seENcvNLu4CZFltZ5I43WM/wCrljzsdcryGDYB5JwDX6B/D/8AbE8LeNrWy8LfHbw6ouxMkQ8Y6XEiXEQOF3XSKFLrkhnIz/F/CQR1wzLDYvlp4mP1eq205v8AhttRV9Vo9LO9t9t2c9XBVqUPa0F7els4x0qWfLo4/a0aty8r7XuY/wAGdT0v4b+OvB3iXxhpT6no/h/VrO41jTZ0SaK6sophvLRShlcKPmKbTuHAwMiv0I/aU8VfDz4ofE/wp41+Cwsb/wAPWngVZ7uHS4nt00bUfNMoglt2IMcqElMBVIKkDbwK8I1n4M6L4ts/7c+H3iC08UaNJH51tc2k0VxeRJt3CC9tUJccHHKjkAE9z2f7Dfwuk8XfF/xr4V1Nbmzt9O8Hau9zZx/IrXQhlEEzLhSPnXKjAIO7Gcgi/qtT21NUlCopVIqM07xaj7ySadlzX1a7et+StOgsNUrTlODo05QlDRXclCMuaLV7rvpbz3P1h+HWgQa74H09r60ttVg1e10O4vLa6gjureTbBAs6sJVdfM5+fjgYBxivgP8AbP8AhP8AAq5/aRg8M674et/Cfhu98Bx3UkuipHZxjVwMJMYhtiwzgMQFOckheOei/Zk+Ovi74f8Ajq78CeI47/XvCaeIL7TbeLyJDPpJtZnijYyMCDGQu/BzwMKQcMOA/wCClXiXSpvjboGobRd2N14Pg8xYwFnjMjnaDs2sGUjnOWOMkDOBHEWHWMw0JUaXspqUFJxiozTsr+9ppfV91a9jxsG6+GqSXt3KCjLkUZStJNrlbW90m1qmk/Vn56eMPhz/AMK/uLS++HXiUTWqWd9cW19bnytRtFjZ4/LEisu8Oq5OzIweeDxg6N4X8VQaHaanqYa4ju7uLUkQuDPcPOQ0kjY5eVnO5hgEk8n5TXeWOrW2vSaLpMCCJYtG1S2eVlUhwRK0e4d5MELk8ktnkVv2V60Ok6BpswwdPt5BG+4gs1vICAxOF3EDuSO/HVvmoRrYVQi4ucnZSb1ulqouS7Luvxuj6PLas8TCXtm2o6Qb3taKs1ZLRu6ex2PwmWYxXImhlt5ZPEumqsMwCyALNG3AGSoPAJb5Tg89K/uN+D4ZfhN8OgAQV8I6TgEYAP2SMZ4HzHr29Tt4wP4jvhrEdU8TnUZpGiSW/wBNnjhPRlWaNC21QBncMbj83UnHSv7e/hAmPhV8PT6eFdJOSembSLHXnjPpz0xg1eEqJ43FaJt04Sklpq5Q6a9VZLTrtoieJNMuy9WX+8VUn/N7kWtOl9ttN3ud2icYbIJIcccdSSOBwD2JxnqDmrEakBiCcHBHuRnkH1HGMjjJwc5NDo5+VAQDjJACk85zzz1zwAfbHdwzgAgAk4Yng4Udf049M5x1r0k7cqtfljvtq0vPW7eumn5/FttxautbbtaWab038927206KHafn55O0KB/Ed3PQnAznnplT7UxxjA6sDgjnqMA44POePbIz6VM5wuMYx1wB0LdC2SSdvc8Z6EZwEJwG+Vg3Y4xjHOef69c8USlZxXIrt6XTVuVR62ert6uy7NGkZStZS0Sta+1uXZbeqV9H1W0G0/MCMgcHjHHGMZyPxH4DrhpQ/wALYAyRxnBJ4zjGcDco6DnnPWrp4OQAfXIIx7ZAwG9wD+FLtUgdTkEkDJGG+6fY9j976HBNc8m93pfySvp0622t066bAqrUddb23VtUk3Z35tb9GumyM8qzHJ4XkZHUjtj36449c84pQDxnIyBwTjrnH4gYzjHrznm20ZGCNo/vAHHUBgBnJB4JyM9gDURUgHp6HORtP1Pp3bJXHJPQGbv7tfTbX8vwDmi0/dTulbR6tqKtzXVmmtd/J30I1CqM7cZyOcAcDJAOeB2PGMcDnIqdAcAjOBzgY4OMc4PQcYx6c5AIDdmQdxyOoGBjnHP3c+vHHP6TKpUYB4688jHqeuRxnHOeePWlKSSVrqLv8rp29Lvd73t2Jj5rld1d2umrJLre600d76rRjgSDkMVLdDjORz2x19OO44HZ4OWBVshfvYxk+4DencgDA6ZphBIwCCBgnbgYGBx6HnIzzyMkjINKFfDMDlev0yAcHGMHaOvT0zyTqptKOnxWtbe+l3bXZJSV1rddLhyqT92SaWrul5XvZaJJ63e1rkvA6g/UEYP5Z4H8+KQ46ccjn/6+Mgjn0GccDg0z51wzAYPfI/8ArnIweOOc9yMhIUZ9SP1Ofx6nGM1Scox7JJXula2lrvZ30uvzMW2m01Zx6avRJdNe607uwjfj+X0Oc9gP1/DIGOc44AxgNgknI646E54HfI6jinDcRkDIPGeQBkj+9gdMc5K5HPI4Qgn5iARj+LCnBOAM8kD6kY4+Y5FJN3ve2yvptpb5ba7PzLjJNpcjst33tbo1s9r7W62GAHJGP73T8fp1xhj75POKfgAKcgZz2H3eDzgfdwDyeQeoUZoUNnnHUAZ5z0GTgkdvf/F7njdkA5wCMgAAnOMY6HoBjoMZBpxd3q23pu99rf0rr0sV7t4+dumvwx1e2qa0a0sreiDCE8dclvu8LyQOccjqo54IyOSadkDIUA4457cDsQOQen8iKjAx93HBOTk8YBPPf5cjjsOaYCxJLZ43HGfTpz0AP8PP3RgDjbVtJu66662TvddUna62SfXvdlSWt0r2Sd2ldtdFqr22XTS/kpi2QB3BIxwCBzgjnuMdTkewzRuDr2OCOnPoMcdByO7Agg9KibG0dAAVI3YI5+p6j34xxg9QiHOMdPRQFK4GMnJyc4BIxzxjgUtY20263Vul9HddLa772Ek5a2aaa6ea+d3az10W90rlkjBDDPKHcvbC4B4zlTnbjn1PPZAz7+Om0Z5HQ8EDPVsMO3POT0pVZtxGP4TnOMhhjGQAfocYIHU8ZBnj5wVBOCSTgfxZBDE9ccgZHQYFbc693Xys73V7Wu7uz0ve9+u9xJO2qb0Wi63ttbVtNW030ukrsVT/AAjIyAF6cd+AOMkbecevtTnHRjjkjseg5wwODnOB78nJ4w3fz03LjbyAASe2ccAdScAZOM84p2/kl+mOmc59QTyR15IxkHvksdFJJXTb263ve1rfhv1uZSg3tps2lfpy3+ez2dnbXRjSAM7R0BO4jA/Jsr3x6ccEkE04qMfMQynb94FQCQRkcZOCM4/MYyKVQqkH+HGAB0yQSOvU8dPQHGRS4JzuOADgA9AcnH1yT1PTGMk8DOUneybT2/J97X01St3a6CS6Xba1182l6JNr079Dyz4rfCjw38V/DtzoeuQKJjHJ9g1BVUT2kzDCEORlo92Cyk4A6DNfxp/8FU/2HPGnwt1zUPGllo089gjyvfXNpbs9veWZLMl/Eyghm2jM0ZJZMfwnGf7f8ZyDjptHUDd1JL9Fxgcjkc7eteZfFj4Q+CfjN4P1PwZ460e21PTNStZrcTPCjT2ryIUEkDsuRsL8rkAnqD0rzsZl/wBaTqUmo10tnpGonbST7taJ3ve10+n02QcR/wBmyWGxalVwM5Ls6mHk3Fe0ptvVLeUG+l009D/LA1KzZGdVypDEgkMpU5wFYccgkcHGcEcMeaMM7IRDdD5cgpLjcwDEgDOc4BxncOOgr9rP+Cn3/BMn4hfsmeNdU8XaBo914g+D+v3U1zpviDTreWSLSZHct9m1JIlYW7pyA5KKwJIOCQfxhmsmjba8YeMgssgB3ctyDjIGM/Nk+pI4r5evCcOanVg4VIys4t2svdV1Zaq3VdWvl+l05UqsYYjC1I1qNRKUKkHzRkmk+VpXs1s4u0ovR93DdaNGwWaFVlR1wRjBORkjHXPIx268GuZnsXgbeisu0kYII3YJyCTtPt3HII6AnsrZnsX3gedD90hiTtyF4ZcYOMcEYORjua1GtbXVELRkNxk7cCQEAFtyEHJBJGcZIXGfTiWJqUZxu26Ta1W9rLR62t0vppqul+ieFhiF7seWTSvF9XpdxvpZJaq1r7b68Jp966MEnBC5yrFiGHpnGPlYDae2DgjB43XSTP7oqRx0IH3udpyOQRkjHI9CFqtf6KyAlW+6Th2OBgAnAOPmOQM5x6E9cZMF7PYu0c4Yxkg4YliAuBx14zzt+7k4zxz6FHE062sdG+VNX7cvS1lZLm0avZ20Z59TDzpWi72VtUrWel9Wm728rPddL9JGd33tvykKy9QenzYweAozxxzk1TubZHVztC7cDeCcjccZ25UnpyRyBk5znNmHFxGJYSAMLnaCST/EGGevTH/fWeBiwFOCfKaQE84BBBUcq2OgHU5bBzx1JraUuWXNGTX83npDSzVtrapvp3sQmpJKSVrq1+q92yau2uW9n0V1v05Oay4yhwwU4BbAdcEfTcB3PYehFVnt3jwHXaCgywLtkA5G7k5OScdDywwAK7ldPWTgqQWOQxXooA6ZyvXgHrxzjs2TS5UUgquABgMNxYEqc8EBSeBgDHHbhjtTxVlFPp0v6a9Ho+2muhFSgnrZpu2z31Xktt7vVPVp3OMWNeCvAXhgRnIIzkkY3dQOTnpnrmrHksMY+VCSPlGSV+8CMnnggnpg9hkY2ZdO2/MqsnBywPHI5ypzjn7pAxwQwB4NZrOaEZOHG0dyGyM4IUY7Ee5IJwM5PVDFQn9tLbRvR2s13aurvfXRXta3IqEotO1lzaJaS5lpqr6ppvpa2lkmmZ5RyGIG3cchhxlRhT8pIOG6Z6fe61IsJVg2Qfl+8V2gnp0bPHcZ56jkgAWxAyg7iWOF4Oe/3sEY57ZPy7stklSKlELqwyRsXGVOc7cDnPQkenJPGNoXFbKSlFNWturO99t9W1p12fQiVlaySfe1r2S9etrPffVblQ2xYABlUNkE5yQuc+vOcjngde3FSPYEqhbLhhw4UZwcdMNnGCMnjgjuRm8sakMCxxjggBsEgYBJA4HQY6DpnoZUfaVV9pBPy5zngEDnPB6+3Tr3znKUXeE2720Vujjftva62XzuOnFNcrils7uO3qnbtvboldamG9n5eflBBOFDbtwwc5U/luyOevBxiFrJtysgOTk9cYJ4+Uc5GOoAx06Hk70tsXAJBbngAHALcrg+mBjJ7kd6qtG0THevG8jBPzYIznJ5wcAnP8s5wdWbT/ePdKyfaz1v07+fqXFQg3zRT0v012fTe6ST06p7pmRJZXMTs3zEE5VVAG4c4BAU4x0CnjGcAjJrW0HX9S0e8R4B8ispkt5MMrgEEDGMYI6gev53oTtB3hT5g3AyFiFJxgexHQYb6ZzmiS1hnctGqh1AAfBAJIBHJzwefmH1xkiuWrWnFu6b2tJO7W2rvZLpvfa/dnbR9lNJL3W5L3eibslrr3VlZL0PqPwhH4c+IUUNvDcQ6Tr2ERLecqkdxKRjYu7AYMRgkA4zuyAK29Z8H+IfA99FaaxYXVvDKVe3nZW+zsp4VoZSuyRSW+6Cc8jJwa+UNMupbG4jcyy288TIYLtHMbQyAh1YkcMOM55Xofc/of8ABb9o7w1qOmQ/DT4/6Yuu+F7tFtdN8VxqjalopcbY5xNjeyRMwYqzE4BDYHNbZdm1KnWVGtJU5tr2dS/u68ujV9ru66fI58fga3J7anD2kIq84KzmlpqlrfR6rrq09dPNYPFL20cEcs0sUsTqttdRllaEDJ5243KM5IbHJ7cmvdvCfxgNl5Ft4kBmtAAltqaDk7uMzADGQCueO2CSTmj4u/s26z4L0hfHvge7i+IPwtv08211zSnF5Pp0Ui7lj1GOEM0DxggSO2NoBJPVD8xW+qR2caRuI7u0kVhLC5zJGDx8inPzAkg7QTkEHGd1fpGX5zUo8kfbKMtGlKXNCUbrqtGrddl2srnxOMwsK372EYyi07NJxlB3Wlre61r7u61TW1v0e0u70PxHbJe6Re21wrqHYRyLuhfHRo8jgkfNjLIeTWhPYzIYS4DkYwc9R1xnI4I6Hk9x1r84YvFdz4VkTUfC+rypG+JJbWCVmMO0n70RIDLyVZdpG0dD2+h/hx+1ZoWpTQ6L43hFuQscK6tEAFDfdV5VxuQnGW7g54Axj6unnVCulCo/Zzdle/uy+G/e179/keZSw1SDfLFv4b6ar4dJdG2n0tftufUNsogbaRjIKMpPQkZHQYyeAp9eOmMbmmxeZFMV2uEYsUUHzIwF+UgHgYbHTaQRjgE50NNtdH8S2Y1HQdRtr+CSNWU2sqSMqEZMkkasXBH3j9cAAdKL2WoaW7zwkiWN1Hyr+7mUHpJ32sMhjgEfQYNSqqM1Jap3u1qrStu9Utumju+mq9CMY1qLjflktOl7rk3T2va2q206lHxH4J8I+ObA6P4sQWUVzGba28QQIoudPml4R7gAfvbZCw3qwJCg42mvg/4wfs5+MfgnrkdprFql9oWuRJeeHfEtgpn0rV9PbGx4LpNyJOox5tszeYjA7gOK/Tfwz4VufiE1xp+lm2g1gxiR9LuJFj+2Eg/LpzswSSVj/wAsh83IGBxV7S/FFn4Xs9U+Enxp8MXvir4Z30z29zZXEe3XvBV43y/2roU0qiaGS3Y+a9ujCGVV4BNcWOo08XBKm1GaVoyt8LfLpJK7Sa+W7ZnQqVsNUvJOSV7wVublTteNl81q00nazs3+MP2SaF9m10xhtw3KCQp9fUEkkEZwOpBrvPDt5OHDAbkK7TjBKjhSPm3DvwGwGGQcfeH1/wDG39lW78C2EXjjwZfR+OPhLrDsdG8W6cwluNPDktHp/iO0QtLp17EreWzzKiSMMrjjHyimmSaIWk2/IxAOBkEE5Kt6nkgNkZPtzXzjpVKE+SolB31f2ZWslJOz5ou9vlrZK56vPGvHng247ro09NGnomm1dfetzoRqIgJhaeZJoZUmtbiNzFcWsgYFLiCQAFJEOGXBxgYOCSK+4v2fP2ytH1HVbL4Y/FfWraLU3eLT/DXjOVkSK+kBEaadrZJCpORhEuGwGO0Z54/NXxbrosi0vG7yJJEHXJWJiMnr1AxnOMDoMCvm7wy51Oe+nuhK7T3E1wG3kPC/mEpJA4O+ORCMoyEEEDHKivRwONr5dWhXoScbNc0E/dnF2bTW3fz0VtdTxcbQhi4uhUXNJX5W/iTduWzv0VlZNppa7Jr+unSb2XS5VWf99YyqjK6SK6KjgFJYnUkSRMCrKycEckgZz9CeB/FjabPGkk7XNhKwKHeCqN257EHqM9CQAc1/PZ+yp+2leeCDpvwz+Mt7PqnhGQxWfhzxjKxku9ELgLDa6lI255rReE3sdyLhi4Ayv7NeHNdtBb2l/pV5DqmjahCs8FxZzJPBLFLhxcW0itsZSpzjOVLYOcEn9Ky/M8NmlFSVlUVk4X1T03TesU3o9fl0+Qr4SrhKjUoycYvSVpWa0Vk++uq0t+L/AEr8Pa7p+rQR/aDtmidDbXUeEngccxyxyZzx1ODgjhscV+SX/BU//gl14T/an8OXnxe+HGk6doXx10bT5Z57myggs9O+ItpBGz/ZNTWPZHDrYVcQXRw0rEZLEru+vvCXjf7IYIvOLW7FfIm3cggcowY5HcMGBHpnaK+hpfFr634P8R6MsgNxeaNdpaxq2JI7lYXeGS3YHesu8L5bLg5wrEg4PJmOVxm20tErXejSsnv/AJK2q10V98LiXpzbPSS02utZaK7S32eu7srfxEfAj9ofxr8AtSuPgl8brPVZfBWl6o+nyHVIJV8ReANTR/KzvkUSy6YkgLZ+ZGjKsmFUE/fPxd8J+OPHXwt1zVPA3iDT/E/h3VdBjbTrjT5Y5l1C2klicQKwz5dwqDLxPh9wOBkhqn/aR8G+APjVLq+m/EOxj0Xx3pd9d6NpnxWtLSNDHcLLJH/YnxBsIVVprZzhY9TKl0ADPIODXxd8LfGXxK/Yv8Zf8IN8R7S41b4P+Jrgb5rK5fUdIS3nIEWs+Hb9TJAECkSS2ayB4sbWXj5dsl4ir4TCV8oxlSdTA4mEqNOopP2mGc/d1vdON3tfzi+h5OdZDRrVqePw6gsXQlGrKGiVdwkpKy2ctN737q9me0ad4G8TaXomkwXWt6haTJo1nE1l5HmJbERqHi4yAqkFTj9Bk1zfxR+F2mXngq/u9b1jUb3Nj5TIIVTlh5qqpYcfcCk8EYYdVwf0Sh0TQ9f0Gy8S+GriPVtC1mxS50u9ADxy20i70UuBlJlUlXViMMOR1NfNvxi06WTwJr5eMqtrFIVCrgHaCMjvknAOTkA4wRjP6RWyrDTyKoqcqlWH1FpSc5SjO0E+aylZXWuzS1Pz7CZpXpZ5QUuSlNYyD92m4STdRXT133TuttPX86dI+A3hLXNE0/WpdU8QQzalDhreGKNo41jyg2tsJxgDqcZJOBnncsf2ffBFjNYanb6hrzX2nyi9tXZY0WOa3y6u2FHAIJIycjIBz0+uvhX4ea68B6E3lqvl2txuGz5yxz90EEcdxyDnpnirV74ceETHaWVbW5OcBc7Y3Jzg55OMfSvDwPBOR1Muw2IlgoOrLCxm5NyupqMJc261b1fRb3SSPo8bxfm0cwr0Y42qo/WHSSfK4qHtIpRd46WWm99vO3yTpHw18IfEJr7xV4jl1a41m61Ke2uJdyNE62n7tG2ybgCVXk9M8gYxXVx/AP4XMnzaRc3bsFUNcYVSCep8rAXHbnnpyACOr+EFvJN4SndUBz4h1FSCpY4858g8Z4Ug8dSSMkcD2FdNC3EcXLDAPlIu3lcsOcZzgFiBznjB4FdmS8KZDicsw1etl9GpWqRlKdSXM5Sk5OzbvurK6s7636nm5rxHnWHzTEUKOPrQp06kY04J6Ri4xfKrJWSV3bp16NfIvg34d+Ftc1rxbYS2Frax+HtT/s+zkWMTSG3VU2xkXIcYCsegznPORg+hj4QeD1MhjV1YRjbmytCApboT5eMZ9Rhhz3zVf4YJIPE3xTVYwdniV1TewBOFVuR1zjjnoBxXsDRMhEkx3ho8MoBGDxg+2Mg+xB+7yRGR8PZJXwNOrVy3DVZe3rxcqkNeWNdwild2Voxst0lurmudZ/nFDGulTzCvTpqjhmoQqOMU5UKMpOyd7uV29rvbVHzra+GdPf4jSeC3u3XQ7fQv7St7QW9uFju3IR5gpXbllAU4GB07nd6mvwv8JnaG8xxtUZFtbqW7cMqKQRjJwRgjJJ5B4m32J+0HOoUbR4QV/nwAMu/Bzwcg5J5zwM5Ga+hLaGcRtMxjIGwRrgYBGM5PBKk5xg4OAcnmtclyPKazzHmy3DVfY5lXjTc6Sny04unKENVqlfTb0XTHO85zak8DyY7EQdXAUZzcKkoqc5JNzlyyim5XSk3dtqzfb5f+JPg/RPD2oeCodOg2Qatr6Wl/HJIXW6h+QqskQJRiAeFYHkjgHIr1B/C3hW3lSAaRpyO2Qu3TrYZUMRnd5eCcggZHPPOa5344rs1X4XsgQFvFkKs6bTuJ2Z2jPThsDkcbs8EV7XLpSzs9xvXfEw8seWOm4jB4yTk4JPHQkcV3Zfl+CWZ5zFYDCKjCWEVOEqMHGHNRjKXKlG8U3ppda3Wxy5hmGOlleSzli8S6lSGKlKoqtROXLWile0tXFOyb5tI2Wx4D8VtM06w8EazLYW9raPFHb7WFpbxMu6UIWDCIMQwyMgnv3BrptH07Tv7F0eUraRu2lWDsEsbfLFoUDHcYydx6/kTnaQcf4627r8M/E1wWQEPZpnDBl/0lAQO5HQ+gz0J6+g+EbCObwxoCs5bzdG04b3TcysLdCCpIx04ycDI69K3w2Fwrz/FQhh6EYrLMPJU401y3deackls3ZJy873vvOJxOIjkeFqSrVJTlj6ycvaScmvZUXZtvmlve2jSu/Ncjren2zaLqbW0su6OxvXLJDHEY5Ehd1O5QpyCBwoAOSRzzXEfAmxgvvAltcXkMd7dXGqXu+4uoVmlOyZkUNK4YlRjBH3euMV7T4ksorXw/qyI0gP8AZl+CRHhWHkPnIx2GRkHv1HSvLvgCBL8OdOQEbn1DUEVzwv8Ax9NktyMDPGfoCSMmsMVRpLP8AqdClD/YsQnyU+VStOFnZ7vVpPV32bYqeJrT4ex03UnKSxuGindpq8Zab7vVJdle9rHqyaXabdkVnYptWYMywR5U4JyAFwDtySDyR0GMV4j8AiTD8Ro2WOTyfF9xGg8tTtG98KPlJCg5AA+UYOF719ERwRxxvvJL75A7puzgoxAPqcEEdT6dTXz/APs7EpH8TtgBYeNLojcGySzttBUEjnPG71AJBGK6qtoZ3ktoRXu466Ubaeyh0teyb0s7Lpc5cHOpLJM4fPO/+xtLmk96sXd82n6b9D2uVyZGhVgrhX+RY8DeAASDgY5z0GMgKSDxXi2oG5Hxl0iAOjFfC94+Hxxl0bIBxg9xkcjHrz77NbYKvhTI6szsVKtGpxyvJJ9OhxgZPBNeB64qr8eNDjBBz4Ru8ouSDvdSCQDx0zjd/EMMBye3PZN0MC2o/wDI1wbVlZNc8Xr1TS+/ZPe3Pkbbq46T6ZbjG7PS3s426vZRu/Tpc9ZE86IG+0kShWICp0IxkD5fXGPc85HFeXeM57s+NPhsksz4m1G4LRvgs5UMQcHqBjHoT25r2SKxhby3kRlEahtpLHd82MMWOTnquSSSw6nk+P8AxCaGLx/8MCgdcajdgqVLcbDyMkHIGcgcgZJ71tnsuXBU5N6LG4Hy1WKoJNtv8dNzDJZxeLnG7beGxiTTbaX1eet20rrVNrV9u/phmmxczBl2hiF3LtIVW5wAPuk8Z65wemDXmPxdkkm+HeuSGVSWksj8oHCtcRgAA598dcduRivSJ8SlSoYIzyGRcOPlLFmwuMnJ24zj2z38v+MIjX4e6/tQqpexMeQwO0TxuWKnGBwck4+mOvVnUlLK8em0n9WqLZbtRaSvvpbzenbTzslTWa4Npya+s03o21fnjZu21tN1olq9bL2TTIE/sfSHJ3BdKsXzsAB/0dMY5zznJwTx0pt3GXtLiQbwPs90yqgUDAgdmPOfl4bvngEjjFaHh9HudD0JhHsU6Xp4PBwVFumScg5HUnHJxk8ji1qkTR2d8EXEYtrsjacHItpASBnkc7QDg9fVq9ei1DLaVpJr6nTvZf8ATmOivqlvdWV93bp85XU55nUTjNpY2TtZvT2qb1s0lra2vLrbz+evgWVPhe8keSTEniTVJCoHUiVgOnUZyoGeoPfJPrx+fU7SPBWL7Twx3EMeBgDHABHXOMckgBq8h+AVzFJ4Rm2+UMeJNWB3soyRcSHk5A4OM4OeePlxj2Q3EEmqWqyXVogW6O4NPGnDgHjLAY6ccHoTznHzORSSyjCNyipNTdpSSu+eUk9WtG7q97aLlXU+xzanfNcS3GcoqVL4YvW0Kd1dX6dteuiueHeEmkHxT+LEallWG6skVgNqherA9ycbSv8Auk9cAeyRw3DtFEGOAPMMjsVZuMtkDIxjqACfXC8Hw7wdfWn/AAtj4sBru1jT7ba/NLcRqj7D0R3YBwvfByeeQentiatoyOGm1jTF35wpv4VwWX7uN4OQQT2X6CurhuvSpZUk5wVsVjG/fSTbxDbesr7try1t5+dxVh51M3k6dOo+bCYLSMG7r6tRutFd7Wu9rNJPZeP/ABIleH4i/CtA7hGfVwxU9cQ8c8jGT78AA8EgduLWS4mkKGUxqWYMWKk4YkgAYwvUc98AnOM+Z/E/WNLX4i/Cxo9SsHgSXVA8yXcckUQMX3pHBITcQNoY9wR1Fejt4n8NW8YeTX9GUsHA23keTuYgZCNnPIOSOTng4xWOBr4ZZhnM516aTxlJ3lNJP/ZqMXrzW0lpZt7b21N8Rh68sBlEVQqprC1U17Nt3+sVN0l7umuttLW0aPNPjNHJH4U0tVwjN4i03PILEGWPOWOegJ4XKjjJwOe+t9FkuYFC4ZEggcrvOWZoxkPzkgA8j1HRsCvJvjX4g0C58KaYLDVrS+nXxDYSyJDMGcIJI8sVHGF5z68j0x6TY+P/AAZa2QSfXrNJfsluSysz7WEQVlOxgSwxja3A6jkbjksVhv7bx1SWIpcksFhVze0jq1z3V27X+fa+r16Z4XErJsFBUKvtFicQ5RUJuUdKLTa01bVvS/Yq+KrBrXwz4hYmON4NFvX+VSHJW3kw245HPHOOOucZqt8NWa68B+GNrhWOnEyFhyQCRnA6jcBkc4z68nL8ZeO/Bdz4V1+G31hJ7670i8jjVYpC0jPEwXDEcLuxwevXOK5/4Z+PfCWneCdAttR1GeO9trB0miitJ5Qrb/lRGjQhiV9Pu84zziI5jgo57h3PE0lTWXVIuXtIpL97Tai2na7Sd9VeztcieAxlTIqsHh6jm8fSnGCjJS5PZNSdmm7bJtb/AIP6E0yNQYkAUmOTc5CE/TbkAZ4HzDIyDjHWvFfg3tlvviKzyMQfGF4VBB4VXc5wuMHJOBnPABxjA62w+LPgVQkEU+qSOz8CPTLpmZgm7GSp5PIGeOuD2rxX4TeNNK0u78aG5tNavXvvFd9cQfZLG4kUQNIwVZmVf3cmeCpJY5yBledcXmeX/wBt5PKNeM1TjiXOULzV3TgkvdV2u1lve5hhMpxyyXN4PDzjKo8IoRm4ptxqWlu1pa3Xr5M+rZoLd0e4ZS2QU24I4OMn13ZA6YyOxwM+B63BDJ8a9MwrJu8KzKFwRwHXBz1JAJwck5yvuO7PxK0yUskPhnxPMNxwPsksQfk8L5i44xzknuTng14b4i8cufjLpV7a+H9XkkHh+SBNJkULdSg4y6tkKqj+83OeDnORrxDm2Er4fBxhJyX9oYSbTpzSSjUXM9Yq7stIrXe26Rz5BlGNoV8VKcIRvgMTFJVabfPKCtpzaXa1vovvPqC0hiSNAiszLt2sc/MoUjGc4BUkMDyTnBwSK8z+NNv/AMUYgLgY1nTMYySMTRkcjknjBznB554NNTx94o8mJbX4a6q/zH55LhFHGBycgg+p+uCMA15t8VvGXjC/8NR22oeBrjSbM6nYMLpr2FvnSYMsYQHcGkYBc4xz1zyHmOaYWrgcTTiqvN7Fr+DUUb+6ua7j+LdtH2JyzKsVTzHDSl7CMVUjJxVSm5XutrT1be7S0X3n0xp7wCBG3k4s7Qbjk8tCnX1yOu09cZIwMzaika6bfbQzmSyZuchc7MAbj1APGQTjqRnAryCw8R/Ez7LG9t4Cs18y3gCtd30bkxKn7uQgHILLgsACQc454OjNqnxmu7S5EnhjwxZxG0dXM12WKLg5K7Wx298/3uRXVRx9JYWEY0sQ2qC2oVGtIpdrX21V/vZlVyur9clKVXDLmrNq9eDkrzvZpO17O1raW10tb9j/APgjqRDd/FKObZF5sFkAS2cnyZhjg8Ajjpkn3OK/Ln9p+MQfEj4xqM/uviNqEYUY5827DMcjsOSATkYwOua+nP8AgljbfG/W/iB4j0rwf4p0Xw08lpNfa7DPaS3kV0tmCtpbxuQxWNzI5YrwPlywySfkP9p3VV0T4o/Fvw94l1TTV8SL8RJ2uwsgt47278+MzPbLKQTFnbwRxwPavyzhOvQjxnnzqSVN1MMmoz92Su4JXb0TSv1fTZ6H6JxTRqz4YyeEKcn7Gsm5QvK/u2vtolK7+53Wglrt/tMEoy40+AZUdvKQcnuV4z1x+NY3jgJHpmmyAHC65pu7dnn96eGJ9BnhhjO0jgDOvYXcNzfq0UkTq2n2+14ZAyjEYBViCcE5BBPY5yaxvHo/4kdkXBjI13TMEngnzcZA9cN/LPBIr9wdSM8vqKM4ySg3v0jy2tZrRu+t76vW5+LOjUhmWHtFxd2tE7rRauzbettVudbJbKw3Kzom9GbOAo+TPIYhSoxzgAYIGeleb+OPDOi3kegve6RYXLS6/bxzM9pEZJEkbHltKqFhxjv7cqK9OYGQvGoBEixnJY4XCLnAxg9cAHtwCW4PK+M3eHT/AA3JEmQviKwViQSPv4J59Scf3T1yOKyx1CEsI5Spwn7lKz5dXacL6u9nbTpfpfViy7FV6eOilUmrOTfvPqrdPO3W19rbnD3vwZ8KCW5utG/tLw9OZQFn06/njVWLk5W2aUwn1+7jAxgZrkdX0L4laBeeH20/xDb+IYje3EVvb6zAqsn7vA3TQhCdwwiHOAevevo7zhPdTKVBwCCozgkFuSTwMDqB34AxXI+JGHneGQY2UnVnGAcuQRxyx75znnI9cnPn4zLaCowqQ56Dbgm6U3G7bgrtaxeq7au3kejgs2xE8UoV1HERtVVqsIya5YpPlk/es07b7ryPJW8ceJNK8xPFngi/t1WVkkv9GkF5BgMcuIV3OQWO7APT5eckntPhN8UvB0nibV4ZNch0+e+mt4YLTUwdNleTg4jWfYpKjqoA+YdBnNddMqbLgBmAWdjtcDBw+eS2V9d2BjHJ55qv4f8AAPhHxJLqja3oOn3bxpJLHO1ukdzG5VhvguEUSRtgZLBtw52kcCufF4fG0qXMsWqtCnBz5a0IqXwXSUo9rPda269ejBY7LqmKVP6r7KtOaSlRl7rd47Qne2v95ddkfmn8WdP0LU/jH4wvJ7KG+jh155J5WCGGeM9GMgwrrkggqTnGeTkjoNW8U6rpnjbTdB0eSGz0G40/SpooFQMU5RBsz8wG4dQR8pB5HI+Z/Fd9rmmeN/F1rpFw8sNpr2oxW9lcyNMDAlxJFGjyO28hQuAGIAAJOBkr7JqGm358beFtXnuYxLL4d0ud7SI5ETq6BkJGcAsN2R6g+tfgVaMpYytUlJxjKtNq27cpR2u0311vonffU/oDDVaf1KnTpU26kaUVJ8qtJcqVnK3W1nr2bV2j9yP2EdJ1XxB4I8VOddv9KtbTxV+8GnYgm84wkhxIPm8tiNjqTjBJ9z8FfG+/uD8WPEq6tN5hi8Zzwi9nYs86W+9IzMTkhwF5PUg84wAP0h/4J6CZfAXjpQownimyaQAqcrPZhsY5556eozkgV+bX7QUdve/EvxfBMjKZPG+oRqy9d258cDBJzzyN3qAK9HCU1TVZpp2acfPZ2f3fh8gxUqnsqSltdrlsr3XLayS89PPyPJQzLqMgtz5imO8kAUZUg3u/ehBJG3J4IIPPG7NZPiVFW51KaJwJpbjTXKDAJPlqWAz379+hOPWtoV7Na6oNNuP3UkI1CKGRzzcoGJHJDYbjjHUnH3q3tfsor221aaEFbqJdPk2ry24QhG3HqOSTjIz1yTmt4SXK53uuZXhytcvw3cL3ta2qW6t3scHKmlo+klq9NU215pd9LN2W50+oa/JY+FND8PXL4srue7vAzOD5MxQiNlx90M+Oudp69MjnPHfiYaV8LAkwaR4b2zuEVH+RlwAWYcjDclSeRjlupLvHenuNH8HEBx5umyLKq84IQfMc55PBJ68E7uRXJ/FCS2X4W6fa7GF0LbMxYbhLGkmEJ6/dIwvT2I5Jyr2jaVlZ8vLde7K6VlbRbap779GdFKTdOadm4xt727Xuu2vku91ql0OV8A/FfxvY3V/e6Hr2qaNdXELWUc+nSvbXP2K4wksBmiZXZHyeO/qC1Xzq+rvrN3FcXt9duBG8lxeO9xNKzkuyvJMS53E7upGMdSwx558OJTPJM0yqhTZENqYwqDqenTjOOM4FbnjHVNV0rW7iPS7S1uoZ7a3nkubuYQMh2gjaODg4zx13EemPXwWLweFjCrinyQdkpSWt7XtZPraza7atHl13VqL2dNSqWbVklql36tyfXe0V209Ih1TV4ZbTZfTqiyyvEkk7BIiRhjGqsoRyT0GB7+nsXh2M+JNJ0iPUUvdUkA1C3jLPLIoVQT8uCckEDLZY4IA54r45/wCEm8TiNDLc+GU3BmVTK8si5yNwyxBK59emOSRXsfw88b/EHS10uy0vxn4flla6Js9KsdJuL7U5pLoMHt7eNUczOx42BTkkHGVAr2KPEvDmFU51kpfFK8ox6ct780uqd21qtbK1mcFbBZliIRp0oVIvmV07vsrOzVtXfR2/E+w/DWgaeugaQk2nLI/2iGXzxHK5CW8hDRZIYegKn2HOQK9U8QaPE1/ptxYaequI7pEVLcqqs0K4XqCC2Mjt/EOck+R6T8Gf2mtb0K1udP0z4mfZryYFLWy8AakjwtcSbwd5s/kBPzqVz16jpXXX37K/7ZyxxXMvw5+Mer2SLJKb9NIltFggSMNJKyiNXj8tB86sVKhT2K1ivFfgfDydOWIw0aj5XyupRhy2stbyT30Sad1r6z/qVxPWjzwoYhw0kpqFSS3jZJ2s9Xa3RM9U0mCOO18PST2gSSC1ZJQ2T+8V2wSCSScnncWI7EdK5bxjAhvdX+zRwBpkgCOCsWS4+baSVXh8kjLH5QCQBXK+E/2Lv2yPiFZWmo+Ffhr461LTbvzltLyXWVtYpXjkKSJI7OFSRWHzLkOo6jrila/sQftUa54u1TwZ/Yg07xDotxaWmu2Wq+KB5mnPdH928zidV2kkZZSRzjjoLXjNwbGpOUMVhpTp07TgsRRvCKcUm1G7Wunr01ZyS8P+JqsJU54TEPmaSfsqnNJvl0Skkm12V9fK6Nvwtb3VhqmtvO9kIJdGcJLLqNuATsDbNpccjbg/KSTyfUdL4ouIJNC8Gzxvpcpjiu0nRbuCVrdeh3AOWHXOOpx9SOivv+CSf7YVkZLnUb3wnYCVSyq+vzSmaOGIzybCkpBzGMqeSegHOab8MP8Agld8dPinodrrdj8RvB+mW95eXOmwWVze38lx9os5nt7hEjSQjIKMeAD8y5B6V5dfxu4SVRV1icPyU7LlVRyvJpJaqn1V9U7/AIN74Xwy4jVKVCWFr3qPmi5Rs17qWqbva/ovyM6O80rTvDOqxrqmjQzqbOSINdRGWRGbcfLUtkqDn5Rz1zgc1p6d4r0j7HAv/CT6C7f2hGhMtzCCGaEKd6hjjaWK/dz8hz8wxXs6/wDBE742WcN9qOvfFjw5BBplrdXiwxW+qzNJ9iiaYRH5mBEoXYpycdvWuW+Cv/BKTxn8YtA07xXf/FDSfC2m6vquoaZbacNG1OWZbjSrmS3e4ZypIE4hDKAd/wA2cDJNZ0fHvhivHEVaHJUppxpSa9pFRdlZ35FvZ6PR30VttpeGWe0XRpTTg7Jx5p003sm3aacd1dN9kkfMJ13wuNcjurvXrRTYazcJMECtDIru7HawzvQ7htwSvP8ADxW3B8Q/BUF9qQi1tXCiV1EUG8KWU7WyAx64weMkcEYIr738H/8ABGvWTrup6H4u+K/9g6ZE0zadqY0C7cakFG3fumjO0ghXVlI5xubPNeQftCf8E4dH/Zxg8Oz2XxQu/Hd14i8X6P4WuLUaU8YtLDV544hq6+SpdVtzIUJfCkoTuBIFYUvHjIJpYejSnOU5NNexq7pK0deXRWTTStJ7Lorn4aZ3CUKkp0YJcslL2sG7e7d8vNdtbNW6J2etvlzxj8R/Do1fw21vrN4YrrTYopHtrV90brJna/yl8sFJ+bvgYBwK6jSfjL4Z06XT9Pa812W4uFksx/o7gy+Yx8s4Kg5JIA6HA4OCa/TmD/gjv8IILKF9b+LPxG1G7gitrhBpmmW0cUxu4En2QvKC48tnMa8gHYrH5jxcn/4JT/s/eHkttSk1D4ua7qdlKLqH7Ve2dnDHJEnmxsxZ0wPMABXOWTkAhtp8Sr9IHKKblh6GX1avNNNP6vVfLZq61a0ctL6bs9Sl4YZnKSrTxdKKULW9rHWNo3uubd3do76220PyVm+IthDq13aXsGqxyrcSsCYCpRWRlQOCvJZdpbuT7dbGl/Fy80PQpra2ttScyag00bRzxRs43EqzRtyrFANvA3djlsV+j37PP7EPw8+MlvrOq+MfBGpRsvjfVdEhu9Q8a6dozRWOnTywxNNb3F1E5MiRhvOAMfICkbsj74tf+Caf7I2hadfDVfDPgy9uxZzi0/tn4s6ZCsN6kLm1klEWoI/lrIF3Z+Ugn73BPLiPpBYTC1HRllWKqVFNKMqeHfKm1Fq7u1ona/3Jsv8A4htKaVR4/DU1J2anWUZ6W+you7TldW1s776H840XxjtLXULe8/snUDJCbyS6WW6jLFpizMflHyszEFuCDztyTmoNT/aIbVBp8tp4YuFfTEurfd5+TKsjE7yeBhRjOMDOccDj9k/ht8FP2EpdIvZ/HOg/CTw9r+k69q+i6xb6z8QWme+ewu3iiubQQ3hV7SaKPMcgADqV7nnjPjlo/wCxF9o+GGh/C7SPgxpmjx+OtPTxrfW2vXt5NH4dhdTfPczR3DjyZRkIAd3I6AHOkfHHHYmr7LD5DmUmpOTrfV0qekOdNNJ6NJJbXbV9NBPw7wdOCdbN8FDRfu/a3lf3bS1Ss1fa9rLoj8eNO/aEFhFPbN4WlEzRTKzm6I3GU5ClgO2e5J7Zyfmzovjjq+rW9kkHhW8uotJvDc+TamSeRhv2kOEzgLkkkH3LHt/UXbat/wAEkvDgRtOs/wBnuWZVVYPtUmoXbSDYuDIJJCBhiWYYzuOcEEV+Xf7YvjT9nDxB8XNLs/g5ffDDw74Li8MXNrd3/wAP7OSD7Tq84LQRXS3I2sC5CtIgyASc9TRknjDxLnuPhg3w3muCpShOTxGKo8lNcivFO1Pmd18KTu+zVjix3BuTYHDSrPNcJXlCUYqnGrDnfM0r2VS7stbNJJPbY/Mi4+LniZLjUL+38C3zR3zwtEXikcxNEvyoAOo6ArnkccEYp/8AwtT4oTac8Nt4CvopJZzeSMbG42Kv98luEjxn5+B1IOOn6z/C3Uf2KNJ8JeGdM+IVr8Oxrqacg8Ry6lqeuz3EWoEllvcWM4QGZfmeNVyrHaFx19nuPi7/AME4bXTtbhkuPBF5MdBvdL06Kzj8U/PcNaSxwPGwc5zIYmXzAcbDwc7qMx8TOL6NeVHB8O5viFGbiqscNy07xlGKldxXuNWadtt9wwnCfDjpxqYnOcDSclFqm60XO7S0tzXutvO1tmfkD4ch/af8Z6empaJ8FfEniDTdQtxBbX2maJeXNuYoeA8ckSMCmcAOpIJyM8YHYH4Vft1TWJ1Y/BPxHBpNsC0r3WizxyQx20bZJSRfMACEkZUKSCMEZx+qfwE/aJ/YU8G+AfDlh42+Lnjvw7qsGlTWM2j+EP7dj06zMcztFJHmQb5ZE2bsjAIGCc15f8bP2gv2Q/EeneLNS+G/x9/aQl8Qf2PcW/hfRxf6jDot5q8qFRJqKvIB9k2g5BGc4OQc14+H8SfE/E46OF/1dxNHCe39kq9TBYuS5HOMVOU1JRcbat2SVk7NLT0KvDXAmFwtSp/a9OriowcowhiaEOedo3ilJtt62S0fnrr+VGgeE/2mYzJrmk+DboaffS3NqGu4Ftd98XxdqY5iGjcEDA6EgAcHFS6jpn7RyapHDJc6RpM0VqTeRPrOmw3lpBgk74N+90ABHAzg5xX6pfAP45f8E9dI+Dfguw+Mnhrx/wCLviLbTah/wlKwavr0K3V2zZhnYxTrb7wSTuiHzHrnrVK0+Mv7AEX7SOi+N7b4V6xY/Dyz8GXOnXOjakl7qV5e60zAQ3LC4aRZYwMAmbcrHOOCcfRf8RK43pVMXh5cGZliaWHVb2NeGHnGGJdGajCFOU5XvVteL7brVo8mXCvD06NCrDiPC0Z1nT9rSlVhUnTUrc/PFLeCtfVb20Wh+Vel+GfjtresWUEHirwzJcSWd/Bah9YtWkYbP3sQQMAHfPyAjcTuxuI4VvhJ+0Vh7G41eyW1tVNxMY9StxFbxI7ZeRslVA+7tbndyRkV+4fxs/bE/YevtM8EW3wy+Ckug6to3jfRNbkvrbw5p0M0+n2LM11Zq5tw0gnz8yyEoxA3gkCrXi//AIKUfs4/8Iprenwfs23LLf6ZfWh1F9L0C3Z3ukkjgkmzDvBDsGZU5AG4DAxXlVvE/wATp/V54Xw1x9RVuaNeFafsnQjGUFFyk0k1KDbW3wvW2p20uEuCo88K3F1CEoKLhKEXNVZNXaUVJ8rWnlrdXPwaX4TfG+4v7SxstdguL26tbie1gtdZtp82mA0kuInIVMAH5vfHetqT4I/tGz2VlayXJlDyulkYryFnmNuA0pRF5Pljlhkklex4r7r/AGUv2k/gN8FfHOo+KtY+CGt+MtR1bw3Lb2WnNc2d1Hp93LeXFzNPGtyzJHbS20qwhUUKuwgYAxX1P4g/4KYfBrUfF3h7xBpP7KsFgfCFtc28dnLPpyQTSXilJTLDbjY5PdnBI5we9bZjx/4pwxtShlvh9PE4aOHpTjiauNpUFOtJJyo8rm0owlZX5tXrboufD5BwaqMauK4mVOr7aSdOFGVS1NOyldK3M73ta9vvPxfPwF+PV68IutQlt1PmndNelS0cAJnMarIC5iXJKqA2F+hM/gv9m74m+L4Jz4duBq6NdTIJLW6muHnltyyzYWBjtZGBBQndwSTjp+pnjT/gqVYQz240H9l74fW63Ntq4DX8UM0sK39u8MkkJRNqvGrF84ByBg5FfPf7PH/BQ34hfAzwbqWheBfhp8NJ49U8R6prn9o6vYJcXtrcahcySS28MhjLLBFv2KiuAPRe/RheIfF/MsDiX/qblmX5jGVD2FGvmlOpCpTk5e2lUnTUnFxtBxsndybbT3yrYXgnCV4WzvEYvDyjNVJU8JKMoytFxSUmotS1aeijbZHi2n/sJfH7UZIYovDOtzySGMFRpmqSFSc4YtgjbngZGD6ADFUfG37F3xB8A6j4c0n4hR6vod14nuZLXw5bHRNQ2alqKxlxpyT7MC5lzlUzzngHJr7Y1L/gr7+11JcpHpcvgDQWfaq/2fpUbuCMbAC0PIXqFHOADnmvnX4v/t0ftR/GrV/BrePvHNncN4Y8Rpr3hk2elWULafq8EQdbtHSFWZkCgBHJGFwfWs8LS8aMViVLH4HhbC4aSlGUaGLxNSupunakk3SUWnU5XJ2u1e3W0V8bwJThyUZZrUqJJylKlBRcVyuVlz3+BP8AVNJo7jQv+CUP7RviWwg1Cy+F2pXNmfLVJv7Yt7acmSMSbHtrhg8bgE7kcAhgQccZ9H0v/gjj+0pqscQsPhZMsxKxF9T1yziMJLbTIArqZEUjJA6559/K/wDh4D+2Gkl8B8dtatXknV5Et9PskQuBt3ACFQCVJzgDuBnOKy739t39rSVGuLj9ofxrHJtaQGLy4sbiMhQgAAU84wcbjnjpdPJfHSorTzHhDCJRa5lQxdacVaK+JtRbtZ/ClfVb6YPOeAYSfs8FnVZtqSTqUlB25b6Xjpf1s15na/BT/gmz8YPiVrfxP8KeHdN0G01H4X+Kz4Z8WHVLW8kRNY+ytdpHbSxsBJG0YZRIpKbtoUg4Ne5ab/wSI/aZW2v7y9TwFoyKHawkmtpZ2uHDlI0eISh4t7FfnccAjIBBI+EfAXx/+OkN14y1LSPi14x0y88R6xFqHiC7stQe1k1m+EIT7XdsjIzzKhwHP8OQD1Fbd78ZPjjqC3RvvjV4+yY5OviW/QNwcEhLoA7c5BIxngAgYPfV4e8Vq039X4g4fw9Nxpcs/qFWrVjONOmqzvfk1mpuKSbScbvqUs84QhZVcqzCq03L3cRCMLOzV04OV4qy1drtu1rX+hfhp+w54g8X/F7XvhHr/wASPCPgnxToF/ZaXqA1WzS30stc2JunvdPuJiqPGu3yyNzEN05A3e1/FD/gmQnwrn8L6j4n/aJ+HOp+HtS16DR9Zu9HurR7zSrWfhL8xrISY1fYrHb8oJY8CvyZs5vFOvazqWsX3jrxLLqUN3GzalJrN497cyFNpea684ykBeApY7R3/hrW8WSaqmlRx3/i3XNSFw0KvBdalc3ERDSqDnzJG3HknccEYzjAJPTW4X8RKkqdSPGFPDYaNKnTr0YZfTqSnWUbVKtOrKalHmm1OMLNrl1v1innXCkZtPIp1Jym3CVTENJQfJyxlHltKyetmr67NWP048b/ALDvwZ8I+PPhV4V0b466Z4nsPGutT2vijU7PWdFMehaZHbyTQXW7cQhuNgwrlcA87iTn1Gf9iH9l6w0m4luvjOgntdQaLypvEOgrBd2iyCNnLKylcjk8grknjqfx88XeFo9I0/RNYt9WvmaW5s0mt/tEykAxcGORW8wYHB53H3AzWHfafYbJFlnvZUkYL5cl3duAZCCduZBnJ5YMCCDxjOawq+HXHOM9lCXiLmWH9lScajo0IRdV1JOcJyfMuWUYNRVk9rvqb/628NYVp/6q4KfO3JKpUcuRQUIuK01V02762l03P1q+Cf7NP7J/iL42/FfwR4o1nwrdeGtC0vSL7w3rOpeM7KC1cTRFr3y7iO5RJnV+TEhLKScnk19bXn7Jv/BODw+qGTxT8MZbgsobb4yaRiP4/u3hA5z9SSDX84dro2kJrd3DClzEqWkblo5pFJYgdSrbnAySQxxnHQg43ptNsEMMeySU9t6hwCAANxcFmOc8kZB6HHTysV4JcVZjiXianibxDhaLpYeg8LhpzipVKNOFOdVyVa3PWleckor3ru5vT8RcgwtPkp8IZbOTlKcZVVFqMJyTjCKdOTtC6Sb17a7ftP8AtC/Cz9gDRvht4sb4ea74Efxjb6M8mkC01i4urhNQSVNhgQXDRSYTdldvzcg5rb+E83/BLTQvh94Un+IV14b1Pxn/AGHp02sgWOrTJLqxUG8Eke4gMzKQyKNhPQYJr8MtQtrSK1uikEYkVGYSLCuUycnkqSPTqoHc4xmrFZpLHYy+aVYxhs/Z0yccEgEAN1GM5yQfx0q+BmLlhPqWK474qr3ryxMsTDFqniHzU6dJ0nJtt0ocnOobczb5WRHxLwrqLEU+GcnpOEY040vYrkvGfM5OKUU227cz1sklsj9tPA3xm/4J96D4++KklzcWJ8Hapqej3PhXTrTwlNcrYwWwb7VErTQNJHHKwUsoPKjgZORmfF/4/wD/AAT01j4dfEPS/Dug3P8AwkuuWs0Gj6lbeFktksZjLE0U0byW29NiKwPOw785r8VdCjmOqa2XuZFRJbchVVcqp3YG0dMZJ2hQTngZGGfq8tqdO1RVuZ32ZVslhzuB4XAJ4PfJwODTo+AWV1KtLGYjifietUovDuKWYqEKksLGlGLqxjBqpzezi6l3aTb7O+svFLGqDw9LJ8npwqpxk3hlzRVVJtQbleKSk/OOlr6W/fX4a/ty/sCeC/CnhvRx8LH1vUrHRtPtri8k8Mad5sl1bwxpNK8k1mS7tKGYuSSS3BJ6eZeAP26P2VvA/wAffi3400rRvGdlovjnR9EceFbHStKW1tdUspn8+aJDbbLeJ02/KqqSdwYHJr8Z7CyZ4beRWuMeVGRs+UHKKANwx3zknIyCScdOPtYXg8a68zySR/8AEqsDzIWZy0jZOOmTkBskkKBk8mtP+JceFk61SrnPEtV5gpUsRGrmznHlqVIV37NOFoNThHlau0k7aNmT8U83qcqpYLLaTw0eeE6eGjHWEY0k24y3tKXNffd3s0ftB+2l+3T8A/j38H774f8AhfwP44sNXl1bStQsL+VNJt7SBtPnE8zz+REkrsyIVClsH7nfFe3+Bf8Agqh+z34b8K6Boln8H/F1w+maDpWnTyxJodpFLeWFjBbXM6bLZSPPmieQsxU/NzuJNfgLrTyixBhnkVpJfmZ3HCkfXIHTkDIGAKytGuFttMtVlu4znzyd9wFwTK5yQWByOOOeOcZOK7Z/R34Bq4HDZPia+dVcHh8TWxdOM81q8/tq8aNOcqk4xXMuWnC0Ukl7zSvI5oeKXE1CrUxtBYOFedOFCTWGhJKEJcyjaTabUptXV2769Efpx8ef26tH+L/xp8EeMtN+G98fB3w9hn1W28C+KNaLW+q+IZRstNXcWbokf2UKrqgxkD5h1ro/iN/wVO+IOueF30C0+DXw20+zvbC50S/uFSc3bWWpwm3nAZjjzlRiQ4yQxLDIBx+SyalaJrru97bGSXTwMm4D7VWUkJlm2+x6ENjucF+qahZy2M5F1ayYeBtyzIzKQ4GV688NjGSegxXu4Xwb8P8ADYXBYf8AstV4ZUnTwc62MxMpUrVFW57RqxjKcqjcnNpttLXRI8et4icV169ap9dlCWN5ZVlToUuWScVTtZwvFcqUbK1l53a/Vv8AZ2/4Ke+L/wBnT4W6J8K9E+EfhjxHZ6BqN9dWOqaje3DTCLUp5bl4nxJ/q4pJCqAYIVQMgjafaLz/AILQ/GXULe9itPg/4AsPMhmWJ2ub0+VI8bKGYLNj7pyQQBnAHevxLTVtJUELfWjGOJWyJk4yoznnOe7Ak5IJPWj+2tNcGSXUrZQQwwhUg/KcghcDI445z7nijFeCPhljMVXxuLyLD1sVi6ssVWqzxmJvVq1GpSqSSrJa39627fYdHxG4xwlKlRw+aVqdGlGNOEIUYWjFJRtrDSy2tfTZn6AfBP8A4KTftDfB/wAL6v4e8Gaf4Ohsta8V614lumuYrmVoLzVbuW4uIoV3bBGryOFJyzA/MxHA+b7X9qv42+Gf2jLj45+HdV0rSvH2oafetPd2lsotCt8W84CAqRja2ASu7dkkkjJ8G0XWNGisUVb6LL3U7EbSzfeIDEDpkZA+oPXNZ+oatoyeJIZ2vPkXTWj3JA7ZO/O3AALEjK4BzuOBzgH6HB+HnBeXSxFbDZLl0J5jTjhsdNrneLoNwcqVbnk+eD5Y3i9L67o87E8X8R4n2UKuY4uUcNJ1cNFPlVGrbScLJcskpNXvpun2+m/jZ+1t8fv2gJfD7fE7xTb6ynhhbttIhjsreKK1e6jaKZlAQM7SRsQ27dkHPPJrV+E/7d/7Vnwv8J2XhDwV8S5NI8N6LJcW+m6fFp1q/wBmieQs6BjGXfJGQSTggcevynNruj70CPduWXcAtnKeuRsICkHIJwcAjIOVOM0dJ1ew+zSrFbXz7rqXLLbupOJG25yMDIPZscAnjr6Vbg7gvFYLD5Vichyevl2GqyrYfBVMLSqYelWkrOpSpcrjGb5pc0krvmd+pwUuJuJMPia2PpZpj6eMqxjSniI4iUa04R5GoynGV3Fcq01WiPq9/wBu39q3XviE3ja7+Jt5/wAJR4f0p9C0zV4tNsluItMvm+0XFsQItpR5hvyQeg6Dg8v48/a4/aZ8RaBcWWv/ABW13ULZtXsNVaCVYNpvoLhJIbhWC8tC6hkUcAcdA1fOVjqIF/qksOmXkiyzwo3yhX+6OoPr6EYOccYqHxHqd0unyp/Yt2AZYNrMyckyKVGwE85PbORgZzXn0+AeBaEI1KXDeTU6lGLp0Kiy6g50Yxl7sKcnTbhCLk1ZNLXS1zSrxjxTXny1M6zFwq2dSDxU1Go2oXlNcyUns02tUt9NPs/VP2vv2pdZsJLTUfjZ4tuLa6sUintzJEI5IvLCGNgMLgrgAcdevFcppvx8+P1tHBZwfGDxrbWkNtsWG01SSCNFIyVjWOQEKOfXqAApzn5cuvEOtoYRHo9ygISLBkU5CgbjnoM5xnkcjkcGkXX9ejuMDSJzuQr80qAYUZHOVByem72PA+aumnwXwbRpqnh+G8ohBSjaEMrwqi5aLmSVKzfK7Xs5a72OdcT8RTqRlVznHS1trjaj0ck7N+0vZ9lfXXXRnufij4rfFbWLDVbXVvih46vreazlM8M/iPUTBcBkJIlT7TtZDnlWUjAK4BINcDoWreILvQNNVvFnioRCBdltH4j1CC3jUyPhYoo50WNWwTwqn2wxx5nfa34imhvANJ2hoJRKWm3lIwjbtoByRjGcj2zkEC7on/CXPotibFdKhtxbKIvtO8yKMt97bwBnPOSOnoFop5HkmFmoYfJ8JSg1zctHBUoRvFxSbUaaj1snrYyqZnmVaDqVcxrylz25p4iUmo9Vdtvfp3stHqdNYz3n/CTahZyajq8kZtop2mk1e9kuGlDZQtMZS5A5ABbj3zWq88ya+qXl1f3cE0ALG71C8uU81sYwJJD854wyk84PTgYfhrwv4w1bXbrbf2EGoyWiiRLWCWVSiAsGQEMcd+ee/IAwzUrHV7e9WG+8ReVcW2oLbSNHbKDHISQCcrkhRlucg7cHPOYeHwNOL58tpvknzK9GjaEU4uyurr3Xtprp3QRxuLbShjZWlFNtVJ3c7K70eju1bS7e+qO+nbTY0ZV0+CZxOGUT+bKeQpzlywwBk5PU545Ch8z2bzReZpOlpsTPEUZyRyM5B6gHOScYNc5q/ha9hsri7vPFt40UaJIyx26qWBycAqvUAj5gecYyTW54b+D/AIh8U2MGsaLo3i3xLpYgklkvdOjnuFVIlLSFkjDMNnVuOACx6YFTrZThkqlWlgsJTTglOvLD4eCd0kuabUbu22rbSau2rzQpZni5So0ni8VOybjRjVquyaV3GMZSslZt2ST69FnyXVhLqWn2/wDZ+jxJK8rOGht9j7MY3gcfQMQctzjgV0GnyeHrGaWSWDw6JWfYiGO3CqpY/L90ADGQfugFjjB68TH4S0GDUI57vSddGm2zzJd3Ey3IjhuEJDwyy4/dSIR9wuvPHPQPvdC8HDf9nsJA2VdBJLNllDHDZZucjaR83zAnHy5z15fUo46FWWG+p1YQnytwrQly2jF2/dxa16t91bfW8Vh8RglT+sUsVSqOPMvaQlBuyWvv2ei6t2umyPS9V0iHVfE0k40hVk1LZArCDyQgA+aEKAo2sccDb3HqNQ+I/D0Nyd15osTJgqgEOM4PIAUc8gDnvkc8HyjT7Hw8LzWjd2xZINRaOJY1kdY02L1wSCdxOeRhvYVroPC76iltDo7zP5TlQbR2IAQ5JLqeMgZJx785NXCLjTil9XV6kopc2/vf4b3Vnb8u2FR2m5SdXRQT2tZwhZpN3vpdb66bHYaF4o0S2hu5ZdTtRJLqEske7yihQE7QoIJwRnHHHHY4rTk+I+hQl0F9ErLjDQw53HJPGB1HGCDk4I7Ar5hpktilssA8MT3DNdzPG7xIqrtd1CguBxjsc4HCgkkDaRThzD4YjT5CVZ/IGADzng7geScfdyT93OOyhCryU0pQi3Zu0JSdnaVtNOqvbo+lkcVWtH2km5TaurpzjZq0Vfe6vboWrbxzp6+ML7UVnvJI5dNhiXy4W3E7wcgBCVBUAj3HGSRVvxF8QLe60fVLSJNUkeexnTIhYLypB3EKCpGMng45JyOK5HTtR1SDxVrPkaPZSSx6dbK8MuzYgZ1IYYAX/ZwAcdeuAOg1m/8AEU2nXynTdKt0eynBIALKpjJJBxkMexHAJAzmtaU5QpVfid51FK1KV7e6tOZ6JpdHvvrqlPlc6V1FJxp29/vyX3Wtm7dn0ur3oeH/ABnHa6Hp1umm3jmCzBLFHIDEA5UtuRR29BnOduNuVd60NT8T6bPNYXu+KzkO1s5lDDJ2AAYVPmHGeR948E3tETxJJoemyxQ6Mls8AVWYO7u6ttbceQD2C5C4J+XAGcm7PiGLxdYxpNp63H2FymxGZAmCTx6sMY54wep6Uq0lTw91NrnpKPuQSesGtHbbVL+Z23M3BOdZpx5uWro5Wdmmnpy6LW19t9NWdQl7EqsI9NvGZzkB0J+U4BXBXG3GegxkY6ZFc7rDTyT2Kppsyu16Su7gNheVVSRkk/UgZyxAzXSW58VXTSg6tZROoCAxwuTnuQSpHByAvP16gc7r0XiA3GixvrCtIbyVN6QgbXETEMvAPAHBJIxnrkGu+vVbjzOE2ouKVowSWsVor+l0nqte5w0VepCm5Ulo7JN9rp6xu99vTqyO4TVjBL5dhLEGkK/LOOCSTtAPIPycj5s8kA0R2mteUhFrMz+XKxdp0wq+WxbAyFOV4GACX3ED1uyaHrDQqZfEUzFlV2WKKIlWfkZKjPBIGQM4HHJpIvD88oLNrepuFSZsINoOI2PO3PQjGMj3+6ABzk38E7KC15oraz267tf53HdRtGVSF7w1UXf4o90tb2bdrdTN0Sz1aTS7QpZTSKZrjB8wAMd2CQNwGP4RgjkdCOBNaafqym/3WGCsvXKErx2bnpyB6jBwK1fCXhn7Xo1nO2ramiGe6UwxyAfMshBwVIPzZHBGCeQec1Bp+hxSalq1pNqOplY7pIo1858Mr4OXIbg8DBOOMcYzWSqzcKSUHeaSV5xWyW102tLtPTpY256cJ1VKabpyfMnTetuVLW97Xb66a7WsUtWs9YGl3s32coi2zNw0YJAIIHGc89hyOmOWqloll4ims7eVY9kUkUYCtImQhHJPQjPpjvyc4Ndhr3hfTLbQNSZZtRkligYpuuJQCxIABG7aV5LHIx0xngFmh+GdM/s60eQX5mmtIvlF1KADj5QoU4UYwBjbyRgkjcZcarr2atamm17TW7s7tOOvazuu3Y0pYuk6LkpvWoo6x+H3YvRN77q/zVzjbiw1qHV9OWUooNw4i3zRuMnrlUOFwCeDjJKkHmurv7C+mt/3lxBGVt5s7EDEnbkHC5GTj73ckEZ4rn9V8P2Vlr1vtS6SJTJcbXupXMmQEBBLEqctkY6ZOckCvQ9Q8LaamnwPDBciSSxdy7zz7QSNxLk8DGRnI24wAfuiuSc6yp14RpJ+9HmvUs/srS8fK/ppZ7LSFShKpR5qs1dXSVNO/vLe8nZK17209GeTpZXcdvbf8TO5Bw5CrEQAo3cbWHYdADxkZxjFe2+D/hx/wkPhuDVdR8RNpFnGs8kMc+nyTNdSRkEENGMfNxtXGT8oGeDXGr4Gsri00xnnnVnBad1nkISJWwc7WOCd2F5Izweox79Y+Alu7O2SDVb3RtBsTDbtqGoXE1vaQeaUQzxxsVMvJZsqpBAB9q8TF4+lgcNUqYn2WHUIc3P7RzlaCV0qbjefuq2i1em+h9DgcLPFYqhDDKpXvKMXTkuSEnNRilKW0ddeis227XOf0b4PW2oC9udX8UR6Pp0QUrK/h69maVCDjCqpYHkkAAk4x6A+geDP2TvEnjW8vX8E6B428VWbQs6apbeENR0rR2jVdzM+pXkK28cXDM0hYjGecDn9Vfg7ov7Ef7NelaR458bePP8AhbHiW50q0v8A7JfSy3ljBfMm4WWm6VudGkDEJ5l3E8eSPQgcF+0h/wAFFvG3xP0TVPCnwsgtfg78M0tnW5GmRQ2Or65ahSvlMtkkccEbpt3iIg7XIPTj+c8T4r8U55nNXL+D+GcXPB0KsoVM9zmjPA4RxjZTlQw7jGvWim5NNcvNtZJ3P3l+HuRZPl+HxfEWbYOliKsI1Y5bl1WOKxPNKzUalWNR06SS0u42Tenl+Wv9l/CrwDrF7o2ueH9V8UeJoWbTLzTrG9iTTtO1DzGjR2uI+J3hfIYqxQMOOevN3Vt4VXxPqy6y66fZpJZyR2iF9QZowsbm1dlLBcch8YI5xgDFe+/s9fCjUfi5q2u634f8G/8ACTtpky6jqt/qNzJY6Pa6cjs1xdz3MjK1zPJtZ3WIs27LZ+8B5t4i8RaZa/Ebxt4ffQ9Fs47aURwXunIJziA48qLzg2RnKF1yzY4blTX1eQZ9iM94gxOVrEPHZlhcFSeOhCvTpUsNKrOMY2pWl7NyalKMbubSu9Dys5wGCyjIMLmEqVPB4OtjJLCp0OepXjTUZ3lVly+0Vrczs4puyS6c94tHgi78V2F9pkmjaVpgiMaWUFvNE0jJbLi4lDYYM3GVwMMWzkjDcP4ru9DWwkNpd2ErwW0zKI0IcAqRwRgcgkHPtgjpSeLHifxLYTQIkiT2xlkEscQHC7QoXGF+UHABOckE/Lzjy3UTxanE9vbIRaT7WSFGIOzIwNvGM4ygxwcrncT+6ZVg6+CwNPD1XFunFp81qkr3UvjTTbXR9babNn4XnOPoY7H1cRTgowqyjyxglGCtyr4VzJXtdpWSv02ez4e1nwfHa2mHhFytpF526KVg0xA34ZeBnHKqTgDkY6aF54z8HC6RLiJA0dxGUaGKUo2MZMgGRknDDGAAOOc5o6JbRNpVpILS3R3tVLu0MWSAByWxyCc8564BroLbSrB5Qws4ZJN0WVNvGOCQG42k8g5z26e9etFylGDjyWai7OKSs0ul/i7u92++jPnqsYKbSUm1K7V4NPWO6avez0aSd35NrATxX4autSvfMjTyTMfJcR3XTBOGHQZHTP0wTxXgH7SniTQrzR/AtjpVqYJINalllmeKRA4IYAAyA47nHG3kcAZHv+I01C+iW3RUjvQo/cJ8gIIIIwo65IOSB78182/tRwBLLwLIixhBqcoZVRVyzEschQMljjj29M15ecr/AISsRJ8l7QV4qz1nBd076q+i6tLW56nDatnGGUVUalJr3pJppQXTl01bWl+t99PsX4e3St8JNTLyQgi10tg7Ablz5Z4x0AHYYIUk8ZBr80/jt9nuvGusRLKV33SFrgtjCGLJwD6jgKMBgcE4r9D/AAdBcP8ACLUVg2B2sNKckcsAWhXkEZJ5BPHXIORnP5UftISX+m+LNYeVLi7kjeJo0Q7F37DkOQFLKOeevDA9sfneBlyVMTUklKKumne70p7PrZdL+bP1zOaPt8JQhpC8oNNq6Xrtv0109DN8H+KtA8LXMxt7Y6hdhpQRx5bO3AZ5SAuF/usxGWY4zk1Jq3xG1LxfqMNh5TXEgVobfTNLi3BVcjassygjHIDEELwT2NfMMepanqc6PJL9mjB/49YGMW5TlQrOOXOCdxPHH3e1fbfheXw18O9D0XUZtMgOp31iJFZGR7qScrvVmYcxoCQW2tkseR8px6mCliMyqewjVeGw0bqbhZOUW42V2rvVK7/4KPmcQsLk9J1YUvreJclye0+G75Undp8qjoulr221Oz+Fn7L3xF+KGiSajfazD4V8NWeuWthe2FozfbZzOd3O35t2wHlzkjBYjANfql8Lv2UvhP8ADK2ik07w/Bq2rogM2rayi3Mzy7R8wWQMigEZGAO2PSvnb9kbxZq/ifwT4oMyQxlfG+kSKY1xtEiFsEtz0+UZ6HJBHSv0G8+e51K6tri4QKiIzRQg7uEwMgYw2OvAOD9DX0eUZRhaE8Q1SckppQqVEpNxUYtu0rbt3vZNroeNj82x+Kw1BykqfMmpU6LkoJJRsrXvLl6tt310tt5/8TLS3t/h34jgiESxrYQhYYkCRL/pMWQigYUDGQBnv8oFdD4ZtFj0vSMxgGTTLLBK4wRGuAAAMDH3sj04/u5XxThd/h74gjgj2bbeEM+CWf8A0mLB2gZXIyo3ADAxnBrv/CumTzWOjfu2bZp1mhXa4JYwKwOeFwxA+YnHX6j14woU8XbmjCUaMXb3dbv/AILfa+r0evkpYirhb2nJOvJJtNt3jFJ/OyXNdPudzZ6ekUcL4VyqoQu0Z5DEnudwxhR1HQngEeYfCuwMr+MiCoSXxnqRY4IwQI+DjHG7BIz+uc+03l5o3hyyW48Q6rp+jRMQWF7dRxSyYVuIYWYyScAKqrzjgdxXzJ4G+JsIPiqz8D6BfeLLu58YalIt+6Gz0e13bQgleZVaUEHJEYY4AJ4JrlxGZYdYqhBVOdxjU9ymudpuME7peXW97rVM7MLlGJlhcW5R9mqjoWc2oR0nGUnd2ikvWz10TZ9faNpQ8pcbQw3KzlsKEGASS5VRgZOTn3HJB8o8X+PfBvhL4jSwy3r6zqqeFYUXSNFRr65dneQEM8AZYDkYJk+6SMgcVgto/jHXYP7R+Ini6DTNJhBkbQtDmOn6bHD/ABJdXrsk2VHDsH2/Lu5FeOa98bPgl8N/iHd3OkEeJtStvCtvZw6d4btzq15dXCs6+S2oJvAdjgvJLIQMksc8nxsfjaladFWjRh7WPJzyXPaNvecYvS2mjWul0tT1cry+lhnUfM6tT2UovlVoJPlsud73beqT01uj1STxV8R/Fe+OytYfAvh+UhY5Jwtzr88LqMso+aOJyD91lyuf4TwPkH9pvSfDekR+ELW61GC71WTVbue8udUvUmvpAsasDLC7lYISRwmFVgCOMgDoNX+IP7RfxmlntPD2j2Pwl8HTFgL26hW48QzW0gAGONsUrIScqVK54Izz8s/HX4U6R4P1PwhBqWo6vr+r6rBdT6rqeq3s8812VQYEURkZYUDZIAAyCB1r0MnjUrZnhp06bqNVocrqNxhKTdrxi07Q+756X87iSVKlkmNjUn7Km6FRSdBc0lHkV7y5lFuyvrLV7KxpQ6n4cjtgG1Hw9GydCZ7YnAJwoHJ+YYDE9Dnk55xdI13wpB4m1y6v9a0GISw2ojEklv5Uqq4JCHABYc5IwcYxgnjl4/BHhRbMztpSM6pEVy0xCkkYDcEnPXHXdk49MGw8E6Bc+JtR0+LSYViitrdkSVDIySO6kupfOSQS2zqeOcKK/VsWsyjOhB4fB6yjytVKl1ZJJtOCTur+ertax/O+VrJoVMXJYzMZNUJuacKavFTh8Nqjs+ivrZ+R9IR+OPhvCrM3ifRreXKlUjaGRQOMAEcjcT03ccfNmuc1z4i+A5F2f8JPpz4BCvFC2SSWGEIBO44zkjrwBjim2/wq8OqschsLeQIqK+bGEDJxglQp5BzyO/UjNc94n8E6Voq288Wm22xpHVFayiIkzkqFUJgYJ4PGTnHpVVaebOlKTp4GMUmrKM20tLu11Zb6pdtLs9DDYvJJzhFVce1zrRzpxV20ldJNK99dO681y3hf4g+DNOtLmG81gGVtSupVRbSaRXjdmIJ2Dady9uSOvJ5rrZPit8OYym67kYOFy0ekztICpGMMEZs5x3PHKrjp554L8P21zBeFbGNnfUbnH+jRyeTGGYFDlWK4PBAwFHHGK9SXQ44hGkOm20o2oSHtYVI5xkFkyTnHC56cGvNweX5lUoU5qvhaalqkqLk7OSVvjXe91bXdan0GMzTK6WKqQ9jiZOHLFv2sVF3jFqyUG07N2et9dEcdrnxK8EXenajHaPqTXE1ncwxCPSblELPG2wyM0Q4H8TDGBxkZNY/hT4q+HdM0TTbJ9M1q6uLO12y/Z7KZoWckHCnYVJznO0jn72ATj0XVdKeHT7+VoLKFRYXJUR26blJjYEYCg98Z4GQcnaCa5HwPaf8AEk03MEhXbL5jiJTnLbhtYgkgZ5zj1Oc5OE8vzKGMhFYzDpujJuXsVolKm2rOpo/e6Wdlouj3pZjldTAVG8JXajiIJxeIcbylBtNyhTVrK91179DQufjVo720cUPg3xKcpsJW2dI3JO5Rs24GeDnoOxxxXPeJPid/aHh7V7C08DazDvs2i+0yrGqx7uQzgAthR97IBz2AIrupYb0yJAsc6x7iwd4uGx8q4xyG9eeQTmofEVoV8Oay0okQx2EgcBGCgluCxbJzz2yOcHngKtgMaqVb22ZQ0hL3Y0IK+ibSd32VumvmZ0s0wPtaCpZZO3taceaVerJJuULNK0drav7la5yvhf4veK7TSNC0+x+G9zdpa2UMC3MtxGqThVxvUEcKf4Twcck4yTqaj8X/AIhB0B+GkEB3Hy2ku1P8WScBuB0yMYI7EdNnwyoOg6S6oXkGnwlQN6lcKMYAz25JPX5sdmHSqIJQQ0TyNs3EmNiUYnjCtyBgHPGeCe+aqhlld0qMv7YqwgqcNIKglbljaKvB+Ss27+SPPxeZ4RVsRFZJRlN1ZJzm8RJzfN71/f3d9lZKy1bPHfGHxO+JGseGb+xuvBun2VgWt3kuROpkRt6lEwBkgkLnHb0BxXJW/i74rzIzWvhfSEJCLGrSlnZVUKrkhsAsACOD16cYr6C8dWljb+Cb+dki3SSWwYuyDBLplsA8c4znJAAxjawrgLO/sg6A3Fs+0RKXSZFVRsBGVzluCfX/AGSCDnmjhZvH14vOsVFRpUrTU6MXJ6yabcbXStorLp3OqeJgsBhJwyHD1JTrVXyezruKXLCzV5tpt6Wle6SStbTys698X5JJC+h6HCxDjJdt3BOASck5x1yeO/Jzzs1z8VrnxHoomg0W0vESd7U8tEBjLCTBBbOcDb3CggksK9+N1o++V5bq0UMHKYnGWyTkkg8kEcDIxjPOa5DUbnS/+Es8PCO9syv2W7JZrhG24HAcggLxgKCexAGcgTj8NRhh4N5tiKklVpXTr02re0i21GMVqrX33bd2ma5ZicRPESj/AGDhaUPYVpRlHDVOZNQTSblJ6PW63tpZHOOvxqmUmTVPD0MaiTO2Fm2qCctknIXHbjHHIyRXEa0vxF/tOzt9S8R6cJbiMhJbeDEUaZyUJJK9cYLYAJxj0+hrjUPDwtdkmrWAYhkVRcru35YFThypU54A5BAPHOfGPGV54fbXtBig1OFEWMyzusgaNZFwxBKEqCecDGMnPoBx4tYKnSg3mdeT54JqWLdtXF6WUUrq9r9la7dzpwccfUr1OTKMLTj7Oc7xwkYyUkk0veT00Xdu6fTWSysviDc+ILa2fxjCuoLoe2K5jtQES3ywaEqQQz44LEjPXB4B6X/hFvH0iAXfj+VCB1WyBY4PO3coA64I5LHpnnEGneI/D8Xi2K9k1DzbaPQViMkSFwJFLLtUgDcQCCWPY8kE4PocnxD8IeUqy3RbZGxP7glxwc/w9eOMAArgnGOVhf7ItP2mPldVJcqlippauHvWUrvTma3b26WDFPPXOCo5bT5VSjthIWb3cW+R2SaailvzbWRyMPgTxXcBJZ/HuqELubbHBEqsNqhiMqBlue3zcAetY9j4M1S413W7N/FmuKkCwOZYdkTzSNgFZkRVJwB2GeOcGusl+KXhRIwY765KK4GwRMMqcHbyOck/XrnjG7ndH+KXhSLxHr9/KJpbeZbcQxqu0s6YLhc4C46/MMjAJGMsaxOIyGE8NfEqajVTqKWIqTdnB+9fnvy3trdXv5hg8NxJOOMawXsnKhamlh6avU56e16a+xdJaXvvoasnw7ZfLEvijxRJI+cIbtkHT1BAAOSAc98cYyLD/DmONVabVvEUjPxg6lJuOBwoUP8AebjIGC3TpWnJ8X/B5hjZLVmILH99dRoQBngMWG05B68jJxjpVd/i/wCF9wzaxEZQ7mvIsgHAOCWIHqQdpOQDnk12zx3DXs2/a0m2rJOcm7uz2u+nZep5ccu4znWXLh3Fc6aapQ01i39lJaXv+HU4rQvhrp+qyXzzHVJni1B48fbpUJRSeZQHOWUdCRkjGTngds3wk8MlU3Wd9IzYA3ajLtLDOAfn6j72Oe4z2riNC+MPh/TZdUZoLeUT6o8sUsl5GrbTgmNgWGdvRWwQ3TnI29Dc/Hzw9EyFJdHiUZkMbT+bJG68g8MVyRwQOB1Geh8nB5rw9SpR54w57tyvGTvG6a36ryWl9Op7OYZLxfWrc1GUlT5aaSi1BK0Yc1ktE77va22tjoh8J/DkLqh0VmVl6veTMS2M7VyzYLBjk8bTknIbJo+F/hvoN/o0lzNodvLLFql3AxmdiBGk7feXLNnA4YkZxyDnFc5dftJeGwQzXNiVPDC23pKCRtDI7kqOecEgcZ4wueR8P/tEeHtLtJLJrVpN9/dTvLJcAqY55WYbkQ43YPYAt1GehyxGeZA69FxpR5YqV7U9XzcnLeyW3vWXTptp04Lhzit4XEU6tWfNKdJxbq8ritXJXvonotd7bHv+m/Dfw6l7cQp4d0uVRHv+dFcKNm7LE5J7g4APXOan8Q+BNIsfDWvXEGhaPHKmlTyJLFaxBowEYhgSvUcEDPB+YAYwPFof2nPDVndO0VgbgTIIj5aXQcOeh9Bhf4mOPbaTmDWP2jNGvNM1LTzo2plL6xkg8xZDtUSjaXYPltij+HjA4bgCoqZ7k6hUjCg05RnqqVldqPK78qSXV2td/M6IcK5/7SjOpikkpxk4urq0nF2d7X069fRa+zeBdE05fCmgvNpNhubTA/nvawuzudpJdguSuCDk4yx5AxXV22h6e727Gw0oP5y+ZEtrFgqw4O0JnJzjkfKRknAIHydo/wAfbKz0rSdNTw7rNxBZwC1E0YfbMoJUgFQARnkZJPHHNaOn/tAafHftHB4O8QmZAvlkvISCHBPyt/DyAOMdudoU3huIsupRppQnJRjBO1N291LW9nfyu1F3WxjjeDs3rzrS+twjzTm0p1klZydmrPXS3KtE++6PsrxToaR+GNeVdN06AxaNNsb7LAsoUxnO07cgkDnHTAxk5x574O8J2d74Q8OpLFGN9pE8kggiYnJJyx2MccgfN13HI448p1X9oG91WwvbaXwfrey6s5IXkkR9sCFSpckBQB3Jb04yDxR0j4ueKLXRbCz03wfqz21tZCGG4trWZhJGPmzllKk8cFARxwcgZ3lxDgqmJjUVCrP91KNlSlzWcoyvbl0cUrN3e29rHnvg3NaWEnRli6MWsTGd3iV8KSdrqTStvZa9NrnjvxJ0f+xPGusRIks0W9hBEIxs2sCxZcAKBjqRyDnkcsPB00rzLya78iSKJiUYGLICMSRwBwdpAwB1JA9T9L+IPG3iCSafUL7wLqE0UwVJri8tHEgLc5DlMD0GCC3qAa5aHx7bQXoVvBss8bASPA8EeC3rnacEHuSWLN7HPz2PxtOq+dUKkbuUk5UnGzdlrzWcklol0fd7/o2S4GrQwtGk8VSlJRipuNWMlzWir8127O7vqvlfX5d1aBLbU2XyyYwo2qyMHOCOVwAOpyRg54x0FJpdlPdanCoZoxgMPlA+VTk4ZRySM5zxz/ePPuPjnxFHf6lazWHgu2sVa2AeOYrmUg87VxzksVU4HGcbuTVLRtW1uO2kni8L6buVmYuYo96BcEnld4HPAPBPbFfNwxNadVv6vzxu7WS2XK2r6aW3s29H5M+gqUKUacYvGQ5tmuZK1krrV9Nfkra62V44PsUSqJH8yRANqBWQjjaflBIOOTnoGPQcz6pHMtj5UUEwlZYkGyPKYzyScYDYzyTxnpnBGkviDxbcW8c0GiaaIw+NpgUck9QMAkjA5AxnkjPRt54m8blRJHaWCCMDfGLPIOBhflZMD6jORkDuK9iliqvJG2Ca5oJXV+0bSVo3sm38vNXPnsRl2CcvaTzJWTi9Jxs17rXV3Su1orr70a/gizi1bQdVtbqSaCS2Li2idGEkkmz+AdxnghQSc57EV47P4I8Sarczpa2Fw6JJIjjyigzvPzZI5LKQcgdfpXSXms/ERZ/tFk6IzjcyxW6xbM/eJXYMrjq2BjOQOOXf2l8TyFW2vW/ejLhVEbBj2ywUkAnAA2j0yMmuHFVsRW5ILDuMo6RbbSem7T8tJeTve92deAwmAoTc44ttScXJp3TVoqLVt9bJ6N2dl0R0fhb4a+KUsL62Ngts7tHkOQsk0Srwxfd25ySMZwDk8VHN8NPE2iQvPPa20Vt+8kDpdwmXac8na+SOCQCAenTJqO1t/iRcRnz9Vnic4Dhpm2LnGQGiIbPXAOACB05rLn8P+NJZzHe6jeSW74IEd0xXnO3IlcqM4AxwBjJJGDXjyoY/2jk6Ub325trJcujvfbWyWzSv092tWwEHFus5J8sfhTs7JJdXrZa3V76ba9H4T1y10wNZ68kNnprO5Sd0EjbiSuWKjYQRkkEZAww61u63cfDi3QXUetJcZXBhiRSoLdQo5ORzyqkjJP3cgeS6h4L14QSut1LOkR3NFK6k7yQQpRmIO7k8AZyetdbY/De2/s1brWdct7K4aIO1o6woy7h8qgsoORge4yADnJqPq+Ic3KaUXPV6+7zWjd/ErdUvmypY7CRpWacktmot9FeS2XySd3t5djpnjLwRBZCwsoXvCHEgDW7MuCCCHXaAeSWJ7ZzzgkWbTxn4PAmju7ext5SxaMvYSM2OoAIAIwM4PI9uw5rS/h14fkWN7XxDctffMkkcYRRtC5JwhwMDA3EdPXms29+HunxTRz3l1fxxCcp55kXkbuoA5ZmyM9QeeTzUSw1a71jsneVuW75U7t3d0n5a+ehhDNMElGSTitH70Wk07J30Tb1tq0k7aux3sviPwgdMubpNRs4pz+7MEelyrLgnhwQMN2Jz1AOOhNJ4Y8V/DSyLS3sMOo3JYqTLps2CD1YDA5BYk59x6CuAtPAen3l7c21l/ad2iAeWWd134I5yPlGegzgjpycE+4+Ev2crPVrOTUPt93ZyJtAs0cuFwMsXkVtq4xgt0H8XAryMTjKOX64maiuXlbje+tk2rNrXS1kr/M+gyvB/2vf6rBzcddW4pNSV3dNR0ai9NG299TR0/wCIvwrtJpUGh6fKHAJWXS7hmUqckjC9dx69M5wSOvH+LfGvw71s20kFpa6ebW4fzbaw04xPcRMSuzey4DFc7c98ZGTgdynwU0BdROmWd7PrOqFQFitZ1aOF8HImmBK/KevIGSODzj7F+FP7C3hDxV4U1DV9e1aR7+ytZbl7JTFBbxsEZvJa4kALyLwSUc5I6nNfLY/i7JsooKVerWiq0+WMeSU5NtxUWoLVLRtt9NW9NfqMDwHm2b1nDD0IOVNayclHlVk0lJtJ+e+z0014P4f/ALf7fDn4Qp8HvD/hq4l8J211FqSRtqP2eR7uMiQCSFXCgGQBsAc4HUAUnxC/bg8S/FfT5Lq90G9tLy60+00y4nhvIpSbO0CpDbKG3OAUUKcH6+3yF8V/gbH4L8Sajp9nfwtpzvutXt3M3ynIETtlvnTG0kHBIUAYzXmvhPwx4mtNURNOtpr8LcIvlSeeYmJcBFOchiwwAFwQeCcgZeDyHIcSnnFKNKMsSvrEq03yu8nGTlLS9n10/wCD42NwuLy+vPL8TKalSbpuEZKSbi0lG3I9e1ujv3Z6XF8WPGHh3xRF4j8HaLf6dqelahDq1lqE6RvPDdwnKSI8iE7d3OEIBbdgYAx9T+BP+CgP7RVnr2qa3qesavN4gvGiuWuI7oxQl41AjSaNNsZGAuRgkkD1FeIeMvA/xH0fR59R8Raba6JbGCFrZHVorh0kTK7SQCRjA3c9A3U8UPhV4G1nxBYxypDEYkumzePvYlg2Qo6luvAO4ZBGOeLxfDfDXEEYf2nhcHj6ME6calSEa0VHSMoptOSvfZW3etm79mFz3NuGKU5ZVicRhpykpyhCTj7TWPK5JJt3Wieq30tv9JfEv/goD8T/AIpwNoPjzS9I1ATSl7u6utNVrgqqlCqTEA7mUglgck9Rzk/IPi3x94ZszZLBpX2cXKyuYWgZZI5WYZlV+MxnJHPbPfr7z4i+DtxCLe+1OdwDIFYiMKcg5CgHbuBO3gH8uTXyn8V/D5l11rPTbhpZtNtgd7INqgqBs6EKF5yATnPPpX03DPDGVcPwjDIKUMNThNOFCmuWnaVtVC7jf3W/d8tVpb5jPOL8xz5T/t2dTEz5eRVajTlGNo8qu0/h30aV7b6s0Lj/AIRjXltpraWJpSB5sasA7Fhk5SQkYHfIyu1sgAc874g+GtuunLqVhcGF33uyqwRoypG1l2bRjqCpydwwMivIzc6np07tPb70h6SW2Y3UrkBsDjIJyev8QGep6bS/HF0bMQG6kljZSrQXhbIDHgI5JzjJB5B6E194sbGpV5MVQcG0vfjF625UrOyaWml2357nwlfA1IQ9rgK3NFu6i+usXZXa3V01a1ttkVJL3xRocUQ8z7fYjbhJssCMEsMkAg56Z3Yw3HBJ9Gsvi7LcaDH4U1JLnTIZ5YTggtakxtuX1KgZ4XjPpxka3he+0fUrRItYt/s1tuRYpCnmo7chgSAQqqeAM+54wakv/C/h3U7u6ezlt5Y48bQm1gHx/DzwpUcj+8CCQSMXWwlKvWpcs+eNPlnCMndwateyu312u7a7ihj6uEpyjVoypuqlCUoLlWtua72m9U+l9NbXIbhpNTEEmm3NvcrFlzDDKGZwVACmPIznGGUgDJbAB6turTWEGm+cQgYMY4pGIEIbPGC2Mk/dBywzgYAxWQngC5aea+0CW4sri2TK+XKApIJwVjJCnnHGAMVENW8b6NJC+uWsOuWFvKOWQiUlSCQGQgb+mcgHpyACK1tbSrTnH3l70bcnKnHW/Xztru+x46VGpUvRq6vlkoy917q76xSt53b76FDU7fUmmUxhhAtyU8tBsLSFcEqODk5JOB0HOQRXqnh7RNWNjFLeqYlkiaOMTZb94ckbznhip3AnGAeM9DyM/inwlqcZR57rQdR89LgQ3CboWYkYCyKMIo/2jjAGSx5ro47rXrkobe9+1WgCuJreUSR+Xt5JWMkqwxg55/2gM4huMXZXTm0/du2uWyVltpZWTu9VbU9Dk5ZQTXNKFr9b7K6ae600b02va6L3hvS7iHXtWWK5NlJGsbSOh4lIIO3I5PGCRyRitPXrHUTcma+NxcK5UoHcRlVCqS4VevDbQcjAGMgAE2fA+lSalrmsFpVUx2yyzlndTuUrtzuIznjHHfGOOPYtf0SKzGnS31rN51zANqOjoFjZVSOYBwCRkFgwyCvQ4AB+azKjOVWdRJuMZL3UtbKy83otO/rY+jw2Kpe1w9C9nLltzJLblul1bet+qV9NNPEtS8Da/P4aj1CfTriNb1xd23mQM6zWcZCiVGA4AwcE5GBxiua0/TLyVyYoswwmPzJY0aMJIp6BzgKR3U98nIr9hP2Yfgt4F/aEivvDniHXPGPh+y8C/C7W9bnk0bTHv21a+VpUtI0/dsI7JZdnmOMY5AyQMX9Q/wCCfesfBTT/AIT/ABU8bwS+IPhRrFrc+J/HngWK8tU8W6l4bF+9rHdacImzGUgH2p1cLIMYb7pFd2X8EY/G4R4y9KVOr78KbnzVVF9VGzuuVOTd78t7Jng5t4p8N5VnLyOrWqRx2HhFThTi+SU7KUIKq2oJtSStOSvKSjuz4L+CfxO8X6FrjeDvEOu6pB8ONamtpPEkemrHNexwW8itHcWrSK37yNQCe23I6gGv1h+Cf7MWp/tP/Fnw94b+CNprHifRNa1GxubfXUltrGaHQ7F0OpT3jSqqpe28isFiOGlxlRhhn5Y8efsaWfiX4e6z+0j+x3rNz4++Ful6lqM/ibwTNIsnj7wDp32l0EWoaYSZbm3TnaYoyxQK+ccmj+x1+1z8Rf2SPH+heJPBvi3VfC7ahqltFLd6jaNPp9hb3Uyw38F5YzIRAsSMzMERcMMsO4/MuKeCMxyepiMRl/Ph8RWi54nD0ZL2WMgnC9SnJ3hCsorSXWyjNdT9J4R8QMj4voxwtTFQqvCuVGnLGc8K+XVk4qFLE0pWqqjz7e7ytvmhJ3sffX/BQz4Yap4G8S+L/hL4w03WE1dG8P2CXEtus1wdJsrCO3sbuS5to9ojmKxh8nGT2PNfjz4o+DB0ZtD0iCC/S/1YTGKW4sJgF2cKgkK4YMDlW9TxwRn+oHxF+z5d/t4+IPib8UtQ/acj8VXeneDbDXHv/CWnW8lvcGO0W6XRZxszbPZbQhJwxCkYq/8ABP8A4JdfCX4yfBfwf488R+OfH+r6nb67qVlfwh7W1McdjeNC5tWDB0twgLEMdzMB2rfgHJsdi8mpLMksHU9s4xhVcnWVOTTpKatpJ04tS0aUtU7tX5PEDizKuHcx9lSn9fksLSlOeHp/upOHsoVuSTkrKMpfC1zJatbn8p+n+ANR0ew8Vw6jLZ20mlaa0ksEwCTyRAgPsRsu+Sc9CBnkDAFe7+CrnWfAXgLQ9Z0nxfNo1lrsLWGq6THcA297a3Lh4xNa8KYpH2oTgkgnJA5H9GHxR/4J0fsj+CPBH7Tvjt9K1vxFF4A8E2Vroep6lfmKeLXdQt4/IBQPtuZZrp1hVAH4boN2a+cvij+yt4b0D4e/snaP4f8AglotjL8UIvClldajqd5JJcLq95atLdqyO5CqyjzmQABZEHTmvrMw4Hy3MqNXC4+lh8XSdOLlTrwVSM5OUErxcG1JKXNsmmtGmk38NgvFZ4evhsVl88VhpOrJQq05KE1CFKVSesHeSXLyy6X3WqPh3xp+0J8DvEPwk07wJ41+G1z4W+JOn+FntvC99pNtDJpeo6qJY401J5vLaS1S6UkyoXHzPgY7/Jnwn+CHhD4r/EDWfBnjHxlo/wAMdZOjPe6B9vjM9hqt/HC0ps5JlOyGSUBQrsRyVwpziv6fv2iv+Cfnwg8NfA7wJ4T1fwjo66l4j8VaNpF/rUIVNXgF6qvI9jdttePY23bGG8tmAAHIr8H/ANsX9iD4l/sc/E7xVd2Vpc+KvhxNZWuo6J4oVHv77QJLyEPBbXroHaJlQsHbcsQwPQ18LhfCLCcHUMzhw1j8ZDCZhiJYtt16uKp4KpJQU4YahiFONLD88W/Zxum27OJ9hhPGf/XWrgf7awlGGNoUnh0qtOnh5YpRcPZuvUotXxE4SXK3q7NWd7HxWfgrFpusanZalrOkf2fp1wtrLcrPHFDMoukhaWDJy+QdwEZPBIIr758WfsVfsz3uvWdj4g+MP/CNOPAXhvVLdYZEuVuLy+hLzbXQsqqOhU4Kg89AKyvgV+0p8B/FB+GPgj44fDLTLmz0DVLOXWPENjaxRPqGmtPH5z3oiQSTOuQzBiSo55IOP18/Y/8ACP7In7Qn7Uvx88PWPhHSfEfhO20i0n8AwXe6aOy0+wjjE4tiSXWNWdQVGcNnAyTnw+IuG+IMZTyujgc/q4SrVxEqLxOEhCEopxj71dVITil7uyjre1tj7Lh3ibKMDUzarmOQOvTw2D9sqNeXtlUanCLWHdNx973rrmtpZs/no+NX7LHwV8F3GmweBPG2s+MfPvLG11K4ksZZLC1iuHCNeRyRqSwiDF/L5PDcZGK8g1D4HeHvDVx4mOna+uu6cmsaFpL6lA8YZbbUXVJ5Hs+JF8guAoKFztBbOCx/s1/aP/Y1/Zu8IeDE8TWfw+0nTpLXVNGQW8M8lqtzbTSiJ0aJ3RGRg+C2GdV+bOcGvnL9qf8AYH/Zu8E/se/FX4j+EPh/baJ46WfT9ctNWt7uaZLZhJaSxJuLmF0QyEk8sOxOTXvZbwbxJhsFKGIzanjZYelzzq1qi5sQklJJKNKCjL3X0Su15I+Tx/iXwzWxtBUMpxeEeMxrwsKao04ews6MeeV675qf71OzUpO2h/Ln46/Zq8KeCdC1nXofFkt1d6Nr1/piaVJYyO9zZW8FpOl8rRphUc3OMNnhC3AyK+rPhD+xTpuv+H9Y1iLU7jVr2DTNA1S2sbHSryZr19aDDyEMSEILQlWaR8KcAEelvxz41074K+Ivin4a8YR6T4pl+IHw40270Tz7dLs6XqGsQWYM1l5YYJPGkQ3FcZJI4zgf03/AfxL8Bvh5+zXd/EG5u9AtrnxR8IfBEZ1CO1t7eHRLjTbfc9tAWA3ag7qwlEf74lwHODz+P8S8TV8hpNZvi8RSjVqtYapR5Ze1mqdKaoRUYSlNupzQSVm1JWex+15Rl+HxqpVcuwNLE1VCn7ajOMouClUs6srzUYQUE5c2yS103/ln8C/s8XvhjWfibJ471b/hFtG8DXypImq2EsP9q3TGOWPTtPjkADSGNwrOgY5Oc9K/RHVvjvNbfCGy0T4Uxaf4Z03xXpdr4P1BUgZp7rYipJPBE6krvLsTJt7jk8GvjP8Aa6+OF18dfia7aBLHBpOv+JILbw3oNuoWa7e12wf2jehAfMmuSnmKH4UHLHsfvr9iD4deGIviRoj+PYIdXs/hv4Bu/E50a4tnuoL3WIfMaCP7LhhMRMAjgo+SuCDtwfg8/wAPDMcFhM+4kpWq4KnUzHC5fKT5aVKlCMqbrQe9epPkUuZNKT5Yxum39/luY08tWJy3JpOUKs44atiFJXlWqNNxg7pKnBXUbStKPvNWelTwT+yt+z6fC3ie3+OviHUYPGum+G7TU9MudLgZ9NsJbgCW2XUWRNrXUmVZg5IIbB61PYeBtE+CkfhLW/hjp8HjjxT4i1CLQbHX72wmtrLS7m/REshbxygJI0avG3mqNu8dSdtfc/wx07wz4hj1r4pfGXVdG8LaDD40jebwJdaYtjNrWnyXJNnJK95Gplto4vKEca5iUhc+gxf2h/E/wk8e+MvhHrXwv8ZWsdnp/wAUtH0q48EWlrb2wSxWeNYb3ZbBIjExxFBIgAG0kn5ePybMuJsz4grVcFiMNj1gqXMsRhnOawWLpKhOrTjCEKUXUgpU488fa8rUkpJ2aPqcvw+FyyCrU6satapG9PFOlD22GrwnTi6bld6tSlJNptWWt0fGH7av7CvxK8CfALUPiv8AETxXZeLPG2u+IrSeWytp1aCx0u6jiljhSIs02YXfynSPCoy9AMAfijqPw01G1miur3Sbj+ypFDS3gt5YrJJEQM8McjALI6qBnBOR1A7f21/tdeDYNN8KfDTUZP7FudJk8XaHYalpuuMZ7ZbKSeGTddJKWWRJg237pJBIOM4P5D/8FW9Z+Fsnwh0uLwR4d0Tw1qieLZbaS30+CLTpbryrVVePTrWMRs2nSYZzNImWzgEgmvvvCjxIrYCvlvDlLLHUqY3HQjKUeWlTwlOtCEnClCFO0oUlG9rx5FJat7/nfGHDMs4wdfiHEYua5KGJteKnKf1etaPtHUalzVObfld2lufzf319o1pfvBHDAbURyLHCYs+aY8jLMcZwR6r2XOBXU/F34beIvCXwc+GXx7gv7TUPB3xFu9R0K0trbcJdE1fTGYSWcy5wDNEnm5AGV2nOBivE5nnk1sJc/J88w8pW2lAWPyADjAXPbkkHnPH2p8S9T0/Uv+Cavwz0aJ/MutB+O2ryyxEgtFDNpkhBIBDqrMRk/dwegHT+uMTja2Hr5POnGDjicypYWvzRTcadalNqUW/hXOoNu+luvX+fJuFSljaMoTnKnhataLgmk5UpUbc61u5QlN2ktJK9rrT86ZviJIiRiO3kV2ABcl2jypxvCjOSRySAvb0JrufhrB418bePvCeiaBY3eoXt5rulm1itYd0twXu4jJHChUksqEsRksVAPKkk+UW+n2l9eW9sYZo8JucgnZwCxYHkYIPBwcjA6mvtL9krxdpfw++Nvwv8Z3lhJcWPhHxppF5dQoxCy2ZmihmHB3MTGWGR09skH6rMsbHBZbjK8KXtK2HwtWrTUPim6VLn5IpPWTaSXXXofMYShPEYuhTlS5qNSrThN6p2k4Rk9ErtJrR6fKx4h+1X4T1Pwt8Udf0uC4vje22peTq9nJE8dxaXrIH+zyx8MGVAVPGBwCADivmTU1uZJoB508MsMUcchMjoQ7DqwBXBBIBGQBg575/cT/gqBL8PfFX7Rfg3x38NPCX9jx+O5ZNW1+wkRzNdzvdrHDdtD951MBbaVG1lAIbOa/Gn4gWIj8a+JrdFKQw6tKioqMoSMSHAxgMApGegx0OQBnx+Ds8p8R8P5Zm/sqmFnjaMZyw1X3akJU5ulPmbbt+8i7rez6brrz3LpZVmmMwblCcaFT2blF3i7xhOLj/27JaddfMgDzroGxLh2ZbW5DzZLSspkB27wQTtbp0565xirnwz0VdbutU0+N3a91SC1sLJJnMYe6vLiKCJG55BkkHYE9SM1SuopItKsbazjmme6E0OAjsWDZPy4Jy3y4GOCeTkDI9p+Htv4Z+FL6L4q1qJta8Rs+m6vZeHfJljlj/s+9t7jbOz4QJJHGQAOc/Wvrqk4wm4xnFTVFzUW7KTUbpJcy9E2077nzs1Ulh3dNt14w0v7nNOLSjqr6Ld7NOzfSP4w/BrWPgF8SLT4e+NIoJNZg0TRtaP2d96pDrNv9ojjYqSC0aMobcDk85yBX0t+wn8PvgT8Rv2kfCHgf4/3U+n/DDWJp/7QvluxZQLqCgi2hvJyVWC2lP7t5W24JznByfFv2ovjQf2h/jbqPxQfQZfDz6ppWi2FlpbyBhbw6XbCAEPkgCTaWAzweWIA48Mvtdu7LZHa3aQXMhkjnETmJwmByHX5lYYJ3KQQQCAO7y2tUlhoOvy+1cffUVflnKMbq7bStvd66XPJzChVlWlStJQVVS5UpKUqUXFqEnGWikrJ3kmlex/T78Mv2Q/2aPh3/wVUuvhlofhXRL34Pah8CE1zwppr6zFqdnNrN/C3lzxXUUkgadvllQB96HAAr9WX/YD/ZVOnQ/8JB8OBJLbX76hbyteX0rI5m8yMM5lJZFwOCeMYUda/lD/AGDPjLbeDfjj8EfiF4v8aagum+G9cey1/U9Rmlv3tNAiBSK3kklLzvax5+WLJVRkYAwT/VJqH/BSn9kF1ujqPxQgnhidlRbXTL0rKqkMMAgAZBwSQQOR/DX2mR0ualKMY83NVcnOdlvGDs39nl+y1bTXV3PieIYVJ4ihJynFRoOMYwlVs3ze86nK07JRVr63bT2sdt4z/Ye+BXj7wx/witxomp2nh29lSSWyh1K6ktTKFKQXAgllKKYMB49qqQy5PJ+b+fy+/wCCdXxZ8O/E/wCPWs/s++IrnWL74Oa5EL7SIbprHxJq/hmZmmjurJ4HRJJrdYwpt8M0pRVQZGa/a9v+CpP7IdtAklv4s1K6gE0aCOLSb3G1XDHllKquBkE8jOecV8R/DT/gor8NPhr8e/2ivH+keDNd8U+FviHPpNzoFzBe29ncQPZByWuIrllkWB3JxHgk4xyAMe3Wy9yp8zpSdRxcqUuZOU23BNXUtVa71stEnfU4cJmWJozcY12qLUHUhNVHF+9BtxjNWvJXTcW2rptOx8O/CD/goP8AH79nDXfFt74p0dviNaeIbdtF8Qp4wsBbeMvDqWOIgJZZYluC1oqnyzKGDKFJIG01+j37HH7RHgv9rP8AaB1jWtIlnP2zwF4VjuNBuokJgn0O6nmvJLlFVY2GG+XC4A45AFfnp+3H8fPhN+1J5XxB8K/Dc/C74jaRbraX0sc1mNL8W2JLCQ6ta2oCSXkXVJyoeUv87OV4+L/2UPjLqn7OXxWt/ibpjajp9lPFLpevx6OUW6h0y9xHeXFjA+5ZZIlG+NXXH91RyBlTw1Wgox5IUXUScrpJqScdZOLb2Sd1db3Vzvq1qOOjWl+8nKnTlC0JaONlNqKdk1KSavo+ZfM/t7l8HeHp7iCdvD+jyNbBhC50yAFVIwpQ+V19dp64z1Gfza/4KO+G7aDQPgTfWekwWscnx88C2txc2NuluVik1JFkzsUFiRgnnnd1ycV5VH/wUF8Cw+FNF12y/aD8QamdWgP2jSG0/S7a+0qPGQlwk0fmGVFwCyjDHkV+aP7a37fMXxKn8F+HPh34v8Y+IdK8L+KNF8UalL4iisbe2l1TTLmOaNNPNqqkIHUgs3ODkdQB2zw1anDnq16Uo6WipOT3VrJrRJbu1krap6nzNNrEV1QpYDE0neUpVatHkjFNKzlNqzlJJ6Rs16n6x/tn/A7xh8Z/CXiL4Z/C7UbeHU/BmhXPxKuZw0MmpLPHbFbOzS5jH2i3F08ZjnjDrI6kAA9R8P8A/BNbwQsUuoeKPFVrdeI/ibp1/L4S8N+DtVlmkj8J3iuZbvW8XbO0cE0xkMUrYG7AU54r5e8Af8FHPiX4Y8V/F7xXZeF7DUJviHo1lpRXUNQvS2mR2sKIVhKOQY7iRS5RVwSzDbgsB5xP/wAFHPG3hnxjN8SfBfw98M+CvHl74aGgapd2c9w9hqBti7RapNZSExR324gmVUDOR8xJIrrq8lCCrJr+GkpJNJ3guZzWuqldLrbrsjDAZdjaqeCd3ealGMpwfJLn96MbSUuV363Skrrc7v8AbU8S2Wi+Pv2wvhNc6bpOt+JNf1Lwz4h1Dxp+6uE0BrSGEy2Gn3Azh2YGGRVbhskjk49B/wCCXP7GHi/9qDwVrOq+OvE+qQfs5+Btbh1a/wDDlvqM9rbeMPE1mouE064heUWselQxL513KV+ZQyAkmvxc8W/E3xd4y1jXvEmsXctxf+L9RvbrxFM0zyPqN1dTPMN7nJMSOWWOMfKqhQAAMD2r4eftX/tB/CXwJrvwt8A/ELWPCvgTXYVbUtA0kpH9qlmjEcrCdQJ0aSNiHaNgSpwckkD5TESdf2fs5RpTUlGc1fl5eZO6S11s1d6322V/0bD5VPD4WVKUp1ZKMVTtJc0XGnCN5Ss27SjZNu/qf2YfD3w9pfjLTfHXjbQ/Dei6J4C+HvgzWPAXw702zs4UtCthaPJq2rwtFtjJR0ktVlQ5kVfMBJOR+OP/AAUe1fxr4p+EX7Mvxf8AEvhieTwrpGs3Ph3wzFYTGK3gOnXBhTULzDYVpWjDqXIBZsdxX5MRftg/tGeDPAC+HNP+MHijTfD81vcWsfh+K42K9rfQkXSbyRI7zK7+a+dzbue4HD638ZPid8Svhd4b8Aa78SPEOo+ENPupbqw8OXF08lrZ3cj7hMjsxkjIb5vlYAnaOOaePy6tKjyYfE0pTgoTUHrKMdLLmcrJyktXpZ36s4sph9Xx0a+NpT5I1JQnLSUJe7JKUouO1nZLfd3umf1Ufsq/tp/Dbxh4Bs9K+H0eu+Ovi7YaVYWknhi4jjtbTSDZRJaXEl1eTKI2gDjeCW3GNOvetv4v/Hmy/Zn+I/jX4sePptN0zTvHvw/0/U1fQLqCe7l8a6fElraaDBbqztdO64SWSIExqCxyENfyMeFNA8W+Ep7q88PeOPFuiXt1GYri70bVb3T5rlDwVlmt5Ud1I4+Zumcirmu23juazi1LxD4z8Wa/Fpkyy2cev63e6tHayyHc8sUd1NMEfBOSFJyTx0A4JUsfOnd0Iwmov2k3Vbi9Ie8o2vaPLe2tn6WNsPlOU0sVJ0q79hUblCkqKjOKvGXLzt2u3opcuiSSW1vrn9p74/fE79pLxza+NPFGrQx65qbtYaDpXl7bfw9pVw4g0+ziRSFN7dlo3mc/MGYlskZr+mvw58HPiZ4H/Y7/AGc/hPceJ7HwxZfEG38P+HtajjtR5twuvNBql4VlOVacbDFIfUgNkDA/i70i+1K88daQ8Wo3bqXgn82WTIF1EVkimRXO0GJ1DLxgFecHFfoL4i/ae/aC1zw94Z8Mar8XvFur2Hhe5jl0GKS88ltKngO2CS2kjbcvlAARlWwF+UYAIOOFyTFVpxrwxkYOlUTnScXLmkkuVwtJp2k002nazulY9bO68XhaOBp4W1NxUudVHBL4FySSg3JTjdu1nzPWyVj9bv8AgoR8M/CHwz+GGt/DewsdDsJ38dWlumts2nxeKJLe00mczyyOALhrKVgAkYPlYO3BJzX4NfDb9k/x18bfhb4y1/4VyWviDW/DXimGzj8IQTofEWsW8qyTvPp1sT5k5hjQlo41JJ+Veqqa3xC8S+PPGOu33iHxd408UeI7+6tjE02palcagry7ThxHM8gjZVGC0YBAG0nbzWj+z34m8S+A9T0nxt4e8X6/4N1HQdSu5IbrSN6GWTy5EEssa5WRgZAAW5AB5yRXo/2dja1WFNSi68VeVScrKfLZyfNzWjoldPW7eivp52Al/Z+FxDUoqEZ3hShFpU72suvNok3LlTk22r9fl/xBb634L1OTT79L/wAN+JPD2oxW98kqTafqOk6haA5jk8zZPb3Uci/dBUgjhSDkfvX+wb/wVV8ZzeJfB/gv4xN4d0/4P6F4QvPDup+ML5prjWpdWtbVksZ75VZppxOQFeUcZILN6/jv8XPBNz8QLbxV8SNb1q+1DV9e1p7661C5Ck6jdfvHmuZlQAo7Y+UP8zE8jqa4LwR4f0tPD1g+bgM0szSMGba+Mrgqp2MCQeCMEng+nu4bLpTm8LXUVz0HJzg0m37qVt2rt3vo2klfWy8jM50MdhVVnQl7SNWEUnGUJWtFuSul7sl8Sa1t1R/T5+07+2b+zT47/Yu8R6F4c+J2l3njCbxTbanZeGraNxdSvp2t20iPCh+ZYmtw0iFhwQFwScH6BsP+Ckv7Gs+gaFZ3vxiNpqEHh/Rku449Iv2kt7uDTbaKaAlFwWSRCuSOQBX8hVqNImF9GsJSe3+0BZFhUfKjArwqjBGBu6jPoOKqWtu88CXhkAcO4JjiAMoGeSQMk47YPI5wTmphkMKc241qk4zftHazsrrRJqys1fS34nlzy7DYrDUqM1JRpuTi6bXwtU0077PRa9dVqf0L/t1/trfs4fGn9nP4oeAPhz8SdQ8QeLtZ0P7Fpely6bd21pqEyMDIztMPLUKANoz1OOMEn5Z/Yj/b40f9mb9mfw78NPE+r6vpnibR/EV7dLbafbG6tRplykSIkLRhhHOMNjJIDZY57fkZZSC6vbaAu8Kkyo2yMKzHII+YBTk4BODxnPbNd5e6dZyxwL5jrLPEoVGjG12G4A/KuQ3HzNnjAPKgZ9zKuHsPUqyxiksROnT9ko1bciuk09PtL7rt2W7PIzTL6P8AZkMojLEQw1TGUsY6tKpy1FKMY0lFSs/ccUuZWV1rc/YDxB/wU78Ip4W+JXgoWB8ReH/GetT6xLLqdixv2t75IVnhikCKqXClGyzHYmdueCK+Xv2VP21vgz8FP2hPin8VtS8J+I00fxTZWdr4f0nS54hNamKKOOdbt5AQUbYzLtAKkjk/eP5mK1zcW95E88Vuba8aMMch3CNght2CVOe+c42txXnl3qH2O+1WC4uCW8+MpJENpUFQeq8n5Tjjtg4rnzPD4WlLDSnTpqlOu/aQV48zUVF8zT8ly6vbXqz0cq4cwvscdSpSxMpVcNCn7SclzxiqtKqkm6dk+aEb7p7PRn9BfxH/AOCsfw+1zx7q8uhfDrxDeaP4m8P2Wh3S6nd2z3lskMzSXRto9oVjcoxjGVPbOBuFfj98ZPG3hfxt8QfiP4r8KeDL3whBrd5a3XhxYLlLa/0Z1iSO8i3WpjBgvQuZEUZy5OMkmvng3Zt2jvIbjdKrRyB5Dlsk5BDFiwGRkHAHHyj1Y/ia8kut11IrKzbjJITk4yNzM2AQCN3Qcf7QFc01gqdF0qEItXtBSd0k0l8V7u0tb36a2SVvZyrIZYPEwre0nFq0ZO11ODlGUoyjH3Wm+rV911sO1nxNd3WqX0evW0N1LqGmwWUkzRBZ1iiAKFZGH7x+BulYlm5ycivtj4S/8FBPi38L/DPh/wAH+D/Gdtb6fotilpFpWsaXHdwW8MJO1IZVR5CWAU4LlQOhGAa+NNM8NP4v03XtVfX9K01tDjUQw3bbZbzznO5Iy56gYdSmMYUAkmvPIrGCK7s5vtVvJNZyCdiGHlyeS5OJSRkKwGTgngkcZr47E5lXy+co0qkva/aim43i0mlzeas1073sfpUsjy7NqNL67gaVXD+0i4+2pRnyTsoylGMnu42V7p2v3dvvr4q/t0/GH9oW30T4feOtb0z/AIRxPGWnavbRaVpZtL6e/tZFZF3soYxsygqq4BOCCARn57msdX1Lxd4gihtPsqXGr7Z7i+dIoES6vNn2xmJwwjYs8qIcgBuhBxxsPjDwdrmpaRJN4cfTtesdUE+oXVhdbLae0t4cRmEs2Y5QwLsykZGcnFc7rfjJLibU0vrm4EAvZZLJBc/M1u8pdA7g7pSAerMw55y3I8aPF2ZVJTXsp05Si71KrVRKcWlCUGnaXu6292+26dvTo8C5Pgqcfq3slRc+ZU6K5G0+Ry5462crLr9m1+/tPx58Bal4G8W+D9P8I+MdA8SeIL/So765k06dpLSweNd5gMgZo5N0ZYtkl1YkYHJriNQj0VotL1u61538RWuq202taHoyeW9w8MaymZlK72bcuUnGQCBhgB83BeEfGi6FqUmrRu0stqY3003CxXTxSRyiUBvN3L5THCuh+UgkMCDx3fxP+ONp49Ol+JLjwBomleOrS4hXU/EekLDY2eo2cMK2tvbzWlssdssrAB5Cka7jl25wa4/9a8wwlXBxxUI4qm5xeJxSqRhODTXvexVrpxSTtK91otUd0+EMtxdDFexboVlB/V6DhOcJNwSac095bq8bPRXT20Nd1CXxT5s+sJ4ul0qe8W4SPVNSa+nlQBfLXMruYoguAiqF468DFc5r83h60021bRbTXrS7t7uJorX7TIkMi7gHZTlSjHlVZWXaSPmOBno7bXrDxHNZ2N1E2mXJtoJJHScNbmQxr93adoJ6AfKAvA4xU2teFbe5heC3vJzdqhMakhtyrhvMBJI2Opypzjk5BOa/UaGaUcZhZVcNWo1pVYx99yhzxty2Vm7pLomu7bZ+N1sjxOAxkaOKwtelGnJpclNKnNLRR5UklGz03bV07rbDvr67vhaRppt6jGMkyz3qy3GxgCd0sjF8kDJywwFOMYIHK3OnXA8SeH7iJvInW4dWW4mV8DHXI7ADpkED1xXomk6dNdxo72VyzW6pCHZmQSMi4OGxgngHIPA5z0qKHT7ay8aeFm1a3jtbIX7tczXL71RMnHmAY2qVznA+XA4YE17X12pXo4aEo07LEYeSSkoJqnODu+WDSTb8lb018F5asI8dUoxrpVMJioJyuvjoyUVH927NPT4mna222D4pu5ZZLKxktoZXleSQSQyljuI27guCAFB5PJHI9q9kvLKLS/hPeW6xEvPopd5mjV2BlwW+fAIQsPlCkhunHJOH8bk0CU6Jc+GrGDFq8gubiw3Kkis37txhshf4jjIYcAdxvXl3Z3Pw2kX7Ws87aGsa2OSZPNQAFVAyWYY4UDp3wST6Txkni8f7aVK7w0FTkpxlFRaW8lZPu7Xav8j495S5Zfk0qcayqLMXKtJJq6i4RSaXK3Fq7Wlr9LHx3p1tpyaqji3jM8tom5pU3Nv+fJDBc7vlY5wQV7k9dRpY1LW0OnxBtxLOVKnghc4x/ePvnAHH3axLG4iivb24mUg2lx5flPu3hQCCu1QApGDuB6DHJ7lzr+moUZYr0s8zIzJFLkjONoyvIHseTnGTgH5SjmNChB3r4eLUpc1504v7OjV9Lt39PM/RcRk+NrSg1ha8ouMYwXLJ+57lpR0aXNu9t2tTTEiRazo8jxRRGObZNEkbqZAuOuACx4Gc/eyMAjOa/jLyPsOuT2VoIRMg3GVWVjvBVTHu5UkjGR0IzkHOMuHUV1HWdJOnWGpXLR3bBkS3ndpGGB5aRlQWYgHpzn6DNv4narqDWNxYXPhrW9Im+yKttBc6dcW8t2oP7x0R4w0gQckpkFTg/LXl4vPsDGliqdTHYKMqklUjH2tJylFKKlKKU1K1r8zUXezbt09vL+Hsb9YwFSOCxL5OWKl7Ko05xknvZpe69dOid2rI8STQpZ1jkuJmjIRZY8D5VAJBGBwDt6YIHKg4OSdfSfCU2qaggjbzEeWKAkFnJEzBSwUn+HBBBBGDjGMg5dlf6tcxJFZ6Drc8kNvscxabcztgjrtVBgjBzxkfoev8KxeM7e/tJdI8KeK728lvY3jtrbRr6eZzGQQqxRxFi2eoA3cY4IzXx+IzzKqScp5lg4RjvKpiaK5OZLWTlNJKKu3e3zP0FZNmk3FQwOMmrppRoVLvbl5fdd2tVfRber7vUvDFl4VXxFpqlZoV0uDdgESFmUMWcFcjDZIG3ONuOleMWmjQR3SzkRhZULIrpjadvT5up7j5SAO5UHPtNt4c+KPi3VfFpsvh94y1jUmgihu7Kz0W+lm06TJVILqFIs28ucEI4U5x9K5yy+DXxyvtTi0OH4T+OG1KHaJLF9Bv0uFEv3VaNogwJJx2HPbt8pj+Mcgoz9lPPcsjKkotxnjsNFxptQmpNe0uouLU7vSzutz3cHwxnlSKksox0uZqyjhKzvJWVr+zlez0fZ7X2cPhfSLV/Pnlit3cLkKVJjVSwJypwCwHTlhhjx1B7j4iWFp/wjWjXENtaxsLgJCEXAdQvzEAYK85Gec4wDhue+8Pfsk/tX3tpc6nY/Azx5DpMcMhmuG0u4iLJGuJFVJIg5xhucHB6da998YfsOfHHT/gx8KfFms6XY6PqXj/AMY2/hjw/wCGNTvEj1e2uryYQQXGoZYJbxs7BisgDorBj1r56filwJRq0cPPizJ6mIrzdOhQoY/D4ipUnCEqklGFCUp2jThUlK9laOrtv6tHw84txKdWGRZgqVKPNOtVw06UEnKMdPaRindyirXbb2Vj890sbaZo2jCiWJVMhwxJI+Y43AgDOANueA2FA+90MqAJpssEfEcpHAZQxC9SCDkjB9c4XHOMfffxf/4Jj/tD/BHw3aa/ruoeD9Y1zVLy00qTwromoRXGrWt7esiQYAkZJUw65ZeA3Y9+S8bf8E+f2sPAfhc65rfhmyh0vTNKj1vUZFvYZrmxtpV3ObiFC0mY4iJG2cHnBwK48P43eGmIjhqlPjDJ5PFVZYbDJ4qFOdavGUIKnThNqUpKUop2STcklqezV8IuN1CSnw7j1CNKNarKNDmjGGklKTTlBK0W5XtZLVH5km4uItX1KQIiCa8kTLg7Sd/zDjp8v8Wfp93aO411LS803TXkRIWWF1QhgfNYJ8xOem4k43ccE+gP2X8Lf+CdvxO+J3gu++JUPizwrovheLzLlJ9TmcnUJVndZYAEb/R5FIY7JvmORgHIY/WE3/BJq7e3+HT/APC5fDWoWvi5oU1GWzjmki0FZ2XcYnJKytCDgHnBXAwMV8RxF4+eHOTYjEUcdxFSjWw2Iq0K9Olh8TXdKtRg6lWnJ0aUk3GCbtd3lotdvrck8GONsww9CVDI60oVaMKlKVWdGmpQk4RUknUUtW10um+u5+JFtbwF3Qq5kAYs5Bx8oJGWxwBjPOPbmvpP4G6ibfTtQtjInmT31ufIyWcgNgsF43Lt9+4JAxz+6x/4Ib/BTT7AXN/+0D4guMArePZ2UJif93kNbH5ixducAnk9TnNflJ8a/gF4L/Zf+NcngTwR41v/ABpai3gmlvb+2MNxaiV1IhlUjaWXJOUGR9cA83hn9ITw/wDEXienw9wzmWLxuYKjUxLjPL8Xh6Lo0uX2jdWrTjC8U07Ss3zOyd7GfGnhDxTwhkdbOc3wVHDYSM6dGUliqEpqdRpRXslLmlezTaT0T21Z5Zrd+1l4i8SKv7uRxHjoSd2MDAJJ4wc98+ucfn549QnxLqErEA/bnZix6sTnGDnI4BGehGRjOR9x+K99x4v1GZXyqxRNwSu4dyectld2Onpgcmvh74jM3/CRaiVYOovNxyDgBuTkgDIHfHPHPBzX9LYmcpQhNRTSkuVXdt0rre2llp2V97v8YwcYqpKEpXbjGXVXXu+8nfVO6Xor+S46dlDyt8oyVOPXG3A4PBOB0wOfYV90/s2ftSfEL4JeD/GPhvwbfx6fpXjSFrLW1kt1mWUPA9uroGUhXETuueoGcZzivg2SNpCki42kqu0AAcADORnpzyRk9cgkGvaPCemiXw7JLLKY42uugIVsopx1GcHBwecdCK8HNcrwWbYaphMyw9LE4eVSlUVGrFSpynTqQnSk4t2vCSTVtnbRWsfQ5ZjsVlmJ+s4DEVKFaMJ0/aQXvOFSNpLmurJxnZ7NLouvp3hbVS/iHULl4TMjCeVmRdrvJNIZHeTBH3mcnI4x0xjnt7jxHLHIVhR4y0eAApyAQQSCD19W9W5HXPjeirdWsgSK6aNrgvHgEF3OTtAbt2BYnIAJBJGK+q/AXweg8RtZ3GveJ7PSIrqHc0cl9AsoVeB5gLDYCCSQAAMZ44r7LAZvSyrLacJxny07KKpwcpe8o2UVTUnokkk9O2m3x+PySpnGZS5fZuclFylVnGEVKTipNylJaN3V+2qPIP7dmJKl5ORuJIYklt2R0GS2dox0PBzjnzbxvrtobeCG4dwyzsyrg5BIwCwAHXjvnnA4AI+99d+B3wx0iGGGP4i6YbhiTK1q32mTJXK+YRlRjkYGcdq+I/jF4K0DRhDNpGuSaxvu5EmbyWQKFyC29htIxjAB4I56HPk/65wxs6mEoYbEU5zcY81WhUho2rtN2SW3Z/ez1f8AUOOChDG1K+Fq+ySfLSrQnJfDdOzb0e7TW3XW33n+zl4q1Wb4c6BpfhvR2laNJBJe3QfyROwGCnl7QMbs5I4IOdw3V6x4j+G2o+IdK1qfxl4ruMS2MwTSNPVo0GSCgfIwwzkAnlSDlRg1xf7Mtj4ntPhb4fbQbWwMcsLCO6u5CSJHUAyBFJBIIAJIJ78Y56j4j6L42t9F1i51jxUm57GTFrZBYcBugMhUPjPVgehz1ZcftGGw9d8OJ1XVk5YLnUZLlpq9JNc2qu+y1ut9D+f8XjMNT4wjGlDDQtmMqcpOPPWlJzhTvdKXK3ayS5Uk9bM+Z9Q0P4f/AA8ae6urrRbS4isESK23pe6rdu4O0qdzbJWTG4YDLkHg8j9DvgJ4v07U/wBhX4gaxbXMkUb/ABV021tLO4GJ5VDoGJV8EcMMKB2IGOTX40XPga+l1/Ub+S5m1a++2Qx2rF2mhtw4U7Q0pfL888cEt3wK92h+IXin4ZfCrRfh20rvp+p/Ea31y/hR8JIrSQiGFwpxtVshQCcZIPX5f5zz2hLHU4U1LWlWp1Xa9nySvK2vTW2r21u9T+oMqUaFRTskp0uWUWrSTkoqLTbasukUtVrpufql8fIJ0/Yg+Kl61v8AZhL/AGEymR8Owd1IZhycHIK+hx0yK/njl8Q2VtqMrTXETYtYUyrMdriJQNxH3zu+Yk5wvfPX+i/9rO8EH7BfjYx2e2W/07wldXCq7AwifaU3jOADkAZAOeTyMt/L1Hfafbaw8l/bM6MiblViyk7FKqAeDnPJB5ztz1r5bhyrKVDGJe/J42Su2r3UYq3zas7W1u+6Pr+JMOo1cCpKy+q05NNNK0oprzV7tb721ulbvrzWJJmf7CklxvXzWlYMI1YZIDE/KBgY78d8nnidQbTmmiuNXv0zGjPsUhYwwGSCQfmPsCSSQMCua8Q+Nr69le0sFi020RyqJAdrsirtAdlI5IAGfmyRycDNeZ6lcXL7VllZwx3DzTnBztJ54XI9DgZIGT09udGtK0pe7olyx1lZcvXRXerdr2va585SdGk0oRcnzJXfvcu1rK71du2/W2j6bxR4tXUSbGzciwilD4UAiXAwu5VGSowDnk4GTgCsCxuF8yMbSA7ZIHXkluDkcBQOODnHAGMYduy+cXUgkZG3bkYCgknI2np6DOSMdhoWDiVwI03eVyQBgcksTzjHBwDnAzg9sbUKSpq0Emnqm976b3V+l3pY2qybg5TS91NNJN6JxurrfrdXsrXP0u/Zi+LHhz4f+GLi1udOn1HWdQmuYo7OOMPHPbTQtHhywKhV3EnPQHGOc17xe69rvj/whb6X/YEdl4d0m4ldbmWQNd2YeQzFIXcgmIZOI1ztAz3G34l+CVsJr+134jSKxd/MddxySR8hJHBx8x6/3W4G767k8RSR2tlpsDSxLHG7Olsn7uQINoaRSe3IJPOQ3J4rbC5bRqzniZvlaku1rrlWurW3a7TXofN5tm1XDeyw1Bc3tKSerSXLJxS5UtOZcyW17WttYo+GbS00x5ZY0kcieVFmkbA2nIUlOeTwSSPm5GQAAfRvDNhpWk6JrnjTxlrMWg+ELRLlbm+kxHcXU6tuWx0uBiGnmnI25jD4Jw3DEVzVlFofhfwjP4/8fzNpHhr7TMbKGZxHqPiK8hYtFZ6XasRI8DuAs0wXaAcEgjFfG+s+PNX+PnxK0PTvEF8+h+DDrFrY6boFo3l2Gnae0yqZpohtSe7KEeZI4Zt7ZBI66Y/MnUozwuBtB0YNVK0bJJLlclF21k7dNErddubKshcsRSx2Y+9GbUqWHk/jdoq9TW/KrX+flc9X8aePfFfx7v4vCvg+0m8N/DbTAm23g3xz6pGmQb3VnALTyTKMrCzlQpAC8kn2L4e/Crw34V064mFmsc0elyNNPOuyZ5MqFddwyoHQbOdpJOSM19IeJNf+CPwK8JweHPCXhyHW/Es0FtHbiOAGQuoRRc3LkMXSXa2Y8uDkEDoTX+HPwo+MHxzvNZ8SeJxofwt+GlvbQi88SeIHGnQRQkg+XZQytE88zREOqIHDEYIABJ+JpZnhKGGq18Up4fknJqde3tK2z5oR+J3d+l/JJI+0xOW5hjK9HDYHkrcyVo0FalRSUWozfwqKtq7pLuLoEscN3oNjo1ldahrd1oyRafp2mQvdXdzcS/KuY4ldwhbBZiAFDMTwOPffD3w70T4SyWXiH4ti58Y/ErV5DP4Q+C/hadp7q5vbkMLR/E32ZpPKt42IMokKx4UhsYruvA9rp2j3D/Df9kvw/Lr/AIkSOGy8XftB+K7Uvp+lQuhiuj4cWZHjLLlvINuVONpIxyfrHwD8KPAvwH07UfFus6tDrXjG4gkvPE3xG8VXUck6SKC8zW0t0StlbqS/lpEUZgAMN0r8q4q4x+uKWDw8ZqlJ8kKUU3ia6bSXM1eVCm+itztPoj9Z4N8PYYLkx+OcKleFqjnJP6tQk+VuyfKqs10fwebep8y6v+yTqPj5NL+Nv7WGt2tna6VNC/hL4NaAiRaDoNn5o+y2l6sYCT3JV4/NdRvZwVc5II7j4zftK/Aj9m3whF9uvLCwaKzX+y/B+krBHqFwBCDbxfZIhmCPgBppU5BJJyefhv8AbT/4KX6dfaNqvw4+Cjpq8vmtFqvj6+CmztZFI3f2PC4bzWUrgTY2udpU4Jr8CPHHjrxD4u1S71rxDrN9rep3LbrnUdQuJJ5JHbqsCszCGPGNqqFUDAHCrWOS8IZjnVOhiM3nLD4WGtLBQTg/Z6WTjf3HtzSac5PV7tnr51xbl+QSr4fKqdPE4qTSliXGMrSVubWN78rtorK9um32b+0t+318UvjrPeaJDfTeEPAxldbPw7o8rwS3dv8AMFOoXMZVyzJgOm4ISxG3nj8+9Q1mSVwspG0Nwucs3fLsD87tn5iSTg89KyZp5ZWVkDKq8nLHczE568kqfxBHQ8GrGl6Tf6zexWdhaTXt3O6rHBDG0hDsRjLANgc5JIYqBk9yf1vL8twOV0I0MLh4UacEvhtd2sm5vebundu/r0PyXMM2xua1ZVsbXqVpyd/el7sU2laMbuMEtrJJW0vZoyZ5JJJdwU4LMEjzkDaeuD3GM9cEk98EdJ4c8L6vr15Ha2VpcXG5lEhRCVDFsBXYghTyd/XaQe+a988P/AS5srrTZ/Gcy2guLeW6+wRt+9RI8HbLk45BA4BwQc7ScV7dZXukeG7eOw8NaZFC23Z9raNd7n7pYtguxGBtwWAJ4xWtTERak4O7T32jfRrrr0Vlva7fbzOR3TaeuvK/NxStrda7dtXcxPAXwe0bw/aR6r4okh8+NRJHZ5VlWQfMFI6s2ODuznJ9Aq95q2tXElqbDQbV7S1KNFH5ULO8r/KF8uJAOCcfdA9cYyG7bwJ8IPH3xHnlvTH/AGbokYEl5rmst9k061t25eUM5VMhNxGDnI55ro/G3xh+CPwJ0u78K/D6C3+JnxNELQTeIZoxLoWlXGWDiHeGFw8bZwyZVgueTgV5UsRF1VSXNVra25F7kdtJNtxilpq1ftqz08Nl1Rw+sV5LD0YpNe0aUpWsrRi9eujte2rWrv6X8NfgnpsPg7SfGPxg8V2ngPwosbTTpezKuo6nGBu3W8LOrs0g6KgyD164rhviL+2XoPhW0u/BH7NHhdNMtIgbWXx1fRBtQuVUsjTWxkUlFfJdS54wDk4Ir4u8VeK/HHxOura/+IfiO5vfKjEtno0Mpj0+0hYttijtUxGuAVBYICeWJ6g5gFrphMO1UQA7YlHzHCAqGbAwMjgAk5J75x6OEyKpimq2Km0k1aCvGEfhezs363113b0nEZph8JBwwkFFtJSqytKb0i9FL4db6vt5keoJ4k8b6zNrfi3WtR13Vblmeea8leYKWJJVSzEKhDbcLtCjgLzk+haB4OZX0wxwNsuL6GGFbaCR5biXI2W8CqpLuW4IBOSfVSBZ+Gk3he98beFYPGN6+meFZ9Zsh4gngQu8Gmecn2llRQC2YlbcOvOQM81/SPH+2J/wTP8Ah7F4bs/CXgHStb1HwNaWs2lCy0NJZtZ1X7KqRT3El3E8albjM0xY53EketfMcY5/mHDFbAYHI+Gswz3E437eFgvq9DllCK9tVatBSvey2tJnfw9leC4go4zE5nn2Dyylh1zWrz5q1ZuKk1Tg5a2SaXnsuq/ny1iLVNL1C9tLiwvtIvLcoklpfRyW1ykZUbWaGQK6FgAQGHzKcjqcpE891abFlk2RozksxXe2DnHTcOeSDjouOcV6x8aPiFe/FT4meL/iHqkEK3HivV724jtLeGKCCzshIwsLdY4VWJDDb+Wh2hTuBxkVm/Df4e6t8RPFmi+FNEtZbi81YyKSVcW1lDGA0tzctjCxxJlyxI+6fmGeP0zAV60ctoYjH044as6FOeJo8/NGjUlCLnBS2tCTcdNHbtovzTH4ehPHVqODm61NVpQp1EuXnjzKMZta2ukm1ra9mui8xe282Nbd9+Y13zbclVUng88HAxn5vl44xkjmIhCNUQ4B8rzY902CF3KcNwOvGcjJ6egr7D+Mvw18I+Ddc8MfD7wvfwajr9pYXM3iXWLe482G5vo5XYWyqGOAoAjx1OM46mvjvVrdIbu8JLB4pp1kB4w0YZSO2R8uPp9K2wuIhiIe0jdQesZNJSa0aTTvpo+3TS60fK6Mo05NOSik1dXvaKs32T777NbHMotuZrgB8RR3EjuY0GGBblt2Ofm7fXHcDSXVLSNt0EK4ciMOwJOc5BUH6jJBIJOc1wcN44R1UfI7yB2ZjzhtwPqQSMjGMjsKv26y3AidVLMHXaEI44H3gdpxyCRjn3BUV3U6nKk01e3e1rNJW13s/JrdaXM5wVSWr11ur2091LVu+3W/3WZ9IeDLx/tME8wi226RlUIKyfeUgqCACQAcEflg4HsOtePLu5v7fTbYGCJnhVmYMHfEYP7tmOQDgjAJK5+YV478NvC2v+INTtLTTdO1HU7uaS2jgtNPtpbqaWViuI9sYZhlsjJA67QM81+o2h/sf6B4PsdG+JH7TfjLw58IfCIRrw6bqNyj+KtUs44jiGy0vzPPWaUAKD5eA+MnGBXzWc5xgcFUvWqqU1flpRvOpN6WXLG8nd6aaN21aR9Bk+RYzHp+xouNLni5VZ3jSjG2r5npput3o+5+b/gf4fav8RNR1S10fSNR1/VLjxLPbx2WmWs+oXCPOxUsRAj8BjjJwNxBPGWr9RvB37Af/CuPB1n4x/aP8d+Hfgr4Xa1N01lq88I8U6hZDa7w2elFxcedKhPlnyzgnA6muAsv+ChngL4IeF9X8DfsJ/BawsL+91S8Wf4u+MrOK+1m6ZnZWv7BZ0kW2GQJEL4wSOetfnl8QfFHxU+MniO78ZfG34ka54z1+4mdzZXl9NPbQB2DmO2tS5t7dcnCLCgUYYAZxn5yvjM9zxxpYKk8DhHZSqST9vJWV+VXSg9ftXflqkfTUsvyHI262OlHH4vSUacJfuk1a6k9b629VvtY/SnVP+Cg/wAJv2frO/8AB37EXwuj1bXIkktJfjD41tFvdSeTDRyXOmWkkbLbDd80YdQVDZzkivz9+Jfiz4zftBa2/if43/EbWdcuJC90bXUdQme2hDEssdrpwkFnBEoOAgiUg+nIrn7fUodPsba003T7ayAcZEaKJH6gFyoDMR1wxySfwFjULaaa1ypklnJQurEg/Nk4HA4Uc8A4zwemN8Hw5hsI1WxC+sYhpc1as+ad/dS1lqtXay5VbRatI4cZxLicVajh17DCranTXIkrJata+r9ehztv4V8LaVElzp8QldXKvd3Co53FSXCoRtTjG0qBzjJAANfPWoIWvtRKfPENQlbOFGQzgnHAG7BA6fdGeRxXvU9rc20w0+YmPfMkjxlyrFApYlhnaCADnklfxrxXUrSU3Wo+Qu5Pt0yrhsjsAAc5OOMAZ7cniv1PgymoVq0oRsoQsrJdeXptZPW99bNW00/KeNq05UaKlOSUpNySu5O1u+6TfV9bsxpkgEMzKihXYfIFLbcLyqkcqDznOOnGO/AariFgYscbssucAseB7qcD8OcjgV6umjXM1qyCGTaZDvdAzMpOBt29VbryfXOO1cddeF9WbckWn37lpcB0tpSrgMAm07funOAR3Oec4P6G5uEYuLje6cmmrx1TcbO3daXVtr3PzjD3eIu1OScbRVnt7qu9Hv8AdzLa9jkAxL2b5ZWAOMAjGMZGT07kHOOQSBWvbxveXBUnDOQFwxLJs6uOQOwz+mMYPaW3wx8YXcsT/wBjz28AUfPdAQBd2NrHfhiO+R1z2xXrXh74C6jm2uNV1zS7C3djvMbmWdNy7iAsZOcE4xn1PIOayqY7CQnP29aEIq0pJvW6UFsm7a3vdpLS+lk+yeWZjiXSWFwlWcmuW7jZJPlabeiS6O7u23ofL+racI53CjdvUcEksDk5OOMg8fzzknPmup2hOrOFVwCqHLA/KRznPAK/KADxjoMAjP6V/wDCkfhfZyR3Gu+INRvSQmEhhMULkNh8yNtI9RzgjHORkZ2paf8ABnwnrUws/C+lXvl20RMuq36y7d5HIjRiGLddmOCa+QzXMMsxE6cY104QqxbcdfdSjrpb5WXdJ6n32R5LnGHoz9vRgpunyRUpau6S1tdaW2vd9u3xZYQXE0UMUdtc3DFFKCOOR8HgHAUFTxjJ+nPJNeq6P8P/ABTqkSvaaJfkN5a7poDHGAeeWIAxzjJPpggZr3uX4geHYZLeDQ9PtgAR5cOhaC928bH+HzXhYY6fMGIJPqDjStLz4ia/ME0fwT4lv4pH4kvGbTbcYXKZRBHhSe6jGBnnk1UeKcLh3alCVVKEYKTa1ceW2iTk42W99Ou2uUeBsRXlKeIrRpuVRScacW7O61vpe1+mmq26ee2Xwk1yyEUmoPpmn5jAla4vYS6ZHRVD5HcEYGR6YIrvE8N+G9Ktt+oeIYXMUKsFsYGlIbOQGcDaGz/E2Bz25FdDH8LPjhrjBJNL8OaDG7n5ryRr2ZQOgbduO8DHHGSOnPO637MXia7sLuTxJ488hUgM7waRbLEsjKMGIOAGHTaoVvcDC4K/1+xtFyWHo0oJ2Wq5tml3i2r9NbX+a3l4aZZivZvFTrVXFxavLlVrxtdK636N6dup5QNJ8AzahBf3iX15Zqh3ie5htELvn5lEhBOBywA4JIHpVu61v4WaOzS2mhaK7eUAv2q8F5KSOjCK3YhzxkrtyeO3I950L9lb4deRYSakNV1mVoUmIvr6dI23LvICeYUGSDxjBAbrzXq2j/B74e6RLDHbeFdIhWIYR5rVLlwFOMNI6Nk4yck54yOnHi4rizOMW2nX5Iyacow9292r9LLqk76dHsfQYLg7JsFGKhhYNwcVHn9+1rX5ebvb5a2tsfF8XxYtYokj8P8Ahi5nlxiMaPoEgRjnB/eSwleMDk44OOAcjTstX+NOuiH+wPAeowLlnNzqVwbRlQglH8tHVVwCDtAB4OePvfdM2l6PYwstlYWFqI2Aj8m3ggTBYHrsBJ5OMHGM5znJr3Hirw9oSxnUNTsIVYOZHlvI4zFgfOFXdjb3weBjJxivKrYvF1k3VxU57K0pXS2dtW3q10drdUz3aOXYXDK1OhSjtrCEd7RavbS/e2qdkz4d074X/HDxa82oT6vpOiN9plt7gIj3Fwdh+cAk7mK/dDcnJBB6E+i6R+zTLPHGPEfj/Xrx3XM1rZsLaEtnBHZhnPpknqc9Osi+Pnww8K2GrJceIrFn/tW7kVY5FkuApZmCoVJDKxGRjIJ65615bqv7ZXw4sRcG3F3ezMTsEW5VxnI4OOOhz9ORkVxRcWtW3u2pSfdKyWl77Xaaaevc7OWKstLWVk2krJLZ673a7PXsez6F+zL8K7USNcaXcapNHjMup3s0pbnBBj8zbzg9vpg4Fet+Gvhr4B0P9zpvhDSLbAU7zZwu+0dW3yKdxXqOOcnIyc1+eWqft4JGk0WheHsK2Q0t0wO6QBlDHBJwBzk5+bqM15Dr37bnxQvjILOWOwjkBRDCoDop4ByyknAznBAYkjJXFK9JaaJ9VHS9+t1fy+dnuhqSvo10as3bZO7b0T2eiTu1Zo/aoHRdIMCqllGm7HkosVusaj1xtBBB455zjpWDrHxC8D6YzS32s6ParbsTIkl5EzDoQGTeCehy2c4wAVIxX4Fa98ffiZr8nmXHiTUMtlmEc7Qqm7g8Iy44GeeRzjvnzm/8Y6/ekyX2sXEruCGM11I7FTnJYMxBODxkHg4znGcp1qSvo29OXl00SimndK/R62W7W5oq1krPs7Ky0917pa7a3avvfv8AvB4k/aa+EmibxL4oguTL8yx2Y3bcckDYTlT0O7jqCeDnw3xL+3N4IskcaJYX9+sBYR4ISJ8Aj0BO7p82MZ49B+N0+sI2JJrqWRiMnDHbnsAMlvUE4+UZxxgVmz60jEqjvsGAPmzk/TPv3/HisvrW6VJf9vatO8dbWd02u+mnmY+1uru177uWnTSyfTbf/g/pV4h/bu1+6ilGi6JZ2Q2uY5Lh90nzDIJOMgjAxwAc/dr5n8UftRfEnWdVk1A6u1ncXNsLU/Z0VVWBCSqK2MAgbvmBxzt45r5cOqBi/wArFmGBnkcAYOMAHpgjjOGBOMGqF3eTSmMnKgZAJHY8HjHKnnBxkcH6J1qrS9xx952aTu7qN1tvotXfbrsS6yenMmreva+m2mj/AE2R7NqXxX8c6sVe+8SanOdpCq95KgUAdWVGGcAkj2xjGTXE3mvalcSGe41GeVmOSJJXkBUDAwHY4yOSucHoMdDyKQ6ldITFDLIgA2siORg4AwxBBUkcnAPQdyK04vDetXABNqY1GCWdiAQcgcE5C9CR8xxkA9qtLE1bcsJ+/bVPT7Nm9O6T1u+nrlPEUo3UpxTut5Jt7aO9nd32ukkr20uSvqZnZne6k3AElVJX6njBYHq3OOPXg1HvItzOS7Ec4diAe+Bk5IbknPOOoHONmHwZfEgyTRoNu4bQ2MjOCMdRyNw4ORnnkm/D4NjKHzZ2ZxkYUZXavGBwMkkj3XAz0xW8cBi57xaV9muqa6NvzV11fpbmqZjhY+97SLa6LW1rK1tu/X5taHLfboyPljxgL/C7dd3y5x2ORgHA74IJC/abiQr5MbybiVChPlGflyzEdcnHXlsYGBiuzk8N2dlErpiQgjJlyQoBB+73weSAPQDPOfQvD+hW7WiSrFB84ODsGS24t8u4YA5K84wM4x1PRh8nrVJ8sptbKStd62V2ntp16aO7bPPxWe4ahT9o+a2lrtWbtFror2vpto9Op4lJa62VOLeURuy5BGFB+UsBnknABznBJOQO7ofDOu3yq6RMu4nCsQuSfl+UcHBPPJzkDHWvohdGiZHkkKHLECPqE5GSCeOOMYJPY8FVCLa2dskYMy5QEkqcMD0HGQu3OOgGANuD29KHDsV705y5U1fzTt8m32XdvTS3jf610py5adN8y6u6u92utn1+ejejPn5/BGqoJDOVRUyS2d7Erk45JAPBxgcgD3NY1npEUt2LeZiUjcKxUbQQGC9fQnHb6AYr3zUHjRJU+ZQFJUHJLOQAAwJ5zuHbjPOCK8njicahOylCN4HQZGTlj1XB556rk5xjk44vLcNhqlHlTkm43vq9Lbtaa22S0vqur9TL8znjaVVtqLgnay1vZK976y1Tu0tLvueh6N4T0FTG8kBfcmfmDFmJ+6M9h0POePu5Fdkmkafbo0cNnbjKKI3KguGOcDG30xyckHnocVi6Ekj+SGbou0PnduIzxtHQjJCnsOT6V3KWSeTgqxIcMHBHGfvZJ7Ak457j6D26GHpKEXClCGi/lTWid+iW2vrt3+MzXH4pYmUVVm0tHFN20tqtNrWto1rc1tMNlarA1wShnT7IQuzCuxCAsBgbTkEZ5+6vORhfF0ltaQQ26QqTGFSOZFCggoSxOMqSQNx56567eIhphu4kjAlLZbYqIzEDORICMkEHpwV4GQcjDr7w14mvra1gj0jULtySFkEEpEseCAcsCARkgbsHsD1B6JunGNpRpxla6v6Rb2el2+ndLzMcMsVXnSnFVG+ZKSXM1Z8urXe6WqS0vrdI8odUdJo04RgSDkhsrzgncTx3Hfg5IFLYxNJIEcZVlUsWy23jGQMhc5Ix0x1HGBXrmkfBrx1qKkrpYtICJFMl5IiYHHy7WA6Akdfbgc122k/A82sYl1/xVoekqjrvDyKThSckMH256dAQx4AyAa4Y1MPGcXOcdFa3leNtUnZa9r7JnuVsJjq0eWnTfN05tl8N2rtb6bOyS06M474YQRWPirRr64tkuYbecoY3Hc4+c7gQFUgHODwueARX3cPEOjTTxW8d7Zq00H2gAyZSI5AMZBbBIJKkrkn6818oSW3wu8IvKZ/Gxvirgs9q8YYsOCFG4kggEZ4zyB0GYI/iT8PreczaBo2ra5cRHKvtlkDMcbfli45bGB36c8ivocr4m/sxTp4aiqynLW11NpKKutLt6b7qzbV22fOZvwJDN4wq43FRoSpx0d4y10e+lut76aJa3PpPxpeRzeGvECQzxSSLot0HAUttGw/LFwc7gQe56E8AGsj9jg2K/CbUhcSQwsPEN0GS4bymZfMOCN+CQSAwIIGBjIzXjN38UPiZd2F5d6f4Ali09LZ2nlubJ4447ZVI3v5kS7l24J6qfQYArP8Ahn4f+MvxM0KfUPBr6fpGhx38sNxKrR28S3e/94PKUKzgFuCRnA9uHXznH43NMPiaeAqRqxo1IwpOMk5RnyvmulayS0tt3TN8Fwtk+W5LiMHWzOnKhUrU51asJRtFx+GNrtuT2tbo2fopc614fsYmW71zToGSUKUN1GFKKTkncck4IOcdvXIPJav8Yvh3oykS+IbFimwMkSrIx24ypCk5OQAGUbSOSRXzbbfsuePNQuUl8S/EKBPM4ljtVkdl4H3RkgL0wcAls89K6uw/ZF8EBjJqmva3rUoKsyhhGjkE5BIwcccYPHb1HqwlxNXcf3VLDqVn+8lZx+F67tO+uttm9Txp4fgbCR96rWxUoJK0W2mlZ22S321trq1dG9r37VPw8sVeK0e4uWChQ0SjkjJKqrAgqx+9gYJ6YJrziT9re7v3EXhjwnd3tyCyRultJLuAwoBVFOeOMdQQSDnNe6aR8AvhPo4Q23he3u542Qb7yV5nLLySdxdCd2MqOCVHPr6hpGgeHtKVvsGh6RYMrAr5FhAHUAEABhFnPBzz6cHGWn+xc3rScsXmjp87TcaWyvy6JtpLS/V6lS4h4bw1vqOTxnJKKjOs49lZpau1lrrd7Wva/wAVP8Uf2jvFp8nRfCV9p6SM4EhtmtUZWIALNPGMDBGApBGD8wHNRj4Z/tK+JkdtW1iDR4Cw3CS8LYyOSTDIHBHpnA9DyT98MssYILBVKhyAGUZbGNojIxjHHy4Bxk8AUsNo4jd1BlyBuLHKAnqu08nOc5zxg4746KPC2XybnicTia1+VyvVUEmraPlTunZO0ZK2muuvJV41zBJLC4XB0I7RahFuN+VJJt20W2m9vO3w5a/sreJ9SfPiP4hzEyIGZLQzswx1CtI7DJPTPGOTjgV2mlfskfD63bfq2o65qrkKzI8gRG52l9wIZc8sxZh8o6E4z9cNp8hVQMIxRWVVBVuC27JJBCgnIz15AxxjTt9N3BleR1QlCW/jyRgKmORyevbgdCSPVpcP5BRSUcNTm2kr1JSm07LdTlJN6aW0T73Z49finiGtd/W3Ts2rU4xg7XS6Wb063V9ezPmlvgb8MNF06/Nj4TtbhI7K6b7ReNLLIskcLFX2tuG4YBJAA47Divmn9lLSdOuPHnjtZdNsLuOzjnFvHPbRzpBi7K7kV0ZVwBsUgZCjPrj9FvEVsbfRdWUj5Dp2oEkhQ7BbZ8lcqDycepwe/FfA37IkLN47+Ifl7gZLe5xt25AF+cLyeSwGOnbk4rzcbhMHTzfJ6dDDUKcJSqcyhCEea0E47aa9279j1MnzHH4nI8+q4rEV6s1SgoOU5OSV021fa93blt9x+itiBZwD7IttaxxxKUitoUiRCRkqAqg+nTHbp0qlOJpJA8+4kqWCuxZWBO7Jyf8AEkHA6cdDZ2Ja2yVMblEHllRzlQDuPqc89snGTzWfdW2D5RAUEMCzkkgI3OCCcDcpHJAwc8fLn6Sa9nolpbW3n1SWj6adVa13a/xsatScU5ym72vJu7Xw2Vnu9Va3pe6OdNguUk3BVJDgMhALZ5UHGM9wOMjAPep4rA4kZxtL7ZOQMKpOSMjkFVwAAcbeec5rTW1kmKozGMRjCIPmLA/dIyCAcDqTgE55yQJVjcAI6lS42EsDuIQ7drcZUngLnA6epFZ+2knytqLT1beySjs2k+Z3eiS27O5Evds3du1tk/d91ppWfle1395nQaWjs+UVhKQFkB3HacYJLE44zuwDg/StFLRAsi7VIUAHIKlAhBBJXA3Hp/tYINXLaJBtCDlUZQAdoBPTIJ9Dn69e9WFVVVxsOUXEhBwdzFTu7k59QR8p7da0jOTavK9ruytbW2tnfS73enkZym7xb2fTRLaNrX9615X/AEukU/7OdWVhljOdyuQEEYHJY8jA6Z+6e3BOanXTpF8wkbjMA4kO0EAYGCeDzwRj2xzybaykyTLk42DYoBwEU4PI6cZGQx7BhirIlj2v8mAECqS3C8j5sjg4zgZ59ffRN6pave99LaJd+nnfzuJcuqSS2Tbs77KNm73StrtZa9dcoRSb2jVT+6XZktkryc9Tgkc4wBjPbGK+UviCzQftMfC9xu/5BU5wDliBHz368A+3ynoRn62aSHII6qAZipPTHXA4YsO/OBgYGa+Q/ihJEP2l/ho0WVA0eYnr1Kgjqc8njkLnHA7jgxN3PCXv/v8AhE9/+f0Lp7vbXpbtse3k8ItY1X0WAxduv/Lp3d72XTfS/mfNXjS50/QbawmSxS4Te0UUa7kWXBPLqfl5ycZ6kjrgg+E+INebVYFhNoLKJbh5VSMnaec4AJ3FRzwOn+z39X+J80K2dkT5kkAuGCuCQHU4+Vc9cdMjGByOxrwvUZHkhBSOUW8aL5bvG2Bk5POC2V6nOSPX1/F8TaNZ+64tLrf3VaO6vorpatXvvbW/7jRqKpQtGVrXj73Ne11fTdLz0v1bOk8Jvt1nS2TgG/sypGSCfN/EtnBAHPG70OPof42XTy6Yu3I267INwOOtpCOhYAZ/DtjPOPmzwpKf7T0ptzf8f1pgMCMkSq2QQffPJGCAPWvoz4v2rXuiGVZVQvr8gUE7efssK8gY6noB36Y6VpTnzxlGMklyRctVre1tZNJvTTpay7G9L6zGPNHWUmnotfiS35tXuld/J6nkdl8R9SRNPs35j0xdsJDuSACVAPzZzg/MPcYyMgc9qt8NSvJtRfO+5mBYEnkZBz15BboSMnHHGc86LC4tpQXEjMzlTiMknJPIYjB/Md/fO7JpNzb6ct7KCkRuFQI6MJAXIbccjgHOSMZH1rllVunGM46act02rJLXbW23rqOMMQ6vNNKK0vtrdJpbtX1fXbs7H1r8OCD8E/iekTAA2i5Bw2CqH15B68+p+XsB8Uxy7VUAAAKcsSOdoHXjqcnHYkEHHf7J+GqM/wAG/iYm4YW1UnIOMFWGemecnPA9K+MpFCb418tiAACCWzkZzxwAG6E/lyTWLi5uMXdNb2d1rZ+T6LVO/ZdD0KlWUeTTT3U2r3ei16+Wju+iaRLJJbOjF5iJDkkADH8P/fWOFxk+wPOPt/8AZkiT+w/iNJEW2nw7JlieTuhIPTPX3IOPyr4L8uTzlGOrxgdAD0GM4UAHPU44zncTX3n+zFKx8P8AxKh4Djw7KSoBwCm4cYGPu4PGMEYwcA0TcKDja/ezb3aV76K1o7b63V9GilP2tN2TWiumrO91ftZee2vk0fIN6IodQvUkjTEd3JtBzht0hILYx1BxjHHA5Gcu1e6t3sj5MyBn2KsIU44xnGRuDHaeAMHHHGaNUdJNWv26L9rZegwWBKk5PGBjp1x9ayp1hDuGKnOCpVcEEAAkg4wO2T1GTyuacMQoqSbWui68ybXX01Xprucrwrk+ZJeTtt7yu3bayWmr0drX39o+BhY3ukjjJ8QRAcEEZ6YHHQZx04HvWL8flSH4peI1bdndBjL45CEjcOxAxz3Jwc4FbvwPYLrWjxjGP7fhPzZ5+Yd8ckE8nnORk8mqP7QQtx8VvEqywHcZIsSKScgrwST/ALIAxn5QcDkmojO8HZJ+9Ft220W1vvTfl0RdZOMaa6qNuq1vHays3o7vZ7b3T8ZTzHt03M2DJlcMcjc2GPII4HYbs57HNewfBkRx+OkmBwIbaNAGB6SSKgGckk5PTHfPJyK8ot1hnHlQh12kuQVJJPQHpn156AZI55HqXwjXHi6IZdXZbZTuHX9/HyT789hznnoa6YTioqMrXdrO9+yadk7bu6033RNGPO05O/LHfd6W67uSvbVaK+juju/2qm2fEGyUsuF0CxBxhsZiByV7Z75AHbkgV8+abctkqhYJIjK+AcnAOF5B565YDjpgjg+8ftVBx8TQjHaU0WwAGQePJU46dyM9PavAdJLG4VQVVApLcdCR0xnODjk89/XgfJG+ru3Z21bVk+reiXm3rfXrpOlH2nMm1dJPTVfDp/K0ktUnd32O7+HShfF+lzOHK2zSkk84D/IO3TngZ6heNxFey/tMX5gvvBlkgCrB4eiL5wDmQHBwcAk5AwT90cc4z5J4E+fxRGFyctbpgAlTm4Q8EA4PByc8dzgkV2/7VNwh8e6XaeYY1t9DsFDcEqxiUY2HjrnJA6AADPy03WVPCyck9Zq9tG7Wvfy8tnsOND2jaWrS11tZaJPy0Vnf79zxSwuZltZlAXLkAdDwFwRjAI756nv1yK9j+CEe/wAR3gkwduj3DAHAO5pEUZPPA6buO3Awa8KsHgCsgkDknOQzZJAAyAOAoBHPTJxg8GvoL4ARibxNqGU+YaLKAWG44aWPoQcZPA69cEcDbXPGqpOLjzbtLrpdN7bu+ivdNLpc3w+G9m29eZ2s5PRe9C+jetr2tre9rboq/HS4uD428pndvI0WyiAz/BtO4DPTtx6kgV45brHKvkFyWZjgqB07kHgZGc9Quetez/HSIN8R7yJmIA0uyBAxgnZnBAGDxjPYg9sAnyO20yZVMx3q8b4VRjBVs4xtBJPAyDzyP4uazrTp+1k+bte6ulazfpdbaS+SemkFKLsk7JW1TulfXVta6P0Z6F8N9OVteuC5ZdtlJsw3+sIwCSASeowRjnbngV9i/tSa+LrwJ8GdFs7iaNLDwqFvbRG+SVizMrNgqCd2G+ZWwQO/T5I+GUG3xHKjElfsbkBmIZSV4GDnAJ+Xb19STkD3/wDaSfybL4axAKm7wxGxwcsQxcHkDrgHjgZGORmuac4xhKSe9kne6Sb1W/p2uvOxuqcZOKlfT3rNbbLz2v8AOzve7PkvZOJC78qAFG8qQAQoXHXccn1bpkDGK7XwLbtH4r0hXdXWa6XAHAySCOc53JndyT+B5rlkTbEySbSCRh2PIYnIxk5Ix2OMHjk4rpvh7DIPFujiRtym6LKSzPwSmCBwORhVHJXGSeMUsPUhGvTbb1kk3tvZdb2Wyt1tqaVKKdJ21W8ej0smrPe+yavZ6K7PXPj2Ps3xAiQGMl9GsyWYjByqruGAecfdGMngdcZ8qhuI7iNocKY2UIwPLD1ALA7T/s9TxnsD6f8AH6Inx2k29Rt0i0ADZ4AIGQP4iOBj7oORkjFeQJEVVCGUD5S7HgZBLKAQfm3A7s56EnpitKkoOpUtJpc2jTvZO2qun93zWlyKdKXs4tLeK0XM+zu2/JtW11V72sj7B/ZXto7XxVfGBgDFEDHuwSfPQIUABP3echenXjC1w/jy/wBQs/GXiRUEcyR6tcl9yqOTI2B/eK4AwMYz+JrvP2WgU8W3a/KPNgt2VidxB8wDeCc/Xg4GcDIBA5T4goP+E68UebsZf7XnDgIpVgzNk/KOnBJPbJHGePPzCS5KLdmnolJb6q7tp0SWq17d+7BU+bnV7Ti1ezaurq21ndrTou1tGV/D/iG1u7TUrS8jjs53Ec6O6s6bkIPAGQG3AYAxgjHoK/S39jfxVoWm3/iK61aaOK2Tw0dt0W2rI8cZAxngZIxnrjpx1/KtEgP2gBQoZeSgIDANjaCcbBjnJb1Hzbq+w/2fYmv9H8WRxecHXw3eG1VRuDyRR7k2joSSMbe4OCc183iqEJU60YP+Ine6VtWlor3VrtPbW9rna6sueEJpWjqpau6XLvfa381+yu3dL0r4/X9trOgQT2UiNC2uSzBwdwEcxZkJOSdrKwJI5BPGQRXz34TEg1nTYnBRfNwzKuNwDAjODk/MSe2M9e1ciPFGuuRpGtLdS263DSbJQ2Y9hKjZ3KgAZGCQDwDmva/BWnWdxcWKpe2omkKTKJCBLHyGKhTyGGcBcHOcAnG4eTQoPCRUZNtc0mmtUk5LfbbTW6t9yPawsHUlF3sk4vV32kvzaV7K9/XX9UP2XEQfEn4cSIxCDxBoSSEL/Eb63K7gwyT02n/69f3BL/qLNux0+0Ug5I5gQjoe5Ocj3HfFfxHfs3qsHj34abAu1vEegBiBy5W/teSRznHPIx6gEZr+3FebWwIAA/s6zJzz1t0zz1wSeg75JGBXwXElZ+2qW291R097dLdX39X30P0/MI/7Dk63ap1drNSvGju9Nt30e1tCSMDnnGR0Ge4GATjkfxY7DkEZ4sDZjGAcZHADEZBJ69x+P0xk1SQ7cn0zk9QDyFwecjt32kYwamSVAq8k5DZwOSc4AzzngsN3Iz/FgjHySnzPmUnomk7OyfuuzbWjeye1ru6Z47i1y2u9Vp56Wfp6dF53LQUEAAcHKE85HYcc5HHzHgg9MHNSbUwNqksoIIHfGOMgcA8dm9Qc9K4bbg9+SMkANjGQBwQFzhs+h5qZZSSeMAgEEYJbgg9D2zkDvjIwODblL3bq+19OtldvZXlZ3tazav1kQ1Fru/Nq3S618/T52EEaEMSu3+IgjrgdehJHOOcHvyMYcEAJwcY4AOSepGOSeTxgHpnPPGE84jdgAk9wPbHTJI9R3Oc+lMEmMNt+U/KQM5BPRjluc8cgdfYU4Tvayu+8r3VklbVWvG2mjd9LaWJaasrPyW2rt57a22srdLWJthIdQQO+QcnI5JKscMd2TkDngHFJs2gEAFucFgRnPoOvXGSdy+megYrZIJySOCMKMkjjqMgj39SWGM4nUbwvzAtnIz1LY4IHIweg44I6c8aKnJ7JW6X0T6aWa016bbBzNRur67Xuk9Vq9eq63TvvZDCmM9iWBIJG0YwE5x0PQj1yMZPMThRu+YdccZySeh5HyjryeM4zirZjJAODtUgH165J6c4PUHPTg9RUMyDJY4HGSVwDj6Dp7ccdSAOKwqc0Z8rWqXneKslptt11dlbS1xwmnZ2tZ7b3enrdbdLrTfcz2XoMLgHHzbhsBI+bb8oJwuD245oVT0BDd+ACTx68YUcdMdeDgYqfyww5OSOrEYUkA4x1x255zgZ6AUoQjJAP4A4wCR+B7Yxz3AGTXM7p/JJet139NNEuq6m6mlZXtt5bWS3sldLXS2rfVEQjLAsf4fm4ODkk8EYwd3I598c04xcAdTwR2wo6/wBBg4GQOuOH4xvwCPlHGRheepAOcYPI46jJByaAygc5Azkj5sbQc/Nx8pA5BA6H0qUpSto272v9yX+fd38mW5Was3o+ZKysn7t9UlzX6v5LS9q20LwcEjjJwWz820nHQtjgE9McZpFDfNgDjHyknIJw27JPAbnjcMdveZwDwDgnngHPQgHkAevfqp5JJAYEIY55zjnnIxtyCMYHAzg4zxkZ4qnTkk9tUtL26pt26pa2svLuSql3Zt3dno3e3ut2vpqltpdWTstEhXdghRk9ssCSABgYPTI4HHsBjmBoSQQAACeSM/LjpnuBjPIHXg44NWgp3sS2Qeu3BwoJxk57cjGVOOcEYqZQpGMbePqc5JzjGAPYEn6DOcpQet7O67p22dlp0Xnrd9G2VKpJXcbaJefVaeatfbstbXMuSHKBeAM44JxzkA/y6k+5qobYqc9zjAPGSOh6ckYGSeOMqDwK6EwhuMY4Oc9yQcc4IBOCCcZB49xXkgOccryR6qSMZ+YYPoRuAGFwRzWFSldtpdFZaWe2672u01+JcMS1dtNNvVt62XLa2iTVnaz0emt0ZAiO4rnkDkdM8diC3tnnGCOCCalSIYwwJwuTg4PJ9OeAQCR14PrxdaIqxA+Y8dOQMHJbHHPI4HHqAAMyLGVZeMgZYEjAJ6demB3zwMdKI0rNWTvyrbZemzulrdddBvEa2iuzXR9NWltfT1WvpUNtn1BwDyATj72OB6Hk5II7AGhk4bAY4GRyOOx+XkEA8dACPXNX9+QF4IK4JAOeMBsHHIHoSSeB9WsC2QPmYbT8q8HBOeO2Qck8AHnPODsqLW62baSTS1a6J233vZa2S0sJVpbuKtddb2dl33230T/LOkU4GAQvUgdAOQck9VHQHrnqcgEtKhuinOBkHpxnvxwMDAx/eHQCtBoSSxBGN3IBGCBgHGe2Gxg8HoC3JChCW3MAOCDjvnGcdepzye/ODnNaqldaLV2b0WlrWVrdNbaqz2t0UcSk99r+bdnH06Jd97plHy8EkDPOOcc+wIPPfGR1yDwVNOEZzwAuGIwATjnr7Nk5JYnGB8oNXhCSQuNqhc85JBbGOTkHOcZ56HJ6CnCHsSSAcHBI3Y98+h+XPXrnsOqjG0kndJW6PV+7brq7u+2zvfS5U8RFpvl1762WsWlp8rW7NXsU44lJz054ODkgdOmSO5OMnryasiPJQEYwowAMjJ4JOCOcckdeAS3arYhQHIB3DGeQMdfmGRjGMe2OTnvOEViR90bgScD7pz1wCCOvXk8jHevVoRVoprd36K2qsnZPR+d7pdNzhq17xv5eWq01V7O2t/nY8I/ahgB/Zr+OURGVPw28Rd+cGyk7njv05xkgjjn+EyHwlaaqNMe6llDrYTBUjlZV2/apRuJJAOM4AXJPOMHOP7wP2mxu/Zy+Nwxhm+HHiMHkkACxk2nnghQOCBng/wCya/hk0uceVpYOCfsEqgqGJB+2SjPvgDG0gg55r7vga8uJMLF35Xg60na+l3BPZ7Na99Fd3Rw5xUf+puaStq8zwijbZN0m3ZvZK1l5WOP8U+CtJtptIjJuB59wI5Nsz5kUqBgrnOMD7xI4AOduCLQ+HekSIsskUwRWVFbzCQcEHLLkkEg5JyAOOOeN3xjcRi50PcSW+1Bi+OxC9sc54IPAzn3NdLbuHtfLOAZHBB5ZuowNuMAgckYBwCDkcn99p0YPmuldNN63191qO1nr7unVvW9r/j0qlTlim3tfSWtlJJJXa1Vknprpqr68Xf8AhfStN8N6i0VvtZ76zTLTFgVaQKMEsfm7H0zxgZzc0TQrEXsTG2UIOCGdiWA6kgkhiOOB7EcDnoPELW8Xg67Rwd41GyAOwY/1wGD2IJyFzjtzyM3tAt0jlQy5w4DICoJC4AABA9DgZJIz2GM60KcfazSWqUHZdU1HV2Xuu62SS7+eNWo5UY6y3Sum21rGSu79tPnZ21OZ+KVlZWnwy8WLBAUJNgzED/p6AB5JO4cYzwQecEgD8ab6G7m+KniUWtv58r/Z2X7qhFWNdxZjz8y5Gcgk53HvX7TfF4LH8KvGTqCxVLLYecf8fK4PIGME47jIPpx+H+rzXyfFjWUgmaIzLAzlWA+Xy1POMDqc89CSflAGPn+IYfvb6W9nG91ZK762at8t9Vvv72RTTjDfWcno7u8eXqnprf8AV7s+lPCdxctbau1xYmJYtDvkVIyNhHltjzFBxxgNn7xODXzTJcCf5Z447uBCwYuqeYNzYwCOVwOME8DpxxX0D8NZrqVvEP2pyypoF6qnczhj5UgRgCOWweR90dcDJz83eWC8zPJIMGXtywWTAB7dQMegHevjoJOU4tJ2UbOysvd0abW10930d+z+rrzfJRcZfEpaKyaaUUk9dU13239dc+C7i/0m41rTYGEFvOIXt7hmZmyQS0O3gAD1ztHbk489urO4tDJ5lsYRuK71HmKHUEE8dj0wenXPAr3vwjfXH/CO6ssk7+TFcbo1O1tj+Q+OP4gQMY5Poa8Gsrm9k1Xy1uR5Ut5N5kUxDRj5iwIVuBj0GBjngjBn2EZSkk+VXVlbvy+urb3S1vs7ilNRjTa0Uk9rJ2vHSzfk0rdNbpoynaRNrHDM65MmCABkgAj8Bz7ZxgHEW8FCVKFlAzwCM987T+I+76d69m17wNpw0K/1rEtrLaW8Ei4y0Vz5gDMSowQWIBwFIzjpyB4sbWd2It180OAwEClnG4ZOVGTgk5GemOOlZTp8raV3p7173T0s7L1v9rrotDSPNGyet0nvdp+67K6fV6Ntv16LK8u37oChCDtYcZyRle4OcAE8cZGSdtYTRAKp+Vm25znlgckjAOQeCTjjGQcZFPdZIhtCOzAhXjcONpOC2Qq4684ye54qM7WVi+EIBAwpLLjpuJxgk4wV3cnPIHGHy6rdJ3emui/Pb8S1JqOutn5u+sbPT8dtd97uOVtwIQNswR5kYIIyT2PfPRTn0Oeag2tlAQxGSMnGCAOMfNxkjkk8DPBxwrOcMYizjJyTlc+nAPTHXtzz0FQmWRtqkbSeFzyRyc9/Q4DdQOmOacbtqzXTV7PVJX0s1tfpZbMd9E3e3Ru22jV2rq+z220avZuZiCQjqVJAOc7iA2d3A6noVwAcDGDnNQv8obbghvlGACeBuUE8Et0+U/3WwOoKloxt3Fjt6k/KDkAknAySSwGDkY6881G2wBSGOPvcg9TnHbnB6k/NxnnAJb5r302ulp2jZ66Nttu292mjNc13ZrV6fdG19r6p/hqEMzwuJoZZIJEwS8RKNnrnII5znHXBHCjPPeaJ8QdXsNsV0F1O0UBZFugGcI3XD/Mxz27HBycYx57li+QCVJ+XOCMAHnByVAPOPu9PlzzUy4G9QVVdvIAGOR16YXIBAyV5LEGnLmfKndJNWbVtUlre+/ftpfqWlKz2T3WnXTVLV9r2as9Er6L1uHVfDeuztIssmh3lwxCo7KYHckAEPuG0DnJLfUdc640jULYNIkcN1AVIW9hKyK6AYLOqbsDPcA9cY5yPCuQ2TgKSdhIGBgcDjkDHU9cjqTwd7SvE2taM5NlfSrChAFvKxeJwDkrtY4xjPQZPA9qcZ3au9NN9b7ddHZbat6JvU0UE0nJK6te3k1fdtpapLR3t5aesaXrOsaTIx06+uEdSGmgLM1u6bsgNA2QFbPzAjI6YyRXe2PjXS7yLb4h0uO3uH3INR0zEUgZwBvkRSBjG0kNxnLDk5ryyx8c6Tfrt12yFrOwwbuzKpmQ5yZIwB1HUAdc1sDTre5hFxo1/BqKzg4iLBZ1JwRlCfvAnoM1rUldtSakvd0dtXZXabvor22b8txRjKKSi7O8WuV2a2slb5abd1oew2HiHUtL09B4O1tZiLhJogZXt76Mq2QRMjoyspXCjPZSCT1+8PgJ/wU0/aW/Z/fT4Lbxde6lokBWK78P+IS+o2EltGcywQXMpklQzKCAyNuHIB4yPyeWO801Szi4hnjYjK5QhwCQcjg/7QBH1PyitW08b6ja2ywXcKanbtz5coDugJJkJJBIOC2QSSpIyRjNfCcVcAcKcX4aeHzzJsFjI1IpOVajTdRXSs41VHmjJW0cWmtFe97fUZRxRmmU8qpYip7O9/ZVGp07aXvCV1tpe1nbd2sf0E+Fv2xv2Yf2yPHUtl+1p8O9K8M6NdWL2eh+M/DCRWd/p91cykPLeeSqS3RhdiymYvhQM4ANP+LP/AAStttY0eLx3+yR8RdB+M3hlZGu00P7fZReLbKyBLRi5t/MAl2IPLSNULnbgDI5/BvStR0m/gQ6deiwu1k3iGYbUjfsAygKwY4DLkrgk9q+g/hj8e/i78G9bstf8K+Lda0S6sWEyTaTfSm0naFxIqT2okETx5X5wVw2egwxP47jfCTinhF/W/DLiKvgaFOKtw7mFSpi8rnGEY2jS9rKpVw7m0/epSavd8nR/aUeJcjz+UKWeYSlGo7R9vTiko6qzcVZ6u7k01u9Hqa3xA+EXxA+GHii0tvEXhvWPCOu2d7KJ7HUrC4t2ZnBQyrJPEqyRDIICnDDGW4Bryu8tLv7NPa6q/m/a9Ud2uUbcWLHbs2A4UDggHJAC44IB/Z34ff8ABVfwv8Y9KXw9+1j8K/DfxItGSLT28S2djaWPiO2hOEa9WYxxvIyJuG1WZmdD05re1z9hP9m39ojT7XxH+yL8YtHttc1a6nul+G3je7htr6Kb5n8izZ3BZiSFQSDb028dOHL/ABszvhiust8RuHcbkc4zVNZtQhPGZPVk3GPPLEU43wy95vlqxSWt5MeP8PcHj6DxWTYuliI35nRhO7hfp/Mt/tRX5M/FDT/BmkDTtbv2Ub442t4TPkMpEJJkjYklySGABxwQw44rw9LHybMRufKc3hGRuG5WbruByvBJBGfXpla/SH43fsq/HP4Huui/EfwTqmkB5LmVNVit5LrSrxFRlWSK+t1a3YMACvzjBxkBhXwdqWiOix7hIVS4kV1ZWDAhshc8bj6A8g4xkc1+6cL8ZZRxFhpYnAZlhcfQqWcZUK0KkbSV1opPXVJp2d732aPgs0yDHZcqcamHnSs7cyTtLRJe8007aN2l5ddfqj9m/wDa0+Mn7K8Wvah8KBpZi8Z+H9R8Ha0uoxLcBrK+haN5YGcExTpG0gV0YAjrwQR8L+ILq6u9dv72bIn1C8n1C6kkOR9rup3nnYBQcKWO1cdSDgMTivZ1tYrPwlp0zyANLq7lYS53BEf5lcA8blXKnk445PNeReNJkutdd7ZGjt3MJ8uNCASuQTgjou5uuTkDpXpZTl2XUcyzDMMPhYUsVinGOJrRXv11StGHNK1pKF7Jpdtbq5hj6+KeHwtGrV5qVPl5IvVq/Lu7ptJprW1mvv8AsbwZm6/Y68VRuAET4qaNIGVTjcIJtx7dweM45POCBXh/he3DauoQbgb5EJznJEbAggnkDAyRggEk4IGfffAUZT9jHxpIWJP/AAs7RwIyFGB5MgyATnHXkKSd2B2x4x4LhH9qWmQf312zkEcYVG5HrzjIJBHTjFfaZBOTw+Mpv3EsVUabdnZwglqtWr7X9Xo9PDziEPb4Vp3f1WN9LdbW00drpX6Wtpu/h3xtCF8aeIIzuUf2zcYIPB2sCR0JzjOATk9ucA++fAqInxPpSgbc216C7E8L5TgcYyBk5xjOO3evE/H9sF8beI281Qn9t3WQnRQGOCuQG2nnPy8HgZyM+w/Ba9ih8VaUIlklcW16qRKGIOIWw2epJyOBwcZxxTwsZPEqSaaUnpf0v+Gq1+ffjrKTpOHuq6TbWtrqKSumunk+vS6PK/Ebquv6vGd8ipf3vK4JyZWGc8gjpjHTg5A4Pq/wChDL8Sg5PPhG5IB6j5AemB2yOcZxyTXkGu3DvrGqthQ7ahdYRhggNM+Q+MY46dBjHNex/AqaC2PxKndgS3hWeMjnaGZMYXquQSD0Pb1GbnV5K6U2rRk0/LZK61vyvT16bNwo+5bbltpb/D5620tou8rWPDbiJjcSShMR7CFyCFBBwNw9TwR0HQNkgCvoX4Ixq/hz4rDn5fC0rfw5OFycYH3cjj6cnB48E1GRhdNDHtRGTdj7pI3bgRnOH6YIPpya+gfgZL/xTvxUDIQG8JXAGBnJAYduDyNx4xgk5+9uylUi3JNq2rfk7pr79dnZbpCnSUrJatWvomr3i9L6/dzLR66Ip/s9RkfGT4VEgADxlopbOeGNwgJ6/wAKr8uSD6lcFT9R/wDBQCOWb9pTxxBtDZt9OAc4YgfZocY3HAHOO2cYOSMV8qfAV4l+MXwtwxQjxdoQzu43G5U9D3H8TYzxtxX13+3b5iftM+Nt3zbrTTRlhgEm2i9ACCM59+SSA2a898kptylq042TtppzXte1vXp0djqhTaSai7J3lf3opu3ut2SbfdbO9tlb4f0nTb+W7nhtiUA+ctG2GBQAgDBAAIxnPOecDIx1lkZoBIbhXPzEtI27zFKLyDtznJBYHuCOQwGXaCUtbuWZ3RRISjEsOu3kA9vQMfuk9PTduJbAqR56eY8cpZlclwSpBUnoS3GSOQeOvNOmnGS5G7aX6parZ326tWe7vpvvNR9nLmSUrNxXNeybVmvl2va9la13zUjtIzyMQEdOAy4baXzyG4ZiDkDk4+UEHBrm7rQzbRNeGJ2heYsSPmypXAIIzxyAQR1B74q/cX2GELK6xFZBvC7icMxGCM8N3yM+hFWG1qJYUtCSFbDAsGYgogxuHOASMYBI6fUexCClBc1rpJrvf3b6a6N201emmtjwqdd0pzT2uuq5dkklp1T1V0t23ZM8vhcwLfN5YJNww2sApRQTjA4zlsrgYAIPAxk5014JCyFvkAC5AJIAJIIB45+boNuD1z11NQZme7ZQq77nqqkbwCccbcnHHA+hXIzXOXcTKGCI7FwWBxjqQRjd7579Tn1zwTko+4mrJ99LXWjXdX09Hc9WlVtT5lbu30d2kmm79F2PcP2d7lE+IM0ikPjS7pdrDO4Yk4yduBwMnnnuea+sE8PWGqBb1ibArLKMRHfDIzOTkrzja3LbQemcfdNfGX7P4P8Awnk0YZ0kj0i7d1HfCvkY4+gIAIySfSvuDwzYtf6Q88JnaGCYBwysMMGO45GcZbPbIBA6YFfV5LmH1fCuMKnJNNtLrol0vdKz+XQ8TF4T65iFz0nKCjvytpNW0v0S08102bM/S7G18OJ4lXUtM0/XR4i0O90fTWUrFNBcTAmN/wB4RtIx1UDAB4JOB8VeIPhp4usI5fN8P3gjhVj51sVuhsZmcMSgfO0YAGSccYA6fedz4N1jxBqvh2PSrF7tvtkoyXMQZQCxyCwLFeAcnpnkZOeyf4eeJbCSaO7hvbYMGyvltJAF3AZClScDOAcDsemCOXG4ejmspSq17TSaTuutrXslZW10flZPRehgqf1JfuoNxla+j5W7paW02fS6tpvZH5Kw6XdxGQTwzwmFl+WWExSMQRnOVUdMHHXILA4Iq7qb3E0qfNuJtwFbeCh2hcjkkgjkj/x0jjH6Vz+C7a9fULO60e0uUClDNLZbSWGVP7woMEkkZJOPnAxj5fMdY+CPhp1gabSZrWWQOyPaSFlOPuybW2nG0AsQMAAZGevg1OHaqf7mvSqN6JOVpb2a0tdWd329NT0Y5oo6TpzglvLorW9LXT6q+/qfJfhKJCCzM5dTmYqSdoCjJJHytkkE8Z6d8YueLcu+IXCq9oQzEEO5XHBUAfezwcg49DwPfYPgyulmb+ydVwzAt5N5GQASM7SVBAA5GSB/eBOOOJ8SfDPxXNNgWVtdxRxMjNayKCOWJI3cjAXJGDkYxkVzVskxtOg70JNpr4Pe1sklo7uKV0tG+nTXqw+a4eVRwU4q7jdy0ettH2au9XfbW7ueE6cJEjAWMRtGjMr9AxPzDBz25POCeMHvXpNvqdzbWtubqaQv9hMkLFmJBBIULg5OeADnhVBwWyKgPhTVLRWjvNLvbTyoypY2zOHxjglVwCCQM8eoB5qSWJZESEoEEFr5biQFXIIDLy4wMZzjjOSADjA8hYXFUIzlKnUhay1jJXty6O+l0ktVa3lbTvhWoVJJc6kko7yXLokneK1T6ejXUUeINTgRJp5pxHdEFAG9M5Kn73THQge4wCtyO/u7maOO5tw8UkeUAZmd3b7hxkjdwoIx0z7VLDpNq1vZlnaWOOJn8thkE5G4ZAJVfcHn8Grajt4re4truCFBE9wixiTdgIhAyd2TgEkgAYb0ORjljiMRTnC8payjo7tqKaT+WyWz31d7lToUKkakoqLSSSv70rWV5NLRxs0kk01o7dX7j4ZtZW0qGOYNsW2VgpA3cqAA3XAGMYACjqcA5rnfF8TS6XcRANuS7hJZM7VU/dLHgjPBJ67u3Jrt7N5YbW1xtCyQfOy5G0MM8EdMZ4B54/2iRzHiWUJpupBful4csw5DZJwcnnPYD5STyeK+8xFSUstlenqqDTl5csWnps7727tLa58tg6d8fBc2kZNNPRtNprZ6a9b7vS638rjiPl72WGUtuQgoGIJA74YZ5B65Gc8Drsaf4Kl1FtsNu8ckiBgY2k8pdxPLYwByc8Hk8jI5HMXLtFNHtJbcd4KsYwCQOgztXGCCD+OCa7bw7401LR58Q+XOjrGGhmHy7VY4AJHG3+LocYHOBj4anUouovbU/cvFSdlfWKd0t9fm3+X2NehVhBqlVfPFJqOji3ZP011T3W+9rmjJ8KvEdluci0ucbGVUG1vmI2/MwJBOep5J7HPOpDbfELw46/ZE1rTmQqwbT726hwAAQwWJ1PGc4OAMnqQAfVY/iGdRtoo30iL7Qj27TSqy7WiBX5T36Z4GRgZOBW/rvjGyMCXP9mX8fIt1mCnyC3lYJ3k7Sqg5OSPYdh6rweWTXtKNarSUY3vdpuWn3razSuvOx5cMTj4tQqxjK81eNk/dTXVvdKzaVkl2ucvoX7Tfxa8Ko1t/wlusSJsEYttTg+2AbSMgySqzhTg5I47ZJwR9J+EP27fE9nb28OuaNp2qbVWLz4Hktrs56sVYqp+XJ5GM4yOa+a/CD6PqWtSvqK29y32eR/LuYUZT8zAcEYVgAOfvEjjoceiXXhLwVqSox0dIpgxy8ThF5I+bapXnPGcEjqRw1XgMpzHF0pV8LjEkpSUIVne/LZ97K+unXuPF5tgsNUWHxGEblKMHzU9Lbc2q6re+m7sz6I1r9pb4e/EG40aJ5Lnw7q/nx/bX1JA1rtY+XtSdM/IATjJwOoJIJrd1r4T6u6Ra94Yk03xNo17bSTtPpt0tzJAJT5hZNrswdQSxUcg8HkkD89vH3gmys7ySHR5JIs2YcLIWcbwSMLkkgEg4x1I+UZrF+H/xg+J3wiuY28P69ewRkgTafdl5rGaPIBURvlIw4JDMozjIGMV4mNx1bC4udDGwU5RkoOpC2jtFN2XRpa3frc9nBYanXw8a+Fk4xklJQkuj5Uknq7tb3ve976XPsaXTYoNWi0++snubqKN0MV3amFgjqSxViFyQRncT8vB5GBXF3fg03MsclpOdNcXTxW9ndMfsxd5MAIwOBnIU5JHHGAc1654I/at+FXxIis9D+LXh1fDmtzYjXxHZKBbMxG0SO8eJQAxLHP7sDGOhz6vr3wHl1TRF1L4da7YeOtDE4vI3tLtH1C2iJMjfKjkAoONpG4kDg9azU8PV5ZUaiknZ20U38KSa23S1W1/ImeHldRqwcXeyvZxatHlXNs37vqm9n1+TseIfBMl/Bf20wt7mCa2tZ1TzLZpJFJbyiuVwcFdxJ2nIBHOeB1r4ia1rPh7QfDfkmOOyubwi5VVzIpDfISBwoXIJB+XHQ/w/UOo6dqVlYx29+srNaztAmk6lEyMA+UYqz/Mckkbh0GfXA+fvFXw/vFQX2kj7K0FzKwsQ4KuZs5WDnBAJIKkDngEHorz5rSfLF6JOysnyPqtLJPd7u0UTPB2v7JJvR8u13dd9b6PVNPRW3PM9EvLi10u5vJBG0q3LW4TcAdjnqcsOPmBA69AMCjUpo7yQfa4TavFCsiTxxtGSUGVbJAOWyD1A3cjivoT9mTwLoXiT4n+GPC/i21jubO4n1CW9s71TBDJIIZCsTSnADbyGBBJ6cCvun4Yfs4/D7x18adf8LXfh+0ls9E0xnS3e6YWPliN5DmXcTuSNML82CduBzisaGBo4ybTkoQvZTab1Vrt6X1eyT1t1a1dXEYrAUoNQqTk1F8ie6bu1r1s9Nb2V3dXZ+dPwv/aa+KXweaE6Vq7a74b37bjRNY3XEDwDIdI3lJkjBUFQMqpbGeQK+1/Bnxs+BHx0ZYLor8PfFszI0tvcSJbWMtwVwWiclIPmfBCuxYA468V+ffxN8K2q/FDxxoHgqyDadpXiLVba3slZ5UhsLOVkZVaQkFVCsQcngZxj5T5ZqPhe4imiS2VhKYEuVEO6KVCGYsV24OEIJBxk4GD3ry447EYKpKNOcqtJVHFRl7ykk4/Dfbp5/OR7lOFPExUqkFCryqcmkk7tRurLSSTsnfZu7bP1m8XfB3U7K3u7uext/EmlvKJ4dX08pOwiP+rK+WW8wBRkmPK/XFfJPinwVZPfLa233kjMqbAqyI+75lmTjkYx2JySc4GPPPhf+0/8WvhQ8OnJfS+JfDaOom0jU5DO6xr95IpnLyLtUFQh2r0yOc19qaF8R/gJ+0P9mw5+H/jpVQywXTRWkV1Io5WNty27qzMThjvOeh6V6NPEYfGWcnGlVTX7ubcbpW+F2bu10e/y05amErUnzKKqRVmpxu+qdmlqt0k02m7pNWPkHXdH1nT1uIGy1pJBFK8kSsU3x/dDsBhSCCW49TnpnlL6aCZNLjVUR1gKzsAdzDGFyx5JyCBnoSc+g+8/GXw01fSIpJUtY9U0l4RD9tsFMmUJ2hpUXOSRklgpXHIb1+bPFnw0mUS3miwmdktzuhiUnBAY4dSMh1YkDAyCccdawrYaUJXSbi9lvfVPRq+i21u2u1iITU1b3YO6S5et3F6bW1jZ2vdHg8Wkxm3VUCsHM+4qQWVSSC4II4x6jLDA5Ndnqvwa8S6XpVlrtpbJdWeoW0M8dvkPcCOUkCQqOTk9MDGCADuBrIt7KWxijt7pZVmMUnmKQVdG3DcrKTjB2nPqBnkZr608PfEHQtctNE8PxSLa3dppcdnM9y/7seWoCrHuO3exAwA2ORzzXBUwlCq37RuDUdGnbX3Ve3L0ve+17d7LrpVq1GMFTtJNpy5mrWSV3ZeS3aez9V8u+B/iL8QfhJrC6t4Q1rUdLuoXG+xl8xrCZ0PzRS2zhopFY5VgFJxnac9P2c/Yz/bp+E+oazAPiHoVh4B+JGrQnTbnxbaxiHSdZjk+UJclVXyHaQkuzERgnpxx8+fED4aeBZ/gCLpNPtrvX4x9tGowRRrdRzySOBvmjALRj7wUnP0GCfgaz+Dvj6+i1K58LaLN4istJsk1TU1sQ8t1ZWxOTN5aAsyKASWXj5eg7c0Fj8sq05YaUsTTdp+yd5q1lK9neztezST37WNK0cFmWHq08TFYaatT9tGcY78ru3e0k72UZNrTtY/rStfCXgu6tLjV9H0nQrgasfta6vp6W8yXjS/vDPFcwggStuLE7s84LV+O3/BRTQksPG+g3UUknmS6EI4zKWYusUzM2M5zyORkg447bvkv9nf9tr4p/Ag2+hR3t34h8NCdY7zwrrZkaWCPo6WjzbpIXVdyhBtUEAbcjI+/viN8Vf2fv2x/Dmi28OuN4P8AiFpEMrW2na2UgjeZojutZbklYzb+Z93DF8+g6fQTznD5lgpUeWNDExlF+zqPlV1a/I20mm9bNXXrt8u8jxOCxHtIzWIoTjZVKWrjdRspRV3F2Sba9356n5Q6Fe3Om3Omt5uxpp3cSbmJQE4KE56MQOuOCe2K76y1u9fUALxGntnjuFtiSM4ZvmdcdT82fTAJBPNS+IfhT4u8L6xY2t5axXdmt/cwW19p5NzaTlS2BFLHvIJByMkdOmSCMwRs09pYCJ4ruN7qMjBGxlZgRtA3K5HAU4Hbg5FfP14tK86bdmrtO6taH2lfmV29e3xPVnZgXVp1lTlJxuvdXd+62nuut9l1WmjPpf4SXdvca3beXIHSGTT4wAMEt9piYg9socjPHbPoP7hfhEyt8Kfh4Rgg+FNJzuwBj7LF1HXIOOc5J49q/hV+CnnR+Ilttgt2tpLTJcHdPuuI8nknBLMB83I7HOAf7ovg0274QfDpgQSfCWkYwRyfs0Zxk98d8kdeuK8/AKMsdjH3o0Xbqm5axd9V6afqd3En/Iqyttp/7TVi0u6hBX67NtNO9+jseoRsCfm5fI+vyjqcHGcHk9MDA4PD2TJDbPmU9Bt6E4I9eg/MHAB5qosm3aAQWJPIAB4OMA5OAc457HrkCrCyEnaxDE9SOw9RgHOAcEA+pPBOPVUoJ73189Gkr6d297XStq0j4nlkteV/jtppbe2qu7ddWIEALZYckE9ScA9G98HocdzgUuACWG0g4ZcjGTkLkjg8EEYI65GcjiTaJCQp9ARk5Y9sDpuHYcEj1xwoByNpwoHsSBjp16bsgcnjryBU2tfld0rarptb+vnsVfq7bLs0laPSz1klt2uu5EARkEAEc4HTBJ9cc8DnHrxik3YHfkdT1xg568jIGOMFc9OwmIJ4GMjOSOOQeACSMk+vfoTzzGV5bOM/dPOAeegI4A9xjI9eaxnLlkru/M/d205bd/Nu2qS0TdtFUYp6+nbVq1m9dFa+ttb/ADIyMHPLZyWBJIBPcHngZPAGR97jOKRlBAweSVJG0k4ycnow2+vf06VKEXJycA4zknC4PXb0OMdPpjpwbCpztOCVBHXavQEY6Y6AcgdMEYpdL80eifW6VldLS+qslqtHq3oS003Z20Stbzjazb+976Wem7GjGOu09wSf4c54G3jcMEEgZ68U+NcY5PBxxjvn9Tg57g9M9KU456bgDj0yTznONvQgYGfTrRgYJPBIzgEnceASMnjHHT0xxzjTkjLXnjslbTX3Yva7s21ro3ps72G9VyvR6b/Feye3o+/4DSuMHnDDkAfeIwOcnoMYJPHGe3MixqoUAnHJOcnPOehOc4zjHB56cUbc8nIycDODx2PX/wCvx05p68djnPBB428leN3TPQjnqDkVfKmo3qR92yuns1a9veXS2t27LRbIhtLZu6d9r7JdlrokvOz7oCq4GCWyfbHHrxx6DB6A4BDYqNhnAA5BPAyCSflGMnPPHQ98gY62AhC5G/d1GepP3RxnJz0JJ5IzxTVjJ5CtkHucH1LZPp1JyOhxkZrWMYy0claTWnu2tdO1tbvW19b6Xva5Cqa63abWlt3bztHRNW897pIgJUEAYYZ6YPGMNg5yF9uT355GWjcDtJ4BK4PORnnJ7AggZ+verojPzjaFVypIPGCMjI7DP+GDSi3JJ3AEHg84wTjkcknA7/LnuOhrTkptL3o/ZfxRaV2t9bqzVno2l20Tbny8r5XdtaqzS2u+lt3qrpaaq6tSIHbJ7H/Z69c55B9v7vbo1wAcgFh2PP3uMjGfwB6EY4OKvPAAxJkiHXOZEyRx15PT6jnJ4zmqkhtk3F7m2QKB8xuEHTOdwJ24z+h5wDmsZujCTc6lOK0SfMklqr7vr2ST1e+lqjzSacYybb1sm3y6bW3t6bdL6KE/KckZ3BuAO3IOeT0K/NjPBAGeyCTjHIX5R1IGM56nGc889gPTBqGW/wBLUru1PTV2g/M9/bKBkHs0gAyTk59BnBrPl17w7CMSa/oaAdm1O0BU4Pcy++c4LYxgZwahYnDJL99SWl786tb3W0/etror2Ttvrq9406rStTqPZaQlfR26Lr5aLW7ZpgBmAGcHOG542kFSc8E5B4xx1B5JqQAKQvPzZHoRnLevzYwecnpglua5OXxr4Mt8+Z4t8ORqo2sX1eyGDnk4E2VP8WSc4+9zurKm+KHw7gP7zx14YUrnn+17I9V95icnruAzjrwOOarj8NzKKxFGyf8Az8i77Xe601tv0b01OqlhMU7Wwtd3sm/Y1XZXjd/CurTXn0Wh6DvUDeGOOVJIJ+Xj3A4IyeASM+tKZSx2jKqyg8fMOAOCcFueSXBDc9uleRXPxs+FdqT53xB8LoFX7i6takqQAM/LNknAxxg55OTzWHcftI/BS2G6b4leHRgEZS8hfkAcDax46g+hGGx1rlnmNC6/2in0XuyTf2d73u9dPLfs+mOWY+SusFiGpWty0anLryvrHW219d99j3wTIBgEZ6DgnBOckjPrzxwTjtjERn2knk5IG4h+oI4A6DACjGM9M4zXzTcftZfAK1BMnxI0bgtkxszFug42kjnp0ye47Vz1x+2r+ztaEq3xBtJSvOI7aZsknpnZgsTyB0JOARwaf9p0ntVgvddmmmm/d1Vr62vqk92DyfHt3+pYl8zX/Lmpf7LtqrbJ6NW5ktLWZ9eicbiHDAY44AyRjkE56844J4+6TwbCMCCcYB5YDggZ4JHUg8g45GMA9a+Ibn9vX9neM4PiuaYAgkx2chJwRgqdo6DOM98ZHpm3f/BQv9nm0QMur6lcMzBEEdm43sewyOnUY4OQe5NbQzLD2V5tvTpK9rx1do9vXrdvqPIcyavHA4izd9UkktratPz7+rsn96ltwKnGV5xnO0HkYx2OATkHHYHg00Ebf4T3GcEeuVweA3UDHB44Nfnjc/8ABSP4DwMwhi1ydgBt2wIvOMYyxBHbI5HJ4+UGsOT/AIKX/CPKtZ6Br1x8zDkwLkqCTnJ7AnB7nIGMVqsYpNckaslzLWNOdrvlWvu+S2/Uw/sDMW25YZwT25pwV78tnrL/ABaPrpdrU+/fHfw+8I/EjwvqnhDxxoOneI/Des2kttqOm6nbRXNvIkqMh2iRWZJcOzRyRjcp4yDX8lv7fP8AwQr8R+Hb/wAQfEb9lRP+Eh0VpLjUr74dXLquoWMZZpZU0l2IWeFFz5cJDSHIVT0r9w5f+Cnnw8mjf7L4P1ghHKDzJYeqkHBHQZxjjkYJ3DNcje/8FK/Ck0yvH4J1Heo4fzkBwD9w4GB0x3XggjkYMXSWLiovCYiclytVVTaas4pK9k3bs0/W+h6+T/2zlcpRi4eyck5UKlWDhKzSb5VL3Hb7Sad2rto/gc8Z/D/xL4M1zUdC8R6HqnhvXdNlkt7/AEfWbSayu4ZomZGHlXKoxQENtcAqRk5OSa46AKkm2NzaXS8MhJEcgBx82R1Y4x36jOSRX9on7WqfsX/tx+G7iz+Inga/+HHxEigkbQ/iRoNlbJfQ3ez92uqrAqHULZ3Kh2l8yRF3bNp6fyy/tLfsifE/4BalPe6naf8ACU+Abi6lTRfiBoUTz6dcQ7iYG1CONWk064KbfMW52oXJABzkfM4/KsRS5m6dT2N1aXJNW1jL94tGnZ9Xy3bd90ff5fmccT7s6boYhNc1KUlKLatrSnHSS0b0Sa+1F3PAbZbLU0+y3oS0n7OcGKXA4w3Chjg55JJAI68c/rXhOe1LyNEXjblZE+bAzgNkE5GOxOT7nOMmK9uLT9zdobmHJCSAFvLzxu3A5HHcH0wAeB2Gl+ILq0jAU/b7InBguBv25GBy2XByBxjaBgg8Nt+amq+Fm50pOUesZP4tVZqXd672T8rH0SdHExUKitJK3MlqtIt3VrSTSSutHf3vePM4heabKzx/MFYlo2+7jgZwc9PXpx93jNdvpV7bXoGwJHJ/FExBy2DlgMZPHA7jOQTmt24stC8QENZSJYagxINrKVRJCFywBJ27ScLwOpGOBXJ33hy/0ecM0UsMkbBgVBKuqnhlbBAOOSOQR64xXZQzSNVclT3KtkrTVndNLd2urPdXT2WiRwVctlTfNTTlB3u4q+yTslfTvZtbtdTqvszofMCgoOAuCflY89ORhsA8jaBzkc0CFJdyqNpyB/ebrngnpuYHd2ByMgVX0jVkuAsN0fKkXCqzEgNgkAP0yc8HjnoOmK6BrcMNwAA6kxjG/OCp3YwMjPPGQcHAzXYqkZKzf466tX9NU9dVts9uJ02ndq2nbfWP4LRd9VbusltOWZclQ2SNwXgjbjBPTIXv8re+cHNG40gjLYBQr94gjaQSOMEdCCCCD7jtXTpCY35yQAG3KcdsEHsMZ5HofTJqdYhMrZU4wBsydpGQQAe4P+yPUkgZFNSlGTtJpLaN9deW7ff9drPQydKMlqtdLtWV9r20Wlu3n2svO305l3dHAO4EgHjgEjA5+nXg8Zyaqi0iZmVchtuAwXKkBSQV3AFTkYBGAOvqK9Dk02KRSCmSwJBbPAyMAYOORwpIOcEDkmsmXS5EDYGCv90A5XJ/It1z6gZrtpYqcNJNqz0ertoul+1ls9brdaYSoRfM0uZO26vb4dXs3vtfRd3c5lbFSEwTuG4KAMltueo6DOARyTzxkk1UudPaLLkFhjcOgZfmPc7u2cg9+T1BHWiD5dpIUjB3HIJbnIPQ9jlsEn7oySaZLCMncqlWUElgTlcHkEDqSuQByc4wT02jinJ2v52tbt59dO1182YOk4paa6apa/Zvu9Ov36Xa15G2fy3CyKcFlIVhuwvsccA4zgfMeB9LkkUFwo3AKc/LhTktn5s5Azg56njBIbrmWW1wd4UMATsCgAAcEAgAHHHTbn6cGhUBbGQAGyUy2SSRtBOCCAOuAeeDjk1fMlZ6p6acye6T2a66Xd/LXdzFRldbvRtWVrtK1rX6L+Z3bTvdMwbq18llJ3SJuZiwJHG4YA6Ecg9lJPToaIFIIl5KOMlScAD06npxwQMH2xXSssbZQgMGPckkZIOO4yD3HBOcLVO7stqb4lLAhsjsvOASDyOB1A9cdcHnqSTVr6SfLfTye935rV303HTumnF2T5ZRVkmnZat73b7t+rsSRLa3UX2aURxzKAsZwQGycAE8DP8ACrdOegyCYl1K60SQ213DJdaa52kNjdErfKWXHPHXIwCABnpjHLvbg7gzFTwyMSUwOvYkHHGc7jj6112nSWmrQJZ6iBuKhYbgHLBuRtk5OcHHB4OQBmvGx2H911Ixc4XfNH7UXde/G2qsrve3qe9hMQq9qVVxjJ2Sk0kpXaaun001eiuro+ov2f8A9pzx18D7l30O8XxX4A1IeVrvg/VQLzTbq0dis8TW0okWGQqWVZI0Ug8kc19KfED4SfDT9obw7f8AxP8A2ZruLTvEkUL33iv4QXV1HFqFjME33Nz4fUsr3MO7cwgj3NjgKOK/Le70vWvCV2byyJkspPmYKC0E8RLA+YvRTgH0HB5AHHfeD/FV9bala+IfBGuXfhbxXYMJwlncSWpkdDkmIhk3o5GDG2VPcbRWmU59PDzVOtVdbDXUYzesqfwrll1TTvr3WvRnJmeQqfPUw8IU6ztKULXjWS5VdaLdXs1aSSS1RwWrajrmhatdWl3Dd6ZqVjM8FzaXKSQkPE5VkureRVZGBBQ5AXIwO1Rm6ttcfz7N1tNWVVaWEviO66EhMMOTzz26gV9U+KvGfgn4/W66b8SbeHwP8V7ZBBa+Mra3itdN8RyIAI01uGMIizSEKTcquWyxY85r458X+BfEPgDVfserwsq+ZvstWs5POtJ4yWMctvcoxjeNwqttyXUcHafu/e4bMoVOWUZudN2cWneS2tzR1drdr30t5fGVsJOm2pR5ZK1492ravV383e6tqk7n0n8H/jx4t+H+p29pcX0trDDKgScFmCHcP3VzG2UkicfKW24C4J5Ax+t3wz+Nngj4lNY6VrE1n4e8SXMKBZpXA0fWWI+UiQHZBI5OMlgeSCSSK/A7StdsdTKWOqFYrlAEiviMMz4wq3CkZKMGGXwBz0Ner+H/ABJqnhiWG3mka4tEdJLN9+Y0YHnypUPG4fdBK4OMeh+nwWZzjGMOf2kNLKTTa1T3vqls77b9jz5U4ufNJOE9OWUXva2+iUtErJ3eyfdfvXrHgvxB4dvY7vTJJrFyVnsLqKUhY5lO+OWwvo/kDZKlcPggDPNdro/xK8IfEqW1+Hvx/Q+GfFEafZPDXxStLVIRJOxC21r4siRds8EhKob0Kx25LOcfN8Rfs6ftjrpFlb+HfGkbeMPBDhIbrT7wh9V0cN8jTWk0n7wrFncpDHKj0FfoFr/w18C/F3wgnif4farB4n0UR+YGgaNte0Jipc2+qWQJmmt42OzeVZlCnHA5+goYmlXpuVOajUT9+lLaSdr2u03vzL56nNW0klNLld3CrG9uZ8t09+XfVPRt2TT2861LQ/iz+zN4jvNmn2niHwH4hjcX+kylNU8EeNdIm+9LaSfvLeK6kiO+KWMi5ifGCCCK8j+InwJ8JfEzQtR+I3wBgldbZJLrxh8K7yYPr/haZQWlutLjLebqGmK+4oIg8kaL82ORXr3gj4ueLPg3ZyeBPiZo7fE34JXsz29zpkubjVPDaH5GvtAu5N09tJbqQ5tCyIQu1VOa2fHPwem8O2+m/Hz9mTxbeeI/CiOLpNQ01g2s6A74eTR/FWlRHc1ugJjkMyGGRQxY81hiaca1Nu11HeFkpQtZXi17zS3e19L9GZ0qsqVS1lHm0TV1TqX5eW6fwvS2qUr6xctj8QviZpt5brIPs0kUkcFwkkboyssiBlkR0YbkcFfmjKqRjBxjFeB6BFNHHGUUI+5twUEDaWyR/e5J6E5GcHg1++Hi74aeAv2w/D9/P4eg0rwF+0RZWcw1Hw6VisvD3xEMaFZrrRj8kVtrD7Sz2yhFlkLBQQa/GrxR8Ptd+HHiHVvDHiXSrzRNd0a6ltr6wv4JIJoZFlAJaJlQlH2nY4GwqMjI2mvNrvkpp2vH7Mkt5KytNa8stLNPp9p9einyTqylJtSvaSe9nFJcvdNJ66XbSdncwZzbm2kgkXzS6qXicZRhgB2GeQMcHAU9T04H1z+zh+1x4p+BL6fpGu3N14p+Fs06rcWUkhl1Dw2CwDXFk7EyNbRZL+UTtAXAwAQfji7uUt53eVgzCPb5fJAQqe5xgjdyScdMZGDXmd1q9yL6WSGeQWqr5bx+YNrIWBZNhBB4yM7euOhAFZYXMK+DqxrUpOnKNk0rxUuXlW0r32Sl23WzJxWGp14ck4p3lfmSs0nazbe930vonfa9v67/AIe/Ebwn4/8AD2neLvCWtWmq6BqkMUsV7Zyoxt5SoJhvYgS9vOv+rkVlB3dPUfRHhXxTPZz2zTMWEZX5gWKOrHgE5OVIwMZ27VGcgk1/IP8AAj9pjxx+z/4hTVvCF5JeeG76aNde8J3crPpl9bDmcwxNlbe7279jxqCSeT8xI/ok/Z8/aO8F/Gvw1a+IfBt4HmEcY1nwzdyKusaNcY/eZgB3zWobf5cseVwcjkmv0zKc/wAPmOH9nVtCvG14y0U2+VLlu3pbdbW11PlcZl9TDSbS54aNSSW7aWv8rd9Wmk/uT+VP2+Ph54g+F3xOuPi14RgW48H/ABAVX1vTpIzPpb6kBi4jvIirRobrllcqOnJOAR8jeHfFPg7xN4c1TSrzSB4r8GSK9x4p+GeouJda8PyuPn1vwPeSkzJHCT50lnE2xlGxVxkV+5PxZ0fSfiP8PNR0C9hh1SxkR1ezlVTLExRiske75o5IyBtcYYj0Jr+ff4j/AAg174XeKpNV0G6nSztblpLG/i3+daNv3fYrtFB3wv8AcZWDL6jrXDj8NUoV41oRXsK0rxUY35Ze7o1bW+rdtNb26GkFTrYblbbqwXK0+sUlZ3utbac2jVk23svsz9nOSbwDbQaHZarJ4y+CvieZ38La0yqLjw1csdr6ZqcAzJZXMDERzxOqZZQUUgkH0r9oT4dXC+B/Ejaf+9hfTGul8lNwmiA37ogPvORgsVyMjO7pt+aPgH8RVsfEUV4bONrTVWig8deC4hssLxTtUeI9LiJ2RXyZ82VYFDyMoyTjJ/amw+Fvh74geBrePQboTxyWvn2TMfNSa1kX5YZfmY/u8lHRc8gZwc1+tcL4qOJympg5yioypSpQbbag5xSVt2kr7NWSvaySPxbibDPB5vSxqhJuFeNVyasqnJKDadrWlZbq0WtbJux+OHwrhitvh7opfyoytrMJI2lVJEUHGSCQFy2c5B9MDIqnrV9ZG2upPOt0C2N4oZpwFdlgkG5eRnkn+L+IHIzkfZGq/AjTfCt1qmm3ukyW18kl1i2O8ReS5LpJAo48s9c+mSOpx8p+L/BmnwtqFumjqEhsboEM0hXhXG5MbhkYBznKgDcAa9xQxuCy2lRjClKNLCuDnzyd+SEfeSSa95KTdtNettOKNXB47Hyq+0qr22IU4x5YqzlKLS1bvZ6tq2t7Hy/8Gp7FPCk8kt7Y27Lr+osIp7qKMsvnHEiqTlkPIz0YYGAGGPYjrOixSqZNZ0sDYFH+lx7uV+7w2DjoRn26ECvM/h94E0dvDguLnR1leTUL3bIzOFRDIwGBkfKG7Nk4OcFga7ZvCPh5XVYdHtGIUyEyRM54U5+8DzgsUIyMZBJY142T18zhlWEhThhOT2N05yqt2bcrtKFuZq60el93oz28zo5fUzLEyqTxCk6sFJRjBRuuWKSbk3Z9L2flex89fDLVtKi8RfE6a61Oxt1uPFErQNJOoMqAKoeMBssuPTI+Yj7uFHrI8TeFoo5lbXrMyFfvKWmOAQ3y4JB+X5T/AHcdPTzD4ZaHpkmq/EHzNGsp5LfxVcJD5sKMI0CrtVAykqvLcDGCcgcZr1qLTNLKSIuj6SsqAMy/Y4twGTuGAvTAyeBk9+tLJP7R/s2lGnLCxTq4hrnhUlJt1pauzSSu9Fvr02N84pZfLHTlJYiUlToK0ZQSSVKnGKS1drLXrdnzlPr+iD4+HUzqm7TW8KpCbhYnO6UMT5axrkknOeMgbscjGfbv+FneD4oiPO1GZchFWDT7thlcAkYTueDjAwcHOctwD6dYt8erNDZWwiXwgHS3S2jVMszLuCbdobkDdz05OTive4bezjZESxsxkBiq20YK47ZCYHABGW7eiissmWYQWP5K+Gg1mOI526M5vmk6d3rUS5Wmmk1e+jfVTnKwUvqDqUK8rZfQUEq0YrlWjT/dt3vfV2Xlc+TvjP490bU9S+GpsINT8uy8SRXVwZrG4gIiDIWEe5cySZBIVNxz2+YLXtyfFrwvhvLsPEFwxkIOzTbpRwBnH7vPzZyDyCDgY5Ncj8ZYtviD4XpKir5viQEJ5K7WC7eDtUDGBnLDoCOBjHuKXEcckqlLeNlc7V8oHcBxg4Xr3yOucAjJrTAvMJZnm8Y4mipc2EVSXsHaTVGNvd9pZPlaW7vduw8asCspyeTw1VxSxPs4OvZxXttW3ye9e2iSX3Hyz8cfHVnrXw712x0/Rdche4ktCs1zZzR26k3CE7mKA7j6Elt3XHFd94V8ZXlv4d0K3HhHXrmW30XT43kO2NHZYIwHTKj5CRkH0xwc4pvxtmeT4fau3nARm9sht2oFAFwpOABuOM8E7e4B616v4fdn0HRSs2Auj6flgo3EiFMfMoP8AwFHQ8AZJooUsZPPsXD66lKOXYVOUKEEnF1JaWba0enW7ur9CMRLCRyPBy+puUZY6tywnVnpL2VK8m4qNk9PdasmtrXZ5h4k8UeIrzQNbRPBOrRI+l3ymaWeFQkTQOWkdW5wu45A3HggAY2jyb4Ka54otfA+mQWHhKe/RLq+IuTcxrHNvnZyFXdkFG25PTJA9a+lvFUksnh3xDvnWJRpOoBSrtuwbdyRgkHk8cnIz3xXkvwEQD4e6MyXG9I7m+J8x2U7jO2CATkgDBz35wB0qK1CtHPMHCeNrubwVf31GmnH36d0lytO9tb7dNxYerh1kOLmsFRUY4yg3CUqjUnyyfNJ8+ttV2+5M6Vde+JMm5U8HWcSESlfNulyAyMNxGQMjO4L1BHBxgjwT4J6l4802b4h22m6FY3TS+J7ia+ae4IEUzSNmKPDMNvUAg/d2gE9a+0I184MJJUQruClSXJD8hcdB+Y4zk56fO/wUgUX3xNWIBwPFsq5dgOpcZGOAO+Oeh5ravhpxzXKFLG4iXO8UlJuknG1JPS1NJXdo3fbtqTg8VCWVZovqWHjGKwzslNxk1VSXNefM7K72S+VmdUb74rXD5fR9Fgj8sqC88rbVOWGSGyT1B4xgYwCK8X1FfHs/wActLVJdDt9Wi8KylWCyParbtIrMD1Jfrgn5VY89Sa+v9trax/v5Ii8kQ4ZjuODjpnkcAHb2/GvBNTltYf2g7KRTbEL4OkBAAYZLp2HPzZAJ7kgYPFb5thVGjhFVxeIlfMcJG0qi9281reMbppJNO6t0szlyzFN1MXyYXDQSwGJk+Wk7yahHli03qntKO3fQ6hbP4q3AG/xBo8K9D5cGSqggKBn8sDtx6g+VeNdL8Zjx38Nor/xBZ3N5NfXS2U0duFW2bbzIRjEhGON2V4I5OM/Sr6xBGkqpHDkqwLKrZ3E7hg7QAM88YJ5Xv8AL4z41vlm+IfwrkMcZKahdZwpB3bTj5SCT8pIxnp65NdGc4TDxwC/f4mpJ4rBp89aclyvEUoydrpJpXtpdbqz0OXJsRXnjpXoYaMPq2Jk1ChTXLbDySWz0vrZ3TvbXrvTeG/HMgIl8ZoFQOZDDYwEud2B8xTggKDuwTjqAuQPK/jFoWv2vgLV3vvFd5exmWzjkt2gt0XmePYSyAMSDyOM8YyQcV9F3Fw7T4S2kETSSb2RZACN3JIx7Njvz+FeQ/HcZ+GevSqk5VbjT2jxCwGBPGMFyBnrwCQcnsOuOcYWjDL8dNTrNxw87c1eq02oxa0crPz0309FlWJrSzDCx5aMYutC/s6NODs5Rd01G6f+GzW97J239E8Harc+H9Fa48d65htPtWEMCwoI0MMe1AUIbaoIXk5wM5JAp2sfDpI9Nv5X8UeIbpjZXT5N4yA7YHyCFYDBwAf0xjjqfDLajL4d8NmDSbh2/suyxIEfDDykyGJOAPm+U8jPXGcDS1ltZXTtWD6W8EKabfMX2hn5tnzj5SEUfgeTj29inhsF/Z8JOMm3hI6utVdm6MXdJzasraaqz0a7eTPE4yOOmoOKX1pxbVKmm17XVXjC+qVtU36anyV8F/AGi3/g2K+vLzVyTq2pnbDqFxbodtxIAxWNwNxwDISOSW+Y4Br1u3+GvhEXyOYtVuC0yl/N1O8wcc53GTOOucYBz6AVxPwIkv5vAtusGmzXKf2vqeXLBQSbmXdwcDIweBjkMOD19wto9bNzCBp6oY7gLiZ0A2k4yxJwQOnU5/2RXzuUYbCTwGFlOkpyUPtpvVvm3d46ab9d7WPoszxOKWNq8lVxiprSNrqKjHXr07q/ZJHy54U8BeGtS+LPxKs7y1vWtbH7O1tEl5cKAzdy6vmRzwAST0z9Pdo/hj4GiSCQaO7sAAfOubmU5GSFJJJPJxnpjPJGc+Y+FLm9h+L/AMVfJiiadXtRMkkiLECFCqIjnYwUe/HPRjg+6Q3msF7V5V0+M+WSgkukC9FADjJAPGRjgHJJJ4PVw/HAfU5qpRpNrGYuL5qcXp7f3UpPSyWi9Hbo3zcRTxssXD2VepGLwmEdoSkpXdGClKyel2tWul9rHhXxF8IeGovHXwy09dHhhtrmXUGmjVyfN2RZXcWG7hudp54x0xXpsfgLwmh2f8I/aMS+1f3aOVBYnJLA8HgEg5AwOmM8L8Ur+7T4h/C2VvsVzJC+obkhuITCpZFA8xxJhCO27qc8HBx6pHreoCWRvselxKVJDNqluFDE5LEbxxnpkcZwDlTjsyyrl6xOb89CjyPG01BOlCaUfYUdI3TSu7txva7fz8/MP7ReFyuMa9W6w8+b95JNt1pbq6V9Unda6XvY8V+OXhnRtN8K6e1lpFnZiTxJpUTPFFGjFDcxh1LABgpB6E4IzkHHHpyeGPDzwW4/sPS/+PS2Du1pEWfMak9AS2cliTz04Pfz3456vLdeDtLR20wgeJtLcpbXcMzACdNxcIxYKud2edvfPb0OLXrSK2jMniLw1ABaxBQ1yruoESqVbYSQRgkjAGfXHMU62ChnOPcoU40vqmC5V7ONldz3urJvS7aTv3RU6eOeU4KEZVZVHicU5+9Nu3LSS1d+t7N31fe98DxVo+l2ug6/9n0vTY9mj3nluLSFGUrA3KfLndxn5fuZz6k5Pw8tNLHgXwszWNo0zW7PJIbaN2f5+hYqx9uTwM49o/F3ibTj4e1/Hivw/JI+j36iKPzJHc/ZnCxxtgkM2egPPHtjkfhx4usP+EM0CGTxBolqEsCGguY7iScEvgs4QYXg5IYZxg8AHOUsXl/9t0ZydJU/7PqRi1GNnJ1adtk7WStrsr3LjhsdLJq0Y+29pLGU5/a5lBUpJ2erspNNrbR3vqz3zTLSyfUraWG3tYUWQ7iIIQhIjJAG4Ag45546ckmvKvgY6j/hYKsIyy+NtSK/KgyPNk2g4yQoHBCnA47jNdVo3jHR47mFbjxVojRwOzsq2d47OWGF24jwRnsW6DOcCvI/g34lg0y58dK+pafGL3xfqV1C89tdSB4jO5QoI0ZlByCFbDDgnIIAMVi8Gs8ympCVOVONLFNuMU/fkoJX5Vq0rrZ72utSKGDxMcnzKk1UdWpUw0veb1jGV5We/TfbW1+/1c7u7+SwERVA48tc84yDnGAp4z6ZyBivmTXFaH9ozQGkLMf+EalIJA4yfx7tnjOOmeBn2AeO1eZmi1XTsbckrp1+3U8qCIsfhnsCPWvCvFGtqfjZoWrvemRh4eljxaadeCQkuvzRwyRKzjP3jtwWyMgnFdGe4+jVwuEjSi5OOPws5Wjf3VJXjbTveyvrtbVGORYOtTxOIVTd4PEQiuZPV04p7uyvZO9rLXd3PqCJ7lgFUsqhyd2HOdwJAKtxjBwc8jsAMGvIvjhaTN4JV2UMF1rTmLEMS+Z429egycADIzgAZzXRQ+KbmSIi3t/FM79misY4k5XHHmIGABPIPIHtkHz/AOKGs6hceEprefTfEkYbUNPYTX6WqWkR85du3axdnI+VVwcHA4zWWPx8Z4DFwVKrzSozin7NpbRd7q60e7drJKy2tWBwVSOY4WUqkbRrKXKpxel9lrq91ZK29tGe/wBkJ/smmukSsDY20ZYgEDMK5BHXJPU8YztHJJrVvLWdrK5BiiQmxnBYksABG3r1AwcZPynJAGAT5XaRau9nAsmheLJCYbfaPtdnHG6CNSJEXzAwXa2VBGcZ4GcVoXuneIoNOe6/4RrxE0JgeI/adTtlHzo2W4lAJUZJABDe4xXXDMKsKFJRw9Zw9jBScU3f3Iq8dF83fu+rOWWX03ipyliaSbqtpOcFb31bVyet3bv3P0s/4IzKx+N/i+GQptk8LTqjDbt2wyYY5OOm7DFgTnAycqT8I/8ABQP4XeE9c/aJ+Nh1bTxNJY+KdSvLa4hnNvPDK7R7XDIR0YAgHpxg9a+i/wDgmRD4y0f4oqvhi+i0DVtQ0fXXLT5u4pI0uIfLtpzg7RnqYwCFPXHNfOf7bXiBdC/aL+MWheO9ctrfxHfXUV1d3sdvKmnTPcmMJ9mZ1VEVlHzbue5J5NflvDscPHjrOFi+VU8RgtI1HqpKVNpu6snaWul2t9Nv0jP/AGy4UyyWG55TpYhKTh7zaUUm2lulpe19F1R8j2fwE1G3ihuvC/j7W9LnurSCVbS6uHuLeNWTLKrFmZcdh0GeAdwzzPizSfjN4O0oT6hfWHiTR7TUrKY7S4uGkSXMKsrEsNxOXYLx0AwK+ntH1TT5bC0uNN1HTbwLbW9uyw3kckhIQK21AxZDyO2RwOxxzHxHuQnhC4aT5WGoWWVBIdMyjHJxwMZHTk+9frs8Dg5YOq8PiJ0rU006dV8v2X8KdtdH0WltNL/mNPMMS8XThiMNTqNzhHmq0YqSi3FO0rKSdr633tc81tPj+1jNHB4w8H6zorbUd7mG1mltVUxhcq6oeHA3AHgHgZGa6y7+KngDxXYaHDo2vWn2pPEFo7WV1IIJwFkyzFJirBVAPYrnGRlRXoYFjqVvbx3EVpdRtbWvmRzRRShiIVGSHUjDHqTwCcZBzXlHjz4X+BdT0xL2XQLO0uP7Y0+I3din2S4VHmZZPLaEoQW5PBHI5yDwqrzXDYWfJi6WKpezjJKrTcJq3K9JxbTVtE3q9/N81FZTWxtO+FrYao6jjelPmp3bUW3GaTtfV+9b5b+7okbtPcRSwzbjhGgcOrFwCOULjOD79OjdTyXiSCSObw2cbyurSPgY3qVXPB/iwdpODwecHivJm+EepaXMZfBXjzXdHG7MdrdSm8tVYgEDMrsSMjvgepPUUNZb42+H38PvqK6N4wsodSYWy2LG31GV3GAHLYTBAyDnGeB2y6uaYtYdQxODqwb9k3UpyVWnZShKTkklJLvo77vzijlGBljHUw2NpzSVRKjUThUcpJXjeXuO7681t9O/rN5dHFyuCAZmJ+98oLlckEcHBHzDrnjnFdh4JZkbVGJAWO3dyBltxMJUA59OSckqOc46V82X3xWGmecPFPhDxL4flMpV2NjLe2wAYsWE1sjqE3d2bgDGCQ2PTPhl8TPBurS3sVlr1g09zHNGtpdXCWlwNkJP+qn2uSMHKYHQ5PSt8TmeGxNOrTU4p+xmuSScGmoaJxlbrZNrpfbc4KOSYmhiqdSVKVpVovng+dK8o6qUdHFu719bvU/HbWZ5JPiN4raQ4R/EmrlmHysx+1TAjGOme3p7HB+wNbs9JWDwe8MUAvG0CwM02QZXP2hcjrnhex54xwAQPjnW3aXx54wkVVaJPEWplGAyGV72VfMXAOQwOeGPHUkcV9RXSRmTw5MJDmHRdOBwGYKWmQHhu4B474yQOSa/n7ETn9Zk0lrVnFa9XJWaVrP5WetuyP6Cy5zhQ5U/+XUGr6PRRTdrtNJa2vpZn70/8E77S3XwX8QBsJB1vTJQHBIGLJBznrjkEsOCexxn8wv2hIxH8S/E88e0sPiDf8YxgNMyjkYBIzgepAwOw/UX/gncvneCfibsLbobiwljAG4krZqS5BPQZyevTHXIr8r/AI6vJc+PfFEzSAlfH04xgKxzdsueeAueuPT1r0cFUk6lek17vu2Svfprq7dfu1LxU24RXM2k007e83o931TVvuujw2PTE1DWLKO6lKSPcaosU6sA4fc5VNwbHBwSCDyo5FWdNluU1HUrO4ieNyLSGQSBszx5C71VhySDwRweGX3u6fEf+EhsS43mLXL+PamGCs0Uj46dzkY9fQA5NW1mR/Ed5dJEsk1ubKEKVHyhGCFMYAIYDBPOOpBwK2jdPkg/e5m73fvO6+/pfTpZq1jlu7qTfS601drJvp8137X16b4gKEsdCjgZgI7O9RMjAQIMDg8ggAgHjb6nv4f8YZJrf4YWLJIVkWSyhYkgt5cvzkZyOCwx948Hg5AB9l8XXRvbfT7iPdlba9LKQQqOyEMoJxt2npxn9a8P+OLkfDXTEkGPNt7SYbT1McqDJ7E4IDdMDk5HByxCcY22ta+t+XbXW7s30T2ur2uhraUr2UrqPZqybstGt1bqtel0cv4BjRUjYNxLbxFmVQQXcANz90nvjIBOe9SePtNlvvFVvYQ2z3kjabbNGwk8uNcjkuCwLKMnqcDtxzUfgbEdtZMMhDDH0wF6DAPbknJbB5wAONwl+IK3i+OrV7PT7m9C6PAg+zzPAqNt+8xVhleg5IOMgZ6DizlTeWwlGUU+aFm3ZXklr0TS0vrubZYlLFRTi31cY7tOybsk/s7adfMxtT8OvpVvFNfz6PY7o+dw3umRg7juJBI/vZGDxlQcetfAbxXB4G+K3w58aaPqWjahrHhrxJYapptveWXm2F5Pa5YQXMbJiSIZKsvJYDHDYNeC6/qWpGy8m5sIYUdFSR5xLPImOCVeRSCQp4wWGSQeoq18O7m+sPHPhKeKWOayg1G3YlrdVjRzgMCNoPIOcgMMjqRivGyfKIZtXw+Hx9WU8NiK1OhWhSaTdKo4xk1JNNJpv3nZ3v8APszjNHl1KtVwtKEZ0aLqU5ztKUakY3i2m1e0km21bW2vT+rRP+Cqv7QkUCPpej/DiO5uL2ECO2tbq3t7dVCIyxxKqAkg4KgZB7AV6Hqv/BRH9qvVLBkhvvCtjHqFnNDeWcEF+yPbXcLx3DKf7wR22n5lOR1r8jvhnbXfjPxTo/hyxuLG1uNe1BbK2ubi3LQ21zcEBbg7VZlGerA4wMHIr7+8V/s7eP8A4cWJutc8SaLqV1c2F2mlLGLyJGNrEWMca4Cu8oICYB+YEZHSvrs48I/BbIcZh8PmGCdHGYimqlF1cRiantFG3M7800nfZOyttoj47KuPvEbOMPUq4fEqdClUUKip0aMIw1Svfe6jbbV31ON+HP7Vn7T3gnw5d6L4N+I3/CPeGbTX9SmjsYbOO+e3mu5jLM4mvleVIxI7EIG2qCBxxjy/V/iP8dde8W+JPEth461C88TeIJbeXVr6y0yDz7oqRsMgWPaNpO5cAdBgZ4HqH7N/wC8a/Gb4f634g0qTS7CbS/FF9bTafeSzO+pzW0u2UlQSkUa5yVlxwckZ5Fr4qeCPiz8F/EUto+g6da6jLaabJZzaOGvLe6e4fam5EyY2yBkMqgnIAPIHgZYvAelmuKyunWyenmtCTpYqjWXJW5lyuUZ+0ilL7Kau9bXufRYjBeLFbBUMy9nmksDWjGpSrUZScJJ+7eMabclJtWs0rLQxpvEH7WV2sNxefELx46W1jcTxodPtFiCJbnKFXUfKyhlLYAAIBJArR+Do+Pi+H7HUtH8UeNtLgtr2W9jS3s9OEf2i7upVuZ0Yp8rO4JGCRk+p5f4j8S/GiJnj1zxBqumzto96bjSYdEmEkBFmrMrAx7lR0PLjgYzgjp8/eB/HnxgOgG30rVvET6VAjO5eGVbZYhdzEORD+8RdxcfMFOAfQmvuP9WvD+qofU8FlGJpTSa9lGjNXsrXjFPo3Z6KzdujPj6mc8Y4Wc44nE5pQknZOpKtGTjone6TstO9tmj6v+NX7QfxW8C/C7xAsvxL8cN4rvNQg05mupLMBbaZtk6LHHyC0ZKkjpz0ODXgfgvx18Rn0ZLfTPiV48t7aF2uksrG8+zQ2jXECTTSRKhUJJJM0khYfMdwBBxmvnD4ha5f6zY6jfa/rNzcu8bTxwHz3T7RE+Gc+fk7kweVJz9cg6PhLUJH0+We1v7+JZ7LewSWRAwW2QA8HGOMc9D75Ne/kvCPCzdWNPJMuslF+y+r0XFpWtOS5N2ndvdJ7a6/P5lxHxDeHPmuMvJ6P20+ZLli1d8yb1u7ej3SPbZvH/xT1GaWHUviF8Ur6KF5UiaXxRfrtXaTtTFwMKeWCgAAngdK828T+JNSk1rydT1nxzqOLLTAZdU1+/uhDKb4bZIBLM4SVBgpIMEEcEkE1yC6xqCSAC8vMl5ODM2eFAHpnpk5xwf4e1KW6umvJPOu5ZWkXTUAnKyYUXhyQWOFJJ6grg89PlHqYjhfh6lS54ZLl0JXV5xwtFSWsVvy3TT002Sta23jYfP84qYiKlmuNnv8Veo01a9viabT/LW2jPfb3xD4zWymmn8WfFBrGAeZBIPG2rxALHENvK3QKom0BR0UDHSuZh8Wa1q0Vp5/jH4hutxdW6Olx491pyMsuAVa7wVboy4HGByeByN5NfyI8B1S6MTC4P2RnxG4y3yqAQCVyThRxnt0rzXEq3Eex5V23lsQQRwQ4CtgE7eTn69DjJrePCHDcadOf9jZe+aHM2sNSu2kra8kl2dtel0c0uJc6lVt/aGM0qci/f1Enblasrt7PbR7XfU9jknmiu7lxrviJFGstbtHF4m1KKKQHIaRwtwFeQgZZiMsTnJJrcfTLEzOLi8v7iGUbGluvEV/MGz97JknYcE4BzxgngZrybUNPvGsNSmzKI4tTVgw4Ys0O8kMPm7jcSOSQQetceIp2GPtF6u8AENM+0jGMEZ9R1IA7cZyO3B5HkEaPJ/YuAm2lZzoUbx2Vr8ivdbNbbX0Zljc4zR1vex+LirK/wC9na75NdWr3s7W6I970Dwx4OPii5tLnTfDd8kOnzXEP2pIbmRpFjZhuMrMZWBz6v1z8wrPs/AXhTTreTVLyx0exe9e5nhsruzhhs5Y1nIV4xIo8xCQMEDGFxg/LXnXgCymHi3SWMQuHaWVVEkhUzAxthCQckAkdcdejcCvoH4h6b4P8R/Bfwe00bQ/EGw8U6vp+o28d8Wlj0RbhvLKw+ZhYlIABAyCcdSwrxM0ngssx2X4eOVUZU8XiFTioQjGMG4815WilZKLSTTtvtq/Uy2FTH4DG4mWOrRnhqTqScpybkk0pR+JPn1vbqle1k0cUui+BZLkS3SeDrd4UXb9nsbBgxz8qv5iH6AgD36GqVxc+AoYdemVfCjXgtBFYLDZ267pVZWBiEYEYkypYkYyoJGNox5l/wAINpNtPK0ZvJPlA2PvPQfNjcNvHX8M/MOKhj0CwtHRhaJt3+YXliXIIDbcbQc5H8J4wT7Ee39ToyhKSw+Hg1GTjKMU2nypK7VtFrq7JWS9fCWJanDlq1JqU/fjKbkpLRK9paJp7vS++m/otx4l8ERWEc4i8NzXc9iqXIXRkmk+0RoUc7vKJ3FgMnPJHXoa87k1jwvFBLPFbQzSSSruSDR4lADHB8smL5ccYb5cHn0rf0mzt00R7iS3hj5uyJEt1djyOpYdtpAOe2OMADFa8gTTJWUMxVoiQIwFOXBbHUlSOPc8nIPOVGk40FJRp3jTkttWly2f3rtvu1saVq6hiIw1s5JpczVruHrpZ7dXe2wtrqWnTWwSLSJ7ryLyUxGO1hQgHB2EsvLckHIUDrgrjGNrGu3dkZ/svhpo4Jkjy7yxxyJv+ViojVTxnO3AH5ZrrtGtTJp80yGXDajcPxgBV+QjgjA6gbT75564Hiu3QRxuQzCR4TuLkAKG5yB/B1PTB6D5QcdkYN4OLl7OKUE7xhFNtq1rvVbtvb110idVLETST1kktXZpqKSjurXX4dL6YPhzWZ4rK4trbRftb219L/pLXADfNhhEfm5KFiM4JHbg4EF542v9P8RWc02iSFms5kSAzg7ipHzAsTgKOeAGwfetjwTpv21NYjs7ZrsjVJwhtWIGByTwADtGOc5+n8WD4u0i7tfE+kRrZ72NjOfLYkTR7iAxOeqjI5PA/HIxfP7Chy1F/Eio2jDfmWys723+a3sdSqKNWolT0UZO/M7XtGySei+X3bW29X8e6ncXWnXMehMgtpYnAefhzJkEAZ4wcY6YORwOuf4j8f8AiLU7WTTm0eGIXBxGXdWfEJ3dSNu1s87hkdc9Ks6h4avprywEk1nZIZLMPFPOQ6lx8u5AQcZ+UkA8gepNU9f8PX8T2tyY1iijup7VnkaRGLhefLU4YqRghh1B+XsaibvUqwliY+0b5eSPKpyVo81o6J8i3a03d1extCnVaU40p8qs+flvGz5U943u+miZk6B4417T/E6X66fbxzW2jyW6xIGClCGUMVyQO5XAHJJzkirM/iXWJp/MW0iWW+bcSBnezOxJBLE4UehHPXrznabYSXPiFba3gnuZpNMMarCjSPO7O6rHDGq7pGLHACg9ASOTX0fov7M/xHfTo/F3i7Sl8DeEbO0aYap4jdrSW9G0yJFYWshSaSWXgKUGBnB5zu8TM87yXJKUHmea0MP7WfJSpTlH21WTcbKlTinOc29lCEmnsr3Pdy7Jc2zibhl+CxFbkjGU6kIP2UIxau6lVxVOHRvndradbHzfrOoarOsIFmnnRxzBTlOFAIf5fcepycc/dxUXhtbu10e1Y6ZLKG8yRmSMdXkYlhwcqMgZH4AcCvY5/hR4y8RaZrPiPwD4Y1XXfCPhyxvJ/EfikwSR6XpaRKWYyXLLsdmUhtkblhkZHSuj8G+DvEWu6Zouk6Boz6nqs+mRz2FvAWMmoxyyNxbxqNznDZztYEn15rLD55lFerXrxzKjSo4ei1XlVnTgqLcI1FGrGTTptws2ppNJ2aW6dXJcwpRp4d4KpUr1KsVThCDk6r+Fum4/HronHR/ifPkmryLcW7rpM24T7A/yLnnBHU8nByOuDT7nXZTqejzf2VeoIL+feQhCsWhCgKSACxzjaOcAbegFbXjTwV438J+JzpHibRL7w7q9lqCM+kX8E1tKVfDqQJkXehHVlyoPHB6e22Pwf1jxV4R8JeJvCeuaTq2vXHiW8i1TwddXEVpf28UVv8stsrmMzB3yBgMNxUdRzFbP8FhqFHE1MdSjhsTiKVKhiUo1KE+dxaqKpFuKg0venzcqdtVdmlHI8ficTUwtPCz+sUqU6lShKKhVUYqK5Ywa53OP8qTaS5rHgo19Z3uZf7M1FXNz8yleQR91cgAZx8uCScYyec1qz6zNPbPGmm3zAwMB8oA6HgkjIB7c9PqTUWrLquhavqmkavZ3Wl3ltqDJcWdxC6PA6nnJZQHVtpwwYg9uwLzfGQMEmcjYBwSuN5IHoAAD1yM9cjHPuUsR9bpudHFU6sHGL54clpLe6adrNJWvo7rTdnk18HPC1OWrhpQlF2cZtxaatvFpNNaJ3urOz7GPoWqan51ykOn3rrcrFKnlOFwIsxPwDhjuHPfGMFc8dQ66nOVB03UXDIxfdMmCpByBkgMCuQF6d+DnPOaCzReQBPIuWu4jsY8Ymdx1II6jJOOncNXSNcT7U23M6kEggTH7qnIGd3QgdMgY6Hilh6VSaSjUve7tLlaXwvTV79d3dK+hhWqRuoyg004y3flpa1v0tfVXItFF/Et4YdDu2je6CqRKigiFdhViWAByCPvDnI+XBxNrjX81xFZHS5FnNulxGr3UJG1JUIyc4zng5OQeBnkVk6Te3RspMXM4Iu7tkxIcjEhBzlu5weuACQM4GKk08smuxlp5GY6WSWZiSuZunPzKQTkjg85xgA1c6Nb6vTjGty884bxTa96L72t2dn26KyjiYKvNyg5ckHJXdk7Jad1rez33unu/SvE97rr6JY3N5ohtraC4s/Lke+il8x2AjUeUjHYrcqMAYB4zgViarPrCxs5022hPmJtYz7hnCgHg4yMFgAceo9Od1i7um03y3mklVJ7fEckhKgrIoyFzjKjt2GOM1Z1CWSQOzyGUiSMgE4XgjaBz2xtPIPAyedp6IYbERnWX1mpK8absoxikrJcsbRd9rpptLRbnPXx1Ocabjh4q3OmnJvVuDvzPq779W9Va5C9xrX/CQSxr9kgml05WUls8AqG6HkgduBxgnPNas39uyPCH1LT4sLjKkHHQ5yeT6H0zx7UdQFuNdsXAPmnR3DDIIyNoJU4IBwR168+vFqSSEmELCoKgAhwo+jA4JORxxgH/AGRk10wo1JU6idWbaqXj77Ta9xppr3bu7v56NduWWKhGtHmitYRtonbRaa7Jr8VbYrXen6nPb3Zl1+JQYi22NUKkgjg8EjJ4BHHOc+tqPQ7lrW3D6+Q620bnYYxtHZR0OOvOV4GAeOC6aFbK9UQxgiJgCFHOSATkYxwCOo+9nqBifzLaO2hYxA+XYIzkZBDKARkcHJx/F6ZztwaznTUZtTvJKCb/AHkl7vm3e6unskr+ZaxF4xceVc1RRs0lraO7XW9n6Jrqjk4dO232sZ1e4URXECebGcebxtG7A/h78Dr06Ywdeto9Ns9VuDfXkhj8l0V94WT5ucjJBzgNlR1BwTX0F8E/hrP8V/iT4U+H1tPJpk3xB8R6bpMGofZmmhsYryXy2uJgAcCMBioDAZOAe1fX/wDwUZ/YW8Lfscp4fi0P4n2PxJ/4Sa2+z3umr5Kan4evbJInna8t4mLRQzvJtgEgDkJnAr4urxNlVHOsPw57Wr/amKoVMRToxpznCNGLceepNLlgm1aF2pPl1W1/saeT4yeXPOPZUlgKVSFGVdziv3kVT5oxg3zvlUoybV3rdbK358adCk2nxzNd6kzy2kTCOOUxxqWVRtBB65xjBOAQuTkY4BPC1sfEGqmZ9Qk3WsHllr2bzGLPkByGPQMBgAgHOBngenWoaKysxgCL7JECMAjhRjHQjHGevI44xjMXa2s6gdpZvJgyVAJxkE4AA4+mT06Dr91LDU5Qw8pQbaUbttq7cVeybavvqu+uh8YsdXpyrJTlytzUbpRTTnFqztdq3Tz10OR1PwnE8dokCXQlDvKFa/uWWUoMlGXeDhgBk5A525qDS/DukyQ3kV7ZGG5s3aNhLcy+VIX+YsoJ2qPmwACAcEkda9CuN7XunS9FEc2MjknaMjbxgdBnBP3cdKpJaxXk/iGK5jJQiM7gp3g4CnGMDBOAORyQOK5q1KnRqRqKKbTs4ys04KKb1to18rrounXQxc60HCU5Jtpx3V2uTaS1Sto079La7eaLpWgDXLO2SxDxNayGTZIzgyFjsXfk4Xg7Rgc8HvWvcaRpUduI106NQlzCu0li7q8mcMGHOFx2xnOSBgV9b2H7IXxDT4EwftA+H7vQPE/hQSpBq+l6W5l1zwskcrgy6rDktEhGXLEbSAMEDr8y3SFXld2V2aWJwwUFSPN2qQTnghsnnp35+bz8kzbKs4p4x4Cth8V9Ux1XCYlU0r4fEUOWNSjVjK0otNKyslJWlFtM6M3wOY5ZUwkcZTrYf6zhqeIw7ne1ShNJxqwmpONSMr6NPS1nawkum6ZEsgXTrRS+OsSE4Izg7QSD7nJBzzxULWljGEQWtqFBJ/1CcnZngBck5JwRznH8Oa2tQVfKR1GXIO0BPmKsgJIJ/iwx6dxwRwKzxbyPDC5+9kjDc4JXgsR1JA79iPWvpJU0m2qcLeyv7sUnZqCsr3vbSz6XufP+3m7RU5Sd1d83Kmk4pWV3q72/FGL4dS2NoCttbkm9uVz5A7O2MsQxwNxGAQRkEfd5jvljj8Taf+6i+axmAQQR4yrE5AYAZyTznt161seGbV5NOkKupf7fcqxA5GHBPtnJyT04AxkVFq8Ri8S6M2VP+iTKflyAOQT2PzEnk57AjAJqOTmw9JuK5lKnpy9OaN29lpo9O9uxrLEONaqua8ZRko6vW8YXW7tZPs+muhbjEsjBgqIdyKFCIBjKjgADPTp19sDNV9Glc2mooRtMWoSKFUAYR2z8xIyCMZ4B5Ax7acSu03zBVGU2seDnIwAT67hgFgM7uOKz9ElKLr0ZwT/aJUNgH5mUhenIA4xn15IPNOScatOXLFKbna6XRJLRapu611T36u3I68pU5Lmdvctd3vZxWi6X2fbbqjF06edL7VlMhRftcIPQ9FbOMnOeMnJx1wWqfX5RLZzBZCWE9uc4OP8AWIWGCG+6Mt94gDj0NLp1kxutV81jva4iywAPIRl5A44J68heORmr+s6aI9NLElma5t1JPGcuM5IxuPPQ8HgZzwYc70XdNP3pSVk0tfx0vaztrrfpXvTnGSu01G9m/d0jG3Zu+uivdOySuUNSaUNakfvNz4zuIxgDg8L2PbtwSTwEaO584OVUhdmDjcQMEcEA/wB7BxnJxyQK9HuvAd+uk2GtSzWhinuG2QFm84KoB5AOMtycY2j9Rh3MMKXMdpYR/aL3ChokJEURIUHzWxgFQRgDGBjmuP8AtnL4uso1o1JU5JTjBPmjKNk76aK63dr/AInfTyfHzVLmoTjCrCEqblpzJ8jvrfo7rye+xwWoCSCG7YFDJJBMgjPyZO0kjDAkYxyc9Bg5/h6L4faNq3iVdH0XR7W8udSuISpWO2k+zqFY5LXLL5SIuMZYkfMMcZI9l8BfBiz1VPEuu/EPU7HQtC0/TDqRuL6U28mpRwsGOm6XAdru0nRpNpznjGeP1T+Hnhzwfrnwv8GfFDxl4I0v4Vfs3+BdKtr/AEVNOe3tvHHxe8TWp/0ezeUbLs6VPOq7oo2Lyx794OCB+M8a+LtHJKlSlleWzx9SjNYb2/M1Rli6zSo4LDRgpVMZjqz5VGhQjJQjedWcIpn7Lwp4TSzDC08RnOZQwNOtTliVhEnKusLSkvbYrEOTjTwuGhDV1asrybSpxkz8/fhZ8Lpvhj4gg+J3x0stV8N/Cd57vQJLgRrDrOv6hHE3+j6HFIFa4sxIUEt6i+WmNwfcM18i+NTp154t1N9FjubfR9T1q61fSIb1w91Dpfnk2kc7EnMnlEFjx6YHQfZv7af7Q3iH4vNbajrc9nDp+nztZeGvCWmRLHp3hPRAgFtbxogCyahLGim8lYZMh+8eSvwENWhvdZ0RwkrF9NkjbO4EbV+QKp4AHQEEkLyTjivX4Qw3EePoTzviSpVw+OzOlSgsng7YXLaSn7SEErtzxM1JKtVctWuWMUo6/L8VVeHMHiFlWQQpVcHgZzm8yqL/AGrHVGkpzcleMaUWrUqcUmviesmezarE8mkSgESxMII5CGOcMgGDnGDkgZwT0GOMDT+DPxU+IPwr1SDV/AXi260ya2klt5dIu2+0aPd28h2yQT20m6ICZAyEgcBlHcY5q68V6TP4NTQV0G5j1s3sNzLrHnoRJFGWzHtzwpXHQcD03c+Zx376fBq8iWshljuYWizKDkluAcHLDnPygj3AOD6+f5JTzrLcXgcwy6NTDSvSnTrqM41Ka2qW1au03F6SVlZo8zIc3q5RmuExmBxsqdeEeeNSk5QnGV1Jw0evNs0/dbsmlrf9hPhj+2n+z34k0Txr4C+P3whsdA0Txr5FrrXiDw7Y280NpetuWbU7Z1jN3bzO581jGyrzg5XFfFXxA+HfwfufFXjEfATx9/wl+haLdWj6XpWvOlvql1ZTlAEsUkZVn+zkhSuHkwM4BJJ8ItdA8XazomoeI7PSHvNDijgi1a9sIWuLezmk4jF4sYIicngu+AcEhhk15tPokmnatDMourC6iaO5jltXa3mjZD5kbK8ZXcpOCQSVK9vT8Yyrw6q8I5ni804L4izDL51m4YjKK+Jlj8qlUT5vZ1cLWlKtSUr70qsJQirR0ST/AGPHcc0eIsJRwPFeSYbGKKTpZlSo/VMfGElyKdOrTSpzsldKcZKUk09dT1W78B+KfAs2tSeLfD93oS6hdRXmmtfW0gjuoJguHimCrG4LEZAJwTzzkVn2TBNYjkQKDJbSchSQMphgewJzjOOBknAFfoV8FP22Phvq/gdfhF+1B8OR4u0W/tJdPtvHFjDHNq+mQeWILKeRyvmwi3ZS7NCVbKkMBuGfh/x74Ks/DPj67ufh/wCIx4w+GmoXV6fD2uLG8c0cRiLCwvI3+eOW2B8sO4CuUJyc8fdcA8dcQYzMMVkHGPDtXKMwwspzwmY4aTxGT5nS5tKmGxDXNRq8rTnh61pLVpvl0+E4w4TyfD4enm3DedQzHA1lTVbB1oqjmOAnaK5atG6VWDloqtO8dLNd+Is50Fra7mwDLdE7B3Er/wAioGB9c4xViOSJklLHIYsoPI+78wBYnCn/AHc9sEEEVztqrmzgw/zLNdAqu4kDzXBJODg8d8dK2ILfMCnzHycHHIJYnaO5Pyk5B9cHIGa/bqE17Om7J2irWldK6itXpa1n1W6vbU/Iq9JqpKz6Nu/u3+FbO1k/V213RzunJG/i/wAR5cqBY2pITBOSygjIJGQCc/TJI79LrcMR0bUckq5sLoqX7gQsARnIDEYJGcAkkHiua023ZfFniZg33bSzQkqT3XGWAwvfjGSp65OR02t2rHSL3cS3/EuuVVAXx8sTfNuORng+nHHrlwivZVtNOao9XbS+602s/K+rb1YpSk50Er35aMbX0VnBb9utr3tbpYo+EpbU+ENKEzgsIWA4J+bezcAn1JOMHPX65GqeWnjXT5kYALp7jOMlshsNjv1H+0DuParfguwuZ/DWkxLhSbeV9+wtt2yHjAHJyCOeCc54PNG+sZx42sYnJz/Zz5cqwUAg8gFcMSenU5HOQeMKkG8NhLXS56CT6pxaTvdp21Tbt1s2rGyfLWxKva8KseZXWvXXXZ7fdrax1dncwKC6SozFWZgw5Vi2OcEcHBHGSAD0yBXL6/KsupaQ4eNsag5cK2ApEBJ5wRuzjlcdNpHY9LZaEzNseRh5oJUhNoI3AqBgZ6c5PzEkAjaFB5zV9HhtdS0pA0mZdUZASAylvKbH+z1OBnGehAPFdFaT9m4q0bySXZNTg09tL/ro7uxyYeLdejLb402r78tlb5O7vez8mdK0sK2ihWjLPGinAzgA8ep7HkYPcjLAhbLeEkRdjGRbnPY4MbHI3nnk98dBj22YvDsa26yGcj92pI2gqCNuASB1A68nOe/INrS9DgmikmM5aQJd4Q4VjiN2zhuoI6bcjPTkHNrdqVr+yk0rW0so66q/3PW/y56iftYWV5OSte6t70G29Xuntr56HO+E5pLTw1DhRuF3eIHIBU5mGBwc4wCenJ5PpWBY3bRaxqZcAObtSrFSCSe2B95sk5A45zkZK16B4S0EXHhyJy6OPtV4FR5RHjbLtX+IADBxuOOBwQevFJYSLr+qqktsY4rqMkGVWXoRwSc7Q2AMdiRwADXFSnejgmnLXRJ2a0srvXdrS/RbHXWpzWIxmnu+7FWs37zi5dFd6738i7rd7NNouqxsAWaDK7UzgKRjnH0zjPXHUZF/RX3WOkEwFnFsiEhXUAbQp5AA4684zk8hjkaGraZcnR9RVDZs4tWYhJVJ+ZlAGepLZBB5Y59K7XwX4D8TeJbrwz4V0jTo7/XNXNnbadZQTIjXFxNloY2kOFjVjtZncgBc881risfhsE6uKxeJp0cPQw/tKlSpJQpQhBxlJuba2Su/0ux4LB4nFqnhsNh61erPERjSpwpynKcpqEY2STd220raJW3er8c16Oc+ILZHhHzI8aKckkb02qM/LznPPc59a+jNc8NNB4NGoXF5aWcDWlpFAGXfc3UswSP7PZxLh5pGJK7Y1ZiSDxyRu/Gz4F67+zpr3g26+LejhNa1JHuo9I02+g1GMBgCkLC3Z9jg43eZtQjJB+Wud0/4g2dvqD+KLyGG48R6VaonhHSLiITaJoEUm7N5eW0ivFdajGAHjV0ZUYKdw5r8/qcWLN8POfDf/CjTxTqSo4mDcKElGTikqrjZw5otymovlSfJfQ+5ocLvLa8f7ebwc8OoqphZW+sJz5ZODgtbqLXLC8dbczVrr7w8AfsrfDb4J/Dvwn8ff2jdYsr+G+GnXPgr4LabcRya9rMlyA1tP4ktYna5tYJHZXMTKq7fvgg5Hxx8cdS1fx58RfFbWGnx22maiYpdJ0DTIhBpuhWhVTb2cMMYVJGhTYGdgctuZgCTXMXHju81iSTxFrXirVNY1y4kt3uJdQd7mGMIf9TaRyFlt4+irHCEAAAU4HHpPgbSfHHxU8V6lf6Td6L4e0GysUPiDxFfOtpa6Zp0UYaWVWk2CW9eMfuwMZf06D4mGVT4bWa8W8X53Vx2IlQSqU7tZfgaKalDCZdg43nObkkueUZ4jET0jo1E+v8Ar39uSwPD/DWVwwdOFWLjOHK8Viajjyuvi8Q5e7GKu+RJUqMU7N7nIeE/gfrGuXukaXBHqniXxPe+XHbaJpsEt1LB8o2ecyK6W0akguzFVUYPvX1dffs6fDb4GeHj4q/aT8SW+oeIpopD4e+EPh+6S5vXkljIgGtzRvI0QUgb0IXacg44xn+Jf2vvDXwp8Fv4F/Zx0600vVwn2TxJ8VNUWO41S/uGDRXEulTSBp1EjZ8tUYRrlQM7cV8F6z4l8c+I7iXW9TNz4gv9QF3LLres3rT3U8zKS8iM7MY0XJ2RqAFyAFAJx+aYZ8eeI2aqWEw9fg7hOLvClTp24jzTDpazqSfu5XQqpc3LFTxLUrNwZ93iJ8N8G5fF4qtR4gz2yUpzlfK8FWkorl6vGVIO93Llo3T0mtT2D4XftH+KLSPxr4c0cp4X0Dy7iy0rStGSOFbS1lncGO9mUBrqQQlVG4ud2eTjj5/1c2s3xF1u4jcsZbeJ5XQD55HwZZM4PLEknHHXBIINcb4Itda87V47TT4rmWcu904ulTDGQhicsMkdtx4IIyBwN63sNRl8WanGLKCO4NtbI0U9yAFcqoXDK+1iTx7E5bnIr9v4N4SyvhmTr4DLVh62YVY/Wa7hOVfFToxVPnq1ZKVSpNpaylJ63e5+TcXcSY3PpKjisaqtDB0P9mo8zhToQm4yahTjGMIx6aK23khmvQRvq9hJn/l1fBIHGAe3GcDAbbjOcnHSsxrHEeoTBsRvZ3CqflOCIyeCc8gfXr9a7PxF4b1m1vNHaS101ZpEaNYheeYz7lB+XDHGc4wScD8awLi21tI7+yax08CO1uRlJyWLmJsKFJJduAcnIxxgcGv1GHM41F7OcVvHmjL4morXrpq49NHqkfmjcOeHLUpNqS1UldvRpbWVk2krrX8dPw/Go0exKv8AN9lBwwyM54C9cgY654IGMZyOrsFK/vC8bStJGmA2SRkdOc5GMcY/DBFePaNcfET+z7SOztNJ+zJA6x+ZIwcRxt8xbqAxGSQTyQT04rb0+b4kSTM0Vnpburpv5YjAwSwXB+7wOVzk/wC0N3RRvy07wnfk5bxjezsr6u6flZfa0SvZ89eceeadWmvelb39tYrbXWy3WltdkmXbpphqWpoQC/8AaAJ6jGYzzk55Kn5uo68cjPzt+1AjSaV4Ciypb+1yxK5HJJ4/4FuIGcgYxjvXrslp8QrjVdTVbXTHLXcTzhZGUqWQYA654ABPVh97Jrxj486f4ljsvB512KzBXWP3EUDMxUEks7gnqeoPPYj0HiZ45vKcZJRkuWMFeS5X7s4bdNfRd1ome7w44f2zhFzwlKcnope8r09dP6ttZXVvs74cCOH4V6jbhVM0mlaWVZ037cvEOWPfJHXn3Nfl/wDHy0a58f6/BJ5bE4BU84Hl7evQE4ABzncPTJH6a+CrtrXwHew+SGM2k6VjLAAESxfKBkHPP/AfvE46/nF8bAH+IniFjGpka5jG05YKjrkg4HOSACecdQQc1+fZapTrTUrR5oXnG2kruNreetl5772P1vOZujhIPmXuONr+mi6a6uz2/T4Qv9P/ALD1d45lLnIeNWGAFZlbAIx90Hk9che3I9aivrnWYtOuLjzCiBIIFJJ8tIyFJQMDtJ6kepBOT05HxrbzyeInzGrFI1CqB8mccKcjuSDjIJH4112io0Wi6ZJcMIsSkKqj5jggEnAyD8xzyVz1GCDXv5RRaxleELxhHTXsnC7btbz/AC1Z8PnOJbwdOpJuTlZe9HW2l769dvyV7H6ofsUWlw3gnxpbwjZv8WeHzCzYQM/lnIzgEDbnIByWwe3P6baP4UkGpahe6jew2dvHIrO7SKiuqodzGZyCF6cEgYB6cY/K/wDZX8dS+H/BOo2ug+Gb3XLzUvGOjmC7ZWTT4HtY2Ro7mchQcsdxVWHA7YOPtHV9H8beM7+6ufHniiHRNEjidzpGlXP2WBImAIjuLosiOR0JZ8gZ59fVxOYVqUq9Chy80akY81mkrQirXdlo/R/gLLsDTqUMNWqq0XGTine8r8miha9rq93ays9EdR8a/iv8OvDPhPW9DsbqTxHq8otImsNGT7Wy5uIzmS5UGNc4AI3DBP0q/pni/wCKXifT7G10DTtP8CaS9pbr9ruUW71x4PIQrIq8xRuyn5cjcue+efjr4qfF/wCC/wAP/Dd54d8LIPEPiKe7tFmg0SJr+7kMVwjMLi9VXQb3ULhWHzHHy8Ct208U/tM/GERW+hW1j8I/Cc9pCouLlFufENzb+SgDlWUpC7AEAA5U/nXjw9piK0nKdbE1XFRcKK93daOWiitNLt6XtsevKVPD0oxhCjQp8z96qryatC9orVvppGVt21c+l9S0f4ceC3i1/wCIviuLUtTBac3fiLVBdPvwSfs+kmUoMEfKIo8Yz16D5p8MftB6oLrxXovwe8DXfiu7uPFN/PDqt1H9h0C0WZUEbFNqMXXqVGCBwOK73wj+y34Tsr+01fxfqes+O9fEolkvtfvJbi3jmY5YR2rO0KoW/wBWqqyYIBGN2Oo+HenadoV/8QVX+ztH06z8UXKKP3dpAqJGm7G4ouQACRxxjjnnow+CrLE05V50sFScJ35JKVX4U7OclZXV773a3bMMRjKcqM1RhLF1LUnaSkqd+aG0Yvmdmr291PTorPz+4+Fnxe+KbrP8YviBdW2kzfN/wiHhN3sLRVcDEE1xGVmkAHytljkcDIyx7nwT8MvCXgz4knT9C0a1itrDwdbKgKedcNLI8imWWaTLSyEDLMzMxY8knJGt4k+OHg7QoZINLF14ivEypazCW1lGRxtk1CcrbnBzlkYZGee9fEvxH/aZubfxffXtt4is/DpudDj02bT9DA1LVJzGWby1nTdCkhBKgow5+bJIyfOxOLyzCTiqM5YisqqcqsnKpKbum1zbRfZWV3olfbfC4bH4hc1aEaFOVFqNNe6ot8i0hH3tEmveTe+qZ+lOv+I/C/hS1e78Q67pekxpjED3EYuAVySEhU+ax7YCEr04BUV+aX7SPxg8JeK/HugDRpri7sdM0uRJLlkMBkkckYhRwGIxyGA5B7kEV5D4f0X41fGnUNngnwdrMyXUjb/EfiU3LttYnM4F0DbqTkuViyRgYAPB3fE/7LmpeFPFEdh8QNeuNW1kaLDqNwbJ2jitXmYqsEQ3A7UYHJA2ng9hnsyzG5ri8xowwFNQq83NT9o7K6S1be1lrpvornncRUcqweUYupm0nLB+ykq3sk+bllo7JW+96XaXV3ZD8VfCttYeT9ivX+aMlpJYVOcDcMMwPGDgH5e6kVzdj8ZtBsPEur6omlTSxXK28VrHJOm9WiAO5yMZU4GMZHAzwa0rr4TeDrKPZ9lu52O075J5mYq/BByWPJzjPJOQeQay9K+Gng869q9tcaYz29vbwSwoZ3Uq7khyGBJBxztwAOMdBX6JOHGVR0XWxWGU1JKKil7r5bJO0H6O2mz0drfkOGxvhxTjWeHw2Ja9i/aJ815QTg7JuVruVtXbqlY9OP7TwBjjt9A09VYAMtxPl8gdwrk9uD265IArl/Efx8udZSCNtN0qNYg0inzZMKRnnjoTjA6AfeUcjPYaJ4A+HVrNFPJoVtLGmF3TzO65IABZTw31wc9OvB1brRvBMM5jtvD2kMr5BYxBlGCSdpIOcKMDGOeo5WumeB4unTanm1OMeW7UYtpPROzVP7mtFbfqZUc+4CpTjKhlM5vmjbmdt3Fc1pVHdX1t6a32+cvDfxn1DQ4buK3tNOLTahPP5krSs7CRiMAJkBPmP3scndwCa65/2hfESGJ47XSwyg42W80nHYqSpxweePUgjg13fw98PeHUj1u4n8P6XeK+szCJ5oI3EMZYqqRhgxCggnAOAOCehHrw0vw5CkQGg6EowrDbYxE85+UHbnIP3cEA9MAECvKwuXcUToxf9uSowTaUYQekVK17vks29brTVa6ntY7O+EqOIfNkUatVRg5Tk4q7cI9HfZSs9Hex8ran8cfF17a3Mf2e1xNbzxYi0+VlRZUYFs7BnAYlWzlThgABgc74e+K/j/T9NtLTT7OU28KOIWXTJpt+Tlju8sh+TuGDx0Hv9g6lDpqafqXk6VpkTf2fe48uwh3BfIc5BCEK393bwo5B5ql4DbyPCuhxLYw5MMoDC2iO8GTglgm4BQeMnA6e9YTyTPpYynB59WcnRk3UUG2oqUE461Nm9XZ3sldF0+IuHfqVSpHIqCjHEQj7OThyyk4N8z0s7JW1V7t72Z8tzfFX4sTsgW31DBUBVi0VgV5DA4eIE9eCfwxwaxNa8X/F/UNO1CC7s9YNlNC7XbGwEai3T5mJzGCBgkt8wAGeO9fc3+kyuWS1RNvy7PKRACTx90Ag45x2GMdjWTr8d3PoevGSErGml3YKxnlh5bZ3Enbt25xjnIP+7WlbhbMZUqlSrnuNqJU5LW8U2leytL4Wt9730Fh+MMnVWjTp5Hg4OdSmou0XaTcEpLS+lnb0WvU+KdJvPjPe2Gnvpmn6y1kLZBZNFHCqSQhOCGKnavPTpgHBIFWrfQvj1eTTH+zNdUNkkG7iRSNy7hwyr6dSABnjJr7h+H6tD4U8M4tgIhpMDIzSEMRyDnb1UFgDjk9+mK7e0hu55Lgw20e0Fl/1jfLk7sglhjkk4I3fNnBA4nD8LSq0KUqma5g5ThC6VR22TaW+l7r06LcrE8X0aOJnThleBShWnFP2Ke0krydtW2tfO+2p+Z/iHwT8aE0a5u9Tsr9dNgkRrlZtSZwVZ1VQYxJgNuJUELgYLZzlhi2fw9+I8yKfsIjUhT+81IoSGHyjAcY4Oc4Pc8/Nj9HviH4d1UeA/FN1PNbiCK3gl8oKWOGnjyoJ4DA43HjGM5Ocnx5fD8/l27y3XySwwEhQOEaNSuMkfMc4Uk4HbrijC8H06+KrQeLxlTkp073qWbd7Xbs2/Ly7vbnzHxBjgMLhqksLhKPtqlSMf3KaXL7NrTvdq7vt0a0PlCP4WePp5WEi20IUbhuv3YRjqSQHHbPAGCOeeppXvwy8XW+r6Vaz6hZQT38MpgkE0jCFU++S4YsPXjHOc5Ir63Tw7GlwQ88+1zjOSMJ/dHXHYnGMnoQAcc94jsbSHxX4ViEbMq2l2wJ53Bccbjz0GRxwe55z14ngzCYenCc6mId6tONpVpNvmlFN2UV0Te9/eVvPx8J4l1sZVq06VPCrlpVKqcaKTvThdNNuyT1uknbqrb+G/wDCotfmWMXHijS4wSN2xHbLEkFhyfmPXPPdsgkZ5LVPhvdW2rW9pL4khlgimSCaSK3Ys4fglcjJYdwc5AHTFfc1np1kbRALJWZlcKTGB5ZfgHc3PPJJzkYOc4xXnE2jWy6tM0kal31GH5SgwP3gA2g7gOCckgZ6YGSa3rcG4CKh7tSztJ81SbelmtHLdb210T2ujPDeImOqXco0VaNm40oR6Jav57J20Wh4W/wpVvFlh4ZTxVfQI2kC9aaGDayj7xiAUBsYIC5HB45PTqJvgTp0UbiTxb4gkkyAyxoBtHHPK/MegJHUnglTXuet2KQ/HfRYo1VIn8MxNIuxdpHlr8u1QB83oeQCevb2V9LtnafciSIDklYwjA9AclSD8wABBU++QScsHwtgayrc9NvlrSivfl7qioWesra379bPudOYcc47DvCqMk3OhGbbjBxbna7206W6Pquh8K3fwJ0VUhdvEHiRw0gJU4XPA4AHJOR15wOOnNYWh/Bzw/e+Itf0m5u9akt7KKGWJ0udskjvw3mHcD0+90zkAV9w67Y2kcKsY2BWRTjIGM9PuhRhuGz/AA4B7ceX/D7S47v4ieOEaFyiW1vghupOCwHfI6Z4IGOAeuGN4ZwlHEYOnCjFqpWSk3J6pwbtvqr2Stu1fY7Mv40x+JwuNqyra0cPzx9yMdeaKbTtvdvTZJtWPLl/Z68ErbJ5tvrc4wDhr5hnk55L+mBjoTg44q8vwB8A25jT+wryXeRkS6jMWCrzzlwMjkEAEknbyMk/YA0GxCRQujq4GfLYH73brwGBBGev3eeTRc6Laou5LYGRTgA/KSSuCRyOgwOM5JP4+h/qtgo74ek9NHvZvl0966Tert006M8Vcd5jOa/2iajzWdmmkrxVl9/z+4+G/DPwY8C6o+tvd6K032LWHtof9LlAjjRQ2G2tyy4GWbPuSOa9Hi+BXw3jCzf8IjCZI8gsbqRg/QEjG4secnj3A7j074W6XubxcBbI23xJKDkbshlOeT1JA5JPIYnI7+xppqB3RYLdAoOFIBCnkgds4wTgBjgn3zOX8N4SdKM3Qpu8ml7kZPR6WaV7+b6u29xZzxnmVLFSp08VVjHlptKMno3CDTatfXXWO2t7I+aIvgn4EBRx4R01FyoYOznO3DfLuAUncFJxxn2BNcj8PPhf4Vnj1Zbnwxpt2U1y8jikkRSUijlkCRDILDaB1banIyWGTX2hFZF5reJra3OHR8FcZXIGOfUEqcHocHgnHCfDyyT7J4gcQxoP+Ei1FAVRW+7LIP4eAuTzjI7YPRTF5DhaOMwkYUoK6qKXuR3ioX6WaT0V9t2XgeLMwq5ZmNWriK03SqYdKTm3KLbu0tdLrS7vdrotubsfh94VjntbdPCWiiRiyLus1dQQvBLbBkZIJYBuhIAPBteO/h7pFt4J8SXCeHNJhEWjXB8+CxhSeKRUYKVJj3AAnlgAOoyOSPddOsHbV9H2FACJMAAKAQqjk9SRyCSBk7j1xjR+JOneX8O/GZcHcmgXzA7R82InbJJBwowvTJG7jua7f7Hw7pVk4RTUGkuVLXlTWivvu9r2scMOKsV7fBxlVrWqSi3eTd23F2aT3av0vvsfJPwu0EXPhTw2B4Pt7xYtOMvnta2/+kEAYkdmTkhiScnO4jJxtJ9V0fTbiW8t4rf4f6SW+bG+C1ErkO2SXAH3ckkdMAkYBNd38FrMP8KfCN0wJM2iyAOMDaQ2D82QWOMYHfnGTy3T+HIQNZtWCnbvlGRuxnftHOO4OOmMMcgZrXB5TQpww7kornUXK0Y3/wCXdr3T6Nb2ur97GWPz/FTq4lQnJ+zlVa9+SaUWlr0Wku3o+r5TxD4c1KPw94gkm8LadZxjRrhd0Vva7kLQtyrBMHHOCDx8pORXmXg6XxDYeFdFsY/DkVxGmmoyXf7sGRXLEMVAIwOOcgkHGc4NfXfj6EL4P16TGNmj3m5eoOImznJIwP4sE89MKMjyDwiIhoPhtWYlH0S2YKM4ztPXGODyeg9uPlPrRy6lDM6MabUb4WWvLHrKPM9F3W1tO6Pm6nEGIqZLXqSdWbWNpxadSa3g9pX31S66anzZ8VbnX5PBmoG90KG285lhhnR1Xy3BPzbV4yDgf7QB5OCT+ffiHVdT0exkuCsIktmKAsz+axJB+Y84GSfQc8Y4x+pfx5VZPA0vkKURLyNZGXBHDLyM5A5xwAC3X3H5P/F2+htIHtEQ/vnTDkY3nGG7fd4HT5eoBGDn5XivDujKp70GlCKi3y3u2rOOlr317q3W9j9O8O67xuBhUnCUU5uLu20rclrt3v187dVoeY6l421i6kjmdoY3iClS2X2seV5bOBlemCAOmCePWPBOqaxf6S7XE0S/aVkJCKoaXA+QYwCMkHk9ce4r50t4JJwAwyZJFABwW3Ajpx/vZOB1OQRjP014NsHttGldkA8qOOGPzO7MBuC/w7TuHOB1PfIr4nARjKpyyldqz1Vmuj0Vt0vPV2suv6Bm1OnCipJOMmrxveLumua9lezitN3qtdDU+2azFGtvFOi5QP5nlAheTtXgZyQBuBwMjcD0FX9It9cm+0y3s5SEhvnZFZyygYCqMhc9+MEjC9OOvsbKNdPtIp1iE8vzMSASUViRk7eQATyCckHPfOR4r1aWx00JBsRxJtXYgUll2gEnGMFeD93P3huzX08aVGEOdys4wuo97qOnR3SbbvZ30V7K355ia1WddQpqUo3WrvpFKN0001s720fozxfxH4n1jS5JbaK7AuCUHCpvVC+AASMAnB4Y4PSqGsa54iTSrKSXUHinaWLaiFUkEbAYYkHksc9Oo4x65via1uWvreZm3LMoaWXghT97pnOQSSOmPfmsMTXVze28UzGVXlijhV2B6MBsUHI6DAGD6d6+cxVKpOqmpacyjHlaSteDu7PZu2y3+TPvcrpr6rTutVFJvdKyTbls7Xs9NNO1zsL3WfEFlcW4h1K7KzwLLKS+WEjAFsDJxt+bA57cZyBQh1nWroSNPqN55e5VDb2DAhuhwwIP0yB0PpXTahawMXBjPmo0aoCcspChSAc9CQSScAnkc4rDS0aGKQtGQHkwST1JPXkAdjnnPT1JrhrQrU53lFtSWivdLbS/2rvfW93Z+XUq1Lpd8vZNJv3dNrO3bpfpc5rUtW1e0dI/7QvfLdvNIM7fwsdqkZ6HjIPzcYwT0u+IfEE+uR2FzH54At0hkDyt80sZGGI3Ho4yO5PBXnAh1yynwG2q7ZXDqVwo64zgZOMgDufQZNZxt7mCxa1IWRwwdQi5Yqw+8rKvBU9cZIBwM8VwVFUlK3K4xUtE7tprlsk33d7bp37K562EnQqU05K6Tlo1Zx0i9d7a31SejSvZHp3wtvLptVuZm8x5Y7YKke9irZJQE5b5cL3Xdzng816PqdxeXriFwzW9vIf3RyBkt8wGCD6Lhs4xntXnnwpgaOXUZLhvLdIVEYwRJ1Pytn5hkHJA5ORlscHuVm2zjMUpEkjkkq2GZScEA8bcjDdsfgKuNJulbrK6u2ruzSelmt7PonZNaM+ZzGS+tuNOL5FGN1GzenK3dJNddtE1bTU94+DPhm78aeKrXwpava6aNQRDLd3LiMxRKys5VyRlguWAJ+ZvoM+kfGzwtZfBbW/+ET0Lx7Nrs9/Ek9/LZzeZDZJKuXgdkYgyHcQQvIHGScZ8J8L32qabOLq2kW2uJCFhlSZopYkI6h02tjngbhzwemSt1aG+kvbnUdTjup5J2LvJIJJS24uVLuS5OTxk4xz3GPzjM8jzLEZ28VVxi/s+nSahhXGKvO8X7R1NfK0d31XR/rPC2c4PCZMqNPBVP7QnUc1ipcycaWkuVQ7y6N30dnbRLvfBXiC28PySSWF0Ii5DT3MqF55HZRubew6k54AyeOmBj6I074meJ4tHFnb63qEOk3A2TxwsiNcLKOdoBDDcGbJXGOAQBkj4ztpdMsYZTcX0gQOAFWE4RuAQDjaSRnGCccYByGqePxuqSrZ20eo3yONsCpvVTtB2lQByM+gORxgc1y4vhjB4qn7Wt7Ook47uL5WnFtJO75Vtor92fS4fjLMMFGVKhzU+dW91O71i1p22ulrfdO6Pom7h0LVtag1TWJWfT9PZUW1nZXL4BIaXBJZmYZ9SSTg5xXp+haz4H0LVNEvHXTLWy/tOC9nEdrG8n2eB92GVlIYPgAqR94cEk8/JEuv+J/sOyDw9KkDqrPNcRSAKzAHl5ECkYODk4yM/dNcUtz8SNTknNvatJGrNHH5YRgiDgZOGRBtBBIPPU+/Y8vwFPCxws8VanOnyOFOXwx5YrRe7ZJP3UmtddVofLYvEZrjsZ9Z+rznNzdXncJN8y5e6V04qyW61vfZfoF+1D8TvAvxM0mfTPCkp/d3FtczXd0sUKRxxRlGggUhWCH7xAAVRgnHOfGfB/wAVvB/w78M6fpiWovLm2Ek00ibCrSuAQAQOeTxgHGeB6fMum+H/ABlrc0VncPClxcS+RHDK5R3YfKWX5gpwecgEbR14OPVE/Zs8ZHSjq819pxCmRnt3n8vyVQFmaTLAbMcIVDBx+Va4D/V3KsNRwf1qTjOpzJt80uack2nZXert283qzHGYDiDMb1oYfVJXSi0oq0XezWvyvrvrYsfED9pK48Q2U0OnWDRyFjtkdcLF1UeUAuC6gZPTqSCduK+dbS/n1TUr66vXDPdWxkkdyNxIXcyj5sAEHtg8Z9K7LR/hrrviH+2Zox5OjaTMYLzUo48WkLhiuyNsYd2IJXB3ZGQcZzm6z4YtfDOtR6dZ3Mt5D/ZRuFlKEPK7IzSNjAIXg4HIOMkAZx9nl2Py2GKo4PDVIym0pWjvFJWvJv8Autp7PbtY+NzXJ8yhl1bFYiPKkkk9E+ZOytra2ltnpbRHGxaPZXtlfySBVyXO5toAKk4VSeTkZyuSMLnIyRXmV9oEM0zIFUxrMQGX5X7A8g4B7jpwVHXAr2G0RBoV6gyGLMQzbeAWGQHPLdTjJJ5454rjbeGJ7lECN8ksKvtIYM+TzjJIxxnHfPIyWr65UIVPZz5V7yTvvf3Y+71d0le1la97XPgKONxFFzhCpLlg4uVrtbLm620Wz6pJJdDm4jq+iJCltcyeSPMVYZgsqkkYzliR6Y4zg+zVX0/xA9vcyf2jFPBIzufNtCwGcg+Y6AgEYHQA+nTGfR/ENlEZYIYx5bPIxYnBB+XJKn5QGOMAMBkcEjrXMJoayhyyg4MixnapJA44yDzk5yeODyOSM3h3TrJxk48vNrfRO0LXvvpo0+l7HsrM1OnTVWMakZ2Wvm4dN01vrZX2tojrdC8UzEBbHULe6AQHy528mU7edjfMNw7knORnGcCtS81iW9gmtZbR4lmkDHbhlkc8FVfoFOBzyOpJJOV82tPDEzyOiKqzxW8kgI3BuOecHknGW5B9AcgnFtNQ1nTLhVgvJGO/DRzLvVWRug3AbRhRjA79Tms5VKsGrfvJTlZRVtU+W9976Ws7bPVbM2lSwGInGd40mop9rX5UrpNRtttqkz38/D3RtW0OG8uWaO9ZQSojVlDbsBQ+NzY2jJzwT6ZWqll8O9ZsrqG50G9uLLylLGMuzW8pA3bWiyFw2eVYcDJ9DXK6Z8TLywP2a9sHlhDgExH5Bkj5gp4TgH5QMHoPU+oaN8QbOcSvBLCXmTcbdpRHMCegwSowccgE5Jxg8Z1+s0XyqrSjCa0fLdONndPmWjTa2surtsVUwtamk6E1Vp6NqKvd3i0tNGtk0rXt1vr9A/s3+LvAvgTxre6p8ZPBt34t0290W/s47TSJIYfK1R4mWzvJS/ySCN8MqEEZGDwxr2f4g/FHwN4+sTfDQ73R9T0ywi0zw4FS18jyI5chr1YwN03llU3jO1jtIxnPyr4S1DRdR1OKOQs03lbjE7eYolzlMYJGCzeu085Ndwga51eWwmjtoUQ+YpVQwBxn2CjODuABJxuHQn4vNsbXweOqU6dSDp4iEJ8suWajayfK1om03drZ7o+yyTJMLmeEoY3FUKsMRh5yhBwlOKcny25uVqNmnfVWvf1P6qP+CYui6P4e+FurfEPwePB3inVL/wDZu1Gx8XeGStn/AGlpNxJrc0aSESZdbmRCCCw2suQueBX2zqf7Ml18KINM+My/Dc+M/CHiD4V3Ojatonia7OrSaZJqdo2o3d9p+nytLbWltbpK4RIYkOwAqA2Cf5M/gB8dPGPwY8WXuoeGNYW103VtBi0bxDZxXUsUOq6dBOs5s9qsqB2Kn5gNwJGOeR/Qjrn/AAXl8A6t8E9a+H2l/B7WLPxLa+AB4a0zUr7Ubeawjv8A+zPsDztG7mWRJCN4bG9UOGBbIr1sq4kx2DoYeOGnCbrzUMZGpKUIxoRjGMeRqSXNHmlJOKvFb6s/L+L/AAwwmYZrmGOrU5tKkquX1aFOFWrHFTcJT9qpQclTfJCLXMlbVNHm/wAff2RH+CHw0uP2mP2VvEY8EWEug2V14q+H9pa3Mdt8QZL+RJ5HtrGcLHcy2UrmB7bynMsSkKpJAr89/Gdt+z5+2/DI3xRvtB/Zh+OPhTQLO00GG106PSfCXxOv1QRhdUs0SIabfXEw2StIEcSvl8gGvWPix/wVB+Nur/st+D/AHiX4d+GdMvL+K30/RvF1nfwTzWNlZXCyx3KWSMTBOwQIzuisQxAIBJr8j/ih8RfEXxY8Qf8ACTeJJdFfUdOghtrWaztYbd51VADLKkCorzl8yeaVLBsNkfKa9jMc2wdbCVli6yxGKlXnelyxlD2LcXCpGTinGpy2vKN+brpofPcN8G8RUMwjUp0fqlCnRpvC5nCs6eNVeHK54bFU05LF4FTu406z5o/Zkk017zpXxW/a7/4Jv+PL/SdNgm8HaN480h7C5trgpqPhrxfodzGYlvtPvFMlsXlhcFGiYuhIWQ9N39U37Dn7d/7JXxF/Z18J+E9U8baX4B8Z6PYB/E+k63PHoz/2rcENPdW11MYobmC5lYvuUk7SGY5GK/jX1bxx4/8AFlho+neKfEl74y0zwjZi30aw8TTyX1vpNs7hzFaSSlikaj5YkyBHwARtweY1O91g6h573NiNMkiUC1t0ZVBjTKxJIoD7UwFOSAehGTX57LGUqOIToVKnslWjKMG0mrJ25nHRpcz6ppLpc/aq/DTzjAQjm1Oj9cVF0p4ihT0mp8qk4xqNcrlyqUvfbV2tVt/RL+0T+1Z4H+KHxvj/AGT/AIf+NrOf4ceK/iv4b1b4iePBdxJo89tojLfJokF4X8q7id4FWYK7LzgLjOfq79tz9rr4E+Dvi1+yJ5fiXwzqvgrwXr8uqa62nXdvPHp1ppNobEyJFAzZeOVlwEAwxx2Ir+Pvw9q+qQXM2o2k0cF3aatJcWsTM0cCSqHUSYXBDHJ+cAEqCCRmvTPjz8Urr4v2vwqsde0/R9DufCWh3enTTaDAsTakZ5Vcz3rqFEk7lV3uSxOcscnn0JZ/OVfnm5N1XG62go04rlba+GW2/Z3t18ePhzgKWEwmHo29lhKc0m+X2tSVRWlJyatFNy27JI/tN+Mv7THwY/aJ+DHh6bwb4ttllg8QaX4g8P3qqJppTYTKVjKKCyLtBQ54BYc4Bz+bX7V37UHw3/tu6ttYvfE01vq8WnaVr66/ol0fDVy6WjRXKRTTwmBo1A+QxnKuy/U/g/8ACn46fFXwBoKaXovivyLC3sp7Sxs5tPhkWONuDsk2MyMONsq/MpPB6Fsz4kfH/wCI/wARPDWk+FvEfiy6vdNsrl7r7JLbxzKJpGJ/4+Zh5rhmxuDEquBnkkHqhxdKjX9jh8Nz0ZL3nWau78vMoRad05WbT0abV7HBDwto+x9tiMXKNXncoKnzQkl7qg+ZJpTgra2aTSt3Ou/am+FHw60PVfD3in9mzxFqXiOw1rTzqviTQo7aU3Xhi7nfdL5QC/vNPdyxRRjaoHG6u+/ZO+LF78MfiZp2uWvjS++GPiDQfDIOpak1tM1tqjyMjm0vreJQWEx27lcFscgDt8kQeLvHFjZSzQeI5NL8n7HEk9tbQbprWJw6wSbR+9jITbscEHow6g3LzUfEfjXxfrN698YbvVNHjubyVLVIRMsce1TDGiqiyvg5wBjgkYr5LiKVDG0ZulGthZ1nKpVjS91UXdWlRaacXzN77JW2sl+j8N4HF4GpDD16lLG0aVKNKhUqpyq1Y2XNDEKTSnK0VeqnG7d3Fn6jftu/8FBfiX+0D4Z0P4UXfxdstPtLHWLO+vtc8K2VxYLLYkr5PmzKqTs1vgu6k7ScjHAA1viL/wAFKvFOl/sp6Z+y/pfjSy8ZWgsH0bxN4t1Kymm1XVdLdFdJRNOpX7QhVVDk5AT+EE1+S0XhyK00e6kuryaW7SSJZFmizLhnz99wTjGTgH5cnB4IPp+s+H9BPgHTZbJIJ5GukBl2xJO8rqPNjck7yoHBB4HYAGvGoZjjcHCGHo4/E1KDpRo1XUtOcopK3M2uZW1WjS1ktTuxPCuU42oq2KyvDKtQxDxtCMIcqjVbilOKjJcy0Tak5K8Y7aHi9/4lt/Hk88+t+JLubU4Y7eO1vnjZzFaac37i2RjyuAoBBIA/OvSdO+PfxK1zwpdeC28U67rnhfSrpJtP0G2neGzWWMBBvTKoVAAIj+6MnhsmuK0zwfpSLGLe9z57ut2pSMFQ5YeWFO0KeoBGfUgcEe4/DjSfhxp2lX8eq2LX99JeJFBp0Mhtp1jUud6zQlVfcTuYucDC4YCvEzDCYCtTXtcLDFezqe1pKrTjL2dTS04SaajJXTUlrr5H1OXvGQqKNPESwsZU3GbhKUeeEVH3XZtNK7VmtL6rY7D9nTVLO61PRvFZ+G2qat4j8J6xNdanqN5NG1tYW0g22vlwyEjzg7ErgBz8pNffn7Pfxo+Knwb+NGs/ELw3Y2Wta/q3h3UBb6F4his5dLTR3eWV4Xhl3RLLCrFhgAgkZwenyl8BtUtbm58S6Tpj3GkifU1a6tk2yJ5ELMYTJIxJMiYUEuQcrxgHj7X8FeINBtPDmvW9xHpera5qYawtbu5Fumo2UcZcSNG4+ZUKEAlWxIDjlcCvis1yzAYqVeOKy+VaNanGjV56s+V0m4ytFJLRNJ2Tu2tH2+7y2m/qdOMMZG8ZSnFRpRi5VFFR5p2fvOzs24vfRWZifHH9sr4x/GTwRb3Piiy8NwaHoviA/YY7OzsLSGC4jnLyRTS28a3M8MRyFVywAwF6ED52+K3xqvtbm8Ga74Vv9J8PeMLS1tJ45NDW3jsfO0grcKZVUDZOzoSzMAzE4Ix1doPwq11NE1TStTS1h0rUvEd1ci9kuZLmJreaZmVY4AzLEFBbf8oJ+YDpmul8R+KPD3w9+HN98PJ/hN8P/EUctjqAfxh5k1trFjPdI8VvdCVFEoeH5WSNX2sVAYYLAdtLhvhyMo0aOXUlHkjCCjGztOMYz5pSbd3Fu71e6v0PKr43N8Ph3+/lCKbnNNtWnGSalGMbv3krtp9273PpD4yf8FRZPi38GfAPhn+zNVtviXoWo6bc6/ql3JA2kak2hxQrA0EROXMk0O9wQVIYg57/AJSfHT47+Pvjl4gk1z4iarNeXqXG3S7a1jSGy0+AAxoIraAbQfLG0vt+Y5yckVzOiaFaXNit9qEdqttZySRWckctxLk7s5kwSSQ5yDkZGOoXcUu1il1C3sbWKKJFiJNytq7FuSw+aRTlsY6EqQPpnp4e4H4a4bm6mX5ao15ValWNer+8qwdRx5lSlLWMEkopK17J8x4GacRZvmtCNGtioqiopOjSXs4TfutSnT0Tle7b2bV2k2jzvVPC+kW6XF3DcmS8h02S6Jni25cRlgAdnXOAST14G7lRy0F/4iPhW30Ge8lm0e6Vr2DRmVHsRfOcG7ETgoJvKITcMOAcbiAK9T8T6bCNH1W4uLucyx6fcISEEYdiG8tNo5PPJBGCMnB4FcloPha81XS9KmhivJIUt0RpFV2QSMMhScbW4A4BzgnnufvKNVWg58slGpGVNTa91pWU1dy5XG7Sa1TTuj5R0m52iuVzg07RVpJuKfNZu6tfTr12181khDWd0l3aWltM0SQo0UIE21OCwYD5T0JIx7+laPhFf7Pu1msZHWSOznlDvkYlUHy3wWPKMMqcgggDOa7pvCEgmmjnaZJA42wshJK5IyMjsQM5/wB4+9F/D8Njd3TrOVVbR4/nOCjyNjp8uAQQMjgHgcg49KOJjVi1zRcWuVqTTdnZt6yV79NG1vtoebicFOM1KMFF3TUlHlelmndPRvd6XTsn0LPi3xF458aahoXiHXNfnvNQ0Sxt7HTLgCMva20ShYwCfvYXGQeSR7jHm1z4H1HWptS1ee+eS5ncmaY2sG64kZgzF9yk5OOpOOnPUj2SwsoYI7eEiObzIomYl8HKoASOpxnuOOvTvY+xzJFc2trAS7OGG3LNtB6gKCSuOcYJ68cAU8NLDYWEYUnSoUoXUYU3CnThzNSXLFSUbSk23ZRd9b9XU8G67cq1OpUnK3NKSk5SkoxWrd+a6Wjfb7vm7wzoV5aeKLFbu5doLW6aOKFraI53DACqykA+uMc9Bng6XiXw5c6hql9PqF/dvIi+TbsQgeKBWwiIVAIQDGQpBOAedxr2Kw8O3MmsxFLK4kuY7kTsRazMGA+Z1AClmIx0Az0IGciuzvvA+v6tcSzWnhvW7osgYNaaLfTZZ/m2uEjOBwcHjsepNdtPMMuVZVMTisOo+yceepXhFK0tXeckrpP0fXscrynFvDSpYbCVqjVVScYUpzu7RVnyp6rtb0d9D5I/4ROza4tZZpru5mgUeX5jspZSc4OCeo9/p0zUdx4I0iadro2kgYlyweVuSRyQc8EdcexAr6stvgp8StTdpbTwF4vYRlmCjw5qIDA9AGa328jkZ7Mc9gFl+AfxXVJbuX4b+Mktoo3knnm0W5iigj2kNI7vEFA/hyTzn6V2R4g4Ww6hz53ldNSkrKWPwqfMuS29W93otL3Z5lThjPq0udZPmE5X0ccJXduWMdVaD00u9dVruziPhzo2haVZ2cUkLQBrW4MbFA6yOSNzsDkFc9M9gAMCu3OteFLW9jjuYkuEDlGIVkBOV6qowPXoASMDuK1NI+Bfxsv/AOyk0/4aeMJYfsrPAf7OmjS4ikbieN2j2mMjBDA5IHAJwTPrf7Mfxr06G3v9V+G/iPTbWS+jtY57hWjWa6mJEcAJGXcnoFH0yAa9LCcecMYVqlT4mySM3NpUZ5jg3KVrXioKreTST6aJXtujycRwDn+LblLh/Mpxg43ccHiVFxTh1VO1rt997O25LZeMvDD3kFj9hjEX2mMKsYkVijHptOEOSACMtuGcEHmvYoDo1rqsuoXNsYo5YokFoU2wmGMZXAVeXAO4HnknI4NcVpf7LPxj0rUdMuNW8GT2ctze2sVjHdzqklxcS8x27CQgK/AIDbc5Az13fQsP7LX7R+qNcRjwbehIWZCZWhEcAbBEbSHjAGQGBAIxnrx7FDxf4FwlFSx/GHDsYvmdKU8wwnI+RqM1/Es3F6NK9nfQ8XGeEfF2IqN4ThjOOZRSlGOBxFnzcrpt3hopJaX0a30PMLrTtEv2u5bOH91dwuzLJHxGhzjywR8u3ksQRu655Ariz4XSC4t7cC3e32FmkVV3hGyNrKB0OSCSAce+cfVFp+xr+0j9j/deFRF8m0sL1G+UA5wA33dp28dhwCc4y5f2QvjXDr1lol4mmafrF7YS3kds96xDW8S5kd2V8cDkx9c8kZAryq/jz4TynKEONMiq1IRnOSoYynVcadGKnUlyw5rRjFXld6LzZrhPBHxJjyunwxmtOE3GHv0PZx5pyjZLntduTtbd3SVrHx54k8LXWlObq1jtbqykDsHVCXiAxhXHcA+vA/DjgrqzluoxGIYSxeNg0IXMa7hkkZJyMZHX8QMD9B5v2EvjiIZJZnAWbc0O24WS1lhOSzBQzMF25I3YPpjFY1t+wX8RrqBHg1bRhNPIYZIo2u1ImBx5bOQEHI5LEYPoOD43/EwXhTG81xhlc4dVGpUnK/u3UVGF9Lrfa71R9BT8CvE+Voy4Xx9OWusoxjzbJfa66WTSa0Sb0PlaxtYLO3txEbR1dUVjJs3P8gJZzyR8x24IOPTPXwP4gXdteak9pC1sptWl894gP3jg4C9Dk4wARuPTIwTj9OtS/wCCfPxHs9PSOfXNLSXbI8pD3bfZRGpZpHYfLtAHUkbumeleQeAf2BfGPxRFxqmha/pE+ky3lxYWt5Ks/wDpd7azvb3SxlQPuNGxw3bkiuvEeP8A4a43A1quF4jw8sFhp0aeIrKFflpzqpqlT1o8zdRQm1yt83K/UnA+BnHuXY+lDE5FXWKxMakqFKVSjzSVPkdV2U7+7zRWtt/Jn5vW0E8sLFUJhth5ykAEM4bAz3O0ADrzyc5xjsPB1oNZ1nUUZolkWzPlCRTtUMgDkM2AMA565JI6cEfpr47/AOCcPiD4afD7xT4q1nxNbM/hvThdy2FlBPIbuIn98rMflRVxjPGegJ4r0D4cf8E4bLxJoejeJU8Wz2ja3oOn6nNZ2lsE+zpdwK8SRSSKGkLKw3Akjdx06/K4v6Q3hhluAWZVc6qVcJ9ceCUqOCxVSU8TGlCtyRSpJ8sYSi1KyhrbmvofWUPBPxBxmOjgYZTTo4h4eOJlGriqFK9Lm5E+ZzdrSXKo77u25+VvxB8K2tta+HRDfQ6qltDMdSuYmY7JJIyURwWJUxABcbegySOCcbwfBCiIsLho4LuIEMSESIsr5xkFjk4+UcdBkDj90L3/AIJgeCp9JtIp/GGuSyzRzvJHGlrDJ5iRMwRwzgEuRtywK5AIAIOOW+An/BPv4KeIfD97q3jHUtcsZoNW1HSJoo7i3jig/s+7eGCQKZEJeVE3M/O1vuk4xXhf8TReGE8PiMfhqubVqGGq4ehWdLLa/tHPEuXsuSNRwco81OXM7uztd6pvtqfR648jVo4XEwy7DzxPPUp+0xtOSjGmoX5pQ5lF+9GzerbdtLo/Nh9Z05AFEuCGUMqqcDhcjODhSACOgIwOmBXO+KtattR0mS1tmdIpn2yOTgARLkYGcjdjnHv13cfudH/wT8/ZnsI7tRJqeoOpJjludZggKqAcnBmBJGD6duSuRWjZfsFfsuy6Uks9rboSzjdc+J7WMhgrEMVNwoCBhlj14YggVl/xNnwHLnp0sq4jqXV7rLoRuk0tHKtza6NK2j083a+jVxdTSqTx+RU9f+gttvWNkrUnZu7v73S1z+crSJY01/w9JAzKI5nS5lUkKjl1wWJOBgEZz247YH0zPqWmWtvEs9xFJIZHAuBOAN3QDbubpwDzznHULX6RXn7OP7OHgn9qf4deE59J8KJ4L1LwVqd5fwXnii3axl1KC5CrcXF39oKQyYJZI2bc2Py+3B8Nv2J9CiBgh+D6eWXTdeeI9MnIcHB4knIOCAV4PQE4Gcc2N+lPlOUPDrDcGcRZhHMMHSx9GdOFOEadOpOdJU5pOo1UXsm5JX0cXe706sP9HzNMxlUVbiXJsLPC1HhpJupKClGNOTlBtwvpK177p+bP59Dr+l2doGaaS5mL8mNJGI3KyDHDfLyMhRyBuJ9Twdry6bDKLiyutSt3e8lEEcMqcknYWyoRvlyWwQwBPGeT/QlNr37Emj232eTWfgZaXCRSGMyXGizhQsLdcMeckY5HI55r5v8Ag5+0D+xnoHhLWbfxf4m+GK3lt4t8TCzWXTrS4uxZm+Jt7iNlRhLbOuTCudqqDwAa8z/iarPcXQxGLyzwu4grLC1cPRhS5KrqVfrHtLztHCSbUPZrn0a99K6W/XL6POXYarSw+O46yqCrKUpOEYKMfZqGknPEW95ye+jfqj8gJp9ZvtGayj0vUI9KubySRrdrS6lZQyMoCfIVdhxhQCAM9SWNcBpbX9rYpY6Zb3Km0nvIpoHs7lrhQhIyYgm5TnAOf4iVJAOK/oJvv21f+Cf+k2+yHxn4IPlGCVY4PDcMyxsmQ7RhLcjnPTaRnHHQD4x+B/7bf7E3w8+J3xr13xWsHiHQ/FHiqPVPCk48Ow3IFrIrC6ghhlgYW8DNyEUjd25Ga9TJ/pGcf46GPxMfCrOsPUwlCjLD06rxKliva16dKUIueEjy+zjL2kuWMrqOi0V+TH+BXCGG+rUXx/gakK9W1SpSVCXsFCm3B2Vd6OXuvWK19D8xND8PeIL9Znh0fXJGWC7a5SDSLxmdd2DKqeUS0ZLYZyMYGMHrW5pfw7+It2Bbw+FvE0lurCSMW2g6i5IctkBlh2k9M56ZyTgV+inxc/4KI/so6h8SNK8TeArbU9M0G18JaroWo6fZ6JFaCS7upIntrqOFIgjiNUZZGYbiGwAc17Ho/wDwWT/ZT8P+HNFsIfAHii9vtP0+CC6ng0uwiM1wg2tJuKggttyWO4g5JI5Nd+L8dfFh0sPUwHhjXq1a9HnlRqVsRB0JuTXJV9yF3ZJrVaNN2Zz4bwa8O4zqwxfHcYwpVFHmhTh+8glD34pSne/z63dkfknN8KPidBc6VZQfD3xe2q6jLPHpTSaVdW8l5MCA8cMcsQMj5K5AGSOAMdPctN/ZH/ad1C4s7hPhB4ndltgEeeeK2RZGjO1mWQqB0IYNzkEEsa96+I//AAVw+Dnifxl4B8WaH4C8ZQnwPqt1qMFtJNZQxXX2hQpgVYiPwLLzk4AXr2V5/wAF1PD4tTbWvwb1qZTJ5he41FA5G8tszG4bHJJ29B6ds6njD9ICNDDTyzgLLqFWvRm8VTxFSVsPUjVlGnCKeJhzc1JRnJvmV5NbI0XhJ4Ozq1FjeL8fUp0J0/q8qKipVY8sZScl9XlZqV4x1baV7NrT84bD9mv9oDxZqevaVpPwy1DU9Q0HW7ix1ZobuKKCzvYSHksZ5SyJJOgbJCkkqAuCTiuW8Qfsq/HHwtdxXfi7wha+HLbxPrMOlaPNqmoQeW9+WCCA7X+T5lwWPGDkEHlfqfw//wAFcbrwVqvjDUPC/wAF9PkXxf4jn8S3EeoX9xvt7y4VFkK7DtYlQDgsAOvsfDvj/wD8FLvGvx3sdN03UvhloGjW2k6xa65ZS2U07zpd2jrIgUEYVXbAlxy3IxiuFcY+P2PzajHEZHk9DKnyTq1nVpuvCU6MXNxi8RJS5a7aUWvhW56UODvBzBYCrKlmuaVswceWEI0n7KcY1Eopy9gkm6aTbb0k0xb39g39pRNNTUI9E0C9U3iW4+xX6SIrEBh5nlyMAgDKSxwrY25HbkPiF+yd8YPh3J4Rbxz/AMI9pdh4q1zTtC024gY3PkXV5KqK90YixRFdgrjKk7SCD273TP8Agq/8f9LsmsNN8IeELeNlVGJs5GEvlRLEjFGjKhyqgtztJGcg9fIPiR+3l8fPinp2n6brul6EtppGqwazpy2+lAPb6jbS+fBMsjQ87HUNsJwdvTOKzy7MfpAV8bR/tGORYfL3Uqe3lRn+8dNwkqLgpNx5ozcHJt2kr2WljvxOT+DVHB1HgVm9XGKFNwjVT9m5pxc+eXutqyaVrW0fRo+5Lb/gk94y1O1tWvfjT4Khs7iaKW5ltLS8ZYQ8SSYYIf3ixgkMp3EMDjdyK53VP+CWV5pVrrM0Xx08P31hbuRHNYaPqDySnOJQCUYoI+cjqACQ26vjX/h4D+1pHG0EPiOG2jddvlxaRAFK7dn3TDtBKfeIwPxrFb9t39rl7WS3j8XS20czM0gi0u02SMxJJcGLGSMYz75I5LfN1cj+kVianNU4jyFXlzXUI8ygtFtg5JaPo9erR71LG+DOHhyxyLOJycbXu7JqMVdL63Fpc12vwVtT2u0/YI05vid4f+Htt8T7i8Ot6dcanL4gttMvYoLXyfle3MckYLsSCN3TqccjH1Fb/wDBJr4dwQTrefGrV9WlxGwSwsgZI3kXewcSqWUKw44+8AO9fmDP+0z+1Hc6zBr58X3UOpWtq1tFd29jZRSxQy/MyKEQYDHOTnJzyDUjftJ/tZTyPLB4+16J5CN7xRRRu5IH3sAZH3Sec8de1LMOEfHPFrCfVeMcuwHs8LGnjHGjGr7bFKbc6kV9VtCLi6aSio2knZJCwed+FNB1lW4bzHEp4hyw9puDp0eWDjGd8W7y5ua97uz+Jn6yaP8A8EnPgultfrN8UvFuo3KWbzrFBDbQs0uPmgJPdUOegzjI4NWLL/glt8ALnxvpHgODxt4wm0bU/Bt/r+pakZ7NZ7PW4I5Gjs/nPkhXdR8vL4zjaTkfjrc/G79rCUySP8S/FMMjgh2gmVHIOOrK4zntjHpjPFc0fiP+0fJM8s/xL8XrdSZUzrqckMpR+qh45gyhgeUOQOcjivJp+FXjfWnVljPEujKNShUp0qcMNNexqTUVCr7kaabg05JOyb1utjuq8aeGdNUlhuDa0JRnCcpzrQbkoSi5QfNKdlOzv1Wmux+9K/8ABLf9lkeDtLjh+I/i6y8Trb3gu4/7Us4khuoUdbaS4eWQEQlgokCEEJ935QK+cv2O/gz8APFHj/4p+D/jZNcQnwJqtzpuh6rL4gSxtNV0ezWSCW7tp5JkW6mMiq/yEplQvJr8iLvXPjbdLI9z8RfF0rSAht+v3A3Zzu3fvyGHzYIxz9cZ88uNH8bPKXm8UaykjmTcyapJ5khlYmQF1lBO77zBsAk5PIr6jKfCvxOw+UZtgMd4mYytXzCnhY4bGYenUoVcuqUa8atWpSlCpHnVan+5lC60u229/ms14t4MxOPwOLwnB1CnDDVak6tCtKnVhXhUpwjCMlKErKE1zNq7V76H9ZXwR+Cn7Dlz4n1LwbPo8d54eltbq8tPFOo+I/MxLbynFvGY5igmlUELknA5PQ5+nvjP+xP/AME7rD4E+JviboEvhc+NdO8PXl9odnc+LUVrTUbVM2oltZrgCdpyvl7dmGLjAwSK/igsk8e6dEbe2+IHiGxjZSRFFrVzCckZYL5U2AR13EjJHpzTdQfx5eWpgvPiT4murd1XNrc+IbqWJsEEK0bzlCAQSBgY+9ztqqfhP4lwxlCs/FXNKmHpzoTnh61TFOTjSnTlNRksZFJTUZRtKLioy26LzsdxPwpioRUOD8FSl7ztToYX2cuaHIlJPDOSSupXunpZ3skv6P8A4Zab+y/8Xf2e7vX/AIhw/Dnw38Q/D/jTw9Yx6ZHrltpl9PoVvKI72IWoliEqXEal5ZcNjn5hnNfa/wAcPh//AME79N+CGtH4fX3wnsfFEGgW95ZP/wAJTaT3iXZaBp7eJWuSXkb51VSMAktjFfxaS+G3Mzy3Xim5jlxlmbUCXkYgDIAlxgZON3QA9DgVKNB0dI8TeLnduMrJetKAePlO+QjA6HGeh+lehnPhFxdm2cUMzp+I+e4DDYfMHjYZfQxGI9jKnJ0ZPDVG8WlOknC0VKLtGbVr6rgwPFmR4HArBy4QyqvVlSUJYieHoqaklL97GMcNpK0ls1rG97N2/rP1rxV/wTkX4feGLY33wc0TxbceGLeyvrtJ7S9mt9TMH+kX99tZ/NnEg+bd8xZsBSM4+UPhz+01+xRoUfjPSvjEfhXqrafdvo/gm803RIvMn06IP5eqXJtothlkJVlzhiT82Byf50H8PeClYtceIIDKCCeQw9eMkjnjP0zjGazrjT/h6mVm1dpSNpGyIexA7jDAEgAYxknmvIw3gDXpf2msXx5xJiVmNSNVSeMlGWFtWdVww7c5qMZKfJK8V7iSPcj4kUlHDrD8MZVBYePKlKi2qq5Yx/eLkV0uW6s93rpv/RN8D/23P2PvBn7QFv4y8TaV4Bm8AQ6LqGkWEL+Hrad47mJk+z6nJarCUE7hcQOV39iUJ59I/aP/AG//ANhD4sfETTdc+z+GxpmkeGpbDRr6w8LR20lvfuhVTPaR26xynggmVWXBBBHBr+YeN/h5BjN5cv1G1YcEEYwOME5wCGHG4nkZqcap8PEHym8kAAUqVb5jnON2Mg8525AOc9TV1/o75JiMTRxdbiniZTpYSGEjGnmKjFxjHldRz5ZT9pNSbqWlyybu1omtqHilmGGlz0siydyUpOPPh5OEFJxbSgpqFko6Plb6XSP6Ih/wUL/Yi8P+FtF0Kx0TRItatY7mK716z8H2i3M6zq4Dur2hSRhwQz9CciqHw3/4Kz/ss/DrS49Pm8Ew6te6Tql3caVrdv4b0+PUZzdPxJdSyWwOxV4VVztyOi1/PDNrfgP5jFpt9NkjlnbhSep5HTPHqMnBFU18ReDomAXQblgCWw75DEcHjPAY+4J9Rzjyav0XuB60aqxeccR4mNdwc+fOK6blG2/LHmd7yvF3TV3ZPQ9SHjTxOowUMuyWioWaUcDGTt7tr8zdkrKyVrPTZ6fv94X/AOCvPwm+HHiP4jeIPCHgG4vJ/iLqkuoXgbT7PNlIozBJC6wDlX3NjAAb13ZrmPEv/BYvRdV1XT9bsPAurx63Z6pbX1xfRpZ2x1OGAoy2lz5aKRGBgHackHByK/DKPxl4diy8HhuUAKMbiVA6jgggfp2yBggUxvHtmrbofDkKhiD8+wnH+0SSTgkgjk4znJOK9B/Rt8MqmJeNxWFzDE4idKnRc62Y4mSdKlQp4aEeWM1BqNKEYvRarm0d2cj8ZOMIU/ZUqmCo03J2jSwdG8eeoqkrycZO7nr6eR/Rzcf8HAN2rrJZ/BW7ti+lS6aYIb8NaFmjKtdfZyCnmsTuJ2g56d6/Oj9pT/gph8Qv2hLfwbptl4Sn8K6X4M1htftre1u51lvtbjl823vprhWEkRjIAMcGFI5UFjmvzXb4iT+Y+zRLAAfNhwhPQDLZHGeeRjgY5AqNPiVqqOSul6dtZhjbGp2jHG7AGTjtxu+Y46mvQ4f+jz4V8M42jmOVZBCOMoOo6VariMXiJRdWnKjOVq1WUNadScbtaKWj1V+LMfFjjLM8NUwuIzLloVeRThSoUKV+RwkrypwUuVSim9Uns1rY/S/Wf+CoP7RfiLRdK0a58HeH7xtLuLW/TU5ftM+oy3doAIp3upSZ8KUG9Adp5yOCRN4p/wCCrH7YHi3SdU0HULLRVs9XsBpuoGOwaaaWxEflGBzKmSpjx65yPmHQ/movxS19SRBaWMZO7LogBHUAlgAM5+XGTgdBjFQP8S/FEqlUaAZ43JGB165JAOcjAycZOCOlepT8C/CyjVoShwllSnh6nt6E3QlL2VaUozlOClNpSc4xk7KyaT0tpxy8UePnSlTjxDjI0pRUJpVYpOFlBx0V9rxa280mfW9p+1x+0PDo48P6dKul6C0iTzaRaWix2Esi8q7wsNvLHeF2kZyWyK0E/a8/aphRIbPxLd2drEGEFvFBD5NsSc5gBA8ojBI24KnjBwMfG6+N/GDlVFyFLEElUQ/e+8T1OQeemOnpSzeKfFoY7tQlVW64AI5JznAwPunGM9cHjOPZq+FfAuI5vrHDuVVJSm6lSVXBUJuVSaSlN88W5Skm1KTu2nZu12uOh4jcbYdxdHPsypKMYwiqeJqRSheLjBKMlypN37Xu7XR9m3P7X/7ZNxAlsPib4jjgRgRGrxhQx/PcQo75HTGRXBeHNe+JnjLxtc+IfHWrXutajcqst3f3zLJM6o2Y1JO7AzwVB5HOcAGvl+78Va/sYnVrrgA7VYRk8YDYHHXHbkHPBPNvTta8SNA14mqX4yBgrOVZgoByCpBxxk/w8njPNdmQcCcJcLY1YzJsmyzLa9uR1cBg8Lhakovl5oynShCUo3V3FvXfqkufNeK+JeIcLLC5rmuYY6g2pezxeLr16anaynGnObjdJ2vbRaO2h9W+JL/Z4lvnuJILZRbxsxllCRMvykA5IAPy8gd/cEH4j+IV3HP4g1V7Z0eLz95lRlZWbBBAI4xxhWAI9+BnZ1TWru7SWS+1CeeSVCrpNOzHbk4O7dyc5yM5GQR3A8n1S+WZmAUbBhAVBG4gY+p/3hn0z1r7ieOU/wB2l7ru763t7vKo9L2tez621Z8pDLqMHGc2+fkUVZOKsrbPTqu/VNsWO/R4440bBXJbk8Y7DkjPHUnk8cE17l4T1NBodvbxoZXeRnO4lu+CQOhOevfg4B6V8+2lmz5cgqmcZ7kgjPTAHAHPfv7+vaGfs9tAAcbTtA7jPIJ298YbnqAOnaqFaMm1PlfK4768tmr2vfWS0suuujHUwygr09LKzTSdm+XZXXS17Xv5PResWcim4gkyqMhcKqAEqR6ngegJAz0PJAFdK3ii4tgscMxaRBjc7OQoOOB1AHXCjI46A1xei27TPHI0hDOH6c4U55APRmzwMdcg45qK+CxzSrGXYj5TjO8kkLyMnBzyR6lj1zX1+TqlUpVdFpKyTal9mGut+VWvttv6fI5z7SNejyScIvezabXudbdLNbaa30TZV8RfE3VIb6W3gcJ5QVHdQAWzkEDftB65GCe65+8K4rVvF+razawwz3LLCHIEZ25O/OWPHDHpk88dWxk8VrguZdevrd90SRum/fncgIJBGTnJBJ55GQ3DYqVUhSztAHLsZWy4xk4Y854z3zjOScnAHHxtWpN5hVTltXaitlFKUNGtrJLdt6J7NI+tw8JQy+m1zNOjFttt6uMbt3ve9/m/I/bv9l7VbeD4W+GIZrpVC22/y2ZgQF4HfJzyG3e2PWvSfineaTe+HNTH2m3QDTpMSMSzKcqeN2Bxhhjg8Zz0rwT9nCwa4+FfhydS6EoQoVCzkKp7DlQWUE4O3jOMYz2XxI0y9bwprJQliNOuAqspVUwRli3AJJIJwRn5gQOc/wBJuMVwxT5qjc5Zcnr39jFpfdpp8lqfyPVq83GtaEYJWzZ8ra1/3lJNLXXV3urW0tueSeHdP0JLGV7V4JjNqUUn2qRueAM7jkYAIO1OpBOB0B8n+JdlJqOqeGIbIGW1bxbaLLIWxEx+0w5GNwJC/Xn0BwT1nhGOSHQLa2mEIVb2SS5n8zH7pBudSR8p4BUc568DkHzTxj4qebxb4U+wwY02DWrZYbZAdjsLqGNppVGccjJZiTjocCv5jxUHCOKlGTtCNSy31tpbRRstu76dG/66wE/aVsJTknq6Sk101gradVe3e6Xkf0d/t0eA9G0X/gmn471K2soY530v4exfaGKmR90cW5FY4ITJJHOBlcHnj+MPxHMiarME4EMcK7VxtUmNNw4PJBGQfQ5xzX9qn/BQrUXj/wCCYPi83CpG93bfDvykJwArxW5CKvTAHfIXJHJzX8SWvuTqd18xPypyp4zt6/KSOmOD268Cvznw+qzqYTMpVJXf9o1/evd2XL3vdXX32ep+l8dQjDF4GMdE8DQel7q0fV7q6tut9b684ZQJGIOCWbPc8FvmxjjlicHG08Ec1RvQWXe4J4wuDxgEYK5I7evGCPcBiyDeQSwG7LfLnkFuPXOfX5cEnnoYLyZQqkkEZAAXjADdTyevTHtkGvvZu6bvZ73vZdPlbbVK6u7anwsYtOL1tvfbZRSbTst2ktUrXbvqUiVilZ8kDaWxng5yMjkYzxgduCewrpvCtuLy8WNRngkjvwSQByMnHvzwFzyK5AMJJGLKQqg7fYHoBjjjgfUZr1b4VaXLqmtLbxgneCigAMctlQAACSWYYx94kAZ5wuMJOErSlaKje99Enro9P0vbTTfScptJK0m3ZJbttxer13utVpdPTTX7M+E2hsmo6R92OO4sHViRgDkgAYGXLN9wAA5A65O36r1eXwP8I/DH/CXeOpvteqBZR4c8DW7g6hrUpG6K5v8AgvbWAchmVgpZAehJxwV7rnhn9nPwfoHiDXbS31L4i3+nt/wjfhSbZL9kSRCIdV1OPnYsbESRRyDIAHy4wK5/9m/4P+NP2g/EWrfFX4gXb6ppdvqZu5bS6cLHcxxOJfslqjnZBZRIANsYUOF24C5FeV9crYpVaWHqSp4WE71a0b81TWN4weiS5tHJXbtp1Na2WYTBypYrGKNTF8iVKg+Vxp6RknNPTm0TS6Jcztoibw/4K8bftErrHxZ+LEN3pfhPw1pd2/hPwrAjWmmWkMcTtCbaDaqeXGAN85Tc8isctk18reDfDF/qvjbTdN8PWl1Pe3GrK1lBaoZJZD55CcICwCYBJwoABPTp+0XjnWk1zwpqHgPwNpMcut68i6JomkaaEFvHp0RENxdXbxki2tYFDM7uQuwMWydxr5g0C38P/BW8u/hz8FbRfiP8btWHk+JPGVtCb3TfCUk4xLpmjOAyme3clJLkFUDAkMQedsxzXAZZl8YYRRniXCUqnNJe60o3lWl9mCSfW70Svq3y5HlOb5xmWIq4tOGEdSNOhyJJyh7rUKUV8UpW0a2sm7XR3GoyfD/4BQ2nij4jGPxt8WZoYk0zwXC4vINPm2f6Ib5F3qXRgpaMjOQV65r0bwJ8NPjT+0NeeF/F/wAcdX1Pwh8IT4hs7u08B2by6e+torq8cbW0Rj2WoXEYEq5KnjODXuX7OP7D2naO8fxT+Ot0viHxdIf7TEOrTBrTS2Y+c01487GMum0nBwiAYHauD/bP/wCCgvgLwLYXPw9+Dj2fiXxXZhrWfXYVjGieHjEjR4s2UFJZ4yP3bJuVeORg5/D8bnOMzrGywmVUZYrETbhVxrUvq+Gi173sU3aCTek/jb2uz9/wGQYHIMDHG5tVjg6EFGdHBqS9viZJxbdR/FJyafuWUV9rS59+fGL9of4BfspeBWS7utN0XZAkOheCtGeB9VvVjhCQLJHF84aQqC88wbIzk5r+cj9qD9uP4pftB311ZXN9N4Y8BxyuNP8ACmlzyRG5gDNsk1adGDTu6BTJGS0YbcADgZ+RvFvj/wATePdcu/EHi7Xb3XdaunkklvdQnkn8oMSfLtlkYrHGAF2rGMEgABcivObm/dleFDu2tlnP3jngZ+vBPHXC91r6bh7gvBZU1icSvreMk+aVarHmUJPlbVNN766yl7ztdWvp8xxHxvjszh9Vwt8HgVaMYU7Kc4xtbmkuW101ZK0VdLUfrWsXE6CLISNQR5CbVTscsV+90yBnnnPJauOx5vnMQz87gARtXnhjnOM4xwQRy3qR1GnaJqWsTrBY201zNIRlYlZyRkEqRwCQoB54HTdzz7x8O/hLH9qTUNehE6JKFSxVGILxsAwl55A5HPUZ5GcV95T5IK0VstnpdKysrJ2/zsux+c15yk1OTcm3y8z1bd420126LZK1ldHmHgH4Ra74yminkjay0tmzNeyqV+TjcYlOCwIz0ORnrkk19r+C/BHhfwNEbXRLGG41FYc3GpThXlDbVztJDFDnlduehB4PPUaVpNyynStFsmEmRDBbWkJeZywwscUUa7lBPVuM+5ya9lsvhHo3gPSl8VfGXXbfwjohhNwukvcBtb1TK7vKjg3bl3EBfugAHpnAry8XiU780+VbRhFtylqnaytKT36WV/v6cLhqtflVOD5dOab+GKbi7t6LR77fhp4XJ4W8QePfFmlaVoVpcavfPZTZZEcW8aDGDPKAY0VAdzMSMgcjjn0PVNC+C/wJtI9U+JWu2vi3xmkYez8GaPMsyQTqpZYrp4ywUK4CsCFzgcdQvk3xP/atu9ShHhL4EaCngzw3HayWM/iHAOs38f8Aq5ZXusFohIBkbXyDgYBFfPNnodu5Oq6rey6tq1wommu7yRrgtI2S+WdiepY/j0weIw2AxuLjzNSo0bptJNzabirt20bs7pdet2d9TEYPA2hFQxGJil79/cjJqFrL7Tur/wBaekfEj9oD4nfFiOTR7WZvBHgdWCW+h6QTaRPaAMFFw6YklLJ94NuUksMZANeFyWWl6LC6xQC5uX3B55V3OpByCWIIO7GWbcp5+bPSuyvkkumZEVAqKsalQUGQDtPygDAPXHfAwM5rlL6ycJKZslgSGDEgnI+VgDng4JxkYx2wa+sweTYWlTg4wTbabmkrt+7e/d31bu2++9vnsVnFarOTnK6TsrqySsm0re6utkrvRdS7Fd273loQBHv047hnOWGQChyThTn5ccqxIAwKzr+dzc257FQfmOflyODkhjk+v8OD0ANVY0WO5gBDEC2VQWGdoOScEZyOeDkDIJHUVoT2wnkR5DtTJQNjIKgDBABJ5znpgDrnDGvdo0FCCppXvblXLtqtlrez22Vrptnz9bExqNzblLdpXulZp6vXqkuy/vO5LBcuJAVwFddq8Dnp8ucZwc4OcnnOec16p4XhCXenvJEokunUFx8uEA6g4yCvcnHAIHTFee6dp0byrCWyFKFiAThTjGQRnk4w2eBk5GOPc9I0AXF94XtYmKtdTpEDgqqgsq7eAefXHPBA4JwV6NGkozkk7NNuWi0tfXl+a23ZyU8ROpCpGlGTTVlFX1leKez3t126Wta/svhfwh/b+mloQxjTVEiwn7y5nMjKoSFVyWZiQBjIGeBziv1JX4f6H+yT+zT4t8RTolz8WvHdlFHpcrhVufC+k3lrllDnLwTyQyLkYRi3y/w1x37MHw20PwX4y+HGu+LbW0i0SXVJJdHj1J447fUtQhG9tSu4pWBOnaaAJHcA7ipBLEcfUPjn4C/En9veH4j6Z8EIoNQ07wHr093quvXUjR2Ws+Uxi8mxVTtNtGV220SDasaqcAnn8g4w43wNDMcJl31mlh8vp1IrMcRKSUXqoxpc/wALTla63bVr6O32/C/COY4jAYvGyoyqYl05PC0tXKySbaWnR3ut7I/nin8Q6rJr1jrE11cSTi5YyzyOzSzmSUtI8jZLYOTjJyAB6cWfF2lJNcS3ECjbcB7mXO4EySxlmJxyRuOByOuc5Ar6o+OX7EXx/wDgfr0Wn+NfBWqxxzRpeWdxpdnJqFvJFvC7pJLdJBCCwxsfIAPPcnqfBX7I/ijXobvxF8UNc0z4beDIdJjuI9S1u4FtcXMOwO0cMTshM208KVDZIU8ivs8LxBkSy2GIoYyhVozjFwdKpGpzK0VaKg5Xu+i2dl0PKjkGb1caqVTCVoVedqXtIOEL80W5OTSSTtfyVktNvzp0HwZeavNHZW9vNc3c5c29paxPPPMWbagCRqWJOBxjjkdq/Qj4RfsJ6pJ4dtvHPxr8RaV8I/A1s4u7q61uaO31W8tUYSGOztZWWSWR0zhVjJIGMbuat3v7VH7Pf7OdnL4a/Z28Cw/FDx9bwtayeNNZtjcWUF6DtaW0ikV3/dyhmTAZTjqRyfnbVU+Ov7S+uReK/jV431GLRZpNy6FDO8dtbW4JZLe106JhbwqiggOYw2R2yK8LEZ5muZQdLBU1g8NqvbTjeu17usIOyhe289tXY+kpZRleUv2uOmsZiOVfuKcl7OMklrKWt7dbJJt99vtJ/wBtD4T/AASW6+Hv7Evwv/4S7xjKxs5vih4jtGvZ1mUmL7ZplrJGwiQN86NIMHIOeefLR8JfiX8YPFtr8Sf2n/Gur+KL+WVbi38PT3by2UDynzRC8Aka2tbfsUgQEYwRnAro/hl4S8LfDS60W18MWFlENSfypb24CyX0kYcFi8rEspYZwAQB+HPr/iHxZp99rmoaJAywi3hSUlXwZJVjIWNM9CWAJA/unPzV5dDAwjX55qdfETV51q0uabfu7OV1FW2UbWvpoTis5rVKMaeHf1ehG0Y0KUeVaKLXNy73va7S6dD4q1DTFtofHkOkQwWVpp/iV7SysNOiA+z2ceQqBlBIUBfn5BPPXPHCRWMzskoDAuQzM/DZXglt2cY3fdOfX6fUPwpk0zS08Zalq1ul3a3niCa1uY51Dqhk3pvDe2cjOMc884Hvnh79mOf4l6rpunfCvw/qPii+uJYLi6W3t5V0+2jnxJK1xeMogiihyASWBUAfKcEn6KnnOCyuk1iZQoQjFS5pNKLsujtF3s9b2v56p+JHK8wzSrD6vTq16k2o2UW3HRJu2qs20m32ufAlvok89ygWGQtsWQM6lRlSCcnC9R1Kk9GBycV7P8PPhx4l8d6zY2ug6Hf6wBcIk32aCQ20CR7Q01xPzGiISu5j90AE5BIr9NdT+Df7MP7Ogt7n9oDxbY+KfF8cQFj8KvAEg1jW2vVA/wBHu5rMyxxlmwjpIRg/MRk8c3qGtftDfHHS73wj8E/h9oX7LXwekjkgOqXMB/4TXWrSY7S806oLi3nmj+bEbAAtg47fAZ14hRqSnTy+C9m5JfW679nSWqTlTj8VS3aKs3pdM/T+H/DfEvlqZgm20msNQXNUbtGynJ2hBN2Wrul6K/5a+Ovh9qcHxF1zRb+6sIn0O4ggvFsZUnYqDl4IpEYhpQuVfByNpzwMjUl8E/DHTIJJW0+P7YVEjLqmoR20e4gHzCrOrBsk5J3E5xu617p4o/Zh8OeDvi1/wr698V+IdYmtfDNr4h1rXfPZby91K8JYq7bw5XcGKsx3EZJySRW+P2VPhK94tzeWWq6vd/6wDUdWumUA8vuQyFCV7AgjnHQcfo3DGf4t5dRxOHqRbq04N1LOLktLzt7zs+i3s97nyGf8IYFY+tQxNCMvYVpWpylzKF3F2dk02rpN73Wmlj5Rbxp4H0O2ktok8Mw3CMFZLWCTUZSMsORGrktwcHbnkc9cc9feLr3WLb7Honh7xFrCsyyQtpugG1iKhskLPNAMD3JGFyc1+h2jfDD4b6B5sWneF9AhmVQE82yiuJk2/wARaRGy3y8dcZBBGRXWWkmm2atG0NpZ2yxHbsjgt1G0HC4AAUHBGMDH0Ga9qpm+ZVPixVS07ykk9H22bVnpva9/I8dcO5XhpR5MNRUorS0F15erXz1117K7/Nmx8BfHDxJLbw6V4GFjbkBo7nXb52YRFejwIypkdduMArjnkr6Lp37Nnxe1V4oNZ8ZabpMLKPMg0iyjeVF+8QHlVjkA4J69AO9fXN98UfA+gDzNU8S6Pa+QZE8r7VA0gA+UAgtnI+b5cEHB/HynxJ+1v8G9AU+X4gW5niADG12/vByclgOyDBIwp6jgcYKtUrXc685J2Ti5NWb5dE9b7aLfVd7G6p0KUuWnSikmk2lGyWnk1Zdb7W0vsec/8MgaVHKsviPxb4p1uFZY3li+0G3hADZaMCMqQG64HAyeMcHRh/Zz+Gdl4iv5x4cWdYZoIYIrydrmOOLYhMjCQtvZj8xDEHJHevNvFn/BQ/wPbQvbaLpd7qQGCvmmNEZkJI5J3fMScHGSPU7RXzFr/wC3v4gnudSu9D0SC0k1CdZAbmUs0ARQihANwx8oJyQc49cDGVk7K2tt5btW05k731Vkrb/I1TjF2urpppO1/iTdrdbaLzfq3+qVt4T8H6P5FtpOiaRDhF2yW1jEjRspUHc+wEEE89sZ455e1/p+lymSS6t0gjZhL5skUKR5LAKV+Xp2yAOc8nNfiJ4h/bG+L2ruzQ6yNPj6sLKJRjPAIfaMY67umfXmvGNd+M/xF18yNqPinWJi75dRdNEjbgMlgr9s+nAPBzml8LV5NJO6sm2o+71d0ndflp0D2qb95N21i0teVJb6S1V/JXs7dD97Nb+KPw/0lbk6n4o0ezlJJIS7jlYKuDtIDEq/OBjggjPDYrxDxT+1z8I9Lt5baHVxqcpt5YfJtot2+TBAd3OVIHGFB5weBX4b3mu6lcF3u76aYucl57mSTJJOM72JPUcjPH0GMyTU4gRiZ9+xRhM9WOOvGBjr36DHABFOKbdpSd73bS7XXXr230+WM66TUUt9bbXu07K9+y2W+x+rGtft6aVp8UdroOgzXT267BPcuNrKAQpC5BXHy9QAB0A4NeKeIP26fiLqUrppkNlYRHIUQxFpO/BMnBbPU5x+HI+CRqasjAJkAg7iNz4PXk56nJ3Y+bJPQkVUbUrhVPlxMf7u1FJJ5AIAHfjuoyM4wDTVSo5JwhrLsm7LS7euydrta6swnWk2nzJJ2fWSTvH1Wu+q6rd7/SfiH9pb4ta+0nneJr+NSSdsLiEEkkEgo38IYqOpxk5xwPKdV8feLNT3C91rUbgtkyNJeTHPIYkBm2gnJHfJBPPWuBD6lKFEcEzliRkxspB+XAJ2hiOAeoJPTjGHjTNVlZg0TJvJDE7gAOOmQSc4/MY6YrTlxE1flm77uzSsrWT09Ho7p66NmX1ldai3u9YXVuW7tda9L6u99yzNrcpkdLqdnLEFWJ3scnHJJPUd2IYnIAycU7+04Y4ywkLZBIDAglh1CBjgAnk4IOe+DWBc6bOl4tvkGRsbTg4JYrnB7jOOBx7cV6/ovwku9RhtZbq4SEXEasuP4VK5BGcgnjGOnfGMEThsBjcVOcKMJS5Xtre1otK7vtbbTzT0JxGPwuGgqmIqxjCSurtap2TW+/8AwyvqebtrG1WMYUFv4Tg9umc8jkejYweSKgbUbqcBFBBYYwoJyR3DEH1ycDGOOOK+gIfg9plosInlaXe5y+MjGcADHXjqB169wK1LvwRpOn24eKBDJHlANg3MqkYwP72DyMf3iBgHPu0uFcxlFTm4Q1vJW1W172Vr6vXpbzPmqnGGVwqqlSm6knKya0i37rST00s1e2r3vY+a4YdTnZ1jhuJGONwRWHqfQgHAyRk8dOet+Lwxr90AwtJR5nTeSoOD8xGcAhe/t05xn6FsdFjh2PEiFXIAAQDPOW4OOeeTjtjpXSSWEUEarJ85IYYIxlycBV6A55Geck9+/dQ4Vi+X2s+11H/t3quu7VvLc4sRxjCN1Sh7yVnd62vHdXtrbVrX1Z83Wvw91aVWa5ljgCAs4bknHocgcHHqCDhQFArUsvAdj5268vx5QK52lVZgeCOo4Xad3BHp1wPX55IvLlWRUVYkYMN53ZHI3ZwWPPqe+ODXmF2rCa4ZWG0N8ihiML/CBkkHksNp4zgDjNaYnIaWF5VBQdkt2m/d5W3e/W/n2adla8Dn+IxnM7KCVrJRenw3te92929O73NyLQPA9gys+JnZSCrE5U4OG4J468cjn1INch4xttIdLFdJt/JxIwfYm0OBg9TnknHGDkAleMYtCHzEDMcOUOEbr0wR5n0wAe2MADisnWA8a2Y+dQHUkgqctnjtjn/Zxng4Febi6UVCzhBJJJKKXMrcuqtve2i6tq7S1ffhcTXlXScptNtq97rWFlvZLv1ulbax7H4QtYIdFU3ttaoIrbdD5gUFyCcl+5bp1JBO7INc5qN/C9zK0flqochVBIVvQADHAx3z14JxkczHrt5cQR2qRyNtj2KRkggDAAA6knHygnk8Dri1Y6PruoFVtNOvZ5CS2UgkwAcqCxZMdVPtnnivRg4xpQUIptRjfRN3sr3drdW0ney10Z5dfD4irXqSlObTb0TbaV1e1rLTRpK611e5ea8RG3SMNvA2KducfMcgepzgAjjnJ7xy6nAiqIUAXk53dFyfUcHaPxPU4PPW6f8ACDx9qyhodCuwshAV5VKAZz8w3ZA4xnj157jv7D9m3xdLGv8AaV5pmlgqWZ7qeNDjOScM2OBzkYz19SH7b2aV1FWd9WpbpWb00s1dW117phSwFRr3vaSemt/d3Vkrp79V5rc+drzUpLiYRgfu+jY6FiuQCGyf4j93GOCMV6Ro968Vhax7V3qCQSTxgHJOc56ZAHb3xn1uD4FeA9IRZPEvxJ0mFovmkht5opGIUHcBtfAIGRyp9e1aMerfs4eFVCzanfa88bEDyV+UjH3RzjGTgdc59gCsLjadCo5TfM2lZdFt9ptLd6JadbblZjlFTF0qVGEVBKzld2va1r2dr9louultfF7m6vJd0aF9jSA4IIyc+mctg8jjnaQcDGHW+hazeygwadfXOSMNFbuQWH904PX2x1AGOCPTLn49/C7TMx+HvAJuzGzGOW+VTwCSGJbv0JznPHdhWFd/tQeKxuXw94e0vSYuBGFtEdhggZyyMMgkd9ozkDkGuh41VE+SEpyvoldrokla/R77pLrdnNQyCFHlVSpDl05nzK91Z6q93fa13o7JGvpnwS+IeueT9l8PXSJOMiSdDGAGAAwr84VRkjjGC2CQKzIP2cdat9UvU13XNJ0xIXO5nuYRIrbiSjAOcHkE5PJzuNclqv7Qnxn1ZVC+IryzUDAS2hS3CKeCIyhBxg7TkjBxgY4rxS/1jxdq+pXj3+rarc3M8gacPcyZkLk5Zhu2Es3OegxwR90+LjamKnOnanKNnZNQdndK2krW5W7PzXZWf0uVYbBUFVjGftVK6km9krX21sne99b/ACPuDTfh38KvDrQvrvxAs2ZEPmwwSxvggchcMxPfkqSfl2nrV6b4ifs8eFx5KR3OvSxKSpQtslwSQWAyACSByvcnjmvirTfA2rahL58skhDIWcSyeY+MkjG5jyRk4yeOeO/U2XgiyD+XcMzyRhSyhPm645C9Rg88Zx0IGMdFPDZlVjH3pQhazTbikly2drJpu69F+HPicTk2Grv9xTlVsm3Jczez1vb5NNro7H0/qH7V3gizjWHwv8PLeOSKLy4prmKOTcAMDcWUuc5APzc49ea8v139qf4havEtpp2l2OmQR5Mf2e3w6Z4BBC4wPYYBGenI5y48NaTYQvJBBEHMIBUgs2cHDL2Bz17/AFINcncQIHhC7VyoJVRtydw55OQxyOVweeueBUsDWUo+0qybXu2Sb1Tit2777PbW19deWGc4afOqFGMXFpJJJbWta2n4dCzd/E/4tamrCTXJ7aN1ziNiozJnJxlmBPTA9j9Of+w+K9cZhf61qFyzghozcSMm0nDMFBKrn8MDt1A75NNjeEoiKSI1dywBZSowCvOTk4GFIIJHHpraFcWFig84oZnfkd9vQ4ONvHBA9/QDHRSwNGUl7S7s02r2V5cqbfq1q9u+7OLE5zibfu4pPZNpXu+Xoml16dbtnn1t4Gto223Ms80hwSrlsfOGJwCeoxjP8Qwc5FfpR+zp4T0Lw98O45m0i2kutSvpZRPdWsc84VcbcO6mQRj72AwHI4AHHxdZvBrGuQrbqdnmxQxgg4ZndUAPGfuljuIOQMDNfpTodrb6VoekabEGjNlawxuqrtTzZFDNuAAzjPGO/sK/RuEsmwsatSv7GDSglFySk7ysrp62Td+npex+UcbcQ45UoYVVZQlUmm1GUo3UWku7s3ul/wAFQeO5y3g/xMEWNI/7Bu1McSqkQHllSCoAbOOOnTOMnBrg/wBjaDb8INTkzvJ8S3vyYO04kDYLY64Iy3sODnjrPHJdfBXidU4Y6NebixGOV4w2Oe/H8I6Z4Y537GcMn/CmdQZAnPiW9QgDduxL3HuOcnPXn29PNlClneCUVBP6vU206w1XTTazXXocWSVqtXhrMHUqTk3iaLbbcrJRVu+yu2t2rH0EPnlLJH5SEeWxALZOOACc7eQcnqfbaSbZgUHLKE2qCdmVZic4Jx0OOSQM88ZOM2DbbS+D8hbGxVAGcncMDnIOegXPB+uslvF5TEqxX5cED584XPzHg543Y6HkAMQK6ZVfd0bdm3t2cXqk1JK36X3R5lKMXGTez+S0a63vbV9tFZ6WRgNaxwxOCFKqd4J4Yhjkj6Z6Hoe2OpS1jbJcKuPuBD8xIf8AixnPGevYdMdtSeGN1IKsWKAnOM7g21SeuFB5JPGOgwCatWlpHEQjhiW2uXX7wGeg6ZBHHA6g8jPPPObldq3bfRXae22mmvSyOxxgoRcY2skn71r/AAppaPS8kpP3erIpLQeWoMqJlVPlpye4KsSOMgjAyAeuDiraKoCRoFZmUblQnaNpIwRwCCeCRtx6HHF1LdVywUgvg4ZQzMhx1IBPIOD15+Y9qPJiIJUMpRvlHQlMnJDAc9ASMZJ9OQM227JS2atdtbqNrelvW/TYmast1omtbt68rWvV/wB1W3aWq1WLDO287gGxwi7gAMgYbkjk9SvHNX4kRISEYM0gDEAENuJG0KR/DjHOCO2fWkgcId6MNy7lU4BXLDHU5YkfMfQYHU8akEeVIJbcVDh9p4xwVAwygEZAHHOOvGNoJuKbaXw3Su23aPVbPlV9F0Zi1zRk93ZXez05dtna1raee+q5DxLGz6HrLzIsjrpuobVZgWQCCQj2OBnPr35FfA/7HCeZ47+IPloWYW9xjkjbm/fHJ+Uj1PcggY6V+gvi028fh7VXlEmW0nUMgABifs8hHoTngn0XIGK/Pf8AYzkB8f8AxBdFd0+z3BIzjb/prY3YPI+nQ8nivExrcs3yjlv7rqK9768sdr6WavpZ/NJ2+qyNP+wM897alSVk7vePppfX0P05gRUtwG3MRGrswyD0wQCcBgOfu9SCd2Oaw7wSyTAIhKbsKjHduBDEs7ZzwxyFHOTz0NbttKzwBw2NigCNhlVJwBnjcR9B0H0xg3bBbjzVyDGHLFCQjfNgqT97uMKQADnYv3a+ildPWzeju0rXXL81drz1s1Hqvjk3eKvomtfhX2dObdqX3XStayREnLEqgPlsFJUnCgfLg8dOg4zgngikmhBUO0r79pDKOSCxyArc9RxuyP8AaJHFWYWjYPIrbRIBhDldwZQSpHc4UlcjaMc9SQychmDxp8g38bhgg8cg5wASDkZwSMADgZ8vNra3ZK9/e5XaS0d9Entr5b3Utonrbmta73Ub6p6t33dvPXVstdqqwONzMgAOdx29dx7noe3f04tmVzLlgoVycI2ARgYJGR97Jxj0P8IGaqRIHffHgGMD5BnKsfvc5IYZ3EYY4HTjmrixq7OXPEYLAHJJOScseSMA9z75NbwjJJK7V7bNR6Kz262XXTz1tE94abW3btb3b3v3erfdve6GENltmGKg72VQANxPUHknpkjjJwPWnBWf+EKERSyqFKv67ictk44x1wdxXAqxGIy7shyF2krglSTnluPu54IU+/qRLIqksFjPAO4A4UnIPKnkAbsjI7gjrV21bWvwrXe7dm+73XV3aSBxiorVrrZWdrpXTfS62vpr6mLPCwZZFDASAsV4UZGBt4JIHOMdWGDjjA+PviVGE/ab+GpHWbSXO0nKglRnr25GRyPlx/Ea+ypR5p+XAWLaNqsx+bGSAemBgBh8wyCvPNfH/wARovO/ak+FiHAH9mNkLg8MD05I2sOcY78Y6Vw4u/tMDaybx+D313rU073tpey2Wie2t/byRNvHNNP/AITcXZPWz9hayuru7tfpba17Hyj4xuBqEQ0uSyhiNpKVjMzneqsdy8DdgjHPHJOQO48vuPD11JGYJdZVImUMsSxZAAydhJ5GOnHynHvXr/xWWCHxHrsVlEAYgrRcfvY8DgsRgE8HPfAxnOBXzm2sanG8/wDphLBjEAygsVGN20EcDBxnp65xivwnNVjViXyVIqHuq6Tu0uV6u6uu7bsnutj9/wAvlg1Q5alFucW03GW735ndxvZ7x16WW9tzQI/s+r6am/zcarCm9SFLBGwcgbgRwOwzjPQivu7WvD1nffD211i7iEvl+JLxn2xGV2hjtoy2Ew2SMEbiQB0yAM18E+G3Z9S0difnbUUkYgYJwc5PB9zX3z4r8eXXgv4SeF47SGCQ67d6mlw9wivHFFNEsbMvGN/YEd/oK5cT7d4Cu6TTqr2Sdmk7SlT5mn1s3fftvZHdhVRWIpupdUZKXMt1Hbl0du+0Xtfrv8c6z4isn1Gf+y7WP7Ok77HlPzFkJAUKAAMkE8AKOOhrB1HX7zUYrezm2LbvdKfLBywkGBkk4+7u4yAOABxwev8AD9hoE1zd3t1co6wytOsToAHaVi7A8EhTkrt56j05xPFtrY3d5bajp0Jt7QXKqFQqqMQAcgZzg5PXHqOcmvOw1Zxq0qU4yUny8+9teW+t7a3s9P8ANbTwsZ05zVRSiua0esdF16JK7S17Xdnf6j+Eto1z8JfitbIu+RbKIqqhiSSpAAOOAOTjB74+8TXxxcaKttK0FzbXFvOFVmDLlQRjkDAyuRuxwp/E19z/AACtpZPh78UbdY5HuJLG38mNRku7glV45JJI5x2BPFfL3ibTNfstSaDUbKWyup22CG6V1kSEjCuocDch6gk9cH67VsyhRxsqHtIRno4pvW1oq9lvt66LY1lgKk8LGtGLcNIuduZReml9NWtmt1d30PLGsI4pk8mcSAOCxcYKsFD7dzcgE5A7ZwvAPH2h+y+jjTPiAqspa48NzDuRlndflJI3c898YODwAPk/UdHvbAI1yjRrNvaGR0O1wmcleMkDacHBC85zya+sv2aCq2PilUPM2gMDtJwSJHOScDg+uRg9DXTSq+3leT5tG7Jq9kop3vrftr118+VU5wXK42sktN+id7u929ra2v2Pky/UDUNUQ7cx31yMsQTlZCnqeBjA42k5xnBzkyqzom8FX3r8ygOCONuSMk9OmeOO/Fem3aaKmo6qDFBJcNf3qyo7PuLCZhlTwpOfXAIPzZ4JzZLW1jjlLxRplSfLVQxACdVY5wRgN8uO/pzqlGStazT1+/XeLs9HbV7+qfJOapzSu7uXL25X7uju3t3vd9zqfgoMeItFRWbLa/bqq4JwxKjI7ccck9eBWn+0Dpkw+KniIs0TSboiVO3hQhGdzdjgEHPHVT3FT4ImFvFugKgYq/iS0AyTgjzQeGIzk9CAWycDB7+s/H5dJHxI8SxTxL9oDxMZV3EqCFyeD1A6dOmeQa0pSUYvS2tvJt2fZ2d0raLbVvdXVg5xjyyS7dnqtbrW9kt9F1d0fKNtp8xVmETBowWaRAoJPIA4yCoABII+bnqDmu6+Ek90/jW2MpRVBgB+XBAW5Tdntk4GP0wQSLpTSktsRTABQwQ4IMhKkhSMYGCeQW7k5JxR8MtqeMRKBjaLdnB2ggG6XlTxnOTyOQCAeRxdSfPBOKSb3t10VmnazSVnqlt1KoRnGUbySjoui1vDV2aVlpfd6b6o7n9qeztpfie0yyNtl0TTvlZBgOYV6Ec9D9MnIJr5wSzeKQ7TtUKED5ClsgkDggZY44Y+vPFfUP7TkaS/EUMinB0DS3XdkAnyASUJzk/KT3HX0yfm6O1lc/OrKQ4wpboBn5uM7sjJGSRgqw4zjKlKUoqTu5JK9l/h2urbtWfql53KynNavW6Sbeuiunsulkv+H7n4WQyy+IYZJBlY7i3hXBzmYzI6nk5AIAzzjjBByMXv2lbj7T8SH3g700qzQchiFWNQOvQcYAByQPQ1sfCrSmMtvqgfbFJr0NtsIIcvGCQQR2bGDjjOByeK5/8AaCiluPH8zr5ayGxgLKzYaPaPlAOCCuNuRnA4+XvTrRm8LG1/iVrPdXT0vblbe/X52RrhpJSla792y72TW73ulvppa3p4xpbxqxXcAzK4JHXH8Iyvt7cYODX0x+zxkeJNTYksV0pguScgNIhCj1IwcDHTPfp856dpt03MUaOxy7shBIIX7oBGAc+5HfByDX0j+z+Xj8Q6mHAVv7NxyeuJUyAoOcjHPAHcZA5zp81OMOaWr+61o6N6WtfXe+/krlOTd+VpKy006xfy2W2vrsY3x5uGHxP1VGwQLWxTByMDy15wMc8jGOpHocVxVvK+YVQKMhDITnAwOTxwcqQfqAfp2vx52r8VdZO1iWtrNeThSTEhGSTlVwOD90nbgDBrhbSVQ8Vu+CWKlWY9FbqpIPQYHByeTyKwrycqkmlZ8y0Xy2163vbRW9Rwsmrt+9Zppap3jfa97rTe+mqR6F8OogPEczsMYtZCWBOODwSOSQRggnjpniva/wBpx5Jl+HccSkxp4TgyBjKgM2SCTzgEZGTuA6civFPAKIviMoPMA+yuAQcK/IOB3K5555OBwOWHvP7Q0MtzH4DYtAgTwpBtDttOVZui8EnOAMr1HYgmuarpQcmnpLom3dct7+eiVtPvTZ10481RW6rW7d9OXWyS2v8ApbdnyBEZCQHY7QSxLHcBn2B6EntwD7g16d4Dt2XxV4db5AryjPTAO4AnBOSc4Iz+PGAOIazuIEKtHC0rgvlXUnacsDtzg5Hb5sH0IwPSvh3bF/E+hecOQCzPuIGQQQMYJwCQGwR6exnD1IyqU9viV1fa1nd7WXTdp3tppfWpCUacmm5ScVa+m7i1e+llprfVvpbXs/jh8/jwLOUeOPS4FUgkFeRtwuCCBgscg8cjpivIUghkDojszblIcfMATyMqSAWHGTkAkgDIPHr3xuRpPGEjALlLC2AZuPlG0jJK9gccZPIPXivLYrNkAkS4QQkbXUZIJweCGHJBII5JPrxTqTkqs2mmnKyemvw/P/JO+tkiaUajpRdk/ds7u2qSTS12tfdrv1PqD9mEiLxs0bsxXyFVyWBOONrcHAO4gkgjABrl/iK7ReN/FARwB/as/BH3gXPzY+bpg9DnPUDjHV/s4RLH42RlDhJbBnBGCCw3MDx1HAyTkgYOP7vGfECe0HjbXYLqzneWW/nlWYOcg72VcLnIAYZIyB0yCOBzY+onClGzbV21v8TT0utbp+ezvubYNtTrJrSys1d7ct9r38v8tTPRlaNyGUYhGQEAGCAWOcAkAEZ6nHSvtf8AZRck66oMbKfD+oBQcchYn6rnIK5JAxydvGOnw0JE+ygQq6kERyscHBJGAuTk4G3kkgDCgnbX2D+yrM0V7rkZLY/sy/QsGAyPs0hUZBxk55GMkE46V49SSlSmlHl5bpLpZyi47XV7aPb5627ZRip01quZ8qVkrJuLTbt2vfzvpuzyzWPEZstVvFeGKcxz3SlpowzAiYgbTjgcEYOep6c11HgzWv7W1a1Wa3jtLgKDFNbkoCgbcCVACgkj064xjgjyjXZfN1e/jJO4316Gc/PkLMxJPboBns3JOT1774fRvDrlnIpyjIoVmA24AxnB75JxgHJJCnnJ4KkaUV70dbK7T6y5W7L0V79dbu57eHu5Rs9Lx+H1V73t+D6vc/Yz9ma+MXjL4bjc8jf8JHoQZ2OSCNQthuweoPALYyfXvX9xcEhaw0zlh5ml2JPHIJtozkEnJPsTyDz7/wAMX7NEyjxj8OyULOPE+hROW6bm1C2cAH7vQEZzxwcZFf3M2xzp2k55zpOngZODzbx8dMcg4Bxz071+Y8SOPtZpJfZ1t1umvS2mnXpa91+n41J5dksr7wrLz0VJdmr6adPImRs45JGQG9cDPoQCWxzhgvoQSMzhVBDZznnaMjGGwcEnA68YJzgAECq4Vl+cDg4Pyj9Fxz8vTngHjsKehkLfMo2n5h93HGe3A49CMfgDXxvPZ6K3Wys/5eu6/TsrXOHkUkmtdLcz31aVlZr4Xf7NrLtduyAcFucgNjpgHPAPAGeevzHjHAwadGWOQMZyACD3yc8Z5xjp1Oe3IqssrsAAMZ5J3DC5yPmB49CMgDjnrmlDlSvGCcgHBxnGSSw4yeck/geaftW9m773u7rRN/g18tzP2MdbaO90nZXS1vopXvq1bovMuA4AySGHU9z13E4GMEEZJ7sSMcGpuFweoP3ScYxkZHbPU5yRjkAiqIZhlQcsTwcnDE4I5OAM8fnjJ61IQykAtkbhweRtB+pJ4z7HA681UKjsut2uu+q33s3302OepB3snG1tJR13suu9m3p5O5cwinJwSATheM57Z5GMkZIOQe2Oakj52gkjcccgZTI9exPI5JODjOcYqb2ABBxg8kcgjJ/EjnkfXOM82EcnAwAAckKe4HGAccE+p9faumNZOV730s3vtZW0+Wr+4wnTqNX5nfrrHRaK7u31Ta7du91juzncVJA9CemBjt1JyOSMfNnio2jRuM4BwORgDp24ZgcYByevBJ6MEjHO4/NjGSuTkA9Opz/Fn2xwRyjuWAyw4PLHhmz3GMfeOMg4565GKqc4SWtrq3W/Zr/PbbrY5+Waate6erjpa3I7aX7K3Xz0FMIZSqknK9cYz0HTPQg9B1BHHWlETjG3JZeSRknOD1GDkcjBxg+op4kcAYGMLyTglQoyMgdcAA7ckZPGKkDqcYYjGS4ySTnnO7rn7pHoPoKya02VrJWeyd46Pe2t1bS92npqXKUrqz67WSjtbmWqVt3pu7eirtCmTk8kYwATnlVwMDBC84z78gdGfZwGwoznP93gdD35PXIOc8jpkVaDIDwpwfu5+bOM8A5zkD+Ic+4xkIzD5SRwQwGc8EE498nn68YPHMqCdtkt9VaTS5XtdrSz+1ra91shyqaS5rXVrW21jpu+Z7b7J3Wm0PkLknsuSoG0kHAByOcAHnr6556RtEF+YdSM98nBxnHGPYHJOcEcYqbJ5IyM7sEH5cDPUnp6449AGGDUm0KyMMlgCCM/73Ppg9OTx14IBos7pJptbJNa7N32u7tLrfVapIj2kou/NK77aXa5VZxa69vnrexT2Kik54z0xg/N2b5sZzwTnAxgcjFAjUkjPBX5QxJw3QMcHIx0IYg8gAc1oKoIOVUkEknrg5+gAPGMkDAHbpTGjBGflOMscDOQMZ4BGPccLnJ5PUatuuq376dE777O+um2xSrS1V2+azla2j91XTXpZb2106lYKc4Odow2PvZxjJwThVBDE4wQAcjHBQbSeQcDkHB555OMnAGecdyCBg1dWNCSR3A4JIxgYwSerfoevXBqfy49ighVbJ4HHBzgjjp3IxzkY5IAagm73Sej0V7Xtb79nfZL5k+3b7tLS2zsktfN6bu6aVu9ssxLnAz14bGduBnkHGCWzngZ3cjOcIIVAxuyepOCQOMZOeOBnJJyQPpV4QsQRlV+8ckbsEkHg43EnP0GT0A5aE+YqACQASMDHHY8ckYGOOuSBjgwqT0cVtbzbXu2dtu99bt6X1sUsRe+sVbeTel1y2fR330urPZpMqG3AAyCBkHIC5JJOVwOhOck5HbBHNJ5IUFhk5JzkgkZOMY6ZOOB0GAMDgVa8t/4wMcHBPHJyAOOmM59x37M8uQFcDOFOD1HIyQeecYI3MSfbrgcJxtd3VlotHZ2Sb6rW2uumqutBKrU0vNNaabu2jStdapW01bvfexX2BCVCkcZB9WI7gevt/QYcIwQTtyCevcZJyfqcf4dKsKjbvm54I3EFiC3zfL6A4P0GTwDgOSJuMr8vI+oz2wf1IODnJJreFLmd7WtJWs9/htdpdru1mrPq2rp1kpNOSvZ2bWiTtp02st77Wu7MgMYbODtI685HA+VQeRk+nOOOcU5IOjMWUDBI9SwOSQDySPqvGPcWxGQpKqN3J6cgjgjJyQPUkdQeg4M8cZzntyeQcgf7QBxgHPHXqcdh2U6TVrtaa37Ncrt+W2ujt3WbryV3Fu2/n9l3bafTpqrejKYVAwxgFuPlGQp7A5BI578dB1NPWFTkgHjHuucDoOcbeCR0PXFXNnONq565x1PYngEggcEjdyTheBUqoCGBwv3QOOT93dznGeoPO4jC89a7KSaa2aurvVvpbp3dvL3m+5nKp7qTbasnvstPktPVt9fht8//tPq0f7OPxvO0YHw48Q8EHJH2GUDpg/MQQck8A4BAr+FGwlKLpgKqiCwnVnY7SGN3KcjLA7Vwc8bQSR2GP7uv2oEz+zl8bI1/wCid+IgCOSSbNwc5XgnHvx64Gf4PdV8FaddGxvZLjUVmktJlKQXjxwqBPL/AMs1faCCWzhcdM19rwZUdDiPCyjFzm8JWuuay+OPXra22t1ZdDbMYRrcH5nBzcIrM8I78rk7+x2Surt6K991ezVyj4muma50bDxti6YZZkI4UYBBzxjOCTx2GTW1bTuAkxngAXadrXCBQd2c4Lf8C4OT6dM+S6z4S02O6sQL3UhvkkVgbuY7cFhhctkN0IJ45IHBwNu18EaO0QJbUJVYADN/cEgFhncC2cj5uxIHA+Y1+6U8ZVd37BatW999LXeieqfXW+nXU/JZ0aSikqs9NvcSe6bt71117r5vX0/WL2OfwtdwreWDXMl9aFUa6h3gecoyql84HGSRjA54znb06aKNoRNf2DqIVyRfQrsIUFv48BcZ5bHzAg8cnhG+HXh0aDe3NvZ3Et1GbfY7XMrFN74beCcdgM55AHzHitGDwfpts8Qj0pDHJCglaR3YksmT1zwSccEc9Sc1vTr141ZyjSpt2puV5uz2stPlfq9etjmqU6bppe0qKzsn7OKuvdvvJq6vZbv71bS+Ld7A3wh8arFdWVwy2+nkpBcxzSc3SkHajMfmJPzbcAdioFfijrscn/C1taKwqZTYWrruJADSIv3h1zgYHoQTjbg1+wfxO0a1074N+N5Lazggfbp6tLFkPtW8VgMgcY6EZ7cDJzX46ao81z8W9Xt7eGeeaWys1WKFZJJsrGhJCqCThck5wMcngHPi55VnXk+ePLP2cY8sG5X1iovVLdtJLS/ketkkIU1FqcnGM27y5U18F09bafld7ant/gu6u7f+2gqQxEaDdLIFPPzIwO7OATjlsZyCCBxk/NTSP9pZWGFYksMnbhnzkAYwecBeB2Bwa+kfDeh6ha23iG4vLHUoI20e5H2i5hliiYncAodwAG+bkZyQDgjHHhGi+F/EninXJNG8M6ReaxqCQfaWtbVDJIlvuB3hQCMAYOcgDvgD5fl6NCs6k4unU55cqjTcHzy92/uxts2nfyej6H0mKr0lCnP2kVGCbk+dckfhvd25VH+bfXex3WhPEPCuusqxhluYSpAHO5Cm3PUdSBwCc/dPUeCW4c61IEUKv2uXcc4+657gqSQCR7+mPmr6QvPh7478JeFNSm8S+G9X0m1uLy2SK5uoyiTMdoSNTgje2RyMdOe1eYeCfhV468d+INXi8L6DNqj6PMZLpElVDEsnManeQSXyeOckHODxXRHB4p1lT9hW9q5RapOm1NwtF6QspadHaz+5rnqY2hKFOUa1NwjrKXPFxi200uZO19dbvXax3fiC/kPgjV7QuWBsLTBIyBhFUjPzdW/XpwcV4Fol0INT09i21eA7AA4yQGJB4frjBzzgYzX094u+HXjfwx4blsPFOhSaLcarJFb2CyypN5vlRszcxsSrKq8ggehwOR5N8Pvgt8RfiLDeal4S0qO/tdJvntJnMyR4kO792oZlIbjnB45OOTmngMVVxksPDDVXW0l7D2bdRLli3dJNvRX1Sut76G1TG0I0YV5V6SpfD7ZzpqO8UlzXs23aNr3bRW199EutMublYo/tcGoxQrJCDGXidSXMm0BS3y43ZDKfukgZrhWsLOfa0M5jeXdtjmyFwOuc9TwcZPGQe/PrHjH4S+Ofh9p1rZeMtJTTbjXNRM9gFlSUyx26kSsSjEDDNyM5weM9a6D4dfs0/EP4qaBJ4m8MXOkJbWU01qLe7leOWW4gcocBcKRyQWOAoPU4rKeV4qvinhaWGqPERTvRjF88bKOrVltfS606rYP7SwtKgsTWrUlQk+WNbmTpyu0laV7aNq2vkfNV/Z3lq2J4JIkb/VyBH8qUE8FWGQVxnaemenHJySZGZyVC46MS3XOCCxAPHJODuxjGTmvqf4r/AA/8R+CdPuPDHiCG0h1PSbLTtQuTbN50WJFLbYZAMqGwSUB42kdflrQ8A/smeNviR4MsvGHhzVtElh1B5wNLu2lS6TycblEhynzdgxGfRRisaeVY6pXlhaOHqzr003UpRTlOKi022n6ra70SSepVTM8DTpU69SvTp0Jv3ajmlCTmlaz2Sa6rrZrU+RGc7QWLb2VvXoMDJPQEEjDd8Zzjo8eaVG3IAXIJHUcAg+gzjP1OO5HoHjj4Y+J/Amp3+m6zYLbzabIkOoCORJlhlmyIgSpYhH2kjG4g45NeelZCFUghlXoSyliSVBI6bc+2OOnUVxzo1qM3SqwlSqQdpRaalCemk09VqtNN2lrZnZCrSrRhVpuNSE0pKUbSjKLWjTTs1qmrrVdkSBZNoBwNucksfl7ljzg+vX3J7l4WMAEuxOAzKoJB7ZY9gcgfhyuW5jJAC7iQSdrdQMDn7uMhgcHtngelO2shZkkAAwVG08ZAxu+X5enPbOSBjmsZS28rJWS8l5bu712vdvdlqzurXvbVtu2sbqyttbft8gaNQEIBK5zgqRjbk4HRsDoxGDgAYB4MbBW6tgg5OMnHA4GezEYOBx17ZoaRywLuGAAIJ4QAbskFeATk47jHGOTTcAlZCSAzAqB0wD97Gcg+x46gHOMw7Lqls7aau6VruyWzfd9Nmg59lpe68tNLO10l37P5k2FAVyH65KDAU8qAM4yeSffJwc5AGna3txZSedbzvA4PyhSVCsBxgjg8nqcZxg9eMtmbdnIYsVwNpG0kk85HOeBlc47YxQGLlg5A4BABJYHAzuJzzgZzgHBBPNJSd76tPTZW05Xa6eibbsrpJ6lp25e/d28r6puza28/kenaX8RbqKJrTWrOHVIChRXcKk6ZHLbwMk4PHI5wCQAa6i1HhfWIC2nailjesoaS1umwVbuiuxGQWHPJJ4xzwfDBKMbSVBUEDBwQTxy2MZ7DryOR3AHY5z8r7gSQArAKMkkhsk59GPbIAFU6i2sm2uW270a9Y6JPsl91tlO8lzbfy6tPVX3b2vzXe9rN6ntN7pF/YRLK9sHiAz50GWIwvyurrknPufTPfMOna/e6c5kgvpGGGxbXJLI4JG5drhgpY7uFPAI4ORXC6d4y13TESOC8NzAyhWtboiRAgOWwxwQAOCCGwDjJyAOni8ReGdbaNNThOl3LcedEo8gu3QkDoozuzwcL2xgEXZXXu3s9tL+7a6uu/wBlys13GlHmSjeKurLon7ie70e90m3ol1sd/YeJNKuoi2q2zadOZUkS5tX+QMDgNtAIKY+bAAB5zjAr2H4deM9b8E+JrTxH4Y8R3MtzbFp7S4tL2S2u4ZCpIcCN0+ZOMAcHleoIr5pn0KRIi9jdxahEx3RtFIJGVOfvJk8EZ4+8vQY4C4j3N7p9yBA9xbXKYJKfIWxzkAtgDgE4OSMY4JzwZlk+V5xhquGzDB4fFUaqcasKlKNRSi1quWa0drp+j3R6OAzjMcsqRqYbEVqfK00lN6vS6etrdWnrbp0P6E/hT/wV1+JOjW+j+CPjN4b0L4reENPtZoJNK8RafFfXxilBDMlxMjOXMbEg7so2DuXBr1G8+E37Bv7bGi3uufC7xWvwN+K11I83/CJ6vPDBoL38hLLErSlEiR5GChYj8oYgZFfzmaX42nRkOpr9q8s7jMrbbgDI4ySCAeu3dwT/ABYOfTdC19LzN1ompva3DOGEKyNbXCMjfK6TIyOJQdpBzg/eBPf8FzjwEw+BxdTNvD7OcbwhmT99LBzdTLqs001HE4GbdKcG7JpRhK17NO7X6BgPEDDYunHC5/l1PFU21GdSmlCor2vJNe7Kd1u9W+u59c/tF/sU/tFfAhTJ4m8H3eseD4rnzNM8WeFlOr6RPBnP2lnsxKYFdfmLTlVHBA5Br4zu9HuHMOy2klllmVBK0e0+auFZAHxuJPG3HJzgfxH9Mf2Uf+Cjfxq/Z5nTRvFSf8LX+HV9cw2+ueDvGqrq0J07O2RbOS6WUAvEHRVBVc4HJGTtfFHUP2Wv2sfiD4q8Q/D65X9njxbe6ppt/wCHvCWtIIPC2pSzTot7BZSQHbbXLSOfJTiHCkEgdTIuOPEHhCeKwPH+QwxmHw1GUqXEeR06tbC14QSXNisCuath5yV3KcPaQTb1UUr61uFslz/EUqmSZlClCq01hsVOMZwb5V7JXt0vyvXbVp2v86+FtD1K1/Yz8dXF1DcQiD4raLC4eGRIyWgmyuWAHyjac/Lk568V4P4VCx65ZKEYxLMG44I8yNyQc8jkZAHPY9Of6Rv2jf2R/DHwd/4J8+I4rvxVpGpWRm8PeL5dUCwrFqeueUon0+xvYSUnaPzGGwuzMoJ2jiv51/CltY6j4ltGsp0NrPchI1jO5S6xN8qkMTlQpUckHrg9T+p+D/iTguPcuzXF0MLVw9KhmdfDxdaLpurTUKcoVFGcVJJp3s1dOys7nx/HfDKyXFYOFCvDEwdDkcqd7qdKSjOLTS0Ur69Uj4K8alT438UNKgAbWrzb/vF+AAQzAHPqT1GDzXtHwDVF8b6WuFOLK+kUMoJ3fZ5BkMRnGM525OASeoz4x8QHhtfHHicHcyR6/eK4cMCjCQjGMdMZYA4788CvS/gpqkreK7eeBVUppl6qFiAQRC4H3hgY5+Yc5GCBjFfo2Hqr28eRrldR6u10rrRrzXkrdVbf4mcEla3NZR5o278rdrav7tHdN30XnXie1C69q0ybdj6nd7QwGSvnuWweSCMDJyCDnmu/+EMoit/iGyFufDsgxjLH0z17A8/UFgcVwF6Jr7UbyNFee6kvrg/LvOczspxtGAG3AEcc+uOPbPh5oU+iWHjp7yzME83htDEm7LSGUAAN6hu5wSeh2kEnGpiKPtpKVaMZOT0k7PddLrq+mzRH1erUjzRhKML3ej7x30t/Wu588X/mzTNIOF24CnAAyOmckcg9Dxu9AAF+iPgZ9pXw98TGMYIl8HXYReV3BFBZx/dAzksG59cV5aPBmv6qpu7Syka3dlTCDK7scjpgjkcg9e+TivoH4Y+G7rw/pvim0vw7PqHgjWmKAlVTZCSgZsg7V+bpjqAPQ40cxwNWq8PCvCVa0lGEZRT5k1fTqr6WV3pr3NqmErUacas6c1SdnzuNop3gl3XK9baNpL7/AC74FMn/AAuL4Wl3ILeLtCyEB2q32tCqkDqQTk9+mODX1n/wUCuriP8AaR8eeRJIVii0kO5RmCsbGAYwBnjcSccgfe46fK/wL0u4t/i18LowUYz+MdEdHJ3FT9sUDB7cDkZ7HGTzX6H/ALRp0vTf2yvGU+v6cNU05Esoru1kjjnEgbS7c7likDIxXdkZ4BPGT1y9o41ZLk55JOSS0bScbxTfWXy27ts74wgsPzSklffyso9dbXTW9r3W2iPzI02/IulEok2FiJGwSjHHRc85J5wNpz6HmtyPV4IZoysULqUlOCQcHkklCBnHHA54G4Y4r6p1TwF8FfFHiGyFjcap4Yhmv55b5pIy0EkbghREigrGA2FAGMYx2yeN1T4BeHgdb1Lw/wCOrG5ttKN7cCznjZbiSGGIuqtkHBfGAzdSdoIwMXTzChZKcJ0pXjdTg+vLpzcrT1bj13vdaM8+rhVK84VVPS/xbJct1ppptFLzWi0Xh9zqEUiRFUQIVBLGPDKSTnBwfYHHHY5rMkubV1Yll8xiApEYIwCBkAc5J6kZzkippYC9uFaRGVV5cbflHmEgMAAMlcN1YEHuVIrKu4YYvKYSMGCMQAAuSBnA6A+w69OpNe9GUFGDjJWUE0m7atRi7JaNq9l2V79EeKqMOZtK9ns07XdruKsr8qvazfVNJaHE6lFfNNPIszJAbkmPZgLuwcgE84ORnjd8qgkkYPLX9zdyu6iaVfLUKQAu4446E8eoPYf7QFdC+ofaBJEwb5bliWyWGFBwNoGFGDjvj5ujEg8rdzKsrEAYLEt+fzEZBzyMgY6diBx5s0nOXK7q6fN8k730to728vS3pQjanpLdRTvfRJK1raq19t9rNdfYvgL4ZuvF/j620S21K50y4utLv5BexSBHJjhkkWNyCDtO0ggAHk9McfSVv4f+Mfg60uBoGvQ39nE/zwExyFnQkFSJc/M3J4G0sTjjFeQ/smyhfi7ps4QS50rUiFAGMfZ5dxGeOh+bt6ZIFfcDsjWN7IiBC1zIzKSCN/mFtoIwcg/wkgAYPbNfQZRk9HMac5SnOE4NqLi9VtfS1k+rte+/mcWNzGeXtKCi1JOUlJXtZp7+mq633s3p45oP7TPxK8C3GmP4o8FW95FazMsN0sbRTOSCDsMQVd4ByoJPQYJFe+6N+2/4E1VJYfEGkavo9y+IyZIUliXcAWX5lLEA/wAQXIHJx28O8YMLm20WBlDA61llZQRliR904xzzypK54xhlqHUfDOh3MMxuNMtJH8lizGFUbd0PzBc7s5K8HqSM9+ipw1jISqRw2KUnFRaU09dtG7ptrv5aGOH4ooNRjVowXM946K6cU3qmmu6TW2nQ+v8Awh8bPgnq91AIPEmnA3FwLi8t9Ri8lCGzuTe4AwSOQx2jGQ1d/wCMV+HnjEW1zoN3pIWG3cJ9gv7bezOBtARJNxXjhQCRnpxivzkl+CPhHU7NZ4headLJbqxeCVnRpJGBBCMRxyDgDsAckgjxrxR4C1/wfrMmnaF4tv0aOGKdQJ5LcgH7oG1xjGcqMAnIJxuxXl4jC5nlVsTWpqUFopxnq27JpxavdvXW149dj18NmGAx0pUoRldrRS2tor6XT1ta2nofrTZfCO1mtmmjuBO0saFEkQOVY8tG7de/3xleeepI861H4a3UN/qQSxeL7OAQRuaKVQOSjjpjHAJyCemQcfnzo/xZ/aA8JGFtP8VXl3BAdu15Bcq6rwAwmYlh2+boDx3r17Q/21finoSTQ+J/DVrrUcgUzvNCYZCqqAdohUAkg8ZYDAGCOTUYfiOcJJTpOUL3lfW2iWnMur+Wive9jaeT0JyUo+5LTo+q0Vutr6Xdldu6Z7rdeCdTYyzG2n+zxrx5kP2iMjgAAENlc8nPXJzxmuRvPCFhPcOl9ollOG2hx9lETgFSOcLnJGMHIA/iPPG/4b/bn8AXKC38Q+DtW0x2RUle0CPCpJLO2xzuUBvm245z7ivVdI/aE+AfijW7K5Gr2dlCsAjmtdSthE7OR95mC4JUkFmDcZHOW49WnxHlleHs61ON24uTnGPK3bS+i07+S20ON5LiKdS9Ou9bSupcutkkrbO9t7uz3t0+cD8M/C9zNKpsbiyIR1X7PIXVQMnhCOfQrgkEd8kVk33wmWW3gGnaq0axyDatzHhcBwdobGARnGQec9QeD+gen2fwv8RbpdJ1fw/dx3PnNClvewLNmQZQqgcMxzjkgY6f7zLL4SaZrNjctE8tt9gJVWAEiyNuJZlKk4AyAcAkqenU1nWnw7jJKLoU1LS0oWjZJpq8U1s+lk7W0BYbN8NdRqTnFp3i5czs0nqtXbfVP9bfGA8LaxaxLF5MU6RwrGvlMGJcIFDbVOeTxgnJx65FNvPCkb6JqUmr6fcu724eC2WLLeYvQqVUkleOMHGegzX1zq3wZvUMU2mXcUsaqzR7i0TuVQZG0HOQeAvGMgEc5qhp/wAP/ER1LS7XU4Qsc8U5jcMXDBRhUwS25iTnnJ6gD19GdDLq1B0aVZxjyqmua2q92972vbZdN77Nnmxni8NX9pOhJyTcrJSXaT16vpZpq/ZXPzX1Lw7Gslu1vBdIqofMWe2kDq2STkgAEqMc5x1YkHgYSWfl3a7j+78xAzEYGBjHBwc5yPbAzu5I/Va5+GDxTzvNpkcxcODHc2wPygHdsbG4Zx0HyjHUdD5Vd/DLQry81GObQoCbdMeZHBJGN6gsQdq4JByN/pjPovhVeEIVfewuIjJaPV2S0jbW6v5J7emr9eHEs0lGrQnGWiaSvsoq1ml0s3az726/KmiQmG8SRGleFjCzcAoVVgSoXkgDuDkEfWu313xlcvp9/oMtraCwleNo5ggEsRK7TsJyoJGSRkHOADycenwfDjTI9TWU21zYQrEViIO+HcM9FcqQAemOhwT2Ncj4j+F19dxytpl+NxuBhLhFJcZxwyZAAOMEdOO9cGK4azHDUG6cY1E1L3abV5K0U1aybTTulrbda79WFzrB1K6dSUoa6Ocb2dot66+607a21W/fzPQbaBby4ZJpMx26mNlYcdQRgMNo45xgEg8hea7iyvp4ZUbzZVB8sBZH4c7lx824kEjpgYIxnP3Snhj4ca9Y6ndW175UZNo5ikLgw3DnO0Kc56EjBOBwegzU17oOraddxpNZuUM8QRoiJEPzrkZUMOMYC8DcfUZE4TCZjg8HG1OrTfNJcqvdNW3trfu1p2KxOJwGJxkk50pRtTs01/LG6vvom7X2dr7tqfxi4t7pyzpKxtYXwfmKBwu7BBJ68gEZxgjGM15f4hvNMmeKzaOGYfZEZyuPMDEAHc3sQev15OMdx4/EtvfXAkJLPYwDYf4SFAOQPu47ZBHvgk14fqMm3Uo9rbgbeLJ4KgcAg4HPIB784XrnHwGayqyxVV1dJOacr6tWcW7rR36vR9ut19nlrhGhTVONoJRUbO6a93Z9ej7aLzY+ax0nds3zIxVTCDk7WYhcHI5GSTwM49sivT/Bfj74ofCO6i1Hwh4h1Oxt8oxtzI8tjMhw+x7VmZMMP4iOBjJryG9fF8h3k4aEYCgDaCrFuT0XIOApbBxyGzXaXPipp1FukQwsEaOzNlXdEGCiAHBOMZAwQcjOOPHUpw9+M2pXevNJXba5d07bb66qyvfT1E6crwnCDTdr79lHe+91dX01ve7Pvrwl+194I8fxR6H8ZfDUWm6hKoiHifTU8tVlJ2CaVNoYYJyQmBntyCfZLr4V6Vq2iprXw313T/GukysZvJhu4m1O1yC4LQht67RwOCeMgCvx8uL2CVVae22MdwcFSp5bBbOACuOSeMnsBmuq8IeNfF3gS6i1vwj4h1LSY4ZUDTWryG0Z1wxjmgJ2OuQAQQSTznmuiGa17KFWKnFP4le6jdLfdppXWjvdXsrGSwVOMlKlJqVvgd7Jaa63tutrryPsT7Nrml+P9GtLVb3TtUGpi3GY3glLTsUDb1wxdeELDqDuznNfor8PvD/jX4ffDv48fF3UhcacnhXw9BY2d/Mdkuo6lcwNbosTyEO4Kykgg8jJGSMj8xtH/aen8UeIfDeo+LdGt73WNFvLW5i16wRYjP5Min/SrdQEkyQBh85JPqDX3h8Uv2iZPjB8NpPAmkrLoGm6vqEN74gh3qv9rTWsWIQig7I4QMkIBjvkgcdtDHTnTrU8Na81a0mlJNpNO8WtpWUtNU2l1tOIwkZuhKv8LaTd01yxcHo9NWk0kuj9UflrpPiPXtM8YX2uxBtUv9as74XIUbgsl4XeR2Ck7pMuCWOTkgcdK6zwXoGqah4h0i+1vTb59NEFxBczSjywV3MUhXr8iE9wemd3r6bLpeg+HNY0GCCyjgn1RzZNOyiUFhkF0A4Unb0yCAwIyMMe8v7y0tIZbdlmk2EpHEg2EOoPTAwFbOSRgdPXB58LgZKSq16rcoS5nDpdqEtVq9emu9tN7rFYym7woUo8s1/Edk4t8j2V3ry31e1tNFbx/X/hLpjQX9/YvJDKZhPa2p2MrwSPjywxP3wDwO5OcE15Pqvw51W2vIpZra7sJNoltrqJjEysg3KyMhBRgcsQp6fNgnivfJvFG62US6XPEbYkoWmctKynCgryRkkDA9BwOo7hb/Ttb0qwnvbC4EpmG2FTITGFGBgkcg8Z9Ox4ratRw87yhJp2T5opq2sVvpZrRWa8+itjRxNWk1CXLKPJdJtdbaO/LJb66bWvfpwPwr/aD+KHw6eLR9XuF8U+Ho2CyWeonzbqOENglZXJd8gD5TjgY44z9s+HPFHwY+MJ8/StZXwh4haAie1uikNu0+3LRurYiIZjhSgBPcEnn4/t7XTL2+eGPQoxepM6rG6t+8TI5cgFQACxO7DZ3YIAzXanwXFpsolj0uytGniVsIziVHbHQgAhhx8y55GQeQBph61eguWVVVab0UaifMtVs99HpfS17271WjQqty9m6ck1ecH7rs43utYvVyvezV1rbRd78V/gnfadoV3rcmlz3UCYW31TRYTPDdIpyNwj3MC4IJbjI3EZ6D5ts/C5e7t5tMNzBeCNWe2mi8udCpwzESYPGDj7x5GeDkfVGkeKvH2k6XDo6eI5TpsDCRLOdTNDsJysZEgO8AcYYcc8dM2ri8n1Gc313BpIuHQIZo7WO3faAQTvQD5sgZ7kEjJ7TNKc21pdR0tZX91PV+bsreS2ujKOiSTTdld+nZPRO7tFaq2l9DzTwz4h8R6TZSaFqGoyyaTcuHms7wmRSc/KiAk7ULl8KudoxxzivrH9k/xf4W8CeP8AxRc+JdQt7K11LSLK3toAPMt71GnZ5bWRWBRlaPK4YBTkKeAQPAJ9JivplMl5BuTDBFhTk7sghgMsQxHQAd8HrV610u1t5J7uO73TqUVd0Hyoynkcrxls4HUjuQorfD1J0a0KrSm6bvFSbta2ySu9Ha6T8mtdOfEQp4ihUoSbUKtk3Fb3abUfNO2zerXRntnxi0j4G/Fyw8WeKtI8GHw94usvEU1vZ/2NEttDLZRjylnaJRHEwlYeYXwCSTnouPj2++Buu2FzJf6VqtvKRBFNbhy8UoV1AKiRCCJI24JVzyDhsYNe3QvMEnMWosBKdssULCIOzDlWBwM9+dvORnjAsCB3aFWvn2Rgn9/IGCgZ4CnJwOhJIAJOBxtGONo0MZNSq0Y05yWsqUY0+qtJ8tlrdq7vs7HVg28JCMKdSrKGkoxqNz5UuS1nL3kmnsno3rY8StbX4p+GksfsviN7mzguTci0ubg3EdvcBOWVZmPUALgcYGTnPPV3Gj+KPENzp99M2nadfx2889zcRoI4r3dmTLBeFnwwCg4wSASeh6/WtNiGnTSpLBJNvEhZnCk4OAAmeF79MDOAB94Tx2DpaoZWchoFKmF2ZUDAZ4zu6g/TGDXnxw/IvZxlUlH+WUuZXslpbRrrdXaa3voFb2dWcak6UFJO3PGPI73i948ujast9fKxq/DC5eDUri81JI7C9tzalHYFlnS3dTI6sc/MdpJ5yR23HNf1efCX9vb9m3Rfhb4I0zVfGwi1HSPD+m2Oo2yWk5MFzDbxq6k+XghXXAYHBHcYr+US0jgWC1SSeCNXjkVnLeXKnPG4BslsgDPI5ye1dVDdrZIiC9RoSilt04BznALYYk9cAt1PODxXn1MDjqNarVwlelGVWMVNVqftEopxcUlzxV9k9bWvodtT+zsfhsPhsfh8Q4UJyqQlhqns3JyjBc0m4TTskuzvfXv/AFfXX/BRn9l6Alx4supV5IZLOXaefeMHJAA4zjOc9FOLP/wUz/Zlgyya1qU+WOQlvtBwQCfmXHJGcnuepyK/mGsmtb2BjFqgdQMNGh81UyoJ6ZHQYBPQ4HGadNb2ixPJ9sDiIOyh1whIxgMAOmRwo/LiuCrQz2KcljsJG6a93DXWqjspTaejS+WvcdHKeG5csZYbMJSSSSlieTT3E9VTvbrorLdrv/TE3/BUr9nWOR/JGsTxohPmgQqpC+zYYZGD379RgDOl/wCCrX7PMau6Wety4yWUGIkr2GVOeDzgDGe2Rmv5pNE0i21ezupkdJCZJHBiDSH90xz8qjCDIONw54GOarynw5am3gkvLOG4llZG81yrko3IdGwoOeFBBABGBXnexzv4v7YpwSlqoYWjdK8dbtuyu9b9bve9vRjkfDSSSyrFyeycsdVs9ItXSS6NPVLXa7s1/SVL/wAFbfgGGIi0TxDMy5O0GEHB6YBPtnpnrwehy7z/AIK5fB6IE2vg3xHOSON0lvgk/wB7PzZOfXkgdMmv5u7nVvC9pqxd72zS3MBhzCplHngd16A88jIPpnANVp/GvguMqolupmjJH7mEgNtHRQcgjjk5OeeN3XhrrMoTTnns5K7bSpYeOi5dF7jutfn37dtLIOHPZ3WUV7pv48TXafw9E1o2+l/VaH9FV3/wV/8Ah3EoNv8ADjX5eWwTPAQODxwTggdcfQHpWLN/wV90F42ks/hhfOQAVE95GpwR3HynJ6e2PU8fzzz/ABH8HLa3Spb6o0rRMI2SMEbxggICAVwcjKgcdujCOL4reGzBbrHomoSyRxIrmQKCZACDvYkMrEckDggjsBXJUliFJOWcYx9XyypRjZuLtZU15ye/m7nVS4byJq7yeHLdL3q2Ik3pHr7Syu36/N2P6ALv/grzqAXNh8L7Lc5GVuL5yxA6H5OOD1y3y5OM5wOeuf8Agrj48mDfY/h74cgI4HmXlwTgdSRv2njJJ6ZGPevwib4v6HG5eLw5I0aSxxlnlUBWc4AYbvlwSc8dxkDJNFz8WbTT767jm8M2pRCNrtORhmVWVQp69eoyvvjgL6w1yw/tDFOVubWuk2oygndaWs2k2trrVHVS4Zyb445NQa923Oqskm7bqUm3ronfuft3ff8ABV/4yzJ/oPhzwla7yuwl5ZSAM9cgk4z9CMdPu1w95/wVM/aKlVzFN4btfnYKIrNXJTrnDqVwueckN256V+Pdn8Zo7mWEQ+G7B4RKVlZrn5UUfxE9RxjI4AI4PFWv+FvyvPdR2ejaV9ls3Z/mnOY1KfxZBJUNklm5bdjmhVqdo8+OxMv5v9qnovdabtLmtqldNaqyXR9dPh3LGny5RgI2aScqEXe/L3jK/Lrd69NGj9StQ/4KYftOXWVh8S2Fqp/ittLibbn2Eak7iMA5IGfm4BrmI/8AgoN+1TqklyH8czQxRFCXWwhj3Bjj5QikjA9Rk5z94kV+a5+LetOYHgi0CFriUDZI6KGXI24JCqznGONxOMY4qjb/ABW8YyXGqNavaMhlSAxW1g1wIm3DGHSJtwHXk556DkVFTM8qpJqvicRN20f1ir8TcbbyVubZJ2ve9tFbRZDTi26WW5fCOlpPD0VrePX2d7rS2t2306/pNc/tqftOXUzK3xI1UbiMiKEKRkDG0bRtGOPUg4Ptl6j+1d+0hKYVk+I/iofaJTGjxSvGGbIOAEYMBnIOSAR05Ga+Brbxr8T765AhW+kKIDm20G4kcrs+UgJAWIbdkEDJ+U5A4OnFqXxS129stGey8UzX4U6hDp8GgXcd/JCDt82KLyQ7R5G3cAVUbsk9K5qmf5Dh7OpXjBQjzy9piklyRSbnLmmrRirXb2utVYUMoqa8lDBx3dlh6Tvbl1bUbqKvvonfTTb7Pn+PP7QV554l+I3jBmAI/wCQnPGuSOeko4AyDgjr3rLT4qfHO/TM/wAQPGLbyN2dauQuGJI6TfyGeCevX5l1Hwz8adPt3v77wn8RRaExqJE0S8AzJgIGYREKePvMcZ/3uex+FPwO/aB+N8VxN4E0XW0sNPvv7P1HU9avotIt7W5T+DNw8JkZQCWChsHOMZGfPr8c8F4OhLEYvG4KOHjJRlWeLo1KaqS5eWN/aSbnK3uqzbd3G+hc8txsKcqieGpU6aXtKipQ5ad3Fe9KKtG115ta6XR67F4z+MGo3N9ajxh4qlexVWuGfW53YiXO1lzNlgM8nt0btVXUNY+KSW11JP4t8QFbdUkbfqsrFgzcAZlznnoACeOgOB5H4h+B37RHw08Yaz4e1zw34mv9Vht0nefw/dDUrOexOFSV5LZ3GN3OWOc++Kz9V+F/x0m0+PWn8MeOI7BgGmedjDGkakFndWcfKiqxZmIzjqTjLpcf8F1VRdHEYCpTrKM6U1iKXLJT25bzTbv8S5dNFZKxSyrH1IRnCquVwi1yUnJ2aTTi1b3drS0TSvtqev2X/CfXSXkk3iDVWLrFMnm6i5U7lBIG6XbuDEhsjg4zg4BmOmeMpcNLqsz7gMh79W2r0IyZcA9+TyvXjFfNWleEPid4ka8OhyX13b2032aaRdajjWOeMZeJg0mN8fORgD0J6V0mh/A747+JdbtdEt1axe5UEXup+J7e3s4xkAvJK9wiBc5OM+3JxnpxPHHDeFi5VZYGi6a5pc1ammopJ3UVeV1GzWj8h/2Vj3FzlVagl8TptcrXLrdS3tr5pvfY9c1LR9aih82fU4fmlWMl9QgJTeThmHmEkHqQcegIzmk/si8A2ya3pqherPe24YDgkHdJgkk8DnO7Axw1cZ8Q/wBlT4peBNEsL/W/HHgfVZb/AFiDTk0vT/Fkd5eo8rrGJ5hHcOFjQldzcBRz7nu/D/8AwT5+N/ilGng8afDy0EixtG154th2yRsMHaqXGEKllXBIOcngLxw4fxZ4OnKioYihP2spxpJQmpVJUuXnUb0tYpNO6Tvfe+phWy+pRwaxdXFqFBvljVfNFSacUkk9bryjrf5lQaeiFRL4h0iMDkj7da5XA6N8+AM9hgYHygnrDpb2Mls0l34j0iKQXU0W1LqAhkjbarY38sep7DoBXH+J/wBj7xp4Q8Sz+FNc8f8AgCDU4IWuJLhdckmtTFgkKsyyNGGIVgQTyT34qz8NP2RNT8cxXTy/FT4f6D9j1KewWO5vbiV53jYqblCucxsRkMQFIJ+Ygit63i/whhffqKNSMZQi1GFRyXO1GDuqD3as3pq9WUskxVWh9YjiakaThCp7Xk93kai4tJ7p9Ek2+iZ2v2nw/BKon8W6dHnqPOhbr7FsDgcZ4zx8xNVL7WfCMYspJPGVkUW/jEhDqAiEtnOCTtHG4nAB6HjnttR/4J9CKxu7h/j78Oml0+1luyitcO8wiBYxxrtLFnwVwA2DwOABXzPf/AyxtZvD0n/Cw/DM9pqWsDR76CCORX07MnlPezCcLlT80isMrg4PPI66XjRwnVfs6NOHMop25KsmkkpbqFr8qduvkctHh+vioOdLG158kuWSdJ0k20tU5qLa5Vfmimlppue+Pq3gEPx4109jnJAKsWPsN2egz7Hhu+XQ+J/AMOxT4ps2GSM+USR9VA7Eem3JDDO6pNR/ZH+GOh6XeX8Hx08J6vPbW8zxWCK4ubiYRb1UNArFDnKsDwSMZzTfg78AvhRrehjVfG/ifw3aTi8uYY7STVbyOWaFBIY5THu3AkgZ+XGSAQARhvx44XpUpVaWHrVVCpCm408LX53Kfw2U4pNLlbb0Ufmzk/1QxVVc0cROUW1fmVrONt073veySWutn0KVj4x+HEcM3meKrYOLmT/lmchc5GF6lcYwwGOuR0NWT8QvhnHKobxNCCBwBA43H7oOQpGc9f8A9ePRPAv7OfwMvNO1C41/UtBtnh1m5e3lS91W6ll0zfthAjgSQAv/AHjx24NeiWn7Pf7L/wDbQgD2t5bLGhxbRa/JvI5IU+QN3cAHJ9QOo5a30hsgwvNfB4uryPl5adBtp6Xu5TSXLb7zF8JVHpGtUclZ8rg03dRdk2uXWyVrvrfY8Zt/GvgO5UtaaybgDCFobVnTcxI2MQMbjnq2CckYOa17jxx4Fi0q/wBH1hotY8P6lC0Oo6Dq9hHc6bdpIu35oZkZVmCkFJl+ZCfkO0DH0Pd/D34D6H4D8a2XhT4bajNqMN3aR2t1LftaJcG4IBa3F8YpwVADAoDt9hgjr/CXwV+HWoeGrIap8JLVZZVw73/jK08yZFjQ79rXLHbksTnkjcOwFY0/pDcP4mjOeJwM6cJVXSVOTg6koqMJ87XO7K0lF3fTbom+EZ0YOU606bTSvK6lzOMWnde8lZ25k9NEj+eP9pP9jXwZdjUPGv7Pl09xbytLe6x8PbxwbjTlbLzSaPMxzPboxZkibBUAKqcA1+Z154a1vS53X7DdwtBI8c8E0UkUkMikh45YZF3cDcAwXBxnJBBH9uMHwm+Dfhz+1bh/hp4XsrlLT/Rpj4st5GRSvLDbcP8AN8p684H3Tgk+CfFv9m79k/4u+Frbw9ro8M+D/Fl5bSTaV4w8MyRNdQX5JEcGqISqXUZYqskshZlTkE4BrysZ4ocIZlGE8AsZTqVJ8tWisLVq0qabV6jlTjOMYrRt3ta2ltD1MHgsZSioTjPEUowco1+aEZ+6tmnKLnonZpJt266n8g8drHdspjJt7qPGV2kHevUqwAKkn7vPQEfdIrstJ8VTWRew1+0GqWG0AvKgW4iGSgKP/FjkjBJBy2VGa+8P2tP+CffxV/ZsuX1zXLKHWfB2olZtF8a+HWN7pF1CwDwi9eBX+xzmNlZhIUBYADKrXwcYFiX7JqMQkVwdk4BygIBXnBxzz8wA9Tk5rtwuPwWZ0VVwteli6KlrKlNSnTmkk4uUfehKN9VZNPVrXlO+nKUeVxdrpNXu4yTS0lF2Sd297LtYh1fw1aXcUmo+GJ1uYCN0tnkCeJh8zAKAp46jHGBgjAGMrS9YkiY2d3vAB2EupV0PAZHA5K7uSTgAZO44qeSyv9HkS5spWCA70li5QqSDskHRlxgEkdSBxzWqf7M8UI0c3l6XrigCOUhVt7tsEYfBAVmz2O4H1yMejTxVSjHlm51qacWqn24axTU1pzJX+JW01tYyxGHjNe0hFQno+W94zbsrp2STVrq7Xk+j14lVQAVQqV3K/wDCwPzKCcndkZG7tnv0q48MOFK4QlRkfMNxAIYcEYAwccc9SRXK2M17o85sNbjkjUsFSQs21UONrxsQMxkEngMM9B2PVXFvLCiTBxPbOoeKaMF1C8HazLkqWBHYc9T2r0IYqM+Vqbu1o+kkrbWVu11rqr9jzalKaSdnoldbWs1sl2dm9u7V7kDIhK/eVeynJ3DjdgjnrxyTyfaoHhU5IyVCnaTkKcE/dzgDbgAD6c7gavxyLK+Mxj5RzkliABnoMAj074yRyKYIgQQTwuAAVyCDwTwxx7rt4ONp+7XTCta13fXpZa6a62XWz120sm9eJwtsklp1lu+VaWdtH36X0aZhyWsJKNhkIyW44YMc8nH94nBAGQx9BiKbT1xtUlgy/K2AVXJ3DqePu4OeQcY5JxuSJJtwuxmHyY4BKgZBIORnHrkgfnUfluUMkYAAABDHJxkZ/Dpzjr78DXmTd+ayXe/ly3u9baWVtlo9TnnSd9OvTrvHzaduZ+lr9bHIGy+faYyWVgoTd94jcc8dTjqCAAe+cFc+XT5EZjtClssCcLgjBAGBjAHJHGR1yTmu6MAbaxQBwSQBkNu4BG7AzzjLHrjseKp3Fug3CSMY+bHcsVyAFB7knkY44PBwa3p4iS7tWSWu70V9m36aPc51SUlbZ3+JPraKurLdK/TS6t3OMNsePlIKguScEuSeTjnBIyM9RnPSr8ChgRIDtOFBPzEjoMg8djn1GOSQcbbWaOpIXjaA2SMrgkY3Dng8EA5ycfSoIhGSCCVbPlkY7dAcAnOP4T255GM7urGUV0akno3okktN9bO+/f3e9RpuDV9Uo6Nfa83y79Xppq9dzndQ0YrGZowjBlJYMB8vUZ2r1YYGAAM/d4xWFH51ucoHJU4YgMoCZPzHHAwMZPYnsAa9LWEFPnIYOmcN0OOMbsZ6+h5yRnisqfTQzSvCoCttLrzleOSCwAHTnPHHOelc7qq/LLW+3ZrR697eWr7nRCycWk0+lmtGnHX8W2u191vc0PWo5oPsGoKLi2cBGVgGKK2Qeedw5IOCAMgAknnmvFHg+fT8ax4dkkeEHzmWIkSwENncoHJBCnA49QD0pGhkhcmFcGIhm2gBWxzt64IxnPB2kjIOSa6PQ9eaBjHKu5GULJE2HSQMWzncODgHJOF6jkjFePi8vk5PEYVqE9JTpbRq6xvpr776b2dt+nsYfGqUFRxF3H3VTndqcZe7qnpdJ7ro9Fe+vE2vi+y1GKPTPF1qZwihYdThUJdQODt/eYGXK9WBOQQCFOc12iatq1lpX2Q3EXjTwhIpC2t0BPeWCFQMwMd0sTooGAAASO67s5XirwhBexzaxosIkjbc15ZoPnhYfMXQfL1Iz8uDgDIKgY8xsru/0mbzbC5khkjfa6fNtkCnAjmiOBg9DkDpggdurK8yjTsrSg0/fg/ig/dvZO9lZp7WelkeXmGAqVJuUnGSd3CevvppWbst1p/eW+90dhd+EdM1hX1HwlcGYxRlp9JuGEd9AcZZAp2+byuQACcbQQOMYmmeKNR0ln03WYjPaRsVaCWMieDDY3KWG7AyMY5BwT3Nb1vq2matMsqsfD/iNeYry3YxWt2/XEiDIUsSSRypyCcmte4j0zxHKmkeLEGk64FxZa5GF+z3ZA+QTMMIwdhyc4HPI6H7PB472lpwkrtx6pL7Lu1ur6LTpvofNYnB8uko2T2duumqtrppZrXRpqyudN4dvVCpqOh3ZkjP+sjR9txBgZyyhgXHBJHOOMda+p/g7+0Z8Q/g3rdl4j8La09oY5V+0IuZNO1GLd+8tNTsjmMh1yjOYyyg/LhstX57Xll4i+HeplyWMDHfFcw/NZ3kYPHzABeV6AkDjg5II9c8KeNtM8QI0TSRWWokL5trLgW8/HATdgEk8nv8xxtIzX0WDx0ZTUXJ06sdU72i7paX0TT9e6W7t4tWjKCkrOVOfxXSa3V20ldrW/MndO7u7n9Jnwt+JHwm/a+0aVPDc+meBvjFHbM+qeC76aGLRfFZEZ8y40ZpCqLPIeViVi5LcggivOtPg+KP7N/jK/1XwE8+l3e+SLxP4B1aMy6Nr9oT+/t57KTMMyyru2TpGWBOck1+JXh/XtX8J6rZa3oV3eaVqVhPHdQy2dy8NzZzRsHS4spY2XCggkqDhgSrDIFftv8As+fth+BPj9oum/Db9oqe30rxakMVl4V+K0CxxNPOqiOC111gFKybtuZnJDkkuwbk/T4bGRrONOs1TrKyhVjpGdrNKfR6O177dt351ajKlFygnVpO3NTXvSgrRu4/anBPs+aNlbmas+w1TwV4O+PWn3fxH+AjS+D/AIpeHh/avif4XvcCy1TTNRt8yT6r4SfdHLdQCRWk+zxByV+Qgkha8r8ZaX4O/av0eDwb8YRaeB/j7o8UmneEviPJapYWPi+W3Bjh0PxarKgi1BpFWNLqQglyNzHmu++K/wAGvHXwt8T2Hirw9fy6Xr+nsl94Z8aaI22x162GHiWWaFvKuN6bBJEzFJckKSSVq4t14O/aytRo+uxab8P/ANoXTotsskwj07w947a3U7bi3wIlsdbmZQUZAu+Vi2ecnoqQ5pODglNp80LWp1V7usWrKM+qffswh7tOM4yc6aa5KiblOmm18V1eUejum7XUlpdfhB8bfhV43+Evi/UPBvjXQ7zRNasnkjkWZWa2vLdc+Ve6fcAmG6tJkAMcsLspVhya+cLu1YgyAHaWAVVTG4jPRjzzjAHT0J61/Qz4utdF+JGlXfwF/aS0u6s9U8PxtY+DfiTJbKdf8KXSlorW31a6IEupaJLJtUzSGQKhDrxk1+YPxC/Zf8TfCvxNdaP4khivLPcZdF1a0Bl0nWLF2JhvrG4XckiSKVcxBiyEkuo28cEstnUqL2cXyydmn8cJe7o7rst1a1rt20NvrMYxfNZOMVs1Z2SfMtL26NaNdW7nxppmg31zdW886vFYkEmMJncQG2BVyBz0JAzgnPJyfoL4OeL/ABx8OPGdj4m8G6rdaRqNjKjJ5QIgvreJgRbXsIPlzxOoKtuDEDIIJyR10fw7mjMQSIHJUKoPyhSOW29uTzkDOeMnJr1zwf8ADSe3eOVoEl34RWdeh/hC7h0AHc44+texhspqQcGlKM00+ZbptLS62Wmltn1tc8vEZhBNtqKhs1utVG6s9emq07+Z+kXwv/ax074gWqR6xCnhTxqIyby0lPl6PqzYC+ZbOxCpJLksEYhSTwDisT4p6bYeIG+0rBHHLdKDeWbgPDcFxlpEIAU8HcCOmBgZya+dbX4UTXNrmS3cXW1GgeEBGQggqwkBU56YAYgkDB5OPQLKXxv4Ys7bS/FGn3uraGrDydTWNpbqyBwFMkg3F4QOSHP4dK+uhSxjoRp14c9OK92ajf8AlvzNbWV30u9dzwXiMNKbjSqwg5t3pqUVqmvh1va1lb7r9PJo/BCeHtdi1HSd8MlqzzxEZWVM8+S3B3R7cgYzleDxjP6n/sZfGhGuh4d1SWO2t/M3WO4lEhudwE9q0bdIpDgqB0P518Qa5pC3Pl6jYXAu4Ut/Mimh2l1YLkpKuSV6FGB4BHqML3nwXludEuYryW3SaPUGYCWEnzraVJA3mLwCCCASAcEcZyCT9XwyqtKuvZpuDj78VrFpKKTurtNX5Vft0Wh8fxTSo1cL7+7muWa1alaFlZa73V3e9+lj9w/Hfwu0v4haTNqGmQww+ILe2MltJtU+cCmfLBB+eN+oJ4G7HT5R+UfxQ+Hb6d/bVnemLTdStYrozW7ookZzHIWaMEAMj8HABBwMZ5z+nHwl+ID3Ol6ct7cho5LaOK3vS2P3iEK8MrBlxkqQScnnoe/KftI/CnT/ABhYN4n0+3RNXtoWN5FGgZriAxt+8G0fNxk8k5yQMYOfvsPjE1PDTkpUqlKooS3cJuK91pK9k9LN2TV9EfnH1Sth6tGq4SpzjUhsm043jd+6tXte612ta5+C3gmw0yw8ORrc31r5hur4usyOGKiZ8ZXOF7HsRyASDU93JodnHIZNYtIiysyExklVH8K4APH/AI714xz9NwfCaZ9BjuYtPgmgknuTIyW4MqYkYHK7eWBzntwc9q868WfDWBbZpI7GGQbVSP8A0RflY/eVgRj7ynHBzg9DkVOGwlXDYDDxTo8kaCUbxl1Wt9Vd9mtX5PRetUxmFr46tGXted17S95LVyjZqy2dt27q/nr+engTUtBtvEnxEN1rCRRy+KJJLdkt52EiOqgOoRCSM5Bz8uQcmvSv7a8LQtLImrPIyptMsdlctkEgEfMnU4A4GcnAOSAH+DPBs58ReO0+wQK0OuFAGgUKoCLxjblQ3GOc/wAX3jXenwnM2+LyUUsGOY4UwpB56jJHHUHOPQ14GWTxtLBU406lCMXVrWcqc+b3qr1u5pWbdnZdV319zHww0sXKc/bSbp0brnSTSpU42+C70Tbet3fufL17r2in45Wt/Hd3D2a+EkgaWO0mD+d5jMECFA47AnAyeh716qPFuiIok8rVpgZPldLOZSQBwoVkzn8yMEdsVjT+HzB8dGtmyJE8JpKCIlBJZiq84Gec9gPXpmvWE8NxMyJLcSlncOoHGQchgR2PHb73P0PFlVfFQePXPTT/ALQrSm3DmXM1Hbmkuumj8/TrzWhhpfUJTpVJL6hRUU6lrLVJWUVqr73XS6XT5T+LviGDUfEvwwW207WQYNfluWM0aoJURFfy4u5cnOVPPPI/hr2kai0ssVwPDGrsJQ7ASXFuo++eCCxO49VBHA9epx/iX4Vhbxj8Li0suE1rUAiMxYAR24YNjcRluDjuc5Fe32XhbTpI7eUtIJGklIQOy5G85IweD3P06cE1rl08Q8zzZxrtT5sK3ywik7UoJOzUtU97ttrda6xj/q/9m5Z+5bUI4jlUpybjas09mm209uz62u/k342XN7c+AtXgHh6azi+12Lmaa8hOwi4TKhVfJY4wRtA5zngY9C8P33iH+w9HiXwvIsUekWKiV9QgAlAhUK6hHyOSD68468GX4++H9OtPAerSRB2ZL+wDMznaSZ1UhgehyTyBnt2xXsPhjwxpcmhaPK8blv7I00nOSBmBMgDkDH8XIzyT94Z3oKtPO8a415RnHA4aMpe43Z1J3V+V6Lo0tN227HJj6lCnk2CcsOpJ4vEWjeVl7lLXSV3pa6bv954T4nm8Sy6BrcaaFYxqumXpkllvgzJGYHDOBuOWAzxgjknoOfLvgrJ4jtPA1itnoVldwi4uik89yEDs0xztXcMKvbgAnoMg4+uPF+g6VB4d8RIloC8ui35ACkEYhdgRu2jB49Rjr8teN/AnSLKbwBowkgLJ596zHqVImYAkDGVPUjkEgDGSKKtKr/b2DjLETk5YCtJz9y6anCOl4W83ZX26avGjiKa4fxU/YQtHG0I8lpcsrwaTeq1spdla710Ne3n8anfjS/D8OW/5aXTlwCCf4W+8MkcdRgqeOPBvhCviZL/4jpBpthcmXxZIZna5kSISbnykWG4UdQSM8e1faUHh+z2yMIzudwFbaPujjjjAG0gdScccc14B8EbCOO7+Jx8uM+V4znjw5GWOJM4XkADHoeBwMDFbYjDxWaZSqmJqz5qmJ1co3TVFNcqUbK7Vr2fVaaGGDxillmauOHpRShh7JKTTvWjdv3ui2S+emhea28aTYK6XoitGzgeZc3EoVB7khQBxk5yTwe5Hjl1YeMG+OlntOh2+oSeFJcKoklgSISL2YEsxx6HaOMkV9xW1rZCNA9ugLoSoVOR3OPlbIyc8nsAOSc/POrQW0X7RumqIcFvB8rbShUrhlGMZySScHOcnB75G+c4enSw+Gqe2qTl/aGF3aVuaS2sl01TfRu2jRy5RjalavioewpRSwGIk7QalJqEXb3m7rvfdWa7F59H+IEysv9r6HAAM/ubRW59MsuCQeDwvfgHkeN+OdH8Wp4/+FsN5r9s002p3CW89pZRqbZiG3yBCoD7eg3AD73fGPsiZY4QoS3VfPU5LABgxxggD0568BeM14V4/iT/haXwaVIcb9aux0wCdrEjgdjz0wR0xkAZZjRjLDRTlVnzYnCp3qzas8RS3V97arrzWe4ZViaixM2oUo2w2Jb5acL3jh52Xwu/V21TvbZJG1J4Z8UKjq/jK/cjzNxXT7aPOCcEccHOeBnGQOTk15n8XvDGp2/w11261HxFquoRwmyDW0kEKR+Y08YBYrlsqSMAd+BgdPsy8sIwjARgsWlVvlHyMTnJPOcZBHJPOP97xD492ax/CfxIy4kxPppb5QuM3MQyP4iSAAOvU9Sa786wOEp5djJxpzc1hZON6tSSUrKyactOurVn6JniZPm2LrZrgqcnBQliIKXLShGyUl7vuQTWkd7p3uctonhnV4dD0YJ4n1/y3srSRIgEQRq8CEIu3AwOgx1HUdKm1DwldS6brMtxrfiCWMade+YrXThMCB2YN82TgD5v73OVAzXtmj26ro2g7olCPpWngjB+Ui1TABVcjJGcHuxGQekmvW8Z0TWti5UaRqJZcEA4tpGHBAwRjAxk8k4z09eOBwccvhN0VdYSNlKdTdUE9nJq7dtPVJdvFln2OlmbpwrJL664aU6aaj7RLl0j26tP8T4I+C/gaHU/BkF42ua5ah9U1EJb2t3LFGGW4kUHajAgv1Jxg459a9cb4ZWJMQ/tjxLPJJcIsi/2pcqwydwUEv82G/ukdjjGRXM/AC5QeArZHKr/xONVRST82ftknKoOchehGQOp5zX0xbw6YmpacYNQaZ0uLVpI/KyCztySO5X7ucZ455wa+Uy54OOAw06lKLcqail73M59WktFur7rWytsfd46WMnj6qhNxipx5r2ja/L13Wl2+r/L4B0DwBBqPxK+I2ntqmr2rWV7aopivJRM+7bhZpC+5yQOST1Pp972iH4MWk1xD5mra8y4ChG1GZQSAMgkSEAHHQ89MetUvDyQr8cvjMShEa6vYkYGPvLHlhxjjg/7XQV9H2Funmo9wWER3FcMeMqMcggE5yGGec9RkVrw/Sw1TLuetSi5SxWIdr7fvnZtXVuXa/Z62vcjiXE4qhmChRqTjGGGwvSOrdKnfV2ffy00aPjP4h/CrRdK8Z/DzTQNSddVluRM738zSNtBO5GZ8xrgnJGBjGenPpqfBrw/DMw+zapKpyEWW/nYDHUEbs88cEfTb8oq/8XJ7aD4nfCPGXBmul3PwCSuD+GCOR1Klcda93juLcSSuWQkBsKUB9QcZHJGFPTnjjjiMHSwssbmkPYx5Y4ukoJtuy9hSlZNtpat9U2PGYrFLAZTKM5c08LOc31k/bTjrZLZWsra276L41+MPw+0bw94a0N7OyeCW68T6dbySSSySkxtJGGAVsgg8joeDtPBBrvrT4Y+HSHjFgrgRJJhoRkMyBid2OR125yD06itH9oK5t38OeE9qod3jHTFPUFf30QACleSvJA454GDjHtVjpwlWY+ZFHi2iYPGdzLmJeCOgwc44XqOcZBvDwo/2rmEfZU+RYfBtXWiTjJ3tdXtZdF310McTWrPKcvk6k3OdfFXabT0dOyaVrq99Hq+6Pn7W/hn4dh0PW2i0+AumkXrCTyYj5bC3bBGRncD3yDnk88m78LPhh4an8DeEJ5rOBp5bKeWVzbxs0pE2cO3LFQPlG7JIA6c17Nrmk2yaDqzfaQ7z6NqQYCNcsPsz4znGBnuOMnkgjCzfDCzMPgDwOke0YsrtTuVR/wAtm59OgIPf6cZ9PA08LPNaTdKlZYKaaaUop+1ptbX1332el9GedisRiIZTUtUqczxlPaTUrOnLRO97Xa02v2di94M8A+GY5vEFwdKsXS2t0EJmtIW2uwyGAZQARzjoTz2PHzj8DtJsJYfH7S2VozQ+PNVjUtbxkxoJ5cKnHCgHG0YwRkc819jeGy4/4SZDsCvaCYDdwzowTHUckElScg9uCQ3x18DLswWnxAkKFi3j3WXUZwpK3MqgMBjt1OOmCTgkjLEunDiPKmqcFSjTxTUYwiopJQbvHa6vp/ncnCe2qZBmlqk3NzwiblJt6y5nFS1aVrX/AJmuttPo6z0jTowzLYwoBkFjbx4xnIIOOe5OeTuPXjHz/wCKlhj/AGivCKkIsC+ELx1URoFLGbnIwAccEY54OODge5Lr87W7tHAAXYBgWzxgk7cnA49BxnOfmNeDeMLtn+PPg+5aNN3/AAht8CikjJE6nA4/gHGT0HsK9PPcRR+pUOTlTjjcHJO2jSqp3bT17eq1PMyLD4hY6tzTb5sBiYxV3o3Sum73vbZaaLY+iYHgdTtbq20AJtHGcclcZI/h6E46YBryb4zxxzeArppC+2HUtNySoPW7g5HXAP3c9egArsn1yNFi2KqxuyI+Gb5HwynBGSSSDlumSegBI84+LGo28ngfVI9smPt2mgbiwUlruIDqxOcgHPK9Tn5Sa5cyxlKWWY1Qcef6vJPpraDWt/LW9vXY7cuwNaOaYSU4ykvbJ3bdvs62+/paz32R6pHe2ttCjszblsrdl43Ky+UnQdvbIz97Geg6nxRqFkPBlq8KK8jxQgsY9oG6Jhk/7Sg4B45HbivPUule2hQBQPsNtuYAvjEEY2dyD1+906YOOOg8WuX8E27B3CjyEOAF6RuBycHB475AzzitI4mp7KlHniofV4Xiur5IOzd9d7Lq7BPDU/bS5Yc83iN3d7y17q6Sdl5aprb6r/4JoM0Xxh0lw+7zNF18xhASxIliOcEjA4HJGcgqwIIrzr/goh4O0bV/2jPHt1qNha3r3ejac482CN2Vljl/eZ27d4xnoMnJ244rsf8AgmrcPF8cPCUEeX8/RtfIjIAZlDxZJI7emcnj5upFR/8ABQqIQftE+J/mwsnhyzlCDLBlWORSuejEc5zz378/l+S04/6/Y9TSkngOblmlJa+zV1pd2erVtrbaH3mfTnT4Pwjg3F/WqcfcbTTS306fPW3XQ/MbT/g74cvdC065t1vrC/bc5uNPv5rYyMJHXcYkdUyMdCDxwTgccR468G+PNF8N376V4lu9QtGurRmsNVijnyBKojxPlpAF4DMSDivpDwvKp0DTXxkLHLxngKZXBIHGSPTHHIzjg0PGqeX4T1Tcu5i9qx4z8plHqSOM88469OtfqVfA4X6jKfI6cvYxcp0pSi3ZReqTSffzfTt+aYXMcU8fClOaqU/bRXLUhGatdaXldp26p621T6fPZ1/4jaCYl1/wLNPFHHbsb7QboyrInlKUIhZjjKkHAABGOCDgV9X+Leh3ulpYXR1bSbs6vp7rFqlnJEAqS5kcSbAgAB2g545PUV9SoqbLdy2UMVsShxgkQJwA3XJ6nAG7JPeuM8caRpF7oMslzYWlzjVLBMy28TMI2mKld+MksDhyp54PrnGvhsTRwspUcZUcPZx/d1oxne8Y6KXutdErdXq7m1DHYOvjYQq4OMJKo4xnSbhaUWtXGSmmtOjV3otdFnaN4i0jVFV9N1rTrtWkQYjvYt+7au4eWXyCMk5xgknuOd/WrlY7fRJDueNdYiywIwGLYGGBAOSe2TzzkdePu/gd8PNQ3S2+nXOj3biJt+l3VxbMhcKxYLGyoWJz9eCOozyXiH4V+JvD2n2d34V8dajIkWsWsSWes/6Raq0kihA0hJf0XO3PBA4NVPFY+nQ/f4eE4KMPfpzvJ25deV63el9WtH2TIjQwFTE2oYiVOblNRp1oct3JJr348z0b0utbK+7PZtVuVubW4ify5oXdlkSZVlGA2MMrg/KRkD6KBnIz58PhP8P/ABVcOt74dt47xdMvplvNOLWF1E4hk/fCS3Ksx4zyfm6dMZyJz8XdJWWPU/D2i+IolJDzaPctFdPnAUtHJsQMBjjPUcY4Wtrwv8StI066dvEljq/huVdPvLUvfWks0Jm8l/lE1ujrjdgZYgYXGD3eJxmFr4aUJUJQm6Uo3q0eVq0Yt2la2itZt/jcWEweMpYyi1iOempxTdKqpXV439xSvbe91srWPxS1OO60XxnrMFrOxt7HWtRgAu3Z2aKK6kSMSueXzt+Zjk55yec/U+kajd3OkeFb+ee2uGntphcQKygBbdiYow2d2TtJUDPoT90V8u+JYLzUfG3iS5sIxdQXHiDU5Ul3KI3je6kkRsEqRvXoSvIJ9q+qfDvgiab4b+HNTUSPq9lcT3d7bhZVNtppk2REELgqZBnuGC4AI6/geJqJYuKvvWdlfS6as97v7/K1rH7ngIOVKUlFtqlF3dmnpHSz3Vknr1vfSx+5/wCwL471rw38OfiJqdn4WfWbOeWwS92XQjntI5YEjyoZssF+/wAAgqM45xX5t/F/UbXUfFvi24gDx+f43eQRzKweJzdeYVY44CjAznPOCAMV+in7BsN/c/CP4iSXyRwbrvTVMsWAzxrbLtymMAlSowTnBB561+Y3xf1CO38SeJ3aF3Q+O7kxyoABGqTsG3BQMkMpPTOccYJNe5g1y1K1RtK6jyu9k9I7Pvbs7bq+18cUvdjdq7l7zd07ppe9d6dL621s3YwtBM58SQcjC+JZ1YMBuHmW0hVUXHI+YHPGMFmxhapXUTR67qYlwk01/tzgMEP2hdoO0EdASvGTj3Aq7oLxy61Y3bPlpfEkTxNERtaMWxU54IDA43ZDcnmo9Ukhk8Q3ZKNu/t9AxyASm7JA7cY3cHsTiuiOnv3+F3UW0/tQvaya3vbsui0RzTjKChFXUuZW5tV73KntqtVtZ6+drb3itJNLOlSPGJYJDOJY2ICyKQQ5AOf7xyoHKk5AA48i/aFksZvBNulio8iOLTAhQHEbyFTLHnAxhvcZPIBJGfd/G0kEtloqtb5kTVSmWPWGRSVCjJ4K884Urkc5Irwf412wbwPPPChWNtStIvJ6KhhZEZl7AHjjI6DOcYrHENygm3dX3u3pdKz6aaW9Hrsb6KPIteWNnqm1dx1st9VfTXW/U4jwkqi1sVbtbxN0IPCocHjGTkcnA45xVX4j+JYdJ8QqiQyvI+k24eVJmQAjO0HBBwSSCO65IGVzW74etwtrbEjBFvBtAGR8yALnHPHTBOSAR1INeQ/FK6ZvHMClN6x2lopjZgBjnjao5HTjBPHAPQZ5nQVbBUaTjzJzg5bfyprTVa3Ts+qsY4fE/Vakqqa5uW17pWfut2vstru3zuzmfEGs6lez2llNNcubjcyxQsNq7yCB2Y9CfnCgYBGQeOo+HMd4/ibR45zMPJ1e2CxF8kKpA3EEnBHO44GcnisCSeM6pp8xAV1kYcBECZIAQknPTk5GeQOwA7rwNcJJ4x07yQgJ1eHI2MWX5+DnbypYk/7OD65rq4fwyhjsHCKV/a010Ts5Qsum0rtqzWyszyM5xEq+FxVScrqVKpe7vpy3T11avfTW/R6H6v8Awx1G60jxToEllcyQyHULd45Y9oeNkCtuTgbWzk5ypGFzyu0/eni74w+NroeG7a+8Q3V2LC+ufJfUI45gieSyhFL/ADNjAw3fHJI5r8/fC8Rs9Z0Ock7/ALdHiMLsPCr912xyeenAJAGMV9G6xZa5qhguxb3S2UN6GWaWL9xs8tud4DYHTB6cA9q/b86yfAZhUo1cXhqNWtSoJUpShCU6aahzcsmnZaO9ne71eyPxrA5nj8DzwwmJq0qM6y56dNyUZJNays1p1bvftqnb3j9nj9pjx38HvCpg8KRaRc2+s+J9Wur621GCLMs0sreasbj5trnnBztBC4PJPqPij9ta88R3WrDxJ4F0VdR1TR4NLNxZne1ncWkplFzBJJ88MuCGVgRg7cHbXxX4F02VvD+mtJErbNe1DadjgA+YeeF9cEZJ65NZmvWxXVtQAEaiK7Axg5AfORyAOeM4bjB56mvzHMvA3w+zrFf2tisjpwzPFrnxOMw9WtQqVZPlvKfs5pSbUEttlrtr+hZf4xcc5LTWBwucTngsP7tDC14QrQpxUoytFTi3FO7ektOiWl/1F+H37V/wum8S61q/izS9Se11D4b6hp081/ptrqRbV0sBBKYSY5GETooXevzjnmuW1b4QeG/GfwK0v4s/szztpmpajYXsPiTRr7UTcxakbW6uJryOx02RzLa3QjO6KBkAYkLHnha+HfBdwlqWBclG0m+Ur5IO4NGysNrcHjgkjI6k9a2vhr4m8ffCPSYPiL4MmkuFt/FywTeG7yaVtEvrNpgZQ8MuYYpcE7pFUMFzyQDX57xB4MY7hRQzXgXMcWq2GrQxEstxdeU8PXp048roc2654tKLlzKLd9Nz77IvFjC8R1JZfxngcN7GvS9gsfhaKhiMPVlyuNe17csWry0V1rrZW8b+Juqw6n4Dn0/UooY9d07TAs+NLNjPbNHdSLPFdJJEsqSgg7ncfMc7Tzmqng/wZrE/hG11iwjH2BNCbfIMs0sio8kion3iY0Klm5VQTk8Gv0p+Knw2+HP7aHgjxL45+G/iPSPB/wAcLXw4sOq/DZoba1i8Q3CBnmW2I2CSRNu5Z0BZ8/MS3zD4q8PeKNS+F/w88PeGtUt7W61GPT9Z0fVbGSFo7yyuy0lpcltyh3ACFUYHaQAxOCor63gXjqrmFKWHxFKWCzqjVhQx2X4tSp1qFuVSlHmsp0nyvkqR92V0rbHzPF/CVLCVI4mhVjicsnTdbCY7D+/TrRcVyKdr8k1zRjOLV4NbWsz5yiZi7E7jliCSASBtA2Y5AK4wQQeffkQXLuNQiVvuv/ZhXdxx9rG44JJxywOM8kYOMCuvg02G5G+C2uEEvmOpKMEw2TtLMAR95cEgYyMg4Irm9Tsbq21jTopItonsJpkO8bT9lYyqcKcD5lHUfdB21+x4urF4eCbj7yhd3VrycWraq9r6rpdbn5JhcPKGKbSclBylLljLSMWrtvTS1rt6rbWx7ZONEOkaMpm095ZLfUlnUuRdI4MnllyPnJJ4HORgDnIx4VNFFFduAytturcgBCcguoONw6egxzzk84rom0xn+x3JZlM1nJMSoVhvY7hjBOTuyckA8A55Fcff3c1vcPG3zES24+ePZlyykEEYIwSSBwB0PJOI5XTpSjKpbmTUXd2XupJLV9GrX8t2iKklOvCcoNRjPs7uyS9bNW30120ueg62Tb6f4i8twQNRscIC/Hm2YHC9Mn1UEtjJ6kV5fJcSIUjUgMGVe7Y4IAxjP4A9QO453fEd5LHB4mBkbP2/SWcFmIDfZo/v/wAIHQjAGR19B5ydQfz+XDDzR34bDAfQc5I45PqTxWEpSp0aTc3eUY6vVXaV2kvv9exz46q6tSoowcVGVkndq3u662tdX++/RnsXg25MPibRJi6IEkkwcKrKREeR15yep4GBkkAV0fii5R9F0C9ihjsbptb1i3nvAd0t8j3JdAcA7Qu3YFHuOpryzw7e51zTpVYkk3GCoJ58hlBwB82TxgKQTnHGC1zWbjU30DRI3ldyNavngR4GUJmRsY+XJBOSWBJJxjnArzs0wSrYzA15yu6dWLjFySV9m0r6NJt9W9b7noZVjKlPAY6gqa5JqSc1ftGydnrvo99WmdbFNqcgZndAZg+HdW7HI+6SvOPoSfWuNu9QvJGntjIjhSp+U7R/EWAJwOQpU4JPIHANUpr/AF5le3jknJVW4RQsYLn5vvYwFB6YB5z3rHaK/ikeWe5SUqmJYgArlnAUE5IGec5HGRu54A9qUKcaMuVu3Lq9lqleOyV763t5s8eM5e0hZppSV3pbeLs17rT33utr6HU6U1+1lchZwbNYLuVEZ85+cBu424J5IyenTqcYG4axZg6iItDgMTyN4DHaOCevJAPU9OBc06F106ctKwjXT7pii5fb+8xk4/iIySF79yBgZ0SKtooUSqpeLllfIXdknDDaQT1B4ycE/dA86nGLw/NFy/hy0k0rfNJ2Ts+rflrr2Vpt4jmcOZp07N3vaXK9ErpJK99d2tEm2dPpd5PBbP5YMkbXs0e35gqg7QcYGCep6+3WtW+vbWC1lWa0t7nzIY4wZQ7OrSN2xggjqvXJCgHkE0tB0/Vbm1zZQXE6HUp1ULbyuGHCgqyIyjaDuJz6gcjI0tQ8M+IZraa6W1neKK7hjZxayYR1zkElQSeuRwV98Hbm61NYON6kYtppe8n62vo7q+l9NHe1juqUKqxU5KnNpSi01FuKTjG7u01b3u6s+tt8z4e339lQazJYRiLfrE20jfkAgdF+6QPlHI6EAciqXig3uqeLdKkkleOZ7CYGQhVJG5d2Bz8p+7x9Dj+Kz4Td7OLWBtaUtq04JMbBFcBQckAkHtjruGOvSxf263niHRp598aRWV0rqCwDO4GxQOGZ2Y4VQASQoHJ550qUcNTqSqcvJJSlZpWjzRbbv0VtLNXTaWmhrKU/bOnCHO7xhBRTbfwLTRt3betl23aPr/4R638MfA8r3/jTQfDmveJ/M0290O71qKS5tUgtwTJBeQAPE8bYwzPz/dIK4qTxnc6b+2J8TPCfh74a+ENG0O78PTXjeILvT7aSx8OOpwhnmuQscCxQL86BnBI4wSM1U8J/s36nrul6F8RvjXqUPw0+EMkSxQQFt3jfxeqEYttL0sYuoIrjAQSzIo2tlTkjND4t+N9Ql1fw58J/g5o9x8I/hptmjSbToX/4SrX7Ly9ovdZ1FF89vtIJbymkK5bbgggn+f8APuIKuK4jxdHg+dbHZhecK+OqupPLMFH3YzcbWjWrQtf2NKTXMrznqz95yTKlSyLDT4loUMJgrU3TwlOMVmGLacJwUn8VGnJ2bqTWqTSj1O112P8AZw/ZB1hzoupQfF741NYTJJEgguvDmhakpLGHzQWgihtyVGVYS8Z+9gDgbDxzqf7UFnqHxH/aK8fyvYaBc3Ol+CfhR4YcWMd1LAh8ozRoUQWa8L5zqZHwwBJ3V5R4f+EFz4K8UXeranBonimyaCW8c6tqcRexE6sI5r5fNaSa6dl3Mki5Xjg/KawPB+g6VrWvS/8AE40fwpNFLqFwl3Nct9iuGUttghSMlEc9IwQA2Ocg4r3+GfDShUnPPs8zfFZlm8+SdbE16bqVY0dJypYOm+ang47qPsYKpb7Teq8jiHj+vhvZZNlOX4XA5dGMoww1GfJRdXSMKmKnF82IlFtSftJcl+iWh7fqv7R/xA0T4NeMvg5o9tY+EfA+qaTex3tlZQQGRoSHQLLcAF57iVAFeVyWJDDJzXk3gj41a38HfE3w48Y+FprR9T8M+H7UWi30aTQSocCSGaJgVywBGQMoQCBxuHWfFTw18Jo/hxBd+D/G11rvjyTRtQ/4SXTrlIo9LhaIuWMEmdxZto8vbyx4HJOfkq8i+1x+Hf8Aj2jVtIhUyPKpAZVH67s5Uc9MjOK+1wvCfDFbDYyhgsolTwmNlU+uUq1OpGWKnUSp1KlZVL1KjnBWu5dtT4etn+eU69Cvisxp1MThnT+q1KFSDjSUG5wjHlaS5ZX001s2nsfWH7QP7UN/+0xeW3inxT4T0Tw/q2lTsg1LTmPn3snl4CTSOAWjVxujUttXhQCAVr5u1u51W2XRdT0vUGsb3TpobmGWCaS1kfMoZ43aEq6+YoKlgc4PRTnHGXNp5GnXEbXkGw3sbN5TfcwRkkDGc5xn0x0wcdPq62gsoFa4S5zJaKCjgEghSV7HGGb5iT15zk16OC4Wy3L8qjlWBwihgaMJxpUKjnOnTVS8mk5yb5U+bl10TslZac+J4mzHF5isxxGJcsZJwlOrHkpuUoKKXuwUU1aK1teTdm7u6/QPxR8SP2F/jT8OPD2m+PbPxh8JvjVommvar4ihaW/0jXL+G1Gya4kkDedHczKCTKxkRX+U8ZP5y3VlJpl1dWbSxywrdkWtzE6tHd2pkYQXKYJ2+bGqsVOCpJGM4FdLY6tpAv5tI13Q7fWvD8kqC6imYRXkCvGEElndDMkbKeQFIB6cLg16zrPhnwRH4PEfg7TbvxLYSywFLqLL6z4cmIw1veRKWee3UY/ejfhRk8818BkGDqcA4+vh8dWzNZVmFVvC/W6scXl1GU5aRw2IdqmFnq06FdunLR05J6H2eaZjHjTBUsRhqWBq5hg4XxHsYuhjpxUYxbq0leOIp3XN7WkuZXl7SNnp886EMhmIBC6jOqnAwAdxydp46c4zkgArwMbsvleaqnO4hjhQTg5wf4Se2COnUfSNtDk8NhrW9vLQXcmotKkaz5+WWMSICOW8wqVDKcbSMHPNbA0HVHkjeOzuZXeJpN0cZdcMCRgkEsMYYkcDgnOSK/XMNXw1SjGpRqQlFr2mjurNR5bO92rK+9vTU/NcVhqsak4Sp8slUUWmm9UoppWtdpp6aK6Xz5nSzCtoBk4N1d5HIB/enjnpwenPOevGMOW5La8oGUP9nPjPBIR1AIHQcDjqDnjpx3ul+FtWuNJ+0RWjtH9ouwzlWUhwxDKysB0I7ZyNuTkmsVPBmu3fiz7HHbDz00cSYaTAVSck/e5z3z6j8dXiaKpYdSqxbVSN01v8L12dtrJW87aW5vZVlKtFU21yaSSWu2iu+t9NW7dVqjn9QuppbVgxO0T24GM8kSKW3HsOg49eBV2S4kkeeNwTslRRy3LAgZKH5cA89uNp5IGe3v8A4Z+JEtYZXhgUSXtlCV85M+Y80fYMcZYhunHUHJObl18NvEkWuazp32RZLqyaF5CuNuyQKwIJPPHPc+nGAeqOLw3tpN1oO8I2aaskrXvr3d9rdV0OB4evKEUqU7315la9+XZeTSfp53Rw9/Iw1mwxyDptxgAsT8pXAJPc9ycnPXHU6bKjiEgkYUD+Ijd1xz0yPUDjpjv0uq+BNdtvEegWs1vHE93pl0Ey2cEEEg7WZiOg3DbyGHUZOlJ4E15QreTCoVfmIbGMHB4xycEk/eznGQRzUcVRcalppqU1y6O1vc28rr5eZnUwlb2kb038CfvXdmpL4kvLR621WlzjrwoLS8BPHkYAw2R8yknjj1+g25xzid3jW2kjVi3+hRkZA5Gzr6Ae3TnoByNzVvC2p21jqM0n2YJFbF5AsibyOAOAwPbtjIJyMVVvdIurLTLa4kuLR4rqytWxHIpZVkIBDDIKtj6nn2UVm6tOdV2qK86Ls20lurrV6W3t1+5LShRreycnS1VVJXV37yV310vZ9bK7t0PRrTxnqHw88Gwa/wCGLyXSfEdrDYvpupWi4v7O8WRWWeGUAFHU4G5CGIwcdq5nx5428S/EKLWNf8Va5q3iDWtVjtLq/vtWunupXuNqCR1Ejnyt235lQD+6QTXEeO59Qji0PRopkCTzxusKlCTHGqlGIyMjJbOQAfU4xWklukulTRyyFpWggjcDdtJBAIBHykfd7gd8feI+Uy6hhI47FYurGnOvrThXlCDqwpp6UoVX76he7cU+XVNp3bPsc0qY6eCwOFpOtToxhGcqCvGnKekXUlHRe0sld2u0k/JvjjzbQKAx226AMTtAwiggcLkZx0HWqMUX/Exv8bci3jXcT1OOoPUktjpnjHXt2iaVCkFoDBP++RAu4s2RtHTAJKjHTg4AHAqGDSEbUdYzCiiOBWjYybSxwBt5IAIweD8x6Y5GfrVmOHsm5cqVleV9UkrtX369el+mvybyvEyckkt3fe+6VmrPe9m+ia1TenMTxOLnTGVckJIeCecjHIPHbJHfuM5ptm0rXfiA7lQp5OdxwGJUY/MnGCBg4GORnpZ7C3/tDSY3JQOkQmxMiqrM+MMxYKSw4HTg9cAkQRafaHVPF0KDz1gNqxWOdWbYxVS33gDjPPUFeAccDmqZrgJRlzzUGm9Xs04xh1Tu3f7NnpoduGyrH00uSClCUUklJOzXLps9r6v7rvRbmh/E7x54O8O634d8P+JtR0zw94xCWHiLSI3ZrDUIGQ7fMtyQiyEnG9VB+bvjFeWX8KxwJhGO4OodAT/qmLBuCT8oAGck9s17h4m8AXlh4L0zW4dOdYbqM31vKbmKQSLaje3CPuBKL0JBGQGwevjK6ra3mn2s0NxbJOgfzbd5EaQGZ8AAE5K7jk55GTjOBnzsmnldGpmNTBUqFGeIrxrV5wpwg8RWjGMeeo4xi6lS11zS1aWr0OjOVmdWGApYupWqrDUXSoQqSdSNKndS5KfM7RSbdoKyu+hSu3LCPCS58tSdyPtAMQz0GMnOccZ9j0gSQJ5RYSMjgKwG4L/eGCRvIzg8dcYx0Wu81CWzhEHmXOnYFijOhuI0wfLCgk7to7jBPvwadBe6alrbDytLYBRvLXMO4sRkBcsAQRjJP0GBX0M8bTb0qQuotu0lrdx91pXfXy669/nnhnB+8pXspK6t1jbl81d26XtfW1uK8KkJpkpVGBGoXDHdkMRvznAwdx6YI5bjoKp63Gq69ozjIzFcZG4FuAcgc7VGeepAGefTtPC93pcWlXEchsPP/tSdwjOZWWNn4AdAwcMeBz1Ix6U3XJ9Nl1fQbi3it2W1lnF0qwTkFXjOwZKAZJ7HOOcBs8cKzOnChBXTlCStd2VlJXt6pK6av+R0zwU51OdaKUNnd68sVfRXWq0tfr8+XCmRQ4MhCyKSEVmJAIx1HBB54A5469c2yiHma2uXj/02N8nI+YocKRgAA4XHXgnjjI9giuf3McVnpAaVpY8yQafdy5DMNoKrC2SRgEEnHQDIIrn9B1N9I1vXDqGhm+um1aGR9PvLZoBFEkX+sPmICEU4YiTYRnpuOAv7WhOVPljzNJ6KS1ikktXon1tZLfcKeXWhJyqK37tapqKakm07patW+Xa+vnOmmUXGos0chd5ogQqvksqEEnnngcZJ3Ecd6ta3czJpOY7eeaRru3RVwwBZXBxg4IxgYA4HHNe2aD4Z8WfEbW9Z1rwj4J1e/sbacRS/2Lot7dxC4jiYFg8MDxeVEMhmB2jGSc8jlNck2afb6XMyWGp2+siG/e4tGQW5hkCT28LFNslwrA/ICSrHDAYJbkqZ1S+r1eVRVWKleHMrpJx3aaXV2bW1r3TOmOV1VXpuckoTcLT5ZNNWhdW/mST1ur2s76nNRvruvzrotjHeQiPD3l8zn7Lp8ZUbljAYgy7NxGMnPOGPX0G30rQfBllb300j313GGmtrGRlFxqEync01yzfchBAdi+0YBxjg10VzY61aWMMnhjQda1b7SrvHDZ+HdUkEjJHue5uZY7VoyrYaQYbbjOBtAJ534U/Dbx58Y/Fq2f8Awj3iDxBBbTNNqemaJptzcardww3Cq+nRRwxk2UbE7WeYR/KWJYDcT8LWxCqOtOrN0qVZurVw+HS9rVvblpud01zXVruKs773Z+hYGVPDzpQjHnq04QowxFaTdKjCCjecYpt3jo7JO2i6WPUPhR4Gf4u+JR8Svi7qcmh/BfwjC15r90XEFpeW1oyGPw9oVu5Vbu5upNkbOqsylmwSKPjr+0TrHxM8W2mm28V1ovwt8H24svhl4JtW8uz0fTIlaO21S/hQiKXUp4/3gDjERb5QCwx337SngP4q/D+48MaN8TfDaeAPCmsaNcxfDj4cW0kUaQxaWyr/AGxrcMbAy3sn3i0yks7Eg4ANfFUa+cxmDOxeSUM7HP3eAuSSWXIAx0AHHAAquH+C6WZ5rQ4nzvDYWM8FCVDh7KqHLPC5VRqcqrYmc1eFfMsR7satez9lG9Om928eKOO3hMvnw9klevKOLqfWM7zOtzRr5lKCSjh4qXvUsDRunToXXNNKckmlFYvjPW7a+0aUNFdlxcl3ndRvdiMglsZK5GTzlR0yK8u0a6iOraQ4tp5fKsLklS4DMDjHUgH1GMcjGRXpfiU79BvQAT5SqQRgHIO0kAYJALA5yxOOBkcec6XbsuracNxAGmXKAcdgOT8pyOwGc457hq/SJ0vZzSi/dvCUUotLWUX1vZ6X03vr5/mcMRGoueUdoyV099I21b2v879NT0CDUYdq40uYjcCd5Q5BbJ3FjnpkdByc9Dk8jqN2qQ6m32CYo9zCTkkhTk5H3ieM4yPYEHGa6eC3BjALPuymAD97G78ODj8gCODVBLCa/N1p8DhZriZ2jSQ7UZo2QKHkbhQC2Mn1ydvQLHuKoTc5RScG27X+FLdu6bs3t2dy8DVviqMYJXlO0Yr3m27LS6310aVl6qx6r8IviHq/gHV7iWwjnvPC+uCyXxZ4PuZMadr2nxYaVCCT5Vwg3FJY8OG5LdRVP4sQ+EfFOuXviL4cwazpNhqV7K7eGdUnieTRIokVmjtJg3mXFqXVipck7CBwOTDrXwo8beFNU0zTtcsJrSbUdHGp2osXN6Wt1QN5xMW8pFggbj0zjP8ADXDW0AhjuJnNzIYJJoVc7gdzfKF3c553bhhiA3I4r82q5XltbGPNMvrSp1qiUKzo1FKhWjePK61JNxlON9JpRmm3ZtXR+i08zxdHDQy/HUHKjCblTVSNqlFtq/s6lm1FqTbik4u+nQ7iLw1f6jceGYrS90jTHu9FlmNxLOhYvDuDRXSHCrJLjClgBkZJBAIp6vYa74c01Z0l+0WzTPYzW63Ecdk0t0TGk1usZ2792MMF5JHJxxp6VoN94r8d/DLwt4ds7dNV1qPTtIt4byTyre7vr+5McQnYkYSR2AZucDJ44I/Vf49/8Epv2qfhr8Frjxp4st/h5J4H0bXfD81/a6bdTHWdMtNTmiH2yWUqqvaWglMjncSEXnAPPVWjTy1xlja1LmxC/dJpqUpLlvKNov3Umk9dLWW1jhWJhj0lg6NX9xZzlFXjq/hfwLXk0V3q9VZ3Pz88JR+DbTTfC3w9+MPhyXwNby3wurX4n6Yn2lzBfALbR6vAwMb25kYB5Fyyg793JUL8e/hFrfwavrCSDWPCninwprsUVx4c8SeH7j7ZbXttMQ6LehGcWk4jILpIU5JG0kbR+nv7TH/BNT44/CL4T+HfEfiTVPDvi74X+J7Dw+9v4808SXEvhD+0rK3urCDUYCpDWMrukSTJkI2WJAOR8FeFP2UviW/hm/lvLyfX/C8s12s/hq8M9jeStbhxZ6xoMsu23ktW2JII0ceYADyWr5/I6maYfNli8Nm2Mll9Sc5YvL582IoWaVquGqVLyw04yacoKTpyjd8qsmetmtTLauXxw+Ky7DRxcY0o4bGQiqFbTlUqddQbp1oOLXLNpST+3Y+LPC8Gs6l4k8SS291p8Lg29ucoGDALuLKMMcgn5umcZ4xXb69ouqDSrzz9UgRV0+7ZxHbINwEbAqDjkn5SCAMFRkHqP1J/Zo/4JvfDn9oH4MX3iz4G/Fea9/aD0DW7+38dfB7xPHDp99bxwFlhGnoW+0XCyKv7ufY0IYnLKMkfHfxm+C3jD4ajxB4c8c6RqPhvV9N03VTJY31vKjT/AGRZVlNtNtMcyKUJDwlkwCeGPH6nleZ5Zj8PXpPHT+t0/aKpTqS9lN6pxkk7NxfeOj76H57mGGxlCrQqrCfuJ+z5K1O1SEknBWck2lJWdk2u6vsfG/hK9ns9F095NXe3txb3Cr5cMZMYWQjnPXLHOfTpXO6lqDy+MIX/ALUndRYFhcERKwGCThegUnjoTx94nr6d8Fvhdq3xF8N2zaVdRQWCwXubrUIZ/sxuY3eRbRHVTieUAbVbaMkk4OBXlGs2Emm+NpbC9it0lsUazuAAUVJIiVxkgFQQM4Iz8205GKJVYTpYWnCrzTi488XNvls0nfe17WWq3T23tc7lXlOhywkp8knDSUnZ72d73vppo9tDo01h08rOq3Lsy7F8uJeQX+8AAQNowCx+b0AHAp6ncRSyabIlzezkakqkOFBTcpV5FIwQcbtvpwCPXV8MPo0uvaUmpvbQabDeFLybfwqEhjvwASuRk8dMA4Bye8+INn4ZbVfDDeHfs0tvNqMrzSWrnyW2giPerYJYqAzEZ78mt5QlOFSXPfldP3byv9lXs7u3RNPV2S6X5KVX2dWjam0pKTu4rSyu7XXRN9tNLHESXenw2kii41S5ZHbcPOkVdu8D+EgDG7J9iSMDBGvoTWhlRZ2nSKVLpk/0qbPET4DhDwSRkggEkEDcDmuinfQf+EB1+HzLY64t+3kxKm2RQJlA+cDgEc4JIxhcYXj1PwFN4Jj8HQWd5/ZC6yumanPczXHM0U/lMEO58A5LfKFIGfXGTnNy9otW/dSumnbRNeb7NNu7+8ttSUJPlS54pWScdVBv3ktJbXT76bHk/hjT9JbRrF5ftEvmy3pkj+1SQqo847HznAU7cAEr0IPrVLwX4bsPEPiHXoYYreeZbtYbWE3LsxckKNzI5Gc5ycE9D1r9Tv8AglP8Ivhd8ZPjj4N8CfFfSdG1/wAP6noXiG8js726itEe7jdlt3lYurFI2KuAcKQPQGvvW5+An7Oev/tlaF+zf+zz8OdAsptE1M6p8c/iIJVvtOsdIsZCH0rRkfdEl1O22J5kIcclWJXFfJ5rxAsrq08JWoTksPg3i/azlBU4JO0VKUmtZNKzas20l1T+kwWSPNKf1iGKpw9ti4UFSVN1Kjko03K0Um3yxd3qlu72Vz8Mde+FF/aaFrUC+HpZdSC2sS/YYry68hWK4eaSCNo41UfM+8g4bs1WINWTwHDpnh+yi1/TfEE9tBf3WuJp11ZtY/ZIjl9N1G5jjcRRr98wyYbgKelf2+/E/wAD/Cv4VfBTxTa+HvAHw90i1j0+30WDVLzRtPefDtGk2p6jfXEXmyeVEHmZ5ZANwAHJ5/n++Nuhxftd/tK/BzwP4dbw7ofwm8FSW3h2xurLTbXT7r4jHSXSbxNqbNFGrvpEU22GOX5keMsF4JI+Rp5hV4iUq2KdOnhbTpujOcZ05QUYtQa5eWo2pNON7WTbVj6CeHocOzhDCU6lbFKMJQrQoP2sWptylFwaadleN1662Pxg8Ta9rviy0XxXrE3jHWIoJ4baPxf4qsdRm0mGABhHbWV5cp5JZ+drq5LEFgSMMMqy8CeKvGVu6eC/DOra7LDY/ar2TRtNur4LExOyR3hjkDFyDtJJAA+fbzX9D/8AwVJstNvv2XdK+G3g7S/BXhLwxpXxA8KaVc3Oiafb2KxxW0M0TRtKsSSSNIEd5HLnLE55PHI/sm+O/CnwG0nwnr2o+GtDTwrqPwj1bSdI1W1d3/tvWNKjBku57eBWMrlyGEsuRnvkEV9dlPJhsGp4ShRhClH2aoU1CLUY8jtBRslGzu2lbXpdM+WzDHzr4q2MdaTq1bKtU543agpJ2m5yfK/deybWl9D8gPhl+xn8fvGuHuvAPiXw/psVr9qWa/0C+E1zGoLAQxiDchfhfMkAUAkjuBV8U6N4z0/U7v4Waw2l211oNvKk3hS28zR38wAlJNcnYRyXcpXDGOQsvO0Yr+oH4c/FO++PFtDNoHxh1rwrY/8ACGpdXtlo3huCS5eWUyqtrBNNEjNbW+1Q0u4c5U8g18HWf7KHw7v/ANsK60Xxl4k8R+ObPxZ4J/4SzV9SvNGiGozaqJHjjtZdgzFbooUyYPAwTx8pM6wOEx9CpRjyVsfQca9FYi0qNCUUpSqcs4pOUbtwfvO/wtanHlHEGLwOJVSvKVLAVf3NqMV7es5ThBU7xqSlytXTXItWnLTb8Idf8BX/APYkNy//AAiFuIERTbWl1HP5b7inKK5bcmOTjk9jxXI6X4C8VajD9nsbTVtSW0aYM2naZqM1qkbqXdo2iiaNuCQNuQ3Q9cj+iH9q39kn4EfCH9nzXYPD862XjfUfGfhcwX194ehD2tjqGpL5tukqoXEXlkKCPvjcACCcfXEF5D8INC8GWbar8J9KS/0TTLXR/D0XgyJ9W1a4On2h86QixLyNKzbnYkNnLNk4J4eG6WKwVavTr16OJnOLcZ0lKnHaN91L3Y31skrOx63Emb4bF4OhVoYfEYePtFF06jjNpxS5XNKaSbvda3V/hTP4+/CPhi60jUdZ0y4t9Ziv5HKfZ5rO5huEJkZwzQyoroCdu3IAJAA566enfD3x3rHjWWPS/CHiu8ub+3SaytjouorPfR2zKJJLVfK/exqqZZ14AYMPlBr9oP2vvh/qL/tN+HvFV6unafqOvt4ckfTtD0P7FpusPaXEc9zaW9v5KebMLcjzVC5P8QJ6/ol8SvEXw7s/iD+zx4hk8TQeBZx4f1yxi0bT/DkcWofZ00iKOS4mhW3V2CyqzBWB+YlsAnn6qk/dw9pxnyVJzai9nZOT+Ju920k1r+D+SljfaKblR5VVoqL59XO3Kny3ej9y9nK9nbW2n81Gofs8fHzUpdKXTfg98QLmbzWmDLoOpuVG3BHmfZzsTPXJUgBsKMZHNeJ/hj8Q/Ad7Y2nj7wF4g8Hzaha3dzby63ZT2pu41jZSYWnjXzgpUkkYPGSeOf7D9G1PSJNQ8M3miftCeK5tNn027uL9IfDETCPK5MUmIcKhXKZLAgHcDxmvyL/4K8XVhcaz8JlsPGuo+Klbw3qtyZtVtEtWtUcOHW2CqMgrycjO7cCMHNexSxsquIdGCnyVKd7SjNNOMIt2biottr4m7vX5cDi4rWFmqqWk6TTg0mpOMZybtontbXVWsfhV4bZY9Otoodrv5lwmSCx2+bISxIGAAOVHY9cDiu40xZZJZ0ihjDRtGzmJADtG0YbgZyecdByQd2c8F4WupLCwhlitjcK89wFdWyCgdgGbOCMdSB1PYjOO/wDDt4Z7nUZIjDHlkWQGTawYqCM5OAScbVO5iT1A6fQUYtewfPZSjrFWTtypJxbezbTevl3a8fEX5q173TTa2srxV7tJO1++iS8k8S2YRazrivArFbiF8rjcHWMDLAcZyMBeeT9RXzP+0i0l5B4NJDJnVZM/dGQCM42kdBjGCp6Yx2+lJLiKHxBrmVjZ1kgZlMoOSUX3O7DEY5xyCSTxXgH7QTrcx+CyI4lU6hK21CCejAFsAg9geSQTyMV4XEDccmxqerfuuNrW9+m739fVWufScJ/8j7A6db62/k7vT8f0PorwPp8L+DJxJG0jHRNMaMljtUmWI5OTz6eoXOOa/Oj422iw/EXxE8ZQKs1urHhgVKdVBG7dnqcAEcE5zX6T+HDLB4IjEShVm0vTLQFlAJc7GVeT6YPbGMEY4r85vjlafZ/GXiW5uZEgWKe38zDEZTZkhSOrEcDHT1+9j85ypf7XFOytTcm+ycoNJu/TSyvf5n7DxDJLAXUeZ88Nnreys46NuzSvvr32PjrXrDUNQ8S3Nra2000jJ8iQRGWRieMNsB2ZyPm6AD5uAtfS3h/4OaN4U0XwvrXxP1BLU3UT3dv4binEc8ifeSS5l3KFjchSyrzyQBkAHzbU/FeqWvy+D9CaCWa3xJqzwgzzykgLGkxzncSGJU5A4zk194/Af9lq3+Jsun+Jfi9rN5rdxZ+H4b+20WS6kSzt1mXzIkkXcM46BFGCOTyMH6inGEHJ4ZSqVZNOUpJxpw5mm9U9bpa632b3Z8DGnXxTUK7jCjBpwhfnrycnCzUW+SnvZa9XolYq6F8f7SPwL4e8LfBvwC2o3a+KkjudQSGW10KG+y8cCmZFR7iQgb2kf1I6ZrvLv4S/FT4g6pFc/F/x3eaZpVyzuPDnhuQ2UPl7VPk3DxFTLwQo3FmOM8qGr6M8SaB4E8E6J4FsdHj0PwzYReJrc3UcYtbWJre0t5lM9wdyt5mVH7wgMxGcljz4z49/aP8ABGk3SR+GLW58Vata3MiSXK/udGiO5vme6lwrAYx+7JyPlB7ji5cHCeJqY7EKTUlL2cW1BvTZK0pWfbfq2z3VUxMqWHp4ajypQ5XOVnJRXIlzOS5bPd2V9nfa2prXwo8AeC/h9rCeEfD9rbzsdOMmo3EaXN45W6i3SGacebub5mJB6kk84I+kbnx54B8E2Ni2t61byXh0y03WOn4vb4n7PEGTy4N/knIwC4BB5IzzX5P/ABL/AGhPEnivSrvSX1n7SGuYmXQPCVrLN5UYlXCXWooquoGQrYYjI+U54ra8MfBP9pv4sRQNoujv4L0S5iidtW1SZo76SFlG2Y3LFbs7wAdoABAztwRnlWcVvaTp5bQSjyRipctrcul3y9Xdatq2y6m6yyKpwqY2s3JTc/iu7vkXLeau1ZLRXt0ufY/jj9r7w94ecR6c+n6BbqC8d5rEq3OovtJw0VrAXCFuNgnUYI+bnivgPV/2h/EPjHxJrkPgbw7rHi3V9V1GSV7phcG0MrAL5v2C0U2oT5eDMACFAJY7q+0fh9/wTd8FWNzbav8AFDxTqPjLVPMSS5sYpJFsnkLDIa4LByoIwSe2VIz19/8AgT8NPBHg/wARfEHT/C3h7TtPh0/xAttbsluklxHbxKPkacqXIxkkZA55zzXDVwuYYyrQjjK8oqrLaDSX2XypLpe+lm7Wumd9KrhcNRqyw9NTdKCk21a7bit3d3Wt3Zfifnx4Y/ZV/ac+Lyw3HjDVz4L0C5dW+x5Fovlt2S0t9qkhWyGkG4E4I7n6f+Gv7HXw4+FvxZ0nT9QQ+LLxvCz381xrKpLbvfAEM6QurKwUg7crkYOApANfpNHCpZVILEqjAkAL1xyU+XHy54yAQOowa8hvYBP8ebCEIpx4Hk+chgqk5A7DkhT1A7dcivSWSYTDRpOMeep7emuebVrtpaxvZadbvz0PLWcYvEVakLRjTVKfuxTSdkrWcbu9+t+6vqz2zwfpulWGnra6baWtokYWOOC0tY4oVHCkiNEVcf7RJAA3epr87f2kp/tPxn8UREAGw8P6ZDwoG0+cW2ngYzk4PfjB/u/pL4UjmtoCp2uwlbEhGABuKgKxB+XoevXtyK/Lb476gbj42/E3z5AzxppsR8rBKANnOCCBjGMfXPoPpshoKnnOGdr8qqdEo3stNdejtbtp2PjuOKlWrwzjIudlUjCPK7NWcoKyWrd3rb5Pu/D9QtLq6uEaGB3VIw7Kiu+F4O8qoJAxtBJ46buTxy+nwO/ibXYpF8vbbW5BKMSCSucggDggjBAxn5myDX0x4J+IXgHwhpF3BrlpdX2o3RMYure1Fwy27oN0ILAhflyCVPUAV4DoviLw/rnjXxjqNi7QWLzxrZ296hEkcKuM78dO4API59wf0elmlGvi1QnSlS9lX5VKbSjWXKryhq1Zau3nZNH4bX4VxGGyueNo4qFaWKwjlKhC7lSc5U1GLXS91pa/3WLqaRfeU2I3ZGkARh8pwSedq4J4JADD/ZzVaKxkW8ggljlyhPXODy204JIyPRcDAOexr0p77TfkMM0RwqEAOEVSBjODgnO4+4Gc9s4cklm8n2qSa2Zt8mAswBCqrEBSW428H14zjkgfRTr4RUZ2cUuWyleOtkm0tm9Wl1/A+Cw2BzWNejFQqytUp894tRilKDeqV7X0Se1rvfSP4Yafby6PqXnRHP8Abd4PujO5XfAHB7gFuoGfUgH03+yoZELkCMRsFB2Da4BDbicZXBHTgEYznlT5t8JtUt00jVNzIynW70gtIMBjI/AJODk8H045Ucn01dYtlWTFxAmW5LzxkHB6bc8EA9BtOMZUYU14OBrYf6rSTte0+10uZeV9bvXt/Mj9AzfDYl42orVNXFWSvrGMLW6K77Wt0W1sy/s0ex1cpndHpt+24R7gQLaQqScZ659B0J3Ek1Y8C6fu8F+HncBCbd2ZtoPV8rjI4yQR2IAIHPVt7rOmppWsBbm1LvpmoAn7RGSS1u+MfOSxzxz+GBUHgvxZo0fgrQbeS8gWRLMq0bSKCORypB5yeoHA5OMDIxnXo/Xqbul/s8m3dWb54XXyStdK+ie5eHw2IlllSKjNuWLho09/ZtW+TSvrZvS+x1EVj+/I4YGTgOAyEc5J55AOeNuCf7xxVPxNZKnhvxQygNnR7vDBRtBETkgZ7nI6cjOTjpWYPGGlB5fLmyYS20gSEHJwCGwBgg88n/gXNN1XxLb6h4V8RhDGmNHvCTtkDOwicZQsmSOuTuPPQY5LrYml7GrFTi06c21da+7srWet7R1a7LdMwmX4t16DlCStWpyW70UoXSbWmnzS66FjwHZB/BfhhGBLS6TAFwvAwQSM5yBtPQdAOeCcem6Hp8Yu2gIbKOobH8YwcHjAycYOCB05IOK5j4XWZu/BXg9lSYr/AGXEzMQcFTyWGcZGcYxkKMdCor1XRNMK3spAdZFnAG7A3Ko4UBiMYGPu5z+PPHRr044ag7qK9nTtzW6RV1a+ru132t6d+Ko1J4+rZSaVaSejvpUV76W3aa1S00ucH8W7FE+GXi9EH/LihKEc4F1EeGyGHJUAA/KMe9fOyxM1hYyHgR2dqR8pJctEBzkDkcgfeHfjv9U/Gq1+z/C/xnM8m0HT1YPyOTPEoC+p4y2QOOAea+K5dSna1s4EvUVDa2ysDIqkYjB4IJ9t3bnKg11ZVWh9bxLbWtCk1G8VeKnvayvrdO60Vtuvg8XYKrUwGWxhTnpXrJtJycXan2Xbdt32utDoz+8lEXAYswAyThW6ktjHO0dCBk88deF8Uog8XeEAdpQQXKszA5AUjJOACR23AkHkk8mpoLwLPte8TBcknzkKgKc92yCeCevbqcA854plhn8S+HPLvbcoltdFnNyhChgMlmDYBznABGeOOa1zTE0nShacVavSb96Mn7s4tXSlbd7317dV4/DeU4j63Xc6dZ3wddRfLOKb9ldKzVm3aySbfnZ3PaLOVfLSNTGQR91jkYBPXAGQfmJORk8EYOa881DZJ4g80FQBqEHy78gtuUEbcA5JHIPOMA54xreEoNMJEmr63axRI4AJ1CIKVOcfekB3EH2wM44wBx14unnxHG0OpWQtX1kKHN4oyisCDkNgZABJB7ZAHJNYjEwlGHLOF22rcy2skm1rbXVrqrp2vr0YLL8XSnUjOlV9kpJL3ZxvJSje65W0rd0726q9+/8AFKk/HPw/cBVSM+G4UyvIDCNRjjJJyOOgPpyM+yDYVc5YAr8wB6nJO3HzZI6E7ueQOcV84+LLzS5fixpVw2uWdtaQ6BCpumvA6O6rgorq3LDaCBn1HQ5rvoNR8KuA0nxBtkLKAqiRiFZicgHPPIwNoJ24Axjnhy3EUoLF+1rQjbEScnKcEkvcu/eem3br930edYHFVf7NdDC1Z3wVL4YTlaz0i7K100m/VX2udP4hkg8ldzKJPMVVRiBgDksVbJwF5zjqc59POfhnIp+IvjVhJEFaKyySwUMM5Y5zz0Gec9ioxzU1y48Nzz26ReMVu1WbY8yu4UgDhc5DZzjJxkZyeprz/wALXXh618Y+L2n8SW1tbkWgtrjdMWd1Y56cnb1JztHHAOFrlx2JozxWDqqvTcI103acWrKLd9NLa7r03V16OSYPF/UszozwtRVJYeKUXTnFt80EormjZy1bev5s+yJ7iyDF2u7YOhPDSqBx8vUtn3PT1zjDVQn1KydV3XlmqrIMZljJzxxnOccHGBzjjcOa+e7m+8IyRFpPGZBJILRpcuHbLcklTgADgHGOoGDioraXwHiAzeLHlTdhiY7gK+M5HEeQc/KMjrn0FerPMMDOmv8Aa8PFyV/4kU3bls7J3dtP00PBWT5pCq/9gxFpTi7ckknrBp7JaN6atJpp9n6Z8MbzT4W8XGW+t4w/iSUgtIi4HljaeDnkjhucEj3B9XXUtEWWRv7TslkCkn99GxYnljySR/FtzkgnGDwT8heGdY8EWUviBZ9WmiMmun7KbezuJlkgMYw7b1ILNnBGccZ75PXLrnw6MpP9pa28jFyyxaVO24heo+U4GQM4wDg9PmFeXgM4wlCg4OvQbjKon7yu7zttbZ31ta+rsrnu5jwzmWJxSqRwdfllCi+ayitIQT1bundtbK2zae30Z/b+iJPE7arZbvMSJQrA5JyBnA4zgnBPQk4ArzfwDr2n2lnrySXBJfxFqLoqow3AzSZZNoJO4ZPHODzgcVwGm+IvAjaxpsDx+JbiE6jZlzDopDFWlQFVDITk54H3iScnIp8+qeCNNvtaRNN8ZSE67dywrbWSxxwwlnZUlU4EcrDGc7W+9ksQCOLFZ1h6mNwtXmuoQqNvWzu4apdXbbRLz1ud+A4YxtPLsdTqUZxc50XGMuVOSUrttue2tuj+eh75pXiizk1rR0i86UmSdWwDnCqTuAwCAMFc9sHuK7H4h6pHe/D/AMYRhWWWTw/fgqxIGPs7gdevcjnnk5ya+XdH8UaDLqlvNpnhvxnJd2W7cHMaKRKBhgHcAdQCON2QcjGR3niHxXdTeE/E0D+AtcRJdDv1e6u71AsMbxN+82+Z0GSzDngZUd11jnuGcay5Zvmi9eWS1cVu0++3Z3tcj/VPEKrg6j9klTnT54ynC6kpJvZu91bor/df1P4NJEPg54NYNkwaNLkKxCgLkk88EZJGC2cnkk5Cp4e8Qyy6/YWTwrDBLNKokUrvZVcHJ7nkDPADc4OQDXkXw58beNLH4ZeG9KsPAEUlkmkyx2+oyX5QTiQnEhG4YUEdCfXBOKwvD+r/ABEGuaddQeGdOWe3uZRGZ7xzEXlb7jFSVIOOoX72cE5prOaPsMLZVPcjSU+WnLXlVNbcrfRtcutlo97U+HcRHEY91JYeLrSqKm5V4K/NJdHstNLq/k+v2145Ak8GeIXC7l/sW7AGcKxMRzjdxjgE4IyenAOfDPDZEOheHGK7NmhWwAJIBGCThTjknIHy9+meK3Ncv/jTqXgnxAl54c8M2ls2lXYaUX0++KEIdxHqxUE4JIJODnkDzvwzoXxbv/DWhtZp4WWH+xoBbiaaZpzGA20kbcB2AGFBK4JwvBNen/bGFeOpVEqraw0kk4O6fNHfmta+9rO23U+bqcK47+y61FvDwj9dU3aomnptonZaJrTTW2li38RtJt9d8Eao7u6RRSBwpwMlVJI6YJLr3xkYJzzn8Z/jjcW58QJp0SMot1DMrEEq7HGGz0Bx90jJ9sgV+rXxk1H4h/Dr4e3t34kvfDUpY5j060MjTS7wxjO5lAIUkccDORzxX4263dXfinXLnV9SltLWe9Z5GVnHyruBUKo7AEEDHA9xmviOK8yjipwhScoyaipp2WmjvL3tFba713Vlc/XuAMsq4DLYQrRhJt3XK7xTahpfSy2etr97akngjQDqd7GZFbZCxZ2xn5wcABeQMY68dVJ+UV9ISafcW1lbWMaBSGWaTaBlV4GWJHAx/s8A4HBFefeG7O78P6Ub62WwmR5FEcrMoeZ1wcpubIVSMAYwfdRzuHxprM1vLNJBawyKrDccDcoBIRBgFsA4XqMcMSdpPjZd9XpturNObSaatrZJPVq2q0WvW78vZzejjMTUUIQnyx01unpZX18tF0V35HdW1pfXjr5crFLeMAsrfKNoB2cc4Bx0JGfUVxPi221FJII5I23ThRGgIOcHJO09euScAjg4xnDbPxTrP9mM8c9tHI77VCn5nYZPzYU4HGevOMeucG6vdW1S/tvtOpK8uxiSoyIto3FRjJBJxkYHPQ85PryxdCcYxjzczUW9Y2SfLdXbWqinp169G/lI5Zi44hydJ3vfVWTbskveS0s7O77djA8Y2F/DbRIsRMkaJNK45ZQ4+b7ucLgAcY7EAcGuC0eNrrW9LUMF2XEauxbgMMkn15wPf5R97PPquu64jNHpksWGu4Fie8IfeQAQWw3XIXPXHOeDxUHw20PwuniS6u9ZkuLiHT7eeeK227RczCPpnIClFwynIBAwfl5Pi4zE04zXL8N4uTTk2mrSjFJXVnduUlo3ZK9tPssmwlRUpRqSd0mtXa0lZxil3vrKSdndrclubm1j1SQSMUQOI23MSrSnK7hjOeuckngntmvSvBXhzw9q8l9PqryfYbCNZmVGP758DhWOMAjHGFJ5OAc15hfRWGoXF2tjA8fnXElxGXJd0j3kFBgBQAq9+c45BGT3MWv2mkaDLGoaLaiRKE5aZwOWkI65JA7578YJwqXrxdRzUIxblFtXVrJOLvZ2uotbu7SRdaosPVdKFKLk2r63vLaWq0dnbV2te29jn/iHHoVxqUkGhWcsEMcUZhtl3GSQqxJc4HBGMevUdQRXIW6LHG63NjKkkWDjy5QxTaON204IPpwCB2PDLDxLqUd++owWT3srSOmJrcuiLn5GRtrZx0AUEnIBAHXUm8R+NNS+0I2mwxJIVV3lt0jc5/hLMoYAjGOeeOg5rw6uJlz6Qc0uZyeqbsk09rprXtbz3PfwFLBypqVWSjUnpyppx1W21+azs1pppZ3LXh7V/wCyobp0sHQXci+VPPkHG7ACgYZ+c/KM9MkV9FeDvBEev21vda3e3Vs0h3LFDDtHlON3mZIGVIOcZ7AV4Bo1prMkKTagts/2SYNDbMOWOSQOPlPOM5yCQM5YCvVLf4ha+ImQL5MqKkEcSfIgWPA+ZgM5wuQQeSMkYya8bG4zFVVGNDEQotpLdc1tHLRS3uuur0bst/oMvo5JhputicN7VtRaUovWV46vTdu9r9m+iR9G2fwz8D2p8xdVurqdEV3WeYRIi5AZM5yGGMjOTk+m011Xh7S/g+lxcnUvDEl1bRMlssxvmVPtBODKxDZIGc57dsYr5S03W/FN6Jo4kdpXkLhDFcTucYJxhSVUY+U4A+U8dx3GmeFPjBNavc2vh26+w3Dbluri2e2s1+b5SZZkVQD3YsOoIwMivlK9O/MsVm04SavJe3UY/c3e1nfR391LS2n2uAzXBQjCWDyiNSNouNqPtFK3kotbvW+7S7HsHjmH4Xw6XMNF0OG7vra62wW9pJO/mI3KvKcHcVGSATwwIPzV454Z+y+H7+61688Kahft5rfYtPkZY4I0cfKyMDkYYghh/DgdC2bGr+DPi1pFsmpXTabaWpRzJ9kKXEi8HI2QmQkhf4uMMCrc7TXlc2qeKdQZ1m8QXiC3AT5Y3VU2E91xgjBwCFKgjJzjDy+hSdKph8PjFXU9HKdVzltFczk5aJK71fX5HPmmcYaVejia+Anh6lOzjTjQVNNpxSvFpKTW6vdrtsfSsvxD1+S3toP+FfxGyZi4hurklTuBKeYB8xA4J4weRjrTrjxX8RTFBbaL4a8M6LDcyLLIztCxKLyAd53cA9T2IDZGBXg3hnwl8U/Gi3C+HpfEWowQYR7iK1vJI1UHCruiR9oOc8HvznJz1h/Z7+M11cCLUbq8siIwwXUJbu2cKw2j5ZNp+YZCnbnaMHGTuyeX4GGIjCeMwtNxaTc5TnOzsrpOorX9Lfjfpp8QPEUXOhhcTPRfDGMLW5bpSjT0Tt5JW0b685461fxpa6tFdXeqaWJY2ZlOl+RHHbHzDkqykEEg9un0PNKf4j+K547a3n1rXNVs5RGlzBDOY0MQILRF0fndjBJOccc5r1j4NfsheOfjd8W9B+E2marYJqms6immrfTTPNb2byHMtzPgncqqMgEjOecZXP0f+2h/wTY8ffsf3/h7R7nxzpmuW2rRYlvtORkkgu0C7oVhKgsu84VgvQDnuJq5xwrQzLD5LXxeH/tHEwVShTVNqUoR3acbxjfldlKavZvyMP8AhZr0K2No4TErCwajNt2SfuXVrxurNKTtZX7I+Q9V+MF/b6LH4Z0rQ/7H0W4kgluIVmUyXU0XLSSkklg5GXLDnO4EYFea+LPG882uW95dvaxNPpQgSNSoWFEUKqErn5jnJB65BUcjPW6B+zB8S/GEmoiyn1O7kt4ZLt1jQyeTADzM4GfKUsQQAAWyeMV5J4k+FKeG9cfRvHmrXehzJEqLdzxmcFZc7ZXQZKA4JCjAHBGOa+pyyeU08bF4SvCeKjFPl5oJ2dotySu0rNpaKztc+Uzx4+vl9WliKNSFCb92VrR91p3XLZdbu3W+l2r9BY+Vd6DOSwLEeaRG+QQxYnAz/EOoAGMDgg5rntPESXu0NjJjfkEFWGcL8xAyQNwBwBk+xE8Pw+1jS7OWTwp4m0vxHayRpLCtvdhbgoRkJJbyujBsdQEyOmAMVyY1PU7KcRazYTRStPhpApQqE4KkkKmDyBzg5B6DNfoWGxLkouS5eVJqz5o3XLdJxWi82tkfi2Ly2rGpNYdqXNK9ratXWklo1o7O+777nZazNLdTrIDmOMvtbkAoqkYU+vGNx9l6kCo9O86SG2EI3ESSElcsdmcHO4HJUjJ546elZE2pWN7ExtZ4yyyOghkkMb7SvznBJyAemMr14yKt6PdGwsUnjbeUE29CST8xKA/L90HkDHJUdfToVWLfO7yTas0/hty2va9k7NamEcPLkUZRa9m021fV3hfR72Sb2XTpqdVY3f2F9WuvlZxCyoxQdWGAADnOCvI+7gA8YAPFJawXG2QDLSzszkAELnluBjoCR65ION2CFuNYURTxxo3nSLIxIJIAIDDJ6gDHGRkHgY7ZtlJIlvlGLeZKTG28pg4G4AA8EgEDHqec4zjzRlUindNt2s+a2kdb202tb7PfY7Lw9hNxXNypXu3dNNaX1b1a07W6nQ3OkQfZ3BdCsboR2kKsO/IPJJBGc9B3JOUPDUBmW6t2lt2DD5MkD5QCMMADg4JHPfB+9mrU5mFtHOzfO8ihsuSybcY44BbnsecYHBJr2PwFplreWFxeanJFv8kuqSJuAjGADllIDMBwMjPTHJpYzkUVCUk3JrV2cunLrq9b2+Su3Zo9HA1cSownCouXmi7Tb1Vk1u+1lZp6X8joP2cfDsWu+P8AS7bWr5bKyQyytKxcpOluuUt2Jbo5BU4Ge3XGPtPxDofhe18S6hp+mHT5JJbYCO8i3vEjsAdgyuWbnDYztZcKBnA6L/glxJ8GW/arI+Kl/wCFLTwbZeENXmjTxXLBb6Y188LKpRpiEMyMMqhIIJBwOTX9C994o/4JvaHaTXZ8WfBj+0BbzKkYh065/fEMFIdRJlkIUZYkg/McHBH8UeMvipnHCXGtLJ8v4Yz7O6awFGvPE4ClOWGi6kpPlco0p3kkteR6bNas/tjwZ4QyjPOC5Y3NMxyrAV546pCP1iNOU3GMafK7urFxUm3vZWfY/l+h0o215CgureRrSWR7gIsm3yVYqxcnglcg4PJGP9pa2JoDJfQXtpFHdR3kqRJGscpWNVIUu6hcAEHrx8pAAOOf08+JnxH/AGQ9U+PHwpXTfF3w/s/B9lJeTeLb7TtPgTTJ1tmeaC21AIgLrNtEJIDZ56gEH73m/aO/4JmWWkxGy8SfC2wv5UwRBoltKkTo+f3ZeHcAPvbupHY9a4qnjXxDgMvyavR4C4hxVTMcHLFToww9VSwnLV9iqVeXsZWnPl5kuXSLXmnGP8Msqr5jj6UOJMqpxw9VU1NVaUoSvGDvBe0SsrtfG1dNPW5/Ob4m0DxFOyw3cery2VvH9otrdbO9lt4UBByFKkIpHvgjpzivP5tOu/Mhk+y3cYaVQsCW05yq4JLEoTtJAJHBOQfQD+jX4lftj/sMT+F9ds9J8a+Anuz4cu7OxNloNotxcXL27rDECIcrtkKkHJZSc571zvwg/a2/4Jz6B4A8JxeMdc8BXviKDT1a9eXw3DNdR3LSB5UumMJErEn7xGRz+OMvHvi+GXyx8/C7iarUeOp4Knh6VKu6jhOi6rxM28KkqMeX2d9VzSXXR+e/CXJvbKmuL8rhenKcpOdGMb3iuRcuIteV+Z3a2u0fgXNFrcwvILew1CNWt1WaKCyuGWQKQVYuEyAc4XJABJznNJLZ6ymnW6x6JqgCSRoWOn3LsxbhvLAjO4sT05LHKjDAV+93jX9uv/gnpbXcd34X1HwmpuL1Hu7SHwvAIXtYsb4yxg3KJMA7VwB+lYmuf8FRf2BrXzI7fwnptzAkKrHHpvhez837RHGcGESW+0NuXdnAG8jPu6PjTx3j2lhvCPiFNyUVKs5QS1i3J82GVknJ3b06PbUreGfD2Hhz1eOcsimm2uanJp6PltGrK9t9NL9z8DrXSNWNyLGHQ9WkvJLtm8n+zbkzuzgnYsCxiQ4JCgbQAeB1rq7z4XfEHUv7HubbwF4smSLzlmWLw/qGxBuJLMRAMBQobI/AAmvs34Vf8FDP2ffDf7UOv/GfxV4a1W78DzafNa+G/CttolhK0F0j4jvLuJ18pHkUEqyAkZx3Nfe/jH/guB+zLPpSyeC/hV4gs9ULmKRG0bSY7aSE5BYqAQHY/e24PGRgkmvoc2468ScJisLRyzw3xmPp1MvwuKrVXiJRhTxNeF6uDU1ScOfD6RqTbUW3Zao8DD8McL1IzVfimhThCvVpRahHWnTcVGry8/OlO14pdu+i/HzQvAvjuKOQzeDvErW8VtLiI6HfqxLYVsEQFiVPTJPAAOAMVneIfhf4ymSwNh4P8SSPKkb+Ta6Tc3EqhGw7yRQxPJGE3YO4YLNjHJx+q+s/8Fqvgbq3hWz0m0+BmspqcZWSe/jtNOt3eQbgwEkYVjG5x8pwM9B3Py98Kv8Agpx4b+E+teN9XtPh/q/iuXxlrcmtRW+tS2pXQ4ZHDjSrM73ZLYj/AFioADlfbPDhuNvGOtPE14eF8oVKEcP9Vw88xhF4qVSoo1E6rio01RgvaSk/isox11O98OcBxoRo1eMoOUudSccPKTgoxi1olzNya5bK7VnfofKdl8Fvi9qDwxQ/DvxrLaT4bcvh+/VWEeT8we3JAAA3Y4BUnkiuj8Nfs2/tH6pr32/Tvhf4zexW2FhBcJp08ULzq/7uEvJGMBjgsx4XjcR0H3tr/wDwWwu9WtxFo3wZs9MuC2A8OoeWPKK4dCEXAyAcHAOcDB4xyUX/AAW0+KOj6Y+g6L8NvDtrCsplia8vZ3lCyH94WIjYFyWODnIzwSQWOmL4n+kDj4TWH8N8nw3O+VLE51CTim1fm9nZ6JPS6bvttfnw2SeGWHlCVTivHVZwcbqjg52la11d07rZ2utNkcz4W/ZS+JP9oRaP4g8MWNl4wNo2qap4c1jUrc30enqAEuYbKKUyTKQVIEa5yOR0Is+Lv2R/ihZ6eTqejx+H9H0+7W5F3d6fqFvZRRSMAkjSGJVO7I28j7wHoR4+/wDwUs8f3nxZHxoi+H/hf/hMoNOGh2EstzNNaw6YSPMhIkXa0m4ZWQruXPB6Cvadd/4LRftFa7pOo+H9W8EeAr/TtQt1gaC+QXMcSJgq6xyxOp24JXPTHpg1zYvDePF8C8DkOQypVcPQnj41MYqbw2LlJ/WKdBty9rTgreznK0r30tY9CnjfDJurCvj8xap1KkaVRUpOVSj7vJKaVOPI5WfMlotG76nS6B/wT9+MGs2UX9leHbG+SQfa49Q8u4gtp7eVcxzRGQDfG2QcgkfmBXp2h/8ABOr4y2cKQXGheHrW6ZzIs3mSSE/KAodgMKFJXIJJOOR0rwnTf+CyP7VFtY2em22neC7awsLFbK1SK0yI4kBCAIIiFUDCgchQuOmBXPaj/wAFdP2u76WTybzw5ZKy4zBpSEHqON0XPB6kgHkYJavNjlH0kcTPkeWcI4ei5tRnPEzqT5G4qLajHSSVr2Wumx20s38IqCUpV85qzVopRpWjdKDa1S3eiu07u92eyt+yr8aPhP4jsNRvdT8J6RZ+JfEEPhRrxS8lmmqao3k2LXeOUDvj5sZB7k/NX1f4T/YJ+MOp67NPeeNvBOmiENA8ywXX+lSAB5Htoyg8wMCcOgI5wa/HHxr+3r+0v8RIY7XxDr1jPa2+q2utW1va6JDGiapZSGW1vSFiBaSNyGw5OTkcZOB/27f2wbyG3QfEnWkezmeW2a10uKN48nCgPsDbAuMKeOMA8E17j4G8b6+Ew0pYzhqjj+et9a5/aVKChzU3hvYpUnLmUHP2nNZcyVtNudcX+HOHq1IRw2cTwqVN0Vempudr1XP97FRT9zltra90mfvfZfsH/EecwWr/ABb0axsI7gq4t9JkkKscZYLLHlh6Agkc4I7+MfHz/gn14l0nS/EOt3XxXOqDRdBn1R7W30SFItRWMEmLakYZcDnLYB75+avxcvP2zv2zNSV2k+J/jNC0rSboR5ODnjIUgEnH3v5nOeL1/wDaJ/a38R+dBqXxR8eS213bmC5he+kVJ4XBzE6+Z/qz1I6EccEE1rgfDPxuWKo4jGcT5JGgqtOVWlQwc4uUFKPNBNUE7uN0nrpr3Msbxt4dV6E6dPJszlOVPkjKdaEVB6a6V3fXRvR6+jf6+/CX/glpc+L/AAxpWv6t8ao9Lttbhi1aKxigit3toZgGNvJG5AMqZzuCkgjHJzn3e3/4JRfDKGZJdT+OuoCRAuSl1pMUbKuF2sGlDqT1AyDjB4ycfzwWnxH/AGhYrZYj8RfiFHAi+SkKa/dwwwpn5ViUTqkajI4XGBg4K4FZ8niX40Xcj/2h8QPHJEgLMW8V3YLE98C5xjgg+oyOma9it4V+LeMrVW+O4YelOo3Tp4bLY/u6cpJxhztxbcY7u93vfoeTS4z4Aw1OEP8AVaVapyrmlVxcvekkkpNXa1au0mr3urNH7YftSfsH/Ar4T/CfVfFWjfFh9b1pNV0zTRaXWtaY0bJe3UVuzC3juDI6qHLM4HyAMxHHP2T4B/Y3/YU8LfDHwlaa98QdMh1SfSNM1LVo5fGGneb9quLOOefy3iuuIC7MFXAZTwcncK/le1jRPGOuwNFqPifXLuR2VkGp+IZbtCwYMp8ua4KZBC4JG4HngjNSWnhnXIx9n1LxDdrOsYji87WY3iMYAXCK1xgKpIUKMABSRkgmuqt4M8eYrA4TB1uPMyo4mjia9erjKOGUZ14VoUo06DXtkuWk4ykm07uTtY46fH/DFPG1a9DhjCKlOlTp06UqqkouLbnJNwbbmmk9Xbl31Z/U6nwC/wCCZVtO17d+L9BnMUm1pJ/GEWGIPzAhbncc44PbqOODwvjfwl/wTR8OJouoaFqPgG8ZfEFtHqi3PiGS5kksCQG3xCVlKKeWJH3h25NfzMf8IjAjvb3WuQyhcMyy38IDsSCBuEwwvbH3upAHSo38LaJFuMup6Gh3DIfUQ7YAHOTIeQBngg9/mwtcNP6PfECqKtjfEviepHXmp0qzpxfNFKWirSS7ppaPQ7n4n5S3GFLhHJ421UqsVJ3jbvR67atX080v6r4/GX/BLjR/Mmi1X4WL5ZzGHWS5VRjBAUpnCknk5zycmqq/tLf8EwdCaRk1n4YrIRkuvh43DLg/8sytuee2c5I9sCv5UX0DwnHjzPEGkwlyTsgljlHp1aTJ4+9k4JzyOlZ4sfA0DP5/ivTUKt1dFfjHbapxgeuM546YL/4lypVEo4rjriutok3PHJSl8KvZ817d2u97p2XRHxchSkvYcLZDTd7KTwzeqUVd2ilfaz5le+tro/pG+M/7ZX/BPu7h8Ew+AfEnhfTL3SvGVrqOvT6V4PRpZ9FjUi4jLvaLuEmCPLOVxzjjNetw/wDBT7/gndpUUi2Ul1II2Ch7DwlDb+cqrgbQLdFwCAFPTJ5OSDX8qkjfDmJmb/hLrdjkZaKE5xkjGQOcZIx2xjpimtq3w8hZQviV3JwPlhG0bCOeBxuI6nv1569P/EtXDc6VCjjeIeIcVCl7Xlc8zp801VnCT9paDT5bWimlyrVabEfGfN6UqjwuVZRh3Pl5o08HLS3KkrOokr82r3lfZbH9S1//AMFgP2J7BGj0zRfGN2MMAtvo9tAr4/7ZKQCRgZGOprxX4m/8Fi/2dPEfhHXPDvhz4e+OEuL+zktbSeW2s4oAzSq0jTELvKugKjGeSC2Riv5zZPFHw9jO0apcy5YZKxEAgE7jnacY9vc96o3HjHwCSwjl1GXYDgKo2sSAfvEYxnn+IFhg5wcb4X6L/h1TlTrVa+b1qlKrTqRdTNZuLnCUJpOMIJSXMlptLZ7mFfxs4ulBxhTwFFTjy2jgoJ+97rtJydm1fXo0ra6n9Cem/wDBZ34OeHNH0PSdM+DXiu/OlaVZ2W+7ezUq1uuG8tuWMTMSQS3zZBryL4qf8Fl/DXjrTYNLtPgXdRix1O31O3a71AKqXFscowjjON27AOcngk5r8NZPG/gkZY2uozFAMbiMNjgA8gAY/u5/Wq7fEXwiMGLQ7p+ABvSIgkDnJJ/AjH1wck+ng/o1+FGFxX136liq2IdSVR1auZYyTU5NuTXLUiteZ3SWl7KyR5+J8aePK9NUvrGHhBRjGMaWBw1uWPIk7yjJytazd92m3ufqZ4z/AOCrPibxe2ls/wAKLC2/sfXLLXVZ72VmuZLIjZC7jaVQ4CkIS3APXAruB/wWo+MUTXK6d8JvCkcE+xYYZby7dVVFVfnzzISMnLHPIyRzX4zSfEfRmEgg8NyMCcfMEXoRk8fpgdepxVR/iQoC+T4bhG0Y+YrgYxz93kjkdCeMehr2qngH4Q1aVChiMio1qeGdR0oVMRjZKDrSjOfLasr80ldtt2fXQ8p+LfiApzqQzacJ1VFScaGETajGKj/y6dkla34n7Jz/APBaX9pB43jtPhz4EslGVDK07kDqQBg5GOo9cgg8V5Xrn/BVn9orWfEFh4nl8OeCo9XsbOezsxFZSNFFDOMSFiqneTtGC5I644Ix+W7/ABKvi2F0CyByNpIXgY+bJ2nHbrjdVZviXrGXWPS9NhPZtm4gYxjgZ3EdPy4GDWuE8DPBvBTdXD8KZepypypzbp15SnTqJRnCUpVXdTi7TvrKK1eljlreKniDWSjUz3F2uqi96lFc65WnaNPR3ts7K3bQ/Ue4/wCCrn7XNxHHFazeGLUYKoqaUJVAb5Nqh4yMAH5cZIOc5HFcO/8AwUV/a38uRLDxJpFmZLh7yRYdGt2KyOTnbvj+VS2SANo/ugZIH5yyfEvxM5VUgtI0U4ykJwM9CMqW5zj1yD9TVk8feKmLsk0S71zlLcHaD13fKRxz/tLjp1r2aHhN4UYeKjQ4PydRSSSeBpTTaS0XtG3eya6vboziq+IvHteTlU4lzK9rqUcXUi9baLl5P6XbU/QbVv28P2u9ZEhvfiHNDHdRyQyRQaPZoJI5E8tkGxSQCpK4yOp6gHb5zoH7TX7S3ha1h07wr4+1XSNOgu7i+W3treKJFvbpzJPOqAgq0jszELgZIzgdPjeXxv4ukQYvGJUchIEGByeSwUE844JYE4yCCBUPivxY+VN/MoIAXKqBycnnrn5h97r0AGWNepR4I4LwlJ0cHw3ldKhVlCc6McBhvZzlT/hylHkUW488km02lLZXR5dXijijE1Y18TnuY1K0E4wqPG4h1IRnKLlFS9reKbScuXR8t+h9pa9+1N+1b4isNW0nWPibr97pmrQtb6jazbDHcW8nBRyWztOenGM4AyM1ycHxx/aWitbe1tPix4vsrW3hht7a3ttVlhW3tYNqxQxhZQAsWFC9gBgEZr5Uk1vxO24DVboq52/KPlHLZIBOTj3yew4AzVnuvEjYYanfMMgFQWB2jA+XkAAdcnkcnPFdMOGeF1H2S4dyr2UajqqksuwnIptRjzqDo8rk42jzW1jdXtqc39uZ9Oq6lTOsyc3FQ9o8ZiHPl5k1HmdVys29r2vr5n1/dfGf9o++dJJ/jH45kAUZceIrmPaMEMF2XIxkHaQfl28nj5azz8RPjM0f2eH4o+LIIfMaeVE8R3FujyudzSyLHPzJltzMQCcsScGvkNE8QkvIl/flZCVJErFc5HoQvJ6bgNoz1BBpPsuu73U3WoHIA3CWXDA54OCOrDHccZBO3jeOQcOQVqXDuW043i5RhgMJFSlG3K7Kkk3vd20V0nqZVM1zibTqZpj6jTS97F129eXmSbqbtpXs9NtXa31DdePvi5PPNHd/FXxQYiqgs3i3UOxXAVRcYAwMHgYGeMnNUJfE3jVwIrn4r+I2jB3iM+LNQKksSeSZsAZz05yeoBzXy/LoeryMWDXrK3dncg4HOeTkE85I5wBuJAqFfDuoPtYrclySCDvI79CSAcYPpx+NbxyvK4NcmTYHmVnZYahFJLk2apru1pzLztYj6/mElaWPxc1o7OtUsl7uus1e9mm1fsvP6Suppr64W41Xx9fXkqoIle51+7mmjGTuEc5mMoHU4UqD9QRVW4TwmyAX3jecgFtyf2jdSkdTn5piDtIyvU5zu4Iz87jw1f8AJCSs5IO0gkgDkHB+8OTxnODx1xVe48O6kSP3eG4ULgFzg8nnbye33uCQR8vHYqGGpRUYZbh2oqKivZQsopp2tFJKzb0v0bRhKVepeTxddN661Hd3Servo+jV2+rPfXT4Xqm6fxXNOcj5WMshGcBuSx5J5x07+4ZHqvwutz5f9pTSsiv8/k5ZlCgKMkHIAxkcZ5JA6V4TH4buvLRpGCOxKhCo3DhsHIwuOQMDJPJbHdh0G9Quihg6hmJG0sF69TuJAA7LknIY1pCfI01haVO1rcsfJNLlurN2vre606s55Qk7OU6spdHdtvbe27uuu2q3Pdx4r+Fka8y3Ujg5IS3UALjqxwMgYwcY4wPeq8fjz4cWznbb6jKmMgKqqFLYA4UKoAHA5PU7sCvFE0KdwpO7ezAMFChtoyP4ScZ4yTgAnvgGp38PSL+7QEuSMrjvywbLDseRjkg8DPNbLFySinChe0Yq8U20+V2Wtnffy12ejSwnPZR9o1ZNWbs9FZ266J366rqrns4+IngDDFdG1J8EMGaQDgn0BwCfvdOcDO7vXf4l+C0SUQ+HL2QAnaTKTnJOf4jnp97jPXPr5JFojsNp3IzcnnI+XpwBjPYZ7H15p8miXERZvIIOByQeAT1G3oCRlh/ewO/OdTE6q3sU20rqKu72Vkt7rRO/nZN70sJom1KzaS959LK1op9PXstrv0qT4o+HYGwnhFMgKyFn3MTnGCTjoe/8J5IwThs3xg0+JA8XhO1DgjhiMbTgkglWORjI4JBPGABnz1tI4O+MM3yspActjGMdD0PB4OCCBgdF/sECQI8T5ZCdrqScZUZ4zwM9SeM/TESr7OTSulbSOl+j93yastm72dwp4XpyTdknu3bRa6K997fFtrqztZPjNgM9v4a04McYDIp6f8BPIzk4HGQM8jdSf41arKG8vw7o0RBUjMOW2qwBx8u3k8noD0A5JrjZNEZGUC2ZVAI3MvU549Qw98555xwBEullnQCNMgnjpnackngE8ce3TORis/rkIpe9GLWr91OLvZXTsuje71s7bG0cLJJWi0lZ6p6y01avdW7aX07adjH8ZfErF3i0zSowQMMLdCQf++eBxkHOfXGDTj8Y/GUysRDpyMWBAEKKOvIXHAY8dT0PQZwORj0u4G9kixEGAGFOcnPygAHjoM5yMhucckunzI0ZSFWDZDqFOFHBJ9AQAGJJJIGevJxnmdOOntOZb25Wkn7ummuuv3uye66o4Kq0mko3Svo1daXdk7bbLZedjoJPip45ldXkktFTkp+4UD1BAAycErjI5xxzVaX4o+PVXzDeWyIGyf8AR0Ix0wSwOMAgjg4ByMnAqM2BKIXQSA7Qp4DbV5YHplRjOOc8jAGMZz6Tdh5BIiPC7FgrEMoQjAI6gg9CBjBPTOKyhmlKTavyS0eiSvflbvfv2vtq9dtZYWrCKs+bpe1u17rz7a3SfVXLjfFDxzKSseqRBmHGy1iGB6g4xgc/rjkUw/EXx7JuQ67IAowWWGPAzkkNjr1OT93AwOKpPo828SRICIwFXbgDODwxI5A5wTjOMcjFV5dNmVHIIYnlgFbIbC5Gcn7xyQcgfL0brQsXCf8Ay+kle76L7O13a/S97/O5m6daLcmr3tdWavrF8qd9F0TbTb006ST+N/Gsysj+IroOSDgRqBk+p9uoAxnocVnzav4ulKyS67qCnacjeApDd857n8znA6CmHTpmdGBOJCS45JUrgZOAQV4+U8dT6c6AspGQK0juDhdpwWIC8jORjn0xkcnP3al4ijpepJvr7zS0aW6+WiXoKMJS0cWtFsot3bTfZ2Selmt0tbNmWLnxHKC0mu6gvYbp2I2njPBABOepyOw5OKoSLrJO59ZvVwDjE8g3dAcfMcZ4H5g54FdGLGT7rB03ZznOSAfu4+7x+mQcntYj0tpNg2kZ+VAQPm9MEkkdDyTz9AMxLEYVRvKcna7v7Rrtu9Ff0+8lUKsn8L2V3otPd6pXs3ey00tqcM9tqkh3S6rfnjgtcSEnk/7X3hyOM568jinfYrpwN91ducFgzzSYGBkEYJwM4yOD6V6Gnh55FdWJYgbVGPnY9zk7gD2GRtyM5YkVZPht9oUHACY2scZY44Octzz0HTPJ4JxWMwid3KTbel5Senu2u1sl03bdr9DojgcTNX5Wl6a7LZff1b1u72PI5dJkdi8klwQTlsyuQ3JOfvYPrnk5PXIqp/YoDKQzHLZbexOAOhBPU4ye2OOeOfZm8MsVG4AALzkHKHg5AwR97b1GSCeeQKqyeFWbaWLD5iFO3CqAck4znJwO+Mr1PWkswwqs7zWrVved2uRq1l5Lbt5Gscsr2Wq0SWqV3otOlt7tOzWm55JLpaJljyxJG0DJPQADcd3Jyp4I44xg0CwgVAzKxYD5gVwRnggYGOoHoM9uK9Sm8J8CQylmBByE6JyuTgjrkgA4PzDstQnw9brhnZyMAbmJYZH3uN2DgjJ3HHGN3of2rh7WjGV7buLbb00Wnlotr6+RayuvaOlm7O8pJ6+7t5X6eiduvnsGmxSBQqkOcFVVAST6ZHJHHHORnmrf9leXGJNoyoYlSqhjjoC3qACByBx6HI7mLT7ONmKElgBg7iQGHB28nG4YBwM8Ak96JreMk7gUXaTGrbvn5zk47Dnrjg8A4zWbzRNtQilpdu1nstr77W18rJpXTjllRJuTS7dOke7tddtvnoedAwJJ5bxjaxGWK9yDxngkZ65/HIHy6ES2zHCJGVYcsIj93p/c6gDA7EgYBwQen+wW8zHeh2KueBtwScfKfvADA+XPPXvmo5LSGONVVQpUMVKjbyckE5B5A4BGASOvYKWZpXahd91p23a9XZ6Xuawy56Xatpva7Wj389denY5p44wXTACD7gKjAGRxjGTkZ6ZxkHI4xmTtEuIyiAjAYopOQeccKfmznoOnXNdO9rldxLYfr1HAJ4wcc4HOQSMKMntj30cUasWC4A5I4OeRj7uDkjB5OM8AcVg8wclf2bvZLfyXa722t6b2NP7Oi/tWst7X6NW2tbfRdLdzBZULBVTKk/NgEcDAOATnPTgdTjPcVfg0yRo1aOPEbvxlMnd0O08cDk5yRzyQTWtpCJe3MSBFZZAFVSAGPzAZGVbBYAYJ6AED5uD77o2m2EMESS20TlEIMZUAIw5ByRjOBznp6jHzcmLzz6pyycE7t2Sb2fL1TvZJaJ3v5JmuFyJ4i7U0lG2nvbOzumld+fe7T6HznNp7WxYGMv0UgxFQGxk/MFx3yRgD5s54Ap0dttYMwwjsoACjDKOg6cMDxnJycYx2+lH0zSZfNeSGAqwYFCi5VTuwV46k/eY4yGKjJ5rzfxVHpFha3EqIEVMbDgABxk/IMAjGcHA5yAOvy4UuI1WqQXspQTatvaLbWja11vdrvp1ub1OH/Yw5nUTio81ra6W2tunqmu77rXiZJYIYduEQxAnB+90LKDg4b0GM46kZ5HPXeqFIi2xcncAG/PjkcY+Y4wQMDIIrndQ8SrcyP9nfHylcNyOByQSecngnqOc965Uz3eon7PCZJ7lyQFiOQgJJwcYwMHAyOnBI4z2zzCo9U9dbPS1nZ26baJ9t10PPjhISsoxel7JJK7Vlp8tVZO19zQutWaWZY2l3B2VdykeuSSO/bpjj/eJrsLnXvs1gsVqUVTEI2kwQDgFWxu9epJ4AzkCuaj0CDSLRr3U5V+1Kh8uzXBfewJBbkYOPUDjGdpAWuKvtVur0eUh2Qx8YjwAoJxjOBncv3sEnr161ye2lUakpN662vbeN/ktddFe9upt7H2S1ju7eetk23a/WzfXTa6L+p6rK7+XG/mDcQxyQCQGJYjPIHIGDn6gcZtskl4w8wlY1wQckD0OMfrnOauaL4e1XXLkR2FnPdMQAXEZMSNnHzHoQM4684znqa9k0b4S3pUzakzyFCD5EI+UrwW3MMDAGQcA/MQByVNdMcXTpuCnJReyjJ6tNLmSs9d76JJ9bJWOeWHnUlzKL5VbRKV3rFNXsm7q9+212jz/TIROywwRNIY2HlKoYhmB5OMYHX7wC56cCu4i0LW2tlunRrSJWwo+ZSygkDA3YyBz0z8wHXp6zovhuw0oJMLdYwEbA8vcxKnnJIJDEggEY7EjoatakLjUmitbK3IhBB2KMl2PBxtHc8ZO0jPbrWKzJXlGNk+ZWk3vbkjpe3X59bK+msMGlJNuUm2m1bdPlUVJbXXd+Zw3hu11a3uXzOZFMTBUySVLEE85+VhyOOhyM8GvUdA0c3F8tzcLvRAhCMEYM4Zc7gecdQQep7gZAq6ZpkFle+TeMsPlxHzEBKtgAMiueGDZ4xkg88Y6dPZ3tlDNKII5ANiqoPAG7HzFlwDkkH0PXnJI/SOEqrlQc5JyfNezs43VrN3621a1s9rrb4Hi+moVIctk1ZPa61T023vomrLTW+p8hfEVnHjjXwCEU3XIjGF242qAQOwA5PoDWRYy7re0VixCyuAOwPOM85BxwT065znNaXjp/N8Y645OQ90SWOQCSBjg8dON3HTLZrMs4wlraSMHC+c+Tzg9QQOQM5PJ6+gGcV8tiqtsxru6i3iJXTvf+Im97NLyWz0Z9Bgozll9DTT6tCOt3f3YadWl7zbWl7aeX7h/sztM3wl8Li0sJrqWW3bbJHIUjiZeSGyVwMEEAg5GcmvTvH3hbxZqHgnWI1hsLNrm1eKBprjdJl3AGFV8s7Fjxg5IGcYOfLv2WNSiHws8MQh1jVYZWdHm8t3GAAVBIygPTPPXOQK9q8XeKtKtfD09zOSi2k0Kh45xIsWZlzMVLEEKpJYH5iRziv6J9pKfDVL3lf+zFyrR3fsY+Td7LXVX82j+ValNx4zrPkTnHN2k3zXX+0RvdpSV1Hz6PXt82z/syfFTwZ4FTxl4tsZtM8LXEy/Y5Fm3zXLXgwkrRqcpGfvKjryQfc1JZfDPwdp2h2WvXMAl0u1ltoUvrp1W4u9UnuoSixKeRFG/BCg5PUjrXV/tSftA2/iSx8J/D/wAOfEK8v7G2WwubyyUrHaLIsaeWshUnf5ZY7g+AOB7Vw3iTVNV1Twr4S8K6TA+p+GPDWoaPe+INdjiAt/tt3dwGG3a4A2FucCLOfl+6DjP8wZjWx31GtVrQVJudRWinFSp7R3V9d3fd7Wuf1nlSw7zDD06cnUXLQau72qc1PmTs+rfVOyV79v2p/wCCotpd23/BOHUDGjw2v2H4aRtFtJVg0cOwozDk4ABPTI6ev8VOtgm+uIwAHfAUn7wAj7Z46dPXqetf3Af8FeLyOD/gmzp9qmVa6tfhw0aKCgaGO2t9rE8A4PBHTr8uSM/xGaqqtqVx8ofO0RkHOP3eDljjGBj3+XBbqT8N4btzy7HSbd5ZjiNd76x6tPvr8tLH6H4gJrMcFGLt/sFC+/8AK03a/VLRvyPN2MiswUkAE5BI28MVBHUDOO3GenUkxTqXRc5yGGRkf7uc9DhuTk4/AYq5JEd78dJW5zg8HjOemejdDjOKZ5YeL7o69iQeP4gAMgA56n1AB7fo7Ss9E7eiXS3n0107eh8HzdO7jomvK6vfb1VvPXSnaWssxwqE5bYpALEs/CgAcsScDaBk/wB0cZ++PhP4f0L4D+FbT4l+NreK88VanGx8GeEZgpkuJZFzHqd9CSSsEZIdRIuCeCMcV418I9A8PeHtPl+JHjaJTpGjs0mh6ZLtJ1/V0yYIgjEloI3VTIdpGMjpkCxoXiHVfit8Sm1vxTcAQvITb2hOLfT7CIgx2VrHwkaLGqq20Llhk9xXnYmDxidGk3CiopVaibXNqvchtZfzNLTWPW56VGUMJBV58sqrt7OMrWh8PvtO92nol2tZs+t/A/wJ8XfG8638aPiNqjw6ZGIrm3t7pXV79Zn2R2mnRsQY7O23CMmIBcKTyBz9ceH/AAv4u1FbD4X/AAP/ANGkstON14n8ReYbTQtF0t03XMt/eEpb7oY2YsHkEhAIAAAAPhxr+s/ErwJB4UtPsPgv4V+DZ45vF3xE1kpawJYW53SaXpWQpubmYIRHFDufe2cDFfQXhLRfEX7Tnl/CD4EabefCv9nHTZIP+Ev8d3MDWvib4kmMgXAS92pcGyuCrNHCsmzY3I3EGvlcfxD/AGHhauG/cRfN71WUVy0YPlSWms6jtpTu3e10lqetl/DVbiPHUMVNVpQXK4UYtqVaba5pvpGC2c5KyTsrnzxJ/aF08nwN/Zsvr3xHqNzKLX4ofHKZJBHFNc/u7/SvDd0QVgtIWLxl7d1aQ5J+UkD9CvhH8KfgX+xx8O5PFfi++062u4bY3mseJtWaOTVNV1AKZGiskkDTyNLISAEDZOGOd2Vb8UPGP7P/AOwx8P7PSbaw046ja27xeHvC9n5cus65eqmEvtVb5pQskg3s8p+VfunOTX8+Px9/aO+Ivx68UXniDxhqNxHpyyuNI8M20zJpWlwFj5KeUp8uSQLgPKyZzyTzivgKOEzLiqpJQnVwmVSnzVaruq2MldOTS7O7UUlyxi1ZPU/UalbLOEKUFanic1VNKnSioulhIpRSWvXe8n78ullqfWP7X/8AwUQ8a/Ga7v8Awr8PbifwV8OC0lsPsbtHq2uxLujMtxMhUxQyjP7tcAqcEfer8sbqdrszSyOVTlnZ2Z2mJPLyOSMlgOfm5J5xkZLi5JZpS6lUzhc4XHdV7KF5AAwWAB681Qgs77VpxFBGzh3xHGg2+YxOCTwThfulmOBgN2OP0TK8lwWV4aGGwtGFJRScpcv7yo9PfnUespaXd9k2kj81zbOcbm+IeIxmIlUbuoxdlCKurRgtktLNb66u7MmTzLhxHAMDO1QoOX4xkjkjGMY5z69z6B4O+Huo+IJ1LW032ZpFQgqWllfOAFBycE54GOMDjPHrnwo+BmpeM/EOm6UsLSTXkv7xokd47OKMb3aQgFVXaCCz5AI+Y9c/ux+xD/wTX1v45X8niCaKPwZ8GvBk08Pjb4i66RZ2oS2BaePRlufLS7uWRWxNHujGPvcCuLO+IMtyWhVq4mvCLpRb5W1e8rJRUV705yStFK7u97WsstyfHZpVhDD0pyhNqPO1aCTceZtrVWsrvS33HwT+y1+xX8Rvi7rtl4d+GvhKe/1ELcS6lrD28g03w/bxxPI9zqN2VCDeq/LGXDNuBXIJB6b4ffsxeKr/AMT+MNF1XUdM0rSPC+vatpfiDxZdS+TpGnz6bK0dwkM7sqSuxV9qqScgdyQf3q+KX/BQj9nH9iv4bXnwW/Y50DSfEGsaLBqNj4l+IWoxoLG7leNrae6uL11M2pXjFmMVuGaCEgBcDBP8u3xN+NXxm+MU+u6dod9Jpvg+41u91LUbPS99la6lqV/I81xd3Hl+WbjzZCxO7K7QBnHFfL8N53nmf1MZiXhHgsDU5YYKVdP28oKS5q0qe6U42cINrRXbd9foM7yXKMnp4WlVrvE4inzVMTCk043tHlg5q60as9ejejVz6R+Iv7Rfwg/Z+gn8L/BrS7fx146SN7a+8aX6efZw3QG0vp8bJhgGBCFTggfLxjH53eNNc8f/ABY1abxN8Qtc1C/WYtIlvcTN5SJuJ8q3gyY441GANqgkYOBwp+jfBf7NrXXg6TxVLeG41vyHuZFmRjFbxwnMiISMEsSOAOeGNcv4v8E3eg6dbNL5ax3dvI2dzFGCgE4HOCxycKeT6EGv0bJMty+pVftsR7etB2k5tc0pXi+VJ2sr20T7t3vr8NmucYhQ9nhaXsqFrxjTTSir3i5NfG7re683pc8elWw07TLTS7W0T7PLYTTvIq7ZGfqNzEEnBBUHJU9uMGuMa6vIljKFhF94LuIU7W6cMM44wSARwB612d25luYYsfuo9P8AKDEZUEggHgnI7YAGRnryTifY9xMYjDKgwPlyGGehA6AHgcg98Ywa+2jhYpNUYqMVLlSS5U9Y/lrun63PkFjZwl7WtU+KN27q12ldW10Vrp66JdtN3w9e2c01tNqbLDEDlFYfu5GQ42uew9CSScf8CM2vQ6dq01/c2OzyVMcWN+1QdwywUkHk5Kknrxz0otfDmqXEcaJbARhQYt6gNlsgYDZJ28kjA9xnpYuPh/qtrbSvcTTwCWSJFCjC7z8zB+vAyME/huJ53pYGd1o01dqOyasraW6t/JX3dzGvmmHjD2bnTTlZN3ta9le+iu21u+/nbmJ9NFrezRLh1W1jQNtBUEjIGcZ+XO5e5GecDmvfWF0xiWEEh2BByVDjAGSMY/Ad+hweOvsNJmSW+DjzQrpbMzEncURRuPUE9cgjG4Zzg5rstM8JG9vAk7MFQowCZO1SBnIycH25/ixjNdsoOnTU7JrTVtXSTT3b1SstL9PLTylXTrulF3vyaXaaTcHur2vfe23nt5XpljqKXiFYJVKvH5jcsGwyswAxknHHPy9Me30T4IiurzxP4OWdXjWTWbK3AVThA0yKcjPXBPbPzcnAro/DvgBXmcxByqJ8sjozIytxwSOWDdxnGdoIyCPtb4J/sdfEjx94k+H+qeHLNLXSY/FGmy3utasPsVgkSypI/wC9nKxCJVBZnLYCg9gCfiOLuIsvwGW451a9OlONCo6bco35+X3Yx63b1tZtvpd3PteG+HcxzHFYd0aMqkHWpyqNQ92MXKDvN3jFLvfy6HufxvWPV/Fmm391qSeH/Avw78IQeFbLYDA+oa7qNmkksaN8uxpDJ+9dfvcruAIr92v+CdmrfDH4Q/sgWmqw+JtE8OWl9bXWq+IvEt3exWe6aO4kL28k07Rm4lEaEABmJOCoy3P5u/G/wX8Cl1XxD8PY9K8V/tC/Eq2vrC6tPA3w60+5m8OWWsQRRwRvrPiC1U2qwCRBu8uU/KMnqMcTrn/BLD/gon8ZPhxH4h8T/YPA/gPT4Li98L/BPS9SmtpjYrG88cV5HaOsd1KkS4lefMhAIxncD/HWMwVLirLsN9bx31GlTrutXnWladSnF8t4024znJylJqc0op3d3ZH9JRqUeHalWjSoRxlStCEKVKjZxptKF4uSuop2u7XemvRHo/7av/BZz4WeZqXgD4B+E4PjF40jhfR/7WvNNVtEtZATF50UixGWVkcF93MZI6kV/Pj8Z9T/AGhvjlrVlqPxs8SX3h6zvJ1XTPCWjF7awjt5FDR272tuVhfKEAZXI2/3un2l8M/2bPH/AIX1bXtO0P4UX2q3OmQXp8Raja6dczT6fPYzvDcRW8gieWQRujpmM5cgn5s5rkvH0Zm8TeF5NTsNUsZG1a2todM1e1uLG7tpY2EJlMd0scjRbgAG2ldvIPr+kcJZfkWUU6eGy+vHENJc1arWjUm5JLVR5uWmtbtRSvdcz1PhuI8xznFNvE4eeGjdezp06Th7smkne3NJbJtvTs9j5C8DeF9M8NG9t9M0ZftNnI8M9xdRb5wVfHmEuoI+XOO/PzAV6bHqFzo5NwZX8sg7AxcDeychUA7dshcjk9cjvfDvh681fx9418MRQ3F9fS6vFHbQafbtJcGS4KrHGsaq24NvDMc9SOARX034X/YE+O3xDE0VjoE9lLZ3ymb+1zHaWVnaDB8+7lLfIirlnxnaATwOv6JWz7K8toxeKxNKlzRUvfmlfSOqV22tn87aXPhaeT5nmdR/VsNWqOMtbQejur8z6XtdL5nyf8MtWvrvxpoy3pmuUY3E6JK7FY1AII25bhAN64HBAyW6V7t8M/hf40+K/wARdbsvB/hjXNaDXDSW+qLa3K6VbSRny5Zr29kRYI7ePJbLOqgDnpuH0t4Z+D37Lv7JmoL4y+Ovjlfip8RbOSWLTvhZ4Cm+220MyS7UE89uzE72BjeN2BILckmunsPiB+1r+1Hdaj4f+FHhmy/Zn+Cjm4t0i0mzWw1zUbCUllW6u0iS8a7nhyzhcJkHBOW2/F5hxrTq1Kiy+nanZJY3Et0aKSktYQa9pVVtVyxV2r36L73JfD+tNUp49tSbX+zUUp1HdR0qSV4wvfS+vm7HzLo3gH4R/A7X/Fln8fvGc3jLXBrX2jQ/hR8Npv7QvdRvIpAFj1W8gaSKON3+R1jYSjJ4yCB9o6Hrn7Vnxw0y18L/AA90bTf2Tvgp9maCOLR4jH4y1WxIAAudUcLfrczx5Do7BQc4PQV63+z3+xb8MPhFM+rz2X/CXeO7gyXmq+J/EYF5OLgsHeSGKfzBG4YEq4AcgBiCNwP1n4q1Pw34T05vEXibXNJ8P6HEiNPqWr3UFnAsECnf5EbsglZSuFCDcOABX59mnEM8wrxhTjUx1Ze7GU01SjJ8utKjFySW9nPmelnqfr+ScK4TKMO51/Y4PDrWcdFVkuvtKrV1p0i4rXrqfKfw1/Zm+Fnwn1O3dLG78XeMbyKS61Pxh4sc6jqMt0RvaYm6LmPcckMhGeMHg19E6x/Z2k6A2s6rd6fo+mWRNxf6zqlxDZ2kcEB3M0RldFPlqvCpjOcrk8V+W37R3/BU34T+DrvV9N+Cmnv4/wDEMRa0bX713t/D1u8ZAEkDP++mKMM7QmyT7oPQV+KPxx/bQ+L/AMY57h/GfjPUr+zk3bPDunXD2OiQKwwIzZwFIpljHAdlLEAluTivQy3g7O87lCtjoywlG8ZRVRNVHG0fggldd1zOKW1jHM+OchyOEqOXKGKqpWlyfBFqyu5q/M097N3vvdH3v+0T+1f8ONL/AGiPHPjGy1dtd0ObSLHRNJu9LAEdzPYq6SlCow0Jk4DdCBnKg4Pzjq//AAUO8iCYaH4T+0zOpSO6v52UKVxtOFI4OORnHGfWvy48Q+IrnU3R922GIgbIwQg2jkLnByDkMTjGGY8muc+2mTlBKBxtHJXcMEnb09OfwByeP33JMF9QwOHwVNSmqUIQi7e87curTS89LOzttufzxnGc1cdmGIxrlGCrVZVGlsnKSdrOyaV935p9Wfcvif8Abn+LGqySSW1zp+kLINqi3iLSKgzwD6j1Y+ueuB4Prv7RPxV8Qzym98X6wySg7oobloEbPUYjdQAPx4IwFAOfFVt9Ru0PkWkkxJyCExnHULxyeSRngHH3iazZLTVJJ2hWBlKHDJgDaB1ByBjBJ4yCMnB6Z9lYbFS5f3c+W6Sbg12VmtN1rZPe+qvc+fqZjS5/exEHJ7rmi3a8dGua63eiv19Dq9R8S6/qLNNeareyMSVxLdSyfeJJPzNnvjrnJJOeCOen1FmUvJcTMwxlTIx/vLkcknB98HnrjbT4/DOsSDLIxjcglncjGenAb5sDOCfU5UEVrW/g0z7EkuUj3kbh/EAMg7geSeMZOeOAWwK7KGWYmo17ji3Zvmuluvh8rtL3t7dHdnDXzjBU3aVRSbstG076Wdlp2X46X15eXUVUZjjYgYPzgkn15bA7McDuMnluM6S9Z59wQKoXO0KWJKjpjGCe42jocf3SPTv+ERs7ZGWQvJjGGchVwTjGFA4PT0JPToDzT6dbWfiS2Dw5t18tmiyCrjIyOOxIHfuCeBW88tqU5U1Jq82ldWvZ2v13u/R3voYU83w9fndNOajG97JapK97pNa3Sb3ettkc6J9Ql2pDCwLKCAsZbjr2zw2CMZPXHTGbsPhzxFfAGK1uX3cnKFARkjIPrnPIPHXvX0paxaI7wva2llGojVidqg7ioLA+rHg989DjgVauL6BI3SIYdRhdgC7RuPoOOACe2CAfQfQUeGaVSClVqu94+5pdaxv3skmt7XVnoj5fF8W1aVZ06VGUrNq71V1ZX08+3fTS58+2vw01yaMyXcSWysRhnbdnLdRk8g4OeuccjFdHYfCcM5N1d88EBSo3A9ADkHOAABtIyc7h29m1WffpVqQCZTyWGeCBgDd2II4bPb3BrzeS5umeRjPIjh8BQxGMDH3m6AckgYyfwA6JZBhKFr05S0j8Tbvfl6bO/wCXMtdlwYfiPHYuUuWUKSjdLa91y+f3abuzs7s0rT4YeG7bc1xcRPgbnMsm3DN7KTnqMgnA6DFbNvoHhO3VLeOK0EiyAF/KWQ9VOSWQYzgEHPTjGDXO2qvNbSSyuzNuVWDEDOMDK49Dlc45BGO2aKSypJKdzgK5GMkZ4Pf5Sct8rZxgdPU9lPBYWlGDVC2iXMkr68nVX289Wk7amCzDG16lSMsS0lq05WXS6WqV7LqvW2h0OpaLozXMjW0gVYyGCKiojsc5AAOdvJ4A7cYGK5yTR1ZZ5ooSIFbEjNlto54wCBnOTwAB39tCANljIGYFVZRu53HtkkdSVOQdxzx6HoFkaPT5IEt2feRvKKXwDhgflHzMepBxhuOAONp4KhOEpRUY2TVnbW9tP+HffpY5sNj8VHEum5Oadkmm5NfDqmu2t72v5nheo2v/ABO4QVRVYjy8EBtgfCnAwcnuBjg8DINfT3h+2L2enxZGyNIyzFiqrwMDnbtJ4LHg84x1NeLv4R8Q6rr1mtrpN5MZCvkhYWTjcNoLsMA8DJ3Y46d6+ntC+GnjcwW3nx2WnwfIsv2ueJdp27VYgsGAHLEbTyAByuG4cklhsLicRKrKMVzLl5kmmlbp1Wtt+jd9Ge3xBh8bj8BhoYenKc+VcyvJdt0tb920166I5jWpTZtBlRsEhEYVgecnBH3iQD049zgk1gPe/aTcLKgkVQoQrg7A3QlQBtA7EnPPTAOfX9S+HGjQxs/iXx3o9g0TbhHBPG+Bn5sAtkHkjAHXjHWsqRvgN4Xjle58Vz61MyBpobccMwyeAM7ueBgnjAPWvYxOb4dSnGnJShKzSS7W1V7v07aW638TLuGsSoUp4qCjUTTbbXeNl/w2t9vPyEzw2+zDNI6SODtP+r299uQGz/d55HXsYLqfWr87LOwubnCARCK2dzySAchcbhjbxgfL616c3xk+DGjsH0nwXc6tMoOJLlWdGYYxuU5yCMZU5GQOMmsm4/aO1+GRn8KeCNNsIpFxE0ltGWQkfIMlDk5Yn5sg9MDrXiVc4qySjTTTvo4p3tom7bP0su2mjPcjw/ho1PaVKtPlaTcXKKaa5U9He6trr0tbRpnnsfw0+I2ttI1voV1FGRuEs8bQptGck52A99wxwcA8DAs2nwQ8VPLJ/alxYafGGAla4uIwVyeej5UAg+owCe2Ko678YfjNrTvG+q/2ZDIxWSK3CRKqnjauwA4HfA69PbzG6k8XXspk1PxLqLickuFuJsMMHPQnGc55AJ4wOc15tbFYmtK7p1H0d27X06aPbv16M9zDYTA0IJRcbLVJcuqVvTSUVfS1nrvqvd7T4VeDdMkY+IfHWnw7FJ8qGWOQEKQSowxGeeOOmMg5qvrA+AWjnTlk1OTWnjfM5iZ2X5SAScAgHngLw36188t4eQyb5bi4uGkbBaSSQhs8ZIZhuHB5wB65yKx9e0uCyt4GhRU3ybd4ySQcZycnbleecrkkYrzq1SrCLlyx3WnMnrFxT899LP8ARHdSeH5lyKzdk2v+3er/AD73a11PqCf4y/BzRti6B4I+2SRKAJZ0UpIw4UkMo68bhhsnI9jmXn7UV+kjL4a8F6Rpi/dLmBMlcEZZQvzZ68nJGCc4wPnvRdNN0GUwqMBVycHA6Z4yQeucE/w5A4x39j4ajLKVhibC5BxkN1wTnoB/9b2PrYLL8bjYU5c/s4vlbUYt6e6rLf03d+m6v5OOznB4Bu8IuUd9b6JLdP8APpbo99nUv2gPjFrYMMOprp1s2NsVpbRx8HHKsADyDkdBycDHB4+51Lx/rj51TxJq0rSdFN3OBghQQAGwoPzcDA7Y4xXoVl4dCAloxuVchNnAHU4Kg/iQR9TjFbcekHeCsaR4QZCqNxOBxggqCMdQQBn16fRUOGFLllVrTk3y+6rRT0jbbW1vx6a6fKYrjhQbjRhCK6W01922lu/8vW99HZ+MQ+ELq6YNe3VzJy255XeQNnuMlgD14OPWtSDwNaIo+WSTlSSSRhQ2TkZAODkgnrnvya9li0zbH5bKoIOMkg8tkkEZIBx0b25OFJF2PTQHxyVKrk4IBPHT5VK4PU4GdvQk8exh+GMDDR0Yt6fHfXZ9Wv8Ah9NGfP4jjXF1OZRq8tuVq29rR0VrWuvPS55hF4RsLcgrarwVLbjngAHnJDdsZBGD1JHI1Y9DhRikUMWG5GIwCF5yCcDbnuCCWPU8A16RHpkecosbB1OcKSV25wRnIyQCeCM89M1G9gqbtqhtoVSQ3HJBOcHpk5Geg5GckV7NLIaFKN6dONntyxjq0o6N26O3bRddTxp8U4qrUUJV6jk/W1rRab1dmtXe3k7W089udHSGLeETajRrgAAr0J5+91wcAc/7vFecLAB4huzGQGUo5PHQFc8EcE4AAz3I9K971Cx/cM+0YVlPyfMD03cfLg/MAMD88ceCXmYtb1JQfm45HGOgIB6dR0HB7V8rxHgVh6mGcYq0ppy20aSu13u3r02ep9xwlmVTErExlNylGmmrO7s2lr203XS97XueyafPYmBFVlEsce5iuVJyvIJA5B+7jO0Dvxk4/m7rgSIWQtJtO0EHYSCGPGThfX2+owvDzzzxzMjA7YwgdiQcFV3HBzyASMn0A561q/ZboOWSUyAqNpAXGep3BsHAA6nA69RiuenCLjBxSV1a1tbvkXfura2TscmYzf1qfNJpKLt31aerbVo8yV7dVayZ0d5JFNbShXXcIUO5s79w6lc9M5HA9xjgivMdQWSO5Eh4A2ZHA4BzuHI4PUnOMD3rtRDcNKS9xGfl3AbRtxnoWPXJLYJ4UnBA4AxtR0yS4YRB422qHDj5WUqR8ob2PBGfXb0Jrjx2HmrTV7xbldJNXTi0rd9rd7Xb11rLa/s6nLNe63vyu9+ZNO7aT3i+u62Rq2lyq6bcyEgHyXyxwAykbcZOCCff7p6EiuAlu5Gk8wvtKj5R0Ugk8ntnI+8fzwMVvJb6hHpc6PG3lKxBkbkZJAVSV3DHGec5OelcyYT5bA4X5wBlhuOQCuOeRkjrk846YI4pzk4xUbxkkru3p09etkm9Ndz24Sg5SvGMkrqL0s5brVt9WumvbSy9++C1kdU8SaTbsocPqEU8hzkhIuSc5Pyn6YwOe9fpFE5aV3Yx+Uz+WpY4AZRtVsg84AGccA7iOScfmx8I9TGg+I/Dksroglu/s80hwMLNxknB4APGB/Q1+jSIdpjOFjBSSMj7zCQbhwQAoORnn09xX6twlKLwDtNe0TjF2dnqk0rt9r2b+0rXd9fxjjmNSWYUpuLjTcXbV78yu+uiT6Py3MP4gMV8G+JEyDGujXYJ4AVihOM45/DoeCah/Ypdj8GNSdSzN/wkl5wvPzCQjHOe49M9R1zVbxyc+DfEwKsM6Pebl3dggAcE9VJwQOvHrxWn+xCiD4L6nIB8o8TXuTnAPzA8HJB5z1+oz0PLm8Us6wiWv+z1db/3oa7p20vu7tHbk8LcM45ptXxNJWtbotXdtPfsu+h9PfZ3EpyACGDBmBBG4gNlecqP4TjLHnI61ZWGUIS+MI4wcgKqg8k4J7cjIGM9BmqxuBG8gcHJbIYtyATwMAn5VwMYHccdqsvcogw4LD5RxjDMRycEfdHOcjb0BJ6Vu0nffle6ut7K1tOml1rd2vqkzz6UW4uytbVX1bSaW/klrq27Jb3apMHJmC5wcRh+MMxPQZ4wckE/r3q/bpt2GTlQCSxboWGApBzkAjGDkfxHPbLad03gx4DEsCw4Uk/Ljvg7RkYyD2AJzKfMDIg3EMoyQRjI54wMY5Jz1OB9C1T5rW2bjZarXT0tZX1d7J/dUqsYJRbeiSaut24vtftrs0lotUtt5CABvVAI2wCcEqQTyRnjuBlcDOQPvGB2Z43IOOMKobAJI+9ngqDgnJ69B0yMmaWR1Ids5ACICTjaTk8kHPsDk+55UacyCKIlo2OCTgneAQBgjvwRgEg5xgg4MuDTVu+qbbsrRtdpaLRtu1krJ9hxrRkve695P3U+Xe60T7rqkpK+2ulwNyHC4C7QcsSQM5YDt93aQcdycYzVpJ7gowYlQeUQlVOzudw5JPHGTjIGAcGsQSeYVQDLFmUEE5YZO0n0HGGIyceoGDeDSOFjAwcgBnIPA4JA6AgZ4GOMdq0p6xacWkmt5N2SUb3s1ut9El8OzaNKTjOnPolo9W5X91atPVX6LRXfRozfFE5k0LWlmZVkbSL8IDhxtFs4BGAfn689CR1wOfgf9jJTH42+ILqQxFrMFG0kyA3zg8jv0PJHB7gc/dHiWO4j0HWQpQE6ZfkPJwSvkSE9fmyM8rgYIzgAAL8R/sYqf+E1+IAZkINpMHzx8xvHIIPQYBz8v59a8HF3lm2VNS1Upr/C+SN29b3te7b2s7H1GTXWQ53ZK7pU7O3nHf1em66Nvt+ksUTrbxhHZgYwzZGwjcMsjZ2lhgkgcYxgYrBvVdQwTaXwU42nIYlskYI7EDAJAzycVvxyfu1ycqhVQhJOQSADnGcEnPUDgVhXiOZwVCty5AUjCHJIHXnPXAJ6KRgAkfUWu9b2aVrLSyd9d97eur2PiJuVoNc1ko6ataKKslpZt201d9drjYoWEQVslynDAAlsjkcYAIPy8gNjocLinEABARl+VKqQOBySc9TjAIOFGOw6sXeMOufkVtwVmwpII556sMcbTtzkDrhHkZVQMpfLFgYwQSGJ24buMDkgnB9N3Byq2zT0tbXe3Wzas9NtrvRGk6q9xN7x0aTs3ZL7L16NL7+l54rY7mb5t0rZRBuGW6dQfu8544J9MZq/9nKKDg5GVYAEOzEgnIPHOBkZOPT1zxNsVWRm/dkZUHOGIwV5OVAwCST6gADBMkN+5dpOXZG+6SxDAg8NwQQe5OMHg5y1DtG1+2t+7tfd632Tv+F7RKLlNK8u3LZ73X4Nab+7Kz7mgsJUyMGHzgkR42rngbc54UZ9R6e4lESlMBhlQCwUHJJ6gnPO3OcnOQSAM1QWeaQriNkjydynpuONwIPRcZ4AwcHdjFE+oxWscjSXlpApfaWedAVznOQWOQDtJPBBzt7YmVejGzdWMdE7tpbNOz7rtr+FxxoVpStCE6reyjTlu7aa66La71dtepXvEjVzgEfPl0QEH2O4dAckkZx05IINfHXj9i37UnwzWNWEh03jIZmO5c8HngYB5GBjHavqi98S+G7Z2efxBZR+UM3JEyvvIyMjaSCyntkHnoQK+NfiX8Q/Bel/tG+B/FR1a2k0jRdJBvLmOQSKJCmNrAFthz1UjJyB1OK8fG5lgIzwreIheGMw05STUlGMakHJ7rb0ve76H1mR5ZmC+tTeErRjVwNemuaLXO3R5YpKySbeq5bvVLyXzR8RdR83X9WISRXmtIz5jkgA4JGfu4OcgcY4zxjB+c7iG4kmnbDMFLMxUkAE8kgLkAZIOQfQ59foP4xNJZeIb9fKJ3JHbmRowiSKgAGMfxLn1xzxgNk+FH5XyzFCeCUYgEnhgR7e/OdvoBX4/mEpynZrW6Stpa9rLt6aXvpe237Jhac+XV6LmcuW61vs7XSa21avsjoPC7bdV0bzAQUnUsc5BOPU4xnoM9/UYJ+r/jbOv/CqfhxsZSskt8wDHAOOT0HPUfNyOnTIx8n+H9h1OwAU4WQhjnPIxjHTJHXIyc54OSK+lPj88q/DH4TRoSsbwXbEIpLgDg7jjvjHHYA57jGnZQqKdveUdr3dnC276X1su++h2ThJwg4ttppNrR3cYpO77LV/N7bfPOmTq91FBMxVFYITHJy4bopxkEjpjGdwArq/E9qNP0fTVjXl7ourEkYJwBv3YyVGDgdRnHJxXkFvMVnj8mWWNzKCHxjaQw5JyPYDIwM5AArtL3Vru/gt4bqU3CW8gWMnG1c4GdueSBxnacZ3DHNefVoOpWhVpvl5Hay3ei72d1r062NsLXdGnOlPWUldu6aV7WTfml531Pu39nvVk0nwL8RNWlLPHZQWdxMFKglATkLu9MHqe4PQivEPjF410n4jeJbXXrK6uNPjtbSC1MMxOZfJUBnY8EhlGFyST8vzdq7r4Zz+R8Hvi06sQRpdsDtHHHA6Ed8diOc9iD8XR37MFMjO6lACrEBcKMgryACvO3PY4wxyR4WPyyGIzNYtxlGpTgoRkuzau/nv+Z9BTzRUMBLBu3JVcZu9rxlFLl5Wnumr72/NeteLdestXt9MgtJNq2VuLdtxJLuY8HZg4KkknIJAOQMcFvoL9l9FkbWIW5E2jXUZAYEtJFvlK5xnPGSeR0yRuGfiu1uY7lljJeNVk+ZlJbjOcLg8YPXkDPPAxX2l+yv11Q/MwX+0og23hQ1rIdowSR1Jw2e5wCcn2cDSVCEkndqD0b0esU9tb2d916728ic/bOLg7pvR30Wsbtq+rSW2/W2ljwzxN4RnXUr25tJQ5k1C8lePHlshaZiMsMEgE4wQRxk8gGuOnj1W2uGglG6IqBKCwc9ONhJJPHAK9iQc8g954o8Y6WusXdt5c6mDULiOWQPnzWE7ptABPoOu0HketcA+opc3s0peQK0jGJSxI2gcDsPQEDkNx05qcNKt7W8kmnLZNO6dna9rPRb7uzW908q0ItrmabbV9LPm02stb2atu32SPS/gkGPi3QSpVFXxNZoUYYORMvPQjrnjd0ODyMn3/wCNejLe/EHxPN51mbhWTdC7BHI8vCqByTngYPr04FfPfwRZ5PEujOhUhvFFmcEkjPnLgjtgfTOCMcHNe8fHXw3NqnjrxHfxzSWNws6BZY5MRsRHnD/N8zEgAAHnqAarFVJU6alD3XKSfwt30jZWf+WltNLG9KnRm43u1FPXW6s0101aXWz0Vtjw+fwteQxLPOGit18zcoi3bCQclSoY4PUckjgYzzVL4f20Vv4qnHnM3yQbGHDANcp69NuMENx/CQQMCt/wkniTTLKS0lu1vY0LwOsw+YLjaCrkHcCTkH73BDD0k+HgMvixnOC7QxOV3FtzCZXKn15zgAYwQemAIwtapONqqWuqet76P+7pdb7O2j1SB4ekqiabXwu19k3FaaWejfVntP7QunwXPje3cTDaugaQzCbcnC24JCtjlsg4xtAJP3RmvArmy05QbiO6UYbHlht2doYcg5J9h/FgNkN1/SP4n698K/AnhS+m12zsNR+KWr6Po9xpOm6rbpc2cWmPbA7o5HVmik6H5QCD0OM18ea14l0DxV4fM1z4V0HSLtIGgQae6wymZz8l0BGoVxwd24nqOTxnGlm8XUrUI4ao405WjVeibTSuk3zad7JbtLc6a2X+5CaqwfPFT5FJuSs43vJLRrbleu+j1ON+F+out0LOadUtrXUl1RIimAfKyu88ZOVK4XJ6dDk5sfG3w2dQ8SjVlnRWvbCKWKMLkMApJC9FB2nv269BjhfDcEmn+IfIaXfiEj90+4ONxIzzyOmTz0JGOBXv3xW06SbRNC8SQQA6fb6daWU877nX7Y6E4wAUGQDnPOR03ZFe06ka2FpznKMLz5YqTs29HZ7K6tqu3ppx06VWFWcaaT5Y870vo+S7WqSSd3bW6SVklY+X7HRbi0QTxTSLKuSyLgqVO7cFVcqVIyOuR1+vsnwUMa+Kbo/vQ01ltYEk8rNGCSBkqC3Gcg4bIODxytg8s6COGFUdsuxI3Er13R5ySGyCUZhx+Vdt8Mi0HjIqFSNzaAupTaXIljyw78kKB6Y5zgEZzTUV7yldK/Lrva70lazvt5b32qLlJ+8lv2tr7rei0fVP7+hmfH6FIfixrXmBoka0tVDvGxQyeSm0biMYDAYA9cgAHB84062gkdG3o86sCoJbPljuAeSeQAMHPU9hX1N8ctP/ALQ8W6qzwQySGGzBby87CsYIJYA59xuGc8da+arjS5IrgqVMEybWCxA8qQwBJ+XHBAJ44Bz2B4J1ourKClFJtJ73bdmvnptta/c61TeklFJ7L3dVtorvpZW1V9U9rHefDu3RfGFpG4dh5EgbBwueW68gAA9SchjzwM19O/Hb4e6nr1j4FvdOkO2LwwmTJtVXYSOMDJy20AYJxnBIOOR8r/DMvF4t0qUO8n794X8zkYbg7iSc9R+fOOK+k/jlqmutpXgd4dQnihGm3FuIoHaNVRJJMEkA528HBBAyD2ApVoc2HfLUVlrs2rK1rXsne/T56I0pTtVg2tLNWV3dtR6eej0630bPl668Ca/aszuFkKIwLrOOBzn5Q2QwIbI75yeu2u58A2csXiTw9GFJOWWRt2eQ+CnOOzHCnaMAY5zXmst3qiyGQ311OpIyGlYqzHsRuyPQ88A44JFeu+AmP/CSeHEYp5jtGXIJGQzBsnvnb1zgDgZ+8a48I2q0Iyald2TS/wAK87JvrbqtdbHXXlF0nZOK5bu/S3It7P1vrr1Zd+Oob/hM2SSTajWMBVkYg4Q56dxkAkHqAvpmvHMfvo1hkleMrvbDHHGcBgTgY5xlgCOSMgivpr4l2HgzUfElw+u6lLZ3lvEkUax5IKYGGfj8T3J9hz5hfaH4Os4kk0fV5NQnDDNuQoBUqAwOecbT0AI64I5NXVlFVJOKkrSvs3bRaJ31S1vr/ka4elahFuSfuppN2fS79Endtp9drHt37N8ch8a2CgYP9nS4JbqSH3Z4IGPlHoCMDAAJ8++JGX8c+JImdRKNRmC4PIAZmIBBJUZGevJBB44Pqf7OpQ+M7A/KNljKuACWCESAZI64DDp1wR3weF8f6RZz+PtceS7NsZ9Vn2ALuLMSSQSOfmJ6YxzzyoJ5MdU92nK14q95apfZ1utLJt/O1nsLBqDqVVzX0i23bW8ore8W1q29fvascNbRwva3LB33pglfmYZUZJHU5OMZJ69SOa+y/wBlO2jkudYIDEvpdwQzZPztG0fU8nKnHTlSVzjp4NF4CmsdBuL1b5Ga4gM6jyfkVASMbiCoZtucZbIOMd6+if2VrW8Z9bSFgjppztG5XlnTOAG5OTggjnPIIrxYVoTjUSeyad7rVJP5N2bWi1t35j0qkI/u22rt2W6bvyrzV2unu2ur7a+FeKLaOz8Q39vPEYh9uuyZMFSw85wG24Pyke2M8da7bwNvfWtO8raVypUbApweSGHABAHTK59cYFT/ABIspovG139oiSUYZpI2TAV5QWYgHjqccDnAO0kAVs+GYobe+0ttp3MUA8sABckY/I4GSOhOOQceFWxN3F3SSty66WVtV59FbR7aWse5QoOHLazjeDvpf7D7PVJvru9dT9S/2Z7ct4n8BythT/wm2hlcnkAX0Py/QZ54zxnnk1/cxZjOmaQSMk6Pp+B64toxxnOD754z16V/Dt+zarLr/wAOUO0E+L9KkJz8zBb+34J6kZJx2z2x1/uJtP8AkF6Kw5B0bTwD7m2jAHHJ5wOM8+4r88z6q5Vq7d1aUFr10W6fVa9ttkj9Fxtv7LyZNbrELz09ldeXn27MnDLzkjAzlTydxGQMDIwO/UdBzmn/ACOVAzlhjdnpxnDA5GcAA4A6ZHWq2TuzkDAzkdOM5YggDB5BJ6dcZFO5Xac8AkHHTk8Y9++4c5znHQfKOSbtovXRK3nrur2e+q13Z5bnKKV4q0bNvvbXWTdtXe11o2mle1rSxHaFG3OCuTwcknHBGSR6e/HcB+xQF6EkHJABZePfgj88ACqm8bQxYk8nvlep4/AZznPfHpKsm3aW+Yk7hltuAQOQfoRkAYPp3oTins0rX01W2jdu2ne+76GTqc6XvNdXq07vW29/tJ27v0LKxAZOdxBXHOcHpyc54yMHtnnpyAOSQq7gMZzjgDdnORjI+XBBHygj0FNE6AKwGfvfdAIHrxg7s4wPyIBOBJ5qEDkAkEFdxzxnbjjOSQeDjGeP71NOLe6ezuvRf8DS/bqJxu1Jtu7t6tJX08rq1rK+wz584APTbjgHocYGQc5J59R0xmlDsFw3GSPmyMjg8Y47kYPXHcZ5eTvGQQeo57EHHXGc+n16ngCUMuBuweo6eucfhyAAO/bFWpW1VmtPXo769tV6q9trprS8kl3ura+7or36bu/bW7IvNO1eScc7TgnJ/wBoH8sEjnjFPMvI3DkbWI4JIJIyckegweo7HimMMjIHQ56cgcYzxkgenXJ/At25IOMHGCMjgc4zg/Nn65G7I6GjXpdaWuuuyt1Wv439AUYWV9drW0u976pp7bd9dt7XnxZPJG4HgZOB6ckEnvjpwADg8OSYrjaQQevBB+g9PU9c+hORVFUJYnvgleBkD+8ueAev4dM9nquMAnr2zkDPPJ/hPJyD1BIIpQnJaN3V3a6V3dxWltHr2snyrZpmbpx72fupNq9knHRbLsr28u5dEvBIJUkZHGeMdD1ABxnrntw1IZtww3P/AAI4A5GcA4wD04JJHfPFUEk4yAM7lI54GeuD6rj6/wAPqucNkAj5eV4DfMBwBg9cAqAcjHGNuF35nGOrvZpNp9Hbo38nvdWsk7Iz9nd6rRcumiellfZW3vLfaL6tufcoJVQTgr8vOBxwWHzDrzjP3STkZqdJPlByzEnBx24z1z028NnjAGD0IqI4+YHggAAE54JHUAddvQ5DHrkDg2EblVK8FeNrYXOAGIyDngnI4z3BxWLqO6Tvo1ZWfvWtqtNnuvK3kiZUm1aMeV3TXNdtpWe7t0S6X6dmXEJPAGBxkZOO3GSc46Zx+g6oSpJycdBg5x1BHGcf8CwT0JxzUQkA78HAH8IAGTjgYwSCcc88nsafuGRnqAG4Uk9+AB9Rt5B6HHPFe2XTfTW10lfRdei1vaxlGlKGu9t+r3jfV9PVaJ99CccgAENkcKcAcdmyTyMcnPOBjdkgPUkYJByOFHGQc5/Edc5xhf4T0qNSM7upwBzjoOB3IyO2DjHf0czljkDKkd8AE87jnOc9cn1z1JFbxqxsr2jqlbZPZdPn0XZNMxkpcz916b3WyfK3ba7eju7u179iXjk7gM4z05GQM56HPHXBHcjk0jKGPB25A6Z6fL6Dg5A5OD0yPRpkUHaT0BIxkBVHX8PX24PUkSce5IwBxwRnoRnkHtnOOoHauqM4S5bJXstkv7q0V/S3kt++PLZNu6Tel72aVtdF67rTtcYy8n5sNng88fLnGeSPUAg9lwMkldo42s3bI4wSM4IHPPzYHBxjjHQOU7c71BJ5yeME5xjqDkjtnJ+ow5di9eSPrge4wDuK898HIx61vGMXooxastb3vZrXW1k97Wt3d7ktyT01s9W1p0vpo+kd7X+9DAnQBOMDkDdzgAqOM846gjI6Z4qRUOFIXJJY8k/KoPUDjgZGDgFskEgkVMgUkkc4I6E9O4JwGX056kcnG3MoZRggdMDjIBY468gfoxAOMEVvCO1o3d9LWSXw9u1436enTNys+mi2ulrprrtpr5t6bXIwu3nALYy2M5y2DjHQEAjA4Pb+IGneWSQwJwfXv0GOeCe+D0GOS2AbKrGc8jAHPGckcc9McHORz0PGeFKKwwpO3nBGcE/XjnGeT0BquRpRdtNL30bejkrdl2eq3e6JVV7LSSWstbLa2n36a/gVSnQAAcnOevHUZPpznnj8xTHjZ2xg8AZDHjPXAPfHUepPWrpRQcqcqcDjggrjJ4bP1U8HPfio2VAu4A4GdwGQOenccfQHv1GRXRSpu6u07dnbldlulbyXd3tortZyqSa2aT6O1vnr3t26PdI8F/aeYR/s5/G18AhPh14gOCO5snGdvftnpk8cscH+GCQGW0010G4G1uC4BYFS1xJtBHJxjPA/HPb+5b9q47f2aPjiFOSPhz4hPBxgCzfn2wDz6dvb+EvWNKN7pOmTxajdWc8GnTu1tCzL52ZpOSwKru6ZJI3HPGMmvp+FqtOhxDhXU5l/sVblta7bqR2W+ul7dGtz2KlGdfg7MuWXKlmuGbTTeiob6aNXad+u3ZPmNaiKXNiFUfNIxbbyf738IJwQp5HOMjI7alqsUcTGaZ1bzPlGTwOCNu0FhnkHPXIzjNeG6vbTxz25l1XWkkffGqM8hJyxG5CCQMZ6gnJ64Aq3/YXkwLcSa5r0oLR5IeUKNwBxyVH4Z5HqcY/aKGNXLJqm7aXb6aRjvurW2T330PzWpgk7L20G7N2SbeiV2uttvS2rep9X7rU+G7xbedhLI1nkHAZv3gB4OOBnOBj+Ec5zXSwaeq2x899x2REMX+6Nq4BHUbfUcYGTjofnvwjoCvqtqP7Q1q5W4t7tvs9zd4gBjh3Ru/zlcRnaRnbwBtXgE+32HgyDzVl1HWJ9ktsrBPtr7NxGVA+Ynjjk5IxgE7a9DB4qNWddxg04qCaukruO7v3tp1S1u7o8zG4SVJUL1F7938Lsr8qV1zXuv87rY5/4v6cYPgz43I8uQFNPcgMD8pu0IwASeT7E4JU5r8oPg5Asn7VYWaCJoxYjasqK6/8AHkCPlYY6YwexHvx+l3xZNrpvwf8AiG0TX1xLHDZwRy/aXkhULeKF+Vyd5AI5A2gkg9Ofyr+EGreV+0taagyXd1mzYeRAoaaV1siNiAEAkY4HXBA788/1ilPMcFUlHkUMRQUoyaadpRXNqnpbp00tu2XToVoYHEQhJz5qNWzWjTcY29HffV6+W36Q/HOOOz+EfiWaK2iiIECBliRGQPOqtgoM4cNgen+zivlT9jhmsfj7qbeYiIPC5PG0giR87e/bPAGDgjkcn3P46+I3n+D/AIiil0fXLUT/AGNFuLuJRboVulPz5bcrAcYAOecBRXyP+zl4km0j4yancWej32tXh8OwxJBbELICG3ebuZhxjOM87huxwQPdx86U+J8vrw5VTiqN+SDV1du1rXb5no0ttb6M8vCwrRyHGUal/atVLKU47vk6uTSTTWt36bs/Qv8AbLvPN+DqHerIniPTumBgF03HJGc8hj6jAwf4vkD9kKd/+E8+JaJKUVTaMVRiNwKAruK55PPJOTkc8V6X+094z1zW/hXJb3vhLVdNgbWNPkF3dTRvEsqzx5jZI3YnGcbjwBjn1+dP2aNR8TW/jrx4nhzTLS7uLiO1a5F3M0IRQigFdgOW7c9OOecjXH4mC4pwtWEZNeyhF+61LWMlot29W76W67GGBw8nklWm5rmc221NNaTp6tqTV7W1d2+mp9M/tUyw/wBneCWmdpJpNWugGdiSMwS5LHO7A+UH1wec155+xNdRR+H/ABltYFj4lYldxXJy3BHT5QCMZwSSfTD/ANoVvGeo2Xg9NX0vT7Ty9QuTbi2uXkcsLaXcWzgKCOOozxzXnf7H8PjJ9O8ZWXh/T9PuY49eMtw93MVk8wmQokQAPCkjJ5574znPBTX+urq1IOPNRaUXGSlb2cbO3RN6Xa03vodmOUnwvClFxSjUiubnSj/FTu5O+vV6aaN7XXqf7aLoyfDaYIrSvPqYGGBwNwyTzz9ehP4A+lfsSeWfhjctceXGg1rU2JkO35vMbHJPVhj5cjHy4AGDXz3+1bJ4qs18Fw+J4NOhnt7bU7u0WzleZeZAreYWXhskEgDOfm6ZFb37J9j401TwBez6L4hisbFNV1CE2T2qT7pnkBLAsckA8gEYGBtIBOJVT6rxpiakKcpNwlHluotXp02t1+idt9bmdTlq8NYejOaXvxbkryjdTs1eN3d+l9Ot7nPftibV8WeJ44trA+GtMlLg4J/dvhQckkBsH5uCeCBggfSX7IzB/gl4c8xMHzLhS2xixw4GVYAHtyM9R6Zx8a/tE2viC18Ya3pniDW4tWuZPDFu7TxwCHyooVYRQqigZZQxVick+x6fQn7L3g7WNY+FGlXtt411XTIY7i8hTTraEPBCInH7wf3sgkkEYA4yBWeRYuVLirMKro80pQqpwbiuW84yXvbNpb2bV+t9HWcUYVeHsDSVRwpqVFKTjJp8sLJtJc3d38rvqj5w/aj/ANG8cfEJArKfN0GQZDLuDCTLdCcY9OPvcluK+sfBH7OHwr+KXwe8HXmu6CbDWLrQIHTWtMBhma5OQJJggVZec5D5DZxnivkr9p/TJNL8X+LbefUrrU5msNAZru4i2SyPiUEmNMgBV+6WBOd2QM19YfA7wFrutfDLwjqcPjvxHY2smmIBZWxxb2qo2dsf7zJA6uR2xgEDaMMHQoYjP80jiMJDERrKo/Z1OTljeqrO8tE10a13adtTsxVatQybLfq2KlQlSdP348zckoJKMoq+kt/ev+Fz84fi78HI/hr4517wla6umoW+lRQXUNxdJ5ZeK5ZjGjr93evRj945GeBgeSXOh3cB+YOA4J2uHjVhtBBQvgFTySRuwMtk5AP0v+0hbz2vxL8a2V5f3OpzWsGkxC7uBtlkwwKs4yeWGM5bLHJxgmv1P+Gnw6+G3if4Z+D4fEvgzRdXmvfDVlm6FnElyrvCEMhnA3B+h3ZJz36EfMLh6OZZlmGHwk44WOGcpRg25RdppNKXz3827HvQzieDwOCq11Ot7dQUpxsndQi3Pdb66barQ/AOeGRAVKBWGARjOOcAgngLj5SAD3/GNRtCqVDld3IJJJ6jIJB5OAMZAGDkgV9IftF+BPDngv4k+MdH8Pxy2OmaZqcUFnBK7ymFJUR2QsxztBbgZ5AA5wRXgtxoeoWkYu9jTW8h3LKpPEeASwQFiFGR1wAfu+h+YxWCqYWpOFRxfspyi+V3u42i7abdOj0s329yjXp14QmlbmjGSva9pJWXZtWV1ffTzMklj8zI4YHPDDICjqSCPkx3Iyc4xyCXKIeWZsOwBC4DZA9ye3OG6g8BeKN2/cRwoI3FsnduJA4ILY5y3AGfQYFNyFcllQgZAAG0KRn1ORngYPocdRnkUo9LN63e9m1urW30dpdH7qWrNrbPXTd2V7pWXa/TtbRX2HERqcnkMvHXnoByOSThhliOSCD0xA0yhiFyOdpOcKccEdsEA/QgepOGNN8o3kk87cADHBHA6EY46jBB/CAyrJGAQ5HPAGDkHON3UkcfMBk8E8g4FNX73s73s9l00Su01ro1100pzulbtZq6V3Zb3VrK7uknpr0LW9CxYBgw3Bdx43Ac8ZJHT1HcHrww3MY+YsuApAAAAyR9MkHoe27GeSKql2ZgQjbflX5iQBjHTHIOFwAMgkduQWOgGGUj5W6KCCgBOHAJyD0DDII+71yCpPmtfprZXtq472bto/dd9Hd7lKTTvre3ktdNXrppZJ976dDVtdYvLCRJLO5ntzGygoG3I3JHK5xycHGeO+3FehWPj63vFjg8QaXFcEja15DtjmVQu0McYyABkAkD/eIGPLVVCoyV3YJ3EMCeOBx27Dj3ycEECsGJcjftAO7lTkHuO5AU47HngGhVFGUYNNbLTWzfL1b6Xe7X3lwqOL2vpa7Se1ktE3639L3ur+1waPoeqy/atE1WEs2N9pdttKgHbgElSWBzwdueSBzzI+n6lYzlGVoBGPknTcFBH91kwD1BB/3iPWvFYJriJ8xN5XKkbeMEcgqckE5GR6jIBFdjpPjXWrJ0ilmN1bqSXilIYHPVQ3JHBI68Z7CnKdtV3V73XaPS6be+1u99jWNSDS5ly3bu7tdkndXcm+my29T1PTPG2t2CtA5N5ByGS4wdxzxhzyMdsDgg8dSu1p/jO1fUI7ueLzJkKmO2nfJWRTkPBIfmikVsFMEFSBnHNeZ3PiTRdSgO23k068RiwkHzQjPHB4GWOCcD8u2Ak0jDzkmjlYvwQNjdQc5OOc8gdM8555znTwuIUqdelTqRmrSjOKd1JJOL6PXa7fNe3ktqFWvhp06mHxE6dSLjJckrcrunupatOyXZvve3278Qf2lfjJr/AMHrX4Xax428Uaj4BtNXW/j8N6lqE9xaQzOP3TROz4ECDIVFBUYwOMV4f8PPG2oabr2jLAw2Wl3JPGoAYOFjYAMDkE/h+I4B86PiG9vvD93plwkjyJcpKlwzBm8sZxFjPKn65B7Z+UangW1km1GwugSJFmlQIwALAozHGeSOAeAOmCSx458lyjLMoVShluDoYSlXqyrTjQpxpxlOo4805KMY80no+b7raGub5tjswUJYmtKtUhCylJ391Wuns229XZ77bs8l8baidW8YeIdRmAU3usXlwwUDAkZzxtBwTkZwQOCOcDj1D4Lv5fiO3YYKmzvVO4AHPlMc8EHAAHBH0POK8S8SJMNd1UOHVxqFyT8o5G9jxk+mORj5eQDivVfhA8ja5GFDblsr3nd85CwsCMHBHJIOeecfw16dO/tk00uVySa33jdW+fS2ztY8bmk7ba21V022432Wje6t17Honwz0u3l8VXdxOiSRR3V4SsiAqD5pwdvXJ4xzkEnmvb5LVVu/iAVVSiaFGYwADtUnaCBjA+mMYI59PnXwj4ji0fWLtnBYfaLmOQbxtQNJjJ5JOSeSc4xxkFiPf9F1WHV/+E4urZ0xNoKBSWypCYOck53A5PKjdngYyK+IxccS8znO0nDmtFx6pzjrZat77Lz0ep9DQdJYNRVm9G9PKPXfRv7z2zwJoGly+A9Fkkt4vNIV55dq7svyNxwTv4xnGcdcDOc7UtLSXWtQsbFEJuPA2ugYQcAQFsrgEgjGeOSQVHXFcn4e+IGn2Phmz0sTRrND5ccoEh43jAyOh5xkZIxg8cgdD4X1Q6h4xkZJ43EXgnXC/wA+AoNs5Ubc5GSxxk8gEMP73zmT4LH4fiCtiain7Gc5unuovmaSa1S1ulrp+Z6+aVcNWyulQi4upGNNTS305U9NXp5LRrXRnzf8E9P8n4u/DE3RljW28aaEEBBAKrqGCy8g4PPAB5yMEV9vftSx291+198QkWeXK/YEiXJO8tpNvg/N3LNjt0YMMAA/HvwnuDc/FrwAcELF420tDgFlKf2icvzkY53AZAx0ycZ+qP2yL5PD37Vfj3WTOI7eBtJZC64jmZtNtlZQwAIIBwOuGGSCa/T6FW2KpupJOLjaUtbtc0PL8dPU+Ur0pPCVIUtb8sUm3vo290tNdNPLoefLZ3Uf24GCF3sxFIrMAWJWUsFAAbv1zn1OCQawbLV7GDTfiGusQLb3NxbXDxCFdjB/suAMgD5SAEIyQcc5OAPNJvit9kvZlCr5eoyLMVaZi+xJCSI8HoMArk9+eOuXJ8QNG1ay1+3kkeO51VxbkyqCY02bNysM52nAALZIxkfNmuzGzoVYwUIp2cbtRX80W302S1ae91dtHlYbDVKUU60pLe8dVF6LdK99OiT7XSuzxW51GQW5a2l2ReWFZWbaSc4ByRxzn5sEknABIOVSyu9VtBeS6lbxCPeiQudxZgv3XI+42RwRtBI5PWqr6Rb3lyba1vQ2wOrGUEE4LcqGA42gfe9cDpTl0i9iligjjllQZBRcCJ2B4LBWwTxuwRjnIwMBumMZShFRk3sktGnJW6XVuis7NPrYmn7KN7wd+l0/7vfa+mnTZvocRFFcQTSrOFA82QhlBYEhsYGOPn5Hcg9c8VgzHfJKg7yEKSOF+bJz9DyQM9B2zXTo11/aE8UgIMdxIDuwqqVBBx0Gc8Dtgd88U79SXASOMSlcZDAFiCCTjgBiOT39sgipU5bWV0197tfXVrXuuum50/V4uN1KSV2rX0tppdp23btv96v9E/sjID8XbCP7zDR9UOchQv8Ao0oJx0z1Udhn1r7ZaCQadfNLG8YF2/LKWDDe25gTnBIznoCB044+Of2RPDb6/wDFVbFnni8vw/qlyZLR2hnTyreSTG5f4Cy/ORgEA7sZ4+1LPRby7tLhIdTvLVZZnjCzL9oQ+WzKX+bocZx03Y9SMfZcNYpUKdS0Oa795NbL3b9lto0lbRP08LNsMpySjK8uTW6eqdlvaye99NFulqeT+JYEVNFaL5jJqxKhlK8DAIHTtnHQ+pHBGpcRIYLkscFlYkk4I2lQNgJweCSAcHvxxWp4w8J+IWi0Ro57e7jS73KoRYZQ6fKJCAAPmX52IHAA5xisibR/E/k3KHTWl2gr5kJ835SQMgZOOR7HGM9a+qo4inN1W04qTSWm2kdndu999Ostdj5KphayqQSjFqDd3ayTfKrO9vN9tNnqemaTpNnP4Pur05S6iayWIuzLlCQzHIwGwRlWGMn0Jr5t+KUC/wDCUXToozHZW+Q3JkYjlgx6devXOcnPXul8Q+JtOsZbCSC6NpGIy8UtqwGYvl5dcnHAGcgjqSK808W6lNreqy3U6C3L20MTAqAmcfMuWAOAODwMYOcHBr5riad8Dbnck6kOVK7a1tZu2ut01bXS3S/1XDy/2tXjGNotXumtHFOzvbra3dX0scXFBM4LsrLGOUUP8gUkbi3UcDHPQ59eTduoPLncgGSP7NCyhkBRBgnBLZyM8LkcAnOOgll3QCOEKSpG1ju+XAIIOSvHQ49OxOcVplDvdHCbGtozhsEhdvy4O0/xdcgYHXBPH5sp8ifNGWqSs/NK70VtW9Hp8PTW/wCgUlKbs220+ZaX1Vuysr6q9ul7XZhJoel3ixvdWcCvJv8AupgOCSfvEZ3HPB4xjrjrj33gHSpZrhoFlt1QDaFDMATgkqcdsYAypAwCOcnvLMSmYKojCxbiAw4+U56Yyp/u5O3pwSADr2jM89821PKCZdT8w6ZyMglfUcY5yO+JvRlCyVpuVua3S8b2s+if6XJnT9/mbstle695JNtK+17a3aSV5XdkeV2/hTWNLMc2j6vd2z7CySW9zNAQBk4ARwc84I9+mSa9G8OfFH45+C7cHTPFWqm1xuKXZa+gcJjAPmliQQTkAdCT0rr4IbNdOEnlxOZYyC7gDa4P3VGB0yQ3OM4GR1qf7ZaQWjRxopARAQeTHztJxgAj5ueSPTjAGfLTU1GEpqzWqb7K7V9LXb/y1KjGUUm5xsrPVqzVlptbXum1r8zqdD/bY+LGmvBF4j0TStdggAVnEItJZBwGI8sYyVwCDg56gD7vtWh/t1+Db/UNMm8SeE9U0p7KUNIbR1lgRWZS7IH5AGCT1zzk8V4vq/hXRnt7eRbC2ZJrKKVpFRQfMYc4OOuc9DgnGSODXnF14J0O4uAjW4VQ8e7Z/rAG6qduB05zkjjoM16MqGPoxi4VpONRKUW3fS8dE2+11sla77nG8VhpSaqRjzKSu2uzjdK2yt18/M/S2x/ao+CPiu4WK28XrohljfdFqcDq8bSDA2yKpAzyeSQMnPPB77wRr3grUn1SWx8U+HtXtbt1kh3XltHLgMADiaUOSTwcgc8KoyK/Im4+Flo1xcCxkYMIiYVYBvMYA/Ko569CScEdMZxWEfAev2FyUt57mwnijWXEcssDqAc5JQ9DjI57HAHNdcM3zfDU4wdNVIrZJvmlZprVO+6u1puk9DGWBy7FTlJz9nJ2vs1o4qybto9Nd3sfupP4T0fWGt5o7GxELuUaS1WO4idWBUnMeSORtJGMEMx5rlvFXgTQtKs12adGypeQoRCSkjI7KrZB4ODnB/IdRX5HWfiv4weFntI9H8W+IIo48PHEl7NcW+QuSDEWIxkYIJ78g8KfQrP9qj4z6YTb6zd2ut2sUsLPHeWixyOQQVzMo3gjjPQgZyemdFxRiVaVfD1Y8rUXHXl+zzau2+lu+txwyHCttU61OTXxNqztZaW1121T6d9T9KH+EnhTUVSRWurK5hQysu0uF3LkKVPylWA5weSSCQAK8+1P4RQG4B07UfNEZE2yVMISMEg7eBjJODxgHHUE+K6B+3FLLCsXiPwZsDKsbXen3DGTauFJ2PjIwFwOegxnHHoug/tPfDS/upS93faSk2zzv7SgUx4YYYK8e4hh65UdRnPT0aHFODdPmq1LSdvckk020mmrq9tr263Od8N1nOPs4xlG6bmnpZWeq1e3o3ZJnkPxH+F0+p+LdN0y4uo9POrPa2P2qMl42M0iIC4AICIDknAJwOvBHmvxv/Zo8VfCTVobaa9s9VtrqyhvdOu4WG65g4JTYSApB4GOTjHOcD62XWPBXjbxfok9hr+nXFnPfWyxPHeIksDRyqyuVkKlQxG18rzyexz7L+1D4Dl1G38P6vZ3Mmp29vZpZTBM3DWSrtYSoyF0KlQTkE8YJxkCviczWCxuKlOlKDlWUpNxezfK3ppovs+XnofU5ZQxGGp8lWDslZOV20ko2u/Na6PRPsfiTfWVxHcqk0bxTqVaRJEZM7T6sBuXB6njLADkVcN0ba686ARu0Ea4ilUFHcDOApByCScheDyuT2+uNf8ABljcSyxXkEd/GIcGVIxFdRgEEEbRlmB9cc4yO48L1/4X3LSSSaBOZHEbu9pdjbMiA5VVbuenXJ5yCBjHzdbBThe1pLdtP3rpKzfbTSz11TPYhUbk2043fS91ZRtLR2vfo9Hrex554o1aTU5bO5ktrazaKFI2jhUKjtIq5kwpGcbcnGeevzE1f02ITeA9UGXNwupKVCA/OABk8E4XqR1Y9Rz0x9Z0HWbCCFNStZIWjK7naN1RguQuHClSTjAAble/ru6HcXNt4VvJki2xxXxWRGAwx2EKxHHYntn8jXmRi4Smop6aPTWztdtLd31du6tbd9d02m7vblk7tq9ru22jvfW2mmm7/AYAupw6g7UVkLABgS65UduvI53AjBwQa+5NHiEtpbeUPnFpFIGXCkHy8njHUkfdzznnqK+C/DFzIZbnG0OzRspU4JUyLnGOCehwRnOMgdK/QDwhGWtLXfj5tNtyx4AyUOMcLjOPTnt0r0Mopx9pUb1dktU01p0ira3V3r130048wnJ0KEdrSau3GySk0n1d1az13u7duJ8WvLYal4OkJLPLqoId/m2EttAQ546Y5JHp3r2A2RuruW0RRNdzzw+TI2AAzoDjnj/eBPc8dz498TZWsrjwnOwGIr5pAx6ZWQkYGTgdODnqO9fQXw9+IfhXwj48+G/iLxk9muh2+oQalrlrNAtz9psNpUqIZFKyFRjCsccgniufPMyrZRleb4/D4aeNrYLC1a9HB0taledOlzRowu23UqtckdHpJWROX4Wni8TgsNOpGmqtRU51HblhFpJ8zutdU1toWtP8GSQ2w+2abZTXKzsG3sjNuIGRklf5EE4IxgVYi8Ja4tvLI2kuIklCQopRVRHPyuGXHLcMWPBwRkndn9Q7r9uH9giOGW2Hw+bUJEmJNzBoNopk3bcMuSBlCMYPrwvAqhP/AMFAP2Obm1ks7H4TXs3l7YGMWjWMaSKgbYWyeuCASBuB6cYB/kPEfSC8U61ZU8H4Q51Ki7JucpQcnzR5lzSpxilbW7d3pd9V+oUeCchpw5q2ZuUk7NxqUbNNK1r1VJp2WqV32tc/KiGO60/xLelks0nt4hFc2oKyTgFRukAXJ246sDgDGeOl278V3MX7g2yuysWhlmtrou6pknyyUzIoJwNvHXrX3lqP7cH7KmkeJrPWNE/Zptb69uIXg1GW+htVSaMgkuiguodguASMDgHDYrk/iF/wUR+DviDw+Lbwt+zj4Y0PXbDUFS0v7+ztXgS0QHMbgKeXzhhyGx6jn6jL/FjxVzCpR5fC/GYaM404ueJzLDUuVyspNvlkoxg93LVq7s7GNXhvh2jKKnmcuSafNL3GoW0imlLmk3ZNuKdu/U+K77xJq13aM8CJDISvKWlw3yjDBuUOCcjAJPYkZGKq6dP421SWOS1sbu5tiSjSx6ZdyQhwNoJdYiocn74PBGBzX2P4J/b68FeFPDsH9t/s++Dde1ydrm6kke1t008xy5EKxjyyVMfVflyc5yO+IP8AgpNHb6hqEmj/AAO8GaRYzkSQafBNstIpCMElFiCucgtyDycdK9mfiB4uVZ1KWF8PIt058qrVc7wcKU9veguRSlG6bV4p26atnNDIuG1OSqZjL2afutQtzq8E/hvy2u7bXs++nzrB4c+Il1NEYbfB8zygBaztKgJUHMaRs6DGPvY9DkDm5qfgj4qw2jDT7HUNSlkvY7Zrezs51mV5MBceZGuctkA5HzA84Br25/8Agov4hn1JbnT/AIZ/D7SDIq+ZPHbwkuwOSzt5RJfccHPJ3Yxxxy+p/wDBQb4tT6jZXmk+HvCIayu3mQQWkCxTs2NrSqF+cRYyhx8nJHrU0uKPHCrrLhbIqDa0jWzZ2i7XUW6VJtXdlf5pbDq5RwgmrYrEONrXgr3laNrNpKztr5HmOnfBn45XjXXmeEvEQkWYJtmbySzkfcCEqQyjrjPPHUgnqI/2bf2hZAsv/CG+JFIZEEJkwWVzuDBi38I7cZxjPGK9r1b/AIKEfHDUIY1On+A4ZJ1hnkkg0yB51l2hWLs0QKsRyzDJLAFzuGRBf/8ABQD9oSazcw694aijRo1Dx6RA8kWzAAyU6g5wcc9SSCKxlxB481rqnknCOFVrpyx+Mra3V1JxjFLRPZLZ67JDyzhaEVeeMqSfxJThCNtNVo7aKyTs0+uuvCTfsnftFNEF/wCEG10yTxxtFE12hlbP3SFDbQ3OcHHXPc0WvwT+NfhySSz17SLjR5baH7TJFfs88kVvENskhSMsNiMG3ALhQpPG3J7u8/bn+P1++nSL480u3u1QYW30S2V1YqQDI+0FtpwVyCQQCOQGryfxL8f/AIq+Lb691bW/Hs019PbTWczQWaQCSCbIlQqMD5+eBtds4IxkV6GUYzxrqV+fMY8KUKbfveyljZShbldopt322dr9PPmq4bhaNoxo4tx923LUg3fS120vm7310Ohf4C/GPxUVv/DumHXdFcLFDq2nfLZ/aWAd4suykMhO1mPOTwRg56a2/ZX+N8ixLcaHNHI0YVnluUMAYdUf58/kvP5k+E2Pxp+I3haKDTPD/jjW7PS50aRrCGZ1gac53MEHAYnk4PAPBC4B3pfjR8Sbmw2XHxA8RFWAdUS+mVg5YArkPjgkjgnkemK9/EvxPq1arpZjw3Cm5NxlLDYupNL3dGo1IR79em1hUocNQgl9Xx8pLp7Sko3dno+Vu6Wur6pWPoe1/ZM+Pum2o1KWCw0qxEiK7tqESF1Y4G2PzTuBXjBHI5Y87qf4s+AfxI8J+HLnXNd1bTNPsoovO8qTV7V7i7iJyDBHFM/DHPDDdyOMkmvmaH4n/ELVzdW+oeMvFF1bQeV/o8uq3PlqvHJCt8uRjIC5ycHruGZq+v3uqLL/AGvrmr3cdvF+6huL6aWPYuTgK77ThlGAcjKjvmuOhl/iJ7ejPG8R5UsOqkZVaOGyqonOCd2o1KmJlytpNJ2fV2d0hyqZIm/Y4Gu3aylVrpOMrpJy5Ir3Xq7K3Te7PZvA2n6hFpzzWviS00iN7wQXCy3kTSi3kYNJIEdycY6EDoeckZNXxp8HvL8zxNpfjHTNdgF2dtsmoKlyrSoZHdo9xKqrD5mAwpHuK8J8PvZXKSXTTvlJiAjHcNh7uNxXGMc47Cukt7uwH21U2giN1jJeUjcWJPy8ru5BxjGfeu6vludyxf1iGd+zpXa+rRwlNxlB2fLKXNzaJfEndPXU1oYrAuMaUsNqrNt1XzOSULJd42ute++h+uP7N/7D/wCzP4v+HugeK/ip8WrbTdX1eBru50eLWLG2FpcNkKnM4lMikg7GCgDocV4lrX7Jfweg8beLNKtPipaWWg6Pqvl+H3/tGxml1SxkY7nlkaVQGRBt4OGHHbI/PS2lQ2hke5lE0eSqJdzpGBnqEBXHGOgX16FcalvJaFTcSbJ5TGRtkuJlYYJ6EsSxJJOW28nk45r8yq+GfGE8ZmeM/wCIi5nS+vVJzowhg6U4YSnKtCooQhVrTpRcIJUlKEINXu020zuwGZUsPVrSnz4ijUjH2eHqKHJRso3cHGCnK7V3zN366tX/AEyvP2SP2bNN0G81q3+M+n3mp22l3Vzb6ddX9osUOoQR/uonEbs8iyNknB+Ujd0xnR8H/Aj9jeLw3oOo+KPGulyatdaWsus2KatdK0OpBiHdQpO2JvlKqAOOmRX5s2clrDpt1ciz09mkTJLys7qScbhvkGfvEsMZIOeSOeqiktIIILqTVdEhd7aIBGtomCYwwQ8sPl4PYZP4DyMR4WcRVaUY1/EniZ1vrEKrrUoYag1CFPkdLkhePJJ2ld3d1dnoRzWF0o4bki1e0eVK100ryjdPRrTbR6Lf9CLv4WfsW+H5rTXbHxfpcmow+INOki0YrcXtncacJk85LwTRDO75SzEAAcEAg49M8b/Cz9izxrq/j7xNpnifwno/iiztbKbRofNlXRA9va7mh/s8L5TCd9qkqu4MCNvevy4PiTTFSFH1XTJ5HmhG2K1jLMoPyrlQSFyM5weRkHNcpa6jcE6/h7drmTUJZIZPKLNGigeWCNo2hQenXpnOOeFeDeOdbDVZ+IHFdeqoyXtKmKg24zqUqkoRUPZ2j+7s01LR8t7GsszlL2UlTcFT0ilJWkpctudKNpaKSXNtfy0/Yn4BfDf9mSf4a2eoeN9S+Eja9cNqEupq0lwk+wSyLCscUkalCURWAUYAY5Pavl79os/BGw+J/he1+Hug+Br7wjLp8Mfim40R5VtysEu50zsDNckA+ZtBG3OM4GPk/QvF76fpUltc6ZaapPJaSRLcNAFkjlmQqMfdywHzZxwFBHHJ83N9ewskARYiLmQyBUBHztuI+bLbcYUdc4wcdD7OU+EVHLc4rZtV4r4hxs69PFwlhamJmsPB4qHIrU/aTjF0FLmpNJJTUZdLHF/amJVadVuU4O7hTdOmoR+B2TjFXfo311P1yv8A4ofsdw6bFpeh/Cn4eiZNIht/tE0d1cSm/wDI2C5tWki4m8zDy/dG4kDAxt8S+F3xw0T4eeGJtFstI+FEsg16/uPtF/oMN/qfkSTNJClw80TAhUZUGD8oXI6jPwxBfeXMpZdzB0QgIgOD3U7uScYJDd+QSQKh0nUGSO+g/s1JJZdTmVZpVUuEK/3nPBHGc4Bzg9c1tDwl4do0qlCtmufYxV6uHrTeMzCrWfNRcnFQkppx5vaPmUUuayvojWhj6qi4QoQnDmTaqznUTbcO83o9Pdulve25+n8P7Yw028kuIF8NwyvAUSLSfBuhGI5BGA7x7wqjCgkdBnkZrhD+0rq138S9L8cS+LV0nWl8N3WnxajZ6Np6W9tCSzLaJaRIYmmdSqvIy4UktntX5/xX1wb2aB4YBvVkV2jjUJjk/dbgnPBOccdNxFWzd3EV7ZLEbRNllOzMoUo74IIxzkk5P4/L0Farwt4Oh7T9zi5qrSq4epz14zcqdaMVONpqSs0lfV7KyN1mFeLm40cNT5oWap0o9EnZtO7SXdpLpo3f9JfE/wC1Rr/jnw3N4Y1r4oeK7eK6dQZdJ0vS7WRvL+VWSZNrgscAgn5cgnpx7l+yj8Yvgz4O8F3/AIX8U+KpBqCXV5qV9ceKL66je/mkZ/LaOO03RiQqwLE7vm5ye343TahcYtTHJbhmfLeUIwCCRnccg5JB4wT1zkCuht9bxb3kdwlmkhtpESZwiyFiG+6qkhs7QNxwN3I9T52aeDXCOOy55XReJwuGliaGLlGgsPedWkn7PncqLdlzO6u76bOxnVx2JxFCphZxUKVRxlJUoxjJNcut7O8k1u2+t3Y/R39qz42+BNbvvDmofCDxtf6ReG0ntPEt94d1HUA8kW8iGGNZVUMA3zMOcDDdV4+W5/iFqo0qy03Uvij8S3t79WjlLSpcW7xSoyENG75YMDnDAYGM46HxLweSdLjmupYJllS5DKyqBEql2DBhn5z0BP8ACc44DC5qMzzXtotqplt4FhmBSUlUV2UMAGPzAE8ew75xXo5F4VcPZZgqGCp4jEtUFP2c6v1VzTlU9pJJug2rNyslqo9GrHZRzCthqVLDQpxmqUFFSlFuo/h+OSfvb6LTl5bJW0O++G2reCdA/wCElXV9Z8SuINWDafHaW9tDHfQupaSS8Ac7ZnJHz8nkcgMK7+5+JHwqinWRfCniTUWMZBW51u5ihYsflYLFJhATj5UHOQM96+bdOktZbrxK0cKsU1K28xXVm+bycnGB3U9B6fUmcXlo1zKH2RAL/qxHkkkEZDNzwAFxkDpgevv1PDrIMXN18RiMyqSnyxcY42VCDUVCGqoqm7uKu9eq72OeeZ4pVJKEaUbpJuUIy+Llv8UXZ29Wmru267vxj4j+Hl1No2qaf4R1O1ePVoZtUSXUZpFubfeqtBCZHYxEoMeagDkjHJ5Hsj/GP4b2unfZNN+GOo2kVufMV28TagkmCQSxIlG4Hg4U47DIHHx7rtw00FqtuRJGLyAHMZVVAKg5PTOQM5IyMgnnjsRZyYunlKBTbBgGyqnCc7SQMf3cjnqDnPPR/wAQz4WqRoL2eOcMN7T2aWYYmzdRqcpOSqXm9El71ulroVTNca4U6c505RWsfcp21s72S5b7K6VtUj1a7+IXg/Ubp9Rl+Hy30V5NCs0eoaxdTMEDEDy7jeZR7jd0z8o4x1Pw6/aBb4aWGv2vh/4deEbie91mS4hu9Wtk1FtOibKrbQ+duLIABnjJPJ+Y18x2skzDywqrGk0JU7uCQeccAY9xndkDPzYq5ZK8sepGQBQb4kjgbsElRnpjqeCM8EZOKcvDzhapGFCrhK1alenJKtiq81enOMopN1E9JarV3unbQiWaYyrSq05zU4SUU4uKikrvRWUbaq3Zb6W0+j/Gv7SnjzxQIke08L6Y/AZNI8P2du2HXDKZAFyNo6H5SRgZPXg7P4m3EQs72XTNF1C90+/ij23OiWT27JccySTR42TShiSjMSVPQjkDz1GkErARqQIFZSx4XbksPnAOcbsE4HGOeMIqmO0ndooypu7VmI54yWz0xnB+92x0PBrujwPwphad6OUYSklOMpOEXzSdlFuUua73s7t6PrdGeHzDFwp+yhVnGmouEaa5rRuraN2ez1dr+bSV/ab34s6kbybyrfwtYiXIfyfDum5UuoyBtDYOMnGOlY9j4wklkvRJPo87SW1xgtpFvvRnUndEyjCMCcg+oA6HFcXPHpRAl+zxBwQDlSWUHb8wOMHJ646Y5PFNt7aKSGSSC4WNWimUKsAUgEdCcdTxx1wfY11w4YyKHuU8uwsIOzXLTXvK6snblbvppzPfqZyx2Kjyv29RNWespPlS5VpecUt0tL+S2PZ7L4havb6Rolrp99Bai3swsn2XTIY5pVLtnzHABkIz1OGx2xxW5bePfEouxNFresqwVMGArCBu5424IztOBj7y8jkg+L6dBcrbWiLcyIPsXzFY9397vwMcjGOnXJIrX0hNRnHlm6nciZURQjAtgggFhzxxyMk9PQD0qWQZHGmrZXl8tW7ywtGcnaz95yUnJu+zadt3Znk1sdjJNp4mtyNtr947XVv7z1avpa78tzs/EXjPXb6bTxfatrVyDqkpdri8l2v8g2hlyNwUnIznGMhQRUegazqF9qFnbtqF61mHnjEct/cYwCTjAb5dp5G3IxkYPOOP8RWWqW8mnwuwWeTUZnjXc7yFVQbmC7SxxuyMrgcY4IrU+HHhfXPEmti1095ftEBurhmmAjhRI9zO5LFQzJ1KgseMYPAPp4fJco5ZpZbgY6tcscPRSv7jVm46u6adr8z20SZwVsdilyudepFR0m3PSya1u76NbbK+tz0DXFSG8hQ3iXSSW0jmN7iRmTBK7GYuS2OxI52k/WW3trW+tPD4aKCDzrG8iaRGAYFSwV9zH7yg5ByMHGB2FTxP4Km059OludVhvJpknaTyI+YiCwMbjjGTkE8dMjIFM0SximTw9GZnVFW/TIQnGAQc5JOPxI5HQ81FPBYWEZKlhqEIu6koUqUdLXasoq+mr33KeKnONJucpOTspKejvGLvfs09r79dLn0V8PPipofhvwd4k8HfELT5PHvhnVbNoIbHWSuq2sLNmMwraXHmJEBjEUqDfGTuUjt+Ufxr/ZA8IeNdd1vWPgXI+k3sks94vgXV5cAqE86aPTp2bPlnLLEjEBQAoAPJ+7XsLbT0uHS5LADzAGjYbiCep4GMfLwMHkDjivPbySO11o3tv5tvqU+g6wY5UjK4b7PIY2UjGDjBDdUAAHHNfAVvD7LMBj8bnfDmIxOUZpjpqriqNOtKplmKqNwjzVsDN+yUpfaqU1TqXbabvr6OFzOtF+xxMYV6ShGKk1GNSFnFJqpFXaV3pLSSutbn4ceIvBfiXwNqlxoHivQ9Q0i7TIezv4JYmYdnt3kUJPEQMh4mYEYI61wGpaAqkT2hBXJO3DBkYN0Vhgg5AKgnAGRnk1/Un4X034HfHz4WeGPhx+0P4SjjvZrL7NonxOsYUHiHS7h/kgNxMqrJcW8chBZJHII68V+U37W//BPX4n/s2tc+MfDEkXxO+D1xKzWfjLQg92LSFvmjttYtoVd7adIyA8gXYCCS+KyWdYjL8bHL88wywOJnJQo4tczwGMbaSVGtJLkqStrTm1K1tZHbh8ThsS3TUmqqbtTlaMvde8X9p90tddtEfmLb6t5sS6br8RubYHbHdsALq2A4GD98qD3zg4A5UADXtJr3QfmTGr6BNjfsXd5UbDGeCWjZVY5x79Bg1Nc6fY6mu+3zFchTlWyckdSpAxxggq3zAgjrgDItJNQ0S5ZXjaa3IzJA2PKZcYLKOgO3krgD0OSQPeSunKm1FOzlSu7SbUbuD+y9fiTs3f1LmnzKMtloqlk2rW0l05e+7j00tffnsVa2OoaRKbqwlG+VEIkntTjJR0A3YGTzjIGe2Ca8N2rhFQ4fBU7jnt6E9uc88YOB6W7SGRJjqOgTrE/D3enMf3Uof748s/KQckEleBg561YudOtdd33Okf6Hq0R3XelSEIsrry0lqeMg88Ljg4XnFaUcWovlrN8qdudtqUeqU7aLymnaVrvqjiq4Zv3oqztdK2k9tnrd67a/NWvQZQ2GVQBkgDGSWz0PfGBlTjI4HcAzJ6bSuB94lvn6ZJxkdcbumfbmsdZ5beZ4boPHMhAaOTK4KkhgQeSCfunOOcf7Va8BNwN8bHbnlGGeDywIGOhPTnAzxjgekqloqSaafwtPRp21utbe6rbLpdHnVKKk2tVJJ6NO+nKmlpa99G7qy6tWs9rVXG9T9xchTuIOeDg8kdMrxnJIYLzVJ4zvbKn5cAMTk5yc5B7nrnj8AK6G2ULuRCV2hSBIow3945IHQ8YH/fIOAWT2YdiQAm7IY7dxyc4GSR1yRnA4wM4rSnWSlZ63TV1rba2n6v59zOVFqN4xS0SafpfRuyb1Sdtt9GkjDEZOeBtYKdpHJAzuHJ46njODkfd4qrJbZ+YKny7mAK/dbPIHAIznr0+ma2JLcLIq8IQSA2G+ZQCOxPGR3Jz6dqVbfzFXaflUjKkhiSD1GAODggc7jzkc4HR7VJX5nZtW09NNvk1rovQwUJpqKvKW1m1dJcvVPfW6vdXasr3MRbbMalSASCCMZByTjg8nvzzhjnju+O1lBDYy2VG08ArjncANoGRhgQDxnuGHQrbKrR7SOX7qMqckAFSGycjHGR0yKV40QkyDgqVwDtJxwWIyBz39e2FxnGVRt+7s9bt6Lq18rdLPuaKnOV5Sbja3nd3S3d+yb8tU9zlL7ToHRpEXDDO5R/e46Zzn2PbnnpXKtamCTeyMhV+QAFZc9MEZ99v930Ar0pkTaoIypJY7QDsGcZY/xZABwfXpVGXTYbgSFj8wUspxjbxxkAkDqOeMAEAYIqI1pQdpXlFq+vRqyvstLPbzvotTb2UZfC1eKckndXu47rW+y6rq+iMDTtSnsnwMYyd+RlJFP3g4OQT6Z5x75qn4k8GWuuRPq2ggQ3qgyXNoMBZDg72jHIBOAQBgk7s9CafdWdxaSkMm9CcKQcgAgDkdFPpjr1x62bC9uLZlljLJPEcBM8Mpx8rDuCR3zxnnrnlxGHc5Kth5KNWKbu9YzSs7TSVnpfXS2/c6qNe0fY4iPNR5k1d3lBu2sZX222389Twu4tZBI9tcI0FxEwQbkKOSDhs9sjpxg56GtKy14wRrputQte2CsFSVsG6sz/z0hc5LIgKnHGQAM5GK911fQNI8bWrSQRpYa5AnzBQEWdgByTzknGSQMrggd8eFavo95pk0lpqMDxyR7lErDJAGNuTwWDAZGRj7xzjppgMfLm5Peo14W5qUt3qleLduaLd3dfD1WphjcBOEVOyrUJp8tSN3a6WkrfDJJ6t/fbVeh2mqeXp4sNXVNf8AC04CQXahXuLAMu1Q2MshjBA5IzggEEEVwXiXwJeaQqa54anfUNJdjLHLbsWuLXuA+3JwvIOPTBwDg4en6xqGg3G+2IltZCPNtX5guIx95XV8gkg4BAyp+7yRXr3h2/jvVN34XnRLiTLX/hy5I8uderm13nGD0xwc/dGDivtMHjY1qajWXvX0kmo2fu7a/dq1110v8vXw/vPl6u9ndRaVtV/K7X8n5aHMeEfiiypHpfiTdIgIii1EFhJDjCgSnk7Rglt/A6DIya+gdOu5Ihb3mj3KXEEgVldJAYpjw2RtJ2yrjIbKnIx1zXjOteCND8VC4udIRNH1yIN9r0qdPKWSYffCKQMEkcFQDyD1IxxugeJNf+H+ofZbm3lNqrlJ9PuCSpjJwXgZuhyOCO+OOMD6HDY1wioVHzw05Z7ON2ktNLWte+ifk9/Plh4pvlj7y1cWkla6vdW2a6q2+zu7/vP+yn+3Z/YelxfCH47RTeK/hpclLW0vLomXW/CEjEJHcWs77pWtYSQdpYKqjGMZx9X/ABk+Bek3mmad498A6vFrXh+7C3/h3xtoUqGaxdiJIINSEDFoZ4SVAclW3KM+g/n90HWdK8W266jo10kd+q4eylYJNwuWU5O51JyAGBK85ODX2j+zJ+1z4r+AesjSNVWbXfAepyeR4i8GakzS2zWzsEludMExKwzqCSirjcwyGyQK+oweOU4Qp15c0LLkqLWcW+Xdq2m2ys+nZ+RVw0oylUoJRupc9JpJTateS05U0tb6Rbeu9j9CNI8c6L8RrSDwB8dIo7TxNp8KWeh/Em2gRbq52YW3tddAGLq1cAI0zF3CZfnAz0Pif4ZXuj6Mng3xtp6+JvAd3l9F1i0dbu68NS3C7kvNIvhuJs2GJGs3cBQMFQBk6vifwL8Pvi74Ui+Kvwe1CLVvDt3EsmoaOro2t+HLhwGkhmgX94IoXBHIACgbQRWN8PfiPrvhG3bwt4gRdX0FwypbXq+bGg5QSWsj5aN1BO6MY44IxkD6bBzu4uUoyWnLNbyTtbmSvqrNe90WjPGxNNpWirXVmnuvhVoO14ytstn80fLOufBOTwjqiLM0eo6ReBpdK1uFd9veQlsoGI3CG7VSFmifGG3BVzmux8O+FIbeKNWtwzoSyhwuQobkk4A69sjBOcHv9Fa9e6PPDPHYKr6ReE502RQY45XwWmtSwPkyZyCyAYznqQR58zWlgPLicywsVEcjZEkZbA2SZH3QOjHg8n0x9dgvZrlTtskmnfRWa01aaau1bzPj8yVblfLdpLWzSu77eT7rsnve5dsIYIkBlRUTEe0bBlfujJDc56duWyAB0r0/w/rWnxAWd3Y2+o2My+VLFPGrKQwIJwwP3R6fL/dPSvH5ryJpUgEsbOFDIqPuJHQtgkAt9cHoOowNSG6S2TyxIQN2S3KsSBx1AGcE9cHBPHAr6TDV4KyVnFWUoq1npHdWtbe6fnqmz47FU6/KpNyi0+aMr2e6ulvpd27bWdt/TLz4K6Lrhm1TwNPHa3rlvtOhSOPss+4hnEa5wpO0hQvB3DjAOdnwj4Q0uwll0fVdMfQ9Wg2GMNGyxNL/ABNGTlHD9hyD3J5rivC/it9LvUnS5eKQOGAVjjIbAJ7AdARnOeCSTg/cfgTXPBXxUsIdH8RLBp+uqoFpq42I5cDCBZflJOTnBb5j6E8exh5YbD89emuSUopSjDonyttWvdaJpKzbeux4OJxmNlKnhsS3Upp+5Jv3nblaV9VLXe72+d9vwL4VksNHWzSRri2nLPFImVe1uFP3tgyQu7G7AAPTP970FtavjBNoOqFlvobSU2c0n+ruIxE4Cbm++H6BSSdzHkA0aJoOteB9StYNQYz2AfEF+cPb3kJ4USkkqr4HBBPPUYr1bXvAtl4t0n+09JH7yPMgEXM9uVXc+0gnehOSRkL124yM+LVzKeDxE60W6lCo+a8W3aT17aP+bqrN72P0vJ8pwPEWAhhpNUsZSivZzdtZJRff5t9utt/g/wCF1zpmtRano92kUF9Y6nqFv5Lj5ZP3rcgZHQnPAGQc4GM07x38KYjA89vajB2u8QUhSxyd6rj7oz1GADwx4OeU1LQNW8C+PtZgvC9pLcamL6ynAZIrqOUgFlOQoOBhwORxnjGfp/w34s0vxBai21V4obuJAhD4O8hcCRWH3gOAyj8B3H2uDx9PFYPDyhKLj7KOztrJJtNbNq2vVvTVaH5PxBk+JynNsbTnGcZxrcyk07ct42ktdVZaNXXVtXs/yC8N/D6ZPGPxGSSKQI+u90I4KLhsYXIxjnoey5U57bUPAFpb20siRhvkG0xr8wboc5GQcjk8H6DBr7AsvBdhf+KPHVzbiIO+rsY3XJEh2qcqcKGU5AOT1yAoAAHFeJPC19aFDJEFjYnaYwCr7CSCeoCke3OD6c+XUjKjGMYp8inOS205pJpprXS9teqa0djuo5hTxNXlqTtVUaStKys3Sppa3u9bvVdN7n5J+MdJMH7Q6JAjqjeD4dxIY4AkYHdwTkMDjDH8OSPRodFaa6i3SsAY12k5ywA29wSWAOQO5Heuo8T+HWn/AGlLeKRHAk8HAHgA48yTpnIPIyB0GTxgc/aPwt+BPhTxVd3D67qsWlRWcKutu8gWW5HGXVywUEA5C5wOvRsD5eWZUcto43F1lOVH67Ub9nGc5Ntwsowim9Fo2011b6r7p4OePq4LC0XTdT6nRt7SSUeWNrNttW1V+t92u35ZfFHT1g8W/CtkXeV1fWCck5xFZAgEnOTkEnnHbjk16NDDve0kjdhHtZnCsQAzP2ABwE+7wVGMHPPP2J8cvgd8N7P4q/s66La+INNsNN1vxL4jh1PUZ7hZvKi/s3Eckse7ap34UcjLE4OBgcJ4o+Fdv4f1rUdG0vVbLVrSC4uDa31k25JLeOdwmwjI5TBUDABPBHUxw9nNHH47HSjTqQlVVCtBSg4twjaMefSybavy3T200OfOMHUwWBwUKns5KnKrCXLKM3zupGelm9JJpaKytvqfBnx9tlHw+1sku7nU9OUA9Cv2uLafTnuOSO+cYPtvhqKL+wtFJmCgaVpqtGhIAAtkzwc9uCMLwMDnmuH/AGiNMt7PwBrEYDvINT0pPmUgk/aolzwvB4yQPftXW6XHeLpmkw2yIkZ0vT9xxlgVtk5wRx8w7kkdweTX0WClGWdY6zeuDw90lfVzemjv16LXfc8PMYOeUZeklriq/Tb3KevfdXu0t29kiv41Qro3iLyijqui6goYncf+PaQjkkEgAEAn5sEA4ORXinwEeFPh9pPnTxQobq+UgvgnMzE5xg4HHy8dicjGPUvEq3L6F4iEx2kabfgMzgA4gkJCEbhhjkkAHLH6V4h8HYJ28AaYix4DXF6N7HKqy3DkHk4BPQFVyemMU8RWcM7wjScn9Rr2Wq156TvbW2jtYwoUFPIMZHmsnmOHcrW0ahPXVu2+u1z6PF9pkOyMzqNjnhCzArnO4ktjB4B+bkdya+Y/g/qVjBe/FMkM4fxxKylSf4i53f7p55IwGPbgD1qK0dXHmzENv2qqL8sigH5shsEgDknGT/DyK8A+EkH+l/E84DsfGUvlnBGMCTHA4OAScDPsCOaK1RzzPLJS93XEKNn3pLXrbX0fkrXJwtCFPK80ipOSccPzLb/l6ldO3mtPw6n0vD4psg7bgmYRsXcw5wOSB0zxzj9O/hF7qkOp/tH6POjbA/gydd2Nu0qwGcH5eBj5QeMnGDXoLWEagM021nQ8KgyH7juQRnGTkk9M14u6eR+0FoiNKyovhO4BydpG5wwJ3YPcdic/eBrpzepehhVJPXH4VrVa2mlf5L5WV3pa+OUU4QrYnk3eBxCu3d+9GKXZtXWrt0S06/VzyaeGt986u5Qjc2ScjI5B5Vl6ZwT77SDXhvjvyH+LHwWWKUTD+27wNgfMPkbaQMADIxjqM8AdK9GuZNLijVmmMkgjbaEkcvluPmHHp94Z69OCp8P8cXyD4j/CKeIPDHDql5hyuXX5GAxkZYj1xxtz0ozGoo0Y30X1jDOybdl7alq+l7620022sZ5ZTk8ROMdZPC4lczbu26Mlr0S7dba20aX2jfNHDbXG8qCoYjJGTuYkFehHIwTwQ3HOefn/AOOkkR+EfiRSzsxudM3BmOc/aowD0IxkE8E/MT0q3qXiTzpJVGo3eGaRTuSTAXdwAAMMM4xnkYyT2Hl3xf1OIfC7xDDHPdTHzdPd2kQhCy3MXTdgADkY57DHY9udY2E8Bi1GPw4dxvzJNr3Xsnrt59equvDybAVqWbYGTVrV43SXS6e3dvTb79D6g0woND0QoFZho9hwSSf+PWHoQOTnv97GO2MVvETlPD2sOyIudE1A4zg5+ztjj8c+oOc56V5zpnjvSItG0RWN2xisLKJwFwCRBEPlO7DbRjhTzx8uKs6z450i50XWIBBevM2l6ggBRljVWt3UbiQOSDwR0z0r1/ruHng0va003hUkr3u3RStt38kr676nz9PKsyhmTqTwtTkWOcua14tKrF312StfW+miV9/lv4DSp/wg9pKVH7vVdXbpxn7ZN82SeozkA8HGSMA179plzPJqtpKjDDXtuAuNuQhGegI4Bz2wpH3TXgvwCkRfBFpE8eVGramWBBb5WuJWJyARnJyRjB5BOTX0HYzImqaekMbKiXYcsIzsK8HcDjBVR83qDnrjA+HwDTw2Glva2jV3dv8A9I0au/lfRH6XmCf1urZaOSbdtW/dWm2iuuvva7q54F4dEh+MXxfkQhnbUrNlKhiwbC4657j/AHSO23Jr2pzqSPCpMpV34UfIASMNwACp5J54wCOK8s8JsP8AhcnxYmVGkZ760kAwRjaoCLgAjnoTlh7Dgn3OK4mmnzc2cihchcYGSyjaQCAAc8gjPT3BrryWaWBs5cv+04h+VlWbettFa62s/vRhn8P9uVoqT+qYRe9F7+xp9lo2rfg7bs+e/igt3/wsr4SiWATMJbsrg7ioKA5HBwQB8w6lgTnk17HJcXSTMksIVWlwS424+fnGCcZwByQGHJ6YPmfxJKv8TfhhIEmjaJr0KGBxuCZ4yfujPU9MdPT2L7FI88jSFAuC26RzgFhwVySo4znjH8OBnBwws08VmrUuVyxdPlfMrp+xpp9lq1vZaaaX1660IvB5Upq0vqck01e1qsrXVt/JqyXrr4N8fJoW8O+FSmAB4z0ktlQBnzohjsexGcDOBjlhXtcbY80pOUT7JCQsRZt5MeCXGOACfp6dBjxv4/W7R+F/DG6WN8eL9NJCMmR+9jBOQQFUHlicDn+HivT7W8gtUldrywQG1hAL3sC8LCo5XfxjOCpBI/iPJq8JJfX8fOclb2OFi22rpcklq9tNUtvSxljqaeBwCpQ+3iHor8t/ZJuy73XbySH31wkmi6hk3DFdL1Mb2yBtNs4OO2ODgkDoea1vh9dRQ+B/BgBwV0+7yMnaD5x4J/2up4HXOT0HI6r4gs00nVD/AGnpTb9J1FvLW/gY5Fs4wqiQk5z04YsCFwQWGR4S8U2Nt4M8MK+oWEbJpkrusl1GrqrSEq5QMGGf7pDEjjnBFetgcdh6eZU5Sq01GODmneVrvnpK7ba6NpfcePicHVnljShUk5YynO0YNv8AhycvdSTS0vq7ee9voPwpNHdJriswVjps5U5wOJXbuMHPAB9+QeDXyb8BrdF0vx4WKNIfHOsnOCeXnkIxgY9MkE5z17Hv9N8eaBaG7Nz4jsbT7RC0EaJKzmRcFmA8vI+ZsDnoOgPNeM/Bzxj4c0iw8UQ3mqQwTT+LNSu0jCzNvheZmRwUU8MBkBucnBycAceKx1CWe5fOM4OnHD4lNpxsnJQS1u1dK8le3mrWt1YLBVYZHj6aoz5p1sNZOLTko6XStur6W0Vld2ufT8Rt47dUeNPNRs7dvJ3KQoJ4xz9RgcnGSfDPE6A/HrwXJIheMeEdSDooxk/aQSAW5GO+ABxu4Brsf+Fp+D/NYLqquCcvizumzhSFwRFk5PPBwT69vGvEnj7Qp/i74Y1SK7uJ7W18O3sMxjsZ2n3vOpUKhTcVwCOBz3+9mt81xtCphaShVjJrEYdtJ7KE4ttd2rdLab3smufKMBXp4yUpUXGKw1WPM009YJJbNXet362Pp/UF0b7LpqWFtElwCzzs2WAf+6xx82ecZBwBkHnI8f8Aiosh8EahlYyG1Ow4GDhFvIWz0Jxnlen86tTfE/w40KBbHXZn3cGKwlRQPmwCPL/2vrgcdcHgfiB4407VPDF3aQaVr0JkuLFhJcWuyDCTxtlmPIJK8e59OK8vMMRTngsYoyu5UZK0E0lbkWulr2Wt5W6Xve3pYTDVI5hh5StHlqpaySVvdSTvrdPXTq79Hb3UOnlx+RjH2GAHqB8sKdMntjd2OAOmAa6fxMW/4QGLLKCY0mGTk7IkYMRjkEEjHooIHrXiNv43doldfDHiMj7LFEjmKPZIojUbly3CMDkZBPPPPI3df+I1zeeEn06TwF4mtYorF7d9Sc2/lKJnG1iPMG4E4x05OegwPSp42lLCUeWcvaRowcv3dS2kYJq6i1r0Ta76KzPNeArPGTulGDrTcWqsI680UrLmevk7PSzdj7a/4Jn4j/aC+H4lBJk0rXgxDliAzIwZxxjJGPb6cVvf8FKVFp+0T4gcKqFPDlhDt6AiVZzk5HKnj8h0wa+WP2QPGPxMtfjJ4Os/hfZW+leLrqDUNL0688SBBpEaSlGke4aIO29lBVNoJDAAY25HYfts+KfF+p/G3XrPx6tiviq38PaZBqlzZTbbC6ZIpQJbFZRG5Qtn5WGR1GSMV8TlUlT4+rVKj5KdfLpcnMnFvljG7s9N1o766dUfXZvSc+EqMI6uGJhezUmndJuydtnv28mfNXg+4aXw/YbiGBM4HptEjFcfe4By27GASeAal8cT58KamCoI/wBFB2g55cDHfHH9QRyK5nwRc48O2pZjhJp4i2CVZhKwyTjpjJwGbGQCSc1d8UTCfwjq4WRXf924IxkBJe4PK8/L2A5Pav1aVWM8uk4tStRd767JLS35bJLzZ+Www9s0pQalFOsrqz/miklfpZ+rd1pY3nuwsMKKCP3Fq+QDgKYYxnGCMAEDoOuQM5A57xbcTJ4XnUEHOo6e5JOTkT5HXODgenvnORWk7BYImOC5gtWBGd3+pQgkf3RngevoOTgeLpkPhS4PLub/AE/LAMQSJS2CMYHbORgZyewp4htYSWt70U0rrR2jZJO6eyvv6bIyw1FwzCPL0rSs9lbm2av13fpbqdZbalLACCQMRQybiMnAReOAeOc4OPaqniW+ik8N27vvEra7pbgIpAANzjgkbWyOuOO4GT8ueJXZ0hQAgwQYO3naIwScAdM4UAnIGAO2KXiR54/DbE5KprWklQeeRc8Be2OuRnnoBnBE153wklKXLy01a2j5lySd7K/le6eqsn0KFK+PgrW9+ST7O0dG+yur3et+x2Ety5d0Vl+d8jsQpI/E5+bJbGCFGT2m0iCG8i1SG8gt7qOHT9QPkzxJKjv5EhDFW3EfKeCDx1yueOca4ffhgN4YYPdl46Y6csOyndzzwK6PQGUw6y4Pzf2fqG4jOAPsz9icA9OoxU1Y3w1VWv8AuJXu9dYK9m1o76fdazEqco4ilyyaarpK19FzRdlrf7L1u1sn5fgLfahaWnxB1lWkmSH/AISe9BtYmKR7EvXUIvPC4GMDAwAevX6g07xbr91ZatpsWoSW+nWSW0dtFbIqFoC4mEU8gG50UtwGOONx5Jr5D1VUbx94iOCzr4j1EjB5BF/JjHYk9MdRnj2+qvCEOLbXsjJMFkwQqC2cIDnG37w+oA6AdB+AVKCniZy5UkqttVtaXfS17aNbq2qR+64OrLkjGM3FOnG/kmtG73TvZLTY/fn9gLSpLr4IePdRkumnlGpac5HRWH2RW27SdpwPkI6Z465J/LL4mpLceM/EFk8Y8q48c6ieU3Yb7RIcBevOCR0B5ziv2F/YC0xn/Z+8ePHtQC/09iAPmAFirH5ccHk49yD61+UvxAs5T431p1G4v471YKSuT/rZSOWxgDoMcHgkjFe7hJpyqwS0jFJ2vtZW1vZ6rRevZnXiIOVKlols3v72kXr8ktbbaK54voSNaa/o+nzEiKTxHLcW0w5UKpaNlbPA5JxkYBAx2rfvLRV8RX67c79bdA4OQWcYBGV+XBwQDzxlcfwz3Vmkcem3ZVjNHq87B0IVkdLrgZB+7xluxBAJC5NRwX/9razNJIi291baxGJoFO7zEXhZscglsZbHbqTyAVJe6oq3MpOzT15Xy9H3slpqut2cfs7VbtWdrp36X009Nd01ZvpY6zxPEpi07dyYr+1hJbGA0URViM8AkYJJ6/iRXkHxmgb/AIQQ7sFDqm8AkYyJ1AZT3zuGSTn065r2rWEMlvaDG8vrLSHJ4wPl9ePunv24yCCfJfjbC3/Cvi6gBTqH8LDaSbhRkHk9AeMY91zuqZpSptbWteKdkmnFtb3s73tu979WTbvL3eWy0t6xum+qsk1psrX0OV0e1L21plQqpa27NtAzkqpOcDrk9SDnA6jmvFPilbq3i0mHT5Z5vIgP2mIMWA2nAI5GTgfMDjn+HgD6F0dGWwsWAA3WdvkYOc7QRkEHg89PUdBXhXxOubey8Xk3BvFjNtC5aGQpGFCHKbd2ckHkgHuAOtaZpN0sLRnFOTvBWtZ3tHorXv3W+uzOGjTdRyi/dvqr2avdW69l+S7nCQae/m6e72DyyyTsXgJLTMSwwRty4LZ+X5jg5Kj09a8FabqA8d6NaW+kTRAarbmJYLaWSdzIQfKI8vO4ZO3Kjg8ZGDXBadrWhabeRaii3dzLcxxfZQssubeZJUJIBGCSMEqWAODjGM17n8MfHlrB8aNHv44tWkuRqdiZrNZlDMGTH7oklAWGcNxtyrEnkDycnzetTzfCRhRaftYXbTtdTjdX3d7307bu51Y7LKX9lYirOrFOVKUYwik2/d3Tbsm3q+nTofo14e8L+KG8SaOE8M626wXkU2y5tnVJVkHGUZenUjHBzknAAH1n4g/4WSvha7tovh/e2mnrBma6aURRxqxAE6qwBDAZyFBySc98+aaJ4x1S/wDEuj6ibPxFsNwIV0+51TY8scSkIIzG5PG75mJOOoOOB1fxM8U6uPD2q6hejxBpuk2qQpcWia9NI8hMq7oXVnCKpBxuXOV+UZzX7vVzKtVadSMuZUr8sYy2lGO7dtLO7366H4tDLqKhJwkrOaT96Db95K2knJ6pqySb17nA+Errx6tgbDTtDP8AZNtr97/xMBLA5MgjDOoDnK4Y5JznpwDxXKao3i+/vNTnjjEaNcuGMhtw+Yjg4G4EgdAScDkAEkbfTvCk0C6VdX2mae5gjv21NtGnv3e5ktLqBF89UQkFQV3O5IJyCeOT5nd+I7i9t7meHQLWFFluSS1ywLpvIII4BcFeQehPHauqjiKlWEE51V7sbRd1dtK3L7r03euvR73fFiKFOEHUtSleTk7c7bu4pO97K1urve6tYi0OHxm0riLUgrRadeuVjW33lFXJU4c/3j0+bPqRk9Tp+meOj8L/ALVfTXV3pF34lv7cW4ureErciCMxsMSCQfMeCAMZPfrw+meIL/fepFaWFjJHo93OkifOzAbQVII5yONpLY461EfF+rjwNaWjz2zW8mvXNwUaINiQxod5HGCxwOeTnack5qcSpTnSppzbbV3JaNOV3srafZbSXa60DDSjRhUrKmlGKXw6e9p3urJ6bJJWW2/qPhO/8T6dqem3OleF73TdRttF1S2tdX07VhDfySvbsscnmxSDf5bAnnknAxgivRvAnxc03xdoOh+D/jV8PdMe1s9G1e6tfHah7XxFHeLcTxpNqDWiE3ckTLuIudqvjBx1Pz94T8b6/qGs6LpdxJZRRq80KTRRiF0yh2PvQgE5OGB6jqMncaNh4Y1O807WdYvtc1S1hbTr5bOZZV+z3jxajcrLGvz4AVCSGX5mBxgAYP5/xPwtgcTmOFxCpqniZuK+sYeUqOIUoNSuqtO0rWVmpXi9U1rY+64b4lxKwGJoNuWHpxTlRrqNWk4tRUo8krrS2979ir8SPFur+Ao7C58K+ItL8aaLdG8dRb6czXNlEjN5dvexiP7yxgAnAX3GTWd4Y8f3HxDstAm1TQrKzv7TS9Yn8kweStxCFkQHzQN5JxkKc7SeMDmu0+GureHvCGr6ZLrL29zp4iuTeLdWUN2l2JoADE4kDfNk8OCzAfMD6d6nwGn8RXmheNPhLr0HiCXWtG168vfBMQjhuvDVrBJO8z+XlfMiKKzKgAwDhV4rTEzlgZ4GnmFfEvD3jBYickqamuVRVWUXFRfLbWVlJve5lhYxxixtXLadCdZxqXwsEva8r9nzWp7tRTa9291ts0eerplxrV1bWOk6QJJotJEghgu7tFj/AHQdiSoKjPVjkBRkgg9c7VPhxr8l4llLo9lBeStpzQPPqbSozTSIIwxVjt3EjkkjJ654Edp4x17w3qzvb3SWV3bWNxZ3drJF9lllYK0EqOrqjbWxtyQBxkYFdHp3irU/iLr3hbRdDNjoWqTrHbS3d3seGeWylFxExdvlVvlCrnGMnjk16+Jp4yclPCYh/VnByc3OcrWipNpObVra3fr0PLw9fC8vscTgubE86iqbhGLd2tLaNt+vNdavUrp8FfFOtTeLreXWdDswl9pgubcNJNPCVCW67UVTIwBx0yfXJG2vNfF/wj1HwlrA02XWrG/LyZaWK0uYkRsZCkPGpJxnOVIIHAxzX0v4Wj8eaLJ8Sr29uRpOrtNYwafqs+mrJbXjR6ikT3FvIwKhGkTG9Gb2I7eU+NNV8d6nrF5L4gvpbu5gumUXSQRpHKRGwwFUZ2sqHjnjPBFaZFUzLE1Zw+txrYelaKcYpvm5Kcr6O6Wru5aN32Su+XiCOXYHDwn/AGfOlXrNSvJuMVZq9/eS5mlfRb7PW55roXhDUYNY05otQt4cTkRyuS0BaRCNpXmQnn5s9MYxzXW+IvCut/YdEjm1C7vozql8F+z2y20VqyljtEsyruUn5gOSQuSB0OHaapqCavpW6aIOuoQEEQBW3EFjlhxjjjLdRyRgVo+Jda166lsbWfULqW2TXb3ZAxxHGdj5K9duCe2cc9eM+xjcDWr1qcvrE0oKL5b2bfRpLv8APS66o8fLsywtLCVabw8W6srJOz6XT3att93RofB4XnVLh57y3iRLYN50s8jOpAxlkG4HB5bAxnI6Vk2Xg19WmRZfEmnskkqxkCF1O1eql0G4HAVegx0ycYGn8PPHN/4L8Qw+II9OsvET2ry2x0zXY0urCdZWZSrxy7lwCQV43D5SDuFbOr60+qane6jBawaPLf6h9rkt7GCJLa0M2W8qAgABEBwPl6D5dpzi/quIb5XiKnIqUWrzXxO2luVa6p6NpXV+hMcdhZU4yWEouam7ws9YpJqbtdJvs9bbu23UeDfh3cateXmiWF3ptjLFY3kk8t9FdTxPahgyOsaxlldgAVOAxBznjIbqPw4ns5rO3HibTNSSZeYbG2KmDyA3yyC4SMggngkD656ZvhTU9aTX9TmtdZ1FJPsE0bNaOTKyJ8pUCPJYZJyAowAeAOmMY9cl1m0iuTrIjmeSR5pxKrSEq7A5Yclv4vU5welcs8ucaPtp43FWtyuEXCMXs7u0Xe97dVdat3udUMdGrWp0oYHDRbcLTlTnz2vG7bUlF9t9banoHhmwawslU+KdT09jqMySQ20FmyRqXwzAkgjKj5ec8HuK66fxX4J8OQXVlqM/iTxHfS3Uk9jOJUtrZZxEyhpreBiropbOcZA9SeeH8GeBrvxpaSWGkStDfNrEtoDctIXeY7iq7QMkMQFXqASC22vVfHf7NWr/AAR8M+C/GfxM1vS573xJPftaeBtMvUu/EnkR5EM2pxx+YtjbycHqrlSoKjk181i6mQ06mDwNbG4ypjqzdSlhKU3Ko3eKk+SnBOMduaTlFau7sj6mnDO3TxGMp4XCU8DTjyVMXUpw9nGLsuVuT3abSUVdNXsrK3l3wR8FWPxHj8YvJrE3hiy0aS71rU9f1SKOHRLK3VmaWPfKym4uCnCQRF5GYDCk8nmtdXw1H4ws7jwBq2o6/pGmeYkXibVrEQpd6hAEfOnWJUCa2V8mKSVORgnO0Vbj1XxNrWpeGdAm0+HSPCsuotdQ6Dbo8djMJJNsc+sTIo+0hM7j54xnv2X6G+NPg+LwF4c8Pm0uPDtzcX18jRSaeYRPHmEGSIpFho4kBAyMbuAcZruwGS4vFYjGVsZiaqwLUVDBRd1GLUVepZ3lJppOKdlfq9V5eLzbCYXD4angsPTni1JSnjHBublaLTpxb5bLTWz1bemh5wnj+68VwWd/4mTXPEGo2980KXV5qU/lWYjAjWOwsyxis0VQMLEuEyQRzg0dUttdmvdL8a3FvrWnaRYTT6dBePdNLHPdGNhGkjudxUB1XHQHHtjzHQNZuoInQmEmO9nckLu+YsxbhThic5HPXnqa6G68Z61qljpvhuXUJv7IW9ur0WbxkR/aAuEfIOeeRwBxjjAr6nB8O5NhsPTlg8uwlK11LlowhJJpcz0itbtXWt1u3oeHW4kzWvXl9axuJqc0bRjKct1ZpO7fuxT6arfojyhtU1LUtT8SB5XkjknVLl5HLK6rK3ylnbjucf72ODg89a29t9mnMYGxZyY0JOcOxQ5bIAxw3c5OfukE79nEjXfiR5SEiW4JfaGG843KSV7ZGDk9QcHrmtpX2WK0dAisuRKCQSTl2BHP3k5B47n/AGa7aFOFOnGNoqyetkr8rVkrJbWV/v2Wvj4qrVnOcpSlJtxk3Jt2ba0uk3bV6re2ttTjJY7ia31FCrQxnTrtdqMR5hT7pbkBuOcdAcetWINHRtJ8PMV3MbdQWOWJJPTPPTJOMHknODwd26iCxXS5VhJY3ZXAwv3WYjn5skHJ/DrjbWtaxRnw14fmLIG2BQo3YIWTkdN2McEN3HbvpTpP2jfT2d2tH1g7+qurfJakOpJYdtKelRczu21LlT0d5LyServo9GjiNU0pBpk+IlB3BwVUcndgqdvXkZAw3HGME4hmtibKNjGQS9sCRgrnIz1BwcDg4wcDpzj0TUrSFtJuVbaXIVtw7gt1x1x1Gck9+nTA1CNYtLiCKc+dbq4PHRVAyvOcnAA6evA50cVzSjZfAvdavZ2Vvd33e/W3ncijWlKMZTd/fab335Xb3lpbTWy1vr1Mp7KBdSl38AwROvXBwg5OCeOOScflgH1v4aazqHhPVRr+jlUmhZIzbvGZrS8SXiWG4gKlJCyEoCFBGflJJAHEXHh26kvIJGkW2SezUhyeQoHB5xu+gzzjHHNfrd4B/YJ8L6d+zjq/xn8SeN9Ra8OhaZrekafaWqxW1pPLdpEwkmJXzGVW3k/NjABwBXNisDl+KwtbC5hSo1cLiIOjOlWjGUZyq+6lZtW1afN7vK1zRatp1UszxOXV6WMwtStQrUJKdOdGTUrwau76q19JKV072aZ+cfiLS9E+M3j7xDe2PhZPDfiK2gtFTQIYpxHqDRWw8+9s7dEbypUQNcMhA3KMAEkgWdJ8KeKbaZNK1fVm0W9s7G7bRdYi3zaNq0cYYR2N5K//AB43qqDGYZSjBxtxiv1A/YP8AaFaftSfFc3Wl3Hi6w0Lw/4a1CxvLvTUnuILq8sop5pI9ysqqwcpgH5o+oIOK+hv+CgXwH8A2fwm8S/Fb4YaDc+HPG2qatZW+reEpdMeHwzrjyzCOKWCBFMWl37yOG86Db5rkFiATn4KWT1snWFpZY1XpRhOlTwc5qUvZRajSjGTlKUnFJpKV3tZ7JfYU8/wubVKyxynQqTdGrPGRS5Y1ZKM6nNCMLRXM1Fzi0rcz5Ufhd+z54P+Ifxq8X2vwi0nUdD03xlrWu3mn6UmuX32OzukzJIWEzFIyWCllwzMygAA5zX3Jff8E3fjf4O+LvgDwR4r8e+BdM1vx/p2pxWeoWT3V1DYLpLYmjud6EliUIUx8FeR1yfz+i8E+JrW7u9etItZ8L6poF5HNqWpwNcDUfC2tLH5qyw3dsN0Nu23JdmUL0OQTn9AP2W/299U1X9oD4G6V+09qEF/4d+Hmn6jpFp8Q4SJJTZaluS2vNaEe5pWLlFluCS4BJkxjB5cDjaOLxNXC1q8Y1MJf6zh78tejJRTjGSa5lZpJq2umtmr92a5fjcFhaWLw1J1aWIpqVCtZyo1Iq3vRa0alHVvmeqtZNo9E+KX/BMj4reGfDXhacfGbwrLL4m8Y6f4cgWKycCK4uGDpdl9oZQCoIAIBJ7d4rD/AIJK/Hu9+NXi34Z3Xx48O/2xpXhvTfE1xrDJdLBcafdRIy26hV4khDqpPYAZ5+Y/tr+0taaJqPw4+CXinw1e2Wp+GtQ+Lvhy9tdX0+4hmsrjT7gp5M0U8ZaMhi64UHKng8hs9XYeFLu//bq+JV1Dr89nZQfCPRIUtNgYOzxQHDBnJGRn+Hp65Ar1YVsNzXjNqLp1Hd2fvU50oxumtLc7VtN0+h8dHE5muaNWnGU1OEVFLlt7TVNNuzXutXu1r3ufz8/GH/gmH8RfhdrWjtrvxysNTkjNlps13pdv5y2UusXMUNsLd5M75dsjO6Oc4zx1r6mh/wCCGWv3X2Z7n9qK7KvDBIdunJn99GkuOCAdu4BsY5BHTmvq7/goO1z4SXTpXnE0cXxD+HV0zogiDW32mKNt45yCz/MP4ieh5r9YrSM3NppzRqAZtP06RERTuO+yhbhRg8hh14BOcDBJ1rTSalSqtKy+HTmbjBttWdnq1s1bTe7NVXxHs0504qfvKSs21FTVl+fk1dvo1/Mb+09/wSd0r4B/Bfxf8SL/AOP+o67c6JbW/l6SNMhhgvjLeQ25Wa4T94MmbfgnDbcdTz2l9/wRTv5Phl4U8Yw/HAzReKPAMXjK2hezs4Y7RoNP/tD7HPNM6hLcrtjDkglsHBwM/av/AAVS+OXw/wBL+EuufBS11CK+8caw1lq+rR2oS5t/Dei2M8cskuquCY4ZrllDR28jCRxu+Qnmvz/+LP8AwUq8f/FX4BaV8IvBPhiHw14A8J+CNL0Lxd4ulukj8R+Jbm2txFPbaEsT+ZaafceWu/yyhO0EggkV59eeKlUpOlacneNR1IvljSSjqmuWyb7atpLS917GXxaw9Sdafs2pc9N0+S/MlTSjK6kmr8zs4tv7j8LfEGi6hb/E6DRopb3UZNMubi0tLSCNru4v3tp5LZxaRwCQyCRoSVUZwvIGM5/a39nT/gltd/E/wv8ACzxX8S/iTL4S0/4u6hNHpOgaJZw3GpaVaW5JWa+Fxt2uxGWjBDRlTkDoMj/gkt4R8P6l8ZPHXxc8afB2+8Z+HfBfhLVItIuHtYb5NK1XVLK4NjcSQ3JLNLGUeQzhTtLE7jk4/ZDSvjJ4Z0rw1+yXrbfDLxdZaO/iPUbY/Zra2R7y9vb+5EUdlGj5eNihA3gBcHsMU8NSU4zXs6l4Tb5lZxnzU6kratvmThH+77yTfQjOM5qxqUqVHkXNBe0unKUdaSSbS5Y6Tcn109T5A+O3/BIn4CfA/wCEfjbx7d/HDxff6p4T0TUdR0eyvo7W1t76/s0b7PaO0b7wJGUgquTt6DpXIfsxf8EmvgT8d/gx4L+J+s/Ejxjbav4vsHuNZstNkVbay2u4EVu7OSxYL8xPKDkE5xX6U/tofGLwp4z/AGe/jBZ3HwX8T3Nva6Bqoj1PUZtKtF0yeFCftTRC5+0yFM7iqRMxwRhulcT+xT8ZtD8G/sgfC6R/AGpGPQvDd1qN266ppMEN/ZWZnuJb5fPuVcBkAHlOBIxBAXJ571TthYOaqOo5q0ZqL91xWltlfXq3e3Sx40MbipSnGVe0IyWsZSi7JLmTf2bOz00/X8Mof2OvhN4b/ab+JXwS+JesPpWk+D9V08eEvEOva02n6HfaNHmWdtVvY3PlXbxlFijRss6kY4ya37DH7J3wd/aC/ae+LHw48U3Wo3/g3Tb/AFK30a68NXNwVe2ikaHTpb+7T98IBIodHbiWMg5yxz9SeEfFfhr9sX9pv4gal4k074Z+H/hvqNxc+Ln0/wAZarFZ3MslmzWekW0t7nAjiurd57m3jkKmNgT8rc+Qfsu/tCyfsP8A7bHi+41hPA+seBdQ1a70bxpq/gySG5sJfD8+H07VNNzgSvpCuPNZSGkRAQSepThRcZ/7LKrWo0J1YpQ5o+1cbJOXKlpr7vvJPZPW3ROeMaShjHTVapRhJ88040oum5OEVJNSnZpzsnq7n3l8d/2EP2U/g94g/Z28AX8HiqfQfEfjq68MeKpJtZvlj1bTbiBBbG0LErb7ZnMcrxn5kGSRgivzX/4KBf8ABKnTP2R/EmgfEzwade8S/A/xvrJjZ1eW4uvBZmvGMUN1PEHaXTTEVP2mQfKw52/Kx/bD9t/9oT9nn4u/CL4R/F7wR8UPCev/APCD/Fbw5qEFlBcQpqp0fUbuKDUJZ7Ntlwv2SAF5CYyEO4g4xWzrf7dP7LOoeJdX+CXxm8feE9b+FUvgcx295do95bX516BvNtbTyo5St9ZrLtgZtrpKu4EV5XssQ6dLFUMNNylUqxxVH2fLJ8k4tciSVm+eLire9qltp20qihVlhMTiXNQpwlha3NKWk3qptym5PZcz1i+lnZ/j5+xv4O+BXg3xRo3w9/aR+FnhrxD8OPiAS3wl+MUozZNqlxIEHhrxBeY8pCZGxA8jgqxByM8fuBJ+wT+yzFbfabf4C+DbiKKH7QhVBIjxCJpFeIoCro4IZGQ7WGTuI6fyz6x8VdUs4vH/AMCfCes2/ib4IaN4v13V/Bba1D5N9Dp9zcSvp8ml3jYubW6s4zGbdkKtuVTnNfsV/wAE8v8AgpHpOm6TpnwI/aG8USItlbrpXgH4j6i4MV3bCExpo3imcZaC5sxsjguSdsyou9h37qlHFQpwxFPD1PZ2jzxs7rZp2Wt0n7ys7dzixFGlVqSi60eeTfLtFfZ2avGL01VrX1W56F/wTw/Zi+CXj7wj8YLrW/hb4X1F9I+NXiXTbB9RsI5ZbLS7a5nigsISyljFCQoVSACQO/T7F/aK/ZX+CXhj4W/2rpnwv8BaTFpvi3wlPfanLo9jai2046tbLdxzXTIqR27QbxKJGVGXg8EA/G/7Mf7YXwc/ZU+FfxwvvE2sw69rWrfGbxVqXhfw3obJear4ggnublra6tQpMEVg5ZS08skfyMdpLHFflb+2B/wUS+OH7Utve+FtSvJfBfw4m1ZBD4D8PXMiPe26TfuH17U02PK+QrvbB2jU/KMjk+XKlXliJ1JU506XNGV5pxjJcsLqKdtNbLlXdanp0/Z/V40nUjKryNKMGuZONklJpWba01WradrWPvj9sX9t34A/Dltb+Hn7Lvwq+G/ivxrazxadqvjgeHLGbw1oDSkIV0x0hcahqMLEgbWZN+ArE151+wT/AME3n+PU3if44ftHatfSaJeeKba/0/wfa27aXqGt38+25Vp0RVktNEfIWKFVxIhAI28H87fhn4ETR7Gz8X32n/2rqkHiDSW8I+C9KJv5NWuYriOT/S7K2EtzcvKMgKIXTLguQM7v038a/wDBQb9o/wCEHhDVvh34l+FA+EGs/EbV9I0608a63A0Oo+GPDl3apaDULLSIoyImt7F3kjnZUaKQDHzDNY1eIMlVX+z8LiFUzGT5eSnd8vI4uSjo5Sb1Sa2a2vZHRDhrNYU5YytSlSwOlRynJR53oldN2UVeLdvebW1tv0XvND0zxH4y1b9lP9lDRdE8G2qRRJ8dPipo2l2a2Pw90J0VD4X0e5jjMFx4r1W3ys8iu00G52bay4r8/v8Ago78JvhHpfxX/Zi/Zt+F/hPS7PTvAN/oWtePdatbOGbWNXubvXrKOODXdSVfOvL7V0ke4nEzFyhbAPIHs/gf9uv9kv4H+FtB+FPgTx3f2WiC7g1b4jeNo7Wa78TeN/Es6CfWtUubq4QTzzT3HmR2wkkZYY2Cr8uQfzm/aJ/bn+HesfFLVfiB8O/C2tXz3PxN8Ka7ZTa9KsdxqGjeGbb7PHFczq0ksTX0qpP5QwoDDIyOYwWXVpYxznCvGnKnUmlOElFzaUYc7cfiau7LXRWadzetjYU8PGnGrSdSM4Qm+ZOSjGN2qcHez296Vru+lj+nv4oaB4A+EPwz8W6pYeDPBOirovgXUZLVpNI021S3EWgyJG7FkUNMzsMMf3jOQRuJwPwl/wCCUv7aH7M/7MnwR+PnxX+Lmq6cfip4i8fXz6N4et9PS517UdPSe4WK20pmhdYbWbILruVMA4Oa/Pv9qf8Abn/aA/ac16+uPEGsz+HvCrRGG18JaTfyxWTW5iWIR3xjZTeKEGW85G+bHWvz+ttNuPIEpeCDE52rFGpKMXYkgE8FvUc/xHDHJ9ihwzKrh5UcapRVWdOVRUbqfLBxfLzy6Sb1+9NtnlSzr2OI9vhW6koRlGPtYuUIt2Tk4ppOS6Nu17LQ+zf2zP2vda/bN+OyfEq60az8O6ZbX39h+HNKjYL9g0W2hmWF5Yvurd3SlWuCBhm2k9Rn4u8uVFKLJEyfbJY9yuGyzOyhRtI5JxhcEscZBzmqU1s9pqWlC3ukJbWI2kyoTO6CUE598jPsDjJxXSxeFHCxXC33mxy3MkrwqqDy5A+4kEkEMOCCOT19QPssDh5YbDxw2HpWp4dRhTTk1ZKKiu7to7u7d223c+YxaWJrPE4is3Os5zqzj1b5ebSL2Stt+Jj+JvCeu23h6/up7CaK1VS0kkxCfLIAyuikjcqgAELkjg88mvKbKF4NbsMjAk0iUrndxlQQfx5zwCT1IFfQmuWl5qGn+Vc+JL27ghieT7LOQyIxGFjwTjaqgBVA2jggjJrzu08O21/4hsImunijj0STDIF3E47Nng7jjgHOCBgj5dFTxEoqVSnHmjKLjGEn8F46u9r2Wt7W2+ecJ0FJU6VVqChJXl3cY7PS+trK11b4upmI0qWwkUAsCmWJGM5ODnGOcnOSMcgY7Zt7JcRRao8axtI0S5QHDKZNuSCOVfKoc8Zx9CPU7fwZo6WkkJ1WeRgQVjC8BjhdwJIAwOSRghh65Jox+E44NTuLYjz1aOOWMyqrttXPJPO7aOAOmQQw5zUVsPXnzJU0+eyTlJON7J9m22nptfp0vWHlTo1IzdZrltJOMW2pKzSb3u97N99bnR/CnxxrM93s8W+LhpwWytPD+ja1f5mXT7K7cJcWdxJKTmMx5RT0HABAqb4xadoHhrxPfWPhHXLfWdBaOzd7lYkSNdRZVa78p4ztkjJy4kzyDjIAwdHwba/DFLnWI/HmjajqcEd7ZG0iszshXyypuFeMMq5ZfuEfdPIHWp/iPp/w98ReKLi78DaJf6D4WTS1ih0u7uGnY3EUah5/mJ2lm3YAycYXIGMfAPIcbRzatUp060KFVTT5PZ/VW0oSi27+0Urqava1rtpXR9488wlbLqNOVWnUr03CSnJVFWabbmnJ+7KOkXbmetvJHHWGuw6b4k8H+JLW/trHVPD1pZ6hpN6rK6w6lYzie0aRMjcPMGCpAyD1Pb+gvxN/wVmsvjn+yX4r+EPxfttG8G+NNS8CCxs9W01nvIfEt/p8MUUDOgBSzaRYlkbIGxyx3EAZ/nCvNE0eW305GtmU/bbSMvvYExvKVbBHoOyjHGeMgn0+/wDh34YvrUJazahCyxmNRHcSbdrouSq7iGXJORx0PTIr2MfklPMqNFYqm3Vw1P8AdyhUtJt8raldWldw7dNLX18nCZxLBVqk8PKPLXm3UjKCako8rV7yTb957LV9Wz+zzwz8Yv2av2hv2RdE+C2qfGTw9p8Pjb4N2Giu1zfROmlatZ6HFaJK8sr4gubW8h3RElChJPbn5u/4Jry/Afx98EvHfw1+OeueD9b8cfCTVNe+HZvtT12ysL280HTXnOka/przTReaZ7IQsLm3LFWHXGK/l88Ha3f/AAuTSobJ11Lw/G0kOqWFyrvsimyrPATll6nIQhSQT0yK038ZeF9K8T/EHX9EnD2mraNALeMTzQTWN3KmyRUWNlLqv8QZcYGMk4r55cJOCqUqOY1KcazjV5XaMqctL2Ubc0XBuLaafMktbM9pcSU6jjVrZfGr7KKg3CUZJwk4S1jJvl1TfdNeR++Pxx/Y88CfCe30T9pb9k79qLwr4J+Lfhe+1jUY9Ll8Q6e8XieysWkuRoGsLHdZvxcbRbg3SMHDfez1881j9r79n79t39mfx7o/7TsPhP4T/tF+GfDXiQafLeSQ28OtXVvYzLFeeFr6HP2lNRuEUyWkz+WGlwowRX4k6f4k0K50LTrTUUmuHKNI0gkmXcZSTuP7zaSckk9epzWPr2jeAdeitTqWmyXCQRusbNJKWhDkqvlY5A3H7hwOoJ5JrajwdVo8s/rzdem4yVXSM7XhJwbi3zJptPmbt95y/wCttCScFg4xozSjODknGM/dV+SXZ2d1azT2uif4L/FjUvhv8LtZ8P6bc6Ld251eHUreCWOEXvmW58tFjI4VbgKHKA4YEjBUA18q/EDUn8R+PNY1qdUtLvWJor2YIFEEckp+ZIscKAGJJGMEhuODX0P4M0Dw1Lb6hanTLcJb37LFO4wZVjBVMuQcFcAjjJPIz0Dta8H+HWvpriTTrcu8CEMHIAAYANgnknucA9R16/XYbL5qHt/ZwU67XtJpyd7W3T0v2stWfM4nO6Kq1KEnVlCm5Kmkk0uZKWlm2rX0V9tmtl8rtZxQtGZLlAjTuH2/NyVPDAHPXAyT7kj7w9KF9p8sHh4WMEYNrMss5+YhQn7rd90gBmO4HgEEnGSa9RbwP4eWAE21qHZ0kCuch/fcRgNj5sDp36Er0R0HQYdS0y3tra1SMWj+ZGkSsjFeh5GSR8pGcLuBIPzV3vA1Yptzik+VNK7k2mnZ3d7dX316uxxvM6UnFqnJtLS695Jx5XZbR01b00smtdfCLvU4TpHiCySOMXlzeeZFsTkqr5wWI4yemABnB5yM2NPuYYp9MF1bIFNm8c8cavIzSMm0s5XjIYljyT0Cn09lOh6A9tqEj20AdZ9x2wAEhT3IwVwSARwSeozWnpenaPJJA6QQqAu1I2iUHC4DshIOfXPPHfiuWeXy9pGftp3tGyjZKyaWqeja63Wq63Vy6ebU1T5FQpy52mtmk04q93fVNdevSxmfAz4nWvw31rVfERub/StXtI1sPDV1YXM9vLASc3ccjRfPEsoG04AG4nJzX1V+yr+2vP8AAz4u+MfiJa+HT4hl8W3jJqCNfySXkUQLOZZZZPmcyyKHdGbDHsCMV8e2trpph1tkiilWO/uQW8lS6EErlAQxyPm55yc54bNeTeGb6DT9cvra2tjJHJqTh5GIBjBYnB77efwOTkjhfksx4VwGOxLli6mKrrMIwo1oyqO0adKcWoQ5UnFK17R2enTX6zBcV4nCYZ+woYenLAc1SlPlV5TqwgnLq27Pl2du5+2n7TX/AAVI+LX7R/w81T4cWngy38N+FbzXNKfU7q1vJIrzWba3uI2/sRpy4a2t7zb5c8sJ+6xHfjA8T/tk+LPDHxK+EPxK8K/BDwf4Ym+GPg2fwynhy31aa4sZ7O4giF1dyvuJN3MY/MkkBJdmOSe/5j61f2w0NYFm8id762dBBKSTIJASSgGcjHfp1yCN1XZ9SvVind7+5mY25TMsgcbGVVwMtnO3AOT1G4nAzXX/AKo5ThlTw9CFRUKEObkdSbvKSjeUpN80pXSs2+rtbW/z8ON84xM6tavCiq9apKDqpL93GHIoNRbvHTV7Xd/M+3fj7+3p44/bL8Dj4bv8OPC3hnTND8V6Vr97N4cuZnvL67tGlLW900yogjYFt5U5YHuevE+Lf2oPHM/gvwj4LfwDo+g+G/AemappVlcaddyRXs0F5GsbCR1IyWbDMSx4JC8iviX4f6xqfh3WddsrJFhtr+4tJZpgkYO2EN8wbPUljz+f3ee/1q6e+srsPcR3AMUoYmQAKSyksYlPBUAdTk5GDuIFd2EyqhQpSVFVYRSfup2UnLlvZvWSVnp21eljhxuaYiriKUp+wryvTvUcWtnFx5bSSsmr+rS7n318Gf8Agoh8Zvg5p2kyaD8NNAu0tfC0Hh+Ga6vJFS6s43cxXE20EmYh/ndh8+ASxJOfXNK/4KHfGrUfiXa/FrSfhv4X0nxMPBlx4YktXvbiWwks3y7XADLlbhmbAwoAyP4Qc/mHb39tFpVrFdXJnjjsk8tNxUbVHAXacHbjGM4HOSPmqwPFcAspnsbi7tXitJI4l8wjLMGCgc9N3TkgdeMEno/s3DzqqUozm6kE6qk03KFknHTTsrO19+tjnhmGIbUI8kIxqc9OK5r8/N8UbNrmfV3V3qtNV9c/tM/8FGP2i/ip4Rk8PeJ9K8J6Zp763ol1LdWUMNxefbNFuRJZwCV8sIEcDzBxuGc4ABHZeCP2/wD4sXXiHwt42+I9j4Y8V+IfD+kR2elWt3bJDZ2KLClvbTwQxhka4SOONmlOGDcliea/HjWDePZ3cV/dzSEahFMBLOzs7yS7mIXOD8pG3pluOMV7it9Z6dptvdGd2eK0h3N5e5lKxIAS2OTkjjHUjgZJDw+EwVOtNwoRjFUknFte6pJJ7JNvTt/mGY4rGSwmFpSmnKVb2jvfS3I73cm272a16Wtbf9NvEX7cPjzx18RPDXjvxxa+DL2Twpcapc6FaXSfZ47Vru2VFm3qNzzQqoMJxwR/dIavlv8Aar/br+JfxL+K3w98ZaXrelx3fhTS10awh0TS4VgtxcvsvPNbaGuZJIMRtJINx5J5wa/OnxB4g1bxJrlxK+oNHp+nybFjVjHuRhgMfUjPPAHAxX018PPh1H4q0Xw4ulRaXFf3zyyQ3d+2xhJCSwbe3HJGAC5ySScfdOaeBjSq1oUvYRpzUFVbk3ur2inZJ7Wld21bS1No4bMFUw8ataVb2lK8aLjGzk1ZSk0+bmtK1nda6s/QnQv+ClP7QejeH7fT9E0vwvbJa6etit4dPhe4uYmjzJJOGUAu5JztUDPU5C4+Y/j38ffiV+0DP4Zv/iTPavNpdldaNpq6dYwWscFlc7jISsWN8m4sS3BCgjk9fFWnfTnubS8kM0+m3F3aztaRmSMywO6Eqy/eBK5XLcADHXnkZ/FVrqGo6MkL3UcK3c6yK5c7sRYwMcgEjOc5GTk4zXvUKmX8lKpem6nLGMZJRjJ83LGUtNVeL1+etkr+Y8Pj41HHlnG7bslK695NuzuvVPt8nBbeGdE0q2jgGq6lJFHJKSqjAD5fAUAHkjr1wfxNXNHt/DlhLePJHqtylxh9wYj5wCQSEJy2OSDjGOOMtVxNb0KQtAsU5eBpVlJVym5SeCFXkcfxKQckkk1Ug8T2VrPdxxWjmOQBleC1LAgDBVgy4UE9gOnUmvVWIwsJU7VaKUVpebaVlG/VenVPTzOZ08bU15Ksm1Ftcra6X91Qu72WztfW+xRs7LTb3xBfmGyvZYJoopESQlpWIwGd8/Mqj0wA3XPArxz9oGzgtrjwTBb2skIlv5WPm5JZVyxIJGSdo7kjOT8xHPuOm+LorfXJr9NLvmiuIEt1AgMRLgA4BAyc/ex6Abc814f+0D4gbVNY8AobSS2aK4nRUnYbyJCVOFGGUEkZJ27uSMjOPA4jxeFeTY2NLEUpycoe7Fpy96pC9k7vq9Vr11R9RwjhcUs+wEqtCrCCUrucJJK1Ju7bVkrvdWe61e30p4PS1v8Aw5otnOHWOe0E8jAkDdbREJzjOAQpI7evOR+ePx40a0fxxrIlklkile1IXJAklkIGCvG1QGwOMDnjkGv0K8IG5Phfw80UcaOE+yEkj/lphevUEArxzjnIzgn85f2kddfRvHuvW1tbtc38UltHCpG6NJFC4bA+90yOw6nHQ/neXThSqzrTXNGMOWzSV2+RpJX79Fvp52/Xs8i61CnSileVRNN2SSUYp7rpdXdtVfqjkviJq+l+G20bTYrIsI9N04i2to03s8jRl5WC8hwm7liMg9s4Pt+r/tO3WgaJZw6PdWPg+3GjWthKSftur3yxRBSIol3CNiTgg4OcA818OeNNW1m0vA1/coupahYxzyyoDLPFFtBWGPcQI8dDtPABJPXP6efsXfsy/DfxV8OdH+IvjDSJPEniPUry6aFdTYzW0EFvIFVvJkLI28BdxA6c5znb6EMXjsbXdCnahBO60Sko+6k+ia0dn8n5+BToYLBUnVk3Xnq0nblcrx21s+tr66JbWPj2Kf4t/F2Ga78N+FfE+u6dBdRPPr2vy3Vvp8LSyrGkiQybYfJ/eDcEyMYGcYx93fDz/gnzLrUVne/FnxfeXMRt4bk+GPDp+w6aokCS7JZYyrMx6MzHnnvk194eLtH0nw/8NtWsdO0610uxRdPSK0soY4YQftcJ5CKFBPHAJ5HuK73TXuZRFAXUKbK3ClCwJQQR8NjknknB6ew5PZQyqnOrV9rKVWS5Xd62b0va3W27a7t9TGeaVVCCpw9mlKStDXRKLTcrKz17Wst9WfMvi74L/C74WfCvxRa+DPCmkafPFYWx+1vbR3epmQXEPzyXkqmQk4+Yg8GvZfC+osfD2hM3z+ZpdiQEAUEiJQCwUDg4AwCeVyACBWZ8XIrWL4eeLonbzWks4U3H5tv76M7Bn0xxgZ4HIBJPWeDLEf8ACNeH1hjQhdKsd5KncMwqcjIOeSSM9PxrppUqeFrSjGMeVUYTvommn5W0XbW3VaXNHVqYqhCyfM5tdW17sNH2W1tn13Zu28cqmJHQkSlW3IgyTg7EOOq5wScjGOeprwL4PCQ+JviszbjIniqaILg5w5AIwvU4yPuknIx2A+ztE0Y3U1qmQcSIQzIc4CsSgXGc9O/t64+YfAMelaH4l+LV5rV/YaRaJ4zuA0t7cw25cIEJ2Ru6ySBfmJ2AknK9Sa4JZlQq4/D0+eEYU+epUeloxUYxSl227dk9zvhl1eGCxVVwneooQglF+824u6SV9fR3v8z22CPYgYIDIkSdcjBYfeB7lfT2PavI47Sa5+PMDvEoI8FlFCEg7izdAuWAOe+eBjkZFTan8dvChnmsPBGmat461Iv9lJ061kg01JCNoWW9uURdoJwxQsOgwScV4RqHiL4r6l8Xb8LJpfhJl8KW6Tvpo/tK4s45iwVGkk+WO4ONrlSAmARggkZ47O6c5woYSnPE1FVVnFONLRxvzSej01TWhGX5RUp89TFVI4ek6bTTs5u/Le8U3LyWmrtp2/QbSNL0zTLL7V4l1Ww0SyiR2cXl9BauQnzNIFlaNnBGSFVSTkkbsV+IvxY8Y+ENX+OXxdvtI1h9S0eXVra1s7yCN1WUW4XfsOMkFgwGBjaM9K+stX13wF4XuTd/EbxXNrWpusjxprmqvqfmSJHlkg0i3ebaWbpEVwACMYAB/NJPFmi6n4m8Zaxpnh7UtTt9Q8R3DWxtLRba3hjjZlRTBIFKYUAgMMgFeACRXZwvUxVTOZzxdd01ClU5adNOpyuVrK8FK8rPorXbulbTyOPKWFXD8KOEw6qTnWpc06k4wjJXjJv3nBKNkt3o9t2e1XWuaNDaebiVoxDtii+yZaQkdFG0AEkkZ3ZPUnqT80+BtUhvNc8TCLSdVvWluZXUofKKKsh8tGDFeOwxjAGR0r2RvG80iLbjwpqrxJCGBaO3BjZBgRj5s5JIGeR7AnnyzwT4muNE1zxFIPC+o6jJd3YmaOLyoZLMOS3lSMrYKYYKRnBJGfSv0OpiKcKuG5XWl+8m25UKic7wi+sVKS1v7q38tX+RYbDV5UcZGccLGMqVNxhHE00koyj1U7LRLVW9Nr91PJehI93hrUAT0ea4Kkbh8qjD85Yk8jBPAIJFRS2+uiOPyfDFw5kV8F7llx8nyvgkkYHqR83UV0t18VdckQLZ/CqaaPgefc3SKcryc4bjPBBJJxxnnIpzfEjxu5VYfhvbQs6uqtLfDKRspwQAT69OCO/BFds8dS9m04YuXLHZYWo4q6V/+Xdndu976s5qWAlGUeWeATbgnfE0m7XhJ3tPV2Ss7u+9jk/AGjeI5tLuvI0mWRf7SumcC8aMK/mNuRQrDcEGRk/hnNdxD4Z8TOzK2iMzEjKm+fHUE5+bB4ye2Opx0PH/AA/+IPjrRrS6ttM8I6Jdxtqd5M8l/eMnl3DzMzwgbcEBmJBHbcemFr0ofEz4vNG0y+DvBsIc7gzXUjPjoBnywBnggexOOM15GFmnhoNUswnrJ2hh5tayTsnZXW0uW9k3Zve/s4yUKeKn7StlsbcqfPXgp25YaOPM2npa73Wi3OevdA8TxWGqoNDs1CWF6u6Wc5VBE5YsS2Syjtgbj12iqvgrQ/Ft54a0uaH+zIrcWzxwboVeUKjEEsWHPJAVuh55Bxna1Lx38Wbiyura40nwZAtxY3YnMcrvIkLQsJDG/l4ZwPu8jorYxmuT8IeIfifb+HNOi0i80G3s4UmW38+3WWXJlAfdlclQ2cH6HqMUSpueKpxlRx8bYefNH2TjKS5oNWXTt8u2gqWLp0sHNqtlUksRBXU4zinytO7imuay07pN66o7+HQPFdvu83WLW3QjcFSyDLgEAHJT06gnsTxxWPrGmeJX0TXHPiCRLaGwuGYpaJHHNwd0QYYJDjIxj5e4/u1b3VvjHNGgfxJ4fUsvypHp0eQSQSoJBJAIAG3jOeMDNcjrr/FEaHqwv/FOnm2ks5zLBFp8YZlwVdQxwVO0EZxnjvnFZywyjTqyeFx3uwklzvVe6rO3Note3maLHc1ShGOKy2Lc4JqCk3q4K3weXV2V9up6/wCEtA8WTeGPDxt/G2r20T6Vb/Z7S2Xy0gDDIRWVuVAGTu4JIbjBI1rLwn4tOqwvJ408VRB3bzHEziMkHbu+Rz2J+bBUZIGOteGeF9J+I+oaPobwePbixsjZRCC2jt1/cxbAFUEFQQvdj33Z64rppPBvxBJQv8SdUK5IAiiUYDcEjnGTzgDt6cY7KNBTpYf/AISMVVvTptSnXjCLvGN2k6r5de6TV9OqPEx2IqRxFdrPMJRSqT5oxwzlJe/fdU9ZLZu+r1PVfiR4Vv18B+JHu/FfiS+jFtGrRTXcht5FEqZLKWGRkrnC9fTivANM+F+m6g1sZ9T1jmGBm23sipgoGO1QwAA4IAzgbcjNdD4n8FeJE8J63cX3jnXb1I7VWNpIziGZg8a5Y5IA3BT6t7cmvKrXwLqjRQSt4r16PzoopNsdzIAmUO1V2uMqegweuf7orbD0ZwxlSDymU0qFP3HiIrlXM7XbdknrpZ2163OTFz5stoOWfRpuWImvaLDzbfu07xSSVl3dranqUPwt8MxXBgZ9QkJ3rvk1BwPQvkvjnk9evbIxWdqXw+8L2ninwrZwxv5dwlw0wmviRME5CsWf5MgkEAgfxZ4xXnaeBr5JZGk8TeJG27ypa8mBYgdFIcADJ4PHB4xwDm/8Ih5HiDQ4p9T1u5Fx5uWuL2QMqgA/IxYEA5ycdRg4JYkb47CVZYem4ZZCC9vRd1Xi5Je0ho1a6vazb23tZHNlOIoRxNT2mf1a7WHxD5Y0JxikqTtJOUrabq9ruyPqjSvh94CPmveQaSFG5ViuNQRQkp4XO6UHPy5zj5e+MDHzp4gg0aHxdLYW0dn9jXUSiETL9nMMRXhG3Absgru4J69QAdm/+HWjtA7y3eou5R5ET7dcgswJHzfNknqCASOecDmuLtfDOifaJ/tEU+LV22pLLITuOBli2SADyx5znknFaYrDYxToqOFw0E7Nv2nRKNk/cVrffa60OfLsflnNiZ1Mzx1eVnd+z/vR973qklo72fN8nseuaP4Y8J678R7G2um0i3sk8Pb42urmIWYmXuz78eYTnCk5bpwSK+pfBPgn4M6NcaknjKbwfqUT26jT1trm3QQzMeHd1fexTOQoGBnsANvw3a6Lo3/CUW1rFaK1s+lea8buzEuFcgq52j6bcegFd9F4Z8PhWlbR42LJuUeZNwFPPcY919Tnb3HkRybH4x4u1TD0YyrSTVpPrByUXbVX0XVtrtp9JPivJcuWDjUjja0o4eDi7U403TbbXPFttu9739dVc9Q+Isfw50nWPK8Mx+GpdMgd3hKSQyb5Am5sgnLYbJ3cnPI4FeZeAb74fx+IPGN74hn0KGK6+zrZrcQrLGrHdvMOwOeBkHAPbkcmj/hF/DrxGQ6ZAsmWCqys6jPzbSD8pyeTg9TnJHQ8C+G9JfxN4nik06xaJIbNo4ZLdXWJmYAso2kICMjOBz3XJx1wyTGQ+rUPaYa3NyxvFzV1DWT1WrSaeu726HmU+K8qnPG14wzBL2SqOEZQikuemrw3bet72Ttseh3fij4MxCFI9R0MtHkmBNMlCPt9WEeSGPc4I9jiph8Qvg/D5RVNE2xuC5XS5m+UDAG1ouSSRjjr/CeKnuPDOll4mXRtJCqSGkFqmcA53FSoGCBnJ+90GM1K2gaNEyCKzsDIZACi2MW0AruDcjGADuGenUEnp3yyLG8vMquAjZv/AJdS1skna9TRddNnq1ffz3xZlFSpZ08zesNFWV7e5zWvG61a23tdnIeF/ib8PLP+2zLZ6ayXGuNPbsdMldRCUXBISJmQnqF68YxuNdxD8YvhtDdSuUEIMTBEtNEdwueCzFoBnHzDBwcYBziuf+H2j6Wp8RLLb2ZH9vMEY2qMNgQYH3SAM/cQcA88gceo/YtC814vslnEAhGVtE3PkEliSnGMZxkgc4rz8vyjFzpScq+DiuaWjot/aW7c1Za3te99E9j1s34iwNGtTjChjZv2dFx5q1t4Qeyjt5uyvvqzil+M/gK1vLXUrc6gFs760uVEehszyPFIr7QTCBndnaASM469uOu/jp4bvbnxcEtdWmn1LXGubYRaW2+3SVDnzVERCPliwVRgEHOF4Pq95ZaVAYEgeBUS5heX/RY8Nkr6qDwc4AOcYJ6gjyix+wQN45mjYI8euedDm3XLgW7MAp28hioG04wPu4OTXJicrq0sThW8Th5azWkFZaK925N7aLXRpdTsy7PqdfB4v/Y8Qofuk06t3LmnHRWjok731vbdFLQviro2mSXlxeaR4h1NJVCxPaWOzy3jPO52j46YwAF+boTnHReJfjTpWoeHtZgXwv4qEd1ol1BvkgCQxGSBkUysxHyDPBBycfXFT4eX0l3pFwvkAR3U1xP5ssQch/NI8scEqGPIyBxjIIxVr4hXAHg/xNESbfGiznEaE72ETBQvGPmOOOGPftXZDLL4etUni6cX7OT5eWL1Suldttt9FfqktkZSzuLxdCjTwFWSVSnGTdSfu6xSfw+95u6fpsafw2+MVxb+A/Dmn2Xw61jVLa300WqzkxeXK8bY3RZYkKSOCcDJBJ44vn4qawL2OOD4U3sQinM0Y+0ojlwAdzFGbjOcjpnJHauP+Fes2tp8NPCiTSyxyNbuCFDblw4LEbQTlsHgsPYdAerm8Saa92qobtZfMQrJsfkEd8rk/eBJ6Z64GTXRhMFQ9jRjLGqnz04yk2qbblJRdlzJ2au9X5dXp4ea51jY4yvGjlbn7OvOMW1WfN726UX2100tpc9A1b4zfEe58G6rYy/DKK3tJtLvPNuZ9QbfDCyEb8BuTt5POSQQOmRwXh74k/E208K6CNP8MaFFby6ZBDZzy6hcBzEhJDybchcgHAGRwAcnIPc6zf6XN4V1mBrySWR9HnRV+ZWI8k4UqQAw5BA6g549fONEvIV8GaFaq6vLBpJCB5YgUYo4YMrMNrAkEHORjO0jrdTA5dDGRcsfUaeHld89G91KFleMEo6X69t9DOnnee1sDNRyuFOUcZCnrRqu6UE5SfM9WttLW8z5c+OHxo8Q+NEn8K+KdKtVe2kPmf2bO0juIgQhDyEMq9seuMhq+PyvhKCaJG0S7lljUFmkmJU7X3AEg8k5x8oJAPIxwPdPHPhLxBf6zf30Jtg89wyo3nx+Z5Ichg/z7uR0JHJ7AZNcFafDPWftknnPaOHXOWuQcE5bCgsT1zyBjP5n86zVYJ4io/rMmlNq85rm5E4tXdrtu127W6JH7fw/LMFg8PzYVKVSlBzUYKMU2oysr3971va23U15vFejRWlhYw+GIfLhgMwjaZjtYjlmHXnjr0HIxwVr23jLTJMJL4YsQFhYKN/AYgDJDDBOMHt04Par0vw31qSWGR7vT7aPythL3URJxkAHktyOowevOauWfw0t4p4Re61p6qql3WKaINuOTkncOOOhGeA2M4YedCtlyqRXtG1oneTSd+X7K0eutrW7XWp7FR5s5JwoJLRWlGPvXcXfV32tZ280rb5M3iKSOxSG38PWcDO25WCB8K+7DYKg4IPGT178ba5Z5dSa6haLTWEUySPNIqrE+SSX2lQTz2zljgDAr3BfCvho24jn8QWNuyIyu3nq5IVgQuAcLgc8DPXPqJtR0vwBbaaZG8VQtcxwiJfLYHazDoRx0HBGWPPTJYDRYnBRqNwcpJKPLaMmtOXe90mrLbpu1exzTweYV3H2ihTSV5NKKuk03e9tH1str3R4+t1p2tra250qU3SMI2kWQmRY0ONwx8ygnk8Afltr2DT/AABpcWk313fyf2akdmT5YGZ5GkB+Z5Fy3LH5lBPYHvXBaTeeBdDuTKuuPc3Ll0ZkhB+UgN8p288YwQBjp0AxfuPiBos7zKb68ntxhEQqdhVeFyp4OByqk5BPXrUzxE61uShFu8U7wtZJJJWTT6pu+unyd0sFDDzm6laTlJRtZ2jZKPSNlppdKz7O+i2tI8OWFvB5WmxG6SSI+dcui7kLHoobs33cnb65yTj6OsPgx8PU+H9p438a6rBaMWkGk+F7Fo5dR1K4jXMbXKA7oYZWOGZsDaSRXyZZeNtDt7pI0m1LyHAMoWMjzCpDBDjHy54IIB5wMda9R0qeHVrMXJuNYNoJVCSNHJ8iAA+XEpwEXj5mGM/KT2xxY6WKrUVClU9hSU17SEUuZ25WlC+qi2t3zN7dFbTDU6Ea0pVKKrNx5VdpqEvcs0780k907vW92S+I9Vs5/Jj0fw3ZaSlvGqQwQW0QyAdqtK5Ad5TwxJySfyHDtpGpXVzY+e1ukd1qFsJ0lC7Yo5JgJDuPRNue+Bn8TDrGs6Zc6jMLf+2MWxaNdoceY0Z5YkHHsByB1JPQ4ia8zbi2nahO5k+VZZMI2052nB4PPtt5I45rjqqE6FSLrT5503TU42jK/LFNpavm1V218r7unh6kcRCUaS5OZPePLpa+zbu72vbXq9bn9AngPwN+yno3gzwzb3nhvwFrmtrZWU960uo2zSXUjQI0xmZnLK+8ncDnBJx05j8U/Br9lbx0UvLPQ/CXhC7tHyq6fqsLxqwYEyzRvIFkK/wryD90noD+Adp8QbzSrtVj0aaSH5laSW8lGwYyQAjHAHUKMcewOew0vxNq2sTW6W9rNb291OoeV72+ARGPUhUGQC3QZA5wCCQfwB+FWKy/GVsyjxrn1apVxNWvKnOvJ06aqS51TjB+64K9lZbaJLY/SK+cUsww8cNLLcFQjGEIJRgoylKMbKbapqpzXs2lLWz5nsf0R/C3w1+yD8MIdRk1jxf4V1U3JiAe60eznmhljXlEkRWUDIK5QkbcnBJrr/F3xn/ZA0uCe2hudBvrPyvPjtZZZBZvOUyqi02CNYiT93PGQBnAx/O14o1C08PeHbmW0XxHdayJ1jid7mZNNDE8sgLK5By3O0HsQAcjxm38XeP7tWU6XLJglTLcSNMoC9B+8PAHcD1OOS2fJ/4grh84xVbMMbxbxFKVWacorEckLe6nFRj8KfZJLW91ufS5dx1j8lwlLB4HLMqahDkjOpS5ndpJuTcr9U9tbX2ufvX4y/aA/Z2vNIitNJ8P+GLRi00MsmlaTFPMYJEdMYlTbuIYsr4yD3zkn4J1HR/hddape3en34t7G9lkeGw+yR+Y0jSlgZcKSowThRgbDkDFfFHh/W/iJeXEtnGltbF2BQ+QZQWYkAKUDLkg9MbgOo5wPdNO+GvxjmgiYXen2cqwPfI0lm7F4trSAZEZIYgEDJwMnd6j7XJuB8r4UbWFzfGVOeEYTWJxXO204rTm11Tur79NEeRmea59xFSUsTgcI1BtxlQo8iV1GLSbdvTVXdrrRH6F+Bf2jh8N/D48N+ENI8P2lrJbLHc3UWl273byRYVXkkmjHzEjJB+Yev8AFWFqXx0k1DWdW1rxA0Wo3l7ockULTW1qtrbMUKjy4uFWQA8Mq7lAzk5r8pdQ8efES0vrzS7uTz5Y53hdSi26t5bMCcA7gWwDyOc5I9MiDVvG+uXJXzpUWFiGjW5eTaGIG0Rr854/hxwSR1Fe3HhrL5zli5TnL2rUpVXzJWXLd8zbivW9kk1tt42FzTM6bjh40YqMEoqEYtNXaurK6XV6tdttD9Pfht8etK+D+t2ni/wq2mweK5JDcHUAQ89tMJPkkTaQFbadpI+XPPQHG/8AGv8Aa21H9pbxBpFt4816O6k00QQQTRx7pIQzL5twW6eYMNjkj7vIGQfyuvNG8WaUy6hqsl9Y2jYInntJYklLgkLEXUAlicDuc9BjNV9MgvJbyO+s76+uJDIS4tY9jqB0BJwAXDEHGTnk8DFZf6nZNXx0MzhTVXG0qapU8R7spwjZJKMlO123to9ddmy58R55h4PBVGqNCUvfpOyv8K5r86eu7W2yto0frvp/xM+Hvwx0DxFD4LGs6zrWq2Mdq+pSzeXbAsiiTcu7hQw5VQVAPFfnP8a5pPFfiiy1K9ht7q7vrRRcxhw6KqgsiKM4JjUkszcjPHJrlYNX8RCKeFLa+kRs5E946EMe7KCR0I5wM85GSccPqWt63aX6z6pZqIYD5UbrI7MkZznD9d4I25I9/TPt5BkKwOMljIKpOpN2m5uUm1ddNrdrOzaXkeVmOdVMZR+q1KsZQt7jT15pb6WtptfmfXXS6xta+HGpWsEuuaWbvSow/wC6ktJWjTYDt3DY2Qoy3QHrg4GRWH/aPivRIU/tGK28Q2SOS63UYkmKlfvLIwL4IB5LZPUECu/m+JhvdJOiI1uqIxQeY2W2HIwVYA5AxwT83IO3muUhvbyeUwyR+ZBcTx7SMOoywGE7AA4Bzxn0PI/ScIqc21K9OafNaMvdTfLry6K7t3d7ppn53jKeIo1ZO3tob7JtPTRSu316OzS1WuvByv4W1eTCy3Hh/UZJm3JKo+y7mHAR+oHP3vlAXOD2rp7TQfENjp7jTmg1OzZdzSxSI5KgEhiq5cBh1BzkjqCcGXX/AA5HPqCBrMKsknzp5aowcLhSG7g53ErkbiCTzWVc+Htb0YCbS764tVlRsIJJFwRnapTcQc5PBGOMY456nCooc0be60lKG7s1um1r339NGcVOvRcuSpFx5ldxk2+z3spLVW1vaztLZKs92IPtT3Vs8UrIULfNjdtXKgPgqQ2Btxye55xHpGpafNNZ28zui5ZzK5+UkYbkAEEAk8j8TwTTZPEWtW1t5Gu6XFqUKuBJN5QS45JBJZVG4jnGSMDuecdH4W1TwhdSCM26W87wvGsN6pRVkkJx5cpUgFecEAk89CTWUqsuei5W05bp6NyvHR6rRtXWmuluiKo4WhOlOyVpS15PfXxQei916pfy3831Lq6gn3CJlMCSlI2UZ3OcAZA5BzgZxx3GOB7F4Zj1O4063t49yQzQhJNoA3DBxngYcEnjGQhBxzg+RQ6Isms2thbL5guL0eVHA3mRujHGSyHhg2Dj0AOMjFfcvh/wJcaXpVopsnmUW4O+OJsK7LuALYALLjBGeOnA5rOdaNSpGNW0bSjrdtPbmb2ldJ6J3dr9zSpQjRo0403JylJczautbNtrol5rW2x8+L4Mgk1n7MWEUYhYNNLIYcOc5G5WBJbnIJOCeQBW5H4K0qDZFcNZygs3zLe4IUHOcmXrxjnHYnANZ3xEtbr7JdosklvMl8y74iwk2DAxuT5sDGCOwGeua8BuUu1ZVF1fytuIwJpCvJxncxwBxz7ZPPNefjsDhHVVX2FGo5RTcpxg5JXVlzO9raWd9Ne1j7DKcxr0sDGHtKkYJ35U3FRXu291PTbuuifS/wBLjw14ct2iAGlhGLKwlvFycgfeG9gDnd0Jz82OTxabw/4SdUae50GMpkbTdDOwZBAAfgn2JIwOnb5UawuGkZpZLslQ21Xd+T0AJy2MY4Hb25pg02XcWKTBGBIy5PTPXc/A3HPCseCOwJ5HhsPZNUKaimlZxiu17qz92/n52vc9JZlPlvz1Gns22rOKW6Wuum6b2trv9US6R4CLhjqGjwKiq3ySh84YcfM2Rxy2AxGQM8Yp6R/DtCFmvNIVQNpdZRubnOc5GB3APcjJHQ/Ky6VkHJG1gOGcDcCeOrtj3HfJ+6c02TTlIUs8KYOGXeDwOAepyAOnbGMGr9lRaS+rU9bX25dLa7dvn1uZvH17fFUav1bWlobdYpN/d3V0fWAuPhjDI3/Ey0qLC7gDiQ84xjJwM4H5/MueAxtd+FkcQRtQ0yM5YM0MCNknA5JHXkliM54PzZr5RbTrbBIngTJTow3DHXjptHbBGACQMEEy/YrSJfnmgOCckjcWyAcjaQMDd+JBzleRUVCnK0aGGS0s3a9rR7fE9L7WtfRbmbxVWaSc6km7J/hf4rXta637X3Z9NP4r+FUGI49RtpDkF2S1CHnOfmVTu4yM9MgcnNRP49+FlvE6RRC4kUlgywsSWGcAZVhgHntzjHTI+aUg00Df9phJJ4UKAoXIx14DYyOuD0AGcrKv9mqTi4RSFBYhFbduGcZHfqMYXjryedfa2uuSglyqyS/w9bWvdXbs2r92hqpVevvJa2u79tbJWu0uys73t0+gY/ij8OUjAOkXMpwchECcZ6/wnB5xj8jg5dH8VPBKq00fhi5fbkYc4BBHHU85z0IJ65K4KjwcT6PEw2yKpxywRccZHBJBGeuc8n0HNTR3ujlsBsbCw+dhtJ46ZDdzhiTycZ5wBLmpW96joktEk1rFaO++nRWte1loSlUulyybTfXVrS1rLqr9eiPfF+NHhiMkWvgqIu3GZHIPfPdu3bJ5OQMiqj/Gyz3kJ4L0ottIBmJYjJ4Y5HU88ewI9K8Um1HQkXIjQvlQdgI+YcZC4BPB644wTwSahbWdIVSxiVwW4IBV+5J6E9iSx6Y49s1Wp7OdNNdoxtpy76LXrur9XdDtUTvyu7tu3bS2+l+vottL6e42/wAcrq0y0PhPRRkjEboCoJOQcbRyCefw9avv8fNYmDOPDHhwBh5YP2SNsAYxtJTcPbnvx7/Pw17T2YFbfeu3gEBTgZ5PHHoCSM8cBearP4gs0YGO0j2HhmcgqrE8ZHJBOcdMckEAYp/WoK0VOCV72slfazWiv10WqvexSpynvF7p3vq/hsn1Wuze3mfRK/HbxNGMQ6XoMagAjbp8bEdV5AQHGTgk9T1O3ktb48eMCAI4NGUhWwqadBuBHrleR0wfU8YrwCTxNEVIihiVhglwOGXGcE/MAT+IxkikbxEhPmCGMqRhmBAUYOcnIG3kngZ5wc9hLxCvdVG9tlttdqz6aX7d9hezaesbbXV9UrLW979tH5LU9zPxv8cuC63OnQsWI2x2EAK55JBUcEHoOgAwV7VQk+MHxElQuNVKLu/5ZQRRnqcY5GGycgg9j6c+LvrCFSIY1wWDMFCg7ic4LNtIwRwwIzkHnrUX9vDK7lYZZgQSwBJGOF5wcr1PU+nePrbatKq2kt9bN6atq6bTeq7W6Jley/mSVle26eq0vqvl17tnrNx8TvH53NJ4hu1Qje2wKpJY4J4PynHfJ+ozis7/AIT/AMaSSgy+INVKBeq3BG7327jkA85BHckg8ngJdWSXHkgYwqsrHJb3I5+7zyRg496YNSYqXO1lXacEYOQB90ntnhh3xk8c0njNbutLT+82rJR02T6K1ldWdtzWNKytFR1te1m1blXTzab0vppu0eht4k8WzIXfWtWYZ+693IAc9CMMcj6KBnt3qrNqniSQh5tW1IDAwn22Ukk52/db8eR0HrXExa5IzGKU7VOTt3PxxgEH0xxtJxwcdqn/ALfZEYgB14Cvu56noe6jHTdlRn6Vm8XFtfvaqT1fvO11yrblT22tZbrRFKmoJ6R0t8XLZPRvVRT0Wqeiflu+xVvEcuwC9vzu+YFryXIHHPLYH8IwQOevUZmk03Wr0pJ9vuhOuY9k105LjB7hht9R1GcLgg1x6+KLpNm4AqRuUgkBVVRkcYzjbg9CTimSeJL/AHrKJCQATkOwYEkqATxuzuA3E4DegxiFiKaUk3UmnZaylfW2t9/d6N6+dh8i0uox13UVZ7eVlbWzV3q+9jsBoGtRsI7iSZmkJdWNxIFIxxtJbJAyMZx14zipJPDd4w3meSUqApTMjHg5wc4A4yST+PXjlV8R3d5EIbm5kRjhYJVZiUPcDOV/QZxn0qNdc1i0dw93KEB+QEbhImevcHJAznPORnjNCxFCFpSdVx03nfs3fXdPu3sum2kaHPZpJtO693bZX0dmk91p3STR2ieFrqRUdnUcEBNzZx1IyN2ecEcnpwOOJo/B8sjZYFSD0ZRhjkZGT8xyRlcn3zyc8ePEOqSKxS6mZSMFBhcHg5I7AMBk5yDnkdga/qhQ4uplULj5XzvP8WfugAE9AO3boM5Yygv+Xcm76NttauNr6vy27W1trv8AV2mveWjjsrNvSy00emq79n07SLwbOsmFWMA87pCq5AJBIG7sex5xzjK4rWt/BjOTvlhjcgYBC7c92zuyNwI6k59fvV5sur6lJt3XVyo2gr+8YAk8EbgSeOvAOSe3Iq22s6gyrGbmYDbhmMjHGe3vx3J9MDmk8bT0tR91NXTe7021fvJ3799kOGG0a5ut1daprlW+6t8umqs0eiN4IZdzm4t0AJ2t5qKrEHGQqkjPvjljuzgnLz4TtYwm65s43ZRh/OHIJIPGV5xzkABjghhjjzWXULvYQZ55QVVsFyo+Uc7fbPfp+NQtPdMFbc8gxuALE7W4AI7seOAQSvXoBU/XFe0YW22u+W7ju0tNN7Xa38y/qvNZtu611Wqu152TsreWl9z1i18L6fKjYurGR0+Us8ygAnoACcZGMkknt0IBEv8AwjekDAkvtOiZVw3zq3PzL1HQcjjoTjk8geTLJOu0bmLSYxgtxnIXOC2cZ5O4ZwSOMU9lud2FBfe3zHdyBg4PXOT0APSsZY6XNbk36Jc17cr6py1ut/XSw1hIXS0aurvlTd1y6d/z3fRXPTW0Xw8jKkmpWIEXzOYwpyDg9P8AaHfryCOQKFsfCilo5NVgZXBZSIgCoxk445wBgHHy88EggeXi0ut+DkhjjLcgHOGbkMSBzkfQMcirAtpiSoRSRkAngZHQA8EAkZbJXGBlhgZI4qTTXs97NPlT1aT1ju0tndrXzG8HTTT22VrK1vddrJc233PqejPbeDiihNTXAGGbygS6nOARjgjHyk45OQOMmill4NOcXbu7fxBdox6klcD25/rXFrathQ4AKrgKqkhiuTxgAMoGOwBAyCBjEnk8jaX+YjzCAcKNuSO5AyODg52/QhfXZq17X2tdK9+V2Se2q/NJWdmnhqbfw30STbS6x01ta93119bN9oq+EFBjMjyEgKpGSzkDA4xgf3V5HT05E9ufCTfIqyn5SG3ctnHHY4HXj1yRgiuNjtYgi5JUp8wbB3PngDPUnptwe/X0uQxorEoQu1cbgAMnHAI6k4PXuTg5xVfXKis3JWsrRdnta2l9E0m77a27NtYSmn8KvprpbW22nS2uq6J6LXpbmXw/CyxR2xkCkkkcHbjkOCOeMhuMkc9Ac1hJoRVXTT8lDuZsghwMfe4z747EH1rKkHyo5Ub2yN2R82RjkHnjj9PoIlRMGJyVfBCgfLktyFGCQ3GMdMc/3at4urJe7fRK8VorNx76R2Wl30srp3UsLG7aine3LZ212WrT1b6K9tNNVfebUNIRgIrCFjjcxA4UAk4Py4z/AA45we5JNRyavbAOosYCHYAE7WAGMAL056gdyck8MSeaaJklYMpQZCkKeJAPXsT6dew57IIkDlslo2LYA6nBxkjsfl2tnvg8YAB9ZqN/FJq6taSfa7tvo9N9nsL6vCOvIk3eyW726tS0SXbW+mh0q6miAbLW2TDAcquCCMYGQcEngY4B4PoJDqMj42WsCK2AcABeOig5yCSSc9T34BFYcUYdtmcYUNsYBskY6n04AxgDJPTmtMyKsaho1GcBRIBu3EHBcdhyCCOnHTiqjiqraam72SerbWsU3Za6LRNr52GsJTld8qSTsn7tmrpei2va2l9drlk3dwR8kUKK2eigLwMYwVIUZB4xng9MVB5t05HMYVVYllVRz0zjjJHI4wMdcnogaTey7127ccD5TxkgZHGe/Qdc4yKWTCqAANxZRgZ24IxxgcjLDjowYEjvR9arKSXNL3NdU9tNFq3Z2VlbXsrMJYSlFX5VstbJXWmnl03Sb1abtcrSGQ4YuCc8kFVJUnIPVcdF4wM915wUC+YoZ4ydxYiTj5mySD8owo6cHqDyakaNWk28h9hLd147A9snHUKcgZ6GmBWjXYAwJYDnkrnj5R1I4B79ccZ5UsVXk9HLpd3aWji9t1v1WtrdDOOHoq2l03ok1pazd76JaaNPd9CJoLfkMcv8oVsk8nnaMjGSR1PTqegy8W0K5kwhU5XB6qRgZJAye3IOOe+Aam+yTGPCBcllAbI3HP8AskDIPPOMAEc5FTJE0JZXAJA3AOGJZtwPHY45B6EDIHPNZe3rvecnKVtrq2i10b9GmrpXs9LmsadFJpxSstL6XlZbu17aOz1V7dXZ58VvECWZEHIHTDevyn6YDHpj2rUEVsRkxKrgZ3t8xORgL1+vXgnK9KelvHPvmXAC4BTacFlH3hnGT7Ed/TmlICrkqWY7Sdp5xjo23GBnkjAOM4Oayk6jtzSlzXbsnta21l2Sv10e2jNKfsY21grctlZO1mr62XXW9kvTQatpAQT5S79x3KQ2Ng5JHPOMjLA7SOQQBxXZg+MQKYgVVcn+JcqTkDkcY+mDjjIvwiWQ7QvAByRjLAYIJzycng45A6H5sFzwHBXYSx2nYhBHcHjggZ47ndtxnjNXqxbTvK6916rdrTvdaddbO66lVIUXCLSUVda+Wj0skurs7bpGfHGA5MkUYQDbyN2wn0IHTsM9gc8jJe6cKET5VOzf65JBGfQjjkcZ/PWt4YmADZQBmO0gE/L1OOOMnoT3JHFTLZRFHC5AMn8eSB16ZJySDxjocY67ac5VZLWLTS0u0tnFJLTWyvunpZdyIxpQty6qyV2uyWvbXRLS9tnoznnj8wEGNdoYszAZG4HdgDPfoAckDgdyMttPiEiOse8lyQWBUZPt/EoxkcHIGAMDns2skTcqqxUFQCMbc5ycf3iemRxg+1VvIO7MihDlggYZIBU8hjkAHGDuPrnI6ZuE1G6eq3Vou9+XS6aWm17W2ulqmcrumtdt7/3bJ2jbS76O+tlYwhAmMrGiFgQVUHGVUfMc4Xrzz1+oFQS2UIDZYktt+baFwQc4wRg98gnHQY556PyFEwIJxtIJwWXcRgqC245GFOdw6nGAAQxrUSDaSxYlcAAAYz2wSRgHp1J7dMZToyT123d3rfTttva2l0tGbOUUuze91rb3fwb6Kzsu605mC2WEsuwspJ2bi3A5wyhiTwMkjpz0zgCU20boVCjapwGAxgk8gFlGOuSvT+IcnA6RbMNtDDYVYgE8sVHJ65xz8uM4xnBxxVlLIqG2qq7iDtwcc5y+B14znOCCBnPy1k6U1P3Um+XV9tr7at20SW/zYKStFXu+t29fhTXR6rZP1OGkt1VeI2zu2rtDAEhhyy4xt4BLemD9cZoCGciNi+5twcnDEgg+pwMnrkE/Nz1PqMuns7ptAKkBQRyATg/MDkZJGOemT26VhowLhnQHeDl9pO0jjPA5znOeDnB+mSjUaStZ3STb6aO8ru3RrXVO+z0aklLo3fd2Sava/XS6T69ErnnDWY+Ro0AJUDAGWUn+FtoAyP4SOvXp1mgtOT8iFgeS2ARgc44/vAEgZPqe9eiR6OAVKoAi5OQPlGcZz7HPDdMZOeKtP4eOwlVG5wAoRcnOemMcdzuxnr7kDpTbVrp6N3vZO0b2lrdJ6d9NNhxUY7Rjdp6Pzt+PRvp0vc8za0kk+ZgFUAjAUbiScDB9fUYGeuBVq3s9zfdCsdoUEBmYcYJxzkAdvlHftj0JPD+5lV+C3GSpGDg5XGCN3AyR1xgYPFXk8PhFyFbKA42jBZgdoz8o527unvjHAqXRq7aeV2rJq22ivouz2W1nZuezSitu19LW1e9vLR23Wxw9taFQ5YBizBVOCOVOSADjrgg5GRkdBg1d+yKzOzg702gnDcAngZ/i65Uk5yDjPDHuYtDIiLMrOQFY/Ku8Hgsh6g47kABgDzkCp20rYpYIu5kGQMbhzt29icggZyTnPHJJUcPUlZvZ6t20vpZqzXvd9L7vW5tCuoxSlZNL3Xdd47vdaX2utNGnqcILZlYfLvViWGflG0ZU56Ae+4dckHvTXtxIoTbhAckAc5bPC464A6g55ztIU57dtOyhJQlgoIPHyZ4KnvnjOfvHvyMVXksERF2DbhCcg5JOMjIGQWJ6gHPJI55p/Vqrs1GSWm61SXLvvbdvS6vays0yni7Ky6eafbbW9vJX2aZwU1ptAi4JmdgOeip1x2GAD7DB4HWsybTshkC7slgAOAvTGSCMDPOSSOD0Ga7ptNaRi5XnJYFSAQeflJHPzAdfQZpw0hHJcyKmzGFYjOSBnJ5YgfVscnOekvC1dLJ3dtLJ9r7O1r9fNdbmixd0lKNk7a2Ts+ZPW13re+3W3RnmEmnpEsmURjt29RuLdjnrzgAkdcEcCs2a1fy1WNSWRW3DgsOMc5GduMZ69R+HqlzpNmrjZMAxYljlSvA65AwcewB7dOazJdMtNyEzr87E/dDZJ+6OMk/LgD25wMDIsJWvG0J+bttfl1bVrK1rO2ll5hLEUeXWUY2a8usbPe+vnvpvqeY/ZyqoGUCQ5UqAWJ4Oc7gNxPIHTHUDrmpJC2WMinBJC4Ayo6bQDgewJPU53cAD0m5020TaBG/yE8qjEt2znkgDpwo4ztrJmt4A2TFMxUtuJVhwAdzcAABQSQOmRyTnbWkcJipJ8tCo7rs3a6itX136bW+RLxGHX/LyKvaybvfRWte34JWfZu551MgBJYOADjaAV47EDvkAlh8xzjAA4PL6hEsjNlHJY7cDOVIyMMDkNnHGBx056V6DqstrCDKY22q5QMzKADjIzjBJAzjq2OMAAA8g2pWX2hVlQAK427gMnJHUDlv97suR3rOeHxNJNSpSitHqnd7PS2vVXs/R7gsRQnb30vNdrLbbfq2k0ut7mn4Y097aeKaSItsCPGrKM4zncTyQMcjvg8nnI9YXUXXdHiNVZcl8YKjjPOF5AOAOh59K47StRW7uFsLBPtN5IUjhhgR5Zrl5m2xwxRqrM8rE7VRVyewzkV6V4h+Gfxe8O6LJrN/8KPHtjpMcHnNq994f1NLKMhPMLSO1uPLTyyHG7YCjZxzXzOPqXrKNZxptvlgptQ/l0V7a3tdrbbVbfR4BJUealecbJtwV1pbsmlfrd/KxyF/qQto3naeMR4yxchFCgfePI5J4IwP7wOTg/NnxG8afapmstOl+07mYSuv3E4ZdqZAU9fmIboMEseK6TUtI8deLiwFlq9npUXzSXMOl3/2Yx7iPnnWErknK43A44xtGDDY/DjRtPiS+1O4nndGLRWcsEqM4Vsl3WRQ7ZYdSD1wSTgjbCKhTjzznGTTXLFSvro7Xule9tG9O6OTF1K9e8Y0pxgtOeSs3tt5N2vro9bnlGieG9b8QyxxxRmK2VR5txsKRhSRubcRnA5Bxnt1HNd1dtofg6P7HZSC71HZiS6T5thwctzxhcFsc7ia727ttTv7WCy0eKGwgd1RY1ZYpXAOQAFAY7sDIAzzjI4zq6X+ztresSRXN3dOiSzIsiRRTSNvYAgO4UKqBCNzkkKAMlcYraWPwcJf7RXpxV42gpXbbsru2kvS0Ul+OFPLMVUj/ALNhqlSVlepK6ik7d0rLby9T5rxrHiTUHis0nu5pmwoCM7kYO5gox5fJ2qcAYI5zXuvgn4EXN/Gl5r5khiUh/sqrhmwRhZP7xJ3HGWIPbivoHSvBnhb4dsltawWN/rDzpalxKkkouCwBUuu5EGTt4OckcjnH1J4B+BXxg+K9wtr4L8Da1qbRmKYCzs5ooZQ7BV8uaSNElG9gGaNmA5BOBx5GZcSYfCwTpzhRpJX9rWlGLdnFXipPRbdbu+256uW8MYnFfHTnVqN606acuRJrRtXXe6+eidj5w0jwXovhy0dIrWK3iC7QiDExDKCCwAznOBjr1xyBUmEiswlrbxiWXcYwoYu+3OGZSCfXnGck8cgj9BLr/gnl+1JOLh7v4a6yJ7Yxo0SGIuZZVIS3jTeNzgEEsRxjPArU0L9hv406BFK1/wDDHXxLb2081/qN5BHHaaeI2+YPJIVhV16MA5JJOAWNfM1eKsC7VY4yFafu6RqJvo7PV6O97+btse/HhTGxXs5Yd0oRT1nG17tNXe/To9NtND8w7HSby4us3IaO3LhJS4KklnG5YxgAHBwDz+fT6E8N/D+ya1hmsbANmQqtxMjAyAgs3lnb1UZGWHPXAFekX/wm1lLqZdR8N6tYQ2l5Isdx/ZF4tvcTxOQyrcGJUkyQBlGIJwBivXtH8N6lbW+mbLQosiyMljNbvb7PKiZTNL5iLsyAW+bB5yOavF8SRlCkqcuWbcdOZu6bi907vpp33Hl/C8lKs6sbqCk03F2VrXa672attrfRn5X+KJkHjjWbQlxFb3BhaNvlBeJwjZ9hz2579xV37SsDSAGNQ2wKVUEhMDgHGTgEqc4AJ4HOa5rxtIz/ABL8VLJlGXWL7Pl/dLCcgqjA8D5cA5IxluRQlxCsM00rsm0bRGCGYlcDOR1yRknngcHPB/pfgyTeW053UeajCWjt/wAu4tt7NXctF11su384caJrMZU43cYV6iVrJaStql8tL9dNtfA/EdhPe+K9UZA3lidndvRcjJ49c4xnAwOnU60mlqunWqxgNHDK67nwDkgfMDkZHHzZO7J7YataBG1LWtQSNCBJKuZW4OwnkN0646e/IyTXfyeD9RXS4C0BCOzNGm1tzYzyWI+YHGMn5R047fA5viI0szrRUrJ4hrXS95xer10u7p69el0fb5LhJ1croTUea2HheybWkEnd9ubta9tG9T9JP2X9Nhl+HXh+Oe3E0gtZCrO7Kqq/IxgjjrnI7E9CDXoHxkgs9M+HetPBbWW+JRIyodzOScnPZgAMhTxkcYzxxv7OqTw+DdBtwSAun4cFmALDPAAPPy5JycZH1rp/jTZNH8OfEYyHklhByUyM/MoCnrk5yG556n0/pOErcN4ZtvTL46rS96VN62S+J9W7/cfyfUi5cZ4uGivmtVXenLasmmktddNNHrZrc/HrUL+81DxdMWdkke83O4dgUXA2ooydqqOMYwvr0r9tfhf8J9B0b/gl/wCIvin4tvrttZ8RfGfRNI8LR21w0bRvZX9u++5UHfMkrEKFlJRBkjPf8VraxjTxg7TrLsSYzN8uAX8vOD83K7j6YBPBHBr+rf4c/szyfEP/AIIoQ+I9Pkht7nw/4zTxqqTZP2mGyvIGIhXkgvz2HPA+Urt/njjWq8NluHqSvGFXF06VRp2fJKMpN23smlorL5n9N8F0o4jMqkI2lOnh3JJJt8/PTitOi10a1Tv5m3/wWPvDH/wTq+HsBbzJLjSfh6rrHxgLZwZBPOeeSemS2CG6fxhX4jju7jdEVY7SoUqTgKMg8cgjaTknk9ew/sT/AOCyd7I/7APwxZnMaPpfgKDyyAgZorG2LFec7gfvLnvzk8H+PW9eJjLKwztwpK8ZG0AemcYOTjkk568/n/hg3PJ8ZL7MsyxWul2lKNraLdW1tpbqz9K8Ro+zzbCp25ll+Fur2snFt9b7rZu2110PPpFjaVm2j75OBw2Mt6++ANvA4B5wKu6dbxXM8MLKqxvKrSPkfLCpDPweP4RweuccDiprhYlYiOAhix+93zk5AGe3Bz6Z6HFUGLoxSPKuyk4QY2g/eJI4HDdz0I78V+luEORtys9U7bbLftZ9La2Pzy7clo7Xu+32ej8no+l7dNOt8Sa7ceI7yx0mxzHoukKttp1ou5YvMwFedkXIMjsCdxGTkdSST9u/AP8AZ70nTdFi+KHxd1KTwt4DgRpbWFFK614ru1GRpul2x/eOJmG1pdpVEbcCeK4z9m34K6YYbb4n/Eu3lh8KWU6XGg6K6lL3xhqcLbo7aGJgrfZN+DJPjaQdoJPFffngD4U+Nf2m/idaHW4zp/hHSGtxDYWsYj0nw9psJXy7CxhXbC15JGAk0vLglsnjNfGZ5ntLBUZUaFVU1BP21WLbaeicYNq0py2u78uyuz7XIOH6mY1aVXEQdTncY0aMk9rq0520UVa7Ta0Xm7+6/s/fAPWf2r7vSdY8TWf/AAr79nTwdqEbaH4Ast1v/wAJAYGGy61Yrta+upwgaZpQwUsVXAAz9bftafta/C39kbwbD4N+HOmaVc+NxZiw8O+GbCOBbfRoRFsj1DUvs/8AGpCMqSAO2DuHXPgP7Sv7Y3hL9l/wUvwX+EL2Wp+NobU2Ms1r5Ult4aTaUDTyISkl853MwYko5A4wa/Azxl4y17xTqmp+KfFGrz6vrmqXMk13e3c7TSs7sWCRGQkrGgJUADA6D7uT+dZbk+N4jxccdmUalPLqc28NhW5KVWzVqlTm1aekpOW60Vo7/o2Y5zl/DGElgcqlCrmU6ajicTFJqlblXJDouX4Yrpd31uaHxI+KHir4m+LNV8aePtau9a1u+kkkka5dnitfMZiLe0iYlIYkB2qiYAACjnp4te6g8pZFOVOXJzy5yRhRkce47ZHOMUl5ey3LHJwrHoOCfm6scdSDxjOT1xxjoPDXg++8QXqoVaOA4LudwzGTnq3XOBn8Tnsf1HDYWlhowpUqaioqMYxgklGNopJJWWivZ2VrNW0bPyHGY+pWnOrUqOcpc051Jtybbtve7vpZLo9Ld87QPD2oeI7pLe1hZ03KJHAIRASBhmPysc9FHTgng19ceE/hHbaVbfaSUmvzaswZ8IkLBCxypwDg9eewBwWGLXgrwUbae1sdMs5MgxKiQQl5ryZmCqQFGW+YegBGe1fbNn4a8F/A7w/c+NPjHdQ3GrXNhKfDvguOVTfXM8qM8E13CCWjhBZQwcKeoBz14c1xksFFxg+etNcsadN/vJN2VuqtfR9FrfaxOW4aWYzTV6dGLi6lWV1FRXK23J2100itWz9CP2Lf2UPh/wDs/wDwm0D9qj9q/wAS6bo/hDxZpmqx+EfANo6L4j8XmNj9meMLukgtpyVXzIxllJydvFeY/Gv9vX4zftBanp/wH+AfgvUNJ8GmdtM8IfDTwPbywT3ySu0ENzrstgo83em1p5boiNizbmwcjmP2df2fP2vv+CoV54OKC68JfBbwTENGs/Fup+fB4c0DR4HCyWnh21ZVS91ERKVkkVTHvIy3OB/UF+yp+xD8Bf2L/D4sPh1oUGs+NJ4UTXviPrUEd1r+oTbQJ2tJpd7WMLyZ/dwsFxx25/FMXGjDHV8dndT69jvaSlhsDG8qGFSceSLWsXP+aTvK97cqSb/acvjN4Khgspp/VsOqcFWxjio1a8rRu4t/Cn366W2Z+S/7GX/BEV9au9H+I/7aWpvLIbuz1O1+D2hXJjtYzJIsyxeIbqNg7vkjzoU3Ixyr4Gc/ll+338MfBXwu/ar+OGi+BdBtfD/h3QNQ0xNF8P6ZEsNhY24iKGMQxhUGVwHOPnYEkjkD+37Sb0z3ivvLHzosu2TnfICMEEEHJwTzxnHHFfxz/wDBQ+CCX9r39os3G4kappwYKQDsVctgkj+EjIHGPlwPlNetwdnWMxuc4mnOXuU8LJ06FP3acFzRSSj1aV2nu+rep4/GeWYfA5PSnFJ1KlZKVWfvTcrLmbk73u4vbTbbU+R9Ch1Cy+D1zq9zBd2OnXLXkVrKYmEcqK6+agY5woYYxzndxt4zxPjPQPCWseDLXUEK3CroTG3geQK8d4mPMchmJ2t8w24xjjI5NfdOn6d4d+IXwK1fw58O3h1c6DokLX+iag8MepQahLGH1C5sowxaWFSpbdjK4468/mt8Q7N9O8J30Fu8yzII7WGPzMGEIQs6AA8YbhsjBYcgjBr7XhXEzx2b1nOVTD1KGNm3TmlFygkuWTUlqpq9paNpWauflWbUnRwcOVKpGrh1aUE7KTeqT1XNFaOzTXRdTxO0+H0Gr+IDZWgUE6PDdBA2FywOIzzgc5LDOVGSRjgdgPhZc6fDG8mmLLIxGfLQsylSWAYEZIGeMZzldxJ4HNeDNeh0jxLa3N20jqNLRZXDkENypYkEggA4xyepXHf6eufEkFp4dutSM4uLhgJ7YB+fKO3ywAeGBC8nIYDjjt+x1swrYOtTjClGcJpO8k311tZXVraXtfd6HwFbLZYulzKtOFSNOzWlnotdbbfD31e2x42PC0mnzW7y2khDhQqsjBYRkZ5wRxxkd8Y9DVjV9Me4ghhMCiH7Qhbfklgq8Yzkk45wef7w647Lw18SbfxFeJp+qWCoqSxQ+ao3hVY4YyNgkMOTwQc9ugr608N/s66v8RIWvfDCQi1gtprx/t+YI5I4YgxZHkVBGrc/NkEdSwQZGVbifB4eU1in7FSS13/laa0XW3R7tW7cEeEsxxEaf1WE8RJtXim20uaL11Stp59LM/MeDSdv2zbEIke4nfzuSAAxVMgDIPysM9TyexNe7fCz4X+KfFtwq6LaiZwqm6vLgG2021g3fPNc3koSFV2nnL7cDOcdet1Zvgn8CVu5/iJrUXjLxSs7mz8F+HrhbyMSrcORBqM4PloittUhXZmANeIeNfjj8YPjRF/YfhWxi+G3w+LfZl0nQl+wrLbZwBqF9F5dxdOVILA7lySpJG2vmMfxRjMbBYbKqKdNXviaqahZ6XgrRc3bZ+7dq13sffZfwtgctUMVm1X98owawtGSlO/upKTV0r21W+iemh9lXvxL/Zi/Zmtln8Uah/wuX4lojCHwX4anB0HTrhQWCanexlvMCyDDiIsMdgOvmR/a6+Pvx/8AiD8NdK1G6m+Hfw3/AOEz0a2sfBHhJ20iCXSjexrJFe3MAjnud0J8stKvzDdwTkt8/wDhL4O6F4ZZNR1BY9YvZCC91cKXijcbWJBO4uS3Ic5JPzdyB6p4Gt4NQ+O3wn0uyCJAfGPhxJlQeXEEa/gD4QYADLxxjqPcV8RmWS4XEUMXjcwnLGYqOHrNSqO9OlLkbTpQfuRs1vZzTXxH1dDiPF0nh8Fl1JYPCe1pqUaSUalVe0grTldSd0tVKz9T/Qi+B/gj4L/DT4W6F4o0fw34N8FWl3o2lSaxrr22n2Tzt9kiaSa41K5CSXc7yBmkd2Ls5JzuPHJWX7bf7L3jP4j3fwY8I/FWyvvHcuj6wYoradLfT7NoLWQeULyVktmkdxhdsmJMbRkGvy2/4K0/Cf8AaD8U/DT4KX3wUi1g/CX4f+DrfVfiFY6RfXccc92tmpRruzgIe6jXbnYFYA5zwBX82UPh34s+I5L3xB4eOp6JqUpkgj1Wzik0mW3AG1i9y5iliUAsN4YgckZzx/N+S8LQzPBYqdbNo0VKrUioc6lOKjO6c3KV3zLqtOx+mVs0n9ZoyWEq15RcE5WtDRQbcWl0dleUrprrY/sB+G2meH/CnxK/Zl0y6uILGPxWnxIXxTNC1ky6uYNTu720l1ORSVlUnaqGVhuGMdTn5v8A21v2PvDP7YXxO8MePvCknhvwpN8P/Fo0d4LOwtrSPV7fTrZr4LqEcKpEkN7NCIvtUnTfncO/8yFz8cPiN8PIbG21/wCMfi3xF4g0tBa6JoXh3U7zVNT0+43/ALwJcqztbrO52yhG+YMdx52j6Y+G3i7/AIKC/Ho6ho174+v/AIS/DjWbS2e4ustbeKdSs44xErJOpFwLh4h88jspJByTiuLDcO5lkmIpVaOb06eGpOfPKpKpF1eePJeK1lOdryk4p2fVH1MYvNXzVMJVq1ZwhGMXHmjC84zak1eKtdpb32stbZ/xHuPC37IX7WHxD8Z+Kb611C8aOAeE/Afgt7fWpLrU2gEc8N7JAZltgshOyRD5kYweoJrdufix+21+1Jpr6fbag3wJ+Ft15n7vT5JIfE2pWEz/ADia/wDku3lljOSsnA5Unb0+gfh3+yn8N/hsGk+w3HjjxjPM1xqXifxNI2q38tw7iR7gy3PmiNgQznY5PbHYdh44+K/wt+EFjNP4+8UaL4ds4VM6W89xDLqFyqAjyYbOMs6ZPyphFUEFWODx9M8wp4ueFhRoVc0x0KVKhGvWg6sI+zUUnSoXcE7ttyknK9nprb08NktPBUqlXGVqGBwjbqTp03GLl8OlSp8mmlZO7V3rbn/gZ+yp8M/Amnw393pzeIvEAmN5ceJfEkjahfahdp8xbbOXMbF/mGGAOckg7a+1vD/irwT8PfA+seMfGuv6F4S0y2ubgte6rc29mscKArvtbVmWSRhkBVhjZsnbySWP4G/HT/grYlvbXnhr4F+Hlig3SQReKtcwsi4G0zWlpgoQwGQzfNg889fyS+Iv7QvxK+KV5JJ468a63r9s1xJcw6fcX80ekwyyFmbyLNXEQUM2AcehIx1+iwXA2c5tUVbMqrwlJ8r9kn77h7t04q0YJrSza11Ssjxcfx9kmTU3RyuisRWS+Jfw001ZuUruV7p2S0tvZq370/HD/grh4K8IX/iDS/gZoT+M9WBns08V600kGiQspZRdWce3fcFuGCyAKVIAPFfij8a/2o/jB8cNUub/AOIXjbV9Yt5GZ4dEgupbLQrUsWISHT4WEREajarFcsq9wRn5bvfEsMSYDiRw2BHHuCKwzn5RkNjnceRgnb6VgPfajqg2xocu2cqDyQcAFh8q8ZxjjuOM5/Tck4TyvKUnRw0JVrL99ON6rfuq6k/hvorRs01ZX1Z+UZ3xnm2cSnGtiZxpN3VGneMFFtWT1u7JJXe7VttTa1XWn2hFfYu7KRRMVGc5OQo69Bzgk9Tt4rmo5L7UbkRWySPNNxg7mYgnC9O3boFyea7/AEL4d6lqrxSzxS7HICsVPlknBAyRkgEkHAweQO5r6J8N/DSy0cLcXAgaSPy8rGp8xhtyRwCQQeCOQO5NfVQpypq75YpdHo2ly99tLXfTuj4+pUqSafM3Z3s5aXSWjV0+v6NLVrxHwN8Ftb8VziK7WS0tTIqmQKzFixGfYHB+83TOMg8DovEXw70zwVq13okbLetbGJWeVVJDvjzMOR1HoxwPugYGK/ZL9gb9lLWP2pPjDovw30nT9Qs/DaRtq3jHxLYW7vFo2iWaNJN5kxVY1nkChUQursCSo4Ir88v2qvB+leBf2jPi54K0OS4n8N+FfHmq6Hpdzct5ksttYyLGs0jAnJY7jtOMe+QK9PhTMcJi8+nliVOpWoYdVZxdn7NSnGKTv638ruzvo/G4oweLw+RrH884U61X2MJJ8rk+Vt6LV21V20fPRs7e2jHkxxqDgkRqFIzk9lOMnPYdOnOa89mtCtzPKiAM8rlhxgrkfN04PG0g9uMnHHocjPuljGVUFXBIKq2OAMEjaGC8A9ewPWsPUrRFZmQEvsXiMk8NzweuG4yCPmHThQR+p4mjSvBJK0brp0tpe71dvN21T2PybAVK0qs3KdSTfw6ttq+iTaeiabWi+LfoZd1IYoYlTaN6ou0HPPRjg8Z+Utkgg9+nGRFctGCWC5VjhiS2R1A9QAeR2PUDIIHQJo+sXc0aWun3ksjJgBYJCucY6hf7oxkntjJ6DpLX4V+MrxBt0lo1kw3mTFIlGDyfmI4K5B5z24NebVqU6clZpR0Wt1quVNadfJ2l5Lr7VDDVqzu6c5O6avGT912sknre0eZu3noedTXM8+3codAACGblhnKnqB97gDHAHTB45O9Eja6flI2xqVBBLAbQAM4I56kZzgE89B9IQ/CG5gQS65rujaUgI3g3MbSbVxkgbjkjG49OByapSeAvhtBrZuL7x/ZeWYY8xxmNnYAAOzHf8m3BxgE/N8xIAFeVXxVKc4pzi3Gale9rRVrJc1tb2atu+uiPoMDgK9KMpOLjzx0i99Uraa+drvdbW38ps1uQCwJViVxtJHyjbkAk8YPQDuTjit6zLPksZHcsFAXLsAAM9ATk4yRx3GOefVhr/wABfDnmBrmbXHiGcQlmLSBRkrkDOc857E8c1jv8ePBdizp4a8CI5B3xzXUCMWxkK7b1LAnbgnJBAyT1Nd8c2pRUVBtyWtn6xWz6eeqa+9cU8jnUqOVWVOCet5aa6d+v4vTl2ZdttD1XWLKK1sdNvbhvLQAJbOMtkN8rbOGYMMDI5BOMdUtfg140vrhmm0drGISD57yRYgFPAfDEHjcPp0OMViz/ALSvxBnikj0nTNO0aPdhXggjDAKMA9FwcLnII6HjpjgtW+JnxU8QP5t54hugGBK+WxiAUg4wEYYxzzwRgk8YJ3q5viKzSp0G7LR8jlrdR1vovJrXexlh8jwGGblUr8zk7taJauPbqvX1vse9R/BqXThImu+JdF0+JWV8faEL4AycZbIAAORjjHrnGHqOhfCjRX/4mHjJb3aQZEtAM7lAygK5zkAgAcnHTnJ8DbSPEOrW5m1jW72YXJ+USzvISq8kk7sgEAEY4I+gqpH4Xsrf/W+ZOQx2h2JVhggHJOME5IJOOSR2xlOpj6iSXLBPVc1otJ2fLprZpLS9/O7bNIUsopSk+WVSTdua+793TW268rp2ab0R7Nc+O/hFo8jPY6bf6s6DCM/3D0Klhjp0J7HjHQVz918dobW3lg8P+DbZMtlJJ7cSMGHzZ+ZTgH7v3ccn2rC0/QrZoXdbaHMaBlUqMja2DuJBI/uk449jxWPLEhvWWMIFRsbEQHJOc9ODgnGSckEnjtlVw+LnFRliXFv7MeZW5uVtK6ve60033expRxWX05OVHCrRJuVrtfDa/W66JtavYlvPjT8Qby8txDHBpzr/AKpIYVQ+oPCrwSRgdvbg1YbUfih4llU3viDUNjlcpFO8a4b/AGlYK3c8FsMOpGCOb1CGNdbsWUbgirkEqcsMAgjPOBnnocBTlSQfcfDlpJJHDNFGNm+Paq8MzY/h5J2gkjkEnPJPILyrK44qtONec58skrp27aNrXZW089dR5tn0sDhacqUYpyjsktNElo+lkrvq9+p5zd/DvUGSO41LUby9eRyrq8ksh3E4GSzHK5755P8AdPFWY/h1p9rCZnjdpE2h1kYtyAcKAAxAJweeFzjuQPetQtZPJikPylZQdmCQpJBx/CeNu0DPGQpwC1UdSsHmt8woEbYTJtO0szYO0Z5I4GOQxOODzn6mORYSkpONLma5bc13J/C199tVpe293Y+JlxVXrpRnVleUruz1T002atola17N72PJo9I0+1tEItYlwNoPlgvyRtzgEsevduh4qRLPYkBU78yE7QoAxz8xIAwCOhGMcgdDjpb7T2t7MvcMIwCgBdlQA9x1I69SMnrWVLfWNjEitKGUoGDgjcFXJBXkcHOF6nrxwDXLVwtOL1gqfKlolbVtaO77LRapLc2o43E15wtOTUrNvmu7Xjq3rb0tsktrnH65Gy3LExscBzsDbvmBH3hnJJXruGR0YnHHOzeaxCRR7BgMy/L0bntnlQeDge/fF7UtaieVpITn5nwXycgEBS2eSBnngY5+UHdWPJfBxC2FDEkhM4frkMTkZPo3UZOBjmvncSo8ztpq7q6+G8dG1ffZrtp10+uwvtPZxcpO/Km1pdfDfVd77ardpkc0coZg3JySrZ/u/wARweM/TAwexwcfxGqGysYyMrv3u2Nyjg5ycc7sDrx2z0raSQO8hOSxUuwYscAnGckEcdM5zliQc5rD8R3EQtrREO3IZXDcAtwT0AwemDg5xnjIA8+vGLim4q11dtp296Onzu9H1tvZo9TC2T5nLbmenly6bdb2fya0Z3PhnTIZLSN0UD5Ii5KhVfGOc5BIGPmwDgYUE8Y9EtNOiR8BRjZkFcEKVC8+nOOc5x12jgHjvDkkEWmwSNIVQwqCoyMEfxc4yflGTyR1GRXTprtjakfv4grgZDOCyjqQT/e9h97jv939Iyl4SlhaPPOMXyRbcmtFaPbWT6WWraTfl+TZ+sdicXWjShVkvaSikk7L3ktbabPW3Tbpfrbe3yuVReAdzfU8A9WOcEAZKgDHAOKRYlWaRJTnCEKWyADgehPOMe+cewrjbrxxp1vHi2d3nHBwAI8DBGBwMEcY2n9a5268dnlyrOz5CkNsIHuoILbfXJ5XIGWJr06mb5fQirVIySvdxtZu6SWz1tv+a6+Hh+Hs2rt81KUU9ue6utGvR7x6aOx6wssblwdqrs+UsoADAcDjknA4459jyHiWPcArKCAASN20AdwvJOAecZI564JrwSTx7dk+WuyLcQpLEtwSMBlJxn+LdjAOMDGDWTdeMNSLDdfSKQTt2EqWCjPYg+mOhOeScccVTinA0nGzlLRNWSV1yx2b6Lu1d+jPVo8DZhVScpRimtbO9/h2sreW+ullsfSUswH/AC1Bjc4JBAGFxnAJzkZyc7c9CR0qm9xbqzDz12sQTmQBSBnJJJGcHrlRjjHGSPmqTxFfTLva9mZHOOXIK5789SOnc8Ak7RxTl1m4PHnTOrFAC8rDAADEgBuDnPQ7snoMg1yz43oRXLGk2laS121WiVnps9L6b6b+nQ8PMQ5LmrqPMnpyy6paJ3V0urSenkfUD39mqqJLi3ELbmO6VSSFyeCcnG7jn+IcHAFfOmqy28niDU5EClHfELp0YHgY6jG3pjPUc5AByU1F5pVjE0kokym1XIAwMHAxx/Fj5RikeJrPUJY5Sw/dxHaSOFG07g3UkBTgDcPz4+azXPpZo6NqSgoTvdvpon7q28k+11pZH1eT8NPJPbP2zqSqQtrb3WlHZr1203d7LQ7/AMNK0MVzuJbGE2k9cLgZAJUndyDnpwOtdtGhKE7QjDscjhccDnGSOo77uh6HivDjx+VIwYyCRsKDnO0DGck43ZHzdAvf/a9Bs1SYqi8j5WbPfr1/UHPrwMYz6eCcnTh7urttrd3Vlfo3u0rra3n8nncpLFTV2rtNW1u7Rettnbay20fm200i71fUbSytk+Ypvk2kgeXg72IGCQRkckYIIBwQD65a/CXzpLKQwTQR3eNktx8kTKnJxnAYnPAyCT8wGBmtL4K6VYan4+eG8RBBBal0BZdsm0/MrHgYIBB9uD2rvv2hfHlrPr2kaH4TcWdlpVlHbzRW5A3XbAKG3rghVHU5/LjHpYinSWCnUmvec1GMWk7q8VdPZbX8tLdW+alWqPEUKUHooxblK994ptO3ZdFZ+drnhPjXSNOtdN1Cwje2tjZsFZY3BMsgyWXAwMnocZyDjPGT82XAVZH2IFfjapyMAYJK+g5PPPB6AEGvTNbTUb2+uILuUsWlRhsyAzE7gck7Tjqc89cgk81U8HzXtwYY5A8pVSAAGIUf3wcYI6ZwQDk+uPj61JzbcZcvvNX0d1F9r7qOqsuztdo+sw9RU1ao+ZO+t7yW6287edzH0O6nheOQHdPBKtxGGyWzE6kFTkALgEkk4zjiv088F6vJrvhfRtWLebJPbRBwhYlZoxtYDBPTjqRt5HJ4r4asfhfNHNbRpcgySwfPK2AFDKG8srwQQy4xjqRyTX0/8ANUmsU1XwfqpRJLBvtOnBiMyRnO/GeQo+XAwOSevIr7rhDGU6NWpRnNN1YpJX0vHlavqkrptLbdLzPhONsG69CNamn+7kmnyv4XyqSasrqOjvpbbQ7rx2oTwX4pMhZn/sW+kRechdmACAM8c56Hrwf4ej/YcgR/ghfFsY/4Sa94Ykg4ZeRkABjgcnv65yM34lxn/hCvFnmERlNDusDn50KkkgAEnOBjG4Db1BAzvfsORu/wGvTF/rD4lvSpIyCNyAADGCQSR04JznPI682qN53hbNW9hU7Naygt97Jdm9k9dzmyimocL4ttWviadt7JqK0ejV+vqt92fRogR5XLAAhmJ3ZPCncoQnjp82cY+oqWJFwruuVXciscgA5woA4zx82c/iDnExtpFJBDbmGQqocA5O7noB046j+EZ4acLlF2oFPOd+QMd2AAPPA4wCepIxiuyKlK11ZaNrR31XRp9t1ts+tvHWIVKLjaOjta+t7xW1ndJ+r121M6VdxWMKMLncygfK3DKAxGDnHOOnIypp8apsZzGS24KoDEMu07cYwBt9QB7HHUThCuY2UHrIwI3KAfukEYwCSMHkgdc8KR4XQh9hZdhYDohJzhT8ueDyGPOPl45p86pxe2lrOTbSVknZN2Xlq0r6O2/JaVebtFzb0slLRJ9Wu70d1fRWae1BVjLg7d4L8dypxyp4Bz1yOR15NTeUXI+WP5TwwYDYFOQBz13HkAfNyeF5M4t0iYGd4LcOA7SvOkagtknh2HBzhieTzkDBrLv9Q0azMYvfEGl2YUsSn2lZGYDB3EIxB3AkZ5PuCFrkqZhQgnz1oRbd170VorJrzs27X731tY9PC5TjqztTw9Seu6i1ZLl62276qzu9djSgSAkgMhkZyS4PzYxztXkDHT7vIzkYzVxmyWOxFCAFDnY5BJPXgZOOe56tnPHkuofFH4eaLL/pOvo8igA/ZE++STjYx4XjhjwMdM844XWP2lvhzpjhFW6unBLESzRLEwCj5spJu5PIGM85ORXH/bmXxi/wB/flbTtrbRWfuxd99LaXS67e5R4WzWcWo0OSTSacpKNvhV221Z3tbRfJI9x8VOBoOsvsR2fSdRCFSWCE27kMQDw27O7OcHjAr4X/YrWSbxp8SQQXKW0nyqTtBN6wAIHtwDj0Axya6nxF+1jo1zYX1lpOhGWO5tbm3kW2E9xK6TIyNyEYLhW3EgjHPTg186fC7xp4h0jWtWHwq8N6rc6jqkTDVGgLM8YaUyqsqnCqnmEY3MNu0cDAz42IzijPHYSvQp1a0qUpOyhLmm5RVkk1vrtrZK6S0R9Nl/D2Lw2V5hh8VXw9D26gnOVSLjGKacpT1skuje72P2JaCSGNRtSJTED+8dVIyecknkt1B6Dlqw7+806yJefUdPtHjTLebdxENnOeC+c+u1TuP1GfhpNA/aw8XtG7aU2lRybUEl9qTxr5ZG7Lxq5bjOACOoJBXrV4/sw/G3WCknif4gaXYLK5Ekds008wjJyVBfaDtyNvPLADqDj2nmmZVYxlQy2rGyXL7VqK+y9pNaO++nm9rfPLh/J6D/ANqziFRaJqiub+XXRSSklonfVa2TufUV98RvA2nLIJ/EFsQFDTLBk7XAG4Acqcnoe+McHArgL79oP4fWSzqtxNOVOEcyxRqSueFLMpwOp4yDxgZGeQ0T9jLRZb5bfWPHPiLWpDB5lzFCfs8eWHODGQVXPI9QcnqFHTn9lv4QaTILabQ9Q1CZNzSy3+o3DoXUnllLYKt6bjnOR7Yurntafs7YbD6K15Ny+yraXS1/yu7lvB8KYVRlKWNxDTS0bSbSS2vG6s9NGmm10sebap+1v4Xt3mS2trYuTsi3TPKZFBwTtiDcnGT349cbuJn/AGrfEGoebFomi30kshKw/YNLuJgwGCoLyRgBmzhT6gMTwBX1dpnwg+GmkrbrY+CNBWRSCjT2sc7uDwWLOCxPVgRjLEBuDkd7Y6DpFiUjs9I06xUSDL2tlBHsYZ+UMFyNpGPYAgAAZG0MrzGsv9qzFxWmlOLTatHRO6stEtV63vd5f2xkGGdsNlUqk1qpVmt7R7KV+vXZdVY+AJPiP+0J4rO3RvCPiEt8qCSdTYpk5wdoKMRgqcHOd3JIzVqP4c/tR+JWZbmG30a3YE5vrkSlSRkFmVyxPXgrwclTyBX6IyFI1KhyxUcBVEZ+YjAwn3vTJyMBuNucjSq7BmldxJkSYBwhGMZBxjByByM9enXZZBQlaVXEYitrFe9VUV0u3ZN79N2lsY/63VIf7vgcJR6pyhFv7Nne+r0vbzR8AWv7KvxZ1WA/2/8AEXT7ENlpIrMyNLuH3lboCRgkcMAOOMqK8j139miDTfi34c8B6l4mutVj16w+1T6k6EN5gXJjVQx44IyckcMT1x+qrNMSw3KwGQrAL+7TkAnOMsccg89Bx1Pyb41uET9p/wCGYDfdsSpcAKp+U4B4IwCVGcZznBPU5VsgyyCwtqMZSq4rD03zycrqVSCcXfR7v5/M6sFxRmuJliV7VU4wweIqRVOEIpShTvGSaV9GnZ3vc+LfiXcLqcdq1wS8zRuzzId2ZGyMkL0AA5BA4YZNeBNbv5shQ+YkZBAGQOMjBHP1yBz1PA5+iPF+lWH9h2F/pWpW147liyPJ5c4HG1SnO7gna3Yn0zjwWVHEzfLIhlkwykcKoPBBJ+YDJ9AcenX8lxiU60Zc3utpLtzWTu22tH99tdj9ew8lGlbSbu+Z63T935Nvq3p2exq6DIRqen8AESsMIC556HoRg9gepBGO1fSnx3mkHw3+E7AuP9FuxtAGMZxx1wSSQOmeAOOvzLokTxarYBdzDziVYlR97IOQOgxx3I28Z4NfTXx3yfhr8JFOA32W96MAQCeeh9+5zg5HJAHNNKMG4zvJqz1Vr+47LR69drrVndScnDVWvftbRR89btdNfzPliKZVkjDW6YJJaQ5znIyWxwW7jA6DOTxWxdtZbYWhkiQmQbowc4zht2TzzzyRyDjIzzzaIXd1EjDaQw3Yb8uMA46lQOg684vJBhoZWyfLdd2cDIyOAOp4IA3Z59O2MZPnXPLovK8fdTuktPO1rJ8zbsy4Jyd2o3ulp0Xup3s991+fc+yvhuwPwW+LxU7s2MKjPJOACRwOehPOAepr4jhIxGrMrZ25UsR6dQe+Dkg8k9uOftr4WGUfBf4vcKCbOJlU7SVU8d884OD146Ec18XxkN5LyQJKqqM+WdhHcOeeD26evpWdSd5pp7Ws9U76N73vrZ2s73fay6K0HJKyV5dFZJbddb+tne3Q3NOQLKp8pQjyAEsBkAYyw47HjH1HfNfZv7Loxd6igf8AduNWbbgj7tnIRwOvAwe+DnoM18e2ItD5bK7wOCSQ2XTjsCAev3fr3r6//ZgcLq96pcMjWOpzl+ys9vJEoPbnpu5APoTWc5OVtWnrZ66XUfS/52tddCqcVCMbrS6snZW1i3Z6NrdaKy3PkHxMQ3iLWdgbcdYvQOB0M5wRjvyMjrwcHnNEbBPJyVBTcodup3j0yAQcgbjnopBHBp/iOK4TxDrxIC41XUHwgDkYnc5HXCkZB+mcZHGZHIxIkkzlmK7WU/KTgZ+bIGchv1yNtOFo3d9mnvay91NLfro9LP0uZS5lNKybbTd21orNvrvba1+7Wl/b/gkrR65oz5Ix4ktXV1XgBZVI78ADDDpxj6V7F8afEEkPxB1633s1vJPAzK5IVm8sHaAB0IwQeew46V5H8GWKano+eR/b8IJ6DO4cgc4BJB7AHGQOK2/jvqccPxK1qBpVTyxbyBsBiGEfbPGcfXpjoM10uMatGLcb8rjr1ulFWurJ3TfTbfTVHtJQabv7yst1/L7ujSs1dK+qt5GfbC11J5XNuhUOD5DrwpHyksygHBwTwOT345i8CW+z4hXECokaq0Kxrn5drTopAx0IyABnp69+W0LxPb2wkDyiR5domCABsFgAcn8O3XpjpXQ+B7hH8bvcIr5lmtGQZGMGdCMnn6HBJ+YZ4JrCNNNWjFLVK9tNUkt29O1rPddDenLmlB31bV7p76NLe+umiejutj3f9q1LW88caLcSCAG38LaTYElyu2RbdQm4Z4yAVAPAPT0r5nGkC4j3MrohIEQjkOwlR35GVI79OORivUP2otXEnj0WkiEeXpGnyYVsMzrCAAMZHK/Menyjp2rybQNQ+06bwJikTFcsSy+YR8qjg8YAJ7DGOcEHgnSjS522uZy11sm9E9raK191u29T0bOe/ZWva2ijff5W19bX1l8Pwzx64ScB4ocFiQxxwOcgj0JIJxnuSa+iPiK+pr4a0fQCJptNurK31KWGKRVYXMcZw20ctnJyOfYZr5/8P7W1vazly8aYGMk5YE4PB2+ueeuQRxX0j8Wrcmz8KyWUcokOjxCR4mAIAReSM4ABwCQDyDx1zpiHFYKlzTklGo2rO9rL0fe19v1WHpXq1G7tODT2vvG9lurKyTWl30sfMkUVxaMFS5uIJFlYmOTjapJ+XIHAY7QenoMV6P8ADa5nuPF9vK5jJaDZlTuJIkiyBngbvr05Gea5fVdL1D7M91IUaMGMM+zLoNpxI7Hue5+XnJJHGOg+FKhPE+nttyWJiyUIV3aVACSPXJJO7HPcVdGrFwbTlK1tGtL2jt0v6b/ic1SPJOCcXpZpte8rctk3te173bT15dj1741ajPp/i+8UI06T2tg8hzsCgxrtOevHqSAeueCT8/XurveX4mCBYNpTnCs20dA2MnPQZ6ggnkZr2v8AaAguT4uuiWHlpZ2SnazbpEEQ5xjB29M5GMHJYHB+bfLm8v8AdtKuJMfMDkHOMjDHsPl/PHQVzyhCVRtuUXzJ622TVkrqy137O++xrGd4x1ktE0pcrtdJrone7d9d7qzPS/h627xdo8cQjKyaiQQFxg4zhxxjGQM8sfTg5+l/jpa3MXgfwXeRKsqxXGoQSYT7pTcSrMOg5xycDGOOh+W/hb5r+NPD4LEBtTRTk8k4bqO3X6dxzX2J8X4Vl+G2lKzZC6xqseOBtAU478HkdOgAxxnPRGmnSkotye1l0+FX6b6p+XTTWYpKpDVpXVktN7ay2vqtt9FprY+KV1CBl8tYFSRzgoAGYAdSAemSWODj14PFehfDi7S68U6LkESpdBAijAEasMc5JwCRnBOPyFeU2sym68rai7Ayhjhs4yxBznkjI3ZP6HPrnwuVR438PBQiq0+5iqYBJZRknnPA5GeMZGMc40ko1aT5LWcU/vi209WrtXUdn3106JTn7OSk7pRaso2VtL200V9tN9tHY6P4w2JufFt6sG1iI4jMHAyAO3JHvx2zjno3lek2Ekd8rOiMCW27ThicYI69BwG46Z9Qa9n+MvlHx3cxIzQGWBPnX5VABySdud2RkdADjoRXCy6bHaRfbIZyJEVAyGNhw23BUkDcGABxxyMY54469Re1qQbd+Z2eqT23Ts9F71763ujowtOUqKk7uKir9l8NrK3a+ltb9GfRf7OwlTxhGFjjdY7RkyCCRuZgfUggnB9euBgAcP8AEKUQ+OPEcsqwu8Opv5YVyrAhjkAeuBwQeQMex7D9nCKaTxorpLu8+M7iRhECoX2gHGSWOSTgfdHPOOc+JHh24uPFfiK5je2lmbVXRYULPIzCTgqo5JJOevY84Azz4uf7mmm7rVX01Xute7bSz0trf1Hg4f7TUSWsYKyvtqn87u1rrfVWR1Q1Mz+Co0ttQiyjGOaCTaWxKoO1mYAhQThcYyRjoDj3v9l1ke/vo0Zo5PIAIGTlfNGR0zhgcY9+BjmvkSGw1G30e8guEWJYnTzI2DCbeFGC6uM4APXnnIwcAV9Y/syGO1uNVmgDlzphkicgnYyZYsTkcZAA57euc+PCjDkruMr88Xbum0tr6drP5WR601yum5pWi4trrvG9tLPVLTf4tLvXkfihdSH4g3wMQIhmuEAkOWISRgpYNgYGMKBgHGc7s4uaIVlu9NDbQykthACFyeuTjjKkAAE8A5A68R4tuX1DxhqF5dNL5r3V2xdsqrYlbkHIDBlGOM9cnOM13ehyR/aNLc4wYgSyN0yCRknHY84JyGJHNfM1IqDik21eS6badL6fctdUup9TQUZcnm4b/wDcO7as7p/jay6n6d/s6u0XiD4bfM2B4j0mQknk51G2YZ44zjBJHfAzjn+5nTmL6RoZHRtE073JLW0eSc/qp56cjv8Aw8fs9Wyf238OZJMl/wC3tFKIo4KnUbbgkYyAOeTlT7gkf3E6coTRtCA4/wCJFp2AvB4to+Qc9RjnuQT0PNfB5xZ1Kyd9XF32Ss1e9+uvbZ91p9vmUowy7Jk3onWaVurVJu68+l3892O6MAOQeDjgLgZI5J+mBxx0BxhrHGQeR2IPCE/d46HB6/3TweMVMVxuYnIxnOcHB54AJycY4UZ788ZhdTxzwc4U8DA65GBkE9s5JGDivlXu9GrW0XTa3yvbytpsebGdKXL7y0S3t5Xva17del2/QYeCA27D4OenQdj0z904HoOe1SjawAYEEFtoGMZPPqBkDvkg98ZGYdzEPtByQcA8qBxgZ6lfccDByQMClCspDEck9mIJPUADjBzn8P8AeIGMnJN20bWr87Rvt6brb7imoOzsrxacU9HfRprvbTrq9O5MSAOgPJHIwTgAjHXjnnr/AAnJpdw5zgELgY6cfwn1I6gnrgjjkhpVz8x7cgnrnjIHv0yOvp60xVY9uMjAAA3YOQeFIA9cjqTgZPOLnOyu+qSjdJ3bST06J9u3m5PSMYW97ey1Tb7PbVdFfy0sTq4JYBjgDIGD06k4HQ/TPA69QJg5IPY9RyepBI4x1+mcnJ6VWCsAGwCRnOeNo+oz2HJGeQM8CpskKPlxk4P94Ywenc88Yzj2OM1CTvy8z763STaStZq+1nd663ZlVjBpW6aWuk7aO7tbrd2tbpqSLPsIBLMTkZzxkAZPfnqOPXOeOXJKGJPC/NjkN2HTk8k9jz17jFRbGLMx4wcgBeAckE+oP4DOTxTgB1OVxgABcjGCQD6HrnA7fQ1105yi+60XLpdtJarS9m/tb7dTkcLpONr3asnyrlTVnZvtv1bcnZ2LCykcgZyGA+UYG3GctjGc5HUnjpTC5Ykk9Rwcnp6nBIz9McEA56CIN0GG4OMkAAZ6cHkdgTx1ORjGVTg7STvwGBGffHf2GM9OvvRUqyunqm7fJaXa2dr22dldXfUpNR3s3Z212acW2+lrLpvtuSqwyQxJx0xnLcMR145/HgdM4oBJYF1GWBxnAA284AGeT2yPlHb0QbiCWGAR3OfmyeOh57E9cdDwMP27iQM9mBPTBwAPowwSOud3pmsuedmk7pqNk7XTutNV59tldXtYhuLldtJ+uitZaLo9r621V7X1dtJ+bhRg9ASCAeFJPOM9CMge5HKhXGCchuQeQOM8gEHk468Z6ZzmpEXaQvGQMEnII65BxnK846447c1KVDgcDr6dySOuDjggDHrnGQTTi/5nJ6Le0raR20V2tLaWvfXtnzcuyvq7emive/q/O1lbpCM4I6ZGd2eSR14xweDxknjoe9lWHOSc4GSee44HGep5JPOO2OWKoGUYAEEgE4yOhBIPGME8+uTnoakREGM4yMAkAdvzI9MkdR1OK0iuba1rq+7b6PXr8N03or7mMq0rWcdV2Sb+x56XcldWTV1vbV25zgZbnAbjg8kHpyR3Jxg/UYqYHOAueASOTw3GezKOBywJ9e4prMmeAW46H7o4IYc/iMHJP40qsMEgYGDkA4OD0IB69QemBj0xnfRaW0sra+auutr/AHvVaPVcvNeV2tH99++run1f4XaAEZyfm42g45zxwTk56Ajt78HMo3HG4EBSOB3HQ88YxwckjvjpTAwbgqAB69Rz1bnIxx17cEZ5MqvxljnBHzNwML2P4Z9M+uODak9LNpK13d205eifp5vTyDlTitHeWu1la9rapaPZa/4bq7FzvHzMDnnJPA5Of++uOvzHnvxRuYZUkt9W6gYJzkH179jwemWiTAG0kZH0wVbrzz7YORzkdaVWUfNn88E89PUMCe2MjgA4ralXlF+9t6+lm+m/+VtjOpSd1by10u78u+y+fy0b1sRNtByTyDnHA3HnnsckHA4x1U5yDbTBKr68qBw2OmSMd24x7g8VmLNgdANpyCSM+gBIHOOoIPXPGellZuysTwc4Pc7eM+vA5+oJOSK9SliYNaO2nXdvS7tZ2tbTRW/F886U9E4ru3f/AA6Lzd7W1tb5F9CQpyDliSApHIBxkbf4c8nue/apgQo+Xap3FsZyQODklR0JzgZJ45xms8Ssfug4PAwMKAQSTngYAP4g9AKeZCBwQSQQPQDrg5z68cAHoBnNdMKnM76b9OiVlta2iWl763emhnKk9Peeq+bfutW1bu7q3m9WrlokhgcZ+pIAJ9AAOnrjPfOM0AksMrw2PlPUDocjAz6kY68Y7VArsGALZJ6jLEH2/u7vfjn2JNWWG4EsxzjjPAG7jnoDwCcgkep6V2Umt4xe6vLq3aN290tu79NTCamnZuLvpo79VpZ21V7eVutmfPf7V8bP+zT8dQn3/wDhW/iJscHIWykP3cY+6B1+9jOT2/hEj8X2mmra2V94cutUhazlMc6ORsfznBYjvGMnaOe/qSf7zf2nIFk/Zy+NqEklvh14iDA85H2F8noe5ABHYnAxkj+DO5n061eOO+vI4Vhs5tkblhlWuZQRnGWxxyBkkjGSOfSyi1TiLBxak3LCVrKMmpK0431Tu21tZ6pX6a/T4Bv/AFSzhy5eWOY4W/NZpN0Yq2u1+jvukih4l8Y+G76TSmh8JNDJaQeW5wu2RnOGYKdueOcEnntk89Ve+OfCN5/Z9r/wiFxFHHFbmZQiok0iADc69HJGRluM4xz97wu817Q49TZbm/jFtCQiquX3FjlGOAcIOOASQck8V6Xovjb4a/aI11fUFjCwqqSNGXXeuMYO0kDKj7o47Djj9jw1Gn9VklOoo+7eMqk9/ddrvVNtWbT166H53iKzVaKjSpvRpTUdErxvdpNK9rO7s0ujseyaFFpPjfU5/DelaFBpOdF1W/XUmCwz24tLMyyKvlhsHAYD7uc85HNcXL4FV4YfLn8Ry2628R8+W+mjhdgR8yMTkozHgABT/DkZx6D8OfiT8NPDl9rOo/bftlu/hzWraGSC33Sxz3to8Nsh3Y2qXwNxz97GSCa8bb4pXGowtpDTX0UMcIBlCrhkDb0jVOTuUYGRz9cE1WAp4mpisbCLnCly4fku3ZylGTnG736J9l8kc+Oq0YUMLOSjKs/a86ulypODirO+jXM7rps0tD0n4z/Afwz4f/Zs8c+MrjWbq41aS30tobFdakmtY3uZkVY3tySrNubBBGVbdwDX4o/BS4WD9pnRY1VYjGZYmwCcMlsQ+QQxIyM/TOK/Sz42+JdcvPgzrqprVwmmG900mwktj+/KToqFyX5GQpH3sEFlGflr8zfgro8/iD9oTQ44dWk025uo9Sle9ihEjxGNXAKg4zz8p5BIHXkV0UaGMwleEcRONarLFwnRacdINwcKad2o2/4NyJ4rC1qU3h4eypxwslVW65ktZK13fW6Wr080z9Kv2j7y1m+DHiEJcJKyvZyGMZYZ+0ouSNqhWPPX5s9QM5Hw1+yg0kn7RF9CY0k8zQkjVBuYhSgdlA9Dj1+bdyvQ19lfGLwNdWXwj8YSXXie41aKK0guGg+zJGJGiuVfe7g5ILD7vTOTyTk/Ff7JujPrX7RDwRX91pnmaN5xurTAnX939wEdjjnjnkHkAH3cTVxUs2wz9ko12qXsqfOknZ2ScnotW21vv6nh0Y4b+zMS1O9FRqe0m4O6SVPaLSctHFWtfXXsfb/7XliLb4LzXXkBMa/pyoApA3GaLoSuOBuJBwOWI9a+Tv2RkkPxL8fl1KKtrbsAASDlFyBgHI53DA7Z5HX64/bD0CbS/g/Dv8QajqMM/iPTojbXMamBSsibpC+4nfjgAAD+IkcV8z/skeFtD8RePvH8ct5qkEkEFu8ZtLhoDImAP3jhssxP3ew5GcEUqtXHf2/h5V6UPbJxahGopR5YwaV331d7PTZb2fPQhhHlNR0KslRfNd8kk7uVJv3XZvVpb679z1z9pZDFbeB2jVj5up3KvhSAFNrIfcgjnK446Z+Yg+e/sQXllbab8Q57yWG3K+IFEZmmWMsCWGU3Mu4d3IPHqBXa/tTeFofD1t4Nktb/AFScSa5NERdXbSxoPsUoAQMThjnaTk57+3nv7EnhnSPEem+PTqOnHUBBr0aRb3dUiyXLsSpGS24EnOAcE8itaVfEx4r9o4wVV0FaPM3G3Ja3NZatJNJel1YutGjLh2MVKbpe1s5OPLLSpB2UW97apXb3srF79t2706e48FS2sttOz6Nq7MIp0l2kXCYDFSVGeAoOM9hgCuk/Ym1eysvhbeO8tutxJrl+fIeZFkfbId21SQOmMkdMfLjkmL9szwZo+k3Xw0hsNPgsobq31kzRRliZ0U8qxY9yCeOPl9uPXv8Agnx4K8Na58JtavdQ0K1upIPEGrQ+ZLGWmWJJwF8kHCggEKTlcZJI4ArgxeLq0OIa9eSU6miajLbmjTtZ2vslda21S2V9KOHhUyihGLcKblo2lzNxmnzOzSXdd16o+Nf2rNQt7n4larJCYCs3hO35hlEoDlCSpdcjeCSCMkrn3597/ZM8a6Po/wAHdOsbq/gi1Bb2/kaCQOX8stkMSoIwMdDtJORzkV55+15oPh7SPjHrFrpeirZWMPg6KfyNoG+4ZSDOAGxyOp/h4yDgrX0B+xL4a0fWPgvDc3Gl6bPMurapELi4gillMaSjCljhioBPAXgZKnOarJ6latnOJqpRpyqU5yu220m4WV/db6Wu+u2x0ZjCjDKMKpOU4xnTiuVxTbSkk3fRLSy1Wu+r1+K/2n9Ts9d8Y+Jb+xukubd9N0AFljdMSIZBIvzYPykjPVQGJHOa+0v2cfiL4R0r4WeDtIv9SK3dvYlJ0NrcSJHluvmLGykdmAbvkdzXyl+2Pp1npPxE8RW9rBb20K6N4eIhtY1ii3Os3zbFOCSFYsSMklVPavu/9lDRrC8+Cfgq5nsLOQyWj73ktYneT94Qu92AYgDqS2cc46V0YRYiOb4lxqRjNQneTV1rUWtvst+V76dbI5sXKjLK8NeE3DmhypSSa9xXvJpppLdWfVrdH5eftP3ljqPxc8fXlg3mWc6aa1u4R0DKuMNtcBwucqGIHG3ODnH6O/CL4iaNp3gTwRbPezLLb6JZxXJ+x3UioMYBXZGVboAdu45HpjPwv+1bawQfFv4jKkMarbwaUqBI1CKC2MKBgA9MY2jPUdl/WT4HWFlH8IPh9cPaWjSf8I1ZMxe0iJZjgAsdpJIbqzHr61z5RCtRzXMH7RKUlJzkrvm9/VrXq3+nU2x1SDy/BtxklHkaimk4vki023FprZdb6Pvf8Wf2qr23vfiR4/1CKRpI59cszFmN42KGKFshWXcu7qM4PTJGCK4DUrWGHwFbarbQTrK1vHHI83MMm5yDgNnOOOOpNer/ALYTk/FT4j4jRF/tmx4RFUACNCCMcAMB2449Onn2r3Tz/C22gG0pHDASVAGSJCAMDPJP0wD68V81mVNzxOIjbmtUqSbS2u7trW9m25aemx9Fgq/LRw92kpxpqOjctVHXRb33a+eui+dbmWQswUhBuG7BC7iwAxkdBwSMgcjtU0VhdSQ5Vg0bg4y2TxgsFI4BHvz2xzVW8KjewHzMOe+QFB9xtJJOM5xyeSDW/pcimO0ycqwCNg5BLDPTAGccD1PXpmvnpU1dtxeiabVopXS5dm9ftPvrbuvcg4NJP3m0ne7W9ujtdNb28n3Rys6vBIYiMkEAg/OBu+bjPOBlvmzk8fWo2M4GBkpk8ADB2hs5xgjnIJG3qT7Vf1ZlXUJ12/KGUZycDbzg+h45zx3HGKqLzHNwSAMBt2FB3HsOA3BwD06jHOMnGKemt973TS93q7vrF7XS26kqEttLJ6bK1mtPNJXTt3Xzrb5cZ3FsqAwyTjG0A4I6qMepHOaB5nzZJ+6MngEbuOg/3gBx1IPbgRi5yoOdv3QScHPX15HIPTJFPG0M2DhgvzA5HOcHBByMAcnkE+hOQn2aUbNWsraO3aKbStZ3Se+m5bT0vrurL/t217eXr0vtYRAQcsSTgAjPHTnBU89NpzwCMEdMqQTknhRyR1PAwCOpGR2A47YzTC5YkIAuMMcZLA5HG48sCOcnkc5PamlzjcAVyTkqTnHGcgZABzg46gZ4yuc2nzcy6tfO3Lu9d/v+V2nyqzdrptdtXo7aWS6dWra20RINxGFbochQcsARnPODjPHBwRg44zUwRoid27aduAeBnqRtx82fQgDAyeOlJ7heCrY3EjaWOTj24wBg9Bge2KeJTIu47mBIACnLdMFvxOOo6HB4Jqlrq1r1/Dze1m1tu/Uaab5WttNfK2/ZaXd7WtrbVGok212JUBSgUjuckY4yAMdeMjIH+0asNMsQMm7IUrt2naQTuwSvXg8cf8ByAKyUuFRsygLtBU5wCvPBxnkH1BPIGBnrbedZNwiAZFznAJLbcHIABPBzwTwecEYpJdVK8tr72aa0tpqmrrV2b1vsW5wirOL5lbRq2qcbXt00Wmt97q9jcsdS8iXbI7SRyIQVc4B34wWOCSR264OM5r1bwFdSDXrGCUI0arLKhDYYAxvtyT3G47eh+U4z92vB1uhHIrzBcKuV5Ibn5e/XnAwCM8d69E8C3897rdmEiklNvuY+W2cxjA/75zjIIOVyB6HajUdOpHkjdqSfK+ZPRLSzbd29U1YxqJzi7StzapK8f5bqzurXbaa87nKeKI5ZNZ1MiIFzqFwR8xD7Q5JBYc4wMfLnA/JfQvg3Cs/iLa4MZSwveFPYRt78HJ5OCenUc1xnixvs2u6lE9sfOF02HVyMBznaMAjJDZbHIOOcZB9G+B0TyeJ71BbIjJpN/OJDyBmMlSeuSe2Mn8+KoubxCsne7urvysr63s1ZWu9CJ+6nLmTTaTWmluVpN2XZK93r12vh/wBlxtqd0qM3lu0+cDZuYyNnlsH65GfXAxXq/wAPZIYtP8Wxz+arR6JKVAzgqgGG5IyMjGMccZxzXhmqa2Le6vEk3POt5cAiNipCeaw2hc4A6fme2cez/CFV8TWfjSBY7hEsPCd5dySKSWcIm4xsd2cc4GAxwR2AB8x4bEzrykqd/fbaa13V9Ouvn92lvQpVaap8vOk0lf70rOzSVr3fz72MWy12CJY9katAUQlpHG92GVBYHgj16EDHYAj0nwTqlzd+K9VW1uTEV8Fa4zNFlc4tc43+pHTPIGRyK+bFv9NaRYzBeKETIQE4Yo2Cx5GQccZIwCBz1Pt3wbuIL7xL4qf98kdr4F1yRQyE70a1IHfgnABwV5x3xXO8LXlUcnBxV1ZqydlZ3va63avurbdX1OrSjF3mpNtWVuis97Xve9rbWtZtO974Dajcf8LI8AIFEmPGOkqzyEFh/wATDPXIyOSQTzxyD0r7F/buge5+PHxAWeGN4IpdGYY+U720y2JPTGMEHJPU8d6+HvgRdWh+KvgGLc8YbxdpDMOdpP28bW/EA8ZyDnniv0z/AGnH+DGqfGr4n2XxN1fV9Ou0uNIbSW04hkllTTrQnzuvyFThuD8vKk8Y2rVZYZKXs51Gk3aMXKXL7u1r7p+S22MqKhU5l7Tk5lZyk7R3VtdLdr+Xmz8kBZWragl5IweC2uDCRKUUct8vQ9RwBngYwCcEVtaf4bvbq41WPT9Ju9UdJFfZpltc3hgRyMTSNbI4REDZZiQqkEZBxX6aaVoX7GGm6ZdWkXh3UPFeoahZQSWt5HfOkVleqFMjSoxUAOflYjIJLHg8V6/4p/ai0z4UfCvT7D4VfAjwj4R1DVNBu9B1fxKbOzvru40ydGt4dRcukh+1MSCrkrICDx3PnTzfE1atGhQwFVc81DmqJU4xUmk5SSblJfLa+xo8NSp0qs6lenLk1UYWknZJay16WSWtuy1R8ffBr/gnd+0B8Wru0Fjo9h4Rjv8ASpde0y98VXElsuraTBGWlubQDnaCCAGC5IC7mbrsfF/9iDxD8CPA+gfEDXPi14B1Kw1vWL3SbnR7LURNqNncwKfkEXMiq0gKK7Kq9c9ARwlx+1d8aryXQbW7+I3iS3tdI0u50nSpLGeS0misbkMJrPdEwPkursoQbtq7eOAK8H8Ra5rXiO5Wz1zVr/VEMkt1atfXc1wI3bcfM2uxiErv82/AOcA84NerRoZzGvCpUxVOlRTi/YwhfmTcbpzlrG6StJeujPLlWwcoLkoe+mlz+9dXaau9Um3pd3btozxSSK1ub6+kWSJFivriIknaWMchVZMkbsMBv4J5/TnZo4PPdRMpb5ghB4AB4YYHzY5HA9uvFX1sZBc3BnV/L+1Tq2UJ3MGZQxIGQ2MEnPUeuBVS4sIQ5kAwVByqE8rvOCD2PPU+x7V6/NJpJ3Tuk3/M1Z6aJa2bb1T2fUqyUFdXejd0rrSKdlqrNLRvXy6n01+yP4mtvB/xTvNd1KzvLuytfC+sQ3MVkQ05ElvKiMAD9zdgtt6juu7J+vPBPjix8TGKLTdP1R31C6lWFSuXXcW2oYlwAVHfHJA6nOfmX9jr4YN8T/iRfeGYNSutFNz4Zv7g3sChpP3SO+xlyMqTgHoSAa7nVPAfjrwDr01z4Q8SiSfSbueEzRt5aeZbTFcvCMqJHxzzzk5BGTXpYGWPipSwcZTS5edRTcr2VnZNPdaWs1pqYSrZbC0MTG07q0tVp7vny28vPfofcTeCdav/AOxx/Y06sskiD7Yuz98q4GFIwV6cepyMg5q9N4H1CxikD6Q0cjAlngOUHOCeoOQxOVBGcE+uPljSP2qfjh4WvLaHxRZ6b4it9PQSRQzWwhkkAUhnM0QZuoGWPOcE4IzXqOlftp6NqJe58WeDdR0xpGRg2kz/AGmJRkZbY7IB0JGQ2DxxnjohnuJw0pRrqa95LllBppJRs7apPbqm+17lxy3L6656TjaWjk+Wydo6uzdtel97aLr6Q3hy2hs7pbm0lQnblrq1EisjEBjlkOAOnrx0ziqWt/CnwrrKRSTaLasnkIXkt08mXLBSWZANxY8kcZ785xWpF+038HvEel3kMPiB9LuZRAkNtrFoEbe0se75kBG1SMEMy5PTrX1Xoeo/DDxVp1vJY674fvroWFqstzZ6jbwPHL5YJARnXDAjg4zng5wcelSznDYmMY1VTlFKyi9G2tW9XZt636q2u1jmjlapNqlUUHo003fXZabqTT016rTY/Pu9/Z38J6hI0dm99aMXkUkIZEwcEDy2w2BkYLckkcVxN9+zfdg3D6Vr6sYgsO27iEQJA5VmB42nI5A+vAB/UuD4X6TO7zW+rswmzJbyW5SdU7KHaPO8EHrgdOMgE158vw5ujPrMQ1GHFtfOqpPEyxzg/wAanAxkAAgqCMqxAOCLdLJcY1F0owckk3G8V0tqm07WaS0t3WppTWY0FdSclHRq91rypa63d/Pa979Py+vfgn42tpH8qGC+EauAbZxkhQP7zDr0POT0HpXJXPhnxBpE13HLpF3CxiCSfu2ZCT1yV4KkrxnO3DYB7fqbqXw91rT/ALPMltBKs7lcQzEea2RyFBxjAOB1AHJPFc1H4Xa51O8tLi1FpJDt82KeIyByVA3BsYCd+ozyRzWc+G8umk6GIcXpu04q/ZaJWta976dCv7VxMJWq0m7O3NZraybTt30btrb5H5dXk11FZQwzbowkrM8bBkwBwQSwBAx6EAkZ6EUxbkqJPLO5GEY3EjaDuUEc56c88EkY45x+lWsfCTQL6323Wm2F47TM0+2OONoxkHllGcc/jn73Aridd/Zw8JXMUctrFLbm5T5Vgl4QAAhhGwAyDuyCeB3ORjzKvC9eznRqU6sYta81nq1ZLe17aJpK6stdTWOc0XJKpCcGrK6d/JrWz0vr7q7LSx85XNzNIthHlTGlnbK6q+QTgHa2Ogz3Ab1B4wMyJka6uAAqg7SCSSykdCueMDHOcBezY5Ps958DNVhy+lanNJFGVjHmptdVQBfXJUd+eeOwGM65+EPii0MbRfZLwh98oDlXPA4KnbuyBxxnj5fSuuWCxbVOE6MuWMVFvdJ6RVmrtO17rTRW3ONzw805Qqat3958u9k47Lv00vFLzOH0d7Q6q0sm90WGRWDMU2hVDEqcrl2OAMg5JLHhchdT1q01bVoUtLNomjtUtXV2IlmLOVBPBy20EnnkcHpxe1PwZ4l0y5ee50S6jSPcVWFPMjYbfm+7knaMYIwSenPNcZbNPb6jdztDLbygpJH5sDKEMbjAVgvAwAD2459/IrYLGrEKcW3GOluXT7K2fXdt367bI9GlWw/sWpKLmlH3lbXRXtfbXV7JbrXfrrrTEsL2KCVlCFiGHJkRzBvweMnpj3GegOa424sobm61MywLKItuAY14A43HI4JXA7gdyeldVJqUl3eJLcyJcXAZZN3BGNgXYwIyFGDwATkc8ZqhFdxi41QMofzsAkHcMYOOg6HqDwCc8hTW06DdFRqxjdtq3L717xtdJNrXe99FrbVLKOKjCq3GUo07KN78zesbJuzV2n00utH0OAuNIsJiCLfygjxktGNylWABAGQMZ5+XAzk54ydm88ERQ2kLRTMEnDOUHzMoI+RiOAfl6kdg2OnE17HATPFEdrFYmXacBsYIxnGW5JA54xkkc16LexyLZaKY1U5hQthiGYBRnIA5xxkdSQcjNeFiMrpSjOTUUk1ez1v7qaS3sr7K/dJLb18Jj6ibs3J6rTW2qSSv2urqy010e/zXqmnS6BqcQtby4icorwTWxkiKvkc/K3yspAOcDPfuT674Q/aJ+Lfgi3NjH4gn1zTmO2TT9dH26JoupSOSUloyUwB/dXIxwBUmqaba6nrFhBKbaNLuaKyklmcRQWrSSAJK8p2hQoIYjOeWAyea6zxZ+z1qOhvqMkPiXwzqkFrp8WpQG31JJWuYnVWMduCTumQ8OjBQMEZ4Y1+e5pj8Ll+YrCPFeznLWmm219nd627fZu2/Q+1wUK2Jwqm6PO9L6JpNqOmuvR6377309U8OfHP4Y+OWhi8TWL+C/ETeUpvovn0m4Ykf60EfKCwORkg8BgMkHtfEHgO4lRNY0BbDWNLuFBN5pc0cyvGQGkdlQl07ArgY56E4r85LvTGVi7JticsrZU4R1JXAJAyT2PvkHiug8K+OvG3gS5jl8O61e29uXINs8rSWUoJyyvBIzLj5cEYIPGc99YZlWiotSVRStqmtVol1bSt71tb6taFfVaaSTvTvtvp8KWt+u6WsU+q2PrzxToFjqemvZ3Ns2H8vzLcIpkjCkguHYblOMlsjjoOxr5y13wZcaPp+pWtkxezurgSRq7EtGVjYYCkjJIyMnGW9K998LftAeFfFIjsPiBpTaRqLqIf7a06ILDK7AgNMigKAXwSOeOnGa6TxB4RtdR0m4vdAvrbXLBVLw3VpKryrvXJ8yLO4bM+nqPQ1osXh66cE1CpK3MnZaqzdnrur3aXyHLD1I+9HmnFq6tZpNaN2VtWndq6V23a+3wPoUc9teNG6FfnRWG0qeJFGSTycfjX6JeEGP2CzXnLadaspHzbgsYyOvGPmODzg5Xtn5RvfDccd1P5wEc8aqUMfAb94CcpgHGR83TBGAORn6u8JFYorDkkNpkCE9F3LGVKg4IwOmO/Qcbq68vlGNWou/Kr72vaPXtr3+52ODHU5qFJyvbW6d7Xbjbs9HrZ9bd7LhfjI0Yt/DLOcD7UwAXIP+sOMHHHU59Tx0HFb4i2cK6f4MliRpJG0stlVByUXIPZQF29TjPHc0fGUnb4Wznab9vVs5c9RzgHkdOnXHfrvH8TrovgFzApVdKkMhJxhQo/i64AIII6AenXDGtOGLbavanzdb/CrW7WSV2tk2tWZYZ8sqFm5NqzemllC8tHGzeurb79LnkuhXWmanbz6Xrs8unzOGuLe9jTYQ64WONwv8B6MeCRnIJBNZmsWWreHZEEbTtFO5e2uUL+XcxMMpIrbdpIG1mAYk5IJwGzvmytrn7NKIIdsuU2x8uwU87ugX5sAEHtzxXcaHqj3lpLperWkU2nWkpht4pCpuLcSEjzIWYggKQSAMk9iK8CjSw83yyjCDVlFtLWVo6320TS/4Oj9GrVxEUpRnOa0uuaUmklBppLdWsvV2voeDrqWqxXAaSSZgQCAWZSNx5AGeMZDDnJGeAvFdPoEM+oDUYZopZchCrkFtkjfdXJwQzEbQACST93JDD1e4+Dsl5e21zp+v6ZPY3DbvLaRVuIwoLtEwBx5gUkKDyxGOpAqrDLo3g1rs6aH1cx30JvXuFBSBrZw6hW52SBxnIBB+6cZBrCpWowVelRdKVemr+yTV27XV2tk3vu0knfQ6qdOpN0alRz9lOS5m22uW0b/ABLaz1trqnZt3LreFdevNAv7tdNltYfD4tYNQ+2q0U4EpOwxxuFYoVbccAnbgjArFufBupmxW+t9OuWsJDn7X9juBEWCqzhZDFtMagEsTlTjOQeno/h7xrL4v8UaVda1rNyINe1e2g1SEJutEgUrFHJcRJ8rxQR7d2RjA6nv+z1v+yV4u8V/Da1i+HfiiTxl4NhghEllZ6DZx6rqQ1ZAlxNYuG3taWPP7wsGUL0GRn8R4y8XafAGLy3D5zRpr+0Jzn+79s4Qo0knU5avs5RlVirNQTTlrZdT7XA8N4XMcLOvTxXsKUXGmp1pLldSfwJvTkjLRJq6Tu3o7L+fWbw5MqAbyrsBhAnuTuU47ZxnIxxk9M0hot8ksIDyRxKp3OMIqLjO7GQxzn+HkjaDjFffHxx/Zf8AF/wn1uewmMN7pkeJLK/MiLJFEqBnhvYsgwyRvmLDLyykjIyDxsfwR8Rx+DH8Z6jbWdppi3cNmkV9KsN1dGRVZbmCE8vbHcPnxjJypw1fd5R4hcNZ9l+DzLL80w1ejjI0/YuE05ynNJyg4NqpGor2lBpNWd0zyK3DuY4WrKlVoSXK01NRvFxTVpRaVmpR1TWjTTXVHiulfDbxxPpNvrqW1ydHm8wJqSzxuoMSbmR4g5deD1KjJJ7cmDTdJu5oLxPtE82HYFVRjuJbBxxlie5GSOhA617x4Xt9KjlsNMv9avNMt0ldrv7PNIbN0UlZG8knYw2fKwAwQvuMfbel/sKfEif4TXvxs0020PhGBm1fToJoDLfavp0ZZ5LuxjhD+ZDgHcH+ZSCSCBkc2acc5XkMqf8Aa2JhQWJqezwrVOo4z5nHRuCmlJX96fuxV+bRFvKeZU37SlSUpRot1asafNVmkowhzNKUrpuyd2fmDZaZere20Nuk13eSyLDDEkDtJI+0KI8IrPu7BQvsSckn6t+F/wCyv8YPipNeReD/AAdealPbac97fSurJFBHGSTEUkAYykgqAAQD97AJr074SeG9Zu/DXxE1fw74Zt5NY8FXVnrx1/VNOdJYbeZ0Edpp0MkIjdw+Gk3lcp1I6D7D+CunftEN4tt4NG8Wt4c1S90W3uNT1LTZrKHR9P03XHV/OvYxKiyTIkhBVQ7IwIbAANeDnPiPVw6qywEsBCEYxkquJrPmlNwjJKnRhFt+7Ze9JNuSVmzqlkLp05OdaPtqesqUo6Jcyj73Ld3kr20erSd7Jn5D+J/CFz4f8SPomqW4trvSZJrbULVw4e0urdjHcRPwCCkikEhSCQemOJ5/AXiJ7Kw1KDQdVn0jUP8Aj2vxbTC1YmUKhWUqqlNxALH5c/XNfV2r/AfxP8QP2jfFfws0LWovEviqzm1Sa61eBhMdTUxy3M9wQN0JaRgQAHwOBkqMV6V8Ivgh8dPine6X8KbXxXJ4a0Cw1S98P3t5qi29vY6XqNhMzx27MxEoabyt4QKATkqMiss48TXleAwlaWJyyjiFh8PicdHGOvTUKNeldSoQpQnKcpShyxhbW666Bh8opVJVnPndOClOMoOPuqCTbalZ2S305vxt8M6F4K1yS41q3WFYJbaNBciYrGkY4I4JyzgAkEZ5OMdM3NQ+H+uR2El3MtuYY4XZ1klHzxFNytnkMOecggdCOcn9efEv/BNvWE8R6L4Ssfij4buNd8QWUx1PUpdQFvGlxbfePkqxWRn2ALuClvYgivlb4nfss+K/hz4E8aaprfijS72bwpePpMWm2d6s8uqW8bFPt8IBYovG1o8YO484Bx4mB8YcFmVfDUaWMowlXq0qcaTwuIhKTqTjBOLlGyjJ6KTSsn71rl08uwc03Sqxqvk51abaS0avFwTd9Vu3zaI+G/Cnhq41C0VbOO0kkeQpsEuzJ3bQCATgg45Kjopznr6fpPwt1yZ9StZdNhhubSAXMwSbcRE5xH9wkhpHIx/vDpgCux/Z78BaZ4ls/EMt5Fdz2nhy1j1e5WzDi42qyymB5EAyCARtz1OAeuPSNKk0S/8AG8/9narP4Y02+udMinsbyTffXtolxFM64c5j2pE208bOVHIGJ4i4/wA4wuOzHA5XSpVamCoQrOLpSqNKcaclfkmpawk7KMG720SOzA5VhakFOpGSu3duUY6ppWXMtuzvd7Wtt46fg34rtb6TTrzRDZX0dlb6hNHeq8SraXA3RODIoGJEAcL9/kfw8jmdb8DzaQ8ctze6dHbGQwyY5WOQAEq/y7h8qkbSOik4Ar7c8TeNPD3xB1z4pXEuu3kY09NO0nwvGJljNxb6ZAInfcrKz85IXnIAwMkE+Ta7pZ8H+FbXUdV0vS/FGga2yztfrMXubORRh0uFb5kkbOGJxnnDcDPhZZ4j8QV8XTweYxoUMROGGcaKoVKLqyrUYVZKnUre63BSUWtHdeSPThlWC9nGUaMue0pSvJcsZJpK9lZX5U3a/R23v5hefAzxdD8Pb74iN4bvm8H5t4oPEcbRDT3lmIA2oGDshOSSyjGSGHIxxz+AJbi2KtqGmx4tUlwyeYqIyg8EDOQOSCAM8Zxiu61H4u6iPC03gqx1rUbfwpPeRXX/AAjM07tpYEf+qjRC2xF7kD+LkjOWH7i/sr6L+yd4v+EfhyTW9C8B3euvptvFrz6ncRRXsdxsxJD+9ZW2jHylQcglc8cc3EHiPn/C2BpYrNsBVxn17MqmHpfUI+7hsJ7OMqc8TJqSjKykm00nJ2T2OWvh8PhqLreyq4hR5YSp4eLnUbcrXaik7La7277s/BbQ/hto18mmyP4ktldNQt0uBawszbSTsKsq46jg5J64BPA77wL4S8A6lD4/uvFviu58OxeGdSaGyktLMzPqDKrbRK7AIQ52rtyPYA8H7V/ai+DfhS4+Jso+A6xaR4I0K3tr7xJqFlGn9kaJMvmPNOLpiBcIQoCqM7TyPf4v8E6x4U/tXxDL4x82/wDB1peT6haWUKLGviHVYW2RPcyDLfZY3Bdky5dWU8Yr1cm4tnn+WQzPDV8TScaNGtUwkIJ4mjzVbuEoKMoKVSmnZN6J3dk9elUIzpQ9nRjFzhGyqc0ZR+F2nebaavbSWr0ST38u8PnQ9av2tZbjVQ32mdbNYrdi08bSEQFEXcS0qLlsArzxgV18/gjw/Y+Gn8Uajf61DcJrRspNMNoryxorALOWyWCvjoAcdfvdPqX4HXHwuvvitok2uaj4X0HQ9e1Brom92xHSNOtlUpbJIELJLNygIChSN2ctX61i5/YWt/Dup6fqviDwJIl0CyMYobie0kLnaVmIzK8j8tIRkBgBjg18txP4r5nlGLw+EweTZhUlOlGtWqVP3cbXiuVv2c7y0cnZJXWr7+di/Z4OtTi8DicW5K8Xg6E6qjLlil7RJxSV9HrfRX6n89EfhvRIby3vbyTUYdOuHR7Sd4Zle4JC8kFBGoXIHUk8npio/DK+G4xrcd08DXkesztaefK6EWwXqQuMMM5ByR3Nfsh8aoP2ZfEXh7S7X4T6fputvpNrKLqG3vI47eRvLIWceYqGHY4LL5YOchSvQV+JFpZ6hd6xrwEUdr5eu3sCSv8AMiIZXRUDDCsUQAb8fN1bggH6Hgvj/FcSUcVWq4CvgpYScIqGKhZzUnZzg7Jyi2tG1dfO666WDVekpeyxGH9pb3akPZ1YNSTScbyW+qs20r3O5ZfCRt7iRUtZr1ZydolmYhDlc8qAFCjrnB9sA1q2q+EbjU7LzLS28iPTJROiPJ/rQCysCFBUA9eQeCcEA1xFpod9HJLGLhS8reUirBje2TkltuDk+np1OBWnBol/a6g0CXDyzJYOYwsHMjMSWVRjkDjJyCCCGwMmvs6mcU6kZJuLqKN7XS5bON3bm5ru7Tu1F201sbRy3Wyq1F7ko+8oO70TfM9dmtG1tZatG/eaf4QjktpLeC3cSMD5ZklBQZC88dSCAM9OV5xitCHQ/C95dTRG2h5s5pFG5yx2R9gVyQDk5HrnriuFmm1O3YQ3EUjznZtxCuYioBIYA7lBycnggbiMDkfpX4Y8DfA3QP2dta1278TWOt/FrxNoHmafb29sjyaC+0AW4BUYLkhZH7FicbuD5OdcX0MkhhJzo1sRUxeIpUaVOjHnTcnBNzk7qMVfmd2m1oldMzq4N0ORXqT5qtOLUKfM020uaaV7R6ya2XY8G/ZY+F1j4sg1HxFrkFmnhnwxczXYtp0lddaaOTY1mu1Cx2xruKYYsOMdzF+2Z4v+FOpePvBU/wAHPDl14Th0jR7aHxRC1m1la6heRyoD5Fo8a7o9ikmTbhjzgkAVc+H914p+H/hLT5X8RywwXUNxeCwsj5dubobhIJplBAeWMFWU5HIxx08u+Jvi4fEvWdP1u80q3t7y0sjaK4kjbzltlwsrAALlioznOcnOOa+ChmGd4/jLEZjLE1JZNRVSjhsNTryhCioRVKblBNNzlUcptu6stNkevSwFL93eU416UOWyqWg+aUW3KKTTklaybdk2nvc7n4E+Ffht8adT8b+FrzUR4E+I189lc+EZrtwmi646QhGs5RIUEEk0n8YBIBwM9K4jx18N/FXwy8WX3hbxloB0vU4naKIyq5tb2PJ/0uwu1BSaCUHzE2l2AOSfXiNAsbl/Fh1GVJLOaHT4pbGa1fy7m3lixsmhdNrI6PghhznpznP3d4S/aB0Hxpo9v8Jv2itCbV9HWBbfQPiTbxI3iDw/MVCQTXk4Jlmt4yQZCXJIBBGcivaxGe57keNWLwUsTmmS4iEJYrBVOaeLwU1FL2+Dbv7Slp+8oP3lZON9jhxVDlqOXLG60aUUm72fNtZN9brfTTY/PPxnZrZ2dhIkTWwfWLG2LZxB+9ljQyAkjhQ43HdjGMc4A+/vi3+zb4C+Hnws8M+JU+ISeJfEvijTtOmsdM02S1kjt5b2FJbiC4SGR3QQMWjDsoO4AEcZr5s/aZ+EerfDix0W4iuV8UeCNU1mC58PeM9Pb7Tpl/aHLxxT7Mm2uEwBIku351Y9MGvJ9R8V6nJNBFCkk8EKW/kbLiUFEKjJjDEqgYkD5QMjg5wK+gp5vmOff2bmGUZxLD4KnKrLF0I01KVd/u1GnUUrSpOny1OaLV7tNq6aOeWHozlSkpOMUuaySbdopyi02krdkr3WqZ31v8P7GPUI7TVXvtNsZfsy+eBG+1mcAkkuMDByMkdBk8ZrTtvC/g6yuvE+kXGst50GoqdJuCC5nj8v5mljUmMEnATBJDE85yT5fc+LtTknjintp5kWSLAlumZGK7eMHqf4eTjk5wcYo3WqXtzfXFzBKtq/nRO0SAPsZUJ3B25IJ4+p9c59mnDNqtZVZ5hUjGEVaMbJX5oN3lKN7ct0rXfRX2LlHD0otRhF7KSakpfZaSfuq1lfRPXTXVnt+gaL4FfRNVh186tJ4gCzf2RPbwMtsAGAiEigjK4OWPUD2NZlt4b0VrDWY7u9iilgsYri2eTfEZpwy7UZdpBwDgkckDOc4ryeXxT4jVYpEu5y0bEBVhUFt3TjjIAyBkEEKCOOSyTXPEl5BdvNKy7LNiRJGAdgI4UA98cDHGQq8jjo9nmUfbp4+pJVakJQvLn5EnDSMWlaL106pu2xlGnh2qUkraNt21lZRtdN762drW0lq7HpOoeHlt5IvJ1Sx1BJrZZWjt5WZoSV4VgRncuBgEduSODXNWwnhMwhZpY44Jw8XIZSvDHBODjsfQjJGeOZ0y91yK6S5QfP9mJ3rGGAOCAGGcYAOVIxnHSvu74C2f7Our2GhXHxHv8AUo/G8/8AaVvdaeEWPSbiFkZra5aZTtVkCkshXc5bDHORWuY5xiskwX1mtSxWPSqKPJgqTqVdWvsKzUVu5apPV3bOaqqblBU4TbWjjBOUlflvZXTezbvo+j6nz9oGnXdxaafM8dwkLWRk2lSo2gkFt7bRtPXn+EAEZwR0cmvaV4dgFvpzR32qSKWLg70tWXnBHHOeCQemVzk5PQ/HfxN4OfUNNtPg8mpR+HodMWz1M3hVpX1GOaRbhbUBiy22B8mCAF6rwa+drJ5lle7kkSMfKjZRnK/3iSAGPJyeCQOcdq+vyvFSzDBYbFypVKHtqUJ+xrRcasVJR0qR1cX3itd3e7R4lSMm5J3Tu/dlGzSb0vbTW17czdl6HRSa7f3moWGpXk5mvDf3uQE4UbFwABj5QOMc5GcnrWnZeLdVsoTcwX09lJFNMgktisTusjYkDsD0YZGOMg5HZhzcUkJbTiFeVBd37MFjCnOxc88EZ64AGAC3UGr1pb29zYy7IVQNMxJkPzcEnCjnBz1OQBzj0r1nCKjKSak9klez+FvRdtdN7a7q64p05ylGMktYP3enxKzWjurpNWb8ux1D+KLqRkMk9xM5gdjNJIzsxdTnCnK9+vAPftlllrN+INBW3lut4kvslY8tkhsgHbk4IwRznkd6zrG6jQjbZ25P2eRCz/Nt8sNuJ9yMbc4A6ZAAz0vhzUpJf+EfjKRIkdzforLESWbaWCghOT8wIAGPXjNcjdnLVxSV0ktHpF63avqmrJaW2umhVac4qm4xVubW0eXS0Or7a/Zte2u6Kd7f+JJIHP8ApojUBiWj6rvOWOcEkcjGSFAIFYD/APCXyanDcyQXCwDRtR2tNGo3Qtbt84BYDjpkcEY4Zs17L4wsIYrHQU0/Ugl1rjPFd7nkKWbxuTukG3CA8ZAKnOeepPI69btBFHFdaqGfTdE1IRTpNL5dw3lsohHC5BYHbj72eua4ZVve5Lyu0oxsmorWFruzV1F3va2+3TopyXLzuKcdE/eV1JOHbok7xb69bq5o+APCnxR8VaRpV14b0281Sw0eJZJJE2rbo5kJSOTBHIbIwMYGe4YD2W++JvxR+CVmdA1vSI9Sj1oJc6r4J8QRJe6HqOn3R8uaF7aXzEVnjckSKu4McjvXFfCrxpr/AIV8K2a6dr8unre6ej3FnGmY5VSQvvxjhwOVJySOMDlq4v4neMrjxlrw1LUtRvNQnt7WCCGe4O1mRCMhefk29AMbcDjjmsswwGDzLCvDY2lTxNJpqcKkdmlo4SlbklHdNPmTaaadjlhKr9a5oxVON04yTfNzp2vZpJbr8m7HnXxe/Ya+Ff7RltqXjf8AZfvrXwZ8UYo21DxD8GtSuo4LW7lZfNnfwzNI64DSFhHbLgDO3BwQPyH8YeCfFfw+1288H/Ejw5qPh/W9Oke2uLfUbSS2njaNim5C6KtxGcHZNGzhhz0xX616VbXMHjm2v9G1S80bUTbLcRX1pcPDc25jbO5ZInXGSOQSRjJIOMV9Q+IvFXw1+NvhmHwN+0j4XsvEc6xPb6N8U9ItYo/E+kxwxlY2u54gHvFj2hmV2O8AqTk8/ndalnPD05Roueb5RFqUKbmnmGBpq1owm1/tFOMU7KTVS1ld6M+poVOdL2t03Zard2srrZp6vVJ+bVr/AM3F1pdxpzC9tJGe3blJoQT5YY5HmBTjH1Ixjp3FYXUcsgmDtb3kZBiuogVLN1DHGPQZBIyDjg9f0a+Of7Evir4bWtx4z+Gmop8TfhVOWlGuaTGZ7vR43yUtte05Q09s6KRmVEKAAMW+U18M3/hSRWea0txvyfPtGDqWK/eMQYA5z/DwQCc5Iy3tZfmWDzGkqlCrGbaSktIVIS0fJUg1eLV2mpJLR6dVc6fSOqjZSVr2dlqr2d+ttLtNtvd1IX03xMq2OtiOx1VQEs9VQBYrjHCrcgYBY4HzHJAJJOax77StV8O3Mcd5GdhP7m5Qk286KAUKup2nIOV+i9ep04NDF3GVjBkdDzbvuWWJwQdqHAbIJABHGOmO23Y66bKE6L4gtXvtNbCBZkY3NqoOA0TnkBPQEkYGOOvb7WrRlak+eCXvUU1ppG7pfdrB3X8ttyXh4VEpVJcrStColdbqym7LW+ib+aOetbyO4YLIfLKkFsHHc5bJwCMD5+SD1OQ1bUVtuwUwwkyV3Hn5QOrdT6+3T1NU9V8NPawtqugzHVNLbL5jw89opYkpINxJUDjOMDv2rLstUJ8sSMQFYgrjBXsQQcYzjngcdq6qeKjNKUZbK0k0lJNOL95XdnfdW2T5epw1qEqbUZxs9lJJOLXuXd02tU/RJdbJnSzWBPlZXcxGTkKGI4ztOG6dO3HXkiqLWoRiRuQEHAIwdyk8Er1zkkYySOo4JrYjuhMkQON4HDFj8qsCuScDoOeDnHX5sZfJH5gZuPkDYz97n5eD8vOM+hb2NdEK018T6W2Xlo7brz37dzH2UfnpvZr5W0as/K79DnfJLK5BwqjcrEctknOCcHj+964z3pskPXOWbyxhuSBkfewckHA6c55zxnGoYmXaoUBs7AWJ3Zzhl+gHXcRkDDc4NQNuV3VgGBBxkg5C4G5cYAwPmxux19MVrGrrFaW3823u+/no91boZWT0afS19H0elktLWT36rTQyfswUMHbcCrKTghSAAQRzyTkgg8Dgn3bEhVyo+VyoG5j2Y5OPUkYAByM9TyuNggHcpK7CjHswVT7D0IHbkZ3Z24qtIFRF+X94FPTILYyBk5xwRgctg9ckVaqLrfVeS17212v3+8ycWtpWafTdrmT/ABuk7PS6vdmeYIp1ZXRCwTBZ8DcwB7ZJyOo75JBAPy1zF5pywuWT5iCGUjJHXBBBxggfQ+vINdgqmRiJDllHGS2cnkg4wOemQfReTkl/lxszDyw4desnDZHULwRwBnrgDPPcTzcvwttXs1d6rRaX3surfbozSNppKSWlrPlbfSzVk7v8736tnGRTGGYOreVcRYeOVMZ3DA6ggNnAGfbmtXUrGw8UW4t9RWODUVULFdgDFwQhx5g4xuyM7sgnnjIDX73SI54hKi7cAsAuePl+9u9CfvY7cjjmucc3NnJEZUDoMqr8/KMj5txU/dGcA4IzgZ4FctSmsQ1OD5Jwd4zSakpJx0fVp9Vqnfo1r20MRKlenUtOlJK8XG8Xtd2to7O99X0szyHX/Ctzpd09tcQlVb/V5A2EDJDRsN2T7EjKlT14HIxfb9JuEuLeV4ZIiSskeFdCvPB4ypxuA5AHGAa+qI1tNctDZaiEljcERXJwZITxgggZABIBGRwMdjXlHijwfd6Kzed+/sXcG2vEHy4Y5Cuyglew52jnueT14PMKkZKjX92skuV3tGpH3Umnorrdp69r7HJjcuhKLq4a7hZvlTu4bOzUb+e19LK5d0PxnpPiAw2niNTYarEALXXIMRyFsAL55wAeQCxYnPPAwa7LVNMsNRg+x+JreO5gkAFj4htEU4yQIxOVHy8EFsYwc+9fPdzYbGLKoIGHMY6LkY3RgHGeAeOh7A4J6fw3441Hw862N8jajpMpAe2n+bYpwCI9xYKcn5Rnbzg4I5+nwuYOLim3ba+tnsrNX+5tbaaaM+frYeLcU0tE1tbVpJa328ndWbTStcsap4Y17wTexarpMsk+nBvNhv7Vt6g5BUSqrYJI9e2OQevsfg/4h6T4tSHSPFaraakWCW2poAo805C+Yw5UFgCcgcd93FJpN/aXlu914fkS9sJR/pmhXJV5Ig2d4hRidr/MSAASeAc9+C8ReCLW9EuqeFHlgnQu11pMh2SwMMmRkU4JIY8YypyMMSoz9HgcwtZ02mk0pwbbX2b2vottttV1seXXwlpPmvZq0ZLbZbu+jfRbOzR94fBj4yfEj9nXxTDrHh2+a60i5KLqFg7GbR9dsnI3xTwktGs7x5CyADJPfgV+tHh/WPBPx98NHxt8OhHBqawibxH4MZ1F5pl3tDTzWS5V2i3bnCqvI6dsfzifD/4x3Hh94/Dfi2CW80df3Li4X9/aklUBVnIfYvynIIx1DcV9geAPiDr/AMMdW0/x78Ntamks1lS4cW07MjQlwZLW/hUkSQsN0bbxuBJ68AfY5dmUGl7OTVmr027OLVlo276ap9VfpdW8TFYdRT54XjdPnWl7cuknovhejt13bsj9R7q3urNWjKyKYnKyLIrAqyDlWQ42MAAD0yBgkda53U5XBEkZ4kGCoX5Rjg5DAZOexIPp3r0D4d/FnwJ+0T4de/0iS10T4gWkCNrOhO6RpfOi/vLizUf60SD5tqjeCSMVyes6VPbyTRvG0ckL7PJfKsvIyeccdgSOec4zg/ZYXMXNJpttKNnzaprl09NO61d0rnz2IwEZptK/NZ30ezi1tfTS/Z2W2z4uJQsiy4JbBCzAkFMHI5GVIB4BJ9eu7NdRp+pRTEw6i4QfKonDZG4thdw5yPQ4Uc8cBawWjMasAu3cxADfwk4U55BK7gQMDPfJHSJI2iYo2Qp+csTuUsSSRgjkNwAx5+UZPFe5Qx1vejJpu3Xsk9tV3tdat/N/MY/LObTlvtZ630ta++3XXputjqPFMWu6Lo97rnh+2GsPYw+d9mRgTcQp80oQct5iqvTqSAvXNbXwT+NnhvxxCIdMvotG8V2Dq95oV9MtvOJEOD9mLldz7lI2DLexPNc5pmsXmmOxDM8LZL28vMbhgBtwSQM9MAZI4PTNfPfxs+Bp8YCbxr8Lbx/Cvjm3InltbWRrWC/lhUMWjMZHkzsTngHzM4OByep5pjKTVSklUprSpSaSfLdax3vKz6qy10Wx8piMnoVpOjVbpt6wqLZS0spr3Uouye2mtu5/Qb8LPipH4o8PpousrDPLEnkGC7YCWIYC+ZbzPguOpAUkjgr3FdNpPj3Vfh/qrtb5vdLgcm4sJG/erbOcCVQAxYEE5ZdzKFAIIBr+db9nv9t/X/B+s2nwx+PlvdaJrFm62Nn4mdGhLSowSMXzYVXRiwzOCyt1LdMftd4Z1X/hKrLSdVtNRjvvttss0F5FMs1reRMAygSKSrCQHG1gNo4xgEl/2lhcZTcYPkk2nKlJe9GScW1ZtPR2s03utNDvyWnjMkx9GpUTlBOKTi7wq021rptu3dWa00tofSfxc8K+Hfi94Ij8V+Dlt59b0mRro2iCMXahV33FrJGAsjZ3NtGDhhg8ivzt8bXt54bsI5Ybq6sZUb98jB/MtZgSJELHDbRggkBhjB68D7C0E67pGr2uq+FVnttRtmb+1NIQNJaahAwxLiNmEe1kG7JA57EddbxT4N8EfFrRdYu7dRo+s2w26npM8KC7guDnzZoo22tJCWJLxqvK4ABJFdOV5tPL5VKdSVqNTl9m3tFyUXJWeuujVr97dH+mZ/wrheK8spZpgVzYnDxhHERUb1OVKF4VFbVRb92bTVtG09D84fgb8X5bm88Xre65Z3bjXWEQlbO6NQoPJ6NkYOQM+pr6rm8TeFvEdtHHLqGnRSH5HPmAmNiDuYdhuJGQc8kjOcV8xeBf2aJrfVvGkulyBGi1mXAMCCKbLZDxEsNhZRll6qcjoMhuo+EdW8LamRqUTWhLMoimhKRSjOCVkG4HdwcluvXAFfbYLGfWKFJTSnF2U5b2TlG1103tdXT69l+D57wusJmFf2cqkKkXD3UrrmUY2UemysrPvpucx488I6dpvxo0rX7e/s7q1bw49vJM0iAxjfIQSy5OznIJ/DORWldahJFazGy1yziRVKkC8VSQTjqWVl2jtyMsw4HTq7Hw9p2qeOFS4sYpYJfDcBCuvmRgvIwyG3MpJ55JBwR0P3rWqfBTQ5bklbFTFOxZ4RExQE9iM4AHYHuOGwGztHLoKnVcKdPknWcnGW12oPz3XZa+R5rzWph50KFapXhOnQp0/aR05UtFrdNdlr03ufAPxm1a3m8YfChTrtkSuqarHcSvfCb7OZLfh0feWjJOQZBjBByeBXrfhnxH4c061C3niWwcwPJEGNyzOSWwCxySwySeozjnoSc34u/BC0sviN8MLe38O2zrf6reW0aeVhLpnjAiDKTgks3JyRjB/hr6S1b9lOy8CeF7fxJqWm6NOst0ovLKaFYns2lG9IlyCsiKCMsrdcj+HJ+CzPP8Pw/nH1WtPDU6+Y1adPDUZKd5NRhC8eSMVZPV3a95vsfo+UZFX4jyaGMw0K9ahgKVSeIrKSSg1Jybmm23s/e1uttd/gj9py98PS/D7Vjaa5ps0kl/pk5jjO+Rt12hPbJ2qc/LyR26Zy9O8V+EINFslbXiZ0srJXEcN2WBEKjZkRFTjnPPY9uDu/tN6foFj4D1BLbTrCIRaxpUaNHCgK7bxMKTkkjGcfwsMYGeK37O0sBodg8OmWOfsFgWxBEMuIEAOCPQHsQMEE8jH0eV1cRXzHG1IqjGX1XDqTcZu9pN9GrNNtN+8tU7p6Hh5tSw2Gy/CUpKtNQr1pxtJJ8zjTu27S00smtOvV38e8XeL/Cr+H9Zig1CeWVtLvSENpdMDK0L7csYl2jHHJCgYJHQV4d8KPGug6b4H0y0vI9TmnEt6XjtrSRosGZmXY+whiASepI6AivqjxikcfhzXsQW6BtEv8iOKIt/qHJHCEgqSTgH02jjNeM/CO2ibwB4fI+zlyb1v3scYJxO3RsZyeQM5Ht1rprU6zzrC3q0k1gKzv7N2Sc6ejTnq93q1pd2sznw88IshxN6NVr69R911YpuXs5O91DRW6Lvo9SzB8SNAcqsWieI5DEVVWFmSQzZOQCqjq3PO7Ye+NtfO/wv8Ytb6l8SPJ8Pa3fmfxXLMgto13xAhwFnVsYcj72CcHJJx0+ukMzO6YiiQO+JIzGC42ljkDqMZHBGSBwSTXzV8FSzaz8UmLJEf+EolzIxwcb3BIIBGccnoTgEgk4p1qVR5nlkZYpayxDTjSjFRfsrX3a121s2r9UjPDzorLsycMK1FwoJ81WUua1WFru2yaWul7avq+1Tx/qLuPL+H+syMgyTIVXJGAflJ4JORkZG3HPGT4prfifxBcfGvSdTt/BM8V4fDlxHDps8yo0gQr+8DqSVVSclTnPB43DP1iLhAk4P2YMM/vA43FTj5jnlgTnPTP8AvEivB9ZkRPjlorGSPI8K3J3A5ORIgwAM569BngjPGM9WaYaapYaM8TKfNjcMlJRguVyklzJ2bdt7NtW1aOTLKsFUxLjhacIrCV3pKT5ko2ak3JaO11ZN2ej1L8njDx/MSyfDyzj2LhjLeOMED+LnHOc/LgHn5hmvK/GXiLxvL4v+G95feFLK0uYNXmjs4jeO0csrqx2SHgquO4yMdSeQfpt7uAJtLRGWcHMm7IJ3YyRwB8pBI6AkdTXkfj9Yl8V/DJd8cv8AxPnBYDOCFk5wvuMHHC8HJzkTmmF5MHKTxVWb9vhormUFZyr0lfSCu0ndbLZdh5TilLGRSwtGKlQrNOPO9I0m0tZ2ad1ftd3adzRl174kziTyvCuhRs0jBm+2u+3nPQgj03ADnIz1FcT8UNY+IT/DfX/7U0zw/bWY+yNII5meUnz4lUqrADrgng8gjBORX0FOkEILx28hLPKCYvMwTuPLKyk4OOw+XqRwCPLfjZbQ/wDCqvFDqJC4hs3K+W77c3EfBcqN24kYPvnBzxvmeXU4YDFzWJrylHDTkuaUeVuyavaK012113uzDLsdKeYYaKwlCMZYiEW1GV1zyim4tyeu0mrtLrsV9JtviNdaRpTi90CJJ7G0eFRZpLJCpt0KEEEYIGCdvGemQeNSfSPHf9kXzXviDTQPsV8sqLpsQJ/cnIycHkDgc4ycABee28MR3o8NaHcW2nSykaRp5VguDtWBMgjAAHuM55HsN67ju5tL1BryyaJTZXo5Vt2fIc7tuONnBHXPpkAjo/s7B/UoVPa1nJ4VSs6skm/ZRt7t991a2isuxyTx+JeNnBU6MbYmUY8tKDdnNbPlvs27u7T1Pl74OeHvEJ8FW17Z+JBp1m19fP5KWEcuG+0SCSTc2Gw2N2COMjivTf7A8QyKzjxzeJKJMosdnEpDg4G1SVyDnPBAUcDOTVX4OadcXPgKwS2RkUX2ogZYIGb7VKAMFl++cZPUgk8sOPSU0y+hvo1+zQukUgMhaaPDLuTkgt2JzjGcYwcACvKy/BYKeDwtWSkm6cXJOpOPa75VJaL7unr6GOx2KWMrU4O0YzSX7uD191Xd4u9ntfez0Z83+FvBmt3PxI8a2z+KdSimRbGS5uoo1We8eU5Jk25AWPIIUDOAQPWvX3+GdyJfNuvGviIh2IUC4ZAMDPQZbPJGFHBHPHNYOjxXI+LHxDFq0UU0lvpZhjkuI4ow3A2rIWCuW7gNkdMGvfbd4be2t5NQuNM8zrIDf2zFHII+YK/ygcjPAxn15nKcNgamGquor8uLxCTlVnFKKrWStzpXUWul3rua5vicYq1Bwna+FwrbjSg5Sl7OCbbUG1bVqO1tEtkfHXxE8DR2XjbwFbprPiKcXct0JLmW/kMqbYhgwO3zIOTuCj+IHj5lr1my+HGjzBUutd8TSOgywk1m6DEBsnaF/vAcngjHXrnO+K0+nzeO/h3LFfWQihfUHkeO6jZI8REqJHVsLuOOpzjAwBzXoFlrPh+0lLTarpu7y3feJxJuDYwMAnJAxkcZyQOCDXNh8LgI4zMW3SUFXpcqlPT+FTvZX97W616+lzoxFfHSweAsqntHQfNaGqtUaWiStddLpeTseJ/GjwDoWn+GNBFpPq83n+KdKiL3mpXEymOS4iWQBXICswbIJJAHGa763+E3hVlaOezmkDKhLveTOwBQFvl+7gEkkZOP4Rjg4fxt8Q6JqPhrw7DY6paXLxeLNJkdYtxKxrcRkk/LhQmM4B55JPOa9Bi8T+HImnd9dt1cRqhjijucghOmFjKngEEAHoc9DXRhYYBY3HKXsXTdLD2u48r9183zu7trR9+q4sTPMFg8Gl7ZzdSvzJXT5UoNN8qVrWa19Lu5xutfD3wLpllcQW2ixzT/AGC9eKV48qSIXbJ3P/Cdpz04Jx1q74G+HXhS/wDB/hy4u9DtbidrefdNs3MUWQAI5yQQpIAAwoxwAas694w8Nz2sypq8Tyy2N7HEslpdKSTblcb2g28ZGSTlcZzUHgj4g+HtP8H6DaNqyC4hiuBILe0nlIJlYAACNlJ4Hc+vBGR34WWVQzJ80cO6awbbVotKTqQUfLmst97XOLFxzN5SlCVdVHi4NWlJSVNwd1q1o211Sb37Hd2/w18KRSxmDQdOUJG+VktFkbHlsVAzkLyckY6/NjqD4V8HtB0ZdM8UPNZ2DSr4r1aNXktEd0gS4kARSw+VQM8A4x2Pf1ZPifpZvoYxd6zcCbMYjg0mRg4KHLbiuRgfeHGBnAwK8L+Gvizw/ZQ+IIbibV7l7nxPq8ymxsJJFWM3DsyOwXasq4PAOQQeOgO9Wvl/9sZb7GnSjSVDFupaMYx5n7Lle1m+zei1eiM8Dh8y/snMVWlXcpVsL7O8m5RV5c3vXajp10tayaSu/oG3sNBj/wBTBpyOquX2WMQJO7AwSpxz0wMcYOMivE9dt7OH45+G1VbWMDwxdnyzboI8tKCGIC7jkgDnJPIIyTju18ceGwsr2umeJ5W3FQVsT8yAAdCVJGeWIyO55JFeK+IfElre/FvRrqHStebyvDU8f2doEiunJlBVkBbAQHAHzYyT9K0zPGYL2WFVOMW1jMNJ2i7cqmpNapvVb2vfSxOWYTFKvXc3Nv6piEm5K6lKCirLmaur720s2nrp9LGGNlEY+xov3vuxkfMNxC4UcDthuBjjGBXk3xaeMeCtV2SxeYk1kNsZjJ2+ehycY29OvHI+6c5E3/CSTRJ+78EeJrn5FUvJOFAJU9t/QAjqM/mQPJPiXqV/eeF72GHwhf2P2m8tEa4mu2bbtcMdyA4HmEAZ+6vTIHByzXNMLLA42lTg050JRTVKeitFJ35FFPX4m7dmaYDAVvr+GnKp8FWEmpVYu9rdOZXejvb1ts39FadeWUljpRe4tyDpdozq7JnmFSQVyAcYHXgE4zjitTxJqelyeDNWia5gl/0OMBEUMdwdQvPYrgcnkcDJ4x47oEvixdLtPK+GskxFlbolzJfMfMAiwZApz8p54OOTnk/NXV3EnxCm8Jauy/DbTLeJbSQSSS3x3qgdVDbcc5Y5GP7wByQMa0czgsvivYvm+rRWtGdnaEbP4Vfmv+CVzlll85Y/mjUgksRKWtenfWSbtHmu33utL32PbP2R7qSx/aO+E8tp+4t21KyYliFXZco4c7T8rZIGQM4wc9BXRf8ABTfwvoGsftB/EOPUZLwTN4V0i4t72xuJbS4jfa5YRyJ8yjDA9sDHbr5R+zhZfEO4+OnwZ1OLwrA/m63Y2lhFb3rlWmtQzTNOCBiFRnHJJAYYznHf/wDBUXxddaJ+0rrx1vw9qkJ1PwBpLSz28aLZwyrG/ctjywUOJCMnj7w6fmrxWHlx5h3Vt7GpljcotOKTainppJJra6V+5+g1sLVXCdX2LftYYuLjyzSva2vxJXV30d+3U/Ozw98LtWs9Esp/DHxH8SaRli8dpft/aduT975vtDDIJBBBxz3Awav6pe/GnRNI1a3u4fDfjDTRaO00yJ/Zt+YUddpiSIbS4wD944JboeDr+DviT4QuNC0qK4uJrCRQYmE0bSR7wOMvEHQK/TLOOcjtXfT6zo+paJqwsNQsrxzYzFUhnQyKuRj5dwJx0xhjzgj5gR+oLC4CpQ5aNZUr0k7Uqr00jbmhKTV5PS1r6eSZ+bfXMfSxNOWIw8a1qkFepRTko3X/AC8jGMk0768ztZLV7eWQfGswi1TxX4G8S+Hg1rCVvIbd72z2RxqgZnTczZxnLDkDPStK9+J/gXXvDc9vpnieye4a/tD9hui1ndptm3Mdk4jyFGM4xjkHPb3PTbJZtL0lJrdGD6fCWZ4UlU5XJXBUjccAE54B+Y9z5545+F/gfU9G1i7uvD+lSXRtiy3SW6xXMLbuTG6bSrc8Mc8nsOtzwuMjhr0sVTqx9jtVhyz0Udpxa12s2t7bJ3OaONwLx8VPB1KUnXaU6dRuN3JJycZJPe9kpd+uh0tlKlz5c0E0F0rRQLHLbXEc+MxKxQiJ3APCkrkHJ75BFHxStynh8o0bKTrelcMT2uQCQOm05JHbkZwDivOV/Z70VRY3HhbxL4s8MXbW1vPi01Oae0DtEhYm3ZwhySR2wM56YGV4g8HfGfw7pX+ieM9P8TWCarZMltq1okFyX88iINdKNxUNgsWIbJAUjBxhVrY2OHl7bCTcFBPnpTU4v4Wm07SW3Ra6o6YUcDPFxlRxkeb2rfJVi4O7tpzJyjuurV1ske6kbmG5B5isiDJJOADkcLtOeQc444zkCuk8LK23XCyLk6bqGBgjn7OxyOmCByeMcd8ba8PXxP8AFbR2B8Q/C+W/gAVpLvw9drcnawADLFKU69cAEnuOCa6Dwv8AGPwrFeXkGqWuueHriew1CHyda02ZVed4HAUSxJIi4BxvZgvYkdS54+n7DVThUdN2jUjUgneOnvNPrvrt10MY5fUeLp6wqRVSMrwnGd7yTd1Ft23duVK+vmfizf6NdT+OvEEsELPG3iPUTwpIBF7IQSCeOC2GOSACTx1+wvA/hHU2tNZ1WSwuxpzWttELplzAZVKqEY4YZJ6devYYNeIxCI+L9bljmgMMut3swcsFURyXUpjcA9MAk5PIOCcjOf0G8D+KvDtv8FtQ0CW8hGuPfQIkIk3SeT5ofzWCg43ADngAHHYCvw2pXnDE8tk4yrO7a01aV7pK6Wy6aa67ftWCw0HS5pNc0KcWk9m0krpKz2+V76K1z9l/2EdMMHwD8ZNENgM9u7qoOGEGmCQ+vVV6DOOMD1/IjxhKZvGdzI+DHN4212Y9eAkko+Ut7jtlRzhcCv2F/Ymu0sf2c/G0omy/26ONX6jZPYeWcY4KYJORjgnAFfj746j8jxlDHEVdW17xKylQoUlp5wCSMbiASOnB9ga9PLqjliMTtaLS30vy8tktL697LV2XbXExkqdLTdrfdPRbeuyb6PTc42TShc2mlTQlCq61Orhvus8lyHVTkEkEdQT+IC1yTaV9h8b3JkUxM+o7wsbsVaNY9zjjrnAI6kDk+3pulxxz2mnwkfL/AG/EFUA5Uou5ixUgclctgHkBhkVR1iK3g17XSY2eSxlE0UinMi749gA/2SSMgZxgZ4AFFWbg+eK95TTcUr3u4626J/En0a9DNU1KXLL3b2eklq7RvZWTT9O3S+j7gWbNoySCQrc3NzOUYlckZAKnGeBge/fk15F8bhFH4EZI2yh1IAIQQR/pC4B+UYGARwwXnGa9dkk+1XGhK5RQkDtkA71coWwy7QBuwMnaeD3x83iXxmuV/wCEJKSMCH1o4YqBwJVAx/skLk4JIOQMd9XUhPlqRsrxV1ZpLVOWlurenm3fqc1ZcqlCSd1tO3RNNu6to9vS/V2ItEx/ZljySWsIAcYyPlXOD6DGDj5scZJAz88fFpN3jCS3eJp2a0tuHHyxlh94Docjt7HOS1fQfhy5jfTbZwqhEs4QCNvXapJxxkYHOM5OSAW6eJ/FSaO28XGaaESmXTbfDMApTK/KwBB5xwPp0HGOnMXGWFpXaV5Rt93TXZrS9raNbHm0m4ylJS0tu9dPdeqa6tpKy3vdWV1wOoxlLOxt4VRDnYnlKuUZXiJO4cc8k7eOucZr0H4Z26r8WNKUs6u8mnvJJgbtzROSwYAfMeSMAjOcdGxwF1eoLewQQxtObtmADbiAQflZRwAASfvYHGM9T6B8OHZ/ifoillBMmmbhweNrgEsTnA5IbgjGSehryMpT/tnA3jtXo3W+84O2r3s7y6u2uh05nKbynFq6/hNxjvyNx1TeyfZWfq4s/aTwtPZx6l4MmJ3G3ifzJWw+9wDlm7knOFPTnnOAK6v456jY3fg7UoI5ImSe3MhATbum8xNm/sAueSQeOuM7h5F4f+0JeeGlhMjEzTxqyAMHAx2GemQCDycEg8VD8ToNdPh7xBLdRzG1UwohKhSoMq4AAw208En2JHav6VxuFj7JyjOEW6MNkk0mott2duXlb10S7XP56wuJqxnGnKnJr27vK7srSi76u976+TtpbR+3/C2w0vWbm70qW7OnalF4Jh2TxAKZnW3yqiTO3k8FhnH97DV4RFaeJmg1lItPlu7bS53h1CeKJpYbaPzZFE0sgwQzqMk5APPUHA2vCx1+0uw9vepDt0SKAsyqVeGSFf3chByOwO7aB64JFWdC8Qa9pl94hNtdwQ20siR39v5gS1u4gp+WSHLB2JJIJwGI74wfJlCvCpBwktacIx2im48qbb0V+W7u+2vc9SFWhWoyhU5k41JSbVuaSurX63Ta1T10utjgtGkZ7rUcyOSdEvwpClV+VMEbTyCDkkk4JOM+jV2jwdp+7iR9TmYcHJBUgHHTk8kDp+Oa0tIt3l1nXTb7o0Gk6kwZwpRw0bPiMZwBliVUfdAXHOBVprFB8M9LvhGJbhdWuELs20hBnDPGecZA+bgdWBHWreIpyq0VKUFNRWl7XdrPu772tdaeRFOlVdCs4RcoppJtO3KkrttrWSs7W0d/VGBoH/Ia0uMlwftXJVcFQyYY/L1wSW6c5GFx07R9SuLrwLaWcUsrWek6hrsOVQoH3vK5WQ/eJzk4IbLA8A8DjtLKtrFg8TbJdwkTZIrgFQVzjPIJxyQTkDJGMnQ0/wAQW0Xgm/0u6gK3D6pqcqT+Zw581xIHx93A+YL0JypOADXPjKEZ4vCVG4/G09npZe6tdH8791saZfVnSw2NpxhL3oJXV1dt3jtsvdXVO+m2/NeVcXT26AylBFuCk5ULsXJwehHPJ56kEc1658MviP4i+FnijQdT0KeCCbVdB1jRbl5Az7ILpHjZ485CT4ZtjgA7iOcYrz/Tbq0ZrR12SIbJlJVJDIAF5yqoQxABwAeck7T0OXqWsWcOreDh5M5iWa4SVSphBLM2Agbluoxt475znblmmCw2MwsqFWNOtGckpRnZpxTj36LpbXTfYyyvFYvBYtV8NOpSrQUnGcW7qVotX126Pe6t6Hv/AI5s/APiHSZtTvW1S78QTw2lpo+rQw7EvbieUNeG+VSu5o2LRrJgll+pryeHRrjw3r0FsPM3wQm5hmiiaKWEtHw/zBQG3YIIJyTu6AV3sPjJdJ8N6aItKtbpPtF2qfain2iPMr4ZCSdhYnIKdMZORVa/8U6lrWoznUNPgVptOjWKVlUzJsTYqCRQS3Bzk4z0I71hh8NTw1OdCm7UVGMY021JQ91R5V3Vlpsrf4rHo4nGV8XUp168bYhNSlKMdZNWbcnquaUtO+7etj1nwh8UtTuPBWueFPFMK6rY21jaGz1OTEV/pka6otzJJIww0yEAY3MSM4OV5riNftn1fVri18OyzazbIPt/9oQs0kSxyw7ikrHOwoWwy88kgAY21x9pO0tl4khkhNs39liKR0OA6hMgthQAM9AeMenbl/BnijVfD1xqOn6ZJM0epWEccn71gMhVYMuQWU7Ry3OeRwCcrCYV4DESnhXGLrWc1qoTk1G6stm1HSS00emrHj8ZHM8LCljE5RpR5faK6qWXLp1e/M3fXz1ZSvY3tPEelwuuyRtStg+QyhSQGBwVB2kZ6DkjB4NW9bRl1K0RmDM+s3jA7SeBuXrye+BjGcjoeK6bWPIvtR8M6pq7PbyTXlsGeKJXCIkixGZnyu9hnfzyCMAdx23i/wAM+F9O8RWFvp+o6lqX2CJb65f7FGgl+2yRyb1KOSFRCUVseh4ySPWli1zQjKLblfmaTaVpJy6OO7Wz1XqzwKWVScZSpyiqcJpx5pNScW4vVXdrXTur3XQ8x+HujxXfi3S7fUYIbjT/AO2dl1HNIYYnUvuCu5OUQkKCf4TkfKMmvRPE/heGx8aapZhtLt9LGp25WOG586CGGUjCCTPzFQTzn5RtK5zxx08LR3GpSaZDcRxLqLNEphPmhQ42l24Klv4vTGO4aupttC1rxBM6WViJbstZPLEfmZSzKNzFmUBu7EsCOeOmCu6cFTm6qjHkSUbpJtyjJNu6eys1fq/K/RhKScJ0HSk5qomp2vdJa+WrtfZWfpf0rwfoEOneJfEV14P8LXXjC/s7eEtb6WZ3a3tZEw8sqqpEYLMpDvjJwQeRnqdS+E3xZ8TeJNLtdS0mfwiWGn3CR6s0FpFFZXkoAlkeVkciNG3spBPPTHX0v4WfFSy/ZSn+I9tqWnyax438caJpNnoEUflR6fpchjRjJfyZbdHvVJPIIAJABPXPg3xA+LvxA+IviQat4w8SS3urve252WgMVrDboR5dvHHEQnlImAF2joRjDED8lx+bca5vnGb5TltHBZXkdGEKdDN6ylXxFXESpwdT2GGUoxcIO65qtRK60WqP1XLcu4SyjLctzHHe2zLNalSVSrltJqnh4UozXIqtblc3KateCT0W90z1H4+Q+Ev2Y9W8MaX8HfHtp498bS294fG+s2lnFJo/h67u0Ui3tEXMcl6mcC4U7kZcg8HHxvP4g8ReJWn1K91nW9f1i4uCXu7+WS5kj80k/KZpCERCxwigDaMY6V0eowO+ueIpVWOeWS6W4cdFEkkZb5iWLBsEDg5AOR6nzM+Kdd0i2urVvDzxIsu5buKTaGUtw7BVyCMnocdhySK+h4XyXDZHh4VsfiamZ5jUhKGIzPE0oyxFWUnF+77NWpU1f3KcHGKSV7vU8HinOa2b4iUMNh6OX4Dmi6OAw7lCjTjFRTb3c5SirSlLeT22t/Rd4O+P37FHwS/Y78D+F7Dwd4J+NPxy1/wvcxa2L7SkfVNE8Qzr+9F3eSxb7aC0YoYI4mYE9PlJNfiN8Szq/iDxUmpXWnPb3GovqF4NLtQRZWQKho4bRCxVUhXAyApO3JAGa8/8J/b9Vu7W8EM1ur+ZK7LcFZHYgDIHGMjtnJ6c9B0mqz+Ij4q8OslvfzRpZ6qjI8xPmkKBkHJBO0jqMgKfQV9dluFpYOlisRz1KksbWcpTqSlLRtOCgnaMIx1slul3Vj5PHVZYuph6DpRpxw9PlpRpxu20oq8mk730d9bPpfbyzRrDV7dp1kt7hS9w52Ec/NI/U4VeO5IAzwCpIrcjsdX+06W0lpMy+fdYKpguD1UFckqOc9yBjtzrafaazcXd+psLlJBKgRTICInLtyc4B3MQDkg5yC3rsPc63ay6Jay2U0Trd3KGWRsLID1VCflB4OCOBjjtn0aWMUKDpxtaLWlr396N+u7snZ221PGlg28S5STStKzcXfaN10adl1treyPMBoes3d94kjsra5uIRIPMaGF3KuOgfCnHoc/eABABJqLTNE1b7Ki/YrokIYiqxnLEMd3UHBGCQTheoJyRXvHg248SWt3r0mg2RuTNLi7RWDKwbKknKsMr3DHIABPAwHWcPiFZd66cqyuZdyPKAoJkJzg5yynOOMYA44zWlCcXGLbtyOSvfVXet1K3Mnt1afZaror0Epcqu+aMFpFXSUY6pJK60W/vbb7nhsuiXLLPHLbzJILG8JEi7BtWMn6dsct7HnmpbDRbq60Dw9GkdyzEEKscUspOJCMgIrggE5PIGeT3x6VeWuqqL5tQttjfY79xIXbbt8kq2BzwMYUdugGTkWfCniHxH4d0jRP7G+zOhtGTzJrNbjYXkLArIQQrA4IPUZHJ6jT26U247+y91SfKn70bJu22iTd7b23Jp0ofV+WTfK6y5m0k1FR6KzvvZteTVrWMrVPAuq22h6jfXGm6ha29rYiYyXFlLCjqDwysyKvPUbSSOSQTk1zD+FF1Dw1Y6hDvlklv7OJYQpL4O3cWzz1JYjPJwAC3FereKviN8QtZ0e/sdc8QPeae1q26xVUjzGqlVj2hRtEf5bVweAMebadrl5/Zmk2sTiNZr2GRGSQoR5QUKwABAPyrng4yueTWU61WUm/cpztFq0nJNXSvp/ea0atrboaUcNRpwd4uacm7NKLs9m7O9mlre19b9Eu58WeFHtBbva6bfXBg06Bo2MZEazgAskmRzkjHBIOAuQeK+zfF/wDwUP8AGX/DP1r8CLX4ZaJpenp4Xs9EfVWuppLoGzkSV5jBIiojSNHliGOASB0NfBniS+8fahGRY69J5aB1FukzPIRvOflYfKQQPmyAADxwM+eX9l4qmZf7Y1CWRniZf9IUMMAEHCjPYEY3DkdeQawu5RjTrxdVwlCcJK6hzpxXNdXs02mlot00la2qw9Go5OKjFOyS1fKpct1e6trbSz6ct9D9S/2SP28IPgr4w8e+N9U8Aw67eeMdE8N6VFb2cwi+xvothHarcbsAusjIGOTyTkckZb+1l/wVG+JXxh8NDwNpvg7RvCuiXWu2l5eGLF9qF19hlWa34ZNsH7xQW2kjJIIxmvy00mGcabbJbC4LCSWOR4ZWUM3mYIcDJwACQOMdwSanu2mhjjV7cMxvoVLSsWJJdMqC2DjH1ODnpweOphFKUK/sUqsZRdOs5SvCzi48sE3FNO3vNWvf1N4JKfIqv7qUX7Sm4JwndJty91bpW3tfqj2nwL+0H8SfCPiPxh4pt9D0rXl8W6Xf6Zrvh3WtNgn0jU4Ly3eEzNBICqXsStuiuFG9HAIJxkePeEPDfhbxHqOpyzX1v4T1zTdH1K9s9L1KQnSdWuLqdpE03zM/u44gxiVflGCOgzjszHCZItolWRyN4jLYDKQCcEZwBg8cYyRk5rh47OxutQ8QwTxHz/NQRO6MXj6EgbQoUEtuIHU/e7V87m/C0cVinmGErLLs3m4tY2lGE1W9m1Lkr0pNQrRkkoS5lzJbNaH1mTcRzweFeXYujHHZUotPC1JuKpqVkpUJxV6U4vWKjpdap2SPo7w1+2F8Y/g54R8PfCG71KTV/B/h7xDo/jm18GXF21/a215Yzx3CW2l6sTJLZ2M4QMLaPCxEhcDla/QDSP8AgsD4kHxt8TfGG2+C2nNceLfBOk+HoNCm1q4EVjNYwRpJd/aQhkmaQru8ogLknGW6filqVmbV5LSMG4uJba48iQxkyd8Yd8kBecKDtHIG4Vr+G75l0y2nuVU3METRMGBDKISASpA4I6E44z+FddPBtcsMTGlUxHsVCtKnTlShKUnCVWXKpNKUpQUtG7W3utfHrxw1SdSph/aU6fteenGcnUlCMbckZSSXNyptJWXV+R+i37Uf/BQX4q/tPWd/p9z4B8P+EIYb7Q7mG9tL+a7lU6RPHcRK8cqpgmWIHccHhsYzg6HiX/gpr+2jq/hQ+GoPHPh7Q1FnbWSalpOj2w1NLeCBLcMl3uWSCQxqD5qchvmyMCvzhvdTaKK9kjS4ZpgkiiGRiBjPLDA5B+Y5HXk+tY91NfNHC8a3I8yEBlLsSCem8Y5UjODyTj7ucV006NKnoqa0StdppK6ty8y0t7re9vmcM6Tqcq1lFNyb5E5Xk43adrWdla6stLa6ne+L/H/jjxVoXia08Qa7PrN5r1zbtr2s3Vw91qmrSlt5NxdSs0zxru+VMhE4wDuArx20g1TTo5bCK8vDbTMivGJ2EbRop2r5QYggc565ycckit6CymPlxMsyPcXCB14YhSSckKeRjHTkcZ4ya1JPDF9FLNKSCkLhkUkhiD2UkADPUjkj0PJCneVTmve0YpcsopxjopabuPlZvzWp0Q9pTgopSd5a6Ky218klpor7pPW50Xgr40/GD4avqUPgbx94l8KWut250/VLLRrt7e2vLYxtGPPhRgr7UdlUlTjOAAOK3rj9oD4/32l+GdE/4Wh4xWx8HXQufDcK38sX9l3W9nE1uwYFH3OxDe+a4BNNlZ0dbUZWQ/OXXAPB+8TjHfBwPbGMyT2EqvDM86xjzyGCSBiCMYDspYkHJzkA5J5yTnopuKgn7SKjdO14q97NJvRdXsn2Zk8L7WfOqTlLuqetny2vJ2V9Omv3HW6h8TvjR4kt7608R/FDxrrEF8ZTfW95r95Pb3HnH5xPC77HD/dYEFffsW2niPxwunJoEfjXxXBo8VsbZdKh1i5hsBb4OY0tkkEYjbd86gbeSOeaw4LSQSzDZPIQQcRrKx2kYB2qpbB6/dA92wQNy00fUpHEkWn6jIWGFK2F2w5AHJEJypBJyDg8npmnPGYSCj7XE0ocukXOtTi1HR2bcurf2XqtErOxEcvqc7ccNWk9G1Gk290735d3olo3vr2r2mk2y3UMERuVRrNmcRzyxlssS+50cFg3OeDg5bqQBZi0SzFzPKtshmWM5ad9ysMBWDFiSTjg7s5ORxlq6Cz0jU4dVsYZdM1H7Tc2EgtoHs7iOW7YFhi3hMYaUc/wBs4woPAO4fBvisvOqeHPEAEihvKGkXxcdgRi3zt3Ac44OPQVNDNcvhaH17BwjJyaUsRRipRSt9qfvLmVuqTT1vvbyzGVpJQwmIk48vMo0pvlbV0vhuns9Xbr5vze50q3trcEbI4zNGfKjL+TjcCVKFtig4HzYBz0Oeafr2l2l34gtDaxLGselRSiM5YFlAAaPdkBs8gjGD2yQD3M/gvxU1gA/h/XY08xF3S6Neom7eD5YZoAA3tnJyPl64Sbwz4nutatobbwzrk1z/Z0SG1i0y8W6UbjGk3l+SH8t2/dq+NpPr36J51k8IR5s0y+KbhJqWKoNpR5XKz57KK15lottla2csozObi44LFpxX/Pis5XfLouVWWunb11PMW0FkkuJZLqQNIuCrABjkAcOMk+nTrnI44LfTbiCFAIVKs6lnlcjepJ5LEkq2DuDA5Y4ycV69d/Dn4gBEivPBviS1DlowJtLukMjkEbVEkSbm6cKxJ7ZOM6cXwW+K93HBbWPw88XXpldUiVdNuUeVmHAUMq4KqwOQxLDOD0JX+s/C1KEvbZ5lVNKN7yx+Gg2vdbbUqvvfLXddLmUeH8+nOLjlWYy5V7vLhMRJu7jfam76ddNL+R5x4N8Qf2dDd6BdWNmrX179nTW72WRo7KByW8vcd2ACQwIyQFyTW74qsdIurTwz4f02DTprzUdVW1F1Z3AijeV5QqXV/OSNluSd5JGRHkgcbateHPgl8VNevdZ0vRfAXifVbmw1gWuq2sOntK+mSrEC0UxIOyUDGRnIX5j1zXoPjD9mf40aBozTSfCvxRYR2apfXMtxaxib7KE3SToC+9YUXksoBUDkgA5/JeIOJ8mq4+pUfFuAoQpJ06OG+uYbl99R9n7jqJuTUlJJqzTXR6/o+UcP49YWNF8M4urVq8tSpiPq9dtuMouXvKHu3cXdLa1nbVH6W/ADxx+yP+wP8ADfVvGsetWf7RH7W+rWSy6Xplnam98J/D65ZAbS2tbm4jaOGSHKNd3kIaR2jdNxGS35WftBftMfFv4/ePr/4hfFDXX1PXfEt4lu9uIIxpulWVu+yHTtLgHyRwQphfMUB2O58A11Gk/AD463+iPqul/DDxNdWNzaQ3FrewrAHvbaTaglt1L75o1cgFsHa3DHg48xPwL+Mmpm1b/hA9QSC01n+zHnup4xDDqckmyOyuH3AC4kLbUjyOSCMGvG4a4l8PshnWxFfiXK8TmMq3NiMVicXhueEpTT9nGKkvZpe8kkk2k7t2Z62c8PcaZrGFDD5HmUMG4KFLD0MPiHBxXLaTbTck3dN7XfW55rdwLJcvcyEvIsgOSF6hc8LkAEDkqAeD2Nc9qbx3IspHVMf2jb5+b0J9zjcM9Md8nB5+t5/2Kv2qLi4Aj+E12YHIMskd1G0aZTPzHzeqqdxIySORjIrzXx5+zl8XvATeFrPxJ4WtYLnxLr8NhpFpb3aTzvdRnaUuVQHy1ULgtnIA3cYBr7XD+K/h/mNaGHwHFeS4qtUcnGhQxtGrVl7OPPVajGTfLCEXKTt7sYO++ny+J8NeMsLCWIxfDmaUaNNJSq1MLVVPmqckYJya15nJKKvfmdktzh5ijSSlEjAKlR84BACFSBk53DPPGMYIFYVvbRtaqQitukJBLYX15PHsQO/A4Jyfr4/sQ/tHy2d3qz+ENL06yhsLrUHnvNQAT7NbQmaR4wpIYmJXZR/FyMcZqf4bfsJ/HL4m+GdJ8VaC3hcaRqv2gWryajLBKrW8pjmaaNVIX5hhTlgR36EepV8WPD6jQeLq8UZUsPTnSo1K8cRGcFWqx56dNyhze9JU5O1m/dd3c8Gj4dcZVKscPHIMw9tOMqkIOjKMpQi6alJc1naMpRTfZq11t8L6xHFHdaYywKX/ALXt1G3OCREwPqSOoI64GSOMnUSC8IYRrOAZ3UbXfCcnqmcEdu2flP0+pvjj+xz8SPglo+ja14y1zwnbwN4r0yzkgs7mW6u45b0MltIxaIfuHLEORkgHv1r6a8Bf8E4/iX480y21JfiD4LsGuUS6Nsk8wlhtrhEeCSXdCAS6sDwT0POAK5KvjR4cYOjHH1+KMHHB4qc6WHrqNZwq1KDg68KTjSd3DmhdNW95O2p1/wDELONsTU+rRyLEe3ornq05ezi4xqtcjl763s9L23elmj8xDDKlhOfKmLIzbi+clQp/vdFAwOcj8c45jSoEfxNpj7JAJdHuATg7QASMDrkjIAHPAwxxiv1r+IH/AAT4f4V6HPdeO/jR4aijuLqLTIG06J7uE3l0jGCKZgh2MWABUnPGAT1rg/h5+wpaan8V9L8C6x8R44ZJPAE/im31HT7BriL7LMC0dtIrAeVLtGSSMgEkDFeViPpB+FyoVK0OIZTp0YSlKVPBYqSapKHPKDVBRnyuUbrmfLz6tWuuuj4Ncb+2hTqZSoOdqcefEYePLKaW79reLdnpLV2sj4Ra1gih3o0hJK465PJ5zyc7uD1BwMZXOMq7a4ttTtWQSyNNFs3ckIznC54HPHbj0wK/dXSP+CY3wdm0ePUNW+N2oEF44p400jYFZmwyK+QSyHPQE9MYBFfOUn7HHwf03xX8TdI8R+NvE0EXhKRW8IS/2cVOsW4geVLqbJ+SIspAJH8XOK8XD/Sb8La8K8sLmWPxCw8acp+zy2vdKdSnTjKKmoXfPPV6uMXd2W3qy8DeNKbp8+HwdB1HJRcsVTtFxhzNyaurtJ2vK7fR6W/K/SraWc38kmPNOoOCHGST6BsckDB+o5GQK20gUyygYULbyEkfKSdp68deMkcYI6iv2W/Z0/Yf/Z3+IXwx8OeMPFTeLhqmtT6lcXTwajb2kLww3MsEbCF7hNhKoCSQCQcsDzj2qL9iT9j7Rtfns7/QNeurYQJGk9x4vtoQrSKQzz4uSBv7ZIwQc8Yz5eP+lJ4e4OvisKqGd162GqVKcvZ5emnKk7NRbqa3bfL3Xc6cN4F8WYiFGtHEZXCNWMJJTxFS9pcrWqpWT35raq1r3P5wb4Ri2tMNuKX1uSA3zL++Jz14B7HjjGOBivRUvHFygikLKY1BUyBByMA84DYwCB15xnOK/Sn41fBb9mnwt4o+F2gaJ4a06xttV+IEml+IbzUPGEMkN3pEBDxq7xSv9ljwebjAbcThiOK+l/CXwT/Y70TWb/UtYX4bXWnym4h0+yvvHiyPYhAUj8wDKy7WG4Hksp56Zrkx30neFsFgsHjYcPcRYinmFKtUoRhhKbqcuHq+wkppVpcnM03Cyu1ZtI6sP4HZ7iq9bDzzXKqdTByoqrJ1Klm60YyfK3SjzSikk1tqtbn4f/aZJVmR3iUb8NHI6sSvJb269cAnngkAkeEwf6NrfidLqbfBcRs9s4cFT5ZyVXnGFK4ZQMjPQcV/Q58UdL/ZV8I/CXxbceFLT4I3nist5lhdS+Ikupo7dXyVijZdyzbMqQhI6ng4r49+EXjj9jqD4zLe/FaL4Z2PhNfAsKvYRH7RYNr7hzdTROYzmeRGyUPIdhjdmvncP9JXD5zSxGIwfA/EnJgVVqJToWqV+T2b5KcYRbfN7T0vFpJNO/sf8QRr4CNOOI4kyhvETjST9o1yc0r3kpSS5bxs7Lrfbf8AP7T5RLptmsKrM0dnE2I1d24VcYIXqfun5uCCcnmuiittSaK3lFhdywsQhWOxuZN56hQVh57cjg459T+r37NPx0/Yg8J6D4st/F+pfDK3iTxnrM2if2jpUWp39xoE0khsYU81P3cMa7Qig8HjBrpPGX7aX7JuneJEt/D3jH4fWPhaKxaRjbeEbNbyO5TMkaQBIztLD93vySRyOTSxn0lc6w+KxWBwXhlxDi1QahHE8laFKreEJRlHkwk725nGyk22t9ERhfAvB1YQxOL4wy6h7RqUqcFSajadnFt4hNu1+lnfofjz4QkuJzrdq8DKyX58qIQTLMrZyyugTehGSCGA9COldhq+k3Cy2En9mzut1E0SsLS+ZTgFtwxCwYLyW5wv8RGMV9dfs5/tS/sn+Cvih8XPE3jfWdD1PQ/EOpQ6loCalo0U7Slx/pKwxvGyW68nCqu0g8j1+0vFP/BRH/gn7c2FmNPn0i2ntbfUYkgg8O27Lm7tXiUxnywVYFwAQBwfvCuLOvpE+ImBzKllWUeGuZY3Cujg688cqNeUYfWaNKtVpK+FcXPDym6Ur2tKD0R15f4M8I1qdTG5jxHRjiI1K0FSvSXOqMlThUX7x+7UUFJeUtL2PxvufDl7f6Sl1b/ZY0gR98iwXUgAgOWJKxlFKDPmEkbcE8cVzmjRXWt+KdNtNHK3i/YZg9zBbTvFujZhIoKxkKVwQWYhc574Nfpbo/8AwUc/Y+8J/CzUvBsHhi01fVrm1160t7qDwxZyFhqckogd5pFDB13gkgfKR8vc186fsq/t0fs1fB7XNe1Dxl4Z/t2LWoZ7W306DQbS5/s1/PMiGEykCJZFwHZDyTggc49LB+MvinXy3iLH1PD7MfrOXOkspwij7Ormkpz5ZSjF0k4xpR5ZtK6afLduxxV/DDgyOJy/DrOqEKVfm+t1U23QhBQ/vWvP3krvotzwa88F6xYWV/c3Ef2gSgyCKKGdQp3Bf3soQCM/3i7BcDk42s26vwu8Xx6XBq91pwitba0N40kAnmgS0KF1c3EaNC5wOArEnpgdv0D+In/BUb9jbxT4A8S+FdO+FV1pd9rtjLZPeWvh6xikKs4fdvVgysVOM5DDI5FeTP8A8FRf2eLL4fWvgbTPhVqrxaZ4ak0OznNrBFC9zLC0Yu7yHP7xwSHUlyRx0AJPiPxg8dcbh8LPD+Hc8LXq5hGhiKOI9mlTwEqdKUsRzupFqo5SnFR5WvdvrserDwu8L6cm6mezlBUJTg41FeVdN8sbcr912i29Gm9kfEvhb4XeM9S0/Ur5NLu5Yb65a5sZhY3nlS20zALIW8rbtYkYJOTg4wq5qLTP2WfiHcazc2Wm2unX2t3l3532O3uxFeW4lBaMyRSMrI8ik7S2MAYI5NfYXg7/AIKr/Czwb8PbbwXH8K9X1m7WFIptTkWGMqFPypCAPlRRkBQQCeoNePJ/wUc+Hvh/4maj8Q/C/wAFri5n1LS7SzuLbVL5yq30A2/bExuCqwBwij5QOuM46YeJHj9iK2ZRhwJgcJTwscQ8nqV8Rh6kcXUjUhGl7dyxEHRjUgnN2Taas9LNVHw+8NKFOHPnNeu8TyRxUKcpRlTjyxcpU/3crtS0srKz7annHi79m/4leALGx1HxZo0NlFqGt2emWsck4mnF/K2FjlRNzYLYYFcqM8ccH3vwT+xn4s8YWl/fS+IdAtWt5xBLZF5nmtndUO2cJG/lj5gcsRjk8EivLPi3/wAFK9S+LGjR6TH8INH0RoddsddXVI7xnvFlsnD+TCGT90soULIw+bBGASedLR/+CoHjPw5HqyaB8KfDumprMUSXYOoSyvPLHGI3uJWaLLNKVViCFO5gAec0V+NPpFYvKMFKHD+SYXO3VxX1+lSrYOWGjRjOm8K4OrVqpylBzU7X1Su1dX5aXA/hXhsdUp/WMXWwPJS9nOq66qSqNXrcyp04O2zjd2t0bseweI/2FdZ0LRdR1a38e+Cxc6bJDDd2Uc0zXU3nEBdg2AZHRgWOcehrmk/Y38SSaTf6pF4j0qa1t7O4nkdY5UEzW0avNGHkRdgUdScE/eGTXkmr/wDBSr4la3HeLdfDvwhDDOlsTHGrCSWW2JaKSd/LDSEN1Jxu4Bwuazte/wCCk3x513TJ9HXQ/CGnaZf2ctjPbwWEYLQyIIvMDKgIn8snLqeTyRXPhuIfpM1Fh/rOEyCjF16f1h/WMDzRw3NBzUIQpO85R5ktVq91e52YrhTwijKU6EMZUlGD9mlHFq0+VKKm5z01Su356XR9WfD39iW88eeFYNfsPiHpNur28LLpjWkk0ihmePyo8L+8CFCWcdcqeO/pEH/BOU3NjHLe/FXS7SMzNDIi6VK0lsyKXJZfLztbO1COTwAD3/NHw9+3r+0t4Q02x0fwr4g8O6PpulBksCujwy3AUsSUklYM0mMkgNkgnPoRpTf8FBf2srtd9x8StLhCzi62poNuAXycFgOGxnOcclR7mubGS+kvWzDEywnEWQYXLp4mpLDQnTozqQwrlFwjNrAyvJK1/eaurXaZ3YLK/CGjhqCr5DjquJVJKrNOr7P2nKnJqTxabSlt7qVrKyuWPG37NxsNf1+yXxFePDpvjKw8Nw3D6fMIr17i5SH7ag2Bo/LXEgjfBIPqFx+p9j/wTC0qLwxZaprPxcuYo5LC0vVK+HBIblZbaNxA6lMjJkKKcAjbhvf8PNe+Ovxf8V6td6zf/ES6Fxqd8uo6hFa2ywWs2oQkNFdrbqNsc0DBWRxjBPJrtJ/2rf2nWhhSX4+eNpobeJIIkjupRFFFGoCrtztxGgUDnqBgYBr6TPMN4xY7D5d/ZHFOByvE06UlmE4UVNYico0EpQX1ZpKEo1Lpct+fR6WPPy7C+HWGxGLnjeHJ42hOrCWDhOTToxvzSTtiV70rx6tpRt1bPufwh/wT28G+JfjT8Q/AN38Qb6x0nwpbaTq0esS6XFCNTl1SVYxZGNwuyOInJcnaq9COtffHhb/gl54Oj0rQIdU+L8p0WzuLpYbbQls7W/h2RvIm2dJQzKzY3FyAPmIbORX88epfG74w3mvXuvy/ErxhLqepWkMOpalbXrwPqEcHzRrcgFdwj6qASF25HPFU1+NXxshiEcfxX+IYjkcv5cWu3UKpuGSMCVjg4I7nGT14rwsdwp4xY/khT4/jhKMsPhlWo06Hx4mnShGvV5lTUrVailLluvddtLXPocNmfhxhlzPhCnXqRnVUKlWXM4UZT9yLvOS91OKeru9W9T98/hB+wn8BvHOn+KF1z4iarpV3o3ifV/Dt00lxZ237qF3eO9nMk6edLKm1Xc5HynnHzHz/AMc/8E7/AIN/8Lb+GXw88DePb62ttcsNcu9X1aLUtPvlkktYHa3lUtciO0SZhsMZZQSDgHIr8L4/iD46Rr0y+NPG3+lSNPPHHrd0iTzSDDTShXAeQjILHJIwc9MZ+neNvF+m3f2u08TeL4rkDEd3/bl2LhAxJZRL5vmRxsCSVUgNwCucVdDgPxSp4rEYh+I2KqU6lKrHDYSUakaVCpUoKnBytNJxpVb1Ix5bvvubVuI+BpUKNKnwXg4zU4OpW5Kbm4Rqxm7e7vKK5G1JaX3Vkf0E6j/wTR8E6N4XvXi8ba/feILW5SN7GN9CjS5gaYmSTz/toLZiJYFcEDI4r1Pwf/wT1/Zhm0bTbvxF4h8TWV5NbutzaTa5otvKbyMlWHyXmBG4AaNgc4K8Zxj+b65+KfxElDR/8Jb4wldlOWfxRfAdBk8zDJwTnkjtz1HM3fjnxtPGBceJvEkjK2fn8S3ZAIJIPM/I9jn26c+fiPDnxgxFKMX4pV6E1Pmc6VGtdxslycqxEVbWLTb0t2vbrw/E/AFCWnBOFknrrGle911cJaWurfNdj+oyT9gz9jjQZrTUL3xDqksS5LRT+L9LVoUVSd/li8KttHzHjOQD16/kH/wVI+Ff7PPw7v8A4M/8KbltLzVdQ1C8m1ie38QR6zNLaRPsie6ijeSOybcF+VeXPJODx+Z974s1+Ul7rVtZnKYA3+Irk7ieuQbjqBjOeoBHfbXB3Wpfbdb0aOfzXkkvkUtLevdSBfNyAS8jgA8noAAOcV08M+HfHGSZtRzPPfEHMc7wuHblUy+qqkaFeThyJ1HLET0hKSmo8j1Sas7k5vxRwvmGDnhst4VweXYmoowhioKkp07SpydlClF7Rau5LR2s9Ufo74bttvg7RnQxKy3NqDxyGmKnHOPmBOOeMcfX85v2gNKSH4oeJbuYpLIJkjQbcgMwJ3dOPlPJ+h9q/SPR03eCdKaIKu/UdPTnkKFkjUHoSCOfpgjB5x+ef7QltKvxM8TqoDZvY2LchcbM4Gc4BA3ZI/LcK/fsug5QhOUuaModVpd8kr6q+jfLc/Js5lGMLW5XCS1TW/S/ZdrJ226Hx78WvIh160jiUbk0W2YFgCxZ49zEjHOSNvUE7udwr9yf2OY7i0/Z28FyRoTJMbl8g7cKzHhmA4HGDnsK/H3xr8Nr7xBa3HjiK9tUtrHTYQ+ntkz3EMKCORkYAgHfx0IA7DIFftR+y9Etr8Afh9bmMxNJZSP5EO5ydxBVCRy2SecjPPQc5+iy+k6eMnOpGUYvDuUZNWvG8WpJ7dV1XW1tz4+dSnVpctOalNS5ZxSbtJpNu9ld27Pe90mew/Ee7e1+HepJMEmdzprMdxZU3XcJ5Iz8w69vx5Feg+HLZ71o5SGjC2VvgYKhh5KYZeMZ+oboB0HOB4z8H3d34Fnudb1Gx8PWN1eaUoN7KiMsIuoWMux2DuFHVdrAg5x69/rnxO+F/ga1e08MW+o+PPEcVskAvED2uhrPHCuxon2h5o8k8LHhm6HJor51h6GLqYelCpXlOEOV04uUU018bWlr9b2tdtas7sLlFarh6dWpKEIRqNtSkk3H3HezTu3ZvdP01v518WtKC/DHxROIgSVjDTNgRAm5h+/IwVQADyODgj14s6Z488F+FfD+jWc19JreuRaZZmLSdDia6fekK4jlmIaBdx6qHBxnkbQa+ZvjN8Q/FfiXwXrz+LNSt9A0y8uIhFpiXEWn2MMXnqSrxhxLdEKufmT5sbjwMjA074veCrLTtP0HwRpmreMdXhs4YzB4b01/sTzrEBi41CYIdrMW3ujnjnDHbjxsTWxFepOdbELDwlSV4U3zVWna0Ukrtq61T0evY9jCKjhYR9lh/ay5rqU1y047bt2066u3RO59T33xT+IWvLFDpEWneCdOkZ42eMfbtceBk+Z1RspBI69Gj+536Zr4/wDC4+HNlc+NvFPxJ8RLcGDxnqISXxBqJl80QhWYpp+8l3YkkbY/QKAevSw+H/2hPiAsfnnSfhpoE8hQRWp+168YX43C6dV8qQqDwGG0nHOBXH/D79mzwTHqPia98S/bfFmo2Pia4hE+tTPNDKwCszi1LmMSMW+YnJbOG4JJ5csy+pLEKph8NKqpJt1MU2lK7jdtS1tppor2suhrj8xcqMo1cTGCjGEvZ0HZwu0tGrJ817aSdkutx+qftWaRPHJoHwT+H2qeLJLeU7Lz7C+maQWRhh1udiM8Y+9g5UgAHPFc9oOgfGD4qeMvEMvjPxRF4E8/R9Oe80zwsgS4mtJmYRQS3vDxyIAQ5QLnOd3WvrHTfC2jaRZzw6bpVrZWUI8tIbW2htokYkn5nVR8vY5bORXi118TPBnw/wDiN4vn13UVd5NG0aK10/Tx9qnmljkdvLTy96qUzubzCAPpmvoK2WxoyoVsXWhG803SpJUqUUlra3vPzfM77eR4lHH1Kjq0sPSk7U7qpO85yfNBJO65bXd9I3T69F23hv8AZ++Hfg+FtQttE/tjVIUkkbWNflbVdQeVImcyJJcEmMv97C9M8HBr8wtES+lvfHL2qqkTeMtUYFDsCKJWUAKgwoGCBxjnI5GR9KfFP9tV7Zru00qbS/C9oYZo45NRmW41edZImQmO1hDRI5/hBcEHsOK/NPSPiTrLLfx6NNrFwb/Urq9na0sy6TPLKzs7PjG5iSeDgAgdq9XJc6wOVZhCpQoxqKNOrFwpRTk5Pltprror6Xbel9bfN8VZHjc5yx0J4lYdyrUpqpVn7qUdZat2urrTRX6aH1lb6DqzB5WvtihGLK2WyDlgu8844AAGNoIwD24jRLG/bxH4iia4WFluIWeRHJO3aF2nJHU7RtH3fUgnHkdv4l+Ity4MWmeJ7hCwOMGJeTwrAHgZ9Bk9gMmuZiuviTJrmsiy0rUUvJvKkvIXuCkkYwCpkbdnkhcDk84wetfTYji5Tlhq0ctxaUal2nTalNtbJpPa90tFZb9D89wnASpwxdOWd4WTqUYxlKFZNwtOMuZpzlZWVu+vofXMmm6grRwm+8uLC8CcMZCWzuwzDHOM+me5G02W0m4EsRn1VXVVdgv2iNXX5SB1cZOTyM4yzcjmvlaXTfjDdeU66TfgZVf3l+UGAM9c5BPBzjO0c55wDwz8WZpIxLp7qWyqiXUWwrdAT8wJOe2OckjoaqpxdiqkGoZPi9Yu3NGb2jHR+6vk2/K+zChwFgKcl7bPsPJxcLJTjrZxfSb87XvvrpqfRHgcAwzSRvZvEL+9MhmuI0DSpLIMgbhhiFKYUkHqDtyK7Oa7jM8QlubYQsu1okv4doIIOCobGAT06jAGBgY+LfD3g34kapLqscL2Ma2V41vcpLfSQoJ88lVVsEDHJLZHJwODXaN8LPiIEjd7zREQgDm9lZx2GOBhuORgdMcgHGGC4tzCOGpUqWVVW4q15RaTakl1jZJ7fla7OnMuCckq4ydevnUYObi5U4yh7vuwVndu60Xzd0nbX6YvdUsBa3MYubFQlnd4Z7qJpc+Sx2ghvUcYJ3HjOOvNeC/EWj2Xh7S0uNUsImX7TmKaVQVUylgSM5x3+6OcnJ6V4VN8K/Fi281xPrWipHFbSTkLPO7yJGhYxDOfmcAYHXIBHBzU3h34U3+u6VZ6q/iK0tRd+aqwi3LNCsTFSCMgEsMEEnGPxxD4kzuWMhNZYnU9lJKDulZyp3fTROKfTdvrZ9FLhLhqlgZ01mrdP21Oc6iadpxhJRg3a3vJt622e59Fnxt4YQyGbXdPYlwqFZjiPBBxwST27sB7A4GD4g+Ifha60jWbX+2LKWVrGSG2jUs5klfAAQ4IOT0A6KxyAQMeUP8ABMqWY+KizOf4NP4HODyc5HIAB4POSKguvgvb28F1M/iK9lktLSa7iSKyCKzRISI2JYZDN3IGMdOlTiM54hq05xeXUqUJRaa5tlZK9lLW3TS+mtnoVhci4WoVabWZVKsozg4puNpSTil0a1d7K++r6nsnhH4o+DdM0TRrS71UC4t7KOG5jMDMUkVSNmWXCn2GR+Y29JN8afAEW0nULgsQQqiFtrZIHBK8cdOmRnA448z8I/ATw5qWiaRqGoat4he51G3S7nggixHG0mQVDkg84znbyAedozXYt+z14GaRFdvEk53koWmlThSc9OgYkkYPGcAZArfC5hxPKjRjTw9DlVODjzt35Uo2uua90lzO6sm9+hxY7LuCqWKr+3xVeVWVWXPaSSUm7tK2m90r3f3EfjP44+Dbvwtq2mWM149zPFFHEnl8OfNXeQ4C/KOTnnO7B5ANcHZ/FvwdEkKK946RxxB9qL8rqMOg46gqwxx0wDkgDq/FfwH8I2Ph/WtTtLHXRNZ26eRJLdSGNP3iqxYHC5YEjGO5OAqmud0z4MeEzawSDQdXl822hllZrx0DyshO5QBghiQQRls5BPJzEcTxL9cquMaEajpQvzRk1y30216vo91ruXiMNwS8BQ551nRjXmoP2qV58tPmTd+2tlZp9dyFvjD4Nkl8zF6yLvZ1wq7MjGMMeSTt64I5Lf3hx+r/ABc8MSa1pF5Et0YLNZjOrKmV3AKoGxiuDg44AGexCivSrP4N+DFaUSeFbt5NuDvuZCGbhQDxn39eAMknIwde+FPhnTtW8HxR+GFt1v8AVfJuIZZ5H+1ptJEO1uoPOWJBzyR8uDeKxHFEqKjOeHivaU3ZU5/EqlO19HopNf5d+XL8PwNGu1QVZ1J0qt060bcvs7TWjbty332e9nvhyfG/w5NJCHtL5hGQR86gsQcjjOBwSORnjJySDXL3Hxe0GW5uWSxnPmy+YxYqCFByAowd44J9Gx7Zr6cb4SeF4YpvK8EacrlH/eSy52FQSCCQegz078HNYGlfDDSXlli/4RPRyfKeViUDEKMEdF56cAc9xjtrKlxXUlBSxVBLdctKTSbSSXvRWvWyvrpZGFGXAuH51DC1ZRlL3uaqrvWKV/e6eS26NXPnqP4w6fFrKajHplxLHHp5tRHjawY4CspVvuj7pzg7hkHoT1g+PEAj2pot7KV2qQVdlAJ5+5uIyTg8ZPfBzj3ez+GdhF8Q9I0iPwxoYFx4be7+ztahopXzxMygEF1APII5yOOCPa4Phitukgi8M+GI2VBgrpcLNkE8EEdAOD6dfapw9DiR+2ccbCKVVqTVLeXuczt102ulZK9rG2Or8FUJ4f2+AnKUqEJ0r1LWpu9m3fW1nd3atrZ9PhOb453c5QW/hyfYH5Hlz4w3G44jJHAOOcAHdycMI9I+NWu6dq2t39rociTXscMZj+zzP5axt1kzGeD2YjrgY+Y5+3L7wpNZ3axjSfD8TbAyBNMhU8gfKfl5A2tj73zfNgVyvhHw9PqHirx5GbTTlktHseBYwKik4O1Pl+Vc5BABwBkng0Tw/ELq0KcswtKdRqLVJRtaEtbpp35bpfPpdlYfHcGxw2MxFLKoOFLDqVW821KDnCPLo273121Ss731+cpvjn40uIYzFoFy4OSpW2uhk8ZBQRqCMnIGcdgcYqL/AIW/8RJ/mg0DU9zYwkemSMCeh7EnPQjPBGcc19wDwhfrbrjyUYNjallCOvGR8uQDn5e/AOeMVYXwbqBZN8ssYWQZ8mKOPtkYO0HkYJPoeQc4rv8A7H4hlG0s0qtJt2ULX0S6tdbbPr00Z5EeKeC+aKpZNhlKUopXu27uG2ivZbaJr0TR+e2lfEb4qQy6iNL0jUQJNRM15Gun7vLuGG0IR/DuBGVySMd8c9Cnjr48XE7GHQtTPmBgm6xVeP7oIOR06/3RkZwSPq3wV4b1K5v/ABlHbKEeLxFtZpnU/MIFBJUjcG6nbgjJ5GOnrFr4Q12VlEl9BEI0xhY1LLj3wPcnOB3xggVwYPJ80qUm5ZjiYrmkko8sYy9+2t29Xo93ZdVoz28x4lyKhXUP7HwVTlhRanOKu4yp05JWXZO3by6n563XiL9oSeXamh6kJSYwqG2jAU5xkgk5IXkZB54xyMcfZXXxo1ebWjZWl0yJfLFqpMS5F6UZcMhPBBDEBWJ46gV+nV34FvGmWSbWJASyFDHHtYtjnJGF2nBznqMk9ePnXwP4P1nUb/xfFa6k8EUfiiaOVeMyuGbDBmJJYqeeOuMY5rKrkOKdShD63ipc0pXl7TVpKL3tppa99dLLYMPxZl0qOInHL8DSVJU3yxgnGXNNL3r7tJc1lp09fmmz8O/tCInk6c11ZxE/PEVjjCgncXIJ4HOCxwScnAzVnXvA/wAfptNv5dR1uL7FHZSS3kUk8ZzAoJcFM8LgYxz1xwBmvt+6+FutO8Usmp6git8jPkqNgHzLww3DquR1xweprE8Z/DRrHwv4ivrjWbufydGuNqsXxIDGx2kMwBU9Mjuc59ez/ViqqUpzxGLmowvrWfK0kns9No27J9LanIuOcM69OnDCYFN1IKMo0I8yblFJ67PVu97dbux8VaD4H+LUuiaUyeN7PTtPmjM1tbiU/LBkAFQMBc8HPCjI7c1qzfDz4kSyFpficiBsruRzyVAAHBAB4ySB09wGH0n4B+Edv4j8GeFtVfUr9HNi4W3ikIRVVsLgBiBjjkjjrjvXVx/BHS2/dNcaq2A7urTOMnphc9yM4wTjryOaWG4alXhRk/bO6i0nXqJW91L4ZLtp1d+nLY0r8aU6FetBLD05KUrpYane6tq33s1frs022z5MufAnjKHT55Ln4pTzbLKd/KgmUmQJGSUIL5w4GDjnk8mneD/h1Zaj4f07UNV+IOqQSz27+dCt0SYkDMuAA44OMdMZbNfUN/8ABjw1Y6XqNzLb3c8lvp15KBLM52EI5X5T1z6EHIAOMAg7/wAHvht4U1PwXpF7caTbtO0dwrvKpyQJSFA67QqgDA4x2XOT0Yfhmf8AaFHDyppxlQlNKpVqS0jyd3qvJ2v1djjxXGf/AAk18VGr70K9OClSoUYS96Gqso2tfW+r6LS9/wA9/iP8IxY6la3Xhrx3qE9veoy3KT3MgkQqOXUAgZYntx3Hyg159ZfDi8eVRfeKtVVAXAYXJBkAJ5BLkKOvIVTkjJwQB99ftg+DtJ0X4Z22seHrGOy1CHUreH7TaAxNIhB3RsVHPJ+b/dIHzYr8yxd67cTRhrq5RUiUNIZZDhipOAM7SxG4dzweclS3x/EeUU8vzGdJxUIyUJRUbum1Leym9GuVt6+W597wjxFXzfKKFeHPNpum3NK8rcr2S6rXTRdNz1JvhvoyCOWfxVqsp3MXje+cIqg5HIOwAk4HO4ZOABzWvF4F8MJMh+2X0zAc7rzIYDPKnceCNp5OSBxzmvDJJtTj06/uHluTDayqoYySZZ2YkDGBwCG6A44HPbd8DRa9r19uVLiWBIsLukfCOOAi5GGJGTtGDk5IOCD40KGDi4t8utpPt7rXNqovZr5977/R1MbjeZWSinJXS5nJW5U7LXZrrZN99D0yHwdobNOAZTGtwMSSSnYq5G5XOTjPIPqT8vcl8vhnw2/nKGhjVHGSJBJwDksSxGd3bpgj61rSeENU0/Sp/tEU0T3EmdkrsGC5B/3cEkc5B7HBOK811m0nsZ7m3jaNiywhzuPyHAyoIwMjufl5PXLcdWHhhnrGCSS1vdt3eiWnXRt333vs/OxOIx2q9q1eOzk9nd6db6pX7dUblj4c0G5v5jFcW7iGQRjbGu3aynJwM424yT9cEErXRDw54eeCebz4YvLlClliTaQD19OdvPHO45GDx5zaMNKs5LkyMWmvI1aQNsAUYyoJwepwcbsjucjHaaNJFq1hcSrPiESOfKBzlkGQSCQSSc85AJ6NkkH16VGPNaEaaupPlVvesrt6yT0sr2VtdNNF4mIxGPjZNTkm905PVatqWmttHvptd2On02w8LwSwRTy27hyrFzbp90ckAnuSMKOgPqK9cuPF+g6P4d+z2ciRT3YMEamFcLDyjSKMZzgDDZ684Oa828P+GYtSuLGKZhAZIjuZ0UBYxyWB425GcjK/gM4br2nWlxqjLFKr2WnK1rGyopjdowA5BBwT1655PJPU8+Iw0Gk5SjZNLdWWkd7W2vomrpts3w9bF+zblzxfLpKV+a3utX1V1pbZ7rqmWI9W8LwqS13AQz5kcQqHZmALBiR6k5bH8R71RufFXh2BZrmySzmMcMiLC0IUOXJCEHG7PY4Bxkdc84//AAjlp5DvtBVyrKAmCAWwGOT1B9AwHGRXn2p6UlqlxISzRhmBG0ggAjaBtx0bBPXoccHngrRwdOkp8kJWbTUH1XKrqyfbW6a1bbRth3mLq0+apUhFyVnqno47vVaaaNbXvdaPr9N1XTZxDI1naqXdzKWiDIWJztBK5CgYA3HBUr15B9Ms/iDpsccaWttawyWmxI1W3QJvDYD7toPzY6nJK4HGOPOtF8PmfSbaV5RDHcRrMg28lwcYzkgE4wG9h82Tmvsr4CfsK+OPjLpF54qutT03wb4Rs1lkfVdduEtpb1URn22Ub7fM3AZXnuPQ18Fn+d5HlWG+sZhXhQpe05U5Jtyl7sVGnBJt3e/Kne99ND7zK8qznNsTDD4GFWtUULu11FJRjdt/DFLlvKV0pO7skj5s8TePxqv2QXbQSQQuTMnlhYS+7jOBklfXoSCfXHKRePLdZntbSOzMUjhXICBVTHJ6YztHfIJ6kEHd0Xxp+G2h+B/EWoeHPDmvR+Ira2uFhk1SMqiC4V9kkaqhZWw2cEk5wfpXmtr8OpPtUQnuTHGQpcxxgqd53fMV6g9uMjByORnXC18BXwdPE4dP2VaMakJNOOklHlXJKKlrfZxTeq6GlbC43BV5UMROUatOSjJRlz6xcYtJq6ez2uur0Z+if7IfhT4YfFKDxlpPjTxjpfg2bRYUvdIcLEJ7qTqGjnYhtynH7sEhhwRzzp+LdT1Dwl4qbSNO1281m0t1uI4rqOdI7SexQMkcm/Iy7rhwh5J+9wSK+J9F8LWGkSCS11i8heVlLNal4mQqcHJDAtnrgnAHTHGL/iaaFIHjfW9XlndgEklnkLEFVIwRyB3z9305Jr5Cpktarm1bE/Wqk6E0uWjON4U5Ll1TspJX1s3a7su59/g+KqeHyXD4F4aCrUrydeMnGdRNqSjJJatLZrruuh9KN4T+FtnpEvijXhZSX2qyXL3C3eoj7YuVJV44UJ+bJO0YwcYUZ5rifCnxB+DfhWe9m0vQBdSsrASXW2acyxncXg3DAUt+WOdxLZ+Tnmt5rgRS3dxNsJDNPK8qkY6BWO0nJyeRn+cwfTFfy1ljDsdoIjA+QbcEYB5wOeASMDGcg+tDKMTy1KdbEVJ0JppQi1GMNIJpcsY2XNZt3batq09PEr8TUKShLC4OlRq023z6Sk5uzk23Fatva3zR7/8AHX41aP8AELT9GsNJtJ7O1tZY5LhJUT9/LGNqIoUDagTjGMdPc15d4O1Gwt7e7iuLiO2kmmLRiUKGKnJwGJOOPl/iwCcdgOPurrSVgEZWFWDgK+cs3PzMAM9DzuBHXoMHMVxqeiQKhDIZERBmNQdxPQnpg5UDPbGB6D6fKcFDC0I0Yr3Ix1u5Ofvb6v3r9ez2W1z4rNs0xOYV6mJq35na/JdRsoqMtNk7arRXunZ7r2W/1zQRaqYbmAyL/wAfAaQ5diR1JB4IJ9emOK4DxbdaZqFm0NrMDK/lfcYFUwvIXnJJOMk43A8gZ44GbWNKVXzIQZA2U2sAxB4GRkj720ZHUjHba06zY3EEcESJG4ZACuW64HOACCMcY6E8gggV7NGjTpSjJWvdbdbNJPdWbTe61aR8rUqV/at+84uzUeltrxas18Wq3TVnvc4bUdOLOAiMsjM2HXjeeMEYK8Dlj64OMZ4m07UNW0YxNasZ1jkUGK4AY7lzkKWwM989ODx69fdRxSsECuWgViCuRkAbgSTg8A5yPm/Os2fShdNbpAzsWZnKoxwCMdTljkfNuwSM9sg59KdCn7RSgmk4tOzS3stL6X1tazvbzMVmdSlJqV5puKalq9Wt1bdOy3tZ72aNabx5balNaHVIXs7q2IEk0bFk3Hglx0xxjjHJ6cmukXWLS/iaa4VbmBI0MMsbBiuMAsUPzMxXG44Pr1xXm9z4clmS6uYtuICm+MKW3MNwO4HnAPU49+nA5o22owPK0U0sBVSEETEKAoyQccZyfu8Y6diKik6sIzSk5RveMZPS2iWr272WuulrpnR7XC15JVKapzcbXVre8lbTXv5O+l0e56wNH1HTZXtTFloR5gUCOTjG1WVgTuY7uTzj1OSvOaX4Rsbyyjkmh+0IEZ2EaAOoJKoSwIJI24HtnkV5hb+IdWt7fyngS7B5kLL5chRSeSwznOcEfN2x7emeFfHWk2cQ+1maxa42LKrjdBnI4VjggcdCuQc9gMZzxSmm50vfi1qlzLSyVlp139X5nRhMvpxquUKrlGVuZJpNaLt0tZ2032auM0zwjq/h/ULbXfD97PbzQXAnihu28+IeS/mbCj7up4IYDcGOD3r7X8H/ALVni+w8M3Gi+Ifh7pOsRBwkWq2MhgmJC7WYxqu0EA/dJBzjJGcD570jVdI1M3Drew3Fu0LmNI5gH3EADKnGDknbjHJ5Gea6fwXpst7cmzto0EVpdpPKs7f61JCpEeOjAcqeSCcY+9x4uIUZvmnPknd8sYv/AA6aa2a6+qtoe7HByjKNlGUbPm5teZaK942dpaPV69jN8Z+MIPFWmarq9lpc2hGB7l3tboFvOm2khgxGBwBuwOMgnAr42m8W61KytJOVAJChIxjvxyGxz1OMnOeoBH178QJmg03xXFHDHDFbs3lxxYMau6hG6eoHQj1IJzivipkLMwDYwEZhkYLZOcccjk4PXGeOM1WN9ooULNvmgtb2v8K+S0benk31OrBuEI1oOKtGSTT2b9261TejT36aLc028Q6q5Qm6uWRWJ4OA2MblznG3s3y4wTnBBIlj1e/kCn7VN8zFcl2AUYIwOcAk8YGAOTnpnMSEbtmG27xuY8qOhOQeByeufvDkcVtw2ruAqRqu0BkPOevOMEZz1yRxnODyDw2rON7y7LVt6KKdlvZaP3t3qdkJQktlre32rbLZ9bdGt1d6XYn2i6U4aeQkgBcuwJJORjnGc5HI68nknDmNyWDFpHcMoMZduAOTnqD0yw4HU5z11YNMlcb5MGTAwTxhuDjeSxY7cEZzjOGJyavJp0zyGPytoX5txYEsQP73Hv6jjjgZpKnUTim5ON1pd3e23ZdOqW6u7FR5Gvi+0tHo2k1tbTbVdrWs72MExSozO7PtIAAJcbW4GB0J2nIycjrnoanWCVgFIJPPy5LcEnkjdg8ksOcjO3OQMdLFpc8hUshc7shFYkADIAxzjoDyRwvHLVoxaUwZZHTa7Z+RePlByCAMcg4GAOc+m3DUXe9pXTtbotrXundp2urWtfRIHFNrWKvdbLW9umq07+ui2ORisZUUA8nAPI28EFsle5GfTpkAU8WzbMr94MD5ZXAwCSBkEZJ55zxXXnTXYlijHJ2hASDgfKDjAGSeRwME4IIqZdMZpApj2gLkdfmOMbs9icn7vXnqCRTs3zKzSVtNrt2atovs3evlpceqas7ab9VezTVnrv8Ad1ucZ5OYw2SGJJ2jLHGexB2sD9Bj07VIsMuSBEvmctkKMYOPvDqRxtJIAY4zgV239mImCseH438cbQeTgcYPUnB5981Z+wqzjZGkbEZLKCM4x8oGB1zzgjkdRnNWqbaS62Wmrf2VZqV0n6WtuyoP3nd26ra2tu+i22S/4PBeQZEyRsctwyrkE9gACCAOc4J/iJ6VE9vt+RQ24AYKruw2Tkng98dVJbIAXHB7qTTnjH7uHDEgkIAVHXccjPTLc4znv3qq2lzuQI0XJXLs3qp64IGM/LnJ6DAYjisvZN97tqy5Xqm472Wj/C/Wz015rKPvLS17pttXV3ouum+7WlrHJixmJJbLY2L8oUB89QcYyOyg4x1AGSTIdMZgNmNm4bjtBHB2nGB8p56f1yK7NdOnViHUMAABu+7uIxxw2MjoeoPvxQNPcYABC4BYDpuznAzg55wcE5xjvVulFyju3ora6Oyav0V/vd7+Ri6ijJx0ltd6K17LRrXvdp2dt2rs5V9LkDBAgwyrt2g7QDjkg9SAPlI/3Tg9V/s4JkDLhxnC/d+XI6AYwTuOTgHg9q69bSQFt4Y9cFjjCrgqvA456j2OeCSZV051KttJbbhdpwCCDuQnJ6DBBwcHnGSapU43aXMnJy1Wj6aJXS33at0e9iZVYp7X17Poo6cuiV7Pr6+XHNYOqkoScgMMZBznLA9wBjHK9zzzipU04MQ0ajbjDFwSd3ZiAASQDggsCeeRwB3H9lh4w4CuUIQYfHK9QwBHzdMHa2enUCgaVcBcKW2uPuqvIJJAJYj0PUnnrx3h07XT+FWdk1va1rX10v0l0u11Izk7WTvp021jqluktHtr5WZxMdjLGSpTlSzbyAMk5AUgZyMEA+hxlgvW5HYSjCsm9ckt93CjHOfbPIBJHPB4xXXRaS5zBJGOcnzWGDtH15I6kA9PwFWTpcqFU8t0ypAc7sEc4HOSAQOnGO+azlTfu3ldaX6NfCndW1fS93ey2Tst6UZ815OSWm+l7Wte6d2ultLbNHFHSxLuKvtbBVcqCOGJIJOMEDjpyOF6gUi6XgEFflBwcjj0zxnAVuRwvPpxXdf2XO+7bH5bK2Nqg5fHOVBxjjOeh9+eJE0yViUEPU7Gcj5FIGeDyc/KBg5w3JOc0nTSlFKVt3o917rV207Ozultfdmji9u6V9/R3V3pd3flZdDgTp4YMDwAwXO0tjJ6jH3Scj1GDncRnMw0qPK7mwrAZIHykdlIPPOcdj1wM9O0bR7mISbYGDB+FHzBuc7hk5wBjjHbkilTTJgjbo84G4NgKVOeV28gk8qePm5bgYFP2KdmrWeivf8Au6Lrq720trq2kTyy2s9rp3d9OWztpqnvZ+qT1OYXSFUA7gVVQwxhQQSM4IIOQPoCARwRhphagtHFIGMZLEM45ZRz8hPRR0I6nJODjjqxpjOgAdQhUDbvGc8tg/QD06ldoIwDImnu4TPlMsTBcsArHqDk8DPGCe+MN7J0W1JO8rbLV6tR1urPR6JWu97WNacpqUb7K3Rvtqm76b7K2u10cXPprxk/ZizhtzqF3DapJG0cHKnpjjHQcipI7WR1VQpY7SCuTncvO1geSOpO4A9cn07I2My+aWRWCnCMCBxkDGORtHdcjtyBnLjpKRzLdIyhnUO6ElfnAUMqckEMM85xkZOMEjlqYaTtutdrO1tHfXVvVbW27XR3xlTm05XjfdPTXTR921bbp52ty32N2GwAIduOMnJ6ADPI+vGeecD5ZEsWVD8hLcDbu3ZbjB2ngexBzweg4btYUsJ0cu6qisAUbhsZGfmwSRnIVTxjGeozJDBpw84rNGU3HHzEOvJJHTrkHIOeoIznNYKlNNKSbSf3LS97dFeW++l72NuWN9JRtbro1s3Ha19dPTXVa8rBZyNH5bxb87QzsuWQD5TnntgZznnkHitCPTUQjKl3IK8KQMqQd2MLjvkDHPXkc9Cgt4DKSWKsNyyKGZSP4flAI6EEknGecYxVpJ7HySC5EgOAcEEknPRuM4PB59CByKJRmndQk7vW17L4VvonbR3d7PZdDVeztbni3olzWXK1a7t9q17ta7Wel2c4dN2qCAIgwLDcCxB68EAEA9RhewOO9Oi0xxsBj3fNhizABcA4bBGRkEAkcEADAwBXU+dYKqI7tLlMrhX3DkjI4zjOQMH0I5IpsD2DtMGfYwzhpH+XYDggYJGWIHHHtjBqPZVnK9pJaWle7+ytPdsmmr6JJu13fbVwpt3Uk01rqk9eXRJe7628nzd8JtP38RbVCAgtnIJx2YZ7AKD69faBrAqpIV1wTgjBDnjcuc7wQQOcH1z3HReZp2JGVynBBw64HUAhiRljwQDn+IkYzUi3duECgruAG13dSp5H3ufvAEep6cZyKt06ivyxndq7TW17a20WzV7EOnB2vJRba84rbvrrZ2i27dL7HNi0lCISpXAbaCuXOM8KBn3xxyGBwCTtkW2IjBACsVIkGCSctgE+gJwD1xjucY6hpopVRRsZlTePLYMxxyAueMe/QYxgdag8tPk2QSAuxLZUsApPIYIGPJJwOTjLYA4qfY1m1aF17qSeibvHXq7PZJWVrXTsNQpRupP+W1mrrZbK+snZrRb66arDS1yzbwF+XauOxPTKj1xnPoOcd5UtGHDZLDIOUyAOQAR3z1HOe/06A2LOyvHY30rkk4gtbmQZ7A4jOcHkYI4PpnF4aNqLF86VrhLplBHpt44GQOTthI+oxx05FdEcJiJOK5GnZNprty92tOy62V2nYio6cVu3391pPb02tv200s78p9kJUBxyQNrMMnGe3XA5wD9O4zVaa1VjhS4OchuMEgfdHT6Z55zyBwe+j8F+J7uIGz8OeKLgndtMeiai5wR2xbHGT6ew54J0rX4U/Eq+RUtPAPjS4Cgfd8N6oSx6jBNtgnvnPTuCQD6EcsxLSdkrpOLdtny36+m9lpumccq9L1tZpd9vK6e/az8zys2u/DzbgVVgm7+LBXAbjkAZAxxxhcAYLY7WFVGD843ZIBOOgI5yMZI6Adc8YAr3a0/Z++NupJGtp8LfHsihgMt4b1HHI6Am3GQe5yPTqRjp7T9kT9pO+A+xfBrx9MpACY8PXYADEZ/1kI+X8DycdqcMrr3fwrW7u0rXcfdSd9b2tZ326JWh4iHWO28uyaXa2ttL9fOx81pCpw6AqT821TtYhRwCTwVIPfPXHLE0NbJMgYFlfcGdsFlIBHAyAMA9cfhytfY+n/sG/tc33Nt8DfH0gYgj/iTunAGGXDoMZB5xuznnniuz0r/gmn+2nqP+q+BHjmJXPGbGNFIBzj5nHXJJG0cjOOa2p5TiNLOmv8U4J7xe7ae9kl9ye5LxsI+6120stbWbe99V3772PgxbdQwUBgqAkFu5IzjHGRznIByAeDmplgLKF2nzMl9wC5BGME5OFHHAJBxgDJFfpRp3/BJj9tm/IZfgz4tj3nBMiWy4GMAH97hcEHk4wPeuy07/AII2ftu3bjPwt1KAMpU/ab2CPHAwWxMeDzkEYyc5xwN1k8lK8q9BW11q09FeN18Wq6772Ri8fSvZxleySsnvp0UbpfO7s+tmflV9mJj3KArZA3hsEnrwVznJ43YwM+2CogBBLKCSxy5YltwJ5I6kcZIHfBA5r9frT/giH+2vcBhJ4O0yzDkhftOsJH5fXA+WRgDknJPPoOuO00//AIIR/tfTxqLuLwdZkjkz68QV3EA5C5GRk/73ODzxpHKUknLF4Z3UX/FhdJ8u/wB+lur1MJ4+nHRQqN3S0hLq1pfla8vXa5+JqW5VRg4YuTlnUKW6DacjpggkdSPwpfK3fM0kaEAklpRwF+XIBKgDIwfcHg9/3ag/4IFftNXCCK68UfD6zAIJaXXJSc8HBAXjHynuDgnpxW9Y/wDBvf8AHF3Bvvin8OrYNkbBqc0pT3zsO4kk4ADc9gM5P7Lo83vYvDrqpOomraK+id9+ndJas555pCNlOlWcU0rKMnbbV2i7LyWi6NXZ+BMc0URCmeAMCWJDKxYEEYCruyMEnk9jktxUkdzZ42F4dwYvvzlsEZGApPXuAdvYZOa/oisf+Debx5ujfU/jt4AtwdofyA85C88KGxknk9uQS2Miu107/g3tgjYPq/7Q/h4HO3/RtKicYY/w9Oc8AngdMkGp/szCN65jQTbtZczs9Ff3YarXrbo3cSzON7woVHfTWLSa934XJ3fkvm+iP5qWnsiRILlVP3dqAn6sAvJLdSQQB3B6U+K9sN24zgyBidwUtxk8bcHC8Z4IwflHHNf1E6f/AMG/vw5hAbVf2hkkIP3bfQbdlUE8gFmUsTjjCnn73pXfaT/wQi/Z2sGUan8ZtZ1BeA/2fQIIsnBLMrebxkZzyMg9O4v+z8HG7lj6bta7jCo77Xt7iTv2VtVe6vrUsybjZUZNWTs5K6TacXrJ217Ky0eyZ/KGt7YufM2kqisGVYiATkYYkgEHrwMA8kcbqjl1CGLKos7AkEqIzyTnJBAJ3Ekc47g5ziv7AdP/AOCJX7GliBHf+M/F+oR/eKxW4tQccHBRjjJOSAflzxgV6Hp//BIH9gvT4I1ns/GOoFFxlr6ZCxB9lPOMcgY47HimsLgdG8ZKTdtY4aq2rqKvqoq2vVWT6aaz/aMmlFULaxspTgk1dWtab6rZ90raO/8AFaNft8GJra6ZFJAyh4cH5QScDGMjrnv14FabWRKjKlvKF+UFiQW68BST0GRxnIPGOK/uAsv+CV//AAT903r8PPEN+ABnz9VkZWJx1XgZJ68duOTz21j/AME7P2ArABYvgbHdBQv/AB9XHm7uOrEg5B2+vJye7Gtvq+WRjZVa8rWs1h2tPd6OfSy0un0fU55ZlXvpCm0mvddRPflu7tPVtOysrrR+f8IEGquihVsZ5cMxACsQcYVR8pJ56Dknso4wLcep3m9NmjXbAhmz5Tk5OcZbGcjjpzx1Wv74rL9ib9hvTcfZP2edAJGBm4jjcDBH95ehwOAcHnJIyB0Vv+y/+yFYLi1/Z08F5wCpksoGbnOCcr174YY+7nArP2eXu3u4iVmv+XcI6qzV06nRaa9990nHHV5LX2cPeS+N35dG9VFp762fnof5/wA1xrkh2poF6w24U+RIxYk/eBCk9TnOeuScAcacMHiwqVh8M6kwZQBiyuGPB3EqVhweeeG7k9VIH+gHD8C/2ZLNFW1/Z8+HysowGfSbVmB5HeLj2JzkjJPruW/w6+BtiALP4H/DmLACr/xILNivfgiLPCrySQOMfUlTwTso4eo/h1agrr3fPV6q+97+iD63W3VSEXton05dErJ22S76b3sv8/q30fx3cxH7N4P1lgSo+XSNQOWB+9gQdT65zjkc10MPgf4q36qkHgPxE5dcKE0LU2z2OP8ARj37E9eMZBx/f3Dofw4tMfYvhT4AtVGNvl+H7DjGeQDFjbnoenI6k4rRhl0C1Kiz8D+DbcAZUR6FYKAp+6B+6wOOccdz0XNEVgU03gXJWs+acfLWyTSb/wDJejXVLFYrXmr2i0lflbs7xst+rXbVJJdj+BSx+C/x1v4gLP4Z+LJi5GUj8O6kxIBAXO+3GQdvA5H647yw/Zg/aav/AC3tPhB40mIX+Hw/eKDkYACvDwP4gSCOMHFf3fR68Yh/o+j6Ba4XI8nSbJMZOAMiIYGD3zxgHnirC+MNXQZiNpAT8o8mxtkAIBBUAR+4HUHrwDhhsquBi7rLabdvtVbLTlvflgntputPuMpVsU9sZJK97KnFtfCrbtu3Tz0W6P4ZrD9iT9sXVv3ln8EvGzOpyinSWiU7uc7pAvTJ9uvOa7nT/wDgnD+3NqbQGH4JeJ03AFjJbQooLDnO91Jz3OMgjqcgV/bEPGuvgHF8UAwAFhgU4BPIwoG0c/N0HU44zVk8aeIWI3ancAcfdCLkA8HAA+vseMjJFR9YoPRZZhUr63nO+y5drWvd289yVXrtJfXqjelrQgm78tlu31X4Ptb+N2y/4JV/t535+T4Uanbo3zAzvbIAc4AyJAVAz1zk8Dk812Nn/wAEfP269Q2ef4JhtQFCt519ACpySCT5oyDjOfTgd6/ru/4SvXHHz6jdEHrhz/CflwQcDofc9qb/AG/qj8m+umO3j944O76E49SRn7y5LAACnHE04SusuwVnqn77S+Farm9btJqy13F7SrK6eLrNJJ68mlraq0dbpW2VunZ/yi6b/wAES/20Lvd9vs9Ds1lZSPM1BFKjphsMc9s5LdO+MHu9M/4IOftPXmW1PXvDFsHOAG1IgoD04BzyTt5IzycnrX9P66zfkPuu7snjd+9bliQGwM4wc4GewI+U5NTpqdy4Aa4uGJ5G6Rx8oPU4OecZJwFPGOM41eZe6orA5fFaJ3p1O8Xdv2q/HtbuLlnZNYrE2W/LKCT+HtDT773un2P5vtM/4N+/jBcNCmp/EfwtYIu0uy37u+Sd2AvT5TnknJPQjmvRNO/4N+NcVl/tT41eH4EwA5jhWdxgcnJyxboPfd1xkD+gI3kmQwllYYyQZH45244bnJOcfKeML7PNxJtI3Nu6ht7Mct2BIGO/Q8c8jFZSx8m04YfAwaX2MNHe0Xqm5at7PTb77hCTXvV8Q31ftWr7X0S0Ts15/I/DCy/4IBeCECDVfjtGCPvi30uF+pXIBLA/UHA79q7LTP8Aggz8ALYD+2PjLq16gxkW2k2yMMA/dfO8A5PGcnORkZUfsz5kjAbvm6gbifXnqTwCcdhyeKFD8scElhyQOgySc+2eehJ4JyM1H12v3oRTtflw1LR+4rfA72S07ta6Nmkaaum51nrs6s2rXVr6p+d3tqtdz8p9L/4Id/sbWkiPqPivxnqxUAMEPko2Mbv9WSFyB1HYc16Ppf8AwRs/YBsnRrvw74r1VgQWMus3Uauw6ZVQRggDnnqMggGv0diRy3BPDBmH8JBGMgenGNvPU8dcakMeDuB5Bz0U4YgAfjg+pAycj5iKiWYYhQcVVslrFqFOGiSdlKMLtvTu3eyWlx8q3Tk3pa7b1urLWWnTe17W3R8Ca5/wSQ/4J5WfgDxtf2fwVurq+0jw1qV7bT3mtXEgjnjgkaKYKw2hkcKeCBkYIHSv46vif8KPhp4P8d+JvDVloVkF02S/lsxMzSypEt5MsURZhyFjVVDE9V4yM1/oXawqD4afFBnXJHgzVsZJLBvsr5bJwMr9cHk9a/gL+P1lqMfxg8V3E97YzxXsd1tjhCmWGOW8mRUJyfnXaWIOMAjpg17XB1sbmWLhiorFL2MHCNZRnGDj195WW+rtpZnmcUVamFyTDVKM5Uqn1pJzptpuDjrdwkvd9b7dXq/Rf2cvhB4Y8W614L/4RLwzo+leJtB8X6P4y1zX7xIpU07wto88c90iQOG+0TXYV0t4SPmk7YOT/Uu3i66+L+iQeHNf8KabonwduTbW6z61pVoNc8U3f2aKFQtoIh5dpJguAQodCACK/If/AIJS/DzRLuPx1quq6Zputm0TS4Laa5SPfAIn89/tUzn91bQ4yyMNjDluK/TLxH4j8U/GDUdW8G/CeWCHw3Z6hDZ+J/iFNGIrDS2RxBcaV4PjKhLi9jUFDdJhISFKOSAF/AvFuuqvFOMwlHD0sO8IoU17P3YRbhTnKTUUlzJWVkm7tu3b9i8L0ocNYTE18RKrLEc1W07zlpKzV5cztaOjffpYwvjB4h+DHh25i+B/wT+Anw28WfEqawtILPSIfC+ntomiW0jhJdZ8U3cMLQQrCWMvlM/mFwVZRya8X8L/APBIX4Carrum+LPjdpy+I/G+vaZqep6vY+HXOjeF9PkYSSpa6ZZW4EbxQlhGshUcDJAr9FPh/wDCbwb8Lp9a0zwppqi5fw9bSavrl8ftmtateMQ01zfahKGuHd5WZgm8KqnYAAMj2PV7yw0i6s9R1S6gsrHSfBd1e3VxcSrBFDDHbvJJLLJIUVVwD3O7HG4kE/kCxuJoOUKFWrF6RnNSlzTbto9XbVdNWnrc/U4YXD1YxdWnTmmuaKcNIpuNne2l7rXS6utGfAPg3/gnV+w58ONX0DWb34P6VcWtvpWr3OzWZReq721vJMbmZJgECQqu4SE4QKMncMn8cv8Agor8c/2adB+B/gTRP2eNI8F2PiLUviN4g8O+JNR0DTYRdx6Ygmg+yrchAryREA7lchcHA+7X67Sp8U/21vGOlWXgo6p4H/ZxsLDUtB8VfEBVms9S8ZsskiXGl+FEcRyRWkqbornUEC5RjsLKc18m/wDBVv8A4J7/AA/H7G/gHSv2ePB2k6P42+FfjGO907SLKNX8U+ORq0/2WeB2Utc390ZHNxNcSAqGJywGSezK5U3jqE8wrznJ1ou0pNxgtHeo5OWqbVorRK7k1exlj6koYOvSwNJN+zteKcXNqMV7iio3sr2u2m2rJ2ufmt/wRH/Zo+FHxb+KHx9uPjBotr4rtvD2ki68OJrky3GmaVqEs5Y38qSna8wjPygsAuBtGev9JHhjSPDvhD41fDrwZ8P/AAzYf8I/4Y8F3t/qWp6XGkelJJPORb28oRBFJIzMjKrOzBuoDjI/N3/gmh/wTp1P9l3wh4h+LXx78X3XhjxH428NrJrvw9S/EFroemf8fC3Gq3QcedfmMqRaR72AYrgkDP6AWHiDxx8UPEek6F8DdBi8G/Cr+w7m11T4ja1ZGDUtWhgk8t/+Eespwss7MeVvJvKILBlHUDzuJ8Rg8xzarUw7eIpRpwpwab5E1CMJuK+Gyet4rVtvzfocPRxWX5VRhWlKlJqUpxaXN78k7zl8TlZtJXvZtO2rPTfHvxa8K/DzUtb1XxBcTa94nv4/+Kc8F+GrUX97PdqfIia6EIdbONpCgeS58raC2eeniN1pXxB+KFjLq/xd1iHw/YaLNZ3ulfC/wxMqQXCXtwlxbyeJ9Rj2zXdwSQs1i26NeVyQDu9+8P8Awn8N+APDHi2x8K29xe65e2kCap4n1pxqGs3c95Knnsb25LPFE0j+YkUeBH0HQ4p3Pg2x0EeI5mMt1MLbw/ukkZ3LXKCLe4ByNoYdBwANucHFePhcLyVlFKHs3ZuVru+lkr6J6v007o7sVjoVaPtFOXOpJKN7Ky5V719OvrZyEsNA8M694Dsj4i8D+H2ktdfcR2f9lWnkrDBqEcMcYXaCFdSCwP3uhJyQe18Xfs9/Bjxr4f8AE2nah8PfDdrPqH2mOWTTdNt7S8toYrCTyhaXEah4MsAxVBg85YZNSWEkSeFEvb+SO3s116UTyyskcMSC8R2lkd9qogZQSx6dWKgc6uufFzwjs13T/CFvd+OtaS7SB7fQtrWkcs9nKNt1esVgWLk7ikjHB9Bk9lPBVJ4mMoKXNGd1KW3L7rd9krW6tfiQ8So0OVuyabdkuqi29HeyadrvZrZXv/nXfHfw7F4W+P8A8VNBtUkhs9K8b+IbCzSRi8kdpb38ixqWxktsBBY8nHA43DimS3RXdRlVwoRxzg9ywPJGCR1HJznjPt/7T9vO/wC038Z5bq3azuW8feJHmtPMMws5nvJN1uH6MIwxGRkHG4e/hE2WdkQgABSRnCnHTHJxzz14xjAyM/2/wbTcMjwvO7ynQopuKunJUoJtNX87rVaadz+K+Mqsame4pQvyxxNSybvrzXV+ul79NLaXubfwf8KW/i3xtqVhKxEeYpgqg43l125UZ+RQGJbbkDcADwK+9PiN8M/D3hHSdJhF8biUxR7jEuUi+0RkiHkAEtjAOSf4uMcYP/BND4BeIP2iP2gtR+H/AIbvNK0e+udBuL99Y1RgtrY2trJGJ3JGfMkO47EIxng9MV/UCP8Agjv8FptOg1H4i+P9W8bXmnRpd6npulxNp9owigleOOOeAksyyRhlQAb1ypPavw3jbNsPgOKnRrVZQpupSk6cVeTbkm5aq1tGl72yb6WP3bgnBrEcIwqRpxlXlCrDnleOkbONt29X2Vujsj+c74YahY6D4f01JJPJ2QTRrGzeWCqsSu3acncDnJx3x6VU+KXi2TVfBGrW1lDLKzOquzIzgorEDDFdq5VgM5ODzt+UCvoq/wDhRouleMfGGlWWmslho3ifVNP0eK7leQ22nWkzRxCfK4BEagkHDHPUE8cf8Q9B06PwrqNpHLbBns5dtvbGJApjV2MjFTuyActkBiMYz3/rani41OHMKofwqmXUXRUX70ualT5XK2ySautbX6NXP4qq4RU+LsVU5ZqcM1ruqm0lf29mntd6dHazT1sfmf4W0yxl1bUXudKiubswXKhA3mSKVi3CRuoUDueuecLgAf2N/s8So/8AwRCuotOltIJv7Eu0ms0KySgJeRlgq5zux14weDnha/kqMnhvwfY3eprcKLy6trqPdGRM80zI4KOGwFRTjdtPAAGSSBX9Q37Ffw61jxR/wRc8Q+NLPXr1rx9Q1dbaxaMLZm0W4t/3OfmHTeQduByTwRX8++Jy/wCEfARlKOmIjKdui9m9HbfbtpZ28/6O8N0lnOKlK6vTjGDV23+8p9fVaeur2Pkb/gtTcg/sD/BqJWfzXTweJFePaSVsrcNk4B69sHuc88/yFXLIZnG4shHTaM8AKOoAxkdgcknHrX9iH/BaTTZ5v2FvhJZP5XmRX/hVWYDks2n2y4AIyyhskEDAOASDX8hdxot7HczW+zcVfaWIACZYkD2DFsA457k8mvl/DSMY5DU0TTx+KasunPBronrrbrpv2+78Q58+d0nrdYLDx5m7pqMbvdNdelm+21uAmgZnO3LZfB6jAzxk9seo6ZwN3FfTfwM+CVjqkVx8SPiKDp/w90ILJBGf+PjxRqUR3R6VZhhukQkAXDqDtQk7j1rJ+GHwpHi7xAi61ONN8M6SyX2v6op2pDaQfO9qCwAeW5C+WmDnJJGCuT9oeH9M1D47+M9C8DeDNKfTvBWhypY+H9LhQrBDaxAR3GrXm3CmScKzlnyWLEYwCK+hz3M44SjUpqTpJQ9pWq7KEbJ6afE9ba3S1tc8PI8tljK1N8ntHKcY0qWr556JSlFL4U9W9NU9Ud78JfBPi348+MtMOk6W9po1k0VnpenW8OzS/DOkhgquqBRGbpkG93IBZjknPzD6L/aY/aO8Kfsu+EX+DfwaurW/+I11aPb+Idetnik/sMzDbOWkTIe+fnbk4izxg8HB+PH7QHh39kr4dr8GPhMbOT4o6paNF4g1+1MckmiRTRqsjtIM/wCmOCyoM5jXbgDgL+LN/rWo6he32t6pqEt/qV5O9zeXt07S3FxcyEmSWWRyzPuZs+wJ28Hj88wGV1c9xMMwxinDA05J4bDSXL7fZqrVW7hdJpdXq1Zn6JmWbUuH8K8uwkoSx86bWKxMbWoJxS9lTs7RklpfoRa7rN9dX11q2sX11f6neyyXV9d3MjS3F1PM25pJJZCzHcxztAGAw6EAVwNxdz3kg4YheAm9iBuJIBPt0QDucY5zVnUdQk1G4Gc7eUAUlvM9Dzk4zj174HPzeu/C/wCHUmt6hFdahFmGMtKsByQ4VSwZ8rwPlBAOcngElcn9CpUo0oqMIpKMUklpGMbJWVmlbforJdLH5liazqSlOVRzu3KTfvSlJ21d7uTbtd7d/PmfCngbUNVEd3c28iwkx+VGysWmyeCMrkcHqegwBxX3B8JPhBca14gj0VbWdWm04Sr5SD5B94KzbSNgBDOxJCjJLZHPqvwo+DVvqdrN4m1/ytF8J6b80mo3zC1tTFb8yhWcgDKrhAMliAOuMZXxL/aCi8Qa3L8P/wBnDRmsBJaf2PqXjRIwt5PAqhJ/7PcZNvGcHdKpDkEkHuMa2NjGbw+Dg6uItaU2/chzJLdbvVtJNNtdDmp4CvXlGvjKnscJFpwhe0p2tf3b3s9d9la7sdt4z+IHw5/ZmtTpfhxbT4g/GW7iMdvb26rc6V4ULr+7eYJvE13HnIXplck8Yr5is/BXjr4katc+Pvi1f32oXGopNcwWs7sMqFMiRrESVtrZOFSNVUY5wMnd7j8MvgHpuiyR61rUj6v4lkPn3Vzenzys7nc5YvkyOSfvc9MYDV6L4ukisNJmWIRpNGLlAvBkCmNxkgjCgDnjg5IPpRl+UwhKeKxkpVq9m7zs2rKLcUtbJPorLvu7dmJzR8tPC4aMaNBOMVGNk5K8E5S1u5Nu733votT+xz/gnBpdj4V/YF+BcGn21vYW02najcCC3iSFXllnUln2AM7MSCWJLZA564+i57iSaSRmcBWZiiA/Lt7g5b5v+BAk8jrwfA/2G50b9gb9nAj5ZZNIvWOOSxEqjBI6kcjsfU5GB7VEjs+/Dc725I4O4ZAPYAnnnqSBniv5wzjXOczqXtbFVlFPRRtK1ktkkrrbufvOSNyyrAS5UnKhTT2uvdpq7a8/s3s209dDt/D4BuLcLkF7m1AOTnAmAx8pJ6dDyCBk8cj+Nz/gpnM9t+1p+0gy7FI1+wiVSxVm2x4AAGeCTgfnkA8/2Y+GBv1DS1ZRtkv7YHOeAHBxjk8A7c9M5xiv4xv+CpMIk/bA/aGhQYWXxdaLycZBQkEgHOOO6nGOvSvc8M+WvxJiLpOLw7hsrO0oXba0vZ9U9du54HiU3HJMPFt39rzLvZrfTS7vte13fRanj/7Cd14Avf2hvCFl8SvE3/CJ+GtT32moXQu5LW0vJ5R5UNhfOpYR29wSI2cqcFgRnnH07/wU6/Zp+D/wg+Jfh6z+HSvb6Z448Mf2/cadbarHqdnZyhDIlzbXEckhWK8DeYkZAZV7civyd0i2nsNRWB1kO5xiVRtMWw7w8bqdwZTtKn+HGOSOPZ9T1vUvEMulDWNX1rXp4bI2Wmpdy3V7coEj2RW1uHLuI0+6qA7OxHJU/r2L4VxNPibCcRYbMJUMLh8NOjXwKXLSrtyvCo9UrwerdpNrRNan5RhM2pvJ62UVcKq1apWhOlW1lUgrxjJRSt8SdmrrVtW0PGk+FSyeFrDxLpwR5nj1OKVZASrpYudqxEkAvzkAdOMYFWPCuha9rVtLpVlpt1qF9cLGltZxrI4hDHBDkKUjAwclyoAGTgjn6MGi6R4I+G2h3Xxc1qPwh4eivdQuU0oSrJ4n1ZbtgVjsrINuVXwFLSCPGeh7eL+IPjr4s8btbeAvgZ4es/h94ev3j06PxHeBBr+rI5MaT3V+VElnGwIZ1jYkewwV9h57WqRrQhBYh07/AL2S/dU4Rir+9Z81nfSNn103M4ZDhoTo1cXV9hFqMVQUk6lSUrKKtsrttXv1TWrSOnj0b4O/B+yfVPiJ4oM3iRo1mHgTw8wvL43QUkJeSx7hHhgAcZIJOMZrxvx3+198bfG9rP4P8KXU3w78FWdncW8EWnkxa5dWQBHly3aEStvTAKH5ecZPb6h07/gnLrei+Gf+E01nx/pfirxjf21xfTx2t8l5Z2VxHGJ9tzcyS7pGkyFJIBLKwC18Mz+DdU0/xBqL3Tx3V3a2l9HcJCwMaGMvGR8nDAFfvEDAPORxXyWQY/LeKsbjFSxixc8JVVKtB05wp05qVuWEJx2vHd39dre1nMcXw9Qw8Y4dYWFeEZQkpRlKcHyWcpJ2T1vaOum/Rc14Z8E6DHpS6xfzXGr6rfLJPJe6lJJO6zGQl+XLEszN1zknkk5r0Gy1xrCO2hhiU2sbrtijISAhQOQCByOO23p6iquiadNF4StXkVmhP2kLkklW3yFix2kn8xjr1OR6Z8NPgz8QPileWmn+EvDV5qdsrh7rUZYXt9PtYwcNLNO6ogRQCSwboenTH3+Jjl2WYTmxFSlh6agm5zlGKa5UldN6WtePTp6fB055jmeMthYVa9SUl7sIuSbulqu1r63SSdm3YF8Rm6s3YukVui4xvwEJBzkHr1A6kHv049j/AGWPDNr4r/aZ+EH2szQaX/wlWl3N5qEsbpp9vb2FxHcTyTXb4iRAqNjfIACoIPGD67ofwP8Agh8KHQfFXxBc+P8AxgzobL4eeDN98xmDfJDczW+5VR3wj+bgYJyBxXul38NPiR8XbrQ/Ddr4e034A+AvsDXNpp+lRqPFd5AinEd3cRr5oa4jxvAcbctyeQ35HxHxbl7w2JweGf7utSqU3ip3pxSlHlcqULe0qbuyjGzbTbP1Xh3gTNcRXoV8WuVxqU5+yhabunB2lKLtFO12ne1lfW1v3s/bN/4Kyfs+fBT4fXHwk+Gt5F8YvHV5pi6PcaBoKC5tbKYwCARahewJJvRTghYi4JOCQCa/AG+8FftMftOzQap4qksPgx4BbNxFo2jwpbapfWc7biskihJJWfeVbzMMpyCMDj6w+FP7Nvwr+FlhA2kaGNa8SBvM1HxDrKfbL0S/eMkb3CuYtudxKsQxJHJyq5nxw/an+C3wItHl8Z+JbaW9W2JtfDmmyxXep3jgEBVgiZltxu4w4TbkjHUV+C5fhVSxEqeS4XEYrFVGk69WMp8q5lrTo6wppPXmkpS8+p+80snwOWYaM80xFDD0UuecXKKlJ2je8rRbe+kfia+brfC79l/4T/DSKK703RYr7VI5Inn1XVUW+1C7uEAJkjefeYVZxvypwuSSMDNR/Eb9pX4S/AvxJ4k1vx74u02yWDSLe20fw5YTQ3eoXb4UPFBbw5EUqscN5gXaBgH1/Fr4+f8ABT34mePH1DR/h1bRfDrw1JI0UV3GRJrk8QZgjGU4Nq7DnCb+vbII/MfxL4x1rXL6fVtX1K/1fULmVpZtQ1S4kuZ5XkO+RiZXYZLEkAgAehwc/oeV+H2Px8oYrPcVNOaX+zxlzzipWbUpNuNPzir7NK10j5TOPEfLMtg8LkeGjLkbtXlH3JOyTcUtZeTbV76p7n6+/tAf8FW/HniYXugfB3SbbwZosqywvrt2gn1m4iYMgeNMEQPhuCpyGAwOBX5K+NviL4q8a6hPq/i3xJqeuX8heR7vU72W5bLEsdqSOVSNSVAwBgEjBFecXmssYwEYOzMWYg84PDZJX5gCeBkAHgelYbi4upBgthuAqguT1GMBsk8AY2sScEccV+o5Xw5lmUwpxwuFpwslH2jV6jbte9RpuzXW6j0S6r8gzfirMs4lJ4nEzmpSuoKTjSjF20UI+67N2XTRdmy9ea95jBVZnkJxvbOMgnCgZI6YPoTjGeMV4BqGoSRIgnlLZCpGrO5B7KFBJXGMepA3Hmu/8JfB7xV4pKXFtYPHanaXublWjjVc9gflPyEEYJAxwe4+x/hj8F9O8Naro8t3PDdTyzLA88yBok8xCrKit12kkcBeSMYyMe9JQpuy1SSlZW20Vm9rdrP5Xdz5pyqVFG797ZetkmtvON13dk7xbfyZ4e+GWs38aXF5BNY2ko3CS4iKO+0ncqblABPPO4cHjrXvfhb4baZAsJkiadA75IVVWPAJDMWBDDAJ5yN2Mfw5/fT9hj/gmE37c/wk+Kniu48TT+DdV8GeNLPw/wCCZ5LBW0W7s7ON21OW6bhZcMhUDGSWHpX6o/AP/giZ+z98Os+J/iLrd/8AFvV5HkEmjRyRaV4f0lrV1D3ErLIY3gchgwfOAwyMc1+b8Q+KPDvD9WthKs61TGUpSh7CjSqTm5pL3eaygrt2vzW2v2Pssn4HzbNKcMQp0adKSTcpTs0rrXks5a30XRO+nX+UXwv8P9c1mys7rR/D+pX2kxztave2mm3UsYl5VULxROm8ttCqGYkkALX6Kfsu/wDBNL44fH/VbSz/AOEem8F6NczRyv4j8VI1qYrJZFBnitZQJmDR/wCqVkVCQBk4Br+h74z/ALSH7Bf7J3hS40W+sfAekX2hIBpvw78I6RpuqXlxe2ylVubyeNWX7QzqGZ5HDlgxwSDj8Ov2gf8Agsb8bvG9vqFl8FfDth8M/D0kT2kOvywq2u3toxKW62yIiyQzBCvlwxKQDtAOenyuF454p4mjN5Xlf9n4Wp8OLxkpKUY+6rxi0ouVnf3edJ3dmfQy4RyTK5QWOxksTWTTdGlaza5XqvectfTv3P30+F/hD9lz/glz8Nv+ET1T4j6FpmueKhLceLvEt5c2smsavcRWsipa28ETtPa2iuzJEmAhByc44/iO/aO1n4d+O/jn8WvGkfjrS7TRNf8AiBrepaQyOZHurG4uS8cxAB5kGTznqTyea/cD9lD/AIJVfGv9u3wDrvx8/ar+Knizw74Ql0+6v9AtJJ7u88T6/wCRbTTfaGW5dG06ydlAVYgfMU5wMV/PD4o+Cng3RfF/xP0AG8urTwp4w1bRtIuLhn82SytbqWGGWQseXfy9x553HdycV+h+EGS4qOfYypDM3jc0xdJxrVJ6wprmjJ2d3J2lp8KWluh8n4nY7CUMhoKtg1QwFCpFqKajKTaSipRVkrrazbfXez5jUfFHwe0q5bOo3+utHkCO1jcQy7eQAQDzhQOR6H1rldV+N3hiwjWTQ/AbMd+1Jr8fKxB4PIwxC4JyPXp1NzTfhlaC9G1FEEak5KKTuLkBGJ7soyByGx2wGrR+IngGIeFBeW0SB4S1wVijUbFjyDyB0BIBOAVyAexH9K1+G81jhqmIxWLnKVPVJXaafLrZJXSWvR9Uloj+eMNxbk0MZRw+FwlJRq8t51Fdptxtor313vte55rf/tCeOL3dHpen6do6qAF8iCJzg5GN5GTjp14HB75wZPGvxH18pDe+JL2GKQMWWAtEuCSWChNvPzZHB2jIzg8cbbWiBn3IRklsEHOAARnDdCT0PPocYNbkVyscqFC5ZYy3BOFYDbweBnJx09+2R87SwsW7VpzlZ6r3rJ6b3u1zPpftr1X188zk4XoxhCyWsYp9FZ7Xd7arul1RVu9PvLhsahqt9dOcOGlnkZSDkYIznPA9epzxjPDa7YpDqQhTcqtHGxbcXbp8xPJIDKc88kZPsPUUZZEUE5aUrg8Eq2QxwDnHDHuCdxOMjA4Lxcj2+tpGpAJgRi5xnB5J6n04xyMAnAxjjx2FowUVTha8tXe70S2bvpyyvvr2vvtluOq15NVJO7indrXZO6Wlumnpo2aOkx2VqURbaGdnGS0ihj93B27snGcE9+3U8bjCKYsVVEIHyqirkAMcgccjGeoIJwWIxiuYs5CiKOBsEYDKcbgVyV5HJJyDjjOORzXQQOSrN2PzEkZyAARk4yenzNnv9c9+Cw9PkTUU37ukraN2eqa3Xdv8NvNzDFz9tOKk187W0Teuvmt+trGza20UiNuQlTggHoPfOP4vUYByDxjNW7kxwwRqoVSzBF4wcZwcEHOAMgYz79OI7acFAchcgAFjz1HIwCOCc+5GA2aglUXF9FACWVAJC2dw4OSegUgEeoO3DZr3qVGmoK0UpPltrbW62dl2s7babM+cWKqOrK7fJFXbb0+zayetml2Wraa3vsXOoRR+TaO+1FjQgknIYAHaOO5AyR24yMNiq1wZGGCNiHORlhhj3HOBkjHOQe3C1E+m3FzcmUbggVhkgsoXuVHXgY5AboBg4yZo7cWqNh12oNxdxgnjoMc9MYI59NudtE4OnO0otctuVvqk4q23NZvW+rWu9jSHs6sFyu8pLXW7WzvrrvZu+/UlhuriEzGNgIWXZIWyq7eWxgDjr1yeSoPABqhp1pc3eoKypIYwXdwg3AKTjJPAZicdfXHWo5ZTIWUEsHLE+WMY5GCSv5ep9gWz02lX0GkW7b/nknUbUTaGVxhQrH7yrx3xkdc5zWUkpVFO75Ytt3S3dkl036aJ9/LanH2VNRabc2+uzfKut0rdLbb6M5C5ijTxBboW2RK5+eUggYbcQexI5wMkDP8ADk17dY+IfDtgLdp7+FDHGAUjbIbjowBGcYBAGDg9SDivnzW50uNVBXcA7SEhScJubbgHrkjPOcsWzkLis+GGV5Wj6ICChPBLLxjcTyMZJzzleTjOeHC4+eDrzdOPPzTur6p7abXVrd7dEmrNeji8vo4vC0va3VoXaT0esdEtfx1u7LsfS9144splc6c5uY45A7GT7qAEbQOMZJC4JGR0ANbdida1+GKaCJYo5XUl9vyZIJAycEBQOuAvc5YE15J4X0tm064lGNks0aRkqDvZmAIB4DKeQuMYbnOQM/W/h/TTbWVtAY1jHkQhV8sAk7MsxGMZbIyQcktknoa/VuGMFVzVxnXTVNpScd23pbVXVrWtr2d+34vxVmFDJKVWOGUXVVVwhKWt+VRd2n0u2mtvzPBvG3hTV9P02TUJrkSxGQCRNwwufu4zgHkjgHjkjHSvErpXML+azbygZfmZsLg5AJGcj1PJJA54J+3/ABhpUd/oGoWhByUYwjocqCS2QADyT3HHUk4z8UajA9nJLE4BJVlUHGfkJAIBHGDnPQAZB9+Li7KFl9ZeyTVOpDS7btNWbbSV/lZ2VrM9LgfPZ5rhm6rj7WlUSktNYy5WmkmnbdWa7dVd80sYJCKASw2rxySOpGd2eg7nkgjPQNmg2bWK7yM47YYEcbQTgj5t2fXHSl+0ncrMvIYLwQo64AGOTkDPyjn1z1Lly2QrAEbiCxwSeM49OO/pwME5r8wxUbq+zv002VrO93f+k+36xRk7RXp10W3bdat2fdbdJA6xFBhMSAq2cDJO4tnoRg5+nqec81r+GiVwQw87y128BV4GBgAr34H8WOlXJS24M2VAY5HX5uiknIxuwM47E5GM1j6xI4sbdGUbhMrYHU9SATk/dHp15ANeTiJr2cvetZxaV7r7Prtp57b9PewNObs5WSs1p0fu3b2u/KyW7ua/9tTx2cVqsoWMRIpAJU7x0GF7d/lBA5HHQ5rXxEgLMWLDIXcwKAYBIGeuB6AcjJHUcqJmO52diAeOSDleD0J9Bjv9OzPPdmYt1zyM+vrxjBHUc+n1zlj6zgoqpKyiklfVJJNWtay0d9ujb1Z1Ry7DRftHCLlJyd2k237t/T59OmuvT/2h5jMAdqADGe5UbVBwevVskc+tRNeq7FT8+wZyTwCcnPQ8jqAQMEYwMVzv2lgdoyCSoUngA8ZIHIGOMFc9/U0guGRmXLHcM542tgnnOT74/Xg8YPFTktZa72cna3u31fVdd7dBvBUbX5ErWV0rdt2lorr5X31NuW7LfMVVyfkTHZeDnJ7nA7jAPYA5ptO2TnBRlKqTjAIPJz0GDnkf41mGR8K5BJz0HUZO3GB0xxnjGM++FBeQpwSM9BgDYOpwDjOR26kbSRkmolVlK3v62Ss9b7XSsrrzbWlpS2RtGnCnD4VZLaysmnHW7irbXv0srPV20zKOfmPKrjtt7kgD+I8Hg9cc+rPNkZicjZgEN1GQFPckAgAYzycEgHPCw29xNJhIyxdQAMkkAjrzyDtGMYBJ9RnNeRZIZJFZc4YIQM4yAdw4HUduBzz3qffun7zT5bdOqe9tr73/APAVZjUozekldXvqrpe7ez1Vk1rp5Py2tGAOoWjOwEayq8jZ+6gfGGGeAT6jGD68Dq/Es8F3rIa2C+UkCqwjOBwqgE44wPlB7cEYzmuLtElLlYlILoBlSTtGM85AOfl7Dt2FaFukjXjIQfMCYz94DCgZJPI5B712021GCaad46vVXTg3fXVJJ372Tu1tyVEnKS1fIkvVpRum7a66W69Nkek+GgFtyxJBbKqpI+6T9/OcnB6jPUgZIwK9PsJY4YAE8tmd48P1bGMnPQFR/TnHQ+W6KrwWqqRhi2AWY7SxGCSxPXv2zwOOa7ezWRQEBcsSjLsJZRlWyCFzjIJKnPXjrzX2eCqyhCnFSV7Jq9tNE3r0dtlunboz8uz2kp4uclF25kla6f2VpZW69nZaXukew/Da4Fv4riWJ3AntrlXeMkSAfMwzgEqo6EDPfBxiuL8WXU0niC9miLMq3Jt2ZhlsI3DlmyMkjGe5AYdQD3XwmsLiTxVayJHKxFtc7meJthJVuAduASDgeo4xwDVPWvAvi3U9XvpINHnNvLqEpRzGVjKmQ8nI4A7FuAQc4wTXpYmpSlg4xqVIqTqPTmSsm4trs9LvVfjc48PQxLxK9lQqSj7OFnyP+6mm7ejktNGn3v4vqV7cf2gW3NIsDxkBSctxkjLYyFUgEEgHGB93J0Lm/vIZYbuzZrd5QiFYgdxIVScjOf4cgDB5z2zXqx+CWvXt1G881hZRsyZWWVFaMLkZIJBxkEHggnpnnHb2HwS8MwQrJ4h8a6XaOsoLYnjOxRjIIBB5Ve2fl446V83LE4SmpxnNN8yceSztfl1TXNdrzWyV9GfT0csxlb2b9nKLjbnc5cq3jbrdabu++tnbTwjTfFGs78SSyyOWLpIJCSgUnBI5GCQAAcd8e/UeFvHV/wCGvEsHiNp/PuYkCiJxmK5UnBjZQflOMncfYgDhj6+/hv8AZ98L+bNqHjWDUrgNny4JPl6DdkIWXv2PIABPdrEPxD/Zq0treKy0C51293BQoTcjyk5ADNgDJwCPfABOccNHGVaVRSwsavteb3Zq8bNWab1V387a67I9meSUKkVDG1KCp8rUoSaf8vVK76y19W3qzY8U/HSHxb4X8R6fN4fnhv8AUdIaC2MIeWJQYwCzfKePmJ28jk5Gc597/Yu17Q9B+Bz2utajbadcf8JHfOsUhAm+ZhhmTaGK/ewMgkjqK8j1bxnJdaHd3Hhr4dabpFk2n3AF3ewxCaGNIgSyAKSS6EdR3I2muc+Afwi8f/Fbwzc+IbHX7Hw14dj1O4tGRYt9w9yshMk8ak7QWBBUg9Qpz2r2cHi85r42lUnSdSr7KcIe0slyvlcpNp2023629fKzDKuH4ZfVwsMV7Kj7SM6vsLy192y2fVuy20TtY+/774oeCNPndX1B7hyD88RREXoFPz5CDK7R3J9wSPNfEf7SHgjRxuhjhZkDKxuLiMo55BdQjlgCRgnB6ZIzgjnrL9kbQYZWuvEvjXxFrW35ZIY5pLeOReNoO1huXbgdAAOc85r0jSf2ePhFpHlrB4Yg1GYDeX1ORrtjgggMJMrgFfu8jv8ANkGvpXLNZJOdShQT3Sbk7+7dW1Wju9HstHfQ+L+pcNUrunDF4qaf2vdV04vv1a+b1d0mzwTWf2sIZxJb6BpzyO6FY5LOzuLpgxH8GIiG5wORnJzjgg8XF8V/jf4uYQaR4U8Q3cTMxTbaPYR7QOPmYIwGAGJJ65yMHj760zwf4T04xJp3h3RLBAuMW2nw7hgYJ3FTgYxnHGO5Ga6WKNLVSloUKKSCFgRAd3OMKFI65AHJOeMZxzPAVMRKPt8xna93GnaN9rq/M9O1029tDqp5lh8Em8Fk9OHuq06i5m/h1at5/ndrY/PG3+HP7S3ivC3VjHo1o+TG+pajIxRQcgFQfmxknHQ+ueK3LT9kn4kayRL4g+IUFmOVkTTkMkoXjKIzHJCk4XAGQeM19/h1QIrMsihd2WLcHrg4wB3ACk8ZxnJqGB/9IAEuEKnO3lQCDtGe55xyQB0yRg10xyPLoNObqVndN+0qaN+70SirXfn5WtY5a/E2aSklTp0aCW3JBbPl6tPTe6tq/mfIej/sUeEHkRtc8T+Jdddcb0M726FgMvyh4BOdoGcnbljXpWnfss/BzR2hb/hF0v5ogdx1C5ediC2FYK4YEEgFlOOehyTX0XDPGv8Aqyd7YCqPunbyzHGOSAQcEc7uc4zRuHYzbRu8yQHLsQANpYkqOcc5X+HnGCR17KGFwFDmhRwlDTfmhGXVdZttfJX+RxYrMs1rKEqmNrJNO/JNxj0Suotemt7O+p5nefDTwPomi3zab4V0DT2j0++CyR6fBvIWJsDcwyT/AAknBxgkDmvjP9jiyjTx18VwpWFQHCfKvGb44VB/CANo4xnsehP314lP/Eh1LepO3Tb9t7scLtgcZA6kFskA9CeR0NfD37G0P/FafFRm8vLp8pIBAY3bFWJxnGOSDxg4Iq/3ft8LL2dOKU38MYp2cU7aK6t0v113uzmpVq86GYxnXqz56VO3PNtpqa11bttdqy236n6EaLatcOXYF44mCMxJKMcYBA4A4BPGcdSOlU9cWOGYx/KuQx4JOwKx3MOgAOMAYzk+mSNXQHltJZ4mIIJdzklUTKnaQOQQc4GRyeOua4DXrmUTXM7yf6wTAAEEhQxXAJx8wYLkNjI4x2roliI+1nFOyUU9L36XV1o35eT2scnsWsJRau5txbu97KO/Z2drXX3ane+AIre8l1fULuUR4Q28MrOETbHzlSdpYnHOOSTxnpXH69qKXuqTmOBGiQvBGoIO8Rll3gdD/DySOo9wONsNcvJYVtSzxQLIpCp8u9sMfnKgsSecj356CrbHM0bElWBIRVzucZB9DhiF64HXpzWVGKdSVXmk5ScbX2UbJdVZNeruuwsTWcY0aaSUU7txaa2j1bte/wCb1NJGiwC5RXBGMcAYOCu7Gc525xjHuOttSX83YFU/eBYEhuc7iTj5sHPXGTyeeaEEFxNubbmONz8pUr1ODuJwTjnJIzuI+9xjoLPS5rkSxhggQKFWUlSQRnjHRQpz3JXJHv6NGpH3rq2lnzWey3d976N/L0XlyjOVaCjHSVls1e1k7bp3Vm/ud3qYZDhptzBdwDLJu2naDnAPTp6c++M5hDSuJCh2dCFwWaQEdVPUZz1ycg8Yya6N9ELBoXdi21liIUsoBPynkH5vTnGM8DirEWm/Zo5FfCNGiqskpWJCAMkndgA4OfoMDoMbe3pRp6tRte11vay1V91e+u5lGlJ1Jx5JLltpa7WiWttdW92rp/ecUGmHm+YGCcKwJ+cccts43HrjknacjtXyL8Rph/w0p8O1ijww04CMAEMW2kj2GeB1woJAwa+2L650LTw1xe6np9mqK7SSSXkGWPVT5YbJ29ABgZ5JwTXwf8QPE/hO4/ae8CX8Wv2s+k2GnK1/exPuhgKq25SVXaHJHcDHpjivNxWMw/NhbVaVOX1vDy96cVa1SDb1d7WXS1vJ3v8AS5PluL5cZUjh60oTy/E8vuSbu6Tsk1H3neyj3ulrqj5u8ceDbKSDSbvw1cedC8DM0JlZNnHHljPz9+DkA478149e209soivEcOgZFc/LICCc5IXB29juJIOMcYP034+8Aa14YttHstPuDqvkwvI0ls5DooByCowrDGcA+4HUCvCNTvL4mW2vYNjRsS6yr8zDjGMgYYcDHHUD0I/DK8k8Q4wmnGNtL3VlayWujb1vvo93t+0U2vZxTkrye7dmk+X3dXfRu197aLc5DSVjXU7Eyyk5uFAYMGBz1Ax0OOuMY98jH1F8crAT/Df4UpCV3Jb3f3jjO7kE9e3+ea+ZLZkOr6eyIqqb2JSvUqeO567j0G3AAPrhfp34yEy+Bfh7HGfmiFyjbs4A2glSevU/MMDI5wD1b3kko20TV73vya7uz+6+90ejTjJUbxqadelrKOzbT6d1f3n6fKJsZ1PlhF3pkFkbJAJwTz15AweSe/qXPFLHsWQOoDAlyM5PBHOeCO3TjB6VvNFJGu8WwkfGXeF92R/fYAg5HJHBznGMii4miFltcIGLhAz/AH94zwwIBzgYPH86qPLa1ouXK9EleyslorPXZ9eq121oOq5atONrc2/ayequ76X62e9mj6s+EsQf4LfF47uRYRFWbAyQozzlcAcZAPrjHAr41gjjEaEBMFQrhSTk4wMgAdRgYGQAMZ7V9o/CXY/wS+LJbJaWwjjVQD95QcEL3yMckgHqcdvh2PfE6BjIrqSXDqQVyMDqemDk9Mdl9eOaTm1orrVp2evLvpp179T0HNKWq1tda2te2tknv0ivNHRoyqighfkJ2jO0jjOCzYPJ4+9nJGK+t/2YXQ3+pnncNGuQVJ5XcXAwxzjI6AY3Z5Pevi+R5HjMgYDhuAcluOCeOAT0OeMbhyMH7F/ZZBOo6kqksToLtj0+duM+vXj0x365OC54rWzi73t5LeyWtuut31InUvZ2ta/XXXk/L9Olz5o8SQyf8JBrflysoOr3wLfw4+0PgHOSDz/u9DhuQMYW06sAx8yMkAcAE84PKjrkY5HTg4yc9P4hSRtf1sbGGzVr8llGMj7RJgEe45PoR0xwchGYYUHIB3fOGwMdBjBIOcnIPqMqDxVlGLfxJ6Purct2tbJKzv1ura30ajd2Wl2td9+VLZa28/Tsj1/4RIsd7oy8gnxDFkFsE55B428nqMHv0AqL9oKBz8TNadlUL5VsSmV3H5AQTxzznjnJAyTniD4YFk1LRnAUH/hIYM7Wzjp04PbjPrkZzWx8fLdZviVqksuAWtoCQRnLeWF6nByeCAAB24FaUJudNqLatKO9krpxs/lttdrXyMqkZRlsno7pv+8uuyXfq7Lzv4dbW5MwlCsq5GF2heB7jnBbpk5I5OOBXrXw72N4qg3K3JssqMEZ+0Rg5PUnbngnrjoPlHm8MIGELuY9rdiBuCnPJOARwBjqcbskEV3/AMN5lh8UQxo5babIBW4AX7XESMnIUqOMg8nB45oqQkqekkveXa97paLf536PRWNqE25Rut9le6jJcrejez2bXfbq+h/aqYR/FKUxblC6Tpq8Fg2TbLkjkBQxx0IOc5IPJ8i8PajqdtaKtoym2lMiz7wuC+G4TJxux/FkY6cgnPrv7VCXdz8SbpljU50zTGKgBtifZgCowQR2xwQOMgYArw7Sp4odPWKSOYKXYIcAKpK4AIPY5IJHQ571x1aT1XM7q1raJ6RfRtWaVnvuvM9BNOTSaWium2traeas2v0PRPCUc76zZSugy4ZSo+YvtPJY4ChQeoAwf4Wzk17N8UdS1QPo8CpczW7aXCkJgUqInIAPzjAIyMFM+nWvJvh8m/VrdASXihLEEgqS74I5JwrA8cYJzknkV9J/Eu80PS5NMttUSRTPo0RgFtIuVkdCXkdePunkNnJIzwDxw5jUqU8HGMI8y51ole7tFPfZXve9reqs+vL6UaleSnOMYcju5dG+W3RLddV1XQ8Di1S+XTrnTLmOdZbmItJPIA21YgdoK4PzbTghMbSDnAxXQ/C2AJrnh9WDO765bpkDBMbycDHQg4GT7Hj05a7uoXsXm02aWQea4R7obpWQkZIyD8oGRjjPqSc12nw7uAPFPhRvlUJcW1zMUBTJSQKABwQfmPGedxPJzjTASnGhdpXlqk4rlSdpWlr1SaX3M5sQk8Q1zRaTave6ei13a7v8dL6+qfGzQtS1XxdqC2OmalefZorYsLSGSdo0C/M0iRo2xQMYJwSF78mvm/ULF4byS1SO4R0H72KSOSORCMByyuoPykkkdsEAkA4+3PEvxG8S+B/ifrbeHr+0ht9S0y0GoC7s1uY1VV3KXDI2C3AJGDhsMcV4v458aaT4vTU7/wATWltpniRYp5LC50e2S2t76LgJ5ioqqM+oAI5zn5q+RXEGZrPquCqYGjLAKyhi6db98pLlu6lFpWi5bSUpNn3tThTLf9WcNmtHHThmEo808POko0ZQVmnTrqWsrW0klu0up5d8O7RLPxroMzS7kj1OEkHOQWPRs4BwCRx1zx2r7A+L8Dv8L7chkUr4nvVxyWEckSEk56H5j04yMjGQD8geDZ8+I9Fkibcn262eTcTnfvAOSwHUH2weBnBz9e/FON7j4dXhMvlx2/iBi2GJCqYY8hQPu5z94d8E57/ZKvKGFlUha3uryV3HW/Xor9Lb7nwVKDeIhTtfZuzve2q17dNXe/e58MJp6JL5sUqlMlT8vz5384xz246jC88YNeqfDR3j8X6AFVgYpNwJwRtGCCDxxjvyOOgxx5wqoJDDulCNlzI3TGSQMnHBPc449K9X+HcMbeMvDq72QswXgcYJwT1GOM5AAx1AweefDYlTqQ5kpO8b69LxbSs/T716nXUham1aysvtbu6fn5vq79GdB8Z3ZvGTMQw22sO4KMclhzu4yPlHb2xgjHENLJNAkBLsrBIy5XPKkADI+XAB6gng/Q16p8cbWc+KJDb26OFtYi7ElSycDcB0zwT1PIzkZJry7TrgGNoVtdq5G4yc7HAUZ3YGckY79DwDxXJi52qzcUn7yTvdO1krq9k/Pt+L7sLSvQhd6OKV4puy0ve+iWm2rXXofRH7NwkXxaFYhfIfkgZ+WQBQpBxwRjP1A9N2P43uZLf4mazJb3SW3ka/ETOygpCnmAmVoyeQqgnGDkDHTIG5+zdJs8XyB4tod4gyqMgt5gwNwHHA4AUjI59uc+KsVv8A8LE8TMSyBtSyx2/Lg8HIDAHIGORzgcdBWWJlz0IU2klZvme+vK+99OvZJvZXU4OHLiqr3Vo20e3Mr36vWzd9XbWx9LfH7wl4K0rwv4S1nwjrena7q+u29q+uzWF55paV7ZXdpYAdtuVYsChPBOMkZFdl+y5Fb6Jf6lf6haxX1pY6Ybp7KQALcpEPNa3bnkMoYe5PFfLc1/4Zm8NQ2ukiWG5iMJvRLHkMVUZaN9xGST0wBtweK+pfgG0M9vrTo7Fm0KYID8xBWLHIHRmxn1wc8DGPEw0Z0Kcoz556yV5NL3W99b7dLXaS1Z6WKpqdRWa1UHF3S0Ti5JLsrJd2cp468YfC7xj4y1LVk8NXHhizneby7K3YvBDLHlXkC4BCtJ8xGehyScU/RbHwtO+htBfGQSebsaGEZJAJjjlTICZGQMDPXIxgD56u7+OHXdQMsHnxi8vBiTAK7JGUgbs5B68DKgEHdnNemeDdRtXvtOa3Ro2Q/NbkgoCeMA544wQccdOoAPgYyhy+9B1FZttNt31i7Wa66vlvv5WPosHPncIStze6lZW6xa1ej2aXlofrR+z88f8AwkXw5iHAXXNHGMkYYalbkLtJ5BBXHqcgA8V/b/p4U6LoJwOdD0zAOMA/ZlAxzyMnOcgAZFfw0/s9G4bxT8OmKZ3a9pGdq4Ck31uccemRyOT6Dmv7k9KVhoXh7qc6DpYI6gH7LGRz7fwjJwDjHTHwOZ+9Osm/eXs72drau1+nS3k+z0Pss4VsFlKstFVS5W07ctPq+idnfa1+li2uSegx0Awc/gSflGQOMdG65By1olZcbtoGBgH5ck8Ej3XGMZJGOO4egB3EgArgZ6nvnGSMcY6LySO/WTaDllIwCCR0PQYKjoRzx68k5Ga8CXIr3u9Wr+T5XZ97rW66etjwFJRsra3t8PX3Lfn08na7SdYQoB3wPlJHU464/ixx05yO/q9YgF4GQQc8AHqOhznnkg5OOcAE4qQock4JK/PyvRs9DgnDZPPpnqakAY5PAA6jrjjnJwOMHoDjuenOLcOqXknpfbrfe+3p3dzR1JWeulkm05e6tPTVfh20uQrEuMjB9c888Z+gHHTgkUxolDcEr0IC4Iz05xjHQkDjcRyeCBe2lcrkbTjopKAEhec85BIIJAwMjHU0ojGVYc4yCwwCW9MDHzY4wPlxyCMk1DjGWjim+jfa17JX7Lo3bVWexPt6iaTd12+6Kvu+rd9FZWe5nqMBhgnPQcd8/hz3GM4xyTT1yWBZRjAwMZweufcnsRwDn0FaHlYxlfmyQB0KnHPPqOWOTjGACc8qIx6ZHU55HXBYDAO3OAccHHHsowjdPkulso3bb09LK3W6VtN9EfWPiUk791eyvaytfX736dSDj5cAENkEE4LYznvnsOh64znpQiqQ2AOcgHoeOOCBnBBAJxkDOOgDWvKBGCNvcHtg5B9B3OTwM59OXNF8oACkjBzjjrx2GD6demfp0dI3irq13rpqtE99nZNdd2iI1nJ25bertq9Vfe100k1dXd21sVfLUgk7R26k9B6nHJ6foeSDSLEBg4BJBwWJ4zwDjIx05B9M+mLAj+UFiSccZHbvkYBJyB7jkHPGAxnABJGTyQSeuAR2+XqN2MkDPDYrNp31VlpZJpvTl8le3NbvdLfciUtXZt97auz03V9beb66bWgCkDdsU5OSB93g9BwMkDnB5JJGSM07aAc8BiecKT3+UEdOOR0GB93IBzKI8nYpxnI5wQc54z9RwxH/ANeUxN90AIABnP0HPAOegzwuM/UU1Tu1pbVeSVuVXu7rqtdLardke0jZ6tvTe6vflbfNbZ3vsrvb7JW+Y4A6ADOByx3DIBIyOORn6E8kBQu35VOcDjIwBggnGc+uCOSMntgCyIiMArt5xnBBJPPrgt3HA596kEa4AZ+FGcDOe/3ePwPXPbvV+wto073Xbm3S0v0v3110diJOTektO2veOnxO+3lfXTVsq7WIOABnkYwcc8/MMZBOeoz2HILVME4C8nHzZ/hxxz19+cE8jnrmpliXrjA5wAPblj+Jxxjnv1qUIAOi4yVJxyeCe3PUAqSd3AYgAgUlDl1WmvTa10+3onr1M3K9le7St3u7RtZu1le781b5wbcCTI25wG/hAGRg9R9RnnqMkgkuSHlSDnrt5wT0JOc+vPXqDgjqZxGxPB3E8lWUMcZwCd2cY9RyBkEAjATbIc8YXA5AORggbs55Ixg5AHYVtGjKScrNR7Wd2216Ky3aT1V79TDXXXdW1Ur291aaaW736K+1yIxBie7ElsHkhQACAc568g8YPPoacEYjB6AkckEDvjrznsccjB5OTUojJJ2kHaRnaQeg5xnaSMEkjqDxk1KkRGOh6k56jk4479s8ZOBjORlulNyUktoq+1k/dtv1Ttpb0bdktYO0dXZe7pom2rPX5Jta7ru2V9gJ6jABwc9B3ORwcE9M9MntimpGCcMDsPAA689+c98Z7Y6c4xb8oHBfjsQQBy33R3UZxxwc9yM8IISCMknkcYIxxgDtnJPfqcZyOC403LS1nZ376cu11o/ktHrq7tSnFJe8k0rNetl5/LW9u5XMQOOc/wB45yQQcbcjPXjrjPJ6nFOSPrkY5POcjn2BP3iMD5eckZ5NWUU5O7K/3gCcEYbnJ5x2wMY4GMHFShAVOGHynPQfdIGPwz7jHQ+ldUMPNW5XZtO+zsvd92/Xs93bR9bZutCzSbd7WVnfmVttnpburLW+js1QuMnrgcdAFzglWweR2GBnP1xMqEKCFJOeADyAW4OOcnPPHpxRsX2xt5B25DfQjJ/HJHII5OFBCuFGfmU5G3K7vcnuM9ucYx0Jr0acXaz5dNLK/kr2T7fpe1jmfNJW187NL+WVt3563XRpNLVY0J+YjgnB5JOQMDG0evBxhfUndgz4KhVbOMEEnAIXHGRzkFTwQ3GTzUYbGRtOB/tHH4qcce559MYqVix5OB065wo49scjv1yOnJrsoRfNeV978t7Ws90k2raWafXuZTckrXTsr3s1d2Ttfffmb/yPEv2mXC/s7fGvBJA+HfiIBsEnIsHBOM5O4twOOhA7Cv4Kb3R4dQuZjPgmOzkZdwBxm5lx6ZHOOOTlRjg5/vT/AGm1b/hnX42kcj/hXXiI5HYfYXGODggHqM8Dp2I/hJ2h2mK4ybGQAseB/pbk55ywJ65ABDYHykEe/wAOxcuJ8AtE1g8Q3ok+VSivJdvNvue5CduCM9a3WaYKKS01lSS36NW7fPU+Y9Y0C0TUbxdx/wBcpLYGScgN3wq44xjgY554ryaJazKuQCEQHITuDggtx2yR1wTj3rrtbAF/cxPgs8ynOdvBxkjkDqwHcYJYg44xf7R+zzpbrEjoqhTyuAc4BJPGec4BGQegGcfuuHoQl8fK4za1s7p3Tav0VnfS6tZ2PyWtiKrlLWz1V1furJ2+TdrpW3SR738PfBWlN4T8YXk0DGSPR7UxblDEEPndknIyByOTgZwScVi2Gl6cbyFAIlLQLu+TLZ24PtnGQctz1yTiul8B6jdp4T8cRSHhtLg8objtCZyABjBwcnBIHIHJGK5bQ0J1GLfMVaSCMhiCVAKA5Gc5J9ATjPGO/q5fClCti1FQcVVopJfZ/dxTbWmkr2dtFdO/U4cZ7WdPCyfN70ZJ31s01FNv8n5ra11D8eYoYfgbroi8s4vNLj4jwQBdIADwOCN3zAjHA9K/Nb9myNT+0ToTyYEcdnq75OCBy4PGcHGOnqMEAgCv0u+OwVPgn4gj85XJvtOOSuMkXK/gOuR3zyMgA1+Z37OSM3x+0DBCr5GsoxJ+XJeRgBwCDgZwefXIJJ4szlbH4RJR5faUW5R6NSWm+6S/4Z76ZfzvC4hSk3+6qpp2ta0b63bey67adr/pd8ZRbf8ACpPHYR9ztpYbcvAJEpLHA4UDAwfXjg4r4M/Y08mH9oGeYMNw8NRMAQuM9Dggnt36YzxivvL4pQCT4UePd/QaMQCckEB8hl6cdCcZJyOcCvg79jK3Fz+0LcRhgAvhjI74I5PUct0ycMRjPPIrfEtLOsucryUvZq7b/mXXbrovPS9rGVKMnkuN01SlbybUd9d3a70V/N2t9u/tsX1xL8G7OBLdWX/hJ7HdIFyuPl5zn2YjA69OSMfF37JOpy6d8TPHLRLOQ1nGuI2+VcEY4Bxzjvk8kcDOftj9tG1aL4LwkPvKeJdP3AEgKd6DgDIxjq2M9c/eOPif9kFFn+J/xBjMaZjsYm4IYc7SeRnvz2GSRzyTpiVB8SYaKul+7V+qfI9OunrfV9tDHAqUcjqXae9k+XROdPotG212dldaHt/7WWvvdaP4ERoGRo/ELnLHlm+xyggkYweectxnjgVyX7Auv29nZePLS6Ujz/EiPhFBJC+YRGSD7YAOSOTgDNbn7V8U6aR4H+RF3eIJmHCjIFtLjp1G3naCMckHA55H9g6Ex23jt2SMyf26NoYDO47tvUHGPTAB6FumFFL/AFrjGzd6aSunsqa1aV7vt00vrrbapFvh74ldVOazStb2kXa1vRb7q+iPTf26dft5Lz4VS2UTF4bXW0kDofLBd/lX5RglgSeCT2AwM1v/ALBvjnUdO+FGsafb22wR+ItSmkkDbQwkmOYwMk88gEjI+6cE8+d/tvPKs3w43KoZV1YDA65xnAwASATnJbAIziui/YNtxP8ADrxCZGjUr4gugwwMkmRuGIPIHHQZOPU5rGVGlLietCSc4uKundP4INPTdxvay102s1alOccjpSU+V80FpFarn6at7N6Wvq+1l49+2Jr15qPxcu53s44jJ4NihdC2SUjU4dsYznnOeSCSSOMe1fsW+JdR0z4Px20Vgs0SaxrDFt4U5LqADg+47jJOD/teH/tjWssHxVkfEZD+DednHUEAH3AHJPA+UZr3n9iuwFx8GUlbAYazq5C8sDsdeeBgDOe3VeBkZrpy9R/1gxEEuSPJKMYqysr07X063+9bdnjJ3ybDttzk5Ur7J9Vdb7tu3ppax8sfth39xf8AxD1We4t1gaXQPD/7sHJwhlIY54AJ4GM4H1Nfcf7LXiHUbX4NeCLFLIy24syd6sAQC5JXnaQBgDJ9uvOfhv8AbMQx/EHVnOwY8J6QQU6b8yjJyc5yByOgHHIOfuP9la1Wf4K+DHMxj/0NmZgeVAYZxxz745OT1PFPA+z/ALdxEajajaaV7Wf7yKd7p6fd5W3WWMU5ZRhlFNtumne23Ir9LW8vU+Af2pdSz8W/iMWtyjTRaW53sWHysMBSQDkc/mDjg1+qvwW1e7uvg94DMimG3HhyyEbdRhSoAU4+XJA4yBj8q/JX9q5lg+L3xA8uQsTY6awGcg4JAI7cZJ+XvycHJP6v/Ay5aX4GfD15QnHhi2IXnaSrsCQCM8YzkZBBJJ9eXByhHNswa+D95FPRJpTST3s7W0trto7G+Oi3lmCWvMvZ3Vm72pq6u0tNXZ39D8m/2sY1b4rfEWNwzK2o6VL8x5JkWME+h4GMewOM4r2TxN+zPrE37Nnh/wAf+EVm1i3vtNgk1XTolL3dk7OwM0ca7nkjjALSAKTtOcGvGv2rbiN/jD8QUI2hm0WZSSRtBO3BBAxyMYwOOMcEn9bf2bfEdrafBXwLZB7eRn01opLefEiyJskByjAqykkhlYEDcCc4rzKeD+vVsctY8qnrFa6SSVt09eu2iV+h2VsW8HhcFNWb54Q5ZaJ+5FpN9Nb2aSd9ut/51NQtJI5ltEjcziZrUIyMpNwD5fk4dQSxbjaxGCTnHIr6A0T9mr41yWNldnwNqSwzpHdRFljVDbSIJRIDuzym11G3ADZOCAGw/i5Klr471b7NbRROPiHflfKUBVDXpbaB2GSSFHIHAHygV+6PhvVNRuPB2gyXSqAugWSvHsxhRp0Y+YYx0C5JyeVLY4z5uV5VSxqxMa05R9hy2W99Y73V9bLpdJX8z08VmlfDfV3TUZe1s3ztu3waJXX81uu1/M/nmPhLVtc8Zp4XsLYy6vfamdLt7R2CkX4PktEzZ6rJ8pHdlHON2Pe9Y/Y7+NOjaJe39x4QvBHZRTT3VxFKjQxRwIZJ3Y7slVVc5IPQnFY/h+Zbb9ofR7tBtLfElwPTd9u6htvQnt1555Br9yPGXiKM+CfF0TXCFo/D+sgwIQ3zNaS8sxbIyDxjIyMDk4rTKskwmNw+NnVcueg5KDT5YtRSd2rX0sla6vpfYWPzTEYbEYeNLltXS5+a6d7wuk76aN33116Jv+b/AErwrfa1reh6BpwSO/1y6FhbrK2I1nMoi+cjnHmHB49T2r3fxn+yJ8V/A2hat4j1ODSm0/R7f7Re/ZbkGXyycbkXAy3c8jArj/BdwIfij8PbkAKF8WIQCANmb8NzngDOc54GOMAV+wPx81OG4+EvxCX5Xmk0UBQNpKkckcEjafvAgHGcZzRlmUYPEYHMK1ZP2mHu6TUkkmo3V46d9VdP9dMdmeJo4vB0qTj7Ku/3ilG7veF9VayV3trromlZfhFonh3X/Euo2uk+HtLuNT1W7WVobCzTzLiWOEb5XVTknADNjngdMfNUmpeF/EOjySx6pouq2MkBdZxdWVxCkRU4JLvHsC7jjhsHAAJG3H0Z+yjeyaN8dvAV8rJELf7azmdkSEq9pIDG7OAoGSck/L2wCwB/UX9ojW/DXi74Z+LYf7O0e3vYNDnkaWMWTSzOh3KY2Qby5ZeNuTtBPBNeZg8no4qhWrOtOnOlzNRduWSjGMtVdWevndvXudeKzCpQrQpxg5wqcl3f4XJwj1Vvd33Ts30sfgO9tIrszgFBjbgEEFsnhTwScctj+ZJu6TYyz3MSne29uAeC3zLnjB4GDnJ9hXsXws8N6P4g8f8AhnTPEaltGvJwNQO5UVYlQnO5sBT1wTgnGSQea+ifjT8CvAnhKK18YfDnVGvYLZmbVdMluYpBaROQiSQhZGaQZx+7C7RnJycKfNjl2IqUp1aUOaNO/Mm0tEo3fva35W20vPe6b7I4ujTxFGhUm06lnFauPvONk3ZtOSt02urd/hu/tWE90pX5opdvH0OTsyQCMDAznj8T0/gLS11HWBbyjAaIMNwBThsZweGLHjngkkd+M6UMdS1BRtK5aQhSMLuyTgHpjnbyxPQZ+9XY/DuGGHXWkZuBasxDMQRt4AVR1w2OgIPUDNcypczUU7X0b37aq2vrr0vsrnbKCm3JtWTenMrNR5LWa1u1ezS02e5z/jrTIdP8Q3lnEMCOKIYRRs3NzwBxztPYgk47AH0z4GabHdX3iafYM2ujPJFvAVlbfGMruHDAHOcAZGfWvPPGhluPE1+7Ev8Au4i5Y7SCFJGQO5GRgnk4wa9X+Bvmrc+KSqZI0UbxnjaXQHBOOSPm7nr1IOLw8JLFQg2l72r8tLad1fVaPRX88qlW1ObSVuVLZNaaK91qvS17bs8u8dxvH4p1OElywZJCc7uWUFsnoTnnoCeDwM16z+z5A0/ii9ChlxoV0c4DdI2w2T/dK9doBznjI3eVfEFm/wCE01Z1VNu2HALjaCB8uMc9unJznPPNewfs+q6+INSZTyvh+7b5HBUN5bYHPAIyTnt2I2kV24SmpY5Xd1z9L20d3rr2v01t00OavKUqL5XZtK17d4rRN/ate/TV6XPBPEkLxa7qJZSHF3dx5C9PLmYgj3OeccYA5r6T/Zkid4fiKsjBVPg2/wCuCzgxbgDgkDBAyefzFfPPjKSNNVvS0iGXzZiRvxIGaRg24A84AxnoO3rX0V+yvc23n/EVRKJZB4G1BlidW6LDhuQMYOc5JOMHuBt2oxtjHF7c0krtdbaab7P5P5rOXtI04u7ekW+q+y7P+8t79Vd37fNs6u147nzCCJFxnb0kYAgjg9Bzy3rnmvpT9n6F59b+IDlUzH8OtaIJyDgWx546EgHvjAI69PnGe6gWQSs0YKzTiULy4zNJ0XHP3eeME8jOcD6G/ZxnhfVfiD5bNub4e63szklgLd8AgjK5ORjnB2nHY82JjBKa5tpK/TW6Vrtu707aNW7HZTbsrpzk+WzW6uo/8FXSfdWa15/4Jh4/ix8PkMYkY+LNIOVGCB9tDY9wcgjPTpnjNfS37cFsLv8AaH+IKQSg3QutKnZJiAqxjTrZSqjoSxz8oG7Gd2VyK+fvgdbk/Fj4fO7LGT4r0gqQCQV+2AEHAJ+8Cc459GzX0x+1hd+E9P8A2v8Axld+OtP1HVvCkMumPqVlpcxtbu5Q2NsR5Umch85GVOcDOetcLqQjNcyc5Ri2oJe9JJq6V9HbdLS17o6PYTk1HmajKdm3o170db6bJpu+qfofIAn1BImS1mkiuI12FbcsobIAOTkDnGcKOvUt1rsbTxT4mm06PQ7rUrye3dFLQXRMyrGo3KqFjwq9VRSBz7Cr3jw/DaXV5L34WQ67YaPe3Blj0vXpvNu7OEID5azsR5vz7gSQpGQD0auTm1FwY5DAImUYkmU5ACnAJPOc9x8uOG45Nb0ZUa8YzdLkejtKNpa23tdKW2r7rTYmth3C8PaNxT01dpXsrK2t7XbVrP70bC6hb2+q2aTQpJA0bIrOABE7cM3Az8jZJGAcgYzT5NRszfEW4tpZIYZYjyNwZlJLglQOBzncSPQ1kKyzxo7ok0wl+WUucKrDPfqOuAc4JwBisBrfyZpyTJ5hd8Kv3dhDbSuDyD0xnGOMBc51qQTad2rbJbpWjo2t2+j1a6dDKEFT5YxTave7u2rKK1bVtGla2tr7anJEyvLcIshJa4m3FecqzsM7T0ODgsuM/nnKNpcwyMioXErE7nwcKMtnJwByBnv6DnFXY2KT425ZpJ8knAGWPUEnk47dTnGRiprmfy0AKkOyYwrcblfhiTzzxnHAU9e9Z8qaSX2Xu1rstHun57attdTq5U1d9k7ro0o2vdX3tpbVLpsfev8AwTnaaP44agd7RTp4K1h/kXcvEMnUdmyMZyOeTkHA9E1y5nuNY13BIJ1a/wDNKoAS5uXIB5Az9Rj+HnFcH/wTeleD483cjiMhvBWtDY7jDE28gBUMBu2qwYgNjJwOcZ7LVZpX1vxCvysg12/8zbjK5uHbaegGOCD1PzcDAU/Z8LJp17uMrxhtbX7u76brVXsfL51FXg17tt1e9rW1sle62d3ddrbaXhHSbXUvEF/FdJaZHhvUPKe8EZi80RtgESYAc9Rg5zjPrXY/C34OfCvxZoyN40X7KZpTHHd2d55HkrG5jmeVE+YmQ42DGADxwMnwnW5hFdWI8yS3MguFIjZlEiBSApKnlD0AyMknrSabd3UNtAbW7ubcgsB5EhRSAw3B8Eg7iTkjnA+uPRng6eJxtf2lKDg1ZJpdop302d3qtWtN7EUcTLDYWmlUlFv3muZ3aXLptorct1quuh3nxw+AHwt8G2ur6h4O1m+1E2zWptre4czW8qO6K+ZCA2UYk5A4784FeZ2/wg1BljPhrU7+GW4t4LxpLeSWMRPIgcKHEo3ckqOT8vXIJA0vEl9q0+k363F/czwskSNHK+/5TMhKgEYBPPzc5PTIwK9t0vxDZ2tjpzRW8trNFo9lGUjY4mnWMYkYAZ/2RkfeJ5xXmyyPBzr1KaoyilHmi6ble8rWa1a8tPuatcjmtWKUud2crJNq7VouNv8ADLz1v30PG9A1n44eD7xLLTfHGsWdxbM6wW89/LPE7RHbt2MCMdCRu7ng4zXoGnftKftE+H5rixuo9O10jyri8S5sI2ch84bzS2cygZwOwz25yTq0s+updzMNzXkofcASiswGAxLHBUnkYPOBySRs3gjudc1uWBUijew0wcJt3FVbcw6fMSThuuQSBkknghkMalaFKhXrU5S5opPXWLjez7Wb8l1b2fZDO5whKcveXLout1y36PXXp66no1t+2trTx20HjL4YSRi2ZR9t0qWVJFwoLOIgpUuRg4BBPqvUeo+EP2u/gxf310+tPqujTXapEU1OzymCMYMgDMuzrnqeMjivlKcK8DrtZlVZMk4OMYwCcEckdh3DE88UNN8J6JqupTreadDcY05JQvlJG4fLfvA3XeMDLdehO0YFGIyTOMO1To4hVIycYq9+a3upK61a1/W504XPcJW/i0k+RXd7NWXK+295aO63Xov1E8N/Ef4H+J1kisPEGgXk04JUpdpDIpIXajrNtAJ6Nnqe5ANdVH4V8Ia7qN9/Zl2jRxWyqsdvqNvOIWcEmRNkrAq3BXGD1HUnH5UL8H/B148f2ePULCR1LM8NxJGVkJwuwKyFipBODnnGSeRVfw98JfFsTarqPhbx3r+mrbarLp8aRX0wkkWBFYM4aQjr9xT1OeN2a46lPP8AARVoz5dHeMnNNprRXvbdaJ6Pz0PRpYrJ8VN80Y82l7xXRLls1rvs1ZaLrc/WG8+EH2bT4Lmy1AP8hO2RNsrksSFJBJ5X+LGON3PSuCvvh74hivJpW05LtA8QgEDbzjgHcuA2fmzna244AI7/AAfD4h/am8LLBc6Z45utWs7NmjSPUpPPDiPhUkVs/MwAxkEZJwc5atrSf2yvj/4a1K6g8ReF9O1q5tnjEzQoIHiBwwY7QQxZSNrAMOORyTUQ4hzbDu9bCuat1jfsl8Kva7slvd231fXHL8oru8a6prR2TW75V1tpdq2nVXsmfVviHw5cC8igl027tX+cSxeQ5CjZkkNsO0ZB+bd/TPn1p4I0zUGui8drJs3BkubbBVAdoBJAPJBB3fNjBPrUGkft9acfKHi3wRqFncHctxNFALgRhgQxDMqnAHPTkcDBytdH4X/ao+AerNqL6lPLYveyb0NzZJCyknlf9wMSW65BxwK7KfE9Osmq+HVGau7Wau+WK2a0XXVqz89RrIaTk5UMXGon8KutNI66O3T1PPdY+DOm7Z77+zIVTyz81pIEYBz8oAUtgn+HpzwMA15Vd/BZd16+mXd5byyKpeKSPzlAPQFiScnj5ipIHJAHA+3dR8VfCjxXomPCfivSDfXMsJij+3fZ1TYwyHRyinPPPZj+Jv2Xw+nv9QkXTdStZITbxSzGOeOcLJtBYCRHYsjNnBwQOmAM50jm+X10uZQTWl/OS6dktNl31vcwWRYpSapy5m72V1J+8rpq6dlrfTV/PT83dS+DPi6FZGtDbXreWCWOVlUDoecYPbodxycDJFN1Xw74r0/TdPlvtMvVeICKSSGNniIAIwmOeQM5PfqQN1foxr/w91qziZorZLhy4V/IlyJIgu9iqkdcZz16YJIANYF54fuxo9okunyxM00ihXhaRCqZDlsqBnknrkMcAE5as50MFX96FSEFKPu6xlfa+l+bZ31Wze25msHj6ErezbUXvZq9rJ6x67XdutmmrnzD+yX4f+D/AIk/aO8MaL+0L5Nv8Kryw1v+0IdRu302CTVk0yd9M8y6RfMhZbvyyhA5bGWya8J8S/C/xH4r+J1/4Y+HWmaheDU/GGu6V4H0+3vJJo9Q0yK8lWwMV00i+YhhCYdgA2QWA/i9j+MPg5bTUtP1A2jRxyu4ZXhaJTLkfMhG0FsdAMrkADnIryZPEOt+E7uy1HQdcvtK1bSriSbSb61d0n0+Vhw8bLloyTgkqehYk9DX4BxVwpj1n+NzHBYyLcqMKVOhVUpUk4+9zxtK6TbtKKWiT62Z+mZJjqccPTjX5kvZwioqTUU4yi27WTV9U7t2SskrIX4tfA/xp8GdH8JWHxBntbPxLrq6hPNoGY3u9PjspzbPFfOmSJWb5kYZJUgE4Oa+cHmBUwhQpWQkDJ+4WPUYzkbl+bv2BFer+OfFXjzxnNb6p401u/8AE9/EkpGp30zXE8cMrmSRdzHIJbBPryTXlE0qJLO6KXDBTkqARk4+oHJPOOMAk5FedlkMwwuFhRzGpCpiuaTnOlBwpq9rKMXdrli0rvV2d2uY9HE1KM5c9ONoJRdtLX5Y9Ndnvrr1Wgs8rRLIdkbqpQDJ4OVwOdpKjkkEcd855rb8PeNPEPhmUto9/c2u5l82EMzwTL2V42OCNoPIzuwTxyDmXUEhS4mwpSOKCQg7myWBADAZwSfU46gc9WXyxQ2UBKKJS+d6YBxIrZBOecdMY6n8uxVFKo0o3adnJbtX0ejWmujs9myFNxa5ZRSaT1vqtG7+ib387bs9kt/iRZ+IPNOvaatreIFQajYKqrNnKjdGB0OeeQSQR/EMfTfgy8gu9O0r7OQ4EDJiQEOVHCseD8zblODtyy8cDB+AdA3GGQg9cAnOTtLqBwTkE4xgnp3xivuX4ext5NkCpUCwgKheFDFcg9ANxx6EcgHNetls5qtPV8sYx0b7NO/ro3p39EceaNToUnZJuSd0tNLP5N/P5bFL4yQKY/DCuqqFv2JG3OAWOPmPvjuM45HBNYXj86j/AGR4MJuLl/8ARLiONFcqoTIycEg8AjHVjnJ4wB1/xUjcQ+GppxmP+1PLAY7h8zEDBAyckjn5hkAderviFpky6J4KeSILGUuQjDILEY+UAcE9Rx09ccnTFJNYiT5k2ot3b6OC2a27JrV7PXTysLpKG+jaWmlnGOnbe3V99djyTSrMyx24We58wSHKiXJHQnG0kAD1HJPU4rpf7AR4YpVvZy8lwi4BIdWDAYbBAIwOeueAB0q/4U0mD7QkkihnEuSr5UBSe+OpHbJJ4OOtdZf2EA8g29qY8XRRipODuYYwc/dG0E5AOcD5hXz7XMpOMr7R28ou623S67dOtvTguW1kt0mttIuLd7Jq2nVJI+wP2QtD/ZofWbs/H3VdYhsnElnp2iWAwZdUlj8u11B74fMirJgmPAUdST0ryH9pD4d/C/wf4kitfhn4iOuaVrkt5c3tpcEJc6PNvkaG1l2kiUmPaVmZvmAbdyAD43dQS22rsoZkCvER5ZGVYqDu4zhs4K/MMHkfNjNO4gN9qOnmZ5JZJ9RSJnkfIlXdna7k5XgFcknJxgcV8Nh+FcXh+IsRn0c8zGdGrTkqmXVKilhLqMHHki4qUOXok03dps+jeZ0quAjhJYWn7ROEY1NpQ5WruyS96StGV3bbQj8IpNoca6j9kje3tbhwFGHeTccFgcnH3lIBxhiOuMV9NeC/2wvjn8IYLRvB3jjWrCC1juFstMuFa5s47a5zmLYxwVUFipP3QcjoM81rWl+HTDc22maS9jfQywJJI0mLKYmKP7iYOGLZLD5ievQgV5bds1rLs1O1ikwkiJuJYKgYEgZVhwADxgDH4VhnHDWR8V0qcM3wOHxlFy5YxxVKE5QbsuaDl70W1Z80LO3XSx2YTM8blcHSw87xkk5xlGM6bVlZyi1ZrldrWurO9z9A/AP7cHwmvtJ1S4+NHgK/8VeMPEWjXun6re3cjXWlyX0xY2moQWr4SxdJGDM8QJCjO3tU/gTT/hD+0n4n0fwRb/EO/wDBd3a6XNbQxa1dedol5c7zLbQ2TSFEQwqypHuBYEYHTj82m0/TL24ifzrWFFUsdxALBfmKk5UdgM9Tgd8GmRA6Lq+kXmnXEluVvkn862cq0LKeNkisCTj04PXkAg/Az8EsqyqOJxXC+Y5nkuP5ZzwbhiHiMFRrOCjBrC1+ePs07KSi43TbTVkz2qHGOIqydPH4ejXpT5VOpGHLOEUopShayvZ3aSV7ao/Qv4nfse/Fj4VatdXmo21rqvgjSbhYo/FmmkXmnGG4AdHuZo9/lkqw3BshSpzkivTvhf8AtofFb4VeA/EngHTfHmm6zoUNhcadpOlaxZx3ltZW1zGyXBs1kBCoUJ2qCRuycDFeM/Bv9vT4gfDWXUvCvigR+Pfh5q93bQ6zoGvf6aJLJWUSbJJt5VxHnagYEEHoGr2Dx18K/wBmn9oGHW/HvwI8X2/gPxPDZS3d38N/ETLZ2jtHF9oupNOmZgFxiRY4QrCQhRgAivl68M8o1KGReJ2UPF5fGUPqfEuVUalbBYirzRjy42jTjKtgZ1E+Vys6Mm5JtLU9G2BxdOU8I8LiWpwqRoVUlyuPI1Nwm21Ui9YyhKW262Oj+Cl147+NukfFLS9J+LugeCo5vDUV3eadqUEOmr4tuEwEtYZsAwsjDyVQZ4ALe/G+KH1T4ZarYeGvE+v3uj61pmlWbSx6Lqct5DfxTgPGr3UbYdXQ+YyEkJnAwQRXlvwTtgsupaYfIu/s95HBNcRNtAa3LB0RomG5dykY5LDIIwRXq+p+A38f+IZ78z/YrDTLeSG5mOZnZkGUAeRs8KAqkZC/wYwK/fMD4Z0cZgsPWy6NH6vXpw5aHsafMoqMIxk5tJ6RV3Ju9nfSzPzPHcXrA5tjIYuSiqbak9W+fS7+L300nyrvqnfU8U8DfELxH8O/igPHWh67dWtw2oXME+oW2JLk2V2jLIJZWO5pArHaCcEncMEgr7refFLw5dxzalFeeNLPU4NTfVHvNN1GS3bX72WX95JOqlRHII2ba69SMk9m8L+JemeH9J1zStE8MWc6O1rHcX7yEsl1MjAM5BHcA545zzxxXCalBfWs1kPOnjgm8woqKTGrdCu4Dgg5Gew4zwa8jiHw8y6pj4TxtOH1mhQhh3KlKPLKnG3LGScWpJXtbZK6PYyziH61QjicMl7OrrHnSuk5RV3zNKzsnZ2u7XTV2fQFz8VvGrape6/bt4vFnaEHTdR1HVLl7qzDHeQ0xbLqScMuCuDwSdwryXxN8ZPG+oRappmoXMj2+vzedcSzO08hxkkozv1dhucY+8ecE5rXutf1RtItLO6mMnmaYYPJR1VBsYbZJEByWCcZbnr945rxTxDJMy2khCOFkKKxPK84GPQEE5HPbkcmvPwPCOUYZ05SyvC+1hKLozjSi2lFxcXdRVmnZtrW/W9jvlmeJrX/AH03G1mkmltF8sVGyStZRS218j2b4S/Ezxb8L7LxJe+GHtJH1yBLfU7S6s0mjNqxAdwGDYKjJU4wCM+mOE1rxdPqPjEeIYJI/NnKrM5h8tUcoyskUecLtB4IxuA3YHNavg+0mudM1jAAuUs4yij+OJ1DHKjgnHQ5wc9OTu4zUdNm09oLwQs6vcxlowpQxyHIZW643dh6H611VMhyuljsRmNPCUvrmKhGnXqqPLOcacYwip73srJXSa0eqephcbUmpUpTcY0mpK7kkrpN66tO71ta1279XqQXyKb+dNUNq8s7yBAGVhIW3eYH+9gnOeo+7ngVr/8ACfeIbGXS/N1G21jTUuoJJdLvVWazmgiIEkckJAXc4ByOCW5BOecW90drqIzpbXMQYSGRYoGdidwJVWAyVyefxUfLjbCnh+N4EaSQqqKoKywvGYVyMleD07t2OcE4FcuKynA14tVsLTl7WPKpqKco7JNTSvGUUlaSatbRo74YqolLlrONraJrV6aW6e7087aJu3098TtG/Zl8VeCrLxt8OPEepaJ4/wB+nW+v/D3VIs2K3Tgi5udNl4VLVXGUUZGDjOBmvKLWSS4WKBddm8PJaOiD+zridDOy8qqrHtEjHtjdk5BPevHUtbT+3LOwjEd0Jb+2hzHlZnVivyLx0Ix0ztG0jgGvpLxd4V8P6P4et77R7i/uPGEUs7LoQiAttPtIkQCcyjd5szFicEbuQcEEV8pLLMNk0KGU1sZi8yWNr1ZYVYxfWKlKk5RbpOrKN3SpK/LUm78ul3q16GGk50pVJSs4255Nu71VkrtLT4uzdltdHV+Kvj/4nHw9Hwm+2WNhod6bSK8vrWEDXdU+cgi9nU+btfADoTkr2BDAfOTSXtjf3mmTW7vaafdFbe0+zsHcTop3hAucsAH5DdSwHOBEtjq0z2d9P4W1ieaDULZ5LswTMCxkUnzJWUIqrgso46HAxnPtvh+88Mnxhr2oa9E9/qlzf2Mek29ldRmS2YQKJBc2+NhVQAAxbIwegAFaYbL8FkWGrRy+hTVSq54mapcqU6spQi51JJvo7JO1op2XRbwqKpNyTSgl9lS5pK6s5atySdkmrdH5ryGbw74h1aK11NNLk0y3jL4uLjMAMa8ZTJyOMdO/Q56y3ei6m8VkJpY4vOlWNSLpv3iAk7m+YhgRzkksD0A5r3q30688WTzXMupWVvpOj3bWzadPeF5fLlkBJlt0TDKiryS3TjoKZ4k8G6Dc3dhp9jrtidT/ALXggiKQP9lhguFACuAGG9B0UgZz1rgqZi3P2eIp0o1kv3kXBTcI8iabbS1Sequ7X6anRBqMk5TXK9bvR30esVor29V1buct4X03VDssP+Ei0/S7Z38t3M22RjHuYo+1+c5A3Fhkck9q85We8sdX1y2N7A2dSlW3ljYohdMkvtXOQQRyTlsDoWwfp/SfhBo9vGt7feKNDn1GK7uNmlNA6u4gTO5wcHa4AxzwCpwRivmrwXcNd+LPEkN3oUepE6lOljFFDM8UbNMY1dhEjYjAA2kjBAyM9Ty4XHUbYmrSUJRUKbnywjC6UvdTdrLfR6adGzV1FKb967i1G9m1ZpWXNa1nd9NH3Wp7x8H28IaxHeSeO7rVov7NgZ7Oeyt2MUtwSQOY1Y7TwFYj5jgdM5r2urWWoeK5pbGynNlDaXMdhlnFxKI2YI8qFSykqBvzg88gDNeoeHvEXivR9Gay03wDpYjtYsPcw6XO0l0oLERYMB81t2SpOMNk8jJHjnh7XLiDW9Q1LUrC6sZDLcefEEKSwG4kZZYo0dVdCincAFBxzg8V4r+sV5Yyvyzp+0py9lBVObrBN+6krLTbW+9+pCrFuSU3PayvGVmnG90ldaarVbLc9DvfAN/I1rq0t9o2nJqEIlMVxIGulRASQySKNpYA8AH+lc1rOmSaHbXOoJrtvKs0f2aCG2ucICTtIWFdwHBGcYUH0yDXtc2h+Adej0LVItS1lbE26xzedaXupXMswx5p+zhAkUG/KqYyR0PXgM+KHgv4eWPhS7m0U6/NqLx2Zs1m8PXMVsgZ18wvKVKwgjqzfeHXoa5MHXxTqYaOKdStTVaNuehG8NY2leTem9mnqujFLF0PaKCly1Glo43Ur8qtGTXK022rLdy2PELjVNVuPC+lWyX6xWCtJEbSNnlZ5WYqz5wWZSRlgOmeeOa4bUUWxs1jVC93AHV/JjkdcOhZSRgEHk4z6c9Of1I/Y+s/2fbXQGtviNJoLaxYWKXE8fiq3mtIbC4kvMxfY1dCLmKSIguxJDAk5BNfHvxz8QeCLH4y/ESTwrFp2qeE5Lkppo0zEdp5n2cs/wBliKjZEj52bTyBke3vUJVKVec6VGhKlKtVjDlnFVFaSlzyppXjGTulzXbu7aPXgo5lGtjK2DcMRTlRSm68qcnRfNJNKm38Tva/Lolbpa3zno9rrF3qFnMRqC3E9gyLCsDqXRHwrLjhgOMMOAQDyCCfR7DQvEEl0MW2o3BWI+ZHJFmPGDkMDwwUFuDjHXg8j0fwD4q8N63qngmA6bPDeDw1qgn8662ECGd9smFTaF2qBgDJ5JPavprwRZaP4u1ptO8P6PPcTC3Qz3st6VtUlbKkPJ5ahQSeApOBn8PRwtXNK03Tp5cqi93lcLOUk3a7Uves7N379VuZY7G0aS551FTVoqcpJxS0i9XzN3dk9bLXRbo+SJfEPxC8I2mlW66RN4l8FW2r2kmreDtZjFzpVxFPIqXHkRyFvskpRyyyJhlcKw4yK9b+IH7PWgeNNOuvHPwTWea5jtRqHib4ZTzomueHkKh5ZNJDlWvbJQd6ouWVSAoGAB7J8ZfhwvgjwPqd7qOr6RFcmW1kWCHUfOkYC5VfKVSoJkAOQOFAAbOCWrwLXfEMHhm//tLw3q1zaa5bWmlTC+065kju1Bt/MeORQQJFLDEiNlSpZcYznzswyzM6OJp4vK2sszBNurhEufC4uLUdMTTi7KT+zVj+8je75rJGFDEUsVQpVaNWM1drmi1yXg0pLlSs73tfVLRvS58/2vhmNrcrLZj7VBdLFJDdsY54nQkPHLG6oyOpyCGCkYPTBYV08J3slrqGpW+nhoLa9MMrxB32F/u/LGrEKMZ3FcY4yAK+qJNT0H9oa0jFxY6d4D8eaXbFYvEEUQt9J8YXoX93a38CKsdvqM5GFuMkM/JOc4x/gr4l8Z/DTxF4p8OJ4f0fWNc1HydPl0rxFpqSWkcwmSLzY2nVYmDZw0qnBBYkgZI3wnE2Yzp1sPHBxpZvh3T9pl9eqoOpTlOKnWw9Rq1Sk0pOEktrKSTN6qtQUp8l1ZpvSCaTWrcVJJa6O726Ox8p2ui6jcXPmO22CMuj4EhI2htuflAGR0zzknIXAB6K10OeaK7REWRjp8ygSLJvfayglfkwdqnGeRnkHoR9Xz654t0vxr4s0i68E+HGkvfPmurey0PztP0+4VMyQ2bwxugZNwZArA8kgEDFctovi7xPbW+tSz+GtGlt7XQr7Y72KQNFGJVBIDlXZwc5XYDy208ivahnePqVnh/q+G9pGMJ1E8dSlNSlKmlFwSdktraLmbWul4UZSpQqbXhGa2lGSlyttWbXK1rZpPdadPENP8GXim2hS5soFurcF3diSnB+UgjIzk8cgHA4Xmug0/wK1vf6PCt9poQ3O24naR8LESN5Z1BK5xk4xzwRgk16BqHjjxFrGlC4l8F6LpMFjZxSw3dpp7s1ymwgtO6RlVJByWdxt6kBs4b8E9X1Dxn448A6DqY0rS9N1HxdbWl5dLYpIZbadzuSaPP7wYGVDdDknuK+uwTxmItTqwhBynGMFzxatNq137qjrfVu299EePjaioUqtfm/hU5zmoe89EpNKO+trLXrppqZsXwmvLi+1V7TxXo62kEkxtQI5fKbCLuVP3bAsDkBj256A5Wx+EFwXjiufGvhyOS4dD+/DKVD5K5V4wOM9Oh6ck1+icH7MWt+N9Y8Z3Hg+OaXw1onjHUNJF1p872900kSR74ILAR7BGNx2guNwbk4JqWD9in4h+dNqT2XiKe3t9qJHdeH4Lp2JO1SpacdMg8jDDnAyK+6w+W5k6FOSpScdUpwg3Ga0V42jZrRpNervsfI1OIcApyU8VCnNxTlCo4qUHKMZOMtb+6mlpb1sj8+J/hJ9l1TQdOk8SaFeRXt1qZN3Ddm3hh+zxKSJGACoHxwXIztAAyQK3Jf2f2k0KfV7XxNoCi3kuf9Gj1wmdyhPzBcZIcnCELkkkZHFfVNl+z5eP8AGfTvhXrmmXlreSaBqusXFu+jIlzdK8QNu0FskpCSBgMgNk4PUAk+5aF+xwv/AAr/AMbXMmoJo/iHQrLWry2g1bQSnm2kMGbaOM+YQZyVyGBLRkZIzipWVZvWp1qlKnNQjzpuyXJOkotxaet0t77LXczqcRYGjLDxnWp801ScVZNThWqNRknzPRWSdmttU72Pymm+FUllBqUqarYq2n2SXl1u1N2XZJlsIAMM5wSVYjOABhuKh0TwzFb6R4Mvf+EyjgGsa5c2mI3jddKjKlZLmdnYEYX5snjGGD54r2/4j+HH8MfDbwloaS2d1rvi1RceIdRishHPZWVtcyKsTsGL4fhQP4t3AAwa9m8B/ssSxH9nI+OvD2mweGfG/j2QXULXGy9udLaFPKScZBj88ESqOoyc56HyMDQx2MrOEKk61pQjN8vuQdWUIqMmlprJb37aWs/QxmaYfD0eesvZvmqezirOco04Oo5KKm7Rko8yb1vvrt8paz4Fs0lh06H4pQalHI1zcRSxFZDGyuynaD/GduAASBnIOevL3fw0ivGfzPHVzqBtNIvLyKyhTdNd+QjM0RGcRouCzc/KARgdR9dfFn9mPxNpX7QHj3wB8L/B0Wp6BoutPdaReWcy339n2TIHNves7jyodx2rn5sgEAqCam0DT9X+AL69qnxe+GDx+HvGXhPXdH0LX9Q0YtbWGsC3ljT7O0ZkAt5JSA02VGcnjGR6EMnxkMRKniI1KGGpVJxqVVQlOnF05q6U1Bvkcl7rckurSvpxPOcNUoUp4WcK1etSpVKdBzpRqy9ooSS9k3eXuttL0a2sZ3g74E+DYfDHhc32vXl1qWraGt48Ud9axxWglQOYdpmBBUEBgQcHJPPSLVfgP4K02ZxNBdXqzQRlGOsW653PwSBKcBhkKSCQ2ACAN1fX37Lv7M2l/EDwt4a1fXdH0/TdNl0yWJtbkhlu11K4lH2mEQK0qrAiROseEOMYPXIr6d8QfshfDLTNDvJvtGkXNwyRqrNa7mjQSgABTOdrFcjdxnAG3kAfRYXhTF43D08RSowVKpGM1GrVcZSgktZ2irOWstOu2h87X4tw2ExFWhPEVnVpTlByhSg1CfVXdtruK03Vtj8gdS+E3gjRfHnhGz0u0tILLWAbLU7nU9cidLVRbecGaUF/KTcuCM4weowCez0z4eeB9D8Tx6nrs/hW88IeHNTe51GwsdUF5darZQxtKYLNQT5iOw2ORgEHGMsM/TnxJ+BHwe8P/Hv4a+FTNp+n+HJ9Cudc8Xo0JuPPeOzYxwRoLiRoppCM7CQxXIxyDXw58XrCbVtd8Sa74Bs9I0LwJ4anu9L0hl0yTTdQvbdA7PcTwSsGlXehCSbWYgg7gOK+T4iy6GTYetKcMNGvLERw6pRqzqOzpxlJpJJWimtW1eTtrufUZJm1bNalKnCeK9lPCyq+2dKnBxbqOMWn7sozlytp2aSV73evuPhD4uSWk3xJ8V+APhRYw6JqVuXs9H1OEJoceiQSeSYbi0kBhuZZ4juMhAZd5I+7Xjnjv9hn4fftM6TN47+EFz4f8AfE57YXmo/DNLtG0vVrmSIyu2kswR7WR2DL5UaOAxAB7nivCV/4u8V6R4O8L6V4kvEi1tLq01QWkYQNE8h2qxDA+Wnd2A2jls7sV+tv7Nvwp0r4T+FdAtfGHw21bXb2e9vLiLx7pF19p1G3gcOYVVldTEqqy7ycgHjJxz+d8O8A5lxFisRicDjY5Q8PialWpXVKpOlOk1BRpSS5VNS5XKUeml1ZntcQZ7hsgo0q0YyrVq1OnCFGNWEpucEpOVVSk/dcWk5b/wAr7fyTfF/4E+O/hh4hvtF8T+HdQ8Na/YTvFLDfxS2+XQkbklZBHPG4UFGDHt0zXzjq7Tt/oerW22ePI81F2upGOQSMuDy2Qx64yM5r+xv9t3X/AIEaj4D0O08S6IPG19q/iu30RxqdvBa+JNA0uWVYJ70agv72VLdnyzMPmYDGBX5b/tef8EnPGng/w1bfFX4TRyeNfh3qOlw6ulvCu7X9FguIRMHa3Qs11ZqGJ8xckgZ25r3PqWa5Zi8XgsfQeMo5eoOWa4OE54eUJ8qUpq7qUbSbjUUrpXunY1wHEGEzDB4OtUnHA4jHOpTp4evUUXOpStzKm3ZS5rpwb96V9NUmfg9pc+o6BN5+mTpPA+PNtmAMMykZ2uhyvzjPI+h5wRvT6Po/icNeaVEmmawvzTaczBYZ3wcmDG0AnnAHHOORk0a14b1Tw5dz219bSKscjxSMY3jwULKySxsoaOUMAMEDBXn1rGt3ZZFmibY6HImRtsiNlcLkc5U7cHOepJ9KnCM/3tGajOycalOzU7WupxWjV1/iXpY9uCvBU53cW23CWrVraxdk1pby172K6i402drW6hkhmQ7FRxtKhDgncchh1wed3AOAeOitJo5lJcAbwAucA+hzgA5xjpnoTnJ42I7vT9dtUs9bVVukASDUlwJM4JAmAAHCkcHGAeR3rn7vR7rSZeHE1oTujmC5VlH3S2DgZH5cA4Bop4mTl7KreE9m1tUa5fhl97s9drmVXDWSqU2pw6qK96Oq0aXzV1r8jSktoywKjIOTgjv91tv3sqSR90DkHOOlVJrVG3DygSOAVHI38YboMZHGQAevBHL7e6+ZF3ENu+8WyqhsjgAd+oyM9eeADpFUb58/wkEL1JzwSOo745wB0GK6OZpprpfrrra/RPXW9++iOFxi07RtdWurX6aNq1raNaatpmELYKWAQ7toDgZwD2HORtx1wcnKkjIxWXMg3MZFAJXOxcjavUbc5GCMbiMZGOd1dZJEhUAEZK/Mc5y2OB75HJAxnJzwKyZbffuDFhvwoBXORk555OB6Hv3PWtIVu/l92mys7WT1Ts7pXerM50nZWSvrrotHrZq1nbRdPXdmLEgBLAAcbgpwSSc4BIyOcnk/e3dCMmppVQpiTYm1TgrkE5JzuxyMZHQAcjHTFWJIHjJCgYJ+9sG3Z2PPJ64IPOe4xVOUchs4xySfmJPGCQf4fTI4oc5Slp87P3bLa666a77t9bkRWtmmldrXVN3i3tdXvt5xavuhiSrCpTJI+WPILsCCcliuAeD2xyMHOCQK17AlzBsCo2QzZHGeTnjqCwwehAbnBOTSnDM5yqKFJwVyFJ7BSN2c4ycjJ/ioQ5MihyFUAKOmfbHXaeRnPIHPGdxFWalffW3VNO/e7Xfa97M2UXypRcWnbdJ3Vkkr3XS3ff1tyLRPZTEqzvGflwGABHfGM4IIJJ64HrwejstRt7iI2l1Et5ZSLtkjkX5os9h6H5vlxng4J4Bq01nbzRqCo3EkMpG3gj7x6gEc9jtOPvA84F3pc9oxlhJyuNoQHBAODk9Pl6DPXPrmqqRhXSjKykno1o0009GtU721u7Pe+l6pzqUZPl2teUenKknK6elvK99fU5jxF4GWESX+jlruxYEPbdZrYHklQCSwUg+nHIzXkF7ZbC4k5jLkLkElCvQ84ZeVA5564BxX0Ja6ncWkpIQfMAJI93ySDjnbwp5zkHjvhjyMzXPDljr8Ul1pfl296QTLbjmN8bsjaCoBZjjODg9+K3w1erhnGNZSqU7+7V6paWU1vbs7b2b8+fEYaniX7ShanU3nS6N6ax0u15eVtUzwLTb/AFDQrsXVhdSRyo24YfCSBeSrgkjgZHH3gTnIHHtmkeKrPxL5W+RdJ8QxINs64WO6bHIkXcVfcTjDZBDDPGCPJ9S0+azuGt57fyimVK85RueWCjIDZ69iecCsJVnt5lddyFWXy5UDZBAPUjBGM9CeDk8ivoaOJlDknTkrSSdk73+HTfW7a36PueNUpayhUg7veLWqbslp93k0u9j1HxPZQ6hM0OtW4sNUQ/ub+JNkFzyCgfGFIbjLDoPvZ6VU8H+OPEnw61HasjT2EhC3Nq2ZLS6h4BXBONzDIyCOenGAK1n4rW+tU0zxEguIVOyG8zmaLOF3M/QjAzg8HGTkClvtHubeBp7bbqujOOJF+Z03AfM2MshTjJC4PJGCcV7WFzK0otPlmrdXqvd2tZNp62la3fc4qmDi1ZJSg91bbbRrdP53V+ux9c+DfG9yt5a+O/hjqUmk67p8iXV3oiyMksbxkPK0SAgyRPyGjIJKk+px+ofwk+Peg/HPShZasYNH8f2cKpfWjssK6iY1CtLbhgNzOQd6KM9xkdf59tG1S/0C6jv9GupIXjYOrqT5gHV45FG3zF4P3geMewr6X8KePLTWrqxv7O7fw140sXjlt7+2l8iC8kQ5XcU43NgBlIJYHB9vtsrzmM0lKShU0dnJKMlpa/o7bp2b17P57E4CdGTlCPPTb1jb4XdXvb4lfpZJaPW5+1WoadJFMQ0TpjClHJHIBOV+UkggHk9cY75rKSECTa3IVdmG529DnOemDnnheATzXjnwd/aJ0/xpDbeFPiA0ek+LIxHBa6jIBFaavtG1HL4CrM4HqNx6E9voO9sGjbawDKxXbKoBVwQSGDjg/LnkHsckV9dhcep2Tl66+ln2e612d+m78HF4RS96KutVZaNJpau91vu7Wta9mc+0SZAYj5SF+Y7sHhu/Vc4P3flPQDOBoWxMTRA8FTkSDA5IwBkYBAwDnOAeOvAWS2K7gcMvBU4yR0+fA445JGD2z2NWIo0VCCQQpJD7edxORkEjKN1znA6jOM19Fhq/Mlfst3va12vJ269L6LU+Sx2DXvPlWmmltdVq+6dr3V/VNI82+KvwH8IfGjTWh1O2TTvEVpGx0/XLeNVnjl42LcOuDLEWxkE8k9eQa83/AGf/AI3/ABe/Y+8Vw/D74sW19r/wwu7pY7DU28y4WygdwFuLG5O4BADuaEsoQblXOc19YaZMYvkwrNk43ttbGRgKR1GQxDDGMnLHoO7uNA8L+MtNfQPF+lwavp10gURzxo0tsWBAlgkI3o6E5RwQc4OPmq6+Gp1X7Wk1TrJJ2Win8Ojd9enmtdGlrwUsRKklRqwdSk2rJpc0W+VJwk+ul0k7eVrM/T34J+PfDXi2LQPG3hq8s/EHh+/iQTPbsjy/ZZBytxENzLLDkhtw+VlUk5xXtfxL+FumeJ7G48S+Cbn+ztbh+eCW2dYhcFELi3ugmMkAlfmBJPU8YP5F/s7fDjxf8EfG1lL4H12TUfBGoSz50ed3kWMMw/0d4/mVXw2I5QAXxyMCv1t0TxRvWKazYxpPCg1HTZCVkhnIKtJErdAMYHAyOcDOa4K2JlGMo1laUVGSs02rcqa1u242b2s1pdn7x4cxlOnh6uGnByjNe1pcqkqtJuKdOtTb+HlTUrr0s0r/AJW+E/G/j/wf4w8Zad4jtSbJ9dkSRTG0bwSb9gliIUb1JyW254PRdua9N8a3t94t0xLeS2s5jLBi0vcBhG7KdqsCF2tnCk9scANyfoIw+FfE2t+JdI1yzhiuzqs32S8eNYncHGFEu0Fjn5SG6jHB6jzXxb8PNR8Nym708m50ssX8sqSqYLELKo6MxyY5RwRgZA+avTyPiivg1aq4V8MnZyjH3oXktJRtvotdfTQ/XOOfBLJOIpwr5VRWW5lVp0a8qFRNUMTzwhJujLRJ3fLZ2fTXQ/NPR/FPirwR8ZNT0jVo7uJF0FTDHPulsyFmYoyOSSqOfugZI6KfT6p0H48afLJFb6votz5gwizWeXRgBgHawUAEgEDGBnrwK4rXrHTdU+LN4l5ZpldCiVZbgZeB8gbAeoUnG3c2QMHuCdxtBt7BjHcW8EmdpjnRcMqkgAZVcAAdCSeCVUgZ2/aZbnntqKaqc0ZV5uN3dcrcUlJJuyV/i6WZ/JPiP4W4nI8cqeJy90+XD0oyqRUoxlKN7ttK3TorPbUX4m63p3iXXPAdxYaNf3V3a3F5c2aybbaeEiPcXjkBzuXjaQOx5Brz74ieKfiTrIt7XVdN8V3mmBQlvZbj5ClMKspcE+ZL/CrNkkc8fLXOfEzX73w74m8BSiSQpHJqbwrG+WJWDeEbBAIYAAjBxnhSAwP2N8LfEWl/FDw7bXHlJDfxAQyWtwoJzGpDSoDtIzjAAbrwdw2kdFfAZZmFb2uJhQqYilyTpVJ0oyq02nG/s3JS5el+V63ul1PzqhXzbh7CKnhpYilhKycKtJVJxjJXWk4RdpJq7ts72Pxd/aCl1V/C17YzeFtdiJ1XTSZ7r/Ujy7pCUbklZGI4bGM4IxzjSsfFWtjTba3k8D3SmK0tUEz3boJEWJAGACnAIGTzgDI6gk/oT+1/8Lk0vwJf6mscAhkvNOdyiEsskl4ijgdCc+gLN1LVx8X7POsP4b03WJoLk2d1p1hNFKscrBEkgRgxKjhewBBBznAJyN8LToUcZibYp0lOhSfNaEXPW1veTXprZeXRYnHfXMFhak8MptVay5ffsrODvvd3a66bLRtH55eK/EPiWfQ9ZCeDJVjewvYpJvtrBY42iYMxBOBjJOM/NjGBkivOvhZf62vgvRbW28JfbY0FyY52vTH5mZDwoHAIY9ME55xg4X7E+IvghtE0fXbWUTRgafqRDMrKsgjtpD8pIUgMc9iCep4FeOfBzSyvgPw7MkCOIzdkuQ+VHnkDA2nJO4YznjnOAS3Li26eZYdrFTk3hKj5/cbs5w00ilZ7pW6brr1YSMJ5TVvhKdo4unaK5+VycLczXNduKvtp/e0sYKR+OJC3leDdOgGWkDz6gzEAI27JIwwAzwTtOCHIwGHyv8JP+Enj1z4jxWWjWVw8viGd7xZrsxrCwkkASHAJI6DoBgZGASo/SyDRJTBd3MjmSMxzCOIxH5T5TsNuQCBwfXp+FfGXwB0p7rxJ8VMwozL4hmKl1YEgSScEDd0znHTp9awnJSx2WcuJnKU51+aXuc0VGmmrWikrq+r1tZaFULxy/Mpyw1NRjCi1aL5ZXqRjr72ytpZb2v2Fjt/H7tKIdD0mD5ZBiSYyY29ixAx2yD0PXggnxfW7fx1/wuHRQbPTotU/4Ri6KeRGJoPs6yRhiVZseaM7cYPJyBndj9EW8KwQRLMSuLhJVk3MQqsVzhicDjnAB9cMGya+a/FGkGw/aF8MQN5eJfA11MoA4kVpkBwORkeq4z2ANduOpcscO5YqtJvHYdWlNaJtP3Wlpyr7m7anm4LEtvEr6vRUVg68m40+0U1F3k9Nfevuld32OZ/sr4h3mAXsIgoO1l06MEEAZOSwIORwR7LjHB828b6F4zj8W/DOK91K2WWfXHS1ki09EEEuyQ73UMRLjPQnJIJr7uj8OtIkflRMu+Mltu8kngnjB6gYzghTjryB4b8VNMSLxz8HowuZT4jkjYMMHKq/3jzkn0Iyc9a3zPD0o4Ob9tXk/a4ZWlVdnfEUk7pNWturX7prryZVjnLGxh7ChG9GuvdpRTvGhJ6O3Xqnuk0k3vkv4b8dsVjPigMwDKzLpsaqdxPPDEDIGQTkHkEjg15z8U/BviOL4deIpdT8T3t3GVt0ltPISONybmIAZ3Eg5IPTtxjofsa8097bc4t4yXDr1+f5SDjkZJ4HpjAyBjjzH4waeIvhP4mlki+do7VvvbmyJ4yC3949c9+SPlDDOmZUKEMFjZc9V8uEqyipYio1pBP3k5WbW6u3107Tga9aePw0FClBTxFLmUaMIu3tIrpTVm7Nuz21u0tcDw98LPEEvhjQ3XxT4hWOTS7WQR28xRIkaBCqKwwCAc4wCeuM4rS1P4R6jbaLql1Nr3iiYR6TeyASXzrGwSFvvLjkHIzxyAPTI+t/AWnLL4N8IP5EHlzaHpxLPIucrCo+7tJ4GMgHA98ipPHEUEHhvxNAAmV0DUyqxsSf9SeoyOpzg9ecjirthHg46SVT6pHR1JyTfslZ6y30uraLp2OOVbFfXZq8FH6zyq1OCb/eJb8vb52Tu9Wz87vgl8NRqvgWwu5r/X3YX92uy11KSKFV+0SDARQuGOMsR8wJxnqK9ii+D1j59w91N4haEKTj+15huI2kgkk8AHJC42gdCcmsf4C6y9n8PLW3Fq8ub+8eORW2ZZrmUAZG4HZ1yRg9flUmvcY9bvLpJ4RaHO197u4H3uOcjgnB4wMepByOTK6eGlgsI5xc5OlF2fMrtq6Xlrq9fLRGma1MZTx+IcJKEPaWVuVSsuVuy6arZ9/NHx5D8NNG/wCFua9pPlX8tt/ZOk3aRyXkjuZ5p3DuzBlYnABPJDDOQe3vo+DHhlo18zRUkkVwgEkk7sxwMblGQQWwcdMEk8Zxn+GbGa/+M+qsYSs03h/RcFeck3cinB5wQQMdfcnANfud8Av2AdR+KmjWHifVfF8Wgabdyqkam1+0SqAgYtIWAwpI4Izk55PWvn6mcYDJsJWq4qlGSqY6tCmlTUtOdNRSV7WSenTqkz3a2CxeOq4SFKo2o4DDyneVo6wgnO7duZStd2vuulj8CvEXwVg1D4j/AA30Sz8KwpHqDaiVtUgkkW4MMIYlgoZm4PBxx8xHOa+wtC/Yxubkqp8H2tjJJEzRyPp9ztweg+dAucADB7DA4HP6ueLP+CfWg6H+0v8AAXwePivqNiNV03xdfy+I7W3tkTSvstiJEWNmlKqZSNo3bcYJAIr7X/4YZ8AabNbXHiD9q/xVeWVupWS2XVrazDKQAVKwPIQcDHAOMZAxivkMTx06VXGVcLgKDp1asJxlVdOMo8sIRcVG6dtOZWb1d2tj3oZDB0cJCtja3tIU2nCEJzUlKpLVyWietu+i8k/5kfjz+yPfeEPB/hO6fQbbzb/4gaDYoy2Ah3iS5jO0nqVJOH6DBAyMZHtFt+yzqDblHh7QYT523fLPbIQw+9uMjZ6dAegHyrnr+0v7TH7Mn7OGm+EPhgmn/E/xT4vmuPix4Utpxd+K/tMUFtNqEK3bmKXb5CrCciTkL7Yr7X/4Zg/Yo0USLc/Yr1RMHJ1DxJHdktkEn/WfMSeQcDr1xmvMlx9jlKtVWHwalUVGDbnFQior3dE9X/Mk1yuyfQ2lw/h1RowlVxU4p1WrUqvM7ygpKXNrFdnqpK9tD+Rb49/CtfBOkWFrPb6XHPcfbkBtPs9yCgtX3L5se7ac44Jz1wME14N8KPD1hL4A8PgR2bS/aNULsbeORiovHwNxGTwPUcsAOoI/cr/gqt8H/grocfhK5+DT6JDp76Zrc+tWWlTrdSRzRWUpSaR/NcxuxX5gT82fTFfi98ENOim+HGiSfaCWV9VYsOp/0yTueeBg7vc474/QuFs4lm1fDYivChGU8HKLVJLlbhVV5Xd7vRNemvvM+W4ky/6lgKlOj7bldenL37xkk43V15W7O+mzO+8MeGBNqsky2sD2kVjqcpZbWPGYrKVh0HG0gDOBwAegOPmD9nnSYdQ8PeKJVhhYr421oB2gjdwhu5GbqDtAII5IPXI+Y5+7vBxtLO5FsGlbztH195F3EoSthOfmPYDAPPTIHGK+Rv2R1W58MeNES3VlTx3rRDncVCPcyHA75IySc8cdMnH0M698/wAJovZwwNdpK2knKLcrWSV7Lpvo2rng0HOPDGOldubxuHu7ttWXw+afkrX8keqjwsCHZEjRMlgRAnzZByD8uBnphcDAweeK+TvHGhS237QOjQFAY18FSSswxGoElzGgz05bdgHjGccda/Rh7XdviSFSoUNncNvCnjJC4IGDwRxk188634Js/En7RX2W9aG1hT4aSzmZojKIgk8T7gABk8cbSMnIyDk0+IMxdLB0eVfBi6E99Oa+ivo7XSu+lrqytfn4bp+1xeIc3K31Kstm2vdj8PV2t2v3u9T17wn+yj8SfFen2Wo6PodvNp9/AlxbO+qWscksTIfn2mYEYzyMBuvyivGv2nf2X/EXw1+EeueK9csFtxa6lp0MctvfQT5eWVN0RihkZlAIPz478kZAr6HTw5p/hqys9THifx9eRRRRx2yaDc3kFlGCuGH2eNyOD2XtncBmtLxT8Do/jN8GviNrl3rXj3wx4d8GHRNS1K91iK7nsNXa4vreNI8z4VGxKxZgG2nI7CviMz4qxyjVo1JYRUqq5WoXlUUHy2s779Nnsvl9Pgcrwkq+HqxliFOM01zpqF1bfTRatO9/WzuvnXwj4dA0Dw+82Qs+hWcoyWwd8IIBIHBycHgYxg4JFdNP4U1bVvC/ii00PQtV11rfR5LmSHTbC6vWjjhYM7MYI3UbQM5PTGcEcV+ptj+yj8Afh/8ACey1y6+Ktxd6zb+G7HUba2uYPMgmMtqjQafFDIUxtztaRQc5DYPSvj3W/j74m+DvhTxdqvw31pPDt5/Y1xb3MVrYW729/bSt5LM8bq6kvETubPc9gc/U4DiCtm+AmsuoN+wowpTliFOlBtQjzNNx1sk/16I+cxGCjgczh9bqtxr1ZSh7OUZO/NFpS10vza3t16M8A/ZzS5tfHHwVuWjewnHimUO08ZhlhzlNkgOHDBgRghT+AxXYf8FMtA03WP2iLe0160S4s7j4c6eWhkRWE6mGVyxwd3VRknPOBwMLXE/BPxHHrnjn4bapezu91J4xtNVuZnUqhe9ZpGCoAAqM7N8q4UMcYyK9k/4KP2OoXf7Rnhy4ltcW03w608JIRhmj8lwG4Izx83Pqe/NfGVUoeIGVe15bVcsmprTkcly633tZ3v0va+rPvqj/AOMPxko8ztjPde8rXVtL30utdtfkfm94S/ZY+HvinwZpt1pd7qHh+7uZ7lmFtIXtGWN2wGtm+XI46MM5zjPTzvxX+xp4ysFlPhTWtM1BHhnIZVOk3ZVAz4Z42YMw291YOeuAM199fDTw7qdn4L0i7EKtZNNcQRrnIZmkJ3leoPDd8HJxg8N13iOW20kxiZTCxtZowqOWHmvFJjIA5APUk+/TK1+rwpYStRmnGK5ftRk000kr3u4792r+u35FUzPGUcTCKbcXKMbTV78ziuq1stui062PyY0vwx+0H4ZsLK5gsb+7sTAyI8QXU0cQyNE6lJWQp93Oem0tjIBJxtZ+K3jKw0zVtK8TeD5Q0yC18/yZrWZAzKWfywpjBJBPLgE9BjDH9OPhs0uo+G9Kml8owLLf2687BvSd3b1APzdwec4BHFZHxY0jTbnwf4ke50yxlWK3jBLxREuzSDadwQEMuCQQdx5IxWsaD+qRqUsdVg/ZO8JNSi9For3to9r7LQ0eNU8fGlWwNKS9tGKlFNSjdxd1Z2dnd2e6tfrb4l8O/GDwDcC0s7nUrjSLmOzt0I1GGSNVlRAjqs4BVg23ucbcMK7HXtS0zVPD7y6ZqNjqQ/tHT3LQXkLZXzgwBiLKy4zz0Gce5P0bpXwG8CeKdC0mW90C1tGn0u3dCkCNG7mJW3suwFieWOWDMSRwRx5n4x/Yv0htFudS8L6qthdJd2+5LZZLQs0kmyMmRWbAjOCMKMbTzjJrar/adLB3vRrQlTTTi3GajaOrbdnFWevpvqThq2T1cfyxlUo1o1ZxSnaUZTvZ8r0ktbtafg9MK8vJ0jYuJbYmOAAbWKFdq7TuAK4JGAcknjqBxs+C4bTVX1SPUrWxvrePQdZZI7iCGXdKLaZiyll3KQANrcEHBzzXIav+zl+0V4Nty9nrEmtWUYheKKfGoxMrruUSO5VoxtIAA6DoBkZ57Tr74v8AguLUD4j+Gl9qAl0zVITf6VmNY1ltni89olA+SMtvkyvQELXJWx1SrRnTq4WpFujJc6ipRXuLVtNq2t+6tv36YYOEMZQnDFUppVItx50ppc0NEnq7bJb/AC0PySntbL+39dEFm7TjWtRSGNBnBF/KqIoBBwBwif7oyRtNe+eDfDfjK0uNRF7YrpX2fRVumt9StfLkubWYYiliDHJfGGD4JOTnua+dtO8RW2l+Kb641BJ9yaxc3L7VyY3S9kkkRlJG5wBtGecg5AAr9Abr4l6D8Sp7jV9NvNtn/wAIvpWlRpqAS3vnuYGRJSkS8CNdpjHcqO2CD+C16tRY1ct+VzbbX2WpRSvrd3TfT08v23CRpyw8bSvU5IpJWu/di7u+qd7eVu7Z+zP7Fl5rtx+zN4stobbTrcReUElZd7XKpYFpsgjd5u0kgBhhsHgA4/KDW4JdT8UTOYgDY+ItahG48/vJZZASnYnGACcgHnpX6O/sReIdSf4C66mnRy+UNa1G3uJJXJt2hhspIm8vJK5wCVz1PzD1r83tS1iKz8XaxbyqTG3ivU3E7vgo7vJwVOPvdj6fe64Hs4Gso1cQ0m4trW9nJ2S5nouutl217muMpSUKMpaptLts4u9726u+7enXUxdBmlilsLeRBl/EU/ytwysFbH1A4GORyRnkVBrolXXvFTYwWFr2xwxXIJ9MfeHGSARxVqBl+3aBKNv73xDO+AcsUBIyvTOSeuOBySpyRDrbBtf8TFsDi14OeAHXjHOQSc8k84Arp5lL7m1pa7uk76b/AOX38rbeiW0rq26+F3v5fe1psWNW0u7F1p97aMiSx2IjWEf8t5WhJAK525IyQTz0Oa+Zvje5g8J2NvKJI7hr5Z543yoVmfa6rzxgsCOmcgjoa+t76SOO40xsspVrfaVB5/0Vs4z2zgen6EfMP7Q8ZvPD2myQbXlFxJ5jEDkCdPTqOee/Nc1RSinOMk1ytWb6e7flStq32373ZFSMpwkra2te97q6u9Fpsul91bY5/wAJTqdIhUSBlW0hyQeVOzoefQ+oPAOBwBwnxNsra712LeR5h0e2EYZurcgKeOfl5xwOnfmtrwmJI9MhiOVknDqASQuVx8oBGeABtyME8A54XptS+GHjnxdq9pqem+HfEFxpselri/ttGvrixd4ByqzxQmIqCM5DEDjq1Y55mmFwGWYavjMZQw8Z1IQ5q9WFJOSV0lzuKcktbXvbyuc+WZficdip0MPh6leaim4QhztXcVfa2666u+93Y+ZZ9PeTy4UiCNbz/NIudzneqgKG24OSWO05C9zjFeqfC/TrV/i7psYkeNYH09HR8h9wjYduAxLZxkbc8cECu9u/2cfjXJBp+q2PgLxbdwXVyGjltdDufKdHYFcu8SgBigCsxUD6V9I/DL9hf9pi18R/8LB1L4X+JtL0dDYaldXWowwWtulii/vDEzyriXH3F2jGcY9PjcJ4g8K4LNcu+tcQZVSlUxVGnBVcdhoSnN1KajFR9pdyemluy8l9DjeC8/q5ZjnTyrHT5KE5O1Cp7sY027pKNtFo0uvZLT7b8DaTYSzeFIkh2yE3YMhcqQ2QA2cZyARjqGGAeDXUfFHwFFd+EtfWTUp0LPCGRpiUQGePBKleq8HuDxz1FafhTwH8SZNU0CHTfAviOdkup2t4YraMGSGQKFkjLSKJFYqSpBPqOMCvXPFfwR+NWv6HrcEPw18SCICCS6upPLSC2Ec0YzOWclUztBJ+6M54Ga/pXFce8JRoznV4kyuEo0UnD69h02lGGnIqjbbStazd9LWsfzrguEuJZVoRjkmZNSraNYSry2cop3koW6NW3ulokfOlr8MDYJfCS6n8kadDtdblxuIgjJBA5UKM5IIUkgKcCud8N/De21bUNatllumPnwJE8k7CIqx+Yu/OcjO0kdCT3Nfaet/sv/tGwIt6fBdtBbXWmQLFLcapF9ilItkaRdykgsiAblGCWyM8ZHl3gX4RfFnxVcaqPClr4WEsE4sdTM+rNbr9vs2MdzBDhDl4XHONpP3sHNfLS8VOBq1N1P8AW3LnSw6jGrUp4qlNUpTkowUuVS5XKSlGPM9bXs7H2FHw94tpT5I8N4xym3KnzUJLn2bte19OiXmzyrQPAHhTTNQ8SW2sSXa3Eds0Vr9luJCVHlsZCBj5/MxgbuM4PXFUNM0LQ7/wGyfZJopdPF5FC91M22Zknc+Yy4CMXixg5B7DoTX0lafszftA20up3d8ngq2e8jmVLmTVpZC8UauXO4QtlwnCkjccjg0vw6/Zi+LfjPwuYdK1LwVJp1y1/Agn1GU3Ud0ZZIpo3HkgRBWDFTknaegJNeHU8VfDfD4hYjE8W4OdKLpqVT2k5xi2m6cbU4OKckpNW10fRs9VeH3HU8LOjS4fr0pSdox5IxlZ25rqclKzTumtdbpvp4t4R8I+DGt/D9y+j299eXUZSdIS5kDoWJZFwcK2R0ycnhc8HzRtFsYdNuNP/se3hWTU9WdZJVyVAuJQiAgMu5V2DlhggjAPT7o0j9kX4weB/s0+teNPA2ixadHLcaegma8lu1iV3nRMRDEjjIjQEgkYGTjHKeD/ANk34p+O/D0Gv6R438G2uiajd6pdWUF9C7Xzzi6lhuVljaPKKXR2jHGARkZyawxPjj4Y4eVPEx4mpVMNTlyVHCGJqQjOavGPN7J6ys9UraaNpO9YTwn45qUp05ZNUpVKvJyqUqEOa27dqqs38Sv1066/GmjNd+H9Ytoza6RcxNCLSNGjQrumGMkEsTIA2QxIweo647bxR4F/4S2/8BT6lbWWjeS939lSK2CC8EW51LFMg7nUY6g++TX1vof/AAT18b6hqE93qXxK8O2ckZR3SLTmk8uUYI8tTgAA5Yc9Aeegrfuv2RdY8Jx2Gv8Aj/43wQaLoOox2FhPHoBJiur2QpArRswOxy6hSSC33lA5ry6n0hfC6vVhSo8ROUpVOVQpYXFTbvG0b/uE272dlfVataI66fg1x1QhKrUyyNuV+7PEUE9eW7+NNLRPdPW3c+WfhdF4Fg0/xBa+LtH0m9vtI1C+itUvZmRhFh/LZU24VvM+YMwIBJAxgEcv4rt9Gm1lL3TrG3stOkFhD5EN3kqhkUSugA3YCsegI4OM5NfeWgfsDWuvajr2pzfFkiDVYjefZ4fDTtdSAkmOULwEM6gOoHXcAeOa4fxL+w7Y6Zf2FxbeNPGmo2smp2OmTy2vhKaM2aSSqZLuddzYgiTcS+0DaGwOBjzv+I/eG0a9WEc9xMpNytFYXFKbkoxlaKdKya5dr72V0dlPwk4zqRpc2X4dKCi3N16HLKPMrpvnbejt1dtbanjXizQ/g4fCmt33hW4uDqdtbQR6gss8kivJ9lBkQqy8lpidu0hQO3SvAdJl8M6ZYQ3r6fG921o2+MxAzY/vBj0VlBVegIJPGQa/XjR/2Lv2ddXbUtHtfiVr13eW9vINWsza3FslxdJCW3EhCpklkGSmdwLA8YxXy3b/AAJ+EI+KV38KbnSfiK+rPaRLpmstaTwaEUmmCqDeNthby4m3Z3nLg5UDOOPJPpH8FV6eLo0Z5tiamEg69WrVwNSPLSvD4XOUU7dUl1vrqduZ+CPEblRqxWX4eFTlpqEcRFqUrXs0uZXdtb22vbv8x/EXU/DuoeDfCd7pWmx27G6tYxbxRIroAAJpDzuBkcF+QMnk4J43tHu9HHxB8q/sWaGTw5pu1m2qFO1CNxYleuGyOnJyeTX6L6J+xT8FtP1OLQvE2keKvEunQRTOl9pmufZ4kngOYwyuwCyArtKgnIyQcmvOLb9nf4fWfx08SeE9d8F6xrWkP4estS8Px2/jC1sriys1KZS9uGmRWYjOIiwIORwRz0w+ktwZV9pHDYHNq7o4eeIqXw0IylT56cbQ9pUjeT5uaztZLV98oeBvEtJx+sYzLaSnKFNNVJzjzuKavyUm1Fcqs9d7Wtv8T2tnZ6j4p1m3khK6emoNI8izIgWMAkFkBX5SDkgHG0cAkcyah4lh0GTWdNsI1P2tbI29/CVhCtHtA/f8FhkHI5ByVPPT9YLL9nL9m+yjklPwy1QXEkhFx5/xI0wSuqoxELA3edxbjOeF3EKckD578Dfs/fDfx9qnie61vwlo2hLo3iK4sNM07UPiJYwIulK7Nbefmf8AfsVA2uCcZySeCMv+JleHMZSqex4ezflw8ac5OpSoc0/aSUVGnFVW5O6u2m1re9x/8QOzahOLq5zl0HUb1UqrjGzSd7Ur21e6vfY/Nvxar6/rVjNqVzPe3Ur2skk6SmZ0WFAjA5JZApOBuydxJyARiXUTbWeoRwQWsrL59sftI2sQBgAEljknJz7npmv1G8U/CL4Q/DLVfDGqjwd4DksdWvk8P6jJdePdOvYrJL2RWOpuVmdlhtwp2uV3KDzjFfQEHws/Yd00Q3Gp+MfhJDfQsGlik8ZW00ErkA4PzMNob7p7YHXrXyOO+kthsurQjh+Cs+xSxjnUpujRg3D2bUWqqUmoXbVra2d+h9HhPBF4iknieKssw86ShGXN7SSmrRfu8yitlZd9tj8KJ2hF/wCJrweam2aNR5sbsDiM9XAKqSccFunB9Kx1sF1HQ5p7iZQs0UqAfZ5CeowQQhBwQQHBOMnPRs/phqPg/wDZlHxD8fWN78b/AIX+HNHl1XSbzw/Ba63DeabcQsG+1Qv8pVwoG04JBLdOle5+IvG37FXhLwL4psrL4r/B69urPQpE0qKC3ilne8Kgt5brGT5jtkgdcBSK9N/SKq0KcKdPg3NsRKv7HRUqsVBV405Tv+6aTp83LKzabWuhEvBPC1JKpU4nwNNQc1KN4ttRcVGXxprmjrr06aa/j14T8PNYvYTPDfywC0QGJLe75fk8bYsHcckEjkcZxxWsz3Mfi7QLhrHV/sUCX4ktVtbtnVSFwVAi3lXPOQpXK8nk1+xXhX9o7/gnZpvg7wrN4k+KHhSbV08O2gv49MSRSl2obzEliW3wZFI+Y5J6deleDa/+2F+xXpXxk0zX9L+IFpdeFB4cn066EWiea8V22DEsKtCQ7DB/f4B6+hrCh9JLifGKrhsP4Z5xCjhI4idKdWNVRxFSg0qdONqCkva6uLtZJqy3Ij4IcOU2qtXjXBqdW0Zx5YL2Sna75nWV7Ppot36fDuhjWItfvjF4cunsnEbQi40683sSXw2fJyWwxJK/LkAHJAqbxFDrE1zoTN4evntrS/nlnEOl3exS4+VXkMIIZuNqg7j0xnJH6QXX/BRv9hW0lia11HxFdyBgJpLTwzGwZVUbXX92PoRgAZGRk4ryT4tf8FJf2V9Y8KahpHgWx8ZLqz3VtdW8svhy3SNpoXDFnkOSvGSOAAecYznSl4/8f13ThT8MMbRhUnDnqVqlWKgnb4ouhHSN7votbIzreDPCFNOT44pVZwi+VQp07SvbRWqO/du+/mz5C8D+HfH7Ta/FonhHxLLHPcYKW+m3KiJGbepkkMRKOFbgE5AIyMmuiT4F/Gi6mt7u2+H3jaQO2HYQOiOGYnKs23nk9ecYB9K+ifhT/wAFT/gT4LtdYj1Lw/8AEbUp9auFnnjg0mDZFIsMaSBZCpIBZW28AAAkjnju77/grp8DGuo5LH4ffFC4s40/1NxKtum4YI44IUkAcc4yByeOav48+LqrTpYPw2pukp8tOdatXtLWPvNJRSV7vt1veyJp+EPA7UKlfi2cny7QhSutIO1rtqzV/W1rnxV4z+Cnxc8OaLf6xrvgXX9P0e2sLmC4vNQaNYonnUrCGAcnLO2OnJGScnjpfB37NPx8u/C2hT6d8OdQa0ntI5ba4E8JS4jmXzYpNpkPysjIcnBBwOOldb8cv+CoHw8+K3gbXvB2n/CnxNYf2rHHbLc3WouRHHFIJBIyYKlienp7jIMHhP8A4K0+HfC+gaN4etPgxqV1Foem29g082vS/wCky28CwiUDZhOUO0DAAz0ya3n4u+OGKwdHEUuC8roYx4mdOpRnKUoxwqhTlSrJuvB80qnNGSu9Ip2VyYeGXh5SqqEs9xdWjyqfNHlUnUbSa0oyjy8tmlpbm3tcrWv7Hvx+vhqK6j8OlSWeNsC6vI0Ug5wMq5GTkjk7jzgYyT534s/Zz+JPw7vfBek+IvC+nwaj4r1eSw8NQWt2bgGaCITTreMgZrcBRyxAUYOOADXodx/wVyufOnurL4OTLLISYFuvEMzxoBkjK7FBX1H1H8RDeJfED/gpT4v8ca14Q1eP4Yadpd54J1G91Wykh1Bpku5b63+zSwXQkjI8jYAQvOHIOTjbXJgvEn6QWKxlNYzIMiweC5K3NycntnP2c/YWcsTJpOqqblp8Lb3SOqrwD4aU6FqOYZhUrKcLOUm4OLnGVS79hFL3XK1na9n2v7Fpv7KHxf103OqWfhC3NrHO9osp1fbEbmI7XwVJBAYEk9SASTwCL7/sJ/H/AFaeJv7C0G0jKMokutakKhCCAw2p90AKSvU4OMCvGNK/4Kh/F/RNKl03R/Avh63inuZ71xIHmCTzOXYAFRuU5bHGO59adL/wVY/aSR45bLQfDMe0YCy2PmpuAA5RhjgY69z3PBynxh9I/EOUaOF4dw0Wo2ly0pSUrJt+9Umr2tbTR2W+3Q+CfCqlTT5syqVLxlL3pK7XK7NqEbq7WqV7rTRpnS+FP2QvidrHhvU9W07UdCa10TxJqGkalFDcO91HdWszxytHGVXdECrFWZwSRkjkmuu0v9g74ka1faJaazqt9pH9uamsOm3U9lbyW0uyLzxIGMoKoVGAxGSTkAnJr48g/b3/AGktPsda07RYNCsbTXNWutXvYYdGUsLq8kMszLKTgK7lsKOhxz0qK4/b2/a1vrjTDLq9vGmlyLNp6x6YoNuRG0SuPm4VV7D7wGScUYnMvpDYmrUjTzjKMJhHpSgoU/axbhHlbaozvao22rNNaa6iw+Q+F1CEJTy3G1q0eWVSTnU5bOSTtF1Yu9rJaat63drfqVF/wTU8Vw2Ml/q/j2zWO1lH+p3R3jKPlZ4rdAwcsAQFLDdjvyK8s8NfsTi++K/jXwJL4w1jSINN0vTtYs9SvNFie61ITBBLujLfuLdGI2uTlgM/NXwdqH7dX7YGqIY2+IlxGWO7yLXTtrZBDAE5IBA7g4J4yRiuEvv2i/2ntU1u78RXHxD8TWmt6jYrp897bIYpbqzjIKWpZc5RAO390Dvg8GFwv0gJrFPM+N8M5zwsoYaVGCX1fE89JxrWjhoJqMI1Iy3Tc1pdHXVwvhhSdP6vw9VajVjKoql17SCVnC7ru97rVK+m99T9lNa/4Jt+GrSG3u734naresZ0imSy0a2SUpPwGVhKNoUkbjwvXjkg+W/B39hH4c+PLXxmmq+LvE2l3XhLxNqOj+UUihj1K3tpSizq8jja8wG7MZIyOu3IP5Ty/Gn9p+8Ulvij8QCwwCI7u4UKcHg43YBz8uD3PXqca28c/tEw/aPsnxC8eqbqTzrhIb6eHzZifmllK48xiT97GSSM881dPIPGmphsRCr4i1Hiq6oKlXjS/hKE3KqopU439pCXL8Ldkh8/h0p0+ThaHs4ObnBytz3jHlk71Hbld2km29T9Z/C/7Evw5uPiP8RfAesXniCWy8MDQ7nTr9tUghkls9Rt3lmkuS0oj2xyKuACWweR2r2A/sAfAjT57Q3niV0gZQWkm8ZWyEcj5pIxJgHb1UADn+E5DfhZJrPx0uJ7i7l8XeMJby/SOK8uZtTuYprhY1xGlxJvzKBj5AWBA4AHbNu7P4s3YX7V4k14gqNrS6jczkcgkk+aoXOcgHr82OAcrGcG+LmOrRn/AMRPzDA0vYYWnKFCnUblVpUadOtVX7yKXtpxlUaV1eVtr2rD4zgalTcFwfh6sueclKTVlTlPmhC1nJqK927u9Gj9jPjR+zP8Dvhlpmj6z4f1my1O8ufGuiaKY/8AhLobqRdNvZPKurt4UdiqxD5mfbhTkls/MPoHxT+zV+yJZ+AfFF9Y+KrO517TNMaZEfxlE4mvfLjcNDEHAdcuyiMLxnBxzn+duXwp48llaW71i/mcOCrXV3LIgJX76q07Kp5zwMjGQQcGpR4Q8UxwyJLrs6KzHePt0jBySSB81x6nowxngYyMbrw+47qUcvp4jxKz2pWwmIrV69aE6sXjFOdGcaVVKv8ABTVOUEtU41JaaI53mHC9GVeVPhjL+WpTjCFNwpt07JptN07ylJyvqr6K97af0UfCP9n/APY6u/Bttq/iq80ezvJ9MsZ44r/xZArGZ2YXE2wyZJYgfIFBQHgnqeF+IPw7/Zp0Dxx8KYPDHiL4b2+nXfjIx6sz6hBfwf2SoXYdRZmZQBk8NgZOCecD8D28H+IJkXzvEsyxooUI2oONo7hYxchcNjpg45GMc0o8I3qspm8QQkxEHL3gZgpOSRmfOSOQcgk8E9cc9Pwn4reZVcdivEniPEQq/WlDAyrVvq1OOJpSpKMYSryT9i6inTvFLmimmtzSXEeRfV40MNwvltKSVL94qdLn5qcqdTmi40vdcnHkeqTvrzan9UGo+F/2JLfdLB8WPhXYag9leI4it7QLFfOGWFFZWYeUkgyuchhg9jjL+HXi79k7QPCF5B47+MvwzvtW0+K7s7E6Z5FuVXzHaC4mKR/vjt29eG5J9K/lxHhu2jCvJ4gt90jFiTdeYB0wTmbA9hxtAxuyM1E2iaXCJQ/iLTxnO9jLkc8YGJCCCSTx0JPYZHn0/A3FfV5YXFcfcR4iE5wm5VJQ9pzU7e7CcpzlCLUrSin71k9XdrqXGFGLXsskwlL3eX4YrR8uulNXu0mtVa9t2mfuh8a/ip8CNQ/aC+AviTSPi74RufC+gB7PWb3SQlvbaPDG+6K5vwkI+0u5yCkiEYHJIwK+0Lj9tb9jLSvtNxN8T/Dc01qjwrdW0pka6kDHE6xi2KhZMAmMEqu7qBX8qL6X4YUMJPE+m4AC7coeSAeBuGSefzI+sH2LwBbx5uvFMBII/dRgbX6A5UFsj8M8EjnNepjfBPLsyw2U4avxNnsIZRhKmFpyp4inTnXhUxE8Q51naV5qdRpNX91Ja2bOXD8Y1sLXxNWlluDcsTVhVaqQk4wcacIcqtK7TUYt736dWv6RfH37dX7I+teGPIHxKWDUYtV/tC3TTbfzYpjBjyA8JtlA3EfOCeQ3O3gV8x+JP29PgKvx38I+NtJ8W+JbjwtbeBn0nxVcaVocCyNrVk7XGmRW9uy7ZYFnCmWTBJDHk8Y/Faa7+F8HEmuCU7gVMagYGDwMgYz79OnAxmp/bnwutySuqTtvBBEfChe4HAXn17j8a3y3wT4ey6UpPPc9xDqUMThZqvjqUl7PFRiqkklRupK14a+69eqRGK4yzKvC0MDl9O1WFV+zoyUuaDi4rmc3eLlurRTWi1Z++M//AAVO/ZquNWtLvxNo/wASPEthBbM0caWkMJj1NWYx3UaogBUAA+XyOMZBBrY17/grn8GDqGlaloPhb4mCztHjkksTbQRPOFiWMsCApV8DaCc7R82QOT/Pi/jL4YIBsn1NwHAG1F7HgjIABOOuc5PAJHI3xD+HcQRoo9ZdgQA3ToB7/ReeV7AjFbS8EeCJyTrYnM69o2tVzKdrO178sI8u+yasul3dRS454khdU4YOCs7cuFTa22bk2+yb089T9j/g/wD8FP8Aw78N9e+Kmqx/C/xxqUXjrxqvifTXk1UQvZ2rWvkNaXK7SN0jZkZwRwzDBxmvQfF3/BXLTfFVxetcfBXW5WudGu9Gja48QuEW1u4micNGF2n5JCAccDHOev4Xj4peCYiVTTdXmUsgCvMwzjG4gKSQCCMlj1OM+sr/ABZ8GjmLwzcM5BwZJ3O5VGNwBP48+2eldtXwb4FxeL+v4ilXniWsP7/17Fpf7PTpU6Voxko3UacL7tvVoKPG/FGHofV6U6Eaf7y7+q0pSvWlzySlKEmryk5Kzsm2tro/VvS/+Cn/AIi8Nz+GodP+HF79i8M6bLpFhYya9KIH0+Wf7T5UyhTukVxhWIJ2jG4EHPnl9/wUIvrvTPEek2/w1WFNZ8W2/jFJTrMitaalBOJgjLtBZQw2YP8ADyBxX5szfFnw66N5fhXL/Nh5Jv4iMgYJJGSAC2TkZyBjFc//AMLWtIWdE8NWwEgyA0pY8hcAs4IOMY3Lj0HNdEvCTgCc3KrlqqOUo1JS9vik3KLcoylaaTblOTe7s7djCnxvxdSl+6x8qa5XBctCgklJQ5kuam7aRV7PSytZn7Xr/wAFgvjJb2SWtl4A8N2qiFlcy3kkplIQxrKW2kZwMkA9SMck18seKv28/ip4u8T+EfEepeG/Dcs3hDXZ9b0uyIYwy3M6usn2yVuZY8OxRCAMgYxnn88x8Y7hE2w+HbFMBt25g2Fxw2SCPXspYDAAPFV2+MOosqhdF0wM2SCcKflzzyOpx17FsZ5OevKPCvw1ySr7fLshw2Hr8lWHtYvEzny14OnWXNOpK3tITnGVn8Mmr9Scw434yzOkqGLzXEVaTlCThy04RcqcoThzKEI6qUYvXsrn663X/BVL9om90nUNHOheDbXT7yxu7BIfsZlMFveQSW7+UzZKssUh8s8YbjOAMcR4E/4KTftBfDvwXo3gvwrp/hiCw0cXKxX0tj5l5KZpmlk804G7DMAG5IHU5Ar8t5fi9rpjBSz06MY27FjBI64wcEd/XHXPIrPHxY8Ub1VRZRYDMD5AyCcjnsd3I5+jfLmvWhwF4ffVlhXkWCeGdWnWdH2c3GVWlFwhUac2rxhOaW6V3pd6eSuJOJnW+sRzPEKt7OVKNXnjzKnKUKkoqyXKpcsJXSi3ZK9lr+hPxN/bJ+PXxhgtrbxjJpmo2dvqMWpfZ4tIjWN7i3B8hnZiGZYG5RTjaQDg4BGnZftzftWabHDb6X4o+zW8NnFZxRRaTGG+zwApEpIcFiqLgMRu9M8mvzkHxT8XyOwFzCihCAyWqAjkcAD2J5APQZznFM/4WN41LMw1AKOAD5IUHIJGeOecEDjoOScEdsuEuBnRo4SWR4KeFw8pTo0J4aDpU3UcPaShGSaTqcsXJqzk4q/S0wz3iSNapX/tTFKrVVNVKirS5pKCSipNNaRTdlZLVW1aZ96eKf2uf2kvGOnvpmv68Lyxe8g1BopNLQq15bHMUxDMf3iHPzZx2GAOMe0/ai/aSsvE0vi7T/F99a65LpA0RrmCzSM/2eqhEhVScoAo6A4JHQlQB8Ky+O/Grkn+1ZVHQEIAMjPTpjj5gcjpyepqgfF3i+VsNrV2RkklAQOmfYdvmyCMgda3p8M8E0KfsqfDuW+ycZxlD6pR5HGq4e0Ti1ZxqWTkkndrXXQKmd8QVWpTzPG8ylF8yxFRNctknfm0cXtLe+q0Z9+X/wC1b+1Td27Wp+JviWOJpA/lQny1EgJJcjfgsOCCR696871j41ftC65eT3urfEzxXdXd1bGzuXfUFQyW2CPKbDcx7SFChs4GAeuPkN9d8SzMC2qagw6DDleepztPOeuWPIPp0jnu9YlJL6jqDMQAR5z5OSckH7pOVAwRzz0760Mn4Pwr5sLw1lFJtWfJgcNHmScXZtU22k0m76NrSxjPMM9rpKtmeOqK6aU8TVklsm1ebsrbta627M+trD4lfF+y0+DS7f4jeLrTTrcOLezi8Qy21vb7871iiilwA2csFIG4g5xis+48WfEC7lZ7v4g+JJiww4l8S3Lk84II84jIGFyM4GADnOPlMPqBUj7RdlmIB3XMhLcEfKp9AcH8Ouac0dydu2W4JICqDNISRnkdeQCeOfx9e+LyWEuenkuBi37zccLQi3J2V5SVO8npdt7t3bdrrnf16SS+t4lqyslUm7WSso9LO1359Ero9/vYLzUH8y/127umV94+16tNLIG4IZHaY7c4zlevC5AHFMWcbHbJrhRAxJEl/M+DggHJmBYnAzwOn0I8O+zzuVy0ik8E+Y5AIPpnOcDsRzjJOVp7WjMu7LGRSEVfMds+v8Qweuen6Gt3jcGkksDhuWNuWCpwS15b2Shon5K172vuSsJWk+Z1JtyceaXM03Jcqbd7bXtf0vokeztb6TErI+p204Lc+ZdSnGeMgGYgnPYnGce+M2Sx8NxygPf2BdwSA4DFcnnq7beTkDsMgYryIabvLlyo2suQXfGASCe/vzhfVexKDSndl2opJyFJySUHAwOASD0PGeCQqgmiOZ4amk4YWhC6V1Zd1dO0G7bJXevdmiwElyyk29Fr1u0tru/lf10T1PWFTwzEzI2p2OWAYEKOMA9Occ9+TwMgcGoZZ/CDACS8si/A3iIMenUeuSfo2CQP4q8z/srcQWXbkEbVBDNxk9MAKMHgnGByTk5jOmDcpKJznao3ZxzwRkHBUZwcDnvxTecwi1bD0unRy091Wd0t7W0+Tvs1gJS0cpXutN/O71vfTf11PQ5LzwdH8i3dszEHa4twUYDGVA6c+vPPA+U/Mxdb8Grjc8BdcbgLfIJUfeztJ9wM5GMZPQ+f/wBnEfIoQOuQFIAwByecggAdQMkc592CxMStmJd39/jG0EqDlVGQWHTOPQE4qFnfK+aNCi4q6d4J9I6rbd672SStbVi+oOSSvLTrZW15d9dbpXd9OunX0GXxZ4UEbCNEZhwDHaqOBnOBtH9DggHnGc6DxV4WtrgSpaSSNuJK/ZRhiOcjONx47HPtmuQ+zogwQgZgNpUAjBH0BIO7j5lzx1K0G3jCZwQ+MIFUfNg8fLxzn72TwOmOtH+sFdbUqKStbS7teN1ZS6rTZLmsr66t5TTm7yqO9rb7baJNWW+qd7detvQ28feFt3OlO2QpIFtg5xtAwcY+9zxgZxz0qP8A4T3w2BhNBmbaXLYjUcH7vcZDYyMjHvgknz9LVGDbgsjKFBViFK/MMlScYKkLk5BwcjpSLboJJFB4VgzLu3ZGMg7sYAUj5eMfNxt75VM+r1H8FO9loktFaOzTej011tqla4o5RTVnGbu7JtvRW5W9uknrokvzfoKfETRAjKnh6XkAKSo5Zh/dBHA6cDntknC0pPiZajmHw3H8gI+cgZxxk8HnnBwR9c9OSjghG3blVJOTvBAxnbkcEjkY4AIBKgdRM1nbF4S23LDJX15HDHr1OB9Bzg5HI85xD35U/d0ik1pa9tLdE9+1ttNoZZD+ZNtJq7Wm2z8tX1b+46Fvicx27PD1qqkAkF9vXjsnqD2APQHsUj+J94mPK0KyViSrBiHJGDtB3Anox7ZyRk9QOYmtbZTkRjMbkuAAVPTAboOM4wBkYGCO0LRQ9kRSpGABnJOeD3PpjuO/PLec1m4pNaWeiX91ae7fSzbSS6i/s2nazak3tfaytfSyvbovnbTTorj4n61MQBptipwVVQoBAIOMjac9OucgDA71Th+JHiNGYPZ2TMMBCyEGPntxg5474J6Gsl0hJ2+WoZX5bqo+vOcg4wDjsAcg4CkEYY+WoPzbcEBywPHGOoB647/UVnPNq7d3iL6dNntdWSS5tF5ba2COApprSz0ta9mvde17X00Wy62u7aMvxA8VY3BLGPeXCjysn5uM9sEHOc47jOSKqt458VuMs1nubaqqsB53btwxkD+70KjJ+7mqYaFxhkG8YwSSeTyc8cHIGD+XpQSwKBUT5WKhj3+owBx3xzgA+1Z/2rVlb967W2Xd2eqXXr879Sv7PprWKStbe+uqvpfdPprfsntdPjLxSYwPtESMoIwkK5TjIBAIAHGBx7HA6UpvFfi3Zt/tOQZkOUSNQAMHGBnPQ+ueuOcANkO1lCqPvAuQTtC/3m6EdeAADg546lGVSTlY9wBZHyQeRgY79M44z1BGMZlZrWTX7+SstHqrpW83Z2Wul/XQFgqO/s1zLfR2b93VW2aWj2s9LlN9e8Uuyg6ndDbwdpVRt7jgDHc4zzwRwRSHV/EbEIdVvuD0VzznoD1OAe+eAuM4GKuAkqSyrkryzEkgg9DgdRwQcL2AzyQrSDapRA7hjtkHqPVjgkgjndjgA5ySVX9qTk0vaz77y2XKrbuyej89nZWKeChJK0UrtdHsrOy317X69U9XU+3+IiXVtUv843AeY2O2QCOhA5yTyenHWvNqOuKc/wBp3+0soX97jKgDtwSTnnsR0BrUQuysx5Dq3RssCOMYK4B5IxnJwM5PJoTlgSxUmNMqwc5I3AHjoQTkfN2PXHFXDHTf/L6ba0TlNtvWPRN3Wzel32tsPBUotJq+1k0+a7cWlLrbTpu76qxRm1DVhlzqF6Q3A3TkNyDkgg5GeCcgqSBnB4rJuJ9SZQ3267bBOR57ngA55YZbOOe/UjIBA1ZSpZg2CoJ4ydy5HUdApyATnOTjPvmSOgJH3gGUnLEg4IGFzkAYOScZP5EaRxFR3bqSe+nM2r6fCu99Vrokt9zGVCF7KmtG7WS2Vulr6pvS/a3cw7x7s533d0MkFCJXIIA4PLDnnpnnoOgx1XwzspbzxdpYlmnIMoZFd2ILrIOSCcAYC8YB7AkVgXBjO9l27Cy/KFJz1BK5GPlyR1zn0r0r4PwIfF+nykBil0sagD7gYAkH03cHGDuxkn5jSq1pKnOd+Zqzad97re3Wz2779x0qEZVoKKSala1uqtfTV317/LY/YLRNGdPCGj28Ks5E9jKQRwHcqzHkcEt93sMZ5JNfmt+0dHPbfEzxWt0pXDJJnDBBIyZHoeRkgZOMcA5Ir9dtF07yvB2lzzYLrJYHbheAVTGT1A755OcLxkk/lD+1oiv8RPFEzOkUIjg3s8m3jABI6ljwcD7uCR0NfZ5TNVaFNxUVywTlFPS1o27ba7aenX5bO4Sp+0vdP2jaa0TSaXS621V737bs8F8UeNdO0DwcmkE3Et9qGiTwqkIDJ5bncWZgRgL1BAIOB2NfqV+zN4y8VXPwW8GW2haZpPhuwtNHCzeIfEEglupnJU/aLO1lIhRSASh35z6Dp+N/j7W7G+XTbHwrZPqN7DoaQ3MxgIt4yVAcq7Bt2TkM3By2DnIz+lP7LXwj1b4nfDXw5J8QPE+urplvbvFa+GNIuJLGwS3tyAhuDCV812C/MGwe2OTn6ah7TFVIUoRdRU6KSUVyQaXLfnk7vdXvG7S7pM+IoTWGqVHOUaftKjqPm95u1vhgnFWtr77ilZt3bPdvi/8AE/wTZeGLix1TxTqnjnxLcXFo00Fpv1GOJUnQiGK2iza2S7gU3rMcZHXGDX09Pjz8QJQ3h7SNG+Hvh5rOJLXUNXA1DWYrYIqxy2ts4AtpXUEhuSpAOc8V7F4n+Gfhjwb8O9Rs/Cvhuxs0VtPjkuXt45Lpy1zETI9w6l33EZLF+uM8mvR21XRvC+mRXPiHWNN0uH7Fbkm4uI9/liFTsSCNi4I7gJyCMDvWP9k0pYirOvVp01CEFyUfdstWlKcry5m1q7rdaLS/swzOpDDU44eMqjnUleVTV/DDWMYtQS1S+16s+PvFn7PmjaP4M8R654u17XPHviGCza5W61W5c6fbSySIGEVmHWFQCTt4JUcdDX078I9B0rTfC2hR6dpNpYRppFoALa3jjc5QF5GkVN3XAJySQBknpXgHxh/aA8JHwf4h07QrC81Zpbc2/wDaF15djpagSAtIZJGEjdMkGPO0degPybrf7XetHS9P0HTtYnuzFYxWkWj+CbaSW5lUKF8ubU4FDqwJCkBcZ4ycVyxxOWYSpJRUKsuSKXKuZyaavdvXrrvd6bsp0cwxcYczcI8zk9WkoqKSstbXv1SSbfofrB4i8beD/C8aHxD4j07TZFwFtRMs10wTJbbBbiRg/OACB3AHC4+K7j9pLwf4Ym8VPpmnXWoNdeIby+gu7+ZNP0+OAhQsk7s3mgkjdt2bsdsnNfJWkeDv2ovirdLf+GvBT+DtPlZXXX/EkjtfusjY8x7i4BdnKHd9xec9sY9N+Ff7EVl4h8WeKE+L/jDVPEt3oc1hNNYWNzLDaXE14SZg8iFcquMbSpGMbiQpqKOMxuKrU4YWjOjCcuWNSUXFbJv3pLVLtazv0NZ4fCYWnVq4moqnJCMpQT5nZOLV0ndavdvprpdnmnj79rfxD4qvbjStGOoa40jukeieDluILJBkbDLqUCGSaTJAkBUDcOx3E8RoXwV/aM+Mfif7H9lHw7s77TUvpJbslNTn047sPLcyFpZmILEn5CDwpJNfsp4L+DPw2+H9rHD4Q8FaRpbwBUF29nFJeMMAgvcOGZzk5LdM8YxStbz/APC5irAgnwbAFQBAqp5jkgRjCgKpHIzk+3zV2V8nrt0Z4uvOpz1Yxkrt3vo0pPVa9kla9jgo55RnUqUsLh1FwpSkpuzd42eyXe+7lrpZtXfwr4K/4J5+BfDdjda54tv7vxfrltY3d1I9/My2aSQW7SE+SeJQG4DcZPIH3hXzH8PPCltb6Qy2SWsMJ1DVvKAhjwkcV3NGgBwThAo54zjsOB+32tRIPDviRmVtsHhfWJWbGBuW1kbIAwMnoT2ByOeK/IT4ZWyT+FNMmjUIZ7nVnYkFtq/bbgnpjkZHRR1zwRX1nDGW4elmb9nSioxoJ3tdt80bu9rt2dr6dbPt+c+Jma4qnw9CftaiqSxVK/LKSfKoy5klFWSs7Pur+RPaaPKZEh3EmfB4VQBhjkE4Bw3AHuSMZ6ed2vhqWf4j+MoFRmaGKy3GM8gMB1zxn6Z6ckHFfQdvZxrcW+4HcowCMnliD0zkZ4Gcgn171y3hmyil+J/xCAXBC6cofDHbkJu4brnHT8iBgV9jmFCPt8EuVcrqtW5U21GNtNnpd+Wm1z8cyDN8Q8NmtR1KkpRwqd222k6sL/Nt6b6+hRi8G3DhAFkDI64d3YblGOgKnoG7ZI5JPBBmk8GCO5tJZIhjzsYEjHJDsVIzg5BxlSDtGFxgV7tLY2ipGV4YKg+VsZOeT04PBPGRjvWJeQwedZDAMhuxlmJPI3KMBhge3OBwRjnO08NGMJe4k7LtfXltpbmjv3d7PXcnDZrXqTjzVHo4db3TlDRXtJPVtXt1vofMvw28NC7n8YP5Cny/EtzGMknnDAE44ODwc4+uASPWx4JEqqDZxlVOOn3vm5JGdpHfOAfcHqvwTskJ8bgxqc+L7sjIyMbmIGcHOT0zkA89K98XT1G4OobDAgN0GG/hHIwTyM9zjoQa5cvwkI4el7q9670Ub3ctL721vq1t1vo/TzbMsV/aVWLqSjB+ydk2/wDl3TSVne2nq736HzlrHg9INM1Q+REqJpWouOFLAiCQ5HzcYxuHXkY5A5j+DnhKzufAmg3DohZheF3kiDAATFQD3LEDJPbI+Ug17T4gtE/szXV8tDGuk6kFbnODayZAPopBAyc56nnNc/8ABCzJ+G+iBWXj7Vxx3nYng4zwp7egPUCilRjLM6fuqyoTsmv70Vskm9VtZWtfzWuIx2Ihw9WlTqSU3jKL0dnZQl633a6dloaEPhGxC7Ps0b5B+cRDavzZwAccHPRSeOPpn+JfCllbeHfEdwLZGdNEvmDmNcoRE2NhxkDjoAM4xlc17TFZoibgoZvLAAUY3c8DGBzn8fcgGsPxdaEeD/FMjqOdDvOGwxUeU6kYxgA5JzgnORXq16FONGsvZq7pyaVtV7it327aP8z5DCZni62PwkXWneWJo3Sdldzj52aavdv1b1scf8N9MifwB4Tl+zq7tpETFmGWJbIwT1OMYycAk7ccYHejQrdijiOPIUYBTk8nOcEc4HUEblC1U+GNiz/Dzwep2qDpSjGM4AwSvIHf05yATxivRUslR0IUhQTnPQ9OmeowenXJOT1WurKqMJYTCvljd0oXdlp8N7366dr31vtby+I8ZiaeZ461SbSxNW2unxLfWzSeqd1Zaux5L8R9GS3+HPi6VYI1ZdOVnG3O7bNGSQQcZJHGDnJJ/ug8bp2jwnSNElMakyabacBFJJMWNx53HnoTnpu46V698UIkb4d+MCcKv9mBVweOZkKn3/meecYNczokaP4f0Esq5TSLIqN2SRs+8p2445BGT8ucH1ulhYPN6y5Y2lhaVm0ltO0mlqtU1bp16M4szzLFLhbB1IzlzrMqqfvSWnsaVlffXWyW/RWOJTSFhlLsi7pZdmCvzADG5c7cLn1OevBGOPLviNZsnir4Zps2q/iAhSyjPBIA5A9fr1AI7fR8iRO7FFUiB9/zKSTx/D65Pfk898NXjPxMRf8AhK/hVK6Iu3xKW59znBBHJJJOTkg9Ocits7w8KeDjZR0rUdUk+b99Si9ezd9LtWaOLg7MsRiM0cJVWksJi5aybu1hqj636qybV7vTY7i80lX80MhwxbAAbj15IAxkHj27c1i2emQW9/MiKpZoSBhBlQCuexwB/FntnNetXvkuzmNFKh3JOOMHBznby2Onboewzztq1tNd3M6+XvjSfzAeWJXAXBHAx1G4gDHJOQTriKUaVOM+VRtBNadHa2/RXTf3Wehw5bm2Ir432DqczlU0d3fSavbXeK30stNTi0tFHx08NxONqL4JZiUTbuyT6AjByQcDgj/a5+gjZW2yWQZG/LLycsOcc4OSpGMADHXPWvBbi9jb43eHZWaNAPBWMtKAcbmHLZ4OAvBPb/ZwPfLvUrYRBUaFmWLGVkQ7ieQ2CSM5zgDghTg5r5rCTVqsopa4io9r3Wnn6ade5+qZ7SqSlgeZyvHAYdd3qrduvTTp00PK9cjjOosZA2I0UIpGeGOME9fc56DsoznyfwRcJD4++KCb9wMmnbQCBwBnpgdWycDkE56V7DrF0kt9OFjjL7FAbKkdQe7dORjPYnJznHi/hO2UfEL4kPvjLF7DlWwAQAcZAPTcTySPUjpWeInzYzANJRaruW1l/D0/8mSdt99zbL6U/wCx85jGV39Ujyp3S1rUW7t+V1Z669dT6FsoxJDE3yOGUquTxn+Hr6gAE+mOAMAaiohdY/3aqHUEhTjIUAgHsWxnjg9xnNZWnQzNbRqDwI9yxhsFSfpuOMYIA69h3Gt5kixpEEXdGys28nJB5+98wJwc5HK8EnNfRyrxim7q6842esdPR3v0tZebPgqFGqqqk4yXvxWivreLdmkmno2uttLK2vkPw6WMav8AERQQTF4mDc5xtEC7doGNpz6cd84xj3KxMAiWQpHuYHdu4OSMkDpyFzg89evc+DeAJZBrHj/AGX8RjIQZ6QqM+hx+vOcdD65G03zIshUAbshdvOBngE4HYgdR1GTg+PhKn7iKVk3Unul/z8utHdbaPZK69D7vNIT+trljJ2o0Ek4t/wDLik7q6tpbrqrtF3VriOOe13rCweRVWMMApYrgOcHr1HboQeleBfCK3kF94481FxJ4pupkJXIVVLgBXUEgcHsT16cgdn4pubm21W0Lyo4kVWhG9QsbKMl5MNwNo4XHTJycHPRfsx+B9S8UQa60oZHvPEl25kVSxMRlkUvtIxtAIwQfQYHGfSw2HjiMRhnpfmqXvazTUE223o3e61STPNqVKtDCY2bjKSXskoxi7/FGyt5vXSy1fex0YmYxKTGzfM+V524GcEEqOMjpgdeT3PE/ECOS78DeJU2RmR9JuVQE5YAIwIIIOMc4GOee4wf0Ch/Z3jkjSJdTfeFyMQlVO4bTu55BJ5xlRyOgyfL/AIjfsy6zJ4W8RCxu1nnl0+5hgtooBulLKQu0g9yeTxxjIxjHuYzCUlh6kIzg5OjJJRad20nbdtu7tZrroeBl2JqzxeGnLC4hqNamm3BuKtKF3dJvTpfy2Vr/AB78G9OiT4beFgVKS/Y5UBRiQzeYAQCFOCCwDAnAC4GCc16DcaQlvK000oAOFLB9u0EfxAjBLYOG/Xjj2H4UfAzUtF8A6FpursbfUbVJHntzGA0S53DqejYBwcZO7AGQT1GpfCT7SQXvVbJOUZBwMMqs2CM5X3PJzyuTXJl9GhRwdH2k4qUVG6lKGjfKveV76dVbq90tPax+FzDEZlXdHC1ZU51JSg4wfK4rl0b8187WV21Y+JfGdxpcNrraveKoGkXYj3SMyvIYmUcY+bJJ4A6DJPIqD4KX+mWvgDRVmugk7QXJaJvlYASfwgqW54IO3aSeMBsn6D8R/s/6Vffa57iRwVgeDb1jAZSDuUkA9c8Akd84wOT0L4M6L4c0qOJ9R3SRidFDKA0SSH5Y125yo6qccjJBBBz5GLxEKOaUsTGpT5KdKpC129JSi31Wis+lnZ6bN+1hspx1bKK+EeEqOpUxEaqvCVrJct7Nq9r+69Nn8/jH9pnxHFr+nWHhS1Ilhtbhr+/JAbaFb9yCB94tk5XoVPTDYX4uu7KyS5jSK2g2RoJCMLw6qfVQGIIBZc9OMdx+mHib4CWGp315IL53aYEtK4yzIScR5zwADnJGcjBPAA8l1H9ne1huD5Be4TcF+RMjZjkHJJyenXj1xmvgs9jDMcVOs3FxvFJNpq0WrRStotU215n6fwnRxeUZZQw0aFSySlO6t72nMlvbW33dT4sudGs7rwrs8q3M97fFmjVBl0jwc59z1JwD82OK1fBPiHw94Euku9S02OSC3UyLCkauJJmOCrrx82QSCQcHHOc5+p5/gVOyCOGKXy45iE2RbdoxjBwp+YknOPTPcivO9V/Z/idLhLqG83k7gyRsFGSSCBjALEE5ILdsk15McrjKEo2i00km2k20k1rundaK/RrQ+jnjsY8RFtTg/dbVk1K1rNJvRvfs9dHsvFvHHxh1DxzdQWOnadBpGmpcs8RRFE0qqQMybeAMAbegHQnG4nx+/lnk1JVRI3VQu9v4d3OGJIycnkYHPXPJA+rIvg9omlyQ+dbXJcRMrNKpwOSMgtg8Ak8HBbocDB4nxz4M0zRhBNZWriQhDvKna2c/NnHQNw23P1Pfnlgfq8XCMdFKM9G91ypp+71bs9ervoXWnOrOM3Kd24qV20rWWjTW97LT07ny54pgv30mBV3jdqL5jjU7sEjBJHUdTxkkEEY4rtvhtpmpXMy6ewmMk0hWONAS8isBhmUAgBFA7559RmuwitbO3sbI3aQmKS6k3MwXLEjC7R/dBAwe4xjg8dLpbx+HLq31LT7Rnuso8BACEoxbchx22KCCSCR1ORxnzuMnJK7glFp31sk7paXTellpt0O6lQjKCpzk5JyTu9JLbeTu+V7aW8vKp431K98LwnTYY5l1ERCMSMWUxROMbgBggn8jnrtwRheG5b42eL4uFdnYBi3zEpktycE7hkk5GcegxoeORq2u6qbu/tZDJdxowCgEwrF85UAf3gQSQvBznPblG1F4IhbqLkLFHIwYKRs2KAwxjBxtI4x1I5ABX5/McdUp8yk3d3SSaSk7x1d2+i9dfme9hsqVSMFCScVyt2UU7rltdvTqlq9r2vY7ebXRDYTlVJkLJCqkj+FuOhPtjrgHHUVw2r3by6fKrBB5uGIDDfl3JGMkgEDnAzjJ4GOfN77xcCJ40jupSJCgZQ2AQe5AC7mGQDkkAjttzkr4mvNQZ1SzmMcUexQ247WBbIYgAkgHIHy5YdQCQfFhjakoNubtdvRq1tL7Kyu1pto7bnXDLpe2irvRpK26V7O6UdrbX7Lax9Kxa1aaHoVkqXdtc3ZtYlSCVwxgIIO7Yc47FucnAHAAz1o/aV+Ic+gDw/ceKr6LRbVfLg07TZmggRRGY8FUYcEY6gk8k5BwvlPg/wABa34v0i71qw0W9vnsUiF0ywySQQo7fIJJBnbuycHbxwRiun8PfD3Wbz7XHD4dd73zCkMCxySSTSbgvlRRojFm3cY5JbOBxx8nisPluMryli5UKypTc+StaahP3bNKWiaTT8unl+i4Shm+Fw0JYWMqEa0LKdO6dSNo630bW11311d2ce+uSajcwvL9pnaS7WR3kDgEOwO9ichicgs2cZPTsvZXet6jDcTLHCxVFTY8au6nC8H0IOMbuBleMjp1s+g69ojQWmreHoLOKOeEXPn2zQyxOTxE4kRWUgcsMDpwCSCepm0UTGSRpo1gcoViSMDbHgYKDHQcDODggHjGK+hwlfBLDqEeRwtFRUdlZatWbTTW1m+vfX5LM8JjZVuWU5KpGTdRSTUk3u5X8+q2trroeNLqfimWKVoY5Ivm3hvKUEBtuNoJctjg9uh5IyKxJ38QapO0d1dOJCwQDYq9AAdpB4GPTB5xiveY9KtUiuIrdpGlCE7pmZV5ZcckZ457HJ49Cbfh/wANQvczXRggaS1ALsxDYYqc8DHfODyeByB066eIwyinCCko2b91u7VtOuu68uurPDWEzCFTkdbR2S3cbe6tX1atr2v2seDHwXqLtCRdz5kUsWET4+YYOSAvK/MdvuO2BTH8HXNu/wA11K7A7hiMgkA4PG0cngAHGPm4GDX23p2n6MmlxPd3dtHJ5eY08gFllznaeMkgfLkAcHPHIHnbaSmq6pdutxCltDO6FViVSyqSflYqByAOp6nnIIFYf2rSk+X6vazXK7OyWjdrPV9V1+7XqeW1lac6qk5JfDbRLlvopXut1t3tY+SdR0JnLsguMRE7yVI3MSQpB4JwSQeDg7cEck61n4CluIYbp7mSNHClVILcMDgncAxO3GTjhh6817H4p0qzsbn7PEWbzwzMiurY/eDaflJwCBkg4xyOlddYWlnDa2i3DLsMaPHG4xn5TlTxk4AOB7/XHRTxThyyVHmcmm3qrNtcrbckkt7pJXsm1Yxp4JNz55p8tmlolzWjbW8UrxS7p273v87SfDaKUGQ3UrHewA2FQOVyF44HT5vcD5skUS+DYrKK5njEm+2hyGbgZjxlguScgHvuwfqMe66pd20TbYFxFuYE+WGwC2ByR0yOO+ehrk9akiure8SBJDmymZmCHLEjI4BBAOMdSO3Ga7/a1HUhdWu4v3VZu+itdttaPs9HfVHjVI04VJOMU3za20Tukla7f6Jdd9PH9DmfUJtRSOFTujyWwzCGLJDMQeF9RjBzgY651brT4dDmhnkuI5I/s7TRrCcOWcElXAGVA/iUcjnjO0HG8M3wsJLu4khkWPyGhceXhh8xxknlhwAcDjg8c4o6nf8Am6iss6t5TlkjIXaqxt0AXdjJxk4BHOT1Jr1oyq1JRvO0YKOjVuXm1tdvVaPma69bo86qqCd40UpycUpOLur2Sd9rPq21a1/W5Y6ubO11R/L89bpd6Mw3BC5JBJIIGSCGGOcED+ECKKJL7Rb25cIskRkMuwD5t6hRgdT3GOxPpzW1pejPcaBql9HKFttrKibAxGM85xwASCMjoflOCawdPASya0d2D3E0cb5YqTksCSpHAIwep569wdoYiEXOmnFckG27/aajaUXrzJ6PWzVuyu+GvhayjTlKPLF8tlFe9bR3TTd9dW+i02259NMimt1K4UpBKz9OD3DHryeCcHAI7AmrC6DE9jHvRWhkgZ1dvmCyLk7hkHJHv0+YE887gtIbW4u4FkWSQh0ZTlVjjKKS5GMdQcc5znJPNLbbjZW8Ds7qkzIViUtvVzgjHUAkjb2zg44ArR0KUqXtXZKzcr8rWkoLrtzK6fVPtsYUMVWpYiVNKSTavpvbkTb7XT7XbS6vThLS2eyaaaOaTBRvKFu2xk287mVT/DjnGMnvniut0nxp450LTH1DToZ5rWIgm4uo2JKAnJRzh9pXkdR3IAGK918J/BoFbbxNrsYtdEhRZ0huCENyOGIYnHy4OSpAyDyc427nja+8OX6WunaFb28Nt5TW8hRR9lAwVARf4mGcls5bGK+QrYp4nF/U8FTU3TlatVa9yCfLomnZyXltZH3WHi6GFjiMbVlT50vZwbs25qNm9U3qrX1tZnz6/wAQY/EGg6pb3dtJBeagqu8jklJJSx3EdNqjO5ck5OOBivPLTSGl8sBkKJgMwHBGTgHk8gEg8HHqeMe9yeD44PDd5PBYRO0V7HGsqIAz7iD8uBuxzk9MAnHSvW/2f/2T/jN+0p4uTwV8GvAmr+KNa2K91DYW0i2Vlnaolu75lW3iQZBP7wkgfcIzn6BZdUqwoqbSUKabkvdir2+K+itZ219dHrWGl7ZzlSTlzTVtV5K6t101V3r958lDw4+0NHFEU3gBS2C3GCeQDycZx15OTxWnFoMqFpWiC7l2qAP9WV5yDgjB9ieeDxiv6GfB3/BvN+2Rq2n2174m1n4eeEJmAlktb/W1ku4hniNoudkqHIxxyMe9ezaf/wAG53xdnQf2z8cPA1qMArHC6zbWIw4ywBJySMgEnjB5GD6hRSaeIpyWminF3StreOm7ta9tL2aselHDYhJLkUU+9o3fut3V7t6RTd9r9z+Y2LTJSMgEJuBCDncB34A4IHXp+J51otLlyrJtCsfuYJYbV5xweDwBx8vPXof6ltL/AODcq9RE/tr9orQ028bbOxR9uQQ20kgnvjbluhPPFd5p3/But8P4YkXU/wBopnbguYtPAIHy9FMoOc5BOMnjqOTj7HDU3FzrU1ZJJ3c30SWmrenVu789TSGBxD6xV+jld/Z1S8vws7rVn8nMcMVsvyqGdu4Bzl8fLt7ADHbnPBwMC5HD1k8vjaOSMkhSRjJJI5wcY5GD61/XPa/8G8vwDhwt/wDHjVpQCCfJsAGPOCQRL8pPPHJzjAFdPYf8EAf2WbMKL34u+KLtQSCVh27uc4B80AYyOe598AiqZfGS/ex/luqb1Ttr0dl10+S1NPqOIWrnFbfbjrpF2un57ddrn8fEcSuM7CMnk4yc7ug4xwcDHrxzjFS/Y5VBlVD0AOBh+Ac45znswHPf3r+zHT/+CE/7F9iHW78b+Mb4E8kSNG7YGCcrISOQcFTkgHviuksf+CI/7B9ttWfUvGV4ByxfUJVDZPp8xVfXrkZ2gEYpc+B1ftr3aUWqT3Xm1Z6uzvu1dOw/qtVb1Kal6p3+FPa35LXz0P4tEitpIiZYxHIVyGJU85GVHQ4PYbei5JwcVE1vEqq0ZCtxkKUIJ6kjJ69icHHPTkH+3S0/4Iwf8E87bBm03xZclB1fWJ13A5527RjgMeOmD710Fv8A8Ef/APgnLalWbwl4kuNmQu/V5m4YjsQRjGTkLjrx1qFiMDH/AJeNu61dKS1ai9NU1pbpv6WIlhKj0VWC7e87bRttdv4vLVJJPp/DaqW6ELIpbdlmcsmTuJOCNwxg5B4ABA+lOFpZFuhORwhcA/7xIYE9SQdx7A5wK/ups/8Agk//AME3rMiQfDLWbxwxO6XVpTn7vBUrgjjrnn3HFdxp/wDwTb/4J3ac8bRfBG3u3QABrm5aUtj1GCTngk5xnBGSCCniMGn9t81rfu99t/eW66a2u9NSIYSWjda/e19Pht07vz89j+CtdOhn/dRRysDgEqwYkY7YYnPJ9CMA88Vdh8MTTMqLp97KChCARkjcBtXLevHY8Hr3z/oC6b+xT+wboxX7B+zt4SlaIFlkvoBKQRk4zn7vsVwRgAgcV1lv+zb+xzp4Atv2d/h0mCACdIikxngckc5PHA7nnPFT9Ywb1dGtL05VqrdHL5qybvotDR4RLX26k1bo7r4fvWru9Xppqj/PmXwLq80Z8rw9qkhBVSwt5WAweg2g9QOfQk49atQ/DzxFMf3XhXV25AKjTb1zgY4xHCc5J6gj6EnNf6Flr8I/2ZdNwLD4BfD6HGGB/sO0YAcY+8pI79C3U5xg10EPhr4NWQ22Hwb+HloF6BdAsc8dwPKIBPJ/UYzyLEYN6LC103qrypWu3Fq/xffZX2tcHh7f8vItWX2XdP3NdbdOl7Pqf55tn8JPG8jIF8F+IGBDmPZoupuSSeDxaHpyNuDjAwORWzD8EPincsscPgPxfPGy4xB4b1SVs5PH/Hpwp6KOBkdeor/QuWbwbaLi0+H3gm1VQCoTw/p4wR0x+6PBwPpwTV6PxZbQZjtfD/hq1C/KDFoWnALwOp+zknjaMbe/JPaHiaEZaUE1KyfNNXeq2UY2sr6+SXW1qp0rqUPaW2atFJqzSu9etul3o27n+e/a/sw/HK9lD2Xwq+IFxGo5jj8M6kN25sgDdAvXuCMAnnoQezs/2MP2odWKiw+B3xKmQkbc6BcrjABA+YKMZIAGMqM8jNf38L491GP5beLTYzj5hFpNim0jAOCLcfcwD0OBjnpSj4l+IUJCz26EElQtnbKzZG0MNkIHpgAkA/w5xWbrwa0o032fPJ8r929/dV9lZpb9LaKuWalrVaVlFaJP7Ku9X66+llsfwZ6d/wAE7/2x9Qytp+z78SpC3zJu0tojzjjczjAwMHOA3v8ALjuNO/4JYftzaguIv2evHSlzuUzpFEOM/ezKSDg85z3AOea/uQl+JHiZxu/tMoB8oEUMQPzHpgLwenf6cjnOl+IHieRSW1i7wThsEDGfcDpk449B0GAEsTytN4eg9LNSlL3l7qb0s9Nb9dn5kpzSd5zaumn7qfTe935eXc/i20z/AII5/t86iyyN8FdctvMICi5u7aIDcPvMWmGMAkH359AO8sf+CHH7eeovG0nw50uwQjMhv9YhiPPJB2zcbeeccdQOw/sBfxn4jfg6tqDHPBEzg5xyM7gAfw5Ge/WrJ4k1uUc6pfu7MetxIQADkjls7l4BJOTz2xVvFyv7uGwyS787vfltrzRT1037a6MTk3op1I2te3J2XVJ+S0em1z+UnS/+CCX7bF2U+1ab4C05d2CbrXkLqAMZ2jPfbn5uM89cL3th/wAG9f7Vt4VN/wCMfhnpytjeo1RHGOwIbqQOQ2MA4Py5r+nFtX1CRV3Xl4X25A86XB9Tw5zkYwMnt6YDzfXTBd084yBuzPI4Dds/N1bn09eQaHi5xa/c4RaapQm3vHX+K3ay1btfru2sXOasuabaemq1tZ6e6vNtbb2T2f8AONZ/8G6fx1dVOo/GP4d2SH5WVLiKQjAz8uDgkdAW6YxzgY6i1/4N0/FzNF/a/wC0D4RgWPAKxW8DAADlR83B69j823oTk/0HNdSuCBLKcD7u9wTxnqzZ6465zgnBpiTsQQzE8lSCzcjjgZJzwOc4zjoMgU1jU7p0aGtrONPZ6aK7a+zqnfe/vWbLU5vW9RX6XV2/ddtIpdFe9/k9H+Ell/wbs+Ho1Uar+0doKqMlzBp8btnIAwAwz1HJznkj0HS2v/Bvh8Irbab79oiGQ5G/yNHiGcDquSo3dxnknBbI5r9uFm3MMoMHP3uCQDjvnp1yBkZNKJCA4AGOxVRkAEYGSBgcY9MYzgMQcPaRbUuWmn2VGDV7KS3v0Wl+/Qr29WKT95q9ovmd01y3u7JatW7XTtdWPx40/wD4IFfsy2qodS+PevTsBhks9NjWNh7DcSR1wNxz7nBG9Zf8EH/2NLYs1/8AFTxrfgsWYJCIVcDsuG4zzjkEHOc8V+sZdtzZAK5Yg4xkDg9iTzzgc9D025A3AyeSpI6H347cdD0+vJye0lrZpJvZU6at8O3utpadLrdJdFSxFWUU1K1nfd7rl6Np320+fTT807L/AIIk/sG2oja78QeOL7y1IJ+1PGWOOhIznjgcdO+STW/Z/wDBG3/gnvp5LDS/F96x5bztUmIcD5uRsxgkt0IGBnA21+hwkzuAwAMcEYJxz16+v1+gp4k4yAu1TuJKDk9unGT1HbpzQqk27ucr6aJQSey2UUu+lte41iaqe6T/AO3n/Kn1sk3vp56WPhOz/wCCUP8AwT5sMhPh9q96xPP2jUZCpbpyCMAnI75569666z/4Jt/sEacFSL4LW9yq8ZuZvN34IxncvPQdvpivr/Ocklc9SuACCcEZxzg8jgcY54pRJ3baSOGPQgjrg8YYYBZh1GDgc7XaUnu7Pq7XWkfTTS2j9dtT6zX097a3e2nlfy++3nb5ws/2G/2IdP2rB+z94bk2KQDPbRvkYGAcjcckNz1JB9q6u0/ZU/Y/09y9p+zl4ADLtVGm0m3lc8YDElQMnoTjPBJHXPsRkJYrnAyODwMYJP3fbr0JwSc8Ux2y3AU8jIU/KAuclj1YHjKgDPsDSSpq11J22tN2+zrZO8V67/gn9ZrPTner8tFdLe/W1+616ux59F8Dv2cLI40/4A/DSHYuAT4es3246E5TOe/UE/hxq2/w4+DVq6+R8E/hoigAqP8AhGbEDjI6bGIGRzgjoRnqV6hjuBwFyFJYjDHDDpjByCw6+vfA5acbupA24UEYJO0np0JwCeG3dOavmhZ2Utm1d9uV23d1o910dt2yJ16zatOXfdvazd1bXbdLRpWtcdZ6Z4CsVSOx+Fnw+tEjyVEXhzTwBglu8TDqenHA/ixz0EOp6bbkfZfB/hC2HUeVoWnrwM8AiD+nbjtWArKABwR0zjIBxg49ePvDrx1weZNwGMY6jnqAP9oe3OB9c56CeeMmuZtv3ftP+7pvfW627X7GLqz095t2Wq0ldtaJq2mqbWui72Z1KeLLmLKx6VoduDjBh0axGPQcRdDxgc9OozTn8ba0mVT7HHg8GLT7SMA9zgRHoMY68+5rlvkyc44PXP3jyFB59eAMdTwc4w0jdjcBkZ+8e5HHYgseoJ9uxwbUqadvZp2vvd66tX1V9N7aNbLoLnlLeUnZ6X1vqldcy1317/fbpD418QMABeSJnkmOGBCOwPyxAAck4xjoe53Qnxj4hDE/2tdqpwPup3642p1znJYjjkk8GsAHDkHquAM5x0yccbiQM5IGT0PI4UsOMAYBBAVOmO4XgY7dTknOCVNVe+rgtLa+90Ubd21r0WrbdnYltvW92rKyers1r00b/Tobj+LNebcDq19gDIYNtBJPJAUAjBYnnntgniq0niLVnYk6nfPkAZ8+QcnkgnIBx0yMZGM561juRw2BtBPQnBz0zjPI29PfqDTV6/NjPPBDfLjocZHzc9gQBwSeoObb3Utd0n/da7dGnbzt0ZDTu2+um/Zxeqva+9+t9d7mjJrN8+S97evu4AM0p4OAcgkDr1HBIGD7R/2nOdxe5uj2O6SUruPfJbHGcevJ6YqoACP4Tt2jHGTng4784OQAQPyyMM4zwTjbggjHGc+gB+uCPXFVzy6JdOj62ut7u9vv1SsiJSvbrb9LNeq2d0ttV1JnvZWUgtIeOA7sRgkHP06Y5wOeBnFN89wS45OAoU54JA7sxOT1xng55xxTAoGchflIPJy2CrHAGBgZGMduB3FJhWwrcu2GG4DOCePugEHB4AJxgk8ZyndNXtpZLZWSt6b9dbOz7JqUm3pFta7Wk7Plvpqu1le62b0d0eeQlsMBnGVAJDEZIzljyf5kHI5AUTt82QoHUg5yp6ZPO4k44OenQ8jJt3OVxgYyPl43L/dODk9dzHoVAYdKeIyAScD5juPf8ePrjnBwTk5OKWsW3o9NbJ2tbpvdq2qvt2Ss9EnZ2as9rfyuzSVt3p222uIJWGchcdcDk4HAOCeAcdc4yTgZzTS5VS24HsMjB57885AwOT2zgYqUIOMkL0zk4JA385OehI69OBg5qNgCSCcgHqc9Bx1yBnOCAcFSCT6idZNXaWq0vsmt7WV15a7dTDllq7q+iWi6Wb11dtLaq9722VmJI5zz3I6D8zz0HIwOvqSanErMR820AZJA+UAfjknjtkc445qBUCsMkn5cYAPJIJIx2K/eJIJYd+eXqNowPmAyDg4443fMT9M8evXii+t3LZpXW/R6PfZ62+erM2mkrvls+9rbbb9+3bq0BYYxuYgjIwCw3AA4PPAUkAkcnntipVdQMbjgAnncMknsOxByVPIJ6g00quMfKMNndjPYdCM8c8cnOTwSMleXOTgYxhSOMcgZPBx155x07YCvZb6/PZ2d2+mrey16J6sXLJvR2dn81zLR62dle/R8vXdvZRuHz852kdiTz/30Oo5yTjABAzE20Zbpj5ecFR0yeRxjOMcgHHfou0gr3Kglhu43E54PJB6cjoMdSKm8s7WCgEHaMDnkAZ6kdOvvtOPSm5Wad/i7J2vZP8r7p9NnZGsG1GKk1dpb3Tu0k73bbd/xe13rSdFw20DlfmO4nBOefU8ggHAOOO5Ji8o4wSA3TB6gdsMCCck9QBwcZ6VoGPoQw5ypHBHGevHbJxno2T24Y0AJzkLkZwM8kY/3eR7988eg5xvs7dtdvdtbRbadvlqkT5WrPd9m76Wu/wAna61s9lZ0fKDENxwAOSSCdw9epHPXI9OgFIUG7IwNuF5LE8dSOTgnHPYDjnOKvNCD8udox/vEAZI6nBPy9eOM5yTgxmHnIx2BHQt1BO45wcd8kn1HZppJNW13Tdldcuq3tvqrLa/qnCUleKSXMnotmmrKO601unzb38ikEO7jOAc9c5AGcYbjHrxxgc/LmmmNsg7Se+T0B4xg54HOBkjA6nrWh5HDEfMPl5GRjrwecZADAc+pBzgU3ynIIXIUDGM9c4OPzJIw2CQBwOAX5n8VraNLWz0a6avTp0ulrqT7Kq0nKTt9/RavVaaO9+17PmZnMshwDkLg8dgCc5BOeQMnHK7vQjLPSElssp25CgnBwMZ/zwCQMjg5rQMJbblRz14zyvHfHG4euMcdDUnk+wzztIGduD274GD6nAB52kU+ZW0vdvy7L7XX53t1XQr2XJvJvZtNa3bWvdKze7297a16Kxhd3GVLYHVs4HVQMYHQHJ+XPHtIIgQD94Z3Fs42g7dox1xk8/7WB9L0cJ4bJyRwSOSD1IOAeFznGOcZIIID1iHCkBlzjJbjGBzjHPORgYPIHXAqXK60dr203ttZ3W60287rYfvRsrtJvS3XXd6KyunZ3aUpJNNLWoq5+YKMBhgn+IHjrjoAeBgBsZ5qaOPGUPUDAILEZbjcOhHTOF455PAqdo8A9DsOR0PBIz2HOcr3XJwBjqLETuKjH3RjqSfQnsV5KkDcSzZPXM3fVb9dla0dLfK910snfc2hFtWT0dl3td6Ky9d9ld31HRqBgAAjOOnPHTj5eCDk56dgeBVtI0JBwAOoBxhQDjgbT244Hfhckk11jO5fvbieCNxCkZHv13cjHXPsKtpG+RnsygFuhJzk5wchuoAHPPI61LdtfTd9Nvwua36W+enZdm9b7rZa2fQFiQnI7cgf3s5yCeTjcc55zycDGKseSPk24yQwLZbn0Pc8fT6UqoFJ7/Memeg4GSSMZ9PqeoNWEVRjOcgYGOpJ79OvGOOM4PAJFYOTcrpvRJdV1V7rSztrdXTsl6Snd3taytZ6PdX0u9v6dtlhQLnJGScZ7nHAwOQxwevHU4PNaFudzZxwTnGPl4II6dz14AxzgDHNeOINncQCw4yoB9evGcAHngjJ46VegXOdvK5HP8OBnPfrzyB05JyCal8zV2ldNO+t00o21T6267WbvqmVdpK618l3t36L/M0PEpC/Cv4qyk4WPwPrJzgn7tlIx74PDDp7c1/nkfHTVUf4oazcRvclmu7w3GHZRtjv587BySuB0Ht14Ff6GPi1nT4TfF4quSPAmtAHkAqbV+x6D5iBnOeMY61/nn/H54Y/iTrFu8aI6NdBpIwAxMl9IxOOfmYErkgdDjgMR9fwBGU8yzC2jjCkoy2WqT317p37bWei+f41ahkeEcmkniZO3f3dOq6fg3bVH6o/8E4rjxN4x0bxl4Isr+bw34SvL7TNU8Y6nayMmsanDJII4dFs51w9vb3WxReNH8xjcjvk/wBD3gbw9pWiaYNF0LT7fS9Msb7Sra1srWMJEmNhkdxjLSyAl5ZWDNI5YsSOn4If8Es7SFrfxgIVaUPe6LHIZAdiKHDMGBxk4OTjOc8Dgiv3U8RfE/wz8K9IlvdRE2o6tqGsadbeH/D9lEbnUtd1KYqtvb28Ee6SOIyFVe5ZVRRnJBFfz94tR9nxjmkIJXdSDbtq5Tpwcm+nZa3SS33P2HwvqKtwnllTV+7JRb10U2opJp67bX6vRnqPjHxP4Y8BQeOvEfijVLfTrC0sbW3iErj7ReXMvywWVjCuZbi4mfCxxxBjuOW4bnya9+HXir9o2+i1v4hJqvgj4VWOh2MWleDreV7XW/FUjFZIZ/ETod8OmzJtIsfmEyEBsZOOe+GvgLVden8W/Hv9pKe2F7a3Tjw94MvJd3hvwZZRSl7W9miYmO91tUCrJJsZ42DLGuRXpmqeLfHHxng8S6T4Dkn8D/DuLRrSO8+Jmop9lvdSkTCtY+GbWcxrDE0QIOqTGIxAZRcCvxuslGpN03fVLmsrXstFrq00tV/kfsFGT5IqS2STj16L3uV7aXaWt3sm7rs/EPxD07wStl8J/hD4ftvEfjDTNEtE07w7o8Udt4b8MW+FiN7rl7bjyLWKMfvXiQvPM2UdOST89ePpdF+Hdyl94pv9S+KPx88WW6f2RoWhR+fa6KsziMRafYRGW20PTrebCT6nMyzugaVY8k4li8Z3EVpf/Df9l/SY7qawaw0nx/8AF7WyZ9N065nZI9TntNQmHm+ItcJ80xjIggYgxkkDb7f8OPhh4a+GNh4mh0xbnXNdvbzTBrXjDX3N94g1W5u3SeXN3Nua2sRJk29rDtWOMhDu5zmouS966W9rXbaSST166p+t3dDdbka5Yp2au5bRXuW33d+1tbN9b+W+E/gb4r8VeL9P8Q/tC6xDrN5p3hsXul/DzRZnPhPTkLh4DrRBU67fxLtWSScALKCoDAEV7lqZhs/FlhBZRR2un2vhcxW9laRrb20CO4CLFFEqoAPugYzhcbsLx6Pd24Hii9cEKy+E1ixnn55lHBI5B5GOc5AI4zXkvi7UdI8Oa/qOpa7qNpplho/hy2uru81C5jtbWCBJlcs8spULuGDg8k/NzkChUYuVlFJ2Xw25rvlW63vJtaWvbs1evbykryk3onJO0bJqOtloktmtdNe193RrSS/t/ENqqkNLNYQsTySQUY5PXIwDgccAAAV5T8efGvh74SeHvEj6wLq+1q+0+G50Lw/pkD3Op6zJZhdyW8aISFj2He+AqZIJHWuG/Zx/a58PftD6x450v4V+BvEK6ZpWv3+nf8J9rlrLYeGr2fTI2gmm0idwBqMSSpmJkBjYAASAEZ9I8S+DYLXVtN1zxDqMera83h7XUuNa1SSEWlpBMrjyLZJz5NoiA7BlgSASDxXQoOhOCqwvJJPkSaktI2TSs07PW/vXVl2XLJutGfspx5W9JXuraJtR0ilq9W3d9NrfNXgLw18TvjL4U0fUfijcS+F/CcznVIfAGkSPBe6jpepXsc1lJquoR4lEvlEGW3AABypPavpGDwj4W8FeA/FKpc2PgjQtL8Q/aTelkime1W0dVjWN2EtxOckL5ZdnI5Gea8qm+O0k2l23hP4F+HE+JPivTdK07S9T1Zt9n4N8OXUc6RsdR1h0w8sOCwt4EkSUDbvIyD6Po/wdlsIW8cfG7xTD4w8R311c6kNOvWFj4G0F47OZlgs9KaRLSaW3PCXcj5l28qMha9CMpSnRVRRpxUk4Uqd+eTlKN21p1a1m7tbLcE+WjNQlKpJR1qTa5Om13Zr0dtr9WfwUftJy2Fz+0P8AGS8067kvbG48c+I5bO9kV1luYGvW2SurqHQsM8MAQcjAIBr58mi+ckEtuwMA5wDgn5vQgKSOmQTkYr6p/aat47r49/GS/szDcW978QvFDWz2UarbtF9ucIIAi7PKx90D5MdMkc+Bab4Yur5o2f8AdqZlVmlGMbWJGBkHBVs5HP5YX+zOHKdsly9U42vh6UrKz3pwVtn1a6rVaJPf+OuJKsZZ3j3NxusVU1atpzpL0utNO+vdfqF/wRb8U+FvA37VWua14wu7620pfBWo2scOmxzXN9cXN08QiigggV3Z3PC8BM4LNiv7DbbxP8SPH2l2Hh7wD4Ym+HPhbU5pIrzxj4viSTxJeaWEf5tL0ViUczqSEnd0dNwIUkEV/Jv/AMESdHiT9tXVoHignW38HaiU82GKRR5bREELIrqDnIB2jGRzniv7TrSAzXmil8FvJmYjGAhKMAqBRhQo7AfQYIFfzN4m04T4vqOUI+59Xi2+tmk2ldPRu2uj0vo9P6T8Pqrhwnhoxktfa67tczuk1Le/S+lujau/4j/2nPGXiXwR8bvi14H0XUrg2Wl+O9YsRdyqBe3IMgLzysMkSO+5toOAGIzwM/P9q2o3Npqb3t3eXk8ti7qrl5CC6k7QOm3vwQBwMnPH0V+1Vpq3n7V/xzhCgsnxH1nCqAzMRJGAAPcHJ7Zzjuau+DPBBtjqs93ZMd2mNEu6EYjmkiLKMZIUsBkHAyfXJJ/rfhypfhrLlKom3l2HhFSaf/LqG3ne1l00W2i/jfihxp8T5j7GCThmVaTaST5VVvJtrV6XfR3a7n5I+ItM1jymlngvp4ReXQhjaEpHFnK8knGOuO6hRtNf3T/sD6DdaR/wQ1s4prVIXutKu9TaJkJZ1nnjBbtksByWHHGO1fxy+OdSazTUtPvo4psTTxWsRVECsXkVyQBksAPkJAGRnAzX9sn7J11BZ/8ABEbw/eFPIgi8EBZRI4UM5vF3HK8MMEYz8o5Ge1fiPilOMcBQpuLVsV7zutf3crK6fW7e/wAlqfunhtzVcVKsne9Om1bonUpq99duv4H5Hf8ABbV5I/2P/hShSFYpL/wsFjUEGMraQEsQOmc8HqT9K/ki1YJDf3XleaSSj7snpnOdueijnjvjaMEA/wBYP/BbHVLa8/ZV+GDW9yskbaj4WiQq5Kq62duzgYyPukdsnqBX8puryATX21lllLKFIwOwPUAHAU4OMjJBWvnPDyahkNRtSV8XiJL5tWavdrsrJpH2fG6c87hZ7YWivT3Nkuj1Vr6O2isb3hW91LUQvg3SvOePUr6B79Iid9yhYbYSRyFRySF4xk9Tkj9I9R8a+FP2N/hXDJZrb6h8YfGGnn7DbDb5miW8sOI7i6UZZBHneisVy4565r4c+ButeGPAk+r+P/E8kEraRavJpWnuUM9/qiKTBGEJJCIwUsQMY+mB4L8R/iPrXxE8Tar4r8QXj3GoanMzRo7FksrQMfItYQThVij2rjHzYzwCA2uZ4KeZ4tUqnMsJSlCdRPmtWkuW1N2+KEft20u7bXNsqxtPJsDLEUnF4+vGVOj19hTulKaT+29ou11e+vXP8SeINR8SazqXiPX7+W+1XVriS91C5uHZ3kmmdmIBYEhEDBFUYAUADkDPnl3eNcs8aHEa5BC4AY5JBIAPA5OQOp+6M5Je3huCYYSckfMckE8hccZ9ccgemTjNbHhDQJtb1BLfY7xKwLKi7mkfcAqoBndnbtwoOe+cEn26VKNOChBKCgkkklyxilFJJarRLqrvRNLVr53EYmVecpzvOc5Scm23JybW/Vtv0XXR6nSeDvBs2qz2sghLySyKkEJUuzljw5UDO0dAOVP3j14/VX4c/CXwb8LfCNt4++K16ulaRbWxvYdNbbHf6zcLFuigjhJDlHICBVUDBBJxgV5p8PfD/gn9n3wnH8Q/iPbRXfiXU7cSeEvCs2z7W0iAtBNPbnJjhIwxLAHGSOSd3i+reKvH37RfiOTWvGV9LbeH4JzHp+lwhl0+zReIoYIUCxEhQFZ1DFjkkMK4akq2Mqewws2sPFpVK0er926i0u6ScndWdilSpYWmsVi4p1LN06Un8NuWzdt/7q7dLaLoviX8ZfFvxxnbSNBtpfCvwy06WQWejWWYftSLkLNePGY/OZ0VWIbKgE5JPzDkfh8ZvBWqLdaegUncQjIA0gJK7CdvAPAHYnHXrXrml6BZ6U1/psMMMcFpYDYqYG5gmC7ccseMt3wMnGDXR/DzwpY6pPLJdQfaol8uMEYZg0r5I7MGx1G7CjjHWvosHgsNgKcJ8l9Lzm1e8ko3acnfZPZJ326nzuLzWripOzajGySjpZXTjGKXw2u1dPXS+hvab8YVVvMubGa3KKBI8T5QuPlckcAH5iB347545nxH43tdWhvJ7SYBXiuBsmBL5aNsnPBGM8ZGM9M859c1T4O6ZNNcCJRZCZc2wlyEd1UnGwA5yF4ySxPU4wT85eJtGi0S3ubd44w3+lR70O7c0aurdMEA4HBGVB64zXVRr4fETqwptPlhJuytZWjdLZJvTR+V9XZ4ujWiqNWV/jVrS03i9la97K631Wh/dJ+wewf9gb9meUlSToN22M5yDIvRhwMnnj1GPl3V9F2kIdw5JChnBDd1zlSABxkdDgZxtA6ivnD9gmFm/YD/AGZEiUsV8NXOAOPkaRQOAQQeB2IPTnjH1jptjIXj8xVCEKB1wVHUA4wSM9T6HHTI/kniCSoZrmien+11nfyc7bNXfz/4J/UHDcebKcuk07vD0m1o7Plgr9bNNbN7peTOt8OwCO9019ihVuYJG6Eg+YoAIxkHjpyBg4yc1/F//wAFNBDfftcfHqVFBL+M4I9w3ElkBUqgwTvB4IAye2eM/wBi3jX4k+Cvg94XvvGnj7WbTQdE0pDdtJdSqs1wId0iw2kJPmTSyEBFKDB3ZbP3a/ij/a5/bA+AWi/GX4rfEPRLFvih448eeKLvVdI0iSQtp2h27u32Jb2Aq6tcrw7ptJYttOAMV6nhpWxFLNcViKVCdROnyxcIuznKcXZyeiSSvd9rdTyfEGhTxOAw1GpXp0bSTfM94R5eZpbtu/3Wvbp4n4X+G97c2t1q2oLbaFoUSh5de1yZbO3gQqS0tv5xDTbV3bQofdgBl4IHk/jv9qPwf8N0l8N/BTSv+Ey8Vwq1tc+ONTthPZWUrbkd9JhZcEq4by5en8QXnFcFd/8AC5P2jtUGrfEnW7jw74TXM2neFdNJtLNLXJKRpaxbAAqkLuOS2Mlc12+gfCvwvo7w21rpts8cbSYLqGklZAQjSN1LZG7HQnJr+gaOCx+YtSxtb2VFtNUIOSVk1Zza1n2sko23v0/DMRmmDyx8uBp+1qK6lVnq73jfljeyWtlu1ZXdj5tRvFnj26HiL4jatquvazfXLTW/26aSWK1iVt0iRQt+7RVVtqqq8DGc9K9RsoBpkEYjCKsYIg2Dy2j2/KGRwQQTz93jJznjFej6j4Qu/tWnx2lsEjSPUGDLHkIgGA+AMjB4HBHofX1TwN+zb8QfH6xy6Vo84sokV59RvEe106CDcC8/myBVOAc4OckccYr0eXLcpwtV4mrSpU4xs5TajzRjbSzaTur6RbvrvY8ZV8wzivTeHp1qtWTSVlOSWsbXeySbvurLU8jsPGvjqDTZLC017WLfTbw7Gtlu5m83PybFO4FmxkFckYHOOcej/Cn4AfEL4p+LNQs/DejXN/ctoVxcXF3cJLBptojoA73kzjauASSTjPU9jX1TH4c/Zh/Z2sLa9+I+vL8Q/GuxfsfhTQCLlIrjjCSLFv8AnZxsBGGGclQORpx6z+1j8c7DWtT+FXhlPgR8H3gg06/1KOI2OtX+nyOIwi3BWOeQOhPmBgucjJ5Br8wx3FOBwdSvPJcJh8IqjvPGVYRoU5yi03KMIxjUrO9+VJavd2P1DKuC8dj4UP7XxNeu0o8uGpydSSiraN3cYR20bV1r004vVfgl+z7+zboejTfFPxwvxA8cyReZF8MvCzi7VZ7gkm2uXtzLvDPhc5LKD90DAr0PwTo3x9+M9gdO0+1tPgH8I/LWO10vRbcW3ifUrAk7I5Z1VZgZY/vknIB6AgY+mPgz+xx8P/AUC65rEH/CXeKYI7e7m8UeIHa8drmRFleW3WcuECMxbKtjcAxIPJ6D4t/tL/A74EQ+b4t8Sab9stYSIdG06WG41S+fB+QW8JKxKDkAPtwMAFRyPzTMuI8dm1Z0aDxOYYl6KpUUnTh8P8Kgrxild2nK7s76WP1zKOEstyaiquK+r4GjFczpqUVVmkk71Kr953s7pelr6LY+E37P3w++HFjHJoOgJNrMgP2vxBqw/tHW7+UgF5GuLgM6rI25sDaVJBzxtPPfGf47fBv4F6sfEvxE8X6faXdjpDW1hoVpNDd6xdSOrAiC1iLbJA2ADJtYHrjC4/Ib4/8A/BU74h+LmvtD+FFlH4B8PyyPEmrTYm1u4hPy/IAoNszKCQAxwTkDivyb8X+ONZ8Tand6x4g1XUNZ1W6d3m1PVrqS6uZGbLyFfNYgdyMbQc9eldOUcC5lmNWOKzmvKFN2Toq8qji7Ozbk4xTvdrV67JrTDN/EDLcrpPCZLRhVkk06rXLBSVleNtZvXyvo+5+n/wC0V/wVH8f+Nxe+HPhBZL4B8NSRy27a1PiTXr2NiQZIyRm1d15JBOCRycV+T3iLxLrPiW/udU1vVb7VdUuHM9zqWqXEt3dSuxDsd0pIQEnOAFx6nhRz11qkbR7kwzjG6RieXPQKDgMAcZyAQBjjjOZDBqGpMgCSyFnVTGqFQcnCg4PIOMDsV4yAc1+q5bkWByun7PB4elTbV5SSTm7cvxTtfpor7/ZPyDN+Jsxzepz4vE1Kt9oNuNOGqslFdkuy0aTZFPfhzgHzpd2PMcs2OhYgDjGAenfOTk7TmzxTyuS7OFJOOSo4X/lmuOc9A2M4xyO3098Ef2Xfir8cPGOneCvh94R1LxJ4i1WaKG00yxtJJCiSMFae6kVSlvbxg72klZcqMjOa/bX9qX/gkN4a/Yq/Zb+FXjj4jatB4j+Ofjzxfb2d/Y2c27RdA0v7ELuXTFXGya7hPyyOQDlWA7U8RmmXYDEUMHVxMZYvEO0KSa59WnzSUbuEVbd2u7Wva78/D5djsdCpXhSkqFP4qjUox5vdVo31d+tuzs+h/O34Z+HOveJpIhaWUi25dd1zKjLEFDDcQWC5I68c7jnoOPrXwT8FvC2gbLnUguqX6xhmSRf9HhfIYbFIOQpHsCcHqK9gl0mKyQQ2FtFbW0M4jhjiQLGoAwxYhVBG4luowOeOp7rwZ8OfGfjzWYdJ8I6DqGv3cpjXZY20htVbIBa4uiBCsabgXLuBjPUEgdNTG0/Zp1KkacEkruSWl9G7vXd6JpX6rU5/qVbm5aNOdSasmoxflrpqrat9Gk7u5zmmqIbTZaW6JBFlVjVRDGFAA5wQpxwe+RxkZrsfhp8PPH3xV8e+FfDXw/8AD2oeI76+1FIMWsUgsLeYtiFp7whbaGNWK7t0g3Yx0zj6UuPhX8EPgDbJrf7TnxDsHv40+0W3wv8ABl/He63PIPmFvfzRMfswZwI5VyTgnAx08W+IH/BQbxXr+kyeAP2cfAdr8IvBFmzzx3GgRrB4hv1tlbZcahrQRZ1dwA0qo579yAPJxGaVasZ0cBQdVpNOvNSjRirR1uk3UtppG2vV3PWwmTxo+zxGYVoUYuUZKhCSlVlrG10vdV38902fv3+zf+3d8NP+Ca/7M958FfH0Q8S/HCz8b6/qXiTwbofky6ev2ybNsl3qsbFUxGdsyozFOQSTwPzx+PX/AAVB/aK+PcfiPT/DCaz8NvA9+0/2fS/BFlewuLWVv9Vfa6sabg7kKwVlyzHaRwR+k3/BNr/gmv8As9/E34E+Bv2k/jXPrHxc8eePRcajqFprd1NNothcI6s0M1vIxN7N2knkdSOMjk4/XbxL8EfgXovgTXfDll8KPBlh4csNB1Ob7BZ6DaIVaCxuDC5cLvLo4V8hidw6k8H8VxbyKjmdeti8JLMMe6svaVasUqcZ3in7Om+ZWVtL3la3ofr+DoYythKccNVWFw7pxtGGs5x5VZt6qN1ZtJJXWp/Fn8Ff2YPi3+0341j0rQdF1bxd4vuZFlu1vZ57nTdFgeQb9S17U5C6ySKPnaFyDu4wea/oz/Ze/wCCQPwq+E1xp3ir4stbfE/xvbrBcmzuoFXwvpFyAr+RFYn91cNasCI5HGTgnpX0h/wTQ+H3hT4bfBjxBf6RpMVpqfinxtrd/e6o8IW7eyF3KtpZmVgJPJhjBUICEwCBnKmv0K1C+st3lwYKPs3FCU2k5JL8Hnnpg5JO7jOXjM9xNaUaODf1bDqPLyQSi7e7F2tb7k0tNb6X6MLk1DD/ALzER9rWun7ScnJ3bi7q+is9NEnu7uyvd0qwg0r4WeMLDS7SCz0+x0HUYLKztYUht7aJNNukWKCJQAqquMKBgADI7H/Nt+IYl/4Wh8akfr/wn2sZXJ3LnUZiR1A5z64JPzDORX+lNYqr+DfFdrGjSKdH1V3wWwc6bc8heM88hSSQF+6NpFf5t/j+2ib4qfHGQffHxJ12P5RvxjUJh07dMEAdcE96/cfo9xlPiiom+b9zfXV6bvd3f4t/h+JePk40+E6mnIlVimmr/wAqv1vr6+ex59ptmJJCUYqhkRcMcY524wQBk89gOSRnIzJ4/ZLPwhfSldqG3uLMlxuDSyKuApJOCM9gDk5GSDXSaTaLGBPIpJMiggArkZGGPAwRuBxwDk4AJzXI/G2dLfwZaxwsD9o1MAEY6jrk7uSRnLH1XJwOP7YzimqOAqT5Lvl0tfRvkst769e2ztofwrkc5V86wqjLmXtobX195NdbdHrr59D4ejZgzytt27mjViGG3gAn1YFgTx97luT0omYLIWBLAZGGOPoMAdQTjGe3bBFaDyFS0SBR87lhuyVALMTyOBySSPbjjIzEjaWdVRFIYnIPzYYkjIHc4wMZzk4wDxX4riZ2k+VJO/TVtaX6PfZt7Xt6f0hhIqNKHMk1yxTbu9lHXXRrmW/y8lZspJ7ieKNPmcP8hBxhM/UEgAg57855AxieNF87X40IJkWGJZMjnIA3dCcjBHJx14yATXsPgzw/FtlvbtVJUeXGrKBsYn5SScYxkHGcDpxkE+Y+O7P7J4reFWDNtTDY4JZsjB65AI4BxgY9M+diYSlRpty96U47PVt8rSWzvoteytc2wNWDxc4R92MabjdpWclyvTT8dre76VLOJBtUhQpUMo/iYhR1AAI3bSBx65xk43YQg2qwHH3iAcYGDzhe5IyCfT3BZYaXLK8bvuAZVyQCBgrgBMnGSeW6AdzxiujhsIolIMalySAGIzk+nAxgDHck+q162BwlS0bt2srNp7JR22t63XSx4+Y4qlCrJ813eztdpapO/mvnpd20uZ9uJJMRIjnBxu2/LtLlid3foMDByCeRnjrdNs44muLp2TESLHGrqCwJUb8ljkf3sHIY4BJDVSiYW4LBYwFXLjgMcHBBwBjk8ZGTjinXE4ks4I4gyrMzPIQ2ck842jHIxyeO3XkV7lCmoatty/8AAdXZ21vor3vpqtVfbxcRW54e4uVS91yWjSXLe7a17drLbqrF5rix/LaRqWwyEnkBsdQpOMnOcqABgDjPPFXlxdsXMkjHccmJexznBxxnGM9QCfxq1dP5FyFZQSqjAOQxDA7iFzgA7gD1PGSOlZMl7GjsHjGQGwgJOCD3HIwfvd/UYWvNx1SSbTkotPlSa0u7Wb/Vd9t9PTy+laEOVcy0bdnqrp6tXvt6bXW6JtPSZ7hAWlKs4OCWDE4PyqBk52jkL068gZroLyBYnQ7izlNwTuC2cKcY6E9sEnJJ6ZztBuU+1CR1VgT8mOWBYYyQM92IzkhR0xmtTXxLHeeYAFBtwy7W4A7k5AJ5JJOM5yR3Fc8Lug3zPaKV29Lpa66NpLt22R01av8AtFKEorTlXa+qvbr30V7W07HJz2wk1GIAsCc+YSFPQnnj1PQYzjp0ydFLCPzAqu/yeY0inJI9SSeOSS2d2cnpis2FyNQjydrbWYsDuJeQM2MdcBsAcAZ49q6RWhEJY/f2HnJJLO33ieOAQ3LAcY9Rjiw9NTlKSeqmrt28uXa1ruytZ3vfTQ9DGTnGjCMUleOu9lokk7rZJfffTv6b4VeEafawbsIt5bSbc/NgNlsp2GBgHkkPg4I5+mbbxDYK6glQ8axplSMYVQM4AJByD8oGO3NfIHhmZYXU7yTIyGPHGDuGQozgADAx1zyR0r2qeVLPa4lO6aFHJwAcsO4yRx1I5AHTJ5P7VwpjpYXDxkkmuSnz2SdrKyavr3b2at9/4Hxjljxddwm5JSqcy6Lmdk9dbdflo7nrU+u2FwVikeLaCys0hwCWUqCwPpznrnJ+6ASPkTxVbW6a5qUkflS26XDtEy42ncSGA7H7x74B9M4PdapqdxImUcKhY7iCSSACVDccq3Xg4B6jqRwt7FE9m8+Qsr3Db+pLKowBxgHg8EZ5bk8HD4lxyzFQhyJezXMpNW10Vl31fXv10Rtwnlf9kKVRVVL2jhFwTWjUo7rV6WatZNa6Hm8sCCWRiqABsr0Axk9RgdOATzwRUEsYZ5AwJKqMKBz0B+buxOBjJPGOPXcnhlZ9oTCyMTwgYgHBUcEEkgZOCcHqQRxX+zFHEhyQVYH5clSMbck8g9hkHPBz1r8kx1B80krRSaV5aK6afZ3s9lr6rc/YsFWqVIwabaUU2+11Hq3ZdH5I5a8jcBQTj5iWwMkg444PBGcnHQZH05rUiHtiSS7Ccbd2ehI+XHP16EeuOlehXsJkBBB3MGCBFLNuABBJXJY568/xYHOQMK70G/nhtEisbxvOmIVltZQWYcYA2AEE4Ocn078/NYyFobxb07btrt137dL67/W5dKdk5c2ur9Hy7LS2nrr+Hn+1V3FsDdnHTPpxnPIO7sBzyei1DsJYAnGXKtjjoD/EDn2x24/vMa9jtPhJ431XY1p4Y1KVUJI3QsoYDnc27kZyR+uOa63TP2dviLfPufRIrGPcCJLyQINvIODnDBcAgY6A9DgDzeWNoxc4Lptza6XbesVd7X32729dcy05W5Pl0kn15fS3Z6pO+nLsfOEkayEcHl8fd+706Z4Oe5OOMDC4qRLPcVUIzHAPTaAcg4z04GBz3IHXIH1rB+zjfRSN/bniHStPRWG542ifOfvqrE53AfgM5B/u6sfwu+Eugyldf8YG5YBc+SV2OARlRsbPzDOMbQAo71rTpUJLWq5O6Vk239m33aJLS972SVjCpOqm+WCSu7NuKVkl+F/LTax8iDTJWGQpCZB6DAI6YUDOc8Y9v727HQad4dmnI2W88j5IBSGQ5JyAAFXG0Ng4zgZyc4FfWt1rH7P/AIeSJdMsL3U5wVVmkQSxuABljzggnqCCT1I5NUJ/jV4LtFdNE8GhipXy28hYgWXGCww2RnoCCeueSa9OjhqcJx5aFSq9L3SV9LdXd2s9GtdFa1keVWqV3BxlXpUU3u5LTVbpdrJ9u+9jz7wZ8MtU1KWNYtE1CaUq0mBCVIBUEDkfdZsMfYkYA6Xj+zj8RNQv7hrfw/IkBlLAOihSM5wH5+fOQ4I9cgngdjL+0r45slY6FoNpp0aoqiR4VlIXG3axIQnjkDgcCuDu/jt8ZdV82NNfawjZmbFqgiILDkqvUgdARwcDcV+XGuJdRxhCOF5HH4bxbb0jyvSye76W1vpuZZfClTlOdTHKtzWTalGy23u9ZO73tfTRnfeHP2YvFN5cAapcafo6RTbJTcTRIwU8HIZsHHGdo64O7sNGb9nbw94d1S+bxH450qOOMCVI0uIvMeM8tkBsqMehJ57gGvnybWviNrE0hvvEutTJvMpb7VKF8wKGyFVsEjb04HHygcY594L7xFqsw1G+u55ooo42kuLmR2cDhl5YZPzELjPPB9K8yph8bKcE1KMm/dVuVWbS+1K11fot76nqUq+Cj7SSi58sU6jc+bl89NE27a6fK2v13bWXwA0C1H9oeIGvpI+Fit5N25gcnhePmI4+YgjIIHFWT8Xfg9oqhdD8JzalOECpPJCzK/G1SQc/MBjn+IMehyK+ddJ8G2iIDJEu4EriXOMKewflmIwMNnIJOMZA7i20e0gjylrBkbY8hR04zgkYGDk59F6Dv9DhMlx8+WpPE1KeiWl3p7rb5Y2irLSz6bdD4/M+IsppTcYYOnUlzNc3IparlbvKz11Vlv6Hp0fx+1eJ4R4c8J2OnLPv8uVoFR1YgkKAFHUgc8bsbcEjnjvEPxU+Md3Gy3FwulxzfvlUW4iJiY8OnGQpJzuAwTnpg1t+HYLW61PRbF0ilijuXe4iVQz7EU5AK7Wz6YPtk1D8Wdc07V9aifTEkW0stPh08IxAJkjwrkAcnpwCMgccDmvZeS0Y05SqV51GuVavRN8qbW/u30dl+aPLlxJWlKEKVCnRTipLRX5bJpJtWSX37eh47e6z43vi8l74mvwGxlobh4wWwQUDKe3Q9G9ffAk0+9u9j3eqX14XLu4e5lc4BPABZO3UnHTPauxitonhG45U7m2hQp3L32lc5HX3I9TRDbxxRrLncwbaSQBjLEenXbkZB5BHXpUQyrC0mm4xk1b4tVpyq9rNLdO+t7PS4T4gxTT992V9E2rX5b20X9at3aONtPDcMsiqEdvmfJdmduOuQ2enUnJOe/HPV6T4ditr22LKU8tjPvVQuSpLrnGc7SM9OM/NySTv2kUalJAEAeT5SMjK9fmxnOcZPTP51tQqPMumYKxjtwgZRtCSOPlBGcZPQZ9sA4ruw+Ew9NXVOClG1rRsrpbqy3dl10enW68evmuNq1YRcpOnJO8U+mndvztd9V0szttB8ZavPZ65ZXF3JLC+k3CpFKQUQopXcgBwM459vXGK/RX9iWz8v9n+3mKxt5niHUC4ZT8x8w9duR1z244O5sCvy2twLSO7L/KTp02SAV3/ACndgdSAcfN7HPHX9XP2H3ST9neEF/lOt6g4j/izv4JONxYHByMZ7YBxVc7WKp8iTtSndxurKUo2vvqmknfVO7dtLdCp82ArObV5VYKzV72Ss+t7u91e99bbX9t1C/PnNtDiFdqOijCbiQByuGyMdecE9xjCy3JSRGt13bkAj2jgKcqQSfm3DAwCvGTng5qpOt1dysiIDGZNuwAlnWNzuYjjkc/e4I+vPVWulwpPCJ1dAYAsKkEKeB97k9zyD1HAz0Ne1r4hyS57LRtvrpffyvZ6K/kYVJYPA0IzqqDk7NLre0Xy2ur9mn5bbGBbyOrhthbbud2yRgjPynjj1AAJ3Hrk05p2CkxklpGDYU8qM8DHHPGBzu6ZPr2FzpdtYWzENEWY7ywGM7sEoSdxAPO4jg4zx35NSyShnXcoBXauQFY5AG4A4G4gjrxnJx81V7CdP3ueSa1Scm301aumlZdlq35nmxzH6wuWFBxg3aLtq1prZJW33a1t10H/AGe7dTHCrF3i3AAjkAksASQMDkcEYHXpmpoLWWNoSTjcoykeCwOOmCBg565wPQ46zRRrJKG85YEjVwweZI2ZSM5DOwwMjkA/MccYHOZc67o+iTbr3VbOE7Tk/aY5i24kBSFY7SBjk4zjtW0sRyxg51YrRKN2l1i7b9Pxbv3RX1OtVinGjNt2b5V1urWXXVqzen3pHS2lpIhBwSWbcG3ZfBOCDkZwvJxxjIPQ4p81qssgffuGSu05LFgSVOOq4PI/PrzXnl58VfBVnLuOsCV0A/dwsPmJIBAyQpGCQTjnpx1HB6z+0l4V0Z3NsbRwhIV7+6SPIbPJCu+Rn/ZUn6ba5Z47DUpNyxUItWUlz6/ZtdRu9fludkckx1aMVTwlS2iTal0cVo01ba13d3956Oy9w8Xaf5XhjWJi4fboeoOWL/dH2d8grx3ySBt6k8cmvgn9jF1bxj8TVzvLwKykclsXJHACgkY9vlHK5wK6vxn+1vot7pmoaY2o6TBHe2M9q62Ti5mcSIQUHzKVJB+Y/exgADPPyD8IfiNr3gTVvEOt+F7y4ebWN9skEemTXQa2E24NkJt3fMM8kA4GcHB5qnEeBoKL9p7Rxm5NJXe0Vpdq/Xrrd3SPSwfCGY1vaxlCNBVIKHvN6O6k1LS9krJt2vslZ2f7Radpt8ZZS0UzlgHjBBClCOCepICncDx65GMVl3nhsSJctLNbxlmZS000SbRksQVdl5B9+g9zj86L74v/ALReuIsuk6V4sZ5EXyngsjY2zDGBhjhlHPAwcE8gk5rnl8P/ALUfifzjeQPppkdSz6rqrsSCQd3lJ8qnBJOcEdhkKK4KnF1FTUqdCc72V5OKTvZLT3vS7fnorM9On4e15qMauLtGyfuQb/l01aei62bso69D77N74S0fzDqGu6TbzROV2tPExZgMEjy2bkdMcnrnPBrjtT+LPw5sH51lLqaF3ytumXbsCm4bSoHc8Bepz1+QLf8AZs+KerZm13x1aWePmf7FE080bPy4BLAnHQMMZ6nJrq9M/ZN0zzUm1zxl4m1aSFV3JbSm1WTu6YGScZ78dmxwTzT42xMrxpYanCySUmnJdNfdt0VvltqmdtLw3wUZReJxNeo/K0V00sk7db67/M9g1b9pfwZpLZtLOe5WTKOLm4jgXK5JPLkgMQSflGOygZrz/VP2z4kLpp9tpVqVYqpXzL2UjJCDaqkkjBx1GRg9QK3NM/Zx+F2nTqbrQLm+LPuEurXksysVGCxVmzyMhh/EecevfW3wv8CaQ6S6f4U0JEjcOyJZROysSNqguScFRye3PB6nyq3FWaz57VlCMl9lLVPlta9ml0v5q6dme5Q4GySiqf7lTaV7zblraO136W0vZLyt8w6r+1D8SddaNdGttYnJbCf2bo0kbYcHAR2QccHaSTn5c4ycYd14i/aM8Vo4s/DHisRzhVE2oX7WsDNx1QH5R2yDxnJHSvu62trSB0FrBZ2kaFVMMVrEpUkZCFljyuBxuJJIGDxxWwj75FXyiIopQJQSyq+7HzKAoAHbPA6DrmvPqZ3mFVJTxNRqyWkmlq466au7XTo7vy9rDcO5TQfNTwlBSfLdulFttWTd+V32Ts29XdX6/BFp8Cfj14ktC+p3mkaNv5la5v5r2ZAcBs84BGcY5Unk9MjovBv7Gy3vjU6b4s8Zsz2+ljUmlsYPL81pAP3TSscgH1+8CCFGQ2ftRrl4GuWF1aWsK7hseZBIQxBwVZ9rdRzwQTjOa8VuviboXh/4karc3utpaxWuiQRMZJVMLSOAdpCE5wV24zwp24544J47EN3dWTaaknzXutL7tu7vdbf5exSwmEp2iqMYK3K7Rilut0o9k+1j4o+J3j7WNI8SNZW9xuh/s+DcgH7pVYHLISchiRznHoTwceWz+LdPvw7XUSCRo9sjuu9ZCcDIPIUjPGBk5wTnmrnx0t3tPGj2isQEsITkHcGXcF5I4Jx0P3evTqfHDNJFuVYwyqVZt2cN9CQcDI4H6Gs60FTxFRQm2k9JX3S5X09F37Nrr8m6CqRpzVNpbuT87dkl2W1r3dr2v0dr5Uus2KxhSralAyqgO0KzjAA6jIwMYHI5A7/UnxSspr3w54dsoOXhuLrYAMYzBHwBnjlumMAnPYEfJ+kTr/a+lSAIG/tG2LAHkDeFA4GR0zk9MHivrr4qakukaL4cuSpZZLu4yqNhiTbxnn/0I8HGc9cAavmjCpJPmcUtt0k4rRrS3y6X1Ovk5aDsrWtdt3tZpXa6SW7ts11dz5wfT9UtFzGjAKwL4JwMHunOcjqOK5/WWmeJA0causx3Mo25yQWGM8dsdRjGO4ruJfFGmTzpErtH5nMokBZA3UqeD/EeD07jrWL4lezubRGtpImBuF5QDjODyfQjPTkYxx0PPRq1ee0o/wAy3S03fqvnb1szGk7Sgm2ubslG2iXzTSellu7vY+m/gsd/wj+KEBLKpt0UHaG2uYhhsc8LzwMjryMGvki7Mts8v2qOC4AJUhxh1XkI2MDPHp7gnBr7a+AWnxT/AA1+KNmp3SPbQsjE8AmIYODkHHTr6k8YA+YNc8K61DcPMwgvFU5lAIDrGpwEZQQemDnBBAxnkGtXXpRqck3G/wATunbVxe/XXbVX6bnoVNJRvo7K6d9U+XztzWb6WTenS3m8d1Y3CuklvFEUQ7SGKq5wTj5RnuMZHXrzkH7A/ZRKrquryqqsF0Z0xjBUNI47nDBQewHQ9O3yVqmitApvPsb2ZVZAfl3ROcY4xkAdccd8bRxX1D+yncv9u1pRgN/YNxjAP8Bdl4HB28Y6k9+QKdScbKVLlk+tnrduPRPotNk1pfZmtNKWjvayfKtFLWOi2dtbLVa6bs8X8UQRp4i1wJL5WdX1BmYnGczOVGCOQWOMcHJ6Hk1yc0kiPtR45EDAE4wc4zjJ43Z7Z/2ucc9L4mj+0axqLlpAzajemRVBPBmYnjPcEZ4HGduSxrlJ4Jo0Cq0hiLL8rKAeGHAYbdoGMhgCcdAO6irxbbV3fTXyul1S7u1rp311erS5uVNXTWm3WC081d30v7vLpuen/DeQ/wBoaOSoUjxDbYA5AOVz+JPfkDjHHFbvx/uJR8Q7+NWBU21sWZhjgqCQDgHqcA+vT1rnvhmR/aOjH+H+37fOGDclhyQcH+HDcDJA/De+P6tL8RdREYZStvCDuYbT8gAJJBOTg4HHPXk4FUGuWT35ZxulZdVf3eu2uqvZvsYYiEuZWdrxe2uvMl6NrRW76+vkkFwzIccopZl3EMWAydoBGOi8nA5GARyT2/w7ljm8TxFgqhmtAQpUkbbqMg7uADkDIbG0gDI6nzqL7bAmJIcoQcLgdTls8HJxyT0GcnHHHYfDqVl8SfdVQBaFgvIBN3HyueOxyQOenuNqs4uk1y8u3NvrL3bO77Jdbq3fZTQclUinvrrbp0u7aXVk1tZvd2Z6x+0vZ+T8RJjEzPNLpWmSsu8nKNbLkgn+EfKRzyQSepFeMaTbCe38u6iQxMW2Hb8yt13Hbjgbcc4yD9c+6/tJyonxBjlQM27w9pQIckDJtweCRljt5OeeMZ4xXiWnXaCDaVEZ+aTC84AySuOoI+7kc4wMZG2uCbg6aavd2+ei11vfTa9u6209GhGNSs021118+V9tpdndXt3167wDDFD4geFWIZYo1G0EK6h1ON2cgY+8eMDORgjPqnx3svM1/RfLEg8vQrKRC4yrJ5fcbgNpznPQ56gZNeP+B9RFx4ll8uNEV4lCkjptfOTk+gOMjgMegJz7F+0E5i1rw3LG7KX8M2JYZ2qQIznHIBBA746kZAAzlKKdOGr+L7/h6u/yet3Y0ULTqKMmkrPR68rav5tNPddV5WPCry6mgt3hi3EhVdfIUOi5wuSuMgsRzjAGRjGa9F+GNzJc+MPDcYjb5UjWUFQWy0ikMw5xyPvAEDoB1K+VW+pou4tbxM7kqwD4Kqx5DcdCDx+XXgesfC6RD470z7IEiSRYAQuGC/vUBGf4TzwRyeeB1DgmlyWSi1q1v3Wul07NP7K0sn1Xs7Wu9mr6u1l2btd6a6W20vqvXPjn4quvCvxH1KC3toJRe6VZxTxTwqwMRRQyoccEgFsZ6HORjjwbXtefxJdNOtuE+yWAiihSLDpEBzuK5+6xJ3DJz1xivpT44tpU/ja8huYI7yaOzswXkUGaNQgyuTn5f4m74xjhsnyNdN0SO2vHgjVTLas2+MgSZ24MSg54yeemTk5A5Hy7wVGOMqYmcGqjk05K2sW7q+q0vr11s+x9XLN67yylgHPmowjG0UrKL02u+jv89b3OM8ByXMmradJsICX1sgPGOHAOeOWyM4OcbuwPP218TRMvwv1w4G2LV0LlYzkF4IdzFgTtPQcE84PHSvjLwHHCNZsbeN3C/wBoQOGbK7iZjkEdNy4zg+5xwQPur4praxfCLxHFExYtq0GSePmNvHncccYPqfToQBXr1pQWDilLecI2era0062V2nd2W97O1vBwSi8Wpap8l1qrK1mklr2T11vq31Pz60+WeWRfOQugfYA4AIBxtJAI+XsOTzzjvXsXw3ZD400QybQYQdxB5Cg8DPUgZyMH6cbSfG7ORZGCKSJDlWwf4FwOmMk8HjgcgjJPHsvw7tnTxhpbjnbETkqChJBHbjJGDznngjBIrDDy5alJL3nZeulnzW1WlursrvdnZUcHQna+mt5esdOi+yn5Jb9D3Lx54TvfE+uk6VBqOozWtsouILGGSRgjHcN4QEIEGGwxOQQc5PPi+seEPEXhsQT3Gl6xHptxnde3FhMlupQklWlKBFZCSDlup6nFeq6n8YfFXwx+IOrNomoJYw31pDHcwywpL5sRUblCkMFfnKkEZOAR1x6V4t/a41/xp8Mj8L7iy0mbT7tmd9SGmQRXgYKGKiVU8xZN/VlIx15wK+RzHMs/hnMaVDA0q+BqVYwlWVVxqwheKcuRpr3U/wCbVdNT6jLsDldTKYVZ4qdPFQpSl7JxUlKatype8rXW+lltscT+zVGz+MUGXKtLJICQSSvl7geMsRg5/XkE1ifFzDeP9ehZYo1a9BLspBZioIyzDOM9sghssD6dh+y7GW8Z2jupIE0kOXIUYEYUFlAB6nPGB1PABra+MN34aTxtrunX1gJryK/3SXEcih23KMRqAvIUfMMHoeSCFz7eLxPs4Uo+zlKVktNXZKMtn69910sjxMDQ9piK03NRjyrlUrWb50tG27qSdr3V99U9PBoZAsU6xxowCksQx2qwOM5/vFQcEYO09zX2P+zncN5OuszHd/Y86kLgBUFuw46Agdc4J6Y5wT8q37eGXtriPTILu3u3IAikbKkKoLEtnIzjnn2HpX1Z+zZAkml6zcTxld+mXKOUY53JESVAHP3BznAIJ4rmhiOaEpSi+VK7TTWultUr6Xt0363sd9Wk1NJOMm3o+l24parVJaO1r666WPmfVIw+vXbMoMYvbvO5eSTM46DOcklsAH5hwcdO88ExRnVrdQWwsgf5AAcBvUDBBPHOORx2y/V9I0O7u5vsl5JaTtLclxcqQhAlfGGBIyxyD/ESM55wer8HaRJZ6lZTh4JI9oAeIBy+BwGxgDIJJPt82ea8DFYulJTinZ3a5XdKKUopWs7JbPfe3SzX0OEpyjOGkG04336csXaz8lZ73W2h+rX7M8Mcms/DyeR2dj4h0sAd1H9oW+NxB46gZ9eOp4/uH05D/YPh/IPOg6Xk9cf6LHjpzg8g9zwOBgV/EL+zS6DVfAS+VtI8Q6YwyACoN/AM7uoxk4UZyCRjpX9wOlrnw94dYHn+wdLwq8jAtY8gdMcDgA/3eOlfnOPneeMdpK0oK7v1kurVk1q/M+p4h93CZN9m8al7Xum1St59fv8AN61DuXOCQQWzjB3Hr6E43YxkZXseMlI3IcAsWLc8k/Mc8jbjBxk85Pp3NSSIVYsScDLK3PQ9ScAe+QeBjIxgYQDdgjkcFcjjk4PbkHjJHbsMAn5ecpRd0nZWjyvorxWtk9PPS+2rZ4kFFpWXRqVteiXlslq7rzvbSZWzu6AZyASRnvgk+mQM9B604kqWGccZ46Zxnjbn1GeAB1Gc8s2PuyoGAc4Izx2JPHrwMduoFTMjMcEjG35gQOnTBOBlhg8DlgcntjnVZuVpRs01aT0volp0v6Sutm3uJtdF7vno7e712/HVJXSVmNVvTPQfwgkg9uePXpkjjPbFyMbsMRjcR93gDHTB9+DkA8jviq4AAG7jPQ/xZ56kYx+PbrmpgQduMkjnrwB056/Lxkjp1wRW0JqTXb+W71eltneyurO+ttjOSavpqvn0js1/lu1fznKIw4ZsgBuMENnIA6cZI6cjPWkWJeSCQMjB6ZBZuDgYz3A5HbAGMzcNkgKfl4I7D1PbGAc5GR2Bzin7gB25yBjAPUYDE8E+nTjI/iJHpRcbRelm18l7um9no09Xb7zik5wls9GreVlGOjSW6Wvez6EHl53YfB6AkYyQPyzyQQOx684ChGOCSzHGSRyPbnIOWPbI4yecgGUAMCMc5Jzkj5hnJ6EDHUnqcZ7CnxKpyCecc5AC5PUDrwec+xKgCrSjurtXslrb7P36737bOw1VbWtlaSd2k/k762e9nre/crlSVACsMtwB/FgjOWAyMbeMggjIJAwDOsS/d9exHHJIHUnsOen4VPhORgnB6HAGO+R04HOTjGc+4kVExn7mVyF6kjIAU44GR0Odvbk/LVckbrbpfpZdU76aa3eu71FGo4tp3s9Pd7q2r0/FO3mtiuIAQcMMnIBAJBzjntkfnzz2BpBCRtKnkH2yF/UkZ4GTjHPB5q8VKjaucEcbuo4zye3AORxkEcdqjCuDuYAkjAGD0bgEgdSpBx3P1yo1hBRjbmV7q+923bRcrvqtlbprpIzdVpqN9dLtrpp+V/xe/St5bZbOdvU+hyB3x2J445PXgDB5RXaMDA5xjk8nO455xyCBxnGWBPFsgjPyZJI45HscjsCRjAwemO5p6xc8qSGx09cdD3Jx05P5dLVK9rW2TV1za6JrurJpfCnbqtTJ1UnrJW7K+qTXXd/gtt9nRRdoA/ADuOT0BOSMe/YeoAnCFuW+6ewyGzgdADjOMZ7D17G2Iog+MDj04PPG0dMHoc9DzxjmlKN0wwwRleh56nPrkZORznOTiumlhoKysrO12+bXVdN1a689Fe/XB4i7vCVndbvRLTbfVq2nR9+kaxZHLcjkDac5wAeOm7k8Z4H6OEZZflY/ngEEZ6fw5XnPPIwC2RiZY3I3ZYqGwMcsAMj0XAwp+U54HVgcB+zf8uSD154wpx7nrj7pyVIGMjiupUFZWUbJqPu3SV0ndJbqz1W9+6MJYh6czs9r3VklypN6bX+LRfFonoyFIAM8spXjbtycZI6cZbrg8bj14waQxHIYFmViQcj+Y9jnI6YyOeht7GKhF54yO/Oc8c8kjJySTnGCQTkMUoO0NkkZ3csC3GRjGGI5BOBz0IOaz9hBWurOyu2kr/C1qr6Xd9LWe9rD9tJu6mnsnfbpe2qa3XW67O91TZBzx0OMkbu/fPt+XHFKo+UZBJ5OW6EehGQAMcZBJGRgelvyz028EDgdPXqcDnGc4x3x6NZGBKnAbIx3IBzxjIHBViOBgk+mDqqSWvLfRfK/Lqmn5/f5sca6XxpWirXd1ty2u77u29td9Lq8DkKOMkjBBA52ng+vI6jrnOAABUZ47Dkg8A4I9fXIOfXHJBOObQRgOV5HPoSTnGQMkkgfXAycHJqPYwbB4HIz74HTjg8jd1Pej2fL5LRW77XvdfO12tlbYaqLTla7aa7tXeu77Xl01unpES2SAAenfnHTg++OPTPOetJ83C7cMcFuRgA54IBzuwMZ5AFPAIb7pfuAB17Fc9cHjORgc5yBUq5wTgsM7gBgLtI46Y9TzkjoeMgESaet327J6WT21stu9vQKd7aN2b+F21so99VurJKXbs2zjaBxgnOWHTuSQeM5/r35p4Y7jGeh9CCpBAOc4B2kZzzjGeh5BjBAKgEdFzkBc8A9c8Z28/3u/NKpwTuHCHHHU5zgE8nI4xgZHU89d6bfMnG+7878zjsn0VrdVZv5upNcr0jLs7O10ktGld3d+6s9ErNrxT9pgBv2dvjVwQp+HviIdDk7rNjj2BwRwOB05Uiv4T7ZUZ5PlZ9tlOHyrNtK3cp6gHIPBHbOc9ef7tf2kv8Ak3n40Z+Uf8K98Rtu5O1fsMnPXp9emOa/hTi0tppLctrFxCtzBeBVtQEwouZQUlIJBIOfmY4IAySmM+/w9KUOJ8FNQ5/9jqrlvb3eaN3v/dV9Pu3PXpR5+DM9hKp7NPM8I725tVTW1rO99E+j0djxHW9OmuNTu8wuAHQLL5ZClVChTk8jOOAcgHJ6k55O60ia2mBEEknmkEEx5ZRvPJGcj23YwOnRTXsfibToNMvGMmpak2YlRQZxhiSMMdo7HBOPu/McdzxF94ciSVbmTVNTkWSOMgR3SkZkIznIPAOM8c9eh4/c8JiasoNvDxstH7+qWid9NlbTXXV6Xs/yqvSpwbtWbtZ3UbP7Or23XdWfkeseBtPZfB/jEMJBINLhI3sgyFy2drHOQNvGSeOO5rl9BSdtUtYnaAD7LGVkaeJcgxjAGXIzjjAJCkEcV3vhXwrokHhPxRdXd1qUyT6Q8wV705jKRl1U4xgsy4bjgcc4xXGeFdL8GXun3Ik00C8Vo/Kle5kJ2EKuF5ycnJI4Uc5znnXD42rRrYpfVoNOdKbUqnLe0I6atX0ta/XtcirTVSjQftpL3ZqP7vezg3u7K97K6a+5DP2j3tovglr0cQgFwk2njbHNG8jlpozuCqz984Y5GO+Ov5HfBbW30r45eFbiR1ij+1aoLiRnREAMci/OxIA6DPJ54ydoNfqN8ddAtYPgz4m1CDTbe3m+0WKJdRmUymJLlVCHLkDpuO0dc54xX5cfB3T9IvvjN4UtdStluYJrnUhPDISBNy4w6gg4AbkDHOefTmx2Jq1cRQrezhD36TUIyTi7ONuyUm9dbPfW7HhIRjSqQcm4uE7txUXtCySVtYuz31d7Nn6dfEfxnpl58MPGdtFcQM0mkeWimdCzkuMBFLHdxj5eu3OOOvw9+yXrujeG/j1JqWpX8VpbL4c2PJIXALkfc+UZJ5zjGc8kBd1faXxt8HeDtE+EPii507S7W2v/ALFblJkWQzQhp03BDv8AQkdOx4Ocj4q/ZVt9Lu/2g47fULO0ubZdEj3Q3Cq6ljEcEoeATnOWGchSOuB1YmrVnmeXtxjCf7u19NOZb+nRdXfro1R5JZVj4rm5bTT5lGN7Qj8Ld11vZ3s7NdD7E/bC+IvhfX/hPHpmiaxbXl+desZltYmcuY96E8lVXBGRkYIIGOGNfE/7MfjTTfCHxH8cXGpfbGXULOGOH7NA9wQ67c70AZgFxxgcnKhetfeH7V/h3wzF8MLefT9I0y0lXXrMPPb2ojkYblAQycHrknnHBBAxXxP+y8Yh8UvGsbRQuFspAN8SPgCQAEb1OCuAB0GMZJwcdGKlVee4aV4KpKUE3Fe6nyaK11ro7vVfgjmwUaX9k1E1NRSbtJxcmlKC05ezvun+R63+0F430bxlZeDrWw+2rJa6wZbgXVtJAFR4Hw24jBY8fIBn5j2rkP2T/FkPgxvHES6RqurzXOtq8Q06EzGFAGwZB/CWG0gYwfTGRXq37SZjt/Cnh9xFEmNfgAZYo0LF4yFy6KpJI6DIxjrgVyP7HckceseNMhWL6woIIGSdhKjJBGPfOSeSc4NHNWjxLTlKa9p7NLmUdrQskld7NLq31vsjSSj/AGJNOHuud+Vzd7e0jdp2TtrbS1r9tSl+1V4sfxjP4Cd9F1fSEsxqWP7TtzCZgTnMQYjIUg7uBz2BAA1P2PPH8/hHwVrtrbeFtQ1kXGvXcn2i2zsiAlOIzyMnPU+oGBjp0f7ZJQXfgNnO1Ft9UlCrwB1zgAH5egGMk53DI5ON+xoiSeANXI3EN4hvT6k/vCBkg5BwSDwPT5QDTSk+JJtzftLe9NRSu+SCXutO3RX182jBOKymEXBcicXyuTXK/aXumved10duqZ5V+1B4quPFPj4apdeHb3QhN4Y+zxW12+XuPL+9JGTgBN2MADgYHPSvRv2WfE3xE0z4dR6f4a8PWV7pw1fUpJJJLzybiV3dd8QQKTsXPXuSCM4UVxf7WscNv4u0ze5IPhy6xn7q5KEgdQOM84xjPUGvaP2MtrfDGWVFLudV1AxPkgY34ODjuDhhgZAx0pUOZcQ14+0a0cuaLXM7qE7NW017JeWx01VH+yaLdOEuVwXJrZJXsk92+uu7XkfNP7W761deLLq61/T4NL1C58H6bI9tDP58aRwGTa2/Ayz5Ofu4K4719Vfs1r8Rn+EPhV9F1TRYtLjsnMFvd2qtccsd4eQnBAOMA8bu/U188/ttt/xV0hdBubwjZYIYszElicE84yORnHvivrT9kxQ/wQ8NGRjCfKeMMCS20LwM4YA49iCMc4zjmrW/tSrT5qi9+T5oy5ZSs4t3a1Sb7JJ2t2Y5SlHL6MuWF7wtGUE4xtBK9pdb7PTXVbpn54ftNf2j/wALT8XrrE1tNezaVZSzSWqFIyAcKFVSdo3dxknHtk/c3wp0H4s6h8L/AAXJpPj/AE+w0ptBtmsrCTTleW0tw5zG0hcbjxkkrkkAAHrXxP8AtZRwxfFrxcdzjOjWHGSMjc2CAByMHtjr6Cv0e+BmowR/B7wMGCp/xILcBCCHlyTzkjqPUZxxxgg1jgsPGeNr0+aq0oOWk5Xbcldtp6r+vI1rV6iwOHly01NuOkoRlFLlSXKndLurWTjvuj8tv2jbPUrP4l+NF1e9S/vVh0pLi7RCgmcEHeq5ICj0BPP3s8k/ol8BvC/xEvfhf4R1HSvF2m2FlPpUbWdpNpqzy26BiHBfcN24cYK53ZyBxj4I/ahnhm+I/j6ZThUm0/YDwoAVTgHqf5jqDggj9QP2aLll+CngR7h4IlXTCBC+A8gJfaRjIPHP6d668vg6eMr04c9uVq12m17Trrr2d/S/Uwx8nPC4adoObnD4oqyvFXdmlZX9FZWWh+Qfxg0W+0/xzqtleXq3N0PH+17yOIRh5J3RnmWPoArtlVJOM4XJINfqBo3gfxMdH0xm+KviARS6dZhbdLb5I4haKfKUBvubcIOhAA4YV+bHx6vI5PibrDlNiD4go6g4C7YzH69On04J44x+o/hvWYX07SAxGxdPtTgtwW+yKRtGD8o45BHII5JxXPlNGl9bzFSUrRkrLmktY3d9GnfTfbrq7G+NnUdDAuMoxlJcrbin1ppu7Tsnur/LTf8AJK/tnsPi1FBFe3DSx+OVgjvOUnDSXGGuAygYkP3x1w+D0bj9T7j4Ypd+FdSun8c+KppH0i/eaM3TAS4t3doZFbkqSDnjDcKMc1+WuqTA/FuOZUJV/iGojyQQQt4ecZyFI5wcnuMcY/Y86jGPCuo26oqumh6hkrKpDH7I7k4HoTgdeT0450yinBxzBaaSuk3ZbNW+JXfrfTpa4ZlUmp4TXSUXduKbbUoO+3W+iu0/Jn4q+GtNim+I3hTTZJJtk/icWRliJWaOM3fl+ZGwyyybTuBHR+u3Jr9O/iR8GNGsPA/ie7i8T+MLgWejXdx9ludTeW3kaNHKrdIQfNQMFO3njleMivzQ8KyiP4seEJZmEap4wLkuRtCi9BLMTwAP4ieOvAHFfrf8TvE2mSeAPGsKXNs0reH77L/aYyJSY3I8vDEk9AFC+2c9c8poUZ4bMXOyab5d09r6JaPW197q3yrH1qkcTglC8bpKTUW9eaD1vdrrfZW3eqPyV+FGk2WrfEnwnpl210ttfXT2872kzwTrGIgw8uVANhw3LDkg4AHGP0G8XfA3wTB4Y8QX+nnxILnT9E1CeMXOrTzW5aNH2mVWOHX5R8pzknrnp8BfCOZIPin4Gnml8iP7ZmV3OyNFMPLFj8oC5IJJ7HGAQa/VXxBreinwZ4rt4NYspJJvDuqqp+0qzSfuZQFjB+YncQCq9G/DDyOhhpYDH+0UZTipODlrJ+4mra7XV0mlaz+emZ1q31rCKlOSp8q51sm+aNt00rpJabaJbJn5W/BTSLPWvih4S0fUonuLLULkxXSI7IWRY24VgcjOB8w5B4z0I/QP41fB34e+GvhX4s1fRtKu7bU7LTlaCdtQkcIzSKvzRsSGyGPQAZ9O/wAG/BCaDTviz4OuruZYoLa5leR2+UInlvgkgfKDj0PTkdq/Rf48+LtD1X4QeMba01G0kuZ9NTyog53OElQFUwo7ZyCcZz1FZ5TChPLsc5qHPafJKybT5Yra17+ez2XdxjalRZjhOVySSg5pPTSS8rN2SW+1t7H5sfs+fD7RPiJ8SzoPiRLq40yXTZrmeK3nMMjvE+0fvgDgH+LI55zjdivtj4hfs3fC3wH4H8ReJ/DOn6jBrGn6SZbWa5vmmSFxKqsrIUAOB6Dg46cV8r/sr6hY6D8VV1LU51gtotEuUZipbDFhjAXLYODkYJzyMY4++PjF4v0XXfhZ40ttOuF+1nQ3kVAk2JU82P5lLIoxyGbJ4yR3y3PgcJg/7PrTnGHtlKfI5Jc6Vo2sradF5a2OvFYjELHUo05VFSSgpRTfK3dX+bWumt31tr+X/gv4fXXxT+Ilt4bh1SDTJtTiLveyxiREZAWKshI3Btoywx2Gc9PpPWP2f/FnwD+zzXuu6Vq9n45tLm0smtFIng+zct5kYOFZ9oxzgdeeK81/Z2Etr8W9Ju2try7ENoZWhsofOnKgFd0cS5LBclie2BnoK+6/2lNettS8K+CrkaTrlobG+uYmn1SwNrCfNRwY4nJySfl46fLkZ5J5aGW4eWFljZXjUhUS916tXjut7emmiT1NK2YYhYhYaLfs5RTlZK920tOqXW2i06XPx+8XeVceJL155JBujXeQ5OXXcDuzzjaORknnkivX/wBnp4IPEusSSSzr/wAU7dCNSTtwV2nOezDj9e5z3XwF+D3g/wCL3xRv9C8cXPiC00R9OvLsS+G7KTUNRW7jmIjC2cY3yQoGJcqwGAMgA7h9leLv2Vvhr8ENOs/E3gjXvGOtNrbXujXreLdEn0SKCMqWiNms2fNkyMNggqRnnrXm4aVGGPjDmXNKTcYPVtt3T0fX77P5r0mnKHNFPl5Vra60t10Wu9/zumflH4vtYj4k1aN0QrFMyhgSM8l+nqQwz688ZPHu37MV1FY6r45VlULP4M1KIuTtbDQ4K/3iOMcAnuc8CvHdf03Ub7XtVl0/T76+MN3Okxs7We6G2NyEZ0gik2bh1LYzjGNuK9E+DMdzp+qeLY7m3vLSVvCl+FWe1lgbDIMDbJHH82GwRxjpj1whP/hRlFO7dRvTXd2vfRpJ7bWutEjetKNPC89rpKLlZPVPlvdLf/E0/nqeNazbxxT7lCrGZJDgLlj+/kOS3BJPoRj8ufof9mbyptY8ck/Kf+EC1kMB90r9mO3gDnIwQM4684PHhOuOsItoDEpYs8obLAlWdiQ3Jy30GMEKBxXvf7NU1vFrnjZSVxL4E1oBgeh8g4B5OM/y6E9+HF6SqrVyU0nulpJWSta9mrX9LNPfqoVeZ02o9I3TurLlXdrazs9rr0N34K2cMfxM+H2VDFvE2lNkEgoRejHPAOcYGePmPWva/wBtbSF1f9ovxugaQSOmnOHK7chbSIcg5yqhRjoTj1Brx74QTyw/FTwCqqhU+INLYjqWAuQQcZIBAGcZ4BwMfNj2j9sDWIR+0Z4vkYyIxttPC7eNri2iJyDjGRnAxk9tw5HmSlL63TlzJxVOUWnpZuUL9b7vTR6aeS9dRk8O2+TSpZPVN35U9Unsuqfr0v8AKT+GdR8lp4W3LbqqqyEiRucEHbyCOePT8Kk06zZdNna681i0xRgd3A3cMDxwxOGUYwSQD3rutK1iwe1kDTAPLJgKzkqG3fePbGPlYdMjgDih4FbR7lfkdzMXDRlectnHXPHbsfvex9SlUT3ceidrNXfLvotdelr+VrHnVHVtfkV768uqbTXK76vZqza29Gn5NeRahpqiUPJLC9xlERj8ncHB5AxgHPYn/aplrqC3UzTTblf94oDgnJCnJznHJAH4A43ZNemmzF3DEoij3xAiTeAQcJgHpjPK57eo6CuFvtOEQnaKOMSeYSHxjAyQSQAe3JB7+pArdQclfmu1bpZaJb2ulvbb5dTOM0nFOyu9e7ta9lJq+79Ne+vEB081zJsUNM+1mIUcnOAF6BiPu5UgYI4DVTmeDcytIhJyUIxgEnLeoOeeoB9CTVK8cJMUKszb5CcE7QT0ADdcjGBjBzxnvniVmJaOHa64AO3dz646DjOcHHPToRyynaKWnuvVNtu+mlrdujfTu9ezlU4OXxXdkk272SbSS0vpe17XWt9T7O/Y78Qp4e+JlxqEcqLdLol1b2zO5jjYzBkdG2D5lKlgBnAG7v0+idd023vft91p8skV7c3dxJcG2lV4/NllLEgDHABbBBJwADggCvkv9lbVLPTfiHNd6pYHUrWPRbvzLcIzPGxDjzUQZwVHc9M8DvX2bc6j8Lr4JHa2viDQb65kaWWaCV5ISWyNzRk+uOOcADOTmvr8glOlQqVqcObmai0mk0klZX0s9dl0Ttbr4mPp0pzVOb0vFKVk0notLO6vtva6s1245vAet6tNpqWerQzXcdvI32e7jKjGD1cZI4xzg4wec4aq9z4R8ZaGRb3WlW86RjzBJbXHzSEtyVXgZJPIGSOg29tXUNe1HQtZ08+HNSTVLEwtGk95AYpmk6GGRueDjgk4z1PBNbsvjvV5Lq0h1PSI5n8tW3W8wfngFQMAE8HHIznle1ehRx6VerOp7ai3JLVOVl7t03rZ9E1potbGNTA06tKMYcsrJ2s7WuorXu9L+uup5rrCX66ffLNpWpQuFhDEwl0J8xDkNjHTJ6DPOBnBPUQa3psUNpLJdhHhtYI2SWNkJYINwBweR83GevoMiu41DxzpDabqAmtbqzkjEYxNbeZGSSFALHIODjBIHHc5Bq/az+D9esohcrajEEYnae127nCYLDOOO5OcjnB7V2YfMKUcRKaxFKUpQUEpKyunrd7tvTdWur9UzzKuVTcUlGScZXTWsd01rr57em2p5LZ3cV1rEcqSxNDJO7KS42njPJJwAdxJ6n9MduXkfVNSZCNv2GxQ+WykNhT93B5zk5AyW5OABXR2vgrwVqU2LdLF1jJw0NxsIzjlASDnCnIxwQRnsZJPhtYxald/Yr29tYxBAyiOUkHA4PUkqMZHQErx8vJ7I1aLrUZwUZSTcp8kk7uTSaVm1Za6tr0RyvB1lCpGTaW22iul2vpf5tX0SWvHzbktXUrl1V8k8HOOmMAA4P0yMHit7w7Ht1BXciIPpqh2BHJbON2PmGQSegwMcZNR33gvW7MkWuqLdEsSkdzCQpB5HzdQP+BDPfrxVgtfF2k3rPNpNtfFrQIEtpwCyKSCdgGMkY4+gwcAV2yrUZyjLknFpq94txjre7b0u7JWtf8AE5qWGrU/axVnaDtbSzsnu38V9rXtbuz16NbSA2oYRvkhfM5DDdgEkAcnHXnkngDmuh+Gdvay6N4yfeFeLxDcyRMxOcBEO0f3dxxkLjA+vy+RHxO9u9kdQ0jVLBlKlgYfOQMeCcg5wo59Oxxmuw+GHiXRjpviWG6v47aS+1y6NuszGEOjJHtbBwNwXA4OePU4qMfGnW9jyyg43bab2vBXunvrr6r7zC+1pzqylGcXoovrG3LtLrbWz2vp5HsbwWg8MyudhmVS7nBkJZidrcfdJ6Dgk7hnvn5Y1ezN54t8RtlkYC2+ZSMYVV2kgjHTpk9+Oa+lotStIPDWrstxFO0ZSNZRLE6MuRtCgtwcscDGcjrkAn5xkmWTxR4jKhmEgtyc7sD5Bgd8Kc4BAOc/NgkZ8enhaaxNGLjFwd1KLs02+/V+7dtbXWmh2TxM/YyUZSUuVLeTdrq75rea28um+RNoMkmZGVLiII5VZolwQEywJwTgg49umACSOH/4Q3RNS1nU7S70yGMx2lvNE1quxw8jncUCgfhnrjqSCK9leTy7YLxlhIFfcOc9CAeRnBycnPXPQnCsIP8AidX2fL8xrS3Tpgqpc45JYEgtwQpIPHtTxOVYKdejSlh6clNpTfKr3skkmtdXo1e6110LwWZ4qkqkvbTuoX+JpJppb3unZJu+lvWx5PffDSMRH+y728t1V22FncbSoJIDCRMMD7HIJ9MCLT9S+K/gu7s7bw34v1uF7i3MqtbXsrgxI2WDxNuBAwPlJIOOvIFe7XNuqWqqSysJssVKknPBwoHoc9Bk8cc1BYWaHxTpnkgEJp0oKsoOFLN93I4PsM8kgcHbXhZrwvglFSw8XRqznCKSlLRSfZ+fyT1vc9zK+JcZ7V88ueMYOS5mnK1opK+9tbfO+tinpf7T/wAcdEt0tbi90/WhGQrf2laEXZbOMCVuMtjBA4yTjp83u/hv9ufUNP0hbDxn8O4NQSFmDz27kEO+WJjjCH50Byp3Dr7ceMeN7Swt9LuvLtUE7SxlJUwrhywYjgZAJGcEkHPTvXBaHCZtDLTRbrgXxAaYBhIQwBTBBOMDBGecgAAdflsVw5j8NUSo4qT5Y3ir6RSUXqm9Fppa+9j6vCcQ0ayXPTbfMuaKV027a66pJLXXytpc+n/H37SnwW+L1lo+kXVvf+GprRwJZrmNY0tnJxkuFBeIFsAkAdvUL5Rr/wAL5dQ82/8AC2oWXiexuIC9qbGeJ7gADCs0QLMzFQRt6k5HHIr4a8ZQTQ+ItQPlxx7LiVGgII4PJJHQKWGRwMEqOMZOr4R8bav4duLW40jUbvSp1dQki3EjQbweFePJUqTwQFwFydpr83x+aYuhi6sMWlVcJcraWrUeWNtHf3tb72e/U+0wtCjXo050nyc9pLm1W0W1otG72d3q97WR7q2i6jZq9nf2j2N3C0kci3cLR7gpJAbdhCpAIAHGOTjPHN3fhLS9UgkkVGjvlbdI1uCAcMfleMD5VyAQ2cdvY+z6L8ef7TtYLL4heG7HV7dRtfWLGGNrgh1IZpFGGJXdncWbJyOm7PXWPhzwR4qjlvPBGu2y3EiPnSb6RYpxk7igLFQQ5wAuBjHQDbXBDHYTEOTl7s72XNoto21v0T15urWx2PD1qaUHeUWldrVdOt9L/K+1+q+TNS0e60q01N7iJXhlitxFOg3qqJtGHXrnHbGMn8a4jVmzZq4wyt5IDcf3SAAc5IUk5OCSQox6fWet+EdY0+7eDVNOW3tniWOUNGGt5Bxna+Sue4OecZ+nlvinwDa3NuZ9JmWGSTcVsmYmNyinOyQ5CnoAMcHHPGK4VhuSo6lOop8zTsttXGy0aVr7vX5XOneEVyxXLaWtk7aWV9d76uzVnurNni/hxZAsgPIAPBycHeuMA5OOwBOe2a+9fh4rG0tR95l0+36HplTwPyIJGMY6HPHw/penXdlO9pdxPDKgJk3DK8scBWI6EA4OCQPpmvuv4bRn7JbHAIbTbdgD93AQggA5wQR+YBBHBr2srajUqc2raXmrdru3XZWV/VWPKzKTlTpWjFRjfVLbms9Fp33flYk+L6KfD2hzAA+Tq8BG0ZI5bjJbr2GB3HQCmePNSluNK8FISTJEbhkRxtQKVQDdkHPGcE5z04BGdL4sQA+E7TIKNHqdq2COMblzwQDzkd+cDFcp48lL6f4PEYUKIpN7DGS5A3H25LH33AnmjMnze1a0vCF0r23jbV7aq+70dtDz8Pq4621d7aO9le1m3f10V2iHR9RWFmbylbfIisRxyWIJJ6DODgDHf3z3UjWc8EaqEQmcOoU7+Aw3gADrk98Y9zgV5/4d09Z5I7Z3CLNNn50yAoJOcscgkc9cAD/vr1JdLs4RbiOYbd21iFJAkcqEO7PfsAeBjpnFeBThPVu7d7Xd1q+W6vuunRXe/n6cLppaa2XvNLVNduq6qOyvfRMw9Rs5YtSkbYrB/s5BOGPIwM/MBgdwOrDJwDzBaWe7XNHikVY0i1m3L/L97JJJweuFXjn0znjPpF9oTvqVtIFjaIR2wmb+Fv7oYDOOcYOcnHoCRhX8DWnjPTonjjaIanaSRwjA3gnaxJ/DAJ4yDgkc0665aMr3XuO+iurxildpryfV6J6J2N4Sc3FWlyxaVt2tb2TurJNLpdtR5m72PbvF2h2a+HdW1eC3LNbSRsJwp2sxVQ+VGBuGMcADjHBOa8dvdb0LV/CMeivYQx6gsrNHqwj8uZAACYnJ5aNvu+mTjupr6a8YQRzfDzxPNHG0UMcKMixkGISFADjA/h4J69ucHC/DUKy5jRWZ1aRQME9yOCRyCQevfnJJIz8jgcIsU37aU4zw9bmg4uSd/dVrx1acX10100sezVrRjTi4K6mnzLeSadtrX1tpva+nRlO68Owectu06oPKJDFWAJPRhz07Z4P5AVd0rw/+6j3P5pivVYFSZXCgEkKmCTgc5IxjhSCONLVbO8j1OBPnQRxRkqckkNg8kHOMEqSQcD26et+B59D0bQ7ie90+S71W7voksiQA0Co+XUAhleN+Q2cHGQCCQR9JOl7Gk5XlUlsrO6ak462bsktbvs7drcUZJzirpR0TWibWi06aafPW54jqGnqst8ViCtJcDawXcQynnIIxgnhh8p5w2SBhHa/s5IJbe8lgmWNQ725eElHG0jdE6ZGMnHIP8Q5OfcrvRoNbWe58i2si92weBU5GXBBC8Be3TjdjB4APAatpjwX8VpJEVgCv83lcBVPBz6enGPrgGu2lQpVVCnUhCbqW0lGMk3eL2d7K73W3TpaJVHDnqU21aXKmm4vmburappapP56bH1d+zxo+r22jR39nH5sOo3hLTOd7k7SskhzwR1JYsW6EgDk/X9rZS6T4b1RowDPdXDFvkJ3xjlgMHuC3bOcgcdfJvgPp8cHgbQzCdoIlbGGDPy3PYfKOOACMj1xXtr36+RJaCMMFEhdiwbJb5cZPOTkEkrzycdGH65kuXUsPgqDjdKVJcsVblg5RjsktFZ7pNeV9T8Pz/Nq2IzLExkkkq8o3u/s8q9Wt7qW9t9mfC3jkX0nj9Z3jkITT1bYibSsfRRggjJH3gcjPUsTV7/hGvFep+Hb/AF/T7VpdI8NlX1SaVUAtjeEeUoYnO4B+MfQnHT2XW9DtNS8d6hLsQCHR4QQUJVd0gzgKSBwSTnI5U8EMK7QeFw/h7UtCsGa0tdUks7m+G4iK6MQVVDRj7+CpIVlbnGR6/G55w7isTKriMOlUqSr7Tf2G7O2nkrX1132Ptcp4iw+Hw9DD1WqahQp6pbOyv6rolpotdT421W1gtRFP57yBrBmyznBkYg4HJHJIGAcjjnmvK9aKPFa7WfakyHIwQA3JBAII5PYY6ey19feM/hSbKze/W8jkWFGT7MqEgLu+UjJ4yTjsM4+93+ate0ueJTEbYqI3VmJjKAkkbQA2Dknkd/TgV8FmOXYjAVYwxNNQck2tW9E1raNuqW9tO9kfeZXmOGx9JzoSjOCklflk7XjFWaTilsknaztr0T3PCWpT6bpl9dR72cBUDddyArwx5wucnGTkFue5mvPEdhqFpMJMRXrXccot2YFHEYJBUFdwJIxjOM7cVb8O6Be6npsthYQzS3VyH8mOMEhiiMz859FIOdoGRjpkeT6hpV9ZajLHMrieN2Lxsu1o3UEFTkgfKQVPHBxknmvC9nCpKTk7Si9Ltav3feirrbVO9m+myPWpJKpLlfVN2bTt7jatq5OydlrfV3b39Zu9c1Oyl0y405p43e0nldSR5bRuQGjYOpUA44zjkZHqLOg6lrOq6heWV6LeZL/TmS3BRWwGGEjj2AksHIVyBgli3y8Gq9k2oa34a0Oyis0kvLhpbFZFwLksCDGikYYFh8oJIzgjnOa9Nnt9H+E/hm2vLtFuvHt5aqi2s+1hodpKCfNdCxAuJAQRkDBwxGcV89muPWChCjRpqvi603To0E0uaTaTnJq/JThfmlJ7bK7Z6OHgq0W5yVNQ1lO1m0nHS2rbkkt9b9Ori074eeGfAmp6JN4hms7rx5JbxazY6RFIslhBaywSNHJfuTgXC/KxjLMVfjPNJ4ZmfxZcWx1rxBb6Xe6a99dQxxstuusL5+DYiY7iHCqFj5x7AZI8gh1uTxB4ns728keWZ1nWS4eQmR8xsdsjE8Ko5RRgADjgnMempvurVWUPCt9tjeIsZ1bziweIgBgVwG44P3iRmvBllGLUJ4jFYuVbFqlGcaqUeWk29YUINcqgkuW3xS+Ju9j1qdalOEaaj7rhZpp+/wAnJytpOzd7tNX9Lbe9eMfEuqpZNpeknxHo+hy6vBBcR38iy2955aqWWBzGrMu4AhgcYK8cV89+BLVP+Fh6zNtLEXzD5mYkfKw3Y3Z3DHYdSTmvsvVvA/izxX4S0CFlib7RfvcaPBq862mo3UVvF+9nt0ZQPL2rhSx7EZGQK+ZfAvhTV9L8W32ranbz2OnXOqzWUN5cQN9mmmjZ0lEUygpIYT94ZyTjAIAB58urYdYLFRlyUp2nGVneTnzW5m3715STdk7xdl2uRSvCPOpzjKy5WlKMbRdm073V1ez1fTZH65/8E+v2ZPB3xb8B/EDxf4j1y006/ttZewEV3YCcG3MpHmtufqNxCELkHrkAivcPjv8Asr/CbwR4h8GaZp8l3eaovjDwZZXs+jQ/Zkv9O1K5xNNMoBP2l1OwMSeAABwceG/sOfH74YfBHw/4+03x5q06XkurW0mjRPMLfSb8GYs4lcZzMQRhSpA5zxX6PfED4p+AviXqvhfxB4et9Ak2eLPhlIog1K3aVVa9fhhlcugXDZ+6PvEE5rzZ4DKp1Y1p1KscVK0qkputySUr/B73s9IqMWmn8XVu58HnGL4iwWbV405V3gHNqla3s4twhaTa5pWcpS7K6euitdvv2Y/g14U03Vruz+GF/qF3No+rXD3mq263ws1+xOYrhHbyxHIsnztkbSc9zmvzl/4JufDHw/q3jj40t4j0/S72WK4b+zxc2Uc5gtTq9yiiFWDFGZAEJXnAGMZBr92/iR4v8Px+DfGM17ceRFF4Z1iObyb61K27CzfDHExOGOAMA59ycV+Nf/BL3xZ4Q8NeLfjdqPiHV7CytJUX7NqGt3EcFv8A8ha5cRwvJgO6IVZto/D5hnorZNl7x0cLhMbSjSrq82opU4OHvRVR7Wclyrmtql5Hm5ZnWavIs4r1qeKqVacsPGEuatOTc6kYyUItc+t07xvdb31v+qMfw58M6dbTf2b4T0G2it9r/aWtLWNI1CEmRxLEF2oMs2/1646/gmvw4tPiR+1pqmnWR09tH/4TqSbUxFErWrabaSA3e2BAEMW1X3FRjPO0gjH6rftYftW+Abr4Y674Z+Gni3RrvVri3kOq61Y3yxiCCEt59rYlcPNczrmMOpATrjNfmD+xF8UfAngH4y+JfGHxD1nT7DS5tJb+wF1P/SBd3V6oiuPMkOSsuPmYtkk988nyquHw7xLwlPFQnRwbhGriY39knOSUkrRbkopayTd2+VJ6te1kNLNcPleOzWtQxSxGIw8o4bCtSdeWi5ZqEnGUOaT929m0tD9tfC3wc8F6beS2uk6F4bvLOLSY30SytNOt43gUsBJO4MbMSx+fax68+oFD9pnwPZeH/gB46uYfCOixSyWmkRLdfY7RrlTLdoGKlY1aMc7cRsDgDg1W8Kftofsr6Bqt3fyfEXTIJ7+xit4oVtz5VsyZVoY3VSNu7BPADHnIJryj9qn9sr9n7xX8IfEnh3w543uNT1i/k0p4LW2t2McogvFnk+b5QFCcgY5xznNe/GPDtPLqko4rDPF1IVYwowtzSkvdppcy+J6WvrbW17s+NhDiivmeFU8FmKoxr4fnqOnU92KnCUtWrJRWr1elk339M8LfAHwB4n8ZeFv7R+H2haoR8JvD9xItzZRRWbXLxws4nhQASySZIaVicZJ4Py1/Pj+134T07wh+0j8SfDum6FZaBp9jfjydPtUC21us1uWKxheMEt8o5446dP2x8I/8FAf2evDd7DfrrXia/ubDwXo2k/ZbTTiWa4tbeNbiFCXXI3oyq3PT3Ir8W/2kvE9h8X/jR4z+JOiW+pw6Z4jvIpIINRjL3UcUcRjDyrzhyFJzkFcDjIrlxtfKnTpRwlaLxNPE1pVIwSSWHcaag02tffi7Ri+7s0j7XhDAZ5RzXEVcxpYmng3gqVOCxDag6ynzSlGM23zNaNpLTzOA+G2jX93rGl32n2F09rpfhTVYJr5LWR7aOaaVwiNMF2LI3VQW3c8Y5I/fH4E/s/2ek/CrwZcNoUUup6ppMGqajcm3HmztcxeZDvdSCVVW2pk4xk5JGK/Lb4NfGb4e/Dj9nrxx8MNdttTk8deJ2a70fUYtNR4olWQhYJ7o/PGhjP3VG0k9Afmr7n8B/wDBUL4beDfC3hXwzd/DrxHqd9ofhvTtNubiK52x3M1nAsMk8Sj/AJZuATgnjP8A316fD8sJQxkZYnMeSlUwilFwpzaoVpTlF0J2i3KUY2nePu2nvdM83i+lxDmCqYfA5bVUIY7kUnOnTVejClBwrRUpx911HKKV7tq6Vnc+fP8Agop4AvfBOieEpjamBPEviOwRo1BVxAsiqygbjiME72xxxyc4NeCfEf4OLoNhe+OLG0caNJbeF9PZtQR4nmvrzSvNkey3IFkhDHazq2Q3HTBHq37XX7WHhn9qTTfBDaD4V1Pw5D4V1xJrkahKbj7UHlVxHECBt+QlCP8AaK9cYp/HL9raw+K/gbSfhxF4Im0PQPDMWhLJNFLG1ze3mj2YtRcqVUOkcgJLAs33gM9DSx8cPXx2Kq0MwqT9l7KWDcaUo/WpS9nGtGTko+zp0oqzk0nJvlV3qetkeHznAZXk9CpgVzTr4l491akebDUeanKnUjaVpubt7sU1Zb2Vz4vgNzG76VaRiERXtuVit5gryPvBDbkJIdckqwJOcN2APuPib4janren6R4D1Pw/DY6hZX1jHpXjyJli1d3l2kWWozwoJLkGTYuT83GTyVrxOC1mm1ldRsYbm3sLyVZGmdMywxrtLGNi33lI6YyTg8EZHvvw3+Mfgf4b3M17qngAfEDXrbVPtlnqOt3INlCsaHykNoysBIj4ftgr75r57PcplingqmDoc2NhWg/rkG4zw8W4Nybi7uD2nFe7JK1tbn1VXEVKVPEVPq8sW40ealhYclP20paRhz1Pdgmndz05W20rnqGm+N9b+EPwy8QSfE+w1ew8cW2vSXXgOW3somh8QLPA4Et/IwaWW18thlpNq856Nmvirwxq/jH4g6rrHiLxFOy2U6vFNb2e23jX7RfRIFaFNqFRvCkDj65r0Hxn8TvE3xE8Wan4z8ULHqcd5NIbHR5LlPsGkW7kLFa2UGNkYhU7AVXOeeetYnh7VJbCLVGstHtra2aeNnQuZAw82OZcKAM5ZFZhyGDEY6V2ZBw7Uwbx+OzCnha+aY2opyq0YyjTjGLj7OEVLm2im5S93nlfTRJ8rm4YWCpUqlO8VKUJTlONObhFuEZ8vLKnCWkWkv5ra6fvx4Q+B3gWD4QixGg6VJDqHgRVu0+xxm5nn/s9pjM0jAuH37WJUgt7fKT/AD16LcXXw9+ImjalormWfSfGNzcWloqCUg2t1MqRlCc8jAHcBDySMH9FbT9v/wCM9npcOixeHPDQ0630oaT5n2FQzRm2NqHPzD94UOSx+Y8Acnj4kl8NNqXiKPxHMVtLoXF3qzRpARGbicyzlAoONjM/oGGDjoc/qGKq4OeFwMcClCrRptVpOCTU+WnZ81/e5Wnre6ezSdj4jJMFmuGxOaf2nKMqWJqKeHiq3tU1Jyc7p6qPK0rOys7dD92/2D/iCNf+HHijUbqz1G61LVvH2q311DDD8kUvlxeZtYJgBcAY64OfXH3O+v308120mj31pB+5YfaBIqPgglmQDB45yfmPbFfzWfCT9ov4w/CvQrjS/AeuxabY393eX1xay2ayq9zO2JZUYg/e2jaufTqMAerw/tr/ALSN05W98ceQny7UNmu0dD1xgDsDnB2gAc4r9AyfjPAYLLsJha9LEzq0aShKUacOVuNre9Kbau7u9l12e/xud8E5ji8wxWKw9TDQpVqrnTvUqX5Wo257R5VZbK+mib0sfpxql3olv+3B4Q1e4hhs518AXUUl3IjNyRxlWG7jBxwD68ZNetftT+P9H0H4D+O9X8N32n3199hubQm3i3XKT3wMJeLapc7BjK59Tjpn8GfEnxz+LHiHxtZ+LLrxrOniJtMls49XtogkkNuuT5agDaA245BA7dRiuc1L4rfFe9srmx1D4gajqGlXNzHLc2U217SdtxJ82M/ewck8EcEHOTnkq8cQjQzLC0sNK2Lq1qtOpopQ9tCMVGSi7aKLbabu993fpp8D1518qxdbEwtg6VCFamlOSl7CpzyUWkkoyTW63Tu9NfqH9hv4PSfF34j6v4l8daXeeLdA8KwQtJp88LHT57+ciS3hZW4C2r/vGixtLYyRnj9Qvj14Q0iysPhBev4WitIvD/xD0eS3xP8AZ1tYZpkiYRsWCRARqFJwqgAZ5AI/D/4ZfH34pfDTxBfWPgjxReaXb+JRFcX6WkA8m4liXCuF58vGQrEEZI54wBd+Mn7Qfx08a+GW07xF4r1a8sYdQjkitFdoQJVc+Xc+apBXGQVwSQRuHIDDysv4tyvKsonhFgqtbHTl7SdRQpOn7RTjKHvy5pcsUtFZtO/VnpZlwrmma5xTxMsVh6OBivZ06bc5VIU3TUZ+7yuLnJybtzJyVk7aH6oaJ4ah1nxb8d9U8K6fFoGp6hryytq0viyELJYWWJJ4lV3IJaNTsRG2k5FWfHPhvTfi58HX8K6xreny6FbeBPEMsKtf2d9qMWp2TXDb/MldWgeR0xheWGOfT+eq+8QfECzldbXxlrdrFdAPdx22oXcZlaThlnKyEynDYLcHGMcc1s32r+J9L8MCGLxbqy7WizbRXV0oka6bZIkpWT51dWbcCMljhhzuNT8Q41MNKl/Z8k6vtoSSqxjGXtmm9IxWzb3u21zJ7gvD6VLEUatPM4p0XRnGXsHzJ0Y04LlXtEndQ66Ly1R+nf7P3x88Q/CLS9D+HvxD8U6VbfDy9s5rnw3f27x3N9pzWim1FlqEancGm8ssrMNyhgR0wPYPip+158J9L+GXinUfBmuaZq3ipNPktLWwubh55Jbx2byrpYgqrEsRIcAc54ycZr8gJtKERs766dNVk8u3Zo5ZJVSItGDiNWchcHG8jjdkYzms0zWVzqQX+w7SO3kd/N2thZCjHcSe+MbueDgc5PPn5bx3m+HwbwUeWpS9nKnTq1HJ1aUZLli4zT2pt+65bJJPSx6eN4JyrFYxY6ftFUdSE61OCtRrSvFuTVpOPO1+8UJcru9tT6i/ZP8AHmiXfx+8M+OvjJ4ktH0y7s7691W4125N1ZrqOx47a1WKQkRwKm0Ii8DAGOQa+yf2wvF/7PPjrwbbah4J8ReFZNdtNSaD+wdBhSzN1ayoInkvjHtRowWLgMhz/e6EfjvdW0c0JuLGwiVF1cxISxxtK42AbgAuMBeOSCB83A7vwr4WTU7uQTm2t0iljbZsO+TPzBS24txgZ5wMA8V5+GzjFYjAYvLK1LD4lYqpKbxNeLnXhUag1KLlLTlteN3pd63WvfiskwyzDDZpQr18LLDUqdJYahaFCpCnracWlo7ttR7LzP0u/Yd+H3w1tNX8V6141i8JQ6faaZb2OjJqd9bxuTcQ+dNdWIZ1IkVyY2IORnp2r9MZfEnwpt9CsNJsPGPgjR7C1VXHm61EzKkb5MRj3k7XHykeuclgQD/Nt4v02XTtQ0lLPzFiJljdUu5kQEHPAWTDLkZwQBkZ4zxiWyXt08qlipt3wAbqd1JyCMZl44yT0xnnvj7TIOKpZHl1LL6WW4epOmpc9ZtRc3OUXeXLTu2rpLVqytdHy2dcIxz3H1Mwq5niKcaiXJShTTVFQUU4wbcbK6d3ZNtrtr9cf8FALfwp46+L/g+x+HWoeGtW0NZNIttUuNHut1tFf3mq2/niRw4XcQTJISMKMnOM1+69h4h+DXgz4a+F9A8Y+N/DunR6R4Y03Tp1+3QzrIsFkgMJiDyLL/FlCo7jHXH8t1y9xbpFJBDDG/8AasG543JaRlIwcljyOxyDz0zmuzu9ZupY7ye6aa6EUoKpPdzS546bWdgAASAOuM8HJFaZTxG8HXzfEVMFQrvMpJ+zlrSpJOV4WkpSnH3krNq9n0JzPhdYzD5ThY42vShl6k3UUbVKsm6d58y92Mly6SXNdvRaa+o/tR/AX9mT9pbx14jh+FskPgHxk8kv2LWJ7dbbwd4vuQZCEnRSI9PuLlyMTLkM5/usQPwk+Nf7N3jz4LeJr7QPE+h3Wl30RZoY3Qva31vk+XeabdKTDd28igOgRywDjjjNfsnptxJIu6O1gEM8ZkKB9jIwJwUfIZWHZh0PdhzXo2patovi/wAFy+Efi14ftvG/h8hodKv3Cf8ACTeFQcKtxpWoMpmMURwzQOSGClRgE4+GzLBOtXqYvBwoYd1JSqyw1KPJQd7PlhFaQb0V1deV3c+1y3GVMFSo4atOtiqMIxhGpUk54mCioe8qkuV1L21g3ddJbI/mpS3dXkWUbXBIZXXBJ55+bDBs9sDGcLkVYW+uYVeOT/SLUEK0DjcUXAJ2EnPTgAA8YyCTiv0d+Pv7H8/hyObxR4Ilfxj4LnjNx/bGlw51HRAwLGDWbGPMiNFkqZAH3MNwIGAPhC/8LahpKuskBu7VTxPEh3RjJ4kU42k/NkE5H8W3g14TnCXNTqwcK0d4VE1Z+7Zwdl8pJt9G9D6WFRTip0ZKdOS+KN7ReitKNk4uP2uq9bnCmFDm5siGRslotwLRsBgAE5GMDp/DgjGSat288hWNmDFj8vfnODggdMAdR0x9a0k02EP5sUhjwS7qByoGPkfJGRwTnHHcjmtMW+nTABZEiugRlSdqy4yecY68dOMHnrQq3LZSvJPrbVXtbm0d15r59GRKmprmioxldX1tu4pNJbdbq+juk73SzwWdE4BGScYJOScHdjkAADnHr2+WnrbMwOFX5c4YDdgk8bSD1yMEA/N03EA5siLZviZVjZztUgja/bcPUcDHAI5PBPNmGKSNRxJu2kLgY+YdG3c8gZyenBHpVqatpK70aWm9orXS2l/O7XdK8ezUnZtXTtZb62slrq++9rbW2wpbZ8SHBJCkZIABwckbfXuF7Y9Aa5+4tGV2OC2QpUlfl6AH6A4/DsT27mSIlDuBDAFj833t/wDCOQcnOSewx0J4x5oS7OdjsCFxwBg56+yjgsvc56rgjSFR3svLaz07vsr3M3TSvayV1rpotFa+ytps9fPRnHywlFyVBJGCo5OSQSSfQbs9BnODk5qkxJCEAFmGXCgAgLjHPIwMY7YHJPQDpZ7RgCcECTK8L8oUEjJ9RuBxgZPNY8lrMhZSvGARwQvTkjAJ5HHHAz9MbRqJ7tXut20rNLp59L6Xvt1Ti42cbt/LfTV+lrrz110RRMxJ+UuI9wboDvwcEg4yPfk5xyOBidpAybVYvv4BJ4UBRuB46AgAdAcj8KsqcsuQPLXcnyng+7Y74yCcnoOMgGMTnKoDsULkqeGJ9BjsTwW6nnIOcVpula7d9dtdE9LP8La+j0zc2m76PTVqysrO99u29m+nnSvdPSV2ZX/eqCVK5CYIHB5B6g9QCOw7VhCWeymBBdWQgFozlWPYehHXAPqTnOQOrd2IDEkKxwAORtAwcnHA6+3Hf7tQS20Uu4OFUE7Q2Bnle3UD5j6Z2jIA6HSnUaspe8m1o+rfLe/W3X566akv3rSi7SvFp31a2Xffppfo7dOcvoLbXYjHNFHFeANtuDgliRwrrj5lJIJGc9MmvKdV0aawle2niJJZgrRhijBicFTyAckFueDkAdh6zc6XPbsZbYuVXAYdcE5Ix3wT3z6jbjIrJnDTTD7agKquwB2BZQWwCpIOMEjbnOCAOnXppNRd6cm4O3u3bs3y6JO9ktvy8+evaaXPTtVUVeWjUlpv0trqkn09TxS4tWt03MCynOCQeOx46YB4JYnoeeK29F8SX+iSo0TGa2OBJbuN8UqnGVZW4HYZGGPHJxz02oaUux3tyJ49zja2MrkncSSCQRu3Z46c965G5sltpPmGQ5UfKCBg9x0559RyMcYUjvp1VJ2ad4rW72S63vt0Wjt1W9uKMJxkrN6NJ3aaSfJvp8Ld1poraNvR+mLo+j+L4XvtBmi07VwheTSpnVFnYDkxE8ZIyNpGMk5AIBHDyw3WlXZt7mGWyvIpAWVtyMrKeJI/ulgDg4U4x044FO3Mto0d5YTssqMCCrFZFZeNwGcja38PGQOvXd6NY+JtJ8S26aX4wiMV0oCWutxRqssLDG0zgYLpkZyTjCgt6100sXUpyvzScItaptSjbl923VLtuvWLTU8LCorpcsuXdNuEm3FaNrR+fxW38+48HfEJJlt9O8QOzLE8f2HW4TtuLeQfcLSL85VSBhskAg5B61+hnwn/AGhNQ0WG08P+NpTrWgt5aWGvRnzLiCM4WMSOM71UdQxBABBznn8ndX8N6p4dkW4yL7R5Sxg1G1Ikt5VJLASFDlH5OeRjnOMAV2ng34iXPh8CK4b+0NEdsTWUp3yQA4BePd0YDBGOATxgk19dlfEEk4xqT7KNRPZXV+Z20drK7t59z57F5WouUorlT1dO14v4Xe/R2dk1dPqlol/QRp8um63YxavpF1Df2E6ArNburlcgEK4Q7lbJw24Dn1GcMa2cAMwJQE+gJ64yCpHAxgk5AyRjHH5w/Cr4qah4aji1rwhqj6losgja80mV96hTxJE0JYmN0GMSrj0xjGf0E8AfErwr8RbFBYTpZauFR7rS7hgswYA5KbiC6E524APfkCv0HAZvzqDbvF2XMrNW0W999NdLWt3Pkcfl6fMoRafWLjrrZPpdfLRtPa1zpbKLdIoZxlF+X5TkjG7B55BIPQfjzXaabO8TxdNyEYYfeYc8D+8OwII5zkdjlPaFZMxryANyDgkkcD7q9eD3JzwNvNWYlZTvIHmIQBj5sqAOpBOemCcfXGPm+qoY2M4xTkua6el2rNxevrfRLpd6I+OxWCkm+eLWr2StuurT0Xfve+p9D/DjxFNp+t6YRJuRpmBgkIIMmCRwScbeSCRwDxgnB+mvFvi9pbe01jQrhLTULaaGMxLIdl26ZBjkVcAMG3bsgnHZifl+G/DTym/0eZTsf7WwJIxkqBx6Ek4OCRjHcHjqfFnijVNOtxbwb2VfENpJKF+QmIsPunPGTkDaCDkcHgjPEp4lzgrKyV2viastV1ur6b2tqldH2vB2eVOGsThMU5XpRqRc4bKcLq6s99E2lqdB4I+MFv428Q+K9N1VvsGo2evS28bMzKm+NU+aOUgbWJAyhJJ78dfprSvG9zboum6/Cb6xMXlresA7CI8IJASQydGJ3Mcg854r4C+HPh3xj4qj+JHiXQNOsriP/hOryKW2uVWO+hSO3gLzQMBl8AswOP4cHvX174NjttN023h1zUYdYtmULPFM4jvNOk2KXidSQzKjHGdzLgAcgZrycNgcTFSmk0o3cZq7hVi7WUota2d/eVnFrbqf3TlPipwVnmAwmHr1Kf1mFKlD2TtTrUZqEbSp1XbVLzs0rvuc7r3w/sNU+I2p6ppCoVutGQKoj/csWLbRlSdhxgcDI2hcjJU8td6Rc2EzWeowSiIsFZNgMkRwApDEHKZ7jqMEnkger6KP7N8e6pN4d1O31ewbSoHj06WYFghc7o1J3YYDjOM+/evQZ4/D3ipPJurY21yMK8M3yzRTDk+TIuVZSd3y46EYCnK11YDFVsFVlyynCSxE705p+zl70eaMXZJrdW0a31PX4u4eyfibC0KWKwscVh6mAwvLjIRhKtC9NNSqLd3um5J2fdH5t/GTwibnxN4EEUU7Rx3OqCN4wGIVrTJG0cEKDxx1HQZr7a+A/wCzJ4y8WeFoNU8Na5p3h02dsZ2k1G6Wzmmf7+HUgbRjIJbg8/KQcVy3jr4fXkfiLwZ9iVLy1TUL9be4T55Ymkgx5br/ABEgqMYwMYHU49k0yPxPo+l/ZJ9RvNKM8Qt2Ku8EM0SNjDog5JHBbgDnAyuD9HSzutiKc/ZyhRqJx5ue94r3bqK1W3XWz9Wfx34j+C2Y4HDqtlMFisFPmqQcIpz9mpJNOCfNeLTTsna1rHzR+1drc3hHwHqPgzxdPpGtzi/0rzbvSLpbpj5F4gfcwCg5cFiMEEDJINfYPgTVrXxD8P8ARLSHW9J06xTR9KRLa9gie6dDZxr/ABbR1yM+vIyRivg39rnwvp8PgX7ZZxvd3rXNityyRSSGRGu0LSNKS2Dv3YbJB9SRz694TRoPCmhxR3AJi0LT8RyjDofJTGMHACngE5yMZJyAfoMLhKmY1/YzxDjONCEuey1c5L3XrtbVaL06n815nk+LyfLcLUrUJQlLGVqbjKDioqCpOyi23qk721Xo9PGP2ofAkMOm6xbLdrdP/Z2rypNbQhAE8iRsHHWM/wAA7ZGR1FcZ+yL+zNefEX4F6PrGn6jZQyxQ6oRDJAssplhnYKrkByqtgAYAJOMnIre8deI7nUrTxHoutXE8ly2n6pFp9xIDsVBbSBU5X5gSABjOBjaAcg/bf/BOfRdT0L4JeGprG5hSGSbVRqai2aQbJLl1Bf5SDkPu3AZ+9kY4bz+KnjMrjg/ZSXto03TcnH44aWdtUvhbe27e619Lhd4avgcXKvCEoKrCXLJt8rsltpd2XM0+ltVZHwZ46+EHjvwWYYtQsILa2uIbkLcTwCO1kWNHUtE/V2b6Dk5x0r4K/Y28Dy+KPHvxR0mW/tLO5vfF01nbS3CgwrK0xUszHAARec5IwvqAK/oa/bX8I6rpvgzSdbsr62muJbm5SQXSKYBY3Ebt/o8eVJfkAgLkHgZ4A/FD9gr4da140+InxE0qwltrW6fxlfT/AGu5U24hSCWR2aMvgF2xsVNwOeBivMy7HV5UKGJrVVTqw53zSTcYuzTaT6+SvvZM9athKM8Li6dOkpU5qk+VNW1adm7q1tHZXafRWPXvjZ8L5fhhqvhfR77UtPvGunuJ7i4toi1vPbxEqJCAq/NhsADOT2POflL4+aToqftUfDKbw5ZQRxzfBpLgxIhCPcq8XnuVAJw7nkngZ4GOD93/ALdeoXtn4u8M6DNeW0l54c8MxQ3BtoowELKAHkaIsPOf5skn72MkdvgfWvEWkzftM/DHVdW1B5LS1+FNxY3SqoaTyzPCrCINgEogLKO5Ax6171SvWq4HKcXUnKdSWIcp8qtzcr91JbbKNk09X838fRoQji8xpRiowjQqJc2is1BPz0uk7W26WPRJ/Ees6dJGr2GlDYgjZSindlT37DbjLHk+wr53+JYn1v4mfBt5YoUabxPKB9nO1AzK/wA2BjgDn1LZJOTgfov8VPhX8EtR8F2/ib4W+Or7VvE80FpJfeENSjMNzumTdPPDKzELHGwKqnRvTAJr83PHmn3lh8R/g6JUmtDbeJpUkVnVmR1Vgx64LZLHHTHTg89FTGPGYKpUpyrRmq9FOlWi4yi41aWlpdLq6a9brU5sDhadDHUounCV6VdwqU5KVlKjLms0+yd0rK973W/23H8M7W48tblgjyxGRmaQnarN94Zxu/3RkjPoc15z+0f8J7HRvgj4w1BDMxis7ORGKOIn33MfAYgAHJ6YyeCOprr5vE1zYypKuti7WCRgtvKEZYyjKyiXaA2FIGcfLjOAM8V/2jvi74j8Y/BHxN4clu9FeyOn6eois7OOCYvDPFjdJgHAwpIySe5A4CzitmcqGJjHkVF0JOrJNXS5U7d3fS9n287xllLBxxuGlJtzWIo8sWtvejq7+r1s93qz9EP2d/2UtM8QfBb4ceJNSgRhfeC7C6iVGJk8z7MGjOMlmycA55GOcg5PjH7Q/wAFNO8JeDfFV2lolvPF4Z1qaRQpLfu7ZwAy4BXIxxyQSfev0M/Yz+N3gqw+Cvw60jxLfRxvpXgvSLVRKipHAwt1DFWXIfkqe5GMkADB8S/bs+IHhnxF4c8dweGvssq/8ITrCTyqSIiv2U5khOAFwSM9Ooxg5r87y3Ps4WYwoYmc5YdUnDld1HljG0NLpvS3d7vd3Pp8Zl2WunVlRpwjP6xFqaacm/awctL6WbskvXXY/nq/Z1t4pvhxpheNN76lfgllZiSLqbnP8IAwuB2OScA176dOhhkmjAQB1kJ2rkg7WIOeMdeQemcE814t+zpLKvw6s4VWNmgvJ5VYHJHn3MuQOMZDAk9Sc5PNe5TOklxcSSzurBXGzHZVyMYGD1Ix3BB65Nfq2U1+fLsJPqqSs3a60s032SStZL7j4jN8PbMcSr83766W1lJpttvrZ3/4dnnvwysRN8cLq3Vm3t4f0ULuXGzdfyDOc4zyc54xnBNf2M/CT4L+L7j4LeErPQ9dOjRXelR3C3EMAaTEsCkluect0JBxwCSD838hHwna2/4XZcTmWPYPD+jsTIwTAjv5CTtYAc9doOSRn3H9vnwR+I/gJfhT4GhfxVoqzQ+HbJZYReQqUdLZSVZSQQwAwBgkk+xNfmvFSVbA4elNtRlisVNtavmjJJWvonaTeuttrs+tw0p4epCrGKb+qYWCUldJckJbPzs9U7O9rJn5H+N/2Qtff47/AArs/FPxW8WXmoeJbvxLa28iSyRiwgjty7eSVYkRurbSAMAYGTxX21pX/BODwHB5EuqeOPFuoPEoJZL2eEsxJJJLSMGJBJyQDjHAOM/F37RH7cXgbRP2qfg9p80FzqFp4b1XxQs95o0Ul3cXai1WP7LbW6qu52C8sCVAO4Enp9323/BQP4fXmmx3On+CPGxJthJGl7pj224BcHcWbnIAORnnAr8/w+Ep1ZN4ylVkrWptxnqtN+S+t11s7WstUfR4jFY+NOg8NKNNTinNR9nGzUkr3l7yTTd9bLd3skeGftG/sa/CDwJ4Z+H97bxaxqV7cfFDwpbyzajqU8yPBcajBHNF5e4LhoyV4DHHfufsqX9l/wCDimSNfCOnBA4KCR7mXgnoVabPByDg4BAAHevzJ/bJ/b+tr/wf8PP7M+HerxGP4q+FisuoTrBA80N/DJFCrMCUMzKEY4IAfnjGfpzwX+2V8XvGGrTaefhN4b0yKKRmkuLzxbaRqsSxeZFu3lctIBsBPG4kA5BypYPDxxNaFPCzlRjClKPuN8rcXz35mmndqz1u1s+rlUzF4PD1pYtRnKrWT/fRjJ2lSUYpJ2kl71rXspats+H/APgqn8KPAvw68H6JdeGtD0nTWvLTWluRaQvHJPCumybRJIXYnDEHZtHynnnC1+AfwL0e31X4S+Fru02xu91rZkQMVAjTUJQQcAcFVyAfUHAOMfrJ/wAFMP2hvGPxM1M+GfEOk6Z4Ubw7ZazmLTtVtNTtbyCTSpWV5plkAjdvuKAGLMc5B6fl5+y+dLl+Dvh1r3xBpWlRA64JEu762hnVjfy4JiZ1YqeNvy/OD1I5H6VwpOWEhh3Z0YypVNJKzgnUi0n2utWnrZ27HzPEVOtisBJa1qkalJTcZczk7PmtNPVLa3W9lseraNpdlBqQ8l4wv/CO6+2OTiT+z5wwaTPHUn5s9SVODXyJ+xjp6Xfg/wAZlZkjz451sYD4ztuZupxgZAyeGPUelfZ9z4o8D6XCbSbxF4fkht/DXiEzajDqFvHJNczWEwghWMOSxO5VI6MSqrggCvgz9i/xl4P0Twh4ij13xV4a0Z5PHmqzy2mq3qR3LwNdOY5ETJYpInKdScnivqo5hJ5pCoprlWEqxi7vlk/dejXdv7V1fSx8pDAVVkWJoeznz1MbQlytSuo7O2juo2015fzf6PQ+ANSbRjq76XdCxMMgW/cAQyMi7Skb8BiuQcjIYr/EMZsfsS+BvDPxF/4KGP4Y8WWIvdDh+C97I8Nw2YUuDPGqSTqQxfaWDYPU5wcZrE1D9pj4NW+hTeGb34paTcWiM5sbe3v/ANzayMhyHCqTsVzhTngYBwK8z/ZT/a3+AfwE/bG8VfFHxl42sptBPw3h0rSbu2R7o398Z4JWtjEql44nVSCwBUk/MBk18/n+KzDGZVXpxi/aupGNFU3JtpS0tyu+3bTXtt6OSZfRw2LU1FqKw0lNSV7tqKata8nu7K910P0s/aO04/CP4gah4X+HkfhjWPDmmwxLby3HhyAxQarOjzSwyOXx+7UFTvGG49hXqnxd8G/FDX/+CdnxI+J3/Ca+F7fw/qHh22j1HwjpHhO2s2mkstVtI0AvY3DtKHIy+TyOOhNfkH+0J/wUH+HXxF8ZeKtS8P61p1lo+sa4b+wjhSeVxCysnzgRp5e0MdqdAoAI9fQNV/4KkfBzQP2OvG37Pl54n1vX/EOv6fZppFx/Zs0WjafM+q2l5LBOWGzEUUbRqc/vGIznOT8bPKcVTw+DqVITnXVlWu25xbS92d+bS6V1Z63b1bPapzTr1acFaDnFwXLyxautI6Jt69dbJXbOP8XTfG/w/wCGPDl38ULSe10vVdMsm8LG7d4lutLigC28kcIwmApG0liQexJyPnHxzqEd54B8VGRgZZNGnGdu5AFkQjJKkYAyByck4yBk19JftQ/8FFPgd8efhx8KfCOg3cVjP4G0fTdN1C7m0iS0mMlrbJHIsLbWM0ZZSQQRkHtkEfAvin40/C258GeIbCy1vVLma50eeCHytLmeJ5i4yhcgbR0ySRjgkYzX7Rw5iKVLJXKfssPWlCcZUmuVtx05lF2upRtdu12/O58TmGBrzzaNoVKlOM4SjLl0i21dK9krNr9DvPgrqUkHiH4dxQhXWO+0OfoQCqzoC33RwAfy/wBknP7dfttfBTwZ438RfDbW7iS9GtX/AMP5Yo/sbgMLqC2j+zLIFwWi3Pzz6EYywr+eH4e/FfwxoWpeFdTsbnVjHYx6RDctLpUzRxFJ1dsAEbs7QAQG4Ixk4r9Yv2mP20fD3iPxH8GntYNd0/UdP0byU05rKbS/tK3a29rbsksyhbjcCTsyCqncVHUfmPHkMRHiHKMZgq3s28BWi60XJezl7jSTjqm9mr7PVH6LktFVMlx2Gr05VFHERapvRNNLVNStZWT+bttc/Qfxp+yb4A+G37Efwu1GK4tpvFepXVvf6lq0Msa6iWvpX3WLWcTszpAqD96Suwn5h1B/Lr4l+E7Gy0C/v4N9zNAIVtiDumkZsoQqkglznBGOSTwecfrj4K/ZUufHHws0LUrP4565p1/czjUbjw5rkz362drPbrcLbW1uXaNYjvZQqZwOuCcr8w658FdR0j4q/Bvwar6P48bxD47C29hKj6ckkWnS7poNQUqwa2bJ3EZDdgCCKw4K46jgMLjcNmE61fESq1pL2qqNNu93GUvdteLajdWurK1j5PPuFHi8ZRr4aMYUYqPNyws4q+l1r8KduZq2192fnX+zr4Cn8U6bPpEsdxG2k65qkTxSQkGNkRJ/njwGUkSDKkc/eHc0v7R3hV/C/gPxMBjbIttGjeUVAcNgINw4YMAe7HLH5gK/an4S/B/Svhv8W/j1beKPhT4gkOreK4dUs/8AhEnXVbTw9a3KxxTogAURxOEI2gcqvK4Nc/8AtwfDH4GeOPgR4h0XwVqFtpPjmaewlsLHxTp82l300sU4aaKORkIZpuYo13MSw4FfRw8Q8PUnTw0MPWXOowlO+kZS5b3tezs7Xe3axwz4OrLFLFqtCdqkajim23G0dFpK0tbvXprax+Nvwj0bxJqug+H0jsr6eNNIgQeVCzoSyfLnjaMArnBGFGc9a9w8R+BdR0nwfqdxqMQgf7XpRRJMpuEtyo+UEZJycMRyMg8DgfePwn8D+E/Afh7wlostvNDqFl4RtYNXjmhlWH+2WtwzYmePY6lWQq27Pl454AHz1+0XfE+G7yG3ZYrdNd0eACQoQxF7u2qw5VQGAHHIXnjFfSV+LK2MoKjSnCMFGMObmV2rQT6X1t3Wt9bHzEOHFhcy+s14zqSniZOnHortNO7su7erSs3dnFazo8Z0pS4ZUENiAo3GI/uY88AEHJJPoeSRkNXLa74f06XQdViFpFvXwxq8jSogLf8AHpI25twb5e7DnOTjjdXt2uvE2hQ2zRR7zFp7GUskZLeTFyAwBKnHJycgnpmuY8ZwW1v4a1RYtsbHwtrKyOgBLZ09+CQmSRn7nXGcZLVwLPq8Kc/3k0vZ8r97eLtfummt1fpbTY64ZdF4mlKMVf20JdLazi+X1T/zSufxW+JrGKXxT4mBt1Zk17XBGFXIAXUJlDY46LnKjoB1zzX1r8Jfhrb3/hW81OaMwzHQnu4JgjKFNs5chVXBZmUdRn5TgA816x+zb+yHJ+0Z8bNM8NWJ1BYfEfjLWNIu7wwXC6Rps0l5K0Uuo6gE8mFZHYbYmO5+B/ERX9KPxC/4JNeCP2ef2UPiL4217xodV8c+BfBWpJYafZWS2enxSFpFSOUFiLpZE27ZjgkHdg9B+IZvx3kmV5nSy2pXVXG1qkV7KHvezdSajBza0im3ZX0fRM/dsFk2J9nRnU5aSnCPJdO80owbSVtvuvbS1z5L/wCCfnh/S4/2W720ntlle91XUpjPICCN1tKASxOQNxIAyCeec7a/I3xXo9vb+K/H32wBo7DxRqQTA5QPJJGhBXB+V8MMe3J7/sZ+wo5m/ZjlMoMedWeIKg4+dF3HjB5djtABwK/L/wAeaG48U/Fu3SIMDrl3Kk5G4IElZi3fOV6jp37ZP22W49SqudX3acoxs23bVpJO22zV73ta+uhnjsPKVGEItynGbt1T01S3fR22snfU+atHvpo9V8N6feSFYItUle2uWO0sruQm7PX5u5PP3cnvt+IJvI8TeI1Vi4CwEE9Mbkw3UEYJz93nOOvNYupWQlbR5sAG3uS0Uqkn5fPC56EAgdTnnBP1hvtRa41jXYLxgZxBbiKXOBKqbflJwB5gAOOMnHTk173PGE1yyUlKzTvotm46P5rz23ueVCMtk7yTi3d7u0dHa9nprprrqnY9Fv5mxp74AUzWgHGSS1vt65PAB6ZzjBx3rwH46r/xStt5WA0dzMh2k5OJdwzkAHkKc8Z5zkYFe4X9yY7bRy6qqtNZjk/NxDgksMblIPUZ9O1eGfHVVTwxG7F03anIUHZkLEMF/i7jAJzjHcNWNaqpU7b766JpqWjfZ6L5b7Gkabak32bXSzTjZvzult2t008o0HVbJNNsFmSYTNHIu6PGQWG3cSc454JwACfmOSSP1a+Ff/BR3w14I+DXh34VW/w98bR3Ok2s+kX+saYLbyL7z8F7mzlltmaOXGd3zsOQMhTx+NelaroUW1bu7ugEQKNsZcI2CX4JHPXHp1JyTj2nSfil4ItdHs9LvtP1a/FmXaOS3xBE7N8ysy/fYkn7284XggdvhOOODMl47wGBwOdRqSo4HFRxVD2eInQca6pumpz9nJKUeWcrKas7JpXPpuFs/wAZw3i62KwcaKnXpRpVPbUoVeaKlGSST+F7NTSTauvX9qrb9vj4SweGbHTG8FfHi6CWSmWGTX7W3iaYgsXjVbbKjec7V24GMA5rnfEH/BRjwLqHhW58Or8IvirdpcpHBGdb8Zyz25WFxtC2yoiqGCruIIAJzycZ/HeT4u+GwUEPh3UZFBOBLduMjI2dWGGOSMYXrkZPWP8A4XJpinCeD3cAk5lvGIUDuMk4HI5GD1O4YBP5lgPo9cBUsbSxletmVWrh8RTxFFVMXUnCNSnOM4tLk0UWlunfW7tqvtcZ4tZ7OjKhQoYKlCpTlCTVFNvmjyyk023ZpvTo/LRfuD4V/wCCoulaRJoj6b+z1qN1J4et7eOwF54iYiFoF2n94IwzI5Hyg7gDgEErXp2t/wDBZHxbrHg/xF4W079mrS7Q69ay29xqTeInS4gEhQmVWCKRIqjaMdD7Yx/P3F8dJYSBbeEbZACNubr2P3hj5sY9s4PQc0k3x214/JD4Z02HecHMytu9gMgggNgk9SAcg1+lrw64LVSVaWHr1aslHmlOrWnd3jayvy/dZ3Wy1PgqvFXEFSCgsRRhTg+anCFGEVF+619ne6dru2m1j9rNQ/4Kv/G8+HtM8P6Z8GPDKWWkWy21vLqevS3kjtsMbTyAqSWIPcnjGBjp474B/bq+Mfw9hv28OfDbwPJJqmu3WvzS6leGV1u78g3McY2ACEHhV5GFGTmvyfuvjZ4ymUQx6HpSpuy27G4FQMHPHTvkDIGcAUL8YvHJVWi03SoyijB2qcYBweeRwCTjd799tUfDrgGjTq0FlN6GJlGeIi5V2qs4vmg3ed/dcpNJbu/RprOfF3Fcpwm8yd4K0eWEFbmSWjULJaO19/mfthJ/wU8/aiKCKH4f/ChIsTSIk1skwR5Fbkq3XG4lQO/415l4f/b1/aw8N6cdM8Nad4A0+GbUr3VJmTS0kaO6vnZpET51xADnaoGPlBHcH8pR8Z/iJJnfFpEYA4BjxzyCcYPfHPTIGcfwifF34lsUdZbCJTkApHgBenB4BAyfmORnj0aj/iHnh7D3I5BRlCbg3GaqTUnTScZe9N2acnZ2er1VrN5z4s4unrHNaqsnzSTjFpNLRSUdNu67dD9Vtd/bm/bD1g28s994AkeLzfLVtHjfyPMRg/loZAob72GIwpAPfnE8Mftp/ti+GNKstJ0fxH4C0/T7Ca5lt4p/D8c1wklzNJPN5r5+cGZ2ZRgjB77ePzBPxM+I07tIdWtFJBbJj3DnAGOvQHjOMcj0FVYviL8SUkMcmuWjHJJJh3bV3fxHIOQGG0EEEnAzg13U+CeBoUnR/wBXcKqU5RqSg8PGUZSirRbTbu0nJefdama4i4nk1Keb4hyS5Yy9q+ZL3W0ra7rRr5aar9U5v23v21Z7uS6b4keEYmkcORa+F40iO3oD85HDLnpk9Oeg4vxl+1F+1145tZLDxR8RtO1LTXurW7extdBiht/tVpIJbad1DjLRSLkE/wAQx8xPH5zn4g/EVmYHX4EUtgFIhjBySAx69znJB4PAFUJfGvxFJZh4kmRS4BMSAD17DPHTp2AHPFXR4Q4Fw041cPwzgYVItSU1hKSlF3STTautVpfb5azUz7iKteFTOMY4PSSlXm1o46NXSaXn1ex+oVr+19+2tbOZbT4wS2zfZ4rdRbaLAhWGJAkaj5gTsVcDOdyjnrzZb9sX9t6ZJRN8ddWQXIVZ9mlWy7lXleGBG/8AhLD5gO5GK/K1vFnjx13nxffBWzlYsg7cDA7cHHttIx1ORWPiLxhIjeb4v1TcPm2LI28cnCj5upBxznn64ro/1Z4Q5lOPDWAUtWpPCUVJt8t9XG7vr1v0vbeVm+dtKP8Aa+NSUdEq0+W3u2Ss7WXkn89j9GYfjd+0xa3N3PbfGrxTbTXtz9tu57XyYi905IeRW5O47juUHaMgAErtFTUPjP8AtC3qRnVvjZ47vmtZZJIZDdwRzxO7HAEqoJsA/dBYgYJwa/OGTU/FMhcP4m1tm6lRK44zkEncOeSfTnJ9RWWbWpd7ya/rUmQxZHuHGeueNw+6RxjOT0z81ddPJ+HKTbpcO5fBSSTccNQjzJWsnaHvR02k2r66mU8xzapZ1M1x07NSivbVVZ2jsuz1tv5aI/QiT4lfGq5tmik+OHxFbMjuUn8UGELJJnLMVIO1sjCk9N2T2HJ3OpeKb6aSfxF8SPE13qdyqwtqT+LZ0n8odI2lScN5YA4HTjA+avhlre9nb95qWqvHsywa7kyc/wCyXXIxyByMHbxgVCNPV/vX90xByFeeTI6dcPj6cg44GCRjelgclouPssiwMLR5Xy0aEW1eKs37PbvundXe9l7fG1fizDFyTafvVZtX01u+vZeWmmp93Na6NsH2nxzrjTIVLSP401AlyPU/aRjqTnC9+xINO4tvB87N9o8ZSrN8p80+Kr9d4HADj7Qu44ByW3dwcA4r4kTToQWRrxueSzyyKCAeCMuenP8ADnHUAAZkXT7IKZWu0cZxtDux3DjGdw45GBjnPDEEAaujgLS5MtwlNbWcKcU0nHe0eny77mLhWkm5YmvK7teU3otN73d3b7tX1PtuK3+GVwyWuo+Jbd0iG4vc+KtReNyD6PMyjJ7nHXBA+XGnJJ8E1g+zufCUu4/NcTeIr6R1ZcDdgyfMM/McNkEbTyePhBbKwBxJcRgbSQG68no248cnk9fbGKcYNKU7DcW6EYIJUEncDjgkdTxx17jJJrVSw0VFRwuDhZaNRg7P3brRadE1vpqmRGjUdv31Ru8dHU7tW/J6ta321ufac03wdiRDJrHg4LFNuRY3mu3Vev3mfLAdMk9xzyck+v8AwXYuP7d0FA0YDeTp3mbQw5ZcsSWxnAbJBGSOBj4rUaSEObmH5M5JRckHqclTk9gSc4z0IBqVbjRgpJuYcjk/IvGOxyR9G6ZHPAzhrEUoRsqOGXK00+VX05Vp5eS16IHRqO3v1Jdfjb6xfzWjaW7+Wv2pB4u+C1pBHb/8JLaOUBIkTRYyxBLHYBgkgdQTjrk+7F+I3watXYnXp7hioCqmiRhT6DAHY9GxgcYBwFr4zGo6Nu/4+IflGQBCuM5wNuB6eoBOcdqV9a0ZVJeVWAAK+XEq5IxjdtA79wVBBxx1DWYNOKjDDJK1rR16bPRp6eXy1vi8G5NXnUfk5NpfC3u9+qbt6aXX2pF8W/gzbxgNcarLJhiRHpkeMngNwDg5IyCBgjqKov8AGn4SqrhbTW5XzkMunouWbnsMAMAMnoMAKAc18aya7o5XIaQjO3IQHggjsOvB24OcZHGKhHiDSgrANNvJ3YC87ecYzjAI2n1+U8YHNPMqnLb9wlZact7Jted9nfZX7O9iY4OEZf8ALx3S15m9U49b769NGtr3sfZMXxv+GEUxaHQdblGwYDW4QMwOScDB9sHBHQAg7ilz8efAIBEfhPULhgRtMykEdRjG7GDyecH154Pxf/wkVgG+9KSQQDkfMOw+6OxJ9PxGaVvEFlsLKkhYHhiF4weQByNp4yAQcdeBT/tCdkuagtN1B3+za66Lpr302NfqkNHaSu/5prblWyT0sk93p57fW83x28HMCU8FTB9x5dyoxg9RnGMHIBB5x9aij+OnhhIWCeBYt5cNuaTJx1zjHXpnjPcHPNfH8viC3JLRxk8gEFlI3Y54z146dcZwKRfEQIHlQAKR74LEcZY57fnyA2ekLHVI+8pwbatdQV94tPVLte67W1vo1h4pt8vTTWV9LN3bt0367W05WfYFx8dNBAR4fBMBJT5tzY5yeAQTgepPKkkAcGoX+PFmyEQeCLMFwNocqMcjODgZx0yAccepr5Si1rc2fLTHAKb8nJ5PJ65+8Mk9DgcVei1QFgPKAUg5DMDn1PQkEenbp9I/tGrHaUOlrQi3tFL4la2mt7vr3KVGFu21rybf2ddb2t333tdO59Nf8L4n24h8JafG5JRU3xkHb3wVHA6kkjuOTikPx21c7FTw7o8XLEbkjYjByNowemNw54P8K188LeRkIyxjceACOWyTuwxbA2jPQc8AnnNXUnD4BhVZCTg5J4B7cZHUDGWOc8k5y45vilf34xTd7ci1+HS6XWzT0Xk7Oxf1WLsnFXa01k21dKy100snt5tXPbT8cPEjnbHpujKqnnNuh5PG3KnnAzg+nIGCKoS/GnxUGLLa6MpUtjFouApOBknPXjcTwCM9q8pRxsz5Q3KeingkHJZRzz6nt6EDiURhkddqtuBOeFx14HGcdOOMEk884ylm2JenttO6SVttElrve7s/QpYWy0jF3abj0eq3u7rq7Wv2dnr6cPjR41LBk/smHg8rZodvIwRgjgYyD7ADnBqtcfGLx7MUaTVbdEXIUQ2irkZBBXPOACP5FTgGuBS3lf7yKAiMQuNu7uoAPYjJxn9cmtCG1YqDJEu1UBQsMMCCDwOc9eT6ZB6Cs/7Uq2fNUlK9t7pX91Wtr2SSSu/nYPqd3pCOjTva9naOluqVtbP87HRj4rfEKTd/xPpYlJG1UtgufcAg/MMdBjB9hVc/EX4iyOzf8JTqY3H5UjUqDkcnGDjGAcn+73yBUK2ClVfy1MhUlUQDJ3H5VIzkAA8jnJI6HFTpZlULbFB/hGCCv/AsHnpzzkHPesY5s1ypSdlqtZd13SStvrb3XqUsEtm4JX/lWr012Vrb9b6au5Tfxl8QZD5jeK9ZK5LMBKRhW5wpA6ckZweTnvmq8nibx3PGWk8TawUwCA10+48ZGeAcc9gAc9wM1pm3JVwAVQAbkb5iCMnrjAGcEHtjPXgte0IUFUcCMAuBjnAICk9MZ4BODjOTxVf2rN3tKSdor4ndtuLXW1nZPTR9GrjWDgmryfm0rXenpdW9OhgvqniyVQ8niHViSpZgbuUNkEE5C8+uRkAc1S+367KxL67q74wXzdS4HXJU8Yx05575Irp3swNuck/McIdx3Z4G0jBx069OQATmlS0O18xAKOGPALH5huC44OMgZ7ZxzzSeYzfJrPRrVSdnazWqvv18muhSwsGnotHb4U3pZ300t89dbnJldXbLNquoOGOTm7lbCjKjOWwQBj6YIxUMkF2d0kt9euehBuZSwxnBzkjnr0I6YFdibLczAqQsYGFPVl7njO0cH34PoKbLZ4bKKxAb5zgBBx8qnIwQeRgA98noAnmE3vKeiV7yb7dNX01vvq+rThYWnGSvbVxXw6XSVnotk/lr0e/FC1kMYDz3LlgFy08rCMHklstjjrn0yPahbGV3ZS0nyhSu6Rz5nHXBfdjjnJxk+mTXYmzyWzCQrgdCApGcs2QOFA+nUjp0VNOLFsgxgjhjuI2A8HAAIzgDpnOPc0o42Ss+ad+msrrWLW76NNtP0Vlvp9Wi2tdGlfRdlde8um3Td6I4/wDs4s5YAKhODnOSVAyCxYr6dAeME85qwNMEiuvyqVB2kDhiGIxyDgAgYOO3XLbq6k6WXTMfVAWcN3OD1HcY4znn+KkSzlRVUK6sMqGZTgM38J4xhQD0/wB0ZzVSxs5O6m7PV2slvG63VrW2vf7lcWFhFWaTV1y2srJWtsumj69rs5ldKOVH3yCMHaGAUjA6jIIOchs5HX1pTohLOr5KgHDADBIzjjHPUZ4GR1FdZHbPC53fvB3yNoLbeCTyTlunseQQMVN5TOCSpDnJOTgEMCMenccgnHXnHMLGVZWak97LVvR2td32vpq/uS0aw1NWTjZJKzTdn8O6Sst72u9jiDpKRkqweQlQeuQpOSScr/CeynHrnJNC6VEhYbssQQGA4X3I7deC3sB1rshaHcSFZxIdm4kKpOcdcEcDBA/LqTUT2c3+tRSQ3y/KCeARht3PB6kYJPTjGKIYqSekrtdG5N62TXlv8uncp4an7tlH0u3069L379WcqthFCSpBf5flYDd1HBIJ6qOvOTyOMcSiwi28uN4UsQFIJwC2QCD7E5PJOMHrXSpZzKT8hIfClgAqkHqTkg4wMYxg56DAFOawnAMiJhSwUfLkEfxZ56A/e+p5HWq+tytHVKzk0r6/Zd769rPqtnZ6Gbw8V8KWnRq2rs2292976dWtJb801lHsRsksxAGwEYGc/MMZ4zjJyccdc5Q2MSMxbbKvAGAdwL4JI4xxnBHX04HPT/YZ4yQVZs7flGMKH5ypxwRu+hPPYilOnOxHzbSDjaQxAx7HjJ6EjIPGMHNaQxdRPmu200333VnZtN67Lo+1kZujF2vTi/e32d/ds9e99FLXppqc1/Z8BZmKfdAOwgcYJ7tkMQRyBjoc44JUafCxBESKQAxG8dOxA7k5x0GOQMc56j+z5Wd0LKpCruO3qSOmSOp9vfp0KNpbMVUlY8KDsHfGSDnnBJGSA2B81NY2ae6821rd2dr81lrb7rrbUlhGtXCOrT+G1tleyb7rXRLe7OUazUcmEIoAQJnBBJLbsdj7Dg7uhNItmjScwpjDAMcNlhxzkYPGSD2O4DPGew/sySVcCQsRlmG3oONo56ggdgSMDk8ULprKGKRSMdygBuOecnnjB75wMAgeoax00kr6uWt7JWvH/ht2/NXEsPZtOMbtLXlWjjyO+m9nrZN32Vnc5OO18o52qCFyWBOCpJwCAOM9c5JPtmrkke4ZTaowu4bd2f8AbXsAOMnAY54PHPX22kmdo42hDmRhs2MAScEAAEDgHGRk9cfS3c+G7y1m8maFV2qpGQck4BCke4HynkHnODzSeOTlaUne6su+yTd+idvPXoHsXypximm0n7tmvdjbffvfbdXtY872MTtEf3jkqMEex29cAY688fUiSK3kBwiEgqcDAxg8kn0IBAyOecnGDnsDpoRyxiQnbgnkfNxlRxkHnPbGDnrmpF03aS4UnjgLuzwCeuT93qSSc88cYq3jHLTe3XWOtlp56b26v0uKhd3uk1a65Wmk+V7Wvrvunp1tZcsIAoYKAvII2jJJ9D14/vc85+lOSPcCzI2QT1wC2D2wfl9SPTnrnHXxWBxiOIhWJJL4OSSeDwcZ9f6Ypz6RwR5JQEKcqAWOD14AOMjnp2yMYrNYmbW7durutfd6vS+lut9LvRIl0ZXS1aavdxlbaOt73sr66ffZHHNa/K7BSrkrhQF3FSfvcHAOCSeMnB5A5KJBjLtv3bt2P4iqkH5QO2euDnkjBB57dNNTBCxjcx5LHj5MMCpGTuLH2IzjJFSyaYsYQpCofbwqsDvznJHuAcHocDGccClip2cbu+j5m1tpp2t6Wfm9Bqi2tr3tun2Tffo9Hpdt9FY4+OBsE7RuLq6nHzHDEY2nIbvngDn3BCpbZV3YnfvOGGVGQR8oA6McjPqMYPU12aaduRikSoVYBgcMcDHI7KM9SMHjvVtNGjkAAiUEkt8xxnaMnb6jg56DHXIoliG/tS1s7rvpbpddtl2XlXsZNLopdUnH+VXT+5XemyucL9kVj9xgpBDMwIJZlG0sdoHbG3BxkDJGSA2qB0X51CAFirEjBJIGeeSB83PGcD0HoR0oFf8AVFscPtIKKcjliQeSMZ6kZ4ycVCNKLFt0QwCBg5yR2Oe6+nPG3B6VHt72vNq1r280nso27d3Zve5SoNW+J+VpaWSf5avfTayZ5+9pLnejEKh4TBL4bIDKD3GAMex7VA1pIN5KtvBDA5KkLgYx15znk/j1r0hNPVg26JQYyFBBB3AHBIUDjAHqThSO/NeTSllD7ScAjC4yxB3HPfg44HB92PBPavdyaXuvR63VrXvr2XkreoOlra0tLaO+rVnq7Xv+XZ2Z5u9q4BcbgSoyCeWbg5PoTyRwCV4ODhaPss77YxuDOMcnOVAzkcDrwMcZwScEc+hHSoD8/l7yNo2scFuNucY65xwQeR94E4qKTSSSTCgUJtyeSRnHyqAByO/T06kCqdVRVud6pWd9Ffl22T27dE32Uqn12v8AJq3LpsvPTXpfQ8/SymKtwSVwoDLnqeozx2yQfcDpT1spS6jY5IIUsSAFH3uQMHpwQSOM4x0PbrpbqZIkQqzkkbj1Hdscc84YEZ45Ho/+yivzKHLIp3AZO7JzuLHjOcc4POckcZz57bTbT0tpo7q9kkk76PbbzGoK2vNfr+D27Ly630ucKbGUyEOh8tz85VQGIXsDnnocjjHXjHEL6Y0IYhmAkJaNAvzcDldxycdTjjpgHkV339kyBC78llG0gZZCOGwVAIJyD65OBjhadPpvloruDIVQMDjlT2AwOMck4Yjtg84l1HJfE/Je71tt2fZ9He7QKlF781lZ36Ju1/NXtd6N3v1OA+ySYCpHzjbtHPPJy3GcdcHvnoOMtkspwqSYc7kYDC/dwcY64Axnt9C2047qPTGOG6eYWK7SdwJyCCAoJPQdRxjg5IqZdLdiTISSNqbQSOON3zZznjBxgA8dcio51yta69PNNa3tfzS01vuaKlBe7dt7t30to7XV76Ju636Jt2OBFg+xkyyttUsuOWJIy2cYO7OQeN2QenNMXTywcsBliCvGD8p5HHHvn36jIr0620pFkkZUbPyqA/8AEQMYGSTgDkttHJHJxikfSnZpBGijyzuBY8hjn5VyvbBwQct6eq9vZ2v/AHrN8za0va+j6WWy9GCpd4/rdWTurPrfRLe33eaLpxYMREXJ+UYDA8cZx3PQHJ6juRwDTGJYSKTyFQkdcEdQOnfGMZ9jk16imkvIqfuwuBy2SAxbtgDG7pyM5/hA6tbXQmDoyRHdvJEnJJPHAGMHHpjGTxjkVDxFno0lor7WSt9+tt9b220KVGN3pK6tZtOz5mrWte6tfqul+55UNJKK7mMFmxkhTuXaTjI6898nGcZPGKUaM7M5fIVF4JG48jjIHzKwbGCMgHqSSBXrZ0W8cv8AuGAR8u3lnL5PGQuMZOQcdOcEZNWv+EbfYJfKIfbl0HJ6ZUE4yD6YA28DHORk8S7pXV3ZrXTaLs7fO3vaq3cpYeLStGVnq+mr5b20fa7fMrL7zyFNGwMtEsgb5VGAXLc9QAWORg4I5x3AoOiOTI5tzsCgcDBUkEY256+mBgA4HTA9b/4R5kZJPJlDHc+VQsAQOBgcAAD2OSAoNaMfha4nQyrG/wC8UEpgZGMcFcDdu9cZJIBBJJrOWJ63i+9mtGrLS6vZ7Wb3td32cMJbo9r9LPRX1s33s782nzfh6+H96hs5IUllx3ORtbnHvna2PoMFw0IIq+bGAGyBsOUDHPzFSDyAB1z2ya9tk8K3SrujgaMOPmG0OyqB97HTB6n26H0kj8H3DxRuVKsASzNgEgkkAJxwWbcOT24IBrL61J3s+nLokuiTe921pptffY1jhW1pC3X5Plez1fTrbXVPW/iaaNHbsTgMCNq4G0jjOUPGXJJ6gk/Wsu90aIsJCu1PNBZSGDLtA5YnPUZJGAOCDkgke/jwZMz5CMdnzsrAfKyr91SGGCQBk9QM85qjf+DTLA7yR7Ry5i3LgqATg/MAA2MHJBGeBnFOOMatpJpPVNWV9LPv2bXa2u17/s+pK3uJ2WqV7a2ett7673026HzVqWmofmt8hGcq2OgxyBjjgYIOMgk4OBgVzFxZOZCuCBkL90lQ2CeoHAAGPvc8quCa+jdQ8LQfZYpAYoWyZCDMnyYG4oVBw2RkD14yCOBwF9pUYkkVhEMAOreapw38WOuSeQMjIGCOK9XDYttJNO10n7rVldar4XbXfXR20e/PUwLg9orbTotEtG7NXenVa29fJxYyeYQfmPIVcgLkEHOCemBjHfqcV6x8H7Vk8W2isM75oG3EbsATKvyjoewOcYz07HmLmwYyhl+6GAySAVyCPmIJ78cjgZHevTfg9pjSeLbMKWLNcQRjK8bvPVipJIBYgq2FyRyASa6a1dexlo3dp9tmns1bXp5t7314qeFSxNNJa321tsktbaq609HfU/aWBni8E2ahSdp08ksS38K9Dzz1yCeoJr8Yf2sLe4vvij4lN1I8dohteFBCSDgH/Z5yeMkAEZGMEfuRdw2Vv8PYlQiOWCPTllaQgkPhGbA54PXPvj3P4i/tVa/pNv8AEHXmu1kvZ3lg+y2cGcXEke3COQOE4zzkZP8As4r7zh7ERnh41HdpwSil9qyi2vOy+dnbzPiuJaFSEpxv73Pe2reidtVpbTt2epxfiS10G08M2EGi6VDDPb2NmJZ0QR7xJCJJGllIy8kkmCcfKDkDg4P6D/A/4r+DPhl8L9Di16fy9V+ySXS2sk0ccSiXLKJXjZikYBzhhkZOAcmvxv8AE/jvxD4gkaGZTp8cKRx2+m2o8iGNY0IjeZjkPIoUfKRyc5APT7I/Z2/Za1P40eGLLxH4x8czaL4faZ1GmWDtJf30NuwWVZpvMzGCSdoAwucgccfVPMMVJQhl9C0nFRblG1oq3V9Nbt636vXT4fDYDCRqTrY6upR5rqKk2pTvonLW/n82kj3X4zft36Df6FfaDa6rCwlmijSw8NwG7uSInG3OoKAYWJUhfk65ABwK8R0XU/2j/jldLH8OPhxqFraSIh/4SbxW1xO6I2xRMlxceX5Yx8wxGQMdcHFfej/sx/AH4ceDYP8AhH/CmnXeoSappq/21rSJe30kokQna8i/KGAORt4JLYJzn6806/jsIY7bTIY7eBLaKFUt4o7SJcRDKjy0AIAGcAe/HSuanlONxFWcsRiZvmjFyUXe8mk3d2skrJadNHuj1FmmFowjHD4eLSbiuZK6UVHXS9+a63asl30Py1uP2DvFbeEde8XfGv4n3uo6np9g15F4a0aRja+ZuQeXLcRsq7FDEEFSTt5DH732/wDA/wCDPwq8CeEfD1z4f8F6SdTudKgnk1O6tYrm9aaTlnMsgfJJ6cHBxjmun+KVzPN4D8XStK5RdHfd8xYHEqbvlHYAjOf9rIOQa6P4fQM/g7wv5ILs+kWnzAnO3Z93GM7Vx3A65xiujBZdhsNiZpxUpKkpuUvele8Vs9bdXyvZWstDDEY6tiKEZRk4RdVq0PdVuVO1o8t9V5vs2dZezBodvyJuCbIYowidQAAqLGONo4wMZryf4ewb/H/xQdvMRFm0kcIBng7hjgjnHAzwSSDjaPdjolxKbeRI18tDHlm5JJYDAJHUE4K9D82MHOfP/hzo0knxD+KnmKExe6YoVSSqryAMkbT3JOO5wSSK9ONejTr4SClGLVRtJNL3VCza26vayte66HGqVedDF+5zxdOK5mrptzTT0d3e1126WsrehQ2SFmVT8rLvEjMfvKMjg4ILE7R1wwweeK8suLHHxuG123N4LQgHCnBZskEkcE4JyMdR838P1ZZ+HmELt9mUBSoR2AICjJOWcBR06theB82cGvlT4i/EDwL4E+Nq3PiDWreNl8Dxwxabp+2+1CeffJmKO3g3ndggAHaQcbscGsszzWip0YOpZQrwqSteTS5lu9dG9fz6s0yfJ67VSp7OzdGUU2nFr4bbvqlbTps+r6zxlBHY/D3xvc/N+68I62zMDkZ+ysuCRk5xzkDrn5RX5KfC6AHwnpiopSNYruUkjjMlzISASMgc5JIHDdCM19n/ABd+NXj3xP8ADjxsfBfhRfDPhc+HNRjufEPioLBqN/YyQ7ZFsdNIJR3A2q5bJweBnNfmt4cTXW0HTon8S3FpGumoY7a0+TMb/MdzAnLEuTknPXIPOfouEMbGvjcZWpxlUUYQjFuySu7tJOzu/Ly7nxPidlEq2V4DBKrTozniHOblFz+GFldxUmnrd3eltz6XgWKO7tS7xklSc+YgAJJxuyRn2zyOAK8+8P6nDa/FD4ivLNCig6aPnmTHCp/EThsgYwD8uMnNeP2+jXt5I002qeILhYmKBjJJtBLADDDGBzwM4wTjGRVXRPA9vqfibxP/AKZqImhNsWD+c7MZNgJuCrAuSQMZJOTgDsffzPNK31jCyjQ5fZVJaOafM3Gy7q930Xbe+v53kXB9ChhsdTrY5yeJoxi+Wi4qKdSnLdys1fp0b2sfXsvirSI1EkmpafGEG0b7mMDqeuCQDgdyOAMetczqHjfw4k2nmbV9NVjdqR+/U73LkkZVQcgDbweMZ6tivKZfg8Ra+ZvuJ48hi7RSkncQePnyOw9eR6DMJ+D9kJdOH2lQ5dGWMQSllySOCScOrADIJP3eSK5auc4xx0oQjGUV7znu1a3TWyst9+ZrU9XB8E5dSd/rVWbUotx9nH3neLWjk7rs1003sdR8KfHHh7RT4vN7qVvbGbxNdSxhiSHjYkh1GM7W4KsRkHJJAOT61cfF3wVEEEmuQ7iAQqjjnDAEtjqenU5I6YzXyt4d8B2kia3K+qbIYNbuIHzEGctEW+/kEEbjheoPckZA9atfg5rN5YxaraeGrvUdJQY/tZbSI2qBF3Fm3OpACliSwJCk+9efRz/E4ahGLjQsm1zSmr6vtzba9bq+9rM9nE8D5djcTOpKpiLyVN8qt0jDbS701ez06rbsNZ+LHg+/0/U7a3vmaWXSr9FQQn5ma2kRQCM8kYwT7nj5hXOfCj4s+DtD8G6Xp1/ezxzRLcNJGkAIAaUleR0G05GM9xnpXFHwU265kiksSI7K+VQghJjCxsSfvkHZnOQ2QO/eofBnw4tLnw5YXpmgcTi5DPJewRMhilIOELZwcZwTg89QCa1w2a4yrjadW2GUnRk1rdKLcO0tuq23eosTwplFHLqmGksVKm68G3GzfOotbxi9He7stLd7H0kPjv4BCqFuL1228FbckbQT6gAnIx1A+bGcHjn/ABN8bPCmo+GPEdja/b5LifS7uGHzICI8ur7UY9AW4JB6bSCVycconw20iG1SSTXdATdENqST2zSx4PIY7juI4+YBQRnAJ4qrqHgnwrb+G/EFy3iXSZpYtOuH8i3mhBaQKwTKh2bJJxwMjIOcYx6cs2xlSFWm6uE/hyTSlbdLW/N7z3trd37ps+dpcH5Jh8Th60aONU4zhKN72vFxab91XWltd763Z6N8O/jP4J0vwT4W068uroXdrpqR3CJDuAb5iVDcrkEEMcfTgE11snx/8BB1jDaizgFVCwAqcZUgk49PY5GOmTXgHhLQfhynhvRJb/WtGhuJrOJp0uL2MmM4O7KcMpJGcn1IUE9d14/hBZT4/wCEk8Ns+35YzN3UgAA85zxyMEHBJzyfTwuYV6FDDxjicFFezhZTkk3ZR1av13a6vofM5twxgsVjcVWWCzKt7TETk3TT5NZbxag1ZrZv8dGdd8TPjj4T1XwL4i0qxjvRcXFgsUfmQYTeJlY7mGNoABG5uwGfWvMNP+Pdlp2kadZnSr24+yabbpv+zssbmOPAzzyg5x8oAB5xzTfHGvfCy18Ka7FYavoTXrwxiGOLLu5LjO0sCMqp3dyMFueccpH8RPhRZWFjHd6javcRadbLIYrJpCJVQblOEJJJIGRknB256CnmcljVVeOwkJOhGLalG2kk7Jt7tXa300fRGUeFaE8qhhXlGPr044uVSNOUpqSk4QjdtQV1ZbbXTV9jtNA+Pj6rdX6zeHr9UXCwC3geXzWZTgEkZ5BOCBkEZwDndy/jfx/d6zrXgW4Tw7qtvNpusTSwwzxMv2llIKpE7EAMcnqGxj644/TfjL4P03xBb31jcyyWMUkrIIbBi4YgKAY9oDD0DZCr3pfFXxi8NeIvEngy6tJNWNvpupz3N1mwZCEIABiQZ3cHoc4JHAyDWeMzmNfBuNTH05y9tSa5YxaaVWDVmttrt/foRl3BTwWbU8ThsmqYelLDV4yc51H706Mo8ri3H4m7PbR3sr3fsd38W/iGCqWvgm5h813Um4PmqwA27xkDGBwR0zyODWDZap8XvEWia1Ppfh1Xt/OeCae2xG1q+4h0V1Jy3JJAAK5OeSK5rUPjd4fkIVf+EjlSKSUgLYOmU5wDzk5yMYIzjoTWd4R+Or+HbfWdN0ux8QzQX9xPdBI4mIi85skvECuSV4O4jaeByGzlis7VV0qKx1ScJRcZRS6NL4bR1btZu+i8r36Mq4KhQnWxKyOjGtTlB0pOTau5R53JSqJabWV7t3tujGubjx5afEC0jOmSSa5aeHkiMF1dEsLYnPmb8nB69AQDyM457w3/AMV/L8yLSbSBZUDxtc3JcIVIwFcsMLkHhQM5wfQ+WP47u5fHUmvy+HtbvLm50dIBBNKUugqlj5gJJ/dMWwASCpXOAAM9xP8AErXpLYRR+BNWu4kQAhr0g7mGONoPX7xHTnkg9PGwuKoxjVjKviYt1ZqKhCT091q9oyv620d7W2PtMyyzFV5Yd/UcI+XDUlKU6kLQenuxTqaJbXaa87b9JC/xfkRLmePR4syIHkDA5Xjkndg4xk4yM9MkVw/hvU/iBN4s8cQ22o6Xb3fmQi9YWvnrcNgKqwgMMAcDOeSPapz8QPGUkEMdv4FvUjMgHlTagQuP9oY5HTnOTyeuQeK8NeIvFtj4p8Vy2XhNJLzUSsk9ubkKLbaAF2NtPykY5HQ5Iz3mtiKftcK41MZJe1V5ShV1fJuvc1W1tVpu776YHK60KOOTo5fBSw6SjzU5c0uem/eTlJWtql1vbpp7zb3HxfhgDDxTp1oDHuVJrICXC5/dqN5J4A54AyeAQcQSah8WXhWY+K0GZFy0dkoC444Gc7TwD1wDzg1xsviz4ozxRBPBFrIMEAzX28ZIwMMVHBHbnGAcdSG/8JF8WjAmPCOkxqJFAVrpSQeB029ADknuOSBzXc6lGykquPm/edlCra+jVrJNK21m9tjxY4LFQnK1DKIRvGUXL2Dbb5X8Oq011sn3s7WwPBNn8Wp9U8aSwa83ltrYklViIHkkEYIKMM4Ug7SAQOvTAz7noGg/E27vY4ptYnd7to4YYBcF3mmlZY0jQrkuzMwCqoP58HyDwLrXxUmu/FEFh4d0MzNq0f23zrnGyZkUfIcEbAvbPU47YP6/f8EtPgX8R/jv+1P4QsfGmiaLH4J8CSDxb4jNqVuBJFp7CWwjk42/vbpFRlZuh4UgDPn/AF3B4HAVsVVjjGqTqyjz+0jFvmTUeZvTX3bb36aM+hoZZjs3znCYKm8viqyoQmqaouqoKFPnaVm0lFN9dLXvex9g6L/wTC0HwT8DfBXi34mXmoaz8S/EdrFrt3bSXDCw0rTrmMT21qLcjc0vkshlJwdy4Izms/wz8MPDPw2hmXQtLW2tpCxRhGUVX3bnKkgjJfJHLYHUdAf2B/aP+I3hm+8f2/hVGiMsDR2sNhFs8m1tlXy1iVEO1NqgKBtGEOBjOD8yfFDTdJk8L3VrYadbxSmCQp5YVWjbDEEEAEE9tvYhRwQR8ZhPETMMqrU6eMpVHDEy54Sk+VU6c+XljT2bSjG1v8XTf95xXhLk2Y5fB4aFOnWoUk6qjFP2lRRj8fZt7XTXVW3XyBHrRdgqupZyF2rkOCCMHdtGc88jHII6gVsmOe4QxuCE2FgzHexJBz8393qOSRk8EgGvCH1m50K+uLe8Ygo+0ZbBI353KSOuMDgcjHc1sH4lrbFSiSSfLtCkklRjkHPON30HAzgHA+2q8R4rEqnVoTk41IRldN/C+W12ur38trI+Ao8GZbhKjp1aFKE4SaacVfRrVKytt5Ja7HV32my+a6pG4YqcuoxgYxkAgnHY7sZOfcVyVxoEsmVLyKCTlgBzjjAHOGzx9OcDtnz/ABSGXc2py/PLE7uwUY6jAPGQQRjB2jHO3nxHnKOFtyAzH5Q4Ayc5JIXg9T8x4HIxzXLPMcdNJOc4xdmtZK792707Xel+nY9WGSZTSSahSk7tNqKv0106q99NNOxZuvByXBk813ZHBXY7FeAMAkZBY4HcEHkkevF3/wAPbGWILkx7JC2+TDLxnj2AGPmJOcZ74pt78QtSVSqMqgkY3nlSc8ZxkfL8uP7uegrkdQ8e6mBIEAwwG0qcrvIIOVO5euSfQk8Dms3UxVW15zvbrd6Wit072burtLujWnhcvpO0aUEraaRatdb2b913XTfVuzJrn4a6cZQzFmLKAPLJVc4wSFQgdN3ysMdRt5xUEfw30S0T5olkw5OQ3zZbjBA9AefbOcAVy1z411ndlVLYAUEcLz1AIPTA57jt1rLfxhrLSEOWCgksC24DjI2jLEkjkYzkenSueUazdpKT2dmuZJO3VXum369d9to/U4JKMYWS3SWt+Vq10tZb9NddnZ+mReBNBVWVIYckhiwYfxKSN2RggkYwCC3O0mq7eBfC10ksU1lbAuHO9tpdQvdWI6fLkDoCeTnmvKZPFOrOCv2h03AMRggAbucAY9zuHUAA9sa2la1qU84DzytztIVTnBAUnHOF4zjByScmumjGrKKXvJaczukmtHZO+9rWaWna2plNYVuU+SDty2vyu+2ulney3ffZHM+M/g/4fv3aa2gA2Dbt2rtbJyrZAHI4PpwSQT1+Qfi/8KorSFk8ohJFURsV+6SByAckAnGeo3dMc1+ktnay3iBZB8xwQxJIIA4wewOSemRx7Aeb/E/wWdSsSDDz8pU7SWxg56cAMB7nOOea6lCHu82z5V7zT5k7XVt21999U+p42MgqtGr7GHvKMXG131Wjv0vqn3Z+DHjvwzfaJq2jabMjJbrO90X2kx7S3RhjBXHzdAoU8lTVrUtc0i0SaSWVVeBY4o/K+bDbeOMcZ4GMjLHB9K+2vi38O2u7W0n8gRT20zQMXT70ZGCvIOOePfAIPr8l638P7ck2zWkcUhZjIJmJLEYJYAleCDwVI29CSBmvFzPB1KftJ0op058sotWte0eWL223T3bSV7nHl+KtBUqzlzx91wmr3ttZ90ravXTumeZXHxASSW3eSEMkKmNZGJMhY5Chto+43YHIHfHUN1hpZ7Vrq3iMxngw0VsigfvjkjccESfNkgggc54JI2b/AEeztybOC2tFMSlndAsmGQlQSOhORnAPI+nPHnTryWN/9MmQl/LCRkquAwIGF4AA2joe4xwa+RxVBVlabTkna7WiaSX8z9er1WlrH1GCxqpuME52cVZ3u7NJcze6Vld208rWONuNE1VLPEWkXEQklG5540YyNnO9SDnI5x0B45xyb/hzwR4j1C+tYYba4+zvMftDiBMoh5J2lsFQM8kA4A65FdZo2lahqOq2dlLfXA869ghhefcYVy6qzuM8ooOSTnjjOMiu91XQb7wrfa251FpGt3iigazkaKKQSgBnULw4GSRgnkHnIFeBiZKjNUqajaSSvrZRilzO6te9l0s7620PsMtp06yVWc5OMFG7d9la+iVtXGyXKtbd7Hs3gTxwvwy8Iar4Vt4dSe/1lgt3cqsQhMCOvCHDEHaMcNkZHIxivoL4AfGLwB8LPEc3jDxN4K1TxOv2dZdKtJLlUjtruMl2uGDK27cxyBtAAyOhGfgKJkljgE17PJ5aFmbe24uxG1WBzkZ4PzH9Tn7K+DPhb4ZwaUPEvxXv9Vu5Wjkt9H8JWWRNMFTfHcTur/LEegVgeFB7EH4DPMDQpUq1avHETeJnFeyw8pc027XSUW5KKejbaTt0uz9BybOMRiatHCQlQjSw8bxlWcXShy8nxJrW/Rbt6qzTOe+NPxqi+LXifWdej8J3OnvqF6Lm1soGCxLCpIUSJGoy4HVlHIyR048n1LXvFsEMTQeGgkTQqo885AGOMNjBC4xkjuM8Zz9M/DXwzZfG74++Avhn4L0zTfC0/jHxBZ+GdJe5/fIourpYHe5Tq7xRNvbBBY7gAPmz+gH/AAUR/wCCb/in9jfxNoOmt4htfF2ha1b26vqdsBZxWOopGnnWMsJ3Y3sN6EMCVwcAjAWDzrK8tq4DKsQquHq1qKlRhUUpXScfdlKXMub3ZWTd2k7dj5nN8Pj8ZicZiqVSlVlTqSc3TUUmk1rGD15feV0tk18vxUSfxZqioLaztVmYBJYYRvlA3HIIX0BIY9f9nAArv7fwV8UIbAXen29tBHLB5s6SQhXaJFyS244ycHAJyCVwAK+ofEH7O3ir4ceBE+It9d+Hbe01FYXtrOK/Q6ogkUOrCBQzOQOT03KDxzmvmLW/i1r7Wr6b/bE4T5o5VjhYFVUgEK4ALZGRnp3xzmvrMHjo1pSngowrQUlBuS0i/dulf3Xfq72XRHweLhiVNe2qOlJNO0eVtrRbtpJSS6X06668Lp2k/FzxPd+TpiO8MUskJYQ+UgKnaVQ7jnHQjn26gjrrH4J/Gq/aVIXhDSssJjeURvvcgBFUZLNk464PXd6V/CXxTvtGhnmDXR8ucyRpFEAxfBDFsYYhgc56E8Ak8G9f/HPX0uheWlxqMbqVkRRIIwjBg2SAcFhgDn+HpuODV4mlnc3L6nhsOk0+Sc/tSaXZ6LW1rd9OgRxFBJe2rVeVpp8jSduVLTe6eq+7VbuDxD+zv8WdGcQa1Lp9t8kYWUSb5FeXG1c/e3A4zhdoIJ5B45bxB8LPH+gLENQ1+LYkcbxtFMGZVYfKp5PXKgnbkdOMitbxH8efHHiO4SS6v53nIjKTyXKgxrGARwSARzySM54Hty0fjXXdVv0i1TVGkS9uYoZZpZE8uFC4G4MzYCgHGccHBAIBNejldLOKfJ/aEcLq/e5IvyslzbNJ6vZs8vFYqlF1Fg5V3ty+0XuuyjdWaV91Z212ZgXXgrxOy7hrt2GZsYwGVyeCFIGTkjg5z1xltuII/A3jp4nuLe81ExwRSNNK0RCNEgyw+YlThTy2NxGe5Ar67jl+H2k2Vsb3xDozzwonmn7bEzzErllKqSQ2Tg85HPQk5y9c+J3g+LSNS0+w1OwiLW8qRJFLHI8hmUKFXH3BzzgnJGOTjPs1sTOEoQjhr3cU5pu6V10d0r6rayfToZUqdWpSlKtVSbd+TkjFq1rLay2f2rb69F8VXIvbG2O+1t7+KZGVikYjkSRSd5BAOWYkkfQ4AArgmurC4uJYbhJLSSLiNJiXQSHIP8IwM9Dkdc4GAK9rjNtdWk8LFW+yTPNvODvLMWCgg8cHbk55GQBwa5jVtO0lpJLpIIHfyFkCAqWkYA4PPQ8nkc5A9BXrOjJUVKM1FzjFpbuzteztfR7bbvY58NUp1KrVWkny2TlF6pXSdle2jT+ez3tP4cS6i8N6kts0UkciOxDkbRHHn5guBl3xjBxwPTpwlhcyPqtrvj2q90RLlTjC8YVcdh26ANxnrWjYi805Li6s5FWN4CDZysWjZWJ4C7gGPBXGQw9e1YVlrS21/bzX9rJA5uCQoQtEoLDcAPuoxXB3ZY9Op5Hk0KdXDyqSqqXLKSatrdPlWz1tfrHz7HsVY4OvTgqdoOkmrS9Y3tfXda73fVtheTfateuY42lCC7dJCmQHRgBjAxjGOCvsoxnJ91+GHhPSbq5Nxqd1CFtnSeC1ldQJG3dHyScEckDgduDx574b0631HWrggRMl5coIVDAN5rY2kkjk8g9QSBjpX0N4h+E6eE9Es9ei1Vbi71GIyLZ28uHidVDBHRSQQ5+UbcHJzuOK8PNs2lTpQwVOq4VMS5Ri1dOCfKmutvs218+rPRynIaM6lTHypwkqK5pqSsuVNaq+7ukl1eq831fxE1m11HRk02CZYNPsofL+ScJG8oAAjTkEAHORjHByORn5VudZ063kjghVnnhuFUFmLQhQ3zhTu5weMnOeh5HF7WrbVfIiW4uJRDdShjESQqEnBUqW5I5P3QOeBjIGXBoaS3cNswUSmVG8xFBIRiDlj/M/dIwR0Jr2cgy6eBw8YP8AeVaj5pzkrybk4tWbd0+uvd7WPns+xtHFYxxtKMKaUIwjdK6s1Zd/d0Wq0snsfqX/AME9/wBl3w7+2P8AHjwT8GfFOv3Hh/w34habWtVvtOUfaTZ6PELmW0gYthJLhEMSSDLDIIXJ5/s0+HXwb+GP7NGgRfDv4HeGLPwnpGmxizvdatraIeIdfljJDXeqakFE0srkZADgcjrxj+Xz/gh0iW37anw1tVCkRaR4jgJK8kmxOWBB6ZJ77R6dz/XB4zt2XX9RAI2/bJG3YGA2MnoBnB5HXOOOMV2Zpi50sRGkpv2apRuk3bmvG70301S1s12R9LkuHjHL41ErTlPmu9GrNRSWtrPr3e2yOHae6mk3z3t5Md2S0k0r9T94ESZG4jOe3tg5mUsR95mXJPDMe+CMhjuxg56dPTgvWAbjjODzkHHTvnkZOPb3wORKkWFLZ+U87e2CevXocnBB5JBAxXjSxDe0mlte78lZR5rrW+uiVrtPp38rbs3pdNXSv6K+rTS3e/S4wZwDhjjI2hieMHG4Zy2AQMYwTg5p2w5JxyecZboOSR36nJXGeW69alCLjJGCM4znryRgDOeDwT03eopxHAUZI5HzMMAk5x05IBxjByvVgQQOeU3L7V/W3ltzPbv2+40ils2lfror6xvf+rXt6FbYWAySvUjHPI9CGAOehHPXp3ppUgYP3hycgnOTngDaMc8E+oIHPForwQowAfl5yOd3Q4yCSeQM4x1waabdskjJ+UfeIA6AcqRzxkDgc8n2hXb310d9Gt3/AMDm3su7VzRxja/mtuuiT7X6tPZu76FQqwyRg992AcZHJPp6YyQeR7GEq7H5QQpGOFPIHckZyTjODgjBz1rREDZYt0GAMtjluBnPcjoOh9hnMYiIYqQy8c5GQfun5RjJIHJHOR0xkmtIu+l7vTZbdOq8trK172tqoktkr2vo7rTRP06+afW27o4YYPQBtwO3PIzxk9V/AbeNuAacC/IKDn5umeO3GOF6heDkHvyauGELwDngBQANuATk9T065I79scqIsDvyeTkgFc5AOcDGRhR36DOacbp83M27bt9LJ9f+Cu+plKKVnfTRb7Xs/wAm72vqykCdxBwRzyRjBLADcRzkdBnr3zyKXByOQD0xgfNz1OPuscDIXJx15Bq0sJwQydN2SxyTnoTxgc/dwVI5wCSMO8nI25IBznOeqjJBJHDHJPO3oQOeKbb721ve6v011fffT8bXqMYvzfupp77pbNfNWdtuzaqAKTg5UA9eeqgg45BO4k5BIHOOelKV4AYZIwcA8EHk4x94c5z35xwDmz5SjbgEEbSAACCPXHOcnrx77ieKBFleWyQQCeAdoPAxtPAzgYJwOCMjLJSa3et7Xva60/zvbolZg4rto9Xu3q7prdvq1676sqMhwQeRuzzxnp8vfgHnABHXr1pnlK25lwWAAUE4AJ45J7j6jrg1fMbHkjjPzbjzgcDpjjjA9gM9wE8hlRgHxzuyFJwWwNv1+bqBxwSMA1Wrv7zWt7Xfk9PPS9/N9SFFPd9vzV9U/O3nfqVBGWUgqVbIwWG4buAcfNjJ/Jc5Geaj8k9Qu3GACvQBuCxJAbJHUjB9SecaiwnDKuTx8h9jgk7eOc/MecZ657nkA5ADAKCMDgkAHOVGRwAeR0HGcE003zJt3aVlfR7Lf73r/eT5ldob5Yrye/b7LW+3rrvpsZTRFGOPmyuT/COuOT29iM9MkZxlptyWLHAwBnp90g/NkZ4xnoOec+tbAhbacKepbk4HzDq3HO7GD6DJJ55jEDZAAzuU5JJAOMYIyOSemQMkEdsYqDsrJNNJerdlpbXSz7vTXzElzatvV9Nb7bvZaPRdXpoZP2V8HDHB+bBGc5PAPUDJyfUnv6n2XYflUdBjB6nq3Hbnv17cgVsrGSfulmGAVz1HPAHTHpj2/BDD1IJOCRnOMDPP3iSQeufw4qnJaaq+1no+bTu+ibv6rUh32aurpvVXWiV1r22t1S73eN9nYOSrZxliB8oBxjaQOeBnBPYr3wFkFv1OckN8pOeQeAc5zk5556fXjQ8rdk5LANjY2Rnv36+o7HGAecBViwdoJBB57ABRxu4ALDgY6Y6/dAqbptdOXVp2X8r01vvt0aers7C5Y7WtfTa/Rau7Wj9V63dzOMLcAI2VGzsCCMnOCBgjpgkEdueKcI2UAhWyQBwcMrHnnnJJAzx93221fEYBycjne27OMEnnPAAPseOmeOX7CijAJbJOc5AznAI45x0HHQ+9UldtNW2tpfRcrs7N+erab7NLQ5I3bir+u6va/wCPbr5WM1Y2diGB3E/IchcAAk+hB4GQTkn5Rjg0vlMSuY+Bkk54x1BHPIJ6DHJ5ORg1oCIll+UBW4bnODk5J6ngfw8n3zkU/YPunqnHcjGRzwoPfpjgDrxinFW0et7O6typWSsl2tZNpdemylRa6bWi3ouiW773cddN7puxnGFyQMMARk85AH8PUZ5x0GQDzzwaeIXAbIJU9icBgODxkE8HB4wvPfaaviMoCQSMHI7ZI3fkQQT0zkcZ607Zgqc5JXnJ7nrgED2J4OMdOOS8Y2ut7bNPstXfz31182NxVvejpo2lbS1nqt3bVWW92rMz2hYKoK8HJwTlU3cZGfxGCOmB0ANN8mTIXYCCzY57L3Axk8HJHqe/bTAGWXbuVj/EwA4yM9c7Rnnr16+iFc8EbtpLE8jbz6cAgjng98VSad9nbTp5Pp1+77tHDjZXpqz7JKzulrZ9Utra3v3ZmGGQk4GAeV+XqBwcexA6g9evWkEbjcMP8wKgglfmx1wMr3ycZwCMkfKRqbBhSc5wcbTySemOhDHrxjGMA87qjaJtoYnO0cgHkMOD0PuQ3UfLjqafNFJXt0btyu2yV72une9la70e9iYRT02Wl+llaLuk9dW79rb3fNfPVCRkEneueMKAAeEGM5U59se+ch4Vh0UdiFOOoIAHPXJ47ZHHIGKnK9cZChMnnPJPI4yMA8Z9uMCnKNwwQxYqcEjBBDdOpBz6E59hxQna2rS2eveyf37eZfs4/Zkn0srXd7JbaxvzdUnGT6q8ioVIxgAHGATzjPBwPXGOPX0pNnAAP94EnPsT06njp6Y5q+UDElQSdvoeCQeccfnxxnuDURRsgDj5ht3fMRgLnI9frz3PpTulsvvjva19b6XvbzXRqzIcGmr3dtLdNGk9t7O60dru2/w1jGx4wAMAcdh12g55zz75+9Q0ZySRjac4AOSDjI7cYA/DgjFWijFVJG07iDyBnHOeem3g4Ixjk98KUcktjKsMAg4GB65A656AexPGaFvbW0uzSte2murvprbo9WrE6rTXX7uj311tL/htSl5eAFA6DOG6D3C/w4xwec9xTgrdCD0wo6YxzuGAfy7AZGDVoph2UjoOSSoB4zxycdADxz3PNN2E9FBUHBJ45Oflx2JODkeuO3DWjSelraNNvW3Za7tp3fTQLLTZbdl2S28vPrruV8FiQyhvl4IOMEfQc5HAPRc8ZzTSD0+bGfw47HOMfQ4znkjJxaCMRwCAq9cE9SenbB5GcAZJx6Mxoy2QUY/TngDPOOp/r/FjFJWTer83q1bT9fdu7q1umgNJrVNPXt3VvyfW22hW56AHIIPTpwBzycY5xnk4HGeKYIiDznA/izjJzlgevoML3Oe5yt3aTkkdDyRkEHAxnI5z1B4/T5l2k8kEcrgdMHIPPXJIGAMjr9c6X2u901bqnZfo229LbpJq7XLFRWvyvZ3S36bre77vvaqI+MNuJ3ZABPuB3GMHke/B5NPEQwSS27HPBJ6nH547DgcgDJza8s5zjkehHPHf9Dj+WKFUgAjdk4HJJ4XoST69h79T3fM+rtdq9+r00vpd6W0b217CcU76pWtf8LdV16q2l0+tqRhkXbsLYwFA6jg5xg5wBn14BweuC8Qv8+OScjJwMdQQvqB2B7dMjk3AMYycMWwxBOQCfl6EAYGSD82ehpxQMCcjO4kkegJVccDGM8j3xT5+Wysr3662b5V3V9Wtl+ZCUU9eXmXXtrGzevfT1ur2elEQnd83JCcEnGAcZOTxtGdoJHTsSMF/lbuMhccDuCRwR93BJBHAI5OM4yBdEaHBILYCrtyBub29eB6Eip9ijcoHTB+X5sDqe+PqDnpzzip54t6NdtLW6efn+ZMmmtVZ7XV97LZJ6Xeuqtqt2UBFyCCCOOCOM8Zz2H8iOnbDjCeQDgZBPpnDYz6Ec9eT0znObe0gADjnoOAM9SThskeuP1IwAdyMhd2d3UDJxkHqeuOCQOQcVcZLpfzt26p9mlfrp87mTStdO2nZrdbbta6/5tXZmNE5JX2b6A4XBB753fNgbh69MIY2b5SMZOMk91xnjsCcfNz/AA8mtEr0ADcg5ODg/dyV6ZI6HkHPy9c0ixgnBBwfTGMnp6gZ5AxjPTtw3K++9n93urRK1klZaaapdTLlT6trrrfe29+ui7fda1BY+UAXGAWPOMEeuOvYbsg87hk8F4j5OBu2kNnryTkg8sAOgJ6kE8Z5q95YVTgAjIGe+znsMgAnrjIyDg46hDAbivUZIGc7eCCy43dzgLjknPDAmIyTWjTW/Ty6b3d02rdXsnYlU7tWk0/d2Udo2tq1a+i7XsvddtKvlEH7uRgEDJw27PBGCx6cryTwMcmjaTu4wFTD9+uDnPHA468ZHUEkGwVYZIJbJGSepAGAOATnPUHJzgDgUzyuCApJBwO2TjPQnjaen94DopIpt9Xfol+CXyt/wdDRUlfmbb0jo+W+nLu7LVaat21b7jBFx935gBgDqSOSfy6cnPHXJp4j2nJ3MBzxkED8egwD03ZJwAeas7GwOnPQ55wOuPTjGBznk9DQVJySG4BUgjORwcnPIA9jk9e4FZScVy/FJJXSe904vmV1e6T6vrZJJu2vKnbb8NbNdvR63ur/ACKpRx2IAbC5GScnnDA57jA46c7smnCNs/KCOSVYn5sDkcHjkcDLHI75zVs5IwRgAA7icfKOmR6nuMetKEwwBySwO3bnAOcZOPQ4znv0ANEamkW7rTV2W91tqt9dO7W3VWg2ubS/2dE7prb8NHvfoUTHIRkA4IbO7n+IDceMYK5HY4znkZpDC2Tg8qDnjgjtznjH3gM898YOdHBIQEAknAxydo6jHUYzznvyKaQzE8HaWACnnOP/AEH1xjOcc4xhc7srPd83Tqo30fbZvr6jcY99+tr6tRVl+Nl0Wt9LuiYfmHXaoJIxhiACc9MYHp1PQDOKjEYB3cEHDH2JzgLjk7856cbScHrWsIGIyV2+7D5lHAAxj6EegzwOtNeGRzt2HCqeyksOgwcjA7nP0IOc0o1dfeemvTReV9b77tK3drdqyW90tn/wVvr0+RnmMkocFQC3O4nd0I6dh7Ekk9+7liJyCp4HGTgjbkE8ZGe3QA53Hk/NbSFyW3L3HI77RzjHI9M+557CcRjkjPIGBjOc8cZJxzxzwcdM5xblvaW6006t6Pa65V06+TRlK7jp7yutu0klbe7sr6v9LKiYCSflOMAnA5KnjkZzwT/Eec5BIPMogJ+XHAY7W+Z8ck5APHTkjBx1yTnOgiA8YO3CqSTg5HU4IyCCMYHYdOc08RkDKrnAYn2IPXpg9MAN19fWFOfVr10XbV3+d9lpsJJxUU7qKsrfJbprf12W+2mf9nU9TwxPOM9COoyATlugPHXnkBwt8AEknKZIA2jHY8cDA4xxzjHJFXRGxByMcLwQeSSCcA4743EEg8DGOROVLblCkLuVgT/dxyec8EnGB0B6DIyc773tpstNvLTpt027Fxctk/XRPRu7891e27MswAYIJGcgDJOSRnHscbcL97nnB6SCMYJLEfNxnhuPunbngtnjjJ/AVdkGDnrhiOegHHp9cfKAQOODzUZj3Y4PzZIwMktkEc9S393oBzkc1PNdxTdrqP3XTWlne/8AwL2bY4zlLorLS/Wy5ej96+tl1d10IUTOMZyQwBOOd2OOeeABweQcd6tJGRjIzgdQCQCB7degBIHUZwRzT1QgBRwyjacjvnJxxnI6ZBPbrjJm4BGAQFOcEFiR6DnpyMnGM9uORb2VrWVlomtrN3s2tfu5baJlaPbW/ryu/ntr1fTqOUEbOFCkncR7HODk46YwPQdcnJtRAKo24zyc9MKSCc4HGffPJJ78Qc4OMgct0ycKPvE8H/6544JqaMF1UJ2xkE4+8cheQM9cEc/xDPyilv7vNq7duney0697bo0hFTSbulrstXs1u9V0211ezs08YyiP4PfGV95OPAWslehH/Ho/J44HBB6A9AQCK/z0vjtIbj4u67vGSN3BGME3shJAwOzAg8E5444P+hR47Up8GvjAdp+fwJq6lVGSM278Hkgnkghu5zzyK/z2vjbNZzfGjxGqmVRLMy4dCfJVbhg5yu4YVlJbBP0yMn67gOXLmmMpxvadC93bePLvdNJvVPXS76HznHKi8jwievLiXpJqz9xL5Kzu/O72P2E/4Jda/Hoeh/EMWVm+s+JrnU9Jt/D+kxglLm5lKKrXDAMI7eE4eWRhhVBPFfsV4T8P6L8P/HFt4m+I15N4x+MXiexub6y8O2MYv4bGOEN9i0rQ7H549PiikCrPeth2O4jAwD+Nn/BKnxHqaXfjzw18OtCg1fxxrNzYRSa9qsO7SPCuh7jHLq2X4mugAVhiVhl0AyOQf3AOo+Cf2fzorst78Q/jBrunX5t12te+IvEF3NJI3lw8u2l6PBIflfbGsMY5LEV/PHi1Xi+MM4hJr+PTum7St7Gle/ldJrutNmj9v8K6P/GJ5TKEFKPsZu+vLrUd7LS71s+l0td76E9up8FxfEf9pDVrfQ/DujalcXdv8O7KY/2fg3LvYf2n5ZMmtam7KixwKh2SsNwK81y2pxeP/wBpXSJr7VhqXwm+BV7PZDSPDWmubDxZ42jtblYYW1IwhG0fSZ4VGbNAXniOSVLGtbwR8JfEXidz8XfjxeW+qa1Ip/4R74dwOZvCnhHzJ2a2maInytR1eMbfMuZY9qOrfKSuT71PcvcaXpNsihd2tQwooAVFCBGVQoUFRlTwBgYwAc1+UVOVwi1FJu7TXuppWd32bV1a2tkfqFNyUpa6Rt312bu3fR2tdLq1sPTw3onhnRf+EY8MaVa6NpNg+j2sFlZQrDEpTyxJJLtAaWVwDJLJIzuzktuIJrrog0s2vRlBiXVdHRQBwRGkaYI55O0AZIyOcnHNbV7nT9LuGu9VvIbGzi1eBrq6uWWK3ijggRnaV3GzgLuAyMngDcVrwK++JXiX4jXV1afCKya10G/8U/YdS8dajC62sSWjbJP7Ct5Npvm+QlJwQsbHdliBUKN0ved2rPXbRWdr9lazu3e/RjcrpKzvaOumj93dWdtrLW/k3e/sHxB+K/hfwL431GwvZ21LXJvD9tDpnh3TFa61XULt7iMiKK2jDlVzjeXaPaMtzgivmHUPhXf/ALWkfi6f42adqXhzwql+tnpPg3QdRktp72zsYjJHPr93EQ0iCdFEtif3a/MG5Fej6hefB39n7xVJ4z8X6u134ivNDmVNSvy2reKfEF4Zgr29hZqJJWPmHEEYRFRRw4PXivAOm/HT42adqVykd38F/hpe6tqTWy7dvj7WbS7SSeK52gl9EiukKsFPm5VgeMHK5WpKUG43aTk3pdNfC1q7u3TTXYlSXLyySlfldlezs47v10s/u7+kWnjT4afAXw54U+Evg7S4dY8Rafot3J4d8F+ErSG41K4bDbmvPsqiOGLd/wAfFxcyeag3Egng+cz/AAf8bfHbVxq3xy11vCfhzSNAfU7H4b+Er821pJHJOJI28Va0NhvcxgRz2TCJY/mUscZq9b+Ofgp+z/f6N4O8I6Ld+PPi/qmkajBbaTo0Z13xhq9350kbya3qIZxYQFzulmaWJkUFvJOCKlsPgv8AGH40+JGk+NXiZvh74UbQ4jP8MfAF+yX1/aXEqypb+I/EkWx7pGj+S4s0RChLKXOCa1ak5c0m4tt3nPWcrqCfKr6XTaTu72Tv7umcp01dJRm1ryRSjTVuW7k1dtpX762VtG1B4g+KfgrRTq/wr/Z+8Hp428XaZpekCLw94MtBHoOmXSGJCfEmvQq0FnGBmSWYS3UgO4bOS1a2kfs7/Ev4qWOneIf2jPGMs0On3V9c6V8MfBl29n4btJERnii1/UI8N4jWNQU2t5XIIweK+qPhV8PfCXw8HiHwv4M8OaZ4b0ezitYYoNOt0SWaUQ7jPdXbB7md5AC0hkmZSxPGDg+iabb50CAhVxnXGOeAdqS4w3HC8c9+x5Irtw01GonTi04zh78neeso6p6qO7tbXpdM5a0qkoWnL3Um+SCcYJacuj1b82mnftt/nfftSWNvpHxt+MFnpVrBaQWHxG8SWtrbQRhYraCK7dFijjYNiNQAB8xyBznnPz34dsrm9nWWaeQDcMKoO1mB4wqkZAHOOoAJPJwPpP8AalaGf45fHRkfLj4oeKhjuAL9wSegAxk8YBGO4zXknhCyLQxbVBy7OznkZA4wcEHOeFU446/dx/a3DULZVlceZtfUcO2u79nTV2731d+a+lvU/jHieu/7UzJqzk8bUirpLRVNk2tHpa79e5+j/wDwRIeUft5a5bPu8pvBOrrjPUho8jHQex7gdDyK/s8sb0y39syYCwyXMA5IICRseMkjpyAM7sAd+f4uf+CNd7Bof7eOrajfXUVrYReDNaaeSQ4AAdCdo+87kYIVQWY9ucn+rex8dfELxZcXa+APDz6Xodrql/Bc+LPE8bWvnRvC5jl03T3VZLi3ODiY7eMsRnJH8weJdKU+L6jTtFxpO8mklao76LVuy/Pdbf054f1LcJYaTi3KPM+VNXb5Y2b00V9dO9tEfyhftFahaD9q3433shf5PiTrBZYgfMIEyhtoyMDtzkdBn12U+IU/9ma1BpWnySLJNYxvcXJI8oqGXjIJz8xzzz8pJI4rzH4tXtzB+0N8Xp9XaLVL6b4i619ouoARG86TgM0SBCdjYyFyAOOO5sxape3Ph3XNuyzSW8gdnKpFtjifknLBsKMgkZzgsBgnH9Q5JNRyDLVG9qeFwySSeyo0/evo7XTXT8D+Sc8w058T5nOVo+0x2Id5STaTq6aWtFd7d76WPhj4r2n2rXvEtpbljfLeFIo4i74mky2VAB3EM3ByOgHJxX9svwG0C98I/wDBCXw5o+qTveajc/D+C+kMoMUkaXN7GFifJAULg49RhsZ4r+HP4g+IdSsPFniC40zUbcsdTSXz/KVg3lhdmDgqwJA6c55GM5P9smteMtRX/ggxoGtNeLba3c/DPQUe4jwgkD34BMagLhiuemc4wOa/HfFSTqQy6mnZVcXyy0drOC3tpdab3006WP3bw2pqlGvK1nTw9OTs73XPFy173V9GklY/Fz/gstq8cf7OXwo0GBY42/trQ5ZNzF13LpNkQo6gjHOc4GSdq5yf50Yfhj4h115b8XkFrFuXajtjBK5UjBIyQBz05IJJAA/df/grHcyXP7Mn7P1zLd/bL65vdKkuZnBMjO2jWBBPXj0yuVBA7A1+O2kavdJbyafak+Y3lPJ5jAgYjHABByAc5GSe5yBmvnOG6lXB5DSVGUbSxNZuyT0U1HdtLa913dtrn1fFNqmbyc7/AO74dxdt/wB3F2V7u99L66ry0+XvEvhLV9GuXtru+hmKTsFjRyQCcZO0kDjtxwOelcXcaJqShpHZSpbBA5AOSQB0xgHPGAecnBIr1/V7LVtY8WNBJBI0k12QsgJCBEPUBuOORkdMcHgAVtV02WzupbKbO2Js8tnvhhzyPlDZznoR0LGvpI4mLjBScXKUbys9n7qu1rZW281d67fNTdklaVnte7V1pZtJpLRtdNUeQHTZ4GDOAxdfU4TPA4yTuyw25wS2OoJB+2fgvo2g/CTw5J8UvH1vHPPc25HhPw9OU828viWMV1LATuMQfYcnjnOK8L8MabocdxN4j8SzrDomh/6T5DEFtUuYWJjskB27wzhQeGABJ9qz7zxfrHxQ8SNq2qZh0e0dYdK01Swt7G1QgQwRpnaMqoMjAEk5yM1FSUsRFUKd4xa9+cd+V2vFNO13d8zbslotHr00eShGVebTa1pxetm/tW02dt9fK1j6D0vwv49/aO8Zan4q166lW2tEikMDBzBYWjuqQWlnEMpGiIQCwCnH8RBJH3V4J+BVvpmnx6YlzFM7W0RWRYVENqeAd7AjLEc7u5DbufvecfslXdrDeeKba9Ijs3trJLjymwwRdpUBD2JIAIODjac55/RPwt4bOpfaIfDepacl7qMcggs7+Zi6RoSwmdQmQAOozkjJHNfN5jm39jupS540IKUf3j91JPlsr62b0Vn2vq7sxeHrZlVioc1Xmd+RJpt+cVfZWVrJNeSZ+aHxq0abwD4nutMgceb/AGVE80indFIJCAGz95cgg42nb8owTwW/DLxJDpOkyXUsYy1xCqlZCGaQMCSTtbPOS3Ix/wB9V3P7Uug65o/i9LXXEtZLi4075rqHIWbYV2uiEZUA4Az2IPasH4HaRp15p9tDf24u4X1LEiOAVVSDjaxAwzHIHXA4BxivusvxCxeVUK8pe1hVoxkpRs1K7Wqbd7dZWem70Pl8Zh1hJ14OPs6kZuLi4/C1ZWs01dXeq9e6fpHiD4o3xgihgSycqOCXViiMuCWLDBcggAHPJwduWx8xeK5ptRi81hucyXckigcKZAzHJyQASeB17jB5r77f4Z+CtbnEcemRxQJP5UrpMVkAOTuYEMFAAzzkggDHerGqfADwFq/hjxBZabF/Zktnby3d74ivZlh0/T4I8mWSa4kKqf3YZhGu4s3G2uSvmWDy+NScqfs4yjZy+05e6lbdvo7W1N8s+sZnUp0aKnUaklGOrSs4XbbtZO3qrK7u7P8ArJ/4J96LIv7DP7N8RXbt8IrcZJAVY3CNkMSFwFJJLALwRuNeL/tgf8FHvgn+yvp2o6bZajp/jT4gQRSqulW11H/ZWkXIRgDql4hdQyMADCm4uVC5BPH5Jwft5fG/41fCj4W/sZfsEeFPE3iI+FvC+n+FvE/jrSLOeKO6vI4xa30qayU8nStNRs+ZMrtI8aliBmvtf9kz/gh9o9jqen/E/wDbU8Uv8VPGf2iPVIPhxaXEsvhXS7tys+NXuHYnWpNxzKX2jeuQOCK/mfPKGGqZnjsdj6ypYadepOnQX8asnJOPuv4VLS10nq9D+l8nq1MNleEwtBKeJhRipPR0qbUY6uaau+tot6qza2X5k6Av7e3/AAVa8a3LeGNK1XQvhjc3q2t34+1j7TpHhPQ9NlkKTr4dsZwkd7PHER5T7WErYYELX5/ftQfsTeCf2TP2lPGnwssdbu/G97oGl6PqN34j1yP/AEm41nUIPNvXihbKxxRyFhCMlQnTowH+hl4X8JeHvCGl6V4e8L6FpXhrw9pQtrOx0jR7KCxsLa3h2JHDHDAighVCjdIXbqN1fxkf8FQPCuveJ/8AgoJ8YLLQ9Ku9Wulg0CM29vA7BUliI3SSAYVCc7ieACCG449/w5zum82xEJKjgstoYacowaipOcZU/fqTlvK19nFXdkmz5jjrA162W03H2uLxtSqo+43LSSb5acYp2inprd6at7H546HYmIRLEu7Fk4L8BEAX7ox8p28HuMAbSecd98Pfhr4l8carb2Og6XLfEiTzrpkYW1uOcySysoUIMbtxbA6nFe7r8PPhv8IdLt/EPxm8S2lm8dtG8fhWxuo31Dc67ykyISW3EbXQ7eOvAxXnknxs+L/xq1WP4d/sxeCp/Cfh2SN7W58QCFrcm3kyklxPerEvkRlGLNtZ+Mk44Nfo2aeIOGpxqU8qhGr7NNVMbWfs8JRsoJtTb/etbpQVpPqrs/Pst8P8Zi6lKWYuVHmlHkw9O068k+T3WlfkV01d3Sbvba3pGtW3wL/Zqi0fxF8VfElp4z8V21peRJ4J0OWO5jE020QxXhjD7tz43glSNpBGQM+dJ8Sf2ov2pp30L4Z+GW+GnwvixEbiC3NhAtoWON9yBG9wBE24pnB9Mmvpz4af8E6vC/gTRNI+Jnxe1aT4j+L5tT8ye2vp3l0SCZmVnEccjOb0oxO5uAuAcYr6K+KPx++A/wCz14bR/FOu6Totvawb7bw/pf2cXc+IwIreCyhw0ioQFBcL97vnFfkOZcWV82xCjhPbZxjJycYycZrCwk7O9KitGov7Ukmz9wyTgjCZVhYvFulluEpwTnKTgq80uW/PNq6f+Frq3szxT4N/sTfDD4ZSweKvFm/x34xby7h7/Wj9qie7JDk2drNvRFjfdtbIB+Xou4j1L45ftS/Cb4J+D9W07xh4m0ixGoLDFb+EdIMFzrbomCixWluSkaqVHmZAKAk9q/Ev9o7/AIKj+N/HM2o6D8J4T4J8OSyPGmtSMX1y5iIKq1uxA+yI6kMFCtjJ5xk1+VniXx/q+vXtzqOr6neapqU0kkk2oajcSXNzK7nc5DyOQmTkDHTHqdtd+VcF5rmddY3PcROEZLmWFpttwVk7ae5BWdnFXdvIzzfjfJ8opPCZFh41JwTUsTNXvJW95N3lK+ttdr2bsfqZ+0X/AMFN/ip4+F14Z+GpHw58HpEtml1bktrl7DGnliQzYBgMiAOyAEjPXpX5Z+IvGOpa3dzanq2qXeqahcSM0uoahcS3FzM7EkvmV2UZZuAu3GAQemOGudWub1lLM5yc7i3zZKnJPyjpndnjg9AOa09F8Mat4iu0t9PtJ7yWRvljijeQ8nGS4GFByACSTls4GK/UcsyHL8uhGnhqEIt8vNJRXNJ3S96UrSbbSu772SWx+TZpxFmOaVXPE4mpNNaQUvdjHRWUE0l666b9ylc6lPO+1AzNnmRySckAk44K4znqO3JAqodMv745SCeYsyqHEbshYkYw2AM8YzyAfbFfXXgv9mfVrto7vxHImnRMu82x5nCAA/MSflJGccAnuACRX1X8Kv2cB8SPiF8OPgt4GtbSTW/G/iO3061up8eTA7EAy3Mu0ny4gNz5G3j1r08ROnhKdStV9yjSi5znZWioxTbduq22eqseNSTxVaFGnPnq1XGCinpzNxWrfm1qur13R+eXhT4N6trMUM15DJBAHUkyIURgWyACASztkD5VycgqMiv2z/Yb/wCCOPxc/aYv9J1qbR5PAfwwMkTXvjvXbV4TeQhlMsGjWc6rJcTsmdrlF2AgqRhc/wBDX7I//BEv4P8AwYv9O8Z/H7X7X4meItHmYr4YjVYPDNpcwN5sby2w4v3jYDBIUDH3c5r9Fvi9+0/8G/2d9Gu9N17WdF0a10+2hPhvw34aW3a5MMKqscUNlCsUUWxQqlpCCpGdx61+QcReJMmnguHKM61apeMcQ4SktGklCFr3V7pzVvJn3+U8GqM1WzOcVGNpKneyW1+aWnXpezXXoef/ALOP7HHwC/Yq8KxeGvhb4Zt7zxXNGtvqnja9t47zxJqdy8QDRvd7XktbUt8yxR7dmQpbavH5Vf8ABa271DxLYfsz+AEntX1S+8WatqUtl58cixFLeSEveyq5FvgZ2mYpyc8tzXlf7Wf/AAWw8P6E9/pngCc6Ld30RhWz0k/2x4tv59wRc+WJDpU0xKqCgkwcYBBwfwX/AGsPjV+178YLbwv4q8W+DvF/w68EeKZp28K6z4jFxbatrwl3NJOt7cKk86FTuJRIThsZJBFfM8N8OZ/i85hnOa15KtNydONabcm3FJNR7RbvypX0XmfQZrmmVYHA/U8MounFrmcEkvdta7S+1e1vV23Z7Z4i0L9m74Jw/wBu/Gv4lQ+LNbhlmlt/hv4JlWe5Zw2Y7TVLqJmFursdjEFyoJLcV4R4w/bl+LHjCxuPCfwF8L6d8F/AJQ28cmj20S67c2xygkvdXKCZ3dDlsHOcsAWya+S9K+GdtbGK98Q3cmrarIzSuZ5HmDSA7mMjuzvIQO4OBjGOSa9b0+GKK0RfKhgiWFljjjULzk4G1cbsHk7iMEY7gV+55fwzGoqdTG1amIldSjGprBelNe6995Jtbvc/Msy4rjSjOngaUKKSvKSiuaekUrz6f8Hc81Hgg6lqMmteMNWv/Ems3MrSTz6hcy3DvM+WZneVmJBbjgjjaBivdfC/h6ztre2ggs4LWFoJ0bYg3vuhdgpIUnkY4JOW4zk1wrzRmXYrMpjCM4wBk5wQPbrk/Nkk9B09l8EFL7WNBgbJiOp6TbzLyd0c95bwuMZBYsrFFBHJIAIIyfpcZhaGCy+tOnTh+7pvVJN6JbaWu1duzte6btt8xgMfiszzCjTq1JtSnFWb7yit7pvq9Nu2mn9ln/BIa/m1P9gT4XEwgSWWueKdNZAp3KlvehEyCAQ23njkcY7Y+9df01bizu7GX5UvIpba4XYWWS3mUo0eOOCC2RnGOduK8R/YQ8D2Pw//AGdNC8O6fYLpthHqt3qNnZbRHlNQKTvM20HBlLMyYGBkheTX01rQSWWRQQFJDAgDd8oz1+8TnsRxjjAr+ScdiqeIzPFYiKup16jSaSt761VuvNtorJP5/wBS4HDPD4GhR5rShRpx82kob6t62V3v82eP+EvDVj4P00aNpdrDZ2KNIUhiiEaKXOWk2qdpY9CQBzj0425pGV0Vcsu5ctj5d3ODnnjC5AIGSO/e8+VdiSWAVtoIwN3AJwQRwByQeTgnHAFBVLuPMGM4IB556jAHpk7R169ASKwnVg53Ts5WW6va697Xrs0lqrJ67nXGLjFXXM/7zV+63sm07X303ae/p3hEtN4f8YKzMQmgatJnBJO3S7o7AOw+90x8w9K/zifGMsMnxK+NLucmf4o+JCGRMHKanNlWPHBx0HcY69f9IHwUoXw741YfMBoGtZB4A/4lV3g85+Xp09DjgEj/ADmvGMIi8ffF0iCNTJ8T/E7byQCm3U7gk9t2SD1IIPb+Gv6U+jgr8SttuXNSnZ30Vttnd2d003po9LH86/SJT/1RxMlZJSg7Ja7x0WtvW3V9LJHFh7yR1+T5ECALtC554Y8knI4wc9+SBXB/GLTppfC2mxNsaR9SyrZG1QQeByQAMglh1JyTjFelxzwGdSincq5O5wVMgBHB5DZGD8oHGG5LVx/xe2p4X0+ZsJnURvIb5c7dy9+OuT1x3A5r+4s8gnl9W6umovrtJxtbXr5rRpPqfwPwvUqPOMNo7RqbKy2Vru7ejWu+vQ+M7Lwi1xJMbi5ht03sASQd+D3J6jOPXqccAgW49I0rTGMa3EVxdjcAFw21Tzu3Dk4x83TGM1yGq6ldy3MyiZ1iSaULEpIVQCQGGMYIHcn7py3GRTdLuWjuTJgsxBT5iGY4Axgc9ADnPoBx8tfhlenT9vNXd02rPSy91vq2m3pur+VrP+lKU5LDQcpNLki3Z2tor2te/XpppqdMdant7V7O3bykWXzHkwQzEllJz1JH3mAwQF715/qkp1LxHBHIzGWZYoo3+8dzEZfnBxnoPX6YO/NOMuxwSTuz0BGcl8c5OeoJ9efTlzdBPEVrO43rEqFSMDBDZGeM9eBgE5OBu6DzsRJxVKCjq6iSW/u6WsrXslr5/Ky7MAqfNUmt5U2na7XTyv8A8NZ3R6FexjQ70afM5eVUilDgkcFMfdxhSc5IJyfbioo9SiaUMzAMAWUNyCB74xz0xjtwOSDX8U3cmo30F7CzOr26RytgYDbRjLLyCCDzx1HBHNc1Grjls/fPBzznkncSPu9cZ4wRnHA9uji6lNKPsrKNrSavZe6tLPdrrtZ7Kx41bC4evUc25P3m0vetb3Um9Ner16N37G1qF8JVCplVI+duecnGR0JweSB+Ht09jbKUtCx3ARZAxgHIO0EnPXqW46E44rggQ5RSd4BBI2joW4UE9CCB1BB7cZz6dYNugiUsFcLGFAYNsCkZ44zgHJIx25GCK9TL60atWTqcq5VG7btb4U3a1td7vW726nl5rBUMPTjRg23N62ejaW2/TftZa6s5TxTDDFcQuVCyMnXIwAVPvgZ79O59xwbKGZvvbizENjI4JPAyMYGOAec468D0DxJZy3d0nlCef5NoMcTuS2c8bFJUnOT17+uBFpngXxXqTxx2Ph7UrpmIw0dq5UbT0B/8dwBwBkgcV4mauE8TLlqWipJX31923w66eTem+jPoMmpVlhKUnSndx3s7203sr7bpq2rsk9TmdNJhIJ3YyCSAAygdgMnPG0nB6ZyeuOu1WKa5sbS4KkrJGYywJOwKDxkDAyQc9TnJ5GRXoGkfAL4kajcIB4dmtAx4a9YQodwyWBbj7pJ5I9DgnA9m0v8AZ+8R2mnJD4g1XQ9OhaYKpku4ZPJG4M24FgVLdCemAQAKKFbDU6DhWqq7jFxe7TThd2i3dtXV+j22Hisvxk61OpSoyfLKLdrRSWnNv2e22+y1S+KvKddRVWQqvlHtgKMEYIJ5wTnnHTBycmtqNJPLYncQVwu5SQeecE9gR3wCM88gD7Nm+Bfw2sdXSfX/AIj6DEUgzJapLGQwCg7YzGWB3AgHIDD7p4yKmS3/AGcdBLrdavJqk0YcKtuglUsM8jBB528keuc4xjx4YuhCpNU4Tm5SfLyp20cdr3SettfXzPcqZbVq0qbqVKdNRUVLnkuyutPJ7Le7vvZ/KGjxXDSwhVkwGG4ojEoQRsY4Bx6YPJAIyMg19KaJ4H1zxAbSVLOQxfZw4e4JiDKoGWG7GegyAeTjGeBVxPin8JdKWaLwv4Wnv5+doe04lQE7SWxhCOMcDkEAd66G3+NfjDWba2h0jwhYaZaqhRJrlQWCgfKScrwBjoAMjPIIx9/kWZ4uVGNHDYGrVlJRacotrotLX0V29V99rn51xDkuWe2jXxuZUqUI7qE4qTbsuXXt0023Hp8C9Zv4zILi1hLrIwEgyqEfwluOcZ6YxzjsKwrj4D3AggjvNbsbcrK4kCOnyqxIDFmOCxwGIwMY5weSl14v+KEsE0UuvQWFs/mbFtEClF5+UHbjHZSp4x+B8H8U/wDCYzo/2vxLqU0KzMzlp2UMGG4kBSDt7dcYPcnA7M1p5/Ciq08PKnFrVKKvo1ZO9uztp116WjKJ8KucKUK0qs0+rk7y9xJ20jprbpfW9j3O2+DHw708t/wknjaEbFIcRyxxlCuWOSGI7Yz3wSQMA1egsv2X9Aib+0NZOqSQcJ/pDOz45J2Ly3P3gGOBx1UA/IEPhz7R5kl5qF1MxwcNPK6vuHOG3nJGMfNz/COQM1ZdBt4XcJEu5M43YctkZyF6g/kSc4Jzz8Fi8PmVdXqylBSTum7Np8t/hu+iv53+X3uFzDK8NaFGlB20V0n1hdatt20uvJ9NvsKT4zfs36PL/wAS3wYmotFGwhP2Pq6gbWZm6kjOWIIAAHHSvNPGH7UWkedpU3hz4d6dZx2bt5f2lIt8gBIQquwkN35JOOMHAz86nSwj7tigxgMUEeAozk559QOucdcYJzymtwsr2jMBsaUlRzn5W4wB/C3Q5GDnsteFWwc6atVnJtyUVfVWvG2730vf5atnsUc1hN3p04RSS+GHT3e1ratv5db2Poi9/ae+J+pM39l6ZpmlJMNqCK3G4qTjJOMNggcgHOAOeTXF6n8QvjDrYZLjXpLSOUgmO3JjwSNxUYOeckkDk7sYx1zdKFu0EMswUMETaANpBBwMN0OenPQ8ZbPHTreWEWJSq5+6MEhwcAcgde/sMDPbHq4fKMM4pzb1Sd9EnZQdravV79rK76njY7iPERlyQjZ3912vazjZ63to1ZXba0s73PNNQtvFt9CW1DxDqEzEszxtO+OOecNjJOTjO7pnkVnWGgpLcK95dTXG1osh5XYliVUg7t3Iyc89CTnPT0C91GNo5FjVWLbuCACAQepxnAXGQFyRu5PFY1oCzgHJbzUb5cHIHrgZ9RzkLyR6134LLcJLEQTp+9zxsm27pcqttbRelnvs7+VXznHOhOTm0pU+1rJq66rS1krbK2nbvLHwdor3UUAtWkfy/N8sEH/lmCuAMkhueBkdgAvB7iy8JaZCqbdPgQpkljGCcgswJBzkA+/3gOflGI/DSKNai2tu/wBGU7jnBwgJC8H8wWxjrk16kYotqttEZy4IJA+8CUGCe+QM/p3r9Wy7KsFChKccPBTi0r8kWm0o/C2ntu7vb5H5Bm+d45VIQliavLOKk1zu6ba1Sem9krataKz28f12ztjp9yhtYkR5MYVAGABHKgc456E9Mk84zwP9nWKOoEa4ym3gk8gfw9jnqcN69hn1Dxc62kGxTlnmO4EDaM8jJzwPb5c5GBwdvmH2gxszbidzjJAwQF9MZx156ZI5HNfKZ17GOL5XCMVGy+FabWtbfslft2aX1uQVq9XBQlGrKpzXcpSd9rbN2va9+tt9G01qyRQW4CRoEJyVUYwR5RwcHGeRknBxz2ya8t0cKNdvHkY/LKSQGAVgZAccHJC5GABwRnBKlq7u4vDLJvcn7u1VLDnI254Hp2x2A45rkPD2k6heazdtaWF3dHfx9nt5JQCsm3BYAqeecZPPAJ5x8niryxeEcFzR5027WTS5Vd9VdJ/fprt91l1R/VMZGblJul7t7p7L19V3Wtm0j1SyZHcIx2R4Dck7t23Geg2g5PPIznPPTetUiWA72bDSkRjqDkcMACCecY4A5DBgeDp6R8OPHmoLvg8P3uxhlZZoDGrDHTJx0B68nAOOTx6nofwM8Y3MKzXy6dYLuEjJPcReYqqcFtgYEgDBGeuOM/NX11OdKNLmlNRbS89+RPt5aX6X6u3wGJwuKq4m1KjUlq024ydrNNN6K7SSvbsntoeT+DrW4/t+Haro8a3TswyrFSGHQnsDgYHAw2MgYyfEmkkXMssKSurTgEMpdgzZ3BgQeuOTwD3xgCvuT4Z/DHwboeui68XeIrCYw2042woXG6VCqhQij5xkAMckkYGCcDD8T+H/AAJZ6tcvHBd6lZ5DW88cSxxtyTsIIwHwR6Agc4yc8tfFYOFNqVeK3d+a8r+7ZpLVXsuZJW69D1MPlGZ1qkJQoSeijFyVrfDfqnZ7Nbbbbnw//Z90VciFlVWJZVADDGRkDJKqSQDxnJ7kYqSDS76eNfLtZiGYKMws+SoxkDaSGyBxnLDPYcfXj6l8OrZllh0GBXiIWZ764jCg5UkgFjlR8qj5TkHjqBVq5+LHg/TA0Vnp2hRHKbkit/tcoUDO9FSMnJPOUOScdBkHyqmb4Cmk3VUuVK7Vm3tr0W9nto9OunsLhbMKzvZRva+qdn7q2S+Tt12Pki08P+IblStvpd9IVcllW2Y7QrY3dBjsMKDjIPAxXoHhzwB4mu0mhk0qeBp5og8l2ojIQkgMMjg9znA6ZIya9un+Jl5f7l8O+G9YvJptpWWz0eRIWbPAUsn8ROdzHAByfQwpYfGzxLHILH4f68JC2FnuHFsiZGVYYxwB04O3GDjivP8A9ZKUYzlTg5xdk30tpZXte76Kys7dd/Vo8F1LwdSraStflTs/h0vbTTRrXXW1tTyjxL4Fk0hb9J7i0inGlzFUlnTdynIQZ+8WA4546e32H+yP458P+FvgvBouv6xa2F2urXtxBbK+6Zg5wC2RkiQj5fXsOePkTxH8BvjXrWoaX9tt7HTp9RuhbFbnUi8jtn7jjgKqheQPl4GT0z7V4V/ZR8aW2mQWus+ObbTVhmIjTTbcysm7llMu8Mx4xntkYx28l8RV/aOcKaT96Oui5bxuraWSa5t9UttUe/T4Uwzo+xqe1alJSk1pd6Ltvr5dL67/AF7H8WfBulXMk82rPOGDPHINgUMcZVlzkZI5IUZ68HBGD4o/am8JWCEWrac5woPn3mHDjjhQWAA/u7ueemRXjVp+yn4duLqObXPF2t6rECBJsme3iJGMrwwGRnvnHI6ZrsrP9nL4UaXIwGhJqYAVzNqFy0pOCcnDHJbrlRuGMYJHUXEeMs3Taheysk229LWb5vPRO637D/1Nyyo17Sm6tmrOcrpNW2TvrpZ7PTfZrkNb/bFZkeC3a2XfgD7JC905IOV+6AfYHBbjAOMCuDm/aJ8c6+rx6ZpPiG+Z2ZY1stPkiUkcgiRgPUcg5xn6H6bj8A+BtOGNM8PaDbpEUCgWiSylgRgDIPzDJBJAPy9RW+IbGMqllALeTG0LHaxRoQB8xwsanae2SccHJrknnWYVm74iUHdfC2u2lopbtf8AA2Z3UeGstw7UVh6SSUbLlj0trH7tT42a7+PXiCPzIfD+swI6hlbVdTe3QKzHIZQckYIIA4455zVuL4N/GvXldr3WtH0YFV+Y3El5McnLYJYYdQfUknHHHH2gLi1jRftKbvlyXmby1BH8BBYBQ3YlsDHTAxVOfxd4e0aKSS71rTbNTtdUMySmJlIwG5I6Z2j0HTHJ4J4qvUbdbEOXe83fZXXNpbWz117XPVpYDCU3aNCGlrWpry1WiWmt9X32Z8sWX7LOt3/mPr/xH1idkCl4bC3MI+YcAMDnGOmSeDnOOa6iy/ZJ8AZifVJ9f1JkIM0l5qEiK/owXPc9QuME46c16PrPx+8C6RDKra5FdS53j7MEXLHAxkEbUGCcfUY548o1r9rvwZCjqJ7cADZzKHYEAhm8sZPJ7fxN0wDWDxKVlJuSb7t2d42urvT8bbPXXs9hh4W9xLW1rLyaTSvpdJXe+/ku5f4AfCLQ9Pv/ACPCtleXa2F09vLMzTTJMsZ2SBjnLDOS2TtPA4Kivcvh9pfg3Q/Bvh+OHTNHtHezxJNHaQF45QfmDsULFy3BY4wRyRjj86Nf/bQ0S3huLXT7a4uZpIJ4VkiTYjCUFMsT1TjKjv8AhXnEX7bOtWml2mnWGjWgFrFInmzv5jSliSWwQMMM4xjA7HHIyVWEpXTSS91JN7NRvrq3H1Sad7Mz5qV7Wilp7vfbru9bbx1vbTd/sLN4p0grLHEEKxkRq8aCONGBySCigZPUeoHGF4GE/iTTTHIHCRyLJtFzNMAm1ckMN/JCgY+U5GVB4GT+LeqftbfEi/WVbeWK1RyWAhjWNDu9FzncB0Y9Dg/NXmWpfHH4j6uJUn13U1SRj8qXJVVJzkgjHAzwBgnuO1L2nRXtZa2Ta2S31bV7L06D9tCOj1vZpRi2rWWz33a03t1Wp+51x4y0i2E32rWdMgYOGVvtUMS7RyWClucc4BOeg61yl38a/hzpEVxLqHi7TnnyVjS3mQyKc5wUBI3NzgHtj2r8G7vxX4ovy7XerahPyctLeyEN6twwwvJ4bAz8o4NYk2o37DdJc3ByAWCSMQeQASCxJ69cgnJqVd3SU3ddbd1dr5Nq2mtnqiJYiMWm0+V2s3rdaed9tO1+2x+1uvftb/DC0mdlnub5olEakYADqfvKARy3chiME/L6+O6z+3J4fsjcDTNNilctujZ7g/MR0LLtwCp4wWx7jBA/KKRtzK0jzvgElcsOdxzkhm4zn5j8vbjFMEUjlxFasx3fK21mPfAwu7qepOcjvySLjRrte72TVlztX5OltN12/M53jIp29y2ia5+yWtntfXTr6b/f+sft1eI3lZtPsrWDeSdqoZtxydv8IAA6A5J2g9SN1ed61+2T8U9S5g1Oa2jBPywxeWGOBgdTjGeeeMDC96+WbHQPEGoyoljo99KQ3yiCynfOMhQT5YHOc4Iwcgdc59G0f4E/F3xCyHTfBuuTqwJBNk0cShsdS+Dg8k4PQ8HjA6KeCxddxao1ZXtb921vby16bW6r05p5jSpp82IpQTlF6uKtbl0cpT2Ttp5O5pal8fviRqkgluNf1YmRiSn2tlAOSQDyBkYzzjuTt6Hh7zxp4m1KWWW51S4ea5ADSmZ2Z1X+B2fJfbtIAzjPTAr33Q/2MPjnqrFrjQbbS4xyzalciMoCeSFGQMfzOMjHNPVf2YfFOi/EXw18NtT1awXU/EduskV1bHzY7R5MuEyANzDBBB+b325I655NmNNU5Tw00pzjGLkkryloktr3elt7fccsc5wNSVSMcXCTpxlOShJSajCKcn7t9IrXXXbSzZ6J8fTcWvjWOCVCXbTYlJwCrjnDZLHG7jK5GTjGK8VNyi26osW1pAobced3G4HkDj19+O2fqv43aRoWs+KRdpqbaRd/ZYkjtNRQiN4wD83mMcAAkgY64646fPF34Q1SFZJkt0u4kyyT2kqyowzxlQQRxnr82D2A5460oqtJOLi218Sat8Lum7Xvs7X8luZ0o1fq9PmlCU0rNK32raxs/wAnvdXtqY2jqx1LTtwI/wBPttpXHGXGOM8AckdienFfUvxvXPhnwrIScfbZWJBzn/R4icYzkYGTjoBjgqa+adIt5E1OwSeN43F9bhg6MjZWTJ68EemO3qa+oPjhET4P8MiPDEX0gAHU5to+DwNoB4GAe574q6MnOFXtGKa6Xu1slt59G7vS9iv3kaTUlJ62Wm6bjta+3TVO6T0vY+TZCquUA3ElwxzyGPcjIAA4x2GeAB10Sf8AQipkYkTRcgEDJbpjBx69uATWSySROS6kMWZSSh29ducE85HsCCcgjgHWjt5ZLBpMll81GZVVmGAwAJ5GOvuRxk4yV56SlKXuvWz216K6Vtbt3W6epzUrKcXJbLZbLRb9tb2a1230b+4f2e5JU8DfFKSFizQafBKCTjaojHQEcgFffbnt0PzhqHxCsb2/Y3C3NsGk8lmDDy3KNtdyMYwSCctjGT1zgfRn7PSY8BfGAsV40I4ydqkrCSOexBxjj+9gdQfg+4DSSs7KGRZZyFPIHztnjAHtxgduBXPXoc85JuSa1Uk9NLXv33t89VqrelWcfddrtuOsXqrcsXs7tru7cq7tM9g1O9sb6wuTaTxz25hJBLA4Yg42ryRuOARkbcHg8mvaf2WLdJNd1GILs8zQrxQgxy2yTbkYwc5yTzgZzgcV8dW80mFwGjjUspVXOCGAGcBtpAyTjBwAMEcY+yP2S3A8RtiRyZIb62HfASJ2ySDzngHOTyMdMm8Lh3ByvOUrP3Va7d+W2jtZf8HZocJJxvF3dkrrVtNx2tr1afonq73wNZ0PQ3vrpLmF4Jhd3nmSxklmZZmOSMNg8BugHDEcZrzrV/DdqsNzc2V8s8MQ3LDKTvAA5+YYOTyQDwMEEj+Ho9f8ZW0GvazazuF8vWb+N2lQEOBO4OWOCq5z9D8uD3x7zV7C8juPLMCoYHZPLkUMzFSCVXpwcjaMc4LZ5YRKVRVJR1Su9Hq/sr1XR+e/ZmdOD9smpt3ls27W0srO3Z9L6rtqfDJN17o5KBQfEdmrlTk4aZRnI57nJxn5j1r9DPib+w/4i8UR/wDCeaXe3SNrFolzZ289lJ9muVjVF2wXBBUEMQM55YjoeB+ffwuObuzwSCmv6bIm49mnRSTwDweOcg+wPH69fD/9tv4v/DkS+Eb+Dw94y8M6LczW9rpet2UbzwWDvvNta3JAMYbGTkEg9GBU5+B46zHiLL8HhanDzoSxHtm61LET5I1aScW4xlraXTXlVvx+yyTCZXiak1mTqezjG0XHdOUlrto0l933H5X+N/gB8R/AjMdc8N6jFa4JS4WOR0dMNlwEViFJyecnBHPOK898B2K/8JNJGVeLyfs+8EMpLLcx5BDAYPXnHUZPfP8ARtoX7b/7LnxFtIbD4u/B7UfCDu/kXer6CyalBChQqHEBUgxbiJGXIyvyg96/Hj4z678N/Enx98Y3HwrtIYfBdvcWEGk3UVkNPN5++TfcTWhYmOVjyyk4Y5IUA8eXwdxvnubYirgM6yWtgqlKl7R4lSUsNUalGLjFpyd3e+7TSbskdWZcP4HDKniMDjI1oTlFeylBqpFNLRt722baVntojyD9plfK8f2q/wAL+HNJZssMn/R0JIAzznGf/wBWfA7OYKSgQYZCd454HDHOeCTjJyM+vNfq78SP2HfjD8XrC1+JPhLSoda0o6RYWEcNo+L0TR26qV8vlmU4ULnG4k4OAN3x94t/ZK+MPw/gk/t/wP4k0m4SGWbZe6dPGHhQEl4iyYYYBOQSOmCc19PR444axeIq4ClmeDWKo1PY1sPKtCNSNRWjKFpO7Sl1XV2V7HJPh/NaChiHhasqM1GUakE5Jwdnf3d9Nra31T6LwP4fu3/CTOxVFPlZxnG5dwyVzxyT+AzjnK17p+0VCbjU/CLRBNi+HbJXAJJHyE4PTA5HbDY7cCvFvAtpLH4xMEttIJIo2R9wK7CpO4MpACNkYYEZB717x8bLVrrU/D4kcRtF4bsygwSCDG33jjGegx2685FfRKtGVKnOMounzuz331Wqtp5vTfpqeZCGtSMm1O3S/RxurPqr2Wl+zdkfMRtgJMo0YjYKCRyA33hhsnBwCCDkcdMDB9h+Ehkj8bWOxV2qLcKSv8IlTkZBXIHQnOT2Izjz86RCYSVn2vuLMTlgo5z0wSgHJ9OOcV6P8KUx43sFExcbYMDGScSL0wBnkZ56+mK6adWMmtbXtKLurP3Vp+W925PsiJR5bb7p262vqra9bN6tXsr3R1X7RN/fQfFXVhBJJF/oFiCAvyn9yp+bOee/1J5AxjyiLxFqkQWErHcI0ezftw4DgAjJPB5xn/eH3SNvpX7Q77vihqgQMxawsyeewjVevB4x057CvDoJnRApVi244TPK9cEYyAOeuOAfU7a5KiVTTlbfM3KVra3jsr6aPtdvudOumnKoptW0ad4O1la9+ZLVdnrrb0vwRcxSeKLKGCEw77m2k2yEZJEik84JYnkDGOucnOB9zfE1ftPwt1u0byhPdaossal1TcsdvFnauTkjHDDlc45ya+Cvhs5bxnpJdS4NzHu3Y6qxJBPT5QQ3r3r6g+Pc91a+GPC08UskQup72aRUY7HG3avCsNxAXG4gk7mwazxFJPDLl0XOmrrblaaS0v126O22pWFlCGJTaWt0rLo3vf0311+Z8lQ2yQMWDbGRirLnJJ6ZDdycEYHB45Fe1fDlnfxTpQUSECEhGJPJIXOAfXsTkdCfQ+Hi8mizI5MuATtK9ATwAc4GOoODuJPevZfhnfJceJNI2JiVoc/eJCkdyccgDIJ4HyjI4xXPhuaNSLlZ7Jbd1stu97uztvod9dL2UlFdmlvpdWva/ft3tvrP8Zww8d3nm7UP2a3wxYHOGUbiQePl4A7YHJ3c89ottFPKhDmR0G7rgKwAH3R0HBP8ILdyBxtfGdVbx9fbpWQi3txv2nblQDtxlv5gD68jP8N2vmSCQSKwH8Ef3mJAwzEEEFRhiOf0yOavy+2lLR+9uv8At1S+H57vfTXp0Ya6oxSvbkSs9tXHVa3fVO1tvI+oP2ZvMXxnYKqtHtv5N+1gWIAHYkAfnwOp9OT+MdwzfE3xY4MmItRwHYD5Rgce3OADk9s4rrP2akYeNYlyysbxyhIICrjnI78ew57enHfFy3lPxQ8VL/rI5NSIJLbUI5b5Sex25x6/dArhxCUpRne1klbrooq9/vWmqu3qkaUFUaajZ2lZ6tNW5Ur6d3dWta97dDiNgltppjlZFweV+Zg2M4PsCw9x3yBX2Z+zpK0ejavGhaPbYXT9MlgbaTnr8oJPUcHpkDr8fzrH/Z1wCNhDIhUMBgDABHfjjjrtyOucfW/7PMe3TNbRZSxGk3JDnITYbZ+OmRk9u5HzA5xXPa9KaUnZp3bbvZPs7tPVNbW18zqi2qkNE5XS3Wrco2urdVFa3slueP6nPiS62RAMZ5gGPO5ml6k9evXtjg9zXZeC5boXdgNxjQbgwXLDHJIYcAHjjPbJCjgV53qdw1vevGFJLTXLkEnYx80jLZJwxGCq8c7sMOo9I8EzkX9g+0AfKWH3zk9SR0JOTjt1I65r5qvCzemibTelr3i2+vknq901bp9PhObnprqnFta21cW+7vZ/Ft1ttf8AWz9m0RrqngV1ZuNd0kkEE8jULY8k8k+g7HPPzV/cdowB8OeGmZeW0DS2GM85tYskAdAM+45OOQSf4af2epTLqPgpo8IBr2k/Ko+Y/wDExtyDycY6ZzyeecAkf3J6ECfDPhgkkf8AFOaR9QPscfGfXnJIx7Gvz7Gx/eY1X+1TvurbSW6t0VnsldH0nE7f1TJFpdRq9Hr7lJtLV9uvp5kzoGXBU4zgKf4iWznIHLYPGeWBOcgDLfIX0VGGQvAxyuD05zx1PAJz2FTEM2FTJw2MnGOnfO3ng9eu3IxkYRAQeARydxwdzH16cEY4HpnsK+cmnzNX002S0V1d9E7vS7bW3U+bjNpRTutlfdXdlunZ8y+5dGhgj4XDHCkgntnnA9snOQSCOvXilMQBJJ4Ock53KB0HbA798erHOLBU4ySzEnJwCQvI65GBu+nWk2Ag+hBwCOmcDtzjj8u/cczS35brWzWu9ktN99dvXYcajUnd31irtNbW5r7ySvtdNrdtoq7AeRg4IY5J4PXB9cZzjoS3AycVOMHAwACcYORwe4UA5Pt3B7dQFBg7sAEj6BcjBLYHfp07dKmEQ+QdWGMkjJ56FQDkkDnHIzjPFOlFwWl3qm22tvdS+5bWvur31snVdrWsnZLXXSyvdJO19LLW+7tuqnCjcCAAF4IGBnkEY98enTkgcOCg45zyAScdRjIJyMdck4yODyM5QxsOS2cknOM7twwT1PXHAx2ywBxlwUngZAXrlQMjhu3QcZbHTqSobNdUJVJSaV1blVtNbON3a176W9E7pfEYuW2mj3b87brV318tX1Wz8hCTwCBgjIBAPB46fj6cYFKrEHdjk8LtJBORxk9M9AR6Hjkkhuz5txwQpPTjG315yBnocHryOoNlI03ZIAzyR1zgd+vI3Y7EZ5HU12Jysrp3Ttp6qydtFotdW/nqcrnHqm0vXpbp1trprsvk5NjAMQFbHPrk9eMAnnA9BjrkDMoXLKSQcktxxgAkf3jgk469M+mQXhACyptOeeCR6kZPr16evPU1KuOMn5vmwDyBj72B0x0B9SAPStqcXK1+65dnde7ZcrSdn3Tt7r6mUqj1cdly20Vre7s721XZLXWxGxwScFTgL8vViOx+UqR0HQY6ZHAqFm6jbtC5yx5LEZIJyMj/AGSOAMc562G2jLN93Bxjnj14PQnkjHIBFRsVxuA4C8c8kEdAByBjIHJA5zkAGu1RinG8Vd+89Hbo4tO/ytrZt63ZPNzK72btezX8t7vVLd311Vut2RjGAy4AzlsZy3bA9McAkknvjG3FmNwVx82SMcjH3jwODndnBGCOp6ZFQgYQEDIJxtHDKOMlgPXOcH3zwM1Mp5BC4PX7w64OcD0B6fe6YyaISUJRSi9bK6d7vli973UVta1tkn3znGEk1zapp2WlmuV6Po1e91fS297k6R5IBwflHO3sDntk4AxknPc471Kcc/xA8HHPG75Thto56AjGe+OKjRwpUHoOw9MjOeO/Qdcc8dczLIq8nABzwTknBLAZzxgbiB1yOCCK6lJu1rdEraW+G/knt11+TOXkcW7Ju7dk3fmenndLfWzstW0rDG64yQCQp6cEHIxnnPb3z0HeTarFudvGNpAxjvySDn1Xnt6coJAVLcFSec/KcADLNu6FfTHHoMZAH+6Aox0AYcnsOevPJ6e7dMHalJ6N7dns9rtK19EtPK22pm6d9rxla1k9FdxaS1+JJcujtf8Ald7v28ZJ+VWxzu6cccD14znt0A5DsBSoyWzjHzEcHtjHGDxwGBxxg4FMJyfvcHB4OR3HGQMnHcr36dAXgAkHPIBxkdcng+w9sjr3wDWjbcl7qabVlqrL3X5NSdkk9dE9EtxxST1lfRKy6+61e0fmn/Na/QeuM55PA5OSTySSe3TgcHqTu4yQKmTkZzkgYGeTnPHc5Jx04446tPHRhkHjnHP4c4546Z9hnCjGeh4HYEfNnoAenBJzj/Z54xtFRkrNbNe8u75XfXrbW9l09Xg5q7dryund/wDbrXfXay7eV0IApYuUIJBAGCQqqOh6cc4yTkD1wMxvjHyk85PHTA4yfQduODjGMZqwWwpI4ZgMcHb25GOSAD6jPsDSDDHKgcbWJ3YIBwenHAyeATyBzxmtJ0oO1leSto7NR1S5d/LfffuyVUitWnfe92uayTb6vpdvq10vZU8ABzjO7J9ODzjOT64PPJ59DSqhK5woPYZywORySOGOOQvOMHgHOLeAwYkDOAOOMHpk59MnHbOT9UVD97OAvG0cElTjqc4A685JAxg5qFSWl2krrurt2duur9EntzW36VVavZO++7srapbLe7T12Vtm4lYxB9vzbSDyMDtj0P8AePT+ZpCgUYJyDg5z8pA6DOB+nr1A62HGDkcAAEDPfJ3cgc4zyemPfGI2HBLZUHjjBABGQewwRz1yMfdz16KVKzUktU7pcyslotbb2Vrt6/DdaWCVaeqsmrb3S/4dLz6nh37Sw8v9nb41sWHHw58QgHOAFNjLluQc9vw4yTzX8Fx1azthB5mo21pMkN4WWaXG4G6l5CnncAVA5xwecZ3f3mftP5b9nH44EYJHw48Q4U8j5bGQgkDuTjtzjB/vV/DJ4X8K6DrOmy3Oq6Zb3TC5vYjLICWESyMwVMEfIWJOAcgYOTwK9TJJzp8RYWTgtMHW3dm17SK7dN9VfZJ3Po8Ly1OEM3jKTjzZphdYtO9qKt5WVr66LteyfiHiLxJof24ST6paXEYg2lvO37ZDwhwoyMFhjIPOSenPPt4l8NtcwTy65bHa0arbtKQBGDkZwAGOfTAwR2IB+gNb+FHhL7Yk8WmWEUE0KtFA0ZPmdOSNw9CcDr7gVyd78OPCgL+Xpdn5yMjErEpBDNwG3H5QBnJAOBwo55/XsHia7p1JJQvze7F293bzV+lk7K92fm+Lo0o1Fq3Zdkm3eKva3TsvRPVG94Z8Z+HpvCviaAXVq7yabcQ28ShsNiNmGcDtx9eMZxmvLNG8a+FbKaGNrmWIxQIbhIrYybXVfnKnGMArgkcDGcd6+tfAXgfw7H4e8QvHaWpmh0O/kRTArqJBbZG3jK4PKkEMMAkjrXzPpuhxqgnNjbCOWGZXPlRszgSFFDHb8pwOe/JGAeR20FiKs6/M6cfaRpuUmrpJRSdkm+V6Wbva2j7nFXlSVOjZTfK29+VOzi76Ratfpoui2uct8ZfHuja/8EvEmm6Ub+4uYbq1mLGzlWEWvnIWkMm0IF3g5zjJB6EYH5jfCe6tNN+Mng+/uRMLdJtQkkaOJncI7PjYFU59CACT3r+gLxv8CLOx/wCCc3xK+Mz6qRez3FpYW+lJZxiKO2/tTyCzXAQMJA25hggkce1fjZ+yZ4Pbxx+0b8HPCNnlr7xLe6jZQStEsqK6KxZ2jKkPtUNtB4J4GOteBLNaTp4ycKim8DialObcXGzowhJqyleys0mulvM9OngpuWFUo2+t0YTilaSaqWV3ayTtytK72tsfVvxr8YaRq/wj8VraSXLuLS1SIS2UqIuLhBy5UBQu48ZDE8Y5xXxJ+zRepZ/tELLNZ6jdgaLEBDp1o887Hydu4IqkhVA64Pr8vJr97v24/wBmO9+Df7N/ja41e6UXkf8AZVuLRrGCJZkmvUZZ0dVDfOWwVDbVHB5PP5U/sC6PBqv7b0WkvhY5PDUSYjRSArWO44DLgN6EDIwcnilDPvr0qePhNOWHjypxT+KDjLW99VdW0SVtbPbq/spYShWwslf2vNJJu6fNFWV0orXbTq/meu/tPaydU+GVlpsGkazb+br1rL5t/pz2yGONAzAO5G51AJwCSfUDBPwL+zvqVzZ/E7xgbPS7/UHkhmj22UZd0HmKdzY7ADbuycnBA4r9xv8AgoT4PtvD3gHw9bW88pR9dnYx7U+6tnKyl3CKc4AJxgDHbBNfk/8A8E/tPs9b+N/ia1u0a4juLG+DKccql2EJyM4PA5GRuyB1xXr0swjUeHxrqzkvaOcp2TmowtF23Vm9FfXqeTDC8lOrhlGCvBKMOZpSblHrv23d9/Q0f2gL3VdQ8IaOLnQ9YsoB4gtcS3kRWIvt+4h7OQc+mQeACScj9ky18WHW/HMfhrQptWf+27dZ9kRPlGVGIy4GELAAAjHIPA4x96ft0+DtL8OfDLwnNZWT27T+NbaEuzN5hURHO4NghducEdsDtVT/AIJg/CjXvGdn8dta0iEOdD8aeHUlBnEReO5sZpti9flKjcxBwRuBxxnlxmf0aOOp4+lUbgnGDcrXk9IW8lqknvp8S1R208rnVy+eHlCKlq1CLlJcqnGS10kr2d156ux8a/taReKZdW8G2fiHQZtIurfTdXlWCeUSebFvClgeFVeV55PB+8cGsj9k6LxdH4H1q00bRvttvBrV2bmaOYROjyPlEXghjgDcAeMkDJ6fWH/BSLQP7G+K/hfTpCu5fB15cugJ2rJPIpYKCcYUk/NjPUgEE1hf8E+NFttU8BfECaUMfI8UTJGMMRuVyeFBzgnjI6H5mHcehLMP9pp5nKUpOtGM3btKMUle17WXvW1drdzzaeGj7OWF5I3TS5dbNxndu7v3tbc+LP2lIPEt14x02HxBpJ064tfDd68ULziQTwnGJSQOWx05xy3evoL9izwF8X/F3w+uIfAfh6TVNKs72/uLq5jIjjt5c7nikmbsuCrIqkryTjrWD+21BaW3xV+zl2TyvBNwSqg/u2ZQxIBOcjbwRyDnFfpr/wAEz/Cd5pP7HOneONM8Sw2LnVvGLQ2FzA0gkfcBLvMbJ5pb/lmrBigJ2gYyfns64gxWW4ynj8JTp1KmIrU6SjVlLlcZx1vyNSulHRX3d27JW93BZXRxeE9hWbp06cXUbik3eMoqN3J6LmdrXWiXU/Gj9sSw8R2nj86T4otDYatF4Og8+Dd5iwxoXAZZAAHUjjIGPpgGvrT9lHw18Ub74O+HptFi0o6HslNnNdKFuZXDASblHOwBeCSBxzuB58O/b0vmv/i9Hd3c6Tz3Hw/tyxRdsaEPP8m0nOQck8k7iOwDV+wn/BOrwvp2ofsk+FdRntYZJ2GpW8bSLuOY13ErkY6Dkbl5zyc8d9fOZYaphsfWpxlPFOmqkNXCDqK71vdpSWl3do5v7PjUoToc3u0pe67RtKMLK2l9XfXVW76s/n+/aug1OD4r+JYNVNs169ja2rGBT5QltyPMUE+mRkHBzxldwNfpD8Gfhx4l1v4ZeBhZ+JbSyt5fDtpNHC1juktQMsVDhhv3HrnOM4Hevz5/bR8pvjXrTZ2+Z4i1iyUk7VVlMYCgYH8QJC9DxnAJNfr/APs8iC2+E/w2+VWjbw1biZ2UsSQcEtgBsZ+6R0x24B71jZYbHe0pQUvaw5nHpeXJKzsl06uz0S6HHPDRq4NK69ypGMWrO1ko3as7XWl2r6H4r/tSeHL3SfiD8QLS9vlvJ0vtPSafyzErMdikiPlgpxkAEnPJzX64fAr9mT4ly/AnwZr+n+LrC305vC/9sQI1krvZxxRvKbcs0m8NMF25ZPQf3SPzZ/bE+zH4nfEkhQwXWdFCHkgiSRcjJ75wOSeecnHH9Tf7K/w98KTfsQ6d4jv7eWTVY/gzql7bz/awI45YLCTYgti2Tx3AJBVccnI8LN89xeW18PWoJQlia6p1bxUvdnyy5Vf4dXv6vTRnoYTLqGKw041Xf2FOLjbdSSSWjWq3XldKyZ/H38VdCfxB8U/DWlXV6LefxP42gglvGjULG8moGyeZl4yuULkDjGBztyP3F1r9j7xZ4O8HL4gfxlaT6bYaDHc28yWOyO4htLDzXGd/yMy/KCwPzAfN0J/GP4oi3k+L3w1ddsAk8VQyB+u2QazI7NknJGGz2O78Wr+kVZ/EupfADXbjVNZF5ZWvgjVzaxSoSPLisG2shIIBCgAAMTgHrkYMZmeLwONhPDyUVinHnUrNTk3G611W7d976NdCoYSjicO3NNuhdQkm24p21atZJWWz66aJH8u7aYl78TPDkEzs0ereOYBO0R2SbJtT8hzE38DleVIHBPXODX7UeJfgD4L0z4feINc0+58XC5sfD2p3e46nIYw8Nm5AmUAr5eQNwHVcHLZr8bLWWOX4xeArdBlD8RdIiBB+8kt/EzDsMFiWK5znj1x/Tl8QvhvCvwV8f6hBqLQW8fw91i52eW6RySpZSEornIcjGDj5h0/iyelY54bETu5WqNJ2lu24ppdL6799boxqYdVqdNu14KV3tZLkejeiejvpr3sfy5eDNCt7/wCN3gDSLuEy2mreJrOGaPeVLxzyKZAGzlS+eGBHOMkkiv2O+Pn7OnhLwx8MPGWt2fh/BsdEuZLeZL6R/IkKEqzKzkNkj7pH8R68ivyb8HWkUf7RPwagE5cTeJ9DJxjDB5IMg4I45O7qOgJzyv8ARh+1LosVv8BPif58CeWnh9mh+zzh5FJYgvOoOTlRhecDK5JOBW1PFzoVZUqav7VtNWVmnbVa7K6bdnbpaxhXpe0VOXM4qLs3zcrXvRm29dNXbtbybR/Nx8ONItLr4rfDzTp7KMwXl7a+fbMTtlVoVJU8ggMeOpPBP1/Xfxp8HfCNp4B8Xana+F7JJ7Pw9qVxE+6T/R2SJyhiGdoIBz82RnqO1flD8MAV+PPw2SMkpHqmnnYw/hMajHYkZPPPf1Oa/dHx/CF+GXxJmnuAiSeFtUWOJSAFPkvxgYPLdcDpj1Brty2rOFHGJRUr8ybVk9kt2/NX2+WxzZjTcq+Fd3H3U2r6P3o220erXXq1e2h+Hf7O+lW+qfHzwFpt3ZQXVpe3LLLDMm6KRDE3LDd269uoIzg1+qX7U3w08OeHfgZ4y1Gy0PT4LiG1hSOeKBd8fmTRttjO7KjsT79TuK1+Yv7LsG/9ov4b+VMF23Z2kk8ExvjJ7EjJHQYyOcE1+yn7Z9tCf2dvHJjdUMVtZu2CW3MZY+QPfvk4JJwCeazy6tOnhsRFQTjOTV7qzuoqyWtrL4ru+m/QrF01LE0J81rKCdm4p+8vNLV6a7LQ/If9jPT7bUPjfDY3Frb3EL+H7tmhmhWWMlZBg+WwIXb27ZB5B4P6efHrwvpNj8GPiG1ppllbSjwvIPNitYlkUmaPd5bhcp97rgYBPXPH5vfsMwq/x3jcAO6eHL4gE4b/AFy5HsMHJHHTPSv1V+PlsP8AhSnxIkc7WfwtMPLJweJY8nHPf7uOCFyO9dOCTeDxUkkndpNp6L3b36q7s3Z6uxnjJN4qgruN409tFq4WTt31ettfVH5efsKWIk+P2lAruVfD96V8xVkJ28EkNlM565B68c9Ptj9vOAx+BvDYGVii8Q2nyqFUb5IpdwKqO+BgcE457EfJn7BVosvx808ltvl+GNRLDP3cSIMk+5IyfmPX/ax9l/t8WIT4d2Fwj+ZHFr9i+/kIPkkxg55zgDqT3OSK2wrl9QrRlFpc3NdaK2lm9lrZPv31ZzV5yjmFG6b5lG19dH3va17PRpq71dmfNv8AwTChuYv2kb2+so1lubTwprrJG0UcgeQSxZwsm9QcZG7H8QGc9P0w/wCCmfjDU9a+EXgI6ho0WiPo+vxrGkdvBHJd/aFdDK5hSMkMcZDZ3E4x6fnR/wAEqUd/2i9VkKMyp4V16Q7CAVUSwA7MHg7exwBlgSea/QT/AIKYWrXvwx0u+R5GtR4m0m2iWWYMUMYlLAKARjgNuyuTnJzwfiac4/6w0YuN/wB23dbX5b36a6/ifWyUv7P517qc4JJW0u4u21ttdNW91ofAH/BO2JYvHPxQlvbHTrqNksLeSK9sbe5jUySSPuQSxvtJ+XcRgnPIHWvcP27NJ0qPTfC2rWWg6Do11qEGtWt7c6Vp8FjLdoIlCLcGJAGwB8iADHcdc+M/8E/xjxF8V5pCExcaYUckk/ecZUgnpjnIOOo7GvZ/28mjPgrwVKsrFv7Wv1JPIKtGM9OAGzgZAHGOuM+9g8PGVWrieW8k5vW0Wttez3Wlld69Ty61ao8RGlKT5XGKacrJ2Ubcyur9G9L/ADPy2+DH7LHjn9opPFjeDGspLjwkkdzcW13OsbXAuJXjhjgZvmVsggAdSRgZrqvCPwJ+KHwO8UeK7b4jeC9U8OW934N1iGx1G5gk+yXr+WQhtpwGWQMuMMxHqK+8P+CUcp0/U/i9NGjTO8GmDYwz0uJTzycEk43A9cA55NfpL+0VqsXi74SeOLPUNFtriSw8Iao8F1NEGltWjhYgwSMrMmwclUPOcDJ4Pl16SnKq+R3blaaTave7TautbyeqVntbVnqQrpOlHRxdktdEm47+S01du6dz+bD4VPMPij4AkjQfu/EOmAsp2k5uvu4yCCQWI445BxXp37ZIeP8AaB8YTSFB/o2nlQSRuZoIlLbjwMk5HGCe4J489+HduumfEHwffGO6lgn8VaTDHcKjeRFK12q+TuA2kjgt74xjBr0L9sx5B8fPFVvMuGaLTFC7Sxx9lhk+YHhTtKnPc89a8CpTlDFQetnB30TSd4621b0Te1nboe7FQlhpNTnfmTd27aWs09flfsne6PnOPyjCER4onk2sgLDLNjcxU7hnAwCAPwIJxtNFKll5STSRusaySKjnDANkycthAOOD2Iww7/Sf7OGt/spWfhbx3Z/tAeH/ABJfeLZLO+/4QO+0VibS0vmtitp9pUfcQzkFySRw31HBfC3xF4A0f4n+B9V+Ifhe+8SfD+28T2n9v+HrFi97rmi/bFAsYxH8zySwnZtUAuzFV6muGWZtSxn+x119VUm5ONo1rRU/3MnKz0ul8Lte/um0cK3GknVp/vLJ6fAlKNpNtaWbey0V91a3kVhq99bQytHOJV3kgSKMscAYBXK4A/PsRk5q3uqSSoRcQqGdWYlMj5WznjGAN3JxnJ55PFfoh+2jo/ws8PfGbUtS+Gn7Pnjf4R/DDxF4esrvQ9P8W2skEE91cRJKtxpiyZ8mIwspMZYsvUgAnP5363BJcWZnNpdwWhlaC2uXtZTA5JJ2C42CEsAQCoc4Gc45Nd2UZvSx+DpV03SjVTioTlBtST5eV8t4yfNZWTb3JxeBeHla3tFFKTcE7Je7bTu3o3tay0PLr6IF96IPnkfOQCeThenUEEYxwAR0GcZ5zCwHlKTuJYcgdD3zxz1wCcggjHXq5XtUtkiuQxjSQpmIYc4BBDYG75sHnnj7oxWPKbCP5laUB1baJDhjg9MHj0PT1zySK9KVKyi3J620ilv7tn6J6eraukZQrJRSUWnyx0s1ppd3ffTVWbvfXp9Sfscm3ufihfwXOxIX8MalztDscI5KjK8FVUkkfdGSAOtfYdj4X0HUI7l4mhkxJLsDHE6HJYsDu55BA4xwuOTiviH9lPXLDQPiPe6leedJYQeGtTFysMXmzruifaUVclsHGCOckfdwMfREXxK0G7Cv4dvbdXDskhvZPs10XeUttMbgEhRkHJI6gCvq8gzHD4ClKnX5X7SScJTW8klpd3W7s29Xq79DycdgZ4uSq0k1KLXMk2rpNPSN7tLd332T6nunh34aT620KacgnOnxTzusqAblLEDaSCSR1HzduPSi5+G2p2WqWxvNMdVVSwdfMAOCwAOAQCp+YDoRuGMZz9BfAHUxqGoPGY4JiujI0qIyukxYr84lUsoZsg7CDngjsw+mdWgt7h4QbO0lREUkfu95C4zGTtwGU4yQc/LjjrRXzqFPFVYclOpBtNW5bO7jfZNvXW712udlHLZrDQcpSjP3VJ67Llvf0emr7rVn5l6z4blfTNWtmifc7whfMjOD+8XIEjrkkfdG0dOuOa29O0tobR1msgsUEEMbI0KMHVF+8TgHk8HORuI55NfcHi/S/D1xoeoY0dDMr2IZljUGLfPErHI284wvI56AZ4revfhz4XuYozHb20MJsovMDAg72jQ5ZV9TnPA4HOeDU4fMsEqrdTCqzbUWv5rR1+K71drXtbYyqZfiFC9OvHST0atd2jo1JbLVdl2tqfnxY6Hp95M93BbKI45GDJE7RyDeRghQQMJjGRnGQT3zWv7Ka11J1tdQ1K3jNmrPtd3EbqDtVs53Ip4Aznng5bNfY0/wr0kGVNMSRDLcOZJUYBE29DwMAEkKVz8p7kA1g/8ACnotT1a4t4Lpo5IobeOdJlyGJBJ9vT2HIyBxXoYevgHiqc4RnCPI3JK635Y2utNLq9nZO+1nfmnRxcMM4OMZT0aduZptx916NtdFba77pP5TTU/EMaM0OoW94Igv7u7gZXbBO4Fx1zxjGc5O4+kSeJr2DVkm1XTm/wCPThrGUzBPcRgjjHO3IwCPoPpm7+CV9AbiK3cMzb8kxr5ZKnKkP/tE9MEZxyA1eZat8KNbstRZks5JmS2QvsYkksCu5QpJwT2PC9T8w3H1FUw9SNqeLlB82zlpHZac2unnbd+R5dsVFtToRaSeqvZu6Wmi1W2ve70sc+njbwxO9ss00kEoUqy3UBALkEbdpUbiTlSAW4OeBxVnwlL4au9N1OO6j027M2t3bJEyokiowThCCpAOCwYkZ9OpHO6h4E1qCXzbmzuIlVmIEtvv2HBxtITk8dvc84FcjYeHrm3hvJGgd1W/mwdrxspODuwBztBbGcd+layo1bw5cRCpzW5eazt8K0ty73vdavWyJjXk3+8w7i9E5WTX2Ve3q1fT1319ll8C+HdRgk+ySXmnBnEjRWl6QjFcYGwu24+3TuR2rgf+FeznXdUg0nW7u2cJE7S3SeduPQI5J4HHBAIIBHY4xdN0vWQsk1vdahbl3ygSVyoZT0BZm44HGO4qppniDxVY6xq/lXQuWV4hIL4ZDBM7QG4xjpnGCBkgDIrinDE0alOU4Od2+VwfxaaK99rXellq3drU6IU8LVUo2Wq1T0b1jbfv52tvtY6vUPBPjm2WJbWXTtRjQH5yvklgevQ8NyOjDkkggjFZFpp3i+y1O5lvPD0krvBEM2reYFRCSWICkc4BGCOAPpXW2nxM1aBEF7pETeWSHeCUJkAAkYJDEdMcnPJBwBWzpvxY0o6tdJcWd5bf6PEyEKZFyeG4AJ2KpJLHjI5BIzWn1qCcJVPaQlGTaTi2r+6m9U27dn10tsnMctoyclBaSjZq/T3dd73WlrrZ7aacJcauIGC6hY39qwm3P5tuxVVzzk4xgdePU4wOKqweJ9GHiK1kW7SKNbF4mmbMf7wuW2EMOjZHQkZycECvYh8QvBl7KyzXVszNlTHcQpHxjAI3KSQN2FOc5PXOTXH6tZ+G9b17S0htNJnspLOcuIvKAYgnDNt24fIA45+h5qK+NjJw56tNtThPVNT91x+6/wBrd3TXYWGyn2cpum5LmhJau9naNr6K1rPS/k7XuYviy+tb/QLiWzkhnffEylJEZjtb5sbSGPJIyBjP4isLRLUpoemzybUEuooSduSo8xSw24yVxzj0AA6jPZap4C8NLBEYbOa3UkE/ZZ2wOpGBuPGc5GOvTPNQ6V4Ee7tCbTWrq2NtOJ0hucPHGqtj5gRjABBYn0AA5458VXhiJub5I2hZcr03Sb1ta66au34dVDDV8Ly2fPqpfDfVqLvpe17Oyv5p9F88fFnR9GXQb/WbdEfU5df+zNcI4WQRBejIeQvHJxnCYI+XA+eYUUS4cr5eMqVBwSAAxT/aJyzHoGA6chfpH4meBvFDarfWlnHJrtpFN9tnks1/dRmROZDBGSxOTwcA8hSAxNeMafYfYdQhS7hJMBPmW0sZjlYq+CCGAJOByPXJ461/PfE9OUczrxSVnLpZtptOz13kur/Sx+sZJOpVwlJtSjtdNWSkuVWTvfW7bdldrrcr2mq3FlIPJmk8pkVNjEFTn/e4JJC+45HUsa34fEDJPHMDPp9xG6n7RZsyEEHKMVQZ9Mg9OoIqtqunwpJHLbQSeXcTyEQsSHiLEkEKAQE5yeeu4gnlhUis3kuWidFyig4OcnHQg984JDdB2ycZ+PlT5Yyk4qLbVpJpXbaSsuq032b3ufQxqyVSCjJJWV+bpzcib8lfVa7r0R794d+Omt2SRWGtJD4j0xBtb7Sm65VTgcO4LEqvAwDjGM5OT3qaj4I8YzpPo94+l3IjLf2fdHbCZm4KpuJGSzdiTzzxkH5PWARPlFGWxxzlRyc4HUr2BJGe/OKuW0TJcIyOVYKJEZSVw2T3U4yccjOQcdT1dKtVoxspOV0k1d2auk7q9tvJNrudFJxqSlzRjq9OjtdaJ32TXlfZ6HtWreF9St/tC3FsWUTjy7ldrqylgNpkQEHqSACcjKjHJP0d8O7QxabZM7MG8qSLaVA2iMKE9evOCVB6nbjOPlbRvFniGztp4Bfm6jieNhHcgSBRuwoUup6ADAOcfex97H1D4C1i7vdOhkmEYkNwzOyKqoN33VAHGMjJI4yScnBNfQZXiYuSTup8qW176pvf00d+t9NDzMxoXhok1f3Xd7Nqyt1stE1bRdXqbXxUw3hSJcDIvrYgjJIw6jJPA5yQehHXOMVw/wAQNOvJNL8J3NraeZDsYMgP7zcApO3uAWHDY5OeCcA+h/EjA8LQuQCPttnIXxkL+8BJ3cYG0dR/e4IGa534k67pttpfhQLeRRS3EaxrFHKuRwql2UYALE8qvAGACPmx2Y+pGKmnJPmjFJ300cXq+9vk/Lp5WEouUk2m7SaaSSaWivd3btfZKzvfppxOg31zHeRObG52xoSemC2CGUMeo+XCkHGcgcgivTm1y2/sny4NPvI5GnRic/NvTksGO7ILHIxx823qapeFdPXU90I+7bW5k85iFB3AMPmAXJbPGTx90k8mr6RobmG0hJcJHIWVmzzkg49c4PQAjBwDwK8anUjytKaTSStdauy0tZ+Wt0ux28rTu43tdLS937qaSttzNp2auvhbsbOn+IGWczT29788Mc4Vs4PldBjG3scEAdeD0FTxXNlrPjLRbq8glht5bm3BLEggbsdcKw+YjLEEZyfXEFhay3U9p5qbERZI33Mq5CEnBJ24HIK5wOACM1DfWcgv7F4CVFqrMOQDlCW+XAH3DkDDZG7FZ15J4equaL91pX1+yrNa7K70v3td2trCPLUj7tr8tk4vb3Hs22tG1o9PQ+v/AIiDSPCnhXUfDV5lZ9c0tLu1S3mSfe0q/u94GQuFwWBwcAAjAwPknwp4Qt9U1K3tZU1BCkkLNNFE0iuEOSqALzn7q5+bPzY5BrZ1jUNS1uGO5nmd5IxFbb2dnKxIAAi7iFXHcL0ztyc8+i/DnUjomo21/Jl1tbmNzG4GXPGCc5GR2DZ9QMcD5vCxWBoSm2q1aV5Ny91OTUbJctmoxeid9nax6bhKq0t4pe6rWdnZpWUlZq++7TtZ2u/Lfih4Yn03XoI7C31IRyW8bo97A0EjBcbmCEDAGCR6gdiMBdCsdYurWwhitJmjjuSWJGGcgbmKk/NtAB5LAA9SDyfov45a1pOvTaBPZzSLdi2xctLGFCNOSQuQOVAwFwBxntyeNiaPR4tLdjv2oULx5V2ygYFhxknJxx83CgksBXc815sNHmpxjUnBKSctI8rS0TvvFbt9fuypYOScU+b3Xd3VtPdS5tW3pfZ6q5yr6R4hacyx2jRwJcxjYsmGlLNwpzkkdSe/aud8U2+p2upW1ld27QzSo7A7BIcNyqYG0ZJ+UtyTzxxiu8stVmu9Qk33EsUKyCWEF8fNG2QWXaPmUnknPQY27uIvFFxDda5p8sckk9xHDnJXcJCQGxycA8Drg46gCpweZcteKmo8qirPmdmpNaW+Sd97+7o2a1sG3TbhK13rFKyackr667JPzaT73+qPhDD4ih8F6FFElosJik2I64flzkNnoc9SeoBJByMdwv8Awkgub9G+wqwGVG3PBIPJPPOQDk+47EUvhnexWnhLRTcyiOUxSMdp6ZcsQ4wSDtxjG0Z+Yd1rbg1O1n1W8Kzu6yKMbUzlVbGOnQc8g8L2AyT++ZbjMJ9SwSlXjFulDaav8EbWu9NdOi9L3PwTNMHivr+PksNzpYipZuDvq9Hpdea3W/Q5eDT/ABDN4l1edY7FZU0u2jkBwUKfK2QD8vIz7cAfXuvK8QNZZgSxV18oEgZ3kKByCACAAW69OOTya+lvbf8ACR+IMXMeGs7WMLKwU5bYMDcCQRlu3XoDXUm/s44ZrZJE3rgkGROw5II3BugH3QBnvu546uJhJVHSrJr2tRXU07qLXXTa/S3fezOqGFnD2aq0VFujTb5k0/hi0rN7Ja63aWit08u8Z3Otx6RdCdbFjGIiyqihiVK5BJ4CqccDIzj05+fdZjOoWN5fXcEIullijRUdQrAnLho9ucbTjPJxx1Ar33x9dK2kaiIN85HlHKRSSKgODglVb+LoM5yT3Oa+bdRs9Ql2tbx3jPJMsqhbedgflJJKqgGAeBnd71+R8bZnR+tqDxNPmjBJ81SC5ZJX35k/PZbK3S36nwjgprC80KM4pzukk1dWtezvd31066bnp2mW8PhddFvlskib+xL+6UJIqHfIhKM3BzwRnPODgYPT5d1SSXWNXmupArmfexXf0IbLAnAJI5z0zycjhq97u01i9srTzFnlFtps0L74J1ZdwwFK7QAfugA88jHUZ8ftfBfiPU9SW10/SdSmuxvdbW2s7iWd0bOWRFQFhznPOOTk1+WYDOcLRqVvreNoJRd3KdeEEop8yd5SXR67LX7/ANDlgasYRlGlKPPytvkfNpy9e1r7p99NGdz8NvEFt4T1zwzq2raJFrmnWF8guNM5T7TCzAGQPn93KhGY26k8E4yB6B8aPC2l31/qfjzSJnvtA12+iNsksvmXWjSSDcdNvozuZDGcxxt0ZV6YGK5uD4YfEK2060uV8I+Jh5UbyCR9KuWy0ZOSMqcbTjBORyBjBxW5pvgn4iX2nXbXfhfxPJbXMPmPEmn3AjMsLYE5TYULIM5OM5OcDPPn4vOshlXjioZnl/tIr2ftJYujblbi3HWcdeqa9GrsdPBV03JKbil+8ptJqekbc2l01fSy2bbaZ4Bp2mSprsDJBG0SySShQcHYsZz15IPUDpgdM5rYTUbvdGbRY7IQSySRmCMbw4kOGywJJJGR1Jb6DPsKfCjxdYznV18N+IGtjbeUJ5NMnEazXCEDqu3aOAcgZcj2rlj8MfiHDHCz+DvEEaOwAlawkjR/OJ2FSQA27J2k8HjHUkZVeIMllFOebZfKM0otvF4flbSTcVJT15V0bdt9zvw1KunpRa2suV8yd4395RvZW11TVnozP1D4g+MJ7HSmute1C4bTmks7MyyAtbQyAgiIoF2cN0AJIAPJNe1fAX4p+HfC0mmaR8V7A+LPAFwdWbUNKkZY7ixv7pMQ6tY3GxpEurckPtJw/I5xzw8v7PnxmudAs7q2+HPiYR3GoiK3lk0+VI5MAM7BsjcAmCcYOMZzzVTQ/gv8TPEZns9N8Ja5fvp+pyW17JY2jTC1ZgEVJAm7DFwykgYyvHIxXmPO+E6tConmuVOnQmp1JQxVBqlJuPLzWm1Fykmld+9ZpX1Rc8JOqpRtKCnHllKM/Zyhdq1pLWMtE73vdbNGl488OeHE1yS7+H+py+NvDd+j6qSlq6S6QskzvHZ30QJJktlwvnlfnKj0UVHaeL9f0gQPayXmmhZ7ZYUE9wgZ4MFJB84CvEcFDgFSDgjkH2j4c/Ar4w+DdSuWg8H+JYUudMkgdV0pnWV3Odk8ZyGGSFJGOoOehMvjX4G/EnUHsHj8D+IoLl9QjE8T2HlCS6lwNltFlcqcKwAxjPVuCeaHGHC0akMPPOcqrQUOVTjiqDmvdXuSipPVO7cl1SuloE8BWTi3y1HyRV5csrpJJ8zb1bVpOVrt3d2cBdfEzx/e21/a3/iLXLm3u4vKlifU7uYSxyJgRtGJgHU+hDA574qjot2bP4diSL7XDPc+KruC7mV5YVk8qJGWKTY4JCEl9r8c4yc4r27w5+zB8bLfWra+l+HniK4jilhnFtMiRRyiL5gshbIw2NvIAOTkZU49k8WfAvxj408BWuh+GPh7b+FfEnh6/wBT8QeK1v8AU4sXDiHkRgLtWZ4kHlxE4JztDHBryM14v4SvgqODzHAtTxVNV5UqlOXKtVeSi9VzOKd00jahRdFT5o0o001K6cGlbl0ko7NtpRbSs32Vz4Ovrx1gbJ80bZFGJXC/MGJbbuw3JwA3c88YAvyaVFDB4fuYoIcvZmWUSuTvxITnkDBw2CMKcjJHQV0GmfBX4va/5sth4L1i7sYXfN1DbGSCaKNmimaCRTiVI2DbiCeBuIBwK+g/Cn7Inxx+IPh+wv8AR9M0uDTo4Lm3jj1S7FndiSNmVg0LJvXDKQg3Z4A5xw8VxPwngacfa5thaTqycHGDjNym+WKVoxk7X80k76WBxqqTqVJUYQpyim5TpxSur63s1s31umk1qj5P1UtBNF5M9pD++VyAiybVZQXIfkAbT146+pNXb+387TNTLa4nmJah4FXYGdtu7A4yoBByB145zXvOtfsYfHPw/rOg6NqlroMN54o82HTFfVkMb+RkzG5YqRAyx8quSTge9dVc/sB/tCR2GqahNb+GoNLt9Pmu5pxqi5kt7WMs4jzG24/KSoUgHJyegrzXxbwjF0pVM6wSm1F04OU03BSUOdxUdEmuV81lu7Lc6JVYKFKcqlLkr6U5e15ozatG8GnZq8XHor9uvzB4IfTLWa9utXvLi5m+xQtbZcx7ZQoJZRwXJ6jkE5AOS2K27PX9+rzyQrO1oqs+JZAORFjkE454A/hz6jNeheCf2XPi145Ag8Ox6LqCmxaTab0RvbwwzGB1nbZlH3hgo27tq5IAwW7rR/2OPjFB42t/B+oR6FZahe6S+ppMb8G3js4DscyS7cF3fChOpyOoFKPF3A1OviFPO8EsRRpyq1o+0bnCEOWUpSTjdpRs2le62Wra0m3SfI5Rg4LnlFtKSg+VuT5k9F8Wmll6nh1xcx3MVvfywozPHPEg8zkYBKkDjBGQABjrx607SrqJXsi9pGZBHMSXk2lwc4z1wMc859MdK+zj/wAE+vi/LDbsNa8LxwIXkQi8QnayFjuBye23g+neuR8J/sdfEjxLFJcRav4figtdXu9Fb7RcIswe3kMcsoibBMCsPkcHBAyducjOHiLwNTpTq0s7w0qcHTUpKFS7lUa5Gk6bbUmmk46J22s0YOrhqkXJ4ihKMGm5c0Gk+aOt2nZ82iXdq587w2UktqZ12xWrahG4SKXgFTlvmHHtgYwD1O3jrbmHRojJcSCN5Jw0RBkIU54V16846gjOexxivqLVf2KPFvhbRJ7rVPFWl3EdneWq7LBEnDieRELnbICqR78sSOACDyK7yL9hie8hUt8SNHQSJHOvmrAF3bNxCgz8AA4A5wRgZwMeVU8VeCIzjbNZSftJxThhsTL3lyykmlTei5l3ve6sjL6zhHTjL6zRcJNq8rzTas7LltaylbZXu9mz4jlmjS3tY7VFCRo6u0bgoC2SoyvGTlvXGMZJ21xY0ktcSo7ELKC+7zMjLDoR1yOF6HLcknIx+j9v+w5DHYlJ/iZoZMTgzIJbdWK5G4KBOSWC9CMDpjaORxWj/sweGpfEniLStR8aW1o2mNbrazPd2xSaGTA+0yEzfKq9l+YtxgFgTXZQ8W+E4wrVaGIxteFKKlPlweJTacowSgpQXNZtXt0d72TM3PD1VJU61N+zXNKymrpyhFWtFXvdaLda6JHw7F4Zt4YSsl+WAlVymSAcH5RwOD1HBx6cEGuoS3S0sL0RKCxEO4M+R8pzzk56dz2zwSc1+g7/ALJ3wxs7Zjd/FPRbnLp5i/2naQsy5G5gfMOGXnaT6dPUsPgB8DBrOqaPrnj/AEQaM9lGbC8j1+3Fw10EBCTkNgIrD5u+MjGMg2vGbJGorD5ZnFeU7WdPBzSdmtpS5YrR3TdrLW+yOa1KUJyVVypwTlJQoVW3ayuv3abk3K+lrpXtpd/CAubZbcJJMEkEcZCKw6jrgHHckH1PBrqLW9tp5YwHfatq28qcqdqMGBJ5x064UHPQ9Po7W/2b/hM+v2dvpHxi8J6Vp0Fluuri/wBVgvWkuImDeXFtYbI3QYzglckgseD7tolt+ytpmjGw1DW/AL6rYQzQwX0epIy3EnlkNcTBSMl5Bu2A9+pNa5l4zYbA0cNPA8PZ5mc8QmqtLD4OqpYXlUbe1lOPK25XsqfM7K+0tYq4OhKNOUJVJuXK0lRrKXLNrVppKL2Tjo0ltoj8y7KaWG3EcSSK6tcEbdp3xM5KuBgNtwTuII9Mkin291crdLIxmnj2ABCQBnoG5ycgDkH5uTnPGP0r8H2n7IVroSnxD4j8C3mtvdXDvLDqSwxR2skhKQeWd3KKCAOQeTnir0b/ALEGn3NwX8Q+DpIZHEkedRVnjYcbVGd20nOR+Yrnp+ONR+1jDgviqr7OpyqVPAyUKlmm3BS5ez6X0Xe7ieEg5VIuNdqMt1RbjPlaWlm09b2dle3Ruz/Na9urwPZNFsiJS4ORtcH5TlSwIxnIXaQSW2nGM1mWE1y8EzTRxybJizO0qKQAcgmPOQoJz0O5uO1fpFqfiz9iaLV9JSHWPBg0q3huH1O3DvN588gHlPGUYZ24wVHJAOADzWVL8R/2F7K3udknhyV5XZcW9vIwMR3bdoDkqxAA+bdt5GM8Vt/xF3GVpxlHgriZc9NTSlgp+421Hkk+Vxu3r2Sd7vQdPCxjTglRxDtpb2Olk0ne71TavsnbtY/OG71i4t73Tp1mEUkYcBo3KBYmKqG+6Oe3AJIxziuk8RXWrz6LFFLO0/m3VvmN1k8x/MYMA7sgGCDgAZxkZPavYvid8TP2cr/xj4BvPCc+nR+GtNuD/wAJTZwaa5+0WrP+7ddzlpHQdVyONu48EV7lf/tOfspX2m2mmvazyrY3UbxS2egJDJKIdvlFmJLEqEAAHTb+Nb4jxAzx0sJUw3CGb1FiaM51Izpzp1KE4z5IwlF0370kubono1d6nXLAwUKU4U61Vyi7x91ShbRcybVm7XV+mq7HzBaeFXh06a5k8L6gsrxW627y2E8gmZlXhA0ecOcEHcAdxZc5OcLxHp84t9D8OweHZoNb1S/tYri1ubby5GkEqyRbQwyodSOuBjnpivvS4/bm/Z0EUNv5Ou3ENtBGkatpUKbWhUeWV2pkFcYGQcnHHcfFPib45/DnXviDP42nttf1S0n122um00yC2ZNPstj25tiECxTBxiQAfMo24HJrz8n4v44xmIrLE8J1sLRp0K1TDzdSf72tFXp0pRnTgoucmouX2V63MqeGlLmcsNOhy6w5pQkptST3TS2dna+ia6HoE3wp8fXmny29r4PnwxiRfPhVAGjQBirbl3qSeDkLwQD6efTfA34hReJI9AOi2cc8Nr/aEsZu4sRQyDZ+8YN1Lk7VB9OSNxr3af8Abp+HsMTRwfDzxBewo+YmudW2MgwAAAqEquVX1YjOM8mvOj+174HbX9V8RD4U3ElzqttFZ4uNYkxFHEyktFz8rP36gnA9AZw3FXifOFVS4Qo0WqD9i/bU2nW54KCkqleno4ucnbeyVuhssHCfxQSWij71nK1viu2k1e6srdL9TPb9mD4o2Gi3Ny1npa25n/tKZP7QhDRW6ZbJG75PlUjJbPXJPy59I8M/sxePzZxapBf+HHF4IJ036lHhVlTeoLZ+YoSFchgUcbRwDXMXX7avh27tbjT2+FqLaXUP2aeM6pIWeIAfKcNjg7jgY4IyzZArLs/20Do9lBp+m/DW1NhbIyW9tcagWZELHauT8xUDjkkjHOcsRtDiDxYUb08owdCsp3Sm8O4uDjFJt/WJXal/d66dDOeW06kXGco3u97y9122ataW+tnZN2S0a6n4gfArxFp6WV/d6t4cWDT5TbXCLqSmR7l8AGJFJLqWxyAcZ9CM5uk/swfEBpoZodQ8OGO8jW6bfeswKzDdGORgFR95eAMY4I54vUf2xNT1WTTWm+GWhwJpmoJqSGScS+dKi4RJgSVaPoSpGD6A9Opm/wCChXjqHcLPwD4Ugx/q08qLEYySFXAGBwSFI+UkdASDUs98aJxo8lHK6NSTqe151QnBJSiqailU0jbXVJ9/LL+yKcacYQhGVna7mo9YNdNFLX8Nxuvfs2+M7CxN1NrPhu3gs9UhdnkvwrTSO+2OJQVBKbsAkHAPccVs2P7Nfj29hup4NT8MsjSIJNmoBxhgCUJx94dWPOTgDpXlniv9uj4jeKLL7Be+CvBnkGaK4Qm2UyebFIHQ5QjIV1xz1we3NLbft4fFOzgaC18O+DLRXCmRI7JQrEDbvOcguWAJyCW4AyRWtPNvGy0U6mUU3zO8+Shy8vuNaKd9W2t3otbsFk1Pki5wg6kXK/vqyXuW5Wo9db6baHqEv7Ofj9fKQa3oKRAuhCXBMileSpIUfKSAM47nJyAa80+JPh+9+GkWm6frWsWt5capbyGFrKUuISjYdW3fNlWI3Z5Jx14rKk/bg+Mdw8qx6b4Tt87gdtimAWydw7HluD9V6YI8A+J3xf8AHnxLuLG912XRre40yOQW32G0Ea4dtznAJDM3BGRwR12kV9BkOM8UHmFOWd47K6mXOEnUhRpU41XJwThyuLdoqdlLbT00KeWYSF3Vo2SslJTTs7xtp8VntfZem3378HPhFPrNhpmtHxzBolvqBWa4sjAZ7e+s3wHivYnJjkR1JVgULAluQayvj/8A8E3/AAt8Q7O88TfBzXtO0rxaLdprvw6UWLQ9cmRSztaOxC2c8rKw2KSGcggHFfDejftAfFPR9Oj0+08WJb2cMaxxwi2QCNANuxAyg4z2J6/TNdRYftKfGMQC3t/Hl5bSlw0SrlTuyCpRgOATjgY45BwRnvxtDjDF1o1quZZfGNOcnShGErxgpJxUmk3JW35u11fUqGEVObeHTinZ6tSjJ9FJcz0t1VpaW8j83vid8IvFPw712/8AD3jLw/e+HtZs5HhmSSCSHeyNt3wgrtmicAEPuyy4OSeD4pe6RfEllXz1LbVkjOHDL0R1A3DJXac4A6Hk1+4tzf8Aib4y6Yui/GjQYfFdlKiix8V2tqq67pglBCy/akG6VFHzMkmchSuelfIXxY/Y+8beCUk8SeEYZ/F3hR90z3FhCxv7GP7xW9tAGdWQKNzDng4JAyPSwmfRpSWGx7hDER5Vz05qVCrJKK9x3vG9npLXdJqx0VMvqOMakElzN3jdprSN7X0cdZW3abe+t/zuSW5jPkX9vIuxQNsiESLkABkBAzgYOAeOoOeK3rK4SONQw86EjAy250B4YAFcrgAHrknOeeD9IeHLHwnrC/8ACPeN7NrNpGWG21pYDFdWkwJVUuNwDYUnaxJwSCc8Vn/ED4DeIPBca61pBj8R+GLhQ6ajYL5oVGXK/aFjyEIBwWIGdpOOSD3xzPDzqKk7U5yTceb4Z25bcs3ZOTdvderttbQxWEq00pOPPbXvJL3ddd3F310ve67PxGTTkeITQjzkYEs4Yl0BwMFcZ4x1Hcc4rCmgTBVQCyqV5zyDzljxgjoQG5PrXRwtNbsXgDBASXgznBHYqV7nHPAzjPAwFa2tdRcsgFvcMCXiOQshYZJJAA7HIHHr3x6EK7TXNaUdLNX2XLvZq638tE+5l7OL5lZWWttE72jqrK6ba10b0dktTiprZRGAFyWHJU8c9GK8EAdxkdDkd6zLi1I3YVjkgs45BXIwM4xuOCoA4ySf4SR3p0wqrBgCwXBU/Lgjk8nHJ7H8+cYznskHmfNjpx3BPC45yfoD2P1rpjUi7NNPW91fWyjpay632trpZ6oxnFxW1m721unay1bSa1s9tHfRbLzq709QrFUPAK4UbiMA5OSP4h1444IPOK52W3lBx5b7wQCSP4W5wecc7umB0wD1Fery2gKqzYxuGMA/QbiOoyOm4gDBI6Vk3WmK7FuCxJIZeoOPlDAcnknGcdSBnvrCtBNWtazW7sr2a+W17Pe7aV21hKmpP/wFtXS10a0W93r6bpnnO3ZlWVgV+VsZBb2UHBP0z7hic0GQk/MhAAUAAH5T2J9sdP4c9Tiuku7Bxy6E7SSGHY8Es4PBwevrnGecHLktmCq5jwN2S3fg8Mw549uvXGO2ymptOzVmr69dL/h1ja7d7KzSlQS93ayVlrrZJWvd37vX0a2M2aUsj7RtIbbu3EHHOcLnqw49jjoeTkzWsc42yqcEg4AAIGQMnOM5zlTwATjjNbrwbiC4ByxIKrznOByPvdOcDHqTzmF49y52hW9ed2BnHHcHnvyeTzitqc1H4XdXuuzukk9N9elrdvLOaje0lrZX0XdNKybWj8tXs9NeJvdJaJZDCxKE/MvfrnJAHLAkKB0zxnrjlbhYUSSGaIygtkblwVz/ABZABU9gRxzwuNteqTRMykuhdScBdxHzA8np09Pl5GRgYzWPf6THe4AhQOvIIySTg/Jgd8/e5O7OD3rspVE0+Z3dl8Nr3fSzvpq+umq62OScZXbilZ68rWvK+Wz10TvfW97282eRyaafnns5yZAzAoTzgcncMDIGcDI/iGRwpFJ/Lcssy+RNngk4RhxkAdwCRkjGMcAEnHdXmk3lnKzQwgRrljuzgZznOMnGc5yOfoM1zN0q3EeJoh8rH5wQGQ9wRjcF7gE8dOmQeuHM2nfmjp7y0dvd5eazSemrWtn8zLZNPROW/K7dG+ZJvVRTf2Wm9LSTtpaJ4o1XQozaSRrqGkSjEmn3GJbdwTyYycmN8BgOh/EBq1L3w5puv20mreE5THIVJutDlfbPGeSxgBOWAOcADHYnnFcNFJcWbeXMqtDuJRGPDgc/ewAGzkgdCcZHJxoWrOJku9KupLXUIGDCMMyqwQbjgA4bJABBUgrxjoa3UeSSmm4vrbSMvKS126S0a3u9iJcjioyTe172jKPw/C9t47Ozd1o7uRd8LePdf8F6sBFJNaPFLsnjlBEUq5AKTQscDIJG7BGe56193/Dr4kaX4qktrnQr5dC8UWyrJ5UcoiW5kXq0D7gPmIJKdCeQB1Pw5cS6b4vhNprCf2Xr8QKxaiqeWlwyg4WUDA+YnluSQeMEEHzeefxJ4B1NHJuI1STfaXMEh2MVYMskcqFcErztJ9Aw5493LM5rYWagvep3XNTld3+FXhf4lr06db6HjY7LY1o873j8FZO7T0aU07Npt9VfW/c/os+F/wAcotVeDw541Uafq6lIbfUXHlw3RHCeduwFduCrDjOT1IFfUUViH2SxkfOq7JEw6Orc5U5+YYwSCTzjGMk1/Pv8J/2kfD+qm00L4hXTx3JEcVjr0WBPbvjCC5I+8gY4LZG0AdsCv1a+Evxav/C8GnWesXY8ReEbwxmw1i2fz3tY3A2FpFLFURT8wOdvbIBr9AweaOrTjUw9XmejlSbtKLSSkkm3dKysrbJ21SR8fisHGnU9niaaTb0qRd4SelrPZSdn7rs0tNtF92eHdOZX0yQxvJIuobVG0gYIJDc5IOeMHAJ6cZznfEyLVWs7xLb7HZtE8E8U08gHlushKl0bbkZBzz1yBnKg+oeFtV0vUtI0LUdKu7e6t7rUYWjmh2sDkAkMF6FeQwwCBwVGcVyHxp8L2+raXeyiSQzu6KVjDKWUM27CqwUdTjGeFyCCRj6zJ8ZUr1VKUdWmrON7tJRSu+rt3tv0dn4ua08LhsKlzRUad5XS10+V35R6226L5S+FPjXUtNvfGlvcfE620K6Piu4lu9OtpAsN2Ht4QTEgOFZlAB2ud36V7PN428LySQy2fxBtl1IqwmF5Luiyc7ztBAZWOSOrZwMnpXwb4T8G2ia54z/dS3Utp4onSNbpHwo2RkAuNrAKT0IJ47EMa9Wm8E2tw8dxc2tlbbcFkVSXcEnPQ44BHAIPHPv9phMJXjQjanGT3s27dPetflT02V722e54VPPaeHxTq4fGVeaPI7QjT0fLBKzs2na97t7O9noe2eGvi3e2HxqNppniDRpGl8PKZooZttrfeUSchM/LIdvOCvLbgAK+yPC/jSPXZpp31iy8MaoxBWCdhJY3LAZ3qWIVWbOA27aM8AhRX4021tY6X8b41tLmGNl8Nbo/LR8wnewOz5zjHQ5JyMgEZ4+uPCvinbG8Gvb9W09w+JUlEUkIOQrZGHAXII79e/NeDVwTX1jmi+b6zOUU0+Rc3I27q9nfW6Wttdmf1Hwh434jCUcpwOLqU62GpYLDUpVKkacqskmtJ305Yxsmtej3ufoZrXxT0nQNQ8GR+M1toHGs+TbX9jKslhcO8YVZn2E7CXYE7ieOOcjH1BD4l8G+KNIaBr2ylhnWSNJYdrsu4nkEECNjyCec9RjAr8gddtotSh8IS2M8esaLF4mtnltJZXlu4FZkWRVDFiVQZBUA/wC6eh+zfBEOk7caVfeXah5Y5LWM7LiEbjlHjYnIAzwNu3GSCcV5eFoVaeLlTvfl5JJNO8lLkerW9rayS22aep/Rtetw3xJkGW5rhK2JoVKirq1GPNSjN1YykpQUp8qbm2ldxetrLQ4b9oPw9JpGl3Qhv/7e8KyNbvexbwby0RLlWRYxhmfDLk4zkZGQMAZll8Rvhw+g20Vrf6kz2trbxPGkDNJGIolDI2AGYAjgkDnkdQW9F8feHtMTSLm8u78zWZngTeGy0QaZSwmjYndGckEEZA+UHPSxrPwX0LVNEtL/AMLQQ2V9PaW8j+SiJBc74xywYbVdj04xycZ4x9NlmcxwmJmqrkklCLSnKU4JSSjKP926do3euysfkviN4TYLiTIcPLC+zliMPVrVabjGFGVeTjT5lUtFcs7K6lfVNX6Hyn4/8Z+ANV8NX0dhJrX9pLDeiGaOwZ2EjQtty5IIjOMOenBwOBmX9kj9rq/+HvgH/hGdQ8Ualotpp+oXtm4Tw494kkcsrN5huAcBg21SuDjaCRwTUPjHwjeeHIryxmtlgu44bhp4nUHzCI2BZOzZXuCfXHPHi/wYNjN4buILg2wD6vqBaN4Uy+JyABuUngHGen58fXV3hc5lhXVnGvD2clG6jJxceVX6Xldtat6dD+NM24YxPC1LHU/qWIoypV6UakJcy5ukmpcrTi0na2ltdbn0p8Wf2n/hv41mmm1Xxz468RLAgMFpFp08NraXEIyohhHy7XZQzFsgDI9TX5feBvj3deFtd8at4cvPEmnXF94rvL4XOlabIDEHLiNJTGVO9kxuXPLYOOa+973w5pJE09nbWaZUmQLBGC5bKjqvJ56jDduMV8meBtDtZX8eMltbAp4pnXc0aZT5nJAATPyk7fu55PHGK3w+U4SlXwtCMKbg1VupwUk/cvZxuot3VktNdV0Pjq+ZVPqONk41k4+xbSqOL1mlywcYKy6O6bvpuzjdU+NDeJbq5vPEdl4z1m4EUyy3VzZStLOS27l2LkLnAUE8cgDivCPF/wARdN1P45+EdQ/4Q3xBJZ2fguexSycmzuWnaVDHKeOIjsBLHj7uM5wfu2bQdNFtJiC3LvCwLIgjZmPPJ4zjvg+voQPjnxppEdp8arB4y5kXw1JHHFIxQNllYAY77eBxnnOOMVvmOB9jQw0FNcqxmHVNU4KNvaTUbpJaKzvZelu/j5XjI1amLapNyeCrSk51ZS5uVLR3S3dtVbTzPQk+NWqQOz2Hwz1dZVjSL99qwTeseFBZgnIYEEKFA+90HTwr4r/E/wARa542+F8tx4Lj0ueDWppbSGPUN7Xk7KwVbhwoKnjBYqDg5wMkH2FEmuYZ8RiF4Q67pGLFugDAYycYGMZwCMgnFeC+PYyPGnwxmn2yTJr7jO4gAgNkjrjtjgg/N6Vy5lgFSw7mq8/fq0FdciVpVaSb0itYvp318zoynGc2LSWHoq1KvKLvKTTVKV1zOWvS7asl1s7HuLeMfiFIi/Zvh9otsw3/AGiSXV/NLFs/eG3jP4nB645PC/FPx/8AEO0+H/iH+0PDXhy1sDawrcPDcFrmP94hBhbqCSMZwQM9gQa9QvNQa2WdEgz55I3o5VgQFx1BA4bPHBwOA1eQfGyBZPhd4nkkuRua1t3ZC25iC6YGOmMd8YzjA5zW2YZRBYLE1JYnES9nh5Npysm4xVlayTTstm7btnJg8ylUx2FgsNhoqVandxptSjecerk3du71d/JH2T8I/wBsX436D8MfC+jaJ4Q+GUtpHpFitvd6jp/2jUTCqDZ58vmAlwRyx5PTjNTfEP8AaT+O/i/wjr2mapZfDm3i1fStRtLma10tRcJDLAwdYnEnGFwqgjA4zyBj5O+Hmsxab4Q8KxDT2uon0qySTaSGARFJJ2jkEnHXBOOo6d1rl3Fd6Nrbwq1pCmn30ixhssS8DcEdiOpx0JJ5rjp8J5W8JSxDVV1Xho1HJ1JaSdOM1ZP3bXv1trbdJDq55jFjKtGEMOqaxPIkqMby99Lm1vdvS75k799zxP4A+LfGdl4GtobWfQo7aPVL+1dpbAySsILqQ7y28YUlsBWHAwc4GD6/J4u8YXE07Sato0WfMQ7NKypJPOFLgdMg+mSMZBA8Q+AFtJL4AhaKJ3La1qjb5ASozOw+YAEEMSDjuSB1AFexzabNb7iVyZJCCgBYLnuOmQcYyBxyexrqy/LMO8vw0+eur07yXtqijq4tKylokt+y67kZnmGIjmOJgoUXy1N3RptuyilzOS3u+97W0eh574M8aeKbf4y61El5pU0lvYaXapd3GnM1vHGJy+BArrnaxL4J5PUda/QVP2kPjPZ2qWll428M6baWiGOM22gTBvli8sEf6UQH44OD0PAzgfmb4cuTb/FvxVbiIvLtsQRjaVweuTzgHJK9Bgg4xk+9T3N9KJ4jP5Ss7OuHVs8EYBJXtgHj5ui45xw4TIMDjqdedam5Kliq0EpVJ2SjJJP41e6Sv1vdPodmZ5xjsL9UhRdOMp4SjNqNGDk24x/ut200t167Wj8ffEn4jT/F/wAB3138Q7uTWng1K7tdXtdPji+x+cmZPLjdXLF1/jbJOByT09kvfiz8XNQnjFx+0B40lt7SFAbeBoogBj7mVjx8p69M9Mj5TXwv8QL64f4rfDy3W4k8xtOvGO51XCopUjcWAG7bnnHT0+Y+tW9vcWn2sTXUciTDcPMuolUhhxjDhht7DoevWngeGsrq1MwjKgrUMRTjBOpJJRdKE7W5/e95uzeqWulrBjM5x0KGXt1HGpWw/PK1GDtJVXb7N1bRJLRIpftGeO/GV1pfgxb34m+Otah/4TjSpFF9qf7mFvNjIuLeMIAksRUmN2G5DgluK7tfEl6tzcXMvxR+JrFyPn/4Si4DFgoLZCFcgYwFJyuAM87a+Sfj1Pcx6b4NV7iN/wDir7AKkUqnChlIJ2OTjgZYjgf8CFemW926iVfOso+Fw0l1F8uVGSMMOQckEAnHX31wvD+Tyx+OU6FPkhTw3LGTTSco3ktXd7Lrbz1Ctm+ZrLMA4ynzSqYhytBKT1hZWSVl9y2etmQfFKysNZstXv5da8WardQWN1P9s1HW7q4eTFuwUu7vllzj5e6k89APPfhR4H8OX3gXQtQ1GPU5ruZbrzCL64WMqJ22ARpIsZIQYBCnLYBzjnp/GN5DH4e8Ql9T052OjXRVRcx5J8pvupk5PXGOQGOBg1mfCDVNMi+H3h5LnX9Ns5IraZngnu1SZBJIdhZOSQwwV4zg9Tkkd1PAZZSzKjSdDD+x+qTbUuSzkpxUXq3ZqLk3fVfN355YvMamVVpurX9q8VTjFq6fK4Sb0TVldK99HsdzJ4B8GmKYrpTyvHbTsnn3c7FcQOdxAkIOOMAEYGcjkk+AfAPwJ4a1bw/4ivLzQ4Ly7g8Warbxyy+YxSCKZwiKwbGwADHHQnrzj6UPiLw7DFJHL4l0Z2ktpwT9pBZg0ZwBgMck4AAOeuD0r59/Z38U+HLHQfFEOqa3aWLP4w1WSGKSR0aS3NxIwlj2q2UZcEFsZBGOenXUw+WQzfL4wjh1TdHFOaSg4cyVPk5ul0+ZRs2+yb386FTMXlWObeIdRVsP7NuUudRu+a1tdVe9k1ulueuzfDvwhGd0fh7TxOisxUZyWYZOeWxnknqe3cCvALTStNt/2i5rB9Jsls4/C6SGyeBZLcOwU7tjAqGxznBHJ9s/S1x4z8AxpPND4ih3lefJ3yHCnHGVAwSD1zwccCvmOXxn4Yt/2gLzWZNVd9NPhiKAXUdq7u8mwZUIF3feBDHBzxjOK6MxWXN4GNL6q+XG0XPlhBrlvre267ptrVW3u+XK1mLlipVfbp/VKvI58y1fJZxt1tdp72aPpN9H0p2ilg0TSQqkkhbSAA43EHmPg/7RHX1PB8d+MqQz+DrjydO0+ADU9Nid47eBWIE0eV3LGpxnIOM54JHU11dz8WfBCxJGt3rLncSvlabLgg5HHADA5yww3JDHJIryX4l+PfD2teGTY6YmvPKdTsZczaZLHEqrKhY+Y21SSo4BB5x904NXmiy5YPEex9i5yhHSMY3TXKm42WjSejut+uray6njHjqLquqo+0jzc0rJ2SVktdLaru29dj2azTRreCyjl0zSi72sBK/Y4VIYwoSSxQgls5AP97OfS9r0EMXgvXzBa2Cb9PZ1VLOFXXMinAYICMkjPRTwDzzXKWfjbRnsYC3h/wAUTGJIUVxpT/fjUAlWLElGx1wDtBY5xwniTx+JvC+sWsfgzxWwm051899PMcMQUq2+Rsk7DxjIABPcYZu51sD9StGNPmWHXuxoytrCKd2o2umnZp93e+/F7LErHpyqyT9vfSqleHOtH7z00Vlo7Ox6R4HRPO8GxPBaBTcaFvIt4sSr9ojwdvl4faTgkqy9Rzg5/TH/AIKkeC7C78K/s7y29vZ6dcy6LdSLf29vDbXCT/ZIWhmSaEK+YnAMecKrAY24wPyA8HeOtXkm8ISReDdbEEc2j5IT5yy3cKKVwDmJ1JJbJI6Y6Afrn/wU88deV4H/AGfTqfh7UtKht9Bmc39yh+wBXtrTEayg7WmUFiVHIHXPOfy3ieWFrZ9w9BwUqNWm4TUlypRag5W5lfW1r2t20Tv+j5OqkMtzKal78ZKUJRnGUrq2qs9Gld+t+x+S3hb9oP8AbT+GjQ2ng343+Kp4dHkMltY3+pC+SK3ZiFiRXUv5JUD5HJKqMZGM19DeDf8Agpf+1h4f8bfD7xj47sbHxBqngHUX1LSrlPD4AnMmPOS+KMDJ5mMGU4A5bp0+VtL8RaPqWt65d6bdWN0olhjZYbpCdhRQcLuDhh3OAQxPGevpNtcxyi3O1BIYWKpIwbbmJjgqcqR16AjHXbk19RU8OuHMwo+3ws4UKk1JycPZyTb0tpqnq9Oh8s+MMywtV0sTRVaClHSUHGVtF8S97Tre199b3P1T/Zv/AOC8/hfSPij8S/FXxx8Cavo8fj7VLZReeHWlv9P057F8XBNmI8DzFJJgz8p+X73I9w/bX/4KM/s0/tD/AAv0xPgj8Q9Jl8Tf2jpcyaPq9pBpeqxLBOHnmTcokjCOVGdxHGSOtfgj8OrLRp9Ev4dR0nTrw3GtX7n7TaRNgsx5VtoLE9M9wDjiodT+EvgG9fUNRbRILS7js5nWfTnNr5bjJU4XlcEhjnOevBzj5WXhhicPKOLwlajVjFufsWpQk7cv2tbqy7rW9+rPSjxZl9WcYVMPWw9WMoJ1KUlON1yqN4TSaXez1vtdn9p37CnjjwB42+AXhrS/ipqXhDxV4xlYXl/p2q3+nNq9rEYVjha3dfLee3aIIY2Lg7srtPfO/a58DfsJ+FvBV7N41F7o+uahDd6roOnaVI4F5rNmgksFYJvV4VmwSAQCvT71fxn6F4Q+Iei6NZ6p4A+LPibw5eXECyLA9/dyRIUchFiYTHaoAUY4AGMDINd7rPx9/bDh0P8As3xn4htPiTo2k2QjtJtVmSXULWBCA0lm0qmRZSAFzuJI65IxXztXgbPsK5Y2KrqlOXtHClLmgoOUZKNoyTSTenu3SbTT6eis3ymvNUvbUnNJJucXCamrK3vRcbt32la+jVz99rz4DfFj4l6Dp3i3wP8AD3xM3hS6hsYhqM9rJGsoWKJ47i2bIDQiLapbGMjPIFYnjX4U+IfCfw+8Ua/rum6umi6B4f1C5kvLi22Raq0cTQ3un2sjMRmNVYNgMSSSATjHyj8I/wDgvX8bfhr4V8N+CviV8Ib4+FtC0yDTY73RLBjFeW0dutvFcXEMY5kRVBdgcsQxB5wO9+LX/BWj9n34xfs7eP8Awz4f1WLSvEN14X11dO8N+JbeWwWbXb2OSWRoXkwYghb5R0d+o4NeVjVntKnXisK1D2cowbUo1OblST16Xta6SXrY6cDgMunicNUbhKSrwc5RfucvPF3Vk1pe+90z9kv2d/g38Hvhx8C7Gf4b/CbQ9Fh17w9oPxEkv7qC3+0Q61cWkFxLe6hdOonU+YTMMOEC/eB7eD/8FCvi1ZD9m34weGI/iB4Q8W654i8FWesXNtpLxCTRoHxE9sXgkdXOQY+WBMi4KAcL/Ot8Uv8Agr1458b/AAc0X4b6F4vg+Hc48Aad4Mu7jRb/AHCWHTLJbeX7REmGaW78sxRyhgUVmbpzXH/Dz41+AvFXwOi8N638QF0+8Pw/utO1phBcXl74g186nNNp0N7fSyuf3jNHHkHYqFeOBX8qUuAM8o50s4zeVZyjmsq9JJzqNw9s5xVSX8nSKvZW0S0R+4UqmBqycaGIVRfV0rNQcYpQhGKi5O8bNN8ya0tdM+yf2KH+y/suKNy+a/iUCPLAHYxOf4W5Ctgqeqjqa+JdT0w33j34p2rwCaM6hq80qryTtjnPzYPQMpOB1xj5jwPsD9kpkg/ZpEUFyGKeKHbKklUMUzKyHBzwVw27ofvDIwPmPTjn4h/FEB1Z559XO/I2hDbSllyT8xJzgjoeOSc1/S9Jyhl0pybUuWG26bcb2+61vJ731+QdO+No03ZpTltJWklo72sneyVvK9rWPiuXw6lwlgID84W9l8kn5UaORtqleB94DB6+nWvK/E+nTw6lLH9nK3c1okm4ZJVhzubJPLYyBk5J619LWtgkul3t0m7dapMhfGCFe8IyWPTcOmCByR3yafjjw3Bc6joRS3EclzpgBmVTiRlTG6THPGSR7EEnJzXbhs1cakKVV3Tdoy3Vklzav7Su9tLX2Rz1stU4zq0YOMnJN2etr201bi9LbW18nbxKPUE1TS9CilkEd1HeW8GJCQG2JsLD/aBAUglgcnnIOPNPjpFGPCjRzAtNBqDeWd3yAlhuIYcDOT1GfmGPvCun1C1ksbu3gYkNb6lKdyA4XkgEHkFl5I9hn2rL+JEMGveDpLCQB7h53eGUFhueLlSR/eIHPdjwQo5rur1ZaSjrHrezum4vVJ9G99dtb6nJDDxaak7Saab11soW0e7Wt9WraPWx8NrPbLIxLxKof5kIByO/I9dwyeM44GKnXUbZGQC4QR8Hao69+c54/Tr9Tzt/ay2l1d29zFtljkKvG7MGXBIyBgfK3UEZwAeB0rPJ8skkKQ0YJUYJwexPbgjr0GenWuCWL95pJbq+6fTprvf730tq1h6cIrmT8ve/w309622rXRNtLQ7oaxZDbl2ZicAKCFK/3uOM/jx2BHNPXXbXhFj3Ekg/LwAeRjkc9xyD14554U5Khs5O0Ybk4AAGOAenXoOmAKVQwUFD8ww2TnliCFyvbHUDAHJweoNrFyWq00vZt9veW631t3vumrPKVCD2Tfw36NrS+unVOyve1vR+iLrViqxlI5C2NxIyMnABOSowcDOOcsDtxnidfElsjFfJdmJwpZgCDxv3Z6kcKSQT3OG5Hn6O4CqWYMeC2QBnPIwOPb244ORVlgGAYttcZ5AJLnJ6HoDz685ABPQr69VTVml+Gitolf5uz3s+6NFh4O2jdul99VzW+Tbd+urejZ1s3igNIwEBZSSEBbAHAycY4JJG4D0G70qePxeQqxm2VSoAALAA5zyGPy7hxjGc9D3ri0RSkfzAgKx3ejEkY46t0JODj8amIhwnChwAVLcgsRgkgg/dHTI3dOMcmHjK7cVzPlXvN6Lazs11b5Xe6Tbeuwvq1Na8ibulrqpL3dOtrtvXbTbe3ajxZMwcmONQASCeh+XjGCeDnBY4HPtTF8ZXIURpGORglsEEHccj06/MMkkHkg5rk8LldobOR5nQgDkc5x7479qm8mJjkgKRkls88AkHauAe5A5BBzjPNL63Xv8AxHfZ7K+q76qy11e3yRcqMOXSGmia06pdle6TsvuW51A8Z38aNhYiOiFhkZzzngdM5I5Az2zVR/Fupbg6FMuckiMkYXgYIOMnGDgYxj1GOfWBSMtjaRkEA8c4JG0jnHX2PGRzUiwIFQswyCAATja2Vw3YDHUAqQOc8DIHi673qytvbTS1m309NHfZabmbo01ZcnfXrq1rs321Wy30N2TxbqjADcqsqseE554wWB6HjA6AcAYqBvFGrtGQs+1dpyoXg4wTtG4AYHXgAckA4rGmKBm8vJ3kBiDxntwQcDJ6AHuMdRUUpkyu1do3BVGMDnJIwSpzgEHgkLg8gU44mrLR1NWk7J9Pdtd9k0rrZpatCdOCt7ifSzV9bR66emnW+/TYTxNq+1B9oIGBg7SCxzhiV6BhnDAe4PBqJvEOrM5YTOC3BCrgjjOAc4JPU+mSQDyKxpN6kRqis0Z67sD5mzjoQMkZJyDjBOeaY3mmRlClAvzY3Zwc5GSOck59QB9aar1r6Tem/f7OvXZ6NX7763UacbL3EouzVo3ttffXS2ia16W3WxJ4g1UbgbmVWA4G0Z+mSB04OMAY9MVTbXdRIUtPN1wfmKkZzgEdMsegK8E8VRIdhlvmJO5gecEepAwMAY6fdGeByWFDIB8oTA3H5icheFOem09jxzzR9aqP/l5KLSVrPd+699EtvJrTVbDVNS1cVbpotfh3TX/D9X21RreoqWxPKAVQA7iW6ng4PX15znGeTzD/AGrqDOzLPNycspbtxySS2Sefl4J6ZbIqg6qwAyVIwzZ+Y4ODgZwTx7nCkhgeTT12u7BW2sVBZXIJHAACgDowzhgeDwOpFT7abdlObaVviV3e2q7u6X472G4xjpyqKutrPl2t6Xbe219b6XtNqmoSciWYY3EEsDx0wDgY2jHIGR/CeAKaNRvdqmSWQLnCgsSSenAx27ZIySW5IyIgq52ocLgjkjGcHcWzxnHY85I5A4ZSAgAUEqMD5sjngYDEnk9Q3AODnJpRnUa5ueVtdpPTZbXvo9bXvrfqki0X0T8tN9LX93fZXa12b01mS/u2XJnnO1uSxJGBnI6kZ46enJxTzfTs7eZLIQo5BPPJGOe/B65HQNnBFUpVVcAhgCT8obgcgZI2/wAPcYGc4zlqNu/PylTgk5OTtUnkDGMMuCT2IBHB4tTla7lLp1v80uui8ne2u5DSTdktU1ays9esbO2qVtL72WhpC+ctnzGUgZCliN2ME4x0HGTzz1JzTRcyOQC78LyM53HGQQcnAz1A49B96qTI4AYcAgLgDLccnhsYBxyTndnj1qTLkbmUZAwF+YkgYxgDnBHYADI6A1Sk3pfqtLy1231srelm9LPQz5ZuVrWV1srJ6x3jt9zV77dtOOdpGXd0CtgkAkgevoP656kcgnff8/zKqnaRkcc4Jwckf3SfqeOKhGUfcAOAqr32n3xxjkhgVI65PXFhFbzBvXJwSDkdc9OeuBx04PrTjKa0d73Tv02S8l010W2nZ1KE3aPd6Sto01HR6bKy2ejG73LBvMO32475xj199x9CCOAEksJPMLEZBAJye4IA3exOR2Az0zOkDMQxcAAEBSCPXB5A3D2xyeDjJNNWOYsIlX5ssSwHGMjHHPP0bHY8gCnGV7yi2+is35W7aq1lsk2ZSp2XNstVdWturPutLpXS3T1ZCu5tzswPB56kHJAKgY+9gAngZGQM9LMe8qOSwJwACBjJ/L8eRjHfJqf7JIV3lQBuAyuD9SMdTnHX1ycDJN1LZlXeU+U4G0nGOBk4+YhiScMOwB55zrFzb76a21001srdGr7LfzZHLNrV73s2nay5d7Nbp7ab73MxYZBjDEkk/KTjofu8Y6ficH61dhgGMMGVejAEEkjHAXJGORnGRnDZHStIW8bEb8YABVlLDAPQkHGQR/FyByAM4q9aWh3crwDhXzuL55KgZGc9eDk9cmrUnvLTa6v1e2u6vbra7a3aRKfLo3623bdktHe3XR737pIitbNgp5JCjcoztIU884zkA85Bx0z1rfhsJD5ZVgQANoK4KljwDgnAHB6EEY4xmr9jZhziZQFQ7QgJDngkc4PI+nUdOOOtsdOjkKxoSGPykSAbQu7HBxhmXI4HTgDqAI5tVrot7O19Vra2t7tNa9empvGk0r6p30eqsk4va1mrvvZ9NrmDDYnbggBkIHUAlRtIwMcc5yMHIyO4Na8OnGQqwJUgnG5cs2SRuOOBn2PzDnjt1MOjEgosa5cAnPIQj72Gxk7ueOcH1zzsQaTcfu4/JKmQEbyMqUXgbeOvGCf5d041HeylZ99+lnbRW1+VjePK7K6VlZK9tLwvfW3RW0v89XydtpbsW3g7wcqWyN2Bk4/unnJGCSORn+G/HprNndGfLUbvmygJyQSoxyCfbA4z1Gewj0efaoAIlPCkgc45yAcgHBIyQB+dbMGlySlAIwrKdrZYHBHooB6kZYY6kk8jNZuLvf3nbT3Xon6X3v6t7O6dhy5ejlduz0vvbVbdejVvwOLh0pXQBmLEEKp/gCkDII6Z4x83PGQD31I9KCKPMyVY7YwDjBzwPzOSuOmQfSu2h0qRVUrGq7clyAADgjJ244OTgdeecnDZtDSpGBZkQnO5ASRtz2Axycctnp26ZM2m0rQskrJLtaL8k0/NJaWt2SnbS6u7bW302vZNedrvzascfFZhpFLQgFQQNjYC4GNxAxySTz1XPGRnMpsNuSFDKSf3Rwfmznkgt0GfTjg8k13MWjoAAQgd9pJBAAyckY64/r83HOUbTI45UIljUZJIyGDYyB1PrkDhck54xU+zbs3S2teyWusfJ22t97ta97Ur297VrS7e1orX06O9/V3OEaxKEOYm2sxwFU8ccqcDOSe/XJxgCrK6fFsZgpXcu3BOGLg/dJOMn69OcHvXdpp0ZZC1xGAckDI+Uk+nI9D1XAOP71SjSbV2ZzeQERsSADkA8HBI44PUH8ewodGeihTle2z1veyd2+lkrbJeYXhreSb01evVWS6dk+ru+55+NNAMblOQSCFIBYjplstgZJz0X0I4wf2SoHmYVSQSyf3sAfKc4DfhkHcMc4B9Hj0q1+R/PgY7ixIx8vykk7cjJx9ce/FRyafZREOLhBhmJAXPQ9yAMAfeA4HJHA4Oqo1PdtFu3XZu9raW10Vmnbey8pTttZp23dtbR6aXWjTfZv5ef/2Zu8sheWbBz98KcYz0znqewGPrTH03cQFQnc/OchTt6qDtyR7jgdOcgD0dINLicNLO7NIFCiOPIQg8gcE46nBx6nA4CmDTSzKY7liHynyhQTxknn+76A8cfRxozuo+zm2rK9tUtNnfbbTzd9Lk2ulJqKt0ul1SSSto3pb3f1PNP7LSQ+WwHcKpzhQeCeOgz1HO71IJxKmjpEGV1Y87Ay+wyeP72CeOpOevFehBNOWY4gl6gg7lyMHJ6kdzxxjPIHFNkS0dl8u0kG1zudnQHJOQSu7nJ6Y6cE85rWWFryacaUlZq+l1y6dL3drp772emo1OHSUU+617Lpe3XXRu972vbgxpSM7s4IUrhVAwQQCSDwDuOc84z3OQanTS1lVmYAIqEBWxuUkY+ZSN2QB0AycYOP4u3MdorIfLZNz5yGVjgjpwT0OeAO1QTLZLMHDuAW4+Q7Rjn5vvbl5IIP8AUGmsHiJWtRl5/FZ3tbune/lfV21sLnppr30kt2r3tor6/hZ26a6HDPpQZsyBGyhwQAhVs/L8vH8JHfpyScYqu+kjK8oQcs4GTxn5vmAHJOO+Pvcg5r0Fo4JGcPJEu8fL5cLucA5IO1Dz+BOMnkKcxrYwFnSMzlSuQBZXD9Dg9I+hy3TnJ68fNosvxctqEmvJemllq79V20aJdWO3OnHT+b+7umtr+lvRs4VrFCBGka8LnBbKgtnaF6Dp2OAefrThpgGVKkkAhVToxOSflwdpXr+Zzwa76LRpGRGgs7yVw2HCafeY29s4tzn1AwAM5Ga1E8L67I26Dw9qcox8mNPvjk5+8MW4IyT3LjBJPFa/2bjXr9Xmr20ta2kVqk35va+1xe2g73lpulZ3skk7b7Lq1fffQ8uGku7I0iF0dcBeVIKjjd0wy8YHU9OafHpoUPtZmxlCAcAuTwoHcjOSp54PbmvXIvCHjyQbbfwTrlz93aU0m/JGeOCLbBLDHTAPHTnGrH8MPircsgtvhf4rky4KiLQb9gG5KgL9nB5I/I9Mkkx/ZmLuueg3KPWSl2V+lraeS+Vh/WKUdXLR2u3fTVaa2XdXa11t0v4c+kuMSGPOdqkEZZQMHJGODj5jkYzwQQcU2TTZX+5FtXeGwVJZioP3Pl5UnnsWA9819K23wM+PN8FWz+DPjyfJPzReG79ic8jAMPcEjOAfm+b23of2Yf2mbpQtv8BviPIQQP8AkWLvnJz2Rcfw9MY6kkVUcDi07eydkumm9vzvrfbba4pYjDq16lnZb2Su+ttb30eu706XPk5dNnPzKjqDgkN/sjnnGTgDbjP1zjiYaehO5Y33LnJZsk46bRjGCRhuMnPJ5NfY1t+x3+1rdoog/Z++IzFs8P4cuwCSM4BIOOCDjt3IA53LT9g79sm7A8j9nTx8TkEZ0SaPgHcMk8DdwW5blTzirWXYq9/Z66Su9Larq5dnpo7dNbMh4yire+leySXSzWqTer/Hc+I4tLmKiVYQWBAZMfNj16EgEgcHk55PXN+HRpCSxt8ndnAJ4XB4xjIAJ55wxAPI4r9ANP8A+CdX7cOolEi/Z88YQlzkNNYGMjHQknHBPXgYx0Fd7Y/8Erf289SWPHwT1q33nkzr5PI+5ljgEdsMBg9B1oeAxSSUkldpp8y0eju7N6bLZK+jH9Zou9ppt+aTez6ytd779H3VvzHttEmEqyCB0eNyAAp3Lhs7lJBxnuPrzyCd+azvL+HyZkw4BIkZhvAAwijAzznBJycbu/B/US0/4I+ft83u0t8NHtCWILT3aI5J55+U/jnJz/EeldJZf8EUP257rPn+GdLtA6HZ5uroMZAB6oMgdT0AG04XNTLK68uWblC97RvKCergu99bbvX3deiLhiaMIyjGzTWqVl231vdXez89d1+OTaDdwuUCKSoLEFkIIz6khSRjJOfXoRUkOjTJjcqYKk7i6hQWyNuSfQ5GRjpjkiv2ltP+CFP7bN3L++t/DFqm1Qzz67Gz/KMj5QMn5Qdo54B4BrrrP/ggZ+1xOAs+reCoBnnfq6nbkdOoQA9DjjOMkDIOry+cYx569OK0Wso3u0ldWsvu6PczeIpfFFK721V1pHfbz163+78Nk0I+XuDojlxuYSLgZzkqMk8Y7EfgeC5dCZ0MhMbSFjhg4GRkZAHfgcj3I9q/eWz/AODf/wDai48/xZ4DgAHJ/tENye+3uffGOcDGeeosP+De/wDaDmZDffE3wPZx53MqTiTGRyQA4HJHOMdBmqWCi42WKpra92ndvldk7267pPZbu6HDExtdw002lFu6tbbs1d/ofz/LoASMkeUhUghzKucseRg5DZ74HOMc5qafQI2CFZIfNKK7MZFdRjrtAwVyeo2lQBycHA/ops/+Deb4nsANQ+N3hKBSwO1LZpsAcc4lyT165yOMZznqrP8A4N7dURlbUv2gvD8JwissWkSthB0/5bkHvzg/KBnnNZ/U6aeuLg+n3tPXR221svLZoHi4Wsqafnbrpo9LNK71WuvXQ/mqGkLvVXMJjKkjDAAHIGfwx8w454zg1J/ZSOAvmxgfMnJDbepHv82Me2cnI4r+oCx/4N+fDSNu1H9oLTnK4LCPRZs5742znt39Tjk12Gnf8EDvhJasrXnx4uXwBuFvo0i8n0DOT698j+Wiw+HT9/GRW28JO9uXeys+qa72JeLul7jtpo4y8n12t87aW1sfyqx6XEkTguCu7cyjPJHAwducE5b3qO50+BUyhfdsXgDrzz6HgcYP5buv9blt/wAEK/2dYGLX/wAX/EN5wC/kWLR9MZA+b8DgZ+ua6ey/4IofslWiYvPG/jO9UDnYAhbJ6Z7YXPG4Abe2eW6OBUlbFpq1l7s7tO23y0t+NhLET6Ql06PV3jazb0fRadFa+p/HedNiyAVlKlMMpBBY8kHJB6Z6DOSQWJFSDTYlKn5yoUjdhQO4HJHPB5AAz2x1H9mVt/wR1/Ymtdpurnx7fleCBfJGpwByfkJPrk9RwCOa6m1/4JOfsI2a4fwf4rv9gBLXGpHJ/wBokBcAkAHr246hlyYBOyxMpax+GEl/Ld3bVtW7X0tpuHtZWScJaJPZaPRLd+SWq20T1P4pRp1sWVik2AG7ADC/w85zjP14PBwcSJploWyYZirsWVhtVjt6YJBzySSOGJOcY5P9vtp/wTE/YNs9qn4T6heBBkC6vyw59PmHqMg578Z5HYWf/BPb9hGy8tf+FEafcbMnFzK7EgcHOHViuODzwdvJGcj+oWvFzk9l2vpuru10lfUUakk7uM7XXRPTTo21tbXreyVrn8JradZ+YrC2uz8zDcMkkdwBnGSCcA8cn2IsppkThglheM2QBiNz1GWJAU5z+eSxGQSK/vJh/Yh/YdtQTD+zn4XkwMlpo3kAyQVJxJjqOgBB9MZA14f2Rv2OLXi3/Z18FDb2a0zgdByGxwBwM4A9Pu04vBPlvGV7rmXlZPvo3e1lfRX12KdaOijCerX2Ypr4N9eV2vfa77qx/A6NILB2TSbn5AAitFMSeAMhQhGT36ZHTJOTE2iag6/utGuCMFGH2a6I7YGRCcZ4J5IXoTjGf7/Lf9mj9lW0I+yfs++BE2kYLabG5HXj5iRx7nkde9asPwK/Z3tuLX4G+AIxuO0HRoG6E8nKkbRkAZ6jr3FaxqZcrKVGrJOydkr68rb0krX0u/yE6rS2knt8K293be2u+3yR/n723hPX5Ruj8O3TgMNmLC8bOMkbcQ9+2cHPXitSD4d+OpmEkHgzU5UyWBTTb4gj6/Z8Z5zjnA4GTjP+gfb/AA3+Dlig+x/CPwJbqmCoTQrEgYwQRuiIB4GO3863ING8E2wC2vw98GwKMDC6BpxAPVcFrfAPGffIH+9Sq5elphZS23lFPaN9Unvb8Fe9zP2sle2isrO2qtbS1np5ee25/nt/8Ku+KJmiW2+HeuShjwy6PfsDkZA/1HAGcYwBxwQc1swfA/433bq1v8MPEc27BAj0G/focqcC35w20AsQcnOTt4/0HI10GL/VeEvC0IHAMehaZnnOcf6MRntx7ZHer0eo20BAg0PQoM/KDHoump8o44K2wyAD059D14l1Mttpg5Xdt6qSsmr7Ju+uneyVu2bxFZaKSv0vdX20vZvZdtUrbH+fXD+zl+0teMos/g54zlAkJUx+GbtgGI65MQPAPXJ4BwSeK7Wy/ZK/a6vYozafBLxydvJx4ZnG7POQSMAnv68dOCP764/EUqD5LXTkHby9MslwOcFcQAccqOmevJJqQeJLsE4MC4wdsdpbjHUFSBGvJwRnp6E81CxGXRWmAg5LVc0tPsppWV9Fv06dhxxmIivea7bvfbeys+yte/lv/BpD+wv+2vqZCwfBbx/Hu/6l51Qk9ySQSOhyefqea6/Tf+Ccf7dF0qMnwX8aOwB4n0by1JOc7yXBXGQR6c8AE5/ua/4SPUMcT7CDgbY1UBuoHyqOOvy5weevAqN/EOpsdq3kwGMjDsoORgngg4GeT26jHGW8XgtOXLaEdt5Te1uvnr89W0jRY2sl8d2rdbJ3Svbr631bvokfxF2P/BLz9vi+3AfCHV4lkOFE3l2+w5yBksQv1POP4iCa7PTP+CRX7fl2CJPACWwkG0GXV4YyqYwBsHIJyc88Y6jpX9mba3qWSBd3G0EsWE0gByOCcSYBJz1GeDgnFRjU75ySbq55CvkyucDJ5Yl+ckDk+p44GYlisPy8qy/CxvbX947fC9r/AH2ve1rGcsfibpqatdKzbSteOllG2rsulu/RfyC2X/BF79uy5gCzaDpFu7KQGk8QwjBPy/dYAEDsRxw2a3rD/gh3+2xOqG4fw1bNkDMvimFAAPlLHCNkDDdhjkcZ4/rfOoXTbibqbkrgmWUlMALgDfjJ6jGOTn6wNcTyElp5SMYyXkyQM5xkjbgdSTznrjkT7elp/seGSa6RlLXTd30equm7rrurpY/Ec1uZWVnfv8Glm9G72s299U1JH8plr/wQf/a/uJQ13r/hKMEbWH/CWQqT2IP7vr74PPfqK1V/4IDftQXKutz4y8FW6vlMS+JIp1C9AhAYDLd2BGDzyc1/U79okVhyxPOWLONvUg53DcOnzA8ZIwRwZBO5AYtuLEYJ3cYyThWOW9cZBxg9OCnXpppfVsM9uV8jfKtNFZtdb2avvvdXr+0cSldSurqyUeZ/ZfSTVkvJeV01f+WyL/g3i+N92ix6h8TPAFoM/MRe/aCRwSAQ64xg/wAOAfUba3LX/g3F8cXT/wCn/HHwdbFxh/LtxIR26eYDnBzzjd25Jx/ToX3ZBIBOQSScAkkAYJPYg5GcZ5PU05GWPghSpOOSR831J524/wCBEHHpWkcZFRtGjRvpZeytdpw2d+vaztr0SvlUzDEyabcU9Erx84+Xd3dtnpbc/m90j/g2Xvr9HNx+0fokXlRvPILbRDclVhBdm/1o+UgHqM7Tg9c1+JV38C9O+Efxn1vwBbanDry+FvGd5o39tJGIzenTLprd5vJ3Hy1YplUyevA25I/0Q/Bcyourk4wNG1FuM4O21kBPVic8dMHIOOlfwd+O7GKf9o34r6gox9n+IniORlZSQwOsTAlTnA5PXrgFieQK8nMMXVqRUWoQjZv3IqLaVtXa17K+71etj1MocsRNyqJSkp07aK6ctW720ulZxu3pttb37xHarH4L1GOOJfMEtniTGchdmxSOwzjIPXkdM1+Dv7S8N63xU1FYoRJOpicEpvKkHadiA8l84AGOe5Bwf3c8UXbt8PdXmOVcXligZic7XEfHK8EYA6Dk88/Mv43/ABdjhg+POmNP5QhXVtLEzyIGQxPKmd4xgryAVIIAB4HOP0TgiMcRllKWsm8Q1fW6ScUkltbo12XqfE8fR9jmFWmnyx9lGUk+j01VrO737+W1/wA89ZaZtbuoyJopRIGkSUFHGF+cMpxt4HAz8wPII5P66fskahNZfCOwcTBM39yqNhiVVy2NnHAI7AYbg9BX5mfHprBPjP42GllZLSS+2xeUAqF2XL7FXgAHHTGeMgDiv0r/AGToVHwdsGk2k/bpuCgfIMiqQB9Gxk9B06Gv0rLKCeMqJ2iowlzK2jtKNktHpr0X5afkmMqThh4tO/M4Jb6bWtZaa6u2++q2+sPGl1MnhXQjK8spbW9NZMjCfOybWJyVIAByMgHnvXvFrmZ4olBYMInyuVQYhHQbeo6N2xj1ryHxjpc134f8NxpDM0ba9papwQNrAEEKAcjq2DyO5xwfpi30XQ9CtEvvEmt2ml20cXmeZd3EcQZRGDsRSd5I2kYVCSRgBhkV0YvMsNhamIi4pSUaaioq75lbtpdtbdHa/n6GVZZWxVGnOzUJNtylZJfA7K9np3ttolpY8Q+Lpkj+HnjBY4lVV0hVk25OAZ4s/MWIBPccEjqMAV658HNGvrvwl4ZW1spXRdHsiZsBVUeWcrkgJjJxklQByT0x87/Hn4u+DH+H/izSPBemX3im5mtoYZrqKM29hERPHlvtLf6wMR90dQDngms3RfH/AMXNf8JaTpUniC38D+HodFtYFtvDyrFdSQJGOLm+cLtkxneRg9ccdPj62ZZlVxFZ4XCxSqUoL2lZqChFSupLZvzWlz7HC5fltGnTWMqOfJNvko2blK0Va7Vk7210Xbz+8NY1fwN4LsvO8Z+KdL0plmU/Y5LqJ7olXU7Uhi3MzEHCjA3HABBIFfG+jftE6RY/Ef4sRfD/AMJ6j4tuJ9R0xrS5u92nWCQ7cLNJLIpJVzjaMfNgnJ6nwa/+IHwP8DzA+IPEQ8T+InmQmEyz69q8lwHXkQo00aOX4x2JAJXkHzDw18R/iVrnjX4iTfDb4dTodVvNPMN94jVdNtra0RSLeSSzZTy4yQoIOQM85z5eB9tXxqnjcZKo3zLloR5uVcqbtyqUtbJXb69Dux0qFPDOGDwlOnG0bSrTXM3eKvJvl0V5N2b10t0PvGfWviz8QS//AAmPi4eDdDkba2jeFdlnKYmGPLm1JyVfCn52BXGSPWvEvEV18Fvht8Spb661XTEmtfCkKTXFzP8A23r19dO8gfAP2jfNISOEKfMeoGK4yH4M/FHxlItx8TfidqdtaN+8k0DwsX06wTfjMTThizBMckEZxyeRTdM+F/grw98VLaw0bRop2tvCySvd6gWv7medmP8ApEhuXl3SE4IIIVWHGCRj2K2Fk6UpUsNyRdSDdSvLmqytZ3tdvqrLmSs9HrY8qniUqkI1MRzy9m7U6MeSm/dX+HvpeL023OE+Nvxs8Ta78K/GMvhLwJdab4Uhs/stz4j8UBrS6urO5YrjS9KI3MH7OMKFAKjcFNfEmi674v1Cy00WKaTp1qbaGNJZIN8pjSIYdhkMOMkjKjOM4xiv0T/afs7a2+CHiyN3hiLLZwRxM6BhukHyxQq3ygDL4CYGDxn735+eGo7C1s7AT6jDCP7MiLKbheJBGFVW6c46ccHBxnGftOCcNQbxntsRKn7tPVSVNNtaJPS3yfrsfmfiNi8XB5esHhViJSlUdvZuty2jFJ287reKWmjV7lqxuvH81wdLg8UWCJKJpt1vp4O0gZBzvOWUdvlJwMbsgDA04+Ok8QeIlg8VXcFxD5K3t1a2yhrzCgxjyxwCOeueOvQVvWOo+GLK5imbWIlu0mlVxFLkyI3+r24C5IbORwMZAzjBy9F8ReGrHxH4nmm1d44mniWMyEMzqyjdvXLAt8vyYJIAwSOh+hxtDKadbD+0xScZ1G3zYrmslFNX966XTe91a2yPk8tr8RVqOJSy+UZRowcEsMo3k501pzRV2kr2afe7udZOPiDcWaGDx14lMhUeYEiCKBkA4+XBPfjnnoDjNCfRfFiNZG48c+KpZn8ziJlQKxXOxiqAkZAwRlgSxGR16i4+JHhGOHyrbUZpBsT7kYOMAcEZyfTByMZGO9Vp/iR4PLW6A3sjA7ncQndgDkcnAzyP4u3bkVWXDvsv96g2oqKtXlJq9tUlU+9ddV5Pqw9Pix1E/qU425f+XNNLeOq0vtpre9tjyfw94c8SSrqpk8QeJE8nU54pFtpx5UhkJw8xKkNI245KkkZ/2cH6H0LS/EkHh6SyXxh47FoYTDNp39rMLCXzlKH92ijPynBAIDAHIryzwj8QvDdqmtpcxX5hl1aeSBI4w5kUk7S2WH3Scn7vGcDIAPeWnxc0G3tzbR2GqSIXyV2KFYY4C4bgHIGBz1yOMHxaD4Yjh/31SnOTu0pc03fmut3LV6apPZN3dj6CtT4sdZKlSqU6bUfeUaabdotvZbvbW2lvM5aH4ew7bhFudcYQR3LOxv5QN4Vztfn5lJALf3iexbNM8J/Dq11HTIJ5f7Td2NxH5S308cZWOQjIXeBuAP8As7ieSK05Pi5o1stzHDo2oM00dxvDMqDDq4zyT8oBJ454z35o+F/i5ZabpVpAuh3UoVrlw/mqgcSOWUEnB2hT1z/9lySxXD6xFKUFaMaUotqMuXeHRpW69Ul6O50xwvEzwk4S5vayqQabcLpJPmbk2t21pd66J6s7SP4X+H40WNtNu3coCzyX874zg7cGTp0I5zjOe2X6v4C8M6P4e1eSHS1EjWMjeYbiZ2UBsHdlyCMDAJUg5wQeo5yb43IhCpoSqoBI8zUIw55yc554Oc9c4zjpnmtd+Mj32kapANJghSW2eNW+2xysAfQDBOc46YOc5yQKcs1yKlTnGnCKk46ctNqzajpok9LdW0+2hhDJ+IKtSnKtO9pLmXtE1a8dEuZ7t22sumyPYfB/w/8ABeoaPo08+iWs9y9kjTSStIAxxuBxuwQCTyOnHJrsn+GvgiKVCvhnTAx3sdwYtgHJBBY5I44ORg4HNfMehfHLUNN0/TreDSbUx29sIhJPdIrsQOQw6nkE4IzjAHBAOzc/tFa4CFTS9MZSuABcqMHKk5J+9x1K8E88nNTHPcpiqd4JtRgm1T5nf3U1rpq797rt1J8O51OVRe05Yyk3Fuo7ayXnppfvbpbZev8Aj3wV4Xt/CWt3EXh/SoHWBPJmEKhw3mgFgVOVIUYB78ckmsjQPC/h2bS7NptH06Rja2ysXgj3sdmW3ZUkkk5JAznnrivEPGHxw8Qat4d1Cwaw0+GGeOKNirs7qAyn5FAPORgHHfHHJOFbfGHxRDaQrbJp0DQW8SKR97AUHcQOW2k7vmzz64xUy4hy/wBup+wlNOnFJezS6q1lok0n3s/RWH/qvmcsPCnLFKM1Ucr+05tGoW1V9Lbb2Vnoe7674M0uK6gubLTNPiVnIWNIVUKvAbcdoB4Py8DbnGQRzz15ottbeJfDCLZ2qoWudy7EAJHKnADdCRwc85BwMZ8jk+MPiy8Kz79PLwqwLCNmJOSchQpwfwXA4ANcpffErxbLr+h3HnQPMjTGJYoZGBZwAQwC5YgHd9efetJcTYONOUY4OolzU5/w4r4eS/Kkua6s21r5vvzR4NxrmqjzBNuM1Z1G7XgktHbRXv5XVttPrC90K2czFIIkchjujRHABYkjAVcfjnB4PXBy9G8NW9lcagWgjnaVVLy42FQxBPQYz17Hqx69PFI/HPjqYO4nlJBIYRWMrKeQw52AZIJIx0IxkZwa8HiD4iXMtw8K6ywOfkisXVWHY4Jz0zzx2rq/1qwk3TccBVTiklLkirLTW2mvra/TojjpcD4qk58+aU05629q7LVNPV7t3V1o1r0bPff7B3eOrCKNUAOgud23jaobBx8pz82cHnvnP3u9Ph9oo8RsqAxcspGWYBsE5bjk9cjjpnPHyAl38UJ/EFq8Vp4hN7JpjhAUMMxgUjcUDBmCdNx5A65wSK6NrL4yzocWevFVAwHuQo245wSuc57dyD0xgzS4khaaWArSk6jkuWnqr8j3V79LdEmtdmb1uE5TdJVM2oU+SlGmvfbctd7833PyfU+m100Rxxh0V5GBw7SrnJ74zn0I2nJ9BXn3hexZvHnigKUxHDCC5kVeCc8Nnk9/z5IHHi8vhv4wTlH+zamqeZhlfUNpHJ+VT04POMbSRlgxABoaR4M+Kk/iTV9NtVkhuza291eNJqOxmidvkBZRuIBHIXPowwTmanEdWVSjKOW1v3c1Kzjy7x5Vd8uvdPW1+mjRS4Sw0addPOaTUqKUpRlJ8qUoNy31d/Ru59nSWhjii3XCIM5AN1HkgbsgfMBknOcccHgcAw3ItjEFa7g3GRTk3KluuccPlcYPuRg5PSvAbf4PfFq9ji33unpk7ds1/Kzdh1GM9MZxjJzjkGtyX4EfEoIHbWdHjLbVb/SpWKk5IGSRjPOT7DO3v3U+I8TJ8qy6UW7WUqml/d0Ssk7a9baeeniVOEMtvLmzqMkmlomkl7qu1ey0tpfrfqm+0+GM0Ft4j8eq7xhBqMTpJLKoQboAobcTjBbkEZGc56nH9aX/AASh+Hen/CP9l3xz8d7+KOLWfGT3YsrmVgzLo2nxyAqj5BMRulJBGOoJwTg/xs/Cf4K+N/iB8Ybn4aQazHBeXd5plpI9nLKwupr6eO3iTCt87Etwc8HJPTJ/to/aI1LTv2YP2OvAnwi0YpYvZeDtJ0N40dYzJefYIpdVmck7mZ7hpSw53NjOcV4WfY/FY6ll2VKi6P1zGrnje7cKc1KTsn8KctZPTTzsfqvAfDGCwuMxGb+19t9Ww0IU5tPli+SKunKyu4x899e5+buq/GbUPE3x/TUZLrzLe+8QMgmZtzOrTHCLnkJjCgfKucDvgfc/itPMtWcuWacLkEcKjIMY5GQuM7ScZIHHU/kR8E7N/GfxY8PT4eWOG6OoTIBkRxQNuEjnj7xQMWOOQRgdv0U+IXxEtbRZrUTrvgk8mOMSjLEKVGQPmz04JHT6mvneNsklicwy7C4OPvUMPCMuXZaq/N2S11buuqs7n67w/m6w+ExlbEtRg6k/ZN7S0XR9LOy31vbRWPkH4wpBbeIsRISSSCQFEYOflyBjgcYOccnByefN4Y0aMF1CgAkhiMsdxBxjcWXOT0PvxXr+l+DPFfxZ8cw6Rouk6jreo386QWtlp8L3Ey+YwxK6qpKxKSCSWGACPav0K8M/8ExfFWp6dDDrGs3OjeKrlf3OlXWmyCBC3ISe4DbEz3BGAcYwDgd9HNMvyHD4bB4+tGVaKjzRerTstH23S13tbZ3PzXNsNiczxuIxWHhy0qs24u6jdO1uqT0XTTpddfyVGnpI3zONrY8sAADOcng5IzyCDyODkVoHw2kgYMrO+VbaucEAcZAGCDjPH075r9I/GH/BOH43+BtJ8UeJdWh0WLQfCtrNfXV415Gqz2kZDExqxGXzwByWHP3ck/C0l7YQ5ZGXgMN+RtJBCkggfdBHBBIORk4Jx95kWMynOoN4WcKvs2lNLVxk+Wyaa0bbe9rfefG5ksVlqXteZKS0u7X5Xq+/TRPV316Hn8/hNXAzbszE5UAdBnk85xjocA+pHrRm8FxSFlW2VOA+SFwMdQAOMnJAOCuMg4FdjP4it0dgGDAJyWO0HsSOynI65JByD1rHl8U2qEh2VQBvJLgqTg8DHGD/AHuhx0r66jlWHdr8qTteyVtbWV7N2WmnRpO13Y+Wln0o+66r0t/LtdW106atN6aXTucwfBkXCmCPO0kqMHAOQCB8oJHXnHTHdqhPgq2DKWtozgHaTjHcYxlskHPbBOc9sbMniu2iZmLx4JAARh0xjaMHqMDGOGGSOmTWXxXbsTlxtUnYoZcFjjByDxgnB9K2/sjBXk7JtJdFK9nGySs9t07Pqn5cs89rbxrO2itZJrZKOi11Wif6NmM/gq1LDzLaPoApwF4yM7iAeAdvUjkA8EmtjT/CdvFKpW1UYAXBwucAbSvQfMTk9sjtziwniK1diXkdhkhlAOM57EcZJ7HdzlcDArodN1e3m2bjhA2Ad4DZJONw4PXjqeuSScZ5q+WYOFNyh7ri1rZPVdL2b0s3Zaa6G2DzzEVa/s5tyjom/P3WktLbatdPPRNLPS0gC5QKgJAAGDnIyd3IJz25BPrtxT/FGkwz6cRs8x8ZUgD0HBAXjg+nOQM4ANdfbG2kjLSKgGSQWb5jjJyRkZA+UHkkEklec198/sq/sF+L/wBpnTv+EuvdWt/DPge2u/JadsS3mpNC4aVbaIYZU2HAcNgZz8pr844hzPC5Qva18RGNOLSirbyfK+VJat30tbpd6PX9HyOnPF0ZWoK7jvy3Vvdvd3Xz1vd+dz8NfHfw2OvwNp9jZS3M9x80SwQPJIshyQQqqx3BwBywycgbeTXxz8TvhDqelWcya5od/pOrw71tBf281o91EoOHTeieYrAZVlBz65xX+gl4P/Yc+APwh0x9Tk8Pabcx6JYtc6l4h1eKGUxLCAZrgvKdigFN2DyAfQE1/L//AMFgPiX4Q+JPjoy+BbSxt9A8LwLpWkX1hZQWjagEYxy3Mnkqu9Mj5Ce2OvAr5vB8YU82xkcDRpKVBwbdWTSeytaOtknZp7p9FfXnzLh+WGozxzdpQqRvTitHFtJXelmmr9m7J6PT+WbUJ7rTtSubOXwxPeSxzSFpYXcoFUkbc8qRkHdyQCc4weLtm15JNHNH4GuCiplgWbDMRtySeBnIOOcbj15r1fVrOO311oJ7iWOOZSZXhAC5dyTls5XH8RyBk8HIrv10vw7ALVftuqSpLGoAtUfBbbkgFVOAcemM4GecDxs1xLoVJ03NKMW3dy5bWadna3S71V3pfRHsZThYVIU5OknKyv7uuvLo/v1+XqfPNrfa/G7XFv4FRRFMzIWJyWORuyVOHGOBjtnnJFQ65rfjXUNKe3bw7awwpJuMjxq0h5Vjuc4zt5AyeemQCK9cvrjJutL0vTtVcmRylxMSBmPkbjt6jAyCOeSVOSK8xOl+Jb7ULfTBPOovJZDtaXcgJGCGGO2N2DzuJIxur5r67hqlOU6laM5wupPni2nePu3enTXdrRo+zo4DEKm+SnUjGS0aj/NZW1itOrt1T2tpzWh6X49vtQspLXwyl7AXBWGO2EkcwQZ+cAcopPBJznnNe3Cy+JU1zHPL4WsrNyscCySQOojA+VQvzYA2gKxGDwe+DXoOhXOseFNL0lNLfTbi406KRFZITJOZGO10cqcMRluvPPfgmw3ibx/qc0l2NKuZHiQkny2S0HzHBMJBywOBndnGMcjjxa+PjUmrezcI2bc9LaQu00tftJaW0bv1PQw+XzoUpNymqk0k+W6+zF9NXrdWtbfXdvybwp4v+Lvw5+LfhjXfCMVvH4w8JatZ634dextRKY9UgnSSEMQxLqxADIBuIJ/4D9o/tqft5fthftLQ+F/B3xh07S7C60oRarHc6VphttSvrwwBTcXMglckRjgoBgHOMkndh/Bb9kz4+fFq58SfE7wzoUtpF4C0u91/WZrmOS2MtvDA05nsnYESBIxncMjPcggn5K1jXvGer6wdW1HUbm+1JLq6hjadGldYEmKCIOflKgjGBjoeORWdDDZPnWZ0sRy4WviMFpFvklKipWaTS0i1Fu17O7u9TwKuLxeX0cTTnKcIVajTlJOPNGSg1bS2ySsrK61u0cbr2s/HzVraC0v/ABN4gvrOBALeymZpIYlUjAVGOBtBAX5VA44FeU6lo3xDRjLdXl6qlnkkYwoGVt3fK8hhnv1HPevf/wC3/GbOfMs227yC8UTIxHRRuJIwWI9MbgFJIAqjqz6xNb3BnjciWAlj5i5T5gSoG3hsg7sgfL03Dp9nhsPTpKUaUHBXTtH3U/h6rfTrbRXvufNzx9GUldqpJu3M0nZJxXTTXW346PXwCz8J+Pb2MsNR1GKOViYyFVVYcAMNqg4PqcjoDyMmndfDnxk0qpLe3zh85ZpNo5bnOGHPIOR0OSM/LX0Va2Govpls51K5iiWNQojKDaeNoJwuVzzu7jjocGu+iyqrSXesTMpRid0+CrFgenYHhflOepxyQeuEH7rbqPRXfPZX926vzO/r0W93tg8VQns4pqXWGj20s1ffq27fgfLmo+BPE2mlZLi8uCrSBU2zvIdx3DJOeQQO+doPB9e2svhbfXVpE9xrDxPIkcpHml9ueSGAdWBBALDPXjuK9Ofw9DdJI0947oE3Rt5pcou5ctt5y23AI7YxwK7ix0Pw8lvGVt7+5VYY900ayMDIB1yCBg4GODjB7ACuyjhIVJNuUmmkkpOT35ddWls076WV7u1zz8Xi6VFXjb3nr7q00WqdtUltpe3pZfMmq+BtN0+NjNrM0lwr/PCZZTuXOcrh2wcH09ycVnr4XkSSC7s5GkjUh18zzP3+0ZK5JIIznJXpkDHr9Bazoen6gUtLHR7mG7uZFgieWFnMrSShY4wG/iYsFAHPzFSfmJP2ZL+xh+0Q3wx0S60z4J67Kbm1M8F3JaMPOtWiLmaI7QUynzHO7KlfQ54M1zHAZVKisRiaGH9rKMYe2moObVm1Hm0crb2v62OjLsNis0pynh6NauoRTkqak0ldXckt7q+r18mfl3Z/ESysrqWx1XTJo4SPKeS2YqH2Z3MOu4ZXPXIHQEAGpItb0S/lupNOvwnnJsSG8BQoDztXO3kYxx2JPI4PM+PfCWraPr19o+rWcllf6VcSw3tk4KyW9wHIeGQnBV1YFeMjjpk5rqvD/wAJtb1zw7Jr+m6aZre1RjPMGYMxhBMgXHBKggs3HPB5xXqRxKdOnOdaKpOMOV6K/O4uCW91ZLlulvfsljQoShUnGNFqcW+dtJWb0as1rqnZ+a9TS0GJoL1Wu1W9txGBsjYSBQ5GWI5xjsuc9xg816I2keGb2XymjiYLGZ2iYbWiwoIwVGdwHOBk545yQPmeKDW9Kug1o9yGnJiCIzHYQ7DawJO7GPQHliT0x6FpnirUdHmtG1K1S6RlIkLcSMpxuEjAHG0DoeeRkA10y9r7GcuXnSaiufRLm5Nnu01Z2Se3S7FB051ox+D2bTlZtSVmlbu01uvLS19fdPBnwrXW5Rd+H3lMsszNgB28gRNncxDLsJ9cgryMjoub4+1Dxl4D1KO31GSS4hhbbawTMZ42QfeILElMenBAJwCTVrwR8ZG8N6rBNotzaxIY5PN084Zi7DgFiQApI4JwfrkVl+N/Htz441SWXUNPgku5VMYitwHCDJIcgDA3Z24AUg9G7V8dSwGPxGcxliMPBYSCbhNpNKaUdVdP7V2v/Aux9bUx+Bw2TtUZ1Hi9IyV2oNLlbbd7dNtHv10OPj8VW+uXAGpWZtSWVjIvzRhgQSQCADkkEHHBOcDmult4IFvba8sZre4jZlYmNxuWKMg5cZODgYPoOM5IqHTdAsY4/wB5FFHI8bedHcJgqVAwCCSRggcYI9VI6wWWjJNqMkFis1ubdHbdGSVlwC/TO0BjnqD0z93NfoVGioQppTTs46Rs72dtrLZN63vdM/OJ4mlVxLk4tTk09U7acqTVktlzJrpve5+4v/BFHUWH7cXw1VEAimtNd8txjcCLJgSG74PJwOSR6Cv7AfGkY/tvUiMAPcyljjjOSByOhwORx6c5r+Nr/gihLdf8NwfCZJo/9XBr0ZYckAWbdQvJ44zgjJ7Hk/2U+MNh1fUDuJAu5xgdsuQeT69f72PfAPzOfNLEws/+XUFppo5R66vp5v7j9GySTngIer62W6tfbZW7vVO1zhQoRtu4NwASCAMntjn5gTyM4+8eMcPVdwyAOMjcD0wScH6nPvn6cvEeT8wXcASM9QckAHIwzYbjpk9M1IiqFAJx8xxgHrjHQdTjnkgHr/EAfFUou1nrey89I329bPps9T0XC7b9Ou9rX0d36XfTrqyLyznhQOcckfMMc5JJIA57ZGBwMjDmjUL91TyMfN0HXPGP4gc/eAHXkjEygkYYkBiw28bl44I7dMHgdOAO4cy4I5LArgbcKM54GMdV5zwBgZ+tOTsvJJ3dldaaa666LXbv3p02k30fo15bebutl03sQrF2PTGR0B5GeOmSS5yCSGDEHNShVY4POFAGSM4HGTyAc5P1yBxn5pEj5OQSR0BI+6GIU5/vbcEANjjHUGpvKGMnjadpIyVYhe5HIIHcD+HBxgZV072e1r+XXzT07eav2Tjot7adrdLaPv0ve6urt2KzIrZGCOcg9eQc45xnOcZP4fxYrvFzyTjG4noOBgZXAIGTkEjnIHC4C6PlleMAhsgYx3+916EZGc5PHPbCeThgScnBCg8kZycE84AzwQOCOvNWna/4dl8u6svX00Jabte8tu9+itbe34u2iSVzMEZG3HzAZ/hABJ45z0xz7A9MZNKqZYAqOCQV/HILHP3j7dfTI40hAcLuOcljnAXBXPynrz0wOMdzk0/7KMgHuAeScZ7565IBOSOx46kVPMm9He2yvqlffps9fPpcOWL32ulr3vFea1aS3tbTuZvkgttG3gE49uc4/Pk9sd8gGTyVO0FOGJIIOflAA2/mowfqcZyK0fIXOBkZGVAOTgDIIHUD+8CSR7HgPNuMZwSBgbiRnI7bQBkHPJz0/AmnLre1ra222W17aP0v100DlWvLsn8KXaUX0TdrrXRrXS3XJMIY52AKAMHJAO0gjHbjg4x8vXvUSxAMdy/KFyAep6hT33Z7AjGMk5xWnLCoBwcEgAgcZPzAcEHHbkg9+h6NaBj1AyCo54LZxgDHPPHIPJ4xzVrpq1fqvVLtfWy1urdkrJzbd8vM0ua9nbmfLpo3dXV1pstG93RMG75Bw205JycYxgDgdQSR6e2flckJJGTwATyQAewx1OCcdM+vIzm/5PIxwCnQYPIAzyRkA8ZxjjH3u86xJtBbb2GcnGMAnIyD97sfugdOmKd9lq+l7dLf59dd3fYzk27NpLta2u19O61asn2bdnfNWIEqSSSM5JAxjB7+xx26ccZpQg3An0zkjABOAOT2z175HJJxWiyIF54bAUAHjIOMnjjjqfy93tGADlQzeuNvfoCCc5Pb3OOcUoJ7u/Xfzt8+mv8Aw4pKPVeT0b6rRrVdu2yaTdjNKAgDAIJwzk5HBBOMei9fftnOYDFuwCDtAbnGD3GVxztxxj1B6g1rPGqjg8EEjb0LHt2yex7gdhUbJuAwFDkkBwONo56dcc89sg/StFZbrXRrV20fbs7fn3Zk209LLVJ3T00S7X00stk15GYsQ5OdpBBA5Hy8/p0798Z7lvk9CC20A8EZ3AngDIJwMc8579QK12jDLxkMQB8uDnuccHGcYxjnPfPKeUjBSSAQDjOQcAdAMYByORk9SCRzS010u3ZNvVvbR/n16ebb5nt5X+75ba210127ZRtyemEyOcDBxk9euOc/T2Ipvk5B5OCPmJGAMdTkdOPpg454rXaPIO0YJBxtOCxBGB0+XgdiB3IPBpRGMZZVOMDIxxtxkdx2PPOec4ODVxkr2e1tFvZXi3pvotr7aEKTbd0lt87pW8nfW/n97xzHjoeQOTwR7HpxnPBHPFAiUAElhnhsnB3dec/e+bC56H6cnYMUeXBVdp5yRtG3pg+ozjHHzdOKaI1znYvyg4XgnB9SQevbr1xnAFDlHRpNWa3vpG+usXd+j93RaFRV3yrfp/wX0S/y7oyFgTJJKknkEAnaeAMhc5JB6/QgYPMixLggFSC2OMBfqQehJOCOMZz1rRMY+YhcAn7uc88Eg5CnIHQZ6bTzzSeUCuDt5Bwcjr6HoDjvke/qCk3d2e3w7bXvJPa93pfWVtd73Ss3re3V29Gn3ejurf5FJUVQoxkcsCOPl6nkZOBgY7Z/SJoxleCBnODkZB4zleenOBjtzg1oGEYGTyysBjoAp7d8c9e/15CbUOwA/MepbkEAddpGB+JwRkY6Cq6X7RWtt0+VtbJJNrldr6vSySB22vrvb0s/x6rqvmUdgywXGRkBs5HXHHr6EDJI5HPIjECknkDg84yC3rwQM5Ic8Y7+9Xyi8EkDnHQHJ3YBPoTn3IyeTjhwTDqoGPm2nLDGQAeCR6dR9T3FVGcY3bTs97u/Vb31el3525dkS6kY3Td2lqnbbRu7+HTrrbo7XKixAnCqAEwAScZwCCcev4jjqKRowwI+XGd23JORk5APYHIz9Om4c3WRehAJyc4+8QzcseRgLjGBjPqMDabADkZJGSQeQF5yTtzjkcZHP44qbpxbV7K3XZe70tG6dmmkn9paXuF02rJaq3TppqktrLR31691liEblAC5UnAzycdQPTGct25BNKIyeg4LMT6EZHcEHj68jkDnNW2QYUgAAAjg7t2ehOD144yec9+S0ioCVKjkEAEkdjg44xnGcHPqOg5d/Na6J9b2W/R273fZBZKVrLX4bNWt7qcWukWlrqlZNX3RnhOh2gAk8c4/vAZ9SOBySM9cZwGHPRT145zkHkheOADnrk8D8NVUyoOOMMM5zuwTjA67gMclcnt/FQEJADcYGBxgL+PGcfypxbt/Xl2ulu9H8rLbKUku9rK+n+Hz69Xt5vrlmHG1dpYtkjJwcdM49AR169jjghwi6deuCFzggEkH1YjqOAegOQTWkYwF6jJ3Dn17ZGeOe+eRnjPFN8tQMsACFHU9yeM/MdrHk9twI78Au9L9b2Wmnw6rTe2+z6W0Il7ydm9kr3voraaXfa1ldWWuxQNvuxgKSSzD6BiD94cZwTk47dSAACHIZhgr94gevUjIPIPHbAJOeavIqn7hXIBxnGSOpGeRgcZ9ec8GkZCpGAQDnoB93qR34bnJPQZbPAATbv1a30+SSurrd3te79FrKjK67O2mvTdvXSySfTy62otEqk8kcYKjnBOBkjrkZHqOcYO4VGYdit0wS2cHJJK88HOD2wD04LDtolAMEEAHCEYG7I6MRu7HGMdM8gcYieIfNlvmUAgk4HPXgDrwMYwfTkZpwcmndWej1V9ku+2r1SaT8+j1i7KW3Le7222utN2r66a6OxneVuPC8EgEngggZIIzgkdCcfQ5+anGJSXG0KQcgnv7dMHgDB9MjaO9zyhnnOc5OeAWIz8uCdhA4PHcjrzTym0kgE544IJ+b1LcAFuo9T0FNykrLV7K+nSNlda6Kz6PTe6dlPtL6dE9Em1bbVX7ppaqz7aWKZjAIJXPGR0I5HB9sA9+B0+h5SjqQwb5c8dT1BBP6DOccHNXdgUkE9Ad2AdxIONp5OMDkHBU5GTQEBJJGT/tHH0YjOQcfdOORjoeKSk3rotmtVs3G1ut3d2tbdPfYcnfXW1k/Oz222/rslQEanjav3s9c7gAR0BDcYA6r1Kn2ftUDaCSC3rxg+pxwQBjOehwR62cEEYXI5AwMAE8nk8jOCvAAA44GMPVfUDG5uWxkEDAJ7cdAfxOMZNXWnfyTte2jTtb5q219HqJxXZN9VZ+XlvdK+3k+hEyx5OADz256dh0+bIGT0wo6nmkCKcgnHyHOM4+fkL05YDpyuOp44q2VAXdgLkYK9Dt5z7txgqRkDIzwAS4bRwVBOBtIbkdMbhzjtnABOMAc5pXW0ejXn5u+nXvt5vcjV3t8r6dum77p777daYRQOBkcE5z2JHUjqT7H8PmFQso5K8Zx06cDg5yCx9eMY9Og0Mc4YKSVwR02nHYgZyeOmR2xTSijIwo3DC5289exI2+mQAeAQPmq4ya+Ly2Xp53Wq17pJaRRDSb1erd1o1Z2Ts9+/Tzu3qU/LXIOQOD24AGAT3wSc5/MDFKwXBGOoJIyRlucHrjPJIxgk8AdathRwMc8LjH3j0z7MOvJOSSOM0qRBiMAYY7STnPyc454GDzgHgZ+90CdRJ/C7J3dnZr4NnfRWb91aN2XdhyW05nda6LTpZeTt2v5JFUrhdoBO7pkdxznjIDYbLDnjGMgildVDbiAPkAwo5BA4AJJ56Y4OCODkCryRDDEj5flyBxzzzyOvoOPz5LmQYfoASuMDONw5BABwACOfRicbcmlGfvJxjrrtdJ7Xt1u+8t2ovRtoaWuz6PV9dG3ot1p+N/KgI14yCV2segPH+0RyAMg5GAOQcnADwnBJIOCGXjB5xtPzDgYyST0I4HNXNqOCxGADjhjjA6jJ+8DgZOMHAOcDiIBSOu35sDnbgrkbsDHAzwMHkY9aG777ve2ln7ul/WMba37aCjF6bd73a7Xt6rbrbs7FV4lyAvRSFwxKnJxk56gHAwMjJ470nl/NjJAHB9yBzzkZAI69s4HtbKjHJAB55GOTjpuAz1B7knn3pdiAAgjPOMds5B9uB97kHBHGMk586bdvJttdHy7PW+j9ddPOkpX1em3z01Xz7/AHalP5do7k555IOMg+mQWByePSpOF7AgAdCApByTyeR168c9OlWCq47ZwAOenr8pJwD1z3GSOMAKNvOSDhh97qQMeuQBgYHNPmbS91te72vbS7t1tfol8mO0Xsk9E/nutOl/0K6hScgYAJBUkA/Mc8nnJGRxjkgZwMYdwvTJ64C4wpJIGccjJ79iSc8c2COwCjnnoBz0B6ZPIbtgEDnigDJOAuDxgevv9M9OvuKOaz23sr9LPlv1007N/O7DlslZ9b216Wt37W/F3au4wUIx0GRlSR1OCTkjAJ6Dnrjgg8BYHGWzj7w9Bn5cDjGODwTwDySak2clRt3ck5AIwMn9OSMdMduKREUkgfxEHgHHfPIPTJ4HQH6E0acz3TsrW01vzLru29b2vtdN6m0dGumulvN7db/8C4BQWznBBIHVTyM/e64znbgdcntyuxcnPBJwMkEADknHUDIBAIxxk4walVRtZckHPOMEYGMAZIyecheMAZPGaBGckBgOoyBk5PfHGSQwHJ5GPQtSbnFRsm3pu13Stq7+m1tNb3uoxivO+v4JPT8H16PzQLy2OMAk/XI/ixjGc9OM5PA5qbA9dw2g5OD6Eg4X8AOnAABzmgAYAJ+bhOSST64XpkbeQOvPWgD5gByNxBbHAwSMgdxyMDsQFPcEu5LVNbO7dusdXZ6b9bW/EFGXNvbou3wpX+TXlfttd+EbceCeDgjjgAtnoM8DHOW756iMlATwFJG3B5wfUjnoR6A444I5kUA7uTgEgHnA5xk/gc8de2ecAVRu24bOSM5ycH+8cnvz36dicvbys1d7q115u3xPTffRdFFRUtXa+62217JNaaaWvb1ISVGMBQOVIx7HqMdiMrzlcdxnIhVuoGRgnHy8L2xxk8AY9RUuzhTgFck7e2ADjByMLzkHBzyAcGlZcbV4A5AJyoIGCT2YEHg8DOep7w7c11beN1ezSsmrO342VjVQUlvq9/lbdWs3o/Ky0e5GCmTgLn7wUknPA4GRgEc4Ocng47VYRQMZAyVAyTgZHf1HXHocE5znLCCCVyGbcD93A2hQFyemOPl79SDngTjaOox2buzN2G3kKRz68deRwXdvL0t8Nl9ydterd7u5VOKWt79m09fhba0X2rvXfv0EUIMHA6YbJB3bs/XgkYHBPXOOhdFtBIAUc8biRgkjAJ6Ak4+nOBjgvAGBwODkZ6DJPX05IH4A9eKsRpuUHAUrzz94E4I+8CeccEg45zRdPdPW77JN/K/Z+V9n13UVZarTok3pppp27L7+1bxzJEvwb+L5kO0DwJrIyex+yOARgjIGeWwMHBGCK/zrPjeqR/GS/lhkvJ/tUuoCQIDhit3KdmDyQqgEnt2GOR/ol/EgSf8ACkfjK8aqWXwJrI+bHBNq2Dnpx+GCQcc4r/O6+Nes32l/EyxdY7eV3utWhUsmzLy3cihmYAnCbvfpjgc19dwI+XNsTra8IxSSWt4qVrfdfy27HyfHcHPKKEdUlVc27Nq/NGK+dtdnovW/7Af8Ex/iZJ4Mj8Z6V4T0c638QvEllZReEdIgt90DiNis91rUqgCCzsTmZt5Ibbt5Jr96vgp8L4/B7WnjPxVeS+K/iZ4ksdTn13xBffvhYb1eY6ToyPlLLTrMny4xEoMmzrzmvxn/AOCN+lQGPxL4hltLZtRkW8sDd+WnmpGqF2WF2+ZUIYg4wGGQSecfvdp17aaXpOj6hqdzHa2kdjrjyTzOqRxpGjucs3yheCD68nBPB/mzxbcZ8f55baOIpc2t1f2NFWS2SstFa7s07p2P3zwsjVhwNkiWqlRlZLR2daWr66rez9LrfQl8xPBKyu7BRKkp3EcKLsn73IJA+8MZI55B2jxnx58ZNC8DN4e0TSLefxf4rm8R24TRNIBm+zvcIphfUbqMPHZ2+SoZ3IZFVhgACuTvPGPiz432dr4G+HBuvD3hWe1upNV8eXMTRNOunTO8ttoUb4MrTKhT7UMqM5C4IFMin+HvwW8DJBHFPqHiTXfEVvd6dpMkY1Txd4rvoytuSGG+4ijkmQs7s8UMaMTtYLg/mlSeqSSfK7W6rSNm3fS6etkt7u11b9IppR1m/Vt73cbWUkndJqz2WvqdMvw/8WePLl/Evxm8RxWelHWpb0+CdOulh0WzigTfaf2peblW6IVVLjKAndlTgGs2f4oa14vt9G+Gf7OWjWWtXVlqlyureMJbQ2vgvwr9mdhILeUKkerXaIpBtYyN7jhzWHr3gfxT44tx4h+N+pf8IV4Ni1eC+k+HelakIIUsIVFwsnirVVeP7SjRY820jKNHkqQSCG6nQfid4s+IPim2+HP7JfgbStC8EQaMItU+Kmr6d9h8KaPsuPJuIvD9m6pL4jv9u6QXOQUZVJdsVVBXnrL4UnrpGOi5n0ctlZLRPtfXOvKMI6XWqskm5Su1byiurbeiu9Gc0vgv4U/AT4naV44+M3jmbxv491Lw9fyIdXT+0727u7yVwdP8I+HQsws0V28uGJ4wwO1vNHBHaeH7z9oX436nceFtLtLv4GfC66tmuG1/UY8/EbV7BZwI/wCz7E4Ph1pLX9zHO4lAUhsBQBXr/wAKf2ePBvgn4n+IfE2vS3XxG8fxaXAs/jXxdt1C9gllRHnt9Gtpw8GnWHmbjBEkQkRAoLtg19BySRp42uyWIePw4uD3AMowo56AZAVRtUcYB6bznTUXKN5NJJN62emqWl7Xt67bHC3Vm1GV0uVXS0TTUbOUlrZbpXum0tjwTwP8Dvhx8GpNL07wXo7PrU+uyzav4s1pzqPivWZbmF55pr7VZQ0oLyEkpCYoyGwFxzXuVjC7+K9YkZdzLptorE5HLbd2Sck/NyODjO4jjNUJEW48URD5pGtnhu2x2VovJHHPUsuRxgHqetadzr2g+FdU8V634n1jT9F0uytLEz3eoXCQRouxcbcsHY/wgIj7sgDO5TXMlJtOTe97vvdaLRrrez1tbW2p0csYwsk0ktdElHWO+6dlzX0V/kX/AA+rDX/FrZ3BHt/ukEf8ejjBPXAJGTzzknpV57yw0nwIupajeWun20Wna9KZ72eOGNcRTZOHYPJg4GEBJJO0H5Sfmzwt8WvFvj7x34q8P/Cfw4z6Vqlm9wPHPiKI22mxxQwvGZtMsZAG1SJx9x1MYOQMMRk9h8PPhqdS0q3vviDqd1411W0i8TDbqfmJo+nvBHO0baXpquqwIGAJE/mAgYwcV6uDilKKm7c86ekdW9I6v7Kuk2r9W79DlxF5qXJfSle7vZXWj336q6bSvZH8C/x1u7TVPjL8aLyC4WaO++I3iiWGVA2yZG1B2V4gwBIcdCdp56kjNcd4cv7e0t1jEbmQByMrwzAhQSvUj3DY5zzxn0H9oHy7X43/ABkZFgyfiZ4sCiMKsap9vlVVSNQFVEUdMDGDx3Pkmn3sCqZZChkJddgGWI5BIxx8v4emBggf2zw7KCy3AK60wVHR2vZQg7aLV9NPPpofxfxFh281xqadvrtVu90neq3fbfr66eR+m3/BFTR21v8Ab5NzLZw3r2vhPW7sRSxia1iZWTaZom+RgvBw3y5wTnpX9aXiH4leCfAut6jbeItSm1rxTqUlzDpPgrw5bLf6jMYYZFVY7C0Bit/MLYLyFCM5PKtj+Rr/AII6eD9e8cftiXOi6P4r1rwjDfeDtZ/tPU9A/d6m1gJIzJBBMVfyWk4TfwwBJ44z/Wr4M034S/s/W2pPqht1168vdSlgu7vOs+NPEl4qkRJE7G4uPNmYjeEEEeWGQBxX8yeIyp/61uUuaU7U7U1Fp2bbU5NXsuytdJX0TP6d4E9ouFKUVywilK0m27aR+GKXp2103P49vjLqWs3nxx+Kk0fho+HzL8QNcu57K/iE2oWG+4GbedAP3cyqVPlksVPU+nCajZvHdbZ9MvdRF3Zzzyfa3aC1DFOHWFTj5WGME4IOOeK+n/iIbjxV8cvjbq97a/2AZ/HPiG7lsdQKpqMJdw0a3UbktFKQFfB5X8zS6Nb/AA4WC+m8R31iZF8MzvbSXVwpHn+VJ/qwCCfmxx1zjIwTX9M5B7NZHl0pauWCoSUbpq6p072T6rW9/VaXP5I4lq1FxHmEYxbtjqsXNp6r2jdnbW78rWflv+MfjOz1CbVpo4rNFFzOw+zwoGO7z/LGSSD94qMnPYbVNf2R+NPAPiTwl/wQutdI8U61LHqJ8C+GL6xsLlTELOKS/WWK1ILE7GVs8feXJI4Ir+R7xJqnh648SwQ6a0k7rq9pbgRQuS7SatEsYUAHKlTyOCePlHNf2e/8FGnuPDf/AASf0ezidIVl8F/Dq1nilyZNs8doywqnylVHIJB+924r8O8U8Q/reSUKbTU8bzu0dlywVrPfWWtuzsf0H4Z0msJmNWpdcuFgttNWnfXZ2ivmnorn89//AAVmie2/Zy/Zs86WGSa4t9GmdbZgEIGj2QVlXJHJUgepBPB6fjf4aeCa7WdnAjDQxsjttbIXOSxJ4A6gnHHBHQfsr/wV2tmtP2cP2UJQgMU2gaK5lQFSNmmW7c4HViB6Ec456fgnYaxDOZbaXWY9NSWVm3zZDggYGxiVJOMgcfL1/iBryuHabr8PQs9PrOJ5pJdfbdrJX2SvpfZdT2+KJ8ucapaYXDWu9/3FO97p3XRa97va/rGpaxo+navFMXtwbadyzRugKAkkHqSxAHQAnvjkCvEvGPiW21C+u7u0d/s4ZjNMIyBt55QgdX5Bx/CcjsBoRnwVY6mP7S1Zb7lpZmknYxscEgKoI3Enk5J4yMEZNedeMPEui3DXNppBKWsjsPlQKmOny4wMZGM4Kt3HFenhsPGEleM21FxbafKtmrJvV66rbXskeBJ3ts7X/Ts9Wrq6VrehxWpeIb3VXjtN7Lp0MpeC2UlVdtpBldVPzN3I6EsTkkA17l4ZtLa00u2CKFIjjlfDKC0hxjtg4AzjtxjBGK+eNNtjcTCYBgUYmNSOWIAAIAz1zxkDseK9j069lhijVshViQFM4GQRz2PBHOc854GK9inQaTcdHyp27LTS6suy66K6MatVctpcqTta2m9lfW+l+l9E/mfrT+wp4QPi/wAX67BGYkjFvpj3LXamSJbd5UUt5YPzt1BUDk4AHY/vTJ8Ovh/8HtKGu65qthpoubdb1PEV1bQQGHbHxYwROxbY4Odu0ZbjhT8384f7G3xc8UeANU8X33hqKBL280u0tPtFxGJhAgcEPDGeBICchsH5sZyAc/UXjDx94w8aGe58YeJNT1slRNHDe3ErW0QPOyG2DKiqucfdIHXAGa+Jzjw9zvirMG62YQwOSe46kaS5sTVlFx5lsoxV9Lt6tK0blQ42yrhum/Z4WeJzSUXZzf7inGWqTS1bs76apr5HD/tqeNtJ8e/FW61zw/dNc6R9ltrOyuUi8gXBjwk0yxAbQu4cFQA2AR14h+A8MUOgK24ho9ZQLKybwGPUYwSxKnBXODgDg1414usb3xD4l0bTdFsL3U7+UIsVnAjPI7FxsVQoASJeCWYBVQZ45r2dfid4a/Z90GTwdpFjB8QvjLrTq1n4fsyl1pXhW7nT922pum5JLyFyCYATt2klg1feqlhshwOGyzCwlXlh6FPD0abadSagoJSm2recpNRT6J3PAoxxPEE6mOxMqdCniarr1ausYRUve5Y7+dv8mfRfjLX/AAf8LNGu/F3xC1r+wNOmIlstIhmX+29flVAYksbQDzdkj7QWK8BtwwAa+J/Ffj/4n/tEfbLadrr4b/CaOGVrDRbJnttS16KNWEMt+6lZJmlQDcTlRnJGODNpHww8U+M9Ym8ffGzU5PEnirzBcWmkXErHTdGViTDbxWxbykWIEKqiMFduDu4avTrlEh029iVI3ktbacIqYEcKBXCqmAFXAAGAOnbkVnSyhYlfWsxipStKVOjryR0TSaa+JWte13Lsjd5zh8tSwWUJvmaVbFPWdR3jzNPX3X72v6H9mv8AwSi+GXgD4d/sUfBiXwR4P0nw5c6npM91rmqWtjAmr6xel1BuL6+CC5ldiSQvm7STjBGc/pHFbsXLFC0k2QCXBC9yXLAjJ9zwepx1/P3/AIJu+M/DOk/sD/BvX9e1uw0vTLDSr5Ly8vLuGKON7eQB4/mbcGXA+6C27jb13fF/7af/AAVv8O+CrbVPAnwTebWPEdwk9nFLpsbXerX0gJhZdLtogzReZu3LdMdg4IUYr+R8/o4itneYQhGcv9trRitbQjGo0nK9koK17ySUUrJdv6ayFVK2WYKcUo82GouVRrTmdOF3tdvyTbve3Rn6VftGftg/CD9mWxhm8Y6za6p4gllWe38N2NxG8sax8vPfOrkW0KkZlZ8YGCAu6v5MP2sv267/AOOnxl8bS/s8eD/P8V+Nr2GK88QaWgvphBFmKK0icRHykgUYMu8LnLAAnFeSeL/hD+1H+0/a6/4/+KetX/gHw9eswsdPuruW58Q38FzKHMN6hIkgmkDYyMAjC4OMj7z+Evw0+EP7MPw00i+Gn6Z4cSLTY7jxB4t8RyQR3txNHHueSSeb5xnkokfOWC9cEaUYYLLsOqkZf2hi6jUPqmHlKVOMrxaVacLKaWnuJSu9+h72Hy7EYjEyjVg8Fh4wvLG4iPLJxas1Sg9Kd48z5muZLfdHxv8ADL9hDxP4xurXxr+0Br19qWo3ciXY8MrdPPISDvMOqTMxTZ0BjCIQBgnjj741XUPhB+zj4XW/1fXvCHgTQLPTWjW3At7eWOOOLJhhjys93PLjAzjLe2BX5c/tMf8ABVvQtBl1Tw78C9Og8QaopkgbxfeArpkEmSJGsoWJM5XBZJc7TgFQCMH8Lfih8Z/iR8X9dutb8feKdV8RXtxI5igu7mYafaqzZEdvbBxEETonyBsA5PWvosu4OzviGVOrm1V4DA3i44WnHllyaSSVNWULq2s25PV8raPJzLi/hzhmMqGU0lmOYJWliJJuEamnM3N3b974VHs9ep+vn7UH/BWefWNIk+H3wE0y6ttMtLq4LeONaZnmZ2O2RtKtDxCG+ba/zqRt7ZFfiv4z+JPijxtqt1rPi7xBqWt6lcStLJdalcSzMS7bj5aO7RxqCcJtC4IwBjrwupXjQogQgugb91GAEBz0wSBkdm7EAMNpxWMkdzfSxxqrTTyMuIIw0jEkjBIHI3NkA8YK9emf1fJ+GcryWkqeEw0Yv3VOpJKVWT0s5TeqvZ6WSWiSPyPOeKs1zmq5YvETcHJyjRhJxpxXu3XImr2tZXbbtfte3c6rNMGSME7mIL9wc8EHB4OAQcjt1zxZ03Sb/VrlYLSCe7uHAzFEGkYLgkswA2qBgjk4yevevWfB3wP8Q68YrvVVOlWJKsd64nkQ44UEZ7gc9BznFfaHgv4b+GvCulXJ0m1ibVF0y4MlzKqtOxCHOSc7B1xnkfTr7XPThJwST2vZtdILV2t30Wr0tZpnzjcpPVt3a3fmlr8tHaz9GfNvw0/Z+uNd8q/8RXEdhYptleHdumkjD8hTngEqQwwCP4s5r7S0LR/Bngmyii8NaZZ+dGUje7YIZ5eAu5mK7sA9COxCnArmvC2j3s+nWrNI/wBlaKSR2tycxFXYkEDliQBjqAM9sV7Z4H+CHjPxrPPeaRZpaeHrbypdQ17Xpk0/TrS1XPmSmS4KhwuGbgnPQng51lXw+GhevOEbWerXl03urrz6LrfFYXFYupyUITlpZqMWo2bVk2+nXW1lrs7Hmmq6/fvM7MXhgG7fsIPmKVyAgAJLdRtweBnjBr60/Ya1k/DX9pX4R/Ffxrp+oaV8P/D9zqd9qWrzQ+TFDGLceXJDNNsy5YbiwHA5U56eUeJfjF+y1+zz9rs7O3k+OPxM2GKO2tZDN4Z069QYBDAslyIpMDj7xAGMEivALC5/aK/bB+IXgfwjqF8ngTwr4x8Tad4a0XSrFfsFpp0epXKQLObWII86wRsGbGSdpGCTtPgZliKmZYPFUKWHnTwkqVRVcROLi3C3vOCa5m7NpSaSWnoe5luX0ctxOHrV66li1UhyYei02pc0bKUtly2Tduuh/Qx+2J/wXP0qSZfCn7OWiWl7q1rJdWsHiSR57+7vJJi0Za10eJWknuQSAsgwvmEZXAIP57fDv9jD/gp3/wAFEtePiLWjr3wt+H2u3P2nUvGnjeeTTpLyxnbcW0uxnVZZIhGd8cERjJ+XJJPH9Gv7D3/BJ39lT9luysZb7wvY/FX4q6bBZ3Go+OPFdtFfi2u1RZJn021n3R2yRyEqFZGYhQTzX6zX9zpFrYSRLLaRWVrAFt4IBFb2sbNlUWK3i2IhwBwqgqSQcdK/JI4/LMphNZVg6dSqm1LE14qcm7qN1dtLq1zdOlrI/QqixeOko4qvKNPRqlTfImmlpJ/a6X+FK7e1j8Tf2Qf+CLP7KX7KlxZeKPF2nv8AHf4pRJHPN4q8Yw/a9Fsr+PbIX0vTJy6xMjgbGd35Gcdc/B3/AAcTGCy1T9mvRLO3trKCHRrq4trKyt4rK3t0+0bVWOCFI4kCIQuVQccHJ4r+lPUbyBoWMk6W1tFcwNC0ZBMhkx1PHy/3uTkDIB6j+YD/AIOFtXbUviz8AtOeTebPwZdThNwO1FvRhic9CpzxnsM5PHRwnmWKzHiKg69eU5Pnag3otvdjBO1tHFJWT366eXn+GpYbK6kYxjGKcE2rO8m4tPd2d7vV639Lfz16oJVa1SMKMgldp3uu1drg5yQGI3Fu2DnJyatWdss8UYMjIURydwJBwpyoIA+VuMYJI6DgU+9SR5rVwgXNuzoQAMKxJDEc4Bxjt1GATxWhYoPs8oVQrRRM2WOBlwSMKdx5JP1HpzX9K4OCSjo72TSdrJJR22tpfpp31PxLHShFtX3TtdPRrl21tte3bXe+vGzxiK7dhtwBGDxgZBztwAfunJGcHOAM4zX0F8IFF34u8NWyJ5huPE3hiNgFB2o+rWqkkkqMEdc465wuc14NLF+/fJOMrk9t4O4AenUHpnp0619LfAIE+M/DbYjUR+KvCW4ttzt/tizHyjJGDlT0IJyMKOuPEkIrJca4vX2NSSW7vyryt+N+Zeeu/C1RzzbBQsklWppvo/eSs73fTXdPW+h/oMeHdOt/DPhTwzptoixRnwvot0wUBQZfscQYAD+IkhvXgn1NZs8kkqB2zucH0JBwc5K5yCCTjnsR610WsyI+l+C4AQjv4c01pAONyrZQhQeBgEFgOo5BABrEMYaFVBGFBAJDAdCD0Gc4wvBHuPT+Ho1H7as7+77SV3ZpL3lsumjvola3a6X9jUoONCk2vsKzVmtOW1/TXtqczcqueMbiBnpkDncTkY5HHIwM8AkA1VlO1lKDb0OQ3QL1bPQEZ74OPU5rReH5nAIIxgrjrkn8TzwF6FiQeSM1HVjIAOBgAqPmY5Ge38OcdMn0xjnWclG0k999b6XWy0tpuvXvcfI5W7PS6vona+mln0enzdrHofhaVI/C/jbYST/wjmtsOwyNLu8DuDjJbngj0HX/ADk/HT+Z40+J0pkMXnfEbxQWTdtyDqdzggYbPOQuT9Dg1/orwO+n+BvGlzuWIr4Z1+TdKVjQqml3ROSzLlgGGMjJz7AV/nK63b3ms+MvH8sAe4jn8f8AiVto4BI1S4+5kcjIPKsRxwchs/0x9Guqp8SVJSmoRhTu5O8Ur2Su3p+LZ/O30ioOPB9eNKnOrVqzSpxp3lJ25NrLot3bdXI4LeONQ0O1hlNp4DMR1PB4LA9OOhAGck+VfGO7KeHtMhmLjz9TYlVOVCqCBg+nX0Gdwy2TXucOjXi5EoS0jU4bzJEUhlI/vMCB3A7EdB35Lxt4Y8D6zpFtB4g8V22myWt0828TIrNkruU/N8uOhHB46cCv7d4kzjLaOX1ILGUalSyfJGcZPSUW1aLctk1r5La9v4W4M4dz7E5tQr1Mtr0MNF3lUqpwgtrSs9X0Wj/DU/N66G65uCmComkORknAJGDnOMHB65xjtxWrpMBeQMqb3JwqhWZgPlyMDdkdOcD0r6fl0f8AZw0BpLi+1+XU5huCxQP55Zx1yAcBW64JJx3A6wr8Y/gf4bO/Q/BE+pXcf+pklhKpJjqzlmdRjgHgjjhcg1+HVcdSlXnOKnN3bVk1FptbNrtpsrPZ2vf+koZNVVKMK1WlTXKrpu+i5Vaz0a1bte76O+p4EfDWq38ix2en3c7sdgSC3kYuxJIAIUYOPfHrhsmnr8JPG99riRxeGNRG2JcCSBkKA8BskDCk/wB71GQoyD7g/wC1XrUBkTwp4D0ewcsGjne0inZcDgj5MAnvt64zjI58y1v9pz4razrMzmeytbh18jy7a2EaptUfL8uDvU5HOeBjnGK8+tjas3TfsGoqSs2rK+n2rLbTTTT8fQwWBwuHVSP1lVHyrmSsrJ263dt0u7u+p2Fr+zv8RL5IRLb2mnRPtJF3PHDtGOrbyBnGTkgN6DOK6OP9meezgM2ueMNF0+FjlgtxC7KwbaSAGBI6A8j1xjivn7V/iR8UNXZor7xRqKq2BsjkaJUBPRSD0ByPqexrlpptb1Hd9t1nUb19+Ckl1MSenTD7R0PB7nqcZHZ9axtZKKSSSSXKkkvh7tvpfS7u0ZexymnK803K6+1y226aN/8AgN/Q+r/+Fa/BHQIyde+IAuZ0GWisyuSwJyEALZJ5yT3JJwa1ofG/7O/h1IP7P0zUtbmt1IBnUlZXBx06ZYZPTHXAwCK+Q7fRPORmkHmMp/jDu/HJO52J6g55xnOBkDPV2PhhpREscce90wFRCzZwRzgcYJ5yeMYJOcV00MHj6uqnKCas9Wk7uO6irLzfXrvY5K+OyqikvY0nazhzpSd/dS7Le2yTdj3q+/aD8MaeWk8O/DaxwjjbLcxLIVySULbkIznGck8dcAVy1/8AtP8Aj+QkaTYaRo0eNy+RZIHj/ugnAOQAVJHQ87uMVgabpUK2D2U8MS/u5C74HmO6kquM4xtJ6YyCMAjPPEzaPElwUIOI3KtuyS5ycDqBtGAcFTjGB0FdMsknLlnKtzSlZybb0a5Vu2+/W3zSOCPE9OE5U6dOMUmlBqNtkuydt7JWv12OrvfjF8WfEzv5viO/DKoAS1BgXnggFchenIAIJznORXMXd74uupETU9e1GRpd25JLuWQRtuOQUDEZIGACwxkNjtXRaRDZ27y3THy4IOu1Qqs4TIBOCThiSM8hlzxgmsOa6WbUDMDnzHfbvBwyjIJ653ccdAccnHXqeU4elCCnJynNp+Tj7r01s07PW2v2dLnBLiHFV5VUmo0o6Oy3V1Z2tdK21u3XrxupwMmqxwyXEtxviVvNklkbDvgEkMclcMQMkHI6H5q7S00e1hjLOnnHapEpXJz7HPfBBYDOOuS2K57Vnjk1y1CjcnlISo/jBySOTyCR1xwGGc5FeqGCL7JbyI64WFTsLAj7u3acDrnPQEAjOQKxy3DUHiq0XTTUakbfa6ro7ejvfyvu98wxlV4OhNTcVON2+Z3bbSu9tNN3bZ730o+H7tLW8Li2RUaIg7EUPhU+4PlPBwGOOc8kgYFew6PrC32niYRmJQFj2hmCIUyN4wQCzZ3EBs47cDPkWnqoluJm2qUQoqgEjL5AwB1BDBgAc4J4GRXrWiRi202ODYHynmjaOrNxhx2xng/Nu79M1+tcM3hKMYRUYcsrtRSTacVFvRvo+mnm0j8g4rjCrTc5OTqc0Le89YrXSz2lptfbYs3My+WBkluQ2WyB15Awc5J5HAOfeuD8Rsv2O9JUbVjZRhiNue2ckDkZOMHqOvXuZVYl5Gj+6rMABkjHckZ4GfoMY9q4HxSktxZTLFyHKs7Buo5JGB97AHPGQRnBya93O5S+o1rpNqErK2trRSbT6813rsvPQ8Lhy/8AaFCOsf3kU37zurpt76vtfVXd/LzRbvZHCkB6DGDhscnJbOfxBHpgZ6OUiQyPKy724DEgD5iBgk45I6ZznPtgrHol4RlY5ZAFDL5cUjbj1O1gOg9SefWtOw8J+JNRYLYaLqd2HkCxiKzkOehAJwOfQdPQ9c/kFeo21GpywTslzNJpaJ8uujtfW13ZdWj9ihQq8zlSjNtNWSWnTtbqv6uYV2m1ZCzHZtbyxxuyoA5475AXAYkgA4zuPm/iRTC2n7ehbcM884Xk9DwDkjjue+T9KW/wZ+I+rTJGnh64g35AN2fI3BgAdxbJG3ocgHOcDoBcuf2bPGKXOmrrr6fZpcMyokcgupoyT8p2cZGc9/lOD0OK+ex6oSaUpwTUovRq61i+jVlt+N7as+jymjik1KVGo73Wqabd1ppazd0ndXs9dUeGadue3t1YMymNSuAcEnA5wOnQ9SME9CKuSW0hZtq4UEsuBkDOPUjjIOR2OM4/i+s7D9n7RtPsEk1vXLjMWFZYYhGVIORj95gAjB5xtA+bk4q9b+Bfhfoof7deQ3BjyWN5qEcbADoxi5JOBhsEnHUjoOiniMCoRUsRFNRTvpfSKVk0ntbS+vWy0IrZRmdWtKUcPGN5XUnJbNq3e1k/ds30utLHx1Faliykb3ZcHgsFYn5TgA56FSM/hW5peg3crE29tcygMhkK28pCgHtgYJyQOCCCQe3P1dBrPwh0yQvHFpzSIrfJaW73pkbbkNvUEE9D6c/KSK6DTPiLpsTLb+FvBmta2JioQW+kNFuIJ4V2j2qD0AJIAA5wazpZxgMJNVL+0s20r6tXTve997+q11vY1q8N5hXjyTqRpJx5XZOTW19tHvZbPXa2h5P4T8J61JqkVwdKvzB9nXYxj2bRtwGJOMKCOOADjJr2ePwNrl3JD5tnHbxsEkVp5I0DA4Utzzxk8cnrj3vyX3xq1uYN4d+Fd5pyN+6L6iRGoU/KDICq4XkFgAACT65q/F8IP2jvEUmNQutC0KBAGB+0NI9sCQcIgIxgcYzjHUmvepeIDpU3ToYZyUtFzJytbl01Sd1tb5a638Gp4XUcVUhVxOJqSaskqaUUkuVJXffW/TfVHDeKPg/BewCe/wBfsrZI5My/ZsSSjAJUYzncRjGMk8kZ6VyEXwz+HNhEhvtU1C/YHdMqlYBtye555xnPQLxk849/i/ZX8b3bo2v/ABQYhHDy2+n25KsgyQu4MQAehPJznhua7Kw/Za8CwBJNb1HXNWl3FZnkuHhiduuSoOAMZPsoGBjGfmsfn2Jx9adSdJR5mtNFfRW21t0Wh9dl/COCy/Dxw9JuySau7tu0d+mtm7a6tWR84QRfAzSQf+JRF5qwFkmvbxbhztU7HMSDJAk6DcQx4z0FcJ4K+I0/hOfV7bQtPgupLm7kltWttDe4cwvLmJUfYQOBg8keu3GB+k2nfBH4P6Po18NN8K6XNeJYztBcXbfaZcrEzFiWY4IYZ3HjoBnNbHhzRPD+maRpos9J0eCVokQvFZQcDIYbnEZJbgDgdhkcDPl1MZiJyjzSjFpLSKba+BJbx3eny8rnuYbKcNRukotSSjL3eu6trtdbb7PRI+FU8WfFzxBAh0/wl4puRIc4WI2MKs3BZRsAUDP3ckdcmum0zwP8etYjUw+GtP01mOJZdTvWLldp5ZA3JxgnoAQenUfdMt6qyCOGMoEdQ7RmOKJgDyFKhQGI7N6depp82uafp/8Ax83ltbiVlB8y7jIAUZYE7wEZiCMYY4YZ9olicRKz9vUavZpS6vl1d7vS213a/azOr6lhoO8aUL7XsvLm6aPTV367NaHybpP7P/xV1SaL+1vGek6OhUkppunmeaMEnOH3NuIBODgkEds4ruLL9lLR51MHiPxt4s1ZjmQrbTm0t8soGQgQcZDEDJHTBGMV7FqfxV8C6KrSzeJNGs3BMZAvYWGMfeY5+UjcBg8EgEEcZ4LW/wBqH4TaUNs3jG0kmWMB3sx5rO39zcDjAPQ4z9ARjnnVd/3k5Tu7LV6JW1bUlql36rz03hSpRStTS16d9F3VlvdO9/N6OPTf2XfhBpEiJeaJqOs3Kje8mq3j3AdSSQZBvUgDkZ5ON3vnu4/A3ww8PyAad4I8P2+xFAuRaLcsGxkBixbLcbsDrwMnmvmTX/24fhlpxkOnWmqapctlfOAMcciA8gFjjHTIwcBgema8J8S/t9JvcaJ4QRIyRta6nVgH5BP3SCMZJyR/OuVzox5vhSXWbTelk3o9XddvkdSUElsnor/do/XzSXTpd/pNfapYWtg32OC1sVggD+Xb2UKNKilSNgWMMgwMck445+8RgDx4lvayAPc4ZRLCVfZkEYYOFIAHTOcAjjoMV+RviT9tT4j6yksVnFYWCshQfZ4Q7iMk4XcDnjH8OcjmvGNW/aA+JuqB2bX72FGURmO3Pl7UPocEDORkAjkg88iuR4iKlaLfK07WTbW3mklff7rvUtVodXd3T0V102s9LPXa+yvayP158Q+PNGh1zwxc6hdRBl1CWcyyTqIlVQdytl8BlJ655z9d0OsftIeA9Oklij1uxgRJZDKomDv8pOQuDhjjJI69MY6j8RNS8a+JdTzJe6tf3BXKoJZ5G255Yhg20NjG0gdAcdeed/tC5mYlriU7t2AzFhk9SWJJz1HYAbepPHIqzU1dOV7u23Mvc1btp1v6X1V2NYrlSik2n1sk2rrdvfrd9b6uzP2fn/a7+GFgJF/tG7vSC5SCNNyhsY3cbd3fqDjJ2kk4HmOs/txeGYpGW20W6ukjVkh8yTy8sSfmcA4K49c7e/cD8rHLFg/nMduMEEk5yQBwBwQDk8kHG0kYAaFAHzI3XqctkdxnnHrkjJ6nnNbRlWnqqa6W0bta2999Hpqu3SxlLEpO65En0umr+4nfW2mmmztazvd/oBrH7buuEyDTNItLdWIKu7LJIuSSNwGA20euCenbNedav+2J8U9QLCHUIrdSSA1vb7JAp4HOcA4x69CSeTXyjFbXVySLSxmmbACmKF5mwcjAKrg8k5HPcHvXfaN8KPiX4hZP7M8JatKJWCo6WUirkgc7mIHTJOePw5relg8fWbVOFW8mm1CDV/hdrqPmlY562aUKKbq16cOXdtxXVd396avo9DqtW/aE+KWqqY7jxDqQjkXmPziFAJzjaoGVOTgfXmuEvPiD4uvw5u9e1IK2c4lcgkgZJ3lj+p9+or2/Rf2Q/jJrWPM0WLT1GATqFysbKMbs7cdcA4y2OfTp6Npf7CniyWSH+1vEul2auCZFgIneLHJ/u8j04PTPQA+nS4ZzWq4yWHqWdrc75N+XTV7dFo2+q1PCrcVZRS5nPG0rJvSElN6cutovXZ6dVbV2PimXW72dg9zf3kwKkcyvxn1wwznuGG4dOgJqi12cFjknO4NIGPOTnO4nLdjgd8k1+mmk/sNeELdof7Y8V3V27sS628RiUhSM85PofQAAY6CvUtM/ZM+DelNEzaVfaoE6tcTAq7dhgcYz/COxPPPHqYfgnMa2s5UKaukrycpLVXSST2vvr3W542K48ymkrQnVqu20INt/C1ZykravyS36H44lrmfmNJJWPG1InbOcDOFUkAjJPPB7DINdT4V8JeKPE4uY/D2iX+rNasPtAs7aSYQk8DfwME8Y6c4OATgftO3wk+Gfh7Sr1tM8FaVbyx6fd4nkiWR8rA5DYfd8y4HzddwzjOa8O/YvsYotW+LKQpFGFvyI1aJSECXDbQgP3VUArj+EjPAxjolwa8PisJRrYmMliOdNwi04uME2mnpvpdbW06I5afG9PEYHG4zDUG/qvs0lUaXPzSir2irqyd/XW+l18U6N+zb8ZdYaNofBt7Ejbf314hhRflyNxboo5PPGeP8AZPpukfsVfFjUGxeHStNTALGW6XC7sBicc57YK4I4xjNfr7KJijqswTaih8DaCWHBGMjBztBPOTjmka3nMahUkBKAMFOVAbJ3PnJUH+Fs+nsa+go8H5ZT5VVnVqPzmoqXwq1ko+S381rc+VreIeZVU3RpUqa06SvolortfjZeZ+Yml/sFawxb+2/GNjbpkcWsAmY+o4ZSevA6cZAwOfWdC/YP+HdtEkuueKNRvyFBZbWMwgscEK2d23JG3PG4E5wSMfZyQHbMBEylXDO5PK9QzAY55GDg8YzyBk79nYDyy25H81A27OCpC5A7jkn5h3HoOa9WHDWVUI8yw8ZWXWUpbct097PbRXvukeVV4yzmq4x+sezTSTjFJatxVr6u9ls356WR8z6d+yL8CtFSKZtC1DUzHGGdrufcrkqAGwQoC9c5Jx64PHf6V8FPhTpKE6b4B0VXRNqPcW6zFj6sGOCQvPHfg84x7MbRnCgkMixjCucBu2QMgYX+HJOQMcimizfCIS6LJlQTnCqTwcj0wCozyRkjvXRHAYCkoqGHpxUV0hFae7a7fXy/9tOCebZtWc+fGV5czvFOpJLdedr/APBWm5y+n6NoelxmPTPDOjWW1AGa3sYAQQeDzG5AGDjHJ7kZAPSWt68KukG2NlUI0MUSRjjnIKqMAc5PbdjjAxdFhtXIPAVk3Bs72DbQCCRgkZAz9MdczW1mpMrbQjKBuz1Y5OQecgHgE8YO7kcY2/cRjaMIqyVvdjGzttdLvpr8mZRliatuetUm3veUn0WtrtPzataz32VILM+JfPmczb1CZJwePlIGQRgAdByuQeM18VePyYP2tvheZikcccdmA0ikqgMTBiQ3PPA4yOwOOK++Y7MSRhmAEsSeYkYYckj5W6dTwdvbkYJ5r4C+K7E/tb/DeOeFmLQWIK5wWBhYnPTGD02jIGDz0Hk5pK9LDOG8cXh3GzX/AD8ikvW/V6rzZ9Jw/SqRxGJs5OMsDXtzKTVnBc3NdaPpZ3a9dTxD9oGNLzxHb5A8n7EHiYkMzYA7r94AheAeCBg8c/OyDVLRmaxu7qAADCh5NhUYI4JI5H+yMEECvoH4xK9zrlg44t/snloWJ+VQTkdxyByCBnAbk4A8jdYhEIyMMo2rvbapzwCM/r1yB1yCa+JxuHjWnO0VK9ndJK7SV7Xeny0f3H3+CxFaFCPN7qSsrtysrrRLVaX0tvqloZun6heX+t6WbybzpYZ4hwihjtJI37QMngnJxgDPufon4iTxP4J8GS6nLJHHLc3haZVJClF2qWBOSwAG3Hb2+74JpkKR+JNMVVChpkyAMBiRwVyTkE9O+Dk54r6C+MFuq/DbwFI3AF3e7tqggAgcHGO2MdiDkg9R4UYeylWp8utmktkneF1re2t/kn3Pcp1k6SqNX2vZNa6X6Pa2uzut9brxddAivkjay1nTbzcSyW80iwzk7iSOWyW4OTzyealfRL2yt7gXtqIoo1H72N1eEksT95Sc4OADkHHB7Y87Eg81gsABQjY4DRkfNk4bOcnjksOM4HSra6hetDdRi5uBDHH/AKh5GdCSehDFhnPHY/ia44wlTm3rda9kmkn7rXkktNLrtZF81Go4y5bPa7Tu3ZPfbS0rrW6v5H3D8AGH/Cv/AIsuo3b9HkVD3P7twA3y5+9jGce4JNfCk1vKJpl2MMyStzlTjzSTgYwwHRgPlwe+cV9n/A67lT4W/EyRC6SNpJIYcYzGevGOMjrnk9wa+Sfts7vumjimTLBhjBbDnOSOQT0JB5AHOOmkmpTTS5lZXet9l5JXXW7ta19QrU+aMUt07pvpsnpd3Vumzeq7GDGrKy7VwEkQsdpUgEhW6kdBnpwCAM9DX2B+ynuXxLHsK8nUefugkQMATxnIwMknuAMHgfK0s1oSWe2eHLZDJluTnb8o+bPckcHPPUivqb9lyQr4gt3iy53ageuMfuGUMcEHGO2Rz06VcPdnFu8U7NS0T+ztsr/LTfUeHhKEJfa69NLOHdW+Lpppd6tHzn42RW8VeI2fY7f25qJbjlf37456EDAPdjjBOOnKRJIZI8uyqW8sEbhncVBLDOM8nqOTgEAmvSPFVjIfFPiKSe2bZLq+o4ZVJ+Xz33Hd05K5JA+bHOM5HOQ2ED3ERjYLiVCUYc8Ntwc/w9D7DPzdRXNV+KTUk2no9+q6dmkr622er1NlKUZR5oW+G1kmtZRVtddruyfk1oeu/CvS5Z7yZbZWmNpc2N0wDZ2LDPG7u2NwBwPmK8AdQPlr9Ybr9mq61a2tdY0zxB4Uu7zXLKy1OXSzqcC3lulzAGUOSwIk5BKkZySMkYU/nd+ztpJ1HxRqVijrGtyUgZmXKeXIFDcZJIXPTODyRzzX9lX7AX/BPj4NfFT9nXwd4++IvhS0v76+vtQ0q611Lm4tNRa1sZ2hto7dRIAEVQCrsMfgc1/Nfjt4hUOA8uy7HYmVZxq4x0YxowjUm7xu205RSikrtu26aP0zg3K4Y9YqdTlhCMY+/J6JykrJaPVttJPdre9z+YDxt+zx408IW1zc3Fgz2YkTfJbXK3MDoTlgBGPnGDtySOORgYB+LdPsRYeOvEsEcYIiu7BdiJtCMLiPdjpt54bjrxX99PxC/wCCQnwb1bRtXtfBPi3xHol7NBJLp0Fzdf2pbROFLIJIHyWXgA8txgV/H9+2F+yh4j/Zb/aL8R+C9f1uy1ia9msdTgvbCLyY5YZ50cCaLkxyIM7hjbuPtg/O+E3jHknGeMrZbRq+zxscNKsqVaHsqjhFxUpJ3lBqPNF6Sbs78qSuejnGRRoUPb4ducY1IqaipR5U3srqzT1Wm+93Y9T8QfGb4yeA7jRbf4c+OtS8L6UPDmlyXOlRxefYtJFCjicptPzMwG4g8g4yc/NmeNf20f2pvHPhfXdA8TS6H4sTV9NOk2OoDSYodStIiNhezuHU+XOVUgsclsnpurZ8Z+Hpc6XJHHdBZPDmn4kMLiNswIMb3VfkPGSrbSSeDXldxpsem/Ybe4328huYXVw4JYMwI6AYwMsDkcKO+Fr1qmGyLGY6rXeEwGIrwxMqjq+zp+0c41FL3qitJNPpJuzXzO6m8ZCjTh7erCM6UVyuT5V7sU0rvlV1rqm1a++j+GIEktfiJHZvaC2vWs4UvjKF8wXkpxN5o2r+8Z2BO3HtjrX23rf7KHi34neBF+J/hTRPFOv6P4es20jW9Q0fTp7+z0y4tAAwuniUqg+bPT7oYg56fIHiWKOP4y3qqXkeTxLYw7zncUcjrjGAcLngDJII9P39/Yo+KHxW0P4CfFL4ffD7Wb2xXWfG8GnjSbPRl1R7v+0JI1luJCUZVVOgUgEqSc44r6zj7i7HcK8JYPNMDGDdPEYWNSNRtU1RqyVOTbSndRXXl38tDwMlyulmGb4qhVSknCpBSutOW0nJpaXVndK199D+fXWvg7rumpPHFdFXjkIWO9tZbV2xjIbfGOBgjHAwOOMisz4Z6Xf2PxCsob22SEx7I42DFlZt4+6uRndgc54Hpg1/Tt8cv2OvjVp2pWdj4w0zw0J/Fmk2l1Z63feH1sNFG+DzYrU3UcaoNRlUsjxrghyNwzyv46fEb4RSeB/jf4f8PzaPZ6bdiHN+lo5lgmmBYmaMY4DlQ+wnheWAIAPFwH4s4PiqvRwkZUvrDpqpKNKo5RVlDWzhCSvorNLTdWN844U+o0ZV6U1KEWrK2mkkmknfqnfXqnrfX41+POm2c3xE1Ofz/LkFrbbQwYrkIoKk7jjr175B7Zrw+LTY458ySxuR8wwdpCnnABABwc85OQQO/P6cfET9nDxN450uTxzoXh+e9hkvLi0ke2O91e0woCxhDuPA3DI4xnJFfC/i/wCGnijQJJTqWiX9uIQxkLW7wOigsNzBhyvcv32senNfq2FzrA4itWowr03VpVGpQ9paUZJpbO+17aLXstT5+pl1WlGnNxvzxU9G9LKL2abb0uvdaV1rbbE8BWsVv4osZoHyWu4gRk5GTzzuHBIIHrgcEZr6T/aCWM+EfAm1T/qbsscrhz8xwORnA6HDHtjJyPmfwRdBNfjj2FZEurfYWwGDdD8vZhnHryRwcV9EfG+SK78H+BlEjK8MdyWPJUBieoA47gdOoODha9ecufDKTkmlLa6V7pX062btrqtdtTmpUY+3emtm7q+6drbbxultZ2dj5I3F1aOQEAg8tyVUHcBtyOCD68g8V658K0X/AISPTDkYCFEYAjazkbMnPqcjOeQOBjJ8tkMTbmQKSPkXcxOSAcue3Xtyfpwa9Z+Fa7tY0+XC7Vv7WEhSBkiQYI4474bpxke+FPWdk0la932ez06Xt9+nS/TWpyVPV3vZO/8A26tUtnbTW3S9tzsfi/b+R42uo5UhKtaWhdmQfMSFHOR0GT/wLB74HI2VrZQyiW1aa3cYMhhkO0qQByuCAN3BzjAPHXjtvjlHMvxAvCik7rO124wQQEXDHdgDBwDtz3JODx5fp99JAWE0e5S3zZI3HHAGeCVB6Z9e+K4mpczlJ2u1e/W1mnfReVt11OihbkgrO3KtdbbRt0e27fb5s+rv2Y7kzePLWFmJVLmQ5bl3IHCkYxjB5x0JyCBkVU+Kc1lf/EPxNCF8mePV2CmU4BCg48vbtA77ly2QewYEx/swTKPH1sBGFZ7nClWyyqygkNg4OOe/rzng4XxfCx/ETxTNCzCQatICSmWUBmGARwTx16jHPXFceIjGorJtNdY7J2j2ej2dru+jTY8LdVqsU27pSsumsVpa/ZajJtHhGg3twsas6S/vZRJuBBweVy2Cc9MdeegxX1H+zshfSdaKwqC2h3A2/Ko4VkDKMDPA+7xkjvwD8bQ3t8LWe1W8LQSqJZEYZQvkZz6YJBPOckcgYFfW37P97LaaVrc7klRpkjIIumxRyp543fTIHpnNctKEoKak+ZJXt06J633fVettdH11NJQa5k+ZJPZ/Ereun3PbY8T8RWN9Bf3Ie0lzI8vkqY2I/wBY2QAMEjHPBJwTnglj2HgUyQX9n5/mK+wFkcYOWPA5HXGegz29CPXo/iD8MV1Cwu7yxvmv7R/KvZJUWS3MTLhnWMr8xVugwcgcZ4Iyb7V/DmueNEvdAijTSrhI1hTyvJd3UEFnGcD5jz0zyQMZx8xWxM3WnSlRlGCu1J2SdmldJO92/lofW4eguSnU57t8mjsmk+VJX3vfTufpV+zgzHUfBpCooXWdHyQOTnULf2yMZx3x271/cpoOT4W8LgDr4b0gkEZ4FrHjBHXPXndnPNfxC/s92ogn8EsEA3avpOFxyV/tC34yCRkY4GCcDPc7v7gfDqbvCvhVumfDej4wC2P9CXHHJ5B9MH3wK+ExkuerjtG1zQs1srNxt/la/X1Pb4n93BZJzP8A5/p99adOWl9r9W7equybBG3OBux0OSRnjIzntztycDopyQYO8kE5AyAMd+cdOWXJzgZwMYFWGUnBJVnwBzheQOwGScA56gccHg4YUJIXOQDgZG3gnDDOdxHBwTgjOOtfN1VKMm+W3S19Xor6dL3u3bra7Wq+XhWe179dXrayVrvS631Su3d22bB8oXJOGHbODzznaMDoRyecDpTVT7oLHcwAIwN2c5xgA57npgccZyKlMbL0Chc5yvzAY4wWxzgj5eACP4hyxUMFk564LEbSRuBXBPTqMgA8nI9KxcnzWX2bXadrX5d3e62bvq306Ip1F9lJ3STV3daKyffXXveLUdUkRAFV2sBy2CAB0Prlhj9SCCD/ALM6IzNhgABggngj1B9Dz9cdD1oBViTjkEBTwDuJOc56EcE4xg4wRiraRJ98klgRv685BXPPBBwCCOcnviumEVNRd2rtrl0bWqsnr0tZ9NO+/N7SScktHZu75d2k/wBNXr91yIAHPQ/NwCG5CjPHYMD6H2OOczBd3IQHAIJJyPmyM9cfUADqeQpqxsXjtgcnr15ORjPGOSCMgdgM1OqpwCAeCDuYEk57kcg8ZOByT3IwOqNotNaXSTevVLvZO719baJbZOpJ6PV6ta6u1t9PRbq2j32ohFxkZJA7Etjpxnr2AweMglfnqVYl3cZwBySAOAATjk55Po3THZiZyqKPk6dwOO45GQML0wCM9/alBVSDj0GDnBGMEYJyF6KBwTznuK2Ur7xvGLUnorvWKts76tu2l9djFzfVd7WV3f3dFa3a1+snfmshmwHJ56Z56kjgkYPA46+vrgYcUJA5btznOATnAH+yDjnqBgnABKo2AGCjHHAIPBBGCMAn045yQcjpTiAADu7EsMjd2447jHGABgHjjB3hKyV5WlZK2ijZ6cqSUVdLourbd2kYqatHprZLftv5a6X00fXQZsADZLcYAAJ+Y9Rn06479B3NIY14JK7T6ckYxzjnOOgxyCMgkGnkqMtkk+mCSCMdRgEckHHYYxUQbLYZeOCD2ChsDjBPfkseT0xzilLm93mkknaytqoqN7bWtf77aNWtcZ2ezb03STTtHW2l7b383rqhdikEkEk/8BJGSufoMkZHfOCeKeFBAYE42jBI6cAbjgDPPPYds4pwIz93GT1XBx6nBPQDpzk5B7mn5XjgjgnJ/JeD2wAOcHqu3Naxa01a2b1V9krauytZXeu7bTtpblDaMU387pu3Tbo/0tazjQtkjAIOQMgjByfU5JJxwOcHOcDFPGCSDxgcg8HHB6dfQ4I6jv0pQQSSw5A6ZwwwcgnjkgduMEg9jSNnPy4JyQcfxbW+n5jt9a0U+WKaenNp3dmlfdvVfF2e1umS81un6J+7f9dNb3uLuHK5xjDc5wQMdcZxznOeuBTgzMuc8jPPc7u2OcH3GMnrnjDSWx8oABGAQAVAU8544XI2nk88cfMKQZwe2SM8e/QnIPAzyfT7uapS1TUpOyT0tZPS6drK8teZ63VuwpRi91bzT3236W+TVt2TZIyMkjIJznJGCOfoeT8wAIOem0yK5GGwQRjJznpk8cDkkg5B9eDjhF2cqDj0JbP3QTkkcHPQtwcdP7wfwQeCcjgdRuGBxt6tnHr6ccit4TfdtLla1Td1bRpJbWdvVWOaSbej0036NNNNLXeyWz/VABZeQM43HnLEngBRj6jIzgdhkVIoJAPO4EHrgjofbODj5uAPYgkQrvzlBkHK5PXIHQdgMYHRuoA9alO7GRgkgA+m3P16D+X1ArqhNJa7pJJq2idtLdntrrtbz5vYybd7LqrtXS91tbtab9/lqnOCnI3NlQDyM4OQCo49Qcd+SMdREC4Cnj5xjgEMSMc4wATnBx+R4NWADgA8rgHuuCeApyfoAvrz2wEAbhcdc46ZBPBI9wOMcHHUHv08yundNXWrTu9m7XT030TVhKDslyq6babdrLS6eqWllZWd9VrsRruOSQQccZIIB9Md14HPGM981Lljn5c8jPPGTzwQARjHBPTHIpBGy5wOONpPIGMdDxk+uccgnJ3U/DbQSMcdRgZGSAMHoAc89RxyelO+serVvJJPl6W3a01bSv8ADsgV0+WzSbWut76X0a+y721tr0REVfc2SCBggbccAjjr+JAxyOmKUxlgfvcnByOpBycjgEHsOQQBz6POSxB5ZRjGMHnGBzzxkY2ngZNTopAK7cDIwOuDjrz1PQcD/AbQ1a3vbVpLVrrt1ta/XRebpxvrrdarbZO9tP1vfXRo+f8A9p5Qv7OvxuwBhfhx4iOMHHFhKcAbuM4+UHIwMdMg/wAJnhjUJ/7Kjg+2RwF76/kG58EqJXUrlsbs4GevfjIJr+7z9p1SP2efjcvUn4ceIwTj0sZePxycEdyQBmv4H9B8LXmu2skVvfxWr/bLwqJAxYeTcvJ8pBIDEnBH3jngVtlFSEeJsGpy+LCV07p20qRSta+rdrJ9W3c+lwcJPg7OJQi7wzTCtX21ore2m9lZK11pbY6b4l+I9R0x9Bks7+0tYJ7QxyTzgMpdVAGM8sXYY46E455FeN+JfGt9A9k9rrNojyLEbpt6KBkqfMRQRlT1ABA6A5Ga7Hx34L1vWYbK1ury3PkwJHALlHRW2kqSgyMkjDZBwehxk189an8K9Sm1KJHv7PzJ5TCkIaU4jjOQ0YLHAJBxhcdz6H9fw9ekqE3FvmUlZRVnypJ8z/FN76dWfn9ShVnVipcrbV7pabxtvoul3a7WlmfdPw61s3mmaxFDq4uEk8O301wLcKW8wWpDqRk8Mece44zXmPg+11rXba6Sws7m8jtgQzRRFwiiQ53bcEZ6Y7EYNdR8EPAOr6dZatdC5t7mRdD1S1YEMsUaR2jhVww+Zuh5Gc/Kx6ke/fAHwxe+H/Ct9qGoRJCdZeV4QCuHhjlKgkEbsb+Sc4IOK9SGMhToVMRTi5c3soSUpNWcovler1Vnd2tr53POqYaTqxpTk1dOUZJaOLtvo9mu976bnZ/E/W9ab/glP8SvDTadDb2MHiGyieVziUkaqHZSMkoAwI2nJLexr8cv+CfGnK37W37NN1DGGuYvEniOHKSCFt0dpM6IrDdyduQD1wckE8fsd8YJvO/4Jy/Fi1aUHd4nhlGGB+Qa2VAIGOQcAdx1HIAr8Yv2DtQn079qX9nyW3YLKnjHxKyl8YUmzlUEBiflHrkHgELzx8DWpNYfiBpWdTE4moktbuVGL0S9F6pX6n1OEV62V86T5cPRWqsm4zV76X6+TWiutz+gH/gqbqfjrxF+zf41vtb8MXek6Rb3WlWNjfXdyH+27NSjUSCPGWUgABuh4UcnbX4D/sHarqdv+2/G+kKn9ox6OlvGvleYXeGwI2lRk446dSCRg7eP6Pf+CpM2tSfsh66t/rUOo2s8uhzx2yMhaKRtSgdgcElAoIGGIzknA7fzYf8ABPC/ms/24l1ExPNKFv1WMclhHbkblI3fKMYyFIDdzxXlcNznPJsStedTktLt/DTvto2n19VvoexmkHHG0pNRhFxV1Bvlkviurt2v11e+63P1L/b+vfFF74K8LyeIAqzyarqUqw+R5EaLFYTBQcnkAAjIPU4xxX5V/wDBONLpvjdq8lo8cU76XqEiSMoZVK3uBkd9x7ZAIG7JAwf1w/4KNazNeeD/AAVPdQeUJJtYaNAwcgrYzf6zAG09uQDngj0/Jn/gmvMR8atTZ4zl9FvtvTaGa9GD1CgEjpnkL05xX1mHlUWTyak1NU6zS5WpXutFddfX5aHzrhH+0oRcY8vPTlLSya0erfWOul3Y+/P+ChEmuXHww8E/2lqENyZfGcLBY7ZYkXy4HG4YwThQeedxB5LHmz/wSs8V+MLfSP2jtA8GXCJf3HiPwdOIYLF7yed10u5RBEFY7SdxL5yBz0IOZP8Agog8a/Crwe8jszxeMYIh/dBeJsLkclSpI6Z+Y5ya4X/gjl41j8N/Fz45pdalDpFhFe+H76e6nZMLBFaSwPtjJDEhpNuVwwwSegx8Xm7xKyCdam5TqU6kXazlLTEU9Ho3azu+3S59Xl9GjLMvZ1Eo0m7aSXK17LR6uy1st0m9N0ef/wDBRyz8V6V8Y/D6eNrgXGtXHgeaWVntzaNHG0ilYnhJOGj6MSST1POQNf8A4JoaXrur+CviHBoGnyanJb+KJJLiGPauxZTIweUkHg4Oc8noCa2/+CwmrafqP7QfhnUdM1dNXiuPATEXVuQyuHkjKlipIBOeh5ByRxg1e/4JIXtxaeCfi/cG9NkZPEMIG2eOOR9qygiMOyll7EjcDnOW4FfY4StiqnDeXV+VSrOhS5o8sr7pP3bXWi0Td/O9j5LFYejTzfGU+ZqlCvNRaktU2uVc21ru2r96y3Pj3/goHDqmkfGt7bV9Pazuk8GRl4TIJD5UkbYbK8Z5OeCAOeeBX29+wLqfiaL9krQrHS7q9Okw6r4pM1vbxGTDuAJAxGQNwyTngY5K9a+Nv+CjsN9f/Hi+kkmDNN4KtShZ1lIQq7Ab1Zhz0HIP4Cvsj/gmp8S/ht4T/Zyj0Hxrr1kl1JrHimJbBr6O3mtxKmIJ7mMlWjhdifmzgAgdCBXPmdKpiY5fJU9YVKNSUIQ5rNQktFq1q7tN7p31sdmGnGhha8bu04SppuSTbc1orS3089j83v217mO7+Jult5uC3gRAxZdrq4kmyCvGdpJJ9TkDrmv3c/4JifDvx14j/ZN8K6lpvirTbDwxa3etq9lNYG4u5biKAtMRICCiOqqFyAAenU4/BD9ti4sbr4r6XLp95bXtjL4TuvKubGVZrbCzSMsSSr8rFAV3EY/PFfvl/wAEr/2mvhX4A/ZN8O+DvEetaVb6tPfa5Hd21zqEVvJbJPAyRSyKwGNxK4bJJOMqODXTnsMRPB4R4ejKdb2tF8kISlJcsXvGzUdN27Jarqc+GlTgpKrKMItSjJuWkpOK12T3WvTRtdz+dj9txPs3xtmiLFzJ481hWIyAwFyI1IGSTuYjaOM7hgZwa/YX4V6Nr/hH4UfDWz8Q6NrOhy3fh6JrZdTs5bX7TbTfNDNbh1BkikVg6uvynPHGMfkB+3Ze6de/G291CxvbaW1h8W6herPHIskQgN9HcRuHHyBXjAA6A5B5Gc/vV4p/bH+Hfx6+F3wesreOw0M/DzwlpGkz3k7RyXmqXH2C3tZGjEUY/wBFhaMspPygk4OAca4zFYmjmGWKNFypVacliZpScqMlCm4XUdru8ddVbe6bOfDU4ywOLkpJSpVIuFnZTXPG7VrStva2tla63Pwl/a3kc/Ef4gkEyCTXdFRWI43KycjqMcYOR8pDN0Ir+jb9n2O7f9mTwjewX+qeQPgnrUE1pFdstmgaxlXLw8pIzEkHAzyeBur+cv8Aa3uLW78f+NHtLqFzc6ppV7bopGGt0cFZSem1zkDtk54zx+7P7OP7R3w70j9lrSfCd5qOopq//Cu7vSDCuiXE0Zu7q3dF8q8X5CmT94EA88cc8OfUa+JeGdGlOoo1k3yRbcfgtJ2Wit9pv1bO/AVKUKdWM5L95Tsnd2eifLdWvpfTV38z+fv4jQT3nxf+EljaReZcTeMLe2hRyAzyS6uURSx45dgM44544GP6kvi38LPiz8Hf2dGs/Hvgd9H0zXfAt5Bpup29xHNaPJqOmia2G5R+8aWKQMycbTkEDHH8pfxO11dF+JngLxM0skqeHvFw1OSK3UiTy7TVDOsajkrK4UEA4wW4zkbv6LfHH/BRK6+PnwY0vwT4n8M/EK+sdN8Om30Az2ksiQ3Q05IYLi4lAAMUe0MmNw8v5SB3vOsHjcRiMFPDUnVhR5alXWzgr0laySvs3u2rXt0MsHWp0YV1Oajzpw5eVWkrR1u9Ve+7f3n84vhy0lm+NXw/jRGld/ifoduQM4MiX0UZHfDBhg+g4GMCv6s/if4mu9O+EHj3wtquj3B0qD4da+iXmMMLx9LkKxs/ljzFVmDEgkcEHB3Gv5aPCGsafoHxe8H+JNXW6OnaH8VdM1G/SGE/amht9TWSdIoyPmlIRlVO7HoDiv6Uvjb+218PPiJ8IvE/h/SvA3i6CWfwlrWnadejR/IWX7VYSIk2oMV3hUBDb2OSOQR0EYyGMq16LoUJVYKXNUajf2aUqd2+uq2fzWmqfJSjG05qCcbfE027q8Vqn5v10uj+aPwvJa2/7SHwYYOHZvEuilAGG0NvhXBIxt2kAEknockjiv6Lf2mbLRJPgN8REt5706tcaCzyiOVpbcESAvyPlEWBkqOhzwM8fzO6TfyQfGL4bavb2txeSaTrNs32aP5JrqW3uFAhjJzhn2+WGJyDn8P2V+JH7QnirU/h/wCKvD//AAq/xNBaavodzaySyXUUkWnqsbM1xJ8hLhQCRl8gDjPUepToYmrV9tCUuWkrycVs009WuyTu+mr6I5a/soRjTSUXNxVnKMd3C795pt2u7JbpLTQ/LH4bW6w/tF/DSFCWWTV9KjU4zgyxoir35LcD1JAwTgn+iT43fBL4laD8CfiR4x1jwslv4UbwZqV3b6tvCuEZWVSVB5kYlQQQCN3XPNfzp+D7u9tviv4D8RaRaG5vNP1bT5NPtZHVPtV5ZFCkTykABS6YYtxwxOdpr9lvih+1r+0f4s+C3xB8AeJvBlzbeGtd8O3dleSza9DdWul2qOZ3On2yIGDybdrZYsFJPA4pRnmUYVPqcKfs5yj9YnO94wcopqPRtxvLW+yttd3XpYKU6TxLalGCVNKyvJSi4vW32vXR79vyv/Ye8NyeMv2t/g34biuorKXXdXXToZ7kDyYTJC2JZegIXIypPfr0x+8n/BUX4C6v8Cvgf4h07WdZt9aTWdJiuNPvLKMRxSlJ4gYSoJBwDnkjHP4fzxfAHXvG/hT4veBfE/w4itB4x0W8W48Otd/6oXBidGMpOeNpx6DJOa/SP9pT42/tc/Er4Za9bfGLR9AvdCGnulzqUN95l5YxtKCPs0TMdoaTAYKARggntRSwmZSxEMRQqxhgIRl7eFnKTaSd9Fo0rLW1k2n3Jr1cIlGlOm5Yio4ezbmk0lNapX162SV7q1rI+G/2JL57H40tPBGsk7+HLoR5YEczIQDnPB6YBHUDnt+qnxx1sXfwY+JEF1DDFct4WlIYfdB8xSPLwMAgn5QSQck44Jr8m/2Uo/ENj8S7u+8OWFhe6lBoEyfZ71xFbiISKN+8n5n7jHPXFfoF8UNd+I0/wv8AGljreh6DHp1x4bnFze206PPCrSIdsAAyxBwo5OM8nnA9/AupHB1n7OUoylJuSduq1tv01aVk7Hn45U3i6PNNRajD3Xa7d09vmk9tel2z5f8A2ALZZPjvCGLBV8G3pOB90mWPBJwCp5J+UcjHOOD9p/8ABQCy+z/B+WYSqypqti0bB1OwEOB2478HuN2ecn4N/Y1/4SGb4tXVt4Y1a20bUB4Tm23t1bGZRb70zEyD5maQAfdIwCBnALD68/a20Hx3J8FvEN34n1/TNTtLS4s7hba3spY7gtGdqM0rMFC/MDgAYyAM9R04Wc1gKslHT3m2r3WzfZ7PprvZ9TkxNOmswoybTbVLTaVm/wCXbVPurvbozwv/AIJc6lHpv7QOsyXF5bWluPC+owXEtzKsUMa3csAWTcTywGSVBBPzcdx+q/8AwVE0rwLpXwD8MTeHPFGnavcy+LbC4v4LPUYryVWEbncqROxRSSwIbgfjivwv/ZO8Mal4o8XeJYtJ1UaXc2+lwXL3JWQebFgF7cmN0bY3G4dccjJxX0N+0X4H8S+G/hrfavc+IY7qzj1CyBtIFuWxJITl83ErqGTk7hhgQRjoa+dWUTrYmGaRnyKiveirWkkkpJyutNXto9LLY9qpjIxpRwbWrcWtftJr3k2+W10t0n6dPfP+CT3wG8b/ABy8T/F6w8FzadbzaTLo8l6dUnWGJkmeUxhDIwDHH3wp4bGMV6z/AMFSPgN4/wDgX4I8CW/jxtHlbWfEGoJps2k3cdynlwRgyiQxlguARgnIbPTmvir9hfU/GGkQ+OL7wf8AETxZ4Jmku7Bb6bw5cLbvqKAFkF0WUlvLJ2qAOOe2a739tHUvGetfDvS9Q8XfEnxh42e11+JLRPEVwtylgs2RKbfA2oZAAr/eJ4Oec1rSw2ZUqzxMasFgpRanTtzTe1nzb/F2eq6bIylUw05Rg6b+sJpczk2rrl6arR2d46736En/AAS3d31D4sxwBgHj00ZV1C8zSDDEkHByBkfdyOTg1+l3xQ8NXSfDnxzFJPJJBceEtafMMqylS1u+VYKxZgQvIBzg/eHIr8Sf2K/DF5rs3jifT/EuuaG1tJbI7aPObYXKM7hVnwcNtGTzjGOOeK+8dY8Da5F4Z1yS2+J3iuR7XRNTnuLaS682K52wMRDOrE5RsgMM9snHQdcKNR0pSsmruUdHteLaVvdatd20/FFOcfaUlKTjJKNklfVct+99Lp+a9UfIPwK8A6R4hsNBg1KFpha+NLe6svLKCVbi3uQwJJG7AIU/eIBA7k1gftefBHXL74lePfH1vdma103+z5rvTHz9ojt/KjgVocbvMAC/MQMACvXv2d9Aay0TSvEE2q3Fyf7VF+YFRV8oi6ZX24GATtODxk8nmvta+1P4V+LvHOp2hZzd6toEK/2XexGWXWbmBcTRpA67pVZtwDrwMZya/O+N8wrZLh8HjcNScuapy1EouT5OaLu0uyvZ6Ozd7LU+04fwsMY6uHqTUbRUqfNK2t4uOjs79lrrpbRH891vE1xZ7orZGWNwoJJDllYnDcZz+HGOikgHQsNY1DwrrGi+IbNLY3Og6lYaxZxXCiaIXtlOs8MU8RJDxsyAMpUhhkdDX3Z+0L+wb8V/h78OtS+OGmz6VL4P1HVZbyDS4WFrq2jWE1zIq/aIScSRxkknYDtAAOV3V5FF8E/gtrfwzsPHF58TL7Q79IRZ63Z3QNxKNTdQIpLWxQiSW0LsMyDIGDxgGjA1aeaYb2kYvkrU05xaa0nGPMmkru6dkr387aGlelLDScHLVSaUm7xvFq12k9dE9Xa19Wt9L9qT/goB8Xv2sdG8L+HfiTZeHtLs/CEkUmjr4d01bWeZks47MtczMSzxvEmRFnYGLYUZGfLdf/ac17X/ANnPQ/2dpvC3hWz0nw3r9xrdt4wg02FPFV8ZDv8Ast1fAGaSJW+VQSAFyORycP4s/s3r8PPD2g+KfD3xX8J/EGDWIPN/svSZUttY05PLMv8ApVozGQCMZDHCjK4HcD5ZvFvrVFuC5eSRT/qwWKsDznAwMDGc8ng+pqqOS5XQpUaVChGnSw9R16UVzWjUk7uSSfVu9nprrZmE8diXKfPLnvBKSaXwvlt3XXay11eqsbupTLHNbeX85kjaR+jAuwG4sBnnJOAMEY9sHnrx12ZDhihLKcD5WJAwRjIyeB2HzZ5HFe4nleaHczeZ5AJweFU4yAM4GBz0OCfSqUjsdwkI2jAyxxgEkk8DJHfg8HB69fcbTjpJpaJRle1/du9NF1bv8lq7cq91Sjyvm0V1bS/JddV2ae127WPpr9k+8gh+KTvKQxk0K7Ro5Iw6PvDZQoVKt8oJ5OBX0z4v8M+EdUvZUm0W2ScBpGmsENvKrFjuysZALj1AzyMnpn45/Zxv0sPiOk+y4u0bTbhPJs4zLcs7BsbVGS2ONxOSfWvsHWbueLUjJJp+qQLLbhwZLdhIAegZR0HPHGOmcYNfacO08vnhJxxlOFS9VJc1Pmtfltryq276+bPDzF4qNSLoOUHom4T5f5bK19dGrb7fJ8K/inxn8Nb2CPwF4n1bTjdR7vKeVptgjHyxgsWIjwuHz/vHIxXa2f7Wfx90iS2OpyabrFnFsXM0Bcvu7uysDkgcgd+eCM15bruq2D6xZPevcWccasHEsZSUoTy655IJG7r79q+ivgfd/semxnf46ax4vfUhqiNYw6FE7WlzpxOJkkJbbHKD0bAAIIBxkn4ziOnRw+YVpYODVPTkUE9Pdg/VLdcuvqnZL6nKalarg6ccRK7ilzOdpX1jv3aW7STvs7JJwy/t3a/PZ3Wn6/4Ot/LnaAvLYT+Q+2F1bKqxJYsw4Xk8DGBXtejftz+BtWgj/tBdV0YraxW7CSFplJ24JDDtkAqRz75PHm+v3n7Hd5N8WLPQ/D2vatFdWiQ/Ce81QiK5sLxY23Nc7MLtUk/eDZBJ6gY+GbrQYlRYoxCnlQr50IO8CQ5+UMODgAAdMjBzxx4+Hr4yUefmqQkrWjNdrO9tmtbW6Wu9tfQnCCi7Wlfltypxd3yvbbXqlbRan64aH+1F4DeFDZ+JbKQzhyUu5khI3tuGQQDjj5d3se+K9F8JfGrRdX1q+uIr6xKSpalfIuYmFwApDbNxB3DOcdTyOhr8N5tIgSIMZBGFDk7FII4JOGBBAwMccjORk4rpNJ0DVm0+y1XTtRubWNwzIUvZVcFGwXCBgMcgkDpkdcrjuo5hj6SvB876rRaJwdlbptqvu7Zwo0J2i1JR2srN2Sg2ttPeavZ36W0P6G9P8d+HJIzC95Ek8gdQJmRi5bGDkEjuw7cY6ctVnTJ9Au9euZGuLSfEFuhAkUAAlt6oCcMehGAffPAH4DWPiL4k6VIt1p/jG8dYjnbNO0y4J2hSWLY5DfeOcL7Ka9F0D4z/ABna7e1tJbbUZ1SN2DyMkhUHO/KsOSOvB47DG4a0czxMpcs8O5SldKMHZ68t3GLu9Wt0k9XoTPDYVq6qRhFaJyjpZ8u7Wmrta/nsfuxqmg+H9RlijT7II97HbIsbgnH3SccgdsHO7nPOK4Sz8BeFpzfK9lahF1CXerQgI7YA3cHoOoG7pgc5xX5q6f8AtV/GDQo4Ida8KzXkcKAF7f5m4XkghWLEc9TnOC2SOe68Jftr6ULaS21uy1ezM88nnGSCSZLeRjkgSBDwvPynONpPIzjtjnk6DTqUcRTldfEp2SXJayXRfO7batYzjllKpaUalCom048rX93TR6Lyb8+yPufUvhT4Qme3t47Tyw77i9sAisdvQck4Ix90gKeQQQCPI4Pgt4avrzXVhWVGXUTAZRwpUBSFLFT8wHJI7ZA77sPSP2q/htqbWcJ8SS28gxl7iEoijAGSTwucYJJJzwRuyK7vwP8AEnwvrT63LbeLtFY3mptJFC13HG0sbLtWWPdjaxxjaABnk8HjqjxTCSi/bSvGUeXm5lZtJS926e91rrr5s5pZOnWklTT92L0tZx929/Na316Jo5O7+BFnNKRGzNDGCytIpbO1duA6kA9NpB/hByxPzHg5vgpGuuX0NuDHNHZReWVZWTDMV4JzjqcLgnoRkk19ht4hCWMMES212rh0WWCaOTcH6MdpOQRhgo/2vq3IaYbQ+JNXupzLujS2LqwKoQSPlRmyMDb0HfnHzAndcRe3lCH7ufvLWSS3ce67K6tfZpsj+yOWU3JSTULO+lr8skr3baS3t008z5Ol/Z81KeeVooYJ2LSFWYbG3Iu/lsAbfbAznGc5A8x8RfCDxP4fm0++ntri2ikmktopLdpFyTnIVskHOTgLg+mc1+mFr5Nzfyzeaht2WQiFnRSD5eQwAAwcj3OB3GM814ve2uR4WtjAJIRqwDmQqyhQASFZhwM4J6E8ZOMiuipjqVSSUqUF3cd5NcjTdntdtt9VbXoc7wkqcrRlLVyUXe6ekbXb6a321sl0u/zsk0HxXZRRpBqGpW5j3kLcKzrgZOdxX26dh7cVs+FdV8YQXF3a3ojntZrKYzs8XlylYyTkH5QcY4zx3JzkD9Fz4b0a9mMRs7OS2JkYho0PIVtygnaVB7njDfWvN/H/AII8N6bBpF9Z20FnPeG6snVCCSHR8lucAAkEdOSADtyRnWxeH9m+WMozaileVo/ZT0utLPpey9DSlTqxl71pxWt2lo7wvr0Vmteu7V0fmhrnxN8SeFfGyalpTQGC1WGEwPH5sFwFAYxzKVKscL1I7jGScV6fafE/4P8AxMkWy8eeFbXwzrbRSbta0+ARCWY8q2FARQTznDHPQ7iCPmjxnq1ovifxBYTxAx2GozQxEEIC8TlAcAjJIUkDswHODzgQfZNQnD290FcxgmOcqMNgIVG7B2vnHUnrjjOPwvOcRKtmGIquTa9o4q11a1oq7s7q602369P1HKYqnhcPD3UnCErWVn8D1aT5dYvfdNX7L6o1b4CvO0GseBtat/Etjc2ssyW3nxrcQrCrAb/m+ZsAkYUkt/D2HgGo6BqWi6g0OpWU9lqPkOWiuI3BYLkBgdowu053854wT2ZpWueJvDF5Fc6NqN5atDhlMUsjIyk5dAgk2EYGGAXHXGcGvfdF+NOj6rPC3xF0e31qN7dbUXsNuqzRAgA+awAJKAk5GcEcnmvCqSkk+ZOSdvdWjuuWysk1o7vRpt7XTR6io03LdRbsr6NaqN7Pmaaur79/U+bYYG8xRNHmQjPBPzAjGcAZKqcA5IOMnOFBplm5+1ssi7dsbBeuAVPGOn3jwMYA+mCftq0+HHwk8dyQXvhHxAtlcOzLPBO6bk3K3lqIGO7CkhTwvJPPQ189eOPhb4l8HaxcRXFolxBEWZbq3YSpJbFsxudjZU7cHafUkkcqsU5Qtyu3vcrak+/LorpXveLuu2nRqPZThNSj70bppx6ptbLppd3d1rbdnFWzFbe6JJZV8pduOBk7jjAyD3HbA6DJNfVHw6uWbT9qkgrHA6gY7KfnPTAG7HIzg55NfMMcJXTrtmXYfPXhl7qRjIxwcAnnpwCM4r3bwT4it9MhiYpv3WyIVyAAVQgsx6g9MYwCM4x39DL61CnVld2aWjTS66L797tt6Wd9jFU5VKUErO7v1vaUvPqvN6O19Fp9lr4E0nxj4Rlg1S7urZXED2htULB51BJXOGAywx3yOBnFfFPxp8NXGl/EHw34ftra/aSCxs5Fs5YnLyNLIAgUHkmXA2cLktgA9/pXSv2jvF+l6Qnh/RfDuhJbW8Bb7VeRrJK77w0cwY5IOUXIB5HGcmtW78Y6h4tOn+LPEmjaJceNlvbWe3vltgJbOKzy1nFHGAA0YIDEAHPB7CvhsdmXEn9rY2bw1Kpl0I1I4SDrw5pzvBU5Sio+6m9Xdt2ez1Pcw+Dyung8OlJrEvkdSSirLRcy16ttd9O+69/8B/sYfHDxB4OtNWs9Gi0Yar9iRNO1AmDUoLaZU8u6aMrkRSK2QzZBHvxX0Hon/BLn9oKa6t98/hyFXjkCzteRsdmwOrs/QOC3K8nOehzXgl7+2v8AtS20EkEfiuze1vtPtdOdYNMRJoIbdRHAYmAIjMaKAcEZ7+h6LTf2zP2pUs4rV/iZqxiUOIhHbRq4DAcFvL4Y4IJLE8DPGK/GMTT8e61evPC4zhrC0KleTw9OUatSdKg3eClJ05JtaO/m1ZWset9VyOUItexhO1m6sakm17jTahJL4rt2dnd2sfR2if8ABKr43pcbrvXvC8LpIzH/AEpCwgcNvchnCsTjO0AYPPPelq//AATR8a6b4q8NaHe+ONBVtbjuvJuUKEjYwV4I4AxZ3JYDcMZPA5zXzVN+1d+0ndLMbv4heKIyxKAi+hjLNk4HCDAx0AyB6Ek1kQftBfHKXUrLWbnx1r0moacQumzS30DyWzuRvaPcjY3ZA5HIBHUipjlHjrNVHW4ryWlGcJxjClhOdxnyLld/ZbKTTdr2Ss9RUsPlKk21QqRs1TcMPVjZ8vuylKVRvli7N2teN/l+l2n/APBIK/trC/XUviXp7tZhLmKG3sy8k4ba2SPOyAhODnpg8AFQfR9N/wCCVGjaXoV/cXPjxri8ubeBrFbS0VZPNONwkV3ckLtIIAGCvc4Ffl/e/tS/tBiZHl+JviNZpIgsj/2nGMqc5G0AnJOQRnpwORWTd/tGfHWcxxTfE7xRsVQwH9sbdpALc7SMdSQPT5SMisIcK+MVejGGL4vwiqqMbyoxnD33ZqVo4fRWeqaVktTCNKFNWhjMLBc8ZSisvU5ON0nHmlVvrd3d9d97H6V3X/BLzw0+qafbeIvibN9ou2lhtrg20S20zCMOltJmU+XJG5Afdg5B6gkV6Xcf8En/AAdJaRxp8XrOK9tJYXdLhYE3xuqgxIXmKhQP48cdfp+K138Xvife3Qmv/H3iKWXc0iPNrk/End0Ak2qx7soDccnhhVj/AIWt8QrxHFx481WRtygmbW7wy8AY5E4LHaOB909AD3mlwH4pqpF4jjlTg0m4RjVi09NE1H3r6Xukr6W0KqwjUUHRzGlR5FadssozVSTlHl+Obt7t09b6uy0dv19vv+CYfwsh1C9Gl/FBbW9hs8ol7d2j2hlyRdOJFcAqwLFVz8pI5GDVr/h3F+z7bXVsuo/FGzMVzZq0s51qz81LlUXzFhIkHlrvB4JBxlSQBz+M7+OvE8wBm8Z37naykHWb8lskk53XGMnPQ8huc/dApza/qc8KmXxXc7toYZ1S7YoMndjNweoUZPfJ5A4Gc/D7xKrRl7XxFxVCblaDo4VuNOnp7utWLk9Gub0skmzeMaUUm8Upcq1tg6EXKTikpJ+8k07NJ6JLbRI/dB/2Q/gN4f08JD8ZNBg0+KzlgSEajaG8DxqQkzuZW7gZITceAOMVw+m/s7/s56UUFx8fNCc3MMjXbSaparJCS24CLDHBZsruLdc5BytfizLetckSS+Ibm4U4Q/6ddsoyp3HBmGeeowMFT1PFZ8Nppe+SR9SJ2sDhriZt+M5LAy9MZx7biSSTj2MFwXx/QhGnX8TM7qRiopqNKCbaUU7SdTmje3upPT5nO8FlM01OjGtUm+aU5UMPBu9tGowu/Lptd2P0/wDF3gP4HaV8VNT8MeHPiboFxo154bXVY/Ed9rEc0I1iBAsdoxjaMbXZQdqlSOmemOs8DeEP2fItIvJ/Hvxq8Nw61d2jwwtp91GIdPucmNJXiBdrhQhMoUMuMdB0r8l/J0GO4VzcwsjLkjcxKseMhmYtz025weuM9NYDQiUJa1+YAglSTnplsnnPGfrnvz7OJ4f4nlGnCHHuf0FClRjUcFS56lWk03UlOTbXtdFUV9Vo9zqjgstnRhCeW4aUkox9qqcFO0eVLVxS38ly62WqP2h8H/FH9kfwX4YvtB1fxj4c165sr5IhqY0sXM+pWxXa0r5JwwP7xFUZXGSfXql+N/7CGnpbSw+IcyNEzkw6IjjftLFSpiYjPIHOMHkDivw5A0Y4Rri0QSE5KxR8Y45IUc85HI4JPAzSs2hoscYvIR5O8sVSPDMMZ/hyCOfU59M8fEZ14YPN8XXxuZcV8QYnEYlxlWlCvThFtJaxSi0nvZPSx34XB4elCMKDxGGpxd1GnOMVZ8totcqTjdXSXd9tP21h/ag/YQs7eaHzZLyeRm3yN4cV3ypOd2xQAu7B6HnpgcnAX9sz9j3wz4qt9d0aG8a4hsJbXzbfwykbRhyGAVXjJO4AjJXkDg8GvxYgbRgsjC7hEnmsThIyMEn593c8dewyc9yw3OjsWZ7pMoxwyxorHJGQpwDjpk8dTuIOM/PvwSyKTk62b8R4hTi4SVTHRs4tJfCqNrbrsl0W51KnSbanVxFRNOMozrSa1snpGzSTWitd2vtdn7mXf/BSv9nfZHCdJ165t1VkeJdFgQMhU7gP3GAXJUngEnnOMV5LqX/BRn4RR6DqmmaF4Y8TS3s+pLcWZeyhiSK0LgywfNATjblRyxC4zlsA/kmbrw+6H/S3bCqCoRdpf5QBkYxnHOBgkdOaRL3Qo3UieYKoJKJHhWbI29QS2B0z17DjNXR8FODIwdOphsxxKVrqti6iu1y/yxgn12WibWi0W1HBYWDToxdOLcZu1Spq1azfM3e7e610uvP9OPiH/wAFDPCnirwpf+HdD+Hut6dJewWqxXrm2DwzWzRsXULAD+9KMCO2eejYq3n/AAUK8E6vp2n2WrfBrUdQn0+zsIhcPdRx7rqzVQZQIo0GHI3HO4dCSc5r83m1XQmUb3lk2oSCyliDkHHynIzwMA9BnOcCmjW9HQKUglbcR2JwAeNxJycZOePcHPI9Cl4QcFUaEMOspxCoU60q8YvG4m/PNU4yu1JS5WorS+lnfqdDw8I2krWjfS7Td1FN6LdtavrbTRafqpd/8FQdJuNKg0b/AIUvqC2NskixKNRjVkaSIx+bGRGpV0DFk5JyM/Xw74LftzW/wgk8VPbfCm+16bXdZa/tLu71iNZbe1kleQQXCMuHdA+0NgEjALA42/E513SAFKwSAzBN37tiFPGcAErjuPbORkij+3NJjdWisJWGcsdhCsSQOBnHPPOMjHPBruoeF/BVHDYvCU8mk8PjHQniKf1rEe/KjNVKTUnUUlySm321Sl2OZ4HDy5oqMkpNOajVmk27O7euuumutr9kfqVc/wDBU/U5ubb4FRo5JbzW1RCxPBzgLyCRx06Z4IrgfEn/AAUb8S69eaFej4Q29u+jakmoqg1If6U8YAWOQ4xtBAJzkYJwD0H5/DXdPIVhp8g3HAZQQVB65Ayc5BwOcnOKkbWrXJA09iCSqEl0HB+8ckHJIz7c4I6GqfhhwNQnCpDIoRnTVoy9vib2ejT/AHju3G/dp+g45dQgvci07NNOU5JqVlbW91aytp69V+lB/wCCpfxTbItPhJoiIz7ikt0XKcnGCrbvXOAcDscgjy6X9vr4qw6p4i1bTvh14dt5PFCCPUIJWlkjKAYIBMvyFl9ME7uuCK+LRrsasitp4znhi5AJ7jJIzz1yBz3AOKSTXsFsWCnqflfIHPBOecZxgcg+nHHbT4C4NpRSjkeGdmrc1WvJ2utn7Tq1ZvW3ykRTyrD0+ZwpcnPFRnaU7SirOzV2t1zP1+77L0H9vz4v+HNHs9C0n4Z+FYbCzmlnVCW+UzymWZD85by3ZzlSSOcdRzv23/BRr9oO1LwaV4K8IafaM7SGCOzZo08zk+WVIxuLE5GDn3NfBv8Ab05AK2abzkjBY8gkZJHTBA44BBODzip4PEWokjNtEAV2nlsqQe2W7YHQMeMk5Oa6f9TeD04/8ImE0fMlKpWklNtNtOVSSir3elndu/cf9lYapKUp4aEnNrnTV1JrlSbvq2lpvZ9ex9Z+Mf21P2gvHGo+G9S1DQ/C9pdeFbie70yaHT5j++mUo32hRJl1IwMcjgjHQVQuf2wP2sNUtbywfxXp1np19BPby2tvpjCNYZsiSJAzEKCCwwSeB0xxXzIdf1M7wIgQRhGVHDKQMnC55wAABnnBGFYcPi17UZBsJMTIAS5RxyFJIA5Ocj09znJraPC/DKlCcclyxyp80YSnRjVai3GTXvSldXvL3rW07GywVOnCFONKmoU78keROMPeUnyp7K7lLsrt30PYPDnxb+PnhmS7n8PeMbrRpL/abn7FbJGH2ncdoKkKWJ3MAACSSRk5q7c/F39oK+1IapefEbXJNRETQfbEVVlSFyWaMMEOEJ5KgYzjA4AHkqa/qpG1Z3GCG+43zHGMcA88k5PU9X6gTNrep8KzT7yMZOVGR6Z6beOBg8YxwMarIsk5pT/sfKeepHlnP6lhXKcWopxnJwbnGySd913L9m5t80YSukpvkTbVo2V3e6dt27K6WmrPU5vi1+0C6qrfFDxaF5OxZBz2+6B0zkc449ywrMh+IHxtQHZ8QfFEZMjSv5cyxb3fGWIVCNzZySOSWwd2ABwA1TVuMXEhOOU2Nhf+BAge+Qev0FI2pap1S4k3dcL5nTgH8x36j+W0cnyenpHKsqstksDhbK3LyNWp9LNq19tNdXi8MtUqUEm1dKFON9YtuzTulvdtu9+juu3vvFPxj1RZI73xz4ruY5AWlWbVHjjcdCCsYQAZJxx8vfoawy/xJzg+L/EJGNoH9uXS/K3oPMyWGOn4AYAFYy6lqygyfaZQH4KgPwvXHXavHPX3OSBlr3mrEE7riQMfoPcgH06Z6DnaM5zVPBZbTdoZXlcL2a5cHht/dTkko2i3ZLe/32CNGKtFRiktbKMbJtxV7KKXa+rfZNO5caz8dSM7y+LNdy+Sx/t27z15GfOBLc7T1BBb6Cl/YXiiWVmm8Q6iXkUb5X1i7Mrqn3VkdZ13jIwAxJAPPTiHzNVYkDzgDwETIB9N2ccj5sgdOP8AgMpttUBLqkpDEAja4HPJxknn268Hjpnq9lhErfV8HG1rpYakla6vHSOq2dtnYbg47KF9Ltxiraq11v8AqmrPy0o9C1Rv9drtzypJDajdtnHXOZscZ7DPPuaU+HJFwz61I4PHzXVyW3HngmXBGeuTxwBWclrqiPjypHDD5eH5ye2SQfpz68rUyWOpSOQyzEYwyFeeRwOQeeeMEnb074cY0IrSGHSbVkqUFbZKT0W+2/p1YN1FtNtaNpaXWidtNb6Oy811V2TaCwYJ/apYEDO+4uCRkcZzJnpuzwOxA7hsWgRspDakmc4J3uxwOxyw/qM9+tW00nUnbG1lJDA7gc446nOM9yR1xgjtT20XUFIEYkwQeApKjuSAcYJOODzjkdc1ftaS0/duz29mk7tRenl/V7mcqc1rzWast2t+W8l0sm9dOl/IrrolmjEPfwnIJ4BBIGRg8npyx9c8EZ5eugaa2A13aHvjaCRjJ554A54OeMDkmnLoeoHB8h5NykbiGU8EZOPow5HrnnoLv/CL6lhZEgYsQq7RkHnJyQc/U88NzwOaaxME1acVfXZ3S93rZrpZ6+uquOMJJauUrJaXeqai21Z62e7T1t6GedC0xZATeWoz0HlqSADnIyCT7jPsRjmrK6TpC5Q39soJ6i3Q4BAPBC9sY5wM9T3qwvhLVC6u1uXLKxAGT1IUAjthgevX8OLlt4Q1OUhZICrMCdx4AQDG0jHUAYB9s88ZbxcUl++jsrPTW1unS+j/AMibLmad1a123JpX5bK6bte19dn6WMZrDR4GdHv4mCjj90o4B7bBjAK4ycfxAZxmg22iIn/HxERwDtBHXkH72M5HTLZIxgngdC/gS8Iw8YcnkPu4IxkkA9FA7fjwMVOvw8uZWQMEXjILAhBgHG4jHAOcfzBxWMsbTSu6yvpZ2TfR97Lp027tspRTteWtndO6ad4pXbtrsvkrLU46e30QK0i3ByqbiCxIJGeAVIK9xt4OTj1rB0Txp4Yn1CawRJHuYGaNopCymQr1MQ3cqCDk+jEjJyT6a/w1uchRKqqOWZB0z/C3GfXAxwD09eWm+C9uNSi1dJnjvYHALRRhUcAruEmO5UEEH7wBAPes45jRSknO8re69LNq26bTtey0v0e6M3TjOOqata6en8ruk5apvReqvuzSbVtP+Ux6e7xnBKlyTubJBPA9j0PcAHvDN4hsoWwNLJTPIYtk4/4CcA+oz2B7Z6pPBkyKWLebgEswYAEAENxyQcjuNvo3ABe/g6C4QK0T528OW27cYYj3GMHIH145qf7ThF8spbfzSta/LbXon1vpvsjN0IOSWivpqmrt2XZrzu++/fkP+EktyG8vSUy2ODyRgjIIyTk9RzxkEnJ5YPFS7wP7LRlAAXaTlSTk7sHPHGOMgjsM46mLwOyAgqVLMSGCk5XsGOCSeMKOMA+/Ew8EqMMoKkDJ2g5Zs/exng9PQ5OMYBoeY0ZfaWtr+8lpdN3V1zX+1eza02LWGdk1FWWvmtYva3MtdNF316nEy+LGO7NgmeduFPAGODyQSecYPAHrms8+JfMEjG12kng7QAACTgccY/LGSOOD6Ongm2YPuGTn5mZmBAOM5BXcBnggYwMYGGU1BN4Atwvm7SA3ICnoT0yCM4IyemDkk4BzUwzGgnzXT125na7tve93rvsrPqkJUZxurNu6s0tNlbW1rKyXl67ebL4lXcWazGcfKSAFGByxY8EZ+hGcnuKsDXhOmI7WMMBjcQuSTg/7vGMds8YwcV3Y+H8bIAykb0G1s52Dbn5hkj0GenB+U/LVN/BSW6uwV1IBAVFyHww2kZGBkc5OeeOCeOpZhSurSXM7atpdF83vZv5WKjBNNtSTvtot1F3vv526rvocMNaufmURR8naCEyABySOVJB6f7LDHJBFNk1S4dYkMSx5U7SR838IY5bOBnGc8ceuAerPh0HDCHkEAHo2Sfm+XjkcZyMHtngU+TREIZmR3KE5TH3ucYXg8Zx93kHpjtqsa3Z6atJd9WtVtdej8721E6Ke7drrqtrrVaXel72b2Sd7HmtxfziUK0W9N2cKuBtHXaR0BIJYYJzk+oM0GoXW9JAGREOVV1yccYw2OR8vHOPbPA7t9DibJaFCqDIGdrAk/MD07Agn9OmKU+kpkmKFSEXaQp3MG6bFGQVxx1A5zkZyR0xxfM+WUYtWtdt30t5ddL2/J6y6S05XaSte8W1tfR6K708vxPbvhN8ZZ/D1zDa6hKZ7F/KjkinG4RJuO4rnkjrgENjnJGAa/STwF4j8NeJ7cXOjX9onnxr51udj2txvUfu5YWyrMw4KkdM885r8XmgkhyscAQxLnOduMZONoAyfVedw44ORXU+Gvid4o8F30U+kTyRqHXfFk+RKFPAK4JBI6ngkjHUV4GZ5NTxl6lB+zq3vto7W06NNq+u3W25actFOTjZae67Nx5bNq2miS07Xtufpr8Uv2WPhf8R1nvf7Nh8KeIp95GpafEi2V1KQcGeJcr8xI4TB565zn4X8TfCv4qfAya5hhtv+El8JTMY7uAob7T5rclgS0bBza/K3Q4wcc8qR9D/D/wDbC065ji07xNH9kuFCL+/+aCWReGKsfuA4HOT32gjivdE+J3gzxRbu9rc27xzo3n2ryxzwnIHVHJVSeSCAGJPIx1+dlQzHBfu6sJ1Kd17suaUXa2sJauL0Tvd7Xa1sVSXvPmSktNVdWWitffS7019EfjJ42+HPhrxWZta8Fxf2Jre1pb3w3ORFHO/zF/sJYLzkttQDI3cc18z32k3Fjcva3dvLa3UTsssU0ZjlQr0Xnr6oyjryCM8ftH8R/gZ4J8bCfVPDd/HoOroTKkli2xGl9HiBGPmG44bbgDpkCvhT4ifCvxhpUkkHiGwTXYYyUtdasVUXgQZwZdq7mwMZz8wI619FlubT5Y06ik7ctlU+OOq05mrSSV2ne+97q6MKuGpScpQsnZNppPfltbXXRt6Nq7ekW0j5CCXH+rnUtGBgS4+cDOSW9gBzjOAGyfSI2BZn2YeM5JZeTjgkdSwHqCD3BJOa7m50O7sJHMsEs0eSpcxsrp8zBRJGQMYGfmJ5wQeKks9FuJSGtYZEbcchVyrA9iGJwMk8A9xz1FfR08eoJN2V0nf3baOOyt0veyu7dThrYVyslo03ZNJPZW0+G2ru273tZaHnJsG5Uxu2B8vysBv57MOoHXOMnByOaqXOnuqhmjByCOCOU5LDHBIyCSQBjHPOK9oXw5qjEebpokwCAyLglj1+Xnax64Ofc5AFY174fvcvG1sUwSD5i/PsYAbSMDI6Z3Z6Hoea1jjactIyS+6+ltdVrpp/w1nx/VpxVrNu11yp9OW6179rWtrsrHh9xYBgzYAY5JVjgenBzyCOORzx3GWxJtNzyI9jgjHRs7mP3ugA6HnHzdRzXt0vg26kDmMpHgZG8AqRzkDj7pOT0zk7uuDWBdeC9Xt34ilk3YIKqzKVBxwx4IJyOV4X5R1Od44uL057XWvkly7Wkuultd0rsj2DlFNweml3a+nLtre6tr/le/j76fKjBWjypJGNoUYOOAxGcgZLEZ3AepwY30eORMbQ5Oc7SeO55x19c55yetel3Xh3WImcvZzlAo+4oKDIPJbA568dhyetc00E0LsHUxlcqdybWBGCeuMcZ5Ht3reliHN6Tu77N69Et9k/PyvsyJUbJ80dHorq7esWrJ6uzt0vrrscXcaHMjYThtmQdjLnOSOjEEYxksRj7voKwrqzubVAXUhkJ2uvJIwCcDbzjoRwRk/WvUQS3D8bVYKzbe+RnnGeOeM9gcHNY15GwbZnzS3CDoMtnpwQOp5zz17CvSoV5O17yeumqd049o69NVq7r0OKtGMFqm7acvW75dLtPbbW/mtWeZR+TM4W4lZSScBlxkFgQCSDkgYJABxjnsK5vxF4IuLpJdR0mUCUfM8AbakqjGdmMrluy5BBAPvXq/8AwjyXVxEBAVkllVI1iO+VnY7QioBklssAMAk4xwcV1Vz4K8R6Gka3+j6nbRTjdFBfWstu8kZAxIgdFLrhi29DyQOCME+tRqXkvZr3mleLW65Y6We6u+/S2r386q1Ztr3e613cdZJq7tdLTttqkviS6huFl+y3CSQyKSrRzLjDLxkMQCMnkYzjsM5xlStc2rlUiYOpV1kRjuUZIOCcE46ntj3Ffa+peA4NbQGbTAH2kb9hWVDjJKnaTkZ4yPbODmvHdf8AhTrGkCa5s4Jb6BSzCExuJ0y2fk+UBlyOecN19K9OjKU3ZQmm9201Hpt630v+G75J1IxSamrvla6aWV7tyeunS9r6W1R5JHqVpeqlvqgCTYG28jG10JHyFx2ByO5AxjoONe5djaJY6qiazpbKfLdQGmgySFYOdzDAwcfLwecY40T4H1XU42kPh/VN5Gdsdo5kXggsrKmGTP3SQBwR1xiWy+G/jmztXu4NI1drMfKTcWkqIoI/iduuCQMcDGcEVs8PN6xp1dH9mDdmlF3i4rR7WtZN23M3i4xspSpuL395JtXi2mpO1rXT03d209TyLW/A0tgF1fR5WvbMMJFRflmgUZO2RByQAMg49sHg19IfBX4++KvBUmn6XcK19o0k0aXOmXjPLEyFlV2iySEdBk7Ccg56Dg07H4feNzLaldB1CVZ9pJtImaF1fkb2I2kkjGOnBx159r8M/BfXLy4F3deF7eyNgv2ieS6ZY1dANzPGCBubO1mUKG688EjuwcM4p1Kc8Pg8VNppqcKc1GUXa/N7qVkt3ey3ei187E18pqQlDEYnD0lNpShOcHr7usVraWqdls2rXP2A/Z++KugTJ4VudO1G6s9MuboXOpaVOryRxAhWeaEDhQD6A4C4IHUfohr9u/ifR7fUPDyLq1i8if6baBZgWXORMi5ZGUkAqQOQD7t+SXwC8JpD4ZstUa7ime3ee3gjt4htSMAAxMMnI4Iyc5YjsOPtb4XfELX/AId6nDc6XO32GV9l1pV0DJYzKxIc7G3KrFSwJUHJbPGRX9D8E4Or9UjiMzwjhOtGLptNc0LRW8U7dOmiut0j+cvEbMK9OrKhkeMjU9hLlqU6qSp1YpxbjGavKMoppKVuVqWq2PE7Hwnq8OteM2vdH1KOabxFcywm1gYCUFRhkA5J468jnv8ANXE6xNrVveNbPoviWZlJ2rFbMcAfKoZQpYZwQTyGwDgYyP0r+GXjj4U/Gm88U2cEw8K+JrXVp7dZHYC1OohEyu4nA8wkJsbg7sduOS8f/C3X/DmrGe+gCKwIW7hVninQ/cmjIyjq6kE4w3UDcDiv0SOFqww8ZUKntKa2SSbSST96PlfVLZX7XPynLuMqNTMJ4HNKM8vxKnBWrOcITuopzhJrlknZNNbpp7PT8YtU1TUl+M9rcLoWswv/AGA0BtfszG8YIzHztpwdu3kA9yOO9evf8JJ4htlXyPD3iJwApJ8ho9yHJyRjG7J+6eAenOK9fufB9vN+0JpcsMbXNzceHrlJXJICOpcHarY65x8245HpzXt1/wCCbi3TdLExRMEMDkjk8HjnkHgZHH0x89DD4jEqvOVlL28r6WSXu6u629dd9NkfsFPN6FKGF9i+aLw9OUZxn0aWyT0V07O3RLd6/E7/ABjvPC3iPwVFNYeILRrzxBCrWzW7lJCjISyrnDFACWUA+uBxX6GeHvG1j4kvmvNLlvtHvQC63LI1pDMx5PmKcqXz1wCCRjpzXxL8VvDLW/iz4Z3WxmD+KmWPcCQhKr/eAOOSSMHOemCc/XWhwfZo3kZwAJfmQIDsw3JGMYPIz8uTtJA5ry/7Pc8XilNqFRQpQXLpKCUbpptW36+Xa5+08I+MGacN4DAYWlGNbCe0lOdKtOWsfaRTSdtnGK02ttc6fxX8U/Efh/QdUh1/RU1Cy8+3WPUYgZLWcecAUlZABHIRyhIC7sZ6Yr61+HXijVdY0vS57PTPtWmyWNq5iWVfPhLQhgu0fMVQAgE5LEZPJG35g8QfErwrpPw71S117SLW+j+26bGsrqNxM16iDK4PzDcSCOMDHYCvsPwra+F7rT9J1HwfdDS73+z7HzLWIlYzut0Y+ZEcEsQfmPcZwDya8DFYGtSrKCnKUoJKUoJXack7OOq01u5WTt5q39XcO+LeScRZVGE8JSwdatJcsZyfsnV5aam42alBtaXSaTWzu0ZXxG8HaL430TVITCINWTTrkWk5Qw3EExjbaGYgb1UgbuowDjGQR+cng74ReOfBujyLf6eb+N9SvbiO+tULIqmZgpJHyruJztfqB05IH6tX+qWv2C/i8QQrZ3a2Vw0OoQJiNiIWJcnacNkEMCTxktt3YrI8H6FHqPgazvLVrS/trn7QJYuCs4LsN8Tk8PjaSBwW5AOMnpy/FYvC14qM5ShGE5SSTV0lDWUNEnHZuLTe93ZHZnWQ5FxNlNaGYYSn7SVajClXTjUVnCUoxVSKXNBvpJ30e3T825l8XWsEqnS4WQ7sPKNvy/NjJbBPocjkdTXyv8N7DxVcv45ktdMtZPN8VXTSI8gRVZJWUBRk5HIxj1x2Nfr74o+HltdJeNp+9XELlrKbKn5gThM8cA8EHBAOTnNfBfw78LXvhyTxOb2ym8i58T6i5YhiNizMFG7nkbeefbnFfbZdm8K+JwrnUm2o1NbXSlZfFo1fdK7fq9Wfyxx94YTyzJMzr4HLYtQnRcZQi5KUefVqN9Oj0buumzfCf8I349eRQumWMcZR3Us4wqnkZGe3AORx8xHFfN3jrwR4uf4waNdzQaUNRbRJI7dHlAgESHq56biAQF7AZGRjP6b20FvcoNj5VoujEHAwcggHIOMcnoAT3OPm3xpolrP8ZvCsDKSX0uZVKgEAY55B5DNx6ZJGRmvqsZKFXD4aXtJNLHYdpuSWzjfl00klrG91drzR/LmBpV6OMxtOVCMOXB4lNODteMU+V+8vduttVvr0PnO/8K+O4kykHh2PKszkYYN0xk5IPQ9ADhuPWvmn4leG/F0XiH4fXd4uiiY680Wnm2QlEuCGKm4AJ+RcYIyAepIPzD9Zr/4f5jb9zlZFkIAjI257E9sg9evJ7YFfLPxr8GRafqfwvQWxDN4qQMChXJZnzjPI4GcggEdBnplm2GTw05+1rNxqUH7023rXox193dX5l2umc2UZi3jFT9nSjelXuuV3uqTsld7bp6a79LrxS58P/EkKyvf+HjIULvssnUA9gDuGDgg9jjIODzXkvxY8P+Mj8PfE8up6ppJt47NXmjt7Jlc7XUhUcsQBkjjA7dRnH6OXfhy3j8xmthtdDk7VOMKCFAI44HXuADg4YH5z+PGlWsPwx8ayeUFzpsbKqqVIHmp82O5HHsMk9zh5lhoQwOKk6mIl+4nyxdWbTlyreKSur6uz+7RmeU4+tXzLCwdLDqLrxWlNJq049Ur3ttb8OnhHgrRvHLeE/C0kOq6FDDLpttJCp0xzPFEY1CJI+8gkBevHcEV1WqeH/GraNrLzeJLBYzpt6XEOnsAB5DCRRuY8noGyMc9Rk16B4Ht4h4P8JbosK2iWO0njAKAehBDdeuRnjk10Ov20SaBr4QHI0i+ZduRnEDAEHpkYxgZOdvIya2p4anPA03zVpNYRKMXXqaP2N7KN7Wvp92gsRja8MxlCEKEYrGct/Y027OotXeL13Ss91fsfFnwM8N+J5/BFvPZeMLnTbX+19RQW8VupBcTOC+cE4Y+vQngYzj1Kfwf4omctN4/1hjG+cQxRqQRgkD5WyWwccjA6HODT/wBnOwe8+HiAJwPEGpKckjOJWGRuHBPIGPYbc17o+mFbiaMRRhVUPnqTlgMZweuDkH14IapyrCYapl2ClOM7ukrpVaqUnvolKyaSSdrJXfQyzvHYynnGOpU5U1CNdqP7qnd/D3j5Xu3ppok2fDOl/Dy5v/id4otpPFviCOW3Swne7ikRLmVpCfkfgZjG0bRt5JJ55z61/wAKjLySvJ4w8VSId2zN4Aq465IUYJJI4GcZ9BmfR7Mn4z+PovJwUsdLYBT05J6DrgnqR0Oc9a98i0maSJAYgQjDeW5Y55AABPJBA4zn7/oaWT4TDSoYiVSnJ3xmIVnKaXLGaSVua2is76/Pr0cQZji6VbBxjKMbZfg5ySjF+9OlGTabj3e1kraJbW+CfHfwxsofib8PtNm1fXZl1CG7WW4muybhQoyVhkXAA9ieBkjpge7x/BPwlw0uoa/PtAADalKQSoGTjdg8AZPAwDzwcN+Klisfxq+D8bRKvmW9+ccjO2MDnnnBOScEA8Hawr6OTTCAjxwoA7kbGGSF57jnBxgk5wGIOTk1rluDw0sTmd6MJ044qmocyba/dU2nq1q93rronpc5c1zHFxweVSVealPCylPl05m6skm0rWsrJW36+Xwn8cPhv4e0ew8FR2UN2ReeMdPgle4uZZXaN5EV1Xc2FJUk/LgjGeuCPU4/g/4OBlQ6PLJgA7nurjGdwGc+ZkDhsL1G49cYE37S9pLb2Hw04AEvxA0xBt4bJki+XH3cZxgjrnJwenuKaeWmnBUxggKF3fKTjpj6Z479znmt6eDwzzDHU1h6SjyYZ2cNF7jlKzfdtO2l7X7HJi8wx0Mqy+X1qq5SqYlzkpPVKUHHm95XstLX0emr0PnHxN8KvB9t4f8AEdzD4dgMttol7JFI80z7GS3Yhx+827hweR2yOBmsn4Y/D/wlc+CPDVxP4fspbuawczXDiQtKfN+XeN2GAXgdOx6Yr6O8V6O1v4N8UEru3+H9VboflItpMjnrx2GBnoe1eXfCK1lk+HPhCUbtzWsqnHBwsucDkZ5449yPWt4YXCwzShF4ek4/U6jacIuCaqUrPZ3aWl7Xt6syhjMXUyHE1HiKvMsdSimqkk0uR+7o02mnsmr/AIl5/h94WjSTyfDunI0VvMQXh3MCIiQRk5yOx54zXjX7OXhjw5deFvEVzqGmadLcp4w1uEPLBG5WNbuQKgPVFC4AxxyMHBr6rnspTBO2GUi1uiQCWxthfOQMDkDj14zjHPzN+zHZveeFPFBG75PG2vplgCP+PuXJbqPUg8kZ281pWhho53lkadClyOhjLx5I2btRUZNcrW17X132b1441MVLh7NZ/WK7nDEYNRk6k+ZJybsnzKy7tba+SPeF8I+Fgd8NppiZjH7uOzgZNx6K4KHjuSepwBkZFfNEHh7T3/aivLGS1smtD4H8xbc2sPliTeg81YtgUOuSrEgHB7YzX1pDozIGlcl8gqhUZ6d89ARycDgcZ618+WVn5f7WM4b5y3gFSwbAPBjwTkdSSMHJ5Htx15nGhFYJwo0YS+u0FJKMVdXa0unppfey19V5+STxc1mTliK8uXLa3KpVJStL927q70d07a3WndJezr4L0tghjsdPRFdgB9jhHPQj7g5DE44Jx16V5d8Y/D9la+DWkit7aE/2tpiO0UEKZ/foSNyqM529uCBgHsPqCOy8xVCkqC5JIweo4ABUdDxjGDnryceJftAQxQ+BW8psY1rSgRtwQTcIAqkYyeSOg68HgGlmDprB4m1OEXKm1ok3vB32asra9d720ObJqmKnm+BjKpVlFVYrWT95pJ6q+yv1v6mrY6RbNbQt5EEaCKBmJUDJ8pTnBHCg7egBIyxOQQL/AIk0+CfwL4jcRQbP7GlVlUY3hWQDLAg8ZwOnPU7sYTT7d5IIQHcqbO3JBHG7ylwoA7bR1xwTg+tbmvWefh34ljXcCNKn6ALgl0Bzkc5BzwR05AAIHvT9n/Zs0oR1wTekVdtU4q6dk722tttpY4HCt/bNO9Sa/wBuirJ2v+9Scb9dL+W+7PHvCNg8cPhiVSlusEOjxhSxOd1yhBHJ+7gngZx7c1+y3/BR3wjY+IP2e/2fbq+sormOCKwQiaPekguLRd5b1Eh9zyOcHGfx48M6fIbXRBtZzHb6Wd24gArdRgAgc4VTnPudvQV+6H7fUH/GLXwZLRhWtI/Dahs5/wBdZ5B4zjkHn6YHr+GZ/OFTiPha8VZTtKEtU1+7VrX2el/NvrqftOUc0Mpzp3acYuUZbNaO3mtdG7rr1sfy7D9nnwpeeNvEr2s2qaRLeRR3yS6XdyW6wSu7qQkW4psBCgAq2QQeAeNa6+DPxD0WRP8AhGvHV7crFGTDb64gnQgxkYLqFfkBsc4POccEfQ2j2oHjbXEcKWTT7MALnq0jkHk4U55weSOflr0W9s1WYhlOTAzDggblhb73OMYwBz/tdRk/qdHKsDVw9SUaUqM3UmozpVJU3vb7LSfK9fV2PzfE51jKeKhS5o1YclJuFaEasW3bfmu/LRp63WzPgPwlf/HHw3pFzNJ4MsvE2lx6pdq1zpkojuvMDsJAsfJRM5IyfULng11LfGy1gh1Cz8T+Gde8NzTWkiEXNlNLHvKDjzolXaC27nldowScmvqT4T2puPDF6SWCHXb/AACH5Ik9M4ye3OORx3O54j0DTb/StYkuLC2kZdNu0czQRzBmCHpuRiMjgc9G44zuz+pY6hh1LD5hUcI021TrwVSLSst9JJW1vdpaa6q2882w0sVGlXwELurBc9OUoNuXLqk3KLd29OVbeWvhfgfxx4Q1TStMhsvEmntLFaZks5rpIZVcu3ASTGGGcduT3HFdxrN0ZdD1FoglxGlk5DxzxyllBIODG2BwNwwecZB5rkdM+C3gLxB4W0jUL3QoIppbUiSex8y3nZ/OfDExMvPAzgHKkdcnHGa18CZLDTtWuPCfi7xFpBh064uxayXUlxbyCIZWPZKWYIRwRt5xkjjBylVzOnhIudGhWpypRcnCVpcrSafK9LOzb+StrY1jiMqr4yVKOIq0qka7i1NXjzKaVuaLvbfdXSXnY9ys9Qt59MsbZ1txusrbCTokqbfKUYxIpHzZGQBnoecivMfiX4F8D6z4E8Y3V54c0o39hoOq3EN/DbLDcQzrbMVliePbl8jk854yCD83C6X4f+Nmk21lc2+qaL4mgFtAyQXqfZ5sMi7IxIeOM4UgYLEAE4yMrx3498baV4B8a2niXwTqenm60PUbZb+xZbvTl3QMpmkeNf3aA5+ZuoGDgV5OPxNB4Kr9YwFRP6vK0pUk43cE0+ZKVntr66ntYOm/rlJ0cdBpVk3GE+WTXNH3XFtSv0enom1dfldoVrb3ISE4lJ80M7jc0ZjJKlSS3UA7ufvFj61+qf7L2neDdL0HRJvEy6TdwXvhrXrlE1BkS0j1G1juHsXlU4aS6EioYgGIBA4ztA/JbwrNMs8QWQ4dyzbSQpZ/l2/N6g9OmGOcYzX1N4ItvEOoQ2sJNzHp2mwX+3z5CkaExs++IAjO4dQc55GcsM/hOYUI4iPIlZSnpdR5rtrSLva9nrr5baH7TlNeUGpK7koWb95pr3Fqk0urW/dH7a/BP9ofwv4I+CWn+Fh4Svb6WXX7+51fULMlbSOOV3uEkR8MN4HCjI+XHUGvBPBfiSw8UeLPG1/Zyi0GojWL+zimmxK8WyaNYTuz8443dj0OBmvpH4FfCvR739kbxRqDIkl55lpfpduhEyOLZWbYxyyjBPC8Yz3xj894bl/DWsaLeQyNCyzam0zDgXMSSvmNzjkEA9B39QAaqYV1sJUo7uKSul1i48qkrO0tFbv1sdk8RCliadVwbU5cz184q65rqOr011+Z6tosMU3hPxKpRfPjlt0bJ5BMoeXoN33gvGQFIHuDt6zZfbdU8JQsDGz6b5eVXIdRGowcdePX1J5ByOV8Laxbap4X8aXVo+xjPFO1szL5yF3BZlByWQlsKcfN0Fejwxx31x4GYFmla2+dA4DDCg4O056EfL3AIPHNfM1pTp1WmpRs2lpqkoRs+/ndfhsezRkqsINNO6TaUlaS59n1TtrfrbRXvf5M8T+HjZ3eqOB5kcGr7W3jOxZGYLggnjngHByezDB8p8VRtY6eygIqR3mMsM4LDIYA9R0zxz0xnAH13e6ZFd3fjSC4jLNb38LRABT85nUYxk5IHC8Hge2D85fETw67WWsMcg2+oIAvOAjH5TjjaMf8Czz717mFxKqxVKbV3CKg07NvljZNa230v1dm20eRi6XJJVaavHmaau01yys033bSevS2j6/E3xL8Oo2NYtkP2gxA3USrjzIwf9YvGMg4yD79zXihVZFUOcyEHY3Q4HBypBHH4jABB6kfZOoR29zDFaTwo/lBo33AFZUDBMZbgEg85IGT6nB+ePGXhn+xdUSSGM/2fPkxODgQu3JjY9hlh14JIyQa55xlBu6s4ppNdU7b2smkm9ddGou6TElGcYyspc1r2vptdtrW/np53sedASxyopwQpO5cMuMd8d93dT3xzzmrMaE7mw5AbcOTwSxIOSOQem7GBjHXmtVoI5Ekk4LR5DYGWKnGSAMDkknIz65zUq2zxoiLHJISqkgRMWUHOdwC5U4yc5/rUxqO6avdNW0Wu19+vlZWasTKEVJKyb3W197LS2976rt0M8AqQxRVYZ2g87iQMZHfqB1HJ6ekqliRkbSTheNpJAyTjIIfPHKgBfyGiLViwC28zNHxt8mZicdMABvmJ5PB4xjrzeh0XVLko1vpOoTgk8R2czZ9P4MHjBJI6npVyvbSLb63i9L20v31vo+ie+037a3a+HW+1+j721t0frjiMkRFk2qrNvwMFskZz97r1boVB68qRMsALhuTk7l4zhQNp5xhQwwM9+nbFddaeCvF96JjB4Y16UW8YknK2E+2NCDtdjtygbACZ4bG3J522V8G+LBK0f8AwjWsq8SAOj2UiuityS2QCu4YIznK4I9rp0q1RpRo1Je7a0IOT+yrtKK9Vey630kzGpOlBLmnGCTjZymoq6UUtdtraWvHVnMxpF5TEKrSEZOSVYZ6ADjPIO07dpJyOQTTfs5LMXXbnCrwBjggkgYAPcZ3ehGMgeueHPg18TPFEIk0HwPrV+kIYuy2rbVVTlpCTwFT1K/p07LVP2cvi/oLaI2veA9Z08+JJVi0IXELIdVdmChbYY/eEHaFCjLE+zZU6VWFT2cqVSE2rpSi+aztJNJq9ra289bbmlNqtBVIyhOD2lB8ye1k2m7tttKz0ffU+efIIChm+XOOAOD0JLclicD2B9Nwy14wMouDjGCwDAZxxhR1Ocg9BkDrzX1L4u/ZK+Pfg/RZfEuvfDnXNO0WAxLPdzxFY4XnG6FJMAhHmyNqtjOSDjis34e/sn/Hz4skN4E+H+oaq73DQRrvEQllQBnSMsMsUT5iFyRkFaTo1ZU3WUJezjdOdvdSVr3l0snaz1trbVjfJCSp8y521pvKT0ei1k7vXvfXZnzOYo8EFVVlBOTnLE+ijGOmAT1xnk1F5ZckuAwCkhmbABzldy5xkLwffkY5Fe86j+z78RNJur611PS47W4026uLLUElmB8i9tXaO4gLHAYxSKy8D5iD2AJ6LRv2VPil4gn0q30+xsGbVxizka8REYOdqeYzYCKxIHzMMdBgYrX6niIQVSVGooNKXtGrQtZNO97Wae76NvycRdOU/ZqcXO6ikvibutOtu3RO2tz5ZmaRmOwAYI3kYBbjHPptxjtnvURZ1w0anLFuCckAA8E4zweRkdu+a+ofiJ+yp8T/AIYamuieKY9Mhv2eP91aXUdwnlvEs3miRTyFQnIIAGckEEishf2a/Hj2mmXKS6aLXWIJp7FmmALxwkqwYZyGDAlR82TkYxnPdQynMa9OnWpYarOnVS9lKKdpp8tnFr4lZPu77Xbs+erisNRnOlWrU4Sg0pRlJJp6bp3a332ufOOWAzgbiuWUgYwcqFwR0A444YjOAM09EcqvG08ggYOBycEYHXjOehPQEivpTT/2Y/HN5JPEZ9MiMMRmKvONyoOc4BzlsBuvA+hru4f2MvG50nTdZl13RRZao8iIFkVniMYJYSc5BDDAA6cetW8jzWLSeCrq75fejbV2Wt+W6bdvd/yT5XmeBs39Yp6LdWfSOtld6OVt9b3Z8XohGJBuYyAArjGDkDIJBycZyCe2PU0oiG9ipBI+8wI3gHkjJJBJHUeuD6V9y+EP2LPEHi68urKPxLYwCyMmdkLyO7R/MUjXcuScYznn+90xzPxt/Zjb4OT2Vvd+IBdzXOkpqe027KoBkWIwnqd+T1PGACoHIrB4WvTxKwk6Tp4jlvya3aXLq3bR7aOVk7aJ6vri41cI8bCXPhk/4l7aq2lk9Vrq0tV1Wp8kpGrsVUkAckYGAMZ4bry34DBU9eXGFTGoJZMdicluoHTPGdxHHHOO1fcFt+xrq8vh3TfEjeI4potS0i31QW8FuRLHFcRh0+bIDbQ21hjn2JJrkLn9lrWzBJPYXSXDwsimGVDHubaSMsTjJJxj044JBr0aWRY6q0owi29dZKy2vu9GtNF16I8x5ngoq7qSVrK3LLVaL3bKz731b87HyW1uoP31DKGIO4Y2nPGMZIyc+428HIxCqbGwXDfKSDjJO0dCDjHYEkYGM4HNfSp/Z18SXJeGFY5ryOcQywwnaUYDO1pCcAkA8HhlzziuE1HwDdaBf3Vlq1ibea1DBllcK58vuuR909jzn1JzVvIcdBtOCai1rGStayvfRyVr7Ltql0uOY4OXLy1VfTd2vt3V7pev3o8sR1Lr8zqwzxgnjsB9cAksQMgZ9KessYXcS7SZxhV/hf2wMjAHt1weldsmnaefmYgNyBhoyf8A0EjnjJXnjOOOe4+H3gHTPG/iGLQWvWsw9vLctckK21YzyMKRnr6jg9e1FPJcdKcY+xfvtRjJ6XbcbPVuz31XfvoKpj8PBSl7SMopXdk21bl1tzNLr1t1unoeKyXMZwGPlk4IJUkk8dW6YPPToNwJ+6KsJeQRoZA4LAjGVJOOQ2BySOoIPTnvX2pJ+zhZW8uLfUoplit3nAurc5fg5HGM5IyDnJ6c96ml/Bn7Mz3P9k6Pq0CIXMTARHL5AABYHjHPU56EdK9mPB2Yy1lZK28fetpGz02fV23b67Hl1OI8AmkpOTW6bs7u15Ju600++7sfH/8AatsCCp+Zo8H92Sucg5BwAMBsYHAHHXOZI5oiwaMNv7kKSCOcfw7uOmeOx7k193WfhfwnZSQxan8LLJmRWZ3t2MrMh/i2D1Gc9+F6jGLUzfDiw1SGW28K29jbNBieCewbakhPDB2yD8wwSCc5J+8Rjpp8IVIcvPiYQbaupU5Rteye6XfXVaamE+JITi+WhOaik01KGtkk7WbkrvpprrpY+EIp2CMR5m8v0EchUDOMfKnBwcnIGeOea2YI2kA3RXQZirY+zybRx1yVAHoMsD756/d2l3HhOeSGW30vQ1X7TkR+TCHeMckkMmRnr3I7Dmk8Z6hpaeH7hrSytLNl1K3KiK1gLMvmKXCOE5XrjJ5UkEHLA91Tg6nSozrSzKlJwg5OEYq7+F2u5K3TW2/fU5IcSVJVYUvqdSmpz5W5Nrfld2rWts7u7Wl+58a2mjalebfsmj6rdlgNwh064kICglgNqHA56t8oHfPTq7HwX4kmYbfC+vlwQQg0+fkYyGAKAggDdkdMZ6gGv3H+BFrosWjeH76TSNNll1nwjqLyltPtmKPFa/u2JaIhXyuXOAejAgjLd3HPZ6XPBNNa6fJG8UTKUs7dNvzlQEAjyQMjPBIPJI614Cy/C+1hGcpvRc97Kzdtb2ktk2/W7vpb6SiqlemqilGMm3yprTltHRvpfqvz1Pw30D4eeL9Sm8m28Kay7h0hEk9nKkYkkfYqSEgBWY/KAOSTyOVI/SvwZ/wSb/bi8S6RpPiGw+BWrHTdVs4dQsLidtiz2txGskUnIziRW3KMng8eo918Xaza2FhH9kgtYxq19FLM8FtFEyNbTpLEQVVfmyPmwRxg8Dgf2m/s961eah+zz8Gr37XMzXfgTR2OZZMExWcKg/fXnaOehHIxgZrjx8qOXxhOFCE25WXtE+nK1y2stV7zurfr3woyVKLqTbk5uHLHs4xlF7K7a2W3oz+JW1/4I6/t3XKoE+EBtSVxmS9iQgEjJPHXKnPGB3wea6i0/wCCK/7dV00fmfD2yhIXkSazboM475XnuT+vbH9xTalqAOBdT4BHBkYgKPmBHOcZwDk9QDyOKU396UZvtEpJIG8O4IwOSRxxzwQD/KvGecTVv3NJq6tFRtHVLTR3su/VW76tQhfZ+rnLS9tem1lf5u/U/ii0z/ghh+3Bdurz+HNAswvCedr9sMDI5PBHAUls8HknB4rvdM/4IFftlXMgeebwbZlyWcjXLZnGcZ4BxgLx0yCo7cV/Y+1zcgEG4nbGDlS45zyCc4HB5A5zkntUXmzHI+0TE8cbypIPIOcg4Xo46HHU8ZUs4vpHDUFoveXM5a2V7XtvZ2trrfsm6O0lKFv5Xd3s4rrLprZq/Szaev8AJHY/8G+n7VEx/wBN8YeDrJSADnUoJQDxkcOM59QDnnoa6+x/4N6fjucDUfin4MtVPDAFZmAHYYcAkHPfGOx61/VbukPJeRgPvAkjPJHB4AHTGQOc4IzzC44yQNuMnJJxz0PJx2IzkHk54NZ/2rVX2IRva9lFO11d7bLrfb7ioQaV/cvpb91J+77q5n72trdbXV7Lq/5hrT/g3o8fAKb/AON3heIj+5YsTy2SARKe3Iz6YAGCR1dn/wAG9DEKdQ+POigZ/wCWejStncMsNwm78duv1r+kd4gQcLwcYILHJ5Pc9QOpwDyWPXNQGEHgqoIOB1BwMduePwx69zQsyqbckdbO7W219Leum/4lLni73otO12qaaWqi3d3tZ2XzT11t/PVZ/wDBvh4PUKb/AOO9uSo4WDRplZQeuCZCp6hs9R+VdRZ/8G//AMGrcD+0Pjfrc4AAZLSxMeQAd2GOQpzgKRzkADjr+9YUjgqu3/dznHGfm7fRc5Bxg5yKh+XcgAznkAjPPA7Yx+JwOSSTUvMaqTiopbJuzV9tLa6La2297mnNunOC1VrUoWulFdFZLRpp23vomj8PbP8A4ILfsyQgG8+KPja4wwJWHEO/0B3KSAcZAJ6c4wTXXWn/AAQs/Y5gb/TfFnxEvSAN22+ijz14XMWQDknk8emcGv2ZVGLFcDAbAJQKTxwPXjA9/Qk7akMXByozwASBkkZboMnjjC/wkgnHGc/7QxF0lLldr6eq316tPpvu72vO6aVRy5tLWjHrFarlXy0u+j6P8jLX/giT+w5bFGmfx/dsi8F9XhGfqBD1wPyOD0rftf8AgjX+wbbYZ/DfjO8YgA+drIO4dAMBABnjJHbJyTX6mtGcZwOSVHynAA4J6DhSeSe3IBJyW+Vyeigk4wCBn5u/ocYUgA/KfUULMMWnzKrLo3dJ3StfZW9LaX7kOMWmpcz0012tyvp626rc/Nm0/wCCRn7AdqQT8Mtbujn5muNULHPGcnK8HOOMHHXkYHUWn/BLX9gOz2kfBFLgDvcX0rKwIAGcSAt39uTjb1H38IgBkAdT65zyMY9cZxnjnIwABUZTCpn5sc5yMjGBknG3liP90dCKbzHFveq3e2yta/L5rVWuvNWMlCC095aO75pXvZeas7qzeqSe2mvxVbf8E3f2C7MKI/2dvDkwXJD3DzseM8nM+CRgqOMgDJHUVvQ/sC/sPWW02/7NXgfcMDM0UkhwMY4MpyM5B556dOa+tm3ZxjgcDIHzHHOOQMAEE5OcDPemOuT06ZIyxORtDZJ5BBJzx05OM8ifr2LV/wB/UV1paVtFbZXdlva217XdinTptp8srJJJuUtbcvM+Xmfa+7Wh8z2v7Gf7HlmR9l/Zt+HCkHCs2msxBHGMF2zkZOen4c10lr+zF+y/YkfZf2evhrEVOATokLEH0BZGPBPHIz3B4r3NowVUkglSWYDkjoQSeeeTgeoFM2cjcc5HRhkjPfg8nOOOvfPBFT9dxi1+s1rLVP2krpaat321WrS79Lg6cEklF+a5rtfDd3sulur23aujzS2+CfwFsVBtPgf8NYcEqMeHbNsHkZG+I55A64zjvxW7B4C+F9mQLT4UfD232qMFPDOnE9wGBNuxA45x36HvXVkDgcspIIJ4yeOh6nqxPb39BowCduBnGMYIwCM49gCefXJ64NL69ile+IrSatdKctddFq930u79RKFPW8FZdWummi011tfbe+jMuDSfCVptW1+H/gSHHOE8MaVu6HHW1PX1/wC+cj5hqJcWNuMQeGfCFuwIwE8NaSCCemCLTOQThfm68VBJHx0KnkknBIBOMcfgAe/GMjGYmSTPLHgjg5yrLkqeDwcYA6datYvFTWuIrW85y6Wu76209OnoNYehLelFxvtbfZ6u7vb5ap7GuNYuEA8qw0GE5AUxaFpybcZ4AW3Ge+BgHOOnNRvr2rIfkk0+PDDbs02zQcjPRIQM+g7HpzWeuWC5GQR1yOGAPfkcHnHXHJIIOIjGPkJ5yTkFgMYxyTk46DHQ+uDmksRiNb4iov8At99LXej02td/PcXsMPolQpdLJRW/uyb1unaz+TV9WXz4l17GRdxZUkAR2lsAp+iRjAGeBgHjpnFNbxT4jTIGo7V/vCGPnBAAzgYzwRgAnoc81QKcKWOPmwcYBPYbsDJznJ24weuMHA8QbJbqMgcg4zjbkbcdjjH1J4pqtXVn7apstfaNrpbr32Wvy2BUqN1+5p292/uXXSy9brotmn1ZdHirxIckanNjsAFDYHBIwB3bHAB79+VPinxC4AOrXXXkK7DIGeOG2nv8w6AZ470zEQOASduSxxnLYJwCQcsMZwMHr24haIKSoUDaVU855xg4HXbn8envQ8RU61anneUttPO79H2a2uNRpa/u42WuqT6pLe/r0+d23ePiDXJVy+p3hHOd07KobHC9SdvGCMd+md1QNq+o8htSvDnnJlbAJxkdQeSOMckZHtVORCqnHOD8oPGAPoMlSPXPTrnFQlZCSOeuTuOGHOVJ4HboMDjI7c1GvVV7VJWdut9mvP8A4D9dQdKFk1CKWmvLpry910u07dV8iy+oX+4n7ddYzjPmP0AI4y2MjA4JPOR7VEdQvGDL9suD2OZCcHAwQeMEDPUEZ5xnNVTkLgnaquA2dpxnk4IAyxzn5Tg8jPFNSMc4YABskFTkHkjocjnjb16DPXOiqzmk3OTfbmdraa7tu+vbpqyJUoq3uLVrbRrVb7dN0tdU7O7LYvLo5xczMynGC7cg59eSO2R06HrTftU5PNxIFwcksw64HY5AU/UE4PNBViQDzgc8AAjGAc8DsMY+bI69aTbgcqcDIwTjOenPbJxgkYz9KOeS05pbd30d993bTX5LYSpx0SSvte1r3/rv5qwhkZ8AzMwJ2kMxA4x6N1PXt1IzjioXJY8kjnB5LY44wScbupA6AnIqVosDlSRk5wRxjqCMn5mIAOR7bRmofLA+UhtpOc4IyNuSBzkk5+Y5A5II9VzPXV/e/wAf6Yciu29FdaW1u7dfkuq3srakQwBnA5JGR8wAGep7EfMSNq9cnJFNIyQOCoBIPdgOQW59/wCh6YE6wBQeR8xHzdR8xPb0wcAcgg+wKv2g4Lc4bA5wu3bxkdlJ4A5IJBxjFHM3Z6u+vnayStfZve7s7dLomyTSejTS+el+mllq+t3o9iuV5ySFHQArjLY55ySCrEdfQZHBFRHOWXI2lTubHAwe54yx57YCnnGavlF6c/MBgkZw2BkdTzxwp6Db2ABhYKmCTnGcAY3Dg5bjjBOeeF4IO3ODSnbdt9LXuna3TfTunp1W5rJKKvdtpXSurK7Ta3f3abWs7lUKpIBBIOTnAwQM8ds46Ngg87j2p7IDwCSSMZ5JGTjBycADBw3rjvwJtgK4IPy/KD0ODzkdAR2zyeOuc045yQARg4GRhiOMYHOAef8AHHI0jNct2tb2u/Xpst9m/TW+uE9tH15pWS7p79HdLW7Td2/OsYwBjJJ7cg8jj1HOMjnn9aR4gMA7iRj7vOM45wO+fbrjjnFSOrjjBwRyM8Djjvn5cc4A3DBIP8UYWTBG1ucAggc5xxu65J64yfUnrWlNtvd2ey89ElZ+99+vR7aS5OyV38+90tdHZ9NtPkQvEmPmIOQqkZ5PTG7joATgcEbh0FQmNRlvXLFUySMcDPBGAfbnAGKtlX3BQpJBbnGc5+XHUZxyAcEHrjAqLYTuY54IyO2M4I4OCOSOARnjNdC0tfut9d2r7NqzTu2/0dknZa23W3ouvq7u2nq9SAIqhvRsZBPOfxPBHQcEn0OajIAJGMjjkZYjjrgDI+hznvtxVkqwG1Qcnkg4bhSc846Z5x0HB7A004xg9xuBHJBI568Z6j8euDwnr8N7X1XW2i9Lt26afJGbd7fc1tbbW7dvK76LbYqMCMgcZIHTggdcjvnGOvGeKi8tuCBxndtB7DI655A9R24xgGrDIW5OQT90DoOnzEj2JPYHOfWkCcEFzgYU/QY+XtgZ7kdh+BFrr8trN6Pq9FpZ9dH01JdvPp20d15q/wDXzgCNhzjkYYE5AUg4Ayc4H4NzzxSEEnBJOOpJ457kjHtgd+/SrKqASMlio6cAnPfBz07Dv9aUIAd23Py5IyMk9+GByePTAyc4JzTctNeltrWtpurpaWv1W+mxDT5r6tavfW7vvrrbo9LadiqFIz6MQA2flPTt1GMAEHgEZxmlG4kjccHIXAyeD7DnPr2HTpirfl4GDyAMgjAILccD5s9Bjr1x3ppQEquRjO0HoCuOD0XKjv1GR3HFClB3uk2ul79U7632d2727dbk2bfXp5r5Pf3r3tdW0T7qrhsMwySQc884XnB6kEDPIAznsM0Nu2gYIydox78DHOT9M5GR9BdKgcngggjjIIOSeD/Dzkf+hY+6gj+7xzwC2Tk56E8jAXgrgZGQCO1HMuislZq+rTva/Tfs762QbatOzsls2/h80/ubtf1KQRgW4PtnoAOTjnGBk8dqcEYYCkeu0d1xk59c8jJHoPer2zkjqTkDJHzbuCB8oGV+pJIP1DVVmOGUleBydqMOWOGwSoI+9lj3J6ChyurdNPlt/k+29+tlzyk+ZJRa1V7bauPnf/Eu77O7rfM2Ac8YOW5LEdieQw4xkg0g8wnaMjtkkBSTgcZGBjGPcH/axV0RgYPygdOPmXABJGM428Y4Jbdn7wPCiLhfkBPKgnIwQCF/i5xkEHAB5yD2cWluvP1vbydtr7dvnd22n7yVr2tbV2snu76u/RddmygA2DwSCdvHQduOe556Y65PIFJtcFR1OecFc46fK3BAByDnOeoBA40hEepAJHy5yOD+mTk49MAdMkFNobAIO0dCQMjqCc4PTnI7qpPFXzK0bL+6trrZX1v0vfXqtNmhr4r2V27avraK6+SWj10d0yhliCAAuAcEDOQDkjI6Z4685GeMUqEtheSeCC3zAd8EAg57Lg5q/sxuPqORx05z1IO0AcjJIzycdXxxxDk7V6ZHYrxgcY4J4B/rUqUU07K6fk9VbXr523vbVO5lKUVfZt35tdmnFPTTpfpqo37s7DwlJIp1VckgaFqp9c4tZeOeARk7SQTnpiv4VvGjP/wvP4oSCQo0nxL8SxNl8KYzqkx2ntg4A567cd+P7tPC6ru1jAyF0DVW49DayZx1+b+eOelfwjeP/Mb41fE9YghZviT4ilUuCB/yFZUAHHyjLDdn9QePPxslNWsl7sumqdotdvVrs0tkz6jIGpTvLRc1Ntuy+zK1+zXVvolbU9S8Y3sx+GuolChzrlnB8uQcAoAT3xuABxzxjjBr8f8A9oO7uLL4pSTbFM8dxYtHldpJKAgEHLEA7cn1zjHb9i9YOPhpdJPAryf8JLp29lyVYMU9SOuM9T+uT+RP7W7RWfxa83YsUQksJWwVGESIfMx/ujqT69T3r9J8Pm6eU0ua6Ua809NE3y2bSVtHZbbo+D8RrSzSq4vmvTpqyWrXLFfn11b8tj4WXSdR8e/F8aHFPFb32u62bb7RMwSCAvzLI+4AhI488FjkgZ4PH63/AAq134efCjwTB4Im1qLxBr2l6heIbLRYjeS3c6t88beXuCBnYDOeBzkbefzJ1Dwh4p8G+IdK+IE8emwaZq2oSalpsz3KiaXToW2XM6ICCoAyA44zkjgmvUPAfx60Hw140tJPC/hibxPrOpS3Q0uw09AsZ1C5YASXV1LE4kDkl3I5AUgHFfVTzaWGxK9nUSjUlOlOSXM43cV06rbp2dj4/B5VTq0ZQr0Zc0IQqU1OLSbcINNPayvra1t9j9N/G3xT+JXifw54PtNG0W18C6dLr9nFHd3Crc6xKkakeYVwFtwVyy7gdoX5hkcw+MfEnw58JsL/AOI3jufX9RCK32K8v3up3l2AskOnW7EEFsKFCgkrySflPjGp+FPjt8QLXwe3xI12x8CaJeeIbbyfDfhsBr97edXk8y5vOqSKmV2qcgnrgAV9SeD/AIC/C7wnN9st/D0euasZdw1LXSdRuWbAJkLXLSIp3DjGMY/Grp4fEVMVU5IOPwpVMTzOV2k72cm7O90m9jSOIpUsPTvK7S0p0F7itypxctL7JaXeltLHyd4w+I3jvx34Y1yw+GPwzvLfQI7T7XN4h1mH+zbNre3kVg8NvIqO6nAIyxLDPPPHYeFPg541+IOg6RffEj4hao1jcafBJF4Z8Ls2nafFGQq+TK6EySlQNrlXC/NggV9gePbdYfA3iSJUtLW3/sacCKIRW8EaKFHQFFwpzu4x0yMg1852Hx5+F3gbw3o9jda8utavbaTCjaZoafbZlkUt+5kdMCLnGS5IXJOQRtLqYOjCbeJxbqNxV483s6avZ2UYpXV7q0ltd23NIYmvOH+z0PZWmrPlvJpqLu5SUmney91JpdD1rwT8E/h14O8iTRvCumx3CmLN9fRC+vZGU5MjS3BkYuzDLFcHJPTGRpaDax2fjL4iTuYra0STSpJWlZIYox83IyUCoozwBgL06Yr4c8f/ALdclirxaHFoXh1AXVGvJ11bVjtGFJsbf95G5GGw+Src9Ony9B8S/jV8YPEt/beDtF8WeJ77WUjnmmv/AD7DSpAgOyZY1WJkt4c7lDEqBzkjIPLTx2Cw1SCw9LnknyqMIbykkrLlWre7vpvfTfR4bFVot16jjFxSlKb+GKcW229Emu70S2Wx+snjT47/AA18KW04k1pda1BDt+waSDOqleNstwoCxkkbS7FgMbjjgH89fiT+1rPb+ObnXNDvbPw8kui/2ZFb2pGpagyIxOSYv9VKTjqvyHvjr03hL9iX4v8AjPyJ/ip4+j8OWL7TJoWhhJZlQhcxfaolVixQ4LSFmz7jn6p+HP7GnwR8FfESwsI9APiCRfDIvp7zxA32uWS+3YaURscEZBIU5xwKupUzXEKVqaoUm4v37J/ErK2rvs72TvvorCp08vpzi1W9rOKd1Haytdu1l225k+h+VviT4i/Er4m6Dqt5HovibVtCjng+265q7zrZQs7kIVG2OOPcTjDAgcjPIJxYvhl4ta2N1cXNjat5ULqTK7jypFVlOC3ACkA4wSAOvb9u/wBrTRPD3hT4CazbaVpWn6fBJqGh2axWdnDbLtefG0rCibmxuOTk4AyPT88tSgsV0xQbZVcRWwAJYlR5CDJB/h4xjBzyBkbcfR8LZJLHvGRxVeo5UvZt+zlyL3ktW0lqtunW9z4fjniGpkiy94SnQcsRz8zqRU3aDg7R7Nt62Wtr7XPljR/hTreoea0fiSzhlRyCsdsZsEfdcEnIGckn14GAAKs6V8HZru81eO48TSiazuUhnkitpCJmZVbeATngMDkMRgD8PpT4doqy3skcULBZHjOEDkB+OcggYAAAPHQHNQ+DbvPiHxqpgSVU1KPG9V2jAAbafl5Jz/tDOf7oH1UuFMthUw0ailPnlJtzqVHZpaNpStvy6LqrK+iPiI8d5pVo45wdGH1eFKUXCmov3pwWr+FqzdnvrseL/wDCkbcxfN4o1GQjgNFayrknIAGOcEZyOvGVq7p/wOivPLA1jXpsPsZoUf127fXIz1ydoOMZNfU32qGNSEtViG1XLbUAHPHRfmX1xjocEEV1HgzUrG3a/W9dsyOvkCOPgbjkAADGTyCeDg89q6pcNZdSi5KmpNKyV52+y9W5rS97edk9U0eXheP83rVlBTd+ZLm93l05d27WvfR63231Pknwd8BdI1F9bWbW9XiXT9Ta1VCWDt8gdiygcsuOnJ6epFerW/7N/hcKHfXNZL8YUvIGznjA6554IABycetdr8O7+2jvPGTyRTzNJ4jnEZAPQrgDJHTaO/YDp29TGtWihClnOAgUHdj72ccDngAgA5z/ALJxXPhshyx4aM54eF23e92173a71SXay03tc9bNOLs7pYqVOniJRjy0rKNt3CErLd3V+j621Z8+n9nDwbHBPcT3mtTPDb3MqAzOFLJGzqGbcPkLDkdMZ9axvCXwZ8G3+h2U9zb6hLNM90oC3DgHyZiqhVU/xAHOfYsf7v07fa1HLaXqLayoFsLo7gQRuaFwAwxxwQSRgkHqea4D4dSyy6HpbCOUJDNe5Y45JmyMYGNoHAIAJ6Z6msqmTZesTRhDCQScJ6KMdfehdtXb0XrbV3umiaHFWZvAV6lfF1FONalGLi/eScXfrrtd3206O5w03wR8DRvtbQrqQ7eklw+9T6bsnnnocDJI24NZer/CfwXZaLqcsXh6JJYLO4dXaZiyMASp+8vPTdxg7SVOxdx+jbiTdvVstuB+cuBhQQMDAJA64yM549a4PxJGqeH/ABBKGcYsZ0xyTnDbSQvU8846jpwSa1q5Tl9OnOSwtNtRla8IJrRPd3bsls9Xfc58NxZj6uLo0lisRJSqwi9X1cdN7q6e+7W99Ty7w/8ADjwP/Y2kSyeHoJJ5rKGWeSUttMzqSxbLjG4nBOAewBLHPTw/D/wZbhF/4RbT3LNkMPmBIJJJZTk5YZAYblx681n6JHqM2haVIhbCafChIVvmBVgcEHt3AwxPfk1s28d0CWWZyyrkYDkk9WGOFG4j+6cjHpgc9LDYCEKT+q0byjFp+zh/dezj00Xd6nRic1zN4isvrVeKU5KPLOTtHm0SV+mm19NFe1yv4q8HeG4fCmsyW3h/SoZPs0bLJ5aMVAlQYHocEgnrkkYIxnLXwr4YtbC3uG0nR0b7Hb+ajQBjueMbjypJJyeT75BI+W/4xW9/4RPXJpDMENvDhWYLyJU52nA9yONv1wBkbZZtHMkoYqNLtjGxB3AbAGwScEk8Ag4C8kcHEyw+Glifcw9KK9krWjDZPezW+ttVbo3Y3p5lipYRc2Kqykqkldzd1eEXd9tk97adeta10/QzdR2tnpekyPNJtGy1jJPI4C4PTp3B6HoRVjWvDlvb+N/h9CLLT4Eurq6TCWkQw2Bwy7WyFPUEcgjHqczwvcGPWdO+7kTE52nIycHB4GQMgn37dK7rX54pviV8OFzIyi+vmYsAFGMZwpyCcAHr16DuOn2FFUqcnRpq1WnFy5Ul7zhd3tfrZ9bWOKrjsZBzccTVusPVlFKc7XVN6u8t9nfyXbT1hvBkcaFIZLcNKrOgitYOSCeMbP0Jzj6E1S/4RGeNGKzSKzK6sI4Y1AwPvEgDgjqRkcDqDk+uIiIjuY2YMT5ZHJCqSRgAEqCR6bjkHtxRkt3EcrO5QyEhVLZ3Y7HA5zxxnqcnA5PuTwuF5VanTV4t27aR01unrd9U313Ph4Zxmkqt5YitK97xbk+t7atJ+q+Vj5d1XTNStviXpVpb3UkRHh2d1kfkOrZyOApGOuTk5GTnHPcJoWuSK6HVwmUUBVUhj1AHU88YPUZzjheZ77TzdfFrSgo4/wCEZnARsrkcFR2PYZCkLnP3iAR65Fon7tF8sJIAMuAWIC55xyQy4GWAGQOCcmvDp06PPXso2jVcbddFGy83r1X4bfWPFY32OFcuZ3w8G3K7ldyd99dr6O/Ra3aPGx4K1aeJlm1KRiX3sCjBh1yB8w7cY5ABByD1f8OfBM03xP8AE1q9yjsmi2T7pEc8eYQBhmOQMH6dumT7zDpChFJlLsrbmIwSBkAgEZzknqfwHOap/DTS2Pxk8VvDGWH/AAj9ix3gAn942cgjqTgkDgjngcHlx9SlRhTkopOM43trdNNLa3W39baYati5U8W3dL6u3GzdlrBq++sba9tFa7PVNK+GvnLahrpTyN3l26/KNuOBjKjknnPOQema1/E/gCy0zS5Ll7iRmjO7DQIoAAJyw2kgcHGcjAB9c+96FpWLeAiMh8lnxyeMFRwAB6jjPRj3zg/FK0MXh3cUYSTkxrk9BJgZOcE43dOnUAqRz4lPMqbxUISejnHRNqNrrS1+nfRa2ZeW4fEYhXbm5OzWjaTbirdE++q81c8N/wCCZnwvj8Wft32l/dwRXGneH7HUfE1+jR8409S+nlzyq4uFDKDxu4xmv09/4KN+PNY+K/xQ8O/DDwsj311aWsKG1hO5VvLsgtJKF4/dwuc5wAR2xg+A/wDBMaytfCXij9of4syWgZ7Lw/F4U0u6KEIL8qZXhhbB/eurjEaHJ5AI5J/T34Tfs9xafba98aPHtmk3i3xZZ/bNNF6u6TS7NgWhkRXBMbvFtC4x8hx0Bz8rxNxXhclzSpjm1UeDowoYanJuzrVVGUrPXWMZXltba6P6n4E4erVeH6FJ3i8U1OrNr3nCPLyru20rLfTRWPgr4P8Awcm+F2rz3UyymW00Nxf3kygM928RZ4os/MAh4yAM44OOvz34g8SPqGuajI1w7ltSuFGWfagVm2lctg4x1OeR1O0Z/VLxh9ij8MeMdduAsdlp+h30scm0AExwuu8sBgksPlPfpnPT8IdV8Yn7dPcQSBnubqZ1KMGAikkLA47A4xuwcbcdQRXmcN8bRzDEY7HYqSlKXIk9PcdlzRjd2Simlp13bR6nEORyw9Chh6SaScpaNRUl7qbaVk0/+Am9z90f2DP2n/gT8AvD2sSeM9Jurz4h6xqCLb6sLVblrXT9uBHDK6/uiW2uSpGc+h4/SI/8FLfhKyTS2Wi3t3PEXzcyAK5fb8mGcFgc4HUYXjsQf5KdJ1q+fbcrLM8wfA2uflHQDjgKMhuMZwM4NepDW/ENlorX8Ms62wV/MkZmUNNgsPmyA6jGASOcdSTz8xnlfCYvH1a/1mU5VZ8zjJq6i2tEnbbR2XTVefi0suxMacYumrJK7Wm1nro1d31/4J+oP7bn/BRDxj8W/DU/wy8JxJ4Y0G9k/wCJ3d29yWvdTt3b5bGWRMfugOWGOc8civyrup5bTSknkkcsVKIpPzBM4BAwSTzkN1OM+gPi1/4qvZdQSS4nknmkuNzKxLADdt+YMCSVycHgDHrin+LfijY2FutjJzNDEZJWUHnI4U4BxxjJ6Z7E5r6DIeJIZCoqi4KMmpTakrzfu6y2votPn00PnM14fnmnMqibsuWO77XS9fx19FY1nxTdQuyo5G07QMZJBwQSBz075+X5ue44i98WzsWAlbcT8pLNgAYUKoBAOcY9cY4xXhes/FSS5uZ2QrkAlWIxuBOAp65YDIJ64wM4rjpPHM8iksE5YgKHwRg53naAQM4JHHTA4wK+yXim1ZQvdKKet1pyrppr9+1rnycvDVTleTla6aVmrOy2VnZLVdPLqfSB8UzsgEkrgMSQpchSSMEZB6Z/HryKt2mv3DukXmnaQSNpO1hxzu4AxznAOfxBr5bj8aTqvmC4RmEhBQYPHcAEtx6NzkgsCMitC38cXCuXN0AxAIKuAoHaPgDGCMj7vzderVnLxWmpSVpN8qtb4k/d/Va6+a0uXT8Nqd4qXMrO8tN7ctrK/nd7dk2z66stYl3ANKDGWO3EgG58dzgkhcfMnckg8g47XSNZKSxl7ncu4/KjHnIJBPLcrgcAc9egyPiSDxzdtIgWcsB8wUECMSlgQG+Y8nPTByeecE13Gi+KNRmmRUd8OSCVOAr8cqT1bPHoxI4PWvKxHiniJ03FxcnZ7vTW27+y7269PI9nBeHWHp1FKWzcLXV9nGzs9nt317o+5v8AhLrWOGHbdebMwx5Ocvg/L90EZPPTg9BX66fsi/8ABSiz+Avwy034e6r4HOurZX009pqUF0tu7QzDJtpUcOTtPBzjgjPGK/BXwva3usXsS28LtcEIFPzO0jscLtQZYs+flA69QMDNfpX8OP2H/jB4v8IN4rFhNp0UNjJfQWeoE213eoi7laCBwHcMCNhVQOc4IOa/M+IeL6WZuKxc+RKopQgpO92ktdFa6dnKz0fzP0LK+F6OCpONJJ3ik72WrS+5t2t3VtEfZH7T3/BTTxN8afCUnhDRrCL4faHdu0WorZzb73VLYkjyJ5kYYiYZ3KVBI68ACvw2+N76L4qea2iuvtHmW7KE37irQozZ7gknJ7EMS2TurW+L0eu+CdY1HQdZhlsr+xuDbz29yCs8MinBDKxBGCMggEcfTPzfpWuy3ev/AGeRzIPIupHfBOR5bcgn+LjgAcDg16XC+PoU8Zh3TuvaTinJp7Pl1fW78rJ7rz8riTAxhgMTT5VHkptvtzK1no730S7X/Hw/4bfCiDx/8TbfQViWeFDJLdxuhfdBHJ88Y6KpZQQCeOhycDP0d8YfB/hfwd8X/D3gnw9odvp9na6Xay3qgRyp5/kqWcZB+Yg5yeRnHU88b8B/F2k+FfHfi3UbmcxX7N5Wn5ZYxs89vPIZsYVU+bhlPG1RwSc/4yfEDTNd+MWs6/DfyW8S2dhBb3UrghmZIo5SH+62WDAfMBjjIxiuPjavj6mMxCoOrGlDDVEmrqM6jVk77N9uydvJrgiOBjhaE8UqVSpKvCLjLlbjTUleyfRpfJtLS5+33xF/Ym+AM/7A/wAE/iL4d8EW+ifE3x14msrPUPEUTlbjUPtl68M7TFty+T5fXaFCLnB24Nfm94B/ZZ+Gdh8RvHGh67aW16nhDw14h12ORphtOoWkExiKOVxKiumUjUDkAfLlhX3Y37aHgvx58HP2f/hD4IGt6rpvwonluvFkggEds181kGjijZz87pdF23ckggrnofMPDfjHwlZ3/i7X7nwrrTt4m8LeJtJttU1GERq+r3v2kxRowH71IhIpVQMYOeMV/GuW59xVltTGUcdicW/bYyu489VtRjLERUY2cnKzgnype6tdD+mqOEypZR/BoVKnta0qMo001GhJR5EnFNvkT/vWaaZ+M2i6RBJf3C2tlMsc99fzYQAkA3UgXGQcYUKQqnAxxwc16LB4W1CWzvWT+0YrdbZ5T5aqCwjGVJPOMkcnJ64zzXsnwp8J6fd6HJqmowxCT+29UtQ0sixMDHLKuMHp8wBxk4OB2wfRde03StN8M+Jbl7+20+K20W+lgdrmL53jRuMkhRntuU5JIB5r9LqcV4udWOHpe1bXJC8dpXsve9W+q1vre1j5JZVh/q8q0lCF1KSi9HbR7O1ra33vZeh+3H7GukW8f7OvipX0+3t7jX/2d9bm/e7PtD+VDLbmZ41ALs4BJdlJI69Q1fz6+HP2HvGXi/wzpfje1vFNhrl74g+wQW9uGaNrXUZ4SsgGOTwTwMZ4wATX7Gfsr/tO/CvTPCum6FHr8E81/wDsv67oUEUkhdr3xA7SStFDzjhOCccAkDGa4n4afHz4afDv4W/CnwvrQePV5rXxFc3USgvAGm1SWUP5oUqrKpBYADOMZ4Nebg+I87yCWOrYOU3isRiqTlzQcrwkpNqKas42Td1Z6+bZ8nicjwWaVI08VC9D2cmmk1abcFFvlbvu9+33/k7J+wh47R3FzqNzAoYEo1u21/nOMdQrDkZ6k4645858W/sWa7pWjeJ7+6nvHj03Sb2/ZzG8YkFrG0pAbPIwo3EEYHpgkft7qX7UvwWunaNtTlRVLK0a2EsjkFiMB9gHrg49zwTXjnxZ+P3wf1r4f+M9F0j+0jfah4Y1i3hI0u4kzNLayqhMgUBUZiCS3AB79D9Hl3iXxfVr0oTg3Bzpxk5RtZOUb2Ta2u1a3ddFfxsTwVkdGEqkY3cFdRbk78q00Wmm/e9l6flJ4E/Yj8ReKvBvhzXbdbiS01rTYLuIiZiihgDg9AcBsEgY4OScnHV3H7A+tmHyzC6Ow2l5JCykDsUHz+gwARk+1fqX+zj8Qvh3pfwN+GNjqeuwWt7baDFDcxPA7FZYwE8v7ucjlWAJPOCAeK9C1D4ufB6Gb974huXlLFAkOnTSoWJzhSq455x644rys08WuNcNjsTQpUv3dPETpQl7J8vJGSSTa66b/hY7MLwNw/VoU6sqdpyhG93ZptJ6Xd76tO6upJW6H4a/Ej9jPWfht4I13xlO6yRaZYqwMZKqC8qrgoxZgfmPYZB5yCKxNA8Gw2Xh3SpnhjMd1p1tdSjZGCTtB4JQndjr16V+ln7X3xd8A6t8GfHGg6RcazcXVzZWzQM+j3FvaoFmjO6SYjYuMEnPfoc8H8/dJ8WeGX0DQ7aTU7R5odHt0MEkyxuh2KzZU564zhgCMfXH9CeFvE+a5/kdbFZquTExruEbqzcXCL6Werenld+a/GvEHI8Ngczw+HwS/cuneT6qXupptJeV+9nZNHz54xs4o/GHhxrCRY4YtX0yWRAoVU8m/t5GGSFHy7T3578Gv7e9ENne/AX4QyxQJLBf+D9KkkuAFJPmacFdowmMMxBGPm6Y96/hm+K2uaRLqcT6PqdnM63AYQLOo2OksbncwPQBThjjGdp9T/ZZ+yP+1X+yVqf7K3we07xZ8X/BsHiPS/BFhpWp6fe6wsVxpuqw2jL5EykFgykYzkA5zuXgV8N4+UcdWweQ1cJGpOpTxr5/ZqUrJxg0na/8rXZ3tr0+78HadChLNKWIVoypRceZJq/u6R5nts+3c/iW/bh0m00/9pr4u21rbCKBfGV8mxflQhpWPIGByWJPPJ9MA1nfDLxzNp3grVvBEFjDGLq5ZkvcbpI0nU+Z8u7hRghm4w3BwCDXSft8+IdH1r9pb4p6n4dvLTUdFvPGeoyaZf2R8y3vbYykJMj9DGw+YHoRypHf5/8Ah8V/tW8JuOI7HcwY4BbaAADkkdfruwc4OB+y4Buvwzlk6i9/6lgpu97xl7OndvW681u2n5nxmMcaWc5hTpy5oLE1YrS2jk07X62TV1p1srWMG9037Jf3KMGkNveERMpBP7xzuYoB3Oeg68e1aWr6fA08NmisokhLu7oCCXUFjwFIAOM/NnjJArPvrzZq91ltzT6hGgVmycBhuHQcjrnI7ngnNdl4uMEN/aOqmINYn7oOCAikdcnBPG7O5uSO9evDGyqfVaPPpyrng77qK95O7Sbilftona58x7GdOGIrJNWqcqTesbySTT21WmnvK2lra+QX/g+JLmR47jyrlZP3JRiqNwG5CnI6g555PG3oGeH7jWtE1EXVveebLZku3mr5gYKchJMnkEAYJ5OSOAa1Yp5JNT3MGPzEKC24BXG0EBsgHAJGPm9GyDRbSRx3OqK8ZYHJVhknKjg4wcDqAvfGemAPRsnKnLVSj58rW3VWWyVtei1ZNGtUVJqonJSbspLa7ju3bS2y67N2Oiuviy93LDHqejxw5JjnubdNjuf4m29cgE5xg9MEYGfRPBmpadrV8bvTLuMIYfLeJyI5d7HaAdxwTgH5vmIYHnvXz1LZPPM8rRbw43LnOQ3AXABwo45PPrjJyPQvBOhmNxJL5kO3bKBETGxCtn5tu3OMjtxjnrz6FGpOUbRekdXo9007N2d7pa2dnez0OSUKbqRai4zbTStdPSL1ST031Vk9bpn7r/8ABGKQ2f7d3wvs3UYC66pZl3HJtD97J6EnjHXjnGK/sc8ZgHWNRRjgC7nIY8BjlgAOe7dxnA65Ir+M7/gjVCyftxfCW6W4kZ2bWGG88vGbbGME84U8Y5BBG0iv7NPGUW3VtQYAkm5l4PzdTn8sdAMnpxzgfM56k6tKV1J8iT1T0vZJ+f8AW17/AKLksLYGkt0rtP5xd/R302tezvqjiFBY4XoqluA2DwSBxwR1Hp24zkSKmV4H+0eM8EgdDkADpn1IpyD5ScEMFC4J+qk+3GeDgdzxybCKuSeSdnOAOAAQDyPmHGcgdSecjnwlZcquuW6966vrJNNPs7aaba6W19G1nq9Lp3v093ay23er2300UKpjIC/xgEhsA+meuME8AA55BBqTYxJ2qMclQv3QF/i5yfbqD06jgzoAwBIwATtAPAJJwW4BPr1I6kZzVhBnbwcEDkf3u+B24xn5uehOAMW5p95K3k7fC7X3bVlq27ys9r21Ti79bXXrpHTXR6tb7tvW21MxtjABIO0AZyvTdgf7vPTqR8xJAqRQ2RlVIUZXCjtkHoOg5znvz97Jq+IlODsGMkdu2eOhwP4vYk56EFVRQchdy8AngkjOQTgdWI9QT6AYxSlp5rZWemiW93fS79fTWZRben3Ppay3v5v8d+tJU4POegOMj73zDJwTx0+v4ZlCMo3YIJbGMjOQecdfy4x0+t1URjyoUAlsDAbJ5UE8HgZxgDpgZHFSBRuxjqCST0zkZ56H1x05zjoRHtFdJvm26W6q65erWttL7Xd0RJNWXW19dfwVv73p95mqrcgj5cNjB6YIzzyCAAR25zg8hqFVjtDKBtBwScByAAM5HPTP4DggmtElVLOFweCQCGGD/EcZGORnqF56YOE2qTyMkZ57Ddnp1GD2AOfuk1pCSenyuttFHRbNJc1l1vq7NpENO702a66NXi+b5a272XRmbgucADIzk4578cEDkDHfj1ppLfKCSNvYd/736556DJwOa0BuBYsC2N3JXaBz345bI4APY4HNMKKGwVOcDk9i3bGMZyOBjtjrzWyaT1V9v621/DbsyeVtaPz7W2s1a66em2lyiMsCcEE8AFQQB69OpHPPQcDHZ2xNwIbCgcEtjgHgEn0GMkkc8nIzi1GgwVXOSN2ADwOrAgfNwRznJIyMAmmqiuFClWOSC2AcemQeWQc4OcgNyMdRS7XSWyelk+/S+umjd3a7as000nt020ejj10s7WffS61bZXVMEhm+7kkj+IZBx/s4weoAyduOCKCJAo5I2kAAAdzjP6Dg8gZz0FXFjY4O3g5UAnYc4ABYk4APOOgIODgKaJBgAZw5HLE5O5eMDBKkkY6nAGe/VxqK9rbu712ei6fjrp8zO11db62umrL3U1q2vtWva1k3ok06e0tksSCxC4JyQo9O+COMZB5HXJpXPKgk55OMEAAcYx6cZz2BIHPSwVCkNjGAV7Es3OcHkZHc8H1GDTQoxkkHB5wf4RjPpkZz19+cYq+dJJ29Ho+2+tt3a3f5EKN+sna+yS2Stb5JO7uvMrkMVDMSygYCgDPO4EZJOMdvXoOxoSFQV2scgYbcCGByRgE8DdjAA6++AatBSRgnIGAQ3cds8du3PXvxQAQQuNrckDgjA5yOevvk5XjBNNSTvo7Jdr66eb87qz17D5Fr02tbolbp5/11IxGME42sG9f4RjkDH14wcde9J5ecMpCnOAMMp+Ygk9cZ9B1bnAqdEbJGAvJJcjOQRwQeuSTUm0kKOdzqc5XgBcn1PHAHPUEnsQC2z0v1/C//AAOumpnJJOyd7WXle2uq3876XtYrCIZLNwRxuYZBAAHGO7HopHUg9Dw5YAACTuUElhgjkgEA/wBRnPXFWEjdd275gQSei+owSckgkE4z35pSHGMgkdTt6jPTd24IGDjpwB0JTTel93rptbl21v59tdX1F52vb7vn3IGiXGPm5/iyGCd8445JwuM4yR2waaExsU5OWwQPmBAB74xgkAjOMdjnGLQB5JIwWHB6g5OcnoTzjvknjgk0wpgsy5B3HvzjPpgkLg8t3PoOjSdkm7213b37dvP5rqyba3TtdWlr093Rq1tUnvqr+elZoVBOQGzuJxkAA9Vx04zg59GA61A8ZI4BJUk44wQfcZIJyCP7wx9KtNvOVIxgYA4yVODnJGCDnOAOfukA9E25XBJIIB/vEFe55244449cZ7qzvq/ktNreXV3vr2Kt0u1v+C1vdPp89Co0ZAUbskpt3EgDPGCeMKOcAeuMkcimNG3y4VieVzwOnfHOScDA44+hFXGBPADHGCMhckDKnnBBIOck4JIxgcANMZOW2sAADnBOcnCqQMjJA4HIAwecnFt37f8AA/r/ACVkhOLXXve728tvle+m+r1dTyyGJZTlgWIxwu09MkDjkdeQRkHqS/y1+RjjOGJycnPYHHYYwPl5O4ljkkWQpw2cgYA2sDznlgTwOT0POcHHBwAKvDKPuklgF7AHqTkgc8AAZ9PUS3vbbzXVLzf5q5Fr20u+t3d2VrXta/ne7tuVtjfMM4yBjKgMMDkFcHLYbOAV44A4xR5TYBXOMMrHBzuxwMd93IwOckDsBVwpnB5U/eJ4Jz029ucdD/8Aqpuwg78EAZIXAO0Ac9Du64HTH4EmqVtbfJPu2tO/8y9Lp2TbJalolf111V09eqtf19bFHyiWBIyRnkYUBs8gAc5yBknp1weyqmACMgFic889BnPQHj2/TFTlZM7RuXhjn7zZOTjHY84z68j3cFZ0JYHauACW5B5yAF5BBIywA+nNJ9NLX8tNlqtlr2Wq6vUuKk2utrXbs3bS90tfus7y8yrhiwyOXX5V/wBrB6ng5OOmPoG3Kak2k44bG48AgMTgHIPIGOTx+GOds+MEYDYG7nr2HAGOpJxwOeOnNNABXJxnkccZbJxx64wc+/oM0+ZaLvpsnp7r67bO13daJpbESWt23f3b3avfRtenS9rWsraERUtgkEKc4IyBgdSc8n0yBxjOOc00R5BJYE4ztwOSc8Hg5HGAQBjPXPK2SMYAJwAe4BOeCM/3R15+lQtvU7VyckDjGADj8cZJ5AwBgHk5NK710VtW79G1e3bX16u/VrlWiTTWi9HouqV3du1v+CQmMcDlWHUjJI6cEZ467fcY9sNIPBwTg8jgEknk846gZyRzj1xiZlJYnJJI5JxztCjgZPJ6ADB5GOOaiw+c45YEr6DB+UqOQMY7g49MZFW3ZKyV9L6O19ls9u976aLzXZ3Wull5ON7rT0vvv11FAA5H3jhhtBzgcc9c8nnK4DdsbqjZd4YBsElmYZ6YJGOmTnBPQDtjrhzFhtAGSADkkqGOcEggZ7nPyjuCfVcnOAMjnBHTbz0Jxwe7c47Y3YGd3fe93sltFdOvntffdqwcrT1WtuttrKXporPuvUiAIYA8kKcdwc56/QZz39ycijbhdxKBm+8AB05wfTkDGByCB0BBp+0Ennkj5vrhVIBGTjPcenXC08KASoO4BSR0zkYbAzjBye/UDgck1Wjtqu9vW2+mt1dapLW2l7mSg1olqmnfe92m1q97q6bT26bOE5Uglixxtx0yudxbv2B5O0k9BmmuMjaAAzHjLZJAI4HBOF5zk+gz3FpV5OcYAGcsOeuSpHXp0+oz1woRRk4BByFAY8AFc5PqxycZPTnoKVttNfiV9dNHo7676dHbXuDWqurqy11VtNFJXfz+T3tekR1zkAgEDHGABkDPQA7Tye2CKAqqeMsMgZVT8oKhhkd+qjA55zzwDa8td2NpKnIJ9eecnqfbGOB64w9gGZsdAwwATjjKjscgE8Ejjrkc1Tlb027u+683+Mm9ErWTG00r2TsultLpdPkk1ra/VlIhs4B4GRwMEfdJLZA5IH3ccEfUlRtIJyRk4JJzwB6AleeD7YUE84NoKcY7hmB64G7tkcY+X73PJOcgYLCoUcKOmVGcZJyGyCD3HUHjHvio51Zeq1enVdtr6tJ9rbNImMXJpJNNPS9ult737vs7a90RADOG+6oJBJwuD2POCOuDxx69jYSCoJyONxBwFHQcdOvA6c5HJ5tYGPmAxnjJ68bTye2cY6c4xzgEGcMHA5JOfufMAcA4GeN3QbeOTzzT5lfe1l2fk9rdr21f5l2imlZaWvo23a1uvW7vbe17XIQo4csTjrjJ6dR689BjtgYyDlNjA4ByBggAYyCc545AHIA6cYxwKshGByQrDGBnuTnI4BO/B59MYzzmlJIyduegGCMkjjgfU8g5GewB5TkpWtZ27/ZWnMrWvd627au6uZu+j921+ujvdafF2e946bJ3IFQnjGApGVxhmGMA8cnBzg56fdyRipFAAJwMqSR/DkY6HkAAgAD+mBUwBO0KCDjJIOeMnPzfdAIOCemOBzklWXPYhSqhu5AB4ON3Xd2OAOT3rJNtp8z6b7K7i+2urb6e9tpe7UW72ir2STu7306efTa+vZFVwM52AELgA55JYkkg5GcnJUYx3zUIDbiSmG3Kc8nAAxyOhGcnsB7HIq42TlSuNwKkjJ2kAjr0OeB14Hb1QKu5CQ2CGB3chcjjBAyM9TgD7xGPW9ne927XdlZbRV73fZt621TfVHK10vdL57X1i09r7bO2trXrfMOcHOcqB3xngfU4ycd+mAaQgnqpzz90E5GSQvBBHYcHk856GrhCkjgIVO3G7duGAc+wwevJ579kKqrgjON20jqckdCOueevbj6gTTtqt09dPdfLZ6pNqy1dlv2uhJNa3fT71rfTb4kvLa972pEMNpx3PIHQnA5wcYGSMAdCO+aUEkrgEAllJK9MAnPYgnspJUcZA4q2ykE4PUFgBgjoeCO+cHvjI456oAABlgSxBx35H/18HGCMVd+lnze635bJ7b7dL9V3JSbXVXa921rWa1uvmltbyK6ljgY4yeQcjaT0yQMjB6/3eexzKAQGwM4HKqM8E5HQnAPTPcnHc1MEOScfx7QCcjHBIXkA8en5kZNPCsR83HzBVBI6Y64HoRuHqQBzmknG6T9Fe/aPTz12033uxWfRtO93daPbXqr/AJv00qsvAIPGB2zknnOAOMdfTGPwcFdeeTlMlsHsOemOwwcdzx72AGBxkjGcEZG48kZbk5Az9T1IxS7WwSEYrtwcDpnAOSM9cHjBXnqR96k731Wiu9bbWv0t98n2vqCUmkmtNLJrR6Lo7tP0Vno9LkBDYBG7jHHc57nJ4AyeMcZ68nL9r7gDkgkckgYCnn6gjPQ/eOBxxUy5O35SCyYweQDjAGB2Iwc55JznqakAGDkE4HBz/EOOQcHk56YyDweCRKk2rNNbL3enw3S06O17bJvbUtppqytb/Pts1a/z6X1dMBjnjIRywyBkqTjPGc7QRz3AwB3qcITgAcqQMnJ6jnAHr6Y5Hv0lUFiqgHfk5we4OOBgLg9e+OeCKmVSMnbwSScYBypHXPXJAyDyCR0IORNKN7X2V73sly7tq+qTWqvfW2xNpJ+7olqtL9FZ672S3Vlo7plTy3UlQCQzk8jAxnuSPUnHpyBmnFTyMZwCeMkZOcDd7cqeePcdbZBUkkDbtUhj0AJ9WGB6Enpx2wKQ8k7gANy4APJBIBzyTt7scYx2wRlOersrr5b6dtd/Vab2sylB7OLbdmnd2sraPVrXs7O97PYqYkG7sQMAZxk44LcHb17evPu4q2Dk7uODnHLYyAOCSCpBUc9TyatHjcuOCcdeMYOMnPHbBpRhc7AASOTu5DYG3OV68MeAfTqOc+a66WXeyWtn20XZWVtfI1VrKytvrvpdW1fVN3W/VPW1qvlhQwIOcAA+hyCdo45yeR9RxmpArBsknaTnuvTqMd+euQeg/GUKM8/eC5BIPBAJOMdD1J56LnFKyHc2MsDggjo2cdMZ7jkc8+vJrTZrVLo9V0cVpZa6p9bW111KXT7rtdWk9rdd7O17PR2dnopGQpBbqG45PoBjgAgjPC9OKsod/wA2flBADcDkAA5HDDpkZ4yDznAWuN2T8g+Y4GOMnsuBnsexHcAekyMwYLsJAxxwABzwvXkYGeTkdCajrf0u3bXSPk+it2vutzWMbd29G9H/AHVu0ra2vZLZdtcv4l8fAr42tnBXwJq4PXPNs/05PTGRnr/er/On+PYQ/EjSMkAHUdRLMDlgPtTgEHPXr3HOB9P9Fr4lkf8AChPjcSoyvgXWCc88fZZOOvHQMO/0r/Ob+Pd2T8SdGwAVF5qchzjB23cp5znHr9444Oc/e+q4HnbOMQ0r2io9vsJPp027N+h87xnFTymlFtK8t29Pijpte+i2ut/Q/dz/AIJS+N9A8E+Fde1DW7tIYGv9TgiiVTJcTS/ZsxJFCuHkZycJx1J6mv1g0q28RfFtPCereLxNpfg1rLXX0fwraTNFcagFMgiu9aZCn7tto/c4Hyn5ieQfxc/4JaaLpV3ot94n1KS3tbTR/wC2bi9vdRdRp9grWxVbyQSZTfFszGxBO4Dbg4z+yfgyy8TfF/TPDem+H5L/AMH/AAwtbLWEk8YYa31/xk4eTzoNEiba1npk43I102UkjPy7Qwr+a/FG8+N8+n8L+sQjOTd0mqdOMkkuqvbqlbofv3hwlR4NyOPLe2GXLFX+F1NG9uj3dk+h02m/ELVJL3SPAnwX0qx8R67pWl39lqlyqiDwp4Lti0iSTXt2mIrm9ij3FbJWDu6gbsmodQk+Gn7OehaLrHiTV7r4i/GLxdqKyac0kX9o+ItavLu5YrpHh/Th5n9l6Zbu4VJFRGjAVmcjrlr8StO8M6S3wk/Zf8J6d4l8a2UMkPia9jyPDfhWCaV47zUPEer/ADre6iCzTCwMpmklHBHAr174Q/s+aL8MjoXifxVqTfEP4n63qP23UvG2txmWWz+1gSjSvD9tP5qadY2isI4TEiSHapLEDFfnKpqN+abinayablL4Urq9radOmux9tOcqjSj71rK+ijHSKa0tzSStfld+qfQ880/4D/Eb4z6npPjv9obUbjQvDcmvwvpfwX0W7dbKeCKUS2lz4yv42Vr+427Q9qpRUOUkDEYr728G2+n2XjR9H0i0s9L0nT9BWKy0zT4IraztVhlMKpHBCqJ91QCzAkncWJOC2R5hmhsopMuf+EjlbBO5m8stjJJJAPQjqCAPmABqz4TvrS38c6tK7pCsWmuryuyokeLs/fkY7dvruYnnOe1CnaSjpZON7eqTvs9n1frvZNxUVKTipSaer1bel9ey6NXVu+x1+nIB498XuBwBaQjHT/j334IGCPu59we2OMK9vLO38Z+ILi9vLazt7Xw7C0088qxxwr5iglmdlBG7n5SzcZArwa4/aCsJPiD410TwJp114y8RtqEdpGunox0u3MVsVka6vQDFGEYZbIKkDhum7mrf4T+K/iJ4w8S6j8UdfupoIbXTRF4c0eaS30vdNsljhumiYPcCFSEYbsMQckLxWji93otWrt3s7dN763vs3u31zU0mkkrWjHXyUItpNXfRW1XdXWvSn4u6jrPj7UdC+GGjp4puL22XSYvEkrGDQdNv41Mzb5nUi7ZY1ZhFHgtwMjAxZ8EfCWz8X+KvGusfE/ULnx/qKafE+nw3LypoumXNsQJ4LTT1KoRBcZRTMJQdoP06TWfEvws+CN/p194h1TTPDulWd9b29rZwhEu7mdLMoqWtlCDLdXT/AHQCu9ifvk7SfGfCPjb4w/FTxV4g0bwDpsvwp8J3V1M8/iTXrU/8JRqumXtz50V1pNiwB017iHmKS5DqdwYKM04z03tHrKWj3jrZJa7dFtporiklOLsm24pJLRt3SaeySSeui1Z9Ij4h/Dz4VeIkk1q/tbe+l8NPaaZ4Z0uJJ9XvZ4/3YgtNNtkzuLEDAVGAIJHU153o9z8VPi/Y68sU958IPBOkNqcj29ttm8a69Bf200srtKwxpMcnyo0EsTPhj8wwSeV8Nad8KfgjY3vjDxpqVpHqcfjC5tLzxn40vEudZukBdZYlM2/ZJLLzClrDGGO1QRmrPh/4mfFX4nSeOLH4J+Ev7G0C/a6Sb4m+OLeS1gFo9rIscujeHnC3V+hiYyQ3SOI+h+Yct34ONapXoKmuWnGcb1KqVnbl2V9b3VrK9t3qcdf2NGlVVSV6ii0qcFe0UlFN63Tv1dm3ZW2P4cPjl4Yubf4z/Fa2tFvry1tPiN4mhWWctNdzRpfuDNey4Uea+GZ2IyW6eo8rMUNtMysUgwgKxkktyrZPPTO08EZz6feH1B8WbLxLpXxN+LGjSa3FfalF8QPE1jqmoG1KPd3CXz+fdJGQGhV2JKoc7QcHpkee+EfhHdeJ9T8i1u47i4OZZ3nUuEjRXd2K87VZhj2BPAIAr+08jTp5RgZNRjfDUZOpJpRdqcNnZWurNLa+l9bv+Qc+SecY3Vz/ANqqNUoxbd1O+rb6pq/33fT72/4Ip6Hr3iX9rbV9K0HxZd+DpLnwRq32vW9NhDanHaK8fmQ2MrhkglmHSQq2MjpkY/r/APhb8KPBPg3X5L61sZtf8RvJqAuvFfic/wBraxdF03NJm4D28J3gFWghiYY4wBkfy0/8ER7OC0/bh8T6akUSvZeAtfhdo0G0yQTQoWUDByT83Hfnp1/rl0Jo4vEGoSSOFSFZ2JyM/NEwZ+cAA9eRgFR2Jx/MfiTiHHjCrFSVuSgrqyeltLro7bO68tj+iuCo24XwrSa92onzPlfM2luu1lZa/Pr/ABmfGHwfb+Lf2mv2kBqE94Zh8RPEx2QStEjkOv30jPCoMHbwAAMZxtPm2i/D3QYEmiu7OK+MOk3ex5zI+3aHyShYnAKjdnO7r0rsPi78W/C3w/8A2mf2kZ9VvHklvfiV4pS1jiXc2+SQbQQQcgnK+3uW218z6l+1BBBPeJpmiNMl1Yy2izSAIqiQON20jG4AgknvxwcGv6a4cnCOQ5VPli28DSck22/epwvdX23t1V3ufybxRQxtfiXMowU4wePqpWulZTW9rJvdb/jdHgOjWmmjxjaRx21ohl8ZWVsgMSkkHVYAoXjBEeBhT0I46V/Vd/wWj8dzeBf+Ce3gHwxHJE974vT4f26Myb2Wz063sZLlUGc4AdQygcYHTpX8kXg/XDqHjzwwJpBDG/i7TbyV2cYVn1SBtrZHJ+YAbsAk9c8H+kH/AILh+KbG5+AXwP8ADzXUN1q0ekeHb7TrFbmPi0ubPTUuZWj5LEIBhsHBPHQY/FPEanLEcRcOwUYqmpYic0mrNU1CV9o7O2t7dbH9CeH01h8hzZz1q8tGEE1dtuyd736uy++13d/n3/wWGSRf2T/2RpyHdpPCujzO5Tyx81jHnaGGQCoHA4AGOOBX8yGsRs0jMAMCUk4J+UccE5A+8eecE9jX9Sn/AAWyMh/ZR/Y7hVfs/k+BdBEiYAyz6fFtcYHIwQTzyAAe1fy46tFM4aLk4cEyDAzwO/8AdPPfJbHpwuC3FZJKKfNFYvFpcy3TrNpW2tfTz36nfxa5PNYtqzlg8LdWsr+xjsny31dtV0ejW3n9yjGZgVbGeSSxLZOOM8A9c4/hxnHBNyeySKJGjIyNpOSd/JB49COPYDvzw6aJlbBBJyCTuzggt0z1HuMjnO44wLF2WECqwI3BcnAyTgBse+PlJHPAx8wAr6aUIO7XKtkmkr2tHre1knFap2eux87GdrJx/wAO2vwrTpeztq/hb1Whf0SEG4gw5VmnUBRyQDwSR35UYz69hiu/mXyJ4olUtuQkgEEZDBhxxgluFHOTjkLmuF8OsFuYXfdiOQtuPB4AxycnIPXk5GOVxz6PaKt3fo5CZdWC7sKEYHg8cMDgHOAe3TmrpR5eV63as3LZaLfTVrZLvdWZy4mqm2tVKTSWmmvK7WV3a+1+ulmz7H/ZlaeNvEEq7pQwtoxGqYIbA6E7sFW4z930B4x9m6dot5fxXlxPNBaWkEUk13qV9MkNjpkCEl3uJnbywwUEqmc9SPWvmz4BaRZ+CvAuuePPHF9F4Z8Mzzh7fULrCXmpm3Td9m0y2b97NJMfkXYCBuBPcV5N8TPjJ42+Nss3h/w1azeDPhdZy7TAu+K71wggLc6hKpV5POBLCLdhcgECt55vUhQhg8AlPESk+erZOnQV0m209ZWekbOz3SR8+sgWJx1TH5neng4qPsqLup12uVbXVod7b6LrY7j4i/tG2emX154M+CTl7iVXs9c+JM0KtdOzfu57TQWbJhg4Ki4UBmADIQpFbX7Pvhi307xXoviK+dtS1PUnnnmub12mmacK2+4uJZcs0sjZZSWIVsKMkLj538D+EM6mtolrEbWCRYgwXyxvBwZG3Dgtnktxx61+g/wp+GXia8tLRtO0+N4ILyUf2jKPKtba32ku3nuwXai8kE59cLV4angcroVcfmVeKqS1lWrSu2201bXTZNKKSXRXWm+Nq4vMK1DLsrozdOCjCFDDxkrX5UnJp6vu5PTd9Trtf1mMXt1axMolndzLlwQDvCgqAcnJ+6e4wKifwkV0HUPEfjXWLfwR4PtoJmn1K/dEv9UyrMsOn2LFZZnmUEI6jCnBB4FR6x4v8E/DvU20Pwzp03xa+LF9cC20/T7BTdaVpVxIQqtdsgZWCOSdrEYAJ4AzX1B8JP2G/E3xX1iy+IX7VHiCe9s7aFNRs/h7pc7RaVYW0SiWGxuo42WE5ACOhXeMkZzwPzPirxEwuFUoYSf1elK8Y1XFutW2X7ik2pe9r+8n7q89z9Q4N8LcVi3HEY+m6k42mqMZWpU72t7aotPdim1FNu+jS2OX+Cnxf+Onx/8ACWjfBj4DjXfCnwX8JSPZz+LfENzcLaQSXLbb7ULaA+WtxPKRuigw4Tdnb0x+i/wa/Zo+GXwYhu9duJ08U+MJYpJNY8beJZI7q4DAF5pbY3RMdnFwxRUAwuCemT4f4s/aQ+Af7KXga/TV20zSbeS7uIfDPw+0JYxrEsVuStv51vAQ0UMgCk3E2cdSDwa/EH9pf/goZ8WPjrLdaRpV7N4A8DFmWHw/o9y8V9qNuSwjOpXkRDO7rjcqFcdMZBx+KPJ844oxVWeFpTwGX1akp1cTNuM6/PaUpNq0qsmm5WiowSvp3/fKmb5Dwlg6VPFVI4zH0qMIUsNRSlCnyRikrXtCMf5pe+11Z+wf7VX/AAUU+C3wlsLzw14OktPiP4ySRhLaWMwbRbG5Hyxm8vEzHK0D4LRKVyARntX8/vx+/a0+MP7QmoSXXjfxTdHR1OLDwvpkstpoenwqcIggjZfNYKoVmk3LuwQO1fOeo6m0xeSSXc0hLspdnklZsndK5PmO7EkliSwJJzg5rlXupJmlVAQoJ5GCFHRVzg8LgHrznoBxX6nw3wZleSUoKFN168opyxFZc7b91txXwwV7bWlo9W9/yXibjjM88qte0eHw6XJChRbjFQTslJrWXZ6tK9kti1c3MahWBQsBkogAUMOP4SACG6sGyeSSRmsOdri7kVV3Jw3yqNxORyAM8ZPGME5xkYGR6B4Q+HniXxjdQwaNp810skiI10ysLaIE8lpCCOMg7gcAcDAya+9PhN+yvZ6NqFjqniawuNeZf3kqW6ZtICi7zlypD7iFTGABg56gj6nEYvC4JRU5xg0rKDaTavHRK6SSuntfTZ6nxEKVfFTtGEmm03K2js0+9vxSW+u58M+Avgh4l8cSiT7NPp9grBnvZ0IaSM9o1YfMSMkEdcZAI6/WenfCPwN8NrCK5kiiu9WCqfPnVJZWlADMEHIXkDAGRleccA+l3niS40vVfEelWmnx6bZWt1JALcBEmgA+VIuBxgc8DJJyOgrQ074b+K/Hv2R9P025l0+Flmu9TvSLa0jjY7txuZiFMaEEOQQMA4POQ54inCk6tarCEJRTtfSV7NarRtaOyutVrqmEcNWqVPY0aUpzjK0lFNrot9klpdNJas8rfxALh0WMPBbJIYy+OcnATjaMAdMDIwcYzgn6v+Enw91DxrYapcWVpHDbx6Lc+fq9+Vt7CNzG+C0koRCMDLZYkbSeTXlOt63+z18GHlm8Sai/xK8YQjMHhLw+/m6bbXq52rd3KEodrjkYxgkADBA8H+Ifxw+PPxc0ybTdIt0+HfgKGF5Y9A0XNgZ7KFeEvJoTHJIxQLuG7BOTjk48mpPF421PAUpRi7N4ipG0Yq6a5I2jOWm11Fa6vZnrYbB4HB1I1cxrRqSjqsLRalK+luZ+8rXdtbOzv3PpvXPi38FPgZo2n2FrcR/FP4g20lxGukaOd+iW9wZCPKuZ4wySeU4A2MSSAepzXhPiXxn+0b8d44otf16TwN4Bd2+z+F9CLWFuLblwkiQlJJW2EAl3ZTzgYLY434R/D6zs9Aj1uW2jmu7ndfC4ulWSQuJSpVHcncCy5Z+Tk819H6LeGNLVLuT7OnnhZMsoCwkAsyoR0AGCfugHGMCvpMv4cSorE46VTEVuW8edppWa+GOsY90kru33+HmPEi9vLCZfCnhqbailT0dm4p80762V27vfRdL+deD/AITeEvCyG5t7B9S1GNHlnurpPPm3gDBG8EhS3zbmJx1wcDP3H+xpplx4h/aV+AUVvZtJ9m8c2tylrHl1VLKVJzMyqoAZNuRkYAByc4z5/e+JvAuj+GpbDToo5tUuY5zJdDa5lVl6zEjdGqtyBkEkkjPf6M/4Jd6naT/tmfBSK+jjlsrTV9UuwFXHmuluSqEgcKCDnuVwK83iOrUo8PZgqVFUYrD1o81kmrRSu3urK/59Ndckpe1zfBurVdbmnCTSbtHWLel7atN3667H9Fvi39q7XPDnxH8aR2kubW6025ttI0yCNkMU1k7wS3VzkjCB1JDMQTgda7bwD8Vdb8calFda3fzDS9GtNLMoicrb6pe3TJI1uqkcNGHwR1HC8DFfGms+AvGPxP8A2uvHmk6RHb23ha9tZTCqlIltdPbU5DdzSS4CxqWLhlypZSc9a/SPTfgPong/w7p+oeJ9dsNP0u3urd4rKyRozELVFijvJHRt1w7lQUQnOT6NX811p04UVZpylBc2l/e096z+FO11fTXW5+rRhOpi5K6ioTsu6skrLZJdbWWnfUxviv8AEy20e90jw5Z3CW9/qF9bXlyGIdba0LqV37ThAq4Gc8E457fzHf8ABZfx1N47/aC8ATTulxHpnhK8srcRtjMcU5BfAPy78Z5AJVh2+7+tHxj+I2kRfEzVbrSr6+ntI7prO0e4QqsyWg8wld/3Uk2cAYHJHORX893/AAUC8RXeqfGvSr+aVjL/AGHO4gJBEQnmAjVBngFSAcAKegDE/L7Hh5SdTiinVV+SNGok7prdK6S0uk9k7Xd9jzuKJKOV1KctXKrBXbV5NWley6Xbv+PZ/GpR5nti+VJtSFDMAQABgD1OcdMVtQwSG2uPLjLB0AViuSdqdyOAwwTknn5cdayoYppJ4UC/PFbBiGyxBKAsQpzkAnBHU8jknFdpZJNJp6I6EAh1UkhWL4J3Ed++3B5XcD2r+scErRjd3baWt7te557atXvv8k/wXMYOVWSV1aL2s76xWuul1ba9m09Dzw2zM3lKmWBXeuATtI5PHT1HJHPIJFex/DC9fS9YttZCF10q507VGRSMkaXfQXOTzxuMRyO+SQCCSfOUt3jvpAFeQiM7gAMjCMDkYB7Y69+BwAO48EW17LPc21ojzSXVhep9lhVmnYLG7FlUZJxjcenuO1dGfUYyynEptJTpSVk1u4pap230v699Tm4crVIZxh5KMpNVqeiu+sLOy76aLbVs/vu+FHxL0/4seEfA+tWKBoz8MvCWpSMW5Sa901GdMkfwFMZ7YznIavS5VyNozjgqF+90wcY29cDJOOcgHAFfkV+xV+1B8MPhV+y78P8AxF421WQeJNR8NR6KdBJ87U400AfZbcywEq0MVwuWV3ZRjoCcmvFfjT/wVqSe9m8LfDLS7rVddvC9tp3hzwXaSa94lvJSwRYJJbWJ47GSRiATIuBnHcZ/g/FYLGf2jjcNh8POo6eJrQjJQcYKPtLXcr8rSuvevtva13/dOFhQlgcHiKtenRpyw9GT55e+5Spxc0ofHJ3drWvffVXf7R+JfF/hTwhbS3vifxBpehwwrudby5RZnUZwFhyHfuASFP3fWvzu+PP/AAUy+D/wqtL8aPeabdT20Uoj1XW7qKxtWcDgW9oxMt2dwBQLyx6dMH8/tA/Zm/4KZftl3Sare2Ef7OXgLUXV5te8bXD3Xi57OX52caRJghnRsptAALHv1++Pgl/wRO/Zc8AXNp4n+Oer+If2g/GUbi4uZPFt3Kvhn7YCH3Welh12LvHyK24AHBFdVDK8LQcZ5rj4uV1fD4W1Wa2upTj7sW2tbt21ujmq46N3DAYeVaX2atdOFNNcuqp2Upa/zWul5o/InxL/AMFBv2qv2o7zV/D/AMAfBvxJ+I8VzZalbTHw3pt7pXhPTLVYpDO93PJEFePyVbLCRg65zjJJ/BXWPiJ8RbrXdZ0e5stO8JX2napqNtq9tHErzR6pHO63qmTALSCXdl25JLcg8n/Sz8P+CPAnw68G6zo/w+8HeHvBmj2fhnWYrey0DSrSwGyLTbhY/Mmt4o5pvlwMySOzDrz0/wA2b4tR/afjF8UZ02fvfH/iJv3YC5J1GZvmznoFxzgH73uP6W+j5RynN+IMdg6OGlSpYejTnf2ko1KrlLeck1dXvZJLrvqfzv49Y/Nsr4bhjVWpOu5zjGDpU5U4XjFtwjKNtErpWb1b0e/DS6Tr+qSmfVfF+qTrKx3QQyNEjbuuFBAJJ4BPq3WuA+Ivgy1h8PxyxG6a5Fzh5bq4lkeQEjHyl++eQq5HY17DAZ5pFQR/MFJYjjBXJznjcflHTvnI+Y1ynj6O4u9AAkVgY7kDexGSM9hkgBWHQgnHTJr+zcx4eymjga0aODgpezbc5RcnePJ1lrfqlo3Z27r+Gsq4u4gxWbYT2+YVZQ9ooujTahTd2lZxhZfCrr3dXrrpf5PGgW0bFnSMOuAQyHJJIO4ZIyCvzAE45PzHiuktdGtHBMqRF9hKnaFUDnGSMj09DjgnnmSdWaYxEnIBDd+QQRu7nhVz7AZwQSX24nd1iJYg7jglUwO3vtxnkqeQM9iPzjD4XC4eq06MWtbXjfW6vvpe6ut9fmfsUsVi8RQU/bSva95N6y9121v1VtPLdO5s2VjaxGMNEigKSWRAqsQBwx6kZGOe3GMAV5hqVlFD4hkk2rh5d+OVwr5CkDIzt5ztHfPGOPYLe2b7MHfeXiK/Ihz8uSSFHOTzj0J47CvMtVhlPiJwUZ2LrtXZn5QgIQ9WI5I56cYyAMcmeRhGGH5IKKdRXtGzV1C99NHuuj16m/DtepLEYqNSTm1TSs3fR8nW26bdtU+tnYrXUaRzLHGxZNoJbcAAVZmyfcE5yehHty2HZGHLHADgA7gSBnIyQCWB+Xnk84rtLvwX4jSzi1OTTLhLK4zsuPKfy4+hRSccBhz0HBO32ZZ+FL+4IT7NPOzlQgihdj6YJAOM56HBAHUY5xwqbk7RT0vdtJpWV2nok9tlsrc11c9CvUpO7fMpN6NJryWm7XyvfcxYrmMBcvJgruBUKckcnIOecdwcA89SBXQaTrj2Nyk0aMxVCFzgEZBIJzkEYz82ATjB6gHr9O+F/iG9ZVg0K+kCnBM6FByBjDdwATycflwfQLH4M67JNBb3VvYWKyBf+PmdFIBwMqSfwIPGSfmHSvRoV6dO6nVhTaXfRttaJvqrPu9L9meVXw8qrTp4apWu42SjJp3asld6Xtd7abLU8mk1y+vVmnjjjV0JwqKM/eJzwfmOQQ2ep6g8VUvLXU2t4r+SJlinJaRtoBJztXcv8PJwp4ycZ5GB9LW/wRtbdzBf69YW8LIN32dDMyEHPzsGGVIzjPTJAzkkdafhr4Gj0+NdS1XUb3ywsZWAeTE8SkAlC7KFY/eBJ5IJxwKHmeX04uNXFwu9uWa1fup6b9bWldbWBZJmNSUZUsHOmlo+b3YtOyaXNrour6Loj46khP8AZ7RJvjbKSSgn7x+8M9MhcduoJ/DCt7aWSTcu9wGcZWJ3OCOVUBfUZPpz6mvu+30X4QaCpY6bBeBdrD+1b2MtkDBVkUg4YjHIPGF57Fn438CWtw0OlaDoabWKxxWemtdSCTIAAYKcsB1JB5z14J4a/EOV03D3/aSikkrav4UrXTS0u7O2j7ux6WG4WzKUZKXs6aqWavuvh6W7622000bZ8HNoGsX/AIhsYLTS72VisYHl2spLJ0BGcAHJ4O4gcenP0BF8MfFzWAS30S7XfGmTcLtOcEkgMfUHAHGAOAQCPdbfxbf3WtTXOk+Ctf1aExiFRZaclqIZeDkOYQUQEZUHGQTznpsTaV8afE5E+n+DLzT0Vdqtqt6qBYzhQQihCCOM7skeucY8ahxFGjVq1KFGU1Uk2m1ZtXjZaJrVfn23+hlwz7bDUaVetyujDlfIkr2tfVvba3/DniPhz4S62J4V1uO102ORkk33EigBVOcspbOOOMcA5zngn22x+H/hCEeReeJl3DmSKxTeSOMBCD3xjGSQB6EZ0LT4CfFzWpY7i/1rTNIdf4B5lw0eV+YJ85XeAeDtxnGORXWaf+yjqt0Vudd+IWoSvndJHYwmBWBPTIGQcEcn04Gea9mlxvmVCi44bDwp3fxP4mtLtu6euutumqbPKn4eZRiJOeKq1a7WsYuXLFL3dfP1XRW6HE/2R8KNDeSPVptRuEdSBJJdx28fC9GzltvAz1ycL1xWbeeMvgFpSBE0C0uyImEksk7XmXzkPsjA3MAAcAcd88ivcLT9k7wBb3lsuoXOqawHDsft15IUkkGSRsL4GccAdSBx2Holn8BvhdoyxJbeF9KeVVwJJIhO6kE8EEHkDqSR0PPSvOxXFnEGNpuM8U4xk/hTa0ulZrrr6rzuenguEMgwDUqOBpc0LWm4qck3bq7tu+z0tfR6pnxyPjP4Ks0iTw34QiviVKwiHRHmxuJAIzExYAHJJHXGR92li+IvxE1EMPD/AMO9YjBJ8iX7DHaR7T1IPkjC5Gcj5i3BNfedt4P8OaZHGLLRtNiMagr5FjCu7coxtYx8EZGeRye/U6bW9hbJGZQEWRcbcpEse48q23bgc4PTHOTg4rxZ1MZVknVxEndqy1aV7bNvdXd7Lfv0+ip4fC00uWjCFu0Yq+2mi07demvQ+BLXSf2gtflRl0ez0xHLEy31yTJGrH7wEe0AjAOBjBz64GpH8Dvitr2sW9h4g8dfYjHbG7V7FTJ5MbY+VCzFgTtODuOBnkV9hXuueHdLd2uNZ0+yjXfxJcR7yABkMxYqAcsMYI6jLV5TqXxk8A6B4ru7i48Xae0Q0uFSElRwHBbdFHg/n/8AWIrnlRWjqSqTTa1crLRxta7S01t1XTubp0opqEIxdrtpq97x/wCHs18jkbH9lTSLh1fXPGPiXVmG3zUjupIYmJOWDAYweD2OAeAcc9dZ/sx/C6wn3zaFPqjMVUPe3TTbuTnOHII6gkqM8EiuW1b9rf4WaWkzQ6vPdAkK0cCD5iSNx3c4/Edyc1wGp/t0eAbHZ/ZmiahdyhcrI8uxBJ1IYPuycjB49j046YU6EdW4KyvzNpvZNL4nfe3V302uyZVLW0Sd1q7qydurW/52aPqnTfhL8NtDdTZ+D9Dt41YKxa3WZxtAxneSSRgnHUhhncOvqWmabo2nRRNp+lWVoEG6I2tpAu5E5CjCZUHPU+p5GRn8q/EH7fOskSjRvDlnBvfcWnYSFAOQwX16Ag9OcMMV5Pqv7avxX1KMpa38WnIN2yO3i2sivnABHQgEkcPk4IIHTN4jCqO6etkoq7s3Faprsk+9ne60ulNp6tp301i3rZ23dr2/Q/bibVrSOHcHYSTl1aOWVYolbIH3iVDYI4wAey4GDXE6p410TTIZXudb0bTjGuJjcX0OSuSM7SxJwMg9CMe4r8HdZ/aB+KmuI0V54n1XyixKqs5iwzL94bAGBOT0PP0rzm+8YeJNT3i81i7nYglvMuZ5WYE5Od0nU9+mMnOASDlPF0oa04yk/ONt7J69+um+3RoqFTm3utbXbXSyV7vqv1S1P3Q1L47/AAz0lJnm8a6aZgGDCCZJiSRwi7DjBA4OfT0GfDvEf7Yvw8spDHBc6hqkkbBXijiZI5QBjk4Ix0UcnK89yF/HttRljVyLl23YUhTuUHIAJU7iMMex449waD3ZYgtI2STyTywyecfTnuTjngZrmnjasr2jy7dW1ZWdmtF0u737bMTaumnZWTaclrotldq2i01t1vofp5q37cWl2yXsGm+Gp91xavbQyS3JCoZVIYlWzuwT2OTz3bB8kv8A9trx61nDp+k2un6fHDF5O8KJHdgRgsQTtbtjOTkEEDhviIPHIys5GzGeSd5JGdxy3IGeAO3Qd6yJJ5ElkWJVcBgEIB3ANyPU89/m7noGOed1a05x5tOzSV7q2yV7Xst2o+SZd46vS1vJ20jbS9na67W1+f1HrP7Tfxa1XzI28TX0STMPktiYQo2gAKeSdo/pzwQfPb/4oeNNSyL/AF7VrkljuWS9mGSSMNtDYAywORjHQdzXkkR1KXaUhm4IACxkHnIXcSOjYwOh5znk11On+FvEt7JE8Vjcs8nCgKSSo64CjAAJ64LducDG0frVR2pqq9Ol9NtHp5Lbq7d75zr0oL3ppaW3SSvy66Xenp1dnojSfWtUujJ9ou5pMqdzSyysQep3BnJ3ZJbO3DEE8n5aozXirtV7lC5TIwN2Dk5bOCT3JPIBwOtei6f8HPFl8xa5WPT90JkV7iQfcwRgjGe4PQjp7E1JfhS9qryXurxrtYRlEO8t1w2V9QQcLkkL04Bq6eV42rq4S3unJ2t8L16O6Z5tbOMHSbTrQu7ta3btyt6Ja9PNv5nl817EHO+Z2G0/dwBk4A6djgYX3xyTWdNepn5I+QMqWJAYZ4GCcFucA49eMYI9uk+HPhuwFo8l3NfPPsVwrFFVWyCQcg9SAf8Ae6dcMuvDehWN06LYIVH+r80kl1YH5uuF578c456Gtv7HrpP2to2ttZq7tp08zm/tzCysoPma10j00bu3dNq70t5eZ4bC93OwWNNrFskIm4uAR6Zz0GWwSR8uBtJXTi0LXJFUvb3KqxO0FWUcj5WOQOgAPpgcnB49g02GwjuIxFaQogLHkKMsMnAJXjsMk5OSQMk1r6hdpiJYwwRAyMcDGcHIB25I54xkkdjkCuqjkkHHmdS/8yWiTvF2vf7kuu2xzVOIeVtQp2slaU9E1eK1aWmj0vfvrueDXehX1pbtPPgqpG7YxyCxGCx5Awc7jjgno3OPWfhZ8DfGPxMtp9Q0O0iGnWsqwXF1cPsVJCQpCKMZyecZH3e+cLla4gl0+6TOEGMhhncQQSdwxgY6kH5QR2Ir9If2PNPZfhfcpFEhSXVHaSQMoO4YYAkdx6HnBwDyoqsHleHnmtPD1E/ZShd2bTb0snpfutbrXXdhis1xEcpr4umo+0hy8qtpytxTdnbbV6a6La1jznwf+xt4bs4RJ4p1e41O5BUta2Q8lU5GVJYncBzyCCflHTFe7+H/ANmr4S6SsjDwsL5iVCi+bzCgG48LxjIwCAeDjJGcn3KGxkkd5v3anzApROGKqcByxB7Z7cnHOTXRJZuwIIdeivK+Ru7gjjuOoOQe/wAuBX6PQy/LsLSVOlhqellzOmm7vlaTk7NNWV76Ws9tF+Y4jOs1xNTmljKkIt25Yvkik0vi5bNaS+Wj3PM7fwH4J0Kzkk03wjo9n5EY2OlrGZFOecb1YkHHzck8buT8x63Rrh44oxEsQUFyi2sKRBAFBGdig8dx0684C1r6tYMthNIgcbUDEABhJzk8juA2W6/hnNZ3h+xkjgWVnYo8jggcsQR93acngc57gN1xmvTpVKdKKShGEYqytFLpHpvZN3bVtk1qmzzZqtUjOU61Wo3J35nOWtk7NPW1tuiexrIZ2kV5JJZFcMx3SFSP9kjvjt1wcZGeaqzopIkjTY6qeOW3k55A6Z6DB6HbjP8ADuxWe+QEsNqbgFb5WYY+8eSOD1xk8d+QB4oUdGO9whYMSF2LnlcMAdxGOCMnPRu9Dx9CC96pCK6J27xvr0v92i078VPB1J3apTk27JtS8ltur9XvvbYwEgdnQtEQxUsW4AYk5IwOmccjHHarf2fYAZBtDKQYwQBhSGOFwCdwIGMYX64FarfZLd1lLrHtUlzJMisA390E5JI5OevGOxrPude8N2yNLe6xptuI2KgtdR5ABUkEAjnJww59OD97mlm+Fgo/vqcLX1copPWOmju+2urd7vQ6aeTYyraNPC1Zq6taLV9ejbemnXe/dpmdrVs8Wi6rIArF9Ovn2YZii+Q6ruLEAEHI/QnHX5K/YpIn1X4rFlBB1Bzhj8pPntgA8EfMc7h8pPQAV7540+MPw+0zQ9XhPiK2nnks7q2VYCsnmSywssaKQTgs7KSQTjkHpivjv9mr4reGPhdN45udfuXMmuXzS2dtbRbz5Zk8zLtwACCT/EQeoNePic7wEsdhKlSspxoupzcl5L3opR1V76tK1/K6Z9Lg+HczWV47Dww3s5Yh01GNRpN2cbtt+S69G7dz9TDbJkJGp+dEVxIp25IBXJwMn5uny4GMnnNbFrbKttPHJESwcRs5HyY44zgbgVAJ/u5PcHPxXqP7ZXhaBki0jQpLskqwSSXzC7ABeML1BGcE4C8DkCuauf2tfHmpiSLw34QkeOckoi6bPKVwcht/yqxPVQvOF5yeBvW4jwkvdo0q9Vu3uxhNJu8Xa7itvz0empwYfgzGQ/3jEYSlFpc3NWg2mrWdld3WmmibvdaH3nLp8BEmIGMSEEtGvzkEDADY5GcDPdeuQcFFt2XyiFHkou4rKUQYySc7mA+ViR2GMDAzX58t8Vv2mvEhCWOhajYW8gCJ5dobUKpXIBaRWGOeSRnpwVFUW8E/tO+JA51HVG0+CVgwNzqQjGwnphNpA55wygqD3AFZ/wBt46qlGhleJnflXNUi4JN8u7d76vy6q2ia2XC2XUmpYjN8PDRKXs7X3j15r3trp0/D9BL3W9HtFeO81XTLB4wQrXN3ECAASGXk9ACTkn9eOH1L4y/DjSY5ReeMdKeaDCmKCRJySDuJTbjJJXjJxzz3r41g/ZX+I+qSi48RfESCFHYGRUkuLp13AEgMJSPkBwOCCcEdMV1Gn/sc+HFkd9b8W6rqXzbm+zo0PzEqMguTkEk8sMk5KkbaSnn2IUUsNQw99FKU1dJuL1Sld7W1VrnTDB8K4Ze/jMRiGkrxpqyduV2s15X1el9Nbnq+qftX/CvTZ1MeoXl8FOTHBblUMijH8XBGTgHpj68cFqf7aXhmFpm0vQJZpCp2iaf/AFpJG3MYUgLgnoQfU8Cuo0v9lv4S6a6JNpF5qThwfMvpmZSw+bBUFflbJyc56ZxnNeoaV8IPhnpUg/s/wToqFQSsskQn24X5VO7duJzwQAFAAB64pZdms+X22NhSTcU1CLd3daptJa3fdL0sCzHhuhZ4fL6tV33qSSvKyWzb2Xle17NnyVfftifEDVLWePw74bjhkkykBhsJ7mZCCSgjZUC7tuDnB9AABtPzT4h8YfFbxf8AEfS/EFxb6k3jxIEXSLU2pt7oRxAhPKjKlmOMgHAzjrk4r9hrbQtGsIlS10nSrYkBWW3sLdSpGNuP3eTtXPTk4OOtfHfieGOP9snwEnyonk2UbBYlVMiN+dijBfB4GMHJHfJ48VlE6XsJTx1epKWIpQdo2s5SSjJJtrRNcuz3tZanbgs/ozlXjQy6jR9nhqtV2XM2oKN42STas7PVt2630534kfCvVdX1O1m0U28sdvGYRFcFkaULzwGIDE8HPXOeDkmvHdS8B61apNHqvhS7HkqsaXNipO4g/eyucjkdNxyM8k4P6r/8IrouvavPDe6lHoiwKnloZIkxG3SSNmA2kcDnIwVDHpTdV+Ct3Htay8Rabq8F0PMt4ri6i3RqpBykyHyi4IyqnjIPfIPz9LFQkuZqUW0mr7PRKze+/Zd210PZdWVKfJJxlHmcJfZXu2S5rNtW6PvfXW5+KAgNj4s0+BxNE8V0hMNwhWWNWycOpCkbfU4B55AIx9H/ABI8q7+HXgkOA6rcXYKkjjIPbJOGHYgjA7AnPm3xi0+ez+ON3p0mwyWl1FAdihdzLkEsAApYMeGAycgAg5NfRVl8Nx468GaDDLeXdr9gu7yAGCFpFDkAhnCAgckKMkZ7jBbHiyxMIYqpOq4qL0u1eyvBLTTdt9dbtWPqacf9ihJWs+VPaXK2o632e/T5anxPcaValnwphyxYNu6k47cYH0OcZPQHFR9PS2tr3bJ5gaHGDj178Z6kdecdB0r6m1r9nbxLZQyXVlqdnqEaSFRBIBbyhckgHzcZJHUjngk8HjxTxd4Q8SeFY549Y0S4tLecIiXagyWruSCEEyjBb2DdTk46nR1MLVTlHlba2tZttLps9X1OWNSXOlG26VkndJqNrq1m9tNNH03X03+zroi6p8L/AIj2hBV5dOSNWP8AAWU/VcDO71yMjPAHi8XwavZ554I7i0gSFhmWV9qyAsTwCeoORjjcc4AJxX0R+zdqFrpfgfxo945hguIba23eXn53+VVb1AI4PQY55r0vw14bstYuJrjULWK6ijVhFFayqreYih4JpMMAxON2CN2MgjkGuOKTkkovS0dHa/up20vqr3d1fX0PUqKKjDmk+ZpdfJK219NNfJ2T6fEmrfDGz0LwnrOr6jKZ9QtZEW3WI4ijXLIJGUnOW6A9Mc5HFd3+y8obxLYRybcNbX8rOPv5MLLtIBHHA5JOOozgGut+Nt6G8OeJba1sBZxQ3drbyOCp3GMqRjABxxzydpGepArl/wBmJVXxLaOTtAjv0yVJP+ocnk8ZyeR05DdubxK5adJtNXV1a60utm1e+/ztoThmuaXLJySfvXi7a2STuktXdvfbe2p5X4ottas/Ees/u7lLeXWL5oXaPfEy+c5AXAJ77TnGcE4PDVzz38KMWu7aCQncu8IYmBKgsQxwDjglQB7Z4x7d8RdXhXTL1IRImpR6vfpFJsAUxCaQMAM56HILHOFPODg+BSTyzxlpVSUOpAUAAkhdpOCAQSc8f7WTzwfNq0eWzjUlqlJxu9G0rK+ummu33nape0STTVtVo2k9ErO+su+7V/u+lP2d/EGm2Ou6vdmdfMtoobiGKclUYRupaMMcDnGAMlm5IPr/AF7/ALK/7bvifwl8GvAPgbwL8SfhZqdtpWnPq2p+D9Vt9mv2lxdHzFtUUzRmcjd8pCndnkknn+I/4cyFNYvdqmNo4oyuzjPzjrk7c9snqeewr6J+NV9qmheL9N1Tw/eXmjzN4a0SWV9NnuLSZpBaxbpS8EiM2W5J7ljwQTX4t4peEmE8S8Dh8LicVLDPDVnVg/ZQrQcmrWlGXLKztrbtqj7jhbimPD3OqmBp4ulV5eeM37q5Wnzq6eq2V76q+l7n9dv7QH/BSb9rv4c6fo/i7R9O+H76Ff3UtmZbK3dr62PzBEksfPaUlThR0D8Y61/P9+078XfiR8efjJbfET4xWsWkeJ9dW0VInsZNOMmlR3UQtZ4bSU58meI7hIBhlbIOen59+Ff2ifiTpEyw6x4lv/Emmq4lXS9cvbu5ty6kOrgPIzBlKqQQcgkhu4r2r4mftaT/ALQniH4f3PijQrbSNc8KaFD4fjfSFH2O4srR1FpNMQDI8yKo3MXwM4OVG2vzjgrwLnwFmX1jD4XL8TOth8TSqZhh6c6WJipxiqcfZznPR6X5Wtlpsfb5hxtk+a4NU6WG+pVPa0/3fLFKSTjduUUrrqlZb72Vz+9r4SfBj9gn40/s8fCfQfHVj8PrvxJB8NvD0V3qCXFvp2qwXSWUYnPmo8e+bzDnM27DnJyMGvxK/wCCmH/BPv4d/AhtP+Ifwuv4dT8B3ixPHFPqENxf2120yhFRomAktjlQCFwB1YAkjwTT9C8S+PtD+G9j8Gfibpi2tn8NBqPiqG78Q2MVxZavFbK7wfZInS5iII2IrH5TtJBBIPzD8VPiN+0/Y+C9J8PeK9e1HU/D1/cPpOnQajfR6lZTxW9yPOe2nZXMMnyZVGLPtJCkEDH4xgOFuLMs4tcqWdwpUoY+s8RhKn1iCrUZVG7TjKUqbmou8ZKMWmm76tHtUaGXxw31r29bE06sFP2M/Z1FTk4xaVN354Wbtpp/dVnf8qfGcZs/jfexG12n/hI9Ll2ZBwHK4Gc4OOx5yeT3Nfvd+wd8P/GGqx+IvFvg3xRrfhibw/49s7aIafarfw3Wr34VbP7TbFTut4nJ3nBUAntgn8EPHs07/Gu6mkw8zX+kTyqr7gsscsSlVYZ+UHPQjGQp4wK/os/4JufBvx78ZrrxtpPh34g2ngXSdH8Q2+q6raQ6kLDW9RnitjPbTadJJIsEZiaNQ7TIy4ckZORX7v4uVpUfD5SnVo004YJOdan7SndzppJwSad3rtu9NXd/N8Kwof25iZy92LdVrmTvZtWjLe6ls/u10Pvb4o+Dv2+tb+wN4ovE8eaJ8PtbkubS90zQ2u1e4nj/AHVnLBGrJL5CyASED92cjg4Ffi/8bfht4/0b45+Hbz4oaBc6T4l1nUL66MNxYS2Ja1lBMMsEco5hI5XYQqsD16V+737Ff7dPxF+FHiH4l/Cf4yeAPiF8TdIi+KNzonhrxxpNt/a9jE0kvlS21zPZL5d7OURTmJjtCsMjOT8x/wDBWf40+APiN8fPgvaeDLq7e+0aG+sNdGq6M2mXNlK7R7LFjKivK0JcqyksUIPA+av558KMZj8DxplmGdDAzdb2ixFXBQVvZug6tKqpQbjaSUVKnJRnG1rK139Ln9OsqWKwksI6dB0lPD4mMk4S5XFOLpJXV23Z3S0atbb8xdE1P4v+EfA2tal4MvtNj8OaXreujUtM1FonaUJsy8ELKZXJBxhDkLjpglvFfEnjGXxjplrceL/A+mX4ubKZ5NR0xlie32B2EcsexmAfncrBiuSRycV+zf7Ov7Cfi348fBjx74p8BeLrVfGPhzxrr7WPhfUY410/U7WeCFjDM8pKI7ZIi3gKSeAeh+IPjX+yJ8TPBtzaQeLNMv8ARLvTdJvbrU7Sy06WKBFjSVmnZ0xHLaEqdswUDBxwvX9shxfltHijNMvxVSOHrxxzjTk3KnOd3D3Y3aUtZWdm73vpex8rWymtXw1Grh5QqunSi5wTXNTT5Ftdtxajd2XKmnq9Ufz76np1nY+NY7rT7T7Pb3+qX0kMW4ttSIkIhAJ4XnjOBngcLX0J4z0qCLwj4eu5ViuA1qzSRSjcYzJu+UBs88Ek4GQPpXjXiW0+y+KdJCTFmGq6oqMCCpVZmAcDkAHupHBPPVQfZfHTj/hE9DCylXSCJnViCzYYnaF3Y+9ksvAOMYPFf0bhsQ55PSqqUpKUU4ybet4RtZ63b69LL1v8hUpcmPlGavJR1itFqoe9fVPVt2fS1nrdfJmoWEwmmltrZFAY7bYwNkjcTvXPXAzgZ6H2NeifDBZV1i2jMSRFL+0kwoJCF5BxtBGSScnHOT0OMlkk1pcxy3ci4ljZPnV1yADgnbg53DkjGRuBGO2n8OER/ErbS7Dzo5QpXG3Y6sBjPGQFyRznnq3Kw1eXM5NyVk7d2tLWvvouitdLoGJpcsXyybavZXdlpZb77PqtemzOx+ONpNdeOJZDFcxFbO1USeUyxSE4Jw+3a2B2zwSSc4wfJ4tKnUguiTFhvUq2SFUknIyCMHlsgbdpJzX7O+GdR8FRaTZ6X4l0rQtRSe0hvZTqtjHM5VolUxLckB1GF4+YgA7sHbgxeO/hH+zF4p8G3WrWGgjwp4ig06+u4brQb0GKW9t4nlijkgaRtqSMqqQq8kgc5Ir4Wt4hYWjmdXL8TgsTBwxHsYVqajOEryUVKSTXLZ6vdq+mqPcoZLVlhadWFan70Iz5WtUnGL81fVJrSy9T87/2ZVeL4h2MpQoBcqGXvgYO4YPTAPbPQZBNY3xcu1b4i+LwjMN2rzEbhgEqx4AxnscZBwcBj3PpP7OWiM3xBtL0XDCH+1JrbbIu19sJ4bAAGSAMqQMjByeoxfjF4Sv7Px14pvLjTdRitptWmmt7yW2lS3mjZmO6KTyyki8jlcBTznB3V9ZUzDC+zpzqVYU3N3inNRbclHpo73lrZaa36HBh8POOLmlF/wANXdm0mpJO0ltte3yvszymygV4iRIRvhO4ggkuAcgjOScYGMBsAlSWNfWHwPtTD4b1uVmJEulXewqGyWUOdvuSxz06Z9Wz8pWsRRZCsylQWPTJD9ApG3IbGTz2AwcHJ+uPhDFJ/wAIpqUgRiU0i9kJyB82x14UcKNoPbPBH0ihV9pKfJJNOD5bO6fwrdWWu/XfY7MVTsqPKlrUjF3S0TlFvXq3a+19b3948Ev1T7VIQTvfeSBltx3Y2kZ5wOq5HqDkZr2f4Y6NDd6hp0sjwNuz+4VgrJtPAOScngcj5T354PzvqF2y3burMr7nwpcgD5zknoQTzgZwPTiva/hdeNDq2m+YWbJDMQQFI3DGAPmADY7gEYHrj57ME4QnUjJppO63dm0rpeaWyVuulj6PCJ81CNnvBXvovegu9urW35M/Yr4E5W88Gx72Bj1vTl9FA+32+AuOmGx/F79Miv7dvDQb/hEfCTE/8y3pHLc5zZx9ugHBPbv2xX8O3wSvvOvvBhU8/wDCTaYqnhQ226iIAAPIAVfUZPPGRX9w/hQ7vBfg5lOc+GdGLH1zZR88ZJXjv+Vfnqm08btKzpt3s03eztqtfe3f/De1ximsHkkbbOqul/gp2+/uau8AFiBwSRjvgjAOM5OM9BySx5GBTWkBxkEsMckE7Q3UgDn06kkfMBxnCEBTkEED5j90djgY746rlgSM8nAw0gA4U56Md3LZwQAW4Oeudv04PFeTVmnK6Su9E2tLK29tddn6LVI+Npwa5byWu21vs6tt/q9V8h2SynBKgj5ienDdwcD5snuOD7UKmW6Ebslc5zwOMN0yBgkjHHynnimrlsjJ4HHpyfmxwfxxzxjB5qRGAIDHJHQDpweOeSccHJJxxmuFvlldxvdp6a3fu6W07Kz2aVmluaOnZ6Pme/uvTW27vbZLTZ69riqnJIXAUZJ6HP8ADnocEBvUY9TkCZZMEg43nOOcZHHOeOo688gDBOTTU2jJLbVbBUg7sAHJ9gDuIyvB54yMFAVyV3ZY7QDgHJ7NnpuOQfQFR3rojP3fXbRW6bXacfk+ut9bZctpSTv06emt3e9rbdrblndkHAXk/Mmep6gEEngHPJP1AxinndnoRuwBknGck4JOT/dB6cjJz3gXaoADYAzkr65we4/MdAeexqUPwuRkY3fiD04wMHOOhOBgdONU07atJa6b3uu107Pv9na6uQ43e+vndJLRLS1t+q/LaRVPPAZvY8DHOcZx9ceuQM5yjYJBI3EAYz1ztz6Z4xge46DFMd9yscYAUHhcZySe3OSCd3BHA9sIZAecckdTjdycjB45+XgZ54zg5Fb05XvtZXTv8rLRa+a1SavbSyxqWjG9k9Ve199Lu92kmk9W7Xs2P3bgRgA7s9eR68Ec/MMc87s1IoPOSBu2nGOoGRjlsc9R6E5BIxUcW1lORh+vUdcg4P3eQME53dfpifAdgAeMfMuTgkhQcHOCezZ7jg5rTm0umopO2mre3K7O19UtXtouyeCmrqNraata6WStvrbvrpo7K1npggnKs3Q5+bA9sEDGOG7EZBOaCpABGPmOM5BGBzgYI7r8oOB0C7uTSgAEBRkluc5wFGDzj5dowevYenFPwMcEE/eBYY6Z+XHTgjgA88c+lRk009Nl5W+G6SV7X0et29tG7uW5Nq17e6mvRq1ld2SvfWysmlvcgI24GCCQdrdeMjJHBGSABjB5/ECVMYVjwSMjjng47jHPbOMZzio3w+MjdyMkHocgAgDtjOR24JqccEbQDxkljgDJyeTknd354IJ9a6E7/ZvF6O63bu2r37a210v5J3zNJe7Z33a0tp321VvO21mrtC5OSfvZySCSMYIwQMAnaD+HTGKkZAchW+vGW6Acj6ZyenJ6AgU9VwST024I7Y5yBg52nnBzwcZx2cCFI+YkbecYz7Lj29evqCTxcUvdXnFeVk07NWb6LTXp2MpPXT+69Nr3Tv8Aht3Sv2K6w7cK7FhgEYGcA5ODn0G4jnJU4AJyKlWJfu7sgD5QB930JGMcjO3/AAxmZFBYlsZK7VHHy7QQGByckepB9wMEGQKrPwucDrnI7fgfQjnHPIrupUo21a69N3ZeTbj1a6tXu7q3M6rk3d66W6e67NaX31d7N9UtiARKRncCeM5yM56DIwQeg3D0PTIwhi6fMAAMEY6jk564z0znOcZ5qwVIDfIACRyeuDwTkcck4OOR2zxSlMlehyc5JIIHBPfkEgcg54GTjBroVJNKy0tdWvZK6W60Xl5LW1rjvzL4nvrr5JbJX++7101VyPaFBJ+fBB29uT14/H5SBxn6h2eg7D6f/r9cduee1PK5IAG7jp9057Mcd+2M/wAR7cF6hicYwMHt/F3G7IAI55HUgjvgaxpxvypaO+ut21y6q99N9+VX3voZuybabvpe7b7Lr5O3xbPpfSEE88HBUhs85x0GeOABnp0AJ6AB65P8XPBJ4weg2jjqMj+o9Zdu3IC4HGAcYB55JHXGcfLgDgEGnBTsBCgE45Gcnp078gk7sknPetlBpWstdVuktt1320v0bVmwU1o77patO7216vve+ibI2JBHUqvGcgDJ6/exjp2GT3HFAwSNzABSwwOpOB06kj1A7gfeBOFYbicjnbgjnOOi559jgnueoqMqeDtznhgRjLHHAyODnn8OBzVxaW6SvpdO7b0/Dd7Jq8ddB8ytpq29O6Xu6ab7vu/WxYC4feSORnk/Ng528+nIznnj8TYRUUEjg5HzdOQoGe3YAYGOntk1D90bV79BySeDgA55yRwfl446czYbHJOQRnjjAwAOP846966ItXSsrW6PyWz1X9XM3Ub01a0bfMk3dJX3a1vsr3afnbxT9pWES/AD4yxIRvl+HfiJdx5XJsJs5/EkHHJAHORX8GugxeIbJXjtTpNxGLm/mBkkEcqu13IBGSWDZGRuGDjtnk1/eH+0w5H7PnxokG7C/DvxKwxxj/iXy5wB2wDzjJxz/FX8DWm67o2mGSW+kuY3YXhhCoZUaQ3c2/IXPYqBnqQCT68+B5o8T4Rxs4/Uat4u7s/aJaLaN118m+7Pscs5P9UM6i5azzLDpJP+WjHVq2tlqtmvmeja1pvjHWrrTLOLTNGuTb26u0kFwHUZGSS6n5ioI3AE4O4AhjXkviHwn400nVrW7mstIl8tg1r5N0itGGfG2XJI55zngZzzzXol78YPDulWsN1GLqKeGy2jyLd1DMRjkEHqep+hwK8X1H4pWWp3Pn+XqE0kwRlQxSFCRJv2AAdyQOOD355r9Mw9acXaUtJ215bbWSUfTz+d2z4yrSja8YXaSSvdO2nndLZtt2WmttD6r8P+JPE3gOOGZvCejanp95pt0LpjqKLGss1tk/KCC7/NjA5yMY7Vl6d8W/i21kmnWXhPwzaaVDBcCzeSV2aOKZ5GXAWQnI3jA/IVj+H/ABxoupQaZpd7p2o3DtG6pB9ifBlaEbUYkfN6AjI68nNTahrGnRXBs7KC+S4WArJAYSBFtZiVfIIXAyFAPXHoM+pl9OOIVRTlNRdRJJScb2tpZO1kk7W/zv5mLqOnOkowhG8dbXclzJcyTvtrou+6et/L/ih8Vfiaf2aviL8Orybw5F4YiVdSuY4IJxqct1/aDXRTzzIU8tGJxx0wMA9PzH/Zt8SeLrD46fDa78Ktp1vr+lSX+p6O15G0lsk8sDrIZ0DZZWT5PXnrzX6H/FW5srn4TfEmEpLFcPYcs67N5DFz2we5yACT1Ffmv+zqZrf9oLwPNBlhHazRqOduBal2+vI55HHJAJNaVMNSpKpFxuqjU6j1bfMlF3Um2+aN73Vrtu3bpo1ZVKUKl0pwXJBRSs7JaJNXS1u1s2tH0P1t/aW+Kn7QniT4JeLbLxneeHv7JkitZby3tbK7+1MIrhHH2aSSVo441bCjaAQfbOPzX/ZMl8a2X7SlneeC9VtNB8QXOmOUv7q3NxFCkluzvmPqzyA8sMbjgV+kX7QGu2ep/BHxSIjMtxb2EaS7idhfz1VgPmPc7eOoHU84/On9kK4Ft+1Npv2i4Ux/2GjuzyLGoQQYCgtxu3ALyxJOeCMCsaGHwmHlCNBU6dN+/NxhywveN29NW0kmmuzXlrKviKuGqTqv2k0n7NJ3fLyJKO71Ur3s9mlsfeX7W0fxrfwF4c1Lxd4p0vVrJr/UbOK3ttOkhaOWa1kLzPLIzAFlOAqjGSGPcn87v2MYten8f65BpHiW+8M3lvZ3CnUNPSNpWRLoB4vmVgAc5xjBKsWDFuf1U/bA1+DVvhNpNhBIqeR4ilLM8qM3ltaPtIRfmyw4B4zz6cflF+yJfxaX8RfF0jyxIkcd8q75RFgG5X5fmO0k9SOgHY859D2dFwpKLjKnOo4ytbkulHSyWza1T3um07u/mUnXtK8GpqF9IrRtpXsru6081bpbX6z/AGqo/HTeBbKTW/iNq/iS0j161WHT76CJYIJFT/j6R0RAZQoIOcggtjrx4L+yH4SufFHxG8eCHxXrXh+S1htZ/tGj3PkyXAKjEVwOUljGCQrjGeuete1/tQa9/afw8sokubUH+3LPZDDKk0x3Lt3MY8DoT1H0x38f/Yj8Q6b4f+IXxFk1S/FmLi2jtoZXj3hnjZVCKBkrIRhscEYUgcjCp4aj9ZhCMabjG8uRcrhe8Wk4/C3e2lvyOmdevDCynzVFO11J7pc0Y2sunK2lovlpfv8A9sXwVceGtW8BT3PinW/Ec2p2GrQzXWtMskyRxONkMciquI1wMLk7cjk81gfsdaD/AGx4Q8VXD6rq9lPHr00cf9n301ikq7ivzrE6K54wNwLDPBHNei/tw63outxfDJ9F1Jb17aHVYrmQIy+VKSDsAJbJ6kjjp0wfl82/Yx8QaXo3hDxLFqOoJDNL4guDArqWUgSMWLYHAz0BOM9enHXQSp4yEZKKjHVQXKkrqLtZaJrVpW00Vrs4p888O6iUpTm0+d6SbU1r3bTXvWv2PN/2qPDEmheNtMjOp6vdLqWh3Aml1K8kupi0aZRFlkZnEajhRkDPP+0fT/2TvAXhzXvhgt5qFm1xePqmpW80/muheFHCqDtZckDgEhs8kHJAPDftda3pWteMPCcthqUdzt027jmMSsvlsibQrA92+YemQDjGMeqfsh+JNL0z4WrZyx3rSprertI8Fq7xhC4xkgY5wMqDkHIyuBl0HSjm9RqKUeV8sE7JNqFrJ9d3Zq+j03LxHOsspwTk5ucWpczU976u6vrdtS3Vr3PAf2uNA0zwv4x8J2GlWpt7JPC18vlb3cKz8E5PzZOcjPt35P3H+xr8M/C3iX4G6TqF5pkE12dQu45bpmdZJEUghSUxnaQeD2ODg4r41/a/1Wy13xz4feBZljg8G3pkS4gMUgJBwUVtxx3U8EdOhK194/sN+JhZ/AjQ7C30HVLwrqF69xcw48nazZwF253LhS/OQRlVPNa1XH65OUJXTba0va/L1tbdN9TLknLA01LmfvRu/tWaX2rpu+j1bV0tD8mP2ytNh0X4meMrG3TbaW2rWsccbEt5cf8AdG7kDGd3TnGewP6cfs8CF/hJ4QjjsLFi3hWKMNJZQs8h+ZoyZHX5mBHLHnPIPU1+a37cMv234h+N763hkRbnxHHBskXEkbxlGcsGzlsccZUZxk4AH6Kfs6Sa9N8Ofh7bw6BqUlqNChUXKkLHOqo2XUkcAEEMCOgIJ4JXmlCEMdK+lkmtF7rfLZRfX0VterZ1xV8HCKaSckm7vXRdb69X5tdz4V/aVLP471m5k2JJPo+ns5WPAHk3LpsGBhcqo5A6DkjkH9af2bbm2n+D/gqCV4SkehoioYImLDY7MG3ISSu7cGOMDOMYOPyW/abjZPGtygiZZZtIAZGYZDw3kp5OD6kFf73PANfp3+z7pHjW4+F/gmTS/Dq3VmdEjeKYX8UDzAxuHJV/mQLtYjPUmuvDuEK1ZO95Rj8TeuzV3ZqyetrXu2rduPFX9jQ7qas3J3cUo9btaJv12W9j8gfjc0cfxAnjRQUTxlfQjaAAC14TgAngZOAD3x6ZX9svBVwR4M0a38ltq6DbgkAJjOnIACAPm3dMfj0ya/Dn4vxX8fxCeGW3Vbi48bXbKjSKwjkW9dSu/wCUPtK4LDIOcj3/AGG8Nn4m2/h7Sv8AiQafLEuj2flBrgLuUWaKhcggY2AHGSeSFGazw9WK9umnZ8vLZKVr6NK9r69Lbq3dMqqco0tOVKbV5KN7+5s9bJLa129dW7n5Jas2fHLAKyq/xLhjC9AMamTxnBHv254wScfun/ZhfwPqUTKdp8OXRcGUdDY8HbwAvbjn6jGfwj1tNRHi8yvAttdH4lrIVXLotyL4NtGOqhuD97IxgDHP7fabpfxKuvCc80suiCKfQJTLvgkDCH7GTwARjKY2nPzZGRjNLAU4tV007yTbukt3fS613XQvMKns3h3KWjbV7WTalDm5b3bvprorbNO5+I3h6DHxn8BxouI18YyrwTnKXpUDqO49RzgknAz+1/jaKJ/BfiKFGVSuhalLLiQlmH2VxtAHVc4OCDwfVa/GDTNNu2+MvgqG2uEhuZPGU6RSKvypOb4guFGMjdyACT7jgn9ePGvhLxtYeFPFV5ceILXyV0DUvPc2rYnQwMpRGxtXKnls9cjBbNVll40cVFJ7vTpayWll1Vnpvdq4sfNOvQcmkklZX3V4dEr767q17aa2/KXwEg/4WL8PY9rANro2jdgkCYBeTnaCNuRgjnkGv138eWKx/DXxt5jsXGh6mwBcuARA5OM8Drx6ZHJ6D8jfCWm3dz8R/AljaXYt72bUYfImWMuIJS6kOo/iIX5gBnJHODyf1E8TeCvGNn4D8bXer+L576yg0HUt1qbcKLo+U52k7cooIxgAew4rPLoXw2KSit27p6KyXR6u/wAWraSbdkmPHySr4ZynZ8qspRbbtKG1l17XXdH5qfs2QNL8Z/Ay7TtWZn/iwdsTZG0HK54HP8Q59K/UP9pZFf4LeMpC2Stinyb3JJaZMnGT7EhgBu9DxX5r/s4aPLrHxa8KaZaXklhdT20jW93AgaWIhXbK4znjj5hjLdRuzX6B/H/wB4r0P4SeKLy/8X3l9p6WkYnsZ7ZM3KmZMK7BQF7ZIznGO4NaYGX+xYmLT1ckrPR+7G/dO/X8NNs8ZBPHYWcpKLiqejvZ+/F3tZ79b6+mp8Sfsc208/xM1PZGdg8O3LNk5AxMi44I5I4AyCecAnp+gPxstDb/AAm8cuSzBPDbnB2hUO+MYAHr1bPAPtgH4O/ZY0ix1n4pahps0l9aWsfhZ7ho7GTyS0pkXO5gQ5GMggsOR97HNfe/xb8BaLH8KfHMqXWqSNF4ekIilu2dWwVIV0LAlScFgR68iurAOSy2soxW87tuySXK1ZaeSd7XaW17mWYcqzCjzSbcfZpK11ZuLtfZ7baaa9LHwl+xFcJF8aLpnnjhiXwdIS0rLGMrKvR2IGQBnA74IyTx91ftd6lb3HwR8YmN45GMVqqsJ43JAIyNiE7s464IPPOOK+IP2LfBGjeKPjNe6Tq9tLdWf/CHzSNFFNJA/neYvl4kjZGAXnOGxuznIFfcf7Wvww8PeE/gZ4yurOxeG4jgt/KMt7PMEjDLj5WkZd+09QOOCRyM3g68P7OxEHJKUnK92tHyxWisrpdNU7K3Q1xUIPHUJa+9Gk9t+u91Z230d1pdWR8E/sKyxDx94q86WOFDoiZM8giVuEwAzFdx4I5Oec43Yz9W/tf3tnL8GdWit3t2ZdT04rHHcRu7fe5MalmwDkg9P0NfKf7EPhPR/Ffi7xZZ6haG5WHSIZI0SaaDErKpBLRsDgY5BJAxgkYNfV/7U3w00Pw18Edf1Sz0zybtLrTkEz3M85BkbHCyOwXgAZIwMHGQeYw7ccBWjFLre+2nKr3tbTyX3WbV14xWLpqT/wCfaVldXlbzTXknrvbS1/E/2I9TtLTT/G4uJ7a1332n7VuZhHuG0blUnBGByWGdx4xng+nfti6pYXnwkZLK7s5pYdfsy0dvKryLlzuYqOdoUjcTwR0H3c437AngzRPEdp4/bVdLgvPscukCNpjJiOSRSWIAZc568g456cV6X+234O8NaH8GNXvNL0e1s7n/AISDT4muI928pvOV5bGPTaOO445yUlPL3GMmru1lZ31X4X1t19C3UpxxnIlJtpa9LPld3pzdLp7333Plf9hnX9E0K08ef2lqa2c89zaiJWVnMjK8hbG09Bk5z6HBA5r75k8deDpPD2v28V9IZbrRdUt93kSbZHeB9vzBTzzgHPJJHAGR8kf8E5NH07WLf4pC5sbK4FtPYCJ7m2jmKbieE3q5AO7DY6nJx0NfpJqPhXTotG1aFtN09EbRtUcZs4l2sbaUBkZUBz3ByvODypxWMJtYZK6l7rVrbPRdU+nuvVW73sbN01WgnzvRWl7vLf3b3Tjf5Jp7bdfz1+CmvxWfgq2sg85ke4nCsiEhWkv5thVh3wRxjK8nqcDkv2rPiZrfwe+Kfg7xDoF00N9p/g61ezmt440lgmuiwZ3DKVdvmJywLd84JB9J+A9jZf8ACIx+fBCRDql2AWP7xmGpS4GeCyjgDgnpwea+W/8Ago1Oq/FHQ7YMMt4T06QJGx2KqkcZHfAHzZB4B5rwM7w1OthaCrU41Lq3LJc0do7pqzu3az/S57eXV6lOvJqcocqtFrTVOOl0ndc1l89TzLxl+238b/F3h1PBnijxpear4ala5nGkXMeIS1xuby32BWaIH5gpO0c8Ddz89Dx6L+G30vVEVYQwPnIrqqRK2VjEZJVlXBUMRkjjJ615Zc3K3cowQu0YJJOSE+bjHUHnrjB7/LuFO4vYwB0DhVAIbgc45Jx1AAx/PrXiYeP1RWo04QjbSyXLJWirWv0slp2d9Ud9aq6nL+9urrVvR/DfTp11s29Ukne31X5nhTVDZnTL22juVtjFJK0rK5Vl+ZApchDnJOSemc464A8I6RNesv21yqxyh8FDCXOSEVgCDu4JA9xx2+bBePC37l/LZiHDIzD5jwclSv8ADwDgn27DZsfEOpWDgR3cv7xWbazuw3EHk5YgkdsHjjgDkayq+5aUFFyd9For8t0lqu7bW+lujNIxTlzO0lZarlSTXLZd+bzt1V92l1WqaFZWypNGJA4mniwz5BVXJBHJGCAAo5XkjIAw3ItAirJlHG/JB9uVPJPOd2SONzehJrQj1qTULVYZJPMnEjtkuCwydxwO2DycfMST1AyK8qs4QAncAysB82eDjkE9cZ6jGPzqEuaCSsoq2sr76K6s1d6bWdtLPVsJKaXupu+mlo7KEb28rN6aW73Tfv37LcXlfE+ArgbdNlIJ2jqHBBJ+6ev3scEc44r7u8ZyJLqjbZMMlom0b97NhWJx3+ZuCQDgHpwDXw1+y/YXVz8S4Le2jaSWTTJiQBgsQG+8eMKQMZxxnuK+x/EOm6muqXSSAqYolVkdwSMjA2nJzwSeSD1ztycfo3DC/wCE+ThGMn7ZLVK9lFWs9bWWuvbdxsfIZxKvHFJXag4wemtl0tfrd3vq9NLnzH8VP+QxYPOVGIcrs5U4bjcc9c5B64yOVPXkPD0FnduYb2OJCZA0RLhQVwW+UZxk8cdeenr3PxI0ieXUrISOUCxMFDBi7knnBG0sOTjHHB4648uj0XUIp/PgDtHFICpQOGXGRwCWAICkZI6ZIHY/H55TmsyxEnByV4tddLLov7qurrR63V2fX5PWX1Kk5WlK1/evd6x362tZp20dnvt02q6JcWxiutOmZlkuyiI0jbojkj5eQAD9Oh68isErr2mvcyzsWhBUuRh1LEg7SBlsE5J77Rx3yXmpalbi3eSeRBBcqIhIvLbunAwCOq8jjOc44qca/dXUrJLFG0cjRgudoD7ceuAM4GeFY85IBFeA7v3UnFrZLmTd0raNvRvq/nueqpxjG615ra3aattf3m17zstlZ3b748viKUpNHN5KoXwz+WA25l/hGfoemORyzV7T8NfijoHhtbGz8VeEYfFOixWsgiiEv2aRHlJJkUjBJG3jrweTxz5BqRtLoXaC0XzNoOET7u0DcdwOG4yOST2GAeYY7eJkiRd0SpAgIZiJAWB5Uc7gPx4P0zUFCLV3zaq0ddHePxX0tez6XStdpijVlo002na73duRtXs1ZpXb36LufT/i/wAefC3xFpDyeDvDF34V1AtHCbWa7SWCZd37zBIBBHBGT64zzXMeDLsR65c+QwQraojNuG7nlgM9fY8nG3CjFeJWtl+8CRzlgHGAxBOON5B/vY2kAfMMjcCDz01tLLYXTTxXLqzhUiywXJUAYyOcHIwPXnOMV0UK7oYujVceblcVZNO7ur20te9u/Tqc9WEq1CtC1nJXT5oxs1b5K7aVtV0a1PtOGeCaK1CuzttbeXydzMhDBm5yMZBBOOehHFZXg+Gyi0y8e5sbN4V1e9kkNxbRzFgT0yVJ4Oc8ZySc9a4PwtrrXFukTSu1yqKHAIZY22kEk5UAYzkA4J5A53V1fhwSPptxF57GNtSuN7EZU8/NuPOM55yccg52/Mfs5qjiqmHqVIwUZK7jZLW0bJ37Wu16nzcPb0XUhGpNWskoybVla2+qs0tUra+aGalovhLWJG83RYIsyuXmtsxMwP3S2CApJII+7jkjngcjYeAdAuzePYatq+lG1umSIxTN5a7cHJ2suVBJzzwDjnv2k1sYZjHHKCskp4BC4UA4GCcjpgY46HJOai8O2gmOoQqqsPt7KTuOAD3IDBmJOACcHggk9/Ox+U4CcoRVOnFyfvcrSu91dpWas73u9ej1Z3YDGYqMpSnKo1GycXJ6P3baW7a6bLXoyraab8QtF2zeHfiBeMIyfIR7uTkj+ErK7IegPC8EHkAV2ujfFr476FcPAZ7PWfkje4NyFkeSMZO5mDKOcHg8nPYbsw3GnQW4itmUCQFgCGCgZwwYAfOxGQQM88jpVTS7SZNa1YefKo+yxKDhyoX0znK5GckdTkcACvn8TlVCnOCpylGTk0uV37aaLW9uXV6J3vo2fQUMfUnJqTjLTVbtW5bp721b17b7o9Wt/wBqXx7asqa14FhdUXa89kssZIxhnU7iCSBkE57cHkDorT9qPwtrN5oUGr6frOkJpt2bmRZF3hsnA2tt+Y9D05wBjGTXkaPcIzxrdGQhSArruBBGMkjPJOMdxuArmtWjaTUdIje1hZVuvmcQr85ADFWOMHGGGTyefTjCWGr0E6kcRJy0WqvrzRun0dmtfwWho61GrNKdKNuXdN72va9ml+mttEj9CNF+Pvw11Gc+R4mjtI5nK+XdxGJolZcEkuQB1PPJwDyDitbxV4p8La5pViNLvYNTSxnkuJZI50ICuhCOpLZJJwRjIznt1+CxoWj3KyST2doWkVhtVRHIGGTgEHGchc9cgcFsYGRdeHLW3gWewu9Q0t4pFJEF1MY2UEMAUVtpAJ6bcAHk4znmr4jHwpuTlTlGMXJX0clZXtLVW807JWOijTwk3FOMk5O2jUlZ8rdr/LdbrW17Hz78Q9D1EeKtduJ7SWGJ9TvbqOSRHAlhkmcx4J68EHJABySQcGvP7dJVv0WPcFdkDZGMgkZKnjkcYPHzAc88/dYOkazbpYaoYnlggz51wqv5wdc7g+3duGMYz1P1rzbWPhJZzXcd9ol2j4KypEcMqNkjaQvKqeuOh/hBPJ/MK1SE61WU5KLlO7a1vdq2+/XTr0vqfY04ONOmoXuowSV7t25euyVtNtb69zweDVb2zmni8xlVHCpFKN6nLEkAnOCQD2Iz1HU10sF5ZXbg3CNYyFcHYQ0TMx75GSGxnoOgUHFWta8Da1b3FxLcW5ZVnyJoBvVioyBgZ2jg5zgZwO3PJ3kcqqoUMrLln3LgjbyBtO3sM8jIxz3zxypKUrxbknb3rx1+Bq621stPTc6IzlTaTurcu63s0mr663t6/gdpbrd2Fwtxpt1LEUwyXFjK0bBxnBKKwJweo5HAxkcV2kXxL18PB/bM76kqRtAZZSxnaMjCq4YlSAFOODwARwDnw+G+uLcLLbyPEzkswXJ4U5LBcADGOQB1z0OTWsuvTTRhrhI5SX+UFdsnBwpPTjBP0PTpmuarGck/davZpba3jrdu2mq33draXO6nUSabi1dX0duq3V2mlo7rVu66Ho+pX1lNp91JbqHaWbzWXOHXcd2DheBngjBUkdQKuaFrKAKJMIPKRQpYDJAxk+gBAAyB0bk87fMJ9QhaM+Wz27y4JQcq3JAIbB9+DuIHUZqxa6jNCTuiWTI5wMFgCB1UkBl4ycd884FcEpyp2lql3t0dnve601va1t91frpqlJO7SSaSTvor7aXtrqmu+h9Xaa6Ppkk0caSSRRJK0jy7QF+XCAEkkYHbOMNwO2lL43YeVHFPHA8cMYHBZoygOAWByQe3OFz0xtz8+6X4gNwqwtNIqKhQoZGRhngEkNhk9jnA+gpbm61K0kMphVo5mCxuvzKV6h+CShAA6nJOT2zXN9Zu3KSd29mter22lZuK9b20WnZGNOcYxppWVk3s+9r6XtotHrbvoe9L421efJ+3zFmAUYViq7eMA4xk568Z5HY1oweLNdCjGpToxY7R864OMZGSMNwOuQPTPT5sXxJqUKmESxpyNp65O4YAIwRgjnOfwxitGHxFqefLe7JYndjGRgDgdzk7sAZ3Yz3LE1PEwcU+WUU0rrRfr8n08ncmNLa7Tae1umiknqtl5vR6dz6JbxVqsytE+o3LFnByxOAcdCcjOdp+70xkkZzU0PiPUEURy3Nw77g6lZsnGRyQDn689/Q14Fa63fO6Qm5Y7mLM54Cc5ORjO04yD69cd9mDUr1bvarup8sngEqQeG+bJxnJPynORjnOawliKaS0lLa2q0ej11eulv1T0NYwetmtbL3bJWaittr8q083LQ9vOrajdtvF1ctKcKGeV2RRgYxyFUnPJx2Byc82H1DVBiNnuPMOGY+czDC84J3Z+Y9O3JG0gV5La6nMMr58kfzjO4lQAcZb1yD1OCoAxweuxbajI0oRLqTcBgsWyCFPXnAzgYxnuCQcms3iqeqcWradEns+zt6PTTW6Rp7Btrzdrq6u/dvqtb6v70npZP0kXt5cbYhv443s7kBl69DgdwR0BOT3NW4pLmNtshCsfmYl8hVyADjcCRjDZ5PsTxXnaXtygOyeXL5DKMk5ORuJKkjONo24wcg8GriNdNKu+WViQMuGbKqDkgDI4xnoMZxgYUisXi4px91307NdNOz7rftrra4YZy5ldJXjayukny2TS3emknqtVeNm16HC8qupMiMmSVBm2MecHPPTHzFsAnIHri3LNMY2aNl2qdoHmE5AJJwuenGOeMY5XGRwcFs0xDB5BjIwWZnO7PO3PAHUgYx3ADHHT6dBJtYnG1eCJHOWC4GcEjGOO/GPpnkqY2Lbsuz/AAVtEk001rd2vdvqjqpYVNxu1rZJacttEtk18le/TXU3rZ22bXnjyxBj2u21TjnOCehOCuSQQeDwDqokqqSbqNjkEgkYBB6HgnHQ54JIJOTWNFGkboSQAQCoBDYySPTvz/eIGCAec9HY2u7KqoYscxkgnafvZPOP59SByMDkq4xtJaxtd3vvtv012s0lod9LCQjJt6fDpdW6aNWtbS+my9UJHZzXGXdwWz8pUHAyc8nIGckY6cjoK100u6YIcl8kAFiNvfHAOQe+DzgHnrW1p9qUQgxgvwTjPB43ZyMYOSG9xjOTXTWtixJ8z5QwHyquRnPGfc8fTtjt5VfFtaue1/Jv4dNt77J6+6vU6oUYXVlzWa1emtlrrez1vZpeXlxA0y6JEYXLB9oGTnd6AYOCe4JxwCMg4OtF4dnZN5QF2UcbSB83Jxg4J454wSOmDiu0j02PejDCyNyWOWyR3GTjIHH93g4B77kVqxUqzlido+8MYUgdVGdwGSfl4wRyOK8urj5Xunonq9LJe6t2lZ9VZeV3od8KUWtF0Wzt220jo97aWt5a+XQeHp0kO6JDtI2thsOepBHPQ4J568HAOKur4eG4AMhZiSVVFxtyMrj5vYEHr3HGT6P9iVgRvIZWyWIIJxx1zkj1ORnGOeMujtHjLtIgkReUdQN2ThSTjORjPHTjucZ5Z5payTW6T6Xbsk00tFp2V9HvodEMLC0X8TT1badnor9G2ntsl0dm7efR+FWYFlKt0JBJDHoACFIJ6DoMZwO/F+Pwo6hWMakggH5Q23n7uOhYD+6ME+oFd9HAXYMu4BRk/wALcjpgkEsoHUZxycYGRY8qWOQBXABAZi2CBt7MO2ScAdD94dSRySzSb5veV1r8V7t8vu9NW+19Fpum+qNCFt79X2tdd9eiTs7q6dupwg8K7F3kghzlkC8j1BB6AfiBggHg1qReC43jWVFD5AJDsCcn+AjJA+Y4B5yOMDrXZLGWYlxnyyMqcKHLfeyFx265BI425wTVsR+TnyGMa5DMvBXaOowVGB2XJGAAcZGK4ama12m4ytZJWUt9u99dtNHvbsONJRVrXu9LLZO1t79d07vV9jij4QUKUKiJt2NzMGAGODjqMZ4x15J4Aqwng9flSSRCuV2ZzkjIIIIJwpwOOo7HIruAAXxtbe2FcEg5xg45HTr0x9OoN5Y+CJFPz42sApVB0yODkZxnnHXPAJHI81xTWs93trHRcuuiS3un0vo0mbKnCzbUdkm3pr7r95X0V09baPfXU4+LwaiEYSMqPm27skAZwQewbGc9jkZOObJ8IROSVZV2jdsYjn0AIIGTyc9P9rtXbpGIlUTSAqy4jkXAIOMbWGRwerDqB3GSKmWF1AwpTcQBk5BUn+9nGASME85+XpkVySzXF3a9o3ZppXt/K3bvrZLp2vsDhG626K33N+uztve6avY4KTwrtITy4g4IwJG3Db3KgcA46nkZJB6kG5D4VtkXM0KAk7QUYAsSeSQTnGflHXHPXkDtBbeWQLiMumQFkTOFBwM5JO4HjjIxk5PPEzWxhAVAJEDBkbIYgE4GcEfKDnr8wJGOal5piVtVdlazd73tHfu3vpbpfRpGvJC3SLXXbWy6WWttOm+uxxsfhW3LsBFGYyOGJAKgDg524zn+L6DjNaVp4TiVh5kULhl3Jtx8xXPzEn+I9ADzz75rrY7Zvnk2MRj/AJZ/cYcMVdccZAPfH1wTUkULDG3dFnKhGJIDHjk8Y67sZHfB5ArKeYYh/wDL1u6Ss201qnpfVu+m772aI5op206W0t0jvvfr0e73sYX/AAi1gpKSQoCuGUAqADhRngjJ549TgcZAqWPwnamRv9HhYkDbIuBt4GMjnkZG4jHQCt6KB43ZGYsSCrf3TjIBUuPu4xnBz1PORttxxTr8yOUDAhVboRjru6YYj3GTyccDm+v4rms6s767O/w8t93tZO3r5aq19FZ36Oyb+Ho7PyV/uVmnz8fhOHIkaO2fcNwCBQAq9WIPBJA5ycjHcnFXG0DT2dRHbwhAAd7bch8cgH5gckBumMcdMZ10jlZmjeRiFQnBBUcZLKp46kHIJ6kADPSysC7wqgxEhD8xBjPGccgbQx99wPfHzKf2hib29tJPtz+cfRNvp82ugnTje3VrTW2nu7NpfnfTW9nfOTw3o7BN0cscwBEgOzyiSeBkAjB6k88ZGTnCsPh6xhLExwAglPMJUqwxzwAQrccZxk8fTpfJl3EOUAGFLj7pAGADnOMYHRT93OQOBYjtsgROI5FZvMk3gAkDptPGCAccYx79ap5hXVpe1qPryt7fCrbN7vouqEqMGlq27rR22Vk9L36PZ2stdzkh4ftZVylvbiLPzg7WJxjByoOAMZ6kYbqMk0HQNNDbWgQEDOFbCluvGMDcMEgcDOAR1FdeumRNIRaLLb5X5gRuQ59j68djyOTzUrWrRhEmiLRhcrJGA3QHuOWP8QwQe55wauOY4iTl+8adk7t2eii9bqXZtPeySsr3M5RgtHBPVW30v6NWdot7byfz5FdFsA+1rR2VMbTgsck8Drgg44BBBAHA4xan0mARFo4WaAMhcjacHgE7T0+XIHOB0OK6Vo/MA+zsWJ4Ysy71A9FwPlI6H+v3VmtJSFkBfaxAOMEnGAdy7cD6FeOR82Aa3WNxElze1lfS/LJp20str6Ws9E9Vsc86cL3tZO2ifL2V1da+bb766JHHjTLeZgyBXUHb5brscEAYOCQfTnjt36KNOiV9pQYHbHKtzg5P3iO45IXIyBg11r2Ku4ZI2Mi4O+Pb6HDOoGQTnAHGWHJJxTY7VnHlSwktk5dhtKknuSF+UjPTr1U54pfXMQmk6jd2k/esrLl/vN2vpZaWWnYXJBpNLaytZ3S9271+FPfqm/JnKxWtu0ixspKEkYddvcAEvgjGc4HGT6DmtJdPw6hUDDG1doGCecZOOSOMYHPHpW+1krbWMCbkAVSNuD1AyDxk9j9TnpgSKRYyjIxywIGCNpzxnB5Bxwc9+ela/WK2nvyfK1o5N7KO/R7aatMy91XSstdddbO2ybvb0TVk9r3MRdLjLhuVcZ4K8BiehOAo6nGemG9q0EsVhVi5wwJJK4II+mOQOucDoRz31limUcxEgANngnPONw5HfAxj7x9syCQsrCaHJ6buFKqv3Mbhkc5ODkfkQE61WUr8z5rqyTez5baJp3W9o2uiHyWUUlpskk1Z6bJvvutNdVZWMpLfCtkbQCMBRhxnjJXGOccfKc+nGBYiSDaWPDA4+YgMV77QcnGfrgjIzVzfMuAMKCoOSuCOThd5OCRjAIAPYDPFE8fmEbwvmMFYMh3BcHceRnkgevGSehAqXVqtWim0lbyTstmn5X+e+5mnHVuyk7XV1fZdVJ6bP0avaxX8hWQuGwVOANu4lMjnGOBz6D/CxHEsjR5jcqFJKsvOR0IIAwARyecng4xT0Jd1VQVcrhiwwAe2DjqewxnPX2l3Sp88OY2UbDjnd9ByAMAcYHrycVzuriU/hend3Ts1vdaXt033ejV2lB6X7fE3Z6ru3ffbrrfZpwNBGuTGjqG/gAHzZJPJI9ecg9VPcc1XsFVlLODG5yyYHBbjHTjvyRgdgdwrUFxMBvlAO0BfkO3CleQU6d8A9Sx6daRroM/EfyAZAYAEnHJ4ABGMhT16kgGsfbYhW0krOyWqt8PRPXsulug+SCemt1fR3vdx1tdrfd66LZowJbREKDgx+ikg57ZyxAI7cjHPOTVaW1RsJuAJ4JZhheDxxgZxjI7E8DOa2ZGk3qwRdjEhl2jhuT83HGeoxjsDVMpIW2ogBOSQAxBbAwwbGOe/JOf4v4iOrXerlK77ptrbrp1XTytbW+kVCyukmt07eVnfmd7W8vK9iokLxqBuZgOVAUEZA2jvkEk9CTwVpQqk7nO5ySw2lV4H8JGewGOeOpGDmrqrOFdzhi3XacH0KgbT0OOeMY55NRtC8pPyMq8lsDDHOOmBj3zx0OTgGs+bEbuUmrrZO+ij1TW2uluzs29Gox5tWr+7rtdaetndJ3Vn66WrMEcrvjQrlg+MbjnJAPGeMA446e5IlW3iZVJiVlI3LhsBQTjawIBO4HH8JX64NVpLK8Rgo3gNkrtR24ORtfHGR6ZJ54OPvXYbW8JRXilKjnARhwcBtzDbxxnPJ5B6DnohOaes2n7qvdaK60W+u13ppqn3uSha6sldWXkrW11fazWrs37tihJaQJMQjnYcsy7h1PQKCSSo6cHPOT6CtcW24hR+8CBsEEADJyMsQOp4GQOOuDWxcWVyir5dtMxJYFWjY5GeCGXjgDpxnPQEKRVjtL+RZB9nn2g4KiJgeMZ69QOnPQjJxXp0ZvlTbV9Fs02l11S3stknp0ucsoxfwtK+mlopWtd8zaTbveyTa6rQ5K50hJH3mUxyLhwORk9CD2445AB7dNtUjYctvyD8qruPykjkkY4DHng+xxxx3R029IIFtOc5Xc0TNtAIA3EA9R8q56dMZOail0W8KI32SfzGwGJibBIwFbgegABGAzDrkjHo08RZJOSvpq5JNbWS1bXa+lr7sxel+WLv0u0m721vZp6bvRuyfL34B9NJ3FRgkNgnGGLchvmOBnjaOi5Yjrms5tKmbJLAo24sAFBGDhsjHB98deme3qX9g6iy5+yXBZMbQIm+Y7SPmG3BPPHpnjrimyeHdRdV/wBBmAIJOYiMjjjqCScgnjIwM54z0RxC1amtOvNfVtJLzTu7XurJvRkq+yu3r5JJW0tr06pNa7nkNxoqOpkRfMzu3ZOSCT90HvgkDPOfc1xupeHtQ3gwKyoSSFAJAGc4JAwN3rnjtwCK+kovDF8ihhaSAMQMMh27cclgenLABuPmz06idvCd1gO1nJuJOSVOCQM9CMHaeAM8kgdcmuqni1paS81r5JNu7Xe2mnRpK5m03r0VtFe72Wlte6vZq/d2R8cXmnXUcjZhkZ1AxnoTgcqQCVwvQZ6HgdKo2Gta3oN2txY6ld2hD7njV5WC4PG5WLAjkYwQM4HIwK+tNQ8Ii4jl3wCIlPlI2BxgYye/GScZI9QOa8Q8UeEktJDL56lCTvVdpKnkneo68H7uMd+civUw1anVajJRb0b2a0as9dU/PVPysZybjd3fmtrWstHulffe13sbOg/HPV7CRBfsJ+m6Ry0ZYDKsVIIBPT3GRz1FdjL8XdP1kOkyRlSCyrJJnDlQCAWOCG7kjgA5A4I+YdU02SNIxE5cMSA2VCgFuvHOMgenK9xXG3a38E6qJipLj5UPQDJJONpxxk9COR0zXp0snwdd8zpRUrptJb3t6d9b69t9MJYipBWWu22+ripK93ezd3tdq+nT6c1PVPD+pMxWztVkIzIRGhDgDJBUDBzyc9QeCMYrEktdCiYbLeJGClle3AHJUEHYM+5Ynp1wc5rwi21LUoHb94rBcDBO4ZI5ySR1wSMdexAPO9Ya1dITuOS+MqJOTng4BAPHGRjb1wTgmt3lVClG3s+ZaWVrdrKz927fbTZ2buc061V2crxt1v1vHezad7vRNXad9rr2G0ht2ZBCVnLHcIpFUPgjtjG77xGMdceoJ1oPCUWrMBPaXEO5iVcQ7gxJOFUgdM4HAzjk5O4V5bYatfmYPCrYT5tpdCw+hxkHjdyBg9+VA99+G/j67h1K1stT8i7tydv2eQIJQSwC4JGS+SNvr7E4rkr5THlTpU0qsvhS8+XRa77paXXroRDFTUrVLSgtr38mn9z010tZ2OJ1z4WXkaLLaRrtUkmKaMoy8DBbI6H73PGPyNPSPDmu2kyxzQ6csG4KRdxqVIB+YA4OFYA54ycHO04NfpdrPhq1k0C0vL3TIFGo2oljSVEjnWIxB8EgLnggg9SDk8814B4k8AWlxap/Y8wLS73Fq+WAODuwevr3K5PQ8GvPpJ0aro1qcqfKkpqS3XupNyWurVrX7aWatXtVOn7Sk1Ondcsk731jFrTW17xaW2icbGT8NPh34V8fRnTta0bQi4leN47dAssqKoJYOMrng9fqflGB8RfH34OaRo/iDUYdDjW0trS9miELMrAgEsArqDlgvc+wzng/pF8AvA+o2Or6k2FiEdhNK7yJIAsi5BETsRxngkHtx83FfLfxe0W71O611DIX8u8vJGZ1LZZXcMIiTnOOOevqK9OlSoJ05UkoqVve5r6q3MrXb0avor/Zdr2Hh1OuqsJNz5YKcYWvZO0lJLV9LpbpPXSzPzRbwrHZTg3U/mJISoijxnaMEE5HyjIz6rnHU4Ot4b+HHjD4g64+j+GNDkMSKw+3yxNHZoAeXe7K+XhcggZ69OAa7SLSNOi1/TF1mS8+xpfq2oJGhLS26PmRV43EbQcgLg4xtJr7t0X4x+FLVbS08L6IZ4rGwljt7WC2jsbaS3twAXvX2h5JAVO92JLE8e30WBjT5uefIoxad1ZqUdNLqTenutaPXS1keJjnUpvkp0nUcru6acVa2krWlu+iWumzVvlj4SfAO98E/E/w/F4nn0rU5lv9PuJociW3VjeQnykViVZgCVY4ZRjGM81+vf7Zfg7wY+s+ALe90nSrO3/4RKR/Mt7a3twzSNFku2zJI5Ck5IBOc85/N3w1r9948+Mula5cCK3tob3TI7ezsgyxIBeQ4VwMF2BJOTwdp+brX6D/APBQWX7HrPgG3UszyeDIwCAxwWMJJwMEEdgeM5OM9fRwc4vNsNUhGMqcanLy3SVmtfdelny2b8rnkYqjJYZQlLlqulXlKUVdRaVOyikraXvq7/O58yRfs/8Ah7U7K3utPh0u5SVHNuyiNMkZIV3B2seApz7jnvwmvfCm3s7uC0u/CsUi7BGSlur5ZTtDKwX94AxBABBUZ5Ygks0rXPEOlaVaHTb27jXfzEsuQABgsikkJuPOACSDgk7eept/jJ4j0PUPD4voYtSt5JBHIs6B3UySIpZmYHoCRgnb7ZAJ/WcLhsvnOEnQ9k5OKvFRcb+5drezfzW3ex+aY6rmVNTjTq+1UYzcVJyg3y8rumpNJLa+l9V3Mix+E91plzEtt4ZtXsnjDFHt4SVUjkhvLBXHockEhThea3PFHw/i/wCEM1JY9EsYYmVUaHyo94YsFd1YAHADZYDnjk4OK/Q3RJvB3jCyszMI/D2qSWUTrMFDWdxI8YOw5+VQ7HuRz2YCuC+KXw01HTfCd88lmZoZlEkV7ZjzYZEZwQx2A7eBnHGMcbeCf1vJuHMBaNSNOnUsr/DHqo7XT67rZ66W3/IM24wxdGq6NZ1KTcrKLctEpRTcJttdNFf5PY+RfCXwMsH0ezH9nO6SWcM0bRRJ+73AMSG2gEgnGcAH0AzjO8afBBdG0DUZ4bd5PPtXRVmRgQXVj8r9sYGB35PbNfePgGCPTtE0iK5RZLZrGGPeoyVIXGGJ5JB6gnHHA6mn/EiDT5PB+oLBHFcp5c6gZUmPEb5J2/dw3HXr3HBr9CqZJgVgJOFGnBqg1eMI3S5Vrpvo76K2z0TPzqnxXjK2Zxg5SmniVFJtuTXtIxezvZq9rJ6rsrH5z/AzwXrmkeD4EulKpJeXk0AiRiqqTjBYA4JJyCSvPBXINewf2fdIHJjwwdQRsIYjkZCkA4xgZJB6jgA17b8G9Dj/AOFeaMt1brJ5j3cjEhScNMxU7hjdgEDgdvUYpPFel21rKht4U2lgSc42kE456jGcY6EfxdK4MLhoUcvwypNycaSVnur2t+u1kr9LntYrGrFY/EwqKzlWkveXXRbX1Wj1VtN7dfhv4FayLPxh8Wbcu8bReNpQiAlSrmOIhlYco2Tk4G44Iz1Nfpp4P+LbT6bB4c8dINf8OsFSK/cF77Tlfai5cHeVTcAByTg568flz8J7aQeNPjW8ESh08aOyZ+Y48uIYA5Zs8gbR/FjPBNfS2nXd5ZxLM8hUbSGjAf7rjncDkEsScY6HoSeW5sLjMTh+WcLpc8rxl8LSkrpq9ns0vno7HHn3DWXZxzU8RD31Tp2rU2o1qUlThyuM17yemnTTW/T6Hn+C1vc/GvRfEXhyKPXNJn0a4aCa1KrdwxSKSFkWMnfJErZPA6dOAa9Quvhu8iywGF5YhIwdGXbNEB1WRSMgjjOcj5e2QF+M/g18b9c8EftQpZw6rI2kHwlb3B0+5y9oJjK2/apICFxlT90d+oDV+zvhfVvAXxgjkutGuV0TxXsUT2TbFtrt2T53R+EcOxOdoPX0Bx6mExuDxDqzdP2Ep1uWpLeHOuXmdunfbS+ttz47G4Xifhn6vCNWWY4KjhafsnBP2sKKvKKmru8op8smlaWjSWy/G/4+fC27sdc+F97b25a0XxiF3FTtBwi4YtxnnG7IJxz0wOxv9Gaxa4jlXYsjSEYwEyrHGOCSCw6buDngk19vftCfDKfzPh5YGWNVfxmi3cICNOgURl5Isfw4OV6KM8dq5Lxf8Dpv+EM1TxHpOoJq1tYahPHPGxAvLdA5PlhAOijOeOAuO2D4lV045riYRmnzU6XLK94ydlFJPS700Sez7H3ORcRRxOUZdWxE3SqVKmIioTunF05pO+1ora9t23uflZ+0NJJpnw8vXR9p/tbRHGCd/OoRnHoBuAOecYIHJ5+rvB/i680+w0ae2umjuDpunMjjcFbNvGrKwJwSc9cdD05r5V/ausbpPhtqJVfKMGq6K4Y8nal/CPmHXPPOeuMgdTXsOiTynw1ojnyti6VphZwc5Itk3EHjGCQSucYzjFcFXB1JYus3FtOEHJWvbR3ivO0W32P2DKuJJUMFg3SrKMqdWpy8sndu1Nu9npeyfXR3bsz7Pg+Jdlrfh/V7HWBFDeLpN+Y2k2COYpbyDdlvusSO/JIAyTzU/wADvENxafD/AEeazm86386782xnYMkq+eVzC2SAec4U9eeckV8Wa7qTL4c12QXUkjDQ9SeCRTgxlLOQDDdgDzkDHTGAOOp/Zb8d3kPwl8MPeym7tw16sgdibjInIDLnk7SNwXOeM8dvLq5fJ1uam3FxpVHeKs2lyeV2t13to9rr+mPD3xSwc8FPAZtUgm8Rh4qU2nCcXTlrK9+WSTXvLXXWy2/RmUab4kjkktXWG8jjDPHwlzbuAc5DFS6DODjLEE4HQn558D+Fo7uLxFpet26Jt8Qag8VyUQ28/mSMwO/BI3EgFQRgnp027th4jhvGa8srsx3dvnbLG2x8MDiOaMkGRMfKxbtn6VyHwR+JyTXXirSfFlss1m/iW9hj1CFS8MbNI2PN5zHk8lsDB469PE+tVsLiKDV6T/eKTt7s0oxUU0rWV9pdL3el7f0dl+CwWe5JmMaPssyoOlQnCgnCVZQc/fUHe07JtpfFK1jH8YfDa/8AD8kl3psbfZzvkTy1Lpg7mwx5AGAwB+6do/H461+/ii+NXhA6ihidNOnRmK42HcpJIwevOcHsxAyc1+uV7aJHau0ATV9FuYi4UN5skEbDkKeSVCjABXjBAIIxXwT8RvhnZeIviRpd7pbRxXdrb3YhjddgmiY/KgJGN8eQDx3wRnp9nguIVOhRw9ZKMvbUneTSs4uL1drW0+LufzLxh4HRxEsxzjIKabqYfEQnhoxak5zg9FBpShJO6cbPVXTeh263OkXaxGN4HGwNkMpABHA2rxnnB688DBr5b/aI0u2uNV+F7RxqFHiuIkgjhWD4PGOOgPAH1HSxqdt4n8Ja1JaXJmiBdisDsdvlqcDaQTlckKABkAjqcCub8c6gmt3/AMPILmRxPF4kgPlsSyqfn7fKOCCQOMqeCCTn7eviqNfBzkpLm5qMrX0klUpy72dlZq17We+x/GtbhPG5PnToYinUoTpe3UoVYSjJONOa1T6dumm+x6bd6FG8U5YLnHy88qgVSMYzux90kHHPBzxXyV+0TpyD4X+OcOHCaaAFXAwBMnfuckc89fcmvv6fwteSWWfuhkYKwOc5ChSSehI7/LgjNfHX7Snhu6t/hn40hKANNp5BYoMvtliwyk/eAzycd8emVmdVVMHiLfC6MrNO104K2i0t37dN7Lwcjgqeb4KDun9Zgk3dN/vI28/001srX8n8Eaeo8GeE94Vtnh+xfLMoJ/djGOx98diMZBwdrxDZoPDmuSoqBf7Ivy4DZKjyWwM5wGJBJPr97GQKyvC9ncSeFfCNuZGUnQrKNxhlVAEAOSoPGF4BOPQdqd4oiuNM0jW4nmZ1GlXvlxhT5bL5Dli5PUDoBuxn3HN06jjhKa15Xh4ptPvSTutNN7dbtnfUwkP7SnJq6eLur3spOpFq7stm9ddLLW2/iP7L1uLj4ew7sEDxHqhYFsFlE8nA6McYyeOnJwea9/vkRLq8MCIcKodtysR8w3KTnqcjIGApwCeuPl79myS4k+Hytau6uviDVdzRq2c+fISqkYAOflGeuDnORj3i0t7+6kvFEskQ3qWLhxIxDDAy2AR34yO/pXLl9WpDBYOCjdKnFaW05VpfpZ3vre+/YjPcIv7TxtTVSlXvpe+vKlbqm27OyenkeN+HYZbj46fECIDYzaZpjbsjCBzglcDqOnUDgLwAM/Uthpe2KMtliCQGLA5IGdxz1zyR0wD0718e2K3cXxz8cwwzyJK2lacHkAbIVTwDgZPopHAzg5Fe9yT38cERNzevtAAMbEeYNuQBjBBznORkY/Pryqu3hq3u3f1vFPbr7VWafRxu7evnZYcQYNVsThGptWy3BJxabfu0oxvfWz/PTyPHPjPEIvjl8HkbjNrqQBZlCgmMY3dgAQPvEdPpn6ctraJY0aSaJCY+A00Y5LEEA55zwTnDHPtXwn8Zhc3XxY+FitNerK0N8iiWVgxwnKK4PG7gHHBAGc5NeuW/hrVLhN73UyRCA7EkuZmZTk9CHOc54OCPYZ5xy7FShicxTipN4mDa5mmmqUEru3lfpZ201NMwyuFTBZX++cXDCONlBvmftJbdrptfdpe1sj9qqKOK1+E7JNFJn4iaaXWN0dgvmRgnCngAdAMDuM549/EMMhJFxbxCN1aXfPEpUHBz2BwT3HpheGx8P/tB6fcWlp8OCTcEnxvYKZGnMhJDR8rliq9NxOMAZJxyF9fhtLwvdoZCnmZO6a5+UAnGf9Zk46k5468dK2w2OvjMbz8q5lQioqStpC66p+ltuj6mWIyeFXLcBS9pNKDxDT5W93CS6ppXSS/4c9y8d3uiW/gvxTH/AGrZK6+HdVAjNxGWZjaSYULgHJII9SOK8Y+CkG/4b+EZQysosp2IDr90yZDA56kHII+h715/4y0Qw+GPE80s0dyV0S+KbLk7QRA7HJMhycnAHTkdcYqb4OvexfDPwl5EtvGBaSKxuLlIyA0mBnkMBtYEEdCc56Gt4Y2LzOjzOKSwlRWclpedJpXfTa2u+uupi8oVLJcRSpOcnLGUpXkuXanJbL3tO7Xdbt2+lbuIm0vHDHC6ddlRwGLNbuOSCc8jIH6Njn5c/ZO2f8IV4sMkgU/8J1rp2vgEK11KcAkjGV7Hsfz9Turm68m7STWLCMfY7pgiahEFAFvIoGwsGdjgEYyB36gj5w/Zoure38K+KFuNa0vT8+MNWbbeX6RyS7riTDKpZSysOdx+U43cn5isTjIU84y2V4W9njOa8v5o0mnu0lpt66vUMHlMpZHmtOSmpVKuDlaz1cZP4dm7a300dtrn3ML2xiiMbSIhAJBDIQcjO7Azn5j1UdAScdD8l3Oomw/ao1DU7VEvGi8CpGsLAlGyY2LE446DqOcnJKk49fi1rw2lw/2jxX4f/dxhWjGoRkKy9dpySQxPIyOcYPevnu71rQP+F/6pqH9t6ZHp58HJEbuO5UxmUFfkRs4BxuwFPU7jU5nj6bWF9nVi5RxdJ80ZJ2Su3t636K3kPJModCeKU6MnGpg6kHzwau5cl4313SfXe/y+jZvHniOV4XhgtbSIbwwWNmbA7lsAN1O0hTxnk4FeMfFnxFquq+GpILq7WSNta05goTaFxcoQBkHONxxkk+h+bFaV5448ExRpHJ4ltPNUniF3cEZJGDgZzwW+bB5PPWvMviF4z8Jz+H1istajupf7W0+QxfZ5FCgSoWcyYIGAvC/7PHHJ5sXmEXQrqVdS5oJW5778uiUbW8007+erOjB5ZGni6NSngoQlCaafJaV3y9eVu+2l+vQ+tNKYJaRZYlhFCGO4L92JOnGV45GT064ya6/VIlPw68TSEqzyaTMMA8k7k/h7cdsA8YPAxXzfbfGnwJZ2yrNqGoOQkafu9NnPzJGqspIGCHPGRgY46c10up/tB/DqXwFrmnRtrP2qfS5oo2OlXBjLllbHm7doHHVsjHoc19LLN8B/Z7pxxNOVRYTkceaW/s4q7389H2vHZnybyLMXm9Oq8JVVNYuNTnslG3PFp73d99tLmjoCstppTxh/kh0sOQTkD7RGcem3IyM4xwOOtfuV+3U8F7+yF8MbiE72gHhISMFPDLb4wevQEjGD6betfz2eH/jT4Jk0y3S3n1KK5itrBVSTTJyjTJImVL7ApUlT8/BPOehJ/Rr48ftSeO/En7Pum+HvGHw91rTdChn8Mf8ACN6zBbtHpdxZQoFjvLiQpmKSYcxlj8wBxzX4vxBWpR4h4XxMZwlTp4in7Zp6RTnT03Xd6L591+s5TgKssrzunKMozlB2jKybSWlu9lZ+atfZHwZpZjPj/wARou47LOzUg/L/ABZJyM4O4nuTnpgZr0m+2NKycbjaEgkj5gInGenJIPXpzmvGfDmrpf8Aj/xLcQMhhm0+1mjljdJE3FQXBI53qRyMg+x4r12S5ExmcDzd1tsDKVLf6pgcnHY84PbnGOT+3YDEQqYabpyi06s5RcX7tr3Xa7bs9l+J+NZpg3DGUr392FJN2lo0k+ifpr2TtZ3OU+FMSw+F75lL7Y9cvsgFnLfMSVBGOckAenPrtrq9bDR6TqgUKEfS7tsbvmOUOT1ySAMHHy9u9c18MGjj8P6kjsOdcvGVWIGdze38IOcdOuck10OsXcU2mauSqkR6feRjB52+W2QO20AZLcZHYdBu6kfqD1WtGbd7XWjv6XTWrfne2/I6f/ClDdt1YSV3qtV06LXbyfXU4zwMWfwPob5yxhk2oAe0rg4BHUADPzDPqecXL5Gn0vXQ/wArf2LqG0HAA2oCMjhiM7sLyB3PSofh2yt4H0ZyFxHFMNpwcBp3UcAfKdvHH145FXryRH0/XTtVtmi6kudykg+UxztGc4BwOeckkHBxmoxeX0VdNSw8dLq3wq9/LXtszkacM3quyS+tWa3v+8ik/Tp231d7rzvSJpFs7KBpGUizhYMM8BY1OBwRz2YZxjHIpvxSWOT4AfE/Eg3ReGb+RGZgzfMj5BLDPcDOAcEcDDYzrCbbbWcrBdy2kOBkE7duG+UnJJAJPOR0ORVT4r3Bk+APxTcZx/wjN7GuOFIEbsBnGCB644xkYAGfNxkHLLcRFNXeDq2vtpT89L6beh7uFT/tPCSfwrE0r2t/z8h63/Ls73PwZ8KXv2aazkBLnNvKmQCMqwxxj5sEAhDzkFckV9j/AA48X6l4gl1DT7iKFYrU3MySRKY3L/Z2XYxGBtKruA9SeACM/C/heZhLZbxu2CHbt5JAcAjgjAHZv19Pr34Lxo2ra/kOECzFsDJUyW+1ASvJBYjbtAzyor8CrUknzNKTik46K13KOi1SS82rtdd2f0Bga0oypwjZRm0pJrXVLrro2vRN3Tu0f0n/ALPsP/GIniUYHzaPHN5Zwfu2W4EdRnAyN3QegNflveW8GpT2FhOkat9g1iRJih/dMskjgcZU5ztX27kCv1L+AjpYfsj+IlGWMumW0ayFeFDWYVlAwSOuCAcg5xjqPyyjuI21ezilJ2i111VZcbfleYL1yTk5/h6HI65qsA+eOKbjZyqJNNNLp1aS1VvRbdT0sU3KdKFtOXmael9Y9Nr7WutO19vLtOvNT0EWzaeyu+oR3EVwA5aO4igdwFkUuFDYXKnKhTjIIXNe6aJ4wtriXw7q9nNgWVxHZyW7El4pUgYyoAOSrSAlGYMCAATzmvCrXdLf6ZbkhIjDefPg4UO7BW5JwT7dz1NYGkXzeGdZhvJZne0tNVIubdmJFxHK+NyqSR5gBGCAWBOeR14cdl1ObTilzrXV7t8qal15t7a6XszXDYuVCUYSb5NFfW8WrW77eWm976n0Lpupy6xf+Kr6MOmdQh84PwcG7Xr3yCR1BPYDnJ5H4hWJubbxUYkIAngYknjc0ecnjIJ/M5UGtXwjcw37eKbrSsva3F9ZsBn5o/MuIyY5FOdrBtwORyueMHJ7rxbocdxbeKbZI3j504sRhcb4QSSD1HY5+bBHXOa+e9qsPjknFpfu07aJpKF+lkr36bdj2FRliaF1LpJt9JfFZpaWdldt2Tvd2R8AXWm+YWQLgNvVh1IYHg85IIwCvQ8Hr34C8s7fUHutD1RQY5g0cE7cmJwp2sCcgEbQeME9DkKMfSc/h4xXN5HGQfsrOrptGCGZQBg5yxJIxjIwD05rwvxdpkllqUwYBT5isVHy/KcncM46EnAyD2GOCPWrVITnaL1ai+ZNe7pFa7u/+dtVZLzKSlBR5k0lKz6pxSXd2VnfdrV7Wbt5XoXwq1m4udWtt4imitZrrSbiRh5N4YW3KhJIQsyLhQxBP8J9foT4QafGniFf7c0mzeVrPTTdW9xbxOqTLDKhlCsh2q+Pn6Y65IIYr4avrabRp9GnZhqjQOdNkL7BLEybmj8w/dkTBKE4x8wwOK6HwpZiRptQa6ddVtrKBVdz5fmCJXjEEhOBuwTgkg4G7OA1GGSjPknBWun0aaskmnd2fNbXz67p16dn7WMmmo6q+lktNVpd303un0sj3LwF4d8OPrmmSz6NpUkM2p6k+Gs4WDLnKqSUIZF6gcgY/GvpabQdK0zTLC9tNG0kW7w3qs8en2ylV8zG4ZjIJXgjA6jj7vPzV8NL+L+0NDs5FZZkuL5pI3bLEMv3kORlcnJwSDntjB+k7y9eODRbGZi0Ey3OxNxC5MoKjGDnnqDwQc4POPXq8qjCyi4zV1yptN+60pLs7ebTvfe65sM1JSUm4u8rdd3GSTu1pqra3TettyokdrGPF0lstmFbRdGjGLaKMEtOCAQqKAxOQcDDHnHr5t8RYdP07xN4muJGCK9laJm2ijMaP9liBcKqYQscZLADqeMZHqOt7Y18XwxRJDJ9m8PQqylV3Kz5JxwSVx0x6jHIFU9c1qwm0jUYrTRNG1LWJ7uOzupLy9gSSW2ighGxkfJVl5w4/E8V9TwxUcMRUk4xs6CunG92lT0Vk7tt28rXXU+Y4li5YalBP3VVvdX1so3itX1slru/kH7Ner302oanb2Egngg8P3Tbful8qxclEx8ygqSSpKqDxzX0B+0l/an2n9k37U4EM6tc7hMAtsDdqpaRmJRNqk+mMc5AFfOvwn+IMHhbxD4gew0DSrSeHw89s1lbzxzoyS5SSXcpYFt2SwxnpgjgHJ/a58Z61FN8IzDOLiOXwncTQ2iSSLHZSzM7HyvmyrjIIII656V5mauVbiSFPkXv03FxSuoyeHstnrrJaLW69T0sptQ4blUldKFRNWW/LUi29fL5rXomj9dv+Ch9t8PPDv7O4sfDmuWd7q8w8KX9/BBr9tf3M81xFCZQ0ETscIxbcSAEzggkjHyf+w7q1rZap4JjXVIdOl1DxNd8m+SApG9psO9C6gEnIJIycHt0/My+fxBdeGGvJLDU73UZrSxlnN3d3l3F5JkwHUSyMPmUbQM4HRSAMlvh8eL7TV/D13YWOqWUNvqdlLKbf7VDsyy7nDLIPLVlHKgAkt3JJGuG4UcclxmXzxtpzq1K3PZ6Kai1DlbutEk9XZ+W2E8+pwx9HFRw0pQUIw5NI6p2cubRLfsuup698SdB1HVfHPjnStO/0yafxz4n3Msyskqtf3GJSyZJUbtxIOMDJzkGvpTwb8Krrwxe+DrPUdd0ue8uND0+9XT7SZZZIY5L3DMArFo5YQSXV1UkBvunGfmTwb4isNF1zxD4h1DU5rO8+0arFaW/kGSRp5kcF5/NJJZn4JA3HBILA5ro/g/4h8RXXxuvL261C7vI/wCxN0KSkCNI/LV/kjI+QbuTt4zhsgisM4yzH08up06WJUMPTwN5fupOcnThHlSbXuq6V2nqvLU6cpzLCSx9KcsPJ1KmKjGKc04wi3F8zS7JWfby0vZ/bn8I3Nv8W9Jlt9RiOmx6TZSzTbiBieJIXJRmLEbSTkjGRk4/h8yuPCaS+FPAjRa3YWMdp9sihubqYRxyBpmYFSxAztwBgnn5RnpXW/tn+MoIvGYOpSTv53hzSgEAXb5hkjzn5SFAAOTxyRnPGfLPE62k/gfwXFPdSx2toGZGAVELTwmYAE5DsSepHOAO1fU8MOpDJcnhKam+WOkkm46XV9b2bTSbs/nc8HiP2Ms5zLlv8adrtr4Y3Se9rrq1szrtG8KWN5fandnxbpwl8t7dVE42uVjIJ3ZClHIJBPI6jnaa2pNEsh4K0yC68Y6fbxxavKGljugbeAbiMMwOVdh6nHrwMnxnwXYXeu29xbeHbO51bUQs7SLIVSNIhlfMlkwFRSeFJPJHU16r4v8Ag7498OfCLQf7a8IxWN1rmozXsE0d8szXESgn95CCSoVOQOCcnrkV6Naq51ZU51WpqqmopRtLSyjF6Nr3W3vrdq+h4lJe7zxp3Tg3dKVl8DSv1b6vdfn6/wDBe00601xP7M1lNZV57jbNa4Kr5cZwJGAYEsMMvJA5zxkV85ft6XFwmq6FHMgXd4UuvMaXaZGxqUSrg9jjgYA9s9R7b+yvJaadqV5pbabNZbLd7t2lAO6VFCsyEcpuO7bk5JJ28ZI+e/2/NWtJPG+h2EccrGTwiVUnopa8icAA8EkjnOOBkDsfgMepx4p5HJcroSabt1hDy95r79Nr3t9/hZwfCScdP37jJ3etuTTW/wB27dl5HtemFm8B+DTDdTh38OaLFJBGwJXNuhbI75AA2gnkEegqs9mRb6jFb295JctfWhUOCAoYDgnbwxPbGc/wnknzHwt+0P8AD3TfCvh7TrrRNYe/03RbK2nmGwxfabdFG5Nyk4bGcnPysRwAprUvf2j/AAPLZ6jcQafqqyT3NncR+UYwgaBlJjLFQeQDk5znkck16XtcRBJU0+Z3966StpZ6tJNvpu20z5KVGM5N3Ulo2uW7Tcbuybfp0s35oTTLS+07xLrRvLO5VE1ONZCuFVHKkjcwUDnjGcZGQO1fPnxb8B/EvVdW1rxaPCGq3HhcRMratFaM1tAkKsGLzopj3Luy5JC46Yziu7u/2g9NuLrW1fR7qe11XVFvlzPGk0OzojMBuz3zkcZ5HBHM65+1b4vHh7VfBthe3dv4bvYbmKbTWKTmSOfqpk2kLjr97d68EVssbjYyiqcKc3JxjV9pPWz5VJ2V7tLW2m3Rjlhoa885q0W1yK7bfKkpJ2Vr6+67r1sfn5rV5LaXskMMh2A43KMDJ3AgnHXIwcA4JPtn279m648/4hIDIWP9kXeVLdW+UHdz+QHU5wM5rxjV9NvtVuHuLO2IjkZh5bFQQxLEMOh3Nu5xju2BmvYP2dtE1PTvHDX99D9mto9OvEDu4AZ8gBSx5BJbA5PUD2r16daKr0F7qTnBtJqyfNFvXS+u93s7WucE4TUKrd2uRtLTRJLbve2ny0R+gl3Ivmwxnau7TnxnIPAJIJz044xjPOOoFc1p8qR2t+4KqdkJO3Jx85z0yFJPfGTyCcirN7dlrmzkcHyk0yTcQysp4Y4yM4PbBIOCMkjkYWj3UQstTKlXWSFT8x27Nz4zjAO3j5sZwAflr9AouLVPkmrSV3bonCKu2tdZbrbVLqk/j6qm5Sk9Em0nLmsk9UtrNapdlfW19OjS4ik1aAhxsFinBHBIU7uGJBOASSOwHIwaxbm0tLxbp5oopdkqRjdGGwu7JGdo5HIYEEdT2zV1LeSHVrIkiTz9PDhFZSFBXgBcZz67ugzUM7xH+0YViKbJFkLK4xwVxnIIyW9c/dB7YredGnOGsVJ3u00m+blVkuiX3bnMsTVpt2k1a3upXUm2tbra1le67WM1/CuizX9rEtmqLM5JZQUydoPVSMHqRjJY8dBzwXjjwlFY6ReXlleToIb6LzYJJfMUr5g+5khewI6cjAYV7EhVLmyYYOx4iMsPuyLyQPQ+g4HYgDNc74+jgHhLWJGUGSO6jkUrkDHmAkHIwTnJxkdVPQ15WZYDD/U8RUjRUZKm5R5Va75F1T6X6dOtkehgszxEsTQpOWkpxi72a15U1rdbpvdPydmffXwAv9Vg8M+EhcRwTwS+G9Xht3ZNjRFrAbd5J5J/AKSDwOs+pa3cS3elWcoXYI3VHUYVmV2O3P8AEevGeMHjA4534I6xdXPhbwlDIAEt9K1ERFSF3o2nhTkbRuZWHVvQDkcG7qZb7Ppt3HGG+zzSh+w2tIVxluBuPc4yAea/LZpqtTvG14JP3lqtGk+muiemmzSufrmW3nh2naycUno7rTRW0V00lqndWM3xRM13Zadb7ySs021iTgFXQ8EYyQAMg568dQa/tw/ZbDSfsw/AxjzIfA2nrk98RRgc9RkD0xkEcjp/Ir4M+Blp47+B3xA+Lcmu25ufAE6rF4UWWNL+4F2yrLdzAkMIIVbeGZSGwQCScD+u/wDZNVH/AGWvgYV5X/hBrBkODjBhjYY/iyBweMEHd7V83ntaNRKMea9KUoS0dk7RaS01SVtrqyVkeg1KNOmpNa1L20dkqbWvVvZdOvuo9gZG+YEYYnH3vugjknHB65x0+gwKkRQFJbqdwx97GD0xjOG52kcjIbIHS46YYgAA+owTnn/AjHoD6cMKrgHggHHQAnHXA9x7ZBzxmvmZXaSSWiW9rX5Ve907NW5lbVa6atu07axSbsm0t7e7ddbJ999WrtNorYJKBlJGDwOCBnpkYO4c8n2HOKYFJILEAEk46nBOO3JxznPIPPGBVnEZx8xOR8pHPOeARjjHQH6EnuW5DckZI4wDyOehyASxHptwRyMURim29Uk+l1o+VpN3a/XVfOY8zdtbWS1vsml01vZ2fKk+r2uVSrDdhupwACDk8dc5x9ARg9RnNNP8O4gE/KOcg7SS3Hzc4BJ544+bHFWyOm0EYOBhs53Z5Oe6g4HJ44OO8RQMXJyTkMDk9B95cHqOPmI9ugrXlTtZ2tbqnfRaJXX4vp3VirtPSLStFNWTUrWtdPmaXLfVN6263bg6lduWUnIHPy8ZALe/GN3+NNYNkB1IGWAzgk4/DO3AJOTlscc8VZWP5MfLh+SQCQNoLYORkD2yR1OM4BaUBU5yuc4IwcHjBGcjDZIOD684aiy11f3PbSzfZPyT+d9cnKz5ttU0ui1ut9LK+nkVCpyuCCvUgDtnsef4cg4498ZpuBuYHON2FAP3cjJw2QTx78Y65621X74wDhlIIHXJwAvH8ufUYNIQH5KjPG3njJHYdc4649epzQl8Xpf8u/l2LhFNJtrTW1rp6Jrvvbtqmru17QRg5zuPGCpJA75AxjPHbt7ZJNPckg9NoyW7kgHgKcgKx7MM57ZwVqTZyh242jLD1wDz+B55yDjp6s2HIB4DcnIyMDjJ6Zz6d+uM5NS10d/vfk9nfR9trabMvkS130WuvZfLt6NryEJyMbSxywGduBkZywAGAvTjHPOSRkwnOduM8/JnBwcgnjjI4xtPQY79ZXUhlGdu9iWx7DOCCOpPpjOBnPIpxi4b5hkAEZAOM9SOe+BjPTAzwciuV6J2103vfom/67k7NL0/RXWum78nblS7wlWfdlAN2duDjnp3JBOT165ANRsrY27TgkBgvzcHnBx7cFc5GR3BNXPKDNgNhVIO31/vdzkHnt1689GOBxuIKliwXuoB654PTHPXjqaXK3opW6+du3V336X069blFS9XG2rVviXRW7y3v0bKrr04UkEnHI6DBwSSQGBIwCM4GeQQYyVG5c53bQqqcYPGOD1A3ZKn0yCBwLBUBSck4ZlOB0BHvwR1z0weh+8Kj2IScA5T32nByAo6/Mx56DsOmaqML6v16aaRt52e/e/ySLq9+VJaNpWs3ZbdF22WuzumyL5dgAyRk4z82WHbPJIPXJIIOQvTNRHnClSFJB256HPGCTnPQZ6EH+9V5UP3WHAO04A4wfmGexXnOOnrkYpGjUbxgbdxOQM+nJJ+6Cc5HAHZgMUctnZX216LeHrbTorpNX0Ts4sr7J/l9n9L21fqUZFycFchmz1xhcnkY+gIXIHOOMU3ChnViwyF4AJJyeM4/ryOOhJrQ8sEKOBtwTjOR6k9eG4xgZyB1J4jMSkZyMsCd3Qg9QNucZI7HnAHU04rZNa7+j0fVro9dF6OxWnS+6ta1rK3XTS3r10sVFRd2GAYkYAyMAA855xkgZPPBBwcjNDoh+6pGSDg85A42k/QZz0yevXNho8nK4xgBflIIbgEDjBzzzzwB74RYiWbgKoOAOh5BJPQALwPccjBqrrTXbRvS32Vou3dr5W6rm5Vdbqye1ul11VvRbq5AyJs+4N25gQcEAD1+6OfXPOPxMLIuOFwOM5Jz7gEnOR379fwu+UcgA4UgsckEEnJ3ce3AyccduKQRgADBBBJyTjnBI4IBJxgg9MdM8YFFXTvomtFrbRbXfZLovRaEyqXSaavZa6W1233ttvt6aURGAcBRgnI5GQoGSMngE4OM8ZJJGflMZAJYY6M3OQ3fAUdMkHOWGD1+U4LVolAFzxk9QRnnqTx1OQSR07DpmoxGBvVTtIAwAPlO4ADk4yBknPqMZGDm7rToutraXa0+56a2/VJ8zumrtRt2ilrdrR67d27K6TTdEEsQrRtwoYdAG+ucc4weOSBkntTmAPRcngE4I5AyV4BA7dCQw3DoDmyYGJCjDMCCQeAVHIBAxnaSBnIwoznigwnbjuMMegI44HHQ89+uOmeQKzWqs9PWz6dNN3ro7WBxS+09r62s9U+17NO2nS+t1cz2QMzFl+7wNw5zjIznIwdxwPrxmmvCCSuR0AYHDYOcnDDHJ5IHQVomInhhgjBJHzNkHGckbSSOcckDJUHJqMxYyVIUAbcDqcdeue2cnHHy8YGKztytWd7NXXa9u+l3s39210lN2XbTd3eyVtXotL9Ld9jLa3QgqRlWyeijIH67j/Ce/NQmJuwI9QD1OO3HQ8k4wPxAJ1/IyAAAxOTk+hyTnJxjOAOF47nJoMC469SCACNxJxwOfTtj046mtVJtX76pPZOy1SVtfktuoN7b6LVWW2mml77JPd6K1mZJQkhTuC+vQZ5IKgAbhzjI75554f5RbChskjBDdmXBbABO7OBtI+6e3PGgYwWAA5JYkkDGQADjjA7cd+DjIOVEYDKAFUEHO4g4OeDk/dXoDyOOjA5oTaej12ur69Lea+XqDkuttu3VtXdu/n6bXZnGDd1yQxzzgfMBgHPc8ZbnJ5GRgGhoQpz827bweSOevQkg8A5J7jgnFaflkDaOc8k46np0OCRxwD19egA0R+ZSu/pkghSMngY5yO3ucgHqVfO07b36Xsm9FbW972X+aCSUYuXXr0fSya16676Xu9bmcI1HyqoJO0gE9Nx4IGehHGDyB0Hoxo924YI+bGeD6cH7vBP1IPPerZjKEZH3VwdxILZz17jBwVHfgEEEmjyWG7AHQMOmcrxjB6Zxgkc4GSRxiuZbpqz11srR93a+17/AKaO6MlJWtK99LWV73tZv0Wuz7vZFXy1PUBRglcZ6AcAk8leOpAIHJPqnlbtuVHTg4POSRgnBOA3Tnkk9CcG0IWBAGCwPOMfdKjgj88nHrntl6x45cgBScDGAcEgZzt6DBH94g96lyTWjtZxaXXRRd9FrdO127Wf3Hxaarbm6ro2tXpo/VbrzyzEy5GMgEEZ7Bh3I6YOW5PoGxTtgyM5GAVYdB3xkk47jA6Zzz2q35eCoJxnOQOQT1APX8Pb0qLYM4K/KSW5JxhccYznpw2DnntV82ttL+ei6a389bO3WPdohwWjv20ejvdLa6W7Xfe6eivUKpyMYUk553KMKep9Cc55/E9KQIORggZzuXH3RxjOSBjoGBGeDnGKueVkfdGSMgg9M89jggd+WHbPByjRgAjdjjPQY44HIHfJ56E9cnmtoza9N9N+ny2va3ZdzLlaSt/nokknru7q++lt30z2jDHhTkAYPfGR9BtBP09O2GGMY6YYDBOM7iO/zZyOMdzkcc1fMe5TwVY4OTkAKvJOBjOOvoB2PymmGEFQx5PQAc7juzgc9Tnrz6dht1jUvu9NFddH7q2fTV30bej3eufNKFr2tdLX4ru1tLarRX20fSyKDQqzqeOmSc8scHOOg4J4B69cHGTE0PXcDypIHXAOMZYHGSOQRj+YOiYiyggDnvnBOO3JLHrz3NR7OG3BcjOB04J4GS2QqjoSMk89CMbKSdrN30Wt+bZfdpv2BTTva17ba3VraWfZ730b6980xogOTyAMHsM8c5znBPcBcH5cYyIihJyRk9BzgHH3iATnkgEjp3xzWg0XJOcZ6DGRkcDJwe3TB5z1qIx5OdpJ5+bouTxxtxnPTA7HHPFV1XTu7fd16avbuQ77pbPXvt0W39NLV3Ke05bjAw2CBhj2HzA85Bzx3G7JyVpuGwdxxhQApOCepP8ADgkZxk+vqcm/sJGSjcAdDzk5zwTnOeufbjFMKA4yF5zkH5uBjjJO0DjI7d+MfM7L1229L9rb+enZ2JvzaST6Pa+t7929Fa+l1fe7s6+07T3GMgA5J6dQ3QZXPv1GDkU4oMjd1ACnAyMEjBC5xjg5GcY5G0cmwEXJHHzDaBkbemBnkrx1GTgg543U0ggsDjO4HJxnnOfoScZ/DnFS9Ou7Xp001t/WvYmLW177J2u2nppu3pa6V1a/yINg5JDZAGOmM8/NnqM8ccDkdicqoO4jksAACe2c8HpgnOSOOCOBk1MVYFjn5jzkDOd3JyOmSMH24A60gjwT2IwTz1A4+97dMjv3qlFb82lkne/Ta192+vV262HKWySTVu2q89dunqldajcDGdxPIJHf5eAB2+vp3HQ0MhGArEEnnIyOcZ6cjG49ycD5V5AqQoVx0ILYIGTx1ABOPTqcZ98UbecdMEnII4BwRx1zx1PSm0m1bb7Vm9Fpqrq+jvfR+q2I21t5fd/lf0IEXC5JwPm6kfewMkjHA7YIPOACMYM6sRtODnPU9COBgA4BIP02jOOc5bt3ITnPBOQRnIzkntnGcADnIwORkKE4G4554zgcqPlwTtIzzznk8ZxgP3dr6Ozv6W00fruk1u7hJp+WsfLrFeSt1aS11VncfuDB+gyMHnGeuADxjB6juOOcHEZOAuACR1BOMZPoBk45wDwT3HZURlBXgfwg5xk55B65JPcdceucyiPH3uRtwcjqcd8nBwcfKMcg9uAttLX1vdPS9lto9ElZrW97tExduVy7J731bjdLVtq1+97K19nABkt8oIxxnPGDnOT19Cue4b0FPRfmAY4HXgemcZ56dB7c+tWDkDIAOcAKMY24HpnBBJwO2GJA5ygUFuQxLEKR6DI5HByeecL0yc9apO/Rf8Gy6cy009Nr9UQ33tonayjy2dkr2v8ACut272T2Or8L7v8AifNkYHhzVyeMdLGUgg9u/OM8Y4HT+EX4hziP4tfFN1kId/HviXZhDhWOry856gjGQeO/XNf3g+GUIj8Q45J8M6wOeB/x5zKmDxkA/e53fXIr+DzxkUHxW+K0lwiOo8feJo1y5yr/ANrygYXIGOoPAJxjHOK4MYuVwt1jNPv9h22Xpr3210+jyV/u6rio8ydJqV1/LJbPTrrbe2m56rcJcXHw/ktY2lnH9rWFzKxOAGMaH5Ce+cjJyRkkZHFfjX+2hc3MvxavdNkWRG/s6AK7EptYxhQ24EcKDlgQMA9yK/cC3s0PgfW5sJHJANJeKRH2oGk8v73OM4YhueuPcH8aP20oIbz4qnbGj3DadZxyyggMXYIhYtx15AyRgnr1x+j8D1V/Y+JUU/cxKUUk7yuoOyT17Xelra+Xx/G9FvNaLbblOlB3d3FpSjdNq1mm9O1t1Z28l+N+hQXrfDXw5Y63/b+oxfDyyhnjjcJZabJeRJMUVR8vmBN3msSWYjJGThfs/wDY2+AfhHR/h/pnizUtLjuvEV1rV4kurSGFYrPTbRX/AHdsZgMB2G6RwAwGcHJzXwR8UfEXhbwJrGj3EFxCTFoGjxNYW0huLqa7EKNJvkDExq+CrBwCASuBkgc/L8d/id43XTPCnhiXXLLTmumgsPD+hpNa26m4IUtcyKATuL5fLLkc85wNJwisNBKcniljo1JRfNeUfac3Irb3dpW+b0WuEMXGOMqynRi6DwUaMLOPLGbp00rXWvKlfW1/eWq3/W34t/GP4b+Hp/Cwv/FelMuia6ks2maVONQvBFBHJGDIInZg+SPk59xjBr5+8fft42ljHdW/gjw8vWQjU9alzKQSQHj09f3xf+JcE8c4PfzHwd+xN4+1zTtK134ieIbPwvb3mtWsD6fbN9q1J4rgiQyy3LlvLYxkg7sEZHrX6HeFf2ZP2c/ho0U39hWXiLU42jH2/W2F/cB0jyGWJyyAluQMckgYxgH6ONXMcXXxFSUvqqjCnzQb95txiku+trvbtbTTwIUcFhqdFcjrc0p2nJ3s24uTey3atumtfM/JvXfiH+0r8a7W+h0XSPGGtadcW0jXF4IptN0CK1JBIKhY3MYY4JeQgqffC++fCz/gnf8AF3xzoulat8QfHcHhDRL2zju4tK0RQ92baQk7WvVPnB2xglnYA+uBj9FvGPimzTRdc0nQNGtdKsk8O3SxPbW8VqixhCTiOBYhnAyNwbIOTj5SvWeANYv7z4feEme+PknQbdEWMsFKhnAVvmDFmAOeehwPbGngfaVkqs5TbhzNOTXWKb6X1dtW29Vqi6mIjGnzUYqNpqOmq0jFptOyTVntG7tq9jwPwT+w7+zr8NRBezaL/wAJhrkRXdqHiKf7bI8oyRIUyc5Izhw2SeQcYr0nSNK0e1+MWm6folha6dbjwfcokNhbxWkSrCBt+WJEL8EAF8jB5OM49EkzLEZF2kjAJc5Y8jOPmyc5P4EdRweY8Pwl/jr4fZYXED+D9VDAfKWIjjHI5HB5OAfbJ5r1qGCoUauFlCMYr29FXStzc0rN/K120rvuebWqVJ0sTeUnfDzfvPms7Xb9e9lZeeqPYLPRXQuJFjRGxtZsFu+AAeN3UsevB5wWrlbfFt8Z7W2+/wD8UWzMR0Gxn2nBJGCCPu4GMA9MV7xFpqSQFzlFXayqMNuUZ5Ock84474568ePX1sq/G+3dAQT4JI6AYO5ySMjpj7p65wOQK9zHKnBU4Jp3qxbbVna6T0WltNHout9UfPZf7VSqSmnpSdnq73cFZ6u1tnq9E920z56/bauZG+CUKgrJJc+M9CjIBO0KLsDB67sgZwMHPQ54Hwj4qiFnb3JVFMhgtQOwO2BPlQE4G0dBkk4HPUn7E/bu8T6Xp3wv0TSFvII7u48caLK0MkiGYxx3Ad3CK2SqAlmBXjPGa+DvF/jXw5dwyQx6mZZleEFVjbG5ERdquGG4ZBx02tkHmva4TqUqNTMryUdKW73VpX7d2rapuzep8R4iUMRif7GcKM6qhzttRbs/3e9tklJq70b1s76bHw7Z2a/WNQp82McMBkE/PnkdDnGO3XH3qrfD6Fp/EnjdGAIGoqGyDjJfDcnPbIzg8+ornfh74r0bTBdyXDXjvPcBYRb2zyhiSQScZZcDHGMDqTg0zwB42sNM13xrPOLlRcasrW+61aQmPcTh0QHawzt2k5wMt0AH0dXHYWM8I51otqUrK+qain8KT8tdPxaPj8PkOZV45lGjhKi9tRpKHNbllacXdX2tHfy01PozVbW2SBVigXzPLQEjLbsEdj90HHTjPB6ACsXRPMN3cxbAiiWMAgHJIOBg4xgEDPQAdAeKy9V+I2lXEA2Wl65IXLw2skZU53DDEYxkHPBxg57isHSPGttazSS/YtQuBJOMgoVKjcTuyQcnBwBjnPPYnavmmBmnyzsmnZKM0topbJeWq11e2552F4TzylVSlhpU1zpv34R0Ti2nq205fhZ2XTd+G4E1740jDlZP+EhcAnAJKoD64HXJyASASeOD6o4ihXcyo4I5+bvnA56k91GBwR/exXyhoHj2+0C98XSWtlFKt7rrSosr5aNWTlTwWDKPy6HkYPTXHxX15hGIrGzIYADCs5BJHAIwwGNwOcHktk4rw6GaYelSXvSk1JrRbptbJpror2100elj67E8K5niMR7SPs2pRpbyV1anBapN+vzXz+iDFstr4ske2SyumUljkL5MnQ55LcYI5wCoNZ/w8ghXwvYNkD5rvIY85M2QRnjpkhfl3EDOec+HJ8TdcMN0kiWrNLa3CGMqSIiYWGc5yAQeuQc9Aao+FfiX4js9CtLe3EDRxLPy0TOwLSklWYD+f8PPHGeeWb0PrNKUHK0ITumm/ilFtya6Lta99Gnc7KXCOPeCqUpKir1oN3kle0Wr77X6vvfqfWt5ax+UFWMB3Q/MRxkkkDP1AHXnOD0FcD4oRE8KeJi5XdHp8xADrjcARgDqAxxt68YzjBryRfir4zumeIwF0+Vd62sm0KAR125JbGOewBGCAa5jWvGPim70TW4JrP8AcyW1wsoETKBhW5JJBJ7Dg+3PFRXziE1NRjK0YSXwK20Vry6u+z7eTSQ8v4PxWHr0q8pUXy1IO3Mr6ct7Xb2SV+r/AAPbPBcUVx4W8PFojmSwiLfOBkAewJOB3HB6AkHNdelvZQMFMUeGY5O8DjOeeOexOD06e/zh4T8ceKbfw5osFr4e82G3soxHK3V8cDgnOeAxHPBGck10j+NfiBNJEP7AtEUjC+YwDAkHs2Dzn5uNx5GeeOD6+5U6XLCV0ope47WSjfRpNWu9m2t7WPXr5NOVWrKUqPxys3JKybtq3tbbfy0dz0f4iW8SeBfEcyW0RT7JGVPmDhTMoUbTwec9eQNxPNcJa213e6dHbw7SI9HtXkUvhQfLC7QT3AY4OSMdQeCOY8ceIvHN34Q1yG503TI7YwReYQ5MnyyodqgEAgnABxhRjA6Uabrfjz+z4YrY6LDFc6RA48yJmlWJY0BQMPnJPGf4ccjP3qqliZSxb5oy5XRVk7ae8rxV7JtvR+VrGFfK5rAqMJUoyWIbvF/Z5YaSsra20VtbLXc0NB0u8GqQiKEEW90UcwjzChOeCqj2zz65J6Y0/FTrYeNPAd0Zd08VzflBKjA+YNuBt29iep4wM8/xcn4K1/xrBeah9k1DT7XyrwrceZas+CRggFgQBy3zE/UZ4LvGd74g1XxB4QbUtYtXuBcXYjksLYJLEG5ZnBXnGTknOBzjHJ6a+Jk8PFqlNNVYac0U21KN3o1ZLtv8jjw+Vz+sNVa1KUXSnGVk3vBXTtFdGno9UtfP3hviNqAVxudxHlP3ULgE7iDx2IxtBycnJBwMVVbxlq91EjJcy+WGLFTEFZR/FycfN8xyw4zkn+9Xlo0a7eN3l13WZAo6RQoFZTuB3AIDkjGGypyAe2Kq2mjWR82Jr7WZZnkKsskkkagjbndlgoBHAGeDnhcDI8ZXataV7KyU9bWi7tJtvXdaX7bIIZDgrL95Ho7Km7vXyWva2u/Xp6lo2vxSfE/TZ767igkHhyfLzyIFcYUYBJ+8RnOM8jGa97g8Q6Ei721W2VtoyTOhwehXAPGMbicBSCOcAmvieLwtaz+P9MhUyKv9iTM4kllldSOj7kbgDuowCOACMA+s2PgiMM8ry24jbB2fvixUH7g3MckgYPGcHtzXNRxMouqtOZ1W2nLVtqF23bR6d2r/ACO6tllKUMPyybjGjFfB2bvvtp3volqfQUPiXRmkdv7WtDEwI2iRQ7FQMc4YbQoPQA8gkH5a3fhLq2lD4s+KLma+soLZtAsQsstwijPmudg7EnJb5cjPXpx4ro/g60ubpkghgQQIrNvSRVYkDdgk/N2JwecYGcZr6I+B/wAPNDn8e+Io9SsLS/K6LYysrCRVjBmOVXBCsQPXn0Ixx52aYn/ZZS5buDV0nfRtN/jff80Rg8FQVWph6lSaValKN1G63jvdpWem7v0SPsDSPEHhiLyA2s6VHM5BU/bUZcEBQDgHkY5HrkYqPxlod98Rb3wx4N8DLBr/AIl8QarDpumWFlJ5pkubk+WjsoBxFAWEkshwqqGJODkdRYfD34f6dHFeDw5paohWV3ulk2woiZZ2y4ABxxkkBscYr9Wf2D/gRo3hWy1X9qPxhoOnWKLaTaL8MtL8hflWZmt311EkB3XN237iAgFl+VgQen5ZmHEE8FUq1FCTkouNFNvWTUeWLS8+q779F+mcK8H4XEypu8pRg4ym2rKSTi0tG46vzb3eux0/7LP7AEvwb8EeFfAHiu9tdQuZNZn8XfEK5t4wsd5rEsYkt7MsMhks1PkEEkNtJJGcH3X9orX7XQ/DOqfZCkMUKQ6NYQoCoWNSI02qOQFBUAjj5eM9/r+a+XR/BWmTXWF1nWWk1C6LH544pFMhjdmJb5YiFwTwfXpX5cfHzxQPEWtxaZBIZbeO4a42Lkxy3RfyraNFH3mDAM4IJBJbIJ5/B+JeIcTicRKOIqylKMp1Kkm07OajzXu7aPRbWVtLaL+nOHcvhSoRjSpqFGnCNGikrJtJJtJ9Fra2v5nyJ+194mfwB+zLq1xvMdx4lktdDspgWHmySBZ7pVYbSQEZoz2JAHXBr+fmHUrh9QVVdjtZIo1AymSTu3EnPfnLYySeozX7Af8ABW3xnH4b0L4IfCKKZVns9FbxfrkKMAFuLkBFilHUMQx5bjHccV+I3hjxDFf65FDLII7fz9wO4bR82QCcZJyR8vO7PTkgexwti6kcreJUnJVZzqJrdwTSSe61VrevU8fP4KeNjTbSSgopXe7UdLpLXWyvbo7qx+2H/BOn9lu//aF8bLDrVvNH4Q0OSLUNdvzHuhuY1ZWSwSQDG+TgHlWC57DB/eb4r/8ABPf4LfEvRtM0DTtK/wCEPsdJ2BTpCeS9wFUKzTE/M7yMC2CxGWOMhsFf+CZ/wv0v4dfsy+EbyBYTqvjSP+2L27HlRSTIwHlRqS244QkFecYI7jH31qmsaVpNld6lq99Z6dp2nRPcX13cXEKxWtvAC0kkrs+RtUdBgcFfvA18zjc8rYjHynGrUjGM3aN7WUZJPtpo7tXvfVWR4VSFSEuWELqNoqyvzOTW6Su+qSvbbU/m/wD2x/2C/gd+zB8I9d8fy6ve3/iPUnTS/CumTyIpa7kUM1x5fymTYAcsBgnO5s8V/M78RtXmhvJ4ZJPMDYVmBHmMxy2MjGcAYIwR74zj9xP+Co37Ydp8dPiXdaV4evi/gLwWs+maEYpdsOoXiFludQABVGXzFJiLD7p688fz1eNtVWbULm4E6MskjAEvuOc5MgYHOCcDr8rY53dfosrzDFYqTc5T5FyqLbbbScVtoveSsrWurM66+Ap0MJTlUt7adpyTSvG/K7bq2iVtnez1scnqGqTRB/LbjdheCSpwQWYE5+Ukk7sj+IHAJrnjqjxoWklkVgxUsDneGPGO4UjGcAZ454NY0+qvJLIjOx27yzEbS+T8oCjnIA6g4IA555xpL1TK+GXbgYVmzgjcGYHPB56L/LGfqqcpWV735Yy10tsrdV3XMm7Wad3qfPVeVJvu76q29rXe2t9LPyv0OxXU2DZVztKhUGckEj5m4znpyfxOOcW4L55gFa4CkvjBJwAuemMZJ9fmx9DXmhv8Ps+0LGqncHIGNzYxyMckZBGAQfXrWlDqUUOWWQlgF2qOQGJ5ZsA49T3BPToKcm3d28m9LaW131Sfz7bXOaE4N66O99beT1vrZaPV6dNme06ZejakYZ3dirBQfk2kA9RkZ5IJ7dcen0V8PoW1S8toVhLliqbB1Z8hVAxwNxO3g8k5AAr4+0jU1OEMoyNpWQtlcAltqknkkkbRknHUZAA+7P2TjperfE/wJZ63qVtY6PP4i00areXjqtrb2yXEbt5rOygD5fmJPIAO3jny8fWlQw9aotXGMpWSvflinorO12rd977no4KCq14qeibSXXW8db7W30v8S1ta7/qn/wCCa/7AXgjQ/CeifGP4s6LFrOu6zax3eiaDfxlrTT7TIMN1PC3DyMdrKG4XALfe4/WO/wDDdjP8T/DsEH2a00mz0C4lksUWOK08iBN6CSMBUSKKNG3EjbgHr0rz/wAF/FP4aaX4JgvbXxl4atvCnhzR7ZZtQTUbb7JDa2lsjOqEOMbsHCjqxAxxX4cftrf8FTpIJfHemfCCYQNrmmTeFbDxGZDFNb6QgeK6vrLBykl2oYRyDnGGJbdivzrDYurmVWm60Zycqt7bKMU1dNtaK6S6q73uj3J4ebnW5HyQhB2UvgWsUrbXb1fnfqfl1/wVA+KGg+Kv2r/i1c+Fng/sWw1x9MtprB0+zTz2/wC6mmiKYRhvVlJXdzn5utfn/wDDjXk1HW79pWIFrptyQxbknYwHXA+bAXrk9T2Fea+OPFlxqmo3moXd293JPdSzXDyyNLLcTTFnkld2J3lnbOcliWBJIxWx8F/tOq3fieS2tBNNDpzqm0gbTIGOWwcKAO/JHfkbh+x8LRjTxWDjJtKMo817ySXu9kmrWsrt20a0tf4nib3sHinGV37NqzV7pKKVtX1u9NUeRa1dzyeJb+4iuZLeBJJlZoZWjfBmc4DKQCSTgqMdwO1dJZ2EnjzXtH0PQrS6u9WuGtrW3t/Lkne7mV1LBQm4/KDvLfMqAEADtk6z4B117fVL+e5gtoUvZiSrAvzKx2sBtZlXOOAowMduO30r4kaV+zZf+C/iL8I/iJZeNPiVA7jWtA1PQHbT9FNzEI3AklV455Ap8vcgyGXO7HT73i3CzxGV4mGChF4qVKfsXJpKUuVKKb5bxXM1sr2Vmuj/ADrhKVOnmMXiKs1QU4SqQUle3NFtRTa1XZrVLVWaP2a0L4K2XgPwX4FsNG+HNjbT3kCan4p1KHUJVkuriC2Bme6DOpRo2BzHhc4IHTI7680e/vPDHhV9M8I6R4hW51DUmg+y30puI/3Txs0sPmBYxbBchyAWI+Yen5E+LP8AgpD+0t4w0AaRe6j4TsbS7vVcX1hp62zWYmOWV5AAB5jMVZOQSpyvJxm+Kv2kv2ptC0TwrpsfjLQ9Pt0sbrUILzTpIElNrKjPKkjRgGSaSJ2YKMsSwUfMc1/Hs/Cvi2vXqYnH18HFOtKtJurNte/zRVlG1knzNeWrP6Zp8aZDDDUqOGoYhypw9mrRjdqSjHr115rpOWr0PQvE1zqWifDODUo9BvBp8XxK17Try6s7ko9xdC9mL2oOT80bfKpHoDxwT4R48+I76t4Y1LS9O8K+ILiJofIu7orcXBhlDkCAyRkxklSA684XOQBXhPi7xn8av+EV0Lw74j8STp4V1zUr/wAXaVHNbT2zXGp3EjeZIibVcl2bO8Fgx5BxhRN4B+KvxE0CGLQDJJqFjJNJe7Z7aMR+ewO7z2dGklhweecnnB5Jr9KyfgzF0sO60adHFyc+aMoPRpcml7aqLTXle+h8vjuIcPOrGlKpWwseWCkqkIxldpJXiu6d9fu7/s/+yPpvhTxJ4V07U7rww9vrngv4Ma9ckSeXZyWpkaVBMYpNrSt5ZDc5bAJzx8v3X8L/AAn8O5fhL4M1vxdZ6SLlPAN3faJcXptC8lzdayY2YtMCXZoyFGDjaSeO/wDNZ4p+PnxTW7nvNFkttJub7QpdB1eLR/tcC3WmSq0bQFI3CKHXdleM85yOv0l+zJ4l+Pn7TPijwX+znaHQrTGmPH4c1XWNQvLZNL0vT1OoTrOUuEEiOYygUknGCcnivnOIPC/N62Hr5lVxcsJQU1iJazap04Rk907qzl5R0b1urvDcXZVhq9HDwhHEVHH2atZe1nKyimuj0snezZ/SLbeFvgPo2n2V1eaD4QnmOlW12GkSwdg7KpcuFUsQzDIJ9enWuV8Z2fwn1T4f+NrvR9P8GWt7J4P8Qi2tYLexkuOLGZ45YljQlGUKNp9Vxxya8Q0P9jv4v2yeHLnxB43+DumCVF0uI3t7qN5a3K2qeU0rCK5IUsw3AEk5JJHas34hfAj4ifDzw34vv7X40fCmzuIdB1yaOw0Lw5ql7cahaRWM5ntYHmlkQeYFKBh/CGYZwc/mmC4WisVR9jnlaU44iElFqs1K0lyqUubro07Oz211PdxGe050qi+oQUJU2rxUFy3WjbertorK+ur1MT9myw8PL8Cfh7c3lnpMv7vUv9Il0+3kckTlQshZGbIJATd2ztznFd9s0iwuhP8A2LpV7bm4dg66daKF2AkBcxDJ7YPIOR0r84vhPrXxtvPgPpOrab8bND8L+H5Dq4stLvNB+zGyNvdN5rvdSgLhyC6A7TsG1eCAPh3x/wDtX/EfwR4juNGn+LniXxtCjCcXfhYWdpaQuxw8W2WJgwByO4bjjHX6iPhbm2e5jioUswkuavOTShiGoqT927cOV33Wr723v5E+MMuy3CQnUpJJQVmpUk24pXtHnbe3VXv10P1Z/bL1/SJPgL8SEj0m2gkm0yEi4js7eEwf6RF907FYHBYAKepweGAH45x+FdI1PwzHqtnFHBeLpNqqGYlWkbyvmZVBUZJ44+ox948n8Qf2rNS8d6Xe6DrV/wCP9atNQhitpLO9vrGG1uVQq2JFjjj3SBgFVt2CB6ms/TPHWuaxo1n/AGR4a0q2ttGt47cDWdYgjeaGJcYljBDGRcAN0yWOABlT/Rnhzwhj+EcnxOX4yqqtapWVWMrTWjjFK3M3Z9btrSyt1PxrivPcJn+Po4vDRtSpw5JRTSbd171lK70u1rZr1ueGeLtLttHila6hMN7NJO0UkZckFVYZ+YnaTwTnPA5Y9a/su/4JYfs2/s9eMf2FPhL4p1/4X+F9Z8Q6ncalPrutajZxTXN+6D92szsp37ckqqkEAjnpj+QvVtQHiOK+n1nT/CrNEsgRLXUBvh3L8xVfMAYbVZWUAkn6gt9IfBv/AIKV/tQ/BT4e6f8AB74efEHSNM8D+G724vNJ06S2UNbtLkPEsuAzxtjgMzA+neuTxQ4Tz3irK8BhMoxNPC4iliYVZOpVnSc4Rgl8dJOTlzNN3VmnbfU9vgTPctyDF4itjfaVaU6DpwUIqdpNwb5k2lfR3tor9zxb/go3oPhnwr+0v8aNP8OWCaRpel+KbuGx06CPy7WziWQhIrdANyqFO0D025JPT4I0HxuNIuppUieRprdY5Thdpzk5bjI7FiMHPXb92vTvjx8UNW+LHjDxH4u8T6vFc+JPEVzJqOuXQjZIbi7duSgJCoMkkcEd8Z6fPEOmESrLDdQ3Cy5LrFKqsf8AgJyxIA7dc4xnr+gZRQr4TJcsy/Ge9Ww2Fw+Hqzi+ZTqU4RjN3dm1zLRvV72e7+Nx+Iw+JzTH4qhzwp1q9SpBWatGcrq+6TV1dpaXvd2uelW+sQ6rrFlIhVnk1COR9xwE+cEFsjGAo65x2PSvVviNJEbi0kj2HbpeAIpA2XwSCVGeuAAcHHHTofA9E0m5k1e1tpPOha7dREiKZHLDgFQoOWPYrwvB/hIrovFvhzXfCs4jvLiaR7i28yHMzOY4m/hZWJIcDHyDHPbJAPo+yo08XhWpNNRleLeskklddW1+nZGVGipYLFSSnJKSbb7xSad7a32XW/bUNHcz3EKO7Ru80UYAxkCWUIHyRnAGT6D8BX6SRfsTPF4Ii8a2/iSLyLvTIdRmtbhGBn3RmSVIHJ4CZ5wDuIGOOB+WFlqX2OS3lacmUzW5kUbshVkVjx1BwCPbpkFs1/QD8O/jv8Itc+BWl6PceN9Nj1qDw7Nay2WoKsclrcJa7PsqbyNxdhhTjK9STivhPEfO8+yP+xquSUp1oVsbTpYv2dOVVqjLl5pSSb5VLXVJO+l00fWcFZRleaQzCjmrjTlRwjnQnUqKHPU3Vk2lJt2fKrq+5+b998J9GtdOuL+0ZmWOB9rMwBVkJDFhg57YYkDGAorhra2NrJG8aeXEbaRN4b77JluDx1wcD6Dp0+n9Oig1bwX4p1JZ4jHClwlsYpYyCqyO24AdnGAudw+8D1wPl67kY2dod4OHmDEdxkjB6YO0g4YHgcnnJ+6yDMsRiKEpVlblVJuNktWoXVtb2u07rR9F0+GzXCww2KgqKv72id7Nc2z8mu6323P16/4I4yeT+2z8FyzYLtq4w+MkG1GQCR154AI/lX9nXjMj+2dQPJIuZMAHAA9eMDvuyc9cZxzX8Un/AASAmK/tufA9VnJMkupYU8EZg6c45x9B3zjNf2v+LVzq96WK5+0SHAzyckdM9sZ457fXLPJp1Kcr7RjFWvv303bbtsk7vSx9nlHPDA0nJO/dLbRaWW1lve/U44MFXBA7YBLZOeSfcLwCB7k1YQH5lxhcgAkcAKTn2Yk5Cj+E549WKgDHcMlVABZevTlevPPX8B3qeNFYAZAPXkgnI4K99vrgHr1B6L4MZOKjy2s0vnpHW7V1zJXdk+rbtq+vmu35W00vol31+9WW1t7uVVyuCGU5GcgcjsOhwCBnB9RwBirKBVIDKM44H+9joeccHOT6c8NUChuQDkkAg8EBeOOO2fUZ4z1qcJhVyVGMEnk7uQfmHXHQjaQc4Iyc4qMmnduOtm3p2Wmjs+ytd3v0aRootNu71STSu9bJrRdW5dNXa2iH7sKRgfKRkkknJ75x25GOM+2OZBtIPJC5B4bkEY5zjByeMDgc/LtFQlTypIJ4JJyMA9ABwTgn6Z6cdJFGQdpGSeuewHX0wQOccgA9AcnWPv6LRWaTva+1mt33/wCHQaq17rv/AOS66t2WvW+nTUslgWI4BKg4PPcfTIJH4EheMUhZNmcEhSp4OBkknGTkDkc57g5GDzEVzkjPOMDDEkY5z1+XHJIzx0I607DN8pVSSeM4bPUggDtwOc8cepyKnFvVtLs02k+78rLby10Vmkrvd6bde2ttNNrXXdvqm1m35OAmT/Fz2/vHjnIwBzyffBgnk5GQSNx+QkkjA78fUe3rSgggAj5icbjjHI74zxjgHjPSpFjJDEgcNlvm2jBwD3Pfpxk849tFFwSSV3u2tL6x6X000dlbrpdoJJrXfq2ujv5fh57dUV+eeRyRycnBwcc9eD6Y5HUg8rk/KSSV/hOQoDHOOR2zn5c4IyDgYq0yBk6dW64BwASuCoGCFztzn8flFRNFgckDGTnOAAQPfAXPsST8v3gM6JtvVaW326LS3z7/AJEW6/1939dfMiQ8kjoGOeMdeoPUhTzyDxn7xAxQSc8LgkZGSQcknnGSfm57HA4AqUIrI6HJOAcZGQQcgEdj1x2Jz+BsUqxHGTgl2PJBPIXBPIIOCeSQcZJFTLmdraL5+Wr+/wCVmyeRef8An6/1byIjtYMVGSeCCQSQMHjkfqeO3HNMZRt+XCkADaTuKsBu3HjrgE5PBGR1zVkRAkKMISueTke+Pc++OucgGgxkgbcgnIbDKeBg5I6kE5yc+lEU923/AMHTXVdrp/ddFKELK9nu0r63069L9bW/NFUpgsWXgYcsPQ9BuBwCDnnoR3OcU3oNy9T8qg5JZuckemfT2HBwDVsrk/NyQx4OASPqBwBnjnLc+uRGqBWJAOASGCrzux8x55+6uPlON3IGa0jdtJt7JNabdur0s3vrrq9CZxgtYrr0TdrW6N2t+txpwATtzxzg84zjdntwDjOMfnTcKWwpxkdT1yRk8dT378/LjPUTCNScKpMYAUckbsjLZPGcD3OTnvnMhUjC7c5yCMg/dySccnjgH+nNXzJfZt0autNmvPSy7dnchQ2vK9rLROz263s272t2s1bUixhMKQPlAI6LlTjqu055HG4dhhcmnqFOBzheDnPoMgE4LLnHc5H4U5TgMCpKg5JIwMehPORk8ewxxnkZSFxsAyvVuu1scYzg4BOCO+ARnAocl8raW36Wuk0t73W66W3J5L66XXq9tns73to/u3sOI42B8hlOc4wvJYfh68+npSHG1gAxJG4duRwR+IXOW6Z4IwMjBh0GV2bcDrjHQ4xg/U49uhCFdo3ZB2ooG0f3jgqMAZHvg8549Dm108rXv5ab+t/zaD2Wt7JbXej8/uXVLVv5gWKqCgBPzHbjPIzjOfTJ6jnkHrSEE7R13Ll+xGQPvZIx/wDE4PenbBjCnOcBgQRnfgnJJ4IBzk+3GcUgjLBhuwBwAp+YjjcW4BOM8rw3fGOgndrXXTfdpWfa/n5669SHTSad76vtb8vw00fyIXXYOAq/L2OflyOufugDr2HGRyMoANoCqrAgAgFQSQDgjIJ424zkhcgc1KY87uQyKQCCWG4YAGG6hVPOWJyTwCATTRFghhwAGJBAIIx0bIZeAcrkfQgdLve2rem7d229r6drdfUUlFWst9Or2tbrrf8ANdtmMxABCjjsACAM4wTwMHoCOcZJzk4eAFBwDnADAE4zjOCCOOM/Lxzg88ZnWNeDgkN93jAA6kHPGD0IOCSfwoCleSNuTuJyPug4UE8jqcg4B6Bu+HdWT00+a/4b8Evm3nyyei0vtpZ9O711tb8NdVWYEFhtxliSOvT1GOxIHJ7cjjluAADjBZeuRxnruUck9Cpwec8cYFkJjLHPzKQc4OD/AHQMdwCBjr15zmlEX3iMHHABwepOMehHb6Y4HWXK+qvrpbp9nV673e2ye1lslBq6e7suzsktOmqvtvt2uVt23BHdiu0EEsAM7SOCcf3uvX8JAVxkgbmUhsAZyzcBcZGcbu3Xr7v8gBgflLfKARngchuuR0J54ByMknFRFWBC5GVO45A24I3Bsj2JxgZAHY5FXFJ7tet7dtN2vPZ6dbMTTT9Eu3lpr1but9NL6kB2jcfujJIGeQF56nO4c5JPbGTzwoCDJ/2eR7uSMEA5AHXIwc5HvT2ibaCpBYgls5yee46HjoCM4HbGKCm08ZJJA44zz1PUAqffk8nBxg0s9dem/wCP5evlqLVNdU/PW7tote6vay8lsRYwRyAFzwAxOOM45wOnXB29AeopNo44Ax8xGcke2OgBGcnpk8VLjG8E5xgAYI69SMDnHIx+vekK8ndheOc4yFAx/u4OMDn/ABW00l39260X91v7N27p2dmtN3Zmck5O7VtrpXja1t9rX66+ujI2VV+bj3HUAEKOFOe53bcgEgL8oxUIAXCs2FJ25H/Aj0xwAeoIyMDkkYM/y4VuVHIYA5A9BwAobsMYHQnPOEK8hgMEsduWAII4IA6HnnjIPbFJS16K9layt566N210dt9L7EW1/pXe6Vt27Kztv0T6RMVHGM46YPYDCt37+vB5xUOGwqnPbnAOOSc56cgctwCDk9xVkRltwIB4CkBcDIJzjsTg88n65OaVUOMAD7zAEEYVTjgg8c5zgZAPc4NNtW03Wnl021vbTS22/mEYSdm7pNpqzs1bpp03dnt9rsqzJyMgfxcZGMY45OeMk+xPP1Yq4AXuODyMZJ556Ywc9AehBXpVgooAHHJJ6nggYOM4wCADyOT25pNg6LyfcjHIHX+f1PTHFRpZ/h+H6GjV3+Eravp2te2l7ap/IhKqDwACA2w9RgDBwQTtUlfmJ5yOlNw3TkZB4wcEDlhn7vHbBHYHkcWPK2jO7lj8w4OcDjHOQPXBGSPY0YGFBxkE9Tx1PHHTrgZz0APJJLttZ9elm7p6+fa2y10d07lmrddbJbX0XpbR6+dr3uRADPCrnHHJyTjPIyD05IBB+lKFBVTwGBPPYjkHAxn2A+8OMjNJsHGG+7jgArxjnBJAxjHAI4PvmnqpU9z2AYgjk9MEH2JGc8ZzkipTfS93p2drq/n/AF5h7rW2lkt3pLTXr8TsldO+97rVoj2gEYKkkA8gg4PY89RjI3ZBHBzuoATBYA/ey2cnpnoOfXp1GcHAqZVcBVbLbWfqMZOeee57HGOOQABTTGCcAYBK+4K7SAMgZ247jgEZOOM0pSau7bvV2utlZb9N9LK3Uylpayb67drPXv1trr27DAKQQueOmMkcA545PTryMDJ75ZgHceMgDt6nPQfXoMD6YqZULkkcnnIHO0jp0PQnHXnA5wScRlDjgZGzHHHcAMcjIIIx1ycng9KbktNdEtu1rWu15q62fyehG8fs6t35u/6aXXfZ2d1quzBbjAO3B6kBh1C5zgjrimlOCAAd3zEH5sbSDx7+/wDPqZArsWycggA4HQ98dPmPBxkckkZ6EMZTGGC4UD7wLHIwSF75AAY465HGcVH6A48z+7pdvbq7u+n4+QwcdNw5DKFOAQO2AD0HX0AOMcZUYUE8HpkHuCMjjqD68n3weKCNh7E5PKkgEenXOCOnQk54yCC5UyBn+IjIGMgDHbrwB3PQdjQr2269LNvZX01fSyt3sgUUlbuoq7V9Uld/ha7tqtdLWRQASSp4yvUA5OME5xn/AHQR+PYzuV/UHgHk5B54xz/D1bjOcEdXlSFOOcMMjHJPcg+3HoD0ApuApIB53ZwTjPPI6dMcHqc9D3CautJNPTXVa6bLp16rTfWw1p0svdb07We71SaVtfO97pESgBTlclm3ElgDnoepzgDAx1H1HIcfMMBSCPvHjHBHQ8E9QSSCeeRin7VwVZycndx+Jz+G3uf4ge3EYjVVO4HO7Ax1AxwSTkYOW68Z9M003Ha99Luyd9u7b076Ly0RMtZJNPS1tNHqttdbLfp16WAgDGBgMV7kkcgEY6g5xwccA46igZJyuAxPO0jAxwOei/7W7pntzg2hWADDPI+vpyTwew44+pyU2DO4AcEHGSTk9jk8AbuVwOo6k83q1smtFfrpy316K27ffe1rptvSKtFK1rJ6pLq3ffXVX6JaCluQB90Z5/u8nOeOeASBnORjJ6AA6ZyVzluOevY4AH0xjgcg9FCljt2g7gDnHcEdecEDnAPQA8DJw9VY5Dr33D+EHgD2wuenTPQex2fVPV2sullsnZKz212TvoZuMtbdLN91s+z0a7bNO+7GEgkAZAyTnGOnPBx0zgfTP4PGcEAnO7ALegIY9AMjHA99ue+XmPA3EDqBt4I4+71PU9h+JGMEqUHfBBGeCSfUZHY8cei9OC1RdJpNa9NtU7bXvrr6+TGr/La/m0r7tenTS722aGGAC20E5z0PH/6iTjp6dKkUhtq5BHJ4ORyGIBAzjA2jOc/XvAwP5DgYzhTyBjkDAByRgceucKiliCc4A4AyMbRkDJz6ZBwR3I450jr9rtpd67XTb07bPr1RV9r2V7JNL/C7vW3e3a19Okg2jqThmIGOQMZ555/Dkr+NOBU/xYO7ALcZA5PPqAAMZPJ/ARAMCrEDduJxxgcnPIwDkDC5PoTzxUn93J3Zy2DnOezDOD7bsn+9zuAqdFra+1vJ+7r5J6eb0WjFe9m7aNtvum46Wvv0Wybb0bHLjcGDDIBOQRz0yQ2QAc8lR6ZHAqQAEk5zkDBJODxwflI9enTr7EwKCeN2D1z/AHRgng98A/NjoVPUHJkQAZAbjdkgEjgZUkcdG6D3PBzmktdHfXpe2jt+Pp5O+horczcVrbbpe6suuvXtbXW48tkMC2FAAwOd2Dye+MdQo7DngU8nBfs3AJyMYOcNhmwMDOBznnjAOU8stgFipbPGAR1PvjIGMHIxzyaekYBIBJwpzycgrz6cqe4+7g8HnBJRVlyvXfX1/HrfW/XcHGTSS0u1e6T6x3vpfW3a2q2SAH+7g5wM5xnaee3bJ47DgdDSqAWztyrngDkAA7uSOOnRs5x370hQnk4Pyj+HIyR/EOcdDyCMAMMHBYSAfLjk9htUgAD04IAPuPUipir2V3a60T1eqer1W/y1TLUf5tLWv3fLZ21tv5d9kmKAmRkrjJyp4PbAB6/L7fe454qZQASvcADkZ+9uI4HQ+3OevJFRFWIAPfG0Y+UDuxK4z3xnJ6YpCSCGz0GTnjkYOcDvzwMnA4xkZpTjqldW22T7LTRW/wCGte6u1FPe75XGSSSd7uN1re+rTS/9JZJwchT3Ktjbn5cAbR3PJ4BJAPUgVJhgFIYkAtlevueenbtwO/IpqAH7wBGAAejEgYIIB5Y8ZB7AsQCc1Kfl+VQCSSMZGecZwMd9oJJyTnGOlJOzUXvp1v0St5W2t2Ste5rBJRtdbvZK+8bJpOy/m35eVq3uuy574nEj4C/G4Hgf8IFrJOSSc/ZZMc5Az/dx6dic1/nI/HrEvxH0oW+2WWO61UsjMEbf9olwDu4wT04C4yehBH+jb8UN3/CivjRwSreBtXU5zgZtXGT0yPfnkEc9K/zoP2jlgh+IViY4ktpBJqDG4Vuy3cx3EjnjknnOeO2K+m4K/wCRrjLp6Q5k+ukU0tL9W97aWs73v4HGEebLMPqk/aKK82pRVr20XXp0SP2e/wCCVnwxfxx4T8V6r471prbwBounXcj+H4ZmtbafULENOt3rkwZS1jFhSYyf3uCpU52n9iNA1Hx18e9HsvCfw8efwF8LPDOhS2uq+Porc2mo6qI5JYZNM8H2wVfJt5oF8s6iEMRDZU5r8r/+CTHw88QfEr4Ya9Z6rdm1+HelS22palJZO0Vz4qvBcE/2XfMvzfYIwB5ygDzk3KQcmv6HNMt7Wxt/Eljptpb6bp1j4asLSysLKFILW2jSNCEhijUIvyZLHaCx+ZiSef5i8Q69SfGmeSlJNLGzjBXvGKXIrzuleTSvtfVa3Sa/f+BaUYcKZRGHNrhKTnJu/NrHbXSKvpZK67JO/KfDf4a+EPhh8NtU0HwVpcWnWrafHc3d2yiTUtUu5JSZ7zU7x8zXU8shaVzI7KCSVVQK9OvJVdvBYJwv2i1HfJY2yKSBn15B/A9azrqa10zwXrlzeSxWtrBoMM0k0rKkcUags7uSVG0MWJyemc+/xr8Q/wBoXXvFtzpPhv4G6V/b91oc2mtq/jW43ReGtDlnKQNG0xG28mQHeI4WODwwyPl+JblPvd2953Vov3rt+fbfToj6+DjG2jWskmktrRSXk9OqXVo+v/E3xC8NeCxFJqt/GtzDrV29rpkWZb+9lKuY4ba3jJmkZmKqBt75yTjHzzHYeNvi9rXiG51W+1HwHoNmYEuPDNnKItZ1YXFz59sbq5XDW0EsLKzQgbvmPpmuj+FPwnfwv46n1fxZqEvjXxPLp/8Aauq+J9UKy2VvNflnkg0y2lBitYrdH2o42uoALMAarS/F/SJfFXxB8P8Awi0tvip8RJLyI3cemTBPD/h5rO3McX9r60+61V4ioMlijGVgCqkMKiio826dknzNO3Npb1s773bS1sE5Oyi7xvZpRu5ybtsnrdXum321PXfhl4d8HfC2bxvrk8um+GdItJrU3d7fyRQRxj7EvmyTXEmJHllkXqC5dmxnk146/wAa/ih8TfG/ivwz8CvBssOmaolnOvxM8UQSWuiw21psguJtHsHCT6kGIZ4J4GCHKMQQo21vDnw71eH4jWniT9orxNZeI7a/8Mza7LoSyNpvgLwvPES6NNbSuv22a2A2yzXJlifa+1AMVY/4aU1vxl47h8HfsvfD9PGEc2kHS5vHWp2o0b4d6EttcCKeXTpHSNdc8tVMjRaYyblGAd2DW3vOTcffdr87doL4NdUr8qTet76baXTp04pOpJ004LlhFJym24aNrW2l27Xt1tvueE/hj8Nfhrq+lfEf40+NbbxL4mutW1CW68QePbmJrG1eGCZWttMsJ820UQZc2qiAyqCoEnGaydA+M3xP+LfjrxPafs9+BimkXNomnH4leMoG03Q7C2sphALnS9JkCXWqxlMvaT2rrGRt4ZcCrPhT9mOI+JLDxh8cvEtz8XfHNv4mk/s2yu0aHwZ4dS7RpRDo+isQssaZOGvknYAZDZ5r6r+G8M1j4w8WrJbRWln+6s7C1tYVt7WG3g+Q+RDEiRxLnPChRxnPOKhThzNt+0qNr4tIx1i7RikrpdFt+ZMlUnFcn7qCS0XxSs436WSel2rO/XRo8f8Ahz+yv4V0rxbr3iD4nazqPxg8bR3FtfJe+KXE2iabqFyVnaPRNECizjt4vmWH7RDLMqAEvkkj660a3t7STX1hgiht4rYrDBbwpDDDELOVdkUSBUiRRlUVQg7DA4GBZXNsvi/xEkTgt9rs1wWHI+xNg/hkAcj5gAAcgVp2Fw32XxNKpH7rT7h2I5xixnJOMngY6gYzknOefTwtaU509W1FwcbaJfDdeW+ytoratNHlVaKpxmrLnlFt6uTd9bSbvd3v00Ts27H8C/x2mI+Pfx0ZD/zVDxaU5AP/ACEX9gPXjrjkds6HwL8ZWfh3V9VE9jbXF7d6fcJHdXWAtuhicMoBXA3D5gx4znHHXzT4563HH8aPjLdSXHySfE7xU0hTkgf2g+4AAnPGeenILYPFeT2/j+XTxcw6XAiLeJJDJdzKpnWNgRlSwJTO44244B5yWx/a2TYSpj8iwFK0lfCYduzSso0oPRq76LT1u+/8j5ti44XPMbUly3ji6/LZXunUeyXfXsvyP10/4Iy+J9K0L9tLx74k1e/t7XT4vA3iKe5lJywaW6Q7YMDMp/uqvVePYf1J+GviyfEWrXaeC/CWu+JIr6eS1/tSa3ewsIQ0Um9zLOpBTOArg4weD3P8wv8AwQ58O6Tqf7Q3xH1W+06HWJbXwIyQwzoJVDzSRuzMrBlAJX5y2eOcZ5H9Yng/VdN0DTdd1HXNS0fwvotxqDxozSxW0CeVCwaCFVK4YkYGM7iMDI4r+XPESMP9c69JxcqlGFGEtdG0lvZbpNaX6avSz/pLgqTfCGHq6fvYzqRT3jGU0k/N7frdKz/iE+O/wF+LPxR/af8A2gIPCPgqG6vLf4g69dX0st1HFbWbiVQVWZyFcKSMsGOeg6ivIIv2F/2hLvVY7TxS3h/wZasjSC61bVbW1tnjQbiyBpfnBQgrg4bGQMit79sP4yfFOy/aS+ONp8O/HmpaR4cvviLrpjk0hjBLeWplUeZLIu2QoxAbklSuCOBx8M+NvGXxE1yQyeJfHvifWXUKi+frN4FVSOip5+ADjG5QDjjvX6xgpcWzy/C0sPicDg8IsNRVOToyq1lH2cXaXv04dOl1pr0Py7F0uFI4+tLE4bGYnF/WJuqoVY0qfNfvyylve/nZX1R9l6J+y54L8A+LvC174z+Pfgi10621+xuNcRJ45fLhs7qOdootspLGQxlVcE8kkctz+3vx8/bL/wCCXHj+xsNY+IU9p4y1Tw34ItvD2m6d9kvb2zhubW1htoZ7Mwy7IbiWWFZA7bkUEEgjIP8AIAX1C8vVWVp7tZJiqpczy3BmbeCAfMdmzk7gQfXnkYueKtOvNHEUcsa2izW8TywKQQys6DBDA9V4yu3bkdxivmc14SzDN+XF5jnWJq1MKpKDoU6eHspcvNFOKlJXstU7Wau9r/R5dxHluX+yw2CyulShWlDmVSpOq3ycrTfNZN320te217L97f8Agtb4s0TxX+zh+ytrfh5HTw/rHhP7boUDSBhDpkaMlkhVeUKxooAbJQjIA4r+Y66V2hRmyFLAfMQfvhevAwTuwCecdB1z/QH/AMFTLSOx/ZB/YXBnbE3wnjdYskqD5bsMZJIIByPU8cYBr+f+d1a1iJfGNhwTgnAxn5uuDyWY5659arhDDRw2UKhFykqdeunJ6uT9s4pyb3bsm7u9311NuLarq5oqllFyw9CXKlpd04taPZLm7pJbuxyd1Zurlt2c4Zdp4wTwc8Yx1OMkEnr1OZqasiJlvvYZcsMgjPHQHJwQeOM8c5FbN48fmF1lJC9twBOM8YOfuknk9OO/FY+pRI5hZJA5fGMnhc4GfXnPqQPu4yMV9U4ScWrKy0Se3KuVJ9HKz1tZt3urXVvmU3dR5b30ei1+FLf7TtZOzttpZGtoCO+SG3klURMksXbIAUD7xYkccA8Eccj7S8E+BPDPwz8P2XxL+L7GGKeMyeGfBIYf2n4husboZZojhorEHaSzKu4cAtXknwpsvC/gXRD8RfHNql6kClvC/h+YKJNZ1OPiK5dAdwtIn2kkjB2ttbtVPT9V8WfGzxza694lee8Z75Yra1QE2umWQYCGzsoE+REjQKpCDnaSQPmz5tarVxFsJQbp09I1a1/et7qcIPSzs1zSTdtlrc9CMKOEj9bxKU6ijzQpOzjHl5WpTvrdaNRSfS/S/wBFXVp4w+OSReKPFDvp/hfSIyPDvhKwQxaXplou4REwphHmwo3yOHZm5BAya9T0/wAG2Wk+EraVULGSSJIoQgJMm75UKhDkEDryME8EgivcPh54auU8Lt4dsNGnuLiS1aKNYIvnA3Ehn2jAZF5P8XBPHFV/FHj3wb8JLWPQf7OHjz4kz7U03w/ZoLm10+eRAsZvBEGzcRyEAR4DgjB4FcuJzHB5NR+r00q2Jt8KfvbxbcnZcq3vKS1+448HlWZ8S13Xm50cGpqPPKLUUtLKEbe83uktXazTtpneCfh1pXhXRdQ8afEu8tPDGiCQXkNpMyC+1BVxIscUJw7CTAyqANyTzyB6F4a1b40/tNq/gn4OaXcfDz4TQ3EcGqeLp4mt7m/t2IilFq7BCwdBnahJByGPNdn8EP2Mvib8db6y+JP7RT6jbaSJ7e80PwJD5kUclsjLJHFdwAIsEQXCsjKJCvcEjP1X8ef2ufgT+yXoy+FNOs9M1vxbZ2iw6N4D8ONAIrN4owkT61NbExwmNwm9Hy7YySxJavyDPeLMdmeL+o4CLzLGKXLTjCLlg8HzWXS8atSNlec/dj5n7tw5wRleS4KOY5hKOAwqUG6lVqOKxNknppzQjLpBXk10SO9+EfwD+DX7MHg688RaxfaZYNYQtc+IPHHiZ4WvLq4QeY0tvNclmBJDiKKPLPuAbkkN+fn7UX/BVnMGseB/2eoPstrOJbW++IGooRcTKVZH/si2I/doQCUlIYHcSODivzE/aL/a0+K37QWszXnjLWpbfRC7HTfBmmTPBo2nQnOxJIY2C3LjhSZw4zwCAAB8jTXTylzNIAkeVUDaAq/3UUcdcnPQ9B0zWmTcDKdaOY57VeOxcmpKlJuVKm7xai09JpbJfAktFsljn/iD7OjLLeHqSweDiuSVZJKtUXuq91blb1V3ebTd3F6Hc+JPHHiLxdq8+r+INavdX1O7kkkuNS1GeSedyxZyUEjMsKZ5WNAAFAPcVzX2x2ZhEWZmLF5TyozxlSeM59Mn0BByOcM817K1vAm1RhVOCCRxyxAACgEnJILYPfIr9Hv2Nv8Agmz+0Z+2FrdjZ/D/AMJ31l4U86JdU8cavby2mgWcLsPMlt5nVftrxA5EMLFmII7HP3+IngMrw0q2IqUcLhqFNtzm404whFRuk2knteKim7pWR+aUnjc1xCp0lVxNeb6OU3ryq7e2l3r5dtD4c0rR9V167tNM0myvNX1K8cRWtlZwSXN3dTEcJBFErNJj0C4BGT7fSvwj/Zx1fxRqjDxNZXGlQWd0YJtNuF8qd542VZYLhnA8hlZgrqxBA6+g/t9/Y3/4I9fs+/sXeBPEHjLXLGz+JnxfsPBuvX7+LNctI5LDQ7qHR7t3k0e0mDLBtk3eWzqWBXKHoR/OXD4Y1fxPd30+i293e6hfeJfEmrXb2sHlW0yNqkjBPPwsalEUAgt0GFAUZr4Gh4hZfmk8bHLJP2OEcKaxM7RVVy3lGPRaWTa1Vk0rH01bg3FYSlh5YtqVas+b2UE24q0Wk5J767pSWlndo0vhT8KvBPh6A6dFp1jJJpMUZmsISiqJFwXkMg5lfHLDLA5bPQke/QaCDqVrBovlQWV0pd0JjFrZFMN+/cgIAAp3gY4y2SM5+c/H3xI+HHwStpdT8Va9bN4hv7ZVn8LaPOt1eMyoQFnaMkxSbhiTB5IPy46/np4+/ae+MPxhvv8AhG/h9bah4b0GRzB9m0jzFuZ4MsvmX16gPlkoMttZTkjkDOPGpYPOc+x6r06tV0HLWtU5lBxbjfkjdc2101ppq0tTsSwOVYfkxTgqqWlKnaUnrFLns3Zdr7XezPr34/8AjD9nb4Y+MNb1/VtSTxp4xnij8zwlojxnTkvY1KiS5li3Ip38yKeSDjk5z8g6x8Xfjh8evK0bTZ28BeA1IiXTNBjaxDW33USeeLbNNJs64Y9TwFOa8C0vwTeW2vXU+vr9t1GC6WO5M8rzP9pcgt5skhZnYNgkkn5tw4zX2n4Ta20XR9Ogligt2eVmLDbGASAQoUbR15JblumAAK/Zcn4YXs6MsfOeInGMVTU3dXXLa0FeK1utnJ2smfC5txFKCqwwcVR5rtqMVGUk7K7lo+2i317HPeE/gL4Y8MW4vJIzqGpOnm3F7qLedM8333EZly3U9Wzk84HON3UtP0F7fU7CFVkuBol28kYYYTbGcEYxgjPQZyBggN0u+INfnmiubW2nkcrHMQw42gj7sW3GM+o9c8ZrzHQ2lln1W4meV9mkXSyHHLErggkkDAz90dO565+zlhqNCkqdKjCOmnLFa2UdV1a6O918mz4vCYjE4rETqVajkrp2d3/Lrd2tftbpZ7M9F8HWNh/wrvRLaGPy5bSwnaYsSGYmZwFJYkMehxxjOMYwBiapI/2q15OBEmV3jJ5weF45G0g+hGMZFUPDt6X8DRJaF1kiRlaQk52tM4wAcZJyeNp2n/d4ozDdqUazTspVYCVfoW8sZGR39BwDnociu/2aeFgtm1FN7dF3dr2un3vqr2PKlUvj6idvidrt2smrNPXs1ut9Xs3um1jaI3IdsOGVEBYbSAeDu6hjwehGSCPT7o/4Jc6xHp/7bnwQs79FS2vb3WYI2aM7Y99mwLuOhC9AQfYEHAr410mN79obWGAOBJLuLgHKrzubHPQA4znAzzzXov7L3xGn+HH7Tnw88VRkLLoOr6gkckYysQkh2OxIyp2huQMHBO3uB8XxVhI18jx2Hi/eqUZwjFXd7xTd7rRNtJOy232v9jwxXcMzw9eUrRjOOutpWdNta7aX2tsran9GemftIeB/h3+0L41smm1O5vI4PENtq9zbKzRulvqly8NqrA5iSXAUsMAd9pr6b+I/7fulj4Xz3mleFbMy3Wjwx6Fbay6vNbzJiP7TDEcNNh03fODwNx65H8++sePJPGPxZ1/ULfUYNOTV7q8mu78sI0uUur+R5VG7DeYVJUDkDd9cdB8aPjR4as4tC8PeFJHuItGFvbySyK8sMUqxp50cbMzFg0uZGyzdTghVwf51qcO+0qUKSg1KVOKqtLTSMU03d6rdPW7vptf9Sjm6g61VzV+dcrVm/spNJ66p21v6W39V8Q/ELxF408Rwa94gvFsdP1zUgZ47dRCLNEwLiRI1IMYYhtpwMqSR1Ffl9+25JFcfF/RGtZvtNtc6QI7eUYd3toLlEQggnDOpyQfvcnrXoPi74l6lrV1DZRzXVvHbnzGuIndYyrqWdSAR8vJAHTOe448/+IngfxP8T/iR4CsvDen3Opz3OhQxmZiY7dPLkViDO+V427sE5bGCBzj6bhvKIZHmMcTXq06cXTmk27JK0Xrdat93+FjxszxdbNqLp0adSc/aLbmlJyslZ9lrp2PEbKzlfUGddxjjiTLhsMAuAV5OBzkHrznGSDjvrbT7y8dLbTYLjUZSY1itbSKSWTLAKR8vUKc85BHfAPHuWofCv4cfB77ZqXxq8d2Fk0QV49B06eOXUZ2VQTE8EbblJI2EjAPbPFeUa9+2bp2mbvDf7PXw0t7aZ91uvibVLRbq9ZGOxZIwUbYSPnBbhQM1+o0eKIVIRp5dQliZJ2dWzhS5lyq6m172qWiTd1tdnzdXhSUJOpmdeOGhL3nDmTqv4U7xV7JtreyXbt33hz9nnWrhJtd8fa9pnw98Oom97rVrmJb+SPlikdszLJuZR8pI+9wAckj0/wAJ/Gv9nr4RX0Hh74VeG774m+PtShn061125VHC3NxEyNBAjI8X2XJzK20sIySWU8t8P23gb4vfFzUpNZ+J3jDUmtmYym0a5kEQJYny0iQrGhUHAyoyB13V+jf7IfwK0DS/in8MLWx0e0lju59dee7vYxNeTCDRryTeocHA3JlSg7bue3mZ5XzLEYGviMyxjpUKFOdSOGozdKEuVKyqNvnmk7K2l7ao9HJIZVlmLo0MswKrYitUpwlisRBVJxvOEbxUlyx3dvdfds/Wz9mT/gkZ8QPjT4L8NfEn9pX4qN4N8I+J7Ma5Z/DX4cnybx9NunE9ql1q5MiQ+ZEds8EAVhkqecY/ZL4Pfsm/s2fs2WEVn8IfhL4c0m9SOOO48TajZQ6pr95IAVa5n1C/SaZbiQ/MzROh3kkbeBXc/su6mmq/s6fDZlYD7NptxpqE4yUspPKIc5wMFQSMDJA7cD16+tPODIi4GzIySAxxn7wAyTkd+xHtX8yYjOMZj69elGSpUVOSUaKUE/eSvK3LdJb81299Ln9AQw0KUac6rlUqxSS55NqLSvZReiV1bTRv5M5LUdWunKmW4kkYAbUydigclFAB2hcdFwvQYAOKwpru4vpdm8qEwTk4QEAc4B9Txx9Bgc9QNEuJWYrC7tkqqhcAjgflgA5JHyj5QR1xdYi0rwjpd/rfibVLHQ9K062m1DUb68kSO2gt7ZGlceY5Xe5VOFAzuwu2uGpGjThvHnnJWXNdt3V1ZNO73f8ASOihKrKo0r8t/sq8Vey2d7W67X3NTUDCvhPxU0sinyfCOvNJKxwFA025G3gjLc8bc+h7g/5p/wARrOaT4rfEJYlYq/jbxEykgjdu1Kchy567s56kY4wc8f1S/tBf8FttKt08Z+DvhL4P0SXR1k1nwtD4r12/iU31vLFJaS6lZ2SkSohBbyS2cnaegC1/MpqOr/Dhdb1TU7y+W7vb/Ur7U73zbyE4mvJ5J38pVG4qjSEomfu/Lu9P6h+j9hp8LZli83zRKhRxOHo+xSalOSTUvhT91yTs7W/DT+ffHWlU4oymllGV1IzxNOtOVTmk1GPuxjytvz6Wa1d1c89hsUhIZScKyqwZgWyMZyQQeTnOcYxgk1l+LNFudQ0O9jtrZ7i5dh5cEKSFlbj5Vwfmc8nA4+bBGevoVx8SPAVsrWtjZm9dTuzHYXEzEnpGCqMrHoN4yMgjnOKks/ib4lnATRPh3q9+zsxheLTGiXgEK+ZUO5s8nkZzxgcn+rMd4m5POlUo0qFWtzQlFO9optRV9dXon6a6n8n5R4M5zRxdHFYnMaNB06kaihTjKbdmmk2rL1t0PlO1+EfjzVJQ1n4bv1UqfnmjaE5HJJZ15JB3HBIGcDI6d3Y/s3fEN1huJbSys4pQoL3N7GrqOuMD7uc4Ocfd6ZGK+krfU/2gdaQQaf4AMKTLhZtRl8mSIsc/MI9oGAMc5PIHcZ14fhl+0ZrCxq+o6J4fiYEMqOLl4yuNx2sW+YDIGcjtjrX55X4tpSqSlRwckmnZyab3i9VZL0u9l81+u4bg9QhCNbFyk1ZS5Vyt7ae85PbtvtqeOaX+zzdW0CLrXizRbAzSKv7tVnmjI+9lQx3AdcqOcjngY5DxZ8BfA+h+MLaW8+IUtxG0UdzKtpYMPMlGGWHfkqoYgZU5O04OMc/WsP7N3i7UI1m8T+P7ol1VZFsbYRqgY8uHC/KCTuDKRgcA4xSah+yr4ah1pFn1rWtStItLhuZXmmcySzM/EgXIZVOBjHReBgAZ8PE51mGOjFSilGMuaCt8LSWr5bJ73VtNb27e3gcgy7ASnKmnKU4pSvJyb+G7dnpey1WifZbeL6j4s8C6fZQaUJbjULWJIx9mmESR5jULu2EAtuA3HBY5JHU5OCvj3wrE6R6ZpVyWY5+y6dZbWJBwB5piYsT6juBjjivqe1/Z/wDhpplwly9h9slSNQEuJy4fIwztuYEMODjkZzkGvTdC8GeEtBbybXQtLikfDJI1skpRccfvJAx+6McjBOe4IHJ7fGyk5e2lC696zl5JbWfp3d1du1vR+p4OL0w8G1tzwT7W6XXR669fT4Zk1fxNqskaaF4E8T3pYrk3IlSPPVSRGiBV6ZBH4kFiNW18C/GvW5kFt4TtNKiYsjS3k5MiA4wdshzgHAO3AGT8pG3H39Bd21nHJJvtbaNXCAoYIWCjGCe23jbkDJGMEZBPN6l8Q/CejxXDal4j0y0KNkyPfQlwoDEcAnBGeMDv0HfGarz5VOrUd273k3/Ltdq2nq21bWxtTjTi4tUYJKyVoxT+zZ2SUbN9Frc+ULH9n74p3bbdX8YafpKu+THa2/mOAT0LZKgkE9R3AI9ejtP2W9OlnVdc8XeINUl3ZdLaX7PCeuRtC/dJ68gAZHRa7jV/2l/hLogk+0+K7W7YIGYwFZSDzlUZeM5HHBzjrnNeU6x+238J9MeQaa+pXpAZoyqFFLkkFCzY+U8A446gLzisPZU7JyqNpO1pO8tbN3js9L2btZq+1r63jzNcqVrdtlbS13HpbVrRW12frGn/ALNPwt0t1a60STUJBh3fULx5OScB/v7TkMGPG7uO9eo6F8PPBmiKiaX4c0a1K7mRvskMrsQAPMy6szbQMZPB5wQOv57a7+3/AGyo8GkeGiUlB2vcyhiO4A5JHptGcdMevk+s/t1/EK6VBp8djYDDBAsZd1B4Ck+y9MA9OvOKtU8PFr95Fvlvdxv2sne9n3fS6t5ibjF+9a6VlZLfl67vVPq+2mx+sGi/Y7Y3vkwwwo17MsnlpFEJWRsAqRg4XjIHTPUcE6L67ZWqTSXd9apHH8w867jULnHynnOCBzx7Y7V+E2r/ALUfxV1MSwp4juLeCSV3aOErG26TOdpxnHXpjseua85u/ir421QSNd+I9UlVivmCW+l2sOeCFcKBgdeODzz06KNWhGyvJ7yuk1a6itLPXRN9k30MJNyTa5pN3ezWmidltZPTV29bo/oAu/ix4A0ZZXvvFGi28jKSuLlHZcHLlhuGSFBA79ec15vqf7Wfwf0p5S3iBryVY9u22jJQyr8rFQu7JJ+bnOcjk7cD8HbnxPqMpfzdSnkaQFsmV5SApGQd5JA5PPX16CsefUwxQm4dnHzEAlc5znkbckj73PU9zWv12ik7Rbaty7JP4dHbe6um0+iv0th+8enK4vforPTu3vfyvbXTQ/Z7xH+3R8P7W4t5dM067vZIA5Dyt5YLt90gMACQcEgd+1ePa7+39qcjyDTNAsoTIDsldg7DGQNwUA579xnjOCCPy+bVI5GJHzbQAPvEjPXHPc5HXBHYdKhbUgw/dw8gEZAyQwPA2gE5HfPtWMsbKWkKS1tbS+qsny27O667i5ZRfvT23vLsk7dOm+2mzfT7s139t34oakCLK4gsggwvkwYcg8KOcqCMcZzzjjGQPIta/aT+KetpIl14l1FfMBO1JWUAt94qEKk9j25GBjmvnaJNUuELQ2srqy7iRG6g9sA8dM9sEDPqTVuPR9dchjZzKJT8u4FRwDkjIGFAJPAx+lJ1cbNcyjNJL4lHRW5ba6Wva2t1q1p0zjOgpcrrQ5nd8rkrdNXrZ+S2T0XS3ZXfj7xbqQlW71nULgENlpbudiSR6CVVzySODg4AJxkcheapdmVGnu5naQfMzMzE/wDAnLcAHpnjGCOppf7C1hQC/wAob/aBIHck57DHOAf9oVl6hZS2jxJPJksT8w+YqCc9SxI9BtGcn3JrimsQ3dttWT1d007Ppqk9NE/zOiNSnZKMk0kla6V0uV3072t19eha+3xqoBdpAQe7E4Hfg85PTk9Dg4Apf7RI8tUj3EE/KQeDyRgEkZOT3x09q3dJ0K2ktlkkCFiit8xG856AKxAPpwWA5z1xW+nh+0WQhUBUbSSyKcEkFgRjr1xjPQHjAr0qGX4ivCMr2UtErS8tHJ6q3rr2Wx52KzPC4dyUrKUUr2jqndc3dN3V7u7Wtk09OE+2StuPkLuKjKhSTyORjBz09gOmSekIa/mZVigk35wAkbEkk9+ASee+TkgE5xXtNhoOnBgwiiLNtQMcbc/KG6gE/UDoemAMddDa6bZLlra3L7ifMAXOcfICDknnnk9gT1GPbw/DspcrqVkk4ptLXt3fV6tPT1vdfP4jirD04SlTpuUovtbZx3snbZ79brbQ+dV0PxBdEgWly3PZGBA9ioAOeR0JHArbtPh34mvM4tnQAjcZCVZe5DBucAkAgr056819Ex6pZR4XCo42ESAIFLEj2xkcdSw64BHFaT6zaRRbvP8AnG7cwPDAA/l/ug8fU169PhjBRS9pWbattZL1e/3Xd31PAxXGeYRV6ODul9p3b3VrabP0316WPC4Pg7rcil57qCNTtLgMCSpxjaBx6YOOeeeTWnZfBve4ee/IVCxORtDFRgLk5XBBAHPPPuR6fH4ot2m3FshAgC9CcZ+964I9OQMHGBWhJ4mtZ4CsLjnczBto2ZzkdhyVxgYGcnnNdUciyum+ZQUrJqSlJa6Jp2W/Vve91skcL4mzqrFXh7O9rKMXs+WyT1u7vXVKyv6eNaj4E0/Tl/dI80qkZWRshF3AZG0gnOd2MEDOeeTXIaLpdq+uXwlVQkLgKrqCu4noOwwDgDdwOuc4r07Vr9bi8B82RVYorgcEjKncSuMcDIIIBznmvN7GVY9Y1QxyYiEpZQAfvcdwT8xxz3HGQMgV8ziMJRhmFKnCEVT5mla1m7qSey9HdO9unX7rA4yvXyqrUqyftuSKerTTtG9trLd6K2iR6GbC2HywxxKwdCWVFIbAAAPUEjGABz145473SdRh0pYNzMk5GCybM4IO0KSOAvXgA/yHl0F9KcNtLBuirjfngBmAzg7cHPQYHfiupjW6eNHaJnYMojKq0jdBgMNpwFzknPfHJzX0NKnh6UbWitI6NbWs27rV3vp6XumfM1YYuqpNVKlrppJy022ad1pZbpp9W3r12s+KdRu763UTs0UUJTCnaGXafml5HQZ4G3BPABArjJZ7i9uZfNJMfRQrcAjABIyRkndxjBzx/DXV6b4Q8Qavc+bb6ZfS5jyrx20pA4+6DjGCM5JLZPK+o7jTfg14znlS6XQbpLcbcmUeVzkYyX4xnkZ56g1LxFBJQc4q8knqrOFo7ba6LXXbe6uc6wVeVpRhVqSSab5W7Oy1s++3S9tkzzeWwbyUGxmMflYPsQCRg5POfmz16571Dq2lvqEclwiASWyomz/VllKdzyGwMHODk/kPoxfgx4iumiN5faRpcYZGV7u+hQ5UA7WBfnauc+vbJHzWbn4U6BaPdrr/AMRfDtpHNHh0tpkd1OAOGVhjPIbnHqOtcNbEYZRkvaJv08tHu19z3S3PRwOV46ag5UeRJp+9y/O70b318lfqfFSRyLMqxFgqhiwYH73G8A9ARweMZHsDkMzCEIDvYORhiRn5sEk/MQcn07Anknb9G3/hP4GeHo5Gv/HV1qM6yEKltCWVgSSw3c8t65wMD+9VEeMP2ftMtmis/Der6vdsSfNkzsdl2kE8dCccADPTsMcEK8IU2k07RTVr2+zrd2T699/J39GplVXmTlKlBJR92Tta+qtte/lZ3tdWPmi5EslvOu15Gnby0jjjZjuY7VAwpAPZec9K/Vn9kTwxrVr8O5I9Q03ULCN74SwpPE0TujYYTHcAfLPuBx6g8/GM3xj0JYGttB+H1jZiERyLezwKzx7GG1uVIDj5Tjk4OD1Ir7e8G/DL9pj4ieF9K1rTPFGjeGdF1WwiurVIpdj/AGJh+782NMEFFU/KBkAeoWsMPWr/AF2FbD0XUlCO01JabO+mttd333sdUsJg44Cph8TiVGnWnFOUXFyVkm1otrXevy21+m7i307T3aTVr/TbCFWORJdRI4bAZd4zyDn2OegxXPX/AMRPAekJML7xLbsE+60RWVCqjO0FSM9ucdGHArymP9jnxvdkzeLPixM5IVpo7RZmDFtuSpldlB6gfiBnjPQ6d+x18OLZ/wDic654k1qXBJWe5EUJ4UkhcrhWOQoBzgdABmvoli87q8to0afTSSbWzu0pO3XXfT7/AJueD4cw/wATr12tG1otk72+++trLZmNq37RPwvsIpI5L67uxhwsMcLDcScIWIBJXcME4B6ZxyK86vf2p9DgCLoXh2a6dCfLZ3LM4JGGMKplWzgc5OD9MfSlj+z/APBvS/Iii8GwXNxGW/f38kkhZVPRl3kYZeM++Ae46C08H+DNHnLaf4V0KzjRmIH2OGVioAA2GVXbHHHORg4HOK1hlua4pt1sfGKaV4QUr2bj2aTfbtrbssJZtkWGXJRy5ztb3qji72cbN3fVrVWXRWuz4iuf2g/iZrU7DQvB07hwVhaPSblihJ5AbIJ6kgjC5ONpHTIm8Q/tK+Illjh0XV7KB24JiW1U8ED/AFkeQAOhLcnIyACa/QsJbwDdDHZwIXBVba1hiIBAO75UBzgjIHJ7ng1SuWmdWLzMfmBURswGCeFO04AKnjP6gV1Lh2MklVxlao1ZdIr3uW3vXer7Nt6+9o7nF/rVCimsPluHppO6bjGVkrdtOmzve/Q/PkfCb9oPXsPf6hJarkZa41NV4bJxsjdfnXGM5HQkZxxsWP7Lfje6Mv8AbXjeC0DqHk8nz7hxu92dlz15GASM5IBNfbShn3gqcb/9UzFmYYyRyccjkYwcEdRVwRSjghSAQ27bkoOoUknJ+bknIz83Wt4cN5fFJShOq5Wu5zun8LS09LdtH1aRzPi7Naifs/ZUo/Z5KUbpaW11vte61uvK58Tah+yVoC6Xcy6r4s1bUngtLi5HkKI4xLFGzLuLZb7wHYts6HqteX/sn/CLwp4s1jxsfEmnf2tFoty1rYi4dyihZ9hLAFWJYbvxfII6V+imsxQto2sPM21U03UCqqCDg2zk7QFAIIGRzxlTnPFfJf7E6K9/8TUUq2dUkYFixwv2g4yAeNwzx2I6dxk8pwWHx2DVPDU0pKrKUX7ybio8vMm3dt666Jrtqa4fNswxWXZhOviqrknT5bNpx96N+Xltvquq6tWuz6zsfg94A0VQ1j4L0aARqrLIbZLhk3ADBaQOdz9evGckk8nY/sSzspIxaWNlbqAcQwWcKOozkAlUHAGMHsMHGMY9Zt4k8h/MACbUDK5wWIyCQ2PuDhsgn2xjFYWoWqpMrLGd6LuyvJIfjGRxyuQMjs2OTivbg6MZxiqcI7axjFJPTR2tsrJX6vVnzVSVScYyqV6km2pPnnJ3Tto32XnZW1equuHFpcOyCJZPL3Mdm9kHBBxuUgDAx0644zUTJIWEUiySjeTsc5AHIwmMEjg56eo7Z6F8qXIV1QHAwQWLAd+NwIJwcYyQcYyai8tWKsVMjn5lkBAwpIJUheg28ngc9Wz13VVKys0nolaKs0opedt1q7X17sylFWWr1uveu72dtOuq62affZvMjtpQFdR+6VhmPgnCkfLyMkj1zj3arcSTs5UITHuChdpYnuVJz0X35GAOpObixSNkjhEYArkKzjqAR1xjIyTgjkEVo28XlyTTqQo+UshbLsOhypPOBzuGcEc44NKUna3Pbro0r2t18rvbdLZp61GlHTa/u3bV/wCXTotk9O62M5bdsMWIO8FlUgnyyDkr1GD27njcBjmrsERVFOwR5T5iMMTgjGAdxBOByWOeT2FX12ysdqEQg7hnhnUnnAb5jnnDHlvpndKqxo02N3YhScqo45ZjkdMAY9AMDBo5nyreXfVdbWV0noknfW6s9lolGEeaysnpZX7+7d9d9U7q1vkqUabt7yMqncNhxjrjk8kbsnuewwAcCviHxmrr+2H4KKFS0cNo5f8AhBEbckkg8HGcgdOMYr7s2qSrYRZFILlirBnLLhl46nk5PPXpyK+G/HCI/wC2L4PhjcFHsbZn3fKN3lN8v0znAGSCO+cVw4qKlPBp7fXKCelnL94rPZXd307p9j1cupqCxjV7/UsQrp2lbkWzdtLq/nu2lY+xL7w3Nrug6b4sv7XU7Kz16MwW+oy27wWBaE/KtvOUC3BjzudUd2AbJAzxwQj1vQWlt4/FJ+zIR5G2LzFiAPAC8lN3+8QTn0Nf06/sQeGfhP4v/ZA+G2hfEHw74f8AEWkQy6ksFlqtpClz+/PzOl0UEiu3JX58qw4A6V5b8V/+CdfwU1e81XV/hx4h0zwQtw01wdL1grqWnRHJcRQGPfMquxABJOM55HFfzPgfFXIPrtTLsfWhhK+GrOhNualG8XGPvW1V99Yuz666/tWP4UxC/fUb1IStKyTbafJN30tZtPqmnr0P4y/ipFPdfG2e4uAskrywO9wcgzMSMSMMjBcDGM91ywAFfe3wXv49F+FV/qX2dLt7fX7l2QbDKgKBflVgSQQuMcjr3rwX9qz4PeK/hb+03rvh/wARwWIMbx3Omy2Eu+3vtNkJS2uo0BJi87YxEbYKDaMdAPd/g1Zag/w41xYLO8ltLbWpkvLiO0kntLcOgKrPKqMIyei7gOOhzivuMPUw2ZVqNWnVhUwuIjzwqcy5XBxTUottPXRq7Tet9m3NSl9WwEqbUlOmoJp3TTVkve1SejXZbNXdn2Vv438BeIZZbHVbGSyudkZXzFCI11I38bKBgrnOTkHoO7DwD9r2z0zTfh/olvpE0bLcaupkSOVZicRq28MM7eTyvOOB9O1vdF0prk38dq4ljl8wvC/mKXQEqGjOWAG08FSeoHQ7vn79oppbnwzpr7wAuqgBAHRRlQC21uOR1AAU45PGa6a+Vxoc9alX9yC+BPpotGu17X3trfq/Lw81Uq0oXk5Nq6urprlb8tEtXbbbbTqP2fvDGoeLfCOqeHrFZJLnW1tcLER5gKOEypbIUDap4JOM/jra58IfHfhy7uILW91XT2ilNvPLBNJPGAgwWcRNmMgY5Y5Gcjtjtv2QXbSbG/1TcyyWGlRXsRUHIaCZm+UduRg8jAwWya/QXwnrmi3E76pq0mn6jb6za3FzdxBIBcLI0ZKo6ygAsrHkqORyc5zXzmJzOvhav7uDqQvG+91flte3Vu916vrY9+pGm5RjUSXuxabestIre27btfovR3/Efx9ofi+xs9UsdUvBc2ZQT5ZiXeRMYdmPK7sdHBA5AI6Vs/s1RFtdtwTgr9sZ2GBwYHLNnBIwRncOTg8d6/TP4s3Pw1g+Dnjy5vtAtY/Gl3bXq6bczWsTxSWSiRIEjdE2xsmA3mDaecZIHP56fst2aXHibNzEpg+wzK20YB85jGAASQxCnGcdj1Ga6Y5rLFUuapBw9jFpX0TSSb0+y++r301KpUYQUZQXKpK/Zq6Vrq2979d3p3XJ+KLK3k1C/ilSJo5NSvDHJI4KMplZeME7HJJB+p6jGfMNZ0XTLcXBiUxSJEQnlvuTdjkAjqAwwOn5Gv1z+Kn7Hnh/UBay+GftekXElha6lMN/nwyTXUSTSuyg5QFmY4A4HBGGGPhv4j/s9eLvDVvcT288WoW4xF5scTLGHBICTHG1BgYDNgdAcHFRh87wWJThzRU78vLK0U7aaO+urb3urJvcp0qiulpZqzu3oraW20b016JvofL/AMOIN+o6i3CkRoCTwSQ4xgnjk/3cf7RwOPrP4q6cNWubC8ie3Waz8MaYjeefvBbRcDBx8pB7qccHORivnPwJoOpWup6vBLEENqUEo4Yq6yjIU4AZTjOArKeAeOK+ifjPdXeiahp8tqiGGTwvprSQSJkO5tVUtvOByf4c8kke47oezfLK6srNrS/q32vurbW3OiKUKa5rtuyvtpo76p6d9rWS66fPF/cQDSItPk0W2g1ItM51NSpLxYIGV6KOeFAA53ZWuN8Aq7eKIt4IUKoOc4P78BsE4KlixP3h1B5IGXS3F7d3UhnaZUeNipxiNMqcovcrwOM88gA5AZfAKSr4paNgSSqsDgqrBJ1bj7xOSq9x95d2VAqJNSq0nqry5dlbTl09Nvivv3HHm9m11V1d90k1bR6XvdvXorPU9++KPjDxD8N/E+nzeFdS1Tw+2p6VbvPdadf3ULnaFMisscoR0PVomBU5GFbIz2Gg/tcfEi4sNFtNU8Y6X4nsfD9w19ZaZ4htsQiYfej3x7clskM7DPJ4PQ8p8dvDN5rR0C/SDesemE48wKWUqpwD3HHAGQCTwM18hXOly2/mwtG9oqqxV5YyGLEA/ePGD26jGAPfys44ayzF1nLEYLDy5/eUnSipJpRatJLmVrfzJ39dO3A5pjsPCMKeIqKKXwyk7Jq1lGLutPx9D6E8VePn8Q/FGz8Sapb2Olz+IL3T7l7XRnD2UCpcRgomS2xNuSc4AGQADmv6Ov2NfiH4P8DfDT4q63H448N6X4l1+602x0izTWrfTPEvkNAlvc3Wny3MnkyGOKR8qo3lxxwcV/KX4ftpLnW9FS5lMrNMqqRkhBG6FiCPmAYjnJzkbvugiv1Oi8PRXfwksdRt9Mgk1JTc3UF6SyTosSAZEqkMNpAAIbHI6DFfGca+H+D4tyNZF7eWEoxnRkpwhGbXsZQnCHJNSUoqSV116vovfyTiSrlGKli50o13N2kno7y5HzJLve+1k10au/3Hurr4pfCI+HPFPgT9oWCL4TXl5d3pstRmstQv4demANveX91Z7cSNPI2ZXAZVX72RgfC37RXjL4kaz8ZfAkHxa8eeHvG2rW5TxDp+q+HlhggGm6jOrpBfSxgNd3caKBLIzOQ3A+6a/He1+LPxA0N1sn1rU4bRJhILW4vrq5sFkSQ4k+yzSPbk4HyjaB6Y4I7Nv2gfE/jHxToN/wCIJLO+vtL+x6VY3lpEIytqjrhZI0CghQNvTBJJ5XAb83yHwgxPDueUcwVTAVsPGDhKUMDRw2KlOUFFVJypRXNJtyvzN6dU9D6fHcdYbNMHKl7CpGvzXjKUuZcj5bx11SjaPKnonu30/pl/Zj+PujfDT4l+N4E+IviHwgyWNrrOl6Lpmr2cVvrJubdReTJY3If7VeIyr5SRqWbLAZIr2vxz+0pb/E3SPEGpzeK9f13XdQ8L694Uns9f0YwpaQzwSrbyTytCqpNMpzEOMEbl4OD/ADqaz8f/AAFpPjS61fxPomsWfiW007SYvD3ijSQskNhcRqpY3FvIGDqWUFlw3zLtwQSB9lfsx/tIWnjP4keJvC+s+M9D1KHXLYeJJ9c8QT22kaddQ2dm4k00Rz+Xtu8FQpiIBZTgZOF+A448MqtbPsZnlFV/aQqUq8Yxjem5wlT5uXki3eybbcou6vd30+hybPMNLL6EHCk6jpKDnfkmk+VOMnJxSvd6Wd0n73b8kfHOnC08c6VZcStb3WoM7I3BJvZskYHoMAnHI7YruviMt0nhzw8bG3+ZLdnlkaMvtVVILMqZwWYepzkevy4/xJtp5Pivr7qkDRR6hqV1ZPZTrNbNZy30vleVJF8rJj7rAngkYzXq3jHwrrWqeHtLvdKkhto7LSUluLW4lWI3kbRj/V78gsCpYDGdxGFPf+jsnvS4bwUKjXM6VBy5r35lGCtrr2TdtEtPL8/xbi83q8qv70lHZppKFmnez6a6babnxjBLf3LkTQKkLO3mhIyu/LcYAGMHJOF6dsA16Z8M7PZ4qXARt5jUKvYsQOeoyMgEYXjAB6VzFs8RmEEsbRXImkjkiYlkDK2GHy42g8leu7IwMZNerfDS2jj8Z2eChh3RFlUAscOCAc85UkDOe2ckjcNo4iKbSirKno09Nu/Xd7LfSy1Zdajehzqyd0le909E79Hrd63/ABufo4ngPXNa0rQr6z01bu2ksoo2JyjNImBtLf3c9enAGeBT7z4ZXdpbXcl9pt3Z20Wm3ZkaPe8auYXIJxxjPyknjAB6Gv1U/ZX/AGNfi78cvhXb+KvAemnVNB09jZXAM8Nu/wBrZA4W3WUeY+0MpJUHv0zXXeMv2Ifj74a0bVtO1z4f+LJoruGe1WWxsX1H93PGU3DyUdicc5XJGCfvAV/K2ccR4ylnuOqLA4h4ZY6fJXeGqSpNU6vLJqpy8lk07tNJO6be59vhsPBYfDQlUoOp7GF4OpBSTcItc0OZNtpqy17Lpb+er4I6ZHbeJLAhyITreoHeoAkZIw2T3wRgbScDnI5r9efhL42/Zk1vSdF0b4ga/wCG9Rls57zTtQ0jXbe3yjSSupDTyL5jMOclnyBgk9Sfhbwn8JNV8E/Fi88G3mm31le6BqV/9qtdQgNvdRtcAsvmwyKDGcsMhhnjaGOa7nxB+xH8Qo9Qk1PW/hV8QbKDUr3+047/AE3Sp7m0utPuyJYbyF4I2ysqOHVgSCDnPBx9xxlRwed5blftswxmXzmqdehUwcl7Ry5Kbs7u7Svolrru9TmymnOnisSo06ckrwaqJNbp6XWrum9b6rp07T9s/wCBn7JGj+EpPEvw+msbHV73Ugmm2nhPUYLqzdGUvKbyFXkaMqCScEAZIxjIr5N+EXgjUrvSPEel6Gkd7FBoc4gmlk8oyvcKQse5toDAsF5Iyckg810PjX4JeF/B9pd6h/aXiOO40fVI4bzw/rlveWjKLlAAxWbagA5BBGT69a+h/g9Z6K2neM7OKNbaxW20MxzQlY/sqzKiys83G1SSx+8CMH0wejh/M63D+RVnSzDFZpUptqE8bdy5pOKjSj9prWy3t5JWMcxwvtMTSUqSpxTi7UlaKScG5c0d7u6e9umzR+Q3jDwt4j8G6zPZeJNMudMmy5Xz0JicsxYNDLnY6NnIIJ3HJORzXa/DG9ZdVsGY+aC2MHsASOCcZ4we/b6n9MPHWk+EtYuovD+oaXa+JUkv1sYEcxXE8pcFYPKkXMoY5AUhh04BXg/F/jz4d2Hw9+K50LTrO502JIred7K5YhrSSZBI8YAIIUEjaD8xHOPT08DxRLM4ewxNB0MTKnKas/3clHlu1f3o2b2a30UtdOulTgqtNxm3HnhFatOylCyTSWzXbq91c/Q/4LX0jXPgYqpjJ8RabIME/MPtcIB6/L2zwMgEZ9P7sfBbl/AHggkHc3hbRj8pyP8AjxjOOCR93gA8HHAwa/g/+Cki/wBp+CLUS8x6ppkjAjGCb235B9SDg9cgjnOMf3f+BWB8AeCCxIP/AAi2inPcgWUZIz3wN3zYI9s4z89h6jnVx6crpxptL/t99Ovy9NXqe5xkorB5Jdu6nUWmtl7Kmn6+9vu/I2/LPbkY5XGPu8EdhnI68YBIzyajw4DDaSD09SBnjAySwA55JJAC5zVwZI5zk5JHGMA+2Tg5OOST9OkmzIGFzgYz2OQfQ/Kw6gEck5wRiueVK7vppsr79LvTV21s9L9D4Zzi7a6XWttrW6fKye779szbJzjgAknqCckjG4n1z1zgDnP3acqsdoAJ4+YkDCgY9Dn8CcHpzzjQ2MxVsYy3DYLZI5POPlORk+5yQCc03ywDwM5yCBuyOpHHBzzjjp9ORhLDy3v2TfyXS1vmur36KVU191rVpK70esVff5WSu7WbtZFJTJuEYJ27vTgA46dSegBIPY+pw8Ntwo2t3DcZIOcYPfOMH5gM5PoKtrGcZKHB6gDgEDOc4GMgk9RgD0ODE8THcAMrgEfL6c8HHToGwTkdBzmpVJtWi9E7pLR62W/4Wdn0ZrGcXfntdddNdFZ63f3WWr7XaIACQW3YIAxkdepJbIOM89T0yKezFTtEpyeg+9gZA+uDtOc8j0AIpFRTkFckg5wcHK8/N7gHPHrk5GcHlYJYAAkcn7xB6BR1J59cn1yapc6snzWe7SWmivtZ66dN1rqiZKD2a3u0ktbW1fTXR6Jb6gJSM5JOCOeoPOdzYGTgjIGOckHkCnCU7xnC7mBAyOgGOcjgnnHGBt4ppjZtxxyQCG4yAPxHzYB6591PFJtLnHGF9sHnB+9wxB7FduPTOacb2STu1q1e2vuq6Wj0bV+ml9OmThGVm+V30fa3uvbbdaNrd6bllnQFlCheVzzzjoMAgAY5LAEYXI45BlVsEeWcgAgkkYbIPQYz2Pv6BapMByrHBD4X733mAG7lT7HqB1zyPlfnoCwAXAxx2JY7QBj3GRkEnhsEDSMp3t5q+ysnyrZb2T8u907ozVGOia2Xre/Jd3V763trpHTyLykkfLgnPUEckgeuD/30eOScdg/M285xwDjPfg5xjdn6fKMe+a0bE/NkkHIIC5wRnHpyflJycjmrWepB+Xg4yRk+wGc4znJOcdSep1hU+zK60V9G+id76rW3ltuyJUpJLlskt97dL9Gr3T6Pe3QeMA4ONpI49jjtjOCc9enAqY99q5I5PBwBtYYIOCeAOOSeCOhxGzeZkH5QCDv4xxz6cq23Kg8n7pOScyg8llwCcFs7Tt4wBzzggtjHBySTnFddNvS2uq0+STWz8/v73MGnp0dknr10s2/Rt320W/WaNSDnkErgBs8knjaOgGMYGRgZJapAihQcDk8+qkA9M4Izk98H+8RxUcbY5wecjoQQQfQ8gkZHI4ye2TSGUcAggEHnOCcdMZ79ffjoPvV203GNr8ujs7pttpre930d230374yhO+/n0XRJJr10Xe2nYmVdjFhyCemN3JABHG7I742nrgY2gmRCQ3BG3nG3A5OODk5BOcnucYx6VgxJ5fIJJ45PB5OccA4yTknnAIAp+BjOcdMklCeeQSOMY7cenJ4z306sLJScbpJfDovhfVtX/wAtlpbmae9tO9rt/DZtLXrpay2LAOQVPPXBHTkf7XB6Y/nnBwMSDngexH0P0yOoHAOD1OKZ5mAG25x05OctgZwAf73Hy/e547OVmYqQME4IXrwSD0OMrgbiecnk5+auunKnL3bpK6vJ97Lzfe617Xelnm4tatNW+7WzXm/LXS+92KpJwcDOQBnJOM5ORx26ED+HGSw5sDcfXr2568YGcngnknPTHJzUahhkqMZ4HJOcfeIJGOxJyBnr3qRA/JIwufpjsp4znvtYcEeoxXSoqXJ8LaSfktlraz5ndLvs7mb5tbO1/wAbtbvXre1vIeVGN27PPPYfMeCBzwDxjBxwc4IAaSRnPHYdQcn6ge2PU8Z5pzYzyOFPRSoIJxk9gTzyBzyBR5QLAEnnIyoGQTyMZ7scbjg468d9o0lZWS+zzW+1JqO1u2t9VsnbQizduu3yV46dk7avuu+qbeCTzzgEAqMgZODz2PUA9+xAOEDcEnjO7aBxlgdpXGepA7cHBxnBq0FCghSThVB6cg56EdVznAxwCB2pAuegXgdOOAMZ9MAH29c9guv1dXSvrdNb6LR2Xda63V7OVnoVdK93vu9bt6dtl5eemlr1ATkHaTx6YAHXBIzgDOOoBPTkcrlhkHouACA2TnA+6MggDghQeB7cWhHndkdcct2A5wT3xjrxg9c05o1+bpjgDgA9ec9TkH8OenNWqCWzv52vraPztq3fbTsx3aTd9d9tOml/vW+r81p4D+0z837PfxpVRnPw68SdO/8AxL5N3f29CMkiv4EdJisVx9tazTIv2Vr0gg4u5Q21XwDjhjwDyePlxX+gB+0XCH+A/wAY4sDa/wAPfEa9Mqc2E+frnn86/gpTRLK6tY/OtRJIJdQRZXQsIy15cAMQASQMdODzgckmuDCP/jKMDSk2nPAV3dPqq0N76PvfVba9/scraXCmbzkny08ywsn581BJdd1a7Tv69SSNvCttpLy376RcXJUjbMqBRErEnaCMN1OQuGPPOeuFrHiXwAyW9zpwsopLVVQR2+nruMh27j93BJ7cEg9DnlZNb8LqumXBt7eB5LVUt0yoPLkZwSMbiWPUkkEZAyK8eGjzx6jaxSSrGuC3lKq4LhsbCFyQCRyBknnAziv06jgKc2rykpRs3rd3Tg77311uttFZXtb5KvinTVo2fNZW5d1o7Jp99Grvvse4+GvGcmteMvC2naBb7gb4GWSe1MSu6oGKbgF2rj5cD9cV0eoeAvifqXjXUvsF7Yw5lupjbqyKpQyttCl/mY9jg87sDmqnwn8K3Wn/ABB8NecYxHNctcNDghmDohUpxzhuFGcFgcdePfLW81Fvibc2aQhhE93FHjnne7fMRySoO8d+c5GTXoUuWnF8tSXKrL3dbO+l773e6v8AieTiZSbvKnHmUU1GSbVnJaO72Sfyeyu7r5E+Lfw5+IXh74c+O7zxNNpzaY2g3FxHBDETKZn3gFpBwuzoB8pDDHAHP5afs+aWms/H7wLpIv7m0N1Z3f7+1OJk2wOMx+jdRxjHPuK/eX9qK1kT4I+OWlMnnHRGiPUIS0h4UkEMRgnAPbgZIx+E37KtwsP7SXw9uGUyeR9vtzkZ6xNkEdAeMcYBIAHHNKvVcU5NyX7u/vO+iSeu9t/LXt10wL56VrR0qNJqKSVknbTySv6Ky7fpb8bPAC+H/hL4vmbV9avGTTiwjuiPIJSb5GYYBLkAZB5Byeua/Pr9kfQLfxB+1VoemX+9oLnSlEq75I3Y/ZPMVdysNqbgMA4zwc9q/Wb9p++in+D/AIqFvb4DaXychvm80HkDBB4+6Rk5IDckH8wP2Kg7fteeGwsJLDShtXOSSbMgAgdePUHsvIzWNTEOVFSurQpte7GP91rVJXdmtbL7tu7D+7SqQd2/aNJ6X+Fa3ja28XdJWezP0C/a8+GsHg/4e6ZeRAzfafEoiJ8+aQBGtyQvzsVwoOOO/UZ4H5y/sX+GdK8SfFPx5aaraefHbi6eNSWGXFxtAAUjp6spAOOpzn9bP2811Bvhb4ZElk9lG/i6NUYsPmYWpZuCBwcE7stweT3r86P+CcsNvL8bfiSbtYZIoYrth5rIq/NdYwNwCkjgHPCnPJwRXdQrR+q0ak+VWqPmdtWlypcy7XtZ9Vrc4LTc6kE5yfLbVvmXNLW0nZ6Jq/otT2v9pL4eeH9K8H6K1ppq27T+JrWMv5hYYSEuE5PQuAfU44JAIrxf9h/4cWXjjxl8T47qGEm01LbFNKG/cESEEgL3bjg49SPX7d/bfSwi8D+HZLEwq/8AwlEbMkTqdoW0lbHyZAOQOWGBjDEk18yf8E2bp5Nd+LEwLM8uqgZUAHczsqgD5mJAIPIOSRnPGDD4qE8TCVNRXLZt2vdpJbp3Wu3TT0HWhOnl0vaKXM3b7Saj7SHLaTu9V16Pe6R1f7a/w8s/Cdh8Moba0tf31zqZlkhUo83lqQWYnqQO+ck4ByDzx/7CnhC28QeCfF8kum2c5g8RSxLJLEkjRgyPgjI3Y9iVOeV7Z9r/AOCiEF/Yad8J7ySV9st3qihM/Ou5SCWXkKCScZznn+Hiua/4JzSW0fgLxkCyAHxPK8kjtt+bfISvoTywY5b6AZrsVd+3VSXLdyaadtrxs4/4mu9+i8+CUmsDFLnUVb3nbrPX3nq73WrvbRtHzp+2j4RTRPiB4Is4rK0g36ZdyAQwpEJcLuJYAYLAKPc5AGeh9S/Yu8Lahrfwkvbm2s5HRPEesx5jVcZV84JIJwvBY7sD+UX7fYib4neAWimjJOh37Z3q3Rc5JAPtg8Z6HPGfoH/gnU9vb/AjVUuWBdvF2vEAMgfDydckkgHtgDnoepHM8TP69UqRj9lJ6JvZXdnd9uul9b7G1SN8sw6b1c3ZvV2u3d9Xr67b9D8+/wBtDRrrSfiRp0dzCIpP+EEbAO1dvJC9CMcYYdBx35r9Hv8Agn74ee5/Zw0e/V2BGpaljbuyxCnJwvf1wB065OB8Of8ABQ2B0+KllPG7eS/gmExDgkjL7xxgAYwO/IPA/h/Rj/gnXqOmw/sy6DZ3Fz5Mz6hqsrZBO1djDJIBHocdMnHrSxWJdNUqjlGE5yikno230V7PZbN3V0lZ73aMsFSXK3yy3uknpv6d3qm3Zrt+H/7YMEzeO/F7byxXxle8knO6LyxtPYnIGMcqQfev2E/Zp0t0+DnwyIecMfDKsqBmC5KSkdOSRjBAHOOnOK/JH9roRy+PPGQgmV8eOr88YyU3qGB5Jycnryewwpx+xn7O/wBmtvg/4AMt7HFJaeEYJVikkRWO7cAqqxGVIYle3TgnmtsZNyxlKMZcvPRp72/li2+uqV23p7276Ext9TTlFytUbSav2Ttrste6trrsfkP+1JE0fjy73Ph00ucNu3DGb2X5s4z1LDJO7Hy5z0/bD9lGBIvgV8PLklZHk8N7VDFiFJikJzjOeOAMqc/NkkGvxc/a1iWL4heKlRwyWcllZxMDuXZdTGV15wSAX6k/LkjgEY/bz9lmew0/9n74ai4S6Ms3h7aHjtXkj5SVQSwQggjA5xn37Z1a0aXNz1VGyjGMnvJpQd4vrstL7W6GlaDqUKKhG9pxlo1ppHR77NrTe3c/n3+PkGPiTZTxlRv8bagT8uCSNVk5HTPUA9dw4Jzg1+/PhW1t5/BOhMFgdzoGnhzv2sW/s6InPI/DgqSDyCMV+B/7QWE+IGnvGxAbxzqePMG05bVZcMw55K85OCBgYbqP2+8K3Gs2/hrw8Y5LcRvo9geQAdosIsAjg8jJJyfvZHNKdRqTSk0nGDclor2Xe+l3eyfS689HT92NlzPmej5nZrlSsk3pffbvr1/EzxEhfx3JEAN0fxUk+UnOQt+fYk5VjnHcjkdD/QraWsaeAzH9mDN/wiTvkH5hnTVJJ4zgMQMcfUYr+eXX5JR8RZXLKCfifKxx90s2oDOOegJwQcEgkAnOK/f7T9Q11vCQG61eOfwwUYDCuI1sPuqMYDMv3jnPPvz6GXuU1XfM2oxSum5fCt7Juyfo3pe7PPzeSVTCxfNaT3SbVlKK026au12r2s+n4N6IIh8dfh0GUIB49ud5bgkf2g2c8ZB6EZxzkg9c/t58Wb2yPw/8W2kkkYJ8P35jAGAzeQ5VVbPOT1wQM4xjAI/EnR45T8efh4Bbbj/wsGclSc5H9pEY69CSAO2e+OK/cz4rW+jJ8NvG/wBs0xoL9fD9+beSSVcEmFj8ikn5RkEFQBzgZA55sJVVOFW7dpSabV7JJrpslazsnv2SsdWMpfvqGlrRjpayaTg+/VWsn1vdXWv4pfD2KL/he3wvh81fLbUIyw6rkRAd8f3iMdwN3ev2Z+JrWsvw3+IdvbwxSiHwpqRLI64B8h9zFScgqQOvTDDANfjD8N3D/H74XI0QbdfAoNygHEI2kkZ4zjtx1OeK/Z3xtBbXHwu+JwtrS6hvIPCeqSSyKAYmbynBXfxhdu484wR68jXAV4Qw2Lm5Wd3ZJabRS39ei/B6Z5lTaxOFXLypwjJLfeSiu9777qz2tdJ/lB+x9DDJ8ffAvmttItZMKeACqSADjHHPfnDHIx1/V39rqKJfgT4ywYTiC2weckecgwRjp0AORk4OB1r8v/2F9D1LxJ+0h8PtI0yOB7+4sLnyEuSBE0iI7Aux6AAHtgdeWGR+t37bnhnXPDnwE8cQ6nBYC4itbeNnhdQGKyITsHHRcgHj7pOcZzzYTG0YKWFulUk3KC11V4q6b0Wqu7W1fU0xOFqyrUaqjenH2ak+1ppbXtrdap976n5LfsebZ/jTrO1B8ng+ViRnkLKigYGAfvMCTzkDI6mv0V+MasPhH4+fywCvhyUjBAOAyjJ6ZGAMknPfJ2mvz/8A2I57K4+Mus2rRAvJ4LkdpFIU/wCuizyRwD6Acbc9QMfox8ebKwT4P/EFbXeHXw1Mchxx8ykk5yOec4GOO4xXqYDFJ4GrTlGScqk197W+vRddL9buzObM8O44+k77wpNu+t/d1a2v06dErXufn/8AsByr/wAL/uWZiR/whFw5GUHKyoQctgHqWzznGM5219sftr+I3ufgh44s7i1VJAbMRS5UvLAHA37VbATk4A47jIxn4f8A+Cf+kwa98d9SsLiRIoz4FnLP5jqyjzUzhkII6kZA5OAcivtz9uDwYNA+Bni28W9hkQzWEUbhmknaE7doZmbgYHVOADgYzWFKUFTqQs4bbbXdt/JXVu1na+5tVpr6zRT35ad009Nk772eq6PXqfG3/BNDwzr/AIt+I3jWz8MaXNqd7BotvM9vGDuWAKpeVyVwqjAxkg5PGelfZX7f3hfxX4K+BGuQ6/oeo6dDealpSW81wqiOaTzD8qjHYgjI4Oc5xmvIv+CMmqnR/jD8VbqGaPfF4PtyodmUMMDKyMuBjcccHlu5zg/Xn/BVLWNa1z4IXdxqd3H5D69o72tosjSJDHucjYGJG35TgDIzknk8eLHNcdTx0sAqNN4VxjeeqmuflctE7aOzs1brpc9upgMP7CniXOTxDekXy8seVqz8nor3bV9XrY+KP+CdWoKml/EhXDKZLzRM8YIwpyTxwTk4yecE4ORXpn7fd3C3wM1m3t0UFdf0lywwSCzHdjjOQT1x1HbBzw3/AATT0+51lfiPZ2cC301xqOjJFCGG5yFbAT8cMcZyBjHavY/+CiPhXVfDvwG1X+1tJWxuW8U6XCMNubaHbCso6HGQCcEnOOcV6FPGUYU1Qcn7VzXLG2t9Gmkn1dr+e5wTw0vrKqWTXKmpW0vZLdab7/g7nyf/AME07kw2nxUJUhXvNOJbb1+YgnvwSOTgEfSv1D1PVYpNM1kSoPLGhakF3YIP+jS8rjnBHc8KTuIIFfnN/wAEv9Gu9Xt/i7DbQJIba70p5QxT5VZjtC887zkYAGAPQkV+o+q+GdQtdN1yTUNOihhGgamsYcqrFxazFmQHGTt/3sjBGO+Msxw1Bezm/et7y116p223aSsle+t0mbLL61WSnBrTlautrWbsrPRNN9Fd6XVj8ufgbEJdA0pXdlSfU9YJEZBXcuoymP5eCeTgDjk8ngE/KX/BSWxksPjD4e3b5DN4LsSOq4BB5AOAcjsOu3A6AH6n+BVuX0zRJGmeFhrurwmIE7Qo1G4+YY44XnnDBTyM81xv/BU3TNKsfiP8Nr25szeR3PgWxDmPaHjKoS2NvVsZOSM9iMAgeVj8dWth1KN6Ulza3TXw2au16u636O57WFwjlGbajGSabstXdw1S1/l6W3ej1a/FF3kjD/I23zDztyDnByOPoctyOT71EV3hmYYIPAKlsD0UqO/U9Qe3QCvX20fwlqCbYL+fTDIS6x3IygJGSN+FzwMkjHHXPAqhN8PtRmIl057fULMFsvbSDzCBnkrksSMDgAgYJxXmurTS6py0abWiTTbX+fTs72WzwXLG6blsrLr8L6u60Tu/udrW8vaGQDcuckLjCseSc4IxwemfbB4NWLW3vZZQohZmZSoDdgByQeCD82egzkjPr176S2nySLdW1xE6klhOhQZG7HzvhSCckdzwSeubDWsZXzt5hOxjncOPlzt56Hn0x1xTaUlvZy5b285Rbu9btLz6b3s3cIckFdSW10nq9Y7tvom3a1tm3e1+Js7CW18xpJAkgmbaqnLHPGN349M8sBnoFOvGQj5SSQsqjcPuqWbvlupyemB0HTAFLJcL5OIsvIkpJZlGcAkgjA5BzjGORwTjJrEknuJGlw2MOCdqkYzjALE85OPm69RnAFTypP4lsmknq/hT8rd13sm3urXI0mkmtHpbR6X1Wzvp/mfV37Lmvz6X8U7CQpGUa0uEuGncqIoQjkuuxlIPVc5yN2eAK/SCOTwl4lvI5pNOiaMvJHcXUN6ZRI6lsBjvyi8HaSODwOc1+W37L1m2pfFKztJZhEJbK7V2ZScgxyZDDJwDkn04xjOK+zLvwHdaXqMl34V8Vf2XcrNKzQvIz2jTK/DFHOCDk54OSRjkgD6nKa2OpYScsNF1IqaU1zenwpNNPRel+mrOOrh8FWn/ALS2pXVm1dcqlZarVPX0tpZ9fVtf+GPhHxHqsCMb2N1LRRrbN5qIMna25shdxxjPXORwK5S7/Z0vQbg6PdajFCZwS9xAzRbQc/MQMANgZOOSA24du9+DviHxR/wl1vpfjWTQTp4hMttqUciQC6uY1IMRDFQZCDuHcMDkjpX28kqx2LraRpdW9wGY+WYZBknKoCDgBRwBjkdOtePmGdVYYmcKtKMZLWXtIrm+xonLV3SSa+ezPdweV0Hh4unN8rdk42bjdR1V35e9pZfcz83tT/ZR8RXOnJdpFZ3sMccl1IyyeXNJtU5VN5xnG7gKfm29Ca8Y/wCFN3tvBJ52l3EZhnOHjilc7VbBBZQAW6HgL2r9kRdRrpcgntnSCG2lBjOA3QgEbRlsjOMg7uhz35+xi0e6tVt7nTQiyopLPDGiSR88FiuSw7PxjOecmvOp5x77nVoUJX0UUmrK0W27dFZ76pvomrbPJ4uDjCrON3yt31+y03daK7bv16H5Dp8M4A07C2vlXy3BVkZVZwOQXIGQSAOD3z3xTLn4a2cunW88LzW94sLLIg+YYQgBdhO7oe5J5wehNfr/AAeDvDN4GjtrK3ljQurRtFCx3FgwUEDJ+YdevU5JxXFp8FvD/iAX/mWEdvvvpowYCI2Cof4Aflb+8QAfQ9serQznLkk62Eg1LRuHK7fClJX1a0su99erXDPKMany0q60ae7V2lFJWWj6P9O/5Nn4e3my3FlK5m8zIRocBhySQQOQenBAGeSTXrng74bafdaTAdetI7jU5LpzCshZdiKDjkMAT1PrxuOSK/QG6/Zt0xIkj0u9uknjDlQ8JO2PB4yuTuGfTnDZwcGsKz+C+oQWMPkLDcG2kmHzNsnLAnIIOMNwMfxYJ5BNfQZdjOGZYmjOdNpRS5oTg3BNqK1Tum103tvseTj8tztUKkKc7u+8JWbVo3Wlmnd3et7q711PlKH4f6NbuY0tJrSV2cvNbSsW4BIwA7EDB5IGOMk4GBb8K+CdTl02b7BqfkKuo3KLFdJ5m4A/edic7hu6Ak57kAA/RF18N9bhuZJpbXEcTMFHm7mRnUhS+Dknng4+6Rn0OP4e8Ia5pdqyyW0rzPe3MoSIFgyMRzkAjODgnnADNtwMH6xrh3HVMMqU6Khqvcqckkk4pNrSzsmnpe+isfJ2zrBxqSnTrOUZRXvJ1OZ6Jtt3vfXa0dPNHil14O8XWaSypBZX7+aSpVwjjAO7GSMcDdgY9CcfMOO8PareaU9+k2k3TL/aDCeaKMyCGQZ3BjzlckjIyR35zX1umkXJleS5iuI9rNkNGwC5BAJwMgjH93044OfOdC09I5dQjVC7vqs/mpsGXG/IysgOeD1AOcEc548/MchwUq2GjgsY4OXMtZqXKkko21Vk3o99FZdWdOX5xjIxqvEUFeHKovkcN3a731s99d99Dzxde0S8k+a5kjuiGIE8TIqEYABYrj7wHI7duak0qaC61fU3S9hKNBBGpV1CuxIztB4YgDkEZPX5iSD643hi0kuv3ljafITuWS3jDqGAxkhcsCRkDqOh5FZmleBNEuL/AFyS8slkEM0TQpEWhwxwcKEx0wcAY5I75rwMVw9jqU6clXp1by5b2cbpJNN6vXo9LtpWsezhc8w75uak6furmkmn/KtXZN/r6WT5d4I7dhE5LiRgiugBGMAbsjJ57lc46nnIrKuLdE1DSkjkd9125AYEDIAJ5P8Ad6+mAemVr1A/C/Sb+Pzop76yILsVS4ZihVeAELZYADIwfm7Dd1xL7wLJpl/pElprM1xGZZMLdRFvLKpnHGGYknA9j14yfPxGV4+nG8qV0pRScZX3aVmna67v4ldPa7OylnGDqSjafLo2na97pOzs1vpvdpXdraEI08L5bSBYg0zbirAKctg5DD0ye+T09DdnsgYpirxPAY2IG0MxwpJwADk8YAGT39c259I1sRCZWsbgSGTKkMgGG27jlsAnggsTnpkZFVLq51W2jEUmjB0WElri3lRkR3yucDHGRnBzg5OT1rzMXhK0aVX2uGnGMY6yScrtpXXuq1rXbtpfd6HdhMfh51KahXg/fi1d+83daabdmm7prXz4vTr7SBcLaXTsftEvltMIv3kBD8IGCHCnAHIOWxwOScu9+16bqd0bG/EcTyKowdxaIYO9wDtVQp6AD2HWtC58L61JINRtNP1BdPneOOO6a0b7I1w5G1ftJXyy28YJBwCMH7ox3Xgj4OfETxmuq3nh7w3rHiK6sS1tewadp811HE+CQ5ljQrgLlmYHn1wSR+NYqgnVrJdaknr22167NLXv2sl+kYWs+Wm3pemrN2V7qKbu3d67JXu3o+hxcOrP9pEF9HFcIUDb0K4bfkZKnP5MNxwBjJBrO1bwv4a11yFKw3PlMCEUR5zk/d2jqfmb1J7AivT/ABB8FfiR4Iu9Ki8ceEdT8PS61A1zo6X8LW/2u1ic77iNHCt5SkEEYPOQ3avONV0vUrK/lkWzkZVbaXiRmygGWZWUEdeCAe2D3rgqwrUWuRzSSTsk9U1HS/8AhV00m1e1rHdSqKrF3Ufeen81k7Jq3VO26e9tLM8i1f4cTWsbyWjb4k3qHiYfMDn5gCctjABA4PGOeK87k0a4s1JdCo8wgljjoGAG084JBGcjn5huXGfpRLm4jjJKt5W/JSYEPgAjAJ6nHJCg57D1huNO0bXUMMkaROwOzGFYuCMjd06ngH6buMnN4tWiqsHfltd6JtqO7ba1Sd+lnqbJcyWqctbLVdrO+27tbd6XV9vmyOBlTeVO4Phg/BC88YOWAI7g+h+t/Oxt0ZwOQVVtvJxnIJAHC9ffnAAJ9l1X4XTQwo9pIWJO4RMMsGAyQHAwQBkgZJVRz2B4TUfDGqWG5Ws5CBgyMql0Azg4YA4x6Z49TjBiuoVI80GnpFy+y/hSfRap7JN26PZG1GUoaSSVrST69E7WV3az2vs3axhJcIwBddjZYK6nGSowAcDBUn8jnPHNdVpOrCLy7e9lae2Hp8zRlidpy2eCB3AyOODXKfZNqbCN2SDnkbSMHkH5iRg8njjrwQb8UBZNrZJODn5slQcANgDjg54Jx2CmvIxELqKbtZNK1tbcvftsno7pXa3O2jXUY2tvJ7PzWmmie1nZ+djvdR0WFljv7a3E1m6DPlkHa2377Lncpx94AHr7Gs4Pbhi0Ua7kGS+VGAcHG0k8A9iOfVuMQ2OpXujn91IJoQuDAxLKyn7wVTkAgD5jjGQBxwD08MGh6+ENrIunXzLua3kIEcxBPQ4GMsR0xg44wM1wuXK3CSvHR35dUrRSvro9E79fKyZ3qKdrP3ndtPr7qu1bTe++m3VmDFcuwyoRTnIOFJ2gY6dWBxz6ZJyetbGnzzS5MpcseFJwoXtgHH3e44OQBxnOYJdA1G0LR3EBVckCZeUbJyo3ruAJGCvH1yeKt20JEZDSMqh1QbhweQNwwBnPAO1hn1HNYpxbb03W1lfbS6d+v5blJtNczt13snZRVtUtdezulpqbsB3sELAOvdjkbQN3bruBOMZ/A1oWzASgI4DZyR0wRwSPXsMHoOB1zWXaR+Uu1zubIKkDO4nJwM4PA7j1H46MEbZ80EK4cqAFBK5J6kA4HOc56njjoS62+7p0307fetltbXnWnKtUveSvdKSSu27a6tKys0032fW2QWQ/e+bcAAVz0wTgDJIPA2gZGRgZGT0FnGSvmMcsrfK3bb3UKe/UsFPHcA1h6ehVoyo+cDJBU9T1YDoSVwP16jB7KxA3I4Q7AWwuxeTznABJBBxkkjk9c9OOpq9Nvmm7OLvbXdJaPt0e3TTlFyV7J3Udb2a5l0s09LWXTbVXvYtonAd0Ta2Q3G3JA5JAOQAMHdjpyFGeuxGmF3gbshTuxkgnBKkA8bicZIJ4wO+LQ09kaNpI2iV1U56ZBO4AHJO0ZIAOQAT74njhKKUD5VmyR2B7cNnB5yPXBByBxxVFZvRpa2d7Xul0uns1321V2jupSSasl7zXvXSd/dtpro9Ve9+3LfQhjLEsS5bPBCk5XI7Y2/MABgrkdsYzXYabEUXJYgttYAIcrgZwM9PmHGec9cAhTkWtsJXUgSHy+WZUY5JJBwo5OM/MQQFwCeciuo01oYpB5o3AnpggYxnnjhue+AO/XNcNWq+V2eut2/ltbvqtG7dXex1Rs3bfRJvS+rSu7Kybt8tFsdnpcYZVGSS2Bkqozkk5K/XoeSeM13dlYEodyM7fKF9Txkg4OccnaD2H1FYHh+5sXmggGnvcSGQBY1fc7knkLjLHHcDjBBI4r6z0jTvBv9nQl/BWvm8KIGlSKR45G2/OU+XDAtnJz16EBRXz2MrzTTUXK1rWTdrtO1orVv1v0v21U6VKS5mk23vyvt1bSenr8+ngf9nqQAYtgUsCcgEDPQ9+o77ePrmrKadgBVjHl8HPdtwy3A9PUY56mvoWLwnotwGKeFdcLSEkp5MwweoAG1SeuBxnryy1ag8DxyoUtvAviGVg2ATbT8jdzjC5OOg4z6nqB4lXEYuaajhask3bSm7P4WtbbJfL7nfqp4zCwSUsRSSey54Np3Wlm7ddVts+lz52TTwzFFQlskEEZAznvnaeox2Iy2ODVtNKkAYGLnphSmG7Z4zjJ/EDjrX0jB8NPEkjj7F8PtaYMN2WtLg4GMA8xknrjnHGMjjB37T4MfEu7T/Rfh9qKL0UyWU5YDPc7M/7PHTpkCvMm8ybXLgq61Vl7Kbs3bTSK31to9DpjmGVxWuJw6tprVp66pN25rdL2S626Hy3HorMF6IQDtwOpI6Y6A9RwP54EkehoWGVBfbsbALDdwBkDIGMDAwMDBOeM/X9t+zn8Ybt1EXgW/PfP9lXJHXPynyznI54POQexzu237Kvxzkl3Q+BtR3bt24aVcsCf4cny+B1wPpwFU4UcNnNZq2Bxb1tb6tVab0tZcrunpqlq++5Ms6ySle+OwkFbV+2pLR23fOtfNW0ey0PjEaBOjj5AS+V3BCwOOOi/LxgY446+tWY9CmiYZhc7W+YiM4YAjAAI75/ToM19zwfsl/H6YgDwdqC+udOkVSG9Mxg/LgdcgEjG45reh/Yt/aEuxkeFr87gp/49vLKnnAbdHj68nPc8ZrVZRxBUaSy/GO+rSw9Xo4u7ShdWbb197fdXRzf6y5BDWWZ4OLtf/eKW/u205+1+3vWvofBA0CVvm8oqr5KkxMxRum7OScfhkdgOhsw+H7tcKI3ZiRu3J8pGeoJyFU546Z4BODiv0Ns/wBhP9oq5YA+HJYgVG4ySQLuxxnJUD34HHfA6dDbf8E9/wBoOdgz6THEpxkPeQKcjJzjrtHGflAB43ZBFaw4a4kqtRhl2Ov0Tw1ZX2dk+XZdfTpfTlq8ZcNQX/I0wVrK6+sU9tNLqTdtNUrqy6an502/hx8KrwyjdgNkKyhgDgqGU4BIxkFScnnPA0o/DU8SiKYo8RO1CHRCg65IJzt/DPHygV+lll/wTi+OM+DcR20BIJw17Fjg455yT7bQR+g6+y/4Jj/FC4AF7qWjW24bsm4kfacZJ2qyH/eBHI59j10+B+Kqr93Lcfrq+ag4/wAumq2Wumnm114KvH/C1FX/ALVwr9Kilr/KuTm02bWztZq1mfluvhhmBhzCuQNgZ1Iw3Addo3NwG3BiQo9OKRPCDxSMqz26sV2GNmXGQcFsFiBn7uM7iO3UH9b7P/glt4p3I1x4v0iJgRgKty20jHUg4ODyeTzkD36SP/glzdSbPtfjfTyw5/dwXYbnqcMT1Geh/wCA8mu+n4ccXSS/4T66X972StZRejlLbV9+t9Dgq+JfC8WrZlTasrcsJy2s91Cy5tbXvre6Z+Oa+GJgy/v7YMp5USIilt3B68nHGDyM8YGMvm0CdCVkewVWKlWM8QJI68Eg7jtP1BOABX7MD/glZpE+37T4+8plP37eKbcw6ZO8YB49AM5xnmtCP/glR4PG0XPxBv5ADkhYSHz7ZyB0PsO9dMfDHieUYt4Ple7brUVtbR+/5W0stdVdu+D8UeE1ZvHzbekksNWa05dfgW9tdlY/FxdCZ0wJ7TLP0aUEHAPybsnPPGMYz2yM1CNDnUGIPaERHdtMi5B6gZBJxwcjLdwPb90LP/gl78NYQgm8YaxKEC8BEwfUkkZXOeSCOB1A5PR2/wDwTR+EKZ8zXdbkDAA7dmD9TncM4A4zkADOM51p+FXEk5NulShta9end35dPdd9V0vonc5n4rcM02uXE1p+mGqrmXurZrpfbbqtNT8Dl00PhWe2Mgzks6jrwM7SBnngewGCSal/sNHAPnQb8fMS+V+XjAweCMjlcYB4IGQf6BLb/gm18EIizNqOssW5Zi8ZbIA7MvoDyMZz1wMjUi/4J0/AuLcPP1mQcAgyREnJODgr1yBnOCoGOrV0R8IeI3aUvq8VdXvXhfXls7b6X7rzsts5eLnDVrKWL5ttMLPXbT7K0ej66t7av+ey30SYZxNbvgcL5i/KCTwQMAnkBSc49+RWlFocjsrPDK7ICP3YDJ3wOBzx6EDpxwK/oMT/AIJ2fAEMC8OryEYH/HyBkgZ5VdoHU5BGcdOASNOD9gD4A22fLsdVbjgG7fbgcsTgj1GRlTkD8OuPg9nsmuevh1daydW9lZdEn6P733XM/GDIYv4cZOySX+zz0T5dW210s3rZu9mfz1DRL4uzRByoG0rLtUqMc9eOvHGfX1qSLTb6L5fsykKOokUggnq2eh+bp26dev8ARdafsNfs9wIFPhu6nIGGeW6lJIyQMkNg9M55xyAfXTj/AGLP2dYGBPgdHIGcNc3LdiOVEgBGf1wSeDXVT8F80mvex2FgrxdnOTbenaFlpq7beuq55+MWTJWjhMZJ6Xfs4rVWT0lNW002bSvqz+buTQ0lO9RbwSMc581VK4wemeQccgdBnGODUi6LcnLJcWbpgZG9fnx3wPrg4boT6sa/pKX9j79nWMgr8O7JyTyTJOcg+5kGc9BjIye4zWtbfsr/AABtRti+HOkkqDgMkjcDvyfQdecc46CuyHgzjvd5s0w8U+X4XN20XaCV3dq9lu7dDmn4wZe3eOAxTtayfs01otHedntZN+tmfzVRaUE2vI8ULAAM0QaTrkAEIGyD3P15xUzQae/LXDMwYqCLWTBKnkEhefUHk8gEdWr+myH9nb4HwKBD8ONCUHG7NqrAgcEg7TkDjnqR6dDqQfAj4NwnMPw68NquVI36dASTzg/vI2GRzzyOcHnitl4NYm6X9q0ea99YVHbbeyTbfzvffQ5H4v4dRvHK6/d3qUv7qWiuvTVH8vD6ZbnEiPK4zgBbeUgZ5JXC/wAWO+cdCO1OSwiVwzwajOBx+7sLhwDkkZAQAY7AEn1zwT/VHb/Cn4YW64g8A+GFUYPOk2RI6YBzDyQc4HUEkirf/CA+A4iRH4K8NqCTkDR7IjIySSFgAHTIwAAAvY16FHwdnFJ1M2pSaS0jRnJ7Qukm7adfN9DgqeLsZP3Mpqq+zdeCevK9lF+aV+l+5/K+mmtLsRdJ16ZQM/u9Huhuxk4JERII6DkD5ueMipx4Y1K7ZQnhbxTOSP3ezRrvrkgciLLZI56AdsYOP6n18J+D4mHleFdBjwcjbpNkORx08nJ4b14ODxmr0WjeH4vlTQNJhOABt020GMbdv3Yhj659T6muyHhPhYfFmdrKPvKjd3fL0clotetmvdukcsvFjEXThlaV7aSxKTfwuztB7JbJrfXz/lcPgLxVNxD4D8YSkgFV/sS7XkZwB+7/AIhnkL0AwR2vW/ws+IU7q1t8NfGDt8qkf2Rc9R8uVBibg9/oMccH+p4WmmKcx6bYIeAMWcAPy4yV+QAADpgHHHuaRms0JKWlsp64WCIMcHHygIDwx68E8ZODx0Q8LcthbnzK+lv4EUr2i9+d36LXpd9TL/iKeOl8OWQb6fv3dbXvaCfTuu7et1/L/afBT4t3ZPk/CXxe5TADNp08fbPJMW3JJ/UntW/afs5/HK7Rmj+EPiFSSGXzI3TIPGfmTaNwOe+e2AcD+mAXlv8AMRGFPCjai7TjgtkAADqcE55BBOTl/wDaEbKRgjPYbeoAPUHPPQkkYJy3bNrwzyG155jVm9JaU4Ra0S03utNFqu3mPxLzZr3MtoRWnxVarsrLZJK63as1p02P5trf9lj9oW5QlfhBfM2AV8+eOMYGMcFeR0yOvGcgcVdf9j79pWVQ0PwoiRtpC+bfQZUHACkYxgbgMlT068ZP9Hpuyy9GznGARnOFIGARxn6kZB6ZxXa8Yk/eznjcxAHXAwCByAM/eHPJHIq4+GfDzWuLxLSXTkVr8t9OTpfXV/eYLxJz52ccLhV/dcqrV/dWt5LTa+q3u9mfznw/sV/tRSxDZ8ONMhYlQBPqELfhnJzyM5w2MgDk5rch/YU/ammCs3g3w1CzAFg9/CSCccE7hj65HIwAO/8AQkt1kBmGAeMBj7Dgg9Omd3AHPFO+1r1IbpgDcQRg8lScfL34OASRin/xDThdSXPicY/Lnpxv8PVQel09rW9bDl4lcSXtDD4JN6fw6kk/hV3eprv0dtNXe5/P0v8AwT9/aim2kaL4UtgQS5a6jJyTns3ABOTt4PP1rTi/4J1/tQyvE6P4NtwR829o2YZyTnDEjgZ655PoSf3ua9K8AEAjJJ3HnPQ9uRnJzk4zjOAI01Iq2SM/MMYJHTnAGc8jpjkHPOcAaR8OOEov3qmMkmk7OtFdN1+7X9LfqYvxE4pmrxjg4vSyVCV0k07a1HotL9tOiPwui/4Jw/tMMyiXXPBtuA3J8ot029AHJ5OTzzwOprYj/wCCan7RJYGXx14QtlA6JZSMfTj5uSuOOec4J7D9v49SBJ4zjsSDnHGcZ4AAOSOmOT1xYF7G+fnBU5wpLAAEnJzt4GeeoBPXOAT20fDfgypG8aeJm9N8RbtforfPTXtq+er4h8XRabq4aEdPhw8ddI66ydl131113PxCX/gmb8dJSDN8TfDqKOu2wc9sccjoM559fpW3bf8ABMb4ppHtn+KmjhmALOumuSTj7wwQD2I7gHBHHH7SCYHHI5HAGCD68nrnqT0JwMZxlVlB28KOpyTjuB0xwd3HfGOg4Fd0PDThJOP+y1ZrT/l/Putrb6aqzWu2nxYf8RF4q64qilpth4q221+2i6b66qx+Ntv/AMExfHvyif4u2YwfmKaYe3p8pz6MSAfQV0lv/wAEy9fCL9o+LTMykAldOUAgd+UzyQcA89cE9a/XMMJOSMNnGCRx0z0POSCCMDgjrTjz8qvtAP4YAyffoB0ORxnPJrqXhvwgkv8AhPlJ6K7rVOZWsrvVbaX263t1xl4hcUyv/wAKCjdpWjQpW0t05Xrpe/z7t/k/H/wTMlYg3HxRu2QEFvLtI1JPXA+UDlVx06554FdDbf8ABMnQSE+1/EbWpCMZEcKKCMHJXA47YH6jGT+oSKSxG4nbyOMd8dRgHn9MN6A3oyQoUKSfu5xz7DOMNkcdRgjqOK7MN4bcIydnl29961TV3inb3tul9dnpoc9TxC4sUdMzfS37qkn0Wr5H0vZ6+rPzQi/4Jm+BlAV/G+uFlAJIWJdx7k/L8wBAAwScZBxwRrL/AME1vh2YmNz4s16VUjkc+WY0J2IzdSGG0459CDtIOM/pTGu4HgEAYzwcsOh4xyCPT346VLPj7NOxIO22uDgZ7QtnA6HoDx046cV6n/ENuEIR5v7JpStprUq76K/x902td32OH/iIPFvNGLzesryjHSFLRNpf8++rWt0rH87Wg/s5fDbXLz4qWd5c6pJc+DNdj0vTHSVFM0RmaNfPX+JyoGGUA9cdSRv/APDGXwol1zTJL3T5dSs7i3vPO01pHjQzW1sshkmcHJ3l8YVgBjIzgkUPh5rss3xR/aDiDM8Nt4wspZ8MQqrHey71CjhfmABx3yMkZJ+htY8VWltrWlQRXRk1DVoNZNhZxSDfGsdmDnbnO04JJ4yQD321+BYbK8BSqzlGi4exxNaCSnPllGOLqRSacrNqCUUtLpPotf3uvjsybpw9vPkq0KM3ZRVpPC0ZScZcqavPnne61bXp+Ol78NfATfErXPD8ehWx0qwN2sFqzn9wYZnQLu3EsMqOM8ck8Zqrq/wR+HktokUHh+2FxO8hhm85sKVLADGfmCnHGe3HPILPUNUj+LHiTESXd7cHUt0Lsqqn+kSgZyR9MHGAPwrstQ1DX7eGyP8AZ9n5m2VjiXIwCCR97079c/wjjH7HleBy6WV0ZzwtGU3C85ci5tXTTu3fXXp2dlbQ+fxuJxlPGOMK9SMeSHuupZy0hd2cuqu21a2jR5dcfAbwrY2kpHhy1nkTZkieRdykDOQWJOe4AJ54J79ZafATwSIobiXw/YRoYEZomlfeMKr7gdxIyMdcbcYY4rpbrVPEclhcTJZWarJBHI2ZCWWNSTz8wHOOmCe/qa347/xHfm3jMWmwD7Ek25tzBgY1VQwBzyPvD5j6HAxXXDBZVz2lhabuo8qcV/dd15Wtt6WPPr47MXD+POylZtVXdfClezd2uunXVt7+U6f8IvAw1bUUXQ0eFHjSNFmO1FfqR27kDHBHuK21+FXg621IGz0JYZI7q0MU/nncP3ikj5TuOAP4sZ4x77NgPEFvrd7GsunK8ojeUFHK4D4BTkDOe4AGPTBNWl1LX49StYp7jTyp1KBJVSNkkCF14OfyBH0B4DVnLA5ZK7WGox96yXLBO9o/aslvvflfKk+6I+t47mS+sTScE2uaWqUdbaattLqtelmke0ftE3r6N4D8DSWSvaldUsLKRt6Bmh8iNWQtnLLtOCoBweuCcHGsfC9hrGg213aXPmag0cjxmMxx4wu4JxhmIIAYkAnOB6nJ/agvTH4K8JebN5ixa5aERkFlAWJCoA53A46cnjBJJ+blfD3xEGm2OkQTWWyJYZ3WeJQHGBhV2nOV/vbtxI5ye/x+Z5DSxtfEQmo06vKnGcbNx+Dl20e3e+/Y9rCZjWweFw04OU6TnNSpu2tpwd230u73SvbV2tr7J8K7S9tYPEEWpxmJ7bTLx4WZMNkbmO9l655wDw2Wwd2a/P8A8c6tNNfapDKCjLcXrLtT5XQyOQpOCDuyCThgORgniv0c+GPiSw1ux1ydyUmXS7pmMwAV1YMAeMDnIA56DB44Hx54l8OaffalclrdS87XDRsrblfc+N0hXG0EHjHGMA1+V51Tq8PVKU67qTpSqOKcb8iUeW7drWfV/h1t+rcGww+fSxcKajCqqdGybs22leN1bqtP1s0vzW125gkv3a4QxSxyy7HKqFAUnBOBxwOc85yK6T4bO17rMlteXKR240bUPKEYAWZRuZd4B3bgxwQBuz19vUfGnwrW3u7qcWxa2jMjtGG3FWIJLAkklQQcc8jB65FcL8G9Kt3+JFpaz201xA8VxbpEoLIrHcoL8bUTOAu7HcHAIr0MLxFgq+FqzpVYt04c0uaeqaUNHZ62erdr2tsdOY8KY7DVaftaTaqTgoOz1V4dtH8km101se8fs6fD+5HiHS9Uv4hFbX+oQfYc/wCul2X8ZUquS0Y6FQeoIPWvvH9vbRbabxD4TkuQ6m08FgIxYLmUGPaqg9ThemSRx2ya8M8N65o/g/4g+CtBIhv9b1DUrGzttOtwvk6ZAJ0eWZyPlMgI+bjj5uQBirn/AAUb1bWtW+L3hbS7G9lt7aHwgSY0ZzGZD5XzgKcEg52lsjnkk4JvIswrYzGYetJzj7Ss5UZS+H2cUudqKav7zVtLW9GfM55lf1SrGnyxcKeGqKou1SXIkn23aavdXa6HyvpyJHDb7JpMkyFkcpvQrz8yHJwcYG7qQM8ZFcfr2pywS6fLJb7iuqxQ+Y46I0qZJA4C57+5BPXHJWuiazZQpdvreozvLviMa4ym7ocnJHAxgdcnAJ3Crc/hpns7S4u9Tvp3F3Gzoz4OCy9mOSVGTkdTgY2gtX7LhsfVpezUXKXwtXv/AHdk735v1duh+Y18toznKUvdburcu6cYq9nr1vpur77H6MeH76W6sLG2MqQFbW2ZdrIEwsYIbOcgdM4II5z2Negap8eU+Heg2cetSWeo6HJdpZ3VpqEqSgwsQGWFnZtrKuSoJ5xhQByPkPw14H1W/i0+7stZvlsTCsakzSO42qA2Nj8BTjAOSR0OcGvIfjp4Ku9L0+xhutX1O+gn1UHdMztAgUdNhblhnkdzghcEE/qeV8TZlRw6qUsO0qcY3nKdk17tnZ676d/O+h+S5vwblGNxUsPiK6mpuSdNUmviV0lLZSXSSs+9r3f7Q+Hh4A+JnhOy1/4ZalbSCS2W5m0rcgljbG6RVQ5Py8YAyCDxwCB4T8VNEvrTwzrJ0wyLqEdtceZYMSWkIjYOqqp6454HbK4xivh34J+LdX8JaBYHR9WvbeeJtsE0G+OPaGz5cijAkGMZBBIGMHggfbWn/F/w34206LR/GU0Ola7HbMItdjAS3nIQqouCuArE5BL8Z3fd7/ruX8RxxmAjTqt06tSglb7PNKMbpPVXt+e2rPwbNeEcTlGbe0wcvb4ahiYySbbqqMKkbO32rRXR6tHmPwB8bK3grStH1UNbXFkbq3d5VKorCZzskDY2n64XpjIBA9K8XSaadNYi9s/Pdy6O00W3nG3jnGCQBnABGRkZJ6DwH+zjqGu+HrjxD4YvLG+vfNnlkslkLQ6jaltwmtfnChyMbwmXAbA9/O/FvwtBney1jS7y0njUiewmknt3DjOXibKoEOCQB78YIz62Eoe0wlGEasW3TTad2k1y6dN7pK1rfn5mIzJ0s0xMqtOSSrS5WrbNxb7O69fvV0fCnw3NhpfjT4tyXWp2sQm8Ws25p0RXzFHggk4dQehAweikgjPpmo+OdEsy9pPq9mo5JJuoslcFlA2kE5z2yQV5z1q34c+GHhiLUfFzTaOhkTWpAWcys8hEalDID8xI45PJ5JPc7Go/DjQLkPLFpNhGY4mI8yIOxXJwPnUjGeoPzcEAkVEcLVjRjHkpytOVtXdptN3bVtWkul0ro9uWaUZYiSVSorqnfSNrKnTTd27vW+jX3q1vluz+IPhiz/aRtr6fWLC3sj4SihNwz7kklV2LQcE5bv04ye4wPuDw1+0b4L8LXUL2njOOObKSRPAZUaJhhl8tlKnG7OUOehI718Hy+F9KX4+JBPp2nyrbeHCxiazQosgYjcqlVBIUKd5XnAByc59vfStEgiMi6RphKuWyllCGUHooypwRn2IztAwCBx5dRryo4uNSFGMfrdVJuMpS05dYpyir203svNHv5hCnP6jUTqOUsFR35OW1+qcW9U9VolfXR2PvOD9tLwZ4x1rwPpPjPWLN7jTtc82w1Eb7e5kdURYBKpwJUJCbyBnnoM4P1Pr/AMSLceHNQ/srSbuTStZWSSW801kurWcSuzGZUQHa7A7nXg8nIGa/nr+I7xL4v+HJWGzjYa3Mo8uBI3KhVZVfaq5HfA7gjBwK/QH4WfG7W/h/stbtjq/hxiUudEmYkoHJDPau3KsAc7fuAjAHasMLRw0sZilVclKnOnGM1FWVlF6xvJK11dp2eve58lnmX4nA4fL6mX0qU4ShWqVcNUUVzOVW94Tgkoty6PS/U8x/avu9Evvh/rsMEWpIr3mmFQbOXErR3sZCAhcb8ZyM+pzyMZOjeM9Pj8P6bYNY+IgyaXYx4/sm424S3VcqfLxgY4IznB+7X2/4z8N+C/jh4C1S58BXNqNRcwXc+hXqqJ45opRIyKjHflduFdQN2eOcg4dx8OriHSbJHhSC5tbC1SW3lBjlWVYsOFBIyilcA4IIPfgn1q2GlzzqQqwalThC/K2pJa66rXXdenkc2TcWUJQp4LE4adDE0sTNypzqShJKapRTSkm5RunqnbS2qat8O+IviBZxeHdZtV0TxJLjS9ShEv2GURRrJbuDI7eWSFALE56gdOOcH4FfEzStG+Guh2jWeuzTWUl45MNszRy752ZQpCnOemcjGeDwFr0bx/LLptr4p06VZVf+x9VOFY7NiW0xPsBkcAADueteB/Ay6kv/AARoqWolwjXZKhl5YTkHnOeD1wN2cg968X6vWljI0oVeSXsZOXuRatzw02tvZt36een6ngc4jQwLrxjN/vqaVqko3fK7O9r6Ld219N/rWz+Nfh+9jFxBDr+i3MW15S9lMd6xja2QqAc9w3I5PHbH/Z7+LmhXI8cI2qrfC58UXhRLuAoykyMWjk34KHcAMj1AO6uUmsbgQs4mKyNFLuRuqgKTtPbBPGFHAIznBFfMv7OE11/aPxBhcRFI/Fl6weVV2sfMdSAQDhyOA2CTkN8p4rgzHLFOdKlW5ZTn7S0407Si0le2qTUtmrNW113P2fw78Xs64bliKtGUq2Hj7CEsLWrVOSUHKLbi01yNWsntfvqj9W7T4qavohuZPD10z25iJl027Zpbd1wSywOTtyT0wQOR2OF8jsPi6nin4q6Po+qW82iT3Vq4AHyQ20+TtmV8bljcjJ+YAHHI6VyHh7UfIu3DGS5gJCtaOCEUclSjk/ISdxDZGSeo+aqV4vh+5+K+kxuVs7g6BcTGK6+XGGUriQbSSCMg55AJYnbXxmY5fiMLOm6S5o+1UbttJuTjrK+iutvTS3X+4+BvFLhTi3K6spUo4bNZU061OSiql1CKbjLlSqJbrmV97u59PeOvBF9BGt/qZj1vTpoy8F9bAvcwBiWUkjOVxgZIYg5OT1r4a+LOi+OE1rwTfeErWKc2uuieOS43FohGCFjuEGfl56kEBhjI3HP3b4e8Z32gabFp9+y6lorFVkicrNPBD93fC7bvMj6nbgsPpgi34sPhzUNR8HXWgWlo/wBtumWZZNkbTptBaMxkKVnXsQpDEE9MGu2lmmIw8Y0JVZRpTlTdSEm21dwVoP3Vbuk9FrdbnjcUeHPDnGEquKngqCxyw9dYbHYeMPZ1Jeyf+8QS0aWru3d9T5+h+LPxL0m1t1n8P6LqimEC7RVaMedgB2JdiEyw54x2BzzXj/xr8a+MfFfgTX7G58CaZBb3Vj5b3kF2gmtmeVAGVdx3gucMAp457DH2941+Hfn2wuNCtxC0kWbiIKrIZv4kwv3HBAxuXJ4x6j4o+M9pP4e8G+JPtEssTwWvmSRyqQMpLG2FPGUY5HJIOeccCvt6eYQxeGqQ9tyctJuydneytdyv7sltdq6ufxpn3hPW4czOlW/s+nUp+1UqdajzckXzx1snyppNaJPZ6aa8bZaH8TNE8N6AZfDHht7GHS7NY5llEkyQmMGN32vkuRySMEYIwMA1wXjiPxrdeGtcCHwvC09hfQx4gnM0StAwY5L4IVcrkdSR9K9z8HfFrSNd8PaJaXMS29z/AGZZwFJUcLOVQLkZAUBgMgt9PSjxjZ2F/wCHtYkSyREGn37hwFzGxhbGCnUHtjhmPAycD2KaUsNTlGvL3aC5oN3V+SN0tFbTRLRK610ufjWJWIwmYzhWwVKDeKajJU5Nu9RJybbs30XVdLH5j/ArQfiLp/gsPo/iWxsNMk17UXNt9jZ5hMZm8x0dwcox6ADB5ycgZ9dk074mB1kHxBiVnlOVjsk3KqsARtK5HscdAeDxWn8G7KaLwLbK0blDquoFWRSMf6Q4Axg5znr1Py9RyOsZby31SeR9OmlVHIICBlYMAFIwMDqck5JB74p4XDL2GFnOVS0qcWoqpOybimtmkkrrTT53M8zrc2MxEeSlf2jTk6cZN8rjr8Kdtt1ez7I+WrXQPFmofFbxdDJ42vbe8i0iyludQtLSIS3CO7BYirIVAUg7TwT0wDXezeDfEJCJd/ErxINjKI9qQIemCDmM5yuBxgqCAMc4do/2j/hc3j1Y7eUytomlv5QGCieYWVjk4z0Hpg8H19YW2vmZXvLB5Ysl1y8YYLkDJxjBBOGA49+gPTlmEoVMNWnOU7rF14pKrNR92dk3yyW6+93ucedV66xGHjCNJS+qYaX8KkrJ043esbpbWWvolofEHxK8H6lbfEz4bWkni7xHffbVvHW9uREJrYBeVgYIFCv1I2gn1OQK9bi8CsZVjuPGHi2QEMPluFUfI2CpxtVeOCBkAflWZ8X1lm+LPwpRYWtFxeApJIgDAoVbBPAABPQjk4z1x7pDYQxkxgRqVZmWWWeNRyGwRljxk8gN0yRkdOLC4PD/AFrMNbRWJhyKVV6p04Npapybu93s+ltKxeJxCwuXW+J0ZOVoJK/tWtktLpNadOltX8YfH7wrFpdp4DFrquvXJuPGdnAXu7kuEV2QM0QztVwHJ3YyP7wwK9di+F+hXIdJ7nW5XAWR3l1G5UEFVJAKyY4PQ9MDueayv2j7GT+y/h7Il3byG38aWTMYZo32BXiBJHJVQBySpRRxwcivZLZtMADza/pcOI1Zi97CAwCAlCNx5Byc/MCRxngiaOHwqx2MhJR5Yxw75XJOOsNba+SXTpYeIr4r6hgmnPmm66a5PesnC23KraaKydt9NDynxP8ADLwza+G9ekjtNQlkt9IvJBJJqV46ZWBmXK+btPzAcHjrkBeaofCf4d+Hr/4d+E7y+s724uZopA7LfXccZRZSAoVZFQBAACQPfg81634q1bw+vhDxMn/CQaPLK2hagEQXkZdnNs6qqqhySSABwM5JHFc38HNf8OwfDLwhDqHiDSLa4iguA9vNewRSxBpWKl0LZxx0JHUYBziuiNPARzSjFxoOk8HUk7uPKpKdO27d3vpva61a05lLHf2RiOWVbneLpKPutPlcW2otPm0S7JfC20tFv/8ACr/CTPOYdBLmK2uFJkvrp8AQuxwPMOckAZ3A59QOfAv2e/BHhu58PeKZtS0a2muIvGGrQRNLJKRHBFcSKkeAwHygDrluMhs5r6ytfG3g+FjbjxXobySpcKqrcRl3/duoVcYy3QYwMnGATXzT8DvE3hfTNH8Uwaxr9lZzTeM9ZmjhLiRpLY3UmHAHOGXBBznPA5GadeWAWc5ckqHso0sS6mkeXmcacY621626X2RlhaeY/wBkZn71Z1HVwqhrL2iV5KTjZ6LT/N7X9stPB3gmEFofDOmPI+Q7+Wr/ADdgA4JOAOvGTn0rwOfS9ET9oy503+x9PW1bwgri2+yxmFZNyEP5RXbu65z/AHvTdn3qTx74BjLR23iFOfmzFbyPyvBwy5HByR04Aznv83X/AIq0NP2g/wC2Y9Rml09/DC28k8djO9xvO3aqwhN+3j72eTxzxnpzatlqhhVQVJv65R51CMdYL4rtJafd6uyObKaGP9rinWlXSeErKPPOT973bPpr2dnbbY+k18KaTMytB4f0eRV55sYMdMcb0OQOcdgR14FeW/F/QtMtfCkMx0zTrUjV9MQ+TZwoSPPjyGKp36MO4PXABruE+J/ha3gVEudeL5OfL0W5XOBgBWKcgjOc5x7YFePfFXx1pWp+G/s9u2uvINYsZ1F1pNzHCqxyKzfMUCsxUBQMnJA47UsXistWGrxjGLnKKSjZaax091K19ddm9WGFwWP+t0JSqVXFSvJSmknZLSyd2m9LW1e3n7nPo2jSWtuY9J051eG3Z1S1hBDNEuSDtyTuzkk84I75qbVNJsU8G+IHTRLLZHo0pRvssSsTnBIG3AwcAEDnucnjy6P4oafJAm2315gIoUVY9HuI2AWNVycx5PTIYEYXnpxXQXvxN0mbwjrVpLpXjBnl0a4HnrpFz5UY4yZW2YWMHqxJyPwr0qmY5ZHCVeXki/q9rez6qEVbbo/vdr6HgrLs0ljoT56iSxCk71Fbl509ubRcqutL2trYy7LSbSbwnp8qWNpA7wWaFkto1ZgJCWIfaTngZIYenYtX7P8Axw8PaTq//BOexF1biWeG18Gi4uFB83ylEipGHJzCqgk5BB68dTX4S2nxK02XwxpOnx6R4tMkiW0cUw0q5+zuyMR/rtgAVgGyzHkg8nNft58Y/HOj+Hf+Ceo0q+0fxBcy63oPhC/i1WK1kltdMMTEut7sUtEkIJ3O+BzyOij8a40xFCeacKSpJOi8RTjW5YtWipU7N2te2jutk9tbL9S4bw9RYLOlV5vbOlKdO0leTire7ZvWy810P5/Jfg5BZ61r134c8a+JfD115iBI7a6E8KqY1ZUZJd25c8sOCRgYPAEg0X48+HUhm0fx/YeI4BEQtpq9qySSBgQA8kZTkYIb1JwenHRaV428Iahr2vG38SaaxZofJ8+5jgkLLEgYGOQjIByOBwvpiuxj1Jbpbcwyx3MR6yW8sciZw2D8pJPXJGQcEdsE/ruFwuB9jzUqs6baunSryjraKXuc1rarW3V6H5ri8TjIVGqlONWCdrVsPCbSTTaUnFSsrWfvbW9TyP4f/GP4paDpeqRa18PG1W1t9au4p77R50fEyYLokLb3KDcSD39yK6q9/aX8JSW97a6zp+teF55LW4gZb3T5yhd0wCXCKq7m4y2BngA4GNv4banEdM1lAoGfEl8WOSpLAAAMCOrADPHIPYEVvatpmmatBdLdabp9zvim3G4tYZSQqOSVyjHd75yM/ePOeqOEx0sLehj24OD9yrCEk9IprmXLJddW9LWaszknjcE8UvbZaudTi3UpylFtvlez5tOy91frzPw9+LHhG+8LaXY2ninTTNGku6389IplQzMQrhnyT93IwGAwDnk16Xb6z9p07WPJdJ4n0XUGE8UkZJUx9Ww3IwOOMsWGeSCPlzw58Gfh1rfh62uL3RYoLpp75jc2U0ltOSs8ijJjZMqCO2DjIHB4sXHwPi0uzu7nwp468T6PJFY3DpbC6a5t3ZVJ8uUOxJQgBWA5K4ByRipo1s0pYOMKtClWgqaUXSnJScVypXg1Z2jtbq9jHEYTKqmPdSFapQqe2UmpwjKLk5Rb1T018l1erR67YztNDaxs2FW2hyW+mec9ATkEY6YG0YpfiTOr/A74k2TSIDPoN9GgYjqYSFAx1JPIyT69+fB9G0P442thZ31lrnh7xFDNGFS0v45LeZAkmzbvBVCcjJJyT3YkGm+M/F3xD0nwX4s0zxl8NtQisb3Rr23k1jRb6K6sLGJoWxeXEI3OsW45JbAA9OtcWKzCr9QxCqYarBSoThzNXjrDlSTi3trfS2931PRwmW0f7RoOOJoSarwbXMoytzwe0rNtfe+9j8r/AAX4PVr+2guLtUDWvyMMhSWJ2qxzxzjp8p4AAJOfr34U+FJfDureI0ubqO5TytKl2x/LlZZUBxkkZw2HwCWxkHOAflXTvFOi6VdP5d6t26RRNFIiMylFIJXheD2HJBBxz3+wvhj4t0jxSPFd/piGP+z9E02e584qsjzRyoCY1PJGeeOg5POa/F5yruUotNRb0bVl8Sbs9dV+F9GnoftdGjhIU4Spv99G2l76vS9rWdr6r9HY/oG+BQ8z9jvXdwcMwvADnk7GYIv/AAGMAAdcYx3z+W0dqH1GyZUyxttfAwd3AMxB98jOBjrjOOa/UH4C6lZ3H7J+r2cUqsUsbmdmBGyNptPaQxse7mRl468DGRivze0iFf7U09sI6nSdekOSCSw81SCBkDrwD1PTk1rgZ8tPEvR/vLLTVWUU16rdXtu0b4qLVajJu6cHq0t1yt6eV15bHiunB/MiViTKLC52txuDfaSBjjjBxkgYBGMd6xNWsnuZLsTqqSw3VjtIOAPMAGcYPzHJznI6EcfLXU6RBu1GNwRtGnXrAccMLklQVzkA464Gc55ORVTXLYLd3jgs5E2ltjJAYuikgjnAJOB1xxn1HRON1zWb0SaWunu2utNddLJWXLZtb8t7TtKO0VZN3500lfbeO67Xs1a961hqWoeCNSmNuyyQ3l7Yi5tkBK3EQZJJHQfMPMBBwQ3VsAlq+m5dSi8T6b4t1vTiTbPFpahnK+YjJGqyQypkANGeMkk8DqeK+f8AXdIncWk6wpHGmpW6mZj8ytJGXCjgscYwQOOeecGtXQb7UPDb3UouHfStUvPJ1W3AARok/wCWoAHB2jO4YI2jk5FfP5lgVX/e0rRqQtZ20ajZ3b79VpvprZW9nLMW6KlSqKUqcublb+zovyct197Rf8N6JBqs3iZGRkmS7to1cBSQ8syqMn+78wz7d+uPn74weG30PxXqWnTqSyskJJXKx/KN5DYPGNp4PJyFr6S+Gzre+JvEcFi4mt7nWtCmtXDBybeTU7YPlVJViI2w45OBngHj7G/b0/ZP8U2uhXnxz8M6Hbz+APP0XRb65sEw9rqhsgzmePho1JyzysAnQsRX59iOIaOWcR4XLsZU5IY2moU5SaUfaR9nyw1trK9uuq31Pp/7M+s5PPEUor2tKfNZWTmry1Vne9km7bLXoj8T7yGSGzsni3xyxTssUkeQyBScEHt3XB45OcYDH13w7GdS0dr6JSl5LppFxAxKmcwDaZo8gZkJILY6c54w1eZ38DGExscNEbiZYx8xKrgZx+OOnYcV1Hh5riMaFH5skcSQysc5OzcDww6lT3B6jnJBxX6JCHv0p/ZtHXW/vKGnVdL/AI7nyMuZ03GWrUFotLfAumjSu3ottGj1jwzdOy6fqNqVh1PS4HcNuJMwQj91nIG4gdD+nBHu134n+2P4bKyFZja7rhGHMbsVLkJgNljzngjPQdvn3w7JDf2MkcDpBcwvcmXaoAlUPuUr/EGAPPOTyPSvTYLy2u9S0WCQRx6ha20W0kgJdIcANuyAXHO4ZJJA+U8A+nFKXKnayWiu7XaXvLs31TWr36Hnq8ZLlbu+VNpaNpq72vzWT0trZfP2HVbyWW81iU8xXE3h+PLBtrMPMxkjtgHOfxr5n8Y+GvE+sa1fXPh7T9dvprjU54wumwTyxRYAUNiLOeAckYIxk55NfSGtFob2WJkMUc2qaGjYO7BCvk4z0579wDzyR0mh+NNL8IeCr4rq9zpusprV/f6fcwQLIsj5AUTMyZ8peAVDYIUgdcV9Tw3aVV07Np03blaVrOL0fNFva+93tueFxDKUcNCdua1WLSukm+dX8lpdrZXVn5fNv7Peh6vpXijxbFrMF95sGjSI8F/bTq8soYg/NKGYhCMHgZJwvJ47r9tANBqHwkkghkgEnhZMqFKbCSQdg/u46Y7kkgkcet+AfGtr4x8U63qOpavaXkq+GRbGS3tYrZ2mLHLMFjXLKxbexOWI6kCsL9tpNDm174Kx6hPcmz/4RJEJgCK6ODhWcjGU4ySSSw4wPvHgxFS3FeGg19mVtndxop3b1V0mtrrY78MlLhOtNyaTqxWrTS/fQi0+V3TdrN6339fJfE82qWvwr1W4t7uWGVPDWkvA5OyRSZiCy9CMfLjoDjI718xeDPF/imXxd4Wsn8R6g8F1qmmrdCa4dUkw4VlAYhWXHAHYe4NfoP4af4XXWleErbxlb6hq/hbxNcwaFe2dvdQQ3a2NgBIHjkkICFnZw3AOOe9en67pP7FPw3NvNpnwTHiG8V0u9A1GfxQks1jcRyt5T3kMU5+dGKkpjjB+XnB+jjmzo1KlKGX4nEzrzmuanSjyxSUY+9KUlbVNOya206v5yrgVU9nUeKo4eNNR92cpKc/hlaKiptqWybcU31vY/L74pam1n4612zg1C8R01RiIQ5WNU2Kzk4wPnJJAPXJI4ANfVfwMu7iTx9p91AXc3HhZiZd5JJCKpwedxyBwQO/IOAeB8f8AhP4Yav4o8RaprVpJbaxe3BvUW31OJIEgmjDxwBWYNujibajDglcsBwW+if2bLLwTqHiqys9BeeVrHw3Ja/Y7gqTG7zMxK3JwrvzlSGI6LwCNuGf4/nyerL2FenGGFUG5Qikm4wi1e7u272017Hdw/hJLM6EuenLmxEZWUruycW9L6XVrK3fS+/z3+3IZI/HdgSkkjTaDoxIwzbP3sWefUnJB5XHfPTB8eRNq/gzwNZxyLBJcXFvHGcsqFUtERsgEcq+VOerZ7Yr3D9sPRfDdx8RJ01W8ubR7LR9HjgjV49xImiDqFPLYGSpUY6dsA8dfan4U0Tw94JTVLLUNThFpqFxaXFqYAbcxl9jzrIpAwvO5sEHIIJJyZLi6cMpyxxoVZt0481o35moyaSb5dUnfvq27pO8Zrgva5rmSdWnFe0taV0rOy3Wum3nps7nn2mfEOX9n+31iJdHj1rUNdisrOHY8kfkxKY52WNmbbh2BDEnGCSei4+wviz8dtK8ffs+eCtf06FvD+syTm2Wwhma7No0MJhkZ23MsYlkXcqYBAyR7fIPiDV/hRq503UNftNT1yG8IfEeoW4lt0j/dsgVDhCgJJXCkdQCpFekHV/DehfDqwm0rwBrFx4CkuLt9Lk1KRXgkvyWB3yAeZIoOW2qR3I7A9Nep7StRrQwteny1ou0+ROLUWnZ8+qabs07Jp9EzhpYWrSpTg61KXLBpcrbaT5febS2W1730T1O5/ZrvrvVfEl+Lq7eeVNJLSTRsCoODkkL91uQxyRnOTjrXgv7dulwf8LJ8Po18qofC1vtk6g7p0VVyp5LZHbB4welfSXwA8WaFq2o3MmmeGhol7BpLJdRwRvDDcozhEK+aSXYbs7vu7eh6EfPP7eFzYxfETQTcRnzE8L2HkRhl+dxexEjv2zyccrnnNfGZvKT4mi0mnLBSl77u01Ba3TtfTXfXTsfXYODjwhUc2pJY2Kum9U3HW993aSs9+m6a6b4ffsM/FLxfL4bS3v8Aw9bwa7pNpe2hmuAwjt7uASxG42v/AK0ocspyVHOM4xznin9lXxx4T1Kbw1PqOhXd7NeXsVhHAuVnnsnLTh+WMSIisysThwOCOTX6G/Db4vzW+k+D7eVINIs9N8LaVLJdwojzhItPCrufaRliMbWyAcZXtXxl4i1z42X2t6h410F5LvSp/GGpy2t9fWnmN5DRzKsEa7OFeIsWCYyRkjA4/JsFxbxPisxxlCtVwtHDUKk40pOmk5XlaEeZu97Ju0U3pZ3bufT1ciyPDYShXp0sRXqVYRcuSbfLeMG7p9E72WnfsdZ8Mv8AgnB8QPiD4ETxtZeOvAllFrd5eWlnpl3dRLfG7sVLTjLy/ulkVGRQwU7scYOB+b3xD8ISeFvE2teHrmErd6Rqd5pV8YG80PPaSGJnjC8OrHlduccEHHNfr/8As4fE28MnhCHxrpb3OmWWt6o11bxyyadAs7pIY5o0UoJXU/eGCMZGSCa8W/a70z4c3j+Btf8ADsejWOqX3ibxDPrz6c0clw1tHN/obXyElhJsbDlgSxHJPSurJeK87hnlfBZjbE0asmsNWo0owpU7O6UpJtu8dG979d0ZZpw9gJZZTxWEXsasIQc4VG3KfO4ptJ9nq2m7q9rWR+VNl4T129DyaZouuXgjlKN9ksLiYI2CV8wqpCEgZUE8/nj2f4UeDNRu9burPxDpetabYS6NeSpNLb3Foq3MA4XzZAq+aSM7AST8oCkHI/VD/gnV8Q/7Dv8AVfD91pPh/wAQWGueMbMQw6hptndzJHuwhLyxOyQkDLEHB54zjP33/wAFCdC8Oaf8FtN1XTNF0LSb9viJYRXc+kadZ2/lW01rMZLcPbRqfLc7d6E4O0ADmvPxvjHWwPH2V8Gf2PKcMwxFKkseq9lT59XJ01Fp7aWku662whwTCWRV85WMalRozqewcNG4uKabTel3ZabX1vdn4C2/grU5bGzuNH8TX1v5sksBju8SxoELYDF93LbVAAzjJyMA5xmk8b6B9tiey0/WU+QPt+WUoWOw7UIxjHoACBnpgek2OoRQaNbGGR3caxcDLcqxkdlBB24GBkBeuMsenypZQGFdeaSEyyPtJkyxIDNkKo5IGDgY44wBgV/WuDwTdGjOlVqU5ThGTtJyWsYy1+JbJr5J36H4fjMb7OtVVWjTnBSaV4x0SeibSTSsr3u9rWW689h+IMljqlpd6roWp2csUBhZY8tbhABhlBTJUY67eM4JzzV+Dx7oMq6q0d6jzXiKVhuUaJom8zJXzGwq7QRznGOmOp9PudP0+S80N5rfCy20isjIr7vlGGIccjJPIOB6jrXJ3fgrQLxb0+RauftKpGjwrEVy38LIA3O7g84JB4wTXbH+0KK/d14TaaTjUilvGKe1nt+j6HNz5dWUXUoyg2lrTnp9nVRafdaKzWluxu2eq6TLbI8U6SSeVauyK6uFK8yfMMfdA9Mjkdeuf8RpLd/CWrPE0RUy2j7FkBYguoBCpz2J5PfHQCsOX4Y2kV3OtnfXVo8dkZ1Ecj+U2QBsO1iQMAZBIxgdDkVxfivS9b0XQhM159ssrh4454342jftRQW+ZsMWGRk56HHNTi8fi44WtTrYOE4ulKLlSmvdvFLmtJXv3XXRPYvCYDAPEUalHGOElVUoxnBtvVJLmVle6bbt5PSx+inwTiVtD8GxnK+dotw2wswYkwEbj7MuQenHLZPJ6cyhrKWyuIHVBPJscvgsqzvhQRwAf73qMcZIrB+CENxNofgkWUCMV0K7BE+Q3FvkuhJ3EHgAcA7cHAGRbjju7u3vraSYeZDPOwj+YkBZm3BcdlbJzjjt7/ldepbEtJ8qitPm1o27Wata6aeuiejX6dgZSp0ktGnJ9PiTST2dlfW2++ulzJ1DU73SdT1HTLLUNStbC70oG9tLW7ngtb5WcKi3cUTpHOEwcFkPTjoTX9wP7Irhv2V/gYduM+BdO4PqYosDp/CMDPXAHbGP4a/Eg8rVriN2Ik/sSEbiDglZFYklucEEgDJJ5ySSSP7k/wBj799+yn8B5C2N3gawBzwMrFGfckDBB4JA7Z5Hh544unScVs3JtKzfNGFk1bf1tb5pHrxmpU4KUve9okle9koptJ3+zJ2Tt03ue8OxVuOgJyNpwTzx2xnr15OAuBxUZRsfQHI6fe5Bx04BJ69RnPPNp1APf5uR7bfqTgZHAGRkng85TaSFUDlhwTknjPXjjjn8j3r5VNvdXTSTau9Wop+nXVbaX8rpr+tW21a2787PT7yn5YOeemAOODxyex/PP+AY8Bi33gQQCDyD8wO3pzx16Va2tztXpyWIGDnBwM7iDg8Yzj5s9AaNu05A+UgBtw4JxyeDu24IBOR2GcE0k7W2Xu6RvJar89LLW1723uaPRx5krafzK+q8tGvJatX1s26YDZJJwDzwCCB3BBwe+QSBt7+tAVTkLz1HU5POeQewGTwOQPYVaaPOwkHjAxjJBJxtbHTk9cY43E8U0xEN0I5IJOM45x7gYGBnljj3q+bomkttLu+q2dul9lr6aNS5JJNbN6OzTdtL2u9t3bb7iAxFsZwMrj7mMt0yOc/MOSOgAIPAzTGX5Tv3EHIGMdVxnK/7QHC9BkD+HIvMpAO3IOADjnccqScd2BJIwPl59BUTgMW5AIAwCDnpkkA4ycZ6jI4I7kEZv3euuuvTS3l277W32ysk07O19L2Wlk+unVPta3fSqAQRgcN95R1OFOPp6g4xkgnik2sfmUAbSWzkZbpkAdeAcg4yQM5qdkJ43DAPPJAJPRVwMjrxluScKccUqgHC4YZBUDp0GD3+XHG7jB4yCKrnSun0f335XZW67ab6mifKtL230V27qO1rdle63WtmQGNmdwSMjor5HJGSQRjkY547DOcmm4IG3P3SBnkDI68nBPJ45zjb0q0wJAIySuB2JGAAPlPdgc9gTnHQAxjOF4yvXgHIOOhUrnOeDnG05wQDQpKVnbonvonyrfXtsnq7LdJC5rW9dXd26Xsm7W9FfboQMhJY7RkggAgHBAAI9ckHjnkjueaRY+CQQSEweDkknjHQAZ7EkgjoO05x8rcKG+Y4OSBgFflxnAOcZwT6AYpu7HzYIV2OeOoGcbuAV7gnAIIPbrpZJLVbeet2rpNX03VtHv3KvZWTtfW78t/zem9lq73GbecqVGTgg5zyOg9Dk559MYqB1bbtxlSxA74J6sMfN1ODyMgdQAauEHA+XGDkcdM9OfyxkfN05HBiYMSWIxuGRn5TkA/wjjdkZwcjngFTguEmreduzV1a77rTz089kXunvo+2r2draW+78LWgCliPk74UDqGHqPfH04FNaMFuQQQTu5bPGcjr0Gfz/wB2p9zk4IwoC4I4DEkgnrnA6cknBx16DNkY2nOOueGyBxx6c5yAexHUU7O7a0vbX0t8318tr9Upd9ntpsklZWXlp1fbpdJ3r7ORtJ6hhgjABAx06cjoeQeuOMMZMA5PcqD07HnLZHQHA44x2621ULgdMngKDg4+bJByw56gjOT9ctPTJBznOAvAxn73X1zgjJz64Idtd3ZPRJ7bb3e2m1uoOSto2ndd7NLlvrrv10Vr621KgDqQOc8gkY5OTjJ4xjngYycjHApwX5V4z82cleAOpycfLj2Iz+eJ2JfABycA5xwAQB+HzY5656E4wEC5ABAIG4ZG4Hdkr64GFIGCecYJyOBRlJ6Xv1snd6R2drrql6tW6KJOWib91pXVtneOqdkrtX011VttqpLgDC9STnqCCx5ABz+eMkEjjApu5gCCScE54xjI4JHPJGOF9hyMAWW2gnaWI2gHjIB4ODnrgjjAx26iq7FWAycA5OF4yxzjHQE4288jDDgGnypaWXeztpdJ/wBbvp0sS4+7fm1t0to1KN9fdXZWfd76jl3ZG0DOAD64BO089AecEDIHPWhwecKoXcMg9RxkkYwCCPx7Lk53OQHJBJ24HJyfmGMkHAxnklegznPymnOpUBgAeRk53HaTkZI4GB1GfoOlQ4tvd2+Xl53tfXpsrEJNpWukmu1mla/V3vfXs9tUrwFBjqMfeGcAEtnI5GenphaiMeCeMgIuRwMHC88gkHPp3yPlIzVps87R0G7nOCgx6e5yOd3QEgjiNlYnJ2gkHgckkcgkkYLcgkA9D8xJJw4pr8O67N6O+vn52vpZXyy5kmrJNO6dukU0r+qVttLK7RGwIK8YJUDgfxAZOeMgkZ4xgd+ymM5bH39pXOAAScenAIGOvHAHXpmwSTgEEgDBAAwXxj5SCck5z3PXvzThGRwOAFBzkEHsST2Hy8HPJ7/KCK0W/TrsltovLyXbXXdSTTSTlr8UbJ25Yxb3eu+utune9RicpgdfmI65wcEHgfd78HIxUKk8sQMswxt6YbgnB6AAA5xknk4PW8YipGBnKnJI5JJI+6RjcM/Q9MAciAxE8gsVB4XABIA5IPXG49MYI557T7r1d9H10fTXTXXTpf00IlNpJXav8Sjra3Lrvo9VfVaWto7KDaQnBwQ2DkZJHYgdcHIIx2zkjJoAJy3OQckHHyhR2254zyeSR7jOLQH3co2WGTt6jGe33TyeeSAOf4iSm3BLBCGI5yM98EHpnr64+UAqNxpp7JNWSv8Apdfc7/I0goppuSasltLRu3LaVlrbpo9ZN2WhSMakA9GyDkHnvuHocYHTknGM7qEj3hgT8xbIyMKMY4BHTIGAvOOvAJxd8lg33eAMccrzzjPy4Ock+uSOMU/y1VW+Tgcgbgfm+hOOvGT0ABznGK+f9dvmW5K/uqN9lbe14uz063ei8u91TVCgGWJBUsMAZ9cAEHjjoPQimuzPwecYUMec+vI/hI4x1XHB65tPGvdSduOBkEZ6rk4ORj+InGTg8kiEqAWHOFbPABPJJ6jHPQ/e4yRzTUW7Nbq+u1vh/wDSr2+dtmYSkvdjd+7/ACyu7vl6OzXLu/uXKmmqv3lI+YjIGcYBIKnjcc4yM9CQOO4y3AY4Y4YcDaRgjn2OBjsTnI5Hc2vLG0blzkgkjtngjHGBnJJwGX0J4pioOcZzuyATjORyPqRnp+RJzTcY9U7cy0dlr7rb+aVtUkk97tkpara3W/nZeujvte+9rIh8tdwYnOQQQeBu5H3jxzjJBJPTbjOaifcQVBJOCp9F5JIU4AK+uCMHjg5qy0bgHDDnGBt/iBP3uRhgBg8EZx1GQW7MEK2Tknj+8QuflI4Ixyxxwc4JBpWV7rR6a66JJcq76W+el2zSCVtVZaPTq7x31eyT6q6KbK20FACwAyDngZwcHIye46dMEAkYUICcnHVvUlRjOT/dB4yOBwcDAqzjYAOpYE8DOCCTnPXPzHAxyAKbt2qxCg5CnDfiGzu7HlQOBzgGlKLaukktLdG/h6301Xprd9xNxTa7W1VmlZxvqkr32vb4ktEiqEYYAztQZ2/XOOScH37jA3E/wpjLEEZUABjgkcqcZIGPvN1J7DAPGbLb9pQKdzqCADwo64IY9OGycAjJwOaiAbawKnaCGABAzkAZGeuSc/XOPQ60+ZL3rXdlrq9LbvZ6r8Xvu8Xfo/d011V7NfJb2WrvfXfSsUBCnJyvUcnPzdAcY64PPPrnik24wCSOTxwcc8A44A5Jz1A/HFrYOpbkgkYGAMHkEEZJxkc/UY4FMEYUtxjcSwJ3AMAMgc9EGCGH1FWprRLXys9XeOj0drW1WmujaJbjJ9Gktem9uu602Xm9dyqUZj1BAOT/AAkqR+AGPz9MDrEVOWGBkJgng7d2MEkcdzkE8cdMZq7sBJKqAWOcZIwwwAOeoHbG7PIpMMCU2nauBkY6AAckDkHC9SOf13pt79fdTe+raSu7NX1s2tPyOdqUZe7qt0l07rVfdotduxn+UWIGOCo3g59hnPcAgEY6d8jimCNlCjJAyRgH7o74P3gSec5BwcEc1qeWMbfXKrkryAAD9SRg49Pu9CVhdOCNgGSCASQBgEkgnqBgjHIPBzgV0KV1ZO+2iVn0V+myS21VtNwU5N720SaSW2mt31XR2emz6mdsJJUZI3kHcSMcEEZ4BHUnr26daaYzgYAJAJznPpweemM9ec4Oc81eZMKAqbiOMcZ6ckA9T/InGelMK534UqBwRxznjGcAHdkfXIGcnJpp9f60X6NCknu3fa2uqtZN2S27Wu9t9SlsIYYILYwcDd83Unj3IJbAGBkE5pWj2l8gkMc4GBnnGMHkn5hzjGRu4Iq18mWIGCrAqR1yFx8p78cHIJ47fMaiJB6ZIyCMqFbHAIUDHUg5ycEkdeRSM46O93a/R9ErWeqs73f3adSBg20k5yRyDncTyAOh5yM56c4FIQflYA53ZGAGO0YzgDng7RgDJ7AcZlYjJDLwCM9dxHOMnjj15ycnOc8OC9hgcbiOhGcsAeRx1zx3PPFO+3l/wOny+enYdttbarpddO3fRS6pba7RlGYZx15OeTyTt6cZBycnIyccAchRgeR8ueFByx5GfXB4POD2GMg1MCAznJRwVJyQSQAMAMcqR7dQSDzRkk4ALA5Oe654A7nGRg7ucZG7HNJXfVJX+fz7JfPy6i7f1e9rf1567FbbuBIzgYIJA5wRgcDnpknp9M0vlkgYTPUg8ZJPXr1wOADwcZJqwcKDjPBxjk/LnuTg4zkZz2I5waXG4AZxtUnkY98ZIz3zzjPAyOwnb0dm9323V9X0avZa2skhtW0ffb9fw3KwBDHA5Pz5JOWIVSTnOO3P559ZBwAGG7HTJ9ep59CeSfTkipdjYBw2cFQwwO55IORnk9M9h6mjaRksASDz/CSRnOcgZ75HPt04vs0+3RX3S266LpfqnvqJLzVkkkuiulpo9dtFdXtZaMgbcM4H3VJzgDHHIXgYJI+i9STwAqEEDJyRySW5wc4Pc5GeT0J9RwXMSMkDgjGB2AOcZ5+Xg5wB3XjJpiDPzEqpJOeScAcjJ6ZJwR3BP1zSit7367310+V31v6qxjNcqV3o9HrZtJK2iV9F1XNtfSx2vhcYg8R7iMjw1q3THB+xy8DODjIBPf8ADAr+CX4iGOP4pfFZpSyy/wDCwPFJQFuDjVpjl174wD0wvTpzX97XhllMHiUkYA8M6tz3OLOY5wACOhIySfX1r+CH4nQrN8S/iTNHEGZviL4qiYjOCDqc38XPIwSSMNzjvgcWMavTuk1yyte/2uVJuyb0ffTz3t7mTy5aVayupOlp6pt2S23T9Xvdu/vtpJNcfDbWUt597yWumXXmKMgbJIk2ngZCkDHTIIPpj8Uv2rNV1CT4kal5jL58BtJRIU25jQKoX8WO7OcHPC96/bXw/Ay+Bry1XCibTrK3MgI2hmuIypJxkfIM55YnkDpX41ftY6Tb2fxO1xZUFw0UcHA9UcfMORknGMdO4IHX7rguahlOMldXjik5Nt2+GNteifVq9307fOcZN1MwwkbuKlRjHZ7OcWnbybevVrvZnxx8WPh+f+Eg0XVmivJV1TT7O6kvL0tDCly0AkCRRsFzGgztOOemTmvsn4Q+E4vDPhnwRfzaNqtpdalJPqNtq1xYfZ49UljJ8sWsksas8EZ/jDYPJBI5Plnxe07xF4l1Pwi2qbdKsP8AhGtIfSrddpS9SBY4UdsAKvyEh85zk7uSAf0V174i6N4zsfhD4PewgH/Cv/CNppaPYRqlq9y8S+azmNdxZWH7xiSc55PU5YfPXWx2Xxw9CjKGIr4j29bmU401h7RVtVZuTUXum1Z2ep21eG4UKGYyxFepTnhaODlSpyhOCqyxMIVPe5bRjyxvZyaurM6bS7jWdT0fRZ9QvJZmufElidr72VWCnCk52sqKMYGR2J449o1DTgZJm3PPL5sZkJChRwOMkFcA7RgdRknBya5jwpoWpapY+FbDS9OuNRkufFFhBD9jhaSMySIVRGcAgEcb+6nv6fohof7GHxL160e+12607whpjyq8k11KssghAU7tqnKZBPLEnkjjJFfW/wBu5Vha2PljMVCm7xcYSd5NpJyUY7vVbJPtZvbwq/DmZ4mjhHgsJUqrlnFztaKfu7t2iltruktLOzf53+K7QJp2tSupMf8AYV2pYkKpxFgheFBAznHQe+QK7j4WW274c+EWUhU/seJljypG0vLzyBzjGc4OSB82TX138WvhR+zv8JvBmvv4k8eQ+J/EqeHdVWz0+znS8zdNbuI1+z2zF0YOMZfIxngnr8l/DH41/DPRfhp4Uh0zRL7X9Zh0JFmWdUhtLefz5gIiX4I24zkgdQdoznyo8WYWvi5/U8Ji8S40rQcKThGcpSjLRyslGKWsna19G0ddHhHE0qXPjsZg8MpT5pRlVUpxvGL+CDvd3bsn96uej6P4X1zWXWDS9KnuA+7EgQlSwIx82MHgg4BCnP8ADjBzb3Sbb4b/ABg8M6h411jStEtf+EM1aa4F3cRxTRjCKVSBzvkbGdqry+4hT0IwZ/jv8StQgkGlvY+ENLUsANNt0NwofoGncCNSuPmYEBeTxg18h/EP4oeBbb4t+HNW8b+JrHV5NN0LUVmM9w2t3k88ojOx7SIyoSG3bURcA8YO4ElPNs5r43CyrKjhMJCpCXsebnqzatGKlK3LFJu7UW+19NdMRgeHsNga1Kj7fGYupTUFiJpQowTcVLki9ZNpO19Wrvufd2q/tBaO8L2Pw58K6x41vZnaKK+kiOlaUsmQFLXF0gR0ySdyEZySCCePmjxDB8afHPxrh03VNe07wPFeeC0kez8Or513BAxcrHLdSFld2J2SGNht+8MjiuFh+PnibxJGum/CT4X6trkaS7YtV1UJoGiRjhlcW0yxzOoz2ILAHHHFcXqnhP4y+MvijYHxn4+/4Q99T8LSmSw8FIUktoIizLZvdTjzGzkq7xsMkkoSMGveeJxGKqxadRpzjflbiuVNNWd0l15u9+rsfKOhhMNTbtGCSbdrSskk9ldvpvbybtrwP7XXw88O+E9N8DadceIbnWtavfFUcl9c6zqazTiOPa7v5fmN5MZbuw6cLjAFfMer/wDCF2Pnsl7oqPHLGQWu45CuCFYAbyCHYEg8gZB6E59C/aQ+Fnh3wh4l8AWIvdX1efU7i9k1G81rUbm9uLkpEpLKskkix5bkhNuCeAWINeUXHhPw7aW0sq6bYOp2hfNUyYBkYdWyM9Mnrxk4IAP6Fw1g8TTo4mUKdGV5KLdSUpP4Yu2ifV30e7beh+Qca5pgpV8NTq1MVHlTf+zRinZySV7v3fh002bv5+p/DfWPhbBYan/bus6Jpl7Fco1g73CsWjBDSOCp/iXGQcdcdznzfT/GXgjSte8ZSW+p2MMF3rKyadLGjXaXduVG90ALFMtkYPPfBHI7vwHpvhSPTtSiuNO0WVy4jhFxY28hGVAwC8ZYDoMZGR229ODhh0WHxV4mEOm6eYhcW8cSrZxeVFhRu2IEwo/3QBnknJJruxGCxDr0JVK1BSlU5VCK0irLRJtNXS1a11W99McBnWCp4Kv7GliXyUIucpTjzNc8UrWvaS1u0rW3ert6rZ/Er4ZPHG2salOu1lwttpdyUbKDG4qvfnqcZwOSBjr9O+InwkttMka1vJorqS6DRg6TczmTBJCjcBjPCkY+vJNclbvp7xww/ZbMxtt4FjF1GMjBjGegx0GPQVdup9PgaxhtILeMpIpk/wBCh+XkBV+53+6oBIB7YDY9OvlmIdP3cRhqcYwjdqkk27RSlfn0t5cqkjxf7fo88pRwuMqc0krzrLVtxsl7mi16Wv8Alwnhr4g+AbDVPEcuslZHutYmntkOlSyI1sUYDcqr+7kY8AEDGTz6N1fx18Nrllm02e9tpmzuSPSrgKgLnhd64IAxkjaCOAK4ixR7nWfFb+XAVXVsf8e6FlBUg7AFHoDgfLgHgZGNm6skRYxguwVXQC3RemAQSfovJI4BABxz8/SyjE1KF4Yygk5T3pdbqN01Lv17aO17n0L4pp0q6pTwWI5kqV5Ko0leEGnpG9mna+t7auxek+Ifgizsp1LajLcTQ3CRs2kz/wCtMb7RuCcLkjLZwABjpW34J8f+El8N6fbTWurPdqk/2j7PpEkq8vuQiURtk4HOORjBB61yl9pANvOfNYyHT53cGFSqARscjAALY4+UDPX6dH8MLe5HhzS9gMkbi53bFVXZVc56jJI9sjGe2Kwjk9f65TpvG0mvZTu1BJq3KndKW92vSz73PQnxPCGBqV/qFZqFenBRdSSu5Q0aajv5W3erXTr5PiNoDKy2ej+JSjJ1GltGSyjC7SYlO4gYJOMYyNozihqHi+wm8P600fhnxE7GymUTzRlI0Mi43FSnIUkFsnoPTivRRBIsAJZk2xrgZiAYnoD23f456EmsrxPeRxeCvECpMyiOwl8w71ByzbTkKTgY6ccY78Cuqrkvs6dWcsem1FtR5YLRJN2T18+n3M8ujxZVq1adOOXNKUoxTc6jceZq7SSdrefa+r28z8OeN9Xs9C0a2g8Ca3qSx26r9qWZY0lyWKshKqCOmOpwG4G2tKb4geMJrhMfDTU0VOFd76PnGeSNpHGTnIB53HnG3r/A2pwjwv4finfJFkpCmZULLgEbjkv0GcDg5OMDBrcu9RsZHUIxQHP/AC9KflBH3sseScdeh6jqRdLLoOFFyx7jGUYuVlTWtoO2t7bp3Vm2nrfVY1c/rurVist5rVZxvzVHzNSSvo72e7Savd7638U8Z+NvFbeGNYgufAj2kDxp5tzJexny1WRG3AAlyeMEZx6jIINbT/if4pFlYxWvg/TWUWEEUT3FyhLxLH98YOSeAcD15OMkdT8Sbq0bwhrf735mt8FRNG3JZRt4YsOvcd8cjGfPNJudITT9Kklu7ZJoNOidXedDklcFWG4Z2kDII7cVlPL8KsXaeZNL2Sd1OmmnzJJ3trv0d9ui03/tXH/UlOnlSlL2tlDlquPwxbfxXvv/AMFnoXhHUPiRLbXEth4V8PtHf3LzCW4m8x0BPK4BJ2A9D83AGM5IOj4ji8dQa34NubvT/DdvdPe3ENtHBG7RmRwTm5+b7gAOeflycYxiodA8ZaTZ2sYfW7eOSOMsBHJGUx2wM/KynGc8f0sa5420LUtW8HyQ63CzW2oPLNLIUVVGCRz8o5HyjpnO49wdq2Dy6OGf/ChOo1OFm6tPZTipK1k23u99d2+vmUM5zypjI0/7IUKUoTvL2Uk1ak7atttSaSflZa3sdgNb8fWkptI08HxyFWMjPbzEDac4H73aMkng5+mOazYdU8e6jqEjRXfhaOaJ5FmMFnKy8ccgueeuO+G5JPFc3rfijT7m8mNrrOnyRSRskkisu5WyMD5SMHnJIBG71pnhHxPoekatc3N9qkGxihRY8SebhQGZlB5YDAwv8OCeoB5JYfLoyS+t1HFayTrcttVbbpZrVW10WzPVw2PzdUJy/sylGUfhtRu2rpK+ltFq+mu1rm9FY/EFvHGmRLrWj29/c6PcGOeCxYQrAOTCVYkb8cA59sY6+v23hv4jXEMZk8Z2kBUABlsUGQM9QVAPTjPX1HJrgZPHnhB/iDo+pfbJGto9CuEcxQtmKV+EUryQGPfPJ3cnGT7Ha/FLwW0ar9pmcBFBjMBB7Y2gYyeBx/EBwCK4FRwEpTvXcn7TT9872tF9JLS+7trs+x1vMc6caf8AsMIr2UeZexjZPvdx+bX3dyzp3hfx8+ZG8cECLBdorCMFwBwoIQDHB5OcL0Hau78H23jSz8b6haQ+Ob+yuZtJtXuLu2toQ0kO7asYDIfnAx05JBPbjI0/4r+DUiTY92uW4AtmC5IGCV246DOcZyRk1Z8P+PfDV38Qbm4ju5WDaLbxRQFH8zzY23qQigk4znGMZ4G3pWFelgmoRVTm5pJNe0k0rJbpya2W71TfmjXCYjNK05e0wsY2haLjQjF8z5FHaN310+7Y/Rv9ln9nLxZ8ffjH4Y8LXXxH8WalpP2y3vdetnRI7NNAtJElvxc7FGxbhA8S7mGcnAxX9IcuoaZrXxW8FfCLw1aJF8OPAGjLeaolqgSzafTYVg0+0IVQhcyxiZiOrsz8kkD4k/YQ8Gx/BT9mnUvjbr9tHa+LfipLFpPhqe7jEdza6BKfLW4VSA6Oz5YKACV6cklvsf4U2OoaF4d1rxVfIRf+ItSN0s7giY6ZAAGPPK+a25lXksGGecV+G8V43CYavmGNdo0MPzUcNBqyqV3a7TfxJfO6fR3t/R3BuWV1gsHQmrYmso1a7tbli1BuPS1o6ba6X1uaHx3+Ia6Jpc3mXSWq2lrcySkvt8mJ0ZLeMBTlcpjoM5HGcgV+UOq/G/wL4Y+IXhKLxbqCwrJF/aKQs3m4EsxMmo34BPlRwRMTDuwzMBjPQXf25PjlfXPxA0vwFp6S2+jNFJr/AIw1OMljaaTaJkWrupKxSz7cRISCzMAoz0/BH9qL4lanolpqM0mrtH4i8YXC3lskjsbzTPDNuNmnWYDEtF9otxHO6gAMzHOQeP52r0ameYypThJxlVco3jeyTkkpO+iSirrvstGmfttKrRyzCQUorkormfTTljZLpe+qe+volD/wUN/aIf41ftA+MPEVhci40KySLw/4fm+b97YWMYiMqqxyqzMu8AMMhsnpx8EeHNdurTVbbDDbFIkj7/lUHeCBnkbVPJDHtnAJ54jUfEc9w8l3eTyysQ0geR8s7vxuAPtggDHBH4c9aazI8xnMuHkZiORwADySM84AI7Enr1r9SyrArL8voYOKvGjRjSTaV37qTbvo1JtPdN2WjPy/NsV9axdTExk4qdTmjZ/ZTjo3bSysr7drI/Z/4fft1/HHQtK0nw9pvxH1+2sdEto7fS7a1vXitbKM4UoibwBtUlVBIGO69a9N8aftf/ELX/D9zbap8RfFGo209sU1WGXV5xDcyuuXiZFlCup/jQZGDtJOa/FnRvEt1sghSXZtIeRi+HZQw6n7wHTb+AxyDXf6l41lTToYFcojbnZSzMzAYILcnhgMZzjqSRnNePisho1K8ZwhGKvzXUEr7XtZee9+ut+vRQzadKilJQlJ21ai2tr6pLpe7enpdnefEr4hz3rzGKVgMPJGN52gPkHK5xuJPf1JyByfkXWvEU0kspkJ4BO0kbPMc8DJ5z3IOCecEc1s6/rq3KyyySMNxIRATlnAwBwQMdcAYHPvXkV7ciUYZiHLuSWwCCCcdGJB2454APr2+kwGDpUIRVl9lc2j1Vnrdre+j13T1d2/FxeNniJuUpXTaV7rol3s+233a2NCfVJyBtY+crN5jMAcA5KrgDPIGcZJUHaRziswXc7RmRpNj5JYkjIGe+ei8dB256isa4um8tRk5cmRm3Lu+UdSB7Z6H0OOmc2W8aTMkbZX5Y1IO4lBgNlc9MjgY3D2PNewoXtZO2l30Wqsuu7fTXr1Z5FWfM1yu6VtU7rS29r663Wu/XRnVrJG4YhwcncFbJZWAJDMG6g8nB5PGO2Vhuo8gmYF8ncH+UbVGBgcHGeOfY5zkHkWuJZOjYLDczOQMKowCBwSCcHBwcevBphuJExMiqCVVQCS2QRksAR1AwxHXb36Gr9kktba20t1srau+7vtq0nvqzJNPaL3W261Vra3Sbelnutup65pOpW9sqtNy+4MFzwVJJRcdOhByBjoCCzNXq/hTxmbC8V1uSseVdIkdkAIZSAxXBBGCAR3x0J5+W7e8mAEmcsSMMG5KEEEY64APHHU5/u16p4Ospb+6t2YbEXD3EjA+XHCpywyeNzgcAZGTgZOK5cRQpTj72qa7NLdJ9Lbad23r0RpTxE6MoyaVlJdLWty6L5L0bd1sfqn4J+OWt6Z4C1GK91nWJU10Ja2OkPqd21mkSgB5XgaUxuDgMykFMg9sGvmH4l/EE31wto15vkUDfIHIiVRyYlGeFAOAONxUnqMV4vrvxMtLUtDazmO1somtbRVfJaRBhiEyBjPVyMkDjHfwfUvFl1qV7LNJK5lk3FmP3VQ8KQN2MnA7DjPJKivBw+TUqVVyjDlk58zXL10tst7tX0td7W0XtvN3WpqLbbsk3Z2+y33Tve72Wr9T1zUtaS4DQ+ZgyZcNkHaeQc5yWwD+uRzX0X+zrNFp3h7xjrx1D7LnZbSb8l7jy8syR5IPO47iB0z0yK+Fo9TmmeJUZjK7iCEAEyyO+FDKOowc445Cgk8En6I1DxLp/w18K6RocvnTX0my/1uK2OC8k4JSMsSQCFIDKTkDA7rn67I8LOeLptXUaTTb6L4dL3Wt72u27NvSzPmc8xFKGFne0nUjyxWidny67O+itq7b6du28T+MW1K0v1WHMMU7GEKjIsrhyPNmYKMsRyBnDfN3r5MuNUsJ11CWZYrCcXD4kDBpHk3kDgD5STwATxkY5PPpsnxc0GayuLUeHdUWyc5baAQwfDEs2MjkYC8HI44NeOaz40+FcLmOXRNVW7kmDz72IXJbcG5yQecg4y2TgkDNfpletGOHV7NKOvMtHpFdNb3TeiV0vmfn2V4Vqu2pPV6qMkkne1tOt7vVq6O88AaL4O1Ox1OXxxrF0xSeG5ttJikNoby3MxDOJHOC0S/Oq5JYnGRxtm8W+KvhtYapdHwdNrl5DYRQR6bea3cz3UVkwCi4g8nPlyAn5EAAAGOuMDzK5+IPw9+QHT9RkCw+Wh52xRqGAUZ57k4J5OMDmsWPxh4Ciilc6JqEyNLnDbju3M2DjJXHYnk+gIyB8rXo06rlKrN8s1Z09oJJR+zHm1kn11+R9nGU6NOEabacPeTXLdNcrjdtt2ulq3a/Sy0+kvir+03qHxj0bwVpWrWlhaQeCLBdOsH0vS44LmVY4REHkkhjAaMgEkH5885GWNfN194s8RXLbrW+v7dYWeNXSJwz4YjJwoYYXPJ78k7eT2fhL4g/DrR2lvP+EbmmmZv9XNs2hSDuRPM6nGcD0wc85rX1P4z+Co5JDpnhhwjBWdXigYbiQGVflUbTkdOmSR04eBjhMtpQw+GjGnQU7tQulH2knKTTbb1d+brrsiMS6+PvWryvVajdv7XKko6xtsopW18kmeNt4p8R28LAapqAuHBCs8chDZyRkkZ69e2MdwAvrPwv+J/xR8C+ItL8aeEtf1bS/EGmRutvq9hDObmKORSJYAFUqUlQlHDDBBYegOcPi94deaKeTwVHcIJCqr5UYBUtlsDbnrlskA5PJHFep2/xz03SbRZbT4c6hpzlVIbyrVoXiI2+cFZA5U9nznLEZwa9Kvj8O6bw9SCxOFnFxlSkrpqSV1KMm073ta2qsmley8mll05P2rlOhUg1acW24W5bSTTvdN9+z16fRtv+3d+1VqthZ28njjXFttNuVuLdBpMcjpMTlpDuibOSpO0cbhznOBJ4q/bT+Pni3TLrS9W+IesIr20kVyZNLitSY5FKTIskcKuqyKzB1G0EZ56Cvl5/wBokeW/2LRr23c53p5NoqswbtmPgbscnqM4BxgZsPxy0meeO4vvBdtqMjl1njvZ1HnOfu71iKrgtg8EBgSBxjPnLD5NShCrRyTCKrF3v7GirtONpRfKuV31ezslvYdPC4qrWlGpmmLcZRV1zT5Gm43aXNZNXs1a6vvokd5b+JviN4nsovDehXniTV9FRSptreS6XTkeT55sRxgIPNfJYdM5JJ7Yn/Cm/HJeSe90C4sbMuWeSXfGzKmdxYyfMy/KNxG7cO+OnoNr+2r498PaVb6H4N+HnhHw5YHy1eSLT0mmm8sBBJ5pjaYtt4YqR3zyRjzfxR+1h8XtclmlubLSZpJYpIY444JY1jDZB8uDgHIwcMCM4OcHNTQzfOZV5Rw+AweFp81lJNc/L7vSEXt573udWKyfJadJPEYvFVpySvzQ5acXZNpXk5NpWV7Wum7aGnY/Ck6nBJMLN0+xyAtdSNIkAzgBYmYhXZQeoOc8c5592tNG8A6N4Pj0yXw75muzKEa8eQsrzxsAZZWyFRXPHzAYXIIxgj49H7RHxeuNDm0GabTLXTT1K2CRS9SSFk2Fyc8l89cgk/Ljzqb4nfEy9t7izfW91sznpGCw5HyrJtD7R0GGxjqOgr3Vi8bWpf7RG9VuMrxV9lHR6J2Ta10Vn93yEMvwVLEp4e/skveUne7TjdpK+lrWbb2S0bPorU9D0W+8YQaFZaIEtb6RDe3loCyJIg+dFKnb5ZJ+bBI49eTq+K/h34P8PoWkFqiy2rPF5GDLuAxtm5OGU5yQOo7A18jWPjz4l6bqKXFhrcsUoGxZHtt4BYNuKllbqCCW4B4I4OKoa/4r+JFzKkt5rS3m4gSRlAQVJB2nAAUHJBGMdQQMHPPGGKVWM5Tn7KDTtr7usdtNXbvaztoek5YX2co0IwU0ktG0r+47vXr5q6u9zL+Ithaw65aQQyJJazREEIBk/wB3zCBznIBJ7YHWuYm8NQQxR3KsV+VnAhbY67QeDlhnbn5cAn3Gcilrev6udRhudSso3MKsqRxjAaNR94kA4Zhzng85PJqzD4w0qSK1hvRPCpkyUYZRUPUHaMgKM+hwOORXt0sXhpe5Ozm3HVxas1y3T/u312Wu7tqeBWw+YUpOpFQlHRWTu0tF0SvdNO1unXr0XhC+8R6Dqltr1nJDfHT5Y5raC8jWVCVOQr5GRkdd3fHJB47H4lfFZ/HoCal4estJvrdYhPc6fG482Rfv4zlVDAcgMByOoBx1HgTxB4D0uz1KNZV1TUL0wNaxNGpgMZJDxPvLCIjJI6kngHNcjr9pZPNf3ENusUlwZpDArKdqAblKr2CdM9cZ7DFXRpUsXi48sYwqUVKMJt26JStbpomt91o3c6VicThsK4zj+7nrNRT5nJ8qbTsr9lu+jd2zzfSNIsdcvDFHfw2UjbFjN0REA+e7HaOCM8jGSck8V9KeE/2bfip4u8PprHhOzh8RabbTPG66ddRfaC0YLOxSJg2CMnJHy4IA6V4NpnhWS+EcrRRo90WWNxuXbgHazMrDGfUdBnBwSR3nh2/+L3wwtP7R8Fa7r2l2rXDLNd6dc3L2RzkSM1vuKAEZ3sFIyOc4rmzTA4+pSvhHR9rCaclVg503CU1fWL93Rqzs7X1SOrJM3wNGtOlj6dWMWrxnTl7Oa5rPd3Tjd7NX3Xm9iTwf8SNBhkit9Su7a3F5JZ3GnQ3UhbzY2YPbPDu/eNuG0qASxzxxmtbw9pHjy5u7PTJ9MmuTM0hjiuYjbFmBJZAGA3YXDMMcqcjDc1y+l/FXxuJ7d9WkgvWs9RbU47iWLY8900nmSGRgn7zzG3fe7n6V7dH8fZtcvtPu9S0tLKS0iuGSSBETy7uSIxLMhADAOecNzlsrnknSjTxdGFOUKEFOSUanK7RvZa2dtN7dbeZ01cRlmInKKq3ba5HJJyt7t9U7rTfvrvoj9E/+CS9ydO/bl+B0dwiQzxa1e2E6GQHy5XQKUyOuDkZyc9ehFf3BeMj/AMTzU14IS5cJk8HBK4B6nHqTnvzxn+FT/glpexaj+218C7ksPtbeL/MnkUYdjKwbJGcbuQOOnUgDmv7qvF6bNc1MK2Sl1IuCMnljgjOOOSN2OcdeDXn5wp8tCc4auLbd3vpzL0Vlrqr/ADPfwEoPDwhD4Y669dFfTfstVbruciVZiSCcjBODkgADGMntwCRwvfpxOgOcD03Hdx0JO0E55PBz3JGD0oVVBBC5fHzHnnk8ckYHUEnPP15sKgXJHzMwIJ6bgPYYJx15AwPX5hXhqpFWvurK1na75ezatvu76W8zr5F1Vnb0d2l69v8AJPcE7ZO4gEemDzywAOfbGBnjrUyZOCV5IPA4BA6McjqeMcdBglh0aoYgMMkAAEnHPqSeBnHbrwSAvGLAHQsuckkMc56kLkDrz35HHIC5pxlGa32u3fRtaaPo4p276pXfcs7WW+97JK6s+npZX0vv0E2ls4UnkdehAAO3B4BwB9ccccUqIPugHHU/wgnjIOWGOSBxjIGADU6uNoAB3ngcAqc5AJ/AgjrkgAjGBUmAB2ByBuIUZAA9C3BOAMDJx6HNVzuG2qWmuqvZaP7S0S2dr7i76Lo9dtbXd7ea693tZKJkUgsGJY4BTJOACeM4H+990Y56HoFGDDBIAUKAAc9gTwM856En9SakJTnhj1I53e3JJGeSMjoTxtqQAMAOeec8Dnv24J6kHHHIA4pKrK7vdJW3sndpbLZ227NtvskOKXvXV9Xey8rW2V9Lef5VjHzuOT044AA4AIzxnC5POe/vUgTAAY5DAsN2B1PCnocgkYI9u2MykEgkhioXpjjk5BHbnJ9uvUEUoh3ZBGCG+9jjjJAGQDgjHfOTg54rVVdbuSut79Iprr5WWj0WnkJSv8S0Vk9r2slZO710u/NXuMAA4DEEZyQq4JwACMY4B7E4PsMVGVJAPYYQ/L7k7h0PbOM4GfbiztDAEjkZOSNpOO+PlHQccYI6g8ikYfw/N8xB244B6kKT35PXtx3ydVVvdXeq1Wi1va2/bXT7nqmLW/K17tt+6s0mnpfy3bbezIAm8OcdduCRjlTknB45GRwFxR5IIO0kEbV5yevcdevY8E+hA5tJ0baON3AyWVc9ecc89SQPm7ZqRixONoyy55HC4PUYA4PoAM8lhWnNbrbsrO3RXenVa/dZWVlSpyvrbmaV93tbreyvzd+tk+1RUXAPAI3dQMYHPB47H5hk9j6Gk2ZIPTIxxkMCxyCMcEcZx0/HmpiD0CbSSQeDwTnJXIIUE9Pp0GeWs4IKlPmBAPoMA9WyNrEDpnrx/tVPM+/l92qv11vp36lqnG1nZNXd9k01G2qfXro9W2nqNEakkhsHkHOM4U7if93n/DpTPIBDbTjJUkKMZGT39OnPOTnFTOMMMDA2rngHGCcgAk4AAAwSBzwuc07eWfO0gf8AAcjbg5285BBOeeO+McnNJa822ny0fNr27vXcznGKWne2qeqsr67bvWyt5966RAbssAu4/ICAdvQnpk9hkDOT7AFu04yOAvAJG0kMWweDx16emMdTVllJ2gnBO4ZfOecnI9SffPUnA4owWwu4Eng7sfKFxhh6DIwDyPQ8U1J3SclZvXTdeS0s0te2j7kW202WltbL79Fda9tfQrqSzsGU5JClj0G3kHttJ7AEHGT16u2tlWySRnnGQAvHbPUDGOecbelOU7CVyeDuYYyAQMAHK5PuTnAPTBFTYyGyBg4JJ6DqB09f0wfThxn7y0S1itX0VktfLu9Elt3XJGz11lrbXut5X93routnZalRFZSdzFiRuOMDORyM9enJ49uRinBT8oJAXnj2JOCeDwM88gn6VZUbgx6gED5htYjJ+X3BwSOhIwMnhadtG09QV+XngAg8gA9x6Y9yK09or3tbr2u3a7u1bay7ru76pJq8U/zd7W1et32b9LWKPl5P3gNhKqfUfxHBGcE7scE4wVPapfL3Fuc8HqCGzgjg9QP4huALc/wjBsHBxtHIUAdiPoOpOPTj9KURl9qqCcgAcHHA54JDY64GByOuRitE110a0Xdb6vTdtPfz03vMoWUVrdu7Wu2y7yXbrutnoV2XcFVOW2nORwo7DPAB4GMYx8zE9MMGRtyNy9GA3A8DG09eueRwMrgc4q7sztIwAp5HQsvPHbHfBByD8wxxURWRScKAOScBfmXdgZbOFHPBAGQB7kOL6bK2zdn3d9Omu3b0ZDT0lbe2yuuyVtbfrp2aImxtBI3DHG5iNuc8nb3xyR0x/CM8tK4AXcVyAp25I3LyTjntnsMZ5PpISy5LBhlclc5ORnOSD1zngcDJGODTQRtLEdgw2843c5OOp43M2SOeCcHNNJpXbb6O+vR62Vunlb1siUlzczV2vy0/O2v3sb5ZLMSfvDI2k45JyV7A5yCx5zgY4FKAQCuO5bPTOT37cDPIyMEc9qdjJ2spC4ULgDLITyTk+oJJI+pzwZVAAwDk/dGOc5B5HJJwPUdQeDxhOKvvv0+ab7X836W2QSu01ffZaWWiS79N73frsQEtzgYKgAEjIye5A6ewP17YppHykkHPQ5xgnHBI6856Dt17ZnRcAYDMzEjgYzgfe5+me2PpxSuI14IwytnPYlhjkHPzYyOOR7Y4lJp7Wt00Te1/Jr7unZWxkrW01/4bu3tq7r87pZ4+8wPGewAxwOe2M88NyAep64RgG24Hc8k44HPGGGSCAOMHPOOM1M43EjsvQ5wTk9T0OPU9sdR0LBuzgZ59xhR1745Pr+gPNaW87aq/W+yey8tLWuSk3ovu/rYgYMxX5Rk5JJHPP8WeCoPJweBg59KAhXIBwzbgehB+XPQHocHnPBBPHDVZwV4OSME8HP3epIOe3UdCexpoBwDgHdgZHYDpyAvPGB0JJJLcZpJWVt7bX/r+loN9W0r99nrZLXr9lWd36O7K4iIIbGCCeBwQAON3B65wpAIwB945FNEbEbh169CS3XgZJ55wf4uee9WWyRtwO3IwAT16g9OcHdlvcc00FugDE528dAp4J56jOSCeeWPbgTv00799F/X5X6Ty9dNNX17fPzu1vu76OuUfjaCACT8wGBnqBwDn+nQHspQgFVyAAqnONvJ5YDrjt6nHTpmwBlWOCAp6jqQcdAenuufboAaQDOXH3WIB6k4GcnJyME5JwB2yCQKG/PW66Pa8b+XX/J30Hy2vo18tttPK6S/y6lMxEnaBgbWCjAwORyOg9SMEDOB/DSiIkk4J+UZJHykkZAAGckZByAMHtjmr24ncOckdCoweozyMkHjOD0AxwSAqkhcAnO4BQFzkY5HTpnkH146DNT72u17/AI6NdO2muvmSoPmTvorWTSfRddVayvtfV/Kl5TFueydMDaB6kZJBXPJzgnnGAMoIwRk8HOSOBkjpx68DGBg85q6QSTn5Sc845ODyBnrkjqcjuOerGUjJVOC2Bjk88HPoCONvHU1STsr9LPz2TTers7v7/MbWt29fP5JWfy+d+tyosQYk5zwcEjuQcA8/NjjnJyAemaUQZOwEZGME7TkgDdj5snk9cZz6gmru3G7KdDyQSOAeg57Hk55JXHFPCnAY45zyMEkMOS3bA+ZfUY5GDkDaW/Xb/g/0hOO2iSSW3layvppb5+lrOmUZQmSxO0j7vA4/HA4yP4TgDJOaRIzkg7jhcjgk5I7dOo3AgZA5qwEU8g9fvEkjbgY6EDGOCvAyQP7xJeFLDO75lyCOQW6Y4GccEjaM57DpSbSt6PWz027W02Vv1uzG0m977dW9dNmkla11du2jvs26qoDgDOG547lTyeO56Y6gDjgUzajArkgseD2HPKgcZycZxyOh6nF4qTlVB+6HAbPJOM8joc9eCMEnHzVC0WBuCj5sDhgSrZwc9hk5JOfbIo0u02r38r30aeqWuyVr7NNsqKd/h3fmrrRbtW1vvql32RXjBUjgk44UHcevynOeoPJGATz6ZIYyQCCSeSGIypGOQBhuM/xcYIA4ODVhVZCGcq2flAUDGGzjBHTjjcMBuuMkinsRxkHA6EDH3vpkgkexA7Gq6paa2te2my32W+uzS011HytK+3zt1TXp11bVnbQoNGAwDOccN8vqQx255JVcAZ9fYCgKduQxLHOeo6HqvHDdAeucA8ZBq5swVOGJGVOB1yCQM4AyAOeB0J9KRU2gYBAB7cD3znPcjI7HBHWk3r/Stsum+69fNrVqN9+2r63dnr6bW+fUgQsSMtlWycDAPy8gDPBycjnPb3NRNDwShzuOeAc55wvOSBj5RwBgdRnFWArqcMMj7oAHHzcHOB1zjrxn24pQcjJ4AwCMjOATgHk988/iBxTutddvw+fl+BKSXxP5Na9L7a/f01S10rsgfamQoxkAAck5xj15HIByc9T3j2luFOMDBBG4nAyCO3b7vb1GRusE8jAD9R7fMcDn35A6GgHqQp5YAc56Eg45B5PBJA5z0OMpX7Jfj116L/h9yWk76J2s7W1s938Nl67N3frV2dPkydwOCxOBz78Kc8deW4waUIdjbSeCDuwWXqOOBxz1zjrxkCpsMv3VADBmIHzYx1zgk5A/h5z7k8v2rnIU9QSCQDnBGevXjqQeMDjnFpyas3a3ZWfT1StbfXW71uyG3GPno3bfS2kd3r8136EIjJwd55IBIxjJUA9m24xnBB5ycjGCrkruyTnGDwTyBnHHqAcZ4yecZJqUs42kAYKk9/vHpzjkjIIzgY4wc0wgru3DAOHIzjBPGCSOpA4+vQc4Fq+ulr2S10irtptadGvN2SsRFzaSsktGr9dn/i39FtpqKvQjJwcAj3B5BGAeCMg/hyBilbDZAwCDkD2HH1J4I6dBx6hiZ3KMkjHTgDaeSGJ75HZjjA5JJzOI0PUFDgnnoRnPrnPUAcdqUoxdmrPv+C9d193S28y06J7eW9lfVdtW930vcrsc5A6AD5MY3EkdcngZyecbcYPPFBYnPUAqFBOQM44Yg56AcDnGOQdoqZtuRjccdSSceinIxjg/d5GSDjkUzGznJO0jHALFuNoBHOR1HA6Z5PIajG/3O3e9tN+q27LW61Rad3ZOyTWnn7vpq7J7X76bRnoxwSQOMngcAZGD1xnGQcHjGfunzHOe2APTC8sffADYIAB5OTjiTcfQfd+bg45xkdMkZGcknv34oIHyjPXjnIG7OTjjpzjsOOOAMF3pfVbfJW08umpUYppPVvb8mkuq+XnZvQackABgCuTnsMEgAZAwDxxkjnHTIqRAzMdvddpLDgnaDkKMN6/Kw2n3waWMMWG0hc4BAGQu0ldxz64OcEkE455zPGChDZ+9uO0FT82AuQD91sDgfw5IJzxU331219P6S/IuMNbJSeyfley+T0svTZCqp2g9AB07Yzjjjrnt2y3PFOw2cYycdjhflxnn8MAdST0zTw2cdSSGJIBPOcZJHPcDjrkY45DwScjacjH3uPyIJHXg56fllN2/r0+bWvTz6m8YOztJ9NdXouXW7aT63u3pboRZLA7gchdyg5GMAZ3Ac9sYyAei9DTgDvbIPAGDjIUEc9NoycDkjnsB1qxtJAG0dD2H3cYG49MAEbcdc+uKYSyIoIY4VskkdVYMCBg9emO+CRwTQmraW16aq+qvbSzS19X6Bye9rsra+7rL3fNbXktdElo7psGLHjIALAcDIAHQ/TnsGI+hNRkFzl1AwMKcgAbfmIABOeuNx6DoD0pNxxnpgDHA7k5z1685wQOePSk3ZwMZUEEHAyQ3Ug9AOOuBg+mTk0Wl1okvPW2+r3e+3ohq1kk1dq66pN2u7NJWurpttPbrdyKBkkMACcksOozxjPQd8nHpnANTYzypyGI5GAVK4DduhORyTgbveoNwPAXaFJIJycrg8HHQEgZAGCQcYPJmjDfwk/LksuM7wTwAoAPIz0zkjORkEZyi76eX+X4abbX0QN2k9dbrXq9Iq71vrq1v7q2sYHxTIX4C/GlgSR/whWqDGPW2c9yTgtz+fAHT/Ot/aRCr41sEeKOTzBqjSMW/eBPtU4AAGcEZPy/TA6Y/0WPioin4AfG0sBhfBOqd8ttNvLxzwBj8RjcBywr/ADkf2hllk+JRRA/lxC+YLncSrXUobGMBcHnJGQeuDyfpOCp8uZ5g1JJ+wjaKW+iV2n5frZ7nznFrl/Z2Cio83NidW3tG6kvXVW36v1P6Zv8Agj5arZfs8amlvGbWK4t7Z2jL5LFrlgWIG0YIHy4VV3c8cZ/YLxT4v8MeAdA8Ya/4jv4NPsksdNtFaRh5s80sSLHDbR53XM8hwscUYJZjjmvxa/4JceNNJ8Ifs4arqWr7i1xe2+g6BpcIaS+1rVAFlt7GzjXLGVpXCu+CkakluTkfpd4Y+HOseP8AWLf4g/GS3b7VbaxaLovgkzbtH0C3tVje0urqLcILvUSFG/zVdVOQuGzX8rcezk+LM8qTd1LH1VsvelG2iWidt7vZba2t/SnBtBR4XyWEF731Ki2tHyppOzXS27u7axbsZmlaR4x/aM1PV18WXep+B/hbpunWBtfDFu5ttb8WRxMkscurP8slrp86spMBCSsjbWPDGvQvGniL4TfBTTNVtNUTTPDmiTw6XHpPhzTLVJNU1q7gjjWGKx023T7VfSyuoDSlfvPktk1yHif413lz4x8beEPgno8HjPxe6WthqOsYKeFvB8QZYpLvUr1AIp7i2UEpYW7eaGXDDk542w8HfD34OeJPEHxC+N3jSLxl47utOtmtda8Qol7cx3UqK0OmeD/D43AeW7BbZreBbohQWcFvm+Ri5yiudtL7NNJptXvd6JpbXe+uySaPeaSk1TUZKOk6kvhTur8qt721rrRO+3V8GkfF/wDaF1qa48Uzar8GfhTNaQJZeFdKuBH448WWquv2Ztcv12jTtPuuM2sXk3SI4UsDgDc8BfEHwN8HvHfxD+F/wz8Jf8JN4wji0yPS/BXhJFnuJJp4Y0e78U6yokiswZv3ks2oys0g3HOcVxJvPjn8fNfiML6p8DfhRcaPNFHfMqS/EHxhawSECaO3cE6NayquQkyJdLG4ZWBAr7K/Z7+F3g74W+Jruw8I6PDZy6noNtcarrFwXutb1q4DKr3OpancF7ud5GyxiMpjTjaoAAbTmo0tPinKyVOOsYNcrblJ3u3dvS+vXVoShN3nGL5OVN1J3ct4q0I2ulbq7Xvt1fjOrfs/eNPiT4+8GeI/2iPEv26O6+0JafCbwzNNZ+FNLsUjaVItXuoXW41O8jICygSmzlIOYyDX2jpnhrQvDeteF9I0HTLDRtI0rQbp7PTtMtYbK0hVW8sOsNuEj3berlQ5IyzOcmk1+2Wf4heHIwgP2XTry4yTgZYlS2M9ckj3GM987U7MfGllHgMsfhOZ8KSdpN1jj6g9AMVy1a1Sbsr6RfKkrJPS1rLW9m293a1+hoqaUU7cztu/ek9Fyp31032turGX9mWfVi1ugkeHUI7nDHGXW1Ybj39xjHsWFec/CjX/ABNr3j3xXa69A1pDpUk8EMflhPllnDQyMxALtKgLKR1HbODXXXfizw14P17WrjxHqttZ/Z7aO8s9OWRZdR1ACHYY7OyQme4YluRGMhgMgV4RY+KfiR8VdX8R2Xgu0f4XaZYyWpvvEmqQh/EupWt3KskcmnW20/ZW+zkrGL1SUGDwQCMlLVOTt8L3WjTT5ravXRJLVuyb2Lbsmkmk0tE01q002+nbfXVdNfWvEnxQ8E/DzxP4tvfEerW6Tw3lhLHpVqRdaveItqUL2lhDunmwSqybVYDkn5eV8jsfF/xn+Kdh4xi8Kw23ww8KxWGsTXGqanH9u8UarptxptzNbXGmwxjytOjeIbdt1GZF3YyMkVq/Df4J+FfCnjTxVrLrd+KPEH2gtceIfEbC/v5kvIypJWcyQ2v7x8r5AjVcZBGMV6BrPxF+H3gKz8eaXe6m2teI7jw9LaW/hzw1A2r620g0e5hVZbSzDPbxrvUGSQBFAIOM162DxEoVqUaa5m5U7OWtveh0s0k+rd3ZJtLRnDWpxlTm6lorkbUVfqrXeicml1fTo7H+fr8Q4JY/HXxHS7mkvLlPGniZZLq5I824kTUJla4mxtXzJGzIwXI5IHJJPjHnEXCtnekYU4JPOcnbwecYPbI9ug97+Jlvq+peNviObHSbiAz+N/EbNHcxkT2m++lfy5QQAsihhvUrkHjr18tsvBOozN5cjYcMhKoDIckjqRlQpz3zgYBzur+9eH8RL+yMus3FLC0NdEuZ04eflpv3VkfxXn1JLN8amrtYuta1m9auibS10urdGtW+v7if8EQpPiRJ8Qfi1dfDfSdGbUbjQLKzutT8QbmtdMt5AimWOFCjTMy/MEU9QM/LwP6TPBHwRbU/EWo3nxO1i68fXWnCXVbKxunmsvD9jfuhYR2mnxNGskcbEqGuA4wOcjp/Or/wRe8Xa14C8f8AxP0rw/4O1Dxn4gvrLTYbG0tbiKxsoUjCrMb+5nxGBliyrneQuQd3Ff0Y6V8PfjF481XVL3x540/4QPRWu8yeF/Ayq19c2pR2Frqeoz7hjb8jNbMuSRtHc/yR4iTkuN8y5KkV+/prmurv3KbaTSbSTdtGvWx/UnB0UuD8tvTcW8O239qWurj9q210kldXtd3P4pv20bNLL9qX47SRwWtrFb+PNcVLex2JbQxo67I4VGAQowMDg5zjOa/O7xJqv2u6LyMEjWMgD5VA5Y88DGAO5zjPTIx+hv7Zdpo/hT9pL426XZwXckFn8RNdt7YXsxnmkRT965lkJaRmOWYsWPLc+n5r68VlW6vGQJ/pbRrGGX5UIk4AwAeoHQDAHXgn95yqrKWS5bdKSWEouW12vZQu27rTtrvv1PwTM4/8LeMiv+gup7uiVlJO1layav2ZgaLq8VtrVjM8JuIop2c9eoPOF9iQSR19yRnU+Jmuzay8bPEsfkQwBTj5yjzx/eOADtHXOQPTkAcDo9xJLqcCBWCmd9u4kZwflBGQNmQDzxz05yb3i6QvfxW5cyOy2yunVP8Aj4i+9/DkBs/d+gIyaiul9Srzc+a6krNcu6Wm7bVtui9EelRpp43DNrS8b3tf4oqyb1tbVPXq7H7Uf8Fa7lbX9mL9g+w+XaPgtZSA4VtrtAecA88E5Ge/Oc1/PReKpeDLggx7WADn5sA9skk8DgZByQRwa/e//grlqZk+Bn7FOmrEN2n/AAd0WMhmB5khy2zacY+bGMggdB3P4GXdzdRyBfJTAyQAvO0jjPfHT2OBgAV8TwpKU8qjey58RiW/O2Inom9U11v0S23PuOJ/+RilGzUcLhbd7eyp2snZ6vZW1XTYyjDlyoYEMCQMHoWGAwGOwJzj1POSK0rSztmuo579gLKzAnmJ483YQRCvAJLAYYDPqc9qDzySklYT8gOdvPJJJ6EYx+QP8PB3PuZZbmJYFQRpIylgwOWKgEs2DnaRx1GSPy+jm5qnNXSvu7aq6jrs/JdNl1enz1NtSTlFXTSsry35bdt9l5LW7di1r/iTUfFOoRTyApZ20f2XSrBcrBaW6jChUGFy4G9mGTuznkV+kH7HPwj13W4bPXLiO203QrMPeXmt6gogsoY4ssyLPIBG0gUMSQzYxluleM/s+/sxnxXZWXj/AOId4PCvw+sLoTST3YMV34jSMgtaaZC5Dyhz8u+MFTn5Seh+4dMs/iB+0Nr1l8EPgZoE/hr4baNIIZruBZLeNLThZ77WrqPALOoYpCzbmYgYbK18VnOdUcBQqKjWjCUIv2teT9yglZtXW8mlpGOqerbej+uyTIMTm1ekqtOpOnKpFUsPFNzrP3XytdIdW/hWl72sug8V/GPXdV1w/Bv9mzSm8ReJ9SnayvPE9pbF5ENwRHM1tKqssUERLE3BO0DJDdMfeP7PP7HXw4/Zq0af4yfH/wAUaXc+LY7f+0tT1bXjFJp2kTlTM9tF55/0q93ZQAb8tnAyADFaS/s6/wDBN74cyXfiK7sNV+I2oWjSJFGsM/ibW7xU3COBRul0/T2chQ7BQ685OSR+EP7U37ZXxX/af124n8SanNpHg+Cdzo/gvTZpEsLa3DHymvQhAubgrgyNKGUkNj5eD+Y0qGacU1ZRwk6+EypzbxGPqXVfG/DdU7tNU30StHXV30P1mriMo4Ow8IYmFDF5oqS+r4ChGLo4TSNnUdrSnfWU2uZtWikrH6Gftd/8FYr7WRq3w/8A2b4xoOhuJ7PUPiBcR7NQvE2mKQaHCVIt4WXcoYjJByrgjNfh/qniW/12+vdY1XVbnUNVvZmm1DUr+4kuL68lkc72kmlZnIJJby9xAy23257ULhoVMWFO1fkUH5UPGAAOe/IK5J4Ug8DDUyyMUVS2QG8tFLO7knAAGM5PHGScV+jZPw/l+VUFTw1FKVkqlVpuvVfu3c5Xb97+VaK+iPy/OuJMdnNeVTF1pOMG+SjFuNGmnb3YwvbS/wA7atWstW41EiQmN2fcu0E4A5OdxZh0HAB5OcdeTW34Z8Ia94suPKsLOdrWPMk90qMFVFA3EBhglQuMqQMHrivR/hv8H77Xp7fU9egktdPLJ5doVIluQxBXB4bHc5x1xnIIr7S0fRdM8P2F1bWUUVhbWNlOXEMahpD5bbIgOruB8vzFmyctkHn344dQpzqzi4xhG6X97ljourTWl91a1rHxWJxydSNKi/aVZzULJ35VJxVtG7tXsrq29k91+r3/AATE/wCCG0HxQsvh/wDtAfH3VLc/C/Wd+p6D4IsSDf8AiNbOUZTWLncfKtpWx+7Ta7IGHpj+yX4f/DXwN8K/DWm+FPAHhbSfDPh/TbKKGw0vTLWG0s7K3iRUHnlETzWwuWklZnYgkk5r82/2Xv2hPgx+zX+wZ+ztqfxL8TQWepT+Dm1PTvDEbLPrl69wiTRlLVG82KFht2yugjjyCcck/lb+0v8A8FavjN8ePEcnwf8A2Z/D2vC61pm0+10PwbHJqniO+WVjEkup39skkdjblTmR1ZGi5LHg1/JHEtTizjHPMdhqs5UsqwuKq04Nt08NTpQkoczafLKfLq5O7b0Vr2P6Z4ewORZDlWDxCjGOLr0ac5tpSrTm4xk1CLbktb2ta3RJq5+337W/7cnwH+Bvg7xd4Y1bxPYeIfF+qeGta09NB0q5S4aC6vrOa1Av7iNjHZpCZOUlK8BsYPDfxB+N/wBsD4la7pr/AAq+DuixaRa6fd6jDe6rokQm1K+e8upZJG+3KGWOIh9u4vgDODjJH9Af7PX/AARf+J3xctP+E/8A2zPHt94ettRtLrVI/hn4fvJLnXZmNu86xeIdYkdt4kb5pYkdSnzDOSSPwu1/TvCvwV+IHxL8HeF9Lgs9K8PePvEGlWb7BJfS6dY3TRQRtOQzt8ud2W4J5Oa+78O+GMipzxOEo4j+0MRTdOriJPWjzq6jypaSs+rTWieulvnOMc5xlOlRqwpyoU6nNGDlf2r26pPl2Tdtf8J89eGf2Zr/AF6ceJ/it4gla5uXW4k077Q1xeSmRt7CeV3YhjuGUTGCM7eGr3jxCPBXwr8JzWXhrS7KwuZ0SC0miEcl07cDdPKcyYI525yDuzxVOO98Q+LtTUWET2tpdtlDKCE4GQAxwBgfwrjBPIz157W/Cbb0h1SVL27+1SkiUuwJTOFjB4AB9uTgcmv2lfV8JGNOCikmoKNNWaei6WVrNPVW10Wuv5bTp4nHznUk3bdyqN3bsnpdra+r9ND5Omu7u51zVJ2OPNv1mkKsRmXIYliMMSTgEZIBI6dD3N3rd7qb6ba+a7sl3FGsUYOZMbQowDuJIA4ztIwegNeb3KTprviOI4j+z6iyBVADHY3GBt4wM4IOeB05z3PhTUbPS9Xg1TUEY29gqzhAm5hMVOxecg/NgdsAkblOK+zwkn9VpzU2uaKaTvezaaW2mq2v63PlcbGk8RKMtUm+ZvayaS0Vna60W2r2Z9C6b4QeZb281ucWUNvab9rOqMAYwRu5AXPGQehJ+Uklj5lNrWiafaahFYTRzkWt6krbgXdTkbiFPyqedpbBIGd3Y5Hizxd4h8cmW4tzJp+lQx7WhjkKmXkgG42kFiVAJU5HTAyeeatfDw0/TdZvZHEstzpU0iowdFVVUE7QPlyxIB4Bz8uRmuhRq1LTqNWXM2o7O/LZba7PmteKdtrnPCVCjeFFLmlKziujbjdN7WST8m+99ex8GXFtc+GbSO3YjeEeZWP3czuAAedxYEbgMD16Gui1yytxrTPlVjSK346sG2qQw29cYAyeeeh5z5f8Lr0SaKI5VZDGEjQgq20Gdzkk8kY569SSTzXp+pvEmpRTTOHVpYhJwSGVVTAG0Eg5Aw2D0bPXNesrSw1NRV+ZKzaVm7b+WnyWp81iKbjj5e9aN9bNpXupadLtav1SO80N7Sx0W3ltw39pTXM5lbcdqxFD3OAMqeFOM5zhq8x8EalPY/E6ykjUySfa9RdB1GShO4kHnJzyTuxwQR17OK4BtIkEiQoZHWFF3MzgknbgAjcx+XByTyT8pOO1+C3wL8eeKPHtpqp05dG0RLLULldU1VTBbFXViuZJdqpkAuzHOAQc7enx+d1qGFwmIqYicIvla5XJXs0krK+rs3bT8EfaZFhMTiZQp4elUbfLaSTS1dNXctLLR62tpvZo6PSNWuNR1G4l1BTbJbzOImQ7GbNweinDMWOcYBA7jG0n1vSfhn4n8a3Eb6JpMkgluVxdXLEQeXjmcGQqpKj5iSeBknPSrM/iz4CeAJ4NKs4dS+MHxJtJDbReEPAtnJqiSX5mwIry9iEkAAfAY5JAIxzk12GofBz9tr45aVNe6lfeHf2XPhfHbs1noyXcR8T6jbyHCxNDHtuoLl0bBAIAYnhdoNfhGOzeFOfNDkwlNyaVeveLadrOnTinVnddlbTfU/Vst4ehaLxLlXqK0nRo2fb46japxs+7vbS1jhPHFv8As9/AbztR+L/xAttX8ReQZR4Q8N3MV7dSyKOLe4EDyfZzuG07gMHd6k184eNv2u/iX8T9Z8Lab8CfAb/DrQFgfStL1T7IG1TU4EiIkmN26BMRwhnYx4K8ck16jrP7FfgD4X31r4mki1X4xa15Uh1TVPFF2Wto9SVPNMcMTOZ7gbhkE7k5Ocfw9hpV9puseIvhjpk+iWmjXWhW2tTNa2cEUFtbKYJQixrCqmTEeN28kADBJr0srp4THunias62Ns179ZOlSjs3yULt3a6zTdl0djLMcTPAueFw1Ohg5JJctJKpXesX71VN6t30h0W+p8j2vwAvfE9wniHx/wCJ9Q8X69c3U9ze2stzJO0bIzHy1WVpGbLDAVBg88DivavDnwolAS18PeF7q0MUsJZU0+Z7twzBQAVj3k5YAAgYPPJ5P2/+xjrHw18P/tb+FLr4gaVban4ERbl7p72If2VaXpjaRbm/Eg8t0jf5ii8EALjsf3T8V/t4/sZfCqDVr/R/AvhT4g69dTPp+mf8I14at1igu95jgJne2MSBW2szE4C5xgDB+c4o8Ssx4XzWlk+U8MV8x9pRjUjiKXNGlGUnbl5o03FJbtuSfS2zNcr4UjnOGWPxuaKknUcJU27yaSi+a85X620Wl+nT8W/hF+xN8bfiIbLStO8H3nh62uXtZWv/ABAg0/zrWRlXz0juAkjIAwkBBO7AGPT9j/hh/wAE3LX4HLonxD8V+JtQ1/xX4S0jxNqFhYWVs8ekgSaBfR7myCwWAOyiQsVY8jpXDeI/+Cg/wz0XULf4meIbSZvE1jptlB4Y8B+GdVsZLG4I2yi31O3XJWUOFQxhRjBXC9+68Q/8FeJ9Z8M3t9rnw48N+A9H1LQZtPv77xLrlpJeywXsLW8iWOmxN52+OGQqqhPmOFwTxX5bnvE/ibxLjcNGpSpZXlEmvb4anaVWS5lenObblLS691Ri2rNdH99k3C+T5dOM8PS9vXhZyr1mkkk0+aD1iu9rXTaSV7I/QH9gqa41X9l7wNdXBKs1/wCIyrO2MIt+wBySF24HVskqBzng+wePPjz8JvhlazSeJfFOlNdW0btPbw3cB8vaDk3MudkABJUs2VHPHc/zZ6//AMFCPin4i8O2fwu/Zg8Nanb+C9Pt5IYNW8t9I8PNLOSbyeW4lCXMhkdmcrbyjdgjByBXz2Pg38QviVrC618Z/iJ4g8WS3OGPhjRLq4stBg8xt5tbmdXWW6SMkhjLI4br06Zf2ViqUpyrYmGEpz1/nrSTs1ammlFpW+Jre6W9/taeEp4icXGlKtJSdlBctOK0tebS1Sa+FO99dEz9ePjr/wAFf/BuizXfh74R6bd+OPEGZIbfS/CUJuykoBCPeaoEktWiyQZBGwZRnJAIz+VHxZ8fftm/tWSIPH3jOb4beDr6WQL4U0i6e4uXspASRdLC3DlCC6y5XP3hxz794J+EWj+E7RLDRtD03QYAVKx2NrGbxiVPEl6ytKSw4YmTGcDbgHNH4l/Fr4P/AAH0W71fxx4s0mw1CG1uDFo0U8d3rdzL5bhYxboxmQszDnHyjrjrXTl2GpRxFOOEw1bG1+eKjWqxdRxfNHVU1+7i3umvOzuejVwNHDUZVMZWo4am4O8YSUHK6TtKeknra/vW3Wh+QOr/ALKfw9vI9UW+utd1W703WrmymvTOYEleNl2gxoVUANyQMYzg4K5D7D9mn4ZaWqqfDtrPOTHtmvZmnZs8nzM5OO5HY59MN5Zr37fHgfSptZjsfD2rX8t5rOo6hbRu6R27RXMpaEyblDeYyjlSTjkCvAPEf7f3iB55TofhOytN2VjF3IZWVQD8/wApyOMEYwMYwcCv624dhGnl2FjVio1VQp86kru/LG6dttXZLpbTY/lPiCVKeaYuVJ80HXm4OMrrkUlZu19Gtnvpfax+j2n/AAt8HaMuyLRNGiLBSGhsonJA6qJHUk44zkEknPGOOyWx8NWFqv2OOC1C4TJEEJjx8pfgLgNntx3wOAfxJ1/9tj4t6luNtqdrpy5IEdpGzFQwYcMQTwB82c89cDivGdd/aD+JOsM5vPFersJAEZYp2iTJ5H3WXoCpJxxwTg17y5YqSS6px0Ts9L3va8d9LXtZeR4cmmr3k7pLfmb1Wt1bRWfdvrs7/v1e+JfDOj28ks+t6RaOjMfMnv4juCnJyu4ENg8Db7c4ryzWfj18JNFlaW88YadcSKgJ+zzLKgJY5AWI8nOQuQe3Jr8Db3x5r96HN3rGoXJbcT5t5Ow5P90uVPA5HIIrmLnXHOd9w5JHIBdsMPUnJxxyOg4zxjI8TyxSUU5Ky963wq2jvu0/Ta3VsyUrtKztdWva+vXVpN31vtou+n7d+JP20/hdYB4Iry61MIuFW3iMaSor/dJ2g544OcBckkLivFPEf7fXh+31m8vdC8OzyJLpcFjbi7l4VkkJLFDjKkttyARjJJGMV+SNxqhk3M0rsVKgcMMAZxj2OfUYwT3rKn1CV516OoQbT82R3yfmHQjgjHTdnJxXPLFzumk0tHbXS6V9XdpWSWtvS1mCcdm1e6er1t7uuy0XfVO19dT9GfEP7dXi6+LHSNF0yzkycvIC+QdwxkH+HGM9Tng8mvKNd/a8+LOphtmux2QI+VrZVXYmDgA4zjPBGAMc9Ovx4RcSIfkYZO4AGQAD72c7hg/3cDB7YwtRCyumBDLkuSQxYrtyTjggZ46Zx165wKmVetO26d4q1mr6pbpdt29VvqPmk99FdK1t99b2Xe3XS/Wx7fqvx1+IOqeadQ8Xas29juEd20aN3wVRuF9lGSCSNpyK4G98Z6zfFvtWrX85lO7MtzPIx5zgqzHgjGT7kHkAnmP7LutnKohCjBPzZyc5yPunnIzx065wLw0UrEXknBIjVvlA69lIxwcfjznIOKhzrSSu9V05m7ax630drPptr0DXrZPsn3el/JvTS732V715dXdg37yVmyAxYEhiMdiuBnAHJJGCODwMxryWRXyCoydrANzksQBjocHjkdeSOldrpPhi2vFWSeVsFgQgAXKkEkkk8MGAzu+8xyOhxtSeGNMg3mOMsQuR5pIJYnovUk5BIOSMY4J4pxwtapFTb0urJSvq+XZu3notu+pjKpGLs5K7smrXeiVt11dnt530PLFkuPmKbiWAB+Ukg5OSAf4u2TxgDAzzWjDZ39xsCW7s2M5RGGMkfxdBznjtnp0rrIYrW0uoF8pAjykbGHzEk4UDgAjpkbiBg8feB9bUWKwqWhihLW3AjCDnb7g/MDkE/lyMHehl/NHmcne+muiVk9d3/Ts0tCamJjBxUrLmslfRXTXl363trfSzZ8z3lnexzGKSGSN3zhQTkgEDIAJJ3ED1HzEADtrWvhnWLsRiOKRd6B/nJxjGT/MnGcD5TgDArrNTSN9dt1CDbt4ySeCchvTkHJGePQYJr0mwmhto3PBIjUKwAI9CMHncPQ8c4JOQR6WX5XDEOblzWg0k03ptfzbe23Xre68jMc4+pxg0ozc0mr9LWb0X39bpLtr5JYfD/WL75SzRgNsyAxB9SCcHKt0wePTpXW2nwjePaL66LsuBsTIYhuOexyOMkBcnjivU7XVoYrZAMBtoBOMZYnjIGM4B5HT0wM1ONaUFiXBYsu1hg49u/H6dK+owmQYBRi5QcpaN8zWnwu9tpdNrK1+mj+Or8V5hKc1BKMFtKKfTlvr+b722ONg+GejWQZ5YWnzuwWcNtx8uDjIPY8ZOMc5NdBZ+DtEithssYFnyCrumRtIJyTz0PYDHOcFav3l84aNiTtdiOcgZI4I7lskjnGSOvrU/tCQqYy7BI3UgjI5yeQBz36MenIGQK9ynl2X0UlGjBNpO7in/AC7Pp327PXr4ks3zPFwnKWIqQUb2jeWqbja1tlZPre3kXorGwsoSDHGAAy/u1QBirHkjBwTgkcnGCccgDEu9StQwijjjfaj4LDOGYAdumAOPTAz8wpl5JI6TMXHC5jwSxDNgZIU53HsM/hk5rkVjumM6wiSaUsowI3kB/LOepz6Z6dK4MyhScfY04Rgmr6abW8r2Xpv1Tu335Iq8pvEVak6kk7crbd1eO738ureg29nhWLcMqx3AsNpzz1IGT0PHJHXjqK881+YGS1HljI3HPJLAnHO3geuRjGSDjrXajwz4nvpWFrpWoTtuYqEt5tjZ6Ip2kDJHVj6AnJ4a/wAIviPfy2hXwzfKZm+RZt0Rxk5JVwOPXHYc8/M3xtek0uWDu+ZJbK+2q+7a9tWfeYV1nNSako8tnotnZbO7T1XVeupl6ROiLGxchljUleeV4wBkcHoB7npgCto6iFlZm3fMA3QnAXBy2BjsB6kdAMceueGv2Z/Hl8UTUJdP0yMxEq8842ow7ZLdVBA56YO3OSB3MH7Nml2jyLrvjnTLaUL+8CzIN3H+06gg8cngYIx1z7dCdOnho+/Hmjo11b00tfovvPJxWAr4ivK9OfK9IytZapK2773/AD1PnT+30iVREyqFLODnaCVXOB/eOAehI7ADFQN4plkAIIcgFsHIXPQdcgnjHQ8Dn0r6h/4VV8BNGgX+2PHkd1cxth4VnibefQBTkjknqc57nlWnXP2YPDbqiWbau6oVPySSRvIMHO4A8kg5yQoJ+7xiieYVYxupRVkndWStor3301Wq2fcMPkVNK84RTurqTXxK3W2/d3vsfKo1rUbsgRpLKG+bZFG7dCQuCoOcnA9OpNdPpOjeLNSiX7Po2pXAdiIn+yyBckZAyeCAeTnAILFjgYPvJ/aJ+FmhxNB4Z+HNrI6MVWWa2jKsCxCth0LHAxyTzzkKcCsq9/a48RG3NnovhPStPiDlkY28YdeGww2R5wPlwQMHp1HMLMp2T5pTvo7a6q19FfZ300X66VMnoSg17kY+ST6x00sk+ibtrqtNTjLD4P8AxL1Io8Gg3cLTfJulDRYzn1xjGT83TjGRya6+0/Zt+Jdw5WV7Gy4+dprtFwOCQzeYuAexIxjk8HI4i+/aG+LmoPJ5WpfY1cgKsCFfKDZ3Fc4JGCQT6fd6DPFX3jP4h6vIxv8AxdqWJmBYLcPH/D0BRgDndg8dsY7geOrzi1CM+du9ldaWWn/B1e/YKGX4Knb2kotJK6tqtFpto9rO70d7H0PZ/sva7LLDBqHjXw/FcSsx8iC8ilu3CIWYCJHLHCgqCo4PByOawY/hX8I/DN7fHxb48xewTGOawtgN27PBYKCWUjK5PIyM5PNeZ+E7vxn4Ru/+Ev0fW2/tWyjkWJ7x2utqSRkM7xTtKmSjE4wT1POM15/f3114n1681LWZxdX99KZrqcooEkruSWwq4VcE4xnkKAcZNeVUnjZYqCdP2eicJSd3ze7Zu9tLXeluh7tP+zKOEvTk6kua0oJLkUbRdm76tddFdWs9T6kl8Vfs76HvW1tNQ1iWJdscih1VpFwDksOcso6nHUDpWPL8fvDunuy6J4AtpUVQsUl2Bu3jGGZRwSeO3X1HFeJQ6NZrHvzDhdwU8jDDBzgkdWyBwp44z1qwsOnx78qpdSG3k7hnHPy9QevQfljbXpU8Ni5Ne0rvlelnr0VtE1qrWXRaJ7niVs2wtJctChG6ltyrpZ3drq+jW217HuVr+058S1EkOkabo2kW0kJwUs1JjXGMBmThmz68k9O9ed638aPitqTTJeeKLy3gcg+RbfIvIP3dpG3kY5wSvBOMZwbe+hC7hHlgNhztUsD90nGQAAMkY3E7uTuOI2t7W4Zv9HeZ3GVIB25HJPrxnjnv9MdMcrVVxam5WSS5Y9rN6JfKy6o82Wf1YyvywhBrZKKfS99Ojs90vldmHc654nv5Va98QapNG2Subub7w6koW4wMLg45BJ6DNmPTVucPPcXcu7bgSzSOxBx8xyx6Zx13c44wCu89mbVCpsFKHbh5AMg9cdAAzDrnb34znM0morDFJcG3IWNdoLYxvKlQAcEbcZyOCxBGea7I5XRpR/hybVm3JvXs2r2SW/fXqtDmee160nCnJK8lG19bprVNNWS30Tv6XavQWWifYlD2kZnRjueVt+7AX7xIIJOOmBtzgj79ZJSDdi3jht0BOAFjJOe6kAD0IHB6YwRXHXPim4kYKluFVWZgoHXJOC2eNuO/BJxknIxnS67fBmwyqCwOFBOCeThsEgjGe/tXBKVGmnH2WiaVuSPl2s117JWvbU0dLH4hKcqrs7XvJt9Ol9tX1VvM7eWfBmiXcRNDlgxAUFWTnjGcqByeDnOTgkf0KfAPyrj4O+AvLg+VvDdqWkZsAKgOApz8wyMAberAjAGK/nA0S8uL3VI7edhKHiYfe4Xo5IxzkAAAdgK/VbwT8YfjD4D8F6HFoMen6v4attCj+xWdyhN1HtBz5aqNzBSPuk4A5IB5PXl0I1cTJJKzgk0+mqe6srPl3vppvsPG03h8BBVprmdXTmelmo9dtb7+fqn+kurXqgiKJmAkG10C7tjLnbub8c4z6ZArjYbqe4uXW53MF3JGR8q8AjBJAz93gDOMnJ618S+Ff2tvFeqO8Xi7w9aW9rLdIlzd6flLmBd4B2xONzEAkhRnGfSvsrTNX0zXtLt73S2vGt5yrRyXcLWxOVDMMyAZyMYx1JzjgmvccoYdUm9JN8sU7J7q75bp7dbW10u3r83KhOo5SupU0k7x1jro1fpq9rXV2upcl8t2LB1MiAqQzElRjJYAHbjGMHrjPPrgXB827T5EaNUyGyecHqeMcNk5/pV25WRd0sCgKBs3Ft7ZYkMQOSc/U/eOD0qjDEzh5jGPkPljBIznOcg7c9CTxx04HX1MK+WMZW6KWu26dk35W7279/EqcrlJK266Puns+j01+d9yAxnaYlK5ZxhivKLwAuemCDgnPAxjOaaLd1D4RmyVQR7QdzrzuPAKnBySSAOOccGaFmKFjtIWQk4wGPzcDnB2k+vJOSOtW4w8QaTBxuIcA7mIYcBm9Rkcjr0I/hOyqP4rJOzWiS3UXoru7Su1pZpXlsjk5YbWvfXVbaRlvrbpu1tdXVjLNkyguqDYwDPtYh8ZJ25IO0jkgkgcdCCAARttCszBW68jgA/KMsOVPRvT8BjRnYum4Myxoi7QAAXyzDBxndkngN6kdBioVie4xIykqvyhRw7DuGGAcccnHY46hqXtJR1c/vu19nVX7pPRb22tuU4u3upy97ltaztbTfW72s9uvU5nxDGg0PWFO0qNJ1HaVPzKPs7cFuS3bIzycgDjNfHn7EyltT+JADcLqDkf3iTcEAA9MDAyMgYHHOK+yPEY36JrYKKFj0fUtpIIyotpACuByecE9AByetfIP7DcZk1D4llSC5v32MwyQPtLNkAAnG0Mcfm2eD5dWo6mPwkrpxUKu7/uxveye/S9+q0R7mEV8sx8eW1/ZJWXROLs/Lo9Hvrc/SmCVhCkRXd8gRmYKQnGQc9eSM8nnAHOcVy91NKZ/L+ZXLSKyBhkgBgCBjhcEAHrnk101r5iwyqASzKCSy5GVDEkAjJXsFXoeM8V5nLOzapOzyFHE7AcnKqobPHJIIGQOOOB/Dn0sJSjiKtXVr2a5lZ7u+r377q2lmtrnh4iapQoprWc0mlps48t/NKztvrZqxuQ6a5dG8wYkJYxocsWJ4GG6ZHPAOeppX02YOuWjMSEl0DYZRuyAxI2nk46jPtgCs1b+YHf5jjyiFXCgNtzjIJAyefl46bcZGKtf2lBKkqyu8nQK6Y4J7EjndxyCeQencVOnWT0Wib8/dtB6N3b2uraroaxlRtCy1vu5bp8u903Z2u0tb+ty/Fp4MoUMBukG5vvEKRxuIIHsMHg/MDgA1sppKYb5gBzkDILLxhgeq9B1GdvJzWFb6lHAQqoY1lAZVOGLNyVAJz8vUEDpnGOBmx/a74kVGPmMWUqTgKG7d/mAPzYOCemCcDnftW7dmrtafyttt+SV7q2vS5rKrh48sbXlbRddHFJq+11e7tvdNE8tmkbGN3YFQVXB+UAtxkqQT1PY7hgZ7CJkSAurZXKqhIYYdgoI+XnO7ngZVTjcB0rL+3upcFifLYMRt3Ftuf4iDydx9hk4I61E90HMn7wmSP95uCnBPBC4wADtP45yOcgddOD5W21um43StLzblezfpZdjndanJtxja+97tvr37t9tV2Wt8PGpU7wu6UIOSXUK2ArbuuRzyAf4Rg5r4j8X7Jv2z/CIjLEiysw3B+8Y2OQO5wAfUZPevsdLhZJ4mGNpkjMhk67i2NuBwNx6EAD1BPX468QTJ/w2z4SbaAotbLoAeTA+doPGeSP4cEZz3rkxd1LBNbvHUEvlKP46+fdnpZZ78cw6pZfiG1dK3uLVXV7p3V1ulou39Pf7J/7Qnwa+Bv7LPwtb423l1ZWGqXV7YaZqENrLdRtdOxBR4oUMikcEnPGTx2r7Z8N/H39jzx+sNp4Y+IHhfWL2YxqNNvtQ/su8DSH7jx3UiNuAONrKCfckmv5Evin+0jq938H/hz8K59FuZoPB2r3esN4jhffJMlw6FlERzGrLjuMfXrXA/D79oDwhpE+qW1vLbNf36MWvdZtxBc28xIO+K6t1Ux7W5yhByOCOlf5+5j4KYvEZnmGa4qtmGDxWMzDE1rUpKdJ0pVL05KK7x1aTvqlZNH9WYfPsueCw9GjKlUlGhSjOUrKXOow50n/ADJp22tdXe1/rf8A4Kx6RpNh+2bqEmi2vkWN34b0aexRZ/tELQuSVkhlVmVozjKEd8cBSK+xP+CS1jDqHhH40aTf2el31qL/AEidrXU7KC8iYyylWOydXC7gMNx0P5fi58ZPH8XjLxpoerrrE+syQaFaWtxfz3z3wgkiYlLe3nld38iMYVEZvlz0ABr9sf8AgkFd282nfGoNBdSSP/YMnmxxNLEoMj53OgKr2JyeTjqPlP6rioVch4MpYZ4mrGrgcPRous7wlPkdNOTs7pvTZt3a3dj5erTeMxVaEYKaqNyUd1undb7rVL5o+7vHv7HnwM8dtPNeeBLTR724zI2p+HGe1bzGzukW1UrBwWPAXblcZPJP4g/8FMP2QdD+BPgXwh4g8OeJL3V7LXvEctqum6nbol7ZeQqP5nmxqFkVt21QAW4xyp+X+muMxHd5F5tJcrslUbVO1ezY29s4A+UD5jk5/GP/AILPiW6+EnwwfdE4h8X3cZaFgQAIV5bqwOc5yeMAnqBXyvDXGmY4jH0MveNlWo15csozlztxik3y310evbRa7GH9kexrRqSpOm4p2VrRTstXpo1fSy/I/L79ki0RNLv4njmmkuLS9sfKghaZ2Cx7v9WA24DIPABOcjkZr23UdK+yyRwwy29uGUxuk3nQTxYJUq8bbQCPusAeSMZHd/8AwS/hhb44eA7DUVjuLO58TzRy28kaTxyxvGgZZImDK6H+IMMbcZOen9bPiD9ib4QfE6KS98R+A/C94lxJM6vb26aZcRwxkndmzWPL46bs84PHIH2Wb8e5RwtiKeEzPB1K6xUI1VVhZunZqDi4PWza7pq9nczxGUYrHyp1MNUVOVNKKUr2ltq9PeW+rvZ22Vz+NP4oeGtTHhfW/tYW/wBPbSbgo0MzyNEI4ywyWb5VyGLFscjsBXzL+ycqv4v+ylAF+1W1rsYZBWS5U4IIOQMnjuBgck1/U3+2n/wTY+FHgH4E/FH4j+Etb17w4uh6NdfY9KWSO80ua4MTn7PM8xaZVY8IQc59ckV/LV+yvHJH8QZLWKRTINVtyrSgg7orkBs+ihge5GORkgZ9PLeKMi4mw86+SuSpUk4YiE48soSsvdt20k1a+nXc3p5fjcHC2Kknzzai1q0rRSV3um7cr8z9fW+OF/4cl1XTtQ8Mafr9paeTYxtGjpdQxRAKPmZSCQq46Y4wec54b4q+OPhj4o0eCfSdPvfDc0tsp1Gyv7dJLe7vGB3JC8SAIATvy5BUjgAHj7D8WfsD/tBQabY+JLHwrp3i3TfFOnwa3FJoepwR3EVrdJ50ayQSOGklEbfNtXORxnPPxh8XPgn438D6eq6/4R8R6Pb2243B1PTLr7KHAK4F2YvJ44III65GSefCwn+rmOxEp4XM6LxFGpKMqVKvHmhVjNRalTct9rxsvW2p5LqZnh6nJLC1Z03Usp8ujTlHW7TTTi9Vd6L5n5H+F0gXxd4zuFDeRHeXrRJtI+VJztwpGCAchSMLyDx1P63Wf7A/xG+J/wAONI8YaZf6NrFnrnhax1JLC7iEN/b27RKEgguJSoMmcYUEYwB1wK/KHwvEh8R+O0UDEdxeIMY6Cc/KBkAjnGSBzxzmv6PfBHxT8Q+CfhP8KksNGXUtL/4Qqx+2oZpEYbIYwMHhQMKD8vy4OCQMgc3GubZ1lmBws8kmpVvbKM5Ss4ypuMeZPm2vp1Vk7K1nf6jLadCoprEx922lnblk+W716JJ/8Bq5+Lvjv9gL4ueFrCW+PhDXoo1DJm2iXU0aPJyVFqsjgkZIwQQcYOMV8O6H4O1Hw98TZdG1K0vrOew82OaC9t3tpoSiFFEkbBWXJKkEgNnPrX9V0f7XOiBLKLUNA1fT7JNr3EkW25jRh97KnduTnJB98+g/B/48azY+Kv2iviR4j00b4Jh9qsx5CxMyOQxLIqrtyM5GPvY54Yjy+EOLM/xmJlTznBxp06dL2kKsOZc8oyh7qeq1vpbbfTZdWIweFUE6EmrW0km7JcqvZOybb0td212bZ558Tfs02l+GbcTSxXFvaxLOCAqiKRThxuXDYJJUZ5+oxXzD4xs33SW0cDXQcxmOUxAD5VY8YX7p/iJPoAeu3+iHw58JPAHjr4Y+ADrvhfQb+4fQtOluDJGlpeS5h+ZmnUK7scn+I4zxXj/xG/Ym+FviG1lfwdHqvhvUosMBEy31irbSWRg3mMsYIz8vIGd4I4r6mPinklevUweKo18PVp1FR9o4KUJcrULtR2+avrfc5FkWMilVpVIyhNc3Km7yTs7JbPTXdtat+X4HeFbeNvEWiq9ssUaXU0bbsKMkE7cHBIB6f7wBPAx+p+mw3Vx8INMsLKPzJpLG+QbHUSR7iQACTyTyoA6EZ44z8N+NPA174J+Io0S6tQ/2DxDPYLexqEjn2FsypjJVeMlT67h7faU9n4ytPhv4Yn0GzlkWKd9zWmGuCu7LDy+rDgYDdNpI9T9vRrU8TRjiKFpwlGE4vRXi+Wzvqldd9H95xVaVSKlTlpOPutXtZ3Sae2iWq3v0e6fwp4t8GeObBp/tOlXE8KMxL/Z2Z0T5yC+0Z3AE5PHOOvGeD8Fxsmu6arL5czalEh4YEsHwdwHAwMA9Txx3A+yfFPiTxLCkraha3UBlt5Fk+228sZGVIIyqBM4ZirckdOO/y14ett/ie0dIwPM1mJ2C843SbiQepGG6Z64OcYBMXUTjD3VdtW3vaytd38lvp17meDjNKXNrZvlvrdKzut2t3vf13PWPinq8Gi+KPs15px1CCfTLSVl3EbGKgF1AP3yM4PrjHUY4691PwrrNrZpa3F1ol2iiJGKvEY12/Mhmg2uVk+bcCQcgnnIx2fx0tVm8YR4ZRt0q0BHzDBCDjHU5GcZ5DA59a8La3fBYrvwwABO0AZ28Z6rzyQc988rjwMRhaNarUcouLb6dEuW+j912va3Vtu9rp/V4LEyhQjBax5I9LWsoatp9Ou+7VtLnsXguGK31yG3/ALQ+2xvaPEZxcGZURSH8sb3d1IIz8x+8cHoBX2Br3iLTo/D+habqeoW9nHfWCiD7RGfNBgyIyrBeI2OQ38BBIPXNfAnw/ijj8Q8u0ZNrKSAWIVjt5wCAQDgDBGOO5GfpT4uQtb6N4GuCXlLaOUO4Z65wTkZJxjOeenqAOfFYSNTC+yTajGW6duXSKVltvrtu0FKry4uE2k3Lm0dnpaKt083ez1t8uR1vTH/te5u7GOzuJnCFTaOjQybhhXCc7WGRvZeQepOa6v4epeWniayhvbI200zw4JiK/Nv4285w3qcDkkdSD4DLeXdiRNA0yOSuJElcYy2cKAecdCOc+hAwfYfAPiTWJ/ENkb+Zpvs8MM0TSbCy7CWGSRyCASTnrg9Tg+P9Xn70dHeNo6Wb1Ss7XSaSs9tXZ+8rnpYyolhnbTW7S+FappXaWzaulotrJWP7Rv8AgmH+1f4w+G3wC/4RDQfhVd+NLDS9cafVNfs9XtLGe2kkhUQ2/wBmuGQy7jhVIGScEkEAL9z/ABe/4KV+Kvhp4K1Dxz4m+BvxU8PabpUU00clxaWt/p1/5SltnnxQFUScDEcjEkH5hzwf46Ph7+3V41/Z61YabYaYmseGNTgiutR0yG7ltpJLoYMdwjxMv71OoB4znIA6/sr8IP8Agsb8Cfih4X8L+CPjb4g1fw3p1jKUudN13T49Rs5wsbGOK63K0E9vn5f3wOACMc1/NnF9LjXJ81xqpZXXxuRVJylhXlyhUnFT5HKnWXLKrSi25ycoRd21d6u32eTZfkWY4TC16kqMsZFR9uq9erSl7qUYuna9OfKkm4vR3erW/wCemp/tDaL+0P8AtI/FL40nRr/w/a+L4pdUXRmASXTxBHsZSyYRZmKFzjkZGANwx/RR8I/+CtX7HelfDjwLofi218QaJf8Ah3RdJ0O+vdV0Sa9guJ7K1igYxu0EiSwu6eYvPrnoM/ym6P8AFXQNY/aG+JFz4NbTL/wv4h8caimipaW8drbtpN1cSBPKgVVWOIwkFVUAKpOFHNf1DfsQW3wF8YfAjS/AvxY8BeF9S8Qavr13Z2c9/oVnIHsgfLiZdRMJkQpHgGQMSnUjIAPfxRi/7Oy3IqlWlPCxqqjScq6dsNz06c1GfPSmr86s2kpJrV7oxrYfDVZ4+0K2IhRbnCGGm4VGk0m017srL3t3q15M+LP+Cov7S37KX7QPw4sE+Dmp+GLzxBL4iOq6ktt4fi0XUVsFsggaW4EMYuQ0oIWMsxRyGXJ5r8zvhdonn/Dj4tSRR7MaBpbwsoJZRFarNu4YFiFAxgYzt9Rj9SP+Crf7HH7Lvwm8P6X4h+Gfhyy8N6/Y6RcaneRaTqU9xaaj9ok8lVeGWRhEyyYZAoVMZwASK+DP2XvCM/jPwx8TtBtJpF+16L4dV3lxmGK7hhtpcYO3AU43DH8JAwBXBgsxwyybHVoVHP2WLftpXioqrGpTlanypRdO+uy9N7Q6TnDBexU4UqlNcntnaslKUedSV+j5kld3Svoro7/9kH9mu3+JR0P4k3kPn6D4U8XaFa39vIXE99cXdoJQQWOPJRss2OhXrmvhv9vzS7PRf2y/G2m6enk2kN5psaRKxIRGhAxgYXbnOMccY6nFf0FfsHeFYdC+DfxK0lMyy6H4vt4BlfkLaZObRZV4wWO3G704bAFfz6/8FApWuP20/HIYjzH1LRcY2seYwSSRkYIBA4z3LAivnOFeIKubcZZnBybo4fB1I0bfBFJ0rqLasnreTSTu3529KWHjRpUFf3lOEW2kru6aV22ndJO+7V7aNnrfwjglTxR4QjKCMC90djz1BvLbgj/eGOmOehziv7v/AAAobwF4H3Mcjwvohz0AxYxnH+7nkZ547Y5/hU+GcJXxn4TjwzYv9FOeflH2y3O3BwMZOScHngAngf3ZeAh/xQXgtSRtHhfROnJytpGOMHHJwMHPAPHykV93lT9rXxzd2lGlo2tbzfW7ttp2d762O7jWPJg8nfK7e0qx1dtoU3p1TT6rd73TudSqMQ3JGACOPXP8J5JxjcBx6jg09V/iP3Seu3HTC5I4yw5yMDkgcU5NrYyQCMjORjGB0yV+XA5z1PJJJzViMjB3KSMdcjHzHnOePwH3RnkYNevGhCW91rq9X2u+q80nfd6I/PJzadrWWj3d3dRb12abXb1XQjGzJD5IGNoPG3k5P5c/dzz3J4cqqw5HQcDIGDx64OT0YDjqRz0shFYfdGcZAyR16jPcY579qfsQgAjHUA5xnA5we4yeuGPTpnFafVY30i2rdZWe2m767bWVmjjdRL7Uk3ZXV7WVlpvulfTrpfduqsIOeVIOSFBAwfmPc5yP4ieM+uchPJRmCfxY6+vrj6Z5HUYHGAWqyUxwVA6gYxk9sk8gAdc9Mck+gVIxgYxzk8gt68Y5x6HHXPODVQwmi9yN9erdrKPR321ta99HruN1uVRaaktFp3XLdu+vTrotOl0VDbluikBj0yAQOB1wSBwWJ+uMcioTbszblHygkdMn5TwpJ5yQR8w6jk4yDWiydyPu9CeAue4DEZJPbnHYc5C7cnCkdATgAbj3x6joA3U+o6GZ4RSabjZJL7Otkk22ut9L821rsFWUd3p6tKy5et/Na3T13ttSNuQxwvAIOWP3upxgnoeM+uO2aRo2yMIWZuxPGDxnjGTgDPfB6emksfON3y/w5+XAHXJ65OO/PTHanMoLAjJ4GcnLHnv06nnaF6DjmojgU7Ll1tbWKdlptdrp2SSfVD9s9Pedt1bW97b6q+/4aXRkNbhgpbaGJ655yevsMjAzxk5I4AqL7MVZhleAAP4TnkjknqAflxkHnGcnO0UUdV4bjkZyvP3eOASMEc4wfmAyTC0YwCSMnpnLMBzjjBAGTnrnknquK1WXLtp7rel23po9ujSWrta/kksQ4v43eNl5K1nbW/Z21e6sZoiYALtwDkgLnjAOQMknjvzj0PIp4ViFGCMkAA9jjHJHuOemRyCQcDQEQ2jgg57AkHJz09Oh5Izt9MAyeQCg2j5skkkH7uDzgfd6Zx9QOlZSwLi/dinpa605U+W11bVq1tmnbbQr637qi7dLPVOTurXtt2fMruze12UFwAQc4wQRye5OcnPAOFOCe3JzS+bg5PQADA5+6enQ5zwc9KnaFSF5x1YrkYye/AweQeF98hqYIupOBxkDrg9Cev48cA4zgDjJUKkUlyySe2ybd110fk7vvs7i9rF6vV7XVns4re68r9XtqKJTz0AzjBxnOCCPfJbg47rgnBppbdjgELjnk5P3c8dOCec4xg5JOKQxjcQuMHB6/eHU45IGCOnOehz0aYAoW4yfTHBwMEEdG/Ig8NjBAokpxaVnzaaW2sop6avZpXs/wIdpK1207NXt1t1T2672suoiDAySOSdxHowYDOQONpwO59OM1NxzxxwFwfugcEtgH73Udc/QAVHkMCCo2Nz+OMZA5PGPunvg4yoqMsQMAkL6gAEnI6k8kDOAAxPHbvrTqTd3Zarqn3jd7X927vrs79xezbfu6aR11slaPy130XvXV3veyMDJZmIxt2jgH+6cZOc+vHBIOQAakBy+4nBAAwOwGByMEcZPzd8AZOTVQOAWIBJzgHk4zjDfL97GOMgYJwMVMg2nJYsMkZOMc5JHH3QDwOfQck5ropVZRs+Wzbad2raOPd31utdu19LTKLVlKyslfq7+630vazWv5o0I3xkkgYzzjHscdOw6gDJ+ZcdpwwI52lTyRzknJbd/30c4HIwcL3NAN0zg5Oecjpg5Iy3vhcD0OeCLKEFeD1weAOO2ee3B9vQdK9TD1VJRs7PZx2u3ZO133Wi9Hru+SSW217O1tlp16WfbW+ltCdUOeAo252k5J9OeehwTuOcA8DGRUwQAJggjOGwc44OMZz1zkN3AIPzZqBWKg7R6kDAJ5OTzx09fbiplYMQAvJBwCQRwOmcnjoAwx36ivRo1PdtJ63Vk9FfRddE7Ws/7zsZ6q1tV579F167vb7nqSBQTu/h54bOMY5HUYwTnPJPIA4zTSNvQqMj0zwwBz3GM8dySw54OXAkryRjJyMEA8YHPJHBPGcHoBzSA9VODtzjPr14zwepIByPTmuuE2tbuzau+70v1vd+i03BJPVrzjotFaPb8nbbdpWGNkHIPzYwTkjbnOeOMnAyMDjGM0uQysrZycnH97dkckd+55/E9KTH3iFDYUEMexOMZDHHOcdz3UZySuMKTjjI+UdFXBBA5BIHOM89smtVNWXR2W61teN9ej301bsS4q22nd23dr76eqtboeOftCD/ixvxcUgkL4A8RZHPT7BMB1xnr2yeenNfwo6OuLOZjt2NcagArlSci9m+709COxO7PHFf3V/tDso+BfxdbHA+H/iFuAT92xlHUDqfpk9u9fwpWep6Jptiv9qajb2Qa5vpY423O8pW8nLbQM4+UgkDkcZAGBXh0Kqhxllblp/wn4lXe38eDTstdtXa/XW+h9plcXPgzPYxi5v8AtPBLTVtfV/W+z2WnS3fFZkuotRUysc36CMFgNxXAweOORg56nPGRXg2rXePFUCSxyLDC7M5iHVQ5yM4IzzwAMZbsQa9fXxZ4LgMhl1ldx1GWUILd3LKwGDld3CHOc/NnrxgnxfxD4l8Ox63a6n/aLNbx3EnmkWcwEkYclOQpB9yT0LbsnBH6vRr0mpr2sEmne+9lrZvorvo9lbU+Iq0K94uVGatJfYeqbTaaaXlrror9j618Baza3Xjzws1uk80VvsSQvH5bIRCr5DsoZlwATkn5uhzXd2Jnj+KWo3ccshikvp1LLhjGrKTknHysR6cjB9K8++HfijQdR8X+G0s7ji8tzcPssZVKL9nChc7ACNoDMQcZ+Yk9RpWvi2wtPH2sASXjwHU50TZZynfhCoYHaRhcgEgZ2k5ycEqhXoOlrOKak00k7trl95JXfa6100dndmGIo1FW5PZy1irO1lD3ldauyXl8SXrcuftQalJf/CfxPBbXIlgW0iim3KchTJ0HAOMYBPAyACeVY/hb+zHaLJ+0PoUElwYEi1fU4t6ld6BoJANo5IJHQrwSeAFGa/ZD45+JbXUvhx4p0hbPVCbuC7lheLTLp2YQo0qbSin5FcAs3RQpJIBBH4sfAi9bRv2gdKnNnfXksdzPdTWlrbvLd+ZLC23ZGFYs4+8VIyoJ3YNaSqRqxqOE1UfI42eyulp/weuqtoa4WjOjGKnCUFz871bV2oryulbTVu/Zn7B/tDadb6H8H/FiC9ubt7jTTLH5rkgDzgQu0sSSw6c8jdjGOfzi/Ytv0tP2vfDVyZmiC6V5iN97B+xvj5T16joSev1r61/aA+JN1q/wn8Tm40nxBbuLVbYC60yaOGFPPAG6bykAcpwq5znOTuyR8CfsyeJptH/aW8N6pYaDqGsXI0xRBp1soiuJWFsQSN2FCjBPOAeSeBWnJGdOlScVFyioWS3cmktFfd2fVtO/VjouVOnXdpSUJzldvW3Km7O9krpde+nU/YT9urxFcX/gLwzDNqcUsK+Kt6wIAGVvsboCQeS3I3AYwSfevzj/AGCobJvit8TJZmfIWcr87ITm5JOCu3d8w5zwSF9OPqL9qvxVrXiPwPpst/4G13R4bPxFFcPeXjW7RhpIzH5QSHaTtz1OR09xXxD+yh4g8QeH/iT49k8NeH49YnnSWOWO4kEflJ54ctkksDv4xgNhjzmu2OGVKnSoT95ub0d3e9tndLTZrZKz6HJCvKcXVjeL5H1V9Jxb129bvXRo/QL9quKI+AdNZVlZl8RoVLSF+trJtHJYA4zzjJ6jGcDxT/gmjLaweIvieb65NskeswyZOADzIx65+6ASTnJOcY7P/aE8c+PtR8FaemseELfT7WHXoJHuI7kOxcxlEg2AjIcNnIOAAOmePI/2O/EnjTw/4w+IVh4a0Gxv7nVruOS7guDlYUPJZM7sE52sc5JYAccjOGHjDFxp8iipNKNtG2+X3/d1112afNfsdFRutlzm5fA7tuSadpQ0ck9LPRK8fiu72Ps//go94hsbrR/hKmnuLlE1LUk37Mg5DfLkjhsAnj7p+mK86/4J9i0n8B+M0nhcMPEMhjXcEG7c7Ek5HU+4HsRyPP8A9s7XfHV1pHw+Hijw/YaZDa3t89p9jct5jk87xzjbkgYCk+uea5/9izWvF6eEvGVv4eXTEhOtM8y3xlEjOzOQsZQ4AUkLwx7DkCt5UZfWFTUZSnF3Tla0dU9ettez6vU5nKLwUbuCUr7W5X76j7rV7Oz9Xd7aF79tu1gl+I/hF1MwYaHeuQsm4IFAwqDOSD1JGO3XpXqf7D01u3wiv4RcXFu7eI9XRT5rxIrFuGwG5LYBIBbsM5IrwP8AaguPGs/irwre+IjovnDSL23tRYiXaqbDlp9w3FjtIyD6jnGK2/2XIPiDffDy9i0DWNPstOTWNTla1kh3TSXQY7mDgZC8ZX5jwFwBmsI0KzzCUErNQi3F6X0Ts79btbrqlaxdRUVldCcuSyqP37Wi/f1t1vbsldmP+3LB9m8a6LEJpbyR/BZdndy+QAflBJ6KMEZyRyMZJr9P/wDgnTDan9l7Qmn0+3aZ73Vwskirlg0eEXdycDGcDHTGTgGvyj/akTxFJrWjjxbqFrfX8PgyaOO7tofLSKIMQkbKQCZAAFZjkHJ56ivqn9jub4hzfB3Tk8PfEe+0PTLLULyKLS7eyt54FkwN0291LHfluOQBkDABBrGYedT2dOMVz052tJXUe/vJNu19Hp37j5qSwVNxklTdtVzWfOrNfC3ZPXRO9r6H52ftY28sXxC8aAIqf8V9qIfaMoF3oxySSMqABu4wOOOlfuV8FtB8PQ/spfDzxDLaw/2w/hiyRLibJ8xJJXUojE7SQRjbwT6kivxC/aft5bPxZ4xtL6/k1O/j8RtczX8iCN55bkJ50rRoAoLEFcbSMHOfvGv0b/Z18Hah4/8Agj4Wif4leLNMul0yzudP0i3+zNo9lFbzMHeFZDndwu1CCAxIIwc1hjo1ZVacoqzgo8yV3ZJRi9ruKbTtd6K/Q1oRpRw8YTkuVJODu7S1ula17tbXSs9Oqa/Pz9r11Hj3x0yKn7rVdKBAH3QI42CkEjHBGR25O0Zwf32/ZC1e1uv2XPAmm3tsX2eGJTamGONmdgkxXfNjehG4EjcuT34AH4A/tVaGdJ8Y+OLK51W61K6tNTsUN1OFEl24SMGWYIQN5AHT5RwDg4Nfp9+yv8NtM1H9n7wtrtxrfin7XcaPcF4LbWruC2iZRKV8mGOZURGwowqjPPGM5vE4T60qSmmuWEWpXaSbUU9Fu3v20dtCp1lSw8WpWi7Qdo87t0suaKu2r3d3olpc/Hb9oWRk8e2WScR+OdQBB4Kf8TWTO/ccnGRk8Z5PTmv3i8JzWSeEPD2+S3eSPQNOIH2iBvv6fHxjd69CCe5+YYFfg58btPt28TWMLeZuj8S38QeSVnldEv3UGRySWkYAEuzbieT3FfqN4W+HXh648M6EzHVd0mm2TOV1e+UHdbI235ZvugnO3nAAHHFdH1KtXlLlmoqEIR6u7tFJaW6JvW1n0ZCr0YKEnGUuaV42XM9HDdXWretm38un5heLLlf+FhSuhwq/FQhsMrKqG/GZMk4ABzliQAAc+i/0C6cuip4SaZtc01ZV8MjbGNRtwF3WAPB8zgt93B5JGM8Yr+e/xxpdnp/jLXLMI2yLxrFAmXcsiSXIHLncS+0nLghiRktjJr9e9N+HHg0/DqK4NhcPcDw482X1S95kNiJFLL5mHQOwOGIB4wMbdvRgI1VGtaS0S5tG5dEtNbNpvV6ad7HNmEaVSeGlVTaTbSjFaJuF95RtfSPXVp9Hf8prPVvs/wAcvA87yqkNp4/neaZ3URxwf2mzec78r5Sjq54IG7uM/tx8TPFHw+1nwT4mWDxPpF1qLaDepEjazb7XfyX2xRoZN0hY8FByBgYPJX8MfDWn2Vz8XfBmm3MK3Md34tNvOrsxEkP2vaUYZzt2ZXOSTnnqBX67eKvht4JsdG1SKLw7p6SRWV/PExRiY9sUm1kYgqACARkA7ju+hl+GlUjXamklzJuSd22k10trd/LpszXMatONTDtqUtIuPKlspQ0fvddNr9Gr3sfmR8Pb2ysv2gvhjfalPb2enWGqob26lkAght0UB2aQtswBgYyAMYHXI/cH4yfGD4IT/Bnx9YeFfEOjrrt54V1C2ghttQgkm1Cd4yhVIkJZiy/McgDAJPSvwW8KRwP8VvClpJFFNFLrlzG8Mq+ZG6JIdqsGzlFX5WB46etfor4s8LaSPBXi69TQtGhkg0PUfJnt7GJZIwIXO5GCfKT3IOCOcHq2eCy+VfDYiTqySpzbcUtJ2s3dt7em2yWyTzPF01isJendyhCz00tKC73bWuzs9Xdvb5W/Yu+Knh34Q/tF/D7xj4qvmtNO0i0n89xBJPskmhkVAEhy8g3EZAB2nriv0o/bL/ar+HXxm+G/iOz0bWN99d6a8dvZJp9zbRu6Sr88kkgCDKYYEjJ2naSTX4x/BeKKf4ueBI5I4po2lCyJMnmo+FOdyyZ3DI4yPTcQcE/p78Y9I0iL4ZeLJYdL0iF49FmbzY7SNJFYEfMjqmVbrlgwOT0x0rDZXRxEqmNbnGpQp2jFfDdJPRNuzaa6rfZFYvMHSqYfC+zUo1uRyk91eSs9ru1r6Pda2tr8TfsfeLNB8J/GDV9R1++ay0+TwlJaQ3UVtLcF5GkQ7NsWWIGPmIJI5xycD9F/jN8Yfh3qnwk8bafYa7Mbq+8PvHDE2m3UbTs0i4XeyDaCD1IGF7AYNfmL+ylJG3xYWN1t5k/4R2c7J4leMHzVO7aQVVuhU9yeGBzX6F/FxbKb4X+NgLKygceHLgb1t7cMF3L9xlXch6YO4HqQBwR3ZfhHPB1Kqm42lJ8rjd6cuzb0vdxatbc58yxCWPopwcrwoWldJauOlnFu6vvf7z4y/Yu+Idn8P/jTrOvS6JqXiFW8HvZxWOjp5twjSSK4kdcN+7Ujk4BPPHp9j/tg/Hy38d/BDxHpB8GeIdKmdrORr67tzHbQwow+Vi0a/P24PJ7f3vhT9iptnxg1XyHMbjwlJwDj5S4zkkleSSOecDLdSa+3v2pj9r+B3jHzp41jW3t8IrHduXq7Ec4544JPIycGrpYKnPDVa7lPmhdKKa0ceXdpapa20Wi8h4jEOOPoU404qMuR3enVNq23uu6utrPvY+U/+Cffxiuvhj428fappHhfUvEd3qOiWtstvZPHG8EC/fkl8wEBehORyN3HNfTv7Znxy8YfE34S3+m3/gjV9K0yyvtPv5dSubiBo0hiyTEFj64zgnqcHgdK+M/2CYVfxv42wMn+woYi+WAwwAHQ8nOcliCABzmvsj9puMRfBHxzFIwAitrYRoJiQFJHDfMW3ADPfnGcjrz0sHQnB4lxTnZ6u9042XTTzu0kvmmehUxk1VhRUYuDatLXR728769rW0XU8p/4J+/Gfx78KbnxT4g8D+C9M8VO+qafNMNWn8iO1MQbyhGquhbOSXGTgdOoB9j/AG8f2gPjJ8YfhnqEXjP4f6B4a0j+3tP1FrzR7qWSW5mEnyQOrsypGpyBt2kZ7gV88/sLsn/CP+Lyx3f6ZYHbu3EHGAMg4yTg89D1GTge9ftWWoT4G6rJKT5g1ew5MhcAl2IUDGMc9sYOTkDFOtl+FVBYpwXtUk+a8vdei7tN/ZVk3td225nicT9aVJRTpqzd+itFu2trWvrZWffp5H/wT++K3jj4YXXxJPhjwjpmvQ6u+lnUHvrlomtDG58swjeu8tkZLHjOcGv0W8UftJ/FjWYJoL74faCttJY3kbzpdOrxwvbsu9VVsSMi5woY5IB7cfnL+wfbNPH8SJSu8LcaegZs7cfwg5IwTnGOo25+v6BappccujXlxvCumn3yrGpJwRA5UYGBnnPOeMrnJzXEsswdaHtqkeacoczbv0aVrJtadbpvd77bvH16VWFKmrQuk+VNPVx3bbvomlZX2TTufA/wh+IWn2mvaVoohnLDU9RvFXCiNZW1CZ5kBYYCqx4xjIAx0Gdz/gpBremeLPG3wzngSKRI/CEMDiORSBtjIIyuMkE4PBzx3Jz4x8FdDh8RfEjw1psc8kV/c67qltIWLJEkSXkhIOCcDbuDYAIBzncBXd/8FNfC58I+LPhdDYIIZZPDRE0kDOwdkLqJPl6cjAOcZ9iN3jZnQoSo037RwnC3s4O8rp2uk7WVnpb07Ht4erKE9ItwklK+9pWjZLtrfTy27fnfq3gMToZbW4HzLlIXHynnPHvg4xjIDY54NcvfaRr3h6Bbq1muLWALhjbzM3zjC5CZxn5ScD1PB6V0ml+JtSsJYhftHdwcbVbG7ngDPYg546etd3NrWh6nF5VxGsQ2Bnhl4BwNxAYkKG5ODheT2BNeD78L2SklZNJ3b1W61evktWk9Ft6XOpxctmtErNX1Vr30vp3u07NpOz8V/wCEx1K5szbalFDfKxYGSaHbKgA+UCQKccqME+uC3y5rLjtNS1JRPBbt5EayEZUlEUc4LY+Y7eFAJzw3fj1S/sNCn2W0K27+aNuXKqVBPRjkqWwcA9SM88Fq3tDWztbLUrQ+UqwRsIUVAVdmTZ1+8QBzkk46DpSqYhwScYa3Seul7p9U9lezsuulhxp+03kmu7eiekrWfdK90/is762fzEYHCsEwWLsWwTkHJ4OTtGCNuPu8nB3EmqBhuN6gI/7xnLbQ2AcnGSe2PmwD278V6qujRyzusYiDyySs3GWUl2x6njpgjG7GQc1l3tkbQ7cn5QRjAJOTxxzkkZIwM5x17dsJcyTas0tF7qutOz+T726PVYyjybaW3ja91dbXu7pb3TV33Wnsn7ItpJ/wuDT5DlwNPvWYSJgFRDJ2xjOVPGM9eMgV9qXN3pc91qTrFcRzRXsyMpTOVDn5lVRtwTg84z1IBGD8q/sooV+LOlmO3eQmxvsqODL+6c7Scgg8+oBGe3I+wbz+zIrnVJLiK506aa8ucpNE0sbAbiDvHygBiT1yCepPzV+hcLUYzwtZzty3bbtfW0eq2avd31130R8xm9WcalPlkkpJOz1drxs227p73Vr39bPhPEVnb30PhyE+cn2jUJ9kkTvDIi4I4K7ejDqCMe5XFWoovFulIo0Txf4gsFQ4CNdSXMaqD8gIkZxjJOD0I6kcird9bfak8JJZ3VvcKl3eSy/vlDIBv+QDdksfvbcZHbk87wXEc210JiDBkEilsqxUcE89MZxyTgnPTrwuUZbjVi5YyjTqN1rJzSTStF2i3tvZ/O+qOWtmeNwyw/1etVgnTu+RuzfutppO2ml2ne33mfJ8W/jV4ZW1STxLa63BdTJbx29/aorMoUbF3RhW5JG5i2QCRzzn1HTv2lviVptrHHrPgHSdRiUIhawkxMvTeVEhIy3B28nPGCMCvBPEsoWXQAA5Z9SiL7gCFIViGJIIXpnJ4756mvTbRraeWGKRMbnBLk5BHGcsCVIYA8Z4xzxjPBPgrKsViK8aM3QUVTUXGSfvO0rWb1XTRq9k9OvfQ4ozKjRpOU3Uct+eN20mkrPRrez0V+uh7Xo/7VPgmQwprXhLXtCnkcfaLmONpE3nhseUpXAIPTGFOScjFey+Evjl8H7tES38WR2DPdPIYb/9yQWJyheVQVcYIZiep5GRgfG2pw2kM0UUVtFKGkkYcK44B6E56ED7xwCcEmvPPC9hpF2NQ/tGztJ4zq9wMSxqXRS52qGAwq7gQAB8owOuQfFx3A8sNVpUcPjLuouaDlFaJWtfXTTey2baR7GF4vqThKVehF+z5eZwe93HZNWvpto276H66ad4r8LaqwfQ/GOi3e5JQq/2hbtIQVOFA35JwccgDOQMYNbXh7SGNpJJJPFcXBnklSSGSFkYSYbpnrznPJY+oGK/JtvBnhe5nVbJr3THYsDLYXs8LB8DaQY2UgHGeMcYz1Iq34S0nxTY/b5NL8f+KLKSw1F7e1H2+5uYykX3BtkkK8HIIwc/xL2PmV+FM6w0o8ns6zbfKoytd2Tdlv3726rovSw/FmXVk4ShUhLRyVk0m+Vp77q2vu6W0Wh+wh8NWqrDNd2MbyzEiQuqZJxkGTs3bpjIBPSm6V4K03UILzz4YrPdcypGgULJGSFKlZMDCnqeQOABnPP5l2vxQ+Pfh90nt/Hg1OG2LlYNUtYyGCLwGZEyTxj5mJx93GSR6F4H/a4+M6wJ9q8H6B4iUXErStHIYJ5PLIyQrAABuwOFAOBt4LeXVw2ZYOrGOIoVIXW0fe5paO9462etl0vHTY76WPy3FpunUg9m1UVuytLS+qs1razWvb9BU+FOjwxIwkiklZgJWdUZWwM7j1IwT8uPbBGQTi2Hwe8FzLdx3emWr3v22Q+fEhi3bwQCCgAJBJGMc4P1HzlpX7ad+l0r+JPhbq9mm4h/7PljmjXsSQwJYDP8OQeDjivQ9C/bD+D8gMGpz6poVzNdeYYr3T52EDOQRudV7dBkjnkCtKWOrUZwlKpWptWV5SmuXa7veKTem9rPRbGE6GGqtwjCjUUraJRb+zvpu7rZd9Vdndar+z34c3iaOeS2kmlGGjKOgAGf4skgZA5wOSQMivOovgHHZ3WsyWmqec1xcRhY5Ig2HQghQygA5A9T0425wPXYv2gPg/4gjjEfjbTpGJJjiuJBafMRhc7yhDZ6+npyKy/D3jHT9RmvW03VrGdDes8Sw3dvMWXdgMo3MShGSOBkccCvRWf4iMoKOLcoxd1zz5rXS/m3fS1/u3OH+xcNVUv9ngr2vZrXVbpLS1k7X7PVKx5NefBvXLSRp47ixlT5j5ZYxSFioOCDtCjIJyQQuRn5ea818R/Drxclxo5XRZLhUknYtafvSMgfMQB0IA5wQBgEAcj7Va9udQmJurWOREyysrIPlwcYIwehwuQehxk8UyOYrfWDW8LQxKkgkG8cHBzjPGSCev0HWuqPEuJfuynTmlKLs0uaVuRX6pK72Tu7aK5yf6uYdPmhGcJWaUk9U9I3SfTVetne9j4E1Xw5q+nWzteaffWzOJQA1o4HLHjOzgdBnoeSONuOBeGGLTb5ZZZVlMSu0RWRH+RzwN4xg4ORj2GcZP6pnTV1GaQXBt5lUBxFcRRSE+p5DZz6deSM84ryr4r+HtGj8G+JPs/hrTri/ktIoLe4ghSGaF5WI3IwA2tk4znv0JyajHcURWDxPtKKd6NSMXdNczim3orp+7o79dbCwfDUvrVBwrSSVSNlJJveKei1Wz30s9z1r9jS2+Evir9n3U4PF+u6XqXiDS7jUzH4FMViNReJrSc2lzGk48+WbzyvlhAzF8c8Aj7f/Yc0Pw38MPBkmp6vYata6J4t1PVYZLZ9IB1G2nSWRla4JhEhRYsIewjBx0Br+Z61vPEPgPVhe2Ud/omuWs8KwajbSyeZG8eJIS8attcAAEh1ZT0PpX6M/Bv/AIKIeNLHTtG8IfFq6vLrRNKud1t4l0W1SG/D3DhG+3QooWaFVbMhALlQRivxPC5lhpV3KpBRcm7N2cZOUk79rPddNLJ3P1GtleKjRfK+ZJRk0m1KPKoq6drO61tda213t7H/AMFDPiN4Q8a/Fz4XS+DprjV7Pw9ouu6c8U8RRYpxcypJAqHaAI1JJBHQEkAivztu9a0uxbVrW5so5IXEPltEICI5HBLHkF9qjJY8Z3HpgY/Qj9qzUPhp4w1b4L+OPg0+jeI9Dm0rU7XxLc6W225PiDUleQLd2bN50c5lYqxKBQ7fLnOKxf2KPgdoPxAT43W3jPQbHUba2tLfT4oNSR47yzu7hgZGsncACWJcoSmCGAGccN116UcY58koJOz9zS8EoK6d7WatfqtUtjnw1R4ZJSjJWja0m3KMnNaNPTq7q6u+mp8P2PjTwzp9zZLc+AtE16zgtsxNJCwZ5yWYlpIwEfj5SOnJPIPPK6rpWgeJ/GP9oWvhm00G0vLFpYNMsG2xW00YAkkw5yGDHIXA6j7xFfpN+0J+wV4h+F+i6h4r+Gl4fEvhXTtKg1C50SVUi13TPtBHmNEjA/aLeJmIQxl3KhicgjHw14I8Ea9rV7DdzXOnaakUN7beddzJCxuoiS9pJ5pQLIgDccjPbGMeNiMHGEuWabSXKpLVNvlS6Wa0u27tvRu6seph66qR54NNSte2tm7XTT2b10t09Tzl/Ct1CYntbpZYWEhEU6AjCZygIGMkHH3uCR25PGS6U8EjC/sJGjufMO5UEsW1TtLc52pjGe4xx2x75Po+po7M1vDJaxx3UaywzLJHK0QZWddgwpBByBlSOck8DmZdQTTdUsrSeDNpc6Ozjdhwr7jvJDg8noRjtgng15OMh7Dl9k9ZK/LdrblvffVK6Wmmm60O/DP2s2p81krJtOyaUU101d72fVLTqfO+reAdH1WOT7LFFDMBtM1uwUg9yVJzjOASoJUV5/deBr3RnFvv88SSL5UhCFSTnCsSc5A44KgfeKjBFfZGmad4Y1+KY3Ki1ZbgW7TW4MbqGBUMV4ByT2HqSeDXA+JvBF/Hrt3pukXP9qWelWq30rMqq6gscAk8HaoGcEkkk/dORyQqTm1GVPmtG7bWq+HbfV31t287LeUeV+642UtL2do3XzSsvi1V1o9UfKmoaHPFLJGzmCdckKSBHwOQhwVycjrySORxmqf9l6hC8ZmifcMETREkqARhSy55XgNnnntha+r5fDGn39tCbq3Nu0yiRhcRYTcMBgkpAyeDjkcYOSQTXPT/AA+lhYzWErLECSo/10LFhnaPvEEY5yBjuB1qKlNS5vdUb202d7w3sr7O2+/yttCu1JK7slut27Kza07PVK718jzXw/r97YSQ2WowwajYyHlJiGdQSO7EtlVVsdT1BXoK+oPCHhD4d+Moiuji1nvRCGl0i+lFvco4HztbsxVWIJ4Ul8gDg9K8K/sGe3kH9oacJUMpCy242lACQGCgZ9Ofx5OcQw27Wd3JJp93LFcwvvSTzHgmXAztEiFSSp4wzcHg84rzZKVFylyXV7PZraOlrLVJ6PR9dU0ehFxqpO/K3rpt/wBvWWt5XSvrurn3HYfs9fCC5W1k1PU7nQbj7FcvcWtw+yX7YiOVkt5W2xNGzDABPzjbj0r5w0P4faTfanqlrNcSSRQahdWtlIo2CRY5GEJc4IbcOd/H4YGNbRfinfrYJoniexbXbSJAEumMn2+1AIAKOCNwGOhJB25HBGe80uXTr2NLnwlqUF7K8sc0um3wWC8icYDsrEqHIwQOpJAzznOUMRTcoqcWneLkndWd0mk3Zba3Wur07ONGom5KfMko2ejSeiVmlve2jfXR98bQ/hvpckshaSaR7ecW5QSDLHO04HOQnTJyCT0Pb2rwr8J/DTnW5blLiQWNq8kQUjzTOwIVEjXgnccYxwDkY4FcLpuoT6fO013byWNwt5vkjkVdkpZvvKW+UqSeDnDDA7nH0Z8PJ459UtZpnMaX+saXCVAVzIHuEJTjghicEc/Ljnla9fCUsNVlFNKTlKLV2005abK1+t1d7Wvrc83HVsVTXu86Ubu6b5Xa93zPVN216rS1rpr6Ytf2SdB8U+D/AAxd+HtNvdF1VPD/APaNxBqVsZIdUl2eYpZyN0JkHyqCdpHI4BNfLWqeBLTw94gk0TWfDlrZuFZjLlXjXbld+QTldw7MTjqB0H79f2jbWXh5fNEVtMvh7ybfZGoj8iPTwD8uCV5UkgD73J9/y61LStI1Bb7VLmGC/wBThW+kgdyGDo1y6NDtOQdqkAhQSM54yCfZz3h3CqlRqYd+yq1VFO1uV8qhvF7XTvpbydtTxckz/Fc9RVm6tKnK6bleUfejdKUm76aJJp3/AJdb/KWieHrbTtXsNS0tNPNzBdtG6zwxz2F3CRgrIjAoCVJUA/MCc+gqTVfDOnf2rfzXOlwQC4ke4FvbrHsSRmy6xqArhWGSuBheAp2nj6L+N/wWtvh58Lvh1448OSTWz+LJpZdXtJmUrDcbvORrdSS6rtwOMgZOOCtfNWm+K/tUwXVw4nt+IrlVIGMYAIOOueOCM9q/I85w1bLsZLC1pXnGMJNxbty1IRmmtdFyyV1bWStbQ/QcrxlLH4aGMpLnjLmpycvdknBqLUo3d2mnZ9e/V+6fBnwt4PXUrzVL3SYi9jaB7WKfBaOdjgyKpyW2kcjB5xxzmv6lfgl4G8A3/wAKPAl7P4N8M3E0+g2cjzzaPYySu5ijLPIzQszMcbjkkj05r+WTwLqAkvJZGOEaLhk2sZAOEBIOFI+XjOcDnoQf6svgBcA/Bn4dPwQfD1nknjbthj4yu3O4YzxnPPXFexwDiof2vj6dSnTqKOEjJKpFSTftoO9pcyTSas1fReZ8H4mOpHBYCdGpUg3ipRvCcoP+FHSytu2rrz9UehJ4D8BoAIvBvhlcY+7oliOcjPIiAz3JHB47DNaUfhHwfEy+V4V8PIQe2k2YHB7MIhxgEZyfrxzd+0xgjcwAYjgH5cnHX0PXjPXpnij7WpwpOeu3BXAAHtgnAyVODjgk5GR+rvF4eCTVDDJJ6Wp07Jrk0+HyumtFbXTb8Xl9blZuvX871al+l/tdtte+vaWHQvD0I/deHtEXbk/Lp1qMEYyMCPPof9nucirgsdMTDR6RpaAAcrZW4GR2HyYyAwzjkckDrnOF6u4jfnGMk8ep4wRjjPbrjj5Th/8AaCkBckgZx8/UDrj1wckHOSRjqSDpHNcNG0XCjF2T0p09ly2tZbba/f2WLw+Jl7zqVnomrznZ6x1s21Zb+mmj1NZfLUgxWtnGg/u2sKYbGCAQuOh25IHpyTUyTsMlRGAOAFiRcDk88AHGPzyCT2xPtwYKMkZGCvGcjjBBJPfjAAzwedtL9uQZGcDjjjj0H19j6j2NUs4w8WknT3XSN0vdT0tp30va2q2RLwtXltKMmlunzO6vG1tPKz33s3obnnzAZDKQ3PyhQcc9ck8H+EjGOT9UN3OMhWKg9sY5J9O/PQjOMn6DFGoxkkA5xkdcEDOMZHQZ+pHQHrTxfRkY3DqAASADuznr0xyCM5Oe2VNNZtSl8NVK9na6V2+XRuz0t6Wbvttm8JJL3oXvZpPTZ26aPf0VjUN1O2SZCeBjIPY9R/D1HHQYxkdAJknbHDkcbWPBPYngDHOMZHB98CssXUT9MA8ZJbngnkEnrnAHvwRjNPW7UY2nG7lsANkkjoBnoDyACOc8dK3+v01BXqtNJSVpJtL3E9Ojd27OLtproivYO3LyJK7b11aajpbdP5O6fY0TNKONzcnC4HGPdcZPO3GTx9eQgeUg5fBAHTj165yOVPXg9Ohzir9pUEYIznHT+EZJAzg9DyMZxU4mUEZwN3A6NzwMjGSc8YJJxz6UvrfM7e1bUtF71na6221S3sl1V09ocXC69m9LJWW+2919yV29+xIdxwCz5AI5JGcYGT0PBIGSOgIPFN2lQST16YJByBnPJGc5zjnPPGKQOvcgk5JKgY54AwR0POM9+nIJpRIG7jjBHzc++T2x6H+tXGXNb339myb00S08r2TV3v6Inld1K1vhfolrpp+PlvZ2URZycbjg9McEY6nI5bPfJyOucdFDEZUsV6nDDJJycYyCPdR1/HIMqlCwKj0HBIGe7KTkkY6jnBJ64FPVUztbGSOMA8DHJyex6565OeOCdYRi7rnb32b293zVtetne1u4pSUbe7r6J/l2+X3tDBI/Hz8sM54I57ZPHqc9fTnrKryZPOMDsDjPY8jBxnovXvzUixrwAM9Ceh+UHgnB9eTkjPGec5cADgEqOpH4HPTuQQDt6EjOO51hTi3dt6NNWejV1vsv+H0MnNSslFXur6d9/wALq2r0fS5GHk4UkKo56DIyOCT255x0HHtTlZyc7jgcg57Drxx83HGMk5PepOOFIAIwTnjAPHUHJ6845AzxjGJPLAYkMABgD6+uOe55J7c9BXXTjFpq6fnru+W3VXttazVtG3oQ20k0k27X06uz8vxfay7tVhkcgn6D+MADJz2xnOPqe1SKwUcnp6YKnPQ7epA5zxyBn1pm0IATgEn5mHUYzjjjgnH3eeOOhw1kYj5ueT7EYBwQOmM9unY7iMVTjaKknZXvpqrq3RvTa13qr7dDJXlo9GuqTtpa+2tul9dderJhIi5J2Achf735DK4PQcZHPQAU8bevA65G7sRntnvnjA4PTI+bL3kNjjI9xjJIbjIIJHQDHf5ugzIJGzgE7ckHdnJHA/iyQPU84JHTNUqsE7N6u1122/y0+Y/ZpxvzNN2aeu2ltbW13b1butVy+7e+XGSCPYEE/pk//r6dqQnGDnC8HjB56ZyTjHTIHP4dIRIOpGOoz69/yJ6Z7/WmtKAuMcZK+2Sep24wwBBA57egzpKrFbNWtdK2qtbXstXs/wALXBRvpe7S72bu1f8AKz/PvOSFG4sQpGMBl2nnBOOCccdCcnrwTUeVKkkgnI25z6Lk8YHPOOgJ7AcisWyDz3yB7YOOvPPuTg8HFJ5h24ZiQCf4R0+mMHnnPbkjjgS6iUm246Wd+aVvs9Un0bTWtnfsr3FR5Uns1ZO61Xurp3flfe5cJz8xAGMnOeOeeuchuRyenXrxTCcN1ySxAIA4BOckE/KcA8YHf0wK/mk/ewxUgY6ADGBkgYw2Rz9OfVgcE855JJHTGOPryMYJxgeuADlOurraztZ6vdrSTfm7W6a2btcOR9JfcrX2e/rtun18kkOcNnoeCBnkYwck9MY4z79xlpbOMNk8j5iOMDnnOGz1HXPOAKcwypUFfmOeSTjHXoevIGOoAPHAxAUAB7+wOT0IyOCOgI4JHHfPzYSq6u6TTs9Utdr7ebs9uj1sOKlbVvS1tN72e6XXr97GMx3H5yMLyeSf+Agd8emef4SSaqSybcNk9eSOPTnA79AMnjGPWrMgyQTwcnnOcj9cZ56eh69apSrnIHI9ckN0LEEeuDnDdRkqMc1w4io3rBWVm106Qet+vVWvZd1e3pYblWrV5X1WmlrfNK/Vt2Vtyg0xBJAYAHhRkHIOTkcAEA8/7XGCDinLcjBOeR8vOFywxjplsHGACCBjJGeRBIowxzgEjIbIOQCRzk8ZwMAgcnqc1EpwGCjAXBOTj5mwCRuPUY6c9yO5rypVakHdrRvWytZe7+TvbRaLpuenCCklaz200a0aajtd2Ts9P8zUSUtg9McKfl78k8jGAenTIIORjiR5D8ozz2UEEkd++doIOATkZGASSRRRlTknPQnODgDHGMkjBJ6/LzjuaGuI+QSDnvjGAO+euB16YJ9TxTWMjFK7aejs1ZaW10Wml9Fdb90yHRk2rR7PRatWjf0unJrV9dOhbaRcncQQAeMAYz6nuDxycEewODG0gGAPl44PJwPYcj+70OBjIPy1nTXcYyAQcckHGBjkEHHAA6Aj1zuNZst6SeDkLgYGSdxGeFBAGD2P06DFcrzKFrc0XLazej2e2+2t0vS6avtTwtR2S5rWVk7J7x30Vlb7r3vrY1Zp8cM+Ac8hux9SDwTgNwCQAB6Zrm6465JGDyCOOgHzfr09eKxZLndk5DZ98dMfLgFT2z7ckcgLTUnLd8g8c8Dn14Py9fmAyezEGvMlmjbS5nq+j2u1ey162svusdqwrS223aWvR66ej9fw3Vn5Ugsem/kDJIC8Y9M8gYJHGcVcWdgAOcHgk8g8/KQAemePXIOTgVhRSIQQGxjgjAyD3O3r3zjGSBgcLzoRuBxkENgkEHOMckjnjPUHj7o6Yr0cNjJuUWm3stHa1+XRprR7u+m9mtLrGpRSumtbbNPbRXWi0VkrK3q7GwlwwCk9R/FjIPJ44bI9TgEZyCcHnQjuQ4XKrvAXBJYemRx8oJ5zkAdxjrWIj44IJ56ck+gOecYHHUnp7VaV1jG5QAQe+TyWxkg9mB/+tjg/S4bG1IWlJ3j7tovzS9bPba1/PRnm1qEJXUYu/e6s27W6pP53evTQ3QwOCCCM8jBDAjIHUgcDr0DcHOOkoPBJHr6cDjnrnBwV5x396xEucE/MFBYnJIZBnGDzj3PGNp4Bxybi3Mf8TA7uST83J6ct1OOPXgA7eM+nHHUptXsm0nZO+jS6WS3evm23e550sNOOvK2rpJNWe63a0ve6TfTZ6o1I35ILAcgZBI4HBG7rggEHB6EDhsY042BKlGyBg4wflJHI4Oeo6/wjpjOTgLMD1JJIDAZxgjPI6ZOcqTjjnmrkMxOVzktjHVSB3wV6D19ecHivSwmKUHa17tNa3WvLfZ2aXTfW+17nLVpNL3k1e3RNa20b2dknu7b7qxvxSZJCgEY6Z5BOMAEfU884z9KmmwbW6IGP9FucjgHHkvnbjH8XXpjis+KVS3GSu4jPcBemMYPBHHPJyMdxanfNrcsCSwtrhmHHP+jvxxzgcHPGcHnG4V7dPEc9OVktm2t0rxS3ezv3W2+mp5sotVYJaK6eqvf3o6vXTqrPV6t6n8zPg3XrjSfiH+1AEVZhF4k8wW6qWuLmX7dJthRQCSCSNzADgjJAAr6S8PeC9Yu/Hvg/xp4hlNvNd+G9ZubXQVVgbaOWwjWISDgqcKGOOCeM9TXhvwi1bQ9N+MX7Ser6vDbyQ2uqzyKJUWVpLh71wnlo2eUI6EYGMjBII+vNO1aTxB8RdHu/JljsI/BN6UmdSsTu1lx5YG1MhT8uNxyAOhxX8s15xhi8RFO18TUfLo7KdaTvbVNptyv2+4/quq6nsMPJQcbYGgp1pdUsHQVou9lvdyvq9L7H4zWC4+OPiTLthTqzFSw4zcSjB6YVSfujk9cZyK7rWLn/AEWLaE3f6SgIKtkbeTu7f7wxgKRnqB4/qJZvjR4uUNLHi81aEGM7X2iaRtxKgZznHOODg45WtC9jnjhg/wBKmVfMkUozOzMCe+SeoPXPAPXoK/SctxU1ldCKp6uC96615fZ9fN7bLu1a55GMpReKlOU0n7Onpa91aney37LfddFqetRhk0m5ZiGD2KYBxk7uw/u4yOeTjvkmt+BRDdWbK/8ArdLjBUleCEUgZHGPckgNx3yPLH05/wCxdRnN7cLJDbqY4xI+zGFPILE4HHsD0Od1FvtuYYpBd3hmgs0BxK4YlkySg6BQCeTggcsMZFXUxM+am+XlXKtG7KyS12duttWu66vljRjOElzWtJ376uOz0W19dWml01fYx3Svr98/BIgjCjKjgHAIGexGPlHyjvxmqhUtq8dxIpkU6haKRuUEHzQCBgdF45x6DBBNcVpMDtq8sbNcSYsw4bzmD5ZyMuC/BXHC5I4JHYVrW9iV1mzEYuCX1O0LbpSVYCVfvAnpx3HsO9RSxc78tm05XXM1dKy3TTvba3XXtqqlBQ3e0E0mrbxvd3S0v07rTS6PVf2rI0XwR4UcLhH1y0BySMfuUGCTjGASR6dScdPN7azjbStIZkjKpYTHd5mSM8jgkDHG7OO5z3Fdr+14s6fD7wsxBCxazETtZmJ/0dSMgHB5ycDP91RjNeY29xqJ03ShDHEgGjwklmGDuQAjDNnO48g54+bgmsFVmsbiIp30g9fNRu7u+l73eu23Q09nzZbhXF6SrVbN26yitG01r0aXXdpnvHw9aKDQ/E6wIu6Hw9dFirkHLozcdcBSc8AAd8DGfjbV/iV/wjOohJC0yTqvyyDchG7DbC2COTnHIHHGc19QeDptRj8PeOJi0KBfDUwxGeQPIOScDC4JYDkAADgdR+V/xM1tobuwkur8+YfN3Ih3EKHbjPIyAMEjoMYOevh59gsPjqVOnWpRkpQk05JJK7jfXpdOza3aufQ8K4rEZZia1ejVlCop0W2pKOiUWovZ2ad1fpfds+6dP1Lwr4u0ue6FwjXk8LZgVxmPd0MinGEBJOcHC8MRwa8SGs6D4S1DULPw/HbDUVd1u9VjXcYNzZZLbHLSdQAp4OMnjNfLng/xb4n1LWhpum3B0rTrhYop7pzsZ4SVUgEgEFwRgA7ssDk19axaL4D8E239o6/q8Ess8K3Eskzq8xYqCsMEDElpHcgPIQCDyD1A/LcJwGsPi69ZVqjoOV40VOfI4St/Fe0lFrSL8/R/sGZ+I06+X4XDuMXXjFQnNU4+0b0inDRO193pddkVfhOuqa58cPA2q3Uc0Vkupo0QmLNc3ZQg+ZIxyQGPKr0z+Fe0/tz3cl58aNHPmNC6+FYUB3hdrugO3njoM5GDk5PB58Q+AHjP/hN/2htLS1t/s+maRIH0+3BAd4QSgkdQfvMMYBB9CMgmvoP9rvwPdeKfi+k6yFYrTRrOAsu5ijGMEg44BIB9PwIr6Ck8NlONw1Wu/Y0cNS5JS+ynOytp101VrWt1R8U3i85qTo0I+2xGJg6lm7zfJKnzXbWiWvnf5I+OrOK8e1iKXKCcO+TI6lWIBwcDAyAoIwPmI+XIrlNZ1TU4I7Nb9oHtftyrI9u6h8BiBu5yBgfiMgg9a+p/CnwWsYIZLi9ke4KI+2Fy+1GIyD1z83LfdOSPwry34t+B7W10O1+wWwt92psjsqjlME7WOBuBzkHg579c+5Q4xwFXEww1FynCdv3jaUNOVJpN3dmk7pxvp6HDV4OxqpOddRhOLd4ct5PWKs+t01vo7qyv17Pwf8RLjw8dPWyubKTTpDwJ7uORF3rtOSGyjJ8wGcDnA65PN/HTWNT1jRrLUE1TSvsS6rGZFglWXEbBsl1Qk7iW5I2kA54ya+arHSZIL/TtMmika2vLhV3B3+XexHPIwRnpjgcgdc+3+L/CiaJ4WmtlhBjhubSdiwaUSq5BKHfnAODnG7BJzg9f0TLuIIywrpRr+77qT53o2o3XW8Wl10TWlz4XMeGFQxdOpKi3O7SUYqPvWjrda9N31XXU1/BnivQ9J0G1gk1OMyK7b1S3ZlVvRCBjYwYhdp6fLkkZPVRfEHwjNaXwuLjzHNpcrhonwxCMVdQVODn0GcZz2A3fAEXgjWNCt7S+0m3t7gq6q5hRVLBM55+UFjznP16ipdX8E6TFZX72cMDD7DdsAsETEAxNgqwXoB/CD9OnP6nluOxk8HSrUK9B040ouzbco2ilaSbTTslba193e5+R5plOXf2jKhisPiYVJV3G6lBRfvRWi5btO+rXbd7HZfsmftXL4W0GOyuL3UZdKj1W6t082Vi8A81gs1s5IIVOpjbG5Tt28AD9VNN8b+BfjVpcbTz2etSrB8l9YiODWLLKk/6TBw820nLFVycE9QMfhF8FNA0+48MKjxwIFv79mDRkFx5rnpxyoAwVwPQ4Oa+hfDDaj4S1BNY8Paxc6fcQuDutJZFLBj910BCEAZUhhhgx6mvs+HOIcS8NReJUZQilaafLLlbWzeumq5dPne5+a8bcDYGtjMV9QdSjUcruMk5QcrKSaslKL5n8UU+t1qfT03hHQ9G8TeJ9Og/tJb6TVPNje7iEdpdRsAkbxySBRnJCsAc4BOQORyfinwv4osZkZfC3nWjOUNxZ3cYDxsc4KsSqn1JAPG0gYFfRf7J/xx8EfGm48Y+DviHptp/a+jaq2k/2tLEn76RUQxSmbrFIS5YZYAk5FfSnjj9nzWtKs5bzw8P7e0OVi4hhJedIyPk2sMkheBlSdxypGOD+h4fEUcXQpypV3y1E3v711ZSvfZpq/wA9j8WxyxeU4ypQxlC06XJHmlGXJJRULSjUjb3ZLW2+ut3c/CDXPDSXfxtmvI9O1eDV4vD0cL6ZaxpKViVzumLqhXIDDOCRhgMgkCres6DqKTmOPRvEzqQS5WMIF56ZIwOhIyCMBuN3NfS+qeDdS8PftEfaYxJE50SWGaKYOkw6kIyvjoTjjC9D9PTtXsor6MAmSxvGYxvFIT8yj5S4OOQdp2kA54PcmualQmlWSrTgnXlLSCd7qPva73f4bLZn2NHO4VVguSEJxlhMOornkrNNp8qT1Ss9nfstz8gfipYX2leMfh5I/h7WSo1wui3Eyb7oFV3Rx8cFuRg8DJ4xmvcpvE/iRXMVt8PNXcFcR77y0QgZzjJxjj1PPPGDmtz48aQ0fxA+FkMrPII/EhjLBiQcqOc8EE5GCCO/sa+gofCdlcMZZbmRSszEKxbKkEkENxlSTxkd/wDgVeJhqFR4zHQjVnBqpC7ioOTuo6y5k7Xd9FdXSfY+vxcaNfA4CpLDqd6cm1KUkor2mySaevm+q6nx54v+MXxH+G3h688T6b4Z1PQLjTrixcXcOpQOXL3KK8UkSEeaHGVOQ3ynI44H6sfDT4uaP8WPBvh2HxZYxaH4qv8AR9OuLbW5JBDY3DTW6N5dycjEoZiPmPJGcY6/mD+1Tp1vY/DHW2Epd21LT1U5xvX7TH6HB44yFOBwOMY+kPASFPBfhiIKSv8Awj2lFslgCTaxkbRnIbHzAA8Ek47VthsRiKWMrYeVRzhTjTkotJttvbSy28lf1Pms84XyzMsHhsXGjLC42Eqip4ijKSlGypuKleVpxTSbU07XurM9n+NXwRCaR4ivdX0e6AudE1JbPWNKmEunzmS1lId5RuWLcCCS7AEsOBkivjX4FeAtf8L+AdJFp4bW9txNf7Lu4nTe379iuNvDLnPQHdkcAcj798J/Fx/DXhjWdF8Tf8TvwdcaXeRajZXx8yS1t2gdZHtpJMkCMZYcgrgBegB9S+Hvwe8N6j8KNK8Q/DfVoNf0OYS3Z0sSK95aRXZMwiQbmdvKztGVAOB1Jr1adKlWxVPEQk6bjScZxTvJuXL9m7dnbf5bNM+IpZxm/DtKeX5ovrFCpiacsPjFGo6PIqbUoVJKSdOrqnGL0a1Tex+cWvJ41hiunGg6RayCKR1EjSOTGUKkfISxbnjA6+hzXxn8Hbrxbp0/jqTTdJ0qTPia6mle5MpzK0pyihWBHAAHJ4HXuf2O8VfDaOeG9LSPHLbJIrQum2WMnOUYYXp90scYOODzj4c+DngiyEvxEjMHnCLxTclm+6p+dgSTxyAPXr78VWPwsJ1sI3OVnzpp2/ljfRatO6bu3vY/ROHOI6VTC4vlVO/7ltJtprmVm/e/mts9d7bnC2vxA+IMd4qR2ugW0b4SQGGfKHuS2GyV7NnGAOnQcLqXxC8RT/Gq30u6mtJ7yPwwXt5I4sCHcULBc/My4BAz0BJAy3zfXms+ALJCslrEqyupdcoH2nhskgZBAGOvB54yxPxZe+H5D+1PHYhfmbwwg3nhVUKDkAAk8gcEctzjIzXl43BQUaUJR9rz16aV27bxaVnp57X/ABZ+jcPcXY7AzrTwVaWHnDDzcZU7xs3y7O+qd9m2rbn1VpPiv4gwLElpeWWp2/yEaXcwYkVSCGWKYgBAQTgFsA4H96oPGura9quteA1tGvPD+srq4YrJN5No6jJZbdgVhd16r1wOuQcHs9K0dbERSsVaSNMlsNg4Yjg+30/DjJ4v4t+IY9K174OJeRwvb3fjKOFskmQq6sCoOM84YgBTtGRnpjwc3yJRoTqUeaMualFU370bupBJRctY2dk7O2rW9j+jfCzx0zGjmeFy/OY0sVhX7VyxDVqyiqMpO/2J3ttKN3Za3bPr/TNR8bWumW9vrly9/aSrGY9TtU2zR5GMzx/8tSD95wDnB9TXnvxd+DNz8RPBGrLd6nHcQz2jeXPE3kyKSyOsUwUhi5IAwSSGBUk4yfpXwhqely2dvFAkd5YTRqHspdrSw/IA3lM2SMFcAZJxjB6mtnxf4ahtfDWqax4cuBcWQRDf6KwXzNpkAfywTkSKM8KVDEYHG3HzeMq4jL/aUZqSmoaqSfvKMU1KL5bSjdP3XqrNvY/qDK814b4r9i3SwlWjiK1NJKEHFubguWUY8zpzvs01F2s2j84U/Z+1XSPD2m2Kapc6atvZQLBI9tBnaFCgJO6ZfOM8s3H0xXK+IfA3irQ/DeuNJ4p1a5iGnXKYe2hCA+QzKVfYTsO47gAflz0OBX7A2PhfQvGXhK3t4DHvtbO3M+n3cey7gZowSkRYBixb6jrk4wB8/fEv4b29j4T123aGVbc2F2kUpVTsbyyArN1LDOM5Oeg4NfSZdnsJxhTxD5uahGEZwbUeZQUWmk1Z362bTVrLS/4fxl4O4LM8bicRkdWFGtSxEufA4mmueN5qUJU5Si7xldLS+902fkT8IPBOoar4BsWPiDUrLz7m93eRBBgOZ3BdSUznI9uSScnFaN38KNSW4nSXxv4mXeSEZUtuSucBSUzk5wct0PpxXv8A4P8AB9z4Y8HabFZpLcwpPcu+EYuimVmLqPunAPbgDHPGa1LpYri3ibyiZd3JVhksx78jBHfoATjJ5x9Vg3QnQoc0pzcYRaUZySeibjo9reabVlbqv5R4y4XzzhzNcTHFUJU4+3nyTVGDjJcyS1cLSS0s318tvzytvhS1x8VvEVnL4l12WZdMsppLqNhFcyIzbfJk8sgsqkEqCdq8MvOAfTX+Ddsse2XX/Er9VRTeSgk8kAnzCPmH8Q75HXgei6FaWsnxv8VRuhjkXQbDBJAGTIcnsN2c/MM4OACTuz7t/YcUjyq7BiilgzFFxkYB+Uc9TkHBxnkCurLVh5YarF03dYqskpSdrKSte71926evddj4PiWtjaOKwkYvl58DhpS5YxWrhDXRWV16JW301/LD4pfC6xh+Jvw602a71iWG+EgkkuLuU3Cg4BEUgclFIGDtYg5AznFe6w/s+eFJZVMsviBQXCoTq16VYgjP3pDhcZ/iA6467a0vjTYFfjH8KFyCollAKAH5RyPrxgA889+hH1PZ6RLcbgd4hQmTC5DHaeec4IPTOcHuCTWWCoYWpiMdzUVJKvDlctXH3IXV21bXzbs1v15szxmMpYLK5U6s4+0wzk7aOT9o77Jb26eaR+dX7Qnwj8N+EPDnhSfTLO9R73xjp1tLJd3txc74JJUDiPzHZVznqgGBk5716rF8J/h/JGgOhRyy+RCxDXEx3Er8xPzEbTycHgAjgE4rsv2vdLYeCvAbBXXb4+0gHPOcyxgdeeGyeDjIBPtvGB0ThXjIijDkIAT+7UYxznLDrjtk55wUoYeOPx0FSpuCp4Zx51s+RttJ+urv0XQU62LqZXgKkq8+edTFNtSabipU9NL6K19urWiszyzxT8MPBVp4U8TSWnhazWeHQtQkjlZi7Rutu5Dp1wwOCpHPvzkU/gt8LfBeofCvwhd3nhzT7m9kgmllmng3M4SYlSxw33RjHtwAeg9J8UQP/wAIh4mJeV2fw/qYJORki3kHJxg4APA5x+dS/AyGX/hT/hAw5G2wuQzAFix848Y5xzzkkHjI4yK2pLDvNaP7qj7N4Sq2nCLSftIWaXRpdtUu99OOrUxX9j4hrEVub69R95TakouE7q8W20078tnf1siO88AeDrESPZ+FdFSSKC4dZDZwuyAQMQVOzcpyOCOB/d4r53/Zp8GaFrPhjxJeXWkaXPcDxrrqiWeyilcRreyYjRmDbVABAUfKORkkV9fTWNwYJ3aOV5Xt7sNgNgKLZ+p4xkdeMcYHAFeE/shaVNdeCvFcgHyr468QLgg5z9rnyBkZ7HAHHJ6V0VY0J53ly9nTUPYYpuKgkr/unG6tq1p00b07vlp18VRyDMpqvWc3icIrucrxi3PRO91brpZ630tf1Rfh54cidGt9G0dSFJbZYwlsNz82Y+MYB2/LzgHGTj5jtfDOmyftcXOlm3tBbx+C1kjhW3jEQdtpL7Nu0ZyegPAweBk/fv8AYjQQySeYqgoMrxnofmBPBwQc7TjB9BXxJbReX+2pcQo4Lf8ACFQ43ZAxsGSc4Bx1I/EDjnozh0owwkYRpr/bKN7Le/u2bSureffroeXktXEVJ46UqtWVsBWaTlJ6txSdtr2WjWuvmz6fXwTY7Y2aC08vccKLeI5KnknCdDySBgD25NeRfHTQdJs/BFrLHZwxK3iXR4XKxRqGD3EW4fKCwVs4IyT1UY5r6shhAijV/LKZJPzRgE8/MM8gBc4Oe/Q4OPmj9qR4o/hzatFPGir4t0clFZMD9+ox8p4PqTnGTjno8W6P1StGMIN8kLXs5X5oX3206rbvcxyutjamY4dTqVJQUr6znbSNtrJaXel77Hrtno+hRwQhdN01wIoM/wCiwk/6hCCSyDLZ5PpkjAGa7vTtL0W48GfFR5dIsZUtfAGpyIwgTEbqFAdTt4YAHBB/hAHBXHgFt4gljjgSO6iZHjgGS+RgQoTkk8EAY9gOeCK9g8JarJdeCfi9EphKP8OtUDMJCpyApJBzyR2A6kHBzzWma1Kf9k4lxUU/Yx1UVe/ure1lvr5WWrsTldGp/bNB1JVLLEO6b1bvdaJ3s7Lyd1c+TrKwspPh7oTwIqbIIyhX2aQgMwyOCPvenHqa/Ybxfotvq/8AwTl8SQGEXBufhWJ5nclsfYmUF1GT8w3YUqeuRuIzj8dPD0h/4VpowZhkROpy3QR+bjJJxx9cnjgE1+3vhfSn1f8A4J6eKICxJi+DWrE45GQA4wc8ABeD3UnB55/J+NIRceH6unu4jDKStvFKlddnqrPZav0P0/hqq/bZxSTdlCs/mrJJ9NW3d9bJapH8vPhv4N+BfFHiK6tdY0ODyzo0MyS2peCcS7MGTdEVyQQDgkk4wTjINfXP2YI9Inz4Q8a+I9FbAaGFrqSaGNmBAAjZiCBwFznHoCQK9d+Gg2eJznDsdECAhhyVZgpGevTb9CehIJ9i1IBp4TkE/u/m3dc5K5ByBg9sY5Hrz+0YPA4SpgYc9KDlKKXPHSa0XLyyXpe2nnqz8nzbNcbh8wnCjWkoX/hy5ZQu52a968U7pavXY/OzwzpXxt8IWWqw6beab4lsLPXbuGZb62dbh5lCu8rmIBmYrydoOT3GAa6+D4r+JrBTF4k8CSRERzCS402aSHaPLI3CG4JcrySNoBJJAJxX0p8PUFzb+LEkVcx+K73ls7uVUcY5GAMAdM8kg9Oq1rRdIuLGd7iwt3cW8o8x4FZzmNsLvYEq3XaQRgnGe9KGCj7C9HE1qSSaUJSc4Nq2i0a9PJbaM0nnHNiIxrYOjU5vZ+8oqErtR5rctr6u60ai0t9UvjLwT8XfAcGl2tjfatNpFyst2wjv7WZEUvM5CtOQI26suQdpIVsmvXrTxLoGradef2Pq+m3ZexuQot72J3LlCSTEHLKuMbgecenSk8BeE/DGreDrVNU0HTL4td30Ia5so5X2i4l25Zk3/LjoScDnjipLv4CfDrUPOaDSJNLu2tLiRZdMu57Qq6ozbgsLRjjA+XAznBBzSpQx8MJGUalGrBU3eMlKE7NJrW9r/r8x162WTxs4zp16c/aJOUWpQ5vdtdWjLW22t9LPtS8KpcHStPDhlHlynJYmPiRhyQRjd1OORnPvVD4xXF2vwU+JSRySJJ/YVxErhxhonVwwYAZOVJ9vmPrg+c+Hvhh4usrNJ/D3xB1mz2STpDZXkcd3aYjnZVAZxJJs2qF645O8HpWX8T5Pixovw28ex+IdP0fxBosmhPA2s2DyW9xa5BQSywSYRznOVQEheg7nhxNetHLakquGqKPsJpzi04JciW61STd72to79z0cNQoSzOhGniaUpKvD3JXhNNyWzfut263e1vT8lvA/hOXUdVsrKNVla6a3RnlA2RF2GS20AHBOMkDPTnJB+7/hD8NZ9H1Tx8r3atBaabbw3iRBdsjvt8pE6DaSRkYHBHAGQPkP4d67Y6DqUM8tpcanJm3miS3G3eI2DMrsRgdMAd+R2GfrXw9498TG08b6z4c8Ll7PXrqxsdSNyzubAoqeW0Zi3YbGSRnLZywGOPxnFc0mlFqCaSTbu7uUW07dEk+v37n7TgoUY8l3JyTjeKbsrWu7313Td29H939BhtNC8HfsQE+HbNoJr6XRReyK6mWaeS0jW4/eKQRlSQV4yCSw3cV+ZPwz1aHWvENzpM6mO4sk1y3gEpUK0DwzOqglsFx6cnALA/MK+0/AWo+NPEf7EUl1rUEcth/wkWlx6fJbLIu2G2ijgkDqyqxxKCGLcgjB7mvzjsvtOmeIr+6i863v49Xv4rZ0JRR5iSKQQCAww2CuCDnJ9ufB0pUoYhSbm3Vk5avrGLWl99rNJ9T0cVNSnRkoe6o7PTTRWT897q6a+SfY6XpBhufLcMCum6iN6qByLokcnjAHU9P9oHNc7rNn5N7dIZC7TS6Qycg4B8sZ67shiAS2PwGSfSPD2ptqpsrKeDy9Ug0u/WeM7EE6lywkXPUggZHcjOSRkcvrtls1KUSKI5EGksVBG7O5CMlunH3iOQc4GRgdMKqk1Fp3tHbbVxbV7q2rvfS2q10ZzRXNJNp2drSaXup8vb00l5a73J7+1lZZ47gFkTWtPVRn93GPI6kBh19OOh54zWdBbpf+bZSMAovriJABwwZWyeMlgQcHHQgHnJNdTdWL3X28sfv+IrGM5YAf8e7c8Y65JHB+UHqOnP2NnLb6hYwsCRNr9zHgE45BGCeOpPIAx6/MKj3fZzlukrWvrrbXW2itdO6vc6VBqUUk0k1d3fvK0Gmt1q10SuklbRo5Hwne6l4G8RxappUgJtNQhkmSQFrd1spxMqyg5G12jUc/d4JGa/dTX/2vfA/xq/4J4fEzw5ZarpmifEGI3UnibwzepGqy+VIkVvf6WHALylcnMQO0Egk8ivw3v4DFP4ksx8hguHiYnJGbgsc5424Hyr7578Dxe+urzQ7u2tH1C6SwlmmiuTFK6hoHZSyToGxLH3G7cQATxzX5rxTwfhOIa+BxbnKhisBiaWJo1YPf2dWnN05afDOKto1bS13dH1OXZxLA0pUZQ9pTqRkrPRxnZQTi1qviel+r1MvXtLljvWRDH5kOi/aZCPlVhKuS4AzhjjLHA5z64qLRZi8tlHIQSltbqFUHBJSQkYxkE8A7jggE+1dF4gey+3XctvJ5kJ8MKkL5ysmAAxU4XdkkErnoSTgcVU0KOFJ7MpGCXtrHLNg4YxyZIyAc5GBwfu8AHNfaUJuMYx30UG2+qslfS7a2fk1ta7+frJOc3H4U5NX2aSi1pbV/O8fRtmn4Ta5K3axxlU8y7XIIDI28EKSTyOQuOpHFemlZZn2yRrb6lZx2q2EoYLKJAQVyDg4YkA54bcc8njh/BSxie9SVxt+23S7R04kQgA5JB6dueQQRyfVvEVtbR3d7cA7ZYIbJ4XXnB+UknGM4IyScnK5x0r1HdJRbV04u/u2WkbK9l0e99Or2PLUdW0rRb1XMlqrLptuldNa33R6beSz3tjot5dpnUjqukwagoI2mWBWXdsXBIKkNnB49Og5TUP8AhG7ux1a31a+dLiwu79RAspiRUI3LguVXJJOAQCW7EgmrumX0slxp9zLdB5DqFgAg/wBU6KvLAHOWCjJLEHj0zjD8WaW09t4nvo9HN7FLf3Jed8KVCqpYRYBV8HuBlQc567fquGWnXqy0UoUXs7XvJapJ6Wduj+69/Ez6N8LSjpZ1Unv0+1o1d3Wrv1b6plv4Nz+HLbXdUXRZmdp9EcFJykgLJIC4GMhFHUFhljn5iDXoP7a2V1f4KvIlqSfCUR4B2OrAld46Zz8rdskH+LNeUfAKxceKtZjTS1hik8PSvEZFIcqrZOeOoyQSOMDj0r1f9tqTOrfBiJY1APhCLcARkKq4PzE4BON2RkAcnFebiFfjHCK0m3FtX0/5cPTW13ffS++530Yt8IVVdW9tBNpNptVqevSzut1e66aI8huQJtB+G8Md1Yxq2r3LPztVVYYwDkYIJHPucha0tT8L2sYnuU1bTGY6lFFHErOxEZfceCTyehJPIXjHIXJn0mO40L4cwx2ZMrXlw6sG6EkkN6ZOCRnA564Bq8RNJdz2biONY9UhAZ1hbMiyqhQgZIY4wNxyTkkjIA/QsoVGNCtKoqd/a1km23JfvHpry9V6NNW8/iMxTc4QSd+SDjyqTT0jdN+611a1d+j0PJfH8MEninUVngM7Yhhhmiik2hBCilsgcLgHnPoc56/XX7JGiW6+MWiiuWUf2EX8tY9pVgdwQuRncO3fnA54PlvjvQRZ+JbyG8Z7cvHEzooRSha0V1+XGSHBGACCPcgV7l+y3oNt/wAJpLJZ3coYaYJX3yHjbJtZflONpxgEZHtxhvl+IKq/sPFpbezdm27PWLV1zeV9dLpWufScPUms2wb0dpq0UuVq0VdJXeyfnb8/Fv21pTD8WbpCd7/2NpqKGQs5cPGVGSCQe3QZGe/Fcv448mz8J6TLdP8AZrKLws8xk8veAJ4grgKAQCJTjKk4y2NpBFd9+2cLRPi9qE1xays8VtpccbKxAIxGScFcknngrjGSN2a4j4g2Flq/hTRrG+uLi2t5vCs7Eqdx2pOxUE9DyMEY54A61WSxlHKMpnGa5o04y5bN3bitWmnbmTeqSst2zDNUpZrmkWvdVWXxN2krx0a1/rd6I8m+Glp4Rbw7pbWzWmpXcly63AuiGki81iCVQAGNVB4ztHPGD81fdHxE1TwpH8IfBHh/TryGKwtWne8s4WQxQziNs53AbHkk+YYwMEYyOK/ObwNpnh/w/L5VtfSzfaZo8+YDlFG3cEZcbcHaSeeAB8uCa+ofEVjFdfCRrm2dBG2uiNZmBJYtEcIGwTjI5wQCMjjFe9LCU+XC1J86lHERnKMpNpTafNGOuqkm1Z3S7OyPFpYiX7+nGMVF0lFXVrap2vfVNpp6WWup6V8CLC11DxLlL7y0TTpMorgEKCQmSMZBzu5yCBx94kfLv/BQ/wAu18e+GlWWUP8A8I5CrOQS/wC7uY23KTkYABbOSBn65+gf2XYWXWtbjflrWwhRQ2c5Zo8lT97HOcdeMAdc+E/8FIdPmf4j+FMqkYfwwScF8kI68jHOSOD36AtgDd8DnNOEuLaaV4KeDndPqkldp6aK17q2j1vY+0wTtwZWjq28ZTtbZvmjG+r0tfpZ6/Ir+A/iT4ZOjaRb3HiXVZp49Ms0u7YF9jGBUBgbB+4EG3gf73U59f1f9obwifDGmaNpCarbi01x7qdQ7GMnyXQEqo5Bbp0YZPQ5J8D+FX7HHxe8U6PoGtabf+Hra01rShqFs1xqCQlLZlBQybpAN5XBMfHQg9MV3erfsh/FPwx4X1DWr3XfC09vZahHE4ivo5ZjJI6qAgRiQoGCTwT1A7H4HE0eCJ4ypGWbUniKdeSnRhWs41bq8eVK3Mne7fn039ehW4mhhKajgKns3TjKE/ZuXNTShaWrb10u7pN3Z6bbfFnwbd+EtIjlspbe8tP7QuZrnz5ITJM5bymOGX5uTwp785GcfDfxC+IloNWC2kE0sSyG7kaad5syNu3A/MQFIIY9AeOOlfoL8Iv2F/H3xX8Nl1+IPgvw9cC5u7eO01e4EUrlUZ/MUOUJRh9wdDgZyc7vzw/aP+AXi34JahLBrOsaVrqNdXlkbrS2LRJ9ldld2bJBRs/IwyCMcHOajLa3CNbHzwmXZhSxGLU5J01KblzRcXKLbVua6d7Nu3RMWLnxFTw8amLwsqWHjBe8lBq14atK7a8tO3VnY/Bv9q/WvhPcf2h4WsLGHVUvhdxXk8fmKhUkCPYQcoMk5HII6jHP1TaftffE/wDaH07W/A/jHU7S60eCG58WrCieW66paptgEbnA2AscDBwQAcZzX452lzsmRS7BiVJAYHgjkY/iOeoOepABIr6w+AWl3mt67q9jb3f2CRtCuGa8QNuSMD7rAEkgk/MAQDyeMcfQYfgvI8RmtDNauXYeeYUKkJUsTKmnVhOLjyOM3rFre/a+12eNVz7Mo4SphFiZrDuEoTp3fI1KzaaXxJ9U1fTre59F6bFI/hfSpnidZZNSdtxIJY+a2WUKevAwT68AjGOrsI5fK8QjcZdioz/MNwYgY3c5ByvQHvwSOa85Hg74kaZaWkeiapaatYwSNJBGzAEurkykbyzcjjAyO2MgsX2/ijxroTamL3wyZ4ruJVuDbq0pVgAPN3KrKGypyD3xnBzX7fhMSqMKFOUZw5YqDla8XaMY6u779rW62PzPHYZ1vbOjOnKUpNpcy5k1ZbNpO97aLV9Lqx664kku/DTSxsCbSXd8wXPy8Ed+SOoOSQNxGOaRtY/IuCrAtJqWOWORljx17Z5Hr34FchYfFbQ57zQ4tXtr3SP7NikR3uIiS+9TgFU52gjGePujqa6XT9c0XUWK2mo2U6StcXe3zERx0KLsJBDgdu+71Fegq9KTfLUi7pPVuMrtRTTTaSe6Xl6o8R4TERsp06mqV5a6J27Jp2vZXbta+pveSy6neLuBVdNLH5uo2fKeCSRk88gYGSCK8v8AiPGzeD4X+VQtxbGQ7iQA0oAGCe23PTnOTnIA9TiH2jVLtsko+luwZSrD5UyF+UkZA9sg/e5IJ80+JEIi8El/NUx+fanaFyOZsEDAOORnp155xipxcZSwteUb2dKeu937r87qyV+nqbYKLp4yjFy+3G991J8r+HW+yd1bfR6NL7m+Ak4n0nwhvmZHtNEulUn7rr9nLAfLg8nA5/2iGzmrqtcwXd3dkfuPOu1lKRjC7pHwxBGBnrgZwMjtmsj4Hq6+G/DU8C7m/sW59Pk8u3BOemWAxwSM8LkA8+hWkULWd61wFaG5ikyoA3rKWbDHqDhiSAMcZH8Ir8nxvLCvOMklortJWcW76W0Xe68tbpW/WsAnKlFvur6rRWik0vLfv0bPNPFMS3WqebEBMf7Lj2uuNzkOu7IyDgcDoo4OAvBb+4X9jhf+MT/gOAQMeCLTn1O1OeQQODnBHt14r+HfxEkllq8kUUxCQaehBxtO1io2kc8ZGRjlwCTgjJ/uL/Y1O79kv4ESHknwVbHJODnCADrz9PT/AHQa+dzmSdCnLmtaytq037m977LRb62T6HpqHIqScZO9VNt66qKvqtHe19N7adEe/vtzyMk4J3bQAPXI5Ocd+MdAAQKXG3bgjA4ABBGByD+IJA/iHPQjNP8ALwT7c7RgjLdznBBxjkDHqM07ywy445J6fKQPcZH444HIAHb5e7VtG27NeVlfstb9PLSx1pRSsmtPx2/BJ6bLV/KuAfmzkEHJx6e3Y4zkkA9fU01srkZLLnIwoGMjI7DOcfLgdeR0yZypO45LbQRlehHopGPlAIyeOeehppUbgduSoGMEAZ6cjgdCQeCue2cVMZd+mqdnypWVtbtPv6N9NR6OO6vZq13aW1tIq+t1v8mytkkg8c5yMEjnjaR64xz0AGDnpQTwSGALMPl9+pyckgEg4AxySORVkqvZQACDjOTg7sDcOTj2wC2ewGYypQ7gAuCTz94jOMgd9p9OcjnGcVSbctu2jtv7r7Xe9vl0uiZRbWstFrby91btLdK6stFfYrlipweARuPG7BGMDJ4ycgntj5mzhTTC5JwVIyckkAE5547n32gjd2GSDaC5z0IA74ydwBwOSRjtnjjkcnKFQMfXGSeMKSByCCMY/HGeQKtPyS08+6630fp5i5Von5X9VbbbR39L22dkVhhs4OASMdvl5BBz7fj2x1NAALdxhztLc4xzxgDI7nj3PQkzFPujaRgnB65zjgg9DySB7d8HLiuCcDhenpnoT7npnjjjsaqPvN6NvpqrO7Tae700vyq+10UnZW6XfKrtpXa2eq3dr3lfe/aBjggfKcNjK7unXGeBg9mGee5zSHjcNjBQ3AAGBkn8+oJ5/U1OV6dBn6n5foDx14PJ9QeKMrkgrkgbR0IyDncTkggA+2emDWl7N+75vTfbS/fS2nTr0Eopt6K1uzW9utlp011T9bFYLuOQQARlRjIVhnjHc5xgjlR0H8IdtAAySuMKRg8E4Oeozxx391ycVZKghD078gAEDH8OSw6/KM8DvwDSFM5O8YPPTGM88r3PYnnnGCSMVopJ3tHV2WydtVfyv0Ttp6tkOfvPR21b2XZWtZ6b3S9dNCsF53DHzDP/AHznBPJ69QOR69xSMoZTk9eg45yc4GOhGT9CScnBxOVBwCRjkYBABB7Dvgrkgn5h36HEZ4O35eSQMHOV6jIB+uCOSAM5xVJdfeXrdt/C/wBLeaGptK2tn59FZbdbtO6008m2M2ISx5OAAhyAcgZbnoQO2cAnAHTFMKZOQA54JHJY7R8o+8Om3O4eg6EU5sZCsxJBxgburHaCeMKBkjA7ZwOcGReCgJJPzAYAAx0IGTgsD25zwAc5q1Zd3tvfTbvv2d+r3YpO+2itbW3ltppuvJq25FgEAlSTt6njGc7gVP8AEONpA9O5JELjJ44GC2eQcgDAIzySQeD6j2BtMy8ADPYZ7HPzYHXtgnvxzgVBhQRtAADcdM8c5GT35AIz125ApLrvrv1/lXTa3da77q1s9eZK10tHdau/La3RrXW6t62ZAFUlgRtGFO7p0PLnHQfXGSeQc4IApyAwYbmySOTnAXrkHGMjttIzkVLwSTzgjlTtxz06cYIK8DOeOck5hLZ2krwASWAySFDDJHJ65zj5e2eGFPX+v61/Auzb0tezd4v05tV1bSuurGkEgDGcggE44xyTxjO73IxwRlgNsLgYG0ZAO7HBBK4PHA5Yg9eBnO481Oo+7vYt8xxgduvzY4HXJPQHjtQqAFQGGQ3yrkYI+pxj73HOAPcbTK5nv8/uT0+d7/MhynFLTSWyajq7K10lfbW6T1tfdogQqSA3DEs3Uc5OAuACOAMMM844PNOJwSQemASMEBcH7o7844HPUjOCKlESheMcMMkHjr05xznPTgcgg8CnMi8juSTjAU7gTzg7QcjIwoIPXHQUXS8u29unbbX/AD6iU9L6qyjrZpy0i3o7XvK6b1TWn2myLaN2V5Zge5JxxuJyeB/CMDcvoMcRHDNt+bkLnp90nJCtnG/nGM5IO7JqcLzgEjCnIwOCDyM85z07jg9waiZcHaCAWwQPQEE5PPI6e/HPTIpa9H0/H+tjdrm5ZJ2t7y0u9V6+e3y2AAY4AxuAA5YgAjI6beD95vfginMDggNwQCcKSFA4GMHj6c9DyOwq9COABgjoOnXk8DjJ4x0+7Sg9DgkdxnkDqCcnHPOMHt7cFraa9u/3+ffz0J5XsrPv2V7O9/uenZX3sIxAHUEkggEZx97Jye3A4HrkGmA8nawIYYGRnj2Izye/zEADkCpCyggkD5chSucjIGSehyPQZ7jAyppCAGGAoHA4ySQVPbOOcAN2GTjvRp6W2/D+vwMpRvJK/K9rX1UZcu/nfe6ad1tZpgRWP3iucEdeT2Gex5GW6dhyRhjoVJVWDEpw3BzgcdBwTnp6cYxmlwCBgAkE8Z5C54HGBj3xknnNShBuxgE4BByBg8jDYwepOOO+CRyTKTV9dO36t9/68ieWVkm0lo1LVLWzWr9I3aWjWr1KuWAABJJbJ6EDhcBeh6ZyvJHHrmoid+RubJJ+9u+XHU4HblvU59xirhjGGGV3ZyRjknAyAR0OSeTgbc4ySSWNGq7icEjBAGTgtyeSOo6ZJx375q07X+emlumzfmuttrXsyVzaavolZ3d9Ol9Hez6a2SS0tAIy5Ylc8g+20dBx36kHr02k5yFaPaRuG5SCcDHodpLdRjuMDOfapxHjcCw3D7vJwoUDIPAz6j/e980jLkHJJyFxk5P0B/Hpj0B6czzu61VrWSVtn3V725evR62taycNU73uvnbRttJPvr+Gr0pH+EMmF2nkgBuN2Cx/u8ZGOevXkCLAYkEYHbk/MAD1IPHuc8E9QMmrbLuJwvOcEnpt6A44JXIywBBIyMEYIiKKuM8NnH3SWPDD5emQRknGDwRnNXC3XVvVPXZ8utubvd6a210vqrfC732dlddtHt22d99NN2lVKjtvGVHc47+oI5xk4A+YVGAAygcgqcc9FGexOBjBOeRhcDPFTFHGSSGKnsOfujgHgEZPzDGQSehAqPy+ASeBgdAueuCOMgc9ec4BBAPK5X0dtrX3vdJ9EtG9+9lYpVJRbfKrbaJ2d+W767K6vppZX6FY8AsMY3cNk4APGMZJyOe3HYd6ThtvP3h3KjYQM/Ng9DnI6kN1I4qYpnI2jOCSuc8ngFunzHHGTzwQCDkxMgU5xgZ5LevX25x97OGUcgHAxettUrPTbRqyvom01vqtLdNWJSV9VK11ro76xba9dbfc9rkJw5X5sjLK2MgAAHbyABgk9CTnIJOVAYwqkjPGCCOB7AA8cZIGc9Bn6vKkAhfm+cZPJHYk7TjqOcdieOAaYFPz8AgsR0wFOFGD/wChADknAOQMGr6a7uy01vtfe1tdLNLrsyNb6PZaf3Xp6bdrvuk0rjSBu6DaCTuHU56AZxgdyep9xkhWZAB6gMMAZOScehbHBwOT3yKeQ46A4zntt4BAYk5I9PfHHeo2UgBsYLYzyPmIbBOQSc8dMAFQWx2LjKO6t0vbXV2tqlvyvXX3WlrsTBW29V90bX77WdltpppeIhADwRyQwGMZ5O3HXA56YAz0FNIxklhypO3jIx0U44yMnngkZ3EnJpWQg7gWOW5OcnIX5eD1GADxxngsRxRsJVQexw5HQ55I7DI46Y7ZOAc6KT0S0VldebUU3pdXvot9Om4PZdLLdXSvprdabXWl+lkLhcKQQTj+I8kdOegDBfXGT2OdtDuvygFic4x03dO2cEHPsxAGQAuDGEK/KQCCx3ZJ4xn8BnGRk8kjIPOXKufLLEAnJJJJbHQcZOD2Kk49iOmkXHZ76NrXy79bdLrvcwkkteVpK3VXtpr39NdE3srFdwZG5OCG/iGB83APp3wVGMgjgMMUgh65AyB1zwQT0ycDG7oc5HU9eLhj3FjgDo24HIGfYEdgM447k9QEZCVA7YYD5do9e/OMfxH8eBWik21q4qKs2kr7R169fK+rYlyvTV6Jteija6a1Wl/mmupRaMdQAeOQuMkY+uBt9DyegBPFNMSjbhBxkMTkjkgA8c4wQevJHcDi4YycfKVIHygfMNoUYY7flYYAxjOBnJz0gZDHjHA5OcEhcHoc9z1Ck9AccA1aez3ur30Ssrd7tJ3bV+br5IeiXvQk+lktemt9brs+341GQgMPmwcqCcEY6HAHP0HHK8cHJYdu4ljn5W29t3ICk88dMYwM5HrzaZWZTjDMQzKWwByMdBnnA6Y/GmMpB5GAwAyBke+Sc4HJx/F1x0OKjJdra3VvPlvtbZ300smm7B7rs+XRqOmu2l/Pve2uruloyuEAU4yPlO4k8KQQOP4sZwexPTHAIkCjJJO07eOx4OAOc5PTAOP9pTkYk2E5JXIZQwJ4GATg8cNjjb1PbkClAzghccZOec846fhwO/qRQ3/X6+r/ABCS1T5XstUmrrovs+ff/wBKQwhcMD3GAQR16DjPTt/TkUxiRxgAYKnJO7O0kZweCRjp04PTOJtrkbiAepBIP3jkDIH8QxyD6ZI64i2EkkBR8u4dQCCOcEkcY2jsFGMgGle92tUlrp6W1bSslvv0Wgly3jfy+bVuz0077aabke8ggYBGDtPBA2scDOCD3zzxwBnOaRzuUAkMAAQxBGc9BgZYcYABPPXJzUojA4AxjBI5IIHTkdQSTnnt2yKXYuAcYyenb0AIGcYwccc9RuBzQpJ+d1e115dnqrL01vuDktOW6WlrdVou1m0lbbW3d3VXPB5PCkN7ls4PPIHQbc8ngYGKaCTjJIDEYJBz9D35wcHjgcDFWG2EEMCfvMACR8w5GRwckc4GcDn5ajVc4wBnI7YPy4IxyMnHLY6kdcg01fr1XXdJu3TTTRK+jWt3dXiXvbrtr30T1s9ba27XWm9+z8KKGt/E4OGJ8NasMgDBJs5h9Tg9c9/Uiv4NvHZMPxG+JUewSsfiV4sUqzDgnVLjYRjp/s/j1Nf3oeFArW3iTJAJ8N6rz2yLSbsDzjAJPGevP8X8G/j5Et/if8TvNcKn/CzvFGRtyxc6rNtPUt0/Lr3rhxbfNBq9+Waa3suaC6aW37ba22PYytNxrWvZSpP7+be/3peV1dav2vQZWt/DgtJGiRLm4sIyrLkKo8twAf7uVBIAwOpbFfkd+1jMv/C0tfRYRNM9wsOAAV8tI9wO3HALYIGSeoxyAf1lsJG/syxMahiL+zJM2Ofk42g8jqDwM4yORzX5S/tSwq3xV1Z2YQNJqluNyqWOGUKw25+cMTt+XqOAR3+64OX/AAi4u7dp4xqStvHlhs9tGna/bZXPnuLE1m+HT+xhaUklazfNFvXqtL99e9jy34uNq3jDTvhlbS6tZyrpXhtUd7SOOyOnxxyo5iupAVaYhFOCASCMY4JP1zYeMvg5Yah8OZzqcGsm08L29rqen+H7fyoUvliGft104JluXZf3jFyO+CK/Lrxkl+viHUIkm1S5t4h5Tjc0McMTL93lgqiRgCexGepPHrnwr8T+AdC0zQZtflvNY1Cz1B3g8M6JDJLfTu5HlrcTRgh8tj5WyFyeMZNXhOGMvwuIwco1KtOGFq4mcFFqKm8VVU6iny3bUXdKyT6au5vjeLMdiKeOh7GlKri6eEp1JTTm19Tp0qMJRu7r3Vq293a9j9xfBv7Qaaf4f+HUPgXwJDaSjxvbGHUNTcHPko4DrHCRI+0lSGOVwc4xivfvi98Yfih4m06QeJfG97p1g7ktb2txHpemW8LBSVedWildAOOW3Z6H+Ifl7oXiv49ePZvh9p3gr4d2Xww0Z9blXT9Z8QKs2pyqocNcGzVWCBU5U4JLDnpz9VW37JM3ix01D4v/ABK8SeN55Zmml0m1u5NN0pMNkRpDavGGjUHaVfgjGc816lbIMD9drYiGClinePLUrtqN3GDbtU1snu+XbRaq5wR4pzB5fRwdXFukoRlzRpKKbSa05ovorX1Svozwn4l/Gr4a6LpuraRZ6u3i/wAQ3GmXduYtAtpdavWlmjZCZLuNZVjXlt7Mw24O7naT538Lbb4wa94T0O28CfCqHRtPay2p4m8ZXJJOZGLXUNlEUkdVDNsEinBBzzkV+k0Xwa+HHgbwlqtv4U8H6PpTw6NeBLuKxik1CT92R8904MrM2TlmYHJz1qh4PmtdH8DeHJNWu7PT400hTG19cR20aRBn4Xeyhjk5wvUHgfdNd2GwNq7lJxoJ0lFwpRSUY3StzN391JbbrbRuJ41TM3KnyxTrLnu3JylJytH3mra6J21a01PkOD9mPxv4neKT4mfFXXLuJmDSaF4XCaZp5VuTC0ibZWjAO0knJXcGI3YqXVPgR8PPBXjbwNFpfhqxaWfSNdNzd34N9dzNEsZWR5ZhJiQYyDkYJJBOQa948S/H74beFmkCahJrd2AxY2YWCyBALHOoT4t+DjcQwBwuOeT8J/GL9tSwHiHTTo1noFpf6ZY6hFFJd3q6mIY7wIDJI1i0imRdoKxITnqV9OuFHB4eVOUeWpad5Tm+eV3y6rz/AA11MZVMViV76ajZ2WybaSSaVrNPV3vfoj7W0DTbez0N5VEdtbpOQXfEMMMcbOCScKoUKCd2CARz3I8F+Ifxi+GXgP4g6fqN9rsF81t4ZuLfy9LIvZTdMCBFvh8xVYn5fmAxk7s9B+fl78WPjh8XCbDwxpvjLxPHdS7Y/s1pPpXhzczEEpIEikaPngSkkrnPG0V1vh39jr4seJ/FHhU/EnxDH4Yt9fS8gTTNJRZ72CO2RHbzrggh2O/AO/dkdSeR2uvLmUqVKcuWUEmo+63eOzdl57u6evRnDKjSimq9SKTi019rlSjey32TtpvqtdvNf2j/ANorSfG/jHwjdaToV1FHosN7KPt8qlrpp02D5F2mNFA3Ddwc85rxW8+Ld9JA8X9m2ESqwkO6ZnO0sX2naTllz0I5xxxnP1n8b/2Wvh98MfHng7QreTVtenudBu73VLnU5282ZkVjCyBDhMMOQuMnOccGvKdQ8AeEtLjufsfh63E32VnBfc4Lgdw+R65HG7IHAOK+pyzD8Q1MPUnQxFKhRc22m2puyiv5JdNtbNb2ep8HnGL4RWNhQxWEliMS4x5Z8l+VSkrKzkrNS7q/bR2PJtI+KWrW8O63/s6N5GMxPlSSEMeAAAW3EA8gZHPHPXAuPiHrUusarc293cme5lhNyLOxDIZABwgKYVgB91gfmxnJ3V9Z+BfCmlXuj6dP/YmlrMocsTaREs2SoJwMDAx0PuAcZPNDTYbXxB4nihsLBAmoxDb9mjCK2xclTtwowMZBXnqQa6KuDzSU8H7TGe/Un7soX6pN9k2tVd66a+XFRzXIKUcwjhstUI4aivaJxhFNc8YpbdJNN9vxPBX8beOWKPbyeJSrKN22zjCY2np8ik4yCemBgH0qwmsePruSKRP+EpkG3nbAgbeepOFIK5yR1PTjg5+pYQyxKE0+CRnQYyqjhTtyFTaF4Gckcc9sA974Z0C9vfs87x20Vs+dqjO5nBJAY9gTgA455xzXpyyTHVYO+Y19Yq6fOr25et7ddlt3PBXF2VU24xyyhyqUfsqO/Lq7Q2fyej6tnwfpb+Mo7zUB9n8UeYbvzpzDAhcyOmVa43IRuIONuCMFckfeHRXA+INwYzHYeKSSFHzwxLkZO0qdnGFOTwOcgdq+oNIsb1PE/jW0WML5WqQEtG3zD/R1I2h8BRggY498GvQF02eSIRySzxkIuCSAATjjJyOOBnsVIxtxnzcNkeIlQ5o4zEtKc4pRm+kkt27W32sv09TGcVYDD4hU3l+Gc5UqVTmlBN+/CEkk+VvRNWvbysrnw9Jp3xLkimEdn4h2GKQXLfu9ojVCGUnaeMMQynHDfezyWeGbX4qNp8X9nQa0LUNItuIpI0iGGIfDYGc4weeDyemK+0pdFlFnqRjvLl5EtLwsMnDYhk5O09s5AGAAwIx1PN/DPRdSbwtpZV3WNptRAZmJPE7ZBBOOcYzyMHIAzznLIascRRbxWLTlCTk/avm+KGid0923a26V1oaUuLcNVws5PCYSKjOnaLpw5XdP3mrJJ+6knZW5nd3TPnceHvjJcMWZdXUMM7ZL6NUJ4B3KjDjGc7TuP1waq6n4I+Kg0jVJLlmFqLWae5WS/l/eRRKzOpUyHBGOmM5GTjivtlvDV/Mo/wBKCEJkABgW56jYMH/a74IPHFYXiHwxOnhrxDPJcs2zSb3DncRkROxLJkghscD8OtbVMiiqc5TxOJcuS95Vm00rdHfv02v0Zlh+K6LrU6awuDTlOKvGlHmSbjrezSsttNV10bXx94c+G/xL1PTNNu4LtIre4to3tVbUpECW7D5QV81QCoHbkEAZ/vbzfB74lNIrNrEESIAGK6lcE5PAyPNywJJ75xxyTX0T4M0e8/4Rbwm8bbkfS4NqhVGV5HzFh0xxgc89m6+gv4U1y48to/J8piWZQuTtyNpJAHTuScYJyPWaOQ0Z06blWxMlKMbrnd72Vk7XtG+lnZ2aSXRcmN4zeHq1acMPhFyVHG6pxclZr3npbV676tvR20+HvFXwf8dWGh6leXet20tpbRLJPGbu4YurMARtZzu568cjp1NZ2nfAjxXcWNteya9YRxT20UsO6WdmjR9pVSoYKMdANuOcDkEH7O+JfhTVbXwB4kuHeJ44rJZZsgZYCRPkHQggAL2A5zxgVyVhaX1p4W0udUiWNtMtWCsMkkx9CTnI5OMnC/Tkn+r2ClipRlKrJQoqTbqab2fTyT6Xu9ndmdfjTFQwEK1OnQjz1ZUtIQsrRhJOyST3s0eAL8CfEUEMIk8WWQE6kApGxKse7ZVvlBx8x45GR91jIvwXvY9W8O2N54qWX7feSW/m2sZzCQpOTk4zu4J29CfqPZk1DUC4icxkK2PmQAd+BkcDgZzjOOBmolF3c+JPCsTTKrS6q6BljUY3RsWIKgYGQTnJZm6YI4dbJ8tpUG1CpJ80E7zlbSUFJW5/vemmuurcYDinH4utGDUIxdObuqcbcyhdNNLWz1632M+0/Z3C+af+Equxk5wLeMAqGODwAefQ8cZzgHGzYfs8Wyy7ZfEt9LyzExxxIykDPBAOMZHPY85ORju5hdpNcB724byGKE+YVLYdjxgkhdvc9h2HFWrJrphKTeXKhFypaRgTkbctlskjA/n7HaWCy+ForC6LVtzbvazvZyeiatffz2M45tm9SV/rzXVJRSemqTfI/K1t11bZwdh8D9H/AOE703RH1vWpY5tImvJ5UZRJuUnahwcAccdt3QZzX0Dp/wCzd4U2RO+pa9KSoYr9o2sQefug5GR/e9z0zjg9Fnu4/iD4d2XUizy6PeKXf5/lTbtByWPAPTJ5OepOPpO0k16RI2i1CQEArGVgA+VQDubjBGTgcnGOo5NcjoYSCnU+r39/3UtHpyvrtq++rvpdF1c2zNyo0ljHFyox59kuZtJv4ekba9FvoUtF/Zv8Iyxxsx1lkR0LCW8aM8d1w64PIIx+HzEY+jf2V/2Y/CviX9oHS/CtvpdzeTapd6dbq08rSta2j3C/apl3M28rH97r0JJJrnPD8Piie1gVr1ZmVVfPlLvwuD90KCSRhQMAEAfexmv1B/4J4/DrVdM+IPxC+NWrxyzL4O8JtaaLE0L/ALzXtUBtbaNMqP3yMUYbTlSD7AfI8SZphcLhZQpQdLEzaVPZSXNFRbVtrXT216Lt+l8AZTj8wzGOKxVWpXwdBKdTSXJKVkopppR1k1960tofrP4m0q38c+M/Cfwr8NqkXw8+DVjpdnera7UtX1K3jRDCwX925yjOynvnPPX33xrGmh/D+5kd1t7ewtZrl1BEeyGLd5UfHQysAu0gbs4GSSBi/A/4dS+E/CFsmq7rjxD4iv28T+Jbl1Zpnnv5GlhtmdiTiJCqLGWBBXGMZx51+2T8TNE+Gfw91fVtamSHRdA0q71nX5GkVEmaGFzpelHOMvdXISMoRyP4TjNfyvx9nE8XUp4KhNunh7Uo2lrWxFTl9pPTRylNuz7drs/qPhrCwwkZ16kVzTTm+Z2cILltFN6Je6tEr630P5u/29viyvgXxamnWsq3nibxlfpr/iOKWVj9n8NWhVrDSZNrFY/NkUSOv8SMV4BIr8K/jH8Qda+IXi2/8Q6vIDJK6RQ28bN5VpZxLthgRCSAFjAC5wDgnjII9z+O3xX1r4l+KvEvj7XZnlu/EGqXM9ukjMfsmlq7Cwsod/3EjhCLtQAZGSCa+I9fvpZpZ3LFJJmIweAFGTnsQFAAwCORngYB04XyiOEpwk1es4qVScrv3rJyjfpqklf1W5w55mdSvzQ5moSl7kE9LRta6V7aW8utr2RVv73ezbHzHEmQACVYn5iASe4BHPQj0GDj2urJHMzDDHbhQSCqZPOTznG7/dA5xWRqE1xFp6/NxM5SNtwyygnc2ASQCflBOPvenFY1k3luFLgfdL88KOTt5PDEfeyFIyOnOfuYRjdrd3S11VrJpuy1vrey9Ox8Zi5ytFpbq/TTVKSs731822nfo0ew6Zq+2JpUCmVpEjUkkLgkA7QCMrycAjnjGetdBqusrGgIMjGOJY2BPJZl4CjP3c98HnuM8eV2V5++gcELGgZwhc5yrHBIA4HoeuccE4xoXWo+fFvdkLENK5JI27c7cHuwwW4A6jgg1XsYvVK/TXb7Mn2uraapv8EcsK7ejvte72ekLtJO/TXS27eqVn3uo+axjk4CDeFUnl2BwCB82QfQ4654Ncvc3kalgwDgLkAZOJD33cgnPJHAzj1JDJL2NpJJd4BbajcgncVz3OBxkHBJ6+u048rh1JbAj80kHoSQCRkD04xg9OR61tCCTScbbdoq6slrs3ZrRPe+trFVJRlBWevu3jfZe60+vezdm3ttdDLidZC0hYJlCoTdj5mBIP8AdII5wehJBGeKzxIY0AB6MASWGPmzg4PcYGWzj9MxXUinA3AlvnbOCVCkgBR0IYdfw4GBih5vmsNzjawIxwOgOOMHIGeF5Ge2eD1JWtsl1XrbW++3W2vyOBxd2rK9tr97bN99NL36M0xO5feOOVyV5LbvVeQAwwx/2hkk9mmUq5Z5MOrnCqM/K2cIeBjrknOeMYGDWbHIqLuLkkOAFyQQNxyWIIHpnpgdM5Jq/AhaREDJI0kmdwySCT0GepyAAM/TvQ3pr3eu19u++uvz7oFzLurJNrW2vpo/N9NtNEdLolrc3l4kMQYzM6rEo/i39crgjC9ScY7nmvXNb1m18FaMujQTLLqNzFvvmDjfGpUnywchs9hyOSeOlYumi08B6LJ4h1QCXU7qEjTLdyBJGcEedIh+6vccA5O7rmvnvWPENzrGpXF7NM0s8jM8zM24ZJOVVSCcKeAOfYYyBlKCnq3FJ20v2a3vo9emttdbHO5yqTUIptRbcnforNvqmrR2f+aOon1Wa9keViV3O2xF5MYYjHbB3Zz3IwARnIq1G3nSoiPIOQHJYAHoTlicnB5C9uQPl+auStLgld4yHYggtjCqxPO3kkdcE5APXpivsr9i/wDZZ8a/td/Gjwn8JfB8ckK6tqEFx4i12WKR9P0HQY5Q19f30g+WI+UGWJXcbnyck7GrixFenhacqlSpy04ptzTSSVoO7d2lKy93/Etb7+jSXJBRjHmTs1GKu0kopq11bXe13bazOI8F6I9u6eJ9Rt3jsbV0TTlnQ7L676LNF0DJHgtkZAPBPru+Nr9L/UrQqgl81Y/MMoJeZ+NpHVtqE4APAAJ4OM/cn/BQn4caB8Afjl/wojwtHZL4d8BeH9OsbW6hkWSS7uIVAu7+5ZSds13LvbB+cIUXnIr8+bXXbeDV/wC3NSEctnbMyW8LqSsjx/KgA6YyecHqcGvtuG1QngKNeMGlX5ZXa15U43ve2llrZXbejSd18TnVWvWxNSLbcKa5Yws1qrNJpu19ubS/RO53mo2Fjo+kJJsiVprcTSsUDBpsZCKp6bc4xt9O/FfJl/oUuv69JJEksktzKx8qKIsqIuSC2AcBV4JIGeTjrj6G8TePLzUBYpJpVvHZ4LxQxkbmL52l8Hgjdhc59D3xY+H3iNPD2vahPaeFo9W1WW1/0QOYnSHzOoaNsg4OSWwCCSc9q9PPMdGlhZSgotQje0lyq/Kt9Fstl3drnLw5gaksSva816lT3uW7aTUXdK+ttUrO99rK55bb/B3UdVlgKNK2AEwkJjUN3DsQAMEgEHJIB56EzX3wnudHkt4NSvhC1wzRRQgxSFgpK54ODgADdgdDyCM19jW/i/4ianBPp8HgbSYlKiQiAQh97DqHVQTg8lVJzjDDoRyt54G8e6xdadfHQ9OtZ7UyOBK5kC3BJZEZWYgFiQoVRzj5jkDd+eUeIISrWxdWhCk9PdqK7+FLVPXlve10kfpWIyhxw6eHw9edRWvenOKfw2u1F82uu+ut1aR4z/wqXSNOtozEzXcjCORpHKNEHOflK87Tu4O48Y6ZxlLT4XzzrNIINPZfMAA+XgfKF743dSTzjpwea98uPAPxiEtpo+oWWmabf6o/mW6mHYHhY/IxLgAL0IwPqTnnp/DvwM+KPiO/l8LWktnqmtS3UNpaadp8bS3F1dzsI0ggW2Bd5N7AYG7cf4TgCvRWeZNSpPESxVN0Y6uXOuVNJOzbc3otW9La3ex5ay3MpSdOOEqKairrlas3FNJ3TbfLrsujbep8uv8ACK9e4SVBZeWp4RWGA/BBC5C/LyeeDhenAMWv6nrun28ekl7ZyqmJgtqjmOOJfLMZlKlgWAJGTgHB6cn7v8a/sofFn4GatDpfxb8IXWh395pMmpWFq106zPCYi4u3idgQkbDayYBjcMrAHKnwfT/gJrGrwxax/aMOzU7l5IxI7M0SM+MnJ2KAOOQAfQgc+1hs1yTF4KjjaVSjLD1XeNWMk4t3WzXLvsrN2te2zPBr0sww9WdFwkqiSfs7tSXNbq1FtaO71SXm2fGkOgma5MtxFcnzCzP1UDPUjG0YPfkLlSB616h4S8J6Obhrk6b5jQMrIksifPyfMcByQVGTnGR6HOa+sYv2cvtJktZL+Uyxwb/OjVfLCID8xcZCA4OQTnPHPe1rf7Oi+FdF0nxI081xp17I1pHKJgBLcZ8vaiq2/AkOSWPsegJUszyiU1haeKpudRXS5ocyXuqTW8tOui29TGgsdSc67oTag4pylFRS5nFW1Urvu3o7W6s+Y9d1GUFbewsbBVsmlYOsCtIoPBTKqAMDAGMHPzcdTxlvZJdtLPdw7pt4bKr5YAJ52dMjjGPunHTtX0p4H+D0XjHUtcs5L5rWTTbkrNHAW3P5jYRWLE4JJyc4PU8jJr6DtP2PdM8m3jup9Ya5mQPGI1DIyvjAO0njABKkgbs9xWC4u4ZyOc6OOxlOnUglKSqyT5U3Fxbb1te9u29ui6MTkfEOcQhWw2GnOlP3fde9rJrb5ba8trpH5u3tnDLa3UcNvuEaMNxGAhJGDkgksOGIzz2U4yeDt9Jn+2Q24baJ3XjDbccjDEA8A9fc8Dmv1X+JX7Jdv4C8A674wjtNQ8rS4IpB9rK+W+9lDMT1ZScgrzjPJIIUfJmkW1g0lwP7LsGmt7OKdJCgIQgYYAgEknqf4TknoBX0uRcQZRxFQqYvLK9KvSp1PZTlTcWnJJScPW3K72+9Hyma5ZmOSVI0Mwp1KVWpBTimmnyabO93eztay/M8cufDlrHbRyCRI5oUKycZJcHAHzcc8DB6qdp4HHH6hoFwEuZtxZJUJUoBwcYGB6jgfKCec9CcfRDzf8JBDJAlhZW5TUEtjKqLyzyKgJAyQobB6jhixJxx9Ka1+xl4st/AMPjmfVrFNNayuLqOOKMI0ktuoeSJQwAYbSqhvusTnJUcelXzHLsNVo0MXiKdGeJbVBTfKpz/AJU5WTkld20XS19TzsFhsXiI1q+GpVasaVpVLJtJScVdx1WltHt19fyl0vwxcatr8VqdPvtRnhs7i7mtbeGSRzbxZLuUjQlY1XqxIAyDnBNLrXhPw/dWaiCGKC4kZm+dm8yNA4B3YICkH5cYH4ndj9H/ANjXRYoP2nPAsV6tu1h4n03V/Dl99ptoriJ4LlGRlCOhQM4ULkYYeuRitf8Ab3+Anh74ffGPRND8DWVpp1nquhJNeW8CMA17NcMss4j+8GfcG4AXr/dwPyvF8fYXB8eLg/EYZpV8slmeFxsXeLhTqKFSE0l7u14tOzV1bv8ApsOFJYrhKnn9OuueOMWErYZpxleVOnKM4NNtq9001o11uz8y7f4S3V8dNh0TUJLe9vJvLt4PMCrOwGcoykHb1wWzgbcjkCqep6X4v0aaXS5YBfSafK8F+c+ZJtYEPuZMNgggbjnBBycfKPrf45/Ci6+C9v8ADaWx1uO7u7qxXVpriBnSa2mEaSTQkE9MMAAQACr9+K8f0W6TU9U8S3Me64a4sxM7SMd7u6AsxJGCcg87dpxlQBgD9ByXFQx7eLoVeelUbVOcXa9nytRs9dVJbX0euqPjs2SwUfYV6dqlNRc4NJNJ2lZbbqybSu77X0PG9M8b2FgkdlqNxc2kqXPyIw4QFgCnyg4TB5YnGcE17bofxAH9kXelabqlnNY3EcySW8gDvCs0e0sgbcd5IPBG4Hvnp8+eO9CKXFjK9rtkeORnZSfm3SDazAMOVzgZXkHvgCvT/wDhTsK+FItatEuLPUBp8V0rxTEeeXy3zKCCO2DtA6D0z9VhvbRUnFqSUor3W+Zu6dnZ9dmtF0a1PlsV9SqOjV9pKjKpFxi7+6ny9dpLe2mltNiOGGEi3hdl/wCPhyzSAFXTcOAxyBuyOAQeoO0Fq1pNHU3SvC+FlKkIvIIXqAAWO3OQM4AJz7V5Gtj4s0SS0Lu91DtacQznLOF5K7upwccDBxjJwSK9O8IeMtPnuLUaxFLp9yXMPmFN8IBwBhicDHXJYMDk4Hf1ozU1y1aUoSTjzJxaT0jF2fXVr8b26/PVY1qWKpvD4iNWLceblmnK3up+78SWrt+euv61f8Em7cP+2f8ABOWa1KbPFMIWYAYcrgZYgjB4C8gjJBGAK/uj8YsRr+rFTgG7kB4wT856jHBOTk8g47g1/D1/wSxmjX9sX4ISWFxHcWcniyIseMsSytuQhhuyewGM8YGK/uJ8Yjdr+rYUAfbJGYHg43Bjjke3TGePXn4/iNaYd6JWn1TvqtrW2v27K/Q/W8jlzYOm535mle6t0T07O6e60a0tZX5aLJwSucqRnIOctgcD/DPyn3q4qlUGMcnqWOSM/jx3Hoe3NV4owxwOmPlznGT82TzzkHB4II2lsrtq+kQCkk5+nGCeOnt159sY7fKRcbrz1+Wm6t2/Tse09fz/ABuMjAzjnaQflH6fTk+g/HJFWVI2gthjzgHJ56Y/+vx29qRI9pJAHIHcEEEfiOwOTggjB6cTiPGRtAIAODkfTJ5z0J9QT17AclrZrX/0nS3Xs2r7WfYS21vtq3p01/zvd6310GKoIwRgnI9DntkenHA5xx6CgKCcNwACVzwCRjGccc/w9B1yMdZgpKt13degAHPGO4OOARwcDPQmnlAMk9sDtjAGcZI9ByeT26Gknf0/Dpd7Lfbtp0GQgAjqSSdvrgdRnHYADnB+lTxpkDKsSQTuHOfUduAeM5J98nBdhcZG08H0GSQMHA4GFAAP4EBskSqACFPJ2HODtyCNwHBwp2gjjB6Femaab0bfR3b6PvbTtfdPo7Xdl5WdrW03e2t730Xktm30EVQwwNxPHfjA5weMY6Y9+/oBiQc9c4JAHBzwO4P4cc/NnPMo3D+HPVhtwByMYOe/UA+2O1NOcEH/AGTjHGR1xjqQMeg54B6m1azb1ejfVbWbSdmtteuzYpRSSbWvVJy3TWl2/LbfXrpePrnAycgHPqO3HGT2xwM59iED5Rt6gBV69M/KB1ByByemB3xTsBclfun7mCTnPXDdcZzk5OCcdBTtqghjzyVck5GORkDPQ8/MOCcZxzWl7Wav6PTXTvrfVX6dul4S13sn6N9LbbXbT+690QAFQ20nGT8qtnOQAvXODwByCR05AGEUsHyDkYKgZzx3bpgbfwOcEKRkVZRFI3FRjsD8rcA4cjIA68DHqCemY/LRXAyMjkggZ3HOckc9R83ORk+gIpSb0vvZ+ruttu+r0Wy9NNr3fkr31bs9X30erv8AeQk7STyxKgj1OOnToRuwM5z15HNNxtz1JyRtJ5PYk+gOfvDnHsTV0Km3kE84J4BHoScAY5GMZB64I5pxWPblV+bnkkAAYx09MYyfXjAINPm3euz1votr7t29b630s72ScnZJtW01TbtotE311vrrsloVVXqT1wW44OPTJzjGOW6YPOelNCkAEDnG3uMhuBk9lA+9jJbjIwassdwBzjgAAA4U5G4KevA6nAycZyRSld23b13Dcx4+UKOgGSO4OOc5Gdp4ak1b1s3e7tpfrt6b9NmLV+63ez3etl7qb7vS67qzSZVLD5goYuCAM5x8vJO4gAcd+cgDJz1TBOMHkA7sjr2PX17Y9j3q1sQc5C43HHBBXn19Rjtx78mlKAghVA6YIIxjBY59cZPQ+uM4q4vXVdE3qkkm1ZvfdP17Le7tflel9L3vZbRWqutLpJvZbdyptB4zwRyx4yO34d8euc47OA+UqAD83ygZz05PuRxjGMYzjqakYFsALzjCk4A6kcjB4wAAw/8A1m3lSAFxwecdACcDHUZOBxk8cHpdmmr28+vWz1T9fn+MKm5NJu9rLW+vp00u3rppsukZyWUqDyM9B/BxycFRjtjp0+r1CgIx5zwQTk7iAf09SCOx5wS8KAV+bATOcjdkH0yDkdDyfU4xnLwuN2CBj6HO48kEZBIzkYPXlaqMk7Jq97b2VttOn3dkkNxcdVt20vZqPm9N91a720umqg3DHTg5HBwP4enfBzjknnnoE5O3JJAP3e5BHToTjnOe2OadjI4Py8AA8ZB654BHXOOC3HsacFU/Ksg67WyDgBc454IJABC4A5AycEVrv8NmratK/b1t110+WiMpSk2rq6u93be1tvNXaSa0v2Yj4bjk4TBZhx97OPlA4GMevHOAOGY6rliNwA5IAHQ5A9Tg55Cnj6vMfU8HJO45Jzg4zjOecdOmDx1ODGfmdjhgCoHIHOcH05JwRkfw5pLZb+jf5779fy6DXvXdnHfddraLta75Ve2qQ0ooUr3XoSBgc5zkcfmfrxmo/LxwVG1SMjOAAOOHOOOjAcHH1FWApCj5lw3LDAKgnoCSRjg4wfzNOJIDc5yVUHAPQ4G4joM54XjqTnmtVK23R7d+llr89Fa/RLfPkvLV2TV/NaR1fe2zT187lJwmRkk7VI2gDADN8pJORz14yR0PzYoOcsVTJRmJIAwcjI6jB9ck8cZ4NTshJPy8YwRggknkNkHqQCRwBw2OhqL7pQZyC2W2nOQAQeSQOc89ODjtyLVO72u9EmtVfZqz69b766kSXvJbLRdXe1tb6Pbp52tshCwYt8zbgAwPAOcgE5HrjHbqDyeaibDH1K89yckcAZz09zzxwR0sNzvG1h94EkgkgnjGMZ6ZOPxpgQgsD8qhRk4wW7novBz39Tz1pKdrX0S00ttZWfTW99Lr7xSg+je3a3bvZNeumutigxCkrg5APTJAz16cDoMjuc+vJjA53KTgHB6H1GScDt+XFWTGOufvDB6BuCRz/dPfr6DGAKcYgMDg5HCg9PTsFJ9COC3UkAVo5ba727q66fkr/j55q91o93fu7Wvrpo2tfnrqVzzwc9Mcds5wTjquc59fWoyMDr8vAIyozjGOTkjjjgc5GOVzVkpy2FyMAMM4GDnIBJBHpkEnJ6YANRvGAQBgMW5DDdkZyMkEc8nng4OduMUr3/q19k0r7a7dXfdP4bsne7tfp1+z813enazvtGwwTu5I4C/whSOMjJwOu48ZxnvSLGo5J27s5GARg9ACQTg8cA46VKYshSSMsSGGMc9uBgbfQDr7UoUbcZyygBQeQSGJYD0IHToQCTg5qYzSuumnTXaK87bX/wAupy2VnrtfZrZWV1ff8Lbp3GKoAGS2BuGwqpGTxn1AH16HvinKuDyehIzx6HoDnA5xkjGeCdtSgLknaMAg9evQ8Y79AMdegoKrgMBkFuow3yZwO+Rg5HQdgcjktapKSt/wLaLrs93trfqLlV27fn5b99b773WobV27skkHjgAHIKjIAyABjcT16bivRCipyeoyCRzneBwOpIH5g5FG08sQQrAZ5HPPU5yAp4AwcHng4p+zu3AznjsQMjd1IzgAgcdOg5E3tqm2rXVt3orbp9HZNb2t5EOLj16t72etla3f003+cOOFORn7u0/wgjPzfLtBJHTt3waaB/eOSQSAvUA9PTt3z+VT7cHHooDc4GWHvgkkfXv07jrtZcDgjGBzkbcklvrxn+9leAMBqTat66tvV2Wm/lbRrdehNn52fTon1320130ViEjk9c4GOM4453YxwOPbI55xSqo4BHGDkdOCAc+nUgHGM49DmpQmGU5GW4Y5B4I456+igdeme5pCvy4bDc5AzjIBAye4xnOMc4565pX5tPu1v23u97X+b2uGraXbTo72XS1l+n5kJXOSAOu04GSMYyMdgfpxx0xy7eF3DBByArHBGODtz7deCOjAHPFSBWBAY4BY7uRnAJx0HPGM8ZIB5PSmAAgqCSASQegGScg5xwfpjAyewqopNR3dlzJ6Na2dlZd7+f5goa31s7bLTs723ad7PW9/QAFLAA5bPB542gjGcY5OM/Q8MN1KqKYy2CrFmZlzlQucYBzyCDnB57bieaAp3EnAIAJPB5GCR83AOMdPpkYApQo45GCDkdRgdTzx6fKSc9eOlNw0T+dm0m7LTqu2js3+qStZLay01v0sut9NvJLbYjYAkbgOFyAAQec4B5BB/r94k5wwjrgDGDnI9PT0J5Ge3XI61LjICjhQASSOp5GQffGepBz1+7iIx4yR0zjnJzlh3PBHIztORx06Uk+iWqt2Wid32Wumi013E07/ACXle9rt6a6bK3o9mlLIFGQykHIUd/XgckZwM9D3Y4wIm4HAAI7cEdMk84B6gDdgnGeTxUrMo5POQehABA7DONuQeM4HJJ5PDXxzhfl25VSe+MEFuepwBn5f0FKN7rf02S1TfVP11bs16BZpb6WT0XRaPy16bW8+kDONwVG+8A3QdM5B9+QQSRwOlROMEKF+8DkZJA25HBHGTwAO5zjGSad83O0jATg4wFCnjnGckH2P93IOAhBQb95xwQR0w3DDkn5Qemcd8H1p9bO3lbd6dd03frr2Rkk3a+yt8V7K+z1afS+mt0JkbsBfl3A8ngAcdsNzu6jI5IIxTQwySMjgkkenIwAcfN/ToTinFCPvY64BBGVViWIJHXnoeSM8bRnDAoY/e4JZRxtOAcZ7cA9Oc9D14px89rLra2i6Ws1fXR+lt1dnF2WvMkrJau1vktd938xoLHG1sbcDpg5IJJ2ngjAwDgAlelNAG5gAAd2CT/sjO7aTtw3p2747yBRgIcbtuePu/KSRxgcnpzuAPPPWneUEYsrAfL9dxOQcdienTgbt3UCrTSVtG99VrtHTdpdbpbbXb1M+Vu76duzstNXrslZdNGm9BGkG1gQAcqRu+bAHOBwDwT1zhepz1phwQV+UErkenXJGM4PQYHr07YeYxhs4J474Gw5OADxjJ3HIPUgDoKCpK4LDbjac9sA4IJycA9BwT360otRtva/d73tfz2t+BPJfRXWvR+S0fyX3/NDEVuGB4DY91JBG7qAAC3GfvE+oNSthVxnLnjI56Y3HAPTqQPoPq5TjIBO4gZwpwQDncAcgHClepPc4ycm3JB4Ayc8chs9B6EZAJ/8A1UN320Vlt/WvfW4nFJ6raz0s300svye2qdrETvhfukcAjoeR1wBktk9znaSSBgYqMEh9xGRyTjGADxjvjaCTknOVBG4E1Myhc4IYoc4UhSOvIBwMY+9khgM44qPAYliRyCCCTjBz97GAcggdOCOpwci3Wieq06P7tRqMVrbVpX0Vr79G7Wt238xuRnPYtzjvuPAzx19gCemeeJQgGTnC4yCM/KASBnOckkYPU/ezjNAQgE9dvUAMSVBA655AyOmWA5BHUhBPIHBB44yc5yAB3BB6gDr04rRJNaq2m+/brbpt2Wq0D4dld3VlZ67K3ndbb/gTKg+XPyjJJI2nBB5J5z82enbknkZp21VA5Gdx5UegxzzjtjkHIByTwFjVeGOOR91c43AEg8DhcL14OPXOBVheSwYZGPlUdWBPTPoGwD39McisneO+l/x6aW33S+ZrCUdHZ/Zv/d1Td9tbLTrd3VnYaGGMEghjxg4HcnHGeB1AxtPXHQyK+M8k/wARGBwFxznHbPbg9SM9HFE2hWAPX6Dk88Hjcflye5P3jyF8tVyeAFUrxkc4AwNvO7ghdp+bBJB6iXOKSum3pe17bJ6X6318r97W0T2fkrX301s76q2i+/cXzQeQ/J4AxwD05yM4xjGOOtJkOCeQCAwweg6nORg54xkjJznPWpSqFRhQMLyQQOBwRjqQMDHXOcdcmm4TcRuyTtAwcAfKAevbK8N19OWIqE1dyUXbRaXtdWVrbXTvZ2vfsVe7d1dab3d3zKyWvRKKd7cz7X1jJUZyT94kckcH73T5j0G5c5xlsk5xGRjaFHZsZA3DOCoPIbI4O3jJ6DLEF7qDyMEKTj6DHTAwQRjByAcdTmjC4BUk4YsDkHBOe+Gz1zxz2Bq731S676rt5a2u+60fYSg9Gt3pzW1tp5ebfRdvNyEgZ544PGQTz8xxjIyenzDjGMfKXxH5iV+VSzZH8QwfXoQSScMOvGM8U3buPyt6k5B45yc55z6/KTkfdHNPQAblAO4H5scY4xjPOWODznoM54wJae+ttEl1Wy62Sfo99O5GvMlfS9lzN30UdJPvde8+qT7JmD8VpBH+z98blJJz4I1LIOOMW8nT8DgDPGRg8kH/ADpPjhbyTfE++S2fe8MVyxVmLMu+7kIyN33csOMdB2JCn/RS+LQYfAL40KBnf4L1TG4dhbvkZPXHfI9MA8V/nefHDWLMfEXW47azMl0RPEXyEYmO6kU7DkZUYPqe3XFe7wd/yM8dJpu1KMW1dO1lZbq91slt36rwOLJcuBwKbSbrtJbS+W6unvq1sf0Pf8ErPDuh6H8DdR+IfjHUrWC00PXn+x3OpmMaVoTrao0t3bCQ7Xv7gfu4gg85m+VCWzX6ILf+Nv2hrAQaNf6j4B+F419Fl1pN0HiXxxFbuTN9kV1WTT9OlhBId9k7Jko3K1+QH/BMvwbqPi/4QXvjP4meK4rP4XeA/F0V5pXhG4nEGiS30UStJqOvlmVb8LgC0tX8wNL8oXJAP61eHtI+I/x/T+ydKF98Lvg7FqEuox+IbRTZ6/40tYiUay0W3OyTTdInijIWfEcpQgxHBBr+X+O+SPE2cyk3KX1+tduPuwXNpFae9OzTaS0fV6n9HcG1ZT4dyhRXuvBUEo3SnV92Kbdn7sLrS+/Xsad14v0bwq+ufDD9nHwxZeJNflvbKHU7+1JHh3RXEoW8vPEuuHJ1G8X5ppbVZnui4I47+i+Av2dNG0PxlafED4kau3xL+JmojdLqWsKJdB0BYo1kitPD+kybraGG0QAR3Txm6yBufgMe08O+EfC/gTwHpug+DdKttG04aq/nNAA11qDwzM8t5qF2cT3lzKwLPNKxcltvIzXaNcvNqOmSyyFF+x3VyyLwdojMYwuDnaoGD1O4H5gQK+EnipS92k7PZtW5mlZuTa00tdrVJ2vumfXQwqcozlrJfDGN+SL0VrdXqvebeuyTdnw0mtzw351RsXMzwa5bwHP7uKK284YyMqE2qAB/DyOcV6L8D9bvdZ8VXJ1B/Ml0/wAPwK01uoEJWaTzEiDkfMyq2DySCDkdMcF4b8PPrWmxXuq3EejeE7CHXF1LUr4paoVuZZkRlmkKoqkHq+N2CB8xONDw943eCdPBPwK8PyXs40+BdZ8ea1C8GiWMRuBGJ7cyATalLjJha3Lw7gOQOs6t81nKV7p8zSd3F3ba1vHVtWWkl0utqriocl1ay5rq+ja0elore3XXZ7P3fxZ4k8O+HfGy6v4i1i10rT7Lw9MIzcyqlxcM8obZawZEtxIW+Xy41O7uODXiWq/FDx9418aSWnws0A6Jpw8Opby+MvFVvNbRrC9wo3adpjpHdeaVLNDLMphY46qc1a8I/Dywl+MfirUvF15P431Ww0qyjS/1xUa0t7mZFlmWw08k2cKJISYn8sS7VXPIJMPxD+OHgrwn491LRLR7nxb4kGmWVpY+HPCsX9oXO8SKqQXcluGt9LjUhVLXTIqrj2rWMnuo3av0SXS17bNa3u0k9bPU47q8XL3Y8q6pN7XSW7unezsr9NTpPhn8NtE0Dx74s1zXZ5vFnia50+0gfxD4jaO4eKV4RPcixtm3WllHGxPktAsb7VBZicmuHf8AaD8A+GfGXjPSNGS9+IHivUb2xsdM0LwtEb6SS4tUMbW97fQLJb2TIV/5eCFCgjGK868IeCvjB8cdZ1TWvHPiC78A+Dn8RtZy+DPD8hGpX8MULpFBq2poVaMsu1H+xyKjMOeMV2XhTXfgR+ztr/ie1srWzttUg1uAWfh7SbVtZ8V6lemxkEvmwwiTUZjcSZJuJiyKDuJABNcqUnUlpKpUVrKDtBP3dJN72sk+XRteaR0WjGD1jCElFc8neW8bcuqSTeiWt7NtN2SoaN4R+Mvxi1HxDf8Ai3xNN8K/Cd7HfpdeE/DBR9fuPskw+zwarqsuUQsoCl7BkYH7uDzXf+Grn4MfAXwl4mt0n0618S6vouovawiR/EHj3Vr99PuIAbfebjVZI5XcFyh8pAQenThfDum/Hb4zW1/cyG4+BXgbUZtccFVhvfH+q2c/mTxSbWU2VlbSINuHCXUYYYwwzXsnwj+CXgL4e+G1v9N0sat4jl0PV57vxV4hc6xrst09vNunt7y+82WwDtlvJtHjiQjCrgDHrYNWnRnXmklOKVOnps4K0nGyburaau+rutPNxE48lWNKN5ct/aVE9d27Rs3Z9NVs/tH8W2r+GIr7WfiDrN1eT2t3qHjzxO0tvdqBdQtLfyuftiHmF40bLCQBkIIPHFeBeI9T0zRJodG0G5tdR1C5nMV3qMQVorSPeAVJXI8wYIJB6kdOM+jfGrWr+08afG2yt5pld/iJ4zMriVwx3ai+5y3BBweCrZB5PYn5H0Kf7MVYyDc1xGxGcszSSBm3FuT2GM5yMN3B/t/hqjXr5dg6lerJU1g6LhTg+VJKEN31vbdJbcyZ/HHEMsOs0xMaUL1PrVRyqPXV1U5O2zTb3eqb7ar+hP8A4I0W62XxS+KvlXrybYtBBbd82Z0ywyBkFiBkZ6Y544/qj0hIvNv8MAxZSxGWZj5LE5HHXAwSD3weGr+T/wD4IzXH/F0viTcSNuF1deHLcKhUxM/lMwyOQucAHGcZHrmv6ptF1aATahPJNa20fmiP7RczRwwkxxuGAaRhkjGCD6EZPNfyXx7UcONMy5lpKtTSu7t2jFJ7vXbzfS5/VfCdHn4PyuUXqqD0Stb3rW/LTay8tP4ff2uvhBrnjX9pj476jp2o6dGD8TNdRILoHzDl1A4BwTnkNtwOcsdwI/N3xF8C9cTULjRNS1Oz0+c3Jle7cFbOCEuR5jkkZJzkY4Iz2II/Wz476zPN+0z8dH0XVNOlmHxH1tVkkmt3shvkGGL5IJGc5B4wCDyK/G/9qLx/qB8c3miQa4NRnWzSO8m0yQraxyByTbnbjLKSQ3zEHsMDJ/a8Djsd/YuDoUq0IpYWjGPuqTinCCs+Zp3vbro7dD8UxmDwf9t4ivXpTkvrVXmj0naWjT0s7au63s7I9p+GP7H3w+1PU4H1/wCNOi3Ehkmii0rSpFF1LMFRkjLyZO2R228AE5JHzV598XfgBpng/wCKdt4SmmnFjqyWDWd7HcxyNB593EtvGxUD55fmZvmBBPYjFfM3we8fzfD74keG/GV1ZT65HomsWV1NpMTyym7VWBZPJYlJGIPIIIbnI5IH3z46uNQ+M/7S/gK8k0m48M2nia68M6rpOkje0v2aC9ikdJ0T93DuX5SpUYC5B/u/OYjFZvhcRL2+MnWws8JVlyOMacVViotaK19NtL2dr9V9XCllGJw1D2GCWHxccbQhrKVRzpSaV+aenlfdPZa6+6f8FovDMfgnw7+y34RtbieRNI+GOhwCSc/vCptIpQuDzwWJIGRj7ucgn8CLwajKXlTewDBQVUEY67eQxwBz3II59a/ox/4L3iM/EP4JWEJEsWm+CdKtlKEYVodMt42UYwOGU5UcgjtzX4KaZp6/ZnZl5Mobf8oUAjgEEfdHIOPQdQcV08FylVyLDy5mm5V5NrrzVpa763vtr32uhcXwdPOa0Fb3aNBJLXSNKGj2fW2vn1ueUKL1GCvkDfuLFcZB9TnC5HfBJHU+v2N8Efg9pEWl/wDC2viyj2PgfTWDaRoMoKah4yv0w0cVpGwEn2IMF8yUDY6g7T1NUPhR8PPDOt6oPE/xBaS18D6NMJ5bIoEu/E13Cd8OnWQ4Z4pHH72RMjaBjHIr6v8AB3w78b/tRfEfTdM0bTW07wlo6LDpVqimLR/DuixHYnmceSbhYF3SOcnkszZPG+c5rDCQnD2vJRjH95VvrryvljbVyet3oo7q73yyPKKuMqQnyuc5SSpUrOz+G9Sd0rRW/Td+d+k+G/hb4oftX+NdF8O+H7H+xfCunSxwWFjZRGPSPDGi5A3MiqsT3phBLMwLq2T6ivuL4z/tP/B79gnwRN8IfgguleL/AIxT2nla9qaNHcWekXrx7Zb3V7yMN593G+5orZZPLRgA6Z3V4B+0D+1b4N/ZU8CXH7O/7NNxZXXjqe0ez8f/ABLtBFI+mzyR7bux0u5QHN1hpEadXBjIUphgQPxO1LVrvVL27vb28uL2+vbh7q/v7mZpri6uJCXeaaeQszsznJyTyeO1fn1PKK3EOIjiMfCdHLITjLD4P3ovENNONXEK2sXvGD1tq7Xaf6HXzqlw3hvqmXOFbMqkVDEYxWksO5WvSobpSTaTa2aW9rHY/E34meM/in4p1Dxh458QXniLX9QkeaW7vJHeO3EhP7izjYlIIItwVUQAEc4Xhl8qu7sQRyJCxZ3GXf8AunHrzgAj7qjJ4ODV27nKoY0OAdoAypzwcHplmHuOgBwAaztO0u+1i6Wzs7aW6nkcIqKjOck/M7EDoONo6jnOOc/oGCwUKUKdKlBRpwtGEIpKKtayirJLZJvT56n55jsZKrKdavUdSrKUpTnOTcuZ2u02t3bW+qa6aFS30+71W4t7e1iknmmZVRFUkyFiAzEKM7VOMnBxkfj9nfCj4D2Ng8Op+I0FzevEl1FExHlW6YDMHDKQTjjH3gMEcqaufCL4RvpU7anqkHm3VvBG0ZeIsEkkP7uNByWckqcqDzkc4Jb728M/CeG10Gfxv8UNdg+H/gWGENcXeoSJFqN+iKHEGnWrkSSGUDapRSuW68YHo1sRg8qpe3xU05tpQpQXNOUvdslBXbd0lZK+vRKy+V5MwznELDZfGapXXtsQ9KcYpxu3KTSUUtXd630PCdA8Nan4m1230nwvo1xqVykpgtrWxiLBFI2iaZlDLFGoydzsdoyV4r1/VIPg9+zwh1D4qaxb+P8A4h30LnTvhvoUyXNlplw4JT+3biEyJujbBeBSHwrDrnHkXjn9ozVtYjn+H37Lfhufwj4akLW2o+OLiIL4i15SpSWdLojfaQSICyCOQNhiR3Jxvhp8H9P0a7XWfE9w/iPxHeiWe6vr+V7lopGRy7gzFhKwbqzHgnAPWvArvNM7hKbUsvwKb5orStVg0kk5LSCs/ejFOXRtXaPosDSynIqlOPu5jmHNdzmk6NKd4/AnrLla0fVaK+x+tf7GP7An7UX/AAUEstP+I3j7xHffCT4ALcta6XqJmln1fU9IgcIdG8KWszE6ZbQQ/uQ+xEcccnOf6f8A9mX9jT9m79j3w7DpHwh8D6fa6ysKf2p431m3i1DxVq8+Asly+oTo8tu0rFmZIJFXJz0HHh3/AASr1hZv2F/h4nnyXa2Gt+ILeNsgJEi3gVY1HAVVHAHGOhyDx9yTyTTO7OzMGLNkEkL0OBjqPY8kHsK/lTjDOcdLM8bllKf1bCYbEVKahR9xz5XbmnJPmm5Wd3K93q11P6N4fwWHrYXDY2slVrVqUJ3mm1HmUW4wTaST0VopK6fy6KLVzeXF0qkCMaZqxLljudvsczBjg9ecnoM4AzwB/AX8YLWC7+MHxeaZI2M3xO8WgsykkINQfo2MZOO2AOh9B/e7pqvHJdHywQNF1hsY3HA0+5OOuRwAe/JwQBnH8AvxlXUtV+JHxUsrLzIbiT4peLNkisqqqf2jKCSwC7hgEk56HkLwD974I0ZV8dmkYuV3ShHmb1+JPdNu6Te3TtofI+KFWOHw2Em0uWM21FJJaRja6X4JO1/uK134+8NeF7OyWG8t4J7aBhJBuWSTcAQeh4bOMYwc9PlyK+dNd+Nvl3e+ytWllN07JJOMtIWJIWPAZgOQOPUdzz3Vt8EjqTxTaxfqsZlzIyOxknbO4gbmHHy9QRyRkYJxxPjr4feHNA1aGO3P79VLpHKxceWqkgg8hSSv3sjOQOmc/wBJ0Mow0HNTbq1E7/8Ab1o8zS7XWj13+/8ADKufVai5YNwi7RSgmru1rpXTW3prtbQ8biu7zXbvUNUe2SOS91KU3OwABCxyyg/wuByB3wegHHvvh7w1o7WcLvCs2+08yRZgcykbiox1JU4AwpBP6+N+DUEtveRqqmJ9buGkYvghQwyc55HPYdOx5r6d8OSWUS2wigEphR4ypIZVXGQ2RnAyWB9DnqcivcpwjSwraTv7qWmlk09r2taz0XS1ktT5+tGpVxDm5NRclKTtrJtq6utXpZ/PS2y4zUdCe28NPe2NmYUe+kikQjrGf97lh8q/wj3AwCaGu6W0/hy5nXfHIukyJ5KgYUlSvIBwvBOARjPbnFfSYtbHUvC0Vm6IZPMmaGCJDJOHP3GCorMcH5QBnPGRgc3ZvhTKnhq/1XxdPbeB/DzaZul1HWZoraSVFBLPDbSlZZGZclFQZOQAMhc+VVzihRhOFapCMlblhz+85XjZRim3rfVbyWujPVweTYutOnKjTnOL5W5v3YR2d3Jqy89bbPorfGnw80O5h0iyKQsrXchhaHaWkkw2cooLMTnAUgHa23HbP1d4c+AXiXxIU1PUo4PC/h6Py7iTXNenSztoolHzuEmdHdgu4hMNuULjqCeDtf2kfg18LtJt9F+Eng66+Jvi23wkfiHVrc/2TBcq+0y28BUu2xuQSu3GOCcivO/Ed38dPjbfDU/iJ4rn03SJFUweHbCV7Kzihk4EYt7YxxMqjjDruOOc9a8+ec5tj6cMPl2GeHoxtGWJr3baTXvRpv77Sa6Ox6byfJsFWlicwxP1ms7ONChrCG2k6j6Xvs76tbM918UfGT9nL4HhtN8OW03xk8eQyhYTsB0C1u1OPl2AmdBJgfITwOBnC1xWta7+0/8AtFtZXl9qU3gHwdcW1xb6boegqNJjjt0QvMHKeVM48lSq+YSDyMDJAb4G+FnhXw1dWq2+iQ3F3K4R7y8CSybmKkyKH3BSG/2c44Y8c/e3gTT7KbX/AA3Y3UQNg9neidCwCIRAU/dgY2AgYONpwxBwcivms6wywlGpicZWli8QldSq+9GMmlfkg7Qik/5VutG7Hr4DN/b1I4fAUqeFoxVoqnFxm+VJxUpayaeuu270aZ4X8KvjZpvwK8NW3h/4T+ANC0nXNgt9a8W6jYR3+u6lqsEmJ9Q+2zrI0RkcO+IpF3HBJJHKeKf2gfH/AIluGvvFOs6hqVwZHdNtzJEkTsNwEcW9QMHAA28EYGc1yHifwy2m65qgsmxbprF4IgGVkiRpZGG/PK5wCoAzzwARUFj4D1bxHdw2Wl6fd63ezTqix2EJdFL4275cFIwO7Er75PT5xYDKIx+s1aFFzqRU5Tq2k/s6uUnJ/JNKK2SVjqeOzivP6vRqV5RhJQ5KWrvddlq9vTyGyfEfxPe2Tqur3kkTmQskzSSCFip+ZSSV3kZBYdQVXr01Ph7ZXmseMfCv2q5kN5eWWsm1dZDJPdH7PKjBIxuZSC3CjBJ5IOMV794c/ZXi0rS5de+MnjPSfhroduWk+x3l1bRXtxCAWOxpHVJmIGAkYZ2JAIzwO28IfFP4WeFvEOnaV+zL8INc+MvifSreWzs/FeoWUtv4Zsb2fCSy3N3eRhSrElgYmwy4ADAqK8zEZ5l+HhOjgqPtUouLqQShSi7Leo2opX3s3ve1j6HLuFM1xlWFbHSlRhU5VyzbnVlrHaPxJcve2rWx6b8P/g1oGn6Jay3Ol6vqWr3JS6ur+a3ksrWG1KbZLeeWYLGnX75J49gSfGfjLr/ga0EfhTTtf0fSXsJG+z+G/AsJ17xPqEzsQyz3ViJoY33khmc5jPJIzXsFx8Ev2hPi9df2t8e/itP4U0IOGg+HHw8LWEcEbsW+y3l5b+W88RQbGIY8ZGCMV7p4D+DXw2+HCi28DeDdNsrttjz6reWy32rTk5LzyXtyGlE0jZdgr9csexr4DF55Tq4hzrVlVqJKKpUIqSV3HR1ZJ6qTuuSOj69V+s5Zwp9XoxVPDunBO86uKk9/dvONNS91N66vVJbH57eA/gr8XfFoW68L+Fbf4a6ZczKj+MvG8raj4imSRsiS30+QskEjK26NnjUbjgnAJP118Mv2R/h9a67q0/i671r4leItNtoLmTVPFM5bT4rpsOY7OxQrbrEWyI1Medv8Oea9J+JPxt+EPwnguL34h/EDR9NkgAlj077THdahJIg3FFsIJC4JIIUMOT0AJyfzA+J3/BVptL1DxXZ/B3wutz/a09utr4k19jGsUdunlia1tlwRvADKsvA3D5sCnhsHnWb1GsLhJUaEoq1SacE9r3nJ3d1d307pHbisdkOS04vFYmFavBx5oQkpu8XbSEZaLZWaV1bW7Z+0Z8N6J4d0zzb6TSPD+g2yo7Fjb6ZpsYRSSzENHGpRQN2QAwIPevlL4pft6fs8/CKKXTbPWk8a61a7xHpnhllkiM6k4El+gaDDMMMobOOmDxX88XxQ/aj+MvxcuZpfG/j/AFi9glkb/iV2N7JYaXGj8+UYLZlWZAODvQ579cV4RNrBIaCLIG4ljGSMkkgh2OXLEnOM4ye3b6bBeHiquE8xrzqPRyhTfLTafLvJ6teln5vQ+UzDxOVKE6eXUVRgtIzqWUvs6xir69rrt2P1V+NP/BUD4x+N1ubDwcbT4caJP5kavp+241meDkL5kzgxI5XPzx4IOcnOA35s+L/ib4k8YX09/q+p6hquoTszyahqt3Nd3Mm4sWZfOdwmT/AgAHYbRkcA0k0zBRGzsuCZDyAMZ5PzAZ4LYYnOOSc16n8Nvgn8SPixrVrpHgrwjrXiO7upEt410iyub1mkbAAYwxuqL03OeB97qoB+0wuTZPktNOMcNhYQSbqScYySVneU5NS2V7t9rnwOM4jzrO5cvPiMQ5NWhFSsr2SSUW1dvztrfueG6iZbmNpSzPKobIO4EsCcdyF78EEgN0rh2S/eUiGCWWRgdqBZHJUKRnIBwMAHHGOv3QSP6Xf2c/8Ag34/aX+LNp/wkHxRudO+Efg+CyutSmS+cXPiDULe1tHuTHawxZ8iUhAGWZeA3zDk5/HfxR8P9M8B+M/HHhSzQTweF/E+r6Hb31wkYuJ4tPuHtlmIIxul8vflSBkg/KM5+g4OzTKeI80rZbl2NpV54dL20qb54R5rJLmWjd4tOzla7XmvkuJ8BmWSZd/aeNoSpwk0oxqNRm3ZN3WrS95rW2traux8Sf2Pr84cw2NyqcYCqy5JOARwDnPUkjIHPoNK38CeI70oXCQbtu5ZWG7LHIyMjaGBBGMHJ6ZNfSN1bxFQCQCAoITCjBO7JxtJ5AOQOwPIxVkWkUksSkI6AKzZIBORhAvbA6rk45wPUftWH4PwvNapOc5WV7NJXfLbRN+atvd6s/FK/HmIcJOnSjG0lrK8tG1rrZXXeWj1PlW58HX9u8iSzFwjFCIwSMrksTjPud2eD1B4IcvhPajNI7yHOMKB1JIzzjHqThhnNfSes6ZY2ohmjURrIH3qVUsxGAT29s9PQDoa4KeOGVH4TyixAKkZyOSM9hnkDPJz3zjhxvDOFw6fLB80Wkk23e3La9tG3vrv66HXl/FuIxsVK6d0r2jbVW2ava99n5vRrTyQ+H4ok27FyTjczEjccnaTkZweo+Yfrjl9QtIotSRNmAE5UAYZj90Dkdxu7c7u459dmt0LlRIpPJX2zzh8cDpnJGMlTgkqTwOtWczasikAho1yU6g++OFAGBuzjOcnABr5zMcvVGMeRRXvJaJbe6u1vO132Z9jlmPeJjeSlok+rS0XXo3pa/3bme/l4jBPJjzsAAOBjGWHRR05BPAOcDFQzXO5dgY8LgEgNjk4ySOp6E55yc89OgOiyCMyGQBgdgAy5OVBKNgkjPKnIIBBHSs4aPdyZSK1ln+Y/LFG7MCRkAlRnrgnI/HBFeXUoyg43jum0tNLW1tZpt6aO9lLyR6iqcz1dvW/eK1fTrbulqrbZsd9lwrM5Ktg8DbgA4HIGOflAxkqB1biniWcM7ODgr5gwQQcE7uCfvfnnPJySK6uw+HPjDUcmz8N6nKJNm1hbTKvzd92AApyCTzkEV6jo/7NPxV1S3F6mgNbQFdu66lKYHQHYXDHAyO31PSsFB7StG2uvor220St0bvto9NJNrXV31TS6K299k01r6a2d35voshFhGZyEQsHLYBIBwcn+L7p7e2c5JrQ1G+tREnlzFpAnyqoGRgAAE9Pu/7I5OORkV9Bad+yT4v8iFtX8SaFo8TrucT3agpnJwVLADC4Bz0GM9Di+PgJ8ONG/ceJvidpiyBisn2SWNlZV44IfcuDn7uSTgZzuruVSnGEY6SvZdb3ahdXil0d0nbt0duN4Sc5ObbV7OPRLRbe807pXW2ln0s/jOYyG8h/hcSgklWyAHHzZ4HBJPOMZznaa7q4vs+WqvlxDtCnO1iOrDHYAAjqDwx6kt9G3fh/9l/w8yLJ4tm1qVFBkVQ+d3T5XXIAGDjkZGO/FOvfiF+zJpAtTp+hXuqSQxhWLhhuPTcpJOeOMsOeATgfK6c1RUlKd+azdrNXskra6tJ9lruGIwsqvJe0XG1+uq5Wtflra2+rtv8AJErvJq0UzRySMEBYRozMXxn5R35wPrxjrXYw6b4lvVUWGialKHBbKWsh3E9DkADkk46A7sjOPl9svf2l/hjpuqwXGh/DS3mt4bRoY5Lq3txIXK/K0ieWQV4GScMOMEA8c9P+1vr7rImjeDtIsFbcE2RLwoJC4CryAACB0HBAxyezA42VFThTTfNK/mk+V6WUnqtE9bW101OPHZZQxCpSqyUXTik3ayaXLfdb2vvvsld3XPWPwy+IuoiF7fw/flmzkMhjHzdSSwyuMk4wOvIxk16TpPwL8fuIWuLa3sMkF2vJogTjHUsy4XGNxGcE8HAxXm83x7+L+to6afKbFGHJs4im3djAGQB8vPQjPA+vCaz41+Kdw8f9seJNVUSZCgTOmQRkqRGygZweuCcE4zXqQxmNjFSjRqK+qfLK28bXckl8tV33ueN9QynndOVaDk7JxjJKVrq7et9WtE/Wzuz6qf4KfZGWTXvGWh2MaMTJGbmMsAeDtO8jg4IIA77uRgwHwv8ACHRpw2t+PYrmFCC6W0kbFipG7oVLEkY3A98r3B+Np4NZ1Nc3mrX9y0q7lMl1M6ghvmVlZiBuJG4LkEkdOFqWDwmsyBZpmZtuNzFzzjDAFumP4iW46cdtPrOZVo2ipWdtW0nf3bLd2Sv2T0uR9UyTDt/u00rX5no2nHdNtNOy239D67vPHn7Ougsz2q3GssFI3tHIVZlG3A/hJPTI+XnO01hx/tDfDWwaQaJ4Dacn7ryQxscgHD5aM4HOTzn+LIOQfnMeFra3jz5RkUFslSQnHToxy3b1HY85Fqx061UXCLEqHyufXnPOMAjHb16HHIrnqUcY7yqz1te15XSbjdb22S0vuvI6MNjsDTXs8PRgkraRjprbTe260tq7edj167/adv4vOGl+F7aBo2cwmWONTCeo2rHktjAABzkj2OOD8SftMfEfVfsxja0014wRG1ujeZ6AHIwD9B0zjgV5jcrEjszY+RmIwcE7egIPHGeCMrnsc1z+tJEq27RMpZ3LS/MBjJxjIJJxkEEeg59fAxHOpaXezte6bXK7WS21utY6XVtXf6PC1faQi7KKstknfZ26Py8lf0XZ3fxZ+JWtMGu/E18gYYKQOYlZDwc7cHgZydwOB0HzYwnuvEGpOZL3W72ZnOcvdzEgZP8At59cE8ZPT0o2VtJMgSGF5GQKMKuV29AOMZx1J989Oa7Kw8L6vdbV2rbptUjeADzxgADdnIJxjOPxx34bDVJwV1Od7aXsrrla0Wi1aW/5Hl47HyouSlUjBL4W3Z+6lddd/Jbr5Plf7LjfBknaV8ksZGZ8HjqSQCR+R78YA2LWxtlZMoGIHyEjaDhskDcc7j1Jxk8ZI613MngOa1tmuL28BEahgkXB3YyQep3Hpg4O7jgYrKh0uzkCKolZk5y5wcMecA8Zx16E4zwPmr01gJxSSilfz8o6NO3y3V9W0eL/AGrSmm1iHJLRtNNbx7db737WWm2HKbdXysfU8sAAVwAOSBg4x1BJHy+gpUntldTIjybcMCRggngZAAHI9MY5JIzXQtosMrGOIFcHcTnBI5HBHXPc5UDjGeSYn0BpGCpKmBtZgcDHJ+U4HJxtPTueeOXDCVYp+5FK2midm0tbeV7O7er2diaeaYaULOq9WktbuylG97fZXe+mltLmc+p2yrtCOy55J4BJwfTLDoMfgOcYeurxKQVgDY2AbugyeByTknaM9xnocircvhuR2YrMAoAOQMfMOfwyoweM9M5AFZNzYy20zQlA7LtwwLcnjnuOOeOBg9yBU1Y4ijaTjZJqzaVul7L3n66XvudGGng8VPkp1FKWl7u/VLo3dbrZu9tNbHo+l6il5oepidgHCsY1DBeChAYgHcflwAp3cdOc15zpuRM5RQSw+XIyMb+5we3BBwAMjHOK6PT9D1qawvr+10u9nsbNIjfXMMTyW9upI4mkUFIwxwMOVGTjGRg59hGI7qVXj2lmVNvH8TBgM9seucHr3p0KtPFYmilKEpR5VJrXVW35dVa+2+nc6K2Gq4GhXlJSUJRcqcpJ2aWmjcdbaWce2isdVb6S88QaSRgWclVVQCw6sM4GAe2eOOORil/skJcbWjByoYLnk4568EcZP4kHNdbYqBBEAhPyuEB5AU88rww6HgZYYGAME1E0J+0bdrEsi5bHKDPJ3E4xzz6E9sV9fDLabUZSsnpZa2+y/LVtPs3e9t2fndfM5urypJK70VnqraN7O9nbXtvqYY09Ysl0VUkKKygfNg8nBOeQPRTnBxnOB0Vra28UsPlbdpjYA9ArZ5Y8AZO4HHPPOB1EEkIWR1YEhXXAByeRgEZzjjPHOOOvaxEgdRLu+VJWXjnJbv165zuyO3oCa9DD4WFN2Suo8uvVWabSfZu76p+VjirYipNNtqUmla/RJxeyvo07vs/vJ71t6bWBkQffLAAYVTjDLtzjHctgjkHgjl7uOOfS7p3VfLRixwCBwDkkf7JI5I7HHU11EkUju8MWZBDC0k57fKGJPOQDjucHORyM1lPFu0i9iYBEeJ5COcnnAPIyM4IJGQWGewNGMouOHqu1rU30Td0lZN+bs/v3tpjl1WVOtTU27utG6k7v3mn7zeuqtqraPqeMTqGd2Vlzg/NwDjsMdhg8ccdRjJBzmLYCqTgN8wOOQM85A6kcADOcduMa72778RruyPlPDEtkggZGR34BAAGPQ1VFrsd1kYCQjO3nbk7cZ+bkkZxge1fAuEpt819ZO/e+l0tt35/PY/UKFTlhHtpffXWNu90tdUui6XYaFcPBqdtJGvls08cIbKk4kZUJzkYwDuyTx6cYr9j/ANn7xj8Pp/DL6R47dbafT4ZNPsbuUGO1YBFYRiUYTechgSwAOVJYkCvxut1W3v4N2wxrPbytjjnzULYGec56E9e3OR+0/gD4I6F4r+EBGqSywy3lxY32lRwRKGRrmH5XeY/Oys4G4E7SD379eVTVLFTcm04wV4rS1mmt+qS6+nU4s6h7fCU4vmcZVErRW2y5kn2Tu3dXS02PZfBOh/BPWdS0gWDaBfulzIEsg8X2i8mV1IaQDG8ggFVAOcAYOTX0j4ysbDTHjhsRCluEj22scaQxROwC7UVQBuQfKQev0yK+Cv2ZP2fvFyfE6G81DT4l0rwbfXd9f3AlYNiA7rYOFIXc64+XJGDnHUH7g8XTNfX00m9JBksqKAFRFY8EdfMwOTxjPXjNd7xUsdmNNatU4RTj0TvFJ9Fqk2rLZ63Wp5WLwsMsyt8slzVeXkvZPl5Yr7na77Pbpbj3HliRnPzEFsDAGGwEGNozgZ+bjIxgDkVSiVkDHaWJb5ckYCsp4IHB29CTn05FXXUXALO4CgMvzDacqMq2BgbVJONw3MSBnqKgigLoGMigbgNrcbsMPvHnII4BHHBDYJJr6Om7QStaK015dVpsr9bLzV3pqfF3k1z2vqm3dPrFra17aPRPs3fV0XzGrBFx03bFyDySoJ5GSMY5HQ5Aya09N03UNVuYtP0+2mvLm4IX7JEu6WViflwACTj0HPGBjioUiJDoVBUzbSWyMA9SMZJz2zgep6LWppdxc6XOt7Y3b2l3A2IrlH2TI2T86cgjHoDjcBjpisq05KL5XHmesVeyW2mrS3182uu70o0HKacoy5bptp2dlyrVPS3upbLTZq53Wq/Av4paNpv9sal4UvLHTYojM1xNJtUxMok3FCQcKME9T3/iBry+KBllKs4EbMdwUFQPlxwV6DJx156jjAr0fVfil461fS20vVPFmq6naphFgmupTEyEFTHJlslCDgjOOM4ya8zLymTyckNIA3ONqDI+bK5PXGPUbQD1Fef7WrGm/buN9Lct9fhT3ffrzX0b2R6scNRdp0IyvopNvV/Cle99NrJ+bsrXWX4otQPDuvurDCaJqm0uSCMW0hyCcfKfXkg4OBnNfG37DsRa9+IqwqoZ7glmBIAHnsSMnoSRkYxnuMjFfZvircPDPiAr8+3QtUBYsGU/6NJwoz1JycHtyAQMH5S/YOt0M/xQJABUxyMWA+VWucMRnBAwOf1HFclOrFVoTm1FRulZ6q6jp97tdK9rtdj0aVF/UsVBRs3yN66WtF3Wu72vbqfoXagOAhO9whULlQCwBJJIwRyPXpg56CvJr5PJ1a/3xGOczhUIb5Apzzg5HOCSMZwTgYr1CC6gt7+0tGAVbnzEWWQ7ChJ2qckAnJGByc44JOM898Q/Dc2irFqFvuuLe8A89ywzHOAD5bMDgAjpg/MePlHX1MHmWGw+LjQq1FGpiIx5IX+J2TS87qNu21lrY+axmCqV6cakIOUKE1JyVmlbk6N6ap+Wt7W34gqknmEuyurBQvATOQSxZccd8ZHBI68BG8u3Vd/SVgMrxvP3Rz17/eHUc8c1jG48glS52yLuI+U7ZAcjJzkfdyOepA6HmvczSymJpJCnDbRk7QMltoGSPmyG3AYGfl2g7a9uc9W4y6JNKz35W0m9bWtfysraWfHCm2k2rySvZt3V7Xs1ZX1dk7N8unlvxzgMu5SxRtqNuOVGT0bptGevIHJOOQJTcBmlRUySV/eYOQeeSegUDBBBwDwDmuct26qzsokyQobkDkEndjA49Rg8HqAdmOfyVABViygeWMbTjoWYAgNg5yO/Pc1yubUrqL0V73Tu/dSt0262vttqxyoynK8k1ptdO+qvd300bdr62dt7k+WjMhHy/dzkli7AHkEAgHqQFyvGMnPE0TIAMhcFQ7ksMnPbA5yO3HOAvUiqL7lXzASWdCcFQysSRjA/hzkYHGCR0IFTW7Jtb5WZ8KGQ/eZuowoAYAANjrjPzehJVuWF5NLzuk7Ozd1yqya7bX1v00jSSskubRJO2+q0smtddE1a2zvtat8STllQKBNGQGYgsA2SNvQHj23D25Hxt4mmQftseFnIKp5Fmp2HgbYTn5jnr2Unkg45r7as9Lu5Xini06/mMkiMyxwu+GBGCcAKBweowcfXPwr42neH9t7wjDPG8MifYElidGWQN5RP3GBY8Ak9CATnkV5GLx1P2mDcJxnOOMoSsndt86eqVrK90/nq3oe/k+CqeyxylFx58DiEpW096CdvXa6SV9dFzHX2+nRalaTw3YAkO1lQliEQ5+XaRtUdQRtwcHBJ6cFrPwy0Kb7VNLZqzsD81u2Hy/cqCVPXOBjBOfYei6rcr4c0621SQeZbXuIGZQpkVoz95933SR0yQMccHBFWDxToE1rcyRXUSyEKrJdYQh3I+4SOTkcZJGcbR0rxlCnWprnpqTUNHKKd7K/Nfe9mk3vZdD6WWIr0at6c5JqerUnZJSv7yTSfp2unbr8F6jDe+HPHr6LaXtzHZQTRqkTuxIDnftYccngeo6YOPm/Zj9hf9uX4s/sf2Ovah4Q8F+FfGnhbxtJbR65pXiESmaafTXLqLSaEB4vMyThWVScZ+8oP45/EWSN/ildXELhkkeF4yucEEgHBB7jcBnPUHpjP3H8OLNpfh3pLCV4pV1a5AYZIA2rgk9SCScgY65+vweIyLC57PF5diYQlQlKSlF6rSUeWz6O7v01suzf3KzSrl+Hw+Mi/3lqd5PVO/Je6eis7v715H9Ifw5/4Lefs+eJJbax+L3wG1TwHfuT9p1PR4Uu9HQYCuzK6tcFUxuBHbGetfGH/AAVc/aV/Zj/aF+Enw/m+Aviaz1fULHxFf6jq2ixmW1urG3MC7ZLiC52sSXB+ePgk8HFfk/qNhd7mWZDdhQ7xSDaAfl4HP31PcFemMkkV8a/HSKXRRY3Vmn2GTUJJo5GgmeNvu8qwXHUk+3Uc5Br4Wp4R5bkeZUc5wn1mjLDz5lT9o3R1Si7xfvW1Wt7XtrfU9fDcXf2jBUaipTm4a+6lK1k3stdez3trqz9Yv+CcniDV/D37Q3gGfRNMt/Ed7ZSLqlppEjlV1O5YqTbCUEIi7RtJZgefQEj+rbT/APgpP4a8P6dcT+PPgt4x8ORaY93bape2Gy60u2lt5WWZFuVV1YIFLbS2T0Aypr+Gj9jTxD8QtF1D/hIPAfieTRfGGiWX9paTqNxGLmO2W1ZnkjKSFlbzQu0jp19SK/UKD/gol+0y/hHVvh/458F+GfGvhTVZC+r6jp8UVrqt15wJvJYUKKEmkVmDEYO45AzivmeNvDrN+JK2ExmFourh6VONOpKMnGpbnUpNKzTSXRpW0toeplmb5fh/a0sROMa0rypxlLryrrJ2au9Vuuh+937UP7e37MXx1/Zz+JXwt8LeJri18V694cuNW0/RL6wnSaeSzjedolm8pYicAA/NtPGCRjH8fv7NyE/FkrvWGOTVb7nI2KVldiDjJONvYEdDgnOPeviN+0L4A0u90rxL4e8O+JPB0cOiX+j6xY6tam9QS3qNDE0NyEcLGHO4FmUgNgcdfnf9m66g1T4paWLK6gkW81S7kICkny7jLh2CgsB83YHkkZBr0OEOEpcMYbG0o060VWtNwqpp3jBJu2zXVySsnZru6x+MpV1RjSlFx5uZcrvbm5NXZJcqtbTru7H94Pwf8SnW/hV8P9VjMTxReF7G0t5raULk2cCQSDIIzgqQVAxyx962fFcGneKNAvNM8S6XZatZyq0Rt9Ut4L1GR1IC4lVwpwcKyjIySCckn81/2eP23/h14K+H/hX4Z+NtH1jRb3wppGql9VNuqWuohbiWSNoxMAzpIAoDYPBwGPWud+JX7eS674cu9a8BWMdjaS6pDaRXV3IGdkSXyWlWFC2AAGxkDnBORk1/KWZZZm2G4hzCpTdSk3mNaSlGbjG0qqd4u60jzK3Krt3fRn2kcvVXD0nyRlGdKNm4qzSjDVN9r+Wt/R/zc/FXQ9I8PfH/AON+mabBFp+nw+KNbSCzhUJHFGl9KxjiC4AVBlQvPGADwBX9NP7N/wCyvP8AFX9nb4W+KdJ+IVno91qfhKCJtF8QWRm0w+Qqxp5UkKCVRIM7vmYnPSv5hviTqy6r8Wvibrk8omm1LVry5aRlAWSe6kaaR1GOFJLdM5HXjAr+yz9iPyz+yp8E/JUL/wAUlFuzkgs23d/u5znjHQ1+x+JPEOY5FwrkeJwzjUq1p0IVp1Fz87VBXvrduTV3Zp3Tv0PCynL6WKxOKpTt7sm1ZtJawi7rRa821+3kfnz8Sv2Ofip4VtLm4k8K2viLTYpCjal4TuVkhfMi4K2MjNcE7QWClD3XsAfw1+LXgG90P49/E6yFncwTaZpWmpcWt3B9mubea4tw4ilgYAq5ICkbcnAzziv7apE2bVizDl4TlCVO/wAxOQAMfLg4P8+Qf5av24dJ/sf9sX46zv8AvTf6p4MZ3ZcErPZBiDjAIck8E4yeoY4Py3hzx1j84zGpg8XQpQhDC86lTvq04XdpN732Vl106+jjMopUcPKUPiUo67W0V97JWadrJdbvdHqPhjwp4lf4dfDe+XT3mW48PWyI0F4IZ41ghCSYiUrucHjG0ZJx2IFq3tPFeiWssqz6vYeZIFEdwjSrtY/Mc4J4wQpIAxz3r9IP2ZfhF4H+IX7Ofgu81vTHl1e01LWrSG/gu54ZI7eKVPKiKxkIQgwQGJyMDgc1lfFL9n5PCHhrV/EVh4h1a7htpY5f7Pntopz5O4l0idSz4jCnk84xn1HnY7jHJI8QYzK60HTxUcW4KnODtKTkrWlG6Sd1e6T131ZtDK6zwlPEKr7rgnbfZRSfutbPXZ2sul0fyz/G3dP8U7qNszNH4xmM0ko2mR5kLkY7DIO4L0465r9IfhF8PdL8Q/DjwvNeXF1YPul3Xduxby2DBfLWPOGY5AIIY+o4r8+Pjstpc/Fu5nsyxWXx5OkgK7G+RXBDL0BU8kcjjuAK/Vr4HLKvwf8AD7xp5bR6jII8J5js24BcKgY7QTg9SM5bvj+qcDUqU8ioTpNxSwtOXTZwhomunlfX5a/BY2r79RNqT9o1zdNXG7u01pa73STeuiv5t4p+BWvanp3iBYNY0a/t7WwmjSDWNPiW5OY3ZHjKopDqo6g7skEk81+JSaZfaP48+xzRrG9tr/2d0j2lA0VwysQFP3WO07SehGBg8/0a+O31ezS6t72aKNLrTZp5LqGPEjKIGwCAMjg4BxuyccYFfz86vaCX4lXsguGf/ip5wDknH+k5DMep9jnIyRzhgeLKswxOJc/rDclGa5E2m7J3s30W2ytrppoRQdm0rO2+mvS3dddrbvTz6L4yWl5d+JRKls7bdPtRvRdzFVXJLLhsDAAB+oz0FeIahbTQkqVcBgpO6MJgrycsVUZGAOnUEZxg19S/FW0mtPEam0u9skumWzN5illChAWBHHAAHcbT9cjxLU7i7mQi4S1nQFQGAXLbcZ5BycZwQTngnocDvxFeca09Fq7K7v0XXVenrrax7uEinh6bs7272stHe6evb1SsYfgqFG1iXYmHWzlcsWzyOcg5AOc5OcDPQYANfS/xdhtF8JeBri4lYt/Z5jIBAwCp69lAx1O7H3QccH5g8MTzLrk4hGwSskHQYCSEhmBBGMAYAwQO2ASa+qPiRaDUPCPhKOWNpRBYuq4GCpC4VyQBkHk46seD6mpSTwk5O0UnbzveNn5PfRtXd+tjWMYrF03dJ2e6feKWnu99etvPf5SuZrVZAFuyQOFVvmXhiepPBxyeoxwAMEr6T4KuPL8Q6egIYzQhQ3qOnpyDzjJx0GQDXnN7o8UbM7RoqoxB2MSdwbqVGCOT8wA4bA46nsvB12kniXRzG2WjTYQExwPlCjjoO23uMZPfgo2lV5ldxtK6asrXjpte+3W6u3to+jFOUqM482tkruz35babuys9Fp11sn634/13TtM1qKHULM3TtZKEZVI2ZzllPGSBnBOeo6nGeC1LXfDF/arHHbzibAPzM48t8csSoJACkA9SDnbnoF+M0+zxBBCZH3taRYccMuOoLe424xgjHQfw+cW2IQVkLMsqAZLAsSoCqMg+gwT2GGORzUVMFTnVlUlZXknrfZvRX06q3Xd7WZ1YWcqdClGMukbvrZ8t0uW+t0umzR7h+z7qL2/j+we389B9tkWNld9uTgBuckkDjtj8mP03o/7YP7QnwR+Impp4Q8e6naWWj6u01hp+oOb2zRXckpHbyl441IyCIwrYyccZHyl8AVmfxzpsMUcgCajuLMCSScDB6YAH8XOOvTivpz4keFPhnJf6nda/rTafq9xcSNL9mfzGWVV/dl4ycqW2gEEehBBJDfLZ5gMuxUFRxmEpYulOyVOrRVXl+HVKUZWaejko3v22O7AV61Ks3TqSp80U21Ju65tebV3v5rSzva7PtDxL/wAFWfEPxp8EeJfCHxy8BaP4j1nWtCj0fRfFmns9rc6YIpBIZjbgCAsWGWJAI7Z5NfS37CfxP+H0Nz4p+363b6Ta69ZeFtJjS8njjllEM0EcjxyOyqhVwTlsjg8KMZ/ni1z7HDMI9OuTcWsQdY52VldgH+UsBhRuDZJHv+P2N8HkEvgHxTMsrxXMXhuaeCWIkNHNGG2MjZBR+AQwPBywx2+CzPgXL1lONweXJ4COPlzy5NYxnPk5pKEmktmrJxave6dj36eOcqlCdZKcaXK4qNk7KUO2y95u97vqf1V/DXWLX4a+CPjlo8XifTNKtF1Ce/0PWUuIru2u5dRn+0RPNcRFkYRK299mTwO3Ffzj/tVQXuoftPX+qXGuWfiiXUZdDun1mwJNtfEQK7CJTltsZwjck7+CSOa+dfAH7Rnxs8GWI0q01rUNU0qeL/SdJv53vbW7UZAMyTO2CFA2jGFI6Hmq9l4r17xZ43tPEGqWX2O9NwHkPzi3jUMMRxxnaEUdANq56c81+e8PeHuJ4WzHGYt16VZV6U4OpHmU53VOycZa/Zd2m1fq3qe86tLEVKSiqjip0204pJcvJ0Wll0fa3do/T74Zo/8AwnnhcBXYm/0YlQMjaby3Yk4HbnoAM44xX90XghMeCPBgx18L6NggfxfYo2wemAAcZ9c/KAeP4ZvgdFfa14q8OX0SAtHe6LuIAddgu4NpCpjIAJHQdfUZr+57wcGTwT4NUqSw8M6MDjIH/HnDngdBk8kDOMdq97I6clXzKN7yhGimr3fxSVn5u3a6Vrbs047nfC5NGHwupWkr9uWmr/rZM6JQQRtxyfyH5AcAgEjHpnIOLUaurAHJBwQA2M45z1AbgZHJHvkVX3FduCM9NynJIznII44wTheMZ4xxUiysMKcnacEA8nP90+o6kjgnJzk17kari+V6Lm6WvvHV223dr66LyS/Npc0tkk9tXa9uVa2d1ra2+lrJNstIWY4BA2noc5469jgjnJXPAA55xYDdM5PB6gYxyBwBwD1OMNjGQAMGuJeVJBODg7Qe/Tnjjv36dTjFSq6ZBOT0OOmM8c9wOue+ce2OuFRc3K5atJK61TVmr7p7apXvq79DmnSk7Ntx+Tbv7q79X2Stra/WyrHbtzu4z0GOcH064/iGeB9KOc5PGeccEdcdeCT6DjpzkVEW2ZIGNxIGBuHGPTGcde2eoxinbm+78owOpBGST269cAcAe3Qmtozg4rXS6TVrtv3dd72X3dDHls9Htr6JaN9/TT0elxxX+IkHHIGME5J4xwAF4GenXJGKazEEEcFgeuSce3sOcnGD17GldyAQVBK+nOPQkgdMnIwOvIO7FIGGQCBg5+oGeSMEcDgYB7E8DAroUITS96KdlbSytZb3ul103+/SU0+ulla2t9te3S61V7K22j16dcnAyDjOWPbjPcD8hTGJGeQCcAD075OT9c+uB9KnjWLJ5bcR0ByeOOCSPmBIycHPU55FKwQsRsA+XoScngZPPTpg4wAOMAcCY0WnpeSvolu3pf5XS/ydyHJdE/O/TVb22utHu+qWzIVYEkkkgDAAx1JOcZB+7yc9yfunApQeTwCSMDK88c4Hoc9STgr83rUigEKdgHygZIxzgkDhcdwNxAzkDOTT+OGOQOuSRyc4HqTyMEHGeFPFaKMrWlfS3XRJpNdHrZdLXtu7Di72aW7s1u76LqtvnJ33emjVjJ3HI3cZOCBjOScZ5HQ46jgHkcBRxzweei4wcY4z0Oece/THJCeZlm2/KSvGMAcAjv3zjH4E9KTzOSpDYxkngjkDgcljyeBxtx6CqVOLt203erd0ruzSt2fSzWl2S5STs1d6apNJ7PXu2np13I2AYspAHOSSAM9cDPOT9OD060nlgqoPOOuRjg4z164J79Qu4BsrmfcDgL3xxncAAcEbseg3fmM84Enc8AAegABB3NjHIHfGARyBk5q3hVJd9Y/Zukmk99b6b6N33bJ53bbTZ6u/T183rva2upREYAwcA/eBHUgZI+Xjr04GR1IGDTehGVLYOO3K4yeQOcDByOg9AMVf/ds3KgZXOSTt65Bx6jHqowOcdQgAIIwOAT9BxkjHUd85AA7Z6YSwcG1aKd7q9rXfuvbRKz2u7dFoaqrZXvf4eXmvo1b7rLfTqra7ZvlvzyRg8DB565xgcnuSRk8jHQ0piPTkk5IJBBIJ6Z6juMZOduRg1peWCu9l9yec5IGOuMDpzgE+novlqACB3xjJGMd9xzkdgPr8wPXD6lZ2StdK17+7rF+t7ddk/kP26fW1uidtVbot0m72/wCDfNEeOOWAxyCcKx5wzdTxywBGDwTjmpVDKvAxnleAygnn8QenIG04ye9XShJwFxnP8IzluMkDPPPQHJ6kDANO2MrLhdylcNwCzc/NzyOw6cA5z1ANQwsUr8t7vRtau7XeytpdbaabN3Tqq+sk+0b6dLqzvvp2u7WZQBfBJUg+gzu5BwQAOSRkDrwCDjOamXKA7XwWIG3J3Z6t0xtJBJx+nBq40YAYqASMgKQp24yex7467eABjdjBbsVfmYDJGCCAeeO3bjOSOT781apSWqilF27JXaWra00vrrv0tq49rGVtFa3TdvTV3e6W/S726iRtgA7ssckAEAY9QB0B7dx3wMmpUXbghs5xycE9CSTgY46EHpwMnihETPyjjkjccEDrnvjBPHGOgFIFGVBJKHqAAMdOSPw+6D7nsK3p8y0evvJ6t3aTWzTW27Xn2M7/AH9FZW3Wu2miWnXy1JVLMzYYAEDcT1HB56454Pfp06ZVd5JyMKO5yDz0GSSTn0wP++c03Kxg8E5GAckjA/DHTIIPTj1JLwxAwcjsOB8oPIXPPuCeec9q7oTa91q7WllZqO39Pr5hzXWmitpum72/P5J7jdxyOm0kglfmbGOOCAM+v0xxQHwCXOc55JA+XnJwMEqW6ADOcgFcYpSrHgsBkHJz2ycKD6jJOBnIyBkYJUqMAsOcY6dc5B/XGMfXjvvF3dtbpXd7a3S66trrv5eSi19bu+6Su1tbTve76J9up4t+0RlvgT8XlbBH/CBeIQCM7dpsZDxg44BGRwME8nNfwmWFnaT27G60+C7jgvNSdpnSNzEr3M2FG7kEnJJ688jOa/u3/aEQN8DPi6Dj5vh/4jAU4yALBzgnPX27YwTkGv4C7+41eOzu49NuLhEl1C9jmhhhLkJHdyENwDyxOAPm/DJrwak3S4tyh2U+fAYiPLbr7aGmr0vbv1Wq6/eZHFS4Tz1N8sY4/CTvdxWlC123rbvv1W1zttA0vRZH1E3+iWJiztgDRQLJtd8B84OMfeJBHGOBk16141+Afhe1+G0XiXUJdNiWG5gaGS3Nr9nMUuGSA4G95DnDjkEDoDgV8Ha9feJhrcUQm1tI440IMcMipIANyrIq7MBioxux0GeDWdqHxF8TGC30PUJPEdxpMt0JmtJ5pzBGwwuYoy+0DOBggEc4wRX6FOFapyyo0/ZximpRlC3NL3Vpvton01V9kj5l+yT5a1duXOmpRnoklFtWTva7V/m1dXv9+fCrWPC0GsWFxbSWstxBp01skkdrG3kqqspHyj5AExluMnJGNxrY0bUtLXxDqd9cwq6NqLwW/l225k85jvkZdvzZUnk85HGR08Q+BfiO1tLnUY4vD2oyGzs0AuorUsWjl+d1YMv3m3FcjcxHGDkE9x/wsCSLXNTm03wzqU39oYFvBJboPKkgfaMEjKksOcAYBz2r0sG3DDU3UpwUlJxbtHm2jvq9mvKz9WeNj6cpYuqqc5y5orls7RV35y1VlrbW9rab9z8WPiF4atdOl0WPT5PMj8P61AbyKBVH720mViyuoAGDjdj3OCAF/DD4FX9pb/tS6NdxSrbQTrfShmx5n7nfGWZuuCB9FJIHGc/qZ8TtR1i/8LX2qX+g61Z3D6frEctwUjMNvE1tINxKnIVcbS2fUnjkfkB8ALK9uvj/AOGWtXgee4ttYjtvtLFlx5r/ADOcMQcjGBkjnOCNtdVClTjCrNRUpSkndpL3bRstO9m7dLPyvpSdRRSbSjyxTmtXqkmpJJu6sm7u7bW3T9c/2ivEWhap8F/E9jbTpLOLWKWRUwVkl88Dfhf4icfKeTwOK/Nf9mAKP2sfCSpHtI0tNpDLGwDWjfKOylhknIwCcbuK+6viP4J8VJ8KfGsl9JpiwR2RmY28bmQqs+4AHGM7gMdtuRyACfz+/Zy0XVdS/al0G00vUWs7xtMDQ3Qj3+Sq2xJAjxt9AGILfNkdSa6udSnQlyqPKk0r6T96Ld9Xdbcqb3Xa5nSjCOExkFNTupKUkrKPuJK6t2V7xu9er1X6tfteSRJ8Hd5kEhXxDaoqK7MQ7bc5AIBOMg5HAxzgmvy3/ZDuQPi38Qwdqxqtyrby6rnz8A9vvDPcNkc8E5/Rb9qLRPFGm/CuOPWNTjntn1q2jRPsqxyNKoUmZm2gsWXOFzggntjP5kfswaRq+o/FP4gppWpNaS752k2wrMZYzMAV2/MV5wc4H3Rzwceg6k5uhJqyVS0drtWjvou6dlbRJ2R5eHpqOHqtTTtFq8Vaz5kkrWvpp7qu22z7Q/ajcR/DaC5D7wNcsI1KOCm5mUgHH/fJLHjjrkY8U/YovkX4qePGmkkAjhGSoJI5AGMjnB6gjOOfeux+P/h3xRF4Is4tR1uSez/t6yTyPswQMQQBIzbVy4Gcg++M5xXDfsi+A08QfE7x2iX9/C9s8blrVzE0+NpKMVwCh2gkDPoeOQ5TisbRl1a0u7taK+mzs29Hp8jqgr5VX1iopr3ldp+/HRJq7d7Oz/RHu37ed0jaN8O5GDuJbq+ZgduQMglioG3oflHXnsQCPOf2FL2BPDHi+RkhRD4gZA0jKrbVZhkByMsQD0HGCSTyR1P7avg4+H9H8CIt1qE7XWoXySR3Usk/krhtyoWZtgwCPkAAHI56c1+xD8ObHxL4U8VTLNPb3EOuSrA4mlRR8zZZkVsM5ORyOMAgnOBalL+0HZ7xT+JdEk7rf5La1+6OX3f7OjLm93maulv79leOjs0k3frrqV/2xZrdNf8AB8sPlLGdOvy7ROkgTChBuxnYCTyP73bJGdP9kPV7Wz+Gt6HuYftDa9qaxhpIkdh5h6qWzjaSc8BvfoeX/ay8EjQvGPhCxcTzwTafdPKRPI4lJV933zle2QoAwSMGum/Yz+HGleJvB+s3MttJLcQ6/qKxlpZgiRRvgAIrY344JA+brnk40pu2bS55JycE273tZQVtFvpbW+9t0XW5JZRSklL2ftI25VduSmndxbtr3bt5bnD/ALYcsN7q+hmCRJN3hKd5WjcEbgSeXTIXPXB+XsPQ+/fsUa5aad8H7e1ury2R59avSEedY3CgAZZXIfae7ZC5GQBg14H+2V4atvDPi/SNLs4Witm8H3FxIhkdmeUjklmyVDNzjJC4HWvpb9iH4VaR4q+DtpqlzbxecdSuozI7vmSNSMIvQDHrnI55ORRVlN13KEbKMuVzezTaV1Fp3vunfqxT5I4Ck7vlfJZR5W777Xs1vZ7+TTPz2/amnhuPiL47ZGjeI6rDJCyyBg+QQSu1irAnb93J6cEBq+4v2d/HOj+H/hl4FV9RjimTSkiukMjr5SGRycBOO+CRkZPrXxv+1T4ftdC+MXjbSYI0W3tJ4hHGCXUDYNwJIBLAfNkHnrnkV+jf7OPw28O6n8EfAWsXOnWRafQPOkmkjVzJid8hiw544yfmIyuO1FNKVafOleULNLVJX3Tdrq71suvozSrKEMLTktk4vlV07WSd209tbq9/xPzd/au1ix1XxX481G0KGC5v9PkgYMGMgKr83TjJBIGB9cCv0m/Zg8dWelfs+eE9OOpWaTpodyzQvKiNGWEu1X3MBzngDkkg9W4/PT9sjQ9O0rx94rtLO2higFtpEqJGu1VEnHCDAGCDyM5A69Cf1h/Zl+HHhW+/Z98A3F1o2my3MvhuWWWR7dTJKyLKwMjYbcVIAySQMBt2esKMpzjq0odFu0pKK1Vknou/XXV3MXKMMNQa0VTlaStdtxVnv0ej28rPVfhX8X9RjvfENlM20ufE965WP58h7+Q5BBYkMDkZzuGM8Zz+ofh34k6La6BoUHmTxhNPsVcm1l2graxqcEKM9AOc8jgZr81/jHYW9r4xto4IoolbxzdQ7EG1Qg1J1CIMcKBggf7Jxk9f238O+BNHl0DQpWtLH5dJ09+baMjLWceQ25SCxPzMcZzz0rvwzjKdbmkkrQXNG2r93lbt5/LXe5z4h8lOjJRbndu91F2ahrdLRrVvbTfRo/DP4iXa3PjPxLfxnMD+NrWVGKkHy/OjfODgjp0Ge+eTX6z+H/iL4Zk8Dva/a7nefDTW6K2n3OwyfYNrMJBGVwG6kcYBOR1r8wvi9YxQePvFMEaRhB47hiKKAihd8eMKAAByo75wCSc4r9jtF0TTovh4rR2MEci+Et5PlxNgjTQxdj2YkbgSSR3z1rPBLleIScba6yT1fV2Ts/L0vuPGyfLhW05Nv+az1dO+909dLJ2Vm0nZX/EzRpDp/wAVvBupBXmEHi1rlViRjK6i8BARMfMxwT0O3PqcH9S9f+JL3VtrzS2OqhLjS76OFGtmDRhomB8w+XmPgDkfdGcbeBX5w+G7ZZvjP8O7c4Ky+MJBsUr0F4DgjkY29QO59Qa/YX4ieHraHwz4hkiiWOeLStRlaQbMuggkAz0HX5sj/gPUClls4xp4jXSUm07LV3W+qv3XbV6dNswvGrh4qN301S+1DS3VJPo+217n4s+H7tNL+K/g++ktZ7mOLVZZvKhUtLOJXyI41IDA7sKSQfYMTg/pd4l8VTav4E8XwReGdatN3h/UVZ5I0EVvmKTa83GRx2XBwTkkg1+d/hyyaT41fDmzdlLz6ouQMgYaXKgghdrAYyAcEnrjIr9iPHmkJYfCv4gDzAJF8MajJI2NrHMDqFPUgheB7r1B6aZZUTwuMXNypNvlUV72l2uZ2WqVkkndd3tGZvlxWETpJyai7uTVlzR6Jap3b16aWR+MvwFhvh8VvBRtrN765WUvFaxsFlmPluPlZvlAHByc9uc81+mvxfbxZL8L/FqXvgy9sYn0iVJbo3Fv5UKkhQ7gOZHwSv3VB/vAjivz2/Zbhab48/D9Wfcplbbg54ET/Lye/XHock5INfsb+0bAqfBjx1ICAV0jaFZ8HDFc8A5wx6ZPbj3jA1+XD4iPKkpN7eUYeas7XstL+Wg8dCMsThmo3klHq1u4vTVdL722Suun47/s06frdj8U1j0vTre8v38NzMsU8pWMwtMpZ2wQdw5wOBg9Dmvu34qWPj4fDXxlJeaNp8Vn/wAI7M088czB41ADHaMnJBBUAgDj5gRXyR+yoiyfHeKMuNp8IE7VJJC7oxsznrg5J64ySP7v6V/FzT2l+FPxBJQrCnhq4IJDqCRtBJBHfpz6cEYNd+V2nl9dtuKU6mmm+nW2nd3b0vYwzafLmNBJXvClZtO0dI3Tu0lf8H26fk7+x3/wkcvxY1f/AIRuG0lvW8MyBo75mSMQpIoLbsg7jkdTznPOOPuD9pSx8ax/BnxYNatNHt7M2sIlFs7+cGBAJQcggHdgnk55NeA/8E/vCtxqfxr10wIJF/4RCWQKW4AEi5LA9eme4B4HPyj7k/bO0ya2+B3i4XPkxeTFbREIuCwyFwQRyQfusMMcDA7Vjh69NYarQkvekpcrbs29La9F1377Na6YxSeMoySjZKk7Natbuzut3a+jvv00/ML9jODxavijxZD4UutOt7ibTbc3Ul9GWXyUHKoCMhmUjHBIGcV9d/tAaN49T4K+PbjxHdabJbRRWg8u1idZGBIOSzAcf3TkHB6lc14h/wAE9NFXUviJ4vt4Ve6ddMhKxKCScKuclc8Agqe4xgeg/Qb9r/QpNK+AHxH+0xKkn2KyfbyGRcjbuDbTwBzgAcdySawpum8O4c/v62V13Vl0S6ep1TVX61TajeL5G9Fe9kmr6W1t5bXWp8E/sUeH/EWtaP4nj0HVotLihlsJLrfD5pkD/cGGB29ATjOM4yCWr3b9qDwV420j4Qa7eav4ii1HTIr3T5VsRBtfzGc7XaQDOAR0zk55HBrmP+CeMcf9jeOS2CC2kgZBwBtIxxx2HucZ54I+k/2xXz8CfFe8MgS80vaW5JBdgAuc4wR1z3+UDvtUco4KC5VZxSS9bJtX2W3rZ9WzklVqf2lyKySasratXWjfZ72219T4Q/Y5sfHGov46tvC2orpsCy2E9+PJMplJ5QKW3Ebc+3yhe2MfoVb+DvinOIJZ9eSOze0uTMslsrCQLA26MgqMMwzycAdsd/mz/gnHp6TyfEuTYsnzaWOWzycALjJH1GR7Z5B/VS/0vy7NI2wqmyvJCV4xi3l3A9cAAdOpwfl71lRcPqji4NzUHba6aaT72T3e+quuppiKtSOLhFaRbi7csW4tuN3fd6pvfVPtqvyS/Z+sJbXxXFeRWFk11ba1rxt7ho8zNJ57pIc4ADFhlSMgZORyMs/4KPanJf8AiH4V32oj5/7BnjYIF2r5cbFsbhlgTncADycj26P4IwOuux3IYvEPFOt2ihGwxD3k3U54zgnhuBjOecZ//BQGzsZdV+FEN1EJk/s/UY8lhlQ0cm0bs8YGOFPXgAL8w+fzCnCeGoSlTtKMZReivbmjZrdad3+ei+lwM5uvq1ZWstukU2m216K2rstXv+VT3fhi7CIGAlEi+aHXYgwxJCk9Mrzz075Xrj+IFkM872iSyQjYsUqAt8oUbVARSBgnhsjtnqKv6r4LaJpWtZmXzZDJHE2JBsLH7rL82APlG47sZOBkMYVm1vQEUJD5sIAJDx+bGV2gbehOevOAduARkAD5y1pWhe6WvNp0j10tuu6vbpY9tcvK+Z+mjW9tErpJ9E+9tLHFnU7iGLLA7o2AV2UgqQRwBjOQNpyQDjPGOTrab4nvraRAxEglJYhk4YgYCng7cMOMcnAyc11//CQeHdRRU1jQo4SBtaaFdmXGMOFG0khsjHXPfI5qN4d8P3yRzaVqsUZAcrbXHyMvU7Q+dxPOCRngDnkYqMoNNSjZ3V21daNa3TavbTW19bpEKk73hNtadLbcqvezezaemvd315FNWu/t7SRERyyM7FQmU3HOFU4wAAwyQOeTg4OJZzcNKJZXyCvzBAGBbPJ7gHJ6DIwCMVZl0C+0+4jluYkeIsRG8UgdXAJIIyTjqDk4I5/vVaMTsMBBs6Z3BR94EDAOQQq5A6jg4wK1g4uN27aX5VZu1o7Lp6dLdTCrGTslbXorau6V9dFfytpe+zPff2Vpynxe0Zpgyq9pfxowJBL/AGeQgEZGdwGRjuMZPFfetxGtxFdtLErOlzdFY5QhBTzD03ElgCSM+xPGBn8+f2e2tv8Aha3he2eZbRZpri3ad32BC8bAkOxCAZJXknpnkcV+oV98ONQFvcz6Vqtrewr5qrFOw8xndmdirocOASowCVOepwRX33DGbYPB4OvTr3jzSclpeNmlva6i0u3lfXQ+czTKcXjZU6uHs+VWspcrvdaW62Staye+sk1b5P8AH1tFDY+F3s4haONXnR3tt0TukhJbJXAwpJ+oG3uK+rfAlv4GttDji8UeHLLVbT+y1nJEssF5NMY9xYzphshgMrvJP8OFzt8p8S/CzxTq9hZQJYrD/ZV4txJcbwqEPliEDhfmBPcYIxgc89Bb2+r2VjBbXGn3BggtBBIMK2XjAVgJNxKgkDBxhidozkse7Lc0yWtisXDEYmjCFSUfZqVSMGtk0kmt5Oz1T/XkxWT5vQo4eUMLWk18TScouzVk1aSa0av6JpHh/wAY4PDM2veHD4VgutC0a/vEhnsGupLl2xJ5ZaKWR2MY2kkEEZx24I9B/wCEN8JWevaPY2niLxPaW8UKLdygwXMIJUfM5kJyAzKzKBuwcDg5riPifo97e3vhu4tdIuobWyuEluHMJKqquCwd1X5SWyyFT83IwRxWvd6yss2beQxtHGo3AjLYCZJJIbIZTjjqSFrOnDC1MVjY4XEPkjKPs506zfNondJuze3fWy2CdTEYfD4f6xS9+z54SprW0k7crTs2rN6p389De8S+GtT8P6isWmeLdK1uG48+a3a7gkguIowrEpJtAXeQTwo4IOOorzXw3ZeKSb2Cy0B9TUXQurq6tp4lSMzEkqA7biVUdMc5+WunPn3tzFJcsZFTcD5vzldykFt4JPORwwwfpmtzwneXtpY6pFaxiNJbpLUlDtL+Sx53Eg7wuCrYyVwcjBB7PqdaeJwcI4us+dy5XP33GKUHZ3vo78t9NPOxzfWqSoYh/VoJRtZJOLafLo7O122/ltbUx9H1i5srppL7TNRt9k3ljNv5qq4OCA0cZyAc85468cVteEvENnGNZluLwWzNrE8iRzLsyjEZyHACH1DcjONpro9JvZC0a/Mmy4dnErlgxZsDqepyRgenPzVd8IWNhfS+IFuNPsLlZNXd8SwqzfOSWAOCQOCFwSfTpXrVcBjPaYaMMTCo1KShzw3lvq4u9tr3a69Dy8Nj8NFVJzpSjaKleL5tW4rSTTel9dV8ivqWoQX1o0kN2jqVkkG115+Vs7QDkZPtnsckinfDOYB0jSNoxHDcSF8nb87FVJJJ/wB4dMfMMHBz2Oo+EPDTWE+NPWCXZKVe0mdCgVcjCAhcADGCAOOf9qh4V8I6rK1sugalHZRxaUJJlvot5mLyybCGXJIwO5/DArwc2yvMI4vDznRjWSWkaVm5PS9lJpaXb11Wu2y9nA5jgalKoo1pUvhbclddE1dKy1WrXoro9DgEMRRGbzC0hG59pTBAP8QbAB6Drx8wxkny5IbS48Y6xHNDaygTWqpBNGrRnngksMcknOByOBzyO0l0Tx5BamSG00rUXjlJykphd8Akld4CgkAAY6cAZHXyPTr0W3iWa98Qx3GnC5vWS8SDbcCLyemCvPzEkqDngZxmvkc4hKHsYYjBzoL2kVecLcyTSd3bWz0v5t7n0eUzpVZylRxUKt42tGTutY73t1trZd+p7dP8OdE1W3hlj0CykuHYu7QqI1AGACSnPQ52nPzYB4ww8t13R9B8K65NZSarqujalGsc6R2WoTxRosnB4DBeO+SeSABwBXtOhfEnwdp8FrDb6y9sfMZZjdwSDKFj8wO37wyScHOeRwSK+YPipqjeJ/GGqavpsX260KJbR3MSsRsjCnoOgYkADp1IHBx4ObU8LTwsJYeEHUcop2eslpdpW6Pe7dknbsfQ5fTmsReVSdnFtRcm4X91JtLS/XVLye9/VtJ8TeMLKRrjRPijqluu3fHDfPHdKcD5QfNJDAf7O05JycnA9A0/4z/GfT4lu5Na8O+Ira1dEcX0LW0j5ZeB5OFO8cEjkHJGOa+IJJ9ShtgjI8AhXITDIy4yMhiAeozxnAwDgZxpxeLNWg0yGwa4leGUrnJB2lWAIDZPUYx9OOeK+dp1Y6RlTlG6VnCTT6W2/HotL9j2mmnpK11dppK+qs3tbfs769z9ILL9rPU9KEcnirwOjgmOP7Vo90rIrADBw7E9MkqAQOQ2eK7kftA+AvivZQ+BLGTWdF8SeK7q203T8WjTGK5aRRHI/lqAVVmyScYHzHOOfzQu/FUd1pJidGSWN4xC+4shZFC5w3zFhnkdz2zgv9I/scwQ678d/hhBcSb3XXGMjbCSVULnBxkHOQGCg5HUGlWj7X9wpylCtHku3d2doytfZ+9pbulexdOoqadZJSlTTknG9rxaauovRu6dn3a1tp0Xxq+Cvxi+GepvP408O+II9FiiZ4vFcdmt5pV1bx8RXVzLboy2of5SwmKkY6AV822moXGoyTNa6hA/yFk8to/KuAucqFJ3BgM/KADnGOor+on4r+A7geEviB/Zfim8W1n8P6iE0vWLePVdNlkS3eUottdh4wuQRkL8uSQK/FXRv2DfEfxH+HK/EXw3qnh3RL+3nuZtSgb7VFaXYa/MOUWJRHbOuQ2xNqbQfQA+JmXDFKjCLw7qNz+y7aWa2ad7NatSV9bnflvE0q6lKvyx5bJpNtSXu6tqTtotei6nxBc+Kr7w7Z2yabqNzpd5HcCdRaXk0cRuFOQ5hB2eapHyuVGCvB9fpr9nX9uT4m/BvVpZ2l0zxJY6hIj6ppmrQ+S15mQMZWuYgsjzYyFZn+YkFgcAVynxp/Y5+PHws0O88Q+KPDlpeeF9KNpIfEOlzROgjvkWW2YxyMJirqRlmGTn5gCdtfHUsDRyM0qBJVYIyhuUUjqQSAD1JwMAgckg185icBjcut7OdSM+WMrSbejs9U73ad17q9NND1aGMw2NTc4QlBtqW11aVnaStJNW0a9LK2n9bXwt/wCChH7P3xWuPDL+LrWTwTqFzp6WGqW+pxi90i52whUUMqsghd8FfN4QcNlgTX5/fttt8PrHwj4AvfCt94d26j4+8W3Yn8NS28byWF1dl4P7RS3IYMoIWPzMBVOF45P4p2PiPWdEERtdQeNRtKxEu8UicNja2RgkYyMHGBx1Ps9n8arK50uDRfFWiQXVkWDxXEG4TW8jHa8iA/LzwcjBbjcMYJwWc4mlaGKw8ZXjG9SEUnq4XbS0bbSuvNtbm9PKqNSTnhK0oWakoSd4aaW5k0+rT5vKytdntmj62lsj2xu5JYTFIIBGUIWSQYUFVByx3Hscnrkcj0b4hfCDR4/gn4E+N2l+JGuLi81O/wDCviHQiU8+yuxKv2OaOJSZFiaMHzWIAJAAJUkV8/6VdeGdVMc3hvXoFVmRhZXTiOWMgZIy7ANyxVduBk8A4JO/qLavHanRpZL42MjG9W2FxI2nvdHkThSTFvHRSB+JArSUsJjKblTUOZpWTdnGXu3vfVdFZp91shqni8PUpxlNqMZ80pNX542Xuu+m9nF3vdJeR59pWspp17rVhLdRwqZYpIXZQSXGCvPHORgjOCBkAckdRoesNHr2q+ZvuBdafsdlLAv8vJBz36nB9NpB5rnoNFsrohNRt1eR7lSzriObapJyemdoJK8Hge/Nu38vTPEVx9lkMkZs9qQEBikZGDyPcDIODxgADBEQcIxipR96nZJxindNppSurb6J3va6u7mq5/aOzcoySdpO32k1BRa23t93mdlpXjTT1sINNv7FLgW7S/6xI8FAxwgJBOVBwMYOQfStewn8K6nG66bfNplzuJaO4G2EZOSuHwAGz/Dn8M5q9o2k/DSWx1RvFdy9rdjQJLjQprVHVzq24kRSKMLJnP3nwc/ewBivNLrw5cTNLc6bDc6hYQwJLdzhNiQSODtDMmdoKj+EjPAyDXmYiMpP3Iyld9mtFypO92u2uie+lmzqjVi5uLfK1yq6ScWmlaz1Wite3z2OxbTVTU4UuUinjaUsbi0w0ZjCk4aPnJOTuz1J4rg9c8MWFxd3jwsI4XEshAAWYSITuYdMqcAFAQAB0wAK1tA1WTToUuGikMSzEDzWYrtPD7C25SDjOc7uT6YHYBtO1OSRpoUik8qQIFdclXU4+YYPJxkHjjtwF86aUXNTgo3V0mru+lm3e2vV7dLX39CEbqMoyTaa62Vko69U3o07rXXbRLyKHw5d29nZ3NtOJHk3EBsfMgbbtJ6gHAHOeg6ZJrFWa4sLqZ2FzbzBv3UkJ8uSNgQM74+WUEg56kAAE8hvf7PRANHspJER4y8yR7cBgVckBsEcDBySOM7eDhay7rw5a3BSXyYyY42J4O4ncflc4z0HcYORuKnkcFWFOUVZa3TW172V7W6Xbt1+aOuE5RkmnJLRcru19n5Pe+naxx+jeOtUSMwak0Os6epBCXChboFeqq3BLLgDcck+ua908E/EDR4bqzutJvGs7m2uLe8TT9TY+SLm2ferIzYOc4QLnnBGQcV4zqvggJE09oTGfLE3lID94nkggn5cd9wGeB3rlDYXljtS6gaTI3JKFO5T0AyvLAj72FY98c4HnSlXw7jKi5XVnHlk90428tHtvq7u+l+lwpYjSbSVrSVt4tJ7PRrlvtdbbXbP3Zh/bb07UfB1kl74NuF1hdNutJeSKUzWX/HqYmv967goz83UEdfQ1816L8SNVuX0yOHQHu7SWO+K6iqSQ2sgkmZzvldBGzR5yMsMDGCTkV8b/DLx54j8IeXdafpq6vBFEyXOl6iguLWaBsb0Ecm4/MMhioBGSBgnn9Nvgx+058J/EvhaTwF4u8M6R4WOrWs2ntcXNlG1pZXU6/8AHzb3Ecf2i2UFhuTIAClhuzg+xguJsTi6sKWPxDg6UXGPPBcktEknbRPRJ30vq+h83j8lp4Gk3gcP7aNWSnPkqScoq8Xflkr2Xve7Fu1ldq6t6R+1RrUV5+z58EoZApuLmeRiqNkCJIVVUVlBGAwxz0w2eMV+ci6c05kZgyo8mCpVdwzk4HHQAZB6kcletfbH7TUtjYfD34P+EfC0ya5pWkDUt2s28j3NgZZZneKM3GW2ExldqSMCo28YzXybYyvHcW8GqW8lgWyRPsDW8u37pLgMoGMexI5NfMcTyWJzWtXpJzg6WHanfmjdUaa+LyfMr7dFsetw9GpQy2lGb9721fRNKVnWum1paVnZ99tGbPgeK9sL2RFnY2SozOGLFsZwAN2cbSMjaV9+MV/W1+z2S/wS+Grk7s+GrIqxGMt5EZBYcKST3POcADqK/ld8PxQfaZgIkP7o+XMjKyPuIPygff8AvdADxntnH9Vv7PyKnwV+GsfYeF7E5AGM+RFkEDGBgdecnIIPFcXBsnHOMcovbBxtbXT2sO3+b0e+qPnPEWV8vy290ni59Ht7Nb6NrfraNvLVeqlZOSrHGfQZGD6kcA9j04+U9Kb5chUkPkHJA7k9wTx+PBHbgHNXNmdwzk8cEDjqcnttPPIz1BOMkBvI7D5ux5yFwRnrtxjgqCTxu9B99OaTteXK9dbdFHXXbfZ73Wm5+WRa91afZ3itU0vL7tO9nqVkjdWAUEHaT1Y4AwRnORgnOCcDoAOuJApGOilvQ4xjqT2525wMcgZBAxUyuoXPy56f145565OeOv0MT5PCZyASoLHOcAA4/T6Z6jgc/PdpK13pqvNaN6W1upO7egOU3f3Erbtu11daa7b37jwMDJI3KASc898ZOeBy2OAAcN6ZaxOA4K4IbIJJOD+B5BBz1zuPI6UmDyCQexzz25w3pnuCc+5PDgcAAAcHuR7fePoOOcgd+1LRp3lqtU7NPRrRWTe272jfTVu6i7tNrVWTukrXtqvKyXo/PeAqwwfmAwWJPIHTBGByc4wPmzuJAySBFhxjaSM4wT1z1IBHXHTv1ParhORjG47udwIA9ieO449OTgDrGzgDpwDtHygrn5QSMjj2BOTz0ypbCcpRd05JLlelr3uldXeitp5q/mzWPI27pvRWso3d+W+nz3elrtPoL58qFRgkjBzkfw5wMHryee2RxkjixFcsMkgg5OPbB4OScnu2eSeOp60i5BLKAB6DlTz+PHXtjB4IFJvJYj2PBH8IOQcAHOOx9jwe1wxkoWXPJWte7tokt9Xa99uu6uhTowdmlrvqu1tdU97JdNE7XsbCXJJGMk7cdCBgqOQehDY5HHvxkVbjmcZDdsBRxgcdR2wT69O/AArCjdVyd/y8HLEAhieQc8cHn0APNWhckHJYAY43DJz1bAJKgEHPYYywIBNelRzGPuc09ItWaaaW1m3r112vppuctTDt7Rsmum28dlprzN3Ub79dTdSbuXBOOcHG0ex6E4wOuO44wtSi6jGSTuH3c4H0OCuBwDhhyQB7isAXakMFcEfLtyBxkfdBA9AO4IPGB/C9blCNoKcDPJx16j5SMkkZAI7c11rN6ab5Ki3s5XVvs26ava1uut3ozCWD1V7pu1lbbsn9+v47o3heKAMoueRjBX5R1JB/vYzgZJGM9dtIl8McjqAAMhsAkkjJGTzxjuBwOayFlQ4O8YxnGScAcEZOMk9Px6YGKlVULEq5OOgBPHU9CADzjJwQecVvTzKpJvlqXVlrzJfyNW6eVrrVWMZ4WN46Po76q7irta2XX0vtpq9lbwkkjjIxjJDdiM5BO0556gAds8ua77gZzg4OSR07jrxnaf8A62cZOwL9NwOBzjpnjjJG3djjBGOgq2qMCQG4YEEdQOBhuqkYJPGPYnpXZh8wrVHbmdnZPa2lul+3z263Rz1cPCDS5baqyStf4VffZq97bLRbGjHdFiBjLKQfmI6E+5yx6fTB9qsLc546E8kLwBg84IU9Rg9B1IzxxmiJ/lwMkA5JJA57gqc478Y561YWJkGVJyCRg5yQQQeAoOOenX3NerRxFVWspNPXR76JK99dXd36afPnkoK6SV1ou+0bJ7OKXlfZ3s9C95gJ6HGDtIIJ5B56beoHA5GW+Uk4ClySWDAZO4AnoBxgLyMEYxgdhxVAeaM4O3kA4Cgdv9nGMHkcrwWIIzkUumTt4JwD98jnBGf0ycAYGDwAOx4mfJFNNeul7pbW10vbZdXoZct1eyd7aWure69H1vuk1rs9d7e07gd+B94k9e4PJzgjJ5HXgnPSmEMvRupwfp1LDtg54Hf8MhokO1iy5GCGJyTk/dAwM4JHHcnHUcUmWzk56cj0HTHB4Ix0z1GT93NROpCSi1dN9m76ct7pu97Py7rqUlZK7jry6WXldeSX/B3JAWBALK3opOc8DkDPQdMcY9iDSGZOhIY5xwQORwDgdTxjIxk+hxVdtxyM8jd8p+UglhgYwp6HucD0Y8VVcMpO0DuR0+UfMQDwcjPBJzyAvOBWc604JuPN87tqzjot9W1re3ruXGkny3stknpb7Cd7WeqtZ+fa9tAXKkfMmD6f0GMHj+IjrnuTkt89WySQAuPu8Y4BGMNnPqOuT3JrK+dG6YUtwucnOSQD1AwPoPU7sgmRgjcMfeA5HPJ5x3yenXvjrWMsdUTbaTa1tpzdFqvNLr3u7miwqdrPdJp7q3u+e9+rWy63SWksyZ4xnkjHHbvu428dMN6+mHCdWycYZick8YK9Rj3z8uCRwcn1xWlwD82DxgHgc5znAB6E55/A80glK8g8HHPLk8jIPOCR17477jioeZvmScYrVcz0tf3WtNktXd6bNdLrWODVn7zstu+yb+XKpW3V029rnRjy2AwpGDjqScY/vD09ScYx/u0GJQrjq4yQoYEkde/QnI5OB1698uCUMdoz2xnAxzjGTtwW6cHrj7oxWir8EkBjnCjJDYyPQH2IwB0OeOa9SlXp1IJ+7ezs9ett/Jd737a2OKpTcJWTbS5dGu7W97tNa6LTqV5Y9jZOCOuecnG4YHHOcjoAByRnis5kK5BJAb5scnjnvnhuMc45556G/M3OAhw2SQFGAR1OBkZPBxjA289SBRY7TvPyjkc88E8gAjqCOD94DpxgDlr1Ixv8NkrLtf3bpbtbXuk1q9k2dOHbirJX59PNu/dNW01t3VtLszpgVGTnnqwbsCAcYzycY546ccHOZJLs6thSSeAMcH02jkjkH0IJzzV64klGWO0jOVC9DgE5OcjJ3YBxtI5wMZXnrm4OT0U8ALngDBxk9QSD0wvHPU7a+Zx2NjRWrS3s9F0Wrt6bJ6638/bwtKUve0u7X7aNdOltE2ut9Ny3LcPg4bCgDHK9Oee3AOMY5yB97AFU5LllBbcwCg85yB77c8+p5Hv7Z0l9jqezcY7DPQ85H6ZxzwTVaS+GGJyqjOOFYZ46cZ49CPlGB35+brZmpN2naVt7623e2jun3un16L2KWFm7c0NnHW7v0u2r6rtpv0b0Lb3LbWYHIzkknoTxxg9G442859OtFrlt+TgDG7nOTnjr16dwcgHYBVWS6Q5PTg5PqdxGMAAc4AHpggdaqtOdxLAkAk9+T8vYEdOFAP8Adz714tbMfeXLNxV9dd3o2trq0ejvv3PSpYNNKVkrqK7p35b6vfaXRavXRo1BcOysBjGTtH8QHoARgA5XqSWyTj1mSTrg4BCqcjtyRjuMdfYfU1kRyHkAFSx7+y8nsB6H075HNWQXAyBzxkn5uWOMEDPXk4wMZ56ZUpYucrNXbdtXdNXs7rpda6/pYKlFx91qK06WSs3Hqum2juvTU2YZyAcMMkjPIJz93sDyd3Azg564II0Y7oEDDnPTG0ckYwRxnjHOT+grno3KksyngfMec8jOCMcg9SeoOCQFOBcjmXA5II55yAcdT0DA/Q84wSM17WFzCULJO1rOzvrtbV72Vkunc4quHUvii+my8lba17/O+mh0QuMAsrckEHJ6njB24wNoB5Ax2PBBCm8UHrk+gbrgdQMg5A5H5cVgmcnaEbIPJyOcDAA7Y/2fbGcHgiuSeRyTwuTnJB6Z/hHc5wM9cdfZhm038LXNom03bWzW7ba06W27nJLCRXxJpO9rq3nqrLz3+W5t/b8kgd8gcEEE49sEkjHIJ+mTusxXTsVB6cnKkE8evYkcnJI7knuMdEcgMCPlII5Bxg8k7sbsfzBHFXI1IZCCxwcMBkEkk457dMA84/Wuqji68ppylf4ba7pKNtV66prfp356tKnBaRTe+r1+zdvTXrpfe6udBb3DYGSx5OMAllUcM27PQZAIJzjp1zWzbyBmUb+FXggYzgcbR9c9s89TgVgQHBAzwDt67mwOApbGfpu926nB1bdtm1mA+6eOOvIG4kkg5zx6YODwR9hleLnJQTXNdJSu7W2vbS2q2Wi9LHhYqnHXljrolqrvms/TXdpp6Xbasmugtn5AyoAyoHU85I57jodufl6/LgVo3EhWxvXzz9ivCclc/LazHqCATxj8MkE8jFtX6HGAAdw4BztXJKk7iTuPTCg84HBGldvjTNQAKkDTr0ArtwMW02SDg9cdwc9vSvrcPVXsm3a1m3o00uVPW2/vK93fX5Hg1It1Yabzgnvs5Lotrvbr5t6L+ar4NeHbXxD8VP2jLnUZnNt/bxVbaPAadxqEmB684wx6nsRxn79traOz8ZafBHGqrD4Y1COKCMYS3C2KBd2B8xJGVB3Yy3BIxX57/CTxTH4W8ZftH30cS3Gpy+IYo7C2YgbmudUlQNljwykggjLDOMZzX2L4T1e7n+JCWdy8kt4NCv7i9RZMhWl06NlQdNqxg4IXAI52lmr+W8ZOKx1ZKSnKVaUkr62VVq7T7tapX+Z/VdSjOeGptyapQwdNa7Nqhh4y220t6Wtrpb8c0006p8bfFsYuHhMmp6yWdeq7ZH4HA9euOcdRmu61PwYkDWytqs8qGN5SxRU6HBABILEHg8k8dcVzNjKkfxs8WuMJt1TWsKrDKnzTkfVumep9N1dz4kv5XGn7SOIbgY+UD1BI4IxnOR1J65Nfo+VVJSwFFSty25WuriuTR/fo7X7HjZjzwxPLC6bpQbTV1blg+22jSttfsUrzw6kml6m6apeERWIcoqqFLY4BOOgGMfzz97mdH0e2kjuJLy8vl226FNzqnmJg4xjGcZIznPGcc5ru7a4eXS9UMs6KG0wkLkDJx05PPTpjAGAD1Ir6X9kurFoHjiaVLWNC8kic8ZHO7sQMc5IB/wBknrqOPPTSXxRS002ta1tE+tlf8UcNKVTlmmmlz6e6knpG+qT3d7ff5Pi7TS9KXV2dLq+eI2W5mWU/MVY/JwVIBPC57855Na9jZaUuu2Jil1HC3tqdrSts3eYpZSCxPUYOfwBHNW4rNIdajgS3VSdMZgFYAEhmHOOG4AOeASc8kHFu2iRNTsJxFkvqFtGQJFx/rByQTyMnng4yODis1yq6VnJNbX3XKno9/RP7umk6jlLXma9nbVdHF6bPzVt1v3Os/a7gjPw60JxNNFs1yxRCTkFZYo1JKktxyDgZOPpz5ppOkSG0sXGqXDq1tb2yjylIAeJCvAOMFm2kAD2AwM+pftiFYfhzoisuN3iHTCyqVJULHGMc5C9Qcdh2J4rm9HmtH0Gwmhcb1ez2qNpORAgxnPGMdxgkgD+GueN3jMRJtpuEdk9nGLs7q932uvvsNVFSyvCuKWterHltd/Gm7XtbVvpe930suv8ACmg3Z8GeOJ1dn8zRb22CvG65kgifC7k+ZdwGckjGcYwOfyD+I+lXY1OIz2aubeFiXBKqC7EnhgA3G09TuOeM1+3ngqe6m+H3jJ5E225ttWYMQoYMLeTI3ZGQASQAR3yOtfi38YYZm1OeH7az5t1ZQhYEKWwwYq2SV5wWwATjnBrhxMr1KSaSSjLfd2s9Er7rrbXdrod2U1ZSliXuuam4WVre4l1vd3SsrdG7Hhd/fXmlpJLbSqmoqkfkxxEsYVLDa7KmVyuRgADJA56Y5XUZvFOrXcdxqGp315JlViNxLIwX5Q5KRt8qqByOOOMA9D2lpBDFBIWQSSTRH55CzMAso53N69sAYHXgE1Yu2iyZGkAAKAZxjHlYUHqT6YOemACa462LVODpwg7Pl5ndvma18mk9Ou6+Z60aXM3Uk1FtpXSva70Tba0tbZrdK2p9Pf8ABP60urn4+2gu97BtLml3uCPlilBGMgEfcB55JzntX3h+0n45Hh/40XmnvAj2s2m6fJKGA8wKyD5k3KdwbnkYz3wevyT/AME+rRJ/jxHImWWDw9M2Gwcb3DE4J6buRnoORzgD1P8AbFnC/HzUGZvLjTQ9PIJ9Qgx74ycEjcAT6BiPksxw1LM5VaFaN6dRJcqbjJSSuno7q2mt7fcexk2YVMszKlXpTjzUqUrSaXK4y5LxfSzd112s73ueu6Rrul6tFH9juVjeZD+5dlV13KSSAxyT/CD6ZAHTPL+LfDcmraZpsBhSZH1N1IbBbkMMscdCSDnOBkHOBXh/hC7mu20yWJ3Z4vMErgsqIASNzMpAO3knLdOPp6DrnjPUfClr4fc3UWpxXuozsyZLbAp4UMcnqB7k5weMD5CrwhmuFk6+BrSnSi1anJtTStFpJrdK9ru3TXY/QcPxvkeNxEMLjaapV3a84RvFtqDd0pJa697u9l25s/CfOqaek9qItlzlZAncP8pYkFduSeR25x2PZ/FfwXNF4ZvLc4ncPa7HTGSBtwDwe2MjJLYyR0z13h34reGtcWyjuXFrdR3Gxo5wu3cW4TzeRnoAC2489BXf+PtOsNU8M3l/G+Cq280aocqcYKkY+VhlscYC7uuRwZbmubZZjYYfGe2i1Ompc10uVuOqkr81kt07x0V0tH72ZZNlea4KOIwTpzbptqcfi5kk1bS932S7nx9oGjS2WgSmeN4Xh+0Y2hlZdqq3DBc4xgnnkccA4afQfFc0MEmnXLPNFLZXoRpAd2WjYbC7YB2j5tucENz0OfX9P0eXUNDFudpmmu5godAQ8ZXOA3HDcAEkk+pzx4t4w8L32kzWiiOSJmtp+VD4KlX2BcDHAGTzkH5flwcf0Bw9xbSqUpUVWS9yyi3y80fci9H2tp02u9z8A4i4KqRrKtKk23VjLmcFeL5oP4vSLteT3tbUxPh5a3I8NoIpWhf7dfOASFXa0zEjcpDZORj/AGR3AwdaLxHqFndLZmbzDNdbcFSdoVwSpbIGDz/Fnjjoa8Y8HeOr7Ro5bK7Rbmxju7iM/wAMsbNIfmIOemOepIYHAwK9Vj1bStWurSXTwJZcq3DIHRur5UZGBjjjIOCcNwf0DKs5p1MLRpQxPs6kbpxfVXir6PV2V1bR6drHwuc8O1aGJr16uFjVpyl7rSTSuopXWlvv6b7nb/sr67fWfjv4xPDOoVvEUMzISQSGjizjaQ2RgtkDPAweBX7FfB79p/xD4TWLT9URtZ0fO2S1uiWmgiQ7WaBnyCoGflLMCcDGRX4y/s5fZtN8ZfFW5dd082rwSBcj5gFQlgOoG0cdfzGD9nWPiO1uZfLBEOF+bawQKcg4ypB5AHDYOAQ27jH6hkWPqrCYeSqXabTTvZrmSu9bbtPV21v0uvxPizIsPjMXiqFfDQ5ZKKjaNpRtThqpW5k3v6Xdm1p+qF/4M+C/7RPie11fw5c6fpvjO105ZZoVMMd9EJcgLdQ5BkjZiV8xSfm9Aa8H8ffs8eIfCN80eraa82nCU+TexIxUoSfuSqBgEc4Y5xgHgk1+cng74ia54a/a606PT9TvLSG48Dq4NpO0amSOR2jaXYQJCD1Vh05HHX9rPht+1jp2s2sHhX4rWEF7ZFFhi8QpCJBGpUKv2+FkJDgf8tI1DZy3XJP2mCzZ1qbclGUY1PZzj15rR95Pyut9LfM/HM54RxeT1YVMHUnOjKjCtTjJXcOeTbptX1jFp6xWl7td/wAY/jt8Dr++8d/DG70UyTNaeJF+1WsuQDGzKwdOAHABAzyF56Z59f1D4eXmlzHzrORIvMcMWIBDgt8p9MFQeedozgkAn9MPi/8AAnSPFGreEvF/w2urTUbBdQXUPslvIrmRM7t1o6sSsgIJ8lmBBwMcV5f4w8NXVyl3aXGnSw6pCWDxzRRo7gHkFSM7gRhjg7iDx3O9OlFYiviIJqNVwk02t1yq9m3o+Wz02TOjLuIpzw2FwmJSVSj7SlK942fOpq12rprXRJ2Xex+F/wC2TojQfDnU18oDGsaWpKkbjuuIhuwGO0A8YA69McZ9y8HadLbeDvDu+TaF0PSio55H2SIDPcgKMDGevU9Kf+2b4Ovm+HmpxC1dZG1TS5JAyjdGPt8YBGOMbVxjJ9WGDk+m6Ho9taeFdBhfcpXQ9LGNh6rax5IJHGT0OfToKx9lCOOq1NpTpU7u7W9+yeyej1W/M0fYQxKr4KglazqVNOZbWhta72st9fh1R4749uAvgXxcdpdo9C1MErlSR9nkxjknA6HJwec4JqX9kn4r+J/C3wv8I6roF88VxHDNG9vK7m3uUimKFJImJQnOQH28A4AAAxn/ABWki0/wT4qEMrb5tJ1JDHjnBgkBHqCOTnnkH0Argv2YGR/gt4YDJuKNencSqEEXLdeQSFAycY5XnisXWnDHQUW7+xlzNJ73hvra9tX8V157ziMuw2Ly2tCvh4VISqx5ozinvFpPTXRbO+21+n6teHfiN8P/AIuxiz1+1i8O+LHTy9ylYYL98EOEIYKWbBPLZ446cfN/hr4E3PhBviJfW7yahpl94kmuVkRczWwlLyFJFXPyKcqHxyQT82K8jENxBeWt+nmhVuFdGjkfzI3Ugh4yG+Vidp+TAGABwK1/2Wv2rtQnu/iH4U8dxNe6fp3jC805NRZA1xBatJIsW9SCJFjTAYnJUDHZs+tTxtGc6MMS0qjclTlsr+7dO+mvXf8ANn5nieHszySeIxuRqriMIlCWJwUm5SUOeNnRb1aT1s9WtPeTsaGr6e1s91L5rBFLxhSnIO3gk9j3BJ9zkGvgG/imX9qMTl2aV/CErK20/KI2Cjt2B+8cZ3HHJxX7PeJPh5oXiezbX/B17banYSrJLcR2rCTDNlgpRMvE6ncDG4UghgBxx+bvizwELL9oqx1NoJY4h4TvopExhtySoCrE/MMH7uR/Ecg10YilKUaK0cVWhJT0dnzQvbTRWt2XqkfQcOcTYXEqt7STp1o4ecalGppODjyuUXF2lo79NF8zq49TLW8A3M4AKuCpAwWJ6hdwyep5BPXuo+Wv2ltZnTV/gyyHaYvHUTKTk4Yo5A6KTkbie2QBnKkn7GTQoLeGR/MIWZCyglcAK3K5ySGGAQMbuep4r4t/aVtwms/CHcpCw+OIpB8w3bQr5OCSec9cEjJzzSzDDudB30SlSk7arSpTcbaJK+99r6Xex+icN5nSjj6FWn/z6ra81/8Alw430smml0evkfY3gr4gX1j9mcTGNlYeYGyQxwOhHygDnIIBA64r3LXfi1pEfg3WLu/uzYyJbQuLqCQhEmFxFtMygkFTn5iTwpz/AHiPkOyu7eKBpwwZTEdkK8MrIABwedxJ65PGTzwT458Z/EV/p3wy8YlBIDJbQBBuKnDXER+4m7ptOCBnHAxwa8nOMpw2Ow1ZVopTjSlKE9OZNKOn2WubZXSd+nb9S8PPETMsizzAxo1pvDyxVJThKTlF0/aQ3i7pNpW+FfI/ajwx4g0/WNHsdQtbpYL8WVq0d9bSq0E5MKMDIFYghsZIbJz/AL22neKNVXU/D2q6dq6rDNJbS5uBzDcgxtubjGwng5GMYznBIr85Pgb8T5bbwzoubx4Uj0vT1ube4YFJsQorMu/BTnGWB4AGCDX1fb+OtM1rw9eI84WT7NOZYpXIUr5bhfIlPJIwCAOBk89cflWZYDEZZUbpT56M43TV9nFWUunNayUlbbex/aXBPiFw/wAVYl0a844bMKVaL9lUlCMrqav7Kaspwsr8rbsm1qkrV/BfgW01bwXapEPMjeS5jidf3gjcSuArYLEK3IO4Yx1I+YV474x+Ft3ownms0eKRpGEsZUmFkJHzxNzjqM5OM5wTwa+gvgrfWv8AwhtlJpl60bfaJ2zMVaB2jnl3Ru3Kru6EgN1AzjIHteqr4a16wFpfbNO1VwUBkVTa3TnhTC7fIAxyDggg8KCRmurKuIK+FhrVblCC5YzlpfSyTfV6ct7Xd1urHqcccJ5LxNXxOExOG56cq0uWvRgnUpXcWnK0XeOjaabXXS5+LNt4avbb40eJZZoZYvM8P2IHmbgJDvZQI34RuRkc8ZzngmvaLTSyqSJcFwzMiiMMTJgjPyEHIXp784xxx9Za/wDDuwHjK6sJrO0R7jS4vKvCoYDliCkw+YIueVLYBG32rhNa8A3WmvGk8Qjtom2pewoGAXBx5m0ZOVIIJ56c8Yr6jK+IqVSnN1HyzlWqOScrLWSvd97PRu2u+j0/lLxP8D8zwlb6/lFsdg6WCw3JBR/fKjCnGDlyvV6LW13pdJ2PzY+PWlGH4n/DBrWJ4pxJKYfNUsrOp4zwCFzweB8pJJA5r6r8FXz6tbtaX0CWmoWybZgNgSb5igePJOATyASARkYJ4rj/AI2eD/N+I/wtnmZbyJZZPJMTxxyyKVHOHcEEMRkcdAm319g8P2XhzwnBqV5d2F3d+ILoSJGs08bQRW4yQ3zMFyATgqeck8/Ka7suzhVMZiqVOfuuupSbtZRcY8ut+rVtO5+EcS8P1cHleXLEYepGvHDSjCLg41IyhUl8ae0eujumnbWyfyp+2HYxJ4R+HtusnEnxF0VXOFY7DcQZOCCAMZOc4GeMYyvvUPgfw6sSSOoZWggMjNIPmZkXIA3Djt9OD0APzf8Atb+Mra40TwLE1hFbJH450t4QZY2eTy5IiTjdwMngnjHvXo918RYjAxMdtBIsEGxZbuKNciNFDDLAc4yDjJOffHdOrF4vFTTSUlR1v2i9Lr/EltpbrqfLVMvryyzL4K6lGeJbjZ3SlKDSsk7O61s9r6btdZ8QNC8M2HgTxhFBbwmVfDWrvExdSFZbNyDyMk5zgAHHOAeBXjn7Pd7oNt8EPBRvr0wzvbXu5fKJLbblgpGBxgfNwBnGTwKteJ/F4vfCfigzS6WJJPDupxon9owlji1kA2qsi5Y5woGOTnkjB8++COsaNb/CXwnbyaro9tcpbXxeG8vbRJYg07/KEeQOmWbgFVO3o2Tzh9aqUsbScZxUZ4eooyk/h96m7a9d+6RdLBTWWYiE6c/96oyStZu0ZJpc197vbZ6nu9/qegyRzrFdTB5LO7WELGCGxbyDnYMKdwIbOMDgdMr8+/sUSQr8O/GcYguriZfiD4jP7u2LoqreTHLHBOSMfLgnHRQRmvoPQ/i14X0Dw3c6LLD4Lnkltb8zarNc2kl3EZYJo0WIliPNyQFIOACDxwB8qfsffFi18D+EvGlt9u0aCa6+IOvXMY1PULaIqstzKY2ETuqywuChBGR83sRWMcdX/tXD+9B8lOslPnumpKKbu35JJrqkuljJ4GX9j42EaFVylUwz5HHllJ8zs7Ja269fvPpHxJ4xvrKa4gW1t7YKg2pPBJG8vGVYRFQcFc88Agn8PgufxBdTfteTam+bcyeBUHmJHiMMNo+UEZZcZOOcAjJNfZXjD4oeGfGmqSalrXijwxaXcVt5MaWF1aJGrAYG7aQCSc4IyuOAVAzXwD4s17StH/aKm1c67ZNpZ8JJAL+NxOquSOFRCAcHJbaNvoBnNetjcYpUsO5zTccVSlK0k2kmr3av8u2tkc2SZdiFPEx+ryp+0w00rxe75Wk7p/dpby1v9p32p32oJE/9oyu6IclXaJSAG2qPL4OB3yCCcYAwD8pfHHVr5fAssN20kqf8JXpMhYzMxIE8eMB+g6HIHPf1roZ/i94OgtIYU8VqpJ6JaXDYzkZBCYwemM5JOcdVbwn45fEPwzrXhK1s9N17zLlda02WRXs7iLdHFIsjsXMYUtgYwCDyBg4ravmOHdGo1Ui5OKSWm94LR76dXfXolZoWEybG0cbSnKlNKDfNeK5VdJWV9Vpa93roj6ltdaSGCD9zvXyoGXLAszeQp9QXOMADJUgYOTgH2D4ceIpx4b+K8RjVopfh7qoCDgksFyw44APGCMbe/JNfDGnfErwy9tBN/at9IvlpEFXS747WjjVST+6K4Y5+71BIAxXrfw4+LfhGKw8e2tzq99vv/Ber2lrHHo2oytvwDtIjhO1Tjlm4GTnAxWmYY7C1MurqNSDl7FcsbrdOCs1tpZ6aar5vny3KMX/a1CU6FSyr83NypW1WqfaKbaXlbtax4c1hG+H2kRSJt2M55IBIZ2XLDJ5IYjjOc854x/QL+z/JHrf7BHxFjLBvs3w28RaYikjDNb25dSPbocEZXnOe38tei/Ffw7N4ftbb7dq3miaO38uPQ79o98crfdcQlOVx8wYEYydpAB/od/Yv+NXg/wAR/sifEvw9bX90sNj4c8UWlxPPptxErXIsstDGrx7igK4yc4yeO9fnnHGIpSwmSVKU1P2WJoKpGNtGoqKvbRK9nrfa6Ttp91kGW1qGLzeVSm489OrySatzapprl2u0ndbuy1Z+EPw1ugPE6oD839lXcbEkYGy4dcAHA5Ucfjwec+yXMqieKQspVfLBAIO0YYHJ5BxuHPTkdhmvnj4ea74fPjS5SHWtL/cwahHLG13FC8Z+1zoEZXYOrcjII6so4Oce2NIt2GENxFcrvVVFq6SgEMSTuUkEYO4+ueAcYr9hyvM8PUy+klVg5ciWkoq1oRs7X1ab0tp+J+S51lOKeNnUeHqcikrOMHvGXM9bbLV21V7WszhPh3KJJvGUQfaE8V3JfB4IIGMnHzAgkjp07dB6jqDR3Vs0SlW/dygBjkbhE4PGcYz2POARxmvFfAlytvqXjmE5AbxTMv3VUqxRAAVIB4+gyenPI9Wgl/0WZWO9/wB4okUoQNsbHBwMng+p74zk47MLiI/V5RcoylrK3MrbxasrO+traX06s5a+W1I4mNSUJQb9k5cyaWkYaWveOqa2vbXW2nlnwxUReGthJ8xNX1BQVOcAzyHG0j5RnkcZ5J7nHrejJvllZ2G5re5Chhxjyn5yMcjkHGc993SvIvhtmLR5y5y39uaiAACcBpGILcHB55JHB6nk59w0UQtMkuzOY5wDwcfu2LEKeAc8HqWPTjoqFZvDpJ6unKKtutNWv7yV3b/IjFYdrGSlZJe0i7PfWzXvN+it0vfseQeEYB9kZnPH2q7Urkrx9pkGFHpnOcYGTyBg1zHx1skb4EfFGfaMxaM237xA+dzyvOQSPlJOQRx2ru/CcaPHMTkKl7ejHy53CeUEnOBnpzkcDPHAPH/tB70+APxSMZAxpUSYGMHMjcNjJ7jkE4yanGyUskxEJS5bYarte7tFNpdLqy19fNHbgKds5w07XbxEbb/zR1633s01uuzPw8+HVt9ouGd1AaG0iZMYDAbudo+XbxkAjPQ7R6fot8CNOjl8OeP7eeJPKXX9IZUI+XJtY3II6ZxkcZIIHTnHwF8MIc215IwAdbVMYyADuBOCBnGRxkDAwvI6/oz8BYt/hjx3uIMreItIJPIAUafEBnPYYz0B9eor8Jr1Gk1F6tJJrR2aW9+uq8tXrqfu+Cim4NreOt+qtbZ2V+vZdj9nfhZaJb/sQXkXlhRHqkk0cZVjGu3UccJgLkqBkjP8PuD+aM1tb6lbuWtoo72XxRqcqXWSrL5MTt5bEgDYCAeMjd9WI/UfwBC8X7El/hSdszks2cLnUM9BjoARx1656Z/Lcws6woJGVTr2rsWBP3jBKD3GMNxnAzkHA5J58E5RjWlrK9XXWzb7tt6bJ266voenV5G4KylGySinrfSz89I/K13trxV/Pf6JNY6lFF5d+ltO0c+RskiEp3IATkkqCMZ9OCcU9dZHiC+u9RePy5GbTEMTDDbkMY3KvB2sw3EnAyc46GpLu6g1SDQrS7dk8m3v40bIPEbsFLAj7v3SSe56jpXn+pf2jpOvQySlrYQx287AsAtxAGR1JQfKQQQ3oBwQM1rGdpWlzO7StfVv3UnLeyaW+q6a2OdxaVrvR2TVrO2iTeuttbW8vN+3CX5rwbcN/wAJFZuM4OT9nY44ySAAeOOSBngCuahvTJrenW4Q7z4odeBsX94Cc85xg859uOPvXbPVdN1SWG6spmkkudZtZXg+6Y9luUbcoGdpzwehzg8cmhaRxr4l0uRlQE+KgQCzDG3g9/XABPGCP4QKqq0qM7WvbWzvdatd193/AADqw83Kok7NOSS2bcb2Wy0+T0bbdtWY+rwzJq/jmJRnyJ4nZiFwN5yF5J+7gf8A1yMV5l4osRLe2MM1vGsM1gZZOSGlBAwy+5zkH3PODXvOsWcJ1f4mMNhPnaUVwHI/ekZxgYbj0xjGMhhXDfEG2t31fwiYgI0azS3dY1+ZpEAzu3DqWz15XHTOceNCqm1HTllFK9tU4xi7tvbyfrs9T0cTSShzaJ89n6XSdul+t/Tqz56TNrLq+l38pFmLR7fTpyVHkTSMu2KRjg+W5wOCMnAznONGz3Wd9ZWxf50i08SkHeQCjD5SMjadw24Gcn2aqnijSzJDq7PM21r9LcKRgq4cEOQMsCvIGCDyecVHot2st6umXT+ZqMNxaRWkwBVZYEDbY2PQMAQOcAkHjdgHeMOSKndatS3Wq68u173Sa33btuebdNtWu0mtd9bpKy69GnfT007XwmSJ7tVUMTq00BYg7syuG3enBVsdM5DAnkj2mWFtROqI6BW+y2Owk4ycleeMcgADnofXO7w/wuZIr++jZGUprybjnhT83B544GDwDzggc59+treWb7Y8Uw3fZbFuDyFDnsBjnPHT0PRSPTTXJzWbTirrTZuNt9X/AJ2ujkpNJyS1abvHl1l70e6dt7323vobGmWj2jaVbSQhli1qI91G0pkgkgZOMcE9BjHatnWvEE2h6BqkGo4t7C6vtQl02dLUsWLIAse4qQ0bkHLDlQAcjod2GKI2WmgsHnOtAsdvJCxdQQDlgDjgY3etR/FDWtGg8JaPoqSxT3UdjcSvYlIt5nuJJFBSbnZwORnueDjn6LhuajiK1pJuNDRuyTXuvlXmtpJ6Ozdr6vyOIYf7JRstfaWS0t0dnoujStpa1ldXOF/Z+u7m88baxJNqCXUZ8N3LIEQAopOfLKqcgDJ7A5bPevR/22bJ5NT+EEqRBwPBPJ5TJ+bBye/PbsOcY54L9nK8tLvxZq5t7GGDyfDl0kpUgHK4BcnIBbJYHkkKvcivbv24LaF4PhBOrBCPAyn9267gQTkZyQDnjC9dvXpjza1WT4ww0tXanqtetB6pSu7p66q3m7HXR5FwhU927VZO8m7u9WDWj18tdFsro4Dw+l3oPgCx8SnRLa8v9BtNLudO88GWGKWe5aOXMZ3AlkwNrDuCTkg17v8As0fGD4G+HdH+KHhz4g+CdC8SeOPiRqFpB4d8U3ltO0fhC6uH+/FAQbdfs7scFVBLLg9s+Ew3U1n8GzevqRfzNQ0oGCNDLK9s5RI1WNQWKrLjJxjPK5BJrxHwh4c8Yz+IVv7LR/Et9bN4gtZpFtdDu5kSJZ94d2EJAUKG2tx1/wBoGvq/q2GxWErqvVqUZrFVJRaqcj/dunJfBJKUXJyTVntZq9j5atWnRr0pQhGUJUKakpQpvRpWfMlbVXTvZqy0Vj6l+IXwr8X/ABR+L134f+G2mXnjW+N7b6a8Wi2bSlibSKNZ5dinyYGbAUtgDuT1r3b4G/BjxP8ADL4gar4c8caDd+C/ENroTPFo+rYS7uNszBpUifDGNuSpwQcn1FdL+z3+1pe/sp+JfFXim18HaR4hn8ZWv2aJb6f7BqekS2OP3srfLPHMZF4T5d2MHBNNi/aM1v8Aaa+PmpfFHxTob+FtYk8NfZoWgvHu4WtIW8lLhd5J819oz0HUg5r4HO8fnEnjsFLCU1lFPCxUcVzNzqTtTcWlfd3lFuS+zvZ6fY5Jh8JDFYLEwquWInNOVKySjFRd9VF62Ubd27O+54V8QP2fNR/aQ/an1DwHp/irSPCUiaFY6nLq3iC5gtNOijtwp2FpGTMkjKUUZJAPILZz4D8cvCE3gqSy8K6nqFrMmh6frekSatZSQTWepGzmlCzwPGWUwOUDRsCc7hlienqfxa+KKfCD49w+Ojo+neM4prePTDpGryzWsVyrw53zTQlXKoCWQcLvxjA6+F/FXxXD490tfFS6BDpMV5pGrvDo1tPNNZwB7qRyytKdx2j5EIPIOSWJwPY4d/tjnws6vvZcsDRdFLl92slaTb5uZqSslo7bpbnmZ4sF7TGqK/22WLn7R660k1y6WUb7K6d9dj5Csr2xs1sjbanbTyNIwOQp2q424yBkkL1yCD7819tWGmxat8BLSCeX7O51sTi53BYQIlPUsQDu45BHOSTivhbQ7qx+zWqjTbVJYpSxV0JLBMuxzzgkfdG449SOv2zqF8br9nrT0t4PLkm1V22hiiRqqknYQQRgBiBnBYjJ6Y/QXXqSjQcoxcfawfKttGtHJpWbs1e97a2W58ZCnGMqiUrvlSabeqT1WrbWt3f1dnfXov2YBNc+LvEUChpFREiR1ZWE5hkUsPl6/KpboQBgZryz/gpBKV8feC3+yiMv4Um2OA2GAlVQuVyMN37HHX+GvUv2OrtYfE96WfeFtbiaRAq7g5LIGLDk4BAB5ycZGTgYn/BSjS9Ph8SfDrVYdQivL268K3fm2KSozWaicBfMjVyy7wN+WAJJ4BPA/NOIZp8VUXG758JNNr7K5G9LXWv4rofe5bTa4Orc8lH/AGuMuZ32dSFuXS91e91srb9fpX4Cas+n/D74f3N1ZvcWyeEraJES3AiWSSAKATsId27AnJIGQBxUPxC1L7L4V1qJLRoDdavp7vBcWg2gtIGjUAIcAnkgAADHXHHk3wv/AGkvAnhz4f8AgLSZP7Te50fSbMX8BtA8T3EOwssbqhJwAwG4YP8AFjOK1/ir+0P8P/F2gHVbKS7s2l1+xmktXRIlENuQJGbO0E5wQvB7cCv51q8NZzLP8RiI5XiVCeYVZqo4WhKLqOfMpX2a1v2sr7n6XTzjLFlVCn9eourHC0afJzWlFqEFJX02evK33t59/pdx4s1BodMhSGxnF1Hc2s0EUkLKZLRpDnysERAcBTgZxubHFfnt+11q+qal4ZtLPVxGt1Zy6pFHKsZE1yROA7ykjBww4JOcDAwc19kW/wAfPDEviEazZ63LaafDb2luA0MRaTbaPDuVByBuYAk87c8jt8bfFS2uvibdXiaJBqGu2iwaowisbKa+nS4eQO8jJCknlxnHUqvXdwcivoeGcsxOVZn9exuDWGhzxm6tSPJFN7ylUk0uqV9Pl08fNsYsbhVQwddV5OCj7ONpObSXJeMVdPS3knd9EvzTsolMqMSCyuAAQQSMEDAGFOB0bPbg4C19m/s1SzxeKtT8tQHfw3c54IB5XjI4OBk5yDzjHSvmv/hDdasLwfbLCe2AZ44YriJ4ZZZYWKMqKwVgykYO4degxzX0n+z+Liy8Z3cEw8mWTw7cLtPAAwfvBu46YByc8kY4/oDKcTTxVWi6M6c05wadOSkpfD73Mrq7e7vdadrn5ZjYV6CqKtQnTbi1aUXBrS12mkrp66O/Q+zNIESaPYyyqyyeZcIWRjtydwHy5Ax0HU5A655qjp84SK9WOYDzbdXKyEOMmRgPlbOdo5z0yQMDrUml3SS6Lp0Jw5aS6bd0xtD5yAccc4PTBPU4xi6e6N9qjCkMLQbm9QJieQRnrg9geMHnJ/S6EFzJSSalHSKumrKCul5XstWujd7HwOJU+dyg7Jt2s2ndpb7q7utrX82aepeHbDUtZSG9sbC4jksEfPkor7jGCcFOrnAwRnA6cD5fPrn4a6FcRG5tY7rS3+3NZ77WQ7dx4BBcgjnIGCRwec8V6Ysg/wCEktiu9gunpkbujCPkH8AcqOuTkDk1lvNIbCRgjZ/tvaBu64bGSB82eeflJPTnBzcqVFxd4RuuZR1bf2etnptbZb7s51ia9OcU6rj7vNZXd9V1vZ7W7NppXseaw+EfEOj3Ny2keJ7rbCHgkS7BkDRKuSmGbkFemORg9O3L+LdX8RyeHotP1KSxkspp49jouyV/IfJBxjGeWyOuccbgR7tFE819fpOwUb5pNrLnBMQyWIxnjucnBz9V13x/4R8O/BzUfBup/DvSdU1fVdRlmsPGtxJJ/aGlvldsUIGVCHB2jIBOQOTz5+PVTD4ZSoqrL2l6c4qd1CLlFN8sna1t7NPsup6eFqwxFWHMqbknzKbjHmck49baN67907p7/UP7Ot4IdI0VXjae1fQtUfy0Qt5QWxOSSRwCwIAIAyOmK9N0KW21OIlkVbcwy7FXl1kjkbAlU/MOmRkDtzmvM/2cJZovDmlMpiVpNA1MDcd27/RCWIzkhSCDtzjgg55ra8Li4sNXuY5fMjN1FM6rkmJvmYhlByAdvOD9a/NsdzVKtfmuuVxat2bvZu6vG99PN69D9Jy28aFG6spK2y+aa1sk7N7aN2epl+PAq6zc5jyDYQoz8ZONpySff5SONwJHfj+379jVQP2S/gIAAGbwRZggkk5xGfY8jrwM84BBNfxB+PIxDq0iPIWa6sY2G8AqQrRsRn1HGCB0JOeK/t+/Y12n9lD4DBW6eCbXGOdvyp2B47gKPfp3+fzunbC0ndqKSTb8nG/vX7aX+fmejN2UEm9Kr0TWt4pv7u6VnfW17H0IY9oPdsn19e3YDHUdSckc5y0g7eF/hJJx6E8/QA56dscrzVtlCAgt0yT/ABcnp0xjnj5flHp1phBKgrksVbqOOCCRgAdCR8pHIA7jJ+VVrJbbPXW17b6NXV+i7epqtd3q7PttZJX8tGtt0U9pGMDG5eR165B4Bzz+GPTpS4KjB6ZA5ACnvyDjPPAJPA2ggdBY2H5fmXIOMZ+YZ6jj5RnPPIABxgnopAJ6su04wQCp5OcY4PUZBJJyQT0pqyte17Wtfe9rr/gJ7bB00lona93drTVdW/O2zu97ukQV5H8I3FRk4IxgckEkHByDgE8k9KbnIA6hgATnLbiB1HQFc4I5xk8jnFkrjOBnDEHrnj+HGQQORg9zznmogoBACZYMc5PPTryRz0GM7uQTk4FUlFpe6lpvv1Ttpp3s9vnqOMm3qttNfK2luyv+j1K21lyRnBXPPOQBwAD64PHqcdRilUZBJXeuN2SMZJA28fxHHYcDOOCBm2VwQSMkAkfMe7cjH5kjI5+7ndikYbSFwAckgEccAn3wf6+uebjFS306Wem1k3r5vb80glJNWTS3387cyva/TbdfiVlUMzHoRg91HTAwDnoBzu74PPJBtGQ3UcnrgnuPlB49ieCeo7ixhAdxxkkjkdSOcsMjgjpg5GfekCg7VUgnkEYx3HVuABnGDk4J599UnF6baPqr9eiWmi7dSL2V21a2v+FPZ2a0/He7VrkDAhuDg4xzzgEjqMcjuDnPbOSM1trnIJyRg4JznPI6Z68YLDIOAQcGrzDb97+EfMc5JIOAQPQ5GQcA46VBlTu4xkHgY5J6knHGDkgYIzjrj5tIJN3kru6te+iSj30Tvqn2d73uGjau+Xsr2vZR2T0vrpbprfo4jvyc7SQCucEAg4IYHb645POMAD0XB5PABXK4IJBOfrznrnjOOecmQH5mJySQCQuFC9ST04BbGQfdQQc5azYbcq8Odp3ZyMBc5GOPTJGfcjimmr2tZpLXTrbTTazfp9xbtdKWreul3f4U76d7XvZLz1ZCRnaEboB8xTgk8Yx0AX+IYIB45zimhCVU7sOFOSucYByCBjqScKcjr0FOZj97AB5JJ5ywGMcD8AMDJznrilVhtYFACFG4nAAJ57YyfunA5H51TaVtlbs7Wsl29fPWyaV0yeW6XS9/J2fKtV7qvez8mrddYWXIAYndjrnglwQASOhXPOcjA4IGKaFfC87hyc/LzjupHUnggnr0OealJGc9dwA3HIUk9emBg9xgc/QCjJG4DA7BQei5xkkjpye3ftxUqeq7fO+ttrX1/XTTqr2srX1XW72SaaTab7a8u1tVcquGwDk55wOo5yM5z05JIwCcg9OsYVkJyTkZxgHsN3/fIPfuR061bduBkZYfeJA7Zwcfh8o7knuTmMsd5O7B+Uj5VbIxySBjAxjIwDn5jgjm0116216a+tk/vW+vQatZ6Jau6fpHTqklpFpXvZK26Vc7slgTyFDjAJyqjk8AYPIAPrk4OSG7wCXIbBQYOSOSQMYyBjuGO70AxzVg5bfy2cEjJHuvPzYGeuSCcflTRjaQxGRxwuQV7cnJ+U55PzAYJNKTfa66/LZfPyuuj7p3130bWq1V3uuyXu2vbduzTuRqAQASQNpAyRyc4Dccg46g+/OejhGrZOM44yG7ggjPT0OMZU9MnOKXy1QgEggqdxHOAFyOckg5A7j7oGMYpQQpVhk8HjZjHbJwMhuuRnnHuKlbbbtNaX7btffd6+th8t+VyjHmdnJ6N3Xnve/4fK8LKSwQyZGFYN0DHcOM8DI6Z5ORg5ySAx9WLF8nHOPl528LwDzkZ5+mQMyg/dJAJwSvXAySCRxnd65HHtigkjOR1xjA68dPX3BxnI3D0Nc/lZO6vbzXfX0trdO19zNwitle7T1d9EtZNOzsru6W7srpvSsEYFdpyCMfNkt2z0ydpC8gksec4wRRtf5TweSRu+8F/HtyeO3J65qwYmYcDbkg5J+6ByeOdwJz9PlI24xUpVhhhyQM4AGRnGRzj1xkY9+cGhSWln8t2tVv01btrf8AUmUna0VZq12oqz+HZO7026fDs1tQEbZBwRhRjGN3zZIJ6kgjPbI6DkZK7CVJTgMRnIzjBxzhRjJBGAMY4ydtWyBySpBHGSQVbnovY4+hPBIOeqABDnvkbQOTyD0B575PbJGCad9d0+1u1lv566/qLmml8Ld7tpJ3i1bVu2qXTVuPu3a5U3VKsTwOuHIAPTOB6ke/vgZJwKeEAfJJYBeSBzuP3uc8Y46Drw2CDm2q4wCMc7flPJz0zwcdsj15yaadrjkBcY5x/dJ+Y5ye5zxkAdOThXtqr/de+19Pna+3fsQ0+ujdrJK+3KrNbJJO13qmtWtyoMryQBjOQVOAT0JYHkc5AJPHG3oKkJJJXJ5AJYnPTAyDyTk+mccZ2nq4ru4zkHHU5BweGyMhgcAk5JO3HBIBaDITnjI4B2nGe5OOoHYnqCCODgivezTVr/8ADbaW6ryWrVwaaitX0VlpZuKTu3a71Sb663tpdpJYcg5L7lBIwSDyOBx1HoFPsOKzDOWJC/NkZxwCOoAILHoecZP41c2FlVjg4cnLE8A9eAQR35HIxx7QlTu5XkMw+72JOCwJI+gPXHJ4GH/X9f1pqEUrxb5m7rbTS8VHXpu9m9rKy94jDn5S23ozD0xgqQRzxwSMDPXuKUcjdnG0j3OB1B4PcgcZpQqlgdjbVbAYZXcPlOCMZBUjnjuDkk4L2C4IwcDkZIODjGQCCMAcH9eSclrtfLs+19Nn6P0uJ3ersklovNKOnRvRpddFrLVMhIYYYE85yMZODxgduoGBg88mh8BSAc5Cg59M4PsCQeTk8g8Y4p+Cr7zxnOAMhSScY7c8jJznHuaUgE45wQSSflIxg56DocdlOcgnoWfNrZWW2i30tbzt+js7ojlWr5rXa+fZX2+Tt1u29CA/NxwBnngAscHPtjjALHsR0AyhU7WCjkgbSeT15JPXuPTjA4ocMF4wDy3AJ5BAyD9CM9SOCc4ao2ZhnGOQDhgSfQnoMZPUZzgdRxlPm6SaV1ottGm9NPW11v0TBvm7vbX05erXbbyvZ9Rjq3zN15BwABjaOcHuCcc544GRjiuVJzu+Y4VlGck5OCOQRyT1Yng454NWjhlb7wAAz1O7dyPTC8YIPp1wcUwjglhkFhggBSAADxgYK5yPc5J65rSntFudrNJJaaqya6PWN9N+vkHLdX2tp10200+Wnzt3rldxHOeDn0GRjCgYAXscegGck5CuAyjoOoyCcA4Azk5HcYONuMgY5mYA8FT93AIIHyk9QcZBH1ORk881DIAMhQQuANxIGM/w45zjcMk5GfbrbitNEte+iu+jcVprorpppXl3m3Le1tdtddd1001Ss21532Zu5IyQeOSMhs4LcHpg9Tx/CM5phJzuxkksAo56cZxzyT0IPXuKfk5BUfdUdD1B4OAeOcgjGMkHLepnBJBbPA9Bt5GcH/6x+Ue1YygotWduW2zjFXfLd3s7q1m732aSsLTlSTstE3pq11vrqlt56u+5AysCrcZDKOgPXv14wM+gBApPukjIIySxI4G4YUg9SBzjP1AK9Jm6EMcBm4yO20YzjgDC8DuCMkAcRg8HPpkKAuOMjPTOeDnn17Crp1GleSbs9ZOysk1bo1trp972F0tZ9720eqstL76K2/lZEJGMqzE7iSDjrjJbJBP8IyCucEHOOlGFzghfTAP3RxyehPqeMgevAqRhu+9wCoIAGQOfmIH3fm65xgDJBxjDSAWKlflJABHHyjORnJ4PHYducitFJW0tdq+t9tHr+W1t9+k6PXRvTT57JWtffZd73v7rgwJCBtq5JUjlQPb5dxwepzu54yOacAGKliTtyQQeAMDH3QOCAfl5IHUd6aFGF65KkrzgccYIbPHy/qecry4BeOOQMcEdx7EHJHIB4yMEdqpTs1eSSdtN+3w+Wu/Rb6i5Va6VvPVN7a7u+r6p7a72Dk4+Y4xtHPbseMsRz0U9uOlQNHls4DDglQcE9e+cjGCct0zlu5qbaCpxnIUc8YwccgEcnHsRwcEU0jlhgbQuCMZDZBBAz2/AAHGD0q41Fo07tq118ujaslpa+qt986pdE9Oz0T8vLpo9baFdk2nGCo3E5AAODjkEHBBPJAAHPpUbgYILEYBABycDAxx1HfJ7kHA61aY/eHzbSMDtjGNvLfLz/PHWoiAS4I3ABACeBg9QpycknseBzVKbu024q/dW1tq0uur0suvYltprRvTfq78t9O27vrrboyDAGwbydy4GOeRyOPboCM80oXkHJBb7uCegPOV6HJxk/wAPtg04KvDAfdzjODjB4HUjGAOTz0PqKcASQAB8oAYnjG7njHGTg5I4GeoOKq903zeTjzPXb1tvqrp79bWpyfLrfpdfJb9N92rrokQgnnaR1J59QMjJPJP8ycYzzTCp+8QSQx5BAH8zjAOScktknAqwxCAgADk8EZGByenUnGMnqc47YjPOQv8AvZOMdDgcEnptwT2PHJJpRlJXs+qtb0TT0/Hv5LQScX7zVk0mn623fS6emjtrd7kCkAc5BzjcOV+uOoxnHTJzjJJpOc8cAlRjuGGQScnnOOORtzjgDBkG5hznDEt24ORkngg4A6cj0HWlbaSrFcDd0OMZzjPbgAfWp55K+umnxR3s4vW6fb8XpZ2G4x3tul3t006baa2Xe1rkTgtvwRlTlmwQQSMA/U9QcEDqeeKrhSAoILsGAI7sSAc8EgBO/XJOc4q07bSQAcbAeRkDGMDnnGT1OcfxDkYi/wBrkE87cZ+XnJ4z6dfTGDjmtIN66rXZW6prz0vfSytvromxRt1v20bu04eV7eWmnpc7bwqMReISWwF0DVcFT1H2SQk4B/unjjjoRiv4OviVCZfif8TTlET/AIWd4mVsjacf2nKMZHGTnOBkgknPXH94/hQKbfxF8oH/ABT+qKGJ7m1kwOe55+6fUnoRX8IfxEh3/FD4kpsfzD8UfE+OCRldVnOCBgElR8px26cYrjxVS06Seq5aju0rXcqd16a+vZI9zJYNwxN07XopX266aPru9fuT09G0qKNdPtpYyZfIv7MKXfgnZkKVzjuw6+hJOK/ML9rTVJNP+JVzcWmnx3uoxanbSra4LRPvU4Em0dVccAMwA5XBFfpPa3F7/ZsDpAiI2qwwl2DEEIAgJUDAI5LccnJHPFfmR+1RdSRfF6SGCMztJdW/mxRgGRyQMKMHhskdTwOmOSPtuFa6hkWMcmv99STT2WlvO2mrTa1fQ+d4thfOqFlb/Y4N3i+bWUUn08tVfV9nY/Pb4h/8J5rfiXUJ76aKzhuZgsljaOsahWUlVkYYyiEgMRnPI6gkfqR+w58IvB2n/Dm58Tatotje68bqW5k1W5RLgxRQtmNLcSbgDnbudOWIOGGQK+H/AB34R1CK9u/Ed7dWOlwRRpGtkZTLeSEqQ2YIz1CkglskHO5eM13Hhr9q3xb4G8Ex+AfClhY6daRK+NUNu738/mtk7Y9hx1AVTxgnHJBH2mW4vLqUnUxUPaydNyjCKc4qb5dbbXTv+Ojdj4zG4TF1PdpT9mnU95t8qcNNnFXbbW22l7H7T6jr2haTqPwt1TXNWsdI0yO5v7m4uLu4W3S3KoxRCsjZJbBIUDJHHYUeKP2ufhx4aiMehNJ4oukM210kWwsQS3DPdXZSJxjGSjHjnjIz+LMEf7RPxUGg39toetXtpfamlha61rqyRaYJ5T8v2e1mK24XDZ3onzDqVAFfX/g//gnv4i8Q7bj4ufEe4MIYPLo2jOUhVmAcxFCVjX5SVJXgY7Gto46piZVp0I+7dOKlH4bqNk2+yWl01tfyj6vh6MaUa1S8uXVr7V3d200V1a7S9dGdN8TP+CgszwX+lWmt6XpS3VnPA2leG7dtS1NgyldjzypLb5Y9TE5AAOcgg18yaH40/aQ+LtrYw/DnwTrd9blXji1vxBNKbZY1kYFltZSbFUXfnanI6YyQB+mPg79lL4D/AA20q7n0PwZp1/qVtpmoEanrEY1CZ3W2ky6xzLJGpJBII74PTJHoHwWja28EeHbfT7VLeCS2uiRbQCKMMZZAAqqAuFAHy8DAGBxhee1adZe3qJc0XolrpbZ2st9Elro+lypVcPCk5YeCvFpNzW6e70flbV+XVn5yaF+wP8aPG7re/Fr4nNpFvOwefRtHZoVUNyyCCFvIwD8uSpGSMYIIr2jwP+xH8GvAPxM8L6bLpk3ig3Wg6rf3L6wAY2urQK0UvlKMSYJJKsPQ98L+k9no13cDfOWZSRu3fe78ADPUHp0znkHArjr7SEj+NXgcMrkv4S17Cuc5wiHvgAdDnJPPXgZ6KdOjSlhpOHMnVp8123rJx+639dTzfr2IrKulNwSo1GlBcuqjo9He6aT3tdpX0INK8JaNo1nHa6LpFhpNpA2xIbG0jt0GF2gsI0QZyAPUnI7CuKvdP83x98OUZCVa/wBbV2OcnMSj028DrwD34HFfSkujGOCT90STtbaPUlunI9M9DyMfXyq/0kxfEn4ZxGMqHvNakLDHAEaLyDhSOfmzx2zzX02KlGEKUIxSUqlN6JJ2cou11rq976bX8vnsPOpUrTlOTf7qaSbTv7tm7XSv13bT11ukfnN+2O+79pbQ9KQYgs/h9HcMSPl3Syyqe+T0BGeo+6tfIeuoVa8ZQS5tZFCqc5GTyeflweQT1PGDkg/V37WuprdftV68dqlNI8EaZYBhhQC1xNlQW6Eg8ZIAGdpyTXzDrEYZ5nZwhNnMQDtwoIJHTJwBjI4zyBmvtcvkv7MfIpfFUastdEkntbo1ZPTra91+V51Cf9vRcpt2VJN2ei0dknpfX5pK25u/C9JBoenlmfpOoVsgjDEDDHscZ6kcV5nLJI/inxk/zYj1SL5cZDAxLjg5GO/0AGMV7h8LLeN9F0/kONrszEZUqztgAE9s9BnIH0rye7gUeLPGG10Ef9sqrAABh8gyM/LkDjjptyOBjLqOKllT91S55X3unyWe19NP11e+WFhWlLiDVuDorlv51YWtbRpedt/I2rYsIkeQncYmcHGAnUAHsRnqo4znoeK908HIf7Ms14y+wqTk8M4zyQoU5OMcg49AAfEUuI2hTcoMYDRM2QNxHRVOAQVBDd/vH3r3Pw5LAtlpYLpEgSIgFlHV8gnvj88noCa991E4yi19i6d0nZKL2ettGr23dvT4ypS5Z03zRu6kElezbvFp7pNdNN79zgNHsyfHHj6NXYq1/bZK4yc2+WGegGDk42gYzjB+X0EWMPlBJQwAVOSQS7EjLZBzxgdMY4Prnymz8Y6Rovjfx413K5kl1KBY/JXeNvkgHJXIO7PHTuMg5FdHdfFTQINoFnPPkLghAvzbxjHXq2RkgYHQ56+Vg8RhqWFjCVaC9+o5Jtp/Hpeyu9dvK/Q+hzTLMyxGPdShhpzpqhh4xkotJpUadrbaLvrZvXc67+zxHYak4UKrWd7txjkeRIAT3z0PHblR1NYnw0iQ+CdM2jDC51ALkhet0enOAc7snjnHJ61hzfFXTWtbpRp02HtrkLl0X70RHc4IAOeCOAMHoDxPhH4h3Nn4bsra2sbYxCa9kWWSVNoDzs3zDlgQcA4wTgAdBjlrY/Cxr025qUVCdrJ2V5U9U99Enb5LW+vRg+HsynQqRnSlCXtKekrq6s13b2u2r7aJaH0e06FAgYFgoB+6c5ORgg8YOM4PJByTzWP4oXHg7xMQ3zf2NeAoVA2gwyZIxkZwR2zuP3uK8OPxM18tOIBYrhmGFDttzk56EAdCMnr/ALRwad18RfEd5omv2sz2skculXMJUIQ2143BYblG4nnA7ZyRgZHFWzbDVI1ILmvySV2lZ3UdN1o+t+3menheGcZGtSlUcdJR0W6tKN7JJaO7e/bseq+AzH/whXhbch3/ANkQFSeSOMe+PrnGcDPPze3eH0UIrMTllQFQy5GBnJB5GenOP4cDg183+BvEdrB4Y8OWk8qpIml2yDLKFVicFWJb5WBIB5zk84PT6L8N31iqQtJd2rSShWQpcRNk4U7QN2BgZYnlg3OQTgmGxcPYQlzLSEb6pJN2d3116W2Xfp5GaZLXWMqyVOckq0ubSSWk1dvfrfTZJJPYyfjFaqvwq8bStEMNpZ5B+4BLEehBIP8AMk5I2nHzubqMeC9FYMAo0exAyerCP0PGCQDkkAdScivpb4xzWj/Cjxx5F3b7v7JZTGZotzsZkAVFUlmOTgbcH+LksRXxHd6+p8O6RZAKTFplnFksB+8VOQ34jBC5OGzxgYyw+JX1ysm4u9CK97Ztv7Ls1ZNJtaaLc2qZdUeV0IKlNJYqXupNtNwhd+mu3Vq25M2oHChSWk3Ag5GSG6j5j909OeenIzmn29+0PiHwjcgtuj1ZixPT7pGepHfqG45HAPPExaiqu3mSKmWyqhovkCZyMlsAAHrnjnP96rNvfo+reGT9qt9h1ViSZFZVAXDF8EHp3BA5GMk1OLq/um7xbcoLRp7TjbZdXZ/h5L08nwEoYmLlCceWlV0cXdJQtfzbvJfl0PcZ7x3u7iQHiaR3XgYYbySMZ5I9T7ZxU1rduXUISA24MCOQpBHUcHknAH03Dvy11ewtJk3dnEr71X/SE6biMjLcdicEEcnoas2F7beYAL613IpG4TovmdcDDOdoznOMgkZHU4iU4ya95ebuo3vZ6Jv7r6bdWjWOGqw5n7OoldpNxu7PpbfXRvXZ37HWaJcZ+IvhbcrEPpt+mSdpPypznOSO+Rj2IPJ+x/D7pMVjLEqrCNAuCPmxnB6kYzzjAPGME5+EdK1S1Tx74Tc6haBhZamWYTxkICF+XCnBJIGMjBI/iGCfuP4eXmn39zaiTUrJYiwGfMUEJu+ZnAbOG5PynjnjivKzPHUsBl2JxNSSSp801ZNty5Y2XKrPyvbVavojty3KcRmua4DDQozTruEHNxdo3mo6tqztHdX3S6n3H8GvAMniGeOVbMrbQus0jMp/eKuMjcCMgj7w3EZzkNk1+6H7InhO3i8M3+hRWSRQTeI7e/1ZxGp3x2m2S1gkJ6kvzg445Xpk/mD8C7/w7aaVZKmq2MaSsqEK8Z2oDyxOcEk9iAQCD1AI/ar9kyCxfwBrl/ZSpcfbfEEyRTptLny4l8vB5yFPzDjG0ADHSv5Dz/i7G4/Oa9ZynGlSVRU4ttRhZxS0W75dL6W2aWjP75yfg3L+GODsJRhCEsVWlRlVqpLmlK0ZODtrp6u33NfURvIdJ07U9Xk27IR5UEIAzJIuFt41AHIj4OAGOeOmMfzDf8Fsf2klbUtD/Z50XUvNu74xeLPiFJby5ZSwU6do8wQkIISVl8okHOQehr+gf44fFrw78Ivh/wCLfiN4ku4ovDfgDSr+7nErp5eo640EjWFnHvK7pZLjgLkgYG4EnB/gi+N3xR134v8AxP8AHfxS8U3Mt5qfinWL3VIvNlZmt7MzSGzt+ThEit/LjCDaFYHI4zXx2W0p5nmKxNZXpYeSkk3dOrJprXRtLf5HDja6w9F0aVlOai3y7RSUXa9l01b0u9vL5g8e+IpHnhtAzKsWdsQJIVRnDNgY6D/ZxkAjBFee+E9FHjbxho+jSXMVnY3Fw9xqt7O6xx2+lWoM146s+AGEIZUyQzttGCTweKNR+1XV7LKUiEW4FjjIUbsINxG4scKNvQjoWGa9P8QeHPDXwr+Bena1rlrer8Vvie/neGLGcmFdE8GxcTanLGCGWS/kJjTzFAMbBx8pwP02hGGGpwppWlVcYxV7avV302itZNvXbTd/HTlLE1pybtSpWk3JuySa0v3lbS1tFvsfPnxC1LQrzxXrR8MW723hy0uzp2lwsxZpIbQmF7oHoBdSKZuOAGIBzgHkItzOCQqgMHcDqIx1BI7454wT0ORnFdgGETs4TJzsGCxUE8t+OC2TzxwKkMrg+aiKFdtudxPy9OTyMZzjJ+6CucmvVoU0lFO9opXbvq7K337pO12+ux5mNd480W227pLWydtbPW+ur31fQ1kuyrb1G0OuwA5IABG7J6cg4Hr1wcYqK6vm8pyq4y2AeQVA6sT2BPcH/azgYGVJMwLDB+Vg5YH5M9lUDt0IxjHGTjNVJLqSX5y6gMrADG0kkYAbnpjHHQnHIPNd0aS5X17JJSfTzXLfS1tdHppr5Cq1Oqdumi3dvJfKyfm30Sa43sVjPykq2DvyFHy4bkbeRnIBIwPpRJOwSTGCCwCkDGARyRjAGcc+h+93qqGlQOzhMkbGweSOvG3jIwQTwcnAxTGeTcC0bhQm7hgxYnOG29+2cZGCemDhqKWuqj9l8t2/hb7a+d9beZqqlTlSS1bvbXS/Lpq1Z3d1qrK381yvdzOzkBdqAYwBghgM5JA6dhnlud3Gc0xNtG8L8oVtoxu+YYBIHXPUH3zz0qWaZWZs78nDMcKGLcjGASc45JzyB19REy6gLt3DYpf5sHHZfbHO71PJ5FCd79dlrtb3UrPZWvu7LTuN3ik07LRtvlTT0V3dLW+t7r7rMSBpbghFQkhWbByA2cAkkcZK9uc45PIA9V8LadY6ZZN4k1oIlnZgtbwOQJbq4UFlKqSSU3d9oBwQRzxieHdEjkaS6vCYbG1UPcTEriVVAOwFsYPIGAeQOcCuV8Y+J5tbujb2qmHSrJPLtI0OFk2DCu4AweSc5BJHNKyWs4tR66b/AMt+90ltZ63voYSk23GMrt2T0vb4X531T11VujRneNfGV94ju5JbiUpFI+yGKMkgQoSqJgHAHI3DA+6BlsjHJ2sZ3ZLEoRkMoO5z6HA2gDjAPUcYzVBbaYypuBZ3y2cHG3PQA9CAe+OMsCCMnoYICzRwoRGryYGRly3UDhQcuQFAHGW69a8+tXhzJRd09LJa7JLXRa2t23vq9OzDYdJXl210dm7K2jsktnaysle51PhnQtZ8U67pXh7QdOudU1rWLy303TdPtI2kmurq5lEcMMMagk4LbnJwAozkAFq/rC/ZV8G6d+w38E7rwfpBtYPjH4q0mHW/ip4zWNWuvDq+Us1t4U024TJSSNWVbgqwLMSDkgA/lj+wd+z74h+H99bfHLW/DX9oeJLXS5tQ8G6XeRDy9FCxEJrl6smBHO8ZaS2SQbydxAwQR9i/FH4yxL8OtRv72/Fxrup31xca1IHUpcXMzMqReYduRG2dw+6gAVSM/L8dnuGxmd1aGX4RT+rKtCWIcG7yd4twbjdqMdLuyTenRt+9l9bC4GFXE4hxlUtalTlrquWz1vrfS+vV+R+XX7VPjvUvHfxs8YeIr+7uLq41OYs95eO89w8KYChyzEqZMMxUMNuRj2+Qp9UivtRRdj/YrUOiwxq7ZlXkvtAYEk9uPTnJFeg/E7xZa6j4iv52vkMkhxMQCTI7Fu6kEKobt6dzmuRsNf8AD9mUEmY3TLZitHkDEgfMWK9Se56D2GF/acnowwuBwuFily0acKdmlryxikr3Sezdm9e7Wh+YZlN1sZWqtWVWpKaslbV8zV9rpva6Teu92V9Q1yaztrPzLe4laWVcO1uRsQYCiMMvAUAkAdxjqCK+kv2SfhT8Q/ix4z1248MeFdT1jT9CtVN/fQWs0y2n2lwqJJIoZRJIWIRXxg9eASfm7X/E9pfxLIVu5Baqv2ZPsm0Fg3U4Vck8DDEfeB45I+vf2Tv29fiT+yV4L8c6f4H0XS7yTxvqMMtxfawpWe08gKVSJAhLomzODkZBIxivmePZZpXyTE0cmpUauMqKEKUK0/ZxabhGUpyu7WV5Jddtj6PhF4LB5lh6uOlUVCEnOXJDmlJxivd1vvLV66pp7I/VDwt+zZ8QtGBSL4f6vJdQxxSu0+noAUIAYs8kYAcLzjIOADkjkVtY+FPivR7zwr/aelRWFzr/AIqsbGwgn09nRLlrqNSbkohR44xzJnC468K1fB/in/grZ+2Lr9wmnWviyx0m2vBu/wBF0uIBFZAFzMYg21QQV3EDg5xg184eMP2zf2iPE/lalq/xF1W5vdEkeawEEbW9vbXsrEfa4xGAFlBxhhyCAwPWv55wfA/H2KquWMx+XYeMlP3KdWtVcHK3K/dSva/lqvI/aK/GnDkIOFHB158rSi3CME3Zbq7+zs31dltY/cT9pbwtrPgz4q6Po17ZaJfSWPheNiSbGGWCMxLJNcCOLG3YSwgjYCXaoByRx5h+yn8RPBvgj46/DnxHqMsVrbW3xB0+fV7m6EJFrbxXSObwGQKRBCoLuFCgKCBxkD8D/EHxo+LPijWhrviPxl4j1fWL6JEn1GfUr6SaSNSP3GXcKVYAJtJwcj0OfZb3xlaaXZ6Xeyz62+ttYw3l7B9sZIxHKPLcB0c/vGjy/POSTzjNfV4Xw+x2FyaWCxuYvE1fYTi3Hms5VFvaTd7XXNe+i76Hz1XirCYzGzq0MK6NKTjeM2pS5LQhK0klZ2169bNux/S//wAFe/jV4I+NHx70i/8ACPirTdT0bTfAN3aNqunQLHbySXBd0QSKAHZy20EsxLdOOn5aeDvFngbRfCdvZ3l3595aRRQTRy2rH5yysMEA5yCTkYDYHY13b+MLT4ufDz4AaP4a0DwbNd6rq+neG9Rim1BRrlzaxxxtG+rMjF0LXACq5I3AncBwD9VfBT9i/wAWfGDxZ4m0VfC/w20u38K65NbaiLnU9S/eeSjMsW6IFWK7du5S3zEHByK5KGMo5JkWFyzMcU6NSjKpKSlNQbaqtOSi7JRk9lFtemiPOxWUyxmMqYvCUalSjGFKkp2bUYOMZRab3UU0m3du+i2Z5F+z74x+B0XjNZviXd382hXYn2W2n6ZNM8ciKZI0nRY2LQsoAKgZwQcmud+N/jLw9rvibS9G8H6JdyfD2K/u77T5pdAvoDAI7kuZLjMCpFAkfG87cgBuCcV+u/w5/YC+Kfwy8WWmpeFrr4N6RLrkcrxQ6zY3Wt2lvB5bR7mOowuI3IOVdAC2cdSQ3KfE39mX9oK48I+N/D+ofErwE8Wt3Z0SNfD/AIShEWm+dMFZxerbeZBbsTldrKGB2ngkn5zC5vg4cRQxzxk/Y+yhCnGpiZKEdk5csaVkmrfbSVtb6nRisvSyhYeEIqpduUlRjJuV4twk+a7dtIq102j8uP2avhdpHiLx744t4cRyXt/a37NLbNFaGzniMsDCRlATeBhQD05AOMr+l/h/4K6fHc2UuqaZL/ZyxAQTWUvnLNtIUjK7jsAGcLknkY6Z+Zfh98G/j14e+LGn/DXwXr9jHqE0mm+B9X8QXtlYx2S6sLB5rWZhcqplRrdXMZO7aD2BOfffjL+xr+2FYQ/Zb34w3ek/2JpU2o6ldabLp9rpK20ROXQ2ciyrKWJXbjPHHGa+O4+isyzqbnn+GwNDEU6KUX7WcuVwi4c3Im7ybbTunLofYcLV4YHLqFJYCpXmlOaalCKdpK+kne8XK2yu72vaxh/t5+EvAmlfsuePodHnlW/tNItgsF1IIZEcuhbarbWlb/ZAJJHf5sfzL2zfZjCVIiS40zYfnQFiCOvXOdpYg44JHJ5r9K/2iv2avigfh/rHizxZ8arjXoIrNrqPQxrV/NLeQW7bGM9vNMYyXyGUHIwOPf8ALO98IWSNpuL7UJZXjVXjW5YeWzcMoIbjJzgBhwep+6P6Q8BMqoZRw7i8Ph8bHM4yxrquqo1KSpydOjHl/eXlLZO606pbW/DvFvGzxuc4WpWw/wBS5aCpxive5oqpZSvF2Ts2mu6ettorO4kj+2yrOI0TU7fC71AP+kLli3OMdz90cnjgV/UX8J/Avws+IHwE8JaHrt9ZzX6+GoLqSBdVti13Pe6dI6wJH5xPmF1AKABuOeM1/MX4V+GekavqFtZTSXr+fq1pDcbLo7WhuJ0V9uG3FgrbVxnaSCemR/YV8Bv2L/2OPhZafCbxBqNr4hvr+6+Gx1cWlz4k1SaKbxAbAmN3tEmaOPynfaokXaAeeOa5vHHNI5dR4eq1K+KwtT6/KVJYSPPKp7OMG4zbnDki76v3nrqr6p+GmEWIhmkFTpVoLDxhP2suW17JOK5ZJ21bWm63vY/ms8EaVZ/D79pn4bRtEtvZ6b421SAv5qRwwQRzzDYZXKrsVdocsxBxjvXov7R3iTS/iV+1j4aTSYotQtLKz+zX7PPHJDFLbFzLhw210T5W+RjkknHy5PhH7aWuaB4U+J/jkW0F1ZxW/iTxC+jx2lwRLp5Nw3lnerBt+0rk9sc8gY+Yf2evib4J0rxRqHinx9BrniGyj02fT7KOG7uVvIb69DIbrzAd0pBK9SR1B4xi8XwfVzbMMFxqnV+sQ4feDo04K85LEKE3KSeja5rLok32178v4ioYXCVOGpzhGMs0jXqSldKCotJR2d1K266dtb+6ft73GmQa94EsbK5hvGh0ORrk28kckcbSnaUdo2wMAAFWyTjpu5HxxptibGa/ureUCN9LtmZY3BwXBx8pPUg+vqeAtZvxY8UR6n4ukWyN7BpazXEdhZ6nI811HbufMQzyyEvkqwBAOAR3zxydv4sSAyQTQiSWSKOJmjk2bkQnCgZHC4PHqSuSMV+zcGZZLAZLgcPVbThC751aalJ3cXZytK8tUrPTXy/LeM8fDFZljqtNpwdRqHK9uWMFZNJ3TbvZq7tomh/jgSSvZvMjcW42b8LyCCG+UEHPY4z9DX0st7J/wgeloQhN7Y2tmvyEumU2sAxGRwOTwfy2j598S31pqNnaTxyRqYpbaELMVV9iMu5VOTuJUZ685J9Qfsfw/o+na/8ACuPUdOvNPmksprNLWwWaBZ5GYBX2qT5m5GUk4HGPQCvu6ap4eM5VHb34KKtd3TT5rLRtavtpZH57WhiK9PDqEnaLbk2norLm27Lp5va+viOpaFZXGnaS8kEZdLlLJ2P3mcsSwGBlVAOGB9vrXOeJvBmmWD2s1tAEZ79Ukj25QgoOAMALyD2HU9cg16L4hhFlFBDGvEGsw78MjYmKAsq4GSFJKnPAYZJ5Bqv4t+e3sZFDFm1EZQ43Y8tTgKBt6DHAx69cn6XHU4SwkpJr3aCmnHVptJ6NWetl6NaLofJYKtiFnWChOU1z4pwcb6OPMtNVZ6K/462P0Z/4JSW0MH7WPwMjFuieV4ngCkDOG81Cc47gHHpj1Nf3KeNotuv6iRjcZ5Cxwc44ODwM46BscnuBxX8N3/BKoMv7YPwOjKsFbxRGW3HI++pzj7uCMj3GfrX9zXjkH/hINUBH/LY546DPOTjjnvxx+Nfk2fzk/q0XK6cZNpp/zJOzu935+uh/S2TQjHDRSSduVXaSbvGLtbsk7peVuxxcIJcYBPyjPAJHJH3s47dR/D26GtALgYwoGScDB49T3zgZOeh9sVTiAVjtbaNvfr/ujqBg9Mdz97FXUYAFeSOeACpyOpyw4Jz0zhsDGAa+ZkrPRPTbfy1v110122R6qjfrd8vp232V/wDgPZ6qIyBjr0weDycc5645Oe/v3qUbs9BjaBhR3Udcn0weTx0NAYHaSzcjGCBktnqT2z+meRTgSeFy3GeRwCR7duRyeRkAnOKVm9r+lm72tv5dd+i2VgSv5eb9UgwTnOdoG4DHHBOMkDlgc4/TjgIAWbnj5cgnuxyODkHI6dM43cnrUwDLnA+cqQMjoM/MBjgcDOcHnOcZGGlTjPBBKgsM9Oq4AwSOAeMHJxkDJrWOqTbb/qz7Xtvr/wAFvlSaTdtlp02v2Vt7PbTrsMCMSwDAgZBC4AGCQTk8nORx2PrmpgMDjOcjA46c56AZJIH8XTB68UKMAEjjKgEYBJ4I7KMDPzcZ5UkHAJcTu3ADueei8Zx15+oB9sdKq6Xp57dNG/n+eols7LXSz3u1a6a6p9ul+m6cp4IzkDHJb65HXqe+eBycZ6SgKWKgcEAhc5HAyORjJIGSeBnr/dqqHcJnAwM5BXgMeMHOeMg4YZPJB682FIJbA4bAyAMDgk5HBI4ycdOM8dBNtq3daa9HFXfbZNrr03Fy6Xev56WfbqtbK2mo5UHBJzhCAVOeD1z7jgcnkZwc5qJo24HBU/cHXnrk4zhVIGQeCccZqdCxIG3lTnOAobg4BGMgZ5Gcg46ejwQduV4B9ACG5yeMZJ5yPfHOa1Xw8zs0m1ru9V0bu+yb7LbUL21snt0T6pflbV+ZU2SHcRgbiPvc9BxycnPtycdSDgGLa/AwSCSw3gAnHXdjheABgnA7EjJq+MLnaSMZwrYOcYzjOQT24HHHrUTL8rMWHB29cjHUj0IwSQcc/UUJ7NO7tdJe6lotNeqvra/nsrEdWrO3/DrX/LZeexAquu1SGwASQpPBwCeW2nK4PPue5JpNpwGXOVG0Z5+XruKnAAI3AZA65q0XVmwQcYxnAXfgYB4GcZJxnBJ5wwxSck4yM7Q2SBwR14Azz36qccjkZtOS03Wmllq762u3fo7WtbTXVI110u9Fba2sdV56bWu9NSBQWAbkMrA56bVGcYHHHGMdeOOBQBIpDKMKQQckck5JJPOABjOepwPQVKGwpyD3OQMgZP0yRkjGemR2IqVlLE5GScdTgYx0CjvxkkZHQZAzWjm9E0mtnom9lZ3srXVr2albazSErJO9lv0Sd9HfyTd310d9LlU5JxgPkgbj8vTr07c4OOmDmnbWOATtBzj5c579e+QD04wAcnGBaDLtBGFIwF4GMAAKMHOc853ADnpmmNjbuIJK8jB6AkBhzwCR0HHQ4OOA4ta23uvJ9L7ejaV310GnfaybtZ62d2raWtur736Jaq0GNxZsksCMZO3AUE/LjOe4P949COzSPvE5UhsnpgjJHHOcHjrk9jVgqFBJbAOCBjOTyfTGRjoegyeg4DGWwpxyAV44wT0OMdPUjjpn0tVNVfVLazTe6S301a3T062d7zfayTvppr2e3V6O+mzskVSrFmGdpbAQ4yAGOTuB4J65J6MT26zKSuAO7DGcEll7DrxkYHoKeVOACGcgHAAXG4Hhe3JyRx6+lL5Z3K+AQGIJXOATngAgYPB6YI6454pOPa1na2l9eV39HZ3667EzT5t3a2qXay1fZNt6tbd7WSAFsncBn5sA9Rn3U8Lgj+93HTFRspzjOCWIG0EqAOTnI6krjkegIHSrGCBlUAIDEFgW79uMA46nA7nPSlbB5wNwbIKjBAx6cnJzkgdGBAJAGbjUUU9E7K/lsr3tHqno29NVs0SoKXK9N/116K1tnbtptZ1QjkschSCWHXGG4JA7kd/T73QjIU+X53OPuLgAkEFR7nHA/wBkepAqYHcdoUFdw54zx09sDvxyeoYAUp525A3AtkAcAemevUDGOc/7OaXtuaz91cuml9dk49E1ra9ra6W3KbitEotX16LTl1b38td1e6fKVwr/AD4YHc2RgYIwAc++P5ZqYDCnBYnjpgAtnJOG7Hr069QDmgEfLnO5s4TDcnIGRjPA9Bgflml+YkcE5OOgJPOeOhHON2OuOOCRRzN8qu2r7LS17au/xK913t03blKLSe3VatPptrvdrR3ukrrqMw4fIYE8AEsMHHU8n+Hg9RnPOKhdSQTnGwFlKqQpI+XHTGCAODjOM55qfsvzZALAkrnsMbcEdePbJOcEYqQDcq4U5I2cYAJbJPcHpyewyfU5d+Vxbbez3d00o6baWTfrone4pKLurJXaV0tXdJX3sktNfJtFVBjAY/cx2C89QwzggjPJ6nI44p5deU3MAx9Oo64J989ff2zUuwD5iM+pxkFl4BA654wMcA++QIwm45YEnAYAcFWJw2AepOAcZ+XtnqE6l9X1v7qbVm7Weqvq/v1WmxLirJJp663abtaOvTta1l9l7XZEUUdBwcnjJIAJ9TjnnPOTxkgc04RAAAtwxUD5RkdeOx6dcdOR827NS9iQWCjj7uBjrjlST6nknPcdg7g3y4ALfKCc8ck5545Oc8Hj5e2LUny7q3dPraL7b3a6WXro8Xo37qvreK3vpdWTbs11Sdr27EZgC4IbjBJPI6dsNwR9D9eTUTw5ztILcnkrkn+EABiATyM+uAeBxaOSe4B3EgjJbIOAuDwc/T2Hoza3IC8jA5wMHqepHzkZIHJyKSnZxbd9I3ut9tb2sreVtfSzmVm7JJ6JrfdpO612fXft0sVDGWBO5COABtznJxzkDkHkA9eKi8ttpyed/C7c9Oe/PzE53YxzzyQBeMfAwCeQCRg57E84+6PvA9vXvG24n7vys23ABJBUHr0OO4Pfn3FaxlzptbJ31volZpeb0d/wfQhqS05bbOzfbl++7TtfptZKxXG7CtuwT1Hy4+YkDOOQAMc5zgYORipUQgHksSqhiAANzZPYdM5IyM4yRnqUAIJLDGSeBg47gHICk5P8IwM5wOakQnjgnIZhj1GcEjIyflIAI6jjJOKmcrW10dns9nbaXW/n21XUd5WVkr979HZK99Ndnr13ZIIgBu+7jHHzMSRgDI2459ccA9BikYAMflABOeSW3AMMjjg4xzgkc4GD0ercldp+VOPlwRwM4IwCSeMkDhvUClONpxn3z6knIHHGO+PoTjislP1vdbaq2l7Xs++6v+ZkouV769d7X2a36pPfVPtqiBgSB7tuAIBAAGM9s9tw4wcfxc0wggnJJJBUFRxlumcgdO/GM8mpSzcAZJyWxnA45Jz+eB0zj2w1mZgc9ecKP4W6D5QAF7nA4AJIGQTVRe127eq/uq7u+j3bSvb4m22xqS5VZPXtZWsumj7R8m7u9neMKysAcdOB0Pfnj8wcenpTT0K+uBkD8T1GDnPJORkHA6VKCcgEAnBIxwc4yRyQM4GSPXnqc0wDghQSR09cd87cg4GRkD7px0yatXSTul1vtFXaT1fr53++zS6vRrTy3S1d+q3tpbXXqA5JBIIwfmxyWySOvPckkkgtnJ5yEZNwHPPC5z/CuCT0wchRyc5I+YU9VV+FUkgcgEnaOcZAIAHGc/eHUkClIbbnaAMcDgkZJ7dAODng+/tcZ27K3ZLfSz6eu6009WrKWve7Wu91s29nuu1trbxOCQeSwBXAwMsewwTnj2PXaO5zHjqMZIz2IYEnjGOg6Y5zjnPFXDgYIBAbJJ5wGHBI6Ac9sfKDntUIypHA5wvXBJ69c8cgZ42/XsOd0tdV6b6Ld7afn1VxtPTld0+2+yXxW02af+W8DLllCgAYBGeM4Ug9xkZBBPAUgLwc4jB6H+LkZxkANkjjpggYPJ6U8hiRggHPUqBnIOFPfqBuwehHTIzEASQScYPpxtU5UlRzuyOn069aF09dNejsr7L8ur1unaW43SbS100vvy2V5W/m5mtrX2BVYqCSRkkDcA3GepHGQeORgggegpJFVhu5G4jqSRjAwOvB44Ix7kjipUbaAeoGclc8OCODn+I5IwMe/YVGcMM4JK8jnkkfKwGOPlY/xc5HoDV3t5X09b2fy29dPkJ2m7WfdJrl0938m9ej1to2yHH8Y2rk4A6kE5Bznjse/wA2enByhbcSOcghfmGFGDjnjv8AXjqeuaeOcgJkbuCQMZABBBJ5B6j+HODTiDjBHDNkAkZyfXPYfn05yDT91dF6fd/wO3QizWnw7Xst2+W34u1rPrpppWJ4G7OMZ6HOc425APPXB6kk1CQ7Fgo27k9s5A68+oI9cenHFw4ynchevOATnOcH36c49BimkKDuCnhQpxznr6/T8R3OODnaem+ivolur3v1s1836iau91p06vTW7312flqVFJ+Xklij87RxjJPOOc44w2ACeueRnO8Nw2EwABnJOePbrjJxgjIAAFTmNgw+Xleg6bQc56dCfvHOecjkDhmGIbK8FiMZO7PDEZyARxlgeARxkUk4ppq32ezdtOmllrtp94nayXqm7NOysldX3181ttqBUZAO0A8YzgseDjaOAF75xnkEc8qOQTkYOSSec87fm9cgZ4HGBzjFJIfutswc5HQ5J+XB7A46Y+9nB9mI2QyEZBxleFY5wwIOMjB+mM557VzNpX6LrsnbVr5Pz3dvJtw0213snpa2y923Xa70V23e8n8R2NgbcZ4wwJyQMnA5Zsnr0HQ0E7eRjlPmQc7cHnnnrxjHPQdKAgwQRt4GDkHGTgg45GM7eFz1yM5alAUnBAAcgZ5xgDPy+wBxnO7IxnAG5WbVkm/w7X130XrrtqyZWWltd9+9na19Oq2TtvvpE4O0hSSTgMSCCdzZ4JwABk54z+I5YBKpYLheCADhiTtPIPIGPQsDjJIOTm1gY2LjnnkDgKScccjCrx0PPTnNOBVSowNyqdxz8zFjjIB6DHvgccccXql8N32fTSO6drL8tOhPN7yktN7KNk1rfeSb8nbulpsQBGXDElVIO7G0knHuCc7skZXGMYPTDkDZOW+6flBAUKM+4HQck9vTNSBlUgdid3Zsng4JAIyxyBzkHGc9aXYHYkYBPIBABOR7Dk43dgB65OKhzqW5WrWsldW3t9yuns97J62vald35VbTeybattbTfS2tl0aVxu9iq7WAGSD0yQc4JOOR+JyMHjAqQl+FyThcH5RyOCMZxg47YDZA9cBPLxnapLYGQeinIwRnA5JDDGeevvMFHZCPlAycYBO3OACfQ9sHnJzmhuKV27dfxWi697+QJu9tk0lo32W2+t2pP0abs2RoxO4Fs9ACFB4GSCAFGDgEdOCRxUgLkk4bJwwA6jHUc4BJ4+bJ6c7d2ApKso2qSQAM5CsCQScjqQPY/wCFPG4kgN93g8gsAcHjGR1HXoABtrOUr+VrWXo1LW3e/wCHa6NVGSipcylZJ200b5XZ9dne6ab00ktCLc3AwT1bkZ6k4xgdsD36e1OBYYG3bgEDrgMSDyBxgd+SQOB2xOoG0LtLELtOSAPQgc/KcY6cnPXORShcEjnPrxnBAwc9wQAR2xyO2Z55XXRPW/bRLq9nr0du11qoOV7t2draRj62dlqtr2fezK+0kY54U8Yxyueo98egyevIyUIO7hSoYZIHTHTB7Z46Enp1NWtxGQQejcEjJzxgMepHQ4G7jBOerABuYMcggAFcZUL1544PGehBUcetKdktL2tu/wDO9/mU1rpJvTvfRKOmuz0bfV33vYYFYEZDDJwc9VAB6nAGevXn1HIzIEAyQeuSMEBiABnJzjGcAcce+eXFsjnIXkjHB9cc5GT68A4z0oVhuI28Lgf16kc5yMjPU8ZwQM3dyvp08/l526fO6FGN91onpdrV+7rpd637dNbaHOfFQN/woP41OMbU8Eao3zHgf6PJuJwc9wV+nNf50vxjtJdT+JbJa2zGWb+01V0yoLrczlXJ43KpBJBxlTyCOn+iz8V2C/s//HJ1XBXwHq7EkfNxaucDucY+Ukkd89q/zsPi3qUsXju0lt0aKZptThiCEAuxuZscMeOTyQfmHGeePe4Tqyhisy0Tf7nW9rK2yv8AKyWui12v4HFMY1KGBi5NWnNtNX2cFtor66a2fc/oS/4JP/A0+KPgFdeIPiBrZ1fw7p2o79J8D258rSrjU7OYyjVdbCkNfOuUVbeZWgBTJXgmv3YtJTCuh2sCx21ra6dcwpBEqxwxotopjhgjG1YkQMAioMqBjBxX4y/8Eqtdv9L/AGUWhaNBdS6nqjSOzbn3EDA4POCc5B7giv1y0+VoUsdX17UINJ0qOwuJZ7y9lSGGJGsEZ5NzMFHsuQzHgfNyf5V49qVJ8V53TblyrH1buzju02k72vqk9LvotT+kuCaLjwzk84xSbwVFtO99rPmbeml2u2+mqFJeTRPD1naxvNcXmo3kcagE8O7hpM452hs56c+ucZXiDxzo/hfxBpulaXCvjvx1HprW0PgrRJkmuLTzXMbXetSqWisrWMYaTzyrOAwXtXmFh498TfExtB0P4XQTeGvB8d/qFlqHxQ1O3KyXiRO4uYPDFjIgeSWUBkS5lVYwPnjLHAPkPwt+N/7OHws+OvxL8LL400HSdUhtPs8t5qWrRX3irXdThjMupeajSyXjJGpMv2dAUUkIiggKPj6eGnNz9mqkuRSc1CLtBLld5Wuk76Ws0ktVfU+pqYmMFFScYcyjyylKzm3ypRivifrva7WjV/rfwr8MfEfjPz9T+MOtjULCJDcaZ4B0F3svDumEXBeKG7aLbLqMiYUSpcB4WbJxgjO54w+KfgH4Ua5ejXNRtNM+z6Tp9tpHhbSIBNql8wZPJt7HSLRDcFX+UGQRFEbJcjDV8xf8L9+L/wAaZNR8Nfs8+Ebjwr4WSNvP+MHjS0msoLmKC52XP/CO6RNGs89xKgdreS7i8mTIIdhyOi+HXhT4YfBjxJ4z8YfFHXX1vxUx0x08UeMCdR8Q3U80CSS2+gaWPMeIeeWEUOlxMSCuVHSqlaCSbfOo/wAOMtW00ld7Jav+87X9IhLnfupcvWpK6SenwRb12Wt23sbPhyL4sfGb4leMLTVWvfhN4H1W2sLz7Pauj+MNXtiqLAs84OzT7e5QhWWIpcICFOCK7iDVv2f/AIAeOPE1pbtbDxCumWMf9lWCSeIPFusXZVQyXEcaT6iXncgmWX5FLschSc+N2vjr4wfGH4v67pngLT7r4U+Ctd0eORPHHiKCM+JNV020uFhlm0LRnG+0E4BEbX8ccqg7lHygj6y+CPwA+Hvw28beJdb03Sjrfim9tbSfUfGHiN21TXbu6ZQJJorq6Mj2kbkl/s8LCNM7VUAGnJ04xvUny6RfsYNJa8tru/XVuye99NjGS5n+7vNyS/eSS3W/LHdpWs7trpu9fEPAw+PHxj1LVI7OGf4EfDuXxQZJLmeKG78d6rayb2V4ICTZWNtNH/fC3ERbrnGPWvhH8KvAHw4n+Iuu6XoqavrllrU91N4s8Qv/AGnrrzpaSiaX+0LoyPbREhnMULLDGOF45PuujgxeJvEbnmNNbs5PKXG3PkckgjAySenBPGOoPy58cZNd1L4EftB6b4KvLmy8V38etWujxadNsvZr1rec/Z4thEgmkjBjUIAwLjqOa5oYrnqqnTtTjKcYOyulqo805PdJ6t3V7NaKxtPCuNJ1JKVWSippWb5rWk4xS0Xklq7o9x+F+snXvDkOqNrlnqzXt1rTZsbu3uxbAiYLDK0DsI5YxlNhIIGRxjB7TTpTF4OMvOYtH1tWPceVbTkZPGcDJI5yf92vxF/4JFfCT9oP4R+DvH3jH4x6lqeiaR4hnnbQfCviu8knubYrHJFNqH72Rks4JZT8wl2MSecV+qNr8XNCHg668O6VFeeL/Ex0/wASwT6f4bhlntbWd7S4ZRPqrBrGMbRuKvKpwDjOAB6MY+xxbw8a0cTyVYfvU7J80qcrJ7aNuMrtq9tVY5GlicI8U6M6PPBr2Ul78Uou112ad9bb6q+h/Ch8dtdQfEr4vwjcDc/ELxUQAMh1fUZSSeOMkdRyxGT0xXzMl4luqsUD5dWUHliQ3cZDZIweeQOSFyK9j+L0er6h44+KMzrHp0kPjjxLNcQth5Y2/tCXdAZQSCYycFlZgeSG7V85CbEq5cSNtGXI3YJY5xjvkHJUEjdxzX9+8N0l/ZGXLSKWBw6ts7qlDm2d29l0VurV2v4nzpSea4+dnJzxdZwbT0TqvRX1vrqkle+vl/Qt/wAEY4fFfijxB8S4vC95pmgTrf6HNLqepxtLJaCKJwrWqqCCxGRhxtOVAJGcf0l/Cn4Rab4he91vx54g1/xrq1nrd8Nkl1Lp2lIY0Ygizs2SGWPCkAOhLDAYjmv5rP8Agip418JeBD8Wtf8AF+sw6ZbJdaLBbW3lSXd5eTPCwVLa0tleeVixw3lowBI7Hj+g/wCHHxe+Kni+9utC+FvgpfD2htq87XfjTxpus4GguInw9hpoAu2dlJKLPFw2CccCv4u8UKcocdZlG9qcMRTUZN8t1KNO6vrrq9E7t9LH9e8BOcuBctesZPDu9oty+LZNr5W9H10/n28R/BDwF4u/aV+Nd5rFtDpVknxI8RPZ6bC08UVxDaq5LPsIcoNoyPqAcnI/B74gw/CiD4xeNX1Xwbq/im2g13U0tItJFzBp/l20vlxI6j/SGHyMGbkngAnIx+tX7Uvx61D4VfFP4w6CPE4udcbx34is7y/tLGP7VK87lZ5bd3H7m3JLbGG1tpx98cfkzqXxNl8PxajqugWsTTXdzNPqd3dW6XNzIJWMkkpadGEJckldrAbjjrzX7Hw7hsTPC0K83L2P1SgoqMt48kHqmtL2vveyd9D8WznFUqGNr0o2dR4qbnfTSU9Grddk03pve1i58PfH407xpZXPg74K2GgQx3sYtprrSp9SkmTIBLLq0Tw7jzySSCMDjmv0m+AeteNPjV8ePh6Ne0DQvDcuh+KLewhWXT7C01K4sXXLGD7PGrGJQp8sEbUIOOMGvxdn/aC8TanrdnNJ9p+xW15HJFHDKYHkG4jJMO3aMjOBnnOcZr9b/wDgnz8VtC8WftG+ANP1vw6959jtdavo9Rtbi6lu3vPsf+jxFxuDtC4YoMnJxgA1y8Q4eqsuxdWnSjGMaVZyq8zlLWO2t0oq1tLdG72PUyesqmOwMJyUpOvRuoxaWjjbXZNS0XdJa7FP/gtprFtdfE/4WaTDL9ol0zw1cLcyn5mZ0mmhHz8hiBGoUdBjngcfijp1xH5BFwpSBHLyELh5lQ/6sYyMM2FzySeF4Jr9Pv8Agq/4r/tr4seCdNNlJYf2N4cuIi1wp+1XKvqV2wkmJ5dghUcnOM/3cV+YVjEt9eWcADESyw20MaqG3PIQhOD1JG44HAx8xGM1zcKc2GyHBxsr+xb5dNE5OVny36dE/uuz2eJILEZ5iG39qnFp7aRpp38u/f5n1b8EPhd4y+PninR9H0uB7bQ9MdQzKCljplmoBllkbhDMybiWdsgckgg4+jv2lf2lfD/wI0C9/Z+/Z7vraPWPsv2Dx34708oJIn8vZdafp13EQfNZg6yyh8rkjdkV5R8Qv2kbH4DfC60+C3wgkhtvGWu2Ec3j3xXbBTc2K3cI3adZ3KjcJ9hAdlKlCTg5xX5o3N/LdvKzSyT3FzM889xLIZJriSRtzSyuxLOzkksSclsnjljwVMFXzPFOvi42w0G1Qo7Ko1y2nU2vZ25Yu66tWPSeZ0srwiwuBvLEzglWxCsnFNRvSpPVrV6ta21vpppXt9LPPI8kkk0srPNczyu8ss80mS8ssjkMzucsSWOWIDc4xmttiDt/CxzncHy23IypJB4HTBBCnOOaiEzBHQqWPAOeBjAAXAIJHTGep689NXS9Mkv72KHZveVkCxDgZYqC3HUqM9emMgmvbjTS5bPlUVFWslbbTa+11d2TvbyPl54lzbcneT3s/wCZJO7vZt9231el0LoPh7U/FGr2tlawSbLiSOJWVMjLMQFGedzHkHjJ9uD+sXwA/Zz0/wANx29xqHhye71y+hjeyt2i807RgymRWDEJwS7MAFQNk8ccJ+zj+z/fTXlt4t1F7XSfDelw/bL7WtVAttOtBCN8jpPKBHLPHhtiqWLNgAtkV3fx3/bUSzsm+F/7PMUtxd/Np2pePWiB1G+Z18ue30faGMFvu3ASIVbbgk9K5q2YvmeHy9e0rXSlJaxpuySd1fVpdH00VmyVgXXi6uOn7HCp8yha06qjy6WesY6PfTd2Vj2H4rfEP4Nfs3QN9ofT/HfxQ1VUez8M6dsm03w8xQmKO+Kbg8obAaMYKsPTr8b6lF8UP2jNb/4S34r6xd23h+AxjRvDFs7W+nW9soBiijtRtjO1ABuZNxwcnGCKXwr+Fksc134r+IKSat4jkge6jS8kNw8UkuWaW4aUsWm3FvlY/LyBgYz9K6IkbwQICEUxFQgAKqS2AuOQCBjA4wMjPGB7WTZDGpUWKzGUq9eykvaXlyp292MfhjFN6RSvpZ67/OZ5xEsNQWCymEaVKNk3TVpTtypOU0rSle+rbTv13XCaDY6P4duxY2tpFa2cASKOJQEL4ULl3wCSy46k5wRj16ODWYb27MFrGoijkkUyBgCEZGLKGGA2ckkfM3fgYzyHiC2eXUr4xS4COFA53EgjIVRjGVHJPY4HA5dpFlLbtO6gqFCsoG7AYjDMQvrnk9c46dD6eLhGnSqwptRgqbVklay5bdOtmtna2vUnKv3kaFWpedWTi23e7vbRX0et1fW1lfRn9m3/AASWgD/sG+D1iJJfxX4iBAJBB+2EkZ6n7wJxxwuO9footsEDK5xwRk5zx0x0y3cAZ/2uM4/PX/gkLFj9hfwXI5IP/CVeIThR/Ebk9AeucYwefbPB/SL7M/zMxBYZJHAxkgDhTgkkjBA9sDGD/CfGSS4kzTk+F4qrqlpum32vdpX8mvJf1/w3F/2Pl7elqNLTTa0Vp6pN6p3tq22r1dIjzLqBIyRoWtkBic4/s24PK9fmwPTGQcdCf8/b4n3Sx/FP4pSs7xFPib4uBjQH5mOpy8g4wBtxngnPOa/0GtNjKDVZSBiLw9rm4ttw2NNumO45OMAAA5Bzz8vFf57XxKlX/hbfxNlI80S/EvxY4j25XJ1KYDLdBnqQecnHQCv1PwJfJjMxnf7NPXv7y1t132Wllboz4PxYhGeGwkE+ZbWWq2j03636ttG/pdxctpsYkhj2shaJnxuVQfvE9dx9PTjmvBvHWnteapJJC7XN4vmgqVJARkyAP4QAF5xg8YwTXtGnxajqs9jp9hBPeXEz7YYLZGfacgbX2DgDOMkHPfpmvTtU+GvgnwZAfEvxl8U6b4L0eGzd/sMk8Z1S6eRCwVLdG85pnwVGxCBuOMnGf6CzDOcLgKnv1eepJ2jSi+ao9rWiru+y9dfT8XwORYjHWUKLhTTi5Vp6Qi7p3butlo7ttPuj8+fAXh68vLa5t9OsJry7n1W6ia2t1Mj7mfkAgFh1POBk53HGK+vvDnwlHhnTZvEHxP8AFukfDzQY7dXSO+uY21Se2wSVhtN4dnI4T5Cecehr5/1r9q7TNOh1Pwr+zT8P03Lcyp/wm2sWqSTuS7A3NsGUogI+YF/nPpkGvHoPAfjD4g3a+J/ix4x1LxDfu6udKa6lMCszlmCQl/LjQdkQYAB4444pY/Os1pRp4WlLA4fTmqNXrST5buK+GN1bdtrayaPRWHyPKarliZrH4haqlH3aKa5dJNaySellv3vqvq3Wf2xPh54Jtrrw58A/Akvi/X0jeJvGviKEzWscikq09rblSihThxuAAxwBk18l65qXxV+N3jS3/wCFpeMNQuluLaS6l0eKWSHTYIEBZYYrSIiFFwu0ELgDseQPY7/wpo/h630y28M6ZFaR3FsY5IwqNLK/BDu3JPGSc5yOh9ea0zTbo+N55JCVjg0yZgEQrtVYSOGznYT2HJ56YOHgcjoYaaq15SxOIk7yqVpSnJtcl901GOrdktOm6vzYzP6uIh7Gio0KMVaFKhFQio6JK8Y3k99W+ur3Op+FvgnQLHRi1nYRwTJeSwCVkHmosTlV278YJYdR8xJJwduK9Ykj+yxGAMzPHIWVtoJbbjBznjGOADjscZBPO/D0htBZxG1xJNfzrClupefczYAEY3Ekd8gn0FfQ+j/BvxhriR315BD4W0YJHPNqeryLCrxnncI5GDhmGSA3A4zjmvaxWaZdltFutiaVJJe7G8ea7Uei1k772Sbv8zxKGX4/Mq3+z0KtVyavKzsk2mk3e2mru3v17+daNLKXtJ5n2HzgXL7fkUkY29cHcBgjBzjg8V9g/CzRNX1nxRpc1hpdzNbWWmzzSSzIyWrb0IXErEIo5yQTt4xkkkDyGDxX8DvAN7Dpulwap8YPHFsxjTS9BtZLqz+0lsIsrQiSExI5G8seOM4OK9t0X4bftS/tCXM1tqF1YfAPwDHbxrNp+mlY9cuLRgGAWS3VTE7RsPkkwMsF6cV+RcVcUYbExnTjONKhovbVZKLkrx1hBXnLZNWSu+rP1PhfgjGe1pzqRk6rcbU6V3Z2V1ObXKkttLdW9duT8WaL8D/hzql5f/FHx9HrGqX91JfWngTws39o6hcXMkhKWszW3nMjbgECDaAxw2AOPQ/BOs/Hr4gWsWn/AAT+FOjfBDwXLHIIvGvi+2WXxFcQ4IM8djKpbeUw8ZdSxDDv976D+FX7Jnwd+ELjULHRH8YeMJzi58U+K421G6ebcH82JZhKkLb/AJldMMCM5716749+JXw3+G+mPq/j7xjo3h2y0+LLrd3caXbAKAEttPjIlZUAUDZGP4SSTk1+UYziWti2sPl9GvjZpKMJ1U3BWSS5KFNWad/im23pdH7RlnCODyyHtswqYfBw0lPk5Y1JNWl71WS0Xo15Hzv4J/Y58H396utfF/xP4k+MXiEXCSzJr95ND4ft7jcWDWemo3kNGjchShygUADAr6a8Mab4c8HyeL/s8egeCfDWm3Flbo0MNro+mrbJb5MhmcRxbiQc7n3MxJGDnH5bfGT/AIKw+D9AW70b4F+ELnXr1Cyp4p8QsYNNjlBwLmztlJkkHR0Eqg4AHOK/Iz4tftWfGb4wX2oXHjnx1qtzb3kzTvo2nTvpujqp4VJLW2ZElVFwu5xlzyeTivRy3hLiTNpe1zCs8LQko2pv3ZRV1pGlFWjo0rvl1t535cz424cyd+xy+gsVVhJp1UlaUl155a766WW92f0DfGv/AIKC/s9/CKS90/RL1/iH4iCvGLfQysttFMuRiS6ffE6tn5jG5IHQgKM/kR8b/wDgpB8cPiE11p3hm9s/h1oE29VttH+bUpYTwDLdMN8chUkExsoyCcEAkfmzd+JXIKxuy53HKDC/Nk7iWyWJ/i3EEmueaS7vHwgZQ/O+TknOTkDsDngAdwBgcH9GyfgrKMByzlS+sVly3qV/fV9No6xWvWztf4r2v+aZ14h5tj+enCp7Ck9FToNxai2rpzV2337aN9Dq/EnjDUtfvJtU17WNQ1jUJpC73ep3c15cOzncSJJWYKpyWAU+g9MctcX0l0VSMszu65AJPynAIIU7cAnIx0AA+Y9Ot0T4deJfEUqLpWjX98xXe0vkSrCoPG/eVAIAOSQQMg46iv2l/Yv/AOCJfx0/aS8L2PxV8QPYeDfhRBZateXWseYs+ozyaVZy3AEMAJPlFogjl0IQnkg5Ne7mebZPw/hViMdiKeHo80aS095ytG0YwjFty0bSSu9W9Ej47CUM0zyvKlh4upN+9KU5NON3FN3eu7va7u1sfiXouharrtzHZ2UEs7MyKqRRvI7OxwBHGi+ZIWOAMKNxJHBINfpB+zp/wS8/aq/aFu7Q+FPhZ4li0q5251vXLOXRdKhiYgicSXqwmeLaQ4MZIIGB1Nf2Ef8ABML/AIJsfso/Dj9nzwt8VNR+Gug+NPiXqWr67Be+IvEUEOo2hh0u88q0NpZSiS1jcKu4bVDEHk5Ga/WGcW9gkdhY29rpmmQIiW2n6ZbpaWcAC4UJHCiIoCjCBRjGcfKK/CeNPG55bVlhchwsakklfE4iVo2drSjCEru99OaS01sfp/DXhrTxcXPNqlSUqcuSVOFlFSTSactXLVNefomj+Z79mb/g3i8BeG207Xf2kPHh8SXSeVO3g7wwrR2ZZdpNvd3TBZCVxsdoyVbnbkHn99Pgx+y78BfgLpdjpfwt+HHhjwlb2caRC6isIJtWlIUfvZL2RTNufaSTu+Zm3Eck167JdCF2clLcbcBiwLk44DNnIJ79SQcHOATz974ssNOhkuNR1G002KAO0l5qc8VpZqF5OZpnRMEdDkDacFjwa/A86444s4oxF8RiMRUg78uHouapJXW1OC5XbpdO91e1j9WwHDeU5PRUMPQpU5L7clFze1nr73TRXS1XVnqupzQwaHrTRAfJ4c1koz4IUDTLkkqoxkknIJzjIwpwWH+ZD8bS0/xa+LXmEbJfiF4kJYD72b+5IA46ZxwCAO/y5Nf3ffG//gor+zR8I9E1/TfEHxE0vXPEE+japp9pYeHLlLpY7i5tJoIxLcxu1vGqM4BG4FhwM8EfxG+OPiD8FLTXvEGra1qEWrXeua/q2rCO1iMsqi7vJpxE74YFlRxk/d3ZOcjn+mvoxxzDK84zHF4/B1YU6lGjyRmmnN3952e+6bT223PxbxqwtPG5FTwlOtCnUlVlq2krcqWy0VtNfLqfIwtGuJWUZICZwVOTjnoByeTzyfQnitCz0y/uXhEFndTHLHdFA5UlcHacLjAHGcnqDn19EvP2gfhrYTNBonga5v4hIWjlnhRCx7AttLBc9BwCN33ua5e+/aW8TTSiLw14P0fSUZyInMSyMCBgO2RtBAAJx1weScgf3LS4ilKr+4wcm9kpXWraeis9L67a7K+p/HcuEMNTpz+sZnTX+BJ2SS01krrVO/fXyMfWPAfi/URbrbaFeMr5X543QYGOOVAAIPI25I9MVzUfwe8cztJELGG0cMSfPmjVQoBLMQSMd+h45BJHFbOreP8A4yavZTahPrI06NmLRwwIsf7tweUGOOc4YEemAAK8B1HxP47uRN9r8SaoVaV1OLiRHYggknacgfQgdeeOODNsVj5uNSdCcJSeq5fd2jaz03as+jt10R6uS5dlGHpulHE+25Wk3pdP3ez73vr9lrRI9qsvg0YH3a54n0nTkSVftEfnxiXywcyDcxIbIBxtI6nGQTXaar4F/Z4sNV02ZPFIneG1T7dC1xG8EsuPnyyMTg4JAUg9O/J+MbpdRuUdrzVL25Yjky3MzjAP3SAd3BGCduARkck1yc0DR3yRsw2/fxIXY5PAySGJzk5yc8cDDc/G4mtiZzipQvFyW9nJO67X6JLql01Wv2+C+qUIfuk1JJbpWklyt3tv1SW66W3Pv+4+If7OfhdJIbLTE1qQONyiNmzgYYKSBx0GTjcOQccjmb39pX4e6cJovDfwzsELYKy3EKOd3TqUB6du3fpx8crbKzZ/doWXLE4BAHoTxk8dCTwRjgVcMVmCisyrwQRk5PUHlQSckcjBGQOOMDjnRqymm5tJ2snJabXt5u7t7zuuvU6PrUdlSXmrN3263e9tFq1vq3c+h7/9rTxk0Rt9H0jTdKjBIjWO3TcB90YITrj5Qc4x9cjzfVf2gfizq22J/EV3bxtn91a5iAGT8u4FSM8dFOPb5QPOHk05GD8ggkEgg9sZHPAONwPTv3xVZNUtYyrLF5hXIUgKCBycYyP+BHAwPY5OcqNJK0ppW1WiV9NVdL03fo7I3VWpJKSjZNLRLdXVltrtttslvpoah4t8c6pJvvvEGrT7w2VN7OQcnOMK5GR0xyD6DArn5bK/uCDcTSyswZt00sjkZPOQzHqOcYBBI24JJFmTWW80NDCqowzkjGGY9QOMHIwCvYE8gZqBdRmYrgYUE5VRkZ3fMS2MDnnBzuBx1rNxhFpW5lJ3bv5xdtFbq2rvazejsNymtb2W+l99PN91pbRp3s0yP+xCRgmNSw6ktg4GeeSAMjDdD7dc6MehqsaOzByqsSiksqjnkH3yD0JHKjqMUxdXDMy5+Uqdp2jAyTjjg+5IPt15PU6fDKYMPKNjRr5mRyBx8oHBBPGOjD3zXdhaNOtdRjrs300s29k1sk9dLXvc48VifZRXNLst9Ula1lte11q093qcJf2Ea31qAoKEjcfmyMcMBwRjnb1yTnsBXb6PpEXmwuEDCRh0GSF6EKCMDggk9AOSvGBjarbNFcW6xg7S7EHgDGc456r1xjgDIxxXf6GhiFvI/ARlByCckjnA+7kk884xjua9rKcJTeJlzQu4tPZ2Wibs+rstNdXe7PBzjGS+pwlGbTcX5dY3s/JXd9r+Wp31rDBYQK8OI1kjACCMH5v7xxnnP3R1BJwcHFZWu2n2+KKMxg7j5pcqQwLZwox0JJBXpnHGSABo72lUbjgpuVV9yRjpwMZOFHQ464q8sW2E7t24KvDLjkdM5BA6Z5BJ9uQPt504zpqPKuWycl26O26V+ytbW17XPzfD4tQxMqsqzUm0o3k3/L31fk7etk7HnUumtC1vGVITzCOFAOAMdMcjr1zxnkjGelS2HkwlovkCgkHIY52kZ46gdTng5zyBUt15SS27N8zNKxwQc5zkEDnABG3dwD046lstyGJijYlMncQRgEY2r1+bHUnI9eOc8FOCV4uKjtGKdrXuk0lv71rN2suut2/VxGI9rThLmbbT0T3Ttdu3Totr9LaJU79YfKnVPkQI2ASOcgc4GeCccDrz/dFctZlRcXMYYNmDHOCQMsCOo+6ORjqOGJJONa986VZQQqoqrjHy7+eOpGeOQOhxjvzy6StFeGML8rbUO3BPzEZOeeckAg85655rzsc4pxUtFZpJ6X5tLLRW1fbRWdl09PKYc8ZdbJtb6tddHdN306W9Gc1qi4vTBwVMmHxkcnHHGOcdeMZ4GBzWFrcAi+zKoAJVmPOTkY6k9chgob3HPIrrtUtA2oxqHUb5TkH7wIAODkAAk5DNwOnHasPxUghaz2hQBEqAhflOeMjg+mQCOOc89Pj6yu5WdvfjbS91ona2lte+2umh97hVy0oJN6pdlryrXV9HZ9dk7K7b63wpFm2RlIEjKpJwclsYwcgE5K8Y46H0r13SYkknUzscqEVcjAYjBySQBn2z0GMnGK828IonkwnIDKiMW7ZXqAOmCcjOCc4AOenrdoiMsbhCwLcknaOOcEdPbIU7eCevP2uUYR1KVOThFJxjfaz+FXle1rXWq2d27H5bxNi5QxU4ubspJKzbT1Sa0021fbV9bG3fW66lp1zAgRcnJkVcHGAMDALHttA+UggnqKxrXwvp4iUEEyImWJI25BwGTPJOMjBDe4HStyFmSGQKAFIYIByCMc9Rgfex03cZ5OQEtmZy42tuEZ3EMRkAnqN2d2COO/4GvrMPllKetRc0uWydtFqrXa3dk7N3uttXc+Lnm9amnCDa1Skr6K9krbNNLbppYxE0Cy8w7csQGLEFQDjO3BU89OmDxzms69023tGjEMWC8ZJyVbhT16YwMHoQcZxlSDXUM/3gpCEF+QMqcjkDjPPOMZOe+eawrqYPNIhAOyMDk85POATySxzkc54yvGaTwVGEk1BNppapL3W4t9NU7LtvZ20vOGxuIrTb53a3M76Wu46pq/mujbSv3Mg2pTCmNHA2sRgYYsMDjPBbqAGOB0bOa8/1cMNSuY2TaCyKVUAMoBI+8Mc/Nzn3PsfVWRcQMThXwO/QHIYkenQdCQewOR5N4nZodaugW/duVYDG0lMDBPoRwTlsDnJ458biDCQWDpuEFH30pNK1rxWi2dnpe77dT7PhHFVXjZc2r5E9bdJRin3ts2r9la594/CX47/BvwF+yp8T/hlrHh+XUfiL40u42sL1oInWGKHlGW4IaSIRnDYVlDsuDnBNfA8EuZ7Zm+YyzEnjg4YhRnuQrDGT2yScZGWZ3CkB8K5JHRh9OoOT1BGSMHoCDVm1kUz2IySAWIHJOQxwOncY4xwTgcivg8my2hl+OqVIVKjliq8as4zlKXLL3bRjfZJbpN3a2e5+qZ9nFbMMBQw9WFOEcLh/Y0+WCg5Rupc0n9qTd9Xr021PadNY/ZQyJwoZyWAYqGDAA56E5G3kfUYzUsYZoy5OZGU5YjkfMBjHrxwcfzqnYOTYxbCVaVtjFOQckNjnOQAOcDg8+prbihYOykcKqk49AVGenBAxxwSfrk/rlCnGSh7qdopOyu2na2vktfn2Z+CYypKnWlJattrW9lt1trZLTb8GY15FLG8aj5s7XYquOChGOQAcgEcdgSeansLWS6H2aIMHlmyFAJbAG0t8oZiE64ALcenXZu4on2KylQGT5cjOBz0BznnGOcHA4B2jrPAEEEev2T3EAlBWdkTj76odoydqj0AON2NuDiuyjhlKtGPLaE2l3drx/l82tP8Agpc9XH+yoOSTm+Ru210rO11drV9PTyILbwtcWfh3Wb+eKQbRHAkjAh3MmTuORuCnAIwOV+7jiuIvLVodOv2MedloAM5B6cEnkFhyevHOSTX1X8UDp1t4Ts7e0vEa/vvskt3aoAqwqqghTjAOBkA556DJPHzdrcLR6bdMASosgW+YHJxhc9sgHkcYz6YFd2cYWnRwlSNNXjDD++9LtuLts21qtU0nd99vKynNK+JxVGU7xlUxMVFXWkIyitnfu7Lfut2fPCtAjhpflbD4YbgAcEqOoweOMAc89ck5ck6NcvJJGADhUAGPZScnnOAfYZ3dgNOURs2xsuRn5lwAcjIBHcgc53YbgY5ArHkjTzNzKxAGFIOcHd6AjtjpzgHHY1+PzqWu1H7Vnpo/hatezutW1rqnbZH7jhpKVOLdtVFXUb9I2S101vu/ysVcN5/LfPvhwQOOZVPXpxwM9zwOwr9x/gZ47P8Awjmk6JdSXN2BoGkPbWlvC8jPcw8JEWVeF5yzE9CcY6V+JP2Us8ThgoeS3GG5BBlTOecYA4PoDjk81/Qz+yf4b0COfSdQJX7Xa+A4pV82OMW4lMA+YrJw7HaSp+YqTnPAzjhHJVMRNxd1BLu7NrmW6su7uuyVjTFSpuGGV7JSk733SUbX011d3Za67Kx71o1xD4Z06+i0lxFf+JJvtetTjduj3IpW1XduYFORIpOVJ57E8deTMVkOCjsxXcRv3AscjnJ6HJPTnGTgrWjcSuJJJQ/mM11MWVdu0uZDtcZyCG7f7PG7jIY8Ua8T8u6sxOVYZIOQP7pHXscHg5zXt4GksOue3POdm5NtO75Wkt0raKy0v06nx+a4yePqcuqp004QW0en97S9r73u/PTlJ50RGCKd0pAR2IGNoO8gYHUtzk45xgkkF8UvmRjJVUUqp24BZTtwcdsE7sDrzyeNsGrW7BrdUYuo3SEAYKLuPP5dRgZHIzkETqH+Z0TcwVSeNqqRwnJHXjJz1JIyOleu8TywvZdFa222yWttUlq0n11s/LjQm4x91tRa15Lvpps3a99r+t95PtBHmtGu8BQCdoAAGQXA4OegJx2yTzzVmkJSRol4wFbcQCxOMlc8HggnHbp2wTxvEp+WUsVV9ybnCbicngHPQ5G0kDOMY4jWZXjMgglb+AEjKgjOHHY7eMfTAPYcNbFxWkpRS10bS0bjp10u+j0T7I6qVCvK0Y0ptu75eWSve2jts+t76Wu77FGeZ40kjgY/Mi79yEBSRxnqTkDGOoOM9qjsro7JJJWb5CqhXHzFwP4TySpxgYJ/XAlvYlg+dpra1YoWc3FzGqsxJJO0sCGwTgNwAcAjFYUmtaLpwka81ix+bDBXuIUCZA3FC7bG2nIOOqnAHr5NbG0ZJqVZe6nZXvfVLZcujuui77WPZw2W4qVrUZJPe6stWrbpK2i0Svo1dk/iy98vwvr7SRMok0HVNgBzgm3kBJxyQeoAOD0A3cn5o/YVcS2vxQcAh3WFA+7H/LwC4Jz2OOfbnvXrXjj4meA7fwxrNr/wmGnSXM+k3tpGo+cLLcQtHGikHDMWb5uWGPfmvmf9nH4jeEfhZZ+LLXVtZa6udceNorfS7aWZlUN5mSwUgFjxlTkHjvXLRxWHk3zTaeumrvpDl0je7ve+lt/I9WeWYxYaqowu5crUZNK8UoJq8na6u+isvJH6MeLr9tKbQLuNCwiltxJuIBCtIFw5PqeRyQRjJ617Z4v0WLX/AALci2Qy3DQwXsSRgmQytGrhFxnqAArDPPSvzq8WftEWfifTk0zSPAvie/MQjWK5e1nUMEYHcNq5wevJHXcQcDFaf45ftFXlnb2HhzwnqthYwW0cUc0aRlniQYjE32oBwy8DqWYjkHtzYulicVXwWIwlGtOrhqil7tGpaUU00r8utrO+tmtNr358PgoYejiaWLxOFowrJJxlXpXje2y5ldr5Wt8z6Dg8HeJLryz/AGNdJGF2O1wNh3Lzhy2Bk9SWypC9zWs/w51xLU3F5caJp8ESqP8ATdStYnCN3YNKGLDOehxwcAgmvjG71L9p7xQJ11PUNQs0lcFlfUFtdnIwAtu4xhRg456DAJrDHwe+KepeedZ8bxxKyq+2TUr24ZFOPkKlihwQDzknq2c5PvwlxRiZJUsunTi7PmlTkrWt/PKKSatZv0s9zz1Q4awqf1nNaE2rXVKpFJOy2jHmlZPVra/X3lb7Ou9O8Laaqx634/8ADFg+5+YbyO6YDDE7hDIzZ7A8gEkse9cnN8RPgvoiyxX/AI6fUHiIjaKwtXIZF+V2SQqQSeoABGD97qa+Y7L9nQL5tzrHji5nJUMUtbdGJO3G1S/OMH3OAR06dTp3wT+HlrEwv31LVJtpbfNMIEU5IYAI4wCMcEHBJPOTXfHJuLMS0punh01a7nTvZuL15ef/ADXVaa8k8y4Noy0rVK8layjGbi7OO10l809Xqmrnomq/tMfAfSpfJsrTXNZEQBSRpEh2soLEOpKsRnAyo+6c4DkCuau/2zNCRlXwh8OVE6DJu7pLi6LuuQp2KroxJx0698A829C+G/wu067hdfCtjdyNcJGDPK0xIb5QWDhtwPJx36dK9R8TaR4e0a+0uz0nRNG09I7fzGWCwhQsrKCodwgy4yducMCSQazqcL5mq9PD4vMk3WSl7im7WSvq3FNd7J79rErifIadKdXC5bKfs7a1FCKbfLZ2tJvVr0XS58/ar+1F+0R4hjL+HNAutKhuFZY/sOlrDGE6KxkljDBl7FcdskfNXyhq+tfFmf4n6Z4j1HR7yX4k3JFzp1xOolvrjyzlBFGoKhVHQIPcc81+h93fyW2nS5d0Vlfyo4tixrgkDAGCBz0wSRkV882moF/2oPhXPNM5WCEJkPvIDRngZwDgcHPTAA75vMOD44ChSxP12rKcq9CC91RX72aV/dd0002rtqz+R3ZRxk8yxFTCQy6jShHC1Kzu7uSjFNReiSUkn2ur67Xh1rXvFs+inTLjw5Jfacp3x3cdtJJmVW5KFEOccYx1xkEkHb5LfXKOSs2n3VlIGUukyTIhZc49AB7HAKnDHBIr9TPhtommXXhCyMoWOY3cuS2wxhcn/lm5Xao4OG4AODjvp6p4L0O5kltpdI0LUYiX+0Ga0gMoViP4lUkEjGT0GfU5X56lj4ShCDT5eVR2inZtaptX3abTulaz2092tQjGvNJSVnry3beq6Nu9nbbRXSd1Y/CPxRdx3fjiF48BdkCrtYNyhyFBxnORg4PI7n5hX6IfCqRv+FZaXOEeRxql0MBARjYAeowMYI74GQuBzXyl+07oejeH/jW1loulQ6RbxWFrK1rb/LGZmYlplBA5YHO0D5QOgBr6f+FvhTW/EHwr0+TRfEs2k3lpqlyrQC3WS1laRBtMpwcDG31J4JJ5FeJl9aFDMq1V3cVUnJpfE0+V6a2tdXffRK1tfoMfh41stoxUuW8IWlLonazdn3bT016+Xa3FzatHl2MUzSMAGcAqT043H5VJ9MfdHTgfFP7TMai18OsGXIuZwWU5LDsxI4Pf5j8xxjAGMfR2t+D/AIw6RiZ4tO162QO5ktljV2U5JLLw+evGDySM9h8ffHG51u5ttLj1ewmspLe5fehjlSIZxlVZwFLdjhj6YxXoZ1mFLEYOcYprWKfNbVXi7221stnrolc8vJsvnhsbCXPGaUZJyi019l3UV3XV3bvbayf0Z+x5OYJLxg5Bm0W7QkHG4DeGwfZRnO4AN74NfWm6OOGKQhy5D52kEZPA46YGRwTwTnA6n45/ZHmaKWNzGxWSwv1Hy5yBEdvrznGRwcbQOMA/YaBWjjSQEN3BABGeQ3qCScndjPYf3vWyONN5fST63XLLZtKF7N3S3vfXddLHHnlSrHHOUXurR+Ld8q0trvfTqrXTR5h8Z1L/AAz8TKwL/LbOWYKcDeeVbbnA4446Hg9/nH9mzWLnTPHrX1rJ5U0OnymKRVIKSLCSjoMjktjHb+9kE7Ppr4vxg/DfxWo5CWkDBt3UK5wQO3AGcEjAPrmvkT9nmTzPF1wR/wA+BbqMYK4AHqMcAHtjJbNeRnlKl9ZpxUY25Yxlor8rb5nfTonutpK+up6+QYitOhLnk5KMpaO7tommrp6dV5aaNI/QDxD8Zv2jtN1S4msJLLxXpF1YWqx2+s6XbLLbW4CkxWt2EMioeQTHywwxzjmZv2urjRLJNN8ffCF7fR4bmyvL2bw5c3KzkQyxvcOFc+RtcKxdAOCWz8xIHq1/axTWmjiVfLH9l2u0oWU7jCoyTkA8kHqx46gcnx34k6LYz+FvEELASFdLvEAbkgiFmV1b7wJYLjaQQPxx8jnHhjwzmcJ4ueEjTqSXtJOk5QvNKMtXFp6tttO66nrYPjvNsLXeCnW5qcavsoN68sW4q130S6u19u6Pnbx58XPA/wAT/iX4m17wLp0ujeHbmK3kstNnbF2kghVJTIw2hiz5ZmBzkn8f7CP2Ffj/APC6b9nH4VeF21u1g1fRPC0SavHPf2kMlmwVU/1EsglkBOMCME9cDkkfwZfDTcmuXyBgW8uePOCGTy5GAwexAyO/UEjg1+sQW703wd4NNnf3emT3GiwySXen3MtpcsAocbpImRiFOOCSAo4BPX824s8NaXGeV0coo4mWDWBkqlGpKPP/AA4qmoy1UnGz3W29nqfVYLiH+yassZVouvGtJRkl7u7Uua2+myWi631P7DtI/aA+F3iLXk8NaTea7d37SN5N4NGvU0ktBMEcnUDbi1+UnORKfUHBzX4Bf8FDFitP2wfiDE0qXC6xH4Kuo5ImVldYrWIE7kyh4wcAnoT2IHxN4K/ak/aQ+GdlJpng74s6nHpRQRjTNYiXVI/mYMwSa5DSxrIOGKnoTweMfP8A4v8A23fGvjn4w3F58TdDsdX8RWLaZatqGnARJcW1sFt4VeLCIWWM7nbn5geAM5/LuHvB3iHhLiBYx/V6+WyoToc1KrJ1JNyi4twlGNn7t3yt26NJo+lrcV5VmeDcMM50cU0ny1IKyTUeq0ettbrTdOyt/WZ+wnerdfAeyhhmMsFt4i1qNHVyQAZgWU88AEjOORu568/TevafDrC2+kzxm4tLwzi4hYsVdFjfIIAAw3Y4Ocg5O4Cvxx/Yr/bW+EXw7+G+jeCvG3ii28F6rq3ijULtH1q2lOnPbalMrgRXESOFeLK+Yz4QKOcYFfZ3w5/a9TxZ8XtK0BU0PU/Atr4lu9It/FmgXkF++qW08cjxXK2KO8yRInDl0DK3OM9PwPjjhjOsDxpn+bVcvxNHD0cQ8bQqSpzUKtOnKnKXspuKhJzalaKblJq3U+myyUMRllChTrQnUlSakouLcZbtTV21dWfd+p/M9+0roljpX7QGradp8bRxv8SPEb/Z2GDEIZnwoLDLKuSMj5QMfKeDX6U/sz662meH/BtvM0FzYve3AurOUI0xLH5mj83PKg5yCD2PUCvmD9voaXfftSaVq2gpYJo7ar4qeEQwi3uJngnVZbi6g2rIJmLZDuu0+p6j0HwL4Y8WX/gjw3quhjBjnm+yyRMA+RkuMZ5OF43dh945Ar+7eAa9LiPhzKalRezhiMBQlUjzWlfkhFp6pJqUXdaPe7VkflOe4eeX1MVSk7ShW5VvZ3cbvVbWbstbJ7dvob4ufEjw9e6nrmnSQSWxsElsrAtGka6hvhc+WzqFQGM8DacMQuF6V+BV/LCfiJqCrHjHiZ3ZOpQtctlSR8pwu0nrj1JOa+wPjt8QviF4D8YfZbjTbq7jns2ul+3QGSH7UqsrPu2sqEZOGz3yDg4HwppOozan4uGo3ETQy32pJfzRgYVXefJUZ5OTwDwMDOOtenXyvD5fiPZ4d3vJc1nfZxs09UtHprrbyRhgFUnS556+63GSWjTSeq16e67NuzPffjhevb6nBLGPLkGn2qKGTcJAUO48A8jBzx7HpXzXJfShHjklQs5Z41AXIJ3DBweMc4Gc84+n0P8AGnU7SHV7WW6EnlNpFuACqtlmXaowd2CCB8wxwMYJr5rj1C2M5SSHesgfynKqGSNiOcggnBXJ3EknGMdB5+LjKNWbab/Gyairuy6rVNparRpXR9DhVJYelHmWisrXt91r91drS25reGbUjWJmWTJ+ytKMjOHHzZAxknk8cZ6Z6ivtpdOF5oWgLcqxT+yw+TghdysM4PPQdCOA2PQ18aeGRC+v3RglSSE2ZI6AnA5O0cZDHPpx1xX0d8SfEmu+HtD8DnSVAS50hvtCKoYsEV8ctzjJJ4IOeVUYGJq8zwNTTVzT0u09I+W1/W/TUc4zeMpRUmrRvdK6d3HW+/mld3tr3XCeMfCMTGWW0EahW3vscHcDkngYIb6gdCBnHHA+AbFm8XW8CoR9neSM8NnAIbPOeue+M4xjIFbem/EW7u42g1HToZRJIqs8YBkO5iOUKnqM8bcdDyCSOi8C28Uvi+6vUQxkvEyIcEDftBAI6bQMYGAce4A87AuUaqjKUW2vh1d9n5qzsvO9m7HXiKb9glKL5UrKUrbWTs1o7Jxtsna+utzrfiT4Xie8S6u7EXXm20IjKktIikjnryTycnAAJ+p8pn8O6bI9usbyWLlWCs+GRMfwkg89iSe/B4FfafiWKwLwssayzLaxJsdUwwbk4ycY5J7ZByT2rzXX9B06LSZ5Ws0DSQzOoMaDa6gkAbPmHPQD3OOlcMsTV+t1I3moqSt717aqyaWiW60T12dmejQjBYag+vIk7W3Ti79U05WVle1krHnHwIsTpnxA0xTMt2Gv8NIjDbtUqcAEnaeuBxzyPlANQfFq5E3xD8VsreYf7RKIGIO3AIAC9CPlAOM84yMjFaPwFty/iXTHKgP/AG00Ywxz8zgDnGCAR146cjJwfrnV/wBhP4uePdavfE/hK80TU4tau5J4bGWdor632EnZKH2rz0XrknAGRkcGa5vl2V1Kc8yxNLDxqpQpyqOyc7xvHmtZSSXlr12Zvg6VWspKCctb720dr31XMten57/nZOSbOUs5jkDBVxtBJ46dBnkZzwOPmHQfanwPby/h141SZ/NaHw5NtG4Yw6lucHOeRjGAQQfQV558Z/2UPjV8F9NbU/G3gu9tbGYgRajEY5rTG4cuUJ8tCTlS5UEdOevo3wPtm/4QTxuJLd4nfwxI4ypwxVSuQcc4KkAnjB9a5Xj8FmWEU8FiKVeDko89OSlFtSTnHS6utn1bd/TtSnSnHmT221d/hu73+Lbvr32PnrTb5ku4THLJGVAPLcKMg8Z9e3bOecc16dod6bq9Tbcs6B1O3oS2/JwcnIz1C8EZwRnNeW29o8sykgIRGxA24+UHB5I3HkZyCD6/N17fwzbNa3sBdlC5IBzyDnjJ9c4Gck/xd68fHwouMmpRi0rb7pJJpK9rp6vq7p23PcwlaanBJtqUk7N725Vbona7W7bb9G/14/Y/1S503xNp15dYNrLc6ZCkc2WVAbmEF1BzjnH3eQ2eea/uq8GSrc+DPCEy8xyeG9JcHngPaIR1OeB059MD1/g5/ZvY2d54UmckiW/sAQMnpdRbcZ4BwcgYyflGehr+7X4cyeZ8P/AzYyD4V0QsBg4/0OM5IbgYJGR34G3oR+f5PWUM0zSKimqlOi97+9Gdl+b9XZJNXPX44gnl2R1HK0lUrJK2iTp03rvs3br00sjtdigZUEnIOM4xn9Tn6ANkcjip0RQoO3BOc8jr0BAzu/3uD1xjoahDcgBcDrk88ZBGDu4HfknPAHHSYFgVK5Ujqd25skHPqOc5PHf1r6VOEkk4q9lslr8NrrfT8La7M/NKknH+rPZXWvW7drdUtiZYgFyBgjgkZJ6DHQH7xOB3ycHBoeNRyPlOBnoOD2J4Pop655yMUzzzGwB+YnoxxjjqD1wCSMcEkHk9cxmdjgYyCeAwGDkfNkE8ADJ5BJzkDOSuLVNSblb3lZ2stXaz7NX269Gr2Jjzu7V1fdvXS6V2nd726X3a7llAyZ+XP3QAQODjGcZyOcDoQB0x1qVTnAJAbIPqOdwBHTgYGSPrz8xFHziN37xRwFxkcN8x46ZxjPQkHocjiM3A3EFstgEkDjndn22kjpyfbrRKtSirJrRxer7cui6WXXW6utbFSpTael9Frvva3ZPdddU/MvyOM7VGOAuQBgDHQdAfUclh3HajJTGWA59QRj+6Tgnpzgd+W+6MUfPDgfMMg9BwOfXPOR0GM/X1QzrngrgHAx3OMnB59gCSOc8DHFRxlNKykopW176xVkru297LtpbczVKfWLTs9la2i67afq1sjR384wMEjL7c8nknAGeSDnAHbkU4ykDruwRjOMMOMHHIKkkhgP5njN88FsYBVeCTgehPIHOcjvn1JqZJlO7C/wB3AwDgAA59eeeAOvOCSAdo41PRT5rtWTaTVktHqldpb3s76XIdFpK6aWi0vdv3bb79G/Ky3L0chBIZsfKBgqDnsOgBz+vGST1qVWDEgc527eCOBnBIznqflAPTjoOc9WV8gD5sELgnIOCBu5A6k9yOBzyc2UchVGQM578ccjJAOQce/POCCCeuOIc4xv0Wmze6fztb8LWSMpR5H8KvpbVaJpN301aur6fmSvHuJPTaMj5toUYAPJI5x2OemOpNIsYGMjOCDwWwfp/sk8nOCcDOOoWNiwxgc55znoMkke54Hzc4PXOKnTOdpA46jB4Geq4GSSD0PAOMNwa6Iarmb7cqV72vG6tspNXfW93srmcrvRq6WsvP4fNW3VtLJJJW6NwvJAxxnjnHIABz2PfBwB+O1ygkt8+CMYOOvvg8kcfdwT69QKVVU5QDHU7iR2AOQfwwBxn05pVDIOfmPJABxg5I6gdQSOC2Bj16b0pN6X663SWul+uyf4K1rXIlyp6JpdO1rK2nnppq9fUURj74bLEg8nAOMZ68Zz65POT1xUqxg9CQWOMEYPqB6ccn09R6xK2OcAsCCAOhJLBsdDjrluOufu8iY8gYA2lvmOTnGcgH6HryT9RXXCKdvd1unrdWTaT5m7XezsrXvv0D5aaX69Fu+l+mvdD/AC8jsMkHBOcgEccnvjJ7fUdWtCSWDAYwcADgYIwDnJOAMkg4yMEgkVIDtwxIB6dBjOOM++eMdCCSDngOZm3Y5AzkY7Hbnr2+injjqDWk6cdFZJXu3ZbLlbv5Le3r03lq620v37WXfs/+BfQhCkEnn5gOoAI4HOeeTngkZXk59Qrj51XIU4IOcfMeRtB77exySVx0FP6dxz2KgdSDj7xOSc8/N6dOKYNxJOSBkdT8gBGeQO5GM9TxxjkmFQp/El0Wl1a/u7tvRpX3vuupPLDz0aTTcm91qr32S0s/l2cueuArAng8cdyc5HOW6jPXvSfKTgqoTkkZJPXcOc9ByOMnBOc8Cm4y2ck4K5yOuRgg46fj34z0NJ0ycKMlsHacgY5ODnJP3QAOAeuQRWbpaOLScXJNtPdK2lmt+ttLLz0LUL7LdK79eXtpfrfo+6JOCPl46rzjp19DzgdQT7c5yhBPCgDqxUn5SQMD8QCe/fjnkigAA9/bvkEZJ9xgc49PQU4KMMRy2SSOCCCVAA5I59QM/wARNL2EWtknZdNFtdeXTW3yBRSWr003t1Sberbsr3+/RaMj2kYzkqDux75zkHHRemO/I69BAcAEHaCxA6jHAG48YAz65JA4z0nCl+AMYOR83GeM/mMcd+5OMUzbgEZPBGCR8wOc87s5Bx0HyjtTjT5XomtVd3te1tV21u15W6ivbbR6NdOy31V167W8hq/NtBzgEkAkZHODlvvdeBk9uOMU5mDYU9cLkc8Y7e+epI6d8cUw/ITlvvKCD1K44xuxjAPzFcHgj7pJy4jIYc9OMEg44A68AE5OcHPvmrinZ3Wj1t2VkkmttPh0stNbt3DSyve1t15KKei2untps3e6ueP/AB8Ak+CXxbXHB8BeIBwe32CU84IGBxxnIwec5r+CXTdSurG21OSEnzP7ZvlXagcvGt7MuwhsckcZPuCO5/vj+O0XmfBf4rKDnf4D8Qjtz/xL5hg9B0Gc9wCPWv4OvDcQFtq5kjUq2r6kFJx8oj1CYsA38OVBAJwck9jivn5py4uyKN7NYXEbvVfvINvVu6fpps0ra/dZHUS4R4le6WIwejtq3TjFaPvo79l624LX9V1C9ub68hjkiZRHB5fkoC5C5chsYBIbH3iOT0PA8F8RXOtSyI4WZGjUtDiNcDa/zBj0JYHA5B6nnINfTMiwzXt9AGdIpr7hm5YAR88jBx0A44+uc+Fa2HXXntEDzW+6UAncUJ8zG7IJAGMk9jyCcgbv2GhS5k7za3SSV1dtdO9k+++lj8/rS96L5Itu+vneOl317tNdL63PrL9nSDVbeDXNT1KQeVdWNtsixhlfygQWKZwT7gbegOSuPSNPs3iv4b6OCSQTSXGWB/ilkKKoJ6clR8rbj1yPvVN8CbONtH1S2a2fY1vbuxUg4xCvAY9GB5GD0BGelbtg6jUUsQZFijutzk4AUeeQcN3H/AuCMDANc8IP2dS8rxVSSSS1TTiu2qvrzdFpo9DDE1rYjl5eWfs000rbKK95N97u/wBxkfHCJIPhFraRW7JJ/wAI9q4mJcFgxtJdzOCWYjv/AMB68gH8CP2XrQH9oXwGJJgFNnqzDnABaSUc52gHp05wOgHNf0FftBG3i+F/iWBm2yNoWrtG2QSw+xS7RzxkgrnPuDzgH+fn9me3d/j34H/ds7pbau+cgYXzHAGMjAJ9s9MBs89TajSnCN3aKbfRe7tbrs27u+6V2bZfGc6NWbtFuTja907RV35tXS9Leh+zXxWht4Pg/wCO0EoYNoUjL0ALB2JGOpOMfMO/YcY/MT9j2SI/tZ+HpiqA/wBmqo49LRxkjjGMY65+pHP6MfFGS/f4W+OFmtCiR6FMiN2IDkE7eQTgnByOoY/wivza/ZCdR+1h4dDRF1TTugYDP+ik8nPfjuMDr1q4q/I3F35XZarVtJXt2b6b+YUbxwuKScXeas7WXwJW2ve66Kz7O5+qv7btxbp8J7BW2SSt4mtVKBVOBsUjC9R2wDjkfiPy1/Yiitz8a/iG8mPLaK7+XjPFwoXJbuMY54IGOgAr9Kv20pmf4WWyi02Y8T2z+a7FmVTGFCqWYjIzkH3x0wK/MX9i9WHxg+IWFY7YLo4DYO4zDljxjJ+uSc84NdVKU4wpRte1bTS2jUVo3a9/Le2/fjppvDVOVJpwbas07qTt6/0mz7U/a3iitfh1p0qRqN3iWwYDIOA204yM/N8+eOP9rrXgv7DGpxJ8UfiDNvSISJMuW4AKyY5xyuc59TjqODXqP7VVzcTeArNXfCReIbHCMxK/KEBzls5HRRlcZIOeK+f/ANiuZo/iR8RGMaycyKFJwCWK/KCMHccgjHGBjJ5NKD58bT51Kyk9OqTs7u3a99E7rdvrbjP+yqqTSV1o79ZQT26dE1r17X+kf2/76CTSPhyIZoXkF3feYysGIJz97Gc5XPYZ6/73Hf8ABPm+RPB3jKJp1Ej+IH8sDA/iJOemO+OenPepf22/KTwx4Dma22yjV7suQQSdyu2Mseu7JHygcjGc88v/AME9G3+HPGzNCD5eusUBIXDMz9s44wOepz65FdkUlj0k+a0W1a76JrVLfvrbTTz5WpPKLtRvzbJySaU7LeN09k9l17s2P23blIfGHgR4yXP9lX5JxkgBMDI5PcbcdPbkje/YM1KOy8A67NLKYVbX9WyzKhBDSEqAMYxjJPXk49hw37aWohfFfgxZLXZ9n0bUWYg4LgbUHOMfNznvjpkECu5/YVjjk+HGvPLaLMg8RX21GxyrZYudxPRcEHkkjg7gKcWv7Tmmvsx8rfDolt0eunS3lpUU/wCxKPK1ZVLJJNatvfW7Vmkrp7X20XkP7dmoLdePfDqxzq7SeD50ZlypQMCcc9Sccnj+LnIFfXn7CGqw6d8DNEh+1RpJc6pfMittBIDAAnHQA7geAM4A5Jz8VftxSLJ8Q/DjJaG2jXwndxquBhigIDqT13buuD05r79/4J56Zpt58A9Lln0yK8uIr3UliYlQYtrcsMnoCQT0BweD0oxeI9knJJSi58rtfRJq66WTv26aN6kxpc+BoxclfTS0r6Jaqystm9tbPXY/Lv8Aa7uo5/jl493SqTJdIpYZyBtAGCQQMD2JJwfr+l37OV/Ha/AL4eWyDzseGSM5XYR9olOSBnknOemMHOa/MD9scBPjp8SHSBUjtmkkKJjCsiKFGVwOC2cHOc46ZFfoV+zvFO/wK+HdyrOYj4WR3wcEZmdgMZwvBGcZB7Z60UXGpiVKyipU4uKvspRWmtr736O9lqVWj/sdFJ3amk+Wz6K6Sejve+1/d+R8L/to3PnfFDXg6KDLpOiHacgjbIBjjpwvJzk46d6/YX9mu8EHwG+HUB8rC+G3CxkZB3xvgs2Dhee/rgjsPxp/bPnb/haGquAw3aHo7Yb5T98feGM9RgA7cdV6Cv2v/ZnjiHwE+HDS20Mqjwt5jBsI5cwvheQOWJBOPb8NqU0o1E2rKLs2ktE1onvpq2uzT13IzGMlhMEormblC6Sd/hje9td2r6pevX8B/ja8T+NbTcybk+IFwuI84G7VHHHckjPJ68nGDx+5mg65p8GhaKs84eMabpiKoUKdws4wRuKjgEgcFeF7nkfhL8ZLqGTxxCiW3A+JV2CePvDVpPlGQWIX5eSMHp1HH7WQl10fQithiFNM04s+Aq7msowmcEbupOOCSDz8oIvCTheo5OCvGG/VXVnbR316dvUrG0pxp4eKburXaW1+Ra6atJq/fXrqvyQ+Jemw6z8UPFNojiJr/wCIel29t22tc3kcQBI6bu5B6fKcAYr+gbxR+y/4/wDh18Jp9c1+wiawXwMtxDLp9zvjEUmkCaJ7nLHJ2kblzwCQPf8Any8d639j+KXiGe1iXdbeOtFmDMNxjMd7EyuoIxweMgYOc5wcn+hnxT8XPEfjP4XXenan4j1i6tT4Kjt49NMRig+XR0VdoTCtEMDqMkfxAg183mGMzihjMPHLPZPD1ZyWJVSLb5Iyp25JdGk5tabu2p7MMJgKuH5sZOSrUYQdDlaS52ldO+krNK61tbd9f50PCGW+PfwpVAmZfGhhALAAF73bu5527SCexByQQBX71/Gj4dX2k+A/F2szJaSQJ4evZnlgvIi6eZCwUCPzCSGPBUjOCfQGvwL0Ce3t/jb8NpAjEweM5IweAdwvgCQQevQZBbJPJ3V+3fi2yHijT9VsX/tiOwh0fUZbq3mu52jmk8l2jBTJzFvACoynGRgEjC+jQhjKjm6NaNOnFv2kZRu5X5b8r0tdXXVau3c5sW6CqUXUhKU5W5XGW3vQeq1TSetr3sn3dvxO8HSRn9oj4bxEkLHq1ruDY+TfyeR94E4I4Ax1LHiv2m+KyadP8LPiULW+WaaHwtfrJGEAKko2BkDryOCT6/X8a/CtuyftT+A7RLXLHxJbWiRFDhiGCIDuAAIPOD1IOARX7xftB+FF8G/A74i6p/Y1zBdXfhe8+1Tvb4gbejYeN+iZJCgDIbcMLggDTAY6NLD16c026s+WL62SSt8nq+tu+qZmmGdXF4SS05IxvdJXTlC6Sbu2k9lfX73+Ff7JsaD48+BTIzeZAZCVUFvkEUh5AySvIAHJB6jC5X9ef2lp4m+DPjYeVM7z6M5TCHgCRcE7R3AxluvJORgH4W/4JjfCvwH8Vv2itOg8ceLv+ELt9I8PTavZ6jLcW1rFcXhc24tc3kkUbbUcufmHQkdBX6hftt6B4E+GXw1+IvhvQfiFp/jrGgM9tcQXNgxkuLiRcQxGGZi4hHDbNw4IOB93hp5xGjinl8qdVymlUVSMHyWbStzXspadbabu90dOIy+cp0cTCcEoSgpRfx7ptpWs21f08z8Xv2O7aN/jq80guFKeEZW3Ku/o6YyAOuQQe+04wc4P6wfFuaxb4L/EINLL5yeFbguJLcqSxK4VSMADGcke554A/MD9hi7ih+PBnuru2ijTwdcGb7U8USLL5yDCvIVDMANoGc+vGa/UH9ofVdFm+EHxBnt9XsgH8NTL9mjurRXnbco+VVfLLubACgkjoTuFfQ5VW5sFXjJuLdSTs3Z2dle+2rWtlrZbHk51StmOH5YprkoNp7brs1r1tb8E2fnj/wAE8NXFt8bPEb26ybovBkymJY0PmR+apcAtgY5IycMQeNvb7f8A27NcXXPgR4vVLDyZYxZAELFhQGAIYqDtY8HB/wBoHA4r4P8A+CesPhs/GXxDN4n1218PWD+D3QX1xeRW0ZlMgCRIzugaQjHyj5jjp0r7C/bXPgPSPg14ng8MeMLbW5L2exCWq6lbzzNknzJfKSWQvtzgDHA45xmuahCEp1JScm1qlrZvSz6beSTem9zXFpvFUIpL/l3ordWt3ayVvPa7urM+VP8AgmDazW/xN8ezWau1xF4ejkASLeE4BaRuuece2CSSOK+7/wBuDV7TV/gN4/EEk0ty1tpsN07QhP3hc71JAxgEYIBIByWwx4+PP+CWuo+F9F+IPxMvPE+t2Oh2c2gWtnDPeXkNq87z8FIGd1DuRkkdc4wec19Wftu614K074QeNtO8IeI9M1K21CXTgtqb23uL2WZmJeRArOxjBOScc5AHPXz1dYtylOcVeNuVPlvpZWS0vdXey2sz1uaN4Q5YuU1bdN3vFppWttppbToz5V/4J5WVw/h7x+YVJaO70tSABgBRu5yCeByMH1HuPoT9sZJbj4E+KWmkChLzTkCFV3ZVyCOBg4yeOvON3avmj9hLx54R8E6P42XxZqsthLf6hp62UMVu8nnCH7+Qowu0kEEg7gDnnCn2H9sP4s+C/EHwi8R6NoOotcXUt/p8qQmymiC4J3NJK8YU7s5+8cEjjIr1p1Kk8Py2vGNk5XSStaWr6fPrtuzy54L/AG5VOZK7jpq7yVtNPd7qzdrNJO+3Pf8ABMi2iaH4nOJfm83Sk2lgckk9eigAc9eD8vDdP1D1aeCVzZR3cBkXS9TLruQFXW3m3D5c85xnHPJ6DNfkX/wTd8e+H/C0vxDs9duxZ/2rLpRglNtLNGxRm3ElEbYAOOcAkY7k1+wreM/gnd2MUVhOtvr8MOoLcXi2d3KL1p7ZwFCtGyJtOAODjuc9fPq5hUwsUqdBzVrXjfSyjfmdu71Xltsd8MujVrc8qnJ8Lu9U4q1ktevVN9r7K35G/BJpUn3JMFA8cawm7aSB/psuSW5O0ZJH1OB3qH/goXJAmqfCPySkzJp14XKqNxBiJPQjJUk5ByMnJxnm38GNV0e31ifTWu4Euf8AhLvEF0Lf+HyFvZyrFm4WRlAIU4xkYwcZxP8AgoTcQrN8I5rXClrC9EgVlLEMjkZw2MMM4ByTn8K5K+IVTCqEo8r0ab7vlsrPS1n719+yO+jSVOu76xatfttaVmtd+t0raq10fk/qepzwajcy297LHlpNkDHcEDOQcqeik4IUZ24A4Y4rX8L3F7q979gup+xlQYjUOcNtTDtg7scZA5288E1xmo2skt5czPhczHaW3HgMzAdSB6qMc87uDitnRtGurpxcLcCIDIDLL5bgrhgFwcru9wQBkhuRn52bXNJxum9VbrorXjqrKzdk+zS3a9WPJNRUot3Sdt3urW10TWyT2eumh1Pibw7c2drLeR20VzbeYQ8L+XHdRPjjyzH99S2DkN8wztUdD5uRZyGFJ/NsZ1zuSVTtCKOF3bcguOc7vlHJxXYp/aEt1Faz30koeVmMMkkhzscgENjOOFYYBGCc45AXWLN2nkjEKOroqN5qKz8YDbWAB65PcYJx0rFSSXvNN6XfVaqy78ztp5NpK5s4qzcLpXtZ22urJ/jre22hyGoTyRrbIt00kAB3CObcFJHHUtg4xx0+uTnNE0qg4mlwTuwpYg9cLzyOevPTGehreuLW3i8tEswpP3w2CrHGNwGB0PB5OM56mqwCAP8AIEwRjAGAMnHzDB6YHQe4HSuqnyyirS7bPyTdn1tbps/Qwvq07rZu2tm3G/5L02V9Du/hFYya1460KwuLme1SaWQm5jyssOA21lIweRyc46kcEc/oEPDfxH8NwNNoniGTX7DzGdLR7yRJ1CMcBQ7AeZnHy5IPQ+3xD8EAq/EHQp5UJCSynAHHIJBI/wAepycgDA/RW0kjnvlDo8cR3lRExAALgk4UkcHAP4gYr6nKsNTlhp88pxcpJKzS1ajbTXoru6vpa3Q4XjHRqckUmrx05U237qT2+9ed27ndfAzxbrfinWPEXh/xeHtmsdPt7iG1vzGkm87VALnHmKccHkH73JNfQd74L0K5spgv7qaSRQES5OACB8wCkk8k56HDddpJr83fFb+OtD8c67rPhOOPUfNsra3uLe5uZImaIEMqxMoDB07MQ3fkcLXR6T+0D8Q9CgiTX/An2hY1CrIbi/JZQOCWVMsB2z16nrkfC4/J8RPH4ipCpVdJydmlK97ray06NdF18vssLnVB4alSqQjzuKV5NPlu1zXTW2j2bTTa3PvfSPhLa6lrmn6Uk8VxbT20jvDcytIhK4IVs5IHXbnk4ORzmuS8efACHSr+3RNJsRbTSSOZbeVgTGjfMe/K5yONwzgnNeL/AA+/bJ8KeHdYTWPFPg3xLCILd7YrYyCRQJtxaULOysCh6HAJBwflIFenar+1n8FvGL2lzH4p1rQmjYSC31WycRRvIwJWVoQf3eOucjpx0x5lN5pg8benVxMKahZyU5JXtF6q9lqk9bWv0aOqTy3FUV7Snhqk272lCPMtI3avFyWuvTez1sieb4BaOYraS0kvI/MQSMIWEiHaeMlm5B4+VvrgdKwbL4N3MEc0enapECNRmd1uo/LYuWyqE7SuVGQTjoRyOTXsOlfGP4X6qIl0n4leGmMkSqIJJDbkccKDOE5JAPJ3DkjGK2dEubW+ivW0/XtAvAbx3iWPUrWVnVj/AA/vAQT2A5xkEDqPYocRZxhakJxx1W9N2jz2kk2ldO621ttd3tdHDPIclxFOalg6SUkubk0dlZ3snd9LbXfTofPJ+E2u21yu2CG5Z5dzvayDaefl4HTnPQck4ODurM8PeFdb0m91mO40+7th9vEis8LOrgnLMGT5NpX2J5PAAK19WW9rc288k6RSPJljuhRZoW9Nm1iMHIycgZJ75xraHeahLd3sM8MAtw67oZVB3J0JR3Cjk54JIXJGQME/Q4bxAzilVozrOhXVGTly2cJNWS1adtW9fJ3Svv8APV+BMqr06qourSlO1nGSfKk4b3ta+ujW213q/mO+t5BZXREXIgmLFkZXLBOTggc5XjjtxyDVDwXfmKSJJJCito0CKVbgESyZXJK/MpYkgnGevWvr6axs7tpYf7Js7iMl9++CHzFXoygZ54yc9xkH5q4rxB4V0xbvSLDRdCt4BfCWGdpohHGjEA5jeMHaNx7Zxk44Az9A/EmjXq0K2JwTpujdtU5qSldK+8Yp6p6tfPSx478O69KEoYfExkp/Dzxa1SV9rXv5W36aHjmta+1jp11slD+RDPOhLp9wIGBDZzkHG4DcOAOi5Hxtp2ryamt5c3MzMPtk90rBmbLPIwwxI52hRgEjpznpX6T3vwZju4vLutLhltXgZZUt7mQOUbhwWBAO4dOSR94c5z5RL+zLoqxGTR7DVLCJ5pF2q/mruZiNp3HLFTubgEc5B548bP8AjHL84qYZQjOnGndSjKN27uKvpfp6PzSbO7KOEsdlaqzqunNytFOLd0k1paS7y+TXyXyZFeC+WEsgKQglt6Jzns38XJB6d8dB8pwY9SubS7uWt8x28dyTKoCsjLgEHB+XBAJHXHH0H07rv7O9x4fDSRatdbZXXEc9o52j73zFAwIGcHAyAPbjz+P9n3xbfLdXWm3FrewzM26MO8LqwbaEw+0cj7pHAGOpBr5bMa9Gv7NUanvKybirWtbTstL6W1b3eh9ThKFejze0p3bWn3R7bJve3a68/GrjxPLeXF1BJBHLEVIDywgFDnPAUE8EkEgjAAOarQXej3cjw3YED26qU2qUiZgcn+WepySTnB49WvPgh478PrNJdaFdyCXCR+Qq3C84JPy7iMkDOOvYjgjhLn4eamzXVxLbXcUifJJHJbyqFYLja21Tgj1bBxkjgGvLvyW5pprd9lrolv0179LPS/VCXNJc0JKW9mtLJpJbvTS+v3XYt3ZafcWcUtmYyrPuZUlB4QDJGOCWHA4yDkjkV9Y/sQQov7RHwvWMtGTqV0xIJYgiHJ3dTk4yM5C9MHNfJGneAtYnleO2uVTbER5SyFWQNnKAMQcsxPXORlegGPqv9lGLWvht8WPDvjTW7Ce+0PwtLeT30VuyNdkSQFUdOfmKtwMnaT3JWqdWKq0pvlUYyi2m91Hlbab1d0v7q2RjKNWVOtCF05Rml3Uvdutk7O73WjSsf0mfEaeW58J+J7KOB5JI9D1V1bcNzl4ZExxjGAcAEkc96zfhz4C0vRf2ebbStNtJFk1TRYby4gyUcXM0qzOxGMBQ3f5eCB1NcD4W+OHw/wDiZ4buI7bVF06fUdJvI4ba+BtrpHkDbUuHbCcf7THOAFJ7fQdpcNafDC0t9PvLe6uI7Gw05pLUxzIkcmxd58newCqQSex+YkDk+licXBpKL1atsnypxjrbfZpPyvpdHj0cLXp8vOnBOaTurfZWmu6aas30R+dH/BQPxDLoukaP8Nob5Z4/EWleGr/V7SOd3WGGzso44bdgu5TllDMpJycdQK/EPxp4MspNQumt7UxXfnxLiLaEKsBtyhGGAJBYYxjp0wfuj47eItU1v4o+LRrd9LqUtp4jg0uynlkdvLtbQCNYUU42rgZA6rjkeny14s2nxlLEsmxVu7RWAPBViqkDAzgFsHIJA6jtXzuJVSpK04RlzW5eZprdWV2nsmn21+R9VhYwp0VZuKik5Jbtye7lo3um79772Og+I37HXxh8DeANM+JF9pNh4j8GSeHbPWbnU9HcLNo0F4qmMX0TkFnTcu4IuAfu9wPjmVGJMciSQGKIeUsyFCwYcE87mHTB4yMqOK/po+N08Nv+xhqllboCzfDvw7E+JAFZpHtVO4Hhsls4AwOmRxX4RatoVle6n5l1YRrCdIitotiqD5tqiq0i5IG5m7Drz1rwM3wEJqEvZxhKUVGdrcl00lZJu1rJJ30ad3rY9jLsS4XUJJw3u3Zq8lpvdWez7/I+YkjuIgJEklglRwI5YpGyFByMgZIHGSwPIGOpOPRfD/xU8ZeGXjZpBrVqMobe9DSZUY+455wMHKjJHHQNVrVPBa2t6IDK8Rkjglw0YBWCQglCFBywBGD6gjOc0eIfDsOm2entbTC5E32jMTDbLDt4G51GWc5JUjnGARXy1TL61JuVGbTsuZq62sm9X0fR915W92hio1WlVTt5qLfxRWvW93fTVX21PadC+KfgjxUkMerW39iamW2SblxAGIwCHAGcEkkvkKRzgYI6S88Hh7o6roOoJfo1uQPJkjfKkggsQTwAMEknb+FfHttoszRvNs3qSUGCQSwBwx3BTkcDAz8w6nBNadjr/ifwzcQrpep3dooQyPDM7PGVyBjYx2gEcEc5BPHQnk+t4zDJqrBytZX1d9Y6tqzeiTVru61OiVChWlFQdtFJJNX+z0Vn53uz6s1O3eOK2hltpBPDZ5G5XKB8gnBUEAk8gAlecnOa9T8J3lingTVIHuWg1C+vkhmgePJeFUIwqFWGTgAjjGSTjGa+fNE+NyTQWlj4n0oLKqRt/aNuquCOMM6HgZ5zz/u4zk+vWNzomvWMlzoOrQSTzOrrE0nlvGygH/VnaBk8EhecHjjJ0o5nTqqKb5Zacz0Ttvp5xdr6arsZVMBKLckvaRTi7W1SjZ30eltrX7Kztru2/hL+1PBVlcaXC093/a8tuLd0VFVAzHDtuLHeA3J2kY4PcubwJDbaDpPiO6eS3n1DU57BLWLDRLHApDspUnLZBGCMLn1Oax4p9f0UERy3UarKJysTfud7DLEhSfnZTn+I45zwBXS6fq+oahpUdpfXCi30u9e4toFUIN9zkyuM4Pc5wMg447V1V6casJSXJK8VrfV6x2tdK0Lu9tG09Xo+enOUKqXK0lK+ulleLV1tdJO22+l0tMiKCa4igsbCQ2ot7uaNpZv9U23BB5G0ZyP73IOcgAVeutHvdMm2XG12cIiSQyI0cgZRtwpPBycsMA46nFY7zsulyvC+A+r9SB90yAcgcHIP+714xXoEIiL3SXJGUsoZ1YjzAroNxYdiSM8DsNvORXj1KDT0ulpeUk7auNrW3aV9bJ36qyPUo1Ha87X5mo2WltLK60i7d9e5n3NsGs5EU7ZEhWNANucspyBkEHkkn1PIyByvhLwVH4r1jStEM0cEmoXkFg08yYjiEzBfNYngENnJIJwOtaVno815Y6lqVrcpJDY3ce9JHC3EwljUYijOBtBYrxyMZySBnovCgudN1LSpEj/e3N7BNFu+V96zL95lGATwM5APHCg5HFGm3UjFpNNrZq+riku17pJLbv56zqKlFvZpWva9m7a6bNSsndPTrqe/eJ/2Gfij4e0WfxJ4Q1Gy160sxI7pBiO98iOMSSFUO1JUVVBzyT/D94geTaJ4a0m/0zVbTXLYab4o063+02slvDuiuDCcSiROnmZVt6nJXrt7j90LbxLoFp4JsdMkngsb0eDze3lvcSxwytN9jy0sG9lMxZSM7OO2AeR+ZJ0Ky1G7nGlWavfaw85s3SNfMa7kuZN0Y5ztlXGVx0Ixk5rLH4SCqQU4qLno4p6qScbNWaa33vvc5cHjZzp1Jzs5Ump8+vvRi1zWikle13dPyk27o+TNN8d+K7SGPw8NSWfQmna4/s2dTJFHKo8ouisMxnIIAXA9D3PWpqM93EsMojkh2sQjgkKZSflUkZwvVcEcDI+XFc94k8MavoHifUbPXNGudHvIbh0e1niKDlsrNHkDcjgFsr8mcjJzXS21qIrYFwpOxDuGANueBgAZ45ODyST/AHa+IxtaVGvOjKctLpqTdkoqPKrOzs+nkr2sfT0KNOtThXjGL57SUkkt1G7ul1eqW71Vr3Z2/gqwLxqRJKj27sEG7MZTHIyTknI6Dg456V/WP+z6jL8FPhqrHJbw1ZjPQEiKPjHQZweD374Nfyk+CZZMjaMKkjHBwS3H8QycgAY57ZyMDNf1efs8nzPgp8N2c8nw5bc9CP3UeODgAheTwTgDjqK7+DpwlneLSdm8DFq70f72Cu0+1urstdLtn574k80cuy62v+2T33f7mNlpfaz1vutbpnrDBlxgAAr0I2sQcdDlh35xknI/hBzC8Yxtx3BIGMAHr26j0HQf7tXmwV65AIAGM5xx16nnH1wSexqAx5ORkYxgHaB9SBwe2e3IJzxj9BrUpOTaldWTvdK/wro3t0t/w/5HCs1aLX8vvJWfTVrftZ30utEikflYkHLEHGOSe+BjoeOe/Jx6Fu5QCfoMd+vUDpjI6jjH6WHABYqqkYAH3cHdnoPQAHJwOmOtUJJVQqoyeT3Cn1AIxgEegzgdznjyqs/ZTu0nG122td0npfR9b20be+h0QnOTUFtonqrK+jbdnvorW8uliwXABbcGHckKM9+h6DjOOAOmM4qEzHoQQABg98DON3HrxwByBkdjVeUgEjGDwTn5iSeOx3Hrx2H4VWaZhg7iACCer5Jz34x1yOoz71zVMZZxtJKzSs9by916pdb6Wt0vsdHsJS6dd301X4r8b3bXTWV+OW7qSO+GzjPYE8dcdF5Gc04hHBOd23HUgc4yNo3c46Z46rjispZiTnBYeh7Zznr1xnBI5DAck8CRrgKGJTleQOcewHJ4BAJ/vEdMZqP7Si7uSTWrbSatdJb9dL21XZeSVCf8qTWyv2a32W3mlrrbQvNGpJBJz64yGzz+WBjPGMDAHOI2QggZ46YGO3Qnr1GdoIznp1qoLrlckjPzHJ3YI+7kcngD5QR03ZGOKmW5Q4yQQOSQTk5xnjAHJzhTwMnHNc/12lNN3UWm76Wd9LXd09L7aprS97W1VKpFKyTsr6R7NXjs9+ktLX2+GzySDuAyGJzySSeBkHHU/eA6HJOTziCSQkkAEnfx/e56gE9NoHc8ds5yJvNRgfmyOeCOBxyuOnX1HyjHNNHluAT0XPzYAyfQ5HGPQ5yOQcYylKMkuWr72jt2bst3LV6JW07JrpUZpJc0HypK99dXa172XlrrffXRVvNCkbGwwHHouScg9M9/T/gXSlE7ZwDjlSSx3E8jP58gggc/71WPIjIBXjGegDHIIOQBySAcYHp9KDb5I+XOQc4O0dc9fm464GT1xkdBHs6qej5ndWSte75dUut3e17bbg69NtJXtok7LT4Vtv0t1vrqRJdOuOQDgg9+OPlLE4OcZA9ScgDBq9Df4IB2nJ64xwc+4wSO/UZ4HGDTa3IBABQ5IIHzA4PcY5AyPQemO8XlBgcKecFiTg5U8HqR/DnOMcAYyeNYVsVSlFJyi5NLlto17v3+Wv52Q4UqiV4rR620te2rV9r9e21rpnWwXMbKoBH6EgkjcdpJ+8DjBUAHn1A1Ip4uowDhcqfQc8d8557enXgefCaRPlCkEDg56cZzwMAnjA7Z96mW8lI5JOQFxk5X5lJyV7Y7kY6qSO/tYLOVRv7SGsUtO7vFXT7Np2utNNDiq5c5u6laL6rVq+uyd15dNNEkegtdxKB8+Dz+i4xk98enPI9aUXsYA3MCT8vBGFDMM+xzwDnaSSQDjFeeNdybuXJwOeW5AxnHYduQem0Yp6XbYzkgdhlic569+QPXgnJHXFerDijWPJGO70V00tN9LK2q79jmWT6N8zuktOv2dmttHZPdq+l9D0IXsRGM5zjgkHGcDPUEDuQVwCDkVJHNHtyMLyR2Iyfrz36nnPQDAJ4CO9K42tkkqCG5OcZ3DgDB6d8c44yK0ob8DaN+NuGwWx1OMY+7kjBAwF+6AOOO6jxDTqqLnFb6Xfmk3da9EndK3SxzVMslHZtu66WXRWslolrfr6WZ2YKMAeMn2GSO2R1xkjGfX2oZlGfmG38M8kDO7nBAGB6DOOGwecj1NOhdTuAzkjI7EYGemfXjntgmwtyr4Bbb2PIzjnHzZ46Y6AkYA56etRzTDSircvN6p62Wm92+i00trucjwtSKSlF6NNaPvH5t/O935aX3mUMWHLY4zkEnP3gM8DI9AMHjmozKnynIwByAOMkjpkjgc5zxnHqagLxtg4YDA/iwOMA47dfm4IJ555FIVVuxHI53EdDwfmII57fxHkjB5Ktdy1g0rtWW+6V9b9tlq7+a0IQSTTvfS92npdWWj7WS16bWZYVUIz94ZyMBRnIIUgEHgjOO+e+TxHJAr5IyrDkDjt6D8OD2Geg4qNDjo/Xk46keowTyT7ADnnnFOeXYC24c4GCqnB45GeoHDMMgnGQM81nz02r1NXZ3kkt1JemunV3a2Zai4tOEtrWTv5Jq22qvvptbS6KUsIQE5I5J67vwPI2ngc5HA4JqBcjO08/NjnAHopAHHqeCw79cVaecsM5LHPQDaMYGcZOCD69eSOeohX5skrjnhc8kZ5/x7eny1y1EpNcnwvRra/yT893ZO7tsddOo4pqS5vKyjreOzST23uunyJ4GAxlup5YEHkZyBz+fI74NX0n+XgHO7GScY47HB/AZwOp4rMQ7e+RjGc45x1ycfMDkEccAHvTi5U5A7duAc88Dp2PX8x366NaVGK0slo7SWyUVbRLX0Wt38uerTjN3S2tduzSd1vs7O2vr56ajE9iQDnk8hh2I+pyBjjuB0qjPIEyM5XJ6fN8xxjkjGfYkemOahMpwMEnIwByDt9j9QQMH1xwpqtNKGDDHRcY4ABwQRnGM5GB6dB2rHFYubTkoJddd07K12rfe301s9HpQovmjfW7ve2i2S1d03d2Td77vbXOvZkAbDnI6gE5yc8kYDEdR0HI9cgcxcuckBeowASD0PJ57t1HHUkg9q2rkM5KgAnDcgbiSMEHjjIwNvAJIBHBOc+SykYghTk/NknIHBHGcDcODtPTIzzkn47GyrYltRTb2ur26XXrbzt21Z9JhFQpKM5NdHa+qVo20T0tbrq15LXmJo3O5hlTknIboOgwO4AzzwBwcVRO7Byec8Bh6ZJAAxx03ZHrjkZrtW0pmAypyc4UnAHOG5KnIByMZxn2BJpvpgUn92CVBxgE7Rk5++2DkAjgkYHU9K8arlmIUlK07WXdPVJ3etrW8mredj1YY/D2SUr20uko9Fpdt36W7Pq7s5MAkkYIbjGOygDvjPyjptH3u2DUixvnnkZJXkkEnjHIOT3P44IIFdC9iByIwM4GTkdeRxjAO4HjnjoMZAUWPzL8pUnnkZOSSDgdF3Dg56cHqOOZ4OdoJxldWu9VzfDfu3t3002sbLFU7Wi9vhu+Z6JNPTXz6v0asstIWA3EEjBIB7levIPGc8ZwBwCPTTSMBQxU884AwOMjqeN2W59R0AFWo7QrnGWwTy/OOpxjHXPQAkD1GMVbjtn4wV2k98jnOcLzkEEtgbuBnrXdhsBVlZRjK2mkktrx91WtfTd9LaN3OWtjIpN3STavo9lbRJ6u9vVa3djLKHBPHHTufmOWAAAJ2kEHOMnqeclrDGflzjOegPPTIOMY7DjBz0HJ2jYuQRgqcjJ747c8+oHovftUBs3DZK5z6EksQO+Rg5yenGQMnuPRWWYhaqM7K3RWtZadNl92vZHOsbHbpZNJP4tv/ACb0Xy2tWhQsM7SDgBcjHzDHHTqcYOegJ3YJAOhDDyGZASN2RnJ5zwODjjAJGTzxzyHxWbDBIHyjooyoY8+gAwfl46cAelbFvadAVUnA6ZOAO2CSQ3JO7BGATg9vUweBq3jzxfT8OXpftbTXsr6HJicXZfr1VtLb72W9nv2I4rZW2jG0E5Izkgk9AcDocgnucjHar62WcjgZHXaBhV47cjdknHHACnH8V6C2wOQy8fdO0HHbHbOBgcliOvTAvRwk5AABOAemFODk9B7ckgcYzmvp6OC0jeKSdkmra6Ky6aXtez1WnY8apir3d20uW7aaWvL66fk+9tKEdsEBVuWOMDHCgdQc8ZI4Oc4HbPI0EiIZQq9wf+A4+Yt36Zz2yRkDJzOIwufkIxxnnnAyccYx93dzzxnjpKkYLADaT/Edzfxc45wcDqcdue5z9DhaKpKEUlunZ66Kzva9+11rZSV30Xm1aykuu1+Zq8Xtd6vpZemjHx53YVSin5sjqG4GAc5AAAH164IINy+kVdK1RuhXTb5guegFrNjnLHOc5PPze1RJGEboAMkAcjI65BJ5AxgH3HY0aodujawRn5dK1E4bBOPss2CMDJzwe+M8n192DbpVXa37uT0Vr6erjqvO9r2s7HmtxdWmlonUgr211cXbdbq1rKy6rv8AzafA7w1D4l+JPxx81QzRalNdwpwRJcQajLsLBiDtQ8kdiMnJGB9ueEtO0iP4i6vBbsk+oWfhwz6jdpIrMZr2yKeWjozLtjCgBQTsO7djv8SfAee9bxv8cLPTGkhv9Qurm0iuVBJgafUJlMgbIxsGSSDxkdD0+0/Duiaf4N8X/YIzgDwxJFf38rF5r28itGmaV2bLcPI3C8KdowMGv5UxeIUccpO+tapFz+yk6knbSyutr20s9T+rpKTwbg6lnLB03CnZNtxpUJTlJ30VrLu9Vc/Fn7Or/GXxgFdlT+2daO7cAwCzODySMdMdh1NddrcECC13PMcJJ1kOWO4jn/ZK5yMAH+XGWVkl/wDGPxSrzTGOfUdYnRoyVYhrmUBcqeCCo4Jxg+3HY6/ocKpuxclYVMADTSH52f5cZ7464wFA7dv0XKpVXgYN6JrS3VJU7N9LaLy66anm46dGNeN7qcqUFtdy92Fld+W60uvQgnFhHpd6EEqymwYHdOQpO0kDGcf3cDHBxgk1naLLAthEzq3mGAbz9oIbC8DdlvyOCCCM4wQdaXwvbLbyDbcK32CQlmlYj5U9GJ6ZyANwzwTik0Pw5aS2MHmxSeYbYksspw2GIyTkc4xgkYAwfr2TlONtl0lfduyet1va6Vm+j6acHNRalG19VuklpFa2s1pbS7e7vZFZr+0a+jeVXAW3eLzFnwwDDnJDYPB6ZAyOP9nPstcsT4gsAIJ3RNQtAXE5KFvNXG4bmxkcY+bB+mD0c3h3SYLmzjNs58yQq6tKWBYYAz8x+Xp3AH905OYrXQtKGqRutqVaHULdhtbjIlXPGRwTjJHfr1qIqpzqTknZ3ava65Yb6Pu993rtczlOg4aRknZrRLT3VbfXbW+nds7z9sGe3Pw20iV1kwutWJ2k5/5d4ypz6kjnkZ4yTkKPHPD+v28ej2MEcLhHS2ZmBYOHESYBAznnJwAPQFRgj2v9r22gf4a6WDGwUa5pi4PGBJbxjJI6HsOoySeeTXlWlaJpkOk2DBZACtvuO85VvJBPGSeMjHHPbG7A0w9XmxOJW11GPlpGOv4du2mhM4QjlmDi48376tJWsrtyV7621bsu1trav3n4daneT/DbxUizkL9n1hzHtOWH2WbHztyewGD25xmvyJ+I83m6zMNhbbZclh1AJ4/MHP8A9YV+xfgC3tYvhj4mFukmGstXyW5cg2sxPPJK9cY4yedpr8f/AB7CI9WvGYOAbPb0JGSSc54AJxg4+9j5uMissU1GVJKXNeMr+nuNeb36Kyvpvr0ZHbnxDVklOkrXbSSWrV21a9tNItep5bY2TXcB2qAFgmJBwf493OCcHKglfwPOccpqCGJgBKGJZF27cj7uMjoc/Xv9BXpnhqMGOcbfl+yTE8AhfmPUc8cdOvPriubv7C3kJaZ1hiWRCxCKJJB/djT7zHaACx2kk5XpkeFja2qjdO29nu3FbJWTei2e+t+/1NBRnGU5JJxs9druEVvaydnfZ6t7rQ+5/wDgndbwp8ZtQuHUg23hg72YMdm6RAMsMkLk5JI4yvHp0P7YZhv/AI7ayiuzQrpFpD5iIxi8zyuVDKMbiSowpHJ9uOZ/YNh1vUPja+k6RYSWWk6l4flFzduv+kSxQurqSHGVErKmckZGDj19h/aL8Y+DfCXxL8Tafc6TPrHipGshIJIkbT4gyErgvjDD+IrydxyA1cuBpUqmZUKU5KN6Tm5fE7K1lJKW70b1TXNey0PJx9V0niKtKLqtxUY04cqdtG3d2UY6a3128jzL4YRWmiaFcJqCoHmhljkaVhmMSEMjDdyDyRxjgY28ba8t+JeoTI/h2GwZpF+03RgREYoT820ksAAw5A55HOcbc93q/i3xNrNlaXWlaP4e06JnAmA2yNIsYxl1xjAA5/iBUZUjC15V4j1e5bXtAtPFF3DFp0sss27TIgGiBxhkYAEEck4KgDccY6/WV1SjzU6UuamrKMuV2bspP3XZrXXV209TwsDGrHEKtVSjNNtRUlKcU7cqv7quk7ySut+g3QoNRk0aW4uIJ4ruK7Dsqts4VhkgZA5GASCGPAz0New2fj3xJp+ga6gnaeztbOFhb3Tq7KoA3KuSWK98Dn5RkiuYvNF8NSaHcvp+u380Yk3QGSSOHzA7Zw5JDKSRt7jnkHqXafZwxaNrSGNIBBp0UklxczvcCaLIyQDuVmJy2CcccHoK8LFZNRxikqlOE1py9Ho1azTdtm27pPR3fX7XAcUYnLpU1Tq1IQvH3XzcsrNR5XdWT37X8+vq3gb4h2Wr6fpf7tbW6E7mVHYiFmbbyrMQBnlSowFr1TVrGy15T50YUQWEvlsrLIoYoxwNvJIOe+eOuK+VLG48Ow2UCC4unDMH8mGKOFY3VcuUOQcZA3AdQCDxxXfvDdDT7e60y+1W1imt5FRjPvjVNjghssRwcgjC4JyBxXzcsox+DrxqYbmUeZLleqV3T2aWr3Vuui7n3tHijLMwoKni4RbbTk7xTbSjq7NpNXSVtt3qeJad8PL3WG1WLTI4nljv7sYkXbvRXOQRjO5gT8wA+bqM81zqeD/FHhS++0w2Vwkm8715eM7iC20Nzj+8B/F25Br1f4bafc3k2pXdzq17EsF3PGTFIF8wlzy/zZ69SM9eDnFesX3hPTZ7GeS/1a9aYbGVzPuTZyBu2MSAAc8lTkcY4r0qXEGOy/ERhVjNWaV4QqNrZXcrW122bd/PTnqZXleYUXOlUjFyTUoS5Xr7r6y1vdr3UeMfAjV9Ns/E/j241y7g02S5ntztnmWJ3YBdxVWZcDI6DBIbdkEgV9NReNPAcMzZ13Swyq21vtK/P83VzkZbJ5AOGIXqTXyx4B8AaT4g8ceOkAGrPavAYFlLuWkbaC27ALAcfeK5z0JGT61dfCaw8Pxveal4et2QqHSVAWUBmPy7W4zz82QSBnPynA/oThHiZVMJhcPOS9q4xk+Ztv3knq9022k79EujZ/PfGHBlNYvEY2M5+zbb5afJb3bJpXdtUuvTQ88v/iJ4c0v9p+w1+bW7aPRIPB4tzexy7447hmYbPlOeSeAANoxg8V9ZaR+1J8MrLel74ltmV8gzRRTtvX0YbTu7e4OMjNfnrbadpMn7R4sLzSrA2C+Ft0dm8O63LFcqfLI2nsWyMjB9gPpaw0Lw/EXiXw/oao7Fg0lmnyjkYwR7Z6/qOf0TBYrEKNVxlTS9tJtO75rqPnttbVd9dz8wzLKMG1hozjVm44aCT9xaNpvmSW+rT1VktHoe9D9vNPhV4++H8ngzxst/oGt3fkXnh64acwQFnBS7VJAHjLE4bYOSBkYOB+03gH4z/Cn9o3SIZZbiy0fxn9nDYikRDcttANxGCVWdWP3k3eYMkYAOa/k6+M+kaavxV+E0v2TT44E1UoY7a3iRZFR1IXCKAQMcEEnJyPmBNfoDoOtz6Q1rdaA93pklo6PFLZSNbyQSIVIdGQqwGQAe3BJyxyPfyfNq7qVqVXllGlVpqyXvJOKVlL3vd3unpva3X814r4JwNalQxODc8Li50m1NcqUpRk7KpGCtJtac696zvq0rfpV+1f8ABe71Pwfqen3lpLcLK8MlpqmnwkxtHbSJKqXBVSULY5zwDk9ck/Pt3ptjD4ZsbZ9C1RZ7TSLW3jeBlcb7eBU8xuOQ23IySOf4QQR3/gP9t86F4abRvirYf23pMc9tYtqciq8rRzOsaLcxHhiGPDjqxGcsDX1Vqfw98J+PtAtvGfwsvrW6hurVJ7nSPMVnCOiy7ViYllI3bVzheuOlfZUI4THT5oVPZ1FFXs/NWUo6Napq+qb89D8jlmefcMVaVDMKM6uHdWUqdRN8krcqklJaNpWbjLlk9G11PwQ+K2pWtpoPipNWg16CZrDUorYvbsYAZYpFXAVOcEAtxkA5zjk+AfCLxzp/h34ZaLo1xH4qW9tftUy3FhaM9pKHn3L8xUAjgE4JHPpyf1k/aC+F0moeGPEggtBYapY6XqLS2tzEBKJBBJv2RkBpF4Jzg9euSa+NPhnoJsvhj4cW5tIJGRLxJVSJCxKS4JO/aVGSTgAcdARXl4rKq9PGJrEKKdKVm4NuV3C6bvrZvzWmiaufpWT8WYHH5euWlzS9tTjUg6vL7zjdSu021f3bXWzd3oeUXn7QV1ax2pNt4ikhgIDQ/YFV5FXG04CAcnqMnuehAr5m+CnxphsvEnxJNzpmvXEuq+KpruMWtmZGgRjIxSRgCFbPBBwR2PSvsnxJpf2tplt4lhEaONzxgKMZACnHUjhgfUnkZI+Wv2f7SGz1X4pCVY5J5PE7fOSqhSGZcIxUlQe4BJxxjJwPOr5diVicNz4lzvKVvd0tGKbSivusrJJed39DhMZhZ0sRL6vaLjBStNvmV49Wm1a3S17Wtpp9TfD/APatu/Cd602g6d4q09w4NxBcxO2n3Mak7jLbgBQX+YEqCRkgMK+iND+Ovwi+NvjvT0OlXWkfEjSNJke40rPkx6tbzkGZ49+A7FyGCYBYD3yPl+60mGBJJ/MCs8JfEbK2GPcqw6nqNowM5xnAHgnhiRLH9oSe8ieSG+tPD8M0F2G8lo3WRSpyGGcDHy8jHy98H06eJxWC9lCrJ1aTnBWktYq6Saeuttk9X62Plc14Ry3NKlfE4OE8FmEcPKUKtOpJKonyrkqxirShK7T15tU1e2v6M/Ea+GjWlyZPB/iC3VGYwz28fnRFB1yFBZCABkEAEngEk18HfGa7tfFV58OZYNO12G40zxMl75V1EUa5ChxIkZIPz5yQM9FPPTP6lfDn4uaDr9mNG+ID2YmljS3gvzjybhAoUi5XI2ORgM+ASW5O4qBwHxy+DdgdQ+HuueHC82jT+LbdJYoEFwqQzxSOssMkY+UYABGOh4yQRXs4iNavgp1aOKhKM5UlKnKC54JSg9bu9oy6tW7aXR8tkueVsizbDZfmuAqUZuFaNLFRqTlRqONKSTad7cy0TTbi94rU+LH8TiGDenhjX2mO7cjBEUcAKR6sWHUn5Qyk4zg+QfGbxTqE3gTWo5fB2pC3uIIU864mRfKMcyMgIDE4dgASPlx14Br9B/EXgqxs3keGVjsDh0MRMoPGMhhuVuOmcHA256L8h/HrSPL+H+vTO8vlLJbJ5ZjKkhpQMgEcZPTGcYJOeteNjFi/Z1Y1MQ5L2bvaMVGa0/Ttfrda2P0TIs4wksThqtGhCMnUjKEnUnK1pRfNdOzSb6rdW6nnXhH4i+N4vDlnJB4As4wljaiD7RekNJGsSgnIOdzAZAJwDgccY9TsPjj4ytNAuRf+C9OeO3t7p2iF86uF8lwQCpJGAWPBHbjOMZHhvRom0bQiIwsZ020Db2IxmFSwyTwdp3YPT2xg1vFekw2mmX728auPsd2zAA7cCByQeMY5APU59ckV5dfKJVaV6knOHskuVpJNtRttF3S2u/XbU+uwHF+KwGYxxOGhCnUVeCunUUrucXF35m17z1UvyPTv2efjx4jg8DWU66en9jX019I9pbyi4uUkW4k+60xLBVJP3SenHXj7AsfGPibxLpdnd6XLb38O8O+m3d1FFqFsq8kIodZQwXIGwdBkjPJ/L34J3McHgDRRHBNu8y/CeQWAB+0S5DLgZwc8MMA9gea9q0bVtasdSTUkgu4NitsljuJFLKAAGIB5yONucgEkAKCa+JrcMuVKSpt03K70bavzXUrST08ttNNj+m+DfHnF5fmb/tqnSxeH9qoc7j++hG8bS1tzRUXonq1+H2dpfjXxZL40mtIJFjnXTEV7DWAZVCb2yIpmY5Ukccserc5DV6Dd61dahmDUJG0u5I2yWk65sZ+MfupsfIpXkEncuQBzg18o/D34gX9/42uI9WsUnC6VbiN5pAJ5lDk+Yjv95hnPHOT0I6/Tq+LdCv4P7O1CDyQflWK+GAwJ2gxT4OGwBgdMkkDtXyKwuYYCpXT53ChVlG7TdKTtFq3Z6raStfVWP7Hw/EvDHFeBwGKwlLDVY4rBUpOVFQjVjoueM4O6cU7u3Lu7dT5u+Mnws0vxZ4v8HSSHV7Oe2EzW8lhdypH5gAO+F434R+5AyvIycVxmvfBAFBHe33iuEojLDJ/a10VcDJPzk7TlQMjqOODnj034kXl9oHibwrdaDrAmjVp5IrGZzI8WFB8gcszRsDgAdQdv09V0D4oeFvE9kNN1100zVVVVeG9iCQNJ0xbyEBlOCOAScEDjrXpZVm7w1aar02nKrTum2ukZWvtdPVJ2vqk+p+X+KHg7geJ8Bhcdk7hRxFPDyhKNGnyym3JyXPTVnb3mm43u0+mr/HH9qT4QWmmaf4RLXuvE/wDCU6dFK93qFzMpjeWJGaLLFUbB+8vIPTBAx3knwO8KXUcLPJrkzeVEcvq92ynMS8cvkA55BAwT2AyPqX9sDw7Yah4d8PNo11Z3T23ifSJGty6n5Dcx7mV88qBkjJzhhwpzXLXl3pdosaXF/Y27rHEjxvIh2uIwOwxgkZxzke7ED9HwmKweJnOdNpU3GKabStKyTV9byXVpq/e2h/BfFfDOfcO4n6liMJiFKlUrRdSNOfJJJxaasrK6d07t7p7Hy34l+Dnhiy0jV5FtL9mg0q7MbPql5hWWIlSRv2upPBU5Dc5I4A8u+Gfwz8K6t4I0m/v7Se41BpLxJJheTJGYorkqioittUqoCs2AScZwCc/WHjLW/DjaDrSnWNP3TaReqp3EnIib5RjIDbgACcZGSARXgnwn1bQ7X4e6PFe6xYw3Il1FmiVXdyrXUhGUXJ5B3KTk4Ax93FaS+qyx9CElBxjh5tXSs3zQe7ulpfe7uux8ry4uOWV7upCp7elayako2d/O2uvV318nXXw18EKTEujOwUCQlruUrgKD82D3OMHkbgSMV8+/Azwf4X1az8dtqelQ3Js/GuoWtp5skn7m2WV9sa8kFQCAWODgZ67a+o7/AMVeFoV41ZSWK4xZ3J4IAIBMZyOBnbnKk89RXy98IPEmi6W/jy0uri6t2ufGl7d2uLC6lWWBmkYOQkeUBHY4yA2OtdEYYJ4/Ce7TUOWrzOy1bjTsuvnprd3s2c1H608txjvVck6HKryurzV7J2172at56nujeCPBNtJiLw5ZOy9WGJAeVOGDdcHoeMDjJ4NeF6xo2mN8eYLePTbH7LH4OaT7JJApgL+apU7GG0kDKk8YxyMDJ9cfxt4eSWWRL2/kHIxHpd3k4Az9+I5weQTz0A4zXiuq+LtCX44w6iw1WS2fwj9mCx2EzT+a7qykwFAxXAHzYxyQTtyK9DMng4YeiqMabk8VSTSik+Vv/Cr20fRvXd2vw5c8Z7au5zqKKw9VpNvSTjC2js/K9nt2aS9WbTdMjkS3Gj6Q25t4IsYyfm3EBSFBPO0qDyTyBydvjfx/0yC28A2M6WFtDKPEulRN5NrGjKpkQ43BdxUjg7z97AHQV67dePfCyqiDT/FbS/uz5kekkLuQH7pMYZscjqQDzj5sDyX42eKNI8QeCrbT9KsvEkV1/b+mTFtQsDFFNscExRSbVDuQOAMk4xjC5rPE1cNTw1WMIcz5Y2tG2t4aaq+l7dV53ZWEWJniqftKk9JJu8k9LK+jfvW6LtbTovT9JEEdpZEWls8c1lb4RLWMFWMKDnC4Zt3UnaCfmJHSvXfg/bW0eseNZPItxG/w918BXtUba/lYLIdvEg28EZwQMMQAa+X9L8bPZ2Xlt4R8XvcRqInJto/K2ogEZiLtnnOehIA/P0P4VfE97bVfFCHwh42uLm48C65AtolnEsZEgA8zzCynK5JJAI5weOTrjsVhXltSlCnLnlRgnan8N5Qu23pst1fRcu7sRhKVV5jGfOuVTbjaaT1a0Su227vRp9t2jJ8HW0UXh6wMUSExXNw4LwxkszSTEHaVbgHoozjI+bha/Xf/AIJ8RfbvgR8ZbGe3Eok07xLJAojUriS2kMzhdu4kBQGBxyeuc4/FbRvHOq2+n2+jw/DnxU223lu4bsC2CzOpkPzEyE4+Y8Y6g4G7Jr9kf+CX3iU6j8OPinpN9oetafqCaF4imube5VRujuLOUwGKRW2h3G7IPPy5wTjPxXGToVMrw/srPkqUb+47J81NSTdtd7XVrNXtoe/lCnDG1vaS1mqlrSTdtLe6nsnborNeVn+H/hj4W+EfEPjnxSmpWASSM6j5c1oz2c6uLyY7y0O0O2efmOSedx5zvf8ACjZrIvc+G/HXiPR5EkBjQ3LTRBumCrOS2CFxn0PvWTbfFvwf4V+I/jCHU5LuxdbrVLeNpbZvLZkvpwys4XaJF4DAZ5GRXrOgfFfwPqkbC21jT7rL7gokSBiWK53+btOPu8gBT2J6j7vJ8Nk+Jy7DKpGmqrpJNqXJPm5Y2d7p91azt6ny+YYjN8Jiak8POrKlzN8klzxabWiU1JdLtNddLWseC6J4U+NGiaz4pt9I1rSPEcUd9HdXJ1BDb3N1JKAARJGM7/lGOg4wASNtdhF44+I3h5lj8QfDa8jiIZmu9InN4AoUhmWMlslsseh2gkhdo+X0/wAP6/pM/iDxWQfNDPayq0EiSgRjpzGSuM8ZyBwRjByfR4723dIVhR3D7dhbOerZAVx15xwOeCM4Fd9DIqcqblh8fXw6TatGo5qyaS913b0Vr37b9OevntZSSxWX4bEJxhJ1HS5W5OMb/By2u29LaLdaXPkvwP8AFHw7Fa3lncXq2E8Oq3Lzw6rBNbTRyTHd5ckm1Yg43bSM4AAI6Zr3Xwv440+e5tZ7R4LuAiXebW+t5xkq3AjWV5CARg4UkDPXBNL4X8MeG9SuvF0WraLpF3DJrrsRc2kUrbmiUOp3AAED+L0OetWZ/gT8OZ5TcW+kz6VLvZg2jX81gQr5y8aRsq9edoBwCBuPC1EaGa4aKhRxdKrCN4WqRSkkklZW01d1dpK+hy1sRkeJqXxGDq0ZycW5U5qSV1F3tLla0utzC8Oag8RmdbWZo31G6ZZTGwTZJI52sF43AZ4x0IyOVrl/2g5PtPwG+IiwghXsYFcA4HMvIdTyTxz7e4BG34f+Dep2Q1eXRPiHr+lJaas0MVtdxx6jblCN4ZmnYFmxxuIzj+HIO3y/9pefxx4O+EXilNWvtG8Q6VftZ2UssMP2XUY1eTiQRRqYmJJJbJwGIx7Z4nMswhl1ehWwvueyqRlVjJNJSVrpOzVuyVrX3ubYbL8rnmOGrUMU0/aU3GnUg0/sO0Xblbtpv1T1T0/Kz4f27QW16qKVzawhyVH3QynOcgE88Y56881+ivwRs3g8LeNJWVgsuv6M6kFSSPsUYXAAyVUjOck5UjIzmvzn0XxPpdpDex+TcxtNHHCAEBMZyqfMVBwGIXBGeNxGABn7N+GPxH8R2PhrVbLTfCGpXWi3V3p5v9b2xhrO6ggjAVQ5G4OmMMMFgw4NfltSMlbmWt0rqyurxVterXbTT0P1LB0oXk+fSEE4xS23XRLTX5+dz99PAzBf2F9TkYkFbllBxg4F8Oo5B4GDjODnnOK/Lu3VX8gFsga1qbAHb0MUoAJwBg+o6c8KMg/pT8OtWj1f9gzUIoLe7jvrbUoo7mC5t3ilHnXInDlSASNrffOeOjc5r80rRd10m5ThdV1Hq33T5EmQR0zx82MY7EjBqMPNfvkru9SS16WSX637dt2zprU/epu13y6xvZPZ31dut2k7vbTc8qjVn1WyDZaOK31Ugk9xI2DkcgA7TjscDkEVU8UPcTnWHkHmiLTtOjgZhmSNvIDEIx5HGSMHp0JHW7pym61nyWcJ5drqZHOBzOwyowc9RkckdiBklNTt5Vk1tJsTKkFiAqkszBLIkYK8EHp9MAZxzco7t2Xw662afK7Nb6XS3und7By3aW6k7OySs7K6fVr3u17K97o53SVvNCtV1q3JmeI2TM7AmLEigFGXG0uBwCDnkZPPPe6Xe22sz6dfwAC4TxDG00RKq8MhGCAuQcMTnkH8M1jCDzPAl84VraVLzTVKMFBUPtOSuM7iefu/XIIFYHh2OQahBe2E2b2DWXYxMQsU8VtHvK7CQGfapKtgnnHAJrNy5ouKT5JL3W/NRvpfZ/8AgV+yszSMfZVIWSummly73cbt3be6V7u9rdrns915T3XxEMuI5FfRlwASGZCoVhgY5yrcjnk4OeeZ16zEmpeA55ZUkSbVLiB2K5yi4OBj2G0A8DAAGRx1Wl6nYeI7Hx1fRyIl7cSaTG1o6kSLJEwDGJeroGBzgZx68kw6tp0k3/CCOyIf+Kkuo18vdjftJZQcegxgHGefr4ylGnNOVr3dr6ppRVrp3S2Wvmj3ZqNegne0rwd7dHKPutX/AP2r+qXgnjvTI45tTktYUe3/ALfVXJAAyHOFA4wck8ivIL9biC/1OW1i8qa3v7eSCUYzG4Hy55GQeQSeMck9K+iPGMJWz16MoybdeeUNg42xSqDjvltw65Pp3rxrW7TdFrksJcOs9o4dSdytjqQQO554IHPJ5rtpSbhzcy5Xq9EmrKO11or9OrV35eVWhad1oktVHTm00Wr0ej1v018r3h+aaTffTzBLubWoPtlqpCsm1NomAz0fgtlQAQSWGePpDQDl7uFXDM2lQyBgQQxQ78cjqBnJHfoFO2vkTS4ZhJLrHnEzWl5A3BJWZAMMjpkfMRgDI6jaTkcfUHha9S8eO/tInW3l0MpMGHzxyx/eVlBBUenAU4I4BNdEalrQu9Lb6ybfK+vTr5/gcrpWvOMdZct1qmrtXcrXt010V9129pdGj037Qq4eKawuY/TMxEbkemAff6V4H451aHQ/Fusx3VgLu1FvbkSyhzFAsi7iEba2wkuRgfiT1HvssjNoBcEYez0w4ycZ8z5TgYIByG9zgZBxXkXxU0r7TpmvXsUqm4F1bWxiYAkxiJTyfvEElsfTnHAr6Dh6rGOLktfepS0dkm24O0rq67tq27ODOKLq4FJ7qSmtbuSdtOuqTv1ul1NX9nC7TVPF3iJ7PSUsI/8AhGL6SNUZ2EhC58xicZLYywPUDHPSvSf2tNZ1Z2+DsN3FbyLN4SeGEFGx5KyHGcg4YYILY4B+UE153+ycCPFerwGYSf8AFJ3yEYAKsEKhVY85X0x6A+lenftgWkkFz8FFkEh3+E5RCchjh5JMN8uenXGcgdMEiuSpVhHi/DxUbtpO97R1oPRrqktddeZa9xww/wDxiVZ6pqolbt+8pu2lt76aXPJrr4nXfhvwn4Ynj02zS21K90+z2pD5vlQafPueQRyDy2ZyGySpGcDcQ1fUHw3/AGhdS0fXpLPw/qd1ZpqGoaYJY7uytfs7K6ru3KqkxqGJChSOBg98fBXjNgPAng4yOYhFrFygLZPyq5254BBLKVAwAcH2r0f4aXdtL4rsHuZg0EupaXHGwUvlvkGOBkdcEj265Yj7bB0MLOFV14xfNVqyje8VGU2krvR30+9+d38XjlVjKmqUrONOCaS0acY6Oy0XS7fW8u4/4sXU+reML66k1GaQyahqs08gT5WmaV5DsAG0r1IAAVRjjgmvZv2ZNUKeMrqItJOV8KOfLlLEBllbIBPQEnoOCQD6geHfEtvs/iC4tk3RgajqAVig+ZWaTDFRz0IyAM5+mD6b+y+JJfHepBSZGHheQEksDjzm4bpjGOg4HIwep8LiCnThlmIjaCio6SSvo3Tdk7u8XprpZ3el2ezw9OazDCyu03Jcz1e6p93yrTpa17+VuP8A2vLk3XjK1ea1VSbuzC7CPlHkIMnPGFPGByOevQczJpzTfDSymknjSIaBfsImcqQWuHUgA/3gBwDyDjr01P2vN6+OIUIciGHTZh8xAV2KRjOct0GemCOPUDE1HT9SX4Y6bLFEyAaFqDSSTZAaM3Ln92G4fJGcqCCxOTyVPpZNOFPKsv5oucYximr25l7qW2mzTV/PqjmzeLnmeZJXcueTbVlzW5d/u17nzxo2jWksMLRqm+NizFpVCsNpJ27W4wMjjIzjOMHH1dqmlXs3wB0eGzREL6i4DCXAAOVOCGJDFSQRngDnPNfGunatfQ29t5UdspciHaCoLEtgSMNgKnOMnkDqcAV92X8clv8As26BPKIhcDUJTKFlIBG/g4yMnZ7c4YgHkV9DOtQquhGCcbTTkkkrJJOSTSTvrrr52PnqVOcFJyd1yt3tsnrZOzTla7d+9r7mr+yFoF7pHiTUVuBDIbnRrpo2DF9rBiVAOCMjGCQwzjBHUV5D/wAFCtJWw+I/hKZHuHkvPCSzXEh5UEMAVjAJVV6ZA68ZwQTX0b+ypIZ9VuZtqHGiXWFR+QSxVWz97JB3An5j/F3z4f8A8FC7a6j8e+BTdRtGkng6Zk8yRmygdRyCSQMfdGT354Jb8/ztKPE1BJe68LJrmurLlhaLeu6v12u7PY+8wEU+EKnM7J4uFkrvS0Lp6Pz63SfkcN8Hfgx8Y/Gui+HLzwt4XW9029tZBp891cWsKXYjXa6hpmXAU46nPLYHUGp8S/2d/jv4c8KX+ueLPCUem+HLbX4LH7RBdWbhbqVwqxhYpSXLsfvqCATwdpJP0d8H5fGel/CXwhqGkeIWsrKDTpprS3UBvLTZ8zkk53yMQeoJBzxjBx/GXjH4g6p4MudM1zXv7U059ZsLpbSZWMRnaQMkhByGKHBOASO26vyurxfnH9p18PTjgvq9PGzpK8ZubgpRje6koqSUU1bstHoj6WHDGWrBYes5Yl1auHp1XZwVPmnGHLq0rxTb6Pv0R6D4H/Y1+KeieCtN8ceM/gxq1z4VTSpdXudWjuol83TVhDQXbKj/ACpt2lUwMhhx6+tfsRftGfC79lz4m6jc+LPhzH4l8O+K9OvraLRZdF/tPUtOaeULHPM1xC5MSqCD5ecITk8Cl8K/F343eJdB0/wVqXjbXbnww+lXFhHpFrOYbR7OCMlLZjnmJVABBwcDr8vHhvxa1OLSdQstY8Py/wBla7ovhMq8MaIwZ41ZTJI7n5gxzn7xPc9Sfz/GZjnfFMMz4czh04wxinClUy+dSjUpUudKKcm3aW2sVy3WqaTPr8JkOW5R9UzXCuT5Ip1YVZJ8+kE2ndJ/Fs1q9WklY/WP9pz4kfsNfEj4ceNNTX4D6LpHja+8HXk/hS6s7bT9NZdVliLxXUEcIRlnzgukhDdVxnFfy6eG5PFMOtya1p+lSacxN1pUT3FpLFbz5mZVjjmddk7bCFZo3I+XduBOD6rD8XvEeqpZaz4t1b7fLY3qxW9hLFstbiKSQo0RC4AwpK5x2HGen7kftVaH8LJ/2Dv2fdU8O+GtB07WLrU9Fuby6tNPtYb9riYM14DdxKss6SsU3BycYHHRT6/BNLGeGuOyrJJVMwzOGfY6FCjWr4iVX6nywWsefmVmrNxXKrpvokePxL9U4jwWIx1Bww7y6jOVSnKMW6kXKO7V9rNWd73SfQ/Emw13xpoX2ddU8LNdQwNKWlt3kYEyqSNoTIBIb7oOT7dKZo3j7Qvtt2dQGpaOs0DQKs0ZeNJBJk7iAeDz0AxgDdkA19KCzsXY6aTLF5SG5ZnccpLHkblPOwAAt7Y5HSvJDpOn6hfy2UlnaXcMVvPKJTCu4uXYMC20FtvAzjqNxGSc/wBc4WeJjGm4YhtzWimvtKMW0nZvRLV7PzsfgOMnhZSnKeHa5bvmpycNrLXf7rN77GjaeKPC934ntJLPXrSTTP7MUS3MuIZTdRocREOFOGJwD2PUnOAkV3DLpzzxXEMkZ11niaKVJGMZkwDtViQOeGORk8YzXFQfD/RtSktI5LRYxJJch2jZgwEQJXnIBAIAJGeGyeAxGMPAF0mnXlzaG5hjtJmaL7NcsryRCRkWTy9wUngkjjIxng898MTioRXtKUal7K8W1JfC0mvSyurX667eW8PgsQ7wrTpNqKtKMZbpcq0aslfy13tse3RMGu747WwVnO5hwN0K4yxznuPl7dSc1438UIwfBunuhUqdQkU9eATjPUgnA6juScc5pUs/FNnNEkep6hAjWxlYXUJmEvy5OXUPzgBeTwMZOevLeOrzxG3h7S7K/htp7N7ovbz25CkNnkOowxPALDHXrzkCMbi4Tw1SEqVWEnBtOVkleSa1VlZ2s7rfztffB4OVPEU5e2pVEppNp2aaS2W22nd6XdrH6O/sztbv4Y0tZmVnXRdSiRsj5WFkDjHUgk88Zxu5HWu0bTZ4S+p28jH7GkYMblsgTSFWCgknDYzz17EZyPL/ANm4yp4S05oAfPOl6kx3AgBBa7SynkFs7h3HXJzmvcr9xFbRIcr9otrZnZWLKzAgBePu+pyPfsAfzbEt+2m73u4qSWqWjtf5W+56n6bgUpYWK+FW0dr25rWbvfdaPVdF5Hk/jnUPt2p2M20Rs9i0Y242qY2A5xxkkAjHUjFf3CfsUSiX9kv4CvkFj4Kt1OOhwEGcnk/L8uBx+Nfwy+L2XNlIqh/3F2uR8owJG6KPX7p5P5V/cR+w1I3/AAyD8BSfmY+Dosc4ycgj7vGCMc9w2D2rx8+jbB0VqrNqXTblba6aN7pfOyOlxScFfmvUTvrrpFPR63vfb/K/1Wyg52qGAOBg9Ox6846DB7kY902YO4kIcFQCcg7gcgYHJyRg4OMnOcU0NtUjOCOT0JBJO3PHPOM8jgc8YIeAGA9RjkkAc5z82efmHPcDjLdR8Uppa32tft9l3bT636tpNXWl77xhbtZJdOmj1Tb8rJd7pbEeR6AMOFIB4Hcc5yRxzk7ucYJFMJy4ABC5O7cQSM8ZGB6gcHjkAnqameNWwNoGVAGcY47nOOcge3HXGKrlOOCBgAN69RkgEcZ+b8x0yKuM4Sez6Lzb916rTTb17Weo422te3XayUXfyVrWT1uvW6kqCORkDcWGDngDB4/h5wOcYxgHNNUqWAz0bk4GcYyfboecenXGTUjRgocYAIG4DqxJ4OcjLdM8cYI+qBAAMckADIPrtUkAnPTqDg85HpXRDyV3o9bdXF6NK3ffa11J9c3KK6r792mlo7aLd72Vt1ew1h1AKgHdkhSWIH3Rz69Mg546c1CYwVBGCR0DHgknIBPX2OB7cZ5sMVyoUMdxIUjgBQOevBBxgnORjvgUhB5+TaT8uD7fMG9Qecn1GTkZJqlLZ8vK1p3s0o7aXd7rouvYSb1e/by0i/yata2m3w3ICigHgbsAHAwB05wMYByAckcnPYASAIBkgKCFHJ3ZKkdRk4I5wMDuMZwKXGH2lSdzYPXsM9yAB7DGMccdIjt/hH8RwCc46DgD723n+8cE8c00779XZLS97pLrbv1+z0Q+aNtX7tr9n9lLTW+/fTsloK0e8k8YLKYxnGOnXtzwMEY4HAxgVmiA8zAxknHzHBZeg65GedpBOSCc4PExck4IztbGMkkDnnkYweDyfbPO6mPtJ3EZBY7l57djkj0OD36jODWyc+u10tr72631Vuq3d9m7KZS5VzWXWydtdYvTulZPmXa/NqRBcEEYAICnPPIHQ59Tx3IGDxnhjJy244G7A4z1wD1JwB2znuCamUFiG7lixB6Eg44GMHGAAevpzmlZMnIxnIJ7BiR0ABBOMZOAeO5obte26SjZLS/lfTR36K66uyCcpSjHlXNZ7pO+nK+aOqez2tfftdU2Q7i2TgYbIwMEDJPHII6AAZye2M03aATlSwAJViODxk9e4xyTnGCeMAC6EBx1JJx124x1IBweMc8evrzEV5G7gZPHJ4J9RkgnGDu6E9uKhat3jotG+vTayctE2tl11VkEKrdovWy87rZc3Xpdt3Wz8kViFYjJ+6u4EA4JyWJ2nqR0YYySoIJAFJsVsnj5gfmHAI54xu5CgcAkqccg45maIEDgghT1bA4BxyR+oyM5GBjNCqNinGSAOO2QTgdwCcgdhjkcA1okn80ny6X7ptW+T6b21uau+jta+ut9NUl03el09Fv9nWsEBZTn0AUNnBXA5XnBI+7xk8ckUvlgFmALccH5ge4Izke+B19MdrBCYVSMEN/DjjODknnjqPQY69TTVQ52gdCQDnjBwMdRzuHc8bgTxxRFO+j03u1ur9eq6v73YNF7q1b5Vpe1kl+CW6vd3Sv70W6yxn7wAOV4OfQ/dHQcDpyAePbYvljYeO20n1IOSfQgjjvnpjpVvyzxhh8pbOVxkYLH2JzyD09TwDUbISrHIZSD8o4IHK5JB4xjP1Ge5ofLo1a72b76fl3urdrkwi07819uq1Vo66K9tt35fC1ap8vHyttCHn3xg5x9OMcgYAycYiVSBuPBKlQoJxn5gBk4OCRweOu0cVOY/mUFcKQMYIKDPf1JHHPY554ApjRfMw6knnLEggE52kZ9MYOMFec4JIt73u9NkrdF0fXTddHoVorNyatZdld8q95b3e2u1+jVyLBJBJwdpxz0GBuxyMEgFsgepxtZSVQryWyevOck9h06AYIAwSOmCRgyGHcOSdrMc/h0GMkhRxyAGJyMnbmmiIEc+5xkA/LwrYwo567eRknJ4wasmk3r+WtvPfX1W3Uh82uis9ZPWzdoaxT3Stpqr6rdaoMgqQ3GTHnOQp7FsnoQOPoeh3GplZWIYE8ZBOcEYONuMnPP3cA5x1FReXnIOMAhuMEc5OehGT15wAefUlSQhIweMAYySCcEjIz8x7c5xj+E1PKl0T1Sd/lsv+D5a7EK777Wei68tnbfe/WL6W6t7bTtyBhV4GMA9PlI6ErzwfT16xbA5I5DDJA47AHA/LPIzxnNIx4LMoB3BSd3QKDwO/TB9gM4JAwokG4gqCRlec84HDc9iScdjyecU0nZdraW0drxvrd20e/pa99HFyu03FPRaO19rOzvbdWabu7ta6DgfuknsGwADz9Rx90deAORjNIx4UFlABOcfxkgkHryyjOT1wDk88N+ZNp3YOeQuO3OPYjoTyOR6ZISXHOFAc44GSAD6E8YIBwTggbuBRpe+ul+77dFpfppfZ31HGDdr3Wiezat7umklK/e9vLRNuL5mK7W/hcAjAyQBxzjAOc9D3+6cinhjuYl9xyCcYPbjP5Y/EDNOCDbnGBuAJznuQQcc7SWPTB6E57tkV/vDoQCB2Ldh6YAzwe5wOtJyV/LXW6/u7b7duvmzO6a0bs0k+qT5YvbvJpO/n33UOoXb0549cepJPQZyOPTPvCZFdiVJyzBc4AAIOecDrgjGcgEnsKccgDAxkgnoFwO3fryB04wcd6YQRyBgdT1ySexGM+xPOMYxinfRW3sr6+l9LX2e/53Vp95NXT2SSto/h0s9Oqbvfvy6RueaoByx65X0JBIJyecj35555pAw+YlWyrBiTjGO/TAKngHnggj6NZGHLANtGNq/mAuOO3Q8jp2oKHOCR/AGPzbgDuPHykDGQCOCBkk5PE3el3v+ltVe1k1p3vqtynFuOie937rslbprZ3306Wu7JDncEE8kAAAjnj1wDknoQe5yBzgFdwY7sc4AAYDtjjgZx3wc4wAcYzSCMH5ugBJCg9cqOcYzyfm59DjApTFtIBI5IOQTxuGOPXjHTjjr81WktNF32T7XfZ9PIys01JparrZtNNarR6X0v3u77oiYZ6ALwepBxxxg85OGHX8+MUgQEgna3qc87sDr0JIBJbkenOeHeWQVAAJUEHsehBPc4+Yt0B7Ec5o6rgqvHBJBzngjkgDOeOTtPXgZIJNpptWjs2l2svv6t6Xu+o1FJars9bpbxS27q9rqWq3S0dYBBgE4J3Z554wcHH8OBx+APrUbc7uFPIG0N1B2/3uwIC/exgAnPWre1CQxA6Z54UAckc559c85xx0qJoEGeANw6EfxHnqQQuQvHbPBx1pJwTu9366d00ru2+l77a6IcNEm0r3tu3ZtJ9OZJ66cysuqasVjtY4IwD124O0KQSpOec7cdSR6DApWVCM7SAVwSDgknAGPp3OO3XByZ/KK7V2qxAG07uhPY9CT1BzyDn3FMMfJGEUKQpIxkg8gAjqoPU57da1XLaOj0S5bO94+7bS91ZpJ3+0rrrdct+i8+Zeje7SWmutpLv3rFAqYI3ADB6dSTwuD3Ix128ZGOMxOhAYqv8AD0IzwFxgE9Op246c9yM2vLKqQSAcBiPbtyOPQjgZzz3qFw5wQeF5OOhY9eBnPOMEnA7HsZWqurK71eiW0dVfrpqktE9NWT7OTdmmlvaK2vZXXXVLZta/eQMPk3cjIPBIIJwVIIPzcnqPu8YIwwIicYBA2ngAcDC7snGSBx6geg9xU20gqWII+ckkHGfmOMArjn369CASBGYgNwwcMA33ueowckHk5PbHI+gel2k/5bxtrZyim3btqvJ3enVKPLfW6TSTV1d6W0b7rfd9VfQaFJ6jOD8pHoAc5JwOeg644wDnhJNoJ3cZ3AYI6ZGDkcAKOueox6cSMuMAkr6qewHQ9cc8Yx14OSaicFQCWHrgnjgdOOuCMYPrkYIG2YqXMmm7apbP3fdtd2aS2ei66O7BLsk09LNLpy+t797O60u9LNIBODgKDtIHUDqVOQOPTHOOcYPLgwP3cDupXJI28bdvcknnODxxyahYjgsQGDHGOQMYJyu0YBznPIx1yQMrgnbzhVI74OTkAHABORnsBxnHc625rNqzW2uu8Lb72aWuj+zZjSXWKv030210t26ry9ZC4Uk5zg5b1ZgSAq7TwevA4znFKzDgDjOQdwzhepx64+nB65qIgliAyjB3Hk54HI4BAx13dP7x5FRseBjgr8/zEei4BHPPXoASSPcqKLjZ636rTrZ9loraaXd9Q5ebS1uulvS3XbT8NdCRshcZ43DBPzEjknuOvG3vz0HFJgjOCCMMfU4AOOB79MYYc5+8DTAM5wwOw7hgYJOc5xkn6gZzjsMgOUjPA7AHI5AOGIIAwSW4BPbuDwNPLf8A4Nun9X6kOD7rfq+/ZavvffpcBtGCAfm+QjqW9vfGcE8HHuDTWYLzjnnIOTtXpkHDDjJwRyTmpOMt3xzkc4Y8gdvunOT9CR0pADnABOACCuB9cE4BxnkDgEcHrVar4VrZLTo3yvXfftvrtblQuS7t0aT67r9b9L6fnWEh24OA3TBXGe4xkdDkZPUDHGMktGGY9/kGMEHBXrkkAEgZIA9eg4BmePK5OCQSV+uSe2c88EZHv6NXc4z8wYg8kkADIHTGDkcjlPl4yozlZUna2n/Bdndvd6r0t07tU2tmrPfy6ffa3XZ22JApJKlhgDI/hywJzjOOc8HIxn5eehCAQFOGIGdp4HQH9R1HcnjJzmBZAuOMkYXODgAn58DjJAyMsTkdCDnMu8cccnOST04OB+B6cDgd8k0Xe2+lrLe3urey30Sv8x8um99Laet3fVLv9+90R7SWyOpBBOMAkZJwWx6YBABJ7c5ppjJ+YdTgHc2GIHQkAEheBtxwO+OlSNgDGctuAxhef4hz0IJ5OevzY7CpOWYjIJz8xAAwD6YJ4A+7yOx75M3qJ6SaXyezTv066/J9yWtY6W1tZ79OqV1fS6+fY7Lwp/qPEBLD/kBampBBzk2j4HAPbpwcjJOeRX8J/j+GQ/Fb4nOCFWL4l+KiTxkEalcMMkAg9M98njg81/dp4WBSHXQMEPouog4OetrJxuxnv07cfSv4YvHMDf8ACy/i4jxDDfFDxSFYg55v7gkfL1yQACQAWxk+nJim7wlJ6R51q0l70oaaLR2St52ejuz6LI0nKvB6p+y2S0s3ay2TfR9L2Ol0bA0hpjG08cM9reSyFT5UJeVYiGwOrMwxgZweCOK/KD9qme7tvjJqd9atFDHAqs0gVWlRS3ziIHPzkEBWIJBIOQeR+r7X32XwzY6VZuizag1ut4oU5EMV0rqxxnjKgDOQT0yOa/Jr9q6UL8T/ABA25QVEcSkjgM43AkY59h0BAGOK+04Upqpk1d7xeLfNHVO0Yx+TTV/O6ta585xc+TOKdlqsJTaemicovd3u0uj1121Pkbxb4vlhv5LaKFIobmIl7m8Y3U5D4OAZGZkbHYN8owMDpU/w6ksb7Vv9MtI7sC709VklRSFV7mPcpyCcknHfjI9DXmHja4ZtU3OxCxRoSzdSBjsoAUc4AwOegyAa7T4Y6latLeNcDaIprFlI4JZbiEAAAZIBGc9zycnIr7CiqdFwUYKMU1Zy0uk4uySu1vorN637nxld1JufNN3tyq7Wq3e2tnyyTulZq2p/QjqF7p8vhr4a6FY2qW8VtrujOLe1jjhgVvsu4lFjChjuzu/i3E+ua+h7HSpp7ryPIBDlSXJZsHbgAg5A45yOB0IwAT8H/AyW88R2Xg+e8vZrtT8Qlhtldi2y3t4GAX5s4VcAED5e5HANfqxp1hbW8Q8uExvvIZyASx645xx2ySx9+ePRw1WHPiJU01FySaem1rt62W9vTzPFrxlClC7TcYy6br3W+ivpZOyfo7WOKm8N21l4e1qWdIiyaTqUgJHf7LKSBgZI9M5xyOK86+C2kpP8M/Cs8UTBpVujuVclVNxIDxwTxgkAZxxnjn37WbQDw7r+IyDJomqKOMk/6JMNwIOMcHJPTr6V5v8AA06fpfwi8KXOr3lppkKW9zK019cQ2q7DNJ8wad1XGB0BPHQDmprT5qkWvd9zR+b5euiTVtXv5XeuWH1pSguaV5paLb3dHok+re++vmekwaQ8cSsowBsGAMsDgg455H97OSckjGSa811bTFj+OvgIZJx4S8RLgDjJSLGAMjPtntzxnNfxT+1J8HvCgmtINZfxRqsJxHpvh+F7yZ3Xgr5sYeEszcZLkA9O+flzxD8cPi94w+Kng258FeDYfBkd1oGuQ6Xq/iLZLdeVII/Mn+yHKhlQAqHAOTg4AxWNOrJzi4J1GpQaSd7Ncrbvpb4ra6Jq99Dpp4OXvOaVOLpyTb0bTilfSzet2/Juz2v+g13a21lZtdX80NlAuHaa9kS2gUKSdxllKoO3fPQnua+G/jb+0L8PfA/i/wADTaVqB8Y67YzawBoHhdo766eSVUWMNcR77cBmyGBKkHBDDkVzes/C3xt4sL33xQ+Imu6vBLM7y2pvG0TRYweWBihdIGjY54bgKQu3Jr5p+Mfjb4JfCHWvCkWjyaTqeqWsV2kul+FbddS1G4kRVIWa9thIvnMR8pZwe46Gvani6spU6dWUKd3HXmTkknFvRLddLWfXbQ5IYGnRjOcU6ujW6SbaV1fe3e6Sa1btv8jfFD4i+JPiX8bfiT4rHhiXRLiaay059J1GVTNp6RBHQOyfKWYNuYDIViRjjFcbqSeLWS5c2unwq1owZWdnbaBglcEnPAwcYIPBqCDx9q3ifxz488U6N4HujY+ItfWYW+pziGaxeKJF8qYu+dzkEsG4BLYHp276t4yvHDQ+BdNII8l/N1EbSpHyAlSSRkcNnnPIHU/bZa688BS5Y4qopXXNCnJppuyalazTS6N777tfm2b1cvp5nN1XgoSTp39rVjzxbjH3eVT5lyu1rrXd2vc3fhinjiDSoRarpccNuqIXnRlYhn3Z+ddpOWwSB1+U5xg+UtH4hvPGHi1pRp8btrZS5Zgqq8pjBTyggYAA5yOM5+UgA16BY+LvibaWctnD4T8PxwRSeUqvqMincGJUEqFTqQBgAEAgV5hoz+PJ9e8TXC6Lorzyaos9+rXcpjt3EYwsJC8quACTjAzk5ODpXp4mU8FGFLFpQk2n7N8zaSbdmnpvtp32N8DisohDG1KlTL1CdOKm/axXM3ONuf8ABer8jvtP8ParPHHbzPZfvbk7gguCDgghcYIG4dOfmHPXNe13PhnxHp9tYSxppsUfkwrEGkkOc8IHzkBiPm7859gfJLPWPitYiGSPTPC7QtJGUDTyySKwbOclTn5CoJ5Ixxk4z0eoeLvibey2++x8NwwqFiEMl3cFXuMZBB24GWycEAY45zx6/wBWxsIe4sbOUoq6dNqKuo6tybv0TSVttND5WvieHpYqPPLLYRjWi21KLvdxs1ZK689O++i8Yi8K65qnifxcwjjBGrqty8dyArN5X/LMlyUA46EDOSCTlqluvBOsCUxGKZQTgySXLbAc8ZKu2D0IOMkAtktWn4Sm+IUWo+K/scPhsyPq7PfNPJJJ5dyUyot9ykGPa2OeecgZJz2Nzd/FqZCs1x4QhhwoKrbAvg5GSTGCenJx2OeWJPyEcDms41JuhiHBznyrROykt00rJtvV9b7n6THPOGaHs6EsXhFONOlFrVtJU4W3S0tqn2s9bK/md54O1AwSxxKsskVrcM7LeOdqiNySVVsk9RweTkHqxHU+AvC1vN4T06ZrW1leNboO8tyw3sJeWVc87APnABz16gVVvY/iIn2oJqfh2Lda3L3BjttzND5Z3qvybgTkgEA8sM8AgL4H0DxxP4RtJrHxBYW0Bku2ijayjkky0p3nLDcV3NjGSPz4z/szNJ16alhqvPySaUnBJRTgnq+909979C1xJwxThKq8TQ5OZR5oxTSkk7L4LtvZNbdG+noDeBbYW4OdNtGaB5ji5ILlMsFXD4zjjnucZyDnzfxD4eig0PULlQxZLO6fNvOzhSAVyxySFxzjBIyM9BXRXvhT4hzwxFfEtlJ5SZKmwRRjODtODhRgZHGDnpmuT8S6F46s9B1CY+JLVbcQym4hSwSMyRCNg6kqNxDMOBwBjqSBia+U5pySl9TnFxg+aSlDvHs7J2eyXXa+6o8S8NVJxUcTRldw5GovduDX2bWTbSu130e2d4e8LG/0TSzGL1ZLiwQjMlx5LbhwUEZIxjJYEAjtnOR6x4N8Pf2HIkd9Y32oBtro6Xd2nlEDBH3iOTzjB5GGAAri/BnhbxFf+G9GvV8V6jbxSWQ8q3gt40WHaAoC7sEg8fMCSMYPTNd3p/w71yPEt1471oq6lzGiIu0k5JyCGwBgnBHQjA5J9HA5bmMKEV9WjV5o+65Sj7i0tdW316PrrbRnj5lxJw7KvONTEuHLOXPywlZcrjfmemu6TSb0fW0jR+I9vYDwD4pMej6gsr2oAna9uGSLfLGBlGbaRzjHXJH8VeY6Z4K0abTtMll0q9Y/YLUyBp5T50rxbw4UE4xnI7c4BNdR8QPAVxB4G8RXJ8V67cxRQRyNC8wFvNiSP74D5znBGBk7TnpWBZeC0Fhosh8Ra95t1YWzEC9ZUQBVDBAGXYFBwOpBPbJA6sNlWZTxzisJSb9jBpSqRSs56O9mry7a7N2PLqcRcNrBqdDGSjT9tKLfsZNufLCSSTto9Htb5l7SvAWgSXNx9o0GZ3UnyVM8g25PO4bhwc5IwAOCRnra1bwRo1jq/gGOHw15Bv8AxGtpKXmfEyOG+RQxGN4AOcD2GCc5WneEYl1eS1/t7X2XzQ0rNqEgIRiNwXa4IJbBBB3AcnGQB3/inwLoenS/Dtk1PWbm4l8VWsNz5+sXEv7hgdzQ5lKxOB8qumCeuMgGnmeV5hSw8o/VaMbTprSrGX24a7Nr5Rt1Fl3EvD31qEVmE6k3Co0nScW0oNtdel3bTVK2p1+rfD7TbW4jjfw/pqGN5G8qW4jV0jJ4LFSC44+8ecDOAGrMtfCeihhI2iaRBxMZC11Dyg4UqS/POeAeOxGeLni/wPokPiDbb3GrNbxWYDLLq9zI7ZDFvnZwWwSRnJYZJ7HHMR+C9EniSJI9TlYFgN99MxCjB4JbqR97B/E5rGGUZm52lHDQ5bO3PJt6R0ei9L+XUirxjw4qE5Rq4mpFKS+BRd4qLajdu6T08tb20RtaN4Y8N2nxA8C79M0VIZIdVaUrPC4OFXYrlnxkgHAIJGWHGVNfpv8ACrwz8P7RY7u5sNAlKxBjAz2keFBJIAZhuDYG09Dzjn5a/Pjwh8L/AA9J4s8Cg2Fy5mmnMomuZpcr8uc5JMa9flwOvQ4Ffqj8N/hf4UjuY5LnRLeS1jRAiyM3mMAcDO/aAv3vlPC5ONuTU5hwjjM1wNTDOVOl7SSbkrybTSje6Selra9D4Gv488L8H5pRq1cNi69SnBThG0FZxldJttpJu+tnbb1+svh1ffDe20a3uI7bQrNIrk+azvCFAwflVY2JI6KAepxxg1+vP7Kmt6QnwWm1DSNub7xFd22lxQByksrqUEq5HIBPJ6AYH3uv5U+EvCvhK2ht7K08MaZ5RlJ8ueGJlyV++SWOT3weGxjnGD+k+k+O/DfwJ/Zquvinr0NhpfhTwJ4f1PU44UKQw3ursJltIkBwDNNMERApLEjgKQCf5n8U/D+jwfgsNiY4pVK+Mr+y5VCyso805Nv+Wyv3b73t/Tngt9JCPjNjMblGGy6phcLlFCGIdWVXn5pKcacIpcqS3u3daXTW9vyV/wCC3H7TUenWfhT9lvwnqQkkcx+KviGbeX79/OMWmn3DKeGgkxLsLfN0AAOB/MX421ddL01oRPi5nHlv90N838JDH5VVSB82ML1ODkfQnxf+K2vfHX4reNPiZ4juJbi88Ra3e6wZZ2Zvs9k8jrp9spY7dsNs0Y6AZC4AIY18D/ELW7nUvEVxaQAyrHP9nhiRsyXE7HCBQDgsxIAUdQQAOjV8DkGCUVTSSSgozm9ryfK7t223tft1W/7XmeKajJK7qTfJFdW5ON7aJq135NJWdrHo3wd8J6X408WPf+LZkg8CeDreTxJ4yvpn2wHTbIebFpiuMZuNReNYIudxZhgcAHyv4xfFjUfi5491rxhcRyWukqq6T4S05mPlaR4b08CDTrWGM4CE28cby4AEkpZ2HzYr0b4t3H/Csvhz4a+DNpN5XifxXHbeLvifcRHbJBHIA2k+HJZE5EaQmO7ZM8MWUoBXzUlt8xkQK0ca7Y1ySCMDHyt1AAAAwR+AwfssNFV6jrOKSVoUk19lNXkkv5n5O6tofO4uv9WpqgmlL46rve82lZOzu+XR279Oqga53oECqpAYyOwC5J6EAEEg59cEdT0w2OdgoPmbQAQRtJHy5xjjGcgHGOTn0ybv2ZFkZioVWXDbtvLYCgAAscY6jKgfKcYUVXlVIUZgrFgQAjDcCMEAkMSUx3PXHPHQ+5To2jH3dVu7Ndmtemqu336K1j5ypi5SlJc3NZbK7stPK+u/XfzdqMl1JzukYEY+QLwynAGeuWIGTn6nHFV5ZmIUhxhiCy7SMAE8c8b8nrhTwBnOc2JJNrFgjBifvLghlALDAJ4XOQCM8dOeargCRfM2ECTOABg8cMMjJ5OOeBxx93J3jBpK9lt301S73+7VrXfUUaj667P7Wqutvyel9RSMADqWbKkDcdq8E/L06kknnJPbNNLne3lll42ZOPu7MEYxgc+464Yg9J1iLLuClTgxsx/ujgg85+b5iOgHTnoXQx7Y1+U/eIUAEN83GTkAkEZ6D+I/UVOCnZK6t1S0S0Wztptbrou2lRxXLJJfk1u4p6tpdF0a1V7lN7ZTmREJzkjPOMEhhjAwAcZyCQTxgZra0PRZr64jZ2EaqS8khJZI4/ly24jrjIGTnqRyBU1tp0kriJAGO0M2ARtyQCST0xn5s4BPPIFb07ra232CwJUPnz2xnpncS2OFH8P3iTwSepy+ryjK6kmk9U0t/dV3darpu22kk7ahUruW1ldqz22UbXsrq19LO/k+mZ4n1XzIBoulMyWNuw+0OG/1zYDNuI4K5yMfNk8dMGvP3sxICgbamU+U4DvjJ69QAT9OACT1rppISzNDGxaNCHkkHVyud2CPwAUgcdRjmqkttJGd6kLlQArKe/y9QOrHOQM4G0e54MVUk2oXV7pJWb7f8MnbfyRthKb1qSh0vrZbWbertbm6fdpdPAitniZgzfvCpYAjcFUcAkn6DvyPpx9tfsn/AAGi8UXS/FTxlaJP4I8I3YuLHTLhdr+KNbibdBbxqyjzLKFxunwMDADE5ZT4r8GfhPJ8UvGEWlXVzJp3hqxK3fiPW9mLe1sI8M9ukhG1rm5AKom7dyx64A/QmLX1sGGjaJCmk+DPDNq2neGtOiYxpdiNTGL24VF2y3E7bmeRgzYIBPAruwGSzxVGdeo+WmtEno5Oyta6Wlut7PTQ8fNuIqWBr0sFBOdeotVFpunGNrc+jte+iWtls9D9AvBXijW7bwn4uv0e3WbXrWKMW0ckaWWlWBjeOCBEUjyjCgIRIwOhJ68/lJ8fV1G10BrCG8vj9q1K4nlZLl5IXR5WyI1LYC8ktkAkcYwAK+zP7X8T+DPhEGbTEa48QK1wlxLK5kS0UMVlVeGVVVmwWwATwck5/OfxTfa7rcc7zM5i82RELOzhFZiWKITwWIIJxn0FfQZRkNPC0KlT3J+0bd4xu4qPK2m+W6unppZO9lsz5rE57icVi6dOLlBQcYyi27PmcU3rFW1vaztrroeFwWOn3viGVJkW6Sz0+MlZGAZpiP4s5DHOFOeM8nsG721jsZJ47F7O1ii2K7TOkKsExgqOQOny8g4HPbnzjUNN1i1ubm8t7Vit6BGrhH3o0ZIZyQuMH0HBGDlSDWK3h7xJfJJfXEt0oGY1QNNuYAYXgY3DOfTr14zXqYZXj8LdrpprlfLfZtvXRqzs9GnfY2xOIbq01flXuXabdo+7fbyevz33PebvTLOa7W2trzT7e0MI3+d5BZtvAKEdxxjOBnjgYNfYv7Hngn4Gamt54j+MNtpV3oWjeKH0a+Go3EEBNvqKRQ215Dbk5kjgk3OWCY2nqCa/ODTPB99ewqbmWdCGCK3myF1XAyNp5IPckEk9eQa6bS9K1NYNTs1kuWgS5jRDNLLHDOV2opYDGXGMg8kEKBuXAPn51kjzbB1MJGtUwsq2irUbqrTXuv3FfRqzS+56np4LNKODqRxDtOMGnyzTs3Gz5bc1klpbR6Kzuz+o34i/DH/gi14Zuru/tPEOnaprsel6MdK0m11G4awluWhQ6lAzRgqm9iyglsxk5XI6fjn4i8Ofsq3vi34i32r6npOmeHZo9Wm+HuiaLcTS5jjgcWVvfOQWebzAu0klc5LMQRXwFqPhHWTsbzYNq7HJLszgsMY8wl3HHBwOV3dOaoy+GLlwiZVpAjbHV5WCnrncMbc4xwWPy8n0+Jyfww/snEVsVV4hznG+35F7PEV1KFJQ5ZuNOGy5no312ud+I43VdRprB4VcjfvKklOXMoLWUbaael7qzR7j4Z1n4DaXLPf/ABB068vprG1RvDul2DqkNzcrMV8m/eLkARAdeDznGa8abxv4In13WdZvtKuCpvXOl6as7SwR2Szb4rRsE5ULtRmYD3OMVzFv8Pri9iaWS8MY81ldPnJ3HO3HBJBJzuA525B7GB/hoLZm/wBOyWyTGS6jOcZyMg7h9PTA7fc0+HMEpNzqVqqnBaSq35UkrcitFdXe+rtpe+nnR4qrcqhCnTgoNWtTWqtFWvbXR310V/u+qf2ePi/8OrX4reEr/wAUTjwd4TsfEA1LVJ4prhpbaO3jzGkZjJMaFgMMgUqTkHuf26+Av/BTH9m34LeOPElpdarr/iDw1rOszaqt/pVuZGu7Z42VI5Li5HntMHwWLABwMZJwB/M7B4BNl5mb+OJpDlVCl/l9SWIJ6+4HQ++zp2mrAGIvlkki+RWDNGEAwCAqgDjgcHoRXyWc+GORZ5WjLFVMRTtT5HGnVUHdT5783LdNPrd6b6Ht4Dj/ADTB0HRpQpvnanLnp6PSKsrWSXlbV72uf2ceLP8Agur+yRdaLb6Rp/g3xreNsgWHURBbR3MEMQBKK5wQSy4IJGeMDIzXj3iP/gtx8I7fwXqWi+HvhX4huYrqQXT3V8bWJ72KKZZgksmd6yAAAMDkgqOuMfyj29lDNukk1Jo+QN0d0AADwSQ7BsAHPUtgdMYFXPtKFmhuNcY24UR7ZJ45F2Lz0Lc8jhh0IU4IUgeZHwW4VjUpznWxlRxioxviU2krK0nyq601dns+j056nH+bzg0qFFXldyjSb966Wt3ezs9rvz2P288U/wDBVjTtX8aax428K/C2w0u7udX0TxPpxvdUunex1jRbQ2EMfl25fdFcwuxmVsjdwOOD82+Nv+Cv3xz8V634vlvNP01U8QmazvLVNR1IWNtp75BgtImGOcBiSMrtHHQ1+bWnX3hLRPtUqeIIluJ1UKTtlVcDLKoDEHrjJ574Fee6v4j8OyXd0Yb23kgmkJaYxlHYjIJBXoOCM52nGAc179Hwm4HVWFatl9DFV4RhFVMRN1bOCiopXk4pxSVpcnfVHnVeOeJVGNOjWlQpXd1Tha7lyX963NZtaej3R9yfED9t3xp478B3vhJPCejRQz2sNq+sC4vJb9I4yGkhTeNm12Gc4z77cCvkyXxx4juYDMmg2sQtzEULNKGbywQTs4dhkkkD1OeQBXEQ+PvC1nbPayahhMBQscZ3FuerEZJzxnsD7LVp/iz4TeOJUmumMEax4EHL46kMVyScAgNnJOR2r7nKMiyrJac6OXRpYWnNxlOnRUUpTfKuZpX2SV3ZWa0TbufM5lmWYZpNVMdCriJwjyqVS8nFaS0fNtfXotddbHo/hf4l6/pk0eof2PZpcWd7Bfo7G4VWlt5BIibQoygIAIyPlwCeRj9TfDH/AAWZ+O2iJ4ch1H4YeA9Vh0LSE0i38+G8jkmgjTygzyRx5G4AA7RyeDxivxXb4r+HY2keD7f87MWHkhwCOP41JADfN8uBzuGflNPs/jJp8ssULpNthYLG7QopOSFGdyknHPuo5AxXLnvB/DvEccP/AGvSo4tYeTlSdSPM4SkoqUoONrKVtXrfTcMtz7NspU1gFUoqqo8/KtJJNWunK60d9b3b3u3ftP2kfir4j+MHxE8Q+P8AU9Is9GPiC8u799FsWmNpaSXDZaOMOCzDPIIBIzk+leFabrjaXBO81vPZKqpJHLAp2K6FjucMOcEgjHPy5HQ49B1/xTpHiHyyssbTIHkQJti2uQOG3MoI6g9cEj6VzLTxXdr9mktwYmSRQXQEMQBs5GcknlRuzkY9j9Ll2V4LC4WlhqEkqVKlGjTpPVRjBKMU766WSTv63Pmsbm1aWKqVq9OanUm5SkrpuUrN6pJK91ZJ6dW91k32t2mu3tlfTX8V3cyv++kuQEdVI2gnIXLAAdRnJzxnDWBoNtJfzXSpHNblAySQyISpYZMhRSQMHoDzzwMc1Lp3hHTbrT7oXISC4SGSZX2HdEFJ8sAHhSeVc9lI44wePtfD+rRGc2lxeRIhZQI2ds4LYZgG3KmBkrjGMYwDmu2FHklHlgpL4oKNrKTils0ru6va6d0mtdTzKuJjiGk6koSbi7VFzO9ktZJuXqnre19Ta8ZaLJc2Wnw6VM8htt0hDDyz8o3bj0zgthuSRxyCN1dp4b1m28PeD9NivJ72HVYbtJwbeZoY5UD52KA2GKYDbh1z1zmvPhqHiO2s3huoheRQKyhtoSQA5yA2AWB4HQHPIPesldblkn0xbu0m+WVV+zOpdVjY8EFhkEYzk87TtPqdJYeU5xctJPlcVK/Lpyq+rurXdu/luFOtypRTi4RTu4u66J3Td+t3t2Xl79b+ItX1/WYyfLkt57y3kjhUcoSVHmuV5HGCzcbmJyCAa9Z8YWzWVlpczJISL8bnA3KzmNTlcchQflHJJ3DPPLcppui+B7fwhcaxYanJL4qfUbWAW1vNFFvikwPL8p2VlEbH7ygZIwT2Jr1hrVgsDyazcz6ZcXMEMKTAk28/lrJLlmJDLztBQnOOOMg+zVrVKODqxmpSjyRTd00tVGyV9ElZaq9rux4lDA0cRnWCqU60acqVbnVJxlzN3Tbi+0r6LXpsz9N/+CU4ll/bO+B6liQPE8ZKYHBLKcggkY5J4GM7s7jxX90njmMDxBqm4bg07ggHkdSW44bJ9sHHzdzX8Kv/AASiKR/th/BVjcl1Hiy0RQevzOo4zg4LEnuMD2r+7Px5n+39TwAR55z0yF9jgZ4x0B6AEgV+Z8RP3sKk9PZyfZq0r2vbfS3XV6eX71kycaM4uXNaSV9ukUtO6SS2s7K2tzgPlB3A/LhTkg5ABBJLDcCe/HB46CrI+6QCRgAg46EnkHIz0IwM9+ctTIwMBAvKDcTnkbmz0z9eOAeQM4GJ1G4k45I2sV9T0ODjsRng4PZsEj5rt112bjtp3tfbz0W1j2EpJttO17N39H13tt31eoi9QAvXBJ4yemRjqQeMjrxjaSMmwCELbc9AVB6MD06tk5HGMgAAsOSTUSjG3cDxuHGOW9cjIx0+bJxkA084CnJHDHOcY45IznccAYHXPHarUrdO3zXu7J76N2Tto7u71LtbXe/rptpdryTstLaaIsISeq8KoLYxwTjOc8sME8ck4ORSlQeSNhxlT/EzADrghsD5j/FgegOFijwwDDnDEEgkZyQAD83Axzg9OAAQatKSc7vv5OSeRyeMFiW/DPTvzTc+vo35uy737Nt2t83cmzd2/nbr2u+vXdLra1rjdrFuCpGTuzgdM4yvrkcds9CTyGhQ2ASRhT8w6E5wBz3XjntkAE1Kw2kgKBkjkfw7uSOuTk/xZGD65ApjMVYZHyhsDnCYO7AHfABwC2OT97gtVRcWkrpNJ9XqlaztZu+rVvK92t2oRun8Nl0b393yb1V723stEOWPkAkdCCMdH7dRzj6j0xkmlEQyoLckHIweckfKQB16Dqe4J7h64yPl3Ehj2UDpjOQctj6E88ekgJ4DDkDHGB2GcYwCeB6dz6knMmlqu9np6/l6eZLTf8vbsrXja/lo9L6XdhojUZYH5sgZPAGDtJ25OGHYcn+dO2hFJA7hj3LE8k/oBk4x14GDTmxhhwCSCcY56EkH1GB7Ha3fmhlBDbhjdgFgM4GBwRwVAx1A9M7hjFJ3suv67PprstdO/mJRV7N2S0uk229HtZ9Lt22t6XjAUZKsDtPPHTOfuk9T97uC3PTBIaQCMAFgcZU4+bPTOQcYz6cnbwc5qYorR7SoEm4Dg4HOCf7uCCQcd87j7s8sff2/IRhiGJO498gdRkgDoc+/ItU9mm7Jb9Vto9H57+aSE4pWUba72TulaO68vJJu3RDCiEgnIO3knJOe2Dj5SMkDOADnOAMM7y8ANkADATJyQc5ORnoPQY9j1y/ByQwJB2gHOA393oMgjIzkdTxxUiYBCgDK7txYgZYDKnkc8Hkg4yOe4NX12sklbe32el/+3rLv1WgPS17b309It79WrabLa3aLCHK5OTnAK4yAc/8Aj3OBk81KyLkMGyRgL0baFJ9Op7n1ABz0IUBArELySpAz3bjHJxjvjI6in7VXaNuSASRzwcHAJ68nGOAPTAFW6i0va7W93t7t9LavRb+T0bJSb00ev3LTV6dOn3aO5X2BiCWBUNgBuflycnjrnpk84PPI4b5Yyc7QScqMYHBIwT36kblOcnGT81WygBVypG3Bz1wWIHJ6+5GSB7EHEEi4GCpGMlcZ4BPCn5e+OvbsQcU4TWu19F1sttUvxel9E7sVrb/duvsvfZrRXerezstByxqc/KBt54PGGAGMd8dOp4/OjYMqOgUep5GSBn17ZJ6dyBSkhfkbAOOOvHRtvPfoADxnjPOVcnzKoI2FhznsCTgAnjOMYUZOD1GOVzu7tonaOrTulbdJJrTfXTrqLl173srWsre7da+Xnonp5tZdoBxkgHDZGB8+Mr1yfwxx1wTUAPzblJ+UsR8uCQV5PPB28gnpwTzxVuWPegGQCAFCgZONwGeMj1wemPvAsaZ5akooUhuVJb+FduODyMHHKk5GMcA1UKkEmr32b11ekdtd7adnfXVWZKOqumrL703G/Xby330dhoP3WUt0JbOAD0yQufQsATzzjoCKjfJIIyQqsTgc5Y4XPHGM89ORirDoDhSxBI2+gGOO2MAhR16kgAYwAbBnb8xyMkDIwFyVGVPzZxnoAeTjANLnstL2trfqny6ddPn0tZGfM42V+3ovJq1+vT9Cvs6gkkDIJ6Beh5C7RxjAxyecYyKQBcBWGfmAGAQBxjOTz68/NkZzzjFl49u7AK7gCejcjHox/A9/yNN8repzGQTtxzkEA8Agn05OBwRk9eVGoubZbqy1utn6W13u35bgkuqu/dvpfRuNrX128lvbsivt4zt5ToM4OCRnkZHXjJBPTApCp5xnKkkbieTxwOw6nlutTiIMDwCdwzyQQcEjYc4OMDAPJz16gSFF6Y52jJJ57c4GOwxn6d+Dr7R6JJJ2u7PfZX7+nS9lpfUSb+zrd3vdX+HVtO+vrfeyK4AJAG4soHoBk9huHOR+fYr1oZF3BcH7xBOQOvJCgfdGfTnj85yg3AjjLE57H3OSTgZHrjocYGEMeMDABIYj5jgFjjOfccnjHT0FWpPrq3ay8rJ7pOz9dl5akyXRqzdneyb5mo6tvTTdXTs7dNSELtJG1sjkHJI44Oc5+YE9d3oeDTW2ggBTt3fNz654yB3HXaP58SFD8w6qpAIAwcg9F5HBPBJ74OOcUMhBGAMBjz/c24JAOM4ydo9s4zTbXfb8P62+9dzRU4b77O6XdRbs1vtbpslutKpJO0jJIbk5GMAYGP149u1Bwck9jk8jr+B5Ixz1x9KeVAHTHXOWPJPAwcnk46DP54NHk4AA5OAOT1B69Mn8CMNnjAqoyTT+F6drrRK1nputfyTM3FX26t9L6Kz+aWj630vayI2b5sDcc4zwMDG3JKgcZ4+b3A5zwgGckZxkkAnn29sg98cjv1FPMZBKg5zgZ6ZBxzu5P94njjHGDxSFdh28c9Mjr0wCewPPocHA6VTcbKyV+t7K/o0vvstuis7Stbrrstrp6au2mqd0n3v5IyeRgnA4zgAk478e+T2wBg0xzg45IZ9vJHy4HJ3EDIIODjPc4x1cwKkDrzz8xJJVQCAASvBAAycHnoScMOWJLAfdJyPXnngcH8e/rxSTSe178tt11itdbru7d+rTJak1Z2Sdk23q/hX4pSXW9uyYuwAAZyrE8KAPlyecgdec9AOc4GcLGylM4BAYqOAPwOcE4HVt2CecEdakQncvTacDIJzg8nn0I5bHTnHGKkZeemFJO0jbkkZ5OOoznB7dDnpVuSv0b1bvbleztotW0rdr9FdkuKa2V9Xpqrabtvpdvbt8ogGVgAQe/BPK8kjHYH3OOfY0rYOctnBHBJ4HQhexxnpz7dM1JtORjb90kn0zjjrxk+/ocg00LkL8pOM9Mgg8jJ56n8selZtpeml7Xd9r9dde3y0tYdNrrva+66RfZ3SeqSve9mupAygty2ccDnjoeTnjgEjBOBnuekfIdlDE8jkBRgnbnBBXGOvOM4bHYC3sPJA3Ads+o5JOOT/LOeO0Ozj7uPTBwSTwc9OxI+h9zkUkr+Xlt19dr7CdNpX30vt5WbbWm+i2uvPRN8zCgdskgYB654JIyxHc/wAyDSbgDkg4JO454KnO0KuASMZwMcnk+lBTk4G35ec5yoyBuyMjBORwehP1pXjxkgHoOuTgdfwGR3yBgYzxl8zdlrvtHR/Z2/8AAVbzRm1FW0bvpdX7q19dNtFdpeo0NuJB7jAxxwOMHOAcYyD0/Hq7zCwBDHqQQcZOAV5Bz39uTjAORlfJyd/KjnPJxjGOAewxznnoMAjFIU7cAAjauTknqR1J+bAJIxk9c1pBW2bl8LdmtL8unnva9rqzV30l8umm9nrvpa0d7K63vfpcQEFR1PGQSAMdx04U9+uPz5Urux3J2nOdo4z34OCD6enHFBjVQGOMZAJLYwACAM5weQBnGCDz6FHO1WPHVcHjBzncBj68HB7kcHjRK+y81fd7b7dOjW33g1K/u2adm72tfRPTfVNvzuu2sZUckADk4/nx0XkE4579+oZtTO4Z6cA4BHTOf65HXjIJyH54OQOHOMjjJHAA7gYOcAHJABzimAnqRjjauc8Bj6AZHI6jGM59MvVaaX/PZ27X2+7z1lpN3lyu391p/Z3b7a9Ve9rWdhSinCEAhjnGecjIB6kj/gPHHOcGoii9eC33eSBgkE4z6cEYIPHOcgVIwHTOSNuBz0+gGe/BPOTnkGhNoXbjqWbgnoM5B9eWxkjjnOeCVze7br92mn47J6aJq+4NrpHfS6Wi+FJbW6f9u2vtq2lF44JAOMHj5uB8o74/Dn0GMwhSDk4IJbb146HOeMHJ4/P1qwQM4GcjBIPr6kgcN6LjBySSOKYY8kcADPcliOATjH3s4PBzt/hyKd7Pb+WT3022u7b6bXW17DUHJWtdLulfdNaX11tru1pqrIjaNVTK4XGGAPvkYx36Dup9qjCMM5Jzn2wM9gOCOmOSTgd+TTwMMACeMg5yQoPJGBz64OQc4wRg0wszBjnhcDpyAPlGARzk8++SGz2ave1+mmq3dnfz173vfTS43RWju7faTulo0unz7beXvKcqv+yTyQcEjoABgnkkgHp9eahZe3qCRj5j8xOACxGSpHQnphc9asEBkLBScYHGc4BJIUAjPA69V64qu45cDhenHqAOO4IHOSOuByTkAirLz+e+m97dG9lt1W5nOKTekmtEleyTXLGyvdttWV936K4GIKMH7p6DI9c8dOcDr6nPTqwKFUnHUZxwe5I691zyc/Q9MMII+bdna2D83JB2544GNuNxH3cd+4OBnPAU8hskE5OcYJ5wPY5J7CtEpaX7dnq9LWWvfay1b01MdFLRNpef6rz2/TYkKLkEKTkYb5gGbIHfsBzx3+bIOaGRWBAABx3OMYY889iPxHc7Twg3sSBnIBzkgLwNwwcZyBkYB6gA4FOMZXBGAW5yx5ypIzjnv2Pr60uZwsr22em1vd36XSWjStZ/JVy3Ssnrbone9l63s7dlKzb95JKpJBYLuIHXGF5PJBJJBYnO49fbIIaeu7b8xUrjsMd1LMOnPXjgj3pQjMPQ5AU846AsQowQOSCD+PWnbCXA+X5jjOOSBuzljn5fTjkZxxU813o9WrdlbTTTu9XZJ6WaSuT7NJqys22vJq8UmraO9730TW3mbApBxgYBUnn5sDAUDj5T1HB9OcZlRR8zAbcMAxJ7HoR3BB9wc8ZxUaq2VAIwpJ+hAbBz/eOcjGemc8CpipUg4JG3JAI5y3Ud+M8Zz0Jxnmqi5NLbXR3d9uVLXzs+undbFwUl0soreSs7rl2sld36vdOzdrWCUXI5OOCv1KscnjAz06EDHB4yEhcnGATwpyxAUEYAwc/exknGAcHmlyAw6jk7QMfKPfHJyenzZAGT0zSklgcn/Z+YAHdxx+Hc4wQcg0pvTa/zst10+9/pa5ajJ6rlutlZ9OWzXo93stG1qRkhgNpwckn8R0IA5x1P3iCQQcU8N82ASpwucqQV4yOVLEjHTp2AGc4NoyACu7LKA3OAOc+uAQoOOT6eibfvEk5JJwQM5H+1zgYHODkBckDvim73tpvdW0/NXv1W2hoovljd3krK6Vuq+TXa6fRtJq5MpBBIOAcnr2xnJB59CTzx6YJChgwHPIUY7dB2wQP1HBPqaaqgqmQpyB06cZOSM8nufXuMDBcq45JAOSOuFycYwM8cHrnJ/AYG+ZKz2vfRbaJXVr9La206kWvfXb/hk9Xt+Wm/RrLtO4dOd2TxycHbkHqASTwCe5wDR8qkrhiwGMEkDg/ez0AByOe/HLCnY3DAycYBIAAIOO20HJ4xnPTHPBIEClySMHGcgHAB4IzznOc55JHoMB2aevzX3XXk7P8AFuzsy4xXbtr3eiUUtdrWafKrpaN7MY53LwNpGSTkYB5AJ4HY8Z6djUiKpzyfXOQoH1AGcKCSfXqOByBeDkfw9MKN2c/MRnoQDx1AJ+6KlTGSTgE/KAO2zHABweSeSenX3obv+fq9L/fv/Wrk5RslbX8W+V63v3vZu1n3OS+L+U/Z8+OQBAP/AAr7WSccgAWr/dPQg5685xgjAr/OX+N6SJ4+slt5mV1vNQk7AqTcS/Nn25xuzwBjrX+jH8ZXP/DPnx1Kr8x+H2sgc4AItXOT2wfTODz3PP8AnO/HCK4PxARfkDmG9f73OTcSjLYyQcAAcYBxj39jhiMvr2Ph/wA/IU5b7pJ2s79m7xt08rHh8Qxbw2GnK/uVJLXW12vnotLd7+r/AKNf+CVurSaR+y7JrPiAxWemjxLqsMd1N/pFxqs5gzHY6XZLl5rmRlCrtjKqSC3HI/TPQNF8UfFVNC8Y/Ei1urbwtp8GpReF/h/C7RpdyW0TLaal4lWI/vXfAcWUgaNQcFOtfnV/wSf8JaLon7NGjfEPX9S84afrGpSWUWqvnRNAWSJkbUlSQ+QbonIiJDOzABCTgD9FdA17xx8VdIs9B8FG98H+DoL3VJrvx5cxFdR8SkM/nWugWsoDRwzqcLdPsZQwMZxgn+U+OMR7XinPVSVv+FCsqlRvSLpyUeVWXxPl33evR3X9J8JxlT4ZyfmV74KjKFON22moSV76JNSu207LrrYyviJ8S4/Cvg6w8IfDvRLjxr8R7jw94kl07w54a2xWHhGeKzneK5vrmIfZ7UQsFYRs6ygqVUEDNfyHf8E1fDXiL4lf8FKl8V/E+STUhofifxvfeJbzxBNNLp9hcwzXAaG+ubg+SsSujQQmVlR9qqpyBX9mqax8Mfgj4Ufw/wCH9MTVvG+o6bqDQ+HtNIvvFuvXd8JYZpdQnJeaG2Du0s0t00cSruC5C8fNHwZ/YN+HvgTT7nxz4l0XTl8TeM9dTVtV0jRYktrFZrzUjfpa313GFmvCnmiO5t3Jhd1Y5x97y8rzehl+DzGjOjeWKpxpUqq0m3opOzT5Ypauzsn3dzqzDLKuPx2XVlU5Y4WftKkNeSNlHlba0bbWuj1V76q/1D4h+KWueKz/AMIn8CNAt57UwWWl3PxAvbf7D4T8NSGYK/2GEokmo3qKCYBEr2chChiQ2T3HgH4A+EPDXji88SeM7u7+Jnjya1sLuTxL4njSa1tJlZAG0nSCGs9PMRwIpYFVyiLvIJ577xBZWOm2kGm6bZ2umWNle6AttZ2USW9tCvmRjEcUYCAYBBHOBxxnNdPJcZ8Q6r5e8umibi2FwDFN8pB6lj2yDgZxg9PnqlZtPkVknf8AvStbRy3fTol5XsezCmua8nom7K9oRWi0S63aevyvpbybTYpbv9oHUbgkSKujvZwhcAIol3lQoHygckKAFHHUCvpjRr21sPEevLMJC62NqNoyxbhSAOuM4AySOcjoRj5y8I2bz/G3VZzKsKQaHHfSPJIqCIOgLsxONi543MQP4jkKa7a8+LfhfQvHPiDRtNiufFviF9OsmtdK0JBdMclEDT3mWs4grD51eTeFB74xzSqTvJNqT5IvfXS1r7ffotb9LPb2UVKLjdvrprZfyqydlpZ/C+t+nY+Fv7Z13XvFMrTf2TpUeuQF7h0VpisULBmTeoCRkjDNgj7rcAkHwObxF4c0TVde0PwfpV78SPF+oeMZHkg0uUPY6PNIrRpJqF/lrKFNrbmjV/OVVb5QevUaX4a8feN9f1SHxfrkvhjQZNWhum8I+H3aKW7t5Id4S/1JCs0cgJAlSJvLwWC8ci/4fs/Bfwvi8VTSXOleEPDyeKLO5uTPcQwyXTpCVebfIwnvLpycsqlndjkEFlNcsKqjZRTveLSWibTWrb0aSd+rbdm+p3Sp1OVvmXI0ldt6JtWav7tra6Xd7X0sjgPB/wAO9b8aLMfifq8/lw69qelt4T0G6kt9NhtWlaSBLq9jPn3ciNtEiOfLJUrjBr3Dw3omneE/DPjfT7Sz0vw/pljpeqoXhiisYpjDpd2v2i4mwoaVlB3ySMDKxy2WyB4LoHxV8R+Lb3XtM+Dfgq81xX8VTFPGfiRJtK8NW8sjOwZI5AmoShlDPHIIWikwCG24rrLT4N6z4l0rxt4g+MHjPUPEV3b6VrUp8P6TcSaL4d05oNMuWRZTavG19CpHL3a/MNpYkk7fQoVFHEYdzlyt1KSUIRv9qGlk7K/Vyd27W7nJWpN4auknJKm3zN2ikluub7lql2ufwd/GHVLVvHXxSitrpJ3uPG3ihkSDEolWS/lYsrqDlckKT7818+2Gj3d4hZIXiQyRrvcEEjLHgED0yAT0JxkZx9s+KfB+ix+IvHV5bachdvGPiLy1tE+07rMahMsaxkB12AY/eEgN/CDzXmtx4b+zQyXrWrxxIyiG1LBbhpFOACnXGSOpAA9Otf33kWaf7Bg6VlFwwtCNrq6Xs4Lo21bX52tqfxBnOH5MwxlRaKWKrO8k0k5Vd1e+nR2T6taM/Z//AIIoaR4P0zTPjJrXiW00VjpV/oIh1XWxaounu0TMxt2uCFjdmGQygtxnnla/c3w/8c7FvEOq2/gLwprnxG1G41FbaO50uA2+iWYhifY9xfXCx27x5BG6FySox7V+Gv8AwR7+E/h7xnqXxdbxhY3l9aaZNot7Doz3Mi6fLLIVaM3sCERXAjHG2RSNuRg9/wCoSx8OaP4e0WS10rStO0qyMcUiWmn20VtbxsLVxkJGACQB15DcnhuK/kbxMnTq8c5lUlzNqvSajqlFOlDe13J3urLl7vY/q/gur7HgvLKUo+9PCy/urSUmtd33aS12P4NP2xNQufFP7Q3xfPiW0sNJ1Cfx5rcl5Z2jKy20/mgfZVmIG/YFKttJDMCQcEEfBHxEvLDSfDOo2lqkKi73W6rJIrTs54O0jLYAOcEAdfUg/X/7a0syftE/GeSBjED8S/EMQYrvwPM4wwBPzEcDscY2ivzl1zw9r2syusPnTma6cpJOzLEqKcSSckYA3HoBnnBBAB/pHJYxjw9gHGynLBUFpaLV6dLTr3eltra6I/mzNIufEOOnOUnGniqstG7JKcbKzXV6LZaLbU8g0wA3tsJmVFEirjIHO4fMAMnoQM45z0POP3N/4JEWFtffHjwqEEZvoNUvVWdkwIYXtznexATBIHGeg7DGfy30P4Qw2F3pa3avdXt9eWccG3P2VRM43AOTtZgMkA4AwMds/wBJX7I3hL4Q/A3wb8KdT8MWjP4z8SePGTWsGKXUUhS0BLSyhvMtrZ5GZQgKgA8Kckn5bizERpZNWw1n7SvTmk1/hV3JrZaWtru9j6vhqtGvm1CUU3GnVpqTfS9uXtZX7WWmh+TP/BV6zN38ddJdWM8i2V9bTXA4WQxahdDao7qnsoyDjAPX8ywt3oyLqNtbyvd265tFVHLi4OQkowpGEJIGSOucHg1+kf8AwUk1ufUPjZaxzR/Z0srvVVih6tskupZAXJ9n5OeSe5r4ptbsLIkzxh1TapVlAGP4sAkc45z0HOVNeJklSdLK8JBranHtaySuraX0u1prdaaa/WZ6oLNMRK2spxab0+xByvbez8431u9EfL+ow6xNdy3upJczXF1I0txPNHIHlkYljl3HKqOFQnb6qO+PvfzMqoHGCeeTkDI4IwAckA9TgAjr9Q+LZYLrT5miijwFYlTGhcEDBOeCe3HJ5B6AivnWW0cStEsJAKFkZgCoG7I34x9446ADdkYJr2aUuaLlpFJxdnbpytO+/r1tvZ6HhNN6qSd3qtbaJNNO2j++9rvdCwRFijPmR1IAUDA55xjGB6DPI7Zavrv4K/DPTNPtR8S/iLcjR/CdhueJbjas+pOoysFnE5UsXI270wRzg7jmvNvhr4K0eawm8Y+Mpjp3hXR5BPN5n7qXVpocNHZWaEhpDI+F+XLAk9wCDxP418TfGjXbTRtIt5rHw7p+INE0W1DC2srKM7VubhEG15WQAl36Hq3c8eIxFSvzUKScU7RnUWtruLajZpOXR6tLexvTpwo8teuk+VKUKeqvs05Lay10W91pZs+iviJ8YfiJ+0Jc6R8J/hjpt1onw90tVaHSNLV4mvYgQGvdZnjIDLJzJtlxw2VOTX1b8Hf2S/D3gnQJdf1tWvvEEFoLoTMoEVodoYxQiQHLK3VjyeMNxXn37Itx4f8Ah/qPi/TdQhWS4uNCjgjuzEhmlukcmRFL/MvYZUgkDBHp9h+KfGMt54cngtJ2T/iXIJto8sxoedjLwCdvU/L0XoK9fJMqhSi5Kkrp3u9Xf3bNy6vW7e76apW+R4nzmtOSpwqcqnGKulb3ZJcseisrdFfXrY+RNd1C307U9RhidkgSGZ5c/wAWWYABiMbcdMcZ75zT/C2obltpEIeF0MgGT0Jxj64+7zgj1wK8u8e6gZ9YmEEjGEWuyXDEeZhWGQAACc/M3TI6ZHFdB4FnMcFosgYxNb4VTnCsCQCehx91Vznj7wADY+rw91WkpWsklZ62irWuuq1Tfa6e23yuLhJYenJO8m4pWet/dd9bNru+67q5p3d5FPrt+ShSNJQCNwPO7kEHg8gc8Nx1I4rs9DiWeHUpNgUrbs6sT2HO4H1wODweBkdMeUrL5msam77QDMfLUNyQHwM8gcYHpwQMkA17T4a2yWOpskRITTWBHHLqmWAGeWIAzxjGQDkV4eay5aFaVvsyenS9k3btpfXRadtfqclUnUw0JaJ8i5erd7aW1vbV381uz+yT/gkzpbWn7Cfw5ilVt15rOvXmCACUa8ypHVSCOcL6nrxt/Rf7ONuTwrYK5XnaDgcYGQVyOOPvZ7kfJ3/BOzQl0r9i/wCBsKRmL7RoEmosCmQ5u2EmcYyzEFifQ49hWl+0b+2h8B/2btFvLrxf4ostS8RW8TyWvhXTbu2k1FpVU5FyN5S0UMMN5xjdcEqMZr+HOIqc8TnmPnCMpyqYqryKKcm17S1kt+t+jerep/YeQtwy7BwgvgoU1Jt2ilyQbu3ZWd31220Z9MXCW9loHijULqaGzt7Xw7rzG5uZFt4gDpl3tLSuyopLMACSMsduckA/wSeLvhv4a03xF488b/E7xtpfhHQLvxt4l1G2tDdRSalfQPqEzwy28SsXKSgERDBLbhg5r7s/aI/4Kh/tDftea1ffDL4C+FvEuvRat9u0m08J+BI7uWC3ik3iO71zV7RCqeWgLOkkghwpweRX4Taj8MfGV94i8QD4u3up3/ibw/rV3pmo6JdXcs0On3lvIRNbEF2QNCxCsAvUE59f1DwvyDNKFTEqFaOEliIwc46OrGCkn7qbfJzNtKUovpZaa/CeIWbYClCjKtTeLdOV4RjzeyU9Fq38air7XXnrc9o179sX+y0uPDP7NvgWOa5iT7M/jjWbXzZNwDI1xbrIhQE8PhsNwGPIAHzFqvgjxT8QvFGla78Y/GGp+KNV1G8S5l077TI9nDGZA3kxxeZsiA3bcL8oCghsAqPpLQ/DtjpenW1pY6dbWkVxGUEdvGqBsZKmQouTjux5zweBXI22mT3PjG2tmUokV7Eqqy/8sw2eHJIY84wAO/ByRX7pRyLC4ROtUk69d2561WbnN35ftSeqXVJJK6SVj8cqcQYvGS9jGPsaVvcpUrxhZqNkkrO+z1et23c5650Cw8O3+tWGiWcVhZQPGkcMMahlBVTyRhnZsMSSCxPfqAsRuDDatCxBjk5dgOTnIySOvHX15OfvV7dYfCvxX4z1nXI9D0e5uI1mRWvWjIRflA27mAMuwZ+4SeFPU8e42PwQ+Hvw80i11n4s+LLDT/srK8+nzzLC0hPzYSAkTyEng4RsnoQd2LxnFGV5ZB0VVVarGKXsKPLKbd47JfNeVn1OXC8OZvmk41FSlCnKSXtKnuxWqV9XeXRaX1ba10PlvRtF17X9Q0+CwtLrVJBOvzWsTv5accGQZRB7kqo/iKg7q+l5v2c/s7QeKPGPiDTvBGlQ6XIt6t1LbxSxxOjFmeSVgssjgHAGSN3AyK2NM+Lmta9Lc+Fv2W/hDdarJv8AJfxvq9mbLRbQEbDPDLKii6QZ3kPk4BGCME9OP2UfEmtX+j+I/wBo3x/qfji/vtRt3k8F6TLJa+GLZQwZojHCR5gUfIysuMA/Nzgfm2b8dVZOSVSGBhq404yVTEySStotIXW935s/Tch8OJVeRypVMXNct5uMqWGW11zTSc2u0U1vtbXzvwb428GeHVh8KfADwBe/FTxM9wVm1sWkraNbXDsVaaS+njEKAOAxEb4ypznNe+6X+zL8Vvihfw6p8d/Hs+l6PIEdfAnhWZ4baOP7xtry5j2yFFU7SVOByDwEx9oaD4a8GfD/AMPTxaBpeheB/D1rDGYy6Wml2qQxoFeSS6byzI3BZjncxY5znFfIPxd/4KC/Aj4VPd2OjapN8RvEcashtNDK/wBnwTDK7Lm9baHQN94xM/BOM1+f4nOM6zypyZXhsTUlJ8vt6ilOdnZOXPK0aau76aJde/6tgsiyHhujGea18NBJJ+wpuMI+6k3HlXvz33d1sra2X1j8OvhD8Ovhhai1+H3gzTLEWqMbjVJbdbm+dsANJJezKZCr8l2Z+uTkiua8V/tbfBH4FT+KT8QPGdhLqVxDE9joGjzR6lqNxIp2mAeUZUtmBABWQgq2V5Ffgd8af+Chvxw+J4n0nTtdPgXwzI7lNK8OOYLswknEdxqKlZ2BBG5S2Bg/KMbj8I3/AIwEt3dXl7cT31/OzPNc3U7XNzI5BZmllkY7i5ySc9eobOa9jK/DzF4tqvnWLnJzS5qMJOTWztKb8rxbV22n138DNvEnBYZOhkmFjTjB2jWnFRUrW2ildr1s97n7P/HX/gqv488VJdaP8IdEtvBOiszQrrF+q3WtXEY+QOIWBjhdl5GxgVPuDX5X+Ofid4m8c6jPrHjPxPqXiHUHZpHm1S8lnRXbDFYoJGZERcYI27RngAYx4VP4lnnYG3VlBJJYku2SOoHJGTwMcA855qtDbaprEyiGKeeWQ8KEZyRz9xAMfe6gZ5zk8mv0bLOGsryqmlhcLSjNKznyxc2ly3vLVq9rdFbp1PzLM+LcwzOo5YnEVaqfww5mqabSStCLtpbRWXc6q78QljiNd5JAB4KEgcYAzwOMcgDrg9ayC17qNyAgkleRhiOIMxxtwNoAyTz8owwOcA4r2/4afs1/EDx7KHisHsbPb5klzfiSECFc5KIwGSQflUL0AHy8mvsTwf8ABLwv4F8Y+GNMa2tdQudkUupPdBHZ5fMU7QhyFOeRjJx6jOfVc4UoJU+WUo7qNvLdrrqla6u38n87OvKtK83JR+LS1tLP0SS2ut7XXb5d+FX7LHxL+J8kNxaaPcabpzklL7UInt4jEgG+QLIE3EBTgDPoc55/Rb4S/sG/DjTbWXWfF+oz63qttBJMtnvEdojwsRnbkB1DEgrk5G7d6H7Pn17TtE8OaRaWEUfkQNIJhBDGgiXYAYyEGQq/NzkEnIJxk1xuq/EPS9LsL+e2eBLe6sgkEcx2SmZjiQepBOc8ck4XJxXhTxOYVZVIR5aEL2vr32cr2u7t6WWn3a0/q6s0/a1GklG210rfi0rJ66I858SeG9C8MQxLoum2tlYQ6esDRW8EcTShvkLMUA5VTu3cdM96/Zf4D/tafFHwn+zZ8Nf2evgJ4Y07UdX8S6P40bxDrF9NL5ljoa6ZeTX2yJsIrhFfyj3PTJG6vxe0zw38SPiffSxeG/DV/eWjWSob+dTZaLbqSMyG8nEcTKACzMGOQM5719o/Bf8AaL+Hn7FN2PFPj7XNG+JPi+y8Jap4d0z4e+HJ1nFlc6rE1s7XN4pI3fvGjaJGJZWKrnIFfAca4ajjcDDD1ajxeJpTVWFGDdS81FJOVr8qjzXldpWumtkfccG0MfSx8K6w7o4aaipzqpwitYv3VL4pOy0Xa3Vn9JX/AATz1XZ+wr8JrzVbiCz36j4oa4e7Ywosp1BxJJI77SkYkyQScbe+ckZXxv8A20f2evg1bXD+LviDo1zewB/+JZo13DczyzRZJUTo7QIDggmRl5wc45H893wxb/gpl+2zZReCPgt4d1j4W/Bizu57mwOoLP4d8P6Zb6vMbiUtIVgvryPD71KRmNlHBOSzfoJ8JP8Agg34LE9v4i/a0+LviH4sa4Cr3nhTQJ5tM8ONJneYmvI3W4nUMcEup3rwTgnP4Li+EMvnjZ4rOMbClGUouOGotVJtJRWr2T3Vl1vZ7n7Zh81jhI1I4eM6tSpUlUcuVxScmntq3vZuy1vtc+V/jl/wWs1vWtUufCP7OXw51DxBrkrtDa3VnZXfiLVDuJSNltrGOe2V+QfnI6HLAAmvLPCP7L3/AAVf/blu4dV8XXOt/C7wNqZWR9R8aahLotssEmWYxaNYyRyn5GG1Jo1Uk4ORg1/TD8If2Yv2cP2ebCHT/hN8IfB3hU2iqseqLpNpd627dQZdTnie5c5XLZbk5yerV7dd6vLIcvI0igIirH8kQGRwFQKOMYPGBzg8ivZwdXLMsap5TltOytfFV0p1ZP3dlLa19Y6vrucmLxWJxC5qlVxvyr2cZaLZbLVu71bfWzvufix8Gf8AgiJ+z/8ACnwt4m8X/G7xJrPxw8cWnhbWr1LS4lksPDNlfw6fcyI8UcLH7YscoypuQSQAxBJNfxG/E/who1j478a29jAttbweL9dt7WLqtvaR6hPGkKZwuEjQBcDkBQODiv8AUF8W3AX4b+Npnyq/8In4jChSc7hp1zjLDkkH6nBIHev8xT4mStP458aI74RvF/iBwe2RqdxjLDHzcjI5Ixiv6B8BsdWx3EWYQxLUoRp0VGHL7i97pF6K6eltL27H4r4y0vZcM060JS9p7SSjLay5Y6LW+r1u/s9F18t/4Ru1S2lEAZl8xQ0nTGflLAsM4Jbt06nPAPU+HfB2ny3ds8kbypGcMufvuQDgAjBAAXAweuPm4JzZ7ndaxRRS5eaRImA+Xbg9c8k5G0YAznv3r0rQ11BLOCR4VRIWJHUMVXaysc4zxnGeTkY9/wC6cuwOEnUTVGNqcItvlbS+G+yVkuj003SP4TznNMbSoJLENVKtTkjFtrdxTcfS2z7rTW5nePYNO0yDTbRW2mOGW5uASAAqKTHG3PHPyhTjpk9Mn5D1O9ja5nlC5jeWQoobIOckEcHAAIGQuMAFTjOfQfiN4mu9X1C9so5HCwXDRu4JyQpOEHXCjoMcnHQDOfL0tsna+GDKWfLFQCDnnOCN2AR15yeOMfG8R4+nWxE6NC3JSk4q1+VuKjFbLry3butdXbU+64Xy6tSwVKrXlJ1KsIzalJ31ULXbu90v+3ntuQhzOMOhjRiQSoK54BUAjGD83J3A4zkjgDkL6M/2mUDZJ45GQ2MHOTjoMEnHPfFdxIdkeA2xhtGMjAwepweB+GN3Gc7mriL8gawm2TJIUHC5JJ+Zuv5jIHqAOlfDVJKVWnFXfNOCbuurV9bPp32W6utP0DCQcYybf2dZfyqydr3b2a1fZ63Jr+GUSLKpcKqAZBxhgDj5Rzg8kZ44PpznqCRvYguWHXrgjk7MYA6g9BgjBPU9rdWBNmzOSpcIQcngY6k7QBng5+YL90A1x4XZLh23FQQowD0JAz0znPuOQOvFPF4adKpdWakov0vy213Wj2Tt9+mmExjqc0UlaDs3onba97X9GnvsVplYvGuz5CpOEyD0yMk4ODgg84z2JqgQgBZQN8eVAHUg5DYJ/L3+uTWq6MSS7MoBJIJI+U9AOmPUfTj0rOMXlbwApy3HO4jnOMYB65HUDB5xmvIrRlzaqOyfR2Wmlktbt9F69bezRqtw1e0b7rfurLRL0Vuze7SihVwWBPKr1APHzcjg+mdue/I4kUAKVCkqSc5xnk8knJxkDv2x1zmnKmNxZlH3T0HbnsB09O+Pm5PL0C4YOSxZsgj5c4GADnr0x3JxkDgEYum30s3or2d0mrK+mu1m9r2Tsne5TbVumm+uqS11eyaS0s9vUs2QzOAcsBxgDhV2cYLemenUDHI6HvdNRfs8rBQRldoOPuAHqcj5hgnkYzks23JrkrFSWJwBtAwB2XHIP0GM+/brXdWA223lsucttUALwSc4PJHr1zg5IJ6j6TKKSjFycdbNx0T5drJXvpZarou2h8znGJ1jGMknu23dKXu7Jb7feczq8Ie8sY1UqCxxjHfLMDknAAJwCMk9M9T65o9lp629uxUM6pHxu6nA+bHJ+UkDIyOc968n1ZXfUrbAcmNiq5BGTkqTkcgZ6ccegIFdQt5eJF8mIkVFHykg5AwCAOOASGxjngbRwfeyzlhVrTaW6s35ONunTpt28j5/NoVcRhcNCNTlTjq23e2rV9NXZLfutLb+mLPZQyIzooRWYDDKFOcEMcjPGD6fQLimXV8kltOlvCrOwOG/u5HyjqMkH2IwD6AHzVJZX+/Pu3AMQXJC7u+OB2x06jnqSLQvpYwpE+0AgJgEMcZBbbngE5weeCSMmvb+tyUXFxSvdKyjfbXV6ad7pp7J2dvlI5NKE3Ntyvu30a5b7addl5XWrR0MmmXLotzetsBYOERgAisMYZj0+98o64GQAcVVb7Das0kjxjByoDMwB6FifUNg5wBnA3DPPPXWoXTgB5pHEjchmJVMYCg9s4xjgDk89KrENImCpBYEMx/idio4A5wBjnIPfODxy+15ruMU/KTTbulZ6q9v19GenDD8sYub0VlZWtb3Va92rbed/vHajq4kDrCgKjLFyCepBJAGB2HPUfXk8bLO7SJIqtuaUtkZOMHJ59uO4wOCMHjduICCYy28YbPTJUBWAGMnBIz05+uc0IIVe5gjYsEZ9xyADgnOMgjPCjj1zk4NeDjOeqpObV0ra6uzX33srK/dJX6/S5ao05R5Pdult3dru7du/W2nXrzl9NLJdKS26TccZHOSRyORgAcE9jgdcis/xCzyLZPISzBWBxjhgMgE9B2yemSe2DXWarpqo5eAqAGkZWypZQBxzwSQCScnHXmuP10uwsV3F9gYMfbqVznHrjHIPHQcfNVKco8zb0co6erSvvfTdNabq3RfXUKkXyxvZqNlro7pNXWtrqz3suiu7HtHgWOAWkDuis7RruJIyoHViMkjucgHjjk8j1xUgSFVSMELuOVPOSPlAbHIPQHIAB5+7Xz14ZvprWG3RQFLoVYsTyGJ9zkDIGcAHHHWutufEF5se2jm8sA9NxxhOdwIPGc46cdThgK+/wAsxcKeFpJyu1GMXotW1F22SdldWV7XR+VZ5ltfE5jWcdFOV076XvF2tZ66K9r2v16+wWxURYYEs0UgAzwQAdvHJHsCOnuMmGwYGWcMpDAYAB257DBPPHG4Ht1A7cZ4c8SwSgWt1cBbmNNsPHDs2QASSGLfN6ZBG4ZVs1uLqdtb3c+bgF0Acooy0gBBYbFDYYEgAdeODkYr6bDY2lUgpqSsrxs2uaMvm7pq+qtZb7aHxWKyvE0q1WhKlJqylF2vfXe/vdPx6JXS058rIUjyfm3ZznAA9xzt5yOM42g8VzTMsr3LkZZGIZiSAeMDAOMgHJ5GMccAnEr+IYXhM/lOixSAyEAYG7IXaOm7IGRtOFBGRtyaFrdW0wknQtKZWAYFf9WA3APIALckHrjPA4qJYmjKok5Ju3TRapW01s1dq2iW2x0YTB16NKpKUHdK11d6+7daWa6N+nU1Tny4yCG+ZU7AZIU+nJ+uMdD2x5L44Qxa2QFLNNEoPTqRkDcRxjkNg54wcYzXqep31vBDJJCMmILIqyA5YgAFB8p3EjHQe2RkivCfEWpXN/qE8sz+W3mKUGCyoOmOnGACAFGV6DuK+d4jx8fYKjF+9zx1WtktF0SfZWta3ex9nwhg6v1qVefwuCi7uXWUXZOy6pXsl07lLM6KFkDhVB7KACc4zyCFw2M56Ag/drTs3IksQwyQHY4POAxJGVBHXGMdcjGSQK5lpJiTI8rlGJClgSCwGDkDg+ucc8/h1ej6bc3rWDQRvNIBKGZEdkU5+TdtXAULznGMDp3Px+FqyliaVrR96Or00921rNLRb2fb5/oGO93C1FKKaUPK72Sstnbbr6Wav7ToYV7FZGBAGT8zdMdAv0OAvA7gdAV6mBoxC0smGYtGoAxyMkYxlWzxywHueoNYWlaXeQWnlvDK0o2BkEbFW5DHBAAJ5wece4U119voOrXCpLHptw6hgCBHJxgHkhhjnOV4BOR3zj9JoYuFOMU61NcsUpJvTaPZvzbdlbS+iPyHG4DE160nTw85qW3uy30t0tqvnuYc08clwXCkESBQoXPCqSAFOOQSeuBnHRc1saLeC3vbRirq6LM4ZSQxYEgZII+7kgcgdMgcAT2/grX5JkZdMnjLSu2ZFMYH3gvUAc/Tnvxk12GkfDrWku7W6uZ7S2too5Q6TSozpuY5ZgW3AZH0C8Eg/d6lm2GpOEpV6a1i7xkruzi29LO7t0snojn/ALAzKvCdOGEqaxfxRad2o6avS+3n5aGReXE17AxnkeWYyIJGZjIyovCouScKA2M/7RHsMPWtOubmxvI4opnjW024QMSw2gg4xyBwDjJBGc9x9E6X4A8Ni1gXUte0xHaRZXFvI8rGPrkLFuzwRnOcnORkk165LpvwssdPa0hlv7lLy18iU6fpFzJI0gQhysskPBJyBtPX7uRyIzLO6VbC1o0IVqjqU4xThSnJXs7Jtx31u/e7vrYjLOEsbh6+Hq4qphMLClUjNqpWhGWko6tSlrZaWXfqtD8jJ9NnLlY4JkYFlw0bszFcruJIzznPOMMMA5NQpol3NIYxk4UliyOvQbuCflzyM++SfQfeF94d+G9jOUs9B8QXsouJVMFxEsEgJfOSrMGRTkHDBcL1z0q01rFY26yaX8NoHhuHeO1vL5gyTsBl03ANhxgbiMDgjOOR+dxji7NrB15xUr/w2v5Lq10le9npZ201ufqlGGBhFRlj8MnaPw1YvRJa+67a6aWbtc+GofDepyJvWyuHWKW2UGKCRsDz0U5YKQSec84HTjBz+7/w10XX/DmieFNQttL1ZpD4TsYpAlvJ5EqNCG/eHARQMsWBxnIAJ5avzJ1/4j+MNJtXtbHwtoOlpLKIRILdJWWS3feAVKEkoVXIc4OOuTX6CfAuD4y/H74fWXifXvifceG7C1EujJpWjQpaF4rNVRTmEofmUZUgksFOSa55zzCNZwp4OUZSST9omlbRp2d12S3V+h0cuUOjGdXGRqwg2lKnq3zWutL9V0em2u69on1W7gRRf21tYJtaV5b3ULS12scnaVeRSAB93gleMetcTq3xb8K2DGLUPFeh20q/I8cLS3UgVOD/AKjcjc8Z56kjC8ttv+zR8O3mj/4STxT4l164KiR/tl40quxwNvMhwpYEDKAAcEE5I7zT/gR8GdHjVk8KWt3cKioJZZZJGOTkAgkqGxkluvXPYV0OlnkknywgmkklZtJKD1u9PLl6aWto/OjLhqDk/fm3ZS5rX0s1ZatdVdpXv3Pmq6+PHhea7jSzHiLXJt5SJtK00+WwHY70Dc8g4yAcE47QXnxX8U3MfnaJ8NfGNy7MQGu4UtoCqHIbIKfISMn36V9/eH9P8JeGkgXR/CXh6J2tmt0aSxhnlG8MA+5o8q68HJII43H18m1O4khuLwTOZP38qJFb/u0iEhyAEXqAMDBwAM5xW9HKM3xOtTEOmktXd6fC7pRtbdrTXe19zGWf8P4dctLDubjLlXOl2WrbT6/Jtedl8h614u+O13DD9l8Fw6ZJfRKbcXF2odYDkMzhW2gso5LDIPGMgGuctvCP7Q2uwP8AaNc0jQrZ3I8prydmAPJOUY5wSRgjJP3vf781Pw9Hrej2slrbRR3Ol6eGMmeWaQ/MpyTy3HDZx83HSvKlsBazGORwoTqiuxbLjsG5PcAnOAccEkr7eE4doToxdarWrVEmpc05KKbt3ta9/LtqtTwa/FtaOInHD4fD04N2haCulZWT5tHvd2t2XVnzpa/s5+ONa8s+Jfi5PsY5lhsITIQMA4AlbBK9t3Ucj5uunH+yh4MLImu+M/FusBpMeW8xijdRwQgDEqWOSAuDgg4Kjj6O05mD+YjjYpZAwAGSM9QeR19T2Xvk3kDTb2kZg0bgowY7QM9c467iOvOB0PSvShw/gaSv7CnLa/NeTvdaO7320Vtn6nLV4kzSaTdbki7WVJRinotVp9lvvra6vZJ/N2r/ALMPwi0vQNVng0nUbuSDTL2eKe71C4bZPFC7I2DIQWUrkhhjABPc15X+xb4f0S8t/H8moaTp9/JaaiIraS8tUuJIYo2EYSJnV8AKASRjc3vjP2d4lYTaBrpY7Uj0rUU+/gEm3fqoHzYJXJyOORwTj5T/AGKWkgtPiO6Ln/ibyDsMrvbopI7d8c4J28g1GHwOFw+Z4PloU4RcarsoLZRjrazbtpvfs32yxOPx2IyTMaksTWbjOjyy55Kybg3Z3ulLrbS2+mr+o9e+yaZOo0yKC3SGFdqQQJGEJAUqwC4BUE7cEcDnPOK66mYNLvJS0syeSpUltgSU/NkgnsxxjBzjPXg3/FTxKx2xgtNAuVLAlmYg5H8RIOcjGWHOT8uOJu3MWl3KgFEdVHz5cFwMgdTx2Gcc4Bx0X9Bo06fJFqEVazStbXTTRNLTR9Vsk7afmdSeInNuVSpJvW7lJ6qyd7v9HvtqzlrnWmi89mAeWRl3ljuJJXqgGRkjOSOCTgDoajXV4oFZ/Lb97FkmU5U85+UEHByMdsZA5Oa6LxL4ehi8PeH9XtkEM1zG5uixG6VgwVWUHBXCnGOBjBz3PCQ6XNdvLHsLGNJCFY7XRQ2QzkclDjgnAGOARjPTSlRnFyUlFXaV7brsu3TXXon1EqUop3Um3Z7XV9FtfTp3d9tNTVg1D7TBdP5bCRCrJjG0q3PC5B+ikAdemDXN6hfu2wKmFaRvNbbjjcMle+N+OTn5uhA4r0fw34H1W9tL26eKFI5I4oArsWIyBiVQCRnHPTqMEg9dW4+HEy2EltIWnl88gSwxA+XGfmyzAY5PYHg+vNeNjM5wWFnKE8RHmh8SsunLonfXd629b309PD5dOo4S5W43TvJW3Uerez2Wu973bPLdAmeTWbe2jQPvuEMagEksBuAz3GeGAxgDb1PPqPiuJjq8X2lfmGmRFiNm3zD/AHs8jGMY6glcds9j4T+D0em3trrE908jW8KzwxMQB5rcneCTgjOQvccYAGK2rzwY15rN7qN+pkt98ccUCs586M52g4JCrnHBwAATxndXztbP8DVxVPERqcypRlpb3dbNJO6um97fg3Y9iGXzjRqUVBKM5K10kr+6nddX2s9D5pvQz/aROCiqJBChdVUlsnLc556AAkA8DnIrwSBlP7Q/w6uHTHlQlii8krGpXhRgk4OfoCQo5x+mifDzRJ7NorzR0UCOWRZGXdtlZeATnLLjOAScnbgYr4N8U6JZaD+1d8MtMgt5vKaMvhlwz+arErj+5wNo4yMnjApY3O8Nm2Go0KUZRnSxeGbUra2qQ6c3m7dEnq7nsZJlVbAYqtUm1KM8DiVp0fImk3p1T/DsfZ3w28O3Q8DaY90skN0LicszqzQllKkl3RSqMMnKkg9flbrXRyaBOoae3v1eXP76KFgzoFYHC8ksCMY3ZHQk4wtfqN/wT10zw9qnwd8Q/wDCReGtD8Q2z+KZlt21WyjupkQlAYwzxsyxkHgbsjgAdK+lvGH7NHwE8RNOW8Gro9zdP5ktxo929osascsBFFgALg/LjIGdxHWv5Ux3ifleU5viMoxkatN4Soqcqqs4NOMHFtLW1l3fRen7bWyKpVj7alJTVTVLXmjdpJappp9nrq1bv/FB+16jRfHFg4d3TT7DmT7x+cDB4YYHT8884r7h/Zplnn8A38P2VjFbX8czr5akssqKAMHJ5BHIBGOcgcHwX/gpL4G0nwX+1n4q8N+HpZpNI0uz082rXDbpwhcFlZ87nI6ck5PzN1Br7H/Y18H6z4j8Ka7b6Vp99qM0EenXskGn20lzJFaynCPKiKxAypJYhenGa+xyvNsPiIxzCnUTw2IgqkaknFLlkou7ctFpp7z11s2zfFYGosHGi7qpBU2lZavRuNtf+DZ9bs3rixs/N8x7W5t0l3iNl37R67gRgBffqM5G7IPw5+2fZ2Vv4C0x4PKnkm1ojc0SrcLsUZUPgOVPPBBAz6YFfr/rPgDV7a0hW90nUrOQyEJ9r0e4RVQgrtaQxFQGKt8wJA65Oa/MX9vnw82m+A9BVYYVf+3JAzx98RruB4JByRweR3x39WpjcPiaM1TqU6jaTfK0+X4W/hbTdr37LbTbysFh61LFU24tRu+ZuLUU7Rva2ltNbpNfK58zfs/G6j0K2+xySW1zKt3aQSW6b5vMKZyE6kDdjBO1sY55x7mJ/iLpqRsmo294YyVeG8tjE5wx+V2IC7yB2Jznjpx53+yRZede+Gc/Op1af5Gzg/KnY8NwPu5I5OCuRX6tSeFdJvyFutL0+5VpZXcSwoHxk5AYDGcZ5HGAD2r18BVrLD0kpuMbR27R5XddVe22um93YyzOrRjVkqlKMm9OayurqFndWlZWau7t9e5+Znj7xd4luvBHiTT9X8PwotzprZvLadGWJlyQTGCQQ3PA6cc5FfO/7Pl0tv4juZWO0LYLDyvO5sLjB5BxgYbGDxnOCf1r+JXw98HP4I8dXA0SGKa18PX80DQsEVJUgcowXnJJweO+OCSTX5Yfs4aTHqHjFIcA+ZJcs6knaywIzKpBB7jJGMc88g5zzGpOVWlNvm0sno3pbfRa6t27306HTk6oyhN0lZOesG1u47LXZ9WtLrTXQ/Ri3+KXgfVNO02CLxHYrcW1pHaTW8uY5EuLdRG4ywHKuuc5PGCPfm/FmsaRfeHdZiivbO4c6benfHcRZJNu+35Q2Tz/AAkHJPuMegzfs8fDrW/D9hqd1olzaX1yk001zYytGJJWZjvMS43ZOTx1JyckjHhHjf8AZg02fTruTw54s1GxlQbUjnDopVsjZIVJO3HAwORjd156ZY+r7GpTcYyTp/Enr8Mbtra9tnZ2WpxSwOCeM9pGdp+1TnGe124yTTTvs0k2ldK1z86vh1Eq+ILloyCSb3zGGCQDcEBicc5OCu48Els4Ga/WHVLWWDwv4FeSYulz4fheMZDKF2qB8oJ24Yc8jjj1z+ZOh+HpvCvjHVdDuZElksRcQNKOQ7GQtvBb727IbPcEn0z+jo1OG78P+EInuSgtNASNHYAKQAoIA45U8885wRya+cy2VSWKXJeS5ZpqOl4pxafa2tr33d3fc+gx8YfVEna0ZKyTsnpFdOmvbe3qc/LwcKFPQEr3Gfl2k7doxj+6e47Y+EPEEssfxo1fMO7BGQDjJWPKFjhvmzhvm28gHIBAH37cIkkQ+yvC5Owlg6AgBjnGOT04I/UsTXwLrAlHxq14M+4AMVYAZysQAHOcEjAPqfWu7Hfw4XTilVTu4q19NG29HvttvvvxZXaNVpJr3Y2st1eF0+yWyaV7LbQ/QS8txqXhPwPFNZwT250bzbkTNyHYDc6MeVf0xluMcVneE/7V8I3Ump+FdZ13wxdWd0r2V5oWo3EBhZjjdtDY37eGIHTd90HJzNe13VfD/gn4fXWl2RvUubKSK+3oZfKXdtzlAWVMEZBGB3z1rR8IeKtL123l0qEiLWI901zaMdihQyhXTPzbRzgD7xyBjFaPK8tzGnCGMweGr050lGaq0qc4yvFLlfNdN2101dmtnZ9ccZjMNUqTw9epTkpuyjPRNJJJ2k9XbZ2023seW6x8XfG+rfGK4Txffp4jk020vTbXeoR7b1xeDMzPMCWllYrku2CSrcZIr9aPhb8bfDnhj4LeEtP1bwrrEIkeW5h8U6Zm6EckrANGIhklYlJ6qARyQe/4h+KrhU+NOpjPAt/KAOACWidWBz1GSvQkkH8B+qHgbWbG1+CvhK2mmEBFvEQ6klgGfLkAjALL8rHBOSeByR85HJsPhZSwuXxjgaNOq1ThhkqUYQi0rKKukl25UlpvuevjMbKth6U8XGOIclDn59XJtRbaldvmWm+v5HfftI+LPg14t0nTH+HXii317xBJo91b6tY6zbyRTRzMAG+aaMRwyB24Ctk7T04Nfjba21xpXjQ2VzMjvDeJG/ksrxo7TbiqOu7KgEAE5AwBXvvxU+ON/wCFPF2vaHZ6HoNxp9vcx3dvLPZxm7uHZQSry4DGM5yVOMHqDwB8v2/ik6v4qXVfs8dvLf6lBcTR242wxlpAwijB4CjPUZJOck150MLiqOKmsRWnW9+KjKejtFpWSaTkk9pXW62TOunWoyoU40KTpJxTav7qtZPRxT+92b9D3H46xxtqtpvncxpo1ttIzjeI8rn5euMgk984Jzz82rMF2zYbCkqrPkjbk88nJJHTGAOxPDD6Q+LjWt9q1rNcztEG0u1iEY2cBo8FyDjhcZPoMHjNeDS6KHikWKUzRLIdsilSoAOc8HIVV7528nOBWGYTjCvN8rd7Jq7auuVrRPeydnok7va534eDdGnyyu9La7W5Xa29rJtPTW7tqbPguVn1kbU2o9myZTBz356Hj1xyOvSvtXX0+HLWPhWL4ialqOkaevh1pbS7s4w7x3u1tikYA2k4BzkEdR3r408E2zQa0FACs0Jjiz+7Vs4XODxjHTOMnnAbgfV3xG8NDxB4Y8JRyQS3lnHo5S7MJAlQEn5lA4IU7s+oGRntwY3kqZRWXtZ0VzRvUg7Sirpe439re3l87dlJOGY4VqHO7NWmm1flhZa/Cnvv3tpv9wfsYf8ABMzwP+2p4b8car8OPjzo9t4n8K2st/N4fmhjXUobWOIzQzXMXEhhuSpjEkakIwJYAEV8DReGbrwT8Udf8I3Z8y48M61faDduFws0+mzSWzzR4OSrtGxAbnnHUsK+1P8Agm94mm+B3jH4jeKPCvi208Caqvgd9OiOrztA/iC3uVlRoiNwWQwhs4bJBzg4Oa+Rb3Vb/Wfi94k1bUpkvbrUdd1G6nuYwPLup5p2lNxERwVcEhcHaRzjJyfgeFKmZf6xZjh62KnisvpwpSw86sIqpCUkpOPNBRUoxT3s9LHs5x72DdRUo058+qimko8qVk356tdLu2qO0+JGnzzCOWCaa1nFvAIvK3qDgKxyVySMnPT/AGevI8fj1fxHBcNp92TdWzW05UuxcjCPlgX5AznI4PoAOT9qR6Xp97pl5ql+yQmwt4Y0bMbIqMo3NKrtyu046E5IwMg4+etU03TtQvJrqDZHGqXaRTwEYnARivyqxwDxxycH0FezXzC2Y4rDKi37OSvU5Xa+junZ6u6t5q290Y0KF8HhavP8cVdJ/Dtd2adtWkr9lbXblP2f7QtrltOY2by9fQgMAMs02CDxjkLjvnHGDmv1xi8XeJ9NuYLPRbg2V5acwNFvjRtyhwXMfEhHT5sYxgr/AHvym+AdvL/bdtCpZwdfAwQQhCTZPzEDJ5ySRjnrjAH7M+F/gN+0J4g0z/hOfC/w28Qa54Our9Ley1uwtEuofNjTbNHhcyyABSuAuAec4yD8Vx5SjiVg70HiFFzlKFuaVvcu+VJ/DbWysn5HoZfOdFVXzckdI802oJXfeT69HfdJevyV+098b/iZ4k+H6+EPGEUt5p93eqn2xN0TOlsoMcPQ5Uuu85wSMkjOQeE/Zx0+y16xfTtUUW+mappZ0u8RGVJ2SWcoEVskByMAbj1PcA16l+1V8MfifaeHWfXvCXibw9Y6ZqCSNc6xpFxa2hlfgxrcNEsQJzkKXGBnqRXm37NugC/vbfRbuaYJJrGlLcSW0jK6Qy3aCQI+MDAbJYkFDwOq15GAUMJw/iPYweEqQlVnyxi4yUklaXR30XZqysdtScnOlzyuml73NzJpSi3blbf2bK6vqdb8Uf2SPCvhLxC2m6NqOtac0+nRXljb3sCymYSRiR/nQttQAnDAZIGfc/KepeELvwnr1pYzTxX0b7jHIibHO05wUKqVx69Cc4OCRX3F+0VFremftFN4V0fxTrklra/2PZWUlzOZTFEyIZIPvMPLMRKsO4OMZJB8D/aF0ptM+LlhaJOoD6dbOGVFiAlEaiRtqsAHYlsnAYtjJyQa8LK80x7lh6GLxLxH1nD1MRJSjacVeKSbej6pPW6V99/ep02pUpJJKTjZRSvd8rs193TbXufVnwIfYfCZOFaLUtOG3JwQ1xEc569B9OvBzz/dx8MJA3w68Bt03eE9EHGCPlsoueQOc9/Qjk5zX8KXwTskgufDhmfcJbjTJYwQVwwuYuMZySQMjHOQODnA/un+GKhvhr4CC8KfCOhkkccfYouv1x2yMcjniufKZuWYZjODs1GGttW3UVtPK3zu+1j0ONov+zsmUmk+aotbWv7OGnuvZ3SVtVfrrb0DzVUNkluQOSegPHsQeO5OT35FMEmecAAgnk8ddoHXPPOOmATnB61thYgEEAjHuOmPmAG4HjoOegxggzCOTA5AHTaOckZwB0Pcd8HvjNe86lR/E5tpfzO6ba+Xre1rLyZ+eKMVHdNv1ttHdW3vvezvdLUdvJB5HPJGTjLddvTGOnHQcLhaa0i8liScYPX26gE549PUjqTh2CQODuHB4OOM9+B1IweQc8nvUZQgnJGT7AEY46c888Z46k5yM8lapJXtNv8AFLSKd27Wb5rqztp0Y4xje9ktnokm7Wdt1bZO9+l9xjEN1ZgScZ5zlcjtkDpgHIyRzjPKu75IyMfMNuFxjrztXofTjOPU4ZwjKAkAfN0yc8DOdvBwOQSeuR8wHGHbDzlccY4Hc8dcDjkYP4ciuKc6zT5U1d2unre8bOK/Jq/bQ0uvJLTayeyadvuXW71KZ37hxkvySeoHbAzjp0z/AHhwepb824AcAbsfMcZAIH+8M9RnHfFaSxIch8427RgdhknI4PPc5PGTzwaa0UYABOAQ2GxyWHQHueO304GaUaVZaybTWlpS7pLomr9dm7rVKw/aK+118rrRJXsnsrd9rNK5RCyYXa/zdyCcZ9cdMluOD39yDOhIIUseDjGeVycA564znvnA7iphEMYA6DsOTjqBwCSeR24wOnIdGgzyg6Ad+M8FstjsSSc/KenTFbUqVVWanJJuN1eyv7qu73vps7aWWmyInVpq7dr72SWlraq681qr7aJkkbNnjkZByTghT1ORxxj8SBgelxNxChdoADZ/3QRzu57855HaiKMf3Qy9CCSQBtOOMNjJxj+983epxGAACCB82f4uxOB7A4H8OTjI5r3sHConFzk5JxkrNtK14rtbRPTRX3utl5lWopaxTX3t+67PyS6W6dtXZ8Y2jh+nQAnBwQQDk4OPXoDkE4NWN4JGc5GSMEkBm9OoxnGfbpkjhiopGcc4OVJOAe/HIKtjIUd+PqoUDjaD0GRk49cZx3HToCc4wAB68ObRLq13uu/5Wbbtvruzldn0fduyXby2XXbS2vutOQkg5xgZ5bI5OV6Y5OTgYPBIOMimhiTleSAecd+hO1QDk9z3xyCMZVELYyflA2jOTnH1HIzyPwI4IJsquMEDsQSDjgZzgcYHXA9xxhgK7KdCc3F7a6XtteK0W9nrrrey6WIk09Elql5W+fkvTzIkRlbJb5iMHgjGeOPmIIPfPAOffLxnj7u0nB69jweMjkjIAz1AOCDUwjY5YgYwQCBjOM4bHbqOMAjn0OXMCcrj5sgkHByevXljyQAeBwMMuAa61TmkrTm0uXVbuStp00TemuifmTaXfXS/Wy0drOydtraW+VyPJYnkdgM54wFx0zgkgH0z6DFKWBIzg9cYByDjvz/M+uPdSoZQAhODjnnBz3yeWxjnAzntikK5yxG3sB0JGOGx2xyRjr3HQm0qkeWzaT5el1qlul1sl52331luNk+bR2Wuj6Ly69tutgBH3c4z7nA9O4wOfny3XGMjOQEltpwFAwR6HHTuME4x6D5eOoUxgEE8HGODtOQR0yeM8d+MjnmkCsBjPHJJOBk8ZGfXGOPmAAPtlx5krtPe999XypPrvbX5dAb0VrX7N6Wund+dmk0tddLvaULk8cKeS3ByR2zk4IwOeRx0OQaadhJHCng4XBK8ZbnpnI9hx1IwajAcYBOVHUfNncxB6quCMZBJwoyCSTTwoLE/7oYce2MdgB0yQc5raMG352T1dnpy67bWf9bk87d+mln0W8bPXVJNbbW3VtE5RkkhRkcAEg9P93kj047kE4zh+7nJOOOgUDpj27Y44PXkjmmqFGTzjIBG3GTxg9iBgH1xnknFKoC4DYO7Jzz04wScYHTGOg9ea0jTi02o2W701ekdk/VarXXXqQ5S3Vnrpq0ttdGn2Xz+Q8cjpjA+UDpx0yOffbz69R1CvTJA5BzgjrkcccHjnGe2epId0AHA+6CevqG756dTztxx6AI4HPRhgHPAJGce+eh9/wARm4u91HdpRu1pZLq+v2U/N9bJ1GSaV730u9ebXlXRdt1darS7dyHCtncvzAgg4B6dOvOR1J6/kSXENtIBHULyd3t7BgOcZ75PHNO7kEkA5XgYGAO7ds5/HOPSjHyEEHGfTOBz2x7cgdj3ocFo1dRd2m9L6xWm71V2r2b6EuV1aT137WStr2a/L5o8p+OH/JHPikFAP/FB+IARjt9gnyBn3/w6df4Q9J/0e11SLb9++1dyQAfmF9O20ZOQ+Bg8EZx16H+8b4x2y3Pwn+JVofuS+CPEKsQSchtPlHAI7A59+T9f4E7zQ9L1HVtSjuNT1K0WLUtXiWO3u3gWQrqE4KqobBPGTnG0c8d/k8TWlQ4uySUabl/suJSSuk/3lNb9LXXrt3v99w9SVbhPiOmmo3xODk5KN2rQenKrX0SX5PZlbep1W5BEduoZpR5jor/NAFDAMRuO4HgZIBzgkDHjmoXiR6rsb7NIQ0m9mmiXaC5xnDZPJGQM/wC10Ne1RfDvwlqcj3Mup3sqB/I3PqLmVSgJO/DZIGMNz3xnPI8xvfhb4VOrvbfbVkdyxSVrtghiL/dYkHL49TkYyRzx+tYXGSceb2LV2m3FxbtZflrZNpteTZ8VVwajOMfbt8ySX7trVctrK6te6Sevrrp9f/BnxNpNnol/Dc65pNpdzCIQxveW6ExrEu7qwOQPTHIBIPJrRtvFWgrqQtpdV0x5HkbM63kAjKiYttyrkZI3YwSDnoOp80+EHwh+H7ahqK6na21+ttCrRNLcMwhWRNrkNu+ckZypO0/dHHFRav4H8EWGuXU1hplnd2VmznJJWP5ZiAu3dyVxz1HTHQ5ujX578tFpOs27tNXbSVkvV306O3Q4sXhl7eSdV3dNbRTaasray28nbr6HdfHnxR4Z1HwFrkNhqtheXJ0DVUMcN9C7IVtXGCvmckgH+HJOQMnGfwr/AGdr6w0z47eDLnUL+DT7ZbDVBNcTMESICWR0Jd8gqRtAPGeflweP1T+Kmh+GW8AeJb7TtLs7KY6BrBWSNSr7vIkG7JxnAJxnt2HSvyN+CVpZX/x48DWN7HFd2p0+cNbzjdFIxVs7gMAjjkYAbcG+9XVKDUal7WaT919OW6v1d21u9NLXNcLywpWV7J3ley6LmaV316Xd729P2H+K3jPwhefC7xdb6fr9nfXD6CyiK2njcyMSf7pZvViMYGPTp+YP7MPiTRPDn7Tei6rqt/FZ2cGnlWl2tKVY2zKi7EBZyCcEcqAc4wCa/Qz4u+EvCel/CvxXNYaFpVnef2JKxuLa3RJcEliAygkYztGTkenBWvzV/ZnhsZ/2j/DcMlrFMhtRhJUVlObV8llYEH3zwOQcYxXRCCiotycrU3yydk4t8t1Zett/uHQ5ZUK1oOPvNNNq9uX4k0ra21vf77H6e/tZfEzwn4i+FtpDp2qxXTr4gtpGhWKZH8tUGZWLKAFHUgkYHU8c/ml+yv4z0Xwv8V/Hs+pXjRwXSzpbusEs4kZpw21VQM2ABnJ4AwCRzj9NP2pdH0az+Dt9NZWOnw/6fZFnito1lyzIHAYAkB84IwAPXtX5r/svW9s/xe8Vxm3t3RLWZ9piQhC0oKsuR1IJPY9MjkVvTm17KDle07t2/wANkvS+tm9XbV6HLTUFQqtRlH3dIuSblrHW9lbV/rax9OfH7xz4Z8W+D9OstOu5Zrl9ftXaI21xEHREy75liVSRjBGcYAwM5NeIfsm+KfD3hP4jePZ9VW/uYp3YW62lu85MwYDDoqsQFUEZA6g9jmvo39oa1trXwXo0sMEETDxAhDxoituMEjZAABCnDEc4wOcHgfPf7Gxim+IvimRo0lDPduwdEI+Sb5D8wPTBIOSeTzg5bWMFUx0Fd3slK232b6aauzvrqht2ymb5N5XSbvJJyjqm0ra/3eqS6Hpn7ZXj3Q/FXhvwcmkJqsMltrUjzRXVpJbxhWjYKImkUBiCemT0/GuR/Yj+IGk+CvD/AIyF/pOsX7z60ZA9lCJIoly+DIW/iYDp1I5xjmvVv24o7WPwv4J2xLETrEzblUKCwBJBCjJ4PG3H1JbFeZ/sWeVL4b8ZlstH/bXz4TJIRmBAz6Z3HAPqcjNa0qMZZiqbm4x+1JJJr3YtNJ7dr36K9tlzSk1lcZctlz6QbWj9pHrZOztrZW7bO+b+1T450vxp4k8L3FppWs6bFFpt/HMmowiJrguC2IQo+6Ao6kDkHuK1/wBkz4jyeHfBGp6bD4a1zVYbrxFcyyahp+AYBuJWFslRkAEHcWJ78Dmv+1csY17wltYAf2bdlEAA2jy9p6AHPVuhA44GARsfsUyqPCWomZHa2XXtRecDbjajYTIOTwQGPcZ5OBmiVNf2xUiptqMEuZdLKL31u7L/ACavp1VJJZJQioJ3mpOPM/5o21te7bva/wArnGfth6tP4g8VeEb+40fUNIZ/Cd2sVlfbRLJCBtWdypOC7HChvXPXOfdP2SPiL8UfC3wp0/TPCngWLXNMstQvnlvzqMlqzSSEF7eRUJ4QYCv3Bx04PkP7dE+PGnguSEkRv4PuVjGckrldqnoFCgZxgY5BBBxX0h+wzdJH8JpGuHOx9cvkUcMC2FXIX2xg56e/zZyq0nU54Sb5Yzbe6+0rJ3d3e9rLdLXRmMp8mFpS9nGV1BKLu4rXR35lK+vTumz8+P2lNUv9Q+Jvju98S6Oml6pfWnnXVhHK0iwCVVwA5OTuzyTnHzE9K+7vg5qXxQh+DHw+i0Hw/wCGbnQk8NwQ2csl7dRXJj818vdqqlcg9QTzyQck4+NP2yolb4t+OPIKgnSoXJKgHkFlBJOQBuOF5IJyc4r9DP2c9WsrX4HfD+wmuoPPuPD9uhVpYsKQ8mQcspUkn7uMHJ4PdRot1+RtyXJC3k0opLS3VWs9Lr0Nq1VxwVGcY01JyvZq6T5VfRvo1db3vdrVs/Nn9q6fVNW8da1fa1BbWl/aWOlabPDZSu1rlCrK8ZYZIyxHUltpwSTur9K/hD4l+Okfwk8H/wBgT+HBpVt4fjj0xZ4t0scCxFXFwAuGlYcLu5yC3PSvze/a4kDeLfG0kci4g1HTog5KnITaRhgCecHBB6Ac84r9Uv2d9c03/hR3hG1muomuX8NqxjWaEspMT4LDeWyT1XjGDkDg1vTpxV4zbaSVouSipWkr9r7abq721FjJSlQw0lGF246OKaTtF6R5nZWdl0sj8SPiUNUHiu0n1AQLfyeOLidimREbtdQ8x5FQ4XYZsnG3hc/LyTX7K6bH8ZbrQNIli8UeGo45NP04qj6TDIixC1jbaRt+ZwmASc5PA5HH46/Gadv+Ey098osf/Ca3b7gf4ft7YwQTgZ5Y5wxzyTmv3U8H3+nP4e8Oxm/snkGlaacG6t1wXsk4xvzuBJwB1wDg9KIYem5TdRtcqi4pSsrNqVvd5W+3lq9rF4nENQpKMU2377lFSaacLrW+j8rOz0s7H4nfEe3v4viN4whvLyM3n/CSWPn3EEQjWe5adV3xxrgRhTgoABggAnrX6u6H8KfGJ8BrqEnxW8UyLN4eac2q20bQiM2G4WwLEN5ZA2AjooyMnivy0+MhRfij4sdSo8zxhYorDLBvLvA7bXBwQFGSQMHrnIyP208N+LvCZ+Hq2v8Ab9n5yeFtm0tja66fhlJYAKwYEMCSSxJGQMU8PSpyhOTgtG0tVeOuklro7JK620u7k4uvUiqMYScW2lL3Yu9+XR+67Wv0evY/B620u8k+KHhG1lvpobh/FM0CXEYxNC4vSn2lAMASggPkdG5HTn9WtT+H/iGy0uSUfEfxcJp7WeNpVmZxJCIi/lsNx27s7WzyV4yRmvzGttr/ABn8DyvOBAPG00kk24BRANQJEnPQBR1IHr15H7aaxqPhk6PLDFrWnHbaXboXZBuAt3GC5JJO7IG3JIBGcAEPASh7LEc8Obe0dbbJXSS2V97fjvGYKUZ0XGTje12kusou2qule+1nrfZWPxB0i2vJ/jX4befU9Q+3SeKWtjfRytFeoLe48vz4ZU+aOcoCQ6nIY8AkZP6f/GXS9Sl+GPjJ/wDhOfiDqcVjoUxGm6x4gvLzT3UZwJ4JXZJEI5VW74JAIIr8zNKkt4vjn4WuLq7RbOLxldSTSpl1WL7VkEbQS24HgLu5xzX6sfFfxB4bvPhX8QYtN1JZ57nQblIIRaTpI5VsMGZowAeARuONoPOBWGXwpLD4lzgm7vluk3F3TTS+7azvv0v0ZhKTxOEcJtWUbtN+9dwb6vW6t3116H5mfsx6Rb618YdMsNUiuJLZ9EeRo7a5lt23kHAVo2U4BwcZAPr2r7n+Ovwz0Gx+HniHVLWz1ET2emtJA099PIELvhuHchsk45wCRnk18T/sranZ6b8ZdMu9Scx26aG6F0jZysnQKqxqWYc8kDAA5HBFfoP+0B4q0y5+FPieCG9uGefTVWNTaTLlmlUBWYjABHOSQAP1mjZRnzRjZXSlbXVJbu17NN7PW72di8RKbxGHcJzUfcule28btru99Vffqz89P2U9G0i++KpttXguJrePQLqZ0S5ljdnMw2rvQhiqjOVyV47dD+g3xX8E+FF+G3jC4g025N3Z+HLma2eW9neONtu5GERO35R/CwwCN2eoPwF+y3rFlofxSnvtRF0VXQLqKH7Nby3DvI0ylQI1BJAzySGxjpjNfoB8SvHOnX/w78ZWEa35ubnw1chS1hKi7dvyiaTYFTYByCRuJ54r0ctklhKl11mnypbpxtrZtW6eq0T0fNmj5sdQld/DSu013W1+/V9mtmz4N/Yz0nTNb+KWoWes6ZbahaN4WuJhDdhnjE3nKFkCDHOSdu0E/MVx0A+3/wBpTwJ4UsvhB4q1C08Oada3cFlC8V1EjK8TghcqSDggnHHIBPIA2n4X/Y31j+xPiZqWoz2d9fxjwxcwpBp8TTTMxnUAlcDIHAJ4xtIJzivuj9oTxg+ufB/xdp40nXreWWwiInmsvLt4VDKR5rgELtVTk8YIGSBjO+E0oVXKN21Kzeq1tZ+T0++29mRjI3xlCUZSXu0nbms5bbq+u7WifTa6t8bfsTaPpmteNPFFpq1lbXtvDplvIkd0hkVJQB84BzuKnoQcH72fT7U/ak8HeGtM+C3iHULXR9OhvoZLLbeQQFJh8w6N9NoOD9etfFf7G2rz+HfF3im5i0XU9auJ9LgEVvp8SPIqIBulZT0QcZ56k5G45r6z/aS8bX+u/BrxJpk/hbX9OWWSydr28to47ZEDHgsvKsduCOcdexrmpOlHDVG4Rc/es10s1a67pen5M2qqUsXQanZKUdE7Xd1J6d210V7310188/Yi0jTdV0/xpLf2ltcmG+00Q/aYVuCrEchAwO3J6gYHIBzzXt37WmhaZB8CvE1xDptraXEOo6euY7eOKRsSNkl05BIIIy2McY6Y+df2Mda1vTLfxlY6T4W1LxBI97p88r2LxqLVVACCQuQD5mBzySBx0C17n+1Pqfi7U/hB4nh1HwZrGkWj3FjcS6hcyRNCArEBSqOSDzgHaOMHPaphUcsHpHXlfXV7O7s99fvVrt6qMRCTx0eV+7eD95pXty/Zvv0W3zdzzX/gnnZWlzF8Q2ntYZBB/ZfzSQrIwy5yUJ+6WGR0wc8ckCv1k0Pw/YJeXVxBbrAG064mDyKp3ZtJc7QQOpHHAxnjGMV+SP7Aepajpo8e2+m+H7rW5bmHSmZIZVj8iNXJ3MGwSW54H4ckGv1eTxB4uNm8h8CXARdLvgsoulX92LVx5jAHPyZJbklyDxjJric17CTVLmai1e63slZtPTS23a3U6eWUq8OeoopuL0nFSbbindNq6aflstEt/wAw/gLoumXnji5a7gt7syeLPEQWFsrK4W8m5ypDlQclR3OQdoy1aX/BQrw1bWzfC2eaaHS4LiG7giMgeVEQq3lljtymwnkrwRxycCvLvgP4qvdB8fXGoPod7qFjaeJvEJuJrdh5sczXcjbI0chWWMt6AHqeu2vsf9svw9pXj7w58J7/AFmHV9OVIryeeee1UwQLNb77dZSSUAyRhxgADOc5ry8fJQwUJQjaW2mtpNRV3u7Nu19rX00Pbw6p/WeVu6bs7yVlZRWu/n7ulr9Ukfjp/wAKM8Q6jeR2+jXei66LiJZyLa/hhcq3zZKzuuGAJwAuScjJ4x6B4Y/Zh8cSXUv9u28HhjTLeSGSW/uJUnQxSEDenlM+Bt5OBj+E+g9Ah+B6XEUmq6X4lSW6gkaNIrKeOKZot/y7GSUbSB1PQnjnNU4dU8a+B/EE8V7qevXNhaW64jv5G1C0mYKCkU0JLROqt2JOQeB1FfNYZV69eMHFpOSbXJK1nypptO7dnrs1bo7o9vEToU8P7SEY+WqTT5V21T0bd9L2SPM/iT8KtH8BT2t7aeKI9bmuLiSIRx2rRxwxqmfMSQxhSrnooORn614vOkkbhpGYswLRrtDbsMT17HB4znn2GK+qPij8X08dWml6PrVrodoNK23Dmw02KykmkKeWI5di7tqgBscgE15jBY6XMBdxpAI1CeVlgygNgsSuMHIzz94DvWuMioVrRUlaysl25eu62el+pzUZxnSUmrO99/e6b8raVtUrbN63szwDVLcCa3Z9qFwx2gbcDJGWH1yGB5A6cc1iC3EYk3bcHay56DBGMEZBPKkYIA57rXd+K44n1SV4mj8nz2EJUAArtywHHIyMAcfMQR0GONuQdnA2gqVLbFOADnngcHB5wT25wAeulTSox80m/wCa6ts+66ba7dzKc4t8rfvNK107/Z66q19np0eyuepfBKEN460zLNuUSOCqg/3iAOevHuDg9DX6TaZ4Wu5rOHU4pEiYSMojMvznc20MVJ6p8x2k4JDYHzZP50fAVvN+JGhLtyoWYODgHIQ4OBzjIz8vOOcV+k0es6hGsNitpazQLcMxCyFJCqsp+ZsDqVzkn+Jhz1H3PDcaTwlaVWEpx52lZvR2jZX1avd9O73PmsxnUVaCoKCajZJ6a6WWnk7vvc5YeGdei16+SB7K+meW3idLjaoSMrncCp+VmGBtBOSTzkHd7Dqmh+JdEs9PkvvCEV9aTWiygxhbjIH3nK7endd2Oje5rx++8V3enapq1zDprMgubUyK84LJsIG6N+S2do4HJOTyMA/Sp+LFhqGnW0s2nX1tHBoi24DncgldBl9o45PQnHJIHc104VYSrWxd5unaooRTtdpSV76NPr6t6rqFWri4KjJQc+aMU5Rb0ScW73eqSTs316WaPmPxtJoN9BozL4at7K7l1dGnP2ONHmt1XLRjCjcrFiSD1YHBO7JwV0HwPrUl3DdaBbWiQuEUiL7OHXALghB+p56ZHVq7nxze2mqT+DrhHTyk1Ib87VdiWbghSBxkjPAzwcbga9B0fSdPvX1J5baDy1dAo8lMMQFO48LuOOTgYPcN0PFVw9CWIqq1Ka5YLllTXNsne6VraNPdu2jsbRxlWNCEm5xeri4yb2snbolFrW7TvZLz8Es/hN8GdTmeNInsbtHKs/nybQWcA8OVUr6YJAIwCQRXKXHwo0+z1bWrLQvEV7a21hJEbW5t9SktGAlG5gio+1tpGMEjk8HHFfTWp+EdAvNVS2FrAu5QztETGdxIyzbcDPXBzk4PIAGOKufh9pN3c+ILdjMogu4RE0UrI6KRyMgjcOTjOOTgYHFFTI8DinTUsFRvObjzQkormvG9+WXq3v5diYZziaPO1iK3LFRbtJyW8dr9b73st9G9/FV0/wCJXh+CabQPi5rqGBJXS1uLprlXMSEiMguwwRwM/MMcg9K4nSf2pfjtoMqxnxFZanFBK6OuoWMW5jExUB5OWJJBBJyemMYIr2fWPgzeeQZ9C1W8jkk80tDLI4DDYxAwDySMjpznHHIr5euvBOp2U91aXsIeVZJUVN38auxfJOAd2AQMk5J+lfJcR5DRyx0fYUnTVT4veck7cttdLJ3tZ69dXZP6HJc6rYvm5qjm48rjunb3V2urtLbbufS2jftzfEu2IfVfCOg6spGXaCWS2dlAw2NgwGJPA6E8DgA163pH7ePhq8OnjxP4G1exMBZmfTZBcRIc5ba0mGOOpyMcnjpXwDNo91Z26DyWQlmQ7hgYz83Oc5PcdDx9Kk0ewElyI5yJES2dmU4BLEbSeB1wB+HOccV8jKgm0rSk7pKzaeqjvbt1euret7n1MMwqxtFSTS5ea9lvy69+93pZpvXp+ruh/tn/AAN1ZhFceINV0MNhRFdwyIqMx5yY14wx7kqeuPlFeraV8efhXq3kW+i/EjSSvmI6JPKsJOcHJacrkjO0rkdwQK/E99EsiEAtgS8pUb1BHJYYLDqfQ98sAO1XLjwnZlBILeNCjqCUZgSScBgVIIxnoOe+CAc5rBVHJSpxk7R1WrSVk/lfvfV6adLeaK1pxjaVrrT+7K3fu9FZNWXc/fRfFOjarbPNDrOi6zIsEhCRXtm6upUgEKJchuM4Kjjj1NN8OppgsY/t2lF3k3sv2VIwi5kJ3KU5IwRnv129RX4N6fo+p6fbG8sdX1LT2e78gC0vbiIrgZGGyODnBB98Zxg95p/jv4ueHww0zx7rIFuA0cc1zLOFXAIUB2YckHGR0BOPmxSnRxsIO0Fq1bfyW9t9nr+WhpSzDCyVpK3wtvRp6Wu22r9bJ3+9XP3N8zw1JJH8l7CImAAlRyCSu3oytkAgEhsY9gBjyMvoC6nr1tN9kkY6iHZLq2jKNHtAGC4wcbcFe2cE8An809F/ad+POkqvmatZ6spYArdWq7mX/aO3PIwOCzEEfwitdP2rPFkssr6z4S065eWceZJA7K+9MbjkKDk7eeGBIwR0zwV1ibRbhJJNO0Hqtul1fqtlr30Z3UK2DqSk1UUb8sU2rW+G33Po1u9JOyPt/WtK8DtcPLBp2lCZ5QsvkP8AZ3wONo4GGYhsDB5IB4JrJ0Tw54dvm1Ky0SbU7G/1FnsryWG7RorSIgiOUhpAvyOQUOTnjOc18w6f+0t4U1CZIvEHhW/sZGbEk9tGGCkqRuDFgDgZYHAOBkkZr7x/ZG+Bfw9/aou/F+qPr/iPR9C8Kmxnki0eSWyuL6RpQXikdGU7lQliABkkg+teXipYqtKlTpzlCbdldtRi+W6bu9HZb3trezO+nDC0aFSs3CpTi7y5Um7yS1W7s37r39LnxNpfxf8AiH8HPFuo6O2sRaxaWtzc2TWWrlZpbmyjkYRMJRlomkwNrI3yjkYOSfsn4N/tqpf6hd2E2t6l8ObmXykaO6nk1HRp5IyCBHFcErD5m3AIAC+oByfIf2l/2Gfij4F8QeIfGngPRb3x34Ku72dNLeCQ3fiDTYrYOWe/gdjujRVJZ4y2QpP+zX5y3Q8UxzSRXUflMkxt7iKWEwyI6na6PkDa6MuDt5Ug546KOY5pl01DE05TjJL3pJNNWjdwk09eul73XW5LwGX5hBVKVSzjvySW7SupXdk7ror62VrH7Ea/4O0zxvr3i7xZoXjq01MW1qfED2N7FGn2vUSTLN9muId6DcAwRXYZ+6TkGvhvUfE1rP4uuH1OH7NLLd2wEbtynlSpuYkZAUqMbs46e5rwHw38RvHHgeaRNH1i6tYZxGLixld5rKZN2SrRsxwG4DZII3HsuR9A6R8bvh9rgij8e+Eba1vjBEq6tpcQLSzRkFZZlIHC4yyg8gAeud457hMRVhGrKdGSve+sea8bWb+6/wCF9Cv7Kr04e7yzV9WknKy5Vazet72dr/For2v+tX7SX7QXhOD9mm28BaXod1fX+t+G/DNjHrFuJPJtZFjidkuQV3JuKDY3KtgENxX5r6VpVxrN94XsyC0lxNNDc+a21I4y6yHc/GMqvGAG5bvyv3P8P/H/AOz58UtJtvCvjzxZocehz+E5xaPbu1jfSa3p9uzaXBcsiqTsZEQKo2yYYHIJB+MtW0R9jNoc100sV5eMrxny2MSOyxNGMg4aMLyOu7IAJ5K+KhWUIxqxqRfMvdev2Xrsuuj6N6aqxzUcPUocz9m6bTSad7TbcXeCstFdXvs3fbQwvHyadL4n1EadGjwacNOshJF87FYAI3XJyrBTuAIJwSCTyRXN+J/DkSWdpPjCyXcrkEAsokUFRnsTye3oMAHOfdvdxm6SUyxSIYvNaUFZJJDINzHPJLFiGZu4znHXuvFcU7pp8EoBi8vTpiTjB3QuTyDyTjrlec9eteZJtU6iWqjZKTs2ruyWt3tZO/bU9GnO04uTTtZ9LPzS06JLp5paM8Y0bw3rGqB7fStNn1CRHeV1giykKx4O+RwCIxg/xnPJOSCKzPE2gagY7CSW0CyytJHMwByzI4DqoAYfKcAEnjOBxnP0F8OtXvLLRPEGladH9mhvdTkN1eIAs6pGCoiWTG4K65BUZBJJIGOef8TWEhs9IlBBka9aNfmy2Glyx56tkYLe45bkjnlQjUwdR1I+82o3SW3NHVpaLXa6v+m1Os44mDjJ25eVpO7VnDbey09N9Wjya20aMW0rNbhZrSVFkjlJAEZGB94DIIOSd3PHpw0WNxaahH9gkmtQqbw8TMhUttLFQpwRycc4JwRkdfe9H8MxX9/qdtqNpI1s5tZrh1VEdcqc89QW/iI4JOegrn9e8LxaVqUc2nzSPaywSMiSR5KRqu1VBcAE8kAZ9vTPg18oVOlzxad3Fq29rxvpr0aulrdux6lDMpVK3JJOKaWm2qko2WvVfFvbf1p+HPHviXSR5d/t1ayRlP7zPmFAMABuWyuOAwB7diR7d4c+IngrxJcLaXgi0m4YL8twBEjMuej/ACgYJOcnI4AwcmvnhbOdLVXDAxPLkbQDjBzhgCQR0BO3H1IyaupWVkyQxyQslx5ZcPkgEryGyDxg4YEc4yAc8D5+r9cw91TqScE43jJ30920ddHfT5Ja7nqpUK6jGUIqUldStu+ZOKWiVvud+rep9f33g6K4sX/seZJrdrhbtSpDB33B2CspY7cDOTjrkHipZUmtkvRcQHf9hWIPggEYGeec4PAOeR0xgivl/wAO+JfFXh9Yn0u/uVgiwz2ly7SwkYwQu4EgYHGOnQnive9A+L+n6nELfxNpf2NJEEUl1bqHiOBgZQglScg5AJJz3ziI5q1aFW99HK+t9Ffrayu+t9fkiWX6KVNvXVbX3jrrqldNaXaTd1ZmzpvmCyvmSQpiSORgHKhtqKQCC2DtHPIzuBOeMV0/h95gsTtO3nRxia3VznaVl3YwQByAADnO3HPaqlvbaHqayPoWpRXkU8RYxqwDK7AEBl3ZIwMHjr2zV2ytLy3MUO0RTwQkK7HG8B8YUEEdOQTgEEdCSK66WNwtRRUZxjJNJO6TbbivN32tro9lbbmq4WtG7lFzg1ZrX+aPS6s1GzTaWqva59t/GaC/1PTvAuvW2t3LapceDbCJrZZ3jiUoqRyIsanGNn3gVPJwQStaWgWf9lat8PLqW+kt/LmsZbyYgFYmMq5mLHAIBJyTxkAk9Sev8deGrO5+Hfwz1+xvLO7EfhyKPUUEkRMM/EYHyNkSFz8ysMgduaoeIdHkm8OWErKlvJaWNs3yHaXVyCDng57j252gsavFwdaNR87k+WHvpttOSV7NOyk1q1e1+7PLpTSjTpyfJbnpWcWvtW1s1q0ne/yTR7D+2z4b0q48I/D7XbKztLu+u5pWk1i3gi36hbbN26WWLLttyRh+ARhRkAV+cchKjaIsQjuqnkh+mT3U9entycn9FPgV4P1n446trfw0Osz3k+keC73VdDtrhfPKT26TSfZ7ZXyokuGTyt3BBOe4z8c+LfDV9ouo32n3dlJY3Vjdy2d3bTxeXLBdQSOkvy9+Rk9j0+YHj8fz3EVqWcVYTdRQqRThWmm41J04wU4KT5eZxuuZJr4k9UfWcP1aUcNLAyqwniMNarOkne1Ks5Om7S15HZprvB3RQ8DozXZXZsQbyTjIYkcKOwI4B6jgj7x4/q9/Z1T/AIsj8O9wIA8P23bHWKPb0x65GTyR+I/lk8JWpRpUUgssQc9wMjcOT1yD1x16djX9Uf7OoL/A/wCHRGCD4ftMHrx5cbcrgn+E9MHAzwK+p4A/eZtjZWu/qcEn0sq1NtavfXS1k9bdEfD+KkmsDl7ilZ4uTXLbS0Hvpp62atbe1j1dl2hQowMHJbjAAPQkAcnoNxHThsVEVOTnk9WJwevXGOuOT15P4VfZRzkbiMHoQMdh0BIOOMDkgcc8xEYK4ypO7HJ45OOuPu5IJzkHnoDX6jWg0ny9E3ZfZ20Xe9nZrZJ9j8ZhWfuxa7LVJqN+Xv2ezt37pmbNkq2DkhcZIHTtnB5xyoOecgZxnGPMMlsKxAwxODxwQRnPU7sdep5wTg9IyEhsgFc/Nt7YHOMhcjjoRnAA7c0ZLXksD8ufmzkjptJPUfdA569Mg45+dxlKpKTsneKsrdtGm1dW8k9lqtnbro1Upd1dO+7+y7W3T9bNdn05sswGSNq8gjryMAZA75BIJ469Cea5U4yx3A8nGQScnIAxjj8ecc4xXRPaZb5gc5zx8uQThj7DsScZx68VVayXgEjuAcAjAPHI5GPzx7dfEnQra6t6r1TvHW1nbzd9bve1j0YYqDS2SutVZrWy1unf569dNTE3ED5V5w3cduhGRz0OQMYJJ9TUTSNtbgtgEEDoT0wMhj7knOO4PU7T2TKNw5AAwCAcdc5XBzxntj+tJrVyScDIGcA4z97ccHA5IJyQDj+EdvKr0q6ukpK+i7Xajq9++6v7ySvZa9lLEU7p3i1ez6PXlSttZ3e63v5RtlmVsk5K5GcA5weOuQ2G9Pmz1yeRiMTMpb5sA545JyfqMhjnjBAIB+71rSezwScNjHO0dGAzjoB15J4x9eaqtasPugHnOSCRjtk4+meBwM84zXl1aeJipLmmra9W3rGy7LT79dGdca9KVtNOz7JRbbX373vfexHHcOcfMxGMHkk8NzweDnHUE8dQBzV6O5IODuYAHOMjnOSGxzxgEdMEfnV+zMMYXuRkZ+UnAOO/OR0HHfnOJUgYDoR7jdjngE4znAyAfT8qqhiMTSkmlO93e+i3VtNlpZ6vfr1FUjQkpfBd3XW+iWl9vXt3Zqx3G4DCnqMbVDYY+x78DODkdRjmrHnF8nDZUg/Kerdc4HU8dR0wDyBisoK6kYOcHBXjI5ycEjBBGMnkEZ5FS72O7nsOoycnJBOGwQBgnacnnopr6TCY2bi4zTUrLWyV1eN9b31Wrtout1e/nTw0W7x5bNvs7JW/zVtu2r20/OGc8lsZwPwA4BIOOhJI5wBSsUbJMYzwDknGMclcdTjjkDOevYZnnkEgMGGByBnb2wDznJIyoPAOBR9qbqGzyOgIGM9yMdcnBPXn8NJYv3l71rOyW9npba2iV901bW2l3Kwc0uZX36SeqtF2S63SautEtXezNJlUnKKAGOOvOABnIwNvA5bBPJyMiqzgDkDK9s4+XPHykjJHb5jnr2zUJugwIBPBOTjluufw+p6EAE8VE8uWPI2g/wB4kcg5AAIBx/tZwAenGcp11JN3V+r5X/du9dd22lp1XduqUGnaXNa9oq+1rb3s7636JN731b2O3lcbTjHTIAGcEEjg9s4P4iqxkx93knJ5AwF9CTk8/dAOD0PB6OZweAODuZs8Hp6Dp/dHOPywWRoGA5AyCOecHJOTnHQ9yME5PNSp3subrZ6WvZq99dEv8t76bSW9pPVLay6xT2e6t9yv1uKpPUEdsYB4xtyD1HPOB2xjp0tRlid2SQTycd/u/LjJ45I24xjJ4NVjtX5eG5yCOfQEn8fTgHPOanRwgIIAC54JDHlsnlfmGeTuJORwTwBXXSbUU3UsrK9rWe3Sys9+bRbbPVLNq8dr3s1fXovS2tr9d3btZUNkBW+UAfMSRjBB/iByM8DJJ4BHUiriGRckMVAbkAg564zzxjv0H04FZyzrtOMrlyOmSVBwcDIAwCQTjqeOuTYS5XoWK4ByRwuSeMkZyccAZ5Ax16+jSxFODT9ouZ9LpPXl1srJX3679LIwlSm4/DGztdKOqT5bKz7q+11ZvaxqQ30oGWYEEY44ORwOOOPfBJAAAzwdGO7QqeBnPJwM57HJ4x1CjBxg446c+ZUbuoYkclxyeApI6AgDoG9Ocmn+Y0ZA3YyenBJycjsfXr2HX1Hp08yqxslPmj52dnpp693dadzmeFjPWULPSyWz2tppe611v5nQrKCSyknO0Fedxz2BxgHOcg9O564SRhk/MTkkEZOAMHOQp98tjOD27nLjnLAHAB44I546AgA8Y79u+B00ItxRi+T0yw5PJ/j56g9M8qc4CivVoYr21leSuuknrdpX2but7aOztfdPjdKMXe9tVZb3vboru68rt6rRD2jOOSSAAOMLzjHvlQQPf0FPCheFBBIwS3bbnIznH0PpnI+7hwz3HJBHpxxgcdM/nkE455UkjkAkqRkc5J6kHP6Hrx25z2qMlGK52rLytovJa+r7LTe/O3f4rNKyW600ttZ77X2Q3e2CSOMnJBHUdMg5YkbvfB3dc1AynLZHPJGPUj69e+c8nqRgVPwuSSAMkgn0PQAZGMDj344GKkRdwyBjkBfug9up7Acd8cZBqou9rtvRdGui6fivWyZmkou99Xa+u1rNLs7/AJJ7JFBuGXHC7ckckN1HJHAyB29evcxlXdWXaADgbg3OBxjjoA2NpI5POBtBOmyMw2DGMZ5xwAeBnGFPHYN0/iPJasSgcoMf3gSSScDsAcnHHIIy3qQVOlKo7XcW2k3a927avazdlfdbWtrfop1uVdNOVxs292t/8V212avaxRS2DE5BZj93aMEe/I+nH+FWVgVdoK4B3nCgZ4OMYGD37ZwOeTgVopAGUEgsSQqjOBjIyQSAMck5xgDLEgiphASVwoHckdcYGc59cDIyA2ck8iuvC5YrLlUWrpq6evwq629Fp+O3PUxTTactU7uN3s7W/l7pu9tNUY7W4YHCgBeMjqB/ED2PfI+Y+ueBUD2Yb5VUE9GYjaQCOh4wRjjBwC2e+QOi+zuWC5zknBbJAIBPTaAexxux16Zan/ZzghwTtAIBUDOScZb3wOe3U9q7J5ZzaNPVJO62tb5669vK4oY5qyUui5VdNvbdta77N3d0+jOVeyUkgke+R1x7+mMe54xwaaNMQklgdwGFIJ/Hpt5I9+ODxxXVm0HJKKpzjjkkflnnnnrz704WTnBwihTnpngemQMEcdTn3455VkSm1ampeaT5vsqKT89OmnqbPMJRdudLa990/d2s22u+lrbpaI5pNPVFOF65JJyeeeOeAD0VeM9vSp1sGAUFVAJPBGAByAOTz1GeceldOlk/ykkleCPoR1wVODn8fzOLBsm+8eMcgcY56bgDgk4AOeMDvwK7aGS8jUnDlSS0St1Wm2l9vntezMZZleycld7X36JcuqX+dvNnJmywCCFxkHGMk4I6ZOemcEfLkgnPGWfYcnAAxz8o+XHU57LnnHbOTjsD1UlqBj5CzblA+UcdckdccEjk8dMcgiD7KQ/yjqcngDBweMggHpjPpx0NbVMv5Wl7PmbaV2nq/dT1T007mccY2789nu+bW6TWit3X4bLY51bJeuASAeAcnrtwCB789B6kjmrkdv0AxuI+70PI3HoB17D07DGa1jbtwChHXlc7vUtxgfiQOflXkCniDYB0wV6kEn5TwSTnqOON3HbkEaU8DyauNmrJ2bTVnF+aS63/AAJqYyU0m58yW2mr2ulZrs7W8/QpxoR8rHBJGMZJOCck9yOffn/eqdIwPmU9W74JBIwBzk5z19exG0CpPJGCw6jBJ4BPUk9cnHr75wetOwA2CM4J4Gec4I6jGeeozyD90kGu6lSS5bx5ktFdJ6u3vd328tWt7LnlVu7Xvda7rayXbW1unZ69WAqBnORjOc9c/r14x9ADT42zj5QpzlTx1x9BnJGTgKDxxjrGww2AmcnnJ+71Przkj730461JGDnJzjgk88nsByQefQY5AByDXSmo3srdHa+rfLZX1d7LS17K9kibxV93dWf3JWW/ZvtfZ2sTlVJO7aTgE5wSfQHPOP1x0PIqtqrt/YmrkjDLpOo7cdv9Dl7AfjwOSc8Dk3QgUfNwcMSx4xkDggjGAOvOQMA8ktVHWCV0XWCMjOk6hjoBg2snI56gY6+vY8Dqi5KnUvZLkm3FNt6Rv11fZ76627czs69Gy154X2u7yjZdbrp95/Or+zEZLn4j/GqbagS2v3+YDaSz6nMuAf4mbAxjnOCMHBH1D4q8V6dH8T9P0AgSzy6Xqk15KQFESJp4bYeeWPOMYOcnPIz8ZfALVNZtvHnxmtdBtorvUtT8X2NlZxkksg/tK4893UAjy1Uhi7YXpuJAIr6z8b+Dl0zxrouqXRe68SS6Vrst4FG2GNpbAI6rjhlABAY/KAMDGTX8mZjJRxlkm4xrKUrfzyquya7Wbu/Pqf1nQpxahKpUSdTBqNKP2tKNK7at7sUlo/LXVWPye8OeTc/FnXrsOsMRn1VItrKAEF1NzuYrjoM4Ge+STmvSPEcMa2eUuY2H2+LJaRCp3nrkHBAxhgSc8duR4HZ+d/wmesIN5f7Tqe7y2YMD9qmyCRnoBgAcDpjGDW9rMUklpBCIrj/j6gJBkf5iWJwSSRuP3VI6DBGAK/ScBi1TwtKFm7wTXbVRtdbNb9XdJeR5mMwbqYlSU0koxvo2laKvbV26dV6Xue5x2dtLYSuby2kkXT7nIaaMjcF4UfN1IPPGfUU7QbK1WytGee3XNjwvnoDy7ZGWbqQeSTgZz1LV5ImjSLY3rJBIgSCTAa5cHOwbucliCOfQ5A5Veee021uITAskM0wNsdgS5kO1RISehzgkngY447V2vGXUL01J6PfezSbTvfv6ra7OD6irTbq812rWVrXSS+13+e2l9T3+/is1u9PVpbQKZ9xbzo9x+Qdy3A4bk9W+orJgFr/bMiwzWy7r63XDTRsWAkByh35LZDEjaeDnAzkeO3kPmyWolsbqNBIVT9/KW4+9jceeoJ6HoOy1naRp0UniewQxXaY1G0beZ5diYlBwfmIOc4ye457iqjiW5puHKm4pWtd3svS1r9LrWzWxl9T91pTbcU3olbZO1tezTSX5H0j+2MxT4b6YSU3nXdEIUMOAqxA8jOeCTg4GACA1ecacDJo9gpjXLCF0CjBZVhBBLYI6DnnnAx1zXbftg28R+Gugkykf8Tq0bIfdzFbR4GT36kDnORkcmvEdB1ywOnWMRvrk+XFbsz84DeSF2j+JTnjr65BJ21th501isUrJ2UXe/Nq1B/8AAtfS6sTUpTeX4JpNqFSqpJW2Uk7te9a9rp21sne+h9d+B/OHws15wqW8b2WtDcBuJZbaVQAFycdcHHpg5xn8g/iJaMNVuleVyfsaPhQCTuDdtwwc4IHUdepzX61+CYFvPhXrEqXV1DE0WrL5zYC+X9ml+6DjJ3ccjgkHuBX5T/ETw/cPrbCa5+y2MlmCjD57mdUIGQRzGuDtIB5PIycVz4uSlWhay5Y6N9rRTst7tWVkuivc78piqcK0pxd5zhp1TUYro7vS+ljzPwPDe6hfSaVpGn3GqancQukVvbjcsS5O6WdvuogUHqQq8jOQMdXp/gI6Xd3V94gminuFLDDkNa2u0AsiqTtd4zgEAYB6c9PT/hF4s8I/Dyw8S3lzBFDPLYNDA3D31w7xlTHHyzqHbluQADg+leG6/wCL7nxXeS+UxtLFXmkWLeViRWZiTK/AeTn7oyvPJFePPlnOUp6pX3d1tFPyTVtlff0PWc5zahB+zpNq27bdo7dklv8Aa3S0P0E/YC1G1u/jtLbWEYeC08N3kjXIYq8rCXbtCjGUDBQACVG0Z9a88/ar019c/aJ8b2wdlAtLOQAFYg84jYAKSQTgKBgMuTgsQa7j/gmrFpkvxi1UwJJcXlt4TuWN02VjANwilVXgYycg47nGetZv7T13oMXx08eiSyafU7cW2JzOUjjVYyzKFXkgN0yucDGNvFY4CjTWZ+0SfL7NdPhfuau+i6X0bsn204q1RwlVhZNqlF6JWfM4aXS7rorvfXc4jwZ4A11fDaXRiQmMSyyIZ42ZojkbvLZwwDAhsYyVwe4x5t4/0+S317w9YfYJppGsJpAEtZCAzkgEFEOQrE4IJGfmzgjHvvhz4g+HdJ0K1F9oKXhfT5381LiRGD8Bd5yvyqAepOee2Qa2veL7HVPiJ4WhtLlbWO98KREwNDEzQiZ0XYjsCQwyTvHOTkdDX3UqFOVKDpXlJxV0mnZtRV7SWreiWjW9tj5KOMrQxcuem4wTk48zVpJKGtuito9L39Hb57svD2sfZ5kvbK/QKrNGi28vllcqRhWABOTknn2+7mvYtC0m8u/AnisXOn3Ed7DpdutojRkSyIrKGIU8nPHOCeBnPSvWvi54Bj8N2Onahp2q6nPFMLQzIt+6b2mBb5EGcRgbjjIwCCRkHdy+jeE9TvvDOs+I7XxROtppy2unXlhHOZ7gpdXEEasyMxAIVncckghuhUZylg6lCT9opRXKmu9pcrUnq1dN72+42qZhGvRi4uFm43au5LWK7X7WastLWV2eLWnhLxFcQO02jSxeTFHIC5EaqSmclXIOGGD6E9gK978PWelL4Csk1zXNP06+tftrrZedD5swVSI0kfduy/zBQ3BPoc1+hEv7CPwz1DR9L1u5+L+uKNS0ezuQPtNsUkmlto5Gt3jW4+RgzMigjIwQc448q8WfsA/D2x0G81iHxZqd/wDZ7O7mt4laKQtcRwyPG0gSYhlYrnbg8nGOoHNLGYFOVOo7yS3esU7wd076OyXLd21vdtHJSzSSrQanUjeqk0oTv8cUr3taKtr0tstT88PDMXh+1028km1iKyluL+ZjGJ1ZWQSMV6NjB5bkk4x0ByIrjxBYKZrOXxFmONy26PPltGCwCcH5jxg9e/XvrfDPwJo82nXI1GwS8uINU1O2jeRT9y3mManBOAFC5J/DA4rrfEng7w9pdsZ1sLFZGjChPKUqxO7GeMAg45IyQSpPQD18Lk9DGUqdZwg4tKXwKT2Tu29r333Wux9NLiCpharpRqTbUknyySi7tdNnrrb5PuvO/hP420Dw1rfjDUobiXzr6SIRTWls9zEyptwGUKWViSSSOSMnJxXVa/8AHIaqJbS5OrXECcJFDpsgDBG5GShw5GOBxnp1AOV+zlaR3OsfEVJLS2ZINQhhhV4EZY4wQfk3AgcHpnBHfNfRM3hm0lnbyoLRN2S4W3UEHIDYyrehJJAHH8J4r77JclgsLh61OnBTU78+0m4uNr2j20/zPks+z6pLE1qNWpNxcY/u1P3VzKLelu+6u3v0Wv5tweKrOT9oBvEX9naw9u3h9rZLNrd2uy+M+YIQuQuBgEKRnDHHOPdr34l4IVPDOuSkfxG22FVyfkGB0PXpk5PAA5bb6HbJ+1vHpxB2jw0zeVtXau6MjOAO/VR78+/1Hq3hfSYRJcHzFYSHoNoJJPI67sMCfRR26V9dgo11CpFVIpxqyTvrquRXu2lZN7abJK72+LzPEUVWpJ03NSoQablZcrUUlta1r6+dmmj82PiH4vGr/Ej4bTt4e1S1aw1cvHBMu17o4X5IwxIDHgntgkY5r6ob4o69HDM1n4H1aSWN2RInKRgoDkE4bsc8k8jbn1Pkfxs0uO1+K/wnYOXSXVrpgAMZPlKV5GOAACOoyeOvP0Nb2xkdpYInZhNKCCSVUZJJ47jGMjjJIDZwD3ZfVqU8VjKbqqLi4SbtFNppWaTvZR3TT1Wu604M1pUamFwFV0lyzjNRTk7x5Zrqn30W3Te6t88/F34xeL7fwHqcs3gK7tUS6sGeeS6VBGyXSENjdnAbkYBIb05Ffc/wK/ab8XeGbLw9qmlw6ppkb6Zp5uYQzyWrMYY95KFtrox5yRnJI5xXxz8fLaIfD7WElKkPJYlo9p5zdJ8uPXOckYHfPNfUngOOxXwj4XSGDakeiaa0qbVAYm2jPOAM5Xrhck/p6+CxleGYVJQrz9yjCV9I8z5u1krKzve619T5PO8oy7F5XTp18FSqKdWaWjlJNRg7pu7v1urave+p+ptj8Vfhp8fdFfS/E0MWheL5rJoba/iURJcuybGZydolBP343yMkjA7+F+JPgXqvhTw4bSbSYILSGSdtM13TYBNZXSzO0ivdxqGED7WHmbVABy3Ir4/8TaoNH0fUdS0u7ktryy0+8uLWVJSrw3EULvG6FCMFGAOCMHAPfI+0P2Jv2sLnXfhXotj8Unh1y0vWntZ7qSNJJYVjl8nc6PkMpXJYlvTpzX2GHziniHCjXV66i2npFNe6tHra7enXqvL8NzHgnH5PKeY5NUk8N7SLnh5c14Stz80W/iS95PrbTZ3XxJ488L+NtKSaMaFYX1hP1vrcfugGJI3FFyuFwDuIwQDnBIHw78N/B3iuHUvHz6bb6Isd3r80s/2y6MTQsu7CIeCSO+M4B9ya/qP174FeEfHlnL4h+F17p9zBdRGW60l9ktpcF13NH5ZO6Bgcj5VAAI6Hr+da/ADUPBlx4n1DVPh1EdHvtbunlmnsgI1mRpEdIpkDL5bHmMOVBXJbsa1xMHVlh6tGslKEmlCckmlKOz0taSTSWt730O3IuLHRjiaGNwsuaNOHvJOTly1IJpKVk1rzWXz1sj8wFsPHaiVGk8LJ5alR5l/I4C5x2ycjsef9oda+fLi38XW/xuvJTd6Al8fDsLpILpvsTRqyfIpOBx3B5yNuOMN+5fhHwJ8AL6C+PiTwm+k3yu/MoKW0jD72HiLHAPABHvjb1+Cfjp8Hfhtqv7Rl3b+GLOWHw4ngyzvI5NIeRkF0CqyBnbYAGLFnGSFIHTHHzuZ1qtL2MHLmXtqabbdm7q+r23a23WzP0TKM1oYyE3GHInhpzV4RvyxcFy+7J6a76el7W8ei1PxoXRZ7nRGRo1LC1lypOR0PrwMAHjuMZB9TtPjb8RvBNn4fmj1G1ubKx1q0kitr248+BZAGQLsc5VCO4xtzjnOB6PpXwA0lJNM07RYbee6vo1ljN5qLGQAkcOkZZVKg7cKeM545w34q/svazDouhWr2dnJNe+LtKtI1s7yTzmkmYNHHGjY3b87QSN3IznOTc8xp4ajUnPFKE4JNwu+jha+663e2ltNLnNicLhsXWowrYWFZSb96VJPlvF6qTUnB9NHH1Wh9aaF4u8P/ABg06Axf2T4Y8ZTQKjWs8C/2ZqNwVBaUTleC5IwODyeeDXx/+078O/iHaeCtaj1iz0iytYXQNcxRu1vcJ50flywSKuwhQCSBzzz90V9gH9jn4y+GNKsZV8La9YQiCGaOVYw/kr5SFGLozSJuGCTjgYxyeOU+IPjrW/B3gDUvBHxD0keJtMkmtNPWS9gDT6VJLcxoVuJJVVlDcYYH6Z5JzeeYTG0qkI4qDlGC5nCcXe6impR3VtfWzv3fhUMsr5TiqNXA05VcOq1P9zNtuMW43UJaP3ZXajJ6rrq7/n9Dovi9dHsbc+ItAtEFrZiM+Uh2J5ShdrMNxJXLEcDJ6kA03UvB3ie50u8V/GGmyK+n3QxDbQkMPIdnPrgjIOOnYYyR+p+vfDD4caho1lcp4FtLxF06xaW3tUMRiU2yOoUjAcHOcqW/KvI/EXgLQ7HQL99L+Hc0CfYr5InZHKxAW8hBHBBAJOevGDjPNTTzbBVEoPF1LOnbnjVfLdRStKzVlJ6LXRbq2/0VOpiJS5lhlCSmmlKlBvWUWldJt33vdNW3R+Vfwt8A+Kb3wppS2Pia6gtDdahCkdrbQkNItxJGzKzkYBILcHAznBVq7qL4R+OAXiuvFevKGZiqrGqDZjJKkNjnI4HfkereifBvR/GN9p3hvTtFSws7dr7VJGM9uCIi13KMElMvtxwPmIbcAepr7t0r9mL4ueIYra/uvFGjQ2kytNHBBZh7gIMjONmc7sYBz3yd2QfKq5vllGK+sYmpBK0bubUdla75rWu/NbW3PpFHNHVl7GFP407cqckm463au3fvd3VuqPza8N/DDXR8S7fS18Ya7HONBjnE8qsJB5bEmOMEsGU9yc++eQfpGy+G/wAQIJTNc+LHvbKE5aK9tw0ioBkc+o24znBbHuau+M/hv40+G/xx03Tb/V1nu77wtLNZ3X2Ty12IW+QREY3LgZ5z0XPFZ3iU+PHjxc+KZbVLiQRPHDAIwAOCd68ZIxwSBk84G6ihDB5jQq1aP72hUq8zfNdVOVR1b5mt9E9fvsj6jB8ecTcP1sLDDZhVwk6VCm4xi7RvzXd4tWtpflSs1voUNV8HfErxR438GaLolxpN9q5S4lsHnjMKCCJV3C4ZRjKAYAbIbHBPIPtx/Z/+MOozR23iXRPDVvJCoLXlt5y7mzw4ZEwQAcjDZ7Z658a8E634n8J/FXwFP4fuL7xFrN/p2oo9rMA6vHDGGfy/OKhenLcHA6DqP2N8Fa98WvFOjWXnfDO9hjMUYErxAxyZUAsJCPo2CdoI4zur8w4urvLMVVpUnGnGcYzUIe9zPlVk1a8XondWbVlvof01wV408S4vKMPVxWJwlaVKpUjWxGI9lCUtuVJucVZLZLd6tO5+V3xR/Z78W6Romj2ur6hoL20+vadFDszLMhmlQLlnyx2g5HBKjBA4Iral/ZJ1e9fZPd+H5n4eMTWu4yh0BUM+AQQSG7duDjA+3P2pfBvjCz8K6Hqeq+Fm0q3HibRoFukIBFw9xHtaQrgquQBk9c4AIORg22s67p4lJjkuZYlTBCKxAVAAVYkFlxjOOrZz6DxMBxRiIqMnUUJOa9yW6UORttcyav0112T1Ps8XjP8AXDLFiqtPLsZiJyqwqyjySbcVBpJxfxJNKy1e2uiX5p/EP9kD4jadY69qP9geG7vQbDSr2W5+xxKsqKls7NKquCScAlhj5j6kgV45+z1+yh42+Inwv0zxJ4Zs/D8enm91aJp9SSCO4H2e9eB1ILYCqdy4wDkZBxjP6/654u1TVtN1G2n0q4L3emX9s6u3l285NvIP3qD5T3XDDr6tXgH7KPwv17V/hVdATPpWm/214jihs7W+kijWZtWnO5Ui4VAWztUMu444OBX2tLjepGUauI9haFNUoTVN68yg02m5avl0utHfbQ/nfjjgHG4bCzqYTDOhKeIU2lJ8nIru6drbOyTben3/ADJL/wAE8/iFck6hc3OifZrZoZ51hvQFMZYbiiqSMgEgDGB06c18f+D/AIK2uk+JvihpeoSxxy6T4vFkBHdRgsGhZg8ZfllYZOcHjOODx++kfwS1yDSbXRx4h1SS61PU7K2d4tUvEZrSWaPzIhxgMUBQHPqPavg39qf9nHQfhf8AtNeMNE0Ww1M6LrHh3QvEE0ct3M8p1FLOKO5kc9WLOS+4knnnkZr6HhziqjmWaYalz06ijO7Sg4fEkkt7tKzezVlsr6/jWZZRj8HlePjiJypzlSjOmo3lK0KtPnaso2fK9d9L69T41Hww0C2F1D5ziVAG3y3sOz5s57gjdnc2RwMHPSvCj8NdKk/ao0rRrrUINOtX+H73Iu5rqNYy/mIFHmkhS204GCACDX1vq3w500zSTR2V3LbvCFaP7ROZfMH8IYDb2Pc/d6HAzS+Ff7O2p/Fv9rnS9D0zSZZBB8NzJHayQJdhFWRFDSPIenqdw2nBAIxn9GzrMMNhKFCs6dKEadenUbTV2lrbVLdapvXsr6HwmT08TXr1qftqrbw9SHvPS0kveWurW19NdU1obdr8AfAUssUuqeKbFI227Nmu2qb/AJOCytMgwzAcBcY/KvIfjj8B/B2m+GLW60rXk1InxZoqeRHrNpcC0ilmQ+ftSQ7EUkgk4xnGDkZ/XO8/4Jp+LLz7Mn9h6YixsqO13YokQKAjBaJidnI5C4weOTk/LH7SP7KNz8LodW0DUbHSLS6Xw3b60INGsnuTcrZanaRM7tIMQ5VvmYnOMLgc4+Wx3G2ExNOdCk6SlJw2avZSi7q6SbTtu++h7GA4fxMcXRqSrVZKDk01a7bjG/Mk7d13XqfONx+zJ4MeyV5PHFok08yO0TaxpyNCXiBChfPAwDjI579K6j4dfs0aHp/ja5C+KrGa0m+G/iNBO2u6cCb90H2aJ0W4yAxOMkdTlcdK9cl+GfgWGK0u9S0/R725ljsZ0tLbRknwRbqT5rx7iZABhhnBbG4jGK+gvgV8APhp8TPin4c0/WPCsL6TqvhvV3t9P07T7jSp5rqzKpm+uI9jpahyGZUGCBnkk15+Z8a1vq1WMXBQVO0lBKU7QSbu7a7bpW0vta3o4DI4UMXzVJVZezlduaslqpW+Tta+uitc/JHUvgD4n0C4tGhu7OZ0s5Z54/7YspPsw8xyBshmdihUZGQSck59P0z/AOCYHw3vr29+J+kT3tqkN3o7P5sMyzvn7NcCSPcDwDyu0HGWGRxitf8Aa7+Ev7Nn7N3jvw9puheH01zxbruhXVxr2mW+o306aDKMCzZopcoIpFPCtgHb8wAru/8AgmjrNnc/Ejx3punaPb6VbXfhm7vFFucI0hiYA4GBnnk5PAbOBXkZlnlbNeG6mJ+rVIxTp8k+VRU7TpxctOaydnd3a212R6uFoU6OYRSkpKfNLdpxTjGVmnrd7Rv80fgh4z/Z/wBFuP2hPFPhmbTYrqyXxl4ngkFzjEpSbeWAYEqSzEADoMcYJqr4h/Yf0aaaaTTdOgt0eVjsgu5omjGTwoXaABxj24Ir7B13wxDq37XWpaVJqElpJqXxT8QafJPDlmhE7oGIRuCBnhSQCB15zX6YXH7BPjLVLV77wz8SdOlkJLfZdXtooUXccqjSxszYOB1xnAJwcivscFxPw1lOX5fh82kqNatSpVIycXJ8rjTu+aKulzatu/mtrfP47BZricTiJ4CLcadRxlFStbWMo3SstV16637n81cP7JHjOw8T63YaF4yv/D89tZ206o8u+B4ZCQiuzFmkBwdm4duRxx1H/CrP2iPDH2c2/iHQ/EMMfEMM8B3yOMBMyAEqDjl+SPrzX6xa7+zL8btB+M/jbwmuk6D4m1TT/DWiX9wNPuWSI2k00ojeIyhMuxVtyke5yoFYOpeCviv4dvFt9e+EXiGws4EWQ3sdtDdW5VCfmUwmRmPdBgEknbjIFevg8/4Wrv8A2bOPYzk3OEJVnDmhKScNJNadtLv53PPr0c5UYqvg41oRgrz9jCfv2V0pJXsu11rpsfk9pN98W9DfxEbr4fLrVxBqQfUxpNyN0UgCksqSFCxAJYAEsRgdxXQQftB6RbvDaa74f8QeHbhPLWSXULFxaRNnDbpVjYBVbOTnHyk+w+sdE1bRYfFXxChvbS7trn+3V3xTWUscqHy48qyMnylecKwA6c9a0td0PwVrywwalZ2E5lICx3McDrKpPCSRuAd3I6kgcdQQD6sarmovD4+lOLu4qo4y505Kz5tX89ez0WnDVjSbksRgmrWXNFTi9FGz15o3Td3rfVI+PNC+NGj3c+tx6XdWN1CdV3o63McYmDRgbo1kZWIByMkZzkZPGfEf2n/Fdrr3wl8SIEORc2DCQ7WUMZ+iOu5QQBgAEDpnrgfZg+B3wv1PVfEkEng21iltpoysti/2doxIoy6GHaEUEllwDz6EnHyP+1L+z14a8F/CTxJr+j6prsUscttNHp9zqM11YPulHymJyQMDldoGNvbGKivWxMsDilJ0Z0405uUoSSdkkuZX6O6Vle6T0uXhHg5ZjhVB1FN1abUZQVl8FldO6d7atOzv8vyu0vR7aZ7mUhfKVYJWJb5SWYEjqOe2eQOvBOa/SPwfqWnab8LfGljKbNLpLjRLm0tBNCkzwtYW/wC9VdxkdeeWA6qCSSQT+a99qOtWFtGLawsVimskZ2ct8xAGxSu3ALHk8gYwMg8j27wf4K8WeIvEul6ncXBh8/QrY6hAbuTyEiZRHBsjzsYFdoXPP3eM7q/N7qcovRxWjsr2b2te3k/O1tVc/UoP2cGoU4qTinJ2TvGyfldrmu97WbTtofv/AD69r8P7DNtq2j3z2t/e3+ktKVVSjwqYoljfrlSgwfvbs9TzX55eEvEKapqFxYag8cOp2t7qEsi4CQyhoHG6NjwWJyAuc88dq/Sl9BhtP2HdFtpJj5UI00ShRlt0NzEkmDznBDAcZIKjJFfk9r2mpa3F1qFpckOuuMbQhtnqu2QqAWQg/OrDgdgAAeSm1GdRpJLmd7Pr7vvJfyvvvr5I63FyjTk77JPVbtLW6tdNaPTTySVrWgKDq8rryRaaiDggZc3JJyewx7Z5PuD0WqNEJNb8m3CypBpI3HqDJCq7iTnnBIPOcegrmNDvIJL2GKXbFqUkN7DLAvyxuzMW3RtwDlTkg4DHI5OTXSXpmZdfUpkgaGmQ3I2rGCxG3g4xuzzuPPvbfO9XvytdWvhbWqdna1nqt9N7EVaUbWutbaO6stVrdNPpq1ZXWqaxNV82bStYikO1ItU0uIxx4VTsjPJCYHUYzgge5ArF8MRvZ6jFK8BZGvtUkTjr5cLqCcDIIPToAWz3Fej2GmpIdQjliEgfXrAuWBw221Y4IHQY5yD24461NOs7aDUraMKGjmn16QpyVWPEm3bjdyCuckngN1OayblGEr8vMrSWt76xeiTWjto469X1Onk1Te29272btZ6+l77q/UyLGymtJfDutafLEl1crdz3Nru/4+UgLBY54vULuAbHygDBPO31HSNXsfE9v4DFvC0dxH4ouGvrU4SSB/mAPQFlcjcp75XPHFctZeHre6m8HvaTtDdva3kkciEsDtV2CuvcEEg5B+9xgnFc1E+oaVe6Lf26fY9S07X5XEnItrh45HyGHIYlTg5zwT1rz50o13e/LNXsle7SaVk/O/yd7aLTop1ZUXFOzpt3af8Aij52TXqr301u3qfEDTNieL0dGVLXVJSoHXdNOm3JHVsjGRyByOTmvGJ9NX+0r6KZSYnmslZAxO7MYwCAeQWPIIz1wTyK9z17Vl17wt451OVhHdnWLQzW+0LIJXmQEoOCYyVyDjpggnIryiTat/qEkvLC404qCvIJiyCSBySCxHTGQB7XRlKMXB25k7Lvb3Uk/W197XS7IddxlNONnG0Xt8K6p+W9u6S0uee6baxCfXoWASNpp2iQAYUxsoBYZG7bnjk987cg16DptzPpsztYyBpxp9vGLdQfJmjm4dWUfKGySCwAyQM8EVwtmWFxrRYjcJrxRg4wGdFA+XAzjAHsRg889HZmW0vGeFhKjrpySA5O0s27knIBPfoTgk9BW8k7S5bpxcXdbrRO8urW6t0V9FuckXeas/i0b8krpO8k7K70SdtNrWf1dYrDP4SeeNzIVXSobmFgd1vM0mWjYDk7SCF/vAEEkcVz3jG2s47LX5QVa4ivILiJXCCJwYFXaC55OQd2PmBPGc1S8Mu9xDqRM8sJm1bTo449xaB2TqX9xjnuBn0rl/izdakdOu7m1sn8v+2JIbqRjuiKeWoUxr0wTlhzhjx0AavZyZSli4e6ndPro0nC7VrtPS9/n5HJmacMLJxs0mvdva2sdFZXSWj089dNO2/Zud7jxvqsn9lpaY8MX+GTgvlfv5UEYbOORgk4GeVrtP2x74Lc/BVwVVYvDkqAKpyoy5I5xjqR82cZGa4D9lSTVn8Y6wbm7Ro4/Ct8UjChcRmM8MndlGCcgnnrjNdv+2PFcf8AFmGhijcyeG5XzuOP9a/OT0+mcDvjmuevFx4ywvuO/s1s0m70ZK9l5dbX106GKqOXC1Vu0P3sUna6t7Wnd30W3Vaa9tTwbVILK98H+A4dQQPp82szveSgBpVgeQlggOMMAeMg4GMdQa+yvCHxB+DPgfTI4dH8Pxao0l/ptlDNeafaPc206BGa4SYjeGLY3ZO3A74NfHeoTX9n4Q8DmK0sXMlzOFSf5oySzDO37uQckEgc8HnmtTTtW1SCyuESz0XdFrEDtuiXcGyo+UlQwIZgcLjg4OcZH2M8C8VGmpKtHlr1HOMarhFx507O6Sd0vhvu9NtfkvrkaTny8k3OlCKc4KTT5Y6JtXtpou+2q16H4p+I/DQ8UXcewSSSapeXCSfZkKR/aIvM2Mw6hCTgcbecZBXHof7LWs6LqnxIu1gheEQ+GTFI4RUVybgksQpGSxyOTzwDyePm/wAbXF8ddvCqafk3LSsHX7pNsrZUEdBnAwBnrngY96/ZJkJ+IuoCeC0Vn8OAnygQWHmE9se/BJIzn5gM1w8Q0PZZZitG0qUWk5NpaQ/HRbXb6s9Hhqr7TMcJF2adSLu0kndRurp2a6RXR6evK/tpLYQ/EHUUCSlU07SpYyrAADfErDjqRzwMk57bRiTV9ehHwpsdOk02Ii18H3Btp5SzzKs8zM3yKMleTw2QwxxjNV/21nifx5fYgI83RNPZWBYbWWRDu55LAAc4x15Bqtr0UKeAoj5mwjwVbgqwBHzhSQCeeQc8EcjA6V05PF1soy2KbT5IT0vslG19V1eze622tjnbdLN8xaivinGy/l91fPrpfe7XS/w/DOXhhEVigaOTKNtdlba24sx2noOMYx3x1I+5NauXb9nnwZLLCEiubu6WWEg7mdGKqcfMR907eg9cECvknRmiIESz7EhQy7WSMq5IzgAsxG3BwAOemODX2v4k1Cxf4EeAbMyoN9zcyFigEgIDEYBGAuRkMDk8+gr2Y05xxdG1RKKezTXNKzV99VfXz87HgOcnQn7mtvTRN+V9b9bNW2W50f7LFwVv9Q2RtbrDo77nUEKd0mAd3HrhuO5wcdfMP+Ci9+x8eeELYyLK0XgaIK7xgsolAxgcEHB64IOcdhXt37MkZuZdWMTRtEmlRpIcBdyfakGNwHUBh83BPBxzz4t/wUcW0j+Knh2ONFJTwRZbm3ZCYjU55IHJ7c5HHHQfHZ3NS4ljG7VsLJOXwp+6lttfZJ2vv1en2eBvHhJ82i+tQeutn7qut0+111vu0b3w6+J/gW2+Bfh3w/8A25bx65aaLIl3ZvATMspcAKjgY+72JAKn5sdDy/xG8deFZvBFtJoesQSXv2vTFuIEiI8sxgeY7nGSw+YHdzx1xXz74E+A/wAbPEWhafrXh7wdf3elXNs08N+Li1iW4tGYZlCPIrNH82MgZbPGcMa6Dxv8G/id4e0SU6v4Tv8ASLOCW1kubqV4SmJdgQtsfo5Iz949ODya/NP7Fyanjq9RY6DqyxM60oe2g+Wo5XcUvi0vpe76aHuf21mksLQpPByjSjhqdOMuSS5oxSSmndK+9norPSzufVfwj+LHgm38ReG28QeKhBo8UF4LzarRiKV4WVQ5AXIZ2HBOOMZGTj5//aE8W6Bc6lqF/wCFPEjanb3VvdwyNG3y20ccg+zxkE5YSKT2PTb0xjnPDHwM+K/iuxWTw14P1HWbNbqOyE9oIij3c6Zji3FwFkc7c4PBAHU8+KfEDwV4p+Hmraj4b8Z6RdaJr9j5gvtIu9okt1JGxiqFlbK87sgNgcjmry3JsiWbVK2Hxaq4uMffoKtBygrw1lGN5JKVlf8APRFYzOc5qYWFCth5UqEUnGpyzitoNWl3dr6Pu+6PMZdXlkgVJpBLbpPG4hyQTICXZtw5Usfn5OOBjmvtj4W/GvWfHvhGH4Ua1qGr6jpuhmTWdI+23cj2embGjCwQROSqKoyBzznJ7V8LytbeW0cYIBPmN03Y56kc8E46DkY6Lz6n8Gb6+03WdSutOs2vZE0uQtaAgPKqsGIBHIBIwSccEjr0+8o5dhcRisHVq0YTq4WrGrRlJKbpVElFyg2vddtG1srq+p8tiMZiqNLEUoVXyYik4VI3+JXV03dJq979nZ3u0fd16ix63fuZfLik0KMq7AE8RFcgjOOc/MeO2eSa4bSNIW11SzC3LTJLpc87NuIAMm87cZ42ZP8AXmuDf4yWN1O8Wq6RfaZcXFgtiw8lnihCsASHYEswweQTzgH0rttK8WeHL6+tZU1W0QRWMtosTDY5KxkqxZtuCcnoexO3JyP0fC1vaV8Mk1GnTT1btzSta99E73+/1PicVSksNWfJKcpWcUrv3dNLpO66PysySytnVrZUZg5ur4ggk/KBk/mB97HfvinW9u8Wl3YM/wAzW+7bnOFEzEDHT5e68k8EnAGL2nSW8sli0NzblSl+2VkRixK7gdoYkZz2yMkd9y1XtWL27xO2Q1jK8YKDJVJJBnLYBBxnOOfmGT1Pucl0nGXMrK6vs7Rjeyto99VprZK138jT9rCbbcrtxUVJNNWs2npZ2bS+d+5pwTzJHZOyq2dIuVYuN5b5OWBIwCcjHJHPHevF/imgHhjw20cMaML99/lL8z7s+mMkdMc5wRyMivaLXEtvYliQpsLgA8EbVUgr2zkjnoc5yc9PKPilAP8AhGdCBOcagcEEE9T27c46DJ9q482bjg6kYqzVJczavZ3jfrtvvt23PWytzliYXbSlUSV31aTaS6XdlbeyVmr6/af7Nl41l4U0hWtWljudF1aPcqbtgeFupCkJgkEE9cHJ4zXpVzObmVFlLRhI9qcYTOwsM4OCGH3eueOo5HKfs0afK/gbQPJYZuNO1ZAGwScQsSMnsFyQAM8degrtrSKK4Z4JigmjdoyrjBIVyCQOeSo57rnPYEfmNRpVptrR25k9W3s3rp+Nrn6rh5uNCD6KEWt3fRXslp8+ysePeKCVWyQYfYl1uAHT5j1GQS2eRgcnPpg/3HfsL8/sg/AR3wB/whsLDIwRjaR7gEZx0DMOSeK/iJ+IenJZ6hbpCREGtpCEIzycFucD5e457A5wef7dP2G2H/DIHwDBbkeDoVY44A3jnGB6kZ/GvNz2UZYKi10crJ66csHZu2tpPvujaEpynDV2U4qzu7X5X30a2077aH1GrlVYkEggMBgkgMegJGQcknI/HvT9zYzgYHBDepPUdPlPXPPX71N5OORk54AHQfMPToQMA84A5FWAFKhRnkcgHBOCTu6YOMFh05wcEDI+Hdrbc1l5X3V97X+TfS7Wy7kmu+r037L5Nu2nna7S1IjuzkEEgAAgnHTIOdvbgBW6ccjjIqkAgnrgdOTxt/nnH90dBngzEYycMT1ZeG3HkfKCfu49ThTjHIFRkMuQMnJJGF45HHI6dM57kc8ZxUdLNKyvdR0b+z0ta/r/AJWJQbVuZW0V23qnazTS7vXXd7rQaRgYGDyCQAMcjBHPQ449OuDzyoOCCAcDORjB+Y8nvnGckZG45AyBzKY2Kk8nI5JIAzyzfhnuTnjA9wK4XIYD5OOOoBx1OBknoMAcAk46dEZO6jonJK9rWtpa9ns9Nd3rdq7OeUHumn202l7ravLbrvtqr6EJUgKQpI4BJ+Uc5A+UHkcZxnO0cgDApFB5Gc8Ken1PJBGQAMDr+QNWCSMLtDfdDFcjGFIyCQPfnoSRkYDZhAKkg5J6fl2PTr36DPf10UnJdXZWT0vdqPnZq2t3q1bW22bSTS5nfzum9EklulZaXvs16ACeeDkkEHGSCCVyMckn8uvWoSowG2AcMwOACfQLkkfKc84GODkdasg5BABIGFOBjGeCMDrwBjPHGKYxA28Z6qcgbQvPIAAHbPTOeV7UJtaXa1V3s2vd0TSbtrZ3trquty7tppbT5rlsrJaO6dm9tNtGQhVLEAZ28EEAYOF7gAEHv/eGOxOIzHnO0BScFiMdgF/i+X0x93nvzxYYEYODyC2eR34Pc9yADkY4PAqJnxj5TwQM/Lt5z0HXJOOMc1Wt077cr5dHomm/e7312vq9Xq21KMnr8WnxK922r2011t8tO5WO4bAcADAI2YHIGc4IIXjjr1Axt+WlZc4Y4z/d44zxgccZHOeM9CelPJyzDGckA4AG4AdPoD1/HHU0w8EgkfMTxgcAdu/A77T7GrbfS+trW6LTbz+y7Ja6ejlG1m/7t1yvSKULt21aWkbc2+3vXY0qC23OCWJxjjnoBnoq84XHrximtEcHLNknsBjOflJwegHTrjHI/uyDg84Oepwc8dOOnA7HOQPrg5JyxzuG4YzjuOccDocDnOR0GBU3a++LV7LXRLR3vprpa6t5kv8Amho+tpXeybejvfVpuyS0Vr3IWRiOWBYE4OeoydxHQE49wfoejCr4JDH5csTjnpyeOCRyejewXdU+Adw44wuRkAA9umecYJ4PsAoFOwNyqcHOcD2PUEgZOevPqM9KalZuzb1Td97O0uW/a77avUpylZe9LV235XqotX1a1V7PXe77Kvt3cZycZGDjLEY546Y+ZvU4IDGlaNSzYCggL9C3YgcYOR8vTk9c5NT7AMMcqCCOvBwDtwAflx+vPTBw0tkZAIOOM4AJYsPbHAJwOq9M5o5trdr7W093zd9lvr8ioyvf3VfRt7u948sfelzbqz1aTs9LNEWwk4BBIGMA43EnI+bPQDv6Y9yYtuFKk87wpHc8ZPX0x+I+uDYKkNvOzp6ngDkAe5/HHINRkkclSGYkf7OSoA5+8Tnk5GcHOegoW0vT9UKUpJdtXvpZ2i7tpu299VrvuverSI3VASxY4OAAAOCB6ELwT2HPJwagXeCQQ3yjA2pyCRjA4JIwBnIyTzz1NwglcEknJ3ZAAxngj2HAzx79c1GQTljk7RuY4wOwGQD344+7k/lUZW6dF016bu7v19X110zg5rXXpqrPTRvpprulppy6ppkBBwMkAMwBxnnoTlcnJOT1OCPmA4obKg4XAOCc5J6YJGM4PTgHuO2VEpOTgDkjd0GQSRkAf4epAHQUjBySQ2ARt55yAOpA7nj7vPT3FNS6XunazS7Wtq/LVpLdq2traXUdFdppaJS1sqbu43j0V9Hq3Z6K7gZiCf7o+Zm6buMY9iD9CfWoWU4LcbicEHJJycDkAc5APzHqRgghgJBvDEHbtK/eBB7YOeRwcDjocZUZPK4BGdwC9QNuPoMevXqOMmrbStfS+/ZvT/htdd9kOLsrtLVXum11T10skurWujau2rwMpGN2CRzwATk9zyB0OMg+5AIxUhAYkAdgSWwBxgjjPzYHQjJHJNPAOQS3LA45xj6Z4zjB9yfYUiEg7uTgFRycnOOnO0DKjk5x2z1rNyb12/PSz9H1a22eu6bTlK1pWskrbtr3btu/VvRro07O7Qw5GOfvHI+UcjBDc44JxyR696aMrgZyGODxnAYdsjBA5ztwc9sZxMDh+VwCOOAxz8pwOcDoQSF6dRjFNcB8jOFPKkheMHsBxnnpgf3QAMU1LS7u4rS22qtbXtdO3yve6BSaVt17um1vhWnayXfpfV7xhSBgPlc4JUZI5HPJ4A6jnlRwMsSHgMx5cYAJJ2rjnJHbGeGy2OA2DyQAuB0ABYYduenT0H3Tz0B78GnZB+fBAJ4Bz9CQOeFx1yc470nNerb0vbTRO3R9Ht81vYTjp7qWkU73XSzTSvdrvpvs3FFfksozgAZJ6Z64+UAgD22joB3pzBuWdsE4wR15OQA3Qdfmz2645IkOcFsEJ9w5HG38MDBGc9MjjpUnynqoBK5zgjGAQM88H5uRx74pc127bqz0bvsrrbW+i9X11J5k243fNGzurpL4bLRprRbc2rbaT6U2QBWUv8pxux3OSS2G5+uc5Ib3FV9jKSWZTgfLjPRieDwAcjqwA9fTNlsfJtG4nJ+ZeQQSPmIGWwM4APGcDpmoup9AigHgkEcjgk7fQYOOQT15WrJO/RNvTa/u22Ttvt0/FtKLWlrNKKXleNt9H8UdNHfa+yjBYA455AXILAgHqSMBc5G3jJ4YCpcuMHjj5jjB5JA74JPuRwMZ6UqhSCfu/NtGRhdrcZ4Jzxz7nnGaUrnjGM7lJOQTjPBOAcDovvzx2OeyWl3+F9OmnXfXZ99DBp7JpOyWmz1S1V7/AN75XV1YZ5ZJ5YYxgnOGBwzcAjlQSCDzj0qM/KSNzBec4BHI7dByQWIOOO3WpiR8u3nG7fkDgjpgjgjkYHPIwahlXBJwQNoPYE53cLgZYkA5Bx3HYguMua7ej3bta+177a/LTS/m6au9Vrfl772+JXSsmtUrefvJkKkkAEEheDjoQ+fmIOeeM/MOmPXhSwK5+8ScAYOM84JzknKnbg5H05JYNwGR8vAXAxge+c5wD6gHPQ85qTkFflbcwz68hQBwT0xyMcZGe9F1vdPVb38rq/TptZp+hpyxfl8Lbk0lZ/aTte8kk9Vo27ptjcFgDxgDCgHHbALdiCODznHPXqpBwOhJGCGAx8xPIAG3r1HJ3duclVJACgEZPIIXORnHIH4YJ5yeSKTJXHYAEkn7uT3xz19Px4xw73srbWeyaitG0na/bRd7mHZp9vPZxat2Xu9NCoxIBBP3iFyVKkAbsHjJ7/dHPBIxmoy5UBcfeG4qBkkgcg55HT9cDnFWjwRkblxkde55yO5PJzz7c4NR7VYvgEdMEk5wSOSpPHuOSf8Ae5Dul09NVrpo9fNpefzuaRve/Nu9btxutH71k1dq7Vm22r3va9Vs9c53Lg54PI5yAOME4POff0iG8ZAYAgEHop5+7yRkgEE8g/TgirexTtUnJ5XkEYGTj5uSpPy55bPfPzZQxBWDDjglyeQDknIAb5uTjgZHbIwaam1omle91fVrT8dNlq3omO2usb3ad9bu7T3u1az1vzPR7NlAlghLEADAyQCAQV9zlQMYGcjIOM/dDkZYtjuQRk9hwQOMHpnPPHHUWnUjbhB83KnGc49sc8459Bn0qIKBnKsWLY4yeQckc5G3H5kjOMYobb6JrTbXTRbq9ktE03frbTWXd6KzdtLJ63e625r91dNbbaRbUOSynBPAyOOck/MB3AB/u5x0GDC/yF1zywPBYkgnG314yMYGBz0OQBYKLnlTwxAOcHA59OeQDjoTnGKbtXgtgAgdQWO7OQDgFgQMHBwoAySQOa9ok77JNWS2TvFvS/VXfV3W+hUYNpaaN7q99XFNNpWStdpO27Wr0KzEgAE5JG0t0yVIJyPRgPlz9DhgMsyCzMAoBwQDnpnqSWByCM8HGAKkZBuzjHzMxySB+QPO70BwOpAOAHkJwTnBB4IPIPY5zwM57dfxLjNLldm7Wdr8qve/T9fPRPUHFtu1tLJ2fZLqvdfn101Se8GcDO7JIIJOM4JHYgnH3s9MYx3GEGQ3ynaDgAHBIA3bvl6HPqcY/mrAMF2jBAyMjggYIBHbrwMEepGBTeQVJ4OD1GAGGemCCM56DO75iMgDOt4u1lZy0+LVJON91b+ZK/m1fZRbdb6J6Na3tvs7tPZK/XREu7JAJGQ2W9dp7cdvT047jFSFtmCMY5Xgg8ccEnHIB46YB464qruY7mHy45AB6H5jyCSGPynH0xzyBJuGRgk7lBY/MM5B+8BnPuARgdMZ5lzj1fXaNtNr6fD1dltp5WEotvVp+b6NuKvvt12/C7SO/BCg4B3ccHB4POOCME56j0xlqrEdBg8tkkcnAIwOnGPXHBzgDirC9TwAuMZzuyDzuIwO5wWyTtPbHDvUcnkDkdN3JIPGc5AIB5OB0xi1JOz5V0/NNO2qT9LbrTSw9uqfXS/3dLP7imdpZhzgsCp28jp3wN3Ug4BP1JwFK4OMAgt04yccEnI9M4wccjBGaulBjHynGSckDAwPTBPPUDjJ6jnELjHTnHOCpHHHAIGCc5IIz24yeWnzd+ikk763hro+aO2uuiTeurb5r6NLz1fl69F+T9YiBnbjksCDkdwB68k45B7A4xzUwCqFBBxu6jAY5I44PHI6ccnHfBr+g55HBORnPy55G04HoST345CYKt0J+7wB0IO7JPIYEc47dsjGW1HRXTvZvTW3uq/l03tu7675VNbNK1t9+trXu/PsvM77w0dkOtDAB/sfUDnrndaybenCjqTw2fm5PU/w3eNwX+KXxYVJMhfib4pYgtgALqFxu6kHjjI6nlfUV/cf4ZA8rWQQONH1AnjHAtnyOD0B5HH3uRgHn+GT4kMYvid8VvIAeWT4n+K1Ug5bH9oXKkjHzbcdCRwc9M15eYTfJBPS8paxutXyPa+qT0d1po+59FkDjGeIbV3yU3ZXvo2rJX+7qrFu0X7TqciibctnpkEmwfdEsl3FkAdzyDxlsgZAwWr8tP2so3b4p+ImOHY3Fqe5HMPQDg5A69gD+X6s6CkdqmoyG33u2mWqGVicK73UWWJP+8TzjIx7Gvyw/apiKfFPX4VdZSZ7N2JYZP7sMSeSSN2Bgde44yPt+DK0VlFeMmub63ZbXtyptWurpvey/HR/NcYP/hTpyadvq0OZ9Vqku10uvn6s/PT4gWWzUfMDHy9iAlezYLcggnjp6E56gjPS/BnTZtU8Sx2MVvLcG6vLCLZChO0G5iJJ4+bCg5Hoc84NafiOwuNR1+OxtYoJbmYKscc2BGp2bS7u4VdqFs/MQR2GK91+FHwr8Z6fpt/4i0TXdLtNT0u6W6s0t4YpWlniXcczYKLGqllLyOqg42hiBn7KFqsr6Plmove6ty7XundJ9203rsn8XXai2r2bbte9m1Ha263totFf0P1Z+C9jp/hmLwDBqV/ZaXbnx3qk80t5NFblI7Vdrb1kPUbiAFyc8AE19h+KP2o/hL4TzZ6VdXvjXWl3oLDw9A1xh1OAjzFDCBnod5AwSOeT+NWkS6dD4i+Gs/xN8QwRJdrrms6nFPqj3OnG7acbDFBatIVeQ4LIFGcnjqa+kIfiTY3Pm6f8J/hxrfiq7BdEvNN0oaVowOQBK2oXginfaMkEBs5OOuB6FCMYOrz1LXm0lFOcnpF3UUvx6+TVjhqQhVVO8He2rukrXV3d2ST0aVvu0Pozxl+0N8afF+kapH4f8O6Z8P8ARpdK1Ive6owvNVlga2kAEdoVYRs3Ri2Cue/SvGfhz4U0fVPhz4Y1j4p/Em+vIpNOkmewvtYXTNLijM0jbI7Z5ow4HIG1TkEjnpXH6x8Pv2hPFej6nNqniXRPhxpjaVfNc2FiTq+sCNIXYxPcyDELSD5WCttB53YyTxnwq/Z50bV/C/h681/UtW8WXDadvRNa1CeWxi2TPkR2bMYQmQWAwR8x4A6T9VqV61qdGo7R+Oq/Zpq8buyu9bX176sI1KOGhdzgrvalFSey0bej7X5no9D2uT43/s7+AmXTvBOknxVq0bhVi8MaTJfXDTqxHN48RjYFsYYMe56EVlap8RvjX4z8c+BL/wALfDuz8GG4tNWs9J1PxVc75TBIsfm3P2FWZFMI2sEPfGQFGK9l8I/DPw9oU0FtY2OnWMSmM7dOsYITnkYDhd5YgAEjrnqeQOm8WJpWjeMfh1f6hd22mabYLrC3F1qd1HbLFG6x5JadkO0gFuMg9ASMk9Twk6NOClVp0k5RXJT0lo429567672TVnsc0sXGpUtClOUnG3NJuSS5U0o2snf1lo9NDjLT9nnxN43njvvi38T/ABL4qLyEzaFo0h0PRYySP3apalBKuc4LjLDGeMbef+MPwc+H/gXRfCDeGPCmmaXcL4it0e4W3SbULjKtzPduGkckD5wd2c5PofUfEn7VHwb8HxzJba2/im8hd8Wuix5jDqxwJLiby4AMkbiHIxkjPAr4b+OH7a9h4wg03TdD0Oy0ifSr5tSt5Lq4fUdSnnjDKkS2lussGTk/KWx2JJJasvbYahWhNp1Zp3un7ST1SV5O6u3fz1vvYTjjMRQnDk5YuMU1JcsdUruyVl1T0bvbU8X+HWmaPeXXxCm1G3Vox431LYGdIgoRgB8uQMArySB6A7TXpWsReFrC0mW0FnER5ci/v4gcBTk53A4HAPIycg57fA9rrXirXV1PVrWw1uWHUtVvby7ntTJZwyTs7PIGiUBUVQeQ2ccDAVSRUN54nnYgaTfSqqMf317K2MAjcOchRkFs8HHP3Qa/T8s4qp0ctwuHp4SpeFOMXN0m05XTtC0ezST63d2fieccAzxuc4zHVMzpQjWq3VOU1zRSjBcrTe6t5b2WqZ7/AAXscc91PNdQtEuoeYoa5UoY95xtIbjCjjnOVI9hW8L6tpial4neS8s4hJqyui+eAky+UmQTuG4dMEcE5GD1rxS08M+MdTgSS30MeTPkq7XL+WzBuuBgcEDqTz1JK1R03wj4xmutVs1trS0ktbtYp0kdHaORlBHzE7CuOeRnB46g0qvFGIhVw9SGDb5ZS5YyhJJuUeX+V8y1dtNLednvR4Fwao4nD1MxT9pTpxnOE4NwUakJ3te6vZbq2r7XPqd9d0OFgTrdqjJIuIQylVXdkEDnjBxzjsahk8XeHEkLyarDI/2gPFH5bbdoJDHhcnaM8k4ABI68+CP8NvF3lxTz6jbRbAMm3hWQYIBUZJPTk/dzjPPOFsw/DrW5Wt2m1y7BZtuIrFQqHvsB55IGSecfTnqlxlm75lTy6MbpK7jOy2/mSW/VWStornGvD/IIztPM5Td46uUNWnBKPZK/n22Oy0DxtotlqPid31FVivNUMkLrCzJMAnzYIBwV+7yD06c10t18RtCDxCTUCybQBi3YdATgtt6Z5BxuyOgHTxfw78Pbq+uNUX+2L2EWWoyW7IlmjM5AJMpBICs2CMZ4znGMgdjP8JI5VDzeINYyApCm32nHfGPRs8ZzgDPFeVhuJc79ioU8BCpaUve5HaV53d7XTs2mr3320sexiuD8gVeVatjpU5ctKPLzRdkqcFfR7ta7pX1s766t/wCOtGkF28V0MTW1xGX+zMOCjBAuVIJyM5JBIGc4xiHwV8TtI03w9p1i96Y5YjcHYIXYorSZ25UFeRnHPXOegqk/wpsjEfM1TW5EW3mxsiwGMaMwDYxhTgH5eMdMc5wPCvwwstS0uG8+3ayFnnuYtsUYPliCQqNrE5GQvODg9DwM1hLPOIliIupgoQlKEuWL0tFuHVtW+FaavS17M3XDfDE8O4fW+aEakZNxa+K1kvie6btZaWPTrv4y6OQEXUJVKoVLC2bg5zg/IM9TjBz7AjjmfEXxT0/UdKv7WEvK/wBkljEk+IYt7jADKcHkbcgKQM9PlFVn+EekGZUeTXnZu3msGJBzkAYBI647DjqMiLVvhP4ftdM1O6NtqrPb2NxP5lwHmVnSM7QVJAIXCliTnbwD1xNTNuIasZqWHpqMoq9ua7Vk+7WlnrbfzVyqWQ8MUp05U685OMo/aSjdOLXZtaLa99Fp1s+GvirY6XomkWBv9PQQQASRPNlozwCQdx444wRjp0GRpt8bdOMhifWLEKMqFVsnae394HAyOCevB6VznhP4XeHtT0fSLuXS7mSS5tkeWWOwRlLHONrMQegORg54xzXYL8HvDaTqx0mcsGAG7ToSWLDGCCQMDuVwSe/eqo4jiTkpOnCKptR5Vd7e7a+q8ul+rehyY3LeEnWnGrXm5uo+eKnBe9dXsua+jta6Xm9TkfGHxq0+78MaxpkOrWbC5hVTEA5aQh0KgdOmD02/gcmsy0+OXhlLXToWnhc2dlBHhVYfvkQKRkKPkyccZwTjBGBXZePPhRo2j+EtU1RdK8oRvAiGTT4owfNljX5mGSpwfvAnqecYFctqfwot9A0q21A6JpZtbmK2aKXJMqPNGGO8FSSvTgHJXucZBLGcRQxHPFwpzVKN5ct1FXT0Sbs027XSWlrLd1SyPhF4aNNrnpuq5xtU5eafLBfZu2lolfS7ts2xtv8AHXwwk7yxWzvK8W2V2R9pZSvzKVBY9gfXjgHBqz4h+O2i3y+G2MBVdP1m2vGMUcxfEOchS6DJIwduRnHTvTNA8DWs9yipBoUP2iSONQ8EcjKzkBSF27cEn5hwcj2Fd18SvhJe+GNN8JXU02hzLf8AijT7JIobNVJeVgIldwuTFnlj/Hk9e8YmrxBUoN1MQ6l3F3jFa3lHdXTfm9Fd6XsTSwfCGFxVJSoQpVbTVNyqJSas+aSW2zd3stfVQ6h8f9G1K8ilFpqEiSqcN9kYNsIB2MQvB4yctzxkkHNaNh8Z4Ll44rXSNV2xK2GSyfOeuc7eeOmc5A9ev0PZfArVTB5stv4einaGFtiWEbBUZAQwyuBwee24EnGQT6j4L+AGrzzAyahpsUb8bYLCFiC/Q7goKoTjrnI56k17uXYDiGt785vlcVeUlFW0jZWvp13Pz/iDifw7yrCVnKrQ5Ic11Cp1bVlotdVbR3b2TPIfhn8XN/i/wlMfDOtzC2NwzE20oaTIxnaUKgAjG77oOPmwRn9KtF/aCgsoraaTwTrhRV+6bZywDHhjlctgYK9Bjkds+VeGvhG+kfELwLp15qwkW8tdXgdbazii2LHHGBgqA3HO3JDAg/NnJH0bceAPD9rcPatLrbzW8rKXa7eOHykOcsRgbV3HPXjgGvqMDQxlGMo4mXNKLVraJJRhfbV66u+jXY/kLjvibg7OMVSlhKLnGrSnGDhUmnJqbjyp7vVbW1S9DtND/actHKrB4G8RNdPHGkWITHmWUiMAIPmJIOQACcBivtyv/BUb9r9dY+F/wz/ZG8ITmCGLSLHxB4+ezkkV3v7lVurHQ7k9Wkt5JN0yNhhuYEBRism8uPDXg8w3eltqWo63NNFJa3DXMsltp4iP+s2sCrCIHcME5IBPBzX5y/Hzw14Wm8dv4lvPGPiXVfEvia9ubuIRWaXAmvEiHlqJGbKrCfkVQw2qq/wmvwHxzyzG53HKo4ShUxH1atUU/ZxvG9TlilZdPO9tlp1/rD6GeZZHw1V4iqYqrTwU8wo0PYQq1XKUqdG8p+81ZOz5mr7LW2p4Bfafd6bo8ml2VnPdalPZGSUQRktGAh5EnYKCAeMZ6Y6jyf4c/CHxJJr9z8SfEXg3xWnhrwXaXPiGG+k0K/fSNU1a3DDTbZ7lrcQSw/aFTz3RyqoCTgYJ+4f2d/g1pPib4teCLj4l/EzW/DPw+vdTt5PHDXGmxmePSoZgXsLV0PmYudrRvIMEe/IH70/tHftk/DHwt8BfHPwT/Zu8IeG/E2k3Ghjw9oGu+JNDs4bbTNN8nybuS0tzEzXeoSorSieUK/mNu4JBH4DPIeKcLi8LlOEyjEyqYqKnUrum1TpUuaKac0rczirWulFbcz0P7greI/BEKFXMsXnWCjToS5KdNYik6kqi5Umoczk7PblTW931P4mPGmpaxr3iLVPEviEyyatrl9Ld3DtIHWGNmIhtkJziO3jxCifdCKF4xiuPe8MRMaqwVZAxfk8AE8Meucgc8joOBk/YHxB+EVrNq8avaalHezRyXdz5SiGCW4lcvJ9kgBwkAJO0AcjHB6V4D4l+Gt7o3mSLZXzw/My5ySoKDkhc5OcZJ4yuBya/TMLwzmVClH2uGa9nFRfKu3Le2mtn19bbpP4urxxkOYVefD46lUVeXPCXNupcrT5le62Tb06J2ZxCXodFXAZ2YEZwGPPBY5AHBPHyg5GScYNy6t4UgZ3STceHcN8mWXgEj+Hv8ueCedwIFKC1u7ZGV9OY84y3no2eT8w2qy8jkZznHatZ9L1C+t1hUSIo+d444pJiDgFQ2VA4APXHJPBzx6MMumqdvZT5raKKdm21d8sktNdrtdTFZrhI1ZT9vTcVZt8ytvHVvTTTRX3d7aHGF3MjE7mUbQuQNpU8ZyxwoAIBPOTt5PWrNsskjZj3InLHrg8nGBgDpwB1G4dua7DS/Bt/dlhKl1swoP8Aosx3YIUYLIMZGMg4HTnpXaWfw81pjtt9PvZY2GxAtuMkkkg5JB6DIIyRxwelZrKsXUfu0JvtaMm+l9tNndLp6O50S4lyiEUpY6hfTR1YJ68tk/et1tt3aSukvM1s5A4AYKm0sofA3YHAI+uR1GSMdBV+3tZndFl2tkZURqCTk+vt37dK6i78Ha7bXMq/2Zfy+QViaIQFmU5HD44XIBIGc9MAkcvg0XWbVwz6VdqzEqqi3djzg4LY42nJwMjIHfBKWX4n4XQqOztdxk3036ONtEtVps+sxzzLZTT+uUdWvd9tTle3K07c1u+9mnZ3750jiyjaK2B8xh+9kYY2BgSQGIA/DOMY4LYFYiM3lMIVaW5mO0oi7pPLOAMJjjK5OQPxOOOtvdPuY4PJe2vBLM4BH2WTeQWOGJ2kgAsO/I6DGa/pu/4IYfsSfBX4h+DPF3xj+KfgzTPG2uDVTouhW2vWYuNMtrbYVuFayliaNp95GyQguo6cYFeXmaeAoKpUpzjzuMfhs5OVrNPRdNr6eXX0sNjcPi5v6viKNTkjzWU4vZxabs3pbTRqx/LJZ6cWlW3WNnkkdIvJRf30k7kLHCq43F2chcD+Lbknt9eeMP2HvjD4V8DeEfHGrW+lOvie0i1a48Ow38S65oGh3DKI9U1W23kwRtG4dUZN/I+UZr9xvjt+x38OI/2618I6B8O9D8NeG/EfifRdKt7aytkjtrW6uHN1Pe28CIqRuwiGzbs28Y4wK+2/2zf2c/CXwr+E/wARodM0qxn1afRrK3/t28DXOorBFCqi1hmk5SABcLCgCDAzninh8njXVDESxFOKqL2iote/OHuS02V7NJ3XTXbXwanHOGo43+zqVCtVm5xpTrQi3Sp1ZPljGTvo7xbbtorXSufzWaefCPw58KN4J8PW/mLDHbXeqz/J5+qapKhDyyTqSWt4yzBI2+6D8o5Jrp/D76Dpbwaj4hsry7lubGN9PsLSN5ism4OCYyMH7oBPIIyQO54q+0ywj8Sva3YENn9nt5UK8efMhO1cgkgZHzYz0PHWvVdGuZ9R8SabbaRbtqWo3YtdJ0+1t498VtLOViRXk+6shZs9MqO3HPsY7HUcNg1ecMPh6cFzTcoxjGMNHrorcq1b0a6988PlMsTmUpTVTEV6k0+XlbleTsvOyTiu2y6WfP8Axg/aGu7zSE0LS/CN1FdW9utojSu6CO0CgFI4kG2PoA3THUc7QvwlrnjvxFKBBZ+HYhMWyVe5cgyE5yRwDz2xkE5AwSB9z/Hv4OfEb4S+Jn0TxVZA6zq9mdTMQmjmWK0uYxKg8xSxDIjAsmBgEgZ6V8btpmqW979kNnbvPLIJdw+codxLFiBn5cAnvk4ycZrXJ8ZhcdgaM8HjlUw1VXjOm+aLV46qW0nvzPSzv00OzG4V4HFyhVy7lqxcU+dS5lZxtqur1vppfVtpM5C28Y/EnUEa3fSdKskQsFMsYLNgDHO0Ftxxkdy2fQGxLc/FCaMrAdJgYDeuIUDNjnhT1GOeB2BqTXIvGB1yws9MhSJbi2Ox7mJUiBUtukLcFRgnaemcZJJrybxn4r8Z6Bqj2bahDNNGiozRJuSJmwGUsMAEc4JHPAA+bdVOEnWnGOKmoqSUVGylrba10299FppdWPTiqdWlCrLCxi3BczcVdNqPr1T0+/qjuhcfEx0lJv7CCQjAZbdVcY5LAcA52kbgCW68553dH0z4l69pMlxaa7ZRmG6dJIHt4wWdEwzMSATnOQAck85JHHz5c+LfGdxsK388sjhcGKEkgN8oJOOnXgdgTziun8PQeP7vTLuW11bUIY4LgsyKXSRncfPwcAqM9/Q5I790aL0XtKsm0vtX6Q89+6Wu2nU8ydWk5TU6dGMbq91HVK1tF7qbdr6dz1O78O/E6cEt4hskAIEqeWidCBwDgdzjPQj3rOuNC8bhl8vxnbW4EZ3Rx28WSV54YHjnHBORgH6eVS2fjmV2hfXr8SuCQv2hwThj1AJwQV6cd/XFYh0HxaS+/Xr/ACBI0mZZW4Gcj5hyPl4YdjgnBJq1R9nF83t21du821pyta6We10t7rS615Pb4eMrx+rpye6iuji/Jq/Vbdex6VbaH4zmjlk/4TjytkrptVI1fjqcDJ+bjOCcYBDdc5c/hvxa0yx3PjeRlbB8wNGuccg43cnGRk8HaAcVyvhvwnrWs7oE1m/MrOwRUmkPQZkbIJIGOe4I5zxXex/BLW71wH1q4G0HLSXEqg4Puc5HT5ic4wBwKUKLlGMlGbu0opztq+Vd3pfZX0+elVsbh4WilSutbKmrN2je6s7dNbO9/JIwr3w3q8UbSt43lkdCB5YnUEgYOCN4yAOccZyOO9aem+FtLeCN73xtcRyuPNZI51CkFTkA71y2R3HY9RnLdb+B91pNq97ca1OyrFIyqjs3Kqw27s8luq8NgfMpyflxtO+Fk2p2UF3DNMBKu1AZHDAJ94qqngkgjB9zg9DtHDRUleHM0ltPba7unfW2/TydjB5hCVN1I2jrbSPTTpbm6pJ2VuvQ6T+wPBS5jm8ZXplkJGPtLBSuRngPlst6gL+GaU+Hfh6qGM+JbqSTa7JuuWOW5OPmOON3qO5GD0t2/wAD3kiR5Loh0Rcq24Ec5IDHacngEnHcnpW2/wADbeG1e6mkaQwQySrsZmIKJkAjpkknOCMZzjnjVYWl8UqcbKzV5uL0a3V/PddVZ23XF9fk0uWd02ukU2na/r01SvfXfRczpHhDwJcxpnVbhpHdy2Zio3ZII+Y9COpyDxjaNwI2F8EeBDM3/EzQRRklgbkknJ2kAKSAQQMYGcnngc7nh74SwtZW10Che5O9Q7kMg6MOw3AYzgnOMgZxXQ3vwz06GHzQ6pKqHcqyblZs4IIJ3DkYJwcA5xwTXfSpUHTUvZQvGO118No7SfVvq9Xd6W38zE5lWp1owU5uN1Fqz2stf5Wm9XdXW1mlY8b8T+GvAFrBN9juRLclWEW2ViTJnB5AGOCQeRweR1Ii02x8B22nwNcKWuFRGlPmsCSy856DIH8PPPIIxiut1/4fxR2z3TRg+RG86GN2LFRnJ6DcxPXv0HGSK5W38LteW9rIqrHEyD5WX52AbG4tjOOmcZIOME8Y5nVp03eMYX0stOySTWvba/TTY7Y4idWinKcuZtO/fSOjV1o9Lu+r23uTW0/w8UzjZJycKzlsdDxyAcjj1HXqMGqEl/4EilV4rYzMjmRgULleR1ZgPlGOeuFHOa3pPBtpbxl2iEsqvG2A2Rg4DHsAAPTtgjnmugXwbowTKWyiQ/fRyM7nAzwR/ExwVPVcipljUoxjKMU/d6WtflbenXe6d0r7q7Mqb2vOXMleSTtq4xtZ/de1+6WjR5H4xtrDWLG2udDH2UJkymONYmAYD5AQBkjBHHI4IGa5nTf+Ei0+azFpdNOiFWMN0oKsF+baDjOM4IxgnGMdce5eK9J0/T9Hs0gtFiZLqKNxHj5lBPr35ZhnOBk5OCTxMUIfU/3eVRIQwzg4JzgYPBOR1xgjqTzjphaqoVYSs21pF6Jq2jWi2strttt7s87FV4QnCE1F3cdJJNpOz5ru21u9/nYYPH0cE5t9Y0goXULNc2hJXAGCxU5AznknJxnrxjs/Cur+HNVeddPvo0edVPk3XyMvH8LSYDHPfuQBnOK4s6Ct/cS7QHKuxYngqrjAHBUdT6/qCKsyfDgNoWqanGTZf2b88cqEZkY5IJKkEFeODn2O3r2UKmJSaSurtq2raXK3be2q11t8lpy+xwNWV5RcG43TjqubR3S26PbTy1PQ9bs9IjtZI2nhluLh9lqI8EOWABHybiQu7nOc4wTxXU+EfhV/bNhouo29mk1zPqiQs7DLPGjcxBTx0zyflyeWYHn5ZtbLXrO2sr2O8mnUTkRNK0kmwggglOVBPQHGcg9sge6+H/jz4v8AA1vpunap4daaxguVuLXUod8Lq2CWIXaVPBbIYjqd3QkevgsVTniKaxEZU1Hk1s3ZXj8WlrN3d+iPNzDL6tOi3g5RqVJtXipcs2nZWSbSk73vor+Tse3an8KvDtxrF551o9pP8yRG1domhmtjhnIAUZBGd2Sc9c5FeW/EHR9b8NHw7oNrrcup6I7veoLxWaeGZywdTcEb5ERehYkDJ5459W8P/G7wR4mZbie/Wxv5TO08F7H5OZZB8xVwNpOcAgHJzniuM+I88WsXehtbXMdxD5E8a+Q/mLEpYnc7KWxntk5AHTG6vo81WDxGBm8M6bk1FLlk02vccrpu+7enS3mz53JYZthM3w8cXCqoNykvax+F8sVaMmna13ZJ9PRn6L/8EoUWT9r74JjzEkkHi+xV+gIJkjIcAckcnPUn8TX94XjoFdf1QAcm5YAHnHYHsecjBwMgjGc1/Br/AMEmLNrL9r74LSXLMXbxfYGIbSAV85IxnfznjIyM4IPQmv70PHQYa/qTY+9O3Xpgnj8Qeev4ZGD+O8T89N4W605Jcrf+KO66/Fa+mmsep/QmRTc8O5XSlK2m2ySV1pbVuz6Xu+5wMY5yOWAyTzkAc4b6dAeM+uBzYA45Ax8x7Z+YnoRzgc5459eaReDtGACpHqMf1Jzy2Wzg8gU5QckHkHAAADEk4yqg5IGTyOmcZ7V8xGT5b2svVevV6K+lr6Ppoe2k272vy2aur/y3btpvovN6DFUgjk9wR/CM49QDjuSOc+2QJgpYckFSMY6EleBnuF+nLdSeoL0VdgUnGGJBO0dj0yfUYy2Dg5PIFSAHCkZALYzhRtBJyeucfeJ4yO3OMCXMrJtJ233d3FaX+emzd+hfM+VcrbT3VnFJPlet7au6tpqkteiRFJ4zx1JyOoGDkEjqQTleM4zyeZVGVDcEDrjI+YYI3YPoDz3IJ5HSMBuoX5QTkrywBH+z2J6kng88YAFsDjI+XPJxz0GBx7jJBJJOD1xTUlfTW1nfovh087u/bS3VNDS5na9trXtq24xt303VlstUR/eyxHVec8AAjryQeg4BxycnGMhOcqxB5AGAQC2FGCfbtgkHJHXFWAhAyOfUnqc9ecZODwMYxgYxUm0n5QoAAyAegx1O715PPP8AWmuun/B+79bbegOMl57bNNa2dl03fTS97XIACWcgYO4DGc7cc8gfxfMMHPGSM5yKnHzjbnnluBznsM8YOcHvxhcrzhQhAAZucnBA69M5zznB64JwfrSsuARkEkr949enf29uT26U1e67u3del/wd16ivbr/V1t2eyuMIyxyQ21RnAUbcj+9j257j8SKTYxcZAJ6LsIXJbHyn2PfnJwBUiqc5JZjkkgZTOOVPsM4I6k8Yx1p/lkgFSM4ViODj2zyMcnGOBweTxW8ZJLq00km9V0VtLNaK3bW2mxN07NR37aLdXvtrp89Nb3ZGc5baMHjGemRjrn1yMcnGG6ZGQJjGGwG+YgnHf+LcduR0J6fWpQpUMrHJG4gdcFsEbm9Txg89Tjry4Asu1gM5UL1AI6kHpyecnHfnIAxN5Oz5nZu+l1Z3Wuzbb9Nr693Zaq2/V7vz/P06aLWqQVO0naw+bjkgnPIOOMDrzt45wOjtuzG3AwCQSAcnHPUH0GSM4wR97mptrZYk4+bAU5IZcnAPIz/FjIwCQTkjNHlOSScDHBQDkA9+Ov0xzgnA+UCk1a179d+6XdX/ABa1WvQJJNJJ63vd2v8AZ102em2u1tCMDPA2kt68kc8Lx2A+vr2qZTtwxUk7gcEAZPfLZzkHoe4B57U4RMp4O1cjGDn73Py9TwRye3bjAoLMoYN8xbkAcsRz6DHbp19uTStJv3XZ3Vvw+W/k/N2djJwaeltfPzt8+728k9hjE7lVuAxcscEsCegBGccAA+vA6E0qs2FUgk8kHCnCgnAOSeOmOhHXB4NPZjyWG4FhztAGeABxjJ6ZB+u09Cnlkgnqd2NpboMDuOvJ7Dg5429KXMl1fdpeltvXpro76Dir7tSf3a6JLv216t6K9xCpcfMoOQBuYKcHdnJGOnJAznA5II6vzkZYk4IwSoGAMAAnHPQYB98ezRlQysGLdVG3JGAAEyTk5A68nJ4BPFOXLIWIyxIG0Y2jkDbgHGTjOcHB+bgYpPR9tl+Kvp5v7hfC227tej3sk73ejTstd7X7CEsSflAYtgcZGM45OCOc554LY71G7HDA5BLKMADk/iQeTz06d/SXkHPYH5So5woX5exwehPTuRgZpjKWZGwA2CQOAOT3PTjHUHJ46jikrLp92munTdXXl6kyk27f5evR63t069ERZLq2cfe2gH5QclSScAEDJHAwcn8af5YVQDkA4Awchdpwec5yRyoY8em3o8Kq4bGRgEjBIzknIJ5BwM46gYPHFO+YHcSM7cfdOcnBOMnrzjPB6EY6F3duv+HRXt6aX21189rCtr3V1ffZO+m1uu/W2uw0RAsxySQAwIJ+UDHABAwRt5IPIz1zTfJ4BLbg2ZDk/MCRhQMdwQARj5ieOgxKOOB0+62CMngngAD7q556ZO7LdlztG3AwSFPOchQAM4Ax0yeOT29Ry36PRPV+V+u2qvf7uglGN72dt+2vb00W60eq7KJoTkEH5TgjnJwB0xjPHPJ7Z6Z5lEYOAW9RuAUcE55OOQSBn5s/MOnGVYdVB7FSWXkksScL1BGfXgjsOA9duBgE7do4XO7PGSOOwYbRnOfY0lOUbNSasrWcbxT0726apdNLtXaSu5N8qstN9/spO17Xvrv1vbZuIx/wnn5s574ySPfBAHUjgc+tQupDeWdoBOB0xjGcZ4yCc7RkDpnnFXtysdozghVU7cNsBOcnng+oJ4PXgGoXUlsttGSTGCeAc8knOOxBHf72dvXeM/NN2S/BdHZq600Ttqt1ZLls0pbvpZf3emlvOyba1Km1yzLkAjnJIIIOMLkk9iBx83qeuWtGAhYqSdmSvUcHrwTkYbjtz6HItFGBOFBVAcEYx0xjjnjkHB7gAnFIeQThs7cKE47dOzZGcEc54wTihtJpXSve68rJLtZ6r5bJ7xG0mlbZ2Wmz0X5NrS+jKGDkcYDAfwgqp9SO/UYPzY4GQepgkE/wqxJJySM/dPGSDweR0GM4xUpViQoJ4wozwCBkcE8k8gE+x4wGAQ7lyQueSMDIJXB5AySoyQPToMBuKuLty3ate/a97atb9mvNkNN3d90npbsuluu+q6vUhOQ3XJ5JIGQcgbie7EnPHIyBwd2aYQ2Bgg5GckAZYDIA3c59OD047VMSTxjvkkjGBznHbcSCFGNvG7sRULkrt+UEbsZI3EjnaTnGM5yM8jPHQVrz37dXvbV2utUvl3/KYxtbr+HZf5X83cYQSSTwMDaM5xwQeRzn8celJgD5yowevqQPbGBk9emM59QJlBweowQcAY4yMZyMEsBgnPc4xUjjBIJBYsC3HXqfcHg9fbgc1KknJ6xST0v1ulbe3k7Lql1WjldO3bt8vS72uyoDgAAADnOQBjPQZHTBAB9PoTUiAhCS3AJB4x1OQQOgUjIxjgcjJUgOYHJYZJ+8fQhex/x7Z7ckICcCQKcHIIAyRwDjHr1OcDHcd6bfu3ur9ru/2Xqlt1Tu9NlbYVvTXTz/AK1/MULkEjA3dQoJ6A5GD3Kjglicj0NCjI6jOexIwBxn03Ece+PzcCCM4I3EjoM5yQcjAHYYPp2pRsGRjJxt6ZBB69RnOck8DIB4xio5nvZX2bXy/H5dtrhdvTX+rdP62Q0IAM7tpLZyeT1JweT97jJPTsMDlpDfNgjrjcQMcnBPI/PsPxqYHsQTg857nkcehHTgDP0IppBz904HJweSQMgBScgcZzzn2+8RSa3b8k769u68+/buhr+tNdrrZ7a3vZ+hAyOCdr5XKgnj+E9wev098cVH5bf6wH+LLEnHABABAGQDngH8fu5q0SDyOAWJ6d+ccZI9fUjimNjHAyuQQe+dwG35gBwvBPTgntVRk2nqrvo2+609Pm9fRkOMXvstd35Wb+7v063ZUEZB+9xkjnvxk/yzyBkAGlAIGW5yCMgDOCRjjIxgcE59MYwBVllzngrkksQCxPBwMDkYJ7ZBxjnk1AzZG5QBhfocrgDIwCRnkZx698VcZy095XurW7abXemtr+lrbGUoJyWrsnu9ltt9+638tCHBK9BgZXOcHIOTwOByp+XGeenIxG3zK3IxngED0A6dD2x7frZYknCgE43kkDCnaQRjvknjAyMc+hjxwAR1GduQRnGCM9upJPU9PmOMdCqvTTXS+ur2V/m7dNLrWzuLlad297JK97v3bbaX0873VtHrFtKsM5yMEDbnPGQVPQEHgH365BAQ5wVyGyGJPBC464A6EjnHY+nWpCMHIGMk5GOg5wGOcbc8euOcYORXVmUk4I5J4I5z7N93O44yOCDz6XzptO8dLbJp9L3v0u7q29rc3vMTtdLdq1l81Zvtr1fnuKcEgEYG3oVwe5xkDkdDjnPf/aRdxbIzhS4OB1GQRknGc8njPTJPUgGcHcTuBAIIwQG4JHJ5Iwc5IzjkHJKsSAxBycALwuSTgnHBJJJ7gEehyMS5x0sk99dVolHm0XdJ7NbEJRTva70S1ta7V2na7Si2+mmvW6U8jBBzncDyM+pB7kHGQNwweM9CxgdxG4dD1GQGI4xk84xyeR04xyHncQeTzgYH93PQdfTjPr1JAqA5OW+Yc44A5Oev0GDnHJzyKcZc19bJaJWu03a6lpre/wB706IqDst7Wsla6bbstVzNbW6vVN+gVHDEAN8wHTk9OGxnbgf3eM9OtIEA6ttyRjIGOAcHJJ74HX17dAHawODjaTwMD/ZIB5OM9eQB3wKep2ghiCSMgEDnsDnPIGOQMEdeDuzTko6PXVbW0emm93ottG7dblXb1crrRJJ/4b2+9brtZ30IcFCfnPJDAqegOSQcgjnkghj3yeSaj2Hc2SAecnHRSAc/U4+Y5xwT24sFQcEgZyQCuRhSBkHocZJJOAeh68005JYdduEJzjoDjAHJA4B3dQMc975lZX05o33srOyWtu7XTT7jGSbeq1TWt7a6bPTe3fRO+lrlby84BYbcEHvgjB6fxZyMFSeoHJxShNhG7G0jGRkk5B/HuepHYkdi/Khg23C8qc5APABI5yFBHTjuR1AL5EBBBBxgKeTkgt2wcY5PHTGOACann8+mtk03tt0TXvddNN73JjTbSalFNWad5P8AlsmrXWzd093orWRCU2YCsQcjOc/ez17qT6/dzgknOMtztZcsSeTkdNoOdvTOWOeSCOTnGcCbZ0IBHIGSB6Dv8oOenbHYHjLGXO7IwBgf3TgnOTzjBOST6ZB6U01JJNpve2l7XVtuj033vp3KlTut0utnoltd2T5VbrbT1HLknILALkHI2nDdMY7Zx6kHnkinMobIx8wwMdlwOGJ54btgZ/vAgE0oBVWJIGCCAAP4SB8x4IOMdtpA4yDw4YxjByfmB5AyQDjPYcc4BNRbezve2j0avbTez3vdX1stNyORWtrZemnnt166dfSzPL6Y+8ecZPUYXIHJBOWOCB8o4zxl6qRySNxUkDtx1HqCB04xweo6uwCRuC5yQv8As5OScqM5GWx3AO0+lODEjBUYB2jnBHTOCCMfdJ5zzzxgVSkopXsna+6s9k7Pra+unkVHSKW9tOyd7ttpedrW2VtdhwTABXBxuc9cnceMdG+XOMcduTzT9pwpABOMYJHHHLZ5xwRyP7pxg7jQHAXnlhj7oz0xz6cAEYGfXPom/JTP3iScHGTw3JAz2+YDp26Vnz8zW669G9bO6ta9l9yVtLWGnJbPb5/8HZav7+wAAlsYLbj1HAJ6gg8KOnPHr1FLtIbGeSAWwOCcdiQOT9Mn8AKduAwDkEkA5XO0euQeOn0wCDjFLncpAyzA4BHAxngbsYIH8PYEdqatZp7tpXvqr26WWn2n089mPV23Sdr3+Vn2/rfUQ5CggDIJPIIP0GM54xnleSfalwSQeDnA9Ov3uMEYHA6YpS2Bg9QMYAP168Ek44yADwOuRSdDzzg84Hce3p7en4UWSaTavbR9G/db13aSd9Wm1rtZlK143V721a08tnq2rJp6b97pxAwWzkY3bc/eJPQdM9ecEk9Bt5y05AbByFxxt6AnHAI+XB6gYJH3TwVDiwGAQB8zY4GRuJYEdNuc5POODzxSZOcZySQCBxlR2yOvqM4Az+NTu1bq9Nb3ty+SV7W1vdX6l3imrWWndJPZt2a9XrtzebEILY6nb13YH0B5OCD3GGIOc8DJwe2Tk49CW6k5xnHAOQCefU7l+Vc/KOSBg89Dx64xjoMYwDg5JoBJYkgHJPQ44PQrnGNvGB1475ppO2q2erurK6hdr0V7Wv1WjYm1suluit9lN30S8tb+7om1Y4v4znZ+z18cgcLu8A6spJHBzbSc8Doc8jrj05A/zm/j7rcEXxHZI7fzJI0ubYogPlyNLNIAyt0BzjJ6g55yTj/Rl+NXP7PHxxDHG7wHq5znubZ8HpwMYGMjngEnp/nS/HKzuP8AhMYbiWCBo5Lq9jjePaJmHnS89eoLBgd2QcnuBXr8NVFDH4tuyl7KL+59Ouqu79L/ACPC4hjOeDw6Ts/bXuou26tqlp1fTtY/or/4Ja+HtT8e/sy6X/wn14un+ANB1G7j0rw5FL5Nnqd5a7549T1+fKeZDG3+rgmYQnB5wMH9LbP4j6947uPCvgP4JxxCOzi1Kz1jx+8GfDfhwxBoWjsFCiK/voguY408yEgBScA1+bX/AATT+HfjP4h/stJpWp6muhfDTSUi1C4tdNfGr+Lr+O4dmhvLsES2lkBlZooiVnUlWUg4H7ceAPDei+E9P8H+H/D2k2mkaXb2d1KlpZxLDEsksCu8h2gF5JA+XZ8sWGfmJAP8p8auEeJs6acH/t+ISpx+GF6ikpT0Sc29WlorpOSV4r+keEFUlw7lMZOUf9hw7c21zTSjBe7ZNxirNd7rotTgfhr8KPD/AIB0E6088nifx5qY1u213xvqgD6vqSYdmigLEixsw5JW3tyEUYwCK9QEYfwl4ZiOQk91EuB82Ak/B/iJx8uM9hjnAqgWEWiByThG1ojceMfvFBwPoAOnzZ4555b4kfEXw78OvAXgvUNYvFMzSi6TS7Uefql3Cr8iGziJmcH5vnKiMADJxnHxbTnJdW2kr9NFvq1vZbOy6NH1KtCzuklb0VrS1lrq3rtt956X4wcJNcuSFEd/ogIJ6AXMQHHb3ye2T615t4v+Nnh3w3441/RtMSXxVrsmkLY2Wk6Ey3TC9OJWW7njJht0jU75BI6uEOQpIxXzb4k8QfGD44X+nzpBefD74a634jsrKW3RNvjDUbSBFnS4ixgWUEiAESpJvAbDYcHHsfhfwp4C+GHgvULtXtNFa28XPLfa1rM0f9o3ke4xtJfancHzJ2dRlo1JJB2KDnFYzSp2UpKU3tGOtnovekrq/M0uVN79OtUm6m0bRVk5SaTS0d0mtFprq3r6HS+E/h/rfjP4pS6h481qWzt7rwZaahPoHhqeSzVQXRYrO8vY2EswRConhbCOc7sjFe3n/hAPAHifxBqLDRPCmm22iWUc1w32e1e52bQJGLETXcz4xJ5Zd2OcDOa+ePC/xE8cfEb4o+I9O+DXh9JbKHw7FZN4/wBeSSy0G2AkQNPpcTRCe+cJny1dFhkyDnBNei+FPgLoVh8Sdc8Q/FLxRL4+1GHSrO4nm8RyR2vhzSZhhnFvpruLKBI2BMcrHcQoOOCK46mjkpz15YpQjrK91ZWTdktPibbXRuyfXyNum4K/upqbvaN+VOS6O/RPfy1tz+lfFnx98RPH3ibSfg74YMemxxWyv448URTWelQPuVWn0u1dFmvJTH88YmiELYUBsHjV8E/ATQIdb8ZeJPitq8njq+07X9PukvPFNytv4fszJB5s6W+lNINPt0ikGInYqSMHrW3b/Haw1j4heKPCnwV8H3Pj3VdOgtLK71iyhNj4P0ny9sYjv9SMabliCkqbMTqVGerYEfhn4Na14u8TeNb34zeKbjXmmv8ATp08H6HPLYeF7JVjDxW1x5Ww6woBIdrlAWzjGMCuSXNzyvN0I2TaTbnO3Lo3o9Vrb3Y2vfTU3Uo8nw+2kre9vFNWWz0tr0V97Xu2C/FVbnxb4l0H4L+E7vxtqdrqFk0gsITZeF9Lt4EELteXziONoFJLB7EyjYCQSTmrY+EXjvxd/wAJZqnxZ8byWulSaZrF4fh54Jlks9MZF026cJe66pS+nT5QJLdxsYAhicivpbQNL03RdfvNL0bTbLR9Pg0SAW9lptultBGoVMKUTG48Z5yMjJPSodTmt47PxwjMFkXwrrUoRmAbb/ZF2cjJzgAZ5/iyCPXswlaNKvhnTfK1WilJ2bVnTvyu1k+ZaNJt731RyYjmqUK6qar2Uk4RukrxV7dLpJ3sn719b7fw+ajqWmaH4W+Is+k6bZwXln468Y29vJ5YnmgsINQlSGN5nXexQAZJK5bLZLHn460O7uNR+2ahfM0xlnT/AFhIKkyE/ux91egwMZIB6AjHrPjTxpa2Nr8QvD0U+bq88deKmccZ8mfU52J6duFyw2kjrXh2i6nbxQeV5oRjJEAJGA34IYHGTxn1wC2AQFyK/vTgzLq9DAzxOIhJyr06VSjKb5nyunBrdaWvr3ey1P4g4zzClVzCjhaMo8tOrUjUUdLTVS2trar81vdn76/8EZ9RI8R/HSDL7SmgjD4U4OAFAOOcZH3gR25BZf6XNRkSWwmjBRWtbWNpg7KCALR8DGcbud2eOSVBBHH8pP8AwSoudSute+Kuk6TJJZ3PiC70C1h1Dzo4o7dkXzTIZXdVAAjwAxHBPUkA/wBIvw68DXV7pOo6h4w8ayTXqatdulvBfiVLiG3tXigtWSNzuBXJCrlXIwR6fyj4hwlDjPMqnM5OpiKbd07rljB2Sd1o35LS5/V/BvsZ8GZVUqXXJh3dWbcknbRK+7a/Xz/hT/an0y78U/tB/HWPTbe9uWj+KmuyCRVCxIguFU+XvI3AlgFZMgjH0ryhf2efinrd5ZWuk6LON0Es32i6ljigEG0MWJDLvHqke5juxjJIH6S/F7xD8K/hb8UvjjolzHPqXibWfidr2okX1jDdPDp8E5dYbeZyHthLkgqTzyrHgA/P/jX9ot/Gtr4Wg8EQ2nhHxDp4vor+5uGhEA0mNQkbJYbvLN06hj5jDeDycEV+n4HP8+rYfB4bB4OMMNToUYKvVcveiqcFzKC5erv1b+8/F80wWV0MZja1WUp1qmIqylCO65ql0rW3Ss3ZtPXre3kFl+yP8T7v+y7/AF3xTo2haZaPA2ZHaJUlibO8eYEw6BTyDgEZBzmv2k/Zl/Y98O+G9J+HPxWufiFd+LrjV/EtysWhRXJe2WSztVzctIjsPKBJ2oDzgY2jJP4VeIfHj3k3ka3428Ra68MLslqdRkFm9w0hLhoEcIFjHAX5uDgHpX9EH7OXjfwVY/BD9nrT7SK5tp59WvdXRIXLedNLaJHIhYEgAEZKbm6kEc187xLU4gUcPUr4vnhUqzhOlSpqKVPku1zO8rNqy0XRLQ9fhT+zXjOWlQUZKNNqcpNttuKV42tsrO76H86v/BSid/8AhofU4WjMIh1LUIYkJBbYJjgZOPTgqc8dK+PbRGe3XGW+YYYjC44zg9SM85GQfcdPqb/gpVqYl/aG1S6lUnzNXvHKHiTaZnwCpORlSB3we3OD8q6frk3lBLTSJJzgKgfCqDg/MecYBOTx82OBk5P1OW8yyvAyUdfZQvqm7uMXvotNVptZu53Z7OMszxN00lPTli7N8sUl62Ttv1WisWtS0wzWMuX2hbd5CvYleg5J456g/MRkZwAOE0vw/bvObrVJ0tdJsIlu9RuJcKDChybeI5w7ygYXnoQvrt6/Xtb1U2KgWlragwurK75Z/lORjaNoHJxk5OBzXzX4w8X6jqK/2OH2WMLJujgOBOw+VhIVJ3qGBxzgjBwBmu+Mas1a7hdR2ttaN2l0lbS/TW+135PPTpqLtfS6b01tHldm7q9t2vzudj408e3PjW/tNM02F7TwppWY9I0uLKRyBflNzchSqvJM3zDPChiASMk/Yvwss9A+FHw2bxbe2Ed34g1tP9HcsjFUIJWFVJD53NvcfMQBg8Lg/D3hWxJSOYqB/qwxOQqpkYOPUYJHOAPu9Tj2O51ue408WE9480NsNltCzsIYRgZ2DO3cfU5IHuA1elDAKMKUrpSTUv7zdk7O13rtfTXu1c8utiKtap7OzlCWknqrJW0jsuj1dvSydvoX4Sazc33jibUpJGhN7HNO8KE7ELtIwUrwuACADnHBPTp936hKj+FdYnIEjx6agmfILOSp6HIwQB2GOc57j84/g7cLHr1sSXJe0wOSRkMSVHXHU4HoFyTjNfe959qbwr4gihV9smmxYDEHZ8uTkZIU454AHJ6819jllPmw0k1Z3ac7buyVl0vfS19Om5+c8SVPZY+hBRdpRjaOvLo7pvuvd1v+LWnxl4rvgmssgXcBCMhSfmV04Jz2I56nORkEZJ9A8I3rvZojKUCwqclcMwIB285JA+m5cZxkoa8t8SQsl9MXUMyw26BixBy23cfpngkjp+dfQPws8C+JfGV5ZaZ4e0e+1a6a1DZtomaGBeN0k9wf3UcaAbi0jLjbngryqlXDYWVarXqwpU4xu5VGlF3W/vW2eun6o7VRxOLp4ajh6Uq1SbjFRhG7d5JWdrpJpW/4Bx0VuH1K4nKhVSYkuWAQDeD85OATg8Dpxk4ya9++H/h/XNYg1ddLsvJsRZyT3/iDUGW10bT7YKxmke5lMccuxMusUJZmYDA7VJ4p0r4K/ADfd/FbxKnxA8bSES2Hw08IyC4ijmPzRRa3e25ZoyrnbIkO88MG43GvK9SvvjF8fE8zxDInwq+GVvDIdM8LaQgsZLmzRGMMJgj8v7TIyALJPcESMSepyB8Dm+c/XoToZZB1I1LqeJkn7PVWfs1pzvfZWS15ran6blGSUcudHE5xUjRlBRccNFp1G1Z2k1zJX67O2mt2fuvqf/BVb4qeJ/hN8Kv2WP2JfBGt+JvEWheFNL8J6v4r8OafcX95f6rFB9muZdPMcZttMtGlyEurqSN8ZkHc16H8Cf8AgiD8fv2gdWt/iT+3R8Tb/wANaNqMiahcfDnQr2S68S6iJWEklp4h1Iybo/N3bWMLHZnaOor9Q/8Agi18FfhX8N/2K/h3rvgnwVpGl+JvEF5rbeIPFUljbya9rMkNztjN1fSI0/lRjIiQMqhSFUjof1hubgBxku7HzAzvgqrKeox1xnIB5wox0JP8v5jiaWV4/Gww1GKrqrVjPEVbTq3crPl0tTSd+VLa1nd6n7zhq9XG4TCRjKVPDOFJqnTvGMlaNufbmTv9p26JHzf8Df2V/wBn39k/wVceHvgf8NvD3hKC30TVY5tbFnb3PiK9C2E6s95qssZuZ2bbnLuSCfav4Sfi7DDc/F340Tbzi7+IviqZ5pg376R9RkAG9um4gEkHoMDANf3tfFn4seE/hzoGsT+ItSRry50bVo7LToSHuGeeynhiJjXJjQSSDe0mBg5zgV/Fb44sPg58N9Y8WeIfid4jtPEXirxB4l1jXNM8JaO6XksYvruWeGCVYS7yTYIUrIPvMemcV7PAXE39l4vH4mt7fFVK0Ywo0oqUpTk5XaTVuVJNK8mlpfTQ87ifhbE51hsLTp8lClCXPUrVLRShaKdo6c3xXUYu9r6HgPgj4a+IfEMtjDpek3FyGUn7UUf7LArjBy7YGQDuJXPfFemW/gv4L/B7UE1n4seKtMu9aMstxp+jWskdzdJMOUjjghMjSy5+VVk2gnAA21Fbah+0/wDH23XR/hb4Xg+DXw+VhGNc1KE2eo3NivytNbqUE8cpQZAQclhjGcN9EfAj9jH4d+CtYi8R+MWu/ib42MzPLq/iYS3NnBcYy7W9rOXDqsmSjlc4PIxX0+b8bYmvTn9YxP1ZN+7g8LUU68laOlWorwptpfDG7b6mOR+HVClUpyhReJas5YnExdOircv8OnKN2t2tr3S01Pn7TPiD8ePjHcXOjfs9/C1/AvhZpPs8njzxDafZXkQsU+1xW8saMdyncrxgkNg9iK7TRP2J9K0/xr4Z1f4yeKtT+K3iO9T7TfQ6nNL/AGNZXIKukUEALK8SNlVVhkYH8IIr74+Ifxa+EvwV0G51Txz4u8O+GbOzQrY6TZ3FutywVTiKDT7f95v42oJIwM98ZI/G74+/8FR7nU57nTvgf4bawjg8yBPF/iGMSXLB9wMlrZkMu0cMjZDZ5Pcr8xgP9Yc7qSjgMK8Lh5pxnial1Uk5W972slzStfVR66W0Z9fjaHDfD1NVMwxUMTiINONCly2UlKKtGEGklpu2ls07ux+uOtaj8Lfg94ZZ9X1fw54J8O2QVnty1rYvIkascw2wYTyAj5QcHkA8nBb8tv2hP+ClPgOzdtI+Duht4k1GwuC0OvajmLSoWRiN9upG6cEkN8685GcAYr8bfiJ8WvHnxH1KXWPHPinVfEV1JI0hF7dzGzhLbiFt7UOI0VSSUXaFGB1GC3jF9rLSLIke5m52kgKnP91fX3wD19yftMm8O6FGSr5nWnjK7d3Gcmqad0+uslfvZaXPis98TMTUh9WyqnTwVFK0ZKMfaO/K7p6qL26abX1ufVHxd/am+MPxgeX/AITXxvqc9g+5V0XTZ5NP0WOPJ2pLBAypMFHG5gGIyTg818r6j4gEZKREEdkj5APHLyMS7n1yRnjHGKwxDqepqI08xskBUjVmY5P91ckAdACMc5xnGfRPDfwb8VeIFRksZbOAkZnvEZECsSCQjDJ3EZBODjnBGMfomFy/C4OkoUaVOlCCjaMVGEVrHpbrvtra613/ACzF5rjcfUnUr16tSU225zm5PW2l3dW2do9b21PL59Turs4VmRecqpwCSMbjgnPQ8c9j069BoPg3X9eliWy069uXuXEEAWJlE8khwFiY9fXj3J4JavsfwV+z94a0loJ/EhOozDDlUYJbiVcFeP4iSBgD+HqMDFfcfwC8CaJ4t+OPwp8D22l2Edip1PUWihiVUZrS28yNpSBlipXnceclT14WY4zD5fg6+MqSbp0Kcqkk1yx5YJSau2vPW2u2xy4WjLFYmnh1NudScIJWu7ylGPV3urvVJP03Pzx+H37L2ra7dPDq9yljFbSIbiAMouACRvDAuCNgJGTxxg8ZNfcnhD4K/DnwZbW50ywmu9VRS0k91Gs0ZEeSxTcNigsM5U89skZr9Cv2hv2Lda+Dg8L/ABRsi82i/Ey4uNP1JVi/0bSNRimZ0CKhYiOSDYVIVSZM55zjzmw+GfiebTGtdO0d7j7ET5+o6hEllarbMMNJ50/l5VVJOASW6qD2+IhxpgsxwccRh8VThSqXi0motOLSlFp2d0+nXfyPo/8AVjMIV3RjhZ1ZRSlzRi+VXs73urK/eT2S7M8iQXUFus1lciGOdRC6wQxokKFcANswNobkknIbB6kV4t4r3w/E7R7O3Mt/eTWSSoLEPNcSToRtAWME5LL1xzjBzyR9Ta7d/BD4faVJ/wALD+JdhBcRxl5fDvhmVL+8lkUkiF3V2EZbpuycA9eor581b9r/AEafVY9K/Zy+EFrFq50+S3j8Wa3brqWrZUbRND5kciW7NgkDePmIHang82xNW6wOCq1+aLUak70qK+Fc0pzSbaer5IttW2Oipw9SpJPMsZRwiTTdGL9pVtpzLli/dd9Em009Xvd/Q+k/Dj4gaxoVvrHibWLD4Z+Go1M15qHiW8ht5poc/vHt7SRxL5m0FgGU/N2HWuA8U/tB/sqfCKI2mh2Wo/G/xlaIywXd67w6DHcqSTiBBsliR14LDlcqa+YL34S/tEfGi5iv/il46vYLe8keb+zZ72VUjiwSyJaxMIgFAKhQMYC7uua9p+FX7J3gTTdXtrfVFk1WUW088rTttRmjLAADk4wpO3v7Bs10f2disW/a5lmMqcNG8Lg26cei5Z1L+0nq7vlcemm91DH5Xl7cMrwcalVL/ecXDnk7cr5oQ+COjvZ3a6La/mPiz9q/9pP40FfDugPD4E8JSgRQ6N4Xt306AQPhFilkgVJHCocMxZlPIPUg/uH/AMETf2D/AIdfEDXfiH8T/jfo1t8QtR8ITaZBoel64gu9Kj1G68u5W8njmDrdvGQRhhtzkgdK+E9R8H+FPCWo2NvpOm2trbiyiOxQoVWVguScZw23k8nGCeeK/oU/4I13kL+EvjDBapF5ieIdDkbyhlQgtgRyAMgAN6fUV8x4iujk/BWY18tj7Gt+5jGrH+JyzqQjJubvLVNptvVN6tanq8IY3G5xxNhaOKqznSgqjVJaU7xiuVKMVyq2ttHsraWZ90eAPjVpVn+018SvhJo1tHa2mh6f4a03TtH0q0itdL0tZrIvII44kRVEYQqqgEjIGSctX1nq93I5ZULKqnJOTuz0OSecZ9uoyeuR8K/s6+ArPUvjn8b/AIzu8k19qnjaTQYomJCRwaOGtSxJGCxJwWGTnqeoH2/qr7WmYNly43ZOeD1YEckY5J9+ff8AmXC1/b1YSnUm1GNNyUpcz9o1GUmrWveT81bTe0l+7Y+hTw80o01GSpwTeln7qejS1vu2r6t6tI5mWdmOC7kgliDnDfNnJ5zyC2MHkZIIUcRSNtAUnB/gwMZyMgAfL68H0ORk4zFIwOTxkHoCvQHr9D0685BBPJqrLMS4XJAwDux1I3DgexwTwRn0r3/btJWemmy1dpQtv2t1fze68dQto1d3tbV3d1p36LTSy0aDxnPIvwy8bICf+RY8QsckYG3Tbjjkcsw5IHpkjNf5jvxNuj/wmHjBVC/P4y1/95/dYalc8EnGc9MZK5J6sSa/0zfGUpPw48apknPhTxI+0ZxkadcZAU9cjHA+pGME/wCYl8TJy3jXxdFIxAPjPxFtWPOQy6ncgbiMYBJHAHAHOa/ffo91JLPcymtWqVBWS1vpda2+Wp+X+M9G/CuGXJyxlXm7PdL2cLp6pN67NWtr64+niNptMRish+0jcBy5BJOT6cg55527TyK933lLC8XyiVitWm3E9CEJVSxOQpxyAeuOSa+Z9Iur6KWJvJQhbobQ2Q+7cMMAcqQMey8gjkV7druqSWPhnVJ4yRPHphdlLMw+6Msc8FTt4HAGDgEE1/oLw9jqbweNc4qLhSbbau7RppNXWt9NHZ9fV/5+cUZfU+vZVGG08RGNltJynDfWzere67+nyRq0rXF/qFwQVD3Uu/JY/NuIGcBcqPl5wSwJPrWPNMBMqK6tuC5OBkL/AE5BHsOgHIouPFK3IEYhAZlYyFUVVLHd8y4xzk5AwoyOoOMc4NRtlZlnDyMyPjbwcntuB3deF5I47nivyPG4nDPE1XH37ylLeyd2n1dm+9+t29T9swGBxEKFGMo8vLTgnZ8uyj208r7+vS9cyjzzGCpUIVYk4YE9doAyQecDnHPJxkc7cfvNcgC7VZiikdQuAMlvqDknpnODwa0ZdSgZhKIBHtQIBuAfkg5YEjJw3DH3wQeazjIh1eJ1yMBCclSSQu7nk/xZB5A+b0JI8iNRTrQfKlepF76NJxd+i3vqkr2bXn66pTjCpo7csve1W2iu7buyT6O1rK563cWSizDf6xfIDqBkhWA+YnHTgHOD8owOvFeS3ERE7Y2/MzEM3RdxIyvp14+oByc16c08ssKiEN5bxAsT8pO0DryCVPPB6jByQcV5pPG32skgEkuCHOcHJOcAD0xjnJyc9QPazNKpCk7qLSS76csW/wD0m2y3SWqPDyrmVesnOS97a7uopxaX+Wn4leTAAJkDZP8AdGSQOQcY+XjjqOODzmq2M7yWVGLHCgnGMDb03Z44zweASM4IusYzICI8Bcqx4wWPJznIOSQeBjGPSmKyNuKoVwc7iAc8Yxk7lGSQGAxxkgGvBqUo6K+lle290o2u99P1tstfpqVZLdtOysvs9Gk92lZ+WiV97KoIzghhkkZwF4yTjBLAdurDJIwTyPlkjiGcAKo2/IMjAyc5OTlic5PoeCPR0kbtgbVQ4JBwdoBY9B0LEnsRxyAc4EiwSIUkd1IVc7cA7TjA4x35OMnHODzXO6Kurt2jJW0d/s2T011iru+++9jSVeLjrdp6aKza0TXz0fM+zu76Pa02EMWDMAFKqx65w3tkgHqSMkkg45xXZ2VvtXcxZUjYYIIHPqVzzwcgYI9OOa5rR0Y7wseG4w3BGDtzgHHK8j7uABx1wN7DSbUPUkB+GXdg9yDz0GOCePfA+my/ljQi7N6JN9L+6o77NNvTS2nZnx+YzjPENarVWvra3K7Wd1fR2at01VkYeoMf7UjMT7hl+eMdyMAHPPTODzgj1OyQxjUgEnaMDGMnbkYz8p5OT0yexwc53kAatbhipXJLBRkkds56npkHqAc4xXdSfYRCgaSPOzARQNycZAwBnIAB5yTngMOR3Ze05Vm2lab0bSSV4pvVrZJtaPXzMMdOcKeHUYOa9mmly6LVaLv8ur6PU5jydoTJUEEnbgAlsdA2c4/3gOaVI3LZ2g7VyAOOT1GCASce4HI9wdxRaIA25GOCSTwQPYcZ6c9Rnp0NSB7bdGwkBPl7iMZDYHbBIwMHHOfTJ3EerGKcfihrrL3o6X5bJJb2eqs9+92ePKrWsl7GT93onZ8yV09Vtvs7vW+5z86eU8anIPViSFwwyxGeOmAcZ6jJ5FMAyjM4JGVK4IPcjPcfh68ehrTktprmf9zZ3UwZzxHDI/PA/BWznrkkHrg1r2Pg3xbqK4sPDWrz+auVZbSYIRjrkqFyF/AA5OM5GMZ4aCm51Y6J2u3rbl0vpv1e6bu2rM2p4fE1o0lClO9k3aMtG2t/d08uiffRHC3LrudhwW3ZIXZjkMAARjrgjAHXHA5GLKX3gqzYJ3KRuyoGMHgqB6gcZBOQcjHv9j8AfilrQQ2/ha8RP71wBHgk/wAWcdO+MH17A+h6f+x98SblLdtQfTdLSQAnzpxvUEDg7d2MYGCeuAcnJz8zjMVQc21UildXs79Utlra/Wy1urPQ+tyzLcTTjrRadk72tp7vdLezv11e+x8bSyyIJUY7gwO1du7BOc84GcjjjdngDI5rn9TieVLI7MDzGQLjLEEjOe4OPYcYHPWv0YX9jUW0qHVvGelQiJTJKiPHvj7NgttzjGBzjr3IFZev/AL4XaFoUNvN4rsbrUJ9S+a++1xLJbQjG5VhDENkdGOO564rx8RiqMoqMZNu97JX2lHd2Wy8tflc96jgaycXKMYqKd22rK/Lqt3ppslfreyZ8IwXbQhVRsbI8EOPu8EH04U5A3HBznBwCbP283DuS65wCoXIJIwOADnPoc9s5A5r6im8AfBvRJHa88QQX8cAIZTPh5iSDkKhK/XnjPIyMVMfEHwJ8PxxTWVgk9yEBC+UblGKYIDq4/iJ64PynnPSu6lj3CEUlaCVuV3h81eys/LXbe55dbLU6zk3HmfS976rVdNL3t5Wadz5htYb6e4ikt7e6MqsrYghld9oJUMuF+ZvTn1B45r0zSfCfirULq4lt9Iv5EaLPmSRlHX5cAsWGB13EYGfX+Ku+n+PXhSxcPong0PMVMfmLaJCm3jkFRkfkT2LdDXOal+0H4wvTt0rw/HZKCAGLkggD5Qw2gEZxnJ+YHHB5PVRzmph1aFPmbfNbW28Vd6PdW8vM5sRktCsoynUhFW5ZOyUuVuOl3fS+ul1v3Z3Vp8NvE1xpEtpJosNqJ1EiXVzKgPmEFWkTLc9QSoweBkAVHZ/AvxSybn1bTrNMq0rGXYpT7wK7iARtAGRkg5OBXlV98Tfi7rCKst5DawhSVVYsbRggKeuBjBzznGeCRXNSX/xJ1aQR3PiTUUTaARHJLHGASVO0IvOOmBngMM96zr57j6kuaFNptK1oJWvyu7as/RvmvbUmhkuUYdNTmp8z1TktXprZpbbO3S2tz6fHwN0ydI21X4gafEUYFoxPEpCAkMMMwPOCQSQpA5pz/B/4E2X/Ia8epJht8qrPGSSME7WVySufXGB6BVB+XI/BevXRkku9Z1CbcMHM8vI74JPp3JOCxq+nw5jfY7vNKxAMhuJX6DA6g9T0x93nPIwK82rVzXFyXMrXtq9b6xaevNa/baye2jfrUZZRgfdpRjeysklrrG3Kne7vo9d9F3X01eWf7J3h+BPI1o6nOikyRu7umQrAspUEgk5OB93g/TjNG+NHwd8J3F9b6ZoVxqUJmElkv2ZSdpOGVpCN3QgA/w87cZOfHtW8DadY2UkiWqPJsfYQGY4VCcnp02jPJ9s9vN/BllGdf2XMQlSNuUf7uS/yg4GCFIBO4HPfkVnTwmKhWhCpUtKcla0tr8qva3dLS1uvW73lj8JOlVlCnBxpw5mmtNOVqzd7vRa+W9nr9gah+07pUiqugfDKIZQKks6OGVlOAwUKQMEcc/NnB61zV7+0V8Q7vC2OkaVoqlAFZYA7YPQgFcZzk84xx061k/ZYYYmULHGQ58tFVSrBgflB7HBzjAIxx7wT2MDSwSJFh2G0g9M7c5AbIwCCfoec/w+9HAyfLetUe2mySuk7Nu93tskvVXfydbiNQk/Z4amlrpyR0aaV7/g09NXvoWB4s+KPiaWKK714RNcAk/ZoxEqoVY87Pu59D04z7d3oOleJYtQsJdZ1a7u9stvHNa+e7JLBLMit5gPygMhKkY4LDjqBgRu2mWtjMqBJpCclQMMDwMk85/Ae2eK07DVrpL2Z55pcs1uyrvLKAJU3IOhOOqnP+71FfQZVgcHTxFJ1U5pSjzRk+eNtHZ3vo7NdtfQ+NzvP80xNCr9XqOk3Gaj7H3ZaxdldJPVpXd9FrfqfqV4M8N+Fob6L7N4d02G3h0y2aOSS2SRyZI0Zy5bcWLnPzEZ3ZyeRn2GDT7QQwmC1soYo5o9nl20Y2MxwSeASDkZxnHHJOa8x8DRMINMdt7G98P6e4xjlHjU45GScg4z0xjODk+qIJBLHY7JAnnQAsgHAJGSW9vl49c4wpwP6jy2jlzy6kqWFw0YypJtRp002+WNrXj10bfdX9f4qz7NM7/tWrHEZjjXJVZLllXqPXnaSu576Jtt2t0tt+d3xGhgtPib4uklumePTpZrg7QERmkUbEVVCqvUkcDODgc1y48b3Oo6Z4c0gqsdnYXs0wCvh38xwoMnAJACgDkEc+vNv47zvZfELxpaxMS0moJEW39UXGA3OTyMHqSQOOAa8ptG8p7f5SQpSIKDkbjyTxwVBPQEY2gD0P5BmjhLGSpQpxjD2000oxV2qi5ddtIpLTe7P6D4dliI5VSrzr1JzeGov3pS5k1Tjd3et5PS7vfdux0Pjyxgj0m8uxGPNhnjuOvyrHNwPlK8E7sk8lhgE4wK+/P2GtTX/hTGowFRJJaeI7lApJOFlKlcfNhQytxxyRnr0+B/Hs+PDmqByMyW9m2CR91cE4ySMcZA4UcjBwK+sf2C/EdnHY+IPDl1MoF7dJd2kDFR5jRBS+3nJPAPAzxk5zz8VnKlTzCNO0VemlolG2qd7pLRK1/xvZ2/TOG28Rkbm5S92o7uTbbacY6t6uza10te+x9lakJk1i4VGCvGY1SMbioSQ7sd8nBzk9RycHr1sBaBrZXcuzr5m1lB+8o/ukgEAcY6dCOlN0nRn1TxHqLJKkv2cMpQrkvjcQuW6nJwOQT0yB931GPwzZ28lq92zK6ptKmHLROwAXftDZUk/LyAMZ7jPPUxdCEIwbvJO8ml2sra/Ly+e+coau7vpJfElZNq7W22i0d3ta7ZxWlwvK0crBUaO4KxoWJO1jhnIPbk4GDjPIHNcB4tshZ6zfMgxumSQDzMht235kVRkDcOSADyAcEGvom58PRWbloYHaNggMzqwKeaeTEASS2G5AywxjG0YryvxxoottTtbhA8tvPDgN5bF9/3fTgZ755AxjrXfgMTSm3e2sbe80uWWiu1trbVLTTfRM8+vhpNXTk3ZbXbV2t93G9r9t+u3J+HdQuYX1CIlmV0hBiJJQqMHjfjjodpGSTkcAiuQvrdLm8u55IjE24mJEYKMFiDtYcjByO2CT6HPoOnaHe2090yWk9wZY45BlX2hTzkYPUKckdB1HQAz6T4SbUbgz3IjtYo2cbbidUUEH7xDMpOT1HbpnAIPbUx2AwtOU6lWCafM1GSvfbRKzk1d2a1Td9LHPSwOIrVoqFKrJu2lpNN3S1829PLfTW3lWnwzKsjldoLvHhsOcnIzwCCAD1JHBA28V0lhp084ELRuS+QGEZG5Mlip4PJIH8TenFe96R4b+H+kRmXWNd0eKVcTDfdRzK394EKWPHXBGTg5Gcls/VPiP8ABLQwJ7zxNZMsLOi2tkib3KFiGG4qMZ7kjA/EV8rV4roQqSjSp1pJN+9ZpNXV39/36H0EeHcxrezai4ttJ9Xq43bv2Sa6vq07a/PXinTZrXw9rsUkDJGdL1FiSvzBRbs3zA4AIbndkHgdyMfJv7ENnc3Vp8ShDCssY1iUtIzhRGBKeSSSecg8lu3TPH0F8Vv2ofhemh+I7HSo13X+nahbxXd20R3SyQtFEsKxuTlyRyQuMrhvX8+v2cf2h9P+D+meKVnsbbU7rW9Slnht/tBQrHvOBKpwDnOAOowoHYVhLiCFSvQrxnGnOnGaXtHyq0lFa/i13Wz2R72H4Zx0svxWFqU5SVedKyjbmtFq8rX7JX0trs0fqBf+B9cu47y7kjRFtgHUvMjHyMhl7nluOVO3Py5AzTLf4Y3V/YeZc3iW6XDIUiUmRCoXe4Z8bULYOOQeSeOTXxjq37b99rE4OneDbgqI/I+z2oupVdgNvKpEQwyCFAOMbSBxXKS/tFfG3xDbzadoXhDxLDaySAqlpp1xGCWbG0TSojLwRkgjdljjGMaYji2vKKj9cpx6rkUm+lk3otfPrfTSz5KPh/XU1P6vJq32p25n7urWu9l1fR73R9w+MdEe30uzi3QGCzUwLbyzoC4RxmXbuwvQtnOc8dOuzpOifDiCyivLrWNMhkngVdQSS6j81CyfNs56BgevykfLjkGvzj/4Rz9p7xXL8vhTXUa4+ZDqOo+Qio3IwTJlRznuc9zg10Ft+zn+0jqEJW81DwzoUMrAMt1eyzzgDacELkuwBG47jgjkGvOxXF8lRVKNabbs5yi+Vyvbd9Lrzb/T08B4b1HWlOtFcrfuwspW2bV7LW92lfbex+hieO/hZ4XhkW0122u4hEMQ7WlUtGPuqQpBYj+JRgEnjAIHFXf7Rfw40wTi3F1eSOwd0WEJGXx9w7lAG3APygZ4DEZyPke3/ZS+I1wsMWufFyKwKkjydJtEYbQSDh3YN0HUfRQSTW7Yfsg+GoQy63448V6zvG59lw9qhYY3YKScZ/vcMOMD+Kvm8Rnjqe8qMpttO8ptpbaNJrbZ3fZ6WPqsLwFTp2i2lblVpWjZXTjbXW3fW1r2dj1XUf2x/C+nXLrb6RHGryhit1cxKFQDjKh9yjGGAIAGM55riL/9t/SImvPs6aLunP3BLLO+/BAGxFIz3AJPzDb1xWnZfsl/Byy+zzS6Xe6ncOysX1DUp5lbGceYu4jj+I9u4GTXoemfBn4YaB5cth4G8NKqKSzz2sNw5K5GcuCTgnJJ652kjgHhec1VdQoQinyrZPVpa6637t+Vuh6tPgrBQsqkFKzT+K9n7qd21ey0tZpeV0fMurftreMNXgnsNHlvwMbVXT9DmmLbewkMXK8YB4YDqex8OsNa+MfxH+KOn+NdL0nVZvEOjW+6GfUojaraQKCIpfKfaQMZwQMDjPUV+j723h3SUkkttN0WwI3ALZ2FpGF6Dhgu5uvpu4/E+c6HrVuvxR1uYShw2iWMapGqxx7XRhlkXAKDB56HrxgU8Pm2Kp1IShPlakqjteN+WUbS3tZNK11ojvhw7l8IWUIrmg4O+r5JWi1Z3tdOz6NdNz9+/wDgnR/pPwS1i7dQqzeJrh9gAGwYUDaAuevU5BOOAQNo+1tRh2CacjguqoASGILDCnk++fU8YUdfzm/Yf+OnwN0v4aX3hnw98YvCHhrxFda7LKnh7xsz2CrG5VYtl3sZSN3DNleM4JA5+8tV1XxlPaRvpWjeEfHkNywkj1DwR4qstQVY/vNKYTKjk7Sdg255AJBYY/knj7hrM8VnmYY3DwqTVaonBJOLk0opbtNta91pp0v9JglFUaUZe5GKV278qvZ67dXotX100P5IP+ColrFD+1540lZWEstlYOMnoCwxgkccADjr91s4Gf2f/wCCGVnby698VHmhSaGLwBoMsgdRJgLLKSQjKVz36d+ewr8Zv+CmseoS/tW+JrrVtM1DR559PsmWy1ONI7xVUhfMZUZg0TMCI2HynG4Y3cfvX/wQN0mw1e7+MElzE0Atfhfo5aRNoLtG0rbjx0PHAJA6EZLV9/mFXF4Tw39mueliIZZSjLllLmhOEYN3trfR9Vo++/R9Xjicc1GScXytcyTVkorZtLrey0dlufrr471TRry0mszouhXtuLCVQt9pds5DBWK7WKZ3jJwd2cAdCcD+YD/gr54M0PSvh54GvLLSLTT5tQ8Rag9wbOMQxyrtBUBQMAg85A5C7W6g1/S742TesiRFnWSeWNdsQ5iyBxyCOmcMc474r+eP/gshFt+Gnw/WZHAg8U38YjZCD5flL03DkAA5Od3zAY5IHwvhLm2LxGbUqNTFVqsaymnCc5yjZKKs03ol3T6tXZhmeB9im1FRUdW1dbpatvb4ls+h+V37GGgw6hrHg20VhDLe+I3sYiyghHmZUjbGRgDqeewPA4P7fat+zj4zsHUWs9hqLMssoWN9rsrZITrgPznAz15+6RX46fsS2w/4SX4cPDE6t/wmCOSflAUSryDycjsccjOcV/THdah9ntonJMky+cpZhyOWwAwIPy9M9P1r+pcyzWvliw1Ok48sqcZNSTa05bpa6WTVut9Ndz4Cvh6WInUbXNKM2lLy00/C976326n5NfGXwD4o8N+BPG66rodzbxt4W1Iyyom+IEW8hUs65ODzu3DHIxyMV+MP7Lwj/wCFgWsSSBGabU0PAOCInUjgYzkHA4IPTtX9Qfx/lEvwm+JUs6yMZvBGssEYqRzZSgAdc8DPB4BbHXNfzCfsqxIfihoiGBn+0eILq3IA5CyZTA55yTwDxnGf4QHRzaWNw7nXioumt07NxUU1fVtuyulfp2Z15Vg40nU5X9t3jq7Oytbm72873Xc/b/w5YhvDGioQ0hMGzGBhgzgEDPIbLDHPXHPWuS8YaVa28OqRx2IDG3MilsZVlGffnPfjIzjuK/ZT9if9jz4ZfGH4IaV4q8VwaxFqq6pqtq8ttdSJGsVtdSJEFjGFUqqjJ7ndxjDDm/2t/wBir4e/D7TDqHhLVtaimuo44ZY70GaMMzZLBmY9unHI6qCAT8J/xF7hWOaVsiqVq1LGUK0sLJzpNU3UXLF2km/d7N9dG7GtbhnMFN117PknLnjadnaXL3Wy766Xex/Ih4y0NV+JviYwx/vlaOd+WViGiOQMjOMsAOvrjvX65fDj9gfVfiJ8G/Afj+z+Ii6Jda3odzIul6jZGayjMUwVVWVdxAZRluBgnnpk/mv8V9MOi/HX4h6M00bpaNboshG0kC3POOOuBlu/pjNf0i/st+L7+2/Zl+EdvaXGjyww6TewtHdpvZT5pwCwRioYdAcEg8E8V6GeZ5mGWYOnj8nceepUi+aavBUpqL+0m1frZLuehGjCVLkrp+6oxdv5k466NPS12/Jb6H5F+Kv2Dvjj4Ztpr7RL3RfFERO2P+zL2WO4kdf+mEm0ZcKW6jJByCeR+U+oaDrGm/G7W9N1e1li1OwnmtdRtZB89vcwK0csbEH5irggk8HPBPSv7C7/AMQR6mVivdO0uJ/OjXfZ3DjJLhd65SPnnpjGfU1/MV8ZfDyW/wC178SI43Ueb4jn2rwcLMrvw3PGCcc84yOhFZZHxlmWcJ4XH0qVqMY1HOmmryvFd7O17/joww+ApU+adNpOyVk7u109dld+euybtoeu6PqZ0/wh4YS9iljiltbtUupbVntWVZFJXzCpQbeAcHI+bsawni8NRztqVn9gS/kkjVp7OVYp2Qn5kKrgdeuWwcbjwOP1A/Z5+HnhzxD8G/CY8Radp+ppDf6rBsvbeKZctPwvOCoYnB7DP+yMek63+yd8I/ENvNcf8IPpdsltKkcs2kTGynO5hkr5I645zgYJDc8Vs/FTLMBiauX4zCVYvDT9mqlNxlzP3Vzcqs1ZPo++vQyq8NYqtfE0MSo+0tLkd0k7Rd4q2lvNrp1R/Nr4snC/G+7BJ2SqrAEqxbdE3JOTng8/7OFLZGT+m3w/iXV/h54Q0wiQeZA4Q4C4eN8gM5+Xb8uMFsgkHqMD4l/ap+HGkfDf9pe/0bw3Bd22lwGwFtHfytcTQmdSjoZXwz8EEZzjqe9fW3g6z8bQ+B9HOhpb6rb6bPPG1giql0VwrkxvuBQlc4IYEE8DPFfV5bmFLMVLG4b3qeIiqkFNcrcZ8rV1ey007dNes43DVKeGp0qs0505Q55ptJ2UU10trd3ts/M+Hf2h7dbf4l63G8ckPlQqpMhPlsygZZHK7ScY43cjH0rwvRrpV1fTlTbtF3bcKSOfMGAMHt1+Xk5zkgjH1p8cPEM2uW18mqeE7jTruW6SFp7myCzRtFlGZbvaFlSRgcsGHIzyBXybptgbXW9PtxtXbcQTD5s5CvzhhnjaeR0yBknIzGK51Wg5aSlKMny3tq07aaO2zfTW3VnbgpJ0V2SspPXm1VrNNqzS766aXul7j8X5Gk1XS/Nwm7SItpO5dxCjk44wRwRgYIPfivIYJ544ilvOVkBxjexQZ6jDD0yBznBB44r3T4s28V7f6SWGHi0mAglsBwY1OF+pUdCdw5GOK8NnsBbLhZQwZsoGGTzxnIBLcYI3EDgdMk142NcJV6isna2rdrO0dbW63133V7NnuUFajTvZe6r2dkrWS+d1aysu+uh23gi8u7vxBawTOjrHGy8gAqVIIBbP3ckEY5ycDgc/VPjr4hy+CNN8HW7WdveW+oaQ6Nljujj3EHByecZIzjp0Ga+Ufh9byL4mtIzG0heJxlc7SpI/IZIyDg9Bn09s/aCtBFovw+2/upW0icjHOAJH4DEDgfXOD1z04qtCnVwlahUV4yaem97K109eq2d94nVGc4V6NSLkpR0XezUUlr0ta2qT0emx1fhf4xfDYQapBrWl3zHUrL7JFc/aJVm00tkNJAycyKM5KEjGM1FYah4em8aW7eF9VuNS0eO0gWGe5Urcec4AZHAJBIJK5xjjPJGD8axGVJEiEoOe+CcknacORjaM4IHTjoM17j8MN0OsxoxbaJrYZbpxImc8AkcdOR8xPOSK8XAZfRwOLdak6l5uzTd1pG++mtl30toelXxFTEUVSqJJJXctE1s+VtP3lbW7va2jWh9YeOL68MU1k895BHLYw7VhlkAdmGMuq5JC5AAxjHUk4ryXRRrelyR7zKdPeOcBnJZSzxFRsDcAk8HpycctlatfGzVNT0vxdpw0+9eJJtJt5Cjf6vdnptOeoOCSARwOhFclpPjzURc2ltqBjuLYMVKrENy7lKkgZ65A98jGPTmxEazxNWUY05RnO7urTSfKnrZapO999HpudGFhenSg21yRUUtlaThqr66Jfy73ufQn7OdwsmtWEbqkkq65NM6bRkqh3EZx0xu5IwCMV/YJ+xr8e/2m/A3wW8G2vw/+BMXxC+GcmvTLDfpKIb1Ltm/0iDaUJbDAqGOODgnBxX8ef7O88Q8X7lR/La/mkQrywLjgBcY4Jyc8EZySeR+u3wE/4K+/Ez9li6b4WWd9Dc+F9J1xru3sr+0R47cScyKZTuZS2d27bng8KRx8XxhRzOFKhXyxVFXpS990eV1VRaipcim1FtpLR35uzO/C0FipVsPUWHcZKMlHEynGmuWyjaVPlle+zbst2mj9D/8Agp/+1N8R/iB8D/iB8LPEf7OviXwPJd6tY3h1+eyN3YWDRMrtGbsQ7YS+0DdvXPTB4z+LP7Llqv2/Vrh4z59l/Y8zMU4V0uot2AMjgAg4IPc4JAP7A/tGf8FUPhd+0F+yJ8VtA1jXdDtvH3iM6d9k0aO3hl8xQUZpIJSgkDqSQ21lyMDp8x/P79k3wnoeu+D9bvdMmNzrNzpNkyxQEM0lyb5CihQV+YggEdgMEcZPxWHzXEVMBmMsfhsVGSqOl7SvSdOc/djq4pNWjf4otxatZ7nVXwM8JToUnSo0ZqS5qcKzrQadSNnCcve95XaV7K9vXx34pzyan+1Cb2XDLFqGnOwZeoW2TaQvQk4GD6HgcZryv9qG0kg+Mdq8mMjQ4LiMED5hcFSuePvKGJ4J49zivu34a/D3TvEf7Y+r6V4v06QWNnpMLyxywsxhvI7FgrOGAVdrBTnkAjsOa+Xf249EttD/AGh7rTrNma0tfD1hFbs0ZUkPsYDGCfl+6D3XkrXyWDzOl/b+Bw0HdU8lcpXTablytNX7pPppLTdO/wBEk40qPu6upDW6vGS5VZPVO6s9G+lmr6+lfCkFbrwWpdUJm03j5R0nibLHpkY6nkc8Hof7oPhZIrfDT4egjIHg/QhnHIAso856kc4x2yewwK/hd+GcZ+1eDFYhSDpjg8A8TxcfLnIPfPVjnKg8f3KfCgE/DL4ec9fB2h847Gzjzn+LpnPGCMdK7sjlUljcw9npzU4X1s9Kjsr301u72Wm19G+3jaMXl2Tt3/iSfpajC/luk3e1+jve/pqyJ03L8vABz0PcnjGPxOSMezwy5wFzzx6gcgEdsDgqMcj1IqukG7bgHjkYboODjB6EgZ47jHvVhbcnA5ReMctuPU4zgHapJ+UnJB4AHI+shCu7Xelurv8AFyvy2T0vt5JNH5pKdONrydla60lde7ZK17NpK+60stFqrYOARyTznHGBk8+gyD3wCM05Y8Mudp+brkE9Qe4POfQ5znJGKf5S4yFOe+Dz7nphsgEg4ABPAqykeT8q4HAPJJPB6HByAcE9M+o5rdYO795Lpa7T1XLpfez0d+voYPEwXwuSdnftoorZ6Lq9ttCILnK8gHnOc7f9kkkEe4AwAMZGEwhVSACC575BA59MkckDBAJK4GR1q1tAI+TglcbmBPOQQQOi5wcnk5xnHVxCj7qkBTkj2Jzz2I2k8ErwTk9M9cMBF3S912SatonZbdtO3fXVXeDrrdfDdJXaukuVddXr02skysYjgAKAO4IA7dWOexHXv15OKQxBRkgYAAJyTjgkjHBPB5A6knsMm55BYBh1IDjoAGB5Hb/gP8OAenFKYOMgbRkAnJJOD054Pc4PHHTIxVrLdU1dpW1at1i3rtrfqntaz0FLFPTVX0Tab3vHdX9NNbXWxn5+ZlUbgBkkHBHTkbercYz1x69KccAdM8AH5dvTr274z6+mTgmw0BBZRhQcA/L1PBPXA7deuRghcA05I2UFdvI5JOGAXp0P5AcA4PY4rKeBkm5KFpcyV1olfls7bbKz6rvZ6H1jmd+XWy001aUd9tL6XV9E33IgGJUdicNzgDHQEHJI4OSORuzhvvG4qAEBsnpjHDHv37ntx689MNVBg5BJA4HTn1wOmf7vTnnIODJGhADPjkNtAJ6cgg4+6xxn1JGeDivQwmF5kk46rS+r2cb6LbVX1079jGU27330t5PS/lurvz6WFHyr1wSRjvkKQeM92xhs4HAAz0EoYKULk7jwMfeUHtx7nB7c8e7QjqG2n72AfQcEe7Y5PPJbkgDnceSQedxwwGRlQwxjA6YxntnPIHWvVjhHDl0TaS1u3b4ej6u781r6mXtLpXva717q6XV30b0v0+V50wQRuPG7n5R1DcH+IDJw3GD0HGWqdCmAG4DEZwccjOT1z3+XAyOOOM1XETDOAenA9R2568tnvjkdQeHIjYCtkqflAGCV55UEcsTxn0NdUKbilrZW17t6Pfv26t2Xrnzpyirdnv091t/Lbbq+haDRngHpnBIIODgk46fp7DtQdu4gEYz16/eO7kYHA5yBwc+pzUapgcjOD0+YHOOvbpyduepHOcYCoXgdep46kgkkYye+Me575NWlGyV222nFp2s2101tpt532uOSurrm2to+6V7W3W9nuvTZ7MqkguDnAyejd8/xdDyTzkjkZ6plBxwx64xnHH3ckc554OARnPSmhVJLDqB3XBPHQ9eMnI69P4ccN2kk9SQMAcjGflfqvJBGB39BVKL092V9nezu7JJONmkle6vt6LSEpJr3eq3W2qu/LTS9uovmLyMdxjavBJ9+cDjJOOeTzzkfGVB4yPlHzc5GSQe3Q55GaTGMHlsbhywyGHA46DOSex6jGDRgAYI6feznDYAxx1BH19xgml7P3rrSzTs+iul6t6rZX8uqpcru7tq+vfVKz9PlvpbRoaCFwCVzgZCjgBgcKc/rz1PoakQjktg9uOjHIOR3xgc9+MYpjcrwuGYLnA5yOpJ29gD1GCevWhAxwCc89Ac9hyT2POcZxwcAg1vTS1unpu9LXXK9N9Hd23V0rsmVNrVfdfRL3U9Xbs7WW7SsiXBbbk4HQgcbgBweMnIAOCRnnjPQyfLxxg5yAOOR9Cen+Hc8RqhUrk9OF6Eg45547gjODjoTwDUgBB+Yk4yCPp0B4JGB1z1x14rVQ1Utbt6Wella9/lbpe/mJLTvo7t9Gra3eiVt9fK2twC7sBgQBnOACMZHAOOp5zwu315pdg5xtOQMZHcZ5A7EcED5ieeOcVIc4JGcDGAF9c9QfVQcjj5jkY4NPRGbJ2lQCSQSGPc5xgfOAOB0xnODmpUKilsmtdVbutXorXvfzS2uS5xjZprZaf8AgN9L2Xz1utLaWrsjKSVGchRlsEng4Bz3HQDGBmkY7Q2SQCSegBOM9TtGW+U5Gf5gm6Igx+Y5Iwc+gXI+bryOucjkdGxSSxICRgjPXnjnPTnjBBHQdOg76KldbxTV99raPR269rbr0IdaMtLN9L6KyutndPTTTfV9zy74q5X4ZfEMnt4J8QEk8Y/4l8xB79euD1AyBg4r/Pk1aFbrVNSmubpbVItd1+RJC+3cP7SuMDqAAoHJyRkngHmv9BT4wI4+FvxJKMcDwL4hVcrxn+z5sfdHTAxxk9sEAmv4AtP0+yutS1KHUkEyR6vrsrxSDIy+pXIDBiSCPUEgEdcHiviMxpyXFeSQXKn9Wr2bferSbv5q2mjWrV+/6HwzUjDhfiKd217fCNuLfNpDXdet7Nqy6tXPPdJ1PSNMvLr+0tfgiDi4kgSOdhHIrhgpdVP+sO3dkjqCMdcefX3iLTJtTV11eMRRlmBQsGILk5DDiQc89xzx0I941jwv4IXUZA9lpxR0QICCvklgq7Qq5XOeoPGfUEk+K6/ovhe31J4I2s0QoTGSgPy7sYVjyTgkD+RyBX6dhKc4Jpyi1tJ7XTcbct009Xa7023PkcRXhNqVqieq1aTWsb3dktb6dtL2PqX4T+KfCVvcXT32tW8KyaYYoZPnKvP5WW3KobLKMdcDJHqK881DxRY/br9LfVpTbec6rttpWEi+cSMEr0I7njHavcPg/wCD/Cq6PdXF3YadKo0+F7ORo1JZpEHmSAPjdkfL1OMcYzWvbaH4e1C4uYbWztC0McwbCRx52M21lTA3Fc4zyeODg8+jhKTqUKt5Rj+8aW1ldRTUdtNXb712PExuI9li4yVOT/dxWkl0afRNvTtb8T51+Iet6Xf+AtbsrH7U8kHhnU1uiLORULvZOylm2AAlskk4GOMen5GfBa4ez+OHgjUo7O5uitrcxRxQpveWRdylUXHLAr8wOcEYGAMH+g74weC7DSvgp4n1TTZIknm8M3Buo1CFm8xWiYsOuCOFAKkYB6kmvwY/Z+UP8bvhREJMCXWNWtwVA3MEkkwM9sp78nryMDppuPJNcym1ZOVldaX000Tsr6X/ACfXhZqpTnUcfZpKWjle9oxSfzVk9LpPS5+jfxJ1XXtS+HHjCKfRNTtYV0WVmee2CIq/MSu71AyCMdc8kgmvzv8A2bJNSi/aJ0A6bpTahemyHkW2PmlK2xyck8YALYABPQ7iK/av4y6dGPhT44ijZ2CaBdZxtwfvEjtjOBxkcAgelfkh+yJCJP2vfBcDvmN7Yggsq/esZCF3ZzkEkZ7EHrgA1KaioOCV1Td1a+u+t9db7/lpYwbcsJib2STck3JyvaEWne97O3R99krn3N+0vf8Ais/C+9h1fw/JZWt1f2QWbG2NZRIreUDwWK45BA6AntXwN+zXJdr8XfHA063haRtPDKkhZcKrqHxgHOcnnjB56cj9eP247O3g+FFhFHmPzfElqm1WBBxHwSAx6MOncZGO5/MH9i/Sk1X44ePIncPt0m6IUFeAl1zkkdAMEEZB444BWp1eanTnyezs7NJWu04pvVtpXvdX1fkc+Gpp4bEydnq2lzNq75L7t213TeqV1a6Pa/jq2v33g7TIr2wtYo/7aXyhE7Fy0cDNhuFG09dwPX+Fe/z/APsV2uvz/EPxdFpOn215Kq3ZkjmkYeWpnX5kIXJYEDocAc/eyF+7/wBo/SE03wZou5dinxAyAsAQALSZhz1PYZwM8dSefmL/AIJ2CKT4p+PGbHy2+oFVOD/y8jbnsc44B569wRWuGr+zxEKmj1Sle2q0W2j2vbXRbu5tNRllNRxs3aVlra/PB23vprez0T16HUfts6T4oi8L+DTrOnW9sjancfZvIkaR3cBj8/G0AAY2qDwQM147+xvbeI5vD/i+3053tkj1dZJdlt5+5n8wqFIUliQQGGc8AdeT90/8FDbeKPwL8N5S4Rp9VvWIG3PyrjHQnOecEt+GawP+CXfhuLVtG+IU1xGJ47TXoc7olkCqd5+bPc8H5un1zhzxkI4yVeSSV0rLRK6srpdNUrvbzvd8kYuWVU7pOTv3tZTWul/Pq138vj39pfRPEkus6E+q3qLKmmXfkL9mKOqKCd0mQAS44OOM547mD9lDwp4i1XwlqE2naldQ2n9uXsTiyDFxIshVyyjO5HODkkdhnJr7f/4KJaPZaX4u8MSw2axQyeGL51PkhPMIU/Oqgds56H8skef/APBN+C2vfhh4gkmTLL4q1VUyo5BmO0c546DHPt1wLwmJVTMpVUvdcE7bq9kr3drrRbd7WZviYOOTUWmk5VElvbSd+ul3ZK9tFbtc+Rf2w9M1TRfFHg201S/mu5/+EbutjzxsrLEAQEGeNuDnIJJ7c9foX9j/AOHeta98KYr/AE6/1GCKLV72Jltbh40EpZSZWUcYOOcjqcZ6E4//AAUVjtf+FmeA42gRS3hC7ICrgggBU4GDgnpjAI6A4r6q/YFjjT4DSgRPvbxNqCHbkbgNnt93bjGccgcjIror1F7edVw5lOfw2Vo2UVtZ62Ts/NpXRzTT+oUmpOMrxtZa2Vvsp6Xunt07H5c/tUaDc6X8RvF1nfXck8qWEUEsrzF5ZHdeC7HkbRxxjknAz0+0f2fvg1ZeJPhH8PdUF1cxedo8U85jvJot6idgVjX+HaU4IPGQScYr5c/bVXZ8X/GgYbVLW2V/3o+Dx0wc9ce/Ga/RH9li9t0+AHwzjACOfD7K0jBcEC4mGAQ3BIPoQCemMUqdZ0sWpRpJqVKLtfRX5X1t99tuneq8XLLaMudpqok5ptOTstOu9vy7n5bftZ6PFo/iXxnpSSSPFbX9isTSSGSR8BB8zlsscDknPPXkcfpf+zX8C9M1T4GeDvEhnvozeeGbi+u5I7+VQZIVk2JEhwAmUBZAAMAnBy1fnh+2PCq+N/G7Ha2b3T2BHT5gOQASvUZyR94kV+vH7NF1qMf7NHgaCAzRQJ4OvmklVUKyZjmwoJKkEkAcA/QcgZ1KkniJVI07ub5nFvbWOnLouuy21HiLxwmHvKcZe4lKLacm4xtfRp9W11TT1V0vwV+KltbjxRoNrIjOkviu9icscs4GpPHyxBJZlUEtzlud2c1+6fhH4JeDX8NaFeHTpnEulWE203sycizjkB3AgbS3XsCTgdcfhp8VCf8AhLvDburtt8YXzk7ck/8AEzbgjj0IOODxng1/Rz4RbPgfQJIxIpGg6fgFQ3/MPi7k5x146ccYzy3VUa05cif7uCV1d6JN79ZbK10u7VrViIzdLDpVJR55e9NNpyuocrk9G3bzdrtaKx/P38Zba1tviVZW8UW1LzxjI8iFy2FgvDAE3YywCKFOWOcEHqCP3HsPhroK/DSO/Oj6arf8ImLtiIcF5f7NDBmbByeQR1GTzmvw9+N8br8VfDZBJL+Jb1mI4JZ9Xcc++OCcEjv2A/oX0aW2Hw0W2u0uQF8DBEIwEZv7JALe+QpHt3JxV4abdKcowauk3ZpWatvdtJNu/Xu73uozS9Oph6fPu4tN3SelLXza6q/X3k7n88uk2EF38cPh9aC0V4Lnxg8MkTcxPGb8qyEADCsAVxkjA4Nfuj4r+FOhWXh/UNQHh/TNi2F2EU/M8bLCW+XupzySDjp3zX4o6VtT9oH4YCLcUHjX5guFLKNRHVhzy2BkEAEHgkkj94viXJdXPh3U44lnt40sb4Od/wB5RCwJC/hgnqMggEcDnwlecIyUIt3b1bXM+jS2b0W2q8n1vMoy9pTvNaOMUlayXuXurrd+S7Wvc/AKXSoo/jB4Ft47eKFLnxeFKjaVbOooQDnsBxjpt7Y6ftj8W/BVlY/Br4i3Ijs1kfwzcyZSCNZEKxHAVlAIyMggfXqOfxcuBIPjT8M1Idivi+EYbjLNqSAAHA6nrjjJJ561+9nxqsLl/gv8RDJp88ccPhG9KsFAj5gOXc5zjPGCOuOfQwGI9nTrczspzkk721+HXa766W6b2YZrFSr4WzbtGDsrrdwV9O7TbS69U2fhf+ytCsvx78KW3lRmKfRpDtdQyfKSSzLyCQASAR2OexH6sftJaHaW/wAF/G8qwW6P/ZkX7zyYwQTKv+rYDPftnkcDNflv+yokFl8ffCU12kjRR6JLIWUMxBbc2Bgc4I6Z+Ykj0J/VH9pjUtPvvgn4ySBJi40yJ1DAqqbZRhmxn7wye+PvHPOShKXvLWSTV7NvT7mrWd+vXQ2rtLEUXzWdqbcdno4vXd/dZ2W97W/Nz9j+z+0/G/TrQRxGF/Dl2XVlVukynJJBVjjg5XOBnorY/UL4taDpsPwz8erFYxxufCeoh28pCCyxv827aDg4JUEggFckYFfmJ+xxdJB8c7B7iIiNPDt624gKADKAGzkY4PXgZPA4OP1M+Lt7Z3Hwt8dm0u1lk/4RbUt8YkRiMxvjIznqeeOCcNuOcd+XSthq0edK8pO2ienLzLVWd3rpba2uhjmcefGYeXLq6dG+973Stayve+np31Pyp/YGtWb4z30YC+WfCNywJIK7ftAJwCAM8Hc2M+hAzX6e/tOabap8BviC0eD5egliVRRliw3ZIUcA+3brzX5lfsIR3A+Ll2I2SOT/AIRO7BZsAANMMDcT0HHQHocnOQf0j/aY/tZ/gb8Qo3nhaNdAw4jK5+ZlJ5B5JHGBjgk/eJNXhpTlQqRi21eSa0aez+W7ttrZa21jGNfXcO2teWmtU3ZpxW2qb8+/lo/z3/4J+RNc/FvxLCzfKfDDEA4BJymeCcc9D0zgDgtX35+2Fp1tB8BPFIQIrIbCQbVUKSHUAk7eCcEtj72M5PWvhL/gnHCrfFrxQZ0GR4ZlUNnqE8rB4I44GOOD6jiv0G/bNht5fgR4w8hWIWKzOQON29Twc4wOQc4z3FZQ92hUjdXUZO1tbXitfn8ysTBPH4eTk171J6dPejZ+re70Ta+R8j/8E/Cr6h8TdzZ/eaMi/Ngcxg7u5A54LZzz17/UX7ZkgPwE8aRhFLRR2XKtuTGQcntnoOwI5NfH/wCwRqFrYXvxMa43xqbnSVI2btwVBuyM9jx9Op6V9L/tbaxY3/wI8cPZyyujLZgA5wQpOQpbGD14A6biRlqijCTwt7vlSaS2svdva293prp9w8WorHxvJXUoSte3WDsu19t7rW17nzp/wTiKnUPiA0jrn7Bo6KudpYEsSMjnB5z2z2OMH9kLKFZrCa2kAYJod+MByT81vKRkfiCQOuDjJBI/GL/gnGEe8+IzujlksdHOCCCV3HPH3gMDB9+D/dr9p/D226iuGaFsnQb7AUHb/wAespI5wOQBzwct1x81YqUfq80qkUmlyp6Ozavdvq+lrbLS97XKN8XTbTkk6fezV4N6pO1mrqy6N2T0PxN+B1qH1vxOjxRuv/CXeI1AzkqReSDIzx0wW6Z6BcYA/XD416Naat8FfJ1K0tZEh8B3qo11F5ggYWI2XEGQAksRO9WBBByMsMAflR8CbdT4v12FIpWMnjHxGoC44P21uBwT+O7acce/7h/FvR7K4+CWpQz2rLNb/DTUZIyoHLDTmIHYZyB2GM5Ga5MQ6Lw2GhKSb9FeV+XW6W6e2rSS8rnse1hGdSX2+X7K2lZNO9tHfZ2erfmfzy+HP2dvG+o+H7PWfCuufa4ruOa42x3b20mRIypGERwhJxlckHB9xXE6h4a+KXhm6v7PVtK1NreAq8kssQvhI4KqF3fM43EKBgfdAyTiv0P/AGf30ZPg/pD3N0bO6huLhplnt3ctCbp0BV8Haq44GQBjIAFaSaTpGs3Oo/ZPECT3l1cyLBE4Zoti5Yh4nUmM4yQrBTgLwQQa9aGTUeSjVoVYU5VIxu9Oqi2rPVtXu9n5ptM4Y5jVj7sqbqQTTs05cyVlZWun/idtbrfb8H/ihqcj+L53lhltGEKidCHixLxu3IQuAD12j0OM5J5vTvFElqFikmZIzwwUlhyMDKnnPPrjJ6d6+q/2ntDhg+Jd99ps7Ywy2wHmW0Kp5skRZd4XCnJKgg8jq2cV8vy6NYXRaVbWSKPKxho+MY6nGcZJOduMdvujFfF5g1RxVejKcJShNrmVnfVdk79NXv0vo39ThIe2oU6qpuDnGMuXl95WSetuvR7Xb6k2o6pZXAsmS6jJQOz9dwyWwceoOQO2OvPNYEl7aOkm64AyNoAU8AtknvkEhic9ye/IzJtKDXgt7RyNpk5k+UDBbAGT3HX36k5BqSPQ52Lt5qHbklSARlSRkjLYx1IIIPGMk4rGM5KKjzWjdPfe3LotbKzTuuuvfRunTu9Luzs9dklH7uj11vc9i+CGtWFh8RNFuZJgka+aqzOQsasUIHmE8becn05Gcgmv0hu4ftMMd19otZluE3eZZXUbSFWcHOxXD9vl+uB1NfmL8KNDhl8d6FBfr9ptJbkC4hQEJKjdVJzkbsYLDHHynNfoP458D6QmpJJ4eh1HR7eHS4N4trqRY1ZowC0ak4Jyd2OOmc5zj38vxuOoYap9VgpU7pT1s7tK1lu7JW6JficFTD4WcpKpKUZpLltZq149NL2Sabv3equeg6T8NrHxS94j3d7bXSJE9tHvaQvhGO98EhgSASOo5GBXb3Pw08UDT4Ug1K2kxb+QttKBGZUUAKrg/wAWAdrcEEAZPNec/s3XOoad8QNX0m/1mfUra00bz4TeSAzKzFR+7MjKSVBIKjoM9MZr7iNpd3MsMsqWz2wzIhZcKylgQp255UEKCVxxkdSa+JzHiLG4XMK696nJyhLlsmtoPo773u9Unumfa5dkuDxeX03KEZNJ2kk/7j6Xtruns9Nz4a8SfDLxlBd+HIv7MV41uhIzwXAaJSCxYuCeCF56kY6gdK9CudP1rRTbrZQTul1GgmYqsmJAAGOQTtAIPGAcZ5PGPp+/t9Iu9d8PRMgeRr0qbNSyxPyVLlgCGBHY+v1rqPHHgjwpBpH2mKC6s7xgzuLWQlQQw52gn7gJBzwOMDnFRhuL8SsR7SootTau+r5WtmkraaN7vrbpnW4Uws4csJeza2s1ZbXbdurdj87Nf1rxJp2pI0Fo7yNN803kyABQwOCSpXAI5Pp83PFWfCfie5vp/EMlx9572JZMqVCttYFV3YyOMhsDI6Z6n7DXwXHdW9u8V/GkQVSDeW8cnmggn7xBOeCpH+0RuyBnkrX4fR3Z1JrTT9JlAuCsjIoiaR1Od+0cE4ByR1yFxmvrMBxnRVejKpGXLFtuKaaSaTbStv62b6a7eHjODqjozjRnDmmk4uVrKzV7vq73vdXu99dONsZQXsApLM8ZDIMMASDjP5kYGM4HTJB+VPEulrJ4i1WVlIaO/lIjA4bPBKg9cHpzk5z3OfvFvh7cWxtrkWbrKCoAgdioHzAhVAwOOvzDOASeufI/EfwP1S5vb3Ura8aOa5ufNEE8TBlL88MgYjoB15+9nBIrv4g4iy3NqGGjRc4VKc+aaqRslH3UrS100739L2OLKuG8yy2pVlOMZRlDTke7umtN+mt/8z4a18mKK+jMYZ0DFMopCsRxknGPQ5JwcdM15vp11JaXTyTIFEkDxkBRt6clVPrnI9gDg4Jr7V8Qfs1+Mr15EgubN53CuN0xUMJDkYBwXHG08DGeDtY7uA1T9mT4j20dqiaat2EPLW84PGCCVJIzkc5yxPbnmviq7g5xlSnF20smr3bTS9NW9b9Oh70cPVs41Kck7vR631TSd/J9W18rnhem31vJH5Miu4BRkZYtzICzZ3HHRcjJz0xweg7dIRNEgKSJFI8bxnYF3A7VBIPP97HGDx0HX0G0+G/ijQbGWO98I3yuFKidLXzmYr1B2glsnkd8gDHJAztVtr6O2hWfTbyzaAohMtjIgBJAJyFADIvUcYPAHeu3CWjZ1Jpya92O107JRd2lZJ6beu1+OvCSdowmlCKXwv3tEmtW9k9Hvva6WvMTqYoBaCNio1AMXUD5VIUDnJ55J65wu4HJFQwW/wDpd4jow+VuSd3Bz97Jx3U8Yxnd2wdq4dDD8kgLNeR/MVKnKqoIAI5ORnA65ycYJNGcMl3cMn3tpBwgGcqM5OR0HUcZHbrXTUpwl8MotK2ll1tZbu9tGu76984cyumndJt/Z91tLZ27pfN/Oxa2STSQIyqGAd8kgZAHBOBgEjOBzkcc4zXPJZwPNet5YVopXZcYwG5BPHQ45/HBxkkdfpc1vNPamRD9wqTjaN2WwSecAjgYzyexasjyk33YyGElxIqqgGRuPcZB9wevGR94CuDEUYvkWjbukrb6K1+3Veq3tqb4eUm3rtyq/NfTR7d+bS6uuujM1bWJx5qx4ZRgEgHdlcHJGc4xtzjp3LfLX9Av/BITTUs/hD8V9a2f6/XVtB8oVyi2m/AKhRkPlgOD97HXn8F47VIVEbRsVKsoA6hipIbrkjnjIB4IwBxX9EH/AASr0uS1/Zp8T3CoxOoeJrgs6od5C27IA2DwAFO0nqOBlhz87iaS+uYdJKL57ydtFZJ632vv8++3swqzWDq3n/LzJ3TbvHltZWv5+fex9m6xf2+geGLy4mIQro+uXxJznItpufmDAnplSCCSBz0H5h/CX9hPXPELXnifXtZ8N+JfBHxIvZ9Xl0vVLKKLW9Pa+1Df5NhqO0SW48qTCtGPlA+UcZr9HPjpvsPAOqXECu8kfhu+gJ2hTi5jMO4d8nd/wLlh7dF4QsE0b4QfDn7OskVxBY6FKxXbk+f5JbAIDAkZwMjlgfcermGFhKlRTUZRikry1snGnor6XsnfTTTtpzYHEOClHWKbtzJuzjGKejT1te2r7W6H83f7VHwG8IfCH42+LfAvhG7a60vR4IJWtLsq8lnLcxbzaR3BOZljbIVzhmABPWvlL+wWknitZ7YovkSzoVYBiit94EMCRwQwzjjrkV9pftu3V1fftQfEuRfMXN5Yqd5JLf6Odok49M9yPvYx3+fbO3M2pac0yebGmjXSkrHkxtuK7jtJ+XJGSVYk9Qc18pj8jwtWcnCKg07txvy3vHbrZ3vbZPS2p9bhMdWo0oNz9pFJaTd7q8bJp20WrXmte55XNYXdpJDdaZcvGtugfBZldXQ9Vx0KnB68cg8Zr2XwV8Ztd0NEbWIBq1tkxPcBis8ajgg7V+YBcjnIJ79BXF6lot5b21vcIivbuXwNu5ggk5yowVyR/wAB6AniqVzbrbKHFtNCjBNyFD5ewjG5TjaOQNuDnGeOpPyeIy/E4WblRnNcqWifuv4dbdlZJ2TXVaI9uliaVdJ1IRcrJtStvaKvF7WTT03t3Pqi18ZeB/HsrwSSw213OkWEuAsE6sr54fADgtgjceT75rt9d8L3V7aIdNkS7jVLRY13KX2QpgKjLkEfeBwcjoBkDPwxYWB81ZIBu8yN3Dq7BodvIw6/MSCOATkduGyOn8LfEzxj4bvglrqM11Zo3NleFpoiY22lRuIK9cg85PAAxiueGZV6ScKqbV1fa/Ru70W17dF951zwVGolOKV7JKy6O3d6W9Hf8vpHw1Z3mmJqEF1bSWdxPqMr+VIhMbx4OGDYPVefQE46YNQ+IbdTH4efJ2/2hIAoXDHEhOOSOPlzg8EnOckYj8M/G7R9WvEh8SaW1jNuIkuCBJbENwSDgFc4J4BPuRwPUL/w/wCGPG9pYXGi6vbrLbXLSxR28oOVY5IZdwYMvX5RkZGTnp2xzfD1KMaTXKpWXNpa6Su9NmmrJfjazONZVUjVVSLUldvl26R1S2u7a7Jbu3TF0PW7Wx8YpLqdob3TM263VnC7IZlCY5AyQV5yOScHjgmum8SDw14m8QNFp0cuk6UNNZ4Yc7ikzA5IOAyK2fu857kkg1mS+C9b07VLW62C7gLszyREkHcoCKwHHAyc8Y4PrmnHZTW+uyzGMxlrFwY33DGCSQMgZAODt46EdcV2QqU3DSampJPlvezfJZ26t9bbWvvoc3s6sajU4OHKmlJrW7cLq9tVd9136mBfeCtRsLDNr5N7F9pKqsJBkTOWUvyCpAwcY4OSTk1wWsaROI4i9tM8qIu51hdmQFirhsI2FABOWPJ4yOSfZLC5uhpl1CJWEhud6uNwHXPLHHOOpJxxnIBxXQ2GrC1S/meKCVn09VMU8KyeayAnOWXIJJLZAzyRuPbzq2Bw1RSs2nO2j02tbR3Xu9k0n03OyOJnTcfdTjFKO7T3jZJ2aW3W27sePJZQy2iMp8iWKOOEowAJAUE7hjOSDg8njIGaYdFkjKbgZIym+QIQQDyRnIAJGORjJweOOet1bTbi4xqdrAkP2tluTFEhEce47SiDOAoI7dCcdesunWk8s9lBcR7IZrqK1klCniJ/vk7hgAE5yeoBAySK+SzHK5N+60vetzvbRra6Vk4qzWnm9Ge/hsZBxXM7uyaSeiatdu17+aatu/M5GOC60yVLiwnlspmXcJIpWXaSeMgfLkAcjH8PGeK9B0Xx1rNsY5dWRNTgQFRIAEuAFyo+ZSQR1YZ5JI98GqaIbe5vYo9s1tBOqxngFkxnJJJIBA2spxznFS6P4Wu9TSVbeORwJFCRwxmSVpCchVUZcsGP3QW4AG09vksTgsVSn+5UuaDbik20mmrbJ6bu/RO97NHq069J8qly2cbqLaVrJfgnb5N3Wjt9NeBfiALq0soLPUmjtE3s2k6ncMIGkb5v3aEhDgnOeeuQAcmvqpviLZ674WubDUrMafdIsFvbXUf72B0ix918cBhyMtnAGRuGR+dD+FNQj2WksdxYTWbhLlbqCSCaJ3QMvDBWUsMEAgH9SfQND1fxPoKGzM8lxbrsfy7giaF4hjj5sNGMEEYydzY7VnQzXM8C3CUJ1aTS54tcyk1FK+sfd6pNdddbHNicuwWKhGacITTUoyTtzNpJ25bbNSSbvu+tz9cP+CfWtk/tFR22nvGt1rfhTV9Js7kOFMVylpMElYHJ4baw4JJGM8jHz98ZdK8a+HfiF4uTxtZyTTx67qkLXN9bi3F8jXUzRXMEh+WbarAKy5JG5snGa2P2EfF9jpf7R3w91bV7RtGshdXVpc3UolgtA17AyRuZmVVCu5whyFBIHA5r9w/2gfhb8P8A40+G/GE1z/YN6vhPSrm80XWLXyZ5U1JVeUw3EsBYtlhtJcE55xzg/NZ/VhmUaNenUhCvh8TXX1aU1GbjVo05yly6v3XStzKLTXuaXR8dWzKXDvEqdXD1KuDx+CwtOeKhGTVOpTrTgtVG0taq5ot3S16O/wDPXoP2MPdzWy4UwYOACF3cFSG54BABGf4gcYzX9Qf7NpD/AAN+HO0k/wDEgtgDjOSI028455IHGOSckV/PNr/wT8Q+BPDg8Ta5Bb2EOrXkdvYW8MgkWaCRdwlYj5oXbOY0HQdxuwP6HP2a4xH8DPh4C3CaJAMc5wFQAY/IdCB1r6TwvqwxGPxzjKMksKod7ONSDsujSdldeWmh5XihVhUy7LZU5JxeLajy20tTV1ddnptu97be1Mikgj5j36546ZOM8HbweCctycYhdVJGNuTnOe3GOBnnI75AOQCc/LVhgAGYhjuORxx8p9M5yOnQZxyGNM2qR9zGSAPcHJIOc98jHQcA853fs9SlBptaOzUVe1tbbaa216O1tXZn4rGbdk20rayba10Tj2sntzbL5MotGSRlhjrgDJPHGOcEj09MZ61GybjjnHrgYGOR2B7YOBkj2FX/ACwd2eeuMH8CBjjI9fT0GaTywPu5PYjjI9MZ5GOMjOWxnjt5tXDpySTVrJ9XKzavrdJW2266vRGkJyk+ZPva99vdbt0ur8t+ttF1WcYtzEYJIGCDjA6DCn69TkHvg4zUBiXncufUBQCWAIOenABPAwT3w3NarR4Iwo9RkZyPUKcdeODzgcnjiEqSSQoJxkkAcZxnoBkj8udwHrwVcNBfElaSVrJd46Np7LZa300vubwqSet3bTmvJdk9Xq7dbabppK+uY8KEjjaecFSAvTOCML7BuOSSMAc1VkgIDMAoI4AwAR0zjA6Hrx/eHUgitwIuclRnscE7cdu44IVhnPBHTgBrIjqQFOQcjHAyRjPBIGScbQBzyDnp5dbBRnL3VFXtturtOy1au3dNXd33OiNZRd7ya0W99Lx017N77r5acuVGSeTnIwMc+uMc/Qe/512i3ZYEHrkELn7pwvIJU8YJCk88kHiula3jYsSAMgH03Yx0IHOM44wOfXNUntQBkcE9iAST6lumBkZznpyea8mrl9SLbcYyjpf101a69LX7Pvd91LFPlSd1ZpapNvbTr960ul2RhLCckDITAxwMbRgZKk+m3jp2I6Ze0GfujPQ9Mbhxxg9TwSuSc8DODWl5IwATgjjaR6dcE9eQTkEkYPFRvtUFuDgEAcHp3HIY/wAXI9/mA5rgdFRck7KyfS1/kuZq1kuiV7pd+yOIbtZPmVvdte90td7O920rXVrW6md5bZ5fg4wNvYDHr+A5z1PQYMboRkbvlPLFuCF6cn1z6Z75PrO8i5K8DnHb5i2Mn2AGMZIOOOuKoySYzk5zkAcnqMHp1GR6dunBrB1qdNNOdrd7t30WmtvRrp+HVDmla9o7P+a3wtPTfX7n3sRyKVJXPGDt5I55wMjPUcbQQSDk4AJNQnAKsQOB8vyknPr6DAyTntgjNOklAGOO4PByQCwPJ6jJ55AX6GqkjjJ4+Y8gnJwM4ByQTwc44A5xnPB4a+IppzlF2aS087b3VtN9dLtW3O2nTlypXe2jd126t7bp2snZNJasm81gxwxHIycYwM5x3Jxk84AI4OSOD7UQCcjGMZYZDZGOpOSpODgAkHIxjms5ww5LA8nGW4OD0Ax/d9skE896rsXbI5PGVwOQQQOBkEKASQBk8DOcjHA8fNy6W0Sul/dVmtUuj308930U6EW7vfRtva+i7Pe2rd9L+SNhr3BPTOAD789T97AJGOOACA3QYct8hOBkjH93GOucDOAAeNoBA45FYGGBJz95Bkq3IJ69uM+pwykDB5FPBK+/BGPT0GcYOM5Bx06DOMn1+aa95K7959GlbbW97pLy/FUsPTk5LV3Wll/gs2nr5JLS+2ljoxcISRv7AnOATlhnk9GOc5yAex6mgzIAWz83Q/MAM9MEZ3YyARxk8DPrzwd/lKk853HICgDp2/hIxySOM/NnAf5znA2qePXHbuOM8DHfnGehx0wzRtJSb6a9tFZW/K77epH1RK7SV007Na3XKnqlazv+DskbnnkjIZemOvJz3YAAYBHGCp5HHrIrMQenzYxyBjByencbs8nuOnIrBSbDEkkHaQDkjB6E9fmC7sADoBzjtbjnUYwRj7vOMAluV4JPPG7PTAzkjNdNPHXafOmlbrrpZJd1a/yW9ltLpSVlyvX4Vvrolqtna2q/O9t6PcyZJByynPbI6c5PzAcHp+lXUDZ5IAGBnPQ4AByQDgnOMkc9R0rGiuuozgc54yCo6A85AIHXaQcjkYrSgnRyoYdVAJGBuA6FeeD6855zX0eBxVKaVpp/DaLS11Td3e6bS1sm7Np6HmV6M07tO99UubT4eu93qn6Po7vZgZFCk5II5wM5zk8bh8o4xg+oHFXYbgLgEgDuOpOenzYO3kH5cZ5ytYiSDBGCxbnB4wQeQBjnuSCMDn2qRGGM8EluCxBIOOOnXPAboeM8HFe7TxKhGPJJqy2S6pR2dtdVvaz+enlzpxbs09Wkrvpo02t7d9ei6Wt0azruTPIHzE/ePJH3hgcjGGA6d8scVZDrJlhz064wB1/i5C89SAAAAMY559JFXbkH5QATj2xknPqOeT0/CrgcYbkjPKkEAZGcMPYE4zgjngHt6tDGSlZPWOi1+LaGvTTt6L5cVShFW1t3bb5bXVu1rq8tne260NEbeVwM4C5IwQOykEdB0JxyB+TgMZG4DOfTjbnr6H0Iz6/SqpbZgY6dOuFPtjBOOvGAexBOHO4QkgAFRj5stkADqBjjB3fQ5A4r0oVopJydm2vldLrpa3Zaq22xyuD1SfbR32TWuluum1tS4GHXOCeQSvOR1yT0znP3Rxg9MsJI3Gfnb5ecDOTyQQcZ49TxuPUVRDq+cDA6Z6KCMkj1xk8ZA+XJIxgU7jnJOeCMDHUcqSCMc5GV3cZBNdEJptSUrq6euuvu9e9ujvv3M0mtGldWTfZXWqtt3/Dexsoy7STgEgc5GT0zjnoQV49uOato0YwTk5UED0YHnoRnI554A4zu688sj5AAyMcZGDwNvzEf3gSe+WxxzVhJjyCDntzk5ABOeQO55Jx1wQMGvboYtQstbry0ura3VkvLSyVkn35Z0W1d7Ss91qrxXfpdXWnklY6AeWCg5ZD69N2OTn5cMcDjn3PpIChOCCp6bSecDgEYPryATk9/WsVZWUA46DHJ6rzg5z1LHqT1zzzxOsmeS2TnIJ6dSAueeeOD2PBwBivSp42nOykut731vo+mnTV6W3VjCdJLRPVW6JJryafRW0205VbZ6q+W2PukjAIPfbkHPbkYPueuKtAxlnJ4wQdq7QM85yR19emM44A+asmJw+SDgg/L0I4POT3J75H3ue3FjzcZbpkYznjk4ySOewx6Ac5B49GhUha6UXpfa2jUXZ69Fa3W9urZk6baSctrLrdXcLLrfRWcvR9zYRYtgOAMAdPvAcY4GMc8cn7vHfhWAA4Ax16fTrjG0nkd/X65SznapBKdio5PvnkEkAjnnsPunFWhKWU8jaAAT8uCC3AA+8WPfGMkHBr0adSEkrxSfupNxs76N3Xpa2yfys+SUJReutmvNJNpaNLdddlf7yV0QlcYHOcgdA3B4OcdOgOBjkEgUxk6qcA9l7jHoeDz19O/qaYpJDKCAGxx0x04zjJI7gHJOORzSbipOckggA5xnPOM4wQemOx+pxXJTktEr6NXVrJqKvrtvfTbe+4k5Jddtr3ey3e1ldpvZLbQbgMDkHgnI4yCW6H6YyAORjjjOWMikZA2jccYGMZPLYBwDkADP4npiyAQWBwGBO4HOMnIPTg/Lx1PRu2KacEsG3MeRjHAbuRyT1BJHUfTrjOjB2ukkulr763vsnot/u7aRqWVutrrqtJLVaLRrfW71trcpGLoSAwOcDhjz0xnoecHrgg9yKjZMHg7RnHHXHbJxnAxz646VbYY6YB3dOhIx1GCew5wRkfSoiuDuIJxhj0bcDnb1OSCcfdOT0HtyyhrZLl2SbSdnbvZap7aW8tDSNS7j2t83tZO/L5dWl0atdVHABwe4ww5OQf5MBg8+oyRzhVByOcqSOcdxwSTwMnHfA6ng4qVlkPOCeTgEn3IzxkjHoMDbwcYy4LkjIAGRzyc46g9AOeDnHp0zWao2aaXddN04u7s9LON7PTXTRM6o1ILzstW15p30Svbtfbe2rBzklcZA55HcgcZA6Z56EHI5zmsvXnKaBrjHB26NqBHGBzaS9MZHcHg4X0PfUdSCNu0Y4wuQce+SM44Hc/7O7isjxGdvhvXyOMaLqR+Y5P/AB5ygE/Ljk9RjAxXXOPLhcQ+qo1Heys/cdk+vy1T3bXXGk+evQVn/GpWte75pxavfXZJLfbdq1/5yv2VdVg0b4jfFu8jhW516/8AGENjpkTR7lijmv7rzJWbAKlQMqR0b1IAP2R4/mkPxC0aG4l/eJ4S1gyxqNxedoHLtuyTtJwgIY46A4ya+QP2TBZw+NPizdzKJb0eNrbycIDJCrX90A8bYO0tj5tpBPpnFfXPxANva+L9P1WWWKN38L6zCDO67yYrdjsUE8k598dOcV/HuJm6uKryk04/WIrl0drT3e+3bZpdz+ta1P2dailD3vqbu1a6fsaSsrPRWd9b3bbu9Gfip4ftzefEHU4GVhE+q6wrMgIcJ9okztIBwTjjAx7V6B4u0aztbS3S3kuUAvo1bL5JYNkHOcnBzgYGMjByvPMeCn3ePtRfAQ/bdUlJO0Aq9xKQeSBgnPYnj0GD3vjJhLbW7hgQdTix0IIJxxjO0AY/HjIycfomCaWHp3Sfux9V7sWrrTW+umidulmedjHP6wld/Ak4rvyxcdVupdV020trestCSXw7rlw15MXit22FwHwVTBIGBz064yCck4wOX8PaO08sKvcOmLUMGjQBjkk8HOGH8QPAJbBOa9J0xHPhbXTs5ksXZRuAI6gZ7EnHXkAcDOMVzPhCJzcQ7nQH7EP4gTt4HOSM55wcHOemRx3twbprrZO1rrS3qlay2teyauea5VIxqNP7SSfLfpGy6x0S00Wr6GV4g0I2b2AF7MRLIQdwOVznPQ+hJ6EZ4OQMU3SPDUH9tWsrzzuFurNhhsbiJl4fqeO2fvHkD06/xUkhk00oodxKGDBlZgABjADDbyOhwefwNfRVebV4CS2PtlopIIB3GXGWwcgZ6HGemTW1OSUrLlklKNotu11bfzsrp22JdSp7HmT+zK7s1dNadteW2uiV0l3XX/tbWUR+GWiI0C7Rr1qoc55D26fryQeAc5z0rwvw14YtJZLWJ4gVFpbShN3DMIlYFhtPXpxnk7h94CvoH9sVpY/hno6MCyjxHZYA+8QLdNzAD+mVyeg+7XnPhLTJ3sLLUFRt729pGg25Hl+QpBJyCMgHZg5AzjoCeqjBSx2JgoxSUIS5U7ae7+iutLfgZOpOOWYOcpt3r1Yt3aUrOOl9Ojtqr7eh69pt3BoPwk1e6ZEaGIajGLbcOd0LgELjnac+g6fMMDH5D/ErUtYmvzLGuxGgbyCEO7yzliFY8ZHTHPODX603GmXWofCfWbiNAsVub8TK4DB2MbqQRnG0HaQezfewAM/mD8SVV5bKHeu9bEIxVVBHHQEfMuMEe/8APirv3+a6tFtRuk017uvN2eu2i62TbPTy334ztfmc4ydtorlpt6t32vtp3sfM8UcsMk0l7PJPcTqVWLOWBYlQo6lScAMMDAzjo2KAW4lby5AYoQSqQIevVsvggs2eCSPmJI6nJ9h8IeFbbWdYAuELRRWlzKp2gsJERmUg5BABwR1BPPXAPGSWIj1GdTkJHJKBz3DMBn0OME8EgHtgk+Z9Zp+0lTWsoWk30tK1kujV97aKzfr7nsbRhZeiV762euyvdO0b28k7H6Lf8EylMXxb8Wk5Aj8GgEqNuALiI8AgYxjJzhsA5wcV5P8AtHX3239on4mlnDLHKoA3DJ2pgkkY55OMDqVyehr13/gm7Gw+KXjljJ9zwiAuCCQTPGOnynoMcjpztzgj5r+O1zcL8f8A4jylsq99MhIOeQwznPBHXnJGCMHvV5frjpPdezsvvirb9E03a67XR4uIio4nEJN6UoJrqno9el9Nemuq6K2GaTSIoy6hP7OlXaWAHJxjcOc8Yxz6nB3VmT3Oz4ueChHayzLZ+ErI3UdspnYqiHawSMMWYsF+QDkjpkZPKXt7erpkJgRzHJZSCRlU8YODg+nTJ6nGcjim6lP4j0Px/wCE9V8N30umatbeGNP1GCVwWSV4QsoSVJFIeF2A3R8qQcV9fTqTpU3JRtKKuo3sm1GNle1ld2V7Xurq58xVpupV9mmrtSs3q3ZU3Fa2dtvT5Xf2lJ42h8TeLtE0S/le3gt9FN01pqtjcW6Ga3hfYkokRCrkkFAR94A42mrnwx8P3l58O/ibqjypbJceLvDumxW4R41khluXDGIy4OSOSVBAIByOtfot+yP8YvhB+0lp+haH4m0LwHb/ABu0pY01Sw1LTrOIeIYgoQXNhKVTcSF/eQLySWYBiStdB+0v4A1TTdK8UWNv4H0Tw7pNt4v8HGKbQIkt7WQiVmdVRFXc7YO4kZJwCSMCvnq/E+IqYtYOrh5UpTaUpuei5VFppcuidnZuTS13PLnKNCtHDSUqdSMqfLGatCSUopWer3bd9tdbatdv4Z/Zs0e78LaRKlxr125S3n2PfzLCrNBG7qCH4jBJIAwvJw3yV6TF8J9C0jw/rXlR6g62Gg6nKwmvJJgt0LWQH5TkbVAwB6ZxnJrxjUf20PCPw/jsdCk8J+KHNlcR6LK09obe0N7DbxRkwXDY84O3IxnBOSc7dvJeJf21vD8Hh/xDnw/rOmzXul6hbQJsjZDJNbOiNO5cEISS27hhzwCDXPCMK0NKUqnM4u8U2lflcbSTu027WWzTMYYfHynTqNNQ5ou7asouUHe32k9urWu6PzR8AX8MS6srxgpHresxJkbTkXcw+bpgkjoTj6cVneP7uG4ti6sIlVk2rjkkEnk4zuGOgyRz06V454C8e2y2erR3l75ctzq2pXqYALMktxJIFDBied2McH5QepNYPiXxJeahf20EIuPIeRGBUsEIycsw7Z/u49MjjI/VsnpqGX0o3+GnG6bSalZJrX3tL3fd2SuzfFup9blKWicoJNWT+zdXTvbReXS3U9O/Zhd21P4mkurL/bUaqTyeAoGeDxyQQT0J56Gvq3ZHb7mZwQQGJZuhJwT3JA4P9MnI+OP2Ybo/a/iY+0ndrKnYFLYYDB6ZyQRkH3PPWvo2TWJVlCSRsFAZgu05IzyCeg4/2h39Sa/RcglCWW4eVldylp1sp2Xla3bzZ8pn1JzzKteScrU2urV4U9knr1ezs1a26PnOGdX/AG1UUbf+RSLDb2IUkZJA6jOD2H3eck/X+t2YuMbivlgNuXPRskKe/cc5HryvAr4f0m7839tbcpIU+DQQp2jDEMPmxwN2eAT1Bxxg19vavHPcf6pljSMbC27P3jkjJPOOTg4AIzwcZ78EoSVeyT/2iatrdWcL6rZ6O7vpdeaPOzaCjVwybV3hKV16rZb3W1720T1tv8OfHK2B+NfwNsWAC3Or3gYAAk7IR9MbgOG+8B27D7h0L4eQNYtLJG2JpbgqExuxkgbsjPJ9ASRwBnNfC/xoupG/aL/Z0gKq5Ou3qFVIAJ8kKFOTgglgDzjIyTxX6SaHqOpy6kumW9pbyRtdvAd0wBMjyFEjGeFLnIAyQe/U456FSFLGY6o5pKLp813a1oxvfySe/VPXe4sfTqzwGWQirtwnJL/FNJeXSz3tpstT4F/aq8LPpvgDxE8TRxeVLYFHfAyftYJXJxjj5ST1+70OT7j4Dsb6fwj4YhaEu0mg6WxMYPK/ZogSduSNxPXIzkcDINfcnxi/Z1utF+DPxG8V/EbwHpOt2kfhqG80WzGpr50d7cOFtZp4R9945HVwh3BSMgE4rwJPht8VNE0vwwsHh1rG0u/DGhXVssFtNcrFDcWULKryRIyqSjAkElv4uSTjmwWf4SeY4qMasVGnThDnk+WM25PmUOZ621u9dXvbUirl1WWV4eV4uTxNS666wptp3tyy6ad07nhPjXS7yz0DxK09pMkCaLqEhcnkEW8ihTjI4JJYknIPXsuH+yteTf8ACpfDrrGSwvNUQk8BVW7JDHgAjG0cEnjkdK9R+KGieOtK8KeIY9WENvBcaFqJ/wBIt5oWlH2eVnWJpEG6UE5CDnPGBg185fsxw+L9R+DulS6RHxbalqgVSFEzxpcv5hEeMkfwk4BBJ4yePfpY6nOvTlGpBp0ptNOLjpKD0afRbWvbVd2eLWwClgqsORtqvTSXJe0nF7Xd7uK0fr5X/Uj4V/F/xD4I1G0l0m8lhjabNxbCUta3CBuYyjNtUkLtznHPzD0/Vz9nz4lfD742fDe/hvpdHnmvNX1O11HSbp4JJreeCYxPuQlmVS2WVgDjA9xX4KaN4J+Jt3p1vqUNl5UTC4kEs0yok3lIzyBF3ZDKAMnk5GQa5j9gfW/GlnpfxG1d9bu4dR074oa3p9tBbLLOBBJeShop2DMqJnDDJ4IJNdGLziUaNJUqiqLnTfs5puCslutdGtk7XsfGS4QpVq2JxMKUKdWFJcynFRp1Y1GrqdrLVr4km1pvex+3Hxb/AGP9Ju2uLvwSq4k8yWfTYpAAAQctAcHK8jCjg843V+Wfjz4O3eh/FnXtGuNDubC8Pwz1HyXnRoo5ZIbmFVYSfKGbJ4AOdpwAOCP118HfGjVPAWmWNz8QpItQ0u7gURahaMXubcupBSeNQWIGQcHPPGMYFb3i7X/hJ8V9U0qS01Pw7d6jceG7+3Z5ikOoWtvMVlRJlC+Yquw2AFduSScADEYrMHmODpKDc5Uakakua8Zvlcbw01bf3t73R8xgsFUyDH15ThKlTxNGpRjCMnOjTvyWnGT+FNq7jK2j0fb8HdA+H3xG0q70q80PT7i+1awCPFBFD54ZXb5VeXOAjdcNjPXgZx7t4si8beFv+EC1j4peFJdMt7Px3oGtW4glYzXZhJkMJH3FyRjbnhs5ySa94hu/+FaeIvGLag+o6ZpOon7Jpk0Fkb2zR432xSQ3KhtkX3WJ+Vk2nqM44348y3upeBfDB1DxTF4ptLrxho0zyW7v5tuZIpPLs4yqACXkZXvj1zj57E1sTVqeyxdNUKFVqKTUlVcdrtWSs7Jq1+W1nbY+2w3sKsaNSlXVWb+1TlGdOWj1bT92TtorKyT6n2h4n/4KLaXPpkmn+GvCsMV0LVoDJq04fyDHGqgvAiMjZborL7gHrX5TftJfEqD4i+BfE2qapa6fNe3euaZd3sdhbfZJJEiv4JGgRUwrKyqdrDB5H3eK7Kw+HGqaBPd38vhjULq11tmls5bhGcRfKG3MW3FM4BYHHAPXJNeRfHPRLi3+Gmv3v2aLTorea0W4LFkZpPtEaqVBQAAE8kZA/StMPlOCoKpWpOVarVpckqjk+ZR5UkmlZLSz0S829Ua05qValFJRXMm42veSaV976vX0v8/0z0v9pj4YQeBvD9npXww0S9EGi6PYz2+pTrFqXnR2cSSyQyqC8gZum4DHAJznPf8AgfwX8NfjR4N1YwXFzofiSeDVGj8OteRIYJWtJvJigR2BliLFASMgADPJwPxe/wCEb8RQx6HPFLI6zWVpKsyyS45gi2Btowh+b5T1HUcV3U3iPx74HuINasdVmt76ytLqWKWG5kjaIpbswZ5Ub5goyCGB67SAea8XFcOONCTwFfEUZJOTcqtSUZOVpcrV3ZJdLO2i1vr6eGrtVmqlKE4znFfDblb5ErK6d9LtWadntY+nf2bP2e4NF8PeFxrGnQnUovGfibQ5YrplEReC+mdHV8bWBRgfmPJ6c1+rXhz4V6Xplxp169jMkNvAVMS7WjYqMEAYIKkZwBjgdxzX4k/AP9sSLxZ8F7Xwr4/nntNe/wCEk1a403xJo0StcLObhg1zcFAHfIGG2licEg/MQP07+G/jLxDc+HPC2paR4w1zxNo97HCb29ayaRbS3QkMJhJiVXGD5g2qAApz6/F5jHNoyVDFe1qKpU91qMuS0WlzKcVa7ST1Sa7XR9b7GHJWqqdGlOk/eUnZtPkesW463a1+HmZ8k/8ABQfwrpWjfG74O63aWz2g1LQdfsHYIFXdFCHRScDJJb/64zz8K69YrPAN7R/K0jqTljlcjJB6nC5ODnuc9/1O/wCChF94e163+DdzbzHULm0u9UhhnjgaGbzZLWNSHLBfl3ZyAeuQAqkV+SfiW9v4FuYUsZ2mWSeGOLZhmBBUOfXBxg5xjbjHWv1jgr93lKozalKFWaSe6XuNQd9E1d6JO9lY/PM6m6+LpVW1HmoxUt941JxSSu4pJRTTW/bVh8JkjX9on4Ph4hepJb63G0SgODtiDEHaORg4GMDHXIFf1geDI9Et/CugmKG1tIxptvmPCIiN5ablZSBznIO4jnnGQa/j5+FniPxJoX7QnwUkSGK2vC/iDMU3lDYpgHMjzlVUEHkEg8DHev2rsPjHJqem6tpGveObjRtWs0uTHbrqVpBaSRqhMccWJwAS2AducZxyduPm+KY1KedUKqw9GvzU405KV5LmlJWW1k7a699NPi+gyzDzxOURo/W6tNRm6nLG7T05bWUlfRNrVvtrofSP7fh0x/hR4dS2uNPkmufiF4Rje2jkt2edJNThVwsYcZAXqcZxyCCcnH1P4T6J4giW00+x0m0uJLKJzMJUhnQ+WhYMisQcjOCSFBI5GcD8L/2uPjZrl3ZfD21ttaliFt8TdAtpVn8QRyNqEf8AaMXmXKqkzKscS5bLYC4GCDxX6B6V8a9Z0l7WK7OivBdRxR2+qjxRYtOYjEoLu/2gsxwPlycge3zD47NOHMZjMdLExdOnGqqTdGmpWpqMY+9FpWjzOWra3t5W+6yLPa2R5RhKOFxmIjNYivU9o3JKTk6SSlBSbulG1pLZt3tornjDwmfCmqajpl9ZSPHZpdxG5Ls8ADW7lGRxwx5w2DgcjHSua/Ygm0W3+GWoySzAFvE3iWKOKSNnCOuqzsNoZQecH5gCCe5NfNvxz/aPFj8QbCOy1ltR8KWMUjeI7SK/s5nQG3PmTPOs+5ockrGpyRgDPHPWfsT/AB6+FNl4NuIdSu7izNzrPiC+sDIqXWIbnUZ3jZo4y5xsYAEjtu965cXkeOwihGdpRfs+W6k23Ll1uvdsldPor7dT9z/t2ln/AA1SnOft8Z7Ok6kITjzqeib1ld3sm1um7tM/TDUbqxmm0Z4Qgc6xYBfJg2tjfGQQGGCWZc5J9O+RXwr+3DDpx/atll1idokn+GtosaRjJYho1UvjIDcnJJyScA5+Ue8+JP2lPhRajTzH4nkt/s2q2Tl4dHuJG2JIhwvlwfMxGQSoJAzzjgfnV+2B8evBPxF/aOn1Hw1r84trfwbbWT6hf6bNbWzTKY2aIGWNWDE8ZYLnnnA59DhiU8DjVKd4yjWpysrXslKLUWtG4pp7+q01/KuIuFsXjafPTw9enSeCxMJSlaUXUnOjyQdm3eSTabtqvK5Ye18MR6FPbrJEwLMyiRlEoyDl9y5ckLjjoBkkcEm5+w3rmkeHf28tTuL3U7xdMT4bpbQpb2sl3l5ZY2CBlVioH3c4AwecAEH5os/HPh4Tyf8AFR6RNMqEkXUqRw5CEZGMkn0U9QCOOMep/smftIfDD4R/tMa74o8U+JfC+jWb+DoraHV7uRJLc3RkjzEVKvtJXJDYIHXOMEfoWdY6rjsrqUqHPKfNCSTUpXalHRKLW13vZtXR+S4PhnFZfjZzqUp2VGpBcsWnbR2eum+j12Wrej/pI8ZfHLwN4D0O68Ta7fXNhp8AfyftVgyLcSBd6wJvUEySHheMckk84r8jNR+M3gj9pD46eINQuJrq1gi+H+q2kulX0cVtpi6ZDrFkWMkhyJHuQAzcZA5Hc1h/thfty/Cr40eELLwl4S+KPhKWH+0BNdNEyxMW8so5R1QbQoIMeMg7RgjAB/MbTvif8FfAviXU7q4+KNkkV74D1PQUuRczTSnWLu7gmSN1Vd2CEZkYMchQBxivAwvDlTFZfUxWIr1KWIU3GlTUXG+kbXjdtpa63drabnXha0svxPIqDlzw5m1eSjflaSdmk7N7Pp5n9FXiXxX+yV8E9O07UtQ0LwxqOpXOnW7RaVpFjb6pdrIbdSuCQ8aljksGYbcklc7a/PXxT+0PrFx8bIdT+FXhbxBocsXhDVJdB0DRdKiu7++s74h7u5jQARW7xBV8uMMQTyfmGR8a237Sf7JVtY6XN4l+KF5rV1BoiWctlpNtdRSR3kcRXzZD5bbnOcn5ufUA5XhPDP8AwUX+Gnwz+K2jeKNAOvat4VsvCmtaFi20YvrFq88iCG8TzFDmNI/4sn8yK9GPDGDweX1MTKvUxeLdGSWHk2oyqSUeiu2pf3m9L7HJSzLH1se6X1NxoTm26s0vds1o1JNO6v72iurPocB8evFnibxD8ULzV/E9r4ssdSudPj+2L4uiEOrscybBIrMdkA5CAfIBkLjgD6e/4JxeNV0X4xeI4pvLSKfwlexxrEyMzsV2DagO4sdxPTPBwcEmvi79sD9rz9nX9oO48L+LvA0XxB0HxXpWi3WmeKb3WrCUDxDdOc2XkRDKRpDuYlwCOckk4NaH/BMgeHNb/aFsvt/iLxLJc33h/UWtbNLeWIIysgjeQMBvVQxJHByNuNuc/SzcavBdWgsHLD1lh1F07KPLy1IK+i2b2bVnZrQuheWewjUtCnOV90/d91K1u8tldW31sbMOo2o/bU1GFbaWW4t/i1q9y8bJtYGYI4yvG0YAwcA+gJJx/RF4ZvPE0mm6WIPBN60Vw0LSXEaSxl134WQPgcYI79zgEYNfzX+PdS0L4Tft2/EXUNS1S/vNO0n4i6Zr0puXiguLy3kKtcQ2iTOhdioClB129BjI/oT0r/gpt8BhoEVudI8UW9vb29ugkSxhmKoiIB5YtmkZmY5I4I6HOeD+dcb4LHYvD5N9So1qrp4SPtJwTko8qprl0W7S2fbRXPQwNqGJzGM1BKdeyU2orlV1dJq7smttL3WjR8n+N/GOvaL+2f8AEAab4cvrvUJfhlo8b6JIWJEdvLMfPAY5J5JQ5OM4BINet+G/iDrmsatZ6RrngnW7aGbyQqfZpZFjYvnJzGeF3bg27OOCK+c/Dv7SXwo8Zft4+Kfihc6tJpvg67+Hul6VBJravZ3EV2jy7FuIXAZVkLYyQQM87a/UWH4rfDKGKLxDpPiTw/LIRCtuHvbRoXjYqUwWIcAk4DEYHQDBr5LG0cxw0sI5YarFxwtDml7ytbRptL4tPe1vd9Fa/dRlSVKpH3XOU5OzldJOz5bN2d9Gtuqvpr8Q/Bj4MfD7XPjL+0bPrfhPSrnzNa0x0i1m1he4hdoo9z28TqDGjnhtiqrNkYHAHvmpfswfs+6sSL/4a6HJMiBVaytYraTJAy6SRjO84yrAEDHrg185+D/iNoniT9o79pG+cXzbG0NN+j3Si0fOw74QjKjM+RhlJycdQcHotf1PxvFqSal4dn1u002BC/m6rduscYBIVwo3bivzZVhzj73GKrHZvmdCrDkxOLoRUKCglUqRXLyQtZXWvZatK/yeGy2nVpc06dKom25OUI6XcbWeu1o6u19Vq02vjB/2QfDnjX9oT4s+EPBniSfwXZ6J/Zs9jpbxLfyOtwyrJDM0pBCqMuBkkA5Oeg+T/wDgol+wX8SvAP7M/wARPE1vqWleINB0RrW6vHibyNSS1WcFplhACAJyWAJIHY9K+zvhH8YrnwV+0Z8YvEfi65j1Oe4l0q2/tCABSCFQFlJGHUZKvnAPpgius/4KO/HzRPEf7D/xmSzuLRrm5tLC0WPzyN0d5cbcFACH3q3Kgg4BzwMH6jAcV8S06uGwcMXUq4OvGhCoqiVS8JKHtLS3i2m9W91scUchyl4iniJ0Yxr05KUZQbXNL3OWyVl/wV1SR/B/rOu2dsp0yfPmtbRpGdnyqAVClskgM2AOTjHB74+8PhdbiOVW67/DGjsik9CJY2wuT1545wQO/U/FfjzwpHePa6nDatKhtYgzwZRUxtOJQAozu5xknGODxj7r+Hdr5EVltUJjwnpGB1K4eLJJ6rkjk5688EYr75VFPkUZRvZvl7u0bXSfnZO2/Vno1sMqCUp/BayattaLSfpfby08/wBv9QsxL+xFYkRnbHFbylcAdLxWbIxgqcEH1ycZr8n7W3tL8pa3NqrLP4kkVZCGG3721SScDJB4zn7vBOc/sUbYt+xVagEtu022k45LZnHB5ORjtnpnPUV+VFroq/Z7eWJPmPiZioJOBuyQAAMjGegGemM4GFQTVGtOSb95uW7ejV009ull2stbEumpVKcaeqcYvyd7PS1tN1bo7XTa08s8S+FZNO1BZEWQNHqZSOS3JDRh/mWNzk43Z5HAKnrgnCWWoNLd61p2sSLa3U1zp0VuQBtuBGyquWzwxBB4IPAJ6NXq3ibR/M0mfVWuCt1D4ljtniIx8oQ4Zhxn5QVHXAPWvINSt7e/utdUL5Zgv7IGV2w6vgDzYsDIxkZ5x93gVjCTnBzvpzWUbtN3STTvezd/Lu+oqkHSqODi7OClGV01y8r0Wt0/l020sem2Lw2uq3tvMqsiarDNITkkKtg/KkZBUEcDOPmPPHGNbW6DVdLIk8uO4tdcnWQnIAZZCSOMYJwCR14wOwXQLuO2uprXVLiNRHI3kXzjc1wzW7JGk7EcHJKjJzyFye+pqGnTWt1oahXES6Lqczkj5FV1kIKMuMrgls+nX+LBVmlJQdlZN63TWkdLp6q/S2tr2SbOqEJSpNpqyd0r7puOyu3bW+ltu20vhdmS/wDBxBVo0sb7aQxJ3AEYI6knqNo+9k5yMVi6xGzWtg5QNE3iS5Zw3O797swpOCB0Y8nGOMZNdd4R0xpLjwPNuVUeyuhGq4yS27kgZJHB7Zzx2rA8R200NrbCdmVBrt6sZIA+c3aYI6YJOSMtnIznsI0VS8fekk736x5nvrZXaW71stAcZeySkmlpa+vK7re+y069VpezPKfGaz+HtW8QwxAv50llJcRSNiKS3JQjYvQugGBkY6gckVnXMsGpPd3ticwSXmmAttAMT+VtZGXPBVhjkc4wDyTXafFK0h2a7O0ZkeGPSyJkJLRnCnDnAGGzzuHOcE4ANeRtqF3FeQT6XA+TeWcd1ZkAw36xp8xB6hwQp79DwDgG0oyp80pWbtorN6W2/C7undbx0Obn5arhJt+6tLvW6tvbz163d+rbrWVtE0/iAOFEhvxGp6Z85xkd8AgDBPIJ7it2CM21/cxrGCrXmnxEs3HyDgZJwNxI3Z+8OpPAqjp4jvLjVriCEsJtZtg6EENbyZYmKQEAkk5C/wAJGBycmussok+2TefCEaTWIwgxyDAgznJyc43fUcY5qubbVOTUbta3TtfmvonZPz08yqaS0b0TvF3bts3d7Xd767LueheGrgixnjjJXzNYu5y+7IAtUBwoOcgkjBAPBPpVLxnfT3/hWGO2n824lW2nlg2Z3M9xINzcgk7cDJznHPY0aNJHBapJwVll1uTbyG2mIAe4JYYGDkdAOcjU8N3HmxwR29pb3FzLoqmC2ukSSOVxNIEOxznJPBJ6A9c16WAqyoVVWpRV1pGEny2asndp6XtqtbK9+phjKar0pQ1Slyp2dn9nWKer1u7O3Rd79T+yj4c1abxx4mjurSWKaPwdqTu8H7yEERZAJHC5GM5PHzAg5Ar0X9rvS7y8PwYsLK2a4u/+EVdEjTZveVpZAMDIGd3QHJPXqTnvv2Wx41tPG/jltX0LSdOjl8JX2z7GIlWdZIQqlVU5OQAGwSAQeBxna+Pmg6zdeLPgze2kdibmPwuZ0SctHBE8U8m1nJGDnAJHIHY8Yr5nE55Up8We2lGnGVGje3O3BfuW0ruy8raPVJeXqYfIva8Pqg3O1WvFNSjaSiqkVpq7t2j1tpvtf4v8S+FvEFj4L8Crc2DxXMGoXUVxFKFDRMcsFIDMdxByBjJOCcEg1T0bwf4u8RRzR+H/AA/f6qx1i2WUWSNKYcycGQKCEyQAGcjr1JwK9/8AjEdXj0vS0vhYxOPEDvPc25D27s8ClhHgbTtzlcbjznOOT+iP/BKXwZ4w8Q3HxWbwtpPgvULSSaxinvPFqpJHC+9ykUYlUiMSMT8wIAHU8Zr66pxZLC8PPOKsKXNGs4uKbUVJ1Iwjok2rXbb1UpdlofLT4WhUzmeXQnLlhTTu1HmtGnGV3G6SvrfrrpfU/GT4heDtX0zxBc219p00F3EWE9u8gBhlW1TKSKrEMc5OPocV7z+x/wCH5W+I1680Unmnwu2FZlIDbiFBCk4wSMAHocfS3+1no2v+GfjP45025fRv7Zt9f1UarBayq9jHy5j+xMMr9nVflXDYA47Hb6f+xXaT2/jj+0NYttOWN/Dc4SS2nExYqWKmQAEryc7fTp3NPO82ljeHpYtWvWw0JuzdrTjBp6KyVnpe3ZLVWrJMveEzqhQ/594hwbaSfLFpLo7fN7vTRJnzF+3DoGqp8RLi1S3neWPRNNZkijLFfOmjCLhQxYseMAE547Ctzxf4A1228A20kmn6ko/4Qe0nmWeyubVIlKIAGlnijQMTyFLZZSCBjFej/tja1fx/H+I2X2RxNZaCIF2AYnFxCIGXIIwrYLAnBOPm4NaHx2+P/wAcLr4Xa/4N8a6z4a1HQ7xbO28+1sLWPVoYrSyX7PBHLGiyIiRgJIQcMRk5ya1ybH5jHA5MsPh6FSjOnFVp1arpzhFNK8IqnKMnb+aS9ephnWDwVTH5tUxNarTqqblRjTgpxqNPSM5Xsk7Wdk73fQ/MPQtJF1cR2kNtK1yI5mchudqbhtwDn5STzjJ4wO1fW/ji2lj+C3w+LW8tuqTXatI+QGILIFKg7ssp5yMKOM8Yr5A8D+INWsPE1lc2cVu6YaUNKgkEiI+5g8ZBDEgHg45JGetfdfj/AMSXurfDDwSslvatJqk19Kqi3Ty7Yhm+XhcbeMgfd6Y2jBr7elUj9Zg5KCTi0r93Zxa06O+3e+q1PjZQX1eUk3pJRcbWumnyvR63frfqd1+yqbaS08TrGNkkOkwFjk53GZG6HDcngqBn1BNeLf8ABQO0+2fGHRIZVjmQ+CdLaZc7fLieJVdW3euRkA5yeuM7fZf2Y7yWwk8Q74LbMllGN+z+KJgwYLxuKlRgYG7HBxzXG/8ABRHx3pmt634D0u003TY9YsvCZjutYtrRYJL8y7Sq3UqnLvDwq5ORt4xzXwWbVJz4knFR5oLDuMpKSXK3FOPuqzk23sk73Xkz7nD0Yw4SoVJScXPERajoleMla7XZrbW+3U+ldE+HNpF8MvAl54W1y9iaLwfpDSW0OoyJAryLE00UKqwGQSWJIB+8Dn5a5D4uaH4uh0TUdPvRJq+mXTaSrhpXuJDH8jYBwSDkHI6knPPJrifhD8WfCdv4J8EeG9T8XWVjLFoqRasbhWU25hXcsRZd2AdoAYk989mHqPxI+PHw20vwxdy+GPGei61drPpLQ2OfMla4tkxKH3JjZGVxwT1BNfh2Iy3NaOaYitDC1pXxk3GKpys1Komm5NO6SerT0TW2jPqsLjcNLD4ai61NfuYqb9pHmi4wimnCVm73SW1rWu7WPG/BHxy8afBdLqDQYrYeHx4otbifT7+2kkmSaIKpRWZG6lgW5JUHcRkCvkP9ou9174sfFTxT4yv/AJZ9TskvCGdzBEoj+W3hLKFYAYAJzgdHLHB+qLD4m2PiXQtYXX7fQ1/tW8vryGZWiSeGctlGVCAFcbSAuQB94fw58I8Xa5od/p2uM10lpJY6EYbRHCsbqcDGI2GWJOQQ5yDg8DhT9BkOGngswq4+eBlHFVXyylaSk1KSbi297Oz0ey2vYnMa9PE0o0FiU6UFzxi223KPJaNr6uzb32em58KWfhnV7+C9ext2uDp8M013sYb0toyVLlSchOgHQDgHJ4Hs37OGnT3fi+8hWKZgdImedkieRYYwcsGKgqrYAznnA/izWN8NPHOieD77xI3iHQp9ZbW/D95ptiIHKJDcSqwSZ0x8204J9uOVNfQX7IHikeG7P4gzDSobuW6kt1NzNAjNa2ciT+ZCrEb1cg8BcKSOnHP6Zg8XiljYx+r/ALvnpODTvzKVue6V3dLVp3636nxOPpYf2LkqrbcaibSVk1y2b0+1fazte973vI2jwSz3kEiwzyrrSJCsyK2YJ2ZcKG6Dgk9MHrk02HwhBqFxf2kWhQzPazXK/uBsZhGoYsSvI5bOByWyO/Nq8vbEvb6vFvgjuteEbB9xZRHKxBODjO5s8D5ckjjAHZ+F9Vit/EmrzpOHhma9jj5PJMSlQAeRkgA4we4wTX6SqcefDNyUItRdrbXs0943v0W3zR8PCrLlnvdXd9L2TjZ26q2t1bbvvwJ8ERWMVncLb6rYG4tZ/KeKZ2UOPlbHJKoMnJIHvgchv9ha1p5gjsPEguJZbJ0+y3YVmjRiSUzkkYzyMc8Dsc/S3wr8b2Wk3oOv6VpurWV9Z3+ksl/GJfskd1Kq/a40YFQ8K5YNwSACNuAa++vjZ8JvgE/wUv8A4l+C7LQD4jsBo1nby2F5AouIp0UXZNkpLeZydxHRxnkgCvKx+aTwGMpYd06zjWlCEatG/LF3jdSV7a2Vr2svw7cJgIY6hKq6tJSgk5QqRV72T069O7etz8hLV/HFl9mtzBpd5DHbOTtkCNsYNuUHG5SScFQSrHAGOo4v4g395d+G9LF3pyWJt9SI3JIXEmTg4UlflBBwQME9wDkfpL8Jf2bvCHxf1vxPbDxW3hXSfD3g1tdF5MkYlubwQtM1qgndMqsmQxUuQvAB4r88/i1aRpZvp6u8yadqk0EU2wIJ4oJ3hjkCqTkShFff0bgEnqd1mf1uOLoKpUcqFKKqKaSspJcq5rLWyd0ttLu7RlHAU8NWo1bU1zyk6bh1a5G7rW+6s3bTbY+9f2Yr+Gz8J+D2mlRI2i1JVV+mTEScrjPIG498H1zWhrBv7R5fEtk6vFDfzB4gpKtGZ24GBjIUggZGenTJrnvgLHDb/D/Qt1u888FneTwkrgqhiw+AM8k9+CuCD82K9Zs7O11DwXfwhSszXkjRo2DsLZIODn5ST27n1BJ+SrJe1mo2vdWfe620WjtfW6b0Ps8M7UI3jpywi09FZ2crXb25dLX3emib8q8Y6jY6zJpuo2zCTfazGVc58uVY1LIQxBUhsYBAJ9yCa/te/YUcS/sf/AdwTj/hEUzjgjDkDoOAMdePWv4YNQE+mXus20sisyKZYoRgBSfkkK+xAyQPQdua/uP/AGBHZ/2OfgIcAH/hE8jGeR5pJ4wM8DGeCCcivDz+ywtFLRptW06uLv66dfK/U64RUZU3HVc6cXtdcuz/AM9tPU+vQhTOeoweOykdCMYLYII45zkHkGnjHysRggYPphieQuD07feHzMBxQGZkzgjbgZwVPBwuDxkcH049cGpg2QuAScEbgCQPvdj0POQcZyPavkOv5v7tPn+XbQ7XJrbR+d29l08raN9/JiqFIYjIKnk8fjgccHHI7nr1xSBcbsbgVPU7QoJ5JBzhgT69Oex5aRvIVck7TkcHJAz6/Ln1GMjI9AW7SG3MxCA4xk4ICnnuM59/mwOM09pRTvZXvbq9LX7fJrqmrmbct120aT3VkvRed7arpa9gncvJxgHAz14yTjnAyTgDpg981ExY4DDAK4HzDJxnA7ge3XgZ78ITg7s8kBhzyWPUYUDaWU84GBnGcEYZubqTnbyo7DIGcjPzE847ZyAM1opX8rK1+lrre1uq8lsmZcrafezu+7t01fXW/nonaw8KWO0t8qZUAHGdw/hyQCAevOfUHqI8EccDjaCOVwByM4449Ohz9acFwFblflP+0M567enTr1I7YBIpCrEhipIOTgklWBOQcYI3Hn8QcZrSnJpO73aa66ab6b7q9tbeSM5wt1b3Vtf7ttEra8unRXb6iAYwwzhs557ckE88cAbTwOTzjaKQ4CKOMnKsDkjPOcjnOOoPpwT3pxU5U5CBQG+YZPIGRnH0AHdcYPBNROuDuHI3A45GAeuQcdhwcgLg/Suhez1veTv1at52d7JLd2btYzs3qna76Ll6rotGndbXXzQpZgTh8nIxggnjOSMscnJHGD2z7V3YZJODjnIzkZzgYzyxAO4nPpx1pzcsR2BC5AI6jJC9NxHQEgYx0OTiEpyFxzuCrk849DwAMHvjjvVRjHV9NW5XWj0e9uitvpu13LhJp212a03W191J293Xl2V2tmhNwyACMqpyAMdcdwDgAjJOfTAJYYMqcEMCThiP7o54xknjjrnPQHnITywTkDqASSSORnHTHTsvIOT1zQI8I3BzjrjjnOSV5xwOmSBnqMGmpK6iuVa7XTfS9td/PdapO+1NRlq22raK7cr+7ps1eTbTtpfbaVnNsAHY44wRkk5IBIJOencHGOnWkDEAA7ckAHjGDnIwTkYI45yw2475pmxhu74AXkngbSBzgZPrkjHPWm44XA3HO0lsYx2HoDg5zgfyoduktdOvW8Vq9+v39rWI93+7dbq99Lqzbs4yejvbXsk1ZPJH3ieQAMZ+8SeOCc4XjP3unOQaYCDtb7pGMndyxByfX5cngnJznPJIqOReSRub+9g44GemfbsME8c8g0wc84DbwQMADkYB4O3AbgnHAPqCRUKN3q0kn0a/u27a6N3100VxWjJaWXS10v5dr2toraNJa2TZbJVW4HHHVumc8jj8uefXoaaSMkDkD5h2GTyBjGCeecjjA6dKgUNjLZIZSFwMHB+Urk5I6kHpxnJIGaDGy4UDBXIHPqOoPQnBzycHIXBxmq5Y2dnFtu+rt0SffXfps7PuU0o8iScrNpxny/3HdpJ+ve909USMwJAH3gAMjkFj1zk+hxnnr0BzUZyxPOTjJBHHTHAzjGNp7cfgSEEHJPXHJ+YHK4HHbnnjIbGQR92kYAKueWBJPGV56EnGBwB6ED60knq169+y/wArr7wutrLX8bKy0Sdve0tukr62aGnHIYgNjpzjnpnIxxnP4dRk4bkMCRzlcHHqCQPlHJPAI56fQ0hALFlUk5+7ncMdgp68k5H3QMcdDSCM+Y4BUALzn0b0I6k89+QOetWoaap7K+u2i7XW+j6dhN2ait917zf8vK1fRO2z10euwpOMA/KVBGcY98D3xyc4I74qNsqANwx9N3JySM+459myP4aXyypG7ORwQCc4HzHHTj1OTjnGAeEbpuxsyxx1J4HJxjocdOn6VOy++22+l/Vb21a8t7zK7tK70sny32aja7a621s1qn0IHw2RkFeB05yMAjIzwc45bOOcU/YgG4ZA+4fUHrgckEnkfMRk5xkUwsFOCcgZ4UcknHH3ckccc8HnAzyuQ5DHITPy8k5I6MSCRkemQy5zwaFJ+Wm23lbe+q26u34Pflvs7Oy3vpa73Sd9lor/AAvZjYXPoDnB5Iznj0OfbqPYECNcDJBPQjp0HBGO/PIyTnrj2dkg9CcDIPPHQEr1weOnQ7uoOMOWMFiQCMKQPmA5Jzyp6dPujPr7mbvu30t99lbZrpr3S1V7aJRvo72sldt2T5Uk3fW1pJp90rbtwMwbHBK4B4PU4HIPOACeM/dB7dAjHjkKqgEAgHKuc9QeM89hjpk8kGXaTztHGVPPAycZ74GAccEjODnpTGjGSp6ZXBPcjIz2OSQQfToG6bqUtEml56eSW/mrrbZfI1ThZJeVtk+iv389VrZ3H8g5BIIGMDHIHIwOBn1wPbPFPRyHKthQBnJH8tvQjIBweeTxt4YEAy3ZcpjGePbIyvAyMZ+lNUqc5XGWG4ZznsBk4xg5BJ5GeuQKLd9Pw6pfLda2ZlKUlZpa20V10S6dVr80rq7JtoVcjoSD7Egc/hk8Y7A5xxlmCwznpkY4Hc5yOcjHGecYpAxBAAOQuQDk7ecg56njt/8ArDgoLA/MABk9wp6E8EcnIwORk8nJGUlbTZ+Wujt+jeyevV7k633uvN2tbl5n15terel+V7tkLKCASpXncAOAc45Jx1wcgfL7Z6iFUwTwQNx47gDI45ycYwSSTkcHsLWxvlCPlsNgYOBnO7P1zk88njNQkYyW6AhTgH7xOCcYxgcZz0wcnnilJapaeVrt6q9no3v1ut09ATmrdLbO0Xa8Vd3e2um17LTd3hVQSVOBtz85Oe5IDZ9zkYOc+vdyDOC3zfMRzgZxwB6kHnaevrnANS7VKqSuTn+6OgHRc8gn0yO2BUW0FhjIOCwzjA6ZPUei4HQDrknmopNXve9u2yS02fz+Ww1yycYt22d9m0nHlvovh21u7vZJ6IyocYyG9RxwcEYOQVIPcjj3HNMwC3K5IAII7AkghQcZOBg/+hHk04qQyA89sDIAUfNg9MAlsjv16ZFR87Tgt3HAwBxkjjgDPRV4wfXocul10WyvqrR323206+ZUVFSfK7J6t2eukXtd7uSumktGtXswgZ4AyoPU9snPpgAdeeuQc5yHYXOSM7Rjrxtx97BHAyDxyCBwBRtBU5XAIBwcrle+ABwBg+mSCPemsjHBAwgUEFjjBb7wAJ3HAGeV6+mcVMVtqtr/AIpbebXrfqxcqlokrNxcUt3rHo/x12vr1Y33S+ehByORtHvkjPHTJ4zjpTSM5OcgHkAdQeCQOOnU54xzk8EPwBjI24IHHK44JAHAYcknI3A84pvrgZYH7vBHQ84wMY6HA6EkfMQKHor3TSs76rdR9LWt3fTSxSowce0nrfqvh2W3nr3W2iIjyMg/dBweikE44yMEYznoB16U19jZwd3AyBnqM59wOmMkEE54HR5CkDAwcEYIzg9SQeoXIB7A5HHQUgjC4Y4wRls5weoyOQWwcYUY49eRSUnr1fm3tu9fRbK1++iMZwnG6Sk7cuq2u7XV2mnd273WjV9oXUbSMDAAIYLxgH+I5yScHa2Bgfe4xUIYbmIbAZcjqdvyZyOMk9TyenT71WGQ4zkcLnBOMdjxgg9e+O4xkZaEorFOAwHy9R6jBPOckgkHPPfOQKaale67JN6O+1vV223W3VBSU18SSvZO6el7ap7X077KztbRisAOpYbQTj+LJ44zn+Eg8ZyOM9C0kE8YMjE8E4GTnJGPvH8OOm3jFL5YHyk4GdpBx7bSOPlwT2PJBORmmNE52ndnCjnGVyOp5I5PfjttxjO7RKKSt2/O3n89VvpsVyNu9m9VeK3S9xtNtrW1ltduLVrK4hUEfMTyQGP3gCCR3wOoGPbd3BFIFUMDgnOCQGyVA6dCMnphiOeTxik+ZQq5O4KTkAAHJBOR7ZwVz6dyKQKcsASOMZIYEBh0+6wyCOCQSCccclm37ttXfy1s3Hrp0SVnslfuVCKvurtLTqtY33b219Vrs0QyLHuAwANzELgg4PRTyce+eB1IqL5AQMdcbenTBAydpIA/PPTjgyMpyQT8wByc9B2wT37e+BwajIJYhcYA4LdQP4cHGSe3TjrkYqE5WWja2V7bfL57+WpooJNO0WrJNJXu7R1WySur7O2rbs3yjMAXDcYBAI+bBJ5z3IC9hg54wMAU3AfnH3hnAYcEHk+nXuO/Jx1ChCc4bJUZPJA56ngZOR2yvr6ClMe47QThSN2MjtjHTJx16DHQdsX6kqlZ3c7rle60e2vxPotXZ6MhKgEMFLDkAEg/QE8cjPIPBwTu5ppRRsABBAPH3VIJHbkkcfkWHPQqU24HABYrwDnDc8DjA+UnvkD7vU01oyAAcgBtvUdAeMYKg9+BgE7s4zgvvb8enQlRtK3LZSsu+tk1d2k1r52utluKPlwuQxyQSDwFyc5OM4zlSFAIznpuNTBkwAccNkZIIYNjDAdvlPTORxnqKjCHbkrgbThgcZ7dBn73Xoegwc0gRCdy5zlRjJyB06DAOWJO7j5QOcYy+b3fv97ql7tl0tbltq9E3pcUoJSXJaXNZWflvurdb93o3dEoKAJnrls8HkE8joehyc9OcYB6xPgheoKknbn+8c9eCVUdyxH3umRTCSrEbscYBPGOjAfN7j2655HWF8k4Y43YyTgg4AYYOBgLwTnA69F5rVWUdG9VGT+JtWcU2n0b5pXsn62djNqWzWzfbyjb5WS+fkx7OobaOxwCMbQCDnuMjIwMjPTn5hlC4B2g8ZGDzgYwCSfbOensOhqmZM5HU9WwCAc5AJGevJGODgFuxFAYZAxjpjHJBYjnn/EkY6erV2r97rr/AHbdr3ve/wAt7mUtN9n0Wmnlq9VZdFo3529D8OEC11uXJA/sTVF6YJ220nQdOMd/rwOv8LPxBnWL4q+PZGDA3HxF8Xybhlt23VLhVAwDnkYJ4B9zjH9zOi/Jo+un5v8AkB6zgHr/AMeM2D25PAOOmec9a/hk8dQP/wALM8TC5DkN448Yyb1OAc6zclSM8kA8Z75H3hXk5hNckIu6blNp20tent2s7tO2929mz6Th+neeJk1eLVNPa6ae9+iV9ztNIha40zU2mDAPHp0QIUBgHuYiMnnGQMnGOByRxX5Q/tUwy2Xxk8So8MrBI4ZIl3dECr8xJK5Ulh39Oua/Va7v10jwlrep+U07239mBLZXZTMzXkWxTt5G5TjOeM5xjr+UH7Ww8Qan8VpZL+3WE31tbYjhwjLHLhkheReuxMhsdSWyvp9Xwp7uBdmm3Xcu61jDXfTfR/LXVngcWxTxyu0rUY2a66rfW1ra7Lrq9z4h1TxMtr4gluU2aldxcRaXbKXkcjjZLIqnYGBwwz06kHr98/s+2T+KvhbqPiLxxDdaNpuq32p6XonhnSFNi84topPNnu71B5syrIgIQgAk7dzA4r5Ug8LWNj4kjaDTEVBC808kChpmdYTt3yMOjORgHGcj0GfvKbU9P8EfBz4Zrq2p6VpytBrd7PazSwiSI3wcQ+ZGrb97bwD8vPfAxX6FgacJ1nKpUcKcYNttpNyvHV26We1u7XY+Bxik0pU1Jz50tt7qN7WTsmpLq/8AK38BvAPhrUvHPguCTw3Z3qw+GvEN6p1M/bMPFfIsUyLKSFaJSF3AnIHGRjP6XWGgx2lrFEJIrO3QBjHEkVrbxIAfl3KEU8AEhiQcAHGOfxE0b9qzTvh1f6RqHhD7LqGpad4f1DRp7m+PlWcD384mM0QxundMKoQrhujEnpgav+0R8ffi/cNZeHrPxx4mefhbHQbO40rSlDnhWuYkCyrgkZZsMpyeDx6VHMsLhk4QpyrVHNv93Byvbl8tNlfe922cVbCVari6lVUo8kbqUkmtrtXbdrJJ6p/LRfsz488f/DTwxoOvWmp+MdCsLmTSb6ERi9juLh5ZLeRVjUQNI25mIABAPPHavhzQv2sfhZ4E8I6RptvLfeItSsrFobiCwjCwRz+bM+2S4m244K5VMAY3HoK+cfDv7IH7Tvj63mvvEv8AZPgLTntLi5ma+iN3rWxYXlIL73zI6qFyxAyC2PmJr6t/Z+/4J8/DDVPCmi+JPHeraz4pvJ1lkks/Oe0sw0UroQyIxMoYrkknndjHAraGIzPFVUqNB4dSptc1VuPu+5ZrVXs2lsnrr580lluHg5VK7xCjUinCn71pNaXtpy76cz36XPCfE37enjTV7iTT/A+irpMcoMUUWlWT65qoJ+VTnYyQsevyMSDyMjJHm1xoP7Tnxq8R+HINS0fXYYtVa5/su98YXM8dhLwhmePTyBHGsa9gMkEAYBAr9y/CXwL+Evw+gii8N+C/D2ltGqgXAsreS9JxyzSurOW45JJ5wSGJFYHj1bdfiX8G7K0hUxyS+IOIl2DAjjwAgTYF9MYC9+1Zyy2pUSlicU5tzguWLdleUV8lra9lonshxzanHmhh8Kofu5S5223pDmV++yvd2+e/wT4N/wCCfV7fwwz/ABP+IGo30TsGfQNAU2enK2QTEJEy+Adyn5lAI45Br658P/sw/Br4daLeS6R4M0prqw0e/vBqWqot7eh4bSUrJ5soZgwZc8HJPXnJr6i/sy72ybcRosjbU3DOQ5GQQM+xAHUjjBNc949tVtPAvjW8CBvsvhLWX3seQVtZOd3bBYnJ9sEgLX1OHyrAYWjJqlCVRU4yU5pTey2crvrpZa6+j+Vr5vjcRWjF1ZwhKcU4x9yPK3FuySV9L63dk7Jn4feFFSP4b6jquESKfWvETrsRCMC8uEUBQMYUADBG3qcHNeM2s4Jceacm3mYZG3KktkDbnklsryDnngZ29v4Z1KWH4MWVvCHzI+rzysXyix3OoXK7juxlyAMYG4A+nXzqJgy7QCN1pICzcEfLjJHfHoxzz90nIH6Hl+DprL8K5RjdYWnL4UmuaKb0Ss2rx+a1ufgfEHElenn+KouUknmEqbXO7aTUVqtLJbrXvu2e3+A2WXw5pylhLhJSARyd0z859j+XHfkcrocazeKPHCPgBNYg2pkAFfKTC5IJAxz356dsb/gCWOPw9p4QkZR1LKepMpOOcZBz1H47jnGD4aQz+KPHMpcnOtxA7iR/yyj4x1OCOT+OeCD2fVaPPlTcI+9UfNeK1bhfW60v23fn043n+Kf+sKjUqRnQw/MrTekfaQtZ30/4FtLXPY9OsoFjHmwKDuH3cEEHAAO3I4IHAGPwzmzcW8cMsAjRQC3AOCeW67ee+OAccA5ycC1ZWkjxRFXHylNwHQkhSSTjqBnnntjmrAtXF1AjyLiWYEnGflycrwcYAOSx+9nGOSa+vlhcLGi70aTtFNNU4p2sr2drvazd++uh+Z0uKMzliYU1iatpVoKLdR3d5R011e+1n89zzj4aQM7+K5JYlx/wkU6ZYAEAKR1OM9OgGSASTzivX106ObylCoYkAVyFVSSSSrDoOvX+8evvxPwzs18rxOGwUfxNcjcw3D5c56Y5x1J6E5Gea9bj05pFcxvGqZA24Ucjj5iCCM/LjAwR0Hy8c+T4ahLBUmqMPec1pCHMmp9XtrsrPo/I7eKs/wAzo5tXpPFVOXkoyUVUkt6VO+l7OzXlvorI5bULNIbe6QRqwFpeMcgE58l8EYyV7NjI6gjBJFcd8ILBJPBFgZI0+fUdV2u2eguX4JYD5eR+JAwc8el3ER8q/jK7yLS5BORwogfGDyOTnBxkZI5GM8f8JPL/AOEJskcAMmpasOcDH+lP83645bnnB5JHJmWHoPGYeKpQbdOrZ2V7Xp32tttfVX79dsmz7HTwOKqSxc0o1qKXNOTSXvXV7u1lbs/Lc6k6fGZYyUiwrMH2KrFR1wGA67snLHHJIGRmsPxhZxDwp4kaONQF0e9wSMYJhLKAfXdgZySCM8YrrkniXzIydxdyoAAHIYcAg8DqQc4ycnuawPFk0J8LeI4lQ/8AIG1DcOvAhcDLHqQCccMexPOK5amDpRozk6V7Qk3omtldabdGuvoejR4hryq0IwxzTlWgmvaOVneKs0t762WjVtd2cp8LoFPgXwmJCgd9PUYyAwIb1HGOf93H0FeoixdzHxFuTnorEtkZOSMk9SM9SQMHt538K3tV8EeElcZzpyFQVBOcscnOFBChuevTOBXr2nmC4wqxlQsuA2Op4yGIIBzzzxwcAHtWEo0Y4KnLlSfJFJO11ZQ+677726M8DN8zxsc3xEXiZNOvUSXPLSzT6eb019E3t5t8ebXy/hVqUoIz52nh2IAyfPiK9uVOB0xj34zxHjyxjXwTpwKbg9tpbA5OBmFegxxjk56+h617Z+0HpwX4L6pMIXQi40/BIG1sXEOSCedwAyflyMAZyK8x8cRsfBGn7Ixs+zaWdw29oFwrHnqO5znBHNeBjoQli8RCFrxw8JP3d23qvu76Lor2v+kZJisVUy/LaspSaeLqRfvbpQhv11be1vLueC6PCseoWLDauy+tgqjd03jqOhK8YOAeSRnAx9I/tBxxyeG/hYwwxbx3oauBgBgzIcqoBPbBJJHOSDt58G0mCNNUsmaMBmvbVQpIAYblCtznBI5POM9RX1J8ddODeHvhQhjO5/iDoQJABBUsq7cewbj5TjI7qK56dFSo1r2unCydus42Vtmtbfjq9jiitWjj8DOzV6eJu05XSVJtaetuvzstfqx7J/ItQkaIktvEHcqSwBhTBIwRjlT0A5IUV7x4B0G3g0wTEKzMqnIGRvB+VdrZ4UgA44IGB1AHP2miQJaAGBnLW9uF3DLYEK79ucH5ckHH3QMA7SK928HaNCmmIscZDbUd9wHCg7mCZwO+0/xHGCMAV9vT9xUoJWi+VyfaKjFq/knbra79Gfw1xlnVSWAxcOduc68lyubf2rq1uu766NM8z1CGNPjF8NAoKg22sscgYyEjycchTnOeSCeAD37PxrGv9oXGbspaJIZZ0XIe4DZBiUBiVTC8nOOfSuM8W3QsvjT8Oo1ARIbDXjIz8hQIkIJzgjdhuPwJACg+OfFL4meRqepW9vdBMzSRyXbttRUTJZYgOTweBycHnocedi8RShHEP2q92SXL9q3JBvls9nro3fVtvSz+byDJsXmE8ndOjOo6lFyTSumnXqJ3em6dtWo6a6EvjXxalhKAiRqXjeK1gBxsQnALD5gWPBJ5P5c/IXj2+ebxP4IYrEo87VZDNtBYM1sGIQsDjBGQepGQck1cu/HdpqN8Q2oGZjlRKxBH3yvyksMZHIzn5ecDoeG8RX8V14p8Eokrs6/2s8SP8yyjyRjqOS2cZ29D0zkH8/zCpCvVpJqThKtTd5JOyUoyttqnvdaJvdpXf9j+H+TYrLKdWrOXJUp4GuoxjJ3j+497a2jjpLeyS1se5/D+c3T3ElxudYkkRHuGHJdmAJUY5HG0lcEAHJIwfRrhoILM7/LlTEpCORhdy5KhRgDJ4BAxjjkEVw3hDTJFtWlzEJLhWOwvwjDDEsueCPfHGQO+L/iFZ9NtRdTMjRozbyrDaCFIACnjJ6jGAPmyM4r2Fg6Hu1nCEeWMeWVtXpG+lrbN33a10b0PxjiHPcfWzKphaM60lzyikqk+Ve9Z+6nZ7b6vVq55JrkNnqfj3Snu7K3ZIdDnJUruUgyMqsRggnKgk5OCCTg5q3P4b8NT2ZlbS9OkKo6BXgVwxIbJbeNuDnjqBjgeuSlzNd+NrdwuTJobMvzq+IWmbGR05yQcYB5yRkV090CtiURCpVZNoAGRztyT0wvLAAdOMDBFddHC4OpC6o05X3vGLd1y3vpfonpZ6vzDH8Q8Q5a8BTjjMVSccHSlHklUW7l0Wt0tL30ffU8O1rwX4ZSSVv7H08GSRFHlwRkqCAcLlcHBJ5CnryADivNdJ0rTx4u8UW1tZ2kUFvBB5UbwoVjwuThccE85GBn3xx7TqMcihw53uJkePBHJJXHzZx8vXkjIHQ9vJvDEzH4geK4pgHx9nLqMZIKqMfeOQAecZ6HgVy47BYD6xhoqjSV5+81BK6tHTbSyvo+zsldn6NwzxHxFicnzerPMMXUqRwSlTjOrUesqlFcyTTfo0k+9jtrPw+8kMVxbwWiCR1VoxZK2QBtIACk5Y4JA49fb2Hw/4Gt1snuLq2DSiRH2ou1FOcrjgBVC4yAQG5P+6zQrq3iXMCFirblWRF2r8wIABP6kHjoAMk+g2uti5Dx7vKQ7Q6qoTLDAIXacY3cEDBx05znt+qYGkouFGDXK1JqKsvSytsl5K++uvz2HzTibGybr4rFwSmuVxnVSaTikm72W2yV76t7Hz94Z0XTrvUPFzSWjSvFrqxJnaQqbeABtOfbp+ORXoMnw/wBIvSyT6WwHDJ5IAI4yXdlA5Axnr14DCuP8HXscGreNMlQB4hjYOSDt+U464DdcdAcknjGK+gbHXLPymfzl3LBs52DLHgEZI5ORjkLwCSowW8+jTwXsZP2VPn5mmuWKb95Jq1n0Wluq2PocXiOJIZlywr4pU/Y0dY1KjSbpwva8krXs3v030Pnq/wDhtpUgnuYtKxc2cY8jzVDGRg24DaV2MBgZOVPA4HNf1Rf8EVfC8Fl+yO9zdWlta311461ZmMcaIwUXKhcqoIBAIH5j5s4r+faKCK6tUimdSHMkrsGRDjaxAB3dTwDzx24r+iH/AIJX+INF8L/sswQ317a2RbxfrTL51wiFlFz1O5zyc/dLAE8gAAhfx7xVlho4LAxoRp071/f5UrP3FZ28u1vPRn9LeAVHOa2JzWWYSxNSMMKnBVXKS5qjgrxjK6bUGultrpXPAPjtYpF+3Z4QaJhNIvxF0OVnYjMarZzEk5UAA4znhh0OSM1H/wAFFfiv4etvDXijQGkju9Q1JktkjRxI0brCybSowFGc5ycH0GW3fP3x4+MEa/th2viCxe1nt7bxvE8RNwh3R2FrOjPknAChsgDbuI25J6/En7bHx48O63eanqB1WGSaacO0EO5pVkbepIPZRxnOCO3GMfNYfDQnh8DiIzbqwwcOWF/7iae9tb7Xt030PtMDh8xjxFiaM8PbDTzL2k6smnywU20k312V29mj84/HWm6dLqvgKGOUW+oal9uW6dTnCxSgBmA6FUyBuyBwQAw4+kvDGueB/BtpZ/2AkMdzo91FfXOq3RAMt2g3ZLkFnVZACFCnHHI5x80eF11nx9rnhCHwxp/269ifUY7i7uP9XbRzsu2WVmI2Lg4VuAeRknGPvLwR+zLo8NjeXXjW+m1i7jkDfYbAbLdXdlP7xg2GIPABwfcHJr8D8QuK8uyinPD5rjJtQdSTwNKTnUqJ25U4rptbm0S1u9j+wODeFsVmU1icDhKa5lTtjKkbxgowi3yybs/+3bu6Xc8G8ffEO5+LvinTrjX7W/1+4ujJG2rW8DQkWMK/LDBN90qFABKtnAHsD4prnww17VL+7uPC3hVtK0+3JjgubqNprq4TkZGVJOS2ePUY9W/Vy1+Efh3Xfi58LfBemQWWnaTpvh2+1bVrG3CRS5Cp5PnbR84bliH+8M/MOAPu7QPgR4J0lmlnsYbhUKbJJVUAEklTGjfKE5xjJDDsetfh2dfSEw/B+DwFDCYarTp1sM61LDRbUqcJT5aalslzWc3ptZXs7v8AR8L4TQzvE4irjq0alSnVUalRRSU2oQlJq19r2bum9Lt21/lB+KPgzU/B+uaJDr084vr3SBdyQeUYHjVy2yKNcKQuMEkYySQcjmvIp/C2j3DlrzSxNNcuu5pVy7AkbdxIPfAJOM5weQSP1C/4Kl6Ppvhn9oHwvaWSwQQS+C7aaNYxGoUtLKCAgGNpHJI5GTzl6/Ny41u0N0ksl1EqLGQMgMTt44ABIJPQA8Z4GcGv6d8M+JMbxbw5k2f1IzTzHDqu76uKc1fe6vZad1Y/GOMcnwuRZrmGV0GpLC1fZLa9lGDu+zs2+7M3SfDNhb3lxLJp1ukMMkagCIMVTccooI24YEHvyOvWtSSCC3XxDJaoiQRzR7UREULtVSowFxkkE8/MB78jIsvE1utxcxGaZhNOjAiFj5nz4UKcEg4YEDdk8AjOTVi4uo47XxNcMzJGJoCYyMMBsAx6nuMdscelfvOGlCcadpXa1tezTs3da2aVldO9rXtbb8Px9GqqlZpOK51s9fiVrLs1o16s8xtI3vtZ2q3yszr8o+YncTtAHc5OPrgg/dro7rRU8qTeCNsMqykRjeBtOMhTuK7hySOD0IB3VxPhy7W61yNYPNWSS4doipALN5i7wmGwGVCcbyQCc9uP6hPF2jf8EotW/ZN+FaadpHiSz+PsPhQRa/e6dIiQ3eutbqt1/a6u6K6GUt5J6jORjINfOZ/xPHJZUIywlbFe1lJJUI+0k2pQjZJJ20kmtE7J6tWLwWTVcVBzlVVJwlBvncrWbjdu2yjts76dLJ/y/eEJl0Oe8lG9THOSjbAch2bPBySRj0PQ56jHqF940eUIsEcjqFTkQAYIOM5CjjOOCRjkZHIHR/Gq0+FnhTxte6d8OtQvbnw/DbRSTjVEBuk1CVc3EaEEgxRuxK4JJTKgHrXjc3irTbONmW5jl3bMqIwW4IAGBzkbeCenPYV24bMKmKwlOrGEqMakYyjConGcLpNRcb+67b3W6s0+uFXDUvayjKN3GSSerjaLjG6Tk7377Ndjota1e9v4gp8+QC3lJgcEIAUPzKvzAnnHzBuOhyQRZ8BsiWNq8s3lbXkxDIB8uSeSDg56cfiTjmuK/wCE609YZnaVULrIDI6qCmIzgjHOCDjGPc8msLTPiL4Vgt4I7rVoUnWV9wI4VdxIDY25yM5z2PynGSOmlip7vX4Xq+Xbls9ruzVo30dm/J6TwSlQainy80ZLluk17qTWrd7LmurW1W7PpiTUYJJYY1uUVckO4ABxuzhs8YwM5wfTGTmrFzfxJp94PNR18mYxhGG9x5Z+8M5YZ4GcEEggDpXzZN8VPCZDomsQOynbGNqgqOSTuAOfXBwMk8DGa8z8XfGm5a7W10FllgFsySXHZlZWBCLjA4bJHAG4jk5zFXGcrUt03G71slePZrrq3167nPhsvqTfKr9Gr6JxvG710s0k+y0d9Wj7L0TVLW30WxuZpF80I+yMFTlQxwMgkk7snBGO2M4xTv8AWYLqV9kTFCGIw2ATnPQDIBxyuSeR14J+RtE+KwtLbT4bh5JESMs6Mm4bweecknJOcY6EEHPC6l98Z7CJlKCeXgkxKoX0wCRgjOen4HrwPHShGKTSi+Xma5f7t3dvS7T89vNDlk9TmcuROXNu9fedpN3d0tNNN1rtt9C6veO2lXaOi5+yyBRtBG0gZzngE++MZ54zXKaQ4+wWpKBkMTDeygDrnao4Y4PA4GB6ZwPn7UfjDr2oSXENpp5j09rWQyOXZpNmOoY/MDnkqMnGeR1rye9+IXiy5higOozW0KbvKWAlGRVOFDEDJIB5BwB2yTROpCbUryV+i1trG127t7JvporW3d08vm6bTlyuMkmnd2sl96e6e2z1PuHVL+xXS7hosNMrKvyFdxYMOFGc5z9AOTzyWj0u5muHeSSJmQFWUgYIUAdvvMe5ABGcDPQ18LW+u+ITILltUvGIIkG6Z9oYdC6kYKknJAGOvI5rt7fxr4uv4LeK01C6+1AbAIUKBtgyBwQDuOMlR3zt5DBVVzRsumqjZ6q61u23Fvtva9lrZysL7FJSkr3u0k1b4UnbVNbO2uqumfWXi+FbzRysMR86OZXQyBgCSTjgA5BB7ZPU9MV5Hdre6PJBPeW6l5oSC0fIYY+UdfxOc89ATkVzXh/xD4vu7+zGr3V1JYqQlyhjkCYB4BbaAWznnJOMAEng+jeImhu7eFAdo8twjMMyLtHAyM4IGMg9/wC7nA97K4R+rVHvKD6r7Vo+81rf1uu27Pn82dHD4qjBzU3ON3ypbe6k+Vrpsnpp52PQvgzY+FtU1y5bxOl9PZiGOZIdOjeeYXDAlfMjUPujQ43Z4A+9yau+K5tPsrjXtO0uZ5tNWWQxWzp5bJGudvmgAhn2nGzuy4IFfR//AATn8PWWvfFPxDa3UVvLFbeEb5hNcW0d0DK0XCLFIdpkYAhXJ+UgYbdjPi/xnbStI8f/ABBtbJAtlDqt0kQMYjdXD/MCTj5dwO3sDnA5bPl4HNnU4ixmXLnUaGFo1YtylyLndpJKyV9I3d0raOzPWxWW0YZFhMZTlBSq4mdJu/vPl5XZJJaa9W0ttXoea+CY9Oub1YLmA+RFAzqixb1jmY8MUIOcEZOcjkndmuq+Jfhy010W9nY6la3cENgkt1FbwpC0d0R8qZwGDqAA3y+g9xn/AAaEV94lYMRiWydWJXzFGFKnA4X5vvcgAHOD0Feuaj8Lrz+2ppbS5SOO+nQQibiUu+wBFzj7xIVRjHPc4FfUrExSgpN8s7R1fLF7RvZbrbdK192nZ/O4ilXU17NuTjytU4q93ZJXSunG1t0rX2u7v5f8P/CO/wBWeW3j2xtHatLmYCNlBLbcMuTuI5BJHIHTGDrf8Ipr/wAOLrT5rfUvtL3EgjewvlM9ucEkou7cAGGOR6gBs4z9i+FPCGo+GvFN7oPiWx+zapDaRPcwsV3JC372PO0kDzYtrAhsZJLADOOB+OenQW+oaEY9kcbXbhFCglVCDb2P8J6ZHAGeen0X9nUJZb7emt1rKMnrzOKbtqrW0069b6niPiCus6oYGtBRi3yuM1ZptJdVdNNPZ66X7L7i/wCCZOpXt7+138Bby5toLS4k8Xaarw2oCxbROjAgAc8Y4UnnjGAAv94PjZWfXNSznIlYkevUHPTPAGMgnPpn5v4Sv+CYlvG/7WvwFMa9PF9i3dmAEycN7df4i3XkcEf3c+OQRrmoqpAAkzyuT6Fs5wcYx1Bxjrzn8u4t92WHi18MZWT+J3cU2ur8ktEvLU/b+H3GWEundOSeltPh232WvVWbOAyoIHyY/vY7DPO4HgAdcknntUqkKvOcE4GOSvODjH4ncP7xPTmoRHuGQDwAfqeRnBGOcDqecdanSMZbCg/KACvbA+Yg9Dk+nTNfIRkuXq21tfTo7Ws00ne+z9D6KCVlZrV2u2tF7qutb9ndJdWv7ssX3eSAoznHzdM8gE4GRnkcdcDNTqFwGBIGSO/B298DI7Enlj0PAGYl2DoO4Aztzg8Hn7xx2znHGOmasoMj7pweTkA+vGB2HUkAngjnHLU7JKzTvzb63bXz2X5PVM05Y2TU1ry6K+jfLdt30XW76q1k7CIBjBbHLbsA87s+vpjPHPt1zJldw5Hpk9vc88AdMHvj3BRkOPlDEjk5yOnbcMZU4AzknOOacIwT93OeccZGOAMgHIxzjoeuCKhS1st29W76tWfolrZtvW5Gzsn2utU7vldr9Oz7rfoiwnIwSTyTgYVRyeec+pY8Bh07mpBgAHlvl+U9QAOD365JHcYLZOeTFHF1xzwR6t2PBHpjg+/Xkmp9uBgDGMjoCCCM56D/AHj6846ZOqld22079dPLS13c0buklJ7Xtd3TvGz31WjUdel0tFduMA5GcHPHXnJOBgjAP8OB39sSYA68gZ5OTu/ugg4/qemT8xFCIcADuCBwCOfVSTwCOAeOgOcUBSCNw7ZBxyCeBke56dsEd+Rokm2uZdt7Nptf5pf4reTajBSjsm2k9tbe70du65rK+m97j8JnI6sncDsBzuIz/CMHB46+lPxGdpAU5yoyMMOxOf5njsME81AEA4O7bwMAZPTGOuADxwADyck0iqUycDI3MVySSCeufcZGOQCcZ+XdTdlZp9Fon0suqtvd6q9/vBUoRtfR3Vrr+nrrrdWXdXac+w7QdzM3ynHTv1OPYYPv1BySkZQlzjDAlTg4JPAAPfGOcDOe1BBxwHCscbg2SOh4UjnHTuffk5ftxtIyDnOMDgZOSzE8gcYyGzjtVXvHbTrZdNLrfTS9vvukHs9XaW2iWt23b1Wz62s9G7NsNhYAbiQ2MEnPPJJIHbPyqM4Oefl62lwQdzbQ2D0/udTlj1HJHPTkdhUBRlxnAA+YsMgknkngZx6jr2Pu5E6tuxglTyehxkA8gAdMA4P4YqHPdX1urK62unfve1916JLQzlTabTT0tZ/c1rqv1bunfSzmQrjBBUlm2gZOePxz0zjoR3wcRsgxgkbCGLFSvXqoAByBkjpjHPfFSkHBwoZCcHHy8AZAA+hx7kA460wkhQCox1JAIcFuAT06njG7JB+lV7RXs0/687Jbf5Byu2rSva116NdPx00663bSpXChuACxPUE5428ZznHHTA6kggNCEqCrLtx8xBA5bPuOCeuThvXGDUkic4AwSBt3DGM7t2Qeq85IwO/TBUtCEggDA4BJxjjB4Azzk8D1JINaxnBvXruuZdk7d7dLXv2V7Ny4rpunfS+m13fR3831AIzMWTB27QBjIAH5HAySCc8bcZ6BoUFgck5yNo6c8DAwcDnPXng96mKuwPzKQo2tggbhnrwv3RxkA8g9QcikKEgEEZ4CgZHT7pAI7k8jn+tS7S1Te+lraPTtZW2e2+iEk7pNXSS3a6232drLTTV/emsOD8pyQCMj6gc88AZ56dqi5wcHHIAyQen0PGCOPu+vtUuxm+UsGLkc/Nxjp3yM456Dpg8cxqmDhl+YluM5yRz7jAx1GCR1GOAJ2Tetlt3SSXz018+3QJK7S6u/3aX6p/d0uNAUnBbkhVAPABwc4wCTkjJHcZ44qYKMDIGO553EqckZwcZB+UgHqMjHRm0dCGYuST2wQ3Kg5I2HGAR35zg01sq0ZBByzEqfTtznII9fYA85ISk3dqN7d9r6b9betltfexlKNnol5a9tbXt6W07WuP8Aul9oxyzDnJOAR1I+8NwHze5AGOGEjsThh0bBySAegz74IPPXI5w0nkhVwV69dpzg5HHPXntg5Ip4KkAnO5MehHOASOTnPIHJxgkEAiqbsla1ntd662tfd6X18++5KVtd3/Xoum5Gqt1IAJyTuJIBIOSpx8x7fw8EkZ42zANgEZ53E4bDN2yfr3wccN6UKBuDKCcEtySOpHHQ5zlhuI4Yd805zzyeDITjJOR1JYAcDPPXJ6AjGBHM9UkrtL81dW33bfprs7s2ez+W3Rfh6dHYViqgcEtjHByBzyeh469MdiM45YxAwOxIGMAjAx1yBgYPbjjp2o28Nkn5xnI9jxx0B9hwMdegoMZbIYYzg85z35IA9zyO3Xdxil2e/n10V2vLp+PUL726PZ97Lbsvl5+oDksOhBDKAOMcFs44Py+ncj+7S8A4zwG64yevPYdO5OCM9Oc0gVQCpIIzlcHafl7ckZ6YwMcEnFPIVhyvJGeTgkgck8kY+6CMEkH+8aHpZO19m+2z0u991tdarrpPW3ldK972tZ9L263b/IqumCQxwckgfdPOAP8AeH9485PTjio2J+YAkcqOR91T/wCynOQfrwe7yNpyThSWPzZAIHJ6cE49eDketMYE5PY84yDgr6kcHGeMfnVq6UdL2SUXqlsuml3o/TZ3erlN6q1rtrXR7Jve7fl0u+pGxbkj5lbJyAuRz0J4O4dhn346U1jnKMeMgg4wcEnJ4PJ45x2yOucScncOAAF7fMM/e9DycYBLAEHngZUYwoJ5HOQSMenPBOD1GMepO7NVJtpRV07xvp1Ti1Z6apP3tLKztcdmr9Ne77Ru3L772su12ReWq44JGdxw3b/6454/PikPUnOAykEkZOOeO2MDHYgkk4p4wQuBjaCSA3DMST8xBGCfbIOOMDFIRtUEqWBIGWC8Z9eeDuGc4ztycYORN5Rivevtrza30s10kr3V102967cuN3vu1q21d6btvRLa129LNb2YCWbgkAbeeBnnjgnqeTjBOMcZ6DAZbt8xLc56flkk9PbjGOjiA55T5i/LA4AIPUdAT0z+gA5CMpy42MMAHJBGMgZ/DOPdc9M5FONT3mpSSk7a68qTitLN6u1rK6Xxd1dWt+V3d2s07u6d/O+q6rUYdpGehBJbsMr1469hjgZKg85phwMZxyQBjK989ic4656cnOMFqlMeCCQeUwSeTjqBj6HjnI78jiFk+6e3X5snJBz0AxnAxg9Tg4yKqM+Zu3S9vT3dXbTvZX27a2fZX7bu3Zb7p6W+V72ZNkKQDkltwxjsO/X25Oe/r1TK5K5LE9+cj7pye3TP8Jx6dBURcAltp5BH3QDngHaMjHG77vXJPHdNxAOQASMICowRg/McZAJ5yfQenWk37vM0+j9eqS00+J9/xs3Ftr3m76rzXnrdJXvta9tbuwrEDJyRt6DJwSV25JHTng5HJBbryUjBDPu7DBI4HrkZGTnOSeqntyMBXdySoJwrE8EqMdO2OnJ5/DinFCRuDfIw6ZwGB+X5cZHHHBJI4zzgilslrtffW6astHq976bbL+aNU9VHZP52T6rtp6aa30aGU8gYO0YODkkcd844PAxg+gqEkEkAtyASCMnqAT14J5yMc8EcZqYo3QsuRjjI6L0zxjPc4HHOMmowAeoY5LDPY4xkMARnkkhhzyeMgkNS2sra63f+HrrZaar8yIrmspNKz0bjf4rLX0vrdXWlmm0NZBuCg87eu442jHXPHYg8467enKFB74C9gO3bpznHTr7jilZVPzBDlSASo42rkAcZ4HHZcsM5J6G09CRgABB2BHGWA988dgc8c53TW/3JPfRddGm90r2XzMpqzfKle7s009mra/q+2yasMMZ4Qgk4GB29x+A56dSDnvULIGbBzkYb0AZR37sAeP1PTbVggk4UqAFDHHPPoDwepIzjjBPQEiLhAuQDglcngkNk/p79CRnAzRa8uz0d0ttvNPZu34XuYu/ZvrtrrZPbq/nv1ZCdzAAk4bJI4GcMCOvGc9M855OCM0gUcAjG4cnrnjA9xk8nrnnPWpmQEEZJBPGCpUDrgcfkTk9u2C3aCgYjjJy2Dnr8uQemByBznJPJxtd7LXRO1+nW6v2f2bWsnfXcpR2b02Xbtr5Po0td7PWzjUhgpJAG0k8dWHTJHJJ/h+UdtuCVoAwRzgZ3HnPPGCeeBwc5PPTihtu4ZBClSNyrwAfRQCCcjGBgjIzj5cMYKycAq+AMEnHDMME5Gc9CNvTIPHNRzJNa2d+nw2fLa++2jvq3rfVWFKNnd77J26Oz6vq09W9u2hGWTIB255Y4wBtPGD6nP3SOPVqA2Dkjod3HQDJHA/DOc9hjsSGEbs4OOFxnjHBPGO3ft04HIqFlYoRjHPRRljg8E5xhefXp39dVOMvid20ns1/L6X8303emjSS0fNfl10Wj201ta7b626trUUOGIxnBJ5HUnkc5wduc/XP8WKC6ZIBGcgHjofU9uMjB6k1EysSRtIJAwcggKvZupJ+n5mkMZHQYBA+VskZPH0xwPTrnoOWmpN+83qlZP4W9LX95XtoraXa8im+aMuXVtPs+ySs7pprd7PXbpOCAD1+8CQ2ex74wAT255zzzwF3cE56HcQCMYwMjjoeN2eg7A5xUHluxIwN2AMDpzzzxyevPv0FIAwLKc8/L93B4ydv+yOMHA5zzmny2te7Sa776LRx/PVRXzbmCaupNq1k3d6cyto7yb2i9FG3R7p2sq5HJYYPRgTkk5AA7cjJ9ScZ60rFMHIJcqDyRjAJz29uOc+vXivh8opyGbJHBBJ9D7tgL1xz+BXHDId2NxySM9Pm2+gBI4yTggZUkYpStpq1pFd/dVvte63utEl16WbcrtWTdna7sru+nazuraedvJT/Jgckhgc++Bj32+gJHTr3FLwMcf3gQSD0OMdSecjrnIwDyea+xzgNu3EvjJGTzwW9z0zng8A/KKesZPBy4JGD2wMHHP3gOMkgc8Z6kEbpqzXKld67+8t7tJK+mq7ta6E6qSXnq72Vuuu9/K3zJAwJGTxuxjA9OpHHc4Kk9B24p2VG4jkg4IOeRvzz1yM8dGxjAUVD5bcZ9W5HYAAKSTjAyRx9R1ANIV2Ak/eIBxg9TwBzwAccDHHGM4FVLWyTStay0/urXrZXVtdN0tLJpKSTTav0as101te19bXeuiLACkNwSxHUHAyW5GMZHqDnnAJwMgM7kcAnH3iCR1wCeBk5HJxjJPfFR9cED5iuOvC5wcduvGMKcHrweXjpg8qq8kDkgdew4J7dQM9M1Ckou6s2klZLVba2V1t8PRra1hxilv5brW91/mvXW9rE64JYZOclWPXqMjAI5GD6ZzzzyA/CnI4B29SOMc8HJAzk545A4BPSowQ3IUYCgjGecnB455I7dMg8jIFPBABByFODyMEDsO365warn2aWiUbW0076pp7rZpbW0uaaOzSS2dt7bbbdFpfy1F+UjBUgsAOCDnGCFO7nDZOOSevGBgIAyk84YkbSeo689TkkAc8+5AoILHjoDuA4ABK5GQcHpwR6ZGDyCY45wfm2A8cZ6kDOMHgAkZODgdgvaWskmlpdvVN+67vW9nZRtfr5mbqJatLbV+W71V9N9LX/JL8oBJ3MO248gnoM7up6cDqO2Rlu7buY4GQD2y3De2euBggDhhgkEUbcYU8kOSQOSMdeR6nOf4ecAggUuCWJwfUknIHpnP4kn1PuKJTW2+qu35WX4vsvS71Ffok9dLdbaXs1o721/W7sq4yRk8Dbz93dgc57KMkLweMdcZpwwAQAw3MdpLE9DjpjaegAIwM85UdECkgkgFWUFAMYU5zkj1yBg9l4yCCQwFkJUYG3AJx0yMcnBJ5HTpn8aSlzWje1rPpd7a667p79thed7Ppv5fdb+l34f45ts/Zz+ObFmDf8ACB6xjJBz/o0h5zjHzA9d3OOORj/O3+N95IvifTlnRZES4vymzh8vJJgLsGepGcdM9yBX+h38f5CP2bfjqMsCfAmrAZHODbOoG4dM4HfPJ5Yjn/Oi+Me9PG+nJKZMC9u3JOWCgzP3IxyCAR0+bOSADXfkUksbipWTahBK9lZcuul+tmnv1e9r+Znam8JhlF8v7y927ppNJ6b3a1u99umv9YP/AASWfyf2KYmkDj7WbqL52+YKszNsIwBkdx6EjJ5x+sdmYLS50KSSWOKGHTp3eWV1SGMJYozFnZlVQq8lmIwo5J6V+M//AATW8YaT4R/YYtNS1e8hskk8QXenWqOwM1yZWYpHZwLmS4ldiQqRIwyfmAHT7LYfEP422fh3XvEI1DwB8L4ra80y20C3ke18S+KrlIvIiutRkQCSwsZ1G1YkYtKD8y88fypxdNPiPO5TtGP1+utVq/f2ikrtrRaduiP6R4VhKGQZUotyk8FhoRSvaKUI3cmtltqvXVaPb8VfGTWvEdsPAvwb01Nd1y9urrTrrxbcIX8M6E011IlxEtzkR31+I87Y4i6FlwX451fCPwdj0DVvEeveJNauPEfijRPDzWB1bxCySw2xnhMt0thYyu1tp8cTMyxMmQyqGLDOKo694n+G3wQ8M/DnRZJYLKcalJLpng3QoRc65ql+0hRIo7SHfObiRtpaa42qS24tzmvhb9rnWv2gdZ0Txb4j1/xLcfAT4X3K3A1nTEmEvjG/jNsZNNF5dgqNNhuyyxFI5GIL44IFfOYek8TVhTuqNKo4xjOSbnNtx0jFJylftG0U21zdV9BWn7CEptOvUppOUKbShC1tZyuoxSS1bktNN7I+u/Hv7VfhLwdD4L8OeCtPl+JPjy2c2zeHvCmL0xXMx8iGfXbyANDYRIT+8fzBIqKQAcCuL/4Vj4p8UR6d4z/aH8Vw3EN74zt54vh5ZXH2PwjoNpJIlxB9vn3RrqV3CCElNwFRSGyepr5F/Yf/AGjv2d/hZ8Hra38N+Hrv4ifFrX72exk0Lw1byaz4n164S6cx3Wp30iukETna0jvOpRSWAwOPrLRPgx8Yf2kLzw9rHxq1S58E/D4+LfMt/hNo8jR3c1uJBJHF4g1dCsjkhgslsNyYJG4UsfQeX16lGolh6VOTj7arb21e3K37Gla6TW1tOrn9keDqrFUYVadq9Z+9GjT1o0r8v8Spblb0V0m3ponufUngv9pG1uPiH4t8E/BLwn/wn2pW+iW9hBc6XH9m8J6I1rKtoI9U1NVVNsWzcotDMNqknNei+HvgP4t8YfEPUfEHxx8a3WvPfaXby/8ACD+HZH03wvYiOVGjt71oSG1pBgBjcKpYDnOTXsngvwL4N+Hnie50DwT4c0zw5pNjocEMdlpVtHBGz8BpJHUbpZpMbnd3JZySTg5Hp+mRiXxXqLxoSU0yFSW4PJVsg5JwAScckZ47Z+Zni48840YciTtzys6j1i3Lmt7u60jeydm+p7fspOMZVZXahF8kU1FaRt7q0dvO3y0MzwT4d0Lwtd+J7HQ9LsdIsYJ7ZUtdOgjtYlT7OCPljwzcAAklmLdODUWiK82veLZFGVa407YxBxgQAkE4x3OGxnnitbSAza54rQElzeWagFcqcwjOB9dw5APHB71gf8JP4c8K3XjfUfEWrafpFtb3en4+0SqJ2VYCSUt4w1w656bIyGI6ntxe0lzq8m78yUm3vda67Wsrd/xOlxhGm3fTkhpbRfB20d9dOnVbM7myUr4t1NyVAXRoMe2FXPoxIzjGeTyAMHHnfjW4Gnr46uGW3jhk8Ca8xvruZII4yNHuRtg8xl86UsQf3e45ABIBxXG2/wAT/F3jTxrq1h8MPDYWyn0KN4fE3ifdY2E0cZQvNptsVMl2m0ZRZkQOcAkcipb3wAbuz8Vat461OTxdqln4K125tIbsGz0a2kbSrtpII9JiLROVcApKxycEgAtkehhYupisOpSsva0ns3pzwbT1Vm9XaTf6HnV244fEOK3ozXV7JdFfbvdbXvc/gF8arA2v+LL+aZrhpvFPiFSYwyhg1/Ngk5G4H+Js4OPda8lmlBkQLCQN8e3LEYbdgfd+YAnjPPAPIAOPoX4g3CW2peMEaCNFk8ZeINkUEXyxKb+YKiAAbVGBwDxjAGRk+JR2rNMzC0uGKlHXg564zg8Ak4YFs8/7WAf9JMixNNZVl9Gc4pfU8PdaJ/wqdt7t3S15eq16n+f+fYOtUzjF1I05SX12s23FtRftE/RqWu1rfNX/AKAv+CMnhLQfFmpfEKHxRDLLZWN3oc5gtpTbyvKIHZAXXawBJGOSMAZJBNf00fCvwl4e0rTr6+fTYbVrPXrpdLS8fcgjKEqJHlZVJKjgkHO0ALzg/wA1n/BHrT/ijd2HxQtPhtpfh06rNcaG91qniO4aKPTkWNgrxxKjrOxUsdpIG4BD1yP3k8FfBrxx4ivpb74r/FDVdWlsNWnurbRNBI8O+Hhsjbcs5hIS8RSMEkKWAOccV/GvibUhS46zBVayjB1KcadFNttuFN81tIq+93Jfkf2HwXTnW4Hy2MG044ducnfdT1ikmm2t1zWTva19/wCKf/go5fxt+1h8bH0mTyNUuviNrCXYtjEYUs1kVT9nZGZEVgedpPB4bggfnemkapd+JpjYpfSpHaPtaNpXfO3kBkyud+Nw3Zz6Hr+vf7S3wwstW/aR+M02neG01q8T4h61HY3Ulyv2CK3S4VNrSFjvHzHdIQSy9ASa5XUvD/g/4UXUUPxI17wZoNrJYNfJpvh61t7m/fKK6w3F5gPG3JDAA4JIONpr9AwXEGHw2EwWGp05V60cNRvShH94/cg00opte9Zt38t3d/jePyyriMwxlaVRRpPET996xTjNaaW1+/TTqz8wNN8HeNVuVaDwzqd69zvggYW8xLmQ4DKNp+YnJJ4BBJzg4r9Y/wBmH4veLdB1P4LfDXxZp8mgw+C9a1CVJ7+1kjkvxewoEij81dzeSemMDHqSa+TPib+2x8NPCFvbQ/DzRprm5spd5uppwFmKscNEBGWUbgMDtnnd0NX9kz9pHxN8fv2gVv8AxVbJdW+kWF7qOmQbFcW/kxqIk3gLycckjHqc08dLMsww0q2JwCw1CEXUj7So3VvJKz5LJR3u10b9DtyCFLDZjh6dKrKrUlUpxcnG0W21s0tbNXvda9D5x/4Ka6k8n7Quvzi5DtLdNdrtOEQSSNtZVGOvy7sL16Zr4BtvHXiGz/1V8yBTgE9kI4HXOOOoOSvOCcmvr/8A4KN6jc6h+0HrLXlstpMlvCjW6EnaGIkVTwBkrhj/AD5r8/rh3Y7QTkEDqFwBnJIA9B1JK4BzjqfcyqEfqFBO/LGEOW61T5U9NE116ry2OzPXN5pibP3vaO1ltttfs9dHfpe53N5421nUMie/aT5ZFyRtGOh4yc8HJOflAAzxmuNtpGu7xFZwzSMQznk43ZPPqSx5GcZ+bnrnxOxBBxgFs9gBk5GR6jqfQj61f0QhNRtmcjYJT3Yg4Ix2+YdgDkdOc5x6a5bxSVrOKvHrqult0tHZvyTPJas3zS2s76WStCOqd+jt2W6VtX68nnWWnKLeTYNqqwJIZiOpyOmAD39TgHFb9lNIYolchwwDMQvQ4xyeG4OOT04IBzxSm+yS6WQMeZ5gAU9d2c5BIOQRt+6B/dGeMWNOWRVAxtYgYVQzYBzwOxJ45B6HscV2ybTi5JxWjtpZX5W7rXS/XVdNVoZ0kle3LdX967va/VPZNK+ktNrLZfT3wUsvM8RaW5ZdrW79FXOBkkgDkEnIHHGcjODj9LYtClk8H6/IqvlrFEVcBWZ/K2gKTxvOQAATk84HGfgz9m7wlqmt+K9IitrWa5KWck7iIbViXcxDzSEhI1U5yWPADNhTmvrX4vftF+Cvgzpt94f0y5t/HPj5olit9NsHEuiaPKy7Q180YZbm6icZEeOCuOAcHolnlHLaHsYr6ziqzbhRp291NKzn9mEU730V903c+crcOYnPMeq0msLgsMo+0xNTaWusaaere2iVt9Vrbgrf4N6DpNivjj4z67beBvCAeOVrG5ZBrWrRwgMI7G2JEwWcDasgA+9wT36C++PfjL4h+H9T8DfszeGIfhp8MbGAWWsePrmMxarqsYGxh9tcLKGlj3Psj3biWJOAQPhC/n8d/GTWX8SfEzVb29khImstIneWO3t4escMFoQI4YlXC8KTt9xx9f6VdapZeARolsosdOa3heOys4VigXbtUFhHgtI2QzFw3TcW7V4FbAYvMWsTmNRunJ8yw/M/Zw1TS5ftve8pK13eK0Po6Oa5dlNsFlkIurGKUsTZOpOWl1dL3VzXv27a3cfgz4b+C/CTnUpLg+MfFDSq95rurSG4Zbt8mYwJKzbdj7grbg3IOcgGu8vdakuobtXG828E+xgV8tSFIwqgBQFGcY4OcA9M+VaDp2sKnk28E1w1xOgWK2RpbmQswAO0AsDnHGATycHbivfP+Ff6N4U0AeKfi34nh8J6Gis0Oik41jVmaMlLeC2UieSWXIQIIiDkdSa4MdjMBldNqU17SUWoUoe9OVkko8qvrfVJ6JLpfmOvLMvzPPsQpQhNw57zq1G+VJuNm5SX5X+9JH9bX/BKL40eAdA/YE+GNz4l8VaPpjWGo+JYHjmu4VuvMivAdht1cy7jg7QqEHPYAiqP7Tf/AAVP+E/wo0jVILLWoP7TkinOkWFo0d/4g1IgOENjp0AlcB+ArTBHGQ23cMH+aT4Mn46fFjw7p2jfCDw7qHwp+F+ly3DQeI9eE0d3eWczky3+l2MjKVu5h8+7AyHDAnrX3D8Kf2W/hv4Qu5fFutQXHjbxlIolufEnitTe3DXQUkzWVrcM0MEYY5dsBV4PPJb+X+IHl6zHGYjF4iUva151IYPDyUq8ryT5asotxg2211er06H9V8NZDVWBwVOnh/aShRpqrisQuShTlGEU+SLs5pWdrvlb5fJHlfjz45/th/tjXkt5oUF18G/hvq6vHL4j1tnfxNqFhuKSNZRSkSQGVQMRIPlBwMDGes+FH7Hfw1+Hki61fWM3xA8ZXMa3Fz4l8U77xo5Adxmt7eXekWGLHrjbz1yas/tE/tefs+/s9aKF1bxFF4k8b24JsvCfhyeK7khmbJX7THC32e1jQgBgGJB75Ir8Yfjh/wAFOPjf8Ube40bwXJF8N/DTBkaTTpQdYmhddpL33yvEZEP+rUEA5I716OUZJned0YLAYZZVgZWvUadOdSPuq7k17Sq927Wi9dUtTXNc9yDh+pKONxKzLGwjeNGHLOEZaK0YxvCm+t+m9z9s/jJ+0x8D/gTYLL4w8UaUmp2UZWHw7oc8N1qdywXAiitbctHAu5QmHCnHJUY5/H342/8ABUL4ieL7ifTvhLpcHgDQyj266ncBbjWbiKQkGYK2PsspU53Kdw4x901+U2teKpLy8n1HVdTu9Y1a8kaS5vryea9uJnJ3O7SzMwJyTuyBknJI6Vwt5rVxIX8otFFJuLSMT5jcYB6EDAz05GD0OTX6lknAGW5fCE8SnjcT7rnUrWcFJKLtGnqrbq7be2nb8n4g8SMwxrnSwnJgsOvdjCi26nLp8VTTVr+X79j1zxl4/wBW8W6lcav4r17VfEmrys0ktxql3Jcr5jEkmNHcoqpwACDxgYyAT5leeI55meKEAZyPuqAARwAoPCnqWHLEDjIzWTYaVquq3SQWttPcPcsAnlqZJCW2hR8gPX+8eDxn2+m/h/8Asx+JNZmtrvxFC+naY6o4RV/0qVC3IZcgp689eo4GK+2jHCYCnBtwpU4e6oqyX2Xov1XbyPz6rXx+Pk5NVKjlZylJylzNtO95O7eunS63PlYxX99OI4xJcMzZVIgXw3AyEGRj8TxySMc+oeGvgt4p1yEajNaPa2CBGlluFIkKF9v7pG/j28ZPPyjIGMj9HvC3wX8FeGAbWLSLSO4KhftM2JroxjaWdi+VDHkgAnBB9TW54p0nTtE8P6tcaXbN9liswzSznaEcMOYxj1BByCMkZ4BrzZ8RUpV1RpQvSTSVR26yjzcq0+Tu9dV3N1kdSVJTqT97lUuVb3SjZW3V3prpd9Njx/w78GvA3gW2t5bi3W7vZbS3m8+42y7pnCPtCHIQq5+YA565OcmtTW9SRoxbWghjWOQZRIkQbAB36A8ZUAYOOnau98O+BfiH8UJbeHwz4evLyBrW2V9RmheGwthsUeYJWCZjAPzMC2cn5sV3mpfDH4O/COzW9+OnxIsZdQjzKPC+hTJNcyyLg+WJImZg2cAhgATkDAya6a+eYOhUjHmdatLahSTqVHpHS0eZx3s72X2uhz4fh/Ma8HNxjRoxbbrVZckIpNJtOVr9dd9Op83afDqGu3Z0/S7W/wBYvI5AY7awhlnZnbaqq/lgqqgnrkDBwRgV+hH7K/hC3+B/xd8GfFP46Xmk+BfCNloWsDbqd5EmptLc2rCEJbqxkDtkKAVyCeST934T8Xftz6Z4bhufDv7Onw6svDqlGhbxPqFnHc6tcDBUygMpCuw+bO7O4j2r5mgj+Mfx38S2D+N/FWo3s2oebJG+o3MskUES/MxhtiwSMAAhQAB6EbcV52YYbHZ3gsTh61BYPAVqcoVHJ3rOm1HmstFDRtat21XRs9DAf2TlOIo1lWeMxlOpFpU1+5jNWtq9XvZ7973uz+gL9qX/AILK/CVfCR+G/wAL/AMHjj+zGDWGta6zPpttcxOSLqzgZCztnB+4D1OepH49+Jf2mf2lv2h9Qu7K11LUbDSrsMp0/QYH02xSFsqFklgCM0SZIPPzKOdytxq+E/2dPB2gzW9zrYl1u8UbJHmYmHerfKNrHGMfMccYO3JBOPqbwBpOk6YNUOnWltDHp9ssCrBGsaBWOMhwASRkDaRzk8Ak5+Rw2Q8PcPYZvC4aNapHapWam1JqMm1zOye20Vqe5i+Jczx0/ZRm8NSejjQtFyWnuymlzdX3Wt3bdfJfhX9lPUruN9V8ZarM9zMRJJbtLI8pZlBKtIzM3zAjPQkjOe7ex+G/DOhfDXxTBY6WlrbRv4faWfCoLl2Djks3zFumDkNtAIPSvqEQJNb28ayRsZLiENI3J+ZFOOPfOODkkc9RXz98ZPDhi+I+kTg7Y7vQ2RVDkZ2MvOAB1IPOMnAyPmFduT5nUxWPhQklGnyycYQVtI8trJWstLNPTW+9zwMfF+ynJuU5S1cpNt62d0+2l301Rd1b4lXENvp32EiZoDKommfLbSCCCMnPoo7cc960PC3j7VxqL3Uk5EAsG+6pCoXABAbtkkA5AIHXOMHEt/DNjFp9mZ7XccAOxO75nA2tjttOB0wABjoK7fR/DC23gTxFrxtVQQ3sNlEwIGYy27CrjIJ6HGMY4POK+tthoO0rNyko66vmvGz9NHfr0WlzxKam5OSlpZSV2uii3a+jdlbS/Nbe6Q6+8VXOqT5uNzokEEafMcqM9ScgY+bhcY4yor+hP/giHqzv4c+O7SkqsGsaQFm3fLj7L94DpwOfoBxkV/ONYKHujKkWGUxRhWOFzlcg8AthQcZHOO2Tj+jX/girZNF8NPjzqipgzeJLKIKMgEJpkjcZ5ABGR06k+1fnfi+o0+Csck1d1KFrqyt7Wmu9ul9Fqvx+48MV7XirDRbf8Os5eiikr7avp1er63P1o/ZZs7Y+E/F17ayG4S9+KHjKSSXGd7JfkE5A4CKOvf5QRk8e8avGA8jlSmcY2kdGz+ee/IOCcYzXz9+xa7z/AAh1SdvvSfFHx+CTt5SPVinPJ468HJxg4xX0TryEsSCNvcE8MQOQA2eMYwc+gLV/K+CXs63MrSvyq2mloxT/AAvpvfXS1j+h8zj7TEVY20hO2uqsuVLdeum6bflbg5MBWLLsIO0A4I656dc8YxjJHBGABVKYsGUMwUFT0JyMdFYjA7dfvdCM9KtzRFhu3DkkFRnAzk8ZXnkcdgewzWfMrA7iQQoIB6DOOTggenpnJHWvcdR7PstO2z6W6a2enW99DyYUVdc19JRV76L4Wn00drJNWVlezTKvi1d3w98ZEnp4O8SAADnP9mXR/EjIB9jxnFf5ifxKgP8AwsLxcpDbf+Ey8R9Sev8AaNwdwXJGBjnH1JzX+nX4r2t4A8bKpwR4O8SMOMEkabcZAwCMYGDgccY68f5jXxPWSLx54vmkXgeL/ESAsCck6lc/LjBAyBkk4wdvH8Vf0F9Haq5Z3m0NXaND3ldbO8n1v0763smz8y8bYez4XwLSveu0lbZctPdX6b7db9NODjuGeaCAM6mK7T950DAuAATnleDk+/8AFivTfFZceHNWVJg2dHbeAcMCI+mOT3b5Tnnd615QSWuYnRXUlotqnGMhuTgAliw5+YgAZIAHX1rVdMvbnw/qXkxMS+jy72IIAKx7m2nBBPseg7EHn+8chc6tDMaUdb4d6b+9GDu9Pu2u92j+D+JoqlWyaVTlusXTTaT61Kfy6ffb1fwQ7DDEHBVmGMnKne3v1LcnrtGCOOKl5WN33b5CNgHBwvQdMjPJ5/yK0qMjzByh8ueVQCcncXIYYxkn6ZORntkX4YJTtAikfdlh5aO5PHX5Uxj8Dnsc4r8jqU5xr1G3a0pLXVpXt1s9GnfXTpfp+00uZ0KdlJpwi00rraKutUldX1b01ersUcthQQdzBNxI5yG57k7cdAcjHcfeFiHB1SNWXjYpORubAAwACOuPvE8kH6k9BZeFdbv2P2TR9TnYFQDHZXDkbuBgmM9eDk4Uc46cdVafCD4h6nqiw2vhjVFk8tCPMgaMp0ILnqBjsRn1IHWIO04vm1U4t3aSatG73015mvu6lulVqRnaMm2nbTVt23ulfTR33e3cuwMnl5XIHk8KRnIAyGHQDGdzZJ4556V57cn9/K5b5y8iqMYDJknJOD8wyT12kngE5NfUWi/s6fFi6YxyafDZgRbv9LmWNgpTG0FyCeemCCcnqc50rb9lPXtrS654q8P6ZH5x3o15CZEHO7hjwfvDAIByT3FericZh3Tpxc05J3ab0T926vdvS/n3PNwOU4pVqknTaT2bdlzNxbs79tOr16atfHnlszIvbDElSxBB5AyR2zk4wPTIyKkigILDcFXdh2DAZAxjdhQc8ZODjjp0A+2W/Z/+EeheVJ4g+KenynGJILeRSQQQSuVLZK8gDBznvk1aXSf2UvDqkSanqeuXSpuEaM5QuNwwpXGQeAOOh47E+dKtFu8VzdNL8vlZ2217o9r+zpwUeepFXtf31/duk2rtJ21utFofE0UBkLAt8xIwFyehAwQOT3J25ycE46jSt9K1C5yLayuZgrADyYZpCScddqtyM5AwSD0AHFfaEHxb/Z50aNzpHwy+3zRgBJbyMOGdTgMRjJHGf4cA98im/wDDWFnpUbr4a+F/h2w2sNjzWcTHrkYJQgsvPGOMEg45OkJ3aSpylzRWl1HXTe9+r6bb9TKVHCU4pTxMbrV21bb5d23e6WnSy+d/nnwp8OPG+sSiPTvDGtSMxUgraTJkbQfvSIoweCMZ3c5AB49i0j9m74u6mwMfhi4t9oZi12oQqp4BbucnBzjjt6Vem/a7+LeoTMuj6fpWmF2VY0t7SJdue6qI1baOgweCeTVS/wDjP+0DqkyPc+K7ixilU5Fswh2qxJIyuMkA44bJwM13wqYyMLQpcqT3jdqzst1ptfSyvZ6vc4alDKKk1OVXnn7uzs3ZxV/uXZvzRtWX7Jnje61+Gz1C/wBNsD5ZecmZAVQ8uAHIJK/NuGAOMA9x6cf2VPCOkxNJ4i+I2mW/lINwSe2MmAMngSB8jGP73ByMGvh/WPHXxJu9enjvPF2uyzLKY3kW9kDlXbBVQCDsJIGPlADbWGQc7J0DWtQ2vf6le3BKB3Nxezs5DYyCN2Dnv3Iz0PBnBUMxxs5xoOS95qfupXd1bVvfR+evTQWMxWT4KlCVemn7vuKVneK5X59Nlv5n2LJ8OP2Z9Bt1bVPGo1CZY3XbBPgEqMEDbkYbHbOc46fLVMeKf2XPDqwCy0641OaEsocobhHIPU7lwQTnHToABk7j8nQ+FIkVTMrO4yQpkZiwJAJO45HGAOmemc9NmLwvZCBHaPqdoVThQCSGJ55OemOmDjGCR7tLIcwdnVxM4J8uilbpF68qsui/Cx8zW4syilzeww1J23vBcys1be7Tu9X3ta/T6Kk/aO+GelN5ehfD62maMFEZrSNCykMVfdsY5HU8dD1AHGW/7WXieHK+H/CNtZpsYRbkVgvX5mygYEDoAcgHGTjFeJDSLGC6NulvFIxxn5FGMYAHQdOckcjAznqdxbG2SPMu2PZG4CqoC55AUjv1J7cgkkduuPDDkv3led002vebteKf3N9Lvd778S46in+5wsFokvd1STSurL5u/S71Ny+/aS+MuptKkE8GnI4beIo1BBb5h06bSCoK4B7qfu1zGpfEv4vaovl3Xi+8jHlkhYZCm0kggA54IHVVI2gZ575G+CNgBEgDZAZuS20/Lk5xkgluoJyDzjmCeVZHmMcYDKhyRuAOOSR6kEdM9qhcL4SF3PnmlZu+za5Xe6vpfpezv0vcP9cMbWbSUYOy5badItpdXZWb3fozEnvfGmptL9u8XazPlWJK3sw3H0ABwB94Hryedp5HmXiezubKa0E+o3l005+fz55XOTz82SQD83B4yATxnJ9ltULxbsZ2AnO0ZbJ+YD69z/30CSAfNvHUG2awd3DbjuII5BLYA47cAY7gdTnJ8PNcpw2GhGdOGt43ttaTV733/DrY9rKM7xOKmo1Kl7JXTd0rpbPT1+Wq2Z0ukeE9OurSB1TzXaBGdnc43HBIGSQe44GWx1GK3D4MskYqYYFwD5RO3AAG75s5yMg4znuc4Nafh75NNhWNB8sCEgjjawyMHhsnvgYzzx30pnkMjKwDYAUIB0HXg+i7tuBznr2I6aOCoyowk4Ju0Xra2tr62ejtdpNPV2VtvPxWY11iJ2qtcsmr3ton0vu9E3bVve9zkh4b0+JUDABi5DNgYKjgdgAM8jk4HU4IzfTT9NtVUFRgONqZGTkgKcgk5OegGR795ri3lkDsqEKmGQYwSQ2WPGcnA/i79cZ4gS0uJGwCcAqC2OUyc4AwM5HAGBj1xmrjg4XjywutFdLR7LX/ACVtNfN4zzCpKLvWaTUdeZtbq62suV26bPudDHHpsUG5bdWBVlfp1yCCM88g4HQdD7Gp9st0RAkCnAJBaNRjIzkHawG0fxEHA465BlisHYtlyU2fdUZwQAOcg/N+Jx2BoWxCSOS6lSpXk4IGOABzjqTk9e3QMe54CMOWUYptJO1rNbaWeuja79Ucbx03NKUpuN1712npa2ml9ezv6i21+uwELg7SGBAZSORgb/Xt9M9QahluJZGEyqvz4UALwwx6beMc856fNtOKtJYqMjIIYhRjLbQMAjgHknBI4UfNyTjF46fcMixRWlzKTIQrJbSgjIIyMDBBIOeQB2JOc5TwzXvcvKnvbSzaTtez27pdbX0sE8ROUoqClfz5t7K1lbppe+/RO7Zzupb2guVc7khtXIVgFwSpJAII45xgDkZ3dK8R8LjZ4iudinIwc4G3aSQDkjIGDwe/TOBX0Rq+haqljdP/AGXeqPsjM0sqFVGBj5idpAxwoPcdegrzXwR8PfFniHUbm90jS/tMQUGRmljTPlsRjBKlgSMKcds5HFebjIwp4jDyTi7Sbla11qt2r2slsrXtdq9j3crWIrYbFU5wleUJJLlerko/aV+mmj/S/Zom+FJt2C7sAGHyqAD15PuQTnBPToAty7Brd0O8RrtcquQGcdQoGed3PHbp1x6La/B/x60EbvZWNussgR1lu1/dEkZVgG45bk4z7EsK7SL4GawjL9v1nSrRWSN/3DNNl0wyqT0BbI5HX5hjtXU8Rh04qdaEVeLl7yvurt/nr3aPFeV5jJz9nhajSsnLlbW6s09FfXW76td2eQawfOsNMMcWSp2SHacMycHA5A2853dT6EkVVRpInJb522Rkps+VQWCkk8YK9d2SQemBmvqFPgvp720bX3iqFgNjPBGkSOBj5mVpWjGe+dw69jyLA+EHwsjBuNW8dxWKLHlIZ54VeaRD9xjFLIduAMEDoAuBjJ6ZZtlVCSksTHTl92CT2t2vp5tbvRHPh+F88xEJf7I483MlzuMbq7Wil0u+/wAnufZPwzlaXSfDcxY4k8MacCGUMVIjUbcZJI+6MjOOoJxge2Q2t/cXK+XbyCISQiR0UHcxYFWHGcYyTgAcgbcjj41j+OPhrwrZWWmaHrdjcCx0uLT7UabYXWoTSpCm1A5MGAchT1AJHckVmx/Gb4l+JLOWHQtM8dXuXAU6foS2ikkkbhJI0ZwQSQeDyB7n9WwXi7w1gsvpYeNPE160KSi3ClGMG1GKveUk7f000rn4jmf0fuMc3zivi5YjBYbD1Ksp3dSc5KLlF7KFr2ktU9Xou6+dPjM9zc/FLxuFimmaLW3hKMS2GQ4UY3ccbeMEj34rktPtLshZGESmO54jkkRQuFwR8xBHoBhjnGTgGvdX+FHxM8Ra5can/wAK18Qtd3sjXV1e61qEVsZp5PvyzESMQTnptGe4JPHZ6R+zN8Xrhju03wHoUU7ErJqerSXtwmcjLIYx908+5XkE1+ZZlx9hqtapWoYecXUnOUXOdlFufMtotvdJq6tK6W1l+45N4UYnD4OhhsRilJUqFOjL2UficYxi3qk23vZ9UvO3y74+uYv+EYulRy5FvEJSoY7XBIwhAAZATwPmGeTkHnb/AGatau/DnivRtQtxPeLbyNNJDBIIzHDIyK5lDYXy9pY/xAgcEHgekfGD9nbxn4V8BajretfELQr6K0vYIjo+j2aKjCaTyxiVgpZE3ZzhsgA4wBj1v4f/ALD/AIXj0DSfEeq/EjXopdU0m2vGj04CKJRcIGEG8N8wUtsbGcjjBI5+Qx/FdbGYiOJajDlilbm6PlS0u72t10u7Wtv9/lPAdDBYKWCi5uLfNKUmkldq7fvWdt3ddOttP0A0r9oD4P8AgiG7l1R4pbrUIIbnP2i1YxyhEZ493mllO7I9SSN3HXn/ABB+3p8ILG3ZLexsJJskg3F0u4hAdrKIi43AYI5xnuOCfm61/ZK+B9gVGpf8JJ4iYhH8+71O4WN+4zHvIIIBz0GD8pz19J0z9n34EaTCJoPBmkMVKkSahJ9rI4HDeadvzYxgEfd44zj5+pxBXrTcouUXfdq92rNN3svnpd3fZHfT4Cy+nrVftLvW8lZXtrZbX8tzn9X/AOCi3h+FttlpD6irK3lx2VndXgWRgApYmHquMFAcYCkcfLXneq/ty+NtblxoPgDVr8yIUjifw/LIAWBIMTNGoUewUc/e64r6ns9K+F3h9VisvC3he1iRVZpY9KtWfIIGVbBOVwMN0wQBxwNCPxj4XsXEsH2OCOJv3f2WxgA2tkchYyAf7wB4HbJqoZxjHZe0nvZqLtq1G7irq/XRdX0vr6NPhTKqMYyVCjLVfZUmlHk0Tvbf0WnmfFSfHD9q3xOUh0HwDrEEchYqzWa2RZXJ2/vCcqADx1zggdeMOXwj+2l4kla5aCPQDIdrC91EsAGY5IUOCpORkjnO4YOSK+/JfHumSPG1pNcM5UyOUtwsZJDZAAVQOxwCOd3Q4xgXnj4TK6yJKxPCodsTKRkhm3sD3HHp0zWjxmJm1zVXe2nNK7btFa9rNqLu7u3ozdZRl9LWFKmuW+ijGOuj6bXb6pO6T03PhuX9mj9o/VyDr/xM0rS9wXcLO6mJCsQGBGSS3rgnjt3qZf2M9Su3jHiX4w6zO5BEkdpE0i7STlFO4HJPQtk5POTX1VcfE2CEyJc3OnW7b2I+2XEC7EQ9MiQncMdQvJ9OK881z43+GLN/9K8W6LCpwzmKRGliAJULgMegAwAfU8L1X1iUk1NzlbzaS221W2vRba9S1hMPBxcIxS6X5dUrc2ytrpp31u2jyPUv2N/hZpmh6xqN9rvijV7jTtPubm2Ms5gje4gidowUBYspdRgEEknkdQfU/gb8D/g3b/D7QNZufBOl6nrNytxNe3Wr7LhmkWTauUlICOFyCvIHT1rzXxb+0N8M4dH1NU8Zrf3s+n3cSQRKTG9xNEyRpnbwc4znPPUggZ4Dwb+2D4K8OeCNH8Pz6Ab65t45xdzPeGLzHaRnV2YZAJBwOCcnpxXPOtF2TvaL83e9rJ6PReV0lo29GbRjShPSMVFJPfr7q08+29vvt962tn4G05iuleGvC2mhHRAtvpdqsyunViQDyMEg45XkHBpZ/EEFvLJ5N1GsKlQYbaCONiuQrZ2x8cnAwSSpJPBNfm9qH7bunWkzppnhjSTvaR1eW7eUpuJO3nPPUjHTAXNeb63+3L4mldxYx6TZLwR9ns0lZWXAALHBY5/McnuawlTc1eHM1JrRt7aL7STevvK2id722OieKw8IxTnFyT6JPR8q5Xd29N0ujP1bu/F9t5iIGu5cZyRHID0yFVgPuj04A6gcCua1DxbcsHZYJU8okJ5jBGYPkZyzBgcZ55IBBPv+Nur/ALXXxEvpsjWruJGLFvssKQEhiOFdeEXnsOg6nBrzbVvj/wCP9UEgk1zWG3E7Q15JleTgEAYUEdeSfTODiXTasuS9/LVapbptdFvfpa275lmMItcr0vayVtLLd31V3po91bs/231fxnDaQxme60+2LQtia5vIhIpJyQ+1yfUjd0BHauRuPi/4Zt41ivPFelRuVKOiOZAu04PI4YkAY7c8elfiFd/EXxnqHyS6hcyhuDukkc4B5GS4HoPmI6jk5rBk1/xLM0glu70gHbgOyqBxwOcAcsB8x9+TitVTrte7DlTtfRvpG1trq1t+u1rilmUXJNSfS92ra8ttLLv1T9Nz9qr74/8Agq0hcN4vtIwrNtWMFnIGQARxtBOAFyOTg/erhL/9qrwBaW+ftur6hOhKjy9scG45JIO4HBIxyOM5JyMD8hhdarO+PNuXLkEBpCzHA4XnP3eCORz3/vXYvD/iDUGVbfT9QuWfcEEUNwxJ45GFJJ5IG0dRknJNNYas18Mk2ntGSvdJPbS63V7b69TJ49u97bptu8V01Wr16d3o7aI/RzVf2ufD8U7G202EQuSXNxcPLKATnOMldzdTyepxjjHi+r/tNLceJda1fTLSS3nvbW0tbNop3EcawhixI4wWB5Xp056ivnjS/gx8TdbCjTPB+u3bOwRfLsbhRuPZmkRcLnkEnHQ8jFWYPgV8Th480r4eXPh650/xVq0aTWdjdkhmSVQ0TgZYDcvOOPYDBBqngK3OpRpzk52SbTd3p7qXd2Wq1XlusJZlHlknOnBJc7fMrJJJSd3bRLW/f5s/Wi98KeH9QhiIjvLGeSIF5bGd44hI2ctlAGyMZ+Vsjj0rMsZPix4Fmiuvh18WPFOjCKUOlrBrF5bICoDAEmZsqCF44HGP7tdBFdKlhasjuAIDkYyvQqAB6D9ADg5yRnTyszKxYkMdv+rJzkDJ4ORwOnUEkjPOP0Kvw9lGNpQlUwdG84xblyWcHJQu9Vuuz/za/MYcQ5rga84xxVScVO3JUk5x3i2uqtZ21Strsj5E+M/xO8eeMPiNHJ8WNbvPFPi5bSKyj1m5umuJJLSJs20ckmMyFcncT0JByOg/cb/glL/wUF8I/sXSeONV8ZfDXXvHOieNPDun+Hbi50u4ZX0QQGTzWFuA3mhw4KqcYK7Qecj+fP40/ufi5bcuxKWvttzIeCT9cccZ/Cv0U/Z7sLe88Bar58yxb9aRd8jgKqgKApBDA5yDjdg9OeBX51jOF8BmNXF5TUi44V+1pSUWk+RJWvpva+yS1S6Nn6VQzvEUcBSzGUY+0dOFSS1Ss1Fvzbu/x2Z/RXY/8FUP2XPHniOK0/tTxB4MtLiSa4P/AAkmmtbwWzOzbIfOXcQqDHzHBPJKg81+cf8AwVp+LXw4+KHwz8BHwJ4u0DxSlpd6pqFx/Y1wkstqvkfupbhCVYZPy+nXHI4+RNd8EadcRol1p6SK4fbdW8Eats6bvlyOgBBxz0GRXwR+01oJ8OWFhd6beyxJNPJZyLHI0eUx914920A9MYXcMdMc/EZd4S5ZwnmcMzy+eJgqMpXpTknBqXKraxVrbq93dJLu+2PFf9rx+ryjBVJQs0kk27JO63ula2y18j7D/YF0+y8QeNvhLpt7eXFpHqPj3TrB5bdRkLdTIpkXHLMAQQp2rx3Ff1/6r+xpqTSXi+H/ABna3cZRVtYdWt/IIdhnDvzjBOC3HJBBxgn+HH9kzxF4k0xfD82g6hcW+tWeqHUNMmidllg1K3w1s6SgHywCqsrAAg9eOR+yPg//AIKlftZfD1fs+tXkuuxxXCxXR1iyF0sywthgLkNv27VOSFIPAI5zXs8T5dnuZPDV8sjeNGly1Iu9pfA1ummrPXqnt3eWFo4Cnzxxc4wnNvlTklK11dpPR6NaaLRan6TftN/s7fFnwn8K/iQ174f/ALYs7LwTr8tzfaPKbqCOKOxmkV2RScptXd0woz1Ga/ko/ZgeSH4r+HvmMDDX0dklwCri9KN8pUEEAYIPQhhzg5/p20r/AILK+HvEfgbx94V+JOhad4fuPEfgTX9IOrw3BngjuL/TZLeJWtJEA/eSPg9NgPBbGR/MV+z/AKnBdfG7Q5rcJc21345u5YWQKBLaz3zzRFVXhVYOGAA4zgccjzskp5zDC42hmuHVKcL+ylB/GuWz1TaTjq3bTW2tkdPssLRqQeEm5qc+ad2k9Ixtqr300tfVJaNn97P/AATWvC37OFsGkWYr4k1oboxtX5rqYkEdD1OccYHPcVxP7Z3ipbkXemFN62Su+D0UrG2zJbGSCAepxjB3HmuU/wCCd/xg8A+GvgZH4Y1nWItL12bxdrEUFhcxyeW6tPM4CybdoYqcgMQeeByM+EftV/Gbwfqep+Jb6y1eK8sIpL6086JgVM9tHIksS4IJYMrDkEdBnj5v4+xmXY5ce5rUUKnKsdVqc7WnK6kOR3st77X1vr2Ps5UHPAUp7KVOLteN7NRtot3rfl3vLZH8xXxt0m3vf2mPHPnxuVuo7CaQoTkeZGoP3exzk8HPDHB4r+rL9iT9nb4beNP2Q/hjqF0NWsL7ydUt2urC8ZRIUuSsbSRbSCVXkDgEYzxgV/J58Y/Egvv2iNSvrAokOqafYujOASRGUQBhyDxz6ZHtiv6+P+CdHiK4P7Jvw8tpDgwzasDsKhDm6POBwP8AZJxjOMc8/uPiBm2My/gzLq+HxE6M1LDRlKN9V7NqSbs248y1UuttzysLg4SqVKcoRm+bW6S3Svpbv7u6ej1VrGj4i/YxuUd7jwt41iu3jEb29hrNmsSlwcgNdBs8n5c4wOD0FfyT/tM+FNS8HftrfEnR9YhEOp6fr1obpYmLQs0kTDfCcjfGw5TJ6E5x1H90Op64kVhezhmUwwIQWwMNyVJI9+Plz0yMAmv5Cf8Agox4CfT/ANtDx74tRg66mfCk8rlyCWnsN8oC443DLA5xknvgV8v4V8XY3NMwxWExbjUVPCqcZqKUuZSja8kktUne99LbjxeWxoQU4wUOaSTasrq8XfSydu2q217faP7M/hPUr/4KeHbs2mpR2Uus6u0F0lvM8EoSZflRlBX5TtJOc884BFe8Qy6ppUV5a2ssYBeN2WRGVzIrABApPUDjdjAznOSBX2x/wTTi0vWv2SvC0Mtta3EUGva7Gi3NvHLkGchlAdN3JwOCDnHFe9/Eb4Q+B7qCSeTw/psVxdyQhZbaNYZNzEF8EAbWbkNg56g5OM/nPEfiDRocW5hl+Kw0k6WNlRVSF3dNpcz21adtLJ6aaI93DZYnhIThUbvTTSs9Xbva1uZq2ieu10fxOftnzz6h+03qL6hGPOe90WNioVexLHjO7Oc8nAUgA4FfdPwL0izuPD7W7qI4BqLh5N22TAQYweDg98nHzHGAK+V/+Cg3hu10H9rbUbKyRlibX7G3txku3lwEB48nlipKnOc8g+5+j/hodQg0K+VFuI2ivXKbMq+8IvBU8dGJA7HOMcV/afBM4Y/LMBLDqyqYGjKMr2svZ03bTW9r9nf1PzjiBzoUq3tLtxqRSb73T1ul0fVq122lodn8Svhn4T1XRBaahBb3Nq1/tAuokLSMxKptkIDEglTtHXBAGBmvzS+PfwR0j4aeMfDltaxvDcatFHfGOKRZIjFLIrqIjnKFV6g5yMdWFfe3iXxdrcFtbWha3vJhdiSKC9IiKGJt2zsCTtABPQnIGMV8e/tNeNLrxF418FXd7Y29leC2ghhhgl85AqsqsWAyA5KkqCePQnFduZ08RQx9GPvSgktdV72mzaat0TfW3q88jnGeFbd3peKb2T5b7PTyT3fkec/Fnw6TeaSwjaRU0aFlCNhlwgGSNw4GcH3zwME14K+m+dGzgujI+1Uk+6Bxhk9jg5PHAHbFfWfj2Ca5v9MlaIyFtIt1KkBcbkAbnoNvbjoTyAST5TqfhSNbSVymGyHyW4UMcnZ/eGckdPQ14OPxMoYupzRsna8etlFJa2unp0skvWx9xg6EZYWnLlWiTalo2tNno11Vtdm+unBeAZng8VWxmcFUV+Qu0AALjng4JwMZ6DGemPoT45R/2jongNFRCw0eUh2z0LyY5x3J5z6c9Bnx7wpo7xeI1LOhEEEjD/aQjtg/MRkY7nqehr6b+IGi3eoeGvBslnCjlNGky2AwMe6T1Pykkg5OBkjjpgdeP1OpO/LyqOr63sktPsq++tku9yvZXxEFtdtK/Zcui0ta97Ppa9krW+Jk8NXUQE/zSNlNgCggDdwRyCQQDg4zj36er+A4Gi8Q2sbqxzJakjGF5deMAD+RG7jGSQMq70zU7SQu8cyBMhd+WRc9cADk8ZJ7cnAya6rwc07a7BKzBj9ptA2V24bemAR16EHucYJxnI83DV3UrWupJRukt7tKN7623Se3VtHdOgo0XJLWybejV2n11b1tzbppqx3fx5tmm8U6Y6Iw8vSYVBA5OcEcHgKMd8k8djmvG4LTZJHNICjKy53HHIAY7epPU+h6AchiPffjNcTw69ZN5Mc4l0633bsZAXABYcYXj2ODwMA48oGoWThYriyMJbHzKC3Qg5B4PPf645FYVHKM5Ws3pfb+7r206X07NbvpoU7Qg1duysn02tvfazSS7N6W19//AGdBjxnZwK4XzJzIS3I+4CCR26njvjoMVxvxhs1k+IfihvMV2Go4D5wvCjgHA4I9WOORnnjt/wBnSONvHNgCH2vcSbXORtUoOCAcjCkHqM8+wrkfi/G0fxF8SKoyn2+QEscklSy5A4OccZPU9Ohz5mMm3UUU2ly3tdpO7i1pfrZq9vha0OnC+9VfMna2ybV7SVtHZXvdN+SPPI7YmCVxK6GMBSolYKSMDJGTx/CF5GDnrg1+iv7Ivxl174VH+39LhS9g0+z+0y2M24rd/ZW80LtzgFigxxjPIBIr8+IJIhDOvlZLLg4wCSAOgPqOcnpkck19afA23WTRrtFJXfo18c5GMhHPTHJweSCepB4rwMxpU6uHq06kIzpzUlJWto2k2ra9W7rVfidOK96eHs9Y1Iuyvb44Kz5nrfstOvQ/Rq4/bl+FHj7x5f8AxETTNW+GvivUNMt9PvjZxi9tZLmCLZPfPIQpxKVJ8teCdox3r5Q/aD+JWifFP4o2+v6TrM+uQNodjYSapPELZ554RGrFl6AJjaOeQM8ivih2UX8kcLE5kkVhuOSyuQDgjp3IHGe+a6jRZJftMasxLAhcADbtRvvA4GBk57gnI4FfnT4Uy/AYl46g66qulKjFTm5xjGTjaKckpLlW0XK0btK2p9J7WUoU4zSTg4LRNK65Vr5t72v+CT/UD4WWS3OseFo0mSWK2j09pCJAwVzNEMHDAk8D5TjJOB0GP7h/hOVT4afD9M8Dwfom09v+PJOuOcEcD374r+DD9nsyvr1n88pQ3Wnnh3IP76HgDOCATtwMdBnLZI/u/wDhRJs+Gfw93MRjwdoWM5JB+wpkfj7nnIJBI58TK5LA5jmEJVFKMqdJptWa5ai0Su77vTey6Pf0OL17fKMmnazdasmnb7FOCvvdJ39Wj1qKXIHHIIHAHXBByM5xzn6Y4GQatJIGDgDgEHgcfXHQn2zjPscVgpOdoxknA6Db1Ck8Zwc8grjjbkZGcva5yoYMAQoBBzgYPX5e4PByBn8QK+hhm0rpvlcV2V7WaWuq+7Xufm88Km3raSW+3LrHp8+q0s9EdDHMWO7JbHpjuOgGQAT9MkZPQA1YRgCuBhSCvIJJC4OAck/Ln8DnocA8tFdcDa4BJ6ggD5uQSecZXryCAOua0IbsqMOxAIGD2GepznIUH5edxyQTg8n0aObUnNe8ovSz3V9G76abrSz1Wmpx1MJUTfKk7NKy6pKK1fqm9Uurv339wVcAgk5BBAxjv1x+ZPcDinqWHGAoJ6HGdoOOcZ56YxntnnisqO7VlG4kc5VsDkc85z2HfOBxjGc1ZW5BCjaQM4JOd2AQNvQEjvkYz2LAYr2cPj6FVxcpJ/Dre65rQs3e67Xabu9LXOGpQqJ/A338tkreevkaG5VAUEHcTyMnjPJwPfqR+eTmlDHHBBwDwOpBJyMnjb3YZGcexIrLLlQvTr8wyAVOeoOMdQN3PI5HTMykEBkwhxuBPzYKjg8emcEHgnA46H041KV780bNWeq00Wrtq7pvZPzs9sHB21TvdO6ta60T66vaz2873HdSMknsMY6nrnJ5APHofXgYj5Y8ggE/d442nnKtzn5d3vxjoKkUo67lKjBHIHXPTp9P7vGPQ/KgIG0r94kAnp34BBHJz9RtIHOKbcGlyyb1vprro2m9tVo35q394d1Za3trfTtf5tO/Rb6WApn7u4gkFvQfTnqPbuQOlSqjBjjDAcsWByR8xJGBwexHcfiaELfMMAADA7nnqe3p+XoKmRhweCQBtxyDyeCOMY43ZBPX0BPXShGFpK93a17rrFJLqn10V+xGuu9km27WlsnffTXTa2lhEGCMA5U9h6YIHTI7EdcDquM1YOSASApUDPHzE4+8PbqeueCOMfKisSPlDckHH8QxnJyDx90kduOm7ilJU5U8Y5xk9TkZPP8AeJJ9TjvgHoXTTROF3pdaJb9nq0rdtdDPpbbV6u/919utvufTRjMMSex4buDwQD1PHbr25561JgryDjb0z0wST1GcZJ57fxdaiLHjrhQRycjv0OSy7ckA44+lKN2FJI3YOQeuDk474AAxkHk5HpXVFLut+zWlo211e1ltpom2026hCO929+t72avdW1fbR2WnUkBxgkk7ieMZx7DI6D1GCRj3FOAyc5JyT1xkDJwuAOcEnGT9KYoZfm4IAPy4GVGeD34Ppj1z1wFDEA4A4Prng+/r6c8cY6cSnTXMk7Xav2a01XXqrvRNauyu3Tbt7r3VvSzSduzvo76q+6sxQhGWG4En5tx5x2GDwMAHAHH54pxGMcDnjgc8dTntyeQOuc+gqETYIXJOCSMYwFOQQT1J3dd2Ae3AoJbG4kYLYGOfpjHIPP1x6jBLlUVl7zdr9N7ctrpO2z2e173vcne12mtbXSd720636dVa7s7XJiAuTyeue+QPTB46f4HkYj6gMQ2DwFORj1yMHoenfGPXFC/N0O4gk7SAM5JGRnkd8j68U9cYzkjBPGTkdvm56ZOOeFPQZzlprlV5Xb1au79E7ap36u3Sy1erLWfVve1notLea09beuowoGPTIxyCck9ee4OemCQBzkdMShQCCeMcEA4BzjoM8AjOSDzwDxTcgZ3Yx2Hfpx9efpjpyOacCCflHGenUZ446DOc8etWmrpbu/pvy39V0fT8km3ZLbT71p+qFCKcNnIZtpyvQE5OAOvIGMcAE4BzyqKS2c7s4K4zt+XPBHJIORnGeBjpkUxeDnqPTjseuffpjr1zkA1aDjgjnnHAO0HJ/QZz3xx6jGsbWur6PfbotrdP+HbvtnKpKPuxfn00V/v1t1VnquujQvUjjnkcemPx9QAe469amAB4Uk5X8ByCc9hk9QSQAcZ6VG3BU5zjqBkZHPJOCW3EnnOMDp6PRhk55yBjBOfqMZPHZgR07nIq76b7N6ea5endrXzSvrZsxW26vd7ddtdbO27V+i01ZOoJzgluCeoIxnB+gGBuwT1BznqkgySR1wDuzwuAeP8AZDd9uM+vSkUjGflAJPyhjknGMcZ64PPcEZIHUI5wMkEZ55Ugng5xyWBG4duOpJoirtJavb09V101t/wUZyTV+ytbby63vppvfp2TPLvi2B/wq/4kDOB/wg3iFTyOCdPmGTnAHBznJzg9hX8Emm6bGdY1mVhuQalq6tyQD5mp3HG3vnLYA7cYJzj+9r4uP5fwv+JDMCR/whev4PLAg2Fx1PUZxj5vYniv4PrNovtetOcBl1PVDtJOMjVLgjIAxkHGV4Azk5JwPg82Uo8Z5A29JYXE2Wlre2p6/ffayXZM/RuF4c3CfEnnXwm/Rckru+n3LV6Wb6cj4i0DThe3xeLaFmg+XeVjCkLjPIBJ6kEHjjggV4reeH9HvX1KQxF5rZpmjO9inyEYQE8kZ7DHbJHOfd9fvIZrvU4ywyZIC7feIG1efYfxcgnjHI+avHGlhguLyKBQVaGdjIyfKWLN6nls9tpxx6DH6vhp04qXOubtdX2aS01S1+7p1PjK8Hz07Ps9G7vm5NL662f36eb+qfhxaw6h4bsFuM25h0iEIsRKxvHHKQCWBBPI57/UgGvPI7a4bxVMbO8miC/bFZlkbEaBmG3A4dcgEHOTz6jHq/wpSOXwxE0oEi/2S0alMELIhZwpJwRgbc+ueTjaTx2nAW19NmKKN5luh5rMo2BpHwGBIIPUYJxnpzXThKkZUqic42c29Vdpr4d9FfXp1vc87Fq1azTuoQu2rbOO+na3Za37no3xoRbb4Aa95NwrNJ4bEU7OcuzHOduRzg9eDwOvOT/P78BJktPjT8K5goma38Tay2zGAAXkQAEdz9M55BwcV++HxmvbG4+DWq6RHNFLdJ4WvZpY/MiYxmCF5kZkDhvvDAOSSRjG7BH4BfBa4bTvi18MdRLJGsWv6gZlkChv3kkhGcnC5JwD2xnrgiFVjP27jZKMYxVrWu4yT1vp/ns3bTpy+hKNLls5tuUlzN31UU4u/pvq01fuj9tPjD4lab4beMoorcRrNol6srvE64coxXYdg3AE8kHB4Kgqwr8kf2S9Thtv2rvCV5LHM3kQu7BFLsVW0dWAXBJJyfk74GfQfq18YPiFpuufDTxNpltaJDKNHuY5HUQ/OQhIKlST15O04AH0FflV+x1qtp4e/bC8C6nrF3YWunQvK0k+pSpFaIptpQPOdl2hc8c/eyB14q5uXsJOnLmlGlJ3S97Zddd2r7+r6K8HSnHDYlTjZSqPS17LkXmnbt0vbrt+qH7ZPim08Q/DzRrW2hu4mXxFDLILi3eJgi25ZSSwBJPHA4AYthcnH59fsJXCWvx28bTqhkaTR70GPYSD/pik5BOcgADG3HOCcYJ/TT9vnxZ4K8Q+E/DUvhnVtBu3/tYvdxaddwv5a/Z2LzuigZjL/dPoRtGea/Lj9iPVdF0T48eLr3Xdb0vSbE6Ne+VNezEJPIbwYjUKrEsR8wGBgZAI5Ij2jeFoOo3BqTb11avG2trvmtq/v2ZOEpP6tioRipXk1GLVmvgtdNNuzTa0s79Eff37Xdz9q+HmhSx25gP/AAkz5faBwNOnG3kYOCCcjgg8jjj4v/4J3WV/qXxG8X2ejxm51K6trvy4RwZM3ABfJbhQQPm9R7A19eftceLvCeq/DGyXRfFOjahNa67HcPbWUjmbyJbZ4xKQ0aqI/mALcnPfnI+N/wDgnf8AEfwf8I/jB4g8QeNL24tdNjtbhFNrbyXbzyPcK6RMqDKLIFPznoPukngEJSjCrUpc05pNwi21KUmrqNnq7t6WW2mhSoSllsqMk1PmadotOzlG1ktXp7qt520Psf8A4KJeE/HOgeCvhevizTobJJr6/fTXEwkedIyPMZ8kkMDjBPJ/CvpX/giN8AdO+MHw6+OFxca9qmg3ml67YxwPZsCjJdCVpZ3QkBxFsJQdOwbnA+bv+Cm37TXwy+P3h/4UWnw9vLuI+G5b0anHc2UttCpuSrRCNpMBmAyrgYDZweKo/wDBKn9szwR+y1ZfFKz8Vv4pnm8Q6npj2sWjWUl1YPbQLKJvtOwhVkJbC7u3A6V4eY082xeTPkpzp5hKvG8KfutQVWNkldtJws3rezlua4SjTp0IU3dRjCTXMl8V1tF6reyTWi3tcj/4Kl+CfE3gX4z6t4Lj8eyeL9B8N+GbS60y/ubFbSaC1uY5Dc2TlSRK8bDG/OSMBvm6eW/8E7biRfhT4gnivUiNv4o1BgpTd5jb+nf72cjAJIx747P/AIKPftXfCX9orxzdeIPBOma3pUtz4Ug0d7O/0lrI3N5ChR7lTncwJydx4+YHAxk+NfsG/F/4b/Dj4b6to3iXS9f1LUpfEmoTGLT9OFzbCKQ5VjMXwJVGSF9TzxXr8PPE4f2MMZCpKuqEI1FrfmVr6NattbX0d07Kxtm0PbZbSVG0Xzxb05UmnFXSj8LW+nSz1Kf/AAULmNz8TfAM0twk0n/CF3LFl+UL8udp5+8D1wMHng5r6g/Yc1kaf8CRIJ1RH1/UHY7C+ACgKgjH8KnBB4xzwcn4t/bd8deFPiD8QfBWr+FbTWrKwHhi8sjFrNh9huXuAMP5MRZvMhQjCPuGScgdq99/Y9+MvhvwP8HIfDWp+HPEWqXM+r6hLNdWGk/a7RYZsDaJSQFdcDK4Jy2eScD3alW84uNKUVKaTgr86Wm6bTve70u1fa1jy5YaccDTg5R54xi3Jt2beu7sno0m77fI+Mf20des9S+K3jqeFyyQw20xfAHyohDDPc9fTrxxk1+jX7KNra3/AMBvhqWErEeH43jRS2CGnlbnoCcEcYJzgHAPP5S/tRatZ658UPGl5Hp2rabBrNtMttZ6lai0nhtgoMUrpliEfnYSfryTX6IfszfGN/CvwW+H+iRfDrxRrJtNBjgOo2satazssrZMTb/ugEdcnjodwqVXjDEpxpzaUUlFxu1pHTZ9mtettTSthqry+jTvTcnNSl8PaN2ruz731Xyvf4+/bRQWvjvxkhVox5+lABsk7gcsT78gY6DtnpX6y/s9+G52/Zm8D6lHqF8tuvg29klgQkRIVhlYlhwFLdSehJP8WM/j3+2F4kl8S+LvE95No1/odxdnTblbC/4kgjBADyEHJLsOmeQQORmv0j+B3xy+IVl8BvCfhfT/AIUS6pZQ+EZ7Kw1CDVfJGoK8Mge4ltimAsaksRklunclorVqjcpU4rmlNaPRqOidtr3v+F7aCq4fmw9CnUStBRfNzRUeZQS1fMktE9derPyQ+KyJ/b/hciSVSfE985LZzj+03ySDksWHJOM44HXNf0+fDn9mrx/qvww8KeLo/iVpdnYXmh6bImlS2CzNHCNMjdEd9xZSyYRsKCoAYkEgH+XD4q396fEXhlbm1jtrhNcuWKyushguX1B3eIgLtKxsQpwcEc9uf2r8J/tD/tTWPhTQND0rWfCUelppNpaWoWJ4HFqbONFG8KwDGLaCwG78yK48fDMasYPAThCdrVXO97JR5bXTT1Tu1eyWkl17HDCe4sRJRUeX2Vna7VrtdHpp0ur9T8r/AI9Ktr8YtDtXlSSSw8UXNvK0a/LI667JH5ijrtZgWAxxnB9v6FLbRopvhrHM/wBqEaeChI5DbYzjSgecNgr27ZJwO4r+cj4tw63dfEptQvltRfad4wt4mWKVnimnkulvJDuwAUa4clmAwEJGCK/byP4o/GyXwDFZnQPBaWNz4VFic3zb1tDpgQzBfJJM3lgvwRubIwDXfgHVVKcW1N8kVUklo5WV21eOrb6a7qxxZtGE62GknHl5lyc7ilZSp7O6TVl5u3nofjFol3E37QXw3QSFUTxs2G6nA1LC4PcsoAOD69hiv3r8fkDQ9TlEsoVbG+zvyVAEDktgDIBX7wOT2HHT+em1TUY/jV4Lksp4ItQi8WE20jxl447wXwO5o2xvjVzkDHzDHoRX7D+JLr4x3GkXsVz4r8PSm4ikssHSkCuJ0IZwQeCq5HBY57kKaeDhUnGVouSpxk+ZbKzTvtpfvsl10s1mKjKvTblFJ8j95vVLleiXNZdLq9+u9z8qri/DfHX4bISuyLxhaZ/2lOqx4X3Lcbck5yCcV/Rv8eL5H+AXxJEc0X73wbdKY8YdT9nO7ORuU5Hpx0ySeP5o7i01V/jboFs95aR6naeLLa3tryKLMUM8d2ii48n+JUbL7TjjqB2/Xf4jP8X5fhn49i1T4iadf2Ft4cuxd2cWirHLeweXxF5wbEACkAkDBPGMGufB0ZVaU5JX9nKUpq71V07LR3bVlF6dNbGuY2WIoSUkrqMVvtF03orfi9W7LqfnN+ylbz3vx78IwxfMTokoAKEjaqsWI4OTxzk43YwMk1+n37R2lXlr8JPGAlkJWbT4iFETDCeaAu5gvAGQcE8HHavyo/Z8i1wfFzw5DoGujRb+TSAsV8sSzG3VlJdVRiMhskZ9M56jH6DfGPSPiQfhz4kOp/EOfU7GLSzJc2Ulgii6CurBDLuPl5IU8AE9O9deFhVcKtSnB2Tcm+a1k+Vu65d+Xvvd631M8XKDxWHUpK6VN2fe6WiXTd2762Pkj9kTwjqXjT49ab4a0q7Wyu77w7eRR3LoZFiSFlLyGNSS5IzjqeSK/TL4u/s+eLfAfw/8Y6vqevwT2D+FtRDQRW8m+YxxPu8w4xGG77/UZYnp+S37OV14kX41aKmheKL3wvrDaTdPb6xpgVLy2QuWdE7FWwdw/izyRX6C/E7/AIWlf+BvE8Oq/GLxRq1gNEvmu7G4JaK8iEbboZeAQrHk7ck5/uk5zw8cXKNV0rezb96+sk42b5dHrZrVPv1NcbKi69Fyk1JRptKKb2lF329La9Lt9T44/YPskvvjFdxMCVfwheMxXaAFW4GdpZgcjOByQSffFfpF+1DpVjafAXx99madpI9BlZsOpOd6YLgMRgDjqfvcbjzX5Pfsl+FrzxR8Um0W18QanokjeGLuX7bplwbe4KJKMxGRTlUbAJz175xX2H+0V8H9e0H4VeKdT/4WH4l1GK109WezudUeS3n5XdFLH8wIYgHGeSeOoNdGGdVUZuFPmguZtX7uLklrq7Ly3suhni1ReNo3dmo07R5W3L4W3zLT8et+jPFP+CboST4y+Jo5DGY4vC0zSPM6xKhfZjG4gHDc43Hngkd/0K/bSjs4/gD4wNlNExYWQMSSRktulyduHJOOMAHhQR6Efj3+yV4YuvEfxC12yTWtT0yVPD08wk068e0mYqUKpI6H5kDfwtgAHH8NfVvx++HOq6V8IvFep3fijXr5rWxhmjt59Tmlt96PhA8THax4DfNlccgk1lTlVcKignblblZa6NXSs9Erau3XpodFahR+t0asrPlcOWNndtNPRrZ9dlbVt9DO/YRtdtz8SvPmt0iafSdz3TxJyybSIw7KWIbHTGNudqkCvo79rC1htvgR4witLm1lUG0ISKSBjlpCxyFcttI5xzgc9OD8K/se+BrHxg/iwajqeqQm2j0x1FnfSwrK8qtnzlQjfggBWI+UjqR09x/ab+Flj4V+DviXWLPU9YlmDWalZ9RmmgAZyCDExKlgpKluhI6joO2i5rBONuZWlLZWcb2dr9b3Xo+r0MsTGk8wjJrV8m0Xb7Nveb2fV8u2vUuf8Ezbm0g1n4kRahcWNvCdN0Q77uWCMhhI2UXzGAOABuC59zwK/ayPxH4ahaWMato0LPo93EAbm1UoBayDp5mDnjGOgI4JIr+b79iDQtM1/wAReMbXUnu5I4tJsHRYbqWImQncCzRsC49F5xwMciv0v1H4aeFGtGmSTUXdNPnkj3ajcZV0t3OSAwyB0x0PGSF4HhzpOsppylycui5tLJapPTbfq+y3PQ9pGnUppbpxtons42u777Nq1ulr7/OHwJeMfEyW1tbxG+2+NPEKiNQWDk3bMpXaGDBiMg7iCOx5J/d/x9ZvqHwh1iaYO0a/DHWgzCEkB4LJ1K7sbflwCxBOQe2ef5uvgHot1N4le/j8Qajp9xp3jW4s7JrVyTGLu8e3WQHl2ZVI3E5PGQOc1+zPx08OfEr4e/BHW9b0T4yatcaX4e8DahJqOl6jbLPJqaatbsLm2Ry26NVVmUccYzx28jNcRVowwMYxaglLVqWrUoapfDpZbt323tb0aMKVWdaNrSdrJczu5JWba921++3zZ4F8EdR0bwt8GdK1PxRaynSLSI35nstKN7HJEuoTZjvZNuyOIEZZCQcfjXz94G/aN00fFTxZeweBkvNHh8YWd7aLBobTRtpcbRB7YFRtRLmIbkQgM7PgDoa+ov2RP2sPgVN8B4PgRr15Y2l/qtxBea7feLLBHtFsZNslxHZ3T/OnzOSkS8Z6g4GN+O8+Cnwz1j4qp4Xl07UNB1vWNJ1HQNRMFvLHIYoIVxARvkS2jlUhEAABGWAHX4afEubLFYyhW+sQpp8uHmpTVo3ha3u7XWji0rWi9Ej6uGT4R0sPOMYOoqalVi7OMmkrqL6NX3Tvd20PzS/4KB/E/wCF/wAYfjFY6x4I8MxeBIdL0BLC80oaYLGS6vXUyGaSDPyclgrBeTzjkV+acNni2vRJfPFMJWMAO1UKKW3HAJY5HGOACuTnGV+u/wBqfWLbX/jh4r1K0ktXS7S1bzIURY/lhTOxFwF4HOAOW+pPzHb+H47yVroQhlimKbN7Lu3nOQOuAc4HC+v8W708PKtKnCdWU5Skoyc5Nt+81Jt7XtfVprey62zqSjD3IK0YPlSV3Ze7q2+ut0tF5vp5ZDInmgu0jPHJKDL1Vsk5OGwSfXn7oIxkGrsJ2CYKM+YRjcDkgjdn0HBJIwM+w6+g3mg2EdvfutpEj21uWU4JKkscnkfNyT069jzgcZbRBBw+CGBUDn+E4BHfkgdcEZ6Dkesp3irNu1t0r2ur7Xvvqunq9fMmpK7aV207re10tEr2t10utk7HffCMzyeONDRFDyi4KopQAMwxtB9i3GDxls5Pb9F/Enhzxo115i2jYuLCEeXFK22MYHOM4Xgcr9056Bs4/Pr4NqR490FzuwNWtlxwGx5inIPXnILAcDAHTIP60eLtReG+2wK8X+iRAPySygJ8u0HAOBxtHOc+hH3HDuEWKwlVSlKKjNaJ2Tvfpprbr187K/ymbYqVGtTtFNtWd7vRyW1rNaK2/btp8IeJPD3xA03xHNeaVDq1hfTWSgXNlI6HaGCsMoB+7DHofvcN0YkbWlePf2gfCjRMut6xMgAKxalBJcwhQvcMDuH1OOeCQSa+uIro3E9890qsqaIrKRjeG8+PLYxgHkHg84wDmvXtN/snUtJtSlpaTRiK3WY3EUbOcIASQ6DOeD1XnlScjGdbg7DZjiK/NJNxkleUFN68r0vrpe6d9Ot7HbT4nxuCw9LkbS5U0k5KzfK/hT276X8t0fGegftW/E+x1XT01vwtpmtyQOFt/LhNjK74zuD7cli2CccnsOSte2Xn7Y1i9gbTXPB+saZfSgLJJATfRKxOH2o4GFBIHQHlvvDkdF408MeGH1TwjJHp9m5/4SFEkeGBI9sbwuCrMgxtBPPJznAHPOT48+H3g+KW0uooPssyyt5yJjEybwGwpyGwHyOBg8nFfP4zgSMa1SFCpFeycdvcvJuNnouj7JLS6aR6uG41xPJCVSPNKXM9Xdrl3Sslq0tFdNu/VO97S/2ovh1NaCG41aPTy7wo6anbyQOjMMOVIUqBkjoeOx6mvRfD3xa+GM4uWtPG/hyU3EitHC1wI3QNk4y+BkEnncBxyR1Pjsnw58HSpcRT+GbW/wBPNtGUmmgQOJCVZ3aQAfR85bbgdOnyn8afht4a07xXcQ+H7SCzs/7MtLnyreR1WOeSMMVwh2knncuOOxODny8fwhiMupLEe2i5LljyQbctba66NaPv8S3PVwPF8cZV9k6Ks02pOStdNXtbTpdN9bXu0z9atP8AFejTJDJpXifQr3cpZY3v7QAnAwF/eg5AA+u0Adcnt7XV3aCJ7iy0u7jk25eC5t5CDzuICs2SSBlQeRjJHy1/O3NpN/aSOqXOoWxQBg0F7cA7TyCoEgABwOmeODgZB3NP8U+PrDjSvGXiK1W12lAupTsqkAYwpLAEdiepwMHqfn6tGonbVSSato9HyvVfNuzVlptsfRQzSnyawSba1i00n7vTVW03S62tqfvjrNzol3qmnrd6ZJZQLJJuMUZV3OAAcL1QHHC/KAcbQOa7WO28LNYxBrZWdYyEVQVfacBHA9M4yCd30Ykn8FrD42/G3TJ7aeHxxqN68f8Aql1MG5VeFyDv6gjGeScHJPPPrug/te/GzS4il8uiauo+RRcWSxycHBAc8rnrkZwCGxnmso+3g0lH4XeO7erTV1ta7aSvp9xp9bw1ZKMmoq0bNa62i2nrfRW323sfsvH4C8M3lvBKt9PEWzIR5iOoyckFSM5A9QRx/e5rhfE3wus5oykF5ZXyy3aRpDcWULBmY9WcL78gYKgZz/FXwzoX7bPiBLaCLW/h4j7FQy3Gn3rqXLY3FECDORgg5Kg5xwcH0WD9tjwURYtq3h/xJpcMdwk1wiwGaIxg8kuSBlQfQDJOMGlHFVvaNThOKurS5WtbR1ve1r/d8x+zw8/4c6fupXV4ty0imtHdPW7ttqe06z+yxpGpBJDaaasyfvpIooFjDucnKuD2HOcDPuc48K8T/sqR2mqND9mljjmG6KS1nyq5HIYEDG0Bc4Yc4XkV9H+Hf2xfgLrGMeMotNeSNdsWrxPAyEjhCdpxtPAwQAuOnQddc/FL4UeJyklh8QPDd5I5V4kh1FI2BwAvLlBk8AH5fTvmumGLqc6ipyve3xq+8bLVX8tfPRmDo07pzpRevW1/s2bdnpZLXXVfI+Dpv2XNRhDmwv79HbKRI9tvTcCc5YsQPmBHXnKjOSM+d658APFPh52je5gknmxJHHKpjdSTktlQV2/xbiQuOrcAH9c7PxD4VnsrWzivNPupvKx5lvd2sqMTnriUk5XBJ47DI5rzbxo1tLq0Eka2t8iaeUaKNYnMQBOWYqWBJyT1yQcHsQVcfWg5JT5+WySau/eUbqVmnfpdbJa+VUsHhalXkdJJSiuZxXK0nZtO/wB2mno9T8s4fhn4wgYtcaPPdRBxGssLliS52lwDjICnJAGckHAzg/rF+yH+0P8ADv4W+CdD+Ces+J7/AME+KW1iS/1CXUI4/sF9Yy/vPLMzECKXYSMuFXsOck+FasbmGKP7HZFLd50IkWMiRT2xHgZGTyc/LntkZ+D/ANoaO/PjgXkGn3EM4sURb+MSCObJAZWkUCNXPor5XnIPFebXzCUHGvOnzShy2aum07KTW706eXWx1yymk4+zjKShLld21dWs0ldWl0V29la/f+lP4rS+I/FHhHXNS8Ea7oXjbwZeadaQMJ5orXUYmeWN5Y7CWFpRM5G6MKSoJ/iGaSf9oTwV4S8J2OieONE8UeCJdDs9Gt2vdX0uafTUEKJsnNzbLKiQ8CTzHwAMbj0r+Y/wv+0f8W/hfZRaXofivV7HR1MUj6NNcSXWmTPCyth4mZsfcBJXouRjI5/QjwL/AMFMPFHirwvr/grxjo3hwReKtJh0b+0rxLeSOEoggd9lxG5CSxFud6lWIYHsNv7WoY1whzqmrRi4T0u323vbRK62vfy545b9VhK6VRqTlFwi7tNW1jZq9rJaLqttH4J+0v4i0Xxt8efiB4i8La9aa7o+qS201pqVoT5F0BEUYxnaCoDcEEBh1yeopfCTUPDvhnWIb7xNYpfWzaJqVq0BUylZpiwjbYRnaGIIO4HB3DJFdjd+AfDmo4v/AA2+mWW6ZCjW3lzW0p4aRQyfdRmb5QAoC8c1ymreHtStb6QzWDeUIZUW4tU3KW4IGBnBIB/h6npyAeupGi+WKlC8lo767pW0vd3t2Vt1be6cmlrBraNpJ3SUo66aXVtuietnYztctNMurOC4tESJJJJmKI2NsTz7lXgHDYOCcHkEnpgSaz4fsbnw7PmFHUCOONycGNhGTnjGc45A7sMc1gK/l2exWO9rgJudSu35gzKQ3OWwATjqMkYxW5K95JpUtuGZY5Zwj55XKoccc4IGCAM8444NePXo80tFdauVrNO9rK17Wlt26ddOylXikpO6vGLdtE21prvfVcz03uzzfwd4TlvtXayjl2RR2M0gGwcNtZhnIPUj5sAdyFBLVx0ul3dpqMkU1q7vDePEWCEBiWO3jGOMYHA7cHOa+jfhxZr/AGtdjG1o9PkG4jnbsIyMZIOOuc5OPUg8gbOO48QzxjkRXsUrENndgkFiSOWPGc8nHtXh4jLaGIquMlyLT3l3dk/mkvO6sj1Y5lWo0IuFpN2SW/SOnolFu+q32SscJa2CpvknBErMwkSRSFQAE4APU9B3GeMjoC3ub3SdShl0y8uNMlAyGgmcKwyM/JkcfJk8YyD8p617dcaTaymaKWCNgbxiCQA3yqMcsAeFB2jGCfYV55q/hd5L+zns3QyXE0ttFAwKqpBOGLY6YHUknHpXi1+H5Qi50G2k3aP2n8Or1V3677b2Z6GHzmDkoVLxv7smrW2jdN2bT6fi2eleGvjX4s0p7e11KCPWbJPvTKNlwUYAYJBJLbQMkDk9WBPPuPh/4j+AfFbouoSR6ZetujCXSiGRwcAp5hIJzkgE5wRznbkfJtvYXtpdrb3EEqNBIySSxrvjPGVycYALAZ53H061Tvo4pZrV/LVv35VpVwjZVs7soSw6ZBPHTLZKmvArRxuDqJ2nF7JNPWyjvbt2S6Lse3ThhcRTWsZc1teuijdLr1fkrWtdXPuC/wDA0N1azXOg3ay27lW2CVWBwS23KgnDEZyc56g9xyF9pl1YPItzbPlrYgGRQEACgHkZB5xjcc8jANeCaf4j8T+Gh5mj6zdpCML9mkkaSDLdsHJK8cjqSOWr1bRPjOZWgt/FWlCZGQK9xENysDgKxUjtjj5sHpjGcKOeVIP99FpJxv01vHqn16p6Pe9zKWWLmfLJb8332tJXTVm363stNUdtayW66ZpoCguqxpImcMwDkcjJ+XnGSP8AGuqtP7Pkj1BJbXGZbZ4xgfu8EZKMudoPQEnoQflPWtZr4J8TwA6Zq8VncbV2xM6qVbI4CFhg56DAAbP904uDw9q2nw3MikX8QIYNG6liq/cOOmeAe+cHtweyWY4fFU0uaPNpo2k9l38rfNpNamDwdeD5Vrs3JXas+VWt1TvfR7LRLQluNBtnur6QxbIlZJNhbeqo6LkMd3J3cg9SDx1r6t/Yq+GzeOPi/oNha2EElto922tXbzoHt2t7L9786YIcYBVQSMsPm+6M/I99e3kZkkaB4hJBH5qSbwuFBGMDOeFBDbsZGBjivv7/AIJ9fGTwb8LvH2pTeKbmHT49V0WW2tdQkTzUs5FUu8LAhgpnGEByMHGRWOHpYeWJo+1cOR1F7R3VrXVm3e6SW/m9XY5MxqYingsQqUZOqqTUEl7z5uWKceui3vqvM+lv2jdO+H/jP41X+i+GvDelLZW2jv8A2xLawRwzXOq2sAdpNigAlQvKgAfLjkcjzrU/2ePCXiPwN/wkD2keny6dotze27wMYvtFzalmWK52ghlJRVIYA9fXBl0DWh4m+N2p6xYOtzHrdzrY014xhJLeaOVY3ChTng/wjHYnnn37WNd0TSfhmmhm7hlvTpOsw3VqjKJo5PMlBLIWz8pABYZJI4HPzejHB4GvDG4icKSVX28YaKKvHk5HC1tXzNpL8dzw/b4vDrBYaNSd4QoTre9K9pP39Ol2mtW7a+aPz/8AFf7QGr+IPC3hTwtbeFtC8N3HhOZEGuaLAtteaotoBFGt08a73ACAlicF8nqa9I+Ev7Q/i7Q9P1bwufEupaTo3i3bHrVxNK90ImlfEstuZGZl3ISAAcdsEE5+RL2NUvZItpCmSRxk4wrSMRjr69cYHJ4BqzbvJbSou4srHkBjtbkH7ozjHrn5hwOM1/Nue4V1sVX9o+Wam4qaspLlcVFvlS0Wid1qrp3vc/UsNgcJPBQp+whKLalaoozTnLllz2ne1mk7x0ultofpf8TtSul+Fvg/SH8Q22vWsuqTXkN2lyLu8ZETbbLdZJaECHGFKgKB7Yr9y/2dMD4I/Dzk/wDIAt+RnGfLXbnkbs8HIO0nH1r+Vvw9d3d0yW8d5cCMMpaGSVmTCDjYjFlXI4BwDzznG0f1Pfs570+Cfw5RzyNBtyDxkjy1PJ5GeAAR1BGRwMfXeFUJYPMcwpzqc18LzcySSfNWh5d21fVfr+TeKWFWHwOXRU1K2LqNuyjrKCeqirabJK2yvdaHtxdgFBOFxwoLAHqR36jOep/U0xic+4JPBxnPOOwz2H8qYHznIBA4HGMbcFu45656HjBOCac0gI4IOR3wMN0z7DuRyefQGv254mn/ADWvZdNdUm35t3/4Zn4q0nfVra35f8HrbvdIXORjrjv0xnBI9OMY9TxgdqRl467OhPzZ56Ht7kZ5APC5OMNLE8qSQOrEcYJBUjPUZIGMHjPNJlSMgsp44OCBkENnB5PTHA4BwD0rGriLR00VtLt2eqtfvq/vV9ekwT50rtae802m1okr3tyqyXR7pdLIx+YZIwRnPduOAQSOdp4zwRuAIJGK0smMYyuCR1H6LjnPU5OMZxnFPLAk84x2IwejFs5OcrjJb0GOMc0ZJN3bGD2PB2jPQ4wBxgjPQZHPPg4rFys25xut3bZe7Zd9r6aJ7aWOynG7XXa9lu7f3vS123a2rtqPadRtUj05+vUAe+OPfJOQRiI3I5OM45I9z0/A5xnGM849K0sh+6AWABycgdcYyCD39OnHeqhcnBy+VP4jPcElcZ4I6EDPHQV41TMKsbJTVm02mrW1Svdt2Wt7t7W769caMZduze29k9G9m0l2T63StakulJIPygj7rE4OexPTuMArg89BwYJJwejZ6cjAz0IAwCSwHByee+ARilIRlidzEHGeRhsA5BOeDzjpknIyOtV5wAASDgAYwM7T3BHIyeCSwLZx06eRis3rLmV3ZKz6W+Hz2vdX777noUcLKSTirtWajqtWo63V1fre6eqJprhfmO7JXqp5zg52gYIwO+SD0J4WsyW6Y5JfkA4BzyRnGCDtABPy4HGOwziKWQksSSwc4wMZweeRjgkY57DjkAYoOMgqQc8r7Efw4+mR14BI7nj5jEZrWvaLtro22m3po9fk72tu9Ej2MPhFCzm9kny8qtqot25lf1vtq76Mlku23ElgCQQCoPODx647kEHBPAGarNMeCwGcjo3UDHI5/wBoZHc54OBVZl5KsMEqASASVQHJzjjkEZGPTJ4FKIwe+cZx13D+6D1wByCByOueK4niZVFzznK+kmm3oly7P8O217LVdqhDaNk7pu2nbS9l5aeumpK0vJ3NjIOBxn3POCAeh5HGajyC2Dg8gYAxxjgbgASMnOM+/YEgTGSSTnGSeM8FcdRgY6jOGGB6kuAHJzjcDgkcfzBwT05B49s0Ks3u5X1S1s+iurJuzv03e1rNFq6S66WtdrZJpJd9PuvddFGyBhjhTjK4PGQOcn6Zxjgcc/LiozG5UN91sg8E4PvnjBIz355AFT4H3euMdADnPB5HGOTkcYBz93ilIKqcZ28AgDt6nrk5H3jyMj0zTvdbq611T6paPbfs1fW21mNVHF6Pq/da6+7uvnfS91ZPVlHy+hDZIGRwe+QcDoSAAOpHYc5IZsOM5IHI5GBwcZwM8dwfxIz0vMhPyjJz2wMA9BgjkDHtjJYBcc1A0TbiQoIKg8Z6jGTjI+Uc88eoORisJSatbVLayvbZNtN3Vn1t9+ptTra2bjfTtd/CtFe7103SstNdoArbiWORjC56ZAGAwyDjof8AJpDuHG7k5wAeSevHboCeOSM8HpU2FDZZfQnr3bGBkj6YDd84AIFBzvPAAznv3BG09sDHBznH0DGPaPnbs3qrtWsleKtpv2urWX3m6bta2mzStZ7W66u+6bXn3K5JAAHOefQ9wdvr79BnP4tDMDwOQNvXghuvJGOo5AHsRzmrAU8A5YnoTxj9MEdG78/3e0qx/NknAHRuTjnk9BnuDjIHAPWumlJXvr0tdK7VotWta73bV7+RnKXPGzdtm1bR/wCFv1Wna7fVDo3LDDKRtUBSOOgABODzg8LnOAOK04WY4bH3SAQCMEYGM98jk5HU8YAzVGIc84KgHqMnBOeCWGR3UdscVcXJDDDYyOTjjDcgANwCAeDlRwete3hak4JNOTsr2ttotrPvpa3WyV7I56iiuz1Svo97emulr73sltc14iQeGJU7vmGdwHcE46c888g/8BW1GrKfmJPHRgD1JGQe2S3O3jrgVRgwWVcYUq2e5A3DABHIGSPTnr61qoqjDYOf7wPIPAPPAxntyOnPJz9ZgK0pKF5W0Ta9OXRdbdHr97tfw8UopuyWrSutOit5u6216pp7DN7DAD4BDADgnjHc9xknJPJJI4634nYL97OQDzw2V5LYxj6EAA+nOTRbC8KCOpBPc85P1I5Gexx1xmRCM8E7eeCfvEnPfJyCMAkADn6D1oVpQbd3dpWuu7jr0ezs3pfldkuV34pwpygl3tpbfbXu+uz2euiZrRzLgLnqoLD8ABuBP3s5zjpyD61O0qkdCG2ngDC+2cDOT04xznGQKywx4OCB90ADjHTae3Y8846AZ4p4kYjaSR8rdMDPUjPGT39jnjJwR6VLGS9mlKzXTmdtbxd7tW0Wtr3f4rlnRhKTlzO7cdGr228tVvrey1srIuowBJyT06gAjjoRkjB/wyOOLAyxJLAcAAgDpgDp05Pfn0ydx25RY5IAK7cHP97GffsOcjqOODkUu91557cMenvkfKQevGCM4Ldx0UsZKDkly6W0Vm1qtFpeyb1ul2fUxlRbs1Jaq2ut7tXei2f9avTYD8AkHAB4IyD3GDyM57tnnHpUysACCuRjB/ibk5JBzzt5I/IsODWKk8gJyQeowOhBHQdMkEHPC5GDnniylyegJCZAJAJBx689D1JzyTyK7qeZpSfNpdLR31el9W77WWqeuhjPDyW1nZrW+t9G0tYrfW+nw2dzU3gBQjFQMg4+7j2AwQMDGPrgHs7JJwT8wznnjGOSBnp649SB0wc5p+Nu4bsMclVzjOeuSDxz17Hr0pDPuIww7fNwCoOcY6ck9c9cEcniuuhmsW+jfL/LdNb6aW+7ytpe2HsJaJw0T37PTXrf1XTRao3Y5wo/iAGCB15AGc5AOe/U4HUdati4Rcksq5GcAjqTnjksSehPQHPOBzzSTyKc5DYOAM565yMDI3D0zyT06Zf546jJHTOfXJwMHhe5xzgehGeuGcKnHS3a12npyq1lp5v8bK5LwnNfS1+2ttUpLVXvp0s3ZX7nRLcKD1BPOOeQDnPGCCpBOcZAyfqLSXKKACRz1yRjg8Z/D8Ox45rlVuWDZDdQeTzn5uMkj7xAPQ4bnuTU63YwF5zjnac4OT1CggjcQfU+p616WGz6ENJSV2tYtaX93rv80/nsznlgZ9FddrWevLo9Htr0v5XudUs65ADccknJHJ3cgDoST3wMAnPAqTzBlepwepBBxkZGQw5PB6fNjJNcqLtR8gbkHOcFcc4PAOCPXOCT685mW+GSu4bjkcc4wOMn0xwCQSex4JHp0M+ovXnS17qz+Ho7/PW/4mMsFJLSLVuru9HZprbZPt118ukEqscfe2857jsODzzz6AHsNw2vZt2Fwcr909BnI6549BnH485HPJeHJ2tnODnuOMkAgjGPoBnjrnbYW8baSw3AZJx0x6Hvg5IIAAzx9O+nmtKUfiXTe1r6XtZpev4PTXneGktrrW7vdNbWd3ayu1orX130NMsRyM+pxkgH5s/hz7YycNk8G4r1H31DbRghRjJy3A/DjuARiswXmBySCcgDqAew7nBHQkfXuCfawQACWywGRkEjGD9CwIXOMBjjJrP+0KDaXOmrpXei6J7Lez6a7u6bZSw9Rcys1fra7tdemyd5aq9la1rmiWCggYJzktydv0GOeuTkdm5+UUpIKr0wDjGSvBAyPUA9TngA9eAaoiZT1YAAFXHJPGc4PI3AYHc4zjHeeOReNpym4EtxyeOMtnggjBI78jjFdNPE05tJOPTW+mttbdF0TtZv+XUmVFq9m9tn30WmmiXzdtPMt7BndwccYA7gDjnr6ckcgE5B55/xVhPDPiRskY0HUyxwRjFrLwMcEdeewPpW+HA3EkkEHaPUH1Hc+3pu5HNc34zc/wDCI+KTxuOgann/AMApsHPHseT6DPSuyu4vBYmUWm/q9Z78t7U21dWsuiTs/XUMMpPFYWP/AFEUU+/8Wnptot7f4rdz+dP9lCJ5NV+NGobyiw+NbIblALNt1K6LBTknG0EnauAMDjOK9O8c6xF4u+M11BDLPJo+ieHtVMCxOWSSZLQCVioymCxOOeSGALAceG/s0trGoX/xN8O6HDIl7q3iYSPqbE/ZrVItRuRKZGzgEqSq54OSOa+v73wTpmg+MVtLWQrcp4Cun1FyCzXF5JDIZpt+clSw9eOpO0DP8ZwlN15tJuKxEoyelm3K6a9E7X9Nkj+xcW6dGpeclKbwkfZR91OCVOipSk7+7dq0fV9D8eNKCR+Lb8EzqXm1BwyMVcA3EoQNgk4GB8vAz8pOTXV6nEs+ntkT4S8jYDzeSSQOB1zuxgjp97IxWfoGmwzeOb1ZpPkN1qKsShYAR3LkErwWCjnA4z0Genty6LoX2O9cOJnjlViGgYsQMYCL1yOM9OD82K+8wjlKjFOfLe1tLStaCS+Vu17WOLETpqcbwu/c1t0tFLXXW+7e+nochZyInh+6jM04Z7MqEMrYKgscD5cn7vOO559K5nQABOqhZxstnw4kKjLE5GcDPPPoeM9696sLHw/Lol1utpy8dm+HFsTkZPKjkDPAOCPUmuZ0q00vcFa3kMLW5AMcGCVLHlwAQBjPUjaecgDNehtyNveKWnyV3rzR3te9ult78HtKdSNRRpSTi9Lxs3s9kmkl6aX+ZxmpwB1tFQXEhBLlvOYlWwD8p6gjJIBJ64BwTiLSLcr4i0s21zchX1HT/NUyNtZTKmdwAIycE85YHpjnHpl2NGtrm3WO3lcZdQjQn5mIAAU9OCcZ6nIyeBSaZBYJrWki3tJ42e7hZmMGBkS52sSSCAQRk568c9OinzJ6NJqSsrv+61qtWm3vbvrscVSSjGScHrTlq0mrcq0stNdnu79tWJ+1ys9z8PNExc7lbxDHsXd82IoABnockcHnqD+HiGnXuqw2GnxR6s8MElvao4VyAMRKcAk/KvdjnjgZAr6Q/aetIpvAmiK0BwmuTPjA5ItweMHAzg4z0z6ZNeHabZac9haGSGVFlsImi44DqoUMM8Z+Xj0GM5PNd+F5njcSnNX9nBOV2tXFe7rfRP5b30OSUqX9l4S8L/7RWsktmmruz0Ssls0uvk/onw7cq/wR1otMs5+z34JIyWbY5LdtzHIBPOcjtk1+VnxBjWTVoQVC/wCiINuDnJ4GdueME+nYd8D9WPDlrDb/AAV1uFURgYL4qc/NzE5ZSMHn5ccdT3xg1+XHj5I/7cjBJBFpGhGQ3XcDkcnuPfdnvnHnYuTg6nvXtNtJPa+nq3tre17N7HqZPGMnUajKOt7Nbuy110d/LTZu5yHhGOe3vWe3QbjZ3SEqoP8AA5OBjtnkdBg45Ixx7aV5j3EkzoJGWRto6hyxGD1HUcdRzjgCve/hz4bbUtRumRljhtrC4kkJzwTC4UHBLEEkjdtOcgEEgV5dc6FeQ3lzJKBb2okmWW7u8wxeWsjHMan5mOAcAKwIwc/MDXzUazniK0tE/cV9+ZX6aperdu/mfRwUIzu23ZJOL0iua2qu3dvfe3bs/rz/AIJ5n7H8QviC6Db5fhcB3Y4Ay8RyDnvk7uvy4OBwK+fPihZWuqfGTx7LcSeZu1ScFkdQuWfAyeueg+mPQgfVP7BejRHX/ivq1oJZbWPww0KXEiGOOV0UuXi3bS6FVyCB1ZiOOnwx4n0Sy1X4n+MLq41fUYJLnU9RkZIZnCDy52woOTjjGOvtgYr1MvdRYybtKUfZxUbJ6O8L2XZ8v37vv4uJ9jUxFeUJRUoqmpSd9klppum730fXpqb3iALZ2dnZ2BV3CPHIrsgBjwwAOcHDHB3EHtyei7F4nneOvDElzDBIv/CCwRNudERnEZXbksBncQMZzjPQgCvGL/SNP+2vGdWupN6gkPdPlF2nKnGFzgYOcZOfUZ6nWdP0yUaBJNd3bomimCF1nk8zMZHCsDkqSOmSRwQM5r7TDSqVKE4TjJv3Nbcrgo2Wl3pfS3r3PncRg6cMRRqRnyqSrKyvZ8ypPm1btazaTV9ddNt3Qtcm8AeNrXxVoWoDw/4k8O3MN7p12twYxHdRyF1R2RjuhcjDoQV2HAGCa/Ynxd+3N4G+Jn7OkZ8U64IviJF4i8KS+ILa0iKQ3EdhIPtFzasBhw6AtgkFDk53V+FN5Y+F5ri5Nwb9bjauxmmdtxCnG/dljyBwc4HrxXp2mxaI3wn1Hy8LOuqQgSMmJ8buA0nLbRzxzg5z1rlrZTTxM3U5Gpw0ulFSUXKKk73a2e72ve2hjisBhMS6E67cZ06kHGULRk2pKPJJ6qzspWXk0tD9H/2vP2rfgz8UfhjoOg/Ci/V/EWheKINSmkuNNWCXyvs0KzhbpVD3DSOCApyBgHnAr8v9e+MHibUNUlsL+/uzC0a74YoXeEjbgh3PQbT6AgnaowBns/DPhzRpLaweONvNkkkLSsBwqrnceAMHhlLKTnJ6nFcfr+iNDqE1/wDagkZuzbzKEUsYxwT0I2njPzD1wc5Po5fk7w1Kfs+ZqXvXm72sl3SSSVtt99TmhSwmGjHDqVSpGMpNc0oyk+Z8z15oWXbSyVrKyG+Add8OGS4bVJoIZBNN5ReJhGsZOSW+QjdweMAcnnpXb6/4o8KNPClpqlnH5ZQSSIm1WQAAAEhT90jI7DjFebeGNMu76e5TTzazWkU05Mc8SNJIUJzkHGQxB4J5PQ1T17Trf+1IQ1ojzEoGUIBCCpIYKo4XAztOcHJxjJFfW5YsTDCpP2bTfutpbe78NneXeyadmtNUzjxcKU8Sm1U93lv/AC291Xi7++la7d72TvZO79r/AGbfH3g/wxN4+fX9cgtG1DWPMtUCyP5sQwSyqinaceuCSeQc8+5an8afhFudm16djk7ilvMRxkdfLG7GeQOuD1Jr5l/Z70rT7k+NRd2NlcTR6wY4zPEsgiACnEYcEY3dR0LHuK9k1jQtMx5cemaeJeSNtrDtIzjaeMYGOVAzxng9P0TI8LjJZZh+SpRjGzesG2m5PVtNJNvXtbZ9/jM+r4NZnWU6ddyThGbjNRhpCFnH3H0fV7nzvpnxZ8AwftXXHipLy+utFh8LG3BtbWRroygHpDgPtwSSTwSO+M19cN+098K4VkAs/FE4PJ/4l8m0kAtn5lPPTK8YwBn1+JdG0dbf9p6+ijtbVFj8ICXbHFGIyXLKSEwVODjPHoeOTX0zOlnDtjltYtxBzttolO7nABHI46gnIBFdOBwuK5MQ44iEWsXUTfs7q/NHmabkrpdb7976mWZTwk5YVzw85SWDocsnUtoknqlCzkk1132W1vnX4v8Axs8FXvxx+B/imy0jXZrPw9rUl3d2U1i8M90koAaO1XhmcDHy8EY+8Nwr9G9H/bk+F2i29zb2/wAEtd1O4muvPhvZoil1bzliyMMK2GRjkMCT8q5XNflf8cUD/Fb4QKEIH9pZCoiRjBfn7oUHGMng8qQFzX015V6l3mEbLbzT5jMqv83VQM55J4HzKOpzg5rkWUTxWJxSnXnFwlFT9muSM3KKd3G9ra+8ndbbmlTE0FhsHFYaLiqcoRjOT9xe0dtrc19ZO9rLsdZ+0N+3D441TwvrN9c6N40h0K/aw0+bSLq+lWzisTdx7ViTJDyqowu4cH8AP0b+Gf8AwVon8OfD/wALaDH+zvfavHpnh/SbJNQ1GZDLdQwWccUUxLo2WKgck5AyCOePxX/aJNyfh1fJNMjJ/aNjhVwP+W8eM4AGeMgnjIPQ4r2rwvbzzeGtAAeZQujacAQ2Fx5CY6EDCjjHTPTvXHR4UwdTHV6bnVThShN2a153o3e6Wi0Wln573i8VTlluHdShRUXXqRjGLnFJpU3Fq01fS977J23u39xftE/t6TfGvwPrGmf8KEg0OaLTNSkj1A3i77QS20ivLGiqoyuS4zkcfL0Kn40/Y2/aquvhb8OtO0+2+Blr8QprbUNXH9r6nqzR+atxdMzRLbbWVBGW2g9T0zwMU/EtrcReHtajS7IzouoFgzllwbaXCkDgDjAOOAOVOOfBP2YTND4RtImLODqOqFTG5VFzdvy27oTkALjA59a9KjkWGwlSlhVKpyThVlaVTmaacLtaWV09UrXaSVtjzliYywteXsYL95SSXv2bUZKLfvayUX7q2e929F+rU/7f3j2/06ezsf2ZPCdhAIZ1ijk1V18tZImVmXKjON2TxyMA4zk/HP7Jn7aXj7wTp3xM0fwr8MPCDQv4/wBa1HVJ7u8Hmi8v55XktgGVvMSBiVRg2QBjitpzcKrM0o2mGfgtk/cJGcAjJwMHgEAe2fir9mtle5+LUgVt3/Cb6g6lWZVB+0SqRjuB0XnHAwpHNdcMpwmHxGHheSjUlO/O03aKi731dtfO9tzGM1PDYtqlBzUaak2m7++ra32Wi31e/l+neo/toftJa0txYx+HvA2naY+541lj+1tFuJKlC6jhPQgfKcDg14Non7Unxvk/aKhhN74f0zUv+EdW3a7sLERWhR1JVGtwwRiQCC5IwTngZqhbXmoAMpkh2GP5Q6gHZjAOeMgYHGQR0HevnCfUrqz/AGj1aF42YaLCOvVTFydpG4YBI6DH4iu/EQpYJYedCUot4inFatvlbXMnsn2116WPEjlmHx8MbDFYWlOLwdV+9T1TaVrPdWSv2vq2lZn7i+DP2l/GOq2dnoWvP4Wj1ExqGtr20hn0/URn5nUyZ8p2OCwU8HPBDYNn4ta78QfEOmeHG8G2PhvSb3TdfsdfOkQ2kU+nak9kjlJAgJGMHJQZByFGDxX5pJrE8nltcOIZcs0ckcxXaQeCMEFT2ODyAQ3Brv8Aw7+03rPg3xd4I8NanGus6Vrd49gDJLi5sWjP7poXwxYEA5JxtGM4wce1VxmCrxj/AGlh4VIxcVCo4pyV+Xey3Td3K23ofk+N4WzXK5vFcN4idPlvUnhJym4zUY3kkpNpuzdou2mi8/bvHX7Vf7XWkNc2ky+C4bWV3EUSeGY2+xlBt29TjO0emcErxwPh/wCMf7TH7Snibw7faVr934RfR7m4tILiGDQYoZi4lDI+QRhd4VmwOdv8IJNfr+sPgn4naaktvc2qagUKNFIqeerkL8kiMAZQrE5OGxngDHHxP+0F+ztdz6ZNJZJ9mdrhJI54U3WsrxurKCyZCMw5IA5IPasauBy6zlhuW0o2jaV3b3bK79dV1v6I2yTiifNRwucYZ4fE05qM5TpcsHJcvvpv4dXezbtumfLlz8ff2kLLTYok1zwkV+x2kcCL4ficxxxQqEzyDvCAccHI6cccRqPxp/aFvdJ1A6h4j8OeVc2tzC5XRI0dQ8ZDlWLHGVztC4wceoI9M1HwjrWmQpLLZpOsawoTGNrxPGgV0ZGGWzzjHPQgk9fLvFFvMun3ytY3UCG1umV3UrGHMZwScYUAAjjJznjkV5tajCnCbUpJKDTV7P7F7trV72f6H6ZhMXh8RyTpKlJ88bOSTV7xd/Xtrva21jy34deJPibpmk6Ld+HvEem2EFve3UyltPWZxcPMzSuo3EBGJ+4cjg9TX1d4R/a4/a88GSPBpfxO0210+RWiW2XS4Vt2BwD+6yFDEH14xjGDXyt4LkubLwrotzb28rxRtc+dIArxgJI+454J4BJ7YXOBjA0ZdYup7s3sqv8AYZJCNhdFUMCuSE6j1OOoA4JyD5ijh50qV7Pl973nblTV9Xo7a2/zvp31qdapVq81OElOaTtG/url1elmlezvo3Y+nG/a5+M3xR8Wr4W+KvjW11Sz8LwxSQXNpZR2Dw/bmw7w+WSQwAADdsD151vFvhTU9aKaxpPjXxFPCxMqta6gXeNSoO0hfpwSDyPTp+dx8VWVr8SfFpKlWFpYIH7Ehsr83ygc8ZznHPQmvZvBXxfv/D2oIItQSWxeRfNsppC8UifxIjEYHAwBnsegIA7cox2Ew1OdKpTioutK84/EnKSXN/eem7s15u54eb5JialSFfCz5ZKlBOmlHlUklfRxSScrq3zve5c8YeGNTPjnwlYjxT4le6kgvLmO+bUJI9QtG24kEEy/MqOBtbBK4AB6AVNfeD9QluJTqfi7xbMWVtks2t3hlI28ZbcBnHr7jp07fVvGOieNfib4S1HTLu2s5oNFuxPazFEHmFTwo+VWclSBjcSQRycmvQbjTob1Imkljjmzks4UK44OI+xDDGc5BHfk17DpYDFuU406VW1T3ZOKeiSlo3d769HZ9Vt5qxGZYSMIN1abcPejFtc2t27XTvdu3lq1c/P74x+B47Oy8OtHrOuzmbxBbL/pep3M23e6kSRFySsq8lXXkFR05NXLnwTcXCwRxeJvEbtGQIxJrt8FVTgNgCQDsQDnjJHvXqn7RNpJDB4NjgWSVH8RwpuhgLbGypwwUMOnrxyR7B40bUQWf7JK4dRt2WzllPQbiF+mec98AdPOq0aTr1IKEGowhtHbRNu2ttUvu0039mNXE1MFQk6s3dzvdvXWK0Tejj1btZXb3PJL/wABNa6bq0jXusXck2n3IZjqVzN5hWNm/eksdy5U8Ejj14A574F654q8J6N9osdf17TLtrie3i8i8YxpCruwARshQcYBA4znpX0t/ZV3baLqTT20q7tOuT5rW7qqZifhiQ3U5xx1x0zmqP7Kvwb+HfxOnuV1Xxh4k1K6t7hzN4R8OaRPdXBJuBHJ5t4gAto1RiRISAMHle3l5nVwGFpqrXUHCMXJxcU7J8jtq021tazd35nt5JPMKsKtKnWqQbmrNT5bWV224tXsl6a3O48LfHf4sWNxZs3jdGitJ4nt4tRWG4UymQfNKGHVsANnJ65PGD654IvtS+IvjbxvrPi7WLTxNesLSMwxiOO2t98SFkiiRQoVT94hsZ+bjivqfxl+x34a8I/CXxb4t8NfC37Rpeh6DfXx1TXfEEsmq2lxbQPKsptREwO3bvKNICoz/s4/KL9k342T+MPiVrfgdPCEtrqc8aSRSaUs0smovG4ijO0qCA67RnkDnjoK+djm2UTozr06H1d0G5SqOCTafLqmnqrdZdVZan7rwNDEyjOhisd9ZhXjClGFSo6ipzUk1ZyukuW6vLRt6NvRfoC/wo8Dq7St4b055Gy0gaPC8jLEHcAx3A88HGRgZyfPde/Z9+HHifxtY20mi6ZYO+jyOBCNpuSkgSNZhnouAB6YGcd/r/SvBHje3f7Rqvw58Q2sHkq7PJCxUArlckuMsw/gGSTwMBuPKtU17wpH43gMxuNN1y3064sxZz2hZosShPLkAOVdn5JKkqA3NedQ4ry2pOU8NXjUlTaXLblcXeNpvpy9U2t9bn6cuDsJjMPUpuGGmpxac4OHPzO1veg7pN/jZrc+TvFP7KOmaHePNbaVFLbSEmJbOZm2jBIwqtgk9M4UggA7T0+ZviR8IjZzaEi6KyQyaxAkkzxFXKr8yrIxIwQMgcAMMHIx837A6fq2o380VpHo1rqSoNvmofKdQ5X+FgM4DfLnocZKkiuS+I3w303X/wCx4NR0/UNKiXVEuJZVXcgeJTyNucg5AOOxJ55z9hg+L8snRUKsIOcpQUlGzSl7qdubS6Wja3v0PynP/CvHU8ROeChL2coyk0rv3rR0TWqSejfqndNs/MNfA0OlTNLYWFskR3ZzaRzNu2kNksu7O7657dATwniF72HV7JEsoyZLWe2ci3SIFGmjDBVVRztJAP65wK/SvxJ8LtLeBo9Ev3uG3yB0kieHgABvmZTzgduCR82Ryfj34lfDTXLLVdJubOZVltXZmgcEoyCYMSzBfmVgACSRhcgcnFfYRzPJsWoSoU6cmknZKLS/hqTTas3ptfROy8vyDG8K5tl1ZwrqcIuM76N31irpt6rW91rbu0zmP7G0tRDEun7BGkZIMURw4TcTgr1+nJ6bhnJ+yP8AgnlJH/w1f4SNsYk/4kmpwCNlSLOSi8ng4YcHg88kAdfjfxfc+NIY5BaWmjxSFk2TJgOoKYzgZ6YyTwR0XA4PVfsVXfxLH7T/AIPSz+xQ3xtdQxcuSALfcpeMYAAJAKhhnGSTznGmd46jLKMXh4U1BOje6Sik1GPLdaforuztfXwsuyatDNKdadXmfPF6PVrtv/nZv0tlf8FEvA+i+If2/vFXh/WmvvsV5eWV5O9veSW0xzuwY5o8bckHHsCOgXd5zN8Ko9HnuL3wx8TfH3hv7IjLbwxa3LeWxKkom+GRSGUBRwRzhgSRwNb9v/xtJo/7bmtax4ntrrTpbTSLANLbRPcrczqCqzBVAd1Y7jtC44G0dAfOrL4s+AL+STyfGNtY3E8aNLb6nE9qQSuWG1xlRuOMEYA5POMe1wzhsrr5ThViqVKUpU4Nykk3rCNtbq2vZ7X1108PiR4yhmNb2E6igqjStJ8rS6NLS+/XXS+iM+/b4zWHi2NNN8f2fiPVdS05pFu9d0qPJt7c5FvcMGVXVuDvbawyTxyT1EvxU/aO0d45PEHhbSPElpbqu8eHtcuNPcrHkRolupZARj5sHgNgc8VStNc0zUfFuky2uu6Xexf2TdDzba5hZAwBCrlmUAsuBgkHPboV9Ig1CGWA7XGFKqzrh0YAjLKyO24Hvg555AB49RcM5RiYzahGybSScXG+j1Unaz277Wuzwaua46h7PmTd0nJ8rTVmusWmtdF36dzivh1+2F4o+GHjfxprWreGvG+hT+Il0qSa3tfO1iOwhtpBiRkPMwfGN7fwgDjJz98+E/8AgqL4T8SXA0vWfGcOlQPDDFOPEWky6euExvzhCATjBJxk5B6DPw/pctrJ438Qxv5E+7Q9P/16I+FMzAACRSNuOT78dOnQXfgrwnrDSRX/AIc0i5Mip5heyhBdRjOXAz/ETgEAtwABxXi5h4ZZXmtFykqcH8PNyJyajpH3lZxsrKy7fdtHjGtgZxhKNRpxjzJTfLqk37r5krre9tNrI9t174y6X4o8b/EPV/BnibwtqWn6te6bNaw2mo2yx3cflIJPsvnyI4KZJYY47dgWftTas2sfsq+MtJvraSAvL4emkNq4uIBA94pcTzw7k5JJGWwDgAHt8aXfwT+Gd7qviG3OhRad9luE+yyafdz2jxF4xuCtG64HcDBAOMDnNeLfGjSPFHw/+D3jmXw38SvFZ8OSfYIb7wpqmoSX9jcbbkiERecC0Yj2ggrjGCcknFfI4nw8nl+FqVaMozjh07OzT/d8q+7Ru176KyPcwfFNLF5hhYtSipyp3i1vdwdr8zbvpvra+muvjXjXwxoVl4IvrazhV1W3injJjU75GSMny26nkbTkcE8jIrqfA6r9lheRSjw+FtMG0DjiWMbTg+vBI5Jwc5PH5zan4x8YzR+Xc+Ibx7YqJYrd7ktEq7QDFjrkKSvYY3DJPFfon8N7LXLn4f6PrEFmmrT6joFu9y6MEFnbw3QVHLkjLEqpAGQMn7vf5fD0ZYWqnUnzOo9fJJJt67vRJPRPzP0StWWMpK1OUUrKzsr3UY66LTbySab1un+/UUQT9iXT9wwDpVmc45y8sXPOONpz0wRkA8An8ytEtoBc+HvMb9xP4olJBHysIiSSRgDbxnII7AHPNfop4ou/EehfsPWB1fR/sNy0WiLAbWfzYvsUiQygsSRiSRTyM5DN37fmPoup/bLfw/cweYYU8QXiiFhjEm07snqR29zgdM17FO/1OpNR5rzautpL3Wmu6V9tPLuc8OSFSGqVnF2dr8qavq+zvddN1pt3njbQRevcwWbRLbS+Jo8hAo5ePcGBGOFyM8jr2NfOyaEy+JdX0poxcNc65awLIh7iQAAtk5GANxPJJAB5r3/wzfSakdTglljVI/FMR2NnzFIjzkE5JAGBjoM+oyOFgMcfiu7jSFXkfxMHWU4L/uSQMMwGMYzweWwf9muOgq1OMrxVnJSjzWunaLsu909+itstuvEqnUnBxcXKS1Xd2WiV79d9r322PN/GmlS6PqeoJcRrDYNqa2jAYYxzohClfYMAfl+v16nR7/z7yDStauwGXw/dR6bfqRsIkiISC4GeAwO3JGCSM5qz4t0uXU9K13Vbk71XxBtjLNkxSAnBKkDOQVHBJJJHG0CszWtNls73RZ7CFpzcaGY7uNEAAVYiC8XBw2TljkZAOc5GIm1UTT0nzJdLuyi76bXWlrbX7u2ac6Tuk1STjpazauvNrrbS+l762PSNM019E1H4eJgsPsjkgYdSzRufkOTlDjPTgYXknFef+NJWlFrwzA+JpEWMKMZadWJ6DAOOnXI/Ct/wT4gihTwhBrU3m6eLm7t7e/mbM+nuSwSNwTkRBgVDE4A46MCbfjHQZYF0C4jKTW134paWGZGzFOhkByrAkE8cjr0HAzjjpTlRxEVVvyvVNO/Vvd9LaW0XmdVbkr4X93bm91cqWuvItdl1v/wb28v8bRmSz8WNJGG/0jTIGU8bcFQc9TjHHAY/gAT4/qmlvayW9zbylBBrUHyKMldyArtxnIPOVBBzjjjbX0B4s8h7Dx7Gw/etqenBBt+4gkXJHr0xxkE4PqBwc9nFKmoQKwaQavpchbACxo8fJBH3RuIweOpx616dFwlFSi01o1dNWbUG09Hvp/wLXPJq05KVpL+VXtqleLtfWybSaXyvs35MtzqEF3qeoxwGG0OrWcWpuIwFDBsR3KAcAjJL5x368Z9ClsgupWEkdxHMlxLc3aTRMDE/7oFGyD8rDkYAPQEqAfmxL6wmtovFOmeYzCTVLYA7SUIbnBI+6D1BA9eSvNUvD96fD+oiO+hmn01ppbXa+5jaTToFEkZOcK33gBgAe9ZvX3k9U46K9lflbva1mlK6e6W3ULWaUtb22aV7NXeltb3kvW68vRtLiP8AZNqzYMn9lazOcEDBYkE468YH8IB456YxItQm0WfSL+CCSZo9EjkaJI3mPysxYqONoU8g54PIPFeinQ7ixKR+WfJPhG7uEI5LJPyj4XjJByTknIIGeM+OfGO61PRoPCKaO0tqJPDkbXckbBXdA7tjofvfdwee+7AFergU5qML8smnZSW/KlK1trenZLYxxTUaMpecb20d04N/JXWz6dT77/ZGuZ9f1PxTqd1HfXUsfha/dMRyRiFWRswHkb9mDtbvjPJGD6F+0TqenahZ/DmwhF5bTw+DpQ9xE2x4mM8u5nJAJVQpCc8k85FfEn7Hfjzxguq/EBf7buxap4OneAIoUrsUDa4K9stzyeB07ejfth+JdX8Py/CG6026Zpb34f2090bhsxtLJNK7Dy8E7nJzz0JA6kE/H1colW4tnHmpxjXUbtXaS9jfbv3ul8mfR082+r8OKqk5Om/eTa1XtIpNWduW1orW9rrueZeK9blj8O6naQ3j6kdJ1Sxkga7keV2M+ElIVhk4UfNyQoAHHSnfDb45/HP4e3GqN4B8WXfhywuLqCe/gsUlWK+jVTsjnhQAylQDgNgDkqCeB5ToXinW9U0fxDq9wLAz2rafhBEoQ/veA8ZLKxByeeSTznIIsr8SfFGkRedA+jL5t1GBm2ifIAViDu4IHHy4/vA4wM/pmHyigsulgMRh6eKowqKTUlBxd+WSbi4yTtK3333vb86xWa154542FWpRlKMVeEvejBWVuj3S5tdrHWeMvHmu+J7O68WeIvIv9f1O7vbS7nlgkWeQEs6zOpJJYuQFY5ODg5wK+l/2M/EOrnxtaWK2NlF5WgXM1yRCzGSCQHY7l8gOC3IHbA4xgfE2v+MNUurG4vGktnnXV0BUQKluqzqu/YoUjksc9u47EfVH7FXjPWr/AOKGpade3Fusdt4avPLaGFY3cKW+RXxyNpwMBuT0UdOPPMB7PI8XTjSp04whaEYS92MY8lopKKsrfy26rQ9HK8ZCebYScqkpVJ1E+fVucnZPm5t9r2v3uiL9tS+u4fjnps1pDCt0ulaVPE8qlUYwzxuSIxxt445xjj1z5Z8VNI8bav4f0zWtR01/sWuzvGPsyiVpxHAVafYHIRFxjjGD0753P2zfGGqWvxkOowpCJbfwkoSO7QSsMOI1zwMHIO35euCOtct8RPGWsTfC34bva3N3az3FlO9yLZtsILIQ3loxAAJyxYY5BHBIY+nw5T5crye6g0oKLi97KPMrJJaqV1K76X9fOz+cZ43MlFvmdTRrpro7LXrrotLttq6PJvCnwoc6nb3Ms95BEkE0kUWxT5jElQJGDEqvODzgDj5gePrzxlo9jJ8Lfh5YrcJBdWQ1Bd1tJGfMAYnDvkE7VBTC45YEk5FfIHgXVLu11y2aXxBe3EU9pOXildtu/YWZD97BJOCc4xyCcZPq/iJC/gPwtdLJcEm71Zjm4cgKJXwQAc7QAdoGMHrgYNfUSjRWJhONKMlyq8e0bJPW9l3Tvo2r22Pl4OpHDNP3ry2UXe6UdVu99U3Z3e1tvoz9mmCKH+23dBMYbGdWEjAscSH5m543dRn6cAc/PX7e1n9p8W+G7ywhL/ZvDUDy+UQAjDGCTnJOBnP+Jr2L9liZZm8Vl/OiLaOwAcs2CoADNj+8ckEAHrtwAAfDv2vr94PE0WZ42WPwvAQrjIJBTB2dD0BI4BbI6dPz7HyjLiTEShCPJDCqdtbtxhFJ7uztr8tNz7VO3COChKTftMXyq6d936bKz3XTrY+XvCS+MNQw8PhvXL6I26iKWDR7uWN0AIG2RYtrDIBU7sZx266F94Y12Gwubq88P69pxmu1VJJbC5gV3yDtQugAOcHAOc8FcNx+2/wE+I/i2b4OeC77wt4M0CeC38OafYme6trWEXs6xqrTIGhLEseNxbIyw6EbcL40Hxv4v0Syg8UaBpGkLb+IdPmSKzuLeJpGc48vKRIUU7sk5KgZxzivyh+J+IhmNfA1crw0IUsRUoqcsSnNqDUVKyp6PRWSemnkfQUeCqEsPQxP12rOdSnCpKPs7KPPGD0kpPWLemltuyZ+Ntlo/iB9Mj/4keuvHHcSRmZbS8ZW2gbidkZG7HXg8k15/wCKBNbNMQ91bTR24Q29yzxTbiDu/duFYYPUNxnOR0NfsP4M8S/FDw1qmpeE9L0zw1cWkOt3gtzqXkTYjnjdjsmkhIbZ7Nk5xhjgj86/2i/D2sw+O7/VNUtrRHvLaXctlGhga4TJl2bcKoVmyeAMkEqQQa9zI+MJ5riqlCvg8Ph1y81Oca3tG7WeqUYtadbu2umyfLmeRLBQjVpV6tV8yUoyg4KL0aakpNOzu0+VaW1b1PkOxlu1ZpJfNEqRO2QMgAcDgk5wAeoySQB0BHrfwc8T3Wg6rdy3F6YNMvLiP7VHzsnG11Cuo6cnAPTkc5rzZ7HUTfQ2zxNA81s5COBGWUg7TjsGAyG+62Pl9B7v8APC+maufFNtqsCGe3W1S0VlEh8xztyqkAZXAJK8YwMYxn9Ey7EwniqHvRlzSWt9Oaylsm7qyt0u2rJnymLozjh6rk5XitU273Si7Wv1V3fd+h754cu/D+o6RaJcmwkZ9dkbynlRcI0mFOHOVyp6njcMkDNdQmiaCmpaj9nhZV/tS1ihMTh0xIjb+VPzA4xuzg7crzweeT4O2Wrx3AsrmET2tzMtzhmgjV40yqxsjfK5yVIwQD/DnmvP/wDhDvFthcPBpmtXViqET4kuHlEjRsUDEkHdgjAOCpUgjPOfuqdW8rSpOcYNRTTTtonZJ3e9r9elrKx8liMOoK6q8nMklfZ35XbTS60b08tLnt+l2unpYausEbvLbNqMW4ggKEVT1J5xuwT13ds4IuazcNbeFtJtra7u7cH7LLNBHdSeQ7s5+YxltpOScAqGUkHI6HwS2PxX0pry1sZLfUhidrrdCHdhIq+ZJnahBZMAnAwDzyTVa5+Ifi6LTbe11rwtIVUxRRXNu7LujictlVUMG+bLNhuDzjHNdEqmEnJc9JQurKUoKTT0XMkov3tbJ3ujiqUcZGPNh5qV7aqp0fKtI3WrbfXS3mfZs9/PH4dElre3dnKPDqrI1tctE8yElXSbYVZlIJGHyADk8dPmn4p6fbN4XsNWV2S5nvoYmYvn91xtwoAwSzbtw5ZmP1Ni2+M+lXVnLY3dnqFgx0oWKGSBmVnxncXByBnpwRj73FYPjjxBpGveENJtbPUbea7TWII2gDAOAqryQ4GAPUcH37rELCSo1lS9lzVIKEpcihJ8vLZu6TbtsnpbprplhvrqqwddVOWM7JO7ivhcndX0eml+q0Z92fBm1W38EaLdfaSsbaPeq6hsYYwk4wAOnI7Hv3wPT/Clhtgnt2mZopFWeEP0dnxkgNx1IXjqRzkkked/BRba88Aabaylo55NN1KWMAjaSkWzblgDjA464z2YV6ffRvB4fgaGUpeWtrBLbgAruLM2ULKD8pIyMhh06gbh+cYqXLinGEfdcldLVJpdLWv/AHrWT0s0fpGFc5YWMubmdoWb1XM1F8trWutNFfVbN6nz78RLOG38U3a28IXFmyTg8Zzk7ienPBPB6tz6/wBs/wCwICP2OfgMB8oXwnhSRj/loVGM9uPT25zk/wARmtX0mra1dXM4YyNDJFNuxhXVMHrkdeO5HNf2+fsFAL+xz8B1JGF8KEevAmwBjrz0/pjivFz6SdClorttpq+ysrbvV262s27936aTUaTk1pJJ7dlta2912buz61DEBcAnIbtjlRkA844AbrjjOCOcu8w5UcggcdQM8k/hj645z0OFUYXBySDnkAZ65zjn1yc85A5HQ8peGPfrgDOMDP8AD1ByDg7cc84NfJJpu3ku9l5adr7r9DZtNKzjey2VktVo9++173b1QbyxIyC3QtweDjPOCSASSBnHQjOKcTuU8ZJ4A4PtndyC2BjIHBPUgja9EAx0AJ3LnrgdBwM56dCNuCQSRTSpBPOMEEYXOAMd93PIxgdAeT3ZtK8dHor37XUdHe+/XW/XSzsKMrK7001Wu/L219L666EeQSBnaehwvQY785z06/Lt6lsct4wSrjb1Jxy4yMAE9MHhsgjIODwSZSgJGTzzkA9hyehxnAOT1PPqSGbACAMFCcMOC3y8jGANuOvuOcDgUR100XmvOytbXZWv+ugm0lrZPe2lr6bW/wA3ayWmrHZYck57gY7YBG0dBkEH65HWndBnJxjBJOPlY88cYPU8ZPUgYzlFUcE4PBJAUg4JGCufUk4AIzjHGcUBQD2wp2H9MDHT5lHAHHbGSa3jF6X7W0bdmuVW089+99U7XMWrptWWifZdHfo7bXtfdJXTGs4+8SArE4HfHJBI46jceecD61ERuByvBIBz174GQcAHAyBjHTtVghdyMAerctkZIBAOeoI5PHXPAPNRsckMdpUsexy2COQAvBzznHfGDk1vBqLfLo1ZarRXSsuur2ukrJpu3wmEm+vovXTXTvv1tfYgEQYkfdCjAIOQDnkY9vmGOmefrGYzhlbjI2/7m3PBOTwccE85LehNTEsBkDKnnJGCw6g89fbrnJ7CogxUjjaeDjGeuMnJBJGB04IPOe1Um1opxvfba/w3ey1V7yTvaz0Q7xslrd9dlJe61q+ml1fZa2fRRGVByeSF25wSuDnLd8nkE85zyOKTa3UnuzcHjPbC84JxzxgDAzTjkjAUZBw3XOfbJzkc889R1OacpK5LKQDhVByMjkFj3JGOedvHasZTk1K7vffX0W612/BMqEr3Sutb2vo9r+fTZvq902RMpAJ5AB2ggZIAJOSMZOO/ue3AqE5AIJ3KRg5UDGDnPuemVGRj3q0xIAAADAEscDB44OW6gYPQc9BnGRUkfDBjkAkAnr05HHtnkjk+hxRTqKzTV1JKSV1vpfTXRPTdrZ7iaafuu2uuiaSXLbdvz7b32WkDZByAQvQ5GSCCT7EHrgegySuBQuOTs+Vj1zz2BxngDHYEd/X5pmw/POBknPHzZ4yM+oGTgg8c8cNKNkEEEEjsQD2yR06cA4OQTk9K1T5ldtxl26W916pNX05d76NtJ3uhNJtS1j0XLd6cq62f2ddd726CqA/AJCoMgdjkkcNgZI9B1GT0zTXT5jt7ckEgA/xHbyfwHqMjtUm4AbgCQc557ADnoTgYB68k8d8Juz1xk5PHctuU89eo6Ekk8DFNK2n3+q019FZK/Tq7Me+vquz8+V3fVrR6bakbZPUjPHzYxnpgDvkYHX0A9MRMjH+fyjGMc5Gc5OSRjoRkY6rVg4xtIyQRjb6E5wfxJPTsT61GxBG04JyBnGeuR6Yz1PBBx6jAqufl626230ul3XTS7dvxYKTT26pq2r+xfW7X2Vd2vZ7O+sAUgcAk59QMem0hhg88nHGeQabzk45xyMjIwORg87gOnt1HGMykAAZyeq/N3UY6Y/4CfX3+YkIRlj754XuT16Z4J+Zh3PU9TTjUk47rXay1cUtXq3d6XdradbbKVtL3T91t2e/uO731unfR3956uyGkhcZweSfcDGQB94cnjJ/IYNQspI2kdBjgjPPVh3689B06VMNoOMY+XIGMYByRnjPXt0xj6CJ+eMYGcj1IHPI7jAOMDAHbgYLpp9Gkuu+q/wCDboktFoKTitErO66y1sk9V5cy2atv3ZWaFSTzkcgHJ3Hb39QexJODz3xUccZC8kKA7ZBG4AEjjB5zkYbPIIB6dbbDjIyFzkjr0xjtzyOD6cckZqNlfGQq/MC24nGSD02+h54xnIGc81mm0le1tEnpbZa3b28kr2JfS/pdK+3LonJtvS11dW0XmRjcegycgcruGemOnIwcL698HrI3AOMZ9T/snB46dDgAYyOD7u6k9M4zkLjBye56gYIIHb2zTtuARk5Cg7SM5JJJz0zwMnrgjtmmpx0Tba8r36fg3bTXb7xWX3Jarme67vXbq+nTpAFYZwRj749cdMDkfNk8DOAe55piqy5yRjPzcKcbgeRnnsck5IbvjpLlWB+XI7lugA4578kcYznPNMYMw/hwV5wcLxgfQg+nOT1weDas97K2ztvte9rX9PPVkpybShe111e9op9bNaWs76NtXvo3cABkc5HOODjOcr25zj09yeGNmQkkkglcDlWx2zt5wc44APQ4HUy5Vm4BJJYgk5I6/KPYZyOnbAzzTfLAII79Awz94HP4HPPQAnnHGL5o6q6ulqluttNLNbrobO/u2TVkrNPmu3y3k77aSd3/ADdd2KrHgkY5PQg4J9R1443E8n+7Stk7iDk5C/dIBGOMKO3Xt7FeM04AgEAEE56Y4C9/TI645O0ZGO6Dy1P3GOckZBxuOOckkntz0JyT2AiVrJxal1bv3s79+vpftcjn5rWt7rXxNX00tFWlK8muqu1otXoh+X5jjn7u4BuoxnHPGeoxng8HpUTMSSFAOVOQRjgc7hx9TnOT8x7HErso24VjgZOF5yT7k4A6kdB1GOgj24OMEhhuwenGBgc9z68Adzg5IrzX3u62+7ra2l9xKWyjolZvvayu9ot8zbV7WbV72dhyhiMEn5vm2kDHHXjP3gMnkAd/m5FRMpBI8zGFBXONpx1/E+/OT7kVJtO7OOQcdwTnqOhwT3IGM9sjhHIyW24AYLxznPrz065Pceg5FRe3Z6W80o677bt/juapWs2m1u5czuk3Hovd1V3ZWS3d0myDMgXIIO5twABBC8D5sZ/iGVJyDkjHojAsWwck8HAAIHVu4Oc85JbGQcYbiXZwFByWG7AI42nOckcchcrjg8dxT9qqCck4IPODuJ4PJzwcgABvfsRVXVk9PK7s+l+ml/LpqmF02knpbvd3bvq+qSa7bxbs2kqmHIIDDJHbgcdB0IDcYOMcZIxinbSepUdznnAPRs88Eckg+ozxUrcB+MbdoxjIweQM5Axkgdzjn1BRSoLA87v5FV57gcrk4Iz1C9jDbtG9u/y91289tdGuwoPXmTk17m9nsu9/nJb3u1e6K7pnbnlMdRkADJ447ZHJxkcjPQUzYxOVKjblcrkfxcZ9B19s4Pep3baVUICNuAAeBjgEDB6cAdc9+C2YtwHJDe2R6Y3Y9eCfvDAwCCe8ptuybXRK/nbp17+nffdSukrXStbX06eq7LV2bI2XGDyeTktjHoMD8DnOQQc9aRudu7kY3DA4BBHA54Pc4Byc8ClMoBUhQAxPBGW4zj1/UEn0IOQ1mB5+crkKTgj6jpgkn8eCByOL5WuqV+ujd3bR3369+vcG3te1mul9uV208tdLb/cwhSFyNofOW4DZByMe3Gfc59MVGVCkHkYVx0PXqecDOeOMk8jqBgzEgkLjOWB9DlRx9eCOM9hyCMhhOWYnqm7BYAHkkYUA84564yTkqM4pRS2bt17PZX17f5XWlxRUWuW21uln9l22u9d2u2rIFwd2VALYJOMAnvzgE8AYzjk8ZpxXGAOCoIGeeT0JI6n1pwZSMAMDgA5G4BiRnBBAG4jI7k468imZwxAQnBHrkABh1IOeR74yT/eAabXW6Vu3aNra76+jbVtSk43e2iV9dUtLba66q93vo02RPHkAMcFMnC8Hn1I4IPAII4J5wc1GYyBtAy23bggHnPGehIHucnjg8mpy25RhB0xkg7d2euBnr0I+YHsTyAwAbieCMg+oIGOO2fbBHrnqapN310f4aKNrPvv5+tkZy5Y20V9k+7utbrXyf8t/IqsjYAOPmJBBxkk9eT/Dx3zjg9qjZQOSCAc545A9WOAQMqQDjjnI5q8yhiSNvy8jGMqT0GMnOASc8/d9jiMqTkYA2qBnHJwCeOpORyDxtz1GQKpSirX623eur7fgu3yVkmmt9G073utvLTa33K25TOFHAJGSDjBI6dh3HUjOP4jwWFMDYx8oOM7c9852kr8xB64xux/wEVbYZGcbskbiMgHjnqDx8zA5zndzkkZjKDGPm3ZLd8dQQCDnBJzkdSMD3KlJOWr+fW+m/VX3311uVFvRLRWTuraXcbNeXLf79dNqZLEAcsWJVxzgA5AIPGPYcHnqMYLthJJJCAHAHqV5JPQA5xjpn061YAwwJBUcNkjhiOMAYxzjru29s9qUohY4BwVByQOQRyMEsB6cY6dccUnNLa3S9m3fRadLWfrv5Dcm01bXXXRq2jsn6er0+6ELkBjlR8wJ55JHbJ5Jzkgevp0YRtAy56kY5zyRt6dQM8nA4wcA1O6hRkEDJHpwvBIXsOOc84Axg9DDIqgZ6g5JGOu05HtuGScnGeQCFORN0tbtK677vl9fW19W31VxR5lflSV7X5tO1uj3200eut96TuckOw642/MM8ZyeeBggk4xjJOO9O8urKzge51DULDTrcKzGfULy3s4uByBJcSRq+AQTtLYGSQCKtyjc3AbAHXIG44BGPbnB6YPsBj8af+C2HhzVZ/2c/BvjPR/GOt+G7nwlr12rafpd1cW0GtQ31uYpFvfIkTctupaVASyqwBGSKt1IwSblyqc6dJau7nVnGEFpq/flFd1dXvrfKMHUqKF7tqUm0r2jGDqTaSdtIx6aN7X3P1P1T4ofC/Rby3sdY+JHgnT7u5CNa20+v2BknDnaGXZOVAJOckjGDnB6KPit8I4jtn+KngGIhztDeILHquARnziM8YwOMHnsa/z85PFGs3kWm3V7q+qXc1vAVhu7nVb2SdQTvTH788AgYABI/hI7QXHiTVpX8oapesEDSZe/vickZyAZtw9CAAPbIr7X/UXiTkhOGGoyU4RlH97uml0sr2utd7dDwP8AWPI1Nxnia6cJOMv3K7q6VpPqmk9evWx/obTfHT4I6N4b157r4teA4pT4f1d4kOvWW+4c2cyxpCFlbLs5VUUckkAZzX8WnjXVo9Q8fanqMbeZZXXinxPcQuqh45YZ9TneORWHVWVgVPOR1LDJPwJJ4p1mS5sYbjUp5kkmtogsl7dN5eZlChQZsEj7xB+XAGQRiv0AXw/MbTR7yeWOby7OzZIlOARJbAnc3JZnbhj1yGyMkmvgOMMszPIZ4COYU40vautycs+ZSsoN27b9Er9dUfoHCGJwOY08dUwVWpV5PYSkp01G3vN2Tu3K92nvr6nZ3tv5vhHVCLMyGeTR12sG2qjXcKiQ8YABOAevfIzX5uftePplh8UtrBriS3t7Z5YoDna6242KpAOCzYBHQ5x71+kfijXX0jwBfQROFudU1DQNPIQb3SKW8txuTONpB2g4wPpxX5k/tOaetv8AErVfOkM0gngXdL8zqPKOSRnIyR1I565GRX0fB9aFTAx1TkpuT5buyXs007Xdumj2S1PmuME45hN7RjGC5bPS9rfe+i179z4a1TxV461bV4NJ0LTTavqt8tjYRQw+bfXcsr+XFDCAQTK5YBVBOc/Q19keGP8Agml+1D478L3niz4jXM3hHR9Jit52g8Q3ck2qR2c5DRGDTy5VC8bKyjqDjPTI4D4CLpbftM/Bazv4FuLWX4k+HIpNxTEazahCrMSxVc5ZsbhgnPopP9XX/BQXxjefCzUfH/hj4f8AhePWbRvCfh+9uLm5uUkjglmitiIvlzh5GOFUYOCvGAQfqp5nhKGY4PCYpS5cUpN8rlFRUeVKMkmlZtrW8ui9fh8XW+q4DEYtycVSScm0nZe6tn80m76Wv1T/AJ8fgh+xt8J/CPx8u/BOt6dc+OpdO8FWGsu2toDZre3gR2lW2YlNisWVRzkY71+s+lfD3wj4UtksdE0PS9It1jXZY6RYwxuQBgDdHGxXOVBG/Ax6Amvz8+E3iTxL4r/bZk0vXIP7Audf8DaPb3NvGcPHEkSTmOPBG1QikZ4AzxjOD+32o+HdG0vQRc6XaxoS0Ua3LqXuJWyFcgsAWO8HnsCSDkDHpw4jwWCqvCYSletKV4vlTSimknKVnK+m1vwR81j6sK/sJ1KsmpUKc0o3XMuVNvSySkldqz8tT5W1/QNVHhjXrmz01bCGDQdQk+0XpHmYFvLkhSSATnjsQcA968U+BOm6hcfDLw8ZLlYjJJcElByy+fIBjIBCnk+mCBx0r7X+Imnz2fgPxdcSDc7+GL9grDJQG2kI6AgNyoxtA47AGvlj4D2jyfCzwoRGQfKlYnGOPPl46DHYjg+y9cepHMsTXqU5zrK6pNKmlZLWDv6NbXd1bRm2Dw2HnQqKNJq1SOrs+dqPRvWyW/m/M9Oj0GBGR51kuMKq73OVJI7gEDrjHU7cH6eXeOrOCH4pfBYCKFGWTxEzBF3HG2MAFuSQo6ZwOvc4Pv4sJJFCKGYDZwM4IA4B7kkjsBwMYxzXk/xBTS7D4l/CO71S+07T7Ozh8RNd3d7dQWyxKVj5YSup2nIAGDnOAMcFSxcfaQ9pU5V7SDck97Ti3ZXd+l21fbc6fqdRKfs6abdNpaXb92y3slaSSW+71O8mQRTSITktI5UbBgh2Y5bII9Tjjr6815Z8aLqLSPhJ8TbtoiIYvBesyOz/AC8GAgkcAZHPI6nBJPWszxv+078EPB8ssEPiJ/FupK7gad4Wt21GZnVjhSQoRSWO0ncSTknAINfAP7Uv7VHxH8W/Cvx1pvhj4e3HhHwxd6PNZ3+q684kv7nT7sqpEVqP9Q0iYGQzHkYPYfSQzijKVOhTcqkpuEOZJte9y3V72u720vfu20jwFkeIcnWq8lKNP37yeqSSfdX9PvXQ/M7TNXZ/CeiWMLyJbi0uXkiB3CXzbmaROSNvG4kKOm7aCSCBLEQtvxBIzPaylgUJICocc9gM5PBwQR7nmLPw54kbStMitdWVYm023eONbbcIkaMHBcE4JyCeDxjOMmtW38G+KfIJn8QTxYtpGVY4yylCpGDx3yByRjqOTk/qFLMo4fC0qMcNUTWHhT55NJN2Wzcur+7XY/nDNuD62LznEYv+0aCU8fKs4KFSUknUTWqjy/O+91ue3fDdZpNA0rdGyodxV9pzxK6gBcbiOT0BHOBjOKwPCt7GvirxyszMqxeI1Rsxnp5S5PuM5yT2B3ZzS/D3wr4iOmaOjavfhAJZEWNnCCIO/wA6kDGSc/LyM7h3BrmvDfhK9v8AV/FUx1vVEaLxAyzi1JZ5G2jEspODlvuheoyMsO+M81qwWWfulem22vaJNvkjZXVkrSd3otOzPTwnBcKss+bxzf1qlGEmqTXs0qkZbNpva1tNHZ6XR9c2Mlm8QMalgQnGVXAwDwWZc4PODg4yeO9pEs/lc8sJiVYyR8AHcAo3ccdRxzg8Y48iufhb4hvIY5bbV9cmgCopMt48DBSoOUUZyAMZJHOM7cYNRL8NbpIY2W81uR1aQyGTUpkCmMEsVOdu0AEjJ5x68j3ZZ7X9k3LB04Jxdm63vWsk/s3e/Vtdj5Gn4aUIYqnUjmk7QqRkorCu11KK0lz2121btdLpc6n4Y6tpqQ+JRcXdrbp/wkl5hbmZEJI3KSm9uOOByRnk5wMeoR+JNAhwjatpsRVyeLhGLKVGOhwDnjjOOSedor438F/De612PU5N7xj+27uIXElw8gDRsw+ZMgO7bSSxIzznGcj1eL4K6g00RgjgnUIgeSRHXJyMlVaQnHJck9CDgHmsMsz+vTwcVTwsaig3r7Xa75k9FfS+rVk9dT1s+8O8Fj8xq16uZVITkqXuqkpWUYRjZXm27tJ2d+mt9vYL3xV4beG5SPV9ND/ZbtDmcZyY2xjGNxOABzjpjuD5T8PPFuk2PhS3t59Qs4imoaplTIu4lriQqz8gjcCMDrjqR1p8HwVnBui/yRLHMZGWIbIz5bEMv7znk4G3j3BOTR8GfAmS+8M2+preQkXN1qMQDxRBV8m4ZdzBpMEsQDu56kc5FTPPalTG0ZVMLGLUJv8AiLW7ht3T+WmvTTLD+HmDo5diaMcxnJTqUm2qdmnFS0Wret76bKOx33/CbeHQqqdUsdzDIIfkMT2I7DjsOowehGV4m8XaDc+H9bhj1exMsmk3qeXvAzmF+emCxyB9COcg0h+A13bpHLLfaYBHGjKoMJbGRzuMgBIHUHGTgDOaoaz8FootL8QXkuq6f5cOkXEwCiJmc+S37tQJCAMduhOQeTkdc+IJTpVYrDRSUGr81rXW+urtfy7NtWOCHhvRhicPVjj6raq0Zxiqej5JRlqrLTTWzbvuYXgPxloNl4T8PW0mqWMLx6cE2s/zIwJOVIBzjaCAWB4I4GK928IeNPCl3DGZfEWnIkcq78uRI3GTgkHOCOAAcHgDsfH/AAB8ItHu/C+hXMl/ocZu7FW23DW6vGW3HALS5UnuGHTAHcV2o+EmmWUodde8MR26sHdEntRIMkMvAk5PBJzkfKOAV5yw+bSngoQUKaapxWs1q7RXNv8AnG/bRMea8B055hKuquJd683O1NNe/O6+y7JN73ej2PUv2h/FXhG6+Cer22n69p91KZNPZIEdmmO2aIs2SvCgAswIxlTn5hg+BeKPGnh688C2MMOoQO6QacjoqOXYrENzY2jK5HXIGQ20DO6uk+KmkeH9O+GmroNY0Gby3tQqLJAZ5C0sfC7WJ+UZOVUbsdu1PUj8Ox4K0mB/EPhaG5jtbAyRFovtDN5akqwAJHIw6dcdT1NfK4jHzhmFe8qTcsPDeXVt3ej66aPT5n6FlHDdDC5XgoP6xL2WJnNLl1s4U1Zpxskt1tf0PBofEWlw3UFz9rjaOO5hdvlfcAjB+68A7Rg5PrgAgV7P41+Mul+JbX4bWVxd2yJp3jnSpZZAkoKw27KPMJ2gEgcEfMzEg5IArkYj8PTLJ5viXw75KSIwiXHPT+EIScdx65AznJ6nxFP8PL25+GWmafrPh66WfxnYyztaQZ2W6PmTzcIGMYA5XkkLkHOAJr46rSpcylSbk6S0e15x+S76vRL1LzTI8LjP3tWliP3NGu43SSXNSaurx1bvole/VaH6jR/F/wCHQtrWQeIbeWNEijJihmMgDRIuQnlcgbcMDgAZ967fSv2lvhvYWkdnb63JLMmIto06chQOWJcIGPPP4biWClq8vjtvgvHaql14t0CPmPAs9OkMkaCJVbBFu3Awd3uOOwOQfEvwX0ATwaX410+9aTeXMukPLJEVyDyYcn7wxxnPGcjJ92eczlrOtSgnCNklK70hzL4lv3W9lorH8XZh4dYbMq84Qy3Na0XWlJtKMYtuSd1elba97Pbe2pg/En49eDL7x74T1q11dybOz1mGeY2M6b5J4lVEUFMkBlxkZXnByeT8v+KfGfh3WLzVLy71C8u0eR5RH9nlRFV2wcJsGctxx1OS3QV03xG+KPw8tfEXhy9S8fUdOs1vkmmtNEJb7S6qI08oou9Bjr2xx7cDqHxZ+H16z7bLX8TZZ44tBQLJk9eQMAgggHoMD6eBi8zVSUoqrH3nGTfK22tNH73funrt5/sXB/hfQwuEwMpZfi4ezoOEITnBOK9q5Wb5bu7k77JfNHBweIPC0d4lxBHqDMZVJDWLlGI+VFVcYA5XnnIBz0OY9R8XadL438FXCQakY7ODUmkRrZozIxibEcSgYwnBPpk8HmtJ/iJ4VN6kdho/icoZM7ToaqenCqc91Ay2Bkc4OTXP+J/G9q3ivwnqVv4c8RC2tba+RoXsEjmlklj25WMEbgCDuPsOT1Pg1sbacL1LpVabVoaLWLfpG2llp2R+35RwfhKVGs1h6iqfVatNynWi0nOk425YtWvda6W6t7r3ez+Mum6TboIdC1i6372dTbtuXO4YVsZReAcgfLnnvnhvHXxnn16wW3sfDt9AGLM8c08sYIXlcHBUZIwGIHbI9eYm+Jk8iqsHgjxPIHUgv9kjRQrO33irZIbGd2eF/DPO3Xi3UbyC6ih8GatGSxJMpjUhSPultxPIyQcYGT1PI9ivmHtKcYRqyStZ8sJaaRtq0n262Vla2h+eUfDHJ6OOqYqWVU6lRzbTq4nmi3fVpSkr6326uzWumJpPjvxY3ihmj8O3Mk0elJBGFuyGaIyEhw2WxgcHPoD0BrvLnxF40dZivh/UAGQDP29gMHAYhdp47k5AHODggV5TZeJNesvFd1c23heed306KA21xckYVWJMinBbHOMDHHIyDXo8Xj/xisAWPwTC6hWT5r7APO0HGGGQOufzPJqcvrKcZwdXEXjPpCT25brb/P7tu3POD8FUlQcMsyxJUIRXPUgrOKV9G3pdp9L9bbOsE8WXcJZ9Fv8AImQnbflnbHIAzg44+Y89SOua810HT/EiePvFZGm3KTyRxS/Z/tux4crlC7EEMMd92MjABBJHp0Xi3xmwLL4QiQlkY41DHGBwTjKnd/ewcHk8Zrh9E1bxnF4+8TyweHtPe9u7a2eSO6vWxBDhQMSEfMSecfKR046noxEv3mGcXiZJ1krypvXRLrHXa1rrTzHk+S4XDYbMISw2W028KlJRqwaaU6ej3stI3tr200PTrGx8UpEZDZ3SK6cMuqNkMMg5BHOCMnGRnjpmtjSYvE6MZEhnkbcFRW1Jirk4zntg4+bAx83I3HBxl8UfFKCIQweF/CxQZCmW5y5yDnGR0GOi5OTt5yRVqy8Q/FFJcnw34V3s6BUNx8nLDKgqCBuBxk4+p6V6DhDkcovFXUWnFwur26O2zeqv3OfD4ShSqUacqGWuDk03z0tG3H+4rrXdLS2vc890661+HWfGNstsTN/aUcsyrelFjdlICk92yc8dh1OefZ/Cug+L9ZsYZYrBpF3Mkjy6rIoLryQAB93PC9iOvIIrxLQB4+uvF3jB4NP8PJLLqFq18jSGRIpfLIVIvl5UgfeAABGBkZNfVvgW7+Jlvapa2cXhTcsjSATQh4wV6LggZGR0wOAOAcV89QnWlTq+7X1lUUW0krqas3qtFb1b+9/d1cty+lXourHAqPs6M5puDlb2dPZqOyT67q2lro9o8B+CviJcR2Qg8IaZd+Sywl7vU7iRXD8hnUREbRksWPCg+2B+if7NvhP4xah8IJLSPVfDfhnw5pHjLVbe5Nq73U0N0ZixQLndIgI2H5RxxgDmvlf4ffE/9ozQ7Qrptt4AY7YoEiuLCMlgcKSDIhOdpOWxke+M1z1r+1L+0Z4D8G/FHwpoNt4ItI7XXbnU768S3UXcF9qSmctZ8HEaLwG4AYbSBk4/KOOMmz/HUaccLSi37ZSj7blaVl2XNfTVJapLbqfs/hvnXDWDxlbnqUeSVBRnToqCablBRb0V1dcur0dn2PPfHXh/Sr7486jb+JfGOo3jabrOpz382kkWYtpEVwjbPMyqk8dDjd09fk39qbSNA0ux0JtO/taVtUkmeW8v5/NluhHI3kFCpP7sKOScE9TkDNfGPxC+JfxC8Q+LfEnie88SahZatrN3LcXUkFw8X2iWdiZWAUj5X6qoIAUEAAZxs/E3U/GEvg74fW2sajfX14dLN1FczSGQrC+GRGGTtyuMnO4k5UA5FeJh8FjqLwEKtbldOHJXjFxs5civypbx3Sva2/W7+5f9nOeOrUqKXtajqUbpXS5o8qe124tW6NX7nt/7OvxQtvDUXi+aSznmnj+yC2WNh+7iUgFd3BCk4DJkhgDnd1r7Qsfjp4lv9CvHtbvT9GErwNAE2zXTKcfM0YYsrAA8nALZ4Jzj8YfCnjS08I3F/P4h+232l3qRx3FpYymKaSRGHBcZKkHoScAHtivRNP8A2l9G0ptXtdB8J3cMdzGI7C+v9Sd7i0ygUMwIYMRuyMkEZ5wa/KuMPDqObZ1iMdLBrESrRjGNWo1JRjyuySd1bpa6d2tO/wCkcNccyy3K6OCeJlR9lzrlpxlGUrylq3BSdrOy96K76H72fsdm/wDFnjLx38StS1O61WTTrWz8P6VcTZjJMQZrlIYz95ctyoJCnGMdG/S7S9Vvbq0D3qyhJJURflI3fOQCD6AcdDzj8P5ufgN/wUitfg14E0rwnY/Cz+3tRtru6ur/AFK41Hy4r65ufmMjKIvlIbAUE4GSDxgjd8a/8FePjfqep21v4M8J+GvCVsLqCRre6Qaq7QB184AMqbXC5Izgg8MTyD/HfHP0fPFDi3iXMauBynC4bLIOGGwFWviKVOMsPSjCEGqcHOS5mrpNJrmXZH7bkXi1wZlGU4eOKx9WrjKkebEQp0qkpKrNptSlPljdeU+rta5V/wCCy18If2jvCkUbTK0fgSzXCZTBLvjPGMEdMcg579fyd02doriGS4ErRICS82ZELcHoT8wJxjGQRkYA5r6//a5/aQs/2kPilonibxFZyag+meFrHSp5YLMafu1GIFptqLnfEGYhTkYHXnmvk/XfDq6o7PYy3enQKE8tDIW2k8kEDgAEgk7j0xnByP7n8G+GM44Y4D4fyXNqUaeNy3CQw+IjB88eaElezirNWV76XT0S6fzPx7xFl+a8SZlmOCnUlh8VWVSm2nGXLyw+JX02Wi1eqW7Z6fpOoXVxexyW+krcxDylgYQBVMuflJODuGcqQQCOcEkc4nxB0bW7w6pptrNJY3Ny0N1NCgIjA2JlC4wM5ySDnqQCQePHIvFvizw1dJBBqTta2rg4kPEmSACoIJAB5AH3s9M13Gt+Lteu1N618XkubWMzO4AIyNqhTxwCcgkHPOQMGv1ynF/FFuLtyuOvwtLSL30dl1Su9NdPz6vXTtaKm5ST5rdGuqab093R3T1v2OCsPCGu6ZerLFqEjzJkEIdoi3Dklh6noTjBI5HSvUYLDxneizjPiDUWtI2G5Tdt+7LdNiBipA6k47ck4OPCtWfxNITKmtzhpFB2pIVJzwDwDgAYAOMjbkU7T4PFqQSltd1CN1TzEiSRmVyw+XnZuBwOeMdRyc4554f2rjGdFztdwbs+Xayve+2++yWlmaOd4c6nGPwpxtZrVea203V/vPStR0eZtXu47ya4uUOQ0srqWfAADEl+it74ABHRucldAtbqT7KImUlwqubiMFwoBGAXAGMfxE7TnrgCvOrvQfFE6rLNqGrmZkI3q77CpGRuIbscZwOFGDycVmXXgfxbsFyt1q7MqB9qyuFO7C5DA89sA9QceopU4VFF2glFSS6LdpvrdbJLVbb9HhDD0Jq8p3bs9mrbOSTd3e6veNvtNK7PWk8MaeLS/gu47eGZd6W7z3MY8xWGCVAY5ZVJKleS2MEZFeDeIvhlfacqXtm5v0aVhtRkVkD7mjVgG3MMYIY8ZwD6Vel8D+L7jY0n9oMuCxMl3IWUkYLADkDv6rnHHOekk+GOv3OlRzpc640yqrSL5shQD5cAAHOMcZOM8kf7OcaU4P2yd+bTka84tW1XTTSOlt979dOVGFJ0rxa721vZNXvpp10d9Ox48/g3XBMFSyOGGSrFQ67iBjcGyDnI4JPQDgitqz8Ba88qq9pHGvlsXzPGh2lSAB8x5bgcnk5yciutn+HfimHYWl1FRtX711IDjjqACRnvxgD0AqlP4E11ZED3eqPhSv7qWV+cZIJLDHPXjPA4BUGnNVPZtuHMuZLlWl1ZOz03dndLe2ulyVKhfScVqtXoldLSztu09733Ttouz8O/DfTG8NzTahcWsGppKyxRSXMO3arcbgW4IHfOTjpg8ZafDKzmkknu9VtIkWXICXCE++FLY5HAXjnnvxl6F8Ntd1Rp4luLmPYSf3k7q5POAUDNnGeSGJ6Y569cfgrf5tzPeSfvMbk+1PyeQD1IGep6knquQKyhTk3zcr1S91+7b4dtbrVbbX/DOvWpcqUa7uraqN+W3KrJ3fe2rv0RUi8K6HbwXD/2xDH5MLQRo7xqJC2FycMcjuM84zjqRXns/hDTkkPmeILRUEjYGVOBkcEevTHVQTjhcKPRm+DslvLcfaLqUoqk4SRnKMGO0uCQcjr0xwQucYHMRfDeF5pg0l2wExXOdrEEkDAOAccZxnsM8gjp9ly8tlpbbmTSfNHVpye3TTslroYQq03G8pt3ercFF3vBK8W7aO2vn6mFD4Z0ISKJPEcQAC/d5B5546EkEgZC84wOtek+FtN8G2M8BOrvPMkg5jxja33s5J5568A8rjA5zLb4XxI74aQAYIDyHIBAzleeDnndz7da6Ox+G+mxiRmVPNQrljLgsWAOARtUYyQAezYzjmtXOKpxu43TvZW62dk9na3W3XbQ5q06daS5Zu92nZKySStZ36aWtbTQ9gfX/DT6dPpmny2EuApR5liheMqST84BLZ6465K8jPHnV2puLgEqPJcvt8lt44G0uf7ucD3HBwMYrj/FPgKaI2v9jpIZLmRkmbzHRQ4HG1+ATyfUc4POawYrDWdJjKx3F4JLcMJV3FkLH5QoDHoD9eh29jXtZfiGqSUVzRfxLRxvo1HVNPfdPfokkzwMwy+lWnGo5xlUSdnNJXtJe7qne2t7NO19ND7y/ZOu9L0jxPr8tx4s1TwvcJpqPaXelK73Fz97MDkDHltkq5OFCkZ7CvMfjDDIfFvi97i4lnaS4aaCSQgSzwuN3myqD8zt94tu6sckEV4z4D+K2u+FdRjlSyjl2QvDdlB5c8tvIPmVsqQjYzg7vU8Z5tXnxC0nxPqWotqENzE2oy7IbhmeVoFz0eQklsDjcBgDpjANcVPAVI5xXxyUY08Rh4UUr+97tn7zdrJ3a6Jv5HTUqUf7Iw+DjTblQrOr7rTSul66ptJtr9Een/s+T7fGQSSNkiNrtBdSVG9ipJB4Knj5eSOpzjA/afxgv7O3ws+Di33xDuZr7xnJJpus6Xpmn2gN9cwOFkWI3MbFrZAQABjJznDZ21+JvwytbZfEDjSNdiZF06cq7PHHIZwCVhZnAIAbBDckcn6+3fEdvGFt4D8O+JNT1efVb27u3t57O7P25RaW2Rbi3nBc+WADgALtOAFwRXViuH8Zmf1SMcRXoUMPUlUrOlLlc6clFODcdUttkm91ocWCz3D4CeJk6NOrUrRhTpSqwTUJrlTdpeuttVa6219xuvifoHxb+Lup+L/D2gy6FpOq6RbW9vpzTS3EsCWkCW4eaSRVYySCPdknI3Dkjr4/8brYTahosRUbo7141GR8sYQE5PQj69Du543Dz74S6h4rvvEl7d6Qtk0R0ppWtH2gRKmQVIP3ZC2RgDOTgYbIrR+N+o6q6eGBdwSWuoTXD+cY2Kq3yYDKDyBgcjgHoecV+i0WsFw9KlHmlCjGMFzq8ny8q3lduV93Lvd9j89q0KmM4ww9WfLJ1pOU7aK3Ld8qXTmat6301P0a/wCCYRVP2tvgMiOkvl+LLNTgqMATKSDzxgcDg+pPNf3V+O1L6/qOOP3pPcD8sZ4GSB6jH0/gw/4JRTD/AIav+B6Sq7St4xsyXJO4kzIp5Ycg8e3Poc1/ep4zONe1Hg8z9CTjCrwD1z77lIyAQOePx7i2v7WeHm95Raa092zjZX/Fv1t5f0HkFBUsMoNJ8s9N97J9LaaaX8r30OIWPcF2heBknkHI46Y7dM5Az9eZUiKrnHU5xk4BA+7kDaSeM4P0zg5cgUBSwDZG37oxyQuR05IwAepGcdhVlNuDtxg5AAAyABwABnqeOvLEDvgfG821r2dtfLS707N9bHurmTTWjuo67q2mu+y/rdkCQ5JJ5JHPX5foePQDjjkKCOlT+UVxznGSABgnoByOvXJwcAtggjNAOMMA3BIHQjLDHbgdxnJHXHepVxxlcMrY4Hy4OSSMDg9vUYJ4OBW0ZPlt1u2+qtp0S3293ZeVtXZp66N8u11ZNReuyV9dubV6pW1jVSqgZ6Zzu56dB26HOScnPenJyDkMvcEAAsV6AHnaD0OORg8dNzvlKkkYBOONw3Z7dcg8cntjNLkjgAjJxgds8gcYI6HHXr0Gc0c0k9NFpZLqnbu1smmtNBuKXLfZKHXpdJ23u0tdPn3FRmAXoOCCByNzHPA4J+pIzjp1Bs7eACM/d2nPoPxGeOTg55AJHBrg7iWA+XA5GQWK8fd9Op+vXip9+MHBHJIwORnnn/ZP4EemME1zxXbpfS9+9le669V5ArRdnK93pu42dnzNW0aett/K7bGEdfduc5BzuzuAHTseo4JIz0qUMBtJ5Hv14PBHynJ79iCAcmmhsFeMbdvGCTkjJHTqScHGNoA55OZR8uBg4HcAjHUgHOcH2xnORz94jml8MtdN77Pleumtne34rRMtSUXe8dNbta7Qv01XxRXVLm1718s2RtA/u4Jxn6jGCBg5xnk44ANSqCATzhgCpI5bHYNzyOhwfcHpmbaA4OT36Z6DggZ4JzwcjnBJ45pGJXaWwMISMYJwR1G3oOnHPT1pqbtF811ol53cVp20Wq7Lfu+dScW27ruo8tnKKv3S5bt3fW19rsclcHACnBHsx75yBkd+Rnr/AHaQZBH8WFK+2eD34GMnnPJ65IFPPICjIBxluc5GRwAMkc9s559AKRVAOc8biGBXoTkZ4A9OuQOeSDWinJJdWnp3/Nrt01d7mfNfy7aXfxJq1t3vo7LvZq4mWXcgwQpDjaQecdjjoADkYwT1LCpExsII6qTycHPbOe3XHABweMU5gpXg4A+UkAnkZHfocEBvfjA6UNt5b5iF24B+6QCSTkZ+vc88tmnzr8NdFrtotemttet7K2o6srrrp0tfR/3r2adk1ZfN3beEPReWYcbhnBUnnIznOOvPcgY5KMrAcn72QD8py/K5xnqp/LHqc0wOFO5V5RcAE55O4AggHg+g7AEc0CQ5xwTg5ycDDDHBOeTjJOTyQOMU4tvey9Hftv1v+eqZHNK1tl2T9LXsu6fRt21+FXco5ZieTkbsYGCDkj26HO3nFLgY+XjjB7bs5zjg9BnJOcj8MNyMAjIPGSzdM5zjnPTgjvg89w9XGTjIJAIHGAOnT2wcKM/e3HPUUm1/XZ3Qr9en9a+gioGJ2/IUYZGMqFwSSQdoOTnGBgNjHPIRkB6YwOC2duMlsYxk4PGSTgj8BUuc8rg7QSwOMAtwBg/ez0YDkjpx0Y7ZUjv8qkfwr8xwOp5zycfQe+israpt20trvF3dvO+7087iu/Lppu1e2+22vroRsNuCSpwO4HQHqCOCcgAHOOcBucUgVmAycgncCc5GecdQe5zyP6U0tywIzllAGNuMHIHqTjnGBg5HQrmTGcDbk4xggAgA9SRg49R1wODxyaxWtt7u2/TRdL+XYaTW7u/+AiPY2TlxuAKgbegx0znJDDrnPoc45jaNjuYHLAdAATxkY5IIB7fMRktyBkGwM5GQSMsck56epyDjI6/pxkMLHrjGUOAc8k9SSB16YHfk5HGVzy0s7/5/ctfTy+ZJLlu4/g92laztZfnrskiEq2FIcnaMHhT8249OM49wcg4PTOYQpABAUYLdO/HHHy4HQnA9OM1ZYZGQQMA4H+1nH3cYJ55wc+p5FICrBQASxG3GPzAI9xjA5yfwq3NJJu9+vyS726PR3aMbb3Tt5vpp1st79O6YijGCcjKkNxnOcqQB6dR9Me9PAAO7htwXdkYGCeAPx7enJ4FJkjjdll+UYyPl56ngjPGAcZIHII5eH+UALnAxyMgY4BI68dGHGD3xzQrya1sm9LrRfC79N9V3sn6hd+X3L/IQ+nAIzgccE8DJAAxjI74OcY5yvYBtvJxyM/dBzg+hHAA64I47tLLl+fQ7u/Xp05447e3PAdkFie2QduAPUk9T1PUcZpJydlfstnslGS11V9PXy1YNNb/15aeX6bjSAc/dHBbOOBuBI6Z4Pf09OtNRWG4FsZGAScg9flbqQoyMcEE444yJcgA7ujIG6EEHsMZxx29enFQEqSxGW4zgBcZ7dsZ5ByMggnn1Wibdrqy3Sunoummy23TdrJe8SobyV3o+vp31fTfT06IVIB3N8pJAzjkk4z3PU9wMKRnIwRB86rzgFeAoA2kA4wD1ABH4+vXLj0wRt5I55I6fKCTznPXtjkDrTC208gDJCktknA9fU8n5uM859K3T91papqOieqSUfVdru+vbQnSOt73t11s0ndq7vr1W97+Q0hgxPGCSCCSTjAIGeOcng5z6Y7IVHO4YPOePm+6QMDAIP1PfHSkJwTkHkNn0Xg4OflCnP0IGRu70gGFIGQdp55PQduc5XPOCpBzwuM1LjqtE3o3rrfS22+ivffWzetxpppt6pbWXbl799rWejbvaOoF2n5cZIAXPPAGDuyMDnp1Geh60uCEwccjk7TnJIxgNgrnpgfTAJqRQxICleDxnJIAPOCcAk+ueOPWnkEAk4BG4cZ5J54HJ4y2eRtJHUE1PO4yjGy0cd762tZPTpZx2erbuQ1a+9ul9k1a70W+vfRprrYqkgDkkELjpjDHcu32OOvT2z0pMuWYA5OCpGRgDhgQSc85A+U84GevMzcc9D1yw4BUdsEcZA4AyTjkVBnLuQQcY2g9MnjPbIB5HOBjAwM5ty5m+m1ld2T013WvXXTdbMTulFt3vve3rpvvp+u9hCCD1ypAxnBHGCeCMjB6dcEH2pm7O4DgDLZ28e3b+9nPp2GakKEoARklgcHjGOvoO2eAM9MEcUwqCBvG0554A4JPT6EgE9OvHenH3Ve6b5otva1rPbRtXTelt9FuSr3v26d72affuvn5oY0m7b2IBzgEbsnI5ypAz14zjjGTuDQzFSu35gpwM/wC0TnBz8uSQeQQeueSJGXBDHJOWyc4HA4wDuz0/ug9TknNMGcghQRtyOQxOcAjGD3weceoFVFNqOmi21WstrLVebs7330SRSTdtdnddtOVtarrre0lqpJdeVW6gkD7uNrYIySOp7HrgcfLnJ7EUcYOMcDgMMYPVSeAcZ9uOmM4XZ83PLdD0ORx0Oc8dMdzx8opSFAKlSckAbhyOc8Y4GeCTk4x9c6Jxs03r5Ws9vV76J7LbunEo35ZNtb9G7pxX3NN2SVr2d3ZaNLLgHAHKnnjI4Cj2IP05457qMkHpn5lyD68+vvg8Ek9e4pcDkgHDNjB5GckkAAjGSTzy3GcdTSFTyCMA9COhK8D1wMHrj15o9NX1Vlpe3r8vXp1jmbejUnotrfypO7W7tu9E0/m1kwQAcbuAc8bgM47fLx05zgnPXEYDnI3Add3fA7cEk++4Dk9OualIDEEAgFRwoyM9c/p27kEAc03fgF8EfNtAA7e+R7cE+wxzg3dLfmumm1zWvdK+uvy6pd9WpS/mVu6u1dNLrZ7Oz21v0IgoOOu0E4GAAOwyPx+vr6GMgAH5edxAHfBPUcYxjkjryAKs5HAIz/CAfTJJBwAcnn8z9KZwxPc53AgYHQcDoW255yPfA5rS8ZWd9b6WbSdrXutdX11tbq2yXutWrWfZbrTfr0f4FfAOFI68dcDPGecDheOvvjHIpJA207f4sYPOQenGQRx17jIJ6DiX5MjI+UrwOh3fUdeQSQff5jnIQ5wXPRBgggdhycEZznn+6OvAAyO1r3ts1r6J9bNvpdpbXvpdXXXrayW/TRfPr566FYoQ23cG6kthgeAScZ7nIAxjsOC2aCDggkZ5Jwcrg5IyASCSOST3B6c4lbqRtJ5Oe4AxnAHoO+eo4PrUTMfnJIxhcZUgHOQOoyAc4OCc/MfWocle3M7WsnddErN6u/5dFtcHFSWrSa1XXX0t+Om1na4mWYE4HHAI/QsRnIJz9G+oqM4O4AAnAUZyMccc9cnPGcHqfcqzkHAOCT0xghR3YAdQSQceh7gYYjbQzHDAc9M5ycZ6DAPQZPOeCSKObTzS1tot0ldrtfo7braxLjHd36K33JL+n38hyqDgkD5mGB3wvHPXqV7AGl25B4AOf4gMDORgdO3bgHkDjFAY8g45xyATtzjA9MnscnPYYHKrLkFTzhsgheGx6ngDJBUHJ9MY6zzLTVtprbd/C7uzd7LS71v94csVokk1bl02Vo6rfys/+Cw8s/dfgkk429QMYBJ57HBz+Gc4aYHIKtgFjtyBnIB4U8/l+JwOBT2YccZJDHBwSPbdg+mMc8Z5zmjfuUkgcKSOecAYX6kEDjnrx2AtVL8t27p6PRO+zen33fn2HFt3bfW33Wtr1XT7t0V2BwAW/iAUNyRt5OMYBOP06jGaYVYBtxOTt6/MAGHCrkckg9+pIB9Ba27sMACRkc8Lg5JPPPXoSP06x/KTkjjqNpx8vPUd84PIz0AAz1uDvqrWi1aO137u/lpr52t5kra2Wqton5Kztr22t8kAjKg4zwASTkE9enXGF68j8eKAdoBCjuMnp3HHTHp3P0HRwboo5UnPrggccdMgAdM54PXohPGe+1jkgYzn8sdj/s4HXquZ9H9/bS9/RJWvs7Mzer9Unfe97P5WXVaWXROw1m4yvPQ+h3HOeScAdhnGNuTjnEBYu+SDgNnC46BWzg89T15zj3wacTuIwOTgNjp26g+g3HAOOABjFG0sSApDZAA29B0bB4LDHLEnjuSal1Gr66u7WidtI7STffXts+iaSkmle7fW29mne+z0s3bfstUIpJxy2A2Tyc4J4PJGOTzjpkjjOTIi/MVDZOMcDk4wRyMenOBnjBHqE7hgdR8vPHQjaQepOByOw5z1NPAIyTkkDJ56sdpxnjIA4xgDpjnBOUaivfTa11tqo62+a2t1fYertpt8trd2rbra34aOAYs3zY529c4I/DBBA49AvGeoRw24ndkABhkg9MAcAcc9OvrkjgPzkDAI2gNg5A+f14I4BzxgDjrk5DgliTtAyeuCcjOMnALE+xycceukajet0tt1r9my6dr31S6+ZzN72ulo2tVttfvZd7/kAHIO7uST69eg5HOTnkZxx1qQAcZ+Yg/dAIAPdgTzweoxyCTSKm8gAAkAdDgdeOQSMjBAH164p4TBOBkLzzzyemTxnIPI4GTzzyabXfay087dFr1336q99XFJvW3a33WtbT5/de7AMMt1BZgMHnGRj1HI/DJPG3soLZIU8lRg85bIwdwDEnHQk56HIAwacF3AEDB4ICjChhjk46Yx+H4U4Y4G3hWyfXgcjIzkA5GCcdaSeurVlbVtpvRaq9+/ba/zrlWyXVWs11tbdPTy1327MO7gYxnjqCRnGR1z1OAB0IOMHFMKMMgcZZsH72cHBz6joc8YxkHtU5YtzgAHBOMAnoOeOPujHp+PIjcE7SpPGcAjpkEcnHHVcLjGRnPFqW6urWTt11tdX0dvktNNd1DjJ73vp59lqtd7Wel9+queX/H7C/s3/G8OGIPgrU1HPzNm3cgjHcZwcgAEYyGIx/nd/HJCfG1sEZAVN+V3cbcu+Ccdsd+c8jB6V/omftAbB+zd8b2YOE/4QzUVDjBJJt36np6A4zgda/zn/j7Jd2fjSO5awZrScahHaGNg8krLLIGkYbmIAJyc4B9CCMerw9GE8fiU5JN0dtrtb2dlbR67326HmZ26kcFRaW1a1ku/Klfl7a22s3ppof00f8Es/h9oh/Zd8E+MvEtz/bE9pqOp3Gl22qS7dG8PsC4F6kchEHngqSJnJKgDHFfeF5498c/FnT9I8C/Bu0is4YteMWqfEzVIMaDYGCcm5j0aBsLqN2i5MaqFRSFKkkKa/Pb/AIJa+FdY8Z/st+AW+IOqPaeAre71JLLwpp0htY9QEDO8F/r2ortMtn5gYNDIVBAxn1/QGL4vX0kOh/Db9n/wjb6pdaXf6hJeeKChg8F+HIIGZJvLmC7dQvoVBZYASrkY3nNfyXxZBPijOYtqrKOYYqKbaVOlBVXbmatdppXWytrzH9M8LtLhvKm4umpYHCczilzylKlBWi1te+993pbcsXPgv4Y/Aa98P+LvGGpt4m8XzeI2il8VaoTqXijVLmTrZ6Jp5DtbW5lIEccUYjiIAMgwCPxY/wCCnXxSl+KX7UVn8JPiV8QvE3wj+C66PoviLxN4WtYzc67rcElwj/ab0K2YQbVt6RfMYwQeCBX7VfDz4Wrp2qeH/GnjPW5/HPjC8vNbvDrOrRhrOwhJlL2+jadJvisUjfKoQDwoYY5r+cn/AILCaZcSft9azLZAqt78PtFnZZMsXi8qONhluzAEYAwC3GBjPfwZg6GYZ5DCucvavDVpQxKUW6FRKKjOlGSkl7NSfK5a3V0krOWHFOKq4DKo4jkXI8RRjOg237WF1JwqSg05RklZ2dmurTP0r/Z2/aX/AOCfn7PPgHQdP+F9laWVx9rm06PXRZCfW7kzloxquqXjo0mHY+ZMu5RFnqcV+tPwO+P3wy+LPgXQ7nwN4u0fxFqNp4tjhvYrSWFZ43eRQHMRcTOpB27grAnIyK/kE/Zl+Gnh74n+IdT8Da7N/wAI3oFl4eutZutRhZFkjaOEkYklYAIZDuKA7lySB0r6dPiHwh+y1rXhZfgn4j1jX9Q0bUtCv5tSsndYb1nvYri8024cSmO4klBaJMqSAy5OMAriPgfDyx+JwdHMswxWYUabxE51afPSakr/ALyqowUJdEuZ6bpoWT8WVI4ChiZ4DA4XBVakaMYUavLVTTSvGk73vpfourZ/ZPpomm8d+IY8oZI9PtiQQN65KkrgL82ME/KAei7ulV9R+IXg3wZ4n1//AISPXrS0uPsdqsWnwubjUp2cKqpFaQCSYOzHA3IoyeSBzXzf8O9d+KvxVubjWZYoPhtpfibwToOsvN/x/a+5ubWCSRYpCFNk7c7XGcFgCBtAPqXw5+FHhHw18R/EWu21rca1rB0e0N14i8RXB1LUWk2Bpmea43RRxZBZV2YQA/Nxk/ispeyqTpylJzU2rRateLirN6q710s1dban6S1eKkknGUYN2u0uZQst2utmm7PXRaoyfDvjH4k+P/EmvjwdpaeC/Dl5qkFm+v8AiGJX1p1ih3Ce10lsIYZkH7uVn3KSpIyMjpvBfwk8MWeveOtV16O58Ya02oWBXU9flkvHSR7Vg/2O3fMdvErkMqBG24xniuR/4Xb4L8JeKp9BtXuPF/inVNXuGsvDnhaManfbk3KfNaIm2hiD/fJmLIgwoBABxfDlp8efi7f+MpbrWbH4SeHn1eCGbStOgXUfEs6Rx/u2fUT5Z02SSLhlQOFckEnbmq5ZyvOpKMI63i3abV42SWrldK70t0sldEVFdqNOPO7RT5dlflveVmklZ7a6ap7ns2q+PfAnw/8AF4vPEutWGnkeFp7Wz061ZZ764eIqiwW9haCSZJGBCqJI09zgkHzHxJ4q+J3xK0jxBL4B0FfAvh8+FtXtrzxH4rh/4nM9rNptyfN03RfmVoZYwdszSKw3AsAQAOl8OeBPhD8G/HS6vrctu9z/AMIzdXNz4n8WXi6lrE93Kdk5d7rc7ozktGkEBIJwG9ItX+IXjXx5pfiOD4M+DpbnTZPDWv2Vz418Sq+k+Golj065RrjTFkQyahsjyY4jHGCVGCRivVwVVRqYdUldurTTnJLlT5qba5ddk1vJvTbqceJpctGs5tRl7OXMoNW+BWta/Ra6pJn8WUXwq1nXX8cSxW02prpnizxBF9qgsWuJbmeO+mBkESCSQbmBcgKQOQWxXj994L17To5by40fVLa3W4WJ7m506e2jkdGAMaGZECFe6jJBHHGAf3K/4J+63/wrvwX8aPHWr6V4Z8b+JIPiB4g0G2h1m1h+zQ3K6q6SzQLKrRrHK5Yh8cKQQSOB4B+3b8WL/wARXOn+FLyHwxZXFzqp1VtG8M2tvb2+nwSEFY5ZokXezg5A6ZwOSQD/AFzkfG2OxPEVPh3D5VzYbDUMPGrj5V0lzfV6dSThQVN3iuZRvKcUnr5P+Scwy7Ceyq4upibV6mIrKNFRTsvatay5kr9bWurn1V/wRlsviC9p8X7PwFY6QLqW50AX2r63JiHTUaNsPFC2FuGZSx2NgNgg881+5978I9TtUvfEPjL4ga1rl1ZWep6gLDSi2jaKZIrCeQRPbx7lkUMuAxOGIGecEfkp/wAESLixtz8dITJGrpP4axEW+UEwvySQB93gHPVlx1IH6Z/Hn4i+K9c8X6B4H8CXkNn4etLy4h+IF5PgXMkF1p9z9ls9PjBLN5hUliuACuSSDx+M+IkZ4zj3HLkhBQdCU6smk1GMKacnKVnfqkleyW3X954Sq0cLwhgozbtOnUikvecr1Gm7JaJLVtctlqnrr/A78ff2nPFnh/4r/Fu30Scqbn4j+ICJbpnnaCKO9kjSOMHaw2DDA5yeOeefz6+IXxD8TeJdYmvNa1i7vXmjaTNxK743/eCozHCgEADAGAMDnn6m/aU8CatP8a/i5Y6VpuoXzx/E7xGqi3tpWdYzfSFHlO1UVTkYLOACRkEEEeZ23wO0u2ukvfid4nsPBumLAXlhlkjvdbZQNw8myRiMkYXaZAQeD1Yn91yvD5Tg8Jhaqp05V5UaN2oxnUk3ThsknJ69ktHrY/FcXHEVsdiIptUliKji5vlioudnfmu/h2td9NGfGF/dzSl3kk37uF3OcEA9FBz0ypyPXvnn9B/+CZbyxfG2+jJKibw7qAXIKryqZUMSBnGBgHI7dhXlmu+IvgL4W059P8A+Cb7xPqjRzW8ni7xO7JAA4ZBcW+mNlY2BBaM78AhT0xXu/wDwTZtpNV+PE3lwsUk0m/RI4k2xlhhyqHGAuPurk4G0DoK0zqpzZPjJxozpxjQlbnSjJpxi01FN2S87XWlnudnD3L/bWBp88Zv2sW+V3tZp29N9eqt5I8Z/4KMNM/7SPiw3KeW6x2ihRzj/AEeLgH0AI6cn145+CXAaTsRgKQcjJKgE8DA5Of8AaBBGBzX3t/wUWma4/aO8UzmMxIRDFsYHeHiQI27ODuDDngenrXwYQQWznOOAVBYjrkjpyMY569ya87K2v7OwtnvSg9d37sLX087baXv1uduft/2ri3F/8vmtNLW5eXfv1S079iuse12RQc7CSCOckZB+h5wcdQeQRWx4fs2ubyBFbG2UEMQABkkDuCGKnp25wDyayfmNycfLmMgh8jqM8exUg5zjJHG0EnvPBFvFJPIzAttVTuAJwwY4UFv4jwcDDEHGMjI9KEk3Tb0SavfTRNO97W1Xlutex40k1e6bbSSfT7KX967fr3O9W1ZLfjDF5VjYEAYbIGR90c5BZeeT05Ar6P8AhP8ABPV/GiXGv6tPD4Y8F6bB52p+I9S2w2yoh3Mtp5hQyOVBGEJDFhnoKn8DfDbwtpuhj4j/ABUvzo/g+z3XNnpT7Y9T8QXkQ3R29tAT5jRSkBTIAVKtkE15z8SPjR4w+NM8fh3QrVvC/wAPbFlt9K8PaYWghe3j+VLnUXiVDPMyKGKuDzu69GwxOOni5vC4NNz0jUrxXuxdl7qW0qmt9FaN7t3Z00cLSw8Y4nGu0XZwo680rJO8n0j1tp8WnRnu3jr4/wCnaRp7/Db9nuGez06K0FlrfjKNT/a2tOF2SCzZRvjhZshWU85B6c1t/Ar9nPVtUuD418ZrLKp8m+t7W8d5ZZmLLm4vWcl2Yt8wUjIJ79/Qf2Tv2fdPbTdS17UbSK6ultljtXuYxst1PLttYfeYEEOcEHlgQcn72sNBnh0z7Do1orAoY5buTEdpbLAMlppnxGiADdglvoMCuFTwWXKo8VViqkWuepVnecno7tvW/a1rbJaXMcVUzDNJ08Pl+HlONVWjCjB8kUpRWnKrLRtuTb9LJs+DtZ0JbfxVrM8SARRvEixxxAIFxsVVGQB0OAMgHoMYFfQvhLwTfX+iwalrP2Pwp4TtI1kvtf150tYAMCQCFZnEk5cH5QinJIxjk1la1408B+E9dOi+EtIufjJ8U9QvBFb6bpNu8ug6bdSEKi3c0SOkvkOcsHwOCAfT7h+GH7GviX4hQ6J41/aU159Sum8q90f4aWBktvDekRAo0VtfW8RCXBRcIysGHB3HkAfN8Sce4fB4WMKMlRi42hOSvWqfDG9Klu46K85Wir9WrH0vCnhhiMRjI4jGqVSfNHmorSlBNxbVSrqm11jHfrbU+fPBEt34lubjRP2evBZ1i7E6xaj8VfE9m0Ggae5+V59LhmXbd7cF4yg9Dycmvsz4VfsR6L4g1+x8SfErU7v4neLvMjnu9Z8RRs2g6U8DK7Jo2lEmBYosFVkZcBB2ANeofEb4q/s7/sx+FhN4y1nRdEi0uEjSvCmjG2F1MiL8kFnpsH7yUkoFDShGzgnq1fjN+0P/AMFXPil46S48O/BqD/hV3gqUSW/9qKyN4n1G3cGMyRyrg2Yli58td2NxyxODX5Hy8T8V1pvA062DwtVpSxlaTU5xbSf7y3NZ3vyU7Jbbb/vMFwvwhhoPGSo4nEUoxcMJQUVFSSTScNusU3K7aV1Y/bv43ftWfs6/szaFf6VrWu6SNWsU+z2nhrRXtrrUpZLdNii2tLfMdtA7LhixDKdxwSMj8Ef2kP8Agpz8Wvi215oXgUn4aeDH8yHy9KkJ1+/hPy7p7wbXh85clogpA6dBX5k+IPFN9rerXOo6nfX2qX19NJcXuoahcSXV9czSMWd2klaQoWJyQFAJI43DIzYbe+vmdoI/Li2nfLIMDaSerMVJPQjAKgZzjIr7PIPDzK8otica1j8ZpKVXELmhCWjbhTd1pLrPmlZ7q7PhuIfEzNs0i8Jl7WX4NaKnhrqpKLUUlKcdrpWtFq11q9GT61rlzeXM15eXVze3VyzzSz3c8lzdTTOSWeWaRmYkk8jlTgEdBXGXF/fXP7su6ITkopIJJOACBwWJJAAHOe+BX2B8CP2Ofjn+0brcOjfCf4f6/wCKZVWWS91eHT7iPRNNtokaWW6vL6RBAYYYkZmKs3AznBxXZ6H+zzpvgnUNSt/FUUep69o+v3+izpGqtYLc6dN5MxiBGGQODySM4YHIAr7OhjMAqs8Nh6tGpVpJc1OlKN4J8tuaMW3FPa2jtvZq7/O8XQx3s/rWIVaMKlv3lRScpv3XdSlZtPe/fS72XyF4V+GHi7xhNENJ0m5eJ2UNczKyQLvI5Zmx8pOdxUc9Ae9fZvgD9je2u5bO78Yao0i7o3+wWSAozZUlS4IJAJIPGep4617b4bt4YZ7a2igS1so2KmK2VUDIp4zsUHdjIGT0BycV7adVW2t7SCJ1t9inZt+e5kiGBhEUFixOB06D0yCY7G4iEI+zaho7yfZJJ3k79NXe9tXY58DTp1ajTg5u8UuqvLl0S216K2qdu54PovgvwN4I1zW4tG06ya40+8gt4oxGk7iKMAKyqwyrkk57kkgZrf1bxVewSRStNb2KM42R8BmAI24jUFhgdAMEk55INd34R+DHibW7jxN4t8Qy2XgXwrNqJnbxP4hnS1mnt9o3tbW0rB5CV5BwSSegGTXF+M/jd+zR8Ilaz8I6fP8AGTxvC7LHqmphhoFtcqSA0UHzeeqsW2krjbkHoa+RdWeLruK9rip8yXJG7im1FaybcUk/lfezuz7x4WMKNNylSwdFQV5TfLJpcrsoq03eWtrW8kmzpPDnhXxj448ubRdKuFgDB7vWtWzZadboSd0pmnKBoyOTtLDA65yT0Pizxp+zz8IdIvP+FieMrb4heKRamIeEtAZbnTxKh3GG4eMlGUOoVmJOGB5I4Pwj42+Mn7QvxpdrR7y78OeGzhLfS9HQ6RpkFswwqIIShkUKeQzc88k9ed0H4MQ6bBqOo6676nf/ANm3cq+Y8kuyZUDbneRzuOOrZJ6ZJyCPbwnDdfGVIOtU9jGTu6VFrmXwv3qlrxeu0U3q0273Xk4nP8BlsH9Xpe3qpW9rWSik5NJOMUrtXS1bfTc9x8e/tp/Fvx/p8Xhz4X6VZfDHwiIBa240uJEvzbqpjyblArglc8cnJycnkfNFn8Pr3xHqMt/4h1TUNb1KVvOubm+uJJ2MhLMSGkZwPUhVB5PfOOr8O6Y0llalYwiqkgCnIVdr4UgEL1x05GBx1avVtFhj0+OSRgu6WMiRmAAyAMdickZ59fTkV+j5Zw5l+CjFxoRlUteU5K7fw3cpP3nqvtPXtff84zjinMsXUnGVVqOyhFuMI/Da0V7q1tutX5XPMbjwfpmj27Gzto45Ii0bv5YZjIyZyz5BHJ4K8EfKCM5r0j4cWz2Xinw/ujeSZ7G4faFLALtIzt4UYwOB2568HF8RXkKsYAwH2iSJycbcIuCCR6bh6kHGQTzXbfDG5MPjPwrMYxJA6XCOSQcxoT2OcKRwTxndycZrm4km6GW1+SPKlTb91LS0U3FpK9ml1Wrdm3q0sglVxOLpe2bak4u8td+VX79F6dj6Zj8GeJNch0+7MLWtrPM6QbQUeZh8yswwNqjgFjnocHHFbcFmvhPSZ7OUebfX10FuQvOzy3LEDkkKNpBIIBAPUV7FqXii2Sy0PCxRR21vMyFAq7SFyoCIAOeDzgkqSck8+A6lfXl3eLdPIZPtVxPtXBP3jlFwCMMTgdeg4PJB/D416+M5lVShC97JdVytfF22st7uy6n32Jp06MkoNt2ipNN2V4xT663Ttvfot0d/b6zDLfWSBQjJLBuC9GwifMVPK8A598knj5fN/jHrEd/488JOobbDp00bEYG8iXqQAR2xnHqS3U1b0xLqHVBNcAsViO5S25QT8q4IB2kcA/iRuAGeH+JIMPjfQYsBRFp3mYYN1kZThew+b5QCO/TNelkdCH9pxs9qc/dW6uobromtLK6TucOOlJ4dp6pyWy95WUbKSVlp0Xy2SS6K51kmK0SSRYUM+1kK8PtK7RuGMdACPmHO7I7+i3viqyt/hrJo0bQyz3+pLcOFYLt2N/GB2U8LnIx3PAriZtGtYdO0qe5AeaYs+13z8rjKgc5V+Q27HY1z+p2K2OlTzKGcmdQ4JyI45GDgA8cdOc4BznuT9nTwrlXTcXJRldX625bPXe1tFdJXs22mePGahBytq42d978q0a9FdbWvfrcv6Zeb7xS2dvnwjCnKvyrKGPBBJwMdwxz0Jr+nb/gjTbhP2fvjPqPlBWk8WkNj5SPJ0udRnjBBIH5cDmv5ftIcyX0UYDCP9xIx4yGGFAHQkEZJA6HA+n9Tf/BG9Qn7LXxgnZQJH8VX2wsMlhHptwBx3zkkgA5yT3BH5z42ydHg+smnZ4nDJq7/AJ0t99N/nblR9z4Xcq4moTej5Ki890mktL32vrdWep+gP7EM234IPKx2vc/Ev4gMCQDkf2s3I9RjnvgemDX0lr8yKFXAPPPGD04yckjj6jBLZ5JHyl+xRqVofgbbAzIrDx/8QHKsVBEi6qchVGDuXGDxw2eRwB7b4q8XaLplrJqGq6vp2mWUAMktxqF3DZxoE4YnznjY/L6c49cEV/LeEVNVLxm9IweulnOEHbXVq90vPZaXP6OxdGcsRXtC96lRRVlpqlduzatr8mno9QnmGSqDYF5B4Pr36A9emfwzkZsj7+FVmIClQqliT64XkjIzjB4yBxXwH8bf+ClH7Nnwghuw/iu08U6lZq6mLSbyJ7ESjOI5bnduBUnaSiOSCAM5xX5oeJv+Cpn7TXx71Cbwv+yx8H/FGsy3btb2t74f8O3V7AqOWQSHWbmKCNcZBLqzheTk8GvoqGWZhjGpYbDzVNpN1Jrkil7r+KainfS6127JHmzjTou+IrU6ST+HmTn0XwRblZ3Wmiem1nf9+Pif4z8MeDvhr45u/E3iPR9C3eEtfggjvb6CKeeSSwnCRRQM6y+ZIzbfuf3utf50nif4XeIfGXivxHqunyW9rp9z4n1ueN72aONXjl1CdxIhZhuTaQSTwAVH0/pLuP8Agm1/wUO/aG8Na747+PfxI034a6d/YuralPp1/qk+seI4kt7WW4Fs9orRxWgkChDw3l5YH7vH8o/i7wp420nVvEOmXPjHV57bRfEGqaUkNvcyoJ1tLqWAzYDgDzdm8jPAJBB4z/QngXlksFmuNVDEU8RjZ06Tq0oSlJQV7LmlpGWt7tLp1PyLxhzCjUybCwrQm8JTnKTq8tlKdo2SV20uVXu+ltNj1Zvgxo2k3IfxD480Sw8pQzxxTwucoxKgbTlT1UYBxtA64rs38UfBbw/ai0ufEs+ro9q0M0VrG8pYkbHYlQdytgcEnAbJHU18fW3hpry6zcfbryZojl7maRx8pO7ezN0XjHHqTgqQPr/4beAPD0fhKC9n0W0nuVkPmXEkSSs4PVRkFgpYlTjbwCMYOT/cXDOR57mOIlh6eJhhPbQbqSSbclyxvHa8tHZ699Xqz+J+K+KuF8pwf17E5a8Z9WqxVKM5JKNR2d1u9HZ+VmeN3WvfswaRPN9n8KX2oXRdriRpoiY2Zju3AMo2ZzngEHkMOM1S/wCGg/hhop/4kPwm0y9MalYZLy2CgbflUkEHJYYJOcYAHasb4leEdPHibUQltDCWKP5MCgKkechQAB75AOO3HWvLr7w5bW7KIVG07TsPVCerHjGD/EDjcehwTn5/OeD8VgMRWp1KyqSp1GpSV0m7rW17K9r7y9T6DJPEXD5lgsNWp4eFCNWjCpTho3FWjbppa2++zSR6/N+1b4sYEaB4I8O6Iu9NhWyhIVc5BO5CTxhc4+mGyDwGrftH/Fa61l2S9tLG6lQpm1to1jCMMbcKBhgM84+Uc8YGOavrCKNUj2qpbYvTHOODwcEDG4HI6Ar1rzu+jb+25VHPlDC9yQAMkZOCc/LyRxzyOvymIyv6vOmpyk4yqRV1u3ezevrdu+/Rvf6fD8QPEwnKMox5IqSSVm1ZdVpzdPPmdr7Ho2q/Ev4qalL5l14x1XY64dIp3jxnJ2jB+UYODgYx/FgHHC3up63enOo69qlwerB72WQHnnj5RnPQ9OO+411Ko32PEgVMhTuIzn5eOeMN+HIIGc5B5SePHmKEBTccnoWYN0BAO7B4GMZJJ+7XXVyrCw5XZybjzXadk2k/esnZL7T0s+5yUc8xNVzTqWjeyaTTtpfbz/XTYy3tPNIcySTIBj97M5JJ6k72bp0Ix3HQHNWotNbdE3yhdw5GSWXjAOQRkDA7cDrU6DjaI8kgEAjBHUEZB4xjvnn6jF63EssiwKdrl1AwNucdQxJ4OPU4wcEilTw+HpS5eW+qStH0Svff0fbdkYnHV5wuqjSSV7Sez5W/i2aV+l9e2pZTTYoU8wAMzMD94Eg7ueMk9ckjjnJBGKq3JUSyFUyylRgHao5AOAvQ4BwDnGOQMZG6NPkCyEYO0gkqV3Mc4Izwc9s45PGOecee2KPMGXBOCBhi3cEE8L7c849xgdvs1HllCmlt53btdtcra5dV5+h4aqOpUfPWbT1s27Jrqtm9F6bJ9UamianFYXPnSRl2ZkweGAXcMgDGMY2nnk8HPQ163JrNrqMMIiijjQIu9G43HqQvf1+h614jHbyERKCvUcA4zzk9iccnkjJ3ZGcCvR9KtERIgpLsF3FX4UucYXOO27oRjp7V6VOM6qknGNkknoulnpbrfvvZ2T3OetiI4erHlbabjrququ9Xtd/etktvMtSxJ4skOxgHuIyQBn5VOc4zznjr1xnOBivb4xItsjElVkijzkcqNo6lcYJBJPA475zXkt1A3/CYkkhQrAsjYG07cnGffHUcYzk4wfZFhmktFijbeWhVSyKzMFIU4baTuYd16EHt82e/hyDSxrfLpWfKtrPRNX22fo9rnFxfVlNYCKcvepJtRW97b20Tu7Xt19L473yp8gwxyRwM4HBJbjnOBk8/pVZ76YiIKNil3cA7hkjkE+xLZ5AGCB6mtA+GdZuJEa2sLq4ALfNFFJlgQOCCoySOSOn6Y7BPhr4m1C3szDpckCcEm4lWIAtzkknPIAwOvc4GcevLFK0lOUVaSerV2n01vu2tdr30Z8vSy6UpRcac6nOrtWfZaaKyd7Pl6eiOCMwjkWYuC5UMx4278n5cckjrwccHryDVO7v5J2lYuSADtUnCgZGPlPXIBYMoyBjPGcenH4TazFtN5qGmWaO5UiS4DMjAnqAcDAx1yOc8Yq6fhPZRlpLrxTZlcqzi1TzSQepXgANg54zj+EAGsqmYYWKS9tCKV3rPXdbPmV9NNV2stT0cLkuK5m1h6um14u9/dta6tr37Ozu2r+KqzOqgjJCgqfYjGVGQCBjjoQTjn7plXOEUZBVdhCkLtVvvA9c7cZOc844x0+jNP+G/gWENJeatqd+dqkKkKwKx/wBht3IOfQ8g5AwRWh/Ynwx0uVnj02a78tQHF5eKpLgDGFG4jGTxjby2CT14KudYGCtPEKVltq+kd9rv8trtWR7WH4fzOpJP6u4xbTTsk4ppaWSTTV/V7abnzrAw8oQpGGyJDwASo2/dO3oSOwU849Fz5343sryZrAx2lxIpI/5YyHhdpyCyZb5vTqCvbNfZEfizwhoxuBpnhXSpXlDiNpN0wTHQBmV+eByDyQcnHNc5d69q3ii+hTT/AA20n2eElbaz00lQxJ+dcrgHnrz83Q5Py/M4/OMNi4uMWt1botHHRa7+d++rPpspyPFYSsp1abs7PRWT+FWs3rve7a89kzgvCvhjXbzTrYWukXsoeGMxusRGRhRlidoxx14PJI7V6Ha/DLxVcIgGjvAzqQGnlSI4I77ypOcjdg8gHB5Feg6TpPxevLWOHSvC2sQK0ap5siJbCMDG0qpGdnA5755ycCuptvhh8br+KFLi1tbU7yofUNQYuqvxyBjHqMZyOMA1Kz/D0aKh7K7gkvN2UXpvdPbdX206dVThKtia0qqm0pPms4u1/d66ap2VrWvrY8di+E+sgyLdX2l2qRryGuVdgc5yAMk4OcAnqWxjgl8fw80m2cfbPFFuGGCwt4dzBscgD5T69+M9SBk/QNr+zt8Q286a/wDEekWiuyACFHuJELHLgMxGfYsMk55xyOosP2VZblY5dY8ZXUnmMWC2luIWJUcbiGxjHHvnHPblqcTpW9lQ1tq1LT3knZ3d9FpbRLpdnXS4KTUVUqN2a3totLpq9lprZb7LVny6nh7wnZOz3FxqN7GcjdEVhjbbnkgscL0GcfMeO3ETXXgXTm87+x4Z4y2D9svwHGOCwVCTljkdicfd7V9dWf7MHgpZZ0vbnW9QdCcLLeSJEeQN7LjagPPAOSOc4zjrdO/Z/wDhnp0p8zw1ZTyAqCbxmnzkHkAkZO0YJbgYycYNck+JcZL4Ywimne6T10u9nbu7b6aa6dceEcLBx5ldxcez0vG3Sy2SV+ux8a2fjfwQkYittL0yCUDMTR2cl7MG3Y2keXzx0G4jqCB0pt14z1CaRE0nStTuAWIBtNCdE4Q4w7J0YY6HjOSuM4/QjSPh94L0tpks/DmhwrChJ8uyiZkUgEFGYEsSeT7E5Cj7uhe22nwlVtbeJYX+SJre0ijYMy4XkREbQTxnHODjNcU85x87qVZxuraXXaysmtfu7O+p61Lh/AU0n7KLatdvVr4XZtN2e0dGlr5WPzK1rTfin4ktLvyvB+um0kgO6W5AgiihPG9gMBR7AdOnXNafw++DHxfs4VNjpum6cssKyRXN1cN5hV2DBnVQFZCMkZHC9TknP6A6+txDpWrHDCD+zZQBMyqzMi7SpUDAU8jjnI6k4Br2XiWw0+0083dxaW6PpFqiqZEZQ3lgg7i4/i4XgYOTgCvPniK1aXv1JSaldSdr3smvnfTfU9Clg8LSekIxSau7JXVklbR2d3a/k9N7/PEPwO+KE6Kuo+MNFsJGYG4Frbm4Uhxw3zNjIBGW4IJz9daD9nq5WPyNb+JWtP8AvNxh063Nsi8g5VlyVBBKk8gKQcensc/xF8Laas5u/EmlQ4jyVlniJwRwqkMckEZ+Vj6YySK8/v8A49/C/TZmN54utZXaLa6wuHIOMDHy4PA4Az0bHXhKnK6bc29H7z0T0XZfLppqdUoYaMfcikuWOt7atxuradd/Trchh/Z98DspXU73xbrJ3F0efWJUik2qVA2KFwCqjHLDHXpXU2nwX+G2lCGWPwZp0qYVUfUJHvJVlJGCzMxyGIyc8Y3AAZzXldx+1r8GdJlIh1bVdUkCMgiS2GwHodjbumOnQ45B5GOL1H9unwHZqkeneH9QvQjn/X4RAQRjZknbnvyeODnuclNXTSadrtuN09Oqu3fe2u3QxlUjFK9kotJWSs9n0dry1straq9kj7Y03SND0UAwaBo+nooRUa006Hjd027lYn8eCc9wDW6dRuoEL23mG3LhVEYWHBxyNkUYIHAAGee4zX5o63+39exhv7H8JWUUZK7Wu7gSsCMndgqO2MjJO7steUaz+3x8Tb1THYWukacAX2tb2iyvzg8tkAZBH3ep57HcPlir3UmrWs+6S193t/n3tLxNNNPXW2mmrVvvVnZ337XP1vi1yZZi066k4w3BklMYGQAAxwSvr145Y4BzqQ63elzcwWUaQINkj3E2NgUEswDyfMMHcSBwP73Ffg5rX7XPxc1YssviiaBWJDLbjyeMtxtVWwOmACN2Tg9q4W8/aF+JF7G0d54x1mRGycR3UkaAN/sqeQRjjOPqMCs51KcklZpq19L3fu21bVrO99L6bNFUsVy3k3KN2raOzva19Otl0unZWe5+x/7RXiezk+Hmrx6jfaUsSzW0qW9vdxF9wmBwdjFi5wSRwBtHJ4ru/DXxc+Htj4L8Nwal8RPD+n/Z9DsmS2MySShUjQmGVQSN2RyM8HPQnFfz56r4917VonhvNUvrqN3LsJruSTzCCSu4EkEAZwBzgkdOtCDxRdFVDM42rhRuZwqjau0ZZgM46DjqRnBJ41CLl713dbLbp7u13d69NVvojX+0Kq1sum9nvyparWysuve7aP3V179qv4V2kl0q+MprqJWCrHp1vkPswoeInbz6Hvhm9M+Zax+2X8O7YbLCz8Q6kgILMztAjtzkYyeOAOcEZzxxX49S6jd3hColxuY4BhUkttJOAqqzEc53HkZ74wdK30fxLqJVLPSNZuS2D+6trhgcZznCHkADOD2/2uOihg5TS5KblfWyjKXVaLlfmuiVt7anHXzaUWueVNPa7lZfYdt2n2Xp0P091b9ti0lRk0vwdENy7Q95fliuCcFkIHQ8gcEexJz5/e/tqeLykkdjZaHpwYsMiBbh1PRTk8N6gcbeDnHI+P8AS/g38UtaeKOx8H+IJjIV2FraZARgHGWXknqvfHHavUtG/ZF+N2pjH/CLXdsJOQbl1jXP8ROWySB3AJwDkdM+nTyfG1JxccLNWS5bxaV7RWja3e6bb899fKq5/QhdTxVBLS69pG7vyq+trv7+1kdnf/tafE+9byx4nktoyvAs4lgUEnJ2nJOOf9oDacd2bz3Ufjj481KRpJ/FurOXVgR9ukXIJJ5KqoA2jHQnA7ivZtI/YN+Kdwkc+o3OjacgVSRc3m5wMk/Mo4OMcgdAepzkesaF/wAE+3eVF13xxYQAgOVtIhMxGMkBgwU9T2BAOAetenS4czGo4r2CTfWUkrfDd3S0vpddfxPJr8V5bSX7zGxv7t1G7b+FvZO9rLrfbpt8Gah4+168d2l1e+uGPDPLezueDzkbgcHPYgYJx3rCm1y/uGAluA+fvZkkJwADjJYgde+CT0OSc/rdoH7B3wrtCX1fXNS1EJjcqK0A5IAJByACMjjcccYIFe/+Dv2KPgid/l+ErjUZ+iC6lLKwHO4g4C7uxOSc+ta1uGsVRXNVqUqa0T1et1Fa26p6tXTv56vg/wBcsvb5KU6tWS/lSt9m27TXXRL5H4GfaLtwCod1GSu3c+0+v3WweMjJGeOasaVoXiDX3li0jTL/AFFo2Jm+ywSzeUSSBvKAhSSM+pzxnmv6O7/9mj4SeFvDOtJbfD3SoLtNG1OSKe4tUk2tHbSMDvLAqVOCpCjp3xXw9+xFo1pHJ8UhHZ2zJFrM0aK0UbiFY52CKu9G2ovQqMFsDnoawoZLF4uhQnWTVVNuUY/DZRemreu/5LqOrxRGWX4nGU6M7YdQvCUt+Zx8tElr2b6aH5qWnwZ+JV+0Rt/B2uyKxCgrZSoDu5UEsoxk9DuI598nttM/ZT+M+pONvgzUIQTw0+I1G7u3zEcDBIyOuBjnP79tb3StCEjtUiSPJMcMIGCOCuE+Y+uPukHI6k1pYb5ZEQSrI7AnA2qpBAwWGByo4PJPc8CvpocMYRf8vJuzTe0b7dFe99fX0Vz5l8dYmfwYSNtLNuTab6aWt101XVvWy/FDS/2F/i3emE3sVhYRSMd5lussgJyQVwTnggjHrnBFen6T/wAE/wDWfMjOr+LLKBS5Vlt0EpAOQTtO0Er9085xzmv1SNvJKUZneAxuVbr5bEcnGTyeeMHuQKadPPmZKq0hYtAFOFI6/ODkd8nPAyOpyR0wyPLqa96m5yS6y1suvb7u/VqxxT4uzao3yuFOLslyq7s3Hq+Z7Xv91tD4E0n9grwDG6jV/F+r3MqOhdLa3CL7jdkhQf4jkcdtoBHqOkfsZfA/TGAudL1rWDvwxmu3RXVc9FKnhiCOoCgc4r66tolh80SFFLKCyqisQ+MHkk7VPCg549uavpHkxM424jPlhAMLnGWYdxxz6dPenPBYGLtCitErWSttFbtvS3kr223ZL4gzCbXPiZxb5bqNo2WmqtZ7LZJPs09TwnSf2d/g9pCxCy+HulscgpPfAXDKpYkb94BJGDyCARjoc49PsfBnh3Roo49P8J+GrFEYmGaPToQ4CKMAsUb6j1zz0BrtU8sttc5BIVTjrgcgnGCCeemfc9SrhXd+FVQreXkZBb3A44HTnmhUsO7R5ItxutuVbR2W7tp23emmmM80xUm28TVd0rp1JWe3upqT0+78GinbxTRwxxW5t4lnT/V21tBCuScYDKu4YIIGORkYwa+GvGsBf9tv4eys26WLTrGNndz8riN+XOBwCWHPAz2PFfe1tbRqbWUQvvjfcQMgEMwXCjI4HB64weOeD8L+N4ZL79trwnAxMS/YLJMgfKP3TFWG1jjkHK54I57VhVoRjLDKKSbxFFbJvVxs9ddNNGnon526MvxVepLEuVWVSMcHXai5yavyxd7u9k3pe973e6OGn8YRWCta6ho95CyNt3qrsNpKk4wCgII4545IyODdg8X6LcIiR3flOgYiO5R1KvkYBJB7evv14DfTvhnwfa6tolwt1Yw3oF08ZMxTzCvGRkru4zkHPc9O+VqvwX8JXLMg0zULWZ2bDQFWjUsCCVUKCMcDjkj8q5aGY14xjDmg4pWs1Z6Ws7vS+qa95pvVXV0/qMXlWDnUm5c9Ocp3vrJLWKd9NXbdX6aaar8nfjfcpdfFSwuInjKSwWbebGQQxDnkYweOOp79hX6FfAOK3vfh9q1nNvzPqSqHgcxsMKDuUjPzLkHGe/Pt8Z/tJ/Dmx8D/ABU8N2dhdXUsF1aQXLLeAiWNyzDZzuyg7AZ5Havsn4DaH4g1LwHf3Xh/V9Ns5rXUHWSy1C181LqXZ8oEuQIxwMtyBg7eCqj57BT5c3xFWTUrSlJ2d07qL0W1rv0d7a7H0laly5NToKppyU4RlJO1tFrZaXVr69bNncX1vrmlMv8AZviKdlgDCO0vSXUqACE7kggMARyF9RjPxx+041/N4OtLrUXhe5/tglzCpCENgA57EHDdf4R3PP1N4h1P4i6LIV1bwnY6km4Az6Hep5jcnLCIqDu28hS2Rjk8AH43/aF8QHWvCMn/ABLtV082mrQC4iv4CmxmOCqvwGAPLEZBXPQ12Zpi418PUjGDTdrtpJrWGl23stEktrteXn5TgKlLFxrWjKLvFSjZtJqCs2mmttPs6t3uzvP2RiwvNKOQ2Lycj1GIwQR05yBnIBxxg9vv66RSlwZUEheSYlZFSVPm3AjJGM4wDgc5wehFfn9+yc7RS6U8aBm+1SNliB8jKFDHkDAyTkkjnHUjP35cyCQyh1KnzHb5QQDywG0g4O4gDPGRxyMZ7Mni1ho2tblV767xjrayu7J93azSu7E59VqKvTlBtNc9mrpX9y2tu6d+6u31PGviJ4M0TVPDniK5utNtzcro15NFPH8jo0UBKkgYDLuIPQN3Geg/PL4IPe2/jK0awuprO5tr2Oa2nhch4DDNzIh6BkQnG0eg9K/TvxbGW8OeIFCqAdC1AFSSW4t2PynAwDjG0bs5z2yfzB+Bcpfxs+TgI1+MDqAsjgkAgAkgd+MDB9/KzylCNbDtQSU7xlyrl5r8ru7dbvzt+focPYqtOFZTlKUoNOLlra8Vsnez2V+jV1q7H7G+AvjN+0/8F7nTL7wZ4g03xf4f+3nW5tB8Qael4S06gO6sxVlZ0YqGBB4JIBIFc/8AEL9qx76PWv8AhPvh1rWgf2lLe3r3WhXkr29pdXoc3U/2IRlTCHdjEhYENtJ7Aej6daxy6ZpO57iEPpNrlugYGBC3cMAT6HdjBzzmuH8daNbXXh7VoZ3huo7izu4VEkaM5XyWAIdsseQSCOc8DrXyWZ+HHD2YVJ4uFD2FepByqVafuScmotNtNO2iTbTuzrwvGuOoT+rVlGrCFRU4vZpRcYr5aaX02Xr8T/Ejxj8E9a8b+BdX+FniLxDq9wugQ2fie316xa3uLXVjMrBIG3HzY2wCrDoOnXn+mH/gnx+0r8NND/Z+8J+Cdd+IfhbQvE1jd6m02lazqSWd1FBJOXRtkmAd4wB84GCeTgiv44vDNt9j+JKQcFYdYSBVIwMx3gRdw4BKqOOMduRnP6taT4L8O694biu9R0y3l1CS4uI1uopJLadEXcEUyRFCD+AIbgHNfH514c0+JsoeQwxc6XsZKpCrUSm2oaJPSN372+vfu39ng89pYSosZWoupGqotwhZb8m/ZO+2mje9j+s/UfjH4cv9DuXt/EGgajbTLbJFcWGq2c3mlpVUEbZ920E9dpzyBxgn8EP+ClUlvB+0Zrs37t1uNK8GzqUZWR1OmBsrtJDfL1Ge/Y5x+c/iTSLrwzoV2fD/AIl8UaPe2jLJbx22s3jwtIr74wA0zKArKoGVx0znBJ+VdT/aM+Jvi7xRHp/jPVLvxBf2V7aWZ1bU5GuL77JYoYoYHlLDdFFGAEViFAA6YNfB8LeFOM4JzfEYiWMhiaeIpOmoqDjJax0T96MrW0Wj7rt6+OzvBZlhqUqNOdKafM4yX81tNNHa3pZH9pf/AASu8UWkv7MGlWhnSOSLxVq+yNgF+WSbp820cdBkYIGfmFfenjbUFlhst01uz/b0VInZEZgrrkjnLZ3HpuwSO2MfzI/se/tyfDn4H/Dqy8CeOYvFyS3Nzda5bajotjJNZ7Z3ysZKldrZIYHJ5Bzhq/Sv4c/thfs2fFC58MXtz8W7qwk03VGuL/T/ABBK2mSRRqQYYpA5bzDITtO7AHPI+Uj+eePfDbiBcW5pmtPBYmrha2KlXp1KdKTVrwd/dTtZK901dapan2mWVcsrZbT/ANopKtGkk4KS5k7Rv7tr762urx2XQ/FD/gpBomnL+1jol+Jir3vi27EyZBVDHdwhQhBwUIyG7Dqcda+kfh/4Kj1XRdT1BpXSKLVZY1a2PB+RMb0BySMnAGQApJLEZHi//BSfU/ButftR+FbvwPPa6ro91e6fqYu7O4iu7QPeyI1yGljZuuF2gsNvcEgCvqn4IeHbvWdH1CLSruCKaXXSI4WyIwSqZ+bO0KAeW6Y/I/194e4irgcmyr2rlSdLB0qdRSUoy0hFNOL9G1e1kk/X8s4swjqUa0IJTlOUZRSerScVrvrdO3Xp01+Ufj38N7/TNAv9btbxnGnhZwVixKu45OVBztyckH5QMkjGa/J7X7nWdX8VWNxqd8ZZ4L+EWyOx/wBQz/KOh2nAyw56dOef6V/iT8JPEGq+CfGC3tlbyrawpbPPGwKvK4IVQADwzEZJJwp4+Xk/gF8YfhZ4k8B/Fq00bWtL/so3CW15bIrq8Zt5XBSVT0JYEAgZAzxnmvusbmmDxXIqVWE6103rHm3WvyStd9ba2WniZDhcRTpyjWptRj8N9OsbdFzNLVXu/VbXPibqWu2V/oRs5UYTaVGGLj5GKxqcZJ4GMDOeSOSc155Za7r8sjW12kEsIXdtAHUDARNo5ORgDOOAevJ9k+N+mXVjc+GbdcTK+jxDIwTny179e+MA5znPPA8V06Ga2YRSSgcF1LDLAndxnnk9u+M4B6L8nmKTq1L2c3Jayu7bL4r9tru2rtZ7/fYC/saVnJL3bq1kndfnte610vbVdF4Rk+16+wlUK5tZd6sNu1Rzx3Y59B0+bGK+nfFfiLStH8L+CY7lgjT6XLAmBuBKu5LO2ex6cY6MCRXy74NWWPxIHmO8G1mK4BByQ55IPB684GM564x658Xkf/hEPAmyJyfst2BIqM7J944wARhiQTjoc4GTxzxipYCrGWzcLu3ZLom+tvV62VtemSar027OS5mk1dvSCu7bO3XVu1+yd6O40W9tJNstpKSACN6/KzcjjaMEEjIUnBxuzxngdNtFg8SzGM/ujfWpQJyCu5SMNznPDbsAc15Rp9xcoJICWMrjczAsCADwNp5yByc9W7E5Fek+F5Gk1uBWVywht5TvPJZHBZu4Jwvr0x615+BpqFdcs7Jq0fXTRRd1f3l92y2fTX5nh5OGy0atdryaS36a3alb5fQfj3wra65c210zTLJHYQxqykkAlQCGHQknJyCeTgnpjyU+B5C8yxSlxb280jB4/mxGrEqCdw+YA57qCS3v6n4y8Xy6RqltbSWaz276fBKCHw5ZtoHOMsR/F1z7nFMsNa0i6tZnMrWtxc6fdNslXduZo+IwfRjwO35nPDiKlaNeory5XNbrRK61/wAtbb9m31YdR9jS7OK5nbWzslo9PLS9/O7If2fHWLxloDOpXzL54pHbcBkEqSDkA/KQAcYDevWud+LSNJ8Q/FnlFCq6o+OBkckEDnnBxkjjk9uvS/BWMweKfD5OedTeQnOMAuAATnAOMcd15I7j37UP2b/EfizU9Y8UWCW00F/q9x5Ub3QViokYEsDghR3OcjB6EE15mcY6hgadKtXqKndJNz927vHS+nr6XfcvCR5qsop30i9l1cU9r3ber0tqtne/w4lq4BPluC6tuLdMgcbQOMdvp6EnP2Z+z/p4udIu4SXXZouoysQM8+TKAO5PJ7k8EnAHzGTxr+zD8S/BHgbU/Her+FETwrYyCF9UWdSQ8uI4zGGXLIGbmQdDkH32P2bgwstaR0ZC2gXx+UlsK6OoxjsRjqMccnmvn1mlPG0Ks6FSFSMbxbhLmV7wutLa3ttfc9GrCH7qWj5XHW1tOaN9NEvK3y6Hzbc2Hl6nONrqyzSjdtGDvZhkDJ4bkjJ744wAOm0i0lE9thhu3MWGACSDjb1Ocg4JOPlBx8x43dW8H36XlzPDKjJIWdRKPm+ZiSAfxAGM47EGqlvaXWnXNktxbkNJJtDrgrJk4IHy5wrEDgsckd8A8OKrKpTsprms00nZpXi1bu9NPz7+rTcXJJ6bJrTdNfe3vrbtre59zfs5QtNr9iFPzLNYfKCcZE8WGKjjPPqPbGDX92Xwrt3Hwz+H/I3f8IfoYwM45so8gZHt34Azxgcfwvfs2r5fiazjUKA0toST1LpPHlfUDKjqVHXGa/u6+FEAk+F/w9bPXwfoYySABmyTJABA47cEcngk4r4nAYFYvNsxTV5Qw9Fpq/Wok7ebW/4K56HF9f2GS5Jpa+JrO/S3s4Wvvbz/AMtDoSjDGWAfJLDPpu5AzjODnDDHPGcnKnaFAyNwAx6EHAJJGdwPY9sL2yTsNZMeR64BJ29OR2GBjgA8EYPWq72LDB29QSTgkc55BHODk8AE4Oc5rtnlFanfkTV2lrra9r9Fa19V59LHwKxNKSWu8k0ndbqLau7K2rWzv07GQzjhR8vG3cRkZwCSfbpxnqF74oWbJC5YEZAwTnB9hycng9RjjrVuWxlGWGSFXrjjB4weMEemOTnjqapGzmXaSmzG49ee2Ccnp74GfTnFebUwmJi3anJ217PTld1Z+aS3slqt0+qnWpStdxvou6Ubx7re11dapuy7q2t0ygL5hAwMg5wOeASeTyeu7Gc8GrAvSFxu4ypyOjAdRnjAHBO7J5bvwMk20p2nBwOcYzkdecAg5HI4BAzjABqQRSAgt3AyS3QYO3OfxJ64zwV4Nc3t8ZQ5UvaJXVrPo3C+je11dS01t826VGVlaD93W17uVlr0203VkrN9jdS93Jh22ngcDJwOME8cEEgZDYJ6nOKtJfA8EsFBwMk9+uRyBjnGeSCM9q5khgpGQp6gZxu74ycevIwSx3A44NCs52/Mck4bbx6cHngAAnhSScDrgn0aeaYqFruTtFNK7TUvdurrf5NpW9bYvBwkm0o7pL4nq2r2skr3bstbXStrr2IvVORtz64wMjuCOcnA77ckelSrd5JIxg8EEhiQCOvPT6c8nua5FJ3XJJJGQBnAz7Z5AHI75x0x3U3jqVOcHJz1wew+bk4HGM5BznBGTXo08/nBpTurKN29P5NXsrapdHfXbU45YCD2itbq/du2nRaadNNDtorpc4wDzwTnO5scHAGMA4xk/MOTira3CHGOCG56Y4xjOCM9Oh69c9xwiX7Hv83UcYB7YB47+2ASeQKsJqRViRgMSCwDBeoGSQMA9+enPHIOfVo8UQhFJtSWjWut7q/Wzd09dL9tXflnlbcm4OzS289FrtdJJvTbZ66nceauVO7bk4GMDkc56gFjx8uR1HPq7zVJyOSOSc5OD64z7kYOPyIHFf2m4bqCCcYPVs8kE44AHP0GcY5Mo1Nsbc89RljlcsM5AOOn8OAPfjFetS4qwkuXmfK2o6NWV3y7t22X/D9uaWV1kn1flum7J6PS999Gu2m3YCRSSQ5GVAJPJ7dB2Bx9DyO9TxEFWJIbcTjgcgZPzDk8cADK568Y2jjl1BgRucnJJxnJzkHkncSevGeRgDBGTbh1E/wNjgZHcE8fe754AH4ciuyHEmElK0ZJrS1/NR0t1s3u0tLPprzPBVotPlba2d29LL3nttr66eZ1u75TgjLDODjAwQOnOSRkk5IwMNjaMxmPcpw2eM8Z6+/PJ55HvWLFfckOwB3DaSwPo20twD7c5yvGDzVpbvI4YbtuRgBicFskHAB6YxuHHGcDFdlPNcNUSfPFcyi0nbR2jbra6S289nYynTqJWab7u1tkn2tZ69dLbsu7VySABlcYJ4zjnjnGTjHXng4PVgXgZ6g425wGAHBKj0PA55GCTwKhN0rDllBGCeMZGM+vf+6oxz9RStMpB5GCO5/PrjJz6Yz0PWuqONwzjH30utr37NWSS7N28+1ksrNO1mm11vb7L1912+e23dOwGJ+YEeuPmU44G3rn7v0JHegjaMjLc9QOFJYDH14J9B64FVTMByGJOFJyOO/CjkZ5+/0P3W7Gn+eGUEZGRnkYboDzjuPxJIJAzmm8Xh3vVjdKLWvT3fubv2T/ABDllZu2+mqt20+Ts7/f2LG5gSpyDnIwMkjPQnA6YAPPGTkdcKpJz/DgngtnHKkAjPH4dc+9VfNDj5ipU914OeBjHJAIwG7jA4xmpo3DY29eST75CkZPpxx/DmtKeKpNxtUUrafElrZJru9bO3z3Q2pXXu9Fp6tN7p2stlsvnd3k2nv15OQMknvgce/XjJ+lSKdowufU5AGMDGD/ALQOcd8lemCRT81VPfA55x945H5A9PTH1pRKSeeB0GO36/n3yOldlPER0V97XV9fs37LrvbXc5qkZSkmouytdq17cy6dbbq6a17uysll25GADjIBByCDkkgjBwOeuM+hFIJFORngDGTnBAGDzjH685zVYS/N8ynAJAYkH025/wBkfxHv7cmmGRT97aeBk8c8YwBnPToCT1GOmK1WIpdWrW3b11aWlrba6X12b0uTGE7b3be3VaJ9d77b2W6u2i+JMHA5P3gR368D1PbI549MYk3EjJJIAwAPbqcAcEL06Z6844pqy98YwScAFuh6/TgD075xUit0HuDnuO3TPXGPQgY4wOdIVoN6ctt01J3T0avql5ave9rXQuivFvv9y1sk1/e32+bXC/FSJZ/hl8QkIB3+DteULnIObCYccDIIxnJ557Zr/P8AfEWn+OU1fW4tFithatq+sR+YRiUbdSuMYGQR/PvnPT/QH+JxC/Dnx6fmOPCOugAnlsWEucADgjnHX8sCv4IfE/jOx0TUtbWUuxm1rWBH5cZfmPUbgspUHjHQEde5xgV+e5/Vn/rhkDhPR4HGJ2V3zKrRta9ktt29Uut7n6Rwmm+GOIE4OT+uYH3Xf4fZT0afRX1fkeH6zoHxFNzNGbpEnuNjSMqcSYGDkDIGB3HQYAyDivHPEPhj4kWNy4TUTGzpIdvQMBk8AryccY/Jc5J+tH+KWls8G22uZWmVWZvsZLRv0A3EkfLgbeBgA46YHkPjX4jQvqkTxadcy7IpOZITGuMnJHy4zjjB4GOpr9Cy+MnGTlUlO9resuXXu99Wl010WnzuMT9vSUKEYq2rUU0vh0u7O6Vn1S9Ge9/s3/DzWdc8NyaprnjDV4Zrd5Y006zP7n5oAoZ1+UYDHBxxx71yl94SYeKbiwu9S1Q2MkswluUnMQOyRgEXB+8CBnJGd3GRzXof7N/iuTXPC09pFfWukXAuLpmSX5XePymIy7AYwcgHvxznIPNNPHJr1zZX2pWTRxz3UvnNdLgsZGARu+DgE5yMEgtkZHTg4t1K6mnyRkmrtLXSy0tZu2u+91bW/m47mU4WupSS1VkmoqLs0ldaPl6aWW5w3xP8D29loPiS7W+1iVV8M3zWjfbpHjYJA4AnBO1wTtGzvk5Oev4//DzTl1L4j/D3TLljEt3qs6zSBysio9ww3JtAwwUnBHcY5HB/aD4w6xBc+CNZSz1OyLxeHdRiZIpMnYls4xwDw2Mgjgk8DgV+NHw1nNj8W/hy1xjKXM8wZzkEh2cNjGCo4zgEjnHSvbo0oqnU5LS5nzW33V7bvVPRflfVzRrTalrJtaR507aqLu9tm7a36n60/EP4TeHdB8Ba/qFpJqoaPQ7xo2nuJHjleOJpAWBYgqxBBB6t05xj8pfgb4b07xf+0F4f0fVUmlsru3BljSVoWcLG7ABwV2ZOFyc4BPbNfpd458d6treha3pZ1BZrcaVqQW1jhdYwghkVmLAFen8JI3HggHOPzW/Z/v3s/wBpHwkyQPeSMJMQRPtdtqSbUByGGTwDnuW3ZwTtUly07wg4N02o3vZvljbSzavfRJX01d7meEVb2VZ1JqS53JSbu/gi2tNEtXbez3tY/SX9on4C6N4I+Hs2vLYXkalLaexdb2SdI0LonlSITn7p55zyfWvhD9lOxspfjrryXNlBLE+i3TeVOokjVjcAKwQ5UNjoccdzjJr9IP2ovFk+r/CzWrR9F1fSZbO3tpi9/d77KFIiu5Yhn5ncjCqM4yAcnr+XX7O+uQ6V8ab2dPtN7LdeH5pgkCliWkmDlcjvHk5AzjbyPSJSqtYWNSNpKK05n7ybgklfvstbXe76rA1ZVcNjLym1zu0pauKSgmk97KUm9H1dz9AP2jbHT7f4R+InSwsYmEltGs8VusUgVHQna64IU5GQCByM5B5+dP2JNKstb+JnjSC9hSaODSLEqjojqGKDJCupCvkfeIYjkHHWvSPjl4nudX+GWv2Z0++hjlu7ImSfAjTE0eVIyeTx1yWGc4U7a8S/ZF1rV9F+J/jddH0+zvXfT7eKSO5uhbLFGuB5iFshmGT8vPB49a7WnGdJKm4vlt72jbfKlLpfTe3y6mVOjbBYmTrcyurSd9FaCau++nS3lsfTP7bOg6fo3hLwpc2drFD/AMT1hmOONQwZW3BiiqWwQOcnIX5gMZHH/sH6dY65YfEY6jZRXKLqlsg3pGxRFWTO1mUlQTtzggHA55NSftjeJNU1/wAJeFLW7srTTzbay+BDeef5xVSWI2hRtzxnkdh1APnP7F+v+ILHSfHsGkrYsH1iJZWmk2SK2H2lMnkDHQjnqBzzVLmVZRcdXe91a+llJdrpX2sZNJ5a3GfNFNKMua6vGpFNO99r3ei9FZGl+2FZ2dl4+0Sazs/s0S6JMQsaIoYxrtZl2gZGAQSAeTjORW1+wn4esfE3hPxEt/GyxR+Ip26KG3F3KknBYjoTt5BBwa89/aevfEWteMfDi6iLKOb+ybqBfsknmIIlwdzHpuIGOTwRjg5B6P8AY213xJoWg+I49Fj06QW+uFpkumJaWSYuAqLk5AAzk5AyfU0qNRxx8nb3k0nHRK72vbtZK9tdO5tVSeUUkpJQbg7tXV+eLstb6O7s/wA7j/22dPs9D8a+AI7Mh/I0HUWVgqHmNSMDAXdweDxjnO44NfVP7FVjb3vwOjnuIlIbV7+PeFQsPm3MTwWPB6BhyM9enzJ+24urXmufDXUNcGn2t5J4b1ScCx2+UY227DJg4VjwWBIxznmvVP2Qk1qf4T2q6d4ijsI11O9ZLVomkJlLAby44KOeRx03H5uaU67p17yj7zqPTRtNu91Z7q1utlZ2bZEoOeWwe6tFRvZpq8V63ejta258g/tyW8dl8Y9TWHewfRLMfOAPkOQy8AAKR8o9MZGSSa+/P2VLRJfgp4Cnd5CToku0FgyDEpUDaecnHzA8nOFXOc/nv+2bpviAfFy5jv7hdSvJtEsGaSFdiKh3bYsED5jk5zyBge5+yvgJ4B8bJ8KPAE1hJrkEE+lqXjimP2aJXnbkFcqCecjkAkcdMy6vNX3SvZvRdbN2d0ruytrfrrdHTUlCOX0Vy6WT2tpaN07Nvbpuz5L/AG2MR/EfxKFwxGlaM3I3EoJiCM7uBzzg5HTOQMfqp+zLY2cnwN8EvNbeZcP4UlMB5BIeF1IGG+UDABxtH4ZNflP+2vouq6R448RLehlePQ9EictJ5jSF3IJYn5i+CckeoI6c/op+y98NviFrXwj8EXmmanesl94fA0y1F6I1WIRybg275QCFZQCCMHGfmFEnz2i5KL57qTTs7WfK1o+1t7W6a2VWUY4alJ8vKlTvfbZNO3la2yt57H5A/HdVj8e6REsRi2+JL8bQS6gnUJADzgg5JPByATyOtftr4HsJx4Z8NF4QwGmacDthU/K1pGAS33gDkYyTnPbIr8Xv2iPD95pnxD0u01C4LTp4hureVFJLRTJfESoX43sWBIbAHHTnn9mvCXw8vh4V8N3ceveIFik0nT5JUS+2xkfZo2VAdgwB90ANkKODlgV6VVnGM1fltya62bsrbW30v6djOvOk1QcmnFy92O6cbQvtdryvdW3R+TXxouHt/iXrijASPx7CTwegEWQw6LjAI29xgcGv3a8KQW1/4CtUcRSGHwhDKmPKBXfpqZAJcZbdx3wOeDkj8J/izpkZ8V+K5pZJ5JYfHMcauz5bKhFy7kfMxIyWyBnmv248FfCDRX+H/h69e/19JNR8M2tzOF1SVEbNgrCMAH5YyTnZnJweVGM4YeS9lVvPl5rNu7d7Wskt3fa3fa7uLMnBTwzcU1eKSSve6ha1ndX72X5n4exuIvjx4NDLHEP+E6l3FgAI1/tFgWJJACjryQQM/MBzX7c6xPpiWiQ/bLS5HnckXMB2t5eATlzkkhecckda/EPXNMSD47eEbNw80c/xDFjtZyd0B1Xy2Qvw25kwpY8E5OePm/cLXvhb4RsdOmddAtykuNqvPMGR0XduJ35HzDIJBx06VeExqoUqsbc0pXtPS8W4pddt1K2ujd0Vi8NGdajUei91pJJuPw2vdpNapb6LpbQ/EjUMf8NH6e8Y2Rp49hJJZNioL1PnJBICAZJP3duGFfr78TvEGlQ/Dr4l2y6hZSTXXhi8EIjuI2aZgjDZEoJYkYJOB6jA4r8j59Os5vj1ptusH7qb4hQ2zwhjtMIv1jMRbBbaFJUYOSDyOpr9nvjD8JvB2m/Cfx5qVp4e0+1u7TwxeyW8oMrSwytCcyREvySSRnoPwpZfVtRrrmS53e8mtW3G+73abd7723uVmNOMa+Hc023yv3UtLyp6NNrpJu3Tpuz8gP2ebvTrH4weF76/uY7SBNJEkskjlViwGAVyBgk5wR24wCM1+hvxf8d+Grz4deK7O21Gya5l0iQQBJ2aSfBOBGNvJwQcYHYdiK+G/wBk7RdN1X45eDNKvrS21C1udKfz4Lob4pco5AIJP3cYAyB3GNox+nv7RPgTwlo3w+8RXNh4d0q2lt9BuDG8dsA0bFcBo2zwSCMZHOAcnoNcNXqRVShCUUpJtprVtxjt6rZpLVW7mOLo041aNScOaVoctmrJJxs32s9louvmfkx+zTqNhb/HTw/e6ndpZ2MGly+fM+5kThgAQik9doyAeecZ6fpX8SvFXhRvh/4v/s/VLWa4n8P6hHCipKJJH8tgvl5AGSORk9WPSvhX9jLQtP1b9o3w/p11aw3Ub6DcO1o8YeORmyT8hBBbJ79sgDpX7J/F/wCH2j2vwr8eyroljZy2vhDUZY82UavCQh2mJwuSx4yV+bA9eRhh8wnhnVoxcVF3301ly3t8tN+9rnTiMPTnOlOSbmlG3K0krONtNZO3lbXr2/E/9i3xBpGifGdNT1Sd4YF8JXkBYI8gMjy5AdFBGSQNxwSvTjt+gX7RfjbQNY+DXjW1tJoRc3VlGsCbXJnXepGCQoAwM8nAJPvXxr+wr4ftbj42zRSLDcxnwhO+yVUdTvny7YIIBGGAPAGQQBmv0q/aZ8PaNZ/BzxmtrYWkJXSFIYW0YeMhl+7IFBz0AA6dwM16WCqc1GqlK3K23FLVtpa9LWWyS7o4sb7mOoQlDmfLT1SVknZa3V29NrqzstT8nP2Lb7StJ+KviK71O4Fpbjw+8KsI5JA8jeWCoVVLHPOfXJHavtP9p3X9F1D4JeN7axvElmk0+EJHHFLk5ZeS7Io6cs24D1+YZPhH/BP7Rra9+MXjeC6jSSKPwu5iVoklAMgTDqGUgNktg9Rk4wev3B+11o9hpP7P3xFFvHBC9voyqJVihEo3EEEssa4ZsDGCDxwAMk+dHESpuoov3ZdHtdtJ93tbts1a7Z3zSeIpwl7zVmtlZ2Tb9LJ9tejPzw/Yl8QR+Hv+EyD2F/fTTxaSLdbG2NztIBVtxUkKTk46A5wele9ftZeLzqPwa8T6QNG1uydpbBmNxZNDbRAtkkyY7gkbc8CuV/4Jn2ceoX3jDzmEirbaOOitkndkgHJLDAJA4LDAwdor7W/b10yxtfgD4jaGNYla409W+RA7tuPOVGQSeo3Y4GTySN54twpxoq2sEnK9vis+q827ade+udWMFjFFpy1hHmvrZta2Xa17adHfQ/LD9hnVU0PxR4wH9kX+pz3GkWCxpZxMWULncznjGRkDP3iW71+pT67Lf210sfhXWYlTT7iKTbEQqMbd/mckEYBOWJ9hjIwPh/8A4JxeH4NV8eeOo7l2EcXhayfCBQ4JZsYA7kY7Djk9xX7NJ4H0+00uQhnDXOi6jPLvbklLWUgt3yBjGCPTr04YYiCjVg6nLKKTSskumnyu7ffZWOqvSaq0uWnzXcH8Tjr7vZWe60bv3Wh+Cnwd8cNoPit9JbSmk+2+Od0Vz5iq3nQajK0iISACVUgkMR0IGK/U79pPx/qVz8KvHumbLqKe98GLDZxtKrwyO8eNmzdh2UYGAOB7GvzT+GPhbR7640/VJrYy3kXxS1yGJg5BjVL6ZVJwOuRkZ6ngkcg/p78UPg/oHib4N3+r3EmpJe6R4O17URMLxwsk1vbu8aMgIDJ8ijaeARjtuXDFQo4mhhoSnFzhNumuWzam4W1va19tXrtdnfTboVKjlB+9FXlrZtNadlvvddmj8DTovjrTIIzcaff7HtYsS2iE4UqGH+rD/Lk424GMY296z7f4geMtJk8ldU1iNkQItvdSzFFC8D5JFAAXgj5TjPHHNfc3wg8Gp4i8HW2oW93qVvq1y8kPltfJFaMkY+VB5wkwJCMEdsnBGCK5/wAXfDTw1rd9exanpOpw6nZW8wkv7G7injeSNW+Zo4lAYYXqcHGSeTipr8K11ShXjClONSKqPm5btOzSummm09mkt3urFU8+tUlRcpRcdLJe67OKbv3e/wDwx8Aav48WfUze6s7z30o2y3BYyszg7QHOAQMHPHOT3PTpfD+rrMoEUkM4nl3BFK7l+XcNycBccAjgduAa86+JWgvo3iC8s7WQ3Rt3URs6LGwTccK6A4LAYBz83HIIrgkh1W1uI5oxcxOD5gaF3AU4yMBfl3Z68dzyOa+erUZU1KnKLg4y5W7KySsrO9+y30t1serDENpNNyUoxata7ukrNpbNdGm9lfRs+kdR+W21RpFKNLan5iuBy54PUc+ucHggHv55HHEpDIQ+CucnPJjwMA5fB5wc7fQ4254lvFXiFFe0lunkjmUAibczhVxwOFJAOdzYbPPcZqomuXIyjMFLEnIRjxk56kdh1zkdDxTpLlUU7PW6tppZNtb69Vr17JFylztSXKkrxacuW0rRurt3ff79tD3/AOEc1uvj/wAPCaZYh/a9u5PVNiFWI2nsMEnPPPHXI/VLxhPbPcxzSTNGi24KF7eVIZQwG0iUjawwVOQSe4BA5/GbwDrkVr4l0m8ckLbX8EzyKD5gVZlaQbQCSdmQNuTnjA61+1urftLeAPFvg6w8MSXGkWMVhbWMf2i8sore8k8iIKyM+wMRuA3MSSSORjcT9jkeZTwmHrRgo392T5vtaJWun330Tb28/nMzwKxFSDmmleylDV3Uo73ukrtNtrSys+j83e/hivLoJIm2bQHUyb/lBEoIAXnBYDgNyQT712Vhr8Q023jt7lY98EaOznb8y4GeDwemTgYI7MQKxtD0Lwp4v1bUri1ntLq2l09DG1hOPLgOVwHAOVZ8ggY4wQQR81btx8LtPWWGKOa6hBRRlXMinH3QR8uPugnH1PJxXJLjijgcXWp4ii03JJ8jbsvd12v13aVk2r739Olwdicbg6VWhVhKPKoq6acWuW7b3b0t2afVXKmu680NlosbTxzCHXraYzLyQFU5UsCevO7k5xjvirfiHWLTUNUsJpZ0eF3VNicFcMpDMSGJIIOc9ug55ydR+GV0TapHrbDyrwSw28qjG9ThS2W6Yxz90g8kHmp5/h94kW4gkP2a65LMsUgQsGAOGzk8dCPXqxxmq/1vyzE1Ks/auCqeztzOWjila7td6Payt1ViXwlmGHhCPslPkUldO923GyVvV379dtdDxTrVxd2dppGnXUVitzcNDPcwNlmhOCd3KhWXC45yecGuCg8LWdz4quNNvg2oj+xoH+0T/Pk4xvLEHJGOOB1I5xuPQan4Y8QW5ijm0ifyYZHmBgbccg9iBht3HQ5OflPO4R211qNjrz3U2n3ECf2ZFAGeGQSKVGAcEYPXknjkjIOa7/7Vy3FyhKWJhUSlCKVSUbKMUk1yt2V3rtv9x5jynH4S8VQqK0XZxi3bVKysrbWeu2/r5H8V/hlZaLHb6hpMEqxyiOOYDOwswJBX5fukjJwBu46g5rw/TdJj26gGiaNlkCsxyCcYznPC+nUjOflOCT9i+ONYt9S8NyieVjNE6OiGN1JKdCykdyT8ozyM46E/MsBT/iZ7iAWlyMqcc8kHpg5JHfPv38DMsNhpY1SwvI6c43tFJxTdtNNO1tduqPXwtTELDONWE1Ui9OZO7Wi3eu2zVra/LLGlI6Knl/KiHDYXOMAgsQD6EEkjHYnGKvXWlRRWdv8AIMSmMqcAONnJJwepGT9RxnHGpa7BEFG1n8s5znAx3Jz833hxznHfmt97eM2NoSFJU7g3HOCMZBxgZznA68ng8c8cPDlk5KLtytNrTeOjte61Wl91pbdUqtbngtUnZ3u7WSV472atu11t2s9yz0eWbToYokjbdaruzGC3yAnkgbgT3PToARjjzbxfZS287WpMaRm0cugAbaQHwoAI6H07njqRX094figW1VmRQPsyhPlyCNuDuODg5yeDnPUcjb458RbK3fUPOJCyNaSfIAAQ4yQcDbgnrwCeCQCOBpjsFR+qc8YQvZK7SVleN3or31tbXZLsRgcTW+tcrm3rLlV5KyTS17pp6fj0Z86NZNJErrCMBW5aBSHVcccqrAqcck5wR1G7FRbRZpjhZYZAAAYp5IPmZjjAR0yM5yuMH25FenWdoslnCpGCu4khACVA4yCMkZ5JzkYB9cwyaAhuhcEDymmj3LhSVGRnpjA4+91GNvBJA+W+o024zSu5JNpXXLzJK901Z3v3d73PqY4ucVyuXM4pOyetml1uuis79PNnPM/ibQVaXTtZ1izkSBXQ2+oXA+UjccAuQTzwcnnIGeTW7ZfEz4naf5CW3jPWy7wKzCa7Z8AsDhi3QHGOehPQjNeinwuNUtroMCkdta7UkXjBx/EfmyMYyQMkL04xXF634bksNQFt5Z2xWcLhwAu4FQwJGM4yeVGMjJI6tXDWwLjVtFy5b3bd1p7q63vs7W6J6WsdEcZKUbqTv1admrW+HrK9mrvTTc2LX44fFe3RIf8AhIjd+UwdftMJmOFAY9AMs2Pm79enf9cvhL8KtW+JHwB8Nav8QvAaeIk8QR3t/LqWjOkGo2kKMyxyRxFN/mbAGHzAsent+O2i6I+o34twjFnhcE7MZwQqn8htz1Oc1/VB8E9Lj0L4P+BNNiDJHZ+EdPcopxEzz2ySSHHfccsSerYOBuArvyxQo4iSrUY16TpNJTjGXVXumrbdbaK+tt+fFVas8LBwrTi3WXK4SataMfdVmrK7T1vdJrY/nk8d/s3a5P8AEWx8J+BNFl1Cx1O0v7+3stXk+z6xawWsjtcK6yffOFbYQeT2+YV4N4++FOqeC7q10rVdG1jRbyZmdLbUozEkqg7WlhkXKbDxhiwBAz05r+j3xV8KPDvir4v+AfF15bSRXNtpGr6cz2EhhaSKeKTHmqm3OGIPzZJOfmO443Pjr+z78HbD4ZweMPFlrd3dpo8Bi1H7Q3nKts8R27Sw3rJuAIIPoMsRmvGzbK8urTnOg54apOSbjFNwi3y3920bLvaT00sz0MBmOPhCNOcYYhcsEuZtVHeUb+81Z2itb6X6ux/M1oWv+L/CZiGjatcw+Qwk+yvO80Lbf9kkgoSD0wME+9e++Gf2m5rKSKLxjo32hWUrJeWXZipXc8BByQp+bBPqRg4rI8Q+H/Dt1qmrroOnLFpMU9/c6VMjM8y2YkfyFlx8wYqOQwGAua8QvtNIguXlAd4HRlKjawjbkHAzwAOh5weMDIHyeLoZjlc4zpV5VYbpNyafKk3a7TVtv+BovpsHUw2LThUoqnNWTb2Tstn1ejs+rXlp92adq3wz8daTDNZahZC5aYyNDGyW14CzHAeFyAQpYY6DuOcZ0L3wPc2Olg21wtwk12zRoy8urphAGDcnBVRtIx6+n5ypa3FvKLi2kktZGUNFLDIY2Jz94hWHcAjg9euMmvWfDvxb+IPhx7a0n1I6vZQMpW3vd0hxycJIeRjgLnpn2482nxDiKTftua6a13SbUU7+W9rN+a0R6DyqjNLlSSircytfXks+2qT2SfS2jPrLwTp0+najqEU8ZjkFtcxuzKcKBnaN6hh6dMEZ79a81tk8vxDdfOzM+oW6McfeUlj3wMA8E5GDwSK3vBfx58M38httftpNLvZhIkk5Xfb5kG3duxjHzcAYIwOcde4k0bwtr0tre6DqNtcTPLHNKbaVMnZhVzHkc4LHBzyOhxlu6lntCtLW2vXS6em7et99LX03MKmVThFSir9LPRL4U35y9LW/LGkdXvLsxgMFvdh29QShBDc4K4I6fNwCM5WsiZomm8PEFVkbVJFCkYyd/JPHJBGBg9wRwa60+FtQsLy7nEgkSW5MoTBLOpUkj5hk9fmJ4yBjngcbq1jdQTaC7QvHJHqbySNg7VQvuUnjjAIIyTnOd2cAevDF0qsbKpG722WtkrprrzW0e9no3a/nToVKVRqVJ262Wju1qnZq3k3fZvY9BGlqlprT4Uus0b5b5lyc5BU5IGDggEcA5ytcpqfg6O9fR10oJHcXFxKWJz5ZAx1XggZJXGcH2JFdTd3cpGpSxjMamDdkYUkqMjnhsseBjJOSPZdNumtr7QW+ZlM8uSGGWVsE7cDj5jhc4HGRn5TXJiKVOqkpqMm9G11uk1Jdrta6du2vZSryo2s3G1tNVfW8Wknre9mn1W9t+LufDOtaSskd7aSmM7pBKsRaLa2QrcZ2ZxlexX/ZGKwXEbNFGxGF+U4GH3L2IAyOepxn5uvPP07f6i13a3KFAyoyrGjgMGHcHjJHJ4yORzg9eHvfDdhdwxTfZRAwuDGzRjGEba2COAQD06EngnGcfN4zKI2kqdndL3Wm2ndO6lZtN72kn5tHsYbHybindLbo1uk7qXmnbXW++p5dJp7xskkMrQkxq0ckMjxlWUggnbjrjDEgAkDqMrXZaL8SPGPh7yY1uzqFuOHtrrMmUBGMOTzkDPJJHfGRnc1LwpcSSJDaFMxWgkyByVCgYb1bH3SCcH+6RxhSaPOstvLLA6o0ZUfJ8sm0EE4I5Oc7lboSOSFyPjsfl9fDyUqSlB3TvFuz1irPvbf00dlt9BQxdKotbXdrpJX15U7L7Otr9Lta2R7Npfxj0LVVWHW9MWyLxmJyyCWIMQAHRxtCgnthjjHPp6L4evtAS2abQLu2nnndC6oVkON2flRgCuB2Xqep7D5Mj0dp0c+VuUyFe25T1wOhx146cnuvGpYWN3Zgy2MksU0TEEo5jIOepwTkADtwOo65HhvMMdhZKU1KcFd3d0to6pNJ3tsl37nU8Lh8RFwdo3TtJNNp2XTq7rz0ei3R+rXgLx9Z+ENf8L+IY4hdJpsMi3lvIfLCtNGY2aMgFTkscc49DzXJ3vjW11nxybzUptQs9Kll1OV90kjRpJcTSyRxOowphZXUAYwSeCDnPxZoHxC8Q6fAtpelb62BQu0pPmBV7Bh82RkcEHGQeDg16rpnjXTdbhktzNsZ2RnS4BBG3acLMR04xznjq2RiuqnxW5RVKyUIPm9lP3fe5Ypq6Wqly3f37p28qrkUIVHKUXKVSnGHNF6JRlfRN3Vm3qr9V0O9t4LHXn1y6RZDqVveXSafDEoWKeyiXO9hnoBkng8ZJwOKibT3tQhYSMHgWdVK42kAFgHHQAjGBkkYIBU1y2nxSQapCLBJkt5HkYzRyZYJJFhlUgnljlecZBwflJz6Pp1yJp4nk3lbWJoTHIoO35jGGweOcKT6ngelfFZ3iKOJqxqxpQhzJufLdc1SUr3ervd3S7KzSSsexhvaYenyqpKoovRSumopJSTdkndq6S6WTVki/wCFXb7UJCrAMu5wTjDDooHcAAhuCCevGa/qx/Z6k3fBX4dMq4xoFpwcg/6pBg8Y5GDgYIPyjk4r+YnRNAiW6u5I8FVjikGQAA0oU7QBn5QD05P6V/Tl+z0jJ8Ffh6pz+70K2Ax3AiTPGQfzOTnnkmuvgStJ5jjlTduTDJNq97e1je6T7rR6fqfl/irJ1MDlrk98TK7Wi0hG/e+l9Ert6WPaRKFYZYbcHcNpOCTwQxGD19e/JGDTwcjoGBOcnAzjkE84GB2+uM5IqsqgHPz898dSSe/OByRnIwec9TTjGwOFzzzyCTkYwOox3IOPWv0tVq/NaW6b5bN3bvF32aVk+r9bWufiyppWSk1sutr+7dJfZ+7RydrPewoVs5B+XoAWOeCBjkA8kkY6j2xlpTaCMkqxyDkc98Y5+6TySOhG3ApgZlGM9e4GSCAehz1z7dASeRTwXIAAwFHHT5sY4H3iCOTk+gAz276daUoWlzN2TelrXs3d33W3y+ZKjZ3XTa179tXq30173bIZImO0cDGeeSRjAHPGenA4xxnoAaskLdQAARgEEjIHTp16cnqe3QgaIJGBgFScBgMZwDweuF/ugEjqDxgBpKgkAhieQAOmM556HvkD06DHPJWw0asW23q1om73drve1tN3ppqaRm012bWna7W2qf47v7sR0YEDHOPqePUfNnjpkZyT71VdXwSpOc844JBzjPqB9MDpx1rYmV2BIHygkEDOeT6gDryO44474oMhyFHJyM8e5HyjP0zjr8pxkmvnMVh6kJSiruN7a32bXRduu19tjsp1E7O68ttb2V313f42Wuqy5VzyM9ACcccEnJ6noM8E/iBmqrRDHI4I+bPXOeOeSP8A6/Y1ryQtuDZIByeThO2AOOBngcgk+oLVAYSCATkFhxgD6KwHO7vu56jGRxXmYjBylF+627pJWu3qnqrp/h0tvZnoYeuoO/No7ba7cr0u/SztonvqYEkALEj8G6ke/OenUDn+E4NV2tztB5Y/LgHuOe5wAT1ORk859+ma3jIJ+fof4SOT198Ad89/eojaBhkjAI4yOCcZySe3XH04yenjf2XVl7zSbu3Zq7Wsb69+7102va56UMfFKMZK9mkm7dbJ3Wtk3e6toutznGtyeO4GBgbcZ6DPU5HXPOAMHgU8WqqMbQvXoOCeM4OQGGCSSfoB0roDaBeT8ucDkH5Tk/xEjrwRjtzzkYRrMhvmXIHTBycgkYAI9c5+XAPJzjNEcsrXacOnRPS7Ts9NFq9Va4vr0Xa3upb2tdXtdLS9tle+muxzTW4xyuEGAD/Tjk4I6kk4Hp0QQAZAGCoGB65P+1kYA6g59Pp0v2QHggntgLnjIGOmSSeQcgDHfqUNmoJyM9QBgfgCcckjqW5prKqkrNpJtrRqVraWV+rey11176v+0Yuyvono+q+GPXS99X1+85zyOBhwOucA57j5SeSO/HTOSBjhTApwwyVKnB57dcjjnjIz83TBPfoTZgNnHyk8huAMemc9uOfTJGKi+xhTjaT24O0YGc4GQc8HGcbRyR3p/wBmVKctYppaa36pWu7LvtZ7ryH9djJaO3q7dvK9lv5K6b0MH7PI33fmAGMjHVT0Zc5/8eGMH1ApWtZG5AUYz0yCcA54GTkYxycAZyTgAby2x9ADk4ZcgjjB9eMHplSCOMnJpptypK+q4xySDk5GerEjkc5AJByc0/qLbs48r0Tt58qtd3V0muit3tqOGLSfxRle1tdXZLVedr+afR6I5s2rA8xscEhic9edp4/unJOPfORgGM27BiCp6f7x78HHY5zxnoMkA10T2xJUYYH5iTtJUAZA4GM478k/Kw9hWa3YAEgjHPOBu9Q3HTAxjGec5JDZU8ttHROyXbVvRJtW1vq+u68jphi1JauN77915d2ttkrJu6asYTQNlTggE7TggEHptx90DjG44GR7nDljO3aQygZGAM5PTjoAMDkLg5yD3rWMOTuy4ByACOmeD/hkcE8cmojGVYgkkc9s5Aweo44BPTJ6EetY/VZQfM1q2nZdE7X7eT8rL1NlibpWcVp17rdfO/Zt7PezqBMjZnaOvQZ49O5OD3xgbsnrVmPg7ThsjBGBt4xgHHy84PX65JziEqS+SpJAwFBJBAyScDpwcnJ5HA4pQxwOqkZ5BzyDx2yAep6jPXI5rqo1YQavF3/vSbV9LNqyurb6tJu3R3mUuaNlZd2tWneNmvx0W7XnYvxuOFJCkA85I3bT0znaMgnA/i2884zqJMrAjcNxAyOMjABLLnnJ4yBjknoCDWCjgkAqAeCQcgcng5Jzu+gx2xwCLKSZBB4IOVIPzYHUkY6jBIwMA8YGePWw+OUGndKXa+3wadbaW6dLdDirYdzS305eWzs03tdt22at010vY2WC4AHGDnnPuMjJJBAP4Y54JqxBHlsnllySF6gHOD0BwduccYwOcAGshZs/MCcAgYY8YPUhh6nPb0U8k427SVWGcADjkNnPsfTncWP65Ga+gweMhV5XdatXvZyv7uqvbRb3u1ronbXzKsJQ0aei1dtG7R2bXbz13u1Yti2cjngZwDnAzyTuU46cZHqeAOKc1qxUk5OCBxlQNpyMjsp56HucEjrZFxGANzLlgDj347jn6jGe/HGHidN2cAY4yckcryBjcWYZwQAB054Jr3qVSlKCtP3lFaXXldWfnppotl0RwSlUcr2tdJKyaejV0vNvra1nf0oG3wdzZDLlgQTyckEDHXAGcY7YweMuWDJ3kA7cj1A3cA9euRz1wMHBxVlpQ/BOQh6gjgj3HzAYI9cZzgHilDk8rtwflPcEZIDY4HGc8ZzxjKni4zopJN9VblSta6fS3q7PeytccnJJKyb2d7tLazje1r72tdPTsU5Ld2XAOEByxXhjznnBPAxx0x3qubaRQFUcHPLMAQM5+vUgDpkZ9zWxuB2kLnlQeu3A7YHykHOQSevB9KjIV88Z5POMEMTzgY/wyDwoAJJKhGV5xk9ba83+Ho9L/JW3W1yFXk20opJcrtfdtKzSevmtdNLe7Yz1RgADxwNuepIzu6k5xjjI5HXocWI1AOCABjJPGATnPcZwAO/HPQjJkMWQHJ7kHBz944BBwARz2I/A5ppXceMlQdvA6nHJwRyc4GCPXkHgOF1utErK6te1ul+lkl5N3Wpcp3tZp3Sbtsr2Vr3fbRWT37j+Ac/wdGI/vZGMEAAcHBA3ZbocA0xo2HcjdjI3AZBOdxI3beenHJyTzwG88AdDk5I7ngAY68gfj155qZVbH3QTgjLEg8nGQDkYycHcORnBBGK3+ONppqzVnt0i07W3bWlnZ31JvZ8ydk0lbu3173enp5blCQyAAZ5GexyCSM89c5yVOT16d6h82UKwDcDkNnJAHbpwc9B2ycfeGNgQqy527uAMZB4PDDOOfmz09QMkZpHtlPYAYwcDB/MYOM4PIGODjkUKhJ6Rk29NE23pZ7p2897206aWq0U7NKWqu1bya9XbtdLVaMyllfIAyQTjkMoB5zk8tjuWPB68VoRsTtznIIJI4Ix685xjp744xwHG1HBGARkBum4c5C56enTkYGCMYXywORw3QDjgccenU55IGVAJ4rajTrUpxbuou2t3Z6xvptrvay63vcVSpTlFR5VzW28mk01pe2yto3s2rFgOwII4BJwcHOcEden1HTnPXJp5n8rq3XLckk9geO+cD2HcjAFVgeoYYGSMknI6gYA6np78ZAzTC8Z5zwSVP94AjI9FxkHHTgjp37liZQdoya1T0dk2ktrbau9la7dtFdnNKMW9I+6tLavZxd2ld397prvutXP9oJyrsW3cdAuOh65B57gk4x9aGnbGMjJ98H8+c+5OM9ueDkzOCVAO0ZYe3TgDHXgdCR1HPOajWVt2Aclc9TkAg9QNwyQeMAY9u9czx9RSXNO7vay73VnvbtK1uibtex1woQlFaJLVvZXtbe/fS9uXTVG/HOQCMEHjknI4zgnn03du/QcEXEuSpGWBBGVBwSeDjGcDP8RyOOSOQa59JWPznlTnGCMcZzxk7gevbgg8VKJiW+U4UgnJB4OB168gEngYGCTnOR6uFzRvTmva19ddFHR7O1+m6V/lhUwkW9LO+j3slotultV3t5arqEuSCCWy2D06AHGcHJBx37EgAZIOed8eXYh8C+MZgykxeGtXcDuMWcqqec5PT6HgnvSxztu2nAyTjHyk4O7oOhU4Ixntn35/4hs7fD3xyATlvC+qg84GTaSY55IOCAOM55yDjHtrMqn1PFJSlL/Zq0Vdb3hfR20tvtf0OKjRjHG4RNKzxNDW2rXtael/T9btas/BX9jpTLoXxW1kCZLubxOtsmwcKp1K5GfunAxzk4HXPHNfYerYm8dajM8sTsngKNVTAJRXhkDL25BHU556HIxXyb+x/JJY+DviLCiSyTP4tiOEUPnzL64THqX3EZ6Hjqa+rbjSrrR/EWo3V/Kn2mbwddqyO25kVIZJE5zgcEY4bnKeuP5jw07VY3i051XKWvuJ87XZ2k3Za7aXd7I/qPMWniazbTkqUYxTavy8mGutXpo5LS7/AAZ+R/hOEN45v5CoP/Ew1dRGcAMBPLxjpk57c8jNe2R7zp+oEKqhWmOfl3E7QB26AnjHQYH18O8HXcTeM755SCG1HVnJA4XdPIAxHOFPCqcZyCBk4I90W+sP7PvYpVlBczAMYySCVyeAc8HJA5Ujua+7wM/3CfNFaS1b3VoLS66N7LTXR9+fGqXtox5b2jCWmm3K/JNX+7TayvZ026eLQ7tXmTLWRCAbd2ecDJJIJweD09SSc4ukGS3LmTADWY27WUBQWJPJG7J45ByTnngYfptzph066jCTGRbJlWSRB15xjknnJ5OOBtGQeaGl6lZBWE1vKWa12KcDb8rHHBYYGcEcnk4PJNdCrNypqThdqys77W6db9N0urtY41S96paDacvetdpXto9bO+lrJ+d7GvOTLqmkuTGm1JfkPI+4ACwwDggjrgnHrybdrN5uraeiSJuiv0jcKmG/1gbAOM4A+bgkDsDkY5mXV9Ol1bTN1tcKIo5XkBBCvjgY5JIJGRhtvrwcDQs9Ssf7c09oFMKyapESSAyc7SRkngAbs4ydwO3ODXVRxDcox546SXVpvWL7aO2+rfe6slzYmg+V9EqUmrNt9r6rRq1paPa6vozq/wBpbI8EaPu+XdrexdxGP3kARmJ6e/qQecA14ppWhSyafoJleRomtXJQYBIifBwAegUEE+gJz0x6b+1HrEc3g3R1ilMqx+IomcLkHCwLxkdAMdz6YzXCaZ4ktovDemomnySXMVlK8UrHAUsSvU+q59RgEbSAK9HDVObHYq1lGdONnpfm91/4b6ddG7rdWOJUqkctwmjl/tE072e8l3ellpqnq30ufQWj2tpB8IdbdI2Ki3v1GWGQxjc8gH1A5Az364FflH8RrcL4itxGrYltYyONy5OOTtDDHXOQOMnJ7fo7pniLUbj4Pa4skCQwLa3hEigli+1iV7kHZ35AznOSTX5w+M/EP2y6iW3gEStbRRs+zMrFRyQ5yQMg4xkE9SCAa8rHPlk76XjzdNXp16K1vK/3HvZLCaVS6UkpWdmrJcsbXaureXfqanhDxxB4Ng1OOCxj1HWbm0eGM3DbbGz4Cq8v8MxBBYJxls9+R5Vquo3PiG5ku9TuRcyRy72IBjsoELFikEIKgZHygknj1rNvLrZebSGAcKm0McHlc7xwSe3JDAEjPPGXf3q28j+ZKVi83YkEIBeRgMAM2McsMHGeSBySMeE4wVTR8vM7NrfaPLqttXrbva2p9J7FRhKovi5rXe9mo2W2iV0nZtrZ66n6u/si6tHqHh3x9dQ28NpDaeFzaBYYkhWQx2rAO23GWYDG45JzkcCvzB1u8W18ceJZQ24i7vZC2wvgSyM2MD9M5GTgc4r7y/YXuLy48GfGW5uEkiiWyMUHnEllD2b8AEY9BxgsDwCSa+DLe4lm8a+K+IHJu7pB5iBlHlysD16LzwMfxZDYr2ctvDEQ5pttxSu9NLxf3tL120T3+TjTj9Yx7it5UuZvraEVbeyXNrfV/Ox5zrFxGkoZGHmTAlT5cmd3zLt5HGM8Hdgkc98+oeIbK6tdN8FziPZC+hzyyXAjATcMA5DMSSCdpJyc5A7gct4jubplBi+zRrEyqzeTHycEgY2k844PbPTrj1TVjHc6L4CF4TdLc6fPDJCXYRja6j7pwAOmRnA6+lfWUq0kqnIpNKUdHZq142d29Vonp18m7c9aEVLD3lGPx3/m0pxVlq72tZ7N9E9L+D3mq2sN4siPb3MjFAxzgpksGz79cD5QN2Pc91Z3jN4M1wRwZsIry1keRWyFaTk7DtIO1myBk8cHrw6fw9oq6lewCxtvlkHlBWGSSQ3GMAAANzgk5AxuPHq2m2mlR/CfxRH5MMcX9pW6hdgySxckgnJJXHr1YBTjOPSo1a6TTqRUZKPRvVbq6u9Vvonr31fHVhh04O05SU42UpJpS0T3Um1tdu71tbQ5Pwz4gCaZZLFaeeIzIY5Ru3Ku1cZIAO4DBwMBfTBNY/ie8mjitZY9Me4W4nkuJFw2RgHOAyHOOG7jop46dx4Kjgaw0622qUa8fcvy7mjGMgZBO1uwzzxkcA16b4osLS6t4rnTkQf2dp0vnoUXAJV+HGB8wIPuOO/J9yjzzpcvtI2UHd6bWh162STfbTqeJXqwpYhSVKTXOkne+rlTV9tkk1K+t3a/f4p8NeLZ9N1G7P8AZE7xySTMPIkkDIrEAqyqOqg4AJJBGOeK7Z9dstWuIY4PDesyzOqMzpExC4BLMzcHDEkHnp/FgA1f8DR295f3Frd2hf7RPdyDy0USOHLCIoAueCDtzzj5eSDj6O8A+F/D8OnyySWly+o/bZYSzht8aBG8tSem0kHPf6nIr0sqo1KlKX76MIJtJ6ra13y2sm213/zwzDFUsNLWk5SmoO6k09VFPSzSt8+vTb5Y+EHim60KfxdbxaDrl+11rcxMtpExW3IJBWTBIVsAZHbBGCF59cuPHlyzgt4S155ArYVtyE89yxPXtzk8jkkCvdf2PPh5YeKIfimNRtJnjg8WXQi243BSwGAT8xJU9sYHJwOT9V3fwX8GWt0JJbGQrHGzOsu7IbJOQQQSOpHPTnPQH7LKPrbwOHdLHqEZN2g4p29/ltZu6vZdb3tdW3+OzfH4Clj68K2B9rUi6alLnnFyk4Qd7Kydlorbbux+Mun+JNTi/aAv9ci8M3bNL4Titv7Oup/LkiBZszSSbXKoAQQxGDwD6D2O98e687Iq+C7dmxgFtTkB69B+66E5IOMHI9a+gPBXgnw6P20fFtpLpdvdadH4Bt/KtZQrIrl23HyzwWCsOF5XueCF+3n8BeCpFDjwzpqqi5z9kQgE4B+bHUDJx6DrwQevCPExhWhHGxusTUT9yPvNSjeV9bKWrS01OfHY7BKWGbwEmnhKEknUl7sWk1G3aNldu3Xdn4I/FW/1zWPiV8K7z+w7ezmtNRRobVLt5VuXaRf3QlKfKSOMgDA6D1+rH1XxsqSq3hHRod7lgsurEMpzxuVlLZGQPTB4OMCu6/aj8O6HZ/Gv4CRabYW1rFNrkKzxQQpGG/fgMdqgDIA24J7E4HUfY0Pw/wDA2rXW64sD9pGo+XM6ou7azEZXJCkBgozg88HoMa4ZVo18WpY/lkpU7zSilO8INX00s9H9zS3TxOOoRwuAnHAK06VRqLlN8tqlviTjf+bXp110/JX4znxTq3gbUYb/AEjR7K3iu7KZ2tL1riXcJlwpUqCNzDJboCB2wo9u8LX/AI8i8OaJCmjeHkhGlWIhkluv3jRrCqxmQbC29k2kjnDc5OAB79+1l4Y8I6P8LPGFroGnpFdWd3pYaUxoXQNdRj765yDnhQM/MQWyDX2Z8Lvg58Mrn4ceB77UbJvtt14X0ma6dGUHzHs4i2FJON2SSxOSMkc8lKpGnj68amYSjJUKf7yLiuZKTTjd/wAtm++uuxlXxyWWYer9RUk8VWpqHLKXLaFN8yad7PVPzR+XOoy+M77Stbgkh8ORxjTL/wC0lZiGCG3kDeXhRufaOBgc4Xpgnyj4E6T4itvB1u2grpQs5LvUNpuiDJ9pW4bcVLkEDIJGeMD3BP7MfEb4L/CXT/BnizUdGgSS/Xw1rEqIJR5iyx2c5QooBGQQCV7e+OPyx/Zv0+C5+GsMrRTXdxb6zq6tFGGIQfbXXDBeMj+XcZxUSqKeMwyp5hOpKVOqm+ZXilKnor7Jpu/on3usJjI1cBiZ/VKcPZ1qKs4N3um72cnr7rs/kldtHURWfxDkjcPqnh+ENHLuAgWVigRgwGCDngg8kD1A5r5b+AOheLpL34kw6VrOk2EC+KLyS6abT2uTNctKxYxjIAQ7icdtx9Dj9JNJ8JWUdr9pFpc+ZJHcscq7Kn7tuCpLAdRnGM4OTjmvHv2INDs76/8Ai/Ld2qyrB4yvIo1e2WXGJpFYncDggDIIxgdumKxLhTrYX2uKq2/eNt1LqKUVu9Uk+6tZ6eRpQxvNhMW44WlJR9jFRjTjeV5Rtdrd9Ulr5O5wB0vxruYN4t0kOvyELoTMFUHAJ5IHHYkdAO1fNbab4qm/aE1KKLUbC41OHw9EVuZLB0iljKg7lhJBBwpHUZBO0jg1++Z8AeCgf+QYWknt1YN9lRIt4Bds5VejEgc4ORnpz+f+n+GNFu/25Nc02C1XyIvA9vIsSwjYJVRQ5HO0DOM9CT1AOa4q+Lw1VYeNLFuUvrNKNnUcrK8W5Na/f87d6w9eap42+FjFLCVJfw1G8uaHutq11a6s+1l3Xgd9o/xAuRbAajYBI1ywi0qReSMkD5ucHr0GMdq8j8Z23ifT/GPw8e91dJHGrSLEI7Q2pRwQAwyQeTnoc5DZyCK/baT4daZHGwisow7xPtjW3RmALckA8gHGWPfr7j8z/wBrXw1caZ4u+GX2e28qZ9enjjSIBXfLKMgKueuPbLDJzXRmFdU8PJrEObvByTklrp0TtpvppdWPEwM/rFZUvq8Y80ZNyjCzVopcr33V7WfnZ6HoXhnxz4x0O+gn8/fLAxIlinKyKAQqK2DhxzkoQRweRX174T/aL0rVZNL8OeMJ4LaW81G1sI2vgotrueUgKA5yE3jdluAG+baCSB+d0E2paQNSOpWNy0qLujLyMJAg25YqcPjdzu64IHJBFeSfEnxNqITwTcWUN807eMbI/JuLqUkIHCgsVGSQPoRzkjwYZ7PCtSVbmVndc14pK11LZJ+VvNbk5hwdhM4hapQjTqNSlCpDSd7QafwptJ2un0TvZn77+OfgDo3jGwe98NRW4ea2VpYbcrjds3rJE4+XIBJ3YySORkbR+fHxJ+CniTSNM1nTHuHVTbXkbrdWwZ41KEiRHADMvChiCB77cEfSHwW+NPivwxY20N1Jc6tassCPBcQT7oAyLmNZSCMDOCuWGMDIxgfS3izU/CHjfwxc3dzGLS/ntpgyygB4WlUqSf4jGPQjOOW42muzL+MMHmM5UY1qU5pOPs1UjeN2k9VdXb05X20vbX5TEcM5xw7OE4qcsMpxaqRu4xScXZ6JK66Sdk721PwP0T4U+MLfQLfTrXU7UxxRXBkieDEcqvI+GXBJJOPmAwcj7vXPNav8LfF2h6cX1G9htFmugttK0W6As53M6tklSByoAbaDjHYfpkfhdq0Gl/aNJlW8iS4d4xtDExRSu5CkA5BBGV4P1wTXjHxT8Jya/p0hlnbS7vStQtphazoVjkJKhuMEEcMemMj1xj0FGgqTc25PlvGKa0T5Xa+/S9mumj2t6uFznFYirCnela9nzQV23013Vldrre2p+YzfCzUdc13xJdx63Es8UttbXjpGMzbQu1Y1J6kZyeWyOeown/CsLqyuUhbVrkusuJI1XLRqo5bgsSMAHPXscNyfprR/Dl9a+KfGatZwG1tHjuCVBVZjHGhwhBAySSRgDP8AtBcnzKK7vbnxfcXJsmtIJ5nsVMqM2XIHYkgcdhg4xjA2kTh6lB4ecmndztHe6a5XdptOydr2dnzdbNnuVMVXlX5FJJU4Q5/dS5lyxbs7Xsk1dPTf1PBPEVtd6H8QvD8NnqjSFLHzY5C5DKysQFcg7iQwAweCqnB65+7PA/ivQtYjsNL8aXP2VhBEkN7ZK3zu42hmI6E8ZY/d5J2jFfHvxH8Oi0+JnhuC7nQebp2dy8BA7kgNg8Fc55HQDG7k17bp0draWlvBbT20slvMgErRkryF4Z9pXtyOpII4yNvIs3ngJylGfLDmTcG1qly20v10XTTXZa9lfKoZlRpOdNc0oRXOnqm7JXte1n0ul2a6+1fG7w1/ZFj4Km8J6h/bMf8Ab8Ti1uI0umkLqm14mPBY5IK8EFeOhB7axsvFvloRYzQSBVaSOXSSi5cDKDeoBXJwAOB2J+bHFeDfHekf8LE+CPhvWtLgvtKuPGdq8zybvKM6yoBG+eRC+3kn5QOc8gV/VP4rm/ZY0f4eaf4j8X6b4LFtZWUUt3a2cdu18u2NQUjhiw0hUE5LEDAJII5rgxPFjp13OKT9rS54qU3q4OKcYLW/fq92r7HmVsrq4GnQw0o1avLKSvTg5SgpOL5nrorOzd0tNbvf+axPDXiyWy1t7m2s2jfR7xzBPZgbIngcM6rtI3EZwM8DnGK91/4JuePvB/wZ/tS28LaBH4x17xFbXltqelPoMU1/Dcm9cArcsm4WwbaC6ldigknAyPrL4w/tJfsM6xoPiHTfB76hYarc2cmlaJLYWhSGG+uIzCXkA80skbfeDEAYzhs5H51/AP4l6h8GbrUfGWk6PBdabc3t7oMF9dKitdxPdMZbnIXcjMSSrjb82cHHFeTjswxObYeTlCdFQs3q7t3TsurV+jWqZ6mApwwylTlCTVSa9yb5eaLUbrmU3Z2et3q7bpH636l4o+Ovxe8HfEjw14E8D+F/BvhPbqll4su9RuftC7GspXmhgt3jCq8inZtQkJnBJxur+eL9mrxWvwz+PXivXPD3h/QNW17Tb+40SHSYLIlhPp1+YnnWaNHMETyId5xghsAjpX7JeFv2+k8PaV4t8Epb29lZeLkEQljgVjbXVzamO4aSZgrSbw7FX9DxznP4mfC79qPTP2bviX8UPEOk+D7Xxff+Idd12ys5r5YybeWe8eTzissbYjYg8rgjOCc9fla1LMKmX46hh8NOVWdJwcXJpyvUaajLV/CotXe+z3P0PhbGLAYqftpU6WFcoOnGne7grcynJu7666ad7aftP4n/AG7PFMem3Wm+JfhvY6VJaWv2qScTOz+YkRcC3TyyuThRHkrx26Cvzk+FXxH8JeM/2ore813UFsIvEmlapqkp1D9/Z207TZhiZWUKjpk42k7ck8g18a/Fn9tL4tfE9p9Bj0XR9Diub1bq4ksvKFw0MjeW0JfbnYse5QoPGM4x8tcFrviZdF8eeE7yCWe3UeFHhvkgOLhpnAcy+YF3Ak88EZ4z3FeVw3wpj6NHE1sZFUcVXi4wvVlVUEkpJyVo2a6qPRK70dvuK/G+DwFelDLlUp4dNTrpXTlbk5uVuTb5b3TurH9Itn8NvDut28MvhvxTpdxezuWaGAwRSAlsghwwKgk5HXGQciuH8feBdc8Ny6Et3dq8supxRpLJcJNAzMQo+XBUZBO4H6g9a/BXT/2hPEXgzUo9Q0vxBrtoIwpjM1xO6EKCyHYH2hM4ySMY2qeK9v1D9sz4pTeHPB2v65qNpq9pe6pOlpFMrqzGAlVEmSSMdC/GDzkAnHTiMizvB1U1UVa7VpRfLFR3vJS1T2Sa1fR6afc5B4hZHiqlOGNxc4U1FQnTrUIylFONpSVRWe/Vxs9F6fsxrnhhrS0WW5t9KR44w7ERR+XcxkD5lZeA+ATjrv656180+IPB2k6pdag0r2nmfZ5Ps8BRXQowIBVuMMcDjjgctwMeAfDr9tqC4sPO8e2irp8rNFmOUXZgLfLnacHYeMHHTkDFfSPwy8ceD/iXfXf/AAj7WUtpdb4UvZpEjFijDLSOkjDbHGcDcTg54bAFepgeIM2ypReLoV6ULpRbbm21yuMrRWql0T7+9a1j2cVlXCvEtKrUwmOw9eag3KPMlUUdEkqdlJt2tZ/fpc+S/FfwW1+G6F1HHDcWU6lkEDqSRyQrDOcgZyvy88/dCmu+/Yk8BT237UPhh5oysUGnakcSIoKMGAK5PXrgfNzjggA4+htZ8P2On3gsrbxDpusXHm3KvbWlxGWtgoyJvlYhlzg8HB6nI+aqH7NEclj+1n4PthLC8U2kamHMGBudWU/Nj+LaCCBjknHPJ+6hxhiMxyzE05UX7T2NuVtSak4xe9ldR1lrolufkOc8A4PLaixlCvH2d3LkTTcXZXVld2+XW12fHf8AwUd+F8N/+2p4duTa+dFqP9h2kyKiNG0cspDK24HaSufvLk5AzWP8af2dvgfpuuX+lL4Xt472bTbWWV7jTGdVmlgDOBcooEeGYHGCOeMZyfsz9vPwjqGp/tS+B9X09gqNr3h21mLsEKKJjls8AZYcZzlSQAAq497+JEI1BvEVtqNno6TWlhp1mJodOguprtfKUMPMPzxyjjc/OfcYFfZ5RxJiKWWZSnh+aCpctXRNTknFXdk9Etd7+nX8B4xyOrQzKor8rqwjOlPVcykotydktnpdWfV+X86+tfsy+DX8X6LY6Z9vsdPvtFvbuWOx1CZJkuYdxVoeQ4jOCNg4AxkgZIr3H7PviLQbSWTQPHviywiVz5NvcxvcxjJ2/MXJODj0IwMgcjP6i+Jfhrbaj8YvBdpp1oqXZ8GXs+YYxDEysBglQSA6/wAQKkZ/iA4PV658GtSsbSS7mkkaO2ijc5hXlQ2dp+b+HkDPzYPO3Br9Fy7M8FisPGc4uhVlP4YykrJqLVtUkr3dnpa973PzfGLHYesopKrBU4t80Yz5pNpat999kmr67J/i9YaB8Z9F8W6qulXWmeJL8aZaNcPfAW8klqJW2rsfaQ5bdkE9Qc55r0OHxp8WdBLzeIvhZfz28aB2utLuBKjIuAHjReTuOSBnnJxgECvrG48O2N18Z/EOmz28drbr4S0lmnH7lmD3MgYA5ADEgAt1Ofmzgiverf4N+H9Rtc22oanbu0McgdZ1dSoA+YZJUgZIxt56kHgj1sNiK3s28NjakffcUnNSi7WSfK772TTe71vsc2Klh3yfWcFCbdOEnOMJJp6XTcX0v1v3sfltB8ZfDa61q8+uaZq2jve+RLHBdWMrG38vCsJ2UfLzk5IHGTjLDHI/tD+JfBHiT4E+KbfRdR02+vHu9MxawSlLws9wjEPC6hj5YPIA5A/4EfsjxZ4P07TPiV4l0NBZ6panT4Zne6tIpZXXKhk/eDAzgg4xnqVO4V8t/tY+CvCtr8BdY17S9D0zS79NY02A3NlbiC4bfcLG28ocEN8xxjrzx0rixmMx6y3GxlVo1abp1lJuLVTVRvO97OSdnsl2OrLsNgamYYKpTpVIPnpTjdpwavBq60d1to90n0aPzJtPg9ooWyub97i4h1C2WURrInlxyFPuNk8YPBxgDB9a+u7O7ufDHgnw5p2kOUibSZbKZBhoEiimJSOQZBAduDuHJz1YYPwzNpmrXF59mtdRvxAIQUVbiYKJCnB4xgDsAR2PGK+mvh74a1Sy0FI9VmvrmW/sVZUupZCiBJiSVLYK5GDkE5PJyc1+LNuWKpRlU5eaTjGKX2nyJt3butG27Ley2P2yMGsJU9nSUFBRlzp6p+5ta/yV7a9LJH7d+MfF3iPWv2GtCbWLuO0L6jommGNCqGS3WKLyjtyQV4VV6ZUZGc8/nZo3i6PwvJo0WoW0c1iNfn82RFy+W+UNt7Bc5bkgjJGea/QLxp8N7/Vv2HtB1G1vXeWDxDoQhtnchDC8cQUEDuje4HI5r8ytb069t7Iw3EUmbXX2tnkIJVH3EOHOefu4CjGQMkDJNe9h7RpTpxk5OE2m9Fva/dWV72W+2p49bmUlKMVzSilzJpq10rtO6T73t16Wt7eIpNPl1bXLVw9m+vW19EysDbyJNGX2hVyFZQwVhxg8kDPGbbyjVp7W/tY1iuj4knaREHzOjA4PHJVQTzkduOhPmfhnxLNpK3ugahceZoOo61bO0ztmSxlULsKA5YIRwewVckivV/CrRR6/pf2RxdWya1csZY8PFNGyMQ/oWAAY56HnA6nmqznTu3Zxl7ra66K0knd3jomtut3s9qd6koqL5dY33et4rm5Ve1lurq273uN1ZHPgzWi2PMOuMHTK4VhKCDjOcsoOO+FIwSSpqXE7y6toNuCvmDSwikDgCRCrFuOdoycfRuBjds6pGi+HvElwfmin8QscDAdHFx9w46cH0xzjIxmkmtEXxPozxK6p/ZIkUYBG4oBz7ZIyTnoCO+POozU5zbtFqU076yWkGpJ9n+XXW56lWEuVRte8UmtXfVJtPztdXXddLLxW50+8j1iytraUtGl9qfmW5PyOgJyygbQWUZwdu4E9TnA19J8W3ljF4f0HVQ8uk/8ACQLJZXVxl5dPbzNhVicgxseOTgDLdeTc0zZceIXE5w0b63KpBwUxkA8D7xyCCRjHX0PLeKoFl03w3b7m82S/kJaPlpENxgDce+DgbuDjqDmr5FOpGM7O6bTtrbTW62aimktujZw6U4OVOW/wq+2sL3W2nTTpv37b4iWL2s/jcLMssck2n3KNHgxsjkMCCuVyPl/iPIJyoyB5/dRYh15kkAVLLQ7hgGwxdiAx3NtGce3OfXIOsuvLoEfivQtaDT6bei0tIL25PmTWUjFQiPuBcoeVxkgcc1Hrmlm2XxEYgZbZtL0MeYrAB1JQh0IBDAggjoexGTmrptQTjZuNotWunsldLR3T+JdtugTcpvmur3em6as7X21utbWs7PucybtZ7vxDbGJDBNqemEyAFijFOSWAHGc5I7kZPIzmX+myyTvAzkRSapFHjb8zIxG0qfUdSfoO4Ubi2saXviAQrlDf6Rk45QGMdTz8wPJ5xjt0I6RNOU3EzOwdY9Zg+bgso+UjjHGDtwAMZGeSAK6OZcqT05nHW2ivGK5dEna3XW1tXojCNNytPtHa3ovRLor3s2bun32oQw6hptxA9xFFb2+lWt++cw2sisWRjnLAkMP4QCADXjvxhspNRuvD9pYXZllh0Ax3GGI+dZJCFQEjcTwOBnODwOa95v42tjetDIPJfU7MOpAJYRKCQcjp6nI79MnPl/xUNhI1lqOnW6y3i2s0kcIQIsaoud5wdxAbIYDPt3rqwk5KvFapwto7K0Wkn1bu1139SMVD/Z56XbcXJN2um4ptXsuzavro+jNb9lCxvYNa8c21wDaMPBl3xtz5n3cdMfN1PAGepAJFeq/tr2cn2/4R21uAzf8ACu9ORBIBgs7EHaCD8p3cDjjcODmvMv2WLo6l4n8cSlriOZ/B92ZUXJi8wbOEzkgZXnk5Pc5Nek/t1TG11r4Myhgn/FvbJ2DvwPKLEHHQkj8Rtz0wRwUZKpxdh20leErXd3Jex+La3dOyv66BVb/1ZqRs3+9jt/18jfp827W076L5l8NaM9v4Q8W+ds8xLrTdsaYYOWkOUJB6DI/LnOa5eDwX4j8S393p2lWQuJ7aOS/aFWVAIkj3ZLFwvGB3XqOMnja0HU5D4F8czySRZW50p0bneoebbnrjn+8cNgnDc8anww1fSLbWru68VS3baNPotyl1LY3skF00jqVg2yBchA3LDOcEnnBNfeYmtVpUqzoxd4zjKEbN3i+Wzajq+6TulZtHwvsoyqwhUvCLT1b0a0aUrK9rtt3STtbXU5rVtC1W00G7try1aG9t9VszNAhUpFiNAAzKMEkfdGcDtzX0f+xva3Nr8XLySS6RV/4R6cqwYEhnZhsYAAcHrjOc5wMEV4LrMs9xp2svZyN9h/tm3NtPJceZO0BKrHHK5xuYxgFicnJBPTA+hf2PtKuLb4m393ewFFm0GZ1CuZAf3jENjnAbv0Axngc1jnVVzyfEKpFc0qF27NatQUdmt9LK6X6d+T2/tPCtO/LWjZu14pS37W019bq9jgf23I5U+M06mUlX8Iwncdu0sSpCnr1BBHHryOlcb8Sbe8k+GfwtiimSOV9NnJw4VQApySScuRngjngL6CtL9uZrqf4x3KW8bySP4ZhSNFYrkjBGFJJAAHXGM5yTXOePLLUJ/ht8KIns5w7acQdjndgtgnIyCAME5GMYBxjbXVkaSy7LYtO/JBK6bu3F3s9e9997X6GWcczzPMtVbnv2Sjdcydvwultr1RwvgW0ljuNPmuLmENGLqAKxV8sEcEvjoOMZPQEEk4APp3iLXG0zwp4KWW4hVHGsAog8xWP2p1yQMq2eOOnpwMHyfQtPuNOWZJk8mNZpggEhaR2eJtoJG4hQOR0PvW9rtrdR+EvBL3FpIYFGpgS7iwJa4ZQgbkhicfLjgcnjNe9KooVacI0+VtpOTS7ba30aXo18zxIStRkm1raVlbTWOml+mutlp10b+zv2SiJ5fFUzlgJtIk8v5eqeXlcDvnORzk+lfNv7YsRk8a29tK0n7zw5HGEzgEYBwOPb1wO59foX9kyG+ddfEqSIjaQ6xOx2qQQSmGAXg4OMkkEnjBzXz5+2TDqdn480WO5gIe60FTGJDt3x8KpQlgWLHO1cZBJ4OK+HxsYPiPHyXuxWCjFN20bjC6a3tfzs/W7PtORS4WyyK5XJYudR26q6Vn181forPVM++PgP46u/C/wi+GuhW0Wm6ibXS4Lma1NzD5ghCq5LsWGHQnHlkEgqc5PAufHb4o2Ot6ZpN1NYnT0l1rTSJLeaNxcujr+7UpJ9wHapyCMA5xxX5T+DNE+KtvJHNp3hPxbc2YsEa2xb3rQyRsn+stwMZjbKhcYT/ZPNUtfi+JLadHbaxofiWxFxqiCxFzHebhMHA8qBXH3wQCVXJ5+VuK/F6nBOXVcyr43+0cPzVMRUqukpRfLJy5uVrmlrd63XRXvpb6mPEWKhg6NCODrKMKUKV7SStCMEmrRW7XV21u/L9Cdb+IM9u8O/R7eJrbWbq4ScPtaeJkHytImSTjbj5sYIHA5HyX+0B488O+KodAgsIJNJntppl1h0RmkngedBI0MjgEuqbiM59iR04efxl4/0LTLewlGuRy2926hrqwnkCZxndI8WMsp6EHcD25rzDxl4s1PWbyKXU7OeOW3tWCytatAsny/OZCVRSCQMAZzg89Me/lPC+Gwdb2scZTlUs4rkndqMlFd7K12tFqnc4cZnVXEWg6M4qPLzRqQbd1yr4rXVuvdbo634kL4BbUtBv/AeoXN7p8OhwWF9JqsRjuptRWHDKsm3DKshKlsDjrz97Z+AniZJdR1Xw4dKiilZobqS+RsOVs3wBledr5GRnGRg8g14uni+1XSDpmp2gmkjjkeyWKMKUZ+khIAyQASPxNd9+z/Kp8VXrSYgzpjuJGbaxJfKhcsMHse5B7YUD7rJsB9TqUYOdSsoT5lKpKLnJX0TdtE00oveyvofM5xiniKNWpFRhzQXNGEVGL5VCPK1ZtapNNXe+u1/unwx4Yutb0nxbPDcmyubXVwluY5im8MgLkoSN7HBwcggNjHauA1mG8sNUtk81pQunxcBVycPtZWCnJPBwSD6HNdvpFzHdaBrUJvGtro64zxxwTKZHUIAMsjAkHopwT1P92uFu5V/tKCLezzxaZ5rLIG8xWWX51ZslTnhgOh56E5r9Hy+NR18Q6k7Qbg6XdWSeu+jaa66ebPi8wrUamBw8KcbVqatVnf4lzQ5d7Navfubds6xanrIlilSWa3jcbMj5WhUnpnIOMA98EZAORQiWKXSNMaaD92t0n7ySNXDbpnDLyvPA5HIBGTgGuosLNbzXtSFxhSdBWYAAZ3LETkrk9weeuRknk4w9NvGGl6RpzwxS273E04wcvsgkcsBnGcjOCR3xkHp6sop8mjS6uSve7jJqS2957WWmmlz5/2tSHMknZJcrUnq9NLXdtba201vbQz10nRNT/tky2dm7xLdpFL5SAp5cY28EKSAcnpjLE5O6vHPGukWlh4f0e+htLQSNewK0saBHYmUjcWAJzjHI645A4A96tLewRdXkjSUmee/VAM4wYQcDjByORyfw4rxLx9vXwppCFXULq6qhIwMh89PQAk9G5OR1bGGIp0nQqtU4qUYXutHe6s30d9LPVrqdmFxE3WpKTum0n1XSyltZ6P1162Puv4MWk9z8N7C7sVC3cGm3qO2SVWModwGe+0qc5A9uRn1+/07VIvBOlau04cCdLachCWVFQOiue5yeT/tEnnp51+zs86/DmAEgwiC4VgDgtuQfK4AyRySAec/Svc/EOsx2HhfTdLmQRWj3cMrOwDbkkRVKHGBgEEZxnHTtt/L8dUqfWmoLV1Iq33bX077Xs7b3P1HAU4PBRbV2rSts7tQSdu129rvTq7X+OpWllv7+eIqp8+5LhcEHIJ3AkAYbIHXOT8ua/uL/YDVv+GNfgQXPJ8MOeRnjzmOMnHB4PQ8j3xX8Pmoxxpq+opbZVHnuWQrko0R+YEYz7LkjvzjHH9xX7BAA/Y1+BKjJx4VbPzEf8tjweQfyHY56V5edXlRop3vyt9tU43drabvpo22rdN5NqlBuMlepZtvVaK+ju1rrfRPd2PrZSSByN3Tnnd35JHTHyjAGeuMYqQADAyT9ACOMZJGRg8YHPBIOOTUC9vvZXdlSCeSSMjJ9OCMkbj+FToCVJOAVHTA4BYbjhevOQOgxjABFfKOLjpo9U/PeG636vXe2r6WFd6JO9215JcvXqreqSto1YeMFgzZLKSSFxnB7dODnGc46etBAJxhtuDkYHGMjAJPHHc8Dpg9Sqo/OSp5Upx94AEAnktuwOCvce3MpxjkdgBjI4yR/PIweOcngAUJPdy3eui1vZd+tvm7X1NU7xXS2627bbvpdpuy001sQbBuGSCeABx0xj5u2cHJIyT6DPLQuSeMD6YBAA4z14zx78HrxKVXJA4OeSOcDsCeAe/P4c01hkdCGK9gPXqQRj/PvSjorqz7Wel3y/qnq76PTsRJySSSSi7rV6R236dF2T6bWbcbcnYVydwI685xkkDGeD82AeDxTCFJxgFScbgAOSNy5xggkZOCTgkY5zh4VST8pA+712kg8HoDzk5BHTGCpIBAoHy8AgMeeM4GOSpUd+QeSeM8cU1N3XRKzb2Tvbbsne2yTtbpdQ3LTVK8U93/AHfS+z63d9L+8RBfmByCG4GB0UAHjjnHHT72Rxg0Mqle/JPTJO7kKPU8Z3dc5GDwalKAYbn3JHXHcDOO+Sccnv6MKBgO2PmXsvJ4z2wOnbHH0Nxkk1pq1fzStFt3drpJt6L0MpJuL67a6rSKj6+lr67u1yMIr52jDLxjdg8DGScdDjB4G3v1zUYVi2flyoyQDkck9O245wcH8QBmpXRsFjgfeJGCcMOevToejD0680wFiVIUNlThlGAMAcjkbce4AwCc4Iq9JR1SV1zPXW11K6f3J2a2srpMxtL3Va0lu0tdo2d2uunnf0dwK2dvljIGeRjAxu5OckHoSeg7c0wliyqQSScDHy5I5AzuIwTn3zjhvvVINww2Qc9cnPQkbiCMHBJzwSo+ppCjtkk8Zzt6DknOeM49gAflwWPZrZuyvLZdWlZNN29HZ9Eree0NUt1Za3135bcvbZX11Te2xGY2AGRknczBuDgEn35IG7uNuMZPArvAWXdgc/eJOSMlgOpBXpg5NXBkLtXHBYbweQeDjHvzz6YI9aj2k8hQo4OM8HryenTg4OcnrnHL1XLfrZau77LZa21vp5X2Q+Ra720tdLS6Wttb3stbta+ZVCFSRnjnacliQDk7hkEDgkZ+vTJDScADjB45BOMnv14C+uMHpVojJ4OAxJyedoxkdepLfNlQR83AqF4x1fhAMgg5OR1yPfA5IAyeM4wKg0m5O2u1u2i3t6vbb1V8prmur6crTbsm7Si2k0nvs1ZLW6u96uMFVbj5gVz+IJJ/2eCMn37mgjhgpP3g2B94YznOQRzk8HADHjirOwEjIC8ABhnOTzgjHy8dvXkjoKaVXpzwQBkAZU5zg8YKjoeMZzz8wGqkm7bLS73Semmmm19brXpdhZe7duKSst2/s+9pbZa287pXesZC8YwTtJwD0GT8x/2h3HvURHHy/fAY5B25B74wNpB+Yd+D6mpjGuAcbevOPlz04PAA4x0JOD3zUTKPlH+1n15zxyM5z74wcGolq99F217ef+S9WDsldtbatPe7Xly3Wl1e/mMCbiM5GcjqDznuRn1+pxnA6VMI+uCcnkkk4GARgHjBOQuOTng55zEqMcD5l2qM4PPL4Azwc5Jx0OevTFTFDk4I4JA3DGPm3Etk4yfUcdicc0km7O9tne9rWS6rqr2+8I6RV4tu6V3fVvS+t7JXdm9H9wwxgFeuQSOh568jgnIP3u5JJBGKrmPGGIxncp46Z54GOnOORjPTPAq0QeVHfI3DA/4DwTgc4Hbp93gBrAlSM8gZx2JBAAAzz74xwOpyTRKSikm721uvKy6Nvr5avTRCcOaWllZa6X35dnazb9271320XNU2HPHQjJHI3EHtjs3BAOOeCMA4NpzyAMADA46scdflJ9cnIPrtFTlCSem4rk88tuIyO+D3+XHI6imPg4Bwc7iWUnO7GO+AOAST1I6ZyRWbekUnrK+j6PlTtZ2279VZ662fLa75rr4dbNpJxu01+qd7La6IWjYcgA4IXOeRj0LD1PH1wSeaUR4bOTgjBPfHGPlPXjjkkAcgZ6qWGQFXnoMktySQccenbsOcZxS7MjB+YcnGeWPP8s8jvxyMjNRlaz0et9Vv0662fTo91cnTV2d7b/NK2vpbtqvUYIwecE4DAHgHuR1xhe+BjPYYqM7crIAGIxtyByFOGGOQcduuQSSODiXBI+XAYcnd1zz169QePYcZJqFtygJ7ggE5wT1Y9Cw+UZIIAx0rXmv0u7a7bdba/cgUrRVvd0Wuuzt5u22/nq2gBAAIDHccgbSMADBOT0OCMnA3cUxTgYJyckj5ucHjtgEk8HAGW2+xpyqeMMTzj2yDjpzjnjJzjAAHajYScYx1z3Py4yc445684II6ZwE5K+q6aefwtL5fd09ajN2V3F6RjJJfaaikrXu7apPrazu7tCttBK/wkZJXjJ/D0AJxng898sxgscsCpI49CMfkeM449OppSrA8gkEbzgZOR0BA6oecc/yIZu1i569ACeQDx1GevoR7n8XC3KrK9u1utk7fh8lppuOTu/d1TTW2zceZXdrXXlu909Bxxtf0BUjP6nGO/Uf5wjKvIAGSP4u4xn5uvOAeP1pApGCeTnBGMdMEjOByeeRweCAaDuYk4JB+Uhe5A5GAcYJOMnJ7EEdLtZtbdr/JW1b16+fnqJTsleKTv7qXuq/uu2/xW12u1ray95rZC4bA5DA4zwMc5GegAwOACfQglNzN8xIA3fcC4/Ec4yV5XHQ4BzgmlyAeD2OeckfTA9+QevbgYAw4PAPdVIwOQcn33YHAJ57EGm7Nb26+m1+j7dennvSkpbOz06tXVo9YpPm+Kyet321bNm3pzxnjpzj73B4zwwznv7UwZJOTjBOTuBA6ZIJOCAB1/h55BzUjZJODy2Qc9sDjqc+vPPUcHg0m1icnaSFPGeTwedwPPAPGcZPNJ3S6X5b21t0b+Wq7eTuhqFptrRJaKy3dr+u2qeva2loiF2tk5XcAuOhBJwMdue/Xnn2YD14w2FUKOi57Z4GB68AHABqTYu4EfJztIzwAOSQDjI9fukEjI6VHtK5+XgfMCeT1+uSO/PQeuDQpKSTS3S1636vezvr67hdQdrWtu9NX30tf1ut2PIU7jkhiwDEnA4xkHHIOQT6kAelR4+b5SQckrjHIwcnsR3yM98dzTip2nluMHAzgE9eR3znGOmaiYZblgO4X+Jl6nGRwOOep7HJOQ1G7vo1u7X8mvJuyST3XlfS4zbt7rvdPtu03ZLfZ6bWV7kTIqksPmAyoGDkEnrnPXG7gAHnjnikwFLDLEl1BJHRsDnPA6YA6HnkDJp4zlsjaPQ4AAwe+eT0XnHQcDJJbk7TncN4DZBGRyOuAoAGeB9PXAcnolzRfS7aTteLdtltq1zK+j12KT5rXVrt82ll9hX1/zd93bYjPDHdjcD8uRnAA5LZPB9eh4IOetR7S+5hlmBU7ByOTjdjvz2wTnAB6ZsFdwJIzkLtGM4Ixn5uvPqQM44B5qEKrPtICkkAKNwDFRg7iMbScnbnHtz1hyVt3ZW67/C2kvLr+ttVGLWrnsl3TeqXSSum7pu1m0uV9BmxySM4CsHJz8xHOByDnP+8AOTjJpSDk4Zc4xjA6nGMjIBHfn09uJcLyGJB5UAdDtzkjHsQOThiM9OCjhTuK5y2MLkgZB6gngrjHHXGSM8kkpXadrbadF8FmrKz3vo/dW++jtJbavpf5Wt7qstVZJaLTYiKAqSOTgnbnoc5OOOCeSAO44/2mFBgZxluGXuD6DkjPGcgdcdSKnOQqnBynBU9AQccc4B46EeuemKhZQV3EdC2OMDgDAP8Adz9Tjj3FCcvVPfV36LZpdtdv0KT1d0nZrd7ppK6T+b1XbVETDAySemTg4AOeAcZ55zzxzuJ61CxCDljggjB/MDJ5PqOo59eTYCgAnj5gDjrjHGTznHvj+pELgAsGGR+A2jpwWI7H8i3HJp817cyb+aa0as1625l20baa1lRitY6aqza2aaVtGm7trWTatZeajA+UYJ5xuLAAcHt6jpwQMnjjBNOABLYyAeRkdcZ9vcgDHIJ5HSmBVyTtIJC4AyQcZx/s4x1/P0NOBJ3YAyCfcgADjI4+b72OcY9Ccu600urp93rZX1089VoCaitNdlrdvaKv0tsurtZ20sKFJyNpJwc9DjA5C9s9DjqAOODTSvAIDfKuDls4U8AfkPQ49R2kUkqMHJHB4PJbHOevA4x39jmlYHduzn154wB1HGDjnORj+hounTrtfTX7v6sZpNvlatF2a2srNaPfte/qtbJlMqSGznGMZ6gYPyjBxxjG4+mcHioZFyMEYyFBAxkkZ5xwT6AjkjI4zxoSJnIyBgZYAAZJyQTnGcf3cD6cVWY8AAchTzt7AEnPoPXp2B6Cmm3tv9y2jZ+e3XS9vQtqKtypKVk9ErJpw06XtZ9lr3KDJnacEryPmBzkcbmHHP3SM9sdcnP5Hf8ABaS4gtv2WNMs5Fffc6jfzKmCFwluxUlmGecfKuRuwCACcV+wcFr5jJLIFit1cNNPKdsKKvzEs20hRxyT6nntX83f/BaT44eLviDLa+AvAulxyfDTwdoF1qPifU5pI5ml1SSaSyjktCjlo7YOgRc4yykEHIrzsbXoxq5dh51oQrYjMsuVKnN2lNU8XQqyUVq/hi0tEm2tbux6GV4fEVnjMRCi508Ll2NqYiorpU1LCTp05OTum3OSko6S3d0rn81LfNaad5ZOAkbsOAQCoznuSSTwTjGeg61bkMl0+0kb9ilz82A3DZGf5DvnrwY0l8uK3BXDNa/KgGctwRjGBuJzgjJ256YycYXNw87HJB+QHcMbehyAScnOTxkcj2r+0ouCw+Hsmr0qbutly0k1fpva19HJb3R/NtTndap51JaJaK2t29bLRPXoraXILk51eDMi5jvLMIqnGR5qKDg5zjj7oAG4qCea/WyRZ7fw14cuJ41RH0+xVVPLSL9mU7jwD32ghiMYxX5ASCRvEVom5Wb7ZZZAOAF89AW6YHbGMEDjnNftTr0UC+EPB6iWN0fS7JgTkSZNmnDHPGDjPHXHOMCv5n8bLzxmTpuWkcQ3dt9aS0XSytZ+t7JH9BeEd1hsybtdSoxey6vlvr3trfpqu3n2oCG+0uVZwojTXPD6xoDkki8gwQRnHPbGVHU55HwN+15a+V8XdcbBMf2y3CAkgkmMAZALcE4xjp3GK/QC4tGk0yXYpwuq6GqYYE7o7uB25A+ZioxgjoT3xn4I/a8aQfFi/QA83VqpAG88xjLEgZwCTkjuDjkEjx+CoqOFp3erlO2unxQevkl66Ja9S+NJJ4+o0tP3bVndq2j7a3s9erSfY+HLHxA/hH4oaD4nVXMnhvXNJ1uGKNyjSy6dexXKxhsEhZBEATwBn16f1pfsra14T/4KQeB/jJ8QNdvNS8P3mmaXplpqXhyzuMNENIsw/wBpe5fLHeYQY41AUq4J54r+SLxVZCTxBcK9xDGzPAozgN1Vh8uARjnDZ5z1PUftL/wTI/aUk/Z98JfFHTbKw07VYfFd1plvLAskhvbidUMLQvFErlLWcMyvIRhc5JAOa9HizLa+JwscZhJ1YY3B1oexnSkouUKlSPtYtS0aslK91y2equfL0KdOvQr4KrClOlXXuutFOz0dvK9t9tb6Nnp/wz8D+Hov+CkrWelvd3MGmfD+3nhN4/mzN5MJhEkrcKfqfm7AckH9jdU0RDYQCSRUSKUuZZ2W3gjAbICvJsjBABIYkkkErgYx+BXg34x/FzVv2zPEXi3wl4O0Xwtrms6Vr2iRT6sBeWGmaXbTAQNCAAZPKUELtyQx6A819WeKND+J/jfS4br4mfG7U4NNMjvc6fYXaaJpUChiWBV5I5ChBHG4EDpu5B9XLsur1Pq1WNOLccPRjOcmnKUnCLbbs7yu7Np23fWx8zi8uw0avNVUOeMFBRgmkoxSVopq+7tdNL53Z9bfH74u/CjwV4G8XW/iLxx4es7p/DmoRi0W9ju76WRrdkRIYYPN3PnA25AGf4eDXwX8H/2jtIj+Gnhqw8C+BPFHi+5Wwc/2hPbPpukmVpZMKtywYuo3A79oyDxnrXm3jzVf2VfA2ha3Adb0TxX4j/sO/jRLJp/Eeoy3L28ikkAyIr7iGPzBRjPbJ4T4UfHHxmPhx4W8NfDL4QX919l0kQjXdfddG00yiWRjNFBtYToquhyCN2MZOCa+lpZfeq/a4iUJcqdqUXO+sLJWuu993pbSyLjiqWHp8kKMXFSi26jUIr3UnLzs99W2921ofVt54s/aI8ZBgNS0LwBpk4DCGwsxqWpKhyVH2okFWzxnHBHAOBn5i+Knw70pviN8N2+J3j+61ezl03xDNql74h1vy7GN41iKRpaQyB4dzZ2hlOTxzgk6Nr4Y/ab8e3MknjH4n2PgrR5JAP7F8H2AgvhAwyQL4ZAbHG4IMkFhwQabrXwL8F6H4r+GVxqsOoeLb651W8hu9Q8T30t9PcmQA7nVmEYCkfd2BTj5uhz6FDAU1yyjQnJqpB8+Klb7UdVBNu0tdNOunaJ5hOzftYxXK2oUkrvRbzdttl7zvojJtPEfwc8P3Umn/D/wxrXxC1BGYRw+DNDe4tCwYBTLqMyIyKMfM+SOc5614T+034m+I2p/C3U7e+8A6V4F0HXda07QQb7Uf7R1uUXDgAy221RbBRjcAWBxtwDwf0ytItL8Oyra2tvZaTaiORY1srW3swqRlwsRkjSPOQcfMxYZ6c1+dP7aPizw9N8PLGym1qzS+/4WDp0i2IuYprtoYpgZZpFV2ZUG3IJGfUjaM+tQy/8A2yk6+IjSp3g1GmlGK5eRpaybTS635dNd0eJiMyqzwtV0aEqkpRafM/aOyim21ZbvpZ2ta7Pg/WPAHxK0yyt47Lxnp8SwLDAiRaWp8uARJsRm35ZtpBJPB6ErwRzl9pPxQsgkVz47gUPASQmnKu5MfMo+bjKZwSOx/H2jxJ430j7IyWck8scbRHeiDDBYkA5YqTyB1A4xkEc15J4h8bwPbw3S2T3BUPFIJJUSQ7hgfL8xIGRuA445HCmvt8e8DCELY2rN8sbfv5yWnLd2Um+ru326pI/PMJTzOs3KWApQ5ndy+rU1J+8tW+S7b01fTq2aPhTS/iEEsVtvHupWwSKURpBAoVc5I2KNxUFt2MZ/iz3Y8noOgeLm1XxFJH4z1e3nXUJFvJIsJ9rm5IkkAIJb0GMdycitzwt8SIdOuLb7TYiOEQsqMblQQHbJO0dXAJXnnBPGdoGRpfjvTBqviIi1uCbnU/OBV1/dqABuZgQCu47mBOPXqxHm1a2WJ4bmxUlyt3k51Eo+7HZN2W2vXW29z0cLhc1vif8AZoR9pCNkqUU5O8U+ZqKunvZ6LRpJXZ30WlePZLRGX4i+JgFIVl+1bVAHGDgEAZznqd2Q3c1JH4c8YMVR/HXimQOJGYxXbDkqQASVwQQT2559DuqR+N9KjGxbzTY2YAmOe9wwOehABHPdRxnJ6AkbafE7QYRC323TI1VfKdhcFmXcGXKqUxtz95uCTgAgHjpljspjBqeMcnyJP97U1uo3t0tayfzbvqRDLc257fVUtY2XJBapxu0lFab317vucp4B0HW2fUo28WeIbKCDVpoXhtLlgzuzFWmbIBMpbJMmc7jjPr9FWnw5vnEdxJ8QvG5IVAY01BiDuweDgrgdPryD1z8veH/Hmj2kupo+owo9zqj3UMirIu+IMerqG4wOMjHJOcjJ9mg+Omg2sMYimN3L5ccbrBBvIKgfOSSm5uvPfqM8AY5dmGT06Fp4mSfM7Rc6myaask737rm1VtTTG5VmtSo3Tw8bckG5ckG2+WOqfLfm7ta6vbU9HPw6nzcTf8Jv43MSxTMM6kwWRxGcI6hcEEjntzzjgnkfDnw9uNT8MJMfGHiq0VrjUY4ra31CRY1YXJDMVBGDIwJJ+Yl8sSvJptv8e9GW3limjuRLOsgQpZr8pdCBu/eHB5wdwYexyBWB4a+NXh3TtBWwuLXUbqeO7v3maC0kAImnLRYYHCld3OD3PRjXas0yF4mjepJ2pTUm5Td2+VrVP110va7OBZPndOhUtTjzynBx92mmld33VtNEr9U9b3Ztj4OPDA7X3jTxgZlAaPGqSSRkE8Btp25zj+/gdDgCsbUvhmNJ0HWry58QeKZ2ayuJUEuoSSRuFQ4VkyRg4HykfMDgZ6ixF8ftEEjWx0LWbhThFdrViVAyMAEZ6DqfqCG6cz4p+NlhfaRq9omm6yY5bSaCINbGOOJpCdpLHPCnOCemABwcVlWzfIKcKsaaqynyySlapa9k7O7Wqt0SXa1myqeUZ3KVGdWcIqMo80XyJ29xPVW212s9Vrffr/A/wd0PWPDuh6hcahq5lubNZJUGpSRJETu+VULDaBnptySe+DXZj4F+BYZFma51aaWQDeG1aZlByM/KrnGOTkjjAIXLcfPHhb45Pp2laXYReHdSnNparC0qb1WU4zu5+8pzg8degHUb/wDw0BftKVi8GagSuVBImx1wSTjlhkhTyNvoenPhs/ylRpRnRk3GMeZ8rdmlG7tbd23ute+ltsRk2bOdRwrpRlJ2vOK5U2tdtOm9rHpfxF+FXhTTPBmqXtnb37zRPbpG0l3LKg/eouCpbA6kknoK3v8AhVvgm50Tw202hWKyXFtbNdTEu8jsEXBZVbCglueOgAGSOfDfFPxs13WPDl7pj+Fr62hmMO6ZVlES7WDAOpQD5sAEcZPUZNUv+Fq+OFtbeK20C8thHFD5EjQyOoRV2ggEbVVgCAec5656b087yqGMqzng3UhKhCMU6bunePR33uls7+q0yrZHmssJRhHF8s41ZSk3UVnHlp9b277f8A+i7H4VeDHnnjtvDtoVjkjJlUHBUtghQxBPQjGR8oJPG7HtWjfDbwjZ+LPhh/Z2iWBK+J4ZXH2ZckLkFJDkhgN2Tk4x7mvhey+KnxKEM6w6ZeLI/DslqwBOOMHdlemD8vXkkk13vg74m/GE6rpV1/YerSPpE7TQDymkBlmBKu6gD5hwQcg8getdFbO8urUmqOAcZJxelJct4zi0tEna10/R9GfK5zkedSwOKowzKPPUwtenByrSilOdNxi781vdclrdLta91+2niWx0TSDJJaabpiXP2dI0gNlDhN3GAGRQc98c7s4Pr88+IZLGKK7lubC0huJWkEYgs4BnKZwCEOQfQccEHJCmvizW/jV8d7ia3uJvDmvySBWZjPC7RbQflxEV6L0AyDkDrXnmtfEH47ar+8k0jUQshd44wvlYyM/KCWIP48ZA7iufEZ/CcqTjhJ2SSaUNF8O1lt0W7sn8/wAj4J8K8/w6xTzDOqM6s58yUMT7WML2au277aJRStq0+/0X8QJ7W4n8LrBaQRzRy3JKmOIBlO0ZKoigvg8EjcR1x24ueO4Qo9vsRipcq8CDABJ2r8vBXoFBXOfoR8van4l+L7XulrLp13BPK80dqZv38kjgZfPQLz1xwOmMDFTC8+Nc5YtFcx5BAQR7QTgZw3Xgc57c9BkDF55Tbko4CtJtxbcaesW7eelunfTTt+15fwhiMFh6EauY0fdi2pSqbylJOybb2ulqtO99/oWeR1a1dpGW5EhErBERdvBbHGFGMDOfmOSCehxfE+oL/bfhmUNKWMN3t3MOQI8fQE47YzjjIxXhM1p8ZZkWWdUEaSknz5crjGckcEKCR2P1J6c7r6fFJNV8PQXFzp4numuILc5JSH92CQwA+UMNp49RyeDXBis2lNwtgay5Z027w5W7OO6tu/XtbuvewWQuEpXzGg+enNcsakrtOKV/kt9/TY+krrxHf26KkDR7ZVdNssil8seAcHI56d++elZp1G4jt/NurgATIVYKzOD34PzEHPy89eozwD4X/wAIv8VJ3CPfaUMjDMybgfm5AK/wkABRwRnJwc1JceEPibaoDN4itoIg4+SNAQMKcbQQ3XOR14yOi5r0P7UxHJFrLqq7XSio2SbezvdpJbaPa9jzJ8M4arKUp5tBKLta75Yv3dXom1q9Xd3PQEv0HipyiTsBp8QGxnyckgZ6kj8D3HTBrrItYdIgkNlPvBYsApICljhwcnuT3wMkHHzAfNVv4e8ezeKf7PbxTJHcS2qTRzhEXEYOdh5A2hucHjHf17Q+AviGTMx8a3KMwOCgA3AgYzz8vQkfQ9sgVgs7xSVbky+TcakvtRjbVO226aS72dlocuZ8G4CoqDqZsoxVOCS5ZO6to77PrdeXmr+62epgRx+YkzOHzIWRw2G6AnOTgflx8uOa4mwvmT4geI5FM5DWUGN3IGNpAyW5UjryRzwK4mz+HfjhgTc+N73eXjTCkYGemWxzztyBnn8QObtPAXiC78XeIrKbxfqcT2MEBe6ik2yTFlX5WwwO0bgMEDoTgYyOqtnWYTVGX1Hk5ailG0oatJLW1knffRXvvex5uF4LymisW45pGftKLhN+zk7Jyg23Z2umrJKz69T6civnmhVmhujncCUKqiZzlkyykg9cDsASRWhp88ztBvF2MSoCTKgKAHhss2d2OmcjAPUKN3mWk/AHXtWtIpYvHuv8xl/9ZIBt4Bx8wwcjsff1J3oP2dNTIKzeN/EZLFVJEzBgxzhuHAGAeOMA4bp8o0Wc5q24/VEr7J1E1pbR2T30/PTrnDhDIoTpt5ok01a1Np7xvpfRKyvr0u7vQ2PBlysPijx2TuBN9bICZEzJ+6+Ugu3JHcDqRnA4NfSngXxInh+6Ju7RplKMxQyQEZb595HmHBAxnk8HggHj4z8DfAH+3PFfjWwm8Ra676Fe2MKz/bJIWuBNB5heZgQS64wCTyeBkc17Lc/s32UKuR4n8TecfkAS+ndFx6nftwAMA+g468+XRzHMlCUFhabXtZu7qLSUpNtWWvl6a2WlvpcXkGRyqQlUxs+aNGkko0/sqEEtOa92v7qSdrtH3PpPxfjt2E6wQon7sbPMthk54IbfnkD9S3NfInxI+Ky3GvfEvS7G+trQautqxV54meabyH3qhDYYKTjvg49MVyMH7N0Zs5pJvE+vIWZRtTUJnwASN2VcYYe4yBwARmvnLxJ8AWm8a+IraDW9QI0uCzCSNPJJM/2iPJd3L5JBPf12g7QSebG5hmFSnTU8HBuDbTjU2vGz+z2vfs9Eb5HkWR4LFVK1LH4i9SKcouG3vxkr+83q7JdFbRPUxdC+HUfivxJp1trmp29jo/nxXGqan9piLx2cb7p/KTIDzBCQE6g+ord+OC6PqmsrpPgq8n/4RrQoLfT9Ivr65Tzb6G2TZIxLFdu4ktkHAHcgceCfEzwFqfw8ms9Pu9Y1OdNQR2tPLmkjKnKkhsPkjk9eB91u1ecJpt7cwLC2o6nkKwMbSSOFz0Gd4xjBG0EjHTOa/PamCr1sw+tz54qkmo4eLtHmk43cnZu9ktlezT1Tufr9LFYWOCVKnKNp8rVblanK3LZX5rK/Z2bv2segSeCJrq3e3BSVzIzOzXMZw/VcAMc5IwCfvY56msiz+G1+qSpdC33+aSQ1zEMDIwxLOehAGMADjNc2un3OnacT/aF0Z5J1A3SyhQD3yX5AOSAc9gvPAxtZs7u/hSG01LUZLovucfaZVBCrk7ShIAGRyfpnPXvdNT0VJuUVtZvXRW6ap728zCMqUG3Opa60ulrrZW16WvZXV29dj1m18JR2UGybUoIZgzSAi6hIVeduPmGMgHacjv6HFKTRLKNmuZdatQ6l1VxOjtg4wWG4HgnpnJ444OfGV8Fa5cGNpJ7ggkBy97IScnA6tg4BIP1HrXYw/C5p4o2NxjA3Nm7kcbwMnHzZI+p6HPoK2pLnpvkw8XKLbu7Juyjay9L6WXmcdSeFck3X0etkl/d31vdbJdLPS1r7Sy6ZPcySS67ZqYDsDOyB3x3JHPJxnIz6g8Ct5bnSBEskviG1ZSm1gJ1A3dM88AADnGOTgYzz59pnwysZZJmvZoo4oXcq6zgkn1ZN2McEY7AfXHSn4beFfLET6gokdSy7GBAOBjkPgAg8kMMEdwK53iMVGPs6dKEYtWcn1btq/R9Oi0OmGHwdSKqVKjmrc2tl/Lsmt1bvrd3fddSsfCFwgM2v2JZgMNIyvtYH+Fs9iRkYPQ+pzHPZeEzCA/iqAgRhOJVAIyNw46fL8oOD09cmqD/DPwq6vHcajFhSP3n2kYQA85G7jK8tx7DjioLTwJ8P0e4j1G/jZFYrCIrjCEKucg5IJwMsByM9eOOblxjtK8U7ppJPf3XJOySadtXfT1vek8ulHRWV4t3VlfR2k7O17W7aFxtP8EKBjxNDkgDAnR8dCeuOpJPJGRjGMYExTwZEDFH4pjwUAJ89BvxjjPYcYwMAE5JJ64Vx4M+H0EqpHeIY8ZLCXPcjBOQcc4HTI54AzVeXwr8OIi7PcLnymYKZTy3OOCc47gA59/SoPHOWsoprVq701jdJpfyrZXfe63SngGmktdFay1Xu6q2jTsk3d/Drudn9q8IC0x/wk8RJAjAa6ClcAHkYIPB4xjIPGOQY31fwmYmUeJ1ZuFCrdjBHocgE44JwuMH0POAvh34ZTWNuhaI3AZTI/mMp2gZAYEsBjPXHBP8As4qIeFPhyk+YJBICSGQEuM8EDjHQdeRngjkYN+yxFV2dZR921nzXu0nda73s7P5IwnVwcFFPmSutHbybsrrTpa+nZI6iDWPCDojPr6EqPurcjJIBC5G3nPU5JPGOpONS38SaS1t5cGtIkbYRl80k4BKgEbCOgIyO3v14ifw14IiMawW7EYZmdVckkZK54wOmOgOSMdq9N0e18Gw2drC1nax4RHDy24MjOACQzAnJBAyvQ4Pyn7x6KeHnBJTqqVrJdHeyund3SV0mrpXSOPEVqDi3TUk9Fo43asvNabrT776kdxd6KY1K67CWZVZstvA56Y2MckcAkDPU55Io3cmj/Zi6alA7qjEBoyzFiPmIOAcZJBH8Wdw4rca60COQLDplnPGWyJFtdrkAYG3ONpGCB82MEjAxUmoXli1rIYrG3iAifAaBBtwSAN2D+ORyflwTg1vyv2T5ZJSWyTd1rHq201put73vueOq6TfuzV9Fqm1a23Rapt2dtS/8HdC0HxRq2uQ6t4p0jw9HYae14L/VGMaTt0ENupUB5ipJxkscEDqTWH4x1/QtL1SbT7DU01CK0A8nUrW2cwXXOCynp82Fznk8gNjCjT0e+tk0xGezs5mk2rIxt1JwyEAcbc8cjnjOCeMUyS502aYo2m2jhB5a77dUAI6ZIGccbuO/JJ5Y+XDAV5YiVWWKfs5pclFxVoPRylzJXbb39El0b7KmMorDxpRoLnjK8p813K7ju1fW3VNO77WPMLnxTpU0giu7y78uZ1EsiQvGFUnJ4xgnd0PXtkg1S1XVvB0GJLGfUp5YskHa67s/xNgYJ56FgPfPFdv4ktrSXS78x2lpGwXOURVkHI4jIXB4/u9sHHpzOm6dpk1jGslr5hZAGDDAcgH5scbsEkADHI6gjI7VhJXfvq6Wj5no7q+jd/z2tbu1jKHs4uVNx6Lrd78za6dbad9Dh/8AhMNPhyUtriZyMMHDKwx0zgc59B0zyBgA1W8bhp1kg0yYIZRjAkL7uQBt25I6ADH4969Ut9D0yCKWRtOgjTbuR2jBIUnnCtySRjqeRz1JILe3imeGGztrYu95HGHEKDBYjAxtJYn1yQBzyQRTeEXL7srtK7fVWts+3Z6LbozkqZhh4WfI9OjkveaturXbv/SOY1LxjDHo9rPqdrdQzB0CQfZTtjYqT5m8AYOOuePzrntLvtK1hbiaPVLd5pyG8qXYrI45AKvjJGMEk5GScZGK+lvHnhF10WOWS1tm32kqTB1Tg+WCzgbcqxIJAz046nI+CTZo08hSF4EtppV+RtrNh2UFdpBz19VGOSBkVvgJVIt0klJXbd21b4dV8ntb0umr44mph6sedycPd0abdk7X0fz1u99j2CTw5K888qRrIWiYmSEADBwpCgfKX79wQcnAIzi6b4Tm+23ISJyUUlSRyC2MbwFzkE9DnAPHIFcvp2qeItOd5NNvptiQ73hnbemzGcFMH5lwBndg884xXU+H/ijqkFzFb3ulrqM0rIPPsxtlIBAJVduWKgc54DA8+vvxxmHlKMasHFxXKnZNXdtNFq30tdLa9jzVh8T7GboVVPmvJ3dnZcrTSe7atHVPVWbdrnfeEvDFxp2u2y3MDR286PBOVd12rKB5su8YIIU5AyccYGRXuN94P1o2lqmgeMLpdPtL3yLbTLrN3bRtIpJLFwxAZmI7EggDArze0+NXheJbhNVtJbGZYJLVVurfG2SVQgkR8EkKR82fujnGA1bfhfx7YPDJBYXiTvNqUUwlSQNGoOMbkYg4w2ARnPHzc19blk8vlRcG4uU1paThUivcbta103HVXS3T2Pi8c8zg5T9lJqMvicOaKa0ulKLTvr1su/QoeGL/AOI3hHxLrFvo2i2upTwRNFqDxKImljYs6yRspO1xuDIo69D0xWp4q8TTeLF8N2GuWd/oOrw3zvLLqGZYGUkKFSVlARflG0ZPI5ycZ7bwTeSP41168kulaOXyWkDDClEVd5UZwzIORgA8DuK5X4vTvd3dlFZhJF+3s0EpAzt6tggqSvXocZPTHFGOpRpZdWUa0/Z2lenNqWl01yt3te1+bVX111HleMnWzzAxnhoKtHk/ermhJNxi23FPlkt1blV++zP0q/4JfaY2l/tffA+Tz0uLe58a6cLZlcZK+eitlQcjcxwAeSDkV/eP40Y/29qmeCs5J6Dpw3pypA475J9q/gc/4JOvKP2vPg1aXAnmkXxxpUsTkkpGvnxFwNxyoxyME45Xjiv75PHSqPEWrHJX9+3AJIJGcnkY45Hc9sV+L8SycnhWmrckmknd2UlHy12en5an9C5MkqLu1zN++npZ8sXe6VtuiVla70TRyChX5wcbVHyjA9jjk55IOM9welSMmVOVYHqVAH4YI4LBTk89sH1pkPChecfIpwpxyeOmM8Dscg8+5viLcfuOTnsGwTz1PAGepx2yOlfLJu6SaW17tW6LvZ6L8z05NNN2k3e/bW6u77fJvW77lAA45ByMAED5icZBJ9AOB9evrMN2QDk8kHjrwQM+hJBPTvx6VoLaSEA+TMFJ4xG3vx05xzyBwQMY5AuJplywDi2lZc53eWRj+7yRx6nkfTFSpu7d9O3yV7u+nK79ddbK2qT2i7yXNa1l0Si9dFazut3e61VjG2FuGznAwB1J4IBwemOCfXpnjMgTPJP3l9OfbnnIyAeoyNpPXjZOlXRIzA/JGN7he64wMqQCPbn86a2nXCgZVB8xGDNCASByOXHr3xjOPrcJ3t72ja5pJ6bqz8knbbr1t8ScZSs+rWyV91HR+uzSt323ygmDkdW25OBkcKCcdF9wyt2PqGkKgDb0w2RxzjoM4x6fXovPAqdoDGBulgUsMKGuISRyOQBIOp/I9D0pGj2DcZLcgcn9/DgY+Uk/vPvADBPXpkrVq9k21qtk/R66u/TXyYnJx0s9enzXfbp66XIFjGcHKgMcAEHIJGAQM9cn0Oep53VONxBAGADgjgYxgLkDqeTye49Tio90Qzme36DpcxAnHBJJYA5wMcepBJIIY93bRqxa809AMKd19apjJHygtMM8ZyOAvTkECqs3+C7b6L/hws30fR/lbv8A1sWW3k9znDHO3Ax2I45PY47HuBiMjByykk8rkgY9Qf7xPPHAGc57DPfXtFgJM2saRGAOQ+rWIA6dSZ8cFsg/73Pasy48deBrTIu/Gfha0PQibWrIYA3YyBIwHQjJ+U47cmqjCVldp+b2taPm7u2l07PpbQfLLRcsntq09Xo159u6/I6VBgZPUfMBgnnjrk4weSTznHTnNDJtVup4GPp3yOm3PfGBjpgZriJPi38KbfP2j4l+CYMZ3b9csxt64zhuxHHvxkmubv8A9oj4CWG77T8Y/AURVfmB1mMkHqRuAYehOODgk88jRO2jd9F3a0t+bl87u21xcs27KE3t9mWiTir25V1fnv00t65t3cLlQeobgk4PHOFI4yMZGeOnNMJLEg4zwQQoCk9+QSNwCnnnIPTGa8Bm/aw/ZrhYmX40+B225XcNTDIOmeRGc8gYLcDaO+cc5fftufsoacCbv44+CF2kbxHfhnyvPQoMjPKtkDtxjk5kmtd/K+/yf6lKFRrSnU3191rT3d1Z2ffXfTRo+ogDlSMkbSTjkgKCQAc4wBzzjr0ppxlWCnA7kdM9ckEADGMcdOOT0+KL7/go1+xfpxP2j43eG28sHIjk355wcfLz04GQMjrjArh9R/4Kq/sPabv3/F62utpBxaW/mFieQMZXJJORye3pWkZXS5XdNrpLd8uiulbV7N7P1D2dRbwafXz+FLe1vR2v0P0Qwxx3I4GRgAE/dJzkHJ4yuCRgZPRiq3Q4yR3Awcc8n15HXJIYDI61+XF9/wAFif2H7AZTxtrt8wzhLXS9xbHUhi68DnH/AALHBIPD33/Bb79jCwDGOXxlc7AwDDTVUHqSSPM9TkZGc4I7VoubVOm22tHaSSWjd9726t9UtNTNwq9Ultf3opX01tzO1rr5P1P2F5HKgjaBnjkt7EkdD1PYcHPQtHKsuGbuecFCSegznHPUAbfu8d/xKu/+C837HkDMlvo/ja7YthEjsnUnLHGCTjAIO45745HIxrj/AIL2fssxtiLwP45cEgBvKxu5XAIMgGPToRkgZPNLlrN2VGo72s1GWz5bNdV5rpo35r3V8UoR21c4rrG7un1dnrra78l+5mxQMYJJAAJXIHOc5zkAcnPJyTzjGEYOG3AghMZb6gjheRwNo5J4bOeWNfhhB/wXz/ZZlnjtv+EF8eLI5VEWOAyM7MQo2/vQRyVBByBkd+K/avwh4ltvGfg7wp4zs7S6sLTxfoFh4gsbS7+W6t7HUbeK5tluEzkSGORc85B6HpVtVIv97TlG9rc2mqUW7Xvdpb3XbfQE1J/upKTSTai0rfD+Lve70tdJdDpQ7l1BAx2IXII4yccckgnnJwDg9qnClg2cfeyACVzk8YHPBzyMDHXtzVjcylAWOCNpA+UZGeDx/Pjr2zVpAyjGQSPlU4ydvGCcEdOnoRnPQ5Fva1r7q7v07K+ttrWT6Mpr3Xzfa5bNvV3sknro9L3aaVmldbt8pjufCjacKAe54J44xnqR1B468sKFSG3A8DnPdjn1yDnvg5A/2RStuYNjd945bBHXp1/DGR39sFrD5WO3G3aGxk5C4wR752nPYjHIqrp2Tt2Vr3WsfLV2T9fJpIiS7t6b26fBtutHZrTysns5AepZSCCCMYyVIGAM8k9fzP1kUKAWIOCpyc4BLFcDPOOdxPsckYOKrNkmRw25TtBYA5HGMDpjbjvg9cE43GRM8hlJQE89OFIAG3ngMcn1PQDpVO9tHbTVbO1ovfS7Vlvpr0Is7b2TfXbp+D3+TfQmKqAzfKASTkjOMDgHA7fKRgAbueBkVGwAUncp3AFsHqWIwMdRweuee54wFG07lPKj7zc55GTj3zwAcgHd65JsyDgEkgFTnOMevTOeAOBg9umVHpdrpZX9GtNOlkt9bsl6eb7L/t35dbrbZ7dYs/f4GRgcc4Xsffrg4xnJx0qNiQeOTuJJ7hSeRnj0HJJ29hwKmKjLdQW3bRknJXGQcgjkZ5xzwOoNRY5CbsENtCgEEgnBPrzxxgZ7DPFU5RX6tPpoul7PV6vskK6uu90/TW3lba9ulr2uiPgY45GRj09ieoHTPBPH4qhUHcMEnHoNvGOckjsep64xUmzBLEE9zk8YBBB6H5RkcHnkHJPNKVADAcN024yMtjBxnrkAn5uOvTGHGV3pr5v5fldW06bjtzWXLqla6VtPd0Vlr1W/V2vuV9q7iMYzyvfnGOuCefYHA/vcU7YOMcjozdcZH4DIyQR+ODwA4ryAWAKjpnA5A4z0xgYOOq9OmKaRnpxklgB/EQOp7Y5GCS2cY4Ipk/CtF57rfR9b22v5Wv5jcFSMYyT/ABHKkDuBjt6YA6cHGQbXIHAzg8A+/GfyO7sVwMLgCht4ONgyAMkEEqOckD0Hr+JHOKjbnKgYJzzhu/8ACRn2G3GB6Hk0uVc3NdJLaP3K7fp/L22QkrJWbTdt33a1ts9/x11sLsycsccAnuA2Rjr1P3QBgHoegIKFFO4gEjBbGeh4GQMDHpj2xnkZkCklumWG193Tk8AAgDjrnOO/vSFcHH3i7BTkEDaTleScEk45yvB54+6KdunRp/Jq99dN9LPWyW7GtYxuvJNW7xWunVpuz6Lbq4X5X6AZGMbnOAMnP0/2e3NKvByQBwQdwyON2MHkYOeSQVyMgYOCsgOSSOSCGAxgEDK4wAOg4P8ALjLDn5iTyQOOg6+/zH34OBn3pq7jF2sm2l+Hy/rUlS6WXTt5XvfTX8PldAKlm44+6BnuMkkj0HbuRg57gb75wM4UZ6AfeAz0IPoG5GcZBByBVcsegIC8gdOgJ/2uCSVyB6sepmdCmQSeCcjP3mK8jkD5uhJIPGT65bavotGrWd3ty636XvfR6ara5S1+FW5VorK7V4v/ADd+2qu0yIhABwfvtyTuIBGeT16jAxzxjABAqPaOvdw4ICnGeRz/AEPBxkdOalaNgMgk8nHOOvGSw45J4OfUjtmFUIbBbI28ANgZ3DO7OCcAAZwOOmQKtJLZq+l1ffVOy0eierd3toraicvK6fTXW6Wn49NdForttuTgZUA5wDkD5iAMDrxyDz6kZHdRvUcgDJYcnjPOcAcZPc9uRwCtSFBtxt54Y4ySpPToe/17Z56lhAGeM5K7txI56EH0yc4P8PfFUm3b3bLZ6WfTWOu33Xs1sZ3jdPRa90ru0VZ7tu6t00aImxnGdjDnBBIOFYcgckkkEgnnOCCMUwhsDuS2eCRwegwOOmMcA/ewM4qyUBBGCcFgdwHbcNucjBGTyTg4PHORAFBJ4BClicAgkYABAHBB6AYHXjqS1c1rK3fp35V127pb9tVrNozcm9ezV7ra103rdWT2b5Vs72byDggZ2k577ied2cnkcj0A4Po0n5jznAAxwMHuu0Dg9xzk89KUk7cHIGRgHIIyeABjoc5xkY6ZHQIFOcHrkkc4Ynp16cHrtPJxVc9rrl9L2au1C7V9Xf8A4bWzeTi0l7t1o736NL16NrWz33EOCMlupJ4HoB054PI659hwaiOCmSfU54IBPIJx1BHUYxjJwBgVJgg7uOoXI5C/QDkE9+Oe3OaaqbuOq5xxwTjkcc8ZPToevHYcn3unbprslre9np9+vYzTu9E79fJNLX8Puu/Irk5CjbtAADY7knhh8oP3c5bPr9CMoIY7ecDgjjI/IDOMjnGem45qbYwBGB0LEjoDxt+mOcY54+lIUw3JJUFfmJBAJ7hfTsMYxyc1N935dOq0+93/AA17lbrtf59t1/Xk+0DRjKnb8vGckjqv8OMA9SeQOvPuwwjHYE4GSTggE9SRwcdc4OemKsYx94A4J6dsHsAOoBwxBGfQEYpcIeFBK5BPTOVOOSOAM5xwQMjHPFF11ajfv+Wlwab2dtv01+5P1vqVfvEAkAkkBQ2NxHY88e3rnjkUxQcEZAONuG43Zxk4zzgEH36dandcgBsYOSccHgjbnrnpx0GAOo4LPLCkEngDduJOSS3HtwvygcHA44BFSmn7qabt069Omid+id1oLk0tdLW+r9NXqrK1+/Sz6gVwD1BBB5wWJ6ZPOOnHPAC9T0qQAdVHIYYAX7ueueQct34A9cDq0hQ2TkkrkjBbdkZB+o59uop4AwwIxkZHJxgjgDGfy9eDiqbTduyV/wALb3/Dby0ScY+7dWa02ve+l218r62073GYywVuQpOD13ZyTwAMjnAz0PQjOA0oCT0JGBjgYHPBHcHAwRzxzgU4gHGBjgEY9FIz9ORyO3I6U3aoOSSdp5JGScgYxjrjjAxk+2auM5RVr2v2Wvqnda2Xpp3uyGul9Hppoui0tpZ3s73s72V9Bdg4PQdcEcfLweSO/UdOD35oC7yAP72AMDDcZ45IJJ47EZ4+YGncjblgcg8Y5OM+vfJPTj6VGGBwMNkMeoGeDnGcEqPl6+hx6VHPra7b9X5W/O/y6C9lLe63t1d/klvbRX/K4hjXK7cgHduYHODnIAAwQCT8x5I5pSmMZBLDKgY6Z+7kd1B7enYd3nBxxlj2AA4XByTkeo6+2cd1UHJAIw44z95SvJ56fdGMj5uuOesuS916667pdt/k9rtfLVWo2fVvv+Wtk3dfL5jNpORjk9M5zkfQZAHYEZ6+9NMbDdkAEEEDpyOGyTwB97ge31Ex3Yye+SBjPykdMdcdeGyeoPBwIzv+XAJByDtByOpBz1J47duoHaNOjT2SfVNOPKm36LfdrTXe1Bu1k15dWu1tW9tbJ2S3sxRtYleQBnAGOfugk5wDgYJIx2P3qcETPCk8gAKQME47Y54ycYHTnrSBWOAADn5VB4LFckH1AJGPuseRwMUMpyCAfutuUjPIAz2PQ4Xp19QDVc1rbbKyXbTrt00Wl7IlRsmunR9mrdbp2d76W7ekoCru3LjLYBGCMd8nIzyTng8ZHzVKHDfMDjJBAx8pAHXPUc/wgcAjkdKqhTkfNxgkgDbjPpg5ycAc45GM5xU6KCeB07k9c4JXocdCPYc7aXO1rpZ6fk9Wl/wb9NLAotyV7t77K2yto++99F1sSsM8gj5SCcDGc+h5545Pv9aUbXJGQoC9lxyec49OAD1/TlMYOP8AaKkY7A8/Lng5yTyM9RgdHgEkZJO4HljkcEEH3HTI/D3puXNq5OPwp2tq+n4J3dvV93yOy36W6vTlt8ndaWd36DQOGHGDkKQMjA6jHUA5wBjkg4znNIoDE7c5AyoIGT65z6emOQe9PK/LgZA25AByWI6FjgggjAAHI5Gc0xVJYlRkLkkEkggDsCRuHc8+5H91c6Tbu1buk7fDe6S1u5JLsru9y3TkrK6vpZ9LPbtslrZ9rK17eZ/tEHZ+zJ8cnXgjwdqBzjOCbeQcd84PGMDJOcY5/wA6f4+6etv44sXiuZMNDeytHMx8uIvLISkYOT0O3AByCOuc1/oqftJO0f7L3xzeM53eDr/OF/haJwcZOeAeenGegIFf52H7SbrD4+0MLE6iaKbeznO752BOOnHGO5zn3r1OH5yeZVEpOMZQ32aaV9NdL6fdbrY8rPeRYCMnq4zha213Na2Wttd7W/E/p3/4Ja/DrXvH/wCy54QsNYubnQfh1a2V3NdaXaSmPUPEt1HLK+5rsZeHTCTh4UA8zJHHf9S/DmhaP4S0fw7o/hzTLXSdLhtdadbWzhWNQSjgM7YBkY9TJIxJbOSxIz8qf8EwLdLP9i34ZyQ7g1xoGoPuYAsf3j8gFfUHtgLkMQBx9oQQMLTRS+0KNJ1bLufLC5WQlmZuAO52tgcgEcY/k7iqUnxRnlpK39pYu3LblbdZ69W5W3eq87vX+l+Grf6t5NZb4LCqzeqfsYa33WvS9lt5nDWUMhj8KQbZHBtNakOeAu/zDuO3jp1JwPUcV/Od/wAFmPhz40P7V7/E3RNEvbjwna/DTQLG816OFn0+3vSI4RbzTkqgkOOMZ5OAc1+6PiT4xrcajpfw9+FWmXHjD4iyaNe28V1Yt5nh7w4txK0E15rOoAGBXgBZ1tkZvMK4JDNg/wA9P/BUn4u/GvRvjPqXwZ8ZeK4td8L6J4V0cXMWl2ws7C+vZlW6c3K5LStbzOY0ZnyY1/hxx7vh7RrriKlUhKnGfsavMqkmpKi1D3+VLmT2jFyaT72Vzy+OK1H+xJxqc8oqtTUZwi0lVVnHmb1aT1l56K1z8/NM1K6tNNklm1a60eaWCOC5ltZ3iku4XYMYAYyhCYYBi27dkgjBr2jRvEK3enaJCk9vBZ2/iDQFtLmYoGZFuoBJPM7EEqCGLO2dpzk5HHx6bi6urGO6naYW7GRY41yUBxgYHOccLkAY6nG3jvPCmi6zrvk2VusiwWhgfa8jCNy8qbVGO5OApHKuTj0P73mOFoSw9apeEJSoy55qynK8dE3vZK7Tu27N6dfxjBV6zrUYLmmo1KfLF3aTc01dO6tvdqzej3P7zdN+OHgbwlpHw+0jQ5JPHvinU/AHhPTo9H8Ko18VuZNPtQFvbhAIbeIDPmneWRc5XIzV2z8G/Fr4k+OvFFt4211/APhT+xI5V8JeELs/2ndKqDa2oa6o3kFTsltRGGXkBq8T+Fuq/DX4K/Cv9neHUbJNH1e7sfC13PpNnELzXtTvJtHgw9tCN93cmRycAssS5IBCmvpBbj4q/FLx74kbRYz8K/Cl1psaXWo6nAJ/FeowM68WlmCDo7PFlhITKScHHHH8K4qp/teJVNKEFXrR56iTm+Wq0pQW2vaKk9VZq2v9e4WlbC4eVVNydCnJxjdQu4xbTfknro73tbYp+CNI+DvwTu9Jk87Q/DrqL2abc63erXt48rRmQ7ftF6bmbJLHEaMxGAKg8LeM/i1481Lx1afC7wsPCnh+bXbYr418awmO4lj8orLcadoMh33kJBLQyu6E4BK+vpvw0+CPw+8HeMNf1mHSn13xDFFbRv4i8SSnVNTZnRWlZfP3QIrvlgEiGAeDgc+veGYguq+KjjhL622IoCrGPJY/Ko2qi9eQoA29ucYxlBTfN+8d03Ko38XuttRu72sle+q6a6RWnVcbJKjyxWyu5QvFKN7JppWTtotVc8d8Jfs/eFrb4ixa/wCPNS1D4m+JoNCknjvvEU0j6VYXEkyOzaTpSsIbWJX+VI5PNCgc8cV9C680Nt4Q8WxWyR28MHhrxGUggjSGGMR6LeN8sUarGNoAHK84IOetULWZE8dSKe3h8gjkk/OCcc9unHJY5AJ6xeKbpR4S+I8mRiHwl4kKgkjBOhXoODngg9eoHXA7exg8TGWJwsGoytXoxaSSaSnBrRaWdt0lbe+55WJpSWHryV3L2Euqb+F3b87JK/lr1P4qPCnxYn8IeAPGek2Mrvcah8RvEupfY1kMcdw39oXGHuCSCVThgAewOM4z8v8AibxLqHirWm1jWLn7RPI8e9/MyI2D4SFSWJ8uMHb1JA7Y6+aeJfFV8mqa7YxSukX/AAkOtsFQsMO2oT7WLYwCc/NnjsOoNctZXN3vjV7pQvnRs6sS/LHoMnPJ64HB4xlhX+h2Q8M4HCUKePp0oPE4zDUJzqcq521SppJvSyUUvXe+x/EeYY6cswr0rzcKWKqpJX5XJ1db6WWuz8+zdv6RP+CMyRX2sfGS3W6eIXmo+G1cIQdwjhkJUEAHPGPROgGTx+6OifDnwuPH3izxjcQ3s16LcQKk+XsrZorG4RblYfumUbuG5I69iD/Pp/wR81vxrYWXxRu/A/hXS9cu31/QIbi+1W9FjBZ/unKjewYOGXLHpjbznnH7l/D1Pj34i1nWdT8QeJPDOieFhf6lbXuk6Zp32y8lhS1kB8u93AYALAMFzgA4Jzj+SPFCX1fjHM+WtCm5exXKp2lNqNN2cUtE/XpfU/p7gmDr8L4GSpSnGMJttpNK87uzd9d9u6P4jP2trH4y+L/i78b9F8EeFbuDw3pPjjxOYNX8N6Xbpcaruu3P+l3oZXPzY6cYIA25Br4O079jz9oTxWjX2paPFpZuV+0yXfiq/SN0skK75QJJZCfl5CoueCMjGa/U/wDam/ai8JeFvih8VvA9pYrZSaL8QPEFrNLpVu9pdayzXTebc3l0rnktw4Ktxxwa+L9d/a707VxpdrPoyWFtpEUkaOLmaaa8AJObnL/vEIILLjB79wP03IpcSPAYVYfAYehejSlCtK85Ti4walK84v3lqk/SzvY/Js7rYX+08SvrEpxVaopUYKyXvr3ebXSCupXWq11Z53F+wlqOtyafpOi/EHS9W1rULqKzj06wtQLCK5480T3zFVVVYsFbkNgLz/D9d/sofA+9/Zj+Mmn6PqN7Z6vrMjXqOY4kWJWkjQCIyDglnyEBBLckEjgfJOo/tf6tZ6la3+hQwWBhaJEtraBEt/3bHbNtQAmXnO4twSM5yDX0r+zX4yvviZ8QdJ8ReJNXvLmW78YaHbzSTsfMjimlYsISDwuTlW6kDJGTXdmUOIZ4TEPHTp+xqUlGUKceVJvl10eydm1d2632WXDtXCf2xhvYwaaq3Tcrt22srOyeul7Lt3/Nv/goU2oz/tKeOvt9r5FyuouxhUjZGXUOoUAgAEENgHAPB54PxB9luSu7ywSSBhnPtnaABxzn3wVzkcfeP/BRGTH7UPxG+ys0kMOtyQwySHMjxIiKpYnO7pgE8kA+mK+H2mlJLlA4HGAM85ySRwMg4Przk4wa7cDzU8Fh1b4aUPLRRjr0176a32tY9LN+Z5jim1q6l27rb3XqlputfK/yxVic3h37VCoPlPPO3LDjGTxweeuM19HfCzTPDXhPRn8feOCj6ZHIV0jRkIFxq+oRHciFOot1bBc7WG0lT0Ct4AC0rqTEcglt2MOoyc8nOF4xnsMADPTor+8udTTT7SUt9ltYvLtLQ/6uEso3SBOgZiQc55zjjk1vVU6sIxV4J25pRd3bS8Yvzel+zt1ueZCapy55JScbuCbuub3buzXTWze91tY9S1LxV4q+OPjESalM62lsuzStFtlK2Gm2SgLFBDbqBFv2bSzkZZhnJxk+seC/CzW2u6Ro9raTTSSN+8tIYGe4aRZNpyqhmIbPU5AXPrkdr+xP8INa8Z65repzWH2Lw/bQATeJb5BDp1jGhBkcXEu1CyICwRSSSABnt9q3fiXwroPi61+Hv7OPhM+PviVdSGyvfGk1qJ7ezMp2TTWalWAihOWNweFAOMqK8zF5zhMqgqNBKtiYrmk4tRp0kuV89WbvypWT7vT7Wh6mAyLHZ1UjVrzdHCScYxk4ydStJ29yjBbrSyeive/Y9M8GeI7L4J+DJj42aDT7jUfLew0CEibW7/KBoo4rOMGcCXIU5GcnGMiu70L4e/H/APaint7G/ik+CPwXCpPJDbxfZtd120bHzucpIfPB+ZhsKbuV4yPob4Afsi6B4PluPiT8ZL2Lxx48SNL6W/11/wDiSeHZQoZ47ZLlhbn7OMgHbj5cBVGc+ZftN/8ABR34V/COPUfDHwwjh8e+Nkje3Nzbuv8AwjmjSIpUB5EAimELKv7lAB8nUHNfkeZ8QZhnuYSoZPh5YzFzlJSxLg/q2HV0nKmpLl0V2qlTz5UkmftmT8M5Pw7gIVs1xEMHQhC8abkvrOIVlpNr3ryuk4R63u9GfRtl8NPgr+y98PJrrSoPDXhaCygEuoeM/Ek9uNc1OSIiR3S4uP8ASJWk5KKin5zjdyc/nP8AHT/grVrl3Y3XhD4HWwg+zxvp83jzWY1aWRdrRNJpdow+Rs/NFcBmyNpZFJOPyS+MH7Q/xS+O+uyat8RfFGoauElkNjpEU8sOiaemSUht7NHVNkY+U7w2SCTkV4uNTtrdHEzEOSQsanG0DkqqgjPJODgenvX0WVcDQvTxec1f7Rxr5ZOEm50IPSVnde+otWSeltbKyR8znHHs0qmDySksFgl7qqJJVqkVFNS0uo3Vtb82vR3a9U8Z+PfE/jbXLnxF4s8Qal4n1u7ZpZ9T1W4kuNrMSxSGJ2McSL0QKBwMDmvMbnUXldlLtI4cbQ/3V+YAkAEjOPunAKsAMgViXF9c30sKW6uobhUXJZwSMBVHUk85xwMYCrmvcfh/8HtS1spqGuRPbaYI2liRRiWXaocFg3Izt6d+OM5r7+hhoYelywpxVOnG6hBKKSSTskkl0XknpY/N8VmlTETvUnOU5uznOTk5uTVldt99tLPS72PQf2av2WvjV+034pt/Cvwd+H2ueNNXuLhIri4tLGdtK02NyAZ7+/KCCKNOXkO/IAYkev8AV9+xh/wbw+EvDL6P4x/a18THxHqkKw3S/Dzw2wj0u3kUK/l6lfoSbpQ2VlhZVPDDOQK/VT/gkh8IvBvwx/Yh+DUnhfwzpuhahr2n32pa3q0FnDHqmpvPKsiS3d4F8+QLkrGu8BRkAYBr9IXlWNLiZ5Y7ewg3SXNzcOkalY2LcvKyKAcZbDHjnjIx/KPH/iznNXG5hk2Tp4OnQrVMK6tJ82Iqck+RuM9oXetoq6Vry7fvPCXA2V0sJhMxxa+sVKtOnWtUUeWHNGMrJP3XZuyXXXTU898C/Cf4ZfBnwBrHhP4W+CPDvgzw/YeFNejgs9D0+2tZpEi0m5UST3Cp5zuwyzFpGBJyOMGv4FviDpN9qnjrxPp+nwXN5cXHjfxPcpBaRPM483UpfnYopAIwRhiM9QPlNf2k/tE/8FDf2ZfgF4Z8VWHiDxnba54guNA1exXRdAuIrue3kurKa1WK5lR9lu+6Xdnc3TvkY/h++JP7cvk32r6B8D/AllpV7JqWpNdeKb+BbnV5pru6llkkSV0IQRl8q2McYwMYr0fBynn9GOY4rEYeviK+MlTdOriKjS7ylKU7t6NXaTfZHNx/DK6scPQnXp4ajQu3Gmk5TSUUoximktdnsj2zTvhHd6FpY1zx1r+kfD3QkAluJ9cuIl1KaLB3eTaFxK0i4ChcA7jwvTb5Zr37Ufwu8BX8Ol/Cbws3j3xCkiwQeJ/ESu9kk4YKJLW1I2unmEMobj7oJ55+PDpfxO+LupNqvjvxJq+ob5PNmS7upWiCtk7LaDfsVRkAALjGBgdvoDwP8LNC0R7SZbVHug4DXMqLJLkMABhuFGT0YZU/Sv3ulk+KxbU8dXclO9qNO8KS+F2f25W3V2lovI/JKudYLA+5gMPFNW5q9W0ptLlSeul3ZuxnePv+FqfFMyXvxL8e3NrYXt9C8Oi2En2bStOt5cnYYI3jjUIDtRGXc3AUAg539E+Dfwy8KWsN/FFBf3KxxS/bL4rKZMkYeFOhDdckHAx1IwfHPiSuvX3iLX9Gs57mSyi1a0IgBwWbI25wAeBnHAx65Jz7rofgCeGw0uXxFqJtYDawSRxNIX2g4aQMcjAxxtPTIPSvVhlNHCU01JUopq3LFXbsnZbN317+Why1s5r4qKfKptpazadrbJRb+HXz38zN8SaxYNNcafo6KYzbrtlWLZGhU5xCigEEAnOM4GevNZXkXR8O395KZA39magoLIyrtWIDILcsTkjAGR0zjJrsbjUPB+i6pcm2J1Blj+SR1V41kXaOMcZYjnscEnGOIPFus2974SlayRoRJaaguAVVQXjAG0AjAb5uDnGOnBNfQ5fKEIR9nBrpzS33jZ/4nou3la58vjp1JybnOLcne11pZx91K9tL2bT6p+a+d/CqNJpNiN4Zy0rMMHIUykgnnkZxk9B19K78RPMwhLBMI3AGAdqgg575IIBzznPvXj/hy+axtLTzGJDCVST8zDEjHAAPT2xg4GOABXoFtrbSuxWBi5xGmzOCWIGSBwACOBk9c8nmvp6c5KMFu1ZNXbbs767Xd0la++lnpb5TFJqrfe7Se+909dNLP7m33Zz3iS3Y6orF+BZsMAHggjHHA9xxxnGdozXoPwwtbhvFXhSJZOHt7ksTxggbtozkk7WzwB82f7xB4nWXmfUY1cLFGbRozuwWHU7iQeQw6dcZ9sHvPhO0tx4o8PPEwZIDd2/mHOA2AWI9wp4+7gdRyMeBxHB/2XiJO7bTuvtOyjsm9lbpZ+d7n0WRzksVQXNolbXf7PdXavotFa+reh9iXMU5jt45JBISXiVCTlV5Azjd77uAcn0qrLoNxutoljRjE5fHLY53AAjAI5HTLHBIPWukSP8A1Ekrxu2HO0Y4TJGQc5BxycjPPsBVy1u9ly1wY8RtEyDKEngEALk8E4OP97PUV+BSnNTko6WkkknryvlfVcq2V2+j0Vlc+/tJtc7vdpedvdbe1rJWv5/NqhZ6RdNdWishTz2U4KE5VHzjryDg8YIJPtz5J8crL7N8UdEtYC8ivptkDgbVTc67hgZxkH16gHHp9BWks9zJp7wyqZg7LGjDasak456jGPYgZPXFeG/FC3v9Q+LWnQW8cl3ctbWsapbRvcSyNvG0BE3EDJz/AA9TzkivZ4ZclmLnNpWpyd27JfCrt3bWu7bWmqad2ufMW5YeMacZSlKUUlFN6WjpZe8nrbondNaPTq9ZtRNfWUO4CG1sYlAIKguFAwNwG4nnJHf5RgcVia/aTSaLO4CRIZYQoJwWKgDoecEkZ55J568e86D8B/iTr17JqutQW3hTQIo4Wlv9fkjsgsCEFpYY5mTeoXnsSDkgDmneLPij+yP8E7edNf12T4r+LVO1NI0PE2mC6jb5Y3dCVVd/UHpyM9a+rxGd0qNRwwsZ4qunaUaK5rO8d5fDFJ7tu3ZWWueEyHGV4RqYm2EotXc6ztKzUU2o7y2W3RK/W/hfg7wH4x8S6g0OieHtT1CRRDumhgdbUICGYtIQqqOpLHjGQDyK/ej9if8Aan+Fv7GP7M/xA0b44ata6L4k1bXru70zw7p13Featdx3FnLDCVtkJCfvGXJcqV64OMH8AfEv7Xvx5+Jkkuh/CHwvF8N/D0qi1t202zAvEglyiJcXflq8aYIZjglR1I4I/QX/AIJ2/wDBK3WP2uNd1jxn8ePHWsz+FtD1GG08RaTaTTyzaxO1nJdxudQMhWCBZQivGqAkHkheK/PvEGsswyOf9upYTLoVqVVwj+9rVJxmuSPSCcnJJqzWq1R9twfhcHgM0jLA1ZYrFxjJKTtClBWXvJayfZKyfdo2PA3/AAUe/aFm0OT4S/srfCvxN401i68W+KNXt9bh0m71PC+JL83ENrHGFFrC9qrBXk85scngg4910L/gnh/wU2/awkt9b/aM+Ly/CPwxqP72bR3vpLzVbe3lBYxDQ4niFu4jZh/rCQ3HHb90v2Cvgv4I+D3wJl8K+DvDmj6bBovxE8aafDfQ2Ns+o3FpZ6j5Vobi+aJ7mR0QbciUevoK+ybqAGVmkEjsynDO5cr/AHR8xPQ8hcdyvbFfhbzfKsNUqU8oy2i6is1ia8fazklFJSakmlZdFG2nnr+zKrmFWTnisTKNN3UoU9NVy31VpNdXd6dloj8bvgT/AMEVf2O/hLPZ654+t9f+Oniu1Mckl14wvZ5NClkXDMyaQzbVG9cqGd8Ywewr9WfC3hbwl4B0e30XwF4S8N+DNGtEjjgsNA0iyslijGFUebHCk2QoGSZCW5OT1PQuXjOwE/Moz+7xkjIBbgcjkg54B6c5Kra5faB97aWPBycZOOMA8YO7hQAd2KUMfjsZFTxOJdtLRi1CKTa0UYuKWjta3a9tDkqRoKbcabnK69+d5NyTim7WT126PtrYy/HayN8LPH967PNJF4R8Q8uxJOdOnyxDdSBjpx8uO4Nf5nfxGw3inxlMuFV/FWutlgMbnv5w2Cf1OTz155P+mD8S3W1+DvxIZmESR+CfER3tlQT9gm27Sc5z0yDnnAx0r/M3+I+G1/XyxTEviPW5AoPEg+33OOeMk9Sec56HPH9AfRypOXE2ZTvzJUqG75rXctHe99Omml2m2fjnjZXceGKCS9515pJJKX8OCe2ut32XbXQ890J7W2klaU5dw4yVBG0E9GOMHkEZzkMc9s/T/wAN723Xw0IiGVY7h5Jo3YlWQHqM/hxk/MTnpx8rW1u07b1ilxvCKkas4JUsT0UgA5PJONvTOCB7d8Pr9UtrqyuYbiISkkoYpDnYRtCkgY3dD69OeSP9HOE8ZSweaYZ1pwp03TlT55Ssnez3ba36tt2+Vv8APPjPLsRj8jxNOhQqVK0akJRhGEpSl7ycrRS6pXWttWeRfEGA6n401S4hzFAGO0A4GAAAoHQ+h9/WvN7iBldCyj5nAbKlQF/hJ3EDvnrg9+cCvpDX/BOsX+pXlxp9g0sU+HV5GC7cjACscY4PHfA5xnB46++FPiVofNkGm2wIXzGnuQsig8jAUMc8YGQeeMjORx8T1MC6uKqvF0JOdac7KpB3cmnaOraaXfp36erwxgcyWDwdL+z8TCUMPSg26coqMlGPldarbv5b/PeqLGX8n7u0cuBwQCxCjG77x7DtjpzXmWoI512QEOqhUBOCQVIyOvIA6bh2JI4AJ+vJfhfppaBr7xdp1iCPLkSKISsSSNwUggcY5foCecduNX4d+BbbxRcxXmvXV/DBGGEyDy4Xb5eC2ST908YxnPy5YivyTM6+Fq1IONSEuWcW2nFLlVr7O99Oluz2P1fJ8rzClTqe0oNKUdE9LaRS0evlr877Lx2fzfLjjJVSI8knA3KATj2YZOd3IGAPWufmSRQyhc7mJDAkkAnHygAknOe5wD1AyR9ZyaR8LIAjJGk8ka7VWW4eQSDjIIRRyCMYyfm7HGa0rLUvh9bxGG08Hm8mLYL2+mS3WGUcFW2cnock888jmvPxGZYLnVpppRSte7bSjbVNXdru700dlserhcjxsb80Yw5ru+7S91Wsm9bN3187M+OIrG9laPyLe5eRgc+XbytxxjHyAd+SMDnHJGa6zS/DHiK5mjSPRNTk3kMJFtXAGSOMkHCkcAgA/N0OAa+x7HXtWSJY/D/w21K43gCKX+wFRgAcEEvnGMZzyBjI5JB34dI+M+qLH9g8C3NkrMCZLqaO3UgjOcBAVAPy7eoPy9enJLOcMqiUaMm9NWkovVNWenVprRu+/n6K4fqVI2qVUtdUot227tb3ts9vQ+XtO+G/jO6lEH9i3EHmSAeZOFi+UnozE/L1HXAx7dd6X4E+KbiRjPPptkkgCkyTozLhgQF4YEcdh3wcEAD6ft/hP8eL+aNJYdHsInO4m4uPPkXcBj5gAMqenHbOT8tdLYfs6fE29kRNT8b2tlHuAMNjblzjkjazZ5OCAc/MTk5zk5zzic2lCCSumrK+js2nqtbaNX8799qPC1CMlJzqStrZJWs+XT0tdX8kmfKtt8BhC0P9p+KrK2KFTshiWRsDGQAxUfeXggkEZ4JwB08fw38D6SFS71nUr2YAuUQxwITxkq29toJJOAOh7nmvq1P2VYpAsmueK9bvCE+ZUm8okgjJAUg4Ppn5l4612egfspfDq1aOfVY7+9Hyuv2m9dkk5/iyxYDBBI6HB5yDmXm2Jv7to6K7vyrRLs5LXQ6Hw1gm0501KzjZtuy20tfVt/K+uiPzKXTPBcOuahdzWM0kttOwsxc3QCSRRgqTIyFix7joCSCB2Hp1h4usLO3U6X4ft33KAVhs5b2YnAXcMxgDAIPXk53etfcPhX4QfDSC88RxN4f0uQ2uplIXdfO2xKpCohJ5IxkliTnAyADXq9j4Y8L2Eax2ejWEMaqNxSxgUgAABkJXLErhuc5UgnvWEMyx0FLkqumpu79na8r2vdabWSem9zreTYGqoe0pU5+ziox5oqTSXLZR0vpor9Fql3/Oiy1nxtewsNM8Pa1OWUEpBp7WgQtjHzOm4HHyg46e3XYi8F/GHU1SKLw7cRxXDbgdRu3VYyeVBUBduOoLYBBIH3TX6NW8OlQLK7G2towfkbfbxZIyMuOCuBjIGOw2gjFUZvF/hLTJZE1DXtFt2DHaZLmI5RBzlt4/Pg8jkVk8Tjai/eV5ydns7ppuO2r1trbrtq7I2p5bgqdrUKaWj92MdNltvtrpv0dtT4Ttv2ffinqCg6lc6LpsMrqqk7ribb0PLHkqTjk5HGevPYWX7LOrSGNNT8Z3LbsDy7KzMQAHBTILEYxxnnJJ9K+i9W+OHwf052N74300SpJuiSGWN0RlGTuG7jpgDHHy/h55qX7XvwX0p7gprM+pMpKqbdFI+UAN5Z4IHAIOOCccZ5x1km51XKzv8bi0/d6Np7u3dab7rrjRw8GuWmloui6Wtd9HazV2tNd9SpYfso+GUWJ9R1XXbxSvzmS5KLuXuEAUDHIAI7jIPQ93pH7L/wAObNvPOmS3ikBg9xcl1KryS4JIJA47Ej+IY58O1f8Ab3+GtkxFhpWp3pJYssv7sYUEAg5ZVBzk9s8nI68Hqn/BQ+0ELDTPCAXYGKSXFyuxlIwDsC4zxyM545A6Cf3N7SmnbVNvmstFbz1aXm7lOdOFuVJRuldWSvZaK6u7q22935M+3LT4LfDyxkBHh/TVTny2aASfOoBy5OQQOmcbT3PFZkOhaTpnjK9g07T7SCAaPb4W2tY03PuI8zkDAJPGc4Y9sYr85dc/4KBeNr6AR6bp2m6aoVgPlDn5icc/KRkcdc4GRnjHk2o/tk/E65u7nUU1C1t7i5giti0SgbI4ySAoAIQDPGARkA4zgnGVWjCPLGK20ai781429b2adtmCqJyWqtptHppbbqrX6b6vRn7VraFEQKZW3KMrlYiccAkkjaM+gxgYJzjcszaZb26fbLm2hYtlzcXkQMeCMkfPkdSSWb6YOc/hDqP7UPxR1FSLnxbfpkcLBO0YGQBjgA4HzHqOeA3ANef6n8XPF+pPvu/EmqzhizMsl9MVOQcBQrAc8A49c9Qc8jaleTb96zTta691dOulrPS9tmb/AFumpJN7pWd+Wzdlt6ab9Lbn9AVz498CaO0323xRoFsEU7ke7ik3BQTkFWJOAOmMevPI4vU/2ifgrpUYafxhaSMpJaO2O4FweVX0XcPzHHU5/Ae78YX93J5kt1NKQpALSySAZ5O4M5GepA5z3AFZUut3E0e4u7dcKWwpODgrncAeT0A7k4HJnk5npzLbrZK7i9X2ey7K+3VSxiWkVHfro3a3Va8zTd7X03P221L9s/4SWUs5tWv79yCitHGyxyqBtA3cBRgDBXgdlPWvIdd/br8PJI50nw1I4AZUM8/cDAPIOQcZ9dvQ9z+TIvrl8DDnGQoDdyTg8gcZ4PGCBkEijfqEqhFRwvK/KM8knB5yOpHrgjkjOBpGlL7K2STum+qVtF99lfXS+lueeLemtlotXe+idk3tvo00vLc/Rq9/by13EsdloenQKQVWR8OR8vBIBAIHQH8iOM+aav8Atm/EnUQ8UN7Z20Tn5BBCfMQkdvQAY+p5Ir4wTStTlAGxgq5yWYAk5x0AIIHzY3HGcnPQ1Omg6iy4DBCjEnJJYAcnjr/FjAAwFwDjk2sPVlZtLy93RrTyvoreX6c88whs6iV101d7RtdX1ur3aSs0t7o991j9pD4n6mHju/FV6Ld42jeFZNqyIwwVbqQMdh6kHsa4W6+Kniq/iIu/EWpzAR+QsX2lwFjXhFQhuB2GO3euAk0aZDiSRsBCVYjauQOeSPTJIwMZ5PUGjZ2BZGZ3YASlY3Uk4weSB0HJ43cD2IqHSqKSWqd+W3Vba772tfa3TRkPERacudNaXfN093XR6NJ21te3nc6G48R3t0N0tzdTNndme5kJPOeBuyfoME4z3zWJNrFy+WJXthiSzbgcDBOSNo5z9OTXSWmgJcNHEke5snGScOMMWI4/vZHTIBxk8ium0Lw9ZG6eKe3TDh0QFC+GJwCfTHJDYwOeowR3UssxNXaSitLuOvSPr8rJu1733POqZvh6Wik3bRtNpP4dWtWra6N69Xpr5NLfzs7BVYk8nJ53A87hyM4PbODuyF4zWMmqThUjt5zuYgZDYJAPIO1uhXnkg9icYr19vC0ZvJ7YQhBC5ZTghioYMB7gg/ezjjCnvXYpZ6etpHEIV+RgA+wBy7ZA3Hb1GPYZOAcji/7JqtPnk0uZW5bq6duqd09dvLXqjlq59QhHTVvltbXR8qV+7V/PqnZ6v5vj0nW7hmCQSEksCGUjgHGDnIDMe2CMdOME2F8H+IZUJMUqqWyeMckkBjnkEZIOPTjNfSCWVtBabGSMsjgkkAFs4bauByc8e3B4FTiK3KOxcRneoZCVxtIJGfvEnPAPqWBySAOiOTQfKnKTVk97PZO1rXadtW927pPc5KnEaim40krNJ6yWvut7at6Jb6a2sfPukfDXVNSuFhadYkaTyyw+Zt/zDgc9euRk/jjPt/hP9ljVPElvqV4upi3sNLjjkv7yQoiIHO0FFOd4wcZA7ZxyQNOxv7XTZftEQCPG7AR53ZyTzxz25ODyAMjod8eP9Ys9PuLGC9uYbTUXj+1QQy4EyoRsRwCPlU8bTjvnjaT0f2Vh6cXaHNJ3+Jt22u7X8ul09rXTZwy4hxdSrypctNJvZuWyuru6s3a19+lr6fNHjLwNb+Gr/VrC3nFw+nTrCtwP9XMo/iQADJOQcex5wcV6V8L/AAd4Y1PTRNqtsst0yPIzPwCoGFADdWYg4YHgjnjFY3jG4+2pqdxMR5ks0fUZBTAADdwwBAIySOoPWk8MXF1ZaVA0ZZCGKAqpb5SSMjBAGQO/4MSBXHhaFCGKnHki1GCtFq99k2lun1utm7dUeriMXWqYClNVJRlOrG8rtPl00k1bpZtr82j1T4U33hHwV8UY73VdEtNU8Pmc209rdRCcW0UjBBcJHg8xFgw6sRyBkGv2q8H6N4VudMstX0LQNBGl3cfmWl9bWUIEilQ6kAxkhlzhhnHBGc8D8lP2Y/Btv4q+KKPqdhHeWunRC6ubS4XctyFIJVgeDuyQRnjgnAAY/tFpEttolkml2Onx2mm2pDQWCRbUtw6jAQEtgAnOBxjgHgmvr8hp8tKpPkjGDk3FKN7NNNLvb0TasurPieIcRKc6UI1ZxrRpxc3GTcZ7Wum078urejWl9CureQyLB5KKdx2xW0SkAZBBKpnI29uvJIPbnLnzDcqTcXLLIH2oHI2tnndggfN9QRgg4ya7W4nABYmNWYs4+QZKtzghWydpydv06ZyeWMbSysMo6MzOny5YqCPmAznqvAPOACOuR7zqq6u7Waet97pLR3eu3Tf+8m/knTqzleaqVEldXlKzu0ur210te2mjd72mERh8o+bIxRSq5OQQSCCc9COik8HDd8CvHCvmoUifaqAYViZI2+YZJxyAo5OMED14rXW23x/uwyPsXKCNs44zhzjkcdzzu6jkKFjBXOyNFj2u+VXnoEbMikEkEtk9ST901ccZSg4p1IdN2kre6rXu7bel3siqmBq1EuWlN6KTSTlppZ3u21dq9uy21ZPaurb2cEGMhSexRQBzzjcT1POQBgYG4+n+EfFr6CHUWtvPDcMGdZmw6BQNm1ySQMjjHupryc6rpURKXV/ptp5Z2vvvIUZVABJIDNknIzhu3brQ/j/wLYokd74s0KLLYMv2uJiqofuMFJKtjkqRnPUgDNebj8XhK0XGrVp2ve3MtHo0+3z01Wx2YXLcdCVOdLDVU3taEr3dr29LLqlut9/cvFfiKbVtG1i4uYY1D6FqwWOAFgENrIy7nGcnuRgcDgjk1+Z/7C4FzP8AF45YLHr9y/KggD7S/BwcbSOoyBjqBk5+sdW+N/wxt9C1a1h8a6MJZdM1C3RVkDGWWSB0jjiOCHLnAU8AM2Oc1+fv7LHxZ0r4Vv8AEm41e0F9/b+szzadGtwqM0Ymdw7KT3XHrkZB5JJ+fWPwNHGYWcakHGkqnM4u2koxVtFfXbVP1PqqOT5lXyvH4f6tUjUrTpOmpWjfWPM1eysldt9D9WV0+VCJGQqqrujXG9Ch4yxOF9cD1HPB4hurD7rxosuG5YKwIYkYKkY4AOGUjBYjvxXxxq/7aUe4LpOg2yKR5bAyNOWwACAEQ/Njg4HOSOQK5i6/a08c6orw6F4cu+HCRNDpch+YKMhWIRXB5HUZ4PuO+fEGFlZU4Tmrv4IvV+7q+j7XfW/ZI8qhwXm+85UaKaur1Fe9466X1s7bPR20uz7fWyZ5WaRWGxvkIR9p/vHDE5UfUsCBjHJDZLVVdAUjVV3N5pcIuecBt2OMg984ORtxXwBJ8UP2hdbuFNh4f8RQJLzJiD7MiswI43AkJk8qCTyOCMmoX0j9pXxDmOYSWEByd1zqwjJDHIDYAOMEEjI/DocXnmvuYStPumrL7N3e6tZNX6X6dTvpcIVOX/aMfQT00i239i93ddFe/TXXt9+XD2MBVp7uxgLIBKZLmFeSc7SxkGUwSP4R096xLvxb4RsQ32jxHpcHJXDXKFkUA7lxkkE8c8+w3Yr4hb4HfGTVnjOreKtKslJVXUXM1zIVXpuZWQEZzwSCPTBxW7b/ALMt/LJE2t+OpZH53iys5kyOcjzC7d+5yGBPPNczzXGSb5MGoptWcpxtq47Luk3p2vfy6lwvl8UvaZk5PryQfSzvdNuyfXf8T6W1P4w/DXTI8y+JLebZGSv2Zt43EfdPAB3HJDdSOh61yt3+0r8NbSMlLi8utseAqIoDAjnB3AhuARwD3GDXF2f7LXgBEjfUNR1vU2ZAzCS6EULk4IATnbkc4OAcLwMnPeaN8A/g/paQ+Z4ZS8dXbzDfXDSthc/Ny4JHr0/2scgTHE42d7qlTaaUeVS7xst+urtvbbodEcjyanZudWrZrmUrWaXLqtVbX7r3fc4jUf2x/DGnxTvYaDNdldqJ50024kdAFCOWLcZP1xnv8nJ8dNZ8VftI6X8Q9I8E3d5qOn2sCWehQxySPdR26FfMZXRWw2c8rxwM1+png74ZfDo3ENpp/gbw8376MiR7NDIv71AhO/OSO/Hr0BIHzfcaWuk/8FDtM0nSrCysUi0nT7JNPt4IY7bcYWAPkhVTdIQDkDJGOcjNc08TiXiMPTeJbnKtDRRStZx95J22Tu+be1tbHfTy/A0sLiamHw14ww1RNvRzVl7rt0krbW0S11PpX4W+H01TRruWZnicXuVIXBIfvjglTj1zwPXA9Dj8FXayTyx3bN94KXi3AMCMKTuKjIz1zk8YJ6fSX7E3wR8M/GC/8X6F4ha9t4dG020vLGexl8tzO7NlpOeQ/TnrggnjFfY2tfsFQ2+U8P8AjLZvDSvBqVu7MOGPll8g5Yn7xGc7hnjI/OM78R+HchzupkuZ4uWFrw9nJudOXs0pxi4rmina6eqaVvW1/cllWMxUFWoxjKLk2kmtbKK2TXzb0SVrO2v8n/7eOmXOm/FnwO13JHLNJpMeGjULgBsqr46lcgHhSRySSK+if2W3EfgLX4EQTkah5jIFyfnUDJIBx1IB9AM8kg3v+CqvwJ8T/Cn4x/Dqz1tLO7S80gT2txYuXSSEPxvHOxxjJGAc56E10H7HOj3I8PeJVit5Hbzbe4WOO3e4JgJ5dkVWIHBGeBx16172UZhhsdiaeMweIp1sLiIc9OspJQlFpSb11t59GtUdOLoTp5S4Si/aQjTXLFa2U1da66bPTTV6Gh4ghsbyd4p7GaIlwEYGVMtjkkgYAXP3umfzr41/aw0yO0+Fkn2YEwnW7cksjb1YOMHzNmWDZwAXOMZ9Sf1pv/DtjcSxyT2m6R2IWB4DAcHAx+8VCD274zwBXxH+3N4YsrD4FXksFsI5IfEFiCyoA6BpeVL4IO0cHA65H3jx7eMftKNRwnB+627OLfK+V3W/fvbpsjycuxU416dNwkrtxu4ta2hZvd3u7dnty3R8m/sw6fdaha2VlZSeVdX8FxbwTDKtEQu5ZlP95WLHvwPXBH0nJ4J+Lemsw0/Vv7R8ov8Au3nUn5cYBUqWwOuM4J4POQPMP2NdOL6v4aAOFdbsg4DZzEOSOmSSeMHB5PqP0tFt9j8yKbShK7zzIs7rsZt24A8KO/TaRwcV0YCry0IqLlolez3soO+977vprbQ7cyq04VoQqxT5l9q0raxV1u7/ACttdWvb89PEfiD4maXpuqw674aNxE+n3kM9xFCwCK8LKWyCclRklsngZBxgD4Q+Ct9FaeNLiWUFMS3qsH7GWZsLuGOckBsjOc525Fftx4q0K4bRvEkL206PLo+qSLuXzYQv2ZzgcHGQeDjgg88Aj8Wvg3pwm+IdxbkrsXxAI3UqSMC+wVCsoO1hgE+/PPB5czr+1lhk1Jcqlvqk0o9e1vxS+fTlMaNqs6UEua3MkmlflWu7SSsr2t0aex+0Oj69pOs6LpS2mr6dMIdKs4ZI4J0WWOVIVRkblTlWypXjGWPvWLr0cX2O6hIdkjtbh9wKuC3kuSVG5sqxIIPck8euJqfwxiTJh0mFYJIEuYo7FJreYNsyzFlbGTjdjoewJJrzTXfC15HZTPbza7p7FvKSMyytHt2kYZm7Yz1J6HPGK73XlyRjFxcfZq7ct/dhdK7svS2q8tDxa+DpfWXUT951G3FpbrllZWb12V0mnbTpf82UjI+KUhRgvl+IzKDjri8AwM8fNzlSccHaeOf09n0rxJe+BLWXQtbXTbqC8lmkjnjVknDPnBbrlgMDAJyMgEjn82rzT5LPx5eIA7vDqkbM7L8wZZg7n5QAScbmyPXABUivrm38TeK4ppBpt3MbEwROltcErETsGQgbAxkbsqfcHNedlNShSxdV1krNTSu1u7K616NK9vwPo8Sqn1SCppSfKk7pvZRtbR7aavVt3RneLIvirZl/MtrfUI7hQqGFQ6u2M7wCWwTwQx6EAjJr5Lt7K6i8e3S6java3DySSXCc7hIysWHOPfpjGcdvl+3F+Ies3FvHFq+mxSmF0Aa3yWByQMMhIycZxkfd54Ga+U9Zae/+KV5doMxPKzPGQdyjYThgV5wfXB4wRg5rLPadCTp1acuZOSSTeqTSd2lrpf7r72sPLq83zU5Rtblbdna7cVqrPS7vp0eu593Qy6JP4e8O6feX1vbSR6DAIYPNjjnLhQQysRknIyTkYx6cjlf7Gt7JL1rS6uEM8YkM0TK6sQAwDupySMg56A4xyAatN4M0nxf4e8N3F1Gba4g04RpdRzeXO2FJABUjcOMjPXaAB82K53TfhL4gkml/sDxTIoDNCsd2zGFGckhXZywJAHBxzjGQRWEMNh6lOKrYeNVOO/Kn9mKadk29et76p33ts5VaU3KlWlH3ntzbJR1fK29L67WXnY+afEWueJNF+JmlsmrXUtvLeWMzRzTSyAqJ4xg+azFPlJARflAB4GCa/an4YftPaj8OQ+nSeB18QaU/9nX8t5Y3PkXcEjRhpeikuDgkjPOTu9T+Nfxt8Oal4Y8f+H9O1meGbUEhsXae3OY5VeVGDZHsck88sc5yMfo58P7H7XFPGHkRjp+mscDI3eSvLZJyBzkrjg4wc1wYbLcLicRVwyp8kW+WLgkpRTUfu7rbq2dWMxdWGGp1JS55JJuXNe+kbu9rvU/UPRf28Pgj4h0LWtE1A6p4K1HUBEZhrNpI9kvlsNyGdlILtgkH046YB/M79ubxh4D8cfGXwrq/gvW9I1rTU8P6dDLcaVcrcR21xFt+STB+WUkjep6ZxjjFbviDw9ay6ZqMdza2123lFwxtkZjheRvIyvAGBzhgcNzg/nPqemWOl/EO5jjikhjNysiQK7FI5HZTjbuwoUAYzwN3GRXm4zhejgMTDE06tRyUrWk7x15V2srK99dNzbLM0lXpzi4r34pN3V7qz0t16NK6e93sfY3jTwVb+NdX8PadNcSW0kWhRS+aiFmGEB2jn5iQFGCO5HI4Pivjb4Ra54XNvfiaK9tJ43kiTKpMkcedzvGW3LhRkscgHPsa0/ib4g8R6bqfhy90O/uIJ7XSIt4V9oACjaDxyvUsCenPHU8Hqfxd8U61Zyf21bxXlx5TWqXQZlaONhhwFB27mHJ4GfTpn5bMqGJjjZOLvCVrxbbd9LO9nZrVWVtWr2sfaYKtReDhGStKKTuutndbXezSs1v2KXhadTrtqqvG0jwyowKgbMBs55xnacjOd3HdhX15fal4Z0zwB4a1HXTE0sUN9DarLEJ4yxVgFZMEbieBt+6OQBwa+JfC1zbPr+nSQxyIpMiPu4zK4J69CSxP4+gGa+jviEbdfhn4YZ2VtlzM6qVzvJZ9wPc4UA9OgOODzU4SlgZwkn70op20ulyvtve7dtHfYUpXxNOSavotbWV1F3vpq9VfXW+x84anq9jPqOoXkEccMk8kjQxRxhU2buAFPToDtGOentu+Ert5fENqW+XdaBRldgzuyucgnj+XOex87ukUvJcxuGGSBGOCMk8AdPzPGCByK6zwtcSr4g00scGSHG0kcYIbtgEkDjpjqM9a4cNGKqQSd2mmrtNuLstU7aXdrtLQ7qraw8tUtnorXTcVzRW27b17bI+vdS+HcXj+8hmW9a1nsrKCPZGMmQsAcY5wAAMliAfTjIoX/wAKr/R7Jr8aipSxt5y0UyfNsjQ5bBO4jcDjJGOCBgkV0LeP4/BFm0508Xhv7a3CANiRWwBuXIyADjoQMfnW8fHWneKvC+pPLZT25h0a9EjjJQzMj7QWxgnJBYNggcgY6fP42pjY5lNKyw/tIq+m7srp7v4rXWm2h00J01h6TvaUtGujV42V/R3cutn2RwPwmhzr3hxgVIa8XhASWLzbdo2lsMfp79q+07H4leKNG1WfwomlWc1rBqTtYidJIppEYCQ73XjYVA3E8ZJz1xXxf8Gtv9teGmikA/4ndnCAxGcNKrbjndzknHp0Jx1/dD4EfCXwr4is9c8Q6utpe31n4hitrmW6tkuYYbV4wTGoA/1hBwQMnBAyvb4/xBzHDZflkcRi6Uq1NSUXFNaOTSvF3Vmnd7bppO+h15VQ9riJJJq0VK62to99Vpa+29lscT+0d8XPCvjr9jnVNJ0/TGtNZ0SDTNN1a1gc+TFc+cjSSyDP71WOQr8HkAkYyPzo/ZwjiX+34xGwH/COXQjCnIL7Wxg/3SfcE/Svsz9t74Q658NtD8aeLfCEFrcfDDxP/ZulzyW6PBHa6irpOVSB2OFIGA+Cf4Sccj5N/ZygWS11mPa6tH4evHDDG4gIxxwOgIOfbaM+vzPCbwtPKauIw1RzoV67qwc25Si5KmnBvrZ+dktWz0cbh+T2lODUuWz2W3NTaTaV7Wu79Ohx95NcLOI/KVwQwxj5yeSMtjBK5x7ENxkGuM8RLJHd6FkNHuu9xVQWAIYEjH3euOuAcYHJwPR7hGdlnTKlByGO0HL4LYIIP+yeOOcZ5rhfF+43egBSpBuWYAdcl89uxP3Tjseg4r00rybumry9fhun5ptW9U/lvQcuaKd780VeWqd3HVXu3re/3pdX9n/s5QKPFNicF8yWbZBwdzSpkegAbnABPpgAZ/u6+EKg/C74d/LtH/CI6KG9ARaRgex6fjjkdcfwr/s0eW/i/TFddx8yy38d/NQ9D2yO/p06Gv7t/hNGE+GXgBUJwPCej5xxwbOPGc8dRgj2wSRgHn4USee5nG3/ADB0LXd9FUVlrbXs/Pc7OO1/wiZK72f1iql8qatd31slZaeVzvEjDDBwSG2gk8NkE8nnr7Dp1OcgSfZckjn1HdsHjIycdMcjJ6gAEEGdFG3bjnoMjHPucdOCcjPTPTFWdp25UjAB6c44OBjuP8PXOP0R4alUXK4Rv5b9Nm9btq3XvfV2/JJ1pwfKr6+d77NtLrdqOit0dtmZjW3BwAR1yRkfMduMNjAHTuDliB0NRtajGMIzYIzgcZycnJOAOB04HANa/pgFgAOSNo/h5U9Rg44IOeo44ClcnnoQSMqDg+uPpyAM9cE4waUsmoT3SeibW2/L1sul7t9bN7O9LEVEvelJJW7q9+isld+l2mYb2QGQQCMBQOpOcjCnH3MnGAOcAAg521XsUJAKdyRwdx7c/iOMg456c11JiTOFPzcNnn+76dACfu4ByevHJYVGcYJA/u9T6cgEg9emPQAVx1eHcNUivdS1u9m9LXvona76O2trq9zWGYVIO127JeStK1nfS2jV+b0XZ8dLp5+YpHtKtnGD1JYcKSDgnoMAY+lV/wCzywwUxyTgZCnPUkjkLwQenbBycDtWt0c7SMgHrkg5AGcqc569e5GDwDUTWYGcMDg4G/oOpznHYjJHcjHAOK8qtwvTv7sbLlT0VrL3UtLJK3VL7zpjmsnHl2emu+zir3a9Itq67dLcS1gcLjPbr9D1OevGc8AgnjGcQPZvuAZdxyeoVWAGSQDhucnhgOeeThq7k2YPCgAnkgdOT75IwCTnrjpzio3sCdoGB0BKkdOwPXqT19ug3ceXW4YlNWS6a26u0bpq/bW93fye29PNFpzW6X02V1dvXTTe6fVX6nAPbSpn5CCOnzZyBnBOAAT1xnjjh8Cq210x8rZKsNu5gvU8gde2CfUEH0rv209lXBUcsApI5AHOcleTxye/cEDmtJpw5VkOTxgqSM+xzkY6ZUddy5HAPi4nhavBtwc4vl93S/Krxennp536Pt1Uczp31s09d239lWbstNlbV6dLHDGRkH1ODgbsEDI/DscFgevSnfaWGVO5eFGCdx69QSSy5PoepA579LLpKMcBSMjcdv8AeyMDORhcDJwSecgckjNOkSHO5ck5Vc5DE55wB6A5/vexA48SpkmYU3Zc7Wmqu7tWasnrrq1vol5td0cdhpq8mk9P0eive9uum/mZhu5AcArgnoMjgHg56k9WPPBDehqeLUGXbnG8Hp0yCcc8k5B/E9AAOkjaTKrD5DwflYnk+gABwT+YA9TyzBYSrjepzjOFA6ZILZ7jt03Da2CaxjhcxpSty1E1HdrmV1yWvonqr67aX8no6mFqpK8NUno0mr2dtb91u/LpcuR6iNx5IwDn06nGevsu7kcDgVOuqLkjO08dSTkZwSDwOOgHI+YEHmstbObsjYznlRnapx2JyTg5HbC4HWg2zgZO4E4DccZzzxzkc4C5OMZIOQK6I1cfBauad1q1LrZKz6a9UrbJbGLoYZvWUbvvtvG3W+i3b63szoIr9mw4YjORgYIx68EYYZDZ24A6epuRXoUD5jgn+I+g7MDnHBCjtyMgVzSQSKc84HUHIzxjgHHTnr0wfSrMSSFdrDGAQVyCAAAchvUjAI49OAOe+njsao7TtdJuztb3dd15dfvszmnhqHM37tkmtLK6v52T6bN72tqdGt8p6E9MkAlgP4eeg5wAemcZHqXi7BwOfl3jaTjq2AM84I/i+6eACTxWIiucZAwQSoHBbAPsRjI7EZPAxzi5EjcMcgA9TtbkFuRjPYDjPbHXGOmnjMS5QTcrOTcnqukVf5Wtpq9F6c0sPSUUlZu97aNtLRPS2um+13dmgLgkN8uec55IPIPIPJPXOMdsd90y3Dqwxj72AW4ABIxxznngj17kVQ2n5gBlRgKR2A5PHGATyTnGc5HPEkYfcAy98beeMEgfp1z3BHQV6tDE1VVglOWlrPV22vey9E7+fXbkcIbpKz9ObdXTkkrb3/C2yNMXLZ54PJ5z04wAvHr0xwAKkFwxBG5Rk53jIPy5yeMZwcEH1GDwKz0U5wFJOPmxnnBwMdff25XgZqxtCg8lSp64+YgjB5HQY7EnHII6ivWp4irpaUne93qm3p5uy8n0XzOedOF9XrtHR2Sulfa2nWyum773J/tDEEfKdxJ6gkjnjsc+x4HGKaJv4ieASMgc+gPIGSevI9DjH3oc7QSxHXPzKOQBwF5HXnjHXIqINg8HHIALdCT9cemCePfHSn/aFWN05O7skm7pbJrZWvb81tcmWHgrLVrrpu7xSS0Vm+70VtbampHOWOACgXkccEHJBHAxwc+gwPlGeLIm4wW4ABG059MqQeQucHJIGAMrjFZa9Rg8EMCB74bHJzj8R14J61IPlGeCD025z1HTgHscg9hnBGTW9HHVXaKckrrVbX92yutbaaeur1uolRjFK+9tuX0SV02m7trurX2dznviVJv+HPj1QQc+ENeUBWz96xn5JXnOPXPoccV/AH4u07WJdV1w6fpkV2F1zWAJJACyf8TK4G4E4xu6dM+nTFf35fEVcfDzx4wHA8I64Mk8/wDHjL0B246nnBzxgjkV/DRsQ3XiJihYnxHqahQBucJqlwzAAc5xgkj5Rk5z1ryq8vb8V5E5yUv9ixsnF3a/iUNO976a7WSl5fb8PNUuFuIpLf63gVZO9+aE9F3Vr6rXTVM+fZdP8Z/arewstO02C4WJWbzI1kYBgQGZvugBsHBOT0zjp5n4i03xsjSzXpsl8meW3lKxISSRhUAJ6YwBjJ59eR9f3DpHr16gsmJaOzZAoJZRkEncBlcg9AcHsMnFeP6wPtVr4ku2iZ1ttQiAD8qFWTceDjdk5+brjAz0r9UwMOWNRwS32i0uiu3dvor3vdO17Xdvma+Ig5w5oJ2sru19Wlo7tvZWV3ZaPV6x+APAHjXTNN+2SXcb6fd2MupPaRFI2aMhlMe9QCDwMr9cnPFe4+G/gxobeCh4jutHVtWv9VSApLcSFPIk2ucKzEhiSTknjjjgVZ0u3v7nQNAWyeX7OuhzNdMD5abcFlTB5Iz159COOvt9lY3j/BqTWny3kXkLRBXGdkZVNwx3LBcZ6n3r6DCxh7BucI3drya6LlfRXdndK99b2bd2fM46vUeJtCbhqkopuyTtd6O7Se+6000Vj5X+Nmn6JpXw98Tx6XpNjBc/8I7qNqw2HfG628i7g247iSPvcZGRxtr8nPgD4Zk1z9of4RaYLCHVJblGWLT/AC9xup2GEhRR1eRyFUANn25J/Rb4v6hdXng/xRdTNcEvp+qqELfKQtu5JGBjHOCQOD8uSea+XP2D9Gutd/bY/Z/0rTjbx6nJdWk9g91loBdwsksIm3Z2xs4AckEFSfSsMdiuWjXeHiozp0Jyj2c4xVnpql87pXejsehl1KUaN6rclKd227+7yxTtdLbfdd0tT9YPiz+zn448IfDjxX4j1f4Ka3omjHw7qs1zqcFsGisYnSSNLiZgmYI9xHv6ZAr8vv8Agl5+zl4O+PX7ZU3gvxVDq9nPoXhLUfEOi3FpKYN90hdbY3UpUqISQMfdJyM8cV/WR+3r45/ad+Gn7KvxZPiz4f8AgDWdB1ON9HvdV0/VkF7Fp124jEsdhjd5ilgUKkKG7ev8uf8AwTl+Pdx8If23biTSPh9ceNNa8X+F38G6ZpkGpx2U1lcToblZzcFCp2gFCMLxyTwa+ar4/NMVk+Km5KGJp0v3Di1FQ+Fuzcm00m3frv3R24CnQXNyyU6TnaSjeabaSd01dSsl00stEmj7I/4KDfBrRPhh4Z1zQoJLu4lj0fz3N3IdrTR3IRzHk7WB55Ofp0z+KX7I2lWOtftD6Rpt0mY7621W1l2EK21JGICHORgbto9eB61/RZ/wVR0zXpfBdlruv+ET4Zm1rwosMNqdRTUWS+jdLm6RpkwrBQCHyCQcAkYGf5yP2Pb0Q/tE+FLhGMLveasqyYLBQxfBPHIBz1HY9eGr18BiK9bI8Jias/a14UbSk7tuUPPbRp63tq76vTmwsIxnjqMI8sJTnyq32bQW2lvNPz9X+pX7Vnwn8M+GfghqupWFvdR3P9raVE7TOxUo8kbFSOQTnpnnBzkDg/Kf7BHgbRvFXxo+JMF7p81xHZacsqhCdv31yGClcrnA5O3rhe5+3f2zptTX4BXzS6nFPBLrekhY/LCSlwylXPooYLgHALEYyeD8Vf8ABPi81tvjL8SItMuhb3E2kqrsMKGTdHwSeMnsNuDgDvXRTxtephVXcpSqQfKkr6R5qdle+lldq/RfflTgqWFxSfwt3Skk9WoLz3/q7dz2D9vjwXoug6b4EtrCxkgSW/vjhs4YRqVwpxkgHJyW9AM5Arhv+CbPgvw/4ksPiYmr6e85j1m1SIgEOA3mBmBBODkD1PGDjkj1L/goLPrENh8PF1C8hlkS41FQEC/IQMlieuCMgnvnntt8q/4Js3fiJrP4sR6NJZmcatFcEz5wEQSlAoA+bO48Y+UL1556Via08Iq8VLnTSbbd1edk7tu1tFfdK1kiIwthFT0s3J3tdp86ulq9vX1SLX7bPgzw54b+Kfg600XT3trc+GL2eVHZiXl2rvb5iSPxzxyBk16T/wAE3/ghoHxG+HPxK168kuludI8TC2WKHAQQ73MkzjqWj42cDk8DrnzH9sW+8V3PxF8MTeIjZjUj4cuUjNmMwxW7L8vH94hSuOvHfqfYv+CY/wAQPFuh+EfiZ4f8M6Dompm98VLNeyareLapHbL5wkjRifmlfAYRkHJVQN3OfFzKrjlh6lbCz/2jnoSdSTS0clzqUm9rJJvd2et9V6dKnTll1GE7K+yatG/Mt5aJK6Um11tfueVf8FHPCmiaJ4w+GGl6cZBbjwnqccryNlmkUL8+SSDnbyB2GeRX1z/wTL0Lw0fgBBqmqx2Bdtf1a1BvbU3LBEZQmG2kgHna3AO45Hp8s/8ABR7UL3V/Fvw4vtQtbbT7n/hFtUT7LauJI0EZIDMRgh2yQ3ABXGOtfrB/wR60zQb39ki7gvRowvU8V6z/AKTqEMTlFBVgq7xjGQoBznr1AOOTNsZi8NkuGrzk1X9rT9o4t3k5N81pP4tLJ7+dmgpU4ewUOW8Pe9121s1qtlr38+t2fid/wUatNLX9ovVPsCQwQQ+GdKCCxjMaDcZCx2AZZiADu255OSetfqR+x1qfgfTf2dPhrHqtwrXsnh92czWrzF2E0pVS+cZbhMEcAZ47/nt/wVNtbW1/ai8Uywz6eLceFNJSIWITyBclnCk7W2kkjJA6dye/6Cfss6da6r+zj8MlhlghaDw+JJJ2gTzGJkfK5YZySPQ4Bz0yA5YrESw2X1FKcZ1KVKUpK97ON/eu7u99G0l8t9pUqbwL56fuxqe7HRO3XXXRPRWTvfVn5Mf8FBTp+qfFXx19iVTaix0J4lVcCNGkbCDIwAQCcn6NnFfrb+yL4m0zw3+z18LI28Mtf3H/AAj0oS5jl2vysoSPhW4UcjJJAzknkH8nP27I47P4l+OIFPm+Zp+iAMigYKuc8gZx+GCOgPIP6dfswPazfAL4Zbkm83/hH32sp/1anzuTg4AHTbyemSPut9BXjVq4bCTc1GV4N6tO7jG7vrvduy73vocidJUkoxUldWTTVnaOlne6stFfXpys/Dn9qi5hvfinptwLd4Wk8X38rIDu2s+pMxQkBsqAdpJ6HHTv+3/hXxJpFv4E0FJLaZhBoemEqsbDL/YoQw3HggnjnP8AslOlfhx+0oSPiLZbXyI/Gd7Hk4By18Tk/NnGCeeOp7Gv2f8ADZn/AOEM0QllKpo2nOwBBLk2UeAR6Yx3xlsHnr24l14QhCFVaqF9NXZRSvJatJbv8kZKnQqJSlTk+S7Vto6xUr31Vur/AFVz8b/iNqUF94n8dyGGQK/j1ZYS4KrFH5yAE5X+LPPB6Hbg5x/Q18P9c8H3Pwk8LSPrawyReFbO2m2WsxVZm05UCBgpDEPy3PIHzDoa/ne8cKZ9Y8eKAqmXxkjfMAQAbr+I4BAHI5wBz+H7wfDL4h+K9N+Gfhrw9aWdncWEHh6AK/2S0WMK2nKu6WV4C0pHVcEEHac7ua5JRxc6cY4ecPca9opSsmkoW15X/eVreV1qksVToKdOVWE5NqMafJK1knBa8yfaO29m07n4W+KSIP2g/BBhcTIvxRTa54yrawNrFT0DKd2McD06V+9vie+eO2mWaKMogkYrjLYEJIBHuP5jOT978GNdzP8AtGeB0cK5l+KcLSuq8B31ZSyrt4xkkADoeg4r+hTxDpsQt7xDa+bGkE7l9uMlbduc8EnBGDx0APoOeq6i1VRK9+ZK6XN7rb7crab89n1Omv7NTpqUXeytpZbQdr2Xa706J+b/AJ+ba8UfHvRZ1jVA/wATYtpboM34BGOc4JH5j3r90fjjfBvg18SoZJUZz4XvRwFG0eSQOCMg89Qc5575r8M7MRr8cdA/c4Q/FFAfl67dTUYOMc7hyMYAxyAMV+53x8t4l+C/xKmRFy3hm52nHzDERJJXOTgE5J5zjB616GBko0rtppvRW3fKlqr731Wnay0ObM1evh4p8ukG73d03DtppbS+uutj8Yv2Q7ySw+O/gy6WMSMumyDDEH5fKl4I55Cng9frxX6b/tH+KWufh74ht5URDNoV0AFHK7VJyxwMn5cHGfvZPt+WP7Jcpb47+DVyCGsZlDKMgBY5DgjuMflkHmv0i/acdYvh7rkqMjFdFuwcJjggjr24Pt756V1YaPPWlJtq7slq7WSu9PKS7dHolpnjotVqEW7pxhrZ2d3HTVNaapbWt9/wF+xL4istH/aT8K6ve3KWkVvo11JLPMuY9pyEV8ZA2nA4yTjsa/bH42fEHSNf+FfjxLTXNLuJLnwXqSpb28imVsKxEYXBJZsZG3PGTwM7vwP/AGWojJ8bNCt2jDCXQJA2FDD5jnpgnjtzjnHIzj9VvG2j6fp/gTxndpG8jr4W1ERtIqq8ZET8EbuDnIzxjIyc8VzxwtOrWq1JTa9m07aJPl5Xs03drTTo+1ysVOdOeHhFfFCPvbWu4Lbe/mrrXRpnwt+wXJcH43Ti0he7n/4Q+5QQIuXbMoAGQSQRxnvyehO2v0q/aft9Vtfgj45mv9Ou7J102MlrgFUClv4QT0xjAzyATkHNfmn/AME7dUbS/wBoKW/ie2Yp4PvGzORtYrOOMuV3HIyF656DPT9UP2y/GVz4q+CfjRpzYho9GWNo7LaGdlKjMuHbGGI5xnuPmAx6WEm4+0hyrlk902raRW2mqXr1vvpw5hrj8M07yXslJLZJyWm61Sa01269fzo/4JxDzPjD45nU+YF8LyByq5HybOck8HOPxyCR92vsv9t6CVf2efihNzGG0+HG8HcU44GTj0HGMdxXw3/wTx1o+G/HPxFv3Onkp4cjgRdQuY7UPNIysojMjfMegcKM4AGcmvsT9rz4jDxj+zl8Q7K4tdHEr6dFGr2d9E7s6EgiKENlsDncCSRztIIA8v29KFadLSUm4vXVe9y2ffytrpo01oehUpVZV6VVJNLlU7OzWiXrol20TevU+SP+CYE6rc+MlRmZ1i0fcysoOFJwuQcknIOM8diO/wBy/t5StN8CPEnnIQou9O2gnnhmzk7uW6AgYzkHgnNeEf8ABGTwr8Hrtvik/wAWddj8Pw2kGijSZZdWh0uW5d8mcospzK8YBww+7/Cozge+/wDBS62+GOnfD7xnB8L/ABXP4g0Jk0po/tOsxX0pvHb94kUceP3ceFDNjG0+4xP1iNTEexcZe4ldrRNRUelt7tbefQxqyUMdS0mryhdLa/Kpbu/R9te/Q+L/APgmlcW9t8QfH800scSv4UswA/YKWwQOSMFgTt+mMEiv21XV9F1W1a2t7+B5YtDvl2KNxcvaSggHHK/L97nr6nJ/CP8A4J33Etj498ZpcCGWKfwrbhpJXjiUEK37tS5wXz/dwAeMDqP2L8P6/p1tdPDM1ugfSLqOMq9sxjT7PJkF9+DtJy2R65yOK46kUq8m7yTim4v0irebdt2nvboj2aqThDlaUrQ95vpda2eurivwd+j/ABs+FoNpqkWneam6P4na1J5W4ZIOozZbaeCCRjpkA5+v7H+K94+BniSIRF1bwH4iBXIY82rg5OScDOCB12gEYNfjD8PhaHx089qrTSD4iaszEg4Ci/lO8BeMYAxwcg5HBr9odbt7k/CPXGhhuDE3gHX2Yt/q2H2OVnBJVsBt3TuAAORWldRjDDyS5JOS5btXS5ofNb62W7YQ55VJJyfJypO2sbtx++9tb66abXPi79gX4Y+EviVa6tp3i7RdTubPRtOt7ixbTzJmW7nuXVQ+xhnJAxnG4jGR3+r/ABn+yP8ABbXNe0XQ/h5rGr+G/GWprqr67b3sjXcccsELskH2c48sOyYIbPXOF6V8ofsLN8TfEEvii0+GGsPomqaNokE8ibhbpdyrdyiF1maJ0eOE/M4UH0wOSPtT4S6Z8cPCP7TdvY/ED+wNRuV8D3WvatPlJbi6uLuSZUvYZBndIFIjYgDG3lBmvi+Ls+zzLsRWng8bNU6OFU40nV/ljG8YQ5Wr9LX1b6ns5JgcBi5RhWpJ1PaNXUE+Ve57027JK8kndN+98z+Yr9pDwu3g74p+M/Dl87y3+i6vcWM0rIyeaYpmCyKhztG0AgDBC/MBmvGbC4MDHepPzbgZF3Eqcgcfe+Y4PfPTvX3d/wAFBPCGoWX7RvxLv723FpdXeowaibTIcLHcxiSJwVzhZEcEA4yT1AGB8O2Gj3d6yzZCwxsqOUYqNpbgDPOfu5z77SRydMBm317AYfF1qqVWtTpymmteaajdyd97vVWfkepicveHxEoUqcVGN1FR1VlbW+17LS3RPuUdRktZrmJR5SsyMz/J94Bjng5x0PBPrzyDWZssWZmcKdnA2YH3j3A5Lc46/Xkk1019oMS3zSOS0cDpHu3Ak71ORgDrk5Ps3PY1zV1p0StKAHCIxUgNtIy/UDnAOQTkem45r1qU4zipOV7pa6q6VrJLo09rbq700OKVGULppKV0mnqujd4t9eW97JtL5LsfAcNjH4p0FkjDxy6nbhkb5lwZFBDIc7jgkemAQcnJr9DNf0nwGwaK8srCSVomDBEEToXI+YlcAYzkEbc9hwMfnf8AD6zQeLNAI+dBrFijK7cEGZMgdsjnJ5B474r9atd8GaFPPGBZRM01rC8uD/e2k4Oc5BIPAPPHG4ivpMojKVOuowhO7V+ZJ2Vla0rO254mP5YVaTblFN6pO17Nabpq+nl02ab8P+Amq+GfD3jzxPZPq9to9jNYqlodQuytpLIHG5QXbaHx8yqTnAxxgGvvjTp9M1AQzWd3oepAIMSW+pwgliONqlwc9iccEenT4W8RfCvwpfQas81kEkt9TtIYpIHZGxIpLKWUrng5GDweSfWqvwN06FSdK1vWNNdCrDytQufLXIGCFEuSQSM5wMHJwa+VzThTGYzEVcTTkkp25oR1WiivLotdHJfKx9ZlPEuHwVCOFqUrpK/M3fpe1u99Oz63tY/RC60m0Zbcy6ZmQsrb4JEnz3Kh0fPVR16DJIPOHnTtLbdJ/p9uY88EOAoyo+UAkfIB93Hr14NfnHd+EfiV4bktptC+JGtEG9itlilu5XVDIp2O3msTtUnAU9u/eu3sPFv7RmhiaK28TWuspE4X/iYQxyqxxgDlQRkMM9j97HOa+eq8N5nQlJKEpJJXtvsvLe9t+i6WPoKfEmW1YJzfJoknpq04pPstVZXtb1PvS10TSrti8es3W5Fxsc5Ys2BjYw7btwDMxYdASeLMfg6O5v51i1eGYrb7mW4hiYqCM85BOOhPToR6GvizTv2g/jDpri213wDouriEAynT8W1xJt5+8RnJODnAGTx6Dr7L9qvRdPvWk8R/DXxRpFy0SrM1pK12qqVbLCNQCV44y2Oi85rgnhMyopc1KsmrK8VK2vL2lfqtVpptqraxxuXVWrVqWutpWstkr6volprs9nofTuo/DBr2GJGj0e8hbBbMaIzEtwdwIONoyP5nIxw8/wABtKub29tz4cspN0SyO8EwQDBOWQAge5GDjvzXOad+1p8EbmCIX2oeINGfoftul3CrHjlgz7sEDnOFBwTjmvRNC+O/wb1S+jlsfiRo0LXEZiZb24MDAMPl3RvyG6huuDkHB5q4YnH0XdzrRs4pJuWiSstL2Vraaa211SNpUMFWfNFUJ3cVe2jSsr6JJrXf8HoeY3n7OWibQsNrq1ox3F2ixLEhHBwcDO3aMgnaR0HORz+o/s/Rwwqltrc0YjIRI7m3dQW4I3N7DJbIOACQBivtDTPHXh29ECaV4k8NaluXy0EN9byFl+YBsBxznH3snAIyBkV0sz2cyWss0drP/pSNKIhFMuAQcgqxJBHbnIwOc5reGeYyEZJ15S+G/Mk0l7tr7avS99evpyzyfBzmmqFN3i0nHZXSdrxunql3v5Hwe3wy8TWcUcFle2k/kRKpyTGWVB/tgktk9MjjqMivL/GHwy8Y3ckMqaUbsiGTzGtnEjsMkA4G3JXjIHpkcA1+r9zH4Yu1k8/TrXlMN/o5QMoAAwyjgkHn7pGeAMknPj8F+DrtFZLe4tHl3KDbuCAG7KTzg8cZI28H5RiuiXE+LnTVKo4Tj7ulnpZxt3/PZKxyvhvAwrRqxhUpu6as7q94vW6bXZ3uls76W/F8eGPEtmkkdxoF/EIg6FhA5BwSoGepB+mc49M0y1s5VXE9rLCwmjKrMkgJOQOpTDZH1x+Br9hU+G3hRVkjXVbsP5xASeJZBgnOCCPnBzleS2OAAATWbd/B3Rb5h5b6dOIyMJPaRK3zc+g5+Xp16gZ5AMPn2lp0YyatbllsvdS3inda6avr3CtkdNu8a7XuxTUk07ab2e1ujd5aNvY/NfRPKa31NZFQJLar5anIxggZ5+6egAIbtg9QeM8SxE6zKGdSjWsKAD5ioKhSF43ED8D3Jw3H6T+Jfgvo9haXV21hpzABAVhQxO2WChRt42k4x0zk56EHktR/Zz0HUolv20l45JYF2tFcYKr5Ybvnk8HkcEZHXA6J53QqOPNRnDlVm42a05b7K1tXZtW3aauc8MhxMU3GtCpdp7tNL3bK1/68nc+BvB+nTXHiK3toeSY2G4KVH3hgEA9z6nJ7kYFf0neCfEOmWfhnw/odxe2sd7a+EtFjezLokgcWEWTtYqTkHoAMYA4xX4wP8NdA+GF7F4w1UzpZ6Le2dxqFk9wpkuLSOdXeKJSOfMRQpHHQnAw2fuPw/wDH/wDZc+MFpK2qeJLvwFqUkUdlp+qXZks544lgW2jhM6nyikTkBDsAwo6ECowma4SripTjUVOPLGHLUajty7dHfZW10188sZlmKpUaUZUpzTm5OdJcyWy95R8r6eSbWp9maSTJ438LPGPNtjaXjsUG6NQVLfKQWAx1JB6jngVc/az0XVvF3wjg8KeFFtH1XxFf2djBDfbks584VklIwoG8ZDHdg8H5c4+cPDXw68eWniOwj+GvxisvE+haP4avtU02+llivIpyY3kaxkl37/MePCIGG4sQOTX0r8Cz8YPiV4c8F+JdVi0G+v5NX1rR5fDl1AkX2SKwM0KXjSSYKTS7d0bEA5YEck40xsoVIqpFRUZW051r8N3HRd0+yWhnh70LKTu4RXxKWjtdKzWlm7PotFbdv8EfE3w51bwJ4w1bwhrEUUWr2MF5DqMFsQYY5tjNiJ+Q0W3Owr6njrXz7JokckOsJJA5aGAAkEnleuSDgd+gAPbjg/pF8WfBvi/xf+0DqumQ6da2mua14pl8NW63NwkFojCQ2qmadztCqcEE9VHByK+cvit8JvEHwm8deM/AWvW9pJrOjRQi9bT7lLu0ZZYy6yRXMZ2OCTyq/dweeMNjiMLTxMKd1FWTXNa9+aEbaOyeut3v5bvtoYtwbtKUVJxk46tKNorS6V1ezdk7a31PkJ/DrS2djcxqEUlY2Q5yMyqoIGP4geo54wOTzu6l4QudPkDzIJUbBBCgsqshYBcdcgA5x1zg44rspdNni063ZIysbSJnPIBE6EAHHTHUcAtgZPWvVYrCzvbWaWaMrcKsaOCg2lPJb5gCfbng8Y7nFfG4zKKNSs7xUUkr2vZ6KzttezT1W7Z9NhsfOFGPv2lLld27prTbVqz3tpe7Vu3yjBoUk8iiJDI0pcKjDLkjOOMHbgZPJPB6k4qCyl1jR74LpV1e2V1F5m4xSyKEII5AyB8o7d+DweV+h/Bvh9J/E1pC6J9mzcsrEDggNjPUEHCj8cY5rhpvD09x4+OnxqoWXVbmP5v405bYxHUAY6nGc5C4r5vEZMqcVOjNqTqWSSs00o6pbK7fXpsz2KWZ6xUrSioqTfXmfJdapvld/iv3Wl2WvDvxm8Y6K4j1fytbhiYELMP35we754IUgDjgjnJwK9j0f40eBvFMkdnqYOiXLbGxdDdBvTAKeYeACe4J6qMEc14Bd6LKNU1i38tR5F5JAqYI4AIJB9scHtyvHFcR4m0T7BcW8NwhV54fNjJGzcM9WP3u42n26jHPI8PmGGjzPmnCLV3qtLrVb6t33tfbfRdNLEYStLktGMpK7VldptJ76Wu1olu99Ln6JJY2N7bNc6RNa6hZ3vlkiKQMpGwYwM5AHXO3ORx1yaUWkxRy6YskUkM8Ekjr94guTkLnJIU4x6Hv96vh7Qr7xT4eSC50fVL22hDLiMTOYC3X7jkrtP3egJAr2zR/jhrqTwL4h0yO9jh2r9otQY5cgDBJA5IPPC8ggMcVjTzmrSqKM3ODi07SvKOvLfXRpX3Sul2vouh4OlOy5YttWurLRpXa6xfVbbWeiPpywyboRzKyKVBOEGdyluWbJ+8Dg4HYHrmoDcH7M0YAMUV+GBZOSC46nJ+XgYBODjvk1g+F/ib4Q8QzxqbuOzutmwQXe2Lk46O+CTgkd+DnHJx6S2hxXcMjWVxFKH2PhXRlYhi2AQSD2557AYFd0c7p1IvnnG8lH373tbltdW11tLS2t7PqYvLnzRlBaJ31WmltGnu9HqrrfbS1OS4hTURPIhWL7ECSCMcr3yMEHpkdjxgZNW7b7BqUGlI8MaCK5liY4JL5OQWJxgHIIHt26GjqNhdQiYSwPkWqqrIQRwRkbgMEHjAzx15JrPhWeOK0VQ0YjuUDZIBHTowz3/HBG70HPicTh60bxnGSs9L+9K7jp5RW/maU6VWDd4dXdarflaWjulGybafVpbHSWfhK1uDeRJGqOt4VRlI4XrwvTJBx1APIxtyBeXwdbwxIjR72luokkkI2uqPKEYEJ8vC5KkdeSQccO07VWij1AOoV4b1GDgHJ4Xad2R9AMYYHpXdaPJJLl5j5jTGGdQ4BGIpFYYI4HHYnryG3YNebVwtKurTjBwk1Z21UXa19F00v/wAE0qVZ01zU5tNKSfk1Zq6d3v1d7X77+4/ET9iyPS/C1l4v8Ga5JJBPpNle3djfBSfOuUVmEMzYG1XyNv3tuBuxXyYfh/4r0S9jsrvR7r7TcTJBbeXE5W5klbagRhjLMSBjgDOciv2n8U3Rj+DFjPNKkca6BpjqhwQWCAZxjP8AeyBwPlJ5HPjfiTwmjfDLTPFGXGsRazZS6bIiZUEIrIQME9VU4JIByBwa8vO+FMNyuphF7OfslWmotuDV05NLdaJ26XdkcmV8R4h/u60lVTqOlFySTUmrWdt720TfbqtPgtfCni3wTcxWPiK2uNJv3RJ47K5IBaGRQVcE5JGHRcYHBU5FdNpryNBdss/nSMgZkVlVgRICcYwxUZyW4x905wayvGmv614n8S3Vzr15c3OqW081rJJMGRUWJztRUJyPunjBK9zkCsu2eVZQEdlkkBVmQ7T34Iw24E5Gc4Oc9SBX5VjVCOKnRpc0qUZcsHUd5XTS1a0Vk7rS19luz7inCU8PCdWUVUnBSfs23D3knaz10vZ3vdp2Xf6f8P6gqQKGGxri1tdqsBudURQX7nkZ5OBgnAHAP9M37PcyS/Bf4fspyp0SAAHgnCp68fwjHTGRX8rHhXUpZjFDMHaRUESOThigxkEEbQMgjI5xnnBFf1NfszAyfA/4fP3XR4sknBHCcdBjrgDjPUdwPb4DoyeeY+mrxU8Gn6WqQ02a3t1016n5F4qw5Muy9pxbWKkm1eyfIrX2tfXdPW9k72PdIwMgbgMZJHbaxOAD068EEj5gw46VIu3BJHtxj8MdMjoO2B1ORxIkYwAeQM4I4784IIIH07dTjIqZI8tgLyByCcjkHk5yD97pnt25r9lp4RJxT97TVt21tZ7enTR7K3X8N9onu3olZu9rK1rLvpvbq+hCoRhwuAScccE8HvwRwew6dv4lABGQfl64PTPc9FIwfXHTHHObAiAzgZxnHJPXpweCMHvwePUktMXBIBOeQSCQQe5X/a6j5hggZ3YAPXDARTv0dns31Wq1tv6Ps73EqiaSu1bu9Ps262urK19dblfggYQZxwCMjPXg8YI9hntjgVWZGwHGDyTnOMYG0EdORwMBTntjBzpGIZ4yQQF4GCvHIwfUr+hxkniF4QcYU/xADPTbxjPUkZ5zxkHKrUVME0rKN76t2d2tFy23WyevW71CNSyS0trpultvta2rVtFZu+xSADHDgMSApb7oPXBz2AyOO/8AF7xmEMDnj5fvHvjjgEdMYCg/eAJ2gCrjIUOWBXOT83qOMr/eHJJ69R6gluCV3ZHTPK55PGSBycnABGMZGfmwR5VbBSlL3oWv8Kadt46aX6va2tnfa60VSLs27WWr83y3SfVa2l+OlmZjwHcTxg4HHIAHcg/VsZ55OQNvLRD1IOQeSWxkfQHv1OPbGOAK1SpI4w3ckYBPXHqexA6fQ5qErj5VBGR3H5jPQ4J6d+nfNcrwMIv3oN3abulotG1qldW2fn6Gyq2jZSX2dVK29knLl76Xa+VzP8lmJUgAsCAcDacA7m256HOADkjPOMU0wsAMovykkN1AGDgd+nTjPPcZq+QSOBuySTkkADB6D0zyRx1J54wBeOgIXH8OTxyf/sR+taxwFKSjyx5W2rpWb1sm20v6Q1XqxfXbv7t9NF0+babfTW5Q8kHHyg9CcHgk+xwPbpnjJOSacYiSQVwAevAJGD1z1/TP89BUUkjb15A/HgN65J7YHQAYGacYyR8wOQDtB/MZyQcHv7nuQcS8r391Xdk7LV/C3016vRbMX1ib5W5Was17121pr12bs1tv0bMzyQOCuew4OMEDPtg5JB/DtTzGNp4UnjACg/N1wT1A9/yxVz7mC4OGAxjgYAGOMYIyMd84J/3nH5gMggANtBHfHB5yGxzkMc9+ecQ8BGNrU29ktLN6pXu1ZJb7aWT2bNVVbtdt+d5a6KyXR7pKzvv02zTAQcFdw4CkjgAYPPBPAyRyD64HFRPEpIAyGPI67cAcZB4yCBxlSM98EVsqpYDavCj6EkjHPoSOx6ZwfSmPEpIUAAHhiQS3XPYjnOcEZ5x7mh5XOpG6i7v3m2rpWtZN7K701S1u0tWxrEyjZbNaJJttbbrRK2v436Wwni68hiAcqAVJPXPDZIIwDkf3gcmmLGDhtgHVQcFuD0Iz/Djn8euemu9sAdwG0nIJOeRng9MdOuc8DPOOGGFlPzcAg4GMgkenoDjPHJxkZxXFPLKlJqXsdLp/CmraaX23V7NPW+nR9EMUpaO3RNvR/Z06L5Wurb7soGBflDH5TkA98jjGF556Aj254qrJAq5VlOBypHOVyOc8e+ec4B4HAOoyAHBBz2GcnJzg9OeCfXj1xUciKAcjjPcgHJ6gcY5PQfhgDJrOthrwvypcsbNNJpW5dl6PS9lfW2pvCrFNNSutLrrd2Sas7Nd7LR22WphSQ84O09DkDaSCB3zkc8nA6jAz1NFrf5mxuVuAdxJGTyf5Y4BPoQBxuyQk5O0jB5HTj1GB65yeM85wcVTljLZ2r6HqADg4HBxgHkdME9Oevg1aMryShpsmk03Zxd30tL57panZCsk9Zdk23ql7ulrr8PNttIxzGc/MgJwwyOQSOnrnnHOMcd6qsp+bgM3c4xg8jOBwO4H1PYYrZeFn6KEGcZJxlvQZP+z+G4E9RVaS3PJCkA4AzuOBnnkA5I9cDJzxgV5dWhOF3yNPR9kvhe++istbbNdzsp4hW0aa10SS7dLfg+yvsjK34b7obPOQDj3wCeg+h4PShpCvU88dADxjPfJPXnv3xyKtuirkAbeoLEA8HjbjAPQeoIwfcVWMSlmGCVByCO4BABGFxgr6ZxntgZ8+U5QaTcklt2fw6/i+rfXTZ9SnGSTu79dbJX1bXZ6b7b2GiUp3AGAeTnHTuOMDtx6+lX4rwA8FSCc8cfMDzwCAfm64GRx34rP2AZBIOSTnq3PovGeOmDn3OOU2FQcMBjaQxUg84yDnvgcEnjgHHbppY2rRXuuzvdu+i20Seibdt9ett0J0YyUVZtd2vR6pqyS+fM279jcW/LZCtxuySRghvqeATnqdoHqT0UX7gfe4GW3dfywfTkn0PJHBOQrbctlef73JPOe/RieuM5zx1ppdfu7snkEbScNjOR0OPXGAdx5xmur+26ySam1y76vX4ddNb66K3XTus1hKbvdK+l2lorW01ur/ADetu2m3HfMp5wo9M5DAryQOcY4H4EdKupfrngknjIUY6cEDgk9OTuBxz1OByRmJJxjJ6ZOWHbPTv3569PWpFmPTcQCRgZwSRjjoc5xgZDDnt0PVQz2opKMrprWTlqlflu1azaT897J2vrnUwEWnZW2su/w+m+vSy300O1jvF5bd0wR83KseGIPXHCjkewwetyK6jcEZUEgDt3wPu4yeD17nHTgVxMcxJ5yCOTxjHHcAAeuCPbvmrkM7DlXzwSBxknnOCSvPQZHQjOMHJ+gwnEELRjOScXZtc2llyrrZ66tXTv6s8yvl+6V+ZdNNXZaPfTTW/XXc68uOQejAYYf3ueMc9zz2HX0pTklxkANkEEcrjB68EHIB6euAM84C3RA5YLgfxdseg46jbxx0xjb1uxXgIwzcn5gR82B1xjjr9eCTkZzXr080w1Zq01FtrRNNOzT76aq6t0te7bZxxw1WHuu9rW1T1+Fd3rZJx7NWskzR2hMngqeeQSM8dc+uBxnPX1xShmwSxG0dB1KjOBggD5sDJ564x1AFdZwQDkMAMleR174GcE44PTHXHOJFQMQckgnGc5yGHYkdicDIPA9CDXoQxEZqKjJbLVtNy1imvm7Xb62sjGUXFpS303WytF2Td3tpotlpfVKZHUFeMDpjI5J4HB7cZx/IgYs7gc/dO4Dn7oBBBAIG7JIwASCO/rVbHG0fMf4c8EDPGScYXGQcnOMYAp3CrycEDncc7v4ckdcHoB1zjrxnspVHG7bautuV2Wsd7r1bV+hk22/haV9U3vtb9L6b3Wivd29QAvy88ZHVTnoTxtx74wPemOWAByAeSORkDpgkZIz/ABDnjkcVXydmecYUBuT97IyANpAzk4P3QSQOmQMeABwGxnqWAx9Cfu5BOcZJHUVo8Q7Xb6XTXVppdNmtE/LvuVCSctWo9Nd09OyT1S110T0avZjknnHABYHpxwcD26cdcn6YrOehCnG0jA68chlxjjnIIJ44FTMNoK4JJOBkY+6OmOOgGT24JAHFQOSOSCCCc55APOAc8bec7cE54561x1qkk3aS6bdE9Otn189elzenZ2tG66tN3bvF2snor2i39pdtipvBDZz8pBAC4wSeB19Bkc4PDHGarBwOcgA9FPUEHrwe+M4x7kHqbTqTySScDcBnGcdwDn5ecAdc8nrUBhZ2IycYG0jgkE5ICjvkYOAcdRXLZzWrtez0te+nprf8m77nbGyvdW230StbayXrrsn2u0JMyAcEZ44x0yRyAW5ycEdT1PPFW0lCYGQcjaQeS204yCcHv04wTxkZFUhC5LAqecjnGQfxJ6dO4OOe2baW7sFXBwQwJPY5ycFjkYGAemScYPftwsJKSd7tJ3t1ty2d7beWmj07inON7aeb5rO9tLrrv1ts/neRsFecscHPpuJHCjgHkgnHPBIIxWD8QXMfw+8cNgH/AIpnVPpn7NIM5/h/HOMZBPSukji+UckkHjsGLnGT0HPPGACMHsawfiBAZfAfjWJjgv4c1Rdijn5bV84OOOOg65+XJPT6akpfVMTo9aFV6X3VO6TW1r77WT11ZwUuR43CP/qKw7tzX/5e07rTVa3vonu7WPxg/Yyt9Ot/B3xM1TUZdsMXikFc4MPmLd3DBdxJ3MScIoycnHTFe7a94ik8QeJ9TS2tR9hfwJeywzspNzITFKgLA42DcOMdh2GRXy/+yrpF1rlp420W9mlt9FsvFltetFFlTLMbu4VVcjAZGPUH7wB6Dmvt7UtGsdN13UfIhhgVvAF1GG43uyh2zwSFPHK9hg9SCPwPC05TqxcIpQjWSlor1JuTad3ZqLvbtfsf0XjnTp4qtKc5VKlWk/Zr7NKKp0Ek1dOUpO7v0v0PxR8D+HZbnxxe2r3MlsxuNRV2VR+7AlkcgA8bjkA8cHr2x7lqHg+2t7HzHvr65hKzIcZUbx135K7s8EEnOMA9ePNvDRnh8fai6KuJdR1PbI2TgFnGTgDAORjBGCT/AMB9+1S5N1oUEKmOMW8c2WCkF3HVe5Oehzwdx4GcD6mko+xjGXux5L9m2uXZ93rfpa+7OjGVpxqwdO9moPVa2vG6u10uvK97a2OD0/wtp0dsRLdXzedbSBULkLuALlTwPl5wCeBtABwcUum+DdEu9Mjmmmu/tSwswUP97EjKAEBwFGN2PvHAOBjNejWelCfSFZpkDRWEsuFIDHdHlfmJ3E856YAPGM5rJ8PJZGxtmnmhSUQTALI2CxMr8Fu+APUHGc8DIbjrTS5dVa7e691uzTS6dLJ7Xd7LmhiJONR66yjpZ3S0Vru1rW020+Rwcfg60bV7aKSWdoY7QyB2nIY5Jxkj+HIPUdmGQMGtKLwzo1nq1mbfdI0N/byMHlLKd5HIBLdCcYzwASDwQOkCW769dEzwmOG1VQScg5ySMDPGc4UDcfRu7SbSLUYnt5oZN93ZoyqCwUmRR3zgAnPA+vSt6EopxXNeXNBJttPRpPRJaNXWt2153OXEynJO0ppez111bcXpZKy1+em5zn7UOmWqeCNMljTyzJ4htwRGG28wRk4OeQcnBz75Oa8fsIzBoukOZti/ZJEG7BJPVQVJywyAPr27V7x+1UqDwLoa7tom8RQHbg8/6OMnqMhiSRkcAckgivKtPsLF9F0RJCSWt5Fc4yRn+LggA+yjBxgd69fDVZLHV7JXjCCS7/Bd9dEnZ21+Wq5IX/s/Cxauvb1ba2+0tetrbu++9ktTtLRi/wAGPEDCYLGtpeszMu0ZKOABkEjJPGTz0Nflr4jvUjnhP2lHbyDkLglccAADJ4OTkfrxX6znTbKL4HeKFhR2L2dypL9VBY8gAhSSRjkHPzDPGK/LXxD4esrVI2SNhK0DJNIwLHew8xQuegx2ySMDJ4rz81qy543s7xu7X0+F27/J289D3sj5XGpu37WPNbVK0I67N7dbu+3meVQvFdajbG5do4XkjVgmS5LMAAR2JVhnABAwdoxxr+K7W0tDA1tGsNrFMREnWRmUAsWLZJLk8e2OAMCqtlpohubXe8bP9pjchwcrGWCfNknGPXI79BkntvFmixfYvtT+ZL5V5FlSpAIYAjYQcEEdSWHA5BI5+ZrV0q9FuTu07xu3rpdtXST02Wi20R9NFSnGceVq0E03Jt2vFJ37Jpary0W6+8P2M9zfBj4v6gQf+Pi0gUkDJ3wFGXJ5JOQWJyTnnJAr83JrqKy8c+Lyy8DUNSVQMkgecTjnjnnnjJOONox+n37H9oI/2evitOqFFm1q0BB6bCgBTByenGOCc845B/MfxDbMfiB4v8sKVXVL9VUDc2XkCjAGDzxznjueePcwdWFOrCpKfKpU4z97TlV0le7fLe3S9nfzZ8pCE6lfMIqHNarFNJPWyg1Zbbatb387nIXWrwzy3A6KELeWRnc4ycHng9QePmyM5Gcei6/rDW2l+ApBvRBZXWFZSVcrIo4U5wQOcAYP8+It/B2tTzzkWUx3fLloziMbThzkYYegz1644B9K8S+Hbidfh9pxMAlOnzQornkzTzKFz0C4Iy3y7gccLnFfR4fMsPWVWNOvTlKnDnkou7UYOPvO101FLro7JHHiaE4SoSlTatJ8u903BbWey8+2541deI2GuX8hdiN7OmP7wAwvB/2iO3HbtXYw+J7h/h1q6ncI31SISAEkEq3GVbg8ZBOSV247A1R8X/C7VvDmuXOm3ksTXUskc37nDAxTKsi7WBAZlGQwB989zfvvBmpWvwq1i5bcobVYyqr85ZQeSSvTG3A/hz+nRHNMPWUfZ4qnFOUW0l8V3H3dL76p2e70s7p87wvK4uVCTbd7+el23bWzS011umthdE8WCy07T9TCsEguGIUkjeFABzwc5x3BwRuIxxXaeGfiDqmo32t6dHY+fa3elXc7tkloNyE7gM8hQeg7MRkDcT5Bpugahc+DGuLaznkjtrtRLLyqLnGSuc4A79+5717d8I/Dkv2PxDqtxaF4Y9AuIo5c8+YqHOMjnoemckk9cGuypmdKlDmWIXxJOKdn7zhFqzva6smtVbXR2tm8F7STcqSTavFq7s0ld/CmtF8r6Pc9U/Ym+BeoftB/E/8A4RawvRpV3aabeXqXUzKysYGdsxQsy+cVZgQq/MF5x0r7L8Zfsm/EP4QeMNN8JareW02reJJLvUNNkjmWS3ubC3SRxIVVfkkK4LxkkKTyT0r85fgj468UfDXVIfH/AISv73TdT8MagbhHikaK3uI5Lk+ZbXW0gyW8oUB1zyGBxnmv2u8J/tvj4/RzeINa8C+HbXxF4O8Nmxvby8vo42mjvbd4nk0eBgHaYtub930yOMZz2rHZhhpe0pVpvDStFQSTWqjZppX5ttW2ndprTX4/NMNjPr8JxhSqYVQjGpdr2tOaaSe95JrRa2Wq0Z8xfsFfCb4jeLNK+Ltz4akti+l+Pb7T7yPh3eWCVgVQD5QSQTkcAHHJIU/a2q/s1/F51F5LBBHJPm2AuZS7wzFiB+624VR1BOTwRkZIH5//ALJH7Xnjb9n6x+MGl+HvDulPZ6p4/v8AU7+41AhriGS6umdY4j8zOwQqxHQdPSv0btf2z/jxf+E08cW/hm0u/DVjHK8+q/2O4s0uNodY2dlJATcMuVOM5IwDjqjmebYelKFOtWh7ycFT96MVNqV029HaWtrK92keLm2X4utjKlenh8FOlJxtKrOKnJxhBO6bva6kna+iR8afBz9mTxN4g/bl8e+E9W8Q2Fl4k0z4daZqElxbwsy+TLcMvltGCNp29WPB6gHFfefjf9i34kaZPCuj6zaXaXkZX7XNOEiR9oyTAOg6AMSOAc8dPgr4PftdeLpP25vFHxAm0HRG8S+I/A1rpuo2sbYtrexicvHODtGAAQzkLtBOMgLkfuDpnxt1XxB4Q1XWrXQtInu7CxM/lrqMavNL5YbzI0dQTEp5Z1wNobaCRiuSpmOeUFZYzF06k2px5YOcJptaybVueaXvWstrt3Rw4/D4+liMLOFDCSoPC4aFS7p6Ssk0rpySldJOy23aSkfzaftffCPXPAv7QX7Oui+INUtL+4vfEFval7VSjJK9woWNskgkH7rg5IbJBOVH1/rfwQ8U6V4j8PWUZfy/EGpSvGReBP3SE7N/BZCCOAcEjv3r5a/bO/aGh+Kf7TPwJf8A4R6LT7vwf4vgsGNvco0d5eRTpO5Miqpc7jtDHrjrwtfpnqvxOsLnw/bapqmg2x1fTr1ri2nF6gdELBSp+ZmB5w23q2Scnr9bgsfmlSFBzhVnOag68pKzTcYxXMuaKTcVeKe3XSzN8xi6WDwc5Qpwm6c+WnCN48rqpvleqTSsrX3votT8wP2r/A+qeF/hl8R5dQRcQ6ppVm0puTKxc3sI/hOCcDO5eeQuMDn9Hfhf8JryX4Y+B79kiaK68J6DKDLdlSBJp8GBjgBR6egHoWr4K/bO8VW2u/A7xi8lvaWt3e6/otw5jvllbymv4mLFQSfujoTgjvjg/rb8OPFvgr/hSnw8tf7XsDdW3gzw0JU3gOGXT7cFXBbnkYBPJ55NTmtfFUq8HBz53TvaKlrte9vXSza01t0yT5snw03TtfGVY2elrQpPbW903t71r7bnhnjP4Ma4PB3i+WMaVFE3hfXZVllzIyLHYTued20sAuAR164Gefh7/gnN+yXefGX4S3Gu2uuS2iw+IvEFp9kt4MLK1rqEqSXLSkgbflwqE5y2PmByf0/+KHxV0O18C+I7C11jS3Wbwj4gQgshYMNKn+RRknJPc9CQCcNmvkX/AIJXfHDR/h78A7a0vreG5e98Q+LLhGhukSRI31SV8Mv3juPAAy2DkDOMeBPMc2oy58OsQ6inFRUItyakry5dHJ2dtf7y32CjTm8sxTjGlz+1w7ipLS75nZ8q1vG9ttO2t/ozVf2GpPCvh+8vp9e8QNHa2d/dr5dkbiMmG3lfEmG/1bsOpOV3DJ9Py1/4Jt6dZah8QfippF5cQtZj4i6zHIHgMruIZpwA64KqW25yegyBzzX7WfEb9sDwvfeENa0nTY9Yj1S50zV7eNWmIhieSzmRSSVIKEnOemM56kD8Ef8Agmz4i8R6b46+M1xZKs0tz451WaeRmVim+4kMgiBUlWAPThiQDjpXLVx/EGNwuLp1frMW1GNJz5lJRdufkelt1fyVle56OR0YywWYVcUqMalONB03GLt70nyu10nZ36q2/a39AHiPRPhxp3hqKfV/sS2ME4NzOLLy5I4In3yASZBACKQxPykDBxX5kfBXwp8I/iZ/wUd8YW+mCeTwddeBoToxsgYZ5rtSElCSkkuhyTgYHCkdAD7/APFDxrqtz4Q1u1kfUpFu9Pv1VXtyYhOYmKqECgqhbPI9jkcmvyP/AGNPH914c/bFl8U6r41sdAtrfw1eWS6lqGIdMspraUobRyTtMw6AEEepJGK8KlhM2wuFrV5VsTGVOmpxpxqSUqjhJXilfRtPumns1udWBwiqYbHWnGc5UZQirKSXPGKTs3JvVK2j17rb+o6X9lf4PiaQpZeIR9njZMi4ZwCcknIHzdSR3Pr0z+e37bX7HnwR063+Gvji+17WvDMOjeLImv8AU9UmH2RLaUbzBkoPLaQj5WDHIyRnNfQ2qftvfB/wVY6R/avx58LXd7fQh722tyLy4R15OEUgkNhtvJzkDJKmvyd/4KT/ALX158fPDPgfwV8HNQ1DxRpOpatPfzEacbW1udU01gsFo0jH/VlXdnbhSMY6HNVMTj8RClShWx+GqVXBupUqScYXipPVzlHSEbaq6uzwMnyzMoZhSnVTnhoyn7TmpxgnFxa+1q72SXL8rJ65fxJt/wBluSO+TSvjb4cbW7dhFJaLbGbzICVAV3B2liFIYlDzj1FfENnffD9vjd8P7SfWrTWPA9h8QNA/tO/WIw2kFuZh5rXEbg5WQYwM5Ixx0rjvDHg+78C2Wv8Aif4heHdI1C91HTUutOtre2S8e0vFKqY9ykDcrHLLtOD05Fc9ql7KujPrl3Z22gXkWtaXeWVnHZoqSh5Qkckyg/NIAw8tSVz2wCxruo4PEeynTeY1cTKpRnCUnOPJFyhyptKzvdp3Tt+n2awzjGUXTlFKahGeinyy5VzLVdXfdXd2td/6w/FHxu/Y+8AaAYXPgGbTJbWB4LTTvskmozSraIxVYSDKXLbcrnjJztC4P4WeL/2jo/HfxO8d3ngLTItH8JaTJdXsdlcF1ivLa1LD90mdqs64JRWJIPQYyfz4+N/g++0jx34RuLrxtrV1PrMdpfX8cNu9vBaDUIk8hVZpTFHEA+DgD5R2r7X8DWXhaXwW/hSx1HTbDUrHRL+TUNUvfIFxqLNB5jMJt7NIGGQuNy5XjFfNZfllbJq9HMfrDr1ZNRjSoQ9jTjHmi6jqW5nUmpaJyenS19fVwHC2D+qYnD1qtXFLERUnPE1VUtdbQjdqLTer3SXXde0fBH9ojwt4h028t2uY4/s0+28spGKvCWk+Z4Sx+bBJwMqMAZ5GT7/4o+G3hr4qR2B0fULe2l1J0kExKtHIAA6GQBhtcYOQQOmDxkD8XtB+MXw80yZ9A0+4Okapo63Kajerpshi1ibz3UeW64VnfooBOScBT0Psvg/47+NNA1eO6sR4lOjRiGW2YWFxGYfMOd5WTG6ADLFlAyvJwCN37LheJI+yhDEc0VVpQUZSThaUkrpczu7NpOyV7366/lOZ8AYmnVnUy1+19lOTcYNNWTjJpa6q2lpJan1vonwGh1PxF8SvDV7dR219ZKi2zxzopunSPYgjBxhXKjIXI59MV82P8DhY+MIrfUb25gEJluHiZF3LcQsVWM5+Ulgq4yAfQHOK9S8M/FlfGN5qOswa1AdWujvvp0YxzwmLIQuqspBDAlgRz2z0rzrxte6q0011qWo6hILi4M0Oo2cjFgVIXH8RIK+uRghegr28FRqJKrCvz05vmUb63SWl9l53V7WTa2fz9StiKFedKrSlTnGEIzUo8t3FQje8rJJqNtHZ310Vj5e+O2j6d4d+Muiz39oJray0qC4nT7wkgVyWGwEKoYHoOeeT0z1kfxM+HVp4G8Xw6do8N7fXEQuLNYk8mTSwQMNKzbmZQTyoILbSAMmvmz9ofUS3jlpLzxLqEkdzpNvbQ3JSSVYSRgRzMBksDyw7Z56c+R+HPGEfhe3fT5dbsbgapIlrcG7iyTb7tys7NkdCT7e44ryM5yevjYuUalWEqfvKMZcibVtJOLbaf3XPu8nx9Ojh6SnGM4yppStZ8rtFKV029277bLqfWPivxNr3hfUP2f8A4hRWtlcaXItxfxxwQEqy25HmSSgDmVWXIBG4nDAHkV9heH/2kY7i18Q+JNRY6jbahpssVvpN+k8qs14rLiGKRivBcYAX5cA5JIr5P8Q+OvCPjrwx8JtNbV7DSofCS3tqcRL9nu5nDEAMFAZJCfm527iw+9itjV9T+HUz6fPd+NrbRr2zW3iNhbRj7NKsTqzMGA2MWVcAHAGc+prjyvDS+ozlXoudXDe1cW4yl7yndOLabu3unu9fJzjcRGpjqbulGpyqXVKLsmm1dpN3TUradWUvid4/s/hB4PsNQsbDTEuvEt5LrFrvsHf7OtyxSbTi8yFUlQMXULggnIwSwrb+Ev7QOg+LdH074epa26XlxMuo2tzcfLDHcSSb5kZZOMFizIrZ5YDPQD6G/bA/aL/Zk+NP7J2l/DfSodK0j4meBorCTRZo9KjM2q3kaxx3F1JqMMaN5Lw5Z43DbnJ5PNfhRaeOfEPh69lu4tNUpAoSK8tyYWZ0wokhKjKg4zkcfwndgmu3KMRPG0JfWsNVpVKc5QlCcXFuMeWUeVz+JNWi3aydmua6Y8Rl9KVnSnyTundNTtZp3i1KTXMrabq/nY/fS7+FUPinxBo19BJbvYNJbxXrW91HEz3SRAhkjQZjjwrZbhewwcGvzs8U+BdMTxL4nTU0MX2DxTqtkiQsrHAndVd2UZfHyncxOAfQk1c+Af7XeuJe6bpWpaNNdlEjJuPtDGYhCE3sCcs5TqTjqeTkZ8j+IfxNvNR8e+JNS07RZJbG+1O5mishcqJY7glg7MpOVZ3JPJIwTt6Yr0cNHkxU1KCjTcYtK11LWLXNKyfuu99WmrtdgpUK9KlyKTnKy5Xze65c0ddttr9Urpa6CX3w7tLPxTY2cbyyJeC3nUmcAhfMVnwOpbaTkE4wTxnGPQfix4OtLXxzosMXmxI/hy3ZXVQSY8LyCcnIXnB559ABXzFN8V9cg1u3vNT8M6nbywGOCG4jfzFRPNAHIGMYxk5xhuPWvY/iP8U3uvFeg3b6XcMYfDFtDLHPIu590Q2ugJBbcRnjnJOe9elzU1KKp2Sk5N3Tctk7XtzLrto0/JhyYhwfNF6wl57uLteyb1vp22b64uueCrbdJLDLd3KsAEUuSifIQOONwz9444+vJ6XxVpP2L4X/AA3eVkVodS1O3SMEMQzzbU3hVPfHJyqgY9q4C7+I0i2qLDol59plbIQHB+6QrfeOAc8AZJznGOaZq/ibW7zwF4Ul1TRLzSLK2128Nre3kqxQXcolyyIWJXg/IxwORxyanFuEpUEkuZ1IXT6JpNebd9bXutL+RhIYuKrSskuRyi3tzPVXej0v30s+t7+h6x4Fn0XwvHrE5kWKe0jlcLMWjhaXHlYUcZPI5G1cjd0rW+F3iTWNLXV2sb29t4j4evEha2uJYw8xiYbiqFVcq3rzkdzzXlepfF/Utf0I6PceVZWMKxxTJbyC7cxxKQGjRSGUZGTwQQPlU5IPRfCrU9F1hr3TdP1m7e4t9J1H7ZusmAhgKNucDGW2g7mOFOSTkHNbYmngqlNOVKLjGMVyuKbcvdW0nrs2uiu3uh5PXzahVk3Wq0W5Nt0p68rcdEk0rNXdlpfc7z4P+PtYijW81DV9VN2tzOkk0l5JK0oaRwu7c7HYgHC9wRnHSv0X/ZD8dB/2kPhdqM0kjNc3F3YSyvkl/PGTktuw2ASDk8k4IJzX5C+AtU8FaJdTRyeKr66kt7u63JLZyeQh81tuFJ+cZLDn3YcgmvsP9mr4i6Sf2gPhQNK1C6nFn4qhkuYzC8K+W+c7QTjb6jkgZB4xny8fCEcHVhhqShL2b96KWjSi2nyxs2le9undH1+W4ytLFThjsViKtKzUac5ykryS3butrvT8tD9YP23Hku/jP4UuLSFpFudX0woyZjVWSSQq7SZONpwTyD91Rzknyjxh4I+Mt+mra1a6P4skimKf6VpdtKbea1tyM3ABJwFQqFfBBAAAIPPgP7b3xc1HT/2udC0TXNT1mPwZJp2j+IIbPTEC3JNlIXkSJsBj56jbt/iPBIA5/SvwT+3f+yp4ut9A0G+8W+K/A/n6LNb6hHqNg1tapIsCwo0kxLKWLRmR3ONx/gPOed5txFk2T4Gpl2UzzCFSM5qcYTnGN5RailBStzN3Wu2/U+d4wrZPmWY0oSxEqMqFONCUHywbSUVzLmaTu9dGrXfmfBln4Q+Mei/ETwjr93oXisPe+GdXstPa5sZQsUFvCrl5pTgCQlydgOSMYUNjPp8N/wDES/0G9h1n7bCwdkZbqwmj8uPcAxkfYVUEYwGHIyQM8j9DrT9o/wCCniXWPg34d0nxn4I8ZQRQeKreVTf28WopNHDH9lvLzJ3Ruy7RCjZWRlB2cla9U0TU9E8UXV14D0e1ij/tO+gvJNTvobPULSC2llZSgeNMiIFTtGcdOvVvG/4ipnOWKCxuSVFJ3lOEYzjye8r25oNXsrNW8u589/qzluOpc0K8YOEWlKUovmjF8tuVN72do33VurR+CV/oFzq/xV1a1g0ue4nfwTpBe4t4ZB5pjvJfMkbcF4TnIBAbsMHdXX33hjxLbW4ew1SbTFtbUsI73fbLMgGQCTkMhYEDHIzx1UV+22reC9A0H4tax4W/4RPwnrN3/wAIFo1wuoxJDZNdrHfTswUABkDDO5gGBzyOgrzfSvC2m/EfxvdWGmfDzw9Y6BBdSaPN9sdJbeOWFA9xIoBztI3FCzHq2OPu7/8AEYZU3zzw9Sk+WnU5faJOF7e7K9rNavbW3bQ53wjRnCGsakFGMW+S11orpN38720vbyPwF1rwx4gk+I13qOrwhDdaHCySwbik8YbBZE3AlSMFjk7s5Y9SfA/2vPD11J8BtV0e1jDsda0SUhlZCfPvEUZJGc7hg5J/PFf0T/Fn4CeD7/8AaR8GeGLPw/DpOnXXgu7F7c6YDJBDJZh2DIBhFLFQTnI2k446/GX7evwO8KeCf2ePF2o2Rll1C/8AEHhqyi+1QiWJMaokcctvIEXZxyyhipPykKOnvYbxfyvE4J4OpOaxWNoScHq4qclZpy6arVpa2uc1HgvEU8dhsRRVNUadWn7rSUuRTSdk7JXSta3zvqv5qLj4ZQaFqVjp7l0vbyyhvGJVWUN5YkxGxx8vY4BBHGR8pr2FbYRaf4YjmjfBs72N24XAQMR0GCQQABz26cVD8RPB/jbSPFc93qGmahJFpllbNbzpbyMstpIgKyKAThcMME8FfwrpDvm0rwk0kMqSvpGpXBRoyjKwDkdRnj5R0BAJwcgEfM8P55PMs1w69vConzvlUk+WyjdNd1rrZX0a0ev6lmOEo4XKq69jyS5YWVnaUbwj5u6d77N+67PY/YjUxDa/sHaDcSxEl9W8Pyxg8Nw0ChgCOxGMlSAQc5xivyZ1q9gGnai93CJYbnxe8xDAdRchHA+7tymSMccnjOa/WHxnKJ/2FPBUKgBzJ4edkxtJc3MPzEjC5O70J59Oa/LC90U6teWOhupEd34uuFfBO4IZmZsFcchckcDkA8jmv07DTcYVasZvSWyv7zajfW+nXr5I/Oanv1Iw1StFK6ad7x0d7dN0lZrV36eWeKtDtjNfzWMYWGXVrfygTldskQYocEhSOmepz97I4seB/El34M1nT4Lm3N3pby3UrIwYyQOFYBkc5+Vd24AZDdQ3UH0u/wDAFxdt4yOnzDyfDd6J2EzE+YkUGzYFJYhicZIO4EkZHArmvGPg/UNI8O+FfEE0Bt01OwuZo2XDoWZXIUy/3z97BHHGeWwcvrFOcrcyk76q99bRdl1bitbq22vlv9WnTmqkXJcsld3SX2NF3sm3220atftree01X4e6xqEE4uGudb80CPgxeZcAhZE6qcMSOOuDxni+wn/4STR4i64OkDbkZxGYyRliOCOTjocc4zXgmi3V9p+h20cMojiupftFxGXIim2SqAHUnAYgHBxk8cAgY99S80/W9a0KWw+W5j0h1ubVeWjKREl16bk6YfJzjgjNcMoVafNOEtHL3r95cl1e+9tL7btrc9KlXp1OWMrc6jFJystJW62T5uztffzPM9LtP+KiunJLFYtaJbO0bdz5xkMGyAc8k4A6k1x+u3TtF4TRI1iA1Dau75g5+1KQAQc54JPT6AHNegaFGRr1+JEAKWWqPlic4dmHspB9x69Cc1ga/pdqbDwJMVxPNrqq48zgwvKTx94DHJ5GC3GAK6o1OZptv3YK76qSjpvpa76ab7PU8+ULwnsvfbab3XNBLR21ve1ldu21zP8AGVhaajZeJ5yI1uRqdhACSDvGVVwoPIbI446k+1c7Z6jPpQ1fR9R8yfS72fTLdNRlcs9ixZSIXI58hRkAgk4IGc8V2fiz7HFZeJ4YYsyDxHYB3JOEQMoO0gdD1bBHYYw3PLXttZXdl4njuHXB1DTSu04GwKMheOH4KggtySORWlNfu2+bfldrrW/Ik1ru20r672em2NZOFRqOi0dumy/FK1+j69GXJbJrPVfEsYuFeA3mjuki4ZJEIByGGQRwD1IBIPWukEQE13IrqR/bFqTtwSQQMAgADv1xkAnn18503UZ7O51fRbmHzdLOpacy6jPlp7UZASOQkklFztBz3zmvRi0NteTxrJHLFJq9gylG3qynHKspwQc8gHHPrilKUoxjHmdtNtk9NNVd68qfd306Kqco6SS6Ws9r3d/7zS0vpvvrdPY1Gfy5bm2dkCyahLISy5KCKMEHgZ+8OTnOABgZBrxrxPBcDU9FaGQkXFhJNJM0ZaJ4HkcFRyVJyMDgfNnkgivYNWjiuNbv40IxHb6q+M4ztt1ORkZ+u3OTx2NeAfFTW77SLbwXPps7iaLwwXYjC7SZ58ybSDllAyAc/kMn1MvXtKkW2m7XV7vTlTad1tay3u/Pc58wcfq9RqyjzRa7X91tW10vZ9PS10vef2erS+0/xh4zVrS3tVXwfcswtyArplSrldowzg5xzgZAycivSv28NKsb7U/go1w8qq/gKy80x4JVQpZgAcYyODnPbcDxnxj9lDV9S17XPF1zqd1HdSjwZOpmx8xDFSEKglAQoP488cg+tft96iY9b+D9ozmFB4Hs445AuAA8IBIPGdpzznA5A6ZPm0ZQjxdRc0nFRlbXp7N7W2V+3Xewq8G+F6koSal7SKjq7WUot67OyVrduvb520DwtocXh7xDZTS3TQanBpt0ICArtHBMzE9DgbefT64OaMtj4dsXSGC0lEJ8uLAKtuVQCVYc7hkkjDEdc4HTC8OX11qVprlnHczTyW3hi4EIRs/MgOxSQQVIYHGeT/eOePC7yPxzGtrFHb6ks8koky8wJdSMZHzFcdCMn7pzjDDH6AsyhTrYmKjCEf3bSlbW0VdK+ru09/N2vc+JeCdaFNv2sp9ZX0WkVbdL07dFY+gdesrCbwpqc0McqhNWhKIrlSPLALgYIGFUEYzyBzkjJ93/AGPp5m+KetNLayxWsXhORo0nf91gZYOgJ43fe4IOSMgCvmPSjqlp8LdTv9dWJblNYuXY3FwmxUWFVIJzgtuByvqCOclj9JfsXeJdI8ZfEXVV0+6WSa18FXEV3FGjKqGNGUkEn5wdvzHuScDI54s2xqxOXYiV4v3XFRiusVCye1rXd9+/RW7srwscNmWEgk1++i7v7Tsmk/8ADfa/6nln7XWo21p8akvZhHJE/hjEeVLLkkLgMTt68e+cdjXT+O7+1Hw1+EF9FaRF00udJ4xGWU7mBYDoC3XGenXrknyr9t69tbD4g6Xd3IPkDw1IGCD95II5iAVIAOCAAD9DjtWH8Svifoui/C34KypY3k0D6e8zLu8tiiPgqw/jVgPxBI6YNd+XYr2OX5VCMFeDi7NJNP2b19Lvtql30MsypKWY5lKTtrdu/dxuuno76O+tr2ITq8Nvd6mXsvKBihNuGhOUdwuNqnIPy8Z4yBnbxz6zqlwbn4ZeCpPKWW4+06iohaACMDewyQeDgH+EYJGf4ufk6++Mug+L/EL6tZWcmnWlpBamWySAkStAiRlmPQ7jksuARzjuK+gNf8V2c3wt8E6zaK4in1C/VInXb5axs+WKg5LnGBnBKr64J9F5hGVanKpKKftZJRe8o2d5Xty2jrZX9XoeS8G3SqODUopWT1V7uLbvZKybtG1+r839ffsq6vZ2c+uvqCskVvp6yXEYjwoj2hRgY4PO7r8xwAPlxXzN/wAFCfEUFx8RfBF7pcYKw6FC8HmEDcVuI2jDIMZU8HDYwp5PINdn+y/4lufFN74+htgdsfhvftWJkPyyqN2QCR3GMAnIOa+cv22Li6HjHwkkoYeV4fiVQxzkhxkqMDaC2OvU8nAxXyeYctXPMX7JuUJ0Fa+jv7OKtvbl7a6O7vZK/wBTSjKlw1hlJJcle6eq3lFbaLRaW2v5PX9PfB37QOv6d4R8EapeXVhZTR+G9NtGjttIikhCQ2YUEnygDITwcsd2ck1yfjf4w3fjS00a9nu9GkTRdet72yY6fBA+4OvmSThY/nw5GFPBJ44yTynwrOneIPBnhO01OaOGG28J21xFjywXmS0Iw248kHIIG7045A5saXoF54R16ee6azOl30dtBIyKqfvrpWD7gOcAdQT78ZA/mtYBwzLMJJVYKOLqJRftHD36jjdLRbO97p9O6P0qGOpywuETUKinQp20V3JQjdNuWnR7X89WeoeKvHninxB4ekt59L8I3Kf2rJfxOLC3jup41uIwkKnaHfeMjbnnJI46+L/Hz4l+B9ds5NC1bwX4f0q+tdAVCtnpqW0pvRECk0UyKD5hOdw+bJPXgge0Xml6Rd+HdNt9Od21Biyx3HmeWrKMMHGRt5KkAZJbJOOlfnL8f9Surfx9FBdnKQwKJizIzSOUYDcwXknaPXoMZyTXu8MZbDHYyEvbVOfDz5ly1KkG+VpK6vZ2er36rVnn5rjPqlF2pwcaqjFSaUtJK3rFq7betorq0z5imjM9xIySgIswjVUBUpEXOUYHLEqDjORuwcgEc/R3wV8K2Oq6Zreru73F5ZatY6Usccpiza3as7bcH53XYoBByec5ANfN1k8U09ypVh515gFiAI++c4yScAZPsO5r6Z/Z/vjHc6npSTKq3eswXflD+JbSOQByQcscMASRwScHoT+9ZfGp9bwUPefNOnzO97q8U9HfRpaX8l1PznG+zeGxDbXM4ScbdJKXTorqyV93p0PWbzwO1vEuqadrWo6buunhAWd5drsSgYgnBJP3ieQDznisO58OfEPTNSEOnaxDqs4tPNJuVDOYWIYAng55GAerE9TXsyTrcaKY2VmCaqwMi4KgmTGO5Zu+f4c4OMCm3M8KeIsywybDZCEgYBJVQcEgcdVHOVOeGBFfpH1WnKcUpezbs1Zrey5m1a109v8APU+ClUbpuclGcElbmS1d0rXcVqmtOt2uiTXkKeOvG+jX7vf2Ft9vW0ewuD5DLGItm3lhuwSCcOe4IyeRVW3+JU9ilqk2jLMbeKWJWt5VdszE5+TOAVDnGDxjgentdlZaXLq3iUnaZJIBtEqqygNHubhyWyMDkH8fm5ybnwloNxodkzafaS3TzIrSR5jkbfIyknbgZAGPTgnPo1DFU20qikk1ZSV7q8dW7vXztp3OX2uEl7roOMmk7wk7P4b3T1TtJdEmra2Oa0H4kaFC8tnetd20lylzIolg3Isk0IVRu7bW6nrgA5PFcV8QtXsJvAukGK8t5rlNbkdoEcCdI8gB2XgqpBBGQB3wM16Tc/DHRH1ho7S6ubMx6e05+7KhkCNhfmUnaSN3GCR8oznnxnx94cbS/DWhXMgtZpbnVpo2uFQpK0SOQqSc4I+UDO3lifeufFVsTCjVjOnDllHkbjLVK8dVe7dtN13N8PDDyqwcHO8ZQbTV+z7WTe9/8z9KP2cJBD8PrXzsOklrHKTwQftA2KcAkkBh3x9K9c+KVur+HrQAFEEUIR+cEsRnJwuD90g9gccDGfI/2fJYU+HVpuCoYtOsNiAZDqLpjySecAg4yD1wTgV734yNreeFtRS4ITbHCbcPg4LY4jOQACQAe5Hfrn8yxclHGc3T2l23e7s43Wr0TWyd15dv03AJ/U4ppv3YtW1cm4xul00elnp8rX+NIGMtyA8Z3QRXkZYdHCgkOcZJ4G3Ldh6Yr+4j/gn3L537GfwMkJx/xTjjB4+ZbjHPqcc/p9f4mtAskS9uUnkQo1hqDq2PuyhH2qc8DLYGCc5Pcnj+2f8A4J+QmH9jP4FofvHw3IxHpmZj1HspyDjpwCa8vPZ/u6TutU3q9dXB2bfRqz2fpZnQpXpxi7J+1TSX+HVaad39/ofYKAYyR8pJP0x649AM/QcdKlCEDAXd0DHkbgegH3cAng8AZ64ycRqeDnjk4AJJHOcZyR75xyRzyash/k2jksB1HQADn7wJwRgg+mcA9Pk95Nt32bvfVNq70s9vhSa0a1Vhcj3crq1/Xb5vbTXs7dCPady45IAGORjqOemc8Y6cZYZ6U1m3HJG3nZyufu8g8HqcfQgcg55lyozkDPDZPJODj046n5RgYx7U1gTk5Ax0GMAZ65PIIOcAjp0BoTjGzd9Xypta9Nmm9Hpa+1mtxp8quutnrq7ppNq17eny3siIu4yuOnVs5zleRgeh7nGSMdxTC/ygjPQKFPHOTwAemBnOBkc4PFPJdQMDcMlOAD25BLckDoeOn3VDHlgHzDjGDglufbKggjI9Tknjmtd7PW19Ulq1pZ+mttbare1y3K9rO7tG+nS0Vp8l+a1DeDyQeQcgHI38cA45BzweDx0NKNpGcckcjkngY65AGT1HGO3QgJhj2yAc84AP556bhxz1I54pDlWDHB+bAyD0IweAQ3OeB/dXOMBSE3bV+X4/n39DnqQbekn5rV7taaPR9rqzV11JS3CY44y2eSScjA9cAAbcHgH3zDuJAPIAbOTk5HYYHfOM5OMc5znD9zEYBBALLu4AwcEFQwJz1HcE4OSeKaHOD02k4wBnI7A8gg9cj349S1Jp21/4HurR6O2y3XZGXK3o3ypJaX0Wkb22d0+qei3veSSNg8uQvByAOuf7pPHHvuAzg84yp+VcDoRgAjr/ALLY/DHGAOOccOAzwxwSM4OAQQBgdOhPQHPOc8kAo0efmxtOM5KjHHzAHGcAcDoMYI9xTu27p3atbZ3XLrtfVKz0d46KyVxxTi09LO13drt7uttW7O605u/SE8EEqOMkcgk9VzkjIOeSMe2CSRQBhVOACV+b6rgjOf58EdhU2xjg8EKSSB0zld3T9DknGV4BJpSMkMSQuehGA3TAHBIx75HIGcdVe1rror22TbitL3eq7310ejLjdy96/wDLrazTStsk3qurV7LRLUhUAscLjG3cCeDgdc9NvTOPXGfR29cDGMElRxk+2c4AByRkgkcml2DORgZyFyBjuRjAAxk5JzzyCAKZg43cgjJBUZGD0JHrgHA6dxjg0OXbSXZ/4o6aPS21rPSzslceibs72aW/91X7pem6bvsRyKvy4AKg7hyMEYBGBgHaFwMHHPc5NRE9cE4Qg85BA4zk9z6j1+uanc8EAEFD3wCc+pGe+OAceucCockKx2gqMqeDzuOAR7gk4Jxzj2pqTWvMvPRvW6T9bJavTd6kWS10sn3X9213fvrre/noMJxtwAQcnjsOefQ59vfrURJwSSOTz2IA6AZOQOnIwCQT6GnlXB4GeCQc8gDJ+U4wF6ZxjPGOTioxGuMBeVO457888HjHHPPH5ValotF2ta19n5Wum/nbq9VK3da2T1aSbSdlu9I6vTW12tLCOwxkjA449Mdz15AwBx2A+kTMGPA4PzZxgDbkcr/f/n2OTzKyg4BHfB6EjcMFSORk5xgcY6nNKkK8+gwOdw+U5yMZ5657nnB/iojKCekpPmkt9LaLVO2y26vS5EnK8UkuV6J7dm21ZXit3ZW6trYjVsFWPUkgEAkt15HGCRkAk8Bl75NKG+UHIJDMSpGCSSAOnU84JHoenNSCHHAJIbOB93pkDB6DBHI4yQR1PCrERhTy2eCSCCMDJHy9N3Hvz9TT5W3y3t9+toq2itqm3d3X3DtJpa6xaVr2V/dezv0aWrs7tWTbISG+bHIIIPIweARnHXAwRgZ54zxSKCeDngFhn2HXjjCgcE5weRkirBALY7jnIHJzkc/N6kbR/QEmNlCnLDIzgAjJJYZAyRndu5U474wTzQ2m3G6tfVabrl0Sd9NUvmuo0mlF7/CmrJ3Wmr7Wt37XTZAWDfM2MjPIz3PTg8Hk54xk9sA0m7dkHaWUZxwMjPI79D06dh7BxVsuGGOAevJ+YdMDPOeR2BP0pGiJUA7upAyCNy55XvgjrjnHAyeSRJJXVtfv6P5L0/Aa1Vne+t3qtVyvXbbRXv03uyuM5AZuh3N0xnsM5yCp5IDcfNkA804cckZIyOOCM8nOOrHkcdxwDkUpj5zgrtyGA6HdghuTkdBkcnnBPHzO2MN3G0jA9Qcg5GD6479PeqenZ97td/K2uulvTZO0xilr3drO1ullZu99331dnr7zACCB6Zw5xkknOCM8DqAMkYGBkYqNkDNjgn/ZG0YGDnJOAMgDsvbnjD24JB6DJ5APGcH1AIAwcdOB0pgKksw3HOAM4wCpyCR12gdAW59Dmo5et3o7rTZXvy6WVt7XTa6aq42r9P8At5vl2SV2mnf5prTXZEQyMKCCeVB2kbixJ2nquOo3dD3PSnBhliAMEgHqAMDByRjH9foc04xo3BJ+bGOpA54xzzzjHORjjPNKV6fN1IG3bnIJGVOAAd3seMeuKaT1d/nq2r20ut9urjpaOxOq5Vy2tZ2utXFxWt7aJPTdtvZNMYX3gMT/ABHoOwAG7I4J9APy5FI3y5AIHzEqOTnOMHgY5wD8vGO55pGjIPGSvTAHQHnjGBuOMc5Xvimsq53HkhcbhkZxj6jgY4xg4I5BJotZb6K/W92kld9XovnvuHvK9o25uVJuWl3bTyd38TtfVabCY5wT6Akc9/ujjp1Pfjrx1X5iMAAkggYzt4yCDxwcDjGfWkGASDtzjqeduMEkkMM4zjrx1PanFsAjIIA+7jByc59Dg5OWGfqOa05raLTdau6a93vpbTqv0tMVzatPo+l72je9m39q2112aV3FhWUlQcLjJ9fmz69c/kO2BimEENzngngcjGM8++OM9sA47VNliOmAH25HQc4JJ5ycng9DgcdDTck9yQCQeD7jkHr6EHkYyPWs3NpbtptKy1d29d9vPZ2uvItJNr3el7u2ztd2trto3fzKwGTkEAAEHBbljwPQ7RwRhvUe9TAA4GATgjGAADndn0GTyR904x1OKc+FU5yG3YAxgYz198kg+5IxkHNMLbeACcYYkqAT/d557dMLzxjvQpuVk7pPXV3XRJ3tpppZ66bdrs1ZqTeq0b9Nn0v6K76tivuCkHChyMgc4wAC2T3zyBxz65FVscqOgJJ+9164AHXOFGcA9+g6znJyxyOdoOOpPPJ/EYI4UjvmoUOCTtYFGOcYOflAUYwMkgbvfryCSKW3xPTs7a6LZNc17ebWt11Jd3Lbtf7VmreTs9nt0vfXVh5+VlIQhtxOSQAeOmDjPued2O1KwJALLuyCF6AAD7oOBjlQpVh9Dg1Kz/MobIHJ5zkHOM4/mDz6e7yQVIX1yTt6nI+vTnoCMHg7SafO0rX6uz1TsopJ3Wt+rd+zk7XNIya2ej1skuv4628nu+1qxU5Uq4+Yc5UYBHpx905B7YzwAaaI27dclSuNowckZHcH72OR1PcgvLKScZP8OQeOOBggjOB1OB0bGOyBMc55bJwDhunXB3LgdenJzjA5Ku7Ws/esu+1tL2vbRaei9b3eyvpa7vvZNrRW0te2uq2sQtxtz/CWBIzgDoARjHXoR0POctgR4GVypyvTjnccDnnPT8Txx0q2d20DPJwOmAckZ5HO3juxxk9ajKqocY7nAwTjHGO+OpAI6kHkZzUpvqvx/Hb5Wfd9tYs72TXR7aPRPV6PXS3ZpdymRyABgKW5IOCc5wWyCCQDt4x1Hc0w7iTlcnO5QORkcnBOMd/lJ4wcdM1cYLsGM4wRxuKkjOD/AIHpxnjJqsxbcETGQMbh/CSORzkZGAPQfhw3J+q3vZu12ldWaV3pve9vvavotHZa9FG3W3VrZ7/PYi7bh0VuAM7eSO3Qr6e24g8UhyxK5GTn7oxztOSCfzAz16Z5qVuQBgEj5RgEA9y2fQDHr1wCSeWgBT1HJJBPTjpk+mCR3JwPetFO27u+vk7K2j6d1fXe+pKu+lvX0XktN9/+Aq7ZBUEEZ46Hp6E9QG44OT8vAPUMKkfMMkEk8DJ2jjoCOeO+B9ccXSVyXwcrggAEAnuBkZ/i4Xg9iSMVE7AjAK5UkEnGQGwRgDGDxg5zjk8ZIJOr2i7aXtvbTRK32d7Le2ukkjRxk1dXSutXZ7cr2Wullsr93fQp7WzkHJBBOe/pxz79SAcY4HVwQklQMlcEZ4IzyAemQOOffjg1aCBsjBGADwTg84znpkDbkZGM9eRlBEF5HzcZZs4wOAoJzyQRx97IHbJAFK97+a1atq/TWyTVr7736SpWez6Xs2tn1VrWe1/V2erUKocE7skZL84AI79OSCcZHXtzzSgMWVj0YkqVIB4wMjHGTnp6naOxqwsTc8Y3c5BDKDyckjPbnGMAZOOpprIPkVQNoPBx90HkgP3JIPIHXp0pqaWl907tK3ZX+9baXSeq3lV4200223VrWt5bdtnsyAg8nO4YzngdGx0wOp57cn0FQqNzBThgXEZ4AGXwMe5I7nIAPQ9TYcAZx77uegGPl5HXPJP+HK2qNLeWi4G151I4xkIRzyDxnAJOBjqfSZVEo3WrvsvxS2Te6VvnfrMPelFaJtpO6ejbW7tb8HvfY/CX/gph/wAFJPH/AMGvixP+y18OE0/QSNFstV8QeLHuY0vYhdPtezhYgGNPJySgIZiSQfX8QIPEvirx/wDC39pzxNrGpap4nnmuNJ0XSkUXFwxhM/2q4lEKl/Kt1ZmcsoVMZYkKOeY/4K/+IJdb/wCCjvxgkMrQ2+mX+j6XDI8jLFi3tYJfLGCuFJDZ7Yzxxz+1H/BIH4V+Hrr9gr9pr4q61ounanrfjC88T6bpt1f20V3Fb6Vp+gSRotqsyuEZblGcSqNwb+LAwfL/ALLp0ZUOIJQniK9PE4fEKM3fkjSxNKryQbT5ItU+VpK26a6n0izjlwjyWmoYelWo1aVR04pTqyr0eRzqSTUpOPO5K7sraK0WfyfS39z5kFvDAS8MzwM02YyjqxUiQ7TnaMjBH8hWpp+g6zdzkxrau93uZEMwV0SLLO+TgHAXIHJPYA4rdv4Lc+KNYtJ3mEdt4g1lsxRgDal5OdvAAKoOxYg47D5T3/h/T9C1S4sXIvmUm5jDqPLzIVOyMFSODzuI6rnovX9+xvFmZ0cJSrQqQpR9nCcYyhzWvGDUdHrpdN2bb7H4tQyXB1cXKlKDk/aSimpqN7NJtpRbSun30em58v6vJdReJ7a0V1iniv7FGUNgOWnRdwbOW+7gYB6dAfvft9r8bHwj4JVyoYaNpwlVOu4WiszMw7HBJIPXOPb8dfiL4A1XQ/iLY3UFhcz2Ml5pM0kxfcsKyTRE7sMMDkgA4weT3J/ZjxlZ+X4S8JSRiRSNJ0vKjJKlrQZDEE4xk9CVOcHP3a/IvETMpZpUyavVqKc5Kq2o3STlGlq97a369LK+p+q8A4R4KGbwjTdNRdJXejdm7dFdOzvvpvYxjbRroH2iKEhP7a0kDBXJKyREjk8NySAwIBB7/Kfzh/a61QQ/FW/UhIZGvrQmeRR5KKE4DE9duMnnlQO4NfpBrCyWngeKaOB8/wDCQ6Pl+QCxki4Y8EnOdoHXkZCkEflD+29YahqPxNnjlzFa3t1DIPLk8vCwIvmOGGCDlQM/h/Fx08FpTwnPFtOnUnGVnomvZvW9vJK97O2vQ4OMKcoYxt/apQlrdtPTbRO7721ste3y5rg0G48R6jcahqkIaFElEiOpjYqfmQqGOzpjaQc8/Sv0n/YV/bO/Z+/Z68P+OG8S/Cq5+I3j3VtQsl0SGwhEsMdjFE0bKbiRJFjM7lS6hNwydpPb8bvEfhKxi8QyJZ304M1usoRmZ2cuVGGYtggHGcjoMN0JH7KfszfBT4deBtP8J+Jb7SVm1DUdNsZ7q+1ACRpLyeMSI0SMdiJGdoUsuOSc4zX6BTy7+16WJoSqRpU04yqNvWSU07KV29WrNu90+2h8DVx88uqUpUqcqs6j5Eo7O8U+aTfM/dTWy1drbGlbeKfjD8Sfj1beMvC3hTTvgzZ+J21p9Aj1CI6idPtb+QzOUjby8zEEFSQQG5Cg4B+k7f8AZi07xdbxaj8W/iH4z+IF49y8j2Z1CWy0cMrHdElrbGJViDDCgsTxnBzk8r8Yfif4U8E/ET4b3ut6laLZWun6tMLS2lha4UMSqJtiOFYkDAOMchcCvLfEf/BQLQdIsTaaFpdpCYZGET6jdrliGbDi3XLMCOcAjqO/NfQYHD5XgsNGFWtGUoPkhGc3dKKgovki3dbLVdmjwsVVzDG4hSjRnTjON5SSSV3KKtzNXaaV9OVP5n2NffBj4a+DfCeujwx4G0bTWTw/ehLhbSO5u3YW7fO08wlcSDaCX3AZzgbmNU/hZJoOmfDPwpc6xdWVhANDLB7uSG3iRPNn+fDOpcAg5IGMr69fy48a/txfGDxxb3mmeH5bu2s7i1ltW/sLw7dO8qTKIzFHMEKHqU3hhxg9MY8z0bwF+1N8TdP0yz0vwT401eBIhbWl14okudL0m3tskgRwBlzCCxOTksC31BPM6UKl8NGnyxja9tGvdtdK2nk+uuxpTy2pyv6zUd3JStpdJJbN63vbaXTTVtv9U/FH7T3wd8IXj2o1Rtf1CMgfZdEh+2qSm4BWlXaiMCMHGRwOnQ/EXxn/AG33vtT8MXPhjw7YaGdF1aeW3vtavIp3bIIBeyUBkChckFhwOvSs/wAP/wDBOL9ojxFPbyeLvF/hnwVYyqBLDpeby7RXBBwyMHLYznLY46giup1n/gmz4J8Fz+EbnxB4o17xfPqPi7T9O1JnZooJLaZiZIo43bchcqTuByeDyea5p47ETS5W3zTSioJxSfuvVu7SerstbJbnQsJhYaOcZNLVfE3blVlbS++nna58f+M/2pPiF8RtR/s8eKte1qZpnEOk+E7Ke0hdnyoRZIlk+Uk7cbuhyCeteQ+OPBvxIs9H0fXPE3hDUNFtfEGuRWlrd67cTy39xcswaMhJ2YqqlgxICnO7kriv6OvA/wCzr8KPhwkf/CK+B9H02SIqouDaxS3OAoBeSWVXbcSNxIOASSeMmvhL/govp8KD4JaVFhDf+LLuQRYwpKKm0hVGFxyQQMAgLjpXfQwc69SLq1m5ScIqKT3bh1k21o7X016HFVxVGlRn7KlypRk7tJLljG6skrdNbt6u7dz8vrv4WeN5hHBe6oZUuGRYljkaMKCAyqQu3oCMkY4B9RXCeL/hZrfhyz+06nePNA0yxqY5XGxzgEsvO4H1wMYHVq+/fE9hBYPpC+XgiZF3AnJwi5PQZzg9BkMPYk+c/GfS0l8JQukINy9xGEAHBUOPmOf4sZY4bIJUDgDP3UcowlNcsodI80pyfVJWXeV+lrvW2ur/AC7EcTYpzSVVQjzOKUEk73iui16K2j/E+GbbwxHIEZprp0UjpM2WyM5AzjGenU9Onf1n4efCnS/EUepXFw10Xgn8qILO6bxtALOCCWLc4LdVI6Uth4R1eRlY2ciOyB8HgfLtI2oAeuc9eoBOM8es/De08Rz3mt6XpsdpC9tLE0rTA70kYKMYBXJI5IBwevSsMTg8vw8qEpUYyi5Wtyp3kkm91d7K7aum9exWV5rjcd9Z9ni5J04RaalpvFNvS+2j637WsV7f4IaNGQZYbveCNm6XIIU9yVyT9eDnsMmrknwX0+aRFgsZBHjbMVlQE7uQT8ucZ6qOcgkAY3D6MtvAfj27t43S+0qFWVQWKFicDJyMjJ7DOBkYOeK6C2+GfjWO2VW1fTVkdt4dLU7iueR6HjkfdwecdzzTpYFyTjhE04pr3EuyTd93/T8u2OZY+PuPHJSUotNT0+KLey00XR27vt8a+F/hxpsi6r9phuQbK/kto+FOIxkAdMHJHXPQ7SRkiuyHwy8MJtcaZJLLhSC5K8Z3HATbnq3Ud+gyAPUfBXw/1vW5dfiOtCJ7bWri3l2RMWmdQfmOMYAPTOcnqK9Mf4K6oyxiXxJL5xXIijiwxAK52kN/CuT7/pWmBpUPYpvCx3erjBtLmTXLbey7p3aXZXMXmeLjVkpYxx0g2ouWjcYb7JJq+qvdWaR87Wvw70HbcSpogVkimZGd3DKQrEEBshiMZ6EkckjOa7n4ZfDHTtW8H2t1d+dC8t3qCEo0ZYqk5KAtjPAAwxz0I9SfVG+D1wtrey3Guaoq29pPIAcKsmyJyeucjIORg54HWt74L/Dyx1TwLa3c+oamCb7UI1SKRkjURXLDcMHAJB3Z5HQYA+VfSwdGksXCSw1N/u5XvGOzcd1t00u/meRjMyr/AFSpJY2pdVIbSl/ebe90/da18zza++EXhwRlEnuhMR8pE0S87iMFgOxA4I4IPOcGuI8R/DHQrXw5rspuriSW20y6k8t50Jd1RiuwYPA6gkZOTnOAK+xLj4U+HZJVUzapI2T965backqSSc4yTgE/hmuL+IPwz8O6b4P8T3dvDci4j0a7ZXe4JXcIzgFAeSDxjrkN35HdiaNKcKyjhKT919LW91PZLZPfr1eh4+Hzyaq0VLF1pfvIxs3JRd3Cyd33s7Wd9dOp83eBfB/h+Lwr4ala9RZptPiklEnkHY55ffu+Y9DyxJJz1Awe1k0zSoihbVdJ8sEDa0MG84OOy4zjAwRgjGTnKj0X4ffC3wvdeCfCuozacLi4u9FtpJnaaQZZlJO1AR8oySSAQegboa75fhV4IIjWPQ4fOK9CzsGOSOpbudxPXHGATwJwmX81OlKOEofBF8z0btFW2Wtt7aJ2vo98My4xpYbEYilPE11yzask7c3Mk0nzW0abVmumrT0+cvH0WhwfD3XZYNR0+e5V7BwixRbiGuogQgVcqAvUk4IPTOBXpfjdfDVp8KYLmykspb65tdORALeMSxzNCpYpJsDbFOc9eRx7dN8YPhx4a0v4P+K72x0m0hniisRHIoPmIWu4QQrZABHTIHfHPWsH4qQaZp/wk0GFILdJ5bPR98igCZf3K5Uj5gSxb72QOgzjFeVicPbNXBwhaNKDkopJJN7q10naXnf8D1IcQ+0yKGLpVZ2nWmuabtLSMXtduNr+ttGkfOPhdI76SOM3c4mmuo45tqDaFJHKHb0IH3sjGB0bAb7R8L+H4dJ8KXF9DqDRvcazZxpJJbh5CIt2X3FCdg43KM7jnoenzX8J9NtpdQjMqKytdQ7A8athWIyQMnlsEdQeMDjIr7x8X3mnaV4JsYSsELDUI5UgVFLOFHBYgE46nnBGDnBFe1UoUKWFhJwg5TaT36KPRStay1T69D8Q4g4pzLG53TyvD4iom/flGM6mqt0Smk9Wm3u+i0PHdT1G4lvLn7R4h/cJFgMLUKMgZwoIwCxGTnnO45OcV5Tq+oPLcoq6hI8Qd08yKFgxzgBtw4wGOFCg4ODyea0df8X2mp30VjZlUNyxSRljVcEDBUnttHJ4Hy8DHStKCws3WLKhzAgYuNpySCTuIGWAB+6M8ZJOQc8tKnSrTjGMIqKaUml3s9bbWtZXfa+p9Hw//aWBpVJ4ic3Ocm4tt81tN/eSemttOu2p5PdaHealr/hy0W7mLST3kkE8khLoQAcADBXIxxj+HAxnNdgvg+/Jnhk1iYtDuVmjRiQd24jcTk+nTjGQOM109nBaTfEbwTCIyFKakyALhW2xqOnTjtk4UkZwTivVrzTYIprlkjUGSWbK8DLLnoRwOmAc5JFdWX4Kg8ViU1dRnBX6OPKmlbS+vz1TutT7rN81xdDKsuqx951KU7tu9tYr/gJ72uz5p1nw3b6fpc89xrN8wSQAop5YknCAk5G49yByenUHg9U8MabI/hu/kv78s+pywMXYZWNo12onBKkbfcdN2SK9f8deVc3Njo0Q4aVWmROjZcEA54JBBBzjOc44OMjxVplvZadoLKG2Ra5Ep6c7kVTnI5Bxk8dsD7uBrjsDhoqyXuudNPs2pQb2bbXTy1tazRzZFnGOrTamrtUpWa2SUdPk3bZ7J/OHS/B+mXkM4XUdWbaWjhKkbtwZlA4Gd3cYPvjtU7fD63kt1ST+2JS74YyHghTyMnnjjcdvfnG3I7fwuUe6gRGco1yz7R3IwSCMDgEAkHkDPrk+i3SMfPUrIBG7BSoHVs4II4IwSB0Ge2QM1VwVFKPLNpRjbZS3UW9XZaaK+r6a2ub081rNtOHvKVpaNuS9x7200el73vfbQ+HdR8JWkHxatNMCXUcZ0tWH70+YWzjC4POfusoOOuNuBj2VPh1p6rK0sepPIy5P7yQgfNng45zlsH5icY6HNZOq27L8eNM3NuP9jK25gCNwYA9ORnJHHQNnsK+nBD/ocsrZV2YKMoPug8Y78jGfUn0xXBlmFgnjNXyqtLz6Rb37NJK+j366elnuPqwjgWotOeFjJbvblbd7JNapa76ra9/AoPh9aFDIlrfMBgxqZG2llGVP6cHA7c4OD4THovk+O/GdsftELLFaBgzlDlwpO5mPIC5ORx0GeePvK4kijiiaKQKu5Q5AHGAA3JLYPUk4GTkAAkAfKtyljJ8R/HG4F8RWUgfB6hVI3MDj0wPQAHIAAeKoRjGjabsp3XNbW6TbXTrv6rscOW4yVV4mMo3kqWr1s3eFrbWaWnW+vRNHdeEtH1WWG3gtryaGOJVwI3Z2IbjAJIODnA4wSc8kV7Ivw58QvbpcJd3rjfEz4+UJnAHz5OBjk5/HvnzHRtesbGcRfaJEMkcYLAbduABuIA7cZ5+XPbnPu1v45sLa3s7Z755Irh7dZgZCwKLgNuCkdOnDHOeecCsVGLlP3not7pJPRLRtJrZX2T+Ro6UnNSsmlKK5VrZXikpXTutrWVvPa/l/wi8Hau/jr4sWiXUEctpf6bNPNI5dJVe13KCQVCgLwcD7wGeStem6r4Y8Tb7uS1ubQw27bsq2AxA+9tOMjnAA9uxwOa+FniHRoviX8WXDqlnd3WkJ5hyVObZSSM4zg5B4IAxg/dFdd4r8b6ELu+0zT5o2LsgMsbHAVsKRt4yVyMc46EnFfPx9recFOSi69TXR/JNtLvd7ap3PrZYKFV0pJwTVGnZPq+WNtH5+n3HIS6Z4hFosUl5axyOwKbXO4kuAO42jGT9cYAwa850nwZc6p498YRX9/EXtodIkldSf3mYsovVc4xgMc89xkGvRb7X9OFnFtkXdCyb3YFmJyOvOfvYzwME9sZrA8Iatp8nxP8Ws80ZjvLbRQySZVEjSE7mk5G1Ru5JIwRjjGa1xFNxw025yfJT5uZOyVlHtZtqV1Zv0smeXL2lDFQgoKpzTpxlyK3LFyi03bddHp6X2Pkr9tPwjoul6f4dkFxIuuSylbfEhYLaKpDvgD+LC5I6EYxkjP55sNSggKJqNwJUG7exAT5snBY5yeM7cntX3b+2Z4gtPFXxA26VeRTaPoFuNLjKNvje6Kj7QysCNy7lwMHHPUHOPic2si2rDYfMMmMhc/KucAZyc47dOvXrXy2EhUqUZzk5c0pSvLX3ldNNq9m2tE+tuh968Y6bp0pOMVCEFytLe0eW6ta92mtF116Gbq5uR4cV5rySSUXQ3Etg4J4yeDk49ccDAzVLw29w92C0hZhGWMpYk4I4BLE4PXqOOB9dnXrN28KtP85P2tcIcA/K3OevJwB+vIyTieF1lnke4GIo9hjCj+8gGQQcEjhuck4+tVhqUPayi5yukm0pWTT5X6qzstX3utWbYyalQjNO10mkm9fhvqldKO27a+bPTEulERVFJkUgMx5BPIJycZ6ZA44xmsfT7+4KThJ5RLA0mUPCAHA+UEjccn1I7cDgMa4YgxowUYAkfaRjbkluCMZzjGOAM4x15mTUINJFze3ki+QhlBBfaX6bAEHUnHX1B5PJreVajQvJSg9LNNJX91PS6v53s0+tjzsPQqVrpPmk+Vq2vZprVvRtdOi3NXVkuEit/35hW4DvKUZwcNyA3IA3ZPuTnJxit7RfDSXUUdzdtOGIYRIsrEFAmV3DdxkdRg4HUZNeZr4jvdcNnZW1oLaBnVlkdtzzJ1XqM7QOd3Qd+RXt+mLNZ2aoSXcbCrqT0K/MCP7oOO3IAPfh5cqWKVSaheKf8ul0krLvq27bPfZF5hWr4SEKTkneKTat7rSjo7bOTb0uk9L7HOXegWSu8KrMjOuWZpGGTkkDGRkMTj3IxxliNjw54EsJ7YXF9AXVmZYwj7wwIIyVwAMA8k89jyKbceZJK80jDLL+73AfMck4G3BGcAj8eeRj2v4d2Wm6rp/lvcQmdGdWgLqsqsVwWAJGc55PHBJzyCN6kKNKUZWUXey0UYtabLZrqktt97I83C4jE1ozUZTd1fT+V6q9r6/NayPM38CeHIgxkjw5Y4ic9V9FzkcZ7/rg15p4s0TTLSG4W3t0J2jBBDMMPgAjPGNoA6DPYj7v15feCEEpaQOpUlk3Deu1jgN16cdgcfeOR18Z8VeECJWKxeZ5khTMfO5B0whGAAfmOMDPB4HOVWWHSu1Hzduj9Nd2tLpu+pvgniFVipVJW5knH3rt+7v0Wui0Sbd76pnmGm+HbYwWlw9srJJEjncuSWIxkknKgbvTPHBBFdlp3hqC0mSaS1hKOTIrKg+UEY6DIIz2/UDNer+FPhj4k1/Tba40TwvrerWshW3hms9OuLiNpYh+8EbxrtLBgThSepOMDm/4m8AeMPDFokniDwtrGkW8jiGGa9s5bdZcA5Vd45YDDEjv2yxrzIYnCSqunGrTc0naClFyVrXbTvolqut997noV8PipNzlG0IyTvaXJbTdtNWej366b2PObmwtPKuHjhiJEDZHljAOMjbxwCvpz17YrF0y0WW1t/PJchmXeuFOdwCAKVYjaCwHzcEZHJONzUGSCzkKsECQybzIcMud3G35ieAO3ccHnGjpem6LbeEbPxLc+LNDgR5HgbSjOragj5wWeAMX2nOSSduOQRj5dKlWnzQi5qN03vq2+Vuz1eitdaeex1U8FWq4eTUXdWbS6bNvo9Oi0t0WiEk0+3SNMRkNsGMqvX5cnryRjkDvk/VbvTCdNlZoypaNuTySHb5SeccrjA9+gxgy/214TgMPm69ExZM/IpZNpAxkE4GcggDJHqcVZv/E/hmaxube11HzJEti5IjwTsAYDIPtnjGRyoI5rSM4JqMZJJ6Jcysk7N7J2VlZeVrLQ8+WHrQl71JpRaVpXs7Nbaaba3/G9na8LaOJ9JEjqE2TrGrbQRxwSQe+cZzkYypYng9CPC1mJnEsu6TdkKFUhtw54z+HJ9Sefu8VoXxF8L6bo9tb3VxITcSSTOqxElDwEyR2boOPUAZxm2fil4RMwSN50dgwU+USSMt8wAJ24BGB7gdMZ2hKknFc0G7LS93d8r1tdvV21vazduhM6VRptUZq9mr2S16200d1Z9tVcTxlocEOi3JhjZWROXKqF+Vs9OxyMqORgEjpiuM03S0W0tGDFmCAvyMccjjnPVj6EHtmtLxZ8R/Dl9ot9ZQXMgnZVVB5bKSMjceSCwOeOMAgk8giuatPFGkQafbo12is0KY4IJb+4SCARxg9B255rdRpSafNF3Wuq7w3Wtr2d20t7KyOStzxppezaae238qSWndNu2701ujU1MeXazwlkBDKmSBnHAPOcHr9OcfWLw1GqapYQFQ+b2Fwwwc9+eg6ZwTkjdxkjA5nUte028gmaG7RVUqW3DBZgQDjHQAZ49Du6AVf8O65ptpe6bcT6jbJELhWll3AFQDlCf90ZzzjkrkCtKUYNvVP3U0207rS6SV1bVLXXXpY8zERqzgpcktLWa1TvZXV1pdN6PVJdbO3vnxG1Ax6LqEbsf3MEiouDyWi7c5yDwcdvpX5rS3hinkjJIWa4kLpgk4LswPBzjoCRjuR2Ffbnj3x1ouo6ZfJbX0czKsiDys7pWZG2gdcBc8jHOCM4JI+GWJeQvMwQfaZdpfCkZY8ADBxjgE5PPHVaww1NxruSXutWUktNHDTba2l9NVa1t94LnwvLrzpWTei91wtdadNPSzR6N4dtjdWepSGL5pIisT9GxgjC8cAj0OCBjb0zoeCrdIvE2k2xtkllF6kEnmFCD5rfMc4G8DvnA7npmrPhwH+yIwpVS8RSNgFG7HI5LenTk4+Ynms3RLl7XxtoaMPMb+3LLc4OCN0hyOPoCemOpGcCvVVGEpwm0l+8jo1bR2drLS9/tb9ltbz41q1P21OMpO0Jt+enz1T16aaW3PSvjx4EkiVXisoEjtZYJmaNAshS42qqMQDnGOhyV4OAcV5f4f8ACySyz22nXNxp1xb+VILhZXIEj7WUbeV5JIB2nABHTFfYf7SNnJHpdxNEriOePTFO7GcgKSo4GRtOOAwxgdS1eHeCltBdX/mRLmUWyISN2G2rlTnBU9MnP0yRx9TRyihUmk9akoLWPutq91ytW5VZLbV313PmnxDWw+FqTjNOMJyjJVFF8yTWiT1tZK99rrpqYUOpeOPBepSRLeWmtMYCyQyrtndZFwxLjqWBC5PB6/eJwzVPit/a50/T9Y0C40y+tJcrJbOJVLM3BK4B9mwDjAwwbOPoXSPC+kav4pT7baJNDDHCz5LAFIwu6M46qSckbvz5rmvj54e8PaLceFZNM0qG3di7SzxqFkdeoWTGdxC42humOM8Gnm2TYrC5fWxEcRKWHi1B05Nz0k4x3t52899ici4sy7HZ5gsFLCUvrlSLn7eLdPltytc0Y/Fa3S1vS59t/wDBOD4m+DvhP+0Z8LviZ47udRh0Dw7rJ1bUINNi+1XT+SEe2Pl5GYy6gSDOF+bJyM1/Un8V/wDgsR4Na5vNb8JeA7sWU8c0sUmpxpOdQG9ljkjiEitDuRQ5Gf7yrkcV/GD8B4bjWdXfTNOeOAyaRdzBpvvEQhmKQg5LSOTtRFO5n4x/DX2D43+Anxd8FWXgCDxr4e8X6IvjtrCTwvcamt1awanb6pcLBai23sFKM7oWBO5Ym3YAr8azmlh6uLp06+JlRSguSmpJN6qTSvd7PW2ml2f0vlFVwwfPDDqs2+VvVpXUUtNerSeq6a3P3cH/AAXCu4rXUYrbwhoLXMYRozfQCyEWw7mij3M/mE4wx4xjgg5I5Gf/AILe/Eu+ScWHgTw+4YgrJBrsFpHEuNrbFaJsN94ggnB+7Xxn4B/4I6ftE+JPE2s+GfEE/hzw5qumeDI/HMjTaiNRiutLuI1mtrWNQQRdSQspkxlo2JBHUGp4J/4JV/FDxro+rX9l4r0O2l03w9qXiC9sYYZZZrPT9N1STTJIyqsMzSyRNNGenlkDpkHx6dXheEn7THxlJJXbqTabaVrciabaWi0dnse+sLnlWCdPLaUVaMkvZx0jLllB3b69LpPa7bPa9f8A+CzP7RtrCZ7XRbVUN8ZLeKHxHaySLbq3+qKeSQQAMbuuQQOa4i//AOC2f7SXlWpWzvAHnk8+OHVYW3xt8pRT5PyFDnL5wWx1zx+eH7RP7PN58DfidbfDnUNVGpraaZpOqjU4I5oUnTULaOaRArMTiHeVfIOCoP8AEGr6j8Bfsh/C/wAR/s1/Fr4vSeK9Uj8V+CEtv7H0VArWl3FdW/mOVX77yiQ4BXcRg57mvV+q5N7CliIuE6VZw9jJSleo5yja0b82zbd7aLueVLE5oqlSkqFNTp39ovYwbjtdu0Xa2sbd2refVar/AMFlP2kL+7vUe311o3VTEg1lFFuF2gYZIxnptIycqWHBwa5R/wDgrt+0rNEYotKcos5kElxqUrsDgZJcOnHOThfw618oWf7OlunhbQvF3iLx5Jocfiu8t9N0vTHspGuIVlTMt3Ox2eXDCcqT3AB5OBX2n8Gf+CWjfFr9m/x3+0Rp/wAVfs+jeCPEcnhtNK/sqW4fWJhOtu95HMsmIY9xLRqQxZcZGeTUsPksaLqSlBQjN021KelVNKys9WrWtFuz2ejZhHEZq5xp+zXPKKlGPsoJpPl5W7pWve+rejTW+nAS/wDBV/8AaYe5gnitbVGiLja13M4fzGBbJMuc/wAQPPPYkVSuP+Con7Ud2kzi4eJJGdQYryUBSeQBl8DAyCSM46jPFew23/BJm6k0/wCNMlx8XLVJ/g/8NdN+I8I+wSg6xHqlql7HpZHm5ieNGMbOwPzrtCg4I8y/4Jx/sF2X7a3xQ8Y+APE3j6fwXZ+HfD665ZXUFo9w885uFha2Kqw2DkybiW44xkiudf2BGNSSqNqnGLlpLqocrV7trZbeV1axvKWcRkk6MbtWV4U7OyjdN203ut+9tmeeap/wUq/aVuGWN9b1ONguGEWpyrxtOcYJIPzYGDnoO24+e3/7evx/vY1ebWb+dpGYkXOqXj7Q+3GRHMgBGCOpI9MdP6D9P/4N6PhRr/jbxd4FuP2gdYguPB+n6TfTzx6ayPdNqUHnRojFjtAAOSRliABwK82vv+CA3wi0T4taT8M7347eJ7zS9Z8K6r4nGpxWojvLa802eKL+zpCScxyeac/KcAZyM1isw4egryU5JqXK3GX2VFXtZNq+3S2nW4oPPak1CMYpJczsopWtFqzUbdL21esV01/Be6/bO+Ndz/x86hCCwBIfUNRIzz0AueMKOfz4HTl7r9qj4q3qMZbqyKg9WuL95F9TlrsZU4OOeoI44z+4/wAav+COX7Pfwe8SeFbTVfG3xN13wRqPzeIfFuiWL3sfh69MqRQ2+qCOPMFnJvy020qqqTwOB5n+0P8A8E3f2WPg9D8Htf8Ahz4u134lWWs/FrR/DPjiVLtNQ0R9G1G2ln+wqsSIYL5NqrJGcbG5JxTjmGQT5fZ0pNyXuNx0fLrbmcrL4bWtf5bZ1aWdwTc6kFy7pSs1dxitEk3q7vda6NbH41D9oz4j3BYNc6S5xnDveNKCRn7guDkEge/XdkYrNuvjr4+lWXztWVRGofyEtrnDZJChGdVZ1JOCBuOOnHFf02fs1/8ABP34CQ6po/xMi+C97470DTvGGsfaPDUOgXFwkmhIyiCC4uWcrcSQ4crGADlhzkZHGf8ABTeP9je/+GHhrwj8KvgB4h+FPxYh+Jnh1bO0ufBMmg3N9pGmXZuL+ytb+bMV6l0IgBEq7mxyDuyOf+1MpnVVKnQTbcYudopJ6XStJy91K783v1VTwGbwgp1K0nFvRpzfuvlabuk97dO+p/N5c/Fz4j2sTPdQX1qxCkwm3mt38tl/ds0MkJk2Sbso+Np3YBA21z1/8RfGd4qtcW8I87gNeW8wZuMjkwxhhjGcDA69Ac/1Ffsea1+zz8cf2ofF2ufFL4bWGj6d4j+EXhzw1oMPi7w3HPp+l634Vh8jWZ47eCKOKC5KrG7MyByGDMfmOfIf+Crvwq03wFZ+CNS+H/gnwZdeENPttRt7vxPpGm2mnTX1trkZh0u0WzCeaz2xTcJ25BAbGQSe3DY7AyxeHwksNH2taMJRfNHli5RUuV3WrtGyd02/mc1bAZhChUxCxM/Z0tZW57vWKTSa/Oz9FofzeLqnie/ZENppU7yBiFW2nlDAAMQDbwygfdG4EhhxkDHFuHQ/Et7DJNN4fsEjjVpZJfsF+6oifeZgtqMAZyM8r0xgkn+v7/gi78DfB2v/ALHWj+ILnwT8Nb/xFN468RJdav4j8MwaxqEiKo8u3MtwJCEiJ+UIQo6bcEiv071f4Ij/AIRvxZp8ujfCbT4r3TNSPmWHgfSYWhhEEufma2OGG35SpDL+Ga8/MOIsLgMXXwksPShKhUdNSUk1Jppt2UW1HXvo0lY68Fk+MxWHpV1Xm1NKTjJXa2TSaavtpotdbtXv/nfN4dfyLe4utPmaC6dktJLXw/qT29yYxgi2m8pVm29CkZZucEZFSf8ACO+VE7NoOswyeYscaTeGdTUys7KERBKgBcjGFGSwzgDJNf1d/EDwt8XtH8I/sNarf+GvhtqHgDRvi5cW0EGnabo9jqHiNrvxBdWVjb6jP9mzLFlTuilLrsGCM4xq/wDBT650fwhr/wCz/b+HdT8DWOu6z8S4r/V/B2n2OjG70e6aaNYItQa1t1U6csuQY5VCuB8pzXkz4viorloUWm6ySVX3rUbttRtez5Ve/wDMt9DtXDeJc2nWqJR5LScGoxU3FR1U1dO99+l1oj+TG40DUUeLT5vDOvSXMkqw/YYvDt1BePLIitHGFZBKrSfKU4XJIUlsjPC6jDNpF3Lb3HgzX7aSGSWOaK9tLuCeFo8s6zROhMRABJLhRjJ5Jr+kvw9rtjrX7W/xu8a69r/geFfAtt4KulM+m2kWgafJYvFcalPbYjW2E0kX7vaVO5gUHI5+Cf2ifjlfav4k+Nni7wnpvhnUtB+J2pX1tqetxaLbRf2fotujW8H9jKUIie5mXebiBVJQkDJYA+dlHHdXM8xWEw+WS9msLg69StOq4wU8WqUo0rcrTcacpTet3bRO5tj+FFgML9YxGPTl7evSjTVNOU/YNJzl+8bUW1ZaNJvfc/N34WWNlrXi3w0Li2+yJc+JdDtYYpZPNaQXGowxuNvUKQcd89upr/SJ0G0i07wP8OrGFTHFY+APClqqLhQvk6VbJtzjgAYIIHBAGCeK/wA5/wCCFjaXPxC+HlvK/wA8nj7wtCj4K7421O3IyORlSeeASAeCRiv9H6WzFv4f8LIrDZF4U0CINxgiOxhBKj04wD6YI65H2mNm51Kbk+mi23cLuyu3a+/5anhYHliny2vvdLXXlv6LVWVnpZ3tvn2xJkBBBJYjlsDkjJ6EnpjpyM45xWnzwykfKCSwOQMnnAznn3B46Y3YOPbMTMmASAx5C44yMk8dQcjAwO3WuiZV2KygjKgYHIJyCRweFJ5xxgjHauZaO2vTXu2l33fkrrTc65xtG/8AeW97/ZVt31XVbNrQql+pzn228FhyMHgEHk8jrxnAJK7NxJGCCDkrwfm7AevHPbnOeKeFJLAnBY5+6D0K5A/u8dx3x65pp+UY2gszEMSSMKOnTuflA4GVbvnhmLkno9dLb7bWb1s972ja3o2MClSQMYKhhuPKnsGz0Y88f99H5iKaGyG4ByQDkEAYGMDnGM5IPoOpp+8fN0XLHpknIJYc9eu3ByMn25ERIGWPTLbcHqcg4bOfccYxnuQCHFvRbd9vJvW/l3Wxk22rJ2VulrO9rW31Xdt6b6jzKQAMj5wV4XONvrjGCccHOBngAAgAl46cDOXx82DkKoOORxgk+/XGAxcHO4HJ+UAYG08/LkAe+D2AGB1pMBF2kjBJUD0GeBjuccE89+eaHZvdrVO9rbKKvo79NtunVhF6NNX6b7K667323utW7DmYNgEAFTtIUfLuIIyMk+uD/wAC70pw287QCu0qB0PXrnjoOCOvJPXhgGAx4BY5BKnHGMDPGO45OBx24qQrnIJxuBI46dSc+vHQ9MHOfSrq1tE3ZJ63v7rb9NL7q9u+qTT0fye61SWy23T18ns7kQJdmzwOGHBxxyTgkYzg45BzkLkNTW3MM8jDbmOOCB2weMnBHXHbryJFAzj5uFwrDHzZ/DBzgcdQSePmp2QAFOOMqVAGflxnPXcex6dMH1pqKXW9knp02emvW33bW2C1tvLbzS0K7DIYEA8YIxnJYfm3GSc89enUM5BBPHOOnORjJGOBk8n1OOeQBMcEDIAPUnBIyBkgfd4/BgccY601ue2QTxkjnnBOecDgAfUE9Kq6dn3+/V21b7+t21pcVr3Xf/gL+v8AgEbEnOVX5R/d6ng5brgZ4K4PAB703B5DYAHA4yPzJIx39zgetTdctjggE4B45xkg9xzkjGQeQTxSEAsOMKSDnOAccHPTAGPz9sVX9f1/X3A1dNbX/wCHRFgPkgDgce+TwBzxyD749yKR1Y8hucY6cA5yfcgr15ByMZ5xVgAcc8cgHAwMZHTgdhk4OcZFRucjJwo6jB79N3PByRnBYc4OccCW7Oy69r/3dXr89bdlYnVJXTe2z9HfTqrW1ell3aKhMm7GSVwSMc5wSSSM9zjGTnB4HHMuGOW4J4JJxwCec+5I57AHmpCgYBeMrtY4yMbvT1x6dBkUoVOASeDjABJIbrx7dyMkg8DoQX6Pdd7eW1rb6dr6XTtYGtdbXutLb3Ud/Kz2vs99xBheoOVJ6DbgHgHt1JAJGPx4NN3na+4EHGD+Jzkk4HOOT7gccYkxjo3Y8dseuOvBHJJ+Y5wBzUbBiRgrzjrgAlf73bnnoQc4I6U+1tm+nbTr2tfT7rPViTuuztfSy0SvZxXbr5derWIIJ4+YAexIAJ789v8AOSYiScsDjcRzggKoHQdzwDg/4VOcNkqwJAyRjhT0OQe+MgHAGPbBqPIDHgEHCgkHnudvoQVPPoOfWmvTy9NnpdJtaW07/cObskk/eWj6/O1+qv0torJkJJDEKN3CntyDtznGMDrkFT09essbAFVYZQAgYBK56985B7kHIx9TTsAZPAGcE56DJwOMk5AHfB5HNR7gdwJVSpznk/7pOMHBBwevGCOwqrqVk72VvXotV0/He1rGaSbvyq+7e38q1svL01b01GvkgrjjGd+eeQNuBkgjb7dADwc1DIGJ2hcAqozngY7Hvx1AHTIGTg4s5LDC4JYAkjqcdAM8nkDGB7HHBIMNgDgjkgjd7/NgfeA6kYzg8daOZxu972ve78tlt10tsk9L6Cio2+TSSXVrRW2Xb0Kpy2DwSSpHJH3See3I6kEZPX0whGAT02Y3A4IAJGOTg5zwTyex4wakdcZIzlsYPA46E9DjI4PXHpUedxAKkBg3IxjK7QCTnIz0PQnAxjHCUnJpdrO27ukrq1/LR93cXu2atvveTV3pfTla1fbfbSytEc7WxtAGAAf1HQjkfdHHFIXCAqBjPI45/IDj6c8rxjjLipJChcNtOcNgY7Eg9D1AAPHXHSlGSRsDEZI4GSeMLkkAryfv4HOO4xVykotJdNNdOqtfVdL2bdr6X1bWUVzJXuldbRV7aJtN97atadSDcMZxuB6secnvyOhOf0PGahO7nP8Ae5xnkEYA9CTx1HA4PJGbYTDLkDOC2GxkEgjIxgDH04x6nNMwuScgd+PT065HfHX9OVKUb6vaz0vF3TWju7qyfTq1dasuMFHZ3TUXbe1km9kktbtNXXW3UgVWKkD+LkDHOFOcbgTk9sH0ycNkgy2MEbidvAJx1OehGBnAPToPmHWpSnJPK8D5cjHJYZHPB5GTn8s8NICg5woByCQd3TI7bs9SCBxnPoKiU7vdd99Ft/S79+ouVab6afP3bNXvp0fRWItq4zztLfeJzjjt9M5JA47U1mzknPB4HqDxjHOc9M4xkcg1JtKsM8fKW2k5x17cjOMnBGBknac0hXJyQcqABkHGcnIy2GyS3ADAnnr1C076Lz9Or/rX0KUVbtLR32e19uy0svw2tCWbKhiQNp4GWJHPytggKowc4689ARSFmYYBwvAOT97qcddowOgOT24JOZfLbnHBwSM5AOcfMeuAD1HPB/Aoq7R8/JAA5Ayfu9QSMk564yQ2AMZIaklNJvVW9Er23Wuz803ZdTO1o6bdl1va1+7TVunfyce7I255IOAOu0cgdT2A6/gOuHgkLkBc7c59emD1zke/P0AFNZO43Ag/L0XggckjA6Y6cHcc56mUAZwOv3Cyj7w64GV47ZIIBAzgHBG/PF8268ull39fOyvbRX0hRk7aa6J30s/u+9pdr6aqInAULtb5cdcnJ7rxwM9QM96Z8x5z8wXtkZYcnGCcgc5xz0xVkR46HBzgA4GSvTPUgdc8DPHTApUX7wYkgkYIGTnn5ec54GRyOMYA6HGVW2y9G33t9+vZ6K23TVU3o31tpbzX3322s33aIdrYXpgDOcjPT26gccZ9c9KmVTyMgEjLL0JP1GSAAcjHDAgEDAqURqRjqx6Ak7vvAYzxwPpgHJz0xIUzzwQpGQOw5BGcc/nnjOKzlU91JLltrZbdH32vzPe6dtU0aKOrWiel3u+yu1f8X03INjbdxdcfLg4I6DGOSRjIGfXgjJ4CFQu1ic7t2Rj+TcdQeeMZH4rZKgYUAZJxjg9Cck9+MgcnvxnPA8WRwG3AEZwPXgg57dgBx2PWlzt/FK6b12vstfhburLXd9OrFay0tppZbLbvZ2V7dNtL6FZSGHUYHDE8Z+pHQnvx8zEZyBipFA5IYIGGQCM4UYzkDq3TPIHOCQGAMqQEAEKSflzkDHPXtnqTg8joNvNSGHOMAdCCTwTyO/X1BOeQM59G5Ru9bLS3aytu9WvPdatt66JQ0bau7Xdk7p6J9N+vu27771lUHLEDGM4B6ADJz0AJPJ/vHsOcuwFwQNzFeh6BuSCCDjj0/HPSpipG5ec9xjPPfIOc8/hxketBUgYOBz6DBB5Bxjkdz1OcEMeKnn1tq15/m38n31d9nZVGnfWyVtE7a2stdUtPRvbvooweFzwTwWI+6eD17AHHUDI9uq5O8/dAK5zjJJGQAevGeMYJI/Cjy2DZwvUtzznkE5zzz3JORknsal2HA4P3fvcEnOdwH4Y6dwOOhFKadtbP8Htp+ffR36M0jFfadnt67Nap9Gvs/prGrqAwYbehXOeMg5GB79Sq4zzj1RDu5BwCemG+Y85Bwc7e3Oc549BLsK5OPvEDO05Ixnp04AGMnJIz61HjOVGQAxIyOgO0joBnGDyCP5GmpN8uu+qvvb3dej012XbyvThG173VtGtL6LfzS11/PQ8j/adcr+yx8eGDAbPB1+eeOsDjgE57ce55xyK/zrP2krjzPH3hnLEj7NK+4HIwZCAvXnuCOuMEYHFf6KX7TcSn9lb49hjz/wAIbfAFumDCxAI6c4z2xxX+dH+0Yso8b+HcGPetlc4AIONsjhCcY4G3kc4+7nNevka/2mcouzSaS2a92PMvVW/H0v4mdwi8MleylON9Ff4427pPouy9Uz+yj/gnTreleHf2EvhVres3sen2K+H7yMytjfJI8swSGFBueaaQ4VFGdxbG4YzW94i1/wCInxg0fwzJaSXPw9+GTatceHryWNjH4s8SRXMzRTKoyr6ZbXCHCEhmZfTNeXf8EzNMtdS/Y3+Dmpa+U1I2em3gsbe6YDT7AeZNtnaNz5QZCu4ySHCDkButdT4t+I/ifUdLbwL8LvDr61ejx5GJPHl0CPCGgSmcLJ5c23y9UurfJIt4Cu0j7xCgH+TuIZP/AFozuFJJNZji+epN8sYfvnd2d1Fpv3ZPW+ybSZ/SeRU1Hh3KeZ+7HB4Zxpxu5z/d0ml9262Svvs/pDTNK+HXwF8K6XapBa6NZabG8KJbr5uu6zNeXDKiuwL3d7cSsxLlvkyTnHQ/zIf8FZ1vNU/al8Ya3Hod5p1vN4Y0h4bHUFCXxtJLeN1nkixlA3DkHlQck5Ar+lbwZ4X8N+A45fHvxW8UWuv+KYbmK2u/E3iKdYtPSCUhTb6Lp826OFI3yIlSN5RtXac4x/PH/wAFGvFln8Sv2qviXqXhi0uNQsLfTdJ02Oe9jeKN7cWsZ8+33AZhY8RnHK4bCg5H03hxGNPO6tRupN/VqqdRppOzpqTjdu7ems220r2R4fH0/aZRTpNRgvb02oK3MtG1fTW1rWsz8i9Dl+2aetlLAbeKOOQQ/IT+/AyE3lQOec/qWByP1Q+CH7MHjbxJ+zpdeOPD3hK42+INQ0azn8X6qpt00ZF1KOAyaXCwzcRkDczKfvA7jur4Yn8F6iYrxJZrKwtILcSIY9rskpXGDt6jOfm6DGT3I/sC/Z00GzP7Cvwj0xbNbp4tP0FQMKiTtJqEUhdwqL5mXOQXDdOuAa+i8VeLMRw5leWzwsYTniscqU1KUkuSFJzatFrZ2te6tHXd28Pw04ew2b5hj44mTUKGDi4tPac6lNOST1vGKklZXV3orM9h+FHwH0jwg/wW1nWtSm8Z+MLew0qzn8Tar++mt7a30mNUsrK3kBhtoIsKF2oJOAA3Ga+4NNjA8Z+JZ9xOLO1UDeWAUorDqMde4wAAeMk44CDT3h8ReAbR4VhWICRIEGNqx2IUYAOAASBt/hyOhxt9Q0aHd4j8TuFGVFnGGYYUAwg9MEKMgDk7RgZGDX8oyrzxFSdes3z1JXs9LqU1OVulr821kte9j+gJyVKMaMEuSFOMYq9r8vLFPe1mrNvTS++rKWmzMPEXiZUXALWQ3BerCMBuRnj0JJJPpyDb8MMv9oeKcEFlvYMgDBJaHnJAIOO/HI7DmvPLz4ieF/DfizxJptzdyalrcrWQi0TR4m1DUXOxQAYYcoq+pZgVAIzgVx3h+T4m+M77xzDDdwfDzSP7QtmC+WbnxBNH5JIkEwwtmxUA7JAxQ43c0nVUHzyktm7bvWy0Wt/sp36appbTUi5xbte6gkrWV4ve+229uqet3p6d4h8e+FPBvjS4n8R6tbWTf8I/GLe1DmW7uHeRFVILeMPI7FuANoyfxNee6t468UeLfD3xEi0Dw+NI0UeFvEq3uqeIyIb11bRbxoZ7TSsiRopIwNspYjoQOgrS0H4feHtE8eWF21vLrmq3Xhmdr3WtbP2+9upklXJYS74YwD08uNGUD8jxvf6L4Y0f4oz6pq1jpwvvAus/ZoJZlMsrnRLxFS3iVnkY7iF2qqgDrjIx6GXYn/b8E1Hnj7elJ3T0TnBbW+Wsn6bI5sXStgMRZqnJ0JJJ31fJZ2V/mtXr03P8+TV9Pu9Q8UeJ4Z70wwxeJNbUPgKG2X86jaFIPOSy4wCpGc4BrrdE0qxsYRIxe4kWUFpJDxk98k8YwMZwMqR1U1k38qLr3iJo7GeWVvEOsSrLIrJEQ97McncRt4PIORyO4wYJZb26UxSSxwpuQ+VExLYzxuI4U4HUbvr2r/S3Lczk8vwNKEtsNS0Vr/w4Wj1Sts9L9Nr3/hPFYOUcdiKk4NXxFXld7XvUe70WjS13bv2P6E/+CSvxF8K+Afh38VrjWbvUbrUNQ8T6PFZ6LounTajfXeyOVdyRwBiCpIADkdSepwP2R8AfEn4seJZ7+x8B/DC+0nTI76/Goaz4wuRpjxwXFtNmWHSpQWlba2QN45wepOfx2/4Is674T8HfDf4sat4nv9J0pH8XaTHayaiElupXjRsm1DRyOPmwTsxzk9fu/uBpP7RfhmPU7zQvDXhTxf4pvNXe/ZNRs9JnTRoRDaSl5X1BsKIgDkZUYGBgHFfxh4m1HPjfM19UU5QxNGMq1SbcIpwpXaj7ut7RTcmtdj+p+CpThwlgYxk1ei2oxje/vNavrrfrtsl0/gK/bA0kr+0r8aBdEPeRePPEZu5o0xFLc/aXLmIc/ICWGM5JHOOtfAOqiX7fKMlkVSRjgYBYEnqN3JA4znp0GP2s+OH7LHxm+M/xv+KfjPw34egXw9rPj7X3Oq6hPFY21tLLeMjRgO2WWM/xnAYKdoyM1if8OvYdJSOf4mfGjwN4Ua4dSY4LiG8dIiu75Wjfhzn5jgE5z04H79l/FmRYTLMvoV8dRVeGGw8Z0aSlUnGXsqUVFxpRnLRq3Sz7q6PxbF8NZvisxx2IhhJwpyxFWSq1JKnTs58ytKbWkr79trrQ/FVYXLBnP3SCCSPu7vwPOCOOcjnFfqn+wFYHUNctXnDbf+Ep0OK3lJyqSFn2kjbncWG4Z9Mkcc613+yP+y34W1a9g13463Gupb8QQaXbkJduMny1l3EJuIYAgFj0HJzX0R+y7bfBvR9esNN8FyanDbDxlZ+fqd9tcg2hYRmMcZQ9WK5x1JIIFGaZ/hMdl+Ip4anXfNGznOlUppNNNtKcY6Wiu+vzHkuVYjCZxhp13QSjUsuWrGbctE78raV1sruztqfj5+3jYzQftM/EW2nkNxLDrtyrSE5B5Un8Bx04wMEDJI+ZLfw7bC0YFiJCykkkFG3D7oY8Y5AIPIxjHAr7Z/bp0SSf9pL4jXNtOL1JfEFxLHMoVQ0MgUI2MkEtt5J6gDgcCvle202QMqSRyNlSPLXc7vLnaqqo+bk4HHOM4yCcrB8scHh220vZwTTV3ZQja129Fe11fvY683UnmGIUbtura2jbas1turPXVarqmjil8NbY0EUZDPJhSBktljgc53AjkAZz8w5IBr6q+FX7OemfYI/iJ8Xrn/hG/AlrjyrGTamseIpQd62+nW5Hm7HGAZdpGOR1APXeB/BXhrwhpdt4t8bRR32sTxg+F/CKEMXmxujvNYIGIoUb5hE+0uBjIyTX1z8EP2bPiX+1F4gh8VeLJ5dE+HejBW1HVtQVrTS7K2h5a10S3kKReWkQw1wA2z7xLDIryM6zqjhKLtWjh6WinVesm7x92mtW227f4nazPWyHIK2MqRdSlKvU0lCjoqaScVz1W9Elfms/ud9Mz4f6b49/aEn034T/AAb0YeBvhtaSxiQ2sTxQmz3KJLnXL9FXzbh1DOsBZmZmAJzjH6JalpH7Mv8AwTu8KP4v17W7TU/iDd6QLd7OJoLjxJrl60asYbO2BMmn2DvgGQqG25YnNfO/x8/bi+Dn7K/haX4L/suaRpeu+K7eFrTUPFkSRS6dYXaqVmu3uBk318sgZkIcojYyuAM/gp8QviV4w+IviHUvFnjfXb/xFr+oztJc32o3Ek4i3NxHaRs3lwxDkBY1QY24yCa+Lo5RmGfVlUrOpgsqb5vZarEYxP4Z1W9YKXRO720u7r7qtneWcO0FToqnjM0ire0jb6vhGkrqCVk5Rd7pPdWeuh9uftIf8FCfjB8e0utBhvz8P/h6ZJHh8PaJM0N/fQnOz+07yMh5mKkblBULnHXGPzt1XW4lheNmx5hJ3K5eVyTu3SyHLSHodxOcgjnBNczqN9Pc+cImdF4Bc5wdvvnpnPU8/SqUWnX18yW9rBNPK2AdqsztggDgdcDGA33QQDjJz97l2T4HLqKo4ahToxgk7RS5nLRXlKzcm7N3bd/vt+dZnnmMzKtKrisROrJ35ZOScUm0klFWjFbvl08+ok2q3AdUifYrHAJHO1skAdySvBwSc8YJNdT4P8E+IfGerR6follNe3M5wZNpNvGM9WYZwADjI5OPwr1TwX8BNW1GOC+1uN7e2ZA8UB4d1PTcWHy5Hy8nGPc1+i37O3gvw/oU9xDFa2tsILPZcSvGDKso+ZdrcMScdVHzZAC9q9BVYR5rNKMdW29F8Kte+qs9lotk9jwa2KcZRUU5uTSSSbtste+62be17nzH4E/Z8j8N6nZvrKJc6gAkkvmruhgOcMqKSd4jPORkL8x56H6i0vRLeB7q0jt2u5FgnitbaGNnklkZSFKooPGWAA4OOc85PW65YHT7671/X7608NaBDcShdU1aRIZJoCSx/s+0ciS5LH5kO0AHB3c15FeftG6bo+otovwU8Pzarrl44hPijUbX7VePNJlN2mWmCIVJYYLZ4AJAzkefjMwpqjUpYOm8RWmnFuLtTgmknzTsuXV6qN3fdM7cHl1WvVpVsbOOFoqUWlJe/JJxfuwTTfMu6tfy0X9ingP9vT4Gfsg/sb/Avw7rmp2GveN4Ph5aXM/hzTb+Pdo080AdE16ZWI0+RTtBjYM7gYGMDH5TeNf22v26/wDgoD4mvPAn7NXgnxVeaDdXAtJdT02zvdE8HaXbOxXdqGpOqC5UIRuu43wwHTmvo3/gl7/wSd8A/Fb4S+HP2kP2sdQ1X4h674o1e6vdJ+H09xLBpGnfZJR8uux7wLvzBhlt0Kxxg7TH8oFf0deCfCHgr4daHD4c8BeFtC8G6DYxC3tNL8P2NvYxpCoAVWeCNJZQoUZ8x3OQCT1r+Ssxlw/kOcY+tKhHMs0nias5OoksPQqSqcz5Yu8p8rdru11rtdH9IYOeMx2W4ShQqywuChRpxU4te1qLlgl73uqPpFX0STPwi/ZR/wCCEGmXtxb+P/21viBfePPESLLqr/Dvw5dyx6DZ30MUk6x6rqBdzqcW5QGTKqB6dv50/wBpX4YeB/CXxg+Kln4L0HTdD0/T/iV4k0mw060jUpBp9pcmK3hiblgqqnUnPHQ7sV/op6FclhqfQKmmaiykElsLZzEZJ+8QM7Tnpz3r/Pa/aQuo2+MHxUu0fzWl+LfjJNmzeMpqEig+nIAbvxnGASa/TPCzN6+b5ljJV5x9nCnBU6VONqcLzSso25VZW1sntZpb/Ace4Wng8uioXc3NXqTlzSlpFuV225X66u7Ss1Y8O8OWCWMTSrCBmHkHGIz2GB8o7dMYPTqa6qyuYopPMbLv58RXAwo3kBgOTjJHOM5Ix1Uk8y41W8Lpp0L+W25Z3U+SqE8HBYYyB+AyMqTVO7s7/Q7G71K8uVEcE0LpbxuGdzkDczBuAfvHaDxznb8x/f1QtJSikuXa9t7LXquml3dtdmfhqrxqS5W4trS0ZWb0TtZ36K270b2e3H31/Y2vjzX7iQAzLq1s4RgrKSBkKV+YHPC9MEjnGa1vGHxCutUS2shss4kLIRHwXGAoLAHgEDp685NeC6trNzd+LtdlWRgj38UpbPzH5F5wOMZwBnOcDAGeJRcS3X2dpLhj+9dXbGSo46nOCGIIIBHHJJFdUcIqyUqj5lFpJX2+FO1763er0/I9B1VFKKbuktLp9YWW9/is27q76JNJdBLexhmwHeTzQxJbjAKnrkEY+UdMY4HXNdbf6yG8OPA8WVWC9kADHnEQ+XPTGD03DBAxg1wVlHA93MVxIdwjB34wrEKTtOckdSOwBAyCa9v8Y6BbaX8PNP1C3WFriS21ASBQDKd8KAZIJ3YycFRnJAGPmrop+yoVY0lG6bik7d7aa/jtre/ZceIpupDmU3Hlkr3vLS6jr5Oyv0T1e9z5J0ucObP92yRgOxDNhQGlJPXIyO3PTPI3DHqFnerbwRmI7hIGZtyAk5AHynAIPQg84zxgEY8z0eGR4ULkkJE+FAIcEux5II4AJ6dOPU13llbySwwAIwBGFDEKCvG7qcN0GM9GAGQa+hoQXs3Jq3w2lJW/l2V7JO2vw772dzwMY02lF80rJtJWd3y9Ftd6p9eqTG6hPJdSrIQqr5TopbJO3aCQzYHDHI9QSx6cL6R8D4X/ALZ0new8tb2/LMBzt8ojgDGMtkcgdjkVmaD4G8ReKL37Homj6lqU+zCC3tJZIwzcAO23aAcjYQCemQOtfTHgL4Iat8Pb3Q7z4kappHg63kjvL7dqd7Fbt5LR5GVZ928BR8oXGSVA5JHyPFuYYKlgq9CNeEq9S8Y04yTbk+XRQjd3W+qe92fTcOZdmGIrQqRw040Y71JxcYrWC+J2V29Y979j1PT4fPklSR9iwKwjZwdzls47n1yOehP3jnPZeH/Cmt61dPb6Vpd5dMFwj+UTbjIILNMwCrnhc9txB4HPAP8AG34VeG5jZ+A/CviL4s+IVJVZbe2lg0OKVHxuN1IuyaPcQTwuVP3QBxg+IPFX7UvxDRreTVdM+E3hiYFV0zQIVj1J7dv+WMs6gOHKcDBzu5O3mvxFYevVne1OhByblOq9ZK0fhinzS01Wy0tc/SaeEw1CPPiarqTvf2VJczWz5XL4V11ey26HuOup8P8A4VRxal8VvH2i6M0Kh/7A06eK81aTaxYQiKJiwLHCkdslVOOa+ZNX/a+tZfiQ2o/Ab4Z/a7qaGOwsNf1+2NwZJEcKJ0heMKh3ANkZ4OenBxrD9m/Q47h9b8RSaj4s1KVmP2vW7uS5ZpOXMixytIAMjIBA+XPHAC+jP4c0Tw/c+BBp1rBZrDcv9p+yQheTJt2s20FiR3bJPPJPT6DJ8ownt+epXniJTjaUVLkpfZduWLTb0d3KXVaWuzgxmcKnT5MPhaVONOSanJc1Ru61bei222WjMzXPCf7RvxxnW5+LPxOvtO0u6YNHoekTSwWyRE5NuiQsm0Y+U9QMnNdf4a/Zp+G/hVmkk0caneQxAtfapIJ387GWfa3JO4Ehtx2+vevo/RbeSa7L21uPskUSsrupJBbBDAHpknOR2GScDjjvFrXR1Foo5DM4ljV1QskZXJAAGOTnAYkjqSMZNfSUaOHw83CnShTjduySXNa123bfpfXr2uvncRmOOxHvTqTm9km5WSTTdu17WTXy63oaXplhpVt9l062gt5kuovISGGNA6gj5SVAYqBnIJx0+XBr+lX/AIIxx/8AFn/i5I74c+K4Q9sq5UOLGTLKDgqq8+3HccD+a6HTNUmntLxYhDEtxEC7fdyDgkc5x2IxyPYGv6Zv+CQccemfBT4j3t8bWwt7rxZGGvruRbaO4UWbh2XzCBtXozk4B3c55r8l8ZKtGXDnsnUVliqD5U/eaUk+9/x2W3RfoHhvSxEs0nNUpWdGacnF/wB3ld5K7Tb9b6+v3J+zPbmP4b6ztXr8SfG8gGMD59SY5xxnJyRggjAwSa9vktDKTMF3r/dKMcAHHzE8jg8njOAcnkV+bviP9uT4M/sv+ENU8Kaldwa94rj8YeJ9Va0sr+AaXFHqF8ZraS61SN2SEEMAVZGPevzp8a/8FgfiV4l1W/0rwD4Zu79WeRILbwxZvcW5hc/LnxIyrbMyrkOBHtGRlsLx/P2HwWKrSj9QwtSvGUYvnXuQjeMNZVJ2ho97NtWd97L94+qV0267VGPPLkUlepJWVnGEVzNO7s2t2uyt/Q9qtzo+kWkupazqun6XaQqWknu7uFEjUHOWDSA5I65APy854r8/f2iv+ClX7OH7Pdjfx3Wp3XirWLW2aS2s9HI8m6uF+7AtzySobKsyge+M5H4UeNfi5+1z8aLyUan4ktfAXhy8d2eC6vJ9Y1yPeGzvkgaOJZCpwg8shT0wc155ffs3+GNUsrnVvGOo618QtctreKQ3etXLLbROJUJ8uJdqBQc4TBJB5Jxivcy7JJTxuHhmuLjCE6sE8NhX7So3JxtGVVR5IpNq7WqvvY1q4GdLCVcTh6UqsoQlNVK0PZ0lZJ35X78rWS15ezurHp3xa/4LofF7xoPGHhzStG8G+HvAPiLRbzS7XTbq0lvdaSzvEaKWQXi7ds/ltuUBNqkkDrX4L69r/wAN3u57mw8N61q1xc3k107SW1zOouLqZpZgkaxqfLMkh9QASW6ED9i/G/ww8AaJd2y2vhvRd8lhAXEdjGxtpWiX9zh1ZiFJwGBIOQDyxz5x/wAIfosMLMbDSbKNG+Qi1to2X5s/OWAJUclict35zkf13wZl+ByCl7XKcN9Wq1acPa1Ip89RK1nKUnuk7Ppromz+a+KauKzevKlj60K1KnOfs6fLH2au0np8L2atpdK7bPy/stX1UlU0P4Z6jJHLyhXTGtsHGSPMcE4JxnOAAMc8Gu2sdM+NOoPEtj8PbLTopEybi6khicAdGZfLyQcLxwPQc4r76mbwlpx332vaLaxwpyzXNrEvHJBRSMr07jjJ6DjkdQ+Mnwl0l9t94v0MrEpDJBcK7naOi4bPrjjGe3Wv0eOd5i4pPE1dbKOut3bs2ltd7X1u11+HlkeXwkv3NJtW5rU4+V9LNWe/bzvY+Qbr4RfHXVVDXUugabbTAb2Vi0qjoCmx1yAeT82dw+UYK4nX9lfx1qAD6x8QJoYiAdlnCWClvuqpZieDnGO23BBGa9h1r9rj4NaLIIYtYW/VC0qNbxM+QCMLjcwOD0TIGCW5OCPLNe/bu8Ex4bTdI1G9UKysF/cKxHRjuyOnQ4+UnHJxjnli8TUlJ1KlScnrdykl0tu+u7u73v2N4YPBU1aKjGzsklFWTStok1fV6a63bvctQfsbaBtibWfE+vairABkhkEYAcksHwgYduQRgZA3Y4u+E/2ZvhZFJrDXGk3Wpf2fqP2ZGvJZJWaNY0wABtJKnOSVOT7HFeHav+31KLaT+zvC8MO2QlZLq8QvwSQCpHONw6gg9M4NeF3n7c3jmA6iumWenWr395JdmYgsYyVCBV2hVZQB0HXNZe2Td5tX0avdtK8b3bWr2tZPR6bMU4UVflaSto/Lr2d7NKy3vp0P0wg+D3w+0qeKKz8I6dGqIXUtZiVmPBAy5PbAZmH4VsR+H/D1mpSz0rTLORSEUG0t4gvOSAxTrx1PXp3Ar8dNa/bO+L2qONniGO0lVSoFvHtBHu7A9DzwOOgyeR5Tq/7Q/wATtRMpu/GWpkOS7CO4KLuLEZJXHHt7ZIywAh16aldXelrJK1ko7WfRPV26+RKlTSS5k3pbTW91re7W2lmne19Xt+8Uup6TYQyRyXOn2jAKCfPto9kecsw2DjBycHnoe4Fc1qnxN8E6JHCLjxRo6QyEiR5L2NnDAkA7VbJG7nsSM+oJ/n81H4m+Lb4u914l1eZ2G1vMvpipDE8Ebl4OQCD+fQ1xt14sv7hWWW8nl5BO6aZiQD2yx5OSV4HU5wTxMsXrFculu3XT4ra3TXbrfuNVVFaXeltXy3Wlnur2dn2v9x/Qbqn7SXwl0lfn8Y6ZcvtXzEhZXYEKrYHPygAYOOpA5NeW6p+2r8MrE3CWt9cXcofKPGAU4Jx8/wB0KOefRsfNmvwtfX5sHapfOSC2SxbGOCc8YPc8dMZGRSl1CUsHKPuYEjPTn/ZHA+mMjtjoEsVJtciW34Wj2V0m7u3rrppDrTstLR9dLyts9brT8e9j9itU/b70OAXC2FlJdOxKjzAThVPDBz8o4Hyn8jxx5Fr37eHia7mBsrNoLfkrGsgyRgbQ5HQDPUg54z1OPzNF3cScruHYhFJxyBjOBnnoMg54AzVtRqM6KESd/lAGI3PBx0OOD6bjx7daTr15aRg7tJ2aatonpq3a2jtqra73WbrR05nFaXeunTZ3tbTS9rpprU+zP+Gw/H1v/aS6Y8Nkt5dNdTSFDKyu+SDkEHOAQRgDnngGuW1D9q/4vXytnxfd24zhBAPLAC/LzgkAdjnjHfJJr5XWzv3ufsxjlVzyFOQeQf54+bg8Dt31YfCurXAULFIxPBJOAGbJBOBznBHYY6dMVVL63JNQi9NNPk9Gr2d/V2d7amM8VRpLmnUUL6pXSuvds73u07O+1m2r3Vj1e/8Aj38Q9SWWO98YayyyZLKt46At0IO0DAP4H6CuEvfH+t3gY3Wq6jcsQxBlvZ2wCc5BEg4Ocnp+nEUHgHU9rGUquFZuuBkDJDHHIyAeh4Jz0Bq1H4JHJluAMISyqGAyvQA85UZx68+wNbRwuYTSvFrVJavS/La19d7PX7zm/tPBXcfaqVrLRpvdOz6fP72m9eebxFcSks005JXndM7AY4yCzHocdzg1ANWkJP32yO78cgc53LnPODzz1yeno9h4F05RuuA5DoXznjg52qAwxknjJAzgjvW5H4U0i1AYRx7WU485QSSTgAf3Dx0PXBxg7hXTHK8TKKlLT+a/TZO2v47dOhxzzvBxm1GTlJJKyVr6wdle9rbLRPW6u9/H1vbpxlFkww3cFjyfqpIPHHOTjOMgEWYxezfMqyAnJYsSckDoAeACeehPpjqParLSdEiGJIoVBXcSANwPBJUgH5jjGOx65BCmS9GkxR+TaRJIwRir7AGAIxyQAMZB44PAHbgeW8qcpTut9NbW5X01SejelupKzmnNWhGzsusU7+5e22+/TfW6tbxdbK+kLNtkyVJwGx0yc8rnjpgNx1PBNUby1ubV4BLuUyMQMkjg/TGcH9DjOOvrEgVAQVBGSEUoFLZAwSTtDA568EHgkGuP15C02nsysjCRG2kYUKp9ScAEYyMkHoOc1zSppaLr1bV7tx2eva/yWie3RQxftWk0vhtfXRKz0Tba0s90tXq1tFY+HbqVFYq7BlDjknA7k55I7YGOueCAp2YfCz71WRTgKSzDJzwe+B1zjjPUDKnrvWV/IY1WOMDciAELwc9cjAxnkc9+o6VcaW4HzOxVTkEFlIYHB+UjhTnkjPoSTXdTwlLlTb5mrXS+Xu7pvom9OnVHk1sfVVZpK0U0tEn1V93pZXdnfybZzi+HbddzOzNGWCjtwT0IAOSBgg5xjrzupw0aCIKyAKFLHLDIbHODt6dM/MCc9MAirUtzJJwJV2iT5h03E8ZxkBeCMYyfmPPJFTxb5MbWyDkEkEcDI6E85wecdef4jV08PTkmr20UWrW5bcr3vo2lHXR2XQmeNqxVuZq9rN6XVk/k7JaNW0aXQZZ6fAJC2EIZWy2z7vPQc5LEdMcYHLA8VrG1jWACME5YgMEClWIB3MQCfvHv04O3otRW9m5kJ34TCsTu6gDkEHAJ/EE9BitpolbKxknaNwC/Lj5eDjuSfoecHtXTTw9JKVmrWWstXq4q6f6636rtxV61ZpONWTvZpJtJ6x0SvuuuslbTQz47dvJj+X5x8pJBIIGRuA4PfGNpxj8K3NM8OahqwuY7SIzPFG08myMDaiqQWAGGxxjBwBnsTwttE7lIz5ZZVLAqSD0BIxxzwAQAM9DXo3gfVDoF5NczxSXUNzbtG0IRiGyHAVmCncudoIyeOBmipQ5FeMoxWt5PX4lG6avq7K2nToTRq1KkoxlCbslsnZr3bPbdvTTpbfW/isunEGdXVpPKidFGwgrtUjJzxkZB2nk47EtjirGAu8iKGQK7lwBz8pwcBu3GCOmAQB2r6HvdOvdQknk0zSbqRrqeVlt4LSViu7eQAQgDcnOBwOAc8Vi+Dvg9478S3OoTad4avZ4bS6eK5klQwiJnJYQyDBKud3AOMAAnGSK8+bpKrT5pxs7KXp7t05a9rq9rLpa57dB1Xh6sfZyukrRcXfo9HZtLbRemrOW8NxM1zGCAFVHG4AlScE4PHByCScZwQMc1vQFIb6QhRuAXAIAB+bk/dBXsTk+vrgfSGifsyePoGglurax02GSLKCa4RnQMQSXQ8kkckY/rW0v7PltBdFtT8X6VbIGXzEjKF1aMAnIYqRk5HfGD2r6aGIwVOnTjGrDn00T1l7sO22jfl+J8zVy/MK9SbjSmo3aWjST0W7sotK17xtpe/f551bTz5aanbgRrKojdix++F5+U5wCcdAM98jiuMaK5JMTyHbuLqxP8WQWyQoycDjpx94gjJ+2Jfh98LbK3MWteM4jFHId2yVI45NuAQg3EHOB0z83sDXP3kX7O+jRGSLVp9WdSNked5PPzLnHAz0z26E5yOPEY+gr8nNbTp8r200Xda2T2Vra4bJ8Uko1XBPu5K2tn1d21ts9dtz5WEUpQIH84koFBPHGcE5ywIIyo/Tkmlis72dXjijmk2tyVilZj83C9CePXnPY4PP0enxR+CujCR9P8JS38wcfJLCWRuSAAWITduHPoTkAc1j3fx/02F7g6B8O7W3kOHBeJAAoABzlGHPY5yR1xjnjjmNmlGnKSTvaKu2mvNu1+2jd9tUjteR0rKcsRTTvFSW70S25mu+i0+48Vi8MazfjNvpl9Lltm1YJFzgYGNwXjP9cHkbbUPw58a3KARaDqLLFIAo2MCQSMNkg9M8DA75Irv5P2gPGU6bLTw7pNnuDsWKxB887WGxQRtIwB19ACTXG33xp+J8omiS+sbJn53xrhgCeCT93KjJCnjoy9DW08fVlCPLRabad9U946WaWzu3stNTop5bgoxTlWTaS95W97SNr3Vr310e79SG/+DHjq9tbsf2bDG2Y3SOZgjbccswcZOCTk46g9TivQNI+Aut2Wk2w1HVNOtUiiSQq80fDvgOjgtkE4BUZYHbkDPTwrUfil8Sbjz1l8SXCl4GaTyMrvVewYjljkDggjrnjA+o/hr8Nb7x54X8HavqviW/a78UXIsC9y8n2a3bzViVpMMMjJycHONw7Et5ntqvtpSp01zyTT5uya1Wtuu/e2qPVVDA/VoQqSlKmp6ebsn11SstrO3Rq137B8BLjwd8FPEGp69r3ibRtQ+1WwhS3WRJJ4iwOSBnk9gMjoCeOK9z179rP4awt5unR397MoZSIwILcg9OSc9AATknGT/ESO21H/AIJnQ+EHtLvxDq2o6zbXljFffatKjeK2KPEkoUtIX4BbaSMEjP3a5y4/ZI+FPh/UIILzR7uffFlWu7ogFpOQWC4OGA5Ocj0WuiGa42nSdOFWEIRle1uZxukm9LW32d1d9t+b+y8oxFRTeH9pO1rylfblla1m1pfp16njWtftkQxQn+x/Dtu0rsVDT3MlwVU8D5Ej787uh6YzjjiX/af+I2qSrbaZo84nYBkWw0edmUMM7VdgpYE85ON30Ar98v2V/wBjn4Fan8NRr9z4A8PT36TTGO9urP7Q+6BVO3MgZCq4x/GCehBryb4x/CPwt4d1mfVNM0Wy0tIpvKhjsLOGKN4QdqsoRBhgeDyCdvsWPAs3xOKqypwxk1JfFZ2S95PRaa6bvVp9hrDZXSqumsDQXKlFe7GXM9uqW7SSS1b1tpdfjwPGv7R/iQBNP0LxRASNqytGLRHJAwdhXcM55y3PHpU9v8NP2pfEo8u6mvLFJHUb7vVREDjoXUAbcZA4I54XaCAP0oxHBG4ZWRwVYHbtUoRwABgZPO0jGSOc85jh1CC1UxSM0gkzLFv3bsg8jknAx6njPAGM11qFaavOvVqOTTfvXell2urJdGtrenQq2EpNezw1GDsrNRjfaKS2013372b3/Oy3/ZU+M2r3CNq/ijT7WQkq4W9mmPCkkkLKueAMk55PJYV1Fr+xZq8xJ1fx0UcsAwtopDlSQSMs5xjoDk7lwxPYfoLbTW0jNJbZOweYXK5dG2ncOSeO2Rx2wODUEkjXHzOf3hHyRjgOM9QAv64AwSTVLDqaaleTtZczb0XLe17N323t22E8XFW5IU4tvRWV3ovh873ulp+vwtqP7H/hfS9I1C5m1nW9SutO068vYAjBIGnt4Xdc4zkEjvnOex4rnf2M/g74S+IWj/EDWPEOhDVr3Q9bNjYiZpJI4RkhlZFABcg4JJzk84xgfoXNp8t3pmrRCQIz6Jq2+MgDkWsuTuxkcDAz1JI4AzXqP/BDjwLoPib4SftN3urabZXd1Y/EeW1tZLpFl8sKHHylwdoLEHggDdn2GNR4fBTp1KlOMopSTVutoK+t1e8t/wANXeZ1a1bC1nTqcslKNndppe62lZ3u123ejt0+Yz8J/C+kPNHp/g/TbXyyOVsRIyso5YSSKQSMZ24yc456LfGh21qsKLbW9tHyy/Z7aEOD0wcQjAz1IH3SM9jX65/EH4f+F7R76GTS7KXmVnhigEYD7sZV1ALLhsEE9DnuQPDP+Fa+Dyyyy6BbxruDKyOzEhk9N2O49MAEHnJHVTzCk4rkpuKb00S5dU1ftvopS722R8zUxlRVHGdScrJJu73VrPffe+qT3vY+Co7UozGSZow3zBldQWBwDlQBjk8YxgEDgUq+RE0hAkd1ZVRSZJFdcHg4B+YdeuM8ZOK+918CeEI2BTw7YvHCShlZCTgnILKSTvJGTySCO55qUeGNEtW3xaFp0arkqRboXZcYXIZTyAep6jHA79McfDblSt1ut9NraX31tbyvtlHFU5NXUm23borJq13d23s31asvL4BC3zuWt9OuWIO6JUtpJFkDEBctgYByeAD2yOMncg0nxLcIyw6HfyZ2qVe1YFjz8qnOVA5IwCcHBz2+8hpFtGqyW1vBBGsRJV7eL5uQODsBUDtzznsc4jaxkLBmVUGVdMIqoRyCWwO5GFViMA4J5JprHJrlW0XdLRXu1fa299G+yu7aCjXTndQVn3fvdFo9rvVa2ulayaPjCL4feNLuNZP7IeGMoOJpNjKSQQTxke/A+h6jfs/hP4mIe5u5LOBWiG3a4kKjaRtwCOck5OAOhHBr6wktnfegwYlONykgMWIYkKeeOoPTBIzxVaWyYNIiY5KsVAydnO0dAd3OSAQCe5xS+tTbfI0k7Jptu3+W7210tZWsS675rWimlazSvto2nrfzsm0rPTfyPwP8PrfTr6zk1PVJWmF7ZtEsEZ2EiQFo5CMgDBwAcc5AHAJ+fvAXwltfi9/wVgk8KLq0mkiHR49TjuIoS8kr2EKAQhQRxIZAT7j1OK+2LS1mjvYHVXXfeW6RjA+VhKC2AegIBA65xzjt8S/Dfx3rPw+/4Klav4p0ZlGpWOg3MEbPtdQHjQEHI24OMbSO4xgdfGzOde7lRbVZUZuDtf31y2tfRO7Tutb9WfWZS4VcHONdRVJ1YRmvh/dtrm2vyxa6rbVdD9T/APgmtd29v4w+JLbG3to1gy26oWdQu7O0ZJIGOQc9cHPFfsJGPMCz3KSiO5jIVmhbdGAORkpgZ455JCjBJ+Y/yeaN8Z/Hfw+1DxHqPwq8V6h4a1jVrS3t77UbJoWgjtmOCCkysGZAMgBc8nnJwPT9O/b2/a00HU/D/hTRviw/jPWNUtnt9P06bTEvbi/ufLBS2hihjDtM5JUDIIIxnGBX4R4o+FebcS8QYriLDYmjSwdSlh6dqzknB0oxhJtpN2dr3to/Pb3uH8ww8sPDBNpYlXShZ6czStfdrqrrS+5P/wAF1tMt4/ir8GLmKVmSXw/d/MGxhhuOPmGRjK57j5egJz0f/BG1LK++JOt6ff21pdwXHg2ZzBdQRXEbeS0gJCSIw3Dk52kjOBgmvgD9uz4x/tKfFHV/h/J+0X4M/wCEZv8ARdOvxoF2NJn05dUspjtZvMm4nZAu5gpXGBgZHH3T/wAEZ7iOH4w37yyIm3wJeyjdjawYMTuDHPA3Hg5zk88kdlTBYvJuAa2DoYlTr4PAyi61CV4vlcW3Cate12nquy6npzjao6U4OTcox5ZLV3kne/8AwE00+p/Q5rnwc+FfiaCIaz8PvDNx+7I8+C1FvcZA+9mEKARyRxjPPHf8SP8AgsT+zV8LPCv7Mmo+IPCFnfaHfx6/pMf2dJxLZ3LyT5kJRgWwq4AycHbkbcmv3uXVYGii2zQSfuwuVIHBwRnB5wQM9jzz2r8ev+Czt2Zf2T9ZjWWKQJ4m0NtiEM2HuAOxPGeMezYGGK1+U8F8V8QyzrLsHLMMVUw9avCnVpzqylCUW43jaTell5WtddSv7Ow93UlSipRTtok9FHq4rV2a0TWysmfz4fsg6PdW3ifwvp9rDcX1xFdCFLa3RjLPLOkYSFEABdnLEKvB4A54z+v02lXOmytDrmganprwuzPHd6Xcr5bknKufLOccEtkADngcr+X/AOwJNM/x6+GihmWKLxl4eU7R8waS4hR+uSwIyOc8r05yP7wdO8K+HdTtJkvvD+gX9tJuWWXUNMsZZWxENxZmiMmC3B79emK/feI/EdcGywdGrgJYuGJg23GpyODioq3I46rtqr6JPZnhZhkVPMXGtCt7NwjyJKLfVbrey2vZvrqfyz+KNMsLvw74gubKO3keXw9qgKSRmOQAWchyquQQQR2GcfQmv51PgtBJD8UL5AEZz4tKnIyFxqZ4AzwASAD1zkdOn9tf7e/grwB4ZttVTRPBehaa914H1+8mv9NVrafzYbGVlkWOMqgywK7doJHBHNfxT/Be0tJPinH9omkhS88ZqrTKCVRTqe5iR3wuedwOQRjHFe9lXFmH4mwFPHUqNTDPbkqSTac0usVZrTrZKyvqRlWWPBSqwdZ1eeTte0eWSi1bu07aO2ne97/vfpmnxagYhOADBYwqpiwQT5Q4dRjI4yQfvZPbkYvjHwxbzWVuqQxymSQBl8pVONuMkgfeA54IzkAkY47+x0mHy/tGkXX2u1G22S5KOuZRGNykgHIBHBwVzgZIyRVurDUZVSMRG43MFDgNhHHUn5QAc7iV9MYJzXuUcwoVJxpqvTctLx5ld6x2V7+Wmzettn87j8NiKdacoxqwTmmpJNtrmi4vZpXtZ9HfsfhB4z0U2/xV8TWkaNF5eoXTBtgyuwtgY7rwcEbcHkMccf0FfBf4QfsleJvgp4Mi+LF1Y+HfE1x4Xt7mS9Szlju7xz5SmQ3akxREAkhmDFgcHPf8SfiFpc8Pxk8VxSRmN47m6eRSACAxfaQSec4Byfp6Gv6Tv2bPhh4G8YfAH4X3muwB5o/D6NK5hhuA7xOpUSMwZgqgDCngng9BX5f4lZriMrweHq0MRiMPfEqLnh5qFTWD2e1r+ep+g5FTlPDx51Go/ZwuqkYtN8sN7769tlfya8k1D/gnF+zT4h0O11D4efG62sJL2SNrW21a6huy0jYCr5OFO3cwXHpuJ7Z/CD9o79n7W/gJ+0vrXga91jTvE5WNbu31DQ8Gzlt7qAvGp2s6idE++oPJA+8TX9Wl/wDCb4eXqQQRRaO8dlGk+Yla2c7AAFBhZQp4wcYBJ6DFfzxftaeG7TT/ANrfWbW0nAgEdstvCZmuAiSWchGJHLsVXBzkk8k5xmvmuBuKcyzDHyw+JxuKxlFUnVg66i2uVwsuayu3d3Vul76K/bicNQcZ8lKFKUVH3oJK+sFov5bva7V9b20M/wAHeCPEuu+DNB1Cw8L63NpVmptzqVnYzz2skyOUeHfGhDOoyXXnhcn0q5H4ZuNEuLqCK6vbJzNHLJBd2s6NhGBJJkQYZGOABhsEAkEV+2//AATT8b/D/wAHfs+WOj+M7KS8vW8Waq9lfTWMV5aww+eQwdJI3GF4yu45GBmvvu/sv2W/Go1CbX18ES3mSqLqGjwWDnzThJBtjTOOMDOWIOB3rys4+kXDh7P8fkmK4fr4mGAr+wWIoVouUkoxXNycqs7Wur+uup0U+EKmIw1PF08Soyqe+4uLdotJaOMmm9HutHbXt/EB+0jE1x8VNCMrmRmTTl34yOHTJIOdpOCQB1GMHNfoj8JLOY3V9AvzP/Z1iFWTC5HkJ91SVyDn5SDtBPUfNW3/AMFXPhL8MPBP7RfguH4e2miw2d3pel3t22iS+Zay3E9xEFZ1y2xmGDtJAXIGOSTm6t4Mmub2M6fqE+mXkVjphFxZyPGFV7YEFgpUsSTk5PPHHWv2XhLjDD5xhsLn1GhUo0sbGNZUai5ZxUrRcZpbWd7b9Hpe55Oa5RKnS+rOom0uVySdldKzaeq6rfd6I6TxZpmrpYT2/wBimsvPIiFzEx4OcFicYPXOecdzjJP5w/EzSLnw/wDEuO0e5FzLN9ndpSdjtuYf7RzjG3d/Fyeuc/X2s+Jvij4Xtrm7n8RQ+IbK1uRALfUEyvBUKCyjphVGdwYdR7fH/wAQddvPFnj+21e+tLezvB9nWWK2w0ChWX5RnvjBXHb3Oa+xzHNsPjaVL2UeWXPC13drZ3stHe+rs3te+jfj5VltXCTblPn91Rj3STi37rSV99fev+XoPxPlkS80UoWbfpUIdVXdk+Wox0Jz94/oM9vH5dThUrA8aEOytu8ray4OMHrjnKnjk9RwDXqfxSlmN3pDRByy6TESqgbcbVyTk5OCfY544xg+KySyfZ/nXdIjEhggBJJJ+8e6/MeAATnGea+FzCaliKnMuZtr5JNXv6vby0Sdj73L6b9hBcrTs2+uzW6TWrvZaqz6pG1okobX9PEUqFTcMzBRt25U/wAj6+vIGCa+jPiMUj+G3hV5o2YPcyeXIeQBl8kjJwTk9N2CNxr5f8PJP/bOmsCo/fMw5A3fL0JyOD83Oe2Tivpb4j215dfC/wAIpHIED3MyxhjySPMU4Jzn0B7nPUZUclWS+r6LtJL5R1ez1f4mzjbFUk7u2ya8ovr1vq027Pqtj57sptKaVosIG3EPuUHcTnBBz8oz0BHTPXmtiyMP/CSaQqKBkFQyFQCCenfBwSDnAzwQFOK5JtIuItjLKztv+YqoU4B+YBucdRwBjGcAcVq6AWk8QaXmNt0cvlgFsn03EE+oyQBjgg4615lC3totN7rV9VdXWtmtNNL6Pod9a/sXH3VotFa6Ss2kvJba9Xa2x7p468TwaPPYWdzp63sTWSYYuQwbgKVP3sp7A56feJrd8EeMNGvfCmu6BEVstS1CzvJYvtkqxwiQRnaEeTq7jG1eWZsDI615x8XbYRanpBf5iljGBhsfKVUjgjHb0znJHpXl8LSbdzEhY1baFO1sHJ3AjBIAUEgE5wAMjk8WY4elVrybbi+ZP3XbW8Gr+V01rfW+yLw6cqUI2jblstE3ryXV7KyXTq18j65+C9sIfE/hWyvAC/8Abmmx3DROHClpEYndznCjGflznPpX9AX7JWvab4U8T+NtP1/Srqfw1c66skepu4ktVuPsgZfMj3qGCg5J6Fflyetfzk/s93Pn+KdEEzS/PqkJZ2clwYipUgkkAA45DDoeozXqPxd+Knj6x+IXiGy0fxXrek2MN2qy2tpeyxQXGYfLLyRoyAybTtLDnGMEgmvhuMuHf9YsLHL3UjTg4qfO4rmi4zg9Gmt1trve1kengKkMNKpONua8UnZNpXjqreqaV1fftb9w/wBvz4peDNc/Z28WeCtOeKXWovF9pdx21lKrutgm0i6lto2YQxMmSC2MH+LJxX5rfsuQPMPFLFzx4X1CSLA4KiOQA55PI3AgAAkcgc5+aPh98aLnRNH+Ii+IruXV73xRocWmWqaizXkDSpKpWaR5i8kcirnayMoGOvAx9k/sqJZ6vdarLBJaRG68D3ttHEsiRRvemGQeWqkgbi+B97JHtyfmcJkn+rmVVsCnKpRpVoVI1ZbST9m5W3tGDTS11afY7VUlW55N3bhaTV9WnHdPS6trZtbNvVHmDKkiiNlKl43JwCvIcg5Az2x3wB3Y4xwXiuMfbfDqjjN0yAEZ6sOAe/OATk9CBnNe63Pw/wDF+lagkGpeHdRjiEZYyxwm4iKOWZWVo8ghuMdflHQAYrzP4g6Bc6ZeeF5J0eHz71wEnRldTu/usCQcYz6DHPOA4YqhKquSrCTlzJRTTvonstbWvordNN7ddC6lFK17re194u9t3eN9ldaJrv8AW37NsEi+MLJo8LiWzw2eD++izx6A9s59HyTn+7L4TED4ZeAixyR4T0Ung5GbKMZ7dOmeSQcnua/hc/ZttzJ4v05UBVQ9puJBUqVnQA84GCynIPYevX+6L4U7R8MfAQOSB4U0cHb1IFoh4zjnnHphv4RnEcKTb4hzflako4Gg/S9WLS8r39d+lzs48S/sPIbJ64mvt5whbe3Rad9PNnoq7VJbBIOSTycnrgZOdp54ByCcYHFSo6E5AxnPuDkEAjBG0A/NyckNydxzVeLGNoBORkA5OCCSc5PtjH6ZOasRuuORtx975R1BIAPbGM8Hnjgkdf0qNZJcrVpK1morT4dL21s3un2du35HKF72Ts/R7Wfa2qa0trvypOxY2EjhhtPX5eT6fxHBOcdeOaXAG3nDDBVgSORznIxgnsMH06kYh6KTnBBBIyOgP8YPbPPHGW4HPEm4Y6428A4yfU9Bgke4AwcccgdMcUra6xvpe3vP3VzbbLaVk1e/RIylTk2/eV+ZPXaNrK6V7XXd6Xtck5GTngYwQRnJyp98Y6nLNgcjNIFYEAcbuBnr0/lngN78Zpm9gOSrdNw4PHftgDGe2T2JHJerJhg24ZwvzZwAQOQMDg8DPsT65pYiKSerb0d3y2as9LWu9na1tXtexKpyTVntdp21u1rfvfRLS+jsOCgkKxBIz3GR6k85yQOR7YPIpxUDGCR/hk8Ecc55JyPxHBiDKcrk/Lk/MSWIBJ3D1/Dnnt3QSjO0E5yFB+/754ODwQOM4PBGBiqliFLeL2Su/SzW/npbbRqz3j2VS1tnrfV2SbXS9tu1tbO2w8glsEjr2J4684DdDk5wCSWzngUqrkqMEk4GSFAO4855yd3BJ4PJ4JyS0BckkbuBk+vOR8o6Y5JP3mzj0qTKqFAGT0wCVI9ATtxjHOCeBnPBxRzUmvhu7K+2rajHTTpbVXV292thQkn8TvZWtdXWlk387eWmvQeY8DI5AyQODz2A4+p6Y5AzgGmGFSQzZUncSCvcZ6cnb79e2Oh3SLIwAAPzKcAen3ic8kcDBHPQgjgHDtzbcHlhnjIzk88HvyeOPw7VE/YuXKovW3Nd3V97J/k9E/MdnfVvSz891rpo1ZWVrLXfvVe3T7oXccgnAAI469CCeg/LkVCbUHG0cZ7gcZ4Jz0JxxkEZ6HmtAHI+9tBAHQAgknBzyc44YDt1AzRjbjn227ueB1wcdB1OOpI4yCcVh6MtXTj0e0dHZavZXvZc1+qtsh881tJ2T6q72Wz++7tvok9jKayAPIx67sAdc5HBxuHG71xjkmomsV67WOMgYODgEZ52nr+o4O7BzsEKXb5hnC5AAGODye+D+A74BJoCp0wQcenQZGeMjp2HOcd+M5zy7Czbbpw1621T03S0tdq9nbS9+1KtODvdp+qT3jr0dtumnW6tfFOnMylgF3A5BbAYcnjtwfm6ZIBzkADMI0/5QGUHb/dVerEjr6+owOfTjHSiNSOQWOevQYGML9OOTknqM88pswAflB65wc5zwefmOcdcEY6EZyOeWS4V2Xs4Xbi9k9U1ok1s9bba+b10jjJP4Z7Xu3e626dlbe2/daHMtp4HGzBHO4kqcYzyckEk46BR0wD1ANPDDPAOeePUYIyd2TnOeMZ64ByOl2x9yCcjIx6gnA5Hcj36HPTKtGhOADk88nj5lIwD/exjrk5756Zvh/DSXuwTjZNrld/nur7WfoUsXVTd5SctHvrra7t2afT5db8wbFhwOuMY6dTklhxj6DHGCMYGU+yyYZVX5c++4D8MEE+2cnPQkmumEK/LgE5JOPU4HIPTPJyAPlPOMU14lIwN2QMY+XrzyTxuYdMtnOO/Q8tXh+kmuWCWna/L8N2+vffe610FHH1F7ras9XzJK2q16a3T81az2ObMDKGBUgDuc7vQ55yPoD2wepNP2Dltp3AgAdAc8+pOTzkhsAAHPNboiz2I65wMnAyG4POOu7jnOeMUzyVwcLnLHnBB64OSSP7uQBz1PIzkp5NGLSSSWm8bt2tpp316JLRbap/Wm9Wlpa1munLqtdb36rr13MpYn6gMM54HXt1OMc54Hp1HJBkMZxgHBORyOh/vDnk5zhe+0k8c1oGHaSCMfLgZJABOMjJP3mwGAHTJxml8k8Ns746noeuSMkN/9f1Nd0cqjGKVul9n5bN26LTTXq9jKWIS3ta9undaddvn56arOki+XGOmMnrnk4wO5wMZwSBjc3SqwjJIZgcZ4xx0yDg9OoIOM5x0re+zZABJ5xnBHJHTAySDnOQeTkdOKT7Ip2qAFAORj+6Cc9ehPYevGe9cNbKXKTfK0m0trNpuL3evdWXbW2prDEtKy5dlZO/w6bNX3a3trp5mPtycr3zwc44PXr/DuHTO7GQuak3bTuzngdSDjGMnkjJ+XJAJYk9xzWgbVckr90kZ3Ag853DIUdf4QOg65wMIbQnJCjOCMEc5GcAk8Ak4HHXg9M55JZZWhblhaW60vtbfdfhe/wByr6xCcWpNO3ZtXem6T1tdNfJ+T4T4kyn/AIV1474Iz4R1s46Yxp8+MnGT93IwMAgdOp/hl3mG615xk7dX16TB+bLPqNwATgDjsccde3X+534kwBvh547ALAt4T1zp/wBeUo6YOBnGfbr1OP4PddsfGF1fa8dD1y302JdX1pGUwCQkDUbrgkg4PXB7emBgeBJTo8XZI6rSSwGLi0lrJ+0w/VJ6Lppq/mfe8N01iOFOIYQcbrHYGTbdo2jSqLWyvfa6T6a6nW+KZpdOsYL23gke5ubSzPnLGxK845GCeAcEdcA9q8Ij1N7u38SWClZA98rTP5XKqFWRw3JwxHy4IBxk/Szq1p8XdqNceNAbJLZIx5dqCcD7q8qMYHbn1PUmvJW8E/EeznuNTi8X3YW4aeSeJLaNhKjjDMRsJOF4x/BkdsA/qmFxlGEK/uzjZe7o7N6c2rXXR9d7eT+aqZdJzpJV6LbupRvPZuLunp5dtU9bJo/QLRrSa38M6BFCoe3n0O4kllEXzKv2Ygbsc4I+XgkAgnGSa92axhsPgjYPGiypNHGwt2+XJMp++SeCR8xY9iTgnNfAfg2z8cyxWlnqXi/XorUaU7RWkKoyum3aV+6GVGA5yOQc5zkj2S88D+KtW8KwwP498R/YlMc8enRzYiiiHBQso4dsbsHAB64PFehhcc69FqMZvmSSV2rNW1Sd/dTbtZaNrc8DF5Y6OJtOvBcs+dJQm2opr3drRemqWmvW7R8z/HtHsPCeuywKY4pNM1beqqGRN0UhI3AlfmOcHJxng18Dfsz/ABM1r4VftQfBbx7oNvBe6xoz2dxZ2t7hbW4JZA0MhJAVWXq2cDsRzn7A+Pnh25j8O6vBH4g12W3tNJ1APFcTLtkkWNgwYghiGGRgAjrkkjNfnB8P9DttS+MPwz0u5uLto7qGJJSszxyJH8ofY6MpD843KQynpzW9KDq0cRGanByhKCknsnGz5b2vorba2SVtD1sNCnSgrShVje8ouLikoxg7PW7002027o/qG/bT/b6+Jnxi/Zt8ceE/E/grRNItdRkge41DTr6GeW3SGZX8lFVz98rwSD357H+c79lHx5F4U/bY8HeKo4YJJtNv1voUursWtrK4tHUQXM5IVAc4dsjDHA2nkffnxj+DPh/w58MPEuo6ZLr7yNpz3IW91S6uLZnQ8M0LylflHChhkD+HsPyq+EfhzTde/aG8OaRqcLz217BGLhUlkiZibVjkSIytndjnOerDpxOHytUsHiMPVnJ+1ptKUtZRUko31etklpprpp1MPWwjpzqYeEYxhUftIxTjGTUb6Rb/AJbLVWvsj94/2+/j5qXxk+HWmA6XomkW+gHU1njsNeh1F5Xu4JHIVFkdiodRwCMA/Kc5Ffgj+zHew6T8cPC2oahqlvpllbvfyS3VwypFArtJgysfujJ+8f4ecDpX6ffG74JeCfCXgHV9R0fS7y2u4tAkvEnbUrydFuShUOYpZXU5RyMlRkHoc1+Y/wCzvYWmqfGvQtKuLWG7hvI2iltJ1DRSNIjEtIpGB8wyV28gYBya0weCeCwLwjqOpT1cZJctr8rs1zPrd9XbS5nTr4eo6lWjS5FH3ZJ2V5Wi29NNNuvZ9T9Hf2pPiZp3iD4QarZR+LdA1SWPUtOSwt7G6WW4ZFkQLLsUgbDgElunfkkH5N/Y6+IekfDz4v8AjjVdZ1eKyt5tJj2vMrFZ5zsIhAUkrnluvcghTnP0F+1F8NrHwp8NJ5otJsLZpNU09Y5YYY1dY2ZSYwyrwqnjbn3ya8G/Y18J2Hi/46a3o82n2V8x0xHigvY1liEgkjxIwfIbb82DtGR2zyHTp0aeFq0+aTg7vpzJ3g2r30tZ7+uttBKnUhOag1GUveTUb2XL2Vt9E30bt0b9m/bQ+Kvh/wCI1l4Gl0XVbO7lt7y9S4jt95MQkU+XuLKOTjJAHBJ64ryz9hj4laT4AHxGF54jn0Ka41Cz8maKxe9SZkWVWWVY8lV5JzjHGc819K/ty/Cg+C4/AStaaNZPc3t7KRp1pFbq6hDtV9qrkJkKCcnB/E/MP7E/hefXbv4lW9sLSWRtUgik+1QxSBQjOTt3KxBbJDEEAYI5Ck110KVJ5fFKUlBzT9+3N8aum3a/rbVWVjCUo+zcoUlZJtxdtG5JK1kk3q+iXTye7+0/8QNL8UeLdEu9P8XPr4XQ7hZL9rB7NopXBb7KkT4ZhH8yg9wRjA6ct+yF8YrDwBaeKrSfUL5Ly/8AEFvqFkqWs89piAuW+1LDghnyNis2GGTjArtP2pfDkmleJtEhnt7C3YaNOyLbQRRxIgUAM4RFBYkcueeQSTkCn/sSeDP7a8P+NruKzsbqS38R2gM1xDFJ5cCvISiF1JAkAHGQBt6cYpUKUKlWdKTfK2rt62jGSe6avZJu6XpZF4mrUp4GlPlTaSXKvda1iviastW2lbTy1vH+118TNL+KGq+DNYsruS4kg0bUxfItnLZKjEIPJt4Jvm2qV4bkNnnjgfV37CH7XHhr4WfBgeCLzwL4m1eZte1e8fVbG5eGyaK6ChI2CqR5sWMcnqw6kYr5n/bX0iDS/GngoWsVpYiXw1eAx2kUcUfCD5ysYVC3HXuScD09Z/Yg0ldT+E1488i4OvX6pmNHBCybipyCRnbxg4BIzxgi8RlmFxdNYatFzpQqKcVqndO6V7tWd3dXSa06XfPPFTo4OlVjG8mknFyeibWqaer87LVq/U+W/wBtj4m6L47+Jl/4gh0bWtHjn0mzt0s9QaSe5eWOR2F074BZGLfKAOmCPb7i/Zq/aN8MeGPhF4G0R/C3jG9ksNAEElxbwSSWkrmRj5luVGCFycgdgcDjn4Q/bkiWz+Jl2iyKwg0e0QAIgYocheEUAdGwOhyOo5r7n/Zo8L2d/wDB3wJeyySof7FV4EU7RnzG+Y8HCkg8cYwO3Kysuw6qww8o/u6NOPs0pWtGKSirpvbVdbaqzRrXxFX+zKNTWMpVLyWz+btd+d1rsfEX7X3jqw8YePvF2o2Gm6taxvpWlv5Gpo0E6sj5Z5FIIw2SABj2PNff/wCz18UvE1n8H/h/pNh8MdQvorfQY44b9NVjgS8WQyB2VWjO0En7jdAD6gL+eP7Xtu1n8QfGsaHds0bTABxjLORtyOeOh56A/j+p/wCy1pM9z8EPhnLMyhG0BTiTcjAqHKlW5zuOc4x0HGOT6DoU6kI0py92moxi5N6WtFXas9rt2d7baXOWtUnSw9KpGN3Nq8dddE37ys3562R+Jnx21a5vPG88t1pjWlxB44mkaF5hIYjJdbjbs2CjEHgnGMkcE9f1R0X4l+K49C0i0i8L6UwGlWCRob0BHhW0jUF8rncy8gD7p49cfmR+0RaqvxN1lEXCD4gMgUHcMm4Azu4bLk5Jzxz0Nfq7p3honRNGl8g8aPp+WFu3RrKIgNgAH14G3GSR0BidD2kuVzUlGyu3unaz3d0vPfRop4iVOnSla3NFPltZrWPMu7etnt212PyW8Q6he3XiTxjb/YoRPd+KYWKCQFY5WvMiJG5ypJ2AgZb3JOf1c0Hx18cdH8Laatv4G8PS6bY6NCH868ClrWOyAMjjADP5YYsASSRj6/ldrEMjfEfX4IE3KPHmm27/ACkAH7av3u/HGQfXgYyD+8sOmXcXg+a3nWLyo/C8sif6OpZiNNJ4PPqDzwcHpjFVhaN/actly6Jp3/lt1tdWtfW3n0jMazi8K2ruT5k2k7awaVk42vfo93s+v4JT6xrl78aPCWtabbWceof8JsL21tpButlvVvg+wgYIiSUepyoyT1J/YLUfir+0FPaTmeDwoA8Nys+IWESgxEEr8/JCnp82CMjjBr8nvDtk138bvAKxxJ5T+M7hG3NtU/6UcgAkgc85PI6Z5BH7S6poN1DBcxpZQeW/2hFYTp8v7qTJwxJGecZzz0wdwJQw+GqRqyrJc6b5b3vv16vW9l523tcx2IrKph1F6OKbupS1bjol91/e0V+u/wCI0dx4kn+KWiywNZpqD+ODPEdpEAvzeljIwPSPzD0OMBfXIr9S/idqvxnm+Gfj2TWNR8Pf2cvh65GpwRo5lmVgFH2c+YFDbWAwQeMHBr85tEgnk+O/he3aKII3xAljZCVAIS/53FsAAgckg4XnrX7A/G+zdPhL8Ul/s2KONfD87LNHIjjABG8kEYXd0AySM59pyqNN0MS+VPkclG99NFZu711t110v5VmdVrF4OPNpNK6kk3fmhaz0tqnts3a3f8bf2dLXVr34reH4dBvV0zUhpczWt1IN6RMFfdhepyN3oQCecDn7G+OmlfE+HwDr8uqeLra7sYtOZbiAW53Tq7DKA9VZiRkZJ6da+Vv2VkYfG/w3HhE3adKMhhn/AFbZLNuwoxx68YB4Nfof+0XbInwm8WyIInWOwO+USR5Lbx90Zz1wML15JHQ16eBpQWErVHGMp3lG73Vopt7+uy107K+GPnN4zD04q8JezUvcUmmpx2dm79tVo3fTQ/MT9nHwvrnir4nWmm6Rrz6Lqg0i4aLUUG5oVjO3YAMYBJw3XA5OAMj7S+KHws+K2h+CvEeo3XxIvLixstFuZbq1DErexjIMYIJ2hwPm4JGXHbNfNf7Flwsfxyt5J5beKCPw/fOWmZFUnzAACTgD15JGD3Pyn9LfjReWFx8LfH6C5tGkbw3dsrRTRspxnCqpOcgZwRjknnHB58BQpVKNarUbvGTs97WjFq10+r/RF5lWqQxmHpxvFOnS5lJRekmtm02tNL33Py1/ZQ8Np4q+Js1hLe3tgU8M3ErT6bcNbTBlkX5PMjKnaTlmUc4XqCMJ9n/HX4av4Y+GPibUY/E3iC522aPHbTajJLbzkHASZWY71POQ3XjoD83y3+wupPxivjJIkcaeELlpHfauD5qZUFjgHnnPPPYcj75/adaN/hD4taExZhsVYsrqGZR0ChmJ43AZUnI9ec9WFjCWFq1Glz3nq1uly+Wjbbu1Z/gjHGOX16hGMmk403K2268r72V07q19b6fn9+x34f0jxb478XWuvwT3NvFoyyJHFdSW+2chVXJjdd23nG7Ix97Oefq/9oH4ZeDtM+EHjK/0y2u47q10sSRk387x+crDlo2lKseOSRg5zkkc/LH7C19HF4/8dS31zb20f9ixqjTuFXeyjjcT1PBI7DjI7/bXx+vrK4+EPjWCG7sZ2bSB/q5V3HLDGB1OcjHUnHcjFctClh3QnUml7R8yTd76K6S6ba/J+Z6FaNT28FGVoe77vRXs27a6u9/LRtdF8XfsZ+F9E8TT+KotchnuUs7bTmiC3UtsQzqxIIjkjyeB1AGTgn0+iP2kPBvhTR/hL4ru9OsZoL4wWoSWS5uJkjJfhlR3KbguQDgHOTnKg14v+xhf6Lo9940fUL22t8ppiIJiCGIDEhRnJCDk4IBzzg19B/tQa9pGo/BnxPbWV9Z3FygtgsULKX8osc8ZBORnJxkgE9uahRjLDTqKK5nFpN3b3XW1m3ZPpZ9NdFVfLiYLmslKK0u017jdtd/kktrr3T5G/Yt0+y1Hxn4htNVW6uLWPQYSY47maI+YwwMNGyscAYUbyB05Ga/Se78B+GpBcS2v9qwtBp07xiPVLreCICwBzMSRkYIyQSRlcV+fn7DFkzeN/FTytHFHH4fs9ruRtBbdgbjxgnGDkkjORzz+q32OzhL+Xc2++XTbkOJCi5b7PLwvJBzgnoe+ODxwYelCUZuejVlzPSySSb11V3rp0u77I6a75Z0VFvlbjeK7Jrpfe8m+l9l2X4ueBtf1bRvEc15p2pX0V5YeJr1I42Xfb7ZL14o2kXGXcDr1I+b3x+2XxR8f+NfBn7P+ta3Y+Iy7DwOY2s7myVoCupWqx3SAEZwwZwpByCTzndn8evBXhttRvdYuo5oIpU8bXSKpwjSououQQcYK4b5QFzkcdK/YD9ofTEX9nnXtJihS/uJfA9u0cTyovlPDaK7MeBhBkZYdQR14rkzDCpU8LPnu224q17K8derTdlfW6sux34WqnKcJRi1ZJtpybei1trvv2unqmfF37Gv7QXxI+FGneLfF/hvXfDOn3F1ptrZNperaZHcEWhk86S7jBZW2KzNkjB25A6Cu48Vftk+OdS8ca78RdF8a6bo/jGw0MeGrBrLS5X03ULa6+e4YI5cIBJIzEAqFydo4AH5Y6f8AD7x5qEVvfrpGqx2stiqwnTrybZcRopBxHE2HQKSCuMEcnGSaqabqfjbwZdSWsdletCyv5ltqMAdg3RjHvRmyF4GWUk8ggHj5bHcPVMTUnXrzq1IzS92dNSSilHRJauLs9dHG+7PqcFmeBo8tOGHoxqRSg5xfvSulvC8LbpN3k9L63K/x7+Ivjfxr4/1zXfHGqprXiPUvs4vr5CywzQpGojWKPnYqqAuCOigdcivJtJ1loDJCqjywSxUEkBgMAgk7eox0ww4PSuv1/wDsvX9Ulv7y/azvWQrJDejYrMRkhS3TDcLjHTPXisGLwpdiGU27xXAZtyNFKjKyluQMdOM4zxjBH8O7OGGw8KUKKpxjGNkobJWasrWta8ddXdaW3CvWqVK0nCai3JtK700TVr20b5Urvf73NPdrcWM0743vcROCAQV2kcAepHUZzwM4INcdefI10zEElg/IJYAkEDnkDIAPTkDtXRXOm3lnYTRzxtG7TphSxCgdQc4OMg4wOOeABxXNagk/mTiQYUxRnCsM4wRwec5xyR0OB8vQdlKMNfZxlyx7Wd7tPXorad9mt2kclTmXvfFKWju7p32va9rXS692rnX/AA+kRfEnh6THznWrEtkY481D06Dp7AZboK/YvWZQxs2t3Uk2MJcKu4Io2EggD73XPOc8n2/GfwRJGnibw4McjUrPhiF+YzIoAIAyTnnHUn1r9XtV1DUoYlljsLmOJbaENIoLA4C4IGd20DpjGe3A4+qyKcIQrqUoxbcXFt2bSSeib62u19/n87mVOrUdLljzqKjey2+G2/qrp9TL1cEx6gHkU79f0/aCeD+7ckdjgHHHzEEdB1ruLZX+zzH90ykhgduTkYHB6kEg9PTORxnwLVPEcyTy+baXkcbazZSHdE7DaImG/jngEAjPOeSTyPSrTxDaxxtDMXjMhR13q4zGQDkggDg8jnJ43MMCvWpYuhP2kFKCfNprfR2WqbVr2bei6rqcdWhVUYPkntfZtX0trZWu+a3o9EXtbZFVWHzSLf2bjA4BPUKBwM5ycHt1447bTViY3fGHlnjCq4AGcKDjtu2kAZGSM7SDjPmOr6laKrSedEwF3ZEAkjLblGNpO49cYz13YHavQdHu4GupXcMqrcRsGbJUnaM/MS2DyOfoRtAIXJyg6lVK0vhtZprS123rr1fZ30a31jGXsqe8bprVtP4k3eyva123bS1utyU6MsuramGKho4tygA4IOGJGccE8nHrnHGBB/wjNvrHiq/t7iMMkeg25X7pBZ1IBBIAI4OCM44zkjFL4uv5bS9W4tpFja6RlXDkK0aMF6ZHUbsHI3AZAAOa6Pw/crN4juZCqEnQbLJzkGQIVbcc43E4I449xnGFCnTq4iFOdJOLqbNaNNJJLzTs726jqKpTpyqKbVo2snum42at1S1u7b63R86/FDwJa2C2CxW8REysJQ0auu0kksDs7/Lg8Z6g5NfMmoaDafa2txaQqwlKq6xpGQM88qAeM5GDxj5uOT+inxF0dtVdIYgCy2bugIzmRV3BQfUkE4J+nBNfn3rUt5Dq14k9vJbzQXboVcYOQ5VSAwU4IGBjHTGMha+e4oy3D0K8HRpqMJvllyxvFSiot97aPTvZ+j+g4extWrTqQnUk5QcUtbtpKLe1urS3/KxUj8Pz2kkD2F3qFu55D22oXEZQ45IAlAABXJJ9ePvAt0lp4q+IuiCQaZ488R2giZSIjfSypwMjiQtkYGeOoz8w+Yinb6kJvJjYL5icEKGGQc9CeBjjJPfg/wAOZbpUMU9xtLHdwpyBuGeh4xzgHjH5c/HvB0ZRfNFJy+JW2soqzaT6+ltr6s+mWJnCqnGUl/du0krLe2rs1tq1azbZ6vpH7Qnx90eNDb+MJNRt1jXamowrNvCgEkkIHI9iT/dPXn1LRf22vjNpkVuNR0Dw/q8cbAEpaSQSuFAyAd2BuweRgDjHA5+UTrggS2DWYIKEfewDkHkrwowPQgcEdMVq2msG5MCrZ7SWIBwCDzwASQu0Z6dsc8GueWAwjekbT0WyTesdXZ30utN9r6HS8bX5ruUrNp+9ryrTfr2063vvt9v6X+3U8wQ6/wDDCeZ3k3SSadqPlbSTz8pBORjjvnOSQa73T/2z/hJeuH1bQfF2hOOTsaS6CED/AGFBwMZzyDz6CviLQ9T002UdndWMcknmyI7soLE5+fgYJGCwHbjoeK0Z9L02RXeCxTa25WUgEcqDx1HXnjAPbIxVRya0OajJcr6N9bJpLd6aadH1s7POWbShKKm76r4tbOyfw9PK2yb8z9DNO/aP+DHii3e0s/iDNYfaIwzQa1C1opZTkL5kvQZ6nK54xzgD1qDxb4G1GxgOj/EjQ7iWS3wlvBq1u/zeWFULkgjcQAevfBJHP5EW/hHTbm6jQWiYe0nYK8QYlgjEYKgZ5K4wOuBx1qKy8B2os4rqJpoZg8wJhnkhZdudu0IyngAnAI5xjkDPmV8FiotxSuru6votLPl2lfTu7pLod1PH06ju1tazSUVd2uk7X2ffc/WFfBOm/Ea7TwzrEb6yl7BIzi2u4X84AEod6sfuAg9ARluOgr5e/ao/ZZtPgV4R8FeLtHury50vxTqk9lLpl7EZXsJowZB5Fwo2lNvyqQCd2CeeT5D+zf4G8Q+Kfjj8PPCUHiXxDp1nr2sra3txYandi4isDjzxBmQgM0ZbsQe/BIP70/EL9hzT/FXhaw0vVPij4yuNL0DUbt9L03V2jv7ZFiDHKKVZxM6gBTuIDHqcGvElg8RKU406fNJaJXtK/u7d+tnsr3O6eZ4em6HtWox0cly6uOluuj1bbbv36n89Xh/x5408GSJqHg/xZr+jahAUC28OoTqmF52mCQlCpIyFC4PI5Br7K+BX/BRf4u/DC5gXXIrTxRaw3q3l3azk2127McSssy7UXIJLqqknvnANe0a3/wAE7b/xodXT4aePzF4j0i0uNQn0HxR4dudN32tvvY7NRk2xEOqFo5O4xjBOR+X+ueGNd0LUdS0m/s4ZtS06+ubK5lh2tFJNbSm3kVHGAwBBZSDtIO72PK1muD5HVU1d+7eTnBtcvRXSaXyTcfNHYp5Tjoz5IxmoqPO1GN1F8rs5Kzi3Z6t2avfXQ+8vGnxe8PfGjxNd+J9F12Dw7ruvawNWGnvcNBLpl1u3YtrgMCH8xs7gcscd+a4nxBovjCfVL661L7drM19bgXOpzyNfS3WxWAcTBmLHb0BLEDg5HX4usPDviGe31PUNK028k/sJBcarPAjldMjdwqTOyEFULkDeTjecdPlrpdD+M3xO8IMsFveyahaRk4t78eblSM4j3KWA28EbjuyOeTt3XEuJw7jHE0bJW9+LautN7K2r+5aXvoJZJg69nh5+7paKem0Xa2rbv05dm7WWh7Ddx/ZdLuLKeNR9nliI8yHa4dn3kkd9pIBHUtgY9dqxtmktbyadxJsVCu3IJBiI5wcBhkYBycHOeawNI+P3gjxIqW3jfQX028lKie8ijLQl8gA7YlUAg+ucDqOMV6xpui+FdesJz4T8SWtzHdncLYTpJIqgABWQMGXaSMYOcHkEZqoZ5QxDvdKUlZq8fdvbXtpbXV6rdMKmTVKcYxjacU7Wb2StbfR25vSyS9PMPBE0P9v2UaK+5WuHDcgnAbIBAGVz97HUA1T8MpFefFeKSVdsRvbzIPdkyMBiAAT1x3IzgkV6BovgfWvDmv2t5eRGWzhS4zPF8yjfkqSqg4ABG4nBPYYrifD8AT4nxmVXiWS7u5Yi0ZUlHcbW6DjOcHIOMElSMBzlTrRpqE483NGTba0vytK+id783re9tGZRp1MOp+0pzS5FZctlKzjy63s7Xt53WvfB162ig8e31mYsW898khYju5PzHAIAbtjHPHXNUviX4WtJNU0cpGyf6BLtQkhcxMpyueDjOBlgTycgDI3fGAuYvGmryorOIJbdVIZcCRTlfXB69M8AEkE1Prkt5qB0qW4dXuCk8ShsEqjBBxxjOBgeuDzgiqqunGlKjypuUk+ko2TiubdNJ6pLr16szpQrOvCumlGMLcv2kvdVr3v0sn177szbbwt5WkW0zxnaRG20qCoV1YKQACQzY567s5OOp5ubQVS3lKxFPLbcq7Q2cknsARnOOqscA/MOnuNvbRSaUqTSRlo7aBkiA2lhkg7ckfdI249cdehfLoEFxa3TFfKMcMDKuduc9c4HQEj5evToQTXzuLwFOq7KKUpX6bJ2tvotVdd9n3fvU69SCUlK6SiuVte8rK91az1WievXyXzzDo6zTmTY8cgYKGRWUqVACtuGOcYPLDjHrg9loWu+MfDU4l03UrhohwLa4dnjKjGBhs4GDxxjcoGSu4V6l4U8MQG91J9TWERJHcCASt8u5EABX0Y5wvJBJ4z96tHxD4JtdNs/DN5bSIzavbTTzIriXyijdNq/cJxgFsgAk84IPyeJy6dOUlTk4u7sttpLdbJ2t2737e1Qxaly8yaTVle9uZct7pvqttOtt9tDw98bwJBb+I9M2MvyvdQqXj5KjLKR1yCx5J4IA4Br1fSte8LeI4wbG7tjMxDLGWWOVCCWJKsw53eo5HX7ua+brrRXtIwzxB/MCMPMUHJLY4b8OmTzwfer/YskQ8y1MtpICeYmaNtoGc8N0yQDkkH7pHQV4NX63hm7ylJJX5ddVomrprVOLcde2279WkqVdOyT05mkub+VqPLpe2uz116p3+sDpAzc/ZiJFnZXYE4JJA4Ug4O3GTgexOOK6/SDIo8lkJRYEXLYV4yHG4g4OQQQDgcAA8/Nj5P0nxf4s8PrG0F415bqq/urn58jAyM4y2COoI5HpXq/hz4x2UkkcWvafJYMQR58A8yFjgZJBBxjJJzkcg8YxV088dNxjVbUo2XvXSduW2t1br0SVt0tXzVst5+ZQtLms/d1dmo6ry3v00SvE/XjX/Guj658JrTRbO7t55bXQ9OhkMcoEpkQLvidSSNylTnjk564zXTXuoLF8DNOeaRWlg1zSY7eRl3Rqr+VFuwMN1HUEA9yQOPz28L+MNLnthcaXqNrdCZfmgLbSXYAjfETnIHOQODk+ufoKP4lXGs+EP8AhEZbZIbOBbWSOeJ1R1kglWYlxJyG3DKleRjHBJz9BS4goYmlifbcsebC+zhZXT1Tim0/RXd7W9b/ADdTIatGdCNFN2xKqTcrJqMmle2zUW00mrp+iPBviz4Vn8KfETWdIe6F+7G21R7mKMLHFHqESyrGoyciMybRzjKk5BFc7bxI7qmQWTaFcADOFJHPqpHft0xjNO0Se68Q/FO3Gvaobi11DW0srmS5kX95ZxFViikZiFEe0CPAIzjAPyg161q/hW1iuri40eOEQ3Os3lhbWsZD7fIL7WjcMwIYAYABznvgZ/JM0VNYnEYiklGnKrJKD1mk5K3NZXbStZppX1SstftcPJxp0cPWu6kaMHKavyySsuXXra0m7X0vexi+GVc3McYPzDIBA/2uR3z3wcHPJxX9U/7Mihfgd8PQclho0YIx1+VR6fMBx2BHI6HA/mA0Hw5f28oneCSJIWMchycBsep+6B0O4jnrmv6eP2aGdfgj4BGTxpMa/ezjCr079RnOMZGcnivY4BxMYZ3i5y1TwfK/nVpdOuz0uvmz8t8VoReW4Gzbf1ttu+96adnZW0b6tX9T6GRVPJ+XaOhyeScHPTHXHPHIPQ1bUZ3MuRnJGT6k5z2IJOO5xyMZFZCzFVHQE7j+PzLgjnJwOBzknsDmrS3DcHaBnHy8knB4+meDk4wMkZHT9npYym3FKybavo1/KvT0T+/c/BpQte99k2vW109evzt1vs9Jck4Kj5ghJ7k+4x6g/wAJyTxngFMMTyAAMAEnr2Bxtz1xjrjIzzVVJ84GB7AnB2nORnsducYHPUYHItBsgcnDYOW5OAfTjOD14xXrUKsWtXu16pKMVqvRLZ662ehi4taJW2el79Lq3320afrumIznBBIGGAz1PTGQOxO7H/64yAVOCCR1HYY4Pb1HU5b5c9cGlK43MemAT1O7J/vAYVQO5ODx2BoYYIxwCeegU7hkk+m7rjJBGep5rocoSWqS2st9rb273fR6Kzd00SlJS0vo1dv5P/hvXXchZRISGwR1GduAWHP8Ixjg4BzjIPWoPKQnJzgbhgZwAc8LjPBAAbB44J7LVpwXJ4XILYOMc89OuD346c03HLDBzgkNt5bGRxjnOBntngjjphKlTlb3U9m7JaXa/Fu+7bT1NVa93p6Lvy66W835Wv1s4fKGWC8kDBwAcdMZORyeORnkKfSk8oHjaQcdGyRweuOgwSc5wccZOQKlVcYGMkcDgbu/c46cjGTgZ5OaeUJB+9jaD8uP4u/Rjg+nboeKp4eDS5aSk7rdNpu6vf8AO1nt31KfKnou13vZf8P/AE72IFhXpg553ckYznk8ZGD359gMcxeS64IBJzkkcFR9SOvUAE8EnHOMWtrYGBhRweRncwyRzySoBPAxgdeCWZtbG3sTgc8sNwKkZxwMAhhjpk4zxj9WSd1T5WtL6NJXTTUVe22l2km1r1JWt2ppKTSlG+jSs07Nvo76S6XIQpAHyjdzzjrgEnsMHPXt/KmEnbtwCeRyGwOSeoGBxz3HPOByZzExzhgWyF+bgN15XjocEHPXGd3HLTA2R1OOTznHcj2zjnnp60p4eT5fdk23o1ZXty2b2t3t8tdWtKclG93Fyt1W+kdL30Vn+liiQrAgdhn+LnBweSOBuwMDBJ5GcGnxoTgDqBnhWGct6nrxnr0wSTnAq8kA+6D2BIzkDGfTDYzkg9SRz0JMojIGCCcHjd1HvgYyTyenHP4KGC5pq6laDV7Le1tF5aJeTV99tfbSimla1uz6pO+zs+mul7lQKQflUkjO4Lu6/XnIHcg/Lj8lMYA9PfA4JYHHGOo5ORtxwcc5tmIZ3cZxg8445xnPGCd2eOpyDzilZA3JJ+UZO0cZ6A+m3HHIzuzgAc16f1ScoW9m0mk1pZ391u+34K76vRnO5pt3dr2bturcumrurXS1XVd1ag8SgnOSG4759cnAPGcY6g4wcDrXaI5IHy8gsQOmOgP+1jaCD1GeeONcxq3HJwOoOT7k5469Prznmo2iGThSdp24+UZPGMjtwScYxxnGBk4VMCpRkuX3ra6N22bS8ntslq2ti4VVGUXzdLW7/C9XdrXpp6qxjmIEcthsk55GRx1z3HXGDweFOea7Qbh8uc91YgD05OQOTyDxjrwM42ZEAPOOQACRxjK9wcYxx6fKRuyMCPyVOQCdw5GedxyRjnnAAJ45xjr1HiVstbvH4o97avVWWnS278raHXGvFJSvbpdPo7WdlpayXk7PQyWhkUAkDDZGMjjGMZHB6AYI285bOarva5JIXjIycfKcc4BI4zx2+nQFd3ylAIIBzxxknBOD7cY74A+XOTk1EyKcLtIVQRnOM5x15JbHp2znpkV58ssgk48nvNWTaSt189dr9Wmt1vTxMdPe0tunbdrdJt373T63avZ880G0ngbuMgHIIOeT056ZB/izxkc1mizuyQOq44I6ccYzkdN3U9OnXo5IkY4AAB4x1GM9MHnjPGCflPTnJpSW6kZwc5OAO5GeOvTrwT29s14uLymSvdafCtU/5batdlrulffY6KeJTd023prdd1ovOy9b3RzklqGJJXGB6grkZIOM5XAxxg54GTxWXJbyoT1PJOF4zngkccY7D36HJz15t/lIHChj9ffjOQeg9eoGScGnLanLNtznjJJ4BGc4Cjjd0J7HI5ya+bxWUtP3YK+mujata99/XRK3bqejRxrikrq178rd7u61vdatu99duhyLJgncODgjPByeg9eMdP8AaGM4p+wAg7cHGMnJwOgIPfHT2JJ4CgHZntTySARk/wAGQPdTk/N6nGNtVmgDKQAw6/d55HIGMdz1x3PArxKuDlC8WnJeSd0vds2ra7u6s/Np6nqUsWpLR72Umn6d0u/fdehjvGAQSSwOc9QCR0GVXgYyCe4GOnFVXABOOQBwM4HHORxzjkAd8DPI52jEQSCMj6/dbkj5SMj1I6kdqgNryRyDxggjGD0wTk5zg46+mD082dCS0UdU1fWy+zpptZKyW21+t+lV4WWvK0l5X1TTdui7fluZYyBkH5sA5ZeQfwHI4GRgN6HHFTDhThcnGckAEY64HXOM5B9PXrqC1x1VmPy5yPvZ4GCenGPyz0phtgSzBsED3YkgkHHXgc8c/LgrgjbWXJUhsr7Wbu2+a2/S2/n5aFqvCX2rW3bu1d8ulr7XWifnfzo5O4ZJxjBxjkdR6nG73428nipkYZOByxAGMg5HIGP7uMDkjjjJGWoMTL23YzweO33gcHHbhuDjOPVyJtYZVuQ3ODxjGRjJY7hyMZ7ADGRVxc9N73XV9FHs+/aSenV3BtO7002a63Sd2nuk9Ouj02ZKsxGMk/3SR8p4xySx5J5wc8/3jwDoRP0JGDkk85JJOBgAcYUZOAeeuCapxwEn5gwweMcjB4OQCOSDxuGM9hWrDbh2BAJwSAASQcY579Pz549a97ARrTSfveW7aty3duz6b79lp5uIqRhe+ut7rXqm7q60vbq+ndJyq5AH3h7gjI4UjAB5A78Eg57ZxYWdlyByBnrwwxyGGOOe+QSewNAgYfwkbs5yTkjsck9OqgHjBx06OMDkjB6jqxDD64HI4GVxyMdOx+ooSq0nHV72utErO2r1+fzb6HmtQla7WtrXtvpfdXW+vo7W2LUd4XXP3TjncMdAM5P8R9h24PQ4m83cpZwNpbdnnkYGSB6A+xGBkcgVDDEwUlsNghuDwT1xnGd3AOceg5bmrKwqWBxgY+XGSvzY4weffkE+nPT2sLXrNRTu46at668ulrXTu1re3zOWoqalZXTbSTTukuVXfmr6v1s+40HgHnAGAMgAe5Y5bnvkZyOcdBJwAF3Bsls8nrzn1yox7kYweoymwBznGMAjOQTnaQOcfNnjJ65ODkCrIiXGWXOemSOpwAPpznnjGQc4Br1ovnvpZ2s9mo2s76a6N+Xlsr8rUU0ndpX7a35fN6Wtez1vu0tKbDAyfmJ4ByQMDggYHIBIzgHk571XMeenYexznnJPfPYD8M1pywJjcQRgngkncWOSfmzjBB9hgcAjiAxcZxwRnI4wwI2jJyAOOGGRkginKhaVparR922rPRdLJvfqrta6bwnGK91tvoneyaWi3aV3o7O99+jKCoSB8pPJHYkbeM454z3I4A/Gl8tQRkEkggHHQYBHOBgHjBxnGfUZ0UhbaRggfxAgZI+vr1AAz+NP+zj5+g5HLA/d9fUZ4JBCkY44yKuGFUmrJ30sn/269Xbffa3m3qyvb2UU/K/K76txdmvR7a6X16maicEMAucKcgdhyAcqFUYOQR0KjJ72lB3DkqMgqGyQcggY7LwM4J5IAxwcWPs4I+bOOCBkfgM89eRyck8EHvIsRAOexywzu4GWweAcnPQcg9yQDXq4fC8sbOOjlurNu7jZbaptNau70WzSWLxF20n72j1u7RTjulpd31+FWta120xSOQoKnIwQCcZPAx3BHXHUEdeMY/jfnwV4xOBx4c1U7fcWkoHQgE5xhhy3rzmtwKABx/EQmdwz0z0xk9iTnrxkEZw/GKhfB3i8EHB8O6sGbp0s5FOeBjOMc898gV6Dc6dDERim08NV0ffk81ezS2eujt5zRTlisI+qxNCSdrbVqfXTdXu9db9bn4q/sjNPJZfEuSULFDHrWmk8Llt2oXO4bsnB24PTOSoGMZP1h41uo18RXdrEroH8OarGJdykmNbRWWMH/ZY5wwwcEN0zXxN+ynqxttO+JyNHNd6hdeIdPtbDT4lJWRU1C6/eAnICoRljnBJ68DH129lqT+MpzqUvmPP4P1G+mhkH7m3mntijQoP9kLwR/ESAcYz+B0MUowo06fK5TnBzkm3y/vH7slZ2bTbVtVvdXP6SxdCDx1SpVaVqLUIu95x9lhrtJqyjre+l9baJn5UeHVjj8Z3Ia5EO2W+3FiOd87qck8ZYEckZODzgc+p6lJappkw+3DcDMFRJU+YEZOcADn/eByQM9a890bTYZfG2opIqsnn3uDtDLuE8uASM8c9scE4OOa7y60a3+z3zZt/3fnYXZk52jGOR94ZHOQQOoxX01NpUotwv7uru9rQd1fRb9Lraz2vviOV1Iwd0/c1vfZRavd9dr6306ontNT0oWJX7TIty1iqACfIZyu3aAMYCg9zknPArE04W40+1adWd3W42sZD8mJHznaOe+CvXJPUHFj+zLWKC2dY4XDIMFEbJZl6tnnOSe/YEjji5pSq2lwxSIFkzOVPknA/eMeuGIPoAc44OTmnOcVGEklHtZ6SWi1108no07r1xhGCU1GUldptvz2623enXS6uQafc6cNYmSdreGH7MqrnLCaTjG45GdoOcsc469RVJ9VsJPEsNrBeWyk3VqQka8s4kAIyFIJxgc57HjhmLqIwXe7YCzDYubZyeR1GSdzZ/Dbz8xBzylvauPFFlcCFlYX1upV7cqflIJOQuQe549ecCrw8m5XfKvfi73XNZuOmjvrtdO99NSamHjLmcZSdoOydrP3Uuj3273V9GtDtP2p5BN4H8MStLnzdZZwST0hhVCVxw2duP7uB1PSvLrW/sY9EsEW5jElvDBIqjIlcvHkgZ5OD8xUHkfNhuDXo37TYLeAvBgCNhtTvDzkAcHIyeoJ9sAYx6V5W+lRLpejSmPZus4yxJQiRzCAW6EqQCR8xycZ2nrXo4fExjjq7fu3hFK6do2jF/e3srJ2V/M41Rvl+FjzXlGvVlJxSS31TTa1va97arRHuemXK3XwS8TME3E20/TIx+8OMg9M55HPOfu5r85/GUCuGikjVdrWy7Q20kNHjLHHPrjgA5HBr9ENEVYPgn4iiUncbd0LMC4xI+efU8jOQD9Sefz38TLv1e5ilJZo4rVkyMndtBB24Oc8nOOSQvJODw5rCTippq/I+V9Entvq1y2Vr9Vuz1MmcYTqwje3PJNbtPlg7vS6vbXZtu2q0E+G3gHQfGXi3+x9Skmto1sw8KwgF5biECVQT1xuCkg9RnjniL4jaFZ2fiNfDhuGt4be6tI55oo3CSbgAqo3R3UADaOpBHPzCq3hrxjD4T8RXeoIF86O28uGRxsVZ3XaABnOGyV7EckDJGPctK8WfC6HT7nxP41gl8XeK9SjQaL4X0pA8enXUThVmu3IOS7kEFiMDsSMV+Z4yWLpY+U1Ko6LjFRSaceZK7Suna+l22ktn2PrufkXMoufwrkjHW90m73Ttrq+iTsfQX7NNvpWh/BD4iaRJqCwpc+JII/wB6n75EWMsHcZypcZGMkHP3CAN/5veJLd9E8f8Aiq7Hha+1OCXUrmW3vIwEjaOOUnzV5LbOhy2QOOwGP0m+GunQj4B+PNdbRzpS6h4gF29vIwaW1YK+EB3FvlyBjr8vGCQK/Jydda1vxb4jjGp6m0a6jdbwLiQKtp5nzRJGDgBhgqPTB55I+sjTnWwGCnVlyN0rVJe8mouSfvOOjeuj2etz57BSSzDM+RKSlUikm9b2hot/hSeqsnstbW7ix8ZJeX13Pe2txpdhDGzSsQsxQhSOUVeSAcjOeRjtxW8SatpF5deFptLnu7uKG3kT7QisGa4Z0ZQDj5dpBBAO4LjJ2k7eam+GEF5JLDYXl5G8wzKklxIny7CxdhuYnJ5IIKnONvHO9YeEdBt9P0Wx1DUVsre2eUvc+cRNNMrhJAHz8jMOnUADIAGAO7IsHQpzxLo15ScqM1K65o2k0nu+ayVt3tpux5rLkjQnOmopVFZJpu/LJ72slaP8vSz88Xxnq2syzWV1eaJdzXDyktdi43STJFgRgjJIAAwQccY7dYbvxJeSeAdVsDbNbibUEMTTzqC5GNyFSOCMj5fyAIJNz4h6Jpthrdgnh+/utS00i3Mshu3mWF5RmRVO7HmHpz0yeDkE1tc07Qx4O1ZTayO0d3EQzvIW3Phjjk4Jbjvnjtkj1IYKvSo037SCpupFxtTkpuN02nJ3eu6dtdbO+pjHEYepKF6T5vduua9klF3+Hsv5dXo7ts6L4f6njwbq9peyWObgTAQySpuTCja6hcbgQSQxwOcjkHb2ek+K7HTNBlt99rHE+lXMGyCTEkzhWAyqk45xkjOApHXiuJ+Gfg7QbyK+W5spZpItHlvY1Mjsqs6AAMAeQoBBzxzjkcDu9O0TSINIlkXToY5HspPK8xGZ0YiRWkQkc5wAc9CScDgV10spqYqn7T2r5I1FVcuVXXK4uzeltrqys1rfQ4cTmFDD1uT2L5pQjGyaesnCz6PXW+lmu254v4e8UzaToWswxaI+s2stvNcyx20bOIjHJIxMzjIBUEbsjIXPcZrC0H493Gk6pDNY+GpvPM0ERjgnkjiaJSQsEuMBgCfmBB4HHqe18LapJpmj6tb209tawXS3sNwJkQGVZCwwpPG0kEADpjjtjxY6XJJrlld28saWvnRyziMKI94dl6A8ZIBGepBBBJyfv8vm3SpQU+a6alBpN/ZvKz5lZarpq0krqx8vjKaqVMS6mHaUZqN+Zr2mz0T3Sb17N63ufV37Pnxp1fw7rPjO7h+GOn+N1v8AXxf3UOqOGSyuSUJiVTkMhGByOhPUbgPuWb9un4pJpcmg23wV0DT/AA9OS82kRXKR2hbYAMQkGIBsAkMCCO3avzt/Z71I6be+OoZbhWMms71baCRuRT2APTHXJJ4Hv9KProkQr5i5wCFMYY/e5PA4bbg8AjkE/MSa/SsmyTA4vAUqlSpUcqjlzL3Gk1KKsr3k09G03JW30PgM9x86GY1YPC0mqbg4tzqJtckGk1GaS3s/dTa6NXPH/Cnxr8baL+07r/jTTfBuhxeKdZ8OMi6HdtEdPtbQE58v5VXiPbgABWBwCvb62u/2yP2lJE+yweC/BtpDJD5Mn2ecwu0OADH8jhCpPBB3AkjJPSvgeS+hj/aheSZ8ofCBGeAGyMZKjB45xxn17Cvp+G/02UKqypvCAKpBBDLxkknHUHJ69CMZNdOCyHAzdeU+bmpYqcINSirQjySj21d9b6NdLXZz5lmEoxwjeHoS58JRm+eLdp7NK8tkrW00vv3+VvjJ4y8Zat8V/hp4j1fw54f0rWItahuLG1spyYbi8ecfvroow5cgKzDAwSQOpH1Xqnj34yXSS20th4QheeUuUSaaRVDHO3aJACRnHTOS2enPy/8AHNID8R/hOVMYU6xau7JtGEEy8nj5hjAJPODwehr60uNS0CIyGSWMvlTuKk46cZGc88+nYYxw8LltCpjcfSlUqQVKtSUbVLN3pQfRJt3dtF0ta1k9cdj6kcvymUcNQbnRqaShzOK9okuVOVret7nyt+0Lrnj/AP4V3qVvrMfhlLO6v7BJWt0ma5EiToYsAykbQwGTjIXOcdD9I+E/jL8drbwr4fsIbz4fmztvD+m21vK+kXP2preK2RYVldZ9pdUADFUHzAHrivnD9p2+sLrwTGts+/ztYtsk8AIroS3Iyc9geBn8K9l8N3+nr4d0JVmQMNH03llXGRCg54I6DOBySfQ0Usrw08xr0pSk406FFwd05PmbUk20nZadU736MwxGLqPKcFKdGg5PF1U7U7KLUaaXuq127a7r01Kfj74ifGK58Ja+02seE4m/s+/E5g0u581reaF1uI0Zp2CFo2KpwNpz68+Gfs9a98UtK+H9gvhjV/D1ppTXF80CXVncyXCvLcEySbkmVT8xbseo6YGfb/G09vL4T8RJFNbhl0PUnkYcsAbeQjpgc5xyOCfQEV5F+z2jt8NdBdFMyK16yuqFlObjO7A3ZIGe5weDgc1z1MuoRzahh4NuP1ec3q1dqcEotrbTVtfJ6a9OHxiWSYicqNFTWLoxhaC/59tttO6bWtm+/wB/qc3if4/SwXrN8RNHtUFtdYWLSXZxH5D7kUs7/eG4EnHUn1FfNX7Lnib4vaFJ49v/AAr47stBebxPfDUcad5z3k5kffPv52EtjgEjHOO4+tjHIkF2JUMYltLs52EnIhfJAIwF68HGCRgFc18j/sztOLT4iGOIvt8W6gqyFCyriaTAbAwDnrnHAzj06K2VYb6/goKFlP23Mry/li0276Wd9rN97GWFx0p5dmD5aSt7BJKnHZyTu1y8su600t3sz6X1j4iftH3djcCX4yqIGWYSJHpSsfKMcnmxZcHbvXKKQAyg5Ug4J/K3RL/xLrnxE8UWd/4mvIre11G5M/2NxHJcxyS5m2oMlWd8O5zxwCMc1+neoveiyvBGwVjBclwUwu7yXJ4K8kk+uM5Jzwa/N/4e6FBd+OfFt1cmb7Ukl44aEgKu+Zt2/HLewPTuD0rkzbL6FKWGjCmkpuSd4ppJWbtzXfRtaJdutu3JMTV9ji5xaj7OEHGUIKNm7JXUUk5W1XMterV7mDqqwy+M/OvvGGp3NnpE8SJbGUCRokB3IcjLFSMMSCRgjnnPqnjn4ha2YPAMeieJNe0u1ie9ntmtGSIxkYAPyoN0pAZfXnBHUV4N4z8O3Wn+LZBY3gf7VNLKBsO5ScZDt7rkgYJx6EV694h028gi+Gcs0atBFYTM8e1WaRzjcQqgZbgnkk7eARjjzI4LCtSU6cXGLuk1fpFb/olZXPUqYipN03GUtYu7vJ3dldvW1lfW+i6D5/GWra1byfavE/iSVYlSKRL292iWUnDsgCjbluc7cAk/KcVu614T8bDwJqHi/Up9fbQEvdKs4Y5brekqzsDFOoIDgjavlMCvKnaCMGsltFt723SZFki82+V2URA5XcpKjAGDxnngEbcKeD7PrGsX03w11fSZdXeXS4tW0kWenSKA6/Zw4Viv92MEkHoWAxk8V2LLsEqX7ulRhJqLbjGKb23dlZO3vJ9b6bo4qmYYlShBzckpQau0o7q2jsrKy0utdGr2v8m/EfxLda0kGnSa14iu202GM3Ul3eOroioPKt45zlwkAGEUsCM9AMmtf4bXd5qtxqIttW1wjTvDN3LEbm/nIVwmN4JI3bQMbSCCOD021majc2tvdeI7K4U3FvKyMLprfLFio2qHwMHoAOgUHjJwOl+GF/bWl54mtYA0ip4dkKHycMsRQ5yT0HGMM3YHHJxhicvw0KHLGlRUZRhtGGjU4rqpXaf2k7PdW1a9XA4vETmpupJuKcd0mrLdK8tErtNXWmljiPtlxDLpF5pmo3H9oabqMF9ciYRGNnin8xVmLJ+9jYqQyscMvy84NfZEn7SXxH8X20Gh3Y0C3vbhILK01SztoYbm2t4oSpCpGixskqgBiycYOMd/nrT77SbdATp4e2uVQO72yvMZFLFiSegLAYGNy49MY6bw+2ny+KNGki06Pa2oqMs6o2wLgApgYXlR/t9M4ytZTynBVfZ1alKEpUo2V9Wtr2WvK20n2djH+0cUqtSlCtK053mrySUl106u6Ts9dVtocHoHiH4ieHtT1GTSrubzX1C5Z7oTE4ZZ2LbwD5fludzBSB3wRwK+4PhP8YRr11aeHfGrW1pdJAuZ3wbeeQ7VAIPEbHOQScZB6KRXxRJqt1aatrCW1pEka6reqySuoVsTPghSw556HAPA+UnixbahqM12Jo2t7cvcWwIDgsRuUEhlAPy8AEEryMD078PB0VCrBtRSS5GrK3uva3e+6dn26+VmOEpY6NSFWN6jtyzStJJKLvd6yXe/R2VtT7I+Lvw40K+8Szs+nsbS7tobpJo1WWETcFGIAIAIO5cMM9hySPmvxX8CrnUIDq+jw2l6VcRSWTRKjptG0OOBgg8bRg98ZPGv4x+Mer+DvF66HqF2L7SZ7HT0nWZzJNEjxIcxZ+YnkgYORwT7+uaH420C/tYW0S9huvNjbzIfMCXULyDYAUZzuKscYIBAxgE5x7VHEUq8VTm4xnJXd1a12uW11q1fVPXdM+ZnhsZgad/elSj7qknpZtJdGvVNLe3meVeJfhza2XgrwVoWi6XdDVbdbiW/jLqFjmdt5likK9VBO0bj83A7EctH8PtRvbe0itrS8u7y1UG4hmdHckHLbdyEsrYPc4PIAwa9m+J6eIbGx8MX9jPLDfq0zhDKqiZdpbBIBEikYDDkHnoelDwt8VbvT4Uj1Xw5atPGjebdRyKrSYY7iSDu3DJJ5HHQACnluDpwozjVWjrTei1d530aTd15+7ZNaX0xxeLrKcJU1zSdKOiTTTtFab6vdtqS0aekmeY634XuT4b1y7ms4bSbTtJuEWKeyBlJRCCIpAv3sjqBkHqSGIPyv4fvp721TTm8i5byWISS3G6MuW2qzbTgBeBk7sA9QOf0ku/id4U8T+HvEOlSWotbx9EvmtopIA5SQI+GMoUggnBYsMY7A7ifkTwvbaXo1oZpjpYvJ4ZJJCwQZG75SGJ6hcAjHXkk1rUp4aniIqMbxju9viUU1o7atLS1vLQ7sDiMRVw7lLmU4yvvK7VkmrJtb7aLXW1kcv8AB+xlf4j28F1aJ5XlvGzxAx4CKSoXaQAC3sCOMeteceJ0EfjPxKf9LjMWrXZhYSSYXbIxAGDgEkHn15ORyPpb4canp1z8QoBFc6fueBkjSMpuc4bOwcfMOvvk4xmvF/EMlrF4v8TM9/YyMdTuxsd0yrGU8DIwDuwCCB0znpXLOFN1pNpP3d+VK0eZbvfS2nW97rS56tLESjSUmn/ebje2yS1Se2t492/Mp+Brnw/rmv6fpPiaS/jjeSEI0knySXBnQRhieQGPBHXAJ7ivaP2mvD3hjw9470VH0omO38N2Tp9jnlwcxIysVBwzbD0znkZ7A+BwPZrrWnSS3VissN3aS8MFcqsyMFB9c4PqBgZ5Ne2fHHxZa6p4s03zr2yKx6BYxoJsEsUiUrGmcnJwvHAI6Zrinh08RTmqijHbl5Vr8PSzvZLTa9+q1Omni6cqdnC/LZc3LdNWSd1bdaNNNK+qbumeIzjw9eW0epzWWoWtu8qxrJDdOsqKpBLBM7h36jdxjgdPb/HuqeHJ/gV4Csbe0uJ0TxPdR29zcb3lxuLPvB5yx2nlRnIOMmvCNU12OTSWjjms4AbkhclCoy4DLwCAuCAARk4zXe+KdYif4OeDLY6hp6mPxJcFXQhirkFiSBjC8kEY5x3xXVWw0ZToOLu/bRlK6b+z1u9NdVq7adjKjinONe1+VQUkmrtt3T10TWve669Wef2sFrBfXOLZUJRsFjswpVhuwGwT9c9e+a9J+BUNxH4h8RXEQxA+iX6HYVJkURkEOwUnBDfUYzgAZrxe2ube+1SeObWLTzQnlqGY7XO3g8YBII+UjHIFey/BL+ztL1nxCk+twzTf2HqWLKBXkGCCAYwvLtjOAOBnJPHPXXhTjSnempWi1q1fmThb0aT1S3dnot+fCYir7WKUrK8tbO6ato9Ekkt+jbeupxui6TeRalcXiNb/AGeSe5CRNGjYYytjzAQDuJ7EHBAPPNfUH7OUOp2nxh+H9/LHBbqPE1isk0aqHaF3KAkBRhP73GSSoU4BNfJB1O3t5C1pZ61Mj6hK7NMjW0efNflGYgGI84OMY5x0A+ovgjrOtS/Fz4bPp+hCZLfVNPupEa/RwscdxGpkmTg7QH34bOMYBOFzyYilBYTE/ZcaE1y7q8l0a2trptZtaK504epVlmFPmqNxjWhdXe7kkleyS2WiVk3ZaKx9Nf8ABSYXlj+0/wCArhfJuAfAcTrMT5a4CHaC3Qtk5XJyCwwe1fI1p8K/jNdabN4nbwx4qk0y6VH0+5ttMnubKWGeR9kkMpVlMfB+YcEjHIAI+qf+CxeqeJPCPxr+Hdzp/hyzuzqngayQF5eeEjldYwOdzZ2LjB5wR1Fbfg7/AIKkeFNF+GWi/DvxR8I/E/hG40vwxYaRJqKQDUNPeW1Qr9uiijTehkJLMrNnGTgYyf0bgyphqfDWVQrU3UmqfvKSdtZaXdm9v8r31Pzrjp11nWJlhoqa5oxS5rNJRj7qSabb6W3t2Pg6++G3xT0vxDpJ0A3lnq1zp8t5ML0z2FypbqYSrxHPHVTyQTznFez+APjN+1/8HI5pNB8R+M4JG2h5I5jqcJjVsiJFlWSQKWyFXf1wTxxXRa3+0R8Pvin8RPDeq+H9fsI7fS/D1za3S3zf2bPNOy7hmGQqRIpJAGSxLHkHAPpcHiu5uLLz7GRBbZG2XKTq4BAZkZWYEbcnOACvPY19VTyjJ8xhJYjC4WrGfNeE6VObabW6ktL3ve6ur9j4etmOaYXl/jQfLFy5Z1N01fRP3u+j79xdI/4KJ/tT2/i6+8TeKPD6eLNfPhS10KOG5sZ7G9i0uCVyk8YVlQu7LjeVOCQT616x8M/+CqOt+AvE76prvw+1vQLSaMHVbO6gub+CS4lUJJfW8keAjqOWU8leOOK+btW183Hj1psCVx4TtFfaio4Alcj+HJAwBySQQQe9Ti/hkjlkvLaCdcAbJbSGQEZyVyynB4I5GTgDoa+YzHwk4SzelWVXB06Ptk6c3R9z3Va6tH3VZttaX7dj2cDx9nWBjSim60FGM3Cpd7x11aurpL73pe1/3F+EX7eP7NPxi+LfhDxZefE3RtAbTPCM9ne2us7tKUXc4YvG4ulG4gsVIJBIGMVH/wAFXPjB8GvFH7JbHwl458C6mY/E/hgPHomsWD3t0sWpxTs6QxP5jJGjb5nA4QEnPOPwMmTQ7rxhdwv4a0q6tpdIt5Ft1s4reUFn+dw8axldy8Zzngc8g18qftXeDfC1l8JdS13RNLudHvLfWbch01S+eHMsyoyrbyzmMKR0IXAJOQpBFflGYfR7wGXyqYzAZpV9hh1zRpVaUak4xhZ2VS8VZrS7V7Xu77/aZZ4lyxeLwKxGXKM1KEbRnenKTaV5RcU+uqel39/6J+HdZ+HnjG41LTdd8e+GTbX3hlPKvZtUtRIrQxAraWzsxCONvltkBj2J7fKvxkjsNJ+IsOiaBqFlqWlaf4Ra7t76xnjubQpJalWTzoSFeRWX5hwyvu5wor8qtHthLZFTJc4NnkrHdzqQ7LkkOr5BP90EcEdcV9a/DzTtR03w9pL2sD6nLqHhK6hs0muJC8LvdyRgNI5ZndywBJ4GcFcCvm+HOAsPw7mE8fHHVa94yi6dSMYQXNKOrtJtpRslor2tsfouY8R1c1w/1f2MKCnZ+7Zr3VHvrbVNLVXVtbI/drxjHMP+Ce/grVEZUM02hIWH3twvYsAMPugYOM565xXwJ4T0qSfxU13OP3GkeIYpXduM/aoAwI6DGTyeBgHr3+x/ilrfiTw5+wR4C8LeKNBudC1OW/0aKO2imW5hESLFeRzPsA5lQbwewJDDPT5q8O2sdzZT6pYsJrXWLrTBHNEuwC4t4kEqNg5VlKsrqcYx6ls/fRrQp4Spyqy9pNLqpfDdt/y6p669nbU+aoYd1MQ+eT095vRbbLy22T699DA0u4Bk+K8uCYzcyKMhSjYdsqeD16YPHuTiuV+KCalB4P8Ah7GcXGlvbXtzPZP84G9jEjdBtxuUKACdwGMmrsNzLat44tZRsjl1SVZyGDZChnA5B2knC9STz2Oa0/irdRLB4D084EKeG7SQREgEGa5jcEjg84Yk49DkVxqE4zVWHSV7ebjFelkul+tt1c73KLg4zatdrmenvc0Um7JpW20Tu+x843ukw3OiapPYxSvp+liyhuCAV+yTzKHaNzyQ3decAnjAq1JqMum6hol9pcjwyWlpDD5sfV/PjKpHMOykhlOTwCRnOSPTtFFpD4Q+K1pNDE6X+p6ekbch4nUrGJE6ZKgkjjGOzdD51p1h9mtL8OovYTqthaJJGGJjAKgYLAkAg/LwDkEAAgg9MJqTlGT87vuuV2a7O+mm2uxyVaag4zTtdLWN2rJ6bXfK/d26PyOr0KS01+fXb2Ix6fqlppslnLp/y5u3YN5k0AJBYufm2k54xg1yXlJct4HhuFULB4ia1MbfdEkcrF94JyvuevfkjnF8VJfaRfarJYS3EEkes2oiuwhjIwqlIyVP3OCJEJwRkehrr9F1Gz8TT+EoHggs9cs/EQlubVSCNQh2kNcwk4w4IywxjJx1BqNIaxbs3r2ukraqyt0W1la/Ql1I1VGOq5bbvVq8bXSb0utLq6u9dEZni7TXkTxTc2+wWp8VW8OBggHzMcMdxwcgdd3Oc8YrmJNNS5s/FIDKktrqOlsoJzktsJyuACM8ckdiBXa66XW18T2axhY38ZQMsjnIB80LgjOQRyDn/eyT0wLq2e1j8eYZnaK70cKVUkZyuSDt7E8Y4ODitKcvdsratJvtrT1um9u+6et2zCpByqTau7RV1vza2fe77NLo7uxwmpabfXv/AAlex0i+yC0kuEjOZJVRQWG3O0kDADDt05xT9I1JbB9GinLPp9zexSC5my8tq4wGQjbkopz1HHIyRzW5CJFn8ZS7mDy29uShIUkbUyzBlOMgkEHnqoA6VkSpDcavoVrO0VvFM7tCRggOqIMTKAOWPTAxnBJzk10x3XP70nFNLRXfLBp/4mr3t1aV22m+ezVpLTXXdNPR9t301aejWup6JeOV8RXjMRLb3OnalJbTKyokgaFdv3egJGcEc59Tx4L8YJbCzTwklzaC6T/hF18obygXMsuS5HAA6nIxzkbs7a9R0S4bT9bubO9/fwywamLSWV97RoYyAIxkDZ12DIHIHAxXmHxQtLe6Xw49zZyX0SeGCUQZDBRPN1xggLkc4IHBz0r0spd6++iV0npZWWjTb7u7s/1Jxsk8LJ6t88dL63tGKum9dnZ2uurbbPQf2ULy0bVfGJs9Oa3QeFZBuWUOGbcAWwMEdOynOBg4avRP+CkYK3vwidnnR08B2eAudwDW67CduBweQ3J6g9cNx37Kljokd94weyt7qCV/CUzyghmJdXQkKOhxjPA64IJr0z/goQkGs6v8LreeWaMw/DrTx+7TDMfKwAT1+6MMexHOQcDx0uTilSsmkvds1Z3pxTV/K/dN6drG81J8O8llaTbdraNyjJdlp/w19T4V+C8gax8cTW09w8ieFLtmaV3Ko6o53JuB28lQD0/KvnvV9XvB9nkGtTNJHKVJa5nJjOSdo2uMBfrjjjB3E/Xvwe8HWdpp3ii5iur2UXOgSxTxBPkVX3I2QOgAyR154zuyKwrn4P8Ahb/RHlsr4W1y+9JBGrSNIUyQpIIAyxCkA7R3OK+rlWcMRUbUXzciTva3ux0ctdW/i11T3Pno4d+xpyUZwaveys3fld1Zt26222SPOtNvZrz4Ga7p8uobvM1q1vUuWeR5AHm8sou92YgcsRzn+LIFfXH/AAT40tdN+LXiSG0u/tNtJ4GuWM4jCrLIQxYE/wB4sdpGfXjJJryR/Cnh2x+HHie1EF35emXNoqlkVcb5wSWA4ACt1II3E8/IRXuv7DC21j8T/ES23nCCHwddiN5Or7lZuWIywUMBkHJywwMGoxlp5fjGuTXVKOrStTVnotr267O7LoQp08dgW7351q31sm09rbNO7vpq3c8W/bchjn8b6dGY5Zinh2ceUoySGuiC3CjhuR15yTmvHvjZpZf4c/CW2ihmSOLR5QBsLsNykjamPm9SQPfGBX0N+2lA1t8VNHiDJ5T+F43JcgqN83mFSOuSM454GT1IrZ+IdvE3h/4WiVLNvM8PRMAyIUQMqxuxGByAxJPJzjjjNfQ4GjFZdldRtXdOMklFXu4P7WnfVK/fY8fMKrnmGOjyt3qNN9NEu2+rWj8u2n5saJpd5bSXEcenzTExIZXETISoONqrjDNznHAAwMHnP1D4kluj8D/hvFZWc8d1LqmqIYnyHjRZXUPt24G4ckgAY5O0A17X4O0XTori/lmWzkYxvFGskETAnyyysuQM56qMZxz3xW74hjg0/wAEeCp3WyIkvdWjSBoR181wSoONrY6E9OQDzgKpToPE0Ztx96TjJK37tLS8b2abfS217tWscqc6eHnBQ91JJuNrpJxV7JJt6dtb3urG9+w3b3FpqfjmGdUMk/h6OFmdkOC8icfKBlix4wCQCy5GBXmX7fWmaZa+PfAscRCufD8guVDdJlOSCTxkEEjPHQ5yDn6Q/Zstbay8Q6uVVIpLrToLho4IwrFRIpw68/KAAW4wAcZAGa+cP+ChN5p8fxI8IXLxyxQHSm81kCs3lfaESVlAXgmMnGPfr1r5mc40s+xkl70IYa6SbbtaL03u72Wlr67aH1DcZcJ4e9uaWJV07rl5pLl9691ra9t9T5y07xbrSabYNZatqUTpbG0SKO8eNFiRMAKu7Cg4HC4HPAxyOzT4heLIfCt5pZ1lnjuJbN5baQK24qysGZiCScjqCDyckk5r748OfBP9nF/DHhPVG8GeJLqLUPCdjqjTx+Z5s9zLboZpioOFUsSRgE4I2kZNZWufA/8AZyvfBWu6nYWHjPSNStJbBoUeF1i2STIGwWUnhGyAQABk8HJr8mn4jcOzxNelPLMZzxxDpylLDQ1mppNpczbtJXu0nZLS9z0cPw5msadGosZSSlCLT9pPaSi9Fbtby/FHjGkfHvxhDoGm6ZIdLv0toZU8xrTE8OVI+aRcPuQDqSeR35r46+J3ia78R+I2u7kMY1VW3KrAbwQNo3Ekgk4x/DgZ6gH9SvC/wh/ZqvdQstL+3eNYZ8rBMuGXfLJblwwOzBVjxg5BByAABn5e/aV+EXw28HQ/a/B19qV3dvaXslzY6oMLbCCTEUkLBVLuysDwOm7aMEk+jkHFeQ4zMfqmCwVfD16nM+eWGdODStJ3ktHdO+2r0aZrmGTZpRoOtiMRCrCKVkqjlouW26v1t0asneyd/gsW063EUkaERzXKNjcAQCcZIGSOOwx6nGM1718C/wBx8S5IFnZ1hsLqUIRwxeMbWJLEEgg+/wAvOSxNfN1vPdy3kb+c8Ue5VCqeDtVs8E8kY7H8eK93+B+mprfxAfT3uJ7SWbSJz58MhErSICVyQQQDyDnJzwpBOT+tYCq4YqlPpGUJK6V2k00lZW13tbtvex8ZjVKtRnSj7rk46yfa2z0S1d7Wv562PshNSuLbQrj92d0erlwRGTwZe5DA4+XB/HpndW/JO76pYzyFWkuIJGBKEbiRH8oBwSDj5sfeGc9BXjZ8J+M4rDUrjT9ZaXTNMu3WdJJQzMd/QBwdx3cALknaTgYzV99V8fWJs5WtlvljVhaB0EzbSFKkeWFxlQMjk8HGB1+6hi4ynTlJTjfl96Oulld2tvb0u3bsfGV8JXp81J1kpWuoNtLWzcknp106X8rHqkKyPrmuB4Tue0UiJUIZRtXk9xnAIzyABgEGs9ov+JZZbI51KyqX2lsEF8qeygDBBznJxnlhXD6b8VNU0vUbzUtZ0S5N1eWslnOPIIhVVXaXVQrEMDxyT9elaOmfEjRXs5beWSVJ3EbwA2soKEOWI5IzwePmAAUEZGK9KNejKTakorljZSdm5XWr2u3ptfbVJbeN/Z+IhZSTkmk5OO6Vkt1d3fR/Pe56Tp0zyatdHZKWFk8Z4JyEjyD904LDgHjrjjv4l8Uir+EdHj2MPI1aQAv33PnjBBwMk9h7d69e0LxZoUmqXcst4V+1W0uzfEVAJhCYLE/JnBPcZJwTXlfxRlt7jwPpFxG28DWpAcHDEBwAecgg/iQMnOSM8WYuLoycZxfuu9rN2co6XUrr7rrf09HAQnGrFNSTul7ytfWLWrdvdXXS+7bbPvv4AaQ9/wDDyxihD5TSUJZQBkQyecuemT8wI29B1xt59G8SXMcNk9rdlnhcW4SNwwkLAKARzklj/D3wOCevm/wAvJ4fBmmCCSVEGgXTMYgcNIiMxV9vABXC8gAcZGK7bxhdK+hxalcqY5EEDAEr5TRqR+8U8/OGBBHB/r+V4uUvrVTS7crJaaK2jTd9H1utLa2vc/V8DG+EppaXhG7st+WLdtL2s3otVe62R4bGTp3iSa1McjLi4fD5O6OVcr8ucnGe5Jw3I9f7gf2EVVP2Qfgcoxg+GGCgfw5mY46+gz0PX6V/FLrM1tq+o2ur2pTa1m0MskaAfvVRSd49efTJwT0AFf2ufsKk/wDDIvwOGMZ8LA5HHWUkkAA/TgfrXkZ5Jyo0Wkk+V8ya2aUEkvLm2fqt00E4NRVrpe062Vly2Sd9NderutnsfVnl5+UAkYH44zgA9wTjk9R0xyamVC2BjPGMAjPAO7qQBgdP72Aee6rhflY/e53Z5O09Gx+W35TwG+bJACc9BgAlgPXtk9MNzwD2yfU18sua76qytfbeKbe2tk7+frcUpNJe7olGXnpZN6Prrqut29Q2rySASMEZ+9jPHoM47Dj5iemaTYBnr1yoz0+XoRx3x83bnr0p67i2MjBACkYBJxyCBjJHODjkc9erORkELuJwODlR2JOcHvkgkZGMUlzJp2T1T1vorxtbTS1tNHZLba6g4u7avy6bbOydu6fR99U9nddhBwAMsM9Mc7SwyO4BGCfXAPIBpmGI2t944XBGMkZyCPmwB2zg9OuKkVSMk4LEEnIzxjv0ypycYI6+nJXBJPReTgHOMc5GTnJH97IPTrit4TtG17aJRt0so3d7PTW13td+Zcbuyu7ddXfS2ia6NPronZbu5EV2hdydcsc8dORjHAIBHy5I69VJqN0fqoBySCBggkg4AUdCAT16ZPGdtWCpOASSpPGOcj7w4HII7kYz0Oc0zYRgcnOVGRlhhsqcZOPQ924HHSr5ra62ST0Vrq3Rq99OmjvdPfWuz1vdW1fWz+5X/DsiEKc8HIJBJwcZx3wc+g6dl3dKcUAIXGDwNxyMKeCT2HA4PcY9cU/BLdMg5yyngbPTB6dffJHANKc4YnkDpzgHpjkYzjjGM/jxRzq+ql57r8fXtd9dtSJ0pSs030dnG2/LdLa2kWnZ669xgG0Z78gknPqfqcqRjoGyRtHSg4zjqB6EhcHoMnrjnjk+5oJYoowMMGXaMhlwQcDg5AIGCcnk9eoYucEFclflxwDxxn0yD1znp14os73XSye9rWVlp/dTe/X5uPhTvolpvfbTbun66WfUlyoIAwNo6A4DEjJBPQg5GSpyQPvClLr0+YnGOcEbhnODwMcjC4BPr0pAO/JDYJOOARzjnoq988d8gUxsYy2Su7O3GenXoM9c4GDg84PUN7d/u/u303W2/WyT6i5k2l522d7316avW77a9bIHKkDcuT/D1XORxnk9TkA9APxyx8joCMkE4GCB0AGeucc49snP3pBwSTkhhhSTgDGcjn16egKnA5NMAZQQxyxBAYjGcZ7ZPJ7nvg9ukqS3Tt1v9y37q6v2Gtd2le1vK6WrV0r30av1XXaqzKrEH73TBwMgkYBJzk479PTthg2gspB6AHccA9cZxnpnr0PPap2U7mBxu+UHvjccnjoA2cEDjPPoA0xbgDluPmZQPvYLYHAxjuf4sqMZwaPdaurX0a0sultfu07BZ3bWz120TaWumjvpppa+/eLjJIHB5xkgHswPJPAyO5OPQ8OKqTtIBJBJwMA7lOe4Bz3GAeMjGchxQbsbcsCAF6AZ69MfNgkYyOuRyMluxRkICBghs/e4wcEA4DZ+buDyc8gs7xdltfdPV3t1Wnla/wB70JSfu6cztbR7axvp6K+iSfK7WvYg2qxypK7RkKNrEnPJyT8w5XO4npjI604DaMMRgEoS2M/NgjBAGOuM9Afm5yQFIYHsFGDtA6DnAJ7/AJew5OSn3vmyCpAY/ITnnGWA5H1xzweBnc0oataN2atez1T6vbeya20C3uxtuuVaNpWVtLvm7XfvXktr2sKShTPucc5wvPpkDrjrz75qN2UjJO4Eg4xjGO+OCDzgjgDr0JzIANxAU5OW3YOMnIIO4YIPIG7OQc8kZqJkAJwpJHAU8Z35yAcYyfp1JODggUqiikn+q6LZa9f8+9hu2+2qtrJybSa2u3pe6s+t9rgwTKkZJBJOSRweeeeckjGTx7kCmkZUgAhsklcA5IO7gkHOOoO444Gc0uD36AFRjB6Zxz1Hoc5JAPIwTSDrjac8BT82Ccdcjrn+nTGaSt8Sva6a87W6NXWmvTW3zFF66W7vbpFXW/Sy9UnbURmwMjKjdnJ+8MDgcZIP3V7n0xzTNzbVyM8kBSQCDy3QHrgZ4Hb1wKUkFsHk7SeCDtyedp2ngjbkcH0PTDXABGGyCMZccHPJBxzkdVwCR7YOLUoJJdUl2fbTXW6sutla24lGd7Kzva293qrt7K2jvp3d9WhGdT1Iw3K9yc9CDgD3zz17GkZ1HUAAA89dpJ6ehXBwOenQZOQnUgtwCCAOCRuyVwe/y5O7GTknAbpGQflG3nvx97kY9gOBjj8etUpL79ut3ZaeW617307ji9OZK+jejTSVr36X/TbyQlXODkgrgYBUNjBAOehwCM5xyCPvCmjAIyckggDnj3B4wQcccY3ZNSBckMTgcK3ykccgcHkBRnj+Ikg+7SmM9MZLLuznJ+nr06/j2pudNWerVtU0u608r9bPpa61Y4vmimrLa29rNLfVtpW7b662TbAdvCp3DHOMkEkAk4ODyMAkAZHTJpoyuCxUAk8DkAnGNuSSR+J2nr2zOYsjbtOeg5BwAc/eGeWx/h1pgQnJPfnheeBwMnOO/wApJ9jgGi66a7eW9raO219f6uuWSa1T2vpp00Xnta3Va7EWBgAnGAO/OOQOTyVB7kjbjg+jQAq8YJycjccAeufXByCRzzyRVgoAFICnA9wVIJB3A5UggAbeCCRyBnMTqAGYbgMAA9A3HLYB5J5GCR1GScFaG0t91/wFfouu/r5i5m1sndpKybT0Wr0Xbd+Te93Bt/i4wAehGVyT2GSc5wTjJ7ZBFOKAEY6YI9Bj3BJII6ZxjpyTzTuCRx8owDjuQc/8C+pHfH8OSvy7sEMxPAznBOACOADgcEY754/ipNp6p6Xvrva6XVba76babO2kKd0npv32tbbrfTrtttvCFByCTgkkbsAY5AG7qDjOPlGTxjORTMSLkbcYJ77fTAB5+bknIAH0q0VXgqANpK455I56E54zn9MjAJiYMoO3PBxhzgdeckZ4GeBjB9euHG2muttGl8Ksttb6vZNdr2XK2eyaa5W7XXxO7s3G6el76Wte1r7OxGxAwW24BUjKjr0PbkA5x1zwTgcUyPc7DkADJyVBABxwfvbiTngcfQZy4gllPGAM465BYnIyAeckEDOc9ucirl+XJGPmK8glhkgA9A3Trzgkc9J3ad3Za+r0912sk+iVrN9b3NeVLR2fpfRprp1utXfvG60sNYZwM4Xkluh3MTjAI/megPsQwswPQbicHggD+LqM+gPOScDnBqXG0MAQATuycE9c9CegHvkYOPl4qI5yckNltxJGNoxyVJPJwQCpPQZHu+ZLqrP57W66vbXTf13cY3k+3Z73aV73T36/PVK7A8hs7SCBgkHk4LEg4ODjgDr3IPApnlggDouQwyAWPTG3GeSfTqe+M5eFYjIzjOdoKnaoBO3I5+oIyAecYNKcZTBJBGScHpn+EE4z3wPqdpyKSnF36a6+ui/4byV9hOLT0Vn0b6JWXX0fTXVp9BixAlSoyN3I6bARgbMfNk9CMcjOSQDhxG3ltvUgHvhT6dd31xkdDwKeSRwcn5irY55GQOo9cgZznnGCchpIxkg4KnIPXkjJA5zkcc9B/wACo5tVyu9999FZLTT7/m3qxqDtd6aLv5dVaz0Wu1l1ZCyZCnJPIJBPTPORz1AGSMjv1NQHOGJBOMnJIIIwQOQBznkAE55+8TVnA3DAOM5wc8EZyAP73Uc5Pt2LGCkHrt6Hrzn+7wACwB4OP9noDQ6l9eqta2nTr2t6/gVyXaaV3onrbTTW3l3t6PQqGNmIbGFzkYyBz146Hk5JO7kdARwmxVOSwLbiD1wCDnHP97pn2+U9GNjgYG08kgYzwvPHoDgAsfUEAnOaY2AQ3PTdyCB7DHQDggdx0IAFVzX6rRLVv0S0sultPK7tchwtqr7pJb31V0uj6K+tvPYhKbiFB2gkgMfTk8ke/TkfjzTRCO4YFcNnOF2kjceu324654609txySpzwQACcDue/B79upI6momchvlUnaAAMnJyFzwcjIAyM9Tj1FRzKSfK3uk2rpp3Semu3nutOrtklJaK90lvdbd/k9/PrsNaP5t4ycEnqcY5GAvPIOc9SMkZ4GIWQLkoSpwpIOD03ZGTuOMgndjv6ZqyGJHQgsOhznoCTxxjucdM46DFNKMT5h6bdxIwV2jIBOOQQce3TJ+Wnflau9raPtyq3RdOjs3va+7jdK7Ss/i00eq7367PdJ69RkYHI3cE4+Y/N90A7j0+Y5wdoGT0J4qwihcbeOemdxwpznIGCcEc89DnO05rqSQcjGFDDGT+JUYO0YOB6+5qQSLv2YJGAAxJzk/e45w2OxJ+hBORSUrWt0dm9VZp+r01WnTXyqz2enfXZaJeWvbR6b93tjCgYyG+9nAwc8Yx0OPxyAOpNROByTuYKWYE453dM4Xrxkk5zk844EoGQm7J+YjGOScLkE+uSM4zjORk5qNlyXAAByNwz0GAQ3OMjnGBjGMDOeK/z6+v9WJUU9NGtNtVq18uv4EOME8Y68Y4HPQdQMAjn/wCtT7SQ/wBpQFxtRZUJHQsx42juoxgEAAZ3cerSrAP1Gdp5Izke2AcYHTI5xnPAqJMrcxuSAIpI2K5GNwI4buRz1Ixz+Bm11+7e7jrq+11rfppoumo1GDa0vaz6eXTReWrdvVJP+BL/AIKe2n9sf8FKfjf4f125Gl2dx4st5J77eqpDA1jEI8FgM7y2B23dOOR/UJ/wS/8ABKeEP+CU9vpqKxGuaN8Q9QSQ5ZrmDzb+CGYk8kvGqkEg4BOD6/z7f8FtfB1p4H/4KY6Xq1/p63Wk/EvTdA8QvE0J23TRSx2rDcuF+Ux7yMMOM4VSK/qH/Ypsbew/4J0+C7eywbabwD40aNANiQxyXF+RHggBdgYISORjqeDUYmtWjhaWEhKSpzhCUnK1nyzWt99fLdu2jR1ujSc4YqSvUjVjFat2/dxSbSai3p1vvfV2Z/B1r6SxeOPGKSm9jVPEniCKARkfeW+uEJ6HkKpwOWY8kZxWx4P1bV4r2w0/RNKfVrqKUubS/uVg8xp32KY9xBySSdo+i7uFrE8fJdf8LH8cILmVI4/FfiMARsrfOdSuAoAABXoRjkEg9OTXNaTo9xd31lc/bNRtJ4rkBJ4rho5SUYupARkK4YA7STxxj+7+y43ATxOU4eFOdKMpYaHL7WLcbunCzlyyT0+TfTy/NMLi40MwlOrCbisTU5uWSUuX2kb8t4tKT6XutGux9Ua9ofjfxBrUcdx4Z03TLmOfSxOlxP50TJHJEXCSrIoDgZ+UnkqMYIxX6KeP0aHwx4btw0JdLHTVZIwGAdLZQyqRj5Bjgg8Z64IFfiPrvjjU7PxXFpN74j8RXCSalp0IBmkCEtNH8zsMMTkkEhieBletftD4laQ+GvByqpIbStLZJmbc7ZtEIZiVyWIIJzz8zc85r8L4ry3McBVyx4/EYerGp7X2ccPSnTcVam9XUnJtapK1tuqZ+18I47LcfDMvqVHEU5RVF1fbzUnJycknHljFaPfRdNFdljVpo4PAQM8ZkCa7o8vlvGTvKvGQOvTPqM4wTx1/Jn9s2+urv4p3rzE2mmwSL+8itiUg86Is0ZcEgMwOCOeoODgGv1N8VQ3134TFpBKdo1LSWdt4G7EsW7DA4Vuc4ByeNoyAB+U/7d2oS2fj7T/DlpbL9mufIv7mY5aSaWKNY3DOMZUZJIyexKmvpOB6kVgsRBNuSxDbS3afLpZ7q2vVJb7HicbQccbQk1ZewSutm73s+6a062S9EvgPWNZ8NQ3pn0vSdS1a+jj2ebMCkQ2Nk44B2qQTnJBGOjNmva/D3xP/AGiviaNC8I+EYbmzt3jisLGGzcQzeXCFRQXIbYkaDJdSDtDMWAFea+NWSwsrScSRwI/y7bdETK7AG5CschuCfXBxW78FviFN4K8W+FPEceqtYtBrEFvI07kxrbXDhJB5YbgsGGSwxyMDPB+/ozlzpJyip8qdpNNpOKbacl1fbpbvf8/q04OMnypaXi3Z25ba20stLdFovU+of+GOfirf674bb4oeLkkTUrdrydbW8lur+G0WRUlhWQyuElIZtyoAN2MjgCvsX4e/sl/ATwhNL9t8N3Hia5gvrdjda6ZJ5jEy5URIxKhRIQG2gk4JBP3h7dN4t0rUPGvhW/Sa31XRbDw4l1e3a+WkNuk7wzOzsWUOMEknJ65PQ12PiL4y/B/QZPE+tT3tm0KSWL2lnYslzc3LQIpEMSqSI8kHc2OG4OcZr1acMPQqSnVcU3ZtTd9NNm73t0evW/RHlS9tVUY0k1J8t+W6eq0fu6NO1m76Lsk2c9p9t4d8Hz+K9OOk+H9C0zRdIGpWiW2j27zF58G3s4swlxLgKM5+6C2OM19eeC1mvvCvhO7gnhll1bT47qOOAraoqckxvECoVkH3/TI74r8V/G37Quv614h8SeJdPlNpp2o3ax2lhL5ZENlCmyJHBGWfYcncMZPC9a8wk/aq8f6VGfK1jV3toLZ7OzgiuWjjsxKdrSQ7DgPggqNuBhSOa82OYTVeryUYSw72eibUXHWL6ppt8vS6T2svTxOU82EpSlWca6jFzTbaktL2s5Nu/bv2P6EJFlRppIxG0yybePnDEEKAGyRjOeVGQx7kivH/AIyRk2PgW4ZmWdfG+js3l4VHbzGHzggZCluvBwBjtj4H/Zt/bzi0jwuNA8f6Jf6jBY3zrb640hnvJ4pm3kXgIDt5bA7OSCCOo4P0H8Q/2qvgh4s0Dw9PY67PHcQ+J9OuRYT2phliSBz5rAkkDGRgYBwOOa9ihiaFVwUeXm91WdlZ6Pe8U7X36KyS3t4NXA16VR7yTTtKN9X7rTvvK2z5lr2b2+y72C4kLGMjgITtIBbK5wMH+7xkE9MqOdtflB/wUMhSb4ifs46exwf7Wv55UGQOEUg4z/eAPBB45Kk4P6JaN8WdH8U2y3HhPStb16OQDZJYWNxdttRVB+WNGQlc46hh1ye/5c/t1eLodb+OHwe0+Gw1G1vvDkVxPqVhfQPbXcU82diNBJh1OBxkZwT6Ej28NiKUsVThSrUnJVqSlDnUpKKnF6RWq9LK9m1ueVicPUWFxDlTnZ0ppOSdr8qejt8+l09PLg/iLGnmaSzRkBJThVGSQHK7ugPPLYAYDHOe/CfEaP7ToVllhsS6gOMAgfdVWOAAcnnHPbkYNUfiL46ubh7aJNMZDaMHR5JAokbe2R1DYHOegwCOgGOJvfF2s6xpYtpNFiEQuoDu81SWwVBOMEhBkEEDA3ZJHOP0SrW5edNqWid0nrbl1suq2s0u5+Uf2PVqwc1CMXGU31XVLZLppt8lqeiQ2MEcNq5AlaWCIAIFDLhQcg7TwMfNgdG+YEEiuX+GdybDx54uuI9Nu7lI9QjQyRthYz5Y+8CACOAVHOeckDivWtOtbhrewWGwjlmeGAugmXMYKDIctkYb8MH1rzXwvb+Ik8U+PZbHRYZof7UjaVnvoodjRQodqdAR94/L324JxXjZziIuOGlS1cZ8zfZuKfz103W67HTwngq8KuPjVhZSpwUb3s25xTs9dNU3e9rJ+Z9T6f40u7NoybCQQqpKrJZGTax55OcE5yeg6n/erq4vHF5dSxGPTHkVUBPlWohZSV9wwwDkH5SBk4JAr53tfEvjK5txHbeH9MYq5Vs3qgrsIO4nJ5ODkAYIPJwNtbWneIvGumxPLcaRpaBt0iBr6NjtXIJznjp07knjPFeTDESnqpyaS1sno/dVld6206Pt0ufTf2JBu/7tK6bfM24tNO11e67LTXqla+p8OdbWyn8UTNpwmWTxDdmR5GCNHIwYqgPUkc4Hv8pPQey6Z4hvA0fm6IJFYkrIjgssZBxkjkYH5enBFfFPgXxRrN8niNbWyspvP8QXcsomuwgSYFvliGQWQYbJOM4J3cjPrMHi7x1HanybDSYSpSNXWbcd3y7Qw3HOMenBB6jing8e/Zauo0m/dinrqrtp99Hq3rzbal4vJIzm3GVNO0b66qyitr6bKzburvqfR+pX3n6dqE5tDBGLG9TBkB6RNww4IBPTpg8YzxWV8Chj4a2JTBD6nqpUEjLKbtunIzjp6kkAjGc/LHiT4z+MvDfmabfaXpU011bTmZzJgLG6N87FWO7cCSgUcgbSAxxXc/A3xp451LwVpVpoWh6PdRvdagYWnuBG0k80rOyqMjZtJwSeOoxW6z3DYWvBVJTg1CXPo7JtxskttnstE30VzzHwlicZh6kacqbjKpBp876LV+t3trZn1ffT29kUE8E7SSkYVQxZTuB4ZTnGPvYYZ57sc+ffEC5a78EeMQDFti0i5ypIDxhgRlwTkAZ4JB789RXm/j/xR8X/AAJqWmHxRp+g2SahH51gqSG43xdWTchwJAWAxwdoHfp5V4s8feMz4U8SST2Wjwwazp7GZlZvMMLYztUnh+dxAwcZBBxkaw4koVnN0+f2fI0vd1b5Unfzb3euiXocb4BxNL2UpSp+7VjO0Za2i4t3S+1dLR6r8X9WfDOzP/CvvBbbozjQ7blhkEBAOi53ZyeP4SMjg4rvYtOdHSUiMk8kggjBIwME45ySA3JwMD0+efhJ4k8a3HgHwzJaroL21tYxQWq3GfNWNMjMhzjjIOR+vSvVbjXviNGgIi8IvCeSFZvMKY4GAwbGGBwMEHjnBA+owGZL6vRSjOf7qLdltdRWqsnZ+XS+1z8w4g4Uxv17F1HOlGMatSavJN/EraNb6X0u+2t7S/HSAL8HPFKyojGWPT1BA2qrG6hOWYHBwpGSSRuxkZxj5e+N2o2sXgrw9bgOokgsU805aPbbRRocAHGC3Q9+ccEk9B+0t8SvF+k/C+9sL630X7HrF3Z2jLaORcb1kR1IBOAC4GcnpuwTyR8PeNviB4z8RQ6bb6ncW1pbW1hEtraKm9cxooSTOCPMIAJJO4ntxgfP4vHwo5rKU1Lm9nC+7Vl0v7qa1stXf8vsMn4ZxVfh2jh3OnpiJybvdWtT0ut0mraW172Pqb4IvHLe3F5OsrR2bRuhySCsYH3l67SoODy3BOD0r3P4r+KYh4fsjA5V57srErKVYIcgkZOTxnbjP4ZzXyD8LNB8Xz6JJcJ4pTTZLwxMkY2lmjfguwxwFXtyeWyADXZ/EfQvFFvpthDdeLTqTvcQwRpGiorMoJVo2AwoGcsBjOBwRXqYrH+0wL5YyvCPPurO9m7vmT06+l3Y+JwvA3s+MaWKq1oNXceX2cm5S2cbuyv89LvzMvRbyGTX4LcyO8wlZ5Tk5C4JJwAeQDwBnOSOua+i7WJWjgk/eKhXDlQRlMcjr/FgZHzZ+XBwDj5K8NeBteOtR3A1S4uHWRC0yuEClwfk5B3ED+Hpn+EDNe3P4f120i3N4ou5PmIeEusQUJnhdxweOuOuBuz1rmyzET5OdQclra2y1i9W+lv5b6N+q/RM04fpRnGKlyLlSSUJJJR5b+82k1du9r2303PQ9Ne0i+KHgfLskbQamUDngqURe/TdjnknOD3r2u9ewYzfv0cmRyN0iZwzOGKjOSSVzgAj+IZr4F1i01U+NfCZTxBfkhLoriYLIg2ksEIHKnPoCVOB2J7SLTdVup0Y6xqHlIzyNIblwdu4/M6bgQevf5RyR6bYTNKkMXi4wjq502op9FGK7rTpv0u+xvmeQ0KmVZcpVnanTnGPLFveabv0VtbN7WWr2PS7mG1u/EEkzvhXuxHlmBIVCrDAGMA85II6D6DN+J89hbaHZCK5icJr8LMdyhVAILEksSB8pHfJ9Oi8LPoR8xJRq1y7MrzMyyOuG7FjnjAGcHAABr5w+NFxe2HhO6jh1G4kca9YM0nmyEjdMMKuP73fAOenHNY5lmtWFOPPFR5JqXLpqo8r3bau22tduuyLyDIsNGTUZSk5xcFJxdleMduml3ezS1vfSx9wfDi5s7uQSC4+aG5bOxgAQ2MFck4xhenpx1OfXbu9sVhkH2uHcshwZCuBgnJzuO7nknjknGc18QfCC0uF0s+ffPFczrC5LGUKgZVICtuGc9+w4yOeey1gAi/EmqTIsT5BLSgO4GMbt44BA42knHOehueZ1Z0qU7RUXDms5JN2UX11bSWtv0uP+wMOqkVGp9uVvd63j2dtfPp6mnrtxG3x00oxSxlV0eJi6SKfk8zBL/MwGB0AxjgDABr6hup7RNOVzPA6eUWVvNUAlgCMjJxxyOnTrjdX5LeNvEerad8R9P8AsN5Osv2BFEkZkaSRSQQASdwB46nAySx6Y+vvBuj+MPEmh2UxkuSJYFMrsrllVuFxmRcr3YAcZ5WuPLc1kni48nM3Uv8AElbRJLTe2l2lo3e+ja9TM+H1XWElKsko4eMFdpO0bX05lvfTr162PZdV1LMU0VvKpHlEgpKoAIVuMYxnrzk8gjBYgV8lwTal/wAJ14s2LO7PBb4Knev3VC7jknJAPzZJ5PsG91/4VrrhiuIzfyCRXj3kQSkgKwwoHmYUntkEdu2a8s8OeAfEep/ELxlpEGtTwzWEVmZZPKC796hvLKscggnn5sj2GcvEY6dRUYtST51q2mk7rTe/S711ertqceAyKjhfbTjUU5ezScrJRtzQa7t9Fvut0my/b22tzSxLDa3JJdSznHbaGyX5JzntgYwBya7WS08QCGCKG3uXxIoDZUsFY4JPfAAJChsckcE7q7W3/Z/8X3VosreI7iJV3Mu4ADcFyUUo68khiMg8kjuALNt8D9euB9nTxHqQlRk8xo5NoHOOGaXA77Rxwo6HirhUtac1yp6bqzs72VtfO7ur9zo+oRnJpNPZaR84tJKyeyet3Z33buvI/BN3qyeM/iVbx29y1xCdJLw7wN+LfljzjqOc44B44FWc6+mp3t3LZyhJpHK7nUgNj7u7nGCORn5SvHtW8HfDDy/ir8StIvPEOoCSx/s37RNJfLAsqyxKQ5l3guVyBtGT93gcZ9o1P4beGok+zr4lZtjO0jtqCAJ8pOSxk5zg/Me44I5zw0a0W5+65ctSTjZ3Tk5aXla0eWL+1boj16mEdNUnflfs4c2iV3yxsr3Tsm72Ssn+HkaxeJ7hHdLSVleRDgyqNvPQZIyScEZzx7Zr538eeP8AX/Bni/xDHBcyWct7aWdrNzvlVCmCVwQAV+YEgbs4yOBn7Sh8A+FI7B1k8UhD5iDC63Gm7dhVHL5UAnB5J9M5OPz9+PmiQ6d491WPSZf7RsxZwj7V563SpJjB/erkOc4AIwSSAOCKxzWrU9lGME489lK2ukkrp2Vvvt1u3uc+CwNGeKc5vmsoy12i0+a6stNUtb33OF1LV4dVtDE5NxLLdPK0s2RI8rDO4sScnJJ5GQOODWLDazNah5owu6Qhwg4AG4LkjIy+R3HHHHRuXtLXWLLTZ9WvbOZbASmITyApGm5s5AOGOAe2cgDkHBrz3WfiVNpc09rHPNJaph0WJSp6cZYg5XGcZ6jnnivLVSnQw6g0oLljbZbR07PpZavfoz0vqjq1+f3qkbcr95d42umtVvbV6u+vT0/xMPJ8P29v5TwO99sLbd24n5VA7c5BI+p4HXKXSdQ0y3hEsPlyGJSm1PlZZMEszAEEjhjyNpzntjxWX4m6pqU+lyXbO+m212JJYM5d1VwWbj72SowcMOARg9fQPFnxmspbeSPSbC4a5lhW3QMMxw5QYkGc4wMYI5OOoGDXlRxNKNWpUT5laz0SenK13vF7Pdt69T3/AKpTnQhSna+60WkU4/fo91rd31DxJ4hbSI0itds94wKgIQyRAgDfJyc4POGx0+YluvA3N1fak8guraW6aaIncSyxKxOcomAG25wCc56egrl7LXHm3yXUFzM7zB5HYEueS23kH92Dx0GQc8cY9L074gWj2y2400IwVkLta5JVRtJBKHODxj1A5yAK8+MHjZyqVJzhTi7xUVJ9tLpJ22s7dXfzq9PAQjChS55yS95JNWsnvutHdL80dd4R0Y+TaPLIgn2AJEuF8uNSWxlh95QRjP3ic9MA+2RwFINkcRcEKMsQOcqoO7jIHGCCBk7mJGK+RdV+Il1aTr9hiaTenyKluyrEVJyB6lic4yOep71l/wDC3fGUwCW9tIIlPzARSkswII5J6nJPY46nJr3MvxFDB/umpapaqN2rpWWzSTSbbab1eiPCxmV4rHSdWT5W3FLorLlTdne19b9t77n11d6ZfLNhUIDRN5YJBVdwJOcbQNuQFz3zjGRnp/hr4PS3+26xqd5dW9yskoiWGZiCuc8hTtLHAwADjOASc186aP4q8SahHZXd7c3VlLcDY0QjYqqMP9a+cbu+AfXqM5rB1Dxh4s0W41J7HUNVltkYrGyA7GkYkeYvYgHOFB+XbyRili8TCtUSUWktejvqmk1e70s7Pom97F5bl9TC88JyhrZNqUdlZq7vdpK75fut0+4r/WNXgjAh1SRolk2x/aHUy7ThOFJ3bMAg9enJ9a7Xc1/cWFtHdRvKzDeVTBG4AszDOWJPQkHgdeTX513nifxlfXFrJJqurfaTyqguEZSe4XgvjIwe4Hbg68fi7xl5pvLTUdRimt4wpkclRuG5c7f4vmye7diRk582U51FzRjN2aTTTbS0baWrT7rW+mqVj0qWDpwm25wcm0uZ2bsnGTSS6q17OTemjsfsB8F/jH+0dpen2vg34c6vHa+HfDWr3U8PkWtlHKZ5FYssk08Ls+ewLYBPI6Co/i5qXxy8VaZqWu/ETU7zUba3naWG3W4tiIpzuDFIYY0C4Iy2F45x3z8ffst+MI5rq8j8c+LtY8PaZdX8clxfWnmSuzqu7dhNuNxJDcckDngV9a/E7xF8F4fCF1L4U+IPirxLrsl5h9PuoZ47V4icGTe5YEHGBuGQc7s5bPycaGIoZiqlPDv3p3clSm3Z8qblLVJpPqrd99PRxFSjLD8jqxvHWMbqzklHl91q/W7Se6e73+GvEtr4jW2upYjK6Txea6kLlU3EjcuPTPtkY5AOfof9lv8AYn+OP7UhYfDfwWus2No0r6ndXLLb+XcJEZVjhEpUENEmRgYBPfkDwq/1vw1N8ms6prFrE6SLi3U5VSSQpBzkAcZ6HBPGK/Vj/gmFL8SPiHquu6N8HvE/i/TE8FpJrHiGeHWotH0mTTlgMcCOjBWllYbfOw4YglQcEE+B4kZ5mfDvDWLzbBShQr4WMJRnXg6kIqU4xbcINSb1skt77LQ+08N8qwOeZ1h8uxd5QrKfuKShzSik0nJKVlvfvrqtWR2X/BH340+INN8Qz2s2lQ634U0ifUdW8PTGBWhW2fEkUl35iIJExu6HYQR2JHzh42/YNuPB3iXwVo5+LPw+1XXvFNvuvvC9rqtsq6O3lHfb6jMsp2NGcgljgsAMcHP7c6hZ6Df3/jM+Kvi7qmhvD4XvYbiDwzrc2m2+ta1cs0ctvqEkkzPdukjESOjrH14xivxu/aw+GvwZ+Bnjjwnb+CvGmo+O/F/ibwv/AGn4nM2ovff2BeXx82OO3u0lIDpCxWRcllBPAJAr8U8O/EfjDinPf7Mr5q3XnSlKkqGS1qWH5oxhJOdeu9Er3ajZNqyd1p+vca8FcL8N4D67LAUKkIzoqbWPh7T3pR0p00m5OWq3bVlctfFr/gmN8Qfhvoeh/EJtSi1b4bXMFhFc+KNOeO40m11e/jDtpqTxsVl8piUMgJUFSW65qfS/+CW/xf122t7/AEW50XUY7rSTr0UVle27XEWmeX5nmzkSHawX78eMgsB0zXL+Jf20Pih4u/ZQ0r9l7SdOuIdJ8NeKzrjeI4rmf7XfW4bMenTl3cMgO07h0AOOuK+edG/aE/aX8AQvDoGt6raRT2k9kx+23TymzmUq9uhMpwnl5XA2quMjjOf1bA0fFOrha9GvjMrpYyjmNeEK08PN062BUo+xrckZe5UabUo7Jxa9fz7GVvDenWp1IYPGVcNUwtKThSqpTo1mkpwcp/Eou1mu+2jvL8Wv2X2+GEtpaX3ivTdR1nV4iIrW0ZZJLaeOQRvaShCwEokO3B+YvxjIGOHv/gB4m0i7srLW7S+0h3sYL+CPUbU24uobjaY2i8zYzLgggjPQY7NXm0/xE8fyatY6lqyy/brPU/7VtmunecNdx3C3CtKZ97NGZVBkUFUYZJGQK9q+KX7U/wAX/jRcabqXjS3s57rRbC20zS5NMt1tY4oLZQqNIIVQyNhAQegAPHJNfe4X/WejTy6lX+qYlyhJZhiEpUnGaScXTpXd4yk38Te3ZHwuJp8K4l4+rThicNGM4vBUG1Ui037yrT9136pqNne26Oe1X4A6rY2Oq6ml019pmmW6T3txawl4rN3B/cyAcjaTyc9eO+a6Pwp+y/4s8Taj8NYNO0kXVp8RdbtdC0F5pltDeaheSLFGSrjckasVLscgAc47+Uaj8W/ijb6fqenxXs0FjrCAXsbLsSdF4UOpU7mUhVJz1b0PHonwg+NvxNXxZ8NNMuPEs9nZ+Gdfi1DSLiFl8zRrhGV0u7fcMBoyMqnQkHgZFdVdcSxp1KlCpho+5Nxi4Tb5lH92k/WzktbrbQ8mlS4enF89OqpJxTakrfFHo091+Ojbuz2T9pv9ibxf+yf4o1rwf8Q7WGDxDpttZ6gfs08dzYXMV3EJUW2cABzEGCuQcZXBAAY1+emr6dYT7PMhWOZp3B2ptUEn+JTkYBwCAoI5544/Qb9p/wCMfiD4ueOdW1jxf8Q9Y+IlzbxSxTX+obop2ghRBFCIwQAIMbBt+8cgelfntd6h4e1GZnW+uLecTlPIuAVUYYglhlQSwA+bn5eBgkbvquHKmPqZfh5Zl7KWMjT/AH3InGnKd4/CpLRaaLWSvp0Phs0oUY4ussv5lhnJckZTUm7ODbezsmr2StvoutVrq70e1gtLcrMBM2JOcIp45yWPyjsQMDkEmq+iXMjeLtDeRw5bW9PkVgDuLCVc4xgnGSMHI5AIJ4N240qS5ikNpcW5SIl0dHDBw3BypLFgDyCD25I7Ms7e9sNY0J7VIp7y2vIJYiq4RpjIvlqzH5TvI+YNkjqcdT7jfvxbbiozg+7Vmr3Ss3pd3t0VnqedTp8sqsZq7lTa5pWvdqzTd7vS9nbotUj74/aZtpDolvMrKLdk0cKSDkSMihlGMAEjBKsO+eT1+dfANh9q+3yPIytDdQAKFwTjbjcBwCADwMkHHBwa3fiH8V/E/iKKbwt4l8MCG9hk02YXuntvjhgjACgRYO5nVQSwJ24yF5Gc/wCHHiPQIDdNd6jFEZ9RWPZNGy7DGQCHbA2n3wSGDHIY5r7nLMwwVWvTvUUZxg177S1Ss9LXSV/O9nq9EfnWa5RjqWArr2c5qVRyXsVGeknG79y+qdnZrpofSvg7SWXVrq4KkE2q7ScEMxQexHsMgAkZyeVPlH7TFvIr+HJyWCorllUcZCZAAHGSFGQScDHU17F4c8R6BcXtxNaaxprqUZViW4QHeFx8gyMnOcNxgY968Y/aRv1kg8NGORJ4iHZtrK4HUsS2TuAGRntkAeh9jP8AEU55JiVTqwleUdIyg3utdHez00tpomr2v8twZgqq4swcq+HrRdONX35RcbPlV3e2sX0++3Qb8CvFDeGdUm1y0s4p7/RrOG9s1nOI2ninSeNJFbAMbkAOCDuBPOMY/oA/a7/a5uf2uvgt8DLO38EaZ4V8a/CfTNN8SXmqabqkM9pc3tlY29pZ28VtFteCHdbrcNCGIV2Y4yDn+ez9n/SZ/GPi228N2FutzfeIIE03TrINtkvL2WXy4bdc4yXYgbsEY6HkCv2E1z9iH9ob4afDHxx4+1Pws3h3R9ETS9EvJ7vUlLw6hd26SW8UEJ+WWKQSKDgqQ2cGv5r4lqYBZjhViqsaVZ04cqbSc7y5VdaOzTtdbNO7sf23wzTxE8qqVKVN1YxqWi0tbtpq+l7qNnr2T0sme2ad/wAFVf2mvDXjDw/4nvND8FXXii38LW3gy4gfzvsd1oLWCWKXt3H5oEt5FhZAeRu6AHk6ngb9vr9o/wCGPgHVr7SNK8AXep+I73VLLXdVvGBlfw3qN9JdnT7eEOPJMMsjGNiD0zgjr59o3/BKT9rzxFYad4x1LS9KXTLbRND1m4uLrUo0aK31ZIJbRSQBkNDIkjKW+VSQTkbq+p73/gjT+0deW9tJdeIfDem6V/ZcuoXksbyz2kbR2JvkhwGCsZI8KHH3JMHGTmvi6+L4PhKVKc6Mqykk1Fzk3ZpJWi3a0nbTa2vZfYU4cVKkqic402lyuU4RdlGNlrJXaTWj5vdd/J/DH7Y/xrsP2i/iV4H+IOm+FxoEMXhbw/4V1qOKeO6ivNVgit47m8jMaoFQ4cgsCVHCsBzXtOrRaB4Z+HY0rSIrxBe20MlxGkxjs7o/YMMsqK3lykSHKEqdpHoMn4X8QfB3xrpl/Jp8es7bGx1bUtOS8JK28l3pdxJbzCFeNqK8bBHznGDnaABpwaf8VtBbTbfW9diutOEE1wkFzP5iR2pziQDqSE42kZAznIr6TG0qVXLsDhcJVVFUGnTnJO8ovlcVqr3V07+aV7nm5bWlh8ZjK+OoOs6yjGUVy2Urx5ndtaSuujtvbVI+zvjprvhC0+DHwzs20ya81mygtLqGQR25WO28ome3kKINr7xgNye2GOcfut8Hv2b/AA38KP8AgmRZ3Oi6zrlrN8RNT0PxhqltK7NbQy63ew3EVtbpjGyKKRkxgrkDsQtfzYXtjr+n+F7bVNZEGr6dfRiS2jkkYxWtvGuVEZY4XdndgHnBVuK7Ox/4KaftNweCR8JpvGt1qfgXw/bRW+j+H5beEW9hBYtm0QuI90ogKgxHLYA68ZrycDhcXTwksLQisYniatSVWUkuWc6jqSs2nJ8spO+isrdNV05zVw1XGUsVUrQwd4UlGEabcuWEYxSTgvtWTb6a6aH7M/FKKbwXq/7VVsj3Ey6v+z/ovmI4+dbS2treMNKnA4DDgdFIwQMGvD/+CAOlaJqHx5+LZud/7zwZ+6YAB4w1wHO3aAeMgg8Z5PUCvx/179tn4/fEK31y/wBV8R3E/wDbujtoGvzQwKH1DSImVYdPnYqD5MYCKo7qvXI57X9hX9tv4h/sf/EXxT40+H+i6LqN94r0mHQtTsteUyQQ25mDCaFVIMcgK8cg9jkHnWjg8Vh8LmUsVhqbdWNKNCEKjlOKhypuWkVeyu7JrRa9+LH43CYmrl1HA153jGaxFSrT5Iu6gk003eN1rpd/I/s0+I+i3Fn+0X4vs9H1q70SO+8C6FqLTmQr50lhLDCPNOQWARmBJPA4PXnDm0m0t/2qPCcUt3c6qb34b+Jrozs3mQZjubUPKhQlcuTubphun8Rr+eH4w/8ABVz42/Edde8aSaHoeleJbWwt9Blk0a3ljij0V0CyxuS38bBSZN2V42gHk/OXgj/gov8AtT+FfEdj4v06aC9v9G0HU9N02a/jkuY49Iv5EmuYE35JJdVbcdxBULjAAHw6WO+uV3LCt01CSpwdVJ35YtLkSdrvdt2sne6sfXRwNFZdhFDG0YVXBRnJU5NPRKXvpWu3Zbbrtof2h2nhjQbwTve6PBcxXJaCWC4tEmt7iMhhtlgmV4ZNxJIZkOCAetfkP/wUc/Z403wr4L+GXiX4Q+HxodlB8dvC2t+MdK023ka0lSSSSKfUbhF3JBlnCuyhVUEBR0Ffk54a/wCCyH7W+sWdwIbzTEvbJJpyZ0jETQxHtEEDDbkDJYj81NeeePf+CoX7Wvjbwne32t65FZ2hv7KMWh01G02a4Eg8mYebGRmNlyr84IGQPvC6FXG0cVh74Jy/eRkoyqJQd2k0rJu1vdts72exhWyilWw1WUsxopOMeaUIT504ygtW42TXVem+5/WN8ENN/wCEJ8DQ2Ma/ZY7m+Nx5dmAkUT3cMT4QxheMEFmPfI4I4/Oj/grn4N0nW/hT8K/Gktqsuq+Dvjb4N2anCFWe1tdRuXS6M8qqGaOTKBw5YccgZxX8/uqf8FDf2zra4vref4z3Vpp0lrFJH9hSEiKV4gFjVRHgbRhR0K4GMAFT4h8Rf2vv2oPHngzS9J8R/FfXPFOmX/iTT5Z9HuJreaJblLlTa3ksRj3q0TDMZyMEZ5zXZS+uut7SOFoQhzapVXeKlZNfw2/tLeV1275rAYdRjGWLqtcqcl7O7aXJ7yXP1vdPdW+Z+/n/AAT/APhr4r+G37eHijwX8TtItNQ8Pav4X8VePvDuo6nBE1g2keKNOtDbRtLKohjc7G+QYIOzHPX5c/4Lj654c8NePvAng/wlHPpttrtg95rKW98s+lolmZDazQWySvHAGckgYUgHIUV+Vvjz9qX9qeTVfGkP/CwvF2pax4X8N6fYWurQzpayWOhrAi/ZmuIY1cwqhKRoHO0AE4xXxD4g+IPiDxRfvf8AjvxXrXibWorTbbQa3q019zMpYovnyOyhCThEKLznB4B9/IliKmKoVq8aSdFJSjTnzylemlCV7RatzX1jq7WVtX4ue06dGjUVKtUccRFRUqkeVKUZxcrSUvebSfLHXfXof0A/8E1v26fiB+zt+znZ+Abf9nfx18RtFX4g6rd2/jPQ7S4fT5I7/aDbxSJG6tJH99yDyT1+6a/Qrx//AMFB/jXb2M07/slfEl9O1DSb/wAnNrcWhS3lgfFxc/uz5ltGj7ncbSFUk+p+d/2M/wBqnx38PP8Agm78O734NeD/AAXrdz4Xt/FVv45m1fTo2svD9xCGa21Ca9eNhdanKzKFjXkDGOeak+MX7VX7bUXwdg8c+K9X+HXgfRbjwMs089hLb3N7qWjawjwD7OHUrDdGNhviC741YZAr4HibOMDRzmvRq0JVq9fFulTiqs6cOf3eVyUG299VGLTlpa6PqOHMtxuIyelXjOjSpUsMqkpVFDnaWqSvFON1ezdm0r69PDbHW/jr8f8Awb8F/DvjnSLTwP8ADbw74+k1LwBbx3MkfiS+uF1KW8hv0hSWOWWCC8keNZEwoMRGA1eR/tk/CHSPAup+HvHvizUtc1vXZPiHZSa14r1e+e3hj0q0lWZ4tOjndjE8QJEpB3MQ7E7WArV+En7QOl6T4P8AhFZAXPxS8fmy1CXTItOnf7J4Ye7vLi4txqV4263t9rSea42KcHaCCQG+X/2rtW+OPiew1S6+KWo2HiXSH/tjUtH8MabMyadoEzRERNcSE/6TdEKE3K2x8KVHevlcDgOI85zjnnfK8roYqvhowhF0pYijNyg3CM3KtNylKLcpuFNySdnax7eLxeR5bl/LCSzDMK+FpVJaqpGhVg4OPNLRRUU3FQgpNX1ezPCPi34w1n4j/EDxh4Z+EVnd6T4I+IPjLw7pdzdW9tLdz61Oq28So06ESG3dlMrYOxmYgAHIrB8e/Crw/o+mfEzT7/xFr+ga74dtv7JtPDGowSxrcvp9r9ouHazKD7NBLKrPHKw+6cB2zWzF8VNf8EaF4Tu/CujQ2yWkPgjUpr17ZJUh1Oy1OF5GBRAVBCbJBkNtIycDK/Q918Y9I8c6x+0f4r8fy+F7/V/G+gT6bp8zWMfnWl/baCJES2gC7redm4MwIyRnnJFfoL9nkP1PD4SnUSpU6UKkoyUqlSpSrYTDxlV0k3+6b5m3orpWTPiVFZw8VXxFSF6k6k6SaajTjUhUqyUFe0feS6a8y6n5ufs16bbat8S/hHbeVLNf3nxO8F20KRZbhtXtOWAB5GMnjgcnAwR/o2awhtrHSbNlObDR9MtZF9DDaomCpzg7hhjtGMdK/iN/4Iy/A61+Pf7WngZL4FfDvwvD+ONbkWLcJLiwfbpkTPtKKRexAkEcYDYOa/tz8TTG4uppOBlhxxxyOBnJGMY4/D2/Q61b2lSCt/y7TbvfWSi0tl0Wq6W0Vrs+MwlO0W0k1zcqdraJLe3ytr6Wu0c3bLudSV5DFucKD0OMnC4ByeOucEZrpNqiGNl3FgCT2xycHBJyORyMYx6gVzFo2ZlHGNxAOemcj6ZHPIGfzNdayr9nUgEkJjAJzzwcA5B78468c9DMZO6adlo9dN3uktV0vtZdrNG9WLkrap33v83p1ezerva6V96LFuTk9ACCMc8Y5xjlxkY55yBkmoi5Krv4xwDzlgOuSOOvAIPKj3Bp0m5TkdtpLMBjPQrx1P0AIwT0FQFm3KDtwGYgYwCT3xnJGee4HAAHJrWMkltpq7vfzvt3vpe/4HL7Kb1tZJX13e2lt720tovPYPlIPXIbcCBnjv8A988ZBIwfcU0lVI4XCt16E554yRyT36Z/WUAgNkjIOQF57nIz2P6+nY0OM9dpJOPu7TxgHO36HIGBj82XMrq3vaa736Wtpa+r/LqS4NWTVm+l03sui23vrbR+QzOepy2GycYPzd2znjGQT1Jzljmh9u7pgg7QRkEDGDk9vr04x6ZGjBOQRk5GckdAcYHPAJ5HryOnCMG+bBGQwKjIGc9eOpPpnkewANNO/Tstdbp2vrZLfddEvIUW9+W23NZX0sn2t200tqtkO4AJ2kZBABIyRx6nGR+HsDSBRg57jncpOORwM4K9MYHUYI9KXDDOeSDtI4yAevQkn2PuR70pU5AGTvYZHCkYCngcLxwCOMkEADFaRtv2tr21Svqraa7/AC2uUpN2vZX72XbXVP8ApaK6ItwA9OnAHQ9gpOPx6YHWo8oyty/ofQHIyOeCPr1HBx0IQxyVBOSDkk44ztOOOOBkfe4C8bTgO/5m7BgSAV6ngDj025HIzz14rS0fK19La2+Hfvfz72uupZ3slqna93pZLm6Xtr5WashoAIKjBCkYx0yeScc9W6jn8ualUBgVOAAx65wCeeoHQ9BjBGOSAMCNRznJwDnowwPQ9MkEYYYwPXgU84yMgKDggc9e+Tn6cnHPtxQ+Vfhd7u6sm3pa6b7X1du7GtvNq3VdNlZ6bq3ZLfS8iqSS2ODgAg43NzgqcEYGRu4GBjlQCS1enX5dpABHfuOTgDHJyOCCc5ApGBHzMTt3HoeDgADGBkYOPRcY79GAggnhiW65yG5XOMEnGDweDxnB/hSfb52d72S8nstHbr82ps9ddNLt69lv5baetmOO0/w8HAGc9OScYAwQTuGOeOBmoGxjA5XKnJGSmCMkY/LPCjGOMcyeY2V+8ASATjgduc8jHAHHfrQCWA5wCp2lc9T1ZhxggcYHXODjOaNU03bW3Z3+Ht832+9BZrok9OmvTbXfb0TtbqMBwxyBznbnOSCOhwc/Q4C8HNOLYyQAThWGM8ZAB45AXnO4+mTgcU4RjJBICkceoBbBxzk+n04HTNL5Xy/NyQxA+XjjjJ55HHTOTycg8s21tpbTTTyto9l32t26jsnZWfTpq2rb6ray+W/nGzEEfKDu65Pbg8nqeCAARg8A9BSYzgqFcEEMWXHBzyMkYxyOdw4HqcqykgZBC9cEsSvXgjGDnrwSwB4BwSWEH8GKjHbjrj344PHoMnoaLbR7d/5VZ9dLrZ2vuLlaV/67/lt36aNMQqpOMdlGegIAHB5OOOccd84FRlSMAAgZyOM5POOP4TnkDqPyqcoWIw3XIA6AALkcDjgA89Wx37Mx8rLjOCenIJI6jjIOD0xwNp44w0o6O+rXbXt11tst/tdWZtOT7W2f3f8ABtr0W3WMITxgAgZOPY9Dzx6r9Rnry7yudw5yVAHIJyMcjn0P0yB16ybAeBk5xnsQOOO2MnHfI7BRTimcIpx0ccYbBGBzjOemDnggdzSS31W8enkvld6bXt8xqKVvldb69152v9/kQeVtztXnucZI7kc7R2zzgZ4ycUo/iyCDwPmB+XPK85HbHODjj61KVIOSwORk8/dXg846ZHccnqDnrGyMQMEYJ59OAMZBzn8+fcFhQ5Lu/O930jfV/Z7X76b6uybs+zs+2ybVn56Xv18iBhubHPGEBHcgY49hg9/THNNZS3cZHAIJBwPfOB34x24PGKm2EhsdSc7cHjHRhux2HGeoPcZpDHtPC5xzg89OScc46dxwcZ6VF3dWdmnbbb4U7dLX6aJfcR7OOmzvr72q6dlql39NCNs8YOMHIJGMDGCW45wqj5fbI5JoVdnzDAxnIByPfkEggZYkEkHIxjtJtOR/HwV6fdwB7A7hgknr78Go+uQBxt2krgZIxwASxzjPOW3DOefvPn+d1ta1ttNb3W99P+AlT6vr+DVrpfg10fldMiZOp5O4AbugBJHODgtzz94EDBOOlRGMMWIA57HjIXOSD37gevTjvbYAkZXsM5BABAJHXPAznHOCM8jimADBPcDgtzyfvAHOckZx+o6VDaaVl92zvb087vdq2rFGPrayab7q1327276+ZXKcggAAfNyO5xnGeMgeuQB3yTlPLyWJPA+UgDIwMZxwen3s9Bjj2sEZC9T35+6Dj5gMjBx1z2zzjg1E6BRlTwOCSCOeffkYxxgcZzRzR6bOzWunRuzt621vZ+rBwkmtVr6+VunXZ/mtLxhDzxkKMAnDZYk5PQ9jwCMHaCOhpDGSRg5AyCueQTg89c4I65x0xUg2kkruAUKGGBgY5weuUJYjGOMnpTSQMk8j72CfmJJ67iORyMjg+hp3u9tHpZt+S+/z8lu9SHTvZJaaat3a+F/3bq2js1bbZsaU+6uQMgnBBBGAcDJ6ltpIbAySTxwKhZcAFgCQpDEDg5OB8uSfr6AgkHNWcBuWBx0wckKp4yTjJ4PB6E8bcdRlyORhV7gbdx+pHJPRuRwpXrxVqSV7XSdtOnT59e7utX0Eqck1F3a013srxSu76Xs3a+92ulqyxYxubO8ZI2nO7gqB+YJ5J5wOtPdecDGSpxwdy4IHU9uDgjuSPcylGXb+I6/UHaM9+Og6Z5OeFIBAwC2M5YnJ5JIA9eNvvnjsMpyknu2l7t3drR9NF+Vy4w0Svva71T2Wvk7fJbb2IjEgABJOQCD1PykAjtwB068k46nDtoyzHHrjBJ4OVxj14OOBxngYFS7HYHvtIAHTgjk+/HAABzz34oVG+YckbgoKHJ/LrywGSME8d1pSmlHVq+jtbRr3d1u977q+u6RbSTa2ul178vR6+evTr2EUKVYAsD8xPAYZ4I5HTB+6epz71KqjJBw2QvA7Y9hk+4H0yPRNgxlgc89iWBz1GPukYPHIxnBHNTgKF3EE8c9sj5lz8vBII64wMDseMXUTSVr73V9tvLrvboCi/itJ3SWlr62evW927emt1tGQCTt5HPtggZYHPQL09zjnOAE25LcnB+cDqAAep9eCODycYJqXauwEKRgYKjkngjnr6Z7HgZIAzS7MjggcZJ53cEck+pI/Mg4xmp50vdSsvLe35a+fnv0ag29E1a2ui7d9N1e91e91dEYUZYgA4HAwFyGHC9gSR1OCABjk1JtTAJBJxyuMD2+YdgMYOPQc54FjPzDGc44PX29eeuc8H0BxT9p3Mx53KOCRweeOT0JJAAB75yKPdbvLfZa6aWffl3121abV7JFxpTveS7a+to9XZ62vbZ+hGUGQ2PlPoeRkcEHrnvk5znH3cUuBxkKCQRjBOPxOenPA6YYHPIC7FAzgZ5yOQOOxGTzyOAOPXuEZcqByQAQwGMrnB5AB5x7AYHIOcET6LTVLZpu3L33+JK7tey1aaNVFR1Sb+bvot1q+zb2ve1+8bFCRhQR36gLkcY5OSOueOe2cmnMFVVPJ4OAwx1+pJ6nByDjjvwWMjDaMAnOAemcccYySc9TgcdeTyqoRgnsCcEEgADqM4wFzzgcdyBwFzK+/NZLfVbfLdrydrN3vqklvJJrRWV9dEl6P1011SW7goJIOS23ByAccAkEdgTj5uQO/U1DsXc3Oc/xEc98nPIBz+BPQg4qbkg9eR8uB1zxuJJwMYPyk5+vGYi2QVZccbcZBJH3Tuxz6egPOcgUlVcX8SV0t7PlTS0WrV/nr1FJSt7qun6Jra6100bvZW69EeQ/tMIr/ALLPx2jAzu8IX2RnkhYpMHsQMezY9lr/ADhf2i7+M+OLDbAyCzt7m3kIJZWYySYOQAMkHkZxn5vev9HL9pqTZ+y38d2PITwhfEjkEBYHIO4joecAenIIwT/nbftFXdq11pBFvawyvdajI0scYadzllVZM/wDGApOBnpzz7/D0v8AaKrbsmt9krwV2+97PTz02PFzemp0YJNqXNCVtfetNXW17JW+a6rQ/pw/4Jay+I/i7+x74I0HX5Z/DXgvw/8AatOgsdMcxX3i/wAmSSYT3l6pDR2LlmjeKMozBSd47e7fFX446X8Mvh9bfDf4aeGH8VePrfxK13pXhPw0A1vptvbykyXuu3caultHHy8sk7tIyBznNeS/8Em/DOt/EH9ifwJpOm6hJ4U0W2n1CLWNRtR/xN75I5JHmXT3bIgWVCE34GOSBkGvs4/Crwb8N/CFrY+FdI8ua/v/ABPd3OrXLfaNYv2lt/3kl9qEm6eQMSSYRJ5YJBCDAav5Y4lnQ/1qzlzinGOZYlRpRdlKXtJe/Uad5XsrpLXT3kkf0dw/Cb4dyuKfLOWBwrlUaTmk6cElBSi0m0nZtaWva9jzv4I/B3xX49vPA/xG/aK1iDxpqdzPdX2j+BrVpYPCHhtfMMtqv2VGH9oXsBwzSzM8bMMqgzx+G/8AwUB1KT/hsD9oKCzK2kFidIto4rVY4II0jsIdscUaBVQAAfLgE+mK/p88AWL2mm/DiN0bBt5R5YUgBiCRuXGF+U7u685+v8pf7fWo3Fx+2J+0U8QAV9ZsoDyDjy7KNeBycAEEk5I696+p8N5KvnOL9o1aGEapxSjGMIupBNR6LzveWqu+h874gU6WHyvCqmpN1K8XObvKpL927uTbvdvstHt0PkmK8kkS9SVJGWSxADSSnk8ZJ+baSOfmIP1yBX9VH7NP7Uvw9tvgR+zl8NLnw9q8d94utNK0ey1+X93odtqNhdxiRZrhikYLFCFB7kEHJ4/kwvbpbUOk11EVFlt2F13ZKAnAJzu5yT1IA7jI+qL345Xut+Ev2e/AGjSalpGn+EdS0yWadJ5olvrqXWYi8sDRNGylVJTcGxzgDdtr6bxG4Uo8R5fgoVLpYSviK14uzgvq00truV5uPuq1++jS+c4Gz2eSYzFVE/8AeKVKlGDV+ZyrUua+u3K5W/4N3/cD4j8d+G/D3inREgWbxLrVlpE5tdK0KNr6czkbD9paPKWyAgBpmZsAkjjivPNBPxU8b+N/GVl4o1dPBXheW30+7s9E8OSpLrgikjTIvdVAaJ/MUsrRIolTJXcSBV7wnc+HfC/hvwvr15Jp2hQy+C/D8l5qN/IkM2+6sIGkknuZW84tL8zk5bc5YtziuS0X4xrqfirxjafC/wAL6h4y1ZpLGFNVmjbT/DcC+WEL/wBpTDyrpUbLlEwXxwccj+N3KcJVaSioQpy5ZVJK7TUox0la0V9+7vtc/pH2FNqNROUpOMZct3ZppS1SfLo7u79Utreo/D7w9ofhPxB4mhs7O1t7f+0ILptSvAsl/IREfNkkvbpnlDHBaQI6KDnChcmuZm+N3hDTfEXjKy8OW+reONXnvreJbHw3ZTXsKzRxGJory/jUx2zIxOWYkBc9g1clpHww8X+MPGd23xP8Qy6jHBfR3R8M+G2k03QFSWLeIL1lYT3MiEkM6yBH5wB0rrNL8TfDL4RT+MbS7v8ASfD/AJWq2rWujacEk1SYSRMAttBCHubuSQ8sJHYljy3eiHJd2U609ko3irNxTbbTckulkt3qru2sqc+VXcacWldPlcrXW3btezsr6J6mDHH8avHXi2OC8vNM+GGnWukSCS009hqviSaxncNFjUkIhs5mQ5ZHjLIeMdasXnw48L+EdF8e6hes2seIR4S1928VeMb/AO1XYEmkXW1FjmdbQYc4Ty4jjBA/hzk2Pjr4o+PPHniEfDrwY3hvTZdIto18W+ObeS2Uo4QpNFoJH2qTcp3pIHKEkZU9KvXXwah1GLxZrHxM8Q6n4+1qw8La5Na21zNLZ+H7J10e6kzaWFuYWZAy5UXBfGBxXqYepKjiMK5tU0qtH3KavKScoe7Kz31b+K9lsc9eNOphq6inPlpSanUbXM1BO66atabLbdWP43PBugwa/feKbebwaPEF2vibXZ31e4ukstOVVvZuQ24DyACSpUAEKMDBwPM/iFpcHhPTNS1K6utB0qEXSQWsNk4uXkkLHdFG43bkiIILDA45BGRWPa/EnTfDXjbx7Z6vqF7BaJ4q8Sm2it5JVQKb6by7SONGUBMKFJIyT044r52+Jnj6TxvrMMUds1npEE0f2G2QMWJbgPIMYO8/Nk5PPWv9BOG8qzaVfDTlP2WCWGoTUnGXvKVODUeZzaT6vlS0XXS38R53mODSrU4R58SsTVh7stINVLXatfVaLv52P6d/+CE+laJ4m8DfFbVNX0ux1l7TxXpjadNfQpcLAXQhykMoaMbvVl3DAA61/RpPpunWkd5HbWdtaxw6dqTbLeGKCNTNYXDZVYVTaMgHaRjsOCa/mc/4IJ3upaR4T+K1vdQTm0ufFGkxQRKpILLE5AzgfMQDuyODznGBX9AP/CeanN4s8U6FDAqrZeGp7tF3GSV/P067ILNjCAFQCc885BIGP5S8UadV8e5xTTc4RxNC1/hS5KO127t9rPfo7n9G8Br2vCWVz1T+rSck76OM3fdXWq3Wuuy0P4Vfjl8Uvi7bfGP4w+HtO+Imq6X4YX4g+I44bOC4eCCFPtzhUSMMF9R5gwdwB6gA/NOu67rbpPLqvjzUtSuY2IEc9xPO2xwcOS7nAx94nBXnjrSfG3VtT1D4+fFOW9nZFbx54kE2ZAy4+3TnDAHaNuxTkdsemD4m3irSbK/vorsx3NwLeRwB84XaTtwckBsDJyDgcDHb+kcnyLCRy/AzVChGcsNQcpezpqTfsqb+Llu762+aetz8KzXOMW8wxdFVK1SKxNWMYucrWVTRb8rT92y+Vr3NvU9W0TS7i21TVn1DUFiikdcFlikk+9hiBg9SAcA8nmvbv2Vbjxp46+K3guXwjoWrJoOnarPearc2kc0un2VsFP8ApN/Lny1IA+Xe2Wbp7fCPiHxxd+IwbQMkFnapJtRE2sSCdp3YHUYGBnOPm6HH6/fsKfFKPwL+zXqXhq0m0231jUvGqzzXTxxjUtQtJ02i1EzDesMJyTEG2knknmoz++EwS+rYeNX2jhCzSjFcyScne+kdWlpe2yVju4epfWcZSlWqOmo/veZPrHkfLdu7XNdaLVq3U/P79pW8mHxq8cJNeSXRj8Q3cDXUwOGRWGMA9AuePT7xxkkePW3iOHS7r/iU2kdzfEGM3tyoaKB2GA8ascb1y2GIOD2BFbnx7urzVPih4wuGna4e4127dnAI3qXI4GMErjAfGMcEHiu5/Z3+FOn+LfEdx4k8eTLpXwv8Ewx614u1GSQRPcQ2581dNtizKJLm7ZfKVUz6kDGK4J1lRwNNzb9ynBcsYuzfKopLb4nsm29O17e1Gl9YzKahFXdVvndrQjpeTbWmiv8Ah0Z9+/syfs0eDbvwQnx9/aG8UR+H/hroo/tXdqUwSfxFcQt5g0+2jlYSSQsy+WI4eGzjgc14J+1v/wAFEdb+JNhN8MvgnCvw5+EOlh9Ohi0kGx1LXraJfKWS4eLY6RSIFYIW3lWJLEZWvmL9qX9qbW/jjr1v4e0czeG/hB4TH9neCPBtpL5FoljaDy4tQvoIyqT3NyFEh3BjlueM4+O5rhnUPKxZd21F4VcEccAKQw+X0GPXg142GyB4yrHHZlH200+ehRbUqVCPuq/K7Kc7WvJ3s3ZJbr1cbn6wtGWByx+yptKNavFv21ZpLms0rxgm7W3atZ9DVur97hXZWJdiWZ3JMssjHLvI7ZZmPJZuvJOTms97K5u0OB8q4OW4B+bjJPXjGMA/XHFR2rozpIw+6zALjIB6nfnAxxyMfj3PS2YkvsLbxAbpBGFAOXPcLxjO7BAB46E5FfXKnCEI2jZJNNp2taMdVbXZRenzb6/IzmpKblJvdX6vmUW3rK7vpu9dU73sZFt4de5ntoEbLSzxQvgFQGkZRxgZbAx14/u7ea/RL4ffBDQvDvhkam9rFcXc0UUpmmUf6x0UlUduABlQSeozgY5rwX4f/CXxN4g8QeHrHStJu725mu4J5REjGOKIMrM08hUJEMBiS5BUAHgYx+i3xA8S/CT4L+HVt/HWsx+LvFccERsfAegXCmC0uViGz+1ruP5fLRgA0eQeCOCOfBx+PdGpCjRcqtWW0I+9J6pe9tbTXV2f4F4bL54hTnNxo0YpXqT0W6bst5PraO93ta5yWi+A9Q8RWHk6dFFZabBF5moa9qLpaaPp6JyQ1zKAG2AHCoSSRhemR5X4g/aA8DfCG8vtD+GUI+Ifj3mM67PCx0O1m2GNktLQAi8aJjmOQHadqnFeXa349+MX7RQOlWLHw54Ps5WFvpWk77LR7e2GQVmePabybYCWDMylgThj19z+Enwd8G+CRDe3VrDqmuYWWW/vESTynzhljRsgDcwIOMjaMfdAGmCy7F4yTli5uNOVmqMG1dO2kpac3X3UlbVO9znxmY5dlkUsPT9pWire0nZyvprGLuo9dW+lrXVl89WfgP4t/HfWF8T/ABQ8Q3llZySeYLSd2i2R8usVrZKY44lCkBC0ZJA9+Pp3wL4f8J/D2a0tvD2lxG8jmhLXk8KS3E0iFRlZGB2ZyW+XAXnoANtTXtZuDrOqNCVSKK5KxquUQKm5AVUcYI5Axgc4PFJoMzyaxpjy7nzcBmJJPVlJIBz1J7cjHT17cThIUKE4U4KEYx6JKzSXVWer9H6atZ4etVxdSlUqOUnOUXaTbSvy+bvZN76Jr5n9f/8AwRp8b+KfFn7NHxBh17UZ7y08O+P47bRIpDgWUF7FJJPDGTkhcjdtBxu424yB+tKSeWBld3HILc5GDzwcMp3DHJ9OOn5Cf8EVLXH7MPxOmRWUy/EeJfm4ztjdctndzwSue/QjOD+vEKMDkFTksDyTu2lcEAc9ccdvYV/EfGrceJMyenv1nJW739eqvt2+Z/U/DtFLKsHC91GnTV3daqNOS0Vr9FfXRW0NjRrxh/awRthGlamCxAzgWFwOOcYO484OMYPIwf8APY+Plzcv8WviWqTR7W+LfjTf0BIXUmA4JyFO1sHGSR34Ff6C2nqVOrqzjc+l6oMZPANjcHAwTn6g54wBX+d9+0ZMbH4u/EhdkhY/FXxsynnYd2pyBflxklQeuDz0ya/TPAiftMyxikl73L62U47rXy19T4bxUocmWwlC+nItrayVld2tZvX13uzCn1w6TFK8sqhChCQoAN2SMHb9/LEDv26ZGR4r428V6nq/lwhmgtWubfFsoYeam8cleCRwcA8HGT6jWC3upzPJLIzSfIsa5G1cnABGcELz0X1G3IFem6/4V8P6Nothbnbf63qKW9xNMxQtZsHUhIiFHXOBkckHHINf1VisRTw/Jffo7X0S1u7XSb7WbT87r+dcLheeb5km4tO907X3e29le/RL7vlW7iuF1/Voo43bzZ4GZhH8yIIhnk7iB3B3ZOc4/jqi32pWjiQ7VMjKGBIPoWYAdM+uevYkke/roUA1HxQZFiYoIGVmUZVQg2oHUDkgjCg9OMdTVDw/8Ndb8RXNtBpGk3N7I8vK28L+WVZjgtLjavBPOOSMtzmuennGFpU37acaevVxVl7rt0f39brW+vtLK8RVcXQhOo7RtyRvaPuP8Gm/I8s022uY7jBBZjht3dQpGSeuSTjGc5GSCea+htbSW4+GNsIo7i7uUhuIREhaSYNMqrGPK5YiQ8AHnuMd/SY/ghoPgW2k1X4p+LtF8H2Bh8z7FLcRvqUqkbmSO3DGRnGAoULgHnPUVgaj+0z4B8N23/CN/BL4f3Pi6/aCS3fxJrtsy6eWiXAnjhlBBKsC6spIwRzgCvMlxDTliH9SoTxUlJJTiv3fNdJNzkrWavezV0vM9D+wKkaUZ42vTw1J2bu1Ko07N2jFq176t3e+mp5t8Nv2d/iL4lhN5cabDoWjKiCTVNcZLOOOJgGebEpUvGoJIZRkhe5Ga9eu4f2Y/g/BG3jTxh/wn/iG1IK6F4aVri3lmRseRLNCWVfmXBf5QOQevzfNuoax8bPixtfxx4zvbLSnkMa6JpEzWlrFGHYCIJb+WdgVWXDZHX0JbsPCnwa8OWMwZLMXE7ZL3V46zT7gNxcb9xJB5G7PrzwtdcqOf5mouting8O0n7KhJxk1o7Oo/e6WdktdrWZxyxnD+Uv93h44qrFu9Wt70Vbls4QXurpvutND0LU/2v8A4l6nBNofwP8Ah3o/w40Ro3hGt3lrFNq7RINpljndRhgoz65PB6Ac18NvAer/ABU8dXOsfFnxZq/jltM0R714bm7l+zQTSSFQoiUhCiOuSNoBGBgDIr2HQfAXh5bVlufOZgsiIGO2NcqACBHtVQ3oCeCckd+k+HMeleF/EXi7TfJjS6uNIsrXTVUbmmae4YuGYNjaAWI+gGVOc+RmuSQwOEq4hJzqrV1JXlNt2esneXa7VtLKytp05fxQ8fjKeFu6cJKMlGHuwSTWijFr5XSu79me9+GPDui6NDJHb2Vho1jaWlqIEt7eKBpFEalGLBAWLdTk5zyckVPfanbX05/s63yA5jN3MpKBdoR2CnAIGB3B6H7vWg9nIZZEv3nkdYbaNYmyqRtsX5CoAGwAqFB3YJwOcARnw94i1iSCx0iwuJgJdshgiZIRu7vIVIIAJ6defmIFfmUafNVlUxFa2qcYczaWkXpZJt7+vc+wq1KlWMaWHpSqNpaxjdte7a7V/wDt5726ppWy7mYwi5giIn5kWWbgqvyncV2nanfG0nIBOflGaXiXRI4bbwFcW4Xyrt5JG3HmWSOQE7RjnABGBx3HbHtNl8LdO0eyvNV8e+KdL8PaVAgadZbqKB5CFDbI5HYEyHgYAHsDyK5LX/j78LIL3wz4Y+G/gzVvixrmjJKtnbaTYSyWlo7HZ5r3gVoZiWO5iPlCk5bjB9bB5rhsI06VJ1uWLTldKN/d1cm7Lqnv0Clw3jMXZ1n7CEmrKSbnq1ZKMdXd7LSx2vhvT/EGpSRR6LZXcsdyiq7NC8dvEQ+3MjnaAqHncCeccgMcdhe/DDT9NL6t488W6B4d03eHmF5qVrbTShRlioJLjnCqCASD/Ea5PSPB37ZPxThZ5H0L4KeFbkhY0hijm1jyHbmKWCNQ4dkBAbOd2OBna3qnhL9inwFa30V/4/1TxB8StY5lvH1/ULkaOzEli0ViZeNjBiqBTkYDAgYrwc04tpRnLnxlOnd/w8PerUWsV8d+SPnq7N9Vdn3GUeH9SUYNYKdVWXNVxCVOG0bcsVq1e71to9uq8nf4u/CXTr+HRfh74V8SfFnXI2YW9vpllPBolq6kKJ5dRdGglhHBJBx17E7fWdC8VftV+MdCm8KDxvZ/BrwNqMsj3XhvwcjXWqXMbg4FzeWzKkcgiIRmUA5Y89TX0/H8PfDMFjouj+GdH0zRIrVJYlh0u0g0+MQYYbppysbSYB25ZzuGeSMmuD8WfGn9n74EaU3/AAmvjzQLa/gaQzWdjdQalqzOM5j+zQszo24EA555J6nPw2PzOpnT9jRwNXFtzioOpCVZtrltJxcXCLT+H3bprTufpGWZDgcihGticVhcK1FOSjOFNJJwavJWu+nd/ieUeHv2UfBiXb6nq58QeO9RYLNcXXijU7q5gDlt7OLcSBCVb59sqnOOwzn3XRvBOnaLGIoLKCxtYYwqJa28FlAARlQ0v7tXCj5WJbPUn3/N/wCKf/BWfwrpaXmn/BrwPNqkgDxR65r7eTaM4B2yCzIEjKcEld2Rjrg4r8zfir+25+0H8WZZbfWPHV3pGkyhwdH8Ns1jaRpJk7N6bZRgEbjv/A5ruwfAnEOY+xdWUcDhrJWqNKai2lpTit9Xo+Xqu6OfG+IfDeVKpDDQlj8Td+9Bc0G1yNXqSa026NavTt/Qz4s+MfwU+G800nizx14b0xoY3Ethb3kN5fhhwwWBS7O+eFHVfl5zjPwr8ff+Cknw1g8PX/hf4OaLfalf3CPC/ifU0NrbWsiMds8Vqw3SkMMjJwcgKpypH4STa1f3ErTXdzdahO7MTNd3E15cM5+8xeZpGx1HB4OMf7NX7Jql6MwwXcu8jaqh3JY54CIrFjxwMA5IAOen3GVeHOTZdWpYrGV6mKqUuWV5yjCmpRcWnZNvR23drX3s0fnudeJ+fZrRnhMFh6eGoVYuLjCLnUcbLRt+W9ldbM+jPG/7Y/xw12eXUZPGdwjMiwKLePYVReMqm0kEc4P3gcEcCvAta/aF+JWpll1Hxtrc3mKS6G6aEc5xwjA9cZ78EZ6Y9l+HX7Gv7THxuIT4a/CHxx4oQRSzvfW+h3semRQwQtNK81y8SoqBFLKWbBA4zy1eIQfs8+PLrVNZ0+8sf7OvdD1G60zVIbjKSW97ayGO4g+flij71DKCAykbRwT+o5RjMvxWI+o4DEUa1eEYqpSpTpylFPlSbjF3gn0ukvU/Jc0pZnhsO8ZjadWlQlJ3qSjOEbtKTbbStdbLzZ53qHxL1m5Defquq3LueRJezuG9wN54Ge/XGORkVxl54wu2Ykh2Yg58yR2yM4JIJ6nGTxgHt1NfQKfs5amyvJezrCq4UsHXhucnavAH0x0GMciooPgdYR3Bge4aSQMU4VmVjgBecNjjO7k8ng56/a0skx1S3LSW19bJfZu1tv03eisuh8JU4kyyDtLEttdLtbWva63T7d1uz5pm8SXUnSFBuOcg5LH+HBLDHPIyQCORw3FGTWdQb93vkG7nCMRuBHXbyQeOSO2QMAkV9R6n8FNPsIZnizI8Yyysu4kN1IBIO0++VAyVHIrjofBllA5aSDHB+XyyQMHOeQOOCPf86JZBi4Ne0TSsk0nqtIp3tu97337GMeJ8vmv3dRPVbu27Vm1Ztu6fS+m7Wi+e7ie9kH3XbJ5LFznuVIyB6cdRx3JxmGS+kmWH5hIfkAK4OMDscAYxkkjnPPOM/SF14cs4kAQwjccqrIAxyenqQDggde/pjy/ULWK38TYaFCIwuQv3SuPQdDgZOD7ZyTjCtlTo+zu5Nuok+ttlt0087rq+3Vhc2p4r2nIvgj3fSz77fP5325NfDmr3Eq7Q8gKgnaQDz7jAyecDngAc9KnHg7WCSjQvu4xvxgY4OMHnAI4H5Z3Y9/s7mw8jKWwYrsyFTacjHG5QM8AE5HIxwc5LhrKxl1itI1ViyhnUMwwp/TA559RyRXTDKaKtzOVn21WtvJPVLVfPU82rn1aM5QjST5Xa8trppaX6u2993228MT4c63Km6SPAZlCsASAD2PGenQjocHHYWY/hdfHh5FG5uRgAgAgE553Dqc59SMY59kuNcuWjVYyFPQEJjH+8QPu8df8AgIwTWLJqN60mC24dCW3HB9zgEH64POMd6uOXYeE9Ytp6J2faPdtJbbvu/Mw/tnGTScXCC0u0tXZK7Wt1fpr9z35G3+FdiP8Aj8uZdylSCqnHJHTA24B7noMitBfAfhe1lUzzK0fI3SMC3HGcAZHzHOMk5BzWyDfTbma4fqNq+YQpBAJUjuAe5J6D0NZkmmzOZMb3ck7sNuwDzwCcDGcZ78dhXQsFRg4uFFTTatdbtW0aatbe+63asrMxlmWKnK0684ppaRTTd7XS7JK2rV1b5O9baF4NsWLxyxzkFeHQFTjJwoIyc4Gcccc9hWm03h1fMW1t03EBY0VAqEgDJHBIIxhcfN14+U4w49LuIUOYQ7bQQM/MSOmOOnc4yeny09dPZHV5MjcC5VmHLZIIXHuOB82TwMkVq6fKmvZU6f2V8K7b3a6X2vsrrR3xlXxDk3GpVktGk2/d+Hq1ppfRLbbe5xGqCCPxWjxxmNFRCgZcoFAIGBwCMD69j3z3mnSIzb2IUEh4wqjDLkHIAz2I5IA5+XGeeQ1G1abxJhYpX2wplTG5yQv3RhTnvyQeOTgYr0XT/D2qT/Z1g02/3uF+VLeQlgw5wdh5yQQMg5HHQ1ngE+erdRSjLRvTdRWytfe+yu35JvfMZVXRoWp1JS9nG6V77R0dkr3V9ur7u5mzOSlwyoQp3AMDkE55IB4Hqx9OowQRmSrKYAUUghWOcDlM9ARjJx0Jz1z0ya9LTwJ4pmBt49B1Ms77FDWsmMk5AGep7Yx+m6uli+Dnj64Cxf8ACPXCDywGeZQowTkfMRyOORgZ4wQcZ9aPsIu8qkFa28r6Xjd30s+llt3ujw8JRxrbccPUkpSu7xltotNLN32ul66I8cso3uPIRSpJGCC2GQnqNvU45IHUjHPpf1LT2W1fBUSRlkUHIc7VwfXJOfYdPcj2G3+B3imCZGnutMsVk+Z/tN3EjR49RkMCMnop46itB/hZplqWXWvHGiW5IXhbmKRgf4icMeQBnOckjnHGdJ4nBKnK9ROXdyuk21ZaX0drWWt/QKmXZpUrRlTozXvJ6qy15Wk2+nRN39NGfNcNpKkiDY2WUKwHLAdGIBzjJKjHsMccVcnswowIzlVIU5IxkcZzj5j3Y5OBxgc19ByeGfgxpDK2p/ESK7YLuMduNxVx1QEdskncB0OetV5fF37OejyMySaprbRoFZDE4R2P91sED1HQYII5ry8TiMLGDjGSd9bpqyvZ7JdtrPrZt7HsYbKswqcsqrhDVXTktFeOqs1d3103v00PnCa0lk25jcSBzgAngAfKwwCGXk8HGdpXHG45Ws6bfTHTD9juZC7HZi3fe+eeCq8qccDBxz0xx9Lp8d/g5ps3m6b4DmuvLRionB5Kg4xuBAIwMZHA4HfOZqX7VHhyJoJdL+HlrC8bs0RuUhaMAdAgKAZIHJ+X5ux4J8OeJoxUlyuSbT1X+FPRq7WnTdLe6ufQ4fLpUrOWIje1mlZ6O11201376LQ830nwR4rvLfdZaHqcgZQwxAeOAF28dOcbTk4AOB1PV2Pwb+IerZWLQLuIYyROrRbcjGSrDHOCCRgcdB2bd/tZeOLiUyaN4Y0zT0ZfkGwEBuisAgXgcYCgjPtyOcuv2g/jJqWT/a8OnB2JY2ylCFY52n0AOOCCMjHLE1pGvKaShSktt22uVcvbv+F9dNTKphMJGV6mI3tdKSWr5d1fR720Sve60PUNO/Zr8bTMzXQsrQY+YSzJtyOCSCwKkD34YZzXTWv7OssKr/avinR7Ih2DDz0IAA57tkAevBAPYgV80T+P/ihquGu/F+olCzBVSRlJBABzjHOO/Jz0HSsl08Rag5N5reqz5I8wyXUvOAOQFbuck87s9wTguDxUmoqKTbtdKz05fW+t7paPTpa2cv7Kp7udR3Vkn8Wi/l0tf0b8z6/g+E3w002Mtq3xB08TRBxJFFMm04znaQeR7ctuzjg0+TTP2edLjD3Hiue7uQmGhtiGG4HHykZGOcHnPQk5zXyGmgB5mLT3E+cE+bLIWO4Y/iYseRzx2rTg8LxGfeIUBGwkM+QAnPcH09ATjB4yA3Sxl1yz5dE3bXpF3sldPuursl5TLHZdDT6vFq0bNpu3wtWelnorva3ax9U2Xjn9n7R5C0Wh3erSRKMmRWKStzgnAHOeASTxzzmulh/aG8Faevl6F8MdPniGVQ3MayADqM5UsOfXOQQB3z8u2eiRMFykMSnkEADLKTnIyevGc85556V3OnWWnowWW6REAUlFVBkHGV5HPH5gA4rmeCxVZNTqztpZczt9nT/gX6XW4nm9CjZQpUo6NpKKV1ZLr16Hun/DR3iSYRLovgrw7pixqzBo7OMNGwXAI+QEkA5AGDyRyeRm/C7xx8XfFt14osvA1jHe6pd3x1HVUS2ZUiijGGZQpAQZHcA8ZBx93FstQ8PWsPlKu9iDh/LwxBRgME59cHBxxk5yM7X7M/xbt/hLrnj7WNQ0ifV7PVI7iwSGJtksTSuxjdWHK4HLgDCnGVUVyVsrqw5Gm5TlJWvdpW5brottHZXdt7XOrCZ1TrNudoxirSaja1mkm1okkrq+tvtba8H4g+JPxEbV7+01PxXPpdzazy2lzb2xfEM0LFXTaW4K/MpOQO/PWuBuL251ZpX1LxDq18zGTlZigLZHLhSMggAYxub1GaoeJL1db8Ua5qRiMKajql7eIijc0YnlLiJyM72XPzEZJ65z0LKxuUhj+7GJNwXcAzBcEljg9MnpgjODyOnuYfBU3CLnH3rJzd+vupvV23tt5LRq78XF5xW9pNRqe7zO22iutfLd9dlv3qeTYY8vE9wQcnz7iVjnHI5kKsVPAAJ654yBXTW2laU2lJPDaRrI0pUZQFucZwx3HC55zu5wOMc86LGZGYEgHfgMCN2WHXIPK8Hg9Oc85rpEinhsbWI5JaU5xyARgZ3dCwBGecck5Ir0aOEptyTS1it9U37n2m29LLRaPybaPIqZjWlG/tpN3V12ejVttbNau11ta1jNlsooy0Hlx7T84aOMFxkNk8AkZIB4AJ45yaTT9PM9vcjziGIJOByoTKnJOzrjcACehzjqOnksdsDmVx5oAbk5JUjKqp6HAIOB1GeODVrR7GB45S6DOwqoLYEjNyTgErkkDBx15616FHLqTlotl6RW1tU31Tb69F3PIq51iVdSk0k1Z8z7xVtFvded3dLdtee6foU91cRwgl5JDIgVy3KjOGyOcHLYxgcAYzmqvibQm0+aC1Xp9n3O+CN2Q3AYg7hkEHH3ipXIr2vw5pX2NL7WJYw0cULRxRkg4dtwO3PTAGd3zZyOgHPn3iu3uLy4glJ3F1GI9wGxVYnByR26HjPtjNb4nBKnSjaMG5W6apNx7v8AHXq2bYXOJVakYNSk42k1d2WsdXfbWzaWqv52PKptJf7G5kKh1DADavMe0gjuD1+6eo6kDFfop4Bt57H4D/De+tgqzWuom43j5FKQ3EbA5GTuIxg5BbnGcg18Ry2Uklm7FMq5K8LjBCEZ3HIyxxwe4z0PP3v4Xs3/AOGbPChj3B01S5AO3K7Y2DsoPGFUDqN2SB0J48WVBU8RTc+RqUHHTS7fLbS9uZ3to7LpZn0tOvPEYWSjBpqcVF79Ve1nbVdmvw1/oqh8TQeJvh38Mr2cQPHe+EbR7xNyYbZZqp3Ej7w27sfKTxjJya/MLxn4gh1b4i32nrbmWxsIbpYirkoGjaTbjHGAVGCQ2O2OcfZPge9T/hmT4da48iCdPC8TBtzHzhGJU2IcjB+XG3p1OASc/B0lu/8AwkMN6scsY1GG8l8zYcu0spKqQQWCgYwd2GPT0r5HGVPZVKtNbKbTae6utL3ei6pXu9LNo+ny6mpQ5mnzpRT5tekdF2s1qtHe2tr3/f79kDw8rfs0acrWoiubqyvbvfsBba2QG3nGQOOAeR83Hf40/aA0R/s+CJXCPI5KoA6lHb5gcd16d+MHO05/S/8AZu00ad+zf4Y3xFdvhQEYQhn3q7MTgckcEHgdATnO34U+NVo93Z3q8rv811aTDbFV2PBGNvPyjnsRj1+by7FSWPmlqnOy2/u/8FXWuvkeZiVKOJj71le3RXtytaN+W+nS2+v5x3FsWuVQ79qqAhkUAIM4IYYBPzYGRyWyeM84l1prSkMG3qCUYR4BVuT8uc4XPU59uldBrQmsnna4YybZiI2XJ3Lux1BACkfL8wxkj6HHhuQpKmNovN+dXJLYXoMcHJyOSSCOhxzn9EpuSSlJqz+6N7WW7S3er39NSppPVLW973V76eT6qyvuiGzlmtZ4TEBvwUdG4yg+X7pxlto69jjmtp4JCPtdu5kRFLnaeInLbTkHkZYc9wRkAYFW00KaaFNSELSKUy7Dgn0KY6BdwbIHIJ+XpijYzSwGaIKBJKjHymztBRid/IHPfDFhnk85I2U+de5ZtaJp3vdRb81frbWxxTlKLXPGTbdo3aXSKTatouqtru9Xv00ERm0XV7vzoht0DVwVwAwZbKVjwRkgndz2Y44GQPWv+CD12U+Bn7V8hMZH/Cz5my3BxsdSRnnjnJ7g8YPT5+kjurfTtVmTLpJoOsM8DSMoDG1kUkKBx0G0Yx24GGHtf/BBtPN+Cn7VhcOI/wDhY8gBT5gGw2cKf4fl579cfKMV83ncnGKUnpa99NNafzfn997Hq4P3sHiNLNWvtq+WK02vZrdadPi0P0S8cmC5mu5QoCALwVJMgPzZJ4IHXGcHBz2rxaSKIF5EjKsxG2IgFABgckjgsOc7doJ4xwK+ivFOiTyrdLs+R9rhzy2wNhSCAAqgZDds45ya8wm8OzOSyqA+3CquNrhW+8RwcEKS2c4x1wM1x4fF01CClO1lGysm1rG366X0+R8dXjJ1Jtt6vT3b7yTV1KyurWs+7tszzf7MZRKUADs5xEBt55PoC49weDknrViPTZDHI4jZgU2yb1JAYEAqGPHHQYIyOBya7WHw5KsjOzArksoYZJYcbDwSOR8uOR0GQOeht/DV3HE5lG4yMJEgxuRwQT1XGMf3SeG5wep1njYRaanrumm01qtHfR/iromFPmskpPzTV7WSskkk/W2tk+lzyqPS7hw2YShAQQRYJRgwxg4Azx1B6NwAOi3ToM5iKywmIceSFUncQAWBbkbM4C5/hB6d/Wbfw7IWmDKAX27VbGEIIyoyMpkggEDpwOoFa9v4ZkdJPMyF2/u0OQME7mZgRlDgZGMnnI7muZ5lGL2bld7SvouW+rvbVd169uyNBtK6tppbXZLS0Xvru2t0jw2fQ1ikiDKVkZQJFRRkDjng5JbIAOCAR+VebR1Bmjjj+cFCW2k7VOOCc5DEHjGQOp617rN4TZJnUhP3u3axOWUDB3Zzu6D5V+mfSobrwlhVVSYzzIG3IGkIO0hxwxycnk4J6c81cM4UV7q2trfW6sla+z29dXciVB3ulfz2V9FfXW261tbrbY8O0rw3d3eqBEKjy7i3KFVLMzFhn5TnDY4OSp6njpX5Y2ljcL/wUf8AFtqAy3SwXkSg8EMqxAZHUfd+XAPTI4xX77fCLwnbSeNpbG4WJUl+wxsJF3kmR48uucjIJ3Zzg5YdDkfjt4h8P2ul/wDBW/xfpsBElvHrBjk2/NmOaJiYzjjqvUeg4wuKeGzWeNxrpSimqMedapt+9G8Xt9z2vqfQU6TpZTVlHSVaEkrtaNNWdtFprbd7W8/y1+NY8XQ+IYX8N+INQ0q3TS9xtkLKlyRkhiBgbmKjBIYnsQAtfO0Hj742eGPEWi+J7XUtbi1zwrcR3+jarbRKslnMhYrIAI/mUkLkM2CPcgn6q+OMpj8dNp8WXBtVjhCE/KCSHXjjP3RwvGSec5rhNO0jUDq83nzm2t7exNykczLJGQi5zJz05J6EccZzkfaU8rWa4CDqTkqVSK5qe8NbacrSVnbp3s09DhlmiyrMZU4QTlGVlNK01rC2qX91WfVb93wPxo/bU+N/7Rk3hGw+MOsJrUvhC3m0/STFbm0mRJgFdrgkAtI4Ck9RuJbgkkfpr+wB8f8AwL+zzqUXxC8aNrj6ddeF7nRmGkQG5e2mlysctwihmeME8KmCwJAJPFfhb4/ugfiHqs8TIUGoIR5Q2oxGA+ACQBuyFySpA6dx9reHrmdPgbc3EXnG6/tm0hURsR8iEsoGDyAcHGOcnGTnHwuO4ewuJhXyaMFDD1lOk1BcicXvZJO19Wkla/RuzPuaGYSlS+uzl7S0I1LdWrR0Vm7W03+b2P6wvBH7ev7P/i2CA2PxCsNDumsI7y4PiuwuNDgliJGFR7tlV2UEAlTyeQMdPhT/AIKd/G/4cfEX4A+JNJ8K+OPC3iK7bU/D91FbaPq8F7PdKtwTKIrZJC+LdQzscMFBBOATX4PaTpPjH4smGziv2N1pcRhZXCrBBZIAux3cDewGMYznaRg8iuD+Mfw98VfDfS7LXby9tfsl0zWcJtpJNwYDq6AlcjPOBnJOCB0+Twng/hMoxWHzSjOrbC1Y1YK0XGyabVmtFrZprzuRHirCYipHDKMfaTjZLS9r/wCF2srp7u9l1Z9XfsI37r+0l8M447oQqvjfw4HXDKdxu41UbdwDZbI6AAADGTg/3jR+JZ9P8NwXKuHk82cXDlCQgQsTuIHJ29F2gfKDnJr/ADv/ANlHxLfab41tfEGl3U8et6bZnVdKmiVTImqaeTJbTAsCFEbIpyR1zniv2I0j/gqb8XNHktbTxVeeJ0hj2W2tTRNZzW9w23ElzHAIiQ20fMAQCcjPavN444Jx3EssLWwi5lg1LnXV3cHZbJ/Dq3bfrrf0qOMwlGChVqRpyqJ2vJJtaNO1k7KNlvp5H6xftteIp9UttchvpkmZ/h34rljKAkKhsZvKCkH5SMjIOd3Py4xj+NT4Pxf8V9bNnZ5XidpXbPy4+2Ecg9BuIyBngZz6/wBHWr/tcfDL4p+AvEerap8YtCm1OXwR4htl0vWdFutP1KJ57KWG20+K4kKxPKXwrMuQxPAI6/zj/Cq4iX4ghUVGF7q8gicFlDb71tkq89OpXAxznHXPqcO5ViMryx4atRdOpCCitHG/LFNLfW1t0/zJg6SqwlGcZwlUuuVd0uVXu3b16O+rP7Lv2E/gv4c8R/FD4OprmmW3iPSbr4aazr2oadcLm2a9a9lgSS5jyolaOMZjZlLYAANfsf43/ZZ/Z/ufBYln+G2hRTCeNmnsozbyMXlxs3Iw2sc7cHGepyOK/CX4H/HXw14Bs/BGreG/FmgJrmmfCLVdE1GMatFBeaPqMKyXCM8W4F53CgxxAZY4G0/xe1fsgftF/EP49fCvxreah8YLmWDw3Pq4mfUf3Mkmsw3cstnZbmxsgEKoBjIYbegOB/MHiJjuI8uzXEYjBYnHU6eGlS/eUa1anFe2nJJRjCybg0tO1nqfW5dltDHQhKfs1G6TjNRc2o2u1ezSWiur7adz8DP26vhBpPgr9rL4zxeG4nsNG0hLadLAkyLBFcxZx5nJ4JwAW5IA7Ej+ir9gr9k7xn8Sv2S/hb4w0DxTpkEGpaPdJHpd5EwkVoptgDSBgCGIBwcbecA5Ar8C/wBtbVtQn+OPxWl1SeG81LU9B0ia6u4JBN5kr26c70JBBJz7Y4J61/WP/wAEqfGnhbSv2Ivgvpt7rWm22o29jdxSWtzKscib5QS5Vjk9clgSBg/NnFe54icQZhQ4K4dxOIqOrUrywsalSreTnKVBNuTlZuV1u3o763bT68Pl9CE8TChSV4yj7qWl7JLTX7rva1uh5fdfsPfHHT47ua00fSdVZoyFaz1CKHft4YlWYjJwQBjr0GMY/l3/AG8fhZ4y+GX7auoaT4q0K50W/OjaZdQ210ysshnhEfmpIuBIuGwCpPUE5PA/vb1z4y/DjwZp8Oqa3418PW2n3UptrWcalC3m3JYrtKq+7g8YXp8xwBX8nf8AwWKj8OeP/wBtiy13TdRtNW06T4e6TP8A2hp1wJhECsZ2xuHYeYg+8M5UA9Pu1weFPE1Wrn1DCyinCthK6k1aylDkknffpy2ut15nHiMElTrSqQcOVR5ZNSiruUb7pJ3Wq1vbVpvQ2/2JvB0l58BYmncFIPEWqsxjVXzItxkR8c/NnJwM56+h9t8UeFYm1WVkggkQ2ocqYgrhkGVbgZyAOg5JGRx09o/4Jv8Awr8L69+yrBfWV5cLOfFmvx31w4ZwyJcYQkZ4OCDuwODjPr33in4dxvqGs2yahHvt1cW8jx7ZHRAdoGOcYOCMdPfJr8D8QuJlhPEXiDDVGlFY6bvH3uWNouzbV9u2miW6PucooQr5Xh4QdlGmuba1+7eie7ts7q1nY/ma/wCCg9osXxz8JmMIPO0fSmKgsW3pcxqCAxO0DrzkAkfWvZntUtm86/hkCyWujtHOeM/6Oo2sRyFIHU/XNYn/AAUX8NfZvj/4QjkuYZDH4bspCsYALOt1Dxhcndk5zz90Eda9Y1vQJJrDTZ4LxTctY6EyWb4CmJoly7ncM7FJLKVBzxjrn+3vDfGQxHCGT11P3Z4WDSVkm3dt3tZaW21u7HwfENCUMTOMW1JSTb1Skko6tad7paO2u58yfE7w75uiXK2jpbw314gG75nDHGwHP3QxI5I54PGcL8NeNPDk2heMtMsrgNvZLcuUYOjAspDEktzzklieFBJHSv1H+LHhaWx0ZJAIJ4tSvbaCynjYLuu1A3pEpyDh2G7AyCRnqCPz6+LFq2nfEG20++t5YbuC3s0uI5SRJ5pZSsq552nJY4I56/e3V97h8TKc+RtpqSS/lVuV3d/PZW3T3W/l4aKTalBNJJxd9NXF212bu7X1V99jN+LVnPJqGkiCZUWPR4BJzwTsA2sRx0HpySemBXh0cN8reXNGjKNxGxS+R8wGFPY5PJ/LOTX0t4/t4Bq9iJVBQ6NbfIxZmy0Zw23ptGMk5HPQZGB5wljZhCRiOR2ZkbbwQ2SQvocDqckY9M4wxrvXk3Zpd2ktlbW1l162du57WGknTSStJtX9G07LTZ2a0b/Nnmmgx+Z4h0mFNy+ZKwIcEYJJ3EdDg9FwRnGSTwK+mfieJYvhb4R2kSRwXl3HhASd6g5YsuMgdBnIyAAM5U+B29sp8XaMQVCh2Ysh25CHnHIwSCDkZAI2gc8fuX+x3/wTz0T9uP4O+Lrp/Hz+FNd8Ba0kVhp/nQJHfWt2FMkjwyEPMY87gkZ54HYY8LPM3weSZXUxuNc40KbpqUoRdSS5nGK91Jtq++mi67GlOhKtjaUE0rPmTbSWsYWcbX20/Dc/BBbm5gljZHkO4Fn3oxC7+2MZwFPfBzxzgA9V4ZZLnxBp6SIuYpwxKqyhgMAqcY3HnI7ZzzkEV+1fxX/4IffHnwhd31j4E8RaZ41EdvHcQuYWsogrFsw3VzMWSCRdo5J5JAUGvyr1/wCE3jD4RfE7Uvh/41s4NP8AE/hi5+yaraRSrMsUhAcFJgdjqyHIYdQSeAcnxuH+Jsoz2cXl2KhVcbSlBJxqRipK94SUZ2TVr62Wmtz0sVhZ0abUrJNK7VnvZ62vv+m26Kfxs1Kwh1TT4Vtlc/2Zb7X5A7FuDxnjkE8k+2R4dHfwliSAu4lQpLAhTkg5PfB9RgYIzgg+5/GXRJL3XNOWHcT/AGZGWjCFwDsDBguAOfryOR1IryCLw9cI6C4BVyjbA0bDPToc47A4OSMHNeti6lP6xPlne0krJrR2V7q6d1bTdPq9hYWnN0qd3ZKOnTVNP5aW310ttqe6/s8FR4r0E4XjVPlKnOeV24HIBP3h/shicAVb+L87N8TfFJKsqi/AKnnOVwMZyMcdRkHGTjjM37Pumy2/i/wxmNCv9rhGc8Zb5doGccdwOvGM4Bq38aw6fEvxYrxLu/tIr8qnpt4AI4yBjAyAMgdDk+fiJL29OVnZ077O97we9+nd6PS+6v1YZfxE07pq+7vorafyq1m3Zdu55lbIlwZAU24GfYkMD15PAO7AyRwvqB93/s8XCW2gajLA8kZTRNVjd43ZGjk8iVkKOuxwykhgd2QcZPQV8Y6f9mfAEagkBNpQ53bd2ePU9Tn3IyTX2Z+z5avN4a8Q28TZkSz1NzGijKxrayg4OenQY7DPQYJ+czipGVGUHH3W4p31i/ehvq7p35V0eu+p62GhHR+6+bRJtPRShq1v8+3brzXhX44fFLwjdyPo3jC+mjidh5GpMmoRlVYhUP2oTMEUfKFHABwOBXUeL/i94o+JUWhDxJa6Ws2k3RuRe6faiGa4d2G/ziqkfNjJAAGc4BA3D53Xi8dQhUtLMpQ8szCTAOeMdxgg55GMA47zQ1lmeNV4VWwyqD8wUsx446EjIH0ycCvmcRhcGpRrxw9FVF76nGMYyV42fvJba2V76O568KUeaLcUmpJJLbSUV33Wnntq1c+9f2efFV1pnjLTFW1hlgvZLRCZvvoGkTlc4w38RPbAGD0r+774SS+Z8Lfh3JgjzfCWjNgYIy9nERk4yMA564z0Bzg/wifBPSof7T8OXQAyLm0LZBBLedHkjp2yewwOOSDX923wfB/4VP8ADhhjP/CIaL1J72cQ9CRnpggdB04rz+EZc2f5p7Nct8FSTlrratFJvpp021363nj5NZLkuqb+tVZJXdknRjJaX7p9N7p7no6y88HJBI4GNpA9e4xk57DrnNWEcng+pBwOCORnpkdOnOOuPSJQSCOT0xkYzwcg5IH1PrnHFWkVjnccHGBtGcNxnnue3UeuMkiv06nSlo7t319Phd/tO9nre3nqj8kc9tU3bXZaJx8lppfybbQ/a7nJycncQewHQADPJzyOg454OZCrAhQMjHTBKkex6EKeQckZ3FjyuJEJ4GwEkjHPoD8wJPIH8QPJ5zycVYVSxU4IOOp+93I/A84PI7HgZrrhTWzX2U7Jp22tZLXu9ltbzMHUafupWXa393una1vnrr1VDymYAjqeuWA68Yxxls87cHnAOD1QxOpCknI4Xbn5SxORyTxx6kk5P10tqhScYIzktxnnI49OOFH4ZyaaVVgRjA6A+/Y9ywH1575pKhddLNq1ndXUkm7J/K3W7WmqH7Rt3Vkr+V1tfV72b/l20vYzwjZIYAH5l3Nzzgj8s47ZHBPI4XYSMjJb64JIzk4wOOvOMDA5FW9gck84GCCe+Mkg5PHTuM8jOacY4+3Uc8YOOM8HuuevTGBnHNUqMnZXWq01/wAPT520sk1Z22JdVrp21V3dK2ltd97W0+RD5ZHKdjk5J6gcH17f4ck0oVgWyARgEfwnPze/GOo47EkgHNTgBcEjJJxkZ4z6n3z09OSMYyp+hJAz7E4xjJ/+sPXvWnsUlq2mlHm8n7tkturXd+Zm5trWKett1omou781r8LfSxAeCWJ5XlsHjqfmA6c8A9cA8sMDKbvxx1wSSS2D1PXjnP8ALnLwTggjkAswyDk8jAYHHHPXqeDjmmncGPIUHgAjpwvT/AADpwcLheylZJ2vZPlTWkfds2l6a+u7uNySSctlonq7t2Vr36dumz6sE+bGeAV7DjIboT/D04znOOnIFP3HgcHOQOT93vgDgdiMgZPGCTigKOM5wegHQYPB7ZHVcAg+/ZpQBjAAxkEEknJIAO73AxjHAGMAilZxTaUlstndu6SS6pa6XavbTcTab6XVtN9Ele6v6ff98RJBB2jhsH5SCM8bvUNzkjGMZJHWngnGARvw2cZY4yQCSMAjBzgDgA8Z6OK8hcgHj/eYBTnAIGWBOMjt69QuwgnAJwM/LwcA9uM9uc98Y4JIOSSd25a2a1790+Xa++7dtE2SuWV7tNq3zulZrdWdvJWTQZYHGSdwGRkHAOMcAHdt6DH4Z60pHr1xjPBOPXP45J67stgDkMBxg7CFP5dzwRjIIySACQeeDmpBu7rk5I9h82epB57E4AyCD1xWsLWWzs0311sn3en6W3WpTXLbRWWtn6a9H37PqtdRCMeucgkHAHfHGQQMnkDqB2pcseAQRgk9z97Iz1z7jJ7cdacQApIU78kYPXOf0PfrjqRndTcKCSeDySec46DggcgjkBsZHQV088bLS10ny312Wy6b/J7aXC9lr8O26VtY9/wvtoknaxIucgli3BGMZGQ2egHQHjJx0B9qaAWJycZGOCAMg9Scnb04JKjHTAwKaGAHcc5wD3HG3ue3I+v0JkEcsvJ6nqM5JXgdOcjrx1Oamck0mno7dulu2mt+r6dGzKSsrJfO21kk76Wd0+u1/kS7MZIIPPBJABPIzjng4OMnnOOOMGByOOTzwAQCT29Rk5z82QR6igPhRyCpXn5wTncQeOuPQDrt688uVuAcYIOM9jzwBngjoS2CAfQYxUeVyV100aa2fL1a38n99rGVmrdUrXbbu/hbt00d9/su29rRsuQQcHuAQMDkYwRxjg44445xSBD8ueOQMAY+X3wM8j9OOeBUo2jGAdpAx7Djpx25+vT1BXgAdSfz43Y+g69+MZ4z11fK73WySWq1+Haz3WvfVK+lrLmd0ut7K1k/eSXRvord7W1vvHtOM5PXIHTI689Bk9Oo55xkmkUL1JcdcnOfTO3IJ4PB4AHABwM0/IyMhsZwpb39cDADZ9RjOcZpQOgyDx1wOhGR3AxjnPBznIzQ1B2tZ2t7rWr2um7+b1X3JK6tK7TskrJppXdlZN3Sdmr2S0StrayYm0E5DfMGwCxJJLc85GT+fy9MnqWshGSMYI+90xuJznByBg4yc8d15w89WBPXPp2+XBJOeenfOQPTKfdRsdOMjqOueRjGDz0HsSMknKVCDTfKl5u97e7pr9y76vyBwcU0no3s2nHeOlnZuT3ul2VtbrhviSFPgHxoQCynwnrm4EY4+xTDkEkDhckck4xmv4EfF+u31le+IBpzHf8A29rYC7W2n/iZXO4EDAJIXPOenOTX9+XxGAbwH40ByM+E9cznCn/jxl6nHQgZGB0IAzX+fz4ttkk1PxFEXaLdr+vqCpIbJ1S6GAQCARkjIOfbNflWeL2XGeTRUkv9hxTUbpXTq0Fd919yVntc/VOCIKXC/EidlbFYBPoneNT8fNNXs/M4GLxd4nvrSVbmWFMTbRFIwVGVD8pB3A4G0DHvkcbhVW48beIba2MR+wYEUi4Zx8yDHT5sHBGNq9sYPPGFrnhGC0iSc3cyrOVdV885y2S7cHGcc9OSM5AGa4HWNJsVtw6Xk5KRuuWufmk2Lhs5PAHcgDB4G3JFfomEpOrGcXU0tHW2tvd81bTRWS2XoeNiEqdSLjDZN3d9H7qSu0rK2y7P7vrTwR4g17Uvs7rf6faPFpJVGWRW272YBXAYsM8HBO36iutTxJ4hSGS1bxHbQNL+7eMEOuxWI3Kq4GCCfl5wORyK8o/Z80LRrmdI9QhMyHSpXDPM+TLlhtyGG7CgYKggdDzk17MdC8NG+hENkiiNnWRW8zKhnKgt82dvy8DHXtXoYXB+zoe7UveSakktLuK9emmtt3Z218DF119c9+CkowUpXs73au76NdHvbR3sfMPxnupI/CeuodYt70vYai8gBDOWML4BGSTgEHG47d3I4wfzn+HGo6fYfGn4XanNFLNHDGDPHCjyyyBT0jjTLF8ngL+HOMfrD+0B4C0fTPh94ivYdMKSPpd1cLNGGXAKONuG+Yjdz2B5Y8V+VnwcthL8cfhdFFtQ/wBpJEDIAwyYA+CGHGGwegXPzcEZr0aSlQp1HKrzqKUn0taOt2vS7t1162V05U61GThBLeOvW3KmrXs0/wDt6/4n60/FP4h2Pir4WeNNLsdO1aCaLSW8s3WmXMEaITnLSv8AIpC5JBwSSTwME/kL8HtWs/D/AO0p4Z1i7sry/trSIK9tZQtNNKBbOhKRICzcnOQP72M8Y/en4s+GJrH4S+LbmS4iLS+H7uViiR/MyozbeRnBAyQ2M+gxivxL/Zp8M3Hij9rXwdoaXDwi/aaFZF2FlBtJpCVJB7gAf7PI6Gt5Y6nKEqsp3pxo3m1JXS0cnHXtdp2be1u/HltGSoV6ag4ydR+7KTlf3FZvTrtbXt0sfoL8fPibpWqfC3xOq6Xq9k8/h1lsTc2FwgRGIGJZGIAYZAVSo5PU5xX5S/s06rBpPx78M6nNZXd7HBG0j21rC0k0h8plIRFyWJHz8HoAPRq/d39pz4P2vhj4A+K79tUmnnjMFnMjqrqQ9xGqjcckEgnIXAPbpk/jl+yNoUNz+0vpNjLMfJh1O4hG0KCY1ifAHHAAA6tnHTPUYU8dhKuFeJw9aVSlH+LKe8WrKSS0+y/S9n69WHo1/ZVqc6ag1CTgo3fMuVON9tG9Hvrsr6H2T+1n46sPE/w0ktrPQNasiuraa73N5C0cEYDgGEK2PnYHlRyAfunaa+a/2NfE8/gn49a/q1n4evdfkOksgsrWVY7hN7J+/wBzBgFVeCOo4yBwG+9P25fCek+H/hfCbNWA1DUrK8Uu5zmKVInAU5GWOGzyBxnJJI+aP+Cfvhe18SftFeJdNkaTMvhmeUybcYYSxKDwoJxkYYevy56VnSx2FeHniI3dFP8AeRTUm3empW36tW0el+yLjQrxwlSMlZuMnZuTT1VknvZq97NOy3Vkesft0/Ed/Hth4Cnk8L6tobWN3crM97cLKskjrlYISo5C7fmP8JC9jz89/sH6pc6Jd/FBLXw5LrM1zq0M7hLhLd7eJlkIwZPlJbk7V5yOnFfYH/BRD4dxeCtM+HcVvctONQ1G9mdHfcE2NsOwHPBVmJz7kHPB8e/4JqfDfVPHXiT4v2Ni0RnsruxYSSsVVFkVwp3KwPADZwCM8nIOR008wwsMuWLUuTD87X7xRTjacU3stL7Oz3Tuckac44dRt78oq3Ldq3PHTdvXfq9G+yPMv2rp9T1bxHokk/hyfSsaNchoZ7yK4lkyTmViASkQPQEA5PbmmfsTeJ9W8P8AhXxfp1p4aGp2uo+JEFzercxwy253OqRxoxBYk4z0xzzxX0H+3N8O7vwf480PR9TeIXTeE7qYyQsSHUBDGW5IBzuJHJJAweDUX/BNL4d6X408F+P59QD7LLxeUjlDbAh3srNgkHecfKTwPTOK8151hsPSrYxVovD3pxjJJWfPJXina6u7p3fm/Lsq4ZywNFShJ2jflvy2kmuus3569vV/OH7cK6vL4v8AhzLc6e2nSP4av3SBpRJ5kSjIkLgYBcFcqOhHI5zXafsheJPFGi/DBbew0qwuNPk1m9kM07FZPNdxujGCMZwME5J47Zr0T/gp94Vt9B+IPwvstMjKBPAmozBnYuXwBhunAYAt+mBtBrsP2AvCmma18FpZNUja4aLXb9IkjjL4KMDubAJABPLEkc4z1x62ExlCrhsPivaL2VWV4ybdnund6Xu9EtVp0TOHEU5xwmkG7cvuyV00mk0lp5O219bPU/Ov9sjU9Q1b4kX7XltZ2d4dIsi0EDGWNY1bbvYhjl8sMgDceufT7q+B17440j4YeBNP0/UNFSyXw9B5S3NrI8u1mLNvYOMtzxgYyDnIAU/G37b9jp9r8cPEFnEHihi0uxjJCFWGXTIxwQ3ODhRjt7/tL8Bf2TPE3ij4Q/DbWNFuEjtdT8I2FxbLc2sjbEdQXZ3UEZAJweo4YEHrnjcxweBrU54nE0qFOqlGjOpJKM3aMmvNNJvbzWyOhxdTLsO+RS5XFzVtI3Sb91WXXdrT1Z+IH7X76mnjPxXc3NzbSXMukaQJjbphDvkZQACeMDJGd36YP6mfsxaT42n+Bvw3vLTxPbwQS6Cn2azm05pIrdU37gXXlsgZAPOTn3r88v2/PA2o+CPij438O38iXNzp0Gi2s8tsuIS/mfNg4BBAYcHI3ZGCAAf2q/Y68JaZB+zV8Kr3UI7gzXPhouu5GKDJmC4xgD7vfrjHph4rMaFCnQqylGVGtJKnKMrqaklKMlrqnFprTe2nYr0nPD0/ZKN4JOV49HGOltNer6tppdD+fr49WZfxtqEtxel7mfx7IZpIowgaZLkBpI0bLKrYyATkEDB5zX7B6N4N8Ur4c0C5g8Q6xLFNounuWC26qqfYY3UKrxEnYp2jBHbP92vyD/aMRIPG93JGwAb4g6iFH8ZC37Ih2844BycZXgfL1P8AQ54K8PR3HgPwdcTWUrxv4Z01mfzcBh/ZcPXJ7kcEHgk84rpxeYUsH7OTg1GpCLi7va0dNNLtNaXtsm3fXnVGVWnRcZJTTaldbax1Sd7JNJWS7b7P+cC+guYfiX4lja5mnnf4j2iMzuiySD7eEDEqoVWyASMYB5HykAfsvF4A+JN14UvryPVtauIU0O6nMa3SKsdolmT5e7BJQKNpUHkAjOMmvyB1VdPj+MviGKRXjx8TrEbSSQAut4Oc88YAOexwR3r+ru10zQYPgLciG2thfJ4B1UswRvP3PpjyKzsPmJIIOT8pPc5587FcRQy1KKouo8TKKilOzXM4K61tu3t0u9tF0YvAqtHD++4umpSuop35pQfVbWV7+uvU/lg8LeF7q4+LvwztE+1rc3vjCaBij5k3vclfkYZwxzy3zbSenp+zPiL9n/x1BZ3F55OtpaRx3UjM1+ynCQOxLDOcnHJHzZPHfH5XeCrqRfj38FhGVAX4joDuxzv1DByM56Hb6EnjJya/qF8RTC8s9UsjHOwTT9QMiqmU3m0kYADg/dGec4yOobicXn/1CtGjGjFuvC6c7rRuOll1d7Xdu1k7HPiKCl7OpzN+9ayVk2nFp9b3Su31ey1uv5JNO0S5k+M/hPTy1ylzeePLmz3RyEXCkaiUPluP4/lznIyfmyeCf2P+K3wQ1zRvg9481S/uNc+w2WhXbiJ79nWZQpIN0jE70z823IGeRgjZX5qeFNOkvv2n/h3ZKgjz8Wb1DkBTkaqeCegJx1OTxjHHP7//ALWsY0v4K/FHSliuIpl8N3Jdmz5LKFwMHAVT3IGOCf4jk54bPIYaX1fld8TJJWbT1kk4r5u/W/be3TmGETr4aspctoJqNkkr+zd3fRefK7q3du38137Neh3Wq/Grwzp8MM7zXtndIEikZXJRJAu1x8wGM7iCRgnGMV9//tC/DvVdF+FviW6vbK8ggt7MBx9sdo2LOuC8bN86nndjjcc88g/JX7H7zRftF/DyeMqVWyvgdw6H5lJPuT6jOcgYPFfqr+2RJC/wQ8WeasjXDacHUICqEeb8vAHbIz6844r6DDYmLlKk4vlsott2Tu9LNpva17vr8zlxL9niKLutVB2tq/ei1rZ3vre7eivZaN/ir+y94e/tf4tpZwwSztLoV46xxyNGSRKCF3KVwu4DPPbOO1fePxU+HN/pPw68YX1xZ3KiHw/cSpm7kZI8rkbwWw23cAwII5yVJya+V/2HY4pfjzZo29ceG9QJLLkDbOvPJPoMjnJJOBX6hftDKZPhL4+EEjFE8M3W4sOvOMA4zjqMnjJ5GM135dVj7GvBRv70rtWu/dSenVa93v2enPmsoxx2G0dpU6KdrJ7pW1S6av5aaXPyR/Yl8OjxB8WdT06ZJ5QfCU0oWCdomDiXCjdGwJUkKcdBgAdST+gf7RHw7TRvhJ4su57O7SWPT43Ia6keIBSqrlWkbIOSSCMYIycV8k/8E7VST45ahEAzMPBc7HYgwcSoRjIzzt6nHBPBHNfp9+1XD9p+CHja6McwZNNEaqUOCFYDJ4zjqR0HfhS2dKGJVOjUgleLve22tr/dpp8vSMZJ/XcOoqN3Gk3otUmkvJu97K1/dtY/LL/gnf4D0zxp8W/GOk3WnyXsUfh5rhYzIyBZeF3EAjICnuDjHpkN+kP7V3wS8P8AhT4E+OdVh0Rre8g06JkkWZmAkLqoPB+fHGcgjnA9D8b/APBKqOS4+P3jONFZNvhWV3wuM7CmOo43YKqenB5r9Vf27C5/Zv8AiDIRKhFhDGo28HawxkgAnOMjnr26kfPVMTUjiFTTXJzRW+6fLe6vbRu9+qtZdT1Jyft6Tb3cNlpdPS6W97a6Wfc/Lb/gnV4A8MeMfFPxDtdf0m31GO1stIa2S5I228sgO9128s7hR6g4GeoNfWf7c/wm8CeEPgl4lvNF0K1tbyV9Oj+0xl/MCsWLjg4wdo56EZJGcFflj/gmv4kttK8Z/EUXcTxh7TRQJeTvZQ+7j1IIXceO4AwRX2L+314kg1n4H6+lnISi3mmlmdMZ+ZsAfKFIwSMYwcAelepTqTSsnLkvG6Tdns9VqlZfh2vc4MZUX16Ki2rSheNmk3o30s1a9+++zufC3/BPjwLp3i74heL9Ou7OSeMeE9PuY0ErxgsHdcFlOcKQARjgkj+ECv2Eu/gLoaWU7yaWDcxabM6bbmX5dltI4bAkzuUg8ZwQOQa/M3/glrHJc/FvxMpX5D4Gt2YLgE7GYsee2DkEcg4PqtfvTNGlxbagwhkjEek3YUom4MfskvU4IwAST2HrjNeRUxdSnUqw5XyPpqn0u1fRtr020Vz0a8lehaTi5RhdK6bu100XXbS/Rn8wvw40WGK/1i2lhcCH4hX8QLMSwCalKuCc8Djg4OSOCD1/Zb41eFtN1b4Ia7uilgeLwW8TPDIA7lLFCI93JVGBGT07Z5Gfyd+H8cr+ItZRxgH4naiq4UHcBq0uM4A644K5OCRgA4r9tfiPZQn4NeL98GBL4NuRDu5VZF09Pmx09gQAeAQD0rXMcRTWHwTi+WXMrp3Ts3B72TutPn5HZhn+8np0bXa7cbelk9Otl9rQ/EPwN4T8RaVpkL+H9ZLG205WhtdQVpIoNxAKKzHaM8g4OSDjHzEHd1Gy8eXNtOmueBdL1hWtmeO6sVjR2jVc792wtyOTghsggHg4+iPhX8D/AIkal8Otd8a6foX9peGdM0W3vdQ1EOVa1WaYxRFYTukZHlAQnBB6Y446bx94Z8Y/DddBsfGfhfVvDtzqnhiLUdNea3mCXVjeQl7e5EgGwRSqysm7quACGr2aeY5f7GFL61BVXS5HTcoXbaV1ytt3SaaatptsjjdGvLEXUZayUr21aclbVSvpq097a6WTX4JfE6xE2v3qR6Y1qZGmRbdZC32VklZXXdjJPG3njAOOtebJa69p0ka2txf2+RmNVlZkJHqCTgAYBxkHOcHkV7D48nu28d60ynhr68DNKCcfv5DhV7HaRwedxxg9K5BtRmknVQi7UUqx2MMEdSMD5cDJyOQAR/FkfDVOWM6kVJSXO0m1vdp7Xs7bO7end6n1MYNQg22nywj11ty37t2btbV3W3U4288UeKmX7Hf3iFN/y+bGochAAcMq9c5yT8xByCAcLjDXdTMcvm+Q4B+ZnB+Yk4XbjkZyAR0zgYOOe5Zbe6uMyW4lkikYYIAwpBJGSR64x3wGx1qrc2GnGJ3NqIjyxXZjccknkHjOR7fXHLjOFtOis7WvbRK9la91qvN9SWnq+eSd9L3uo+6l2267PVK7a0reC9XvpfFGhOIYGli1WyMKFfkeQ3EZRJNxGFLFRnsBxg9P1d8QeMvH+ktbJqPhCw1G3ks43/0C62FVSNWCsCxy5A4xzngc4Fflr4Vt7dfEWitDEsQXVLNz2yyTocA5wQSNo4469uf0x8UeNJ1OnQJol+8AtIVlnQswKRqgVk5PXBzg85J6cV7GBoxxNOpeVSHKkly3s07XbtrdXTVrd9VZrgq15YacNIy5rO8tnZxflunq1fVff1vwy8UeH/iZqOr6Dc6PcaHf6ZEl/NaXAR3LgbWMTleSrcoMnjgjpn26bwPoy+QVuIpJJIwuLmEEpt5xwCQMZweCRjqwOPh/w1450Pwf8QdR8QeIv7U0mx1PT1t7e4jhaQpLlW+dU2nHsTnsSQa+sNA+N3wx1CKEx+ONODsEAi1SBoWUKDyd+0ZyBuxySTkgjNfHZlVxGExdaCdZQTVpJVLPVPZNd27u+/yPucuo4fE4SlUlGjdq7i2rpJrVXet+y1d7W1uXtV+GGi3z7ZxC2+dHVrRzGwZMkEjOMAgYyP58XoPhvNZuq2moXOyRlkO9klXCg4ygySRgNjI6dzyO20XxX4U1S9tp7PxP4UuVjbLRpfQKZFY4UFCwIOOxBA9RkrXqv2rT7qISJa2N2iqWRrK7jOVOcEbGHGAB/eGAc9ccFPPMXRnanXrQTaTu7prRPdbtN/ZfyOuWS4SrFOVGlNpu1nC+0W9Vpbfo+jPmbXPAep3bp5upwSNGrCFJEaNwTghV+6OQvBI4Odx5qHRPDXieO/uruKOC4jWzgtgUkVSphGEAC/LnGc55BIODivpsQ6HczpLJp80HlqNwkVpVLEAEEgk7ck4Y4JJXk4qbTtH0tp7x7eSGGItuaN1eNeMBsHkYPsMHkN0yfQw/E+OpVFNVoylGV48yT6Lf4dfPe9uxx1OGMBVjKLhNRfuyUZNNLRvW7+d16XsrfP8Ac6P4juZrctYFmRSr7JF+UDJwoG7OWAyDn3r5l+MPw91681u1v9O8P37ySw/6YsEJcMUJAcAL8x9TgH04GR+nlh4YtyxnW0inicgh4bgrxjggFsNn8CMcgLgnfTwHpk8kMtwZ4naJ/LwyyBCQTgdeflHByCeM4OK6cXxVjMfQlSr06M1KUXzJSUvsre7Tut/y1TMMNw1hMFVVShUqxdl7jfuuLSTvdfNW3evmvxAXwjr1tLKZtH1SHysnc9rIB3PPHHbOMgDGM4NLPp8/2Ui5imQMSTHIjo2ckKMMq/Mecc7SD+f7eWXw0tZFuNk1vKrl1C3FpHIxALcbtpC5ycsQVOcZ4453xJ8C7O905idJ0S6bz0LM1qsbCPocMFGcAcjgnkc5Ary4ZlGnG0qbbf2lJvdx1emtru2u2iaszqlgVKUeWrdvTVWad4p3t5d3e26SPxQj0ppBu2O6BQAuOQe4HB6cdNoyf4sYO5o+kyEwSoCgikJweTgc9CAc4A544zkYAz+rN3+zbof2eZbnwnbykgFZbSVkO1sklVZs9zgEEADH3RmuKvP2ZfD6RBorDV7EmThIlDgEADnaASAMZwQTgZGeCoZjh5VU505RTUXKVr2fu66O1vW+m+lwrZbiFFOnKF3y2Stdq8dHrr1+1stUfn9ZwOjiUIwJuXw2PbsvPpjnPt2WvQbdWOmbmI8ze5GF+YEA85yMD1BHPOSMA17Vf/s/+XdXlvYa0Y5Ip8xxXVtLkk8gl2Xg5+9lTn73AU4yZ/gz4sgdba2nsrt4w+WSYRbiwGRh2xwST26nbjJr1cPmOES5fa2volK61bik9vL7r9TysXlmL91Rg2tLyTTtK8dXZprbvv12OI8M6fPdXNqyOokFvdEIQDgrHk8HPJA5A4JznHfWjtFTSGQ48xJLhQSp6qW3bSAd/qenAJI5G7odG8A+MdCvkmvdMeWKGC4Ae2lWVnJUqAqqOARg8jnPOSKyJYNTtraRZ9Nvo1PmsPMtn+VmdtyggEEEHr1xjhRmqbw9TmcailJp/ai7aRu+kuZv5a20ad1GlWoqMZwqcqtG8tbtcuuyd9Hu3fbY+gP2FrD7T+018M1jj8x7a7vbgrg5BjgLluWz35yQAMctkV/Snqd2Luwit2Xc/wDbjrJjKggvnHQHGcgA8DuGzX88H/BPOS0X9p3wnLqE9tYxR22plZ79hbJHM1q6xgvLtQEkgAE8kkbiev7/AB8W+CdN1KfRNQ8WeH4tTk1OW7htzfwO8scaGaRosMQ5VQx45U9Rt6eVSjRw1acpe6ru7e1rR+G9mno2ml0XzxzJV60oRjGTUaUNk73dr6q7vH/K2p6bcrYW9l411YWtnFcQeE76Ka5MaI4jSwfYu4gHGBzjk4GAe/8AIj45nmuPGXiGeMhlfxJqVwGH7xWRrtyMEZBzuGARjPHOc1+uHxu/bD17xpq/jnwz4QluNM8I2yXPh8X1uds+qXkcjQOWlQYEDbThQ3IPzYHFflz4o8E+KfD0kGqaxomo29hrsuzS72WBjBey4Pm+U5ByS7ckEnI3HHQ+bmz9vVpzjNSgr25Ula6ir2Wz0Tetnr0sj3MkpTo4aoqianUcVZvXliotXVvisrWvaN3d9T3u2tvBmi+GfjFaR3Votz4l+HHhuWxiiKxtc6oJrZrlIkP3mVlYSBQCDnsc18V+I7C3gs7KdYszRyMsq7ASxBBAfg8KMjpjDDAIPH1RcfDi18K6FrV142mktfFY0LS73w5pJug7SWN3JDIr3KZYgmJmdYgCcYHY14xd2MOpSzRRwh3DvIM52rkHkE7hleSCDk9D/erzcTlkalGDnFSbgnHZq7lzvVbWk5abJb+XqYbHuFWXJUkrSUXG1lePKtNnJXTvvva+qt4fPpVpdWdyZLZGnEisFMeAUYgFgAQeMgHggkg4xgDHi0680G7WbSL+7sLgKJkNtM0TAbcnKoUBIONwOM855Y16fqvh++06UGUqsEqoFUEYYFuFJ9gefQDnGK7bXvC2nXVhBfxRxwTxWFtDJGVy0rtFlpCAepP3ic8ZBHNfK1MmcvaOD9nKK5tFyt2aavsr21tZ9dT3Fmk06cpLmjKykktUlbV+nn00s1ocT4Z+NXxH0po4L6VNesUBYpcr/pDxqfmG8DrgAgnJyxyCSa9q8N/GnwB4hvIv7d0s6HqMQAjndNyISwyfMQDALctnnoQOOfIPB/hj7cb2UbWW3tbhghGMYUnODg4GCRkYJ6k81welaKs014sib+blQpG7btcjJ4zkdCp4xtHHOfHnWx2DavzOPndN8vLs72ejSv1e2h6UKtCvCNkpNpXejaa5Ule8l31tdWV29b/Y2oeDvD3im6l1Pw5rdtdSXgjklWOdJg7KBjKg5XBweRnoMjvyGs+ENcs30/z7Nnige5VpolLAlsAEDOQv154z05PzXZW+p6JM1zoupX2m3AUsvkSyBeDksyhvLIyo6jaenU4r0zw98b/HemWYg1oQ69ZxMYw1wv71SVIJ34IJIGckemSK1pcQVKXK6tJyXXlWtvdW/wAt0ne99yXgqdS1k4t7OOi3T3b6prdNJPV9TurW21II88UkkYjheHYxAPyFeWRyWAPOMBevB9PRbO3nuNKZnYhlS1MgTkkgkncc4JPBYYGR1BGM8hofxS8G6tGFvbY6bdyb1dZlPlZyGOx1IUc9++SCCATXs3hy10fUoH/snVLWZbhVBQSgsAQeo3ZGAccDGOOfmDelSznBYhRtJRukuWSV1trdLXXo+bbbc5a2Dr0oxTi5wva6e22q3S9G1u03Zac+9tBd6V9pbcrR3mXaNQpYKu3B4U59eRkj2yc5LaVotNZmedDNNFEJGGFjOOFU/dIyT8oXOCB7dZe6LqWn2xt5I9y+eXDR7mXBJbIPTOM8e3y45qvGn7mxjVVyksoYFCCCMg5xjPHTqDx9TlWrUKsvd5b3sn7q5n7qb00u7Py2V02dFNSjBRmndLqmmtrO3RWutN9NC5F4LOv2UohvbS0ax05rzbM4Uy+Vn9yhJHznICjPXIyBXP3Xhe8tb17F08yRbRZyEUnCSRqc45bYoJGc88nkg121tZNIsSbzvm3xja+BtIwueeRgHA4HynPerIvb7T715DGtwxtWt5ZJgWYpnZtDgkkqowPXsPmwfAzLDScXKy5fLdP3Xbmbaad10Vt9NzuwVX2d2tLO/wArRdtXr07W72TPPk8LzfIHidXCRkqyEgBmyMg/dDZB5znjHUEttPCc9zcT28aiNEEj+ZIuVAA5K8YxnIb05/D6BtpLHW5ppra2W3VLO0iDMpCmRSBJtJx8w5Pck4PY49IsPC1kkg8q2iIn0xy5MWFDFC3BJIJLYI75zycZPz31ChiPdk020k4p3au0tWrbWtdK+vQ7/r06burp3jbVNSvZK1tFbR3v2sj5V/4Q3WtGMF3HFeQQ7EmivbWOZLaQcclk4IBODg4GMHkCu60fxv4ltf3NyjXkKDYsjhg4VVIUBxgZzz8ynO3r1A/Ur4W+D9Hvfh3oEeq6fYXlte2hhVbiFDgLdOjgbhuJ4znco6dhXzr8VfgpoFt4ksJdIWXS4b/XUspoIF2xrCQA5UdAHyQD/CO/PHBisixNCDxGDqycfdvC7Um3a+7s0r63tvq3crD59RrT9liKXLJN2k7O/L52b1STSbSWt+p8g3Ewvp47uAz2l15wmYO5QmZmU795+ZT2XBzjuc19QfDLUby50/w3b3bmZ7HXJWKYJOySLiSWQ5LFjgE5bjkcfKcD4i+BvDnhzV4rDRQ0ts8UeXl5kjuIyEl+bIGGIJA4wRx3NM0S9vdCeMWrqUMscjROAAwGDjK9DwCcnOfU818HmFerCvVoVoNShJOcoq6T0lqra6WtotX03PepKniaMKtO9pxTinpa60Tcnd3VnG127OyVrn1nYLaXGj6s8keZf7ScFcglP3m0fQ4GMg+p+9X9Af7OiKnwW8CqmDt0xVGT97GMj5sMAATwR6n6/wA0mheKLhvPigieP7TOZrtCwMZY4wVzkgg4POOATzX9KP7NEzS/BPwHI5JJ0tT8uRuJwO56hlwDt9cnvXvcDxjUzfEuK2wV39luSq07a9dLaqz1Z+SeKlKVHK8E5+7fG7JuSUfZJXuttV5W5bXVj3j5Nu7J3c8HAycknPGOeRye3sKeCwGMgLgjAyc9VIJzkjPJxjBOTwAaYVHJBPzAZ9ueh3DjrjAxyeOah3su4AE9hk8kDJAA46Dk57jp3P6pzcklb3VfeL0eqWmis+m19l2R+HqClFXtdbJ97K19e/ZGkJCApGBkYyeoJ9Pr6jnIx3GZRcDgMQTkYHAPC4JA56Y5I6fkaxt8vXJOeRzgDHfJ7HrjjGPykEzADOMgDsTgcdR6jAycdc9eMdFHMJUpJXas131Wl21Zvytr6bGUqN72kvVLzVr636b2tr6G15+75Qpzz14YjB7DI6ktg+x7HL1fdkcYBJAODjd16jGCfbH+7k1kCZi3OD6kdec4OOTxjnAx6DpV2F14znsWI5GCckdOvHIyM+2Tj1cNmDnO3MpX5bu+kdVdq11tdNPdu6Rg6bik2ru9kt+z132enqtbqxo7MhdxwP7oHI9+Qc556DGB75KmPjkf3VOepx07jgc88gcDmmiVMDONoHXovoDjqPcDknngUhlBAw2duMDBxyTjrzjPHByv1zX0NOUJRi7q71vpo276tL/grvffmfPdrmstOrStpvd+ab13tv1ASmMA4J4YgkcZJ+X1xwAOpGfSkOScgHOWJ7dfUd8jnAOMZDKM4pSQcDB6c8g445J7gj0wBzgD0eGGQOfmIBypJzzk5C8Z5J/DBB4PVCdNvlSUW1yt6Na2vba70vq7J922Vdu217L0e2r7b6drO17kTdBkgnlT3PP9R69j6805TkA9scHB68AjPQ54x2yfUNVoRqDgfNuB6gdg2cccE5ySecDOOAaeIR3HXkYPTOPlPfI/z6nqhhHUt1S6WurJptS++Svfp5aw6kU7au1uttHa61fR+fn8N0U9pO04wQcgZ646A5xz7HOCe+cl7KeVyACTnOCdo5HGMgnHUE4z3wBVkwqGBORjqucfjwBgc85x07nFPWJecgqCDtzksSOcD0Bx1z78g5rohl8m25cqWiSu3aK5bpatX9bLV26Mh11ZWSvry91tbZapPVa2XkU/LVeVG78DtG0emM++T27UoViOQACMDOfrxkZ6c/ieMVoiJQM9j15yCRyASD2PX+VN8nBOSMfeIA4BzgE8Z29evI9xXdTy3RWkrJLTTZqLfVab3eqfm9DP20m7N9r9FbS9vPVaPrbbcpFTjgHglc884JJPPboR/wDqqMr12A9Tljn5T0xgDk5HQlTgHggGtBkIJDdgfrznkDr29M1C21QT/DznJIORzkDjkDvjpj7wJpzwypJptX3bVmkvdfXaysk3dNO11raoVG9LrpZLvdavdLZ67LV26FTAXackYzwDkZODn/HPTGfUUjRnGeck5yQQRgEZzwOmADg85XqRUp9FKnccggdBnGOQevOWz82WA5IBXoQSpLMCAM9SCRgnBwDxt3fXPY8zw0ZtSTTTSd9E3s1d/wDB6W7Gqnq3Zx0667KLavf5XtbS+97VGiZsZIGRxkAA8DkduRzgH0IHHKeUTxyOOTyTn7x43HIz0xnuTzirgRjwRtC45J4y3OGPbPOAOenvS+WVLEDk8ZbA7dcg+wIx+RrGrlim3LVu1pcvZcvTbXRL7vh0KjW2XMvLpe9tW9uvnt0KJTdjbjnOeOOD/EffqQR6AgHrC+5QeMYOODnJ985GOOSOCRngEVpeW5O4/MADzxx1XBJ44yOmcn3zVdo3B/2SDnkA8DHHUe/IOfUk4rzJ5Y480kpPpqrN7dXe+iW669DSE9tV33as9NVa+ulm+zu7pozmRiMngcDk8Afh6c4684zk4qJ4zztAwQckcZwcDGcjKjJ65JGQOM1o7ACVMbH+LnOOuM7e44I7H69oHHDFQSQMAHg88kdR7kA9eoBzz5eJwHNTt8LV7v1sm9bLe35X1N41n0jp3W17pPXRXe68tnYyZVAycZJ65B4LYySMYJPOc9DnjioXUY6grn1A59uRnPbjjpitVkLc4IzlSMAA56c+p+YkdO5HUVG1qGwOhOSMHgYzk468AA4/E9Mn5rEZZWtK0OdJaNJq+servrZbK66rdX6Y11pe6bs27PTa99Frp0stL274rRKx4Qt6nJOScc4BAwO2AAD1JAqGSCLnC53KQABg5wAc5B6cemQcAcmtg2+DyFwpOWx6jorHOF6c+2CQQartGBjpzuBPGcnqODgc8jPQ5B7Z+axOXVYSbnCzeyd7W06X11tZ6pWtfW52U69rWbsvNu70Sd/+Hb1s++E1pg4zy2SOOfXpnkfhjqfc12s2J+UYIyCCMc4Ix90k47enPBzXR/Zt2H5GeB0x69Tt5699uMDkDFR/Z8DJG9gSSQp445Bx3APGM+5658epgZ/8+tHbVduzs15q3TtsdkcV3mr+enVaa9He19H5rQwPs7nJxxnGBnOCOR1Ix1BJAOO44zBLGVYfITkHngKGG4nIGPmAGCe5IH06gQ8YxkE5PUcnue24D0yRioGtVyxI5zgAj5j/ALJyvVc4GevNc88slJRtDVtWsmtPdstvs3XovNCji2pXvG3ZNO/w6u73srXd1ZpKxzpt+FBAdic5IwzEdcDPX2JGOmSTkuWEDBKggjGQpyuR25yc4+7kHnPoa3Gsx1wwPQA5GeD0I788enXvUsdrtHyx9uuMtkE4PVjznH0464J1o5JWm4pUpbp3Sunt2V7LRaO3T10lj0lrPXR22d7J6WXlrotttbPNjhXB+TIAUg/dbGT0HGVOO/PvkGr8cQXG0ZwMc8DJHOB688HgA++KurbkAYX5mJYAj6k4HYdST/Pk1IIyCQ65A5AIPU+y4zgtweGOB6fL7+Ey2rh0ouD2s24tNW5dVpo7uy87tefFPFqo3u1pp3atdLf5O3qQCM7QRkE4Y5G05XBxn2xt2g9fl4OSE2bGUkZ3ZOT1OSQowDjJPb0yelX0jYkAgnODtHTpyxJOM859j7HAmEC5LBeCTzkc84zkY5yOSB7A5BI9ujg72Ti73jq95fCr29Lp6dem5i6qWt+nTX+VWte0VbV6fcrlARFQQQfmUc8EckDjP90k/e6EEAcgUpDKMKRzheDySh4AI44HcH2HTjRKY4AG4NwPbd3J68nnjrnIz0rSKyMxyMbcgDbxkgnB9DkD3wOh69fsPZ2UUlJW2bsrW7XVu2tlun0MoVG9HZr3Xuve5eWyTs7ra/S7evV1csN2SM5+YcZGCeR+Z9jkHJzg2IgWAzlWAJAzwQST2PGe+R3Yc9abtAGQrDJ4XORzjJJxxnoCe5x1HE8ZCZHfJ4wT+Azx24bjJzzzw6dTll7yveyunqmklo1prp+txt6X0vfS130Tevpo9vK6uxzI4OSeFZvkwMD1PJz3YseT05OSaaV75BzwAOgJ5x9MZznuR7U5WDZBB5zjnPQcn1zjIP06+qhixxggHpzkA4J6d8jgH73bJHK+hQkqjSXxXVvLaKs7tLS6leztZdImfM1e8bqy2e+3TV763urbWaBQfuDAxgAdc985PTPTo2DjOOoeUB2l8nvkk4OO5APUA465II5ytNILcjGMjnJGOT79R2LcA9s1IVbaMA5wcHjr8vOAOvTGOepPXFejSpuLT5LpbaX6K+vbsnqterZEpaq0rNW11fVarTsrLye9t4jlGwG4B64Py8BsEepJznoeSCBgFQw9h6jvnuTjHpz09cjoHlQAOpxncGHBYclR6nj9eg7IECncOVOM8YAwc4A4AB7DJwQPTj0afNpZbJaaXsrXd7LVWu7vT8Fkqm2lvsrdN/C91fXX0tt0iN2lt25TkY2gA8nHQ9MckcgHJx1rn/GkbN4L8WEE/N4f1QAYG4A2kvGOgGeinjBAzxk9MEJOSAQCduW5IwcnjOMfN2+8KxfF4H/CIeKDjgaBqeDu5ObWUtnIAxkDPO3qBtxVzjP2GIdmn9XqPzV6b9dNHtdM1w1SUcThU3d/WaFtv+ftNdNbq9/NPXsfh5+yFpBtB46vjCzPJ4mhgE7HMcaG+udxGRlWBPUAZHHQV9t6vZ2//CUzyrExH/CHXKPOcgsPKfOOoJYA8DPXkZGB8hfsryTXlv49s4Ul2J4rtl2Ifk5vbhd7McYBBJ4PQewr7N8V6hbaLrbJebY2t/B14sURO6SV1gY5KgliASeTjpwM4r+dMFSpQw8a05KP7+CnJ7XdSS+5pK+720SP6QzSVWeZckLzbpNJLV29nh7qye3xK9t0fkh4bto/+E0vVYMGOp6ig7ERiV88YJJJIwduBzzkCvYrjS4Bpl+EMWP33LqN3QAcj1xgr39OteEaBqxPiq5upGMSy6jqEwZQS2DO/A6nBxwenTI7V7DLrOly6fegzTNKWkxlT1KqcjoO4zjJOVB54r6anNOhC3vqzWrV1aMLaXbd9HazvZJ2Wp0YuEo142ctoXTdre6m0lZu115brbppWltFBaWsshhdfs5ABjRiX2EYwOQTz97J7cdKy9C2S2sKbEZvPuGICjIAkOOSAAQemCfUZxTotX0eO2gaa4RTHEdwO7AZk2gY5784AJ77e1SeHYba40qW9tw83kS3LymGFmWOHewBZ1OACQDjIJGDjpnLEV403S5nFRaTS1f8t9XZrTVdnfXqKjD3ajknaTjFXemj6PR6d3012K2tow1iCOFI1VJYpWLKm351C8KBgcnJ6+pPzYNJ7QC9QlFaTzZpEkVFwrrGSpJxngnJ5IAB29iYtX1nTYdTeZyXxHBGVVWDhgQwJXHGcY5BOeOgNU9J8R2N1diCM3Anle48sPE+0YLA4JAIGByeT24xgPDVYVanMqijHmi4raPxRaik9btPSzv946inGmkoyacL2V1o3G3uttNWSbW9zC/aaQr4A8BqRuL3crM2OeVwVHOTk9eOOhx1rgLizt5bDQ4pA6D+z4WJGQwfyF7DGck9OvPPfHqH7T27/hWvgF44N7G6uCGJCgMq5UkjBHYMc8AYA5OPDbDUNfuNM0uefTLc7YEiTZOpwoTG/BOSMADLDHTce59im4zxlWTtL93TT2voo/jZatf5mFKnJ5fhXzKL9tVfvve8k1o/i2ulppddj3SC1mT4ReIIrZt0ItolIPABecKAvTJOTyxP1wOfz18Z2lzZ+IruKSQGQxW4Uf8ALRjgFVQHOWIwo468AYNffkl9Jo3wT128nQLNJ5ThC48tkFwNpGMZx97aAOmB7/nb4r16zufEMms38ssrxiEwhRhQV5+bPULgjnGMYGSAa5Mwu4KKUlJU+eMXK6fS90rJb6O260PRymLjOpUfvRlUkrpp/Co6XsrOy19WtrFS2+FmualfrqOsefHpdyy3FvZwYa9uipA2so5hXA+8wJwcY5JGlrOuaF8Pbe6itbS1TWn2rbW0MiSzQNgKkt5cNuG/OGCLjDZwCQTXG+IvjDqeFi0ETWEW1opLosXuJFLDIjBJ2Afw7SApPA6E+IXr3Ooagbx4572eaYSt5sjPIz5JZ3yxJHJOCNuSMdM18zHCuq5SxPK+V6QT0tZO94vZrR33Vlo9/oqkpuKkm1BJOUE73uk03ZO66NNLVddD9ivg9q95q/7JPibUtSlLyS3t9cSFjyWQPtGSQCNwyCAOnPTFflXo1xPL4k1iSG+t7eSWXz2aYhEyz/MMHHK8e4yDyOn6UfCy4ktf2NvERZTEUbUpGTlcKGZNpJOcDOM568H3/M3w7ZWt9e6k1zCXAiBJUEHdkkcg5HPXnOBnPPH0EYKWFw8INxjGCirK6bTWy7JP0W2ltPncA3HGY973xF7W7Rha3lrbS21j1CyF8t1NMNdsXKk70V48Imw5KnJA+8cAH645auU8a2sV7o/h3N5FaI0+ou1zHhhOVlG0jIyT3yfYA45OPFHZ2N1doUZ/NQCAEvgblOflyBwBycc7cc102oQwy+G/CcZjRlM2pRoG5BYygHHJx15zkdR716eT4VYaVSSkndNtciSbvFXWuul7rRaLfW05nVdaVNSVo+1ejbdmlJKzfknfdbnmcEf7oxprUexXMhYoPvqQOhUE9+cA54GcYF7VmmfwlqTNqscmbm3mbgKAu5QNxBOGbk+i8evGnfafa2N2bZIY96GFXDICpLdSSOFx75PA6gcdXe6ZZ3Pw61uRIbdHjvokMirhgSwKggryBg9DgZ9Tx62IqpUnL2isnFKLjtdxsl0083p56W5qcH7SC5G25JOSbT+zH3m30XTydk+j/hFqFk76nHF4gjE40CaLy/LzgomGQdcsBjBBII4I4NdJDdMtvdxQ61G2NNuEWJoyCJCCfkPTcSB83bGOhBHDfBTTU/tbVplhhc/2TfBsouRhF3EcYU9s56dTzx1dxHHBLMIlXb9gnBJRRhtrgknHIyCAATzk+hX2cphTnhGpSvdXato20mrbq7beidu22vj5jzQxycY/8+U2tUrcq7aXTWz0aZ8qXg1dBFFeSXrWst5cujW+4goGYg7ky2SSBgk5PY849V8N+EtRHh6PHhbV55ru6Gy7ncwq0ed0coDqWClcEBVIP4gA0fS5tQutHj80/Z5LqRHYgbMecCU4HU5Cgg+/QEV+jOreHo4dL022gUCOCytFxhAABEp3AAAEsQ3OB1zgAAV9Zw3gFXnUqN2jSglZq+rsmndPe2mi6WseTxDmLw0KNONNSdSVrtuOkVC97P3rtrolbysj4D+Cia9ba544gtPBl1qrR6svnqt5HE1qVCrsKuCWL7D0AABzgKQK+h2m8VHeYvh1cQkEAvJqUGck4AIYZA7Ecjrn5eaP2Z7JJvGvxfjJLtFqUO75uAQ4UZ7kEAAjOfYgHP1Bq1nHFASo2ZUHqepY8k+5GBz7HuR9/kuGl/Z9Nwr1acVOomkoJfxHFN3je1ktHd/gj4DO8WnmVRPD0pPkoycpOpd3pwdrKVrLWzfTXS5+XFw3ief9pVzB4atxqx8P+UNOurxXhRdhLFnRtpLKegwcHBAHI+lBF8TYJAU8E6BHuHDG4eTnqAcMQBnnHrzgt04C1jR/2w5IyAf+JErbsEDlcEkDggE9cliSDnvX3mNJtpIRKUJw2AoBA2jAx97AbPAHHIHqQOvBYaVT6w1ia6lHFVIvlcUmvdXvK1r2vdLTYjMsV7F4RPDUZKWDpNNxm7JraPv6xSSeuq0d1bX8x/jFF41fxv8ADJtU0XRrO5OqQpZx20xKzTLICEm3MWCMQS3GMjjPU/SN1bfEtPNS58NeFo3ONnzOzE4yAf3hwcckkDBPOc1yX7SNpFH8TvgxEibEl8QWqthQCT5ygknGW4JxnOfyx9q6holr8z+SWIKfOP4uAOS3PbnscnOcjMYLCKWNzNTr1b06tD3ouN5c1KLXN7qu9tkl7ru9EGZY1Usvyeaw9F+1o1vckpKFNKq4+7r1teV77/f+afx+sPGB8DNNrmnaHa28OqWRhSw3GZpWmQMJPn3bMdQox3I659m0HSviU2kaOYrbwl9kOkWDQNJZzeeIjCgQS/OAWC9cA8/wkgYp/tXwxweBEdBsV9fsIzu4JzPEc8ZA5K9RjOeOu36t8JaPCfDHhw7QR/YWks3yDvbRkZ6Z6A+2OxqaVCEszxFJVKqUKFGXPzR5p8ze+l2kk+Wyte3nYrYtQyjBVfYUpc2JrRUeS8UkqTuk3dPXVt6xW/U+QfHeg/EK38IeKZ7t/DCwHRr0TJBaTrOYfs779jmThmDEDgjqTwcHzn9n7R/iE/w20GXw7rGmWWnOl55NtPZvLMr+cd7NJkrgk5UckdDydw+2fi7YQj4e+MisaoV8N6kytgAk+U2M8AAA49MD868e/ZOsI5Pg34ZkYFnYXj5BDlgZjxz0GcZLZwOuazWHpLN6NKNSd3hak3NSalZThGydlvo3a66bAse1kdes6NC8cbRgl7NWfNCTvJO/vaJRuujvqmZcvhX4wXSOsvivTEVopFby7RiQpQq6kYJGcnoe2AoIGPk74FeFfH11e/EKy0TxPDpUGneJ7yG7iW2EguroyuXlXqRlgeMcL1BwTX616ZosJ3vJFuDLKwJAPRGJ4JA4bBG0DgZyetfD/wCy5pqy6x8Z5toZf+E81FEyRgFZ5CACQc8AHoCCfrnrxOEprGYH3675nVu+dppKMLO+jV29bLbfSxyZfmVSeCzGfsqEOSNDlSpQXNeaWuj5mlsrN6rVGavw4+J0yyvP45CALKZE+xbm8sRsXQDAAJHU8EA55PNfF/gzTp4fHHiiNdRkga3l1CGbyo1HnvHKQXfcvO48gY4yMEEiv2EvbGVTIVVU82C4ZiAM5MDDnkEn0Pb5fTI/JvQ7cR/ELxzCqNJIbvUggVureceBjPbI3dAcFjxXBmdGFCvhUpTk3OafPJu3w2d731vsl0S2tf3MmxVWrhMbKXs4qMItONOMLyaVk+VXbvsrdX5nzj8TrPULLVRKuuX6reXkjmYIMRFGHyqQo4buRxzjqSK948TW4ls/g1G2oTsk2iymSUACR3VSCcFcHcVAI5+Uk8DBbw34gW+p3uriGSBjZ2txOXRZM7EVgdzdT1GQMnHr1r33xDawFfgbHErvHcaPdKQzFSTGvXqCB2xwcYHUjHlVpRVRxV3e1rpp393XfVJ2V7O2t9T06alKlBtWXK22007cqukrpWvd+m/cwE0a9JIm1jUIYpbqcQGLBCJzjcNuMlsbScYzlQa7DSdB1G3+H+v3F/e3Vxcte2AtXuVBC24kJBzgEghupPPTuDT5rW8dmS3t9sdlduzsWUhlYH5WzgEEc8dP1r0A281x8Pr57mYLHNCpSNeMLaOM9CRkg4GD68HNduHWkt2uRJy1SSSV91rZpr16XVjyajanTs27zhukraw3k7JqL2SXkfL3xC1WPSrLV4GazknkS3EcaKN7v5a4kJB3cbs9MZ6dea3wbW+1GDxzeXLIsq+E7jZJEuASIWIQHHRQpGAOM5461QuNMsvFfjfV7OSKUIYoLcOVZljRY8MyDJ+b5Rn5QOpY4JI9m8CaLbaLY+L9PtVwkPhfUYCXRQzOsbAFjkZJzx1P4YB4cXV5afvXkk4xT5mlpKPu62ta6dl8+qPZy9ylWkotptO93pdJNJaqyd/LXdPQ+IdB1bV72SS3l1TUI2t7lxBmQ7WHmuDjkNtQAAA5Pfg5B9r+HWmX994y0eaXU7xxbX8TtumIST5TlSoO3IYZ4wwGAe4rxLw5p88Wp3V1dxSiG0E/KlipYzSYLgFSQD2PI55AJB+rPgzbWt/q+ikqY/M1AhztPTaxAJ/Jh1znlTgKW5QlBuDV1F77Xjyuz0V3qtVbXuYRUqdVXbXNJpJv3nsm33V9Fr9m9tmeIXP9qT+J/FcJvpwi67eRoBKCuQ5IUAHAxgjjC8ngtXo/g7w7fXl6jyXEzRwmOWYtIpU7JBnGcgkgYGDnnOMk44zVLRtM8W+K0FtLMsfiO+dZNx+7vOc9QoAPIxzwTngV7F4J8QWywTRCEQzC0mc7RuJVAc7WBGGPI68H8c9cEnRje13GLhdWve1/kr/fZJO7FUl77a1UFZuz1fu7t9dW072aSS6M4P487bnxvqptjtuYNO0yOBwu4GQQxbRtIByTtBAycYU8ACuW8JeHfG+nzw+Ir6W6sVt1guIQrlDMyMCqyQg52MDz0yDzkZzo/EK6e8+JPlTOzfaJtKYpzll2xkAgljjbgnO7JODgYx6f8SNWksJtMt9O3QyT2cUMrlgQjKiqoZcbRuODjG5eoz0HThsO6rlVclFRS16pu1u+i27vdvQ86riYKEKb5ZRnZtSV01dWuldNrzto27aHs/iP4nafqPh/wfbeIBFBfOFSBlUqJJOB8xP3dxxw3AOcd8Zeo+D5NQtUv7YkLMHlZYpAoCt1ZSOvHPofxyfn3xdZaqmgeDtRvWF1Mlw7KpZcYycc9QQQMjt0zivStN8eXWn+H4WuomJhDxRhJCflYHhs8YBwAe5HvivSwdXlpypyTdpN66tWldXtqr6v03smj5jNsM4VI1KKS5oRk9LJLRpW63TS0dtbmnF4em07TfEz28jmSPw9fh2kOGAMEjFEJ53E4wQDyCOmAfg3RUv3+zC5mu7iKeV4yJ7l8RASHhSSAoKgfKe2eOK/QzSPEFp4h8Pa95U4W5l0O88xHC5XMTLtzjJHYdsY+8xJr5S8O+DZJL9HvIpJLOJxIjRgEbi3JwBkjGcD1wfrVblbim0k2r63WqVlfVaK62u7arqtcpqVFTqQqXjZxtLWydtHqtFvdKyW3S5N8MrG20z4paDJalpHHmvIplZghMTKcjOcAdO2MHBxgeaanYRXvjbxTJI0jMdZvXYI5ARPtDHbzwWOCMAHrwMgY988OaTb6N8UtLuJEkiBEohRk2iRWibBHBwSMDaQwUg8jmvGJ7Jz461toI3nludWv2Ch+ADKzEnGBgdTlc4HToa5nFOo1GKako/09NWr9ex60aidKTc9pySV09bKzaSvZ6elm9t89tIt49YsZkgmytzaFfmbnMqkZJ5I56MNowOOeeg/aNhEfxB0wbXCNoOlusakLhmt03AbTyx57D7uMANVs6bq41WCMRtKVu7NjEDtVE81MsXYgdvvA4BB6ivRvjv4NvdT8caXdx/u44vD+lK0oUFElWNC6jIyxGMbh0AB9aaw3NWpO15NNq9lp7ut3rsutru3U5pYhU8NUfOlG6futXunvdN3V0022ndrXXTxzSPCltdWVtZ3cE6vcu1xuLEyKjAFTg8gAYwTxgjoWr0XxT4T0u1+GnhmFLV0VfFDLI0xLeYGJby9uRg8NyMZOSM12WnaBao+n3txfGMW0Mdu2AB8yx43YGSCTjPQDHIrQ8fR6engXw1FG812V8VO4UHajqC2M8EjnocgkdzXVWpRpyo6K0qkUr3eiSSaV72bb93e+uljgw+LnONVQlLSNk7WbTUbO2r3tZPotHbR854X8A6Yrx6pHpJuJyxRIRApVcKAmGZSWAByTnk9OcZ9d+HHgf8As/W9U1CW1t7J7vRtTQh0hMkUbIwwNqgq2MKvHDZY9q861Xxj4lt9P06LSVtdGSIul28RVpm2r8vONoYqBktg45GeDXYfAm9ub/XPFEmqXV1ePL4e1K4jWaXzNmImO5UyVQFsHA9RyQOdsRh17CpNRXwpxu7Jt8ju1e92tLXV2tjlwmJxP1qkuZ2vrFO+rUW76rXo+7ttsvMNW+HWlNYW9w819cq9xPKds8myPMjFEGwhcZB7YA+U8DdX0z+zN4ZsbbxVomrGykjktliETiUswKXcADEE5IwcEeuSMDGfItSvDP4VtoY/NjkD7SViOCDNIqkA9GPY4GeCOcE/TP7M3krrotrgkiDTIpVMgO7c1zAwAByMgjIPfHPXjysbJLB1opxUpU5pbNJ26v779PO70+gwHPLHU5yi2vaRel3eXMnZ6aLe+t7tK7Vj6G/4LH6Pbf8ACf8AwF1O4hSU3nhK0RAwB+ZYbYDgjr8+RweQMZwK+SdS+DusNY219bQ2l2k1jatHbXMUUrESwBgTkEgD5s8Hp3Xivt7/AILG+RLqf7NN+4DC60NVi28kCKO04A4PPPXPzHGe1cJFd202h6ZJGAvlaXZx+YAxcEWqggAEgjtg8DhQOTX3PAmMl/q9hLwjKMVJL3dWlJrrpre619bqx+Z8fV61POqvsk03yaO7b0jfunZtb99Ox+W/iL4W2Goa34d059At2kuH1hL9bO2e2meW3AKASwBCduSQuQB1wCeZI/hMNAic6drvjbw3KjAxw29/NNBFgjBEVyZgoyNxXA46AdK+mfBhutV+Lvhayfe9rJrfiCHcUU4+SMMAcdueD1JJ68195ax8L9DmSd57RZ4RFku8CswIwN2SoJA/IDaPSvr6eOwMYP2sH7VybVvsrSzVm1pq9HfTu9PmK+KxkFSiptrki5K2nMmruzvpZa2d9Wtdl+NCv8XbDxS76X4tsdYnGhRKh8RWB3i1jZwkJaHywXYE5bkc5PU11cPj/wCKemwD+1/Aei60q53y6PqUdo7kHJcQzkuSeT06EFuTkfUvjLwRpB+MVjpccYgtG8H+a4CqisxkZcnABDDHUE++QefSdE/Z/wBD8QRv9kc2/lRbmkLk5YgdCG4z6cE+nrlHGwpU51YYmvTpc7avK6SXLo092l111T03SqpLmdJSoU5yqU4O6ioy1UWrNWbTWyv5pbHwMPjlo2neKPtniHwd4q0C5OlRwEx2smpw/K33ma3QKIzkgk7cnud3Hh37VXxb8H+JPgtqenaNrRmvbjWLKT+z5rSW1nCpOpZmEqhgMAjn0yP9n9C/HfwUt9F8aHRo71ZfM8OQ3bPw7DMzqFw+ePlHGBwx6HFfFf7Xvwki8O/Bi81q5t9Pa3j1qziaRLSNLoiaVePMRAxJVhuJPJxj7xrTE4yeIyjFVVWU6c6Ukm48srPlT1uklp2eullc2wToRzTCU/Zyp1FODSUtndW0afVXdnd3SaPz+8J61avpoaQozeSQyKQGXEQAU4PULgjA4X5favuPw54ql8Iaf8OtS07T4Lye88IXluILtQYkaa7dVlVDwHjYhw5xz1Jwa/P7R9B0qGyE0RmhREfLRyk5LKQCwzyABxyehyQSSfvey0iKbRfhXEuXhPhfcHY/MA96TlyQDwclgMEg5wOMfktRQk5Rly2u/dte+kXZu+vXo11ep+x0ZVYqntfl91x1avy7Wau77vo76Xsfqn458ReJvE37J/wku/GGJdSk8Sm3lkidmiktI7PbaQypISAEQJtJ6HkA9/kPw14x1HwR9kMdvPf+HJtcuzPYMSGgvFkcKbfBw2CfugAEAgdq/R742aBYWf7GPwiu7eBEWLxHpzyyxqVdytjGSvABwSBjpk5yec1+aunX+meINBNvbqVvrXxzIoidgXjjDn54gThoieWGDyT13ZpUVTnhpJQUl7SySWnLdJa+TVtfWzNlKdOtKUZu6inJu6lO7TezTb9LrT5HWXc9pqmneMtVsJfOhuLiC6JjHNvLKV8yGUHDq8edpBHUeuQcDxddve6rZi7Yu1noOiw2pcbdiuY2AAbgkDuQOeSAOK4O5vdW0ZfFpt5DE3/CQW9s9qgIt7lHmAKSrggM23G4ggE57Guvt9Rs/Fl7qsqGO01O1k0ezGkn5plFvGm94cj5kwuSFDHGMYPIzcZJOSd42vrbW/Ik2lorJaWW9/NGsaqqRtone9no9Hrp1vq7rS9vMfbREeF/GjlXJbXrNTgDkeagKknPAGSeO7DI7UrOAWuhatcWeQ0HiXTXmBXKMqugORg4YKdo4O4EEKD120eaLwr4zgbyw6+IYkLMOQyyqF4zkdMn0IGBkZGboUb/ANg6lbyYY3WswTvknG2G8iUEgHABDEjAJI65zWF4yTcbKeibsnZr2d++rVltozaDirRk3KKtaVrOGy7q6vd3btrta6dbxpGupQeJs2peaTWLOSLYhjj3LbsRkksFOOhXA27uOdp4DxN4Tk0fTfh/4i0ueSC9ur2Z5ZFc74JwesZB4ReQ+eef+BV9H+JNEkul1qGwjWRY9Y0uXOR5YzZO21yD93IBKk4PQYGc8j4r8Nf2bD4DXzhc299dStLC5LJE033hEoPAToD7Eg8nEQmnHVW5ZNOSb0+HfW1tLbaW80x4nCWvUg0nLl1u1e04vu1urW0dn5aeZ6Zq2mavot/ZXcxTxLN4ltHWHO1L1fMGZo938ZJyRnOTt9DUerPPaReP4JkYSDVdKQKy7gCu0kEqeBjqo5OOK57xD4cl0ZtXmt1eSOz1+2uLa6hDK9tK0jMill5wNoXblQeCQQ2KZB4le9ttSsvEc8UN/revWCW1821Yp0hZV8qbqBKpwOeMdiRmtFHlj7SF5r3bJXe7i29ejSe3RaK9jONSKfs5xSmlr32TfSzV9bLV+uhJa3Ae98bGUh9ljaOSq4IUrHux93BJz9BwAOM4uqafA+saQI0KmSG6lV5HYBG8pSD1OMYyPbJOAeOk1LT203XPiHBuEqR6dp/zjCgo+zBAHJUgEhgCCP4uQTV1A2lxquiRKTu+zXCEYY/MtuDtweCM5BJxnj3x2wqRlTUna6invZ3cIPe11Zaq272tocc6couSaTTn3+JJpXW9krNt21STvuiutm8g0W5DxCVNJ1Iu+cs2wMASTnnt94A89ga1/h78OR8Yvip8Ofh/d6pcaNa6xoYtLvWY4HnXTbR5nE17JGvPlQJ8zsQOehPBFeCFjYaSQF3nR9ZXgHPBYDB46AEHIz39q8xu/ibd/C7xh4Z1S01O9066h8NJvudPINwtq7yLcQJ8pAEqHGWyvcgjrMViJ068MJUdPEzp1I06is3Gbdouz7ab300sZYp0oUYuo/cVSDnzR1VuVJPbpo7K+i87/Y3hT4TaR8D/AI2fEz4c+HvG2l+P9L07wHc3EPiCx+ffI7EeQVVmCSRk4ZDgrgZHevMv2+jIde+GX7yZpZPA2mxoYxlgGUA9AMgZLYG447Y4rK/Zp8f+E/GnxF+IWt+F0v4IbvwPffaY9WIklmuVIe5uN4yA0rsXQdACMEZ5g/4KAeJhZan8K9Uiu1/c+CdJdVgUGThyu08EMV5JJI6EZxyfNwMcbRzahTrt18THD2nUlZSlNUl70lFpJSfRLRLRW37JulPJXOKtSU2opO8VD2isl3aivJu2is7FL4P/AA48Wab4R8Xa5D4f8UajoNzoNuia8NIuV0iOWZmXymvmi8qJizFVbf8AOQcdwP19/Zx/4JtfDz4zfs36b8Qdc+Ldt4c8bmdmXSdQ1KyjTToUDGOG4glZX3ygAknAOccAk1+Xvw8/4KE/FTV/gZd/BW68Qaba/D3Q9LsGv7KDRbW3vZra3naWOKW8jhWaYo5LM5k3YGckgmuWs/2lPDOlQKlv4ovJLe+vYLu9hjn1O3tgqKpEPkxSouAAEIAHOWzjmvEz+hxpmkHTwVVZTXo43nlKheuq1CKXJCTlpG7cZtLZpRe5thHlkKMVWr0k+WLi3JpqN4tppuS5pO692626+6c78fPBi/Di1+LXhE64l/Np2rwWkk8Ww286RXRSN7Z1JDIyANvBweT04XR/YQ86/wDipq1kZY54V8HXa+YmwlisJdtyqOMDAwc4xzyTnz347/Gfwn4+8Oa5qGj2mn2lpLNZWU8lrFcFmuIG3NJO87M5LryTuOTwDkqa9T/4J7XWgXPxe1GLSrhJ0/4Q7VJZSsTxAN9kZDGCdudrJkFhwORjOa+5w88XQyhwxvPKqqEYV5O3v1Ixgm1ZtavW2ljw8RGjPNcO6EoyhGaas0005Xdk9bJO91s/K5wH7ckdrH8Y9MWbyfLg8KwsyMSocBEHqAMHBzjg5yuc17nq+j+Ab/QfhPcammnlG+H7TWtmdQSJ5rmP5SXDscOpHHAAAAwflx88/t0eIdL0z42wnUUykXhmJHQwtKGU429QcAr/AArzuJ3ZbrheP/GfhW58FfDPU9TuIrPPgyeDTGjimEiBLkhyQrEguvy5IPB+YkjNeysXiKuAyyjh1UhJU3F1FZu7h7ulm0k3ZJvbTzPOlh6McdmFSsoyam3yN25UpR3d+a3K15u+qXT9g/Bf7OH7Oukfs52fj3xJq3hu08U32m6hrWnxXHiG1+2NMqvHDZJEHxI7PtKpsJJGehxXY/sW/slfs9ftI+EPK+IPiw22saJd3+oW2lJf2llbw24kcm2WSYqZJJiu5ip3EHnBClv5/T4x8M+KdH0mw1vxtfaVY6CfOtpbVL14EClpUQxFyjEnG4bBlucYGa96l+JumeEPA3g3UdO8ZappFjNdzvL4jsGvLa4vlaQkq8cEib9seUEZPA5xnOfjsVlGeU4T5c2xf1jE4tygmpRtG0m6cUnLlSUkm1ZO2561PF5dWhyvB0I04Uo3qRSvf3L3TT1fLJdVdu1z9HPF3wb8AfA39oXXtE8Ea1fanpd/oN/cR2t0N509bW4aNIYphlZosjMcqYGNvTjH5M/8FAbpn1rwZdxYlaTS75QZcjASckDI65AwFOQeuARx9JfAv43S/Ez4peJb6/1W+1+00bwm1pY3V4jrLFBlUSQMQHZZMguHJ5P3uePmT9v6JbfWfB8cM++M6aiqqkEq11IJdoPUHBzj+6Op6n2Mow+NpTdLFynicSqDjUqyTTk5W1d9r7J7Jr1NM5qYWpkTnhoKnSVaEo8iSSanBSa+52tpr5H2b8Nfioo+HXgtblIEktvBGl2QWJdzgJAkZwDwCQRyMccc9a7HU/F2lt4L8RW091d28lwdKkjxbJIpWOeNicsh2r/CRwMbuvU/n5p3jjxLoOgeGLFNJllgGh2cULII1aaNYAVJG3JACjO09zkYK44vxp8bPG7abGI7d7K0umgt5VYbhI0Ey7AvG/JAz8oJyOmAxr8uxfhtia2KrVlh/dqYmVZvnSdnJSba/wALS3bvfuzShxNS9jQpxqNOFOFNtrqoRV2015N/fqrs/SCLxLqEHjmLUvD1zaGSOKyMYmhto0d4rYqMpJEyAtu3bjgsMgcV8mftPfEDUPFutzjXre1tbnTtHeBjarDHFOX5LFYUQSE46nPIXOTzUGkfFm5tILc3oW3uDb2jo/2ZpCxeHGGcEZyT3PTOME8eKeO/Gun6t40b+22iuYprFYwRC6IHfjLoBnavOSenPXNd+Q8IYjJ8fHGVMJFezjKEZq0m7pK3e7fVrVO63u7x2cU8ZR9j7ZtTa5ua+jSjvrdNS6Wad3or6fN+loJb6zQBQPtA9+GJIBA+Y/NgZI7ZIK4z9Yfs5+FHn+IOoas1ylq1lpuo+VCU+Z1iQbeuCpbdleD0IwdpB8J1+bw/p2qQf2X9ncRy25ka2VgGIOWK+mMcqSdo+9gcH1D4Ma/fH4xxuWdYDpkyi1Rm2yIUz8yKQrHqxJ6AYBHAr9cwDdfEUIvmguaL97Rq7Wr6+6rrrfV23v8AH1pQoc3M/ae9vFeSSkm7Xtva/VXPre3MjeHvEiCSNEa9V3jbjLM5L5BG7LnufU+1a0EjDWNDWa1ikSLS0mCIQN6qhwx2gAkhskAA/eAbjFZEUFzceHNemSElZtVUMxIUAebzxwQOdqgnkkDHUnoFS6sNRsZprW4MS6YbaObaHV38oAojKCHKg9QcjCjIzz+k0HTpVqVKS0nyybi1fRRtbyuuj3e3b4/M5SqylWhdJb7d46NJPe1+l2+rOd023TUE127FmHUi8VkkCt5IYnyyhcHGOct+mdwrJ1DwLYR/Ybe6tZ2a5ginVhjYN5+fEiFSFxyM8KcY6V1vhqZIND8SySxyI8k6gB1IO0yknIYDafmGV65PfrXqNk/h+5k043N7brLHoRLrIwDLKE+VArHBIA3DAU8ZPA211zVHnbcE0ldpLVe9G7lZro21rd7dUeRCtWcbc0Yyvpe6091Ozv2bdtW0fNlt8NtJvNSuoLS/u7R7aK4mGyfcp8pN4A6ZBPGSOeenJHnPi3SdStfDmnvPqjXVsdSUrayHckb+cyllI4JYKD1HOAeea+ktBmtV1PVriRoXV4L5EdGU7sIVGACBnGMHnOc9814T48dG8HWDAf8AMcKggkZAmJ7DpnBBHGPzrjx1GksO3H3ZOHMrNvS6s7X069Xe2q7dOHxNZ1acG3ZySknG7a0d9dFfXVLbtc/Qv9nSXZ4NEEi7gNNvt7RjeUBtgFx1wCSBjoDjkYAru/Fa211oFppU25Gkt45UkLfeUODhd3HQ9fujI6AZHG/s4vt8Ly+UrHd4duDJs2E8RkkHcCck9TyQRkbThq1fEc+ofb9Msr2No4DpztZykqSzMpKhs4U4BBA+Y9CfWvzLEprGVI2Tbkmn0WiT3Wr66f8AAf6lgG44WjKMbpQUnF7vSOnV33at16dX4zp97LaXV9YAo8IM4Ug9JVyMgKSMYC5653E54Gf7mP2Fsf8ADInwLLDOfCSZyc5PmAn5uvU9znv7n+FtYjDq+oiYFXW5jG0ANkSFQ2AAcZyc9B1wD3/ul/YU2t+yL8D9vIHhfAxgnAlP0xgHJBxkgkYrw8/0jRitEr6J7/C3e26T731+SXTiGnRptqydWKSlotrPW3nKz3au7Kx9X7SMlRwMEHggKSAQQeh6AY6Hr6E5wwwQo6EDqMYzgjkAn+E4U9emKeBxtO5ucADqcc4HU55wT9OcHAQ7sMMHcc454ABPODgYHAJx3BPY18xbt5a7PS2/frfbTSxxN20391WfLbmUnG1ruV21f7La1Vmtk2klSvUAD5flwx55BwByBzzxwDnimmPHA3AsQcHJII2k4JGPbLcYxjpgTAEAkjtkgjg8AY44VQemCeQfXJeoztO0kgj5QducjjB7Y68AAgYyM8zqtdlvba2kUululndX1bvoKMWuq1d7aaaL0tv+HRJoYgJILDcT6c4wNpwQT82M/Lk474pTGoBPOBnaenHQgA8DOOR2GewFSKAOQpUBm7DJJzzjOS2cEYGM7s44pCV4J6KTz79jg84x2weehOQA05K7vfRX1TV/dtps3ayav101jZbK8Va6bVrXd07cvlr3stHfrraPY3BXj5cjJ+bH4HBHt90sBzioSCckgk5A3ctyBglhz2zyBznB4AxZJHPA7tnGCWI5OcAnryvsufu5KgD5iBnpg5A9zkHrwMenGT2qlOVle17JJ27qLtfa+qvpfsu8u61TXRX6bJpa6KzV7LdvRXuikOpGMbSWBYHHQ8k9ScggqckEjjim56nOVGWOdrAADsD83zEj1wSORhqtMgIPX5xgkZxnJADDOCwyfl6kcY4AEJAG09x8pXGM4zkfie3Lbh1AznaPrvZu7vq7K3k/V/e9E1e27u/O6vePSz6vd+ttRgy2OBnGPQAnHOe4H97gY4yDwGbW2csGIIPoSSRkEHgE4wDngnoanxkAH5gMgKTjByehAIAA544ODnIIpu0bASRuIBwQWG1scAg8qTwADx+Ay+qSa6vl0Ttp733J/dv2bSUm7X2VnZ/yr3dm9L3srN20VmDK+SclfTGQDnryTnnByOSOT0OaQKzDr8oYKCfmwRySD8uDySv09jSBgu/qvTAz82f9k4/UYHQE9MuIHpjfgdwcgnOBjnrycc5AHPFQubXTZXv73dKzUr6pWd9W73S1d6XLdKy30XXSz+ej1afdprWzdjDALEZ7Ag4Xj5gPUcfp0ycsbeoK7QSSCCepz6YHQ+nHvgCpwMBcAnCkk5Hv26kHjKnv6cYZuzhtu0jBHcfLxklccfL06cA/Q+V+ml7Jrl0WqaacftOybu2mrKZJt6O9tWrr0tbfpfpdrfvAVcE5HIxjIxzyx/EDnHtnvTGdgDgYx8wwc54xwODjnoB0I45qeUFiQFUAMMjdwQR356A9TyDlfpUJDBj8pYfKCSfTP3TkDPJzzir5UunTTt08uz8r762RKhNq1k7PRbaWil3V/Oy211IjuLYIK98Ak8np6Dk4+8OBkn2UHlsgdMFvmIGccEZPU8ZPAYdT0EmCCwEfQqF6ZGBjCjkMO2OeeTwBhHUEg42d+7DC8kEjoCR15OSeRzU80VJKKV7u1mrp7a2200bWtlt3TjJcq5U9vtX1tG+tpPtq9etlsRbcAEAE4Od5UgkdckbcEf8A1+csRGwONw2j5uRnHA6YyB8xGSPrxjrVzaOMAjHcjHysuBjsQMAAgDk8gkcQmNAW4LY4AIx0GSwA+6eDg4Oe46Znnjflsk1a9m1a6itL7vW3SyfTWxGOySir62v3a7W167XevXaPIOMgcYyBxkEZHA9yOjHB796Rw207sHIwB82BkkgY55A4Jz0yc8kVIFG75cYK8Z7D73TuCDznn254QqpJ24yAWJ2nB64GOeOp44z03AYLT1TtezSS0v3b2d09dla+trtMtR27abNuzt+F9NdklvsV9pXg4454PLcDkEcdfwOAetNAYdgDz3Pc5yM+oPv0PcnMx2hiG3EgckDj5hk8465444BIxgYFKCuQcAKQexPTHzf3Rxn2B4xg4qnKzilG7fazSVl929r9d7rdjvo3Z9Wr7WS952769PvViuUHy8jDfNnpxjjPfOcd+OBkFsiEqTnOB2AOTtGckD9R+PHFWDy3J7ADGD6HgcgZzznnB6+jWC7t2cqVZRngADOD+Hbk9eh60lJ7fDo9dNNIpqz2+LZprZ6p2HZrW7XNZ9Xb4dNer7tW0e+rIGYKRkjIxjgkkgbTkcf3hjnvmmY5Az0PynlduQA2RxwfoAOoHHMuOSCpIIbrknGeDweBg/KOcZwOTimg5J2gAZIVuc9+47/qO3vSbXVpu29lvZ7WTt12vo7apA4K2je+jsldb+V9Hrrb8gRdwwARk7ieSckdT7fMTg+uFIGcO2Lkfeyo5JzgA8gDrgknkgDAOO9MDShgpA5UgAEDGCMdAQc85BxnHOegFdmbGMrgcDBJ4Azg89gAepxwT2cW5WSuvh3tfor6abXt28tTJRasmtUle1rJaXt5dlpbrtYikJJ5wBsB3Doc5GSegJGQMYHQ5wCQKW6kH+7gMRzjlwTz9M85J5wKlIXdtIIGfmAHJ7jGSAfYdjnGTSjYrcgBSMHOM/UjO7r3yDgk9Wp3d73td+S6LR6fNu2vmkXyxd1Z6NSSV03tdtaXta7/AMiJgV5GSMYb23Fs5zu5UZwvbnoOldicqQAu0kAHJB5JGc44I/MY454sMSFJ+UjI5IG3jjJI43Yxzj5ug5JBrsMbS4Y4YkYXB2g8bcj0znqSefqK7avfp0d7eWnYIwWttUt7t7tLum+vW1lawirgY+YEnPUEkA84zke3Q+g6Chg43YIxwQScnnOABn0U4Htj1IAF3KxJw2Mnqo68g44z1BIOAuRxxUq7eSMYUDn5jkkkZ+6T15PQr1PXBG+Vt7dfd16rsm+l+nyWhpfljbt26vT9Uv1ITgYBPBOcn5eVHPTjqMYPuSc8VCxPP90c4JBJBHop5Ocg7SOeh61I5w6AggFWPOCT6cKDg44x0POMjq19xYqvIOOcYJ7sBnjAPB+bjgA5xiU3dWatvezeqt110vdpdNrOzaUdEuZprXXeyVk7a6aLT01vZ3YQjAg7sOMZBzyACMEfj047HjJLtgUcEZxjn+8Djk8YBUA9/u8kk8KGAAJHJOcgnIORtJwc4GMk9OD7ZaCULHABA3YbuOT1BxjHTJOQehHUvJWu7X+Wit0u32d9kt9jXkWijpe1td9kut733020s9mzk5PTGAeOTj7xHoewOcfphQuctxtJJOf4sAYOTnJBwTnpj8jIPOTngDHbJ3AN+B5GDgbeDjlQucnPJbIAGcAdwRlcnHU56kfVOVldJ7qyvq7pbbpa2T69VcEmpWur387dk/xf5a3sOCkcAKFbjcRnoQeh5yOh49QepWm4IB3MCM7txIYkDnJx0GeSOc9j3IAOBjncSRnI2rj34BCjJHJJGaQ7hgBOAcMcHnOcjB46nI/4FgHBzKaV23rd3utU/dS23Wy6Xtoi0m3bXS2zeumqXlp+owhWGfmORkEn5TkrnH5HAGRjAzxTTuIOT1XIyQSpz9PpkHJyMkcA08F0zvT5Q2PXGcbeQBzzjnk49AWqMuvQEDacnIOBnoOePTI7cgBR00hJ23fl0u9N1d+vS4ppPVJK6W91tyrlV1F6edtL73GnoWUk7hyWA+Yr1AzyCOdpHHQnqaZjauVOQwyd3GB2I+nGcDHcLnkvyAwGM7S3PJ4z8xGTj1BZsg54ySRQSvzMMN0ILFQBnkY3YUjORgHjpjNNSlvrr3vo9Hp2asiEoq2km0lpb8LWVno9NrLpdDE+bjjJxgEFefTOdo68Bid2MgU4APv9j0OM4749f9oY69Bk8IN3zfN6EAYx82GxnJ3cjI6Y6dBSEsrFiMDDHGRnIOMZ6jA9AOmM4p6cqu1K972lbR231bvpZ22tffZq/Ns7JLSyura726vXu+nYaUJHQEjg54xnP1JHQ4GTyO/IgZOpCjDjBJOQPQ4BHAAGSeffrmwGyFOCA3zHBGT1xgZ4xnjOM5wcdaRsnGOAAT0A4ySDwOgzntzjDDGKUW42V7q71d73bj9+kXpdX0Tva6rlTezVttHra3lvqr+622ttdawRlA445XLYJxnOB6Z7k84PNRuBj5cDuBuBLA46dsA8DBwScjIOKsEMBnbkZzkEnOOhzyRkdCFGTzgc4DtyoCYwCMdGGCc56jcc9BjJ5HvMpXk0076dVdtaK19Va2l9Hsvh1Tp3StJb3t5aWv3uuy809LqvhsAcKCcdOQDwemODnqAOeaYEcMBwNo6k5YZ9Bt9cjJ7DAAINWODhflH3sYByAcHnqc8g47HPHFNOExk/eBBJZTtIzjOCf4ee3bp1Kjte/wDwHpbXdX326pru45YxurXS1btd/ZvpqtN3p3v0tGGOArEZyBz3IOcZ+nqDnkDsKYzn2OeVPUj3OOuSCD3Y7QOSMPO0j5cnrjjJ9/faRyOhPOMnFROABjAyTgsME4bJ+jYBIxjIOAcdaPa23bvp5rXyfr26PQi6fTta0W92kn5K+i1u7JdSFpMBgMHOQOCODyd2QCe3Ax0GTUCNlpM4wAMqCWPbncQfTGOCTjGOolYLkhsnLYU4ABIA446txkn5QTwc1EqBXyFB3AkFhwCAOnYEAkHn6nrmo1btLq0k9L9L76N7LvrttpXJdcy129XrHp56dPuufzMf8HA/wXutQ+Iv7HXx109FQReLD4F1i5MO+JIyfOsftTAYVHmIUbjycLwRX6g/sAeORrn7ANja3M0Usmg6R480CaWBgV+1R3V/thROyqmOegyeAcY9D/4KUfBu1+Mn7HPxJtha2z6z8P1s/iB4fu5kVmtLvQJGvZBC2C6POkQUhWwcAEHFfnl/wSE8ao/7E/xH8Navckaxp3xH8S2qDaXEjalozag8amQfKoeY7go4+b0Jrhx2JlCmpN2cIqMItJJr2sXro/O73vut0eth6Cq0INRvN1vfd1a0YJrpp0ejV/O9z+UD4oRrF8SvG8by3okk8ceISrImFUHUrgkEAHnJz0IB/E1kWCRQ3tvGW1B83CN8uRggKeOARu5J4xz8vBrpvi9bxL8UfiIrXE0Elv408SyKEJcbv7RnAzjKjGSR6c9sY4XTtSgF5ZH7TJcyCeNmkX7yZAwrYyuN3AGGPbnpX7/h5url2GWicsPSaulJ/wAKHNp53jpZLR77H4vWjGONxCTa/wBoqfhNbrTW+qdno072kctqcED+NY7oG+kY61ZBInXeAUnQhdxBxjA298DAzX7oa3Njw74KEkTjdpWmEkk7gptV4xxzzzjIye4xn8GtR1G6fxmCrThY9ZtnYKRgE3ChQTg87Bkg9+OCTX7z6rFNc+EvBEsRLSNpGl5LYG0i2jBG3pu5+9xx3/iH5b4nw93I7O3Iq91s/go21av89ddtLn6r4Y1Ep5ut1NUbX6WlrFbJavt3Vu9fxDqMNhoDSJEWzqmlKiNkozGWM4x03AY54G09cgmvyS/brluLj4nWE5XYgSWNypG1C21ljB57BTgHAOPXNfq745lit/C9tGwZpW13SFOSDz5kbbsjjntyehA55r8sf2943j8c6J5SlVndWG5cBsgK7k88gkgZz1A69fO4HtyuL+1KcrXtd+5+Dv1btq7HoccyUpxahZQVJJrW15K6VtFe1rXae3Q+DPH7AaHo4IDkjLENlixjbBJzg+o45ycZauD0TTLm+i0krvEEN+jSMSCAQ+S2CMbgwyOO3HFeqeLrK3Oi6c0pVTFIwdU+Ziu0lT0+6F4P1yMD5Rh6I8cOlWckCkrHecHYcKuScnjDcBhkg+nTiv0en8VkrO6UbO7tGUU09L6NNJpap21R+dTjBSbk425LWerd+R6vqo2evTR3PZ4viD4tjupLSPXtQNk1pDaP+/MKPaRqmIii7eBgKSoycYx0FdDJ4zYWsMW5WXfgFkLnJK87mJJLEfKSc4wAemfCJvEWmpfSPciZ9v7tREjKoKkZBONoyeOex7d3XXxBtLbDxaci5ZQhnY7htwNwUkk8c5bOTx9LqUKlVOUm3FWV5Sbau9bJdL/jre92EcTShC0Xb7Oi7LR33S3stm1Z9n6/q+svPC0ccJjjZo8HBJJ65wMAZYk45IHVT2xftUFoAJ9jqjI5RogwfnJ3be44x7/dJ5z5FqvxC1S8ZYNPtpXeRQ5NtDtCheq7mBB9cggY54xVmz1y/uLK2F/PZ2DPMBL5siy3AUOMZAyQQMkKeuDweKcKNPlas+a6aaTs9lZcurfWz2Wncyq4qTqL3rLRrXppulurP00b6tHv+izRahcyQR20ttFcSCUonyIyEYBCgghThc8nOSBg4A5rXvLttS022jmKmS6l2jdvVDg8MVwVI4Gcgd+DnFHTPElnZ6gQkepasY7fZC6D7LbZKAksWAYqMnBBOAeuckec+IfiRqUF28dlpOn2rxyuN0oae4RmYDzC4LYORu4OPxHFxw1RNNQcY3a00a+F7btvpfSy30sKviaTcVKSct1dJLRwctNFaT6dFtof0/fsuf8ABSL4Mfs2fs2eGPh/4a+FU3ib4mNo866jqdxY20dvLqz7hFcSXt3A8jwK4TcscoUgHB45/GL9pD4seIfih+0XB8SPiNqWkabq2vCbUbmGyjjWPTYpCRFaCGEAARoqjcAMkMcGvEPDmua7r+iaX9q1C8l8lUUxxYto4FOGaPzQFJ3cHk4ycA8cxW93pNz8WNEiuLWO78q0CtFO32nzHGQBJ5m9eCecZDMfl3Ec+lw/wtSwmYPGwlUeIxWIg+erUlJRjJxklGK0S5rabWSV9UeBnvEMauEqUJQh7OhRlZU4Jc3LFcz5knzOya0ve63bOj8eeMfBVytqgvmutrFWngtJsNGG5wVOcAgnIyCMEKOM8NJ4u8KwwhrO9vgQYxGj2VwVbDAnJB44ODwOMgHmvYviZp+mpFZvbWdpDLEVCxRW8CIFYnqyqAzAjkkdM9ua8YvrhlURSW9vGkbod0ccSn0xgphsDrjnnIPIr9fll2IcJ3rwu4pJKLbi2ot31a3139VbQ/MoZvRlTbjhal1a15fzKO7Sttrq+17an1X4Z+MvgmytNPiuLCCXNpCjTtpl4xDR4L7yrbssAM4XoOpzivEP+FqaInifxlc2slrb2t/rCXFpCbS7XEewJLGQrZUHBZg/TdnrjOnpt/aSwWMaXltFKI03boogoUjkOWU5b1OABnJJBAPjlreTJr3iomCzvYmvisLsIDsbAXKHHyqRjI68kYGTnx8XksX7Dnr6yk9G0lpFPS0tL7bNtpa7Mwy7Na8qmKlTwMopJSTbk+f3oXV4xunfXXfV9Wl9BXvxf0iK2ij0yx8PWVxvDvIWum81HVVbenmZUk9AeBk/xDNYr/EuxuYYzd3OjrGPMVoo0unLMckDG8Yydq5xyCMnHXjodU0ZbQQahpMZlON0kNtA+eNwYOEOAD6k5yc9CKs2GsaIjMq6QskRVwrvawq4KlhnOwhQ3Cg4256EVH9j0Hp9aUfdtZNaXt02Xm7a3PUjnGKUIv6h8XK2tXZpRu7OPxK2rejW2+kfw/8AFEdj/aYi0rTdR87Urm53C8+zIkblisYVzw+GGc5YkHkc138Pji4YyoNAs18xiVEeroWC5z95jgHt0HJ5yTivN/CniPStOs9SabQ0ffqM7AeXFySxVNpC85BBI6Lt5zjnv9L8deFl/wCP3QRFlhmRbaMnaAp4+UuQMHn5txLfgsFlmEp01zY2O7bbaXWKs+q1s7J/O2gV8zxk6slHASurWnd9VHdJW7J2VlfVpNI5vxXdXOu3MbRaBFJNDYzPKy6pDIEj2H53JznbyQufb+7nq/hN4l8TeH9BsbK08M3cqxyXEkF3aalHA775CSUVgCpB+Ukjkqe54vah4g8M3r3F1DpbrbNp842wwFGUbPlZmQcoeuMAdQTkmpvBeuaDDotgpsb1Zo1mdZIw5V8vwuBzwMK2BwAQxBxXDi8oy+tjISq4u8ZKTbTjry8iVm4+8pdL6Ky2aOjCZxmUMPU5ME7QqJRh70W00nzLRaLpbyXm+m8ReNvEnibyl1vw1qd3cWhENo13qMVy1vED8ojwAoJH8R5J6A9K8/8AGOpajH4Z1aOXwjqEFq1sY1uHvEZY1ON7hccfMRgDIOR1794vifQYrgF9H1FriQlgCXCkqeFG5sbfcng8+1ct8QfE8OoeH9Qs7fRdQiUx4cvcKI03NngMeQehGATkDrw1TynJqVCpyY1+0hFuMVZ3lZNXsrJp+vd9zpo5zm86tKEsCvZymozbumo3jdvXz1+XWx0nwt8e+JdO8N6Lb2PgWS/tYbbyo531KGGO5C9GMZGQcrxz654216TcfEnx/LcIYfhTbqCAqs+rxkN7lVYZ98Z7DpzXkPgfxXBp+jaPZDw/dSQwwKPOS7jQPhVzhWPX1GPmyfUE+qS/ErQDDHFHo+oLcCNVK+ap2urDco+bO/PHIOeT3Ir18vp4FUaP/CnODcINfArWUU7OS06J2d7Lpc8HNquLnUrv+yaVRRqN3ak+dJr+9bV7pWu76HiPx5vfiN4y0azsNQ8H6boWmxapaTebHeLM7zgjZEcMMoRxlcYyM4Ga8R1TQ/iBplqj3mg6QYwUjgkeVXdY9o+U7jkHphgPT1Br60+I3iq11Tw5py2+k3SPHqlpNK1w6Y2AYIKnJYkDg+y5JHI821fxHoE0ixX0hJEmfJck+UeOCu7GNwwvcZxgDiuLG4HL542pUljpzdocs3KKWqXWzd15bu3q+/L8xxlPBUoRwNOk+aa9nyNRgrxak0+6v0vp6Hjmn6l8U9Ot0WDTrNbZseQ6S48uMYO35TyGz0bjHzfMK6efxl8VdStDHe6Xp0kGjRLdq4ILxugyzdfmHygsOfxA56O41nSJICFvEt4o8gbwVRkJDDIyAoGOo75IyCKt23ibwvueza+tP9MtDZF0lA5kBHzEsxwMjliSSQOScVM8NhYYef8At9VpwaSdSNpSS0XLa9m1Ztmsa9WdeFX+zqSqRnC0/ZO6va7i7aX3vfS6V0rnnekfE/4h3Ynl0ux0hXZ1Me8sp8wZXaq7s43BsZB9mzmlk8efGq/uxDcQ6QZUZiIl5VSuSWZt/cAE54z/AAnIzb07SdN06WVV1XTjbfaCLeY3KRuqqXYswByW5HJPzY5PG46Vk+gabfG6XX9MuXlyGWS7CqmWO5B8x4J5APHXrnFcOWxoPD3njKtJ8/wRqqHZ6R05t9LLTfTZ92Z1K/towjhac4+7aTg5JK0bqzWuullfe+5wUviT4pP4p0Z719Ij1KNZmsJGTfCiMAWDKGyeVHPIXHTvXcp4h+MiyeauseH4UljcM0dtIVcqScAEkFj9ew9Tto366dc+ItOv7bVdOZ4Un82OOeN/JgI27kGPm7kngZ4wD06aL+yrGJJJdVtJ45Y5JvLizJMGYngIG3KCcncOAORgCvOdahSzKtB4yslOMJKftXeSulq1bs97XTSZ3TpVsRlVKawlKUk2pRdNKMdY2917KWl9d+y35xdZ+NEqvMuu6ZIq5DRxWDHajcF2BJChVJ5IB4JwOM8F4stPGGqvHpup+IrO8guLu2eSK2tNrQ3KYKPIMHARsHng4zgYXOzr/jHxFpmnXk+i6dYWVjIGT7Vc30YnmjUkMywBg6fLyMqAxIyflwfL3+IcrabPKstjbXX2pZXbd5rySLwChBLDJBIUYBznB4NXjauXz5L4itNvlbc5ScdLX5b6N9L6JfZbe3Jl9DHRg/3FCmuXmiow+aatbTZNaJO/lb6F8M+GPG9zG0OneM7qN4IkUqlsihiAAqKxQjaAFGSemSPa3deFfGtyBajxPqE2oGdmmt2kgwQvBf8A1YGOpA56nqcV5BpXj3WRosOowa+/2qFhKbe1jaN7hVJOws2O3ByCD97oQK9t+E/xO0zWRfXWr3Gm6beWkBiMd66mW6eR8OwfPDBTypxjHHvvRxeBUYRlVnJWjy2m7ctlrFXdpJ3TT3V2k7BWweNnG6pQi207civKL5VdKz5WrW1b3TXY81u/AOqN4sWbWLzUZbi1tlL3SlMwRlmG2PCBZBgEAg5XOTwCK+wfBXw11u+0K3msfF/iK1t2iHlxpdJHGI8lgSowQ3YDuTwcZrwHxhq1nrOuPPo3iS0ZoIoY7m3tnyHO4Eoh/wB0YIBIUA9TxXsGgfGKHQNFs9PWGEy2kbRyFruPMhB+92HBxyCcE/Qn1sp/s+MqrnzONTVNu/br0tbVSSu/m14uZrNnCHI2uS8bOKTei2um1r2S7XPTx8LtQihYzeOPFsczyIGEd4jMSACScFgWOQOh64yG3CvKfDngNbv4i+ONPbxF4hbyIrOQ3IvjFczMAp/fOp6ejcZHQ1e/4aAtjJJJJborKV/5eQVBGDkDcM8AAYB+bjgcDzfQ/jTZab4z8Wasixq2qJCsRWNrn/VpjD7QcAEZ4AGANvAzXo1q+UKeHbaajU2tdt2XTa3XvfXRnjUKOf8Asq7d7ypLlaSvG0oap2X97R3Su722Poub4XzMVEWv+K/snG9hrs4APVsbZMAgHr2Bx06vi+F9pLm2s9d8VO8jIrsdamD+pCOJCcg5zz1HTIry9v2ikECoJEjyTgfYpjkEYPVeQeQDnBXsRjMtj+0HbRIpWUrIGVmb7DMOAQMgY5OMn0OT1GM9KxGTy+zG+jS5dUvdVlrstel9NGjihh+Im1H2s3dq7tFNP3bRTWm91qm2+zOc8J/Di0n+KfjfSp9Q1eSO2t4Bvn1OYyzvj5vNmZyzlBnbuZsD5QQc49E8WfDPw7p2lvKlxdNK81vH5h1K4JQNtDBk80hu5OAfwxkeM6f8UYV8ceJ9WUTudRjh2yRWUpOVQAKwUZUhsHHIOcYPJOjrfxMs7q1Q3UmpApMjN/okoAZcnBBGWDY67uV54A44MNjMpjGonBKTqz1s7NcycU7J+nrd6uzPQzHCcRTdHkqzUfYUk9bJSUI8z3Tburv5WO9g+EHhO4tYHiub+5Esyic/2jNGpAILIo34ACg4IycZwec15lqPgLTh8TZtA0iyN1ZvZwswupxKFdSGLOXY7sYI2k4HJ55FXofizYw2qpE+oIvmblT7DL3BJK4Vck4HT3GCVBrynxp8UdOXVpdRbVrrSNQmjiEcwtpIZvLTJ4TG4ADJJ4JAIY8ZEZpmWAnQpRpUlG04tvls2lFJ2bTSTSvqnbR37GT5TnqxFWeIxNWcZUvcSk3Zys7pO/R7ptP0uziP2m9Y/sfXofC9rplvDBBbwNeRRuotXkjAVUWOIhcAD5lxv+XkjpXyTqsNzdgu1lYouVKKYcArjoQV+bv15yBjGBj3HX/E/hbW7+e71PXrjULm4kDvPPAZNzIMryx3ZwBkA9cYHHPL3N94QnV1OrhDnkLbFTyDjAJ4BA9eS2e3HzuJq4KtDnk472Ubq+iS3St11VrbPe1vrcHh8dhqbp+zlOydm0uZu99dVd32t10tqeLWWkXM+pxMttaGIDlNgAUkEsdoI3AgdTjqcYBOe+/4R64JLmxswn3VbYvzELgKAeAQSTkjLfLwBitq1u/BqTwq+pv8jBnCwOGKEjngAt0BzwBhc8gGvQpr34fPbBv7TmR1XOxYZOQME59M9T9DgVyUo4ONk3Tb3actdeXf3el1uk91bdnZUlj/AKvFqjUk0raX1+Gye99Xfd27q545Ho97C7SG2tI4ySB+7QryTzjaOp4yDgDoPvArd28ltFuC2Qk4DLHGu8IzckBfmAzuzjr1PBr0m41jwMIGKXUhjHVGik3Bsknc2QnQ7sDPAB67scHdeJvBcDyB5JLgsrhQYZAeGJC5wMAepAJIXqcCqlXwlK8YzprbW9ltG7vs7NKyatotO5hqePq04P2c+ZpP3rra11va6VnF6a3tsYgsTcSxR7YTgBg8cKt3yRyT75P68fNfh0lo3jUuvXPyQAEcYBPBIORyScHkdzXRaff6JNZWk9tpl9cQTO0aTwRlVVgM+SATvbAPzFTkgHJ5wdK11CwW9NunhrVpGVcIWRjk++cduoJ7cferkjjMNF3UoO6Sa3dmoPRJq9ulo2beru9Or6tj7RTg48zirX7qLV0pLVNtLv3toZp+0MoVbuIRRxDJKgMApYnjGMnGCB82cbWIyotaSI57OTzbi2kAmJCSIpXGR1B69AeoBHHrV29knXzmg8JXwjhjZpRKpGAQMt05A5bOCD9MiuMtdfdJW+z+GLm4giLFwjHAkPJXj5W7cBj6ccms/r+H9otbNxabV1p7rTT1SsktL7p2Te8/2dj5J+9K7bt71nd8qTeuytta210ro6oWSXV0oWO1UKDhkjVANuex45AAHAGew6jQ/sq2Ur/x7kkqZFZECg7uc8/XtnIByCBiHRr7U9RDTp4IvUiAYgNNsPIzjDAcDnpwOuOOekS11SC3knfwnKEcAktdKdi5J6nP0GOhPfNbU8fRu5QUld2ctUt1Z6q19td97bXfN/Z+LekpO71UvaLy727vW/3C6ZHZ2DvbK1rHHIfMZURclhwMAY59MjocHrmuhNym2NVmh8tsM4+XkknGeFwuO/zZOOAMmvHbzxxHpV75E/h2V3ZSNyEuFUHBw3UrkYzz0yenFpPijEwEUfht2dlAj3AAgDnA4OBkDk/pg50eMo3S0d1vJecWlp92uiv0Vg/sbETjK82no9Z3VrrZ3t1vvZeu3c6pY6VcmZp5MsqkADacbhyVBA6t0HOAe5ruPhV8ZviX8EY9etPhR4qvPD0Xii3W1142zCN7uDaFaIyKAwQYwACAAenAz4b/AMJpq7AvJ4VXa4DrK/HyjdgZPGMAYAzjGBjgVJpXjPVGuMLoEEuZGG0YUrjP3m6ZGCB0ycgCvPzPDZfm+GeExmFp18PVac6VSkpxlyuErSUlZpNJqya7HsZRLMcoqRq4bEToVYJ8lSnUcakW0r2lFpx0dtLu2lnsvfb34xfFDVdxvte1GVSrKFVn2s7HcXLtnezkFmZgSW4BwBXnOq3uoT3batqYvL68aL57q4kkeUKAQEDuTgA42oSADlQMg1THjfXbRlm/4RiFowScNIhAOcjGR1HfdnOTyKi1P4g65Lagv4et4YjyyvtKNnHC5GcDIxwMk4APFceAyLKstqKrgsDh8NNJJSpUIU2o+7rdQi0m9N7LyNMdmObZhzRxuNqV4pxklVrSmnqnopSej2b6JdrHpPhHXbaz0xIjMqvcyM80coJGOSuThecD6Dtkit2fxNpjzL515al1JCqQxXngbjnBxzngDgYAFeADx5q0ilotBsyVAUYKrkEegBA5A5PI5HpUUXivWJmYt4XtZdgyTkf+PYAxjnjHB7dSfSvGVXWVlLl6O2ltbJtp3vv16HmyhJ0leovd5b3m7e7y3VlL1tdqz6duz8Y6jY6g6R209oHi3OZEQAn5hlBnIxtzwTxkcVq6X4o0XTrOyt3W3cKo8x3twW38ZIbHI3ZIySDnqcV5wfEtw7b5fDVtHEuPNIKEgsOmSO4B6kcEZ4GBEfFNrJvT+yFypwFDRbcZzgdCcHjkkdR0rdRly3Wqbur6LlTjfRvVP+ZK+lna6sU48yajNystG5XSu07q7tza2i2k3bfU9I1nxh4WuIWiYQNK5BjxbnaqkYIYEYG4kH7y47EiuHi1aC1vUmtHjUvKojeCPy5IQDjKsemFYEnIyTxWHd+IbbdGh8OQBicsxYN8pY/N1wAOpwDnaSP7p9o+Fng3SPHNjrN/rHiLRvB9tpCmS2E9lLeT6g2wuFiWLBXawEbNtIBIB7k1Xx1LC0rVXyxTWqi27vlunfW7b3TikktV0xWDlKEuSpaTe976NJXa7La97Jap7HFTKiRXk4klmmvOBKxDZL8nLYPJ+vGM5Irw7WvC4S5vmMUhkEhmXj5Sedx6duACCQANuMDA9a8UXOt6Pf2UUNnG1lNM4hkZGiFyAxVZgh5QOgBAbGM9+ceS614/a11S8srzT5QY5EEk0fOB6BXHRT2wO4x0B9fK8Zg6sE4tKLStddUlqtXd7K9rJ32PncVhcVh21TcZuL1it7PlbSvbVq1o6ffvgT6Xe2tsrPJPakxsImi3gNzgbl3Y9PftzhhUWlf8JWur2Fil6Qs1xatDJKEbJSQFWLAAheACcgDdjDAgV1sPi/wtrKpbzXn2eRI8BLiMxqrgZALEhSoIKhcHo24fdrpdK0yLUdY0R9OnsrlpJI498MisY4x3KjvjDY65I5HSvThh6OIrwUZ2i5RvaSvJScHK7dldPayvo/I8+rXxNGnVqTp8zVGfK5QUrtRVuZpWum1tqkl8vSfHGra2Lzw1qcuiRXJtrbZdHTGAmuVjiCiSTIO8Z5wQSFyRxgVlfDHXdAu9Mu9P1KztLS+uNcu5RLqMK7RDNJhY/PK+Wu1iQAGznOcnaK9qn0S8tYtOsnhSRxb3CLLsyMvGxBZwCCEJGBkHA7YwOT+H/hay1TRdRstQ02C+K6zdoJSoVgd3IWRQHyo5HTGMZ5xX1MclUMZh3QnFOfO2qiVnZQduZJtJ2W3e6Ph1n0amDxdPE05UnCrTXPTTUo3cX9qyutm72fWzTPVPDPgHwLdafJeR21k9zAlw0phuSEbAJQoyP8uP4Sc5AzyRg/MnxM0rGvWGn6feTlJ4HMdnNcNOY90jAKhd3CK3AyAB6nOK9Ef4XfYr24Gga3qWiTHzNsEd1LLASq7lVoi5BGcZ4BxxwCK8M8QjxT4Q8RWdz4maHVGWKR4LkYVmt9wHC8KH69QcnAPJxU59hfZ4WP1mj7D3oRc6c247wV9LNJ7axfbtfq4WrqtjnKhiXWThK9GcWqibcNU05XsnfSV7n1f+xr4sg+Dvxr8D/EHUtAs/Fd94Pvbi8t/D96+y1up40UwM20gkxvtdWDgKRnpwf2G+L37fnxy+NHgb4gfCjV9N01vBnizxHovid4bAub7T5bSSOS1sI5wzM0Me1UwBkquMMcV+EfwN8Rabr3j3RnPmI0t1OWgdWyse3HGDu4AG7Ocrg9sn9O/hFoupL8SfCmvRWcl34Zn8e6VaXxZA1vPHazRzS2jJgpIJE42nIPAIOK/JeIMty3mqZjWw8cS8Ph24TfM3aMee61Sb87X7LdP+heFMxzGrRoZfCo6CrYhRnCKvK8uX3paq9tL9NfJn6N+Dv+CpH7ZUPgy++Gtv4Y8NyaTZ6VpOmRy3+lXn277HpUUcFnunYjzcwxIvB+boDgc7vjn/AIKu/tm3Gk23hGS58K6NNfaabJYNP0x4r+3tHtPs0ghSRnDyyw5Xlc88ZOTXvvxk+Lfw517w/rei+HvBOmaVqd0fIeRNLggntEtoRGJIZYY1bLlcqpOQSRj5efzq1Lw5ZS/EDwh4gu7mFm+1RReXchSdiRL9/JOSWGMHIxndn7tfj+XY7JsdiatspoQnBSn7RXlzcslLdpOzatqvw1P1/MMmzHCYfDynmNWaqVKUHBqK5XNxjzaLVrZ67LXofHPi7x/8S9QgtTb6bLFJNrdzdTxzqzyT3d3Oz3LiHBEZmd3YqVCjOOBVHxJq/wAU9U1q1GrabNDaw6aifYgDHHHH5e0MAACAfvtyRwQPVf0rtvD3h/VJb+Rre3Vo7y8mWV7eFleRTI6Mny5AB4AUdAMeo8a8fzW7X6QLDEfItizSonJV4WAjLHJOSBhegIwBxXvYbimGKqxw8cHCly8qjNO9+RJaLla10+5dUjzsbwnPB0frLx9Wopum3FaJO6dna77Wvva2uhjeJvAHxA1L4AeDdbtLCaO4vTJamFZ1EBs0/dlo93IOz5mDktuyMA4x8qaN+z78UJHt5NDsBcf2vdNbwr5iyNLtYiRQCGKlCCG5GOST1z+1mj6TbXn7KHhKS8EMMrTlLUyEqEHnjKJkqVYgncc9WI5I59r/AGd/CPgzRfBPgvxNdvpD3h17xDDcJcFGEEESysjEOSQdwA34CtjGBzjhhn9bB+3jTg/96qRcn7qV5NNtaLS2vV7LSTY8VkWFxMaFSpKpKUcPB2Vr3fKm3pZLXu21d9z8K7z4U+MvA9ouia/p1nYPdtIqPlCzyCJpmLsoIIJX7uB7kcEUv2W/2f8A4h/tBfFXVPB/gDw6fE2qW1s2oT2UE62yLaW0wSeV5WyEVWBxuGO5HSvuj9p+/wBP1fxGJYJ7OSCHUNVcG3IMYRY5wACDwuBtGMgHAHt6R/wQo1pfDv7XfiMwRQTyav4U1GCJJpVQSRSXiqwJcj5RkMRzkquARk134nMq8Msq4qpJ8zUXz8rcUpOKbUfLmX2raXutTx4ZbRjjYU6VP2igm4xctW4RUrOyk9W7Ndk9G9DF1r9nOT4HeLPFXgT4neGrOPVdR0HRr6y0WW6WaPfPeWqwl7qMhQrBnjkLkj5sEgVyPxq+EGoaN8QdM8OWmgaX4QuNXsY7iz0yO6FzBHp9zPZ25k3oQD8k5eNAck8ZJ5H6ef8ABUWxurj41+ML+yfTTc6Vpng2BWtpYRMyzXdvItpBLk/MZgFdc5wASSBXxn+19c+OvF3xH+Hjal4Xn8O6v4f8M6JaGSG4tw9+jLbX0cizRry8kduCoYEZYkY5B/M6meQeOoP21RVK1WrT6qE4U6dJyur2i7WaTs21vfR/sGW5FHEZHTqVMM7Rw8a0lHmvCbnBxhZxvor/ABWvs+y+kPhJ/wAEwdO8XeOvE3wq0bxHoY8Vw+HPDGtHV7vSpd0Fhrtg91cwNAj43bwF3Y+9zkjNfAf/AAUO/ZK/4Zf+Gdu2u6pqbanL8RdH8LHTrSWOTTby1N6sAvIPL5hlnVmJiJ3R/dJ71+2n7IP7RT6X+1Je2+reF0XXPFPwl8KX0Ms+pRxzQRWFn9miafeQQ05xtj6jqB1x8i/8Fs/FXibx/wDDTwbpWteC7XwzbQ/GrRTp+p/aoLh7+f7fEYzcSRg/uySCd7ZIJxzmvdwmOpVsRgYyqv2ka0JShJS9+lUipRT00SXvJrS/Q+Bx9HGYeGPVOlH6vUoQUZJNctZSjd6We6s73StdpWRf+CX/AASr+BvxJh0GGXxX4itL7W9B0LU7vRLC0897eyurBZ3uHlkV/wB4HY4fKr97PBr4W/4KD/sMfDL9k/4LweOfCU3jO5169+JdloAOtIqafJYxXQ+zyaaVjAyo3G5B64U9Bz+6/wCyt46+PfhXSbjXm8HeAZLLRdO0Lw/L4pneYy2ul2+mIsPmbHVVkdSAQVBByc8CvzB/4Ks678dfiR8FfBuo+PNW8I3HgSD4s6afDekaApW4kmu9QEbTXjHJcd4wOvPc7j4mFzaE8XSpOviFVxGOUKcX/CajLSLlomkoyTV371tdLP6OWW5haVSNDCyw9HCRlV5be1TdOm+a2rvdp6vXW2p+XV14VmvE+Kfii508/wDCO6Z8JNN1O+kmDQ3l9cTQqEkiVsGZNy4YkMoz1wK/IjXpIdZ8V3N9aW0tvbSoktvEz7WiUoNgYcEE5+UYO4nOCpr9sP26viZN8MWsPAnhdLTy/E3w78HeGfEMiJEBb28kSPc2yxoodJiz87m3HJPC1+Q/i7wlc6b4jt72CxmTR7+SK0tLlz5azOkSGYICcttHc4wDgY5z91wNKpUjUxmJUYSr8tOlCUm26dJcntEndLmutEr3j1Vj5jxBp0oKhhMJ78MPyzr2WsZVVFpRezS667u+2/8AQF/wSl+CPxD8d/sSftDfEk/Gm+8J+BPh4mvnUPAFnZQXsGrslvFJLczRzRsGeRSiqwGQw4PzA1l/tTfDTxZr/wCzdcfEiz+M2peJPCOi6Va27eCo7eC3i02HWrcW9pZXSPGryTWzr5xVCVVWQAbSSNH/AIJyt4euv2Df2jNK1jxdf+Cry0l8RXemabaaxBpx8VTw29uVtpIpGVrlGxh0TORlSBX0j+1TYaFpH/BPC38RaD410iXVdeOh6ld+ChZwR6pHbQWMMTyytHzdRh0fc/K85OCQa8/N6NGOc1JwjSg1jqfPKdGnOVVyjCU3GUouSlqn7rTVn6Hi5XWqrLXQlVqVFLCSSUak0qcVLTmUfspJrl1tqfIH/BPvwHo+p/Bvw9rT74b671i7aeZI0a5uTbZiQSOQHEY2KoUHaRwRkmvXv2o9HkvPAviaC00mOWLTrnQ7We5eKOMC3nvWWUuVUEORnccjjqSBx5r/AME/ryNvhB4Eu7jV9P0mNDql7PbTy7GJe7lEZEYIJznqORzjnOffv2odY0zRPB2p29nqS6kdS1Tw1NfW8UZnjuEnv22x5GCuAwOMHqMA5rrpqk6s6qnpCspONlzXg1sm5PXRbO2uj0Zl78MPSUotSlRg5Svo01F3XVpdVva6e+v4oaf430K1vvAPhCXQ/wC101bxFbJqTfah9nkg07Xpd1suT8oeJdir94gEAjmvqP4H+L/g9qfi74/+Grr4cWWpaxrviK9l8KNKkt2ulWVhppjvYZdh2wOyIY0kYAEhWJwBXhWp+E7Wx8Vfs+T+GkgbWde8RXl/LZSwCOGF5PE93GiTtIAECqAxDcYU8cCu1/Z1sJdM/aL+L8Fwl2+ptD4qhjg0S0a7i/tBjcs7TeWrLHCV+QOQozkDpXh8SxpvCY3FxU4yoYWNRwhKUOVvGQUbyV7r3I7rVJ30sevkHtPrODwjUXGvXnBTcbx1oOXLzS0uru90ndqyVmj9TP8Ag3Wjsk+Jv7VptdKtYAtgILZzEjSWsK61JiCNiMqqhgp2MM7SNvzYr+k7Xgq3Eufvk9vUkqD9c9+eePm6H+aX/g3UurpPix+1dbXiNBcJaSmaJ1KMrjXJfvIeVbA5yCQcAnNf0qa8/wC+kyMMzMeMjGX44yRnnnJzk57V9bgakpc3O27qlKCl2dKnL56vR9Va2587UoxpxhCKScZVIvlVrtTaSfV6J3vpp2djFtgBIAG2kFlIyQQSGIGcfxfLjsoyDnGR1Q3/AGdeQCqKSxxyOBk9xnoAQezc855K0H70EheG9SDwACTuBLDvkjvznv2ICm1XI52jp0xgAknBx1yCQDx1ya9SFRX1lZ207aWbd36a/Nd7cdRRvHdXa0vZOzTXrfRbq99L3TMxi2SGXIJJ5YnHIIG0YwQccYPAJIOPliEZUKxO7AznOQCcYwc8DJ5yfXBIzUjMdxAQnLFQVIzjB+9gj5iRjLEZz2O0Bpck/dzj5SSPmAXaBjBx0OCDn14zW3O7K0lZWTd1qt1ezt28rW73a5JNRce/V2VtH0sno9Fp91xG4BwM4UjPOAfZu2MEAkHHtg5bk8HGcAsTk45II4yMHnBHrwRmkLA/dXcATknIPX3PT8uf0UlcLweAFx7H1I9PU/hnNF9tmrXta2jSun/e27vTTXbOdKTd3bTe9tNb2vbXdJd4+d2NyWB2gHbx0YDcDzk/keeMexFOHzZPOQFzjGBxyc9zgA8Hr2pm7O/AbO7IA6dCRnGO+Tnnpk44w9CNqgluQV24A55zg9CoPP16ngU0+W1kn6tJ20S2vd6a9TFqSWitdpa3WrstHbXTyvp8kquCSfl+7yOSMngDHIOB3H40gfg7iTkA7sA8njGcgEd+RlufUilwpwx3E9SNox6Ht0J69M+ppB8vUhQdxKkZAA/LIzjLVUXq9bJ2b1st436W37u9ujs0x6OLt8VuvdrvZXVtdraXsMLNnIJAIyeTnGPmypHGRxgcjAzju4IAM98ZOT1B29BjCnqPcDj0IWAJBI+9z0yfy6fpyfeguPl4yN3GTnIAwDnjOM5xnnGeSQa057rRK11dNq+qVlprZdHpdPdaiipN6XSvG99ve5dEn2Tv0TSbXmmJAx/uHJB6hsc/Nnp64GCR0JFRMdwGemSSMcEg8YOQQFPQ5544PaYuuTgEgNuJ6Dv1H4jcOpxzzmo2wxB5xlTj+FsHn5ecdT1OecLzg1UVd6W0jpb81ra/bovyaTla67bqys7O606rfXptZ2GEljjaApI5zwdpGflIzgYHU8jIJIHAOmQ3B4I6EDGMdxkE9cZ4IwQOHNycptHJO7bjJ53A9QCeBngcYwWFNJzg8EjoxIwD7AEjPI74yMnbjiu7ukk1d66aRel7q22uluuisJrp1a00VtLX0fotFtruOViT905wMY64xn6YbPUdQcc0nK8cAAgAHPYnOCe+cD5snPXPSmhtxwQScbm4K4XoB97GVUfLzk/iKfuLEsowpOemM4wMkEbsfLxjr+AFGnzvoltfS1nZpX6abaN6MNGl8tr20sna9ra9nf8AIUBiQGwFJwCRubOeWJX5QMEHkdfXu45OSpOCWw3cYyCRjk9M9CO+MnlV5J+TAwO4zk9S30GMfKMAAntQSAOeMEDOSvXqc49Oc8AYOB1xDk3by28v1Fa78klZJrS9vLXe7aTshhGWGM4xnJJBP19CTjPBNNK+p+bHIByFGc47k9evXHrgipG5C/xElmxyOnfPQ9DntgHrk4Y2452jjBY4yenI6dcAA8Y5GQPRpeer+56ro07LS+t9ttdTlSas+17W7q29rb7a62snuRsvABJHGScg5DcqxOScYIyOcjnPIpuTk5OVAA4OQc8nAAORnpz604kMTg7gw5x0ByM7iRnIYEYB4PvSDaQME5B6gnkAbQCMdMA9ePbOKT/Tr522t0t38xKKuut3rrsla/o/LW3nuKQ4GclQBgc8kHknHXaD0bsepPNGSMOSSwPIweARhT8ufUn0zzgcbXDBwMckZPOT+GMDj0wTjAPJyQkFScn+HIwwO0Db6evpnsfWk58ul93tbe+nprdeXnuDjt9+/R2suurvo7977EeCucjB4B656nryOBgZz0xhicg0uCMjOckEdsDuPTI7Z5OTjGBmYEEHhQeg4xjkhRnPOcHkDJwefVVOBtPzEkknBBPbt6AjlTg9T2zm6q0u9ZW9Lvlvrts7J3tpZvYh8qdlrtoumz7W0v0emnXemUKjILEZ78Eg5J7DHHTjkdgBksyQQXHXceDkHI4HqDzkZ5HC9cmruyNlDBgAHPLduTuJPAwP4vTAIHNR5U54+bj7o3ZCnov3hzwxPvx0NVGetrpq6fZ69Vr0V+mqT1vZlKKvoley916NLTR2d9LrXfa62vXyWKgAgAEDkfMS2O349eRjBP8ACALwc4OOSRjqBycZGCex3Y+vIqwVIwCcZ5DDqAccED5sHngYycdRzUboUzgbhjGc+vUHj2OCOMjnnijmT636ryXd363bf6d5V7Kydmk1pprZdVa+11326EQVgTg7uCM+7Hp647Dt9M03ZkcHgdB9ODx6++PU884mBAJCA5JDFckgYyOc5yOOmB+GaaB7Y6jPfqRgAdcAcYJzux16jatvbm176aNryutNO91qFn2fR6J7aN30e1+mnn1IecBgCMHA5wMHr6Z6856ioCJDkgDBbaBnaAOeTnk+uSCD05yN1xsg4Vcg5wScg4PU57ZwoJOCRzxmoyhXOQck5AwQMk85JI9RgDoc+9L3b3TV/wA3fS+l17zvZbt3fVEuSW3p6W77bX2XXS1yqu47c4DLnjIA25G4k4PGB3PJzj5hSgEHkLnuOuCeB2B59OcZJwOMWtnBw2cEA4XAG7qOTknkdByCB1FIVB4Zu+35eQcHp8oIHfPTI468UnUine+nnom7xs9fs672s79RLutr679bNaaaL7rN92V8sAMAZxjqD1PGDxx+GPrT1ODjuVOdo2kYzyDj3Iz9MdsKQQPuZPXkE4IzjP8AdH1HXJpVU4wRyuOWHU9wMY9NoI7np3Fua7rTbS/bt69PN9zT3W/W2id97K777rS33IjGcYwAOueMkDoxIOAeDx34O3HJkRSOOOpY5YHjA6++fUZ5PHFS7VIHOTjHcgZ5HGc5HIBIAGcds0bl5CpkgYyowQAMHPUcjrxk5681jOvZ25tH92iVtfS2/XR6alRTbSjtovRvl1va+ji97/dZDFU8bcZO7JbBGTkkDJ7joTgnO35T0eIyq8naVB2jOcBjjoCTknO3rk+meZdybfugKSCScn5uOmCc+5IwPcEU3PUADDEEMegyc8diOMjJBBBAwK53UnJp30tpppdqNu2t+nWz3TOiFCMrcyvd6NNqyfKkknLVpPq9Fo3qMCFQCHBBAIByMkjJwAAM7c55+bBzzThkkknoOPf/ABJOcjoMntS4TqAGOOxwRxkdsYHOOe/oKGdTwMfKMFlHAyeDgcE5wMkkAd8YJlza+0/PVX3Xz83ZbXt2fTTw6Vmkmmlq232s7dEru+l9G3uh67jgAA4JPPQ56AAdepBHtS7mGDwvGDgdDz0JwT+ePbGKaXABXgYHHPPB64HTJB59wcgkLUbuMgZ+Uk8k8jAB4zk/1LEjAKjHPKv70bOT5knu+XSzTastWl6re2yfR7GOm2q/F2dtVovXbXa2r1bHLDd3xjALHueMjvgZ/kKlyMAnAyM+46Hp1469O2T2qmXxgllxz6A+g4Oec/N07g9RQZh8mCCFP3trEBSwJxkkliBkY6ZOVAPGntFbr0S9bK6fVa99dbMydC+zWltdU1sna1t9b630va2jsnBYs2WO7A4x19hgZBJzgfRckUFSh6huNxJOCc5ILYbqvcn6Gq4cHAPQM2SvcHIwfzDYPOc+2JcgA4IOVBG7I44HtnB+9g+/rlOo0rXtb5b7Xbet2vn10J9gt+VvRdLbfppZL/MUL1y+MnBwOmSSAVJwCp6HjPsCaU46DaoAG0c87fRT7HIGeQfyaCnzHJPIyAM89OOeRjI784PpiMup3YJyeny4xgewxkjg9iMjntMJysm2+j0eusUr21SV9Vbd3e2rn6vaOkbXtez815N+b27dAaQYIAyASRnhcfQDPYYxjGTweKps2SeckFhwM9cY7YCgk5UdASRjtZMgwo3DdhlUDqBjB65B75GMdcnJqkASd204yTwMqpIBwTzyOM+me2CKtTaf432tay/7ebV/R2ew3RelluvP7m0tV5dt0tL+RftNjf8Asr/HpQBz4Mv887TzA+MtnpjpjB5wSK/zr/2g9PE02m3MEiBhqepW+zH3FQFj8xyMsScD6HGM5/0Uv2ljGv7LHx7YjKjwbfBgCCMeS+WGPb1B29B3A/z7fj7LpMvhPRbCBov7Qj8Wa3czsIwJfs7QJtV5AMsBgkfN8hPXk17uTV3SnUaTcnZaarWHqlp3u7LZ7J+HmtDSHwr4nJ6p2UlZaW1vd63sm9NNP6t/+CPtvLZ/sN+AFVVDz2+rySEAAnDTc5AzwRnIORkkEYr7l8T6ZLc6FoUKp/rbbW5lbaASrwEHnjGWHfO4574r4r/4JYavofhf9gP4d6vq9/DYW8Wk6tJudl82ZjLMFit4gd80rfLtVBy2cqelfS3iC68dfE3Q/CraFFc+CvBQtdRhn1q5Crr2r+Ykoxp0BANlFIrHDz5JGNvJr+WOIainxNnM5tJfX8S97WftL2Vvifla/XS1z+h8hg4ZDlO93hMNonfRQi1dtOytJ2urX10tc6DXPiLoPhrRvBujeGobrxZ43gtY5F8O6Bi5uYdw8oSajcJuSwhV8GSSYjjkDiv5Hf2/tA+IXg/9qv4nW/xCigsfEXiqS28SbLCQzW9vY3UQ+zQvOhEcsscbKkrINodSx4Ff1UfAfQvBnwo8JXPizWdTttFtW/tKC/1bVLrOo6lKl3MAGuJpPOllcAEW0R2klVVOgr+bD/grP420T4mftg31z4WS/S0h8I6ZYfaL63ktHuyWV/tMULhGMRVvkkyd/BBAxj6vwxq1I8R16NOmvYyw03Ks03KTjKElyte6o811ypNvZtHg+IVClLI6NaUv3sMRSUKad01JWk3v71ru909Fpofl5fRC4Z3mllmlZGQEOQFXZwWJJK5OVIOGX2zmvpjT9ak1PQfhla22li1m8Nw2MA1Dy1xPJNq6SrJJgDLIXABb5jjq3fwjUNEGn26WsSu9wqyebK+QXPXfk8Ecng8fTOa9S0DxC9poXhazt9LvLqW01fSXaVsQxXG3Uo3eJGcfNv8Au7ug+8Oc4/cM2ipYKv7qk6cJvS17yi09L673drLa7b0f4/l9SVPGU1ZqM5UlJ73XtIaJ7817O60T20Wn9rvwz+EFjq1t4N1Px1rWqeOJLzwR4LvLVNYvGj0/R0+w2jmG2s4mjgmEY2xHzg42gkk5GfeJfHngrwd4n8R6R4dtJPEWqyNY29t4d8I2SzxQ+WixKL2W0UQaeoP3pZlxgHecnnw34d+HfEvju08BQeONVXRtAm8AeE7q08L+HXeDz0FnaNHHq18pErsFABW2ZR1yCRivrDwb4d0Xw14m8RWvh/S7TTYo7e1iLwRq08oYK/765YGeVsZO53J9c4Ar/PjGVFLHYqVSo6jjXqJJaRinUfu2S5bJt35VrZptW0/sulSUcJhny8qdGlJtq8ruK1vts0pWT6Xb1PK9H0b43eOfF/iCbVNV0z4X+GVltGTT9HAvvFkqGJdok1LDWaDYQroYg6kkE56dt8N/gx4G8Jaz4ru4dJ/tzWbzU4J73XvEJGqahdzMhbzG+0+ZFbleoFssYXGNuMV6hoZQa54hJU7mntjhuSP3fOMdATx6/wB3oa0NFBa/8QOhAzfW+QR2CEcFc4GOcDjvjIzXPCvNSkoNQhrDkgrJJSV7vW+tt29b26tqcUmla7UYu7u9fdu036vr6LQzFjP/AAmetOzZVdKtYlXIIVFVFVVX+6BgKBgLjGAMmsrW7cyab4/IwAvgvXScg53Lo92g65wxB6kdu2M1uQKG8X6+5I2pZ2sZIIPLRggYxxuOcdc9eeAMLxDrGjaRp/jgavqdlpsd14Q1uONrudEMgOmXKEooJZj0HIBBzuwcEdmGnz4nDQScn9YotWd3pOHR+S3SS21uYV1bDV7NJujK/e/InZLS6fZJ7ep/nKePLFG8c+OWO/cnizxA33QwIN9MN2e/0bJOWOeK88t/D+o6pqEDWwCoJ4BuwMjYwJCDGTkA/U8dzXsHxKewT4hePYrOOW/3+MdfMUsauIJYP7QlKvGTkBcHjPzHgnGKl8Gafd3E8ciWiWkCTqsk0rbinQKflPJPy5G7jp0BI/1Zyb2Msmy1Tk4w+oYXm7qSoQuvvaV+l+i1P87c0nUjm2PjGN3LG1oprXRVnfq/m7NWd9tT+kT/AIIlNZ6F8GviRr+q32nabZ2Pjy1hu7/Vp0tifLikQCEsykYDHJAJxzzxn9d/DfjrwfNffEXVLVNb8US6hY39hpsvh7TJruy3W2n3ZVF1CNdoVC/OW243Hua/Hr/gj/4F8J634F+IM/irSpPEd3B4v8zTlNzONOt1jjdpZJrSJ1t5JC4GGljbknFfvf8ABu0sdK+GviW6ht7bT4DJ4ma2jhW2tUiQWVwCFChBhSOmM4HUZAr+CPEzFUFx5m6h7WrU+vKLb92EElStFay57XWl1Z37H9hcC4avHg3LZzgrTwqtbd80vebt1vq1s+jVkz/Ny+M0d/L8bfifNEhtUk8eeI2e1nys8Sm/mykqtyrgYD5xg+/FfH2oXBtNVuzuDyzfaoywbd91iVA67eSeu7BBycnj9Fvjrpenat8bfireQpD9pk+IHiebYJRvnIvJ8y5XAKseQB1IwcdT8Mz/AA91S9vLq5S3lcz3lxHHCiu0gy5YMDjdtxnJxjgZzzX9VZZXj/Y2XVOaN1g6Ds3telS6X0aa7aXsrbr+fMTCSzjGwcZO+Jq2le6uqkb2srer3ffW68ks0uJpGjS3uGW4eRS6xvtLKSdivsAZvlyQTjjkdQf04/Zj0GQfDeHWJpjbtbeIAttBKeXO3bu2kZBUgEY9O4xjrviJ8SPh3B+zl8M/hpoPwftdK8QaXY2UXiPxfPYLBd3l1Ezie8guDCJmknyFkLPtIAxniqHwp8T6VL4d07w2HtoT/wAJBuVI2RXVCp2mTBHUjJ6Elsg8NXjYjHyxuDqueHcJxquEE5qbcYTXv+7dJS0aT1S6rU+hy6lGhjqaVRTi6XM3ycq95XcVfzurr5NRPi34kMR468RTzENKdXuC+BjClzkg4JBGSRnjqp5Xjmtc8b67qHhgeDrCaSz0Rbgy3UFq5j/tGTAVDdbCvmqpwyq4Kjtgk5vfFmdI/HHiWCCVHEWtTLuBwGXeRwcjIxyBnn+E4wF4M3CKsYXyzk72UjGD1OWHUZPQYHDc4wa5lByhT5o8yjGD5XZpNqOvRb3vbZptvlsejUqRpyq8js223KLVnZxi05K19d9mrq2uq8o1WzuLe4ZZo3jYBQgLAAjoGUdM4AyOuBg5AJrIkJfaCAAmOrEdc5z0A69cYGTgDPHqGsxR6juDD5wQqsOdoB5Oc9ecY56cn04uXSGa4WGPMrPIiBYgWcs5Axt5BOTxn6g4r1KM/c3UXaK0au7deltNfJpbJNrw6sHztxv7z+b69d+l/Ta+1vRtNuL1WeFCVGIwQCQztwqnOQSTj0OB0HFfW3wv+DsafYvEXiy7i0Lw1agXd7fXrCIuFGfKtUYqZGYDC4UjLcDud3wX4K8BfDPwlZ+LPiXdI93LF5+k+EoiBeX1wEEkL3SfeWIkpuLKDjAA3VwWqa744+PWvW9lYwNZ6RBKsOnaJZ5is7e3yArThCI3IQfOXHIxkEg15WJxtStOdCg2oL3ZVtrJON1T5tG7dXt12TXXSpUqChUxMlKckvZ0U10cHeTs1bVa+Wuh7D8Rv2nTbSQeCvgdpqeHtKWIWd74mSPdq+p/L5chhfG+JHOSqgggHcMcCsnwr8C9Q1i0vPGnj25vzBcIt1Gt3I011fMxLF5nYlwWJbK574IyAas+AfB/hTwD4sgi8USW1/q9pcxxfZ1QPa2p2gKXUghju6HGMAEHk4+8fiEbSbwJeTWMUcMclnbNEyr5aPuUEmJOi5HPABB6g5JruybLMPVm5Si3yrmc2rynJW3k73SfV2SvZJt6fO8Q55Xw9OKhqqk4xjFNqMI2ivdTS95aau3lsj5sg1Gx8O6OLDR4Y7WzEKCKJIwjqpABZyoBLHuTksv8QrovDGpyXhikZtwG6NtuQTg5wQeecckEAkL64ryqUzSxsVLBUASQnIyQfmA4+7nIABxwOeor034ew+Y64K7EY+YzHC7mUtggdgBwR3B+XivsKGGpU2lGOybu0r2vZW26K34PqfC5hjKlaEJuTTco6Ntu7cV11dtu1la1t+avrjOoaiPljT7U+Ubk7d2Bz09e/QcgDiuo8LBDqNnK4cpBcwgYQbSGbcDjBXovB6qDjn5icDUx/pmobYklxdygOcKPvcjPfjIz83TA4NbHhu8uF1WyRNio9xAWQISv3gR8o4PQntycgZzXzeaLlpV0la8ZN9Unpb5dtevTr95lDbjhJSno3SbsnZv3La7K26au99Oj/r5/4IrOT+y78TgqHZ/wsdCrFcdYzk84ABzjkHkdwSR+t0MewBlIYsu885BXJ2jIJIBAx1J2kFiBX5N/8EUlMn7KXxEueq3fxIkXOCAfJDq7KOM4PBCgcg5PTb+tygKBu42gjLdCAeBnk5AHZc/MOBjj+DeOnfiHMN04Vmm22ldNJ2V9lsm/0R/X/Dai8rw8k0/cp62vduFNaW2fbs9CKxwJtQeVQf8AiXakGAyQoFnN6exHQ5UZJyeB/nf/ALUkkY+NvxJW3YhE+JnjFmUglQW1JixA7cDLZHHXj71f6IUbIiatM7xwwJpupvJM8iIiKLKc7nZmVV4/HnJbqR/AP8fPh9Z3Xxb+J/irxFrVl4e0NviL4qntZr64jhN1GdQkYTwliPMjcgkEZDAjbnOF++8C8VRwmaY6rWcrRgnFNP3m6keXkTV3ZdLbaenyXidhK2My2nSoyi5OVNzbklyxje8rvour322SPkmB5WbdEoRQwUEAhnJ+/tB7ryBkEY2gknFexaZ4a1XXEsHFs0cERthNqF4RHHHFkFmzJsAA4x9Bx1x5Jr3xu+EngoTWfhTS7rxxrceR9rkXZpcUoLD5Tj51Df3DtOMjk4HlWq+K/jn8bLiLS7e4m0HQ5poI/sOlq1lawwM6hWmnQIxKockCTp6Z+b+ncVi8XmCUcLh3ThuqtVa2ajZqO/ydtVr2PwajhcBl7UsZiVUkrfu6ck9rNKUv7zbvZXe3c+vfEPif4E/CuPxHfeMfE8finXXlgeHw7obLOGIVVjhuJ4tyJ833j6544GPE9Q/a1+J/i2NtE+EfhXT/AABoezyhqnkI2omE/IHacqAHwcjAyCMgAqam139nvwh4M0XVn1WSXU9faGxuJXmZ5CqlVaWRGYs5LknJzgYwMDOM7RUjtRF9gsY47WOEKq7Ag+QABioC7sjuctgbietY5Zw3Txkp1MVUnXlTn7ym3yNxUXpBNqy0+JybdttE+/HcTTwuHhTwVKGHpShZSjFe0lF8tm5Pr3XfTdaYuk/C/UPFGo/298S/EOp+Lb9wLiSO7upJreEs2ceWz7MEg8KigbQAcYB9fk0PS9LSwsdLt4LSAea+Ei2MsaxnnIXLZGRyevzZyDWv4bgNw6O5Xy3hLFcbVZsn5GJwoOCQORgY9DjqE0iK6u7t2/5drK4VVTLYdk+VVwfXphQc5zgBjX0FShg8HBqnGnTcUlf3Y2ta7SsktLdLdnufGzx2Mx1eHPOpNSabim27px5Vfporb9NGeMaQ32SEIsPmKHnKSAsDuLt7gjJ9RjOTknr6Lo7zyNDIFCqMB2Ylcbs8gEgg8HjJGew4re8IfDDxDqqWUkGneTb+a7y3OoKYI1jL5DZk2hxg8exB3YwT6+NJ+FHgpkn8Va9Y3WpIyk6dYzfbrhmDfKsVhbb5S5b5QmCuecAnNGI4nyvLqMU6ixFVRS9nStJ81o6Sa0WzfTzunY6MPwzm2aYhWozpUpSXLOas2rxd0rPomtN9ddXfk9B0bVdciuLbTrPULuRZM5jjdYtpbG4sfujnjrxjAHJPsPw4+C+tSfEW6uPEf2TSNGg0CC7bVJZEfyriJvMSORmZRGCRl2JwBkc5AO34b8SfEnxUv2b4JfCDVAr4VPEPjGMaNpHlqMedFbSLHNIEGHAYncMDkg13ngj9k/4h/F3WdT1H45fFnULu00+4jtpvDXgpn0vTQxwxs5pY2jkuIgT5bncxYZJwRX5hxBx2sRCpRniKGEp8rSpxfta71VrRjdJ2tFczve+uzP1bhvwylSrUK7w1bE1NPea9lRSbV7tvmain010lY5jxJ8RPg/4O1y5j/ti68da+zrHa6T4chfWphODsSPy7JHClmUKN+QvGQDxXpvhq1/aW+JFvbr4O8C6X8KfDVwxC694uVX1gRygg3Eenx+TLG+wkgyLlT7jFfZnw7+Avwn+Etktr4M8E6JpzwJul1a8igubyZgNzzSXl4ZZVfuSsgweAB0HL/Ev9pv4G/CaKeXxv8R9IiuYVd/7OsrmPUtRQqCPLWztyzhsgKN3IwMjpX5VVzvE4qp7PLcFWxdSb92rUg57uKTVOFoxS3Sd+vbX9lwvC2X4CkquZ4qhg6UI3cKTjFr4VZ1HeUklrprfpY8Z0P9hrwtr1zJqfxi8beI/iZqUcglmsDdNp/h53+9sFqrJ8u8bQu4k4IOOtfV/h/wCGXw++H+q6dY+DvCugeFdHsdCPn3MNtBCysMAk3UoEr4wSXaQfMOS2QK/I/wCKn/BXzQtMF1afB3wPNqkpZ0i1vxNJ5Fk7JnEws12zZyA4DZP6Y/MX4vft2fHr4uXUknifx5qFvZSK8UOj+H5H02wgiYkmJZIDFK6KMg73IOCPXHp4HhLirNpqWPrPCUJrSnKSi0m42UacLWaVt2n3WunnY7i3hHKE6eBpfW61NpuatJNqz1qSSe+qsmuvr/Sz8U/2u/2d/g8k6+KPH+nX1+kbqNP0aRdYvgyZHlMluT5TluNxwFxnGAa/Mr4p/wDBWsWxubb4RfD+EZ3Rx634qmMqZX5UmWziZHQgYIDcbgAfWvwl1DxZqN87NLOzyM2Wnmlae5dn5Zmkk3uzE9SWJ4AyAQThvd3E8m3MsznGSzMV9DyDjrjb1zkgetfaZb4eZThHGpiVLGVo2cnUa5OZ2atBdNvi01V3d2PiMz8U82xSdLC8mDpJWj7NXnZpK6m99ui0tvc+3viP+3H+0H8SpWk1v4kahp9mWmVNM8OOdPtIUkzmMSQeXKAMjOXbHoMivl+913UdakkudRu7rUJ2kZmubu4mu53duTI005kOTySFJJ555p/gj4c+LPG1/FZ6Jo97fKxA/dwSrFncqlmkPG1SR8x+XHODkBv6lP2Pv+DdI+OvD/w2+JXx9+KsFn4S8V2Fhrz+D/CkMi6o1vcNHKllNfOzQ72Ris2BlTuU9624gz/hPgbBwxOY1MPgqcm40qdOmnUqNcrSUYJu/m2lr0seDgKHEXFVaXsqlatazqSrVZqNrp3Sbd7K+kVtdWvqfy9aD4d1rxJfW2laTp+o6leTMiRWem2txeXM7yEBESOCNuXbopGD0zzmv0c+B/8AwSX/AG2vjnLZy+G/g1r+jaTevGw1fxfGfD9mIWKgSKb1FMqbSWwoAcDAOa/sE/4J8/sqfs8/CXU/jtpXg34S+FFm8E/EKPwxoGu6tp1tq2q/2fZoyeZJLeRzhJnZd7PEF3NnYxHJ/UmR51YwNPIsEaAJbwKIrWMLgKkcSBI1VVwMBAAAec4B/A+LfpEywlethOH8s5lFQUcViZOzjKMJJqnCyT95fE9bPQ/Tck8L6bhCrmmIc5tJ+zh7sVpGW+8lrZ6p3W7Z/Kp8B/8Ag2+vT5F78ffi9p2lEBGufD3haATXwAILIL8s8PqMkHPBGTxX7TfAb/gkf+wx8ClsJtP+GKeO9VtRE41jxoUvpVuBh95hI8lgDyAyn8QSR+gSOAu9YwJCe65yV+uQcnLfMQCeCD0q+LwSFQ8iqMAsFJUnHUBcg9fl6DpxX4Xn3i7xtnU5e1zSthqM1b2OGcqcEly6Pkd5KyWjbfWyVrfd4ThPKsvilh8PTi7WcnCLlZctmpNNr5P52Ln9i+GPCPhPWbHwp4d0HwzZw+HNYSG30HTLLT0WKPTbkKGa2hj3YH3ixJJHfPP+bP8AGHxFdWHxP+KiWpJW4+IXiOaViDkltRm6soAAx1HOTkEZNf6RniC7RPCvia4ARYIPC2vO8jSBAgTTbgndvIxncR82OduD6f5vnj/wprXiL4hfEG80vStQure68beIpQ8dvlH/AOJlckKCANynkAgZIxk5Ffvf0VcdjMRxBnGJxtavLmp4dxnWlKScnJ3ac29ut291vc/LvGDCx/1b+r0ILmdaF4xWrXs93rdK7Wrt5LY8F1LxTfXMcpBkU7sHygQC65wB255BAwT9DXnUfivUbG8A28b3fbIGJ+YEck5I6ZB5IJ54INfSkXwb8ZXlvLjw/LZKXGGmdIsKSvzMGzgDIyecc8gVQm/Z28QSy+dqOr6Bpccq4Lz3tssigEkMQH6/KQcHuc5IFf6H0czw8dXiErKP2o9o6WTeitvayemuh/FtTh3GVJ1F9Wacna8t1e3fdX77907HgN14yvJopQqKquojk3sWJ55HK5wScDIIwuenFcdfNcXitIirHuxwjABxgnOSOh47c9RjOB9Uy/BTwLpjFvEHxQ8OW0cagypbXcEhLEjP3XJIOMrn0wDVO80f9m3R1EmpePpL3yjgxWMTTBtuANu3AK5zgAY5HTlawr59hZXvOUmnZtJa7Xs7LS7T8ne7ub4XhDGwu1yU1JdZ2a2dtItvXr92jPkWXTJGCvISrBg4DNkAYznIyQ2c5ALDIGMZFeXarp6jxTOFUPtRQEIJ3M5GH6c5znGMgE5xnNfct14//Zm0tG+waTr2vyxuNoaF0VsHGST1BCkYbHBJPJOfP5Pjt8HLHWJrm0+Fc0tw8qqondGmbYQY/lI+XJ4PUcg89vDxeb0K0oKEZ8sZqTbSV1pt5admkfSZbkU8L7RzxMXOUeWy1SvZ26LRK1912PL9I0ffbtHFb3MkgEZMccEjKwxnggZPOMHr0yPS1beBfEF7OV07w1qs7u5VQlpM3X5hjAxtYEZJ6jnmvaLr9qC+ty6eGvhFp9u0kShJLyGA4yPlK7YwTwByQfu+mAOWu/2nPjtKCdO0fw/okZHyPDaxb1DDCMGCkAjuRxxznnPFUzuadoUbqNkm7t7Rs3pZaavba923rrHh7D3cqmJlJt391Wvqrd01qtd7lOw+AvxV1V0aDwtcIj7lUzp5C85IDBgMtnt+I6iuwtf2UfiS48zVH0jSY2G4ie7twVByzAgyHGDnABHGQCRxXl2o/Fv9obWo5PtPju4som5KWYSIAvngBUBHUDP/AAIjArlLrT/iLrLq2sePfEFyr8OFvrkAl1yQNsi5UD0Axk9cZrKWc4qUlJRSStorK9vO+y6aK/dJnVTynLaKs5Tmlay5tnaPbVtJvo/R7H05bfsxaHp6tN4k+KXhjT0wD5SXMJkUlVOwEyEKTjHAGD8xIwSbB+F37NOhqG1z4wLNN8xmgspopGZueFK53KDx64P1r5JX4frK7f2hqms3jF8HzbmeTjAORvc4BJH1Gc9s3Ifh9pAcj+z2uNrFS0zgvzkDIYk4B5wRnORnGTWU80xcre9GNlptZL3X0Vr2un2e/Yr6vlcWmqUHytWb100stH89dVbTax9LTa7+x74cAB1DWfEUkIPCxyFZRwp5XG056ehwpyDWTcfHT9m3To1XQvhhe6pKsv7t7jepUsQAcOMtnqcEgEHADV4wngvT0KlbC3jMZA2iJSTyPvHHQDBGCMgj05cPDtmG2pDGj+YEjURAI3QgZABJ6HI4PSsPr1eb5Z1pvlVk3J9OW9retrWt07FKvhaekKFNbNWirWVnfV77p7vW1rnUXH7UPgCx1W6ubL4R6Z9pLbUNwkbSxkcBCpXG3qQVGcDAJBqZf2sPFDGM+HfA3h6wWTLKJbSORoxjB2fKGABK9cY4xkAbvknxRp0Vt4q1GDyiAjp1JADEn5sduEzt6c4Ulc16v4et4DbwJsDSyIrhigfGBhgDlc85wcDIwSvp7GX0J4pXc5K19r3fw63v1XystFvfhzXNXg6cZKFNaXTcb/ytJbt77aPfzR32r/H34y6nG7rd2GmxTPuX7LaRKYzngISnGBz2ABJB5Fee33xG+L2oSZvfF+pKjggmN/LCqBnjaRn6dMnA4xXS39qIkhCqpYyknIwpJ4JAIAAxg4Gf1NYzwtL5ioFwHy2AWKg88EYG7OfQjrg4r2IZRFvWpPa7TbV7W0dnp+HfTr83HierJWtFO+nLFJa2u7Wbb1V/u6M4iVvEV+/2jUfE2rXDOWDA3U43MTk8Buh6HnkA556xSaNbSRCW4mvLhwrhjNPKW6Abslu4AySCT3+7x2jWaqiLsOd2BgbgV55ZSD1OBkkc4B6CnSWDOsaKoJDEZz16Ek54I68nqORzW0MooxSTV07Wu7raNn1SstbaW0bd5JnJU4jr3urp3Ste3WOnlZvbV6/M81m8L2LqjRQvIdu47iWYHsRuySQME545+8BVJtIEMsqeQqmNPlGwnIBPLYzyQfu5wTn5TwR7RBpkUcKFo8s6EHIySST0IIx7EnqBnrWVfaG0lzcMiDHkgnGSVyAAM5wWJyDnOCBgcE1GKy6nShzKCi09Hr5W6LsrbXV3fVN9GHzqtVlyuUttdba2Wu60772+48miso2kcshB6HIUIAcEkAKAcdudwzyuOTg+IbMxtp7ABUMu1U2jkjjG7GTkcnk5POOpPq8Ph+e5nkgt4JnK7iXVCwOegOMkkdODgnqDgCuX8Y6HeWEmgJNbXETTzkRLNG6iTBClo9ww4OcDBxkegzXh140eSz5VJONldX3ilpu73fy8t/dwGInVqq7k0079U2rXs+jS6aK676DLXTWVFdgqmOJWI28K2B0/icdCVyegwcitSG1O0SEISFYmMIP4sjcTyOoGeOSOc8kez6H8K/EV9ZWk1tpZQ3UCvFJLIoyCozjIOMc47tjHoa3x8H9fijaa5ktITFuM0ZHzAJ/dKkbsk4yByQQMbuemOKoQjBNxdlG/w22T63vrq7tapW7HmYmNaVSckvd5mkr2bV0k300801ukeFW1oyojhQTySpjJCnHXGACe45z25HXVjgCorkAseNqrjJxjPOMMerHIC4JyeteuWPgCWQuZLpkUkKgEbfOSSCEySFAxzjrxgDnHTWXwztMq93HcswwwJbbuIxhQOTzkZGCQNmMHGG8ww6fLpaykrLrdbdG9nrqlZry5vq9duMm7WaT3vvG676p9rPR+vz1b2dy8zAJhwPl54xuJyRxzjBOO4zuwM1uR2k8ksgDKGCBcDLEnAGN3Q4J9BgZyRmvouw8A6Yisx0w7ivylmLc84HqM8cdOxI7aUPha0hkkxYwRbQAQyZbJJ+ZSAck5PGccEA4Wud5hTSvG8nf1XS17aWV01e/o9DqeGn7q0tJKyu3/AC+Vv87Oz3v88WmkXMpjSNLiRsEEBX5GBkKTgNuGDznjGDyuemg8K6nK2EtZUI2uWYqDxwdwIJzkgjAHQ43DivfrLTre3BXEJZFJx5WGPOcDHYexznk4xk3pbFXiEqsnmPkjJ27UHHOGHzDHYds/dwKmGYaK0La3ve9tbtWu7Jt3ta76PR2zrYNPlvJJX6WvdW7Xatrpptu9jxiDwzeW+xzgKg3sHwdx28jPpjPIIwOpA65Pw2s5J5vE2EHl/wBpyRvnDqNpZ2wNp+YnGBjkDHYkeyTQ28du25RJJibDqXKH922C3OF9CCO/rjHmXwcR3XxbcOpxDr0rLGMsG3M6hjnB9MgdNuc87q2eKdZ05SSfK9bJ6bX6WvZWs9LdF11w2FjGjXS3fK9em3WyT2V0tLbu1zzK9kjTUL2FUMbfb5FViuWHz5wSADg4x045HbnoJmiWKyBUltkq/MuB8oPAPTkjJyAMBuME4palZST63qkq+UFOovncQAhLMST6kNknrngZIArcNkPJgBlheVfM3Mzqwz83IyeOB0Pt6nHtUuR0k90+VrW17NO/TVp6denVnjypyjKSavZ6trRpOLjrrruu/Tuly0Ew82XcqgLuwpDsSOqncRjjGAR35HBrQubsRw2bKCPncsDwWwwHGeR8p+hwQQT1iNsWuJMuhC9lwAw+79OTwcnOeec1sNpTzpZlXVSitlHPUYxk569gT6dcV04fltF20vbe7duVdna/367HJy+67qyUWoyet3zRV979NbO6WjWlipf3fnQKShVd0e0DIyoyQCep698j7wrqvD0US2k0skbFyruoAz8ijAYE9chuuQPlA45rMl0kyQs6zR7lhXKgcLj5c9sMPUHpnnFdhpFiV0mdPtEYItwN3y5O/BK8jtgd+Sexxn1cKuSotfdcNtF2sutur1V09e54GLot2Tkr81ult4rfurdUtvQrXd3DZ6Ta2yjD3LtJICQQc8A7fmUc4xwAW7qTk8BqjMPs8kKD5l8tmbncW4Ix15J7Zxk98kdfrMKxmGKS5QtBFGOAeGcnJ5xyvIOACMHPQ5dq1tbJpVmQYyUkUBvLywJxksu3OM+uTznnoHiUp3SWitb0vFSvu1qt7X1uu6WCjOjOL50pSkk9ujV+r6+X5nK3CW6aW0krbF37F2KFKtglt3HPOOeuTzngV9s+C/M1T9lvw0mnLI01l4j1e2vpNpZIINilmZhkBMck/wAO4E9gfi/Xo4xpA2MW3SRkNwAGY5YH+/ncMEEc4r9Z/wDgnl4W0rxd8EfH+kXcSXbpca5bBbxFkht3ubYlJIiVOx8qQhGG4JJJHHxmfVPq6hKGllGzvqm5Ruo62s+99rO3V/qHDcY1qbVR812nptdW12fVJrrrvY+xP2e9RsPFf7InhqaC7S8Ph2HVNBuYEBIjuIGZQWGSVPz7lDEZxjOcYxNV8PpA3hWOG2jaaS3WNmdFACyyJkHAzxnhgASOozk18g/sN/EG/wBGvPjF8Dru5PlJqk2p6RESzBDFeOt5sByQHjCjKnp9N1fohqumOfEHhC2CEs0lhEgCk/6xozgZ56qflIIzxwcZ+Kx9bVSbteN3fdt6t21XS6urH1uHiqaqcsbe8rdVayatfzsuqvfXY/c/4ZaXLpn7PmjxELGsPhaBAzAHZuixjIGPcdc5zg4r85fi3YyTia2Uy/vYpi5RdytnLbR1VQSeCQVHABHNfqpoeniD4GwwspVl0eCEJjgBLdcj0JJOOvXGM81+e3xB8NXt2JDHE0YSPYFOMMrH5iuBlW7kA9jxXzmXVkq7nKW0lq219r5Xe/d6NJHyeaVJupGV7a9ttU7W37q17va73X5ca74XkmaUusiZuSjBlDxhQdqnoduP4hnqc1yP9hfZZ0SXzrmKJipZFPB4IySuMZ6DHI7k8D7O/wCFYapqkkqxQpHm5ZY2lY7WwwY5UEEnk55AOT65HoGnfsu6vq+xo7+2tWfBeJF3AMFzuHBz17ewx1FfZYjiHL8FQXt68KajFJ6u/wBmys7J31vpfomla6oqu2nFczSTtFO1na0rNq+yVtLrvpb48s4h5LJEhdTamFYlXaoZASWkXkjg+wz09K8tms9l5IXiaN4y+9lblQXOOB2B4A6kLnHBB/WHQ/2PLRIS1/rUpcKJHSOM/MxABwcAMMg4PcknGcgdRafscfD+KcXV9b3lzIVTezAhJQTzwc4LcYPPGQT3Hgw4+yLCyl+/nUbSaUItrR9W9L+fa3fXpq4bEYjlSjZqUX2dvdbdl2a1Tl00tqj8lbTRo7i01pGjkkC+HNXlJPy4xYytu9XB6Y6E8nPy17V/wQF0tJvgp+1eWMgUfFG4UIFJ3IA5XrzjgemSemc1+gfiz9m3wj4c8H+M9QsdEMc0XhDxFNFIwdioj0+coR6YPTrnGD7fFv8Awb9WEjfCH9rmFgwCfFS8CpyD8jSLwDnoyk4XHzYxnAA4sVxPhM4wlbEYXm5KLUXzP+ZxUdFfa2if57evgsJKjha0JtXdm7X/AJY769fK1vmfpb4h0m4UTBcncAFLrlwhKhQoGQvoRx0GQQM1wk/hxg0WI5GZl+XgqQx6kHHQdwQCMjgYOfpq/wBFMokjdGy7bhuXLKFGMZ7Zz8o7H/Z5rnrnQMbfNjJ3j5dww5AbKhccjGMkD8ehI8aGbRSXvq7S3etk43drrra/ltbp4FbCJybau9NNnq1vfSy62Tu1dbNHgkfh2GRsybkeN9u0DiQ7TkjkY6E8HsevGNeHRB8hiRjHFuZWfIYY6cA8AHHJ6DJxgnd6ynhuLMgIfdJgqWQ7lbq6pngEcjIIGQBnnBvwaBGqszRkkKFUMDlgpA3FcHGTnPJyc5xkVE85Vre0VnZbruvLRrSz76LV3URwiiouMY3STXrdaebXe1/xPKxosbr/AKtDJIvzMpAA5ycscAltuM5yOnfiyNHdUXClOAhd85ITIKkE447nJPPOcgV7DBoO3ynESsJSCFZMEH2AAbbxwpK9zST6DOreZJEFVWZhGwATAzzg85yQACfwGK43mqk9JN7cuu+ifzt2b+96HTHDNKN43ikrqz6pO33t6tP/AC8Zm0qWPexj8xSCFYkEqE6HI4+bPTHPODkZqNdIaRXkeNmWSMFXxwh4ACngjPTkehOe/rFxpTxpgQoEYbizLwoJySAOmMYGMAKAQDxWJc26wINwikWQDd82MKhG1VAxy3Ujk+vUVpHMneNle9rrm6u1raaaXs2u6ZTorRtWSSstVfttZpq7d29XdPVIz/hfo8//AAnd0GdIlhgsbhd23cx3ggnBBBwD7E4GRg1+It5HBcf8Fe/FiNiQtrUkrZJ/5YwhRkegy2APX/dx+6Pw5vox4710yLEphsNO2KGGW3FiAoyCAQG7EDBPsf5+tB8RxXn/AAVs8a6nNjyI9e1S3OXyp8tQvOSckZAOeTnOOOPZ4fqVKmPxc4tqX1STTevK242eq3ut9Oq8l21YRhlqu7fFLfZNxu1qm2tNfN9z8tvjrr9v4b+Ld616rz2trHFnDguBjgICeOeOM9+Nxrw/xZ8RJtTubeXQvP06zkthFcySSjzHXPQjP8Q4A4yOwAwe6/aaDzfFDXkdGkJiQCRsKy8dQSACAPmBHXqeuD89w+H7i6VmDvtABBZ/v46gDkDtyPvD8q/ZcvxNaODpUo25XCLerTTVtN72eq1a3fVtHkY/DUJY6rUnBOXMrJu70aUW7J9b7XvuntfzvxDMbjxFPO+HaWWFg2DjapXJJPPzHI6HIJ+7X3L4dlEHwUkuHBk8vXbZhDu2hyMHnOACDnHQZJLGvhbVYJYNVljkAHlzRrgZJPzDv353cDg4weSa+3tHlhi+Cyu8TSEa9buqEgbgApIIPGehGQCOh714rbjmUZW5Wp8zd2rXtq1rdPT0Vn01+lopSy2pFLltTtp0W34/mlrobXwh+JOi+G9W1SLVZHtbfVhh5NqslsycYHlrvxt757Akntx/7VPxB0Hxhoug2Ph0yPaWNw5u3LkrJKQQGCknrwScZ2gDGcCuQivdNku5S8P2YTZACxKfLGQHOcEAkNkEdORg8iuL+I40w6HFHZPveK5Xc6oq9VJy+3OD0HfJ7dc+5isa5YKpTc02o2tFWum4e69L73fmj5nDYOlDG06692UW01fR6w8rvVX0S10PVv2TbmQeIrfyVHmHT9TVdyhjsEXTBB4yQPxA6mvsbyFhtrZp4ra4F7JcpKt1CGCs8hAAJz2GQQ3fsDgfHH7JsUZ8REneZBpurup3EEEQbtwLEcAg9M4BwW4zXv1z8RtFvde0vSWleHyLhoLqCcsI5bhJMERkYVTjhQSMnHXJA5eH6tONOuqvL784qOie/LHZrVbNt2tdtWs2ehxHRlUpYaVKTTjF6Rvonya6aadWrPUb4i+GfiCbStV1DTDp11Zm0vJmspEUNEsSu8vlk4IGzJXnGRwCDXy18Jl83xlp0axs00OqQRqEAyjG5ClPlxgduTngc8cfonPpcB0DxLq1rcyWQbR7xIbK7ZxHKyW7u7KOcFlwRz83HBAY1+efwYeRviDaeUUjc61Ez45BH27JxxwMZPGfujgjIrHiLC0qbpSpac8ZNpLS9la1rbt3V1fsHC+IqVoTpznKbpTS95p8ttNL3stHbs9PI+5PiHeHw94m1QXd1q/hVRHYXcFzahTFcz/Z0DM7EE7SnJUZUnls8isLwp+1X8VfhdYa9p3gjx5HZ6Dr8zG/sooYMXxdSkzsQpKXMiZVZTyCeG6Z9I+O3gODxTp1/qEfiKUagTbWzWFyMWYUW4w6TA4VhjDJ/dOOmRX52eItB1Xwy9za3vkeREAY3hZZBI33RhlJzvxuBPIyrEY5PyuN4cyrG4aEsXgqNVVIRc1UjCak7xdpJxcXble70u1vZn1NLMMVSruFOvOm4v3UpNNaq6dnZq123fTazsek6j+0T4q8R+K9Rj1ctef2q9pZzXlzK0t4Y1lREjaQknbGpIQjgLgc4Ir+kT9k/wD4KCfAv4J+B/A3w2+MWn+IbWSw0uaO11nTk8+w26hC0sf2hIUMhMW4AEEHjOa/kp06QDxLZtJkGS8tQpzzk3CZwV6ZGc88epIzX6TfEq7EEHhWKK4t45LXTNP1Z45IRIbiOCNFeAkAsEIBypyDnjkAj4ziPw+yXi7B0MpxdOVPD4epGpRWHapOEoxUYclk0rRulGzvotD3sFnuIy6FStL965O0nNx96zTbVteZxejunfTor/0F+Dvjv+zL+0P440/w9Y/Gu08K6HoNrrt1f3niGaax+3XV9dk6d9mGoOtsskMTiJTgEA7iT1rwT/gpd8PvAXgzxN8KdV+EXi/TvF9prPgdYta1LS9Wi1o2t9ZMFY3MtrNIsIuQC4iYgKDhThcj8S31jSNQ0C71K30mWC51e6WBpoLCQWcaOwQyK6puQoxByrjB5AB6eAr4w8W6Nres6PD4k1NI9Md3hX7bcvFMOAAIZpGAQ8kxqMY3AY2kD4XAeC0uFc5wma4HM6/1ShSqUoYWtTUlL2kYpt1I2bdrP3k3ZWem3pw4nw+bU/YTilJ2lJQejd15Kzs1reyfW5/Z7/wSZ+MXguz/AGVtX0PX7safqOm+LdUEjSRSmKWG7ZnMzSBSNsaA7zkgHAz3P1/O/hbxDNceIfD+s6fq2mTvPZ272syPEsyBh++JY7GPO0YHTABya/mE+Dn7b/xg/Zq+DfhnQfhxH4furXxHoF5da7Bruj2V8JZL0jz5Enkhd0baW2kPuQn5cHmj4P8A/BVG68BfbdO8XfDaG90i51CTU9RutB1CeCRppWZnWOCaTy4kDMSoiAGABzjB/njxL+j1xVmHEWbcQ4GlDErMcRHEUYwrQjNwfIpRcJKK5lb+azvva59jw7xDkcaH1adedCrR91xl70W4ySumlu2ru723ezPU/wDgpH4dSD9ozwzKZlWVPCLzxhyG82T7RCEQHOCeeOhIx2PEvj3w5q8nhvwtq8aXFtGui6HazSQLIqo8qACZtoDO5ViQAST1xwDXyn+0/wDtj/CX47eKfCvjnw5Jqq38OlvpF5pOoJ/pFi73UHkNDKAqyKqhg2CRk4UA4FfZWt+JE8TfD+zm0HxJBINK8P8Ah+6fTgokupJliQxxqg+8yZIO7nPUkiv6I8PMtzPIuDsqy/G4adHFYaiqU6bWqad43SvpppZJbvzPGzWthMXjqs4TUqTTfOpWV0o93ZrTbqrv1+SPi3ovjzw54dtVsPEN1f6Xp+urc2xuCHmgubho5EbEnzqobg+gC5GCTXxx8Q9b17xH8QP7U8R3Md3q4t7OG4kQKgZIyiqVCgZJAGWAyTk8ZzX3R8YvFekx+B7GG8kkm13Vdajae2RXSeIQlM74HIYK+Qcj5Ryc4Ga+AvF863PxBlaNfLgBtso2SYzlMggZz/DzggAjGTg1+iYFuSvKKp1b3aaSla6a1VrpdE2vm2jxZRtKTjrBcqTVtVJRs29t7fOyV9EdP8TLtF1+wjMpgH9g2h3lhljsIwDjjPGeOSwwck58wjTVDBJK80jlGIj3MGQqc9G5AOAOCBnnjOa7341rBDr+kDy3ZH0CzIccENtz74ztHU5wDnrz5vpt6ktsYlLxKN24HJ3ccEDoBnPPP3uOAa0xjUarv/d5nfW7SS7XSvdPa13tvrh09Gmlro/eXRJa2dujvf8AHUr6XcsfEWjM4G6O7aM9DnJUkt0PY4zkDqAAOP1i/Z+vvENl8OtSm8O65r2hXb6qrrcaJql1p7syMDmT7PLH5vGFwwZchRjgGvyT05YT4jXAcCC9gkGemGLZODnG4BeD0I461+xX7M9hJP8ADOS5R40SS+lKCTJ354bAxkkA5wA2eOoxn4vjCVOPD+LlVjCUIOm2ppOK96HvWd4v3lfW3Xd3t3YZc2OoJPX3tUm3olHbZ6JNLtex6db/ABl/am0EajL4S+Oniy2e6h8po9TuVv4iVwFRxMz7wCANxHTsc5P5w/EzXPGniP4neL9e+IN9HrHjOZLWXVtX2qkl7MdieYyoFVSY1UbVGP5V+lTWNzbrPFNp8bqzlw6MQdvDBmYDg7Spx3PJB+8Pz9+Mun+X8SfF7LE8YksrBgAQerAZLDhTx0I4+Zs7smvhOB8Rhvrk1So0Kcp0XLnpU4RduaDvJRSvd9d2trtM9nGUJRpOU5NrmXxKSTTtte6Vmul+l9d/1U+BOn/sTeJ/hF4S07416OLLxxdWcksmsw2832kQtCI4lWZPkYBwDjgnKkcV4r8WP2O/gJ4hn1O5+DPxFQQaTo+oavNa61JCokFvG84tbYkKxeQDYnRwxzg4zWD8Ovhhf+MvDPgTUNH1RLi8tNEVJNKcQoiRh/m3SScM+RkY+Y9getenfEj9mLWvDvhPW/FH9r3FpLHoF1qIgiuI4t7RxGSS3BiKF4yMrtxznqwIFfH4vFSw/EeMcM/xVGdXHO+HnJVaN3US5IwkmkvstJpx2a6ns4fD82GoqVNO1KN2kru6i7vo3ZLopK2tnv8Amd8KNETTPFGjMpd1tvEhUhmIx5bEO4YHlSQcEHOGBOeg9a+Iv7Mvx08X67rPxA8LfDfxDr/hHVNQlltNU0ezk1KGRYwUlBWFWfcrDBUnccHHVq5D4PQSahrelJJKiySPfXbFl3bWjLKx6HJUAnOGPzZ+U5r9YvgP+2T+0b8FPCWi+CrLwNp/iDwL/ad3Lpd3f2U9qtxA1w29Le6KJFOWLEN8785U9TX2/Fmb5nleCwmJy2GErV3OnTlDF1VQi6cknLkldLndlZN21vqcWAw0atapDmadtFFaOXMn11tst7X26M/DjVfCOs+G7qe313SdX0K+tHZJLfUrGa0YSjgriVByCeVznqOdvH1t+ztJFZ6B4suFlzJFpspJYkYW7gaJunIIL5O3k4GPWvt/9sz9q/wV8Wvhf4i8M678MdG8E+MFu4LuzuE0+1kuXnJAmkhvoI1mVJOWKzORknHJzX57/B+5aPT/ABJDbnyku9Mt3ZgBhwNmSDxkcAHHB684wPMw+aYvNMtdXG4L6nXjNQ5FUjUhLl9m+eEk1eL0tr0TTe52RoOjVUb3e1l5yilt16Jd/lbydovK1C7dvLIiu51yVYEr5h2tk+oIxjPBHXmu68Ob47mIyGNlYFx3PK/LwM4J+XA9B0FeuSeFLG7QSLa2jRtCkk0gUb2PBJyMNknJJXtydxHOTfeHdOsZLaW1gMaSIyq8bZGVB3cEggAgcjKsDkHrnnrV+aDWqa0S1SSWl7vVaab2dnor6+rCcfaxptcsrpWvyq75bP8AwrRPW2qemp9afBWXOpeGEOAGuYCRgcjzU5A68du/Ge5Nf3RfB1wfhN8NyOi+EtIHBwSRZxjn8+cjIPXpX8I/wlaSDVvCIjJLmaHBPVwZEGAxx9Tnn0wDX91nwSJf4P8AwzfIAbwlpOffFpCSO+No4PU5x2zjk4Ob/trMHG7UsJFt9F+/hdd7a76p9rXvjx6ksoylO2mJfZq8qCd7Xbd773+K3metI4Un3A5xgnuOgAxg9/XnkjNhGHA7EjJBIbg9Rknvz0/EdarRqSWyTv44Pp0PHPXocbdx5xirKgYIbIBGck89iNxGeOSMnhcjnIJb9RVa3u6xd7P/AMlvppLp57X9fyOXLbprbZtdn1eq6P5d0WSQV5IBUrgHOMHnGOeuOeOe3qJ1ZiSPU9PQdmGMY4ABAxnHHU4qgEsMZUjkHaGyMhsHv24BxwemOkhJP3QVCgYK8defu+uBwOevDZGT10ZvaKunZ817aWj3WuuyT3b0tZnJLmTt6arrs1599mrJ6tK5eDBsnHPUkdTjJ49ccZwegAGOBS79+FxyvVcEHLcHAPOScke/OOtQBmG7kenzfLnByBwMtjIz3Jx0wAGcfLg8nPIJOSM5IYcgYzk9cgYwCBXS0mne2y17Wa9H01+/XQtb7pLa9+vbp6PVdtboeTgkKcBm5yF4B6/XpgnjknJPNNbKMQpwDtwT3POR1Htxjr3PWlZlPUnpx36gkc9QPlON3UdMVGWGBnC4JIJ49MHnoRwOe+PXlJprRdl/L0Tsn717cytu+noJJW+1pv5WTav3en6a7WQ6jgtgALgDnBBzgEZyOSCeR9cgUbskAISACM85yfwwME4HAHc81X39B3DHGMDjPU9ueBj9ScipdwO1huAOSQOd3uT2464PPTOSM1Ztq+907O1m9N9NdvW7fVsHFNKzej279umq067fPV5AAbIxkZOAPmJ4BJ2jHOOTnnOTkA00IrMWwOMYBBJOM55bjrycAjtg45cTkYUnHJA+uThu4GOeuOARg0hHO3AzwRtA9R1I55OM4HAUYPWqa5tlolrpfms4pJtq26Xda+pinLRNNt6NNpqNuX4mlu1qtlrt1AqDzyckDHAwBnAA6cggA9F5ORjBTaDjBIxnPB5z1BzjI6+o6ZpOdwAOAQepI77Wwe+Pc4HJ+rsMOrY3AheB0yemRyG9D6cYIJpe7olZu1l/Nold236PTS7s3ewlyyTb296/Ryvy32f2naXTRWWnxNwcLyc9MHIAyemfzHpnoQeKVRIpJDjJONpIKjnnafTHToCM96OVAL5IOcZPcEc44JHA6dOhz0pxbJwpweDznjPQnAA65wBg1Lgmmvs6Xd97W06r18t7lR2STWy913bSSitE3s9Vq38S10sNVn+YnHXp2I4/hCn8iM556ZapVMmWI9MAA5HGMkc9enPt82BzTCoAJIOCRnJI6cDjoT64GAOTnsrHacFgASVOMcZHYAHgHGSQfc46ZypuDfJeLfK46y5VZx7Lto7vvpYpKz1SSV0r9XZK6vdbXW99fW7mYcq2BkA884YYOeMHHHcn0HTJiBJ4YggA4OeWOcnnuBjHXBGT1OaYxBAAGMHhsenB7HgnrjHfI6YQfMAASBkksDt2kE89eR6YHPUEc04NptXul72unSOy6RVtVvpr3Bq8rXtZbJ7axbb0bu7a+WltyRw5xtPpnoMAHv7cdMZJI7nIRsDgjOOfcZHB4wGHQYHtxxw0dSASQcA8kDjqDkjjGSOowG6tTsnBBHcgkdOTjjGecEE4yPU81cpScleKSt6WVo3u++17pPVdNk2kk02rPSSS3bin3ur7Xd2rvUVGUq2P4chgVyM9wpPXPXPI7E4Ip6s+Ad3HYjkcYAx2B4/IfnGAdoJPTnAB6E7vxwM89s56gmnAkAJyv9ME5BJzwSc/155qMrNNNLTVO70dk0k1v1vvZdGtc5PbVNStZNrRKK6ap9Fpe97XsWNwG4E9drZI6YBHB6kn5jjOO4GTSksDleOCc8cH2GevUDPsfrCzZHqeCOnB7/4Dnp1wad5gOQVOe/8AEMDnI9e/16npXX7qUbq1rW+5dvu+RLVmrbKyT0T3WuzbeiXxbaKw4blYkgNgcHjAOMHuRjryOvBxxikUvwDnqoyACCAeQeMkZz+PXqQWngcnJHKgZ5XHIz6jrk+oycZyuRywBzjIHTPqfQ8gd93AHQ0+am+VuUk0+3ot+z1e17K2+jcW73e7S0WmzT829ku3e5IpBPzevOec53DjPIGMcluMnAOBhjklCFLZPB69V56nkMxIwQQenTpTMjIBJBxhl5+91wc8gZGRyOSM80u5TnJ+XJ4GeQSp4/3vu8HPfGOaly5nZ6XW10+q1tvd3Vru176WXvF9Nb99VzWeny/Ppo7HHfEAFvAvjIMRk+FNbycf9OMuM+vU/e/DgCv4Jta02O41vxCkkZbf4m1eM7R/f1S6yehJHOB045IA6f3w+N0WTwd4wUf8tPDGtA44J/0ObjoV4+nYA8df4Q9fRoNd8SBEOV8Vatg4+XH9rXJYk9CAMnjnP15/K+JacYcacPSsk6mAxib2Vo1sNo9el2lZvrsfp/BU3DhbieN9Xicvs97XpV9mr9bX9NFe5i3nhTT7ue4SS3iMdqtukSMufmPJBGBjknjAySeuK8B+J+gWVrBB9lsYUK6ikD7VACpIVRsALnnkn2HJPAHs17r9xBNqEhcnFwnzcnO1QP4Tk8AY4z26GvLvFlxe6npMs7oCx1OAg5+bmVQCQCOQASeDwAeea/Q8HF+8o2V+vRK65dW76aW1f5HztepPnhzOXRaWeyTs2+i0Sb0v5tH1h8ItG0mwvtGs4rK2jCaEGBEali7RBm3ED5iMcZz1IxnAJeKieJ4YljRIDcMJCIztZftDAHucluxII5AJPymh8KL2zXW9OiupwJV0nG4yfKQIM8MThSCSCAcnvjIqxq2pQw6wZzd2iWUd1ueeSVQqBbliQSWPTGSSCM9cfeHqUZuCdO8XzNaRav8AZTvduy8k720ufOYqNSpXnUSknGLtbXe1lfW/TYxf2optnwq8URBQFTQpyjbGyMowGOBgkYIxxyAR3H4qfBZEPx9+F0bFnC6zEXxnp9jVm7ZJxwM5I59Rj9cP2l/iF4c1T4Y+K9Ps9S0ya5TS2iby72JnkZhtUIquST6YUE/UHd+QvwfvINO/aF+HslzdW1tFa6lDPJLLKiQxr/Z/DSO4CqAcADOAfTBFaVEnHEwdrexneyb3g1bpqtOl3f0PSy2nUWFfNzXdX7Ss0lGLsrpe6n2Xc/oF+NAt1+DvixkTy4x4XvHjEud5bByRlsDrkL67evSvxb/YrQSftnfD24IR1WSZxgcbfsMnXjIxjGO2cck1+pfxw+JfhrU/hT4jtLfxDoV1Mnhy9hMVtqEDO0xjdUVFVyWByyqEwegJHBP5A/se+KNE8N/tYeA9V17V7bRdNtVne6vruULBF/ocihGcn+8wx0PPc15OX0J1csxcZQm3yTior3W1yKzV9Una1r7NPsdNGm6Lm+e925JWtqo6pK1t9bN/JWP3q/bQDr8APFluUVVn1m2OQMA/vAxAJ5wACeRyeCO9fhj+xlbw/wDDVNhnDr/a167AKThAkignPYY7kYxleTz+uv7XHxp+Gvif4LaxpOgeMdH1DUG1K2mjtba4WSSRFwGdSCcqDnceMc8dMfjn+yb4p8MeD/2jovEHiDVBBpcEmoyPNGjTZkcyBVVY8kgEdcYB9B0wy7Culk2JpewqRnKU3yzTTekdUrap27de1jppTcrtyj8CWy3stH1dtX5O1vP9Tf29rCCf4V6Vdq2VGu29iiyZIVWnVxtHUAKAM844HG0183f8E3rSVP2pfFUYKGOLwnOOMA4aaM7iRycY5OM84GcAV6X+2L8bfAnxB+GtjovhfVEvLy28R6beyQNbzW/l2gXDyb3AUkliSBuJIIxkA18u/sTfF7wz8Nf2kfEmravLdSw3egTWMS2lpcXkpufNjKjy4AzYABGcAdMZ61rhMNJZTWpujVhOUaj5HF87lzU7XXLd3a6LT13iVOq6U06l435U2lFct46X00XnsuvU+9/+Co7LHF8K0ZQW+1agGchicGRQO/GBkDAJLEcDtzf/AAR1s4x8Qfj6Co2rHpTKB1z5chB46nGOQc5zziuK/wCCiPxa8PfEXSPhneaH9vAtLu+FwbvTrmyAkLqwjQzhQzYGTtz3yRgk+M/8E9f2iIfgh41+Lmof8Iprfig+IBpkcf8AZGwm0khilBacSZGHLEA4AGBVYrLcVieGZYenTlLESso09Izv7WLad7Xule97+rSOanVVOSTkko2XPLWyX56aK/r0ufWX/BT5LeP4q+HrhUZ2bwVdKQQThuASQc88jvyM9ecSf8EptIgl+C/xSPlj7Vc+N1Ee1GLKrSuTgKNxBB7ZbkY5Az80/toftL23xV8YaFqs/gPxL4aFv4au7CKPVBFvv5XIZpYSgAEUYGQD256nFQ/sHftVan8LfCHjbwh4d+H2o+IJ7zxNHq02uW8savbrIX8q18twAQTlSSPXjPXw45FmEskll9ShJ4u9F+zbSUbTUpNu7T0s2+mvax6levSlg6VSNSnytS5mnGKd3FO7uo3uldX3Tt5+lf8ABVuI23xU+F0UbLJs+G+pI6gEhWWMbgykk5Hc9d2MEAEj2j/glroVjq3wC1ud7p7eb/hINUaN1VXYkbSVQMD9/BB7/hkn4Y/b6+NmrfFjxv8AD/W9R8H6l4Sv7Hwjq9ibG/kieW/QoB9oQxgKkbEhlDHPXk9a6v8AYi+NXib4f/CN9FsPCWr6lDLr9/dSXthdxRB97r+6KPjDKMEkhQQeR6/V4DKKsMqwmBlBqvSjBOKlfkfM7+r+eifZnh4ys3h+aMk4ucU2re9ZxV+ZOzdrrfS1rvY+Xf2/IzB+0L42t5J3KwpZRBtmG4ljOTtwMc8d+ORg1/TF+zV4kj0b9m34NXw8a6tpsY8IaWt5AqQPEiFFCJCGUsAD94EZYHJzxX8tH7YviK78R/GDxLrF1ot3pcuo2dncG3u5RLOx+U7iysM7yMAKxAAHHIr9E/hx8e/i2PhF8PdO034YXGoaVYeHbBNPkg1Ty4ruK3cgzTxs3DZGV7dON3TmzvJHmf1SlUi6n1ZptXvytQhF2u9btO+q17vbojV9nl8P3kYOpytSk0otbtXbW1m9HZ23PC/+Cj2sRa18UviRqn297pr3W9LgiunhSOSVEVCrMqhV3AfMdo4BOAcmv32/Y/8ADtpefsh/BpmkUPF4PkkklMa5VVWdh87AjOMnGA3vX8u/7VvxD1PxN4r8Sabqvht9I1I3+mapdq7iRoZHCJ5Ik5+X5AvykZHTAGa/bD9mf9pb41aP8AvAPhPS/hHYXmk2HhhLOzuW1q3tjqUTrITPMJHDRMQSQoZWzhQDSzjK69TCZdRw0Ob6tUpJw50uWEYQjaWqW/a+/R3IVWMKdqlSmlNaO8Yxdo3SjLmS1S169rM/DP8AaWUJ42ugZQf+Li6yVfnGBq0igE5z0UDAOck9xlf6V/h3N5nwv8GDzFxH4W0leQec6XFnc24AAHnAx2wBnn+Yf4xeJI9V8VXMeuaWNI1SHx9fRJY+as8L3E2pyytGZFbcVQuYtxJBA9CAP2/8LfFX4xWnhjQdMh8H+E5rOPRNMihVr10LQpYxKrM2/kmPJIzyeOetenmmGniqeGjTgv3UYxnG7SUkoK3pddOi06hTjGhH3nFcz91vTT3brTTRWbaVuzfT8Z/EaRRfHDxOyyKok+KlnHGDlgSdZ55PQZDHjHocqK/rMsLIv8Itan5QL8P7xMGErHxohBOSOrEjcSR1yD3r+SfXtR8r4s63JeWNtBqEvxSsplRWaS3jn+3R3JjU5LNEshIJ67emQTX73yftO/Hf/hD73Qo9C8BPpl34dm0lFBuBItu2nC3afbkAz+WeB3bucHPBmmQ1sdTwsqFNSnh5XnzOyUE6d7XWuqa0V9+mpVbFU4SjGrNKMk1TtpfWNt7dHbzS69fxT8FvdN+0V8I2V1McXxMhCkA4+XVRxjoQPXkjkdev9Y2stcwafqlzH5af6HfFnaNiFzaPgMSACGzxgdOgGeP48NJ8W6xpXxq8HXmjQ2a6zpXjRp7NLtme1XURqJO+RVDfuVlJPQkrkcYzX7Y6n+0h+1fNZ3fnat4E8o214JITaTMh3W7jIXgnCAlcgrkDcDilmeQY3MKtGphowiqVOUajnJxu24/3X0V09DGvXpwcVKS1kmk3bT3UrWSvf5WvofnZ8Mrh7v8Aa9+H4VRKIPjHcSP8mEI/tfByeeO3UAA7T0Of6Uv+CgdwU/Zv+KDjRLe3B8NypFfmJI5HUEbmWQBcqRkHdjGTg84P8m/w68beNLL4/wDhTXNPexj8RRePZ7+2uWjL20eqS3u6WZogBvhL5ZVYMAOOhBP7MftK/G79p/xp8HviDoHivxX4fvPDUuiTjVrWDTlWeaBeVjtpNoaEE7WYqQMZGCMCuSXD2Lq4nC4mlKHLhZQdXmk03yzi5JJK90lo3e+3mdGY4mk6tCEpJKUNFZp3XLy2steuqabTfbT8pf2MrqOP9ozwMJ5FCw2F05DZcEOrMGOCMgkBQchdrcEjIH61ftgX1vP8GfFc6NC7PpISIIudw3oSDkBQd2QT16gDgg/jJ+zNp2sz/Gvwwui6zBpOrPpji1vZIUlht8owwY2B3Ar8oJGfQZBA/SD47+GPiwPhj4qXVvH1rqOmx6M7XFsmnKFu4s79kUhQ7JATgncOOnXFfWU4V+ecoRi6bs573vFJu3VNKzs97pa3OHEOk6tBTnGMqfIoxd22uaLXR33W7330uj4g/YQnkl+O6RKkbbfDOotkKCwAuAd5VcEDv6dhgZUfpz+0hNLa/CHx78yKsnhydAAmCQzAEZI+XkZJJGD05GK/I39lGPxQvxht7fwv4ij8O6pd+HrtBqRtkuDFAJgHiMbhlJZsEkjIPAIAGf0J+Nfhr4rSfC7xs+s/EddSsIvDc811Ytp0MbXcasv7tJRHujDYy2CCeQeeD2ZfVnSpVkoOpBuWu1rqPxb3elnpey+ZlmlCNXG4ebmoctOkrNS5mlJeSt0Wuq7JHyD/AME5tQEHx61EZQ7vB9yjSAZ2fOCxIbDEZYYPTqAcYr9X/wBq3WbV/gX46S1uIJWXSFV1jXJD54fHIA55OOeRxtDH8Zf2IfC9/wCIPi9c2Nl4l1Dw1PL4ZuXN9piRG4wHCCAiVWQoRywIJPcEV+h37R3wv8UeF/hB4z1Sb4ka/rcK6YPO064itVt7mPIBWZowJM8ngHDfTJGlPnVOcorqttlqm0tU7Xeite935GWJhT+u0HUkk1Cmlo1ezW7j01Sad9tLa3+eP+CUmpJbftCeNXuHxG3hG6LOqMQoBABOM5yxbHIwOcdVr9Vf28Nesbr9mzx3FbXCuv2S3GFQgtlvlLHqAehYdPbpX4ffsJaZqesfFfxJZaV4k1PwxM/h2eWW90oQieRV8sJA5kyDGwJ3FeD6E5A+6P2oPBnjXSvhH4vudQ+I2v61ax6bC7abdJai2l3MBlzGgbgNtOAMEkkggV58sHKtX9tzWSSbja93Fxdm1sr6dN7WaPTlOkq1KM7P3oq6TvfmTWtrWva7e1rpdvnr/gnSlzN4n+I0n2b7QEt9KHmlAUiG1snJwcHjPzHOB9K+sf22ftVr8DvEjOFCm5sWYhdq7ySQQR0XgH3G7pk18O/sS+Fzr+qeOo21zWdJ+yWumySJpU4g+1M4clJiDklSMD5TjJyOc19E/tN+BxZ/BzxdeHW/EOoNBZxypbXt4ZbVSpO1ihcguAcjsB1wMivQpRqQhKS0TV79bNxvHq3Zvff5M5sZGk8XFu6a5bSit7KKvou2nV2b6tIP+CUVzEnxQ8Xy3E8cG3wVZwrcSuscQ82SQbSWIwSO2e3U1/QNqOv6Ja6PdxR6roqumg3wdvtdup3JZy5bGcMQTyePQY6V/K1+w7pdvqev67DfT6kIl0K0ZhZ3lxau5LHCl4XRigOAFzjJzgZNfrBcfD/wrLpN/PFJrU08Wg3joJ9X1BUjdbZjnLTYcKezZyeOOledPC1q1SpON+W10kru6s3u7avVWTSTOmo4XpprVKKSUdmmrbu2tlo0k7aaav8APn4eXMEnjmWH7RbrHP8AE24kWPcpeRX1SXBC5wysQMZGCATyBg/tz8R59KPwx8S21y8QA8JaiWhZwoG2xQDbkBXJwcKFyx4xnmv53Phpoi3PinT9ROoXcZg8XxxkJKwHyapIpGcjDKoODkEsed2ef1z/AGstNi0P4K3Gq6Rrl/a3ElxpluPMumkeRbqGJJYyquThySCpJQjH3up5MxozrRw0GnFQcrOzfMrwvotVsmrXdntod9G0JXjqpWtdbK71d7aaWtfz0ukehfB5fEfhT4R+K9e8CeKydP1D4caU2paHfWzXWnAjUcyW6xEMgmC4foSM5HGcehftGRfGrx78GLz4k+K9P8PLoenaH4a0S0niI+12+k29nA0M1vFMWlhbd1RDgkkAYBA/Euz+IvxO8JXVx4Q8IeNNXe31XSIPtlkkmITHgO0ZjfK7QRhSuMYFeu+H/wBof4/+IvCc/wALNS8WT6p4f1a7jtzpF7sluJHgULHBbtjzATjbGqsACAR6V4WKwUIVfbynCChJTba5Wvh0i2ktLWa9der9ShQqSa9k1zNxSTV4pO118Nr3ton1dz8vviRpNz/wsDUrd22NJPcSE8bz5krMjYOCSQQcEHC8kcZHEajpC2syRpI5wo3ZAVgxOWyMcgEnnngcgZOfdfjh4X1Lw18T5bLU7KWymktEnCzufNClcP53dHBG3BIYYBry+6WRke5cJnKherlkHy/Kevvkn14IzXApuryzhNuM0nGSaaaTjtZpbta2s7bq9l7XsfZppq1SNk01dJqMVdJ99klq7K7vY85trOSHVI40lfbMkrMHUnkfKMggd/lAB7dsqKkaxknWRmbPlzbVB+UEE579GyDjIJz05rTHmtq0ADjO2XBBHT5wD9eMgc5J7AEVat4CYwjFWeWVmyOSNrHPA78E7T1yeCTXoU4qMFa7b5WpJu2rXezu3pdpXv0PPqxa+xrZW5dldx089V0V9XezTbpeFNODeKPD6EFo5NcsFK8HaPtMecnbnJHHJxg57c/qxrnh+CSwcKCogMERB2gFXEb8EdcA44IBA7GvzF8LHyPE+iKAoCa/p7F+oBN0gGOuefcmv1Q8SGeNVjhDyrcQQS5A+UOQmOgwpI24zzn2PH3XCsITp4ltRdmvi3u420vZu8t1drot9PmM2nKMqOiSs0kraP3E9XZJvdNXtfc86ufDGlz3U8N1p8N0Fv8AT4lW5jWRFSWBgxBIJXLFeVxnAbHAwav8B/CU5lnk0C3j8p9hMJ2bi2CWCk5XIPGABjsc10F19rJ1WFyyTJY2V2jYAcyrIqphuFHGehByDjmtuXV9U0zTJJNQPnCdUmQuxLlQF+UMBtBXJXqBjGOOD2YnD4SeIxCq4enN6NXhdxfKm30u7tdHbXq0yVisVTo050asqfuy2m0tLb3tpt0t3V2eHP8AATw7/aemwWd9qGnreXssMywTyRsgWJmTaUIKtkAE5HJ4wvWunwn8VaLNdnTPGfiK1W382S3/AOJnOyssZ2qu1pCFPAwPlGSvAAr17Rtb+36tpieQ6P8A2j5hdiHxhGAUDAzj14+XbkDJA6nxDOkSSSOHY4nQopwD84GOwPYHAzjoR1Hi1cnyrExk/YU48urSSVvg6bXV7rTZ6HXRzfMqfLF1qrer+J3UeaKva2rs1s3dNLc8g8LW/wAa0t7l9M+ImoPJbRo4hvYluBtLdGJGWGOM5PUA8V1yeP8A9oPRdWTR5tQ0HVn+xJdl7i0aNZFC5KuVxznIIGBnOOABXT+DtWtFn1OKJXjdYbdSpyfnIGMhifQfKQBzweK6jX7UP4k0qaRXDSaROrgKASQoDEgj0B6dB1568NXhXKKlKMo00pNq9nKyu1fTS3VLSziu+3dT4hzWnU5fbVHFRv3vZK3S+6a21ffQ4GH9pX4zaeDDeeEdEv1t3ZJPsTzQsNhXGDvAO4g4JPbgY4HTW37bGvaW0a+IfhlqkUahYxcWNypRmP3ioO7JORwDyOB1weGuGtI7+a3RWEn2p+CpwQCDtOAASBnrxnPWqfjaKJtHtisKqGul6KpBAAyRkZBGCCc9Pqc+PiuGcFSo1Zwk4ypxvpffS6S1tt1WnfWy9zDZ5i5Tp+05ZJ21a72bei5Xtv3au92fSugftx/C+Uxrq+meJtDkAxIzRtOq7uozCgI5HJ54B6dvZdO/an+B+v6cIIPHUdrM0qN/xM7ee2fudoZyo2jqQRg53NX5XOlqzOrwRSL5qg+ZFuI3cZz15I6kHPrjlXXfh3THjUz6ZDH5sigYiHzBucgspI5A5AP0Jxn5StgZxi+WTlfS9rNWcflfzd+zPfpY/mlFuELrlem19Lva+rSva/mftJp3xQ8Ba5FCmmfEDwtKfITGdWgjlJK/dKtJkHnoQpGPmANdVp2sQ3hCQanpt9GmAslveQTs2erD5iGbBwDgYHGDyW/Cy18EaFLbyzxxXEMoZgnkySQsCu7nMbDspBwB97dk91h0bUtOZ/7K8SeJNPeI7wIdWvUUHBIwpmKnGcgADoOnGeV4PFQs1TvFpNabppaK2isrXuvK2jt1RxlGpdPlje2mqS0Wm9291qr3v2P3EhsYpbrU5ZrSAqbhG8xkimJCgbcYzheCc8fKeoyKbe6Hp0zRg6bakMV3yRweWxUhWJJVcHC/mf1/F3w748+LlhNFHo/xI1+PMpUpM/2lXZGKgFpfMyDjnceQc5Ycn2Cy+Pf7RekkxR+L7XUygOUvbKA5AydvEWc88c7enGQK5pQx11KNGUo6NqLd7Xi1v7qvokrap33vfVYjBuKTm4v3VdPdXi91ok9PVatto/S258EeHLgzshmtnihkYmESAAhM7SDjhjycYIHHUYrih4AsLjS4ZhdGQN5+0MkbBcPtG/cG9S2TyAO44PxRaftY/HDTxMuq6L4d1nz4XDkLJE5XBDEbQq9ByRj06Zrf0j9rHxM1tHFf+A8x+XIztY3IUEFiXKo7HsSRjjGMjO4DH2+IjJKVKonfWy1S0suz0u27a3v5vqpTw0veVSEoaJRcVrZRWjdn0d9l2PR/iPoNx4S8OXuv6c6Wl5YSxss9oDaXO0sBuS4hMbAYzkbsZGMMDxQ+Ev7SHw902TSm8f6Prdvq2km5SHxFa38l958V/G0MwuY7lpHYojEpsKhW4AU5A674NeJLX9qfxFd/CKDwvfaZeahpVxdm8v7qFbK3EAL72YEk/MMggkt2ycV518Wf2HfjH8PXuhpenaZ4rt7W5VB/YN2k10omIMUQtmdpC4DfNweRwTkCvIx9fMlVjOjGrVp8vJKKi3d6XTV7630t6rodFL+zakYU6zpU6nxc1+V9EtdrN7rZuz2un3vhXSvDerzX/wDwiHjSx1Ox1TX7rVILG9mWG+QzM0lusiyEZXeQHKjHXGBiux+OPiPxnq3hDwPoGp6VNHH4Q+0uJ7BVliuJ5ZgFUFQ27YnJIwCQT35/M3xNonxD+HWopD4g8PeJPCFwHISa+srmxDyKNw8mUpHu24PKkr1OBW3ovx++JOkWqwx66+s2gQ/6LfkTLhXDcM+ZemCcHjkZ64yp5+6T5cThpR5FaWlpRXuXumlrru7batlyymNW08PW5op80ZLl3aitHFtNW627XbbufSviDW9T17xLDd65NNcXSaRZWkb3Cv5sVtbIiRR4YbSFQYXHbHA61z+nsTqd8uVC4dWbjHL/ACnjpyM8AABcY6kQaN+0X4R1m2tY/FugG1u5VSG7vrdUaMAEcgqolUZyQM4+6STzn0nS9P8Ah/4kmS68M+IbGR9Qky8LXKRuAAcB43IcNnnJxgcjJ4PrUuIsDVhGMmlypJX6XSWrtolfps+m7fl1cgxUHOcJc0m1J68r1srXb1V3d6r3kvNnmGsjzgIXG4RzQKHAJKgf7xHT04x6dq3tXlt4dF8xoS7xTRR7zxuVYyBkYxwTjvzg8HBG7q/grU4JruKLyZkWcMpjYEsgG4FcEqRjhiGXjjHBJxdYs7lfD7wXFvMsv2kSqNh4UqQMnGcA4B44JGRxRKdHEQc6NSOlrWa+JWXLdO2l116P0BUq2GcI1ITvo7uPurltZe63dLRLXWzTs7Wh+G0NqhvpXXf9ptLwbR8wXcpC5AbAIP8AF2zxxjPnPhzT4pdau4Sv7s6tGkiPuVjai4DXIJwesKuR83PAxgZr0DwHusRcpLhH3TQoW6tkEEbeu05wcA4z2ri0vZLO7mnh2LcNqk4Q84dXZgwZ+BjBBAx/FyD1Hz+YYGVSneU7qStBRcW4t9ne61SaT20sz0sLiYp8qp8ijq2lr00Wis3a9tNHq9z9Lf2kvhF+y/p/wH8LeOfhlNpsXjW/XSYvsNnqKzzXaGIDU/tdiHMsMsUoI3FQpzxjkH8w5fDaxw6xGBtMREsWQPlXg8A5YDJIwGAyOvGR774E+JXhPwN4mttW8UeCk8TQLos+mf2c1ziGGa8Ur9uihYmPzEJ3A7d2ScscVUEeiarq1/c29n/Zuj6i8kVvFNmWa0hcs6CQrncyZwGBIIAJwQDXymFwGKpe1jWpzqRg1KMml7yfLdKze1k9dW1d2W3s06sIwilW5ud8ydTRxcrKStZKyvZvvvs2fP1roEb6fcTmEOYOHO0AhnGFIB5baBgnnrjoMh+mRahpjiXTL670+ZFQHypXCjO44K7guMZyQOSD944NfRMHhvwyPD+pm31KE3oa6lWCQMjsiMoRQG+UkjJxkjAxjPTzq50sZBWPaJTHGmwHG5hjoOc9CMBiTyCCDXO8C8Q6k/ZTpKMmtnHttot7Xvsrv1O1Yn2ajHmhU2bs092lfb0sl10tZaWdH+K/jTTo1t76SLWrRHwVuFxOdo5UMoAJ68nOeB6165oPxY8E61LbQ6nby6Jd7sbplJgcnhsuoAAzjknJAI9NvleneC75o/LazeWZ5wiIFfOW5ADH5TwQRjvkEg1h6p4ZuLbUbmwurdke1UkxunOPoVOTlvTpnr1rxKssVhG0q0rxa03atbR9tLLXpfW+h6FONKtGN4JXtbbV+7dO/mrJ212PuLR9K0jUZLS50fVbS8hJbCwyxyMGIGCVUgheeOMcEEDBw/VfDeoK6ypEXVM7/KyxKlzguBkAHI6DAOSeea+IdNh1XR5BPpd7d2TIQEaGd0UE4G0xg7cc/d2gAYBGRz6x4e+N3j/w8TDqiw65ZqV+WdFWUA8ABxnkAdOe/rgx/b1aKjCvZxbSbsvd0Sekb69l11Vtxxy1KXuRcX06LVRW7uvktVZr0/Rb9nj4aeEvF3ijwdo3jBntdH1S71NL6YTpbEPFb7rcMzkBcyZ2nO1mBwDwK+ifiD+zH4p8D61rJ0HUYb3wvp9gdTQ3Eqfa4dPndoowZidkwEeHIQAFQMjBr88PBH7SXhL/AEa21WyudHlMyys4VvKhk4w0UseJU5bPDANjLDIyfru0/aQ1PVtKu9K0/wAYQ6tYanbiC4W8kE9yttsCpBGXLS7EVSEXdtUnJ7gfOV4Zg8RLFYLExmqlanOVN1NYw5o81Nwd1az6K97vTQ8rGYLHRxEJ0p/uVHlnSnB8rs4tSjJW1Vu6Vt0eleC9S8aW1rpegS6HNPo+mS2xsb+BWkzb3Eody5T5XC7iSAS2M7skEV6r440SCfTdIvXMcjRa0k6zMoDAgAkSK20jbg7ie+e2M2vhN448O6l4f0+3i1K1S9jubeE28rCOQxxoikbWwpBbcTnGR82DnNfS+kaF4U1uefTdXitpontLq7jUsgZpnBUFApIYjgg5yeTgEA1+n5MqVbCXrVYtyUYxi2rKSt7tnfRbXSfRHzOPq1qGIuqLi7O8ouSVm1Zcsm7NJtaPdPsflt450SXxJrEUNhAkmp3LXSWypkLMIHcsQcYB44JySMAds+QzW81vP5M6kSW8jwSRgkqkseUdckdiuSQcMO45x9r/AA7t9P0z4ravZX0do1hYxa6LE3bL8gHnhsb+VZV4XqQe3zV8keJot2p6pPbHfbza1eGFwCVaMzOV2kdQO5yck5GeAPx7PsOo5hWm2v3lWonG/wDz7cbXt1elnZXj00sfoOUYpyowp8rahRpNSaspc0U7O11Ll2vppZWLvh+V1LsWyOFXIJyCwXnucY/QHGDk/wBO37L86n4HeAzkkf2YnQ4GeD0ycDrkE88ZzyB/MPpELxvGsgIDszDAHJUYxg8kZwcdOhGK/pn/AGW2J+BPgQnI26aoxg4wGHBGeuBkZ9Mkdq7uD5vD5liZJLTCO97ttc8HfVLZNaO3lZHw/ikva5TgVbbFWXzp31Tu+vldWstbL6M89dxyXxyfQEYXHoRlj6kkYUDGcwyXEYUqcA5HzY5465Jx79ckAHK9KptKPmAIABPYdB04/Pd+PPWs+eUt82eF6ADrweoOenH5HJNfY4rMpU9Yydkl8tt+tnfpd3+R+H08PGUopuzdm7O17cvo9XbV2Tvfsloy3oG4DJBBwe2AABwF645HTjGRiq51ADHOduRyeh9SeeMk5PQZ7Z4yZHITOMbgT7nqp3D8s8Yxnb61ReU5GDgAYwDyB0HJyDt/HA6DivnsRnVSMlyza2Tu9NHF6a20Vrav8dfRp4CHKk46baaa6W766dOqve51SakMrlgDgjPUemevXkEntkg5Iq/HqKf3hn72c4+XjPHYjqT0HTPBrgfPJyd546nAHA6kgjGSSeg7jAwuSC4kXO0kYBPOD1BBznnnr/3ySeWpU+KZ0bX97VK6vr8KV+vfS9kk/kSymMkrK1+V2vr0189tnf8AQ9FTUUIBLH5j13DtjBI/HgDBPB4xgOGpID8rBm5x/s5PU+3Hyrkjnr0NecfbZh1c8dc54/XnqcZGRxycClN7KSMsQcHJ3AdO5GRgkc4xg9Tg4z3x46xEaajFPbo9m7aX3u2tdnbXsjF5FzOzbXl0a0vq/Lu9+jR6empRsFIcZBwccHJ4445yB1JOM5zjrYGpIxO1jg9DnAGOh6jGQScrnBzycV5YLyQYYyEgnk5I4xkHHGQc5OOOmeAM249QlXOXYqSAMHqQSvGRjPzE45Py44rbD8fYhTj7RSSulu09FDzd9r/LzRlPIeVLlbe172T0t+XR2v18l6pFe/MCzDBAyM8j7oOcEAkngEHpyenN1LyEjO7jAGQcg+mB3J5zjjkdAK8xg1XC4O7ngE453D8weg6cccY6WxqgyQp+bJHJww4PcZzjJ7MRnscZ+twfiKqELc6krL3Zbp2jpFrvd6efqedVyeq5aJpuy0W60W+nmm97bX2PRftkWODk7Se24nsQeMZOM9OfpTUvUb5ScAA7QSeuOhOTtzxkt1zjk8Dz3+0XJ4kOAPuluCAD1GT98hjjPscDgTx6k2VLOGGPulycc98nvnt0zjkZrp/4iRUnP4VGLa11tb3ddW3azd7X02ZH9i1FF3T20snfdeXn5aaaKx6ItwjAYYheMjHBxjGevtjnHSkedBn5ySflJySOOuSBk9T7DrznnjYtURgAHwSR0bIzwPvZPpx6nJOc5qy18GG1TkZJBOSM457+oxyfb0Fe5h+O4VYxcZRk0lflb02tZN3vpqr/ADOOWWThJ3uk2rX0b+G+3fr08up0jzqCMHPYkjt6duMZ+Y4APGARmq7TIynDDB4BxgAc9ieuO+QPYDOeXlu5UGEJ4Xkk565GfTIHQ8MfUHmo0uZGIBYkDnIycgZPPJ7cEevGQMGsZ8cyc1BUpW11ctGvd67f5JeWlLLbRTTXS+t30eifwu+rd1bTZtM61JVOBuJUAYPBJwQSCfbBAJJ/Wp0cZAxjJxuOONzdMnIGevTtjNc1bXGSoZuCemOT2G4+hzgcA9cZBrXSbeACQOhycjPt04z06enOM19Tlme08RGE7pSaXNFq3LqnZaJXurq/e6e5y1MO4WWrtpZO+9rWb0tZX6aNPuaoK8ZwWDZB6nZgjAIHOSF5wT8o6YNSgDHB6k5BYfLngj056nr047VnLLh8+wzx6Htwc8jJx7gdcibcSCdxHGT8vXk4OAenynkd+x6H6SnjKU43bXlbXdL5rV9Ul53aZyypuO+l9076WSvFW1XRPpdPQtMMEbV3cY4wOnGOACB36nnvg4FSTDDjGcknBJxjHXsepzgjt34qQuSAARyOevB+vp1IIGeM8EcsIA3bfmBPAJGT3+Udzjt6c8VjVrwk7q26cldrRWsk7XtdvdfpfSneNou7W1mt9V2vZLTVuyvvpcruQrBiQfXH8HpkehHY9OahZCVJI5JOQMdPc4I4HfqQM9eKtkBcZzk8dAQcf3jk4b3JOQxPpSlMjjg8D5SDlgccjHygevfPfdivNquEuzu0r+Xu99ra3+XqbRbWzW61u7JX7aNb6t28tbMoqjcKQoAI4JBGMNkYHckY4xz9eXtFjjr6jGOQSOOmMZ6ZweSAcg1KV+XJ4DHnkZyOCe+M8Y9MAAju7GSdpGOBk9ie2Mgk9R2HAx3NYewhL3eW976uy2UVun0s/ddtLre1tHVdt1q1qtLaq+jd7t7LrfftUe2XhgzHJ5zjaScdc5ABx97GOuc9arG2AJyMYByGGeuD8p2ng8ZBbbwSABitTawIUkMSCe/fPHYAYJyPfAI5FMKBhg52qO2WPGMDHOO2WbsePmxnir5VRrfZV1vf4r3SSTevV33s3bprcK847Xs0rNJOP2W7Wvrpa9vTZ2oR25XsHzwCADncRhQPlGBgcgcLz8ozT2teTxxhflwMHPIyBnpnPGOhzz8tW1BOAhHXq2QcE45GQBheAeoGc5A4mVRgjk4w3y8kAdMngjJ4xznIyQcCsaeSYf3YulFvVWaT/l6vrp0d9LLYHiHL7Teyuna7bjva3T7k+12Zf2TuDnnkqAMZ98ZBA9M9cYwvJ9kBJLLgnJY7QCCBnGApAwSTwcdCeea1VizgbsHJGAvBz0GMEq3f9DnIFIUyWJJUHJO04LDryWyQee2TxkmtYcP4aLv7K2z1V9dOjW+l1dLZerj28v5pNpWdua3S2rS7u+/Zvcy/soBJKg9ickAEfKQBxkHAIOM5HpTTbqcDAwRhuuQB24wM5PbPB685OuoU8AZIyehAwOORjAU9wwycnnkYYsaDoAMdMDJyeBggDAGAST1JByBXfTy2jGMUqUbpXs4qy0V9vJP0atqiPbN2bb6W320to7O9vubs7vUyjAq5IYNgZyE5weflAUE5ySQcY75zmpPITBOBnGMEKef9n5UPQk5GD945PIrRCIB90EZPzBcFSDgjHqCM9cDoCdtGzOcgYLdQFI68BSc/xZB6Y6kAVMsto82sbK/VW2Sum2m+2mr1ewKptq29Hqltp2b2tput1qVBakAZB2n/AHcDcRwAMkg9fmHfng4WUW52gDjgd8Ekdsg8g8cggnoAas7QDwoA465wG/urySRnrkDOCO7VOFwQGGSACRuAycA9/lOCwwME89ulCyymnpG7Vr76JWV77pLreyVifarSSbs37tr6/Ctr7pb7u/S+pmm25UevzH8ME46hSCfQA9M5OKry2xOcnCnOOmS3pgnjPOcc45AGMVtNtUsSCg+9wf73yk98Y6jPGcdTyYioP3dxBPfjGM4yB3wMEcd8dKiWVxlFpxvFt2dt9F+HS/3LY0WIkmt0120totr6PrbyTXRo5xrd+FI+XsoJAHoex4x3J5xThDnOMY6EDIyR1HPQerd+MdRjcdFwcKDkdecYHb0AB4IGcg9QeahEQJPGGPTnj5RnvxjGePrxuGa4ZZJGMlK9le9ne+6/NJ3VraLtY1hjZO6vfo99Lpa2tva19L7JbNGcsZYEKAp75zyeO/OB6cHBOSAOKmWMZG4ZB7MM465bODkgsMYAAHTIHy3GjA6jPovIyDj7w6H275HHGFp4QAYAOemct15GO/PcAkklT15rsw+AhSfMm5bK+ttLPazTT02t1ttZTPESlvdXtfV6bNNvr30S9dLFZYlDbcHGSCAOAf4V7+uBlsds1N5agn5SSRjBOQMepHGF9AcHHy+tS7AEyvBxg9S2c9e+fQ/wr3244XODjBDDHA79c9z6Agds85r1I0oRu1GKdtHa1r2s+ml9dL9no7mXNJ669vN/C/u6JtPs11df7Ou0gL1ODjHXPUdB0BI5G48ADFMa3ZcseBwee46cd+MnI475Her+3jPABA54wM9RnuCQMAn1xxwRkLEluRgDjnOQMDnoxwckc5yFwOjVNSbjGCs2ru1rq0V3XklZ/PZAptWd733TW2qa1fppfbZmb5DAZ/HGTjAJ5z3znpkj6HNc945Yw+BvGLluYvDmqEcZ6WkmB0weo5GcfTiux2Bc5yc8AKOevGBz0AxzyQPcY5Px/Ex8C+L1IGD4f1IMw45+zOMYJxjgZPfJ5GMVniqXLhMU00msPVfz9k9W1ezSfl36o6cJNyxmEu0/9qw2/d1qae/k3a2vfU/FT9k/VYdF8P8Aje7u4/Nk1HxZEILeEg3U0hvrjbtUYYLkjJxtx0NfT3irTdQ1HWbrVNVlCTv4X1OWK1CkmC1Fs5gRsk4fGc85OeCduT43+yvo2mW3h/xLqU9tHcXUGtIsUpXd5RF5Pt2ggqX5PKqG7civoHxlqrP4o1axjhcfZ/C1yPMICs6z277AThgSCCTg+vFfyxFynQj7WaVJV4KNK9/tOXNLXVtp2VrW06XP6exNSKzaqqNO01SftarSskoUElCKdo7xcn1fZn44ab5K+IpRMHCC5vWb5WLFRcSHHBBO7jAHPHvz6Le3djbabO8dtJLIXYLtEiryFALAjOT7cAg9AM1B4S0uObxkgkUOjTXm5GQbSVuZWOd3P0IyPU8cereINGiMMMSQxpuvSHYKgDxnGR0GBjA4yBzktjFevhMc240layjHXmad1GPyv2ae+7s9PZxtOnGtTk5S96MU3F66xjps9O6ultZaHmVrJDcxQI2myA/Z2kYrl85QYJLblyGztwRg8dhWx4Y8War4d0+402xBSxvPMWRJLdXfcXOV3FTkkYJG7AGD1r0/T7GBLaMGO3iCWsiLtRVbKoeSQOcnqehGT0HGBosMawwK0ccu+W5/e+WCVJcnIG0DOM4I6YPU4IzxOOclyyitHZtNtW0dpWaknu77W73M4QpuMrpuLcW7622tdK1tt9dbJ9L+S6hqs66w062O9Z5otxZVLMUGclcFQQQcj1AwcYNZ2m6vcPrMezT0RjdtJ5oJDrEzFXLbcLgAHcBx65A49l160s7TVreNVRlcSSsDGuQ/lLjO4EhgenGQOxwMcj5FsJ7B0QKZVuBlIwCxLnGSFzySM+uT0ANdGDxEIqKikmpRuve0fu36u63vtvpZWvy1lF8176Jq6bVrW7PVau6/XQk/aijZvhd8PgDzJcXQCjsFjyT6kZPJOGK/KMjOfCNNt520nR0jIQNZE+YGG5fkIwNxx7Huc/LnHPvn7VKvH8NfhyA4P+myImCBgvaAY+73zz6nJ43YrwrQZjJpmgFxnzLd4yzEfLsdlAx3zwDyM+9fUYCLWKra3UowlbfSSje1nvZ3Sd721Tu0cVOov7Nozte2Iq6tJtWmlfyla6tdW632XofiLRtZvPgnqkLMn2OCJJZJBgvkTEbR0OMjLHHRgPmxX5yeN9Ed7+1hJ2xm1RnVV2luF5Y8cEDrnBHGcnn9XpVjPwZ8QRtuw1qyrGwOMCQgYOBjt04AI5PFfmz47ksrG/E145Yw2cTpFHgFwFA2kjHykgqT746HIM05ack0nJunBNtK60irR1WlnfvddToyatKqqkeVNRrTaUezjF303aflt0s9PHrTwWdRnjkeSK2tIWBkuZ8RwoMglgScuwHOBkHqQQBVXxLrmj6DOuheEbaG5ub3y7a91i6UNM+7hvsisMRoDkhifu/dNZOveI9R1aeCBX8i13qILWIbI1RXAG/BBcnnJbI9BzUcukxXt6t3NEZLy2mhRI0GN/KqAigY5Jzhe4JzyMfN1ans480trrdu1nbe17ta3V7NdG9F9PTi525lp7rUNo6JSvJ6yclFXUNI6n6aeDdPk079i/XBI2ZJYdRUk8Fmafd94dcjOME8d85x+dHgawnu7y/FvgMbcbjnIAJILN2JAPQHOD6fe/UGy0+ex/YzlklhaIk3zSxsuCqvkLkMAflJIAz9OK/O74aWbR/bndQryWs2HbjBRmxgjBIBwc5PzDsMZ9am5QwNB3s5UoSiv5oyaael+61vom9T5+hOP1nG63tiJXd1G1oqNnbRa6X0tpucHrej3tvqd0xLboGVVzhQ6heo9xgDJ7nGTXVRW0tx4e8JNOUDxXOoTFcbs4uEJbrjIBJ654B4yTV7VbSa5ujOxV4mbyyCd3QED+L5uDkZ9M1NZadd3FnosFrGJZQ+oRxQqSzyGSUKAoH8WDnPTvkYIr08JX5U22/htpptya9Vpe3Ttr0MXC/smmtJu7d3o4WTvLW8U1f0v1188125tH1+8YOZIVeFSFJGHGOF65BPUckYK45wOyREf4beJWiTCDVrNAWBO7du69h0IAJ5IC9+Oem8IXtlrWo2eowi2uvtCYglbMqbvmD4XAwoyc/wqMnjBru7+yXTPhf4ktlUyMdXsi8gBJOd3yjngEAZBPGBzkVtWqe0hHlmkueLvu23KLStb4WtVd3S262xv+8puSbbmmpK/wATktHZ2stGrdH2sY/wRhCanrjbo9qaTqGA2CQFQevru4JA9jxin6oVi0+4uG3l2ikRWXdycyDAzyAeg6g5OR0FT/Bu0tjqevwguko0K/lAOSOEDbSRnJBGScj5ulXfEEfm2MSQqoBgBkGCNuBJ8xwO59hkk8CvbyqvONFxStGD2vzO7Ud07W012uu/KeVjoKWMTd22oJJybXezT1TWjaS72sjy3wa0jweHolBZ5NWbI2sSw89SVDEfNu+ntjIIP6c6rCrW1qNp4tLMFTgdYQM88kDGCACQMccmvzE0qC6gGkLFcGJYLg3SyqAfLkjmAALD+Etx8wHp9P09todSuvDGkaq8kE089rbNK+Dgp5Q25PReOGPAz3OQa/SuDaqqQxkEm5RjCT0V7RWtrO6adrOzTS010XxnFicZ4GbklFVJx20/5d9Hdbd1to0unzn+zDahfHnxrPlsFXV4lPHcuSOgIGcgYJGMcAgCvpPxBbjYyFuCBgYJJO459fXoMdMgV8w/AddUTxr8ZDa3MduT4gQS4Gc4KlQPqTzxxkcfxD3XVLrXzOHaaGRVAXD4CrzgZAJJOcn1zgE84r7bKJtZdT0bftKj2Vk3Vl0b1801rZW2u/jc7pt5nUmpRty4fR6aezp7NX1evRXXXv8AGFhCU/bKnwSNvh0M2VPynarDgcZAGOD1+mK/QCLtEflVsPnad2GGV7YODnpww7Z5r4M0mC+u/wBsS4Be3Sb/AIRcZbGUBK5UgD72TjAC+46gH7hex1nMbrqMQVEIYrE2FYA4BPGcgY+XvzjrXVldT3MXJRk74uorLbdLfTbe2q0DN4tzwSdl/sVF621XLH5p6J7aPfofGv7TjKfih8D1P3m8T2YGR1AnTgj1+U5wDn0C8n7lu7tYoZBIVTaVJDDJORjIbG3HU4A6DBwK/O79pm7uE+L3wHtprwTynxNbvv2kAHzl+XkYBBwcd8EEAAivtbVrV72U/wCkXSor4cruCjLYHtyM4Xgc9qywNe2PzZuLbdWgtNHb2MUr9N766rf0VZrSvluSO90qFezS0v7e601S27ppddGj5A/bCdl8BROzlUbxNpbYyo+V7uEAjHIGDjqc/L3zu+zfCdzbx+FPDy+fbqRoWlZTzVyAbRPvDOdxY/hnnkZHwh+2FbLa+AhI9zOQviDSoxvJwRHcRMGVc8k+/XuAOR9keErXRpPCXh25kt5XmfQNKIBLkOzW0QLYHC8HGeme3asKVSf9rYxLlu8PQ3bukpTS9d27LysPEYeMsky+7k7YvEO6tvy0vNJpprq3bSz3M743TxH4a+M3t5ImI8MaiCEdTj9xIvIB56sOc5+7jIyfFv2SdU02z+DXhFLy8ENw8N6TFIMjHnEkgjHzMT3GT90VvfE4Wtv4A+IDXFtcW0raRqiws0khQxCCQgCNicKCTkjr14wRXC/s1wn/AIU/4IZrZJUltrstJHCzuoM5yoYhgTx82eB0yORURqS/tqi/dv8AVKjd+idWmr331SW/ba+48PD/AFerpt2/tGhZ7Nv2Um3tfRdPlofZ+neI9DlV4jehSIbkA+WwyfLcHJ64/HIOM18N/suXthbXHxjaW7GZfHupsoYOQR58oAOMnkHI55AI7ivqm0ht7eJmRAN8Nxl5Idu0FG646MB03AdhkLXyf+ymsDv8X5DbxyKnjq/G9omc5852zjGePmJxjAJBBr0q9eTxeCi3BO1a9le3ux631vbV7X7deHBYaCwGY25lzPD3b/xJx16Xu9bO2rex9SXOt6TcOtv9pIkME+1BE4DExlcFiOAOc/0zivzi+Fmi6bqfxW8fxXrAIl5qBjPJ3E3DbVGDn7v5A89cV+h8lrDDevfXG0QyJMIMw7SmI2HyjgYy3QdsKzLxj82fDXjDQ/B3xP8AE91q87wWer67fQRTwwSTTAJOSyxpGNzM5PAxz6Ak15OZ1qaxOFdVr+JK76KNo21b6u/rfXqe1lGHm8DjnSjKUnSg2m3Jtxataz1e7vsnZ2GfFjwBomjSrqljYiNry4nMjThvJlA3ZKZypDepODkg54APFNvAz/AzyoIFCafqADDAHynHA4Azu6AgDgYPSvbPij458CeMdG0zw1othfyXI2397q1/ay26wxFOQI3HG49gQDnd0JA8n8cwWEN38Fo7Z9yLY6svCNyEIAK+ucZBHtyea8apWpSxM40ZKa0vJ6auUE7W0699X0fX1sMsSsLB1ouMrTbjK17JKzfLd/iut9bkt3apa25uZFgSK6kutzA/K23dhifYgnGOp+pqWKaJfATyO0DxNaX2zLZx+8Q529enXkc84PJq5rx01/DsUKK3mwxXEoYhid4JJQjJ/h5xjPtiuXnW2/4QZLHZI3/Evu514YN+8cbQfUEkEMe3fjFelSkoe0jf3fZ36N814XirLpd2b06yOKFH2jpyaavJNO+jbcLp6X01e/W70Z88aLLbP4s17U4ZWVYDECEj2oxCDd1BzyNvQkkf3VwfUfCV9HLaeMJDJg/2LqUpDoASHjUjoBwMY69MZB+UHwLT4NatNb1O8kjngtDcqqrKrFXC8Ku0ZzuGCeeflznANeqeDob9F8XJeKxEugX8gXa4J3plflPIAznp0PQZxXkY5p4aT5rq8LXundSh73mna/fR2039nAwcMTLa2qktf5Vyy0vp672flbyaPTYryzYWqoZ7yNowYV2n7zDO05BIzuPBz1A27q9I+Cel3Fn4307Rpp3d4tUidt64wJEb7pz3/i6jA46NjJ0bTkitrCdLOYiAF3Ykqp3Mw4/2mAHy4OMZHQA9p8I7PUV+MVjeypKbYXUMuzskb7gMqeSVYYwQcrnkZzUwThTnVurezfMua+nuttNap3Vlf18zC/tK8aeikqis07qza1s0nq9NL2tfXr5H4seDTfG3i63aRWMniS+HlOGBxuOex4yp4zn+IHkCn6JeTC7vZLRlUfY5YguCAQ2B3+Xk9duM9BuwKTxDo1/d/E74gT3UcggbxPffZRJHnIDb/lAAwTjJ6k9hmt8eG7m3028mWKTzREpJRPL+UuvByM8DGQM9eCeSe+hVcqNK7s0o201vaD+96PTu+hniFyc8I7X1Vmndcqund3u7u17Jb63R4r8U9RGi/Fi0uL24SGOODSpC7vhAVgic4yQAeQfXGfQV2ereMbDXJYL1b2yngQ5RVkVydsYCsuSfm3ADAx647V4h+00st18QILQReY7W2nKwd8Ng2cK4yPRshc44K++aXhn4e6pLbWhkktYBI0eN87KY41YMwbDgKWH8Xck4IJr28NWjSpzUuX37W3bbst9Nuummt9lc8SphZVJ0pJW5Em9G9WlpLTbS+1rq+lz6z8dXn2bwz4Ik89VivHYr5ijaA+M5AGMDgAepxjqKiN1atojQPJDLGlvJKzIwDFuScAHnHTGN2eB6VyXxlWRPBHgK1SWOAWZdBMJcPKyLnajFuVbAII65wScHHl3h5r17S6CxXM0NxalI2ku1GHydxwX6A5GB1zj3qcNWhGNTnaS55yV20pXabinZuz67E43CTqVKMaUXJcsY310ta6Vk3Zta7bntHgjxJbz6f45VC5jtfD9wV2/eQlGQHAxgMeDx8x6E4NecfD/x1qou7e2NlcPYr5fm3bJI0caGRclnJ2lTwMDp+eOm+DGjX2qL4r0m4vdJ01L7QbmOW/u7hGWxhWRy1zdBMttQfMBkkkFs9q6F7vwD8OPB+seD7rx/4f8AH+t6jp6HQr3R9MvILXSLouJGaS4VQZzGDsILkEgsoPGPLxmdKFWFGlRdWcZRuoxd+WSWrklbZaOVvXU9HA5IlRqVa9RRU1zJNKLbSWy/lb0vbfXc9C1e50ibWdG1YsBcoZIwxGwKvlEoUGBjHGACd3AGeK+Xp9SttL8TX13DIkk39pXcrqSeVaRxnOc5YDB4HYj7vFbwd4t1vVvG2n6TqM02qb4GS3FvZ3C20bQxk7iWHy4HUtj7xDdDiveWMOr67qFvZ3MYv7a4uvtca2k0pjPmsgTagYsx7D72RliCQa9KGKguWVSDi1CLS0u03qrN3vZJWu+q6nFLLvccFKKTaSbaUlqtrK17WvZ2Wtt2wuvHt5b+Jbe7DQGGW4srZI1d22b5kAJCkrxzlsDBA5A6++fGvXb+38ZaRZkr5f8AwjOmXOUZnAMlvG25gDjk55PIHoOniGkfCqNtbtW17V9Q0m2S8sb13n0a7VZgs6FbeORowAXHLf3elfYHxz8NfDKfxPoVxqHiOey1OTw5pcVtZ2ttKVntjEqrJMduRIU+YLlRzzy2BhVzaCxFJxjJpRk/cg3azWuibvZJ20V29e6hk69hNNxTbTve+9m9Lt3eia0vutFdfOy+I0uBHEZ41RRG8jb2Vd2D8oOdp5wWAORkdua7DxdeGb4YeGLuMpuPixlijQgtIUOCylc7jng7QNvGR0xHpvh34Iafr40jXdS8Rz2kkXntLBayuJnjO4QLtUlUbleSCT0IIFXvjnp1nb/DzwTd+DY9Qt9DbxDPdWOmx2M7XllGjkLJdblZis5O4AHJye9aTzZTr0ISpTs5rWzjZKKbTu9Iq6W+s7vZGdPKlTpVZRnFyUUnFaNOytrdJWdrdJSbXTTk9RuoIvD9412HSczFyCclcqRj1wOMgd+ueN3a/s5eI9POo+KYzOjXEPhLVXkdgxwoiJQAEfw4/EYyD1rwH+zfiFrUSRnSrqeGSRkEl7i0gYtwrEyBcKAcgkgZ7YzXvvwT8Ax+HNI+JGuanqulnWLXwpqVve6ZYut2bW2aJvnd4twWXjChTk/WvTxOYxqYeVFe65QUYpa3bcP5W+rdm7X7rc4cJl3Jiac5zsop37vWLtZN21e/yT7QTa2bjw9pc9pcLOJtsUixRF0VVmcZbGcNzk7iMdc4r27wlrlxockTWk87Xk9vp28xKY12NdwhwX5yuPlJxjPAGTmvzatfizrnlro9jcRWljaRSRWssFk/2h4zI+N4ZSpbJJL4zwDyFBp1h8TvF0eo2ttPrWuSqlxYCMhEhRSb2DiXaCTFjJA3AgkjHPPDWwkq+EqQbVnCSv2va+id7vpp0PUoVqNLFpxrKTc43StZSTikk9d7btX0e97P+gL/AIK6XX9peFv2RL63aYuukyW85ALMJHtrVjzzzkYGSTxjk4NeLfD24v77w1DKsnmQqmxGYH5gkAUgZBGARz+WMV69/wAFP7q/T9m39mHxXaaYNVudHsdCa4hdwkki6naRhRG3eSQrzyB0JK4xXwl8OP2ltH8MaHZ2HivwV4q0fCzPKYbN761BKYRt8EbcHGeecc5Hf6Pgeso5DCi226dWrBtJ2SjU020V072etuh8Hx5ltWvmsa1NRlenGVlJcy5uW75W+Z6J37t6vW56D8M7t9K+KnhLWL4odPsvEHihrottJVVjizwOdyjgKQCSwBJxivu2+/aE+Gdy8sC38qQsrwrcmCQBpc4EfIGAHOAWGMdgRx+XelfHD4Z6hqOjS2euwW1zPrPiCSW31CCSx8iO8hVUaUzBcHKkcc+3eptOurbXbqVrLULO8trjUHVZLe5SQbRITvXDZxnJBHOc4x0r7GOHo4mMZVKrvHRJOK920Hrf3mn0tZvv1Ph8Th6lONJvDzvKm03ayWsWrtrV3e61as1pq/q/x8bO6+LeiarZujw3XglpoWxjdGruVcgHGSTxzgZxgda9U+G/itVilHmBRkrOAADsXDAgepI5IOS3AOQGr571EMfHXhmEo1x9n8BCNVViGCh3LDOepAJB565Oep7PwugsVvopBKnnRF4zuOVGRkLgjPGO/wB3sckm3QjUwk4/ZjOa210UeW99k/xOWup062Hkoy0hBb2skk9b9Fqkk79UurtfEvVba++JLXlmwwPCtpGwAyObl+2CR2z+oJxn47/4KBTrD+zLLAF/ez+I9NZWOc7RJEWJA54AGT2P4ivfvEieV4/mEc+WHhu1+R2YE7Z2fAXOc4PbjJGScYr5t/b1lM37OEImBEkniKzwBnAXdHgDnIzwxOevQ8mrdP2eQVFzaRg9Hva6btr96s/LXesJ72fYVtPmc6bvvFbJt6O1356NdNWfj/pc2+1aLbtUREjBO0gxhS2DgYB6A55JPGDn9J9JsQ+hfCMqREF8KwNJ33LJfhcDIOPlOMEZ4wM9/wA1dOCmHkEKtsVPGTkjgY9OeemcEDutfqLpqBdD+FkfQf8ACGWTqCMfe1BSR06Z5wQOc4OcGvzCum1OSXM46td78vney0vu3d62aP2ei2nSi7rZJqzSa5NLdde75X3Vz9mv2i7Y237E/wAMAEHlp4k0tSBxtVrJADg47kBgCcHPJ6j8Yrazk0/Txqts0iSx+NZpEMeTuRbny8OARwM7Se5PJOc1+2H7ShQ/sVfDC3KOAfEmhEPyck20Ix79yMDmvyqj0Qr4YYpGhz4juCylc7m/tVWPAzltnfv83HANVljbwFSb1XtX/wBupW0uradUrrsu5pVm3i/Zq9+WL3s27paavRWvb8jzy8v4dVj8QQSp9lurnXrGYOgIjKiSMOTkcOWyVxjgnOCtc3rsM3hrVPE19D9qsdS027026tLplZHZWiRlJ4AZJFOMncvOcHBK9n4k0grF4luLUAIms2akRx7XjfzlfO7HygMcY4ByQRkZaTxzrtvrmieK7PUxDb6ta2mhm2mZP317DbQJEIg4AQvwWznLDPJJ5yu5TSi1K7UZa2T0hbSV7t97+fVWuaaUnO0KiXuNbN6Oze13f0vstBNG8UQ6v4a13RriP7Nrkz22rPK5KrqPmSxndECB8wzjaOgIA2nFb1nDJBY6rbMdt1DaC9dCQCp3rIqgHuArEjJ5HHTNeW6lazW2m3F9Cjzq2h6dbiRUKyw3BRXUq4HBGC2V4IHPbG94R8Rm1ums/FF0ZY9Y0+G3g1RyAYnitWCRTqFzknAJ55wQSeCnTSb5bt6XVkrO8U29rvR2b6avdXmnUlJwct+aO9lzQe6v10as/XS57xoniy38q7if9/8A2g+mzsBtZcx2EqH7q/d3HO7IwQAQeM43iq6a5/4V0odcPfvsXG4kK+Bz1HB685xyRnFc1oNuYn0yS13SRz6ZqE32hQDHILRWRSDyMKrdAecnPAJqlr19PK/wwYzBQl/Ix2gK+BKeo4ONvfAIJwcbQawVJcyak+Z3913SaSs9fyeur7Xb9P27cHF6pbWV2neN/Tf9dCDxdNJbL4ugjQMY9VsHaFgCjFht5yAASDxkjJ75IFeFa/o8Oqad5qFUmi8TMJLcsMxsCjxmDuuW5BHT5T16+weKp5J5/GkrSmNY9V0t3GG+dTIm4Z5BBB+6Tnpj1rg9eWza11G6QSRx2PiCKaXaNp2yIoBJA6tkjnA6DknI3p3jBQSvFuLj5X5VHte1+vRNdDkrRVT3uV3UW0r21dlePfdKz0trdN2OH0Hxu1vqHjHQdXiku5r23srOHVbhWMtnscLHFKcYaMnIDkcYHIrvbjTbuDxHpUUrGTyoomEyABZkubctlSPlwQoHGc55HBA82nht573xTFFGjXkllZS5mQAbpOWXIGecjaW5LEYx1rufDWsi31rQ7HxLeqtgF8v7QS3mWrwwsIoHYYZogTjcDjBwcAcazi4RTUXdpWVkk9r2f538mkjlp1G3aUm+V+7pZ35k1ru+qlfq72b1Olt4GisdAYKWLaXr65O0gkE85GM4A4IYAjpmviv41PJN4s0u1SZIUfwpHuYkZBEknKkgAbTwBzuBz06ffQ09Ut9EPkMI4NK1uVWJZFlhlYmKRAwyQwIIODnrkgV8R/HvRbaLxRp1whm3DwkrbQnVy8gKsMcDBJJHdQBwOevKqsHiVGWl1KOvu6pLVNq2t7Ls/UxzSlOWCUkt5Qb72927u7W7Wejts3a3pn7DLSR+LfGUUogdF8CakMrtG5duN5IOC5Byx7njrye7/b8iRZ/hnLGigf8ACE2oAJUqxVmYZyOO3Y5HsBnyv9hpZYfG/jJdj+W3ge/VcHOGYDkjnjJ53Dnkn1Ptv7etvCz/AAvWbO0eC4FY45AwxAwpB4yQOpGRjONxmMbcRqUd1HRt6yTpq2uyb8vv0KpNPh1x0d5N2dtEpxS2X+e/mfEvguSaXQ/EqwRrCkugxNMVCgNhyGBxyD3A9BznkV5TeuVlIeSQhLmMFEf5OI1yuOhAHQgAgHgkYFe4+B4LEaNrUUcjW8c+jqkkxVtqkvyeQMk5BxnjnGRxXM6r4K0aExTya+THLPFhltj85ManHTGeRkZxnB6nNfSuVOFerFtyk5RdrNpOy0Vla6eystm29j5uvQrVaUWpP7O72Xu/DsrarZ/fu863Dt8K/EyCNkjfXLZ90m0Fdrfw9wByAV6A46k5+1v+Cbd0kfxb1VoUUBfBuoox2ryzK4zhRwTyATyTjt1+UYNI00eBPEdlFq7XMcmpwSTSCBh5KIQFABDZHUk8ccYxxX2v/wAE7fDNlp3xR1W7stSNykng+5aQPGcLvZ9wwCB0xjPfoOcHy80rpYPFct7qW7XS0E9lq3e6TXV9j08uwj+tYWUndRgk2n1bT0fXrZOzTseMf8FBLZX+NEsjOjldDto9h2AndAjAY4JJIHc/zz4J8Sp5Z/h18KVuGiijTw/dW6hUG7LXbjIPOcck8DnOMjgfVf7dOiWGp/GDU7ltQis5bbTrVVRonYuWhRCfUHDEjH5c5rw7xF4Nsdb8D/Du1bX4RNYWNwIkNpI32n/S3O2E4OSF68Egjpxz14GtTVDLpNO6au0k96aSWzfbS2+rXdYzCOWJzBxUfetb3kr2cG0tE3prZrv1Vz5TaX7Jps9kXdys6JhSo4MeDkYOQep4wTyMFRX0X49M918DPBFiYhFb28kskTEAMflYseRgEkE4IAJz0rl1+Hums+swjXLa2mjljQvc27KkR+799uFI43dTgepzXtOraHazeCfC2gzataXtpDHcBjbqJHlbaS0kCjJUAgY5JIzkkZrqxNWNSrh6kXJ8lV2Si9kmvXVXkraXtuzyIYepTpVUp6Sg421e0k7OyT8rLya3Nj9g9PO1rxwwjczt4Z2ncpKMwuVCKMLtPJ54AOD1HIwv22rGbU/HvhLS7qO5tQ/9lxTyJGzLAJtkQcrg42glznuMjHQfQn7IvhLTdH1zxJHo9+14k3h2OWdNoVrci+jBjYABjx3z0A4x02P2yrzTBqD6TPaWban5+hTRXhhAnigZUQnzcEqiseRnDc+xrxsTmU6WNrpR972KakltG11zXV7Ws0vk7bn0MMG63D1KLlGKjU3fwyacZcr3011trd/I1NX/AGZbZNA0H7L8Q5DZWXhSw1GO4lsHkk5tVEsGUHybSSoLHBCjOCa8y8b/ALJWiWPgPwjqs3xTF7N4h163g+zpps4NqLib75OckqMkjkADHQE19baB8NdQg8O209trOo6jBeeFbNXka6K20LvAmYlSRsOsYbohO3bnGMV598WfAl74e8FeEpz4ilu5LjxDpqWsMd1GUtlk+UgLnCEZAYkjPII71+Kw4wzirjXh1nNX+PUgoKlScoxWlubkd1otX7y79vZqZFg6WGVX6pDSlCWkmr8/Jtqk1bq9ddNTzHxf+yzoum2lrY6X8VbOe7uI4IkeexlzHHb7YncsGwGZmC4LAjAHQEH46+NnwQ174Va/ZW+ua/Za6msW01xZy28bBjbx7WDMGJZQ4OQSeOBjJOP0w134c6joekaXc6hqk841aK5+zzyywuFlE0dwFLEsyx7Aw4G0k9ckGvkT9seee68SeDC9/Fe+d4bLQiIxsYl8tQFZkXKuccgnI6n29jhzijNcZmlDCVsb9ao2qOonTjB+7ZJOS3vbTRL0OXHZXg6WHnWjR5JxUElzNv3lF2acmtU01rq3ufAi/Zf7VjZkcQhlOxQDhi2FI4JJB6gnOevv7X8Mrqy0/wAY3F/B9sXV7PTP3Jgi85n3ABgUVWOADyeoUfn4wY3NzbRojAqweQ5DElWyzHjJU9eec5OQWxX0N8B4nl+I+oTlC6jQbh13KDkBQAS2PUcZJ4OR1YD9pwMozxNDlaWsW2ukXyt6d1eyts16nw+JpyjSryVvdd02tXdJ6Ppay630b0PZL7VPF9n4fnXTdRS6t76f7Vc2s1nNHKokO7AZR8rZGQRyP4T61YPjNrdi+krqdkJYtNldY4zBcZEroqsGzyw2qMgDjjOcgD0i4uXjtdJmPWe9WKRSI8OsTv1UAkgHHBGMgHJwctt4dPu7nxC13YxT+TIrxbo4/wB1lQSVyM5bGcgg5wcHmvvYUZ88Jwq3a5XHmV3G9nF3Sd10td+9bfS/y08VTkqkalNfDFvltqm42dr91q7eTtpfi9O+LujJZ65HqTXMU2ozySW8ItJQkWSrbeVGBzzkE45BFb0XxB8N6pqGlFNSskijsdtwrgwlWA6ZbG7PQ9x1zjk6EfhnRbqLSYJ7CG4huoLiaRWRRIGAcrhwM7cYIViM9a46/wDAmhXVlJcC0FuIb02+0R5DIXIwWHzFVwO/B74wK3l9cW8IV1dW1s29Hvb77Pa/az4L4Ko1aVSm01eKs10fVO1rNXT+Vt+50K90281OZIpbcwi1u5FaKdXQllONpyN2cjsCM9eN1eQ+PX/4o7TSCyq/iBlXcRx+8AJHzYPODkk9ScYGDrj4cQpqTDSpZU8iBm2WlzIjlQoZiQ7gBWz0x0GTjiuS8ZaLqGl+F9LkuLq4mtZ9cDww3DAiEhsMIyOW3MPmJAHO7kLXJicRUjRqU54acLx1mvhesba/yraz2eu9rdFKhB1ac6dZSakpSTjZy6JXunbW1nt0tsfpn+zpcrbeFX2sUM+iXMKnJDDbbhs5/wBoA5OcbgPeu78dJINK0y7kjW4S2tIHiZeJlYscgHAfaR1GO2eRgjzL4Bv9m8MxmaElU0OS4B3f89owgOMdFxnnr2wADXt/jlrU2nhjyYg0NxYoJwD99/LBwV5GQTn0/AGvzrHcyxjsrNSSXTRRj6avW+29z9Jy6X+yQurWjFdrOVldXtonvZppLzPmSWMXN3PdowPmXURCkAurEp8rkjkjIwcde/Nf3H/sGo6/si/BFWySvhuQEgDp57fdyORz6cH8DX8OhEcd7fOoKBL4KIxkgbnG08f3ccHnB/I/3K/sHKD+yD8ECSRu8MP3IOPO+XBGCD0x6AcHnjwc8lJRo3etkmrq7b5LtNX0u3ZdtLnXipJYendST9sotrZq15OLs77X8j6wVAoOQVC7idpwTycE89cncB3PODzl7cnuTwRu+Yk9STn0/unrwSCSSVI4POOv059c5z9fXJ5NLjBBUjd3BxwTxnJBJPK4Y/7o6cfMu+8dXbbd2uttbWfVv7+3FBQa1bWmt3ZaOOl33d3pte3a7BvOR+JA5H6jAJHUcDPGehpmSpBGMYPqeSSMEcAggnJJzzgZPVxJ4wRg8ddu04OSMYzz1x/CSfQ1GGIOdoJyMYPUADoPyOM5wTwSc1STe6v3dv6Tt1emrWiug0k09bK/K76taaqKte/a226s2OZjkAYOe5BOMZIAOcYPPJIyO44pT8w+QBs9zwMgA8YXIBBzyPT3IaSctk5G0EEgdRgEnpjGAcgk4NPI6MAeduQA288AHGRjHXaBjuOcik10XbS+j0s15q91fXXSxon7qjdyaWl1qnaLSs3s7pXfdJ6boEfIB6thjgZAGSuQv4Hgn1PQHMuzAPGduSDznkYUNgY5BwTggcA8ZpxCudoHGWHB6jOCRngHg578jpQFQgEZDY28DOdp4PPX6nnp0xS2WyWqb121S0tte179LMVno92rNK93uktLbWez82nZIYyggY5K5O3pyegJBwOO3fk/Su0YODk8gYPBO7lRgE547k5BxnkgZshdpYbcA7j14IOeRz04Yjp25JBFMZcZY5BJwu7+Ie2O4z6AEe+BQmk7Jp+X3aadPTZX0e6pNPW6Sevnra9ttrXvr31e1dlIJLFvm5GFABA4yNwBBxkAHr74xTHCgkrk42lsHAI7dc9wCAQTwQRjNK5Jz0cDjgklRxx1GDxnIOM8EZIqLdgtnOCT159zj2OemDz1IFWm3q3q762atdJbJr+VWu9HqUlzW962y1eivbotrau1r3sxOQRtYZwe2SC5J+U56jPUkkE9Dg08YGMsTlh1yMjJwARjBxjkjP1AxTlYdMbuhAwRgc/Lz1wTluuCMe1O2AMSWJCsSRkZ7g5BPUckA9wV5xkr2kk/htdXvH4rrXV76vTbS+iJ202VtWlZvbz+Lpq9Fay1s1U4bDcKRwMg8Y3Hp6/3SecZ5xmo280/w4AJKscZYHIwcnjkAgbVwMjbzy/aSAw5xknJx1HBwR8xB4x057nILQwKhMktkeuDtOcdBggEZzjOVOOSaSk7uUbcz3svNN2Tat2d9Xrs9SYyk22lvbbtda6pW9X69rwt94DAwVySuc7iBjnnOfXt0A4zUZ5B5JPIAboMYxg5BOQcnPUZ7ZKzMMgEDIwSB04BxnnHHDe5PAOBkNKAZwd/KlsBTlegGO3Py5yMnnNW6j6XWiV9d+ZK97a6fLe11dj53F2atpZLe7srN6dtLabN6dG5ZyMYUEHAAPJxg88heevXpwvzcptcYCqQGGcHtg4zgEd8HHU8j1qQAfKBkZyNx46HOACMdjjIwAOc/MQwk5IIyRwCeCOmWwe/TtjBAxjpN3fte7f3xbV1bfr3t1WgJNWadm7/AKPVvunbz22dxzBsJyNwySBnI+bAGOemOR0GBnI4MbhgCd2WAUY4G3I5yP4sYAyvfj6KSepHIwAc4G1e/wCpDA569ACKa+cliARtCDBAPAAHHfuOfr0FTzLXX1ty6tuLVrtpLS7s7XWu41p1XR/jHTr+HbrayYQDt+8eGySOo5647DpzyOM57wHG7gvtOcD5sDoM7R0Ibr0P5VKDlQFByuS3PQEkHv0xjHQYxjJ4qMgrkAkEMAB1zznjsTgc+3brVRdtn9m34K7Xe3ns7+VhSeiXov6v06fe0JuyQBhCAOepwcd84JPOf4RngDmmOHwwBB5H3v7wGWI2/Ltyew69eOKeUw3TIZQD0x9Bzn1yQc4JyRxhgXJJyOQT8pYj5T65yB3ORggMFBzgXvtfS1rvRW5Hbe/2b76X11ZVnv2Wl2racr7vez6jCfly+CQRkfMGPY9OME8A88Hjk5pigHPUkggKRyAM5PcZx0PQge+A/KgD1I9OxxyeMlcYABJ5IBxzhAAGIYHBGADkHJwccdME9MYHequly6J/Dv8AZdo2snrZbtppdU3e5aWsdd7L02VuunXRvYgLYwAwHUk4Bzzg5PBBAxwxHqvcVGWIwSynBAGASQwznI6kE9PUEYwKnKhyxAJBJGPocg/MeowCCTz1B700ooIKj5V4GccnBxjpyc8k9jgg5pxqxb1i9ttE18Pkturu3r0uPTo7Lta76eVul9/IRHztY8ckbAcg54GSB36jp2x0NN4BJV9wYYzjoAcZyQPugjGAhz2OeHcf3RnOSoHpjnPQ4BHHc8YH3imwqGXaTtPGcL1wCeAMeoH5nJGBTi9V+nl10Wu+/wA9imoqzUvT+d6Rv6Jbayd2tNNR3JAz90EY4ywJJBOeu7oMcbT1JBUU1gQxyyquC2WPzAYPAGOeep44+lSKByGJ27t2SBgHnJGSMN0GeFxjAo2AnJyBhhkfMc4GcA9AepOB2A6HBfW8pWS694tLV8zfXS79E9WTGSTsuluujVlfZbel7W63RVZMrufOCfl7hQMEjGOM9z79TzUDK33stncRg46D2G3GR0woHHbirxiXKggnBJHXufQnG0nsfb0NN8oKSFxkMMg4II5XJzgHuBjPU4ycAVGSbsnqt3fRaLqvXy6j91rpayUUt76eSvpfy6LuQxjgZxs6hedw42ntjPIO30IPPFJtwCmAFUsQSMnAwdrYOep4yC3HX5QTKPkJBGMZAzzgt/dGeCSvK56DGAQcKcEEAYU5G44O4rg4GRxjPTnr2yQFzO+u2yfW9lZPXrfRJX01SsElokn73mnbolvZel3q3p2IJEO1iQpIx8pAxkdABjkYGOe5yTjo11UYIAyBt25AGOP16AZHOPSpyACc5yyhznqfw44z64GPbGU2g9MtuPDbc8cZA4zwOgPckY4y0KpqopdFpu1tdPRbX3b3TT1sjJc2m727u+14279OnXq7qExrtx0DYJLYHOcbe2M9cc9ePSmFQQxYdGzzjI65x7YzkdhkAd6cykEjDNuBIU9SQevopX0wCT1HzU35jyucYCgggE8Z6HAOcZbGO3TBoUlZaXjvd7O3L3d7NXWnpvoXGUb63tpqrPrHZO2/vafLV3RAyYztzjnOTkYOMAc8Dk5/i4GeRwwK5IGcADGOCSMEDJGTxkYzjLdCM7anKOMHKg9F9CR3yM446Zxg8k8ZojQfMQCTwSRgHLfKB2GSegHOATjGAZdml3Wn4Lv3VtfJ6tWtaTbunqttbOyStZXu3JK1ove13YYNwPPDZIHIDEY6EEdAcHHBOOM5peQGyDzlhnngnC8DGGPp6kAjvTjETncCdpAI3fdLAbj35AbPXGQAFB5LjGQDhjtXCErycg8HjJHJxjPTjJJocvuWltbWajZWW9u/m9loWpStaz5m07JJJWtZLummnpy9d1IiwQGP3u454B7YBJJyMjHOMnIHSq7DOfukYIK5IOcZ45x8p6deM4x3kY9B1OORwOm4AAAA7jjkH3GcgYj2hs4JJPQFcfNzlWwOCBkAjHA5PolJx66vvf7+1+3d+pN7rvdpW5tX8K21aT1e/m3q2mqrZYYUrgcfdxnacAgjHoevfB54h2lmOSRg5xjnaBxkYHGMYK9lxkjpPtAByT0IcDI5HIzz1/Xr3pyLk4JwMbf++s8EnqTgHJJ4OeuM26jcbPZbO1k9vNLVPvrfTqwjHXS0nZWau10d+9lZLV31Tb+yQBAOm4gnLED17KBjnjoOnOB6LsGBjBA4PIJOemc9+MZOexqTGFIHQggLxk4YYI52+uf4geCOOWlcNyCcqOFOFJH0wMZAz1OeQc4xn7Xma0e+lntruklq3+ffpV7JadNr636LXvtq1Z2Wo0gsMEADOAfUHnJwQOOmcYAyRyTkUMdy5GMggepXp6ZBORyT16di3BYEk9CDyenPrkZHpk8dwc01WIwSMgDcd3VvyAwTkEg8DHy45FbRldaRfw3/AA6XtpvZu2zukJSuuZuzcbPVX1tey+/on2V7WeyEBdoCgDBzznA4HHU8gcDJPoMCq8kbtgKpIYcgHqWAON390YzjdnGQTkgmYyBth2gAnIGTyRjGMAdAOhznJBOOKUkAqTllO5uuAcDnKjAxh/mB5JxyTwZd01dX89bt6O/RvdpapLZFOz2btbfTy01Wit0t013KO1wQMlDkDB9/VsjjGMNwDx14ppQIoUtzk45IGDgcjoWyeO3Y5yCbjHIG7lSc7vXGeDyTgY49Oc4NQkpwCeoCqeM4Bz0HQjjA9DkE5AFJ3Wul7LRrvolZJ29emq3JSUWk9X5bL3Y6b9b3s9rlba2Qobbg7f7wyTgg4PQ5yMevuAUVWwFB6AsOmSOmOvQbhlsjsamMaNtJJyGwOwByc9uSOnpyeRxg2YIY/wAR2seQAFwO2c4+Xn6444YnKMd+W+ltr3v8Wr1snbTbXzD3Wvht57atq2t+uyS6PbYpuhbqCduSRuwBke45GeevOOhGKiKOzkYGAvC5OGODnHGAQcH1/rdYcPyDnkY4Uj+HGeOpPOOnJIG3MOAdpIAIJO0DGMZ6sdpBGM9McDgAc5xm72u7+ettF091b76LS7vd3BQVmrtvz0102du3b3b30ueAftZQTy/ssfHxY5fJYfD/AFU71YoVAt5CQSCAcqSuNw/u9Sa/l5/4J6aZ4r8S6/8AH6x03xBqPhzwx4D0ew8RWmlW7TfYtV8Rajp62M7zLEV3M8KjGFyC3XkEf1KftU8fsvfHtV2/N8PtWGGUbfmt5TtYdAOQvTvggYr+b3/glFMUtv2ptbkhkleH+xtMtXkwLMSJZoQJS/ysB0I9jjAIFcGZ8/s5ST3p04q8U+VSxNNKS1ettUtX2aVj2stivZrlvdV5Nrv+5tqno1rfom1vofz1fEX7Y/xB+ID3Fz9mupPEuvpMZY3ZSy6hMCVDMxDMMsTnOMg9QB53oQgF6kX9s2/m2syTMvksWkVyTtACjPPZRnHUgk13Hxevll+MnxDe9uIXdfiB4h3QKxWJw2oz7lAUhdvYZ4x3/iNe31HSrVZdTRdE0jUbO/gfymiE091bhRtVUYFWJJXcoByTnBzx+9QxFejl2EkoqcnhaVkoq9/ZQte6svS9+yZ+Mxp0quOxEKnupYirdvtza2totk43dnppujyfUJorPxgzz6pbSb9TtJPs6KfOfMy4JUMdu0HGCCevBByf38t7pP8AhEPBMxB2SaJpxVSGyQbVSpweAcDlSAfrnj+d/VdTj1PxxLc3LWVpPNrFrdLJHGAXjadF2rGRsUFSrFRgDJOOcD+hS0YSeEPA5Lq8Y8P2AVwCQzfZFOV6sBx9BzkcnH5l4k1a1Slk6qpe86r0tde5Tv000WumlrLqz9P8OadKNXNfZt2SopNu6s5uztbql6eVrNcp8QZDNoNntIRTrumMqk8/JNGcHqQRwBzjqM4BFfmz+31DM/jHwwzssaiwlmLk4BxJtUk8cE89B0A6EV+jHjdWbR7YAPt/tjTvnAyS3mxYCZO45GePYnpyPz3/AOCgd5Bpni/wnDJYSXsraG8rpLlF3rKuFIHAGTyDz8nIIrHgyKjGEm+XmdS+6TfuaWV1a7W226NuMp81WSb2VNarezvb1vq/RvU/P7xlGq6VpYUyTFlRyIw5J3ISSOuckgZ/h7c9Kvh3TdTudJVNkVpAkrO73MiQx4/hLF8E44yFwBjJCml8ea7rc9hp4ihhsIzFDshgiT92piO1ixHGQOhJPXJxzTPBPh6XWrQyale3dyWcZiWRhG3IJG0HywTj5cjgHOAOD+h4ePNNKPWbWl5XS5Wnokl2s+itbe353W0U5RtFWa15ne6j6WWiTet9uiI9Z8P6dbpaM2pLePJIxlgsNz4IJO9pSeeeM45Izjk1Wk0hTCJItPhVRKNs145kkYE9PReBkZB6ZIGa9R8SeGf7ItbJLa2VN+0gJGHlHGfnIyDxnjrwoIx0zbXwxrV9Y+a1tKqh9waf5EVcjMjc8Yx0JPyhh6V9NHDw5WqiSso72ipW5dHd+XTvueBKvNtqEXLtaO+sdOq0av8AE+17pW5YaNbteQPc3ckhEIcQ2y+Wn3PmXK4OBx15HQ9MjM0zSrefU7mO1tCPnZ45Jf3u0gjkAgsCAM8jJIxjIBr2SPRtF0hFvNa1vTrcRWpby1uI3kkZUbcojBJ3ct8uPmweDg1wNr8QfDdhdyx6XZXOpyYYq8UAiWQsexYZOCCSMnPfJGAnWwFHmU5042b0jaT5rRSs9lrrp2S90uGFx9VxlCEmnb3raK7Wr5r9NLJ3fludTpei3t0+zZcTMcKNimKME/L3C/KOM888Z744Dxn4a1Wz1S4mNnElv+5bexBBYMDu77kCnDDPHy5POT1On+LvH/iHU4dO0HSF0tZ5BGsssTAqo6FnOFBbJPPXB/u8dBf/AAk8R66Lu68U+JZWkhimZLa2kEcbPt4V9uzcMgZAzwD06jgeZ4blcKUZVHd8rsktk73SvbXul32OhZZV9pB1Z8ru1y3vf3Y9lp1bbdv0y4/Edr4d8P28V14gs432oZILMCSYEqoZQVJKsMhcAE7sbSOBXDaN4ssl8aW2oWcGp3DfZnRJm3LM7nd+9bIOFXghSMY6bQCa7zTfhr4YsfDq3epa1plvcxLNJJHLKj3cnlk/LiRtqkDG0H+9j2rn9HvtOXx34agFtmyaMhJfLQLcKSVVydpDAjIOeCCcYPzHowOZYvE4qjFVFh7TpqFlqruNnfa/Zp7dbCzDLcHhsJUqVKXtFKk5Pm2s0rq1m7SWi7WbTtt2HiHxdql5aobiz1dwoMpJ4cAZKMfl+UHgMTjHTkHJ8qvPErXELtLZX7kNjLyBRwSAW4wGHGAMcHOOWx9neMoNBOjTm1di62p3bLdNxZ1JALBccHaQBnDYAyc18vnSo5Z3jis7+43IHCi2IU7jkkZXHAPXHJHQ4Br7ypRxN4qWPqO6T+K2qjFX0lsl2WvXXU+HpYrCcsnDL6UbdHyva3Vx8rbPzWxwdv4i1EyW4ttOuZHztQfaWwcZGTk4OMc4A9sDrZhsfGDpNfWWlMsc91kq0kgkMmMNuCNkqF9cgYPUmvfdK8BTyJYOIY7LyxHM5lgKuVzzklQpHVjnoBjgECvcPgzrvw+0ubxpp/i27sJvPunFjK1o8wiWOIIwh+VhHIGHJXBJwCMjbXl42NKEabr5lKCbaTlUUdXGDavL4e1tr2W23Zg6ntFV9hgIppKypxUr35b7LSz693pufGEvh34nXEKTQ2UkXyp5gTzCYkGGVmLNt2jOeckngcDAR/CvxWMSlZJthDNhXjBaMDLMSACvTjjKg+uAfuPxJcfDpbe7TTdZ1CaS6tBHZyJBPHHE5blXKjJTaRnOcKAQcDmo7eFG0W0toY76S+g0+RHe2t5h5kxQgFiRxz1xjIzn28apWwkVyrNY7RatWtdtpJ2Ts2vnpZ66W71VxKV/7M1TjvTs2rxTS93Ta+r/ABsz8/tO0Hx9OGktLuSKD7TIsjCYgeeHO4tlsA5J+UkA/MMfKa15vDHj4SKf7QlLnG5RKpUEjHQsMrngHA68YOFr3fwnpdo+i3aT21/JM2qXe5kSRigEjEA9fmAAJz/F/DjJrSmTTbeGQnT9QlAYBWaOUMCoAO4kAYHBIx7jnFVg45fXpw58ycXduUfau8dY9L728rXtolvGJxOLozkqeAXIrWly30fLdX5Xrrq776WPCLTSviMFkjttameFUYXMTMNqpt2sucYbI42qcHPY4zq6VbfEUWkf2PViltGZEjTeFIO4nIG4cfeHJO3GAQDXoEWoWKm7gitLwMwlErBXwqFWI42gg/eyWyck8etnRb23h0+HbFM4DyAI8bbWXJJG4D7/AGOc/MCR1AHbHAYGVaEFmE2nFv8Ai6ppx5bNvbR+r7aW41meJjTlzYGKdkrcjtptZNdHvtq3snr51JY/EeVt8+sSlQMhhPtfbxwCGHfpkYyCTjFVZtI8WyW0st3q921uEOUknkeNwmBhip+TDZKg5JB5yOnpc93DcygLBcITghBkJkEDBGR146++cDIqPVruzXTriJ0njk8naNyHylyMkSBcAnPcEerEitKuAy6lSnL6/eSi2r1E7v3brWyjdaLfV9bIWGzHGVKkF9VSi5W5lGzd7ap2SWnTV3em1zhLPwr40lgtLi11CZYCimFPtcyqM45AD8DqOeMDAG7rpS+DPHgdJI9TuVd13fu7t+CSu4tvcZIHJxuz0Ax17zQdVhh0y1SS3muGMabJEEm0rkDbkcAknPrgLuOAa2BrLF2ZdOvE2lQjybth5A3MSWIwe3I5OB0x1UcFlCw1KpVx7T5Yu3tUnHZ2trqrK+uu2xy4vNMx+sTo08DGUFPRyhro42111S3d0u+553oWjeJJPE2k6LqOvS3Mt9Itv9nvGuJI4ZOu98sfuZ4ZeA3A5JJ9w8VfArxhp+k32p/27pN/bpE9wJEgaOQCMZIRn5bHQEg5IAOODXgnijV9WsdYsdXtry1t7iC/jjHKiaISOhQjJ3ZPcbuQSD3r9NdX8L6+vwdXXNX1G3urS58MQXxeGEbWeWEN5ZkwdrcnfgrknGM4I+ZxeOyrD46lR+s1Jwq1VTg3LRybjbW93d9NbW6dfRWGzSthJVYUIRlGDnVbp8vLFcuqV7Nbvtddnr+UF1p2s3KiKbUWijJKxjKkMVYqw44Izgr0zg/KGwRduvAV3plvY3pvXeeeaFJQU4VH6eX6nB5IyehyNwA629S3laKSKFlSNy/Hyj5W+bgfMckZB9DVvX9XtruG0SLzlWCSKSX5HKfucfIp7E/w9zgfh9lLA5f9VnKU/wB44R9nzSvrKzejaslorbLfszwKGPx0asIpRkuZJ3W+qSdnZaPa/T7jxbxJ4X1KK8lis7qSVFJMcId1Ks4BUsueGwT8pycVjHwl4ha3jMgIJZsISNzY6byMHkDkkgkjsVr2qXVNOE81ybC8lSYptcwyAEqBkq5AyNwOCPmODnGKxbzWUknXZbSxReYT88h4BIwCCRkkZ5OCSTzngeLDB4C7X1iK96yXMm7tRSk7Pbyvola2h7SxWKmk5UHJaK8Ve3wty1b/AMr9tUYXw48H3c3jPTLW+kxNPBMwjYSGNXVSVJJLK4GD8pJBwQR94D3TxR8PJbKR/sl81/e6hbZVIAsEVhIvyjoPvY6jPPUDk15f4Y1qOPxlpt5G7xxwib55jhQdoGeMEjIOAcgHA7cesnxLawXd5Nc3Ss8sh2bfMdXVjnaDuPQHoB6ZU5IPLHC4NYn2jqU5KMVFSlJOzvbmT2dlJ2dtHfRvU1q4zFLC+yhTlGUnq0rpaR/P7Olk9tXp4/a/CjU7h7g6jPMVtwQFknMoleTB2ojMVAH3TkDntjgYmtfC4WcAeVWhZZJGijEa/vCASudq4O7sOemQSOR7lbXxu7xryMoLczA+SXkUyFSM4y2JOnqTwM8gYyPFE51kQwRzR28LSSmIkurBkGQgL4GNw5J5J5HStZf2ZK0eak6qesFNyk3eHvPXRW7vo9kc9GWcOHMqdSEL8rlbST93q7W181d9WWfh58HtD8Q6JHNdpc/bIkYypGxQJuJAKhNq9ducgk7TjjIrWj+Cuh6dd3CXltcOgY+SeVJKnIBKYLbsdec5yM5Br6E/Y6+EnxC+NHxD8J/DHwnHbLFr1xNBqGsTyHydL021Uy3ur3DnAEVrECxJwCOMd6l+Men6h4L8beJfC9prFtqdv4Y1u+0mPWIY2MGpCzmktvtEIxjaWjLKSWBBXPy8D0cH/Y9afsKNJSr06catRJXSu0r3u100630W7txYuecUIwrVKkoUZ1Eoydlu48yUdtE1d26a2Z4p8Ffh3oup6/4pt20d7iO1uI4wsjbQqHG9cttYHJxzhgvf1+m/+FK+FjM6r4biwM5LSuSCR8wOWJI54OCehPQ1w37Lel3us6/44c6mIpFvISzeVncWYZOOwCgg55JxkjivuRvC88VvI/8AaILbmXPl8n0DcDnJz9OOAa+hyijhlRkpUlze0m1dLWMGrK3W276vV67nzWb4zHQqpxrtL2cG0m7t2W93a7bV7em9z4/m+CGghpDBolttPUSSMevToTz/AL2OuQODXmOleANOsvG3i/TI9MtUWztrR/lgWUxeYgOAGBAJzyQQd3uBX6CjwndzRuTqRQsOnkr0AOCPl+gOCf4eo6/MNtpN1B8YPiPZf2iR5VnppeRI1GT5agdAQCMkYB5564Brvq4fCp0OWlBOU0ryjFpaapvR79Njhy/G46pRxXtKz5VR5ldu+koapvbS99F16annEngm3kldVhj2xcqrWcQBx/CxCAcLnqD34PStfT/h3qOqrEdO02Gdy6BI4bJWYgEbshYzwuCOwY465Nbl5NqUGpXMEVw0qpLgmQKAVDHJPcEhieMHPHJ5H1j+z3dana2PiCey0LTtYuFkgaG/u5Si2Eish8tcEqd45CMQxJ56kjz80qUsFSdSNKNR3s0lbS6s73eitZ/qrm+ErSqPlrYiVODs2+ZPROLunzJJX00fXc+MvCfw+1mPxp4vsrXSori7gt7OSaC4tQhiXapIMbKCpBYggDOME5qfWfAGphrq9a0T91d4ls/sybYcOB82VA+Yn646k9R3OseO/EWhfGTx/dw2f9o3Or31nZ38cLiOKyRVBPlOpAQoFJBIG7HU9a9Q+HtnqvxG1DxnbadYy3NtY2n2l7l5HkNrMo5wig72Zvl59cjtXxEc6w9KEp1uSn+9lLWzUX7r3e8UrrS+vROx9HmOExmIeH+oylVjKhBJc19XBNSTvqvcu1+rTPl2f4d+K5bpHt9KthbmN3jKxRkKCvIJYckgAjBIPvnn5L+LvgTU7jxoLZbVpZI9OjE4VFIjJHzYTblSDn5jw2TnPOf2e0fwH4rv9FM9r4fkEllPFFJKVmTzVUiPckZGZCwJBVMjIJG3BB+B/wBoiy8SeCviHq8k+gvGsunW/wA17aTWbxM0ZYoUkQOvOSrbcMcEZxxE+IcmxsqeHhiqVWpKacqVOpTc+WKim+VXnyp39L+jDLsBnmDnOrOlNQVN2nOLUeb3bWe2trWv2TT0t8BXXw1u7aHcLMswLEGaNQozu54Cn8OcA4wO3Mp8PLydGnltDGASMLbnacD+Jip+pycYGMEjJ9kvPiTrQicRafZMUds+YXYE+vz5OQc8e657Z5W8+J2vCNw1rp8RyNyAEA55GOMD3GeMAAZ5r0k8rlSdoSbdm1y3Wtr620tskm27OzVzuhis2ak5KnGNkklLdq13dpLdWavovQ8b1DwrLp97ZKLaNWmZlChSWkxnqcErjAPIAGeMDFdHcaXPArNJDbJwFMe2NWUkc4yflGQBkN1bBAFdboup3vjnxb4QsNTjhhtr7XLDTJDaRgyLHd3McTykjptDE53bcdeMV+o3xE/Zi+FHgD4lf8IXYrHrGlxaZpF7LrM99by7rq+iheaHy0Y4dd7KsRPBGw8gEeJWx2S4bFRw9VzhUqxcqd4WTUVHm1to7vRattOxVTFZvTwftYU/bcllNQ1eqT0Tavez6LbWx+N50uEOUdsKyswRBuA+9kYXGCcjG4EgH+7gVh3HhPT7mVZ2lkt4gFVpWjwofnJBYc8hsZ9evOD/AEefFb4KfsTeD/gzexeCPCcuvfE/W7GG0juppzEdM1Lyt01zy2zYzHnAAwCMgEZ/PH4UfBXRNb0rxFB4uTR7F7Z1trJ9QJUQFnYtOShAdAoB3knIGcYIC/P1+IsmnRx1dYerCODnyNyg71rKD5oJXlKPTRb6anoZQ83rQoKUOR1V7sJc14Jcr961tWraa266XPgSw13SvB+n6dFOYri1iDtBKoJXzTwDtwCxPOSuOMjIxkdnD8V9Ju4oY4LaEXJO9Zkt3GRjDA/LnIwfTjpxjHuH7anww8EeGvDHwyvPB954dvZmhurXUrfRJVdwYVA8+6VCxVmJypYLznHWvjHwjYeWUlYeYGLqFcDCDA6jOAcAdACT19a68hr08yw0MTSoTjTrXa9pFqShdWvFpW0S1t0Wi6+vmOJr4X93J0+eNr2TacmoprWzd2lrrbZpa2+jrDXINdV5Y0kmkks5Fd8bIUbaRllIX5R2BGcBsEdBmeFvDl1JbyusccrLcSncluzQlS3LF1UhjkcFskHBIyKb8N7eOU6mAcu2yLymJEZBdg2OO4P3f5EZr96P+CXXxU/YQ0n4V+N/hd+1BZafpvjG48U3Go6JrM+km7eTTlVfLtY7nawjUMCGDNtPYV834jcQ4rgjInn+DyfEZzOnWhCWDwa/euM5Wckmp7JXfrbS9zXhydTO8VVwNarHDpQclUcd2uXRO6V3Zta7vq7H4jPpWoQy+ZAQixookiCSxocgYONuOBngg/L09TLpGgeKtZWf7Lp1xeR/NGkUCzTu8hYqqRQrl3Y9lA4Oc8V/XcW/4JI6reef/wAJVpFpE8Qjlso9MtPLlVFC5kLJxu77cEgg9TisLxd8Rf2BvBmlWc3wU0zwPqHiHTLhH0uVNMUvLKJVYXF15ymJsADJYEfQ5A/nKp9JzOZrlpcB5rQbkor28lGNnypuUeROMY3vJ2sraPW593T4Dwrqcs80k24ptxpt3ba7Ser7NLa3Sx/IXrngHUba4ls7/QbuwurUqJYL3T5orqMyDcQ8ciB1y3zDcMYPHGSao8FNZtBdfYVd44yuGtHI+YFQAoUDIyc4zgc5I6/05/HX9j/4jeKfFeqfGi50TSfFXhj4ijTdRsL3wxbWsltpqrp8Msls9vChChPusyqFU9STuz8+D9kPUdfgeS38PXCvGSEij0l0BCkZUkxgA4GM89c4wRX3OC+kFlTwtB4rC06WKnShOrQVRN0pWV4rmS0i3q97bJs87E8EY+NScKM5zpQkuSTT95pqz80r9E+u5+Fv9gP5URktCD5BIH2VzGuEPLArjBAB45yTk8HPL+EtGjlnvoTHCS91L+8MBUgc4G7GM5OAvUd+c5/oli/4J6+N9c8NeINbfTo/D+kaD4b1TUZL3UkgiRvsVnJO8O0gNlwuV4znaOuDX5v/ALPX7MXjT4yahqGj+APDdz4x1A6tfRvbaREZJLcRSuge5uFXy4YpMAjcVB3dcc19hkHjLkGb4fGYp14YehgpQjWqVpKMP3iumpSaTXuu7XVrfY8vF8J5rhp04wjUqTr/AGUnd8vLfzejsumr1R8cnwnYYhjKpE7ZBDKzA7T23ZXoO/GMYOCcZOo+C4ZbW7jVoSi5KyEchCRjaG6dM8YzgYBwK/oJ8I/8EVP2nPE721zqujaB4O01try3mv6lC726yAZ/dRuGPljKkA5OCMDJB5/9pX/gmd8IP2bPg7438YfEr496PqHjrS7ML4c8L+GgrpfamSPLtpYt7yqhJCu+ApIznOMOn42cIVcZQy/CY369iMVVjRp08JTqVo81RqK5pQjKMYrrJy01belllU4DztYepia/LhqdOEpydScYSkkuZrlk3ro9Ek72sk7I/D7wV+zj428Y6Tb65oGnJcab5z2ySptVnePKsyhuAAck8ZwT34rsB+yl8Wd0jJ4cZoVBUumzJ25wckncWIAO78zyK/RD9hfSZta+G93NeSNFDa6zNFFFK21AzBjJlQQUBPcHnJxnrX2/H4ZnSQsHs1tA5YKJgVkXOOhbAAIye2dwxzx8JxP42Z1kmd4zLsLlNOpDD1FGE5Rneaag7tLS2rem1tEe7k/AWXY7AU69fHVYzqR5pKM48t04q9nd20+R/PB4m/Z58Y+F7IXviDQbrTtPu5fswuH+cPPtLBFC8hnw2MAcc4448W0bwI15c3lsIGiEVwVaWYBRgbsBCMEN0wDyCc+lfu3+1TbW9n4Z8NS/aIJrWDxPCLiwLLsZQjcg7jmNSdrDo2erEEV8DLqnhuZtanaxsbR4dRkeKKONSZFPy7QcZxznI7gAZLZH6rwHxvj+JsljmOMwsMPW9pOPskpRVouLTSmt7JK731tfU+Vz3JMNkuK+rYecqkXGP7xtdXHmTa7Lfq90nd3+OtL8AxPPqMV2qKY0KQ5Clt+flCsd23JPHc4Izzz9LeBfh5aR+H1S3t0W502JpLsPChlkWc5xKhGWQ4GTgkD25HJmC01bWQ9rbuPN1eyt/LiDIAtxdRQ7yOOE3jCgc4yByRX9mH7N3/BK/wDZutfhP4e8ZeIPDWt67rur+EtG1u/N7PIhurie1SeVIIFcAQDgKzLt28+pHxfi/wCLWF4CweX1MdgsRjKuNqVY0aWGgpStSgqjlUlJqMIxSSvu3ovPu4U4VlntSpKNaFKNBLmdS925tuKio7ttWSSXVO5/GN8R/C+59Jtbm1iiuIr4NtMYDJbSsDCADnlx93HHB718UfE3wpH/AMJRqaLbyQgJHu2LjLqTznnhsjoeckljgGv6/wD/AIKq/Az9nfw1efBuw8AeA9O8E6zfNcXGr6jbXQmhl/syMiCO8AdikgOcKcHJORwMfy9/GP7HZ+OtfjeS3ZTAmwRch9rsNyEDBOAQAAM8nGM19L4QcfR44yzC5pTw1bC0q9GclSrWbSU0t79l0vdd9Ty+N+H55HOdLnhVkmvegtHeEG1dv3Xbe7etmup8hp4Gtrk3HkrJlYGdjtLMGGM4GO2MkkgZGQSTmuf0zwrq0esW9po11ew3NxOiWzRzSRiOUscbQGU/3s4AxxnrmvpOxlsbeHzwNyywsjsV25PzDAwM9BjHBIwR610fhbR9IvPG/hDcgiS/1G1hA27WYiTBbPX5+/sC3BBY/u2HTq4ilB6JzgvclytNuKTTTT1vb5eSt+eSxao0Jzny6QcnF2atok3zN3ve2urfzT87huPjp4VZIRfS6otqXBguAJiItoBIchnbKkHvj8s7/hj4ya54UsrqDVfC1xLbtqDXd5JbpIrQzP8A60ZPCg8kE9ckHg4P0v44v7XRNf1fSVslVbB5FjuMgtllUAZzuIGTgDoMk5wBVf4daPpGtWXiIXstrMLjULeVxNAjAwyEIVTIYMBjHTtg9yftcNgcW8XQp4XGVlO0lCNSXPCMuVX+K736J27Pe/weKzPL5YXF1sTgqTh7rqeziqc21JKzcVZ2d1drfY8w0H43+EtR1Zbu8FxphuEfyzco5RWcH5ZG2gADI+bgdTwAK4/40y6b4kuNDuNEvrO/VLKUzCynSQxlmz8wDMM5PzIRwfSvpHxR8FPh3eeI3tf7JFrHLYw4mtiVXzJdqkiJfun8cKc4HTPyh8Z/hZ4f+G+q6VD4dvNQSPUbeWWcSSFTFIpY4XawUqBztPpkjsY4iw2eUMDUWNhRrUIVFF1IStL4o68u6Wi11tvbqacLYvhuvmdKOAqYmjipQl+5naVPaPN72j0UdEk2+6uaP7Pljcp8UfDMUYKSEXW6EBQZP3RAGRgZJPAHqQDgg1+2Xg/xKnw9h8I+H7+K0srh/HEN/am6mUSSXFxCjkOjNgDb68Buf4sV+IHwguLrS/FnhG8truVZ11BF+0scuAcMQo5OdrZHJByFPUmvvjxV4e+NXjXTbTxz4F8DeKfiNP4b8a6bO93pGmX14LaR5EhttPmSBXVTPKoUYHygguAK/Ks++syy6rTpqKpVKEqVTmnGCipqMU+Z35b6XenWzva/7/wpLARxlOricVUoVKVaFSHsleU4QceZpXbd466Rtfqtn+y76vpmsT3mpz36M95LKZTFs2xuC25Tyo2k5wM9eoPNef8AiTQdDvtT8Pa4k07QWGqobpyfKthHjG52JAUE8FhlQTg55x8T+K/jL8afAGkJovxY+BOofDLxbeara2o0nXEurDUPsF1Aky6pHbsULwMjeYzAEZJxiv3a/Y+/4Jf/AA9/bF/Z4tfiX4++OnjbwRrviTR7qa38L6R5cGm2UVnI0dvJM02JHe5Kq4Ckny2OMmv5+pYLHZPX9tjaUKNCvz06VRVOZVE1zWje61V5a2S7X2/pPOMdwzjsvo1cDm31yrTlh6zo+zmqkNY7ppOLT0k+XT0aPzF1DxxpOkarqMDazYW0M2oTQWsMt2pQxyhl3oVOD1Ck/wAOQDwePKvGXjHSbW/mCapZSRzLBbxukolBmwu3JyVCAgsTu9fXFe/+Df8Agmp4P1P4N/HP4q/Ff482XhfT/hP4t8X+HvBlh9o/0vxHP4fnuls11IXEhnMl6YI0AiJ5fIGDlfyZl14zQNp4jVI7HzpIr1SGWZzuMQPmBmwYwG68dTg5z24LFReI5sDRq1/ZThCpLldPlk7N25o++klvFrZdLGlPLsDmWBrLGZrRwNR0/aYenZ1OayjJRk07Rumrdmtrqx+xt1+0R8PbL9n3wl4F1fxZpVnrNrLd3jFZNzxrHIxQ4BIBZgBg85PGQTXiPh79qLw7ofg7VtPuPHlv9qF5NNpkYhkeKKC7Y+YF2nCswJ+bIcA5yRha/OfxRY2N54V8F3k11YWszQX887Slna5PntsWRixAUMFwvC9eMFRXm+oaiUsZLIWVrO8zwljAihkiA2t82DhSOcZwAQcjt9thMnpYqDlJVV7SrKc4tKTU1Z+9ZSs032vrZtn5Vmub1cBVlTfs6vsafJTldpSiknGTV7q6Se3WS7n3Lr3xU8IeJ5dUuLTxDNdfY7C7uLgzLJhTJGyL5XYrucAk5OMMSAuK8p+CPxm8UfBfxXP448Dazfwa/NYNDZTWMrh4VkmDgOIyMwvhQed3A5yOOA8ONpFh4d8Z272qBbzSILeNUjDTRyMglO1xuKnKkNg84BNeO+B9Yhh8USC3Fw4WG1hWJdxwTKkfCkMDuJ5wMk846E9OJwD9hXwMoqrQpqMU5JO8eVOUWvtK90m1d9uhxYbNKca+Fxi5IV5XckndxbsvgejWid9byfe6Pv7xt+3d478Y6P4sk8ai5v8AXtW1XTxqF+7zGZZdOlV7ZoJ5DtiVWRSybirdQFJFdL4k/bz8Y+NdG8FE+FLPU/HGh6vZXJ1c3lzcT6lbWEXk2FlcQCQ7lCnYI4kBcHbyWGPkz4ieCYLT4V+LNZE7x6lb+Jbe6uIp4yuLd0JjAbaAVTIyM47EcGvVf2U/C+m33xP+B4mh0+8j1Txj4Wa7R1BG57lCsMqlSp3D5SjLjPJXoT82uFsurJYqGAc/Z1ZuLkpxjFqME5JbNadU11SaR9U+N83wlV4NZjGEJ0Yp8kaa0c1aLfWWqey3fkfbPgH9pD9sSf4tah8brb4KpZ6xN4KtfDVrHqmlajpmmJptugW2NlHMke50ADxyLknqCAcV5d+09+1V+1b8VPA2i6L8VvBuiWPhzTPGcGu6TdWwvDNDrVnKs0ZuJbncAYGUFYmO2QYGOQa/vfi+HHgu7s9Hs77wn4eNvFZaYyRjRrNztSziIRg0BGwkZPc5xgkmv50P+Cy58C+G9e8EeBo9K07R4NT8W6B4puPsGjWdlEul2GowQX4aNIVEqyJKDLjO9c5BxWawFLD1KFSGEw65JKLnFVPaRhFO1rqzsrpO2ze3TzZZrVzCGKpSxWJ55x5kpqCi5c0LtpaWerXKtNNEz8I9N/4KUfthaH4Z8V6PZ/Er+ztA1lGtrnOnwpbXTW8CQw26O6BVmiUBGdRu5BUnv5HqX7Qf7V/7Qnwz0nwt4i8RW+ueEPC3i/Tr60lV4YhpurSSyS2LyvGBK/zoc+afLU4wOgP7G/FT9hP4UfFqL4xaz4Uk0yx+zR6df/D+a5eDRvCzNDpUV5q0YicxpJI7I6qU3OCSCcjNfnJ8EbjwYn7Mvx80q1vtEtvGOn/E7QFl02xEbTW2mWlzLbSXKzNykamMsuCBhhnkE15Lq5bRwtfE0Mpw9PFYPG4WH7ylByg8RWjD2lNxXM5Wbs42Wj07fS4fC5tPFUMLic4xE8Pi8HWlGNKpKEZKlThN056Wlyppa3016XPhfW9T+KvxO1bV4/E00+u6/D4oWxWUMZrq5ubVVSC3hByPLQIoQqAMAEdTXgfifxh46g8QXOia28sT6LqUkUdncqyizmULG+1SdqttUbxjJIznvX2J8IJG1j46XktrdyrpI+JVrCjIpEaokKCWZWU4BLhvnDcA/KwBrif21vDehaL8RNNu9Ito4TrLXst3PCWIvLhJDuuC5Y7sjsM9Bzkiv0DJcxw9PNcLlssHRUamDnVpTjBXhKmqblBpr3VK97pJ6a2PiM/ynF1MjxGawx1Xmo42NGtGdTm9rTlLkhK922k+W/e+ivY/b3/ghXpPwQ8SfCv9oaX9ozS4des2Oop4Oku7bUrq0sJmtC1+8cdmSnmFAARjqF4rl/2gvEP7LS/s5+OfDfgq/nk+KthDqc2gPcWHix7O30k31zGtqk13KdORRAFRExlQOCCa+1v+DfrU9Ms/2M/jbp8Ph6w1XXLnXPFjWt/faVFqBtIzpCq7BpInZNmWKcgAjk5xjjf2o9Is/B3/AAT2s28JzaR4j1nxBa3M3ie/n8NWUV5ool8R6iZY7jUlthcQqAdkSPKu5VCrjv4HFNaEM1fJGov9qo3UJqm4XcIvRwkpe7y+Vmk72OThbDTqYOtFuU7Yec+aXvqVnz9m47tRfTS67/nz+w1qngq78CeD7HVPFGt2/jDSrS/v9Z0PTfDt1qdvb6IxZIpYFhikBmZwSu4kFj8owK+mP2g1+FVhpWva9YzfE/VtRjt/Deq21prHhnUdJsLc2t2ZJJ5HlhS3/ffKsKEZBwMcivYv+CWY8JW3xB+H134i0vTrPwva/s92eqeJtZ/swS2d9eW+t3pdbm4VAQWiUI7FgSoBPUV6b/wUc/bb/Zt8XeBvFvgH4ZXQ1bVtelRdKlsdHlW10uPQJt09tNdCPc0fmKFQbgGwBtOc14FOtVnj5+xxFnLExk6UWpO3Pebl7uistbtptO2yR9BUoKOBjGtSm0sKv3tuWN3yWjzRio817K627J6H4Tzal4Tv/Gfw21i8127WPT44Lu+Q7rdtCuJPEdzeIs8pwkRaGQAthc7gWweD1v7G37bXgn9lL43/AB08Sa/4Kt/HuleM59V0yGeaa2ub21jF1cTC8tXnWRV89GCsUGWBxzjA868VfCbTvFnxcOo+JdZv4LDW/BGganfaDpFu9jGLrVgun2IWFVQFY3C3LMOrncDzk+7/APBN/wDZz+Fvjb42ftB6Z4p8L2nijSPBehxvoK6y7OtrcIz29xPIoz5sjyK6/Nxnbn5h8uucUMFVyvMK+YurWw9TA0Pb06SVKpyvEQqJU6jtaUpyjfRe7s9TDKZ42OYYChgoUqNenjKvsq1WftYuXsEpSlFLm5HBaPu0rW1X6Cf8EAPEVl4n/aV/bG8TaXZS6fpXifS11+w06R1k+yQ6jrMtytuWTAJjD4wB0HA5yf6WNd3LM56napA7Ek5AB6nIHGeAM5IyK/m6/wCCCFpYWH7Vn7ZWk6fbRWljZ6bNZWltANsUFvBrc8UMUYB4SNECjjGOgzmv6SfEAKzMc9duCQOcHBHcg46AHAxyVJBr1sDOKb9mpxpRhh40+dpyjD6vSaUt0/dau1u9dzi9m7uNZqVRzre0aSs5OtJScfJPReTivNYdqI/NA9yHIGACRjvyV5PP8OSQPTq1P+jKG4wm0NzgAvwAucAc4ySPXnmuMt1VXJ5I3E43En0zge/Q8DOSeenXIQbQYyVx8xz0ywbB6d+oLcDv0B9alUbbs7pp35uvw6pLTpttd3aOHFUoxUZRTTutnstNFZdXvbe976meRzkDJcsS3IPGdpycc8k88nPHAzRvKqASM5Cggc8Kc9PX/aOCenVcj8M2CQMlgWJY9Wwe5xzwM5GAOBxTGySN2cg5HGcg8Dhc9OwAyDyffVVeW9vd7K1rfDppf1+/qkiVBtR6Wiua97rRfj93RCbmBbBwM7snByB1zxhcZ4/HkZpDI2Bt42k+hHJwDtHPPHHXtgdAHgsBzkc4B4zknPzZORwPY9MnAacZOCeX27sY65OfXoBuyc56ZzyvrDva1/vtsn5Pb3Vtra91qJ0XJpaptdb+W+lklol10620Uuc5UDKsuR8zLkHDAkcnkHJ49xjgqXZgASFbBKnGAOhPPTqSQTjdzjmomOGJBOcsW7cD0GeB0HXPAFRyM2CecBs4UZBzxjHJx6ADAxzwaFiGlu9O+jtpv2Tt07X0GsN05r7XvZ6rlT1vfS1nf5dEWPMY5BJHOVxnB5Gexx06Edcds0jydDubqdxGMAN0A54GPQAnHIyvNF/MO0LgbeWxk4x0BOBknnA78YI5pVDddo3jaCASwOcd8AE4PbJ+vNUsRJeWn+Ssrv8AHR22H9WSfxK99vN2Xr3eml/UtboxtKknqCDjGc+jFeoIBwT3xinmVSGU7M52ht3I6ZXn1C4zgAE+hqgQwYHucgEbeRkDntjg8H8eBmpATwT1G3JCg5wSe6474Hfj341hiEkrd7J63v0s93ZW1s9PS5zui4t2S33tZ9O3R2Xz6blrcwzggk45PIwPpgZxnjjPYDmmGRiFGQdx+UgAkAHqT2xyTjrnv0qPK5B5GepBBGCOBwOuc4yOBjg4yUKnuThm6kkt78DIHJGDjGM54NarEJ3tpaztayeiV7q26173d9NDNUZbJy1SWjV5bKztbpdbNvS+mhPvBxk4BcZAHUAjOBk5/wBr1PzYWnkhcqQMg4GR0yOck5GCSMEYx36/LX27QWLHB2gELxz1PyjjPAJyF4PpmnH7x6lVYcc4PTPBGcdDgduuSDVRxNopW7K1rO7s1eyve1mrO606pGPs5Xeqvd33391Lprrut9N7XSeDgkZ4I6scZ+8Mn2Bzj8R60gIBIJ4A69RkHOOmR9O+fpgwBkYJIAwB05HHqpweRyCPlz2NMwF4ALYbA3Yzkjvx1HY/TGOQMnimtFG1na6ej1T1WkXrbXVLfW0kV7Cb6rpbW/XV7W0Wvd3aVicSIwByM46A8E5xk5znJGOu0H0NODLnJIGFYEDkdCOAc5HA+YY/SoPlUksDySCBkkAdNpwecjnsST04pyqoLZzk9ew2gkgc9OueAOuB2FEcU3rtsk73fTW6a07Wva/nclYeSu5PePfXpe6v0SWq+7UkyPvDaAAFOeFx1JA6g9O5PH1ym7O7BUgggnkcZ6ttyeDxz3xjJxhAqYBBPByc9sggYznOD9SDzzjhrBMHqRk4z0O7O4t3/AnjAPI6ae3nJKzTuk07N2Vk7rW66aXWuttLp+ybtzPRtWS666O7Vk07aO6emivdRtw5CH5duMgZGQcn0HXp3Iz05IYNwO3KqAAT2HYnB6E44x0HANSlVPIzkgHoQCB3GADkHG7kr68mg4GCBzjnryQTnk5ABB6DjBOOc0nWlvdW01u1rfve39W1uV7OzSV73S10fTfTV9m3fa49G5BzzzwBxjH4j7y9BnnB/wBqnryABwDu4x1AXlifXsvAA59QaYpAO1PckkAcZI+7nPfjHtyad3Gc9QueeB2zgcknGMDB5ySSKhYhuy0suu2qto3be97La2zVyJ076K3S2t3ppd36PV3unrZWvdAZcAk4IIyPmOTwOvQ9s5x3GAMU5QMZGQTu4xwoIyc4BPXPORx9QaVQCMLk9VJbG0HIPYHByuDjcfXqAGcksPmAYgZxwSCQBn0I5OcYwefSXWl0VvNrfbdea10+ZkqLcveV3Zat2Sta1vd1e91+KE4OEGVGM7ieTznjI6d+h7jpTXBAPXJKjOACOccDrj5T1GMjvipFDnBBIOFDHqNxJ44PUkEdRu4BIocYyBnJODleoGcDOTgcknkg+pzxlLETul6c1vRN2XSzuuv4XBULu/S903rJ366vpvvrZ6PZwMrevDDOQBz2weM8gZwMHJBPpSkDPA24BOc7vm/hPdSexI74PHcYZbAyTjHBI5zkjk4OMHrzn07s4JxnGNw3d+OMHHTjOeFGcjOKpV5pRkrdE/O9k16t3S31eq1bLdJ2vFJXVnquqjey0Xld2en3oSdxwqkABeOT6e4GBwexyvAA+ZudpOBuboOTgDHIIwCQAe5GRnHrSHkDbuDEE8cMccDIzySBnGRnIPINNK7ckk4wODkHnGWYFewHHb13c0PEVHo46991paz0V3brr89SVSnZXT7brVLltdp7Oz67q+9rtZ1+8MZHQHIG0k9ScBmPHG3pxUYY8sNpwSSN2MZ6nA+8MAcYJzyATyCQg9cgBRgYHcZJJ6luCe+AT+DCU5+UAEDoccDk8jB5HJx22nOeC1iJ9Yu9vLfa3w6Ld3bv8rA4dUlJvtZa3S2d2k76t6bXtdEhLZXhgpP3hgKS4JAUDkgYALYwOmck1GcDcBuDkEYAyC3UM2OwGDkEZx1HNSpwQeQCoyeeAMdF5CjGcd2wR707CoCBtIHTI5OcAcjPUDHcEcdgTHtZ8y5k5WUbW0tGy1Sd7XS3dtL6LooYeTs7W1W93pZaafk3bvZWvFhipCspwAQTwc98McEDJ4BwTgHqcVKgfKk4PDE7mBYk5J7j2JBBxjdj5qjGMZJ6HAyQANw5LDGcjjAJwQMH3Tz1yMEg49cll4wQCBgjkHoQAOxqlVe1rLo77PTpZbfmraGzw7TV23pq7ry8ne13dNrbeyuTbJDt4xgHOAMDtgMCCQCAecgHKjqTTgGBPHHQ9jjIxn/e5J5BzznqKqm6BVgcgg8AZbnjrjof4STjBxnioGuyeAMbWIJ3ZxjHU9T0IOQOOSTzT5r69ulk29r77a7Ns0hQikknq2k31v7u3o3bpbqaAAKtyAQxC4JDYJJPXJ54J+bnk+uWhioGcY4OehHG0YyOrE9Aec5PSqf2kkZ6HGPl4GSBye/JOFx0JyehpjXIJIAwAoJPTjheDnk54wBnPT1qHN666K1ntbZfjrtolu3qbxpz5t3f3dFsk7WfTprZO+ra1LTN1JO7AGSMqBgjuclgB1HPTnBBqv5wBYbsg8jk5JUkjYAccH1zkLjB71TcJ0xkZA5bA4PQLx9cjgkHI24AgNwuM5AG0kNjGATgjOPQ46A9MdqylLsrtWs7tJ2Stfdu3VP9TrhSqWV+ttm0n8PX8rr13NJ5iQeRyvU9CcjgDGAep/LPPSF5GHXvyu7PO3jjBxznpkjPOerVnGcBsbiSCNnHHH3iTx3ORnOfUYApkl0nzKHIOccE5GDkAk5UcjnJwcdOKwTnHRLTXVbXaUbvq2t9r7vVaGkqDT35Vp2tq222+7vurbbvc0DIcHdkPgddxwepGB+vTpjk0xZ2DAEg7ux7DBwcjg457n39TmG5PVmPIJ3FlGQOSQBgDB654I4FQm4wwJOcncOSOF4wcdugIyBwAMBcVavopJp7Ps7OK0Vnq773s9+qRXsmk9VbuvVPS7a16W10+T6FJ0IPPUcls9eRx0xgjII6nJ6VMkxLHJ4IXA65x0O30xk5HOPY8c2lx67gGHAByMNyM7ecAYHIAB9+kkdwVyM8KBySPm9ckcdGOfUH0rSMVKOvf5/lpsvMlrle1tFv2utXbbWyu7a2et7roWnUEgMnBc9WHTgcADn6YOAenFRtOCAeDgYAGTubHTtwRwMkcEDdxzkfaFKgliduMjkAkgnJ+YnuAAu3nqaPtI34G0Y6YGc4GexI6cgYznGD0BIe7q9L7x01Xu9O+ivZ3dl81yp9Wk9+91bXZ9/V30ve5qGUkEE/MflA5wM+p4BPTDZ6g45+7XMrZI4GOQSSAdq4J68H8859qzpJzhh05JAAxySOCeoA6gdu5qFJdw2blBBwx+ZjznjqRnjvyT6citoRUn5fcrWWie2v9ag4xstdlfyduVb33vvqndrVnnP7TEjD9lL4+EMoH/CGXwbHPJgccAdBgexBPy96/wA7L45zm1mhmYlH/tK+jUsSFcuCMKvTJAUEgcgD1JP+h7+087L+yX8e3Bx/xSN70IU8xPnp3wTkEehJBr/Pp+LurWNnaXUc+g2upXVxrEq21/dOzC1U5L7EBKlh2OO+OhBHu5Ra9VWTfMlutLqKu7rzbem7e587nMVeEXLVrRWW/Mna3vNe8+7d7uzSSP6Hf+CWPjjwzqX7M/gA+KNeshb+FbXV9Pa01O7jg06xuN0kieXZyMfPuuQyZUknAUEg4/T7xP8AFvx14u8HaRpXwi8GztbWVld3U3jPxXay6bokVvBvVpLCxZY7m8XAYxSQ7oyFBOVJz/LB/wAEk/Cmo+KPi7qd/LqF7qNloUc11B4ZupZ5tFma8YJ5/wDZ6k28k6BSUJiJBGe9f1hfGb44+DtE8L6J4N8Nx3XinxZc+GRY2/hjwvbG4bTpWhEcy3s8Ktb6VGjBlf7TsRQSPUV/NnG+X0cu4nxypzdapXrfWWnH93S9tJVPZpKWrS1cm4xV7W1Z+7cH4qeO4fwSqQ9jChCFCKi+apUVJU4c6dtFJ3SXxW2drHjvgL4SWVsngLxh8TNeufGV1dT313Lb6pcCDwxpRmnd/Mh00GO3kjjkJZHu0kcBQx3MK/n/AP8AgpdFpviL9uPx/e2F1HHo9vomkwWNzDH5Fk0NvaxAi02KkbRAjYvljaAMjgYr9+dE+H3jvx74e8NXnxWvIdD8M2cVpdab4C0C4kSS4TT73zd+v6hGwd5DGMulq4hkDMGDAjH5m/8ABYLwNpEX7TvgNNJ0+y020vfg/pdwLa2t44I3P2jbG7+WFM0gQKN0hLMcg5xXZwJmNLDcRR55uVSeFrxUotezppOLVmrJtJLWKSTvr7zt53HWFlPJYqFPkUMRQlaTblPS3m0/va+Z+UfiDwT4EsvhvD47HiuHUfF9/eQ6bonhK0mjZIlVgtxcX8RbzlUJllduGztGetefyz3bP4cjlIDf2/pFusMShUiU3cWdiqAAPMJODw3GT3qGw8Lx22p6v5iu81vM6RSNgrGwUvlUxlT05UZIwBjkCe1jkk1zSYsF1TxF4fCjJYs8l9CuAMfL1x05bJyRg1+3TfssBjak8RPEyq061WMqij7kJRfLThGOrikkk5a7v0/IY1FWxWFhCjCgozoQtDeU1UjzVJdXJ27WSSvpqf3L/C7dGvw3jbcVi+GXhQk4IGf7LtSByecNye3Q54xX0T4eufM8ReKJ2Kkk2cRHUjMSt1GcEgdtuRnoM18veHfFGgeFbzwR/b1/babFD8JvCVxsmkzcTP8AYbWEJb2w/eTOSx+VVJPUdDXUeEfiH4w8Wa543tfAvhRre3i1CxVPEPiaOS0szE8GfNhsGC3bptIKyY2sSpXqQP8APOu3/aGNqyfJD6xVb0SVvaLZ9tbWWj1a2P7QoQUsFgoNpydCkuZq7VoQ3b0Wi6vrZXT1+i9Guoo9a8QPNIkMEctszyyuI448RnlmfpkkE9eNx7rjjY/it4dsbzxLZaVFfeKNVgv4gLXRoGnt0O0hY5NQVGt4mbqdzAAjkZNcLoPgG91Hxtq48ceItR8RM0EE50+3d7LSIZco22FLdo5ZY0IKj7QCSpGRXo9i3h3wfdeK5JZdJ8M6UlxZBpJnt7CI4gILPIdokYgnLt83QnB4rNVlaPsYSk2lJN3Sb91ydut7votfVMK1FKWtklGLtpa2iWvnd9H03ucjbr8RfFvjXV4Lu+i8DaZeaZa3K2liUu9caIFSryXZ32ygr1VVVucdcKJJfA2i2GleP2uYpdavrXw7r80Oo6sz3c8ok0a7dgsMrNAgZl3bVQBSBjpxyY+O2g3Hj6/tvh/oOtfEXWH0j7Ko0y3e00iB4WCkPrdyq2MilckeWxyAwBPQc9r9n8XvHPhzxpqXiTxBYfDbRo/DviG3n0Pw2n2rxJPFDp9wyC8vZQ1qM4CSNBjKH5T0J9PAymsXg3OcaPNWoy5XbmlecL2ivflqnvo+2tzixMV9WxCUJTXsWlJJ7OHV77qV0ulr7NL+FfxZbGPx14yzIiL/AMJTrpCMAuwG+lOAOPkOcADHGCK09C1rTrGFluHQsJUYxR5wem0cfxckHP4giu5m+HZ1jxD4ou7LSdT1VI/EmsQm9nLJbExXswDzzfdVzgu5BK5OOgFc54t8MWnhdBJqt3p9uSIylnYSxzT5HVXbLYJBOTk5HTgV/qFlmZ4aWVZdRhODqLB0Lwu3K/soK7SvyvW/o7WR/AWaZTWhmGLryXLGeLreXxVrp3dkvd0VtXpZ6XP3M/4JW3PxUvPhB4+Pw1vvDPgzRYfFTrr3iPxHBcX1+014SsEGj28LAJ8hIMkqmPJAIOeP208Kfs2m48J3V34z+IXjrxZ/oOram9mt4ukaNI01hO7iCC08mZoTIRy2eOTmvwy/4JT/ABk8L+E/2ePidoumTaLd+OtU8YRvoXh3XLg+fqYaZIoUgiDZcK7BmKqSMHbg8n+g+60b4v6f4J0XWfG/iW30pG8Laklx4d0aAJaxPJpdw4haSQF9qBwPvc84BGGb+HPEZY2nx1mrlTpUsNLGpUqipxhOo37G7TknOcVd2kmk/VWf9bcFyw8OC8qjCs/bfV3GcHLnS5NeWKSaXMrN3Sd7u6Wh/Dz4yufh34A+IvxOm1Kz0OaS38U+JILYXkhuLhVN5MsSxszuxdQfmZ8sSTjkccXo3xu+GVpNbWSaLoUUTxMl1qVxawNJH5jBm24TcWA+6Qyng5wM5+V/jiJr/wCLfxKaaeaZk8a+JHCu7MrA385yQSQAAeucY9cjHzZrF/dW0wgRwCQCQoD45OSScEAYXvn3Nf1BlnDlOvlWDq18TXl7TDUXZTair06eitdpW1V7u/kfzhmOc1aea4qGGo0oqlXqpSlG71qW10b5m17r16+Z+x/xX+MvwZ+JPwm/4V54a0fRv7YnNvbvr0sUcEtsqHCyQyKFkLhjggEBhgkHo3yN8M/gQ1tbXF3ZeKJb7V7nxDHaaZEhcQBkDMWJclhkDaTnqDwRkV8ZeDdQvJdYtYpZtsCv5r/OQQUYHBCsMk5JBySMDHU5/Vb4MKs8WlXSNGUGsRuh3AMrfZ2zJnGeoYk87QOnIByxWSrJcI5YerUlCpU5lGUnNp6X1bvbeza7Prc9LLcxqY/Ew+sQgqkEoXjFJJcqV1Z20u73btbybPyN+I6XFl428QWups/2m31e8t7hcY3zRyOjkEYyeoyeCAT1IFV9Ok0FowLvLOSNoAPIxg5IzkgZBA5bHQ54t/G+5E3xG8RK0sTSHX9U80hiWLfaZMyMcgksApx0GM9xXPaVpGjsVlvdS8iOM5IMigMwGRyDgdmweScD5hxVUoSlSg3eL5Y2s7O9ovWz9b363Ta2OjFyjGdRKUdJctnbWyiuujurvdeXY6F7TQZg4toZpAQo3AHgsT90DsQO5z1yRgLUWoLpvg2A6vKif2m5H9m2TndhgARPKBn7vU8HByAeSCy48ReHdJgkeK6jkZEyqxEMzspO0uTnPOD2wecZrxzU9Uv/ABRrAmlcyNIB5MRIYIqklVABwpYAcjgc4U9tFRm2k20r2d2221pZXbtFJa2u7ddW358K1npdtaJX6tLforab6W7pnr3hLSPEPxb8ZaZDqt5d3jXs8StIctFbWwxuZFYFY44k4A7BeAcDP3wsXg/4a6cvhbwdHFNc2t5bnV9awftDudvmRJIOVTdlmVW4G4HGK+UfhXqcvgIw6o8ahzavFLJJwYxImAE54xuIYg5Izjoc+jSeJ7O/tYo4ZIpbq+1ISyrDl5Blt2CwJZhzlTkncfxrPEYZx97lSilzJRSV7pK6tfRX0TVk+92clXE1alaMEm0pLmlra/u3ta6a2Svo7b335XWr6afxrqE+d/nXyMxIySAwwdxxzknnnnvyDX3v4oupH+FWmNvAdrWyAwwIKqEKggsQSDngZJ+8Mnr+fWqtDb+NLiIrtXET5B537Ruz/dYnIxnPI685+59aYz/CLSrtUkMBit1VhwNy+WpXHGT04IOScg5wK9zIqkFFRSWsUm3a9rpNdWt/83ul87xPSlKFFtu8JptJ6vRN9lq07P8AS9vE7GN5I59yn53YsMZXgfKRgHBJwOvI74wT6b4YVLOKEqoBmR2cbGG59rAYxx0IOegwD3Jry+xuZY7YhFKh2VeQOVJ5LE9TyBj2OOOa9H8PyzlVjjKs6hg3cRqygqMjORgDAzkHqNo4+hbUG5X5Yxi7uXW9np3VtHZpHyzpSrclLlbk5KySd27qV1rfW+z2e27OekH7+8RgS5upJHDA45P3uOMYHOMELg9hnsfCGh3V7rGnrHuCiXzj8hAUAMc+uMZ6kHjseK2fCXgvWPFuoz6doum3Gr3slyF8m2gd0Xc2N00oDRrGBkvuPCq3I619c6Zdfs8fs03Ft4j+NmvxeL/F9nZGbTfhr4UmjuEN35ZdItbvI2aG2VXwksZKsRnOeCv5rxRnuHwNOdOipYvE1FywoUE5zk9lorqK1SblZJ320P2jhjh3EY2OHlVaw+GpKm51arUUklHRX+K77fJvp/SN/wAEetFh8K/sS3GsatLDplrqXjvxHfG5vpFtIfJsrl182WSUgRxAbiC3DA8EYNWv2lv+Cqn7MvwBtr+yttdTx14uikkgtNF0SRZbU3i7h5b3qmSKUGQYwoBOSo5r8hv2c/D/AO3v/wAFQvCGn6d8JRZ/Ab9ljStZvNMF9BLLpmkpGJcTpbxWphvdVulRdk0qNJD5pw4wBn9t/wBmX/gjR+yj8Ab2y8V+MdOufjf8R7dY55fEHjU/adJtr6PDSPYaWxe1kjMpOw3ETSMMFvm4P8f8Q0MJPMsbjc3qKnWlVnN4KlJTnGTaahUkrpNJa2Te/VH9I5bXp4HBYehhpfWpezh71rQilGK5rJ6t2bV2undW/LXw/wDGD/gop/wUQlvI/hV4D1b4afDF0vLl/EurxXWgaHFpcNtNK00ZuFgvdUmaNV2/ZpDAzN93B5/lk+KHw1+Lni/4tfEDw94s8QX/AIgl8O+MtZ0KUJczLppl0+6eJ5Y0ZtojcqXOQCcnLDJI/wBS26srDRfDOqadpFnZaLp9l4e1hbXTtKtoLGyt0XTrgCOK2gRI40XAAwoAHpkZ/wA6v4i6ydI+Kfxi1GC0heSb4h+JMldoJZtRl3SEDruIyCctjOCOMfpfghjcDmGYZnCGBo0aOFpUZQtFSm5c1vfqNczb3f5Wufm/ifjMfDA4aXtJpVZ25I+6trtO2rWySey8rnzx4T/Z48N+G9NivNe8q4uYUSZoFCrbKRkjec5l28AnI7Eeh7671fTLKKGy0C0iiEflq7wRCJSfMQKDhQWPY+4B4xTtTutS1sqWaVhPCAtrAHYjPdAOAQM46k9eg57Xw98OrprCDUNQMOiWUTRz3FxqciQ74lYOWJmKqiJjuMn6Aiv6PxOPwmEhJSnTguVrlVuZ25W1FLyuknfS+qufhmGy3M8yqRUKVSfvLXldlrHVq1vv100tfTlfFFpqGt2fiG5uzl0sbAbMsXRGQERxs3UY6EcFjyO1YPhH4d+IdZW2j0/Sry7jmCiIGJlj5GMvIwA2YyVwMcZPqfbU8W+ALfWtQ0zwvpms/FTxLei2SLTdBspptOhMQVVW4nVTAVDdTu6DOSAa928O/Cf9qPx6ITcJoHwY8KukYWGER3OrPBjHlgRgeS/l4ABBO4jPPB+IxXG9PLY1Y0pUaKlJ/vKtRJ+qp6zlqltFX2Wmi/U8s8OcXmioOv7ebSilSoQbS2up1HaKWidntt0PCbb4V2nhC0mu/iD4s0bw1a7Fdrb7RE1+QCTsig8zfu7NwWx90ZAxZ0LxNYapfTaD8EfhrrvxA1e5hUHX9Tt5LLRI9vyiZpJkRXUNg8H5scA85+3fBf7FPwx0q7bVvFw1f4j+ImdZhc+IL2Z7YP8AKSyWzSFVV2Bwu0BgSoXHyn2XxJq3w0+D91DqGvax4Y8DaBZaG0f9nLLZafl1Vtuy3Uxy3B4wqgFmzkelfA4njivmFeVPCyr46rJPlUU4Ub6KyhH3pN9eZxW+iR+kYPwywOWUadbGrD4KC5bubjOtJ+7dczcYxe+y01Wp8aaD+zD8YfHlvBJ8YviDD4S0naG/4RDwWqW7RRDB8ie9xubcpAJjbIPXBAr6X+H/AOzj8IPh0bebw94Ps7++UAza5r5Op3srDl5Xa8MgRw24qVIxxjkCvin4vf8ABUr4Q+Eftmm/DjTL/wAd6pEZI0vmj+z6asi5yzGVVd4gfm3KeQegLV+Xnxc/4KJ/tBfEg3dla+I4fBOjTblGn+Hxsm8ts4DXLAyIWGSXRxtJJHIyMKWR8VZ2715f2fhpWvF3grPl2hH33dN6vV3tuzuqZ9wXw6vZ0YLHYqCtzQj7S0ly/ador3tNH1S6n9JHi344/CP4UWLS+NfHXh7RLaFmBsBeW5uo4wmPLhsLdxIGwDgYz0AwRX5++Nf+Csfw38Dw6zpXwX8Iz+JL28vpbhdb1r/RtMR8lPMEBCzupAzHuYjPbJIr+dTWPGl/ql3Jd63ql/rV7M7u9zq15PeyNIxzkebI4BycgAADPAHNclda/d3EpWIymMnHljIXAA5VUYYCk/KME9Pevp8t8N8souNTGVauNqJpyVSXLC6tL4bttX7yTWt7K58fmnilmVXmhgadLCUY3UYwi5TasrK70Vr3e3+X6W/GL/goN8efijJPDqnjq70PT7gyAaN4ZL2dqiMS3l+fHifgHBAcAqOg7/EuseN7/UbiW4u7me7uJSWa71G6kvbp2ZjkmSVpHBZwW4Yjocevm1hZazqk8cFpaXc0jsCEgjLkK2ACTjOTnoDnBr33wj+zT8SvFKwXMehXNjYMyvJd6h+6IRz94IxDHIDEAcZGQQDmvtcJleW5fT5aVHD0IUuV+6oxaV490m23bvfq+i/PsXn2a5nUbrV69aU27SlOTX2b2Wq0utFdLtda+RT6zcz7S0kkgyMZZupznaBg4GcA45GeCoNdF4f8N+IvE99ZWOk6ddXc95N5NrGkL4klJIAXjjjORjHUnAzt+4dA/ZX8O6DYPe63LLfTwIodnRxCkgTeNgIJJDADnIYdMjAPvXww8KaVoHizwdqFjpkckdi91cqxjRVMqRHbuUgKVYjjIOACMk5FbyxuFjRcqMlOSvaKWjatbZX1a10VtHdWu+CFGpOq4VW1td36WjrbfTVXtbrrofMHg79hz4x+IY47zUNNksbUspPlxNKcnB8vco2o+Dl85wcA5xX2j4H/AOCffg/wpYW/iP4ia9IJoo1mTR5CogaQZOyQ53OxPUE8cjuDX1FqXx58VrBa6fbR2+kQbmV4LSBA0jNkB8KhYlgepwRkgdGNcH4h8YaxrsMUOpXE9wHkCxLIS4iUjDDy0Y5L5OCRkZzjIBb5Opmea151Ip0sLTejau5taNPmvZOzv3tdb3PWpYXBxUZQjVr1NN4+5e0Umktd76rfXVEscngrwTayweGbG1RLewdGe0gSLySRxJvUIZGBPO4tyd2RgAf2N/sO+OpPFH7O3wUtJm3zaL4VsDcE4JDSRo1vu4OMx84OD0JPXP8AHjofwu8beNlFr4f8MXT2c+y3N7dobS3TeV+cyykIY1B3Fs7R14PA/bz4Fft+fBD9jr4NQ6R8XvEtuvi7TZrDSLfwvocy6re3EWm232ZcG2ZxAk0mPmlUYHQkgCv5+8bMqxOc5NgsPgVUxuLjmNKVSNO9SfLbVyUU3ybN3slb3tj9m8NaU8PiMU8ZR9hh3h37Lmi4R53yx3ktZKMnvru9dz9Of2OowzftB6nI4B1T41+INhznKW108SgAfMRgn1AIwvJr6Y8UeJNK8L2MuoazqOn6XZxEtJe6le29lAqLktukmkXoAMA4GDyCen853wv/AOCjX7S3j/R/F3g/9jf9mnWNcuPFXjTXdbfxxrNlM+nWcur3RlgVbyOP7NHJCGUkTHCY+YjkV3UP/BMn/goR+1RqMPiD9q/9oz/hAtIvpFmuPCmg3c8uoQwP8/kxLYONPBC5QCWMtnBbIzj8Iq8GtYmdbNsdhstp+63TlUjVrtxhBNeyhezTX2ra29X+rvHUqcpOD54u3KldtpRgk07aJtPSzfZH3t8Zv+CnX7Knwihuk1T4iW2t6rbhx/Zvhw/bVaROkYuoi8W9iCOOc4ORkZ+Atc/4LKfEb4iXR0b9mj4CeIvFl7dMYbW+/sm/1dmzgLITZw+XFkkHB4HUkdB92/BL/git+xd8Lp7XU/FXh7XfjD4hg2SNqHja+lW389TuLC1tpRBIpbJCvGc/xda/U3wb8O/hx8NNOi03wD4C8IeDrW0jSOFdD0SwtLqNQuFAuYYUmdsqAWZiWI+8SQK1hHhDL2o0cLXzSrFK9SvaMLxttTSvZu27vuzkq5lXbtGny3kkm9LX5Xq3rpdaRjZvW66/ziax8Kv+Cu/7SvgXxT4r8Y65F8EvBll4f1XV5bC+u47S4urO3tJJ2sfsMBhvoTNCCuJ+enGeD/Kp4n+Mfx10+9vdC07WLWy+wapqdk13bxRLJcy2tzJFcSysRud5HQuWfJbOeSDX+nR8Wr55fg/8Sp2Z5ZG8B+IwHkAOSunXGCBkBSN3BxgHoOK/zEPE1hJqHjjXfN2xg67rZdgwRONRutuAuBk8AkDt6k1/T30eMXQzTHY+nDCUMNRpukqdPD04w0km9WtWrJWUnv26fi3ivicTTyf606nvU6jjZbW5I73Vnq3d6X2tuzy3xF42+Mmpr5up+P8AUVSUhWW3mMa524IKqygAg4x9M5rjtN0TXdYu3bV/E+u3MeTkfbrlix45KmUqQ3U8BsnIIr0vxTHb2UscEkMbuSroFxt2fx8DHzDHUnJIB7jMXhhDc3F0x+WJWUZ2/MoY/dAHzfdxjA5I7Zr+wXhKMW4uNnFX310trrZ6r0fzR/K883xc48zne7tZS6WTb8unno2tEYMnw/0lSXljuLlpArL500km/PU5c4yTwQc5B9wKgt/CWlwGRmsLVREx+WSMOxDNgDdyxJJPAznnPGBXtwsoo5UjkVCvlFvnJ3BscHAyOwGeMZ+bac1XXTYrmRo3RdrEgNHETlhjAyNw5BBHOc9COg+axGMo0arjeyTsm7b3S1bXXRX287b+hCdeolU55apXV3a8lHrJ/c38nfQ8dHh61t0MkcEC7iHRRCNwG4Y246nHborc7SScfOmtQJH8RmgCbQtzbsEGMcuuWKkE44GMqvc8g8fdreHpXKRx21zLjBGIHUMVPQMRgDgZxkc4xxx8i+JNFuG+NP2Bbd45jdWhMcg2nkqcMMFgOckDknPByKzhjYVdILm5bPSzaSS1Tt0vezf2Vq9DswyqR5pzm37qSTbbu+7W29tXp8TvZHskugvNsMCTMiwpv2rwS2CFIxngnrggcnjNSnwq7KP3fmLwrIchV6cEnqST6fXg19TWfwZ8VXMcCx3NtbRzWsD8K4Kp5YcbmIIyf7o7cdDmukt/gKzRH7Z4hcSsBuiQBQ2AM7Sdo68ZOCc5GSOfDxGb4enNw9p719rNtq63ST100sr3XXY0k5qyi1st21uk76ebel77arr8Zw+HhGkgdI0w4AVgCMZxkED7y4wckcEZUY4kg0xY5WaVlVEIZVLZXBLDnJPUZ44xnIGMY+0E+B3hK2hZ73VnlTcoffOgClTyPvkZzjuOhHQGmv8ADv4aad5xS5glCKG2SPvBA6nd1wDnB6jBznPPM89oXVlKa3elnrbq0n26aa38uVqdrttq0bbX3i1e97tvZXcr2draHyBDpkEomjAAYsG3KDwFGRjqB06AfXpVg6DOADHZ3E4dQVdI2PzBupIDcfdUg8ccknr9V6fpHgqDWGuooU+zW8AXyRB5kJkYYBJIbIII2k8cqOMZPVXPizw/ahkstCtS8UewFoIRGcEgsCygA8dBnsecA1jUzuor8lLRpPV9dN+m1tPklZaSqSlFrXn0bV0r7dOZ9H1tayVk9T43/wCEH8SXSJ9l0m9kMiFvlickgnHCgAc4I3HPr9Oo0v4JeNNREO7SXtYmljzM4IMYZgpYKxJOAcnvwTnHy19FXPxLlskH2CwtY3YAiQKpwBjK7R90YzhcHJ56LVSP4jeIZngjjnaMTXCMohjPG4jcFyMDA3HGAcc965Hm2OnKKUIxV43u3dJ2133T3Wi37NKqFGLfvpb6K6fSDVtNXq9U7dk7q35N/FPRZND+JniDS55BcT6ddLE7gBVcBCDgHH3QCvIyNvUAV0XhqKSWDMSsCEQqM8jK4IGCcZBzgnO0jIwM1D8ZHe4+LXiq4nLF5LxZXz94swbO4YxhieucDJzycN1vhC1CWZcBtzxKwA6gEBecgbQAfr+Zr9l4SXtcPCc5Wk4QbbVteWKdvyutvM+b4sbpqnCLTWiffS3VW26JO1nuzWudLvJ7WKQ8CJNx4GSQeD2JySOvO3GeprFSyZVlIwWKszj5QAwPI4xz7cEH26eoXl5HBpcZXakuzYFKgN2BJGQMH3BwO1efzSzJiRGi+d3wpwAcngtg9cAYJORkd8Z+1nThCzTTXKpXstFZLZdU9unTdO/59Tqzc7xStdXb0tflV0lq+tndrXRdoLXSZriMMOTICFLAKA/OOSQG9Sc54HGM4uvpUFtEGmdDsyZCSAwPp8pBIGR0JB68AUzTnmlljVpzsVjmPIUBiCeAuPfOPfp3vXMMKxMOXdlJLAsQuMDPzc+544zkkc0lBSXMo2ey6t6Rva91dtdFdaW0WpVqvROyalG3S79zq+t7rVatW02M23jtZImzITsBKjaQMMc4PGewHBLEg4zzV61tYFgv7hkY4ZEQkZYgnBTBXp04Ixn1qS2QJGUXaFkRCxIXdx/ezznDNxxjPrWjJam10i5uWQ/vblduCeNpA7ZPdsA9vYc+RmUpKny30e7a3vbVa20e/nrf7K93LVdu0bya1euisk31vvZtrXd36ewfBaxsHOtyT6XZTMqRmN7mNWEW4ngBh8vDHDA8d84JrzT9qvSoU1r4cm2tobZGuSPLhVVBO+PJAGMc5wOFGBkjv7f8ArJtQs9dkkglmwyKQgYkE9AemSRtPXgk44HPG/tRaPKNX+GEDQ7T/aUkScH+9GSpGOWUZAXqOGGTuA/EsRmclxLUwjrXdm1DmSSVoySiuvfZ+p+g5bTlGjGThaNpatK//AbvfS/3G1ZTTxadpyQyyEW9tESAVwn7teQACTz07Yzx0WtXzZJ4BGREsjhi0jEkkEYIBywHGOB+RrUh0qKOGJH2IPKUMiD5wRGo7kZz+J4+blcDQs9KskSV3lYpsJG1GzgAcDKnacgcd84HFe3PGU4t81SMe7ckrWaW1/Na389UmS6PM7KMtW/wtqrq7bvrZ6XfqcfHpkKNbvhI2jdmkLHCN0+6MjjGRgZHAAy3ToBBb3LxlSzkk/u7eKWQscgHPlqeCRgYPIJ5JzXuXwJT4XaP8XvAepfFfwzqfjT4a214bnxD4esHa3vNTiT5kiR2K7UY5DEEMQcDoK/o+8F/tvf8E9fBGnWkHw6/Yfto5LZQsDapbaZeFm42tK9/FIWY4AYk8knjmvzHjHxFqcOV4UcNl88fz0uf2sKsIUodEm3zNt76aeep9Nk3DkMfT56lf2NpRSi48zldJNx1utNL7t66o/l803wD411l4T4f8B+MtYmuJNsI0zw/qV0HGcZQJDznjjnPAByBj3/wl+wx+1949aH/AIRn9nH4hXS3IDxXV9ol5YQnLD5me6hCggk/MSR6ryWH9Idz/wAFatM0NRF8PP2W/h54fUYW2e/07RUMDZyrZtYFbAwCSMEH72M4ry/xh/wWA/aq1COO20G78A+BLZt0ezSLcO6oQxXAlVowyru6DGeAM81+cS8aeIKnu4fKKEJN3XtK05pbWd7R2fS2q/H6SXBeWxUZ1MXWlFWfLGCvdJeUtOvdWfTb8nfBf/BGX/goT4wkEzfBuDwzBIfLSfXNWs4PmGBjy5GQgE4Oc4z64FfSnh3/AIN7v2tb2AS+NvHnw48FtKFAW7u4bhIgRuOZI7jbuUrzz+LZ50/Gf/BRL9qLxrJc2utftA+Io02uTBpUcVsiuxIwskMavtzkbgw/LFfNmu/Hzx/4ik+za58U/ijrUsq/MlvrOrsrNngqkE5X7uAMDoRjPNZPxP4zqwqN1MDhlO3K4wvyc1rtuTd2teq21TuRHh7J4zhH2Navy/zcyvdx1aSutLK7+69z3/4h/wDBB0eAPh94q8ReKP2ufh1b3+g6BqmpnTLGSIz6jc2FrLcJZQx+aXLzvGYVGMknA5Ir+cD4T6e+jf8ACc25eS5a38S3dmGEb7rjyZJIxLEEB+WUgEDnIJ69K/a1IfFnivTNWWz8N/FHxAqaTqcqXGorrdzAohtZXlmnkuGaNY0UFiTnheSCK+lP+CHnwL+E/wASPgp8W/F3jzwHpHiXXIvjRcWFpfazBHcy2a25kJtdsgYeVvTLABVzk13U/GfFcIcM5nxDn9b+2oYWvgcPGhhXQpzhPFy5IptO0U7PmulezSV9C6fB+GzTGU8Hg6TwXPCpUc2pTU1TSezjqlfXvrbW6X8uOpwtHq2trcJLbyx3U8skMiujKdzFAythjuHTvwQemBA0gW1tmIYtI53ctgg4AxjJBx1GcZUn+IV9aft+6Npnhr9rr9oDTdHs7TTdMtPFU62ljaRpBbWoJYGK3iUBUjXO1QBtIUjAwBXx1LLcNDZwxDLFcgj7ufvAbscgHAwQeT155/rHhnNf7byDK82p03QhmGCwuMjTk03ShiYQqKLdrNxjNRdrJdO5+P5zhZ4LH4rCxd3Qr1KfNbflkoNtSva1r7vXTXW1cTF75wuWjQ8hScAjHGOC2WJJ5G7PQYrrZJcrp5UMN6sGYngYxjvnGSQ3QAjrxxw9tHMt1K7kAYycnBLMcbcLwMA9TjA5J6kdveMFh00uuPkYbQPYnIxgfqTjocgg/U4dtRWjvfmdndvWPVOybb5V1baavufONTTd42Svd7apptp76tWv022Ls9yht3OckokYCsSGbOCeDjrxzjrk9a7OyeFdGIVdpkSFCTg5c8kLgDj5eRjnOcYxngEAWzcMhByGz3yzA9M4Ixn3xnjHTup5vL062WIq5EUTOAD8reUxy2cYORnI5P0r08NLncr3S5eZ3T72k76Jtptvbo2eLiuaSSbUbybel1ouy1v5pLXppZcfqMrvPOdytmdFGOh2Db35wcADnjaCeTWzqhH9jWo2kkMrDp1YDpxnjv3J5OSQa4ySdw7P8pLSN1yQMP0IH3T3B4POa6a7uGfSYV+X5JQOTgqQR23HI6gdMc59qcLqclO97aPpqr9vK97vRLscsIRcqLcndyT0vpe1777J6ppPfa7M7U0aXTlJAVf9GOCGIU5G1eq8HnBI6Dj1H7V/8EvtFvL34SfEhVkMC3HieBQ8EZfEZifdnIHJJORj5umDkV+K9+27TCwKgeZCjICcnaRghRjjqOR1A4JAA/ej/glrptza/s5/ETUxGwuJPFcjRlWG5UhiZg2W6H1AB5GOcivzvi6Uowhd2V4NpdNbO93fZK6b0t3P1HhGklQqNOTv3XlpppsursrvtofDnwVtX0H9vXWtJWUpZaprWsaXnYUSRZGJKhQANxYMB8vGSw7mv2t1bS9vxC8AWhUA3eo2oRdvGLeYAEcdeBnPHHbNfj94J0LVF/bU8LeJZoTPBqPja+IKgh1zIUd5cDhVyCfVRgDkZ/bKGK41P46/DywghadLKWS6JETFVRG3FmyOFXJ5JzxkDuPh8xrr3G9lR5rLW75Y/da/zvfsfbUUo4eo5OV4peUkrRW2je7d9U0/Jtft7FaRj4Wm2jIVFtoVbcNxLiJMk/qcEZA4yQa+RPEugqyvK0ShwhVBg4ZcnLnI3DrgA8keuDj6Sn8SyReAmiXasKoAxfartgZwVZhgKMct04Iyflr448d/HX4d+GNRTTvEfjXwzp17JEWGlPq1p9vkZQSsRt9+8OwJXG3IznGea+IoYjFVK1RUYzup3fKul10a63tddm+tz53EYdzceWnKe1mo2XTW1t7NJ3Td09N0J4C8IRXkd20cCTbdTKl5FOVJbJC5HAIBHUbSc4xX1T4f8B2lsAskSsxAcuqEEFv4dw6DHQnpnKnkCuB/Z38ZfD7xX4bvPEDa1oWh6XLqE6xvqep2MEiyon32WWQMqMfnRwAuT+Fe+X/xi+AXhosur/F3wBamONfMVddsJG+QZIVEkJJz16k49TkfI59jcyrYmth3QrTcXFe7Cdk+VaJ2eqT8r231PcwGW2pRk6aTstLSVtEmn169fldq4208IW4RmMBjVWUKpQ4wD8x3FQeRkKM9xwf4d238Io+N8CFAf3YdAQBjcpHAA24HOcZGOMmvG9X/AG6/2QdCMsUvxd0zUZ49xkg0u2e8yV7K0IYMeMDaSCDkdGrw/wAQ/wDBVj9kjRVuBZah4l1wwk8W1g9sMruARXlAXAAxknnjBr56GW5xVmuTCV7S2fJJWel7XWm99dPQ9KGDmvdUIpK1uZpNaxVvO1r32tZNdT6V+KHhxI/AHjwONkf/AAh/iIR4X5jnT5wRyOQCcFQCD7HNfiz/AMG/1qE+HX7X8IYAt8W9RSNScv8ALNIM7Dk4I6cggY56Adp8b/8AgtZ8OpPDviPQfBHwv1PVjrOj6ppNvdare2/lxG+tZLb7QyQ84i3h9hyzFce1fll/wTi/4KAat+yd4d+M3h7QPhvb+MtY+Jfji78TNevI/wBn04TO7GyWKPDOsZJI6E45LDgfo3D2SZnh8ox1KrScKuIqUnCLlaUkravv+V7inQdNOHNTXPv7yb3ilre2+r009Gj+tW+0V8SYj3sUB3opYDkDHQ5yD3OefTNYU2iO53NEW2KOQgVl5BGM/c646AnDHOcmvwQ8Tf8ABVX9r7xVLPF4R+H9noNs6kGSw8PajdvENvyn95AybhtHIG04JJGePmXxF+1X+3t4/uLtZte8f2sc6uhh0zR49PiZG4IjYwIw2qQSWwRgHOa6KPDWb1mlUlTpKy+1d6uNuW11ffXZ7WtovLxNHDU/4lehB6byit+Xq101vbfzZ/TpJp+n2xLX95Z2oZsl7m7gtwijH8TMMDufU5PABA5HVfiX8JPDRddd+JHgbTWXhkuvENhHIiryRsEw5AXkjp1/iNfyo3vhb9rLxjfQvrVz8TL+G6uVjka98U3NjGSzgHeiXCKignsq9j1FP+Kn7MXxT8B+Cb7x/q11pot7KS3insb3W7nWNSlafad6GSaRWCkkEYJPzYIzk+jR4O9pVhSni6jnOUUoRi2rtrRJtaaNXaWu7voedLEZfSSbxFKTXRWdno7RSuul7+mvQ/pI179tv9lLwpNJHe/FjSL2SDcxj0mJ9TzgH5Va3LLt3A8LkMccHdivn3xN/wAFUv2U9La6TT7jxR4i8vJJt9OmtFyuBlTcI3ybiBnKgHPUZI/l+i06+nlS6OptatIjF4IIAhVhwF3AAAc5wT0HNfY/7M/7K3h/46R6tPq/i7VtPk0SSKO7tIAvmTrOpYvvI24BBG1sjBzyQK+gn4f0MFR+tY6rVhSi1zzlP+blSVorXVtNd/LbOOaZdzcsZSnpZWi+VtKOieltE766WV07Xf6b+I/+CvHwpKTjQfht4mvmQMsD3ep2sCOOcbkK7sMNoI+XBI6Yavn/AMR/8Fa9fuldfD/wv0WyVx8smrXyzPyeCRC64BH48EjnAHbaB/wTr+A+nRn+1p/E+tOqBgss0aKzFeRlW3dOMBj7jFe16B+xp+zd4ethJbfDa1vpYreQtJqVzNKQwVsHaXYEcZyowDnHONuUMu4eoWUJ1Ks7pJtN31jvfTZaeXmrNvMME1zez5lJLS0nJNKOm+q3tbR7dUfnaP8Agpn8fH1XUtQ8N6P4Y0m71h4rcNb2l1dMnkoyIsIIcbzuwARg5XB5Cj8r7745/FHw78f/ABN8Tg95B4+1DUrm9upbi1lgkaS8IeR1t5VD+WflK4GO3Nf1n/DP4Z/Cnw1othHpnw68G2jw6hIwkn0u1vJH/wBIBUeZPHIyuuBgA4xz3zX4wfHPRNB1H/gqnaR3vh7SZtHuJNFhn0lba2g04xrBJuLW6IsRz1Jx1znmvqOGsHhMbmDweHpQoJq8p6NuEeTmjNJbPtddLt6EVs0o/VqjVFzhShzSi0knsrJNOy97s2mr7WZ+ZP7Sx8r4t63GwMiukOWPIIPoAFPHPXAxnjOAfH7e9CpIq2zgIjBWViNoVTliMdyCQep4Ge9e0ftMYj+MGrJlYylrAyI5G7OCAO2MHglsknGMHr49b3kaW74a3DqrBzwckgkBuxIOOQDzwV619bgHL6rT7KKT3a0SVravezeu6tucWYQnHHVEtbSV76ro7aXvZ2d0rpI8X1tkl1jzFVgzXSqQ5JAUHAJPPzZK4BAxz1IOfsfTLK7vPggIreXJbXojIAwycBckHr6YAI6AjPf471CRptbQqUEZvRlcADIPZTjrwM9MkV9yeCTbS/BO4kJKSReIYgrHhVzgEnH446ZHIz82eBxbx9P3X70ry9NNr30b63s99rI9vBymsDNysrJNb+VktGn1V35tWu2eDPol/G+yJ5w6ncxKE4JOAG4yBx24wT6cct4wt7yy0iXz8PEZUBZkIYupVsEkA8Hv7+pwfbGvNs0yKfMG4fvGJXAOcE+2B078Z46+V/EW7mm0yT5lEYn5GR8x4Ctge+DzkZAyoFdmIpxVKe6km0uzSskt2k3ZfNabHm0JqdWFltJJ2Te3Kru7snZv1d7baei/svT26a+8jtIjRaPekmMHG6RWA6clWypPYAY52nO78T9OgsfFsd7pdtNBEyRXMs6ZKidSrSTIrZw4GQeeMDjA4n/YtgSX4gOJrdLxG0O6X7OQrLkowVyvfaxz6jIGOtfUvxd8ORWcN1HcWltEqgzRXMUAPliQf6ovggtg4I55PQZIHm4CsoKpTV23OElo03a191fV9Ve1vQ9jH01KjRm0krO900/hTd9La7WT1d/JmFa+JfBeo+ANdvB4ukuruPw+wTS7+XypIrkQbCYlUqzuzgqq4IK4JI+6fiX4LXCp4+02ZMlzq9ufvbSS90GzycEEEZycEk+uK9c1fT9IPh++RLSPzobCR/OhQBmJydzdAGAAGG+6RyMgY8g+C9ox8b2PlRuzDV9PAJYcBriMYYgk+h24xnPCjiuzN6s6kKTmnpG2zvf3fnvvvfsefk1KlRrTVN6ympNNarW6Wyk/v6elvuLxlf6rret+KLWx8UWenul5DGNMuXTmVIlVPLUtsVSQoYqByTkdq+R/GcXiGG9v4NbubW4kjwGRJIpI2U52tHsJBHToOOeOCa9p8aeCvGep+L/Et/p/h64v7NdRVZJ7dG3IY1wQDFltxAG0dyBkDOa+bPGlpqFhqkrXun6hZbGMbJdb1wQcncH+bJA5GeCA2AOR5k6v+zU4ScrRSstrXV92tLX+VvJnszhy1m/dV2rpuzavrbrfXrpfdO+nKwp5PibTBIqnNzYkbQcKTcITnnIIPuxwc8A1+i3xN1W30i/8ESzWiyQNotot1I4QlrZgnmR84wWUkZBOSRxwa/OKymkl8R6YygMPtFngODnHnoeD3I5POe2CTivur433zpZ+GElJCNpVsxYLkiNYQCoYgkFjggHrgGufDVXCo6kV70JJxbin2au9G+ZfNI7sRTjUw1v5l0WrWidpNvVrqlaJ9wfDz4tfBfVvCEHhkaVbzSS3KxzQNZwRzW6HAJWTYN3JLZBLEYIIYZH5UfE6wtNN+MHji30cSPprX07WivliIXYlFz0+UEqQOOM8knGzpOsbrIRWEhieZ0VLmJ/JnQjALg4ydhAzggcHAI6+eardXP8Awll59puJJ3CxoZJDveUlsFi2SxZhn7x5OPx787zCeNwtBVFT92UVeEElZWur31ulfyS7anjZRgPqeLqzg5tTjpzO6Vne17pNXvr57aH6Pjw82r/D3wLGJBE8fhxWcEfKNyABSV6g56EYOeoIxXyt438Da3ptnd3sFvH9mit5JbiWIfKURsbmXJABBAPft0yB9gaORD4Q8JtEzKiaPao6zvtiVZIiwX5uCTgE8/d79q+VfHvxGu/Eeo+ItDtYBZ2Wn6bPanyWPlTyRMM8c5B2g5BB3EksCcH0MbRwc8twkpRi6k6cIwa12jG/pbS/fbew8NVxEcdXSuoRm2r6b8tm3fbR6Xu/N6nzRYhVvYwhZ2Zrd0ztQgmeMsSwIJGMkZPY88mv0u1PVtfsbPRLjR9Vl0+4i0bRZPKgck3RjhXAkRTiUqdvykMD05PA/MvRxKbxHk2sfNtsA9SDcKB1545z0Bz8pwa/TjV9Wh8Kv4b1U2Q1JRoWlRPasgdEEkSszfdO1vQjuOgr5Dkp05NcqaVr3ir2em1rr5bXtdo+qhUqTpXStK3VWW7VreevS99W+3La98cYbaSGTxj4Zt9d1KG8DS3ZLw3oRAA6+QAI13KVKnaCeozivnTWfGFjr3je41bR9Ol0+0u54TBZSsZDBCZVyjOcksMdDtAH0rqfitrOia3PDrFhbtZXtxdyJNburAKgG1fmfGWXsBxt6/dOPGNEWdNZigyuWuYHBBXGxpVJwc92YZ68Ek9K86rTpwqucEl00va3uuz31bS1WjOnDVJ+zScmrbpW2VrOzejbsktr62TPpH44SWd3qOiOEEL/APCOWgMjZXD+Vx0IY8HAwTx+OPlma51XT45JBdAFSypGWByH4ySTkgdQCBgdM7q+j/j9eJpeseGFmt2ljm8N2j7ixIUiMElQOrYGRu/TFfPlzfaHqq5AaPy1wAEOSUBIYgDGB7knHB7E+XjZSdWXXpftorKy1dlre3X7/Zw+kILS9rt/Crvl02Wyva6s3e9jT8G3s13qV01wN8n7iYnb8wUcs/BCg9uOMY2nODX9I3/BL+++EUN9o9l8YHtR4ObQNQu7hL6CWS3F0QyxuzRhimG5ycYwDjHNfzf+DFX+25obd1mWaydNy4ITBBAK45YEAnIzjABxxX29rnxV8ZfCnwn8OrrwhqZ09ri3uor9ZYYpobqIJkQSxzAqyE/eBxkErzwK+V4syeef8PY3KqdaWHqYqk4RqxtGUX7slK/dW0tey66aaUKkqWOoze0LttJX1s9++j3t3vax/XZ40+DH7E+r+E/E+peFvEPhiDUrO3iv9Pd9WaKK6885SCG3eVZNjDCnjcRjnpX81/7RHhvRtP8AjP8AFy0sLVIdOsI9FTTgiyPBteNJG8p5DuKNkOofOQcqc9PKvCH/AAUJ1qCOKX4g+AdD8UXtlPZva3VhJ/Z4e1tpAzQTWsQSB96jGWTGT2r2T4yftY/BD49ajZ+IPCOj33hvxj4lNnD4o0PUooEsLe3022iihFhNbgKyloiHLneRjnIyfwvgng3ijhPiCX1qWNx2AxFGdOFedWFaFOzTim4tzSaTteKtpqr3Prq2KwuIw8eerepFxbTjZ8trLRWTtdO977dEmfof+zN4M8O33wk8LXD26w6lPpqhp7ZXE8cQlYuwbG3AHTPTrg816h8Q/C9nefDbxlaNqt5cfZvDWuzwQ3GWOIbORkRGbJCkAA44JXnk8W/2cdO8M6h8M/hhLZeJfDVj58MunaxpJ1WIalbvI7Oks1lHKJ1jdWBDbcBT+J3fiDpFkifEjS4lvZoNF8JeJYoLuDzmtbsNp8zp5bkkMoJ52noAxz0H5vneJxEOKsTGt7WmoZs21OLUZJ14NyUnZ25bvfXtdn0mDp0ng6Xs5JqVCzs+vKru260u9b66Ps/5/fgorHxdo0TME3DU4fm9WkkAG7pkZx15P6/1n/scaH8J/G37Iuh6d4uGha/f+GL6+g1K0lt7UXWjW73sj7pLl18yF2Qlt3BClTkAYH8lvwoH2Xxhocg4zqbhgxxjN86sPXJGAQPXAPp+kX7OHxS8TeGfjH4k8DW2lanq/hjxReXYudFsJ74PfsbUhGgjhYxu0TYbDDHHHXI/ZPE/K6mZcK0atGqqdXDrD4qLT5W40kuaMZXhGDae7elvI+XymMpYyrT5nG3NsrtLminrpuopXbTd21fYZ/wUa+CHw6sE8feOvhwEGg2Oo2UMTwaj9pTzXKiWFEZi3lgk8qNoPHqB8AfCSJm0zUwqFW/4R7IIP3TvCqSM9Bz9COBkiv3k/bb+EEsH7Ivja8uvhlqWja02n6Vf2l1ajdFb2BkikEl+IyRHPgAyebh85JwWwfwr+EUIbS9bULITHoBD5B4w/HQAZ4Y5BOeM5wc/N8DZo8fw/VjKpOUsPWdFSqVI1JuEVTcbzhupa21tok27WPaxaoxqpwkpJWvPnve0le7Widuiu7+dkRyzXyX9paLeTxxPDtleOU4bcOcqD0P3VHzDI4JPNW3luLTUbCL7U8sBjkVfNkLDJBDHaTwSc9QOO4UCp57Uvc2U6o5SONA67RuHKgHjnkt3IJ5x61iavKyalaBVIVGYBTwRwQOuMZHI4HBA4yK+pk+ZuFlbleq31Seuisr9W2m0ZxjL2qmrP3qb31tdNPRfC7WeivZ9j7Q+G8Rj1TwmRhRG1qQ2QvJkjOeo5OSMdCOoJ4r+6T4GDHwb+GXzAn/hENIySP8Ap0ixnk9c7sgDPQkDIH8NXwzt3ubjwqUxyLAA85JMkRIHrt9s4568V/dH8EYSnwd+GaNnI8H6KCAOTizjOcHJHoD3HX+GuTg3XOswirpRwsFJ9L+3ho1v00vu9L6Nu+P0llOUdb4jW+t17CHR6aXVvv6Hpy+w68kjOcYY59Cd2c+pySMHNWUIJAIJGRuYZ4H0I7jA5A69MgU2JFUEnGTz+WOSTnBGehwBz6Cp+n3SB3znG7nr0PbkF+vUnnFfqkYJre706PWzjay2eys9dux+RtLTRX630t8Pp23enrYkCKV6Eg4LfNkAD2yOBxkclfUnNKFAC7A3puGcDA6kngHqAR6cgYNBYYIHUngdsYJwMhtuPTHAycDupc52jjAHT5e/ynIGMc4IzjdnAz8tdNNy5kr6aXT6Kyu/u813dtjGbV1qrN2fm9P8tO728wKCMnsAMHPzEDgHHAAI+rZPUjNOG0AZGPlwSeq4PXHY8crj6L6oCDtOBz8x7ZPbIOQAO2RnHXrkO3DPPJIyOmBlgOgHXIwOmOgGMBum11e+ja03utNE9PXfr6JTrZa6bW/8Bs7K+1n0tbTSyszBK/xYJORntgDGc54znHIXjbx0AOfTPGeccev5/qPrTi2AQckDPU9PU8dyQCe3AHTqo4weMEg5XnjpzyDjjnI7cDoCJWW+3/AX+X5Loh2v1Wyf6bLte3fsujYvOPlIJzyc8deDnHTr2Iz0PQPAPQMoVicbuenIPTPoCAeRgdflKF+6qMZJwSAD1GCRngdMnHcn0C4LAuDjauAAcZ7HJ9eB90Z6BeelLVvZRez3e0e2urv0tvbzX3f8N3X/AANfMUH5s5wDjIAOBxyepJJBBPXGenGS8ocjaMg4JGD6/e5xkc9Txn1qPcVPA7HhuxHIJye4ycY7cqRUqEfdJ2jB6HO4AY9R97nPHr0zijXTVO1tX69WrauzvfvcWq19L6Ozel1r8/zWoAHkk884Htn26Hqeew45JpWUEknI2+p5JHTIOSAOuckYzyBUnHJHUnuAwIHTj0Bzz7nvg1EpJypzv6k4OckkEccEdxggY54Xmi6dubS+r7brta6ulr3e19TPlad00m9fLeCdvXW2l3fdCOD2GTncCOwwSflIx1zjjr83QmnIM8DaePy3KCOowPTkkjHrkgUkEgknIGR3U4znn7pyeQcHIJzgcuBVegwOAcAfLwQckHJyR1DHGMnp8xzRsn20SSdtEle2/Ne21tdXqVy6WV+XW+99Wlv0T2bVntbuP2g9R06dTt+uOpI4yTxwBUTcH7uMKQM8sScDhsgjgfTHUsSKdvDEEE47ddwwCOc8duuSCMDvgsduB0z6E569fTqc5JAzgcCn7slrZXd79deVtX23trr7qtorMtJrTfbbS2yduyv3vZvRiYCjBA2qSWHI6gY28fqRjpnA4CALgkY+Yg4AAxjOQepYn39gOpNIxO4A8hsd8EYIO4ds9s46H65eCMj5Rgg9sA9sA45G047465PSnyJWtdNWavoulnrF/c2tdujJnJQV3fW3mraXWi8pPVqzXUTHHy5GTnqDjJyevGOegH0xTSMHPp0zgAk+npjrznJz7kyBGOAMdABjPBA4GAMjIxjnB6djhwQYXJ5PU+oGBnHB45+9u746YBKm5K6el17z9EtGnune/V3+Sz5/c2s2lbols9HfottLbaEWM4zn5ecjnPQEYAGMn9Pfgybc9R05xjk/Tj16HnHpzmpCinvj6f4Z9c9MepIzS7cAkkn36DqSAPQZIz6Z6di409k2m9Fe+mttL6b7d9tLnPeUlqtW7313aWqvfa33beTNjYzkAk8rnt74wvB75I9uxCjDbwOuDnHToRxxxzyfTryBUxwOg4yxAGcDJyQCTnkgcnB6epy0nA7HsOORnjnqG5/iHJzk9OdeSSXuvda317P/ALe281f0SEpvbe93ZfE7Wvrv29L6W0GnA5CkhQRkc4+Ynk8HPIA6hucAZALlIK7iQM8jaTzwNpBx9doBIJIJzkmnKCgwRznBLAe+dwAz1OV44wcZOabgHkjAycd8e/fpx74PvQ4yvdpu6bs9nte/X79dWaRd7b31u+m0flrr2t23Izycnk9SBnGRkepzzkH72B1x94xnlsgEDHQ54HzYAx+BwTxnnpzK4ydowQOvtg53encevfB60nlYGAV4HYcE+3sM8E853e2YSd231dtf00XX06PW9x2+6zWq2v02Vttnq9exyvjXjwb4tAyCfDesYIwSCLKUZ9+2Oee545/g18YeHVvfF3iuB/E+p2QGv6/IYIFiCYOpXIyCQGUqORk84PA6n+83xjx4R8V5HTw9q4I4yM2cg4z1/vckeo7V/At8UGvB4x8UPBHNcbdf18NHFuG1W1K5OWYHPBxwSQSACBjj8r409zi3hiak4xeDx6bjfZVcO1rpey6W189D9W4Dip8P8Sx0b9vl9uZX15aqvazWl3e603tqkcf4o+GmlRWaznxdq7RXEHnyTi4j3ecpbapG44LEAEdSDjpmvOr3wFp6WixDW9Yu7eTy5jL9r2qrN3I3AqwI6dh3zUvixtc+ww2UEV+g8kS7GUncfmIUMRtBHZhhgSc4rzeB/FXnwI6zvHKECwzTAEHd3XIBHXIbqPmHzYx9bl9SC5HGpUa91NOTafw9k7pt2u7PX7uHGYepZt8ia2aS2fLo0otO2lvlbTf7D+FPwr8IXmq2P23V9ceM2E4LnU3jLSOhGzcsmQqnGAvQAHOM5r6v8MfCiarNZTjVprHdMplfUrqSJ8SllPyynkc59CRnBFcn8P7zUEngivtYt9HRFkXAYMQWj4IKnIO0kcEYwRhiMV0X2uGK+CX3ikTQASmMorvGwZjncw5567T/ABZA/hr6OnyWjNNu09Peatazt/h7ab9banzFdVHVkk3pBfDbRta/DbT/AIZJ9PEvjX8LvAuj+CvEF5pmlSiZraJkuTc3EgyXwM72CsQMbvl5J71+bfw70PSdY/aE0DRdRtne0muIoZItzDcn2TIUOMEZ69PxGa/UD44eI7WfwPr+n2eoRXBW1tFVFjbcUEikkFuoxyTnPGc7jX5p+ApFtP2j9Iv5kuJIrWSGeSG2QvKYhZ7soqgsWJwRkDnPJBGPQg/aU8TJNtqnNray0ikkrt9uzvr2OqkpRp04Nybc3ZvVO3Krb7XfWz3fkfqz48+BXww0n4ZeIdS0/SJVvItAv5I2kmlZIJEidkkXLZZlI4znH+9X5Ofs/aJpV/8AtNeB9LvraK9tX3edb3MSSQzH7K2PMR12tyAckEkjB71+wniDxzbeLfhb4pstL03Wv3Hh3UVVJ7doyv7tyxZig+4Ac8j1ySTn8if2dZ5oP2r/AAiqWFzqE9qhKWMTpHNMy2snyoWITIwDg4zgnPatcJNKiuRe84Xacn71uVLZ301100XzXLCnXVDF+0lN2k+VzldwTprVe8+XRt9tNkfrF+0h8NPB2ifBrxTqWm6JpmnzJb28cE0NjDC8bvIjMyOqBl38FeeA3BBK7fyt/ZItrW++P8enXdvbXMAtL7MM0Kyo/wAzYLIylSR1UgZ6DPFfqv8AtQeItV1H4M67pcvhjVdPn1C4hihnubi2e3h8sq7RtsZvn2qQABjnqTkV+TP7Jl5c6X+0FNfwaXc6pPBa30H2KKWNG8zzGBcM7BSFPXBxnGcYzXcqsHSi+RxdpXut9k+m2t091Z9d/PwFOrHDYlSqJu94vnvaNore7tZtrVpO9u1/0N/ac8O6FpnwtuLyDTbS1mj1m1/fwWkcLFMj5DIihsd9oOOnQcn5A/YgW21L9ofWpGSOQxabeOC8asF/fJztcYB2knOM4BAOea+t/wBo/wARX/iD4XXWlXOgX2libXLFBdTz27KpLKDGVUli21SAwGOTz3HyR+x/Zaz4c+P3igaHpi6zMmm3SbZZwirG0iF5QcsNyt2HAyoI4wXCVP3JO8YqK5rp6/C3ZdE07tvV77HVTp1XluIXNFuTdl7RPluo6OV2kmnrrps7H27/AMFBPLi8F/Dk+VFGn9o3TBlijjyT3ygBJI5Gc5PoQK+bf2CFWfxB8UZlMZImsYzvAZcbW3HleDjksOVOMYAFex/tzXPizWfBPgZdX0KHTVt9RuRaut15rXDHlgyqSyqMcHHcZJHFeA/sKQ+Ljd/EubQINPMvm2aXguXOQ4DgCEdDkgZJHIwfSumFWlaMkm430srLRJbNW3td2138jgpUan1Fq8E3dN83MtZRSu0+tul9dPiPUv24lS0vPBM4cEm21BAFVchPLHyDA56jjPGeD6+ffsGM9wnjWQEKFvrNWLKwQfPIQxI4wBuIxxnPccR/tfT+PZ9a8NWGvW2mxS2djc3UJt5C6eVICGadiSoOMfKCBnJOAPmzP2KPD3xAudJ8VXvhm7sbeyn1mKG9FxGHLSqz7EQYYhQSCx7AgcdK5ozTxkpJu9l5bJadNu++jVn07Z0lDJ6UJShFcyu+a1Pm501ZpaXtvy9Vqjq/29bRR4t8CTwzkufCWotuwSwKjJ2jr3AyTjgY4r0L9jKGRvhDBNOEEdzq96curYA3EEk45IPOD6ZJABryD9su08aaV4p8KQeLLzT7u/TwvqDWrWsPlxxWpUkRupGGlAGWOApORwM59L/ZX8G/ErUfhLod7oOs2Vto93JeTJblUMwlMh3udwxjHGSOODjOa7KNWUKzlCF01Ztu+uiTta+6equ9bnLWhD6hSjOUI0+Za3vFuLVraWatfXTfqfJP7Z6Qw/FXVgpL40eyCuCckZIwueeGyMnOOeK/Tj4FSpD8EfAAaUx7/C0ARXBDAGR9u0ABjk9WHCk4IAIr8wP2udJ8RWfxK1e21zULa9vbbQ7GR54YtiLET8keABhhyCeBljxg4H6EfBLQPGOp/CT4fXlprMy2beHLZQiwR4tow5A5YZcdcAdDuJzjI525PESbXK52bb7vlut215JN3e99E+nERpvAYe01ypRtfbZPTZdrvTdX00Pze/ayun/4Wv4uCuXdhpIL5+9tdCORnoOCOvfnBr9t/wBn62hj+E/gqC4uDb+Z4at2KsCD/wAe+V27gOeT0wCeBtFfiP8AtT6VqafEfxi018GkhvNJhd2RFkcB4+VUBkJJIYgnBwAD1Ffu58Jfgn8V3+EngPVrXWYRazaBYSWVxLDC9tChsUcJKqAzMQmOgIByMfLkOvXpUZP204UnNpLmtFJpRdkubXfR/lY5cXCUsPhUk2k1Nq/LGXuwaV0npvrZJ6rRM/nY+PcESfE/UI4f3qRfEwqWYsdgfUARnJ+8cnqc+h4Gf3K8OyCPSNFRmXA0bTMZBG0CzjGCp4yxOTjGOOQcAfir8YvC+pXnxQvNNu9Qijubz4n+Q8yx4Q3K3+wyqu3lC4+UDPcZAr9qJPhH430jRNOkj+Iunfu9J0/AksJdqYsomVASnO0YQsBgEAkdcc1So4T5Xrz8rjrdO2jb76NWv5eVuyrZxoptK0Y6K7vdRvrGLb10u/8AhvxY8aT/APF6b5VYOsnxQtx64Pmx9BnuQeOgAOeen7T6PDKdOKuGMgsJCQQ5IUWuOONvt1JwOBzz+LN74bvL/wCLemWt5qTS3Wt/EoQteQRhHWZb7yDcRKQQPuhlUjOCMdM1+49p8Bbq10lZh8R/FLTw2c0jL9jiUMI7YkLuIACEDbkgFTySTkj1sJVcadVNRTai29noorRp2WqT9fmcOaS9nUwt3yxd3ZxctOaPK00lZbNbPXqfhlpZ879oHw1bgbd/jy5UgDgBdR6hTxkEYJyOrY6jH7capaW9vZ6im9cmxutqYUkH7OwJ56gZ4HXjAxggfi1aeHoG/aM8G6fLd3AkvvG9xayTIxE3F+VaVCAAJJMFiRk5Yc4UY/afxf8AB/TbLw9rNzDq2tyPaWF+6u1y6sSlu3328zIGeB1HPT0MHW5IzTfnzOz2avfs/ltfSw8akqlFyasknZJvS8N+11+eytp+MfgG6Efx58MCacQxDxzOvmMdoRBeZ3E8fKAMnnGOvBwf2d+MeuWN18J/iVZxTQSMugXflzRSo5nwCVPykkjqcDBGSBjg1+Kvgnw7bXXx1+HGiXM1y8fiDxe9vOVk/ebWvApKvkbWwOTkHoODgV+7Hx0/Zz8N+Cvg58RNcs4LySXT/DN1NbNJfzMysy7CZot+x8DoGBAwxAz18ujilS5qd03VcmtbXvJK3Tvdab72TOrMY01WwspPVKMYqyaXN7Ozl53/AOCu342fsvX2n2fxw8JXep3kVlGmnOWe4fbGPkbbuBJCgkAjJ5IGDzz+p/xq8faFqnwr8X2FlqmlzSNok0aBLpSzjr+6j3Au/UbRwep46fmn+xn4Ws/Gv7RHhXw5d6et6tzokzmN4vN5RJDuVQMkqR0II45Ar9lfit+ypodt8OPFuqWloUu7Lw7qFyIzYpAIjHbSyK7MyrlQw5AyWwSF4wNcLmWFoxq4arUhTqzvKMW0nZpJLq23Z2XTS99zHGUXHEYepZySVN3ikk7ST66XWm1nazaPxe/ZG1CxtvjjpMlxcw28Q0jUAJZ5kjh+WRztaRiEGW9SBngc4r9PvjF4h0XUPhH8Q44dV0qaZvCd4IoYL6J5GdXVSEi3FmfJ+6FOBkjPNfMH7FnwV0Hx3rPhjTNS0yxkv9S0HxReXNyMiY/YdSjghwUAZBtY/NnG0MDzwfrz9oj9njR/A3ww8Z3kWk6at3Z+GruWG6tZ5cxqBkgqWKuwGM569cYzXPl+Z05e1wsJRcudxtbXVpetnsvN7dtsxjT+s4ecnK8qVPorNpp2d9U9bWW7s9Nb/mB+wlqWm6H8bDqOrXq2VofDdyrSzKxHmNICBgHOSBkY5+hIz+mX7UfjjwtqPwP8b21pq9rNcSacI7eEF1llJYYKqc54AORgDH8RwB+dP7COmf2p8aniube2uEPhS6lSK5hjmi3CQKz7HVuVJGCf73GT0/Rn9rfw1Z2PwY8QNDY6bbtLFFGJobOFZPXAkC5XOMZ3DPUgZ59bDyvGSt0aa83Zaq60Vr/huceO0xVJtN+7C1pKyV9LrfzeybWzsfmt+wdrukeGPi34l1bVbyG0tj4bnhBkV3VpWC7VATue/QdskHj74/aQ+IGg+J/g741tbG/t5rhtNijigijZWILgcFuBkcgA5wcc4JPxf/wT60qy1L4weLLS9tba8it/DkwEVxBHOisTHmQK4YAquQDgNggg8HH6C/tReH9K0b4QeMpbCz0+JjpkW2SKygjkVSwJ2MqKQPfIPBB6c7UKM505tySir3TS6tW1TXlZa+aa1WtWtTWLows5N8lmpRikm09nq7Na9Ho7aJr4S/Yi1rSPD2u/EE6rcpaCa20pYvNV2EhCtvACDceoz06gZzmvpf8AaY8W6Bqnwb8b6dYXqSXRsESKEQyDeOTu3MMAdyGIA6ZHGPAf2FNPTXvGHj61NraTSrZ6Wtv9rt0lCyS5AdQ4IDAnkAHqMA19uftUfDjVPDnwU8d313Z6WFl0yM+bDaQRyruAyAdgZSc5ZVIGc8U6cU6ErySaT0S3TbaWlmn/AMC671iasFi6cGpNy5OVppatr4rrRJx1s+z7H5z/ALEN9pui6z4kvdZv1s4F0W1jQYMhlKMS6ptUklCwLAAYx74H6d3XxU8EXNldWNvqDI8+i38MDLDMPNY2r/IA2ADu+UnA9uMV+b/7CeiQ6z4suLa5t4rqJLbUt0U0SOmUij8skHcMLngEEDtnAr9sdL+CvhKbw7eg6dZrcHQNSm837PAJIs2sjbo3wCu0Z5DBh3IGDWFKpVpxqWceW17NXdvd0b18npay67m+IlCFSjzJ3ly31Vmk42+JPVLs9V5n4G/D+fyL6ExzOHPjCSYxM2whP7Sk2nghsMduMZ684wBX62ftr6JNqHwFuIbS4l0swaHoGpF1G+WWVoYiJFznkcOPlOeBjkZ+OvAXwS8Kw+H7nxVPbSXN7b+Ib9beR52SFSNTdVLJnqMAjIOO2MV+kH7Zttbv8DLedAnmHwj4b2LGoPAWFcNnKknad2cE9zzkebia0qnsNEmpOCeml3F3STbs77316X1O+NoVI630V+m9pWVrvW/Xe9r7n85ui+MPG2ga4L+51U3F1Z2qxRG/tGQzQEYUMzKvG3oGY9MgDJJ77wz8atW0bxLo/ia50WCW60S+W/R7ebaJpNxyxjzgkAcHn1G3ivryGPwpLp4ude0PTNRtTFY28zS2aiYYiQOQ6oGGc8AHJPI5ODxmueBv2fdfS6uNP03U9D1EGWMNZyTNCjRoxMgRifl3A8AZwO4p4vIMTUj7zhVhODvGSd5Rklot9rN63T31PWw2Z0oKKtKDTWqbldp2u023fTulay6o+T/2kPi1o3xP8cr40tbOfSUnsorae1lk812utwa4mZs5VXbIU4GOfvDNeKW+q2NyCkNwkysQCjswK4UHucEcE8Z7444rQ8ZWOk32rXllp7sgsbma1ZwMGZYHZVdlbGGK/MwBJzk8DFcIfDksTbopSwcnhdqlSBgZPy7cHGcN/sgk5r5F0I0H7Kmo2ptwSXS1k9lu7W73Wq1Pa5vbL2l/iUZR1Sb2d+m/VPRNat9doxvHqUcz4ZFhfayD5SWyR90bssp29CORzUDXGwB1JCIWxwdwO44JPHTIYADPuOg5q+sNYtApaa4IdiirHIzkhRxnk55IB4z15xXNibVYi4Ml0GyxAZM+4Y5B469+OCeckbwqckFeGvu2u3bSzSVn6vtfQwqU93fWy1l7zurWTffro1q3vZI9N0i4WLWNJuEJZ/7TtJSrHAcpcIcAkAAnBBB7855wP1M/4SO5vtJaeXw5qCSNa2ywyRP5gdFjHzRqc/KcA5AYHJPHOfyH8NX93/amnvdf6QsV9ZMInTy1kCXCEhiR/FyG9TnaSCM/tGf2k/CuieELDRdQ+HZkZNLsmGpRiJGASFFby9vzeh59sDGc/R5LjJU4V3CqqMeWFlJc2qtps3devnfY8fH4SFR01On7RtPlSly2SSTsu2lrK9t7K9zzaTWLm51hZItH1IxjRpILq3mVVk3hgUcrnJAxxgYXI4z0s3fiGO4sYbK6huIcwhSLiF32lWHyqQvQADdxzjpzWp4K+IvhH4i/Euxg0a3vNPH9jTi6ivyAJSDwF2D5sfd3Nk9CSD19+m8DWkjhoprZ9pY+XJCrEKSCBkjJAXPUjgnqOK8LH8U1sHjKtHmp1fhfM7q91HSNr8y9XonZ33PewPDOGxuCpVZRq0nFNOF07LS9209Env036XfyFZaklrr+kslxshOoZcyKEQKoYFiMAgMeDyOT8xIyD6Bq+p2t0uyO6imAeQlEkXbuLg4wTnBAwR1BAOAdxPt83w0sZmjaTSdPuiis3+pCnBA5UqMkk4PB4+ozWPL8KNJ+eaXTDbybt+yPzSjKcjjA+XH8ORknnoa56HFkfeVSipKb1cXotI2vqr7dbWVuhdfhTlcXSrNWjyrmTbavHVy9baXenkeLaJdCHV9UkiQFGW3kIUoVyrLnuSDyCSOh4PHNeua1ewTa5oMkxVd2nSnYMgsCFwCAB1AJODwoOGGaSH4TaRulktpNRtndSW8pXK9QccjOBxgHnGc4BOYNT8AvLf6fnX7uOSzt9sLy2zAqrceW2BnsORkA5I9K9DDcWYBK1SNSEm+b4eZfZeybWt27JPa+l7rircL45yTpSpzVno3bXZPXT3bX+dlseYeJIRa6pdz2hUJI7SR5Klt45PDH+I44GPUda5jxRqLyaDp/nlCTdKGAPOSxHOB1JJ3YyRjIUBiB6xqfwv1q4ZGh16yuGZi+JkdTg54OQACPlxyfYEBq5jxF8HvGN3pNtFbTWE5W7MuEmUBsZICAkA55G4cgk5zyayxWd4DEUq3s66Up3cU3b+XV6ddnr10OillGYUZ0uak7QtzOFnFtdrb9NNejb2R87XGoQpcM6AEfaYzndlSoYfiNoB68AHkgdOn1bW0nFgihQwcAnlRnaCMZB9Ohzz2AzW/ffA7x/CqMNNWfMvnOEli4xjjqNw6+oOem1d1YXiDwL4t0+CCabQr0Kk2CIVMg+6BnAGeDkAj5cHtXie2pyg37WDd1Kya6NaXf+K3RdbaaenHDVoNJ05JLy1vpp+Oq+41vC7LNaPLJIGCzSgZZm4PJA78YO09ACfQY4rVfEjWOpXyIA8BaVPmJ+UgdVUfMTg4B4B9Mk52dMg1nS7WFbjStRiLSSMStu4DBwThmUYwNzAEnPrjIrg9WtruS5urmW0uQLhmAV4HUKRwDgLn5s9e2MkdgVal6MVGa93l+Fp3s4/PXz/yYUoSVaSlGUUmnezta0Xu7adG/muxqeGfFFslxarMAqNdMzSKWXYvIOTxnpgHacnBznGPfrPV/DlwspEkRl2NuyW8zGPkIYEE57jJGe/Ar42tpJ7SWQD924jflwAoOTjGRkHg9SeOgxyez8O600KObvLu6YRlCkDHBAwPuYxyOnI+6RnnwuJ5E+ZJpK2q1StGySvvqk7LXy0MsRRXNFptN2bs7LS1159mmtFp6e9yEPIZoWhMbQzqoUgkgoVbAwSCeoAxjjPrVG2uY49LBcqWRJcAZBHztgZGD931ORnHqRy+lat9olTygseUl2oxyVOztwAB2GMcAnJ5BLW9AtWWR85WYDlyMmRh3xweMe+BkClO3vTcXLmVlpb+W7XVrpp11bRpQlNSUU7RT1k7deW12+jaSej67H6Kf8E2be61D4r+Jb2yhM8+n+G5WZimfLjeVlwGwp4XP8WCcjjJx+u6l31vbHp6o0niPTY5ZQdpYpFGzKW5YHdlhnAAr88v+CQXht5tY+MfiaZN0f2G00aHAywd5A7FQeRgY5UnOK/T+w0+1PiU26JIS3i+ALktjzFijXaeoPI3ZPynBAzgVll7ptzXJ76bta2ytayab13lrsuhyZtKpGqkpXiqdJSSbTVreV9W767JdD4M/4KMaDY+JtW+F+jarHAsV7rJe5V0RHkgaVbfazgAkMCepySevau4/aC/4Jyfs6aF8Arjx14Z8L3eh+KR4e8Ovp91Z30s1vJqGoRRNczXcTuw2yyOc4wqjJPTJwv8AgpL9iX4lfBiyklitY7eaK5vy8gTyok1Rd7y4OdqKSSRwMZ71+hP7SttdeJf2QRB4HlOpXuoWHhbT9Je0kQrf3Dx26wwRSk4EpcqPlPysQMcivl8zwVLF1M1caUJ1HFRoynvzKL1jrda6eb016e/gcZVw1DJXGvOlSqVE6klLlUo80W+a71S1Svpulbp/J94w+Fv/AAjH25w4dLS6+xywc4DohRpAerLIy4zyMjJx38utNJ1K2ne4sJbyzKwmSN7eR4nVh2DKV646k4Pvnj7D+Inh7xNoGn+ItD8YQraeItK1G4sL+wnfde208knmkT8sdyjIVgDxkgHbx47ZWgd1hlVVdrESKSjgMMcFmHB2ggfMQDk/UfnscJWhNxmnBwaUrXdpKUU09Va13ZWb9T9B9vTmoS5udTSlGd03aWiu12W1vNI5Pw38UPHuhRxiPU5r+KOcB4bxzMWIOcb8s2ACyjB6M2a980v49abd28EfirRXjkaRd01uqvGCDyApBbkZJDLtIJ6jr4qNBcLGghGTcBuEJyWOQXzwv8OcEdM81q694dltbeBnjQPLIVKsucHB5xnC4GQOMHOAP4qc543DJRhOVpJO+t9WrPRu789b76tmMHTquUpcnu2VmtPsxVlfZW2eyd+jPrXQNW+GniZ4bjTr+1iup1dDaOyQupYbRw2Pnz14HIx0wTz+s/CdJJYpNJ1BXT7eZZFJDbVd8kKRkFcN0Bzn1IOfkS00qa1k3wllaNC/mRko5zgja6nJwSMH5vb33tE+IXjXw85+w6vcusUodoLpjMrRgjClnLkAdCQ3OB6kVCzvHU3GNVtx0tFpaW5d2ru903fSydldXvSy7DVlJqKu7rR2abt8nZq+j7PZnvfi/wCF/iH7bJdafCs629uhxEeoyoY7Cc7lPXGTxnI7dTpGmzW1lpsF0jrMu8zgqMhlXADg+hz+HA468ZoX7SMrSxweJtK2yuFVr2xLLhOeXVgF2leScFecLgEV7BpHj/wT4jhjh0/VLQTiXIS8byZdxJ3AuwGQc5BHT15wO+hntGTbqQ5dY3tu7uOru9rXbte333wq5RNRtTqJtNNKWt17tvue+zdtbXRwtlZeZczSOWZo3uVChQOAfu4+9uA4C56nDDgEaRtYU0qzbYzTG8ZmySCFTeAc4BAXGOvU9OteiT+GIIpI7yxkj2TCQlhJ5ke9wcBdpPGe/APHWududJu4JbZZYmdF80OnJ6nKuqjnIPONp9DnivUhmGDrQ5FKMdVZO3Xl5d7aOyeurV+i14ZYDGU3H3JW5b3T01cO13eyb1bdtb7Il0TULtbUsknm+VcCYIVw25egDDsABgZ65+bnFGvA6xrt1cT2aCe4sYwShGUKDhyQCDuyM4HIxz3DNPt5YMW+x1aWfcM/KyqGzu24xg5zgLxyOvzV0KRI2piSLErSWrBdwwRtBHGBjGVGcDjrzkCvOxWCwlWMptQlKSs7Jczva+mr3u9bq/pZ9mHrYmLSlzJx0v8A+A6Wvu9rLz178TY6QjWm51Bfz1ARwFY7mAHPIbnnoM54xg1MfCn2z+0GiiKpZtGz5wwUuRxj5mwDx7cE+g9LXRLUixS5lDS3bwMuAUKN5n7xDxjjggkjvtwMNXV6fpEIm8TWqlTst4JfM3EKdmAVGCct0B29s8DG0fJ4rIqEpqcIyXMr26p2jo77bt6eel9/bo5lUgpKWji4pd5Ky1tra610vdq2rseAL4IuZxJO0Eq+USWxH8rBVHYA9Rg57DJzngzW2ianp0vm2M1ymEVwYGMZALZ5wRkA4HVhznOK+o9P0K51qznFnEGaxtJpZzFjcY/IBUtyN2Wycg9g3oRq/wDCNWEmjWV15CwS+VASGTBc+aUYsRgkdRjJHPXkCvBxeR1qcHKnNxcVzXV9bW2tfRXtazu9bnbDMqbajJXvKy7NPlvdrTRO3m927nkXgvx/4q0Z4QbqdlilJG92SbCgHcJNwckY9s4xyMV9Z+G/2ovF2lyWn2LUPPnt02FLxWZtrAKyiTqwx/ETnHII4I0/gl8F/CPjHRvE7a9p5uJItTjhiuInKSQRMAzlCD97nocDrzxXi3xd+Etn4L8b/wBi6FeXg06aETWkswkYhhz5e5SRnccAhuCe56YSwPEOBwNLH0aylQqOyjFuVSL5klo7K109VotnvYzeIyXG4irgq9Je1ho3OKUW0ov3JrZ6dX21uewr42ufHWvi60y2u7fWJ4JzOtoXCzSTAmZi68gHcx47DPJX5dXVfBmt6X4W0bVNRt2ht73UZolfJZ94YlmkIBKlsEjOSTjgil+Gvw61Lwxo1r4j07UZdQvJLWS6ni2Ze1iAKvksD8oAPrnoSTtrqNf+JOu33g2Xwpf2VtcRi7F9aXzALcwc42gDjBy27nPPPUmvkswqZpVxtKeNpRg5wu3K8XJNxd+VaWb1b73T7HXQjhYxUMC1KnCcIyTa91RsmuZaP8En06HK6dZrizmZywSZ41BDAADgEk8nJ9cD3JPH9Jv7LsYb4GeCBwAtiy7T7N2xjHI45BHyrX85+h32mT6Jo8Syf8TFLiT7XEU4GMgPnA/HHyjJGSW4/o8/ZSUSfAzwecDi2kCjnGGbbkDH94Huce3FfQ8F0pVs6r0nb/dJNq2krzh3vddrtKz6bH534oSlHJsLLZRxsdXdO/I1rePZavXuux7RJAcEglsnpkcbj0J6n5QefYDpyM6aNk2klScsDnGexxgncc4HbqCOBjPVS2YKgqSG+Yhevbjk9eoHORwAD0xmS2zbcOA27cOpyegJGQTnoePQ4AbFfYZrlbgpvkaVlqnoneOnW2vktdE2fitCvFuMrptWbW2lk9/LTurXdtbHLSh/myxbCjA46DHHt6nvySTxmqTA4OQRkc4HbOfX34zwQR6A1vzWzEkgEL1JAHy54HPJJzxt5wRls9azzbtg4w33ewIyOhznOAORhT6Ec5P5/jMFUjOzUrX0bT8le9npr5332Pao1otJJ25dNLvR/fa97p9vS5kksDk5wSG+bo3H8QHBwDz6Z7GoncZbaQfn5O7Az0wR125xycYJw2etaLQkEZA64JAzg4OQuO/GSckY74qFrfC4CDcAAPxxyc45wQeM88kc8+XPCyakm/eirXtbV287W022T1WqO2FWKabbtpZbp6rW+7017aLe9jPOQVyuGPGATnd2yWxk8dTz+eacqE78543dTnPJJ3enU5z9M1fS3+Ynbyepzj5QcHIySAPcZPIPWrsFoHJ6EjJwF6kj1JJwCPXgH85pYGtUkoxbTbWvyVrbpLtbR6WYqmJhFNp6rd7qz5dl0/HV9zIAfaAVKowOQc44J+Yduc5I4Uc9DSZcEYUlRlsnPPTHBOQcZ6dfz29YulqzZ5B4Bx82MggYGcDOSCw445GAcxTaUyA4VCCcbSWDdiAFH8XTPrjJPFeh/YWNhD2nLeL3ertblfR6O+/4dDn/ALRptqNrt23Ss27dmr2dlqumy5rvm0nYLtYDJzheig5GPvHr9DgZ7YzU4n3ABxycYHPIHTPfnOepJ5HPJF1rBwuChGOnHHptHHzLjoexPTrUBtcBuOmeCST/AMCCnPBHIDY44PeuGpQxNPRqUXFt297fS2j6eV7O2nY6YVaUrNKLbtdppro+t3p9+ie17OWcngH7uMgnJyvIIHJzx0/HrT/OdjwwzznBxxjquOp9R6AnHrD5TAY2ndgnfzkcHdkEk5x07jpxUqoMKehyFIA5IwR0x16dGGBniopvESfJzNOy0ei15dNVve3a2z1Bxg2m1u7aq97W19GtdE/h1faxHM+VP3QOBggk9wSDjGSCMknHJGM1qwXDYG5hgjBy3CnH3QMenTkDk9cVmpEQARzjg56DGBgHGTnPzHqPQZzWpb2bMBgEgkNjHBA2jHXAyWwy9+CQAa+iy6lipSi4NuyjG997pa2dtL3d7PSysjzcU6SUk4peeia2trruraX81qmnaSRmcYO4sQM55JUkHOCRgdumThucjOkkIQLx1ySOgxgcn/Zzn347sKbb2arjIyNpKliCQSD8q9ffnse+TmtOOPgnAJxjocnJ4AHJzjrnoDgnJyfu8DllSUYzqp3l3i9VpfXotNP+Dp4FetGMtL2S76O9nfRbp3btrddLawrEVXgZOeeR06Dp1G3HGflOB7C9GrbcnJHYE5IB6+vOOQOew3bjwzaBjgk9cdjnrzggcnODz1+omRduc5APcEAcg4wBnHHIzjHc54r63A0HQnBPZJLy6La3bRPqle7VjinU50lo0pJ3fRXho+nf7vKymBGVAJOBnJx0yf19j3znNOLvyuRxnBPrg8deQO2O+ccUioPlxxnI3HkDuPXLZ67gc7h6coQSMjnaTgDqf4eM8jIPPBz0HavfjiJRuot6LZJtfZt1sm0vW19LHPLleltNLN77667avzbfkSh5Bjp0IJDYxz0z8pGcHsMYOcc0jSn72SWHGCceo5J5PUHseMdDy0ou0BQcA5znrz2xnnJ6MOc8g4NVmZckg8YBwRwCRg5AyOCDznp0IJrGpjq8Y++3o007N+77mj313d1p3b3Eop7LbRK7VtrW7Xb8muu5OZccA9icZwMgnIC4DA4xyfXjmm+eCSuctyMjO3BP8LEDGO+Oe5qk8p+8pJyxwwPOAT1GDxxu64z1yaptcbSWZjwWGeMHnrhSQuD6ZAA75ry8Rnc6TvKXLezXvLVe69uz1WvqmaQoueis7NWaW8tElfq7JdeXZ7G4lxxkdDkcZI46nnBON3zKeg6gA8TLLkEHG4YPPcngAdgRjHTaAMk9zzS3YBCk47nOCAc5DDBPPXpnOM57C3Heru2seT6dcDgY9gByM5x7YrXB8S0ZWhUmovo2/Trumr93bTytpLCTW8XrZ6p6LROzut7LZvXe50AYDk4Pr3JGSCB6EenXvgHoDYSQTnOPQbe+SVHI9ck9j2zWdFcKBng5AxgYyTjJ5xwTkHI5wO2KtrOHIBOQOMDAGOoyfYDI6jjPcmvpsNmVGqrxnF3V3eV7q0db669E+vkcsoTivhaSsl7rTsrXadrrXt3JBC6sRjO5sdgOeCp6E5+vr0pwR1DEqOdpwDjuVyT3xzg+2c96as4U4J54z6n0wMccZ4x1H1p/nqRkk4yBzj15HPHQ4xxkYANehHEUZRjrZ3bvfdO3d9Lu3TR2Wxi1O8r2vpZ2SutNXdp7XXVqysndpJyQCPlI69CTk4GTj5RntxkjjqAVbrwoLYA44UHPTPPscnHHfpSCQEksARkjp2BzyVHOTgEdcg49akHPOTjHO4gcd1wcsuANw5B64HFbKpzJWkuZ9VZNL3XFb20a6rTfqrQ1Om12uk+r1cW9VZfdpdr3b6poVmGQeVBII4Y9AT2yfl+7jB6c0/ChQME8HOOh+U5/2vXIzxkEgcZYyyHJ3Z47Ffu9R90Yz78YxyfRjM3c4yewOF65HryeQe30BNV9alTTk4NRVldpttO3xa66auytreyCMVNrVNrlTXu2u0tVp+SV15IVtnTHOMk85yTyODj6ZAx3Jp2EDAHJypO0A9ME5+UAjvkgdTgE5BNZpwBjju3Qkcc7eTkjHOfvFuBnpR9pVeoGMAk5BC7QQexHIznPJ69cGuCrm1BNOTppWs9Nrcq0Te72v06WsktlSlZ27+d38O78+ui6K12WgqjOSTnIHUAcY5HTHA6cHpz3kwFwGyV6qcdeML3III4xyR14OMUxcoPmBUnHIHqRyPbjAyGIB5J9JVnBIw3fBJycEfNyCG/x6/jth8dSqpOE04u2zs5aqzV01ZLe17q61vcUoSS1Svp0sltf8el9Wt+pYKZGCvPYHI28ZA3HqScEjgLxnBHKFMHAIODnI6+mc4yPT0HAyaDcL3KnuDjgHqFG4D2BLcHB7YBPMxnJVcDIBOcBsZzg8c5OTgY6bskV2e15rJtR1Wy5na6V1duy010tbuSr3SdrdXs/PRLb8uzuRlfZTgcZ5I4x+AAHPpntzkwBgkfMSMYPAwBg56EkcYIPXkEmniQN0x8xPGcA8Yz1z93gcnnsCMU3KnpyQB16ZxyBnBz/ACORnBALUotJaNNv8o7Xst/VlJLe3W1/x1um/Pa2t1poRMdxPXOeM5y3ABznPOOck5AxjFJsyAWBHqAepHRic9Rg8E/icYMxOeeevBOc5zkn/wCt2GMcCjv0yxwMkHjPPA+7g55OB0PqSU4JLRrS9rKzSVrN/wBJa7ro7pJLXRWW/q3dNt9u7330IPLKkkEsS2cE5GPTHB574PXn2qUABgozuYgHIyeQccn2AIH1PXkrngA8DP1/nkDjhcY7D/ZqTgZxjJAOSc9upPJLe39c5iyT6tXXzWn32fRL1YnJ238uy1tpp0emmnRkeMZGMDpzjoDgdR1OMjIJGPahcKAo4GOnGDghl/DGT+WOwpGOASSPmPTknp3znKnvjuQRgimDJ2kHBJC4PGMngeyjjJB5yPXNEmotNK70s/W2r893d26PXQbvo7t3219Nb30td9U99O0iODk5PJ+XuwOGyVPGCRj5gepGe1cp8RJQvw/8aSKfu+HNTIYdci1k24Bxkc57ggcZrqCCMgYHJ4BOecYzjs2BjPGMDdxxx/xJI/4V1425wf8AhHNRx75t5B9RnHIPXHauTGyksHi2n/zC13pprGjN+W1k/XV3N8Ff65g7/wDQXhf/AE9Tdvx/Fb7v8pP2YsQ+AvGdyylpV1iKZc5Cg/a5MfeHzEZA6gjr3wPetQiS78R6tNc43toVvHLGEwxDQSEKT1wQQWXOcE9K8Z/ZjW0j+HXi68vJYobZddSBnldUDGK6dnwGOHJI5AVs84BwSO2vfGUOp+PdStdPUmxOjXMscmNss/k2xAcr/Cg2nB7jG0nJNfy05U4YfDJ8qlOS9zeStKd5PTbVPXXW3r/S1SNepmePlCMlTpxSnO1oJuOGsnLW97LTXRXeqZ+eVncw6d41uHjiOy3v9QVUAP3BPIQp4PpyTnvjnk9pq+vQXNtAUt5VIkeXG4MAxHAGA3TsASwB7GvOrdHuvFV0ASks9xecsfW4kIGWOCSMgc4yPbFddeaFcmJW+1BdlwFGSwA9QvbPGDz+RJB3wqoUoOdSclJydlF30XLpono0326u1z6vEQ5nSs1fkjZdG+SGu21le97aK7XTattXR7cL9mm3fZJMOc9SG3EenHTPUd+1c3o2pTJaoyGXdG8xxtO0BmJHGBjgZyDkjHbNb9v4d1AQMrX3AWTPXG3buxyW67u304ArA0jQ724ildLvYIjKpIJJO6VgcquSxBU4wM5znpW9RYWUZSpxlzJxV3pZXirrTXfz21uYwjJOUXyOOrXxJaWs9E72b06Wura6Qanqnm30U8qS+blxvCsVJMYAwD02nnaADjjBxiuUt9TvbfUrJpirxqLny4yp2jlsZ4IBHGMnGTg810uqaDqC31vGdUQl2+TIDFcL8xbB4O0kgsOqgHvnDOg3STWpmvTIvmzAfKMMvOVVhk88g7j6YFdeGjS5IuL/AJW2tFpy25tLvXTW6tfQ5KrUXKMlHl6Wb1XuK80vd16cz1dvMv8A7VE80nw4+HMtxCEC3jOUiIBO6MDdk5J+Uhj0OevAIrw3w7qITSvD4jssttnBLsMbSxO7uM9B3wSSc8597/akt0Hw88ERkMFSZgFYkEAWSOD6ZDfmeME9PC/C9rbHTPD+/cdttI6H5ihJyQpAA4PRj09ulfRYGdR16snOKnyQW100lG179eq7PXRI4oxpvL6MUny+2quzevM5a7JOWr3ey623+i4pZrv4Na4ZYQg8h8AEc/vSBlsDPpxwQcgYxX5g/FSJjrmyNQG+xRgbvQKScDGAxyTwcZBzwBt/UeGHb8ItYJQfNHtCDACxmX5W2nry2BxwSTwxxX57fE/w7K2tmQrhZLBCnD5HyKc8AcZ54JPJAAHJWYuS5XVlduEWnZbe7bb0afqXksoRnUSTivatdE7pQ0VttrL9LnyMtq9xf2iqpLlwvTO3D9Tntjqxxgc9a+i/CHhFJJUuJNplaeKNHmB2cHLPGvyhiOoP3cHrk5Mfw88BWkvi7Qm1yItpzX0M11bBsSS2/morIM4LBjnOD0/vZDV+g998KfB1rqGoeLZvEuheFfDOmG08vRdRJS5vCRGMWkDnzdxON7IAD97Pr8PmOZU416eCcKknVhzwdOMmvd5G4/DvbmeuyXZn0/tXTipt8qVo3cru7to0uZ3u5NWV0tNrW0tduNPu/wBmfUdAhmlEStcRy6hIg8pDGC7KFA4+5sUhsZIJOMg/m54G0y6ebUvIMd1aw2TkSoyqsSMSNzsRxkgjnBPAAHQ/qD48sbe2+AfieKzSL7LLPJNZxwg7Gtrpg0MuSQ6gxHcS2T/e4yR8MfB/wrpNxpXxEadgs0GkooZ5JEjQEbiyDIDNuwM4OOwr7KrU+r4HAyk27YalGyTSUm0nGWjTSTs+uuut0fMYJ05Tx0lfXESlfrrKLejvppqmr2V2m00eSvYy/YnaVYyPOnwwkQABd24gA47YwecE4BI4q6fqthoa+Hbi6vo7JYmvZC4Ikfes6feCgspUKzcY3KeTtHPZ2WnafpNiks6+cjXkyusrSNHuYPtYBsgnIGOueMnApPC3g7RNd8RaMusw2MPhy5N1FdTXUhQWiNMqNMzAggKG6Zz1z2J0wdaVWXJeyd1dpWt7tmr293S7ejW71szrxNlFSak4wWqinN2Si9OWO7T0ad0na+tzx7xN4ptrvxXea1LrsM8d7MojlWJscFQMnAZQFzjnP8XXAGpr2uW3/CC6nbmeWVbvU7V4rmGAtEdgLDJIHzD0HH6mpfjL4J8P+E/Gt/4d8K3mn6rocDi4sNRtCZImjnXeIhKzHc8bZUtvOQG5rH1Hj4fWMD+WFOpLllBwWDAAEgDj+LGRk4OP4q1rOpDkjJpRjVivdScdLKyasnFO2trO/ncql7OpCM6cXblU1dSj9mKlGXM7JyUu2nXXar4A8TWWha7qbvBeXCXGg3ELlF2uZJVXL42gKo4xlsDoepFdjLqGmXOj3XlwXUe1IW8+UFiN5b5VUZyGzgD6+mK81ikFv4gmMTxn/iSspKqNvRODjAIxy2O2M4zx21yJl0yUsoEZtrJjtJHAbcx4A7Z9+3Ar6PLpzWFqShbVWk5O8r3jr0697PazaWvn42lB4ui2pXUVJe87XjyrVLR+l7Nt6vVHhreL4NO1WXSrqyu41tkWPeu3MkrS7kXDE8MpDHBJ6ZANfdPg34weNLzwvbW1j8O59TsLe1+yrc/bYIUleNAV2hiD0I4Hc4xyQfjjVNOsNVl1SZAEnW/j2OIxlhGinhiCw9cDHueMD7F+Fd1DYeDNFs4MtG482SSaTGGG4SEDOQSeFznJOe9fe8GVasq9VRrulF4f35RSbk1ytR95NRtfd2+a0XyPFVOg6FPnpQrTWJ9xSc0oKybtytN76b763Wp4p8JPHnjfTfF/xT/sjwOl9Nea6suoRTXaRtp8oC/ugxZRIFOQCB7dSK9a1T4ofFIOR/wri1MeFVh9riUkgDHGT1JGOM9NpyePE/hDrcMPxA+MpluI4t3ibKmWVVD4CDcpY4IBXPUAHA4IYV7ld69afNG15Z7W2sd1ypwwIIIG49e/Qce2R93lMHPAxaxdSKc6unuWi1Ue90371r7vXZpWPj82SjjmngqcnyUG21U3VOno/eaaV+lvN7W+VdI8W+PH/aWvNasPC1jBr0fh7a2m3dyj2yQnkuZY2+8wJIGcc9xzX1XN8Sfj8UaGLwh4XjRtxbdcyk8sAOQ3Oe/ftya+Y9L1azg/ac1WZ7i2SL/hFomErSpsLMcAFgQpJOcdDzjnAx9R/wDCVaYVBOoWIAAU5uUySD04YHA4AC/4VvgLqFdLFVFbFVGuWUU5JON3blvd3tslK7utCM05nPCyWDg74OjfmU5NX+ynzN2Wtuq11ez+Lfj3f/EzVfiJ8JdV17S9E06+s9YhXR4bCZ2jmulmDL9o3MxCs5UnacgE88jd9PnX/j5NHLGV8L29y8m4oGmbAOMHO4gEc8/MMgjgV4V8f9VsJ/G/wcmhurSYJ4kQyPFOjeWNysxdgx2quOSeODnoK+lpPGGjQNKyajpcjK5yTdxl/lz1y2cZA68feHcGubCU4SzDMlLE1V+8opzUlFy5qcW29E23pFWS0s3qrnTj6s1lmV3wtG8adZa021BKpokub3et3Kzd+x8hftRy/Eu5+HAHiibRZbX+2tNCxWCym5+0/aYgGdmJUoD1HJAyCeQB9QeGNJ+M8vhfw8YPGejwwPommm2jFmC0VubZPLjclcllX5SSeD6kgj5t/ao8SWF/8OozBe2k8v8AwkWnN5ME0bFV+0xEsdpJX5VGcrtIA64Ofpfw78RtJg8NeH4Tq2mK0OhabHt85Q6lLeMEMNxIKsCCRnI64xVUqWH/ALTxSlWqyUMPQak6klJycno3G2isrX+HXTWxniKuIp5NgnChRUpYnEJwlQi4xio0bSjGfNZvXXS66Xsc18RvD/xUk8HeJ11XxnpVzbHQ78XMH2JUeSNYmMiIwGQxGQpGeSCMGuC/Z+074mt8M/C7aJ46g0jSvLuY7Sx/s+CVogJMMWldCTuZe7A5HCkkV6V428feH7rwZ4qiOtadJLNo1+scSTKzu7W77QoJGSSeB0weueK89/Z78YabZfC7wxbyahYRTRi7LRyuu8K05PI5AGCOeoI9PvQ4YSnnFFKpV5ZYSbnJ1Z3clOmlFS5rpKLbsmlfddSFWxtTIsQ5UaTnHHUVCP1eFlH2Ury5eXl1enNuldK2x7YNG+KoiYXHxJZkaOYsq6ZagFTGwYKTGMM/94fMOMZPNfLXwB0PxZLH8RptM8c3+iAeL75LhbW2t5Pts6yuXnk3q23cRgADAzjPevraLx1pLW8sbaxp2FSYBFfczFkZQBkHHJAA6jLHDHgfJHwF8Z6Loo+I8WpaikElx4x1Ga3ARnyjTNggjI5zkc5Az1AxXTXngljcIo1Z8rjV5nKtL+WFveck02+z10W1r8eFlj3gcc3Sg2nQcf3MI3XPZ3ShaVk9NObXy1+g7vwr4+aBWl+KGsyxlCW3afYkqrjawAMRwMncTyO45wB8BW2nXVt8W/EOh3mtG6t4bmU293NZW8k63EiSSvKvybUkkcA5AGOeSAAPvyb4s+E0hSGfV8LKRGpW0mbaScgMwBwCAcnBHIyO4/NrXvFcNr8X9Zu4nDWl7q08kd0VYbI48or7ME85HUA9uwJ8zPPYShQVGfPJzvdzc7W5bt3u1q97eat19nh6eJTxP1iLjTjSjaPIoptuK1SSbWtuienazfcQeKFutYe+1zUy7NPHAZI9i+QjOoTgbdq4GR1wV5HefWb/AMVOnw4WLUjJc2ttqKWssojIgjVhuzlc9MYGD0zkg16As/hrV5dJW78WWUonnKXcMo2NGjMMh9u0lcnnPXD+pNZvxo0+w8M654QsNGlh1K1OkXl5Zy6exAJmaMiNScMzBd3A5OeB1x41GpyVo0X8UuXWL1+GL6b6re7d+l7HqWnJTnyytFS5FJb3SeieiVtFG9tFfa5x6TfE6+tr62bUHZEWWSI+XbjzAWz/AHc4ODgnHB64zWn4X1TxQ+leKrbxFfFGh0JIbKOSNNyNI3zuNi4G3gg5Jz0bJqG38VfZ7SFv7B1EOkDxyOp4Zz2Pq3pu6YBIPNRaVc3mo6X4wu302aAjRVW3W4bBZt5Kqhzkng84GQRjGMV7E6bhODjKbcoPmbej1jZO7vpe23S1uhwUKspqXPy2U7KKiou7lCzur+9d2u1rbZbHn1lamWHV5J/Et/JNBOmxY4VcbsAkqxBxtxg85OOQSTXt3wuh0qay8Y3M3iO5vr0eGZo/s91Cn7uNo28yTG0FWjUDHGTwK+YNf1bxJo1vC2naKE+0kSXWZ4xheCSc885PLDjABIHA7r4U6vrGuDx282myaa1t4Qum3QyRkTM8LAKSp4B+YZ4GOQCDx5eIcZYeUZOXNzJJJxsrzVne2nKnZXTWjve+nrUqco1+dWUGlJ6au+ujvq9Larvboj0bw94BuL7wdda5pHjC7uoyjSpa/ZkwjLIwKR7l4MfGAO2Bg44f8MCdO+IemXl3qt5cPEWWaOWIJmSKPKqQAFyMkgjpjG4kCvl7R/EHxN03SzBpd7cW1luLSWwljKBPMcqwXJBZs8lR0OcY66ngHXfGK/EbRm1OW4ktzcSS3ce9DkSIVV84zkkZYfdGOwyK2pU1CjO9ZTUoS927Vm9fdSV2tXpbvvc5ZpuvF06Si7q7ak3vo9rJdWl+KR2HjrWNLfx54puJL3UoGfWbmV0iJCKQdwcYAO4/KCBk/LkYLZOP/wAJvo0F/Z2qX2qXxvJraBY3nwgkeRQCwBGQyn2HXJArwbx/rXiCXxn4na2kZF/te6OJXjZtpJ25UkjGMZBJ6cY7ZHhvUNVn8R6BHevaFG1jTnZhtLn98oZMDI47AHvntXo0a8adCzp6+yVm0+kYtNNK2u6Wi0tdpETwFSVZSlJ2uu9mtHqm2tfW17d9Ow/aS/s0/FmKGRWBlstHbCvzFGyxgtjjAAyMAEAj06+/fEj4U+FvDfgLwprHh+PUpLzU1to7mQ3sgklSeGOR5AgclSGY7QRxhRkkV5B+0Pppv/jPaw20VpJdT6NpiJFKSqIzRowckj5Qp5A3ZGMDhc13j3fj9tP0mG6t9Nuf7LRIrWBriV0ZI1Chgkh2khRxx1BG3INdWHqOpRpuMG7xi2/hW0Vd6O/+b0umcmIpQo15LnhTTlFK+l2+XVuzTbi9k73toiX4oaFo1/4L+GWlXcN+w3tbySRszTPO5xGhIyS7HAyTwfmPAzXYL+yrd2XgS18XxnWNNjjVXuLbUrhhFDaOwHnosTB5AV544Ofcg8r8ZtL15Phh4H163uZoNRmvLstZWu3/AEWRSxjMTqSQwIDbuSCeOmK8QtdZ+M2q6KllJ4t8U6jZC3dXsZdQc28KByQjZkI2qcbVK4PbpisZYXFYumvYVPZL2k1Nv4rXSTVr9X7yabbtfS5dXEYbByXtKanOUYuMpO1k+XtzeTls9z678I/DTw94N8P+K9R0fUv7cudf8H6it2txbtssljSSRhGJA0hLMB8z9Qwwc8V8m6RpHxHjsLe/8F+FZ/FUMtuZZ/smhm4jhjjYhmDiJs+WgO4gg4G05Oa6X4bD4iaZp3xFl1HVNVmgj8KXAht5WWYIjKxcID8ys2cMRgAA8da3/gp8Uf2gvCXhX7J4O1G0tNHu7aSCCK6gt2uImmcs+2QqGw24llyVHQ5ya6KGWYnDzk4qOInJ0m3K+yVnolo0m7Jb6J3OTEZjQrUY88/ZR5rLkvFJWjsru3XR99bu7ef8J/FHinxB4yt7XVLKy0aTTkvXmgWzhtbspBGyMroVEiusgKlGPJHcEEcV4W8Q2Fv8Q9Q/tbxFb6JpDanfSS3kKRNcyXEVwzokrkHK5UA56g5XHSvc/h34S8URePX1nxJBZGa70/Up7uZNouLq/u45GdsKdigliAqnCgjrXxBr/hPxBc63rqJpjqtvrOpOHULtMZuHxnIPLEnoTjI4Xv1OhUdecakHG0IuyTs7tdHra6vrrtbY4frFOVBezq8yTtzp2b0jdXaeySu9NVo9Nfq/xz8TrbxDq6JD41abSrWayisbMm1SW4mVlWRwyjBRsYAPK5zk9K9wPiLSLrxnBbX+qaDppn0TTUU6sYLi5CbE/eW7XBbEhH9zGPunGa/NfTdA1G01nSku9FdoPt1gDKyrlGNxH06rjqSOCOM57e6ftP6AD498LTW94un+f4atIv3adNkYI+7nDOQPnwDkYY5AzM8Oo4mg+S1lJta/E1DZWW1ut2r22K5oywtTnrNpKKUtLpe7ZNvd+nXbTQ/QW+t7SytZTomvaLe3LNujnfS7CUqGXaWR/LIwoO7AY9M8HJrzL4g6141g8F+GYLLX7G+dNant0VbW2Dzh2xhsjasaAkxjJIwMYAr84Pteoae8NrbeLtViuco4t5ru5RR8oyTtIUr/ABYyeOpJ4HufxIuTD8IPhrqZ1m7s5zq88U17bXMsst5M8hBlcFsAx5Yr3JALEjmtcTQbq0JSp3vOK5bbx5U9Gk9Euj72T105MLyqlX5Kzeie+mkt9XvbtbtrqemfEW18RSeG9Kt7nW7pbl7iRJ7eBxbiELz87x7Q27gAggdxwcnr/wBm7Skh8IfGu8urU738PSRs7ys8siiBvvElidx+YqQc4GMivk/VLPUJdHsxdeM9Xkh80T+dPk7VcBlBbOdmOjHj5SOMEV9F/s6y3Nn4U+MaReJTfm48KzOoZNywRLCS0xA3AOASQeMrznGa9KdCnHCu1Hmfup9EtYXdrLRO1n1u3bU86LnLEpe1VtHy2Ss1bZJtWfm7a7dV8UNZxoplinuYZZZZhhUPyosrkBCBjbkEKSBt5HBJBqpfPHcoUuJpXaeyaQkdQl1CcdMbgR2xx+AFpHjuCFHiEthJ8x+QMjLuMHjnoScfReTmqh06aF45Fu/tGZLYhfJGCGuo8ngAdsdRgntmirUjGk4Rk0uTVWaV+VLdO191eytbu7muGpx+sRnKcdJJr3tLpp92r69vnuf0r/8ABQy5trn9hv8AZ01Kfd9qntPAaZHJVfLZScjA52Y7r9O/wP4YuIbvw/aySgSpIyxlJEWQFdgUghgeDz7H1POP0A/bu0jV9R/4Jr/BDV9JghubjT7bwC7eagdbYYkXMhOOCxxxkE/Keoz+NNhrXxc0PTIGuPDYud3lziTTZxkxyKCrLC37sZXnoPmx7g+r4aYmNLK8Qp0alblxleMmqalyvnT1u7aa6NLroeJx7hKlfG4eUK9Kk3h6fLGdT2cnpHZO2+++22tj23xB4I8HavN4cF94f02XztTvklYWscMkgIBAeWNVcjBYjJ6k56VTb4D+BJI5m0/+2PDzidvLk0rVrhAh3HkR+bsA3HIABGCR6k+Vp8YprebRo/E/hzX7JLe5upN7RCUyOVAbyo4hvbaVIYgA4GckgCvSNM+LfgK9j3PrU2nSsxLwX9vdWxXBJIYyFU+h9jkLzn9Nozyuu5utCEXNqMYVEoNfB06O99PRn5viKWa4eMPZzqTUYtrkm5xTco2u03dJdbPo973IvB3jrQvGFjB4W+J2qK8WhyGOTXI47xkjAYLbq7BmMeDk9xk8nFdHa+Jv2gdAEkk9z4N8VgsmxQLizunXOFQ5ZURsDBx6mqkfibSLzxfaXOl6np93F/YB2yQ3kT4YlgwIDn5iM8Yz1bByAN77YhTdJLIQSkhLrlc7uoYbiAM5HGGAOTjmtY5bgKyqezlJRdSS9yq1FxsnotU9bpaXbSfQ5a2Ox9OMFUpU6k+WMpSqU1e99dUlJN7WTva72djNf4xeKbjxLeX3ir4T6wlxa6Xa2k82iXtvdIiLJlXCKzyyBuMDnaNvAxz4b+1/8YPCvjX4NReGLOPWtL1Vddt5ks9Z0u6tRhCnmD7VLGkTsoBHDMdoya+jrLV0j1/U2jmVf9Ds1EiM2V2vyGwflxkdRnryFzj5H/bWvpZ/AWiI7xyb9fL/ADIjMuApBVhyQc4OCM4/h5z5ea5aqGBxE6deoqcIt+yk04taW1td9F19LvT0MnzCFfMsKp4WnGbatOKkpWXLZ2bleytdfjrp8E2UsH2dwssJcQFHCuAcq2AfmYg5H1wOec5r9J9N8RaLcw/DGytb2C4kt/BVjBKtvIJmhmS5VzHMqsSjZI64X07mvzZsfDtxNafbbq3iQGJWQLujLK7nO4KcfMDnjG49wen39okXwz8JJ4Ju7XDa/Notr9oFixne3lmRdpmjfMJw7AlSAQfTGD+TYrmiqkYpy51aS7JWs0r9fT9L/rlF3UZSShytOKabuvd3S1V7bNd7bH7zftG3Dp+xr8KZJQJYf+Eh0WQoSQ52WUbnAOCMBQSQcY9ARX5n+Hdd0i5gtoZ2khRPFd7LMjLlTEheQIw4HGMqBnkD1NfdfxuvtR0j9lj4XWHifUP+Eh0/VfEOlz6VrkcZhl0uKTSUkNvdwqPKZIhwGUbiBnPWvza0xrdIZJYJory1Pie9EdxD92RNrbc4Hytxyeo4zngU8A5LL5U23G9STd9Vqko7PRp7a38t0aTkvrXtLab3fRwataybSu2u2y3Vn3EWu+Hbr4ffErTVKTazqHjGyuLGQxAPb2CYVtkpA25faCuckn0Jz5p460GPVdV1C0UBHg8P6dKhj2o0khVFDyHgklGY57/MvBPHNtdpD4f8S3MbMjNripLnCNs+0gqAVI4UHAOSOp9c9kLuLUfEt+kJZpI/DmmlmZiUYJGnzZHOQFyOpBGDWNDDToyqNS5k5Oe+9lB2jey03XnpqjorYmGIjTvFJpqLs731V1ta92mmrPRJPq8mxdx4QsPtCh5v7citSjYKXFvZkRGJyASSwUjPfORVa+8FS69pl34l0wRw29lrNzbPpwKlmjjt5CQuRhQmGxgAjHStUiI+G9CjXaZJPE162xcbwI3Y5OfvEsO4z69Milb6zeweFddW2llSOLxFcmVY8IodoJEwQOu4MwIwcr0ziraqxlF3a95N+abV7/3rPVXd738iYOm1bVpwTjpaXM99tb3Wt+jVn1OS8IeMpvDN1psOqC6u9JbTdRi+wjJntBIWUyRkZ3RBuWxlcAtng47XUJrW7Hw2vLKYTWj6iwSWP50XLhjG5I+WQAjKHD+gzXAXmll/Enh14DGz23hm4uJkY/u5SYWZg5OQWJHAyeTjsFGfbajfeHW8G3sEb3ltPq5nfQ8ERmSSVl3wkk7XxzjJJHvWsoq8Wv5W7tKL2inpay6278q9BU6k1FwnZbNtpp2vDRaPorX3d+jd33viPzZn8exlgEXUNMY54AHmJt4wc/yAwox34rxFE6aR40SKRNiz6bPtBBYlggVgcH88Yx8p613Wp3Fpqlv8RL+N1ybnTfNtMbLi0k3g7HUnJAAA3hcfnisPWbI29p4ylkiVI5dI0S5TfnkuFG8ggrhsnvwR64yo80bLV2Ub9dP3V359vv8AUc3KTsmraWlfu4WsrdbaPW9mjy+009mvfFsd0QGGm6O8LsSHw3zqo+YDGfTHscc1q3WnQXepzJcJJbzWVmZkYjcsr+SoG7PysCe5GRztOcCrmoWc0+qeK/miMMWkeHpiq/KVUqpAU4Jzzxz8v8PbOxPHDc68I8Nsuhbwdcn91AC4IyBg5AIPGPrmt7uSi72TULJtJyaUL6/Zfnrf1sccU1y/411a5mmno9k1ffVvTodL4Jvr+70W8TVbxHt9L0eS3spJcEos7AiEkMMoCMghjhgBnJBr5++M9nDJ4w0qOW4hiVvC6CRirSDyjuYhApA3lQdoyFXpjtXtWnvHZeD/ABIXAMgvIbVGBAZV8xgR7qeAd2QSV54Gfn34uy3C6/4f2Sbmk8MEsW2kqgD/AClsdPUZ4bgc1y4eMo43mTlF3bvfVWUG7Ntu7Td+3Xc68Y28AnZNJ03Z63SlbVL0d9Ur30Oo/Y2i0JfiH47fw/dXU0EXhOeNzOpBExYrIq5XAQEEjGATxzjB9V/b1hurq4+GUSPECngqDJdhGAMtgEHIznIwNoJAxwa8Y/Yae4Txl8QFYKBL4duCGUejnPzAdsk5bk5ABxivev27S9k/w3mkjim3eCrZw0qrxlmwpx1IIBXdu5zn1M1JVIZ9TlCUr8kdbOySgt91q762el9FqRh4pcPynUjyr2tTSK1spJ6J310Vuy08l8XeAtA1KXSfECSXVlJGdKVUKTriAFzkvyAduQSo6DPRRiuK17wXqzQxK2s2RQXKYUXLlc+X0HzjAGRwPwAB57vwFrMjaf4kP2K1jCaUMKg4chjkNgYLcc9Bx7HObf6oHtLVms7FSbtMLhQCWRe+D8zdT1I65A5r6Sk8Q8RVlKUUlytpxu2mo2XNa3e+jaslbv41f6tLD0lzTTcVytX11jbW1rW3+VrIx9K0TVIfBHiGzW5tZHe/hbzROCCqNyQzMSRgHv8AMWOeMGvvP/gm7o17F8XvESXE0U4XwspVIZw4G4kKCuSAMghxgcBvqPlHQNDsNQ8KeJJ7ySGH94yjyQ5jiEQ83nbwXYfKD13epOB98/8ABM6x0I/FnXpdNi8x28MeTMzeZzIHKh2LZ4OM8EgZbac9fIzfE8uDxfNd3a6Ws/ctp2V9dV00vdndgaMViMK4yvslGTve3LJu2mqavolfTXY8b/bp8K6nqvxp1G4s7+ztXUWtj5AHybpLZQZpSDt2L1YnAUjqMceD678OvEE+g+B4U1K1WfR9PuTHLBMrLduZmciBYGyoHYuSMYzhgRX0L/wUKgm0/wCO2ozW5E8sU1spsUmMUcq/ZFYGRUI37s9ByCRkngV8269qdzN8P/BhUSaZdra6tJI1pPJvcGR9qGTOVC4xweT16E10ZesTPCZfUjVXLJrVxtyvlW71ad+91o0rIrFKi8Rj4yjJu3M1drVclndbWe3e179TgbLwfaS3msjXtZlkgeEyTx2fmSbLgDGZfmIBDA8gA5Hbmuy8QeHnsvD/AIdfRWuzpltYT+XexwOZZJJCSySHbu5J6qcg47Yz4NoRvjJeySXt5E10GLsJ3k87DhiHG5gw3DqScE/w5wfp7xT4k17wrovgw6TqUSWcmmhri0uIYZo5J1UOS3mbgFfHzlRk5OCMYHtTp4qMqUnKM7yu7xUZX0cU3va2uq63u7I8OE8NKE/clFq2qldtXi7a9dm0rfPS3rX7DTXE/jLxVCyu88ugxxuZHZmkxextjyy2QcZJBAKlieimsn9tjU7V/i3cWd0GhW1ttEJQMQGMPlHZxyQwBwATgdQOCPbP2Ib7/hIfFya1dadp1pd3YutPvDaxRxrdzyZmiJRBsTaBtULxkcDIBrgv2+fA9nb/ABW0m5iu4W1TXtU0LTjBL/q7eS5KQrliANgZhuLAcDKluteI6+GjmOJ+tuMFHD3qXu0oRSblps7PVNWsk/T6iNLm4cpSo3lbEJ3d07NpLW9k7tp+Ub2u9PW9M/al+HSeHrXSZtC1WBNO0G1ghaCRgGvYrQI5kB48lgWbaec+o5rxTx/8XfA+teEtLvtN1LVW1ZPEFjcCwu4wbW3jhJDhDggvxkM2OQQvIBH014b/AOCavxEu1jubjx/4Nin1HTrd7S1ediymaz85FZA2AcfKzAAZOQQOvzh4u/YV+J+i61deGjq+halNo8KaneTWl2BFDFNOoQkEkMQMA7QSB8pyev5Rha3hvLG1K1HN6Ht1WlUalWaUWpLmbUoRVr3SVtXdo6qsc9qUY0p4aUoOCi0oxk0kopNPytq1bRNq3Xtp/in4RvNJ8N31x48+0otzc/a9IvbWSVLcmPaFGxcbFLALsIAUDGTiviT4rao+peLrK6bULfVbNYblbMxqSkVtKxEKsOqHBzgjgDbwea+vbj9gf4+6lothrulaFZ3egXFzfQ2+p21yixu1mCZXkUMWCtggMQR3/wBo/MXx4/Zo+LfwS0Lw1r3jbQhY2niuC7Oj3MF0k5mS3fYzFEdmULkj5gM4yoyK97Ja/BccfGOX5vhqmMk3CFJV6Tm5Ss2opWlbrukkrKx52LhmnJ+/wkoU1yuTs1ayiraraVls7X1jofOkMEJ8QTxbEVBARvwMLgEkLnCjt8wAPbjkV678BJ4f+Fh6hFEQVXQLiH5sgg4JPy5Jx15weBgdcD5za4uIx54e4adVVDnOSMFckkhhhueQCBg9a9s+BEl5beLrq4trf7TeSaLcFYpSEJUDkk8dcEDk5znk5NfrGWUaUMXh5+0TTlFu0rtxvFqyu/u10sj5DGylKjVpwhZ2bdk9ny+75vd6N2fbr9W300Kw6HGqhx/aTnO1iMiQnIJz0yOnDZG7J3Zs2WoQtqHiSM7IwYVAGMFnKnoeuepOAQM5PGa8/m8WSwf2at9od/avaXjyysqCZXO4fMigZxjIPGe+AOTNZ+N9D/tDWp7xjBFfRssMdxbvGyuEVUJyoAGQeScgdsHFfolGpRc4rnilFJX1S0iktfw0sr27o+FrYatHmkoyXNFLTW1uVJ310TS6aXu9z0bTXRpvDjLOpZre4ViuMhRkMoyMDpg8YHY5ANRLK76LqSAqwj1BipyDk+aPcjjI7dOAOSRxdlrumSW+jCO4gMsMzpK8M6grFITgfMR82Dzg5689KtoI3stRWC5nUfbGfy+TvUtkHPU9SSwyccksOa9Cm4y5XGUHbT3ZLV8sFfzSd9b7d72PPdCpGV5c97pq60aSS1TSitNbfK53umop1ycuCA+jsSwKqMtFg8DnJ6cdMgccivFPihchvBuiROGEMOtSFXbOMBydoPrj5SCTzg4Br020N2NZWO3uI5d+n7WaTcjDEeCODxkN0xyfTNePfEqW5fwfpsTlBFFr80YPUsfMJJb654IJUA8AA8cmau2Fnd9LK1ndOUbr5Ozv8uh04JcteC1vzLRvvZrtbbV7666u6/Rb9n+OK+8EXJMckkw8PQ/ZyDj5VIy2cjhQRnnI5H17rxHfMn9jxPvRYo4h5UnTJATcrf3eAVAbPQ4Pfzn9nG7eLwrCpmVMaDNEowGLeXEHKnP97dgd/wAyK9C8b3D3OnWyiNBdi2g8klCHz2IPQcncOuCenp+T4tSeLlLdXv5ppLz7J6a3sk2j9VwKlLBQdt17snfVcqtrf1upLZvTVHjt0EW41Fxk4vy2R2G4Nt9MnoTnOfTt/cx+wcM/sh/A4np/wixbtwDLnpnH0B64P0r+Ge1Zza6zBchTNEVnLMu19xIyOmTjGCF79AM1/c7+wYM/sgfAnGTu8IIxXPXLZJHqQCe2QcYGa8LPf4dFu6bTWqtb4Fr5XTs/O66J74v3cLSTf/L6Lfdvlad+v2b376ev1eQQCD3wcYGSDx14OO+OtQuDjCgMD6nPHPGPqRgbiF9sYNsIoxzlejY3dex6euc8+/UGmtGARnbzkA9+BncR05wOe45AFfLqpBXWqel30bsnfW110WuqucEXKT6y+Gy6RceW6tZu+9n+b+GqIy/LHOMAAD7vPIAGADt6kfjk5WneU3JC8L/CByM89cc/hgEAnqamGB154+g69CeRgY69D0J9UEuCVG4KCC2FzkEnBAP8XXGO2QMCtFNvd6Xva2vRPo3r0Vt93pY2SejWl9d7u/u2+Vk9dLN9XsxUPzZXj5SBkE5J9c89RwACB1yDSoM525G04AB4J4znnOc8jJAJ6c9JhIG2/LgAjP555z3B5xnBAwMDq1yxPynncSQM/N0wPbHPI549R803TdtpW89NU9n1TWiWza73L1T21vtbzXTp07aX6XEwRxtC8Njk5OABgg/dxyeSeOcGk27F+92BBx8o253Z64I5ySQOMgnjaK5XG7ByTye564LDAzx1XqMFuTyF8DcMksMYxgjGcgA8ZB9yOuScAl3vay00SV07u6urtXSvqk+i+5Nzdt91u9b3S69l56X08wk5IHc9N2AwH3QMdOOmM5ByfaBzgNgHYoGAMndk4/mO+QCSByaezk/ePOcAdgCOc7Rznjk9OxzkiMsCMANgccgk9ccEeuMkg5zzxnmUmmr6r3UnfW75eztstLJWXV9RRb3e7Vuuun/D7LyI9g+U4yOoxz146jHB29T1APOTw0oCGIG4kfTjp175xyfcZ7ZlzwSqnGQSSOMfTr3J7kcE46lenOOnGB7jA49PXPB4zVLmvdu/ZXStto1ZPXRb76vR2LimrLpbyVr2b87379X2K4iYHcVYqMZ4PX+Ag8cY7DgdOgFOVcYJBJbklhnAJPTGRnjk9BwDxUvPYZ/+uMce/p/OkIPYMME5zjB/3dxz8p46nuMeluSel109NktXeza1ul9/VU2lre7e3nbl1TT09bbpDCvUDOMcc8YHb2x68cYHqaaY+DuwpBJByR1HpuHfGM43NnrxUjgDAA65IyRxwOR6Drx0GMZJBpxLBdxb5uTyAwY9gfw4IPI7dSKh2srWV93s73W1u3XtsiLpO6vey10WumytazV++trdyIqcEscYGe/AB5Bx34GFOSfQnFAj5OFO0BT1K7eNuAOhJ/u9BjJ4xUrkk5DAnjJ64Hy9cnJJJIHXjAI9Ed1GdqnGOMA555zk8MQTgkZwvbjmHJpdE32vZX5Uu2zsr/furxJ666Xsu3RLptduyenTyI2iDEYABB4GSME9RyRgZBGfujjgYOI/IOOMDqMZDHPUEc56n73Xv0HDjKuCMjuSpHIHXOe4PJwMEcnggZUy4+6ByM85I6HGDkk56kEEkA4OMAPmlpvqtE+v5b/f3Y4ptJ6tW2S6Llu3o7Nu2vXz1vV8lz97BXIAOMAgdQcYHA3fX7pBzmnmPgFgcE5wASAO3Gcj3HuSO2ZWkBxkDPJGOAcn+IYONozx7ZPoY84B6fLgA9+D/dPJO0ggjBx155os7Xdls2uqvZWaWidtdE91v02UFpdN3tprre3zs/1e3SE7Sc7cZGCBgZycc5Pft1yRnmoXV88Dj2PQLyQQQCD1Gc5JzkCrbNjdg5BI7c8nk8DptyB15yRnOahYNnlDtwSTkDdk5GeAfoTwOu4g0uZRemiat36a30a72vey9NBx5bqLV7xT02VldN7P3nHbW/yIW3KASMgngjoB2JODg+w9eRUClhkDoy8euASc4JPJzyp5z1GAQbTN8uNp+XkkchfUE8EgZx0xnGM9agYgN0JOB7DgdcjnOcH2DYxxxrCqpbL3klr89nbdWaWt7a63RSurXvfv+T+f9Pa8bZOegyAWI4PK4IBzgkE8dx1J9WhXyDwOwJ6A+56At6k49xxUwUHByBnAbPGCPTHBJGMnH4UqgPkAjvwMkZAI4Bz1IAJ6gjGPS+a6jvp2dn9nW+nbTRO1tWHft528tvTr136ESbgN23IZiABj1ySMfic55+tRF3O/5dxwcBQMcE5Zs4wQSMjj1PXi1sYKQMZByME/icZBxjp7HkDnEbAKuSV3/jj0564bk8ZCgcg8ECudWSV72620tbb0vona2m/R8z2u/LfTbbs9bW3s/MhBzncAuOvGOCcZ/AYyD75HIpSRnJGDgdepyR255IBzgtjuR1pxDghicEcEkYb5gcfMMkngFv4unPJqPcC3QIwBBJUHle4PpgHPTg/LngVDa0tbra6bvtq7X07pbfm1Fb9Hpdqzequk9Vpvvsm/ICSDkjgHpkYzzwpB6cEhj+JPOHGQDPGcYIPQjnrxjA46AdQQBjmo8kALxknfjqNpz155z7fToc0bmXIOB1JLDIJA9eRxjPYHJyp7wpNuzaV0tFtunbW2j8ul9H1SUbq1krK92lfa7vu9dra2epKzAHOeGOQQORn2+pPGTuxg+or+ZySxHygkcjIJ5HA56Z9MfnTi2QuAAeg7BhwM/dJDgdc4BIA61GArNkYI6DPzZ4wTk5ORjPzZB4AOBVxTTV976yel7qKfXZrdt769ra7JRfKtlpdpWXm7pvR6tW1SvYXeOS3IznBySPvZAJOSOc+uM9iTUZckYHJByAcd8ZOc4OfT165zwvykA+n8QJOMfeBXA4AHpkEY+iEgYwflAKncAAAQckDCkgD0BC45HIzTle+2m3loltf5q21/mtHBJK1rWVnvq7NdL6J27uT2XUGWzjnOMHqx9CAOoPPsfTmjacEHOR93Jxye5/mPQYpQowGHOPlGfl2jJGRjucdfl+790c4UHB+bHck9TwM856HJGeo9Tk4rOe1r21Wi1b+G1td1vpbcWqSdlr6S1sm7O22q23W4mN3XarcAHnJA5AJBC9eOeoIHqVY0eQoUnPGR0yeDnr2568EcHincHgnA6ds4IABH+znt1z093HscE4BzzweOMAfQA4PBPQDApRm0ld9bJ31jtt5L7kEqdN2aS321utIu9tG05LRWs/LUrMNhY7jxyBgDODyRtGDk4yPTkYBxTBJtYkjC5YhQOinpgDv0IH3vX+GppACCS33SABkHGep5HPuOcE85I4YUBYfKFGBg4zle/TowwCeMY7g8irpq/ZeqWndu60fbvsVCKV3t1k0rLZbdb226au29xUK4yQexBPAxxx04HryeAcY2kUOeHwpbA+UEkHceAM8AADvxj7pApFOcKwZsn1IBwPlyBwPT5s8DgAk5e21dxALZAO3ByfUBumOw5AGODkrUOUU0utuj/wAPW+qtvfy2GqcVZcye3o1aNlurab6aX8ysyqQd2AeDwP4sEHOenrnJBHAGMijA3EkDgNgqCOfmAJ4GcjBOQB144FBw2TghmAxgcqvPBOCMk4GeG9eOTEDkliTnIB6MSFXGDgnB6Z9/XucydrtadVr2/W+1lorpp6y4JJPRyd7PVt3s7XV9PwvZJ2sxxYZBLA442gZwcbcAt1zwTyR174NR85OQCQcBVBBDHgZ57AnpwB/wGnEg7+hGTjscgDoBxwQQeffHPDDgEEHJwScg4IwQpOM8EdR948dMUWVrJXbW99r29Hb1V/KzFFyUrcrd0r26336PRJ36J7XvoNZg27JJHt04OB2ByOfYtnOcGmgjPTGACueAwHvwB+gwxyMAgNyM5GSNxBUZ5yD24xg5wWOOOcjAqTDEZXIwzggj5gRjbn07kjOePl68tRi0ra+f+a/C2+vzU+zqyfMmk9L27Pa+tr636yb6pNtxlTj5T15IA4AONvGCckleoOeQoABJNrbRuwQMKQCByc5Bz/FycjoOSSVxmRnG3BxnBHGOuCcknrhs88EHoeaidzlSeSozg4A5VcKcgZGCP9nJOMZFKEpq1npbboldPbWzd1ra+olTa0le9vTezu102XXRa6XsMCg7gcjA+XjlT3BP05DAEHPGaaudzZC7SOM8BQByRk8dgR+OPRwlzjAGM7iADjkdOgYgHj5uckYHcPL7sfKN3P3cbhlugIAGT6D+ItknBNac09U7NaWbu9VZK+/m9dd1fXWuWT0j7uml9ei7NbXat3aeyu4nU5GAWzk5J+UYzwqkdie4wOowaiZWB4KlgAxIGeSCOpAGRjuTzgcMGzK7AgHHzA4Jyfx4PHoOmPQVGSeWIAZuq/w/KOODjAXPzHoc7gTxU3krXdkra32s0r7t/PTV7RGocqW+3W176btPr3772ViI5wSSScEHg4JHLDIOFJzjOcnj04RtzEbsBcBl+YgjAycg5yPUcBhtwMYp4+8VI3KWXjBG4jnpycj2ADcAEU845yBkZwDyF44wMnOVwByTjg8ZzMpO+jd++t9eV6a3WqVl0t9yaSvtsk9OnRd+r0tpr5lNomO7GMgghRwAP5nJ9jwrf7IAkJYjkBgSSB/dK9jkMOOgGeTk4zxMGyPm5bbk4/Xn73XHUcdQeTSjOG4BbG7K8MpGBxg4wc/mSARVc0047b2XW7aSvZ77a30be19QceVbXWj312ve73Ssm23t16Hgv7VMbD9mL46iJRlvAmpRjP8AekgkHJ6A84zkn+HGcGv5VP2EfFut+EvA3xr0DQwVv/F/xCsLC8luCAi2VvYJJP8AY1yWa4VCQrD5FJAIr+qr9q7c/wCy/wDHZRuRz4Ivim0jhhBLgDOdx3EnnngewP8AOb/wSI+F9p4s8ZfH/wCIviZmm0fwGPsmh+G9QjjaC68RahpxjmvHjkG1gtuytG2Cwb5vvcHgx9eNCnOpiHaEKVKffnl7e8I9bc0rJu6SV7bHqYKM3h2qcOaXt5xS7OVOCurWe3M03oz+an4wwwx/F/4hxRq4I8Y6wI9+xpA4v5g7v0IZnGSCcZPykAA15/JZTyPHI8iuxvkUM+04CEbsgNwAQQM5B684r2L9oi2h0347fFeNUj3N428RsYYwxWEnUbp0jXAIUK3y+uFHTFeS2Uck1pbyyQSORfAjbuGQeMEsQCe+OpGAOev9FYOUJZfg6t4xVTC0Z2bsoqVOnolsn3vvd9bH4nio1IYzFRipc0a1RO17aTtd8rd3peO9trrVLi9f0yRvHFuYlTMcmnkt8m0HzFJbB754JJOOuSBk/wBFtpZOPhz8PpCBEDoemLkABmZrSMcHJ5ycYwRkjPcj+eHXsjxinyPGDJYR7gH+RhMmA3QdR8u0c44ORiv6MUjSP4afDwtIzmPQ9JZjgjBFlG6rhcY2njuOuc5r8j8T6sXWyeKfxVKy30ty0veSv6t/dY/V/DSE/Z5vKVk1DD67bzW930u01qrabHm3xGCadoWkyxpLLKPE2jxRIQzB2eeFTlVBJCsc4APIz1wa+A/+CjWnzJ8SPB6XFxb28s+gCXa5EYAkmj3Fg2NoTnjqVLZzkZ/Wzwdp2nX/AIp+Hk+rtYrotjqV1rGrNqOw2awWFrLMrTmQbQBJGMbjnOAPm5H4r/8ABRHxJD4z+Mlt4huoJINNuxqUem/ZpRJarpS3ZEE8G0kCORVDoFGMY4zyOPg+vzP6tyu8OZ87bsnK3Lunq0tL2tbXubcXQcZOq7fvIU1y62u2knzat93u7WbPnP4l6d4Hg0PQlstes7m7kt4Fu44P9IdZFhAk3kbgCrZCr0yQAOlcv4L8U6Lotk8Wm6Hd6rdhmWOR0xCW3fJkZyAPUAHknoQK5SPUvCttbxpb2L3ccJbz2YDcwPJy7dFJ4JBxnjrXo/hz4peFbLT2g0vw1GJYAZN8qR4ypHUnJbgHHfkjJODX39LEVsPJqDi95cz63te1rJtP0vZ9D5CNGniJfvLK0bPX3HpFSs0ndrrd3bWi2H+KPFnxB1U2SQaBZaRvI8oR25kkcAERtIJQw+XcSqjG4c4OCK5t/B/xC1qItqWs3drb5JdUlFrCVHBIRHT5eCeOg9DXQeMPinrN7pen3thbwWUs8roqpGrMqRFsBjtwPmORjO05x7eRTeI/FWpp/pWp3ZEgceXE/l53diAVIx+AwOR96sZ5jiJNqc5NNq/vNNKy3stba/5d+yGW4WPLOMYJ291qKvZWTavdXb1120v1Z6Xp/gPwdp7xvr+uWk8xikHlzXJn+cKcDYXIPPrjHAAzgmjpmtfDzw/csbeF75wZPmECAAAkAKGTG0dunXPsPLLTSppbmAyPJIzOXYT7izHJJJY9OTgY5yT17Sm0aO7m8ww7VyVUcAb2PAIz8wK4PpkAkZJriliJWavul1bs1y97tdF10OqGHjZO10rXvZ6+7umr9L62sj2Gx+KO7WtLsdJ0xLaGfUYUMkmFkVHOFICnnC9Qec/3lzXvlyDFNcy3RDLKvBXDDc6EttTB+mcD1xyK+NdG0oya/o0wJ2C+t8sG2/MCTwGyw6k/3uO/FfZl0mnpdRJJexThljzDGWba4Qja3UnnGeB68YGfQyqakqjb0jbd3Vno3a6uul7PddLX8TNoOFWn7tl06q14q9nbS/XbV9j4K8VPdR+INVkSTzIzfzQbZdzJGsj8KE+6Ou0FRwAcEkAV61Y2rWPiPwTIVDu9patGuxQiKw+bBYd+gGTycnrkYXiLwRrupeINSjtdLvZkmv5blDDGRF5KOG3FgO2OQTxxx1x7rp3h1W8ReE4JUQrb6Upy/wDrFkjjPy55AweP9roOhA9zJ61GeOoQgk5qom09WrNb21eiW6ST8jy83i1ltd2aj7KThdJW91bWd0n0bvukup2mrzvJpd7GEIV2ADbBu4OMMMYIGCeOBjjg5NXw5ZvK0uf+WcIUMNoUkgAkt+h4xnBxzXY+JdGktNIb5CDlC2UAILN93cSACR8o54zkcZrD8INHHJLDOnEjFFIIxnHTqMdOMcg8kHAr9VqzXKvdekLptP4l0dtNL6vVJp+Sf5HCFSUL2SUpJpXuruzab13uk9kn0eh6NfeHTHDo7qZSJ7Znclm2MY0DhT2xkZ+ZcAgcEivL/hn4DbV7nxNcNbgxrqk4jiZVJcBizFDhs4HQHnnGMYz9KajbxJp+kSErJFaWryyRoekSREFm9gD0HAHAGOT+rn/BF74N/AH4ueDfjLrfxS0qC91rRvE5t9Ht7wuRHbswMkqIp5DKdpLDtyC3X8I8ZuK8PwdwxLPcTSqTpYerTjKFOPvN1HGCau7b77Xey1V/0fw9yyWa5nPBuahzR5k2nK1oxbtFdL626avTU/KLw58HL69u4GfTphYoF3P9k3KmBnoFxkKT64xxX0vpnwb0j7NH9mtXMv2GZRKsCYZvJbKsoUgEEdQf7wI29f6kL39n79kDT7e2itfBkawyr891aRXRgVlUKQSgKkkg4Gefl4yMDpJfhX+zR4a0KVNM8O2lw02k30dq50lZHhlNvI6lsIWDZwCWOBwD2r+Op/SBnmGIw0MBgMR7OrOC56k+W3NKCSikndrur2+R+4PgejhqdSVasm0m3F0nGzUVs27pXfVL72j+NL4GfDwXfhnxbLcWcLtaeL9VtRPJGGxtmkAQAA4wOx5HfGOHeLPh08crLaWNsq7myyQgKcMQARjIOOoJ6nOMcV+pv7HPw48N69Y/GS1udPaWKT4v+JLfTRJZOyQxrfTYyoU7YwmCcjC52jPWvtPUf2UPBs2nyXcUOl3LFfnIt3KROX2tvO07QTjryPQ7Qa+xzDxUrZPm3salOs7eydlKW8oQnttZJ2to9ro8rCcMUcbhE41aSa5ld76Stba97K68/vX8rdh4Cmh17VIXjiDys8SgRluShYggnA4OMD14FWvCngK9m04MIbWRVvL6MfusxnZKQSSAuTwB1J6Yr9zbb9m3QB8YPHGgHRrO9g0yxsbkHT7QyLAJlUGUNsKbSpG8ckckkj71L4G/s++F73wnPPdWthNGnjPxTZB57UqirBfzIqvIQMuAAFUnaTwa+oqeMSpYR17VIPloNXk1/FcbpbP5STuuV7XPNp8EUq1ZRlKMruSdktOWULvR7u/W3az6/iNN8NdSuLjH2G1jjDEkrGYyOQMkqMFT6KeOlYviv4Y6iNIv1hW3HlQEyuULZ2qW+/jqACffOPUH9uvjl8NvB3gzSJI4bbSre4kgeSB1jAkmMcg4QBckYDFSM4I3DkjPZeAfgLofiv8AZ88Ya/daFo+D4XvNTgu54Ge5me2QqxhO3duP3skknHLHlTz1fF+tSwVLFzVTlrzVKLlLeVlpdqN+t7LRLpsZU+C6MsZKhTlD93ZuT0sly8yukra6Wslbtc+MPgf/AMEq/jr8RPhh4T8b6foCyaNrulW2o6e6GFC8UyhxI287tsowygdAGHABA9D1v/gkf8atH0S/1vWrR9NsbPD+UYluJZhuAKp5IIVR8rEtxnOcdD/T5+xloJ0f9lH4VXB1DTtFhXwnaSx3Ws36x2ccdvCWRwhfEUYVMiN8OqnLKSMD4M+OH7Ufj/W08T6TYftM/DTQ/D95rNz4X0/RvCNla6v4ha5jmKRmVZkkAEu0orR/MHOQ24V+Q47xd8Q8bj8TRoYh4TAqdT2M1RnUTp83LFNwu17qspcrbbeq0PssBwjkDfLPDUa06bgpylU5YuUmru9lGWvNond97tH5o/tsf8Ep/g/8Hv8AgnN/wuWxsJv+FtWUujazf+ILyQKUjnMaTactunA5cDMiMwOOhr4a10SWX7JWkSyXFtOsXhmytJH3MWklkiUgYz2AxkdB6nk/0lf8FBdNn0f/AIJNeKbe81O48QXdz4f0KS7vvEEaxalNdzvFI5S0+Vo93zFAqhcHoa+df2HvCPwH+Jf7KPw+s/FXhHwxrF5FYQ2E8Go2kTCe6UouJvMBJK4ON+OhGQev1vDfH+dZdkuGzjNqWMzRwzZSbheTaUKclyu0kouSstrNtPU8zFcP4TMK+KwuFnQwfPRqU4LlcVy3SUmla6tu9Lrps1/IO2g+bBbuyTqZBuCwRSyArISykHaQFI9SFAGDxwINQ8K3C6elzmcrI4C7YCAS7qoA4ydmRubBJyOOuP7N/wBqDxL+zf8As0fA/wCIV+fgf4BOuCzTQfDDxeHdMnhN1fwmNJRKbczsIQTIskOTuAGR0r8D9M/ZE+Lnij4X6J+0MZfDFn8J/EHi6LSoXMsR1K0ub+/URuNKQm5jhRnKqrRjCDJU7cV/RWReM1DiDKa+NxmW1smjB+woLEztOvPkTtFWTbW1kmnotbn5difDzEZfjqNGliqWMc3z1ZUoyXs1zxTcrt2fTWyWzXR8V4H/AGBfF3jnwHoXiX7Rr9rY3mkW2oK0OhzPGVlG4lHMQZwvPIJU85JBrH8QfsN65aQSQWemXV8YVcG4v9LnthhBksWVFXfzgZO7ceMk1/X5ounH4YfCb4f+Hv7d+F8mk+GPAVpeaw15qdlaTT29rYJPvaF3WQyeWTvjA3BsIBnmvmq4/bo/ZlufAy+NNU8YfCyLSZ7y98ORWp0kzzJqNq7RtI4EREil1Pluud5GQ2DgfzNiPGvxAnmmLo4DKqmIorE1VTm1Va9kqrULcqkrcjS6O93fRW/YMFwLw7LCqpiKvLJQgpWlyyUuSHM+WTaaTvay6rXRX/j81H9nnU9L8awaC+kPo90dHvbyR9St5reKVIcDzbYzhfMU54KZBABBPAqHTv2evF/iK4to9IsrjVFSYCWewiVohhiueEOM45BwcdK/VP8Aae/bz+FWv/tTeAPiHoXh/wALeN/h94J8F6joGp6FDpi2FrreosMOQwhjOyNShUyErgk4Zuv6Y/8ABPb9rv4TfHR7+HSv2c/h18OLfw59nn1jVbs2+oie2up5FhmSxjV52x0ZlXA5JOcMft818U+NclyOlmmKyiUozw0KlZqqoujOTUbcrvN3bTfu3tur2RwYbg3h7FYypQoYmUvZVJJQjTu5wjFSv7t4rV8tvLVdD52/4Jr/APBMnw54l8D+KvGPxu8H6bqV5qBjh8EWWtymBmmB2+atuCrLg9Q6qOQSBk1+c3/BRr9k/Tvg5+1v4c+Fum6ZYaH4f1230a7isdIBnMDandLBJHEV3ZeRn2rkgDPTGDX9nlv478DWBjlt/HPwy0KyXdLp8f2JrNLZyAQVR44wM8cgYwef4q/FL9sbwDL+01/wUM+DOieC9b8PeNV8M+FoPFPiLWfB0cF1IkOgSvem3vHKtGnCD90TnOQAe/5ZwJ4mcVY3i3Mc9x+IrTw1XC4pvBqvKVOmoQUqSVK9o2druyu21qmj28z4fy+WChgqVCNCjD2UoynTak5KUVOUpypxu5K7spWS263/ADo8LaRff8E7rr4seGJLaDUPiN4/8Gadpng+R3ge58I+G9ct1kvdQd0JeDUL2CXywMq68bsmvzG8Z6sl5PcNdebPMLhzJLKS7yzyvvld2BJYs5LHJAJbrzivqz9qr4ma943+OfxE8Q+KhNY6w3iG60b/AImpSKSLTdD/ANCs4o1wuxWhgjO3aB7YNfCmreINNu5LyRta0wuLzCqJkAJBwxILdOPUHqTgc1/ob4bYV/2HQzHFVVUx2aUaeIrylryxlCM40Y/3YKW19Xrr0/l7j2vOeaTwmHg4YXBVJU6cYwfK1FpuVlu3Z3bv2PeP2RSH13x88ROUubfIIKgAnK/NtGNoAH8PBB6Yr7tvJgYGXduImByFIOBwCT7gAckcjBBPFfnh+yX4n0Oz8RfEJb3XNLtFkuLbyXkuURZm44UBgDg4zjHB6gjB+5pfFnhJbcFvFehgs+4g3kZGV+XHBJ7HB5K4I9SP0XBVaNKk2qqjaVS93a3vK7Tdur0SenTR6fn2Pw2LxMvco1bOnFJ8rs7RjFN6bLp5N7p2OuglB2k8YIJHbaBnJ6YJAI7c8kE5B+T7WVW+NXxWKgErbaUQGywx5SEgdB83y9Dzkjvmvfl8c+ElBYeKNCKblVibqMALxz1Oc9c8j164PyFD8Q/CUXxn+KMz65Ytb3EGmxW80RLrMyQqG2kcBV53Z4JOAcYA3nWpTrULVYcsql07q1uRXbtutHd66abtE4PL8ZTw+Lbo1E3Ssrxlq3KCtqk9Etktemg3V78W+v3pXaS04BDbvlJPJyDjGBkYH5dK9t8A/E6y8D+HNZ06TTpL19Wu4JIbmKYxiGVQvJRCGZQV75zgnHOT8w654o0ifW9SkivopYncNG6ROz5GeAQCOozk8YwRyDWxaeMvDTadbwyX0omjdpnItJMjYATyw2njtwMYHeuPMY060KkLqaTvFN63dk433dldpK131DC4etGcFOhLdSd1a15RuvuteLfROzdz6A+E3gGb4u6r8R/FoungXT9Vs7S4itoC0lxLcxbIg7spCoNwO4nORnPTP6hfs/fsx22g+GoDb6s1hJNqG3xHMfKgmeNhuSBpnGGZ1BXBPOc8gZr8eP2b/wBp6x8Ay/Ebw3DpGo60fFeq2H2W4tERGtI1ZU88xgB2KnI+bgc5IA2j+jD9ib4cfEP9ofwyL/UDd+G/hppF1/aNzfXywLeatqdpKvl2s7MyzeVIAF3AlcY29eP5M8Va+e5ZgcwxWEm6VFqUaMIfFOUUmlF3VuZqKav3V0tT924Sw+BxE6EasI/uqceZytFRXu2srO/u2V007XTP1e/Yw/Zi+Hng/wAFDx3400iw8RarczzRaJpOrWNreQw2AcNHciNkdZZpR+8WRg2AMnrX8kn/AAV88QaN44/ar+Jt5ojaXZaTBqsOgRaZYwJaW0baYDDLsjQIBIpGGIUdOepx/ZNrXiq6+HXgLUNO09tHu/F+r6JJpHgfRtO1KCW7Nwlo0QkFnvZwsAzLIyqQGBI9a/jF/bx+HPgPRvDcfjTVvixpHiL416x461u38S+E4Yyy6TH9sfzJLtov3nmrn5nbChlyTjmv5/8AB3iLPa3E1KWcUJ05YajUVoRqVKmIrYiqpTnUcbpQp04xilJqMXLlirn3udZVDE5Vj8TQqR9hUlTp0FL3VGnTSUuSLtdSevNa7u+p+PWr+G/DUCP5lzZAiQK26XBBHUFQwAwTkk57njBxwWo6P4PKMnnWc0h4CpJhmYHO3JYjOc8kHJ6ZyCOxvtC8ONqN/BcazpjLFKGYyzSbDuwWWPPHUEKTz17kVxyeH9MvdY/s/TLaGVmlkCvGs8q7ApbdGcbZP+AhvcZFf2/RzqCw7qShy3SVre9ZtXumtHd6P1SbZ+PrIajqSj7VpybSUe94622slq9nvqYkGm6Tpt5YXFjeG3mhlEkH2eQGSGUMGSVGTLK8eOCp4I4YV77aQ+KfE0kX2XVfFerTzskhurezv7uSSSFRtKXCK5bYBgbWznIC965/w/8ABvwjcaUniLUvGc2iXsOrW0SW9xav5Zj+0xtJ8pBMgZAUPYqze+f6lv2af2vdFg+HXgzwH8M/gX8EfEkXhS0Ed14nuvD9hbahfLYxwpPLI9zAJ7idmO5gCxbc3GDX5Vxr4o4Lh10ajwCxMZqqnXsvZ0uRQbUrLmTlqtVZNPe5+l8JeG+JzXDYia55OCpyVJTjzTUkkpXu7Xsnqt9dEfzQ33gv4su9tDHpXxEvLi5niitUm03VFW4lZwqKC0e5954+T2JBwM+4/CH9kD9pL45eItX8PeHPDWsJrOj3sem6/os1y1lc6e0kYdBfx3JUI8iSBo42AfBO4HFf08/tRftBwS/DrRNd0zwb8MdE8SvrOg2tta6Lp1nFNZXDyrJIMrCpVR5eZWU5yB0yc/nv8B/2pPGXhX4pfGnxTFo9je6n4i+IgvNT1y2KpEk1na26KkawBd0CBVX06EAZxX47j/HLMsblWNxuU5Jh6bw7jClKp78cRz1KcXNRtD4YycrN6tSs7LT9EyTwmhLE0qGMlUi6qkqdJySdOcFpzyjFqzdrLd/ez8EP2lv2TvHfwNgl07xxb3dprbeI/wCx5NPupPtEqs7YVoGjJSNDuwBgEcjJ5z81xeB5dFafTzG8FzayxySq/wA7gSAYBZSQMc56cDBAIzX7qf8ABSf4iXXxS8E+FvHFxaWyXcnxIgfU5UtmWWZxJ8ojI/eOFI+cMf7oGM4r8bPG3inTZNZ1i8WKa2WWSOJcqxLSIoUqdxIODk47DIyTkV+/eDPEuO4q4ZhmGZKnQxEqtanKnBci5Yy0cI8142drp669rH5L4t8MQ4YzlYHCKTh9Xo1ZJtyV5wTbU+qUnr1266PH+FtjPdXWrwxYMizIBnGVAkJLdeFIwBwF5+8e31t+y7+zjr3xy8QeL4rfxr4a8G23hu5WS71LxFLHbRyLcSeV5cDy7A+3O4gAjgHGRkfF/wAP/Gtt4W1W6urmzmulvi6xGNgGQEnaSA3Aw2GBGcgnA4Ffpf8AsDX2u634w8YaX4M+Fi/F3XdYtxqbaFcx3k0Wk2ttKJJbm4jtQ0Zh2g5Dqc7Qqk9K9jxaqYzD8G4qtl0ksZB3p3jCdm5wb92b5W7Np/htY+S8O6Ma3EPJjqkoUZR5Ztuysox3fRt2vfb0vb71+H3/AASdm12W33/tCeAtUZzvEWjsl7Ky43YIiZs7QxX5Rn26Z+wfAX/BGmK7mmhPxXuZVuHhtpFs9N2u3mMNxjaRQVVSeOVJBPJCkj7j/ZE1j4PfEPUIPDd54R0n4SfEHw9L9h1jQ4NJlspryWG1V5ZoVvYkdbdMkGUDJO4rnPH33pnxG+GXgDx74P8ACc+pRzan4g1uSy0tdOkeZbiSCPcRMQzKCAAWU9sdQMV/mhnnFfHFXPVgqtWccO6tKFZww1OHJCUrSblyStyq+qbXTQ/pr6hlGHo+2oxdWSo+0hNTfJJqKekmkrqye1n0dtH+IP7Q3wX/AGiPhV4s0Hwd8DtW+IHirwd4e8KJoepadpSTS21hrMEZWWS4iXKBpox8xIDYIGStfLGneHP247+1uLGDRPiBpgTKuVsXTPzYJ3mPIJwxXJzjPXC1+9Hxo/bg+Gn7LPg/xd8RPF9h/aN34s8datp+hWNjNCL/AFCeyWSBnaHIZIUCfNIwwSMZ3Gvn39n/AP4Kw/B/45eIx4bvfC9/4OjumZzqLSW8trEqY3G8mTKw73G0lzgNgDB2kfQ5VPiWnlmMx1DhajjsHQlXpf2hVw8pNxU/jk1HmkrWk5R0TbV7Js8ytPDVp0acsQ6c1CCdGNZQnUly09o3TSu5LRu71TvZH5sv8Ifj/wCEfDOm+LP2lfilrvgX4X61fTaWnhy71Mv4i8TpNb+XNHDaRShUtipIfzIwuTk4G7H2H+zpoP7G3wj+E9x4m8M+O9Y8Dma9uoNQHh3cuoXERn3edfXi/vJLiVSQRG2ELEAcZPwl/wAFi/iJ45sPjx4Y1fTZNS8WfD+bweZvDlpo4/tXR9PM5y9zcNbebDDdMWPzsAyIMZGMn4b/AGLvhb4n+Mniu+g+KXi3X/DHwWtbaTWPEN7Z3Mr3Fos0jeVDFaqwQuSfmIUhV7k9f0bCcCUcy4GhxJmudSwVCrFYjE4LAwhSo07SjCEJUoq85pPltPWLd0lZ3+enn2IXENLJ8Ll/PK8VGtUvOavGN3pb3VZvdXVtz9BP20f2kPhveeEtak/Z+/aE+MOteOdPu7ct4c1PUru10GLT343POkgkL55YggjqRkkj8LfFvjzx940i8Qah4z1nU9XvBCGe1lu7vUYy0Z4dDM8qDBUbGA64zkkZ/rC1j9l39gXw34f0TWfDeuWPj7T9P0K3vNb0O4t7yXWb+1WMC4uLh7NS6rjJMkxVQeFIJArzX9pH4i/sj/BD9mvVb34S/sgRfEC28TeFtSgn1+002NbXw+tyWhjvLrUrxPtAe0d1djDICu0ozKRzfBXGfD3DeY0cjwOS4nH4mVSnGOOnCjZynyqnyzXM2rJSdtIu/M00epnnD2Z5rQWIeIlTopSVWnOnOjCHKk3zKTf8rs9pPa5+J3/BPz9jn9o79q3S9Uh+EniSPQtFttWit9Uuru5ktrWzurhC8cLJG6b5SuCcHA4XmvpP9p7/AIJtftmfsz6E3ijxH8StN1jRormOxjtdK1iWTVppWGc29gs5mkDHhNkZBbgAjFfd/wDwSO+L/iOb9l/xh4Y+G3h/wx4NsdO8Um41LXFeE6rqEl+zTvFDdPl3ksgTAjOx8vGM4IY/TX7SL6NpiaF4rBl8UeLJRbNbxarrbX1oNXN3ERJNYyzSQqh3HY4QRoCASDmvO4z8UcXgONcTltLJo16nteVxeGpz5IwhGTTm05Sk46uTaW1r2Z6/Dfh7HGYGlXxGK9jh1TvGdOpN1J7NSasqcIuzS1a1u7KyP5MPiF4T+MAv9BuPFA8Yrop1KJBd61Y3kGnLMF3NDJJMixidsEiN2DMpzzyBydlo9vLe6y0S4WK6ZPLXaQXPDMCcnJOcgEYz6Yx/Rx/wVO+Ienav+yT4IS00HwzpGqt8QNFt/Eiaa9uty1+LRjPLGYx5i5AO4qQmAQrYzX830OrQ2WoajJboZrU3G5mL5Afau7dknpyPu853EnO2v6W8H+IqvEnD8sbWwKwVsRKmqMIySago2lZxjr73vWVrrroz8j8R8lw+TY2lQw+InUUoc6lN80oq6WvK720u0ttO+thtMttDmS9heWOZrqCcEZPkzxTI0TL1U7JdrY9VIwMmv3B/4Xp+2vH8LdCWz+N3i26EPga0uNC0XRvC97EV0lLcKlv9tihCOI4vlaQsUYcg1+GWpa5NewQ+VCyqLqJirEEBVnRlUNjlM4ABJGOADyB/Tv8ADPTv2ufF/hn4C+FdG174d6Ja/EL4d2eieHIbXT1udQstJktgBeaqDG3leUgy0o+XnDHgivjfHqrhsPRyOpVweHxP+01FCOIpuatywbSXLNuTSbSs7tW9e7wspOu8wj9ZjCMaSqSbdtItPmdnG1ur6bev8/3x28W/FO80az1bxx4v1XxFrrW1zeG3137TFcWJmYiSNIZWG1ieGKgZ7dAa/PLx54at9b1ezuPtDpK+hw3F0kbElJm3ERlnO4kn7xydvSv2s/4KQ/sm/G/4NfGjRfB/xE8XaJ4n1rUvCsd/ZS6NHHDb6pay7tqrAqqUmiJJmd1VSE6nIB/JL47eANb8AeING02e+gm1G78MWWoK1sreQsc+7/R2xnfKmMFWBBbPQZz+leEWLwOIy/K3hMPSoKpRadCnT9lGLSipLk5IWcZK1mls1bS58zx/Tr0njak5+2hTaUKjkpc0UlaUXe0umt79L6nzFPot3b7bVXnCtMy/O+G2kA/KoxkAdMfTnnPrHwx0eOfxh4QjnaUyQ6ojQs5DHchyCR9SABwRn1Nef6k2rRTRtcSRSyqm8jhSCSMYP8XOOx78cZHefC7xDFpfjnw3datG3lwXsc0jwguEQsd7bRySAMdMkZ464/o7ARhTxVJyS0qU1K90tHFq6V9nd6NWa0dtD8DxVSVahiLvm/dzVrf3Y2ut7rpazunZ2uj1P4m2xuPFGtW84xIZ7lpJePMZQgI3M5J4GAScBRgYzgD1T4NeDLLVdJu7SaFo3TS4LuOZAFkd2lbY2QMYQ9BuODgAjJJ8w+IOraP4i8R+ItT0TUbWe2UuEQkxzCRiFK+WxDEgADkYyuM4zu+m/gWoWBIVAfd4Ts2kYYyrGaTIXochsEEdOMDHNfqOQU6NTNaE5SjJNtPS7s4x5VfvdXbSvrurXPyziGVajkuMUVJTaVpNO8oJxtfzt73Mm+l3cwtd8KTaDqWk+XcSXEk4VpTcYL5U52bmLDAGCAcjHcHp8b/tWAvrnhgkormwm3BAMA5OT8v3fmXDHheCOtfoZ4+iA1fw+UKsXQh8k7dwAyDnkMF4/i9uMV+f37Vscdvr3horEytLaTbsHggsw3KGyeSPUY9OQK9bjilSWU4qMWko1KNr72/d6X1d29Wru6vqtzwvDeviJ59gm5yf7qpFqW6ajGzWzu3e7flpbQ8r+F8IfW/BqorGR9ct4wcE7i0i4wOj88bSSBzgmv3E+GHxU/aP+A/hjWdG+G+pXfh3TPF19b6k80+n2k0UtzaYe3uo45kMiujKCCoBJBK+34k/B2Ux+JvAjlgVg8T2kxUgfOI7hW2nIIIOeAcg5PqK/afxT8dYdYistPj0qGFbFti3MrESeZGgUIqj5QOQSQADzgg9Pi+DOEMHxVhswo42j7anTq0fd0VrpPW7126p236q32/il4iZnwRWyieX+zjUxNGo+apzJJxdNW916aN+89m7pNNI+V/2hviB+0l8Y/iIfGPxb8Q6z8QNfMsFouuTRLDHZWQgWBIY4Au2JUiAUDAznjniv0L+Gf7ZH7XfhH4M6R4G+Gl/FYaXbacuiELHEmpGNJCGlSUgPG5Tow2jHQdSflofEq/KyRLp+nzXFxI5VpbfzDISSse7ehBYNgKxI6Eg4xi5YfEvxdo1tNp8EVlbo/zOwjVZEcsTmNgF45AyRztUFjnA+yreBfD9e0MRg44jDxnGphqdSCapTSSbjePre99Ft2/M5fSW4nhh6PsKn1aqoyhWqxnJuovdtHdJxcrO72Vrva3C+K/DPxkv7Wa28Rar4kiTVtcutTvdIvNWkk0q6vL+Vpp7y4txK0EkjO7Nlg3HHy8mvKvHvwh8UwXEGnafG1xcX8cDtc2siwQRMq7WiKs2CVUk8FQcc5JIHtviDxn4w1afT5bvUhNJDcIIYZVRUGFHQqB5hXngk4JJByPly9X1PV9QkUX19KZISHQQlVZARhl3jYSAMlcgYwQB1LH/ABALh2o70oToapv2dl7zS0XKrXvp5WVlZWfoYD6VnF+DpQjWdGvCajTvOM2+WLi3e0rJ9FytbX7HkPjXwDrPgX4WWs3ii805NTjvoLTSoLp0J8m5cSOwk3AOfmy5yTuB9Bjxnwj4b1fxjqetnSZ0L2ccMU0sEq/Z48KBlELYIOG2kLgAkDjbn3rxx4QtPiDZ2kHiXUNTvbOzuElt7fzXCRtGpVWwCSZCOGJHAOO2KzfDvgTSfDK3T6G13YfaiqyyJMy744wAiEEkk8AZzngjpk1lg/AilhsVy006mAc5TcpV17ZuXK5PSnsr6Ny20drWfo5z9J3EZlg41P4WYuCUacaLdHRxavPm5m7d1ZJWWhJoHgjWILsW99fS21nJDJBdPJGr/aJ1t2ROEH3Qx4HOCQOp44/wR8PGt9e1DVUkkuUspDAY0VYt0sVwriUh+WBVdzRnjcVbbggV6xpMlymqpE9xcvD5by5klDKX8ttrcnb8vfoRg/7NcB4f0nxT4d1LXr6O4a8s9RuZbhIHl3/62XcGVQSAQOCenfrkV25j4NZDSq4TDyji5Qq1J/WJUpJzh7sVFvsnda99Tycp+kDxRiaOLxKq4OFTC0afsYV4uMJy5rtWb7Ja76Jdr/UnxWTSvGHgHX9Es7g6bcatoulxWUflRTB9QtESO5d2iXduYqWZstk5ySAa4v4AaFb/AA78V/CzWta8Q6jDHoXjzR9V1W5gtgBZabYTBvMjjdcsQBkgDvjuAObg1fUbmAKYUgkiViWjbkM3GzPPzEAliDx3JODVaTUtUSSF3kL7kEYO7dtKsASFBK5B65GW6YOK9HDeCfDVOh7CNfGqlOEo3SipqE0k23y6SXMtXFt2Xo/Jxf0lOMa+IVaWGy+VWm6bU71eSag4t3hz6qTT2evU/rKP/BU34PW3iw3D/tBeL/7Ch+yRm1Hh1GMUUdskbRwsLfBG4ZGRuA4J61+KX/BUr9pb4dfGvx9oXxH8DfGHX/EGn+GfCGp2mrP4ksobTyHvLmBoYbGIosTSxKpKEqWBAIHANfn5Ne36uC+GBEQKntlSOnIY9yeMEZwxNeU/EDwnbeO7fVNB1qWSOwmtoZJWtztkj2NngbhuIOCOeR+IHyme/R/4cyzLcRiMvxWZ1cbCLVCjXqUnTdRq7TtRgk2k9W2uttj7HhP6TXFub57hMHmuAyqjgJVF9arYejXVWEE1s5VpRerT5Um7rS1rH7H/ALHHxb+CX7R37PWv6B8Rv2yNV8Gx+CdZ1Bbfw0ukWX9tXGmLZM0d69wIhczQMy+XvO5QhIIxxX5c6Z4H0y3/AGcf2q/GfhDxRqN/G/jdrDw7qMVmbV9X0ayvHVb1nVVbcQdz87Qc5xzn4q8KXd/8FLvxbaeDntSmtW91oM99eW0E80+mXSKhRTIrGGQIg2yI2/hsEbjXtHw+/aM8Y/D34UeNvhRFpWm3mieMLFIYpL2BJp7Ce5bfPNaoFKB5fly7ZbBJz6/yvnfhpnNB4uWWyjWq1Mxy6aw1VwhGNLD11UxCc0oxu4q0Hyty1VrpX/tXIfE/Kq/1T+0JVKNKGX46lGvCNRt1cRRjChypT0Vne7kmm10aOG+GvinVdH8L202n30keqRa5FcXM8pKkuY1JkaRMSl+csck8/nQ+NvjrWfE2teCLXWpUuGsNPkEUqZJkjkZiWZud7EkdWz3IyeONm+JvjbSN0C6DotxHbzRhlNrCvniIKFeQIBy4wCx+bGcjOa6u4/aF1O5jiXVfhv4VLJZfZkuI7dHmiRgvMbSKQrDGSQ2cccA171Hh3NKWMo4upl9KU6UJU3UpVKfNGM4xjdNpNLT3lezS0bseXjOMctrZdUy+lmVaMKkqcuSpTm6clCaauk5Xk3a7d9bNbH9Nv/BF/wAV/Fa1/Y/+P+m/DTwlpl4/hceK9c1TWru+ksZEhk0sFLaIo6ebM4J2q+RkgMqg5rlfjn8O/iDof/BOfXvix4n+JmvGz8c2MM+nfDWR9MbTfJk1m6WaN7uDN0JhN5hUGTzMYwBnn8rP2KP+CsPxB/ZF+GfxP+Gvhf4a+H/E+nfFRrqHVbnU5ZorrR1uYzC0lnHAPLdWRiCsmVOMHOQa/Y343a58RfHH/BLb4e+OdfPgzT/h2Y9D1Oy0SOOJNWaC51S5ldbhlVfnaVmUIOSoAI5r4njXJcwwtShmVTCuFHEYzDxjOXLJuUYwlK6WyTi1dNNx1Pe4EzqhjpVsBDE81anhalSUYx5Uouo1DlbtzJXTa6rRo5L9hH4BfFT4k/s2+Hfid4d8cavoHheLSdR8IL4T8Ox2891c2NhC1zu1OWcNNLbefI+5Ivm4x1+Vub/bc/Yv0v4R/s76d43tvHfiTxJq+rz6VNKy6VY6fFolxqmp+Td6fm2iSeUBMA+axcnlx0NfUH/BM3XvEdh8A/hvrPgrxnpem+GdW8V6/ox8NQTWiSRyXcbq1zdG6IRIEZhkDBxuC4xitX/goHoV54b/AGTrjxDc/El/ErXfjq30q40y5mtUNlqaas0iiO2DGVreNCvlyBduACDjFfnNOpB5nUm26fsMTaXLCC5+SclZS5FJxST15rq/WzZ+kY2lioYChh1yVFXowSabcYNxhecmmlZa6LZ3trqvyU+J8lvo/wAb9LsbC5v5Wtvhn8MYbmWa2QsXFzBuzhSeG4BwSuAc/MTXu3/BLt7Vfiz+1PcqsxkbSLpXfBXcTqc5YlidgGeoBOD2zg15hrmjG6+POuQ6trmgxz6b8Kvh5rjalfXSxI1rDcRzyWkMbFRLLsBU/KSM8HgGvAP2YvjZrvgvxZ8bNS8Fa7pvh+LxF4nutI1PUdQhllhudKfUZS0dooQkucsyOnbHIORXVmDxuZ5Ri8FGlNxq4TBewnJOKknWpN3lZK6hFtu121a7vrGX0qOX4/B4qVSKaxWL9rTTV4pUopRjC7taTtvrf5H6w/8ABBWYL+19+2TsYlZLW/yu4ZIGv3A46j2HtjrnNf0ueIoiZ8FT9wDaeRuOcg5PJODx6dzyK/l2/wCCCOuWl5+2X+1DZWlxHLHN4USczxqyi9ll1WaWSdQQuNztuK++CAOT/Ur4lBN3KBg7VXr94FtuT2AyMgHODkDAJFe9hITourTnFxajQW7d0qFKN0n1bT7v8jw+eFSSlGSm5VKrbjZpXrSb2XRPXS2+qOQhQLImd3Byx4xgAdMDILYBzweQQME56VWxaMFYYOAQSTknBAAzwQR7kADnIrnUIJZRnkYYjqCpO3g5ye2R1GCeOm8uDaFhtyAAc9MsAM5GTwQQu0dcZOcV6EJuO1720W+7Wln1f3XT1uTVpc1la+zbtbW8fnduLe/l0V8iR2DHkEZPLHPAyM4zwevp69hTTM2AOecEkdcHBBye/wCuOuTk1FJIudvA+bGQc9AevYAYwRnI+bIHWqxmKocnJJIABOVHPJHHHGTxzg4YAClzXb6er1+z1er1tt3EqcUklp+ettPwLYnPPU7ccHt1HPXknuR64xTTKTuJPPHXKjIB4zg7fx4YjAPTNHz8EEkMDnIPY52kY9OR259+gT7R8xxtI3jrnr2PONuD05xng+46qSW70urrTpra7s9PLr84VF30beiT1t2t29L/AIpuzuGVi3PAc9DyTgnkck5PX1xgdsU15ckAHGGwc+pyFGMY4I49Ce2earzngjBIPGDnb07g8DoMc9+BimGcFVJOGLYbAYnPIzx9QCfp1yBQp6tXb0SetrPq7t+tt7dS1SnddHpbT0vZeXzt6FszfKSWO4EZAyAM5PzEd8AkbeR6A077TGdwyQQcjAIBPfnlgOM9COMdxWcXPPzbg5bnBwOCBwc8A55HYk8YFI0hCr0VgG5HJ7AHvlWGc7uhzgDOTrzXW3aydm2rrX+nutWV7BXu7XXnZvZ281p8rdd1fE4c5UnjnjJzjqRjnBwcjjJ3cHmniRiMnoQM4BOCSQCeMnk/Q8c9KylZzgLkZI+ZcjAKnk4OM9eQSGyfm5yLCOcFSGB3YPOGBGBn5to5BB7DOe54TqWXLZpNa23V0vJd9ui77Ezw/LZ6JK2ystdul3rounS70veBfPABUEAAe47/AEz1HTpyMCrKZIIOOmM4HXv82c7QAMDj64GKqpkFRnjJLAk4C/gATkdeefXoBOrIRkZGDnHJBI65wM9F69Rk1UZ2t5pJb7rlvf120stLenJOnvZdU76Ky91O/wCO+7u7LUlK7s57YKjrkj1AGAOuc8/jg0AMuAR90nJGOByRjgEnjHzHJzxng0hZWyu8Fs43DO35vunnIz6e4zjOacJPmPA/uDHOdpPbrk89ecDsBzSqu+vLbyd1bRKzvddd4/PoTGkndtN2s12+y0naLd79UtO+o8PkjKkN26ZOegYg9wM4I4xwOuGk7lIIG4bSOcksxweR145JHQ8dsgDcEtjJ45BPIPHboD0A747c0juDjcQDg4O3ngKSM8ZUBRk47AZyMm3Uv53S1d7dFrd317K/6JxpJNXTkr67rs/81q9ne11ZocgnjAIAww54wMc/dB6Y25wfQjc/ccE4ABOSQRxj+9+PbOCR6moXlC7Rn5icjknGW7/w5z+HQdwKZ5ijIyCM7cEnPXkHHAwM8444HTJGaet2+17JJ2XLpqr6W28/O5o6UGnZW0sn5u2vovS619S0r7gx2543ED06/iAQeMfeOeDSEkclgQV2nJGQehztJzjs2CDk9uKhEq8nOckZ5xwPTORnnnkYOR3NMM6nkgcHIU5I+XIABxznPJ6Htw2KtVXF3WiTTUe9uVJK2yT203ttcI0Y9ddb919nRWXfSztbbqTndgZxyeuOnB6foM9z154pAMcdgDg8YGfbnoPbjGO/EJnTPTcR9Mgtn15x/dJOTx3AFPEqeuRuHPO7HGRjkfiQfrnqe2b0fNqrPlt1S0a1st/PprqyZUNmr6qy2bbtFend7ptvpYmXaCMgA9MkgYwDtx6dBwMe/OMOxwM9cnliNvUjHJz2wMdxwOcBplTGUwd3qOvIzycY9cZ5zg0ocNnBB5LDjC+wB/h5OcfhnmoVRcseVK6eq1u/hT9E3tura6O9slS11Tt9z6bXTvp0SWzb0FVCOA5A4wQM4I+vPHOQePTninCN/uggjPryDkru5GQBnHPQD6YjMgBHI++cgHtnnI6kcnnr27mnidRliwJyc9STycDvg4xwMj0XpSdaotNPSzaeyTWvk7ettelOlBP4d113e176LW6v269kptpXjAyTuB68LjHPIyM9GwTngZqPBJJwoPXA5HI4PDZyP/ihgYNMM27HUnhQVbGDjOfUHgep5FQiZmJCZQHnrkEDAA68D1256jJPSlFyertvu07207WtG3rqkkYujraKtfe7dktNP11a/Jp7swOAOMBc5zlic46Y9ywPIwR61ERncRnaVHJOMEdfTr1B6cDPIqUtu4HAyCcHjjIDeuOMY7elMZyc9CABknoO3PrxgeueOeBW0WuXW2ml/VxX5766PtcSoPv8no9bdr7+r0fcjZdoBHquGBI+XgncehP1yV54+YgRyMuCSCcDOckkdfp94ZX7p59Ocq0+xscHggdQq5H8PfHzDOeOBk1Rkny+A3JJw/X7o9uPbnqenINKVRX221TulfVXSWnRvy0WjRvDCSa5nHqtNdb8vr318tPWV3UjBI54HYscfXPJyBn3x90YiZlGdvJwNp6beOehz2wwI3HaT71nvOQVySOoz1POQCOMnjBHHBzjniq73WMbST0xux64IPU9OMgHHPOCah1Klr+6kl53e2767WWuz06M2WDUbe7dry1dvl0uvx6muZwpGSMk8gYDALtJx0yOgwM4IxxgVC1yd3JwM55yfpxzkHHAPA/Wsvz9xzxlcgeuSM54x8wOcehHbnEBuFJYhuQeMfNjaF4yDyGxyeAPqcifbSfRJ9Laa6Wve+2vb8Bxwstfdt8rpbW9PPZNaGv57EbR1LHJJ5BI+6Cp75XnpyBnnmMuSPlJHG0YPp3JHIAyoyMEDgE5IOcLhccnaSOAPXJxxjOCOM5HXGQOaa14iEtkA8naT3GB/PnkEc4BOcU3UmtE49LPb+W3V+rS9Xo0ilg3o3F2Wq6LW3V39Oqf56ZdsD5jg/ODxuwODjuBngDg4X2NRNNjg7SGXjOAQvQkYHUjsoJP0BrMe8UhTu5BxjBBySTnjr1OOnboBVSS+Byd2GB2ggHgjG0ggZB4xnHHQc01UkrXlZvs09+Vrre/pezs9NW9VhouzcbN27PrdX9Lt66ehsNcrkqCBtJA6EEjk5YnrgdcnsAuRUDXLnzCOFY/dO3JOerdcAcdDjHcY21jPdqSAR34GOPfnHPfjI4OOe9d7sEMdwGCSSQVyO64xwvU8EAfTmp5976fPppvZPddfLW/Tphh1de7pZaLX5rXa609bo15LskHLHIVgO3I5HfAxj8Rx0UYi+0FsckgYwAc5yCMnjp06nHHUjJGK13uPHTlscYbPct1JH8I6gHHqAn2ogAhuQOeo/iHQngDAz7fQcZ662dttrbbK8k193zNXRSWqW3ok0k9raLv3Xpc12mIxtY4ydxyOCe3oMjtjI5JwQc1zM/yKGADAjK8k49WGPfkDPYc1Q+05OMg5Hy7Se3cDtn156cZ600yDOSMnK88n0I4B+6CO/JwcnPXSm22rvqlt5rr1/psylCNnZW6ru3o1d/L16Gj5+RsJB2nb1BbA4JJxnI24znJ7cdFMmerFQpyo5ySQcZyDnoD0/AjArNMq8kkgZBHU7hn0wOcHr+Bx1As4ywzgHaAep6c55OO2Pr2xXRZrbRe7bX0373W2t7JLW7vy2W9pNJpLe19E97K9tWt1G9upo+c42jO0ZIznLEYxk88E9ePpkHBoE78AYHXG3ByTz3bIJyCcduevy1nicHqRgDCnjOOcgHtnA9jnv1qRXB5JByOdzFBkHsBjA9wOvTjNXFKL207fJJei2etk7E2Tvppo9krN2v2Wt9fXskX1nbJAYBWOGIODwTxgjIAYHkKBkd+CBZmzt3MBggEHOenqd2QTyTgZ6Z7URICARkOoy2ByCSQNx6ZzkDAJ7ZGQS5pRzyOnvnnhie3UDkfxcntVweu2jav1bfursne9ra6LbXUtKH2lo1Z2t0cVf573001t0dwvlj97AxkegBHBGCWfvjGOtCzjJG4kbiORgkcdMDnGe/rj3NAuMNkgdOeew4Jx3546jj8lSXLMSoI/hPOM9yB24wDx0IBFWnf01T/AAfb8b7eumdSCdrK901fydl3V93ttfRM84/annUfsjfH35ioXwheszHAY/u2yep+8eD0POe9f5+/xys5n0q0MAjWSbUbjyxGRuZQhLFgW+8Mk57nPHHH9+37Vcir+yL8fFdsCTwldoxPTBjIIIIHGTzznGQTX+f9+0VHDYwaJ5LSxN9qn3sHbGPKzuVQwOWB4A4BH+0Mepk13WxC1jrrftyx8+jvbql5nzmecsZUtNHre9n8a11Wulr26dr3P2u/4Iy/st/EjWvhv4g+JBuoPDHhHXoPs6a3CFfxBePp08r3VvZFiVt4ZI8r5g2yDOY2yK/oBufAPhD4beFdKsPCWjRWk11o1/dX+pyk3Gr3k0is0z3eoSBriYSOSwRpNoOdoIyK+Iv+CMiuP2BfCku55TNf62EZs8As+SOM85x1Ixx1Ffo14/t8adZxlN4TwxOcZ6NJEygAjrnIPJHbjrX8y8Y4upiuIszVWam4YudNLlVuWm4Qim18TSWrbey1u9P3rhSlSw2R5cqcbKdCnUlzc0m5zUJTk766trRJW8zzzT5RPoOixs2CNBu2GASAxJGDgDBwBjPGT1wefxx/4Kp38GsftY+A7eSRV/sr4NaDBJGGDsjGVW2OB/ESBtB+bGTzgmv1lvtX0rQtD0yHVNQms7q98OTW2m2FkputWvLqfckEdvZRb5lEjlQZCgVQQScnNfy1ft0+JPjTZ/tOeMbD4hXr2Xiezg06HTlUky2Xh94Uewt5ZGx+8aHY0qIdquWDcjJ6eA8pljs8nUjUjTdLC1t3rLnlCN4rRtK65nZrVd2jy+P8f7DKMPBQcnUxVJ8yTtFQXMouWtm07a6Pys7eN397b23iHxOZpBBapPMQ5GMsqYKDGcHac554OPrS8AaPqPjDxnoMOmXUFnp03izw1DPdsA8sIl1GBBNEjcZjY5AIIyB1AzXnFot9qkt39uuFBEMssk07lPOkY4JLOQpJGRwemBwBXsXwr1jw14B1jwq928+qao3ifw5qB0ywzK80cGpwyC1WUExCSROjO2EJ+bI4P7rmUHQynEwjJyqwws4qSTa0hbfVWsr68vr1Px7LIwqZjhZVLKnLEQk3e105x922nR2SVvusn/a18PvhD4Z0DXdI1K6WXxZrTeBdGtm1XXj9sP7u0gVEtrWTfDahCAU8hUIxu4rrJPiH4J8A6v4sl8R+IbW3unuLGOHSrQG91RwsCxxwwafa5uMZAwFTHK5wa8d0N/it8TrzRWvryL4WeG7vwpor2+maUyX3ifUbK4iheFL25Ym3t0eFsO1uwdcletexeDfhl8Ovh/4h1rULjTtMgZFt5ptd8S3IvbuS52qXmF/qDSPbu7qSYw21TgAfdJ/zwzDl+uVnUrOtWdSacISve0r6u3KtU9Ipp3bezR/bOEUHhaKp03GKoQalNpNK0dIp6dOm6tfSzOV0Tx78SvHfi3VbXwD4Vj8IadJaxMfFHjESC5khJGyax0yLE0MrKcxi6TgnawzuFaPgf4G2WseIPE2rfErUtY8eawuoRCK71O5eHTQu0v5EOlW5WyeFCNqNLGZNuQScnOjo/wAYNF1D4heKbTwJ4b1vx7qcf2e3km0+3NlpVttjAYnU7tVtLlAwyPIkJ2n5R0zpaD4V+Jvi6+8SSeLfE0fhLTLm/jaPw54XXfIsG04S/vZcSR3DqSJDbEjd90jArOj7eScVKNCFk2lZTabT5bX5nzX7x0Wq00iu4Rmvd59Fyt3evu3ulFLZWTVrO/Y35Nc8CfD/AMX6hBc3mm6Lbw6TbpDoujW8T3TYYL8mmWSmdmY4yxTkjnIxXmfi/wAVfEDWtC8YXHgTwmml6Pc6H4iW68QeMP3SeWdOuSGtNMAS6Blh3cyxld2GYDFeteHfAXhLwz451GTS9Iha6Ok2zPqGpO+pai0o2bpVu7kySpvODsQhUHGM9Nv4lIzeG/GK5L58Ha/KwZQFGNMuQABjC7SpwAT26GvWwko0quHqKKqSjXoWdW7SbnC9ls0mmrN3WrsjjrN1KVWLThGVBycY9+VNN2d31va/e7P4N5/GXiK5vvFuim/mt7S38S60txDaMLaCSQXkoJAUKxDsCcM2AAcc8nwv4oyRx2cUhciaRkId2EkjEAkkMSegBGO/TIxXreg2dvqPjHx7b3szKo8T65KVU5wq3soTG3AGB15DDJHJGa8q+NemWVnFp7Qz7o5pCVTOfu5BHPQ5PTPOB/Ea/wBRuHMLS/1ewWJhRhzzwlJuSsn/AAoN3bvdPZWbV9bK5/nvn+MqvPMXQdR8sMVVjyKSaS9o7XV7+VrNXvfZ2+7v+CbHhOTxT8SPg8Yg/nXXxE06FhGBuaKOVZpN4Xlgdu58gluAxHOP7mvi7ZCXwBqrsvzQaZfqu4AlRHpEqEc44IXqvUjbnPT+Qv8A4IcfD5PF/wAX/BWou5Nt4Tl1TxJJHguFktXVId4OQN287c5DDsckH+xD4p2xk+HXiZgVUxWGqyFRt4DafckAMewHI29mbOOCf5C8ZsXQr8XwwtFx5sNToqo9L89WcZNtK+vu6Pte/c/pTw9p1aPDGGq13eFZ1ZR1v7sYqLsraNuL2T69D/MJ+Ldo0vxV+J2wHefF/iUhW3Fji+nwAFxjGCRnGQB1I4+b08FeKvEWpfZvD/h/WNbvNhHk6ZYT3jH5iNrCKNuFPy4OcYwQCK/Qax+GbfED45fEoXkjWHh7T/GGv3PiPWy6pDpelrfzNK7SO23zHX7kYIZjwoJwG9G1z9rfw78B93gz4C+CtJk0axLfbfF2rWcMmrarJjEkkdwytKkLMrMm1jkY4BAFfvzz2rhctyvL8twUsfj1g8O5xUowo0Y+yp2dWbT1e0Yx5pW30Pwavh3UzTMcRVqezorFVnBW5pNuell020elr79vy3vvhp8RvActhqHi3wd4k8OQXtwkVtcanpd1bW0zbwdiyyRpGXz/ALRPK8Yxn9PfglGsHh/TJGRmle6ibyxkBAbdgxOMqDtx39OQeK+E/jn+2P8AFX45T2Xh7xLqsKeHrbUFuLLTrWCNlhuCwXcJpFL8nOQTt4Gc4FfZ/wAKdWu7bw7oUUbIHENvvBO7JeByZA33d+OoDfLnkcVWMr5hicthLH0qNGvzq8KMpVIJOy0lJJ3a1aSSW11ZHq5RTUcZBUrtSV7y72Tb3srq9vlo76fkR8aokf4j+KpRMQf7d1FWGDkETyHlRj1JzjnkLkDngvsW+Iqbqcqwzne3XA7A+nIx9ccVsfGXUnPxC8VsZSCNevyWADMx+0SHIOeAWIB55YHnoK8qOs36KF85wCcgZz8vU84x9Tjt8uOh2oqUaNJK2sIpp27RsrNW2Sb01s0ux04hXq1LvRzlfZrldr6W8rPq9VdbPrpdOhiPlmaTayhjnBbbuYAkEngc8YBwWOK1fCNhDL4mht1YbSqsHbkgKQwbnAG45yBjOM9Ovn76ncSLKzykFIgMZPJJJC57Z9CeeOTwT03gG4km8QpKWYHyyCAQQx9F7deOcY6HaeKp3Wmjk22rdF7uutlvp1u3p1ictrNuO9na2mmmtlZd7WTv3Z9eeItPtrfTnjF15h+zwuQqgKGJB+XAAK5ByeMHgggkjy201OTS7pGt55A0Uu8nOdzYChTwBxz/AHT1yPXp7qa5vC8ZZtgtsKHzwAo6HI+6wyOxwRjB587lRUn27iTuU7U6sd+0nruPQ44OD6jIp1L+y11duy+H3b9bNPXbTsjGnd1OflS1ik+u6dlonrfZ6q3VPT1O91VbzUxftGRJLbR4IJyzKo+Z+p3ZB6nPzY56V+iOlRy6j8DNAS4YuzzRmOFc/MFA4ABJOOcjk5BBySTX57aNoGoa1PYWmn2s13cz+VEttaxNNOxchV4UYHXHXAxgnvX6nS+HdJ+G3wq0J/iR4hsvCel2FtFcvazSxHWbmQx7lWC1BMhLHjJTrznFcOHzPC4BN1pfvNqdOLcpydk21HW+t0rK1k9d7rMcqxuZSpqjR93SVSpJKMIR06taO7dveT9baeGaD4E1TWbi2sdPsLzU7ue6WNbe3id/LDvtVHIUhd38RPQ9W4Ar6Xn+H3w/+DGl/wDCRfGvxBZ6SBAs1n4M0ydJdbvmMYKRzKjEwhydpLAANk9FNfKd5+2Rq6u3h/4E+Gho8dxKtpL4y1WDfegSbUe5hUqUBOMgnDBeeNpJ6/xL8C9Pt/AcvxU8f+Nr/wCI/jPXNXsLQtczznTLSK6jWaRIDK7ZkgJMZSL5QFIB5BPFi8VnmZtwjOeDwdR8qcU3WqRaV7yaapp2s2tV03OrC4XIsn9nKsqeOx0LSs2vZwlaN04t3k7ptXtpZrsZvi39qjxz4ktbjwb8CvCi+BPDN+JEmvrGKNNbu4OVaS71aQAxblIZhbyK4BAJDAV43oHwqnm1GLVvHur3Or6jLJJdG2EskySTgFil1cOTNLtPDByd2c4H8Pq8qWOnW4g0y2jt7a1CRhYUWFMrgM+VUFgR1JJOeDkktRCJ7ghEjckpJ9nSBWkklaQElcqGGP8AIPOaujlOFwdLnqRTqqLvObvKW2spSfM+zd1r5o2rcQZhjZKlh26dFuKjCmrKycdopWur9m720S1P7jv+CKGmwad/wT/+HMUCLb2kvibxTNDbouyNM6gowUHDEjocE8ccAZ/VS6mVTkAKA2G4CovJOcnGByTjOOQc9c/gT/wTX/a/+FH7PH7A/gTQfH2o3UXim21bxLND4eEZiu/KluxJBLJJKPLggkGGDykKSeoFfO3x9/4K2/Ej4napf+BvgtpOsZnElr9l8MWrXV4rHKR/b9WaNrGKNwQJJIZQ2Pm6jFfxlxZlWPzHiTNZUo8lH63VcqsrKlGCmkmpuy91a31S13uf0zwvg69XK8vlU5lKWHpayT5ptxh8MF7zad/vfbT91/2gP2lvhT8F/C3iO58UeJbafVX0LVYLTQdMlS91OWa5sZ4oh9lhLvCjTOjPI42oMsem0/wP+NrLRrfxF4z8SeN/ElhpkHiHxVq+tWukWc63erSw315LPBCYoC2HCMFdWXcGxx1r9J/EfwV/af8Ajbo8WofEHx1a/DSDUbl11Cz0y4m1XxPdWkjDzFnv7hmMTvHkbIXVQxO0KOa7D4WfsV/Br4Zt9t/4R9/F+pwKJ7jxL4ykN7I84AZ5/IuneJAzZbKrkgAZxxXv8I5jguC6WJeHxUsTi8YoRqxoRU37myVRrkhdtvTmfkezmfA1TPXRWLoqGHw/7yMsQ1Fe8o8z5N3dLRt9j83Ph/4c+JnjtIY/gx8KLmHTWVUk8aeMYmtbeKHnN3axTpGZRxuCgHIGOpxX2P4O/YQs9fgn8Q/HH4i6n40uorMSp4U0GVrDRI2ABEFykTLJImSqHBJbnPfPrHxm/ac+CPwYsjB4n8e6LYfZkdIPC/h0xTylcERwi3s9ywEj5WDhcYwM9B+W3xH/AOCteq2EN/pXwa8HLYwXEbwxeIPETCS4RSGUSWtuu5GU5Dqso6EZ4zX2VLE8Y8TSvgcNPB4ad/39VyUpRbjr7Set2ukEm7p6deSrheCOEad8ZiKOJxEUv3FBRn7yUVZxg0krrq9VvY/Xvwl4Y+Gvwv0Wb+x/DvhrwJplpGIRfyi0tpm8sHLSX86iRwQuSWck5YZBII+ePi1+31+zt8LhNFJ4jfxrr1uX8vSfD+24QybflBvV3W5GR1yCF6gECv5yPiT+0r8WPidez3fjPx1rupLcvK72EF5LY6aodifKW1hdYiADjG0kDHJHFeCXPiKR2cRsFyWBK5LsSTklupPOcnIHTngt9Nl3hs6slWzjHVMTUdnOnFtR5vdbTlPVq/Za30ad2fK5n4rU6MXQyTCUsNC3KqlSMebdWahFWT05tW7bH60fGb/gql8Y/FyXunfD2x074c6ROXjjvdgutcmjO4Dc8qtHGdjAgxYwWPzDFfmB44+Jvjbx5f3OpeL/ABVrfiO6kYuZdV1C5liwcsRDbvKUjTJ+UAAZHY4rhFe/vXRYIZJZHOAFVpGJJbkcEAZAz75wTjB7PT/hZ4t1lfOi0+YhQZHDDBCgA/cCg57Yx7ADdX6Hl+Q5XlcYxw+Gw9F2S51GPO9ErOT95vz53unZpXX5Vm/E+bZxVc8Tja9a792nztU1eySjFaPVLVK70tdnmF1qkj7449x45jUeWuQM4yNpI7+mM5POBSis9X1KQQ2tvKWkOFEaknkjaM7cheeN2OeQQcAfa3g39nbTGtItX8TXgg3x+ctoygDCnlMkghsqCwyf92vZtN8HeDdFt1/s7SLcOFwkzx72dwM5BYZ4J4JBwcDtke1SUZL3F73Ku7i5e7fVNrTR+fR7nzdWU4uLqyeqvaPfbWzT3289T4P8M/A/xdruyWS1aGAkFnlAyqjBY8jPQnHXnpznH0L4J/Zn01PEOlx6heSXMHmWr3AJID75FBhJPzDOTwfvA8Z7fR+nblSQQogy4GwKVCZwGyqjauQDk98DJwOe68O6Yg1/iJpCrWMpIfIX94u4hRkYBAPGcZzgEE1OKrPD4WU2405xu+ZOzjpGy1drN7fre48Gvb4mFNRcoSeqTvtyp30T6v7vLXuNC8BfDDwwbuz03QtPXUbby2ErwLJJHsxvYsQQw+XI9Bxgk/N6CdatVsI0gkWVVicNCE2BQASvACjGCTg44+XOMGuc0z4YeOvF/iHVY/DvhrWZfMdNt2YZYbR0ZhlmnlCrtAIPD4HGOcCvYZfgVpvg+wgvPi/8TfDXgmxhRpZ7JL2OXVGjBDGIRq5ZnK8ZwDyeCdufz6tj6Eqsp1sXOvUqv4KTlN391tKMb2V1az069T7inleInRUaOFjh4096lRKGl0m7tp9Lb99TxS81WK706UT8rI0m+3XLZCrgOqru/iUHjB52kDGa6z4ffDrxbr2seGp9C0m7n08w3omuruM2trAGikCsZJAoKqQMYJBx0zXMeI/2o/2V/hY11Y/DjwvqnxQ8SxLJFBqd6rjT/OUHBETA7kJ6lFI2jnOGNfPHib9pD9qH446hpOgeHo08BeH70T22n6dpEf8AZ6bNpBMk0YjlChc5+Yd+2M74dY+umqNB4ai46Va8lB7q7VP4lvd3su+upzSwuXYaanisX7as+WLpULyTV43Uqmi7p2XforH3trvhr4YfDxVv/i58WPDuliBHkGkaTcRXepIUO4xsscjuCwAXaAOSSAcjPimrfty/BvwpPJp3we+F954+1cBo49Z1uB5bIyq20TCIoSuH2nkAAZJr5IsP2cJftI1H4ia3eeIdV3PLcRSTzXKlkkIfMjuWx95QM4HBznAPtGl6F4c8LaesWm6TY2UceFUpCBcujL8peRgWJ+YZ5Bz3Wo/s+jJ82KxdbFz0vCMnSo2Vl9mzlr5207s3ee08MuXBYOjh7K3tJx55t+7rzSe702WnTW7NbUvjN+1j8ZfKtbvxRD8MPDVwWA03QVW1ZImBbYkkO2VTtG0kgfMT1GDX9EX/AATV/wCCY37NWp/C74bfGb4xaTqPxa+IetaxdzG88UXs8+nqsE5KL9kZilxtYBj9oUliOueR+APhEGa8keNS7KkfkREE5YqFIAbkjYQ2B82ARg9D/Yf+wasln+zB8DnYbduoaiWQccGYgqc4x1IxgZJJzjIH4Z46Ztick4ewkMok8DOrjqdOtOg1Cc6TT5oykrSkpO17vXVN2R+jeFmJr5znGLWNnKtCGEm6ak3yRmndOMU7XTvqlvZ9reo/sDWem6Ro3xt0vQNPsdG0fTfjR4n07TrTTbSCygt7SzvDFHaosCKNiABQB1HNfoJNGyAsiBuesgDcYw3Yk8kZHXqMZAx+f37AZ3eHPjZM/LXHx78dsM8nEepEDkjoDwFJGOuc81+gF221d2ORgbQGHBzg5JGABxtxk9Pmr+YMbia9bF4iWInKbbi1zSd+bkpu+rV9dbvRvXdXP1XGwjDE8sI8qSjeSSbaUY6W7Xu1t19TMmmmfCvIRgH5VwOm3GSMjAwcfmQQCaYZipYtyVjY5PUHIGMHPOTn5twwNuRxmBsfMTwPu4PIw3qDn8mwV659YmbAYDBBiAHUnGABzz6kHOD+IGaVRRpRta7i7ySV3dLd33bv57X1OaUU99bu/vK6Xw9W29Gknp+LaMX4qTkfBz4jKck/8ID4kI6ED/iWzkdeOgwB0OSQQK/zONUuYpPGWu7oyY/7c1wkAnBZtRuRgc9+c4z26/MK/wBL/wCKADfCj4jRvyP+FfeI+hPOdMuD65I69s9QBxk/5letiM+J9ci8xos+J9bO8KSwC6pdHAbrgkD+LHUnkjP9X/RbrOOOzRys0qmGST1s2nbW1rt+fVJba/jPjBFvh6pGN7Oble2ukVdK+ravot9e23I+O4fJmt51DICpBJK4jB2kKB0I5A9Mdx0qp4Fv0a8vobhsJlXJ25LYwRg4AAJJ9CCc8ZNS+OGkiitjKrvGJGO58n04wDwDwVAGT7dK8+sNWlsdQzEGVZ4l8wKvHlg4wAQcdFxwMcnJzX9xVU5Vakm7Ll7fzKMV37prfTppr/H6n+5gob8yjLm0aei2tfez1v1aR90abpmlPa2V1JDbM7quWkGAAU6Atwcg7hgsOQMjGa2dNn0a2cu/9nRrHKwKBFI6MN3Tv16n1OADj5k0zxpe3VhZxNBKxTKRrvPCrwOp645yeR93itq11W9mIhWJDukJKrukc854UAk45AzwenX5h+c4/Bt16spTSXNJ6p2s+XdrS6emrsu7vdfZUG44am0vetFXtJuT5INfOVruz1V+7t9Ez67p5C+VLADIwSMQxIExv5IbHU5AOfXHTK18AePA3/DQ1zOJA7vcWTAqCCDlQMAckjncFx6YwBn630nwj4z1loZbLR9We1TDGY2kqQpk8vkBflC8kjjOcn5hXzT4m8NXw/aOi0a42LemWzWQ7zhWKqxJO7HyjrwCrDkcivNwlWjh6lWKqxlJU25R5o37Xabuk9L9djqpKpKMm6crcsbNJ72V1q3fVp+nlc+5zqmvyR2wXVJFto7SFQkeflJTgEqS3DHpnn8gZlTUp4yG1C7ld1UbAzggBg2fmIwScYI5AIz6V0aaTBpMbwalrOg6W6RxMftV5Ar7do+bazZYbcHpwSD0zVy11X4d24dNQ+KPhewkRRKdsolY4wSEKlg3BPU46YPzCvmcRUnOpKdOhVrRbbTp0pTTTtbWMZenrvoknSozk376ht8UrNba2e2tlZa3e7ucdHpHmRSrPLO2WwwcvlRk8kc5Y5OFGScjjAqn/wAI3HIXIhlbYyooKHEinpkhep4JB44A969y0bWf2bZ7SS41b9oDRrKV3UC0jsJnkDZALudpXhhj5SARjPGM/fP7KPwM/YP+Pfia08Lar+1ebXV7hvMSAQW2k2DhI/nV77URFANpBGNwY7cY4OPmM04hllFKdetl+P8AZ005SlTwlblUVq25uCitOuy20W/fhcprYyUYRr0by5VZ1YN3bim7Nr7nF+fVn5NWXhOdhcgxSRNI6oAG2ggEgEDK4KgjHYDJz3FTUPBzmMqY33ogBPmAZyw5dsjHTAOTjrX9XN9+wT/wSk+GqSyeMvj5b67ehFaSOHxLYTKzqgZigsLskbh6YJzkdhXBi2/4IoeFJJbdoX8S3EbFHZbvVbkSNH2xHK6YbqSOoIxx0/PqvjLg9VhckzrFTTaXs8HJqVmr2ldxVtnqnY9+PBmIppe2x2Ehe1r1U3rJbxstVfdJd9Xqfy4f8IkohffLbABF+Vm8x16dcAgsRgsepx+A2dK8NeVHG6y/aNk0eZord5HQkgAptUgKAfmHXBHIJFf03n9qL/gkf4Q88+GfgSmrTWabFdtOe684KcKWW8RwRxg5yQMnAyM8bfft8fsg+LJpPAfwk/Zv0ixvtdtbi2i1W68O6G39nybHZrkJ9nMoEY5DD5gOjAisl4t5nOcPZ8KZpCnzQvPEclFRXu3k7u9krt6K6uu6No8IYe0pPN8LNpXUKd238Pu7pbXWz9Lo/h8+Mtmg+MHimAFn23oTcVYZ278nBxgBjj3JPQYruPDMEkFgSgXKwIFyefu5wAxI67TgjJweDlao/tIXMM/7QfxKubVYxBN4x1tIwieXFGIruQARoAFRASAFAAUKoAAFXvDDgaY/nEbhGjHuSeCCDweOVwOMY2kjiv7Z4HxEsRleFrv3ZVsPSqtX+FSpwfKm0ldcztpra19D8d4ug4YhwV5Km3Hmei0Sjezb17Ju+iWlzSKTXBKzNuPCgBemMnC9gScDoCV7EHnAurZnWdV2jY3CjAJJIIxnHAPp359K6eOVPnZWyflPJYFM88cZ6YzntkjkYOPcAmSSR2UhpGJyfmxnIyc4By3fghs5OCT+hqScLXvJ2952VrcqXva6N2vt1btofnUJR9o7uzW/olF7301d7veWr2M6ytZBLHncJGf5gSFJCnA2sCV4J7E5bgA1v3tuViUq2NiuOCNx5UnOcjg5bOPpnNQWe0zRO20gMe3ADg7TjnPA5xjO0d+Tenx+9QlWDk5ZRnYAVIIGc578jhhnHPNQSSdmuq0Ts2+RLXzeju95La7vnXcJVVy73i27a3XLd7r1vbR8ztqV7GH5A2QfNQhtygEMM42nC9ePxPHRhXWajZKvg4SyK5la6DI2RgIx47jGAOpwB0xnAPI+WwYMX3KrlgA2N4GeRnaM8DgZOOMdK7TUpg3gm3I3AG4j5J45PRTyDgkHjcfmz2wfnc5clh5SjpZWva6to+uujb2vpvrt9TkEHOoot2TirO+tmlpppZO3mra3bP2v/wCCLH7CB/bFsfizqVz4u/4RrTPA9xpYlhEQlmv2vWZGKMQQAigfL15Hqa3v+Cxf7A3gv9mTxL+ytpvhzxJf67P448dXumX1xdosflhHgG6MIArMC/JHBOOMV+hn/BsVPCnwu/akmACPFf8Ah0F9oyVLTZXIXAPII6n8MVS/4OBblb7xX+w6ygv5PxH1FiZFHG6a3G7JUk/Uc+nt/m1xBxnnuF+kPUyOGPn9SVCvOOGjbkjbAuSvpq1O0tXpr1uf0vlWS4F8HxxcqC9vLlTqNSU/erQi7a2fursrq93rY+KfC37AnhPUPKbUtbujHsgaZkRfNKzwoxCsVxlQeGJwfXnn6s8Cf8E9PhJDAkYhvNRBhLPJcLGVkwTgsGA5ByrbQBk/Vq9h8MZF1aRFVYTC0LFGJ+UW0R5zncARxuHXPXkV9c+EIbUxRRxuynyWQA5CtkDPPbtkDHH90Hn4Li/xJ4yhXqQo5tiIRVWa5abcfd5lZJK2lvXz0Z62C4cy2ynLDQ+GLTnpbbZX0vfR2PyT+LH7IXh2P9oX4NfDnwsNK8OHxFomo3TXqKpQfZowwMkeMO5GAFOcNyOcY+vNC/4JreH5IIn1/wCJE7SJIVMWm26xBxnaSp78j5cjjjsc1n/EsNd/t+fAPR4WX914P1W4ik2OxibysO+McqOnJZeCDkg5/U2DRIrKISXl1GQGeQSTyxQIwB+8h3AjJznd05zzXxXF3GPFawWSQpYjFVamJy/2tWfJKpUlKdRpPmabdku6e+iVmexlmU5fCpWk4U1CFS0bNJWSjokkn33etvu+ELD/AIJw/Ai3mR9Y8ReKtQI2qyGVIlbgHIxtJJOAMZyD2wa9A0z9hP8AZb02ZXbwneatJEoUDUbyfa7KpYSkB9rY/iADcEjpzX0te+OPAWmErrHizw5pzRKxJn1a2aRGUAnajSsT3bG38B0rx/xN+1R+z34Vlm/tH4iWt/PDHMTBpdlcag6gREABoA6ZLZHJB6ngHj4vBS8SMzqwhRlmjjOcfejTqQsm472SXz6X6HrVHktCHvKgnFL3pKLd/d83tb1vbXqch8Pfhn+xn/YdzrVj4E8OypYare6NeSXUBuZFu7W4eOVWSQMNqmM4IG3GMZrvref9m/RLtl0fwF4V3QqxjdPD9i5VQoIw7wN93s2ehI9APxl+G/7V3hLTdK8Yw3Oh+KNV+2+P/EGoaXJZ2U6WtxplxfTvbl02KolKsokBXcM4OBxW9qf7bGiWAaLT/hvrpd0l3y3t3BZFVOR/y1kVsbccYHyjHXmv0et4VcaY2vP22LzSpSvBqEsVOClzRg5XSk7Wu+iu7K558M8y2nG8KVG66xpqUvdUXfbTvfV7a21P1r8TfFDwvN8P/iHD4e0TTdKhTwT4qjEkGm2turE6VcqAjRRqF6kkjknAGOK/JT/ghj4vt9N/Z1+MYm2q7/tD6wxcttBEjTttI6AMWJC4Kng9i1cB4l/bN1eHwV4nsk0HQ9DtNU8OaxaSPqHiCyeeEX1nNAkghSXzHf5xhFBOeDjBz8Zf8E0fj3Z/BD4a/EDQ9V1XQ0g1X4mXXibyrrUYlabzFkVJFi3kmJmIG/BwB8xxjb91k3grns+B+Jsmq89WvmWZ5JiaKqV3KShg6lRzveXu2VW+yd0lqebPifCxzLC4iCcVSpYiE37NRd6ippLRa7JaW3tqmfnt+31rFrrn7WH7QGoo4Eb+MdQC7SNpaOZ42BAypAKggjOB7Cvj6wuQ0VqTzGqPuJGMkAnCk9+5IGevpz95fG/wN8PPGPxV+IPi7VPiZodu3ijxHqOsS2sFzFJHbJdyvMsMc28s4Tn5d/fOM4x4mvhb9n7Qo401X4gtcxLISRb4kbIzwoiOApJwOAQCOh6/6JcJeyyrhrJssq358DluDws4xi5NujRpwequrXT10T77s/BM2y7FY7MsViYzpxjXxFSqnOSStUmpJWtrvokt7313+amkjEzupYqZBtBDAMEOM5P8QxgjPJ7bTW5JeG5SyUht6ljwQ5BOB/CScHgkADByc8nPv0Pij9lbRwdkWqa45kZQRFIAzFsggk5BPQ/MMHqBgVtwfFf4O2Vt/wASL4ZXV35TjZJcKj9SDli38O49iVHGT6fUUsxjJqNOhWns5e60ltZ9VbW/XVXVlo/DxGSypRk6uNw8bdE29Lrez6Jvm62e54rBpV7cW+UtLm4YeU37qJyFUbQc4UZ5xlic46Y3DHYr4b8RX8RgsNK1CfKRI6rA5I2qchSANp5x64z15I7nUPj5PCjnQPh9ptisiopE6opwegwi/LgA5HOB/CRmufl+NnxBuP3un2Gl6Qx+QGFnxhSSQVJCk4G7vyCemAvZ9fxMLKGHmk7Jq2trpJbX26t2vbXa/nUcoyycWq2Pi3GV5ciVml0V01fV2W3m7HM2nwh8dXiER6LNCTKQVmmijJAYkHDhT1yOvOSMkAmvTNN/Z4+IOpWwWa0htEBVt91cRbWVACSNropwMDGQvIIyQK8juvix8UJnljm18wLIXx5ECMwz93DMm8dTk54HY8AYLeKPH2oR7rnxXr7RbwuI76SEZOAflVhxjBz8vTIOMZ55Y3MZL3aFtdFr5avpr2XRt6Pfsp5fw9TcW6rqWcbPvsto+l9rLe72PoPxR8A77QfDF/qOpeJdEX7EqT/ZYZkF1IQwBhCs2TwCB/ECOB6/oN+y3+0po37PHwQj8L2dhoF/H4gu7jWLq9v9YgkuIJbqMRyQS2UUnm7FUDarKpU4UYyc/i1qq621nqE93q2p3H2e3aZVur2R4iVBIyC3zHLdMnJ+pDfvN/wTw+CfwX8dfs76F4u174faJr3iW2u79tT1PVJWmW4MZBWJInYqFjAAx0yee9fFcSVMRPkWIpvdLlgm2+l7JOyaWqum3azXX6vKq2WYeg3hoxVPms+a/wAXu7ttPbdbNavseF+IP2ntKXVrbxX4c0bQTrenX8l1ZPpWlXjyQzOSWm3bGMh5ySMsc43AZJzta/4KI/Ezw1fw6st3LpuvtZmG0u4bBVnkt5mJZlWdAyAZAJwGLZOecV+of2/4CeE9WvbOy0DwPpkj6LqMs9jJpVs5tdkDqFhZ4iDNuH7s5GOB1Br8DvjlZweKfEFrNpmniSWfVL+OIJtRprVrl1gijVRtVF3AIgUcEA9hXmZZl312T9tQnThGKadRNJ3cVZPZWj71r6LbRmmIzyhTjJUPZSd9VC09E43V1e+ju0tPd8z2DxT/AMFG/jf4ltZor/xr4turdowht4L19PjPmZyX+ztGQMnAwo657DHnvhzxl8SPibrcWsWHw21fxffOjE6tLd311LAByZWuGchSv3iSxxntk17L8NP+CdHx78V6ZpmoXPgmOy0rWIRdWl3f3aANbugeJ5EJ3AMvIAxgcnORX6hfA74BWHwH0fw7oj3aXOo3Om6ldazboyeXFdBWSWA9WMI2jaHG088njPXPAZfhpONH2cp6XUbXfw7tWenrfW3U86fEFRQjL2SlGy0Sso6xvpyL0V3o1daI+Pvgl+zd+0B8QbCa5n1a58Eade3Xli31rxJfmE7iAWS0guQE2K2QGXoODnC19o6R/wAE40a2P/CZfGyOe4bYZE0yOS5kWNxucK90XYnGRk54ySAwBqzfeIpLeRr20eWxto5mjiiidimdxDOyBjztOAfoRiq8njzxBDYxxG/mklubkOkgmkM6w7gu4ZbJQDgLjAznA4auKpktavNzj7KlF2k2opys+VfaTbdur6667HmVOKsdGKjC0NNFHt7t5LdppbXVt2tj0XRP+Cf37P2hJcfafH3ifWbvIChZbW2LSEEupZCjDJGQCR65PNeveF/2O/2ULGJ47zRdR1t5ECzXGoajPtjYsNxkWJwDgk7iwbPJ+4CK+eIdS1WzkuWlv55EkVLlJnndZPMdclVVuhzjnqSCegrc07xDrMVtcRtfzxGUrKZTOxLIGUgYBxuOcnGCRxnnbXLLIa/Mk663toktrLZWWlk3p08rnNLiHHyWtarK+1p37X2WytvprbTq/p/xD+z3+ydpfgXxgPDHw98Lveaf4S16Tzrg/ap0uYLGUpIjy7isyuA6HPDZ5OCT8ef8EY/AngTV/DXx51DW/Ceharc6d4ukSxn1PTrW9ktoA7qsUBuI3MalRg7cA84HOa5fxn4m1nTND8SSx6jdDzNG1YeUkxCzxvayq3mhWJYtk5ypxn05GB/wSz8ef8If8PfjDqUcc04m1lLx4ISQQ6XHlszc42kgj5uFwT1IB7oZTiaOW4uHOp1JKLp9JbwUlF3TT12bb89DvwOZ1K1CtUrOrdOF3eT0aVml02V1bV67Wt+8WvaF4T0vSNRFp4e0OwMsACLaaTaQyDK4VgFhBUK44I64Ptj5Ct/DkN/q8UO5UlZ5trokcYKBicFAoyxTjkjJOOuCZ/HH7UMi+H45LPTYJmuI4w7syk26qgBV2A5wecADgZbFfJ+n/tHajpGsXWo/YIJg0rs/myMFAdtylOqgDHOOeV5FeZguHs4nCUoQlzaW56jX8rutXv52/Q8rG47DVaq5qkpxSjdu60ajda3be97aaeVz7EuvhnpcrfvBLM/3t2MLvyABgkKPU8cHnrivn/8Aaq+D0Os/AnxTb6X5kN7pcA1OJYkM01yYcmSFFUMThcvgg9zgdDyOq/ti62+YbGy0+2DxhQx3Md2RuOcHGSMZJwW9Du2+SeMv2pPH2qwyWtpdWwhntZ7WaH7OhikSZGjkDCRSjcEqCRwcAECvYy3hnPKOLo4ibpr2VSnKznd2TTskr3Sa116pKzPOqY/AfDDnej1jo4ybjZ7vTTS17L7N7n4/TaZHA4jPn/aZlGQ4KlXQkOGzgoQRypHp/vD9ZP8Agnxp8WkeH/G3iDUSlvbz3NhapJcvGnnMsZ3FC7Abfl5OewJJJwfjw/DDR9bXX9funuopbOCW88pfmheedg+0FQQqjIOAOgGAAQKuaf4i1fSdMh06w1G5sLPy1JtIJXRJZEPytIseAzfKOvrzxkV+k5llbzfLqmDUlSlJ0k5vpyuM9N02+nlZXscyxsaLhOF9X8Lu5ctkk5NXu7t7K722aP2ttvib4UvNYOg2ms6ZNqMbndbRzK7KoBYgFThioBH8Q5wuSBW898JVu3VkKvDMysHKBQqnO1ce5Hr6EDNfg6ni7W7W/l1C0vJoLxJY5Bd27MlwvlspIZydx3qCpJY5ySc5Br9VvCfxAhuvhvpOq3hdJ30NRJJK4LyybMM7sDuO5jk5JHJy3c/mWc8J1MrWHqQqyxEaklBtxtyy912tG6Sa79bHpYLGSxUJSb5eXXl2TukrbPVpu6tul1Pojwk0ZstO81mMclwkjleV3CZQCAcg87iR1IGcHGa/In4p6Tp+pf8ABUq0txKsNulvo8ryuM4YQOSwxg568j12n5Tx+kvhHxvaLp+kqJ4xlIpW3uBkNLlQpONw7464IxxjH47/ABE8exL/AMFIPEXiJrmHyNLsLXZI0mY1eCPCnHTqzDOOmck9vV4MwlWnnSjJOPPRqU1Jx1u7bOyvfXZb9VbXsm3PBV1C6koRcrW25kndxte91o/xPzz/AGskVPjdrSSBg5t7ZNo2gDpzk45ByeOM55+WvGl0a1azEgZ3MkRL4AAQqN3J3Y4GOmenOere9/tb2+z416i0yfvnjts4zjGT02jg9+P5jNeC3c32a3dRJJ5KRsCPn7gbRgcnHJ4HGMd8V9DlUebBQnGakuVeq010vrfZ22bue9m144ubTekravlb0S1vdbatarW22p4lfosetlCXYreoqHBxgsOT2xld3HQjoOlfcHhdLr/hQ2rJE6I3/CSW4Gfvc42nGN2OvYH9cfDt7cGXVpG+YN9tRgoHQb+MnH8PTkgfXpX3J4TmYfA/WVxESviG3Ys4wVUqDk9sEjtyAOfbii746+6T8trR2tp0dtX5u7u/VwibwNS7v7l9N3dL779et2eHzxa/bSXGZWZZN2WDoVbB7Ek4I555OAeucHgfEk162nXC3G7CyKTvIznJOAPunBHXueRkYI9kkkhaUiV0IJIBiIdD8o6HkA578cd8c1wfjxITo9y8ajCyRgOI9rnDHAPQjc2cjoeQT1FduJpr2VRrmbs2t9LKL2tu7fdZHm4ad6sVKKTUrLvvG/u9F6NdNd0voj9hfYPiPIzqkYPh++wxbIU7X5JJ5PQnkZHTGCa9i+NHjvWLvV73w/BN5lraXTF5Sg2soCgKznJ2g8AA9RjJA58V/YbdE+I3mSsBE2hagrb9oA2xMRk/xEgnpzk5461p+Npb7UvEeuyq7yQyX92Q6oWAjjmdIwrY+6AB1JJycdDXj5XScq9b3XJqKUVdttSt3W173bs3e60sezmtXkwmH1VnUalfez5bx1t99+l+gi6rbHwXq0bpE121vOHlC5yCpAGSoBAJHOVHocnNeYfA0KfHdkXOAdY0o44AIFwjArk55x9B67ga3leWPQ9QhdWVfInCAqq7ztyxPsB2ORnuO/H/AAWmYeOdOK5+bWrGNcDBLJKjcj6cD0+bivQzlL6vSjHR8tmraaWTa+6+z3v1scGSN1KzldNXSVktPhte3y1d3bex+m+g/EXQPDGseKbS9v0E0mvGQwXIIiCqrAEkZLDAwOMe+M18efGnUdK8T67repw39tPDNJJ5VvGigBgvysnBPBwMkDj6MKz/AIgXt1N438VJBlpP7TIZTkbRtC57AHgc4JPTJ6V8+a3fXlvc3aOSJA7J8xJZTyowR0XgY4AwQOmK8eVKToU5PZqzdm+iduiWm97Ws1uejWnOOIaUW0rt2Vre6rXeqfNfbRaJvz5+wjlj1y1UlS0d7ZKMAkkGZecnnrgAZxxzwQB93/F/Tbi/svD0SyARpplqJGdT18jdtJGT83XI9Omcivg3Qpy+rWu8ksL6yYsc5G2ZQRnAwoxnnBByOcZP6A/FG7k8zQrX7NNPby6NaTSIpA37bcKpVu3LdMjOOv3hXFKXsYVG9eVRSa3320tpey+ffRexSjOtQjFWXwpqzundJ6LdLRN2+bSPlK502+tYElVhFEkgVZYWwWYMeuMcN2zzz06muahlkm1qZpFVnAgDtnJz5gwc5JJ6E43YAPXFfR+naRG9laPdaYYYbqfAFyN6lN3GwKThiDnByDj0wT494p0+1sPGV/DbbI0DWwRUOFHzBuMEkEAHI5zt4xnA8t4x1XyNa3XV6PSys9N9nbtdaM6aWEdCSnJtrRNNNWXLdaSWqSS3svv1+t/G3j7UPD/hbQLaFWlt5dDtIlXagaOVoSA/UHADEk8ISc18reHtZ0eLW9Rn1x7jyb6xnQKmCwuZAcMwXgAEgD5exBPFfT/jLS4pfDnhG4l8qUS6NCpEqFwWEahVI/hOQeTjknsQK8aih04Xf2caRY/aog29LiPYTEvLElgo+b+A9cHpnNXPMatoUZzcvZq0FbZO17Wa3T7dGdf1CjJOokk52btFczemy67/APB2a8WsEhTVvLVm8sXVr5eSD8puUZct93JB6HGMfQV+h/jrVbPTxpEVxJIito+kSKVG8ELbglWxkBW2jDKR0wcgnPwTqKRT+IJWtLaC2gSW3dooSWCkToSQckDLDPUFsZIPNfZ3xStprqx8NiBHaWbQtK3EYO4LbHOSfQAfpzzgE6zlabt0Vle706Lzv+F/IcIKClGOtra6Juzf6eWj89/G/FWueF9fmieHz7GQX5jnkfBjdUyFEScbSWHzNx1OMY3Dh7B7QeJ4mj3CNShQgEK+HXbjcOFbj655xzi9eaczC3Ro0jdLg5YqqliPmOeO5zuzng/U1lWMMsmvoq9QYvucZXzFyACTtAwOnXpnJzXJKpGTblFpaW3bduV3u1f1Xk9le1UYpaN3vKN7666aLTzu9le+mh9KfHOCG6k8GvLEskknhuIeYVLEKFbG0twRj1OOSORXy3eaVbCP/R42Em4glCV3DkcrwCowTgcZGcGvqP48XiWX/CFQuskjDwvCwcfeU7BkdhgdQRg8n0OPmKPWLUxYcFW3u6yOOSS5GMckEHONw/HdkDz8WvfutrK/V68r9ddbX19HZP2MO7RSb1stV01j11015Xdbc3kavw6tJbTxZaRqpcSq6hieFDg8MPQEdu/IyRz9PfH1JW8CfD1LZCREbwOUAJVgoJPv3PTGcjpXzz4DnibxLp0hKnzJDggYf1ww9R26Yz0BPP1P8Y47c/CvwRdRAfaBqOoIWIwACpwMY6ZySM4LH3Fc1SUY07yXd7N6Wik97PbZ23ui6TlKqo9He97u3wrrs+n/AALI+H5BKpMhMmBkE7jnJIzlVI4PQggcAdyMd54IlK32nvwXW+jjLEAuI3YdSPmOec845GR0xk+S7BjJHAWLZYnGCOBnJB6egzjseBXTeDxENZiWWNCFurUAKCcZlGccYPGRj+HuOM1w0asZTjeLvbZxtayTT3vZ66JvdfPu5JKNr/FtorXST11el0uqs+vb3H4j+LvEGgeJ9O1DQte1rRp49KhAl0zUp7MkoFGcRSKu4BfTkjIK17F4H/b4/aI8G6W+jp4ni8S6NcWN5p91Za9bxTyz29/B9mmEl4Q1y7GJiBucnIBOeleH/G4Wdp4g0xY0XadJgY5XIJKhc+x7Y/XgCvHY7i0JjjZggZckheM7jjGR1BPXIBHHXkfP5nlGV5hVaxeX4XENTUourRg5J+601Kzknza9LNXvax62GrVqFOKhUlFcvvWk9b22vdd323bTPqj4SeMrjxN41t/Mso7Rre8+0vHbMPL/AH1wZmVBwQFLAKRyAOM4JP66/Av9qj9nf4dadBo+peIx4f8Ai3p3jF9Ql1bWdMWSzgsdoUWkV5DGblAygArvCMD83AU1+LvwDb/is5HicDLWu0kDJAbkgd+c46cFu3XH+JbuvxE8SypJCSNRZt0igljtOenI254BbJGF7YPm8TZLhc4yqOXV5VaNOSir0WlpHRR95NOPeGjdkr6a1l9SUcXVnvpqtm25Wu0tWt77Xa1smf2e/tQftn/C34ofsh/EbS/Dfin4feJZdS8B2sV9LY6vaW1+LtIFUJBYzyLcy3AbLlEjYk59gP5n/wBnjSbnVYPEjWlo1xGNJVGUqWKh3PDDBbB54GMggZPAHwfHLPHbIyXDR5YeYIZCqMWxjchYq+Ad3IxwcDOAPun4Aalf6P4T8dXlnez215D4daaGaLlvMRA6sUIIYDoVJ+bBB+7X55k3B1DhjBYuhhsTUrRxFaFROtFRlCyjBRut03q7WasrLY9RcrfJyqEHNy0t9rlu37t3ez8mtep6jf8Ag9rWacPD5Xl28RaFgRsPynsMZXqRtGMjpkCvCfF1sbfUbTYFC+c4BPy85PAJPLEDnuCcHHGZdG/aP8ZQMItdsrHX4jGFnedBBM6p8oPyHPQDOTyC3brU8Q/ETSPFy2TQ6BNp1+twXBjKtAY2PRcjLNkhlOMFR6dOqNHE0q0pVUnC7alFpqz62eu7vbS/c7/ZQlGHK7y5tdbSsmnba/fa+u3U/Q34C6C+uDwvIrFBp9vbXLKFLtKEniVjgAHIBGccA8Futf24fBtlHwo+HSg5CeE9I2kkjJNrGM5xgAEAEdOuCeBX8LHwP+ImoaXfeEl0V0t1t0XTr8yxqyusrqSpG08DkqRkjAr+3/4DajJe/Bn4aXTZDS+FtMzjPBWBcscDgMD+GMEYrh4S5453mkHLWWHTSTaslXi1to073eu3XYXHNKU8pyeTS5Y1ntdtt0VZtJXWt763tfS2p7mrkg5GQoH3Tj6knkDOeTjA9u8pcAZX5ecYJOc4UAfeJJC+vDE45zxQhlzwVIA4bJwOev647j8quqoIyRkY3dAAMjgA4w2AMHoVzjOd2P1OlUqWS3vte+l3Gz3S6X7u/o1+SyhHTzd97t2fnbX7n5EhPy9cFgPmJ5yBnjg8nq2OvHHYzKwKgHOeG4w2F5J4PTqeehHOBjJr855yVyRgAEdgOOMHPcEdeh7uQ9MAgHJXPGO3Tg++OOTjAFdUZtuNmmlZvVv+W+ielk9Lq/4W53FOWyWnnbVq/K+tl0t6re06dAuT6gnAGD2xn0HXHH1p5yCHHXkcnrzwOxDcg5A/HjIrqzbgMgZ7nnAz1yRnJ9OmcHJGTUow2Qc4B7ge4II4BAx65Izjpk9NOrolZReiWui21tdd7rbVa6ppZ+zStFaXs0tLq3Lt3totenZJExRcDJ54OG74BPGOhzxzjJ4xjoKqEZyemecj0weoyecEZJPvgUhQY43DBzknPTrz174GTjjjnipEAPU4wByBn/HLevp9a6XLbTa12lr0281ol313ehk7qaS1dktbu+2uivpreye/e4mAowect1BycZ9ME8HtzjnIxjLtgUnk8jBAH0OPQE+oxkcjAFBUEYBB5OWJIztyAuBySeuc4GO3FNcgFSOSAV/AbRj3UnrnLADg9cTr0tryvb79vL8d9i3fTVWtrpq78tmuy1Wuqu2vMMArk8nuXPUE9OM/NjGW6A8cDowggYBOF+7x8q45zg9MZ569OnSmEnAyOMnK+ny+vPHoefTrwXqxPXuBye/B6gbie2M/QnByCz019dld6ef9ddNCoPVdHb17aPTztrbe44uUXg856jqRwRjpj0K5OcZ7gBrMcnJKknJAxnJ5xyPXaT2+nYLHuQwyT0AxgcAbd2WJyGGD+BzlvL4baw44U7RnBJwNo5OTznkc/wB0UOP2bJ9eXrve9vLfyastSnFfe9NrtO1nbTrf09NSSMkdyGADL0PQYAJPQjGd2do547CRd2RgAgL3zgE5LBgADxz9R04IqNQ+Mj7wOWXGdxB6cjIBBwcEnjOPWcKcjkA4xtbnGQT1Gffrgjr8uOajTbT3S0f3ONnZ93u1vZbWd820nZ2v0T07W/G213ezEwccAbSOcdMZ+nJz/nFAjGAeBkjB69TxnqfmOOegPTnAp4RhkADsTwQBxknsQR0zjqacNwGCcnkgZ/8Ar8kZ5Pv9K1VN2Vm29rPX3dHdN6JtNLazvf1zlUaTajvqnrt+Xn5eZGI1ZgWJBGR0I6c8AnBx69xnjAppXkEHPUHg4DAck98nBzkKAc9cnE49D6nBPU85/T6fl0o2jgnkjHPTkd+KuzStvbR9OkX89X5/grZSq81lJJJa2Vnf1/PuvQaqqDknnnG7j69AAMfXGBmnFcchjk4+b7xOQc5IP4cdueccnA5PTkcjPfqevXg/+hZ7JkZOeCe2T/IDHboM8+/BElptZPXfZtXbt/wPLVslPRJX1dut9OW7v006e8ldiZIUAk5OcHA64785xnnOePXnlyEHqM85AOTxnA4HGeCDk4+7jJJpxAweh5/r1HPI9SR16d8NPQ9Bx6nt2+hA+YDtkdCa1jy2bas5WS8rNbdrv7rKw91y9G1td2jo+rvpft02XR+BkjkkZB4xgg479uRx945BAPZCp6A88E8HAGeQOuCRk8/rUYbn5TwOoXODgZBAPbOevOcZ7U8Zxw2ARyM5H6DJ9ecjp7VQuTt+O/TfS666dNF3HKmeWOT1wCQffI6E5yDj06nPDtqgAEknr3559uB6cYzgD0pucdMdPToeM9Rn1xyRz3GBUkfzDryuTwRk45z1AwSfUDPt0L2/Db/hvvfzBcyV23ay07W1XTTs7kTLj5geMejAjrzu6EYPfPfI70xsg46gjjnnpxjP0yTwcHsTmrbKCuCADkckkjPUcAdMH35wT0AEJAC8ckAgdecDGOcEAA85wcDoehjlV2u6tpZWa5fV6/fvd661GW2l03bVPXRatr5t9dFocj4xXd4R8VL3/wCEd1gHrnP2KU8nvyOep5ByBzX8GnxAu5rbxZ4vlt0ikceIdYDRscFgdUuS2cAYAHzZ69QD0B/vQ8Xgjwl4oPIJ8O6xjjn/AI8ZeSCee+CMDgcckH+DvxpDCfF/jaQqzOniLWIxhScGTVLlSCG6Z5Y7dxBIGB0H5dxnTUuKeFovrQx6V9d50H0W2nlqum5+pcEVFTyDia7ulPAWvpzO1Vt9Ol7266dr+P6peX2sanBAkaGFYFUohkIRtuSpkGOSeRyDk7d3GK8n12zurfVUmGmuBEyqqtPId4MhXcRwMEY4xjPPY19dR6Ra2AjVEiM101rICyKpAZhuAIG7HbgkY9DzXAeM4LKDXtMtlhiA5ZtqKxJ3gncMYIzkHI46jrmvscFhKag9VGzUnpdqzVlrfyv006nlYrMJTnyKGko6pJPVctr6X1fon6JHofwh8OvqOrC2n8OaXd239nTSySXSh/JkNtvC5POVBBXoTg7uCM5A8G3ra46m3tXtXmn8mGONBGMSsCBn+Hbjbjk4Hqa+h/hVYQSatqNrbsU36dBNuCBQuYAr5PVPlwOMZIwSBxXCaZHMdfvYPMDpDc3qoxY7Y9szDaNoxyAOuRuIBPXPtYeEHh6kbKWqinpdfCrLRaa+a1dnpr8nXxVX645WcXyRTSV476xT2vZ6O/RK58q/G/wt/ZnhHxHPLaqi/Y0k88RoNoSXmM4OAMAAcngZGMkV+dPwchbVP2oNIhg+dpIreKBGG0SSNZqsaELxgkZGdxGed3Ar9af2iri1uvhd4qilVVmt7BjlAN5KyOCSQeSRnIJI3dDjGfyH/Z8u/I/as8JzN53lRvbXDMN7BVitFYMQPvDI54Hy4PGTWiap4fEqnq1Sm27t9I6OzvdJa630V31PWwladWjGpK7tUaiu7srX1Vuvrq1e7P298d/DzXvht8OvEMmtmMRa14U1O5t2tyxEbSwSO0RI/iUHGGOeT15z+Jf7OMUcv7Xng+5hLFHj+VmIDb2sn3HqMMSdpYc5wQAtf0A/tWeOtD1z4QWNpot495e2/hrU5L5RCUWENaSZXGBnDZJzg9gBy1fz7/s2W8kn7UXgtVZ43kSQmQKAUzauQQVA9VBxgMOOcZOeVOU6VWbkldK1ur023s1pdaXT89VCdSphcU5XUlzu1krxUWk3vdvzetz9f/2r44ofhFI5QhzqcfAYH7sYIJUErlsg5GOcdBxX5H/sawfaf2jJuCzSjU+WyPuzEEYPHQEkk5zkAdQP1Z/algW3+EF1It600sepwZV+gDooDYPBAwOPvEkDPHH5UfsYLcv+0bcxRK7tGmpurIcA4lbPoR8x6EYGOD6exKTWHgnq1LTzty3u9d+uumuzZ5eApy+r15JNJxd9bqWq7JK7St19T9Bf2qdMXTPh4s5jCibxJajbnKkKM8AHGQB64AyudtfNP7AqpqHx/wDGUjor7dH1Bxu5yBPGpBByuOeR2PPBr6e/aqknuPhvYi5ieJIPEKtM0jbjI3lsELZPGPQYC4A5/h+Zf+CclvG/x/8AG8UxK40O8dSSRlZZ1ZTkYIBGT2JxjPIA5J1pRpym3aMFo9fdTcei0t5tPysddFWy6qoLRuXRLmtyP8V3S0+4+uf2/wD7JB4U+H8ZQbnv7tiE/hYKQNowenzAjt/DkGvn7/gmjZ2l9P8AGF5I3kddUtI0XBY9W9eDsPB757Hlh7t/wUGs2tNB8C3Esgcf2neCNYyzKo24OTngsDyMk8n158T/AOCZFjqch+MF/bWGpS2sOrW0s1xaWc01vAp8zd5kkaFE3bcqXIxkjoCa2wWKhUw1OfPFRcnZ3st1Fa93pa3W1zzp3jgJPlcUmouLeq9+Gt/S70STVr3sTft32dtZeNtChjAAbQZGm3gABWjJAbA5LHaB69zzmvTP+Ca2gSXXwm8TamqRNIPFt8o3L95Y3bPUZwmSR0Ppz97wb9uXWJdQ8fBGWZ1t/D0ceHQoVUZzwRwOuc5+YenT6X/4Js+dD8EdddLe4cP4o1UIkIJAYHqdoGR3ORgcHmt4Sf1t2s+aKcnt9lSumt9UtOjt2ZWJmnklBpyt7SNkrq13dpuzu7rfqreR4N/wUY+zHx/4IRsM7+GLtCVUqSxRhj3UEYyefc819E/sZRQWv7Pngwxrl2ku41K7QQGncYyegByc5HbjOa+Wv+Cid3A/jzwYJAyND4avDNuYqQBvyATnPXG70OfSvpn9jm1iuvgB4KkE9wI1+0OqxoxLN57HYepAIPLYHH+107cOmsRHmktYxTk9LW9Xu3a7uum11flxdllGGkvevJaJ3b6beas/W6tc+Bv23fJHxa8V71CEaHp8YyAAzHOBnbkLu3Z7dSOcV+o/7N+liT9nP4e33lSNbw+EYJS6rhSRJIPnJwSRg4xnBOB6V+WH7b7wr8XfFCoJGZdJ0pgG3hsq8gwwPvt47HHY5r9o/wBnDwx4tb9kH4fX1jor3OmXHguNvPjbGCZH3HJ28gkcZxndwPvDy8zxccHWpT5oxVSs4RlKSSv7ul33SXVX113t6fK5ZVQgo3kqdOatt8CtrfW71fROzvZn4Z/tURwzfFXxqgQsHu9KmTcCfl82InAPIJOfcAHnvX9cP7POn2UX7OnwrFxEojfwFb3AXylb5/7MHzfNg7lxwQeeRnrj+R/9qOC8tPjV4rtbqB0kQacCjsQdxlhwvJPQYIOCccV/YH8CSIf2ePhWnkK4i8B2SOcAlRJpK7VycgZJHH3jjGAc183xfjKlOOAqKVlKspd170aVrvs7t6aX1d0aSi3RoJRvenFSdr+9ywb67u9rbJX21v8AyAfGKC0Px+0nYwUP8YHkYbchlGuvnKnk4I5BGCM9BX9cWtWvwof4MtYLptpJ4hXw1ZSySHToyVYaYjs6TeXlWXdu5OCSCM1/I58fZUtPj3pty+Ejt/ivcyNsB+QJrTs4+XgFRkDHHTB5OP6uY/jT8Ntc+FC+HNDzc65J4e0+GYz2QBUppEPns13t3kLyMA9MgnBwO7OYYis8rr0pTjC0XVUOaOtqWr923Ktd7JK/qRWaSUHBp2XK1urcrs77Ls733v3P5Nx5Z/aD+H6ImEHxalDZUYMQ1t8Fl24A2jI9846DP9R+q6p4Sj8Py2zxRQzt4e1IRqlsu95vsTAAnaMEPzn8j0I/lp+1RD9obw0wZNtr8Y2iyudoWXVi20Zz0PPTBB6Yyrf0ReI9be5tEjtLchlsbyCS4Lg/IbZgQG55IBABwecDkrX1eCoKtTqycmtFo+usXvp3vutL2028TP61RVsHaHMrW0TsmpQVnytPrdva22x/N9DdBf2qvA5CDZD8RLgAt90BtRPOBgLgH2A/Cv3q8b6kB4a8SPM0Rg/s/U0UJ97JtpMZIyOvPc849QPwFgWOf9q7wlEzswf4lBTtz1bUUUgAdcnI68EYr93fifZxaR4f1+MwXBSex1ARswZU3fZZDkFjjPI524yeM06cYtSWite+qu7tXsuiuurv1vZs7MbL95hr3s1F6aWtyJKS1t1tuttdT8P/AAJPCv7SPwWuwhYQ+MpXZB1Ki+yGxg5zxjI9icsQP6A/2ofGVvc/BL4n2XkXKSS+GZFIJ/dp+8H3wSCVxntg454Jr+fLwEVP7R/wcCOCh8VMpychC1+oPPTPA4I4yOua/fT9qCNNN+C/xR3xvIbnw1IizugAGJVb5Sck7QcYAALDoRwfMp0ITaqSbcqc5Ja3u+a6dn5q1mraaNtnTm02sXg4JXv7NtpaJ80LNd1pa2+p+YH/AATKSW7/AG1fhpZWiJvudIuYhJKMgf6NIS5XHJAyRkAA4AHPH9LH7Qvh+S0+HHjBbu7eSKbwl4gbYkQj3vFZ3A2dASvcEZBC5HINfzDf8E3rmC2/bY+EMn2+axknM1n9oRSxjD2knOF/vdMYPpjjFf0Y/tYfEO68MWev+FZJZdQsJ/DOtTWV5cMIiY5NLufOSJCRuBkwdwDDAxgZxX5/n31n/WbAUqMXKE6MXWfNaNozeqtZJ2u3e7atfz9XERvRUppx5eSMEldXuntHa7uveaVlr3Pys/4JyMlh8T/BktlaQ3txF4C8ct9luQ3lzSHWkWNVwDkksDnIPLHPBr6y/bRfW7T4W/EGTVtBOmSX3hu9KqshMUULHClEJyM9+pG4jqcn84P2FPi7Z6J8W/CfmWMoGm+FPE8Q2yrG06zassxKnIChSoJ5yeMHnB+2P2zPjLonjf4deKrCF7k6hJ4cu0jjLyNEiKCzB3chSVI6AgMcEY4A+lynB14ZrWqypR9k5JKbutb32dl9rVta6WfQ48zpynXwsYJuShTckloleOjd99HrtfU/NH/gnsluPjRHLJ5ZC+DNRXB5yROhGR35JUYP0yOa/Qv9r5A/we8QSXKmK38238oo4IIOclhnkktn33Hkda/OP/gnvfW3/C6IRIoldvCGohSNxUYnTGcDGNx+hx1B6for+2hfh/gfr7KIdiT2kcYQnLHIBGSMde7YxjnGOPuMJBKdRtxspXad7P4dG7Lp22tfuzzcwU3i8OlGy5aTbs+Vvqm9dGr6rb5nxN/wTF8Mxa/8WPjFcQ3Ys30bw1I6PInmGUkZCKCDgtnHOODknrX1z+0/d39z8GvHa3TxDybBIY2CbZGCyKA75CnnHQbgckHHNfJn/BMDUmsfiV8bI4E2s/h2JnlL4XO0BUJGOGBOAQoJz2r6h/a3v5D8KvG5jEYj/siEybSQu8OANuQFIIPBBJAGeMA16WHUY4Ou5W5lGVur+zp6rXVu1+1zjxEZ/wBq4ZqXur2cZRS6vka80110u9VsrL5Y/wCCe15Ha+OPHdzIhZY4NFYBMhmC5Jx1xyOfp9K/Q39szxLaav8AAXx3awRXEUp06NXLjMZaMDcI37uoILkEgA5IJAFfk9+yHq2q6Xc/ECXRxIb1tP0zaIdpZgVbC5Y8HaxOexJHORXr/wAT/E/jC3+HvjOw1e91K6trnR7l5RfzNJHBLMPmRBlgpP3VJIKhR06Dz8PGM8NObla0tU7NyatqvTZ+ep6GKoSWYwurpKOuu909b/NJfgYn/BPOKCDxZqskjNujstRY4PQSwptb+8QSO5P41+9HhJ7a80HVZZWKkeGNSCg55/0WQdTxlskH5snnGAMn8Av2ALxh4u8TCMs8n9g2hCqA3JYhuPUjGeMnjPXNfvho2pLY+GbsKYSR4U1DzskApizcsHBHXjkDHHYDmsGo8tSDaTcUrWd3e3W78mvO6tuzXHU6kq1GUW7LkTW71cbNWta1vJp30s7H5jeE5Eb4VzxRjaf+Eg1F8BTuUf2tKBknB529+QR68V9iftY2v9p/ACFw/lfY/B2g+bkkbyNhBJ4Ye4zntnJxXxP4F1qxuPAdxbrPDg6pevhJFJL/ANqzlgdvAH48DnOCa+5P2kZrWf8AZ21KAyxyST+DLe4G1gCsNpao6x7uMFWGSc9zySePMrU/YqlVfvLmi3du3Rpd0m1e9unvWO6lzyqRpv7NrvVu6UbX1dtd21suqufmL4Z+HXizxL4egh07Tpr1ZbW11Ui2kEjpao6xbymeSxUcD5j6DgVz2p+CNT8NSapaX+m3cEqS/wClLcWksb2yzRb1LkoACytw2VzgknJwP0M+D/ha1i+HXhjxBpCy2d4PBXhZ7lhN5cdyt7qmxwwXGUI6sevPXJz7t4m8A3uoXPxjvL8aFPFpWteFkkjnMc9xPBcadat5MLSgH5AxDAcZyduAK0qcW0vbexdF/u4qD11ckqcVZt2d3K1lbS6vY6oYOrpJvdpwlrutJJ3TVlzaPq3sfyf+Nbf7F4m1xULof7SuCoJI+UyMQeMcE8cjJz3wKh0y2N7FLI8gRYwDud2I4AZh8pzwuSD6gcnmvSvjpYxf8La8b2NnCsUcXiC9WKJQVVEWSQBVUDDLkAABTjGMEYx5odMubaZI/tSxiVQzxIcEkjbhl4AAzjnngntXxuJkpVpy+Fzm5R7rmd0+uvSz2V92faUKf7mFkmlCKbbWukbu3TZfPS+t3nNKss6bCwRHkXcTuDcYXJycg55yDzntklL1vLcoqoX8sHIVW2lsEttYH5iM4PUEEnpinzQiESoo3NG+DIoABUsp4wMZfkjA69eoNEjQkyOMhwqYJyWIHO7PJY4OcnOQc9q1hUcUk7vS13ZJ2S6NavW1/nbY5qsG0+VqNmm3um9NEnpKy/F7lnSrNbnUNOCRI/mXtkrkKBkmZBnkAdR3zz1HBr79vvA2ozulzp9zDPs0y1iWzvwHhy6KAEVVKhCcZAxjAzxgV8OeGQRqulMSdj6lYuNwxvxcIGyDzj1G0dMHsK/WA2ttFYjUEVXH2W0RozGBjMaZKE4GN2DnjoBkEYP1GQYenjIYhTjZK1tXdWtttbb3nrqnqz57Nq9TCyw8ovdPm0atbl1W+lrb3T9bW+StP0/4i/DLxjp/ijTvCdj4immsri2m021doClvyzyQlDkkYyMEYwc4wa9lsf2looII/wDhIvhR4vsHYfvZbGR5FHzMCQSGyozkHGOAANvNeg2tvLL4h0i4kZo0ktL8qwIOxWjdsEgnPRQevB7859AsNBhn0uCVsXQaJWYNFG4YFyQD1IyvO772M8AGvPzLhPDYnFztKSlGK1dtmo2tayf3Ky07p+nl/E+Kw2FheKlFvvZ2Ti0+rs7aW6prXVvynT/2ofhKWIv7vxf4akZdgF9bSSogCkjO1S21cY4zgDgAEGvRPD/x7+FWtRSra/FC0jJIVUv4PJPsMyqqg5wCeOB6Bq8X+K3h7RjPpJfSrMBrorK62sYLqXAZWBQDIPB5wwyRzzXkOs/D/wAJz3Oq50SyCwGAxIkapw6gscxgDJ6kLjnA55I+cr8KVKTbp1r8rvt0dujXZf8AA7fQYXihVbOpDdJ9mlonZ6N6LSyXfex+kmg+LPDuoIv2Dxn4bv8AzlUJ/wATGxRnAAzhPNBJGQCCO/JyTWldSG4voJo/7PuQo2b7eW3nVkXJDSbGYlTng5AGQMc5H5q2vwf8JS2tvcpbXWnu0Jcva3csO0kgceUQQQOhGAx6gkYOfqPg6fRNaWx0PxX4ptIxZNcZTV7pk4AbCh5QM9v55rya2SY+D5rxlFLl/vdF0a3Xbe2uup69DP8ACT5aahZp306X0bV763uvX5H6notsTGlxo9uyZIaYQ7gAOhBCH5sZwwwe4yaW80rQ5beMrZsSHOGi3oRyACFGDx1yM9QTkGvy703WPidp0ccOl/EnXMszNGt0ftCjacbGMhbPJ6HoRg5PTpbv4zfHzwnbWxPivT9TjDkCO7sYVMjJg/vHCEgMeMjkAdc15NXAZlB86pOyta0m1b3bPXS6Vt31+7vhmmDk7OT5XZWko9FHS1tLN6X6p6K91+kEvhbSpY0aO8vISYxg5LDJzwQw4AzyT33YwACMm+8EyXEEaW+uNuLfN5lupVSOm07CTxjB7D0r4Nsf2zPi/Yi3+3+DfDusQIBuMM8kTOoPPGOrZOFBIyT7CuvtP26blVB134WX0YDk79Om3AEYLEBj0IByD2PTPNZU4YyDcWm+j1X912S63ev5W0N5YvBtRd4tOyUGrXvy3ate/kk1pfXXT7JHw7eO1iXzdOvmWIndcQ7BnqxAKY3H1zn8eKzW+Gq3KI1z4d064QM2Ghht2+X+8dwOCW9NvBHPAFfP2mfty/Dq+RY9Q8L+K9M2qCzPDDMik4BIRWY8Z5Pp6k8el6Z+198EbtbYNrmo6aRuyl3ZTKu5jjkpGBgHkbeSflPIGJdar8MlO3+FxW8e19N7O2m99m4lLDuScZ0tbWi0m3bk0fk/+GSJj8FvCtybs6h4YhVmdkLNZoFUdSA6KX6YPHHXIAznl7/9nTwJKWEejrA2CqeTJNEwDDoqSFUPGTwvyjBwAyge06B+0D8INUwtr4/0gtJKZGhvJHiCj7xDebtU46AnGeBkmvRYPGvgTWSr23iHwrfJvyuNTsw5GABw0ucg8DJAHXg9UsbVpr3Kklbe76XSvuna66Jvr0uU8JhqsoylGDktFZrql1b73ei731Piu7/Zx0ixWW8099Qg+z27suXSVFDcAkFiWwAM4yxGSeOBzY/Z4v8AyLd7PWYZVkAkKyxPhC+HIZQvHVsk/KewI5r9ELhfDV/YXnlmwlzaOqGy1CCRTlRtwIpTk/UEds8c4FvpekwWFq8STeckTh1+ck8cEbMqwPTk9D1AGA1muJe9WMrJWW7snFO10vO78+rRistw/M5QTiufVqTbb92+rSTV2+llsulsn9jL4ueIf2X4/GHhy18FweML7xRqlreWskc/kyII9iPFGrFUcYBfucZAwSc/Z8H7VsccurX114B16HUdG1UeIbk2DwSxLJImPswzl2dWByoPzfwk1+S37SOpeJdBsvDPiXw+99pkenXrmW70mCcTwsFxE9yIlyYgTzu478Bs14j4R/a4+K/h5L8297aazFqMsYv47+3iDXSQuCMMV3o5xhgCMgtnJIxNPOqFG8alScKid00k4/Ze2zvdq7bXlpZRVyB4qanD2c4zSbUpyjOWi0STcVulstL9Ls+0/wBtz4u2Hx08f+FfFukQ6zoml2mlw6JqQ1a2lhZdTvJUlfy8qsZwDxjk8evH6FfCb9pnwR4X/ZS8BaFr9zr2qReDPFVs+u3TabO0c62NwktrDZXJTa8scKAg7mAIzgDivyhvv2uvBHjy10rTvHfgY6Ssd5a3l1c6dHHNA09ssaLMYpMAH5QSBnIyMZIx9cfCj9oT4T698EdX+E93qWnXrXGua1rNvC0IguGt7iGZbJIXZRieJyqsoIAAIHIFbSxuDqtuOMpt1U5TkrRkpK1kl7qfM7/N7PQ5qmXYmjCnTeFm6dCUYw/5eJwbim7x1SSal/TPh744eOLD4ifFvxx4vsZrm40jxZ4ru9Q09bj5Z4rJ3KQRzDvII+GJwQcbsdD9qfCCD4JD9jT48DxKnhdfivZXVinhZdQ2HXmtZAAF0skF9hB3S7ec8g5FfEcvhSUS6eUtljik1ieEechLojSkxyMy/KRsIPBKjJ7ZJ6a4+HGpQ6vdxQlLlZoC6TOpWNioyNhHBOM8YYEnBAxiuVYSjCpKs+SarRad0mnz/aem9/eUkk+bs7M7vrFR4anQjzw9lOnaUFqlGzUb21i9E+yutLXPMraLc+mhlj3NcQpIAoP7xCckZBBJxyAD0ORk5Hc+MtEhn0m2k2B3NyUDFcNgqyleBwAOhx1IIPeudbTdU06SCG4tWWWO+YqNrb/lYYALY56YIHHUZ4z3nidpIdC0uWdSHa8AZXzlSCDyBjHQjGCCCODjnixWCpSnScY3vo72Ss4p207N631XdLe8Pi6ijVjJ637NNXa2b203S33W6PPPDfg6K8OrJcK0ZtLLCl8EE7Nw67sHtwfXj14OTwsFTU3MSs9vAHTLE5Xk56n2ySR2KhTkH3Hw9cSzNqUkAGLhNgKDIwilWJyQeuBnGCTzjIzx+RPcaxZBWEhstrMAoGFU8DgjJHU/Mc9OOT42Iy6nKVVqmmoLSVveb8rvWy36fLf0qGLqQjTTm9U9m1KT0tbWy923nq77M8Ybwxq/2a31dtNuf7MnDxR3zQsbV5kGXiSbBUupOD8xAPbBycqPTJY2hKCRHkZ5BtLRuCpz8pyMjIPqMewr67tfE2oXnwz0r4ePDarpttdXGoLdLGn2kOSWaMtjdhycjnOCSeQceeTeEk87QpEiV1aG4BxyThsYYD7pBIJ6Nxhs9K+arZZUk5JJU2pfDe91zRs0+VW01stb6dj36WNjaPNdtpP4m+WXuXS0XK7Xu9eyerPP9E8X+N9FUPZ6rdGOBg4t7gtPEQCSABJuAQAc4B7YGBXs2hfHq5Dxv4m0ZJ9nyNcWnBOMDOzK5bHPUDOCSDXP3vgswg7RsY2MlyxfIU4ONmB3HbcPwzWFH4ZmkMccarOWtxIRgfIT3ZuBnp0GDt5OME+fOjjMNrZuy6K691x7au13rrvqehSr4eokub3pPW9nfVPWzWqS6338mn9Q6F8QPAfiSW3KX8EErIVWO7xHLGx5ADYVSRnA4IAGASM120Wj2cjQzWkySSHeFeCYyo8bbiq5RieOwOfwFfDFz4elsplWWMqUUHdtOQWxjaQR3Bx3YDAHHzauka74n8P3ER03VL2BowzKjyGSIruyB5bkKAQAuFAAGSATkVlDN69G7qQdlo42bVnytrXVW6bLvfpTwVObXKk9XtZSvdP4lbe112t6H23d6ddlIpJFc+QI9hjUlsBixY4yVbAPIJ6jJwa2tLQG6vPL3g3FuYCCBuLBBgP355+98uRgZIxXz/4f+PGuxPDDrmmQ38SsC08ShJtikA5QAK7AcnoDxzyDXuWi/ErwBruVNydMvZnjwlwvlsrAEEEjC4Byeckk8k7a61xBRkrTaWyeqT1cdOlu3y1tc5f7LqKUnBt6p2vd3i47u3klt3Z6Z4T1GbSbmWIIZFu9NuLWVWyoGVPJK53AYx68Annr0wEl7ptnaIPLMNpK55J+5IXBG7qeo4xx74xytlaRSmCbS9RguHmIhRVkR8tKdq/cJ2qdy8no3fnj1mfwH46skVZtBvWWGzjdbi1UTLKs33SSu4/NkADncxGewrf63hcVTk1Vj8PLFXin72jT+SVr32t6cNbD1qE4XjJJSba1StaLdle3R3vZXSV7HuP7MzCLw74tXdvxqtuGZ8bgdoBzjrkg9OOCMYBq1420e21LxHb/AGizW5kCBY5HiJaEiY4xkErlBzg4YYJGKb8BY4bC01/SLu2ubDUzeW9zPb3MckcioVQb5MgEbmLNyQcdMFjXvEXh6HW/EspkJSNrZGhkVAQ0itkAfU4B9Oc/xV9DgIUa2UUYWjUSvG2jinzyk1J7Le3rqrM+cxlR08zrz5nC9nddeaMdGrPfb8raM8f+H6vFoviO2kYL5aajboMcpEqSPgAZwpYAcgj0BH3fAdStmkuIYdpAdJDg52sAxzgY742/KMjPToK7TTfE95pHinxXoGxp1hv7+CViVAgyJMEgZZmb5SAcjtnGa0ZvDN5ctY3KFVEkBaMFc7wSCCARyf72Pmx06Yr8i4lqRqY6naDSp89NpppRhGcdLWTXVbb7ef2uUJU6M3olUlCV7u8k4wbVns110s721OI0LT5UngKx48udeQBjbu2gEgZxnn72eAD6n+lv9kqJj8DvC6EABElAPOAN5xg9Tz6dCDjgA1+AumeGprf7FIwXMkiq7gDIbfkkA7SATggjGcZyB1/oZ/ZOs/K+C/h6LGCqyYYAAEMScduc5z3PfmvV8NMHVxPFU6SXtObAVrpLouRppO99G+7vfsfA+LOISyDDO9rYynfl1XwSt56xezvt1W3uMlvkE45A+79D0984BB47881nXFqp+b5sjoOoJOSc/U5PGQQNpB79UbbJztySSQBu3AgDHQg5AIJ+XOPbrWeAkbShyp5IAOCQODk/lx3O7nGf3LF8N1K0ZRnQknZWT1bu0tHfZW6JJX0vdH8/UcaotNSs7rpZpaK13qrarsmzjJbRgD0YMCxPJXpznqACQB15wSOMgZM1rtJdQTgktwCq8cHBwMY2jAHygZHQV6FJZ7lGEA4yAoBxkj8m4OQcA8jOMAY9zYgA7tp5Ocg5wCemOxPBYngAk9cj4XOuEakYuVOm1aLvdPTVfetL+adtLWfp4bHxuru+1rNXVuVuztZbJX1/E4d4wpQ4HQ5C4yRnjJx655Pv64EBjO45GQcE7TyB3AOBjAzyeoAznk101xYgEkAnqCQACAAe5Xpg9ieMc/LWcbPBPy8krznnj8ck89T1wR7V+cYrK69Cq1KmtGrPl222bd9U007rovI9mniacor33tqttHa2lrKyavbptpvmJDznbuBC54HHDfjncDx0IORwMi/BCwJYjIxngDrngjuckkY7AcjjJeIdo2gEHPXjIJPXGB82O3IxkdgKnTKfKFIGR15JJwcdgD1BJ/E+iw1L2UlKcGtlonovdWiVvJdX06XJqVede7Zd1or9Emr/AK2dryb63Y1zgnGVABBJPzdckdCcHbwwyCBirqwI4GBuyQvGcgnnOTj+IjIHJ65qspG4EDaeu0AEYwTxnJ7DGccHueatxsxJJBjyT19DnBwPoDjGc55G0CvqsFVhWgoOMndqKd9m+VWfS1l1v0VzzKnPF6O19Xd3V3a2n2tndfkncglssgggkLk84OTk5xxwc8hsjjJB4zVGXTycgIAQSdw/HqMDgdCBhufTpvcjG4ZIzznPB55IxnAwOMnFPWMuM7RjBySSw5yCVLegwfrnjpW9fIoV9FD3muiTdvdsr231Wvra6ZMMZOm1eT5Vbq7J2S0XbfVPTpochLZKOduQQfugnGc8cjg9SOARgDpTBZkuQFBDA4yFGcY5zgd9wJB45z2x2LWinLFRjr06n8csODjOcj0qs9ngnGAASSFGS2QOduQQD03EdTwQcV5VThV025ez0S2Skpbrp1etu1tbK1zphmbso8zTdt3otnbR6NaJXu923axhxWpBTKjGcgMBjj+Qwe+c9fUVrQw7SCMYIHI/h5J5x2BHQn3Cj+JGhYdARgdcdMkgjluuT2+g5BqWNWjyOvtkZxz0x/j2z2Arqy/DfU6yUqVtYq2iaty7L7t/MirWdaOsk72W+kr2XTtv5fnbRcYDdT0YjDd/lz+IxgnHXg/NUyqDwQAVOAG7Z4PPHykcksOcD1zUKMQMjjPqfmUDHqQBnof72OvrOo3DLAnAzhSTnGS2McAehHPJAUDAP2NKtCUUlCzdo6362vdNaX676u97pnm1ION7t6LTR6vRv8HZ389bigAtk/MoAwRhgSvQeo5X2yQM4UHKk4yCSe2ABjIAwT0A75zkcfKozmkI4+XG7klcnPzcg9euCexJBI4OTTBhTgk9iOnORknkMx5zkY6ZxwBnqVRr7Fkvelvd6Rur7Xs0+lvPZ4bJbdrJ2vqt9dF5duj0J1kye46AYJJzzgHHGecADPA57ZkDjPAyCCCUJBAIHBOMbuc5HX24DQqo4GQN3faSRyfTk55yCcLnI46u+XBGQCC2COTkBlHBPI9Rx1PIrWli1FO93b4U7a6wTtZJNJa2127uzers73aW261to9m0n2+WjbJWIPTnbuyByeOnA+Xkj1HXOM5AqOSyEKACTwAMnA5IyAOCM+/cZxmlLbcgbiSckE5PZsAAAZJ5zkcHJxxlrShgePmOcsDwc8ep/wD1g8ngkq4ujODXwyta+lla3z32TSd7WWoowlzKyvre+3RX6Pe7aSWno7FOTeQVwF27yF6k5JJJ6c8ng8/iCRmTbfmUYxnHXI3AHJJ469SezfxDNaUpVec7vdievGeRjkc8kjjkHkZxbiUAHGR8wzgsSORk+wH3sjnsOa+HzfFRV43WzUNVdx03Wt7emjvpZHqYai3yvZJpu+l2mtLvpeyW+iXq4WfBBYkYJO3OegC5Ixjt6Z44xgZaJjkOpJ+Y8Z24z7k5HOSMcdT1yRUd0Y/xHAyBkkHOD1Jx1HHcY47UhYfw9OB0yQT06ZLcdCOCD3GM/JPFT57RdnG2mzTbglZ37tL0T6WPajBKC927to2vOL8r62fZvya5deC6cEKjk9Tg4PHU+gyRjH4dsmtOC9Zcgn5uuW4IOTkYBy2AfcAj3zXMGQpgEng84447njoT2JHHXjil+0YzhjycjBzg8jnkdcZI6DBI9R34fPquFaiqsk1a15PXWKvK7dmn3v31Wpy1cFGo3aCWttrWvy99r6d032OzF6rA52nIAY8AMeTjpgfNyBjvtPQCn/aUyp3L+PQdTzx149AG6dOK4sXZGBkHoR3JJ4wAQR/d4PJI53jILvtpVjluOwPUZ/iYY5B6gZ/Hrj38NxlUhFKc4yel23qrWd7aJfN9rPqcryu7Wrsrb3d9Uk76q12vI7VbkZHoRkY4J/DPIHufqOTmVLlSDkntwThsnP1/+tjPeuIS/CkDcc9ckjnIIKgZyegz1GOc5q4t8rrjfsbB44PGCeBjK554JznB4xmvWo8ZqStFq8bJavV6P8E1o7u2uyuYVMtt99tn5ddLtO66Xs7LU6z7YoIyyYHy43YHPJJ6FuAcHGc8AkciU3COpKkYx0OQAefvAkZPXPTvjGeOOF02MjHPuSRz2yMDj0wQeM8CnxX2RgPkkcZG0++ScAgY69jz1Jz2Q4snVkoSvZpJ2ba6Wb6a9e6vvexi8ucPeTbSs1Zb7a22a0adlda+R0kkibe+CcZ7g9+vQDBDDPY8cDNB2diMfMRkMoI4wc5xnPTpjucHB4quJwcAtwDgj6Ac5JyTnnsPpg04tnOM8AkE8c/hkDOB+oHasa2YxryvbTybTto+ayeq7q+60a1GqdrrW+iskrWTSe7fVO/bpsTpI8Y5wcEDa2DntnIOAB0xxnqSMKRcWZVOTxkA9DkMT1HHBJyCQQOD0wazQTjjIOwDpj5SB97cuOc5HPTHToEyQcA/eyc52kYz33cn1AGAMZHTbtQzGph1Hlk5JWajdKSuovZ2vfVraxnKinq21q1tFX1uuy2a166bPQ3BKrKvXJwWzxgc44JBJxju3T1PD9wI6tnBw2BzycD0B5B9AOhOcVkI7qATkgDJzk9uoGcn1HGSeMZrRjOVHqVGTyCDycqc9Mf7239a+hwObTr25tHFK3Nq7vl0et1vra97rqmctSEYSWlne7tdrZWX3vsn993OrHAVvlx0yOg6YyMgD6dCflPrOGKkHPB5I3cjA579R6nPoDzVQEAkYbvzzyPXJJxnvnLEk8dWKqqnJIwh5HI4Jy3XkjLDqScgE46Y9qljFFJuSuvua09LNauz0vp2Zm4p3adtVdJJXu1ezXTy20aLu7cAQcd87QAevA5559OTxt4pwIJIJ6gN9M9wAfrgHpn2xVAuFIAfGDjJPGQM8YPp68Akc5GKesrMxwwA24Gec8HkdQSeSeNuRnINdUMbTaSk7Oys7Ozvy/n/AC26teqUH31tvZ2VmravZ20el9emhbGAcE8dyTkAHp3wT9cnBIJ5FLwCxwSGPQYyAOeRwPQ9hwe+CK3nZ3cgkegC+mOQcA+oPQHnNJ5zHGec5PbB/hOCOSMg5689DWzrQ3ukrq6vazfmvvs3a3zC0lZ20sn21dtr33fX80WWC4IB3EEhScZ6njg47KCc+nBzgxMSPm7hj0HHy4zxwuRjk4HJ454DDKzZOCOBjocYOcFuxxj/AGicZ5IqMuHBB74zjr1OQOcAgrx2HqDwZVand3lFrZtvvy7a26vS9m162dm9NL3T110XLfrazs99+i7Tliy8dc/MB1xgYwpOSc9hjHU+o4P4qzNF8MPHMjEgr4c1A5AB58l8BeeOp/zmu4EhByAABxgnk475HBzg5z9BzjHnXxlBb4U+P1DYJ8N6iM9fmMbgDnA54HTAGcYrkzCunl2NlDdYPE63TdvYS+e+luqtbV69eXwbzHL00rPHYVNb6LEU767pa79t0z8qv2fNHk8Q+GZbRp2t9MPiK7a72n/WSFmaPKZ2EghsFhwRxySB7BpvhaPTfGmsywxukNt4Z2I0x3u5YzBipYcblByRwBlQBjFcX+y5/o3gUzzDmbxQyLGFyWLPJkFsYGTkEDnpnIBFe3aglxB4h1GRwo36OCy4UKkf73AY4HODhiT19+v8xUcNF0MPXbV5Vet7qLjKyttZJPe19drM/pPGY+ccxxmHpytSjTatFJLmc6d3LRNtbau9ktd0fl9ZZ/4S+6yFAS7v4huOPuzufTKqc547969A1BEaC3Uurb7wA/NjBxkkcdxuJCjjOcEE1xyQwr4tviX+U3uobio4H75sdOeffjA4yTxsajCm20eK5JH2w7S2No5HOGPfIJ4zn1IralTc425kpe8vwjaTS730Z9HUk26Tl/JC7V3ZuMd/K7WzTWy7nodpp0c9vPIlyqQCOUAiQt86xqSSSehJPGck47CuQ0KBQ0odtiFXIZWKhmEjfN1xn65GMng8iARypbFYr99jxTs6xy7F3MrYGM5GW9eAMrnkYztFW4ZRuu4xmNwqFwGADtwTngkDJ+oAIANaRo+yi3Kd3eOzd38PZvbS/V7t7sxjOSbS1dm9ny2Si9dXd+l9N13l1CGyfWIhI7cyH5lJO4BAWGRkqDwW/i5JznrnNZ2pmsUgZ5Mzz5C5ID/NtxgkAKQcnrg8YPJr6ys0OpW2J1xI2du5f7i54zk44b1y3GMbawIZb2K9hdLoqY3l3ksAq7nIX5cj7o47nsOMivUoK8KcrXXLHd2v70G1fR76N/jqctT95ztS6aSUX0cb21to+iSS1ezR0v7UFuzfDXwNM5YyveyrkglQRCIlXoASADkZIzknA+74h4f0u6bR/D5jwQbWbIRVBG1+OeQAT/CRyTnuK98/aZuXHwz8EqREyW94rFyw+fdbK7O3zAgbmJBHJ6Hb1Pkei3r2+i+HRNLaQxTW8iq7N8y7mIB4xgAbcfxNjPAFevl0o/Wa3NBxjOMWlfr7u2trPVLpbVnKueOCpJ6uNaqpPvrrqtPhXLq7bPRM7ye3uv8AhWOqyyXMqFIliEKnAIM3JPGSw+7k5xgAdcV8UXN/Jqk12+pX8dmlvcG2N3dHJS2QFQoAxu5Xf+JHc4+3tYuTF8L9ZnimgmSP5XeM/JkSnBGAeSOVJ46jkAk/mX47uvJe6jJBE1357KW6h/mb5VyFAyCMkDHYAVvmsIqMUtOaGsrp66Wsk2mnZaa6qx0ZPG8p3d/3kkrK+tlq9+2tnZvXXr183xG0rR7mCz8J2wv9VjV4pNYvANscik/NaRMBwMDaWHUcEcVzmt6xr+uStd61ql3qU5e2bZdTu0cZEqFUSIkqFXABBBGCO3K+N6beGO+kuI4pnEayMBt2rx8vDZ4A5IGR2zg8VdbW9XuLuKNYjHG9zaKwJyzgzoOW5Y9eh9eOevhUaeGhPmajzKyjUaTntHaTaa2+z39T6CrSla8dFy6tu20Vfom7N7Wsno2z9fvGeorp/wAB51um2o/h/SGOc4UtYjnGMAZOc5xkjnrj80/C/iG+s4Neu4LyS3s5IoI7yKNhtmUEviRflzkcc/ocGv0B/aAMlp8BhBghpfDnhzOMgkm3jJYkDJznrk9iRjBr81dBt2PhvxRlWyqRkbgDgbMjBY55HzYHB5Az0r6TESg8LQUoc1472bu21JPVPRcrV9U7JLd2+UwD5Z4hx5UniG3e93qo2dr3v87WSdtn1d94p0+a1khcTSRPNvhcMqlGIPy5HBXLc5wSuODkKH3d9pdroeiG5urmCO8g1H7R5eGLAMCFGAQqnPJGOBx1zXmloXk022dos4bJk24BYA4B7EA/Ln3zwDx03iKUwaJ4ZDRoGe31FiCo2/M6dCo6DPYgj7xHUnj54JQUWl11S1WlttUknpq3qeqk5yi5W95rt2V1ok2tNLu+u12efeItSskt4jFLctGjhYHxksi5B3E9WAOCDkgHpy1M1u9t/wDhAYJYTd+VFqAYuRwWPJX5sAjI5OCQOwIzUeuSLc2toUiGxMHCopBYHn73IPduAfXGDXQanHC/wxLyQBUXUx+7wSpyfvFSBnuPQk+oyVWmlKglLT2tOyV37tk3ZttW16x1S1a1t2QjFppRUVypaXs7Jd9LLz1tocz4EjsfEOtWqSSXqG7hktmC7XkcDYyxx8Mx3YIOR3wAeBXp/ie5tLGw1Switr2K4tobaIxygZ2IxHmZOMcD056joK4f4avZ6X4h0W9kARBI7qGGFVQu5toA4fIO0gZJBAPWu4+Il6L+TVLu2jaGOa2hCGQYaRQ7AsM/NknkZOck8cV72HrOGHl7zjGTV7OLT0WrVujta923fU8rERcsTThZtKknfm846NqD1tZtvTXtqeNaPp+peIoVutMttRnF1rpVYoSgaRVwrKpYqSDggKRgfL3HH0ZpHhzW7G2tLceEPFDLAxUMLtY4sFfmyFfaACS2MAck9aufsweDbrV2fVLk7bDTdZmjhTbgGUhCG2kYxuPrwPoMfpJa6HELbiKL5lbOYk5OxyW+7gHGOcA/dzwMV+q8H4Nzy512+WVVyjFxXxU1ZXs+9tG9Hvo9D864lzBUcwWGjDmUeXnc5NRU243dvPRaPyWzt+JHwqsNRn8bfFSNPCKap5evkSrc3k0UtozbVKOY2UuxJxk9yCCD19Y1HRtTWRGHgW2AJ24GoXLAljk5JdsZ6EHPIzj5cj1n9nHRLe4+JP7QfmxxuqeLgBuUYADKGGSuBkLgc+nUV9Ia34csk27IoGLbdw8sA8NkAcEg9z2ODnOcD6TKMKp4KEnNrmqVFbli7WqWtoutr6t+87bHkZvjXSx0qapxsqVBq7f2qNJrS+i1srJaJvsfklBpOpT/ALQtxaQeFrVrgeGAG0w3c5TKndvMpYHaByOckZP3a9/Twr4kkVNvgiyUEnH+l3GwsMjAO4ZHXkc9cdsdP4f0S3/4bD1SFlTavhIMqlQPvKQcg4GAMjjnpjHOfueLw/aEApHEABlz5Y5KgcZA6Bs5JPbjk1rl2HjN4rmm708ZVhdKLuvc1ena+iW99kzPNsd7B4OMaak5YGhOzlNb9Pittp92q6fjz8XvDuvW/jb4Q2lx4bsLOW71/ZbW6XDubqQ7AUkLMdoPPzAjjuAK+lrn4d+LkmlEngXRLVSxGRKzMzE9GJfGcDpg9QPu4xN+1BYxWvxo/ZvWKONUbxZHuGMAgunB4GcnjPJ4454r9AtVsbGKOaRli3CYkhlAPJ4PAzjGPXgkn5SK0wlCm8XmCv8ABUorWKd70oSd1bS11tra6sZZhjp/2flM/Zp+0p13Ne8rWq2SXvpbK+vX8Pxs/aP8E+I9K+HL31/oOj2EJ13TV8y2LGZ2a5jCqQSRggjOD1znrXveieFPGU+g6K8XhXw35UmjaeYJHtVaSZTBGd8h2k/NwW55OMAjmur/AG3ooG+D6iIxceI9Lz5YHH+kxN1HPOR1BPJ44NfWfgHTLeXwd4TEkKsR4b0khig+Ym1jxyBzgd8jrxnGBpQpR/tLEwTtahQtorSXM073XfTW19G27NmeKxEllGCrOCbWKrLlvJJR5aVt5aXuubmb8vP4B8WeC/G0PhnxRK3hvw3DGmialJJMLKMSwqsEm94yVBBA6H/Z69RXI/s66T4nn+Gvhqe30vRLi2Z7tPPubBZZXfz8MWcoSQp569CM7gef0d+J2k26+A/GYSGMM/hjWWVwMHctpKx68k4XsQTyR6Dw/wDY/wBMt/8AhSXhMlA8kkmo4LKD0uWXLcY4+bJ6nOOAadSjy5lh7SfL9Wq9Fe6qQuk7Xdvkr31abZlSxcZZLiHyK6xtBJOUvdfs5dpaPXRXfo0jJ03w54nY3ElxpPh6G38uY5TTYRISsbElcoCu0AqG3EhjnkV8e/BrSPEVxJ8RZ9KTSfKi8X3qzNeWMU5DCVhtiDKNg4+Vei9wc5H64axp8MdjIVWKP9xdFsKAT+6kPGPTI6Z55HTI+CP2VLGC7tvilLOA+zx7qShSuVws0uegIPX3+7wARVVsNTqYvBwd7r2suay1do31v3bslptbsZYPHOGBxtRRVm6EeXp70lJ73d7aat+WyZw+oweN7G3vZGm0NfJSWdR/Y9s5wu4YG6LnjO0AEg7SMnGPiS/N7J8UZLqOGCV3tvOnWSCLyfMkRvMcRkBVGQCVGcEk4HOP2Y8QeHtLbTNUu5YoV3WV2EPlquCInOBxkdMAk/Kd2OM5/JjwxZw33xod7gZsLeTbIkgzGyiXaAxOcruI3HjIOScA15+dUI06uGipe77yUnfR/u/eto9V0VvN9/eyKvGrRxM+TklFRV1ePMrJXt2forb7GJd2mqxT2N9LbaSqi5keJxaxguVz8rrjDqx45zwDkMORv+N38Sa/4g8Gy+I4ILQx6XMtmdPhjt0WzRQEVUj6MQAMt8xIBPGDXqPxB06xbU7ax01rSRIdesyYbYqwWJpFLHAPQjjA6DDYYDBf8bls4PEvguSzKxCLSLpXXG1EMccQ2hR6EgE+24Lnr5iw8aWMwyXLzScn11ilHXfdvVrs99D0ZT5qNdttrlT5b35dUtF2bV9WrLZM870nwpb38UiS3l5FGRLsU3LY3A43EEjBY56gdT6ZEyaPJpek+KtOE00jTaREYZpZN5Xewx5YJJz159AQOvHFr4i1ODWdPghUG3luJVYlgomXkYOOMDjsS3BGQcD022uP7Xh1q4lKqi6BMpx8oDQHLc8DC5+6QMcFc54+hbpyjBRirwW+nvR91ve/W3krd7nhqM4OUuZcspLa93d07em7vfXp6/MviXwjfMJvNu50MtlG8cTTZ3AjILEnKnI3YBHJyTziuq/Z/wBNmtLX4oRzySlYfCFwgEzmQgmNs7TkntwTk+gxnO98RrnS9N03Q7lQ00l1pCF3QtlmHyqDkY4w2OoCjnjgw/BiYHT/AIpzgMizeEbmSMEZz+6J4JBIA6njAx1OSK8rGUoywsm4pN1I9tffg7uy7PfS6/H1sNXnLExgr8nI09X7q5U7y3aXq/kjxzQY45IGSdrkyTq4hjV3VX2yOD0GMEYJGMY6gLyNfwVaQSfEzSEjWcRq8qSq7k9IwAevOMHjrz2IyOE8JT317fqRNJ5NvI67SAcAuwyB2G3A5Gc856Aen/DrTZx8QLafexY3sSYYqcK5KkgDJG4AAjIUZ9TmqdCKpNtR0jdRaT0svueu3ZmLrT5+nx2ba6e7dJvdXT5ei+enyj8RLZLf4geMo/8ASN66vOUXzGTEYO4Yw2QQeoOd3IxkZO74B0mGS/06+KlpY9SsGCE7yMzYycnORwcA468jkn2XxX4Sh1X4keOIpLGOc2+skymMYIjCKWBODgEtyOnqBkCpLHwpFoc9teQ2TxQyajaqrAhgMSgkAehzz6Yzj+90vDuWEbi0moJXW/wx20e3bo36DpYhQxKjObbb0TV0rqPz0tbe1tdEtMn49vbQ/HDSpEVjIdM0fC565SPcD/Cuc5GeORjJ6/QUFpbzwQ3WLdpYrYt5JGNo8sOAGxuZgcDjqcnvmvlX9qia4i+JcVzaGWKRdE0xwybQ6lY4+R9CQeoJ5OSCSMHRvE/iP+zo3m1XUGiuY0jjbBDADaGfd0GSSAACQAc54x15dyQw1FSTu1D3rrZJdWujv5a3e9nx5jSnLEylGSspxbi973Xe9vh/DVan1N8Wr6NPAHgMyqI4X1K63xgsS3Lchc7sgA+rEnjgVkfDzSLSLwnqeoXKOn2iWdIA4J/d4LbU7kA5OQQV45AxVHxZJFe/DX4eC8knfE8z+awJLOzEYAwOSfQfX5WJqpqOt3GneErWztZ/KLGXcpRg6pg42rjqQckg9xgiu7K7Qpyb1/fVddG9Z3e3RNaW7dUePnKk6sI82iowtte9o3vdtpbPRrR2bO18N2ZbQ/iK0ZZceGrk/MxfajRsq5fJAJBBwvT8s8Z8MYFOg6XlnZIxuYghV2xgqdwA+YA8DJxweo21pfDjUJZfC3jyW9mMrN4YuAh5BwAwXf8AN1wDk5Axz9fKvDPjGXTLCKG1gwr2+Yg8nBOMF9vGB37ZPGG617OHnGFWetotQXd6qMlr1+S1vt28StRrVKEIpuTum1tZPltez67f56H17o8ltceINOCY3tb3T8k8+XbkEKDnIBJPIHK9ehHyifssuoa6ssoKLqOoMSxK5cTsdpYZBAPUdR6dq6r4feLPEd9460cagyx2/wBl1DaseDtQQPjdxjkAcgfMCT6V8yeLPF9zBrWrIkEkMM2rahFLtkZcqLlvmQZ+U85PTPI5zzx1JJ46dS1704pq9ttLPt5t66uzO/CYaf1GEXaMlUnzJrWVlG29tW97pPz0O6vNQ0+eS0VmEskeo2iAQljhFlRQQ3f88HORyTXpP7QOnxSeOvA/mrkS6PpxQMqMTGYFHOTk5J5UgD65Gfluw1aKbWLMI8yx/bbIlCDh2+0RnJx1POS24k19gftA7H8b/DmYhFZvD2n7FYHcf3abWLADoTwPTnOAKzlUjLFUbxtyxa778ib6b2Wj0u30NqdGVLA4nnknJOCd3qrSaevmmlva1lZHzf4w0aBdZt7k2y5KTKwCKP8AVIQNvHO0de5OSQc4rsPihZRD4H/DtXRzjVZXiXgfM0mAcj0I5wT74Cmuq8VWEEi20zRq215Q5CEcOhIOR8w6Hjg59RkVL8VrGWX4NeCILdPNMF09yY1XaQjTKAcjB6lVz83GMkZye2c6c5wvFqTkuW100mkvV2ttZ7btnn05ONGTi/dcbNPeXurbrvqtNd3dnnWpaBeXXhqwiVn2m2gJKtlsCI4U5YqR2b15r2H9mSxMfh34yJNEUEXgq7iw2GDmOMjAOM9AAeg4HQgVxd9JPa6HYwx27ea0Vqm1mJK5TaAAowMgngkZzwTg17T8CUlt9G+LsRt0gYeCrsZVcl3aDnA6ZJyQTgcAAitMU0qXLfRKPZ9Y2Wul110u1fu7c2CqP6wtFu1q76afE++l/K69F+ffhnRJtU1e2t0BKpPNLMAFyIIZWKhuScEEknnPPDA17aNIgZ7gvCYoikSJtRRzHKhJ+VemR1HBJyTxUPwm8L34XUdauIf9elzb2ysgJ/dyuHcDIK7s8Hrg8cE165Z6JM1q8k0aMwjmCLtHG0hgxIAK4PUdexJY040l7Gd4q8otpWu0na3To9dLp9dNVni8RFYumoSUFFxTjfpemnfRd9d1d9bI/oB/aYtor/8A4JP+Dr8IWitdJ8FlmON4MUpAyST91uuRwTyCQMfl34csEuPDum3TBQz2FngEIQV8mPDY5yWJwADk5xyDX6sfFiEan/wSQ2SYkS08L6FOm0fIr29w3QZ6oSx+XABYZyDkfll4akRvCmhFkCqNLsCRggEeQmDkZz1IPUEepHHo+EaUcJmtPmb5cfVaT2TcrvsrW779dXc8DxMnKOIwE3LlcsNFJJt7Rg023Z27dNrq6SPP9d0S2nuvDrT28Epa81FFGxQygrnhuuTnOSevqaJvht4a1OOcz6VE7jau541l3Hcc/fUkZJYZ74PTNal8VOq+H2ILINQ1EKCx53BcbehP3ecfToAa9AsFVuYyQCXJDFuq4JHLY6jrjnAzkct+q0qFKbqylThL32lzRTasoWfb83r0PzDFYrFUFRVKtNRcF9p3vf4u/Sz1T0001fyzqXwW0UeObS1hs5YbabQjMqWlzNYMsuWKsogK/KpGSCMfNz3xLdfCK6s4gdN8S+JtOcOjDN2b6BQDtUFJ3fcRjIB7YGCK99uUeb4j6SD8y/2BIDt68bu/HPOO44BGR06PWYfKji2gBZCocFchhuwR25AHXG04H97NcVTBYf2k2ouDjNP3W4rXktomrrX79b9u+WZYiNOg5T5nKlFvmtJ3bVt7pX1/4c+T7Twn8S7DWtUNh43gu2jsrd3bU9ORVkTcNq4gXCHkfMDuOOleD/tP2HjiXwXpEPiC20We3TV0kj1DTJZUkkfYC0ckcxCqCMEDHDNwTgEfeyYXxTrKrIGQabaKykAfecjK5BBPB4OOB36j5K/bcSXTPh34blgmQxy6829iAGJ2KwHGDjnqB0JGOMt5ma4eccuxc4V6jhGLThKTkn8NlZvTW9n031R62SY2NXNsLCdGkpycW3GCjJXSvZxtr01Wt79z4c1rxQLKKw0qHRrqOd7aOGSQyq8ODgB+D8xzgjJwR3JOK9/0/Q9W0/W/CkkqjzLnT7GaUlTjypTHs3LjG0BgvQgHp1r5R1PV4NaOlXUaiKWKOK0Kw7goMbAc5GfnBBLdRxkjrX6B6xZTQaz8N2R3zc+G9DDkj5SGljABLYPcjccYOSB6/lNSXLyuUWpO/d3slrfV3sru1k07tH644801CDbi3Bwbe7fLdNrS9/Lpr0P2S/aAWe5/Zj+Fun3KTCC21TTQ0p3CDEmixkAH7pOMA+3AHzCvygW7uPDGmSanpySXUCa/ewz6cTm3Yu7os0bj7kuGGFHU5J7Cv2y/aCsTb/so/DaG4EJ/4n2hmSV1XcUm0uJOf4vlBGPwXjkH8d/E2jWVh4M1me2uQ5HjG4QQcLiMSk+bGc54CkqFLZJ5FPBSUsM3vH2kk7pJrmkt1f3kns91a6THXcnNqCcXFNSeqduaF1ro3/eTTvr68wJLK98F6yIp8ajc6vC76exBuoPMdXHynll64IBUHg4xz0WjCe28RaskxliuF0CyTDqVUqUQYIyQCDkDOPbjmuC1+xa3S9u9OEqzLbWN3HekeWyuAp+ZCRu6ZycYPPPONO08ZTT6q1nrwhstQuNCVTqw+5cCKP8AdrIoA8uQqvBx179K1dOSVlqntqns4tv+8+i10XkR9m7aUk1o72bSWqaSbba6WdtN1r3NhL5kHgjTxtR5fEGqPK2SSymSQrkBz/u9cY4wORWvHo//ABRnjvZkmDxCjDCggb5Npx0bPPBzkZPA4rkNMudp8FzoWZoXvLmR1GVYMzYfcDzuYgKehJ9SQNyz8S/8Ur8QLAqA7arayszEkhpJ1IAGCAR3459BkE41NPcWj0ba1a95PR+m9ra3utTqw7h8UtG0koPXprJW6vW+/ZK5DqNnBpviC5meJpI7bwUhIYgeW8sK52Y5DEjPBAzweG+bz+5vGltPBLBWAhuY3AJXzF/fKUcHgnuOeueeACPdzHY3ura1JcRRzD/hCbdlR9/3vs4wwYnO5Wx8qjA64CkY8Y1m3WCHwRJGgj8yRcLsA3D7SvJwOTj1xgdt2BRTnFq10pctn5pRT0vvq9td9LFVKbj7yfuNt9E4u8LrXfX7tWluQ+NbTU0l8Z63p8jW5FzYRzmBR+9VtpH2lMlWBIAJGW7rjitKTXrTXNI12y1CVLDVJ9H0KCK3L5S88jBBjJIG5s5Eec9sDitjxJLLa6T43mYFo3v7IMmAwKBkzj+78pB5+hxXnuvWemzaSdZ0+QyR3eqafaKqAia0aFVYtGRyBvzleN3zY7mnTiprXpZKWt4r3Hqrq6vsvu0RnUTpxVrO75t3zK1uWV07NbWVnZaavfpbizdL3xk20oItG8OBklUAKIwoOcDOcdzj09SZrqPOuabNCgGbvygqrwSYYwp5Pfk59/UCsPTNea+ufGFjqzxRXTadY21rfyMEhuVgaMBJVwoSYdtwJPOeQMdQkRi1KwDqXC6jZOmMgsrxAblY9VYjgg8jP1DcfZ6STulFK1krJJe7frp5au1+zi4ySUbatPp7rTV2rNu7fomrreyJW01T4P1skSbm1sMyKvJSOQljn/gWep6V4r408I3PiLx94a0PTbS+vri68MmKOC1ieW7aRg+1EiQMzEkgYUdCcKRxX0u4gi8OzkF9l14gltmjZfvI8iBsfUdOc4717V+zT8PrPx7+3T8NPCmn60PDt5PocUlvf3MKywRsiIGVInUh5iG/dqwxnjOa+cznOY5NgMfmkk3TweHrYiUVfmapRi9Eleztrs9dN2ezRwtOuqdGo4qM5QVSXMlaN1J2bsn316rTa58Xfsl/DrxH4J8eePrHX9K1TR7r+wr9Fg1CzmtyVibcpUSKuQynhh8pOBk9/Q/2/wC1uXn+GkKBNreCLFxuO0kb33E5x7jnnOc9jX7q/th/sYeJ/gh4xi+L2v8Aj7S/FXgvXdDvPDVtb2FlHa6laaioEkJvI4kCfvXbaDnecc+/4rf8FB9V8Hyal8Po7cyzPa+AtPSaNCVCTebIpUsMg7ewHbOScc+dwlxVDimOCzWhG0asXCVOUWpwlCKUotSs09VfprZb3OjGZdhKOV1I0q6qYWXM4VU+VaSUWmr6WktUtbru0fnv4A0e8u4fEdtG1uGfSSQS6qqL/ExcELxg88MSMcE82W8IW7fZ4NQ1y0sy0luyu0E2CZQFyo24YAjbkAYIyGBABu+AL/T7ZdentrOcx/2UWuFyuWjU5kG9icEjGADz34Oa7JPid4JuNLk0uLwlN5k8dtAlzK6zzKYiCfKZyXjZiT8ox949AK++xGJzCNa1KhUlBxXNZLS0YtXvtqtNNPU+ZjhMBKiuapG6j7qk371krWt36O9tLO6tfn2sINK8Ia1ZaRrMl6JLqYzNHCfLKovzYLjIXgnj+HuDX3H/AMEuL2NviV4kWCaNnj8LuZ2dNhIWQkkE8DgHBOCD9cV8Fal4l0keEtXurGG5t7aK+e2ELKiNGZVKOzkABlByMscnGMYFfZ//AATAu7WL4ieJJ7ecy3NzoQtWhdACfOm2kjGBnB74BOSvPFc2YU5VMvxEprllyOTvrolDRJO1909E9L7MMHKi8bh403zK7SW60sk0ml21e+l+hzX/AAUWngi+Od9cxRiVzNZuS0h+cCyQnGCOF2k5Kk8fUj5bu7qS78EeE5o40j806pEFdg21Q7FxuJ6E4BI69+a+lv8Ago6bDT/jXeRvHNIgltVPA3A/Y4y0YbOVIfIxlTkc46V8nvqenRfD3wvK1tO6edqUawhuQS0rZQhhyMHIBxwpzxivfylL+ysvSVm+XayaulZXbstbOT6vV6nNjJyWOx8GrWg+uqtyX+Sf3q60eh59pl3It/dQJDCI0hKZGCVLYJI92J52gEgd+TXsvxNhuF0LwOoTc01oP3cf8Q2bRkjBG0ck8cEkk9vni21rRUuZ2+yXi+YVUENnDAk8rk8j+Y4OcEe6fEjUo5fBngjUbeKZZI7YrH5jFVChSAC2T1wD0PvnmvWxHNzUk46Xet942S07uy0u9Xs9bv5+lyuNSbkpa33jd2cVpdNN2Xzb8j7D/YWlaHVvL8os9r4m08lI2CjZLGIyG5xglgvXJOCQDgmP9vi5jj+PPhyRixVvEOiusJ2SCI29/bx7ijAgMAwYE4BIOcAZOZ+wnqM82pajcPajaupaTM7K65bFzCpPr8u4c9TkYI6Cv+3jc6a37RGnNMxhjg1DS538xyI0DXcLyOWU8YAz7ghvr8ZnFBTzCrGMb82EqRVo2u5Qir62vdSaa6P0PscFVb4c5HZOOKTUmr2i5Jcy21a3XR320P0f8a3kNjrOgHRdY1dUuNI0ya5uYbl8LI+nDciKCRGAf4FK46AKOa8fjvtbS08faxb3l/fmKwsYZ5mHmusbXCKxaRgz8qSBgjJK5AJyeR8QfGLwnZXun29nrmkXFpFZWfmul1lkZbLaR8xydvTA9Mlu9eZWHxxi0/SfHNppmq2LR619jghSKeKSV1SVGDbZGI2jBJwxAHHUc/zI+C83h9YqUsvc5Tr3tKm1eLqxbtZXsoq7s9UfWUczwspQiqsOWKScozT15E3HonrfS+7aTSufaWhfE7xf4a8B6LDbeItWtNIkl12OO0uYWNsryRkFdzKUJySemfU4Iz8I/tD/ABW1D4h2vg/w5qzy3ceg6DqSRLcymWOOSZifOjTJWMsQQAADzzmvXtV+K/iDV/h9oWj/AGnSbi0tp9SkJVrcXKmVSjF8YfncMdOR1+bFfE3xQ1BXlsb23YoE0eW3c7QqNIuQyoep5BJPB4PJHNe5wbwrWwuYPFYvBuhXp1pyVTlcdG1ZXfk7aStbfW5w5tmSk5Qp1OeEopct1ZRcY3fLeXXRap7N2er+OLmzmj1F7VFjMbXHCqgIwrOSrDOMA9Mk56c4Ne5/CG3gb4jWMS5WSXQ51cRqy/3AAu0DJ7YAG7j1GPFLcXQvNy28s80t0ogjjJkeRpGZQFA5JZyAAATzg4+Y19e/Cf4a+L/C/wAXfBsfizw3q2gy+IvDV3qFhHqVnNAbu1VUYSQCRBvVlw27GMFcHGCf6AwGOo4bH4OnWrqLm7xhKceZxgotyiuZOSitW0tF53Ph61CdejXcaLsnZys9LtaXXd7b6XtZJnYa34a83xM8dtcuvlNaKEZtyDcCzMVY4Bxnk5yOOM/NhX3g2S61zUbWdoXjNkrxboUO3cdvy5wAT3288YHQ16prumzQ+LtVvkt3WCB4SVlzFypKkjeBuXsp74GR8xxkx27jXbyWQ/uWs0SN0YsDnBHJzg89PQ5IHQ/reDq0a6p8qi1OS0jJ2krRs91pZJdbL0PhMdQq4eFebjJct7SfNbpy37Xfda631seR23wzE895avFG0kNzEPMgfYUVwNoQKVXcABnPU8nrUEngPU7aLUp7e+1S3SyuBGVMpkDBSqklc/Ng9h+ZBNe16dHGNZ1QLIy/6TbADnJJHG7PDDB49gx7nNKVmS111WnkKG7lJCkZyACBkjOBnjGM55AyM+xDBUZtvWOr2npo0/Lra1/yufLxzKq6ihNqUbLSSVk9E7trl3d91e/c8dii8YafeIkF+ly7W/mKk8ZSQwbcgksoIO08YJ7454rz3xTe6lc+HraK+jjS3TXy0ZjcszzFl8wtk8LngEDB+bGa+m7a1S71DT7lppDI9hKhVkUgKqcLkk8njk8jI5ORXz346SOLQ4IVK74/EbkAhQcmYYB/hGMFQCMAA46EVwZphZ0qDarSnF29yUm0/h0e9raXStqt2ejhMRTrVVFwipJq0opJ3SW9rrbfTrv2/Q39nNFl8P2yuAuyxvyoYlSxW2UofRSWwR0HUA5zXc67q0d7NbW6lI7iKGNXTJLHYw4U5wTjHPX271yX7PUaDwa0k0YeSO1nkO0tuSN4QobcOoG3njnuMV1usaNpl5Lps8RaK9EcjJJG20sCp+V1POQQOenAPJr8zxitjKnvNcrV1o7p2V2vJpdbJvU/UMBFSwFGKulyx1dt7Lrva+i630erZ5pdTL9s1aOYbS8R2upIG7cDg4yen0OSR0ANf3Q/sI4X9kT4EKASD4Ph6dQzbc8jv05Hvxgiv4TeBd6nFO5l8uOQPJnBVxLtTcBxkrhfxXHJGP7k/wBiLW7fSP2MPgxqt44+zWPglJZZSMqoVgAWUAAZGPc/QGvAz+vCFGFSpJRhGMm5N6JJw1bb7q6s76qz0d7xNKToUop88nXjGNnq21yrq73vq3bTQ+01Y9OnI4PPQ+hyDjpk9TleMmomYk5HXBy38Q4xxnB6c4zhlHriuO8PeNtG8QRXbQ3MUMlm9rHOhbAzeRLLCdxGCZAwKryecnljXaKu4ZA4BzjIHHXB9SBnHPfrjivlqVajXSnTlGcWlJWetn1aeqXuvfrfXTTgnSqUZONROD6prW9k99U7Jq++7V7aDOQp6BQeMgEH6Z7+38LYPuALxkYyTg89MnjOewGACOfU5U04nqc7QDyNo6t/tAHJ55Izg5GT8oMZPzY2kg5KsW/hX24z+g6kc9dI33s9NX20auvldW+Vr9K57tK+vuvVXctVa99WrK7tdLW701kCgkLuCn5eMcKQD24yWwPxwMjrTvu5J4578cdDuxye/QfNg47CoC23Kgk5BOOnPYDPVc84454A6U7k5zz93J9fXOOQD24+b0GKl6u66WVrK32W3rrp00vdby1YnzOzutZRdlrdXjaz0snZvXq7X6hgdgDgk5znBOcZ3EYAyADjjjHpUbKvcEgEcDB6kn2BHPTPsRkVKxQsApIJ52gA8nOcMcfNjB+bIznJ5zTMkZwN2WwuT0x1Hzc5PUDnOeeSDTUtt3Z2u3pdW36+Xnp03095Jau/uvW2uur7Xf3aaO6V49oHIOR0Gc45PJJ449z24GKCoO7b8wBB7Alh0O3k7cDp0JAHOOFIxleq47cDgjoWwduTz65OFIFALgYJ4I4BIzx04HY44x65GM8jk09Nm0nfR3TVvPu7p7667lRT1ad7tNu6vdKLvtrbVbrWzfkBSc9iD90lem0kAc5wQenJxk8AUOOQVGARjls/8BxjBJz0zg4+UDOCjBt4BOCMc9CePXOSc9ycdAPUMJ4JweM8dCxJPJ75OcE4GOcfexU8zejbVktLPyduu3yvdLR2L952f3dm3bX5PXZWsvk9snIGB1YMG+76Do2cYwpwQOncYaSSBnk9j0Bz1PUEHnOeSQRk1Bk5ViSAVA4AIU4Oeh6Hp6gY3HI5lJU/MODyCcN0xnPoemM/e688jCTTu97taN200WifZ9+t9eiVnezau93Z9El/w9293ptdwCjA3c8jBGM8dQOMYAPHTJz05ppG44BU5HIzhhkckDpwo69hj6U4dxwTnBHofz4IOBjvnpzSMuc4BHBPGRjjnP3ceoBx/Om52StG6Vk120je2trO7trprZJj5Yt3597W1s3trfTR6267XvqQMpG5RzwQM5yOOw6de5zyM49G5bjcOT/e/vNnqGIPGOCTzjjpTjjJDBmAHrycjt2wOwzn17ZaQDnJA24KKSSD0ySRyBjr6EcDgAS6mj0atr01bt36d9tvMaglrbfzuumiXlp/kmMwR0AXKkkgZxjuP7uCeAw5HGBk5XCjeMcA/eydoAwpBB7EsTjv64LU4BQRnIyMZzyQG4zjAzkjAwOoGKQsvIyM5AIGckE+3cAdO+MnrWbm29W7p2b1aTSTXlquqbV2r266RitLNabK909nr0a1fp0uBQbO+72z17A5xnIY7vToQuBhpXgbmO5jtJYcAnPHBB3d+DxnOORtkVcEegzg89AD64ySRnPYk9xSMPl56KMg8HDHIGc+w9c9Rj+9rz2jqnotHq9dr21TW19Py1cYS5t076WsrLWP4tNrXvfYiOVwvBBXJznrxyDjGRnB5yTggHINLkEnB5wMHI+p3ZPX1HOeWI5wHlQBnjccEk8EE4GCeCOMenHbGKjYbc5wMDA6rkE5BA7+mT/Dx0qJVNLWfVt9EuXVdd7tavbZLUtR1+FW1267NO1t1b+ratKEg4Kgk5J6kg888cd+c5I9txFd19cdecc8DORsAz3/AB5HWrB2jDHJOOQMjofy756/3vQVA4VQfmPYDJPAOScdeTnI44x1Hd0px1vfdaq+ztZ6bW3u9LLXVWG6cnZ3St6q10rL4b6O/a/TeN4jkrnG4YAIGOcc4PTGT8o6DccAY+am5O5grLgquMcANzkDgdOmDjkHkmnZTaecbiccd+RyOMnkEHuR1YYIQBV5OSMgZPyncRjn1+bpt4xj1Gd3UilaN76adVou9vSzd+mvWFGPNure7a9t2le66pa6X7atbyqMt8gGcHcc4Izxt645OT1PyjoOaQIM9AM8k4PTHfGeMc/Kq+4PJMYZQWLE5P8ADgZz3IIP3j8xJIyO3OacHBUdic/eGeCSdvOPX5s9OMc1MKjabvor772SWun3XWl3o+po6cX8O2ul72u0vN7avezVvJNKZ75JyRznO0jqO2AOSfbkjgQspVjg8EKdowAGOew+pznv1wvSw4BHXAJByqlSoOSDuHI7Hb+WcfNXY7SxwM9c5znkcZ5OTnGAD/Kl7WV76O/VJ2SXLdvtda6J9XroT7Na7+X4f537XslpugjGODkk8453AZyQ2M47qOqjjpmho+CSDuODznjB7DORgdwfx60OxwQCVIOBhQRtzkMp6AjqOTnoAMHBkHBLHcSPXkY4HXk5PTnB424GSKdrq1na/fondNX6XbeiSV97JXy03eycbro90rbrXZK79O7uo/LUqACc5JxuByCBx7d+OB69M0EAtkYxgLwehHX0wM+vUe3WUKCV2/MTgEdMD3yBn6+nU8EUgUKduO425zyR1HBI6DIBwSC2CCMnSMm1e/Wyb7ad9X5Pa19VYFpZW91XbV7c2iSurWaturK+/e8AGBxgHeW5zk5AyQCD/DwBgjqPcJszySuc8Lt429fbIOfXvyCQDUxQAgnG1cjPA5GeQc5z6+vcHqWMo2nbwABkjIXjIbOQoI469BxkZAFJt3TTVkt9b30strPS7e3pq0izaT5dnFX0tpyroltv6Xdt2QbHAIQAcn/d5zj5T1YHG4jI9CMZUwcZABJOdgBB6c54wMd8dO2QDU4wOBwS2eMDpjPbOfc44OeQMVCMAPly2STzgEgcqD0AKnJA6Y56nBlNuyejvq0t3Zapde/q2haWty7WtrqrJLW6v523H7RwDjlRwVwSeATuIKjngfd5HY8lCD05HIYKQT2/Lnrz6Z5ximEsQRyG42jtjr1PGSTwvC59Ril3sRgAnBIDZGQSuTwcDAzg4IAJyOQaLq611tfl6/Z32tu1bXpr1KV1u2rvb0t02ve27Ttte5EynJXgjJHr0IO0dcngcgZ6DoDUZL7uB22479MfxHAyDkkdcNjpipwMEHJAI5B6f8D5A+bkggZA+YngVIFGdoy2APmLcAH5QB1woyMZHBIOcDkT0a6WtZPbZ/1tuaRvZq/z0V72vpa6dktb3bs7taFXnuo4AIBGWJHX2A4J65OevPLgQTjO3kcEZXBHPPXGccD68Y5V4yAx5z0OM4yxOM859cdBjjHNMG4Fdp2jlTjHHBAySvfv7bvfL0t1v+Gyv1/4fTYad/6Tvpfo+ml+gm0EEAk5zlsZVQOCpwOcscDB+XOOeDTASMgBWJAHAOV2jknOBnGCeuc9uVqQ5yOmcnhe4yWHDcEY54BOKiKkEkDjLHGfTqT0OOuSOvOCOtL5/Lt/w4m3rb06d1306tWfVWK7tn7wUHkfXBxkBRjJIJJOCVycHjKbS3zEnj/gQ6rk+mPUdB2zjiZo8rk855H3d2Tz3YcAkYORjIB5OAmwgKEP3SAcck44x8wwWA7HvgD5gDU80dbp3XLrZ7trukldtaNy8yVpbR3st/WKtsuiWq29SsUIbccD5gSFII6dwc9Sc9OAOgPVwRck8kgquAcjJJHqeADjPodzMOtO55G0Z5ULu4Yjkk8jrncOo5PPoEg7MAlgCGU5xnBGW4Ax0CkjPYHINNTvazsmlpfV6JrTzSu766Xt201/zdtLff8AL18iF05YoRk42g9SSVzg5x8uWI554GeeYWQvl8bfuhcgNkHaMEA8c8EYx3HPNW2jPDc8YPGeCR6npgAKCcEA8YxkREOrEdBwmSc8+p68jBzjrk4zyTaqJJXfVdel1dW8t7q+m2mpOilq9UrqT6a6eX39/uqgnOG4UkDkknB6AjGQM9DggEZ4JwZwgKgAEFO4AX6ZHrz1PAOcZJpRvzngEA5OBjBGODtH4gnjgEcZEsYBGTySBweMhTk5Ydj0ycnt0HLc19nfSzW1rq7W19LeT21sh2VtNNnpfXbtfovnrdkBUbTncCpHHBO8Zxj3bd1PXI6k1E4Y/NxnrjPI3LkZ4Gc59+DgAbjVo/MGIU9i3PJySMDAB5xz3ByMDJNRbTkkDBHLEdQAMADqNpP3unJAGQRhKd9bNXtfutr2v3SW97PqDsld6Pqt+sb/AIXTt5WsQ4BUHH3cjHJ2EHce5bkEdyeMDpTQAc8jPAYdzjoM4yw5I+np2n+UnkYBK7Rn7wyc9T2xkkYGM5PAJiKdyNu4Ed+MdsgYIGMkg4zz2NTzqLTbdv5Xqt4/d6K3dNsha7PrvdPVtd7dU9N77roQ9z67gSRgHaPwGPXIPBPTniRI8Y25BySMAjccZ6Hj5sAc4PBwO1JtX5sY7nuCDnjoB8ueB07HjBBcmQ+0nBBG0E8sT+eOuPbH0relNTfa+qfLbZra6urPfS1vlaJp2taTdrb9HZaJpa+q/B3PCP2rf3f7MPxvdcgjwTfnJGMfuZCOMc98+vXjOa/n7/4Jz/EGw8KfDX4veG9PS1k8ZeN/FkupXOo3Mi7bHQLbRVgguI40+ZSbqNow23kjaSeK/oK/atJb9mD45AgEf8IRqaZBG4FrebA524IBPb1I9R/MH+wRpK2mu+PrmO4jknl+HUIRZosRwAatPliyg/ORwDkHnk8BT5WeQU6cqU3aPsaUpW3bVaMlpru+1uu2p7+SxjHDOco3axElq3eL9mlfXrZ2S9bn8+vx+ubmL41fEZrmNb6VfGWuPPclxGJme+nbJQMBzg4znrjGTiuAsNd8u3twbBtguw7RiUqVIbA2jIHIxxjjI616d+0QmnL8W/H22ZUceMdY859pLM32uXcQpGCNxO3dyVweBXkFu1okEhUvcbLpWxGAjhFIYHOPlHbgcexr+i8voU6uW5fGSlyrCYd210/cwvvo7LbXpve5+JY2pKnjMXKKi/39XTTW83baz0t3731MbXpZ5PGVm72k9v8Aa7uxbbKzOFRp0APHVgGyRngD3Ff0aX8bw/DDwKgIP/El0sF9vLk2KjC5IBxkdSQpH4r/ADk6xcXF14s0iaOKdU+2afsy4bCrcJlQvQg98Bug7bgP6PdT81/ht8OGaQbZdF06QoQowI7RQBgYAwfmwM9MdCTX5D4oQ5Mfk0IxbjGeIadmktKS11benRt6r5r9S8OeaWCzio2lKSoJ21W6/u7Xa7q9tep5X8R7ie3+FvilBcG0uYtEkt4NsrRSNLdkwhFZWQqWD4O3kknjmvx//bDtdQ0+TwBayFS1v4LsIHRcsyl2QFiW3HeAcM3Unk+g/U/4jSNrlppmhhnUavrFrGwUEr5Fu6yOXHBdfk6HjBwOnP52ftyaVc2vi/w8qgGGTQZI4T2ZILhEVgM8YxwPXsec58GUo/WVCSknUVSo7X0UYpK97d+l0lZbIfF7l9XlNSuqapwWq1baTdmne3bX1tofDl9p0Vtp0aop5hUSEDaXJjPJPfjnBHVu55rjNOLWsc5iVchWIDHruJ4HX72Cc4znOeua9P1WINp9ujAlyq+YB8zElBknA/i6hV9uTjlui+Frdoo7i6t5WjkVggIJAZiApYDr34zggYz2P31WlGM3a/LpbTvaztu7bt26/I+Fw9WfMtUouzb7XUbaeTSd03tuk0X7sCTwvoD7YA7uS6gru8zJGSAWOOvUc8YbArES1Ls0SqokB3LsQk7SDxkrgA9Qc52j0xXeX+ipBplmkYVngmJWOIO5VcMV3LgDJzt5AAwv8WRTNN0WeVpJmJtJ9oKmV44hgYIc7yPTBxkj8M1wVLRm3y3abVvi0SjZ7LdrRdE76NNnrxVaSSUlaytZ3bvZ77atWtvd69DkbDw/qVy8bRpMXjlPy8KQqhjuJxnpzg9FweuTUdv4b+0SvC6yLMZmDBkO4BSQeR0x685545r2DQ7rSbfT9VuHv4Z9QtczSLHOpMUcXyZOG2HAP3fvYGBjBx5Jd/EXToL2/Wxs5p7uRz5DnIOWGCwVQXCE5wFHTAz1rzZOc5OKVo7Nvzs+VeenXZtLqzvo8sIWlJN6XtrprzN2srvS972bT3tbvNL8M2dpeaYd6sv2qIliclSCdwYc4zgL65IXAzmvc7tNDsl1Ce5WO2mBUxtlGZSseQEH99m5yMe3IxXxJceLPGV3JYW0EM0Ilu4GzBCxkVGkALu+FwAOmSR+fP0Y1hqNzNdQyWd/dTNYQzh5y0SLIsPzu29lCgjoTk8DHavVyqLpqq5OOyXLe99EmnomrdLabLzXj5u/azo8sUkrrVpaO2i07N6d7abHD23xs1PRb6WyttMWa2a8lgE0znzXSV9rOCQONvJ54xgZOK9u0u6s7jx3oF1Orm2XTEuJIoUZmYsgZkwSd4BBzgDu3IwR8wxeCLL7R9t1vWHKw3MsklhaKHlQxvnHmgbcAYIbOcHHABFfXcN697HokmiaJbIz6MsUNxJKIplhjRVE5ZcjLlTuUjnG3bkgV7mV0XDH4apSotXmpSkk3fazfvbPqeFmlSM8BWpVKkV7loaqyuoxu33u1ayeqvfU7vx5408MXdhqFvZ2l888UMaLEUKoHA55IXBGRn5s8cAmvnnTfFF7a6lCLHSPtalMOplJKkn5iQDldvXJI4GAetdNq1v4kg0i6+12mnN+8bEv2hzM24jDMSy5Gcck49BxzxOky6jaNNKqaZDOg3b2dzvV8A5AxkckEn73sev6rTqTq05upCabjsoyi781+to3aXz2R+ZeyUEkqkLSfNq1p7ylfpe929l0V+r+nLnxf4n/AOEduZ7Xw7YNaxaNMtxcSSmQwI6ENgkjkEEY/h2gYAGW/UL/AIIp6P8AGXxroXx90r4U+LfDHhKOykt73Vl16zXUr27vLoBIotN3KxQKWG5BjAyQNx5/Jez8U+K/+ETn0+G48JpBc2RhfcJGuWSQ/MhLR4MnJxk4z1PUH1X9jr9t74n/ALGD+NZfhzpeltL40vbZtUmv4BM0cmnssiSWeFY4ZlYNnau3qew/DvHDhPPOMeCsVk+TYGjisdUq0Z0aWL5Y0Z8lanOV5TXLpFXvJNaaeX3/AIeZvluR5zHG43EqnR5JKUoLm5OaKSsov3k5Wv5r5H9Hlp4L/bmu/Dfiu1074y+Hk8R+Gbq8soPCtlo1q93fSXAP2adnuY9ls75GzftIwnIC5r83Pi7+0x+0L8DrTUPCXxK/aB1HSfiNo0t3Jq3g+PRbKS6MU1uZUiinWPBV1JDFDj0ODmvNv+H0/wAafCV3461LQvCeh6pqHxBgiutW1XVLeOK50zUo4gsUtksKFQkbgugJGWAHTOPx7+OXx/8Aif8AHX4la98VvG88mpeJtfjQXkqQqiJFFGIY1hjA+UCNQhdRggHIr8E8NfAPi/DY6nHizLsqwuCo0k6bwuHw0n7S8P3cOSCtFJXcr3b13bv+qcSeJXD9XDVv7Iq1K2JlKMYuUqvKk4xUpNSaWrSSik+r0d0fsp+wD+0F4v8AiJrPh/4U+BviND4c8aePfHGsanM2paOtyt7FKHe5nlIjZkmLsxCjC4HT5ufZ/wBsH9qr41/sg/HTxB8CLv4q21zFB4et9ZvtQu9DjENxc3ZWVoIg6hkDBtqYzwVbnqP57fhF8TfiJ8KdVtfG/gK8vtG8UaVPJNpWr2cSNcWDzLtcISBydzEnr9TzWl8Y/ix8V/jlrtx4w+Jl/rXizxVf26219ruoASXU0UIHlRhmLYjjUBQoGOgI9f2Sv4LYXEcVUswxEKNfK1hYwqYadJe0lX91Rd7PTl5etkrJp7r86p8fToZXVw8E4YudS8al04qDabsr3Tk73dra3vfQ/VP4Ift0674i+Nk2kXuvyaPq/wATdR0Lw9Y3+gZu5r28uZIrWFJoJw0VtFI7q77FAwSM55r7jn8VfFX4I/FzSv2SV1bRdR8Rat4+udQuLvVrFppI4/Eds+qQ3jHTkfZFAzqGRmzxzzxX8v8A4N1XxT4A8VeHfGPhyC9ttc8Nalaa3plxJAsnk39hIssDsHU78OgIHGMegbP0t4u/bD/aD8ZfFS6+Ouq61fRfFQ3OnXMPiC0tordYfsFuLeGIQR4jP7pcMSMHkk8EDy+JvAz+1M1vgMPh6OW/U3FUZJpLEwlF0ptRV2o3alreyW56eUeItDB4P/aZzliedvnUr+5Nxck7O6d1o7Wtbqfol+3p8YfGXhL4wL8OfEfjbwtc3fgGGFtfTRdNuLc3ceoJuikVLiNXAjBCsAMk4OPT9AfC3x/+H/wy/wCCbGq/GB/iKuoeL7rTrzwzpHhNrGJlSS6uEhKbCm4s8TtIshzgqQCRkV/LJ49+JPxD+J/jbWPH/ji+vfEPirX5fO1rUbtFeacIP3cYGfkjjBCqg+6oC7QTk4uo+NPHFzoNzoo1PXx4fhdZ4tFN1IdJiuFPyypZsxhD+jBeuQSMYrfE/R/wuOyvJ8FWrKlLAV6Vet7Km7VnDlcop3UlGWqTe6t0Oan4iOGKxWIpxSjVvGC5neN7O+rSd9Lxva/U/Xb4c/tC658XLPSfCH/CzvHtvbajP+401/EmpaV4e0SGzz59gIIZ0jEdwPkWMEKFOMYrD+DXjq+k+PunfC8+EYdRt/EHxH07TtJ1y0MDajEkV2rzXMU0zDe6BDIZXJaXpk7ufy+8O3+u22mwC3k1G383/SS1vcGFxMx+d0ZGBAY56/KxycbTx1fh/wAV+J9C1WPWNP1PWNP1azuo7u01K3nk+3WU0Y+WS3nBDxyDJJcMCfXHI97E+CuGpYPE0sH9XhUxNKVOnKVJJU5SVlJ21unZ36233Ry0vEdQxFOVd1IwhOMpuErOolJS1XTRb38tz+iX/gszq3inwJZ/C7wZZfFDxzdaLrNsZtX8M6tIFsrlIYoxaRG2hJglSNf9WzKemAOhH4o+Hvi38T/CejFfDnjLxfpNjGgki06wvrm3t4mVhiWOONwkfJzkAdh2JHmvxI+O3xY+JFu9x8QfFviLxe1nDFaadd69dSXk1hBGAAIpJWkkiI45GARn2J5QeJtX/stPs+sOJBaBCgtlYMjgAIMr949ySD3PJLV6HA/hK8gyelk+PWCxvs6lSrOTpQlzKc+ZO1RK9otK2q003sebnvHNDMcVLGYepXw6dONNWdmmlHqnFWvd2S1vdre/u+v/AB28efENLGDxh498U+ILWKe2tptN1LUbi5t4pWlWKNjHLIV3oJMtJgMCAefu1+9Px3/ZZ8OeE/2AfCXi/wCHHi/V7bVwnhPXtZsYvGVtcWfnXZBu57HTI7piLmMtu2KhKFTgDof5Y9N0bVZLu4uU1W5aOaRjLGdy7c4JAHAV8kEFAGTHJBOa9Li1D4jRaZJYN4+8atocECBdLk12+m02FgSUEdkZWgwg5XCcAnACjjj448JMXnbympleIhldPK8X9aqUqdNOniLKMVGUIyjHl3unzJX15rHTw3xzh8CsTHFc2JliIqndtOUPei9JNNx5ra2astLNtH7sfC/9jrUfitomt6jqf7SPiWySytrS5sRrniiCe01C4u7MvNo8scl2TFbwkKhiIOQxBGK8Z0L/AIJt+NviZ4e1m38N+NtP0rw/4JvWl1yS9uLMnVZbq7ZZrrSLGNypaNAzxusZc5Zurcfj1Y+KvFtut1Y2vi7xXbWpuBPPJa6zexxSyFQFcxJKAGHQcDGPyu2HxR8e+GvtlvpnxL+IEAnXkweJNRhiJ4OZEEyjI67ipHH1A+Do+BnGdWrLEYLiTD0ac6ynyvB04ctmnZWu3K2l7NbNre31b8T+HsPenWyqrVvBQj+/as7R97VdbJ6abLQ+/YP2b/hX8Pf2xfD3w98cfFPw/b/D7w62la1qd5rVskWk6qqIsl7pFxIvHnyspSVeqrwR6/oNqH7fnwj+GP7SnhjSv2XPhr8LovCos7HwxrcsViU0/X9baf7PAysYwHt5CysWP7scsSMZP8xXi7xRqniHVJJ9a1nVtVm+0GeW61G8a6meRwMs08shck8EZIUcE56m14YuNSsLo3tnf3lps2XFrdJMTLDNGRtmhwxZHiP3GXkHoQK9bMfAvFZzThRzjNquLdPBLDSofw8NKvHlbxDjT1cuZ9HZdVsjmw3iZhsJOVbBYGFODrOfM53qqm1Fum3Zpxa0bave99D+1z9vz9pD4t/s+/APSvHniDRPhLbWvjW/toLV9H03T7280ea9tUlkt4/OVmnjt0lX54ckN8pOVr8qP+CY37WWkeBviH+0F8cfHvjrS9Jk8OeBZR4a3CCO+8TX2oz3HnWdtA5BBAYKscQ2quFGea/Enxj8VfiZ488P2nhvxV8Q/Fni3R9NaSTTNO1zVLq+tLF2QJ5kEF1IyI4AABABVduOOK8YSLVbeLy4Lue2SB/MdopRGr/NkKxVxu4IIPIJycAgijhn6POVZJleIwdZr22Lko1cVRTU1TU6bUIyk5O1ovms1e93d2MMd4rYnGVo+xpwjShd+xnBcrlKyTly72urPTS17rQ/Tz4vePfC/wAVPGOt+NAqT6j421TWtZvF1K4WIaeZy/lbULqECqQ+1fvE8jgCvkbTvD2i6er3NzLpV2txLdAtLFG0cfzMFYHjO0DAJ69evFeHyXmrT2cKPNP5swnxO077lXZ90HdjHIAX5eSQRg4HR/Dnwzq+v69pOkZubuAE3N0POMkYg8wB1Zd2BkBsAnOCT0JNf0XkuUUcuw2GwNByccNQhTjKTi2kowjHVW1ai3fXdW8/xrOs4njq9fFVYqLnUk7xT3k4PbR6u7bTe+ux9R/sxaV4Qg8ceOp9Ul8PWtoRZrb/ANoJEIZw5XcYEk4VjwCRzjk8DcPuK6T4Wy2ghil8Dx8yYd4rZdoGTlgSScEZzyMEMvIJr50+HnhDw6fHniqwudGsnit9P09YVEKMIyEUNIUwcseeQRgnPODXtNx4Q8IwRyI2iafMXJQGS1QFAeQQMY4J4JGT0ySefqMDlKnhpOai5Oclf5pXacr2vro7auyWx8tjeIK1HEQp0nUtyU27aK6jDRW0d0+zvd7l6eX4ZW9oq+b4EkVZYwzCK3CjJAGCSdxHG4dPUA4x8fWmqfD2x+MPxIuLh/D6WDjT/sfk2XnQuojTeYVjjYKoLY3KOh9c19Oy+GfDq2/2ZfD+mEB1Ib7LGCwz33KpZcYBHfI4zxXzZouj6fD8VfH3m6ZZLDHb2ixRi2iaOFcAHYpXC/3uMEbcnABJxr5bKjPCpci5qtr6+6rJpavVvydm2nbo+7L85qV6eMdRVmlRTV5Llup0+j2b6y3s3d7s9L0zxf8ACK0vZZ7m40uSG6UxKP7JkZY3zwWzFuBHJ5wPXGK6mH4ifBuyXVbabUfD8TNptz5Ez6S+4SGJgpXMeFOWAOMZOD6Y4W70nTFMS21tarmQlN1tCS3BOMFeoJwDgE5A24ORR1vw7pr2k2NNspJ5LC4WXzLSAFf3UjAqSg6En5uhA4+7xtXwkuWScqa5LtO123JW0Slrbp/L1uzhpY794pRjWc/aapyvG0rRcdN+61vtbyT9k7XvhnZ+JPHV94vuYJrK4ullsZLWxd5pbYTKWMbpGWgUZ52YbuOmD95eI/jHpc81xpnwo+I/xa8CaJJ9jjm0vw9q9/FpkixBfMnCSyK2+Rxk/LgAnORyPxy/Z7n1E+KPEenQAiOGe4RpY0UgATFdnHCqoy3Yd+K+0HtNWsA80GpXHzFQF3qhA28ZYNxzwOBjHP8AFn4nG8L5fn9CEMY1Upxm24SjFptSirtSck30UmuvW9n9XR4oxWS1Jexpu8owtNXurqG6fb5Xtsr2P1H/AGbP2ztD+C+meLbLx34G8ffFXxjNp+rJ4Y+IOueK7htQ0eW+iljhSygknKxeWzhiUAJxjGMGv52vjh8RdRuviF4lvPEeqXsWtX+t6xqMkd8UllSG+upJkjlcEl3ZWVSzHcWyxJzkfb0dxeHbc3OpOJwhVY3mdQp4O/O7oVBwTnHv0r8z/jFp0fijxXr2qR3sMuo296LUQ5aYybcjdvGV9QRjPYAjmvlqnhtw/kVepjsFBRrV2lP4UlGLi0oqKXKrt2itHfXz+kwHGmY5pSeGxDdOnGKaaco3UUt7Wu1dO19bPbQ4FvGVncmaFvspJkeQzyxjzHYEEZ+U5BxxjHTOCcYv6V4ytrTWLC4N+6wxO2VtnEKq75DJGwKkBu5B+YAjuTXIx+BtRM5klRdpUMyrG+WOTlQACAOcEdevTgC4nhC9eZFFluKLkeXC2SDkZORg465J6Dvg46aeXYaVKUJ2SsvdvFXfu20d1rur3b8nobxx9WKg4VeaUXdJytLeL+G7etteZt36Xvb3aLxJpeq3GhKuqyrZf27ZvqMk0kckdrb/AGhBKI0c4Zo4y5YtnOSSRyK/Un45/tS/Af4Y618GdS+Ctxb+JotH0mC38Y2umzNpsJeC3TetyttsikuriUt5jrkllG45Ga/D260fWdMa2jTTZWSR2AEgAJc/KcImc4xnkZyRngYMq6JrIRYl03y3ZzIyMj56gkFiOeT3xgj8vz3iDwzyriDHYOvi6lVUMIq0fq0WlSrOvGEXKpGzvypKyXXW61P0Dh7xMzLh/AYrD4WNB1cT7NOvNOU6Sg04qPRX0TumndW6X/YHxP8A8FEfAHxDttO0u88M6l4ft7fWk1XUbhLozTOLYMIYYDIWKbtw3MByGz2wPHdB/bA8J+DLjUIdOt75rXVNeutVkcXILvDKRsimO773y535BywIUDr+cNz4W1faQ9m8MjNxtiYkg8E5wA3QY7YOSAM5yD4S12N2lNjI2Qpw5IY5PZRxyccdvc5FYUvB/hihhXhY0ZRoza5oJq28Xbvo9rvTRdRV/F/iZzhWhVpRqQlpUjFJrRXT1s3a62e+mp94fHH9sPw/8Q/DujaBp9pe2k1n4mj1m4UyJJCtqhOViRjhp2Ock8A5xmvjXXfEfhrXmuls5dVeS5vJbvdeGJTEWIbaAmAF64GcsCAAcZrkP+EF12Z1nlspFZZAAoQEEk8Z6kHkgHjjOT66Vj4O1OK7MstpIwBKhCoC8DGSFzxwc5GByQODj7fhrhXLOGaCw2XqUMPKcpcrndNz5b6X02V+l9drtfIcRcY5rxRVeJzOSq13CFNShHlUo6JOyitt9fVeW9p8+mW8cUjSu7JsBPlgsOTnGRwBkknJGR6gV98fsIft2eJP2IfiJ4m8feCdF0jxI/izRToGo2WrzvAsdsh3q9vJGweNyxJkxjKkjGCK+CotA1KBJd9oAWO1A5JKDBIPHAC8YOe68HkjOsdDuI5nW5WDf5rFCMtsUnKn5TjpyQeevAzivbzfA4TM8N9TxMealK0pLazXLZNtejWiTs3e585k2IrYavKvGD1Ti73SaaSd3q7NP537n7l/ED/grX4r8efFO5+MN14U0bQdfOgro1tb+GrySygt8x+X9qlZGVrq5YECSWbJcLgnNUfCH/BVfUfC3i34V+Mr/wAPX2st8PL/AFTVr+ObU5J5NXutSR49253JUIWAUA8YAHTB/F+10J9ruZrRkZioVg3TjHJ6ZyOfYjmtaDTswGJksRuYjcZlwq5z90k4JxuGByGzwc1+cVfCzhCrUlXqYGlKpOLvUck5O7uves73bb0trbTe33MOLs3jBUabUYRhyRivhUbRTirxatoktVpdp31Ptn9oj9tLxB+0Z4zbxRr32nT9G0651CXRPDUd9J9htY9WupLqSVoi+Guv3pVpCNxGCCMgV4p4Z+Nl94akvY9GNxp8V2jRzCK+mgEkTknDNG4IJ9cFgemCDXg8FhArESXWmKElI3NKASAeOQSQuSRyRjPX1WW3tyjuLzSl3SbWIlX7oIC55Hzcc57bSflr6LBcK5LhMuWX0MJShhVHl9nFQ5Wmvev7urkr3d9XfTTXx8TnmYSrqvJN1ea6ndppK1mlFKzsrJKyelr3Pt6w/bv+K/h7wR4n8FWcui3Vl4h0w6VLqGu+brd9aWLFlZbF7/zfscu3gSQMpAA4zkiT9mz9svXfgJqVzqcdhF41h1awltL3S9WvHXTdzKTDJ9lR/Lk8onIV12sepziviK5s7GSAIb3Sl/dHkuvXnB98nkYzx2IxnFsraxRVMur6UVDEELMFIC8FVZTgc+mATgDO3A8vG8EcO4jLq+U1MHSjgcXJe2w8EoRqO8btqmkk7pO6S1s3rqehgeIs3oYqljozf1iirQnJNtfClf3e3ld+R/RT8FP+C5h+F2u6vqviP9n3wF4nfV/D50Z44rK2t1ggWIRxoqRoFZTgNKuMOQTyOa/KX4tftqfF3xlqfj+Pw/4t1jRfBnxCvtWubjwOdQmbQdFsNRvmu/7N0q1DmOCFS2wKqqFCsAF6V8dwnSWlcnU9NVQ23LTAkggjIBJxuxycHnB46Fl7LpJh2/2rpSFJFVX81ckD1I79sg55PYivIybwq4MyLEwxWDy2lCpFJQ9pJ1FBJxd4KalyNtau/bbVHpY3jPPcwozjWqyi6zi6sqanB1FFcqTsraXaSSS8m2fSvwN/as+M3wT8I6n4S8H6tJY6Df6o2pzW8d5PG7TyBhnekisysWO5DhTnJFelar+3l8ddU2peahFdMsaRhnu53eMLhlKF2AQ5AII9Mll618fw3GiCGJW1bTECxgMAwbcTggnHvkrjpnGccUw3Hh9bgOdZ02TJHyBwMEAjAKjcMjAAxnOOex9ytwDwbicdPG1srwVXGVXeVeVOk6snywTblyNuySWm2lt7Plp8W8S0MJHC08biFQjFQhTUvd5fdaTsnv6dXpZs9i+In7TvxR8f2FpY+LZZ7vTLHVItQht3vpXjmuk4DyKzkE4JBY8jg4AzXm1x8W7q1Vynh1RFcESv84AbgKxxngliCATjuSRgHBuLjw48kLSatY+WspLIZCwwvY9/U5xnHy4wcjN1Z9AuUSNNZsVt3DcJjchJPIYkfKcAegO485zX0uU5NkeUU3QwVKhhqV0+SlGMYpvlvdRilbWzdk3a+x8xmWKzHMZe1xblVmo8sZN6r4W0m1bdWuvR7a9yfipHcwRxvo00BDCQMs37sFXVlAwxG1ioyRyOeCSQPvnR/wDgrJ+09o03w+1Dw3qWh+HtR+F/hePwz4Yu7O0ty40+NBGv26OQbZpGUAu7BiSehIAH5c6ba6DA02dat7hQ6/u5JvlAxngFuDyegHc+pN+ey0V2Z4L+xAeMDcJshCRwcE5PXnnGQe4rDPOGsgz2VH+08JhsZCg06Ua0edQlKKi3G6tdrTo9+uxlOPzHLI1vqaqUXVioTtK8pJ8t43V015aW0ex9YfHD9uL47/tE+K4vHfxT8ZPr3iq1szYWl9aQR2zWcK5VIIEjwEjGSCq/KSSQo618h+Nvif4jklsL/U7ybXrhY/s8n9ouZZYoUJIjR2zhI8nYM8DHy42imLY2NuqLDfafcSOxJbzlVwPVcHGV9iOAxHQ45zxRoEV+toYbiKWQyOzCPDJgjheCRggcAkE4xjAJr2MnyjJss+r0cvw1Cg6elOFKMVyX5b2dt2279dWeXmuKx+Lo1ZYqVWcbWkpXdl7vml9y0s13Ktz480fUPL+1WEtpceWNzrgxZbBYrnJIHUYH5Hr6T8NNe8Ox+L/D1zcXtn9kiuALg3Xlp/rMbBL5mMKeRztPPGOK8RtfDlxc+d50LR+WpCPgsDyRuAwNpPPPHPGMgiruleDLm71OGAkSxupll8kEusceGLAqc7lGSenGeCCK+2pQqudNxtKTlF81tVbl1cXa7vfXl6dNb/A3wyhXfvRTjJXsrNK28X62vbZ26M+tfF/hvw/e6tql9p727291LNOJLGaMQiRAXRY/L5IbcQQxPzY6nJHp/gvwB4v1e205fCOrX2mXcPhuOdozK+2WQzS7RIQfu5GMMduBtyM18C6p4c1+xu1j0HUtTjtmlchBNKirImFMZRyASMZ3YIPGCRX0r4C8a/Grwbpmnaz4a1Rb5zp0tleWs8SSqLeFmxGxYM2/gkY+br1GM/UYSvVoVIylRlF07Nyov4lyxf2bd+jX4HzNTDYWth6kHiKThU5octayjHnila0rxcfPZ/ff6S1dPi5aSaHb+INOt9VuNJjdZUgKR3LsFY7mZciTcpVsndjGGDcZ+Mv2mfFa67q2gW82nzadqem2ssV7bzNvIJdguB0IA5Jz0HB5NfTnh39sO2S5hg+IPhC6tL1Lea3n1O1RnieRk2LLJ5gBQADIAyRjIPOa+Sfjb4g0Lx14ph1jwxcw3dm9hIskjny5VmMjFhKr4bcoZVBJHA3dOaWd55LE4KrSdSrKMpx9yqndJcis297X0u773ehrw5wvRwmY0cTTpUI8tOajVo+7Dmnyp6Qbg076WV013uYvwgmb/hJ/CAyvGv2w28qQDIpJY44zyBg8ZHXv+rF/pVp9sjeZAhOZTgb1JJJIc8bcg9T047g1+Tfwqguo/F/hzfgBNWilhZgCHaEqccdAWGDng9a+5NZ+L3iCzu5YpbWyjliuJYkDfeZASAAmMkFSDnAHOeO/2fhVnmX5Rh8wljIy5q9ajKmlFyb5Iq6fXXe3VJ6pn5v48cJ5vxFWyaOWQjNYanW9o5zUE5OcLJp6NNLSLVnZrc94vLSHdGbdSSrozBAqKeBsYEg5UYGVz1GetWZkmkjA/dyTF8FWJ8wAnrknp0JGAxPU9a+X7n4zeIrWKWRBZqSWZmaNztG4kAb16jvk46cng1z0nx08aDEgurBFz8jvCAxyBwSw+XB6/gByBn9lfHvD8FdKs5JK0eRKKVkl1XXq3631P56XhPxdVVmsPCMrXl7VWily2VlFrrra1rM+tLuzubhYpCMyRSKVhVTuXHJYN6g84z19ScUyW3mkdS0ZQqSX3KxJBwMnOGbIPIOf73POfjiT43fEG4dn/te2RFJCMttH82eQv3QeuMg9Sed2MVPbfEP4laiBO+ttGrDeAIkDMvG7aEAbA7bgOoPQHPNHxIyWk5SeGr2a2tTs+XlS15tLO9rK7T08vQp+DHElSFOLxWGjytXjepJP4XfSF1qlstU9Xrd/XF1a3A+WGN9owwIVgAGz6DgL6n+Ibh2FYdxY3RLx7SFHPzSBQcjHU4ADHrjBOcdiK8Pt9R8V6qm+68U3lqkds8sphUgImMhXKnHO3BGepwODz5pfa5qkklw51rVHgh82MyPdOiySKrFW+8CAMZyARxk4OBXjVPFjLKdSpRoYOtK13rOEfis9tbrVqzvc+ioeBWdVY06lfMaFNNRjaEJyaTUU9Hy672bWzvfdP6u3CzuI5TPaB1tnQQechYnDAZyckYBPTGOcdQcmyv47qZmae2j2owZGnTaW3EMVXdzgA7s4HbHTPz78KpdO1+W4vPE2qyQwww3QhkkvJG8yRGOQxZ8gYAOBztwTnIqX4t6r4I0i08P3nhTVGlvJo54dTtbW4kaOLa20T7ySSz55XoDwN3Jb5fE+LlOeLUI5XUlJSab9ouW9o6uXK7PT0fo0fY4PwDxEcI6lXOoKDV3GNK03y8sb8rmr23a7ee/0bHqVkJpVlubRQq5JS4Ubs85ZVPQjAYgHAOAarPq+liKNTc2oaKTewa6jyFJyoQ5xg8/Lj1x2NfAOo+IZLm3lfTr7UGMZRWzNKCdxPAySMfMcDjAHTPTCjvNRuGMEl1eRFICy7p5TknHGS3AIBBznrnjgVt/xFmrCyjltN3u05V27/A2r8r29emj6HNDwFw0m3LOqj1e2HXu81m0m6lktNdE77K7dv0sm8T6IVZnvbNcshUNdxbsYwfmLAAA5IwenTnFYU2u+F57++lfVLQv9j2GEXkYYghQWB3YOAB0IJzznnPwXMbi6tjbiSZN9qJRO0jlt0anKktggs2DkDsTnLCuMkt9SFvNI08okDRLGqs6u6bsYDdSpAAYHkqRntjzcw8T8ZiqTpyy6jaUua6nL3Xbe6W9m9Xdddnr62W+CuBwVdVlm2IlyWX8GDs7XvpK7vp5bJ6anvXi5bO4u71re6thD9ud4zJOhaQEj+JWwQMEBT8x4wCVrnG1e1tbhGa6gKxxKFV5VYMVIBCAFiDnkHBbAGMDlfn3XotSgZSZpiHETeWHfYjMTuLAkgk8EbjgjBzzzZ0/T57trfzJHZnkXd87EjaVypBYkk5OApAyDg8ivymtmjrYqo3RUHOpzu0nZXktL6ptXerW25+64bLFQwtKMMS37OlCmrq0moKKu1zWv8+m1rs9c1bX4jfzy+bBtdUOzcCgbsx4CknJAOM59BgHl77WYpCrh4vLUbeSSGGQDgDj5QTyByBgjmq+o6IwvJoPLkViYdgOTxhSOehJUKTk9CO4BrJ1PS0tVt1IdTJJgHBwRlRjr90c5BBPTIrGWLq6qEVGN97ve68rX113XzKVGm+ROrKTtzWVtHePm7Jtpdulru53Phy+jm1i3jt5REXjcE+WNuAuTnPXONoI9OMjp+9Wn/Hn4u3X/AATu8CeEdZl8Ea18I08UPo80dwQNft7fSnecIq4DhEkckEjauSeDyPyd/YV+HXhv4h/tU/B3wj43mt7fwPqXiXTP+EnlvVmMDaSsoa4t5HhVpYhOnyl07A84ya/qk/4LJfD39mb4Q/BP9nzRvhnoHhDRfM/t5fC+g+FQ0dpqzrZhUl1uJVUTSSYDCe4UsXY7skYP534jZpCWX4TJ5U28TLEUcbCTaUeWDdNwhHS7bV+65b9bL9U8N8qlRzHEZvCfPS9lWwdSKTTjNxhU55PZwiopK61bdup5N+yV+x9+2Vf/AAD+HPjj4H694V/4V149W/1DRvCun2dlcaxGLi4mhju/tF7lLW4Vh8rAjkZJwSK/P/8AaV+DH7Tfww8er4M+LvivVrttd1+8sf7O1bUINSQ6vOFaE2WnwyyWoktw37v5DIHACg4BP7k/8E8v2iv2iPEP7G3wd8KfDb4NeFNA/sG2v9Is/FGratPb2t9f213PODBDbt5hQ5KFVBQ4wOSSPg/9u6z+Mmr/ABi+FOqeMpPDuo+NfEfjrZ4UstE0+68u28SQIglMpuo1NypcFVJzwN2OSa/GaNaUcVOjJUnJV6jlOdFJ80YTk0pLVNNfE9WlK2uh+xyhOtRVWWIcabpUVClCtG/vOnFStra62jdPmej3Phz42fAfXm8beJrCDxLq+s32mfBvwtf219c2sFlPfXBmWKSzbhJBFbSK0QVRhsAE8nNv9hn9liy+LqftB3evatqulQfCGDTtRl06ysoZDe3V1aJLdT3buAsNtaqxlLA7iy8defcfG2jfF6D4j/FHxL4ytre68X+EPhJp9vqjea0Gn2i/2vKwT7AdsbtzhmRD8+cYya2P2H7P4i3HhL9sXxRomvwaVp3ib+wtL8RCzh8yO4S50+LMdu6jjcr7HGQd2fx3r4um8JVdbMYVYxo4S9PDcqlRcpU0k2lJWfNsle13vZvqw+XWxOHVCg4VJ1sRF1K0nJTjGndvW3vXX3rV6WPQf+DfHTrNP2y/2kzZSfaLe38N3Frb3WMCe2h1qeOKX0G5QCR3OcDjj+rXxQSt/KuOSuRljxjpnuSB8uRwf4eOa/l5/wCDfTRl0j9rD9pbThGyNYeGmhUuBvdTq8xMrDqd27dggY/A1/UP4uAN7Iy4UlcnpnAZR15yc5I9jnoAa761RSxMrPmhyUbNXvZQhrK1t9r237WR4OEiqdKnzRtNTq8y10ftfeStqknfq01dPTU46NiXPGAGBYAjDcY9+vQ8cd63XfNoRxyRjnHC7hx9ScHkfrxzseC4AOOSOM8gKcHPTJ6fXn1roAqGzRxjJQ4DA7TggA9TwM7T+veinKz2b0trd9Vskr72OtpNJttNtemvLpqlppd62et7nMSylX25AO5jzjd3BHGD6cnrjjvVSR3IGMnOCD/vE5wV5I5OcZzwDwas3CKzZxnLHcee54AJOeCD6HHGeeaZTJK8lTnjPTHTA5wD1PA4A5AFCbf333d9o2uut/N62vdajUYNaN37X30WqTs132a7N7jA8hZgegbI3D5cDOD/APq/oaUSElSMA8klewYnAIY8jgdBkZ6ns/y+AMtk4CggjknoD1OAMc5A5xzzSiJcLkEZBXIGc55BI6dAMjn64JFHL5X7q1u17vs7WTjs3ppewlFPWVlfZuLS212v06u++xGC3A7sTwpzwOATjtg88jPByBgFzAMCN3zN3wxfJ65zgAZ4IJwPfFSrCgIODnkk45CqTgZI5B3e+MZzjOZViBzjI4yO+7uCzcnjrjPc59yyWjT10vddo31WttrJ37btkuUIpJWe19Ndoq1000rb7atrqmQ7eCAMHGGJJwcA44xknI4A+nc4cisQrY3EAnOMckcE45x2Kk9GI6nmUpwg45B3Njd7gnjoOwBJ5IoEWwbdxbJxjJydpBByQMkgYPPBXI5xVLXTSNt9lbZrVX0te+lrrWyYlVvo4vtdXV9l207vzv5JSqgU9c5OMD1IPGTnpuGBk89xxUyKpJ3bdxyEzxyDxgtgDHYYwSeCcVWGFIKk/eIyOORjb028EH2JORzT88g5IwRgDB9uc9h1AB4BGaj/AORuvujqtL3Vrv0sr6g5XVldJ6vRaWta11dbXfYtAqCRuAOdoBHU8ZyOykcAYwPrmlVhjBJzj5jg+pA989OMDb0zxVQPtG1iMbQM9SCOcjn0+UccEdQQMqJlJPAJwBnncQCBluDnLZ+XPoCR22i3pb5X6d+uj6MwlC99Fv1a/u6ee1t91rre94NkDDDoRkYBbjIGCcgnpkgFeDjkUhkGFzgkEAHIJByMgNnk4zyAPQ461RLoQcMACMDgkZyeRwCCOfUlQCOhNQs+OVBIGcEcAgAYABOM9MdjnBHXCcnJaP03WnZeTVk3r+LKhCNviS6u91f4Ukt73TSty9empq+YB042knPy4bJyBgnHuB6g8ZJqtLNtOQ4bAwN27ntkgHofmzntjgH5hQMwO8HPQgZ65Pc46EdvqPc1AZAfvZHB5bueOnPJPoMepJ5qPaNWT01stbWa5XbVJOzfWy0S30OhYeMmrSTV9Hpt7t7/ADvo9FfoWnnw3JzyeehJyVAyPfnPbAIIHABLgtuYZ5wWxgMScAklgc8YJ+nJzWW7gHGWIwPmB6HcCw+bHAHYDnABPSoWmfqpIz8ykkckEgDkYC56d8noTjJ7T+7+K1Xbb8XfoXHCxfwrZWbVlZe61o0nvpfut7qxtifIBO4AjCkk49+/v0J5PvzSGUDPI+b0HUYORwfujnIHOepIGa543DnhgBgE4H97OB3ORjpnpwcdSXrO7Y5IK4yRzwSwJPOCc5AxwTjkdnzu8Ve97Xs7W0i0uz10eq2W70B4VWu29LNLy93lb9bK3/Aub4l+ZQr5+XsPl2g5x091HTgcg8YqZJSB0OQMnI59QACDj068AHHJ5wDIVHy7sqRxnBAOCT97ORwBkjbjrxmpzO2PvEZAYjJHAA74J78+mOoxVKS2T629XZS7dbXtqrd1cXskuW6ba5U3o7W5e/5vTTba/QCbJIJBCgnPqfp144z0J9+SHCdQCSwBPHCnnrk4zwBkDBByCQM54wlnJ5UYOAcbsqOMHdnHqc5xk54FSLM2TuBzhcHOCcnpwDyMH2YcDpuDva6226W7PTT8rLTfQxnQdlZa3S8k7eUdr929rdXbbWTJHzAHO4Dkk8HPueeg7dxxUgA2n1H4Hnrn8D/DxyffGaruOTnPyjGNu0DkkE89hwf/ANdxSx6Z4GSOTgAe5zznk9eh5PFaRkuu6SV7Py3t1T6vv5swdKUW0kvVJW3Wzas+737tpJ2tjIC5wO31Pp7npz+Wc1GzYBxjlugyRj125yMjoODx7DERlY4AAB5IGc45PUDoATyOp6g7c4iZ8K2WZs7RjO3dng568A5zgY54GDmpcrWfbSzvvdXXZJJ9ktG99SY0k2vN2V+usV000v5+dyVpW5UAAjB5GPlOOR95SG4OBn361D5jAHcwIGcggDaMYySDnjjA5xzu4INQO/TBUK5wAcEAAgnpzknnHPQHI61VkbJKg44ztHy55wOOnJHAPIxxnBFTKppaz6J7X6a6taJ7u73O+lhbWct3ra210nra+vy11Wr0JXlJY4IVQBz/AHmKj5cnGcHvkjI4J6CpI656naB2BCnkk+h55yeM889KgaZiNoHOeMN6djngY7jBPH0zVlmIB5IyOBzzk4xgdOPywOCAcQpXbd/N6xunpq7Xd7Wd7td7HZGmlFK1uq93faz7fgnre7WzppQQM7c59eDjvg5wRwR0I4IrPeYLn5gTnJLcEMWxtz054+XGDnoOzZmJJPzAA7cAgcY5I7A+memO/wB45U0rsT129OMZ9T1wTgZBxzzgY6h+0fT3o3S2v2eqa8915bdLVJSstb6du69dn9xeMxHBY4OeRnAJxxxj2HTp3PaNpzyA/BwCMYye/BHOOMn0HsQM0yvtbrwQQSefyzjA4PXPB47ms820nJyMg98jOO3HAGOmc9uKale7ad9LdLO2+nZ6W++z0LjTjezS2ureq76rpp2lqbRuFCnLnOMEkYOOOhxwAOvPQN9KqS3SAAj5VAXGRnocYw3TP3Se2T0rKNwdpYlmweAM8Hr6+vf/AOsBA0rMWzxkduSQozxnv19/rgVSvL3l3Vru93p/w+nohSppa2T2Tuls7XWlk3u9r6bWsaJuHyoLEg5Ygjj1UdcdsDgsD1PUCIysW+Uk5BU7cDpnA6YPcDqfQGs3e/DZ3E88H7pxj5skZGMbvTJyTnhGeQAjOWAOTuxknsoHGB0GcE4zznNXbVWfay7JP8vmr2SuxxpK3e663f8AKldtPstlbTdal8zscDIBx0B5ODj8z7//AK2tPkAHK9ipGeMdBtyCc+5O3J6/dy2Y4HDDBB4GM7jyxOSMgZ2hhn06cN8zLELkA/J97oeSSexPsPcc5NXdW29dtVpo7aa2vvb0IUIqT01bTel9b731S7rVJWuW3lxwpU/eC84YLwPlGBjjhSRwBwc9FSZzuB7+vJIHTJ/L8eazFLOQCSSS2AONwB5OcHJx7jON2OeJBIynGFGDtOSMEAYz6EggduvfrT2tp+F1ZWf5emnzOarLpHpazs7OzWtvNLXTtfW7Wp5+QRlQcfiACARgdeATnA7Dnkg+0nAwQcDjBOT1zhj6+hIx7c1m72YHoAMHLdy46E4PAOMcjPPPOakK7sAnGRjIB554wBgZ7cY9h6KMrPW+jXRabdlu93btv0MFdN80l007Ky8+t9Lu76l9Zjgli2c43YOAcHpzyAMZBzkHk96kMqgKTk5QnjI59+Opzn149ScVI42xyTtBJIJ4YE44GSc8+v19raxdcksAOCM8bsAYGckn0/8Ar10Re3VaPXS97b29Fft0MnyuTla22r80lf07DQ5wCSCGx0J+UnJGDz1H04Pcc1ZiJcgfPwBwfQ4HOM9eOMc57dAwQlcHJIGTgAYUHp3IzjHByRgYAqysfABz0IHchiRkMxI2+x55x9arRJbPdta9Ukk7Na3V+ltve6w1ddG5LRt3dt9F3t0031d9R3JBIJ7E4xwBjByDyO+D054A4puGYgjPzDA6ZBbOctgdeMfrUiKAAM8MSpA5PB/I5GccdBnkZNP8vAVVDMOWOGKr+IPAAOfQEDPHUOLj18o3s1/Lr0Wyb2vfTe7Ux93ez1793v26K3XTyuQqu3dliSBgMflJPuFJOOSxxxwMHjFLGVLYySeGDEgqduPT6DHrgZGQBU3lkq5GAMLkDkEg5wThjt69cg9zwAUVAGOMgnHsMEcYI5GPbrwSR0FKV9N3rZ7J2UbLqu/X8LGc/e0vtbbTovWz7rZaPqeP/tVrn9k746q+3DeGJyScsAWRiPlxkDAHGTxnpzj+BD9pxHWTw/GCmCl1IQB0wnAKnjcehG3gjp8ua/vu/awGz9kz455IGPDErBjzgkEcAEg8gcZxxxX8AH7Sc7nUvD6ks2La8UbuB9xsk4x0BUgjOBgnIOV9jJfjxWmraV93rCOzfRbWW2zV7X+Zz+8Z0HdqNtNFb413fl07n9a3/BHrULPR/wDgnl4N1LU7m302yivtbc3F26QxhQXHyMxAYkfcRSSxwAMEGvpz4ofFjxR4006cfDSxOl6Da+F7lb7xvrcEkcTPbq6tHpVnKqGWVip2SSqYn4KkgjPwT/wSy8K/2h+w98I9Q129uNXsl1fUzYaCSyaXaBpJAtzexDEc+G+YiUFFTrk5Ffa3xY+JmhWvhLWPBHhjT7vxj4o/sWaGXT9Bi/4lumRGRhm81FP9DhSLcFaBZRJgFcZwp/ljiNt8UZrCnHnazGtzSfwwi567aafzSai2klHXT+h8hhCPDmWVJycV9To8qTbnL3Ivl2bbeuis7PfU9F/Z88G+GNE8LaN421+9/tPWX01ZdR8U+IrlGeOSSctutTcv5GnRgZCJCUUgYHOK/mu/4Kq+KfBmuftkeP8AWfDtzLrk1rpmlW52qwglvI7eJjtkPE0IUrmVcqeoJHX97vh38OvFPjJPAw+KerR3HhzT7GOS3+H+gXEtpoUZiUSW1xq90pjuL90YZngm3Qlt4xjIH85n/BRRNMb9tH43mCS2hsrGXSLK0h05UW1SKPTIFEEKRHaoHC/JjJyTxyfqfDKjTXEmKqSqSqVFhKvMlZQipVYJQvJq/ly2jsk3pb5vxAqy/sPCU/YxhCWJpJc3xu1Ny5mlovR3f3nwxqUV9q0djfXlx5fnttFlZkRxxruOFOMM54AYMMnlRhsCvTfBt3Y6Lq3h64vHiQ23iLQp5mKj7RFBDfwsSg++6CPIIzhiCM5JFO8GeH5tftJdNOkyRwwJa3L6i/FxGk0yofKBI5OVGTyWPuDXoV38O9H0DxRpUFzbXdw8mraKY5LpjuZXvIQwdcgcgnA7EnkNmv2rNKlN4fF4eSac8PVvG2ii4SV9d3p0T/A/IsAp+3w1eL09vSV2nyqfPFar1Wy87Pt/ZD4P8aeLPGP/AAhFn8NfDsVvAPBHhuWTxN4pWS1s2iW0tt76bboBcSOAdyrIvlucYG3Fes6T8ItP1rxrrOp/EPWdS8aalbLatbw3Mz2mjW7Ha5jbTIGFvcqrHCvOpcqoBrV+HtglrbfCyNE2KPhh4djXKgbFXTINoyDxtA2f7XODkV6fpCxyeIfEDAZOLNG4xg+WAeRjnHLA5Aznoa/zixtRLG4yMIqHLXqRTSvN/vOstWvlZJOzR/bWGk/qmGm2pN4enK/Rfu4bPsr9EtbXehP4T0ez0rVPENtptraadaC4tlS0soI4II8R53LHGFHIB46E9T1rW0eI/bNblVQN9/Cudw52ghgTnnOOmOucAjrFogC63r4zuK3FtjHGAsfy9x1HQ8cEH3pLPULTT4dXu7ueG2gj1Nd0k8yRIpVTk7pSBnA55HToMAVzwk0lZX5mnJSvqlZ+Wybb1bd/Qc6fNd8yV1tr2Tb1te2lrJp69taEcqDx5r4YqVh022VVxwpZFbb34wc44IyCRjGfzG/4KNft6yfst+I/D3w/0vwha+KZPGPgbXbrWJrq6a2axt5YpLSJbcqVMjMJt2G4Xbt719xS/Ei3uPHXimHwvp914muon02ItZQsbOENBjMtwVMbANzhHOc55xz+I3/BYj4a6r4o8ZfDfxTq9tawX114B8RQQxIzM0TxSr5Ue5MAMBjk7V4I7Cv0Tw+wOEzXiLB4LM6KlhqvNNQlNxcqkYqcHGzUtJLbZtJWs2j5HizFYrL8nxGJwVa1eNOCXu3snKKle7tqntrbR3vc/nU8CeMm1rxp4ulW2WH+0L/UtTZA5DRC9meZYQxII2BiOvPX0zyvxndSunoXkZgss3JAIVWz8pODgc45Hp7Dk/hzbahp3jLxFY3BkS4hhkRwnJIDEKCcnjaAOeefX5azPi3qWorPAt0z+XGhgRnO4nzFOQDgrlcYyDn15r/TXKaMsPwvhrRSpwjGnFpX5YrkSXR7LRu19tdl/n9mleNXiuspNyqTlzyv/PJpzT0srtPbR38rr+gv/gkr+1n+zX+yX8F9Z8S/EXW7ibx/4r1GSPTdA0y0eXUF0/T2GEW5KsqR3YJMgJVWZRtwa/fiz/b98HfGv4E+I/HnhPwTr1j4TurfV9OTUtXaOHdNDptxHJLEqBC0aORu5Jbg9OB/BL8JZnn0jQon86dpDcxxtGpMigjgBh0A6t0AP0OP7K/gp4bh1D/gnb4O8KwaRDpRk8EeINRnv2jMYNwbOVmumIAMsjdCHyCRjOMV/NXi9wZkuU1MDxLKWIr47Oczw9Kftaq9jClaEuWEYxTSSSS5m333d/3vw84nzTOKeJyV0sPHCZTgajp8kWpyl7tnKV2rpu7Vt32at/F/4v8AH2svrfxS0rR9Ruo7DxL4s1i9vhaecsd3bJfzNHAZUG5uCBtyeD17V833z+KL2G9e20y+uIgnklzb3DiJQGXhiMDjgMeTu9jj0nxP8QdY8G+J9f0a0XTpYLfV9VVJpbWMyyOb6cFwSpyGYA4Jxzg45rN0H4xeLRdFL2e0hsJ7mETQpYQJvjzkDhRweuRjA6nmv07B0akMPQqYfCwvKnTbnGVm4qEVG/uu9lsubrvoj8+ruLxNSNarJS9pVlayUbuV20nZadHe/bz+am0W4h1C3FzDNDJHKkjxyJskU+YpwUOGHcAEdR+J/Vb4cRzyaD4elhXy4zHHvJB2kpbcgg/NuA4YgY4yMHaK+FPGF9bar4tv77bHNNdPBIPIQBVBKgjamFwOMnHJPUnmvvLwjctbeGPDUCARmQEOSDt/49z91uPTnnHHPAxU5zLkwkYtOMue6Saeul1bS60t28rvX1Mkhz4u8W5RirOz6p29Hslrdt6+Z+L/AMW5Ef4heLFIBA1q+JOcjPnONoAHXuMnGMDP3jXlRkJlwQGAAGCMYAJY8Z54x7dj1IHovxTcp498WMHyDrl/j5fWdj7kn8e/QcZ80cKGBBJYoT3zx0J9MkcHj/a60UXelSbX2IrT0V+ml2nq79DStGXt6uzanLsnpLTVdk/m+t7krA+XO3YhFyM9AcDOfQcYz368mvTfhnbmXWhI33UQKMKCMsBweSQpPX07GvNHwLYggjeEzwR827rjHPPP0PUjJr6A+BWiT6rrctvFDJPKz26pFGju7GTgHaFJC/MCWPCj2zSnOCXM2otLdtKSbV7W1a89tOu5jyyb5YrmlNJJJXd3qlr6+m6vrY9murT91KzYQLbZJUFW5BABYYyemD1zjqMGtX4ffBLxL48vU1FVj0PwzbqX1DxBq2ba0t4Qcu0bS7fMbbkqVJUe3Jr6H13wl8NvhXpUHiH4parDd6kY2ex8IWEoe5unC7oVnVOUUtgOH27hkcnGflbx58Y/HPxW/wCJZZI3hXwRbOIdP0DSQbdJoVIVftbRhDM5X7xJILbivPI86eLnjIzoYaLtFJOtJJRVmuZRT0k1/wCAq2+ljvjg6WB5K+Nmru0o0ItOTSs7zs7Jbpq+r113PqS4+N3w2+B9k3hj4P6RbeNfHQMVrceML5RLa2k2QhNmhDh2V8ldu5TnBJ3YBq3wn8YeOdG1L4p/GXxXdazeyRW91YeH/OP2aGOYhkRo1OyIKpGFRV6DOcZr5b8IeEo7fUdJcwfMbyBAMHqGG52buzHkEnn1HBr9S/Ftpb/8KovtPRR9pktbBYx9+SR0RCAqqSxGeOg59hzphMtwtGar17Sq+7KVSo05atcy/u6pvlirW0vdXPHzbPsVVcMJhI8kKjcIwpJ9EkruK3s2rvrqfJ+lW2k29nbw2tjbWaYiaOCJANwUBeSApJAB5PPVi2a7S+8Tapf6Xa+HZnvJ9Lhu47mx02JjIkcwYI0qxKSCxG7AIztAyN2a6Hwt8KdSurO31rxDqNh4U8OxQhrm/wBWmFvIFCbswxSFZW4B2qqnnA5J59k+GuiS6zdS6V8B/h9qPj/VYpj5vjvxBaPa+HNNL/K88LTqBcIpO5dpYEAHGCdu2b8UZXl+GlGEqU5Qjy/FCNOEko6ym7RUl9m1290rnLkXAufZxjoVantaVKbTTknKrNe78FPe1tbvppdaWx9B+FGo6lpT6r4quLbwz4dKpP8AbdTkFpI0WzcxVZSC+VJO1FJOMAdGGtovifTJr9fCf7PHw11T4keJreCRJPE1zaTPotkyAiS5jlli8kIpUt+8YJxnOMCvtLwl+xTdeJb20179oHxvc+M74CKaLwhosjWfh+0IAItWSNoxIEOQeO3cc19MeI/GfwM/Zo8JXFtdap4W+HVgbGaD7HYC0/tedTGyrC0NuftkkjLx5kikOwII5Ir8Uzjj2eNrKjgqNbH1ZPkhSoKcaCfOmlOa/eVbJtaWj59/6KyDwzoZfR+sZhXpYOlBc861fkdZpWk+W+lPmaXVvq9tflj9n39kL4neP4IPGn7Q3jnU2tmu5WtPA+gXTWtk8COPMs78xMIlhyR8icMPvqQVI/Sazi+F3wQ0JpI7bwz4E0extfLe+u5LKzlnjVCS01zMUmuXAUsRuZzjjkcfjP8AEz/gqrHo2jr4c+BXhuSRo45oG8VeIAsVvlsg3FrZpuMh3ZYCcZzj1r8jvix8efiZ8WNVuNU+InjrW/EskkrMul/aprfR7ccnZDZxuICoGNpCYxjIIPPzK4F4h4lxMsRmmJWXYOUlJUKatLlai1H2ceVX13qSu3vc+4XiDw1wrg44TK8L/aeMp07e3qP3FJJLWp1Tt8MVZptJatr+gP46f8FYPgv4Ei1DRPhnp8nxJ8RIHhN5HGIdDimwVy08gErhWGQ0bEHORnoPx/8AjT/wUJ/aC+LyXFrceKH8IaRNuWLR/DDPbERH/lm96pWdsIcMGbGeQem74Lur1pIpCiLBEgYqoBAflRgso+bkc7jjryCcHlhNe3swt41lYlyEigQuzcEqOMlfVhxnPfnP6FkvAHD+Txi6WGjia0Um6+ItUk5KybUZLlS2dlHTo+h+Y8Q+JnEOcOUJ4j6rSk9MPheanHlbjZOd25K3nbe9krrpNb8SXN/cvd6heXN9eSkma7vbiW7u5ZCQxZ5JTJyST82SeSOcA1xl5e3E0mYoyck7dwJ9BwMcY68HGTnA6D1bw18IvFviMCQadNbQOB+/ug0ZVWOPMCuATjGQe3PHQ19GeD/gNoek3cM+uudQlXEjKykW6MrA4ZcZK4z0A78HAz9zT9hh4RUYpRSSUYrRWS2Ss0uze+trrf8AOMRiq2LqXlUk5XvPmldvWN3Jtt373a697nxlo/gfX/E8jJY2lxcPtaVgsbFVGRkliCOvI6kHPTOK9N8N/AXXNSuUj1TFgisAy7MuevUZ4wcc5IGNpHUV9622i6LpV7qh0+0tbS3jsIPLjgRUzn/lojqB6EkHoBx0rm/t9ssyyRgou91EzOQWHOW56kYbdt/h6ZB5qGNu5KyVkrXequlbTRb33SXTU56tDSPK+Zuyk11eitu10d7Xun93M+AvgVo9nNDCxRzCAZZnRS+7cAAWK9SfQ9Dt4PC/UFv4M0zTBbRWthHG0NvOvmFVLTERnLHj58Yx16gjn+Hy3w1qerXt8tt4d0rVtcuxPGvk2VtNKjguADJJHHsVT0O48d85GfrCy+Gni+e1a/8AH+u6B8O9KFm0luNRvIjqJDxgNFHCGLKxQ/dbHIAwK+azHHcmIvPEN3ekIyu72vpFa9rW6PTsvfyvK6+IppxoNax/eTVo62bcpSsklrez0utj4h1FkmsJI/MWMxXV6oVmBDIHYbEU5BO4tkADjOO4Ox4X8C+LvFYsovDuhapqXm4IkW0nS3QscAiZ0WMKOcliQAPm717ifH37JXwcs3X/AImHxS8UxzzOu8F7WK6dmLLs5ieNmwFzuO0kkLzXmPin9tD4teI4X0b4b6Fovw40MK0aTxwRLdiE5C/IiAKAvIK4LNwc5JG9DNczrNU8DgZRi1/Gr3hG75deW3M1Z3V1rrqjfEZNltFOeYY6PMkmqNFc0umjk2kumt/O+tz02z+AFxoNjPqPxL8WaD4Jsl/eTQz3UJviOpEab8FtvYDqB16nnJv2nf2bPgt4ghHhLQ9Q+KGsrYNbSXV2wGnNcxD5GMZyGyw3LsB46e3yHeeFfGHxK1Ga+8ZeLtf8SzzFmeKSeZbQbiSTFEGCImSQQFIAGcgA49I+GfwR8MRfEbwlpVzoySgwyXUq3AMgllTDIzqeGQsBkEEHOevFaYzLsVPDzxGa4yc6ai3KhSap05JJSd38clZa3aV3Yww+OwOGqRp5ZhoczaXtaz56iScXzR6J2d9OrS2sdL47/by/aU+KDy6P8PtJtvA2jT/ukh0SxEEkcPCKslzLGmWAOCVb5SM5+9Xj1t8G/iF4/wBRTU/if4v1LUJJsTSxT3893KdzZIKO7RoOhIGFC9RkYr7z8ZfDnSNJ8S3tjbwwWNutrC6wW0CRRrIwVsoUALfM2GY847jHNbTtFtLOY+XE5xbsHllYbdwGdyE8nnjI56dMYriwc8up4dSweEhTbjfnUPevZO/M02/m7X3WzMMbjMyrVmq+Ic1dJLnai9raJpddUk9NdjzDwV8BvCXhuxmmtdKhnljWT/SbtBI5JiLBlDA4bgkEcD5hkDBF3wZpy/8ACV+GY0xlf7TjQqiokOwOcqNo7BgOeBnGPuj3XTru1g0edHkR5plnCAFm+VI2ySBuAwAOB6cZzmvMvAenz6n4w8OLE2yDzdRillRRnBDtIV3ADJXgkDpkEcMByrF1508TzKdlCSW6tZL02i3b02VzDD0YupF8znzW3d9U1o/k1vdq1tmbHjma3utZji02OJdmmiJ3gDPmRSRKzhPlLsQT8wxkcYwKwLL4deI9ZtBLFZvI0xRt8oIVIgANzKQGBYEALgnBx0zX0ELHwT4WhkmuLuGS6ZrpsYSaSVzJkK5O4oFOcLjPPIxWbc/EyddPeDSLWO2jkjO25KKZGKknKqo5AGcAYXAHWvno5ljJr2WGoNWSSqTfu/Z1aWt7XbWieuiuer/Z+EjJ1MVW21jThZ6Pl0bvfppt103ayPA/w+ttDuluNUufNuoWcmBQV2s6HbhWwWwVI9AOCTyT/V3+xEY5f2ZfhGEJ2R3upuu8cgpcDcBxkc8ccj2xX8oHg/VJtV1Rry6llmLF97NkoCEYlsDIyeoxweR14r+sT9hhVj/ZZ+EkgBHmXeqLGRyDuuhhhyOcZ5zjIHPNfgPjrPEf2Hg3iZqc5ZhRWiVltokmkk0uvWy6WP1rwijh3m+K+rw5Yxw0lurtuy63e33a9LnoX7AaL/winxZbnI+O/wAQnJAxkDVCDuxnpwGyc9FPofv66ZWyc4GM5XA5AOBknpnnp/IZ+Ff2C4TB4O+KBPJl+N3j8jAwW3aoTk7jk4yfXDcnHf7pv1KqoHOcDdz8xAPLDg9jnk5wSOhr+esxq3xdZpNW5E9X0pwSeumu6Vt+lj9Ox0P9rkr3fMvd31t20TT9dd9zBdlwcHdhuhwAcdcYHJz1+h5BHNaViBuAAXbjj3IxnA65Hbpzx1zNKuAcYJAJPOMYPJGCcDAwMnJPTPOKTsWPqAoBGcdOBnPXgAFcA5zkADAilNSh70mvdk97LokmtLrrfq076tGUqb5GpNJ33S0Wz5W99FdWu9e+5kfEtTL8MviEiHDH4f8AiJQQMgH+zLoZIAKtyOhGRzg8cf5j+vNLD4s8UCViVi8R65ktjAY6reFTwOAeSSfz5IP+nT8QF3/Drx5HgbpPAfiE8YzgaZdbuOg4HHPOCpIXGf8AMb8XRsnirxkJEcqvibXlTJO0eXqlyRk56ZPIBzzgAba/rn6LtSKxubQuv4+Fd3pp76S183pbd9UfjvivRU8hqSs3ZVL6aL3L3263srdV3Rk+KwlzpSeYxkKyLICoIKs6jaBjqFyO1cPoPhe81nU7a2tld3eFmz5eURFUjLnGAAc5GcgZ7Ek9rr9xCLGOIOoDCPO4/d45zkEYB5Axz/ETnnm9O+IE+izw22lbYrnypIJLnaDmN8KTjoe3U8DJA5r+7sXUnGMvYxi6jiopata9HbVWaa2SW+97fxpg6cKtaMajahCTba31lHpdL7Omllq/T9Ev2T/+CePxc/aW8Nat4g8AXHhySPw9q8NhfQ32pJBcyPO21FhgaRWCjjLFcYBGQRg/rj+yf/wRc1nxL46v7T4oeOtL8LRaLfmwu7HQbFdT1LzDHG6yg3SyW3lsWChtx+bjP8Q/n++DP7Tnxp+DK6zdfDnxpdeGl1K3jOp+REJY5wjlo3SLJVZAesgAbIxkYwP09+DH/BSb45eEPD0mtL8VvER8SeIpkl1C4ttCTUJJvLUKhQmN2hfjGCu3ocZIx/LviHh/Ed1sxlluZ4PD4N2+r04wcMSk+X3XNqylKz13tsrtn7JkE+HPYUFVw86lSHLzyqe/BW5dVGLTbu313vq76f1DeFP+CQH7LmgRWseuXPjHxhLEYY5Ua5OkRFc7ZC0NmyRMpIzsJ44/4F+AfwQ/ZS/Z/tP+DgP4r/B7xN4T0+6+FPhrwhq2q6bofia6YW9rJFo8c0M73FySD5UhaUOzDBIOcdMK2/4KxftR28wuIfFHxB1mJ0eRZn0TyY3mj+dAy7B8jMAXB+bgEYyTX4pa58dPjF+0f+2747+KGreLPEGjeO/EGiaxFq2q6ZO+k362dnYtENPd7YxusckUYWRQR1I5Ocfm3h9whx/i8ZnU85zlKnjMunQocmIqV50K1SpTaqpactoqS0a301sfS5rmmSUaNL6thE3TqRnNeyjTjKMY2aT95O7ae9m13Svb/wCCncXhPSf21/jr4f8AhxdQJ4F0jxI1lodvpd59o02GGONRJFaTRM0bxrIGUhTgE8dCK/PBvNIcsCZOcGRnZmXoOSQAwPzdWOccYrqNcXUb3VdVe/uLi8vV1S+E0s8rTzzOtw4eWaZ2Z5JZCGLuzbjjOMmqbafIQxMezCA7j1yeADlsdwCMcE4ySMH+yOHsjWAyrB4SpL29TDYajSlWkkpVZRhCLnJb802ru91tZX1PxLNM1lWxlepCEownUcowV/dTs1HTZrtHrq9rGJCEWJ3KhnJUkFcgZweCOeT8vIH3iD05+g/2e7OHW/iX4Z0e9uLm3tZ/POyzuJ7djKIy4GYSjYGM4DA5PBwFA8fTTykYO0qWKk7tuOB+HIGRuK4xnqSK+x/2E/B8HjD9qn4R+F5I2kTW/EAsZFG0sUlRFkCA9gCeSMhlIz6+Dxs8Ll2Q5pi69On7PDYGvVldRXuU6bm7/dK3mtLG2U16+IxtCEFVTqThGybTd5RS001vbd9Vvu/oHxbbax4fvUhtbaWWzZ5BHc3hup5MJlBky5Ljavzc47k8ZNXQpNSvEmitLa8mv1fft02ylmyrYyQUQtyCT1+6MnGCD/ZLpH/BPr4aTadcaPc+BNF1xUtglxPexK11AJceaySsCVkcHHynjHPcD418c/8ABNG5+Gmsat4x+Gh07QNCtNM1S+vbPUGtpGk8pJGWztnuWC5dcBSoDAjAOThf4cybxl4bzCOJoU8KqNei3GEpR9ybk7JJRV46q17Oy1fRn7DU4XzGCozlWdWM1BtXk5RT5Nd7aJ6u++mt2fi98Jf2Pf2l/ihEsvg74ZeL9Ui1cqlhqNxbSWNlOZFDMsc1yEiK4/jD7Rxknmv1d/Z8/wCCRv7SXhu50vxv4i0/w94May07UZL5dXvIry+k2W0nmmNIXZM9U+buBkda/ZT4P/Ef4c+Bv2afhjofibx74c8O65PpAuPPuvEGmWlzZPAP31vLCs6GJyqsibgGOeRnivPPFP8AwUL/AGXvhloRvL746eD74JZ6/a3el6jq639xNcva3CQ28At5JgPMfaqNjczkZ7mvzzFcfcWZ3n1PLcLk9SOAdeEJ4ijRnUTpymopuXLZXi7a7PSx9DTyPAYXCzrznJ1oRtFSnFPm5U07Wd09leTt95/m8/tI6e+iftC/GHSZ5UnuNK+JfiWxeWMqYnMWpTKxTGQEJUkc4xjnGKteHtz6WcnG6NTnBOCvIXoCeDjGevHtX0j8Q/gVq/xU+LHxT+J51rw5ovhnxr8QPEeuaNLcX8HmPY32pSTwOImkBQGJgwDBeuOlddYfAv4caFZgeIPipoyKkKh47Oe3kIwMk4BJYgDGApzgZxiv9ROCK9HC5Pl0K0ryjg8NFxV21JUoXulq2mmrJPXR+f8APvEmX4rG4mqqSio+1k2203a71d9NHvp8Nj5TVXB3LgpuBkySmABgjaAAV5zkcAjgnIzUePe0qjauEwFYjncBuOWJ9euevbqK+sZrL9l/Q1d9S8aHWikRRo445xIxBwR+7BXrjPAOQ2COcc7L8Sf2W9HLmz8O6xrDhMD5XKtjuTJjnAbJYDnJJ4NffU82oKKXLJtaKyd+j02tve+u1j4unwpX53OeIox1W807aJSvt3avd/Jnz7awNNINr4SFFBYKcg/w8Z5xjJweSSBg1rDRb2UzG2hu7lSCT5UJY/N90gBG7DleOR/CCce1p+0h8JbCLy9E+Ea3DMAIpbpV/hw4LYB57nPByepzVef9qe9hQrofwx0OwSXcI5JIFDRqTxu+Q56YxnBGf4eDrDNpydqeEnNSSs+V7u1m73Vk+u907rRBU4ewVJxeIzKjBqzbuvK9rvdbaXaTd92eTweDvEl0kbW2kajIN2FBtpFBcgDqy8hjtJC5A7HOa9W1P4beLn8A2iLol60/nIxgW3YyKhOS5wpGB3IIIznAUVyOtftP/FlraSS10/R9JtozhZIrKJgpIAADFD65BHrnA7+b3n7SHxm1MLYzeK2iglG0xW9vEgRZD8wXAG3s3Bz0PU5r5/N8Ti6kJU3R9mpR0T5m1drbSz67aXe+7f02T4TKqMVVpYz27Wjmlpdctkkr6r9T+n7/AIIQfHzw3+y38NP2ik+J1zp2hT63faLNpVrqmpWunvdpbea0zwi6kQS+WHG5U3EHPGRz5h/wVz/bL+GP7Qviz9m2Twn4l8P6rJ4D8b3Gq6vbaXeI8en2U0kRDXEzSGIMdrZCtjjlQOuP/wAEPfgT8F/2jfBXxu1L9oDw8/xC1HQNV01tFn1HULqOPTo52YSxC3QqkomKjdnIPHA4rh/+CwfwB+Cnws+KX7Nfhv4a/DTSPBGmeI9aC61HYAqdatjcRhTcZAYjbkbzgsWwWBzX+c+a4jgr/iYjNKOIp5lU4noYapOTiqawUaf1Be0jrLnlzUnpp8T10P6FwFPGvgvD1KUqccHOSSbTc5SdXS7TaUXJa6vTWx2+pf8ABQvwXoAjOlz+H4zapbLb3FxNPqPnOsCoyiOwLyKzFeAxJGDuA2E1Laf8FL/HF5ZhdDtry5SaXy438OeEtcu51Vj8hgeW027mPK5brtJ4JI+9PhN+zb+zz4e0m3Nl8I/BCXEdlpru95pdpeSb3topGkdpY3JLO5f5jk89Ryfpa3Pw68I24t9O8LeDdHto1xuj07T9PWLCLtZCUjAKgEhgxPU56ivj864z4Qo5hOGE4Rr46sq0ot1qim24zs3yQjNpN6/NJ7Xfo4bLMe8PGVbMKdNciVktVfl3tKO1vPzadj+fPxD+0l8a/Ev7Qfhf4j6To3xXbWNJ8P3Oi2nmaClprAS6UiSS0tJIURID18x1BXoTjp9Q2HiT9vX4mWVvd+G/g98RtbhlYxC58W+Iv7IhkYuQXEFnPGVUjcTwpyc+hr3bW/jP8Jbf9qyTUtW8e+G7Ox0vw15H2tbqy+zCY8NakIwjRlIKZ5LKM+w/V34B/Hf4O/E1YtA+HPjXRNcv7e1WW7sLO7imuU2lg8kcMTFvLyCC2Np6ZYnFHFfHWaZRl2AxmE4ApvC0svhiJ4ivha84YWm3zKDnyQUYq73drtbX1nL8mw2JrThPNrz9ryqnCok29Le65N30d7XV9+h+L+mfsj/8FH/GF0Hfwd8PvCMNyhkVtc1a71eWFnA+8ZpJCT17ZJA+8WIrcf8A4Ji/tr6+t7H4k+PfgHwhD/Zl7eX8Xh/REMwS3gklMKzSoWViAVHzY5yQODX9Fn7tJZJVkIAQKjuXVQcbCAOQW9OvzD61zninU7G00jXoJZLdbuXw1rc1vGzh7qcrYSNgZJIjPXOcA8nvX5NlnjzxTjczwtHA5Vl2DhPE0qTdHBqpJQlUjF+9U59WnZWW9m129/EcLYKnQk5V6s2oq7lU0eicVdWfq736b7fyl/sTf8E+/if+0p4d8XeJ/E37RPiPwv4a8NePtc8Hw6ZocMIuNUm0q9nt59RDuAI1neIkCMgh3JJHf9Dbj/gjd8A9Oge/8Z/Ff4r+J5IFDTJca1PaxyAHncIZQqgjsAMDB5JNdd/wTG8V22lfs5+JrgwxxTT/ABZ8fzsrhVDuNdvwGjcAgnJxnn5s4HINfUfxD+JmoXOjXt1cW7R2aQymOQ3Cx28arGQZbiRmCbTjoWbaR78/Ucc+K/HNPibH5Zl2KxGGo08THD4elh6FOmvgpxTbhT5ruTvbT5Kxy5bkeWwwcK9SnGpKVN1G5c0l9m2t7LdbLbZ31PzF+P37D37KHgf4SfEa88MeF7/U9Z0nwNrV3pepal4gvrq4t7m0sZZkunimlKkh4lwpGDwOMgD8MP2E9Z8H6T8AP2ivE/iXRtL1nV9CnuLbR5tUijuJ7VbizlRFtzICExKwkRh/GAAMkGv2M/ac/aG+H3hv4X/EuK58X6Zf+Jtd8I6rptjpemTi7y11DLD5czKzeU6hxuIJGQxA6Y/mt+Dvi+Tw78MPif4YEwiXxHdwSyKHYFiG3cRg88dcjPJPPFf1N4IZVxhnnCmYviWWN+s18zwNTDVMS6iqTw0JU5z5ea0uV9VHTW76W/OOJcbgMJi4zwrpWjSqqcY2bjKUVCC8nezd7ed3oeD6pLcaldXU7NuFxf3M7AuxERnkYhAGJzgZIC4wp4AFWJPC832ePMas8iearL8xzjcBgZ77dvB46jPS8tj58m1fmzdu5PCggPwTkrgHaSDnkYJG0DPpaiGOMKyxMvkoikcnhRkDsGGeRjP44x/buXZXh44eEZxV1CEU1vZRV27O72f420PwnMM1qRrRcK0qjcpNrmdrXWj6JWsr/wCdjxWDS7q3BJDKRuG1l2rnnJUngsASecngcnpXpPhXW5IWtbHUHEUDsQku7nls4cfLuDZB6ZyOmeavSvZGAqVjI3gEuBuYk467ckD5gR3O3gc1mPHZSASqNoicBBtK7Qp4KggYOScqOnTjoOyngaVOacWltu+i5W76pNN3X9M82vmEsTaM4yXuu0uZaO6s++zstdbtdWevGD94+NssbFQuRksOm4LkA8n/AIDnByRWtFpibRvPzHBKsSoQd/Vc4zlick5Hoa8rt9XmmZT9ocKvyRvu4Lx9uWOd2M46DafWr0mvag8TRtdOWdTGArDBUAEZKkc556nnHduPXhTouN1FXta9l0a26p2to9uuh4TlUp1mnUfLKTsubRbXXbmV7L0tvt0etXGi2kscMjqZxIol8n5uAMAA9MnHzHIJGQfvYp0Gr6CYC8UEsoVwpBOADzhsHGTxx164GDmvNIxMs2+RfOeVmbJIdiH6B+COMYGeDnGR1ras4ShtoypcSyKWVSAOoO0cgN69cHp0BNEYRnzp04RtypK2trRilfTpve/bprpOpyxXK5Xut3Z7RTWjaa2b06dbo6bXRE/hbxBPLGY5RbARLjOEIJBY9SXwMDcCMfgfvT9j/wCOOreCvgV/wjGnXckEz3d1cQTJIwWNGB3qyhsHPT+9gHAIAr4G8ZQvZ+E9ZcPiF44Y2QZwOuFBxgnqPTntnA7L4C6ldt4TMUazsgnlVTEGKbsL+7IHCjtnrnHevnK2Go1cxlCrGMowptrmSktJp3abWrTVtd9urPelOusiSoQqOc66i0ubmd9G9I3s1fr5u9z6T8TeNNd1nVp7u/1e482RZiXLskk4dzhc5wUIyFTj3OemYZ7Y6n4TvLuF5TZyJNn7is6SK6iRsY+Yjg9CTz0wOYGka5q10oisLmXy0LbSoXYUydwJ2ll74znkg5ya7iDw3rUmmaKkmnHKO/nrJMvmADOCCX3KFGOu0HBwCDk9M6OHtypQTSs1aOvwq1lq7XSavfq3szly7L8x5U4wqPmtZyjO28Nr2a0a2tZrbc/cf4SftX+Hte8J2NilzcwyaalnbLYJP80D28Cxv5eGyYnIOQvBHHqa527+I9lq/i27uZJPs7ppV8lsjOWYo7sTkZGXY5z1OPpz+WHw/stT0LUbeaynhtsXOZi9wqs8ROWVlDYyMHJOSc5IPUfR9rqtpHq9rqd74p0i2j+yzQybrhWkjJLY3neSWyDkkgnnB718rPKcFCs5uabk2+/Ldpp/K6S627o+hhl2Yz+GhJ2irtqW/MtN9VtqnqrN6HrGr+LooGkhjjZFLb3d3+UP5rElVY4OcjOM43dcrUT+Jo1QSNMJ41WIxMuFKsSpULgZRMkj34ye1eQ6prXhK1lmSXxZHcQuoZZo08xA7PuIUnkY5xk4JA5xWHd/EP4c2EUbS6xPcMVUEQphSwPQ7uVXpgjIz06muyMcHTjyua5YpdlbZadNW1u3vrtca4dzGo37j0fW0dFyqyXMlZXTenZ3V019Vw+MGuUMlw67miQeW7YZUHAIOSCcH5umcZBIIFWo/GK/ZmQSKW3FV3spby0/jUDsDxtOGyCMjFfJNz8cPhzZxBlhuZgE2gT3USbwQQMgyAjHXjpnAXNc5eftPeCbYAWllpypEwBa6v4yA4HKEI7HaOR93OcY7kYThgm3JtdGuZWvqrdL3fk9dtj0KfDeMXLzSpxjppzpWejbsr9Hpr0XofRHjDxTJPoPiNBtaNdI1MmSQE7c2sn3cjGSMHjAGOAOtc3/AME5fES2Hw5+K0MsgKarLcWqMwLYuBcyTBRtBYEg7iQM9AODur4t+In7WUM+kavaacdJSK9s7i0CQBpZF+0I0Rc4RioAPOD8uMnFeIfBj9pDxz8NtDvdJ8HNemPU7qa6vDDpU90jO+5R5RWGQEgHJOVJzk4GTUPFYGKUXHn0WiVrNOMurV2tbpWbvquj74ZJiKdOdL29ODqON5R1ioJWkut11Vk7212ufuBql9qs1r9iVZdgG8xfOqE5xuVj1JUgkZGBg9a4TU9PvNp3K6wlQZDs2hCRnB3duinjB6HrmvzJvPj1+0T4nQC2TxS8UuAn2fRpLVj3+QlAw5GQTtHHKkYJzrmf9pbXIigsvG+2Yrlmu/IVVI6qjOoALH0IyRwAGrppZxh6UVyUpNJLZxV7cqst3fR6u9td3quZcGSqvmliW1JK3JTcr7bK9rO+yW7e10foxc6cFaCS4vbe3jJJd5Joo0C5+Q5ZgwBOcgjOOSeADyurav4d0krJe+I9HRN7Bi9/AdiD5iwVZOrcDGRnkHuK+FG+Dn7RGqxLLdrqUCbFy2p645VVbqGWOVsHgZxwOSPe/B+y98UL94l1LWtDsQyHeZp7m6Y5APy5L4bOefmI571cuI4qyjh4J/3pJc3Nbeyt01Xd66amsPD+Enb2lezkrtQjHt3120e/Ru2t/tay+MHw50TTNd07UfFmnOuoxBIPIKzhSVIBbaGYqo528r0VscbfCdY+L/w3tbqJY9ee5VN37yKKTbISO2VwDjjnnHT+I151D+yDdtGh1P4hWts5zlLOzZnO3qAZFA+bByRg9AcGnj9lbwRAIn1Pxpr1xsyJPJjRAAuQMFjhQ3XjPTnGcVj/AK0YinGShGir72UpWVoxtput23r02O+Hh3hVy+19u1GzTdSKV7Rai7Rdk9L2ur3Wt7FjUPjn4IieVbeDUbtWHEiukankE8uFJJPAPQA8jGc9dd/t3tpvhpPDVhpFtFbW9slrFNe3ivIFUEDKxsRlsAtxk4/hxzzyfs3/AAdtESaX+19SYZYi61F4/MG7DfKr9+Pl+UDtjv0Nt8IPglZWweLwxpcsibDm9uWnlDZAwyuWyWY8N8wOeprzcRn+IxKSnCi4x9+N4Oya0urppPW/RJPTc9XDcE5fRklyqL0TvVbUtIvrayfey206o8/vf+CgHjiG3t4NJOmRiERpGIEnkZQmNq8IQO2Tg5xkAAjPynL8YfGur/EzXPiLcWN5qmu6uC0u21uAoVlAARQhYqOBjABx1J5H3qPDHw8sI3S10DwzbFFZlBsoCY8Y27mKYOcHBDNn+EDmuU8Ean4YtfizqsEtvpxtv+EeQ28MdjC0PmjHzRqqYJOcAjk5yARmsaOaYh1YVaXLTqU0pRdKEISuuVO7T3trtfe+x3Lh3A0IuCjBKranLZ8y0tFvmleOmt+ut104f9pjS4de+PNtYm7tbFdVksLdru6fbDbI7kGQsSPlT7xPQHJ6BSPIvin8MbnwXrN7ZWWvaJrenQW8E63Wn3UcqSGRMlX2u4D5YhuCQOe1bf7RVxeS/EexkvFkeR9NgMkoTdu2hs+WRjrz05IwwxXhmtm3Njchbu5hLKZNpR8nA6Fj1G4E8npkZGQa9DKaFeNCnONSSpxhZ07JKUrKzu2nrbZba9D5vNK9KpKpD2V6rknz220Tttrpvq721vY8Sv0kh1OXcFybuPdtYHBZwVycY9M8HI9ODX3X4IhF18GPEVtKsXlx65ZSO7sR99SoB2gckZbgsM9BxXwZIu+7aRnDs0yDJf5nBfqwJycj2Bz15r7z8B+WPhL4oEqxCE6jp0jx7trEA4+XB6kH5gwHXBwcmohPkxkXJaua30T2T+V73627WZ24J3wM037vs73bvqtXfTbp3f3Hi2saSloPPhuHgRXPzxyBlYMPTJbrwMDvzuxivNPFEty2m3he8kmhBjIDKRnDkk88LtYnOTzwcV6vrNhYXkjJbtcBZGYjEjbF+XAKZKhhzjJGQM4OCa4Hxh4Y1Gw0G5v/ADVNkAgKzODJIxPBwD065zz+RA9WvCU6dXlh7vI20rNX5VfVW0td2trrdNXPHw2lX4tprlWjttZJpXaskkr9N3o379+xj5SeOUy7Dfol4WULk/NC4IAPGTwOT7+pHS6pdSxanrfl3QQG/vQUkAXO2dztztAx3PGeT65PD/sd6hLbeMmuZIvO8vQLoxhMgABHwufvZPI6YwAOoGKPivVb+71nVbmNJooJdRvJPIxhV/eyDbgD7oC7uVzu4+XoPGyys6WJrtxTahC2jTS76Wlo1ta6Vntc9fNKbqYSh1XPs9LKyb9d36em2pqGt25sLqK48kyG3nVTHyw3REj7pHfjIx7ZB481+Ct4sfj7R0Vmb/iexzMMEEKjYX2xnhcdB12niqF9JqAH2gq8cciyExheo2kbjjGQAPfI5OBwKHwbYj4g6VIGJzqscRGcHaJdxPPC/iB+Jp5tiZVYwUk01ok1bmXuq9306q6JyWk6crtWs4q+l9o67vdLrvZLZK/0J401a2tvHnjGaUs3mXykIGAIPGGBHTuOB0HzEdK+e9fvIbu7uZNxVxLvG7qFPGDxhsE4x0AxzjAHp3xBS5k8aeKZIhEx+3qAJHIfJXjjJBHJzng46kYrxvVluBO+6OFVAIZtxILbQOp69+vOc8g5z531mHsKdOTXuJX3euiu2nbr5PS17s7sRQnLESnHTVNrW7tZaWtZaWf6bmn4U/f6oh2h4/ttkoK7SQfPQZ+o9iO3I6n74+MOpab4buPDdzqrqIY9KsXQbmTezWqsqEgbhztIAOOQTyK+AvCM8YuooSFjY3lk4dGYEbZ03AkYycEY+YEfeJPFfVn7Vd0JLXwySwkDaXpvXGQotBjksc9zzy2Qe9efWadOb1lezvqra3a2TXTr1e+p7uE9ygnNXkrNpu1rSv3Tj00s7K/ml5rqnxdnuQBp00NnHDOTCryl2VWbIZQ2RwMAEDg46HNcFFrEmsa7Jf3E5nmluYWeQHhiQwAGM464HAUEBQBjJ8gYxlRgsFz6Y4yMdCBnB52qOvPOa6nwrKou51TcSjW53MclFDpz1bgHIwrckZOASB5MIqLule1r6+iV1pZu9vV2euppVqOok04xSaekndaO10+VJ30763fc/UK4v9PtNF8HC9hjvmOix5gfLCKIiMmQKM4KjHIOR8uCGFfM3xA1fSNR8Qapc6U0tnFbxRIrBm2zBRiTy87eT0PXp171L8d9WvtP0/4ftp99PZB/DibjbMVLkop5AIODxkMSeOB6fONv4g1FkTdOLsyKUcyAsRuHLb8htxz2LZPUEjjnlRcqvteZWdlZa8uunVO++ijurbanoxrpUow5bWs1qpavVPTXW+2uzR28DwpqMkilyHSBlz1OZUIYj1z1AznB28dfufx5qkFpovhC5mwrPotgsRY9dkJVgOn8TDPqeD1zX5/aTdSyyM0hDMscG3O4kKJkO05XtnAHbHY8D7U+LsyzeFPh4qDbImkrkgAEt5SkZIAbIAXPUADgg8VrJ2ioqyt0ena9+rtq/XTbfKDXvtR5XJK6ttZxvfay0aXy3PLtUcTQ20xYGSS7fiMYKg5x1yM45z3x0OcnndHIXxSig7ACkeW53ESLkHPHAJIzxnHcVjma6aARCaTcsvmMdwZlAJGVGSBgdcjPIHSr/hINceI9rEsQsLq0gBLDzFJcBtu04GcjnB471CnzaPry31X93onvu1paN+1ioRTta6leLvfq+VatddNLpWe+x9TfHa3tmuvBJdcg+F4Q8jKrlCVUHKsTwcgKGHfpnAPytqmkWaagwEDIjBD5OMKzE8OqsRgE4O1TweTgKSPqL493EFlfeDZSvmJ/wi0Bdd2Bu2rg7QD8ue47gYzmvmTUddF/qDXCxbQm1FjYZOAAuc4J4PJJyTj3xXDi3eo0rWWvnZW0u9uu2qt3sepQjaKUt1bu7v3W7LVO+q11vojd8C6akPiTTgrtgzOBxhhjn2IwCOCR09ya+mfjhFLF8IPBTxbio1m8WRlDDbn1I6dxyOx79fnTwDcibxFphAG5bpxgHd/CTkkf3ewA6Dg9K+rfjNID8EPDUbxpuGvSuSSNxyW4GGGRheRyMcEnjPJXnKOGb03Sbdn/AC7a7drNOzdtLm9OMfbaKy5Vpa3WK7pq97N9PmfEIMsn33LHA7tnGRgHkAZA55PA+tdT4UQR6tHIrEkTWgAHqJhtz06dB6YGcVzQUPKCWCJ2AyCOcYI6EggjPJ9eM12HhbT3fW7KFZAhuJYpMsOCsThlAI4GT6E5GOO1efh9KkW0+ibu7p2vqr3abkraeV9EzsndRdlukm79G1vtbX70+qTZ6d8dJWXXdHJXcP7GgyMjndgevt19unOa8NffIFkzwhVdvQjj5uQMgnjkZwD0wBn6h+MWi6fJrmjresibtEtdrl2AZwqkINuVyD97oOQM968us/CWnXMb+XewiRS5Fu5U5wu7cWLEHgjk4A4IUgVy4nEwjWqJp9Fdxdlovha0fXW1tPK510ITcINO8WlZt2V/csu70drXelkranoHwDhkHjOBipQBIGXkH5Qcs3fnvnnAG4dcVi/E6CVvHfiVg2SNRbAB6g5x06jnb0zypzXofwa017LxfYR5jkcwgu8ZJDDeQo3HsFGB+AxgEGPx3oMNx4x1ydpLUyteEGMyBXA2E5Gec+/LHPQjdXNjq0fq9OTTSd7X0td39fnur6rRnTg1/tFXqrRvppZ2f3/jc8iiCraFH3K6sh+8T0xuHUAMDxjgjtjpX3Z8CJ0j8E/EEAMT/wAI1IAeDkGMjqTgAew9Qexr431DQJbW3kkXY0W8Y8shnwxHLDkYHpngZ4xkD65+B8E3/CFePUjRg6eHzuwu4geWxIYcjI6MfY5FfMYxqrSXRJxul5yi9tdbK603sevHSSaul7trpvZxWj7W9LrTrc+erafzJmV9h8wkEkNuAXOMZxjI5PJDAYwa9E0Ox2NbStuZxhlIAIGSPmIHfsQegz1HJ89tSVuyJIwFB/jBBBDjDcgHdvzgcDGDyeT6robGRrZYiWB2ksCcKCTg5OfvDofUdSRk+Hmc/ZxSjoktHe6d7Lfon16vXyR6eDvP35JOzejumtY27L9dFrc+u/gpAy3emufuLqluSxxgkkKRj1ON23rgZ6DI/u6/ZzGfgd8MSM/8itpxwMhiTAnXB7nOefY8V/DF8FrcNJYKADjVLY5JxyWHT2z+Wf8AZNf3S/s5RkfA74ZHdkDwppmBgAkiBCSSAc8dQMbeuCMgfO8JVL8R5gnolhIXeuqdaGt9Vbe19930arjm8chyt2t/tcvX+Hbe10lfV6rrbQ9tiGA2R045GB19SCcnt0yMheBViPJIAGBwwG4Dj1I6cH654PcVGig8A54HGMYPPvjtwfqCOeJ0KhgOAw2k4zkgc5bIwTjGOgA6ZAr9ajy2300vtrflVrbeu/qtT8elKy6aW008tdPlrrbZ63JgFI+YdegwDg/U8+pJLEdAPYKknGQACTx1IxxnnIHrkjqM+oQMAQQR6YBbknowIOSfXdt9TnikzkfMcFh1yQen4AHnJ6n3610RhFtNSWiva99HGO/58yut92zDb+u6Hxgbhg9fTOSQcAcj1GcnoOeTiphtPOOqlsEggd+hIyAD8vBHBPB4NdSd3IwB16cnnBOPpx65OcYNTLnnpkEgnHX36Y49COcnJrWEU9d1dO/dWjf53un0T0s+kO+j+0n07XS76rW9tNH5O9jeu3BBPB78npg8gYYAjOCQwOMjJqPIAGF9MDqcn5epJ4znnjbxhs4JarkYHRjgkjjOMgcDAOMljngHBFODIABkZUqd2By2QR1xnOBnuSSepyd1N6q62S9Ph1ule9r9ddfRYuKfezSb13ast079tL7asCWLADLMSBzjg88k/eJJPP3hkAc9acV6g8nORjODxwSOQM9T8vIyBnJJQsuTx2+X6gAkjktyRwMfLn5e+WF25wcjPUEdDjOeACen+yPoKbmtOqutVps+z81qm3fbR6Kop2SaVrL5Wts2rqz/AAd7agenqAMlgeP8euMqfek4HAx93IBzkc+vOO2O4JxkEZqPcwYgjgtgdBkDpjJGWyMngjaOvFKCRlmbORhQT6Fu4H45A9fakp6p2eiaSaTWy3/F2fW1rWGo9rX2Xva3drXd99NXbZb9UvAGMKO4GOTk5xjsSRlj+ByAKlR0xlvlGfoOcdQDkA+nzE9e+agOCMndjI4I688KSMDr1J+UA845pwYZKgcqMnnk9QF5zke46HAB7VtGa3SSfdq+rtor/JXevZ9mpNK3o/ytr+V77pNFkEDPcngEDAwCecdcY+Xnr6VY8xRyu48+rEYwBnrx7Y5PfaCBVQkKCMY5KgnjjIHI55OcY69O/AeCRjkHn5iCfu4wTnBJPTPsee1aQtd9H2202t3ltrf7r6vnnzOSaez3vbXTSyTvorK+mtuiJi4OD0HQYIGeRyOuCclsnOTzxgBZAy44zydp/lnLfNj26legHAqkeeDjHJz1zk5we7AcngYz97ipN4I654yOwGSB/wB8gnA+n4HTmjutY6KzV+26t1aT0va61drkxg476tpJJp2tpd6J620W1utyxkHBA4GRn3+mPQ459vWl6f5/z/kfSq2/gjnILEnPYj0yPbHDd9xGcUokBw2Nq9B3JHXuDzjjOG4OABgA1daaXstLu9tFfffVXW1/utm6UubvF9tLPazv53S6+WpMRngjPoeBj+p79vY8YpuMfw/kcEc8AYGcDP0wCOBjLfMHB5PJ+YgDk5z346DB78DgdJEkQ7T0GDlcHJPbvjHHAA5x+FVFqO3q03b+V72Wt1p6O+jE1KNrq9ktFfZ9fno797Mcc8nk88Z7fU++KUDJIBwTyeD06AdeemRyMcZ56oT33deBj6denYdc+mCOtOA69ecDOAOPvfXoO2Dg9cnnXvbXbXVaWWjW19LX8lbrerpJLtZbeUb+el7rrdbboXavoBgY4Jz8uMfKBznPP8XUYwKUpkDG3OOTjGfyyMH0xj8DinEcZxyO3XOeOent26Z6U8d+o6//AFunTnp744qbfLXS3bTfp0t6dieZ20v163V1bbW9rK/b1RXAKk7hxgZzz16Zx056lSOhwaegwSSPu5GG6Hsc9+/cdj6YKP1OScOM4xxlemcAkcY4xwf72AAm7GHyMEsDwzZ4yMgg8cE8cAL3yBVW0v8A107213+7QHJv56bPstE7dXdfJbbkpJAPU9T0HGPw/Lr3x1OWHGenUHIPAJGOOvUkjgkDgnnrS9P6nGD1OSOCMe3fPqeUboOM7fmAIyvTCgnjuexODg5xipf3ar8/1tYmLatpe7a9dtPl+pzPitSfC3iVcDDaBqzAfe62MuMng5PbjkE1/Cl4hs2l8beObdU2mbxB4gk3bc4jh1G4ZCDn5Tu6g9ex6mv7q/GbCDwj4rlAG6Lw5q7/AHjnIs5CcHqccDHTOcEkcfwOeP7fXB448R3ul+KnsFvNb8Ro0awJLHGo1C6OG3YIOckE8EAc5Oa/LOMqsaPFHDM5N2jRxq+He88OraKy6NX6P5r9W4Hw88XkPE0INJ82A1e1rVU+a2u0tH0d+h3dxAgutLEiu0ssNsYjg4Gx+T7bVJB7k/72a+efHF3P/wAJqrPvjjiDbAocrkSFQCNpUZC4z0zgcda2ZNE8f6m2npD44nEX+rS6S1iHlFWPyoSQSP7xAAByAG5x5p4j+GHxCl1NLy58Z3FyrzLBFLHbwFiQ4YllDDaAMvkKeMjAPI+mweNhNyVpR0V3aVrWi9dOqas/tJnBPAeyqe9OHMo6ay1vyOzVr6X30fqz9CfgnO8urXxSKRnm0ItI7Kx2kW+6PBCkkkHg8Ywc/Nuz40upy6Zrt4jSTLNLdXrMjKwBJmYE4TJHoD/Dxk+vNfCTSfGHhbxrBb3fjTVdQsH0u9ee2MaxGdvsRCKsiMTGiOAQVJI5HpXlazx3HiHUpL291d2ku77DG7lAhxPICofcrHOSQM4ByB1Ar6HBP2tBSjy2U+WV+ZK2l7P12T101Pl8bhlTxklJp3p05K0W+Xmcr6uz6Wadr20Vrs674161Z3Xw78T22wmZ9Ku2kbcMbgGbbkkktgg45YcZAr8tvgE3k/tS+DpZpbeC2kgTzGmdVh2ixwoeRiFUZA6kA8jnHP3N8SvDmnHwpqswn1V/O0zUZh5mpTSIWED43RluhIz74z6Z+BvgrpWnX37RHhPS7qN57WW2VJ4xMwZw9rnJcnO7ILA+vGB0rqpQhGOJi5OTlTaaSaSbil5313d1tq+r9LCU7YeMldKMm9YtfYXR72vo+brfqfsp8TtY0+48JeLoW1LSdh8N6nHbCO7gYl/LkARQj4LY/gBySfYZ/IP9nKS3i/ak8Hvc30FnbLaybrieVI4VYWkmfMZnVQzH5QARkEjb0J/Sv4nfCjwPp3gvW7iDTrsyvZX8yhr6YFJY7eRkZctyo2gkFiAxJY5OR+ZfwC0PQ9Q/aG8KaXqFsLmCexuGkiaRiXIhcctwWIbnvkflWuCoqjGnTnNSdR2TV0o3SSu3vfV9FbqtlEKqqYfGzpRkuWEl79k9Iptxs3d66Xa3v5H6b/tSXem3Xwk1cWetWs7C6gmcR30EjCMSKgZY1kJA3Hg4444PGfzK/Yw1Ow0H9o/U7vWNcsrCzSwvm+0XcyrEzNKcKGY43EFeCTzk8cV+inx/+H/hDSPhB4su7HTkW4gsN0Mm9/3R8z+HJOMHAIGSMY4ya/Mz9ljwzo+rfGk2WpWUN7DLpM8zRzqWTcxJDMcEkLkYHG7aMgjmvTqxtGNHmSTTaklqruKa3slb0srp3PLwNRRwuIk1J33urXsk2o2bXM3Z3dr/AIn6V/tO6/4Z1v4deTpXiHTb11161lmSK7jklMbjiQRqxIiBIGW9e/b5W/YY8U+D/APx88Y6t441+30jSG0i5gWZ1lkSWRbiMxwDyg5BZNxB7DHJI2n3346eA/DWh/CjVr2w0myt7kXtrD9pjt1R1iV0yquSu0ZbAOeD6qa+S/2SdO0LWPi74qsNUs7e9txp87rFPGsojcSoit8ythl5AIz255OOSWGVVVMK5cyrrkb0vFXhfvZrV6rZdLnRSqQjgKtRQlandtNpXvKFrXbW60uu68398/8ABQH4vfCPxx4E+H9t8OPEOnX09hrjXGqWcccv2lbaZC3mSSuoYx5BLLnKkAcYCif/AIJhftOfBz4J/DH48eGfGnilNL8S+L9Ztjo9ommtdxfZI45lkaSQRv5YAY4AYEkZxnArwv8Aa/8AB3hvQvB3hy80rS7Wymk1xYmkht0jaWMo21HK8kAjuCCACcda8p/Yl8O6Trdr8Q572ws7jyNZt41luIUkaFQjhthYHZuzyFyOR15BinldGlThl6k+SDU7t3d+aMrN6LfVb2smtDldeNXA+1cXyuXwtxcpJSUWr8qXVv4b2V2k7lr9rnxl4f8AGfjvUNd0DU3vdDl0FIba6W3eEySoW85vLdQygEgAbfu9jXov7DP7S/gn4TfDzUNA1uTXpbmXXtSuA2n2YmtViuSChZipJcKvQ88HA3V57+1ZpNppGq6daWdrbW4m0q4K+XGqRN8oYMVUADHpz2987n7FthpF58O9Skv9O0+6I1/UUeWe3R3+VyFAYoScdAMYA49a78PhoSxvI5S5YJJNS1+GO91qtb3eupeJlBZRQtB2c4txTXMpXit3FrS+rS72Wx5f+3D8V/DPxS8Y+Gdc8JjUZNLTw9qFjK2pWv2e6kvFB80xpt2+UpIAYryORnAr6n/ZI/aQ0D4ffBTwn4av/BnirVr+1hvBNe6ZYLcWkkUzFV2yMrBZY9wLAHgcemfnD9t7SbDSrvwNNptja2yXGlaskK2sSRh2YLgsFGC4wcnJII4C819IfsdXCj4PaC06QkA3Ue2SNSWJYoDnaSep4zjjqa7IUlUxToKXLyWinfV7Wu0kru+ySdtd9+Wu1HLKFR021zxSg3a17Wu0rJ+qW97dvif9r7xdpXiz4j6vrdtbavo0V/o9hHHaatBHFflllc+eyAFUiOdq8euCcDb+mfwH/bzi8Gfs/eAvh9B4L8WX1noXhZdPnaGDdaai29j9otyoyUXO4BQAxUHjla/NP9t5lHxTumzE7Dw/Z7lSNUVVJYqhC4GSOCfUE5AFfen7PYtn+CfgCWeC0QtoCpukiTeS0kmSCQCQc9R2P1rysVluHxlR4fEJTVGp7SLblpO0VrblWi01el7+vfKvOnl+HqRpfxIxShdxcUkrapXsmrrp3tc/PP8AaS8d6f42+JuueKrex1SwW7t7G5uoNSiSC6SVZ1ZRHGu0iPClAcYYHPB6ftd8Lf25vG0Hwy8IaXp3wc8X32k23h/TLK0+yXMSi/igtlt2nid3HlqWXeChJCtjHAr8X/2v7NbT4jeInijhIOg6WymMBVP787eFIycHBPUqQSfl4/Y/9nG/sLf4J/D1bt7dZT4dsxEZVyyfLyIy/YMc5BIB9c5rDHZbg8TGnTxMIVY0ZRUFJuyaUVdNO+yVrN2fWxrKpL6vh5ctrrWMk+0E7NO99lre+rs3qfhp8evEF1dfEY6lcaRfWN3B40uNSudMuCDNbvcXr3Mdq0gBzIPNCbs/eGRgcH9avCf7QvjGz0SE2nwi1jy7rS7KFEF6F3AWKRm48zOdjoN5ToF+XGSQPyt/aiuGl+MniORQrRnxrAhKjAbc8eGwPXAIznOa/bjw1YWknhTw3DshFy3h/TG3GMiTB06JuCVHXGAcgcqN2MGvV9jCUKUGlKMIxUbt6JqNrNdkui66vVMxrzi405OCkpNLeUeVpx0urLys76rTRn4F3nibUbb4nyaqmkvJfab8RYtb+zO2B576iZFtHJJIwzBCeCeDkYzX7F2fx++Md3Zur/B6zeGW3llkVdUlDeVJbH98X3cHYcsBnPfGcV+SXipYofip4hPlALF8RbFHPC/8xTJLKAOBx8hzkH3Ar+gLTLXSm8JQYhgWT+xlZmMbbm3WIIzwSQeTgdTkEHFaQhyRaatHolJpO9uzTfXfbXzOXHODlQk6dOTaspTTbtKSvytNav1eq63P50rTxFqth8eNA8Ww6Olxf2Pjw30WkvIyxSXR1AyfZGlGHCq42FwCSORx0/Yjxh+0b8UfF+kXtjefCnQA09reW7KNSnU2omt2VpRggMyqcjjBPU4HP5XRacJfjdoWyFGSX4jPHtA4KHUyMlSM/wB4nIyzA56kV+5V/wCE9GttJvU+z2jyiK5lcrEWmCiB2JIOGKnquR69ewqbbUvh92zS0d3Z+Wrdlr91rW0xLpp0uaKlLlTTknZXcXZWetr66389D8GvA+rarY/HDwdrNpokOoajoHixns9HkmYRXNytwXa3aXggK+Bu75yeoFfrp8c/j/8AGLxx8L/G2ga38JNF0awu9GmivdTi1SeS402OI7wYYmyshYDJByOhPQY/L74f2jH9o/w1FBCPJPj+5XlecLc8ZAxjOTg44HtxX7MfGnT4Ivhv8RWkigcLoF6oCKQUcRkMG4+8D6njGQx4rGjQgo1HJaqWlk1rZPRq99X0a2dkr66YyaliMKnCMrqLTak7awcWveS0v69z8bP2bvE/jDwb8YfCfi34f2MN54q061mk0yC9IMLOI3idic5UhC7LgA7hlc4IP6QfE/8AaM/aY8ZaDeR+LfDehMlnot7by3Eyebc29nPC6y/Z55AZC5jOAcjAOflFfBn7KUbH48eCS32dYXtbgL5rAINsbqwff8o5OAuSR2wM1+rHxfSyPhLxBLCbJ3XRL5S0ewYHkPtXBOTxxuGcYyCe00MJhK0nVq0acq8U4RqyinJR0aV2/dS262uuyKx1epGtQUWnSl7Nyi1Jq7ktbqSTVnZe6/1X5Pfs4+JfGmmfEqK58H22lSaxHpmpWdlbampksUgln3TGRCCQ+7v16GvsH4i6/wDHLXvB/iW38UDwfbaX/Yd810NOsVju5ItrFkgm2qyn05BPJPcV8nfsnAJ8cdLW5MccJstS5mKopJmJAZmIHzDJ54HXIzkfpN8ZZtM/4Vz4zmhaweQeGb4BYZEzG6/LhRuG6RuSuMjAP3sZrbBU6KpVZO7nGTs03rbkadm+jdr6PV+ZrmEpxxVDkirezg9Ve+sftNqzvtvr5u5+Xv7I8vjOT4qLbeENZg8O6sdBvIY72WBLiJbUy/MhicFS7gZzxg+1fb/x9t/i7B8N9XtfFvjmx1jTIoTqL2K6ZDA0ohGEXzUG8Zzu5PrxkV8a/sRzqvxuiaWSCNDoF580zhE3eYcAlsKTntnIPHUcfpD+0s8OofCfxM8Ulo8kOky7WiljZ8g4ZQA5Y4PPGe3HJFbUVGfMpy5Wl3srWWjWrvq30ulqjHFe0jXoKMU/dg23BSvF8ul+nWK89LXPzh/Yq1fxo/xG8X2fhfxU3hVtT0gz6ldR2cN4bmOAsIrdUmwMEt1xngHoMV9l/tB6d4+j+Ffi678R+P31myTTYZGsBpFnbLcIGyEMsYDjHBJ9Tg8cV8Q/sQ3MFp8VvEM9/cW1nbjQLhd9w4jRn3AqqnGSeu0en4mvv79o7WNC1P4N+LLeyvrSW7GkAxxJJvaTBUk5yAOxAAIBBPqa1hOH1ao3U1s7Rva6921110V7XTatbTU2nhW8XSq8mzhJPki7/D9pq6tqnZ6Ldbo+IP2TtAufF+v+LbGPWtU0VYtMsrl201gjz8YVJBlQAuOMY698V9R/HL4V3ui/DXxVqf8AwlOs3f2fS1eSyuQjx3Ue3J82UHJI4HHXJ6V88fsM3MI8ceKo57u2tIW0W1AkuJEjR5UJHl7zgfeG3HX68Gvv39ovVbOX4NeM7SK4037RFpSxmOK5jeZiy8FQCSSAc7cYA68nnHDzSoSi9JWTTvfW62ir/fbZJO9y8ZTqPGU3F2jaDa5del+mv+Wh+en7G+j3Gq+K/E0UOrarokcWjWz7tNl8qSTGT5ZYYyAAcA9Dx71+qcHgJ77R9QvY/iF4vllg0G8eW1XUH8qQi2dRHMFfBVtoRgcBhyeMZ/M/9jq7jtPEvieSV4Yd+lWkbF2xkuMHGByBxkZGW6AcZ/VLw/NFpHh7Vts1tMbvQNRnAJZj80EnC4GCQSCoPAycdM1vh4xnCpJq7Udb30em139q+m6vrtqnOL9pTTlbvonb4bXvdq8m7W26q2i/GXwvrvjWx1qeHTNYu4rBNZvbOWAgNbqi3zAkoxIMkgJ54JO49Miv2T/aibWNJ/Zk0zXtN1p7i6l8N6XYXVjLbp5UtnqEEcc/mPjIkU5CkEkbc9wT+PHhGSaa21i4Fu7ynxdcAupyuG1FzhcHAG0nrnAwetfrV+1trlyn7N2h6bHEy2k+haCJX27yJFjjZoxzyw6kbs4zjnFeXjW1Rgmrxt1W1kmrrqk1rp8rNHbH2bxFJpLmulOyV5axjyyt72zdm36WPh7wV+1z8SPD3hBvC914f0W7itdP0zS9PuFvZ4JksNNnF1bxGNMIW83OXPOCABxx65pn7XWu6lqut6j4k8NXMUHjG/0qee1sNTcxRSaZbxW6uRIwDI6xBmJJ4J554/Lq28UCSZ5Zbef93LsDDAVhE3BIYrtDqo68AnGc4r6c8K/GH4TXOnWmneJtGu7K9ikjBv44kZURFCllwedxHJUEc8HGK+Pi406qqqFOcpSTleKasnG10k76pPpqvI+klg6E4cvI4x5eZWdpNuzaTs2rvTVerR8x/FW7+3/E7xdrERZFvNUuLqIKVfYLhi6xbsncyghdwbaTn5hnNeWh5p5WnnaQuHK4IYYGSB/EAF7jAzgbeQK9j8fX/hp/F2s32m3Cy6LcTJJYTSRbGdWXJLcDoeoOenOec+c3Uml3jhYLmCMt6Pty3XPzYB74zzwM9K2xD5qnPaN3qktE3aOi2tbRdu+t7bUlyQjCLkopJKO0vdSWuislpd/doYj4+x3JIyxbafmOcZ5PHPyjoeeSMc4y+BIFFuWhLhomDs+QFIXrwMEjpk89gc4Ivz26SRPFFJCy/KW2unzkAZPzc443cc4y33iWp13Kn2T7OkkKFUVHbfGNpLbieD1+h+bvkdMkpO19bOWj0snbZ92k7avVPqNxSvdXtbdXuvd6u/RWul92iLnh+4RtR0pgqkQ6nbIvXn/SEYdV4AIAHpkV+sNvc+faWcD7fs8lpaSSRNuHPlouOBt64GOg+uc/kJZTQWN5Yskyyi3u4J5NjjDeXIrZyTlWO0dPxJyK/Wv4X+CfjD8UPBOp+KPB/hM6lo+j2UbTTJeWyy+VFAJSdksgkG1FOGUEnIwxPX6/hrFUcOsTGo0rqMtLu6Sje9k1vpfrZ311fy2eUalX6tZq8bxfM7Rbbjpq0npBpray2bs1LcoqeI9GtkkWOFodRMY3tliLeUhQOe+COnbALAZ7fw94ktLLRYFkeJcIRJliG+Rj95euGGeO/UnoK+fUv/Ez+INA02+sLnSr6eW8gimuIJE8lnV43855UUsWI+Uqx3rkg8gn02DwF4lt7fyjd2V2oUkvJuiJbrwWCg9Vyfr0BrbFZxl9LGS9piIw54RceZNKysknvs09drL3dUhYXK8wrYWMqNBz5WtrPR8rtpo9W7LVpa3vY5H4qa1b372ksHl+Wk5OVAHziVDu5A3BV55OO+c4ririOGd9Sw4Bltrd+FySdoyc8HHYE8d1Oc12Pib4ceNdSgiaztLecxOWxHMgAG8MQu5wNxx8vXrgdSTif8Ix4ng1B0k0O7O23t4ZHXDHci4bdtySMLj+Lp64NcLzDBVnNQxNGUZSjZ88drJWSezX3dO52wwGMouLqYeqnFNWUHa8raJ2ffpdbWe94YLpVgsbIHBZGiLZYAEYwxB6emDggYI98m7jP/CTCEIHL6W4LEZUEhjuwPqOMZA9OA29Po+ryZlOn3sX2Z5Ofs7nIJUAZC/nk9AB2FZJhuo/E0XmW1wCdOKmVo5QM7eTyuMjhSTk9QOOmNZ0KnIo1IS1VnFxd4pLRrmtzd7bPpub041Kbk5U6ily+63Fqy93dO+76pq2u7VlhQ2skT2yIF3GaRWx8pUbx6ZBABxk5wMdVJ3ZXj3S5F0+zZ2wgmYhwzFS2Qyg+gI4bjHVe2D21raRx3kbThkYTyMwlBCgE7gQCBxx3HUdAcZt+NNMtrzQoJomRY1u9uC2QcenJ2rx1z1JyeAK4cbSgsPPks3ZX95aWUG7666aa9dUdeHb9rT5r3birSTV2lFau/XXXfZWufM8UN1IsflqdschB2lsEDgAnG09SePfgE5rrrfSpHiLuqKCG2DAIyQo5yp3YGMAAYyOaikuLezQRRx8rOeW4UjJyQSMnrnA7EjaTg1ux3kk0LLGoRVjYksQAMgZwD0BA6ngcetfL0Ve7fLLRa210Sb1e2qvb0ve7R7M2oqmrveF1t1WqXS3S2r0a/vcba29vbsxnSA5Z1bcFI4+7gkgZ57Lz3IyTW1Z6fpeo2yKLW2YRzFWcxjcfRQAOcYOCBnkEE4zWPcW73EBRMeYHZ2PUMASRkMScHBBAJB7dhXXeDLGP7JqRlAJQo0QYgjeAVyOcj7xHA553BTXFFNVnDki4u+0fNddLu997m8oxcYzT1ila7v/AC7vfo9Lt9utvMNQ0XRoL+6jks0Cs4VDgqQ27j7vJbr82Mj7vfm/o3hjTrsuLWS8s2iBYtFcyLgsDgp84IGORjqc8dRWlrtqX1BVmG0G4yNuehAAJwOR8oPXgdOcV1HhvT9j3DqvmIRgMeg9T04JGPXuMjNcDpRliKinTTj2S22b01S0V/yT69jqWowabV3q7u6T1b78u3VXert1msPC3iO08pNL8V6/aebHlPL1KcICvzbSA4BzzwBj14roIvEHxU0WeNLLx9rkixjaommadOwkQlmySAMe5GQeRnrrC3RLrT1ZnKtuUgj1CqVxkZBYAHocnjnrj6gqp9rKFm2XEoRjnoR83Tjgggd+OxOApYagv+XdmtvJ+6329H6BCtWcly1G421s7Xsof3d9U3rp563/AFU/Ya+Gfi34neDZfE/jjxPa6hHqV/eabb2OuaPZ3mmy2lvEzqJI5Q4V5JRsJwSFOdx6Djr39gW5+I3xJ8a+D5/BEOl6hb3X2rS/Engy8K2SQXJLxxy6fclIUfaVZ0hGV5AxmvuH9gDTrdP2bvAlxcII1n1PVJ3uGjL7mEsgG0EEt05IwvHBNfbHhGzii8QaldwstreLqEEkF+gMUjsVVU8zoxUKOhyCSMDhTXoQyfAVaUfb04y5owk2mkvstptrR37O69NH5DznH08TJU6k0oyUFdaXXL0ei0Tasuq8r/zW/Ez/AIJ9fGz4eT6tLpD6L4q0nSnmS4RtRt7HULUxhmaO5hvZYszqoDFIgxOPlzXxsLPVNBkdnjvNMuorl4HktAxiiuYyVkjS4jBRXVhhlJwclvXP1Z+0j4k8eeKf2hvid4Yl8W+JLvUL/wCIcljYxQ6ncR2IeW4NvbIturqu3JUZxgLhcHBLfsJ+zN+x5af8Mma54Q8c+F9B1LxW8vijWL3V7uGObVVuksbm5sRbXUimVGUrGSiEgtgkYHHxOZ5RRr1JLL+elGlzKSnNzTcbKOqWifK1q3q7p6H12DzmvhaUJY7krqbik4w5Woy5dHq03FXba5VZ2s3Y/AnQfir408OOjpfyalbQyhha38Im4Xk5L5bLHjI544wa+kfC37Unhy9jii8XaLPYshAN1YsWVScclGwVTGcqPlBBGMHl2r/s0Tad8FNf+J2oSarZ6to2p3Npb6fLZyJbXFpBeNbys0zLhtrcAkgEAYIIAPzDB4ftr+JI5kjUje3mBSWBKFgvCgFSD/EeSMg5xn5anXzCKtQxEq0aTUJRT5oxcbaPtbqrXeultT6GjVwNS8nCneTXvJJP7LbbSWqTWjT2d7tafc0GueAfG11FeaH4otoxcSIUtbgKs0LBMKxD4Kkk5PQk5IJ4NO8b+E9RvdL07T9Nnt7yW2uGkmeIYMyvypDMcEkZ5x9Dxhfgaz8MXDbLjTrq4s3idxE8bGMs6HgqwYEDI/TORjB7aw8c/E7wnJEkGqyXiQ43wXu2d2U8ghmz8px9SufeuyjneKgkq8ZXTi7tOzeidttWtm2lo9dk5lgMLUd4RUVK2sVdPWOr1d31tbbS+59B+HtO1DSrm4sru2mt2WO4b592Np5VdwBGCCSAGzx945Jrlo4lGrXezO+4tpVO3JGIsgn2yemOnHBrK0P9om5N4jeKfD7l2OJLi0AkXoRkIwGz5c565OR93p6joPin4Y+KtSFzHqENpctG8ZhuM27gt2YcAsM4OOTyScDj0aGbUat1UkuaT2Ttde7p667W3Wz3OWtlc04OlO8U4pRknotNt0tL9d3sc7owVNJhACLJFcMCWBBK/MTy2B3GeechedvHXW8Qa40eQqVXyZ9iMAVLk7jkAngkem7khsHOO6XwDYS21udMnieJnMit5iyoSwOVO0k9wDkE5Jzzms+58N3VlNbq+5Zrf7scZBBVwQCR0RRxwDnHzHr82zr4GbglOKVrN2TfwqyenXW+7Wi20WSweOpJtxcmtrO+nuXaW1+mu+nmyhfwQXlxFEwBA06WNtoK5YjuMA5yCTjjH5jnrXRzb3EThCfMsnJBJ6BjnpxwDweT05457G2sLhnjVo2acB95Rt52Yz93JwB6YPp0GaZHGyT28lx5oCbrYbwyrgMNp/PPfuOhPM1MLQqxXs3GfMrLdJP3bt7ar7+771Rq1qcrzi4uLTb10acU43s77t3W2vdnD6rpiT3TB0I2CABSOSrEj/fDLk4PGcAkjgVHceFYHvxCkZ3tb79xBJBwCE2nABA7g9dowD09JutOt7rVbl42XbF9nCqFyWxgnHy4x2PUdvYd/pGkxzajYX8yW5hnW4UJLhCAkYAZj8vXBxk44JPPTw8ZktOpGSslK3xW3V4q97a9bK1tU0rWPZwuPlCactl10vvFJtXtd/p6nzgPDMYKvGhBUFXfHCuC3BAyATxnoTn16ofDpWYLNC3A371ypB5I/wBoj7uNvOcdeh+i7fS9Pjv4pZrcz6cNRYXUWRkjJyFOdwUcENg8FcnsKlzpMP29jHZyLb3M0rW3mAkm2JO3GCxwBnBGemRjt8dj8jcFJx2TV7Rdr6J2trvfW+t2tdz38PmEE43SbbUtk3003e7srq3d62v4xpra5pkyHTNSv7eWNi6hZGKcHKEKW2twGOcZBBA44r6a8H/tPfF7w81tb6jqDazYQbIxBcKilooxxGZl+ZguAVJOc8gdq56DwG9yk11HZXEaRxFo3ERPmAElnO0Nwg5LEnkkdmrrPh38LLDxnr11o2pX0+lWtnp8upXN7bxmZkjhUs21DwqgA5JA6HGMCvnFgcUq0KdCUpTm+WOumjXu8zs1rfXW11e1rHbVxWDnh51MRBKEI++0rvl0d0km73vtF9tb6fR3gL9pnw/d63d6t4g0+9s5dYgjg1CSH5lURj5SjuN3BxngdAABzj6z8OfHn4byPaxwatbwXMwECx3LMpCkqUfecbHGcc4G7g4xmvh6x/Zis/Eram3w8+Imk63NpcSTtbXAa2lZSmfn2gKpD5UEE8g5brji9c+DvxI8IQ22o6ppIu7JZlj+1afPHPucE7lEUTGXOAeqjPsDx9FgsbxLktKSlgXWwkW5qS9+N3JKfvQk93rrtvbt85icDkGaVH7PGqjiVBL2c26b0tpyTs7dVa+67tP7P+Iln4O0yy1DxToj2Vxquq6kxv7q3ukl82OfAQiEMWVhuAJAGePQVqwXkZtNBfKgmyRmHOcEAkgDIxgjO48jI5GTXyV4D0rxB4m1GPSU0i5iiv7iK0N3LvRICu0kurnG5c5LY6jGcDI+g/GfhHVPAB8Mxx65PfSTi4hnEijFssecKgz8yqMBSWHHGTyB81nWPqY6c8Y8K8NGnBKpHSzbkm5bJtyflvd3buejgsBDB+xwjxHtW3N0rvePLFxUmtHvulbrq3p6zbTLJFBImGSOYyD5vlPz7ecjoMjAIJLD+Kv33/ZbYH4RaBtAVfKVgQMA7lBPTnGSBkZ47nFfz52MFw2hDULW9SbyjbgxMgUyLIqmQhgOOdwIzgtzjmv36/ZGme4+DXh0yrsYQ4KgEbQNuOOcAg4UngfTNfa+C+IjV4vhbd5fXvFrW16erumrLq1fTq0kfmHi/Q5OHqV3rDG007aauF7dNPNeiufS5TdySxAI789xyCDgD+HqeMnqBUZj5OO+cnknn179/XpzVsoDg5PGSAAACCBgH0xjHBGfXA5RvvYK47A+gx82DjBA6fXp7f17Uw6nFtxs0ldpaaWvrro9fJX67H80xlKOiasrJK2t/dXTVa31266O5RaNjkADbnABbOSRyTxx0x7Ac9TVSWAnIIBXkkkKQR/d6jOcDvkjA5PXYxGMkJzgc8cZ4zjGeR/tZ4HAGKikjDE4Xptz2U+vQkgcDp24yfu15GKymFaDUoRd3dJrW1k00/O/dbve2msa7jJON/s3tupK13vrs3ra+l9tecktDk4Awd3AGMgc5469s5zz36GqEtjzkoPcjrntnAxjJOMZ7kY6V1ZjBbGRk5yPu8gN0wcAgdCCTgFT2xXaADIySM46K5HTjgZ4wd3c56joPisx4UoVuZqkubduytrb19Vax6FHHTXLd3ta3R3tG91dXb0v0a1u0ce9oq4JHOR04IJHfPHTAGOeT25qqbX8wT97AK+wHBweT93uMZOa62SAZ6DHXoBjPTORxkcDvjjp1pSW2TngANjBBIz/AHQBkkck4BXnryDXxeK4PcXeFNNLpbbqt03Z6Ky1aR208de7c0rd1v8AC1pt+L7tmN5agfMuSAwyOnr64IxkE+vXqadGQTyoyP73DLjaMc8tu5ycHPYHg1rfYmLZXbsyM7gp9TkAY5xyMkYwOMZqF7V+OOOoOCuzHJ4BYHkjkkHOegAryf8AV6th3zcjS3aUU12tbe9tV6K+pu68ZLVxd7ddVpFdLJa67NJ6NaiIRs42jAwQR6465BGcdOnPGQOk64VVX6DjGDzjnnpj+mM9ah8h1K7u2RgkgAA98cD36EdgKkVMj5SRjHvwOOv5cdec+rV7GEjWjyRnS1VktGr6R3std9L69tznly3vzbtNvpbTurdl9/UlwTtUdz97dxuz0BzyB6kcgc7SOUZFyNx3DGfTuT83JGR6cDHXqKmCAjAzxyW578knj8cD9KnCqgxjPGBxzzzntzxx6Ywc8ivXWDdWzlDRa6ptpNrpuum7122TZl7SK2S+J2V7N6R1fVPrp+CKJhVgMoRkcEZBIOQODgnPbjKjHToYvso5I+VjxkKWYjORyMgr6s2M46da1drEnngDP4Z6fxA8j5ieTz2wKcFB5woznDEAcDjPTnjIXsx65yRVTyShJpqMb7q8VdWa67/0ktdCY4mUUuW6015X191rq3u7bWvt1tji3fJIHACnJOGJH4DGNwzxnj0xVhImAwFJx1PP5D26jB6AdCea0vKBAOBzg46cZJ564/3Rg4744qTy1AAHHXPA55PA+ue+AOeCesU+Hm5Jpcqb5r9OiWj03td6LvbQcsW5K2rtZaeVlq29bXe3mtLsygoAHXOffpyQQBnI56AnHfJ6MK7huPPUAk8kk/L25OP4ugHAJBrYEJIyFXOSuW7Z6jAwcDPJwB3qGW3XJwRuHzEEEe2QOgUgduvfGRWtbI6sY3irpPprd+6nu2tdfK6dzOGIjdJuz6u97baddemtlZ2tYz92BjG7qSeeWA55+vIxySTkAmmuQpwD1GT1JIxnvggg5HQ8fQVNIm1jwAykt04Jbg5HTjtkdQOD3rsNoJOWB4HXueMkkjPtkj/dGK+cxVGrh5SUo2vZLT4Vp3S1u0vR22vfqioTSabu7dbqTbV9N7+fn0dxG+f5jz0ycbsdACeuAQfwOR2zVV32g47EnBwCDnsQeePoAe1TtwOp79CcgD05w2T7cEj8aUxJLgn5SMnBLEcA8Zz055yTnHWvAxddxXuyaWuiW+iv5u2r6Wa+R004eSb67e7ZLTTrte2i+SKM7Fgw56/geSQR16jj8CMAHFZMynBOMnJK4PcZHIz8oGef61ryAEnkfdJODxzyBnkZ52ggH8MFTnzRhQwJB7qOQMtx64yB07HA45zXxuYOdRtp+9vqtmmr6W0t6Hp4ZpJJXSvoratrsvxe2j2sjIkI4yB6gA44H3SowD6cdRkEZyBURkYhSTjb8oHIY56HOFAPIAIwe4z1FqaINg9QMg5AyMDPsSMkD174NVSgK5JywOQfcAcj0Hcjq2cEcV4M20nGLk/dsmn1uo/C2nsnpprLzuvYi4tKzd49NWk7LTyv3votFe9xDIS3TcR0APpkAnJJznG49s/nEJguQBk8AkZGD2wNowPm6d+oIyAJHiJUMoGDx0A5BJOfXKj6YznJ6sZMk5wCCOdzADHqT0IGDuHUZ54YVwT9o3JO6SW2i0un3fvNN/PU00ilfVaRb2abSXe9pO911bvqrMarlWG1QRuBJI4wM5yMHg+3HX0FP3sx+YdCcBjkD0b3yWHBOR1JxURjbAYMSMleCfm4x2PGRk/qCDzUi7c7QM8dT1BGQDnPOe4+6e+e0Qpz5Y6tc3RtXfw9nfpfq9bboblBpvys+ltnrf1Wqv8AgOKnjgnA4yQOe44OCCCME9R146TAMc7WAO3qD1HTGTjBHHHU4yfURqhYDII6888HHUc9MngZq0iDcMZIHCnGOcHOemBzwAB0HPFezhac425rO7autWrct2rWb1d9Wr2vre5x1uVpWa0d7dXovKy26q6utiVARgjrgA5JHBI64GMA44z1ycVaGdw4wRxgDOc4/vZ4wecgjAPGQDUUa4K5GAMjIGPYkEdSvPB56HOeTcjQHn3wcjJYfKOBkkAnAHT174r2acZxcbSkkmt3stLXTb977/W6s+WSjZczW13vbVLS9vvS+d9Ribk2hQSDkE/w54PUjk9zjuferaSMxAGcgDIb2+vv16emMdI127cEcYGQTyM5Iwf4eo+6cZwD0qdVUYOTnBIyfmGBkFvvEH5c9+3OK9GFSrGW+qst0raxumrLpbe60OWShy6LtdvdrbTRX076drWsTB149QDkA4OQeegPb88E8jFSrtO1vl/iOCC2DnBxxkfdPA75zjGKgVCTkfw9D0J98nPPPToPU95QsnXBHGN3J+p4yck8cZIHA616FKc246vWzXmk0n0t13ts+vXmmoSurpN231/C/Tv0aJcgAZJAG4Z6qQx9OvHGOmPTsJkmEagZzuBPGQQc8Z5zk5A+YDg5wOtV9vJG1Rz16EEZzzwRwAAeQeAOm6nEHoexwTxwvJHTnPIP0JOc4z6dKrVp2km03ZaX0SSdrvRW6aNpJO1iFTjJcr2ut29dE12V1qmrdr6MsicZ6YHPBzkg9s5OOxA+71z6s7zCc7XI25wM4yMdwemFycfX0qqEAGCM8ckY5GCB9BnBHb73rkOH3gAcjkYPcYIOD7ZGfzHOK76eNnypSerbV07S6aXbSS26638jKVGzvbSy0fTVX+FST69Oq6Wtb3vjkj0yBg8gAZHG4njnI64x1yeYwCgd8A7cDk8DHfkD1wTk55qqrsWAIPyknbn0J9+cAc8cZpcHPsfmGOFGcZAwOmRnGecYJrqjjJ8ytJ3umtVL3bL0VtbrVN9DNQ3tCy0erd2/d0eltNU1vul52xMORjHr83UYPTjg8dRjOOOuKXzVBwN3J3ZOT97J5B+bB5GF6HtwRVEsQGGODxkDnnPIB+X6AjGOCfWMybzgEjHHIBzkZ5x32kDjGAcdea0WazguWUnLVq+qu1a26tdbbN66MPYyve1lo7WV9baata+umu+poidQOckEkDICjBII+6NvPPOMDFHmqpOMZJwD3P0zyTycccHpkkZzg3HQHOOenoPUfj/U4FP34PJ9CO3QZAXHG0jg5wc4yCcZ2pZlKXKm15pWVmrapWfS9tttrlOmou9n0u2t++isvK99+9mX1lyvYkHHACk/Nz79T3+8RjsK8/8AjAT/AMKr8e7MsW8P3irnuTEQcevYEkkjAFd0pDA7QD0yM9ye7H075HXvXE/FVTJ8NPGaAgb9FusngjARhz3J5we+c9hXdiKsquX45RejweJWrXLJexd9E7rTy9Gm3bXLrf2lgH2xmG3eulem3+Vld9tbXPzz/Zwsmg8A25ldFjj8UyTlgMkBGkcsx/u4BBIJwSR1FdfrfiWz1XxRcafpqGXzNNuVuL0s3lt9mVyyoq9ueTgqxXnHBHnnwoj1HU9CtvDWlLPaWUV3d6hql7ApLMVbPlK/HygE7wDgA9DytevDwxDpeqwlYIod3h26LODukOFdvMJPO+TPzN1zxzkCv5vdavUjRw1NSjRpTgpyd3dxeqg3dWS3SurXuluf0RWWGpY+vVrTU61ZVHSpJ35YvlfNU395raPa99z81Utbr/hJtQSNgrtdXrg7eAjSOORgZxjkHHGMknNa91peoMtuCqSAXONpUbieO4PUZJ4xjI960rG1E/irUyjHiS9IH0llzg9sdeue+a6Z9Pma50e3gWaW5ubkKijIWVy20LuJA+b7qnkkgnp19GhWjSo1J1HpBOcrtW0UG7NXdn1tfT5H09WredOC5Yp0otNNaWjBt3unuvuW90c5/wAI/fiKWR4mjRIpQropYEsnIb2GeBwA2WJ5FZmjaKk9s7LJLG0UZEh2EbiGYkjjoo/hweF6EHNfUtz4C8R6Ppd3PeaSGga3Plrb3G9oyE3MWDkjccnv1GOQSK5bTPB+qT6Nbzx6Hdx+cZo4WgKs9wXYhS5T7vPJ4xgZycZHnU8/y+aTqT09pBRu+W7kk01dJaLW73a3ZzxnGUZThVpuF+Vy5kk5W2vZK9k909VfU+ctb0ki9tR5rspcYfy+SoQDJ+9kcDHPQ8YIU1mNouJ5zuJZGhI4ABVnXJ5GeQeAvXJxnJr2vWfCF/YMn9oaXfwTxwz7i6EqrhchGc8DjtkeudvI4JLWRHjmuIiFuGYAliQdoAXJPXJB4x16HqD9HgsXh8VTboSc0rJ8suZRVo3UmnbW6tZ202dtc5ucYKXPBrls2tVJScdH0v56PTbvF+01pcDfDTwmokcgSLwUOG22acrg5BPXoOCPSvCLfSIJtF8PxxswKWO8Fvm3ZXPAY9QeBjPXk7jgfTH7SUe74ZeEy/yqZ+CATwLRFbjr8pJyfXOcdvDLG0Q6ZoA3ZxapnqeBjoT2IOR3xgjGMj2MDOKrVW9ZJRUZO3aD0+9db6WVltwKdsJRlzKKdap21961l5tPZdb6O931Q0wL8HdZt1Uq2R5kjYOW8znA5AOQcEYA/Q/CPinw7Zpqkpmi8xjZKxD4ZchQcqCSM55yQMjpiv0fksrWH4U62qlmLPnBwed5AU4LHkAbcEd+c5x8GeNGRdZlVVBJtEQcksCASM47cD6jOeRzlneJlGFOCurwWqdr2aT2Wj2vb9dOvJb1KlZu1lNpPa+id9OurV+vlfT5/ubSGKO7NtAsQi2qDGoyA2N3oe/PJ6D1rItLRDqNmpTLNd2WPlAJ3XEfJ4PQYPHIPQjAx2uo2kzRXxVSTiJmwueDz9QeOMn0x6VjadbIuqadGMlmv7AEtnqbiMD/AIDk9BwuenBz4eHq6LmlrzJap21ad7+SurPTTS71PpKmtObTu+WSs1rs2te7WnmtEm1Y/Tf9pOzDfBq3t0xk6F4eAABPCWaMeM8e3Un165/NnToxDo3iLaoCvaQtjOWIMYUHoBwMZOAQQckdK/S39pu9jg8DaDYkcTaFpQPfBj03IOQW4yRt5+gr839PEU2i+IEY8f2UCCB3RCBwR2K559Twe/2WL5XhcPKlJ6JRbuu6itLaLvv0t5fEZbCTnWi7XlUUrbXSmlp27eS6MxNNitZdHto40jcozg4zjKglgQAeeoPy42nHcA6Xii2jfTvDKuqhhBdkKcDAZhkKABg478ZyOhJNefeEtXWG2uLZldmKymMEsQGB+c8ZHc+wPTHAXt/GeoGz0rwnN5QlLW1wSDtxsLAkHPfrn9MA141SM4ySi3Kd5fJpKKS26PZdHZapn0EaUo1E7K2uie2mu6V9H0tZ6O1jJudJsJbJAIwyiTIUqR0w3B6k9dwBIzkj3yvFtxHD4Ce3jRI4xqEeQAdpJOMrz8wI4P3jjjA5rPl8aw+Wyx20jJhQ4TG1WyQdpPU5GOmA3Q8Cm+LdTgvvh/cXUKHZHqFuiRquSzknOSR0BGM5HJHTPGVKnWVel7XmsqlO927O/KtLX13a0srtO2lulRaWistIrqrq1npuvy0Ww3wXYpqF/oxKBI1Ejs/JUYXgAYySSOg45ySK6TxfDNN9qRpMww2AWJVGAQjcAggY68nr94cjJPlHhfxu+mx296lrK0luxUqpPlhCcdVzhsYJXpk45ABr1GXW7fXrKa+to2TcY4LiHmQxofmJPBGCeT/eHcEc/U0UnCcdXpFropxtF3e+itd2SstfM82tGaqU24vllpJ6rm1gkmkrJWT0surWuj+nP2XLi3Xwtd2yY81fEkgkA4wSqbQ2TuJOc/TgZB4+6IpQIMDA+8VwOSpjYHI7BSRg8dOOmG/Oz9njU7WDXZdChOV1JRqkezcV86LiSMdedoXd8px82Mnkfe32tsA5IXYc53BchH68dcYyOehz0NftXBeKp4jJ6Ki03RvRmtuWUFdaau7TTT3177/knFtGVHOajauqrhUi3ezjLlXVa2atfrqr6Nnwx+zPGT8RP2hH5YnxgxJOOgcEfKeOAcHIwe/PFfT2rqrRySsFDqQoQj5icnoDxu4HqRnrya+Wf2a7ho/H/wAfHBIWTxdIxIy3VyOQM885AJxng45FfRGtXjknCTlXC8eWww4cgnkDHGDkepA9a9zJZ3y2Lu4/v8Qlb/r/ACS80l0SSXa1rnn51Tl/ac9f+XOFa670KSb010d3ay7nyJ4eYt+2bqyttUjweCAqg8FSd3I6ckEc+vpX3dEwaIIxRT94uFIJAJCnkYAOcHP16nB/Pvwvczf8Nh62/lu7r4VCfdOQFXgfMoIGOmTjOQOuT9mvqurbo1FrLsHO4hlKgFgc4yW6A/meelaZS7xxreq+uV1u9VeOr7edlr87GeeQk62CWjSwFBtdbWVuuiaXrt3PkP8Aal2P8af2al4OfFqA4XOcOgGQSc7s+/AznpX3T4mtDJbXSLiNpJ2G4Lh2GWwBg/KOe2APbkj4C/aRu5ZfjN+zpJPGyNF4pjKttIGd8eRyAD354PXHHNfb3inVJybgQpIWabJJOFwW3ZAyB93IYc5OMEEA1vg7fXMz6/vaFuv/AC5hf17devqY46D+pZM+ioV07ba1mu19NF2v36fDX7YiLD8KVhIbP/CS6apLdCRNEo68YyCcA89OOg+5PALK/gjwmDhB/wAI3o4BBGT/AKLFjORgFuuc5APbpXwf+17cSN8Lo1ljky3ifTWb7xXm5j6EgZ6kYx3AA4Ar6p8N+NmsPCXhm3j0y+d4fD+lqXSM7Ttt04Ddjn2BBOB3aqwzX9p4lzaVqFFJrspSaXbRNPfp1WpWNpynk2DhTTb+tVm1tZOFNeV9k9Gt79Dsvig0Y8DeKEyQf+Eb13LfwsPsE68ntxjp/dPfp4P+x/Mo+CXhJl4YS6omGY5+W7IPOSMHPrnA4Arp/H/jh9T8F+KYksbq2EfhrWTIzRA8tZTYU5JJPzH1x0yO/wA//sp+Njp/wd8OWX2W4cxTaltdQikFrl2BIcjHByeM4PrxVTcf7Uw7bfLLDVXfmaS9+n1aT2v0vvvuclOnV/sXER5E5PGYa+jWipyv1d1tbXXa6ufbWu3oa2uRKVCi2vfmGQeIXweuQOvXHJyRXwT+yBdgaZ8VclTv8falyxAJzPJg5OeehwQA3XHSvpW/8X3uoW93GLJwFs7xN8k0Q3ZhcBvvDjnjkdMdQRXxV+ypqOqW2lfE9YrfJl8b6gRHLPHE7M00mSokZdy54z93gZIBxRWqRjmGDakn+7rPR6J8sWm3ta723st9S8DQqf2XjuaPK+eg1q07Ju6s1umvlfrc+3ddS5utN1CFNrqkF1t3HO4tC5UDJxjjBHcYHHOfyP0Rbq2+IGvo3lrcOt+FeRQEi8iYncWOMEDAUA9SSwU9P04TxB5VhcRXgQKttdtM3263GxtjbQCZBg9c8k8HAOTj8n9b8RTWvi/VYDdRWv299UEcrYY+RJMSCJAOGYZYEtgg7lPeuDOZqdXCNS5k2+ZJ6q3s7p9Fo7b9OyPbyGlJYfGR1UpRiopJ3WkbJ3tZNcy067q9js/D2pR3etQtdXXm3L+IYIpjGS4eMSYzu5GVAxjIxzzXXftBNBF4s8P2lnK3lyWd8A7qQQWEeeT0IP4EH73IA+dvCup3NjrtpEtzE8TagJoypVnJVyVYdxyBuO4HAxxjnrPjF4t1ObU/D95d20t1K0V7EjRgKrLkDcME/MoABznk5HXJ8arUX1nDr3koObdovT3VZN832lZ6eqPcWGq/V68tG3CC5ZLW91dvla0kr3drbNdjISwvv7R0mON1kCPkAgZUYZiTuydxwNpG0cY2969G0KdY9J1wyMvmNZatDs7jlcZ78HBwOMD1OR4dpPiuSPVLOeS0uFWIbXeVwyqdpBJOclfTHbPB6V6BoF1JfQ317GqLBONTy24lArEkjtyBnJ6DrySa9LC1VOtUV7qMU2tbaNR5uz1eu7el7Kx5WLhKnSg3FfFFW1umuTXZtqPndaPXq/PviDqr3GlaLDJI2yLTzEgCAbRuI3Ajg8D3x2756j4HSJPYfEKESszt4NvceZkqT5ZAPIIwOB6DpjHC8D4tW8vdL06SAReXBC+WJA3KrEEck53gnAAIB654z2fwXjuo7Xx4zG1xP4N1AqscgZkVYxy4ByAvVs8c8ZBrbFVISwkknG6lBpJXdvaQbVtfW6WmltLG+ChJYhSk1pFpNRaUlorea7XWyPJ/A0MtvqjW7ojNMzMMEHIEjkN8ncY6cfLjg9K928A6cLfxfZXEvHmarEu1Rgny3yex4I5GQBjPU8V4V4bL6ffW1yq/aA2FcwOzbQXY55IC5HLDOAcgcCvaPCOuPc+ONAsFsL5Y5dTQfaGQiPLfNknoVUgcnOMMpJLBRMp0+RvnUtHu1u1a3lZN9b7XelzGrTqe0tZtcz6dHa3lvfvrp3LiLbW3xC+IryHzFu9Y8oKc7lJVVU/KCQRjOeABznpVPxHJZW8cNjGrR+XqVpKzEscAyKRgnByxAB2k+vBOKbLqNtF458bWgtJ7m4utdmEcsaAtGsQUbjtPCEhgO565OeMrxhe3ks+nR2dhezOmowLMwhH73DKVQtgEY45JBBA9fl7qVWl9WspJ3j8PMk2nGOitd6777aXPPlQqrGR92XKpR95aaPkTjvqlumrrXq9TxX9o54ZPifZKzApc6Npi/OpO2NjGO+RnAGf7wALdMDV8Wf2VoumaRbwJbxNJBHHGyL8rl4UJYrgDG4nLDI9QM1J+0Np1zqPxK01LeOCCT+wdKDG6ZIgHURs4UjGGDDjPvyT15nxjp2qapaWLm/0UGxtzDse6iV0KQgM20SdeOGBY5JGM4pYadONGF9JuKaSXkk72vp9/5I7cVQryxF435VJaRUrydo3d7au2t36NXdj2vxJG138MfAyMyw+RHdTxyKg+ZlJwFJHJ43ZyNoHy7WxXhXiXUrldP0iN7qSJmZ1dsLl8kgE8YOVIOe+055GF+g10ltQ+HPw1tZby0C29rqHm3TTr5EkqhnEQfJBb+EE8c8185+MdKu5ZtPgiudODZnePzbldpcOw2oSwAyMbTnjnBI6aZfi6XJOLlZRqSS6a80NPPfe1rXObMMFUlNS5bp04Lrf/AJd6+Vrtf5pHofwwulPhX4qB7iSVrbwvcMmC2AdhJIDcgHG4jOTk9M18/eDZmu9OtLt5JNpDBC8hwAdwbofXB2njHTjIH0F8JtB1NvD/AMUdPZrJru68MSqSkyskaupw77ccAZyoxnBA9vDtE0G60SO30mXUNIl8qHczRSl4lZzhQMZw2SNwyfmU4+6a7YY/Dqc05rRx1XW8Va+9rbWb8/I4JZZVjCEoxaTvzJ3V78ttL2Vr/hrsexfD2ZD4q0hlMk0xhu48BiQFMTqTyc453ZyMep4C+PXWl2l9r+trfvFtW91Eos23ariVsEAkuGBPfJ4zjINeufC2RoPHGj2LXNpJcIl44CBz5oeB8KrFTyQcZHHQEcDHifjDSJZdd1PZqcNs51a/kdDuV0DTNuV9pyy8kEYIPHXqHGvRnVclK9oR16vv5N6vt0S3R00sNUo4eKny/Em7pNLRJrW930TWt9fI4/R7WQa6qLMskUF/ahTs4bEyEFe4xnIx2GBwa+uP2iJrhvFXw/ud6IYfDtmEUqeBHGrKcEEAEKeOT7tk18nw6Lcw6pZMmuQ7nvLM7FGPMUTRnaABtDcNxkn8ASPqL9pSCJdc8GpcX8lqf+EV0+RJY0LeawRFPHUF+g4BG0AnJGMKlaUcTQ3ektbyTeyVtLPRaa2d/JFxownhK0XNNya1WqTveKburJWVtk9e5yOq+JBc2EUTvCJJN7urMVYLsYFj744/4EOwzXY+Ob6J/hJ4SmE6DzUMEYDn5nW4jYAkZ5OPlx068YyPnDUbBN8hfVpYpWSPykeGUKYjgFyWUE/LncBwCPy918U2FiPhX4GsnvYY0g1NZLe9lWXy5iXBVSoBxtYNkZHGMgnk9rxEeemnGV7qKte90lq7PV7vqu71R5k8vXs3yzTlFXXR7RXRXV2pN+eztqRa3d2qaXZSyMqySNZqdzfNuChcAAksfUAHkHOM8+ufB27T+zviv5Eryf8AFJy+ZuOAqtCc8HGfXJGScH1r5k8STW92lpBcayYGguAFkitmZSFHykfLkgYBHGORlvT6M+ANjaDQPimy65Bqlxc+HXjlV43i+zRGFzvZiuHbjOBnn8a2r1lKDtGfK+Wzs7atK7v522utXbfXyqGFUa3xQbVrpXvqkr213lvZXvq7o5r4cRKfC0BABaSa6O7I+6zksVwP4jjOcDJ44rvmtbeEMsYd99pIoVdxy7DJz29ACfvZPIzgfNPhzwbrtxbCfSfHgtbKX7RHHGgkMEBWR9y4AKqwPPpj3JzlOPG2jNezweNP7RitkMciQl3Zi2QpXdkAKxGQCCM5OBk12xrwjSSu+Zw5XfS1ktXbdWV3q3to3ZvkqZVKriPaSrxSU0+V6NJOLta+ui3Td7L5f1HeJ4H1D/gkh4mtIYiG0zwHFLKzYBiY3IbnPzHpjdwfm7AE1+QXgm5N14M0SV3DgaZaR7lyBuSBQckH8cA55GO4r9MPgjrPinxT/wAEififaBX1G+tfDGs2t9cakFUzLbPG6RRspJURq3ycAZ4HUk/h/wCEfit4r0Dw/Y2Wr/DrV2tre0iigutIlhuhOQgAkEbvuDYBJCjJz0xzW3hbiYYSpnsKkZtLH1NYxckot+7dK7Sa1V1e+qvrfn8RsteJWWSoqLccPBPmqRpuXuQS0m1+Durep7feuJJdGKPJFL9v1ArIei/IgIzjPBz2bAOB2rZstavrLUNMsLmSOaGaSUvKpJYLnAGRnsSeT2JOOc+Hv8Z/CqxaK2p2Gu+H1TU7hZJNU02bYfNABRWjRtzE4HzcDnnkgdfpvxB8CaiY7mx8RaTLJG7BFnuRaygsxzuWco6kA44GckZOBhv13D4mi41GpqKdVNc902nyytyvV8yt+iSZ+T5hl+Ipxo3w7lamk3FcytzRdny3Tul3+b0PTzeQt8TdMQNjGhyYAB2suX46DB4OD68dc46zxHqVvGkcZZA5MWBySPmxkgdzyOmATnjofARrEd18R9Llsr21uvO8Pz7XgvIpkKruJG6N2OBxzyTkAkZzXVX02qPPBcy280gAQbiGMeCeSx2jBUENuK4Jz9TUIe1VacZNv2lkly6JKLvZX1s3ul/lw4iM1HDR5JxtRi3eLulzJardWV3v39TZnIXXfEbxshA0+xB4wwIclRkfy9AB2r5P/brKn4Y+DiSmX1mViQDyVhQnIOB16kEn15r6QW58zX/EMe54vNt7EbTnjJQEAnnueMDHG0quM/Iv7cetWlx4B8IacspFxDrN1lCOAohCqcdQx6nkckfNxXBmKUMlxqkoxco2V29bSimr30dtfJ6JdvSyKElnuBdkkrdXf4VZbb2V9ba6XPz0s28l9KQYAdlfkAfOXUg4OC3JJzwD6bicfp1qV202rfDqNtoZPDuhIi8E/LPFubA4Oc/985IyCMflxDhrjRQGJ3Kh5LEk7lJPphufQ44zX6U3NzGde8CFwVA0DQlUDgkpLAWyOD05OSw/KvxzGLZ62UZWT0Tbim9bfhrfdd1+4U78zdrfAmt3pKDbSS2vu9r673Z/QB+0xh/2V/h1CXDONa8MbsBWOJbKBAuDnrklgMdeSMZP5d3vhqLUvht4odYka6tfGMqwEqP9Wsg+XC8/MV29cnODgYz+l/7U91FD+y/8NGhVg0uqeFHBQ5Dk2dsODjrjPHpz1PH53adMw8A+JyRtD+MHOS20BvPyeSSFAHUAg46dMVwYR/7HdO79pZv0klZX6+ln1e5TkliOVpNq3X+ZprpZ9Hv07M808RW9pq+gX8r2kVnNY2en2LmNCFeRSisAAAu/qOuc45Axjy7x34QS01G0S1iLm68J+bk4wCE4baBkHHpk/MTgcV9JJp1nd/CPxzejymvIvEVtFDPuIZEYglRkkckEnBzz1xivNfF5t7rXNMhRfKmh8HLHuQE+bIsbDgk4AJG44OOpwBkHTDYiTbUpbSfLuuZOMenRpt666feaV6bUOaK1koy2ad9nZJvZXurrvqzxnRtcuPCujaTcahHLqVlIsdk2Bh7FvtClnjY9UC5JG45HHeu2msjeWvjPUdPljfTb+bS5LcRqcuCEZ968kSAj5j7ZB5LCa+0mO9+FmlzoqGSDVCZCqKWYiYfISQCTgAYwAATXHBtdj8R6HbaVdR2aXi3a3lq4DW06wxMkZmiJKblHfBIOG5wcbSlGTnytczb2+1bletldtd1d7aaXM6MuXkc0uW0Wna2raSd920r6XabWq3t6hdS3dvqt7FvBW68N2gchtoFsLQ7toJ4O4AEDBx1wa4zVZkurfwKEysccwHAJzm6VcDpk46YPTGRjp0fh/WNF1e6FneT+TrdvoeqWN1FOxCStbblRrVjkSE4JCZyoJXHBrFuI5IrHwS0qOkf20xKGj24IuA4PIHTYSMeh56VEG/dure6tXa7tGz87bX7XXW9+qorRbjeSetmk19jfaytfWz6eTfVeJrVDY+NLeVGYXGr6XFvZcYEgVsg9iCSOBgcnGc489s9BuNPsLOzjdZ7W58XzI0cgAO+ER7CpPTAZgR05P3uK9B8S3q/8VZtLMDq+hykEnA3AKcAHH1zxyBjtWQJgbXSCwUFvGl6QDxgYTax+pxnPY/hVQl1jK2l2t7pcrv6LR+W1tGnMorWMtEk5Rei5buLaeivrbp2SvZ24O58M/aJ/iA05bEAhdYYztAIO7ejKN25ByMf7QIGCTpaFr6xaxomk6oMW9qdPWDVpMrHGmCqxXZxhXXOFY4ABBbg10iTW3nePGkKx3LyW6KNxBZWYZ4/iXGMA8juBkCsnU7GCSbXpDHHPanQtPkRMKAtwiks6MP4kYc85zzg846XNzSjLTlhGzVrX5Vr166u61vprvnTXs5xnG3xX0urJpPo076rS12rao9Purd/7Is9wcRzeLSygAFXTIK7CMBgw2kHkkHOc81478VfiP41+Ffxn8G+P/AWvSaD4o0TSLa+0rUIVyYbi1kYqs2T+8QlAHDEA47kHHoPgnxBbadocGj+Jb1pri41jTr/QZ3disMT7hJaNtJ5xtCMxOQeBnk8N+0X4K1nxP8T/AATonh3Qb7WNa1rw4sen6VYQPcXV5cSFjFFbwRqzMzBuyn07YrwqkaEpVqGNp054SrSqRrRq29lOnNR5oyunBrldpxd1bfWyXqyqSWGjOhJ+15qfKotqXNdJJWtfreyvZbttn3N4b/a7/ao/aktbiz+K3xB0LxH4Y0Lw3PrUml6fZ21rIl7HGNlxIIWy8wIy2ceudwr4W/bTWaTVfB1w4RkfwnbkgKP4pXwSwwWIOW68Y5GDXrv7NH7Pnxx+DF/4+1H4rfDfxf4C0rWPBt5HpV/r1tNBZXspPEMEhXywyg4Kkq2cZIGasfFv4Oav8avix8MfhxpN2trqOv6NpWnwTOjPBALhzmefb8whUNukcA8c5xmvHyNZVl2OrUstp4angMO+enHC8saMb005pKC5W27Xtq1b5eziaNTE8PUlKnyVKrcXHRJSUtW4tJK7a395O7SPhj4c+GtRutF8UXEESSRnw3PIUVclVAbcePmGMBhkZ6D1NeL2cVxY6lZKQw/02MZYKQAwG4nd1UdBgDkYbaQ2P6jPgv8A8ESfjRP4G1q5tfG/hq21S9t9R0+Am3leyubEQMPmLRhgfkKrgZLENiv57/iP8O7r4efFDxZ8PvEXkR6v4O1+50a5EUbAPNZ3Dws4zghZAokTIU7SNwAyD+gZdmlDHyqTg21a1NNcsZKKim9UpL3vJaq/mvhsRhKdJKhGq3VpWjUSl7sZSirJyt+C2abW6t5lfYPgPxASuEOuqpUAZKh9wIPp16YGOvGcfcH/AATDjnuvizq6IixCDTbN3OEBCpdbtz4HYFWL5Ix1OcCvlO3tLNfCuqQSBJEl1q4ciSPKkxIZAGGOnHHbGMYIFfcX/BOOC0i+KPjK5hSOJJPB80gSMFQjKCAw4A3AjcPoCM81hnVSSy7Fpro7W16R0X930fqXl9CUcfhpL4YySttZ+61ayso92npvdo8c/wCClMs9z8Z7ho1SUm5eRsNkNHHFtD4PGGUZU9c/MRzz8fgSP8N/DzMh2RXuoADjKb4mbC+nHTPHXnrj71/bP8Pw638YiXaKUCCAorMWaVvsqOVYHPDgHJPUnsK+Y7nRLa28IaXFLbwpCmqXcLrn5PnVhk9eF3EAnJHTrXr5NiV/ZmBXLFq1Ozb02ivPrp1trp1KzCklmONbktY3as3qlBr5arddLrufHlla3Qj3oNrPcP8AfCk7RgnB5Yg4xtxt6epI+hviXFcSfDXwQflTajLJGRtGASAAc8ZwBxn1xyKxItLszczxxwQLHaSSFXA+ZlAIyQRjBwQDuB5z2Fez/EfTLK4+F/gpTHbxH98WkKggbQxXJxznIBXHQgj7oNd+Jr60FJcsXNJtvdqNrarpd73V76K583RoJU66ir8sFqr6uMk9bXS1au+yttY9L/YUWWC48RXHmGOCFtKlCuTglbyHOMeu4HdnJAGd2azv2+YoLz48aaGjeKK8TT/MnO8xqpeJWkIA5CZ3nBPHoOa6X9kyNoIPFn2WMIkFlp7v5S/LuF5AQ5fOBk5wAcnOTwMH6k+Nfjb4e2EXiHS/Efgux8Q+L9Rs7GPRPEM8MNy+jiW3DM5MoIRFbjrkk+mTXx2b4qVDHVpwhKo409Emkk+VNNN6JXvtrto1ofXZfRU8kjTnJRU6vxcunLfm66q9rbdtTyT4m/sZ+AbP4WXHjHwV8UrDxL4nl8I2Go23hqK4tYprjU7uNGeCLMokxAWZDvwDj3wPz1HwC+Pmn2WnajeeDtTgsru5toTcW9zA67pJkjQEpIdqsxRgW4U5JZuDX7KaLor2vg7QZovCfhjU8+GbeR7kQiC5YPGr5Zwu3zOQMjOPunPWuV8fXt+3g7TbVPDQ077XqWnRq1trN0ilA6Fv3WQAMgbcHjq2MV+U4HxFx9GtiMLLCwrS9tOCdRxbilJR2Wytd+Wup6s+GcOlTqLEVYx5buME2rt09b8srKzat2dkz4DvPgX8ftAlEd14V1+KCSJpYJoZZLgSRhMny1jZw5GT0JAzjk8V4rrn/Cb6ZMll4ltr62DxzpBDq0EkTBAxy0W8BWydwHLZwPbP7NHxR4l0m98PRXmnX5tm87TkV9ZnkGy5gIibY5wZDwQT8pxnuBXw7+17fDUNU8FW99aJZJp8F7ZlzMJJZmVvnaR1BLHnA3An73JAJHbkPHOKzbHUsHXwNGnCq5/vabu1GPLfb3rNaNu1vuMMVkuHoJ1qeIqOUYpJTXV+zb1snbu2tX8j4a8JeKLHw54p0bxBd6UNUTQdStL2TT3k2wXy2s6ytbk5YAOVUHIB4wM9/wBPvil+3zF8ePi18HfG1h8OJfD2n/DLwu2kXGiQot0dRSaOGJgzqplWBNhYjGFVhyxxn8mtSitLW4ngXan+kBkC8OQzHIBOeDgYHBJ6E9a+kf2Xbe4Hj6by/wB4X0fUE2zhZUEQQlfkcMMjIIIHy4J6E5+/lkGBzDMsvzKtTn9aw0Z0sPKNSaUI1koTTimlK6WjtzdU72R4ssxxGGw9fCx5XSnJTmlGLbdN80N1d20b16u2iZ+k+qftL/DPxV400/Vte+H+k/8ACOWenQ2F/p+mqLW4urgbWUziVV3zrnaxGfXHHPlfxr8ffDzxX42ttV+HvhK98IeHbfS1gu4DIkiT3cY4k2oTtDcg4JyRg4JJrzO/0rTrjQ7u4vdPimu49akhedFETDc7KNrJyNpLNgZIP94c155deGoJNY1HTYdT1KzW1sY5wBM7qzld2R83II4xwSOD61+n5RlNbAV6Vam5yjGNlCVSbjJSUUk4ttK1r9Ho1dLU+HzLNliaFfDVFT/eO8p8q5t46K2q956pN79W2dRomrwXes6nOZlijlvYEj3lkBVBgnL4B4XqSRk8etPiu0kh8QFZI2VZ7grlsjouDjGSDnrjpk8815N/Z2tizF/a6vCYhdvFDHLEPMZ0JAYttY5wAAcZPOeuDYebxZbqzSWdtd202UY2xEauwA4+XkscgMDzzgjnaPsaOLloqlGS1fw6u7au/lq1azfR7X+Hngoe0c41YXk0lqlty6tbpL0vo1d639i0+cg6I4jQmS1uMgYJPyEbhyBuPbJHIBIIFfO/xA8s6KjBQrt4jYDqcHzccnOcck57Y5ruLLxLq9pdWguNGugttAQiRvllyGGVDkZAyd2ckDjgCvLfGOprfaJCAksMp8Sh5Q6ELGC4YRhsYLBhyF4ADZLfxc+Z4mlVw8kueMltGUZJfYu9dL20VnrrptbbBYepSrxk3GUea7cXF6PlXupO+1rXtppc/Sj9n1jbeELphIMtooOMZHzIuQOACDnkdxnPHNdf4w03VdNsrDXrWRXt4oIkkUkqwEzbmV9i8Kqk4Oc9QMnGOO+BphfwhPb+dDGE0OIkZy0m8LtGCQwOckjH3jwpavTPHz3Fn4TWzh5V7ezlLr8/G1QcYXGMgk+5z2OPyrGSj9cSvb31F9dXa+3R7afh0/Wst97CQTmnouW62Vl7re11tve+2p88RajDey6m0GEeRZEkUk/Ky7mLZBzknkZ55ye9f2b/ALLfjXQtE/4J/wDw31HV9Sgtre18CyRyor+aX2yMBG6LuIY42jcMnn8f4m9PRka+cs6uzytkHIKn7xwGOOvcEjpx/D/Rd8BfAn7aFz+zn8PIvhJb+Hdf8C+I/DhlstD1QRz3STRTEmSbz8rHb7lRiqHBGeABz8J4gVquHy2gqEXVqV6jotJP3YTSk5NPTdRTu1a99VY+jynA4bHV4LEYijh40KkazdWXKqiUruMZXvdxd7bad9v0g8HfHrwJd/EPUdN1nxVofhnQbzRfCOo6JDd6rBY3Op6lDJDA8RglljO5lBbkAqmOCBiv1VtZ4rq3t7q3ZJIbmCO4ikjZWjeORA6SK6kqwIO5SrMDldpNfwt/8FA/2av2q/DXjXwF46+L1lHpep+MNQsNM0248CSXEsOnzWwh8q2NjakRQuNoZnxuyd3PIH9oP7NelatpHwA+D+na5c3N5q1r4B8PxX11dszXUsn9nW+TcGT5zKD8sgb5gw7nNfL8OQrRot1pQdSdKEnTj8cHGSTvbTltK68r6XM+KcHhcOqFbD1HKDnKippxlTnyxgrxkkm3prfd6K2p7QwAGVzngkDuw5HPbBHJUc59fvR4QqxUj5gAQBye/GVyuDyeg6juasPESqtjIAGOMgnjnHfBPcD8c1XKlmzu+XhipUYI9Sxz1Izjg8duMfUKLVm7r5ava11Ztrs/7q1VtPjXFS1v9z/4f+vUiyMkcEg5zt44Jwx4AHAwAfrg4Bp2/rjOc87SAD355C4B6dhjJ7YGQFgA3BJyBkgDGeSDuyT6ZIz0wOWgBWKnA3AAYVhkAdCAMMxxjJIwMHuKGk+90vuSdnsktNdL+l+m3PJK1uZW5ldNuWsNLb6dnpe9tPeQ20cAnjjjOc8Dj3OG5bk+pJOVVgc5AAAxyACQNu45APTIyNq5wTgbsUZOQc8sCTkHooBwOTxgnJb15HYGM5bgKTkZx8wPckN2OOeT0HOaztbd27L8N/Xa1uvknotUuZW2ulvpbtp0/wA2xwbcwwo2gMQchhgDdnJz0xwD6deoDXZBjackMOo6YxkDPAB7ZPy4xxkCgjJJz7D5efzHGevGBx93vhrqpxkEtnnHJJPoeCOmOM56+1Kys7O7dtfPTtbp/TQJclrLa2mt76au766a6aJ7XE3YOTtznjkqx4Ocgc5B4ycHnJbpTCSRk4BIIBDD1yB1yBzjpyV/2cUwrk8HGOOSeDggdOSOpzznHFG1ieOmCBx/EDgcY6e4654wMVLjdXvfey735Ve9rtxv9yu7dbcmlq7XXva22taPTdJvW923ZdkySMAYx0yAAOck4PGOBx1PpxSlsKRgZB7AbQDgdOnTgLjHsRjDD3G45BXnOOoHOMjk4IAXg/oVDDIUkhenfdnJ4AOOec9ue+Kj81a/4JWs09Nn2frcuMpPa1mr7J3dlvv7vWy7Xt3cNoxklWPUdSxPfPGePmB98Z4pwAHrwe2TjPf69OfzNJ8oAwOcZxgdycDn35JJPc9jR0wSccg545xnjOOB1wTzkZ6cGuVS0b5XZxSt1sr3300XS2i7jS21vfWXVJN2dvuVr7X+TQcFt2SDznoBgYAwvYDGfXGAMcU0k4OMKpyRg8ewOT7E7R7dM8Pcg4BwCQef4R05IA6jjA79sUzg5I4OemccHHK89e5z098GsZaJ8ru0r79Pd9dfVu7e6KSa8/L0s7taaW1Xn0srEW3aBt6YwTg55GcH2+YlSCQMcAYwFAJHIBJGOOv4E8DjqevQcg4p53YDZ5GeRjIA/u+5xyRnvjHBDcdckZ5IDDcM5+7z098jPoeASQk3umtFrok+j7eetra69RwTT0i76PmdtG0r7NX0t0T62WwBgQvbqACPlYAHIGckDoPf7oHXDN4Iye24Z7bQeMgZOOM8j6gU4lOQM5wfl6DBBOAOV6kN0z2OQM1GRuPGQR1PPAyMZBGSc45xjHO7ODVfpu15207a3t87bm8Wvs7t6aaNO1k7vy+6yY3qR64bcBjPXILDkA9O49ByM01yQN465GAD820En3OMjrgkkc+7guB1GMtnkZY54OeQMDoM9CcjNQsCVcKSz4PyjOQOoPGODgbvTBNRNWUeu2nV2XVu2nV62s97msXe91va6WuzWln7vZWbeu+uxIWz/snqOjEEjkYzwecjpgc+hqPndwTtPb7wwDkNzyPTt94Z7VKz4O3aQy4Jyc56cem3BHI9QAQaiJxuJ9MckdTyPqRjgAds8EAVEajvLTturJX5ba3ad3bRPS7vuiVzSsmvd7puLtpZPdO/SyfnoxMghWBznp0PAAHBPXIJJHJA/DBtOQDzg5A6kZ6ADnGBnPTaoGcCm+nygBc5x+BLck8seD174NPL5x1BIyOvIBIx1xgHPvkAHvkU9XdvaystLvVdl89d7W1RfsoOzWyUdbbaJ7NNXtrpve19kwIe4JwM9SOfQgYz74/POMybQFY8k7d3yL6EEkbjxgc4yMnJznFAdAOpzxxgnt0z2x2654/iYCpS6gsMBhhcDG0kHvgZy2c4XO3GcnvWkJT1s3um9tNOltnteze4OKSWvZrfdKKa083dNLW/XYZxgDgZBORkY4OOnHBPP0zjkExFSBgccj8gcHPA68nJ6885zmcMCxyFHBODk47DOOCST6Dt9aazHceAvAJPXovB78ZAzt47c5waTUrXtutuusfnro1d79LshvTbmT7WVttOy2STdrLaTWpScAE8EAtwxAycjkbiMjIxz74BPUmCOg5znbgN0yRkH65Ocd++M2CC6kqoJJYng8Y5x2wDnjk5754FLkKDuXnJ7hSepUYHHzc4BwOnQcnSE77pNuyd9Uoxtvf3eiWzs76vYlXa5t9FdvVWtF2WnVWbbV3byIhgEkD5STkA/MAT8wz3we+4NkHn1N/IyAAM98gAkleMc7jjAPIBP4vyM5BGMcnj6k4JxuHXg896RiCSVGCOMfw8YI+vXn8fXA1bulFpbKOq1k1FKWjbv57ib2Vtrd77Lz8kRHcx45wSe+AcnA2nH3RjngsRyeKaquR8zE4cnoMFcjso7k5zwuR0PzVMdi7SQBjcTuJ2/wDfPQ4AxycDjGO4SMdCwJxjJJyMtnluVwT/AL3pwMzzLa6dldrTm6atWva2u69HfS1LRJJb72vJ/DvfZX03t26Wg2kZwTktnnIOS2SQeeoGAPXgDvUTLzhsgZzkKOAcHsCcE8jIHJLZ61acscE4IOQQf9ocnjJBAGMcgADg5qJySGAKrgE5P3uhxkEAEk9uSpOOOKzU27aab6ap/fr1TS6PvoCu2m9Xfa27XKvXzduztYrn5CMZbaGBYkjv1wcc4xjIyMn3w0YB7c9QD357nqccnvgD8HMU4wTxjCgc88457k5OTnHJPYhpbBBfqSDjj5ieMAnDE57jB6j0puXwtPda726PTpfXfb+bo03ulqlppr0ttZt3320vZLWzHbvvYwx4IIY5HYj2JGeOM56HIy0MT1yOc4PYY6nnHJA45z17A0qgkEKRhvukYJySDgZK44B+bjHIyQKfsJ4GASBwec5/RsZwcHOTgckZpSTdk0lpbpzXv3t1a1X33ZGqas1fZ9VbTfy1t8u5AxPBAI65688ZAHXJPbjCk4BGDhgGGHTBPI554Hb1z7c/nVplwFBABHUd1YdV+pxnp09VFMXGWx8p+YgnGQTkYOBgdCc5PBB45FJSjezlu9+i0jpu1r5PV9NbjXNvslZdddVbTrvror69SLbjnLEDOe33uR64BBOM+mPohBwMkjPILLnIPGepJAwQAcdwRgcTliQc8+uQBkkgMTyM7jjBBznnrnDSyAqRkEYAB+bg9eFJ+bIAyOgI5zip5rJ7NPe+l9EvO7201bv06VK7tr2uklZbavfzerSfXVawEANjkc4YZz1J5HQnjgHg5HUAGmHaN2MHGcAnnk9AO2McsOmR17y7gCc4Y4DAk4G7GVIwD8oHUnngdCPmRvlOWUEH17dAF6YwBjLck4wT2o5mvit71rbW9Hr599PPrMbpq/Zba3+HZNK3e/bfVMhVDkuQSAoYDsWPc+3LDGcjOAcYJcE6/KAMg464HQ8+h9D+pPEuSoJYZ645HIycYUEcn8gPmyOhiDKxIbOW4zn5QTnkDscA84J64OOkvve19Ha6uu3RWu9rXV0k7F7tb2sn07pru77+W9urG5JOFGMkdBwOOCN3XJHQ9DjOMHEeAT0O5uDzyGGeQp7gY5I5BGBxzKCMFSCeuOTngYzj72SeSfm529gcICAclePUk8DPIB9M4HUen1Ftt5Lolsr7/nZbdLDsnfzs/Xt08uv+RTZM7gSScgYORnGBjr1POW9SeRwQgLM3XCqMAgYBweT06DByMYPXkdLRGSW/hxu6ZJBztOc4we3PJz3qHbjdyFBOP72c/eBx26YBwc9sZoUnaN7pdbaa3T0b1vd+VtNG3YLPpfZaJ7bbXXRXve35WYW+YkDjnLDIGB1x1yDn2GRjPQU3qxxjgbiBjvzgnuOOc5xzmpVAGRxg4AwdpwckfL7c8EdefWmYPzEYxkk4AC7VJG0nIODyT0AHHXIq4zW0r9Oitvvfe+7fmumjJk3sl0td3bd7X6dfK73IXC/wg4Xrk7jwAT82eF3E8jAxjHOQY5DuxgD5QGIycHPBzk4A4A4+8cgjk4lZxnA+6WxjJAz1OMHqOOe2RnvUDMhOfUAAAAYOOp5zknrnPOMYB5aafV6btvZe7Z9t9GrWvre71lX7WfdLu47220Xl38xFJO9hjBwOCBjHHOcHnnIxg5PXJpy5ySSA2SduMnJAHcAY4/DnjGcgCKMnONvOCcDqRwMcnqcY9TwKWP7xPUNyQfQcgbsHk85GAM4/i4qlNqVl03v8np33V7bd+6lG0Vq1rvdJa6ab6vT5aqzWngX7W7On7MXxpPC7vCd0rknbhTG4PTOMDgkg8ccGv5wP+CbehXHiXxH8SraJDdxad8Nknv3Zysca/wBszhY2foG2/wB1t2CMKeRX9H37XMEk/wCy78cxCCWTwRfyBcHO1IHYlc9QcE5xkYHzev4ef8EnRpFl8FPi34rntWjvte8T6voF3MVXzY9I0fSP7QEIkPzKr3Cs5QEANyMMTXk51UlGhOXMk1QpxindNt1VZK2rene3VNaHvZRyxwiXvT5sXJaqSsnCne6au3bfa+tlqj+Yj9rPw/H4a+Ofj2yn0C8jkbxVqkx3o4jkWaWR4miQruCYdSG6sDnqa8c8NeE/EOtRyLo/g/V9Z8xpHkTTra4nKgAhN+xCclsDnHOTg4GfsX9tP4h6br/7R/xA1V7OZYE1QwxGXaoWKGMQpIFyTliAATktjkZPOd8C/wBpS3+FMUn9meHpNQupr+ExT7kYSIriRklTngtuPOTgYwQTn+hcDi8wjw/ga+Hw0KuLeCw37lzsnenTTUn1st1d36dT8dxVHBvNcXCrVlCj9ZrJSjG7tzu109XppbfVo+Mdc8J67pGt6K+qeEvEWl3Ed7aptvbW4ggRRdIhVmmRV3nsmQTxgDgH+g7VYSfht8PZMKhHh6xGxif3ZNovygZ3AkjB7FhnJFfmX+0J+0jB8X7pdL/4Re60m/n1nTL2a7BVIYHEsabYkUfLvwSQOuTnJBNfpp4k3QeAPAMAZcPoWnszLl22iwU8EkHJwGIxx0wCWx+ScfV8biMRkksdQjQr82ISpwlzRUVGkua71Ts9Um7eb0f6hwNTw1GhmsMLUlVoxhQbnKCi3J6NWvdJaavV+Vz57u1efxNo0Z2kWZhdcjgSzTiMsQOAdhJHQEgc5r4x/wCCh+lfYfGfgRd4ER0ScMwOAAbhTtIGMjOc8E9SSO33HosBv9ctTEjO11qtnbBmB+VEdSQp69txx8vU4ySR8j/8FI9Mf/hLvBEC3FpE0ej3oR55Bl5hLkjAyflxnoc8gZ3DPRwjVX9sUqKjLTDTVkmrtpaO3lorq+murRjxRGX9k1JO9vbwaaTdrbLm9Ne3XsfmTrt9p1hHtuLiJQpSQLG6s5AGcFQQ3IB4wM8gHqK7fwzqvhXX9K3Qa1dRXEOWMCxDCyIdqRrkYy45IPXHQnp4prmnaVs+0ahqZvbpoivlWkYKBl427xnGQFyRgexAq74L1SPS7OBtMs1Vzd5kNwA/m7HBGQQRxwcY7A885/U6mFnVm40opylZ+87NXUbXtonfe612PzWhXhB803JxtqrtdIvVrVN9tPJJHofiTTPiddXYj0JSbFIEkd4bVY2ihchi0zSgHJABJzjOMVzV/wCC9dkt5ZdS8Ri2nMQdw90xZRgE7UiYoCckAEHjIxmvTV8Z6/qCat9pu3EX2EQxxxYhjC4GAWX7w4GAc4B9MivPys0sEgZvMmmaIB2ZpJOT0BY5AH1IOTzxXVh+GatSK9vWVNS2SSk3qrpOeq2butNLXVrjqZ7GneNGk2otJSlJvay0tZp6a6p+ezL2ieHPDltod2jPqt9c3sawNLbBorfzImUFpGbAdJDkkBu2SFHXVh8Lw6bewypY2toHt/lmkVbiZgFG35CrANxndgN6kDArtdPktdO8PxWsqLcTefkFApG88lWVeTk7WxyewIAwUvmubxYY4YGaQLl7hkVAi4wq/PtCKBgDB4A44HPVDh7LcM3OrW9o1aVpNJa8q6Oyvbprq9zL+2sbiLRhD2d3zXim2/hW7bTdk2ne62Wu3kuv+IDowiWKcm4iuo5mZY4ssm/IUdSF+XHQADd1BrS1Lx5qmp2eo6hPf3im4tILeOONzEqKy42kocFlA6ZGOBnmszVPAxuZ7m41LV9PshNMpBklV5AgOSFAJHAxgdTnIGKWSHwhptj9ik1GfVNjhmEC7lc4+4RyGHbHHbgA1lSqZXhnVioU0tEmktZJXVmnbVW3b1t1256lLMq04ycqjTd3eTb6Wt2v5vZepyvhaaaZdVkmuJ9s83kwAyu+EJG445zkn7w6YOfWvovwz4oWztrCNyxaGyEWGZ96hS4I9VHHK89cAkZrxePWZVUWnhbwu00tw4EAWF5p5HYEEpFGsj5z6dOQTwM6/hDTPGXiC/ubOeMaXdwmW3aCWILMHQZMZhYB1cbvmGOBgdQTTwmeYGONoU6Nqs6MG5wi1z2dteV6rsu6Vt7mGNybGVMNVlUlKnCrZRlK/K9VLlu1r1dk7aXdnv6rrfim2vobohmZDCVWNC5BdQSpCnGNpOSefb7tecWeoo8xx5gBjyzEZ27OSFyCfx4Ocil1fwt4i0EXcGpaqLc2yPJIssSZ2sDgK2BxliD34OckZrhLae4CFY/EA8xyzBIoVJCHccdPX6nAz0Ix9VHiJPmn9Vmk+6Sva3bsrq9tbL5fLvhiXKm8ZHVpy5Urf+lJvW677NLv7xZ6vaSRQIXkDjawQxkZCZ653EHO727981Pp+oSt4guZJbeEWAjPlPsOzzmUD5lAzlsDqMn9K8BgivrgPs168aUkqqoCOcnJyvsD1yBk5x1OrpllfXiz412/iaCQIxLkB378Bxg/KcnPrznGc6nEU6iglgXpeTs9JNJbtra+umr+5FYXhmFLnl9dV5q0lZWXw+t+v3Ld7/Q9+LURiUW1vK0gUSryAQW4BBwRgnj19M5BqNZWojWSSOxRUhZgu4AouM4Ykd8bcHPB5I5x4OdLu7gvF/b+pllPzbZGGABn1575AB9COpq4PCdw8bSjXdUl8lWZ285mUAJuAwCxI+XkEd/UCmuJK6S5cArJaXlFWtZLS1+unr5a6Q4Zw6k2swnZ6pJJLXlfne+rdrd9Ee++FXsLe1XD2bxzPLIyvKiGMhmAB3EHAA44Izx7npbtNGPlqL+whDAuxNymwk5JAAbGRjpz1J45z8t6ToRuxA732oD5pVxG7gFUZgG4YAE/eI5YDBOe17UPBFtuSYahqMm7O6PzWBTnAO0nHJJxjqP4uxyWf49NSWApuN17znaz0urtXS11Sv8Agr3V4fwSS58bJSbSSfLZO0dd+ZqyV1ql0Vj6B1G80WG0nVHsZnWIqjpcR5D8qCo3ZODzg4ySDg8Yr2kWlPbw+beafumhVpHa5TJBACgYbIx3PTAwcAha8Sh+HVjNA7Nd6ikkVs0mZZn2uRuIGG57e3YEAnFXYPhzps0ELS39+skqowj8x8DA5AweA2RxgYB4XOKf+sOYzblHBxv2UlZu8brRa63S16PWyHHIcAoK+MlyrquXvF389badNr9vTL218PqjNFPpQJBUss6KzdiDhvToQT65BrC1SHQ47C4ZLmxOLc5iW4j3MTnB27v4NxPoQPwrhn+HGmNJsFxf4J24MrH+I/MWLDsMBcjpzjuXnwy0yOK4c3d0jJC7qJGzgIGwD0J+6c/ex93HBq3nmYzjBPBwjor+8lb4Ut01JN+abWvmc9PJsug5JYyU+WUXyrS97Wu79XrpZNaN3R6Zp1r4fGnWZOq6dFIbVGYfalG0+jjcRuC9gwBP3ck4qr5+hxNJE2o6cN0hyxuRng84AJZeCCcZ7ehFeP2/gjTbqCKYSXjNkK0iO4TqR8ijuR0Ayc89sVl3HgSwFwCt1dFBndnecZPIOQPqcfy4p08fmk3F+xgk3fXVa2et9ui066X3Tivl+V0qkVKrLmb1WjtdK7adkr6K+r7vY9L8QSaLJp19EmqwuGGSFnQBMMCCVB3MO4HzA45GMYwrRbK3SyjXXwY3jjeSQIXVTzxnt1wFOcY4K5zXneo+DLSGOWUS3TbShUKXAf5gTu6Anp3ycd8gjVttEsEtmRzeLiNSQJJCAxCg5xgBeqjqM9CCc1nUxWbSq83LGDsov3rK2jaV7e7fo9rtrodCweU06SjJua5m1dpXb5dE766J216306+lQ3miadKwk1vzFumQLmNguQQd3AIGc8/7IzzXbJf6RZ2F/EviJJVnQH5UJVNw4GXB2kA45xwB2r5yttOiurn7LCk8xSYFP3z5ABDbvmwRnH3jyOBnCkDpbbw/LLGJZBfJFLcGF0inf5iuQoznBy2cjccYIHzYrhzDG5tDDO84xSVr2btdpNSuveSdrNttW779+WYDKKlVyVPqm27b2s9XZvVq1muW3kd1rjadoi20q6rbxW91aCX7WUcI7DJC4xtdueTyAQQcHOfP7rVfDoczS6xZyFxumBlZFIYcELwemMAj5RjnHNaepeAb7xJaW2m3cmoCGwhJC+YQYY2YBBt3Y4HXOc46dq8h1/4Vapp+pjTbF2u2uFby0kIkkKqvGSxyDkEEDj5c5xg1x5NnGOSdFT53C7TfSzj7qXVO7V7a7NXJzbKsFUqRqqKVraJXin7tm+muuyv31vbqrpvBE48yXWYl86YKTEdyQqTgvyckKo556gZ7Cu+tY/hbDa28aeNQCkCjdsAyzAbgVUFhg546ccHJOPErL4ZX1lYytr8TwmQGOAxJuQ/MQ6ybeQcZyc8AcEHAru4fglC1smLpsfZvtSuIsABUDKpYdMjHIPoTk16OOzivSjyJRjP3ebVKV7Jta6q923e+y1tZLHA5VhXFycpSi2o20smulm01zN7NWasnodteD4fJZu8XiOefy0Zg0bbSTjj5c55x0GcnncMYPmk2u+FB50Ftc31zO7oHUDK+WXG888jC8g9cZwCcVfXwBY2fhHVNWmkuHntnmgTlsALwrdT16Hg9DnOc1554b0m0ntr+8uGkXyAIzgnLOzZHPdORlTgdV4INKhmuKxFGnTU1dyvo1fVQSTt5Oyvf1ZrPKsFRnUrK693ZTjJfZjpZaLsnrZvya+kRF4JNjYPbaVr14iWJZniKbPOMYYjcSchX64xjBHpXW/DbxDJ4ftpLvQvBerXV20rwTTsHdRHIfugxhgrHjjdnGRkBQK8h03V762itrW0uInS3eMRW7E7SGQZEgIwwHQ7uWyRyPlr7n/Z21XW73w1qUH/CO296ItWBnurcpHtBAwqYUck45+6SM8cCvr8uwuJq2knNNp7Jtp2g42tsnZx9bvc+JzDFYTCureEZR5rOMpPS/LZu17dUnrdryZ5t4T+Kfji18beKZ7DwXftd3EFpFPBKkvmW0abVDP8AKSQeOQo298ZIr0qf4vfE8kyDwDPIYzn5g/zHGMkMp75yABjGcbevpPhPTtavvih4/mstGmje3t9PWaBpFHkgquHJAJPXBBHTDYGCa9QufDficoXNinzMWIM4X5SOhzgAZ7cH6da9XC4TGypTaxFVJSkmlGzVmtk0+tlfpvojwMdjsB7WEnhKTvTpy5m9buMbXt01vv69T5Zuvi38U50U/wDCAPxzsyw+bvj5d2cdRjB245GBXkdlr/xVu/GPijUtL8G79QvYIBf20kpjW1UKFjZckct1I6tk5yBmvua+8JeJ5omlisolkICqPtWFPQdM5xnk+2MDJ58a0fTNZ0/4geN7e7sZnlis9PEkdvMGCSMiFBnfnB49cr8u0/MBjiMFWjPDKpiq7cqlotx1+FNSvy6JK1tLa6ts6stzHC1IYjkwlLlVJOSV/fvKCs46dHvZaK3V28Vm1X40W6xLN4QtIpGLFGkvGLbx/CXDcEknGfYk54qGXVPjkyTPN4a01RLbvEDLdvgFkIUAfd3EcgnvntkV71rX25Z1Fzp12kuWDBpPuswJGAWBwc5Y5PHbjI2PD+h6v4jtFa3tCLeIyRTln3bZim2PhjwV3AnPPQD2ay6rVVZfXMS+SOl2lqktbbevRLeyG80oUalFRwNCCc4pOz0bcd1zLvvrazWrZ8A/Cuw+IC+L9Yt/D0unabqzSTSaqk0sjRozTZkVMZBGc4Iz0OCOlfUp0X43X8kka63oUqAYwUIJwMHn1Jz1JIPrjjwb4cfb9C+LXi3TphmZL68hafKgq5ueFwM527QGO7k84wBj7atrqa0j3OA8gcB5Vyu4OCVwwGSQw4Ax3zgnjy8ny2NX2ntKk7xqSWkuXlSaXLfZXsm/O7Vz0OIcwlhJUHTwtKadKDvKnfdRdtUn7vRpPtvv8xeOtN+O2i6RqFzFq+iyLaWbSyIkWXCbSGKFwOwO3jJHGBnI+ALOfx2+oXupQ3EDtcvLPJM8YYNPuBlIAGRtcYwNuFGcDqP198QSS6pp2raZNbO63NjP8zYd8CNzgZIO0jIyDjGSOMivyw1XxPpVhrV7o9tp9zA+kyT/AGmJSFV8TEkFdwGeOepHPHG4cPEOWxw3JKNWbhPmilOTk+aNrpS0u4pJvXVWSVjoyHN/7RXIsJCLgrN04KLi42utne2m+6+V86LUfiTJAZBdW7Z3DIi5798Ake3Vh6cmrEerfEjZkX1sGBxzCSRgFsDC84Bxnp7HIpk/xM0oRkwWF6CGOArrhQDzznaQRkZ4zg45ODHafEfSpITusr5mO5jllzjnnBY/Ruepx1r5tYV+zjacm2tUn1Vru17tW20/E+hhiJqrODw9rJXly3V1ypPyd7Xs/noxlxqvjuSa3a8urN2iY+QCpRllySrMMgkn0ACsAchhXSwf8LDuymdVs0m4PCD5epA6Ht9emOe3Jv450u4ls2SwuRJFMJHaRU3MqnIXLdjz9O+eh9I0X4t+F1UB9BuWuUJ3/Knz4OAA2QV44AAOMZJxnDw9CMqvLOWt00ne7Stp6pdOiOfEYlqMXGipXTVuR305Xpotd9/mmij9h+IFxE5k1uLcvGFgwQQTgglAOuT82MjGDmsO+i8XFYxLry7g5UiOPDZ7bshQfoTwD1ABr0G7+MHhu8jf7Nod5bzH5FCuuwcMP7xBz356HnPfyy68Y2TXjFbS5zJIZcM/CuHJUds88HnOceuBeLw6hNRpOUlJq7XNZq6s7LVO6s1bZ6uy00wlWdSPNUoJKzkm4xV7ctpNWunffyXUuSaT43+XzNRvtjk7GVVCkcEc5JPtjrkZJxVKbw746jBmW81MowOCMLgnGOckDPuucA4xxnurXxqHigM+m3KsGQqWlAG3oCNzcg49CfmAJIY1a1v4jw2tk0I0mXczqAxm5IztygDdCpwfbdjOCD0wwV4KUpSWiav0bS63d7u172W1+jOGObzjVnSVBLllaPu3tZpatJvp5PZnjuoab4qso2afW9Ri3puVHJO9jkYGCQd3AGTjjIzgVmWXh/xDdiWea/1aEB+fnKqdwDAhQ3GcgbQMZOMHoHeK/HN013byQ2x8lAo8iSTcN2cZI3H5h1z05Oc9q8fj3xNqd5LY6Nbq87RxyC1iQySErjc3CkKAOpOQOvIC58vF+yw85uvVlGKs3Z6bRfMte1r2aVte7PpsE62JpRVKChVlZKPKn0VrKy5nddNX8i4fDWtxMfL1DVpY2B+dZHGSeCCpY8A8cBSSM+1Ph8LauFaVr+4ChWcia4kDYIPGAWyBnnkg4wcE1j654w8YaZmG9k+xzMif6OYcOcjJJDAgHP0wSOM1xJ+IPiRgAt1uDZ8wOinjPTA6dTwMgg/MM5zhGvl9SkpKc2pJON27K1terfTa3X5b/VsbTnJSqK11HlkkuVtx0Wz013WnknY9Ot/B2pSKX+3RjzGyCWeQkA54Jwf/AEH06HFOXwZehlie9jEbNlWCvlQDk5+9nnOcDuQBgmvPbX4i+I9LtfNMkcomIdN0eBGucZBOAcHGTnPGRSz/ABO8TXkZMDxRrGFJZUB6kEsATkhhztOBn5h6Hooxw04e63aS+xutFfqmtbenV2OLGvFqS5ZRSjsmlqko3td67aX+/Y9Rl8F3SR7RdQPvjKKMuQF3YwqMTlj1BChgAdxbAzZt/hvKUhdrqEBUA2lOhOHweOvcnkj0wBnymPxl4ov4kczyLIuRGoiw7Ej5yvGF746dsV33/CY67pdrCLnT7pphEju7qyB1ZcKxAyMkc8E5PqAKzdKg5N8r0e7d017ttFK/N12tZaLoVDF1o0HzSTlq7xbvb3dNHbW3n110sbR8B7ZDGJrcJlt5VMjqcAjg5Jyc5IHXjnOJqPw7iVlLXgUNJuG1NoLAEnjccg49hk5Bx1gl+I8kce9rGVJCpLFiwDAsSThiFYAkYHYfLgdaz7j4mfaGgjSA/IrZyysAeQTwRzgYxhTkADjOaVKi+V8qbut1La8Wr63vpslbpfa/D9dxl7QnrzJ7Sel1bXRXunsm1pbrf16x+GWnvYWzG4djNGhLLGoOQuSV5GMHGCOccDkYqO5+HWjQxNIzytKmdoChMkHGDgg5bPPfgkEYOGab8RNPgttNivZfKbyFYguACCMjAUnjPXJBHHUZzbvPG1jdKBDdwCNgcFnCnJbJ5PsRjAHtyAQqWHoqpeUUrW3S626P7vW3Q48ZmOP9mlzSTTi7rR3bT620+ff54B8JaTGFjmR4zJNHCcpkkE4yeCd2Mk5I5APGTmv4k8M6LpEtnBGSEuGZGJALbScfLldvQ5HHJz35q7NrsF1KjteW2IpoiqpIASQwBzg8L0/Q4J65PxF1yP8AtHS/LkhkijjWRiHXAJ2jnpwQODtPBBOMV00qdJ30grPTR9bLWz2vfe2tne2rz+vY32cW1UkrXduvV3s7NJLS2ll0uW28IWMcMckaO8ZjDZCjPzDq3Jzg9fzwSTVKDQYYr5LWG1WdWXzpA5Ibbg8Fc8Z9DnPGMEkV2uk6zY3EI33UESxwIUjaUYwVBJGDgMMY+XgZ4zkisq91myi1+KWWe3hH2MfvElGwnJ+VsALnGOhOCOc5reVGjGzk4NO8bRezVtE25W0TSTjbS7b0JhmOM3XtFaNrJPpy3etla8ftJaWCfRbCVEEemwo4BWQLIzEYxknoQM56gHt2rh/HNn/Y2lwS6XNLb3EtyIzskkYY5CqFJbjJbAPOD1xXoMviLSWhzBNbNIyNvZZlA3nsSSM8DIzjPI9a8+8f6rbXGk6csEkMkqz7pArqWB7liD2yDjcM9MdKwhTpwrJ0k7qaV1rZtxSt031Wy0tqdcMfWrQnCtKLjKN2nba6S3bbfp36HCaT448SWTbLy0hu4IwEkVwUmwG5G5cnJwQAAQc/8DHrngX4l+C7bW7K91ixvLC3SOSC8QBiSshLF48jcUBJLfx4xyT18z8K6E+qDVb4usi20eUDNwXH3Rg8E9RnHrwTxUrabHNLbG4gYf6fFGVRcBleTaRx2OeRznAB5GK+rw0MRTUKlOpJt+8pTejScNVu0m/Jt/I+Wr1sFWrTw9SlGMtYtp8ra01ve1u91ute59Rajr/w61po38N6zaHzHln8q5kMUiMQQq5k24bsenAyRmvXvh7bD/hHdOVp4ZImnuGcxSq0iZJxkoSWXPP0xxgnHkOo/ADw/d2VneCC6tLi5jjliRI5IQwaJXG0KoDFSWznnkEjgE+TjwN44sLu9i8I+INStU0i4WIW0lxKqkknGIycEswIbcTjPCg8D6WjmmJwqVSvRp1IQad4SV18NrxbWmlmrWbPlcw4ewGLU6eGxVWnNtTjBpuKeiteF9NNLrRdNNfsrUPCGh67eXVtc2tt5XkyNuaAfPhOTvI6kD+E4Ud89Pi74weCNO8LXmn/ANkILRLqGd5QshZZH3Nt2HIbHHXHcHvW5aav8fvDVw1vNFPqeUaXYIo52aNhzuYZYKQCeRkZ6c4rjfG3iXxF4pktIvFOi3GnT2ULRw+XEwRgzYd2JA4zntjOFBwARzZtneBzDD+zjRjCqmldqKa1ho2n0+Ss7I78i4dzTKZxnOs6tC0laM5JJWitYu1tLbpWbve2pT+GF3Pb+JtADSZeO8JUSMflb5SCNxGRzxjIPB5yMfTviO18OyldT1HUrh9Sd7qWSOBiSrqXMceM5wcZGBnA54WvlXwTazt410ezt5I2eS5iEHmcbXZVAzn5hnIyM+3pj6rvvhv4uW5ubiaG3nN0HMbRshMQz90ZYbAR1yuTjnkEjPKMQoU6idRxcZ2jGMtNFGyfXmurLTrvobZ7g8XialGVKlKpH2bUnZytrG6craWtZN97rY8+tNE1HWYY5LSe9u3vJmS3tY8hgCe5bGcDBYn+dHiXwQ3h+Gzt7zU5ZL25ied7Q5MlsQCCHGCMZ6kZ9mIGa9l8Gad4v8J6pbXI02C4k+zTRiC4WIxwB1O6ZOSA5XADdQO+cMMLxJofirxDrsOs3MUayXV0lmmFU+RDwCREhyECksxP3snK+voVcw5W3Kfu7tSdndKLe76Xvv273PDoZTi21BUJNWveUW7/AA66rpzXe9jw220a6NtJciS6a2iAIJygLqScZbAAyuMAgD3OAPfPDereDU8L2eo6hdQ2VzZIyXNuJt99cBQVVgNxGGbORxnOQcc13Ot/A7fa3Ony+PNOiH9m291b20aBWnu5UU/ZUXCuHLEJtYDnJyRwvzTH8M9fcaveSrbIthcnTmgklXzPMjztcIzBSHAzzzkgnjArx8VmUcUoUqVerC04ufK0ublab+K75WlrbVq9k/hPpsuyrEZfGtUr4eNVTg170XLlb8k9EvK910Omv/igYdN1iKwUwrdy+VAWjVm+yq56nkgso+bHBDdTzXnOpeJorm3mGxgZIhlSQq7wjAtgdOnyr0Jxk5Oa6KH4catcWqASQQzsxGyd403A5JPDbcH1yMfMecgmzD8LdTlhmikuLJZkLoS0qcqqlic7sEY44z2GMdenmjvzQvKKS97VtJd3daO1n36M4JUa8pJRjJR51pyXWrvZN6t2drdO9zzjwjqM6afeLubaDKNrOBtVjuwFyAxPIHJJ9Mj5ZtTuImlsYY7WMQyIDJI5VNzllPPOW9iTx6YyK9b+Gvw0srmTU4dc3tBbytGhhZVDu/qwOChyQCeg7YwK72X4aeAZZGhlivJZoACimVQFZScA4OM8A/LnPHzdcYwcXCMrQu3a/OryacZed03fTW7S3Or6jip8yjzKNvtRdr3i9FbRtq2yueCS2dsv2i3tkgRdsMkjq4BHQFUxycke+eAc9rb6ZZQrHLNJGXkCR7xIP3aOAWLgNghSO+cenFfQUfw98IQwtMkELTcIYZLli5GV6ep4PGSSR0zmsm78AaK7i5ht4Qu0ARG4JHHu3Q8Y5GAOgzg1tGsotc0YyV+ZRUtFHTdcyut99L+hn/ZmJ93Wpbd+7J6e69bLXqrK7TT0d9fLryXRoLORGwW+w7IXjc/MzjglfvLgd27becnA8+gKS3It2MYQW/yyM24cgnAH+HI6j1Hv/wDwiOkSs8R021dsOhL3GOFyMkEsQq5PcDjPHQUoPCVlBhYbXSYnhfKM84YMGJIGGIJUdh90HHBLGsq2MhK0moW0TUWnporXvvFNu68k7vU1pZLi27RUmnZ3dOS2tpprF2vZJpva9jwe906zu7kQzAhPLjZpFYOFKkZB+owCD0xwCOK6rS9C0yOe2ntrWSRIJDuUEbCcD95nIPGMYxkngHG7Hr1v4QRxLIsmiwzSFd4JVkOPm+VSMDsAvHOOpPPYaTbanplu0drL4e5J4aztZeMjJLyZ5+mV6+tcjxNCNm4rVq0k48yV0tm07WWvq1c7aWSY7ROTXTaVrXj0s9td0tXr2Pn++0xr3XZZBFNEp8t48I7LtUZC5zlGP0PTHXFc34m0a8Z7VUs5yiQsSxRyDk/e2jpzgHvgEYOQa+pL658QyzvPv0JXYxgpDZ2akhe6rjHZvlUAHpnGAMzUrvxKg3RDR5ztA2LaWpZQ24N32jcOCR7DGCMN5jhYwk5JrW7ta9ly7Jpqzf3P8XDh7G897xsrJ+617ujVrr56Pf0Psv8A4InfC/wx8Uv23tD8O+LtWn0e1tPB+uX9vOlpDeYvra3U2rpa3IVJXidtwHzMcYHGM/tZ/wAFkPh/rngTwB8Mm8LasnxV8PaLceILDWtf17wzZ6ND4QlmtAYIreWBBLNJITsiCZw3vwf5hPCHjPx78PvEUfi/wbrlx4U8T2ySJBq/hyWXTdTt1cYkVZ7QCRUIzuQMBgc9cV634p/aR+OPxI8Pt4e8e/Evx/4s00zi5Sw1K/vL2y+1DB854pflkk6ncVz06ZzX5xxXlTz3McLjKWNhClh40rUqsHdcrbk7xlf3nLS9l3buz9T4SxbyHBV8PXwsq1SvKpKU6cuW/OoRW8ZRTuu2mqWtj+yP/gkn4zuvBH7EXwq8Q/EP4Y6OLWy0HVdS0a6uNY0mzE9nDeXTjVPKuriMCac/Lh180DGVA4r8n/24f2oIvGH7W3wU1vToNK07TPCfjCfxzDpkOqWNwbW3Mv2aaKaeKVreIhIvOWISZ2tnHLV+BJ+LXxgXRbLw3F4n+JDaDp8UkNjo0Ot6nBpdtCzNuhgs45RDFE2STGq7fmJIJBJ4S+1zxtK6yJpmpvchMJc3cLTTiNiA481yZCGHGAcYAOc9PiJcHVfrFavXzam6clW5aVOi9J1oyipcznvDnbSXV7n13+sdJUqUaWVy9pF4fnnOau6dGVOXLpBRabik5WS8mf0/fG3Xvh38TvHnxr1LSNW0qLUdb+AFveyXA12yXT7/AFmS6mvGgV3nAlukhcKtupL7124FfD37GfxTtfhT4G+Lnhy/8YaHbaf4h8XaOt9Y6rdQxTPBBYxtNeAB8SwQ8xrs3ZcDHIwPx0bU/iZO1mIYNTjjaIRlCkkUboBkhnDZZAcfKeD0PSpE0zxtqH2jPh+6ubiRlSR0DhSBhdm1TgBhgcZznJ9K5FwJh6eHqYaePqSjXhhYSq06aVTmoOLc+Vtr33yuSva26PXhxtiFUp1VldPnoVMRKClKThavGKaso3fKm9rXu72sf0y/8EHtQ0u9/bP/AGsH0a7g1TTr7w6t1a6jbPugkik1aVwYzwxjJIAxgDcRgYxX9K/jD5bx+COG3YyScOQcnv3256HPy8g1/LZ/wblaDqOg/HT48f2npcunXUvgLTwokyCEN+TtAOGHC9Sep57Cv6kPF8qNfPnPKYPJ/vc8jJH05z0BIrHEUlhcXWwsKkpxpeyg5yfvPlpQ3tond66dOpz4apOtQpYipTVF1ZVJOEbqMeao3Zat6NSVmn3em/GBVDjaxJ5wMHOMZGRnrjvz7Z2mugTDWS4GD5RAI7DPHPqMk+hwa55ZQrnOOOmSD24x6jG054J+U8da6KMobRQCQvlkEEDABHY8gAsSV46D640hNJ6xuuVPVtp2tdap+8r2trqtkdTjonq7yW3TVLvp2S766NnMvu3gjlc9TjAOPvE9O/3Tkd8Ak1WICkEk92B6EDkkNjgE8EZ7E44OausMEj5uGAIGDnhvmblVHB+gPTb3ZtU7QRu549sA5JK9gAACVwtL2q0srbdddHGyv2abtfd6aGcItSTtq9r2ae2+q2UrpNq7supWwSQcAHg4yCxOD8o7dz6+gIPWykJP3jltwA4OeMDAx0x0yCM9ODmp40HcIQcFSuADjoFJHPJ9jnJJOMm4sYOcswUFSqn3zg8c8dO/Hp1D53pfs1ppv1d27Wt6/fZ5zcpPmafW9lttp93Z3durKXlnO1lUKeACRkjOOPQE9jknnjORSFOGGAD/AAnkrsLZxznJJ55GOcHJxnTVELOHwrAYyOcgkHGemSevIAGOc9JfKQqckAkAbjyrFcMTjnjBPyk5GcZ4rSCW/n16Wemzf33vbs7mVmrWvsvNbp8ysm2npv5avYw/LLFlIIKnr6t7Z+vv7GpFiJypG0lQB8xzgk59MHnBYkE/hzp+SoLDIBJyOg4GSQf4Rgjpu2nvycgEYCtkYYgFSwwDnq2eeOg9fbir5Y6a9ttl8Or1X8qvbRW+Q9V00td2bvpa76ap2undp36O5ktATuHIABZQT1BJ3EgEcfw9QSCDgdKhKOo5z82ChwCRggkdMnsSSByeck1psR0wARtH3sjA9xkcEcFslhnAPBqhK6qOyg/Lx1z1yB2J7jGTnrkACGkrvb3XrsktLdn6fPyHF3bW17NpJ6/D26X1636261cKV4OG28HnhmPfkjkEYOTnngHooVsDodq9emeCCcZ69cHnHTae8TTDd8hDZwexAwcEnpnAGTnOaT7QFALZGXOCMnkgj8F9cZAwBilzRS0/K2v3Ivlk1pv19dNnpbzun6O9iQq+AwOM/dPAHBHBGMDj5Twc7unU0wbsD5T8pOOfu4PUY52gc7QOMFfujlRNwo4Oc4JY4HTqeTxgYwTn1waerqQFIAOQckZJz36ZB685HTFJT5kknZq111WtuVJq1u2u2vmCSu/K21rW067el9r9mrxHA68nJ6D72ckYBySSD1BOMcknkxMCMjg7RwWJOM/w9+cc5H8TY7EVeUAcAg85UkDgAZ+o3dMknB3cnsxgDuBwCeSO5Oc4xwMA884ztwSeyk9FdJrRdLu1nvfZPs3qup0023ezvpG6X2VeF9tFe7urWTja665zAccZHQ5BPBxnGOM89OtV2XO4KBgfxdAF9j6564+oGMmtORVAO3GSevPYgnJPOQeVOfQnnOK5X5iCB2bdwCcfrnsM56DtxWbV/wCu2psq0ova6aVr6bWs1Z6bNX67+bz9oGAMZBbO0HOOnJO3Gc4xkYGRwehznldp2nrjOeSORgk9yW6/dJy2RYYMSAwwOQc4BXnIBHVscEEdM8ACkKg7jwecYOCce/rnjsPcCmuWyeur3v2SXVPXvpe2mr22jJySdtZaWTs7uy0bSvor6PddXqRby5JIC/KGIyQWPT8yCxIzg9e5WnfOQOSrZXJHBwOOcewwRnNLgZwducZOByG69T7kY9Ooz2eEyuR14BOeTjnoMckDrxnnnrik2pX1eluyVtNumuvbe6WltIxTunp8tHdq352evbzHpkkEg5IKjB7cYHqd3XA7jOOM1bTnPXqMbedoAHv2Ofrwcgc1WG1TkYAOMjPUEdMkkjgnA688nIJMqyKSMYC8k54/DGAfTnjuM5HJKrGyV2tuul7p6LorNba3B0rrRLVprTsotK7tfpokrq/oaaPjGB145bIJz1GSRuxycf7Sg9cWPNQkAdfugAnnKtliRkgcE4xg4+XrWWk4BBChsHIALc+uRj1z359QeiSTgISB1YHJOCcnt7g5wM9+BiojVjHr20fRK1/NNdb6+T0OSVCTekr7PW+6cWu+t07WvZLfVF9rhMgr7AqOWJI9T2P3h+PHSq73IOSSABn5SS3QcA85+mOMevSs+W4IBCnqcYA4GOvHy/N6jP8AFlvmHNOWYEdcHjhV5OOOP7oHfjk4HcYPbJ21VtGn53Wl09m1ft09NYYVad1Zbemi2+V1b0NJ7pOMZxjBznHPbHAHXlgM4B4Hei9wCGYZOOAD369Dzt7d+DwCDVBrhApGQxGCFHzDoD3+pP061A86gH5twABUNkZY8Ac5wFPA7ZHBIziXVfTW6V9rWdtvl2tttobxoVF8N7Slpo3fbRPybv67LvaecISQc4IwMkcHPGAOox6YGeD61Zbnk5YKQAQG5Jwzf7XHsccnggcYpPdAfNkYI2gDg8ddzZAOPQEkDrVQ3QZiTgElkzncFVc9Cx9MbuMZyAR1EOrey01tr6cr20373T1T7nVDDyTtUvsn1dtY26aavo73j0sWpboY5bGMZIxtzzjHfP16bu/Ws+S56qMk4OcEDrj6c9s469TycU5pyw2nBZst1HPpxycEZBJyOc9apPKACSRxtOSPmO7GQDzgcY2jj6EjFRk3s9dXqnpbzve7drX2126uWHTd79u+rstk7b7W9dnorzTlhhed3JOe44BGOcAfw/U4xzVczMxZTgAMx5IxjC4Occ9gB6jB4NUjKxYbsYCj5emAe+BwcHnGD+PdwckjuBkZPX+LkA9MrjoOoyCK0UpLdppWturPS3+Wt9/uThq7dUrrr0s7q2ujv27XLIkIyQOMDOT1znOV756FsemCcUhbsACTxwe4wevp7+5GMHiAEkjKkg5I7ZUdMg9jnOfY8dw4cYz0wM9sZByOMjAz0B7c1vzJvTfy6ba6Pr5Xt5Iz3XWz9U7pr5tb9tbdriMzg52543DBx17Y47Z46bu3JNI5YgDkMV4wST1DZB7HnIUZx26cISBubB+UkAnkDdkZ/I5PoBkVAznnBOVbbkN0/iPzdQQT2+XG4EDpWq30ktO+7em1mvddvMWiXZaa/wBd+/4kchbKgnbnAxnOR2AB65xkepx0GQsalg4U5OcjHTvnI7Z5LZI4bGe9PZ1JBPHPBy3TGQcLy3OQcDrjnuVAUEgbT6NnOcnkBuuNvAOc5zj1F83T73tbZ3tvbXrt17mLU+lmrWu3JO6ad90lZ/fa70FQMcDO3B6DJLYJ3Abc4IPYcnHXFSYyWHqGJzyMcYI6kYHBAPXjIGKYpJztxwSAdow2Qec+gyCM5PXIHSpRIoDYBYpkFtpwCcDkgYOTjOOBnP3hk1dLV36fDvfTX9fyOJxld3ST7Wat56r5dfLbRyqdpAPRcM2crjscEjv8oHAAzg5AFW40AHTGB8wB4ycnn3JyS2MnqeOlYSR47A4HA5JLDOee/B5znHuMmWNwcnjkY3D0z90ZByBn1GMH0AE32s7N/O22umlle672MJQbl36d3stN9U9Grb39C+jhVbJUbSvHUkjsdoGAOvXJyM45yomwxz/FjBIzleQCCBwO2zAHAz3qmWJJ5ONpx7scHgcA4bgD0ORwQQ9d5wBjjK7hgsDgAdic45HueD0zom1a8kk36t2X33suvXe63zcdUlbZart8tbbeu/Uv+auBg5wxztww46d+hA5U4wB7VIsqAAA5IHyjLc5z8pI3ZYZwCc8ngkACqiEgAYPIK46jI/iGeoIHI4AJ9c5lGQFwuSDgAKcn1B45yc/8B5HXlqWtnq9NUujaa8/830Ice2yv3u7Wel7dl166dC2roeuMrjsc4JJYk5ba2B1yCewA4FpSmSVbcDhhuJGQueg3HjkbgAc5O7d2zVBP3gcA/NgDv2LZxwcYHy5I5q/EMHGARjaCV4GQQMc8EHHBIAOM4GatSXlvt0b0b7d9Vu9rGaUtXrfrp6P/AIOm1iQkKHONxyTgH5QOnJx7d+MAk4GQYQw3uBgc54JOM/pgkZHOeOg6CcdCGPDYXOAM5xuIGeG4III59RjNIkeWbOfmyQO4C84wOByMEnGMAdeu0Xrq9equrPWOr6aPVpavVar3WOPW6ejenlZemyvtvfzv4l+1tx+yX8cTn5v+EYlCg9BhSTknHUHnBwOpwcGv8+r9oaXVZNftTeLC1rbRzW0BXIZtyFiMdQRnJZtvXHFf6C37YKLF+yN8b5MAL/wjciEkA4LocZYnp9VHXjODX8Anxy0C6vIm1ZpiLaCe4QJvIV2ESgHdk8EYBPGCVHYmvbyHkdTF35XeyW2jaTv6a2eju/kz5TiVW+rNN7vmttyqa97Xp2a2e+6P6Z/+CWfgzxr4s/Yi+GVr4o8Vtp3gmLXZU0rw54eC2mqaja/aHZn1PVoytxCkjFl8pGw4yCCvNfpJ8bpfC3wn8B6jY6Lp0GjxXVraRR6fYQRT6tqZkY72ZY1aed2OQ80m8FiWYnOK/JL/AIJYftbeFfF3wJ8Afsx/Bf4f+KNf+JvhGxa/8WahfRJF4X0a1WeWS41a61FSZSQhP2aHBMj8YyOf2L8YeHtDtPD2g63eW76j4n1Cz1K3vdQvpXukiZEO6GxjlyIYomJC7VU4C+1fy7xfSxOC4oxzxdKVGNbF16lOnZRc4yqScKjitVGdk05Jyad4+X9B8KV8PieHcBHDVFVdHC4elOo7vkmowUlFv7Sd9FonfQ878A+GPHXxGt9DuNdlm8B+CL+Oy2aVYsv/AAkuqpbBGVbq5DYsYLsLhxbndsb5geVP84f/AAUD8O6Vpn7afx20+ytVgtLG40WOCIsZTxpluSzSN8zuxBDOwOSO2eP60PD0Swab4JCqVAgicnG0E7ARngcjqRkDPpX8ov8AwUcZh+29+0A6/Kklzo7bskHH9l244GeMZJx264xtx7/hVVnieI8XGyjF4ScoQilbSpTbd7Xk9buTb1l5WXg+JcFSyPDT1k/rME5SWqfs7LfTTpbRXTs7O/hPgTUDa6jBb42xzafGJCEG0pBJ5igY5J4AA5GBxjFdz441iz1Lxp4YNtja2raHE4IPVbqIjBIGV9+eMZ54rw/RNcttKawuX86XdaPDKsedwwCS4J5JxtyM5ABBOODem8V/214k8J3Wm2U4X/hINFijjYEebJFdxLtJzx5gG0heRnIOc4/bc3wlSo8RVUXyxwk4Sd7WfJdrqr2Xba7PyDLsXGMKFJyvN4mlOMdLtOVOz3dld67J+m394HgyANF8MUYYcfCzw9JzkgINPgG7gMcDgk4I7k8sazI/iT4O8Oa74rXU9bt5LmG5tYzY2Ia/vCWQBVaG2WSSNiWHDqCCAenXzfwho/jLxrJ4C/4SrUZfD+lw/DXw/bJo3h52SWW2/s6DYbjURsuInwoLpGSpJwT69r4G8D+G/DPi/wAYXGnaBbQCaTTw+oXTC4u5GWJS80t1OCzMSSzMzrzkn1r/ADix0aVPHY7mk5ydeo4RT92/tesndPTpGLvZbaW/trBe0eBwa5VFxoUnLm6Lkjpa6V9d9louutjw74w8Y694j1mLQ/Do0Oyurm2Eeq+IX2Tspj3Ry29rCxPzqA6rKAc7cjmrOjeChqFxr7eJtQvfEd/HrkJ2XEhtNMCMdwSOzhYxOnUHzAC2ThcAtWTqHxV8FeHvG+rWzXU3iDXJpbYWWi+HYjqFw8kaCPbJNDvtYMfdzM6FRgDGDnlLfU/i34ym8QXcc+n/AAv8Oy63FDOdkeo+J5IlU7Hlt5N1tbBl5zG+4HIxkjEU4OfJKTp0IKzau+Z3STsrOUm1q+RLTWyuVW5re5GVWdrWW17LRtJWS7JLrddF67bT+GvBmoeLNU1e80Twtpry2gSGSa208EpAY1dImKyztvYYWIOzNkgbun5zf8FFfhlL+0X8Dtb8S+BrjU9Lv/hzpN/q1l4vurdrKxubSKNjdafAkyxzSrcpudHKlGIUAsAc/RPw2+G/gzxF4G8UeNvFVzfeK9Xs/F2s21xrHim8lv7WK30e/CRTw2Mjta2YjRdx2fKAOoxmvMv2w/2yPgPp/wAMvG/wRsPGFtrPjPxH4DfT9L0rRbcT20Ml1A0MElzPGv2eCFNww2/IwO+a+r4Zq4vC8R4GeAo18RVw+KoOpVjF+xipThz33tGMG23JqN1r5/O55Qp18qxcMU4RVWlVh7PmSd1G6tfVyulbTdLsj+JrwLos58aa80+o+bJ5Ds84B8+YqSvmEtg5LLkjp6Z6nA+M2j20GkwXBuZruR7sliyldmAzfKMZHTkAkgdOQSPY9B8LeIfD/i3xBZyi1lltTPbPO3zMJBI7DGAWxtYAD7v1ArzL4y2WuR6ZGL66tkZLguY0TdsjZGxgcBiRgjHXpjjn/UrBVaj4Uw8Yxdp0ITcknZqSg7rdarRWT772P89sZhaa4nrVpS96NWdO3MnJNSS95W1ejto3vboi/wDAaZY9H0i8jNups7yVd91IqRqskm08OcghfYAE9a/uF/Zm+MXwh+LH7Jun+Dvh9eweJ7j4f/DS60vxhLY2rpY2GvNp85l06WeRFEkkjEh/JLDJHJIOf4Zfg3ptjbeGf7Wu1lubh3uIoopmIgjOGPmqhPVcHHABDYHTI/rb/wCCNPhaaw/YA+KWuSwNHN4i8V+M7kXO0I88FnYyiNd5AZo48jB3cZxtIANfgvjjBVeG8nxU51oVMHjMNGlTTXJOdVwXPK+t4wg7a6LRLW5+v+FtZ4fNsyw9OEJQxVGrKVV6SjGCjotr3ur3d0kup/Fx+0DojxfGXx2Ftja2r69qzw2kKgrAVvpyEAwSoJ4U9MDpjk8n4G8A+L/H+rLpHg7Rb3XtSklSMQQQO8UJBCl7iYL5cKoRkuzgHgZwAa+uta0j4a6v+0F4qv8A4teJ38OeELbXtWudTS3Bm1C/hi1GbdZ2iAOUaZQy7+244Ujiu78eftn/AA98J2N54R/ZN+Go8HaXta0n8Xaigm1fUFCFGmJwXbziCwLsMEhc4xn13n+No4TL8LlWXVsZiJYag6mJqPkwtD93Bc1So3ec+vs6ab1TdjjpZThamLxmJzHH08PQjiqqjQp3liKuq0jBaKMdPek0l0vojyaL9k5vDl6J/ib4+0XwrdSJH5+mWMq3OpxEYJiaN2KZ42EZHOeDjn17UE0vTF8PaRoWpSaro9pLLBHeyxCOScJCVDMF5IYgnI4PYHFfnvpPifxv48+Iwudf1DUtSmvLoSXctzNIwLeZu2xR52qgxtK4xjbgc194yxS28Hh1ygVmF18gIAXZAQAi4wrbQBxyT+IGWKWYTpQrZhilOcrt0adNU6UH7rfLvN6/zS7vbbuy6pgY4qVDA4aUIJp+0lNucldJN8vu8211bTtvb8WviqBH458UGNTzrV9xlhgNM/JIIycj6qM54wD5mJCHDFjyCCQCMg88r0yeeT82PYA17F8SLNbjxT4jmVG3/wBt33PG45mf1yMcjJzggZAxxXmH9msEdgm8luQVwzFe+OOARwOMY9OD61Ka9nTSd2oRS0ulpB/hba6Vmn2Z5uJVq9RtaObe+i1T9Gkn1dnbTqJEWuHgtlTe8k6KkYzuYMQFTpwM9cf3T1JJr688DeOtI+C+hXcmjQxan4+1tEh3uBJDo8bphSuQcygscAZyxxkd/kyyEtrdJcFCkqKWiIVeHz8rZB2gAjI7c88kY9L+HuiTeIfEVrDOzSyzXaNM7EPhA2TknPQMOCPwrKrSdaS5pOzaulZLRJK7Tdr725t0tBU8SqF5qMZTt7t1e10rW9b73Xzdz1K+0/xJ4ruG8SeKb+XUdQvZFYfaZHlCJKc4UEsI0TfhF6ZHIzwPafDngqJbaKQpyqx/MqEjLH7wUDBH+0Qcnqxr1PS/g/rHiAWVro8Ef2YCN7q+uv3NnFFCVDb7iQqqsqgty3IwMnBz65YXfhzw5rEXhbwPo8/xP8cpDHBHDYwO+iWNzgDM8iIRKYmOG6xnBGcdOWtmGFy+ElFx54rb3eVJJJ80nZRSvHqlo3qaYXLMyzirG0ZpVJKPNJSu9mrX3e2nlY47wj8Lrndpuq6y9t4f0CK8SafWdXdbaERIQ7tGku15BxwsYOcYGSAB9cafqmoePVHhT4E+AL/xlqkEkdvd+N9agltvDNjGMIZ4VkREnjDAMnXcuNuAAT6R8G/2PfEXxF1238W/tD6hPqyWSxXenfDzSme20bT1GDFFdRRMIiY2CM64JbBz3FfUHxT/AGgvgD+y/pL6ffa3penXFrbqln4K8MJbSXsrxR/u4pltdyoT8qyCZkJB+pP5vnPFtbG1o4XK4VMbiL8rhR5nQi7pe+46zad23dRXRtNn61w9wJg8uoyxmcOjhYK0lVrKPtrWXNyRldQvtZpt6adF518P/wBivSLm6sfEvxz8R3fxE162CySeGLKZrPwxpzjBSBbeN0WeONhtKyA7lG04zivbPH/7RPwL/Zv0M2Wsax4e8L2tjCY7bwjoAtpb+4KqRHGsFoHKucBf3wUAHlsnA/E745/8FJ/ip8QRfaL4Bij+HXhudpl+0QsX1u7iclVdpcZtmcbTtRsbj0+UV+b2seJNV1u9uNX1fUb7WdSuXZ5tR1a5kurhizEsUaZnbknOB8pHpgZ48PwZm+b1I189xkoUnLmWEov4Y3i+V8vuRs2+jl5nrYvjfJ8mpyoZFhIVa8fd+t1Va9rLmirXl3Wy0TSVz9Zvjr/wVO8f+Kjd6J8HNLh8E6G/mKfEF+qzazcwsSpeOIr5cJxgoyEFGxgD7o/L3xT8R/FHjLUbnWvE3iHVfE+qzuzzX+rXk1yyszNxDHLIwiAHKqAMAHBxxXnLrcXLh8O+/O3JcBiP7oXquAPr24FewfDz4MeKfGl9DFHaS2enuhne9uA6oURNxCjnO7aVAGBluTlSV/QMs4by7LKPLgsHTg0leo4c1RtKN3Kbu2+m6tv5L8xzrjDMMfOU8fj5OMnpTlPkpRu0lGMFLler03fkcjFd3t6kahnKIBhmLKm5jjaFyN3JwABg544wK+zv2df2B/2mv2nNStbP4Y/DPXdYs7hkE2v31jPp2h2cUmD9oN1cpFHOiqc4iZyRwVJya/pL/wCCVX/BJ39mTVfg14J+PvxK8Oz/ABH8YazqmppDo+rMR4f03+y7gxQE2gJiu1cqrMssbL8uMcbq/pD8J+END8LafZaT4a0XS/DOi2wEFvomgWFvp1pEqDao8uBEGdoH4gkjqa/CeOvG/C5FisZlWT4KWJxmFnOhUq1ny0KdWFk7RXvSUX/hT6KybP0vhfw3qZnQw2Y5jiuXDV4QrRpU/icHyyu5NPldrK6Wt1r3/lf+G/8Awbt6N4T+FXjHx/8AtC/EWXVtf0Dwdqus23hPwtuTTra9tLGW4hS6u3xKWicIHCZU7Tzjkfi78JPhN4F0L+0ZbjTrW7vLXVJliuLxVkSOCK4lREyykE7EG5mP3sHOen+hh8dni0z4CfGW4AVFtvh94iZiSDgnT7gKXY43Hce5XO4DOMbv4AvBOk+KPE7ahZaJot1cibU7qRrkxvHarGbyfJ84qsRVc84YgjPGQd2fhLxhnfFGHzrGZzjOZQxFNUoJRhTowabcaaVrRSV3u3bV3NOOcgy/LXgMPlWDi5OMlKSTlN2cE5S6qXXVq47xAbX7TeCzhit4IgPKigQKCFxgLhQAnXC8DGQAeDXGgS3FzCY2nllndUMECvK+SQFQIgJIOMdB64PWveb3wH4H8KRNqPxV8e6fpiLEok0fS50nvHUAnygkbsyuWGCdvB3fKOccNe/tK+C/BkZtfgz8N1v7m2IWLxJ4kiWRdwJAnjWccYIBAByScDmv2JY+rV5KeGpTrys1zttQT0XvSlaLWt1ZO/TsfnMMjjSqe2xtanh4X/hxkpTe2qitdrrrtytdC74W+D/jjxBea7NeWkfh3SpLWFY9T16RbSOKMLlmCz7CFK84x17k9MLVLn9mf4UuI/E3iS7+IGvWyhxpGjyZtIboH5k85CVaPdx1IwD0HT5g8afEz40fFjW9ROu+KLp4ZMLLY6bcNaabFbngRtHAVBVQegXrkHBrB8P/AAs0xbjzNTunu53cnyI87G5O/MvJOcncW54IbOeeyjl2NrqM8RVdNOydOmuVJNKyc9+21rPpo0Kpj8Bg044bDxrSi3yzrat6xtaKS8k13s9L3PfdZ/ba8UxpPonwj8H6P4Ms2UwR3VrYxzavImPkZ5thCtg55II68lefBtSv/in47vxq3jfxBq97G5eXy7q7mCsFTOzyQ2xAecEBScY7cetaV4c0jSx5dnpdvBg/JI0YaYkEbckBix+YH+oNO12F44ZEeHaklhdylWIzkIOQDjZ+Bzk8AZwe/D5ZhKEm40lUlpepL3pt+7f3pXejunbvr3OKtm2NrwSlVdOCWlODcYL4bJKMlo210f5HzXZ2DLPELe2CCWSSRnf5pGIkIBDsN2Bg7QGHOeMcn6K8DeAobmZL3UpHKGMSIpAKsMD7ygkAcY6DnjJJGedsdBs4rTQrhVG+7gO47lZg7SsQQCw9cBs4wTuHNfRelmys9KgaPy1dIFUjP7zfkZwB1BbkfePPAxtB+loYaMEnGEG7Xiknpte7V97Jpb31fLsfOYrESk26k3v3etrXbd7J3fXo9r6Fy10/T9LijWJQPL8xAsarnB6BgAODnOc4GST1q54VvIrP4t+HrqT5EtNEupMsygkbS6AluAWHAIOT0JIwa5+S7eVg+9WdGT5dwPytjk44yBySM59aZeEHx5bS5CmPw8VbYw3AupBIPbg+4YjucV5eeUpSwvJK6UouPZa20TVtNdut2+g8smvbc3tNU073T2cb63bulvfSyXoeq/Efxde654mvzoqGKCSzhH2iU/MxVE3bCduACSFxuxnHqKx9Bi1R0RdRuXfdb5SMFg/LAHcw5weAOQPcgcUbuDzL3S4oUd45LAdSweRgc88k43ZyCTkE5HUH2jwR4Yhk1KyN6hmmdIz5PVY1LDkqWC4xnJOQfwJPySq0Mvwkmoq8ItapPa19V1fn038/UUKmLxcYRlJuc1d3snte9u+j7Pdq6aOYsfDuqTWksgElvbsJzEAmW+WFht5yQDtwTyCeTxXjGh6pfadr/hq1+0S2zf2vf26bPlLKzyBiT1wVPy4OQSCRiv0L1HRoVtp7e2WOJY4pGOAF58ogqODwwAGOSBwCK/PS/SaPxdogGAE1q+jVivG4yOAQcds++TnpzXBlOL+vxxDcU4xjy6WSaaTtZenTpZdj08bhJ5a6S5n79m7PtyX62TT7Wfd6nXStJLe31u7SGG1uLgxvJ+8eYliWZiTk5ySMZxkCmtemG2EaAlwOhIVVUqc8enfGOvBPph3uo3S393bqWeVJrgyzKBgAMwwRnHUjksPr0xYglDWomlVeSxZ2J3McEA8ZfHOOnOSQOax+r8rdlGF1a6S0S5fd+V0rJNLfvbknV5k05STt8WjW8b6a25U0r3Tsu9j074ezK0yOAMlJ9yIDxiNhk9yDxhcYBywHOK/ro/YoiVf2U/gq20oGm1FlJ6ktOCPY8hs++Miv5FPhnEDIZB80Z8xm/hbHlkE44GQBk4469hz/AF7/ALGYT/hlj4IBSCokvztxgr/pAUDqcDuQVHHUAV/N/wBIVunkOFlqn9fopK297fi9Ho3t0TTP2fwYnFZnir8zvQm2nre0Hd300fyXSyvY9I/YYx/wh/xMw3yR/Gzx8GLddw1R8cqWGDgk9CSe+M19v6g6rDkseTnp/s8nbnoOTgY44Ar4f/YYG3wb8U1YFT/wu7x45z0KtqbEY4A6E5HU9vf7K1S8UxkId7LghFwc9j3x0wDlemepHH84Y9/v6jtJykqUmknr+7hvvprtr03P1zExcsY9WlzXbTs977q76Xenz10ypZTuYLkk5IyTn1JxjnGSfzzyCKqPIBznoCSc9yBwe475x1IJUcjHBeKPiB4U8HW8194o8RaPoEEKl5ZdU1G0tQqJkkiOaRWbIxwEOR+nwP8AF/8A4KqfslfCWO6jfx5H4t1G2D7dM0BVnaWZMgIHfCuM/KShIOcrzgjrwGWZpjYQhhcBXqJtJz5J2a92927pba9/TZyhFOzv/wBvO1vgu7N6pdVZLtfY/Snx5cRr8P8AxopcAnwL4hUtux839nXAUAsR/CeucEjHGOP8yb4jSS2/irxvCrr/AMjT4gLMWUA7tTnwvbk8d+4/H+qr4k/8Fn/i98RPDniLRvgF+zR4i8Q2d7omqWt3rd7pWqSRW9hNayRzXfmC0e1KRws7g78AY4wDn+Y8eIvgvNd6trHjOTU5NYvNV1K81LSbaE7bW+nupJZ4UO0bikzOhA4G0A5Nf2B9HfJcRk+OxtTFxXtK0sNelSnGpVjy6+9CEny3urOVmn0PxrxUb/sOthueEZVedqTkuWK5Iqzeq0aWt9F0aaR84+KZ5IdPZkLMRFG/GTgFc9MkjufyzwMV5DYTzvOWCzvy3O1jwTySVHQ5JAOeg6HNfbuo/Gn4D2NpdHT/AId6pqiEiNTdRxqhAGCVJAO0nPrkFsAZOfOL79ozwrp1s/8Awi/wb0SE7vmm1JAzMxZucMGzweep2nBGOB/aMsbUq1VyYWsoRglzSil0V7xlst7O3fTU/kHB5fGlCXtMVSlVu37urWqvr1aV3rdX1se0/swfDrTPHWkePF1iZLV7Lw802mNdR4lknKZHkK2AzEDjH3ck45NfpN+x1o1noXhyztNQ0bw9cWourtYrrXYLTzmKjaoLSDMahhlB0+i1+XHwl8UePvjimqQ6DqOjeAJdFEUd1a6bbrG10l02xEEiBQ2zawJJxjqOuPrbSv2RPHerwadbX3xl13SorhklvIbC4eLyhIM5jRJBwd2Sf4R+FfhvH1FZjPF4SvmX1FVpU5Q5YylOCgrcqcGndu/Mm7p36an6Hw7ClhqMasaSryhq3zp8zvFdbpW11XpbQ/WuTX/hrFeLpuvav4M0pXR0WKyl04PvIYBWLuFUH+I5A75IOK/ANPAN54e/af8Air4x0fxZ4VtdIN7rNtYTy6jZiOa2vIyuYsSkExq+WCg56KcbjXReIf2S7v8A4S/VrWb4neJbvRdC1Kyt9Q1a5u5w7JcyhCkKvKPn5JI6dOCAa+T/AB38Jfh/4Y+OPi3wND4p1XUdG0qze5t72W8Yy3N9JaLMwdllIzuYjbk8DbgHbnz/AA94clk1fEOhmtbHSxEISXtaUoxppNPeU5czey6u931v6ec5lQxFKCqYWFOKvrCSbaSSs0kl03aV7u26Z6ldfBT4dRy39/rfxg8O2c9xeT3MkUEqSHdM5kIUiTnlmHQdzuIAJIfC/wCzPpcX/E/+Js10654sofMVwuP4sZwT7E8Eg56fFmoaLYWtzLEVml2yyeX50ruDGHOyTBfGCMbsgc4J44qBorERkJBbqoRAHK8A9ASNoPABwOMnBJJAr9qg8xior6xJRUYp8sElJxs9tFrfXXr5HxEquWubksJFttNyk07arV/Nbq+9m9T70t/G/wCxt4flhcab4g8SGFFySXSNyvrvK/KecD39wK+vP2N/G8fxi/aI+Hngf9kv4deFPBXxXt7+bVPDvjPxnKDZ2j2sfmN5sP3JN8SHaGbJbaBnNfirstiikhcqo4AwmB855C8Hg9eec5AFfW/7HnxWm+CPx4+HnxRsb3+ym8MaxDdTTLkRtAdq/v8AkboiCSVI2k9iF5+M48wOZYzhrOo4WmsXipZfiVQw1X36dar7KSjTlBtKSlKy5Xo9n1t62U5hgMPj8L7SlTpU3WpudRJKUYc0VJpx6xS0urJ29T+uL4rfDz/gpjomnvrvxo/bP+HHw+0bUb42TxeGNMa0kilAIZVmhVWXG0lS33srjIwD8GeJvg1431TxtY+HviB+3T8UfGPhvxJHvfUdC1W5t9KhUMXnUh5EiSELkFgQjDggDC1x/wC1R/wUAsf2hdJtinjfTX8m9eeTS7YGK0dyhUTzqAAHAyBlQQe/Ar86viP+0hcWmhR6Xpvixpr2KxktII7DD2wguBiRWfruKs3IwS3ooFfwZwrwX4h4vlpVciwmUPEYuVNrC5NhKdSjSUoJ1J1nQlK8lrZO6cbqTufsOP4h4bpU4qlUlialOF+Z4mo4zvGPNFJTtdttJJ3/AAR9U+OvDXwN0b9q/wAC/B/S/iF4s+Ifwrmn0e28S+K9W8TXU4hluZYo7yKCOKdo1w7MHMe3aehwM1/RnffsMfsBaN8PfGWp+GfgpZeJhoPw+1S6g1O7NxqslzdvpMstvfwvOrATo5E+QdwK7gCBkfxV/APXfDcHxQ8IeJNeuZ20/R9ch1LUUnYtHeeTOLhopjljskkG3OSQCfQ5/tH8d/t++HvAn7Idl8Q/CfwyFrpnjbQZPBOl2saQTW15e3emtpbX3UyCKDzS5JUH5cDgcYeOXBnH2XZ74e4XhvMsTgcFXq06Gb1Y13RWIqRr0ZXcaTinOUeeL5ktErp2N+EM0yrH4DOJ4qnTqyp+/RUmpcsZLpzNJqE3bo7rZn8AfjSa5tvHPjGwtNR1RNGsPFuu21nprXciR29ul/ItvAIQ+FEcYC8cYXA54rWi0S3e0ilUPPI8SO3nSO+0lRyVYgEkZP8APqaxviT9oHxH8apKB59z4m1O5n2qwSN57qSZ0UlQNqGTYoOPoQBnq7CfbpsRJAKwKrEAgNkgA8AjntjPUEngGv8AUfw8y6lPKMJHE2nVhhcMpS+JqXs4OTu73bad31v1P5a41zTEYXFT9jOUISqVE+VvlXvXS22tZ9uhgvodufN2xxq4DKQsakAEglssCx2sRg54JJBHAqpBpEDGZAyqY18tAFHzFsZJ3AemSAMnnqDXVq7IGKDLMCMjOWYnkkkHd6dQQoIIOKqW8Kh7jcQXZyw7dedoPI5wMHoSBg4Nfp1LLsJG69lG9m0kk2tItWa6u+mj1XyPy15zjJTmniKlkrtKbjZK2l1ZO71WmlkZkOn/AGcwRybQCwYnaAQecA4HCnuASR1BPJrpIraMkAKAAcgDbtbOABtz3/PJIb5s026twfs0hAIVQrFySe2CPXBA55x15PNTWZKyP044QnkjHXBw2DnoO64GDXVRwkKfwwStJtOSS2S11X5aX/Hy8bjKtflaqTb6tzdrJK7Vu7ejt/kZHjOMRaLMsaqu94w4GcdDyO2eOe59R38ihhIvLfbtLKybzjO1idpOce/GMAD8a9a8X3TzWCxAZWWdcgAkNsIU4HQ4JwDjJOenbz2KzcXKSlTtLqMEgABcZIBwM5bJHXluM18vn9Hnr8yik4w0S7K2+23f5ao+64VqtYGKu3zz+d24O99H00WqSvof1Wf8G/N9oPh34SftFeINcL29vaanprPdsW8mJELlmbGVO3GQCee4GTXx5/wWf/aV8D/Fr9oD4MQ/DvWZtZtvhs4XU714jbx/2mZEka1jwoLww+Wo3Hg7upJyfbv+CKd/IvwI/aL0U289yl/dwyiJSDE4jilYB0PyuMKDgqc4AwSK/D39oK9uNf8Aj54jlkQJEPGGoQQwPhEiVJjGE2DG3G1eo64P0/zsyPgfB539IvjzPsTCbxOXQw1CgkrU5LFYalSknda2jzJbXXfVH9OSz2tgeBspwcdKNTmnJ9UoVVJddFd3u1ql16fvR+yb+0/rfxI8C/EHxN4hmh06fwjb+VbpHJIVuY7KzVUkZWwDjYpdcDrw2MV+H3x1/bA+O/xK8TatJqXjrW7fTotX1CCxsNLu5bK1WyiuJIoVfyZFzmJVyGGR3A6n2P4X/E5vhh8OPivpIkaXVtftZLPTrSEu2z7RGUkljVchmGQSAPQnbivgu58Pa7eyOyaXqNw90zyM628o+eZmZxhRgbWPHOSVx2Br+gOEPCbKcrz/ADjMMTlGGkq9SjHCKpRpzVOCjGVSUedStKUr3aV9F5H5/mfFuLxWBw1GjiqnPHm9ryScW/eXKrWvpFJddfO5yup65rN1LJc3GpX9xc3MplnmkupXkdxkks+8uRluSSM9MEYB+/8A/gm7+2Ba/sk/HWb4neKYdV1jw+3hy/0y50rT5Gklmu5YytqoExKACTaWJAxkDswPxbF8N/FUqw7fDuolnyAzxsnzMOMhgOQozjGQSOOeOs0n4S+PHRVttEEBAO83EsStkc5YOckZHDFQQc4PGK/Ss84LybO8pxmSZhhKMsFjaDw+IpxUYt0pW5oxa1TVk/dV07aas8bLs3zLCYujjaEqntaUlKLlzSV9F73No79tfU/oD8Zf8HA/xJvLz7L4D+EPh/TrJJJBHca7eTPdmLJCSzRIDF5iqA2zLZ5BGMZ+Bfif/wAFQv2pfH+u6hqB+JNlokWtme0ubDTLZAun6ddxtHNbWbg7oQ8bFXKqDnGemK+Frb4LeNLvLXDadayFgGdp1Lqp4zlGbgZOCOCOi1sWX7PWpSzefqOvafAsjD5xliCpGSinnOAACc9cgdDX5/k/gN4Y5ClVwPDeX+2g4/vK0fbTjy8rUk6nNZp22Sa302f1lXi/ijHSSrYqXI7K0fdVnbRpJPXVJfla59XfAX9svxT8FNCfwv8A8Jhe3Xhy11e51u30ti0Qvrq/uGur0SSrtbMzyuSeQQxLZwM/aPj7/goJB8Xvhzf+EdM0r/hGH1LTjFe3supyB14IYwjfkbj8xCnsN3qfyxb4E+CbUJJrPjUuA6/uTJCNzIDwN7japwVH4EEYzW8kPwO0COO2m1aSR7TeHLXQbzCcnaRGzYQ8KQD0AAGea1zHwe4GxuPpZnVybBvFwrRruqklKpUi42lUsveta6T6r5HThuJM8p03h/bzdNx5FHtzKK3a9LXaaWnRI5P4jWSNpNwbbXbW7h8iZhJJIrXNyxQlxKzNnaHOFX7xxnvkfG3h+JobPUCglaQzyIyJGzrgkjcAuc+g64HTpX2trvxI+FH9n3dho3h21u55LeWCO62XN0yb4tokCPGyjaTuUg8MFwxyceJeD01PSILkaVomparDcXD3SyjRGnWQhiRGGMbDajEAe/A9a/Q8vo4LL40aVGMOSmklGLjFWVkrfDa109L9Vrs/msZhMZjHUU5y/ecru+Z7/E9EtrK6Wlrb3PJrPS9UdgILC7lMi5ULazZU5yWwqZIJyOueg5PI6yy8I+KbiEeTpGoyNKx4e2kQggYOFYAgNx1GQCenNfQ+ky/Fe9uFay8E6qigZtiulW9uME9GZgMFeBjbnHU9QevtvB/x41Z42k8LXy4dvKaa5htdhycqUjbBOcYbAPXoK+gjm9Gly+6tVpHR6aLZJWXZ20Vu114C4RxFRqTlJ6xekHdbarRrXS3r3WnytB8M/F12pjOlTqybi/myLGykEAEByoCjByME89egGtY/CTxNNEPNWxtgr/vBJeR8LwdzANk+3Qg579fq21+Bvxr1bcLqDS7C4lYgvcanMzKpzkN5ZwQo4+8AcEjGcVrp+zR8QYgkF74o8N2MhYGRojcXEjZJBHzqCeSQASTnIwRnEriDCqbajdK10r2T91rTZu92t7t3tfbohwVi5veTVtE0o7OOr6Pyt1uz5Vh+EepQxl5dX0uNBJjEbtK2ONxVVBORkA8AHHJGK3bb4TaKkJabxOJHLFmSG1ckDA+7mMYH4Z6ZyeR9Ww/sy30G0TeP5EBI8z7HpiHkjlFZxxyNx6ZHU9Qektf2ZNGMAnvPE/iC+AZATCqWwdh95VCMCCSRyB1Oe+KJ8T01GajSs2tNFsrf5LT7vhR0rgGUpRlVd+VJWu+6vblXrazfW9kfHemfDbwtDdNJdalduu0lQY0hSQYOcFwME47kDDcYOBXSp4R+H9jPFIBvSJlZhcXtugyytk4V85ByfTkepB+xIP2bvh4IPMu01e4lUAMLjVpiASRtUoHwN2cjA7/iu5b/AAL+GemMpHh3TpX4YLdzPO+4jIY785XPc8dcA8GuOXElaaSjGUU3aNla7ut2079dLrvdXPSpcEYSk03BS12nd9VdtvuuiV9Htpb87vi5rnhhvBl5pGlQacZ5J4Y4zE7SyeWp2sXYggkkbRjnGD0zjO+GnxEk8K6BFp2meHZ7lDEHkNppty8rTyDDFsRspUYPIJIwBzjFfYnxa+HvhjTvDzrY+H9EUC/tJHuLe3iDoDMv7otjJXAAO0kEZzgc1794bg0Cw0vT7W00PT0kW0iMklppkOGIhQhGbywQwPcDvg9a8ypmFeVX2sJ8ra3srtWi73Vrt2ulp3a2a92hk1GnGFHkpqKtZcsWr+6r6JX6Pqrdtl+e8Hj34iakwk03wx4oSRgwVxpjRI4OQEO5QABwBnJUZBwea2YLX486pPC9v4S1WHzY9u+efyV+Y5DFC3yh8ZIABGTkE4r9DJNcs4oJSYHt9m0m2SGOPjJXIbauDg56+gHJDVTHjHS4ypa28+OMMqebdQD5sYKshcYHzYyTkH1OM8bx2IlJylUbvZaOzveLurenW3Z7WPUpZVh4qKUrWs0oxSj9lNpuzur69PuPiTTfhR+0PqM/nmPTtLQjLNdai52sepCxvg5/u++Dya6K3/Z2+M+pkpqfjnQNP3tkyRiSV1yckfOc5wB0AJzwB3+nNU+JWn2L5W202OONMt5upWy4bB27h5hzz93PXHHv55ffGu1Tc51Dw7ZlC4Aa+jYjPOWCnOc+o5HTaCAc3Xq9ZXemslJNqyV3qttn0TtprrqsvwsNeabS3bat9m6drdn95w1j+yf4sutkWtfGK9jjc4Mdjbgqqr1KFmJwDx3wM9wTXZW37HnhkKJdQ+IHivVQAokMcqwqSG6AKcqMdzgdiQORyc/7QmniZhP4u0O2EeVKwO0xXtvQDIPGc8dMYxwaw5P2j/DiiQT+OpZSsh3R2sG1XUj+AgAEcjqeG4IGKwlOU7e/JWV3onbRWSVr26Weuu5UcNhfd+FW1XNNNN6JaLTqv5f8vdrT9lf4K2hR7yTW9TmUKAL3WJlyVxncgcDacAYBAJPrxXQWXwe+Aui/uj4X0t2EgJN/ctOzAEjPLEnLDgZ29Gzxg/IEn7R3gNLhkudT127ch2DeYUAHOAcsFC5O4HIPIHTbVO5/ac+G8TxyzaXqVx5anO+7Us7DIViWYnknkg9shc9ZcrxV6lR2to42TT5dmrXbX/DrU0UMP0jQUW7Nu2qfLa+vTq387WPoj4r6d8JNL8DeJ4tH8J+HrW8+xSJbXMVpA0yyAnDIwUnPQA4HUHoDnU+B3i7wVovw00CObTLAX0dsweSHSoXldyxzvkMRbOR8oJIOTye3xH45/aj8FXvhzWNP03wsPPu7OSNJprlWZGbG1sAkZUkZPJyc84xWT4O/bD07w34L0bRbHwxaPe2EBS7ludhjkcZZJPNALMccAZ54yRjmJzaUUk9093e+lr3V1Z2T5W9vmYxnh6Fe850muRfDHmV7rVK+ysvd7dkfqJN8V9GijKQadfSNtUxmK2EABJPGEQDHVRyOMk4OarT/ABWneFhb6JqUpWJWVncryRxkkkdSfwwDX5Z6r+214kvpSbHSLG1O0BfssSyLuQgkMGGAe/HGM9RiuF1L9rv4j3hwLmOFCSSiQIpVu6ghsYwM4GOgByM7s1TqyvdWu7RUpS96/LukktXffyv0NXmOGTtCd1fRqnZacq7NW111atutD9dpvib4hlVV/saK2XZk/apyqyAHGck7e5I/iPTqeebvviF4nSKWXzNJs0ZgI1WQSuq44KlcbQp4ypHVsAivyC1H9pL4g6mBHLqssaEAFmbeOmcjJBXIAG1QwB6g8EcfefF/xrerLFJr94EYHasTkMBj+Eq/y4XjGCSSQTjIqqeHrNpO1mtbJu2kVdWs77/Oxg84gnoqnTe0VpyvWySva2ut1fokfrlqnxB1iVHWbxRp0G0AjY4Rxu+YhZHOAFPqTgj0zXIz/EzQIoJF1fxpDvRdjRo0b8r1IdT94DLbgOcHHWvyYbxT4ov3yb3V7sNnCZuHDZOBwispyeedv5c1Pb2XjjUcG20bWbsu2Pk0y8lAUrxg+WQw5zxknJznBxt9QrT2c76fBB7Nx0d00t9+rvd6I5Z5wm/hglvrU7281or9+2+jP0k1P4xeAI5GjfxHf3ioyhRETg9CQNoIwDwMEcdjkVwmpfHzwjZmSTTbK9uZdwYyXF2RGdmcfKW+UMQM8cfNxzx8c2fwt+MGslTZ+EfErhgCNthNApzyCcoFAweCOgOOOtdVb/svfHnVSQvgvVVVgG33NxFEp3Z4O6QMAPXrkgN3xcMmxDWlOu02r3UkrLlS0tZ69fIw/t1RT1oQaavecF0jbS7fdPbfyPfdT/aZs7qFENvp0CpgyRq5Z3AYDDZAJ5HY5JPtiuU0f9qO28KeMb3xVaaPa6oJNMGnC0kRRGhIIMkWBvLADg4A9zXGw/sWfHKaMtPothaEqeLi+jZsA4ySrseAeMnOOnNcvZfs5+KY/Hj/AA98QTW9jq8emHUmW2YzK8JC7VVjuyzZyABjqMDGD308rxdLkUcJKMqrjTi5Rs5N8qta63ey0vv5HDUzqlPnviISUIqcuSWsUkr8trbXu0r7+h9v/Hu1lsvH1mVZrj7PpERU7CyjAY7WyecYySMAHIDcV5xN9jl08m4itHM0TbxLGvy/KcE/wgryAAVHBPGMHsv2hrnUX8Y6WltOyR/2QoRtqh5EBO4OSwweg7Ec5BIxXgE9nq09ncl7mUxiNmjViFB5JwPm4yckc9jzzivbyuq1hIxhGMrQXlskvJPRNP5PU8LNbKtJbPo9dLcvxO6adrp+T72PKvEsNkLy7kghEe2cDMa5XIYdORtOQCecccYJr7E8AwQT/CbXjLGzgW+nTcHgSBiNx5GeM+u3j7uAD8Wak0++dZBkCZQRnJGGHy5OfpkckY6cV9qfDzy1+GPiNp3CoktjG6qxCqmFzx1I9cZ+hrjmlLFQutW46JfklpKya17t9W79WXRk8HW7OGnpZP8ADTXy3b0PMJY5g4j3MISyFMhQvABZQzEYJbORkdCTgsRWJ8TdQjvdAa3htzDDAsKSbSvlyMOSTgEEfdbuSSx75Pa3Nro95OscF6IowQQGPDuVGRhsDI7dz3xXB+NtKS20W9eO5S4AeNsM4yCCedgLZ9ACPfJ6j2ai9nh6ltVypNX1uknvvbft56o8um4xrxvdyUkldNxW3nru7apd1uer/sd26TeI4Y8N5k1nqMG5SOFMJxzjAAZueccn8fe/EX7L/wAV7V7zUdP0YarbX0lxfWiWs+6QwSOXDSBmUIwByMHqOhPFeJfsabl8W2QAjAWHUGJ4O3EQBDdx97ocYJJySSa/fdIL6fwtpCacloLs6cg81SM+W0fzBjgsBg56gZHygDIX5LC4hUcRiJzV0uXTTZqN1v06a77s+ur0fbYTD8sVJpp2cdtIrp5XStpeyv1P5wfE1jr2gXd7p2q6Zd2s1ruhaB4JXMTklCHJXHHQBeCDx145T4RwiPxzo7PvjkfVmYhht3bn3E4UDBBGTnkdipNffv7UXhLxf4d8VX0ixaaNPlRb6V5HEjM8jY3IxG9vVx/CMAEEYr4X+HjTy/EiwZxGGXVY5H2DKFnk2ZVB/CTg+x4BHJO2PbrUqMrP3r2bT2bi0uby1u2n3sYYKEqVSUHH3ouztzO2kbN3d9Fvqur0Wi9b8V2XheTxB4hXVpprS8e/wkynMaoRnOVHJI67uTgKdxLV4/4i8M6JG8jaP4ktrqOYHEExOd4+XnPIySPrnkc16t498OarqPinXzZxblF2GmBJKiMKcMQfqvT0HfArwvVdHvNNvJUm8rlgEC/MNxAPHOckYzgZznrg15ksHKUbx0Wj6N7K+rVuqTu7babX6pYhqTjpe6t7qe6T8leyas72+SKnh7TJ7fWIbFivnzXVkqvG2U/10ecDrjGBweQQNrANX1v+0z4c1G6i8Ow24aQW+hadJKyIW2NHAiclFJ52nr6EnNfK3haQJ4u09rr59tzZZIcn5hMoycc4B6jnOPcZ+7PjZqmopcaSunzOkE2iweYog8yNnQKqISfXgndx65FcVVzjCVONpXtFJ3ukmul+vSytbvZ29bCcsqPNOyVpKUb9pRa6J+87vV2tfXovzjvNHvbeP94hQAn5irgtyNw+YA9CPXnBAO3nT8JxL/aN0GdsqsROSuR86r0JBI7nPQnGck17fqOs6mtmv2rSbCcozHbLbJ5zAAtngHaeMk/eOAxYFQa89S+trvVJZU02CxYiMlYeASHUkYAUDdgZGckBuOmOCSlTaUrp/LVWXdJ2a6dVu0XyU5RTp2WmsrtuKvFXVm7rRrqle6SVz239oH93pvw+CZdT4fiyeR8rKqt14+7jGOn1zXzXCfKAUIdqsHBKjoykgkdMnA5OBg5HGQfs74uWeg3/AIb8DjULO4N0dBjaBrdwyqoVd2c47jp0PGSMYHzsug+F5FympXEEyqcxSIrYII6kZ7kfKcnGfTjOWm2vyt2em93rtbqdMabSVm9VG7b8lqrPfrZLr3uUPD/mStclUUkwQsSOBxKgJJXJwO7DtnIzxX2p8Y2mh8FfDaZcL5mlqWYLyB5YyR/L3BPTPHyTZabZ6ey/YtRjvTdxFCiKoKFXVypAHGMY3Hg9vWvrH4uNcXXgn4dLGhcRaRGwIwTu2KAgXOGzgDjn1B4qJLmjLXzfpdO707brztZm0Ittx1btpZdfddlt0dnq97PQ+eraVvmcRAu7gYGRlSeeMZ+YDAwMc98gjsfCEJPiWb5UDC1GACQQOOcjJBPIAOCoJHDE442FLyJYpriCeII4TBjYdScEkDOFHTtyTjmun8JPIfEM7KeRASpLEEYIOSDjGQMc9fXqawi0mkly27W02d7W31tdO2nncum3FpNNLmjd3bV9721s9beWnz9m/aDbdJ4OQsSW8MpkqMldiswDeucYJA6E818stNOs6mIhgVBLFSAB7Dkdjk8HOetfTvx+Z4v+EGDKct4ayQTkkBSSQepycdwMe+AflCCeZp9wPyklACxK4yTnBzjI6Y6nLE+vJi78/Nqm7N6LT/h79u6d9TvpTm5K6d7xsrO62Wuzd273v1PYvhvIG1uxLYJW7UnpuHDZIx0Gfm6EcEbsbq+svjDEs3wd8NLu4OqyFe+7LEBipyOG65bBPHQgj5O+HKqdZhCEDMsT5AOTjO/B4BIyOuc4x719dfFq4itvg34XaRY9v9oMBnPGXPzAnJxyRnPYn1xz1nagk7K7v102v59O+js1qjppN+2atayjez03i/VbX01S3vpb4vt7eFrhY3LKFznk8FejAjrnv2J5z1rtdCkih8T6WFdsIigDkkEkAcEKMdexxkelcvbz2sgkJlQSbmIbjlV52DryfU469q3dCZj4ispG2sGWMRk4B3nA4Az2AGQDyex6efRdqisu1+ZbP3Va73StbXa7abvddU+Zwtpe6SeuiutH8nte6d+h9D/Gf7JNqmgyzOdh0W2KgvgZ2Jt3DqFJGOPqeMY8mez023iaa1lBnZH+7M2zBXkDGQRw2MEhtvORxXX/ABzvAmteH4tgbboFscfwg7VJzjG5cnj3JA4Arwhb6WRmVTKmFIVUJ9eQMkYBHoAAencHzMTCUsRUlze6mmo6Jv4euqbWrTvv26d+HqKNKEdL22dr80WtrrdK9+ys1q7n1D8EpifE+l5BYrHhiSct+8ORuJ56g4OepI6VmfEoCbxt4gZD5bLepnEhTcNuAMLgZzk8D0Hbi78DjM3iazO0ALFArbhjIdwecDqfx4BPseq8Y+ErnV/F+u3qx20cMOoI0xlk2NgrtJUDHO044PvzyTGPcaeGpuVtHpu9NFokm03qtLtW00ZvhbuvUSdrxSbiuias9NUt03ZfK2vl0cL3Om3Eyzzr5bLGFaRtr4AB45JA6Dg9fQk19o/s82kzeEvHKwybt/huWaVnYgjap64POCNuMtkDueK8/T4M3tt8ML7xrLpN/DaJqKwQSsMWlzASAJYWLZkBcgE475z13fof/wAE7vgPF8RfCPx8vL6/tLaPQfhZq2rWdvKYt8tzbxSzBVEjqSQq7cJk5GCpyAPiMZmVGWHrVKVSMlSn7GTjf3ZxlBNPZKV2lp21asr+2qLpunzqyajJWvquaL2str/y2XR6q35U3Vh/pRkkUAgORhsbwWYLhegxnoMjH3sjFd/4cglSW0EkUu1wuxghB6gg465HRlyOTz6VgXyRtrDW5A2RPNHIqllwUlZSME52/KTjj8eM+ueHYQ8liYVBjiSMsDghSxAPJGAePlPIzkdya8nGznKmpS1vFNN/yvl1V9L6u+/lZWPaw0VF2SttdvV6ON2rWvpfdJrsmrH1D8F7eUvahRmQanCFTkYOcNn6dOemODX9zv7OiNH8Dvhej7g3/CJaWzZ45+zqenp/T8MfxE/B62aK+RUUfLfW0inOMEyK3BIHGO3HpnHFf3A/ATj4M/DMHA/4pHSSexybVDjjB4O4YHHHFeLwdK/EmatpPkwlKSVr25qtO7smtE15X33OfxAt/YOT6fFi52urr3aSVnZed29PwPZI8lgMgBicryQcjjHIHbIGOe/TmXIycAbsA5HGQO2SfvDPXj6nPNaPeSfReVBA55A/Q9cAdOemanBBJHII45z0GeT/APX59Cc8frFOom9tbu9/O1+VO1tL2stFbU/HJrlittLaNa9PO1vx8lbSbeApC5HPOT1JwQBjjAwTj35zkUoY4IOMZ9MA4XJHTkgZyAD6Y4qMggehHXPTpkAY55PA45JIBPBKHoOBjg/iSOvvnA4zgjueDvGpHW0bJpWvvry3sltd6brdqy5jCza20tuk9Gra7v8AVbrprMkmQw5U4/TkDP3hkjrycZ6nPLwWA7fdx3xx6++fXsRnrVdC5Zgcbc8np1I4PXOeM8Z4PYnEqhcYJIOAQCuee+CASeR1GM8Y4BB1jiUlZW78urtfl1vd2W7bv1u7bKGn3t2atd3Ubav7vlZt2uWMkg44bBxznGMZ9MHv9cZ9mdc5OO4x69d3I5Ht+nBybgBkA88HkDpjg4JIGOCOCQfvYzlp3E5z0BPU8c9APU54x3x1q1Xi1s7Npp9b2jbe9vmutmDjtp012sru/Sydrvv5rUeOTxjAIPYYG7GMeobj2BJxyKQnOVHQkDgnjbnkZ3Hn68D6CmAjOM8kHr65IJz6dj2XPXPAcGII6YBPIAHTHbqSM9TjByOcA1UZptXve6tdW6xV3b0t5W7vR8vKr6pX1072XXWK28/mG0kcjpz8/ODnHyk4Ixz6nseow4ggEt16EZx97oTjkcDHGMlT68syjZzkEFjzg9hwT8vBXgfjxjigHIBA4wOTz0yOce/Y9cDNap6Xv1Sask29Fb9f1VjJadb31S18tP8AE7PfyabsP74x8uAcZ4+uDzj1GPfBNKE5wAAeCzDvxjHzDJxxk9FxnOBmowxJ5YDkDjjAzj07EnB6cccin8KBwMnIycDK5Pf6HI79NuTgVrT1ab3V9HdL7Ott9G3bp+q1t1asr63d/dsnbXVvZaaW1sPAXoSSccAnpz7kk5GeeMc5OKcNm0r0IOOQcA9wMDHTr+OenEWQCMYyM5wM4XOchtpPTAIwOpO7uAMFG0AEAZGTk4P3TnnnJGMnn06kdP2X5vVtbXa2eid3001Fy+9Z819UtdFfTm2vslv1kupOHUKpGcLu2noB2LEE9eDnng/QGlbb0yB279Oe31GBj2x2FQZBBJxgE7jgZYMAeVxnHOCB/skDBOXBl/iGAoOFOdwZfpz82OMgccn5ekx+53Vk77tqzt5pXfa5XLuuVru/eTsuXq9Fe2vo2PGM89cYOSc7vXjPoMZ5AxxTVYHhWyACCDnjGD65z9cZznNKAGIB53A5AB7deCCAAMAtgDO0AdxII1OOARj0x15Jx/8AX6delaJaadLXfW9k7J3strf8Nd5uUVpZ3SSWlnZW1T3i1utH7zbaaaBQrMm5wAQQCR2Bzgdu3TJ475bFWFGc9iMjd6g9h7kgE9SD6ZNRcDGAODxxnB747Dp39uc1IhLcH+EAgnGRjORnHQ55ween1vzWm23fv3vp6fgZvlelna2t3106pWt8Wlm2u+tpkABOR17kfzHTnB5A6ewyJQFyMFd3OfXgnIB6AgdSeeuc9BXDA8ZyTu47YDY6eoOM55JGCOKUtgc4yTnIyDwDk8DgnPPGMZ6851g3LTTd+rfuu2y7t22svW8uK3s/Jd9n6Pp20a6WtYIxgZGMHgZPtjtg+oI9qUDIDdj0Pr1/w/UYzVbeCM5+Y4O7lS2QMjnGDzk9Oc9xinbx3JPTgbmyOMfNjPqR6+3StOV6X0va+7S272018tSZWtZJ99F5xvpp0e+rW3dkjc8DGT2PoMn1znsCOB1xnqwbeD6AA45Awfl688ZOB3BzgYGAEMDnCn7oGfxwCMAnp09cjIJpuSM4bJ5Hyr6dyBjAJIA74OQe9DV3ZvXf1bWmq9Xr36kpJWu9U1da26Xez/ra9rubGOcdefQnk4HX165P4YPCFckegB+vP6D2x0x9KZvAyT02jO4+nByR2P4Z79cB2/jAIGSOCcZzjG0cjJ7fTJ4NLVd/XVLomr99beb0LXKk910tfu1ro9LJ772+TOR8eZHgrxgFPzL4Z1kc8E7rCQ546jkYPPcYOBn/AD8PH2pTW3jTxFA13HCv/CQeIeGGVYNqVzxxnnkqRxjOAMEgf6B3jpv+KN8XDPTw1rPoTzYyEnqeR90dTxznINfwLeM9LsL7xpr8rwQ/N4h19d8o+Q7NRuDgKSMlugOF2jsDzX5Nxvd8T8ORT19hjGtrJupQbunp83bTofsHhvyrIuJ3ZNJ4K93Z6xqarbV/gtNTyiXxJqdjFai31qB4VLt5bIflPXcp6qMMSOAMjkDHHLXXjW9F1C1xq/mRRySFo90irvJ4Kg5GBngdO2ccH2+fSdEu4RbraWkGxAu7yFJZlbG4HsST0JGc4HbPmPiXw9YW1zYpF/Z+HkYTDYm7YGIyAcnLEn3BJ5CivqcBRlKnLWGtt+XTl5dGk15Wu7aeR5WPrRjVi3TdlzJ62ivhfd7PS7T6qyserfC3xnpF74ztnv8AUkWP+xL5VcGVy8ptnCqDg4AIwBjPPOAMV4j/AMJLZf8ACQXtpFKGhF7etmSKYSH/AEiQ4YbfyJ4444FfUnwit/Dlj460KI6fpgAsLqNnkt4XQM1oWLKp3Atn5snOMDnjnzaS008+LNTaKGxeI6lfOGEEe/aLh1KoR24yRk4JHtX0GEXscN7t1+9ae12moX77rutLdj5arNVMfNuLt7GEtJJpe9JWtZ31aj/TZ4j421GG58P+JIxch400mdIlMUkaK04ZMDKADrjBxk4wOoHwb8GbmDTf2nfDs1y8witgqSrDG8kpAss5iRcmQjhgMc8ZH8Q/T74mWkCeFNUjtltliuTbwyERosnlyTFSv1GSRzgA8c1+c/wHikb9rPwoWZFDa3fWgyoORDavGvykEEAAA5zk4wD0HbTcYxrS3UqTbvorc1kla7SaTTb72SZ6NGSeHbtZJt2bvsldJ9Xtslrr2v8Apx8SvF2nXvgTXo9+os4s7uGAT2Myf8fEDpGuSgwWdlBRumTxgGvzK/Z1hvLn9pHwgbHSb7VL0Wt5ax2NmqrcyTxRSCRI95U7l+9gnIxkZNfsl8brdLXwbdRJcKWnTULh0MaAFobeR1GAoB2lMjdjBz1OCPyb/ZFvHtf2u/ARaQk/a9VmkdWIw80UjDBHIYAkEc9OCR1yjU5aVOdOz5dbN395cqWtk2ktbvy2Vmc+BXNhMe2nH3Jfab+FQ0d0knJLW13dLXo/v39o3S/F1v8ABjxtcaj4N8R6dapaRrPc3awfZ7cNIuFkZXLBgT/CGJzz14/Mf9ll7/TfjE19Bo95qUg0CRY4LdVMmDIAJCMg4w2ADxkjJ6Gv3j/bS1Af8KC8d20lw5W5gsv3KMNsiGaL5mbJOTwpJHQ4wSTj8cv2NbYP+0IEkm2RHw7dIVAVlUCdFBAbKkoBkcdc8/eNdcMVUnSUptXT9zd7crV1JdU3ve34nnYKNN4fEycbqLvbmbWijqnZO+lnZpWfzPoT4++JNZvPhfq+n3PhzVrMXF/aKlzMqiCNzLG3lnB3bwo3DrkDIBzXxz+yS3iS3+N3ia30LQf7XvJ9OuQ0LS+V5cQlTdMGHUKwIHXjPA4x+n37Vekpa/C62kglZo7jxVAjFmALhY2YFh1wMYwMEcEEdvj3/gnvaRS/tJeKZJtjldB1MgMitu/0mMKCTnBAxu/MFc87Qqyjy1FJJ8tmmtmpJaNS5r2b9592rK91tTlCeW4p8ijFXai37svher0aTdrWb01u73Ox/a/bxNP4J8Mw674dbSkGs7raZbppPPlQPuQIx42nPJHfGa8P/Y91TxRpGiePn0bS7W7gm1tDdySGSSSFwWCjYint19Tg465/Qz/goXpEH/CG+A3WOCMya7MV2qoAwpHbnAGM45zznoD4L/wTetLIeG/ixJexwMIvFUab5I1cBU3kAls/KWBBHUDntmt6c3K1SUvflZXT1drXva7XXbs77I44OP8AZ1ObgopuXuq7VuaLd22+9n7za3ex83ftGal4j8Qa5pjalpttbXQ0q4jtoYzIEdNhJlfzFyCRk7ccEcYHNWv2WLH4i2ngG6TR4LVNIude1NhLNEJDJKrr5iEoGYKhYbSRjocdQfe/2vrS2m8faNPDFDHE+hXRjMSIgyY5DuKjIHbkjnpxmuz/AGGvKi+C1zJcCJ3PiTXCBOFJINwAACQck8YwOnc1tg4uWLmrtRaTum77rW++qVl567ixtdU8poVVFXc0uVr3VqtettFo3eza962h8bftiw+Jorb4eP4re2F7Nb6rHZm2jZEigChfmBC/OBk7uevzdyfaf2c/hr8abn4ReGNX8JmSbQbv7Q1kYoQzzTRuDcGPeFQxxjkkspOcKXIIrT/4KTWdu3/CnPLWBWew1l3WNUAO5VbDbcBiOxbJHOBmv0Z/Yg8Y2Gm/sk/DbQRJpwuJV1ZZzdKrSRBpBsaIMMxvno2cuSe3TnxlSdKs3RhOUnNRSUpKyajrdbpaJdtbijiEsrw0pKn78teZLlTTVkt3qkrPorPZ6fg/+1poPii18eXsHiue2k1S20ix894Y2jfyXyEWZSB+8TkMD0AA5619yfA7wJ48vfhP4FlsPEtnDp0nh2OW1t3gEhhQOxAYgEgjg89vTPHz1/wUAke6+NPjOTzI3VdK05dygDeM4BAwMcjA556kEk4/Rb9nSe3t/gZ8OfLMTTx+FYiyhOWO5mPONvIOMZIXGSFoi1GpFyV+dKUk9ZczUb9W9Nraq+21zqxc5PLaE42i2opOy5W9Fez72uuu2qvdflD+1lo+rWHjHWbbVr6C8uk0HR1a6jjWMCJrkjG0jBbPTHfHHyiv1L+BHwu8aal8J/AN3F4vSO0n0Gxe3heyST7FFtACFxgkY7Y5HGQMk/m9+2w0svxB1h5EVFk8N6OwKjHzG7f5mA4wV6DjGeOoNftX+zNcW1t8DPhjLJOG3eGrJTAsfLOQ20tgZOCc5YKOcHqCVjEmqb5XyuV10ai1Fu9767p2Tv2sYV604YLDS57Tsk7qLT0V3ZpK3N7z/B2tb+fH9pnSbqy+LHie0vNQ+0y2/jSCFriOMR73XyhvCgkhicEDoGAOeRX7Q+Gfhx4gn8J+GL1PGWpQ+doGmzCRIwxiQWMTKuQxX7qhASARjOMHn8i/2rE+0fGjxjtWP/ked+0/KVGYmAOM89epyQOcGv3s8E3DQfDjwuYmtHY+GdLUQnBLMdOi5Ixkn5jyuBnJwBjGtSuqahLVrkhayb91cm3uu9tLWXzSNajnKjQvKN2oSbUU7t2vZO61Tbv303vb+djxVbyR+N/Eoe5M8o+JkcJn2KJWdLtcStkjkt+8Xk5YDK9DX77+A/gX4tu/A1nrB+IF/Mj6C95NE1lDIkEa6eJI7dnxv27AQMZ9sHNfhb4mhik8e64bpSWk+LZBUYUKDdr8vAz34J9DuOeK/q68FfCHVZvg3Y6/ZX12tlL4FuLyKys23mLydIYsJgSMbsAgYOB14zn5/P8APHljwKhzL61U5E1FPrTSdmnvd3e61vrY7KmGjUpUpNx0+00m1rHSzWn3PsmlY/lg0zRBd/Grwtafbnimn+JUdoLoRrkSPrAiMxUcEbvnx0BJBGRz/Qk/7LviG9j8UXTeMtSiNrol7dm++xgW5gt7N5mjbPBZynlggZxgnqBX4LW7G1+NXhB2hcyw/FW1LjKo/wDyHRuzliBksCR65xy2B/VZ4g+Jl3Y/D/VoNIsYBdS+H9Ws7iO4lQs6yabKBIQVbIVGBBPBx8oBORy8TZ9mWW1cAsBHm+scrquybS/dpt3XVyvZJPe3cqlhqdVNTsraRaasvhel09er3120R/JT4b08x/G7w5DFfTRT3XxGXSxqCIFljebVktDcICAS4+8Mk85Gelfv5+0L+xhqvhX4OePPGL+PvENxDaeFrjUY4rqFBb6urxF2hcByylMnacc4A4Ffg5pMzQ/F7wRqN3EpEfxXtZ5FTC7tmuqWHGF5IOOcA8DBAr+pb9ob4x6Z4j/Z88e6AunX9o1x4Hv7ayF8glineO0cu1u4LBVGM7umO9cOcZtnWHx+VU8FzuhiH/tahFOyc6V23LVRtJuy6XdjqqYSLdOUrc1lyuXKm0uXa6b0fT57WZ/JV8MUeP4qeHra2mubZWsHmWS1cwzRg7/MKOhUjOCSOOo5Izn7xudFsNb0u9kvvEmtJZxo0EkZuZHDhkILSZOGG7AIxg9DkYr4r+D1pqF38WvD0dtbCWYaTegKVVtyguSeh/hBww/hPHavfvFa+IbO8uJEkuodLkAQxrlLdp1YqVIBHBbjODzj1yfusL70ZNu09LO1tWrK/TRpdrOzu3ZHLXtGpFOzTUU09XfmSum1qk99dnu1ZngXwksLWX4x6ho8c10bW3OpQwyxStDK0UTsykSJgruAI56jnHBx9j+J/DGn33g/VbwX2pySwaJqIW2N27xq0KsMygkeYD1OQTnGMY5+JvhReG0+LepXdy23Ed/5gUnguTuJwCc4GfXPPcZ/QKx/4Ru28B+L449Utb+4m8G6hqKM07CeCWWNj5KxMeSuSG2jp27Vvh4N+0UZNytq2rq6avZbbq191d3dmVjrxrUXKSS91NNq6V4WaVm3oraO2ttND4I/ZB8K/wDCVfG618OGW4jN5ZXJ8yGQxvGkchd8spXAIBXGcNkDnAr9FvjD4Is9C0nxBYxvcvANFv5BBLcTSBWjQhGKtnLOVJUYxuPbjPyZ/wAE87XTbj9oY3l+BGyeFtRntmedIE+0GfZGC7EAZ3FsbjkDjgV9jfHPVLltR8bxs8cqW1lqNhEVlEsflxI5LJIhKndwcqCoG4Z6iualVcsTWovRRjzJpaO+nRa2d0tvWw8TGUZYaeiTlFNWSfK7Wbsm7287Wb6o/PD9kfT9Pm+LV3bT2cN1HLoV4zwXI3xk+aQrlTjJUD5eAQQD2r9Lfjp4R8P2/wAA/iFdWWk2EN1beEbieK4SERvEw2klXOWB57A4IyMDp+aP7JVxPH8ZXnKAQpod9veQERgeccO/YLznJ4B65Ffph8d9Sdvgd8Rkae3lx4Ju96xHj58bQrDIcgf3c4xk9aqjK9Oa5XKfNazvb7N27aKyvppv0VzorOarU7O0Woaa66xT10VnrpqfHP8AwS78HeGvHnxY8Q6T4r0/7fp8Phdr0QeYyGS4iA2Esg5w3OOQck+jD9Uf2/Pgd8K/hz+zodf8PaRFbeINVuLV2uYrl5XW1cN5sU0JJK+V8p3EBs4yFxX5Bf8ABNDx7a+B/i7d3t5dx2Mdx4fuoWubkE26GTasSyqM5AOFAfBPGCASa/XP9t34oeDfGX7PN1pUeq6bJ4n0fTNVnmggMhe8gljUxSsjoqxKgOU24UnGcYJr5TG18ZDPsHRpSmqEnDmSk3F2Sb5lez7W1veyViqicpQlFbctla927b221+XZ3Pyb/Ym02HUvFt3HdR71k0uadldCRIY5Ds6leFAByvUkZIOcftZo3hvT4/C2omSztzcDw5qrITECBH9kcrtyc5HYBcgfN/Dz+MH7G93Lp3jZYykeG0Ztq4wdjqGycE5JI5z97gdhX7VaHqbzeG72WZEG7w3qqxrgggrbOMquOoBzjOATj+9X3WEl+6rNt6XStp1hra3fb9Vc8vHyccRh09HJRurtRtFxu7aPsrX2+4/Jz4OaJYt4M8WzSWds8jeNbxA7xIzKov324LDIKnHOemDzwB+t/wAcvh3oviz9m7wpZ3dmi7NMbUnuYxtfdptikqROeyucAgEccdwa/Kj4SGIeCvEIEzK0nji84AJDN/aLNjjB4y3OOR0A5z+0Hj1pbn9n7SbCOdIYT4N1ZmcIu/nSwuAuRhgc5Cn7ox13GuHM52w2GabjupLW0k5LS21tWtbvW68+rCNyxSuk7SUk1K7Tv2W2z/XV6/z9xfDTw/MdMhm0y0aTV3u5QyO7EBJnRVfYD8+QOvYfNyTt0LH4beGodW1iwfSLJ49OsmZTJubLmPO4M4G7YW785wN2K+6/Bn7E8mtfBuT4t6b8VLNLzSoLeaTw7OIPPg+13LRBSxlMmc5b5V244HAzXnXxg/Zp8bfC17XVx4l0LxDYa74bOu3FzYXYDQQGD5oWRTteVGyrAZIIIAzjd8nGthXKMPdcm0rXltZOy7vmu03ayuj6ilXlKo4RlZ2iuWV5LZJ2e26bv5Naux+R/iuyhkv7+3KKsdtPLDEikhNnmsFAHQAfdBAwMYOcc8NJ4Ra5KSRn7OjPgZyCSRxhiASM4GOh5HWux8VXkkeqalCNufPLklh90sW5Jxkkk7gex4PJq3bvus0LnEkSo5+Y/dyMAduMluM9T7g54qXsp2V0r2Sv2SUrt30tt326noUaamrtt2Sl2b01V7Xta7ttZdk7+Z3Phae2fy/tbbnLgZZlPAwcEHP4jGc8n1zZNB1GBSvMqspctlmIBP8AEDkeuQeBwK7bU7xrqaG4YOscUjxqQBgYY4bJOcDkZz247Vf1NrYpDDbM5nltV3yKGKsRyxyBwwAxj125xk1l9YULKVmpaJrV303T2bWmvpcr2F0+VrTe/wD27ok7667r5XZwNlpF5C8bsFXc8QVTwx3SAcLnGTwCccZ6Hmv0b8NX3xW8I+HrL/hEvFOt6XaahpFr9qsdLuXht5VeNVC3ESSYfIyp4ORlSeDt+B1uI3ltI2ZtxmhTdk5G2Rd2c4A6fTkdDX6P2+oXEejaPFArxbdIsS1whyrKI15MfUnap5OQAcgjBJ9/JqSrvELmdlCF7Pa6Tv0/4L80eFmkvYvDpwTu5XTW1ku/Sze1nbRb3POl+KPxP1Tx34QsPFR+1pBrFlBaieBEnlVUaNXMigu5CsenfJ4PJ/Rl7S3uo1+1JJHICu7ZG7gEjJ4K4AzzgdBn1yPzz8T+HrqfS/8AhL9K1Wa28Q6Tqlu+lTzIXhimMgRC0ZIGDuJIB6ccZIrvrb4mftR6LAsiX/hjXI1WN2820jWZiUB+bCZO4YPQY9zyPB4hynMKmJjLC0KlaKp2bT3Satpa9muuvXRHv5FmGAo0HGvOFFtp8jdlZcvvRVkk31TVrbNp2f1/PokeUjtryWIFySPJYYxg9s454Jxxz7ioR4cu1u4WguFlkYYILGI/e6scAOfrg+/SvllP2nfjppKNJrfw00bVERWeSS1mWFQi/fZdqAAjG7tj7xAxka9h+2hKkaP4j+EuqQMEQrLZyNMgU5LMNwDMMjgjI6EjHT5d4PMaOtTB1029PdaVvdu073u9bPbzel/pKeOwFVNLEUntZuSv0skm272fXp6pn0fdeHPEsVxstLaR4mOJfIKzgHBxkEc5Ax1UKcgkMeYbTw7ei4lOp2iLcIV2mWyRztIzsJCkAElc+n5geb6N+2r8LGO3UdD8V6GQqGR/sJdVxjOSpJwMgA5xkDkcV6Tov7VvwHviZn8ZmxlnXKx6laurKSABuOzAK4JJBJznjrjJ1q9KSjKnWp2d72la1ltazd9ull63LSw1Sz9pRmtVy+6/NLS19LJOSt30ek8fhSzlnP2uz0e4GS2yS0WJj3xvVCQ2Dk7hxz3zWR4i8E6HeabHBN4eheF7naq2U21nyeqgEAcHOAOPm4xXr2nfFv4M62IPsXi/wnfySgH5rmOFySCRvEmznpwcj5T2xjto7nwlqEFudNl8P3JD7lMWp2bEsxyrKFmY+ygjHc05Y6soSi61RW0tKdRXuo6au/Z9O1n1aw+Hc2vYU5O6s0k3ZqOqffW7a1S+V/irUPgB4Guo5Xa31jTpg25VCmVFJO7+HOQM9euOmc8Zbfs76K1tK1pr9xE0gb5bi12qMAgZZsBcAYzg4bnODtr738mEQ3G3TFuAAAHtp0k55GPlJ3DHQDoeMjNZl0NP+xTLNpF7AVjIcS2pkLE8fKcEA5B64yP0yp4/EUrNVW+Zaxdn/KuZtq3fm/z0TngKE3H90vdVnb3W9Y+t7b+fbqvz7f8AZn1DyT9g8Q2M/mfIiyZBx1I4QKdufveuQAD0pW3wA8baNFeeQ1leRS53rHIuTt6Yye/TCgkkYwOK/Su20vQhYWcjadCrm3G4bWSQ5PJdQpO/+HGTjbuBz0bDomgTNKpiRM5IBkchsEdVK8Yzgoc55+UZDVtHMZq03FScbp+5HZKPvNrlt/WnVcs8vpOSg1JJyWqTtdKO+lnons20k7n5Ka18FviC1/FINFnmQuHbytj4UqBwQxz93Bzg9M4A5dp/gfxVoa3a3mi6ggIJDLC7KCCSDwGJIHyn39ec/q9deG9GW9hEZmRZAygQzkqowT8pYgggE8Dr161RvfBVk4KW97dbWY7ldA4XIJG7JHQ5HGeMcHPMQx1KNT2sopuV22tnflXnbRPTf7i54L2lNQg2ktFpduOi2eiu/Rr5n5f263sVzYtNbXK+SGLBraQDIU5UEIM9OuCS3JOTmuc1S6KvdxyARhpGkw3yn5sngMAeOhI6HIBHQfqK/wAN7VXPmXdtKFXO2a0TAGDx90tzuwRnGCR97BHC6x8KNJvPtSPpGk3CurFm+z7JduMDbheM+nGck9eqqY6hUd0nF7WbXKrKOt+l9b3vforipYGrTgknFvtZt3SWlleSlou+2u9n9y/smaoo/ZB+HVvpWrWUOoQXd48jx6jbRXkKTXrx7/IeRGLDIPGc4JJORX1f4U0vxDeb7yLxBcm9t9WsFe1WDzkuIwqASSsm9VVjgHnjdtPNfit4T8ZfDH4deI7H4ceKNH1DTkvja3Gla1a6hdWlhpqmZQ6usZCKjyMTuwGBznlSB9m6dqekaGusap4J+LPiO1S4uLI28Gn64NXiLRlCF8maXzFwfmUKvTjPGK9XC4/B4ikqanByglTcIyTlFRUXqul9/wANjwcXlWMoSdaMZONRuSnKleFndq0o3V9LO60T6XPzw+K/hLxD4T/at8XS+NNOfStXn+JmlalYQywbJJrOfVYpIbgDGAkqMGGBjBxniv6Pvh5q2leGPht4h8Qa5POttaR6nLcFQz7EuNGlZQU9NrbypJ+UcA1+NPx9+HFzr3i7RvilqXjbVfFd/da74Ziv11DTwL21tbSW3meYBCSUXYUADcY59/vnVfjv4Ov/AAL8T/Aen6zbvcWugQ3cNs8JF3fNcaU1rsiQjAdXYBwSMdCM4NePVp06c8TGhTqSc3aM5RbtFpXba6xc3r5bb27ZU6talhXV5fcUXPVtylGST5vmtHo9b9Wl4F8UPjN8I/Fv7F/j3wvaeKtOTxU017JpmjSW4XUbtJNUMpEeAAq7PmJBzhTwGya/EnTrWeZ4CEIJiKuNwQbljOMADjA+bGScjIyMivb9e0DXILCa4fR7q2sxbyqL2S1dISwdtyblUqSx+YOwAI9MjPm9vbyR2sbpHiZZSS2Dk4jIBwTnGCMDn/d7nzcvyGhg4yipSmqsnOTlq5XttrZaPWy2S80ejVxMk0uaWkkrJvRqz0b2slrbf1bMHR9Pl+yBCMn+0iuASCg34OQccjIzzgnBODgDc1HQpze3CS5JW33IWAGCF4C4H555yBnvjW0C2Iii4w09w53bQcMZQQxGcZK9SP0wcdneW7teXKMuGAQK5UA52H5cnGRyoz0/ACprZXSlze5He1lZK/KmlayV9rWvfWx6FDGygor2j6a3TV7aq/mrPRu1mrvS/ienaBNctbo9sG8yWVMqqs7CPqWLZwBjgnPOOvWsaPQ1XxHcWgj27ELII0KsCdx/hbO4dSxxgHIJGdv0N4a00rbxy+WheOedV3pzk5YYPPyk5GMjaMAdsYD6RD/wk09wEVX+zqzlQMFz8pAAA5x16nPUEjB+axeRpTfsm1KydldO3uu9016K+9rHtYXM5NQdSzScXdrVpuKbvbvfXyvZ2OK0/VvFeggPpur31uttIpSNpWkhXkn7pZgRxzgHI3cEGvRtL+NniazlSTXNNh1WJl2mWPKSYGOccBmxnp1LHAB609a0Q2yXIWEmMQLMOMDBDEsTtz82c9M9WAAAzU03RrB4tOW/LeXPbyybscIcggnJ6g8AnnOAOcY8Grl2Ow+kJST5r2cb6qSt3b6Jbq127q7Pahi8PUklJLpZp2tdxV3eycbdHfRNWZ7doPxZ8F6lMhmZ9Hu2XGy4XbGzEYGWAJwSQDznBya9Hxa6pFbG0ntL6JmMiSW0iOwB5G5AwOCOmRnOevAPx/rPh2xsigV47pJYGmiaMAFQc7RgZIVeeST6cEAGhaXOqaNNAdN1G9tJDGHRY5HCMB03KxIILEHIIz2xzWTzHHYVxVWnb3U7q6WvK+nVpK2jffRmkMJhq8XKHK2363d43ej3tZX2X5/aaeHcajG8QmcOmfmU8sBnPJAIDdM/wgc9M7sdrMpsraRHjaMTjzWzhT1CgAYGORx09Tk5+dvD/wAbvFujGCHU7O21e3hC7nAEcwB64ZQwz0PHOecZ4Pumg/HDwTqYjjvopNOlY5CXcZ2I54I34yFJyOThRzzWy4lslGajy2UbSaTduW297X79Onlm8ms2483K9Ulqr+63trurbaXSfclms5FtvLjaQfv2DKOCSDksfUN7EEA8n5uNWK5uIX03DBjDEyrvAYoP4gQffIzzzke9dbpp8N63Iklhf2kkcoLKsU6Nh2xjALZwAc8ZHO33F1vCipJBJBLGyoXUhxkgs2B8xABzkbRzluA2QSKeZ4euuWT5eay0f2bpPV9Lv4XvbZa8zjg507ON01yq/X4oN6dOztd6PTQ7PQPG9vZWNul9pLSiOwubbzYFCxuXBKlo8bPlJzkcYHTaPl6f4ET6RF45votQNy1trGgapbGCM4kk89XKxAjJG0EbhwpDAcHBHE2GlxxNYW95E32Xy5vNYMxRifocgAcDOefXJB9h+EiaN4c8eLePpsepQXcMtjZy42m1LwhjKFPGBuxuDHlc54G5UcDSqVaEqPs4tTi1KS0jeMZXlrZ9UuzXTU83F1qlGjWU02uWzjzO/wBmyXr6XTvdbnvnwl8N6V4Z8WeLI7fTTbtJYWsUcDxIo+yn5lWQggFxnJY/MRgntju/GHw60rxDFFNZTX+kXNmFuCtnNIILl9wbEsOSjHjHIORxjpXG+AdTmvvG/iJnnUo1uAoZvmxHNtVDkBsqgAIOR6cHJ+h4l3EBVUhkjUgZJI4zwPUjA4HP0NfbZXgYYjKZU6rVW1SrFaR6SXN2s/8AJ6s+Jx2KqYfHwlDmpqUaUnzO7fNGHNvdtp7vZq/ax8x6dbxaNrl2E3slj9nnZjGse2dQNzSYwN0mOeQDyfesn4uasdbuND+yASNBb3LXCxMsixl0YckHgkn7rdccnuZfiZfjSL7xLcJE2Lq5htSiNt2qVBL5HzZGRgHqoAHXA8jjt/KubeSO5ulF3tQl2ZjtZQShBJwDnoBgfe5r+d+NMweBr4rLYUk1OblOWqUVGouWyVtGk3ayu21vdn6xkFD6zSoYycmpQioqFm1LmhGV072Vk973TSSVkj2/wU8kmgWFtIWJlTLqSc5WQKo4ycbcL0B7j+9X9B37KSrF8J9IQAAbUGMHPEYBGAOee3sPav5+fBsEkbW8MmREPLCtnJI8wDbjvu598dCQtf0Ffsu4/wCFWaWvTaw52tggqMHqRznk5ODk84Ar6zwFlKtxpTk9FDAVlbey9xKNndvRN6aPRaq5+b+M8eXIKaUpNfXKb107WvZLT566dD6SODjAJIBIGcnkE8EDOMHHGBnj0pxVjuyARxkHbkc54GMAYyD/AHu2Rhqjjb2PIyCRj5enGee2P6DgmcHAII7jPHv/AD69f0xg/wB104aJcqu7X0ur+6tL6a2StottT+WG5qW7evZK97Pfb7779gEY2kYIXAIXnGST0J4PQ4ORx6Eg1GVwcA9DknJwTzkcNnr6njgcY4mL9O46g5Ixj8ufbnOc9TTGO0ZDEk8ZHytnHc8cH8lx9KKmHvFrl+b0SXupLe6X9J6aF3pdb7vbVONm+ysvv6FVl+YHBxjAyRgg9ARjqGDAY6fN0zho2ixzjk55PJzkY744HXsevpVn5uAQVyP7nXA6DrwB1AAHXOOziCM5JGPoT654GP06cn28ueCUm7wstk+rT5b76Xf3673emkZStvfd6fZ0VlvfS1k9dG77mcYWI3ZGRycD0znOAQRkHr0zyc4pjW7DJ2gDgfKGwRz3yGHQYLE57nPJ1MjrgDOSxAOM+vT9eBgZ4BApAASRjryDk4Pv2XI6dyM++TjUyqEoNKFm1fW191bR73/BJO+hKqNSS5tVte9rScXa9235a72V7OzyjbqoyAQOegwMnqNo9D+gJ7YMbQBgM477c4BB4+UkMCD6E5ODkD02HVwexz1DYBH0+XA5HI/yK7g8HCjaMkYwQOeCBxgEdfQk+w+exOSxbtKnfZ211S5bOzS6Xd/n6dUa7XX8NFa2mmr1vdv02uZpgUYyOoycZAGQMjAPOOuMAZznBJqNYByGwBkKVYE/KemcjPQ8rjjO3nNaYwc5GTg4JPfjHYj9TggEU4qGA3AkcBWU/eDYAz19wuANuBhs4NcM8mpU/e9lHbS6e6sul1bVfPbSxar33ctXpa93rbbZLq7bdkzKMWMAcgZIbGD/ABAHknOACdzDGO3WkAPfnOCBj+I5ycjOG49j0IzgYvOm18jrtyQf4cKQu3HODnguM/iOa8iEFscDOR37g4wOMZ6Dt36CuCrQlTslTbSa1Wt7ddGmlfZK99X3RtGom2r76PfT4b99dtlpfVpWGKBxu5BH8Py9M8gLzjHXpkZwKlUA4yFbjOTgdSMAdOPUenTGOIscH1IG30/Hv3H5ZHHJXjC9QQSN3ryCQc4x2JHT16nGUajg05RbXa0lZK2t7J9PTVdb2bWzVlouXW7d3utn1V9rehZEeevABBGP5D2xnr+Bp5TG/GTtIJUEAleufTjlSBwSMdyBCjYCnJLDccAHBPsO/qePU84zUobPzZOd4JOOAOB8xGeAeNp6H369yrUuRPlsn8100vtddnpZ62W2bjJWV1dWutVqmt3Z3+VlttraTGOpAycjGRnJB6D2OcHsOahfA445OcAZJxjqSMYB655zgLnHEgOSCQW4OXA46jjAxjoeuOBk4JwI2LYYEhxgbTtAzgg5HGcjcBkgDcM+gOixNKS5EuZ2Vt1ZrltpqvN2tZXbSW2ThLmts4tPz8raaK7Um99LbXtWdRtBABK5B6ggMeCOCe3HUnqM1QkXClsEkkjA5JBOMknGOccnjjvjLaLHuODk7gOucEew/DpkkjkVnSNnODg7jkeoyQPz9N3cdwQflM7p0Wpe6m5X95Kzfw21016Ju7s9Xrd+hh1LWzurrfdarRX7PbZPVX2vTfGM5BHPTgYUj/dO7qN2MkN0JNVH5JxkcbuDgjkc9sgZxjnb7Yq8dpGAvzDk+3qSPwHt04GKrlMLkhSSTjv8x6ZGOASTjkAZPOK/PsVho1L2TUldJOzWr633dkr3a+/f0YTasne2jvbdtrXvtrft1tYz5o8DHQggjHUjOSpHcdASPqQNtUpkbb8yjH908HoffkeuPoM81qMvGGOR0JyOCOgHIycdxwKryR7sk4wAQvB6YxnkDJXoSpx3JyQa+bxWAbvZOGmtteZ+70tazvt2e3brp1OVrZu6e99bbXWzfK90nbrffAkj3MGJwQDgDOQOMnv1BH3fU5HYU2TBbJ+XPQHjvngdB3wOO3bFbF0g3DgggAbR0J28EdRjr3A/u9aynQqcHdwe3BOck88jjoM+3bNfK4mnKnOUWr8qtdbRTcWl56JXb1T8mezQlzqHLe1n7t1q/dVtdNPk9/MrfLwc4+ZsZJHTJHXIJBHQY5GRimhgAwI+9jK9lx1YY5JOcdPTJGcUFcNnkZ5Ue3dz+HoR05Oehs3DGSCT0yx4ySDw3TJBbjjAI9K4nGK3Wl2lZ7uyeiS0+/5I6JqTsnK3ddtItuzbV1fW7V+iQocMSoB28j8c5AHGTjHJxk4wCKnjQYJUKemCO+eSQcnHTGFHP84lhwGA45yvJHTOR9OeO59BxmZIypBwSAvAzjoDg8HOckAZ68ngDnelBNx5YN69NLX2tp1tZXvZq71MZSstWmrX2V76b26vXW3fazRMi9CQME9ep6c59Rjt6k8ck1ciCtxuBAyST0DZOSeM8c9c7T6cVXEXKNzxkepGM9AB1wcDnrgeuLMcTE7QCASAepz3LY6AZOOoyT7gn2KFOopK6bXnd3elnZbNNdtNnornJOVluk999npZWe/RdNEW0jUgIMHqCc9zjrweeOckDnpjirQhH8OAc7cqOwHzeg6DOQMH9ajhjdABggcnB5B2nnn1wOcnvk5AyL6KwwACDt3dezAjLFgDnIPTJb7uMZz7mGwspNXjJyb2V1u42T1te97p2emvQ8+VVu9mrXVrtK60V7dPPprpa7tEsByHJDHnjHHUA4zztweT2J+8uTmwkA5yAucYVc5Pfo2Sf4T1Jbt2qaJcAggHBLBgB3GeDtOGHJI4GCcZxgWBGM5xhTjaF5OSMHGRkg855AHfAWvosLlTklen11tdtp2td2u276699dDlqVpqyi7dbrVO9tErXVtd99E+6hS2XAz/AAng4bOAABnjORggEhsDqOoVywLjgEdTgL1+YgkAAY7Ek4BPr3toCcELgFcqCeSV4GDxkfeHv2FSgSHqOT/eyOeSQcfLyR1ByO3pXsUsqhFJ+zSfXRdGk9Gm7vded9bpX5PaS5mpO70Tvbf3XtZXvaz0vdJ6aGb5aDIAC+hAbJ9QdvPQdzzng5pEgBHUlc4AwvA65JJz1xkex45AGgYiTzjIGf8AZPXB4wPTgZzj3OV8sgMASAQAeoH8ONuDx9MY7/MCa61lcZxhHluls7Xbu47aKy1S/RN2LVWUZStLXfq9Gl23u1ttdWstil9mGMFVORgjIwR0AAB/ADAxg/WmmHaoxwFGCF5PQ+ozkjnPcH64ugFiAeNpOAV9snBH59gDyB0wwjJXnOOSOgwflAY/TP0IPqTXPVyqcbOMOsXZp3tpd7JW6/fq0P205bt97tPRe62krrfs9multaBjKnJ746AZ46gYByMgAnnqO5pSjehHX5eAQBz67jjjsO/XFXCCVBIVQTjHBIPPHUYJ52+pAAJzRsOCNqjAwc8sOhz2+bOR6DgdSc5wy6o5NcqhZK14q/Rq1tdXfa/bS2gpyb1aumt9NFbv1vdvT8SkUJGSBxnkjkc4IODjOcY7jORxmmtHnaeOp4/vfybkZ5APXB65q6UBHT5sDgccA5HUfeZeoyTggc8Et8sCQAndnkrkgDA7Hr1wOPcnOeR4CpzLmTeqXM9krRa09Xre19Hccaz30a5tfev1V0/N2t07dyiFGBxkk9CQCAOSe3IOTngdOwNSCBdwUknkkHgqQBxwARjHXHA4I462GToR91Txg8kD5RwDwD19OMDLc0Nw2Bk45GOMA9WIJ69gByenUfNvTwXLd8qaWu11fRtJtry+/VrUbrTfdSemmmnTayt1V/nukN8ooeCck7eBlRgfX3GCMg4+meE+KB/4t14vXIUnR7gcAkfdOccYBycjPc5yOo7t2O3C/NncS3IBAxnPfI547Hr154z4joH+H3i9XBw2kTg9skoygnAPAJY9eexxW1aEoYLHaWSweJuk+qoytp201019TfLZ/wDCjgX3xmHV7Ws/bQ6adVr/AME+NPgAoj8PzjyikAOo5JAUuRtJOSApHBwDg9eSoArq9VvbK/1YC3LjZoVx5jL905WQbVYDgAr83TnnANcb8NkFj4XWIT/62PVJHj37Co2/KeeXLZx67TjHqzSdZsJtTOn20qJdx6A3mIxDsd7zfMCCxAz1XOVBB9cfz37XkpYaire/KUpSW/No/dXbW97eSbP3OphZ18xxuKak1DSNlokowvfy6JJ7qz0ufDlmyWXijUpHZY186/A83hTmVs8kdx1AGcgepz1baqiz6RcR6haW72c4nBCnAZWBUZ5OCR05XgcjqMK6sWn8RXcSojMbq9BUghl/eSZHYZ45HI5z/eqzd6O9vHaMYoDukxtJGOM8huCQOnbgAYIHG8acZU5qcuVSi4tW30gnZdXbR6+qta/2FSrFTpau7pxWqdtI01vza3969/Lfc9KvPiJqVzHfLcazHIlxF5aq07rGqmMq52YKh2GCGHOMZ5Ga2PCfxPlsNKsIRqdisFnKVMTMQ/yOSmXOW6jnj04znHjM2lmUbfKgUAsCuBzhepGOMHIHOfYVl2GmE2qLstjvlmXBOMnecDCgj1HGcA4yOMeXPJsucVHkcYtqTtZNvltvbbfRX8tiX7GrSdPkg4cybSp9eWN7JW9Hfa7tsez+MviTD4hv2hmvbOG2KyPIInY+YWi2gbtoKEYwO/AwCa8ZhvrG7axtkv7ctb3ocRANvKGRggAYdCSMkjHB24ywKyaZJDdF2Ft86v5Y4P3Vyc5JycYLFuO/asqx07yNXSUi3dRPBlhgYLOOdoznknPXnAAOK9rJsLQwicMO2ouXvJ21+HbXTZtWurX8zKo+SlyKNopaWSil8Nk3fdW6JLV72aOp/aVdV+F3g8KUc/a7obQpIYGPrnOfYYOMHp2PgNiLmTTPD5jLgC2jfhQFOBzjP3ucbjz07dvoL9pBcfDDwiQA4W9vQWABwPKzkk4PJIOOv93ivALDUbmDSNBAHmAW2FJG1Qg4JLf7IHBJ+oPG76bBShGpX0cnffVWtyrytvur2e10ccE3haN3r7Wo7dtVJrdO789nbXXX1WR93wv11nLEidVbcNqspcc4PTPp9BgY5+EPF23+3rptpK+QoUYwMAdsn8NwIPOTgDI+5r2YyfDHWnwPJS4gZmBG1gcMUG7A2s3bkc4+9mvhjxfc28OrzyzXFtGjwpjdIhYZAwdoYklScHAz8udx6DizxXhQkrJuEU2nq9no7vre7a36a3fq5FF+0qxS0VRpcqva8YpW3vd7W0frdnF39u8Wl6vcYUALb/3c5OOh56jBHGAe2OK5LSrOefWdPmgt3lUXli0rqGZIlW4j5LYwG6g5b2xnGPQn1nwydK1O0vhe6hJJ5PlxWUbCOQoFO0yleAT1xx1XOSRXA3vi7VbrWtG0fSbEaJpv9oacs0ECq9zOq3UQX7RMQHIKkgqCeFPHQ185h5ycpRaleMor32le0lqtW2+lknvfXc+kqU5cklZRupX5nyrzauuZtK10t9dUfeX7V9yw0Lwyq8ouiaczBVJJU2GORgYw2R7Yx6qfz68OX1smmaqt1bajIt5ZzQsYbaUgbAxG1lQqcAn2zwTxx+gf7URCWXh52XcieFbFiOwZIo1Bz2ypPfGc8Hivlrw1420GCKWxkES20NqQAsaBizDMisMEbS3cYzuYEnmvuVWg6FKm5csZpPW11t00u7XaelrpJX1PkcJSnGLnGnzyjNxsnyv4lre0k1dXem++9z5e0u40iyZ2it79MCYMZImDEksRgMCoI4GOoGe5r0Tx19nXwx4Tvjay3EU9lcKqgbfL+bAZiRgHBGANx5H0FXXtf0dLu4lhS3MFxPIRHGQAgYkD5dvpyRn3zxXqltBpOreF/Dqag8DQtFc/Z0nZViJ6ZyeNwOOCT0x3rilNRipWfM5JRTerbtbs9bLo331entNTVWlOSadru75kublsrNK+itpvZXPkQy2kBktzpZnjcCQb5TlQTngDKgZ6Hvnnlue6VLS++Hd9HHB9mt01GMbCVdUkyM43HGD0ZsE4JOCcVy+uQ29hrV9ah4nVJ/KjZMOojBGAPUY4DA7QfyruLdbePwHqSw7HhGoQmTjjJPOcjHboMg9umSqs0o0ZO6SqU7ptycU5x2Vk7at+XXQ2dklyt2bvH+6m1ZJWTSTutJbaNPQ8wt9JijSSK1urdo2UuUCKMnnKhSM7hjrxgg4JwM+1eFvDJ0/wl4m1Ke/0xZbmzgNlYvKsc211ZWlUKxLyqQCVx1IHSvGpLyxtblPJaM7gVlUjLICQpZWbGW5JA9CeOTXumr2Ph+18Iwytbj/R7CG/+2PcGOWVpQxIMeSCASFAzjBPfJb2KM5N88UpQjBpK7bfNGLi+jUbc17rRLU4cQ5SjTpNyUp1YPmjHnT5XGSV7pRvs7LTZb3Pn/wvrPxF8O65ZS6Fqosp1mZUukhM+xJpdgQgAkrg5Kr2+pz+j1loHxbn0+zuW+KiRvPbpO8TaLbsFMsAZlOTzjJGDjrzxXxv8Bki8Q65HbQQi4SG9a5vUkzNJDbQOWUheSByQPTk9TgfoZNr1ooESGZFRPJRTbELhYmUcbeORg4wB9cV+k+HFOsqGYVMRKpGjOpBUIxnKMVKK9+SSe+qVu6S3uj4fjicfrOX06UKPtoxc6znCMmoScFBXkr8t03ZNK7tpa7/AD5/Z+8N+PtZ8V/GiSx+JE2jNZ+LZba9eHS7aQajMHH71lY/ugByEXKjGepUV79rHw8+IUYaWX4x6mT8uBHpNuAARw3DBWJIyMH+HnAyT43+zxrMtr4m+NypZ3U6z+Nbhx9nUht24YJGCeSAOeuAvHJP0Hea1LIwWbT9YzjCgqAuAcZwSc5IOBge/GQfvMoeFeAhzSqKTnWuvaTVv30ul7XWl2vXVny2cSxkcxnZUrclBJyp0ulKl1lFtrbe6W2ml/hnQfDPi66/am1bSH+IurQ3Y8PiSbXba1jjuZY1U7EMYIVVyM5ByQccjNfXMnwi8VSyI0nxm8WShwMIIFTaDn0YckA45zgkckV88aBLNB+1f4hulsdQnVPCcTGIRhHVWBG7D7RkE49SD6kmvrr/AISWeMoDpWrhtpABUHOCcEgNjOTgYB4x34GmUPCyhipVOe6xlZK0ppuKlBK/LJd7d9L62ssc7eJ58J7NwS+pYdT9ylJOSjq1eK0vololpt1+FP2g/AGt6b8SfgzY3PxC8SarLe+IIoY7y7VUm00vIqme1cMf3gGSSSCM4zjp9aXnwA1XLhvi541nDOciS4cEZ5xkPkjPcDjnNfN37Q+s3Nx8VPgdN9g1ONB4jjHlzIqCUxyK2FYkKTkYA3KO56V9rT+LLly4Gi6iuGG0tc24zggZyZiRnhec5yMcZx0YKWFeOzCFTmUY1KKgnUkm06UL3ak229d3dbaJGeO+vRy7KZQcVJ0q3P7lNJpVdOitpe6SvdNu7ufBn7T3wsvPDPg21P8AwnHiXWBNr1jA1vf3BlhUebGwlVdxIcMcg4JGB1AwfojQfgxFLoOiyr438ZxefpOnzNEur3HlozwRllRSwwi8gDACgAY9PPP2o726vvB8E0unT28Sa9pZ/eTwSElp4gcKjkjPHzYwCD7V7Xpfiy8g0rSYYNMEqQ6XYRiQXdqMhYYwAFaUNt47jPTvxVYaeGeZYyE0+SNKhyXcne9ru6bbTfqkuiMsXPGLK8DKnJc861VTnyxt9iy0ilfva2j1ujzvxr8HY7Lwx4lng8Y+MJPs+ialcsrarMyS+VauxilTcN0bY+YNnjhuvHjH7PPwR0fxL8LtI1298ReK7O6vJNQV4bHWbqC1Ty7hlQxwoQiEjG4jhjzyQM/Q/jXxJql34X8ToNJkijGgaszuby1I2taTE5BmLEd8Yy2Rwe3k37NGu6v/AMKk0CO00a5uIYpNQYSDULKBSftLEttmnRiARwRw3cE1VergljqeyprDz3cvek6kLK73trrtr5IigsweWVffk5/WqS92MdI8km1flel99306nqNh+z14VtLaWZvEHjS7dYrhyJPEV4FDrC+AykncNwAIyM89AcD5Q/Zy+F2k+K2+IT6jfa6sln421Cys/s2q3NvHHFHJJhp1VlWRjjcxbOec4Jr7T/4SvWvJuUfRniUQXHMuqaaqjMT/ADj/AEkcKBlemSBkAjaPhv4C+NNU0+y8fRaZLaLJN461OVoZL+3hkb/SG3GMlwCmM4Zchs8HmufEVMK8VhJRhzU0qidnZNtQ+1dXXXTbX59WDp46OCxvtJyjP9xyNxbaTm27NXaf36q+mrPoTxP8DfCdh4e1eU3WvXE0Ftcz7jrd0B5qrxuXIyMfeyecHjHT8zrnQYv+FoaVo8rXFxb3NqgSKRnkkwythEzkFjtHOc5JJJANfoDrfxD1zUrfUrTyLV4GtZo7pY9Uid8gHexUSFjxyVAOAQBnmvz68e67q+jfEax1TR43jvbW0tXs22rOsbbWJDBsAqF46bsj2JrizSVNPDulT9neM7O6eq5dU30srO3Xom7HpZNGrKniFVnUqOFpe8mrfCrK6V9d227PSyPrLw9+x74i8Q6VJ4r8JRRSQ2kNzcXMM08gmt/LIby+MDzSoYhAD0HHUV4j8ZvAupeEtV8D6JrV/wCddapY3dzGyMxWKNmXMZV+S6YwwyOwHeug8P8A7U/x58L6VPp2heJNKsbe+leWe3udNiQOXBDYflQCdwIH3s4ywJNeffHTxT8SPF3iD4d6zqzWeo69JoE03nWcaQ2kcDsuFCDChlBG5tqknrgjFfMw+v8A12PtZ05UGp2UV76bguW7Sd4pX1ve/Vs9pSj9Xl7r548rm4tuMlzK2lktdOyvfbct+Gvhxpep6lY2Et+0TXjKskrszJEuMEkMQvHLAkncSc9671PDem+Fk1HSIJ4rm1tlvo0mB/1jMAGJAyowSRjJwOg5ryi3Tx9dR2hto4YpBCcukyRsWK4GH3KF4JPy9SMHLHFSJH4nsfCGp2+pvMdTY37tKJfPdS+Aq7iWLOxzty3Oemen0GUQrQr1XUm+X2d4pXtzXj/dStv1t2ts/LzKrTlSpKEVzOor+esLq9reVvXS2qzX8E2HiLdp4v7x/KjYiC1lKbXk3MUReOMY+Y43deOGPrfwl+E0XhWLx3ctdyuuoeB9RtorW4Cu0YkUiVt4ZipHUscHABGetfG2m/8ACX2d1bXsTa3FJDukuGEzKJlBOOc5+YZ4Hc4GTX0D8KfFfiWa/wDGJvF1MQXfgfWFhW4nZ41KxYkbk4+YHrjjGOKzxarOnUdOrdJp8u28oq1ttHZau+i8zqw3vuEXBJu8U77JRiuZ9dNpbX6NM1vh58JfCuqSmE+LrWxkEYnSA3iIJHBcvGx3AqQSeBxkgkEgAdvo1t4V0TxRZaDaavBqOpHU/Lt54bsyCJo2O8EKSATjDFSDnnHBr4/8Lst3qwlj22k7uYo/MvHUndIVkcBT1BJAVhnrzgV7r4K8Gf2R420K/W5tZ0Go+Z5Yl86YvICSZGZizYPPIHUdM1nHC4t3nUqP2cYNv3UlyyUXra+i1dt3o2zOrUiqipqkk22tm1rZX5mmlbV6Pd3MFNf0bSPiF4qmlv1hll1OeH97IdxZSRIxPRTnO1s4OcA9hveIfiL4PHkQW91M95JPblWgdnIZpF6e5PTnoRgHmvNdc0y0PxB8XPeyacDNqtz5CS43LypIAGBwMjk8nn5sYqjqVhokF1ab57cTteWSQmKFCFdpVGMgHJBJwec8BQMYHsUMInS9o3L4INJWSVlC7sr7peXR76nlYnFOGIjBq75raJW0sr7fLo7vftS/aUngj+Lvh6WUE2x8P6PM8czMvml0jO1gCASdwJyRkcngYrF1/wD4Rg2Eatp+mpJNKDJJDIXkjicAliATwvJIz1AHAANbf7V0MEXxT8Nw3zqLVvDGjlpWOzrGmSDz8xAOD1H+6AR5Qth4SMEklxqyWpLbRLBMZpGU4B+RiAAFKnC5OSenUbQg5UqbjF3UVd3uul27WV9tH1VtUdrqP2rbaUHKNkrOVnyu7aWi0stdOzdj7b1XT9G0v4X/AAnkkhtn0zfdGNX228d47ksqvIxGC2QMjJK4Hc1i3Og/DK90231m5jsLiSIyGe0RRNFZuHKhTIhIVRgHee3yqec10/xBtvDo+C/wisdWgu9U0lrWS404wyGORmHR2dCp+YnLEnGeAD1r5x1FPCmkadLaafFq9hFrUbRXqRzO4X5i67Vy2Oc5I53Ek56r4uFwuIxEKknOpCKqVeaS2dppqyvrqktr2d762XdisXSoSilGE3KENJq9m1BJ62XLdbfy6x6M+iNFl8Fp4c8ct4SjsYjB4Zlk1T7MgeRgwOCzt0z0+Yg88cV8zfD+bwg13Z291YI8OqK0bXVxbiQLN5hLFMZOOg524BznBC10fwpfRrLw98YDZy6mbOPwusdwLkNvZg56MwOQSckDH6YryPwxqenrLpz2013NB9mlwI0OLd2BG8EAYKgsCMZ4yeOK9HD4BpVW60pJct3J+80kl71mnqr97PZWZ5dfG1JypxjTptvW0bqKu4ppbNpap63XTVWPszwvYeFLfxHBNYQWb3sf2i1iaO1jjkij8hwsqyED5iOV5ycjvjPxb4l8x9b1HydMed49Y1BBI4DGVftDAMW444zuJPqAc19b/CzwV8PI/E3h3VdR+I2qXkmp6dq11d+H72G4giN1FaStHAlwBlWUgGMrkkDb04rk7X4CyeJWm1fRfif4XSC8vtRnWzlkunaw2zPi3u5liZllUAA5yM4xgYJeBzHCYXEVIVZ1HGKhDncZSs3JaaJ6batbfNCr4XFV8NH2dNczbk+VpP3ra6uz0aurvz3Z8vJBtv7XzrIRFbi2K4j4RvOQ43kAAD6nJwD3Nex/tE6utt4x8CvMguRF4b0+ZYHCtHIq+WxVgT90qO3XAGACTXNeJ/DureGr9tOl1LQteNtdQGaSxvWfEIkXDkOF6nhcEfMfmAJDC5+0Wtq3jLwSbvT5ZLebwtpQxDJyFdIwY1I6nOQvBHILV7TqUMTiKFSm/dlGbWjV00tk0lpazS2e+mp5kacqeFrQqQcal43Su9dI+aVtlrZ7vodlq+veE/EHhf7VDpFit7OqrBLFDbhrbbD88OAQzIDlSD8ueBzjHEfEO6aD4f8AgNmSNY21DbHEcGJGDFc+m7hSck568jJqe20TwZFahJNJ8S6dGyBme3VJBGrRFmIUyBhk9WXJxhuhak+Jtlolx4H8AIhvFsBeXJtwyuZmSKUAGdWxtkY8EqTt9OlbSqQpVqMIq7vvzX15bX0b1/u63e55tKlUdKpKU5pJ8yTsrapJJt6Wvta6+aZhXN5aQ2lrJcwQzSpc5y6Jlw4AUjIzyTkEH7w6nAB96+CV1p3/AAjvxTeONIrhdCleV40TaI2gZhGMHbkf3ckex5A+etWt9JtIrVZ9F1O4WVLdoy1w2XO3pw4wNueSMjtjOT9D/Aa00ufwp8Xbm10qWza30KR2+1zF0dFt3/d4JYEjHJyMc59/SqSlKhDlg4wfLdva14rR3fLpZXbu9dWzzaNOCxLk5Nt7q11dJa26a6Xdr9bniPw3vTb6LFMtvJeQPc3qtBG5GWaRwFWPscjk4ycduDVTW9RvdJ1DZF4cis9NuUSWWW6DLEzndhJCQN7NkbWGcHPPGBl+A/FEmn6DHb23h7+0Ga7vJYjaSsJN4nYHcw42KDgAsBznms7xponxF+I2tQpYeFPEc9tAtvH9m0+cNEDGeVYbsZO4Ence+cHFT7anBp1JxiuXSLcYy05LtNt6W6LSTOueH5o3pRlJupzXimuyS1vaF97WT+d3/S3+xhLNef8ABLf4zrcusu/SPE+20CZWHYkTIEJAGACMN6cdDx+K/haRpdJ09jth228jIhJwxWRvmG5R6beew5wAK/aj9gPRtQtf+Cd3xz8JahBcQa1DonipZrO4cSz2SmyR40mGSNysucexwDwK/nd05/jVYabFdaZe6Hqll511FbQvGqTRxrdzIEd8D5gqgYHBP5Dq8NMbDD5hxBzxlVjLFxnFwSlo72k07aNapLY8njnB1K+Gy2XtadJxpcl6kuTmklG6X+Lba268j3vxBMlzp/h1LlYbiMa+FEc6I6YXk/eVuT8wx0OSfYT6j4G8CarbyC+8J6PLLK7BpIbQRS/NwSsi4JYdsEHjkAnNfPeqeMPinbJog8Q+C2ewi1tGgksGUvdzg4ZYhleWIxg4zkYHBI72L416faSxw6n4c8T6SEUtL5unPNGrHIADoHyAQfungHkYXB/ZcNjcvrKs6iUbzSXtKbVnaLelvdej6p6bJNH5PjsBmlD2LoSc4uMnenU5uZ+637qd7JXu2tvVleb4S+DY/G+l2untrOkiXRriQtp+r3MBjcBivlsHBVF4JQYBAxmulT4deLLeFpNB+JOvQJDKhih1TZfQDaQoA81mLYJH8J45bPNce3xP8F6l45027GuRW8EGiyRyvdRS27JM24eWchWy2QCVyqnIyCBXqWma7pl9A72esWcttIFGTqMaYO75hhmTIxznjknPStMOsqqKqnUjCXtHbkq8l04wd0rq+qa9PvOTFSzWCo3p1J3pwvzUudcyeqbkmtFbRdLrTc4Yn46WGta01je+GPEcscFt5xvIltGliRvkKiEFd4AGRvx0UttyK+Pv2q9Z8a6vp+hWPifwcNFni1CaWG9sroXEOos8QVkiRjlFQDP3QeRX6K6Q7HX9ZWIRvGYLQmRZBMrAlcbWUspUYyxB65PzEnPxd+23KLbR/CDR7XkGo3BWSNyCr7BgqSVYEjsenAPq3nZ3h6UcnrVaVabjFr92580XeUHfa91to03t5L0chxVWpnNClWw1PnUbuaptSTVO+6tG7Wmq0Wyvdr4gs7KeXUNDtHhvYmPkq7NbSbIwSDksFCnJ+YkN15wTX6d63pUVtr/gOS38q5WDQdKgkAlAczMIv4WPVMg7SOCuM5I2/m5Z61qyXuhFNQuEWO4sEMbssihGuFBUBhnBBwenVuh5r9E/ir4q0bT/AIj+AILm2srYR+G9AYRWjNCZ5J1t43knVcjzcncDglmAYknFfj+PVWThGCXLyy5ukn7sL3jZpWenR66K+p+v4VqPO5vTmgle9rSULb30XVaXfbc/ej9rO1mi/ZH+DE6j521bw6jYUuAyWFuQHkUFcBRk89uBnJH5g2mpTN8OvFMbwF9vjXaWjfOQ7DeQOo3FuOBtyQcV9v8A7U3izUtJ/Z5+BdrpupzfYr/VLCFdNusXFpEraVH+9YMNzSKWBDYHAyN3f4L8HXsS+FNUstQv7FNRl8XyXL2zHaLq3Vw5kjLLhyFU4CljyAVVsCuHAwawdneT9q3JpX5YqaX3/O9m/K11Ir6xOTdm0mtmrX3tfVW1VtdbIistVSP4deJdKjmJe78SQFrdpMHYGAyBkg4z3Gc4YEAmtP4g+HmttT8JnT1Imm8JyyT5IwFEOSeCSRtDDnGBjjGK89mMTaD4kv7Uh0/4ScYRhs8tDJxgnGcE8c8cEZIOPoG8u4L/AMS+GvPEJjg+H1wpDENmb7MRwSchsjeedwOfenWpez/eU3bVq97KUeWHvJ3tpZN62vu3sa037W9OVk0oq62eq5bOPXq7Ls+rPGIrZIfhXYXLvtji1IyNvO1Gf7QNwGPv5xjI5+YHkLisaW0sr3UtGu0j8mVJrlTtzkNIDsXIz98Hoex45Wu51Wztm+HFmiK6xrdo4jIOx3+2LyoA2Z7DnJ/h745rAg1bSo4Y1VrjX7KBFZFRR5iAEHPGASMqeeB3JFYUaji3J6Rcm2tNG7Rvolpdq9vLbprKndRi7JRSuld62SUovS2tl1d73s9VwUeg241O9Lxv9ph07WZoJhkSQzK4KyRsOcjhSp+8vXAINR2XiW9nXwTpfiSOOO3gkF1HrO0LGYkk2xrMhON5JC7zzyATkmvQvE2m32h+K/EcDQtMllpdyXNugk2C8Y4Dbc7QcndkDPBxjIrkfEGik/8ACItKkbRHS4jLbMqqGdp4jkqONwLZ+U53LxkDNdampqys/djdLdNxTTVlZab233TWrFeVP4ldap3Vk3HlSS0s3Hrq7q+p1PieBVi8YzQMksPm6BKkig7WG5eFIJyCD2wcYBPJrmH3SQM0uQtt4h/dpkjEl2YChC5J2gKRwPXGKxfFNxqej3fjGFZ2m0qO3067OlLzIVt9sh8iQgkYxgDjIJGc9dTSdUh1rRJdXg2Qx3WuaPPDbsQs0IK7WV0yTkH+LAU8tweutOK5U97aXtbX3FZt7WtpfyfkZ1bzndJ2+1FXvZcrvy7pRutW1fpuyO/tFbUvG20Nuc2qxgkj5mQdMZzhuMYGD6g1AqyIl4CpaEeHo2dW4BYD5WPXPJHy+5ByDkb01sGvvFs0gbdHqemgEHChJE5LDGSNvLDHBxnoc9LqdlbMl00UaJu8KQs4VcDeWHAPU/XrtOMk4wqmI5VF8myUZa7+7Dta3S6lvrdjpYe6k+azb3su0d4tWWqsu99LXPFtZsvOj066Rp1MEumL5anaUeNmbI+71OOedwySASSX+Of2jviP8Gfi98M/ip8PLi3tfGnhvS4holzrVrFfWMEsQ2mSW3uAUdflGC6spyc5yMegalo1o+kbx5iTjXtJhGOCyupJHTkHgevqATmvmL9rLRolv/CMCi5MkmmSRBo1fiXGVAwBtUgj5cr2JxnB5YSw2IqQpYmnGVGqqkakJqPK07JxbfRptNK6/C+mJp1aWFqzpu048jTTtqmkuXVNNO3Z7NWW/wCkngn/AIKIftaftkWvirw58cPFPh/VtE8OaYstnYaNo9lpphlnlCtIGtgpeJiFyuRknHFfNn7Yfj3xj8M/GfhjXvDWvaj4f1mw8PaW2m6ppR8m7t38tNxSVPmVRkk46ZGSOteS/sJadLpOp+PluHuVn/si3ULcbtrb5xtUknkYyQcdBg85r3f9vHRYrzxBoUM0cKyL4Ts2VmGF3G2Q4OQFGd2AeOOecYPk4bB4PB57Uw+GoUqWFlBNQpRSp3nGnzN7Xbta21lo97e9SqVa3C0KntJ/WKc5vX4lLnWt9N2/LrZvQ+5/+Cen/BUuLQ/BPiHwT+0j8ffiBpdvaW4uvDWp6bbrfXUss5k85bmUsXyMnaM9WIPGM/kt8evH3hbxz8ZfiB4x07xPJe6frXiae70/VdRh2ahqlu7lo7m9GAEmdMMSvGScN/d8Z+Gnhu6k1S/tlsIJ/I0i4JG0MCdhPmYPfB5xjoOvUc/rWm7kubRLEtPFqab5gofZwM9emMccHJ9TmvYwOW4TA5hiK1KtOEakY2pN/u48zTaUWny3aW1teZWZ87Vxderhablh4SqXUZz5JJy5UtW163vddE1Y9KdoIvCyFr+3xfX13Ok7EpvUIRxkgYPUf7O3k5wPt7/gnc6w+PPFUi3KTB/CbxEKSQQ8jDHUcBmyCfUe9fn94j0qRPBPhWL97ve4lXy5HWNWyWyudy9OuOgOOT8pH3l/wTwjtovGfiW0gjdZ4/Dcn2hpJN6r5bsSFGWPygbsgAggYbAy057j6ccsxMIzvZSSbte7lFaO97paa9r26vqy2FWpj8NeHKlZtvv7qdr9Vpr173OA/blvoNM+Msg+3zWLYsQTGSQFW0Xco56MCQeOMdsYHz5c6jZXXgewebUhGkmoXUgmlyETapJwcY3EAk98Hrng+0ft6QJe/FkPbsrTSNbN5soCxuEtUO1SSvRRgdME5/iJr5S8Son/AArXRrZXfcupXWfKIKuxQjIPGQCccjLHgZBOPTyPE0qmV4G81e1OVnK0tknovvfbzszizWnUjmeYRVO8VFWvf3lyx2d7XS0ejdvLR0GubJXnmTVYDDKY4FZGc4ZsZYnqTjkDoPbmvZ/GH2S++HXg+yF/CI0kkCTSOwjkBY7icDJ45JIH3T/CMV8naZpc39luZluS0zhICzYUOCQCByB8uB1yCB+Ht3igLp/gHwTHN5t2jpeBgCzCJ843HaDghiOSOFG4Dqa78diqf7hwcVyVF9q7jeN3u+u91a3TTfxsLSqypYlOjyRcG72d7za92+uj1duj+R9z/siaHp9rZeO3trkXsT6VYoRG3mxK8dzCzZbnGWViOOQMAc4Plv7X/imHw94qWIxSytfwWRLwOUIWOLCpgHJU4Klep7e/q37FNhbaf4S8XOsrlr7RhcMjlt8bC6TIUnOCeTk42joOK8k/a88KnxX450a0t7a/lDJpzyzafbSXBRSiguyxqxAB6lgFDEkdM187PE0a+IxdWrUioJRheTTgn630e6adlrf0+sjhK9Hh6gkr1HJSUdG7OeltLPRJdLXsup9meAfiPaan8NPDkuo6HrmnxDwzbwm4EbCArHCAJNwHyhuoZgRz1I4HDfEHxNo15oXg1bO+lCtrtsnlSyN5xCSrklWIIUHjIyuBkEda+d9a1fW5fhzFp2ma34ntV0HTZ9FkiQ3Mdtcm3X935kewAbQoOMHJJxXx9/wmHixW0a0vL/WZ3t2lmhEqTMVKM21o0wWOCF5BJOBznOfzPD8D4XE4ytio46FpVatSMLpr37W6rRNqXS9muh1184q06FOlLDt2pwTnyyV3H2acVa+qlo9Hsk97H7OeOfEOjM+ihEkmls77T3dYGbdIkcIWTaTgEnoxUk9eBwR+b37VHiq217x7pUOnRyx2lu05ZLg/IJAV3bWOAzHjLdOhI7DziT4pfED+z7eZdR1aVo5iVkeOXAY8El3yPTkleOAec157rvjPVdT1Kwv/ABBCdRl0+Yym3ZPLM0ZZGYSn/a9RkYJJwcZ9nIOCVlGJhiHiaVZ0oSaUWr+/Z2WyVk1pZ3em6R5mLziOJTh7OVNz5G5SjZJrlW7S0bVt3fqk7I8+1tJJNbZ2JNvJIuG6LlRl1B7FSRuIORuI6Zz9S/sqSSHx1cSIN0tvpF91ZTmCQIoIyRnGCc8475Irk/EV18NPFUX9qJe2vhe4g00TjSDCXW4u1XDKj8BTK2QMgAksMdc9h+yxfeHbXx5rV9qcv2eJvDd4tlGhZwZgCIpNiBiY8qWxjgMcYycfoeGxTcaMuSdOUKsG1JWfuyinZ2SUb3s3vtomeRUpQjWmlOMlVp81011UVrdWSWlrtO6sfQGrSmPRbxVADS68xcAhgHL8gdsKRjjuM5OOeVE0kfiLWJAiktpkCtkZwBEcgE8gkdPm5DDkgVheJvGOh2sMtk2q2yXEmqC6Ad2jVI5ZcrncMhtoIIIBGApGRVXTNYtbzW9Wljubd4ZNPULMs6YZ1TGBhiScfL1yD1I5B/YcFi6EqdFqfK3CDceaNr8setpK99ejd/Q/L8fQft6sUpL3pL3UraNWto/wa8m7pnQ6RJaNpukW8sIYyX1xJtKf7RPU4zyQRk46HPGSzZC+n2ypuj2atJlRjkKXxyMgjJHDDp3HNJpE1q1noTz+YjLLckgEkkckZwMhSSOORnnp0z43t3tJJhKVVdYmK8sCFyQMbuBjOerZwemcV7UHBuLg4ttJtpq/L7i1u2r9mrWtrpc+frU5qUnJO101um17relmtNL9Vt5vRIVntd/zt/pAJdVYgfMOpIPy9hkcdwBXivjZTH4ejIKFf+Em4yqqxLOPTkgdcZ59ThjXr0awg6budz5sd0y5Jxzkg9cnjuCecHmvI/iClvH4bgdWcmTxFnnjkuDnjBIHbJJBGCcmuLOUvqukVdKLbVk7e6079d7b30vs9OrLW3XV1dvlsm9rcujW2vor21tofor8DtDN54Q1C+kPlNZ6NZLGsQ++G2MxfnqBjA7DqQQa9j+IdtNY+Ho/MjLg6bZyqG53gKucDHGOeOQMk8mvIvgLeyQ+Ar4o7uJdLsldSME7eDk56nvjkn1zXtPxH1iO40yyiEO9oNNtRLCQSXj2BeABn5RluDuzjrgk/jmPcvrjlGLT9ovNtJRd90nppZ9ex+tZUubCU1J8topXWmtou2u6uldfefIVtZRtDNeruYNLJG0AHEZlwDnnkdMnPGA3CqRX9qP7Fl5rmkfsc/AltG8MS6r5Ph+VtQlt5Qk8VqJCN8LqRuZgNioODx8vXH8ZkUNsItQuLZnkiRiwg5JQklmEi/3FBIBAJ+7wc1/cN+w5o87fsZ/CSLSr86ZdXHgrFvPMvmLBJIxdH2EYIDYJGO/AIzn5fjBTqUcNSirKfPO0Uua8YxV4qV7La/Zve56sHSp4dVJKMm69OC53Lkaad/g1s2+ltex8M/tQ+IviV4j8S/BPw7aeB7q90aT4l29xrS67bxPqmkW73CKk0Zfcz2xh2lCoABJUdxX7m6ZbQ2ul6ZawoEjh06yjRFUKAEgjBAUEEZClcA8Z/vDNfmD4qvtftfEcOjePZLLV/FsviXSZ/DmsRLLBcyaNDcxxOQgTZGN6lQCeQeM4Ar9SLaMmxs2DEk2dvjJIbPlLxjnn88EfQn5nI0pSrrVyjGEed2b3vZ213XK1bta7M+IbqhgKfLThT5qs4+yk5QfN7JtrmV1ezdn8NtLtauOOcnIA9BxjHPXLAdNpPI6nniu6DocqHxljwVBIx3PbpwcDkgCpzyRnC4IU56k45PbB6gk9+M5ppXBII3KOMbsY25xjrnnnj68171uq7W+WlrLZfl5O+nzSS1trfW93q9Lu3deV3srpplBjGCyFsAnCtnA3cjOOMdMEnGTnPU0gAIIAGN2ARnnqBgEd+c449d2eLLJkDI3A5I6EjbywweQB0+nfuGNGSRljwSWHBB4GcAEgbc9BxnPbBpWfSzvbfuravrfS2+ml1ua6NXSs2rXv0tFaqzlrpstNXqo6R7VJAIGFGBnnaOhx04OSSCD1xgkAUoAYMoPp6KOhI+UjnIzjoPc5xT8MGyOp4VvpgcHk5A6A+p7dY8lSVGCzDhsjgY4xxzz2JznpxjMuN9fvd9Lq13ey+et730a1NLxbSur2steaLcbO+yaa87y020uBAxjOeSMY5PTPTPYjv347ZQqDgY4OcYJHGeQPTk98j2PBDeRlT3Ixnuc849BkYOfq3JxR97JTGTjjuDkAA546dOSOOMdDm0+103o9u2/dr8LWBO+qbs9X5OySv26a7Kzu9rIwA6YGR0yeRkcZGTz6cnv9Yzjp0+7k/e6defUjryfcZIIlO0sB39TnjnrjqpweuPxqMuUaRiGwB2B69G6jAAwN2AckkEjgUWbVkt7abW1T6W2/rU0i1Jr8rfFdx731b11W67JNBQEZABwQB1PJ6Dd2xk8+55qLZ8qt8pJweADkHrg5+XgjGCPfIyKez/e4ypYAHOV4H3evRsH5sBeOvODCXJxtwOOuBz+GAABjjBxk8dsy4y0bsrPe+7bW6327X02WxpD4na720stLRjva71u+21/SdVBySR0yc556D8B2x154700AhsHnAyMNxgg4Hp74zknHvTVJZiF5IJ4xt9Oee/fqe/XIxJ1BGASMAHgYyC2ffGcHPbgHoKzs3pp56rZWWqT6bt29d7lq60tdJqya72062vZ20/VkbNgqMHJBzgngHjkevUDHcc5ApuwkDAzweMD5ueOc9SD3HPcjmnOuAMjAIAHcDOQT6Ee5BI79MVFyuVJIJHTucex6AnIJ4A6e4rRtxtdvmv3bfLtqrRvokmndK92yknZNq+2qfkl8Pys76K+t0hQRllJJA7AZJDZJxxwOny5JJJGBimDbjgkYOT97rntkDCnn0AwSQDxSbhkKAByAeuevcAcnsNowcexpSeCQduQeRxk8844BPbHfjuBQ4W5Wr8rSTbetvyu2l+PQuLb03a+G3or27W20srJfJrDcOpUAkt6jsOmcg8YPbj0qNgCSAzDoeeDkfd6H6c+23oM0hOcEbsnAI5GAOSfYHB9OgHOBVdnBJI5x97J4HIBwTjAyDxn3wOcYOaukl10urpbX0S8tL+V7200UdrJXu1vayTSbXp16fOyJiwbocYDFhydxGeAeTk4GWzyBjnjETsOeeuB39sg8jIyCDjPHboaYzEnA44J4GOCec57gdBkdsfxbUIKlgCCoGdxUcsTwSMg5+7jjt2ABrCdVKTW70Tu7aXja176u9nrd3drverT6WsraedlvdLa99G/vSEwckAZxnoOcdx364BHXH8mquW5OSMnng/U+45HG0nJGafhjnJB7YBAAyRtbqM5zjByR23GkyQT+Rzz07c9j1zj24B5iM03pezd7Xd7WSS5W79Yv7vIuMnazTvdProkk7b3av2bs9NrBjJ5GABx06j1JzxwVJx6dsEsdOqgk9Om0ADgknJOAMDjjv3IwEt1HDdOfYk+uM5xgYx1z3pFZgfflSWzng8ALjPqQATgdsgii8tOWzbtzWvt7tt218N7aq3Npq229Yra7dnbWzas1u7dFq9u+pIvORwPu+p4OSD6EEk8ds9T2eAW+VgMYIz6HHAI5wcdOwAGe5qA7uGzxwAAQWXGATgk4zg45wMnkc093wxbpkYADE9Mg85PGOVIBHYmtqdRp381orNvys3eyfXRX66a07S3u3uraJfD316a6pab2HlRw3y5xlQG65GFJOOe/tt+U54FKQOMkkhScYwoIAHOONo4GerZA46Bm8HkAkAYA+7365weMgDjIPrS5wdp5xndk9T/HuOCCccAnIBzntnTn66XbV3d7W079Nb677WSJ5fdjZaK2uj0sno0l018unVpeBjkNuB5XhSQQQMcDBOMHaMHPTJpnBLEkqOgySfvZyeScn+IE5IweuaQs2FwMkbgOncnPPXPOMYPJ6jmmBiQQV+ucY7DA68nGCfm9c9AT2lnf7132utNlr1Vvvslpaze6s900la9+tlfa/ne2rVY9zAdAAfQHO75txBAz03An6HIGZWXIJU9SoAGOi4BxuX1+9kdCfXmJsAhePlYZPYA47jOQQOgx7kZp5f5W+buCBnHOcY7ZPU5wQMk5xgByq82qjrdbt3inbVNWcWvvfZ3sodmrtXukraa6Ley3d7uyW9ndWubV246gnkls8ZGMjBJwOSOcbjx2qJ1D7gucdMDJw3OSAevqOOuegFPckgnaRwcrkkjoDx09SOAWyMdaQ52nAB6dDgsOoyQP0x0PcYFK93re61TV9Xpuut0rrVLZstRuk72aetttOXfW9tvuvbUaWJ3HAPIU5xntuYbhhSTzjPTgkDpDlj8pwo56nP3hwcL265Gc9cY7hYvtJ4A5xuwAAMAkY7DoeM5PH3shBKkK3OATk7c8nIxzxg49fQcGqjJKzvrpva97qy211/PXcmSs7q3M7b2u2nH06Jr5jGXcP4cnIz3IBx9VAPJGCDg9c4poABXI98H+HORgnGDnJAOMgZ44zTjk4wSAAAPck43dscevXjnHFSGMkncdx52g9AFyBt9C3BKlh8uD60e05r+ST77qP6W8m+qCXMktN29r6JW/zs2rJarREICpuPLkZIOOm4HI7jn+Z4FOMiqVYjOQ2AAcqV42kj1AHQYzjsAA/AAAPQgn2UDpgc5/h54zx8pwctCBSMEEADJIKqck59ySCCTnk8c5ybi0+ibsmnez7dHbo29tnZoEtLLbfW+vwt/PXrteysklJhKZV+pJOQcYyRyCOmM+gGCOPQOyvGApGB3GeT175wevUjBAxg4VUyDgDCkEDAAYE4JJHQc9CMegNP8ALA3ZA5GMtnAB5OBweTt/THBpJpb7aKy0tonZXW9t3ba99rh+8ei7pJ9Em1tfpq1to+tiIjIYcdSSTg8c4GeSRkcDp+lROACMY4XGB1DEDjjkk4+nFWti/MOgYcbSTuIwB15AyMjjqOc54YY1+8pHIznGGDdQPXaOent6YApLZatrtfqnbbR/8NrfV8sklpvbTv8AD3aureaXTzKrbGGcAbeOTgn25HBAxnqTkYPegMo3biv95v4doHQjJ4XleAfl4xk1YaEcDA5JI4GDyO46c9x1PfiojGvK/d5Ksep4J5xk84PYjqeeSCueL1b8r2f3fhtu97gotNye+1l0Wm97a9Ltv9HBkEEgjCrkN6BSPwweQQD0ztzSYx8xILEMSCBx82CR83J4HzEcHqPR4jBz3XcASeBx07jAYYHoOR6YcIgTyQc4A4AUcHdxxjDdwcnoR0pOqkvia+V23prs1fS+un5FKOt7r8Lu9m97drdLapPYB8y5OOQAp4BB5AxkYz0z69OTmmOgIZSSVxwSMDZ3z0G3djscngYIGZGjCjIJYLk9cDA6A8jHBGR0z1Oc0xsqTg9c474DDIHPTHcAZySOlZOsu73u725rrlfZNWduj3u1qy4pNrS791q3TbXvfo1be/yhKHHXC8cqQdq5zwOpyeM47YBz0gMTBiyliAw7AbgOR9G7D+Lrgg4qVjgbSx7jjHyjuepBYf3c8Y68YCZJIfJOWycHAAHQ5B53cnPI256hiKPary5mk9kuyV7fN/qlqJ07N6bWvfuraa6+m+q16shVAdzAnJBHoQ2OMc5BHr3z/s00gEkFiVO0bSoIbHcgg/KOgGOcEnPUTdiQMAnBUYPOMBSee4Oe2eoFREEn5CwC5DcEnkHpn+Q4JyMZNVz83lrdvW7WjXdbaPR31WmjVKCtpurKztZd7+m/a3lvBJGo3KoBDEEDJIC8/NkHGe3Xj1BzVZgcnksuMDBIyRycH0z164znPODYPVVIfAbBIzjJHGOnJHYcDk5OTlhAyBwR1AYBcEdsntwDwePxNXz2S7uz9L222S2X597nK7vRWXlbtsrpv5N7PQiVRgbjgFM57DkjBGR/LP5YaWILnk5BYjnsOgIyOSM85yCDzknFNKlg2C4DY3BTy2CCNvTj0wTnk4HFOUkNntjB7FsYBzg4JAwMnAJzyaunJSaas+l7t9E7fdtpst1exjVi1ZpK6sr63vs/mm2mtPK19fGf2nHSP9nj4vggGN/CV9E4YYBV4JgynHJGMj5iAFIGB1r+dz/gnn4omX4V+PvDVqLeBdF8ReMvFOoQo20S6fc6VJYWvm7eGjadNgBzk5HXiv6Hf2nv337O/wAY1BX/AJEzU5RuwOYreU44/i5wTg/yB/mj/wCCeWiX+r3X7RUGlO0en6FpWjWN5LGpYOtxem7ni2kA/PvYNjqpAyTkDxs89lyPn1caVGe7jqsSlda9ObrdNX6n0uS80sI4ppOWKlHmfVOlFatpro9enZvf8Cf2pml1P45fEO9vGAZ9QLpbxRFUUKCUUZAxwDkcd+yqq+L+F4rmYoYXbT4TeIC4jBYMCpDLheQSRzzjdw2ea9i/ajvrm5+PPxNfy5I4F8TX1kiiMR/ureR0XaCRjGB2xnvyAfGdAmuwoa2ecGO8QJGqmTJ4yMYwWOOATj1A4Ff0tk84rKsC4OKh9Uw8k1beVOk93LXTRq610S0Z+H5lCf8AaOLWn+8V77t+7PumnrzPtrunZEeq3N5b+JUnkvbq4lj17ToWBxtdPOQF5AeoHIABXHbB4H7862LqXwH4FuFIUSaPYoqOc7ALBQSc/d39Bzx1HAwP56dVnu/+EuQP9pVm1XTWKsCqiY3Mat5gxuVj2B+VSMEHmv6DfEd8tt8O/AoG8SjTdMifIOMtZRjkHqoyVPPHsRivyvxKm3mGSTSTlB15WV7SVqV3q3/TVt9P0bw6U/q+cQdlzKi7tvR88rW33S9He/Vt8t8OrKWbXdLt54Y4x9qu7lZSxCKIUdgzNyAMg4YkHg4JLKK/O39v6+0PUviF4Rm1N7ueNbe7iLxkC3mkSbLJCSwVEOMOwHByCMZNfqZ4DhTTPDXijxFdRLNFp+h3iWzsADHPdFog8eeThpOMZz2xX5L/ALbmlWk958OxfSMIFsbjfISVdproPLtwozhjgNnnqSRXl8G1ZyzxVknJx/dx1u2+SLadkk7Pf9dz0+MKXLlTg9FeN9Fu3T8rX6J62SS3PgvxnqvhXUY4dN8O6fHY3azpGxKptZ5BtRNyk7mkJ69FyTjjjs3+Euq+FPD2j6rq9xpUDagPNjtBdRiWJWAYvKobj5eSSNuQVyfunzi802AWYksTaQzxz7IZSu5y6nKNkjG5R0bqCeOuasaT4E8Y+M5Z57vxBd3NrausLvLcSyJECPmWGM5CqgB+4AMAfSv2SpicTCtGtGnZJpcvLe6tFcujVrvW+ul9kflEKNBUuVylJy2a1/lu7O+q319bdTob7U/Dum2k1vc65aBpU/eLbqruSvAXA6rwcE7T17Zrnk8eeGdPDmy0651JwqKHk+WMsAQSMnOc5ztO0njBOK7Xwr8DNC1Sx8R3d5eXFxcaKyxwKoYCeR2Xlh37gLnJJBUjqPRtJ+A+jrbJd3CjCxiTyvKCqpK7sHbgbiOMk+vPFYYjP68ans6laFF2tZWTt7ttUt+9r/etemOWRVKNWFKVVSS6t3vbVpJW1vp5t2srngn/AAsXxNfRvDpOiWtqqgyF2jM8iqATvJ2kDPXOSQfzD9KtviT4xljWK9uysikLHaoULYOGClcYweueQBkdMV9v/D/wNoFsusRtpMQd/D90YwYQz7o4m+cNtYYJ56gE56fKT7j+yH8GF8a+IdKiGnRrYh7xncBRkxz42yMR8ozkYOCcMT83yn43OOKaWX4TE4qrXnUVJNvXRuytbXRP3W3fXbQ9nL8kqYitRpQjGLqOOnKtE3DTme0kmn9x8OfD79ljx14y1+0sNVW5t4pEluHeYO7lUUuxYEEZPO0jHOcV7vqn7LHh7wt4W1a/dnublJ7eyEzAoIZpJNrYbGP4ecY7k9hX7PHwJpmg/F9NIstMSIWXhpjNHCAYsiF98mQMHOMkjPBHPSvmH4n6Ukvw/wBeiATa3jTTYWWPDTKv2shicYIUKc9chQehANfn2WccVs2xDhTXLBq6fNzON03Z6vVfNN2vbU+ox/DccHCE5tOV4uSatpzRTs+276Ly6r3D9mX4J/su/CrwL4W8VeKP+EXl1tvDcmr3s16Yb7Ure/S3kfbDDIC8bbgoKbcbTnJ5I/DrUfGenS/Gzxv4rtIQ2kX3jDWJbJVQQxratKywt5aj5QUCnpxn0Jr+nnwT8LPgzZ/B+DWINF8J6v4gfwxeNKb26gmuIgdNPm5hdzslhfGVxzkY5xX8p0VtHL4/8VxRQiS1PiHWRBCwIjVBeS7FQcqEAwiYAGBjhVArk8GZ1cfxPxVjK+KxuIrSxFOmnipJwp0/azahSi78qurKz22R0+IzhRyTI6FClQpU3ScpKioqVSXJSV5y3b3snu2/lvfELxNomuTapukjYTW5SBEBfdKMgb2wSFUkZHcdwOngFlYyGWJraOIpsZJJiASDuPy7Tg7h246jBIr6I1Dw2FhadbC1BW3fKkBip2tySQAWPQMAehBxwK87tbd47DZHZxxyGVmVoh3LEkgHHQYJJHb5cg8f1HFJaS33Tcdb3Wjvdbrvd23S3/C5OfK2rq9t1J6Np2uk1dt6bPbUzNC0crdLMArICycKMdCSpx/EMjk+uRjAA1dHs1Et+jIqP9pY72VcfkAASd3X/ZA6ncdHQ4Lu3nDSRkAyP1ICEY4O0kKSQACCTnrk8Vt6Vp011LfYYQkzsr4QtnK5XB5+YMTjqM9MYrojOnCnDaTUrpWuldrVNbXaS+/S6MoQqNu3Mm2pNNaatWafS/m76NpLRuGbSIYlZ1hTdKoJ2EblYjcSAOc9OMYwQM8YqylrbW9hcMx4NvKSwwCGCdiMk4PPJOOpKnpvHQmjjjknug2AAqlmUhgcKudoXjoec84BNVL6witNKvpWfc8cUpkBY4RSmQcMOW9x1xyf4hnUq0eZJtJuL5Yytf7N7JJau+93otLLVQ8FjG5SjJ2VuXqteXe1r3T7LRJ63Zy/hYQSWMYU7l82VhISFKksxC4GOOc9M8bgcHbXWNFbxIVcglsMAeH5bsSO2SSDxkjAPWvE9KupvLjksnnEcUjFzuyCztgZ5AAwCDywz7V61aJNcpaNJOkrSRozEFgEzwASuecZ4JxnPzA9eqjOnGknJxajyrV2XSzSv3utdbLpqcFfB4y7bcpWcbWulooq/wB789tNFppSvbtZXBQv5jQvt+bG1ADwWXHBHQ8c8j1CaZf211HbQmVVeCAKSGJJIHC9BzgDtjPPOcVDewyR2k8SCIu8cqgI+chVLZIHJIAJx1xyB1xwekO4H+j+Z5qybX4BIIBU45x1JHUkNgkdq6KMqUpRcWrStfXXRpWVtb+9fSzurN6XIiq8KU3U5lZpNO65rWbSvq31bW2idz0O4urVXbLZZTh2DHkbscjhgenPOAcHkgVXnurVrO/bcHJidU3ZYqQrYGTgAbRyemT+XK7LlWkdkdi5JXcQTgH14HJPPPUYDAgVHcpdiOUrvVGj3BAMKWGd3556k9AR1AI65KCjKNruKVm009VZX06e71tfXtbyoSre20u7yinu76Kz6Nra/ppbpu6Bbedboquu1TudVX+LbuUqucAcj3zjoACJLm1jVmjxGSWdSdpGdx+ZiOhI6djjpwTmn4ckkVYxErAhAr4YEM3OCo688jBwPbqat3k00b/dPDMWB+83PJOc4GOcZOBjnjnrw3Py0243TbXw30tHlfV33XRJ63Wpnja0lUVlL3WtX7ydlFrRrS9m3azT0Xlha3ZiPTpEUoVYxhWwCwJYYwNowR1HX1wDUbR21vpsySqBIIEK/KN7Nt4b3YnnJ7jgnANUvEepfZrQjLM0skYwSflYngnAxxjpkHAwenOe93JeKEcuwMKbHwAr7RgdD78HJAIPYEm6nLGpJaJxUVy6W6aN2sulu70M6lWbpwab3Scb35bxWllbZ/dboldT+DNLSa5vbuVSGDlgzIADnPAHygDb/LJ4JFd7ptnGumyzyxqIbfVI+rfdHmAHCkA8gkHtgn3rJ8KRpNbzhgVOxR8hI69NxA6kEAnp36EGt3VZLe08Oak1ypjt11K1BmDgbQWBOAeu4nnvyGwcgHw80pweHkouTTi2763b5bNpJNJJbvv9/vZBOSqaycotNWel/hV9NtLX7b9DnpvH9nY+L/Etg9tPJBBpkbGWMn5pUi3KiqMggkLnA9TgcmuT8N6tJrGtrfXNvJFtmlUEli6qclAGJG0LxkEj+9jacHrPC2l6HcXPjLVXCSXU0UC2T3ClVVUQ/MhYZJY7cHnuR61zWn6jG2pQLthiiF9Ikki/u0YjClgcAEYAw3fH4j47K7rFT5Xy2nba6bvFPpok7vfZfNfRZtyeyXLdy3Svqrtdv5b3d+nVdO48XyQw+DtLkCq0kmryCSUplvKLAlCxGSBtHOBjB7jA9ItNKkbQLa8VlKzacmVCg7Ay54zyOB2zjkcYFeU/EfVbaLw7YWsTo6C8edDCAVCoFL5P5g46c4ByRXceEvHeg3ujQaPBNcz6g1nDGLZVOGkIwdo5IxtwOuDweCWGWb1HSk5Sk7xtG/NZ9L77prq09ErLtjllKaoxhKTVrvR3e687tS6/KzOC8aSpp3g3W7UqgRpCCQMEl1OGwB1HQY9evWvnjw39mj8JeIHecrfS6hBDbBhyV8xSSo5O4DGQueo5wBXr3xX16wtdM1LSVdxeSS7ngYkeTjAYn2HGMnJwPqPnLTHuZrDyIZNym985unGFXJz1OCTjBxjp7enkDb9k39uztq9bLRaJXVrrVbLSxnmMlSpVXfRxta92rq3R3sr3X63Pc/B2krci4uhuleK2VmOz5A/CgEnsSqqSMcg8EV+pf7P/AIQfwr8PbAXKsl5q0j6ncrnGN+4RAnq4K46gAZ5wfmHwj8DfCt/4lax0yGPcovIP7RlT94fsodW+bpw4bGSRgqQdo5r9SrYLY28dvEqiK1torOFUxtHloANvUHKjkcH5gexI/oHh/DU5UI1HFJcis90pNxcrq2rSVr26vS2/888WY2UavsadVqU6nNNKWvKmn8StrpbpskjmfhSqt8Sfiu5aTkafxux8qxrgKx5C4B7ADvkHn6AS2gaJS0XmbvMJXg8/wjJP97AOckAZxivAvhU6j4gfFIsNrSHTVyc4I8pdxHXGc9BkA4PSvenn8sLGBkbtpO4kEEdBnkHtuzznABAIr1sDh4xpVHJRd6lTeOt/aWWl07Pfbrf0+bzDEYhVIrmk17CjdK715Kd7p3vdu27u9dLWIJrO0e3KC3jBiZSBgg8578ZxnIxgg8DnBHz9pVlbyfFP4psqBTDaaSRgZK/uIm+Uk7s5wQ30JJ4r6FlkG5wM7MKMAgDA5AGTnd6nrkNxXg+gup+KnxZ6AS2+llV6ni2Q54B4yB2xxyOhrz8xoxdbBQ9nG3tZcz2+GDa7rWV/R3asm7+lkWKq0sPmLandYeNndxV/aU1e3nfSzWmj1OK8W6ezamFjYs6YlzIfvblAIA5DZB3DgYO4Dg4rv/hTZeXot9G4Ubr+Zm3YySiMwwMZ2hsdQFxkDksK4rxZcTLrMmxWYiFRwW5+Yc9Np4PYdD83au4+Gc5Wxu3cOyJLdO4GQF/cvjJ5XkD8c+2TxU6V6uIjZK6mrvfaLSV3otNXbuup7snOrDC1eZqXPCWur1UWtXbtv39Wfmtp7wr8ZPGEyJulOp6jjnABjuCVI4OcdexGdvXOfqPS72fV7a3i2h3knjiUpIu93J2YxkbmJILDqeevBr5I0+WFfjB4qcln36jqTYVshSbhgAAcjjoQAe3UcD6v8JW3k3OmypFLdSW95DdC2UFd6rh8cZBORyewLZOK+SyufK8XZqL9rUbbe7UlbTtvazur231PsuI41ZUsFdc3NQpqVtruMe9r2bbtvoz0vxl4TvfCnhm+1PUcw3cOi3V5MZI9s0EQhdozkDJUhhgjb0znOcfg1q12uqeJfEN4pl3XBuJ3dW+aRi7cnGNoPJG0dyee37gftcfFG/f4O65qgtpbKfU7ePQrRQquAmwK4aXrlsH5c5DAZOBX4Y2FwI4rwSiMymNImbcFdmIIYjcQAuT0y2eO+CPA4sx86tKhCOsqS5pWd1J3jFK0dVLl+JtvRpPS56fA+Xyo1q85czhUacXJaWsnpdXvZfFbq9tzy66vr2OaRFmZApGI1PBU5yOOpHGccY6nON2jo095NKSzuqqJDhWJDEkDgHbgeo5JHOOprN1e3WO9mHysBJnKkEAYzkZxkDOcDpyeMVJo88qymOPCl95C5PCnAA45Pc/KM4zk4NfM0KtT3dHe0XbV2ule911s1v266n1+IoqNWorNpN6KTtrrZra2j8lpdvQ6a8muDNDglSoGdrHqSOW2jIzngnleCOM4W81K4h5iYhl2j92+CQw7g8gkgk5OScZ45EkkKTLuRgzjbuGcEAZ7n5gQM7l6ZPKgcHY0rwrPrmEswrOVUSu+4qsgJChhg5YnlcdRgEHcMdkajhKUpNK/vJu26UbON9mvLvr5eTXunG1OUveu+V3vZxS5Ukle99UlbVPsYMGp3YUHzGMm4jmQ5/PJHO7j5voM5AuWl1fTyxlgXCTFyWY8FecHgkrnAIUnjkcYB+gvhx+yn8UfidrM2h+CdDk8S61aw/aG0uxikEixEE+fcSkBLeCNTud5WVQPmJxhh+gHj39gT9mT4Hfsq3/xQ+Kf7TekXn7Tt5OLbw18APB3lam+nXWVV49e1JHIheH/AJbIpYAgdSQD8/mXGWX5dicPgqlWVTE16kYUqVCm6tSzlGLqTUL8sU/ilK3La9z28JlGYYmg8RCl7KkoSd6klG7srWbsm9GrK/fXQ/M19SvGtVRkVZsIxTPIQ55XONoxyQBzg+uK4nxDe6hJciNpZDGqRsBuIAyOi52dCM++ACRkGuxh0XVo1tb6/sr21huYyLd5o2SO4KgB/LZ1CsqktkqWHTJGDjkfEkO3UVAC4aLJ654745wR03MR6kE819P9e+sYZVYSk4XSbTs7rl3aWtut7tNaPa/y1LC1aWP5KkG5Xu+261atqrWSd10d2c1ITNDI7gyvuGcj5jzgnk9B2HIOQSCCM/Sf7Oug6fY69deKdVgaaxEC2DNzshM2AzgAks6g5A6FuW9a+fwINowqFBtJHPBJAbAABzjqeh4weK+pfgRcWH/COavE9xbQg3BKNcyojA5YFlVyo9R+HOeleFisLHM3LDynOmpx+NOzvFx2206Pb3W+1l9ThsfPLJUsRGmpTpyUowurNra6abas7a+7ouW55D8b1hvPHeoNYxzjTEVltHkiAymMFmYA4GTw3UAgcEA14jFpCC4i3TLsdiWIUcr15GADz/te3AGD9b/F3VtOtrOe3T7Hc3MzJsnhZGZeBxlScZIJJVuO+c5Hz3pL2t1NFDLbwmaWTg45BJ5AGAByRxkqRjGMENx1MJTy2MaEH7SNOC5XJa7re61ey7ebSR6lHGSzNyxDg6Upzc5Qd043lHTt1dulrb20s6F4In8aTpo+l3CLJCGNwSq7Ut1ySMnC7jjI5xjaDxyfWtK+EGi6HMiSg3j7VMkkgDJuHykBBwdpBIX1+XjAx337Nuj2Nx481G2uRCiPY3MKoFzvlRWYZ7L8gBH5YPGfZda0FrS4uYPIMZW5YoxTlkL8EDjIAxgntg4JFevlSjXi7xd7aJprRW++92+lmlbRnyHE9avh6kIRlKEXZO27Saut76pvRq91bU8AfwppygxwWkKG3AeMoigFiQDvIAHGBgDO3PAyAD3Os+HYJtNha5jtnItbdo0WFTlAoyGIGRg4+9gEHOOhHQalp6xRFkCZVD5nGOh2kt1XknPXHQnkgV0+oWEH9lWrwbCzWUQcMcAlSOhzyPxz/exk47q9HWOyV7Pa8laNtNG7JNX0slbqefl9erPCVHUk29WtXZpqFmlbVW076aM+adY+HenahbyBLZlkZcKRgRo7Nxgd1+Yn3BGTivJZPg7r8E7zQvCYtzcLhiIwSMOWb5R95ef4RntX21FY+aqRrGjcDJBIIIHQdTg5yPYH73UVrqxZYJgsIUBXDE5wRnnf6Y56HGeB1ONKdCjyptvmVmmn192973SbtZdNem5yQxlWNW9pWUktE7JprRp3srWW62Xy+c2+B1/qNjb3gvFTFvEqAqCEIUHZ2OOobd/e79Dg3/wg1uGNo2uQwUEKsalSxXptPB+YdSMjoBwDj7i02xVtGtovKAUQoeSNhyAOntnHB5GD0BzRvNIiSNnECMBGWUA57gqc9+Cee+PXOcI0oTknJ2jZ62s7pbX6tpR3tq9bWaOnEYyVRaprl5b6dmm23tbdJ6r57/AH/CuPEFuxKmV1V1+QgpnDD5QcnJPynjICjseam8TeENQa+0qO4heFJYI4iFJbLKQCxJHXpyeenPevsyPTozfo7wIsYdXkDAYx8xJJb3AJbnrj3OZ410rTH1HTBKkaEwExhV53sfXHI5IxjPHUAjOCpwi5Ru915q9l13j2fdve+ptHFTlSjypJxTte3vaRXxWuk3o0328meH6T8KvtFoJFuZlzEAI/72B1Ug4YcZHQAgjjgVJbfBWTX9RNqt7PaRwwljJKjNu74Uk47jaew6nivu34IeCfD2u6vp1r4qnutO8MJHL/AGhqNvG080cUSlpHjiUAnCjnnAxyRya9+8FH9kub4r674SstR8Ua1pcfhi7m0TUprRYIJtbt0ZRGSHLvEso5JHADevPwnEPGFPKcb9Qp5fmOJqxpRqzq4fDzqUKcHJRTnV5lGLvd8vNok2j6nIsir5nhnjJYzB0aftHS9lUqQVWUrXfKrXd72utLvWx+TV1+zdLZwtt16WTeSRGFwx2jJIywOOeMDGefm7eR+M/h3c+EPs00149xbGXywZA4O/p84KgBR1IAIPqcgj9fvFXhnSFmaaH7GEBn2MhCnylciP5ACPM2gBsHkj3r4x/aK0QxeF4NRt4Ge2h1FIpHMTEM0hAADlRgHnqSWIOeAK9TKc+jiZ4ZNR/eSg0m725rNJ6rVaN620200nG5XGiqjUF+7i7tXajZKzba6aX212R84/DmJ207Wn+UL2z90qMEY56DPcEEZ5BJq9BY3B1S2kCB4xq9gBHtyuDcRhiAcg5XIwCByAMqTWN4PvJoLLVjHGyI3BUZGAQN2Qo6jAOD+OOldjYXiM+nmLDMt/amQkkne0ozGCccjA5OPrxX7BQlF4emtE+S6XZtpaXvfS297Jdz8QzX6xSzCq6bmkpt2X2r8qVk3bS7dutrM/o+l+E3gPxD4D8MJcw2Wn3EXhWzvoWghh883cenpKxeTIC5YA7SOMHgnIr8edGs1Hi3x9FcRK1vFq08cM7EY2QTMisSN+WfaMFRuPtnn10+KfGp0uzs7bxbrMcE8FtEsQuZGiiUQoogByMKB8u1QR09TT/2ftP0bUPiN4u07XIIrpVtUeMSKJEkmkOTIyMpBYtls5GevrXbWwNWvRcOdqNWScW+ikk7P03ej97bcxoZ3DCValerHm9hFOaStztuNk72b3to+u9tH5mZ7/T9Y+3pbxTW0lu6FgfmECqMs+7vjPYZGAT0J+U/jteOuuafJZtLZRXenO32eQ797bm+cEjCqcZGDxjPTFfpp+0nZeHPBGoeBNMsNNt4ZtVjne5aIJEJYQgw0wXOQucbW52/p+Xv7RkyNreiyQMrQJaShWQKOFyQqgdVGPu8rwMAhgteLiMm+p0ZV+fnVOpBNvSzbhe3fRrW9lZrbf7PKeJZ5rKnRjTcI1ItvZ8lrbNJe87K7u0rWurnB/Cqxl1D4h+C7JpBBPfavbwNdA7mQySKN2Dwevoc4xhhX7T/APDOmozwWbnxIqruJJjhXgnkiRR/snklSOSMAZz+J3whvY7f4i+Bb1t8n2fXLeTyyQAxWZW2g56HA7j5uvIBP67Xf7Zdpp1zd6XH4MvZJrC4W2eY3hUSNkRgoCTjdwcngZOABjd81mGJzGNWEcApSVlKSW1/dtfVWTfnrr0Vz9Fyj+ysPhqlTMqkKcG/dlPS6tFvVJtN+r1a66no3/DP0kLu7a1HMViZElaLlWIwDwPmHBUKflP4Vi237PMlq7T3WuTHepKNHBGAjkn5kCnch9+C3PUEZx7v9p/xPLAz2vw4uVgECzCZ71sbOGBPXBJx0w3auaj/AGvdd3rYp4Bt3keN2QNftvYAnOM5Y8A9v4gOpAryq1XiWUpQqU6l5WcXJRuvh23ei6W+5o9rDYrguajOFWjeLdpK7vturNvpr3b2ud1efs/wyvb3f9uTSyxyKGnePMgxgDDMScqRweQeuMDjzgfADRtTfXrOfV73y4NT3/awADcyvGWxINw+YHjI9ee2H3P7VfjIOlnJ4PsbVpHVYQ94x5cYUMApBwDkZK8/p13hzxF8TNYtbTUbbwjDFZ67qLt5iySE/usI7kRLuVRhmz0C9RnitMNQziDUsRCcXKKitWnzaX2urXSSurXvvqzPHZjws4RdGpTa5kpq260VrWd1dabrVbHm+r/Avw3piwQLNqFz5skEfmNLJmIsACQTxyeeueRngE1sQfAbwvZF0uJr2bzGAy8kgYKy7gBjuQccEce3Ndf4y8SeM3udQsbDTLGWz0VbefVLyNpG8hyU3qp27twG5j2Cgkjjn0LSNJ8d6z4CfxtZjSk0m1LyM8xkaULCNnmNuTOTjjjJGDn5hXXN46S+OftE2k3OWm14vd9r7bd9vKqZpw9h7SapqLsl+75lstdI38/y6HlnhT4ReEv7Vv8AR4EnW2hgWdy88nzSDaTuYgk5AIOM4xzzkBl/8PvC0PiuLTYLP5JBCrKHdkBdgCxbBByM8YB4yMEYqTR9S+LPi34hW3hH4ZWOk6pqeoaa1/eXsqFY4Y0IEkbDZkrxg4B5GBnqfMvEz/tCeFvi3pmleL9NsNDjXWLOOeQ2yrHd2oYfNCCS/lOo4ZkB5GQDnMKhmDnJuq1y05XhGq9HypK0W7dtV0vbXfphn3D8FQhGjepUnBKTo+603HTms0rJdk0ul0fT0/wC0CZpJIDCqOysg+zrISQBwSOSSQeoJB4GOcR3XwRtCsMcVtEyIQHkjsxgk5BRjgkjnrxznJ6V5l8Uvix8VdAF3eaRr+labYW9/JBBG1nHI7qqg5G8BtoAOB3PB4GV+af+GhPjlqX7u2+IEMcju5ZYtOhAVBn5lAwOo5BOMDnHUczyrOqsIyhKTVTVN4ialryu1l9l7K+6u9jvnxRwzQqOnOlG8VaSjRjZvR79+mu9rrc+13+AejK0kiWiSu+1WH2MgcjBxwFUgAfdA75BJpkH7Pfh4RkT2sZIJCqbMAhmIP8AFjODkjGSM+lfCEvxf+MkkUrXHxRvomLNhYbSJDncACgDHDeo54JwMGtHTfF3xN1W0mubj4p+IXjSRTuRjEudvTII2jjGPYA7c1P9j53JxvUjFJcqj7eo0pPlS0633V3vfra2U+LOHIXlSwzk7P3VSir25dWtLJJ6aq19ez+9bD4HeGYUdLjSrMPhtm61U9BwMEgjdt4yAAeD2NaNt8E/CVvG7S6TpMj/ACqFMYUAE8gqccgHgZOOM/eFfkv4r8d/Fr+07tIfiT4mWG3ii8zF/KpbeSN4UNgBhzjJHvuBAsWOv/ES6R47j4k+K2bMcgJ1K4wiOO4z1bkZwcZHbip/sPN5S9m61rJNN1arSfup2vLbqvJdldZx4xyP2fPHBNvS0XCCSta62vum9Htezdj9W5vhL4YgvZHOm6DCkMIcwyeSSQDnOC/BGOo6Aj5fmqO/8D+CJEDxWnhi1ZgAzq1op2xjlgGcZJHXn72CcE5r8stCfxjrOvXem3PjPxJMSki7ptUuQxjVBj+LGTzwT1yc4yKn1/whqdjZ21zN4q8QSEztEVfULnBByBtO7nrxjJPTjOD10OHMwmk5YpK6s7yqO6Vru7krvWy1dlprqzlq8aZbG3Ll2jSlKzhG17NO3LoraWej1vofpXP4S8ER7gq+GUlKgLNusQM5G4H58jjklh0XHbAjTQPBcUI/4m/hq3mZwNiTWKjAJIIZZOdoz3YY5IJxn8l9StnjiYTaxrJZIwAsl/P85Pqd/JYE/KCO+R1rsPBXh/S9U0y+uL26vpXt3BQTXc28BgchRuBPOc4xuGOD8udlw3ieZxeIpu0fNvS2zcvJ9bq2vc5/9dMFNO2AfSz5o20sm1aNk7rW99r2Z+nK2Pgw3JEvibQI/kOFW5sucA5wUcgfKOe+cnrgnE1C4+HUEcxm8QeHt8YwHOoRGQHnkBWOM8ngY45yDX5c6Qtr/bSWcz3UkL6mlquZZtyRiU54L85Aycjt+f1VdeC/A8WlXt4dLZpFSKNBMz/M23kgknLMwY4yc4wcKCDpQ4fnLncq9P3d1JPVpLbz0vpff5GVbjGlT5WsLa6T5XKL00b+z06Wu9brS9vfD4x8AWrRxv4n8Osq4Vlkm844I+Uqqglc464I5AbO4Go2+J/hPTmZNO8S+HUE5V8Q7w3XuuwltvfAwBu4AI2/AaWOlLdpMbZF/wCJjJEFaMkCINhQT6gY+X2C7smptQjsoLm2lhEL5uUJhSIDy08zBUkAjZjBOcEkYHFbRyZKKTqw91qzVO72i9G09Gui2tfZHOuMajklDCvdJ3ndXtC6vu7pPbaz63P6NP8Agjp+0rpPgf8AbDl8IyWj+I2+M2it4Zt7zSEmlGiyafm9F1eAR7IraTAj8x8YOQWJ5H9Vfi+6Av5lVuVJUquedrbS3HuAeenY5OB/Mr/wb9+FPD8/xF+Pvi+40fT5tZ0jStFs9HvpbaOSfT45wpnazkdS1vK4Yq7R43JkN8pFf0Z+K72UX0uS4YnPJ527sYxjacgDAOOPmGMEV+WZ9QVDOMTCmrySjGctHzyjFa8qTS918rvro2+x+nZFiKuPy6jWqJx5uZwjfm5VzWtayvdt26apO+xKtyGfOenY5xjqARyQOB9McdieshnDacuGGSuAQSQcE9Mn6EAg8ADIPy15PbaizyoM8ZIXPJwckgdMjPrxwTnmu4hvc2CYI4DEYIHGf4QMjnjOceteVF8r967eu19Ld3t+V+iPcdCTgkorm5leTV1ry+bTT2Xa97stmRCx3HGWJwMAnn+EAYzk8nn2GTygZctlhnA+bPOc8KTkdM5bnBzyTznn2v8Ad8xYkEnJOD1PLAYJGeQByCM8ZANNN8V4Zs5PJ4xgEAYXpgdME7ew4pLlTvqtdrq2ttNr3e9l5NK/vKY0KiVlblutGou/w/adtdNFZ2Vr3S06SOVNp5HQfKeRgdPmAJxnJGPTnocSteKmVDE5ByMcc4xnHbI46nHXJzXKtesv3HOApIUAY5YcZ4GB2H4YGOIGv24By+RyAc9ehAAB+ueMEgY5xan03V1q7+WvX71p9zRTw8rXjFN7aNpN6K9lJX00utrPdJHW/a0J+VwDty5Jyc5BJ+buM4A9MnuDU32xcABzycBtxzjBPTj5sZxwOe+ck8UL3G5txwQCVHAUjI5wc7Rxx8vUE9aQ3hPIJGFDDpgt/DnsWGDjHQjJ68ntkr+XZ9dH6b6X/C60n6pUaS5V2vs38Or3e7tZ+qstDsXvEIVWdgNx569R1IGe/TIPA6DFQtfcbQ7DIwCWIB9emTkHGB909utcv9p3EAMcFtqsTk8Dn0+bjGcHOOMUeaWUfMw+bDEcgjoOck5B57nnOeeR1bWttre8rW1j016prytumSsLLZ6We3ry66a6630Xla5ryXisc7j3GQfmJHIIccsR06hV45PNVHuN653fMQ3JBO1ic4U55z6jv34rO+d2wAWVgcHgYwMHrjuOeBg9VqRY3JOc4GMLkkDqTyDjnP8AdBHT2odZLdXeyV763SSdtkr9wjh7NpxStrdrm7aczu773Wvb+6WhIx3Y+YHGMkYwOcjpgHvwe2BwMqrs3JYkk5PopAzkZ4Oc9B+PSkEJOOQQRgZA5YDgZyeg5+Y9c5xnmwsLEnCg4Hy5wvzDv146dyegPOaz9upW967t1V+11rZXeiWnRfO5Umkvdb2tZduXqm19679mSAnaucE57Eg4z0I9T6/l724gpCjA3AEc4PPbABAJ7BvTkEDrBHE4O5snJXnIGCD2PcHGM4zn3wDbVVDH5SV3ZBBPUDgYyDnjBPpk9gauNWKs5Pqkmra6x+z21s9Vvq9LmCoubk7S2vey5krwfS13pbXo9FbRyrnC4PBO3P8ACMHn8xnnPJ9cHDZFC87iAenX7pznjHHBPy4OeAeuKduAA46Y55zuOMk/TB9zweOKUneGGfm3ZJOckd15OBzwcgj/AHQacq8GtOl76q1/K1t9NL+SdtFtGi1yuMWm7X31TadtV1+/pdrao+0DA525BJ6MCeBtI4IJPccdQCDULbQSoJZiRjqDwDg9cKABwBxjg4qwyYDEkHjgKPvY6jsdoAJzn5cjAxyKzDOSCcbdwABOMfzJzkknOM9OTWUq101F21W19XfXVvpfW6tqktdDdYeTtv0et730veyd3o7X3V7WW0JUnquME8fd7nIOBwRnPB5AyRxkNKgk4OMHt0HUYIBG4j0HU9h1Cs7E4KkkDOD/AA9s8jkj0HJ7gnNIp3ZByW2g7h2zyM4JxtGMYx0yDgYE+3krJ2e19m/s6vvu+0r+RvGlN8qbsou6Sja6VrO+2nTT11ejdoBwSemQMHOOOpJ6DI79B19AYGTtHOB8w7noT3wMnHOQcfjJsYkDccnA9ACMZY5OOO+cgdeepYY22HsVGFODyAeBkZ4HYE5ySOQOT26sk0mmlppa/utWaab3+K7sl1NHSmtbXem993y2aS1d7213euu7flR6kgkgAfewfunrz0OeR3JzioTIF4xyehyR3yQe2Og4HcEgDmlbIyE4wS2McDdzjB9znqCO3LcU3DAEnPcZ6bjnBHBPAwO4ycHvWbqRaWybslfonZ26b6q+lk7XtoaU6Unfm0tolZq9rfcrPV9HtdErXG3G0sdxJ+XK8ZGc/NnOechfUg+kT3HUl+nXIGE5IG7djBznkZX2Hao+WJLHvjYeOQDg7vUZ64OOuMHFVS0hGATjJDAEYwMgkkAdSTzkkZ7mn7RPW7b9Xfbt11169b9zphQil3atra2uje26ej0WnLbV3tdM/JXO4BfXAyeTyD3C4ycZ9fSFpFbktkcqq4zjHJz/ALQPr6c+9VidpyAB075P5f5J7YIxBNLgHBICgAr26cn7wwcYx2H0HBz3tdW22TVtr6tabb629Nto0oL7L6bp+Su97bW1ei163JXdVOVYkLkgYwQpBzkDIHAIz6dTgVUeVCDliVDMCOR0A6gfLxznnkEAdsRNLjBB6nG04ycZ79M57cgE49TVRpQ3A4y2MgbsAY4HfOSCfQY3ezve/vOya6tPRu99Pn6W30tvGi03ZRS0slv9lPS3/Dta33T2kX5eDkjB+uSBjkYxnO7qBwM5GK7SYJ5yM4wDjJyM544xzyDznBOCAIZZQRkDLcEMWAwPfkAgH3bnqBtzVGWUKCNxb5QOwByfbngYKkN2GCuMGrxTTte9r3s39l3T7pre382xo6TtsntdLe/u6t2eyT0er05Um7lqRlIJ3qQCo6A4VuSozk4GTweCc5AIGa7MGOCRtI4z0IAwD0yR1x6EemapvID0ZiBtHIJIPcjHTgDjHOBzkk0jTdcE5AA7DBI4BbgDI9ycE9xW9OKsmm9LNWb6aW7XbtotXdnLUio2VtXo7u3SNne3eyv89rMuA5K52tgY7cnPHJ6n0AzxjsKWNkJGDnBxgAYOevzfXByOuO5XApb1XO3JJOQpyCMA5znPcHLenQHoW7mGNueBkfN1OeAQPYEYyBnr0yNYqTWjV9HrZW1V92n+N93otuecVrJXcW7XfV9batW9LLdK9m3qqygljgYOMk4B4OMnB46nvgA54JIAASfu4AAA6nvkEBcfn79BxWb5q8gbiOBt/wBo4JyTgA+nbb3PGDzmCnDY+XHpyCOuQcfKf/1kcuOj97X0T2XK7vfo72ttZ9dMJLSO2m6b81/nq/xNBxuLDHUAhh2JO3GTwD059OOQKjZDk4OcjggdCwzk992M84JOCOTmqZnIPy7sk4IHX5ccZJ4Gc5z245JGTzyjHJJ3LkhuMnPGRtxwQfUHjGc5rTm2Sjq2tPJPV9FvffotdNDPkutV5fh03t0t0d/UleEZ+X5i2M9iTxk4/h7EDKg5xkA0LGCGXc3UcZ9eM4z8wzg4AOPvejVGLhiOrHA4H8RGM/N0zjPqRt68kZlSQlvvY4C9OvByO2TuB79ec5OKqM+2tred9mm1fS22mlm/lEoSjrK12k9E9Emn2Sb8npy3T85VUDpgbe3TI5JHTGOcnoPy4QpnePugsMqcck+59OO+CAfamBi+3pjkkY6gY4PA5yRwTkY5HHL1GMnOenH44weeQM+p5B71vB3V2rf0r62f9LrbXlnZPXpZ3e2vLZbaxStZLZPsh6x5B2kqylsHBHPUkcduc4OCcjtirSRk7jywOcjGTlh+Z/vA8/3QMDiFXHGBge+SCGB7nkKOMc5GO2Di7Htyu0n72D6N1z15PHXI5GRnPVyu+q6atLV3W/XpGzT6We91nKN7vSOlt1dNNXfVarZ3ta+g+OEhlXK8Dg4GMEEnHYemQe3WrUUeQRgexxkknqfUHHUghh+pYoYnjtnGcDOe4OM9P5ccE1OjDDZHzZ+U9M4znp0ORjnr79KSbSve2nptypPu3300etmrWwt00S0/C3z6a73X3E0a4KkgDBIGcgjGCcHjPGPQt1PJq0sasdw7jcB168kjnG3tgEfeztqosvIyCOQRkbsk4PGemM446dqsK45ALnGATnPB4HHBJAJ4wcA55PWVN3XXbpbtv0027DVNtPVpO3r0803otXfrbcmWJBnnPQ8DAIU9O/AOc9ycccczqikEhR90HCgg8nGDn36HORn61CGABHbIGT3A9M9/YjjGPo9D8xJzyAVBOAuOSB/EPfGOAAOAatSv0aeqvrqtF/w1tGvIzlTd1Zq1ovXfpf8A4CTdu+6VgRqSQcFipGSO/HAxwSOfmwTx/vUyOPnYOm4nJxhucnBySATwV6HuG4NOUkhiM4GSRwST8uM/Nwp9eh555zU0YI4Xk5UgHqOcZ79McYAPcHqTcZ8r3aumlvvpqtUtF66XXpnKLVn6rpptfvd66b6b2ueI/tiQB/2OPjuck7fDbtkcc7WKtyeQR9f61/Az8eVjj8PRxxknfPOHRmIVy8S4zzgAHJycEjpuxX9+37X6n/hjf49KCM/8I1NgZzkbSM7Tuxk5yON3GT6fwT/H+O3Twja5jxJLqbIJBEAShiTcF49FPAPb1r2sgrL29eN/icf/AEm6vovyt620+U4khzKk7tOMG12u5py066Lv1+79ov8Ag3Q8KTWngb9pvx+CsM5TT9DhyqtIsdvIZmCMQXUHccqp+fGGNfux4yhmfw54L8whhc3V7GyjPLXLHIJOMkjv2H3Rxivxk/4IAbdO/Z9/aKTzPv6+rEEkuA0YCkqOmScENkcZGOtfsZ8T/FeneHtD8B2tvZzeINbsYjrJ0OwKtI1qh3CW6lB2W1uDkyM7himSqkjNfzN4j16tbjPMI+8lSrRh8TtaNGDWj05erbemne5+8cAYeNHhPL5LlvVpub0s5TdR9PtNtbWd9j01JI7DSPD893NHbQ2SBZLieVIYIEGUEkskrKibQhXLMoGOOK/kN/b68WaP4m/bE+OOp6TqCXmmy6jp9tDdRFhDO1vYQxSNG54kQOrqrrlD0U4Nf1D6v4O134h3Nm/jjVDLpOoada6lp/hbSJntNDtcyrOkOqXgKG+CxlVljkATO4dK/nt/4KV33wm0L9qvxLpfhHw/pF7c2vgbSrPULTSYkj0yz1tRGpkHk5jaRYyN7BiWOSSuPl9TwlxUKXE1SEFKdSeEqxcor93BRnTmru3NzSacVZJJ9W78vB4m4WrPh+jUcowpwxVNuEpNzd4ST2vFeiu9enT84lmt7Sxs/MSV94eKBY1keSeV1LBIQqnewDYCqCcdMnium8C3Uc/jHwZpcReBbbxVoEtwXjYTIG1CDzRIhUFCEySOvdgMYG34M8V3+heLvA/iq60rTLq08K+ItL1ZdFngiltbuCGWM3FtOkmUkjkUEMrAnGc5BwPsP9qvwv4K8CfH3SPiB4H0ewbR/HOj+HviHDY6XPFJp+m3kvkXOoWKpGdsQW4LgxMAVAIAIGB++ZtmDhWeWyozU8bgsTOlWTvFzpKKlSaaVpSjJSi76pbNps/EcvwF4fXlVg4YXFYaE6bVmoVJRamrvVKUbO66L0P6lNE+KsjR+HLLwF4b1DxVfWHgzQrC51S4jaw0LT5GghiC3k8ojmPzMCPJDg9fugVqw/DjxX401rWm8d+PL6CAPaSS+GPCJNhaKrBWWJ9VjAubhdp2uGUhhnjbivJPh7+0/wDBjxR8K/B/ivTvEulXM0ug+GbS98NaADc6umo28UFtPaTWdsjPHJ54YKZwqMfmLc5r27Tdf+KvjTW9Yn8GeGbXwTodwtmH1vxOwbWHjZVKyQaWu63dCg3qJHByFyCA2P8ANzOfrGDzTGYath5YSUcRVjJVIfvG4zd0vaJWSet6cdno9Ef3Hls6WLy3CV6c41YSw9KUZwl+7aUI2TS0krWstbO91da9r4W8IeF/B3im/i0yw0vw9p8FtCZb668mGe7bygDLc3tyw81mbc0kgcFm5z3XzHXvip4R0u58a6T4dtNS8ca4+p2jQ6X4ftJbtJXICsgvNv2T5ifmYTEAZOQcg6J+DFhdfEK7ufHXijXvGly2jrcGzmuZLHQvNG0bX0mJjCygghd2VHHavbvBmk6PoGkTQaHo+naTA162YLS1ijVmTozNjexAGchjk8dxjCgqEqsVXc6kYNa8zUZPlSSkneTV3a9072bZ0Tny0pOnKMLwV7dNGrpNJ666bN6eR8TfCCw+I3iX4efFX4b+L9KtfAOi/wBoeLtU1aITmTxFbafrSXF/aROmfLjDQAB3jdioyM5r+cH4yfEv4cXH7RmoaN4bGNI8OeDbfw8zRRiMX1zp4KtNPPy8shlUl2Yg5x16V/Ud4t8RWem+Lf2hluZ4Ypl8IpOAj+W6KPDd0Wkl6AAkY5OdxJBHNfw4eMtUSPx/qWsRNIsupajqUiurEl1N+5ChlGWG3qDjqOw5/fvCrLqea5nmtWvB0KdOlh5U4U7xi5Vowk2r3ck1G/vNuz7tNfkviDmdTKsuy+NCSqyrVaiq87TkoxSWy2fM0mrWS2PSoVivNe8QaiHdZLnUhNsbghWYnyyRzkg4xg9CPevHP2hZYI9HiYRje0iqwYDIOxvpkMTweBjjPJJ9v8FiHUvtEzlTO8skjqTuI2cAhjkAMSMHIBHQN38O/aSjRdIh3EscsSQeSzRsEBwBnnAwceo6EV/oPlvLS4ZwsJtvkwUI2e1qcYrVPZW/I/iDHupV4jxLVkqmLbf2r801e3Zrm1TXqu32n/wT+/4JxePv2rfhlqXxGu9Vbwx8PdDttSj0K9iQvda/4jtIXY6dFC+P3Ky4jaQYwW47Cv6k/wBi7wbpnwS/YCHgzWrjT9N1m0sPHX9pWU13BFPDey286bp0dlcSOqKQhxuJwFArnP8Agln8O4vh3+xD+zposbKZdc0mLxbdo8Y2tJrI81/NB4dgFCkE5J44J5h/4KheH7Dwz+yH451/QLOTRdWi8U218L/SLmSznuXuQ6zCVoypNvImfMjACMAVIGQtfwLxlx9mnFfFGN4drVWssw+dU6OEilG0IUJ+y5pSTTbnu27u9tun9Z5BwngciyfDZnShbG1sC6mIlJuTnKcIzklqlFJNJJWTs7pvVfwU/GWSK/8Air4wnkEb58Qa55fmgYWI6hPsYIQBg8kHkEAH+LnhodR0TQlQzTwIgO9sOF3FhgjauckZ77cZBA5JHQ/FSylk8SarqU0jma7aSU7M/wCukwWAI4IzliwIyRnPc/O+s6LqN/HJc2Nlf6hFbwNLNJZWs915CoCXkuFhWQRRqfvNJsXOOnGP6oy36vRy7DqpNR9nTpQ96ShoowWr31ainr3Wl9fwvG0q+IxtZw5nGVSc07N25pKTaSvayWunS2zPXvCvjzR5PG1lb6RbJua6DSTOgX5cgEq2flXrnI6qCf8AZ+4bsPd/8IxM7Ihkh1B1UN6QuVJUnAz8ozwDyTxnd+V3wxMn/CZWDbjvZiACp+Q8EqecqwHOO2cYxmv09hknuJPDwU/u49PvmXKgsCYWBLAZ+bnI468AAEE8mdRjKjSnBtXTXLrKP2dkmrtrS+ze27PSyKM6eI5G7rR3a1SvG0XtvdJab6O+tvyR8dNKvijxASdzf2zfDCsMkCeRQMD+HHU8gY+oHEASqrOxGck7PvZ9yFBGBwT1BOc8V6J4qhL+J9fdlJY6regBhg8zvkj7wI3Zx0GQRuwc1naT4futXn+zWyqXJ3SSOSsUEfJLyP0wqkk5OQQBkcVnTmqdOCTXwq/a9opvV720tdJW69evEUakq01yv458tuqurttvW60stFbV6nHW1nqOp3MFpb2st1dXM8cUFvbxPJNM7OMIqKCc8jgYHTj1+5PhB8MLH4b3Mnin4kSi2uvsi3OleFbUiTU7pwoZRcKMm2DcZJAYdBnGDyPgufTPBLxaR4I0uTxN421J47VdfFs10NMnlwvkaXCFfdMGICzAj5j8pJr9dP2bv2ILfRrBvjr+1j4ktdF0qG3GqRaZrN4sZuYFTzk/tF5WUtu522kKuei7OM14Gd5/Qy6h+8lLmq+7TpU/er1pNxSjCEdtJazfw2tc+l4c4XqZpUu4rkptSrV52jQowsr803pzWvotV0taJ5n8JfhV8af2pLi0j0XT5fAXwstJ0WQxRSW32gHIdTIdsl5LIAAFUNH82WzkEfovF4X/AGZv2JNBGq+MNS0vTtWNpvlikkt73xTq90qZ228AMk1qJCNoUqqjJO5cHPxT+0B/wU30Tw5bS+AP2WNEtNL0eyilsn8aXdqkFtFGimJ20WxChSAv+ruGxIThuoFfjD45+JXiXxrrd7rfirXdV8Ua3fyvNdanq13LcujMxISBHdkRMkbURQqhQPl4r4ulk+d8QzdTMaksty+TThhack69WKad6sndKTur3+HRJbH3tXOsg4WoqllkKeZY+EUqmKmkqFKa5U/ZR05uV6Jx06819D9PP2if+CmnjXxnFd+GPhDYRfDfwrO8iSa1Gd/iPUoSWUSGY4a2ZkO7CEEFweTjP5XeIvE1/rN5c6tqeoXWp6jeTNPc6hqdxJdXs7kkOxeUnklt2BgrnB4znmpHmnKH5pJWG4Fs4G5s4xg5IB68dOSed3QeHfAnijxVcMmkaVc3iAgSXJjKQRggchmABAxyQ3QA+9fe5TkGDy6EaODw8FL3eeWrqT+FNym9W3pe/VJJWd1+bZ5xNjcwnPEY3EycNWoyly0oK0V7sL8qtZb9PM5qa5llfcnAPLl8MxGeWOcYAwcAdMnpgGvV/hF8D/iD8avEkXhjwNoOo+IdXmie4Szto2xHbISZLiQkqqwoucliBkYHHX2DwR8ALUiW88Q3AmuLdFKWsYIjLrj5WI69we4xkn+Efon+y/4u1H4Ea/qfijwTo9jJqR8Oz6RdLMRCqW9z8hdHOSCpJYldvToSGr38xwmLwOWYnGU6cJVqdNyo0pu0Jz0SUra2V3e7T0tvqfCUM/wWMx9LBRrSl7WTU6kVdLZ2je92knZ2d3rfqfPOo/sW+IfhCugx+N7C3Oo6lClyoBEkdqAMGGQgEeYjAqecnByMDI+mPBvhC2t7GKKK2jSG3025B8pAuGWJsbiVUjByeBzzjPQem638VfGnxKkg03VNB/tFLacXkUVpb/adkj/6xZrx1/1LA8qGxjk8rmotb8a+B/h7p1zP461/S9CeWwuFTRNLljvdTkkmRowgjQkROpJDIxCgg47Y8KhxJKGWwhjaFNY6pBxlDCxcm1ootO10rb7JPXzRiODszzLNFXw1arLCRnTkquJmoQSi42slaOn91XtvY/qf/wCCYekra/sWfCnYodmvfEcuFYsXDXuSAPmI+mTjkDkYX6X+J37QXwZ+CumNq/xI8feHvDEUCySGxmvoZ9SuGAPyJaQu84kDYA3RqDxwDgV/JH8LP+Chv7Xfj/4beEP2Xv2SfA+vvYaPJewW+oeG9Lmu9e1BdSlLbrvVDGttpO7O5j54ZF34Bxx9pfBz/gi9+018d9TsvGn7YfxevfBun3Lx3dx4VsdRm1vxVNuO+W1vrueQLZl920tCzBGJIDEE1/GXEvBeCee5nmed5pQwNGtia1eOGc4zxU4TnzWUVKTV01bS/c/sjIs0q4fJ8vweGo1MRUpYahRlOEX7PmhCEG3Jqzimr6JvW29j039tL/gtJ4A1L4ZfEb4b/B7wrca5ba/oNzpGoa9erI93LazgpI9lZ2qyFY3XJ8y42YjJyQFOf5em+PvxL8TwweHtDv4fBWgRhkih02NI7uaNi5ffMgV3fcxBbjB+XrnP9t/xa/YO/Zg/Zw/Yp/aAsvh18MNJOuWnw31UN4y1+GPWPE888cIU3SajdBpoCzZbCMpXPBbHH8InhWw8rxDaqyM0KmYZwM7xNLyMDkZ4IA5HYdv2PwawuRZhgcdTynDtYfD4qFKdSo25VpcifO1tHW6tq1dbO9/zrxGzDH5dWw85SUalWnJqKd7fBeN3r/wEdNL4cvLlmubpbzWLyb94+oapNJOzkn5n2uXA3E8A5A6jGKy9a8JeI7myldJpDBEGzBbjykjRTgAkAEKARgAZIHPTn2G9uzBbMqqWdQ4BXI/dpgEnqAQCTjgHkdcVbt9SRtGu42RQxtCWlUKxJ28MRnJx1G49Scjggf0DHLsPQjHkim0tXZJWtHZL091Natbb3/FpZtisROTqzu7W3bbT9bu176rbaz1PLPCWhJbzyQqoANnBLK4zvZicNvJwcngHnJwc44FejRafY2TvcXs8dnbo2Vyoadi2SQFHqDwexPcAiuC0HU0g1GcLIZN9ou9uyhXbgDktkgFQw5JHXHFe/wBRnub6Z3kacpJ92XKqqH5VwCO2CT15yMbsY3lRnVgkrRiknZWveyVrJXSa9bW76mP1iSdt20pWabsnbutuVXd97W10O5u/EQjQwaXarGhO6O7nw1w45BIU4I69hnoMc1ylzeSXMF7NeTSM6abfBRI33iEAwuCR34zwMAYPFZouEklTfKimPcdu4jcQOg54B7568445D9TlglsL+ZMAJpl0SgGdh2KuRjH3j97PDNkcZJM/Vo04WT966Wr1veO7XTVXv18ilOpKScpaO1knzdVp5W6t/wAvzMOw1Y3KaRHEu37LbocE/Mx8wjgcggkZPJ9emDXudrJNLb28pICvGNwGCFGByAMAnODnb7nvXyho97Kt/YRxuTGLeNmXaMFfMyVJ9MYJGefmOCAc/SWm3QECMY53ikixCQD8owpcjBwQSQeeDgGvZoQ5acXeOtrc1tHHlvrqktle9rper8HMKs3Usk2vJPW2muj9Erd0rXsdSiotxnexUrFGGBKghmAZSB1PfOeDu4zWvc25k8dhEAx/ZttDgnkrKVDKynLAgHqTx05GCOdj1IFo0EARkEQDuBkkuCVPUk8rk5xn2xXbyQXH/CZyz+WZZF0ezuESMEktxhRycEnooGSvJ7gfM8SVlRo803y04KTbd0tld9Nr3te6etnrb2sgw0611Gm3KbjpZtu/LG12tWloklpbz19N8O2E01za6pcQr9it7a4soJShCtLFI+QrEbWKhRwWByeRXqng7U1j19UQlpTDEkEjcZydxJznCAEdscZx2rtvGXw11XwT8Cvg1rl/BPZ3XjDUtS1CSKSPa6wtv2K3yggMuGGSM5A6cHzDwsmNaupdknnGMpbnBAAUYySoyACN2c5K5x3r8kw+aUs3wGLxNKrGVBVK1KLUuZScJqLcba3urWVrfcffTy6pl2YYahUpuNVRoVGmne04U5p7dE1pq1bde8fRWo3UBjntpJN1wySE+WSfkNuxwcHg5yAByOeh5r885Cr+LNKEn7wJ4ivQoJ5UeazEkDKjHbnGMcEZI+3be2miV55XcvNBKFfdjAS32s3JyApDAcEnOR2z8gaT4d1LWvFGnf2Tpl7qIHiO9ZpLeCRlGJG+Z327Qp4IO7kDoOK24YrUqVPGXlFWWt5Wurvp5Jq72v6a9fEmGqVHheWGsrLlUW3f3E07X120+Q1dO+0arqbQor+deTxhcHoG5YjuMgH6DpxW3feD7m2so5HaFATkAYy2UOQEB5Oc8/3vU17/AKX8I7HQzeap488V6L4VtftDXTRS3UAvVjycxvHIykAjJ74GCvrWL4n/AGl/2VvhjaSWmmwx/EbxBGGSIpJNPAJtuA8aBWUuCBhRlWxjnnO1XM1UbjhsPWxc42dqcXyX0XvT+Gytq7vpo9zlw3D75faYutTwkEk06slzNLlu4xTcr3Xw76q9kVfhN4A8RanbJLYafPNBumLXE0bQW+NhHlK7qmXbkDYzbuxy3H9Pf7L3jLwz8Nv2YvhO/wASvFuh+ELfT7jUmm/tK/to/Ih8/MayRO4mBdBx8mCc8Gv5Nh+2B8avG7nTfhn4ItvDWmTxOsWp6lbpBBagKdrx2YQKrhQP3gwxx3zX7XfsF/8ABLvT/wBqT4W+DvjZ+1D8Y/G/jK21rVryBfh3o+pXNhocK2tz5a/6TDKrr5gUrxFjAbOM1+J+M2HwGJyLC1OI67y7DRxlKVONFOtiKlRRuqaStFNre8rK3yP1Dw8jgsuxeJll9SpiZxw7jObjywSbSur3d21eyve6udFp3/BXL4Vfs02/xF8B+CdHvvi34rv/AImeLNespfD8E11pNxa6temWw2yW0cl1I5XCuQpXkDHANcXL+1p/wVq/a/D2/wAFPgrffDTwjqcjxw6zeac1ksNtKQoma51AQXcaKDneiEqMYHav1l/ZM/ZF/Zw+GUnxFHhb4Q+E/tWjePr7S9M1fVtMt9W1i0tLF2jt1F9coz7hgM5y2W+gr79vJGtYlS1ZbaGPakVtbwx26IoTaAixKiAHIGOcetfz1mnFnDeU1Zwy3KfrmKjCnbFY+bmnanTSl7KPuqy1td9e7a/WKM61aXM6UIylaTctXK8Yu+jckkrLS1rP1P50PCv/AAR3/aU+Ltx/b37W/wC1NrccVw0ct34c8MajcapuDZZ4ZGuJEFv1EZ8sDBJAyAMfoP8AB7/glj+xR8GktJbT4bj4garEV8zWPHlzJronmUg+atpcho4iWw6hSRwc/wB2v0AaaT5lcszNnO7LMB0HUk5PJz2PPTipY02OgLlgwOEI4yGyOe4GMZ/hPUnBFfFY7xF4gxqdKjXWCoSWlLDRVGKWl0nHlsrdb+WzSOyWCTTlVm5XTtGKSjpZaWvJ9FZvrdLRnPat4G8IeFPhb41svCvhTQPDemx+C/EASz0XSbOyhATS7kFMRxqdvOODzkZ5+9/mweK7OxPjHxqfssTrH4p8REYiUhA+qXRxx90jOF4bsT2J/wBNrxjCW+G3jJUXOfBXiAsikKMf2dOQxyQeR1AJ3ZIOdwz/AJmvjSEw+MvGRyWWTxbr0TKrEYzqlxngDAbHPIyOM88V/X30Sq2IxOZZpPFTqVpSlhZSlOTnq1Lq7ve1/NK1tT8G8YY0afDdeUXa1WUG01zXVNatrXpbV+a1Z5V4k0SCPRVkijQBpc4CopJJJI+UE4GeDxjpjjFeYR6ZDcN/eQKcoQChYdR7gjrk4z6DFe/+JrGJ9KIBbahjZQpOCQpBwDggrkZ6Dtyevk8diYrYnBKs/wApDHJ3lvl+9x8vAJx05yBz/okoJvZKyV11at3V+tl2tbXt/E0a6p2XN7vM9bvSWitfW6emnm33Pcf2cvHPhr4aN4kbVrciTWXsvIdTgx+TITvBGdqgEAgEADbwRiv118MfE7wNH4aTxPBqhvJbPRJL7JkV1LxxMwj2sQD83y89eOtfhDJpxYAxghki54GMnjHDYYkdc4PbuBXufgnWLy20aSwv7mZYHtZQsKzP5cisvyoEDbcA/wAPTGSMnp8dnHBeWZvXeJrwfO2k7X5bJx6Wau9dW779Uevh+JcXgqcKNBxafVptpcyafbr1S87PUzPiP+0D4w8U674hmt9QutOtdZ1W4naG3cRxGG3kfyGAVuGG0HJ7mviS28R6leeObu9ubqS5uLm5mS5nlYvK20BPnc5YgAHGTjk4ONufX/Elv5c1y0MFygM1wVBikICFm2hWAPylsqSOhyTxnPhWh6Pq914jD2enXU266m3tFBJtOepDlQPbJ55HTgV108pwGCWHo4ejGKXLFyjBJ8sYw5W7a7u+u+tkejhcbiMXTrVatST9xy17tKyTenr0TezbdvQvFF1Cb2NkQACEBgpO0kgEgjO0YIwc7umGya5VX3K5L5VmIwQTg9h1Ib2PTOT616Fc/D/xXfXIZdAv23Rt/rBg+xPzYPUDB/hII3d9S0+DvjK6ELCztrdXPIuJkjIPQBgHYnOQRkAA4BGRurslhX7RqNrJ7tNfyrVvzejXezWhjCFRtS95qVnazS5vdWunz2ezSPKorsq6RLuAc4OQCMKQMljnBCn1GQehGNu1YX8yXMSKzEFwuBjawyBhwCQoOduOTn5gCFNerH4E+IlVXnvNKt1XhmMu8jOACcE8jO1egyOuSM7Wn/BVLK5tZL3xPpqRrIs0iIyFmCsCciQjhgBgn0Iz1ySwVNq1Tls7JxTTTV0nfZd299DSVHEOGkZNqzTSu03Z7bra797T1tezZeHdbbwtd69apB9ljkcXkYJeaGPaxEp2Z2LwQMY5xgjt5hFeySFt7jjhFOSCuQWO58nkc46ckEYxX1Ml/ouh2OqaOPEumRWerRRx3MWY2zFGoXYME4LgEtggg5I6k149daZ8LIGdn8RNI7O5MUL8Kp6Ig3EbQDgEZwOvJrCtl+CjyujCnG1+bSKf2b7JXaTW9mn5jwtPGqUnVhOzdot7JLlSSukt9Vdemm1DwU8tzfCG2mdFDku5ceWFwcgZIJzzt9/cjH7aeCfjdFrX7LHh/wCCWta7HLd2WpDUbDUJ7os+lWa3Cu0VtCSQkrBQp2jDZPTIYfkBoXiz4R+FQphtb7UZG2OSsUjksCOmFOFIAJU5OScEAV6BY/Gzw+m06L4R1aaRpA0ITTp3CNyVBAiI2AgMVbaOuR9018HxVwdlnEVXBPFcjlgq8K9Fu3uzjZXT6cqa1WjejSPpMmxuYZdGvGkmlXi41Frqm4t6JrW66bdlax83/GS4tJPij43Nk0k0B1aRUcxODIEkIM+Np5k+96EEHOOTraTYX8+k2yRWlxNGYULSeUyYOcZ5xkYOTngY6EGty7m8U+JPEWqanY+CNSvrrULht7RaagiiYZ+X5goWRRnPJPU8Hk+i6X4N+MV7axxWPgO/aKRVjU3U6W0fOescbFVx0Hpg8mv0fhzE4fJ8PGm5c9oQhG2nux5VZ69tOvc+dzzh7EZ1NNuUFzOTstLSabte76rr0vscBa+HdUlWRmtCgQDZ5hVQynOCGb5s4x0HHHTmlPhTVXuEzDCqsd4XzFXJ6Agc8YIxgjuRxXt1j8FvjlcsUn0/QtMEg+T7ZfyTlVx90rgKAO/U598V1kH7MPxKvIll1Pxjo9iGUtJ9nhM5RASBtZgMAHB6dyATxj6GXFEFpTgk1Zu7Vto+SvdPz1v1Ta+fpeG0t5VJSTdmusnou1lpbX19DwODwbNdxYuL61tRB8u2Uln6g9QGzxjkfKCMHBGBPa+DrVJHa4161QE5UrFwyjuDjsNuen6mvqjTv2RZrkwnVPiHqDoyZk+y2qxrx0IG7nr1Y4bI5Axj0XR/2Rvh8ioNZ1rxDf7W2K32loA6njOyM7vmwDwMkDHGQK4qvFmIStFa2vzJLVrlu1e+mi6O9mtNT0qPhnRdozi2uqlJJNO23K7rutNPK9n8G6n4T8HzQxi98RNMIGLbIUjCgna2QSykA4PQE4wCA54qJo3wws2hE81zd7F3sGuIxnGCMlWB5JweDkMM9q/TWw/ZX+B9mQ0/h291Bl+VZLvVJ23kA7gQxPI43DOMYGM4Nd7Zfs9/B+zVZ7TwForFACFmiNwzDnadzjkdGYY5PTIrxsXxLia60pwlJWV5drR32VuutmrpXtY+py3gKhhaUacZKNOLTUObqra7PTtrd9drny1+zR+2/a/ss+HfFnh74caSZF8Xyb9V+1Wsl3LFhHjX7KFUrj942efmJBavkrXfF2keJfHd14st/B2r399qeqXeqS209pcKbme5kMskscZjACBicBBtBKqRzX7FwfDDwNpkZksfBnhm0dgwzHpkJkQAAd0zuyw2gdDgkjk14V4t09dO+K/g+3g0eytkj0PUZkMVtFGroAo8yRVX5drZK5OQO5wQfisLhcJh8yxOZ4bBYShjsdKEsViaVGKqV3SSjF1Jby5E9L2d0rp9PrKmVTWDpYatXc6FKKjGGtknZ6K+7vq9Fpr1PiuDxJ4tvUZNH+D99JJKuVeS1IYHkjc8oDYIwQSNwPbBq5Fpfxxv0EVn8NxpxUFlae5WPDMCQDwcDB/Bj/ewa/QXzViRGSS1DTLmQrLDEUJbJAJK9dp/A+/FabUtItmaW81nS4nVdzfaNQiV1AwdvEgyGJJPVu/GK9+WOxUrupXu7J2ikvdvHrZavy1ttd7eSslwNJv2dNJXXTuordtv7t93pqfC1l8Mv2iL47riPRdKO7cgurx5Nm71VVIOOh4wF54HA6AfAf4wXMQl1Px5oWnF1bzfssTO5JzkZbJ4B6ceg5PP1be+O/h1au82peONAtSF+Ufa0lCkrt2kh2Pp2OMc46jh9T+PfwV09Wju/HOnXYjVuLVRId46sq4CnnHB4I9hmsJYubvL202urctf8222l2S7a36aWAoR+KEeW6SSavvHZu2uvZLRXurW8Th/Zq1Z4UOo/FXUDvGZDY2CJjI5AYnPoegIyRnOBWjbfsxeG9mNR8e+M9QZWJ2LObZDtyTnYzcEgDPbJPTkamr/ALW3wQ0tGEF5qeqMoYKLaFYlbIzt25BGCcZy3AySMnPBaj+3R8MbKFE0/wAI6hdbSSWuJfLydvLAgtnJ5IB98ispYmb+3J27Ssvsro18m0tL+d+2nh8HBJ3p79bNxVlr3V7J28vu9I079mr4Who5L+HXNTKszsNQ1ac59Qyhj94YOfu9ya7ez+BfwgspAbXwZplz8wBa4LTnAA+Zt+QwU9c8k5x6V8dXn/BQW0gluW0zwTpoEmBG09wSypnoVwARxznqc5PGa4rUP+ChPjNtw07SNBsy4KqwgWTYBgAMWTJA7EHuOMDFRz3V3JbJtu/Mvh6O9/l1s09TohLBJW9xv3X81yrS9tLvW+r1fY/So+A/AWnWF/FpXg7w9BNFYzv5qaZGxUiFmVt3l8EevGMDmuH+HV4E8JwCDT4lkF3fJuhs4lGxZ22BS6gMDypKjC8gDggfmXq/7cfxauo7qCK9tLaO6tpIX8q0hRdrqQ2Mc4K/LjjIGK8XX9p34lraQ6faeJbiGGKSWQLA3ksDI5eT7p6E8544weO+TqOzXN2V0knF3Vr3vr2W/XYylXoxfMlFq97KPTRXtd2vpaz89z9z11K7Z2WYLEEXcI5Jo4F3EFhhiVJO05H3jxjG0ZqBNetbEq15rOnQqzMmyXUIQYd2CC+X5IBPQgYB3da/BDUfjr8Q9QkZrjxTrABJPGoSgE/8Bb+LGcZ6qMjvXJ3nxJ8TXu5Z9U1C4YnG+S7mYEnPzAF/cD1PbB5qJTi+XmlLSzu9d+VNWs1vpr3u22rgsdCKdo3WiV1FLlXK9kvvenkf0GXfxI8BaYsjX/jDSYpICxLR3itJLuGcLtIGFwd2CSQCeQQK4bVP2hvg/YoqSeMbaacHzDNApkePBI2BsAjOCM5/i46fN+CE/ifVnf5p5pCV43Su4HTJ+ZyCc5Bzx1HbNZM2q6rI28zSqSR8oOAMn1LMTtYY5z3Bzioi0tozck9t09Y7rS+mj1d1d9buv7SbslTTs3a2/R20d7pp37+ex+6t1+198HLGRw2palcBQCqwxIySP8wzyCv3fUfqK4/U/wBt34aQKY9Ps9UkjVyyeZJtAIzhQEOSDwCO5yOhAr8WPO1SRgC8xwA3UYAOeMdSBkkcHcM85AxcEWoEAZccAqduCT93Oc/xZIzliduOuc1eTtek2mrLdae7tr1163+7TGeYS5XsrvdtJr4dFZ9O/W93pe36t6l+3PoUbl7Lw9HIWDmSSa8uNr5wA4Ujhh/GBzxkZ5auI1b9vfWZCy6fo2kRlAAs7hpHVec5LdR6nHpnJFfnMdLvnQhmbqN2QCMk5HXPQ5PI9/lxWtYeETfpIp1K3tmjDNmRcbxnlQxAHH8Jz9eeaqCq7RpKNlq3Hmts7PdvTfsYRxs9vaJba6JpOztbz2T8/U+i/HX7XvjzxRay2Ukthb2csiPi1gjRmMbAq4IIcEsPmHDAEnNcu/7WPxTOEh8WXMC+SIhHbRhFG0YxhWxuwAD0JABJIAA+cNb0JtM8zfNDK0ezmF/Mx9VzwMYwQeB6Gs+003zo1kXcWd9zKiAEheQQSPX3GD9KT9rzNK+myV0rqyXltpZ76a3vbN4qa1c7aLVt230a167Lfa/Y9xvf2ifiheLIk3i7WZfMODi5dCynovUgbRnGPTJzwBz3/C4PHBkkkk1zVZPMU7la+kUFm5zgEYJ5JbGRycgiszwR4c8P6rrUVjrtzPaWsrMRMTsUsGxhm7ZORnn7vqDn2DU/h74E0mCOW0DXuZmXaZxIZFGBkEHdjOPoCV6E114XLq1dRlzwXO/hbTvy8q10d7J730aR5mKzmOEupOtKyUrw1ik7deqt6Pb0PIrj4ha5eMwuL+7kLqMqb6dsd/m+YBvvZx90c4VcZOQfEWpSIFAncs4ILTSyHBIOMbssCTyMZ7lRjn9F/gD8Ivht4miuP7Z8NWtxOqGWAyEsfKwPL3ABgDkEZbjAxjpX1bYfBP4cWZSS18CaMBGditJaQvu2n724qc89fm9s969yjw3XqRTdWEYtrZN9Y7W10undvv5I8SrxXh2m+ao97xbS7PXXa2nez9Wfh4L7xBPIpgtbzkYHk280mT2wdpOT3IyO+c1pwaR49vVC2uleIJstnbBp90R1HIOzheBjoCCCAcV+7EPg3wvYbWs/CWiQpHlVMenwDD9iDsOOcd+T6cVuR2MMBUxafZWoCKq+TZwBRnociPg4YbcnAODhckV3Q4TV0pYjW6dlFNu/K7XcknurJ3Td7dWcUuLoKLcaTk1a16jSasrq9t1ba19ux+F1p8Lvi/qiqYfC3iOYSgAO9u8ZOWyAd4TGOOwGB96uysP2afjfqQU/8IffRCQgCS4nVcAjliPM77c/lkdCP2njWeQqCSIQWQgoiLu7k4UlMYxjHGOcAHdOLaadiv2iUtH8oXkZBbkLjnAA646jGeOOmHCWHUXzV6jnZaLlj23ldtddLK1vU5Z8XVLrkpRjtfVu9uV21a7PR327K5+PbfsgfGOPTru9vrTT7KC3tZ7uU3N1uYxQxl2Aw3JIBAGcA+5Bq3+zv+zJqfxnTxK39twaMnhydLeXzULi4kJCbV3AYUHqVGGHQnkD9X/FVg0nhXxHs83dFo+ojLSEKpW2ckhc84xk5BHJOT0Hz7+wJbRnSfiZcFg5XV1iZGTcR82CT6jJwMew/izXNPh/B0Mdg6T5pxqKcpKTvfkSerS1+LW1vK+50w4jr4jAYuuoxhOhKEYtRWnNKN73b+z3XW+5ydl/wTzsbVoX1fx05lIyy2NugBUjOeWHGDy2M5IHK5rrbf8AYN+GVqofUdf1i8YruCoqx7+e5Bz0BIOO5Jbpj9BLu3iiVnlwylVYNtYMowoKgDH4YOOuOnGNsiZ0AXcDu2jkOqgk4RTncCeAc8fjmvfhkmXQkmsNTdukk3q+VN3ej36Ky2uz518S5lK9q1r6aNLa17aa6ddenY+Q9P8A2Nvgfpqxs2l6hqUgIIE91JGTg4IZQSOnQ4PQH3r0jSf2ffgxpr5tfAOmTGNAHFwhnO7PAYOACDgZwevXqRXuMduoO4BGZpAUDDLjPIBXnAOfTsSRggnVWGJRvMSFnP3FJyHBBGehyTnPbHTjIreOW4WC93D0oqPKleCV7WV729Oitp5M5qmdY+q05YmdnZtKUr206cy7K2v3bHmFh4A8DabuNj4H8OW207VJ0uAlODyGABABIJOB6Hrg9DbWlrYxD7Bpem2qxDLC2sYECjJGQSvYkAYx1wOcCurkgWZDllidwUUITl37g5GAwGOP4vp0rtZxqiKFHmlCNiswzg5JIHUkA7wefU8mpnho05JKMIxe9oecXdaO2606LoraOOMqTaTqTclZNyk0ne2qbb27NX7WMyS8uXjRUuWjZkwqxxohJzyqgL0HsAvoDnBi8+dw5kuHbamP3h2lvdSvHTnGT7HJ52/sB+QgL8y9DxsIIO1QOScckgnNRHT/ADmlKJhQNoeQ9W78nHKkZ6HGTjjGWqcui0Vm0ttYq290rtWV9baa6FLEyk7JybT3d791pro0rbJpedjOghjkjjUp5hl3ZOWOwFlA4P3gB14+bBz0Ar4+v7S3f9sdLZEIceEYI8uu5S4QEZyOeRjjoeAelfbNvpmQ4LkGJ42didudpBAXnvyDjGADgDOB8UXFxFN+2xbQI5RZNDt4S5YZG5Cc9CW4BHoSOhyc8da8KmDklFpYqm0mtbLdemj6X6XtY7sK+aOKXM1/ss/lf2fS2nfXSyW25xv7UdiIfiHp0NshiMmjKQmM/OM5IHQYzx/EfXivBTDqItJ4pVTYkJBO3JyAflI5+bkjPOfQ54+m/wBqOHf8U9HWQ7WGkoG3HHJJyRnHytzgEHk+1eISWswS6FvgoyPuJO4HCnCksAQBntkgAnpxXzGTQnLBxtfTS+m9rvTZddndb6o+pzurbGzWjUpaWXlH7KvZPt2utOvy3riJDczpuLZukJIyCBvQEE8kZJ4zkcgg19eeC50T4YeJgIpJm+12fyZwu0L8oY4HQ56jJJOTivknxKGTVZUOcteR7jtGFwyg7Mg8E/KuRg5OQynNfXvgSKSX4b+KQBtH2mL+Hj5VU4PU8c45OMN05B5W3LFxTdmpRs9/tR0W7XW22ttj1cuklgpyat+7va17JJWdmlfv+WqPOrwQTTxNLZSQxsEbKOWU4TBwMgdVHHHPf04nxdBYmwupIZLhX+RQjsSDhiSDtOc89wDxzgE169Jb280UcTMpCxhVwmVRhgkjacqT6jknJyc88B43sootHuW+8ybW3opAYDqWx1zzzgcAdsivfrUoxozfNze67pu2tlpa+2jtby1ufOwr03iIq7fvO2qeqtvsle97W9Gdv+yfqTaX4pglFubg/Z7xvLDHdJlSdmc8FgDjIxk9cAg/tRo37QPhuy0zR21Tw14k0iCO3jt2eCAyxzFVVDztPy43MT0HTpzX4nfsq263Hi6wjVyvnveQDrkBkVuOnb+Hgnn5uuP2s0nSWHgzSogq3mCyb/I3vCC5IPIOBgZwTkdD0wPEyTJ6eaYzGUqjcVGnGcZRsmuXkv0ba7vRrqtD6rH5o8ry3DV4wjO81GV3ZWag+ib00u9dFboj88P2sPH2h+PPHzXvh7WNQg0+C0S3fTNQR7XzZGY7tq9woJ5xkAcYwcfHHw8skt/iNaZdwseoWuMHcMmZdyk9xg4znntn7p+x/wBsPwTplu9pqlpGIbtz88sMYhLxIu9wyrj5tw68ZAIII4r4u+GLtD400FneRxd6xbZDNnMUbDazEk5w3A5P888+cYOWBn9Vc1KMHeEnd6Nxs9HZrR9Ou3QMtxkMbP29lebUnHSy0ilZppvW3L0Vtj6q8TWU/wDbXie7t5DGMgtncjv+75UKOpOPmPXrxur5L8TpOb+VppCzxt5mQCrYC87gcYwTwec5GOxP2D4q8Tyad4l1i3k00XMckyRlwu2RAIwwKe+057g8AkEGvmTx/NZalqklxBb3VmhQq4aP5XfA2htvTnqMdzu5BrkUpOjC691xSTa3va7WvayvrZWe52VFF1L8l3zKTb02trbR38r972vr574cK/8ACXWA5dpGiYMecMpVgQO+0DG49yMZxmv0t1qayvdLsIL02CTPo9v5LTuiOWVELBc85JyTgjaVxkEZr82PDkcY8XaN5bgs2QwIKgkEDnOCxJ6YGD2Oa+1fiZo9zeWHhu4haKKRdFiRGlkKAHYuG69+gHocAnjHnSnGM+dRcrPa9lZuLeyavq77JP7j1sMm6LUUm/J6f8u3a7vf4nbXdaXehy/jnTLOLSJJ1htzJHgCe3kXc5VWycKd2OMgY4x7gn5cQQpqkuA4EwjZVJDEIrq2ANwxhQc55Ujjnkeqy6LrIt4ke6ViXOEa6Z4WLLj7ueeT8wJP8XcYrgbzTfsuttHJ5Qljii3FDnLF0yFXkKDg55A7Z5xXm4maqTUrK9o+i+G602f/AA+1zWlTemlloldaLre1rPRvbeyep9b+NYYbzRPA6ytEgXw+gjZkV9wCLuB6nHuAcjI5PA8Xn0bTZLswQ2tqFKBnlZtoDbWztZcYZiQMEHnIPUEe4/ErTbq28JeFNV06ZUWy8OwrcAIS6tKi4IBHTHXOOnLdK+XpdSmkts3Eq/OzMzxqUfk5x8pUgZ7cdSOmAOOas7ppWSe2+199Frda9r+voKyUXZbaNbfZW7uldtqz+W1x0enQ6frBiURtGIywCMWKszqMEjuAeCMZyTnBNfWfxetGh8EfDs20rxMujRySFQVIO0Hd16A4ypwcdxivj7T3jfVTh3O6JAu7OdvmIRknJwfm57nr3z9o/GOVo/CXw+hTJz4eRiT6hAOnuecnIwRznms5N8r1TTir2Vnd8vWzum7v5NXV0XTktd09bO+r+HW/W7+/bofOUfiHVI7VPNuklRpCAksCvu2jO3JA44HOBycLjrW54bvjLrouLlIofNhVXaMEA7mUhQgGMEc9BwDxXHTFBbW6MVDeaSWA5U5OARgjoAc5HOTjkitjw5hdUiUDzC6KD6bd6g8DjuByCOpz1Fc0LJt21v0v1UXolq1rbun10LhFuUXe9uRvVOzurXvre7V187M+lf2ibK1ePwBIbtLaJ/CwxJIcjaQeAcjB+YbiQfmJODk18lW+iTxgyQy2t1AXwGikX5iWycZI/wBk9ACcnAYgH6p/aTtN2kfD+UsAq+GwWWTGGwgxg8c5AHT3zjAr47t0U7Y4ZmQ5G/G4bB1IHzAHHLZ4A59OcK8JSknd9Grq2ui0b19NV5XVjtVRQVtm+tm3qlrpq1o+/K9bq9n7P8OYJYPENvbyLlwXYggYA2jHQn/gOCRzgY4r6X+MrSP8H/DeMbRfsAmRlmVmBz3I6AnoB0zmvmH4WK8niODdM8oCTKGLZPC5HXnHfjocEZ4r7G+Jnh20n+E3hOW8v444pL6dlQuU3sTjYCenTjt1xzgVhXajReidktlpd219NNG12aaZrQfPK1rX0TtotFZau9k+nK0u+p8GLE4RiMrzjIHJJ68A4zkFQOh+YjnAPoPg21aXWNJmEivtLGQMd2CpzhmBOMjjHbrk90n8JsCot5mdCxGA6urYPU/MSARjk9QeTkcX/D1leaVq1lbzrKqyzsc7exwoGeuCSD1BIPbNeTSqvnjaLd7dt04tXelrtddrd739J05KCvaUbR017wto9VqtPn5no3x4dzr+igoEI0K2XI5XGBj1zzyq8HOW4JArxIrGg4JJ2gjbwSf9o9Pu9+hJwcdB9NfGPw/HeappFzE+V/sK0i8qTO4sFUkjGSMNzkZx14OceE3nh+W0IQo5dlLbkDMu0DPzEAAEdMY9euDnza9X95PnvzXtK99drXetna+nXTXqdkaLtFRtaStduOy5dPdSknJK2rS0T1Vk/oX4DokviqyUM2GS2znJ3ncDycDaAATz1wW4xgdZ458WaTZeJvEvh06VNPcvqSl79J2TykIGAwXgqp5UHAOfz4n4ITmHxfpqIzMAIIipG1vMDAsvXqAwOD0HXkjHF/FW9li+IvitsTKW1Ih33Fe2ccH2yOOc9uayxdNVKVOM7uPLeye6TXy162Wi6tKxrhopTraJtpJ7bXXfa7WrVradtftrWfjToerfs52Hw/j1PUo/FFjrqMto4AtY9MSMbTkHklgGOTnJzx1PZfsz+K9V0zTNdWy8Q6tpCjRdWF6NPuJYRd2728oFvdLGQJIGk4eNu2Qcivzx0qW1uLK6cu3nKkZ3nJI27cE8j0PfORj6/a/7N0ElxpPioWwEijw3ezEFCzHbG5wBjPOSASBztBPOK+QlleGwmFxkYU3KNavLESUrTkqtRwbet7qLXV6WTe6v7ft6tarQ1t7OMaa1bXLFxu5Ly2drt6O10z55uZtRbxBdzx3InFzdXcjAgKADKRg5O3B7c/rXvfgu+jhliS7UgNBGxJPyZ4II7dRyOoAz0yK8ElwNWlXy3i/e5IZBGQfNO4nONuSxwR1weuMV7TpDlLiIIFZI7aLcSMfMcE5JxlhkjoRgjHXnxcZJuMI9LLbbRRvddNr7JJPq9vfouzto27Pe97tJ3Xd2u7W1bS1Pu/4QLE+pwiNt7zBJEAy3zBwQo459ODlQRtHIr+2z9n9pG+Cfwv8AOVllPhLSkdGOGXbaqMnGTxgD2xz1OP4ff2bLgSeOvDkdyN0MmpRpsfHllGcNgjOCM9sEDngYFf3MfCXYPhl4FWJURF8PWIREYFFCwIoVCM9lODzyM/T5/hFuPEubq7v9SpNLrZ1467pu3qu91e75PEGUZ5DkijGyWLm+a9mv3UdNGmru7SutOtz0yOQ4xnLHgH0XjoOdpGB6jbjPPC2VbBycAtxnuAMdD75XJ7cj3qjFvYbhngD078ZJIIHfnHbkVOASwCggEn5jg5BwSTjODgcDvjgYGK/V6Kb5XK6UUmlvtyt+av63vuup+OSmuVJJKyV79fhje+mn91O3XfVWDMBgBupGRjnjOBg/XPp688U4N8wAGWXqc8Zx3xgcdc4GOp7kInQAIucAKScEkDJ57HO3LEYHIUkHFOIQAnodvYDIORjkEjB5ODjb0KgYrdLd31aTUdVeyV7q+29/e3S22OeUk3y2askrpea0urKy307eqFUsSWyOxI57Ek56DOcA7eg9smnbgDllVTnGMk5PJJwRzjGPUY545oVeMAjngjqQM5xkHkDAAK9QewxTzGrMSQNpG4ZByvqTzyMnB56gdeKhwlH3kvdvfeTbvy2SjounnrazetxNNK7s9EvJKy8tr36ba21TYZMqMDCgE8KCCNw5J5GCMYHXgkEnOHK5J4JwMgDt1wT69uMhSOOndmw/N8oJ429QB9Dz7dB8uM9RSqGPXjP5YGWAHA9wSSck9xXRTcuWN1qlGyteOnKtfJPV9O3VkN7pbaK763tfbbXz+e44hXJPO4YPKnAYY59SflBbH+GH9QQOBgA8cfMDgjHAAX7wwCffFNQ7Tkk8dFHzc7uPvAZGc8gjJPzY5y/g8Luz3AHGRnjPGTngjqCSCOQDp6/O2n3b2JTd7N+t7t393y11fe2t9kh67c+pJyc8AryOv8PfrjvjvTCAAeOpI4OQeenGTkjvuyfXORTgO5PXk4HIHQsQMZ7fh69nbVO0DB4yBgdV+90zjnrgAjuDit03o1rs1da2sm+uy1vq318gk43VtWnpZdbLR6X0XfS+2pEx7KcMcgZPTHPrgsPQdwPQ4Bk5HQdOoGM9enTHIIGO3OOCpj5BLdc49+3y4OQB3PHqe1NIOdoYgqRg8HcRwQPpnnP8WMc8LtGo0klorau+2qWm2mi1vt03MWm278ybei1taLWnzvzW0V7Ws2h7fKBgDJPzZwRtHBJLH7ueCAM5PbBNAH3QMZxk9BkHPHHtnAPPPVSM1Ii4BJPI+9k7Q33iDnBz1GM4HU4OKFA28ckHOO4PK9++RjHOCa2VRtenLtrfZPW21ra6Lbe2lSm48tlpdXXV6W8/l8hMlfUrn5c4JUEYOcjr6cd8Z6U8ZDLuxz1zxuB6HJ788gHuenZQhyeMdSeo/h556HBIO7C9M8cgsxkYBJ2ggx9SCeOec8t06kDoeOLTur30uraeltnvfr312tducpK0UtP/AAK1ltFW+F2bta76dCQZV8kqAdwwB0X0z9cEgAckk9RUgbJwM98nHHbHPuDnAHTHrUK4CpknucEYViP4sDHpkfhnGclef4QMg9cHk5ByMccA8j1rSM7WS83bW72Vtu/Tf9cnT5Y3lrZJ6b3ulKLsrbve7sl53JgASQByPboSOP68D3qRAeeeAAQOnU557nj3444xkVGDyACBjkAcdMk8Htwee/b3sAAccE4APpkDp78f5PWtb/nb8L/kYt27X003/DdpemtgwT/Q/eP5n8PXjj0pu0gD+9/ePO0d1x+X5HkZpd3PT9QOMHnkD8fTB/EByScdDwc8EYB6Y6HPvnrnhaVnF30ezWl7afNyu1qn6DTbsrWdtNrv5rV79dQZQeTzgce30PbOTn8+CKQZ2AlcYODyM88DuDj8e2QB1D/8/wCf8/WhjnjoO49S3XkY5J6j3xWkKr91PVX17qKtezfLo2162TdraKz2T006tde7enzW2l10j3A55yOACOgIOdwxxgdME49cnbSnjGW478AAj078YwN3Uc8YBJUDaQAMDn3z7knOep68k+ozScgHeoIyeByT65yQQD29MdRWkaqV7xXqrX3j39G33dnZWY4rRd3bTz0XRdu3bzH/AC4AIwH4I64xzuxkj/aGMHJzkE8NyEJAJ4PYdsHp9Mkk/qetICxOAvIPPfA6dsZ9cfhjIppQFcnJyeu4fX1U8c9Rj1OeQvaJ25U9Xs9N7WTvdW9e2vlLi9bvotrWs7PZ9enfRM5Xxq27wj4rXHB8Na0rA7SSpspsjOBkng49+vOK/hC8QaYt34o11X+Vf+Eg8ROGAyQf7Uuf5jHOMeuTnH93/jJceEvFQ6H/AIR3WCST90GylPXpnnr2JHQ9P4dNct4l8T6/Ht2Ea7rzbz8uN2qXLdfU4OOOncZr8j44ly8U8Mybs5UcZHXRXU8P8r3kk+mx+veHa5ch4pte/Nglb0VV+q2d/Vs828SaP/Z9rbyRI6u0UZDAgK2WIUseoJByCfoATmvGb7w/HLeWTz3LlpjsKhRujZ3IC/3c56sDncASSMg+8+ONTRb600pAknlWcO9genU4znqDg/mQeM14dfSGGXzXikV0ljeI8lPlnbbgnLDJ5JwfUHHJ+yy9RUPe97l5U3d6qyuvPy9VfZs8PH805JRfK3B2bW1mrbp3W3l1Xn7V4Z0KHSfit4TsAXNrJpUszIVIYu1kQzHk85zkgkHgAmvPDbC18Wan5REitd3xXgAKouJFCH36EkcgHpjp3/hjUZdS+LPg+4kYNNJpFzEAhIjjAtWHJAHPGfU4B+nBSK9t4m1jzELM9/qAQknP/HxLgqDjC8/MRkdPWvehJLD80Va9Z2fVLlhpu7tq/N+bPm4wmsVJTndrDU029JR/eSbvZWbellrZ2S1PPfindyR+Gb2UuBtu7NWjRsAf6UVwwUeoHcBScAE7a+D/ANn5RL+1r4NUkA/8JDqTYI/v28jqecdj1x074INfZnxMeePw5rcjQ70aa1dOWflbjcSOQDtwcEdwQOuK+MPgJKtl+194TuZwsMMOrTzkzOkcMavYscM0hVVL46MQDjoRitKbvTxD5kuWi7rfXezemrW2mm2rVj06FNvDuMW3Kblu76pJJ+rX3u5+yv7QlldW/h9WnuYxDLaau0aLH0zaS4ww59QBySTxjPP4+fswOY/2ovB11HKRIL69SNlyxUx28qH5cg5yB8vH45Of2H/aJ8R2HiXwzaQaVJYzTpDfLNHFf2xkSMWzl3+WRsLgEdckELgkc/jR+yleRWf7V/gj7ZcQ21sniHVg811PFHbrGokXDSSkKqk4ClmAJIy3Q0sPNPDSmkpyhByUerso2vfS8rNLW7tocmEo1YUcbCd1GV4pNNXTik3r06rrptqfrl+1FcahcfBnxnPqcl0yrFarA8gKRtGLqLJIPUA8cg4yeDyT+ZX7GLtJ+0K23lRoWolnZiODPkDBwMcqQSSMYbtk/rb+234i8MX/AMBvFMOkX2nyyx21qjJBqNnK7ubiMkJHFKxYnBJwMYHXIIH43fsgazp+jfHaW91bUrXTLJdAvUee8mWKNiZuIw2Mkt8x456dADW+GrRr0YzcOS28WtXrF3aejbu/LQ5MJQnTwWJpuPNKUnKLWjatBJbq9lfq97+v6WftQSu3wm3ypuS08SWpTDsygOm1SABjuMYB5yWJ4NfKP/BPk2sP7RPiqSWJGA0PUM5YgkG4Qkng7Rgls54GDkAE17h+0/498L6j8KNS0/SNd0y9uU1HT7iO2t7pXlZAyKX2A8L1O7tnkDJNfKX7FnxA8L+B/jt4m1TxRqdrp2mXGjSW8ctwWZXnmkjYRgopOSAeQuOvGM1vOV4uUE9ItpNfFZrTpr6dEl3Kw9Cossr02mpyb0abctuy1Xfr2tpb79/4KEO934T8By26ILWLXJ1GJA2WZWxnAIyAMjOBxkjHT5o/YIe8h8K/FJbaMNG/ihWkAYYwN5IIIHzZPA9Q3QkCvSv26viz8PfGXgvwZbeDtesby6tNeMl1aW0kokjgaJszMCqAA98Y5PHTnwb9hfxx4N8M+HfiJbeIvEtrp0174iMtvbSyMJZQA4LKFUqVXnI6A88ng7YWUXGLnGcOZpO7ta76K10nbbXfuc6wteGWRg01NTlJQ20501ZStZWWz/Fb9J+1VI7eKtDeR1H/ABJJz+7bIVfKct1Y4Kn5Rg7c46A8egfsR23m/CSZUdbg/wBtay0cbsQA6zHLE4GScZHTGCM9q8F/aN8U+G9V8Q2U+ia9ZatawaLfefNFKzrEzDCIwZQwbaBkANt7dM10X7JHxn+Hngr4cjRvEesPa3za3qcoht0ZiIZpCYnd1GGVgB355BJArqo1I0sbKzaSUbPV7pXTWj3+XeyuycRhqtXJqMFD3vaqTTu2kmlrurtWs9+u+1X/AIKHS3T3PwjSZFXNlqcSBQSoBCqTyPQEE9BnHXr9YfsZwXVz8GfCARInW3F7Cm49XDgkAE9V6gdeeeMY+EP27PiN4U8b3HwtuvC2pS39taW2ow3Mzo8flzZU+WmRgsOhPUjjJHNe+/sr/Hn4beCPhl4W0fxPrF/bajbXt7cS20FrJInkuB5cjSIDuwQSy+pxtPNdUJQVdzknyyWmmrldKyuk9dbbP9OavhKryrDUowbqU6kW4t200Vm7dFordXrrv80ftzG7f4u+MTL5IeKx06BgoHDALn7pzhQcMDwT6gA19rfCAeJj8Kfh4mmXIWBfCqSTJEqjYh3EFzuB9epBz04OK/O39qbxZoXjf4ieLPEGhahcX2majbW/lzzRyQTNKjsGBiZBnAKqrZXJ9CAT9ofB745/C/w78OfB+j6jrF9Hqdv4XWzurdLW6MSS/Ou15UjIdRkZAJ+YfLgYB5529vztSlFaWtzNNuOrtZ7J7r72eniKE3luEpxTbUad7NaNRSd7LZNtN2v99j5X/bFDjxfJ9puFnnk8KaUzycA7vtbtgjrgc9hnvkkY/ZT9nWd4fgh8JzC0TB/Dtk0gKbjhSQDznjaM8kH3BFfiD+1J4j0jxZr7apoV6l9Zv4asLUzLE6ZuI7p2ZSsiqQwQgMT1IwOCc/pF8FP2kNA0T4T+BPDzaH4oMmkaBaW091a6Ybi3nYA5Ns27LjdheMjjDZIbN10nClJQck2kt9ErNf5J7W7HPi8NOpg8NTStOHJe3flS19dvPR7K5+av7Ujxv8avGju0bOfGgyQcZz5RAK/X6/4/uX4GSOHwJ4RuluQhj8O6a7RDLZzp8YAzxuJyRjoegAwa/n0+PWvJrvxS8UaoLe7gF94lS9gtriForqKHcmGliOCrcDcD93IGD1H6ueEv2jNITwhoWnxeHPGTrb6Jp9qzxaW0qvJHaJE7xMOHQsuQQeVI78msS4Qp03yJytG3kla9umul3fWxusLUnTpRu1GCipdFzLlTSei3/Kyufml4plT/AIWBrLtKnPxYMhJHAzdqV4AB7cnOf5D+p34VfFXV0+GGn6NPrNsli3hWW08mKL94Y5NLMYXgkg8kHrxznsv8nXia/efxTq989pexyR+Pxqb208W2cQSXAkTzI2IIcqSAAAck8dCf2D8D/tAXNlodoB4D+ITQjTfJjlTSka2YNZhPOjJkBKEfMrDDbeccgV5ONwkMXLDudGFZ07TXOk3DWLXKnotkn8u9jtrYf2lGEHOVO2l9I9bWbul0+XZ7H50XTRz/AB48O28bJtPxYg53E7g2vBQCG7ngevJ444/pD+Inh7ULPTJ5beeJ1fRNRkkjUtuRBpsituTcPm6nI49TzX8t8Xi2Cw+M/hzWLq11CSOL4k2uqyWgUi6aJdZWc2wjY8TkZUJkYfIzgZr+iD4i/tVeEdY8P3v9l/Dr4kW+oPod3BFL9ggEUstxp7W4ikfzwyxjd5m8ngAcDAxx5phataeGnSoKryaybs7WlG+rau9G9mtbpaO1eyjF04ym1CPLza7u8Ut7Xv0tppu1ZH4BhhJ8SvB9q0i4HxNhEzFsEK2uL948sCcgZLA547V/R38YfhN4ns/hL4t8QXfixV0SbwHqb6fpMczTiNzaOzKZGUBHcZOASduQdwGT/MHqfiB7fx1pl9FaTtcWXjOC8ktpm2O1zFqa3At3IJCPuAjc+p3YYhTX7OeLP20vidr/AMPvEPhC4+EM8VlqXhi50mJ01lp49Oaa0MbX32dlAZjEWbZu4BPPQjHE4LF1a2GqUKacaTSrN2airwcld6fDG+ju72VldHoV5UJcsZTSatyJtLZxs0203fR3tt3R+VHwWvpYPjD4dlikJjSxu7ZyoCuow6kfiSfm7qGO4nivtf4seFUt/C0Vxp14ssDyQzzAHzmRpiHcA4OCCTkAkD36D83fh5qF9YeOtINnA896lzdWohExjaR2dw6Fs5AQttyR0HQA4H2Jr3jDxNpujXVvfaPJNZyTRQwo15vSGUMN2QSWwN2cHA4z2wPoqEnFyikneLScm3ZqzemqtZWaWqaT2OCvh5TnTbbW2t7NJcvmk4tOzs3rZ6O9vmDwFayR/FjUbCzjlvLqeS5ht4UUtJPLK2FjCbTnJJOMZB4OBmvrjx94O1b4Y2TRa8LRNR8QeCLu68uKZXktopIyRBLGrFEniDbWJyOeuQa+Xfg344j8FftI6b4nm0Ua7/Z1+b46RPKYYLqaY+SEeQAgJFv3sCDwDuyMk+wftF2fxJ13xV4i8ZprOlCzu7S4uDo6SeamnafetldPt5DhPLgDBTtOBjphRVYepOlXb+y4tNLdJ2s1d62Sd1679dsZQ9uqTj7rg1e+t+ttWr2VtbNNJ30Pm34E3qW3xJtJLeea2A0aZSbaaSJ5MOwbLoVJAJ7nnrzgAfob4+0G2Nrb251meGWTwJe6tPC0js0+yJiI2LDczNn5nOM/xYGMfmz8D31mH4j28VpBbT3VrBc24Qxq4m3sSyKjYBwRlfm9TjBr7m+Kmu/EiOwtru+0SO1iTwxc6ZPftbxRyJpsqgFAVZiCw6MM84yCeTUKsYVqlkpc9NLmdk7uy20a36Nv8B1KE5Kk5SfuSi2r2u48i0Td7Ldvqm1oeOfsW+FLDx18a18ItqUumvr2ly2LXcbxr9lhacieZTIyoSFwFUtgE9SOa/U39qf9mex+EPwV+MEtr8QdR16w07wfEbW1u1gZLpJ8NIqTJK53IcjYoPAGTkZr8Pfg1e39t8RP+JQ13DfC0lt4pLKZre5VtzM3lyxn5WDcvt4PbJHP1J8RdS+KviPwZrdhf6x4jk0uy0e5OoQ3moyXkN5BHkqk6zOQVGRkfMAQOAa8x08T7ZzhWaho5ws2pNPVq+zsmtLK221jokoScea17xSdm9uVxUW00r30Vklbfc8Q/Yt03T9X+K/hjTb0XcltqdyILpLMMszWsa5CBTgn5tuSDkckV+tP7Yn7P2j+AvhMfiLb6zq15D4i0TVbE6fdCZzZJAIxCk8hUrtYcHJwcc8kZ/FT4J634l8NeItC1HwvenStdtZLiayv44VkdJwxAwvOQwwuOeODjpX6ifEr4tfHPxn+zz4i0D4j+JxqGn2ulW91FaTaTbwTFHkbe1tMh3MJgP32OcFRwSM8GJw9apjsNiYVGqdNpSjZtyV43202fffrfV7S5LxjG13CPOm3qrRel7Xeqei02R8vfsx6okHxDghhVCX0FFGcjJVASCAAcn8PwyTX7W6VqNtJ4bEdv9neY+G9RRlRgTk2zghgMspHUk4Ffg3+z+L66+Ipt9PvU0+5m0rYkxgE3kKIhkhWx8+ODtPTriv01tPDfjp9JbUdO8ZzweRpF+LuOK1SP7QsMLF1wGO1ZVHzPy3OBx0+iw1WooVUuaTlryrdWavZK9td9NN7u552MowqVKTk7SSX2dbRlHZpPtd9FrdaHzf8KJWTw3qkbBRHJ4/uRwOMG/fcoBXO0kEDp3ORnNfsj4qebUPgF4elCRKieFte3PIrAFYrRwFLYGWCKcDB5I7cV/P54R8R69Z2kc1nfm1T/hL7hZbbAkillS6YNI/UncxJCleTnkjlv1q+KX/CZeBf2fp/Etn4l1PWNPsfC5u5tKuE8u3SXV4tkkEb5IESlz8oGDjBXpnjzatKrhKFNRdP2d73drpyjLs7rTbVp7rc2wOHjHFympKSclpaV0nKL3ttZ69mtVvfmtC8OaZonwn1XxJe3+q2kd5oejvDZw3cqWDyLqLeZJJEhIwU7FeMnr1r53+P2tWr+PPDvh/w9rl1f6VD4Fto7u2F5NPBb3N+PMZGjbhVDP8AKg2j5upwAPlaf4teM/EMY8LHxddaZpOradabdNSYyW1okP73YgOApV+SB3PfkVhaFrOtLqt/cNrSahdwTQ2VxdXSlz9liG2NS7DngZAU/KRwc18nSpUoVHVrTvNTbVnupKO22trtPTS9rM9p4SqqrnBSUU22rNbJNqLsr6O/ZK/VXfyf8QYHi8Ua9aQFWmhvPKXIHUHadq4ADHGM5zngda5qXTNebR01nz3Fil0bQlZGysg25WTBOEBOBuPJPvx1nxAcp4v1y8IBme7aRti5DFh9/A4AIIbkD73JBBzXluEuNCOjQkrC+y5eIsUZp2OSTg4YZGB3B46HbWWYVJKpT9mk05R5m1e0G421ummrNeV9b3se3guR05ynZNRTWllq0lbXS1mvJp8qOBaa7d/Ia4cBmJPXaCO/0/iyMZXJxnBq4L+/smQ/aFZUiPLKrAL0GM9uB34468ikks7lJFBiZCgfcCvpkZORnJHQgDBGc9KbewSFOEJbygTkbsMSMDDfNkHBxk4GMELkDndNylGTbkklq1ppy6u6Wulk1ZpNP1Tb5Xb3W3dNpxve11ZqzTteyt36q66e7XE8DzkbzeQEEdw0oY4BzgY5x2+9kYxX6Tw3KQ6bp6SpMGbR7PySGABBjBVguRwQV6ngZwAeB+dGj2k++JniO4XFoqEqRkmUDIG3p8ozgHHqNox+tA8LRSaB4fuHt4XkGh6c0rNKAXDQq2FGTgjAztzycEen3HCkITniI2StCGrvd2srJtNei30vrZ3+U4gqSpQw8pJ3vNJpbO0dGurt+l1bU831KPPgq7Du24alYSAHGcPJGcHrnjrxzzhQOR6JbQh9PPJARYug5I2rg9c9MkntnJIJFcr4w002/h68VIxFAt5YuAhJJCSKQBgEHAHJB4GOegruJozDaWUixskU1rbyE524GxeowQwIxye5zxkGvqakaUas4aNKEE72fRLd9FdX89OuvgQrTlCL1te1r62tFJp3XaKezervtfnLjM9lqSBiAsU8ajOd25STjIAXG1jgk9cDbjFclPYxix09Gj3FtPUksiHIBydxIAYHHOApxk11N3MA13DBghoZ3JJ27SsbbV3YwMgYAzjOB0rFuXWXT9IUOPN/s8hwCc8EDbxwCeRweOck458zE06cmk1FxSaurWb916NNdNt3re+53YSc46p+9zWfRbRtZpLVaJW+4PD+i6fc3Gorc2Nrcb7IbfMhj2ruwvdQQTngYx7AjFc34k8EeHpZtPQaZZA+ZPDL5cCDeFGQMgKc5x6jvjPFdv4faGKe/Dts/wBFRcFv4yV5wcgA9sAEeo6VQ1+Yx3FgUZdou5wTnnBxjHUkkc5zxnHJr57H0aLlJKnDlUbNOMdb2122+d+63v7+DqVOaPLOV7qyi2kk3FWadr6K61sk3bc8gvvhjoE4j8qwjikKksYmeNzhjggowbj65buM9ea1HwW+jxyXGn6zrdg8boES11K4iI+YAEAOcBe43Z78dD7pO6HY67SQjYGeckjP8PfqOhHOcjGOR8QLvtJpGwn7yLPYkbs9cDO7tj+91Gc18tmOFoqhOSpQuknor3S5b7P5t2fVHvYWrWdWEZVN2rWk0mmo3s22076X300WpxdtcfE7TwsumfEfxfaNtVwg1OeRccYyGOTglevJX3xXY6f8TP2itMUC0+JN1eL1CanBHc5IH3WLnkAep5yQD3NWPdtZAq7PKBLNwcBQMbs5OMfe2++TjFakHESlpGdWVycEsEG3g5xx09xjPBryoYGjUjD3VFqKvdLd2XVfO17+t0df1urByjzy92SV03Ze9Fdnfze/m7o19F/an/aXsrlrVrvw/rTQEKEl0+JHeMMRkY5ZTtbsp45xtrvLL9s/42acz/2v8PtAvyc72hka2yBnJCorDB6ZGCTnA4FfP9gv2bVHbdu82FnBHXCuTjdgkDp8px6jOK6mzuY5FLTEEhG2bgMqR1w3OWx344Jxmso5VCaclKUWpWai9Hblunstn1vvtqjonj6kXBc124x1b78rsndKzTV77K2+p7zZ/t16hFJG/iD4TSR+S2C9nfSNtbJyy7lwT1I59gR39D0/9un4e3So+reEfF2msTuY28H2hQg4JDM+04PODjPtnB+GfEN0tzayJhWHmJhhjkDbgZUZyvA6HJ9MitzRtMtZ7GEkRsohOQyBmLNkEAkdDwRk/dJFck8uTqShB3VtHy2tttZqPm7Pq9m9eiOYyjTjOSspPts7LTR9dnZLc/QCw/bB+B2psjS6zrWlsxBK6jp+1VOcFW8vf+O3PbIwc12CftF/Bi/k32vjjSlRlUM0wlhmTIPVNmDg4ODydv8AdzX5sLoOnPqtvayQQqkkLMUMKglgCV69MkjcvzAjHGRuNDWfD2nW800YtYQ6sT8sQBwQqhWI4HG0Ad8DJIPHDUwNWCvJpx5ktN7XVrqzt1utX6a37aeOhNpNdFK3e33db6W1XTt9sfF74U+OPjLFoHjX4TRW/jLTYIpbe4/s/wAuOR7dJN7tGJni81VIIby9zA4A64r43lbx74E1edNSm1rw1dWt8AUlN3bIs8TcKvmjypMFcArkEL1wTn+k/wDZE+HnhJf2ZvhDJcaLbLOuhalKl5CgguN8kshDPIhG8qWBUupIOQMZJrB134MeAPFI1q28Q6BZ+JF/4SKwtol1qOG5aGC4KF0tZSqmNzuJUjkEZ7A1h/YE51ZVaGIdGs3HppKTjFtLaSSvyr4l3a2Jp8ROm1h8Rh41qMJtJWtJpySStJtPo2rxT6PRo/Ejw/8AtlfEfSpra21J7PxLY2TxyFbqMJcSBAFUNN8zScKMkk5yCQQTXpWk/tVeC9S1G71jWLWfw7q+qQtBdSRwJJADJJ8qGQkEomeARgDOCAMDyrXv2f8AS/Fn7S+rfCzQbl/DllqHji40OzYKJodNtmlby/lJAPl9Qcg4UjORXsvxS/4Ja/HTwfb3F94WvNL8d2KahJbRRW05i1OUIT832RgEwwwF+bueQOa85VeI8Jz+zUsXTptxm4w59nG7X2nayb0duuj19SVTIsQ6any4WpKKnFOTpq0rNL+XS6Wut15HqD/EbRvFfgs+HdK1/Sb/AE69icTO7xfakZnL5jVirK3QAAgAe4zXiEvgwW91IsTi5TA24JHylDyeoGMsSep3Y78fHXiHwH458AalNo3iHS9W8MarYyMjwkTI++N9jlPKDKyBlwSG25GCT1rpvD/xA8d6I6mDVv7ShCjMV6PNJUHszfMq8bVA75IxXIuKK8JKOKozoSjo9JKzsr3i7NW10a0N1kuGmr0mpqcuZS5tG31Vr67Pa3rez+lbDwy1hNCzRt5EReYsh3YcsG5XnBXkEA8FupORWlc28Nybq74UBlA3khgdhQEbuAevYYPU+nm3h745GKVD4g0JtsgZXls5C45ByzRqcYxzg/8AfOTXpNj428E+JIGjhvre2keVQIbvNtK3YqSeG454fhjwOueyjxJh6jV6kJ3te7s4tJa301Sa1d9t7oyq5K1FKCadlZNXXSzcku8rtPz1safguBZrdIAqSNJcyhFYhtwx94DBGRnnJBHTJ7cu9up1zUAQVMcnlk7j8iq/GeOPUgc5A4C4A9e8H2lppsouVgivId8hhETrIY/MDEHcuR1x1OegPUEcNquhXcGrareKjPHdN54KE/IzsG8vaQSSoGOcZGeAMVtHM8LVlK07a2s0mrWS3WjV+tl8jB5fiqcIpptR1jyq2lopNvrdt318tNi7qUNrdG9gYKf+JXtyeRwq4wNucZAx7dOK4WTTmP8AZUcQIh+yThtwyGI7Hdx1wCe44wTkV3hjbyrqR0lS4ltFCb1J424OST7Ang4UZzwMxTWf7jSSkYZUDo+1SMnnAzxgk5OFz0ODjk5Yh0qzXI4zb1und9/K1mtd7p201ZrSVWm7z5opPzV1zR0lddG9fN+Wuba+E1vdHfUZmiV4rS4RYflLFFYbTnnlieGxhsdu2WfCMd/e6HDtMJngdJGG1tu0feyAOeMkkdRjsTXaQzlLa6iUPHbm38pQp+XOfnAOBgqTyep5HYVoWqgLp9zGwDRvNGrKOu5VwuSuOnBHfJwK8bE4WNTSfK2k0vtWso2vq7a2203S8+6jWcJR5ZOMVZp231itmlvo79Lx06nm+p+Fls/N+zsDGJxEWAI5ThicdMnoTnHHLHmsWfRiphKw71Ziq/LjLdPTOBgnPTOB15Hrl/bzlGilBZ3CuCBheXOWwepII6nqc8HkWDpcLx2BQJg3GG67sqAeTjjnjnB6gc4r5bHZPdqSja9rct21K8dF/iW+vSyWzPosJmDaXRpxTv35k9tPnZ6X1srHjkMF7pk7zWdzeWMiEDdBPJGFfrjA5IA+gOTnd1Ho+i/E3x7ooTN6upQD5THeKrtt9N46E/3ux9MGty68PpKtwyRocYZ+A3JfAABzggEZYHnAJGCDSxeFEljDoqxhDGQWwAxYkZJyqkAnnsOgI5NfK4rBV8PNeyc4vdK70u+ivsrX3XZ6s9iOKo1o+/GLbSs0krttJ21/u/CrLe/c73RPjzE0iw63pM1uMhWltnaRPUgKcfezyMexGCK+gPBPxg8Lvqtrc215bloSzhJ2+zzfOoBQcAYxgZPJwSehr5Ag8JpcQXLNGgMcrAOQWAx93AxzkehBB6k80r+CpBkRSFZGUMrRlh8xwPlKYYHHJGccEk5GKwhmuZ4Syi3JRe7+JJWbSvK2ltL3T7IwrYHA4qyb17c2rvy6efTr59bH6l+FfGPh+11m71sGWOK7tVBaF1kAkd2LOzJnOAQSf7uAOlfWvhLxJ4f1iCJLHX7F7mQJiKWRFcFVVmHzFSCMfmMsT0r8LfDuseLfDUCw2d/M8CybTDM7SJkHGCGGCOnfBIyc8Z918NfFO4iaFdYsZYJoRxdWhZQSf4mRSASWI5yc9+ua+pyjxBll1OVKvQUoO8nCTcXzStzck4ppX952cWumx81mnBcMY41qFVxlyxi5Qs7RTTV42TTtdaPXS/W/2/8AFKHwjFp3jG7utRS41aW7Q28MVyjvbzoQFItw7Bo3AUghdwbI6EAeN2hW40/w3KCWL3CrIxbndtGAWwCR269Dx3FeJ6xqVtrt2moaZdeXO58yZpZi7SMrD70bMQW4Jw2e4GASD2nhnWNWjtLCLUkMkFpqqXAnVAC0RYAqoAw307cgcc1+Q8XZzRzXHTxToxw0UpRilJvn5pqanUbad23btfySPscly6rgMJTw7quq4yTbmoxaiow91LVJNpaOz/I+2fh5Yq3nNPCG2TRKhYc4LAjGRxkkAkYY5H1r94f2aUK/DSxUYBDgng4GF6e/C4HQA45yAtfhJ8PPEOk6le3ps5JVQvahYrhdrFyqhiO5AI4A7Ec9K/dz9mpxJ8OLIA/KsnzYIPbIOeTk/dI9D16iv1L6P0qX+uXLGSm1gK1pJ6Nuz13s03t3XTVH4/4zqo8kpqUXBLFUuZSVmpJr71q9ez8rH0WgyF5xwPrwP5/y+vFSlcgdiBwcf06Hn9fxpkfCjkdBgZ579VGT9Tg4xx2NS59+nv09PpX91U3rDzcfPqnp1P5Y1T03vp38t1+iG7R6cf8A6+/U9vp69QV2g9Wxg59jx344xgDI59ehyZ/H/P5fr1yO1GQR2PtnPOORxn9K7L86trG9t0la7X6J3087oG79X/Vv8u3RbkTLyxyB3GSTwcdBtHc9xng56YCeV8pG7jngfMvPsCAfwHB45wczZB4HqfU4IJ+uOgI5HHQ5yKb2OT6kH26njBHfGRng4Hu/q271fq99vJLte/ZAnrq387a/h6LZ7LTqIU67TuJAHJI6Bs9ccdevIxzgZBRIwowwBbjII6A/X27en1qUD0HUk/jjnH4fz96eAM5Y56E9u4UDOO/YdeScdTUujy2a0WyWn93Tyvbd9XZeTbi9nfdrfXSPlq3rr5q7FKAc4zjpxyBzkD+fHU44NU5EyAVI75x69ssRjPbByB685q65IDBQDjHb5QPYdc4+6D1OKgbLZAJHpwO5PU9CPbGB3B4A8/E0oSi2viS2v5pfhrfW+rfW44Xva+nTfTbd3tsrK+1ik0ZBOCD07D0PU+4BwOSegI6UwAqTnJPHJ59VyNvIB6kg7uPYVcYDBAGQQTj04IJ68g88du5qIr0GBkAHOB8wbkgHqcZHPHORxt48iphrXu2rqye9/heu2yut7aabI3U7Pre1tdWlo3Z3dnq1taza3avVIJK7iDuHpg4zzyQMcYPGdxOD6mJhtw3IUZwRgAjJHOcYBXGecYBPTg39isCMqVGfTBDcc+pwBwepOPU1DtyNpOM8HIxx/wDX54xgjGM15tXAxd2rN9bLRbWt106LWzasUqq0TjqrW6XskpNt+u6899ymVTK7QQOfmT7rdju+g78ZBxzimtE3XYCAOMn5vQkjnBxjnqeg4xV9UzgKMEA46cgZOB9ct78njrTzEo3ck5A3cHB45GfTt04HXGK5XlXtHF2TWmlt9lv6N3S7NJWdnarcuqlurPVtp6W3UUn3tdX8nYzlRh0BI9P+BbTjLfyxnGOe8ypjcc5wCcAYGcdz6du/U8H7wueWo4UD5SMfMAAGOMkck9gR7DPPRPLUKAT1BU8Yzk9Rycntz0+gwY/slx0912atultG3Ra221unfrdt+3T1vfZb73tbV69erv123pNhAC3AAGVHoeOR+HHHsATxURbac7SMD5tueQ3QH0+6MYySSB1wRckiy3OMEYI7kcc5wDkdAew7dDVYRqM4YnaCM8g4xwDnjHYHGOewGK87EYSVNuPJd7NrR2Vm220rpu776vW5tGrFqXN0s3daW926draLt56Wsyk7klmAIyvGcYywBB78/wB7r1xzzVN13ZI3DIJJAyNue/TnGOvOcc5znSaLLHAx1OzqemAQcHK4IJ4U4BJ4qFo/XCkY46MNw9OO56jvkDoTXzePwdSsuV3ct0909r3aVtd9evVvQ7KVSMbarl0SWi/lt536dU7aXu75+1ScMFAPGQTgckYI+vJ54GM5xkQOoG5SMcYJHIBAOD1OAOAFHHsOlX5ImAUNtwM4wAMc4Use5I4OepwQOMVTdDk8knJ3FsE8EjHQk+5ye+R0I+QrYGdKbcotpdHdNvSybas766JdNWdKqJtWt2bSVkrLq77LTS3S21yq64wOegxkcHC46Y4PTA+vY1Xl9SmSPlJA6DcGA+6chiByMcEe1WWDBiQScZIwOQcDJPYDA69Cd2QMkCFsblLE/dYljuOSAcZznaCGxjBHHJwdteLimlzJRadnpv0W736ffdJXsbQTjb3rXe6eqsn0fSTd29raK/TLuxnIbBwQp4OQepyMYHt/tZY81jyrtJ3cEEgA56nsSc4zkHP9cmt6YZIJIPHA7KSAQc9cg98gAcgHIK5ZUEn5QSQQTkH5sZyO478Y6qOpwR8Jj6d6smlZc/Td2301btfppfV6ns4eXJBaq6XvX0S272dn3b62aRmmNgcngkEgAAbsEH15IAx1HBIGKBGQPuqCQMYPXIGMeg6ZA7475zeCqAAc7gckgn5gCMdioIPJIPXkcYFOSIM2RjJJx36jDYHAUe2OM9a4aeEnVm0o63XVa3cem3V7WvrpfQ6ZYnljZvS33Wtfs7PSyT13a71kiZgTgknqcc4GOQCT7EDBz0we91LbcQGBAyOWXoPy4Jzx1/LpbhtDnG4MOAxALDnnB6j0Jz044HBrYgtgWGAAQeeN2cY+9nHLAc9funGSQB9XlPD1Ss0+XRuOtmr35Va/TfW2t/kebiMYo/C1otlol8LXbp16JaXW+YlqcgYyACD17c8Dg9f4sngADqavR2TkjYhQZABGASO2f7ue+R64JwMb0NsvBCrgcD5cZz1xnk8DA+bqpxkji6IFUjaBwQD3AGNo4wDkdeDzgcjrX6LgOCnKMZOybaurejer+erv2Z5c8w1+y3tvdX91rfu1o/8AFdswEtioY45B5IAO3u2B0xyeqjGRwOKmWBiw3fKCM846Hp0BHpjDHByeDmujigRcKp4IOAe+S2ecEg5x/ewAe3IRrYHooKjOD94Dg9+Dx15xgjp2r3IcHypJODVlaySjd35b9L/l1OSWPbbTXy0srcq2Ss2tNL3svJGIsO0gEEKc5ySBxkcEnJOG9MjPSpginlRkgL8w4GQTgcLnOfQ9ATg4xWgYSP4ATgjnAzgngjGM9unpnHNIExwVUHk59RzzkDAIxgjByAPuk89dLIKtFvST0tbXRe60k3q0vV63uQ8Tfbb11lfrfZrulvp6FMR7s9h82Bnn/vrqe2DyDjIG3qvljAzhVHYlgW9+QMqAehGQeABxVswqByDnPy4IPHy9cdMZ/MAHuA8RA9+gwoIHC4JJOMEnsMk8YyOK7KeWTSs420Sd93e23Vrq7b3Ide978rei0WyvFpLW7vvZp3V9ejpAL0OOP8R3wMHB/XnOaefLbaRkYHC9NxI4I3YJI5PHQdcYxVzyAy4CoCOp6E5xnHHHqR3z7VG0JByUBPJAAySR1Cg55/yT3q1l9SyShZpJKy2+H3vhflq3dLZ2EqrT0TS06t30V9W9Lpb293ZWKZxt+ZcYIJw2CSeM5GPUgevfrgBQNyVBGcMCMHJ6n1IPGBjk5yOM1ZMTBfmRQR0IAHGeO5wcnPHGM456t8v58AAEEA/MTnPOD6HnOOeDjNDy+Tir6663bto1fz+V35+dxqvRc61VtWrLVa9ebS11vd6vRFUogJ4GAM885wMDB25J9CQey5zxSAKMYUc5I65x2x2JxnB59atrCM/MvCnkp04wQMZPIABwe5wMcEr5a/kcjGfpj2BAGTycDHAzWX1NQbbV29LJXWvL3S11v66MXO+W13o9bO3SPXV3adnrsk7blEqpzxt4PAznGexHI9ufmUHI6CosBtx7ENg5O3OcDA4yM4yOByeQDWkYVyDwSchl+bk/7WffOMA8/wB3mq7wFgSvynnpg/w9OTlQMYA75Cjg8Zywik7xjyp3fNy2bvbRu2m2ttEtdE1aVO3qlZP1avflaeuut2/zVPYcrgjknjBAGenOAeMd87jkbiOqiE5YdCVJySAxwAcHH8Qxj+7z1LE5naN0xgjGAMdTwByBjPJI45x074EmxgNzKDztyW46gZ3dx055OcYB6HleDbaurdFZNXu1q32u27fC9Hd+6ae0TUVfRaSWt9OW22999V33VmUHQkcgDp1YYJXkEYwM9OuSfY8VxHxHX/ihfE6dn02VVBH3gxG7B+hY8c4IIHevRdik9BkZI5Y5PHBx/d/PGBjmuJ+JKAeB/ErAdLBjzg5PBznHY8dupOcjjzczoOjl+Yz5rpYLEu+ySdF3229V0btZnbllRf2hgeZtf7XQW9tPbQbbdrW17vvtqfm3Bq2oQ3f9i6dCsrpZXscIBIw0salnbOCdvOGJI5AOCeem8C+B49P1R9SuLqWa9GiRyyLyRG1x5pdC2SGCdFx0xgDFdfoXh+0juNM1GWJS+ow3CGUqAyRrHhRx85LYBHXOANuMiuz0C0NvdXpKx/Z00YFGOCGw0ir3J34KkrkEA4x3H80UKMnKNSpL4qjioXUVGDjBp22S9262363P6DxWaxhCpRoJKM6aVZqKcpy5oKV2ntvtpro+j/PkxZ8XXYG7Bv7wEknoJGBJGOeOuRzzzjpvalYIz2CSF3Ls+0hi2WJGAvQAH1z1zyABVRog3im8lUKoOoXvDZOcSnJHO33yQcZPfFaGqTx2txp7OyuVYsAXwNuSfut0HU57d+oFaJpxdnpt1Wuifz0W2j2839C/elRStzeyi11+xF3ja737dnZ7lhvD6q5dg4WVQgQEEIQuWbIPPByfmznI6jjAs9Bje0LIzoyXE7bRySEZsJvJ6ZPLcZHUE1v/ANq+ZckmbMYOSqNnarKucEYOGI55+uOlQWTW5smYzjDSXGPmZSvzNgHHJz7g8nI6FTfJsne75bPmSbdlfq91+D7NmLdWCd7rW603btrs29U9btpX3drctqemx/bdPURmNZRMSS2QMRjIKjB+ZgQTkfl1zotJt4bmY5kJjmt2XnABZgOctk849+xHBNbuoeU09lJ54Ai8xXYtnIYMcBgOOeuf73AB6ZNpdW8t3KvnozSRzEAuSQ0ZG0hTyTxk4JJJ6DOK6sO7ThooLmum5Ju143Ulduz6a6de6dR1HC95cqp31TW7WySV97pX6ddGP/aKAHwq8K5J2pf3SNkdcxnqDnk9RnIznHQY8H0kRPo2j7gGAsjjK5wWJAPqGyRzzjHReM/Rn7RMDv8ACbwoAilmuJHJbAziDbk5A647HsSQB08G8P6bdyaRpCiFMLaIWO7BwXU5YZ9Bn8eOBivoMPUiqtdct24xts73jHrfy2eu26szHDyUsFSm0tK1bVrl1cklfXV7LRab+mt4rMtv8LtQhikYQS3MaSAcEjapGDu+9njn7uPbFfn34nhs01WT9yXnWKJsyndnAJAAJ2hcdSM5PB5Bz+hPxDtL7/hVzrDAoX+0YneRG24XzAoyR2JIHP8ALg/A3jjSNQXUplZo45fLSRXQ7nAODgnqSM8DnAHpzXLmsoqVJSW1KD+1o21pFWsrO7V99T3cglGUastn7ae2l1GMX5taKL9dbaoksntk0yEzeQhkcu42pGVHcktgkYA9crwD1NZ1ldeGr3xXpMcNxavcNqenQhEAZi7XEeCGxnOMZHfP8O3FY+leFY9Z1K1gvru7dEhdmVXZEJVD1G7Bzjnjk43DvUug+D7fT/Huhi3UkDXdKCkDKkfbIgFZ+QWXkbhwc89Bnx8N7P2lSEbuSgmrpXd7K976vutXomz28Qo+zb9o+a23S/K+vxd9Ldraan3P+1yqafpGjSvGX8vTbG1MeSAYxbAlGx/DkDK5GeDk9/gfwztv49UlttGSWWCxeRQQGXaAcnBA5+Yk9SSBjkmv0I/bQhZ9G8NfKB5y4wFHJhhWMZ5Gc8442jBxk9PiL4dwmzlu1YMYxayPciMAs0JOSBgcAgeh7g9xX0CUV7BynyxUYRbld8j0Wuidtb3dl9x87gk1g5yV5PnlJRvZuSkmknunJ6K1l954ZcW0k0b/AGjQSkiyOyMFIDk7xuxnBHRcDBGOh5r0DUprmLwd4VjjsdxEt0htm/dmPYwJ5B3AEAnjoAdx446bxff+Hbq7Mlp9rtLeMw7kC8CbHLKccKXGXH3c4PUVoXdtaXPg7SLyNiWXULqNZGHAj2knHOeeB1AAyc+u2OlQockIzhWXMr8rTTsou+jVkk3to7J33Z2U6lSuqblRnSt9mUmtbJ66362V/I+Y9Tne41IuNIjEpjw4BG0E55IG4buARkk7jnIPB6C0kmX4fawxtwg/teBWiJOZMsfl6H5QBxk5Ax16DsrLS7SeR3xF5hdwcR87EyVOemS3BwPXHpW9cafbw+D9RJhjeMavZtIDt2n7wO4nkBscjGeh25xjyZ4+M5RhGmre0T00fuuKttfW192r3s2737Y0+VRu09YW67uKV/mm9NE2fNayq92AumoS6qrFgdqksATuYEAq2OFP1PUj3HxWto3hO5sbq3zI2jafFAYXJ2tKeAcc5B7MAN3PXNd5oi6DqSC3bRbNYobeR5JI4VbLLjawbauDhck5OCAME811PiXwZpb+Fbi4jhYvJY6c4YgNhhKcAD0wVxjpg5yTXuZZi4VqNe9NRcEkuZ9OWLd0mt1re1+zvovMxlWMK1COvxSu7u1vd1b6330vs1Y+cPgD4bltfG+vaZHearol/HYbrf7HiNrtGRTIX6nKghgQAW4IxgE/Xkvg/W1CO/iLxCY1DZZpG+ZtjllwS2Bxzg54xkA4rwW/S78DfELRfEUCPJAraZHeso2lbWYKkiSY+8AAAM5APy4A+79+X3ky6J/aEKo9vJai6iZVByJIsqegPG7IOMkDBNfqvA9aNXLcRQ5uWthpyk0nJOUKii4uykk7WabWzSv0b+G4tc6ePw+Ji06eJhGC5lF8soSipL4dbxaa3Wr87fmR8C/B+p6zrvxZnsdQ8QRNb+Lp4pjYzMkkxUgb5sbsnJ4Yrjtnjn2rU/h74o3K51TxfsUFiftcqDqOTg9cY6YPBOTwB337GGnJJe/HJ2AJ/wCE2lPIzw2xhg89sYOOmQM5wfqzW7DEExRAFUYVcAZCkDJzgdz2HTJGVzX1eVYVSwNKrKU7zlUk1e2qqPV2trpd92vJt/PZpj3HMatJRvyxpW0jr+6pWvo/LR7W3tY/IzSNIv7v9pfX7K61DXf3XhC3D3KTEXbbSPlY8E4J4AJ2kYHGQfqCPwVOzRgaz4skOzlXlkBwehwOg5UjgjjOecjivDdo7/tfeJIyiqP+EZAJIGPkXdkg9McD/Jr7shs1Rg2xGJjAXCAdRyC2Mc9PmyT34Ax1ZNQdRYmTk2o4qrFJp62aTd76ttWbb6mGe4tUKmEjGCd8FRk1yxVm43XSXbTZ7X0R+U37QnhK4j+IXwOtvtOu3gufEaxhLy4dZAGdVAjYAmNm3cEdQCwOWr6Tvfh1rlrczD+x9RYKSN02qXDq67upUqBu+6Oeue2Rip+0nCrfGD9niF0VVk8Vw8BVAwsyZ+6MZGTj5cYwAa+7PEdlbxxXB2LvEuV3pluOSQSOD8pzkj5s8ZNdmCwqnj80vLSnOha6TfLKjGXVb6W18vO8YzMJxy7KlypylTrybaSslVWmlrfdptrdn5d/tAeEYNM+GUl3caW8N2NZ02MSNfTShV+0RMfkO4Fz2bg554yce1eHvhqkui6Pdx+FreSO60nT5jM99KZGLwoSWUkEcnOOAOeKx/2t4zD8K7mRSMf8JBppBA28G5iXIHHbcB+WRzX094RGzwd4ZbceNB0pySeuLeMHseSDznHA+XoTXVhcPTlmuJhKN4xw1CV1ZNuU2k2rWezu7P8Az5MbiJrKMFNO0p4qvF7x3jRaskr67rRedunzd4l+HVjBofimW68IKIo/D2qujx3su0MtnLtJUsAwRucZwSB7itr9hb9meD4o/D3w7b6V4W07V9Uki1C4uZ7vUHgihhW6IVVtlYgKOhKgknggDBr1D4ozMngrxGUmEbNoGrqxIwpDWblV5yc98jrzjoM4v/BP7xVfaB4A8H+JtC11dH1PR5tVhMZkDx3++4dDHLC52tGy5HIKjJyfXyc9pRp1v9npKdWGHqTpRbSjKXNFr4VdLV9L2W73XTl2JrvAVGqijL29ON3rvDS+922k3vdbM+k/ih+xrefC/wAG6p4p134W6Lf6PZ2lwbu6si12LTMUgSWVJJEKojsv3RliASNpy34YfAXwToHiOH4kXFxptrav/wAJ1qENs7WxxZ24uJBHFGA2FPCrhhnaeuCM/wBQvxF/aAXx58ItZ8L61pd4uqarFNbXN1DfKLJo0XLSeUDx5irwCpGScZwa/m3+EkMsN98ZrTS7Wd10/wAe3bQiJ8J/rnIzg4Oe3qDuwdoNfL5PXzDFTgsfg5YblqSjT3XtI8sZSkm3fSzS2tdWdmezg69WphMZ7VR9rH2VpRUrSi5OK0vZSejbj320Oh0n4f6boGt6zO+l6XexRWkiuXRlCgggMqFsZIA6/MCByCCT8ka5omh698VzpjwNBbCKEFFYoY8Rv/qwB0JBC9uuSOCPvWLStZF1Neaha3KR6hboXJbcsa5AweQOmNw5BBOFOcj4t1618z4z6vaQTQ2UkToqTyN5YUKjD77AgDPOAB9Bnj2869jSo4eUVycjnzXbvFOMHdO3uxtbe9tbM0yf2jqYpP3pezdlJK6lJxUVd/CtviTWm+9+y/4VB4UIt1m85oyXMayyGRARnBICrjnGecDoSK4L4qaNo2ma34Tt1vNsdvo88KCIbNhbbhDj+FeN3OATjHBz7/d+HNc/sW2kg8T2GWjd5cMHeFGxtGGGUJ7KcjhjuIwD4F8ZtFm0/UfBEtzJBMW0+4E04IzMSVwxAOBnI4AI2+mRjx8NiKeIlQlSqKonKbTvzX92KdnZJJ67XtpbdX9B063s6sJuylFaaaL3dXrpZW6au7OQB0q10+BZrtomE4RZVmfCLuHOAQVC/NnGTzy2Biur1TSdNXwvq7WVxJOssMEyXIbLOXOXAY/NgnBOCM46dK8J1rRpZbqJFvp1aQM4jjLMpDjhVVcDPTggf0r0RLSW38ATxvfzS3EkahWLPiFYW5A6Dow2jALfmT9Vh6yVKceRRcaajzPWTUbX0d3qpXv0fS23hVcOoVIJyUv3idnbW1m9tNE0tVra97HH2IefU9OtZLWZYZFSMvNvVJVT5TuB7AE57sCMe3uXgrSbSO88dQxwxFIfBerpEyxqAjSxc7G6kYPqPbHJr53vr6SKwhRtbHnRxFE8sossPGMszMp7enPXHSum+HviG9M/iyI6peXCx+C9VKMCGMirGpG9lJ6A8E4OAOcAZ4cVFPDycXq+R7bLmhb79f8AE+mmnbg3NYpNpJRUUtl7vIk4vW2mmnp0dji/Bfg20vbiW6uFSOa2YmDdESTmRsMeSPlbIznrj6V9E+GtB0611fQnD7p21CHc3lkMS3qCzdOFA+6e2RXyl4W8YzxzRldVaHzHaIiWMkMyyH5SxJ6AcY55IbOdo+hvB+v3V14j0CM63aTMdXti1ssQ+UF8D5gud2SWKkHrzyWraU5Ro3lJyTTS632Sulp5tdbX0sZ1IyqVopNJJ6tvV691d7Paz1S3bdvLfGWmac3xP8VwLGv+h6hJLl4y3mO4QncQeQeclQc5yAKxNYuLTT73Th9ktZFnv7VlGwhkIdDxxwAfTGVz6c6PxCv7sfF/xPbW4UyT6qwmVW2howkRXgZPBz7c8da5LxcNag1LTp40JtkvINshTKlw68DBBIIPcfxDoOT6+Gm/q0eidOLts4+5FLq9lok39zseJjIJYpRtqqmkrq32e9m9L7aXslrY6r9qCwsdU+L/AIKtb10hivfDWjJI4jDokZRQTt6EjsSBgntwRh+LPg1oNnp8N9pF3aMJZQnlNGq8EfPJkspJbGSADzyDXQ/tC3Jf4ueAJ57T7UU8I6IxjQAFmwpYLgEAtkrkAgdMfeNdFqN/M6M6eBtbvlulSG1YDzUSRlCl4V3fex8qkAEYwBkCvMljJYelRUZSUJRtJOy5mmnq7rm006W0R72GwUsV7VKWsXHlkr3taPNte91a3S7vvt6d8QYbax+FXwms7pBPHa6fcxW4ZCsYjHBdDyPkbDAD7uOhzivnbULuzjtIS0Mext8UMioH8wkcZDDGd2cMeODnHOPqv4h6fe3fwr+G0uo6Ff2c1tb3UcdlOu2aGP5wXkAB5J5Izhl+bGenzT4j0yFNFtHS3SEwuW2MCXLAkkliDwccdMZ4A61rlWKhKlUV43c6kmu6c4312avpt/Lur35MdhH7W75pWgrvbWChFbfd9y6s0vA6PJ4H+MEwtogG8NBHxEgJ3Mdrtg8njgnH1OMV498MvDr3ekwMJzCJnMVuqW6sdxVhz8o7jcR3PzV7r4DQ/wDCD/FoR7QsmgW6OQQVJd1GNoHU53dcA4BJNcX8PvAfiPxDo9zH4c1VbQ6ekM43O0bNO65EUYAwuTwp7gkkZPGlWvSpwxDlUVK7jDne0bxjpbVu9ra9Ve122aYbCzqV6UaUPaKEG+VWV9I6apXv3fa97av3v4YeCL6e5W+1vWFuZ9IOoLp+m/YY4ZRby6dLG03mcFRHu3IAeSAODXx5qGo+J/Dz3NtoQ1a1s31XVVZopXWO5DXL7nYgMCrjBIyBgjnB5908Pp8VtE17SLPUdUnVbnVWsbgOimXa0bBkdg/MUqklSBz1ypOBz9/8StH0Ga70/X9EmgW11XVLNJEhSVbjZcsu/wAshgucDoSCcgY528uAw0adadVVI141FCStZ8qUtF62s3Zt2XoaYyvKzpSjPDuCdoq7atKO7s7aJXd7W22seRRwNeywC6sZFurl7cyyHLNIplUNvcnIBwRn1zk8Gva/2lfBS3XiLwFDZo6snhHSDH5LEuX2RAKF75ByXz6kZOM8anj7wpc30SIFt5b2W2jiWa3MICtLGoXd1DlcEnsc88CvXv2gda0+x8c+Dgt3GBb+E9KK7pAuJFiRlTH3SG4AUZJyoyG4r12pvFUFCP2Z9GrSailqm733avdat6HkxssHiJVJRveDu3a6bvu090+i66t2Zi6V8L/Ej6TKx1vT7JVtI5p2v3R7iKLaA0aeaVLSAHJGSQcgYGBXm/xYimt9A8EaWtwbiOC9urXzkiRUIMy5lQKNvzDOCT64brjz3x1rXjDxJdXmp3d3qawgNbWsGnzSrDHEqlUZ4oyA7NtByw5OeFINdr4n3x+Afhgs7XL3ZWVpnny0vmLKqjcSMluQCTg9FrroYB06yq1qim3Jv2cd0nFWts273euzSaVtDysVj1Ol7OjThGKUVKpbWWiu97tJuzSv3OW8YQfYrfSVSedzHKQSzEYCqThiSpJB/hBzjuBxXtfwGvhJ4G+MjSu6J/wjlzJHGQzF2aIocMQOnqMHPykA15X42t72LQLCdoszLcksxjAwGHGSdoIXOScE5wOeM958HLyeHwN8W/NxEv8AwiE20iNQrN5YB6AH7wBJ5J5FexJp0GkrRTi1tupRSvdJ7aaPdaaaPyqNvaxTSTkr6Xau+Xb8L66PbuU/2RtK8EapaSHxxa6h/Y5lvI2GmmQXk7tOAwQoGZtpZeFBLZI65r9C7T4e/BnTtO1660C9+IXh2AeWsPnWt0JTI/3WiOzcS3G1mA4OcZGa/Mv4F6nr2i/C3WdX8P3CQeIdO1V30l3gjlEUyuzsxV+GU7QMHIORwKhv/wBqP9pfVru5N7rupMjusFw8enQx20ccGELIoGxtqglTjIC8ZxXg47KsTmWIjUoYh0lDSUbtJqyd3ZPrq92907HtYHG0cJh5Uq1LnnKV4Tba5Vo2tHdNXTa103s7I/pL/wCCfNlZ2/7Pn7TGj/a9R1ATWGuNDLqOTfNDJZStC0oYE5YDkMN3Y5IyPxB8LW0J8P26PCqpHqOqBWKAHC6jdABgOmQCMHjIzxwK/X//AIJP+Lb3xR8FPjvdatd/b9SuNNv4LiaRQjSsNNuTu2fKASWIYA4GAcEEA/kt4fJOjSs8eNuva5GxUc4XVbvPGB2YcKcYBx149nw2ozw+c55h5ST9mqTdk7SvFe97zV7rXZdOjTPlePJuvgcvrRfLGU5afKLe2llq1b8dCfxpodnN4A8L3u2XzT42tYVIPK73AIU4HHPTPQ855Jt3HhiCOF8zPueQqyTRq+ULEbsbCSCeORj0IGa1/Fxij+GHhiUb/wB38QdOBYttA3OcjjHXBHoRnJYjjtFggn3yTtkchMZIGAGyQR1IBOBnuRkc1+y5dL3sbGSil7fRuOj0jorPTR7bNJr0/Is0lXpxwrhUkpeyla0mla695fPR9OltT4/8ZeB/Dj/Enwzp2oaNaT2t7pM7zLFAkLSucBXdkGd3PynAw2eo5r0++/Zc8IXtoLjTI9T0ctFGxeC5kuI0ZgCcJuUKQ3Yt1yMqQRVfxtp08/xR8LtA2JBos5jLHcRgA5KkZycgZOehyMEE+1WXj/UdKnt9Ju9KkkiuIoU+2QsXwVwpdogCCMjkFTxjABBJ5ZwwzqYj2tKN1NKPRpOMNmrb9rX21uaTxmNpUsM6dSSiqKlNuV1eU9IyTum7aNu7sttz4vf4Y+I9H8Z6r4d0L4gajay2CwsiuCI5A+Mb42JXA6EE8k44BIPzt+1x4V8faP4f8Kp4n1XTtat5bme40+S1jFvcIVG2UTuD8yhfmzk4Jzgc191eKZYYfjLrrfPL9otrNlYRlGjbaj525DHGSGPHc5avnf8AboZY/Bfw9lOWeSW+U5JziRSi5HGOTwPTuK8nHxorKq9aDqJKrGMU5z5L3hZOCfLZJtqy007HuZJjK1TN8LRqRpL2lBzk/ZQc040001NRUlqu+zelm2fmZaX2pK9m8+mOSjRSoY5S29Y3VoTggYLMAOOxzx3+x7vQdZ8TeNvAupa+9zZ3WpwaAkcU6Za1tllhjiVXJKyAqNykHIBHQAV81afbqNU0mJhkM2mxkEf89J0JyM5AGScZ6Ke3T9MfHmj29t4n+EexQrSWOks+30ieFwACSQOAcAEnIJGOK+IxFVtc3k2nbso3+Tad9NWtNbn6RTgkuVtu7jJpt3Xw2l1W+ttLdr3P06/ax0lrP9nL4KKJyJ7HxPZWitIvySJ/ZiIOuPvAHGODjjn5q/PPUNCvNW0XTLUyL9ptNY1C8iu7VtlxHJCrsqKVI3qdoyjAgjcuMHn9NP2zFhk/Z1+D4WNh/wAVPpDkqQGONNiLY69VyOT0APJOa/OeI29rDpskTgfaNT1ZBEzhWX9zJ1B+8zEjjsOVPryYFuWDcVZN1G21tZO7dne6to/TYrFNrEc122oRjpskmk7q9mtLO+6eyRxGieJri38F6tp/iW2LJdauZ4dSgAV4xDMEP2iMAjJYfMxydvcnr7yksF9qthPo8322xHg3aLiBjMqP5BLqx4CFWBDBh97qAMV892No2o6NqbyBcW8skYUjCODd/wAQYckg55AyOOAeOj0fUtb8NeNfsekSxWmnXmhF57IgyQSIbdvNWLIIjaQ/MdpILHnFXWpKpGKjf+VLXa8b2WvK7b3feyuPD1ZKUefRWSbSutl3Wmq636vc9du73d8PNHtfk+a7UsT2dbxRt4yDzkbeBwBn1z5Ugl1LQS5UMvi23AZRkgIg/vduAB07HHSsvRNY0/xT4RjstLxbXemXZkv4LxsSgi8UsId5HmLwWGOR8ox63pJI4NStY5h5S2/iOCcE5UESRNtYL1AP3s9sAZJwa8z2UoXjNtWd3dacycXHom0ktXfZN9EetC0lF3jJPl3a921ml02jo27fO+voupRwSeI/iyryqEvPDtkkcxRSykQ+Z+76FGLIMMoz97POa8H1Fr1tT8H218n7q406JbKQZBkMcgPIxjhRlmY9BjtXrF5d/aNU+IOGUBdAtRhnYljCmCTx3JGTjJGAQKq67plnNf8AwZdUQ+dZOJsEYJBBOcjHLdflGeOuOMKVSVKp713Hlve9/sRaVmtUklbyfkk+mpRp1IJQ1blfR6Xk47ar3UnpZrbocfqdhbX6+OVZVeaOwPlykYGI0UMBwDkEjPuOOAK8hfwvf6VZ+ENYSZoLUXUYlijIW2vSkgMcU6g7QMAqp7dN3Ix9Iarocp0/xDeWyqqyTalYFyNu9my65yCMKFwMk/MenWvL5/8ASPCGgW91vC295IojKkIsqzqiEDd164yAPmGMnkdmGxCas7KLk463tKNk9XtdWsn3+Zx4jDuDUot6xfL2vzJLu+u+3oiWy1zSNXtvH7xFrDU4bvTJotOuWIlYL8rvADjzYu+TkgEe9dZeLJHHciTaGPha144B+bYcYGeB1x0HGOCAfJtZ0PybvxrLa/urq3j06aG6VsSxodrkPgjMbA8rzkDsBiuwsvEs1zJNZa+8NvqEuj6bY2Eq4EV8h2ru3DG12wc5xkcHvh1o6Oz0Sb5VvrazvppZfcmtVZk05Wu5X5uVpq2ifNo9b6N3ule97NWszfuY2ks1hGz5/EeiKc9AdpwAcdccgAgYz2II6L/hl/xh+0x4mTTPB9/ZWl74UhvJLk3kUk0U0YVSqDajFXfJUHnBXDYzkRzWrhVjSLLP4p0tUOwFCY4iWVSDgkcZx7EZ5rpfAnxsi+D/AMYdBv8AVPiN4g+GXhfVbC4Gq6noVmt7NdXCy7Xga2YjfHMFCs5Py5GM4Gfi+KKmc0snx1TIbf2nSpSqYa8HU5p3g3GNNLmleKacVd8zWnR/QZd9Vq1LYyK+rt8s3KTUVrGzu7J62d9Leeqen4M/ZB+KH7OmseJb74giwbTtbt9Is9Iks5SXaSa5yN6EAsQeqkY4wxGa5b9snRn8TeLvD+kqnmXE/h+0s7eJP3cs12IYkigRxu+aRsAAMmc4zngfbPxM+Pnwh+KllqU3w0+KWpfElpJvC11cWms25hu9GkS7KXToCcpFIUB2Dnd028E/F37V2tjTPiZ4JkJVGGoafJBN5ixFSVtmGWPCxxk5OcgZyeua+U4YzTiSvl0cVnNJ084jRrOrT9lOlZ04pwvTkuaLaS0cVrr5n0lehllPCSp4aUXhJtK17q6lFSV07W1873ule7Oq+BP/AATh+Ml5etLrPh7XPDOu+IdFthpGm6nEEt57e+RVSV5gzKitEVcHKs+QSAea7tf+CRvxQuda1qxtdH15jbSx3WrX8JSWxt1T/XsjbyWwQSnGSoGBg1+1Nz4+tLDw38JDefFPQYrxofD99qI/tq1mkFjNZW6LGlykjtGYQMPGwUKA3cbh9K3nxD+HPh7StbufCPxm8PRDV7S6+13Ooa5aSIs0lr86IJJssUc8BgFHUNxgfzdxJ4weKOGzF08uwVWrzYiVOryYLEz9lTjUUY/ArX5ddFtotTbD4bKIUIRlQoNcrUHJ3tJOF3Lezad1ZWaXlp/OPrP/AATJ8TQ+HLTUVsNR8S+EtF3wyXhJgmTUnlZEiADFgBPujOAFIBB74+mfht+wVqf7NvgjWfi+fDepaUx8PS2uuvqdwNkMl2plthFFnG2SNlIJBJDZBODj9Dfh/wCKfCXxF+HWo+GvD3xf0Uarp+uS33iCWfVrWO1lWO6ZxFbJLIiEsQW+UkMW9MivRf2hPF/h6H9k/wAd6FB490DxhLfW9kIoItUtLnWnjiUROPs0E0kirAy7Rxt8sZPGa8teJ3ibj+IshyvE4fELB4jOsPRxkY4PFRTwk5U+Z1JzjpCXNKWtnptbbWc8uowcaFDDOo5KHMkm0pShFSjLV2s3ts122/JP4U/sneEP2mND13xrqfgHUvHus6ZrP9mMmmMzCwtmtjtlmBwp2khlIz90AqDXJa5/wTj0KLxdH8P7f4X+JJtQ+yNqFtoQAV5re7k2m4z8oiEIbAIbkjucGvvz/gnF+0B8IPgd4d+JHhn4l/EbQfAV7q2o2d3pWmandi2vtQintUQTw5Q8KxAbJUcdmHOz+0b+1v8ABHQPjd4b8c+Hf2g9MFuvhia3nv7B1umgvoXJs7G4VeDGZQGILfNgnByMfV5jxV4lYLjvPssy7AZtXyulSdXAVqVLGVMPzRpU5QhT9nGUEm7puKvfRu+pwRxOClUqUa9DCRcYt+2qRSc5LlahJu+jT03T0V9NPy+f/gl9HBBrEt38MvE1v4e8NG5unvzMBH59rGZpbRyzghkClWULgjIJLEA+kaP/AMEwNG8ffCbRfG+n3N7pUKrd3lnokVjDeMFgmZWjlLOp2yEAuSu0ANkg4Nfe3hb9rj4FeP8A4e+NtI8VftR6HYeINcsr6+/seFDbxLeS20iQbXC5zcuw85QMFHI6ZNeU/CX9tb9nzwJ8N7Hwv49+MIstctRqum/ZLWKRLOa3a7f7NLBImQ5njKudwBC4OSTiqhxL4v4nBVary/NqWKp4+EIUo4TFSk6MqdTmlarBtxUlqrWs15Fe2yT34Sp4SOsbyXs+WcVvHmWl79L30utT4vT9ly1+BGmX+oprF5dDXtEns3065s4rZLOdJPM2whGYlFCnDdQSRnBxXn3hVfF2nePbu98H+FdH8X6hc+F1iktdZjV44yoG1oQyNiQdmAznvyTX138U/jr8Ifi7p9rp3w58bab4q1XT7S+86wt932uC1IfZNMzqGkZcjOeOjZ5wPjS38R6t4f8AiDpkGk6ymjyXGgRBrie5S1jYrOieUGchSScDk7QCcgHr+xZFiOIsw8PMd/bFDEU8656sqtPE050avuyTjeKUZJW6prpdvQjESwb9jKlKCwyjyR9m4uKs423TvZr5a6PS3vfgTVddm8L6vaaz8EvCkl2pvpNWea2jaGK8LMHQ7kyzqASAOyg8nNeK3elMvjfwLqL/AAJ8HSR/Z9Tt7eyitYAdR3o+2ZlZSDs4YbguMA7QMhfXPBXiy01bSvGNjN44s18R6fe3+oXsTTxeT5CRSYSNtyxyF3JIO7BzkLkDPzX4l+NeqaTe+B9Ze6iu7Owv7y2e6i2CaJgWQskasSY0yT0AKjA55Hw+BwnEbr8tClVg50/d5amMSTcG7XlNWvK19N+mtzmnVwEISlzQ5U0nJKLV07S123VnZJbabWk1K/0+bwc+k6l8FPCtq0vim9t01GNIYCskDu/2IkAEqpTBzt5IAwMV+cf7X3hW10zxxoN1YaHbaANb8Ow3UljYZFtBNtKsVEQH3sKGc7fmIO7AAr3Hxp8SLnWNNvYdP8VC4iuPF1/fwYVoo4ZWd2YMRyjM2QQcg/MDnivYvgv+zH42/bfTxUvhTVbVfE/wr8IveTjUWRxqqHBS2shlneTaNqhV+YnllbGP0jJsTmHDc6eZZzia1PAU4OGIc5Vpwi58kabbm5bP3eZW79Xb5/HLDY6E6GHhBTfLytuGsYuKavFXTa176q2zR+OWtaLfWNkG8mOV5FiKhjl9rhjtGSOowCCAOpJHf6F/Zauk0/4gTy3VpmT/AIR6+hMZhaRYPLUAyKArlnw3A2gZ7npWD8Y/AWr+BvFOp+E9TstQttc0G9FhqME8bR+TeW5ZWBQk7FLjgMM8jjnNf0HfsFf8E8PFet/Aj4YfGLRtK8K33irxzq9xAi6wiFzp7g7opcqytDIhywA+UjPoT93xD4h5Hwxl2X5pjKlOWGxdWnGjacVGako1Iyvrolrr021Z4uEySpi516bmqXJTceebvC91Zc3R3ejtdR7I/FbxLpvhDxEyWMumLJcf2ne772SF7ZmwWZVZ8LuKt/CPu5AYKRxxmj/DbS5L0xLLe2zPa3c++0vHUbY8eXyDyFAxjg9B1Wv6ONE/YT8cv8T/AB5oPiX4O6L4k0vQWv4Uh0kxKthd6jGxhvlf5CYiwLKAMYAycE5+ffC/7HGmaT42k0X4gfCvxVpljcWuvQaTNY20wjlkVv8AR3EkIcyQRFiWYkFl4xnitMF4/cISinUppwVOlUTpVqblKM4pxUYupGTlbVq19L7niYzgDMXUlOhiaU0oqbleUbL3dLttW1etrWad7H4gr4b1u2QT6X4j1CPbKIIY52Mse5mwRk5XcMcjJyOSeM1Ibfx7awXMCXdlewQS738xFX94wGS3TnvnjBPXjn9DP2lPgh4W+Fvi6x8KeErqY27afHqdyl1FJiC8dnZrdWlVSSMYbg4IJx0r5ak022Sw1xdqFyxfcuPlGVAPy8kAjLYx0IXrx++cNZtgOJcpwmcZVOr9XxMFODm2ppK104u+qktfRLufmuaUMRlmMngsVGnKcG1J8qlFpKLTutfefZ9OzPKbbXvFcUtn9s0NZ4rZTHEYHO5xIMFvo2eD144754nxvqUt74dtoTaT2kkevFpPNXgEsCVjOACd3Ugcg8c8j6EOmYl0eVZWIkKAhVyAFQAAj+6QOuDnnByteIfEqM/2GFQtuHiJ0OenDAHkZ4yM8dhyDnI9jMFiI4WUZ1FODUbKSV18K+JO99E15fhhgvYTrxcKShJPTluk/hSt0t5qz7d3+j/wFZT8OriAZEj6PayI3IyVYjPP4nOME469a9I8TyR3BSBnH2uKwtlUZPzgIM5xgHqQSDxk9eo4r9n2GNvAKRLGpZvDMMjyM2AGifcRgnJIBGRz2xnoZPH8l3ZavbXTI6RyWduI2UAKflBGMHBA6ZyfQDnj82ryi8fUha70avbRJRi3va9+6XW+isfpGDTWDp3eilFS81aFtFpq9mrJXVjg7O2eG6u44lDLKsrSxn7o+cgYHIA49lzn+7z/AHZ/sV28dv8Asj/BYFPKCeDICMqCoJjUh1AyflJ74IbOAOo/hZ8LN/aWteUwGZ4bhScn5XTLjI45wAM5A7Hggj+gf9n/AP4LHfD/AODHwv8AAXwr8YfDPxPdnwnoradNq2mnz4bxYmMYdEYqFX5Q2BkBTxzgn5viVRpvD+0Tlfngmoppc3Jro7pWT6dEtb6epHDV8XhPZ4Zc3sq0ajjzJPlSaum2rpydrK+ut7an6W/HDwRqOlan4K8Tt42guL2HxbZXV+L6BUS30Fr9StnDKfvfOfmBIwOgwTn9LLSaK4s7G4iYNDPZ28sTrnaUeJGSRO5RlIKkcle54r+Xv9ov/grr8F/jB4St9C8L/DvxlZ3Vpqtvcm5kf7J5lpBKsxhaWMu6lnBCjPck5AzXf/CL/gu54T8MeG7Lw18Rvhl4k1C+sHWz0/UNNl3j+yID5dqs6vgmeKFUVzyXIJPrXxmWweGr4rni40HGMlV05G46NWfvX10sld20srnZj8uxmMwOC5Y82JpTqQlRk4KThLkUZJ3SdrWs3dpXP6SCvBwCCDn5echh1/iO7nHfvkA9GlACxzjGcHg9+TuPXockjAPbpX4R6x/wXl+BumMhg+GHja4tja/aZLloTEIk2/NvwxCgE4DFvoOMnnj/AMHAHwM2K6/DLxU0bxrKC0gGQcABmyc9zjuckZAFelHMMI20qjbb5dIzSTTj15dW9rLqr9NfGqZFm9K0Z4XkbtJJ1Kadrp2Xv31T/wCD2/ft4gM5fj5SQeB6DPJxjpgd+OCKjCYLNhlHAyMYPBx0Pr65wQK/AUf8HAfwLcxLH8L/ABMzTb1jBuFTJQElTyMAbTnnkZwDgVSu/wDg4D+EEMRaP4S6+QRuCvehWIyM844HIJOMDJ9c1r9cwqd3N6205J6Oy6pfn+SM1lWZxai6C1iv+XlO7SSeqU9tL9ddtrH9AxjAAIOSBn8eg91Iz3+nqTCUBBP8WMtnHUDn6EAAnnJGMn1/nhn/AODgnwLK14mk/BXVLia0gSUo2oSMX3DdtARCzE4LZUEke3TlNS/4OBYrVbZ7f4FbxcRPMyyanMvlIASC5MR6AbXX7wIyR1xP1vDN2VTVK+qtpZPS7V99l23KjleO0l7FR1SV5Q0em9rpO6Vm9/K11/SIyjg7uvXkc9M/059ep6moyOW+YfMcbeD04GcEcc5BGPpnkfzYzf8ABwBfrZ2N1F8EdLYXkUsigavcsIwpAQORbkF+gwONzEE54rEk/wCC+/jKf7ZDY/BHRFu4LdLlYW1C6f5WJZQ7fZQqkrjjoeCPWs5YzBpOTqO6aTtF6ar1itLfEuu3U6I5Tj07OnBSsnbmirq8WrNLXVebv01kf007VzgsDzkk8k+nvnpjHfvjJpMBSSCM5G45A46c5HQ5G7ccHaK/lmvf+C+fxkF79ntvgzoKL9jFyYmmu3mDjOVjQ2m5wPvZVSAMEAgcp4g/4Ls/HkaRLe6Z8I9FVY9PFxLOLa/ka3lbaUVh9lwWyTjJAOCCc9cnjsNooylLmeiUU1LWK35kvnpa1nqkiv7Jxq96XsYJpc3NNJKKUbXStqt/d63Wzsf1K5UvkBjg9l6ucjKgkA4J4z05GaGVVK7gVAHQ7lIAUY9+gzgcjoT3r+QZv+C5P7XGpwMLbwZpEccluBP5ejTpcRPefLZpApg+0mXGdjxxkMR82cU63/4LfftbaJaQ6Xc+C9KN9c3vl20et2F3DqdzFChkcKtzboCHz8hVgSBwOlV9YVvei0mtI3ptuyT0jz6q123oktX1apZdUTX+1UHJ8qS5pr3Va6vy203eibe1kj+vpY1OAFYKQBuIOATjI49xwTwepx0pQDk4jZgT1Cnp0PQZACjGecdSBgmv47bP/gtP+2NZ/wBp6hZ6Xolwslncanc6fLp810+mRuWWBmQw7reKJlJPsR26Zh/4LLftv+ILHRH07WPBdo2pySvK8dtCj2SLks1yGwyoAASdpYAnHJNONWjZynUpxlo2uaMlG1nG8k7a79rPXoNYGbkoqvRalZJr2m+7f8O3VvVJbv1/slMbAgeXMVHygeWThhz2HTI/XByOKY0Tgb1ilyT1EfJAzxnGCOSdpwAOMHoP4u77/gqv/wAFATFFq9v4z8ODSzqU1sl/E0BsjLEoLxkMyHaoJwDgDPOfvBtl/wAFR/8Ago74huotC07WrK+vL7TZtTtV0+Gz/ewWrlmuY5FlKKiqCzLncy5O3oKHjMFGDn9Zo2TaalKMUpK2jfdJdH9630WXT0viKV9HflnzNXSVly9G1slpvsmv7RRASAohdgDyNhzk56jk5zwOVbgDpyGNbsQwMEmBgn73AwATjGRjPA5znqOtfxFXv/BQ7/gpPd6ho81z4yfQItd1Q2dnLcXFtBYzXUOEKFhIUjIZSWB2deR82azJv+CgH/BQyXWPFWkSfGNZptFgLaslpeBBZo/3XiZRmQc53pn5SCMnpz1cywMKfNUxNOScXf2covRSSbctk7vd/fppUMv5pNRxVJWaT5oy0k+Vu2/S7vo2ummv9seteIfDOgNDFrniLQtEknZI4YdX1iysJp3dsJHDDdzxSSGRiFXavzElQGHNaGUkQOjo8UsYZHXDK64DB0bG0qy8grweSD2r/Ou+Ofxj/aS+Ifj/AEbxB8S/iFrPirXvDllY3lpEus30kAxKt1ZSRKrxK0kZ2FgV+U5UkECv7J/+CX37Yl1+1p+z7p83inTrbRPiN8OIbLwt4q0uO4V3u4rKCOCy1iJThylzDGPNcrjzWYEk4rSpQvh6OLoyVWnVippp6JO1mrdGvR32tpbathVQhzKp7a0oqcnDkjqo8slrdp21bs7pa9v0nGB0APXBGMnB/LjAOc/gM4pBtyT04zjaMkk+ucqeM5zj5jnqKUMWXj5QA3OM7due3GVPPTgdfo0ElsDhuCcnIPX5ec4HBOMZzx6586V909bbJrsr7q7bSvurLXTQwg+a1raWbs+7vrrv0Ttfp6KBkH7xK84B6jkc8Ajpg8fTk8sJHTbg8nPPTjOB2GenGT+WFzn2O7oOQT9ce3/At2eOocChOTg8ZOcbtw643ds8AYPHOfmAoT1cbNWaV1HaNl52Xrpez00Byim01dt2vbW+l9Vpa99LpaOzasRsCQGxyN3cg9AFzz0HQe3Q8U4JkjJIJJG3HQg8nOCQe/4kY7BwK5UMAGAx2P06gjkYJ6455FMDnLdflx1BA4GOMjBySC3qT7YFJytZe71s1q0rLb57JdumpDd076db7dmlZW72aTv0WzsEEOeh3jPOSCx6kE/MGOScn055wQmxieDjnpwem4HqOMDJyODx9aUuzLuXA+ZRk/3ScY6E4x0xyeOKlC8t0OBndyM+31yAF6AYySKpTaad1zLV9d0la+ln/LdXvrZ6ibldu7evbVq0bro9E1+Le+kQwyAtgZPAAJJzuA4wcDpn149OBcnLYAwTyQQemPmBJyc9Dk5HUHvKv8WTgAYwTgHI9T1ydo5wBnBzuppUfMCAF4zkcDAyAWXnAI+8c57gHdVqfRXsrJaau/K+vk9NF95XNJ+6rrbeOqV016u17dH0tYjwDkZOOuBnBbpg4Oe5Gef1pu3aCvJByRzkDJB5GcjG08HH54qXIJAIJIBOeAD6fhxwe+OaXA5AAyG3EdM57Yx9cc4PJ47qWztu79H7vw2SVrJXVno7vW6egnDTRN6dHd9EvK+yenVXsRArztAUgnOOCSB2zj34zn1pmDtIKAYIBLA55Hy9Bnn0zxjj1pxUqRwWBzgDAOCck5znI/u5HHQ4GQjAnPHBByevQ8Dtk/lkE9ey9rKNtErf3U72Ud7pJ37LZad2KzTWlnbVpel73/Dslp2GMz8gDaMYP15I74yueuOccZyMRgnBXOc4bjIAGASTgZz1JABPPsDUzbSBwSD74zySQckjJHA6c/TmJvTjA446AD6bt3oCc7uM8dLjJvfS9u3urq2tX997euhafu2Wjduuz67W3d23dWvfZDlxgklThgvBAPGSQx/E857DpwKUqhweoIblcZOegHQgdDjpxg5zzENo+TBb7vBGCemWGRjJx04IOMg9Q8Y+bDYYZxxzggfKQTjIzhh0/LilfTXSSV93rp1T2fZLR63uJx62T2eu621W9t9PPXo049wHGG6ANlhx0OeDjuOv5+gz5GRwFAVTwufQkEHkDoPxOTSuhwSCFBUDGP4gSCO2CRzzkHPNM8vjqBtGcZ56HrjPYcDn25wTpFNLXW8rWa1S0+FPS1mktbaWZM0ny8uyeuyb2Vknpbftfpew8FfY9DzkcZB4JzxuB7nJPPXNOL5zvxg9BnJOOBnj14AGcEcr1IYBg/eBG7+HnAOe5x04wOQx5609guMEfXg5VV+b078HHynqOvFHOk0k1blVntord79Wk/V8rVwu7KL0ejTVrL4U16u+mnTZXHgjAyAMkE9x16YB4x1A4z34PJnaSMHcM8HqSBjK9cHnnjHrn+JF3ZBAOMZz6jGeBgcHPToOvpTim5WycfLjGRnGecdMdeeeAc/KOKzjKTvzN3VuvdRe/k1Zel+wNt2srLS+ur1T28tVvZ+q1hySpPIJA2seo3cttzgELkgg8kYJ6GhnIwckYUn+IbueD3yvoOo6HuBJ5XI4yBnHPBB4JBPHqMHI6/MARS+UDgH1579OOoJznvxjHTsKh1uVPotEtnf4XJXUmtte3mthXlpd2u1bbb3Vo7O/XbReVrOsWJK5YnrkgcDOec5IIPYjkfjyhOA2Pu5+9jADcH1znA47kdOtTsgBYEbuOCP4QvYdiSc988gYNRgABsgg8YDEkk57g9ABnJBOcHOcc1Gq7Lmi22lbTR7K92nbrbZ/Do42ZcU7332ervdtrrtbVdF52GKM5X+9jDHIAxyfc49Rz1xnOApDDnICnqSR0HAwR2JOD26Yp4PzDO5QSSM9CBjJ7hSepB6n/doba3yA8HqQDgDduxg454IwcgAAjnNYyk3ZNqyab/8AJdH1Xnb1e6KTSs/S+r02307q/Vb2XUhII+8SQ3oMADPU4yAOMge3TrURwCQQTluo4JAyMntn2Ixn2xTiDnBLEZyrDOOOOhPU98Z2kE84oCsxHzHrlQc4C9Ny9M854x1HHOBUxk9t7WdtOvL/AHtbpbppddblXdrx919dG9LJSTVla6snqvUhdTlflJAI6AHkHgDv1zkdvTrTDtz8wxxwo69R82enHv7enNrYzsxDEYIPPU5B+gG4Ywd3PGT6xSK67VA5HDMQM9+wwAffPP0xl823T3kn13s7aXsmnvdWdu4R55Na3bWisknql017+rfW2tZ+uQM4+bGcjgEDJPJz6cY45FRuy8nHOMgZ5GexP1+7x3xj1c2RjhsE7eTjd6g45JyPu+o5NRHdljggAYw3GBjjDY6dDlckg5wcDc73066XS000vv8Af6/NDal0VraLv00ve6t11+S0GPhuT1ZQRnIx0I+7gcDk5O0jv6RHljgfKoGc85BAyBnqOME4JBP41NtBXORuz054weAOQQvU4BU98DdyzDKeB34J+8pPHHIAAJ4Xjv0q+a1le601u2mrLT59L6u+vUE2raPTSz7rl1flbya69SMHGQqgDoMAKoAAGD14ycZzwRnAJNPHcDKkgkg47DBDdOM4I64zyeOF2KDxgrxgjI6EYx7kgZBIAxwRgAqR1YAnJPAXnpjnPB6gkDJ649TdOdpWSevl25Vrv0Vlu7fzPZ1FzJXfRO+3b4rWs1f10fQ8a/aKiM/wH+LkCgZfwPqwHmY27hauMnn7oyOM/dyDxzX87v8AwSvLk/tQ6DdRRvdSeMNGhu9RjJSK2sBDG6RtIRh+qgryckEdFr+ij9oHA+BnxdZfmZfA+rlR1Ib7I5BLFvmwQCeMAAjnPP8AOZ/wTmmt9O8A/tK6prF49lbx/FHToNQ1mIiGC3t106KZYJZGK7mdTsABySMKDmvB4ljUlha0qbtJ0KMItXbvLFQVl7v2lddLW1b3X0/Dyh7KKnrBYttq9kksPfW76NXT31WqR/O/+1lJbTftIfFyHfFJaW/jvWIYjEwCBYp5l3Lt2qSc5JIODjIxzXhem6q+mxFbNSFivUmhOAgLA8kPk/eA4BxzknHGfT/2hbq3u/jZ8S57TZJZ3PjvW5UcFmY2zX03lyMxUkq6bWB75yOOa8vaKDyyixhg00ZRVJCk4+bBxwcEZHXnkgkkf0pkWmV5fTlqlg8NF819H7Kmn8k1636Pc/Ec0g3mGNnFqN8RVa3Wjm7NLurq1977a6cxrGsPd+M4bhliijuNT0lrhRIHd3F3Hljx1Jz0IxjqCRn97/Gt+B4W+HVrGgf7TZaNwT8vNkhAGQOucglecA+x/n0g0uS88ZJEkMski6jp7Ax/MsKfa4iS3Ixx6+p9K/oE1SxivtH+HGWDiHT7JWbnBkhslC8KRyDgdj6AYFfmniRNrMMqaaUacMQraNLSFkumiVn6Wvsz9C8PYyWEzN3lKTlRWy6Nrpyq13tbVq70djsPEcj6f8IL5YD5T3V9b29wRwDGbuMspIBBXGfYZI7EH8t/27bJIrH4dXCbjJc3EyhxjdiPKIEAOcANjIPUc7q/VfxZpnmfCya1bb5g1KxkYvnDGSaORcLyMAEAAdcdq/MT9vW3Ftpfwzt58CeG/vNm08BXBIzhug4wMDPrjp4fAtbnzWn7yV69SydtXyRdtOrto/LTc9njan/wl1E73jCm9ejcoryS2820tLs/NrVbIQaXZbU3SJOPmKjli2eTgA8EdF5XOea9s+EUBnsdYDOqYkLFQGGGaNsKFI5J5GecZPIzg+YXsSJpFkHbcwl3bj05Jbnj065yMYIGeT0nhTXL7Qbe7msPKH2qbbh1JIG0rwQpyzAgDuAep7fvddOdNpJx92nLa2tlfW/bve/dbn4rFKNm3y3Uf7trpa3vvfTW99nZo9W8JXQtrfWoUiPmXmqW1uoHAdwxGHBJ69W7HPQ5wPsvSPAiT6RbpexP591Gs0kURZyyMnyrlAeufukKenHasf8A4J6/s5+H/wBor4++F/B/jm/vbfSrw3GvXllZt5UsotWzGoYEAK+eWIzjnJ4A/r08B/sOfAbwtpsENp4QsL9rd0bztQxcyskZCorNIuWBUbtoI6EcjFfzh4lcWTyTMKOEoRqVK86fPLlbiorRJSd97a6LpsfqHCeVwxmCjVr1IxpcyhGNua8lyvy6Pa97t2Wtz+Ujwx4D1+8mm0/w54Q1PUJZdI1K3cxWkjzJEI2Z5M7ARGvUMcYHJIziv1M/4JK/s4eGrvR/Eut/ECK8gnEl9bW2kXqtbzw7J8G5jON6rKRhDg5HT0r9l9G+CfgjSNa+IGo6J4Y0TR5tM8NXawNBbQpI8f2VyRCNvyqwwGAwWBIyNwNeWfsuN4U0q/8AF+oXB0y3f+z7B2trme3tHs1aebzmWN3H7ojlTz2yeePxniHjbMs2yatg6NGdOddwjz3bbUGnPbo9lvdL1P0PL8iwOFrfWFOdR4eEWopcmlSKfupaNJpXd29dEraw+Pf2ePhVc+Ihq/h3w3qVnfG1js59RDyeS8flOCm5lBZX9+QBjHIz8B/G39nzwRbfDjwuJtBk0N9V+Mmm6Hqd+rSSzajbXs7DckaxkMoxwQTzzjKnP6n/ABG/af8AglpGor4el8ZaBPctLGjWUcsTmExo2fMmh3BVJ4yTk9Dzk1+Y37Q/7efwysfCHhXR9K06XxZfeGvjDYaxa2dpZE2Uj6fKxWGO424nlmLKAik4wMjhiPF4IyjiqliVVpVMbOjJyk7RqKmny3iryXL7rd77WVrW1O/Ocwyt4WnSrU6EavNTjy1HzSkm4WbS+0tWkrX16qx3Xib/AIJpfD3UvCPiXxH4Z+JHiPwfNo+hapqFvpUl1cKL5RYFx50bsgWOZg6iNAQBhTk81/Hk+mNY+PvEthGZ53s9c1i1eWJt27yLyWHdxgndsDkYyS/U4r+sT45f8FRPijD4F1/xHJ+zo/h3wpfaBe6JqOt6s5jmtbeezMMM0doyJKJJBKTGxQAD5t2QK/khuPEthdeKta1Jb2OwGpX19qglSYE5vbiWdoiCQMjeATnHXB9f6W8FsuzbBVcyq4+ftZVp0XdSpyakpScvgd1dNJpyutdVofkfH2Lo4ilhKcEoql7RRilblhaMbO+t7pNu7SutUejXWnao9tc3EzXcUKW8mwORllVeOd3JHUA88bjzyeI8FaQ+rRzlZHhWGScFp2BEq5bBCNjGf06jBzUF/r1ncWrQr4qupmxIRbpIdrNjHl7lP3ck47EAH0xzWhQ2T2YeTVriznNzKSHvTArKSTkBc4D+4BPTC1/R9Tmts4vlW0r322abtvbVbqx+UU2ru8WtY2d76q1rau3RdG+iWx77a+EtM+zCaa48+UoCkcE+SCN3VTgcnAIz788k4Xhi3k8/VFhcQpHeMuJ2VsBW4KnudoH97A4wSa4GC+8L29wg1HxRdQJGCpMWoSMr54BOE2nJIHUn1bPB0Ptfgi007VjY+KGuZ2Yyxf6WyMsjDAQDjzDnBLE9cjnANKFSVOmmlF2Wqk7N2iraJO9000nZaLZXRcIxqVLJONpJaJ9LPfVptq9ndq2vY938NeVb65plzfWtlqf2fUIGTT55k8q8VXUmN0Y42OCwbn6hQM1u/tHarZ+Kpb/VbLwtoPhhLHSo4FsdHljht5tqBXleOIgPJjgseCR1zgj4WtvF9pBcx3c+tyR/ZC6pCbh8llO5WMmeDuA7cAAYJGD6/N8cPC/ir4eat4eGi6VDrcMMoOsyyyNcCFFOWVj96WRgQVzxxlsHNfMZlWnPGYetBScY+7Llb0u46tWd1q7trbzbR9Pg8PSWDrUpVEpzV4uSV3yqK3tLbtJp2TStoeQaBc2NvE0LtGiTMZAfM+XIwCrAfe256gZ5BDdj6XofiOwIns/JjmkLRrCIpQpfDBmQEchVHcDAr550/W7T7FEkg01ZCJPLcvht5LAFlzjcWIJGTuPAyS2fdvg38atH+Gk081z4Y8DeKpJw7P8A27bxXDRM6NGFhVgwGQTuHIyWXoRn1MwzCNPAR5KNSpUcbcsdHzWjpf3bJau+t990jhyvKKmJrtSr0qVJO/NUad7WvdLVre2nnsmj2v4jL4dtrTT9Q0TTrbT7NNAVpnXUftTT6kygSuBuU7VbcpGCo6AdQPIPDiRtaGeQ26rI6zF/MGcOOvXIB6kDrnocmptP+M/ha88d32seKdB8PT6Hf2d7EmmWQFtp2mSzB9qwQ8jIZl+6CN2DgEYbzKx8X6FFeXzvJYR2lxdztYJ9oOxIDITHHjou0N1z0HQ9Ky4fzOpTl7OtRqRio3Tm1JK7irX5XqtnbVrtuPP8poQoxdLEUqkpScXGk1dWUbN8sXdNvRLezvbU9taK2cbw0IjGDt85RkAnBOWYgEjd29eAeS9W0NhdOskK7LYgETKRv6gHnHXA5PP8RXK453wzrHhXxK8trFfaTayQKquz3IPUjcyAkEn3Dcc5wo52dcXwvpen3kc19pV0otpHDR3O3lR8oKgkMW5yO9fTSzGLu4xtGdtU9LuyWiTaV9Ffy7a/ExyuUa11dLmTXwpJq3XXyuuVK6MfQpfKgTa8O9PmcGUEnJO3GCcnaM9Bx6jmrck8M7SO5QsQ4crIDsx69CT6j0HQnOfO9G8eeA7ZIRfT2qyESB40dsEKSFJYkcjkAnKnOQeONiDx/wCAlE7209nIpyZBIzBoxnlcDk5GR2J9SSM9dLHThGnd6aN2a0uo+81yr3em3R+py4vLoTqvmfMtE1ZPRJWeivr6X37Iw/EErSSW1rbtG9u10iuzsMhs4ZTuORjAzzkcYA4x2kGnW89pLLI1usdlF5ZHmBWyuAwA6EEE5OeOcYXIrzDW/GvhFr6xvLOaC4tIZTLNaRplmXILHcM8k8AYz6ZA42Lr4l+Br2NbWFJ7drh0dwsbImO0TEE7gCeCcDqR8pyMp5hKc2l710lZWtumktPhbab1bdrWtY6Y5TQeHTk2ktVra9rNJX1s3fs2tNDoLC9XS51mWRTYzzODtlO1UTgb1B47kHvkfNzx2UsVn4p8La1bNf2lqsUtvqPnvKNpjR87FU8ZJAPIwTn7oHPl7eO/BqxrY/ZiUZ1DFoyQVYoSVdRkA9V2jIAxkE1tQ+I/AkGka7ayyIrXkEfkRsrxrEFUvt35zg87gfm5B6YFZznOrRqxlF8trK6avflvrurpLbXVWJweHo4efNCd7SV05SStorNvZWX2e97bHJah4z0vQrjUbDVJ7ny5ljSK4t18uN4olwHTBw2RwW54yCMmuQt/HXhiQyMZbx4WmbydqkMjnPzEAcp0B4wOD71jeKLnw54ikX+zpFWSwsxbx/aJDIHY7uF3KNwPG3ccjvjnHVfBfwho2o3l3fa7c6Y0Nl+7itbnZGk8rqcP8xOegG7nBA43cjzoYWNBSqRhztp1L2bbvypq6e60dkrrQ73VVauo1GpRTVmlrZ2Sjfq/VfozqNYuYNV8KaLf2V4xtIpZi8UsblnSPmQuCo+TB+XpnBz/AAsfRPgbbw6h4huriJIMLaKbaQqAUcD5SFIG3b/dHGPpmuctPFXhPS9V1XTrq3gTR7XTLq2jiLYgjussd6IuBtJYNk8EYyAOKs/Dn4m+D/CkuoXl8bdJNQkC2TWYL+Qq7sgKOMkEHACgZxya+Tx9DH432kY0JWTSilfdct909Nrfa0u/P2sPLB4ZQvOysvdbstFFPV73+/XW255l8ZrgXHizX44ykkiymCRzzkYxgehDA+xyffbzPhDQprzRwMrbSTXUiRu6j5wcYwcDj3474OK6661Lwprviq+uPEE08ek6leTSC6ijUybiC0Zdd5wgz90EAA9OKrx6ho2lRWsOhXt3e2UWoyASPHtYx5IXaMlgQDlTzxyQ2OfueHcvq0qWHlVXJKMUnG23wLZrXR7q6ep81m2IpVFUpwa95t2VtF7t9raaqzTs2j69/Z88R6L8Mzq48RXbO155FtC9rEZJN/G4EgYBA4wCMED5m6j6wh+LnhaWVBAdZmjlkAGyzd2U7VIbhMkk9ux69Dj8vbXxrZLqQtXi1Xc1xbyLEqffYMD8pIGWbG1MYGSfUivtjQvifbW+m6N9m+HHiaGRFWNrtgoNy67SLhQwA2j73BYYIySeK/SsNmePpQhTw9lTjZX5btXs3d3atazs7Pqk3t+ZZjkOVVqkcRiqVWpVc0+WM+VuzWml+6aT6NrW+noXgX4r6dp/jr4iyR6Xrl8l5LYmLyrNlliVEVS0ikZXpxkDJ6nvXp138aNPRQ40HxSSpO4pZkZxjPrjIGTj1wc4Gfkjwx8W1i8f+O54PDGru9ykAKqwWWMxgAs4wR1GMLwcgFgOK9Tf4oTSwQGTwpq771YuqzgAfLkEjHHIHyj3z6VWDx+bYmlVcMUoqNSa/hy0blrZ7PW+3ZE5hgMioTpKeXzlJ06WrqNNWUbJpdEt3bXSyaaPVZvjlp54Tw/4q2NsyBanJ24+6MgE8gY7Dr3z5loPxQ2ePviFq6aDr+y6t7JUjNsBNEIoVDeahP8AHgnocnnjjFX/AIWDIYjJB4R1dVjZSAtwMn+8OeM+nynHTPauG0zx/raeLfGUtj4UnnkvTZNKlxebGt41jQFHH8RdePl69cgggRWq5jKphZSxLbdSy9x6Pl3200t3XmtU1Qw+TqjiY0sFyfuk5fvL8yUqbV5bJp27tO2jO31b4pWl7qUkz+H9cR3gSMxeWqsc4UPgHuecjGcd+tdZoPxQn0WwubS08IeIrprgOXKxoC4aFvmB3DAJ755x3BwPBNQ1fxFcatc30nhJ1EyosUJvSQrJtyRhQCMjIOMYIJ5rtrX4jeJ9D8yS78EvcwS2ojjVtQKEOyCPavy8kqc54wOvrScsTGpUl9ak5KDUk09Oa2trdU110vttbojDLpUKUJYZcqlHl/eOyta13daa2V72emh8MaX4yNp8UtfvJtJvi11qV6otmB8yFnuHZlbBI3Lg7jxhj1INfUGlfGJ7C6gltvD+omdP9GiLNhJSRtOeoOc47AjjHavmi30nXr34g+IdSj0ZWAmnu5rR7vAtBO5dVDjGWUYJPc53cmvSdPbX4Ly2nn0myFmzxuXmvGcRSBgGkIAYgKxBwfl65+YA18pg/rEJVrTcearJ7STS91tvTSzb62TfW59JmE8PUhhbwTjCnCzbdo8qjZrfTVP06bnrP7RXxLj8f/BrSfCFl4TvNJv7O+fUNVkuJT5c7BSUCYGQz9yOOfavySvNIlk1CdXWS0fLEwlSAhONxO5RuPfJ+ozX7S2fhe68Q6fDLfa74RNnL8wjCvJcR7VwodSnJGAMZ57defhL9pDwGvw+8Qafqc15Zavba/FJJBHpMfkLarGSNsqquNzHBPAGcHnmuXNMDVqL2rTcY8vM2uVK/LZtp6J7aX3ba3Zpl+PoUn7GlUjF78sZXd0opapt2XVp6773t8djw7FLLIbmfAIKhipBZhyCCcnBJ6E8jIwMk1Rj0WOzvMiKdmVRsGScnBG4AMevr90Z7sBn1nTtb0GRES50O5k27mDlgxHIIJGB19yCAuQCOmmdQ8NG43vpUyFgFRiuNo2k/MoO7IwD0OfwzXjxw0koyS95SXvKLuttHtZX2cWuqdrnrSxEtJSqSSd25NXVtNHzLurJpu7ezueTvpdzCrSyPIEwGVRw3mSEgLnccHgY65xniv0I+D3wGbUNG8MpNren6HHqdmdYv72+WP7THCq+ZtxuPJwPLAYbjjIHzGvkea/8IM5WWG5cBVbaMZVkbKkjODgfUA8n/a7m3+K1paW8URv9YZIIRbWyiaVEiiA2rFjIARQCAMDrz0OfLzbCYzEwdOjVjB2aa5kmrpXerW72Vr6a6M6MJUoJ+0qc0op31s7pJXfmnpa2yv5n6E/Fj4uXHwh+HtroH7NHiGbQNU1HTZtM+JvjCGILr2uSSho1sdOuQvnw2YAIfy8ccknmvy80ux1jU57m91aO71G+eeW7l1C786VhM77pJppJcszyHcWcYBJJyRyfQ5vi7ZvZxxfZIpnR1dZZJi0rMDjlSuC2CRnt2wMmqi/E+2ikZBpkxiliy4XYoZmyd2CuDgjjPU7QM5zXgZfwvOg51JezqVaj5qlaTTqVJSSs5SbbvfdLRaOyvY9aee0+VQiqigkny3fLra75XbVvez6tq7PqH47XdteeAfgvax2lnayWfhcrc/ZolXzZmUAPMVCkyEdSeSemTwfzz8VzLbaoqrk/u2DISAepHHzexycHsCeDj2DV/is+o20FvqFlfzrZqYrNZJCRbwsTwgOSv0A4x17DzLVtU0O7ujey6HcSOUVd0jsGBwcE4JHsMc5z2r38vwVXB4FYZz5pqpKXNJ3spyvrdWbS0bv18zwp1fb476zztQcUkl0dk27JbJJdO7fU4J53eMkFl3DDMHHGTkZxgjrnI6gEcZrWtheroM8trcz24S6w6xSMGlI4yQpzgHB79QCMqcWWudKT5k0J/LAJZWkYjkHvzjOepwPX37bwtqmmWdm7Poysks5ZQx8xVI5CtnII6qMgdRgkdXKhW+zJSbSTalZ25le19E77ttbPVpHfRrYadROaTSSeqVnZxvpZ21tpvtrqjy6Ce4llAnM90W53ylmIyMLlWycZz06DnB6V0OkxmPUbbMZyZTggEIikYJBwDuH0Jxx616UdS0m8nec6NDbFmCgrAMccYOAOucH2Oc8cSQ6hp0dwFkskEkZfbiBRgYGCoA6DBOcgg8cZqZYOrJLmld6LVq2nK9b3++630tZNelDGUKElCnBpSaalaye1l1100enR+lPwbrOueF/E7arps0ouBcMIY0jkKy7+GR1UDAIGCT2PcdfsHU/Huq63FDPq2mR2txHbQ7XCFQx2oSzDA+8eSeM5yWzjHjfgjU47O0klXTIpTJM7LcSW6s0a442MRk8gAjGdxyMGt2fWdR1BpFNw6xj5doiUBAOMAjkgZAxyCBwDyR14OMsPTtCfvWVtLdF6vR2fn16HzOb1KOLrcrhfWOknvrH+tNU91tdl74kvJhcq8EsqSbthghJBK8gZyOffHHPQ4qG98f6sbKGCLQriWGOJIXKxMGDjsTjHOCQMY7c0Qrr1wkkdrPhEWQFvKTJBHQOCACAcr7jg4FWtMGsLYRRy3TP88haTy1IJBCkMTnkdDj0PJHJ0qTqSsubXfb3norauWu1l8wy/D0o0JWpytdJpXS1W7cnJ262VvvsYNt428RwqWXRr6aMtnHkBCvbAYYIAPqSRlgeM0svjDWJo5d+iaiDIjA5yyqOD2zkAA4ByV6kcVtPLf22F/tYqpYsY/JU4IyNoYDBxntwOgJFRxNd4kkbUmJdJGC+VxjB4BwcY+o9OlRT9q4t+0d/Vcu6eium112d+76044SC96gk07rVWXw95PV9rW20egzTviPq8dpFb/wBlXirGBHG2GYcL1Knq3ByOeMBQTgG8PiPrRwtxp91JGCFVDEEXaQRksFJHbIOBnBweKrWFvNNbwyLdSmNS3IhBO4nkDPG1dxAHr02gEG1LNcxPjFzKuSu7yFA3DocgdupHUcjtk1GFb3VGpvbZ6vZ67trTR217anLWq4JN2o2klun5ptaJ3SXV3VvNaZqeMbiSW7lltZIARhY3cgtzkqARn+EK2cnnA465viPxU2palpRmhNskVvsDghmXbxuPUHJH0PXkgVpXCTyTxb7SGdMkMZI1UqWGdu4ZPHXoD1AJbdih4jeSwiglSwsGl8pmUsAQBnkAc5dVIPXtxgkitFTlFtN78qbaWsm0+isrN207N3TTtw1J06kGoRaezjfTdO/ktE0t763tofTPwo+NXhXwNY3UWrxSakl5pN5ZEozK8UtzEyI6DawVmJBdsHHDZ9a37LGreEbf41XGp+KtOudU0IafqrJa2A826gaZy6BFOSjFCMsecjIGa+Qk8U6w8bImmWJiO0BhbqG74J5B3DJxkccnH3ql0fxT4k0DUhqmjXiaTfyJLG1xYlFk8uQHcsmCwA4xwMnnkkYrx8yyCGZUsVGMnGpiaKpOaVrJKKSTeul30ber2OzLM1qZZ7LlXPCNXncXd6+612v2V7XfXRH6y/FPxN8HYrG9u/D/AIO8ceeyXE8Je3Z4AnJ2ADpsAJyAO5wD1+Kvin8Q/AvjfwFd+HdF0zU9MuNMsP7RvjqeEV762+4EZgGPcbVGc8NjmvA9W+L3xEghjh/4TPUJowWDRK4LqG+VuoBwS3PY9s149rWrarqME8lxqG8zedK5kUeZzknfg4IYjoS3GR0xXk5PwYsuqUZutVqzoTU/eqydknF8rWi1XTuumlvaxnFM8Qpw9jCMasOV8v8AecdG9buzS+Lbtq1n2Ol3J0u9nguHga5dZEGCFIbjqFzgHJGCQO/vnwXev6ZKhMZkgtbiGRXCfxLIvAcHcDIp9OATjHBEuj614iW2MMMMV9aKYgyPhW2I2SEPy85GeD9NxFdY/i3R5YpbG70WWzu5TGIyimaHzk25JPqNpHt78V+vYaMalKknKpBRgndpq7Wvzu97a6ep+cY9x+suXLGXNO2qTmk3Ztq+7v3utL6H1hp/xjsY9Hgi1nSNR01hZWzW7xJuR5PLVS6k9C2NxznpuIxXX/BD4p+EdA8da3q2tavFYx6jHBHZLfK6eY/BAZsHGNwGeFxk7jnjxCTUPDGpaVok41yx/tFY4YpNLuiYmG4eVgKyKpAKMc7j7YOKjn0Cxk1ydblLG8S4sPOsYEeI5bGC8RUnO3sCc9cDjn6CdSUKVCUJJcjSSb7reS97Wy+FK/rpf5apgKFatiITjJRnFXtZL4lraSavtZLXp2PoH9qjxtpvi/x34OuNB1eHVbJNBaLdYS+dFZzvuUB3B/1oJwQMFe/UY+DfjVMftGgK8jsY4JImd87SSGUk8nkHOSeSM4zk19Yab8G4ZdCtdWhnksLkxyzRKk7BMgZ27MEGQYXjjAPb7o+JviRbahYa/Nper3ct3JZrI6NKg+RGZinC5+VRtAbJ+XgsM4rz85r1Fl7hUgourUhJSTure7J+8u++zutLWPo+HcvjhsXQVFqUadKzi1q3JKT11V22tul9e1X4aXkS+OvCsIlVRFrUIJKhepG0ryAp6jngHI54z79qepwr461mOSRju1MR4L5/5aZLqOQTj0Pygd+K+avAcm7xh4dZIixGqwFtgyzA7RgADgjPB4z0AIANfUup+AfE0viKXUbHQdant7vUFnMn9nzNgKQTl9p+U5I7ADPbGPkMLWp08Tz1GlBKNnPzcdNXrZ6JL5dUfZ5th8XicBCnh8PKo4ttqCbcXdcu2+lktbdWtj6Ts9WjGkec92SZLF4lRmI3BUKrwTjG3jGPXoM4801a6sYpdPu4lSOZYZldoz97OcEkDGAD65OTjOa300zxLJYrYp4b1ZFjt2AeSzlBEmeQCVwAeRyeBjoDXLXvhLxpJMpbQNXaAJCiqtjJncrgnZgDDE5OR79M16dfE4Sc1JVqd1ZpcysrNd3dd77aO+i1+awOV5nCnJfUq6bWrVOb95pJPmaSs3ulpbyWtuTUlm1HT/tBjYebA+Qxd+EGBk/eIHORuJyDng195eAtJvPEPg34eahYfGbT/Akh1bU9Pl0V1jmvGtmkkJuJ4mOSh+5kjjCgdAo+EpfAXjaa/jv4vCWsiCzSEo7WmwFuFG88lOepIOAAxxwa7fW/GumaVa+GdPS1s9P17SYL1LhrlQsjXE0hLfKCA4UEgMQD3JOa58Y/rajDCYhR5XFvlcZSt7tnpdW5nqmuv3dKwtfB0nUxdCcIuXLHmg+koapuz1d9He7fRnV/Ef8A4SfQb/xVF4Y8bXusW91q4srs29mXk1URNseWJcYELgZU8ZU4wwDA7Pw8X42eKNMsPB2jeJrvTPCuq6pBpF/LfhIrfTZJ2BAmjLbncnJ2sBgEkgDivHNH+Jt7Dc3doNWsbeRf9JUhYmPnlhgqDuxyFGCWPJyCQMevfCvwr48+L914jtPh5rjXOo6dNa6tqVmt5JafZ7qQrGlzAsKPyG46D1AAzXm42Dy/CSr4rERpRjyfvalkotOKfNdtWb3jpa1woJYqcY0KbqNJR5HC7elrJ6pNpO65fNPXW18UdI+In7K3xg8M+GNI+IRl8SaraCUeILJFiitrSdlLRStHu/dqrnIOCO6mq3xL8N/ETxPrOgfEbWfjBH4murjWdNtjbxuG8qKOSPfC23OSRlQRjODkAH5fDvjpbePfBHxT03wf8SrqW/8AGMN3ZWRu9RuXnkt4NVdYrVvPkDMIF8wMdxAXaeCFr2L9oH4KeIP2WJPhZceJPGWm+IdO8cwWmsQWWm6pFcQ6ZMZYpWeaCKSRgVjJQbxHuJzxXmvNMvhLLqNXGReIxqk6KhD/AHiMUpys4xaS5Wm5XWjt3v6GHwWK5pTWHfsaSTkpKzoJySipcyXM2243sntexjfHrVJJLX7GCw3ag5diAqnaMMQDjgtnOSTzkZ4r5r0dYY71FYuWOBhe6lT027jj7uc8jHGSa+pPiB4euviQtnqOhCNbO4l8xSxBR8ooJBUEYY7iQSRn9OL0n4DeKxIs6y26sGKjzCMHgjK547tgA5A4OMhT9ZQxmDpU6cHVhFxSXvu+1mku7s0099zjxeVZlicRUqU8NUalKPK7aWUYp22s3pttueTWtjBcySXBlO2Kdv3ZG5toDKR6HkjGBjggdcV1VhfW9r4Su4Y1kLy3wXzDhdoL4PJKqAB1HOflB6AV6Jb/AAC8UqHaXU7GLzWOWWZFUbmBO75wDgE9zj7pyDXoujfsx69q1h9hTXLR42mVysaK53cEghS2ON2FPXGM5INRLMsAm5TrQVrJvd83u2d9Ou61bfXuR4ezqcWoYd3tZNyjrZRd0n0Wmrvsj4f1+OKe71cpkARWoADZzkhiBx82dvUjIOfoNXTdSs4re/jaJzMEt1Rh94lFBJLHhT0PGe+DzivtS6/Yq1rZd3j3k9wJmjDRQ25QrsBwOSMgnbg9uhHTGV/wx5qkokLnUbbzXRXlaEbTgYGfm7rjAOPqc1y1c4y6m0/bRcndppSba2ve2m706taXO/D8J584L9zy3teLatdv4tWtHzX6/hr8X+E/EE8fiS7uMKGeF2X5gdrLlQenAx94f/Fc+neMb5bzStJSR23tMGdFJJOOeozjrk8nAxjnr7fon7HV/b61NJBLqFzNl0aOOHqvBzw7DgNhhjOe4xkeiT/soXzxQR3Y1V44XaQFYCpRjwoDbmO3IJGCDxwB/FnSz7LadOXNVbnKSUWoye7jK1lZya29LrS+vXU4Ozuo42pqK5YKXvJN25Xo2730XmtdND85Nat5rgT3A37IgAeAT9/+L0OcHnHHXqc+gfDyBzZ3dyQ5hMiJ5Tvg7goy5XoVBxnA4wOeuPtq6/ZESO3ZpYNa2mEGVAm1TuyQScjqpI55zxjJIrQ0T9lhLWHdZW2qRWu4iQT5wxKFWbO7IIXqMEZGQV4o/t/LlNy56r0602rtuO120003o+q06XKfBedKFnCmm3f44t3Vkr9bWf6Pa5+atvdR2viye4YMYkvZHjjfG3zAw2Nwc8MQVC84PTrX1ZrHif7V4aVTCkJX7I0km8HcWABAAOc4yF5+uOtfQS/sm+HDOEmktIm8x5fPl/fSqzZGGyMcdjyD/tfLW5/wzloNrayW91qsE1vxIxVAzKU+6CAQSAvGACvQNnjdzU8/wUFOKc3zvfk1W2krva+1tlovPunwTm1Tk1ox5Yq/vXvflf8AK46O6VtUtLWPzeUpNbzzq8qldSkaMkkAbmOSRjgN0U9flJAzy1l9MmtpFkluDOJJYZcJghVLhskk9eAM4G3A9DX6F3P7OfguaNY0lZ1Y7z9m/dRs2Ax3BQcPyTwenXHFU1+AnhJVMRtprh45Bty7AhVIC7ht4HAAJ6fMDgkYJZ7g0lyKpKVlZqFknon9qzevR9uwUuB825ryqUYq7fxyaTbV00tG2m7XtZ6W7fs9/wAG/k6N4n/aCsiY0d9F0OcKSMsuEQEHvxgc8Z4xmv6AvGuIr6dMY+UHJ5IK8cA9F4JIGdrHaMV/IT8BPi/45/ZLh8e+JvhNeafpmra7o1rp181/D9qiS1tHV0dS3AkQAsJMEHocAV/U74N8YzfET4V/DDxzLcx31x4n8EaJqN/dQg+VNqUlnC180fHCm4dhnaMMMc4NflXEca08wqYxNKlXkuRN+/7sINuSWln5b7bb/sPDWFnhcHSwdSzqUYa8rST5mrNdL6u/XX0vuxXCiRWBHyg8A4JYDkrk9cnlSTkZ4rtoJj9gQu2AYl3EfeA9uSMnjcMtjBA65rgoIz/EOQD1AJ55yRjGCAfXPXH3q7iGPNii9QYe/wB0EFcAg+2dvYc5HSvBjObTd9FZau7+zvfW++2i6qzZ9N7NWTUW9Y9Hu3FpJaX6uzu7W1auyg8u7uSvVcnA7jgg5AGOeDnnioy+ScljnkEZ4ycqRjqDnB4BO70PzDQuWO0DkgNtCkngc7einrnHvhuBUyQsdvmcAkY6c47EAfxDryBnOckk1ftdN7q6a97raF9E0ku9n6rdCUU902+m6von027dbu++w1GkKtyW/wBlTu6dAflJGe20ZzjHXIcFkPRhuwDtPy7TySM4BBJG0569u9WfKwAA2OMkYK8ZHBI6Y9c8HjuKXyuQpJAyD1PzAckDkjAPHI5xznFZOrzW6Wtbqvs66f8AD6aW6VGk3blT6K+tltfVRvp8tGVzliQQpVguOMj5c5z7ZJGOMA847IUIDHjnJOAPu9P/AB488dBux3NWhEcgDHBwxAJ2hueAfU5wB05IJxU3k4GMAg/KDnkY5JA+hxjjv1oTt9q2za07Lr5d1proy3Rlu7q217/3dXq1dW+f927KiIzEDoPl+uRzjjBGDyOeMjpVpI3A5A4XaOcHnkgcDJJ75yQMADAxNGkYKhs5HzEDOMZ7ngkf17jBqx8pIwRtyGOc4IIPA9hgHnPGMAY4XPJaNK9l3+fa/wCFmJUJN2Wu+tt9Fr1tZ69lqtt4IlLE8YUYwDyCuOc4GBnOeM9KsIhA+6ADz9BzjJ9+3XheMZoxtO0cHdyTyo3Z5wRjOMYB47D2cCFwpJKkbT1zjoMjOD1+YnqQOvFS5S1lfezVvs/DdW87r3Xd9o99Fhtubs9n1stXv16Lp2Jk3ALjIJznBBPXjJB7nByCc8fjfjUlQGUMenOPyyMdOcknnnPTNUoyq7SpHzHdzkAhQcAdc9+R1JzVpXVQDkjqTxnvxgkHA7Dg+u7g5y9tZp3W29ktdFZ9VZ6d/vQng4tdb201XSy0uk1fm6WWvZloKSNu0DbnJ6g53HIzxyB65HBI30pyTgA5HcdODyGx2HToOfxzEJBgA5xnbhiFJYY5GM9PlIx94f3c5pTKD/EeM9+T/F7DuQOevHpk+sJdUrWS1traL79Ul3uP6g7JqVk2n0V7JWvfV2Xott9xG3gHGA2RzwN2emSTzznqOBnilXeAQwyepz1yc8ceg4zgenXqn3ud2fXacHAA4zwRkdcYIA9jTuCwGGCsR654wTg56EDOQRzxyMAS8Qnd6XstVZ3slbW2q0XX8DWOBWlr30b+5O70bvo/Xa3Uj2kswwCOAAQQAep2kAnrxnnJ6HIqN43ydqnkhQc4IUd2OOmOnPrk81f25zszjGAWJxzjpxxgkhgRyQfUEtZSCF+ZgzYzwF7EkE+vX0yfmGTgZvESdrOz0T1Xuv3e/V9L27vobU8GvdutdLrpfTdpvVLv+NrPLaF0JOAxOcZxnG3IyeuOcjvjoODhoBAIZFDfw/MCDnnPHvyCPUAE/erUaME9VYcrx6DPGSOnHI6D5uetVGibDOu0E/3QD0PQseecDpgZ45FCr99VZWb73jot91e3xfLc3+qxvqnokno9FZWXTqnt06661MtlflI2g9Pl5BGWz1IBOc9z1AyaG3DoO2AFwFO3jPUZPc9s47ZqdgV6c4IJPAxzt+7xgZwMkgZHAGTVdn25BDYAxycAMcnOO/GMDGfqT8yVWTtt6Kysvd6S7XXyatqxLD2e0dFpdelno76dNbO69Cu/J+Zs5OSCRkgDGATnoMDr15OTzVUkEAEYA3EZO4gk9hk8jscqARgEjIqRnI7KcdAMEDGPXcTg4zgjuM4GahyoJ3MpY7gF2jPXdxznp7A4wc4NCq6K8022vPbleiu1Zffe/TRtYbVWSv6JJ6R36tapNX1TV1bVQnp04zgbuMnHRTndxzztJwRxVSXAzjgk/wAPzKAPcgcD5c4HqcE4zZlcAAZyTzweMcgDnOAOvOM/SqUjLtZgRwc5BI6hun0yOvQ8gnGVqFXqn5pPZKyt1vvqrvSz7m0cOkk2lK1vV311dv8AJaPSxAx3ABSQSQxBOWA6jqQcHOAORxgnFUpSWOc88nDeuc5znH06jpxwMTu+GJ3Y+UDJO1iDnrk/e9ecjngcg0pHBJwxGcg4PJ9euC2f0+p43jVlZJ20sr2Sb+V+r7bLve6FScLK3V3Tvurael9vxv1qTyMi4AJ6bjnoxHboc8DJOT164rOkuCuWByBx2wBjvgA8n/ZHQFcZq7MCUwFI3EFVydowTyQcgZJPJwSc+1ZknzbgmAu05AwQODnnPUgY4BOMj6bprdrtqvOyV0rvq+jtayuUrRd7K1npa+3L7173Wtr6WeuvaNpm3r97OOxyp7gYHuOg2jGCAOcwmc53HAUMBgkEAjhdwx1HIAP4k5p+xThPukHBJ7YySc4wc/XgdGyDmsyDJPBIbBIAwQNw6A43YIH5DGa3jFWT5vXt0fnZK2vUyquaWiXdNXVr9Xr5pdUlrpdjmJbgZwXBIHK7ievTk9BjgHA68kqNxJUjK5PDfocehOcduM4A4pCVCgADkZx2DHIxjnqACTjgccAU4Nhl6YIywPHHOOcHgHtjnFbwunZNq1tPVxSabej7+t+mnFNKSUXa+ru243as+i8r6bK7QoII44ydpIO3cDy3J6cA5HfByfQHcDpnoSTwPXnoR0H6nPMJmA4wTgnGBjIB6jg/KRgHHTuTiozM3ICkKATwM8kjAz2HUdyc5yMc7JN6J2V+reltvV66u1727kKE2mrx1tZpuz2Wr8kl0v0burqxgg7xgEgk4OcEZGM4z9eoxxj1CM5ZTn7q4HTPzMwPr/EQBxyQMVHkFSRkEYIU9eCSd3bAHvwDyu3ksDbFJH3fvEk43A9AD2A556nHGcE1pCLb1tf3U1ZWsuXe7beiuul01qr350knd2vezW/a/n+mm/RhDdVORknIztPJDAnAJAI29QQcgnHFPckggAYAAxkc5wT1UDGTngEA9OeajB3HaFypAAHOOowRk/MM/KS2e/pUyKGwMAgEewAzwOeSNwOSVPX2GdJwcl7zsktL7p+71W99U+7SasTJtaqOn/DLzu7vR6dHa+6KW6MGKgn5iSCR125yW4OAp74GORV1AMBQpAHy8H15wOPlP971wSecmkihJPzLuwc9e4zgA88dMk+/rVtEIByuSfmP8Ptt9PfucD3NZKCi9Hur69NPeW9lZtWd7K3a5yzm1o1dLVJpaW1i1a7289dr3uhFByGOB27EjG0jt0xzx2x2wKnUZBBA2g85I2kDJJ6k4POOoPGMmnLENozt+UH5SQDk+uMe3AB6jpnmaNQuMAZAxng8cj5CQBkYIPAxtHtu1jLlikum93vq79PPy87215JSbfN1dtFfTSL0V+r8tfPSzI1GQCAoYHDNkhepPyjucHAI4HIHTL16AKCRtGMDdljzjrxkYO7rxnucSqmSSdxzkgd+COBnAI685IYep4qysRAXIyABnAAx0yA2cEYzgHA9Oi4an38lfstL7K/r/wAAlPRrfZ7vuumi+5LXyuMjY84AJIAGfvADrndkZHTPbtkEgzFnYlQcZOecZIAPJJHLYPPTr6HFOSByd+35dwKYGdwI4GQOACD1HfIOTgTpEc8Lg4GRuzg9DngnPt9QSO+TqRS7r5aXt8013tbo7aopUW0tOV36p7e7qklp53a69pEaK5ODkLkAHOcgdiAc45HX06nrVpQUwQSxIJYKeQQMgH1J/HH4mpEizgjkucHIJIxkdee3QkZ68nirYt2IBxxg84HQ8kZx0P6YAOQKxlV6Nrs9W1o931Vk07be6t7IuNB38trt6p2i3ve6fTVdG+t6oBbJ4ycc8ggjGeMdcdRxnpn0kAIC7gQCMnjkYHQD1BP3cgY79AbotiOWIKnDqMYH48dBg9eCeh5p32YF8YOem4gkLnnJ4+9jnjJIHzdBQsQoO6d9Eru79Vrt0as1olfS5awyaeqfmk9dV5bLz6dHsqqE/wAJO4IDg4wOnXHvjoMYJ61YiLglioJ3AHceuCRuIAPODwCc9+yirMVtkkEHJwCwGQADgkjGDxjPbPpkmrMVsQVcglM5IGQcZHYEnG4duoIOTS+uRu9rvVaN6JLZt2Wqulrr1d9YlhY2Wjta3r8KfS71V9O3yPFv2u3I/Y3+PDheT4blDAjoCDnONoDZHTuBx1yP4Lv2hrlh4R0ZDAqCbWJgG4BKrEm4DPIGM/g2MDGK/ve/a+hA/Y5+PJA/djw1ISAOoAJ6dQRnkDufXFfwh/tEaFay/C3QNbdnF0via5tVRj+6EbQrh9pPLfKc8cdjivb4crKeKno0nWjF21t7qSfVaJbq910tc+O4opunC0Y7027O72nBNt2tdKPbZ213Pqr/AIJZftOeIfh3ca5+z74M05TrPxk8T6fG/iO6Yy2ukafDIv24eRjbJI8OVR2IMbYKnoT/AFJX8Xh/wrpS6TDaXeveJNZ0CaO2tYUN7rOo+XEY5llmO4wWxlRnjViiorAjJFfxLfsjfE/Tfgb8U9K+JFzp9xrCaCZl+y2v3h9rAhWaIKCGmQneoxgkKCQSSP7KvgN+0V8NNU8F+DZ/Cel6r4/+JPiLw/faxqx023e9vNMt7yNnhsdRvZB9mslg37GjSRnTDPtJIA/GvGLKqmFzujjcPh3GjiqKnVqQv++rx5Yv2sm/3cYU4x/lTd9bu5+neFmZxxGSzwdfEJ1sNVUadNtfuqPu25I6OblPnTer2bstX63D4I8V+O9A8HnxNO3hPQLJIIV8OaJcMuo3SAiMpqeoriSNRtw8AGzHGeMn+Y3/AIKUeDLHwx+238QNL0iyjstK/sHSZIILRWdWUQIrSPcLvEkkjDfKSxOScgDIH9Onhfwd8V/H2k6UvjXXLbwT4ZlvJp00Dw1MZdangS4d0SfWSFmtnZTh41U7TuAPHH86v/BUhbrR/wBr298M+HIAtnpnhvS7dZLphcX83msrvNfXLZkuHOSWkY5OOmADXg+FEqi4nUeZf7rVUowV4xSdNtOS+Np6aX85PU9nxNUP9Xue7t9ZoNSl70pXWkUlZWs720e7dmfDnw8+F/jr4neOPDngfwToVzq+v6/drb6bY7GI8sKPOuZjt4hgT95KxG1VBbA2tW98cPhp8T/gh4+vPA/xQ1O1t73TGtbVoorw3gtLeQI6Qw5ctHA24KyjavPTJ4+0f2D9R0n4e/tJeB/F/jfxbBoOlRwatbrdyultb2xksHURTT9IIpWyhfHAz0Oa7T9srw3+zX8W/jzq3xOt/FtvqNr9v0TTdZtbfW5nOoL9qihnn02FdwmjCAp5uR8+SAOa/UM+4sxmX8W0Muq4OpicsjltTEOrQw8qlSnieZaOr8EIuN1yXTbt0PzPJuHcPj+HK2MWKhQxrx1KjGFWvCEJ0Xyx/hLmlKzd/JaPW59c/wDBGzwloWreDfj/AKsPD+nrqGj3OnfYfEjD7R5qCEXBt4ElzHG6nDs0QBU/KcHBP7veC0upLe6nknJaaKybOQMsIQxIHUA8Hp35HAz4x8LPht8KfhZ8FrfRPhR4Ys/Dml6l4JsNWnu7OLy7nU2nsY5EuNQk2h5bkBuWYnqcdq9k8BR7tDtJFZ3EunWRO4spJEAz94Hdk5JA56cmv4x42zTC8QcUYzNaFCpQp4is7Uqj5qkXCMYNys3yt25uVaXenc/prhXA18n4fw+X1q0a8qEYx54J8rTtK0b7K8l52H39xIvjyVFVSJNCDbuwPmBSCeAMY6c+46itzTH8vSmZmUbb+UtgYAwWGM44UgjheuRngEVxWu6jZaV43huNQvIbOKTQDte5fauVnUAIhO+Q5AxtUn9QvNL8QrmTStVj0DRLzUmsNSELX91/omnGS5YiMh3+bCgqzEKcevXPzLp1I1WorZbvpdJ21stdddW10tc+glaVFNXs4RWvVJW6Wdt9dH0fZ/hJ/wAFLfij4u+Hv7Wnie00zxZdaXo3ijwJpOl3Ogrcta2epNeWv2dp5yv3hFE7YznIHJINfjR8R9H8Mrqmk2Lvp8MmjWU7vd2sqFrmSYl8yFdxY7yMHrj5ieSK+5/+C0eravP+1Bb2119ma/t/BWkySvZyKVikNurBIXUDcq8Aseo5Gea/G+PU45b2H7fJcS3AibzZmlLlQ2SFJblh1AzjHpnp/aHh5lijw3k2LhKNKrUwdH2sqcYx9q4tJc8o352oppNq1tU0kfzVxjjXLNcxwlT34QrS5FOTtTvySfIt072drJJq7bufTXgWJoY4vLZXlug6xg9CoyA27IySc5JzweSSBXmv7SOkX8fhN7ySERlb63iWUkfdMiDJAUHADYJJYk9TwK+rfg7oen6romj3ZskaSODowZQUGTu3AbckEY6E84OcY4H9py00h/DAsWubSN/t6lbU3CMr4OQHVTwSwUY7HlecV/UqxLp5BCg5rn+p8q16umrK1rt8z133WqR/NUMLKef1Zcz5PrrabT5UueN3JtJaNLRvXS97n9jf7Ikk2lfsifsymw8iYR/DLwlvZQW+/agyE4+71IOQCckAkbcePf8ABWS9879i/wAa+VJFHHHq2mPclGbJADFhjbwuT1HTLE7eteNf8E8f2jU+Jv7NHw+0TwFoOoeINS8A+GLLwrr1pEBFpWmajYIsUPmXTZY+aCX4UAKDnmvTv23PhR8VfjN+yL8SdB1G/wBF0rVYo5dXtdHs2aUzwWEbSFZblQXUJEdpUAgkDk81/l3Vq4nK/FOth8wq08PSnnvNOE5x50vrcWpKKfOlNNNXjazeyTP75eAoV+C8NiqEqdSayv8AdqDTnKSw0VZJNvfRvvpc/hzj0JPG/wATvCuipF51rq+vaZpk0MOXlljurhYnSM4GS6tjPGcjHBNf1P8AwC/Zf+Cnwp8G/tG+FbT4U+E4r6P4SJeibVrW31DU2+0aRNNMy+crPBI8o3lkGVIByRuFfzP+GvBHjTw94otdW0lRHfaVqa3Wm6lOuy3ivNPmIDiRiDiOaM8MNrdR3I+vfh5+2P8AtMeD/FXxZ8a3eo2Piy98ZeC7nwbrUWrPEbC0tmtJLaOfT4y5AmjiztZeSenPNf0T4p8McRcX4PLMPw/mv1OlhXQqzowxFXDOtVp4vB14ycqclGSVOjUSjP3det2fgvCeY5blNbGSzHCudatOpCM5U4T9nT9lOM7KSb+KUb21SW+h+JPgTT/L+JmocRpFF4h1uOFAFKRxpqVyqRjAyAiAKoBGAMDIFfotY3NtAdL3mImLRb53G8Kys0BywPToRnHLY68kj4S8LxSJ4yuJ2hKySarqFxdMoX5Zbm7eaXbtzwHdgAOMD0Ir7Lu/DRv7mKczSWyx+H53ZF+VcGJsITwOeO2c9WOa/a66l/Z2Epzd5Qp04yk2221GEZNNvVt633ula2qPkMslGeY1pRS5eaUo2snyuUeV6K2nbVK+iZ+cniCCyk13WJZJRFGb+8m8zdudv37jAU8DkZ47k597HgzR9e8ca5beEfCGmzXF5qEywW1nbK32i7aRgu+RlG5YgDuYk4xkgmud1yJU1bUUZidt/coF3M24CVxnIODk9R6NwvOa9V+EXxmj+Btv4g8TaJYR3vj3U7ZtN0G6uI1ePREbiW+VWB/fFSAnC4wDnBxWOIdRYaXsIKVZRSgnLRt21lfSyd297JJLqevQlhnjE8VLkoKTnUaV5SS5W4ru5bd3p2P09+Huj/Ar9g3wnB4t+LE1h4y+MV3bLcaL4Ltmhu7iwu2XfD58eH+zxxuV3TOA6kMRk4I/Pv8AaM/bC+K37SOty3njHWJNN8L2zsui+CNNleDR7GDd8nnxRlVuJ9pAeR8Ele1fLXiLxZr/AIx12/8AEvirVrzWtd1GRri91C+lkmkMjkkpFuYiOJc4RUC4APBIOOegdZbiKOR2G5wzPkYwCcAKOu0EkheRjnjOfMwORU6dT67jX9ZxsmmqtRNxpK6fJRg7qMU09Vdu+rWx25hxFUqwWAy+2CwEUoqnTbi6tuVc1aSblOUnur2WitdHYrDqerNHHZxyGEqR5cassUY46sBgHgEnHzdTgFqc+kx204hunVXQZkCEsx/vcDBJzn14PqAa9CstVNtpsVjolmVneLbJclTjBXDSnrk5zjDcevIqXwx4HvNUne9vUkkPmlnd84k53EDJA2jt8oB46Dp7MU3Z25Y7WaW2iv2W+nZ37HhVJ07RXM6lRpWSenTbe9n0btptscxY6dc3jLDawLFGmwgkESSjPOCRwSBn355B5r9SPhtpFpovgLTYZbOO3kktYnV7dFRyzqoJmYDduPVsnnJ+YnmvlDwP8ML/AMSavawabazSwRXUSz3DJ5NtCqsCxeVgiKFH8WduPlPIBH2l8QPH/wALfhPotrpOra1F4j8QW9kkaaFosgljUrHlI7qRSVVlYBW+8Mgk5Bwd6GOoYLER+KpOUVyxhaT6b22u772tbfv42b5ZisywahT/AHUOZOpOcuW0bJabX6rZrpve1Xwx4butVN7Dp1lJLI9xKjTOmyCMNkgl22rgkHDFguMdep6C28V/Cz4VS6w3xL8TQTXy2g+y+HNEnS6vrmRMMIpAh2BX6MM4Ugk5wM/HF78YPjH8S459J8Kwv4Q8PMSH+wIYZjCMqGmuQFZiVxznGcYOAKb4M+EmlHXbG78SXFxreoXUrCeS4kaXMnLMGZ2ZiSwHzEjjdxxk9WIq5hmlCrSm/YYaVrpX55RTVru1lfS6je34nhYPBZNkNehW0xeNhpG+tNTaSbtbVJtWv6tHrnjP9rL4g+NIT4e+E3h6PwJ4aYGH7ZGivqtzGRs85rp1DwllwSqsducA9j45pvgO41EahqnifW7zUNQkgluZJZZnmdZcEnMjsxxuIyuFxk8YyD71r/hPT9GCRWcUUMUa8RQjZ5ZDKArEcsMEj3yc8g4x2tI4dI1R1yC0GDxgx7+cnqOeMgA9Ohzz8/KhhMJSqRp0lzQhJOe83otXJtvW2jbaTbbWqPtKWZYvHVaLnUahKcP3UG4xSbgto91u+9j+5/8A4Jd/B7wL8Mf2PvgpeeFvDeh6Pq3iXwxBrGt65a6bbx6tq9zdxpIz3t4YzM7pysZLghTkDPA/Rj7MgdpUkaRgGJd8uQc8gBsHGeepbPHJHHyB+w7A1p+yF+zeEdmH/Cu9GJGflw1tH9QSRyTxzxX2C8u1SAdpKEYyeWI6ZweOeWJ9M9BX+c/GOMr1uJc49vWnOSxmItzzcrRdSVko3aUVZJJJ22SSP7AyajGllWXKmlG+Fo3srJvljfo3b02fc+Vv21Xhj/ZD/aOaQq4Pw11MvjAC+YMH02jPfscrkZ5/zptAs2j16BQVWMNP8yguMea+ATxk55PTtgY4r/Q6/bmmUfsb/tKuxIVPhzqETEk+q8DqSPujkDn6gV/nc6RdtD4igRC0kY3bMZCsWeQsAMZOMYPPQ5BJyK/p36Nk/wDhHzKSfuyx0Uu91Ba/lvpZtK9tPxHxnTWJwTcnFxpyvqrrSndWW6dt9VbzevqWoz6dbWLmdjzJJGSCQNxZcMV4yfvYOdvUdTkwA6YNLuYop2kVrUvvUAZUqTjHXODxkEZ7ZrP123Euj3NzIgaQSZK5xtIIxtHTd2z6455zWLp8jnSbgjGTaEcMeMBwB05BOTkEAAkc8Ef1JNRXM3dtJWeif2d0ndq7Wl2vndr8LwrcoqVna2jS31sldvonu/e01aWj5DSZ1t9REUXKzWDfPIOFwSDjOT1OM54qlPfI2oTJ5hR5JRH5m7MfGecA4OQCByeg74zJpjQzanDE+Vmj0xz14ZizNjjOQBxg+uecVPqGlwo0ciQor5IYg8yHPfg8ktnnoM9e2LqpQ93STeltbJNJ9U3rdrotEbQcnN80k9rR0STb39Vdu+7W+x0djoFjMY5ZNRWZlUSSJGAGZmyNmV4UHBy3AHq27h/iU6faabqSWcciLHpU6Ou3ejlggIDbQWUHPPZsDqTXKKtxbPD5DumGUHy2O/Bxw3Q7VDYzjHXnjjpLh5ZbLUkuYS8P2AoszDO4uV+UbhkHqTknBBweorjUajq88ptpSi2m9Ek43vpq2ra6+Xc65VYKHLGHvLd7vpfpf+V9bLZLVHi2luYNXtI5FDJNaQCMqMbAxA/mcnJJ+XjHOfp2yvCmnWwjALiLysDJCqRg446+vGcgHIIFeJXfhlz4otILVJWb7JaBFjjaRTJIF2qoVc5G7HpyPfP1z4M+E3i3VbSLyNNe3tmEYNzfgwRerZyBle5JJxtyRxXqTx+Fw1K9WtTppOyvUV2lbWyd79ddr2Wuq8yOFxmKqpUaFSpd2vGDa1abbl0vf8tbrTg7cMX3Mg37IyG5IB3L94Ag5K/dIIxnJFfaHwM8GReI/ivpEN2iTRSabpEjmTHleSk0bSM+4HKBQd2QQQWwT1rgG+H3wr8Eq958SPiBpGmqBGx0+0mjmnkKENsUoxbJKlcbfx5xWjF+0V4atPGejt8DPDV7r9/qNrb+ErG8u0aC2lupCsaMg/5aMTglzx3zgcfl3HGZxzPLMThMC6icqVVPEuLhSpqUUnNzlo4pK99Ldbo/R+Esrq4LF4etjHSjGNaly0ZSUqk3zK0eRX1ve1n1XW7P1w/bA1Hwh4m8C/C/wb4dkXWdc8OzOG0/S03wWsAATyRMuI4zkEcsMHqwwa+IF0LRfDLTap4u13RfCMRidT9ovYJtQVQDmP7OjsGJAwPm3YwDnGB9S+D/APgmT+398b/CUHijW/Gvgn4SaTfxLd29gL4W+qS205ZjcTnBy5BZl3MrDt6nwn43/wDBN3R/gNc6PafEL4sQfEvX7yQHUZtOumvbe3LAM8c6CZtjBjtyRz1IYHFfzPwzxtwlltL/AFaw/EdPHYqFarz08LTq16jqSqXqJT5PZ6Tur8zWlrO7P2POMqq18S81qZc5ShShZzlGEFGKgopxbbu1ytJ2bWljxjUP2lPgV4Nhkh0a0v8A4ia2qyJCtsLh4S2GXaYQjIA2eeRgcE9RXx78Z/2wfi5p8nh3TfAXgfT/AId2Gv3Riga2sYmupWnk2+aWxmORi24kkEsxwOBX1x4k034deBrOKz0bRdLs5VR7WOS3tY/tcpZdvmTOwJ3HdkLkgHABzmvC9Y8I6P4jv9AmuYhdrYanbOry/MY2kKv8pCgqEJHCgAYAIyMV+48MYbB11LEQo1p05R3xEpPntytvkVorZ2dpJ7bH5lxDnWIjOOHpyownFr3acVJ07cvMr6+97uttL232Pn5fg18TfiJfTat8SPGWsXJn8u4+yG7mbcjfPgrvwgCsQEA5HYfLXsvhn4I+EfDduktvoltPcrGVNxfos0gZSWVgz7sttG8n35LYIP1TY6BCL6+jCJ5cdupid2OAu31AIJ4AU5+7kg88tl0SCSzCK29vM5Lv+7+Y/cBPGOO/AzyOcV7lbFKi5UqcVTjqrQikkk0tlZaaW87vdpHzbqVa6VSdWcpbPmcrJ3imkt3r3ur30fXx/SNPKTS+VCsKQwttSLbHE5CMp4AIx0IJ9cc5yP7DP+CW8Jj/AGNPhY5UDdrOt7sAE7vtrD17E5OAODgjnj+USTSkiuDbwmOLfCwdeuMqeQB69SSeCAfp/WT/AMEvQj/sifDayh3zC01rXfMZMlAVuCWOehAPUepX0OP5v+kNy4jhjL3zLnWaUOWKd3zSi03a27XWyav0e36b4aSlDGY9fZ+rtyd1rytLTpfW7026dD274FRMY/iZKgz5/wATdcbJGOFuWDepIUHB/wBkcckke06vbKyqq/LuKY2ngnBHGemQOwwA2Thunzn4L+J3wz+FPh3xvrXxD8b+HvCFtN8QvFMqjU9Qto53Ed4wD/ZzIbj5ui5jwQMck5HyB8WP+Cv37Jfgi5u9K0fxZD4o1CORlguYC7Ws0kfyn7KIVdpSSCFR1XJBJyQTX8z1eE82zLGTjgMvxWK9pClZ06NRpOVODd5W5Vv3WuzR+1wxChJuU404RUVzVGoK6jG6vJpO3r0trc/S99LdJi3ls7EYwik9QMkkD1z1xz93pTru3+yRC4uCIYIwu+eZ0hVU2/MCZCnyDuTkDnHIFfzq/Eb/AILUfEHxTNcad8DfhL4o165dHgS5u7BtKtIiPuzrcSAGRCuWBKg4HThRXwF8V/2nf+CgPxalsZvEnjQ/DvQtd1CLSG06w1WSea3t7gEOXgjA+YoW3HcMNkHBIr7Dh7wK4jzevShi5YbLYVZxjFV5p1vecbL2cG5trW6fLd6Nu13ljc9w2Cw8686k68IRvU9jSnOKirfbklFpNdH100aP6u/i3+1J+z74I8D+OtN1/wCLvg221pfCmuW0OkHU7e4vGuJbGaKK3VIJJB5ryMAFJGG5PXj/AD6fFXhdtQ8Sa/q0OoadbRX/AIj1e92ySIp8ue+nlhkG8g7XRgwC4DArnHFfRviH9nbxNN4j1e61b4q308t4W867limke7kf/WMpedvLYMcHA/iz0Fcon7KOiXmX1bxrrd6pYgkMyBgM4UFWAz2zx7dCK/uzwZ8LaPhsqteWLnjK+Ip03UTgoRjKFtYr3pO+u9umj3P5x8QOIocS4WeXYXDzoUZVZyc6kk5t2s7KKSV9/ebv1eiR8saloWkCJ11XxVa28iyH5EMZG0EDcoDgFSADjJzxwecYMVt8MLeP/S9ee6KuQ7RMo2FewUbjtJAGV6gnAxzX27b/ALKPwrjiDyWWr6i4bDG4vpMM38TAOx4zyOVyCQK3rD9nT4W6eox4R0+aUMGXz98jMrHILZBXk8E84PQ5Ix/RH9tTUrqEfs2ld2bfLfpbbS62fofh0eDaKs27pO7T923w37Wte19dUujPhN/EfwvgP2ewU3Em0EmZHYOVwMDYrDJxnn+L3PNyLx7oEIjWy0O4uJR+7VILCWXjIAZX8tee+B14XnrX6H2fwf8AAdmpntfB2hW5UrjdYRhiAMghmBUjOeP4sjjOaki8L6JaTEwWGlxlHLLGIbWL5E3fxN0xk9+gVccmj+06k25csYuyXxK3LprZvV625t97HXHhTCRknJRSTVpeiXKlvt1+9+X53XHiPVdScWln8O9Su3ZCImGk7cs+TwWUZ7c5Hv6HifDnhj4wNezt4e8DlITdy/PdQRxGKRvvKybcqVPC8cDkYwM/qTd3OiaRcQ3V5q2mQpEVYRJdWyuFXO5SoILMBxnI+pA58h0/4w/D3T/7bmuNctIXm1qVo2a4TOEyvGG9uACoIxgZBNcdTG1YyWri4rRNPXWKd9XZLz9ep6VHJ8BRi4WVtLppJ3Tjr3VrN769UfLsvwy/aK1Jh9qttK0tXQAs0m14w+cHAHXBydoOcEKTkmpYf2aPi9qJilvvGun2Ck4PlRkshOf4t2GIbjIB3cYwcmvpfUf2kfhTayIbzxHDMUTcSrB0YjgLt44BwvXaM8ZyDXn2qftf/CzTZAU1G6nhUk+VDCCCSDyOfuqOfvDqAc8Cs/r1Vzl7+slr6JxdtH5Ws72dr2Ov6hl6slJu1rd9OW3z6v8A4DvwNt+yNrtwsv8AbPxQ1RW35ZIY2AHPVSSMDnAOG/AHNa1p+yb4VSVW1fxR4hv2X5CxnliEnIAyQQQMgYPJOThe9Zuo/tv/AA3G9Fs9ZniV9+8RIpP91c54GScL24JxgrXHXX7dPhCJnS38OX9ySSY3mm27RjIU8kc8Z+hz0rJ4qb1nK6Uk079uXSylezTVrbMtYfBxikrLRPVJ9tLa9Nmtno+x7XbfsvfCS2ZWNlqOpvjn7ReysAwY53hj83Jzx0H4V1Fp8CvhDp0afZvCOmzSheTOplYkYU8sGyQCODyB+Z+OL39vaaMSiw8JW0UgZtsk1zkEHhQV25yTnOMnqOATXFaj+3b42lBNnpOkWXyHacq55BXdgglskcjoOo6YMvFQSbk0ndcy3sny2fZS6+9+Whly0VdNQsrWXLo0+XVaWTfo9U+9z9JrP4f+A9PjDW/hTQlYINm2wRi4zgfMVByDx9fUZrprLTLKwiAtNG0qzbepBis4RgHAGCyDLAE7TuyuAeMYr8etQ/bU+K13lk1Oxt0KEBYrZC3blcEdM8nPXkY5xwGpftRfFXUEIn8X6gsbMTshYJgdBtAZcLj33AHgE81DxtGPNaKbSsrRStdpO8r3+a1bV+4RdJJpWutY2SSu7d23ey02Wnkfr34T1C1t4/ESfarSA2evXWDLNBEWaR2LLtOCAAOFHC4BHPNeiw+K/D0MJlufEGl2phRG8l9ShG4sOWJ38DBHAB6fQH+eS++LXiu5muZrjXtQkW5laWWP7VIm+R8/vHKn5m5HOBjqWzWM/wAQNalGXvbyYsOWluZckY4UfNjHOMnHXBHQHOOMUr+67aJK7utF2Xk3ba616GkMTCntC67yeiuo6XSt7yVkldXaXVt/0SXfxW+HunGKS68a6KQWYuDcLMyAZ+UfMdxHPXG7GDxWHc/tIfCWwkjSbxjbXCqGLLENyDG7gFgOCP8A6wxX88z+LNamZ2FxOpyed7EEE5wCX4A57HA4IIIpg17VHAH2iZs8Yy20HA6cghiuSMc4wOmDS9tVf2ZOLsvdVna63tbW+l9HZu1mgeOVrOKVuXVtK60ejW/bRuyvsrX/AH+u/wBsj4Oacu2G91K8Kkq6wJ8rAkgFcD7vvyAOD0JPO3/7ePw/tlT+ztGv5JY0PkySvgF2HAZAQOcBWLAYHfrj8L49W1FisbTXLdjwcDGeOT94gEbc4yc55BFuC7v3c7hM2MMNxOAB2IB4yejDncBnjGG3Xl/y6a16NvT3fNadd+t2rb5PMr6R5E1Z3Uknb3Xfz6O1/Natn6+aj/wUBkaKZbPSrWGTex3OxdlPJAwc/MM7m4OSc561wepf8FBfH8nyWc9lbRxfIgEKvjaeSScY45Bx8wxweK/NKKK/nDnyHUFQQe5yRkDkknpgkNxnrkgjWt0CQ4EY2/MHCqeuDnHQ8nJPODgVkqOJbdoS1et7t2stXdP/ANKdvk20szlzNKsuaO6vdW0ut9/nZrS2iS+4dW/bl+K11K0kXiOeJiXIEEQRQzAjK/MQAM5H3j37CvINb/ag+Jms3y6pc+LdTfUkjlt0uvMIeOCTAaFMEFVYcEL6gHkZHz8lhIdx3x8Lljnnng5AHPfg55HTOBWVqFsITAY+SWwfLDdjjcCQCeT6duOtR9XrRV5JRfuvaz+zd6NX+T1ttq0L69Kr7vtbrpr5Ruu6fz373Pa7r48/EG8CiTxZrR8vJZRdyKGJPPKnIJ56ZwCc5A45O9+J/ie9Zjda1qknHzCS8lkDZJLZG/pxnBwAeOmM83a6VHIGZo92QDnJBJwACAB83JJwM/puOnB4eCjc1u543c5Py5HPtyRkAE56YwKtYOtJJtycbLVX2vG1ru3T/gLVnNPG04XXtlfolJ30cetnbRX2e29jKn8UancPJuu7piSW5eTgdSMb8D6jPGdvAqh/auoE8GVi5OXLMPywxLDA3Dt0Iz0HZx6HHhZDbBQ+QRjaSOcf3c5zgDjrnPWtBPDsrKGW2QqTnEi5ZgDzz/M9iM4GcVq8HKyWrX/DLVy0u7L8O6Of+0advivsrOTsttl/wF8tUedyTanKAzvMdwOBnja3fjB3HoD0x2qF4b1yoeVgpx13Mc8Hpzjnn35HBxXpD6S8RMUiiM7uVK9ExzychSBkdwMcezm0iNcBRGwk+5nqOuCp57dc/iO1L6pPrFttqzbvty2S7WXp026ZSzKm9U0tVZNq+lr6N2dul3Hvyp7+cRWNwXYqmU253bSQeuR0wuT+I9M9JP7MuWcYVuVB3bc4GeeABxnHT6YwDt9gtvDpVXMk6orhBt28EkDPOAcjOMnHoQM4NlvDFpvBN2wUjABBVtwyW5HTIwOcdAdp5NaRwLdk03LXtpa2l76923ba2ugSzCKSfNG/lvbTe8tG7a631dr7HismmTI2WLtt+8jDHOMEjHHfg8YHpjBpaZo733nsI8KkjH5cEls9Op5xkZBJAz1IwfYNS0azVSVcsVikOT/q9wU4+YcHjHAGByOmDWF4NtbdkvlmAB88iJmbAIySMErkc9uehyRjmoYKPtYRmnZu6d+1n8rduvyFLHv2U5x+zbVWs1ZLS93du/l+Zzdt4XJ+/Eo46Pndk/d79Dke+ffpaj8OR72XyGwoGNpyD6gNznOW6EnHXgHPscFhaSuGiw4RQG3YwWVcY5HHOQDkHjIAH3qU1rDHPICACASFRvl+cjhiM8ZBz67uoAzXqRyyg5xvHluk9ly3duvLun621T628ernNazcdElra393qtFZ6PV6W6nn8XhmI4m+zIyucdM7TjBJPZs44bJAB6CrkHhy0KhpLZCm8jAHQg9D0OemeTyBk4Az39vBE6BG2hw4zhmBZTkgYXoOckHPBHXFXiscEYxBGDuJXaRtOCN2Sc8A5yM8nP3QuB1U8toKLfKnZrl91NWbitrX092zd762TOJ5viZNKNVxstlq7+6vPz0fc8/TQbZUIW3RnL8bQS2AQBnvtBIGBjnHJ7aDaDbgbmhXcCp3AEk5BG0dyB0Axzgjtk7ouESVleNSGUuXUgHjkgY54PPTPHHQ0LqkbxkujOFkAUDH0+b7uS2CQewz160fU6d/sqyVrpJ2dujS0W2z22XTJY3FSvHnbvLe78tuVK6d1ZdTCbSo42IZAy7QfmypL4wMjAJ29u3TkZ4t2Wkw4CzRbyzHEZGwlAcncw545yQCBzgtnJt3ErXbg+W6jegQjkKR0ySc8cg9Dx35FaFurKoTbmUSAqCwwAQDz1wCSMc5x17ZpYeCu4xtZ3b0ta66PlbvbZa6vXYdOviYVL+1mpLZK+/uvZO22ttX1W9jzbxT4PMNnf6xblRbDIMTEsRkgBieuc87eeMZwTg4mhWAj0+CcKshkYswdRu25PQEMcYGCDg46jAxXteu7x4c1CArmNohuUIWQSsCPvqpBOcAcgMT8vqPPdO0y7ksrcw2d1wCoWO3kIY7cfNtUk7sdQDzjb1rijhoLE6Jar3m7b3i29pLyS1137r0Z4vEVML7yqOTnvG6btZ366bWVnZa+uU1upUvbxKo3ZUqPmJ78HBXHQ+vvVuIzQeUheUruVlO5sKeCQASQCOeeOgB7V1Wm+E/EFzLtj0TVJc7gFWzmUMPTdt46YH0B4xx3em/CTxjfzoieF9SCFVZjJCY1Zh0BLHK9MdcDuTzjrp0YxnHlmoq8V36J2vZLS6fTfTW551eVedOXNCUla1nGTWttLqO17X12Vlvp9K/szeNvDnh25a71+SWKC7jNokiqzJC20AM+Bu2FjuxyPvHjmv0NRbK6so7myu4J7S42vDLbOHikjdQwxtPD85OAvI5J7/KnwS+DumaD4XupPGtlp1rqMkiyQxXs0eY4sAgKmW3Nggt0ySeMnA9s07xL4A8JWDaZa6zBCiymVoBMZRuYfdgLZMaoTgAcrgctgE/QYWvGKjGVWCjFK9mo6tx5r2S1a6fda9z56eExE4uMMJVc3zNSitLtxt18t7L5bnW+UmQpDLHuyUcnnc2Cw4PqDjjHB708QJknYWWMheSdrMTxzjAIwCWxjrz6eb3Pxq8BW0hP26W52jaXi2FA2DgctndznIGABkYwc4E37RngS3ikPkzyEEL5YeMKdnOThjjPXkkfrXe8dhY2/eQfW6d+qte0t+ttV2Oank2YzvahKOietlfZLW+mjXz0Z7cLPcG8pUACguQRwSemTt+Yk4z64zjJqx9nlCPtCR7tm3dhZCoJUnHUYIIYnPbsOfmqb9qXwlA0iwaaBG4Uos07B/l4x+7DnAJ+U9T6euDf/tXWciq1loaTOCVjyZ5GPI4YeXuOONucg4O3kVn/auEg5e/zadLvTRt6KzaT1v+bOmGQY9pXSTsk03G6btqrN7fO3ktT6K8Zn/ilPEGY0Rf7G1NWbJG5zbNyAcbiTyM5xkdc18zf8E9mDaX8UIgzELrO4rGOQd/GGyeoA4xnAPIPI5TxX+0v4t1PR9St7fwe7201ncW8zrYylYYriMo0jFo1AwuT1ODyegryj9nBPio9n4jPwp0zxBdWeo6gW1e80u3VoornLMIJWZgMFsjIBIGexNeTVzShLHYWpTpzqeyhN8qi27SjFJardJXdvzPYwmR1o4DF0J1qUPbSptScouKacVra9nZbO133ufshfKWhkknPyRqqxrkI4I5w655IOcAAg9iO2FLLaBonlmgiWNRhhcRK/TGWBdQoGRnv9ScV8Xx/DL9rbXZBLcaPrVsjdJL3VPIDHHDlVZiqkfXBzzgAVAf2cP2i9QZv7R1Kyt1Y/P5+uyt1IySAmTggnBOWG4kkqa7pZvXm17PBVbu3xe6363TXfXTS2iSOD/VyFO86mZUVF2dlF3VmtVo76vrddmk9fsM6xoVtKpuNY09WZiY3N9Au1MYOSJOSDjGD064BrKuviF4L01zNN4n0pdu/egu1dQynHzFSSCecbQQDjAx81fJh/ZG+Jc0qNqvjPSbVS7b0hkmmYBsHoxALZI6nJG498m1H+xjdlnGpeP2IKbsQ2LODl93BMh3dd2S3zNyccmh5hj3yqOEtayalNJpaWbdlu3eS1u/RG6ybLYpOePlK1m/ZxbvtfX7273vbW1rH0TffHH4aWo3P4nsyyRhgtuWkyzclfu8t12tkdMkno2G37TfwqgjlLapczlQAfKgBbcPvbiV7kADPQg84II8z039ivwwu59R8W65OpRWASExh8dQNrMVXGCATgAZ4ArsLL9kT4UW0QMg16/lIywkvZI1ckZ+ZegP8R+U84GTisnicxneLp0absrPmb/la1TeuvqtEtHY6IZblEI87lWqaWlZNNtcq2aTtvroruzexBqP7WXw8iTdZ2up3YAYR7gke0n+7833T6ncR6DoeSk/bL8N7ZEg8OXUrRjaA06rlhgFmKnqpxkgnHT2PqMX7NnwhslQr4VkldGCqt3ePJu45wD1OOuBjp+OxB8GvhjYeYIvA+ihmPys9ukrlgRlTu79AeTkkdhmoVPMp3arUo3abSUttNbNL+Vq17q/yBTyehK3s602krN2Xbezeqfq7as+dr/9sK6urcjS/DtoZWJYtJNOyIincqOBGw/2QRu5PPWvlHVvjbrD/GlvifDpcEmqpYxWkdhbpIojSIbVYDZu9SSy7QM5YYr9VbfwH4Ptv3dr4U8PW43RoUOnxBmJIIBIz146kg9/SvjS68OaS37YWoaImlWEenr4WjlFiltGtskpQEv5IGze3fpjnJyawr4XHc+HcsZrKvTjG0XZSsrS63d722aejtudmGx+W1I140sLoqMpT5mrTh7icb3bXM29e3XZvrf2sLVh8VdJdFJxpiJ5ignGN2VbjhucZOTzg5OceAXgmtYizZkMysDg7QOgHUdcnJAAPI5PU/TP7SUzSfFDTUMEkxEJXIx82cZIzkcDDEc9hzXnuseDYLnSWvLaWCe5gy0tuZxuXcPushwAVz1B6k/eOMeNkVRSwTUZaWTSW601WyvoulnptZaevneGqvF88bJxavdWejtdJ6NNb211vs2j4Z8TqBrC7VRWe8gztIzt3AdDzk9ypPQnPIr68+H0oHw08UKFUA3w+cj5cCNQOp7nrkjGfm44PyX4406aw8SiKZPLY3cPyK28KN7HjoGGQcY49zjn6l+G5QfDLxKzSOc6mylTzk7UA5OTnA74Jx0+8W851G8etXb2kE1omoqUdG2lfottdz18LB/UZKTs/ZrXZbJ6977dt/IypxAixvtHIwTGwDnCZIxgjb3A6ZXJGOa888bpE2jXrgzI7RcI2CoA6EggfMvGfm/pj1NIEdF3iMqcCMgdBtUljn0wckr1x688V47t7aLQ9QDIgZYhtY4G4Agj5R0wT8ueQQMDnNfXVlF0JLlSbp2178qatptrd762tufHQko4qzSsqi0T2d1ZJWV7p6dntro9n9jzYPGulkgNsmvHy4CgYjAHXI4wDzjAI5JOa/dXwTqF+nh/Tnjht5YXe4YxBQyth3BkZscbAclSATjpX4afsfqo8X6cNoZ2kvowAvX937HJ55+o5Ar9m/hvqF+NMe2G1nhvZrU2wfcVR2PJUgmMc847nb15PBwhU5M5xMLpc9BqOiVneLtqlpsrvtfqe1xPGUsjoOKceWtFqy2uop3u3fXSzVumu6+R/wBubTmNjpl4nleW9tcNIIQqj7rdVHHGNoI4bjJJ4P5kfDuNW8Z+HFXOUvLQ4Y4BzdDtycZPUjnpxiv17/bX8OzH4cQ629syG2WeKTYeEVkYISVHRuevOSDkZ4/Ib4eDHjLQSSR5V5p+CRkjfdJx09Dx/dyO1ZcZU4wxvxJylFSdnovh0Vrq2y9d33nhNqeGTvq2lurprltblvbukldSvo9j6f8AinaXNr4o1JwSpW3imj8tyMNsUFivQnOOeOmMYyR4w9rc3UckxnWZtjsweMNg4J+62MfKM84PJHGefpH4tPHa+JrnfbCcTadG7bweoAxgnqOOcY9QMEivJZJbBrAYtlibbICVAJZmQgcgHHHGewHQYryqcU8JBJbU+Z30d0lZ6XWj26O3np79ac1WlGzu2t209FFXVu730V2u1jwqyRk8W6MSkakSqNygA4aURuBwSMjgrnv1zmv0Q8WaDZX/AIc0+S7iZ2tNOigDIcbWkAKcjqFU4ORndwQOK/PgLEnjPRVTI3zxj5sMOLkHHfJAGGPIbHXa1fp9qcdgPCsUlwcjy7FGXcwJ/cKOvPP3j+QHGDXzlRxi5yb6tfzbJaWe7VvlfV32+iwFKfs3Jte9yq17292LsrrRpa81l2Vnt8QeIdLjtZjEiT/Z4tpUljw2MEkAjCjqM/xYzXj2omKPxC+55ZCqwgOxDEsZAScgtn+IHJ+UAAjpX1B4zi0sR3SB3Uu4wFOdq9eeM8YPHJ7jvXy/raRQ+I2RZOGSHB6sQXUDJ5xzkE9CeMAEivJqScntZtq1r28tL7p6bWStprr3crXLZK3u2ula+qto0vL57dF9leMdatbLwx4bsdSu0tLXVtDhQy3IBUtGi4CrnnIBJIIxgEDJNeB3GleFZYnl/t+wkGyTbGrIh+Xpg/eyeemADu6Egn0L43WEN54U8AKlysnl6XCoZ22iMvGCUAyC5J6YbA4A6YHysPDkpl2hhhM5Y5HUe3bvkcYzx3rGq056ycdF0Ts3y3d7t9ZP9XsdUYqULKCbtbpdSTXa7V7tu+qv6W7GxEJ1KQW8iOsYiVXjbcNgkXGTgYJIBYkAk8gdN32j8ZkI8K/DrYRh9ARSQMkOUUAEdwe6nAPGMd/hXw3ZTaffzecpKl4ETa33gZEBGCOmBnrn0HHP3b8Yo518JfDl1BZTo0ZVlUfKPLXC5yNxztGBnKg9hWVnyNq229+qaW+qV0knbr5sxhDSSTUXaybd3o1a1lbWyvfRWd+x8u3tlJFDHudVIlYAFcMO4LA59cZwf4QcEVoeFCra1AHYZSFjk8ZAZSR1wMHJOeCODWXqU2oNCss6yFkkO1dpXC8Ahse4BJz93IwQTlnh2aUatuKgMIM4B5ByOi4/rx94cZrCMrysmvdcXta60/yd9tdNFonBy543Xutx5rq19Y99ndK1m7vTV8rPrH49wwXei+CEnO4Hw7hVJ3bWCHn+8VAAwRznGMAGvkVNCnjRJLeZXO7aqogJK4+YncQwIyByR0yNxxX098c76UaR8P1H3v8AhH22ndjnbx1BzkcDrjgnI4PzTbXc0Sfv8ht3UMBwemVHRcHr+fJIp4h35dVeys9H2X43XpfRa2OuDUGlLbo21orx7rTfTf8AHTufhxA1n4nso3yRKJSWU9iAMEZPfqMHGeOOT9f/ABgij1L4LeEoom8ueHVHHJIwA7ZwARk8E8enQGvjjwPOG8T2LOXViJFJO7ae+eDk8d/p2r7C8Y3Gmr8I/Dc16xfbq8yIuflYE4Az1GMkkY4GMkg88s43pO6eltemllsnvrte19bPc7KVRRmmkvetFXemyu79G9Ur212eh8az6ZqMMRez1OcMMKiRSkZ5OeGJG7nJ/iHbiu08CvqFzPAl7LJdyQ6lAgeVsyKhZVYcZwOzE9eScc1S1KfTImbyh99vkKMSBlj0Hp0z15zxzmrXghzHqYwRiTULcgknON/HAJIwB1APccnOPOSjzprvppe70tZva9tVbXa+p3Kqmt77WSd7tJbJq9tN229FZ9vrr4rXel2Fzoi3NrMD/Y1sVmjXIUFAMSc9dwA6AYPJB5ryWDUdLuo0MV3bM+4rskCh8HkhgQpOB0PHTGccV3HxsuopbvRYpHkw+kW4+VcDKhSOR/Du56nk84FeD2tpbi4CM6lSTJlgRISwyFJA+YjoQT14Ga83GYem687tqTavZrV+789UmvvWutu+hUnKnBxaV4pX001jq2nstH37qzR7R8Gf+R/sxHgkX/yKCCrnaAMDPIwMcHa3y4PQVJ8XfCsd9438QSRqIbq4vld1ALx/d6thOOOO/rk1U+BqRR+PbFUIYi+ITBbAyepPJxxnB6jA47df8WZr/TviP4gjhvBsE8TuT8wJkiUjAOMbSVJUgkEEelcOOmqMKKs2uVR0dr/CrNLXRXVlum09dDTBqo6lWS0u92l/NG11dWTjp6bHl1p4Zv8AR7O887DpIF+aJdxRAuBz1I4OckYOT2Gfuj9kLTJr661yzt2Z5JfD9yjQlgikMj8sWwFU4yTxjAPQYr42i1rVHsLlbibzYS4HzIBuBOM57DIwBnvk5PFfaH7MMvkaZ42mhfYZfDF/EsqL+9jY2spBRwBsZf4SMHJAPJ58HGSjVwtRJqDtZWXN7zlFp6Wd9FomnFJtpo9Si5qrTUuWVmr2vH7Ud0nr17tdranj3xO8O2+meNpbKytZVkijC3hRvOhE24sSCgIYZHyhQQOgyBg3dGidpTH85d4FDNtcY29egJ6EY7c9eMVxMV9qLSzlryaRld/nmffI37wgF2fLNkEcE8dPQ16j4ZuXaW1GF3SKFkYoCHXdzyTnkcYwcHPOeB8biqkopQnFtrTnV9dU5arbdaO6013PpKKd7wWsmnyvpZxVn729tHtpfzb+ovgm72eueHLoEBYboO7O2zlXBzuJGAFBOVBLHrnPH9x/7OOorqvwR+G15FIJFk0C2y4bcp2xoDlupGQc5GMr0zgj+J34TaPaajeabC8QKperHshO0lW5P+6P4gTyAOgr+0z9lKyXT/gH8ObJVIig0aJUVuTgBSATw3I4+9jg4Gfu+FwrXi+LMdCMWpTy+z00XJWpNbbb3f8AVo48g3w1lk5pJwxqW7SbdGV0tm/htd7Xuj6QjACjtkcsB15479PToBxjOamC8kDIDYBzk4OAdvQDJAJ6c7iOBghsfCttOMcHjGAM/dHII44yeoOatp2PBbnIwDz2ySMkc5z68FcGv12Kdo72tondRS5oq7uk73010s3Z73/EZu9kl1v1s9ttde3fXcYuCAScY5B6MW6Z9cg5JILZOOC2amTJBBOQeuRgEDGAQcjb+HXHHPCDPAwT3BGOV6c8ZOPQcHk/w8ygAkKcDnn6+ufUc45O77ucYreCktG7JWe17t22l8rd2pehi35X19LWs+tul3/VxgXb1PAJx1Ax9e4Hb19uKVhnkkgAZAU5JBDMq8HJwOD+BHO0GfaB1AyCM9OeDnt3OM+nQ1GyqGVuQTjGBkYORjg8/Mp6gYBJAxWzjeOttWlbt8Lvfbz1t6bgpJvydte97ei09ddLEagKSATkfMAeo74HPB5AA6cn5umXABtoAHsScEevHYDqBnnr25csa5IC46nORxnBAJ7YAHtnIxgjL1VCTknGMEcgHHPQYzjJwc/NjGc5IFF8rSaSbWyad1y3tZPydl29WJzSas9VHV2el+XqtO/X1IduWwOCM9xjAyAOrEAg8dCOVyORU+BkhVwqAnkjknBUBc4wcdRnAGcYBp6hVJC7cYGcZGVBOAQcd+BnsckHJw0jsfU8dRnPTJzx0J5IPT7pwNowWiV76ebWid9e7bdn0s9CeZ2/L5Wunu311vHfyDBxjAwMHO0ls8EgdMk8YzkH8iEOX+8CFUZwWxgAnPbA/wB3j26qKX8/YfX/AD+NJuPOD06YHQjHII4/DHJ+nGsY+aVrWura6NLb5L/h7idvO+q7tJJtvVtapp6Na9N1H8rZUggDgH8ckH0GccH7xPTg4VlXhTxyOccnuBxxkcf7QbAHIYU/A7AEkHnB5H9R/ntR/n/P+fyxWqUVa/5LS2rb072uvy6y9d/ve/TT002276CLgZJJYgYGcYJPUN3yeAQB164JO2UNyrEgLgbh3JPQgcDB6kdzg+mYGwNuc4II4yBxwenGemeD3wB0pGzzjByBtycc9eBnOAOT7jJwBWsIpWaXfp0Tsltt16Nu3TQpRvZvRu2qV7Wa0VtF2vZNa99LRYAe56A8Z6YwOTznI9RTWAy2ByRhsYBHpjg4IA9gBjHNVmY4IznsB2BKkE47DgAZ4I9TnE46Lzzxls+nODz0/wBnjHHTcRVjSa20vbW6fWLaatpdNpat9VuATJKksdwBPQY656jtxk9CCc8Zp23gbjuUHgDHfoeMHI4z8vKkk9QKeccZx64OOnTOCORn9e/ajIBwSPfsMjpxycYB6FcEjI71rHkTjdf4ndq2qdnpbdbKz0d2S7Ws1dbWbasrp2bct09N/JJbSeuDkADOOCCM9crjPHBHIx6gk9Knbk5xjjByevAwSRknoeeeD26GsAoP8XPcHv7DPHOSTuPHQZyadvHRgcDJ4JJ+bp7k4Gcg9ctwetXimknq1dbvR67v8e2noc/s3q9rO61vo+Xy0XRvr5LeUjHTA9eBz/L+Y/GgDgAcY/x/Hr+fPrTSy4yoz2HoAR39ARx29OjCmmRckA55PJ7AY7YGAP0PUk07+mn9a/16EuVmlbVeV3b3Xdq3R3Wu+2zdpc/r/wDX/wDr0dO/59qi80E8KW5xxjoe/JHtx1J4xxmpc7u+ccfl/PrTcW+XlWvlZu2jb7p66/JP3VJERkk3fTXp1enfVeTtb8xRjv8A/XP0+nPP0pknBByckED2w2MdOnpjHORtHUv/AEP5c/0phG7sNwGfVgc+vbr6DgE5xzQ77X2/DZdUtdlsr9itXqnpZPXtdL/NfPyI+V65AOf8CcH6+3b2NKhOxieeehAPI5wMe3Gcjpz6U1uD3GfoRnqcE9eevTHbJ4oUkbgcjpjnB4zxkjk55OCSByRSX9f8Afp+P46a/J9ddtbc34wyfCPivbyT4c1lQfvAEWUuBjrk9B34x2NfwueJdD8V6v4v8RQ6drFpYx/23r/E8CyMq/2ncnglslhwOGPB5GOn90XiliPC3iUY5Ph/VSA2Bw1pLxz2AGM8E9fQV/Cp8QdZ1bTfFniN9JnitriPXdeMjSoCNn9p3OMZGSCedpx82CRX434hQrVOJOG1RkoVFhsc1zRvFe/h2nrpppZ23v0P2fwxdOOTcTe1SkpVMArPZtxrJJ201X5PzPO/GXwv8dRXBmfxfYO7QRZK2wztUA4QZAyRnAHGSTkV45qvgDxoJYvM8YxpD9zc9kuAVO7HXDnHAzjPPPWu68VeMPGF2DLNr1vuaJVSWFFAQjCkdR64Jwc8jgCvEPEXibxhkLN4immXCyRxxhNiNnb0yMDGM85A75Ir2cnw+ZunP2mLWslaVo2SVuiS03SfvbtaI0zCWAVWKhRhblaknG6to46rWK1eqvZatvc93+GvgzxFD8RNFivvE9zPi3u50eKERy+ULYgLC+SQGJwDyCCoUcgnAn0NLrXdUF34h1O2lTUL6JIzMQ7IJmBfd3ywxkg/U9Df+C+t38/j7R5NT1VpbqHSNQlWaaRY02LattBLHAKnHBA7jqdtcDdXFzeeI9Smu7yJFF5fkD7Sq+YpnkIPUFgD1JyDnK/L977nBQmsHCNWo5tYh2eiTdouztHdarRPT718NjI3zOq6UVTisPSko2VmnUm7Pe1tU1v5p6HGfETRWt9J1qQanqlzFHYytHFLcbonKMxViCOuV4BPPXB4NfD+hWMGq/tB6BY3azRQX5sIZ/Jdo5SHs037ZVKlWPOBxnrxkivsv4hanctot/bxy25R7C8RSsysTtRmBXHPAGcDoPQ18ZeG7yOx+PnhK/u5wLeP7BI8gGQgjtV3MOCcAcAY74xkZHbSSviI3a/d63TV01fTR36emqVjohzwpUZcyk3KTvotVGNm9rJXWr+aufqD4s+DvhzSvDWpalZfbklh0HUmthJfXJkWSK2kKu5LHdnAODnAAbg9fyz+DehWOvfHfwto+qRSS2t3POtysMrRPJuR8ssoIbO4ZYqSScE8dP1C8XfFHT9S0LUbSPVhLbvpOqwxoYW3tI1rIVVSCeDnG4YBHUHkL+ZPwWvoLH48eFb+Yy7IJLh5PKjaRvkjcEKFwxOR0HJ6Ajqe+goWg4Lltbmurc2kX1Tdknd3Vui3bPPUq9OliXWk5NxvB32fJ03S969ul13P0o+NfwX8FaF8LPE2sWmn3S31lpplt5JNSuZo1YOFQvE0jI5A6EgkHac+v51fs9QaZqXxo0u31SwtLy0fQ7iSS3uAzQs4YkF1GPmHUk4HAxk4r9Dfjl8SrXUfhN4ssle7Bm0wrCj2cqK6l15LbcAYPXPTJyMnP5kfAvUo7L4sabqEhnZY9IuI2WJHeQklsAIoydvIzgHaMY5OOmrCDlTUVyrZpJJ2ur6PdK+jT6q107HLl9ScsLiHUlKUk7pycm9IxbUddPN7t6X6n318cvDPhC2+F/iC/wBL0OwtbxEtQLqKIrJHmVCRGzMdqtwOMMBx1Ga+Xv2XtFstd+MWp2FzZwXEUejJIsc8QlUOCoEpVgPmGc565yOK9m+KfiOO++H+vWe++YStaMgltpEj2+cpIZiuARwNpbB9u/h37OurP4d+MWr3q2t/eLJpIg2WUeZQSyMPlBztXGMjBzzg5GbdNU501ZttLR3d22rPXTvtffbYKUpSwuIk5tW83fRR1v0UrdGrPax9SftV/D7TdD8IaNqMUdtbO+urFutLcQblaInazKee4YZAIPTFeL/sbeEdG8Tr4+W+ggnS31dIY5JYt7wr8wZkPbOeTjJBGOcGvYP2pPGR8ReCfDtglnq9o7a5DJEl7BiJgkTbh5hwS5JOADn5sklSCfGv2P8AxFeeH7P4gi30e/vWm1gEvbcrDtLLtYY5LHIAPI6Fq0hf26UtLJtJN7prl6tX2vfa7V0RFv8As9Pmbbk7c0m3utE7vrdWva29tbdD+054V0Tw3qWiwafZ2ttFPp1wJTbw+X9o+U8yYJDEluegDZ6Hrwv7N3w30fx3ocq3E8tvdNql7CkiAHy41bDEjg5wAAcnHy8jmup/aI8SXWu6xoSXGjX9lNDptyifbFx5u5MBx1wnGc5684BzWJ+zTr2u+GNDu20/Q7m9dtYuZVuoiBBHlmLxMQTzkBSO+enAFXC312V9dFolvaK0um1tda28ia07ZZBKT1na92vtxvd3tv8AJeYn7XPw/sPA1t8L9PtJjOrrq0jsyqSSuMg425JyME+mASOK+w/2P/BXhnWfg9pOpano9hd3hu7sR3FxbRySBVbCKC2cKME454znmvlL9rDxFqHiqH4aXV/pEmlTWcOqDyriQsbksFzL04UjcQPTr617J+zh8Q/GGh/DbSdJ0nwpc6hYxTXM32u2mC72LqTGQAOAeOCe4K0Jz+sJcjvzXstbaQaV27JNpvdNPtc5Kz5sAkp21TUnKzduTeV0tH1Wn3nz9+2ZpNlo3xQ1a1sIbe2gi0SxdILeJII9zM2WCIF5PGT6AZ9v1F/YJ+Hnwx8ZfCbRL3xzaeE7q2sPD/mtHfXtjZ6i9y7uFkYynzZArAA5GGLcnI5/KL9rPWNQ1vx1qmpajpM2k30mj6crWly4eUIdwDMcrhWB4G4emODj6B+Gwt08BeFY/wDhCi80ugxE38d3cRCZVywZkhkVAuSCAQRnpyQRz4+jXqJwo1HRqXT5ovXe9rbtW302vbuerQlD6lhlUtOKSTaba0XdvdN6aa90cN/wUM0fwr4c+Mcmm+E7fTrTRz4NsLjyNMeN7WKVrqVesfytKyKrHHOCS2RzX2d+z1a2Unws+H8lxtjjttHglEvlr8hPRSpQ7yWxuJJGCeOK/MD9pz7RF4ttPOszZpP4ZtCIJXMzsFncIzSOzNgH7uSc7cAev6K/A3TPHF58LvBf9meINGs7AaRbSR2t1Zh5PlLYjaTsW5B6EA9Ocjoi5rD0IzanKMYxm7Xu7xV3f1vs1r01awrun7Pl5moys4pt/CmtG3q9l0XW+5+cP7VYt4fjP4umQqyC+tCvGwYeRCSAPlVtpxlQcHk9q/WD4b2wf4e+FbnCoo0ixw4RMgNboQR+7wQfc5xk8civyK/aQe/n+K/ipdSa2luRqEME89uu2FWhWNl8pBnOemc8rjt8tfpf4BvPiK3hDwxa2/iHRLezl0rT1hhm0lZjDGIokUtJ/fKAds4+bC0684pxUlre+ltX7relnp0tp01VjWnGTpx5bOKs022kotpKztfyvZX0s7O5+cnxPmRfiN46JfKjxLaqSfv585eQB8qnBzzjt3Oa/cLweZZfh54eWF0iRNEstzMArqr2CqvyleSQQQcA5+b6/hf8Wra7s/H/AIyhmuYZbmTxHb+fMqbVaSPZIHjTIAViCUX03BiSM1+s/gzSvix/wh3hudPF2lvbXmk2At7ebSA6QxC1jCBmDAkhPlJyckZAAJooa3bfJe2yvpeP3btWsu99gxNpQpptJtw5U21d3jbWz9NUrW6Jn5AeLHgh+NNgQ2XX4hAFtwLbxquQQOOQ3IGex7DNfuFJqV09hFY4VS1qJjM+5iS1rkLhvVjhQc4A9ufwx8Z6VdxfGFw9xE17F8QYVEyIFjF1/aALssfICB/mCk9eM4Py/sl/YHxIl0xrg+MLKMyW0CxEaYkh2iBS0Z+YEMU3LnnPU5wSeijFTUkrPTTvZJXbTTaV9ktL6N6onFTUHRVRJaRvFappOKXT+rpaM/H7WBA3xIcOoJb4ixqVI6htRQFsZyBnHG3647/r3rWjSjQ54WtFt1Ol3chuYy5doxYOyrIdv3dvAyckZ+o/IvVtJuz4+cyXCveS/EGMJKEO5Z0vgDKFzgKHOSuSAAe54/Y4aF4+uPDN/He+Jbea1bSp9sp05RI6LYuPIDE5Bx8pYj72cgc1jQkqcai91q2z0Tu1eze7a007O3Y1xMOZ0ZaJximr3dknDsm+i12118/x0+GsEU3xZ0kpk+X4jvEkByflMjKcezdwMZPPYA/afxONpMDBZon2dLm3EqRhz+9IG4gDozEYOOvPTGD8i/DLRNQl+Ldva2bpDerrl9sKjcAY5DvfjJHQk8Y7E8kj7E8SeG9c0y7jhvrrzjf3L3IDQhdzQRl1wSCApKjBzgBh1qKHJKU4dWr/ACtG/L0bunvq7rtc6q03anzcqtZOVtU/dWnS19+rdujufFGi20UfxgcjIwZ8dWYFQxAxjPDDjjPHvXsPia98U3kF2l5a3i6XLpkgj3wviRIc7HZgCAp4Jc5C4BOcnHlmmR3a/FewvAVWe+uryNUVQTw5RyRwMAAkHryc+tfoHY+AHvfCPime5vLy4jt/B17dWm7AjDJE0jRnOflVs44DDGRnoM6cuSVR2TuuVJWeqaitE00mr66aeZvOUWoqT1k01br8O687a9FfvofnX8DrZU+KNveK6oYImu5Ryq5DnzQp4+YhSMg+445H6V/HfX9D1/wjpi6INPLf8I1Mt2tvcJIw8uPJMictu3L/ABcAkkH72fzf+ANlfaj8S7GzUI6XSy2xQrnfElwwlTKnncqsQR2wRkgE/dXj/wAGabpB8VzW9jDbLFaQrGse4bLeW2csApZuCw5+UDucknBSpqpXs0+ZR5rW92Lbine9tE77Ld6X1MMRNKMU9FzJWtdr4btN69tPN92z88/gUZx8VoWjIyI7qQkN1y53L8xBBwox0PPpxX6H/E+6s/8AhXGstYRhJP7EuEunibcAzDB83HVm+8wJyS2M18HfAHw3DrvxjisHNzFDMLsmS3JWRUjkfIQg5B5H5bgDzn9SPFHwM0+0+EvxA12W51q3Fh4W1S8s4GdvIudiDa0w5BGMj1zgBucCVOFOpKMpWk00rXvdNarazSun01snvfZqLULt2TunvZpxafl2d9GtLpaH5OfCT7JaeNPDlxO7eTBNNcTw7lVtpYkbASA2CRxgY6bRxX2n8T/G1lq/g7xPp+mz3s1umiJGvnuPIhcNn93glSeVGB8vGerZPyH8DPAi+OfiR4a0G7u5LeHVg0JmhVjJHGWYMQOPmIB4P4kLzX6M/Hb9lPRPhh8EtX8Z2ms6tPe2kZhFhcuViaKdwsZlUthzkbgDuPY5xiuOpiaNOrChKajOfwRer0stXq/TulftfR03JKo9Ixtrs9o30vp3tq9vQ+Kv2amkj+JkPkld50wjdK6qASq78k55xnAPuCMAV+u1/PbWHhy4lsZ4JC3hzUftAjnD7JDbOXJCEktnOByTx0wMflD+zPoMdx8TtO+1J5on0+dmiXIZ1EUeUVgRwO/BBxjvmv1y0n4e6Z/winiCWO1dJG0LVLmN33s1uvkSHaCW5CAHDnH3sd69HC1lFVG3C9rRv9myW3TbRv733mpBznD3ZPlSkm9kk463b7NK3W73sfjX4d8UWsdj9gkilM48WTT4HLMPtvI5JO3GCe59K/Zj9pHxTql3+ypq1lp1rLb20vhPRjJJIgdiUhT5lbPQ5zkcY/ixnP5AfD/wNY6xHrF4+RLaeJ5EQk4Zg16RgknOPl3Hjkd6/bf4l+FJpfglaQveK9n/AMIeJpbdlHlvHY6ekkalTzgt69cA9hU42PtaMOZpSSlyxTV2mkuj7NbX2d9mnWFqSpYiMVG6cldt66uPVaWje2l9Ldrn82o/tu31ASNf3CMtspQq7goCqkAAKSpO7BGByAM5xjTsvF3iexmn+xSyzq6B5YZItyyOn3Wc5G7oMEkHHJOcY+9bHw14dvdP0TUL7SdPEupmRGd7RcBIyUGDk5UDBHbIwQcCuC8VeBfC4aSGwsDFLJJOpltVKKVQZJ4yMcjk8Yzt45r5ZYZObukpq9tOZaJW5Vbd31snbfQ+iqYpx93eLSvbV29zW26VnvazWmtnb4Q1vXdVn1K41C/tD590qmZRHtUEcKARuOBjK4HPB57s07xNbWmo2V1e28uIXUyRKC0bICNwIHUgj5c8duK19fY2uq6jC2WS2meBd78hUYqpJKnJYH19euSa594tNumTzIFMgJDMMnAwOcjHBPT1HykEZNc9ejBppv32+Xe1tFrdrTe7stX31R0UJ6JtpRXLZPaT913t+Nl0tpqzu/FGsaBqt3Dc6VeJ5ckIa4DqqFHzu2DHUoPlyTnge2ecee0cx+XcRMEQFt0igseigDoecY5J5OeeTjDS9Pj24cqXLKNpYL6/dAHK8Nk56ewNTDw6r+V5cnyy5Cgg7mwQc546dscc4OeMcrpypLk5rqyTbvrbldtHfS99bWX3vfnhVcZWs9E7cz35b9raNq6Tfbc6uC/gWFHDKWQxFirKWIR1I2nPJGMgg9CCSQCK/Y7w78D9a8TfDHwz4q0fVp5/tPhu2vbqOW98too4o4ysdsgbLsF6AAEdMHpX4ey6HNZyKizMWLbdw3Mgw+CD0HGeOCARjsK/RrRL7x1pXg/QotM8d6zYwvodsYbJLiQ26F1QFY4/lG0A4I2kbcEd69zJasqVSrKDqPmim+W0dnHye69FpdX0PEzek6saXK4XTd3Ui5X0irWSTWiXZ9+y9NvfCGpW3iDw1pOr6leSaXrd2IXhdQGLxZ2qdu4btwz0yQMnOBXrmv8Aw0ufsn2WzvNUlEJ2RlQWAUY2hN2Oi9cEZxwOcV8Vaf4o8aad8Yvh1ouv6/PrFte3kU1q9ywiiRypxkseCzZySR37V+oUNx4lZJXit7G4RZcoVvYSRhR8owSCCMY9uBXkZxmWMhjnKniK0IuKTipbWtdNdV/KlserkmX4SWEUK9CjUkm25OEeiWiTW27V7euh8l6j8K/EEkBWLWLi1ISQE3FsASCMEFgST1JyMYJ46iqlp8K/EzWVvDa6hZ3aW8Bi3P8AKck54B6EnPPY464yv1xqVx4ja2Z5tFiCPEw3Bw65YgHG1TkNkkcdT26VFp1nfC2TztAjUHBVlYgSKMlyCMHBxljjJORxyK8r+3MfTcr13JxV0pW/u99F/i+Vz2FkmW1XZUYQa1933dLpOzWq8u2620+T7b4b+NLOadjp63gdFjAgJZeCBliCcnb04wSPoTga34J8YNcQ50icLBcNM6bDu2OM4256kBcnnGRxkA192WRlgZlfSZ4kXG3ypsDnJB7gHHI54OQRkZFW53T6lK8mjNcKkSBhJJiRRggltuPmPABycjuO8PibGyXLUjCSbVm4pW+FaWa2sunVN3Vy1w7hI1FKDqRaWnvPfTVaX0Xd27HwFdadrtmyLLoOo4A2M6xHaCDjdnkFeSOD79M44rxF9pNvOjaffoxljAzbSMFII6kLx0O3JAxkZweP0SutJgmuYQ+mX0EZclooirKFJyAqkHIPPOOnGDyTV1HwzatG7Q2N+d8qoBLbxyFiSMgllznGcAjIwBknrNTO1Vpypzpw1VuZNKytHVbLd6auy6WZKyXlnGcal+Vq10leyVnulZ9kvK3Q/Od5XjiWPY6naEHmRSIM4HDAoCuOuRnnB75FuxuJIkMbPHJmOTvt24GcANwSMjGCcKPT7v37qXgTT7xQraVFHsKlzc2KjLbQRyvt1JGWOBjvXOf8K+0BxLA2jafO6qwZljaJmU8EDIGGxggcEewxTpZlQapr4eVcusk/5d7vXRWSs7dNd83llaLlJO7crqzTdvdduXzto3ZLTe2nwfYsBqcbNsLLbMcbgwIJYgc554BxjJP8QI4bJdMyzKB5QTfgBuSSWAGQRjaQRnjGTnA5r7ab4PeE7q7P/FNXEUohVt1uwHDE/NxwB82CFAJ64IrmdS+AOlSPtt7DUovMZgGilDfIQeqjBBG4DAxnHbknajjaEacoqXvXu1prpHS6b0slfs1fVEVMuxPMmkklFKzT291b6v06ddT4nvJi9o3LEb4yuclh83IUEDGe5XoB1GBXpvhyzM2kxy7ygjQNtA2khSQOScnpySPlwwPRWHr+q/s7WsamEXeqQ73VUR7XzGD9Spy4yCGBYYGeP9qtG1+Cmu2FnHBa6kBEkTqourVoiwXkKOuMBsE54PPHFY0MZQVWcqjiotWtfrotbJ/PvfTsFbBV3RpwhGTcWlLey2tfTqm/PRWuzxwhBrtoGl2yHdIAG6hQBgZ4HPt16AiotST/AEu8Zi3zoVQk5JJAxxjjHqOfw4r0w/B/ximrw3saWd3EmVKJKVkC7ecjbxu598dc5GM/U/h54tgvJZrjSZBCr5Em4FQMEkNjqSvQHGcEdOmdWcKkJum4uPNFqz3V10fXZ7Wa1saUKdWnOnzxleKs7JpXur72V2nvvfXQ/pL/AGXrZh+zL8GrWNQ0g8OXW8nO4q7SP+GfdiRzwp64S2Estzqc/wAsRHinS1Z+XwolUHaCfm+U4GCfQDHFYPwP+LOj+B/2c/hu9x4a8W366bpsdje3Okaat7BHJPNtfytsgbagJLhUAUKcc0zwR468NeK3vILS+vY5NQ8a2hsLfUbKe3kfbdb3EgCsieWf3bDexDA8DGROHrxg05Ti3ZJK90mlHVb3Ta36M8+tSq89SapyUVKSs7NSSatZX7Xa3afdNX/LfQLWGD9vO5hI81k+JMjAkYJ3OTwBkgkHnqD8wx/EP351JLVdOmaVpldJ76YENjYVViOh4wcHrwc+uT+FV1aW+nf8FE7y386IY8fW2I1DKGZ0ViYwwBKZIBOBjKng1+789rHJaaq8w8395foykZKKYmzkZOOo4IPJ4Bxk+llMKc/rMm960l0S5fdd49dVbrs3ZM5s0lLmw1o3UqUdVry2dPbr6bu72voflb4b8PeFvG/7UnijR/Gk+n6jpsXwo8X3FvFrEUU1tHfvHcTwSxrJgfaE+UxyfeDAGvxyvvDltBrWr2sBIgjvNTWOXJxLFFcSBMHIwNvQH7vTvz+sPi3VfDfgv9pLx1eanbwpDL8KNUj0/wC0yCEDULmB4kaM7hudi3C446HnJr8xbRXmlu2dQJFiuZHxycPNIwyDxkqeCx5BB4yBXxue4CjVxDbpw1nPVR11cdZXi9Fa8fneydz63JsVOnTilJybhRunKTSslpq9G1JO99evQ860zTkuDGhAZvPeIKVwQdzjqASeWUDggEEEcKKs6n4blhlWFFXDkgSLlW8wDI2ldpyMkE4B256Guy8M6e11dWtuij97fqi9c7mfqOp4JPBIyCOhzXpnizwjfaaitHE0n2S9QSykgYW4BIUEZ4Gdoxk5bqOg+OxnD8FT9rB2k7OKi7X2bura6J6vXTTofVYbNLyjCSvFxTvd305ZO3S67LRtLc8I8O6r4z0BjNper3tvFHOVMMkjS27eWCWUqwxg57Bu2cYBr17Qvjjq6z7PE2iQ6hCU2vPZ5jkwpxny1BZj0ODk5+bHJwzwj4el1iaSzS3ZmW5ug4jXe5Kq7AHAx1XKtkZX3IB5CPSTC+qM0Lj7LLPG0m04VlkAw4I4+8MD7344C/MRjmGGr1IKcpxg9Yu7Wqila7163d7+eh7qnh6kYttLmtvvsld6bczttpZH07o3xI+HPiJRt1AaZdmNYRa6qgQBSApCycrtzjIPbHXGa76DS4pLWJ7SSz1G3UnYbaSNwdwIyFXLZBxnIGeQO4r4hudHiksEuRABl9qsFznaoU/MAMsCemcj3FJp95r+hzwSaPrGo2TBBIFinlKHHPKOeAORgcD05BNwzXFU5pThO6evK2rrS2jtqtmrPyvbQlhsPWSuo69dL9EtVq9tbbtJ66n2PL4cicPDJHLav5m45JKhXzjdwOpABx2yD/dFWPSGihSGOUuYrokAnAGRgAHpnnPzYxn5fSvG9M+PPizS1EesWVrrUS7AZZI1jnC8AktgnIGc9yQc4HT0/S/jT4A1aI22pWdzpFwRvVwA0Yc/MfmGQQxySSDjqMjNehQz6MbxqOzdviTTV7WV7JO71V+j0XU5quVQlJSgk0rpJNt3dtVu01367GxqER2ncoMgSMB1YELgkHcexz+A9hnNiLEUdgCFfbd/NgdVIHLA8ZJJBI7E8c5PQWVx4Q1xEOna1YXRlWNXhE4SYEZ2szEgcZHQAZyM9K0JvCbRRxCK6JAmDqNyOnXH3kJBA7nBz90jmul5jRrJOTVkk2072fupXfd7t6WelnexzRwtWldLXVJ8yStqt7aWs9db933yhbxPcXjtIogMbhVU4VmADFTnI4HGeSTuwOlSJbyeVBECxjfZuU5IGGJAPT5uo7HggDGAVk0TUrf7VG8fmfxL5THkSDBLZGSQODjuCcHFbGnxt9kkSUsZUmhSNnB3AJyF24BwMZwCOnPBOfNxEaNZXTSu7Jp2bd02tXpp0utu+2tONSD5XdJ+Teq5Lu7bSV+l0lHVatMr6bCYUu4WUkbpGIPrghQARuGTzjPIUE16Domi20+iXd/MFEwu4IUVjyNxUbYz1zjqMZzk/dBrG0K2nkuJCYFcvLNG4YZVQVwWPUE4PH9K9K0qC5k0n+zpIo41i1JJjIVAJz/DuAJwM8KQuOOAenzOKpRVaULNwWqb7u3bfS78tbu2p6PPKFHmSbmltddlprZ9b9dF8j6j/Z8+EvgjWvD+tnxH4fttSkmvo1jmmQ+dGjxj5Y25wcnJIO0kZwRWX8TP2ZvDmmXZ1Hw6bgWUu+SWwmlbdEDkIsTAZJGOARyAM45Ne6/s6Ro+haqVALJqscZUZxwi4ILcdQeccg8dMV7B4xtozZmchE23McONoJI3A456rgnK9uSc5yfv6fDOWZhkGGnUw1KNVU1KNZQXtH73WSScmtlzea9PgZ57mGDzqso16jpqol7Ny5qaXu6KLdk1Zq+i2vufOPhD4Z/CZ/CVvpeq6LbxXqW5hmvBKIL03MgyGy5DFUJ5bAHB46CvBPFHhUeHtXvdF01GfT7V4mgZ5PMDoxBCh84zt/iGOMjAFdX8eJXs/HcMVrJcWkcWl25ZbdzGpZwNzsFIUvtJbJ5J3HvisnRkkvLe0W6uJLj7VKqK8zNvCqoYHc4YkYGMZK856cj+buNsbTp4ytlEMDRhPA1/YrEwjyzqrS6nZRT3jZt2bVrn6nkkK0sPTxs8TUnDE01L2E37sG1e6e62a7J+l16x8KoZHPn+SFYtGig9QY8AkYwScDlh7DjPP9Av7LLN/wAKztsjfmUkcjHC454wcngdcEc9BX4K+CFew1BIPKVUDbgyElT8wX5gOuQCwJwCwOMYFfvT+y18vw2t1AxidTweRuXPOMjPHOOnPrmv0z6OblHjNOS976nXUl3bcHdK+t7a6LZd7n5N401FLIlK2n1qg29V1Tv3XZK+rPpxTkKTxgYHJzx+XcZHGQM/Sn89eTnjIxn88Zzgc9PU+9RWKtkk85GOpzjng9vbJ4JYHjNWBMvfBIJ57jO70Hv046+or/QCF/dk/stO78nHTrp2V7b9tf5Tcm7eT/DotLbfqSBWz3HJOf8AJ5zjn8OxpwQscdPT09z3J9ecdhyOj1dDjOR9eOo/+sT26gc84cFHOCMnnjnnPPqe3GOexAzW6qxbXfS+9t1dXV7rez81a12yeu+3Tt5287fh6kZDMqjBHAGT1OODjnBUE8e44+9S+v59T+H4cfzHbl/Knnkjjtg9CeOwIJ7dfpSbcjrnkcHsST056D16AtjjiuuEoyS5drXV7X+713/pIbu79/uAe3X256Zz+HYjnofoVwWz6AEk9eBz16H17dfTAoAIx05J78j6+h547jj0Ap5IBIABO3kqOzZ+bg8Adh0OMHGDltXur9/0t1v+e7fWwte3/A2+/q/kOIycY4xn1zgjjOMY6/qOoqF1zkLyRyM8dCMjP1yAcEnnrjFTZAwOQD365JHr6k88ngHimMTjHfjOM45zgZxz09Pw4rgq0lG/V3strNO1tHta9v6V6V910/D/AID1/XfWE5IG0LjGOu3OW+YgjB/A5HHtuqNj1yACB949O2CR6DPTd178nM4B45J5GOOjHrj0H5kYJJwRiAxsOvKkkg5OD0wcepyNuQMc88ZPLOhe1lZ+dtPJau91tvvpawO7tfW23m7q3rqtn5320YF4+YAE4xtz16kjHBGMnBIABwc0uxs5yCDyODu575zwOmc9eRwKkCOQcnHQDK5C5zuyOpOQpDcHn1xUiRgfKWJJPbI6Z59R9PQAYHJrCOFu0uW9tW1dt/Dpa222uln0BTUbXfZ20trZLVX1b062va6I1jJ+8BjI445xnPPI4HsBjr607ZhuNpyRnIOABjpnIx144A5P1mZM4AJHqTyPwB4BJPX26GlK/MCOx5PGTx6D14znnsOK7qeGgo6wSbV3dJ7Wsr6WWnXVddxOUpWtp1fXbo13/FNWvtaIxknGOcZOO47A9T+XoSPdrDDE4wcctwuAfx69TnAGOAan2/Nu54z+OQOhznHb0z7Cl2jB6kkAdSOmPr6ZwcjgUvYU2mnGNumie9vV+uvS2jYKUlt2ta+y006q2j1+SKRjBYjj5QOMcA5wOffOSG77gMkcwMg3YOA3THBBGPmGBnjjoMnnIJBGNApweeCcYbr+XTueMcgdzUbRnONuSPusQMfQhcZyB0xx/LzK+AjK/uqSenwp2fuu7sl+nlqUqsl67dYp+j8+u7stFoZjRkYxk5B5BGRk8DpnPp16444FRGPPIBJHGOhPcjnIGOeMkgdMVqFCVyV6ZDDG7A4yVA6jH5ZGahaLA4J+8cdMHHUZxzzyf1ryK+Uxs7U4xu3ZPXsvPy89Hr1OmFd2S10Wt3daW/rf5rrkugIIOQMdMe2MfTrg59QcDmqbwMF+XGQcg4GQASTwB29RkHPKnJraaIjkDgjnPzcg8dc4PbOMnoT2MBRScknH8QXHQ/UHJ4IxgdDgmvmMdkyk17jT2+Xu63167b6HZRxHL8KTWj5X3urW6Wvtq9F00MV4WXDbV3FjnsCCTjIwVwQcgYOOPm9KcsJG44wScjBI6nBBGBt5HPboc5yB0BhU4PysCTkkDOQecjJ+UE9RjHHBwarSW4XdkYZjkdcFQcdcAY7gcZ64z1+Vx/DsalNuMdbauyfRa+mu+mtrdTthiOaWl15WutHF2to+VJ3ej310OXnizlTknPGRxxnpkjA+bOAcDAxnvmNEyj7uTu5Ddzwe+R82BnJ545BrrJbVdxxgDAJA4JyevUcYJ+oH+yMUjak5DAHBJwR1xjGBkgDjIBGQOFHU1+e47huoqjajpfte22ttXfottb+R6NHE2goym0rxbXw9tL+fZP56u/PCNs5IGcA7uuQMD0OAcgA46HOOMVowWgJGEOTySRgLngdCSuQeMYPXJrRitGDBimWx8vchTkgc/wAI43AAZ6DJrTS2O0HAA44AHBBweo5zjAXntjkAj0Mm4XVWpHnjomvs9W4tNXV3tt1763M6+NSVk1fX3rvbTVK1reertfRopQWbZ5U8cjsM+wJxkduufateC3BwoXPOSCOecjn8CBnkehbAFW4rcDAJJ3fMB27AE9dpwPlODnPpkC6sTDnIGB2747dyD0z0yenTNfreVcM0aUYOUUrJWT01SjrvoluvTXS54dfGSm5KLvtrfv0d0+2iv16EKREdR8pyeAQMen8XIJ69OmSeasC3IyNoGMHHGB65bPPTnqOOp4AsIhzuJPAwp7jscqckE9T2OT0PSQxkDp67RnjHcn7xzyTn19Og+2w2ApKCUVdrbTe9lbazW1r9OiOGU3Jtt2Wie+rSV/PWy6PuU/LIGF4HPYdSSe3rgjJIPHsKVlZSB1B6dRjPQdOvqeB164Jq1jp/tDjOTwB2XHIxnceNuffl4RhkADpnJxz2+Y9xxnIwSPWuv+zktlyvbRK28W97bWXn5dpc2rXVtnqn3Wl9U9LvbS/VmfsyAecjgDnPDYJAyeMEZ465zijBH8PHU55Az3HGMEn8256mtAxZBJHI7jIyCc/ezk8A8DHoPWo/LI7EZHY5HHr0PQDIA4P0rnqZbJXS1d027t7cqe1tXfXbrqr6VGesdPh6902mtHZPW7Wi6dWkqmB1HT1PY9hnHJwcA8Zx9Mt2KM4CgkcAZyTnODkEAkHGMnOOeMCrrIp7Kc4/2uegBHQZ4+b65IIpTGoGTgDHudp6AntwT2AyPwrleXyT0j0v0stY22td+d9dGa86ST1tpfVvmWlrJNu3lfeNjP2jH90nKk7ueMk4HIxnA2noT6ClCgZYnAwOrZ3E5GeeQeSMZGARg463DEG5xwenGM+pBOevTkdM+uS3yVK45x93BG7C8nB6g7ue+OwHHOLwiT1V0rbXv089reWnTuONZ6a2to/c221+d+a1r6W81WIAxkHPcYGME8YY9ckg9s/eJNRtGgI+6pz25O4E9+x+U/hn0q0YkUgfd4PI4AxyOfvHPv2yeQKayoFOBxkZYluD0BGflJx34+tZ1MGrNtW69bq6W3Rd/e3v6JNT5npUbu1o1u/dve3z0V3a2vVViu04AHIIGBjkDBOBnOCRnpzzmmFTkk5CnAGVOO+QFHBVSSQO/B9czFQOATyT9epxjkH5QcEFunU4GC4ISNwwABjkbjzjkAZ24OCckkkAnAGK4KmDUnpHR+69Hd6q1rLVaa+XohxqPROLeiSfS6cet73v67+aRVCc8gcDA54/2c8jp34wO4JJpCFLFSoI67l7EDaOOSDk4yAO+SARVhYzkkknjOB0wc8554Ix0xjrwTTvLyQpRdo6EZGBnvxkEAdMEH0P8WTwTa+G17OzT1+FddW7WvtpbRlOonf4raapNr7F3e+6benmuu9QwqMgEMMYUEckkjgDIOD6Ag8c5zUewYOWJ4O3Ax6dj1AO3Kj8McGrbRheckgMCOoBHPzDn68EjnHTrTCpyfQnJGAQRyT7Eehwcdu9c08I3KzipWe6TSumnZXuveur6rTRpDU5aO6a06b9f809P0KhVmAO3PPJxnIYDHTnIJ546cBcc1xHxMA/4QXxIWwAbBwCPfHXJxnPBHv0BPHfs5wECrtJ5bjnBGe3dhn/AGe2OCPPPimrf8IB4lAOCbJsYOCMfToODng/lxXi55huTJc1fs3dZfim3rZ/uZN2d7aJOy1a9Uehls3LM8vikkni8OurVvbU766rq7bX1btuviu71oQaXpYgIVrKwuZtzNtGBGMnPHPzZJGDnGO9J4D1uTW7y6S3uTLbRaUTOHP358P908jYC2APmBwT8pXA43UoJNQgEW544LXSS0zJghlkwAjHjaWOOcY7k5zn0n4Z+GjZalem1ijSz/4R+F1iGcvIY2I55G4ZyRy3OeDg1/IlF/WatJXcZKoo72ulGMbJdlrq0m9l0P6NxVLC4bAVZzt7RxvFuKtq4t33fa2++3f42dWfxFeoUGTqd2iDJxzKx45XoQD168cgnJrejNJNbxsSHDtGrBWwctjO4dh2wMDBzgk1sJbzN4nuQEAJ1a7U5Ayrea4I5wQeCAeRnJGOtdfrVjqqPpoit4jMZWWOBvmllGfvYKjLcHjkDvwDUVakqEkvJuN3ZNK2jdtGtNHbfqj6NyS+ryhKK5qMPiaV0owd90le34rZXZ5cNBnglJWY4YkMwVlB2gYCnnK9sY4/HFU7W1mS1cKWKrNMrqinIAJ4bjOemfun05xXocsmp2dzLFdW9uHEhSOOQAMjFcsCCOAM8gAZyRnNZmni+lt5HijhB8+VpQgDAhixB5wArEMBnuO4zi1ivdU7Rt7rfvJ2vaOqsrau/mntve05NPm5WpNWScZO9kr73srJvbT7jzy+tZcwx7bg75SFBBxyM/w9QD1xwR04rD03THXVYyY33xpcLymAcKzEtnBPfPHODkkDn1TX7e7WbTGFuv8Ar12rGRhwVG0EKByTyOrYzyBmsyfStaiv5LpdKv3toCRPcRIWhjjmQhixAwNuSc8YwefTpjisOpUnUkoc0opa8qlaUVJxb0v5J/JMzc5OMqaSUpRsn8Kafs+ra3ey0dmla9yj+0Kxb4XeElLlQZ9qqeDzHgjqMBi3BJ6YPfNeO+HbdYrexVHaRf7L3FskLuBJGVI2nBxkhcnv6j1v49ujfDfwjGyszLdscNwwwSVJHbKkEZ6gE/Xy7QpI2VVTaRHpqDIPeVSfXrk4w3r1zX0eGqwlWc4yunGDS02919WtOmu/XocMYcuBilq/a1XJ2um+dX0ta7s+6b9Da8ZAD4Uzbs5WeE8EEHNxg55wQTjkcZHU45+DfHe3+23xwTbx84IwdikDgsvqfY5BOMV94+LwR8M5YguQ9xCmD6+cvHT1IJG78T0r4X8dRn+3JtwIIiToAcjy8c8/THr2468mbTbrU22lelDRaa/01t66WPV4dtyVF73u1ayeml243V/x0vstdznPDJJ1MMFBxbsAMf8AAQSM9jz16E4I6VraKmfF+jysm4p4g00E4yTi4jBALYAwQN2CQ2SR8vWh4ZIW/lPdbc7Rx1wBtBx1yMY9fwFdF8K9G1Hxf8R9A0SGKR2n8SWLZVSdkKTqXkbJxswCM5/kTXj4OTePqqL99xhCF3pzScVZaPVv530tsfQY5qOHm6jtBQk5O1+WMYN81t9r3uul+iPq/wDbJIfSPBiAZDQTOcg4YAYGST6kcEnA/HHyN4EggtoNVlnRBusipYttxvQkYPHVu3P4Lk1+gn7enhK10zSvC7WzYk0xo7GRFOGmeVFbzNu4gLgDhc45Gd3Ffnz4Xitmubixv0AjMI2EvsDsp4BJIzjJyDwCeRwSfo8yjVo+1hNqdaHKpqDvG6UXZNL3ezW6V9b6nzuU1IV8FSqU+fklzOPMmpNcztbTS/npe299fGdfgnEE29cBb1sAtk7A52jI254+6MkHjHXNduVP/Cv9KTBRjqkwBx0GGzkA8ZbsQDxk81R8Y2UaXF+luh8iO4XYMhlzg5AYFRgEjBwSM4znONgFl8BablCSNVlGQN+Mg4GTlsDocL7dQRXmzqupSg9Yxfs46/Ddq0tP+3b769dNT3HZRgkm3eL11ve3TvZX1t08zye3muI2miiKyES7FI6jJO7pjPTJB47Hnp0epCSLwFqzOdrnVrMkHg8bicdxjPBHAwRxuAPOad5g1CVmVgAzn73y5DAjjnpnIBJ7dc8dP4gCL4E1MM2Gm1e2AOAfUZzwMEHt3OO/y50o8s4W2eiXRJW1XW7aa1vfvuJXfJunzqydt00k+npv3syHwl4n0+0srizuY1jX7JKFm3YLs4XjnkgHCgg5yOmDivcrpSfDMQdmlSS1sGU8bSCxZVAzkggjkcYGT0zXxgAsUOFJaZU27h0XdIgBIJOMg8HHc/j9di4ml0CztnbbHDp+nFmJPQKcfdHA68clcZAycn6fKYqFKs0vsx12SbtzJ306a32SZ5Gaw/e0Wm1JNvTW9lHRt30Vm9r79UeYeJ7m013VE0+2uUN5cTR2rW7kFgLVMxnHO05zhhkg4FfWXhC8luvhvY205H2iG0k0+QlsnfGGx6c46ZwRnrzivhixEEHjya6vI2EcWovFFKC4DNImEbPfkcHOSQeTX1P8OtT3aVrWmea0z213JMGTcyosyyEKSRwB19+R6GvuuBcRy5rOnJpLEYerTs207w5WnJW3dpbXVne60PnOKMOpZfTaT/cV6c3be8pKD01aumna7Vt7CfsZIi3HxudSCH8aSH2yNqsM+mVPI4z1yM4+ovEEyNDJGMA7SDg9MZ2kfieB/tZxnp8g/sjvcrH8XZLdZ3WXxlciQwqXIIcdxjBC5xkBuRjJBB+hdatNbmcvHHerEVywMDFmYt2I6Y6lRzt7Z4r9Wyuyy6iviadXW/V1WnF+m/nfRanwWa075rXadly0bu97/u6WqTWlnr0tv3t8Y+D2WX9sPxSGVgV8KcnPIGwgg5IORwvB75JyRj7ie7RLcqqIC2xQCQrEKMtjJz09CCrHqxzn4P8AA/2hP2wfFiFJJLlfDPlyB0KkjyxnIwMkBiq98gEHPFfYd/a3swWRfOjKRkFSrIHOeADnKkDqw3ZPbvW+SfwMU098bid2tdYq120ttuml9OkZ5SlPE4VW1+pYZKWt7ci1100VtbJ6+Z8i/tK3KD4z/s5tvViPF0YI37uPMUjnPIzgHufugEivvrxRqSGCZdgV97Hk4YgnbnA7ZIyeRyeeDX5jftD+ZH8a/wBnZXNwpHitWAZXCkB1Utz75I6kZIIB4r7y8bu0plkW9IKsqlF3bsgkcAfNnHOSDlck4zxvg5x+u5nJ21qUE+m1KCSu7Jq9vtdFvuVjaD+oZSlFNexrN3bvrV2Te7vfTr1v1+Sv2vrvzvhXdIFVSNc0bJGCGJvYBnC9c7se/fHSvqzwrmPwR4dJChF0DSRuY/x/Zo/lIIy2VznBAz64yfiH9qmcH4ZTmSWZlGvaKAHVgeb2BsjIB5PygENljkc19heHJrtvCHh5PNVB/YeksokljUMBapltrOMEZAwQPoMGt8HJf2ni5KV74einqnvJtRutm3srW87XOPHRkstwcLNv6zWkldN/DSST+Vut1a976HPfFK8t5/BniMNtwui6ouMZ3OLWUYAIHBIP4kDng18zfsj3M1t8K9KO0xL/AGlqoDDKsB9pkPy8/nknr1xmvfPiZJJ/wiHiCPyY5Auk6k7Ms0bYxbOM4V+nyjp74Jxivn39mBLhvhbpJiZESS91N9slzDGVIuWOdjsjFc8dAT171y45KeZYZaSvRnf05oJXu1a2tmnqne66aYK8cqxLvtXo2VtbtNWaaUmkuqvfutT6lGrzyx3EUl5dFUSfYnmSbc7HOR26Z7cfdIOTXwp+zkiSXHxplBcu3xCkjwSd20s5IJwQSzdc7gM+pr7MEjwRPvktC3l3CNi7tgT+7YAtmTORkHjPG7ntXxP+zrdCNvi/Juhjb/hYE00am4hG/a7hmBZhvGDwF3DJwdo5PLXoR+u4KMbR/d1m7W35YWV9lZ909UzvwE5U8tzGo1J3eHSundfvFa11e9vXrq7n6C+D/hH4l+I1taR+HtK1HV2hZvta28P7uFR8wjZ8bQy4BwT7gDANfmn8S/CPi79nj9r/AMNal8aPhNqI8HahrNvqUWm6yPIg8RaPAWEssL5IeFD8zqx54XuSf1O+Fn7Rup/D7Qr/AE7Qp7SFGlW6luf7StY5GmQA+WoLkhWbAYA5xuBXORX5w/t3fGzxh8fPjR4UufFtzbTWWgaAlvp0FtqCzQWImyzh5Ys/vZmXeybjzx0Jr4bNamcYrNMTleKoUY5VUpVqMa0Jv2zjKly+0i03ySUpWjfZ2fdL2Mrn7OftKa5oOnFzk21Ju8bRSaTSet9rPZ6XPXvjb42+FHxJ8fzeLfh94esPCHhS602ysk8PWcSxqZIotrTMiH5cuMg4AOOAORXwt8b/ALNe6z4SjtQ7QW0dxHtHyoVQgADPTkA+nAAJrgZvFd/4S1jTbZbiJob248hA9wpiCA4jLA5A2oSAvupOMknT+KGu/P4Uu2jFwkZmVhauplkJKlsBGyFY45POMdMknbJ8lp5Rg8LhKNSpUpYeHJSdWUqtVx0d5Sd7281ZLpoelXxDrVJvl5Y8qVrNu0VG3vNXd+VO7u9r7sqTeE9RZbPUvN+yJJE4jMsQZFjHABcAli2O478dDnpNf0eSx+G0oEqTu0UszSouxlO5SeQCSMZ478joSa4fxF8STJotrYQWeoRxRxAuQV+UcfIPQHIztxx2rd1Dx3Z3/wAMtVkt4pzLY29tE8TqrP5rg8A5HB98DqeWGa+ljJQg/efM9O+/Lur26dk3dWtZHlOLqVleMuVNSutFqoJtK/S3VL52SPm9/BtnrF/b27zXrXU+HkljcuERxlQUOMYwQARhxgnIOK99+DHw8stLPj+aKf7QB4J1q3W3my8pTyhudSwzEwxkKBkdQeAa+ftI8VXUOo3Wrf2NqMckQRTghUMYU5IOQBjPIUjBAPAOa99+DHi69u73xzLFY39ok/hDVhvnAdGEsJzGuSwDMMjhuCM8HkcuJlWdGTUrRTjZJ2uuaFvX3n0tbTXv6FJQVR2j7zu02rbRST211tutb3vc8c+H3gKPWYrq5Scxizlk8uKSAs5O9+jHJ6cZ45IHJJ2+8eFfA1to+taNqkd0jXB1a1VlaEgxkH5iQOrHOCMjnBJznHj3gb4hX+l3ttaQ6JcSJc3EsMwV0VZlErbnDHBD88gnHr7fQvh/xHeax4r0u0GhzWdgNWt2SWSaNgZeNyja7FuR22hcgdDhtKlWvTgoWSg1dtSTSe99uqfTTdX3OWnBOfM1aW2qcU27a7X15mundaWPnDxVFLc/G3xMkarI51lAQwILLtR2298HcCeeRngHFbXxF0+W3ttMDxBA1/Ft+cjOHQHg42nkfh3DEAUfFmqW1r8ZfFF8LO9MtrrUnmmFRsVTtUYOcHO0gY64OSSDmD4m+J0vbfTAkN+Ut7mKeZhGcqWdSoBzgkg8Dk7scCvosJLmoQVpWdOKbVt3CCXW9tb6X7a9fDx11iE7xfvpu7S0bjqrtaXttdJ2u3sZP7TjzxePfCEkEgt5o/BGlPG/8YcIGQjOecjrjOSBxWh4J+KWvS6XDp7xXE1xphiaK9Z8FCpB3vkEDnjnDHp245v9pG8eXxX4LuWjuJGl8F6bIhxhliUKChzk5wOc5JzgjsfMNI8apYS3MaWN95DxBZtoC7iFB2gYB6bsnI5444NcssFHEYeClCMlGOjkttYttaq3lbS7S0vr3UsZUwtWXLPljNRWr0aa662bTW611TT01/SLx/46utQ+H/wyuLx18y+gvUldnHzlSyFsEcEADaSPy618w+Jb9X01YlfbEZXVGbDB2YELt4zweep6nOMgg8c+IJLz4WfDS/MN6Sx1COCIfKyLuYBlAIJII6jocnPJz4brWsandabaWttb6gkis0gkYElgOh25I4AyOP7wJx0wwOCjSpys+VxnUVui95Xi9n00tqrrW5tWxMpzSk1yOndataSjC6bbV03dp9+up9CeBpXTwB8XlMiAw6NbLvxkghslTtPJ4zyRkZOAcCvF/CfjjWfC0Mlzbap5MF/BFA0O9YwZAgw7dMEknDdh0HzGu0+Ht86fC/4uTXy3Sn+zbZZkdG8x3z1U53Bc9eh55HQV84wXGmX9vAkQvHRkQhjCzDzsYMa/dGFydo55wQegPd9XpVYShKKkpSXMrXb211k2rWSd9dFZWuctPFToYjnpz5bNJWmkrWSSfvbJtK93p2bufcHwv1qTxXrugWt7cRXcrXFzPOGuPOmyls5RlblgRyTxwAcnsPHviFp0V7qzHFsJbbU9UMq7yCSty4zIuPmOM5zkEjOOc1N+z8hsPiFplvFHexlINQuBc+Q4AZbNzg5YqANxCnoeOD1HmvxC1+0OtXZh/tYvNqGorM6RsgMpuH3MmcfePJIz27EYzw+FhGr7OnKUIxjF2b10lHS2iu7W0S3vo1Y1rYuKhOpW5Zqqoxd5K99Hu73ad0+ivtsjZSGyu3spZLOzluYZrcIECkxiOdBvbbgDOO/UZ7V3fx5019Q+IXhx5xGynQNGWNSThSYUwcAnOAOQR7HnGfnTTNajtbyxiT+1ElkvIBIrxMd4M6HGQ3QLk9s57Dk+u/HbxPeQ+N9HMNtdTqui6cweJFWaIpbxgLuwAQMDjGCwBHQ16kKMliKL57z5Hbe0W1C1/klfy63djxa9eM8JWtHSXJflfZpWdtL2s35p37nv1t4asNL0CB8Q+eNxkLQbjISjEEhicAA8AHrzjGa80+MEklr4d+HCxxwnOoTMXChQVMoIJB6DI7DAwMDoa8kb4peK57WGF01YLEGaOERZ8zYM4ckk7Tt9DkDnOSB1fxf1uK58HfDW6urfUZZ5BJJMIjsMBmcblUAnLg8DI4PTqRXbKlVo4iMnPmUtElsnyrZX01stddXoldPxYOE6E4uDiopWlpvp2bttqv72muq1vihfJH4S0yWRVLyTj5onzv3RgEL0GFY475APByK2PgjeTXngT4wpPbQ7YPBEqwtJ13bVK4P99QDjJ46jvXzl4j1M6jp1hbXMGsNa28jiNZXIZunz87ScHAHOew9vdP2c2nv/AA98WtIjiuYbV/CNxcPNM5LtHEgKxqpOWLYwQoGeCehA7JTgsO48snJ8r1Wj5nG6e/XXXqn3OWlCcq8LNNJJ2VldJRdtbq2jT7b2u0cv8HrxbL4d6gGeFWk12XEmDyC54w2MgDjGRxyeDg7OuaxbWjfZbeKOcXJUyRKqBSDySVC4GM5PPOOSBkV89+GNb8Rx2V7pGnWRFr/aFzcRu84UDZIQ4ZOBwBn8eOMVpJF4p1iaeeXUpYbdUZN1vGr7CoI2iXIII5GeAQOeM1tRpxpycou/Nbu9Wlzfy220b08ncjFKUuVcyioySi1JXd2k3pZO6aV7eVrps/oY/wCCOmtX+oaR8cPDklnHaafFoF5cwk9JnnsLvLEZAyoA9Mc5OSK/OvSF8q21mzkbBj8VeIwoUlSoTU7ojgZPGRjIAJxxxg/V3/BFK/v7PxL8WdElvby/+26T5TrcSkDbLZ3QRo1PTbkK2OMivz18Y/EnxN4S8f8Aj/Qrr4fate6TpXjTxDbQ6jpzGTzf9Plbd5Q6fewR1PbA6LgyrTw3Fmd87/iYfDSdk3b3Yq1knorrXZoz4nwlTEcP5bKLgmq8ormnGLaklZLmcU9F8N9lo3sel+KNWkTwfolmszTQp4406Qxc4DebySecdMHj0znNeprqMjwYGFJkTaQTnk42jgH7uOM9c8MOa+MNZ+OvhC70Sz0u4tde0S6j8R2N6zanpk0USLDIGf8AekNnGcdeOdwJyK9c0n4n+CtUdGsPFunsN2TDLP5Ts4XnIkC+WATzgknpknNfr+Dq4adbEONWHvOLScuVXsou3Pa7utOt73s7J/leaYDEU6GHk6U/djNPkTmkm4dVdaq9rdX5H2V8FP2WfHH7TnxL1SbwPd6XHdeAPCsV7e2moy+Q94NRkeBBARu+4yk57AHPzcH3jxV+wb+0b4PtYtZuvB8UtrCDCl7Y3CXZMznESLC5jyZnGyMdScFTnGOP/YE/a98I/Af40SLrlsb7R/iDoI0281rTJop10hdJdp0kkVWy4lLfdJBwB14r+hPxn8c/hD8afAfhs/Dr4k6PqdxeeLPDtutpbTGPUA4uYzNBLAwUgq2Q6gEZxyVxn+Q/F3xI8ReDOMsfTy3B06/Drp4apQqTwlSpTTnTiqrWIpP3ZxablGT0Wq7n6VwrkWRZrlWX/Wqd8XLmp1F7T2dWLjO0W6bbeyf2UtLbJn80Nr+yZ8WNa+NV5c+Jfh/4otLux0CB9RVbYKlsJExbXF0ASEjmUAKcc8HHevgD/gp/4FuPAunfDLRblwrSQXUxTJZ4pFmO+KQEABwAQFyQQOOtf2dXvhjU7n9ovxpoF7qV/Bb3vw00i4vb22KBSyXkixxuDtJcoFCk8YJzkGv4+f8Ags54/n1X4pad4NbR2s7PwYJraxvZI1juNTEl80bzynAMpKgfPkDtzwA/Drxb4i4yx8ckzDBYWjgng4Y6pWpKpzqvKKfK3N2a57pO7drX3Z35jwrleVTo5phKtRYlSjSVGUouHI4STXwrV+67933Pyd02DzNf0JGC4abS2AxycTJyc5xkHkAHgjBziv09+Jluh8V/B8K3C29lFIWGMsYonIPYHHYDp29PzM0yUjXvDLSJtE9zpaIAccLOgGexyM9Ac/jX6d/ElUk8R/CNlJDHU7OPB5yotIsemcjjjJzjgdv2PEUkoLVWbndO2mis/wDJNdUYqo+aEU2pNq29rXgmn6aXW2vkfp7+2Agf9nz4PsV/dr4h0wngAbV0tMkhT94nBHzEEYPBzX5++LfBr6ZoPgDxFFvVdaudam8sLuI2PJGMAdCwPUkkDackEE/oV+1+Nn7O3wgjP3z4j0xMHdkBrBAMdxgYHXHYjpnxzxZosC+AfgYrpHuli1+TY6lmYmaXG9e5yBxgnHQgc15OGrOnSp2dk5y6X13u/K/bZa2bR21YSlOaknpGDdt23bbR231WmvS6Z8AeHbsf2P4hgcENHqcayGRSSiNKBg5BBOOvzcEZ65rrdYjWz8ZabJZsJGm0DLJgMsY+zkkgY6EHGe3bHArSs9PtG8M+Ow0CLM2vuEZQqSZEzBR0Y4B6DI9gD05rVrPVdM8VeHAwlnlu9GZF8wE7YTCS2FIOVUDockEA9K9ONROV0/fUbpK1klGLulbfe6e5goaaS03Ti07eTv3baejX5HA3Nnerodvf2d3cWzz+JjA1xA7RvAPNztbGN0ZYBtpzkLxmu0s/GjXl/f6dq5ebULW/0yCLVFTbaiGALH5k/wDzycKGBYgbhnPJ4XSljk8GyW52sY/GKCQ7VDoTKxVjx8pOCCeMk4K5AI1J9BsUPj5miUq0FuyvkIrEoBkDAOR2K5IPzHOKxrwp1FrGz1Sk9bapNLRfLs9tTeFSdNxd+ZJK68nrto9m9tNbLsehbLg6541hglhmWTw+LkSwYeOZCmRsfJUgHgkng+nSkhv5bjUvhTHIXUQI0Z3jC5UjcFz8oJ6E4+Yg88159p8+peGtWs7K3m+2WOqeFTJc6fuJmkVYyV8mfBIKgMD6Z9MivS7LU9B8S2Hw1/scLDqGn6jLBcWNwdt4qIrGTaM/vFVjgPkggcEMSB4+JpunJLldrW7291JJp7arfbqmj1MLUjUvytJvVRbu7rl3vrbS910d29NO58UyGPwdqCxjZ9o8XCEMG+YiWTLBcZ44weQMEHk/LXmWr28X/CKROgiUR67cRL8m7ASaHcAepPGAMq2N3HStzWJbptLFo5ke3PjLIPJUEuQVOcgZxtxwOeORmqV4WfwzLDGiDy/EF/Iu7GD+/gI/hPAxg5JGenQkZ0FFRhzStdvW+t00rJO6tZPbf5HRXduZJ/YjaOl29LOO6d7vvrqr205eaxsLu98eLcySW9x/Z2nNDEScTMI1xgMBkHHAOAvTGMCsT7FbTarYpqNuHWbQCIASVKvCuY5IyOjoQDnuCDXaa5pTHWvFsk0Z8xdF02UlF2nDRjJOB3H48g8ds+8hiW88ONGDhtAu2zINxAEfcnnOM4OTkYziuynUu4xjK65Vra6fuxldra9+q66O6OScHbmjp7110btKO6e2uy0s+hjeEPFs+kQ+HrTxNJJcaRJ4iubtb9GBngaEsscM553gHCjJyP4R1x5R+0TPNPb6HPHHEBJb6jc2c8u04t2dniOCCMsmOeCCcNkfd76+0yP+ytFLqBZpqFrNKoXdkzzurHqTyDkkZOOFOTz5B8etOvr59N0/S7HUroxi4trRIlaTCOitH5aA/dYljyBxkD5aSjRhVp1akowSm1Ny0ve2r8tLXd/kaxVb6rVioNtwjJOOstbX0StrZ9V89zs/2L2ln1Hx7LLbwRtIfDgaSMA7tt4d7ADAG8bvlAAJ684Nesf8FB5beDxbovlI8bC1CK4BDRgWEDI4APRWGRg5DFenGOI/Yj8L63pt148/tXSr3T1tovDz+ZexPCJCLs/dDrg/d5ILHHXpXff8FArcax4m0WS1SeeQSpFJHCuCsYsrcEDAwTlfXgYGflrgjTwlTOp1VVpypKMbtcsk1ywurq9+VW37a3bPXpqtLh72ahNVYxk7NNPScW3qt7K6T00vofKvwf8AE+vXfjLwfpl9q+p3thqN5bW91FdXt0wECNuSNN82EUcYCgDjrjpR+KHijWbLxp4u0iLXNUSzstXnWGzXULratsTtRRGJwAcAksATg8dDnH+HGneItI8deDtQTR9Uhgg1BJ7eaeEiBPKJYMzPwY+NpYnG3aMjPPoHi280nx5b61DceF7Cz8Z3Xiq8aXxCLpI4LuyiIWO38kLgMjAsWDZOTgnOK9OWAyxYtSpYXD1I+zTbhCk0pSlFvmSSabSuu+qduvzkVifq6p1J1adRSbgm3dq0Pd02euidk76bHFWXi/V7bwJNLYa1rOn3cuuJG9xbahcweYiIMqQkgyTg5JYg9GJya+tf2M9QvPEXifxhcX2u63fNY+FZWWO8vbq4t3eR2DP5MkrxiRgNo4B75A5r5Fu9KbS/h9Ksy2m5PE8kTFGLgKsYD4JGAAATnG3btJHNfeH7AtnosPjLxnHbG1uI5/BLyNGckrIrMTuySCCeOBwO5G2uLNMLl1LCYvEfVKTcW2qkaUFKMkoqMublundOzWvysjry3D4iWYYWm60mnKLd5yTd5R0S2vZWfTS6tseE/tlXECfE2wm8yW3nh06xslwzodj2SOG2LjJDEnKgjuSeleE+Ib6C207Q2uwzI+muCrMS08sbACZ2Zjl92CABgHg4r7l/aa8N+DvEPx30eLxjNHpOgTS6ZFqd7DKqXVnp0dhGZrm0BIDmMdsDG09Tg15L8dvgx8JNC/4RiT4YfECTxzo+o6RfagI5opIJtO2TuqQu53FpCgDsGAXuMg7ROU5hg4/UcPPD1Iyq0lKNV0m4O1nrUUXyvtFtP5IM2wFZ4jG1Y1IWhKzg6mqa5bO2l1o1pvrrtf5a8M3lodWjuHY5eNgUdTt3iI7WYj7xUYKjA9+xHf8Aia6s7zwh4emAiF1FPeb7kR75GdWcoGJzkJtACgkKcdVrjbDQrpVlbTbKJ2sZ0Eku7c+112gBTubktgAAnccjZgLXZT+G9aXwlosrzWSqdZmiuDJKix2EMzFZHmSQKylUJcDGeCucZr6arPAcy5JQ52lJxVr8ravpZapu2zetjwKUasYVHOMpRdo+7ey+BKVna7vfVJrVvZq/vf7Fl1ZL4+v5V3G7l8Nags7+WEDnDHJOCuB3yOR0OTWB+2Xq13Yaz4Na1vZrN00+43+VIyF/9IygcqVO3gcZ4+XkZzXsH7OXw80zwf4v/tjTfHWheMrXUvDd8DbaUQRpswZkeGVkyBInKgMedpzgGuH/AGiNS8Jaf8YPhpc+LdDHiDw2ltFJqumibyzPA1ygdNxztDFicgZO7avGTXg+3pwxuMqqi8VCOGnN0oRV5ShFPlje0XfvdaPfofRTi/7Ap0k3TnOr8V78qcobNPbZpLpq9tfiiPxx4ltLe4ntdYu4JdRikinFrLIpdVGMFlfcSQAS3TGMiuKvfFPiWOeyJ1LVDEIndElmk8sSOGDNtbgHcC5OC33jkZzX7TW3iT9mW20CTUoP2dVltHa7On7gspESoxjIcgZIBBJwGAwCD1HgGseOfgl4ov8AwzCPgpBpVpp99E962xQby3lkWMQEnpjJIIz0I6GvlMPx1RqVJxXDWKpKm2ueTwyfu2Tcv3l1qnpe69Tljk1WNOMZY+LcrWUozbd+V+87rV2dr9Wm2+v5YWGu6q73GnyXt99nlnluHUSkBt2SZDjoT8wyOTzkKc17Z8HP2m/it+z94stPE/wn8b6h4f1G38v+0lt2Zo9TtonDtZ3kZYrNGduNrKB2AIBFfpGvh79nrT9Mu9U/4VHA7f29diO6ZVZRZrny7WRc/dQY5xgDPOSc/Cf7T+lfDyDxBokvgbwza+HLHUNOlluIoSPLkmIJKoB82VbIYhev3RnJbrocR5XxNKplVfKW6M4uNVYiNGVKSXLdNKU7pNq11pZtNPQzqZficBaqsRHnTVlGTUo8zg7vVNpt7b7tLdnJfEb9omf42eMPFnjXxLHHpuu+J71NU1PUJETy59RJCyPHHwIhKQTtHIFf1MfsFf8ABSv9k/wb+zn8IPAPibxtc6R4i8BahZw6zcXMDJp9mzB0kkWVQVMUm7OMdR68V/FxfxLFaSwhAC8+zeoJGWbp2GM/mDwTnFfWH7P+meHNW8Cazo+oS38viG78RWsGl2sEImtjCI5GZ51XLMFO3GThRkYA5rxONfDXJeL8ry7LK0quDoYTFUZYb6u4xcG4qCjyuMkoKPLpsrauzNsBnFWjKtGrTVWLg5OL93ZWutVdpN/fayVj+3Dwt+3F+zXqnxF+MFzoPxa8PXX/AAktvo//AAjcjaksD30sWEkiAcgMwaXoSBjOCCDj7bsrnw/I3w41m21Tw5qkENrPBMIrzTLl2m1GPfCGbzHJyzcg59+mK/gk8O/C1IdPu9WvJ90unPel2UyW4ieE7tu+NwUbjgjkEk8cVqab8V/iDpKRWnhj4keM/DskW24gaz8Q3/lRNGxClRJK+Mc4UDAHA5OT8HmP0UKs4Rllud1YTajKnGvSUlCSUPeTpTg3dWSi1onozllx3h4NRqU3Sil7OSjJR54qnCEUr3tZavz21bv+6X/BWXSdG0/WvCuoRWGl299NqOurqFzZiBZHXbmFJzCfm2BgUHK8noea/A6K3kUeIFF1L81oZQpYleXJzyWAODjHTGMgHNZ3in4mfF/xJeSt4g8d6l40kiuSqyeINQkvijuFy0Zk2hN2cMcEk7s9Bjkk8V+JbRrpb7S7W6DReRO0DKrsCR8pJ646rhTnjA21/Vnhjw7X4I4TwGQY+tPF18HGopYmMJJT55N68zctLtK8m7pu60Z+XcR4hZtmlTGUIQjCajFKTXMlGMYapKzend3bbS3PTLZbkHSmeUzAQW2xWbjkkHC44OBjOMZHPfPjPxPIbQwQqqx8SyjO4gnkEjp6457dcHnPVR+PYI7mxS60q8tUt0iUEAuCkZJOAOx5JOPTgYFef+PdbsNX0PFoXMjeIjNhsqUSQpwwI6kkdfp16fe4/F4ergqlOFRubSsne+8FfXrur9Xc8nA4etSxMHKPuuybVnFWs0lrorN76r7r/pr8AgqfDu2IU+adGlQd+PKB5/HOATxngc12/j+GB7a0t7okzNp9rJAB1QFVwMZPHPJy3TkYNcL+z+g/4Vy291EiaRIyZGQQ0SqBnDZPOTwBnBB7Dd+JUt2up6ahJ3DTLLYU4GAi4ba2Cc5x3Azz05/Ka9RQzByv72zW6atFK+z1vpre/ZH6ngoJ4NXVoJxsnu7KN11b1u+u+j0Z574KhmsPETPcAGMLdCNlB5XaQCp6nPA6nk8kHiv0w8J/sv6R8QfgjZ+MDr+iJqFxptx9ksbiaC3u0cXEhZHlJ3lm6BSvPPO7Gfze8OfaJdZiZeRHDOz4UHPyksRwSMcZLZG3PHAr9f8A9n/4R6743+Enh/UrO2tksFOx5p55lM1wt0AqQxgrG5Y7QeRkAYOM5+N45xsqdDAVY1fZ2xKTk9VJtRtH7m01bXZrc9jLXUp0sRyvTlV5LdxfLZRbTWl1o7bWtvb82b74A/EvRdN1m6tPAeu6jp9nLNJ/aGmWMtzB5Nt88lx56IQYgg3OwG0IRnqBXzqbqODVWhv4XcxhtwkHMec5TGBhkcbSuONpGOtf2B+EvhZrHwr+Heur4h1bUrrT9U+GviW4GnpY20dvaTGwnO3Ll2eNUPLjBHVcYr+SzVvCF5rvxKvtC0eGef7deXj2qF/LLebcO4KhusZY5UqBgDgKBtrwsmxs8dh8ZVxKp0qdFuF72XK4/E29LWV09EkbYbHSqYijClJ1H+7SldXc3uuVW1i1Z389E9F6b8DvFfhGT4k+DrPx3p0eu+CnvZ4tZ05ogEns0iKLFcMMt5SHDYJycDJGMV+3Xwx+AX7NPiL4LWvjqT4TeDLxbrWtZj0+KWOTzn0yPUTHZneqEL5MO3JBYEZ7YFfgsPh54o8H36tdRf2ZJBHeM08SvOwKowaN8jgnO3qQAc5Ir+mX9lv4R+MNW/Z5+G8Vh8SLKG0ufDbXlvoh0KK4lEt0VeSNpC672OSwbO5SBgjJA+A4ujChQo4nLcc4e0rJSdOtLklyRb9xRdu6k7PyTse1isRJ1VHE7qEY2aurSkmrOzbeq1t5LTVfl/8AEPwX8JtD0jWLS0+A1lqEj6rrcWlavo2lTTJpZFpceQ9xKqYWJGAZX7AEgng1sfsBfBnw18S/h345ab4KfD7xtf8AhW8S2udV8SzPFcFr2XzpbeFTHyYE3IBkjCEE16J8RNL+K3hbVfG2jD4uX2k+HF1DVLV1fw7aGz+0paTSPbwys3ymRVKKRjCn1xXjf7LvgD4l654C8c6p4L+K3jfwrFpzXlz4lXw5p4axuSSzQ3E8sZwzmHe5GCQMjjBz4NPFYh5JiKlfMleWJwj54zxc5Q5mk4SaitJJJ2V1dq6s0zqqunUnTjRj7O1Npu8FreHLdtST2d7pNLS9yWO08FeE/wBru6t9H/Z/8Lam+iPaabN8P9GgN3Y3cclm4luo4igjZgeSoOAcHGBXcfEnUvAHi3V/Anhxf2WdO8JhPHJW/tEsUtr/AFqOSQs+mbmG4I6hk2DgAkjG4GqXgL4I+KPEnxZOq+DfjL4otde0XwrH4guPGx0d2l1KZYjvtJS2GEodmQHuOPm2kDgtf+GPxL8SeLbW7174m+NtX1F/ERk0y/toHtr9tSh3iX7FbKVMTh8Df/EpyQQMjpVXDuvRj/aMJyw+X0nOUqmOhNWhLlk1FxTvfm1u9nfTSbzcUpQ95TVNSUoq93FW0Tto1qvd68ulj7q+PNt8L/DnwI1caD+xvpXhzTF0ya1uPE7afbLNpMqvENttcZLfaBk/MOd2SAOSfnv9l3XPhp4c0Pxpqd18C/DHiXTRYeH5HbxdC0+tJvRmkMSpbuRBMy7lckDGCRmvH/i18PPi7pXw0hg1L4y/FPxHa6jq962reC76Saa2s4YJEDS3GWUBGyGYkcEBRkc1sfs3fCH4h+P9X8U+GfB3xa8Yac8XhvT7vVUtbNGtVtlAVIZMq5VrZGIKKGLEcE5IOsaeHjlDr/2nTcpVIT9onjHG0HCLvGV730SbTu3e71YlTlF1KMoycY6y5qvvWlFO3Na1rWdlsrpXe3dfE/4ieEPEX7RXw/8AEPh74J+G9LurLw9eWejeAU0NLa38QKwRIZBIsZ+0CFDI0cjx7iRk19FXPxp8Hx+C9a8LN+y9YjV/s6aDHeLaQJA+r38gIt7x5oUAkjfKwc5C56dB8e/tB/Az4j/Az4m/D+8sfiv4o8VeIIvD9/rWkaxLYJHfWRso8zWaoCxS3Tfw5IO0Z6dfuT4G/AnS/jl4MguvF/xZ8UXOsa34Uk8Wau9qot7fTtasYZJIZo0jIElwjKwd8g5Jwp5A56840aGBxFOu69KrQVOlCMsTFykqzfNyxStu9ZyV27X+y8pwpuE7wkqdKcZ35lJNWV4atuUnda2ae/c+OtR8NeMdO/afstZ8S/B3w/oniWb4eaQdB8EnXLe1gu7a0wbbWYbOGB45LpVb5gyklckg17j8V7D4neN/Hvg27k/Zk8FX2teH7u41CwsbjULe8TVY47eEPcNAkEYeIZHLADduB5r8ZfiN+1J8Rvh/+0DqesafdXHiHxB8ML/VPB+j+Jdcnea/l0eyeSG1A8wkpmN2O1g2CNwAxivsT9nj/gpdJ4K8ZP428Z+FdQ8TGPwHc6DZwy6pLcTWurXEhla9jZlIjikcYIC5RQByCK/R8RwTm8sNgMcsLHExll9BWjVrKolOCdlF1o2SjJNtuTe3ZHx0M+wLqYilGpTjUp16nKpwSVrxT1cbJXT0Wm22p9K6ho/7QV9408Xw6X+y58PfCupXfg5bLXtCGn2kjf2ZKziLUnU48mNg4JOB8h78kfG+t/A/4nfDH9pv4e2/iP4WfC9vEmu+H7SLRvBN1F5Xgy9Gq7jHe6nMMQGYqSZBnIIyw6CvqK6/4KuaNqHjbxX47b4X37ar4q8EWXhr/Q79o7W2nsmwJJyyAXKzrtEmQpAOCehry74p/t8aD8avHvwh8e+JvAV/p918JNX+03+gacyGDW9LNvHBDBPeALIgVkLKhJCknlc4rkpcN55hpyjHJ5wp1KFSnJpznzylS9xO9aTtzWj05G+zOlZvgK8eWpiaV4tO17SbTSaT5XbWz1bV+uzPR/iv4A+K9n4Z8Fadqn7M/wCztBY+IvE1xoNhZ6As0n9p69dSGGJSqIqJGWASKUHGc5JGDWt8PvgH+0doWs+HfDNp+yr8JdE1qyh1KC1E+rzW0k8TqzTB5ijbo9hJ2KzALj3Fc94+/wCCovhzxFY/DjSrT4U6zpOg/Dvxnb+LnQ3MTXU0QumkSySXBYDn5SxLAbTwDg+93f8AwWm8CX/ifwp4gv8A4R6jZ2vh211Ztk9+wuhLdwMltLLJHEfN3nbuU52gHhhzXHPh7PI0IRfD8nJyc+SM60Um3HmbisS4q6va6bafVXTbzLBSk/8AaKVnzWvOMbWa5ErxT6Lm6Xtrbfi/F3wL+NfhHwV4YPiX4DfARLDXvHdrpukLf6zLqMttrWsXrWcJ2uqGKH7TkNgjC9idtelyfssftD+ENXuZL/4Qfsx2F0lrbveSmwjvJZoHm2CVixPmwRDBkZ/lVOcgE180fEj/AIKdp8SfhT4e0SX4V6rb6xY/FfT/ABzaXTStLayaTpGpDULaxt7lgDE04GGO3hzkZIzXb+Jf+CtsHivxT4gu5/hHrttYah4DfwzHbLqbGS01CRS63qsVzgOxGcDHUNkg1i+FM2qcrfD9WXM26kJVpRUUnCSil7eN009Er6xet7HO8ZhUpJ4qhF3dpJRd5Jx5GnZ9Lt3eifW58Af8FD/hr48+Hfx1Ww8c6d4A07xDfeBNM1nTbL4d2Mdpo6aZK4EbtFEWV7g5BMp5CjaBgEVyv7Cf7UviP9lL40eGviCt7ev4X1O6h0j4gaCu8RX+j3Dqj3DxBtrS2ak3Eblc8AA44rjP2uv2m7z48/FLQ/HuoeHtR8OW+k+BdP8ACUNvcz/aZ5V00r/pEk3Vkk2lthGQTjIyc/P2lXS6jei+huA0FxZ+akK4ZEkGI/3ikHBcZO3HTJz0r9XyrL8RQyKjSr4V4fko8rpPX2fvaRveWqi9bNrVLu16GFrYOvOnRhiIV/aRjCVre+3GKbVkr3bdul/e6H+iF4P8XaD488LaB4x8L3qah4f8S6da6vpN3G2Ve2u4klVGIOC8W5UlAJw+Ryciuk3DnOcMccAZG3qGyfUfkcGv59f+CQv7bdpdWMH7MHxGvBZ3doWl+G+r3kqhLlG/e3GhMznCsGZpIMnDABVxX9BDEq+1lxjKlSeQRnOB254OMfTGDXzeIoOhWlFp8unLJ+kW7a2TTWlrXa6po48Vh54SvKlO65XeLd0p07q0ld212aez3V1cQ9CFJ9Tk4HpjAzjnHIY9j2xSDcQc4JA9T3PAHHzc5+g+lPAY9s5GASQfr8wIBIP1wPQCnAnklcAccBmbH8z+R6+2a5vaWsle2+ib0ut/81a1vUwXV72aWye22y369e+mqGYPzAgcnHQZyOCB37DJP3vmz15iJO44GVIHGQ3bByOTwRk9DkEctU271Kkj1O7vnoDx+HfkDrhrKSWyRgKWYnONxzznGc/dGOwIHOOaVVfaT2TcrW0tFWVvl6/iW4XV7pO19lfZJtdddFb8eoo46gYHfqcdQQAQdoA6Y4yMcA08MGGG5A6k/eUjG3OevTA+XABye2YV5OGwBg4bjJOcDcQSvfgduhJI4kRugbGOeT1ypAJGMdc8k89TkHoOVkuV9Ha7V3or27Xeuny8pSaT1v53T7K/bfpr5gcEAklsNnqQQecjrkgADd2J64qQnAG05yMgHIwMYP16jPc4+uUGGwCc5weo6Htnr06nqRz0NKRwSWwTwCGPVfugZPoOgxzwwHIqva+9qlf0b00tr3fW9tbXunq03ptfbmta+3lv630eoBWBJO3Ct94cfKRnkZwcNnk5PPI4qJgzEgjJxkYbbjB4+XIznnHTBHYmpcjcScMpGCvYHB7g9PUdR0ORQVBPrkg4PoMDrwTwD1xg5OefltVGrysre7e9rO/L7trWtrutHvqF23ZdbaLbpb0ba/DfoR7W3BskEYBznAHTrnGc85Xk5IxkAhuD/Dk+mOgOecnjB9eDxwOcEy7VI+82Mdjken/fPTnnI5pojwMKTgAk8dSckn73Jy2M9xgdBgKE+dO6S2vd7X6fO+m/nYlq1rvql5O6Wmur310X4ELAYycfKTwp5IPAyDtwpO7kkdj7U3AA6AkknngKABgEnJPtgclhnb8xFtU6nA4AyGzuyC2ScDr04OOw5UZDWQngYCjJPOSDkYGOMAccAj16jJtThF62aXk9W7dtG7Sb36210D7Vn00bXy0101u7avrZ7lYBjhmbJBx7jnhSFzkduASM96QgDAxg98ZGByTjr24OfTAGMGpSpA5GSWx1HTIzj0wD2OSM5HJBaAR2IzyCefQEZ9cLnjg8gY+8Nott6J33eu21n3enl0XdspSTto7JLe+t0luruy+ei1W7cRUDLDlT0BxjJP3TjH16HPPPq5UUANtzyCPmGeuCGPU5PYZwM571YAI4K8kEYPIxkngdODjAGevIOMBpUY+8QAo+6cKpOevvtIyef7u009tL6aK0v5fdSWu97q3xXel9ULvfVfpZdXv1vv6sgUbfmGdu7pj5TgdM4yc4yDkkEnJ4p4AOQuAG5HUnPpxgZA698CgYIxuOM9DtG4gcf3R2GM8A8Y5pVJDc9TyRj5SO2eeMduoJ781k+7u5OzstNrOPRX5bW1vffTZNJJN/E2tLW17N6JPTZffYX5iMhRtG0EqcNkEDA9MHr06n6BQC2N2NzZGTz0K445yTgA8jrxjjKDOOfxI6eg9OuR/nAqwkIPzbgDt3LuwMqD+PfjGT9O5uN37qTSa+JJ3srXfxKOtle179L2TJb2utOr7apJtX+d97376NWMMNygYBA4JGccEgAtzxggnjlRUqwqCuQCGOTkcAjHPXnHfJx1HcCpI4gerDggnHQD1HHHXAPJxjpmh0yQoYNu/vYIBwBkDPXAxxzz+e8KMGlzX01ja7vez2Sf8A29tppojKT1tdNJq70sk3G99nfV3avf0bITGvGeRkg56rkD7w3EbTj0wSc8moXhznYBuK4OGJ6kc8jjHJBAzk45wSLqw4JMhIB46kluDj0CqTyQRyPckU4xqqgKCuBgLyAoPyjHvnPB5PqKqVBNLlutNOjSaW/az1cb7LV6WBVVG15pbLTrdRvbyV3vbayXMm1mspAAZVGApySTjGMg4HUnkHngcbsYLWUja2MAg4x3J4C44Hrzx6E5zVxkABGSx6nGQScggHryR1A444z3qOpBBJHOSQAAo9UPc9ieM5zkEEZ4nSbveLtZ3Uk9rq977WeqflttbX2itzbq6s11b5dVZ7Nu2ur0d+8YRSBwM9h0Kk8uOe56E8+2BQUUEhsjK7V9h6+/r1z1wNopWkOFxkZySMDJ6jH97jA9uTjgnELPuOOcAjAODnplgNoOCDgLlsc89KwjFJ+9feKaUrXV03u3fq7dd7u9m4zbtzLvqrb6Jtb66N/e0ybCKGY/3gQMcEAcNgDp7bewHJ4qpPtU5HcZP3htJGQAe2cdQMbhyNxNK7tjg4ySMnpt6ke5xxx6j3qGQlsE7h/EQAMgqxPHvjkYwBx0rSaiknFW2stb+84vTfdK99Wtny2ZVtU031ur9uXd2763enpsQFhkBxtZcgDODkdRweDzj9OoNRsSeqjLdBnIwuc44PscHp174CuN2XA+YE4XPJOQVBJweTk9OuM8LUDKwxkEggD1O5j6DaCM4HU8cc5xWDS0etrW3el0rJW6XvdbbWN0/vdl/mu2vnf0AqeGGMZJGBnAOT36jJJwQV74yc0hDAg8EkMCQ3zZAyp5PBB6AEkMATg4AFB6biGx83BPfggfLyemBtA6DrguG3ODhhjpjGOxOcnBHcgfKT6jgU3ZK93pbSz0Wn4NvdedjTlTVkt+qstlve7dujab1T7EYXnnhSCQM5C9M8cDdgnqR6DkA04MSpUKMZ4OSAVAweO5xjPY9RSjb85B6dAecfw8D044PYnnmm7N5Ayc8nJ5A4yePTA55P9K0jVl30b3SfW3RWsrr8L9CJUb7u/VK9u3ntrfXRbbXPIv2hHEfwI+MMgVAq+A9Ykb/ditpGwCOnyck7jktzxgV/MJ/wTz0TWPjr4t+JnwW2G0+E2j+MU+JvxK1aydoptSmhsBBo2hLKmNyi4iWSdCcmM8g9a/p8/aIg834A/GeJVJMvw78QKpGQebCTnOf0x2PcivwO/wCCJPhhNN8EftSa+87zJffERNMdHXedkGlrKI9+MlS5yqZwSc4wc1wZxWjHBVqiS9tSw0JR0+0qiSl5uCTa31s2rnuZNBwoLltyzxihJ2urOCTa20km1pfy6NfzbftBfDw3Hxx+K40iUWenWnjPxDDao6YRYYb2dIId2NrOIgD0xkHIzkDxpvAHiaTT5H0dJb2ON1M0ywu0EIVNz5lwcuoBbC4YkHGetfYX7QWqrp/x5+LdrqNu8Fm/jnxAyEIdokN1OFOAv3dpyf73BJ9d79nrUptR0rxJodtpWpa/a298t3byWNmGgilaMljLIQ5ChTgqeDjOAck/T0+Os0yfKcNXlSjWpypYWnD2j5W/aezhzN7u972ttutLnVhvD/K89x9WhGq8PVk8TVnJJuK9nFz1je7Teie3nbVflF52r6d4juJLOeSKaG9iindVKsXinXKHcAVYtjqeQPmAIr+g7wr5t/4T+GbSkmWTRraR2Dc7jao2/aeCWx1xnkgHsfw78a6Ylv438R3i2l0pHiS+YRSII1MiXDkxFVxhlIwPYYGBgV+4vgIy3Hgz4UStGUmm0i2MkS5WT/j3QgBsZ4B+bOQOnODV8cYueJw+V4icWp1FKWqu1z0oOzfnfT8dDxuC8JHB4rNcJCfNClUjFN7Plrcierd7/L1PTvGZdfA90JMoF1HSY1UkqTvniQbsfeABzggfWvzR/wCChenx2lr8N9252F7dOZCMAjYTkZ6gA8DoehGCTX6jeNrcP4YuFu1RkXUNHCIGPL/aIQo98EkcnjHcBlr8yf8Ago+HtoPh8swK7r248tWPIiyFwFwDjBJzg4HDdCBh4dU+bH0Z2/5f1Gr+cFpp2t379Wr78eStg6tPm0VOm9NH7so2TVm7X0S3v1PzJ1Qb9Ls2djgS8KBg43YUAnaSckg4PGcjGDXoHw78Ma74lEVrpGk3eoyS6hHHlIDLFEWYLy5whcAdMjI3ZHAxzuo6He6jo1m2m25kSO6VGmkIjjUkkDDNywBPzHHTBwM/N9r/ALClzAnjG48K+OvEOi6N4e0fUF1q/E19DbS3CqCiRJdfeKlipdVx8uc5xX7rnWN+pYWpKhFTrKEeWOjV2klf7XRaarXU/GMHh3iKkY1Lwg5e82k+q1s7Nt7pL07NfaX/AATq1K1+D37YXhS28Yz2ehoPD93a39/qTiGC2aZQ8Y4Vk5A5bsQOpNf0p+JP23Pg34a027Gj6td+KNRh85ls9Gs5bqGfyG5zcbAgRjjDE4+XJxiv5bfFnxT+HFp+0JrM+lRS67pljYS2Fomh6bPqtw8qKRviniQtLGCAXmBweOR0r2CL4xftS65pNpZfCT4O6lN4Wty73upatoS6WZLUFt/nXk672RkJZudz8D5ua/DM84WwufZjSzPHykq1SjThKlzRjHmi22le+ytstk7W2X3+XZmsBhJYSk26cZOUZxTur8mt+j21tb9f1C+I37Ufxs+Les+Nj8L9Mk0Pw1N4Dv7zULnTF+06rZLHayM0cyZAgkYDJwCV5Bz3+Qf2WP2e/j58cvh3N4/u/G8vhy31u6v9JudS1/WjY3FzZWd06IY7KWaKJUjBb94XzzkAZArwL4YeLf2qPH/i/wCIPh3w3rfhv4XwQeB9Sl17T7G086W9sIbZ2l8iXaT9omIYMV7HI6gV9/fsi/sJJ4/+DnhXUvHXxk+JGpWepQXV5deHdO1qfStFtDNcvvijWFlDhmRi23GecgcYzqcP5Jl9NUqdGhTkuRSlKk6km7XveS3lfZu1raXRvQzrF1Jucq14vlSSm7uKsldKzb03dr20Roz/ALNv7OHwZ17w/qPxd+O/hjVdVVzPfadb6wmx2Rd5W6NlJdvO2QAylVB5GTnNfJPx7+JvwJ1/WvhD4c+E/hzxF4ns9L+LR1+7Tw14bntbbVktpVEVrpU8sSHVJpSDuzlQV5xkZ/bLwL+wt+y38P7qNNP+HenapfPGgk8ReKJZNbuA5U+ayS3ksih5GGSdoGc9uvwz+2T4p8K/Dn43/srNp03h7wd4Q8J+O9QW7ubW2062t4rWIKZprmGMIFiXJ/eyFsbuvIrly72+Hq4j6tCpX/cVrRlFKlpC+kIqVm9El101002xuJw2JlhlXsv3sLyTvNtuCvF31+aWjvstfL/2zvFvxa8YfAT4qPpv7NeoaH4XbwVImr+KfHc6Wt1penC3VUvLKxGFjuoVHyAKWGRjniv45m0MXUtwlvqNq6LKY0klbLbQxOB8wUgksW+UDjOMACv7R/8Agot/wUg/Zm179nj4t/Drwr43sPE3inxN4Zn0SCCxk82Ga6lQpGRIpVIUB3FsEjBPTIr+I9tOkuIpVhdIykpZ2iuduCWGVHI7kjOOOcDGRX33gjWr1sHm0szy/wDs908XFYb2kZw9vFQi3NKerjd2ulbS9j5vxIpwU8vjg67qSdCTqWkp8jvFRWiST6u+33Hp0fgWZBCz61GEdlylvJEvUDOAXOOwJOQO2TyILLwlayzXMM+pFBbTsGL3YVmz6gEgHqSRnnb05A88tvDt8kocahK6ZQhP7QGAD/eAfCqMnkZY8nPYRpp9zHPc5nBVnbeWvcsRj5QxDdO+ck+5PJ/dqlfBXjJU4Wfu/wARO1rXb339L337n5R7LGRil7SV2tG020t+3bXq+jdtD0l/CulQXRia+aaMBQVW5DhtzDdt69OmeR6HIzS2XhbRLnULu3R5F8tFdcybgTnDFifvEdSMhh1OBXCpBdWpjnkmj8oAE4uQOvIJOc8dAScDqOcUsk15cM62MipM/wAm6O4AZgDkFiGyB0GAMYABIFYxrYJ3bpx3ule91o0+99dLfm3d0oY5SS55Reu6d1ezu3pvfR6XPUH+G2hsrF5YJGwzuxnVQC2SB5eSQQcZHU8cAYNZs/hjw5pFndQW+zDxM8hSZFbzMsQrHBJXPG0HAHGCRXmM2k+JFk3G6mxIpYbbwsBnjA5y3JyQcHHOehrIuNO1glY7h5kBUgt9oBzsJwGw2ASfVjnJ7ZI5ZywM0+TCq7fxfE2rqzWmzurPXfc7JyzCHLzVpXbSS5Xq1yr8bO3RK6vZO3Z2Xg2wnWOffa7W3HypJV3bjztB3A4xjGeCevTiSbwbpsssawvZW0hyWBlR2fGSCAHIxg8d8dAoJA4ODTLqYl5PtY2Equ24IGQMdNwGT7fLnj6aX9hy7UnSKUMmAfMvDk55ycHg56+ucgdjca2FVNf7PGfvdU/s2vb3dFfVX3V9txT+uK9sRJJqztKzey01Vnd287ff2M3hbRkhcyS2jOIJAAtyBl16EoTzkj0+UgZ9KxNA8KaJeo7X8lru8xkVDOFCDGD0PJwM8H0zxjGe3h9nRAsTs5BY5ujjIxnd8xyA2CpPOeSODWImh3ZSbbAjSCQqSLkqM87eNwyBnk7gehwe1U6uGc4v6vC0bdG0no30e7XXZNu19uZRx3JJPESeqd7ttXcdNLpX7bW1Wx6XF4c8M6VMUtry2PmEMzpcBGUjjbuDncCT1OSODgdKzNdtdEa2dUumYhSSqXBdTyDlssA205C85P1Ga4U+GtTSNpSuxSuSisXJ6kqH3BjgkkZGPUDpRD4dlEMk9zYXUqRhQV804KnG4n5hjocADsTjOK6HVpvbDxSdrJJWStG+yb1WvT77mTp4mXKnXmmrN8rTdk1v3fa2um29us0/wn4fureO8/teyWRVO5Z1QdRkoPmyXGCDgE8ndzwcG9tLSzm8myW0uI3Zg0u5QrYPAyCRkg5wcgc+5GothoMNirf2NcK4QMGa4blipUkqSoYbiDk8n+JecVgSX1hAsuyyi3R7sI8m4gN3Y4HJA7ZweM5oniIKEIqhCNlfmStdpxTV5pK++idr6W6HNLC4idW6qTmr3T5rWas7tOz2XS6sk9kdj4PsbTUNXGmPpMD5jWRn5ZFUAltxwMg4zjqcc9K9bl8AaY0QlSzt0aSUlXCHEfbaRgY2kkjOSfSvAtA8b38V5ENMggs9RzshKrvd1IIAPA3AcHcSvXjvn0D/AITfxojeVPdxlt2TCsQ3GTcDkqByR6ZJzzwM4yhjKS976ve+7jG978u/K4u61vva29j0Pq2Klh3D2kYO2l29bqNr2d7pX1a22PUT8PdKENvLIsO1GYSyKgYuwIVSVAI5OOxHpxwdU+CNJi8L+Ip5bWGef7O3kEx4kjIGQUAT1IGTkKcdGxXlbeLfGTxRzfb4IkGWKeWQeDk5UggEAc598jFPm8ZeMpbW4EeoR+U6qsw8kKNoB3ADJyMkAkqAOnAzXe8xw6pNSw84px0fIuyV1fpda3Wl/K55VHKsZGc3LEwb5k7czk7WTel/Tdd+hkeEvAzavqMKS2iWcUarJM7xsyy5zt9OTn5iCTgBs53LXtNp4Y0S1tZrWCxSS+j8xUcK8eHztWYbdok5ORngdBx15Pw3pnxFbS38TwJdpokspjW5FtGIj5Yw5jO47kB7g8E44JwaepXfiu1L6gdVmhjdWZVMYG3JKhic8A7uxJHPJ6V5VHN8BD3JRlN81vhTTb5V7vRetnrrqz0ZZNjOWdSOIULpSa5b8q920le+u9m+q8jLvfh7fzT6gbqQ4mLFYo0+eQEHdyeD2yvJzz7Gbw98H7a+srm5vrxrc24Jjt2Uo/ykliDzhiOjKSSccE81yd1qHji9kZ7XXpZWUebIEG0RqwJJPAxjuAVyTgnG0UWt94xuITCniOUMI/nynTk4BG0g+vrwDk99pY3D0pe0jh2oS0tU+1fld0+jbu2ujv5hSwVetSdKWIU3BWvZxcpK1rNPfrotb63ehq3Xw9NvcS/Zo7i4ityZI1ljLCUd+c4GCueg55PHNdN4d8PTzaZJELK3t5RI7EMEM0LD7jbSMEnGQCDjt/DjhJb3xcIxCPEM7ugPyhOSTyF555znr39emBZ33jG51dLYapeKWkQE58tEOcgyFehB4JI68emfQo55RjTSp0uVNbLlerUdVe+m+idmr31sefWyWu42liUnF6t6W2trd6Kyvttrrc+sPAnw2gvNb0zWdcuYprewlS7ubMIm6VI+VRxjknb94A4z3x8v1X4n8aaFdWllp2m3Dacts4jUuFVokxgRxAYA4wB/dGOSNor4KttI8czbDB4uhs227XVrva2AB1I2+vGeCe+DVLxNpfjHS7B5ZPFkdw0ZVmaG4Ej/ADAAMvBHrnj2Br1qPEVWlR5aVBS9p8Tdndrlso31Vlo+mum549fII4icefG+7Fcr5dG2uVtK2qdr6628nofUvw8tYbv4h+M5FuSsCratNLKFAljbaSCcndk5yBgkZJHIB+j5bDTpUSKBLdl2sRJA4DAfMByWG08HAHX09fz/AP2ffDOr+ONY8QR3fi/UNOlsvswkuIN2bkuQQsgORtUnGDn5c49a+tpvgFqdxKzJ8TdaBGSAiyKUByMZ34IB5JBz25zXfluZZg6MnSwTqRnUk7q0d2m4/O+zaa33OTMcmwHtoe2xajKnThFqTXNypRSb9V11fTq79++l2cRW3E8qrlGYGcBiehBAO09x7nJwTgDzLTbeKLxn44McoKRi0+aSRQCAgYqCG+bsTj0PQ5rPvvgjqMTCOX4j66ZFZBvzLk98ggkkkA54/LmvNNG+Fuo33iPxdpw8Z6xANNeFDcI7GS6WRQQZOckKCMcnC89CaurmGYc1BSwdpRqXTunbRO3W2/8AWhlRyrLIUazhi4tSgk2rtJXgnfa7vb089j3dxDc+XO4Jj3MQ0coYKT05JDHkYUYOCQM5bFRXtpBfRQ+bcSGFWQGPzBkkABjknOVBBwOAOepFeaH4LT/Z03+PfEBVSxYxyyrjAPIAbGCCB6EYOTk1lt8F4rq3Ii+IfiiRpJ0RVWeTcuWA6ghcY46ZOTu3Ywc3iswnUqN4RJyjd++ld+437q3Sa/4fo6WWZRFQUsdFp8sbcru3eOy0TWrs7W8t7Hw+0XT7n4ieOFllDwLEqCOSQJjcQuQ7HDk55UEkEHn1+k7bwl4dtIxC1vp80RjVwsk8W7LA7gRvwTyCQTjPIywy3w94T+GVte+ONf0S88T+IYVsuY7u1unjuJyJB80rDDN8u7IYZJ+XI4I+gofgro13EAfGHi4PG7KGF9IQANvUg8ggdQcjn0zXnYGeMc6knhl/EbvzRXVOSu21bbT00bSZ6ea0Mup0qcPrjpyjTgkoq9ouMbtJO23Lo9Ltvax9GWVn4Zt5YbeO2tbNAo8wjySh4IOcOBknAGMYBOB0r4t/ay0fw9qviLR7FNZttLht9NdwkjRmN2cggrjcozk4JPUED39ms/gH4bvUZp/GfjAxuEgyNQnwGb+MAkAn2PT6V8t/tEfAptD8c2+h6NrWq6jb/wBhWt2bjWGe4mVpIwxQbpMqoBwDkdNuFxxOc4nMHh3D6uqUZ1I2cZJpRXK4q0XZJ63aWttnucuSYbKI4hVHinWlCLbSi00tG9E3ur7J3vvZa+CRfDzQI7dWXxbpitI4HEiqDk8gjoeMHB6HgjPJtS/DnQQDK3jfTRJwFQSIcnbg545HABPUEc+gpXXwkvLdI2k1O0dyVCxkOuCeQTtJ4BBwQOeOe5ydV+HF5ZW/mPeWq+WQzBM7imOSATgZAx6YPQd/kKc8XGcuZra0YuzSdlq5Pe9vL8j7Cf8AZc6UFCUnzNcri9Xe1r7W2T19dnYh1HwTotrcYHiSzYlcoFVD5hAH3cH0LcgnPHGBgZzeEtElmMcniaKP92rkNbgR5wT8pYAEHqBnAwePXMi8L6hexnyLpLjypUy6REkYdcICSSAwGHwPqucAfSfjqG78c2HhG1XRPDHhOLQNCi06SbTbdEn1ZggD3F9Ih3NM3DMWzhsDjAxFWrjZVIxhhFUjJy5qia93SNtrXbvbd9L3sdH1fLqFCc3X5ZcqcYOzbXurS1npfXXfTTRnz3J4R8LNGu7xhYlvMxtVQrKBkDccHG4EEgbgM/xGpbnQPCUSbm8WQyPAAqlJjz/tYxkhV6gg8nAODgb138MLa1YGHU9OZpkCH5CRuOQG2n+IcE/KD14DCsOf4TGzlluZdTsbkPEXEJVlAIHQHI4HT2B5b5WropYfFNOTXK3GN7NKzj21ve7W13o3boeTHE4WfNG3MtFJ9E7PlvbVptrb3vxtA+j+EJNs03itMgLgAjbgcYJ6knuOvXngCkvdG8ByL83i6JWKq23cvzdMBQDgE8E9eOcZ68o/gcvOu69tI7fLRldrHYwYrnpgt1GcdCeNrYOo/wAPfDMCBrjXrYTDaRvTI5Az94jjI6YHvnoNadKrLSckktW5NJP4d3ZOVrvVK+3z6PaYSMXJR5rq8tm3dRta613une/RLUtSaR4NdUjbxRlWUEsEVtyj7oyDnPXH0GOMmtOzsPBFqiJ/wkz7Au7yvKIG3nOBgjIOAR1GcdODyOq6HoNpaZsr5ZpCFAW2wc7SBkDJy3PQ9TgA4Yiuy8IeD9I1O3W5vpEDsGXbPMsRMYQYYA5OQewH97oeK4sXKtSl+7SlK99HdN2W1r73ts36denLHhqtSTtZKyvK0X0t2d+7au/zIrjwPGkif8JHdSAscCKMnkMcgcDB6AcjBwORnEH2zwPu3x6nq+CpBkMQJB44wSDuIAweeMkn09Etfh94GFvO1xLZRsoJU/aFc7jjPAySPTA6dO1cPqfhXwtbW929vqVk0hVvKxjKup+VcBiM5+9nv0A4Fcsa2Kc05PSVuqS3SvrZrprHqnbc9pxwSSfuSeut9dLa7X7eXp12NE8YaNa2yWcM+oywxltgMWS2QV3seWOQc46Engjgno4desDExibVG83DNtgZgCWUbRgA4GeMcfLtHy9cHwlH4Psbe3TVpLSWeTLSSZCvwCFVhnPyn1wGGRnuPQ28QeA7NcQ6gqoFwY4giqRknjgkEEYyQcg7jnrXTTp127yxEIxdrqT95N22Telr6p39LHi4vEZep64d1JJq7he6fu2vtfdX1em6DSvFWjWgQtb6rLuyrqkbqc4OQ2MHBAyehwMccGnjxdoCj7Mmn6sBJJJJkK3BLHI2gZ44Gdp3ZGeRToPGPga0UOk0wkbf83lq2SwJVeBxnIIHLE5HJ3GsjTPFHh8RXJubgid7pjC/lKXWFmJ2IDuB4646ZwODQ6dSEoqVem0re8m7Jpx00lqnonbR9HbRVRxmEVGfs6HK1FPlbau9LrZdLJXTvq1ckk8S2plV/wCzNVaLcxUuuFAzxuJxgnqcjOfXHNhPE2dwTRNRdHUqDtJC5yMg89sYIAGM4rcl8Z+EysUcpjnAVVULAq545U4wSc8juBgDnIGnB498JWqCNQ0AkIA2wJwBkgc7uvHpjPfoNoUG1f63HVJ8qs93Hy3ttd6ea38ypmdB3jLBOys763vddbLRNaJPZHL23ima0jit00e6CqWVs7gH3MCAwwRvPvj0OcYpD4nvlnAGjXWxzuCOzbSDnqdpVRg5Ayuc5yRXVeH/ABJod/fXKyvG8DXDmFLhQFAIzuyQABk8KOvPI79ZNq2kIixww2zAlc+TtJGWAz0PyjP3emR/tGtKeFqStbFuKT3unZJRSe1ui67rR3MKuZ5fBe/l8Xoly3as3a11a6s90l9+55VJ4kv1IkTwySoyHJVyu0/xdOOmQeT06N0aniSa7ZxJ4SiuQihBGzcrwxzgjIUdwevUbTk16TdeINMtmkE9wI4VTeUeFVBAyxXfsI6KeQRgjnGQK5vTdc0K5vtRuoZLYCWKPackqAQQyqcAlu3TqR1Arb6hNygvrqtJp6K7b02Wqt2Wl9OxFPHYGdKdSGAguSKly676aJq687WtffY5aLVUYSIfBcS9cIr+gOSBnr3PB5C49s5dRWCaR/8AhCocAsTukY45+UEE8ZzjAHAwMc4r0a91vQbdNwltFcgB9kgDBj1PHIJ7A+x9x5/rXjXSLSURROk5mYq+CJHXJ4wMqMHBGSME7ewrorYD2KVsdGVkm3pdpqMbavbVPyS3VteVZxRk0v7M5l35b22Sbutdd7R37nBeKNcgMtu48NWtkzSMzISxLZAB4GSwwSc4IwucHHzcLea3ab5IZdNYZhcR+XbPtXfnq7gAkHgYBxx2yD6Fq3jPSrjVdMkCQ3K2aGNkmjAjyekbkAjPPHHzcbuRmu0s/FHgzXtK1G0udP04Xr2ZEW8IDbuituKMAMHoVOc8ewJ8+Uq1K7hiVJtq6TWr938Wnfe67vr7lGOExlNSnQjh5ct0pJKzVtFbq7pptaNN9m/Nvhj4eTVIH83yTH54WWKSVEljDEkfIW+6Qc46A9MKa0td0WLTdXkSOAtDC/nglVfBDKqBW5GDjIGTjr0PPmv2DQLxHVNb1PRdUM05We1u3iWZYyywgIhIYEgAdiCeuK52wuvHkN1Pa2+s3F9GrFJDqGWIt1bKSljyMDAIB9MYxmvqsBmFb2NGEqPMope9Bqb1UXqu12tno2z5PHYHDqu5xrRjebdp81rtRvFSt7tlre3pc/Qd/hz4U8QeF9OvbrTrZbuLS1lUQx+XMJNqsSSuDuPXc3qTknJrz7w38E4dZutUlstQ1DTpdNIisz57tsd8FlYk8AngMOBkDgDA5LT/AIsfFvw/Y6Zb3/g6HX9KhsYgb/TAFb7GpDFpCgx9z+7jHBJO41s+Ef2lPCWn6jeTa5b6poTXl4jGN7d2gYJgMjsFUKFxwdowSOOx96WZYCcIRrOUHG17wlG793Vu3bRP7nazPlp5ZmUa054aLqxbWtOcXG6nB35W9N9U4rrpozG1fw78ffAcgbTNWn1TSYbmRltb+X7RCIwSSCp3bQVBPByc8ha+ffiP4l199ZN34x0eGHUr20RUezAWJ4sgZVACOAO5JwBzxx9+ah8YfAXiqEW2k69ZyebIGmhlmCyeWVGVwcc89ydvBbPOflX9oSHS5r/w4+mCKeJ7ORZQAsrIWYjLMpIVRjdjPA5NeVmlXDVqUPZVZTjdOMJSclolqlu3b5/gfSZVSxFBynWpRjU5UnLlcZOyir6Kzsl1S1eqeh438M/Jl+IPg24DiKIa/YyPC5CnbHKnzOx4C4BLcYVc5HGB/Rro+u6HLYaWg1jw1YyfZ495lurErIVQKvLNndkndk8cg+i/zdeGbcReNtCtzIY0m1CBTt4Xy22g4wflbAIznI4yehH0p8Ubb+xBYJpxu3RvM2st5cBSdpYMAJPl2tnJyW4yAeAPkcXl88YnyVPZqnpqvi+F3srNW8lu9dFc+2yziShlCUKuG9s6zSu7abd/hu7trS1ut7v9zBrPh87he6t4fk+RwjxXtkEYg9RtYgcDPJ9TjnNZUnirwPa2+D4i0DzSWTbNfWh2nJA5PTBB64yOmRX4U+CdQnm027luri4mnt3VSjXlw2VkcN8o8zqBwPYAsM1peIwkOmXd6rOGeVQInnn3RDYHOCZO/OTyOnXIrjjwzWdNVPrbd3dRcdbO2id0+lr766J6o9arx5Sh7sMuhzLl3cbq/K01ZJN2S6XXRn7Ha18QfCcum31qvi3w6k4ilVVivIXZyUKJGEUZZmJGOOvIDY5/Ib4o+HvE15r32y3iecSXF+y3LOytMrSO0LIB0RlC7cBfdh1HJ+DtShu9ZsVayG8z2brIs0rq2JlyHVmI7HOenftX1X4mu9NGqytfvbohjghtkZiixOY1ywX1I3MCQc8A17GVZZ9TqSTrSqSnGKlzRtyqLvq912V77qz1PlOIOJZ5ph6PNhIUlCdrXbvrFxT91X2SV7atO3Q+Fk0fxdo919svo5IZ5EO3z9yjbu2ggl8FsYH95cHb0GfSvh18Tfi98LrrVr/4feJrzw3e6gtv/aF3aPtSaCNkbbJywJQgFcnkAfKep2viJex3UlrZwOtxHaSBDMjg5RiWKHGc7eB29uBXG2rSTSXdpbKVV4MMGB2qAAGABPJ6jP6/Kc+xjMtp4ulKjWi61GVrwnFSUvdTaakrSV73ad9W7HzmGzGVFKUKfs5Rkrcis22le3S907u93e9lc7D40av8UPHM+kfEjxbrZ8Qa94haG2GpuN9wyWQAgJkHIddqlcbcYBGMGvHrOXxx4v8AE2k6b4r13VtTJuY7CB9TvJrptPiaQbVt1lZhCqrztXaMcjsD9Cw+J7DUIfCHh+7V1h0yCZpYRFuRplRkjMagn5ycE4AGQpI9OdgslsfG2hzzQPH5+rWo2zxGN/L8wbJDnAIORk5ycEEHmuT+xMGqdKVOnThHDJU4RjFJQilFNRSV0ns1e9vI3w+c1vrChO96zblO7bk7x35ujfdOz2W9/rHwvfaR8N7Gx0XWtZ1phasWtIlgzFeRyAMybyxKkZwp9+nr7TaftC/CHT9Piiv/AAh4q1NozIpkW4aINlTkfLk4ySQcfxN14FeRfE8w3c2lzkq6wnZEGUdQo6naMIOABzu+7nJ48h1V0hS2QRwsZJ8yEE7CMnBJ5wcc9D16LyFmGT0MUpzc6sFeMY2k+Ve8lo9Xo7fa1W579bievgGqcadGSjFWlNcyatHW1ne/Nr3TW1j6pl/aa+E9nHIT8NdXktlUMhuHaQoS5I3ksC3QDkcD14re039sXwjptuJdK+H1/CilirxsbYq3ICtjeCRgckn0BzwPhDxWXW2uFRVEYSJtiuANxAI2jg5A7EAYJOcYNcdpWon+zrvzZpNsc2FRSxCuRjO4cDHr3Ofx5qnDWEbcZVq929P3jW1rrmaV12SfZbWS51xtjYq8aWHi7pJunbrG6v8Aypb9725eq/R+6/bwe2iMv/Cv9VljbZhm1FwhUnCArtYfjlQeRjBxWTqH7e9/NAxi+Gb7CUCpJqzYIGCNw8sdWGT0z1UDivi67mtYvD8BmInaRLYl2YgKoZsqenK44AyTxyp6crrGp6dHMiWxhBZUbasjNjAAG8AcYxyTlScqCc1b4Sy68eepXu46qVZpbKzbut9N+ujSLXHubctl7FSbaSjFXsuVu+9lo0k9Fe9t2fbtp+3z4lF3Kmn/AAy0y3nTezSDVWWXaAoBchGJBOd3Tk9G6VZn/b98eiAp/wAIDpkayFRvl1IsSeSvPljkHpnnIwPlzXwb4Zu7B9Yu5ZnhLvDJtO7acjjywueSoHJ6d8dBXY6o9jPbRTQxQBVEakkEBnBbccHORnvt7ntgU1wrlSi3epZK6/eyakk4qySbT7tb2s10Bca5xNJ+2ina6jyxXVLa2qjrbTZXSufT837f3xJecQp4Q0pt8exYJ9QMkbgsAMqUBYA5x6jjPWtKy/bm+MdxYyzab4J8N/YbebypULecqSMAqnle5GVBPQHG0ivz21bW1tdaLW8C+ZAoRWAJXLAdRgYOc4JPpkYOK+ifgtez3fhjVGvLeBorjVG3byo3OWweWHGecHsCQQQTnOHDeWVJ8kY15a2s5VLRtbe8r2Wuj27bNdNLivPJtOWIi10tGFtLN3aik7u6XlrY9Tvv27PipDI0d34L8KwXDZ3rPENq+YTghWxgMcd8EE5I4Ajsf2vvi14jlu7WHSPBensluGjkawSRW3Z4HzAk5+UYI+Y847/Onxfhsz4wmjcW8eyyg8tYmXazLgkEJ1IA+8VyMEnbgiu9+FHh/TL5meW3RpjZiSIPuCFkyGdmK4Y5GDng9STiuyhwxlLm1KjK0F1lJSly8qs0r2as2vXW9zmxHFmcRuo4ppaWTStdWV7ct76X8/Ru8b/tjfGiyW8VZPDcLWl1LCVXRUZiAzIXVWbAjXBIIwTngHaAZbX9qr4v6rd2/ma5otot7GwSOLSFRSy9GfJGxd2DkA5GMdeadj4X0a71BILnTrJprrVL3zWYrnYjPtBHUcjIHG7v3zxvibT7Ox1fS4Le2hQpJcR4jVQpXzHVfYBcDBz0XH3iQNqnDOXUYwqKnHkUlZS5m4vR218pLS3yRzx4rzSdV054mrF8ySbejuou/Lut1vZ+mx+hX7GngP4wftu/HnRfgE3jKz8M6Z4hsbi413xGlig+x6ZZxmW68iLkSTTIjRRDjazddxwP7UfDnw40b4TeAvBHwu0C5mvNJ8C+HbHQbW8ujma7a1hSOW7lB5DXMieaVyQpcj+Hj+Uf/ghaZB+25oNpKqI7+F9Z24BLHEU5ABxnGMHqG9SByf7BvFFo32yc9QvOCF4UHBBKjI/HJ42461+J8aVvYZ3PA0rRw9OlSqQgkkuaolfVavpGzem9kz954KjLEZNRxlaTq4irKUZyb1tGS5I2s2lortLre9738/htiWUY4IPI43HvjHZeB6dTxiu4t7YCzQspAEQ+UA5652kjB5JHOeuODWNFbncqqByAuQSSB1JyOeehJwTjOcV3CxbLIALnEQLDBGCeBgbeeOMEHLHHNfIxq3ns7NLq2leyVlbu7dHeya2PspJxjGHKm00r2Wt7PXZLpd9LL1OQ8hRyQQAxzj72cfdByOQcfTvxmlEGCpUjcc4PGR0HDZ6gZJP94Dg5zWq8B3/dPUkg5ABJwQc5zt656dPlUk4iKEDOflDAgN/FnJxls4B69CQflwcjLdWCave9r2V9XZb+idrvvbuVCldq6tflT921lZJRvayvotlZrRXsir5BJ2sRgt93HoOOfTI5JyCBjPQF3kKSikKAS3JPcZyeOD1A44OeQc1ayikruOehOSQoOCSGGQW5IHBPK8jJym9CTgEgZAY5O7PIOegwp5JBPU8gACfaaL3n07p/Pb5m31Z20STSurrvbXR2bvtrd669VAIUUqBnOSBg43cZAxngg8AdQcjOOKUw9SwBJ6HoR168Yz1yDjGRkDiptwIIbkgjqemO/oGGTz6gccikADg7HJIIcjn5ic53YPAGTj1HbnFT7WKfxdV6Ozje+mjXXyvrfZ+xaVm0npqntezt1X3rqR4J4C4JKgfKBkbgMgc8ZOMAduxzRzuI25Abce4AA4A6Z78YJBGFHerIUEEbskDaAcg8ehxgEAg9fUU5cjdkAnjGfVeMjI59+g5qFiIK28tbPTVPTmauuj9UtLdi44fv5WstLJr9Otmnp3uVfLJGcHoSx/jA5wTgDJJPHbAHoQWsp+93PUk/MCR1U+p6nJJAAI7AWMtkkk9yCBjGSOMEndnHYZPJ7VIFC4Yg8/Ng8DJ4AwCSCOBnkDFN4mK01s/Vtq6v89baNaaqzbs44fa+u3R2tp1VlZ389EVR5gwCDt+UKCDznr2J29Mn39KtoJABxhR8xyR8y9CDkcDhvp65PKkEkAdRxz2ZvYYwW7A5z7nqqg/N94HgHkjIHfB4OSe+evHbGEq8Xd6t6dVq9L6L563/ADsbRw6fo9Lbp6fLp+HlYUgnk4zkdxk5Awdo5PbHp7HinpH8zDgEEk5zyccbSMfMBtx1OQOhpioxK4Y89iAQMeh4xk9SQevY4qZdqlgDxuBJOR1+8Af4cZ6Aj6jvjKst7pO97W30Wruns0tE+z9KVCV9NF1fu6X5dt9vTXvcsovRcDAXoeAecfL64zzxzzwMGpm9AB8xycAkbeRu7ccAk9R1zgEmFCAMA4wpAIG7rkkE8cknnvyegpu4rkZLc45Azyc8Ek5Yg+wIyG6AnJ1ZXafld778ttL+iej++5rGhrHytZO6bva6cvuts7a6O5OXGFPCnBKrnJPOzkLgbQQRjGQcEEdDA7k5x0XJGSARgjBx0PTPVQfbINQksWIJ4IyOi4IA3DjnJ659ewOah4bnOOM4BGWwSVBzjIPOOMA8cgckajk97vpe3dLq766evy06KdBJK+m11drV8ru3dLpbtF39SXexOM7hgc889AcDIXjr354J5xUBbJIJAA+bgHkEsdvbPUE8deecjIwUYJHzc98sqnAyRjgcE44zgE4yKrPwcK2cjqMDGTg5BOd3rjI7ZzkU1Un1SS6K2mlr7WXb13NlhlJLbTay1uuW73vbXVRTbfutMR5gp2+348E4x0A4yQDgk7Rg81DLJu3H5Rk8BeqkKcHJIBb73XPrwajdASSGDBl6Y2scYIA+hGevI4xnrGMKArbWJzlWABJJzgZHQ9R6hSMnDVak2la99L36qy76LS/VXdno9HmqMUnZJ21tbW2i31fZJbJtW7OPIIOAxUqAPugFiTuwc5ySBub9ccCCVjyVAxnC8kgZJ69BgdNo5JOCeAasMygFQCSc4C4OOhJbOBx1znIwfXmszD5gQSNuc8898kZ6cdycfrQm1ZtuzaVlfsurdtVpr1v0vdxpLS662ukutru/XfVJXbKUhx8pYAkglsfeGPTnI5wB03Eg57VHIYYJPKk8jOfoT3HHHXnpU88hP3m5CjBAJz6cc9ANvHA/SqbNtIBHygkkZ5PB9PbHHHOOMgiumDT6bW5rb7LXprbTVu+m2jc1KaS0erVk30WjWl9vNfqIQp5yOFIxnOSCCQCccjODzx1PoaswUHsMgKApHHHUHkA9OCPw6U5pdwA5XB/vEkeuD0H+0MDkY6jinJKcEAjBYnDEhgAMYweucgAjqfxA66c725UnsrWWuqt5tPTfr3tryVKcoq+jas9UldKyd3pfR32tqtHoI5U4G4BQRkYI4UE4HAPfsQfcds6ZgeBxgk5784xxgZ6cHOBjOMcMssx3FsYHQAADAJY5zjv9cA8Z71ReTPXK4JySc46/KDySfyHUZrtila9mtPP+7dduvmtF1MrtOyWtkttLuyel9db77K2miFYgKoJA+YnnqeeeSOG6AkgjnJHXNbzQCFyAAWYKThQTjJHAIXHUnjAxwcUjE8lucZ+YHIBbjoewIwCQcZDDpmq0mX+UOSRxuzu4JB6YxnHTg9cD0rpglo9eZ2Vr2Wys3ounZvdpWa1wnOTfvNWvbqn0vaXS+unS726TfKdx4XoM4B4xxwOWBI5IxnpSySKA/wA3PAC88HgYx7HH8PfHXg1l4Bxlj2Ud25JYHrx+ZGM5+U0vkuQxLEFiewOO5wM5JHfpxtB9a6oqF4/FbRefRPrp10tul8uCo05atatO90k9Yt6vR2W+2ySHMwPYM+ADtxuAGWyTzx2YAA59CCS0k4wwwM8cDJ4XHHU8k/N04PXFTCz65wCSpweDgj5cYywOR1IGDjB67rS2bMSxXnjBbkALhjxkc4IOCCM9CSVrT3LLVu3vad2o3SvZ2Vmr7pq+rujOTaje+qfR3aty2aVldW69W42uncpjJXJIUdM+w7kHoPX1GcdjUoXeSOQuBnIxuGMjOf4RnIx0wcnsLiWLMyjaApUkLg4PGeQQCfu/dPfp2q8ljkKm0nKjLAZAOOnYEkYGFGe/I5qedReraVrJJaXfK+71XS973bWhyuq170mk1bW9krWXa1+zv97M9IQSOAwUAbscDqBjt0GSM5znBxkVeig4+ZScscbgeoxlhj+HnknHbitWGxUhNwypGBwcYGMAgY68ZBwcZbBGRWpBZgEHaGKrkjkFc9B8vYdTgdcZORmlzpWu3da6Ptbe6evVaaXW7OWWJd9GtFpdW+1FPTS+jv0eiRkJagDKggMMntkd+vJx0P4euGesDKMlCQfu5ByoyAOnUdwMjJFdKlkTjv1AzkjnkZAA6H3GR6HFWf7PYgADGVCh9ucdSSRn5cc8ZxnHPIxKrJO7V3vrrrbW17NX9Pws1hKpJvu27Lq1ay3623V76X1etuXW2kJHbqWGMjHO1cjr90Ee/wAoztOJ1s2JIwoyoDdS2eoAPXJ74zyCOcmumTTmwVVW6Bee5XuMHuBkkc8Aj3uRabn5n+8SOxAIBxjgj6478jmplibbWutk466O6bvtLsm9Oum7gozaUouL0eqtfSKtpfzenLa67XfMpZbh8wG4EDJBB5HO30IHBPQcHg4q3FZk/KAVUMB82CBn7pxk/KT9cnJzwc9XFp4J4AwSxPy5LFeAM4yBzwOmT3q3Hp6ht2Msq8qVwCMYGcE4xngYPKnvnHNLEycXq0uzbunutLu23Trq+x0Knrokr213s1ZLR6Lbu3d6anKJZsQgGck/N93H+yOM/wC6q+px0INWlsB0EZ3dehOM4wSPUjnnI5wSOp6tbFAFIQe+OOcbs89B3yD8oA6g5W0lkBtwfvnOOCAAc4Py4OOvoTkDHFc8q3X3m10/XS/3u3W2zRq46auy7rrs7PbR6NfPzOWi0xgSFTLZXBO0YGTuOeQpA5I5J2nHY1dWw5Ab+8R0IwvqQCflJAOPUA4zgjpPsoGcFd2OuOS2OvPTgHoefan+UBwr5yOMnuScHI79BjIzgd+mTq3u776367JW116L19E7VCMW3e7vbzXRa21XV2V7a+pzv2FV+VVGCcEgcYYnqOvuOc8dalWxXJAHO3k4HzH3JwB2HP6d9vaQdoHzHB7sCF54GcNz15A65A4xLGikN8q5x95u5OepI6jtkDA/Gs3Uu73btq07tbJdvR6tX6JdNLRtZvRtJ2sn8S6OPRdbWa2vs8SOxGGwAScY4xnBHToeAB7HBwAcGnpaqMjaWKsM8dF69QQPY5GRz1A42/KBBwoBUAkg/eyWwcduPp7Z7sWEZ3AdTkrwMjrzxkdy3YDr6Ue0k72X5vol9zWjS+/oh2VnfW1v+C7rffTa3q2eDfte2vmfsf8Ax7QABf8AhGJ85A4IDZOMc9x6+/Jx/BR+0lbXUfgXQoFf/Q11uQ4ZvkZ2jUkhT/F6HgtkbemR/fX+1soH7Ifx9HB/4pa4IByMHYQdpBHT3x2zwpz/AAYftFywS/DnT4Zkbzk8QyBZQeFHlphcnHPYkdfevruGbOtHVJ88G+l7xSs3Z6JWvffqfCcWr3ZK13Km0r7WU43V9vNL/M4j9jj4G+JP2hvjH4Z+FXhq1kVNeuoW13Wrdgr6Po1rKJNQvsHIJjhJ2D+JhtHXn+474N/BbwJ+zp8L9A+Hfw+0qKKLS2NjPrM8cb6tql1LArXV5eXZUyyea4Z1j8wIikIvAIP83X/BDXwnoA+NHivVbZ5p9WXwejW87dYDLKy3Eagk43qSrbcbiQc4xX9SGvyxww2NsHVXOq5c5IOVgG4k5HQnvj65PH4341ZrjKvEOHy1TlHC4fDU5xhdJSqzu5SktE2lyxSbSSbtq9f0PwnyyjTyOrjpJOvWxE1KTV+WnDk5ILotbtvq9/LT0RfLtvD8OWaPddCQYbGRKd2eucHBBOQTkA84r+VL/gqTfxR/t1+OHjf/AI9dK0iNFJ/hS3jc+g257LnP3eTyP6oNH1G2srXRGnniij2XZ3zyLGqsZ36byCxIGfl6j2r+TT/gqnLj9tPx1qKB/IuNP0iS2vWjkW1ulEEQLW8pASREcEMVLLnjPGa8jwglFcUVac9ObA1tdb8ylTaSfw83q77ruev4np/6uUpq2mLoPV3tGUG73V1230vZdz5f1bxLbXmkS2ykCRLaaWZULBwxQp8rqw2fKQDgnDEndkHb4npOrXt54p8JJYKESLxBoltJE8rFGWS/hDFgzYdSWJIYHB5ySBkvtWhtJL0tdRBprQKuJFwPMG0kDB5ye2O/QZ3c5oNrHceN/CFi1/LFFqWv6DHIbYlJFE1/CrNCwOfMAJKsOdw4ycV/Rea4enDBY2bgnP6vXbly6qPI03fvZNvW8b6bn4Rl1WrPFYSN9PrNFOKm1F3q01BtXSd7Jy2tfS6P734vFGh+GPhXo1tq2s2Md9P8MdGS30+2dbm6kZNKhBWK3t/McNjPDhEBCjK1o/DnxxqXjDwhpcnhyz/sizFjDB/aGqRf6W7WxEExisjjKZBKsWDdjg7SeS8I+APB3gH4deF9W0jSHvdauPBdjbHU78ve6mwOkIxVmmMiqrScqoQHHQ/LxufBXQdStPBdjd3Uz+fdtqjrEU2CMTXUkgBwdv3W44wAR0OAf81sdNe0xEqKk688VKNNy0cYyneTUVon1u27XWh/dOCgvqtP2kYqKhS00Su6aTaV9UkrrXq0tdXB4ltdA0rxhpep+K9SgvFgsTLe6vrN3Fb2VjbR5leWJbiRI4kV1+4GYjgndkmvzh/aR/4Kifs2/CVvFugeHfFUXj/WoL+CSLTfCh+02sktuQHt7i6XaI2ABXK79uOhO4n4j/4LTfGvxQPiD4R+EVtql/ovh3SdHOqaumjXVxby6zd3JKxQ3UkRjlliMbDKk7NxwwycH+fHWdCvEdJLOODTIbhkka51G4CylWIEjuSGc4YlmJLHA296/obw78IsBnOVYLPc+x9V08RD2kcHQSpydNNRTnVacnzLpTUW7pc3U/H+MfEjH5bj6+T5Tg6SlRcYTxVV8yTa95Qp6JKPNb33p0SW/wBZftX/ALT93+1l8cLz4lS6FH4VS40ey0nT9KMpuFt7SzhECSzzkAmWUfO4KhsnAHWvnzQvhB8Q/HGsbfCfhrWtfjLpFNNY2Ews4ncqvmPcsqx+WoPUseAONpzXrPwd1L9n74XTnxB4x03WvjN4tuoNljoFizW3hnT54WBUXlwylLxSV3MpX5QOc849o+JP7bPxk1nwpqeg+B9J8GfB/wALGIRR2eg2dudaRAnRbxESRJWwvPzHgHIyQf12FTHYH2GT8N5O44LCRhQpYzMajw+H5Ita06VqmJrJb3lCCle/NofEU8HlOIpVcy4jzn2mMr3rywWW01XrttKX7yo7UKLbt7qcpRWlkefHQPix8MpYfCHibVG8MPFanZYrcxC4a2kxmRzG7kfKeFyrcYyDzXn/AMSrfQtO8O3F9Pey65cm6iYzS75XeViSwyXKld2OA24+nXHIad4gubl9O17xPqep+JNTvtqXd7qFxJM7CRshss2QNvHy4Ug5IGBXd/F/WtBTwTbWenW9uI5J4CJo18whwuSCMDcx7/NgYwSK/VMLPFSwdBYuvGdeNOEaipqUaSlyxTlCEndQTWicn30uj8srxwn1zESwdCUMP7STpe1cXU5ZNKLk4xScrayeiutLpH7j/wDBET4z+GPB3hb4t+CtVvYI73V7nStc0nQrY7tUvVEbiZLS1TJbyyRnBwOp9a/b7xZqHj7xf4T1620Tw3Z+F/Cd34T8RNf+IfEU27U5IksZ3ZbfTnBy7EAbyQVB57Z/mA/4I1aLE37VXhbWLZLu5RvB+sy3Mgt2kit3BjCrhlaNeGwpIO0MADmv67vGunyf8IH40jigkWGLwR4im3uhJDHT7lm2dVViTs4GMNj6fwp4vZbhMF4o+3p0lUqYmWCxU7tPkqSnCOiTWt4p3ltdaXsf1PwNjJ4jgmjzRScIVqCc5N80FqnGN4rms7PfdaH+bZ8XviB41vPGHirS4tbnh0/T/E2uWNrBYBrdTBBqE6BmC4wzncxweM4xwSeL8Ix+I725g08ajcySareW9ssdxdyBPMuH2CWTJwdpJY8YOMHrg9f42smn8ceLkFvukbxNr0uNuDgaldZOeCSefcc47mqnhy2ubO/sbxYlE0F/aSwseRvSUtHleowMHAz+AOa/t3K8JRlluFmowc3hqUk3FW5pQi3d9720e19z+XMwrulmGJTbUVXqxet0lz7O67K6W219mjE1HwPd+BfiPrfhq8ltrq60m6QT3cAzG5uI4piUBByV3kbupIIr3fWNSuTJDZwFVWTw9I0jHhtoiYgDHAACheAMkjliAa4TxfqN1rHxT1vUNQKG6uRBJMY1Co7rFGnI752gEEt+BzXTeKfPGo2jxI0cf9hEMoBBdTExAGBzkHqBnjucU8dG2Hoqoo3SSkkrK/uJ6pO1r97O7tfU3ymV8TN072eivZXuot2s7K3w9bPr1f5sa3vXUL98Y/0+5QYO4n97JjGTgEknnOR7VkT6a0qMQR5rhWDMAdoHJAP8K8tgZHOGGTzXQ+ILaWK/v5ZIiI2vpypYMCG80kY7EkHnPGSSfSuZmmu8jEhUbQFUHBxwcA+2MY/3iTzXLD4I2avZeV9LXu+lndX3d/U9KtyRlPnUrc2tm9Nru1mtX2t3bloZ11pU0MR8kK7HGdmWIGTkjnqB2U/gDTdK024kv7SDy2eWSRAEAYsSSAwJODgDsMEY6tnA1VuNRQK2zeu08SEZPPPUZHHQZHA717P8KfC8uuaomsatcW2kaTp6ma51K52ogWLlvL34zIFUYABJJXBwMVpOo6UHezbily22vy20sle6vo3t1Rxwp0qtROMpJXTd7xSS5e+lu3e1rHqnhLwRMIoYhYSXd7JEjQW8Ue9tzDKiTGQig8MScrx0IwfTLaDwf8OYTc/EPUokuSDLa+G9NlWS7kYj92lwV/1Y37VYEk4PGOlcF4u+Pdppso8P/Ce1YHymtrvxLNGHuLhjhZWtQVYqrEttYnPQD1Plen/D3XvEF6Ne8T31y0147S+bdFmnlDAu2S7EqmMkqNpbGBk1xL2uKapybpQ0StpN35U1fpe9tm929dTs9phcI1UjetVXeyjFtRs2tdV0Xlb177xj+0B4z8ZLL4a8B6bH4R0AHYU0+Mx3tzHwN9zdLhsEEk5OecZ5r1fwj+zpMnhmy8beLbmS5uLyL7SsM8jyO0Z4V5ZJCWJZsk7mzzjGBXjFt/ZejTtZ2NvGdsiRyOuOWDAZZ8k++Ax5zweAft/V/ifZXXgDSvDtnEwla3t0lkYbgixxLuRBwcAgnqRnPQYNdeHwvsq1KFOkp8sl7ST3cU42cnvq+7b0ule6Pns7xtephanLUcZSTUErRUfJLZXvo7Xa2S6c1o2m2ljYvBa28UCSQMVCAIMJghiAAD0yT1PbIJIxNEDnW9KweZL9lJXAyS+089+gxjGQOvTdtf2kHtLaGGPa5tWRiikuwKEcjAwWOC3Tp0HWsfw2cappLFZAU1NQCMbiN+GK4JySCdoPIOQSDxX1VTkhRbkrLks7K32YSafa2ze+mllZH5lg4Yidflqyk5SmlGTbdpScHb1d7X1va1tD0XxFbg3V6kjndGygAAjaDzk5OSRnp268VzF5AItB1d35DW64fB4A2lTyM4AGen0x1r6j8XfAz4kDwI3xNi8KXB8HXl15KangiV1jUb5XjPzCIdA+MZ64IzXzlrkYi8N6upVxGLNWjLDBKgYYLwPusMHkLkZzgnP5piMfg8XHF/Vq9Ot7FzpVOSSk6co7xkle0lbVdNH1dv2PA4DE4WWCjWjKkqipTg5Jq8Xa0le103ZaLXdH96X7FYEf7IP7NxDEgfDTQXJ4wWFqnBHAOM5I5IyMelfVUswAHQZXqDnnhuvU5PbPX0r5H/YscTfsd/s1sj5Enw00IcHji0T0xgA7QBwPcZzX1I7EgBTnCYOTnBA2/N/3zwPQ9up/zb40m1xLmzX/AEG1tU3eN5yv6P8A4dvo/wCy8jpN5Xl2qdqNLfWy5Y6bvTS/X/P4/wD26GaT9jX9puLj5/AOo/wnIw6NkA56bSd3J5Bzmv8AO10ed01+AlwFWQxoXUjO533AZPJzw3A3Mc4ABFf6Jn7a6ySfsi/tJwIMu3w/1U8jO4rGHAHJx2BIHOQDuPFf5zMEss+v2C/Ou65ZgAuFISaRCwyOvJz/ALK9cV/VP0Ya0qmUZnG1nHGxs36faWnkrfK+9/xPxsotYjBytdyhO3XR8j3s07O99/nrf3bXpo20OYH5OHYKmdzEYzlRyO3Qngd+RXnkM7rp88MLylmhJxuwD8pz6cgEYH5DrXqx0Q6nYuhLSuEcRJGC5ZcLgqEXnJ4IzycEkcg9f4a+B3iLWbNrlbFdPshCPMvNSYW8KqcKZMzbAQF+bGM5HTow/qnG4zC4WP72tGLUb2uuZ3UXa11d2Xztp3X4VluExWK9yjh5yd7cyUkuWyab+z5Xe/pv8w+HdPujrsLMGJTSyW3HGAS3B9OCOR6EHnAPcXWlXU0sIRJpJHcFFhjeUYPA+VV43cAHB69+/uT6H8BPhfrEl14/+I9jfXcGnIj6TorrPISFJMJMZI3ttxgsRng8EiuK8Qftj+ANHc2Pwh+F0mqXMYRINX1e2GAVUKJVjkjIwTliAcEnGCTXzzzqdaPJg8HWqpO0Zyj7OG6afM7afJXPpqWQUqd54/F0qDcdYRlz1NLKzim0n0vbfR9Ruj/Bvx7rgWfTvD8kNtL5bvfajttYEGeWJk2kKByck/Suu1nw98N/hvZSt458XWep6rcxRLFoWkTRz/vY/mMcjoeEyDklSSeecV8x+J/jD+0Z8SvOjvdTuPDml3AYR2OmIbZQjfwhE28YO0HA46Hjjl9I+FWp20x1fxLqF7d3q2V1cww3UjSFmEZAkk8xj+8JIwc84+gqY0s0xk17WusPTVn7OndytpdOUrrmWt3Fb91czxOKybLoN0qLxVRNRjOq9N4a8iS633vbZ9D39P2n/CkmsXcXw8+H9pd6nbNBbC/vUXy43jHloYgynjcB93aS27jnA6C/8WfHjx8oS68Tp4esZVONP0JRHKY24CtswCzA4B/M5XJ+Wvhn4UmtLyK4kt2gbUDNdZcCPzFjnfaynnPTHYjI6jdj9CvAmmxW1lBcSPbQzNASHkmCsiDBxjrk4B7kjHBGK2xOWUKVKNX2brzurObc76rXV2Tt5K3kePLiKr7R04zhhqSUWvZqENLJ6tJN97f8G/zfH8FHS9F74hF/q1w2Z2m1m4lmEki4LNsdsAYydo4zx3IH2F8OdA0bw54h+FD2djb2n2C/m1NmhjRMyWyrIHY4P3QMEnLAk4G4YPM+LLywnSCA6slzeq7eZFCRhUKj5c4w2FIJPbnIJ69tpb2xuPCBQtI0OnantEQLHc1uVwGHG4kncFPAPJwCa+cz6hXqZVWpTpxhCrRqU5aW92cOR2V+qb7/AIJnt5NmlKWLo141pVJ05QnHVyTcXFrsr7W9dr6v9A/iL+2l8W9dstJ0i28a3mk6Do0bWNvbaZeuklxErZjWUowLKo4AOMEY4AGPnbxD8UL7Xo3kk1C81HVTm5e7vZpJJZZevIkLAAZA4+XA49a+WdIsfEWpXm23tr64jW7lXYUdVAaQjMhYEHsTwMc44wa+pfB3wrvb+4FxqpaC3W1LybGSGIAqDhppXRd4PUKcbu4wAPwfKvDfhrJ69PE4fB4WlUdT2kqtOnFTlJtNuTtzO9tdbNuzvo3+g4ni3Pc15qEI1XSkoxS5ZWinGMd07KyV9Nb/ACv8v+Jb+/u9VmutSc3UbOgVU2lI2dhuIO48r0DdwCD3Neg6RokzroEsCy3K3mpQMyQwszbcgZbAGOOBjAAyO3HsniGf9nz4cwXH/CT6tp93eOVcWMUg1HUZJNxJjt7WzE2XLAjBYEnnr8oi0v4yeLNevrS0+CXwL1G+sntUjh1/xLaromnW4DArMqSqzMFJ3FiFZuARj5R+q4fNcPhaLpUaajGENJzcKcIpKK0cmk07dm76pPRnz1DhLNcxrxnVbtOaulF1JatfZSl8SaT16Ju6R0Fv4P8AFV1q2o2un6TdG0kRV+0TIyRKSpC7pGwExyT0wVIJxzUWq+E9D8MWEL+OfHOheH41kZprX7XC0wRW3bVVHL7jgDrjOepIrXm+G/7SHjxZZvHnxRsvBNncNtfSPCMC+YYiciF7uIq2duFJIJyT2Bz0Wh/slfCizlhvNeXVvGGrSMPOn8RX9xcpI5HMvkszhQ2ScYPXHYY+YzLiTDxk1PE0uV3fJh06k27pKLlJRik3a7inZan6JlvhvXaip4apJWTc8Q+SH2btR0lbdW207WPB7747/BrQ53sfCPh7X/iLqflrDE1rZTm1lYkoB9rCEKrHgHOMHjG44+hvAX7S/wC3ve+BrLwB8Jobf4M+Aba5uZ7ec4tdStnu2zI320HezOCzqCqlRkDk4Hp+peAfC3grw7fDQ/D2iaPBGtvHHPHaWtqCCyhpFnmALBOpIbB9a4Hxp+0P8Gvhham08W/EPRYZ1itG/syzuIri4aTywJf3UW9BJn5SCdoOSAeQPnMZGln1GEIZT/aDVVOCxMHWipxs1NU+XkUtLJ2fZn2mX5JgeHXKVfHYXCrk9/llCHVXXvNya0t+V2jyLUv2bPGPjW/m1f4v/F7xX4v1CaaW7u7SC+uEWWeZt80omE3lkux+b5Bz+BHYeGvgl8OPDRA0rwfpsl1EQ41DUYPt+oGXORmRw53tgE8L3z/dr5r+If8AwUt+GWl3FzB8O/CWq+JZ1jKfar8nT7Qtg4ZfmIZW5JORuzgHrj428Yft/fG7xPFLb6CNI8I2bbvL+xW6z30eQdpFyQGyB91+vqdpFergOEuJMQnD2cMvoSiktY0Yxi+S1oU1zaK2rV2lprZNYvjjg7Axjyylj8RDpGMqi5tLtTlaKWvTfbvf9nIbGC3uZA11a6XCqkOJ7i10yOMBSMojGM7QDxz6HAJOPnb46/Hz4S/DHTNHhg8T6d4i1uy1X7ZqGmWMwvp4IokZWLMhZA2T8pByCTyQcn8O/EPxS+Jvi67e58TeM/E2rSSMXkEuoTJESMgJsjIG0g7cE4K+gBxwVwbm63ztI6yOQH8x3mnlPIChnZnYvkkqP58D63JeCYZXjKOOxmZOrUoSVRQjpTeyS55O/W+ivta1rnxvEHiPLNsFVwGX5XGhSrQ5eeS5qnK7LTlSV3bZt2u73sr/AKG+If28/BTXLPL4X1PUYZGkeISSNDtLNkKfX2YjGODnOK4i8/b+srZBBpHgaBIGYuv2u7ydv91iFwDg44xkjpzivkvw/wDAz4rfEv7Q3gr4e+KfFK6fZT317Pp+i3Zt7a1hRnlnecxpCI4kBLMGYg8jrXj9v8OvEWpXE0a2xga3llgmjnyPLkgdkljYEj51cFcdBjAwK/WctzOjjZvD4XEUatWkoqpGlOE5QWnLzpNyV0mknbyvax+NZjTxmEjGtiKNSlTq6QnUpuMXZK+rSu7Nu1r6P0PtTVP+CgPjNy8OleHNCsowx2FmE2xs5yNxBYE9iOoA68nzLWv25/i7fMwh1HR7MFSp8ixXdg9CGJGSAPQdTgYr5+uvhLrcZBlnijJIwq8cDgdM9c9cn5iAQFNYeq/DGe1heV5m3KocqyshbHTbx6AAnvjoeg+gjhcRJXS5tr6bOy0tdNdej2V2ubT52tmkIuzqpbLRXWvLontbTrpdd3p6xqX7XXxg1CIxzeMruIIzbVt1EJHUBVAPRQOnTPXvXmuqfH74gagrPP4v1xpXBztupFyGOTwDnOcd+3UZ58/Hg24BO5GwD8qtkcH1PJx7j65wakXwjvYEqqbTwxIYED5Se3pgY57AnNaRwmJ5lrKLSttZWSjo9r76236HJLNKV1++v3XM76WXRLbzffTYjvviX4ivWV7jWtXuJCxy0t5O3BwCSN4UkDsBjoAW5rlLnxVeFwBd3DbnZipdyC/8TMC/3sAE/MOO/FdQ3g6UsdiIw4O5uCcknIBJGOMFs8EdSWNcXbaVv1SazcDMcrLkjdkAnngjHQqOo49c5VXBVo8nPK7k1Gz8rbpWsttH3NIYyjU5pRndJXbez23e/wB3n1WkU/iG6kDB553IOQAzr1+bGc446jIIBAwQOTmTaxeSqAXmIJIUY9AOS2BxkjgZAzg87q9SXwrb7VC26HIBD44LdSQATySefu546kZME3hyJRhYkD8DKrlVThcN2ye2PTJwBirWWV3Jau17/aaba02106WS1Tv0OOtmtCjupN3urNtvbrzfPbW9rttnkbXd9IrbmmdQwOPnA5HqBxnGfRgOO1RiXUGYRrFK+7lQSxIbtnABA+YfLnJAPvXsaaEEjBZEOW+UKq7iO4OfYE8jBzuAGcVei0JFMf7oRs5yWCgHpxkAHI5yBkg9+M1rHKpXSk3rta+i06t6a2d7769DCec0+WMo03utW7P7K22v8XTbTXY8RNvqkpbEDsx5wUOecZweMDB+YDp0J6g210TXJlAS2kJ2A42lT83BAAPr3BbPvyR7WNPjhdVKKwyxOMDpgZx1PHPUH045q6QkClw427QBnsckEZ244wM9c9eOQNqeSwavKU3qn1V1p5Npfhon2RhPOo2VqcXdJbtdtVr2tr57tanh6+FdbkCoYhGc4CPwzYJbKgf3SBlQQMgZ5zXS6R8L9e1YKsTRBS+2RiCRH7EYyMlsMc5HUcYr0Ca7xtZIyzBSVkyCRtznBwMqDkdjkEjnIrsvBepTwM080gERkAKNlVckfeB6EZAyMkjGM8VpPLMPBXTcm1s03r7t9rdb6puydkrHPHNqrkoytBNuzvsvd182uq2b2fb52j8Ftb+JZtGv5FxCTveNWZcjJAUNk9MjGfmOPpXfN8NtKjiSQT/MyFlUoBgcDJPByAeQc4J9cmm6nMJfG97cIFXzJHZACc5JJzyuM85BI5Udc5Fdwqz3NukeSzyRnaATgHGRkYIz/s5xtPUnivQyvAYOrRqudLmlGel+tlGy1X4W6bd+DN80xmGqYZU6rjGpDXZXT5bu1rJvR/focvaeAtFjUecfPGzcCMDB7DOMYzjg8Y9OMaP/AAh3h+2hWXyy7nJUI2TkEYBHTt1GSD/D1NMhMwn+zTPsUblK7umONwA/vfdB479OCOtsdJjKwyzF5kPB4+UemT3G4gZGcnoT0r6DD4HCOEZU6NN20fNFaW5dtHorXs9dFpufPYjMcf7aKniZuMlzRUZNLXl3/Prt2OdXSNE+zyotkm5cEN/FkHIZiMgMCQ2Rnjp3ytlZ2BmYPbQIkbIWyAWZBnliFBzgkt1IyeMmuqmtYbNpRGmVlPy7TuYBSowQRnGSOMknPUniuWuS1rd3P8MZHmMO2AADjoQflHpjk5Oc062GSSUadNJpLZXT35XfRWWt2vmx0cbiavMnUm3ZWd3smt9befZa6am69po8ssVuIxG+eApCqUBwB+eCO2Semc1wWsR20d9OmNojJUAnKupwS2BxnA4OcnOOOBVmO9j+1xPvf/WMwds5CFh8oyRgkYPGfTjPObqki3F7cyBmYsAATjPAxggZB7gZ5Izk5yq+TiIQVNuMYKz+yleWiT0387JXevQ9PBLEKq5SrSvOOzel9IrXvturW12H20VsY5JkQMfLxgjHlnrnPcc+nAznkcc5rZhje0CE/MwGThsEkZGcDcecY5z/AAk5xW/bW1/JuiggnceX8yx28hI2jnA2bSD7DB6ZI6ZuqaDr1xPYJFpF+7O4WGNbWUbiSBt+7wSO5OCu4da8ytSpyjdPW8ejVk7L70rL4Vpbu7e7hKlV1+S7cbLVp2ul121ta+6V766o6fTRBAMnYWaMHJBwOM/KehxjHOcbcsR210uoERju+VlDZGFGBnkDkDHPBA54PJxVvS/hn8RtQ8qK18Kas5B2kSWsi4DKMctgYI78DB/u4J7mx+AnxVvzsPhx7bYeWuCFVS3qWOAcjgkYI5OSFA7I0qEYJNXvt0193TonfXS2m3rxTw2KnXqPVrmbV1Kyuo6K1na39Jnmw1KDAJYsASUQgEgKDjvjd6577Sfm4M8PiCEx7VLjaQWUnlsfwhvTBwScZBzznn2az/ZU+Jt/sRptDswSTItxfRKEXgfOCcfNycZ9M9dtdbbfsiaurwjWfHvhXTASSWS7gkCY5O5t6knHTjGOAeawcqK6K17JWvty+e2qWi+a6dFPAV5vVS6Xaslfpu/R3fT5HzBfavFJIrwq+8nGXGeozjnHHHAyOgz2Borf3BlwVAXKhQMALjG5h9Rg8e+K+w7j9mn4b6Zn/hIfjBo4AcCRrTZIjYAJwVfgg54A6dOKtL8Mv2XtHKPf/EefUdhCyRW7MBLjqUIJwTk467fcdcpThZ6qOj0t6etv6eyOmGXVVC11FK1pSeurWl9Nb99dutkfJ8V+7AKZmGFYbmYYyecYz95eRjGSMZBIJKvdyOojE0gAGWyBtOQRhiD0zx19BnoK+vBrn7HWhPhbPWtYkjGMEs6SMvGRyPz5PIHWqcnxz/Zr0lZIdK+F1xfkgKHuYgueu0HPJBODxnjOODWHtbqyTafVLVu6e0mtdbap2stdhxwCilzV6UbWulO7Xw302aa0tfonu238klZZIzF5VzMCkhXbE7hTk5O5FOQOCM884GQDjF8N6Rq9xJcrZWV9OxuCXEdrK2BuGARsyQew7EdicH6z1D9p3wXZxKvhv4TWNoiq6M89vG+V2kAK7qSTg9M5wByelc/p37Xd9a25g0L4eeHbCXeVa4W2hYuGbJ3/ACkFs8nuCTzSjPlq03y6rZd72aSfLq7NW2S21dm+qGGoeynH20bO12raWS+d/NJdetzh9N8EeNrtzFb+HtTYOAUzZyLy2MkYHQ5Pcj04HHXJ8EviRPiQeG71S7IA8kRjUqDzuLddpGMg5BJ77cbk37U3xZ1VfJtbfRNNRVRo/LsoQ6AZx84UHtwB3A3E8iue1L45fGXUiY7nxZLbo0YEkcMYjC5HUADuATnjPXbk5r0HWqtq1Pa32V7vw3S9311vfZ3srnkyw+XxbjOv72u632u/v228rHUW37PHxF+W5eztIM4Uh7lVKZySSDggYPIJIXsAMgbVt+zh4jeN5NQ1zRLFk3MyS3kJAAzwBvyeBg9MEZwcV4Jc+NPiHfylLnxfrMokwp23Mih2bsFVs/KDxnGCM9DgR3C6wIEN74g1aeZ5ArLJdTE7W6gjfzkdDnAz16Aw8RiY6RjBLu3fl2Tt6WTv08ne1U8FlatKUpTbtZN9Xyu+i2u+jbstdXp7qfgV4dskM2q/EHRYHQnzI45YmdVzuO3DHjjn72SPQ8XrTwH8CrOFm1bx7DKyErstsbtxxyVXAY54yOR9Bx816r4dSGE3E1xdSMRG7lp5W4ccAgv157988ckVV0fQrSZWd4kcBThGJXGMMXJzg/ezgc/NnPWlSeJm+VuKbstF3SvfdK7W6stuiaHVq5bhlHlp77K97vTVrbpfydtd0fT9xa/s3aTATBrt/qE+8MUx8jgjPzFckdyfvEd8ZNFv8Sv2ddFiUjw9NfN5g3l3diV4yVBXgE+hJAz1HNfNVvbWbs0cdrCCgcksMjPAGGKsWAI5HJzyOQKzNS0KSUQXkkKRwNuU4iGwsD94kevPbJ9ScVpOFZRspJq9nZO26u23bb8H2a0zpY7BxkkqEdbJcyvu9G27WWu+i18z6h1r9ov4Qpp17a2Pw+gmhZVa3juIAUkODtMshAYYIyOezA4IxXPn4+qbGxutB+G2nrakFY5VtFkDuuCUB2MpA3HnHQDPQEfJviGHdbbI4toJ8sfu1VQyZXOcA/MSeCMHqACTX1L8H/EWg2HgDTE1uW2UW91KB9o8sA5wAWYgnIHIHPJyME88lClKpiJRnUcYqLfN1bbVle+lr2ey6tN3S9GrmFOFD2lKhB3kko8toq9n+O1kr7t62JL/APaM+Ib7fs/he20uMLlJo7BUEbHkbmKAYHYknr0IFc7qXx6+I0zKbnUjBuQLtgQREqc5AK/xdGDAfMOT0xXqPj/4j/D9dDutNtLuC6uLyyeGNLWFCyTgDazOMFApBGeAR15HHyjNDBffZJbaUTMihHG7LFyxUIOcnHGPlBz+IrteHhGokqnPdJ+9ZN3UWtpeXbq/NLyK2bVpx1gqKutbJK1ovRPotNVv+B9wfCjwH4m+L/hlvEuo/ETUtOVbo2gtAryMQpB3ht4xgdxgdTnkrXrNv+zLpHmM2o+Ntf1BgwBaP91uDDBUn5iM9cjPPOc8DpP2dNAl0L4WaQ1xEsF3f3JuXjkUI2xvlTK4ySQRz1OduM8V7tGrgA7WRw+5ljwdwBzwvQHHQkk559q97C4HDezhzU020m7uTenLb7S7Oy6a3308StmeMcrwraO+0Y6q8ba2s2t9PxZ8/W/7Nfw/t0ZZJNf1HMmSJ9QdQxAG4bduB06ccds8V0mnfAn4Y2xyPCy3LDcGa7uZJSSBj5gwU5zyBx9eleyRIzSLgN87FzJ/CB6EfUHoPw4yLUcaxjDqAzuCrkjLZbHPuMcA85bG0jiu+ngcGkuajHZ3bjF6+7ZrRvSz2b2V+xyf2njr615r3dVffSKtd6NXaV1tve6R55Z/DD4f2hhEPgrQgR9wy2qynIJyWyS2QOhGSefpW/B4V8N27xra+G9EtR5mPOTT4htJ6Ducgj0y2QAecV1sNsWdlkVVJfPmJllUYJA4yMknr6kYPWkniESuN5w2G8zJVQAcZVRnk9fz4xk1rHC4WnfkpRtp9mOukddtErtO2m2q3OeWMxMrSniJ76e89WlF6/Dyxlpqtt9NzgfiBpVjD4M8R4toImGh3w/cW0SK2ImK52pwcDI+YDjcMnDVh/8ABNONV+GHj+ZN6BfGOw5UYJWLJKvnd2AwuABzx0rrfiDL5fgHxWC6s/8AY96C0hyzJ9nJLqccD0GCMjJ/vVy3/BNhlPwj8bO7qsbeOHRwejAQH7xxj5uCV6dSOADXkV4Q/tbBqMFrTqRaWiSajukkml6d7db+1gqknlmMbm5+/Tau77Pe6/PZ/gfonfzvLE8glkCgKFjdmw2QBvOOMYAzjr/D3rz2+nKu6xlRlSXyDhskfKGHOeeMHjr15PoWp7DbusbkCRBk7RhQTgD5geAvQ4+X5egrzK+MocRhS4TIZdoBkXJy3vu5JJPUD8PYlTUbWUbp8zuvNarW979Pd66vpyxmrJSUrpWaTbt8PzSi1orX91qzZQvNhAfcrfulGwIeOQVPHoccn8TgVWSFXV3Z0Y4XJIO5BwD67Sp6ZJPTGeAJbjzFKSLjaI/njxt56YL5JwBznJJPBzkmnQiVoZAnCAoWB+bcSQSvbAx7Y56DOK5q8uV3tG6v0dm7Kz00vfVvXR2Tu3bqwyhVdnG1+nvf3Ut7O/TVeZYtIo3kXJLBNqrG/IYENkgHjaBgA8k8nIIqxeWu2QGOONQuXVlwCGBxszg5XBY4wOmCSDRbRujxvkKikk5Awpxyo9wAcHrjv2q/NvuFCjC/eePruIJyRkYz2xkjpgdzXFUrNtS2T3066d7brp0foerGgnQcFG7iuid7+7prpZ2XTprd6vi54WneR2OTE2FUkhlJOWGccjIGD69eDkZ7WwLzKVyeHLs2REQc4wCRkZ+Y4z7/AHRXRzxTCSdyRhcHhQolwMZ64GMDkAjuORzDHbKpdhHu3IWcyEEvvxk9s4GccZPfoK1pVlK8pJpX3V3p1drLTT00Vuh83i6LjJx5XG27a1/FO+y1S8uhRisBIYmUglCsjsihjId4Kk898deMHI7Gvhe4tX/4bgv8Aln8LwrgDI+ZBhSPlB6EjGB1I4yK/Q+3i2PbhNo4GdpwAmRhm+9gsQQBjJ6DO3NfA8zhP25dcWIMzjwzCsJPIJC/Lj0xyenGMd+C/tq+DjZ8qxUHvu/n1taL2XXoaYaDp0cZJJ8zwz17awadvi62236ao7z4ma/8Kh8RbOfxLqDW2oWUCzSxXOdjo5+UMmfu55x1JxzgYEtnB8HfE13K8WsWWm2tzEzwi0u490s5A2NIrFQMttJXnaQeDtzXyv8AtR6b/wAXdvBKp842kJKMBs9AB0+UjGcY69RyT4RNo19HaTahHMYIYSCv7ySLKgHKxsCAQD36+gx0/McoqYnD4eLptuLtdWVl3XvbX96+3NomfrOOlRq15e0jC3N7t1vyxSV77b9lrpZp3Uvx60TTdN+IrW2nagt5brNCVnjmWVCpc5LMDtBVQCUXPPfIBr234Y6Td3Hwo8ZLbRPdXa6mXghQAyurKOI88sx46dMZ5OSfk9LSHU9TtoZrxyLi+hVpnLuBuYIWDEliVJB646g54I+xtN0TUfDvgPxRpemXjieG5trqC/R/KfBCyMBgqMEYA3ew5yc7uu/bxq9eeLSt15k321dtNktHumRRpxdOcVZx5Xr0S91N7aXWy0uuivp55c3mo6SLeK70fWLSZY1d/Nt3KgY/iIyMEjg9CMnriuI8Xa/BeaPfoV/eSLhYpIyrjOcs3AB6DAz0bJwdoHTXXi/xrFGyahql1MhRYsSok5dAOATsyM+3XOMdj5n4n8dyT2N7YzW1rKbj90kxthG6kbuC+cn5egPI+Y9+Pbq5rVcGvZ2i6bST913ajunq01fey6p9vFeWYVVudSd1Lms2lZq2/Mm32aTW/Rt29n/Y/k2eNtJkDABb65jIBGQGjAx1x1bHJxyccYz+qelatdeGPEpvrZZPst7q8cEsYlBjBLLhmGScE4LYHHAzzX5G/ss3rJ4nsnWEO0epsqqjYYs+xeMZxjGMHnHA4zn3DxVcfEa18b+InsPEskUX9oh7HTpL5Q0byH90sMZ4yCQGydy8qSeTXk4DG1sJjliKSfNFpzWt2nZu2i32evY9rGYKli8tjQqySjO6jJ93y28090npv8j9L/2xoU1D4D+KLiYrHJbwWU0aK+5CZGHz8fdXZkEDuBgHivwr8DbV8XaU4kHF7p20Z5OLiMkc9DwDkc43H2r7L8ceLfjyfhh4i0rxdqMF7oF9Ywi9NxJHLdQLGxMCp83ybsKxwSxGOOoHxb4DMU3ivTS5CYvNPAQEqxxIqj5cEcjt04BOc4PZxFmtLMakasYSpNQUZp2vdWbd/LounXR3PLyPKZZa/ZKUaiqVXJSi9bS6NX01SaVvK59s/FbJ1uAyBXM+nQoQxJwu0HnjA+YcN3Axwa8buk8iydI4RvWNy235hl1PPQEAnHt6dq97+JGbTXrJ5dKu76B9KhLzWkby9AuEb5SFJXOSWJx06DPOeKpPAJ0S4nglvtM1M6bmKyuIpESSYKAy5ePkAnOeF4PBwM8NPM8MsNGnzt1FBRSV3a9k366K+m+u2/tYjA4j2rqpe7daq90rpWS03st3deaPjNp1HjHw7uUc3EYwB0IuVOCc8Z9G554yRX6T6pcpL4Yj2kqDPaIN3IH7lcA5wCFzzkAkfQ5/NFYvN8Z+HBuVit9FvAOR80qkBic/eGG7buAfQ/pDdW7J4UikWNiv9oxgMoYgYjCsoJGOOPl7Z9+Pnq04uM2tXfR30a01votU7N67ans5fGcovZ+6uuqslZa3111077LU8V8U2YeCZm+ZjKvzjaMgg7QTyMDBByFz03DGK+Y/EkEq+MVjjjQhzbKQecqJFBGexyOTg/KeGG0Y+sNfUT22x/3ZMyqQThiCRg4xkEDAPPTkGvlnxDEp8dwoJiPKurYZBAOByW6AnGCcc9OnY+fGWys9XpZpa/Donu3v8tbWZ6FSPKl5WvZpa7adbLV9lfS+y9g/aD86PwN4JukHkLlYcoxBzBHs3AZ6kj19q+QotW1GEGVLudckAAsCSTgEn3/PGe9fanx10i81X4a+CU06KTUJI7m7d1gUsyxqdofn0B5Az365GfiKezuLQmG5tp4WTcCZI2UkntkqTnORkHgnPWsa94ztdOVtdnquXotG2rq2va90zOUndcnuprva/Vapry1s7XvpfXu/DF7dXV4ZLmVpWDwKH5G3Mi5JGOQBzjI4xgEcH9LPiaLST4ffDg3sqxgWCqSSF2hYwQORk7scdMHGeuK/MLwWzG6lUHaUaI4wSXxIpGR2B4ORkD17D9Ffi7LLP8Kvh+wJDfZ4UQqrMo/dqWyCDk4yPTptHSknGVOST1699WrLrbTVed13sUpuMmpJybeqd7ttvTu1bW2t29Lbnhmtz6FPaqwvEMhk2lFfI44wCuwYJIOcAngBhkVxelwRR62whkSRDH8u1gcKSDjJ5OSfm46kkjqKgvIl8tHwDEZGHl4Ayw2hmywPOeR39+lUtFURa02WK4iwCqlT94ZGOnIGDgjjpiuanFRm1zXvLV6JbJN2stuWyT9Xfp1aOSVr6xb6X0T0u7+mu+i13+nvjfZLdab8NI2lQLJoDBpD0UrnBYEZOD2/MYznxS28HRXdmtx9vSba7KAFy8e0kjJzwDuxgjvnJzXrPxylkGh/DqRnPGjSBecY+XgkjsCew7nIOM18+aJPdLdxl9UeO2ILMgferseVU4xz90buMDBPSqxLkmmnpZPv0VtettuvVbWOhRTskr3srab6a6t6p32262PQfDuhNp+u6W5mWXzndU254AA4J+bIJ6n16EYxX1R4/wBMiuPhD4XRW8t01WUs4HLZJBwOgwSckdh06V8y6HeltZ0AFt0puJw5BG3lQF4GQMgHK5JzxkcCvqnxrcSn4UeG0wiA6rIrEgADDFgcH27euBkVzxlKVKqrK/JF3av/ACu+un2lu/Ldm0YRjKKSVrxskvKN7bNaaO/5LT5hl8NW2xgb5g4fqQMA9sdffOcAZzxwKTwpam21mOFX80i/hKkjlgJFwx54Hbt1OOea1L4NLlkZQqsu4Fx8zA5K5zkEY6nJxyP4ag8OwOnia0QkKu4MgXDEncDliWxnoOvbGPTzKPM6t7uydla2m1na1762X37WO20YRWmu3W7fSyttbbXd9j6G+NljfLeeHmjMWJ9FhbJIGFCA8DnPOMnjJ65rw2z/ALQeQu0aEglWlCgcKvBXJweeOFycYzzivpH402STTeEi9wFT+wofMIPIJUEKTwcZx6YGQe+fDhbCxkY/aA0IAaPbgAkjjAPbIAzgglvTiuHFSvXn71l7t7Lryq+3r1uu+x6WGaVON04pKyldprVLXTez16Neh3fwKOfiBpoLESG/Vdvfll3ZOOc9+B1IyMMK3Pi3NNL8S/FGW3fZ75E24yWCxnHBxnHOOTx0zkg5v7P4874h6cDFktqaBWz91d4xk5PH1PTGa2vjEHs/ih4uD2qyxrqCn5WIJJjJAJAwOqknjI9TivPzOf7unzJOyilfe/uysrvrrutb3VtTbBP36r1s3rG2t01b06PVNrdI4hJnOm3AaNkXehBC45B6g8gjoeAD3NfbX7NM8S6H4wKuBjw9fOBjgZtHBwc8DB54GDkdzXxNJdqbaSIWsiq6IwLAkKAQpbbwc9v/ANXH2f8AszKzaP4qREAY+G9QJDDJI8licjjnHTPQnOTya+fqqDozukn281Za9rN22S3bvoerTd6lPyta6Se8b6Wvoru2uq17Hz3Czm5lZhvR5JWO3jpI2BjqDjjGOpAGea9X8MSs8lsCmwBABnggAjLDGCRkjtjnuDkeSQTWyalIkqyIqzThs9C29s5GOmeCBgcnr0r1nw4YnltRE65ONuByAWyBtOBlR8vTOOMjJr4/MHZdOW93tdu676rW9raO716H0eEcub3U782uq0V4t36uzvpbrbsfdXwSJXUdJ2t/y/qSCNucAfgSMkD/ABr+0/8AZl3H4IfDwthh/ZCA4PJ+UHg9c8Y4HuDgYr+K34Mp5d5pDNkk6ig3AjJOT1A6g9ST2GepxX9pP7Lzk/Av4ekHO3SIhjr0VRz7Y6Ek5Oe3FfH8KV4x4yxcG1d5dJq26catG/3N97dtmVx7Tc+GMu8swgmrO75qMuuttF2Po2Pjnkj15AxnI69umOnAxz0qxHJ1VsjAGAcnOeAQQCME+5I/A1QiOBuU544UDIG7P6ep7kegAqbzGUBtoB6MTzkZ/D2yB9MAYz+20a0JJappxVlqtdFZW1aV1ovyR+GTp2ei7Wb0bs1q7aXST/DyteJ4/DPBPA6dAAenI+hA55pcrsz6ngfL1U8bsnvkYbkgDjP8NZZscKpLenUDGT/UcYPc4PSniVcHjbgDcOMk8DAB74GNxGAOOSCF6adSN76PSyW+l023b1v537OxztNLVbta+d43Sv0v5dNbvUtq3IJzkgkDqOApOM9MYAI5BPPrh4IYhsc84HPAByeOmM/yB9KqJJ83y5GQQwI+pGOScjpnjPQDFTB1xk5LDnI6DI/jAzkgEHscbsZPDbRqRemmuq817vXW/M+i8nezsZ8urWurWjWqTtrp5X33076TEtyVIBOeMDHryOmOcAfXgnGA5AU5HfjknHTaMkYPXHHQ4ABHEYlGSeS2ASMgjHYrjJ5yM/xe4wMKJOnQDBGW5xyeSp5445HHOSOudVK615d9l1u0/wBG97bX3HZaa/Dq9PKL0as9mt7t3fL7w4PtwfTBI6jjpnGMg+wPtQTuLHGDyfyPqOoHTHqcDnIoAUjAbJAOTzg5/hwMEHjOeF54WlIBOGY5IONzEnByc7jkjG7jHqemK1i4pJ9dLq99Xy2Wz0v107+pa8U2n2tdPyvfVJWXp6dQ5IPPcEjPU5B59cde/t1zUTKc8cAdDkcA9Qc888VOQAuSMck8kA4x+IJz2HP0zTMrgHuxAA4yeAOnPAJHf261pGfvJaa9LXu/d0/r0uCje1+99lsrPbWyei0S2Wt9G3BY5GBgDCt1JyBhWYDLfMOzAnGeersk56rjOTxjjocY5HPQZIx6GlIIznoMYzn/AGiFGSSGOCRnk+5Gab98Egc44OcFiTg8Egjjseox61XNF27J32u9WvdV7dUtfvurorlV9EmtOqbV3H1va9/K7urbvyDg8gcY/nxz2ycfT3zTdgCgA8A4xnt1xnpjkj146nBpRjqT0JBHGeO/pzwevvjHV4A+8DxgnkgZxxjr0J4PPTj3LvJNJNRuk91e9lo3td3d1ZKzVk9iFK1vXXV+XS/l+PoQHnccEYGQD14wPunj2z06Y5qQMxxkgABf7xGQCOCWyRwCOemScDlZNncdfT6devbGcZ69SeaTywMdiep3cZ9yR93HAGBg461UZ3S5ne7ja17p2V+mqvu+jbTetxtxaV97b632Xk9N1s9derZHu3kZIDD5SCeBzw30ySO/Trycv3tyCMEde+OSOgHX/wCtwc0rD5cFuQSRgDnk++FbGcZ9RwAcli8L1xyckk8AqcEnJBzjGRzkgD0rZSUkkr9/W9tb6W32eqv2ZCd5cvMldqWiu76Jxs72vpr5O6a2mzkAjrwcHjHqvGeg49+4FIXwTwcBgRx3Ge+ePwHT68CFeAB1BxwQPbBJORnHTn1FT7ARnJ4yeQMYzjBye/OcYIyQcZzV8ySS3dns9ttN+ittrp53dOWl0rvRNW/w+7ey211XlfQiMgPHGAD2JweCCe+M9QfbA6GmlgSCBnOByOOpz2GPUcHHBGc5pSgIPP5LjHuQMdc4OCAMZ54wgVgQ3BAHboMD72MdQDxjjHPB6EXFJJpt6ar4r6at9WtUt136MwvdxulvFv7V/wDgf3Utb63aQ4BCQSuMAYfPGCemCOMcnv1HTkVJkY+ViT7Dg844AI/rn06kNYHj+LIOBjjj1OMDGO/QEZxjAQZI7gAknIOOOByM46jr14PtWkaieil3vr5paLzcddeiTJqJb6WbbSuuXp9177O1tmtGThge/OPf6YHt/T8abvBY4HHPOOQO3r6/r+ceMDrkEAfXHr7/AF4Iz3oBx26HPTng9M+npx709ydFbtZW+ai0vVcy797oCSWyP/r8Dqf58fyprrjODtBUHnoMDJyM4wMHgnuRnkUpzwAOnXPBH16k5657ewp7Nu4UdfbnP6/5HpUylZP7vy10167rr8ik47vXb/t61tG917ut7NnMeKgT4X8Shchm0HVghwMc2cg4wT8pIyO/Izy2a/gz+KWh6lq3jLxLCuo/ZiPEfiAGONeZFGpXLlWIKggk8A9+gyCa/vR8VDPhnxEPXQtVG08n/j0l6Hvke2fQdRX8J/jxmT4ieKACylfEOu7WUZKn+0rjI5z69hjI4Jr8m40bfFHDl7uLwmOu09E1Uw1mtb2V79W7b6n654eVJU8h4mmt1WwD13vat5+r63fbRnzxq/wwur3/AEeXUZIWZBgiM8qSTuYBuOTk5H0GAK811H4Vx/aIYpNWmMzPtjVlcF0XrjJOehAPocgjk19BeKtWeLWYQguTFHBHvdCQCxGAGwB8ucAAkAjIyeteRXWp69f6xYzQRXGy3uzDEgi3l1L8Zc5BypwQOvYZr6zKaFqTnK7i7JJ66Wi3e29l/Mn1Xc4syxs5VOWPKmr3ulZp2d09U15r5nbeDvhfb/8ACV6Ta+fPFPHpt5IAyssk6LakqdxbmJmGCP7pzg5xXMJ4MtZrm7SaOGSeOeeFSA4KETuozh88k55yx5POPm+s9P0G5j8d+G73U52t/O8KXb+TGBEN32FmLEZ5K8g8AlsnljxzXwy+G03ja98Q3tnMXXRnuTLGzEec7XDgY4OeCMggD6cmvocPiKGGy6piqi5YwrS31dm4qMmtLNqT9NtHofKVqs6mPjFTu3Rp3kn/AHpW2TXaS23vufJ/ir4c29n4b1S82wmSLTNQbDIzEFYZCMHcecFQG6g9Mnp8mfCnwxHrv7R/w30s6fDfyahp5K2SwGU3Jjg4QRKPnPHzEdsle5H6O/FO1/sPw34itZEn8+DTdXjlicMQCsMgGT0IDDgnp1zgEN8Yfsw67Lpf7YHwH1G2spL67S0nW3srZVM9xO1tsjghTaQZJG+7gEhtpPPXFY+NSE68JRcHBt3dk4xind9Ela7u9WvQ9OMJQwdVbThGXLK7k23TjZrVXe9nfy0tY+7/ABb4H8PaBp3iCzn0G0sNTtrHVka1uNP2TQu1lMyqI2bhsfdIAIIB9TX5Vfs3Qxv+0b4IszBAyz3mtQyiSJJNwXzRgqwIYgD5RtOQx5r9yf2pNO8U2Or6hret+H9T0fVPEVpqVzNaalGv7kfZ5IoVVgEDMICN21flYAnkZr8Ov2bbiYftJeC3f920fijV7diOdiHzRgfVueDnOR1JNemq/PRpVKEoz54KUZQfNF35fk7a7X28mePlsp1cLjPa814xqKXM29eRaq7dum2rvvqfql+0xoEVl8EvF81vptvEsWnELKbaNCQ8oHDAA9sHHcgZI6/lL+ytphuvjxo9nNBEwbQJ2K+WGUk9TjBGcDkjPPrwa/W/9rHUxN8E/GcEb3IMVksTBwwjwLlFyCVwDgEZ6Hknkcflp+yjJ5f7QOiSKrfL4duemDuIXj5SCQSOSfbkDnPVWqVIeylO20X0Wl1u3e2vlq9XfpOVcssBi3C7s5rW+qcI6LrdLRaLZ7n3B+0Ho9jpnws1yOSKBLiS8sFQfZ40YBp4yNzbc9M8BsdiBgCvnL9jvw7a6p8e/EkF/bQyWsWgXMhBRWMZEqDK5AAOOD8uQO/WvrT9pm0Sf4Pf2hMZVnuvEWnQKJFOTEHBC/NjJJOTxjOCAWINfNf7D9rJP+0T4vtRJlm8PagqndkgC4jBI6jb7seuea2lUq1FRaknsoOLi1ZSjvrpvbb4VfXVvChO2W4xcrSjzKzSd37jaV31V9H27XPVf21dD02w0/4eWemK0NtNrl1I6JGAC0cbBuTuI69ck4A4PSvFv2FtEttQtviEkjTfvPErJvUZAAZvmbrnAPBwDnJwO/0d+2+401vhjp8oU79R1RlkkwWzsIypAAPrnnHXAB48b/YC0+4vbH4lyQGcC112WXFuhdmYsxCn5WIDZ+XoAc84AzVOVRVb1GuZaO7Sts7Pp0te1mgp+/k0JRWl5aa20mrrRLS+y01stOnN/tX6Raaf470OziuJZY00aWNiR0DoSvZeh6HgA4z159j/AGIvBeial8JdY1HWLTzRH4q1CGNyoLABmA3E5IKsSoIwTuz0wK8t/at1Frn4j6ZC8GGg8P4dZlKSF9j43cEknqCOoIx0r2/9idLqb4QalbRkqJPGN1I8YfA8oOxf5QM4znjI655Fa0k3i7uXvyirPXRW0181fTTZ6dpxVllFOS2U4JKz6yT131Td1bproj5//bw8NWuk33w5WwJjhuLDU5V3DAUADIUdMdc9O/sa+sv2Kvh7pWrfBLw/qd3czRO0l8F8ssoYo5wGOeSRt6cNn3wPmr9vq8tm1L4dxQzNKkFpqcO5v4MA5VmKnADDjIxkcdcV9ufsTxM3wK8LWDSNDlLu7RidpZWc52AjL7iRgjPrxxjqhVlHEOL30Tdu3Lrve+stfPRaHBiklldB2dm1K1mktIvor99Eump+YP7c2lLpnxP1+CFy0MVro0IZxlmVnYAAtyAc84wOhI4r9FfgZ4U0dvhL4FmurCHfN4ViaN2h/wBacEdTwxGDgLxk8ghQK+B/+CgURX4r63Gxf95DoUhdyV/cq5AbJGOeg9MY6cj9P/gRAur/AAy+GmlHFs2n+Eo5cudjSIFL9SAecAgc7zjHNDnGVdc8knZSe294q17X2atvZre7Z2VpzhlmFcE2kqbaW6emvayXfS97rU/LD9t3wpbRfEyG2jVYWg8E6bOI0ULjzLiRgMDGcgdeBgY6gAfpR8A/AOoW/wAHvAk0UrFbnQ7OVIDah1AySxZ854BJwSM9cZAx8D/t1XsX/C8GUZBfwLo8LBiMrsupEOBj5SeTgg7gcnkk1+wv7Pt7ZS/BDwCGuYoprfw/YrbwPIqvM7KckKRzjgjqD9aUpN1IQTvG921rdK2i1S+GzerV9QxDf1GhVS96UUk7Xu7LvdJtL79eh/Ov+0jaQx/FzxoGcl08UrA5AOdxMauNpHAU4O1lBHTPBNfs34J+GfiGD4eeD7y0tWuIpNN0eSGAQKz7JLaJt+8/NtBPUgkHAGCcj8bv2nWUfGbxygKE/wDCcncVb5du9GIBz/D8w7Hg5Hp/Sh8HtZ8IX/w/8DRHV4WuNP8AD2hLLbxXKHe/2KEFSMYwp+8M/LnnHK1ljalKm6bak5Tty22T91OzeqtfrfbR2dn2U6leOGpuKi4xSc04/aSina97aPu309f5rvjpbTJ8UvG0c8Yhkj8XRpKBwAQiZUjIwTzw3JOB2FfuZ8NTZwfDrwncXETSJDo2mZL4MZ/0VMjC9BgjDDHtjGD+NP7R+mLdfGr4pi0hMsNv45ScjdndHKyrGARwctj5gCD2/wBn98/h1p/hW0+GXgu0utIiubiTw/pIaOKdi0c7WEJYuu35lJP1y2TxzV0Yc0JO9rxW+m/LbS19Ffd66aKxnj6qX1eUYu7abT01vF30unbaz6dt3/OT48WCf47M3CrN8UoAijcoKSaioAwdwwCSMdB7ZBP7y3+iNBpFj9ksk8lbaImT+9i1AYhfmzk9DgdicDmvww+I8EC/Ha1CRiCL/hbMZVA24LGNYCqFPHKngH16cYr+hW503T7jQbaRNQk229gGMe8t8/2LPYDPPUcYOT1yK2wraUuW17NLWzeqS8lZqzSS7es5k5Oph99VF+6rXt7N7N7au++1na5/Preaat38TrWNY3Ev/CyZB5YO4/8AITAwM55Y85x0HOMEn9udR8N63F4NvLpdPuGtRpV4GlmYoIwtmxKbSo+UDB3D0xnJ5/Gqwt0n+MekhQz/APF0XUhWw8mNTGcFlAywPU9jgniv6FvEb2J+EniWSe5eKaHQ9YhS1EiP5Xl2MpBlUNlTkBs8kd84rh958+tlez0ts0rtdNOl7dPM9KvOEZ0E43bSd9bPWK2b1ene9rbH86vwthFp8b7OeZiitqeoykjB+UySDCsAQxHIBwpzjGOSfuX4gXNlqN9oQjdwsCXEcpcne+6FijAEAgNzwSB0zxyfh74VGCT4taGD+/E17qGVYgjLTOcE5PsQQcdQAV6/bvjiBNP1fTQ8KiO4YeW6crgWzhskjlVbuRnB57UqPOq14uNtOW62s09bLq0r+nR6m1dx5YpRbTaeq6Kz12XRd9rHwBpX2WT4r6I6uf3WpatGVPAU+exA6Dv157NwOlfqosIg+HWsGIKHuPA2orhXBOGgLZZV5x+HU89K/Lbw+LRvi74aiBQxTeItTScsWHym5ON2BkZ5285wenWv2mv7HQLLwL4lU2ERn/4QS7+xlcltrWTMzsCcLyM88457kDbDtc1RSSWq/wDArp6XvdtJ20iu9tzmxnPGdGMbrmad/sxacH1T3Xl0tfc/GD9mmy+zfFbw3dyOSDLqRMZOD/rJOWGeADjadpwB7Gvvj4oyxXGmeOpOBnRIHQswyCnDMBgHnpkcj1aviD9mCRZfjJ4cgkUSLJc6gjRscJtMspPUAAfLjhgMdcDK19wfHdbWC18YGK2aCMeHggMeTFnI3EsNoHQ5OW7YyDysM2sVJN8q5bpX1eytrtfs/PVCxcXanps4Xi229bK97NJK3z69j4f/AGUrRpv2grKGGNHDRXjKSRtIchiSO6DBBwS3AA4Fftr8d9R06D4B+OrSO5trW8TwHqivbAhppyqrhEQDdkkk7j0yfQY/Cf8AZ58Q22i/FX+1UW5NxHYXkMBgbY6ugyHycEAA5Bx2PUA19ceMviFqfjTw74ogsL7V5Zbfw3q0F+13ITE8a8PHGAdo7ZHJYZ5UkCuGpQdXF+0u3GNrWd00pq9r2Sem1nfTfU77NU6cVZuy1vd6uGl91b5t2Pm39kVDL8Xfh/cA7BBdTGQou51SJmyz45wMgEAkjoMcV+m/7cXjlb74J6t4ctHe4hV7S5ubiOJkMVvHISEmbn5jkgZxnbnHWvyB+BWvXnh7x94VubG9ksJzcCDzYhvEZllkDsFJJZ26YweuB2FfpL+0X4c8dxfB/wAV+JNfXUm0HVtKsJtPnntREt1IJMrMWKkIjEZQkqcnoDnPjY6nfNMJUlKyvFJaapSS0ts0mrrXd/PvScsPySWqUb6a3cVa2qumle9rprzsfLf7MTw2XxT0G4MTyZ0Z3EWOoeFeSehJA4yOoHTCmv2a0opd+G9e8hCvneE9UIiV1LKWgl3Fly33Rgkj5emcivxj/Z1OPibpERAXHh4hMuB85hT8OmTuGOevXj9oPB1nok+g6q1peYu7fwbrEl6plU7pBbSAqEJG7jgLxjbyRXqOShKUd27Wvp5PV36X02stNU7EqM37NR2SXNv0aWndWel3qlfZI/Gn4WxyLFrsAQBZvFRZskZx/aTLngDgDPHrgnGTX7VfEiAT/Bq3hD+VjwffQyPlsnbpqkDjofXjbjA7Yr8a/htbeS9zL5gEV341eAkOOVXUZTgEcZ5zjOcHPHLH9nfFzR3XwjuM7kMehajbQKpLO0i6Yo3FCAQCVJDdCB3429OJdR0KbkteW63+H3V0T0tfd76eRyU4qOKhdt909LcsorTte3e6av5H4/xahHbeH/D9rKzyS2bOqkEklXncEhWHA4xkfd6nAUk4OtQ3Uuq2dtbKWzbzsE3KD+83MTgY3YGM4HOSOgzX3H+zB8L/AIM/En4fajqnxOGr2c+n+NbHw7b39k/kQWtjNdEXEkxweoYgN2GDxzXonxW+Cn7PPhrUtWtPh/da/wCI9Z03XV0+y1i2Sa500WUkCkW7vt2iZNx3ydDySOa+d/tWjSxCw86cudyjHmUWopWja7bvukvN2tue1LCTmnOMtFGLUVJxdotWSenM3ZX30R/OD43Fxb+KdbiaRwVvJlYZJCssjORjjoM5GODnHJ+bX0Pwf4s1bQk8T6bphl0VJZLdr1yp8yeGPfIFViGcgDKhMnsOSQIfizbTWXxC8XQhGWO38RXsAVwTtEcrqAwYcbguScccZXPVml+JtRigsdHtdRng02wnF7HZq5EH2qQcvsVlVsgncG47ccVxYyU/at0trq972abTSvGys1e9+6Wqu16WHUPZq8bN2t3u+W2+ulpXe22+hz808sMxe6jljdZSDCU2n5h1IxnIxgc5brnGCOwtfEGnC4sQS6mFMMpHKuAcA+oGQDg88cbqxfEMguhBcSbTJc3Du7gqo3bm6hV4PfPI5AyckVzMKP8AaT0J3sY0I4LbSRjg57YDZHTjHXnlUlJxctVyreya91btX6K6372fV3UXGMGpbX67qLs++trXTv5LQ9Le6j1JULRoSLpQgXAZt8oBPbPynb1xjnGRX6Y6V4KmvvC3h0yzG1iXRLV4D5e47njChN3PqucYI5JyPu/nDDaeHbSx8Pz2mo3FzqlwVOrW8kWyGyk85RGsbHlnOAcgcZxwQK/Xnw5ID4Q8K28cglEui2RGUJI8tUcsBjGMZJ6ZAOQeo+r4WpRxNWsp3lHkjfRrR2avrr2Svq+zseHnlZUYUWpauck7JJuyi9NErO9tFrozw3V/g/4X1WWz1fXZL9rvS1k+wXlvO0EiSwQMzEMMFSGGe3HB4xXY6D8AtT1nRrbU/DnxT8U6Pc3Nu1/9ka/luCsfJ6u2AFAOQc455OcHrfFsgXw9bzrKih9QvYiAhHyvFJgYxyGPTBxnj0z+jf7Hfw78MXX7PmqfEXX7PS9UmuNH1/Q7WC7cRzWklpBLsliBORISAVYDrknI3Z4eOJZbkzwdSWH9r7apGm3GVnec4pNt9F11tdaaaFZDXxNenWbruHJaSine6jy2vbbtpqld62PyA16y+NHhnT5Dpnxe1K6uIWMcVtqEIlWUq4QDOASpOAG5ySRyQa5/Tviv+1fFO1hZal4c1d7Xassd1ZhXK43Altw4I57AEEDI5PoXje9nmk/dqfIS8mjXDBtqpegAb8c4UDB5+7xjGa9M/Zn8Iab8SP2jfCvw81jUbjT9H8Y6tFpd5dWYzcRRG1ckoR93nHYHGBu5IrlnlGBeFjXnCceaEZN7q7s13vZtK/k7q+h20szxMpTUKibjZNJqOiT8klZ7fp18Tj/ac/aX0MbdY+G+galDb8Sy2yeQXQejKzE5yME8A4HByTPafts+KIriWTWvhJPBcMqeYLW9ONnOSF2jBHTdnIzg9cD0L466Ta+BPij8S/h/pN3d3WneE/EF5o9jc3JzNcwWUxjSR17M4J68A8Cvm7UYFl1OeSSNGZtOSQBgFBZfvlQR1Ofvehxzk1yLh7DVYKcZTV0muZPXVdn3aura30W6Omnn2KpyiubmTtppZaRejTWiWvlfd6n0Jp/7cHgWdov7e8E+I9OaMEO0SyXG0jhsDAO0ZPQ8jp6nubL9tH4FXywxzX/iTTXaVWxc6dIqI33h8xAJznqSQcc5xx8RQwwTyxtcwxMsocKrQgHJbBPIBc8YIPI7cHlNU8O6WyWzmwtlEt2qsWjjUKh4w67QckEhR755rz8Rwyo05zVXa++7WlrX8uqXfW2/qYbiCrVqRi0ne22iXw2dkul9HdPRO9z9JLD9qP4G6kR5fxAtY/NAyl7H5TKvZXDIduD1OOPbofR9D+Jnwg1fi28aeFbwz4UB7yBHwepLNt5OM88+/TP5E3Xgjwlc287JDYWsyOV6qWLZ2kYXHUg4JJ2scMDgYzoPh/oRibyGLuIiSIJJI5UduMZDqMEZHCjINeP/AGJXkrqa0XdX3itbNLX1vd9D0J5rF2Uo7crTvay0WiT3drJ2vvbbT9uYz4Fuby3Gm3ukzb4isktpqkTc8FQG80kqxzz0yPoa2ofDuiyPA8BJZmIPl30LGLuejkFM985yTgAYNfhlo3hORL+7tbfV9WtBAiiJ7bULpSrZ4AXzcLk8DBHY9Mgd9a6L4104RvpfxF8R2jquVU39wzo3UKAzNkgEfMwOc+mQeeGUYyHM4pzSei1V9lZNXbTd1dy6dlc1ebUY2hKLTcVbS6+za+l3r03/AL27f7L33g7S53QvLdB95KvFIJDxgjIAbB7ZwM5xgcmopvBlqkIK38o+V/lmQORzxj5Apz8uTk8cHOMV+TEHij446PGTZfE/V2aMgn7RL5hUYyGfIJwcgknnGQMdR6FoPxT/AGp4FV7TXrDXITF5qfbLRZmaMHBJyUAzgdQB2HGaJ4LEwacqLilHR30aVlqtdbNP1WptSx9CUb890rXb3VrXvt1vvd6Wu7s/Qk+Dpcu0d1bNnBAaIAqB949sDAJJ4x1z0rz/AMb+FNVtdB1e/t5LebybVmWFQXLEISCq7iSRjnAwMd+c/Nlv+0V+0LpIZdW8G6HqqquXeC1ETOqrljkHoeByVAIxzkVQk/bS8RxyRWWs/C1o5buVbOJra7UpJNO4iWIRlP4mHAPcjkZ45+evTbp2lGLWnM93pdpK+uqtbW9u9jeOJw0483tIv5Xa0jZ2j+K2e78/Z/g/+06/wu059L8YX/iO/wBJhYfZrKyEq2qI7sJ4xE6lBKisQsm7LYyvBBH0T8M/2yfhzY6jamx8RTabpcHimLWTba9aQbRE5BmSOcoHSULkIxYgOM4Bwa4fxn8Nte8b/Cu5sLn4TeItG1HWNKt9Rsryw05bhobqeNZYjMyYeOKVWBb6nAwwr8vfEXwv+IXgaN18ReDtdt442IW5uNNuRC6xkgSo6q+4A4wTg5yMcHPLicbisJ7KDwyrRupNOnbVuPa9knq2rbu3lNLCZdi+eX1hRndaqcWne13GLTeqb0Ts2rdj9cdZ+LngnxT8YL7x9beG/D801740tL/SvGNpPEt/Z2kSKNtxNwSjFdzbUznpjFfoHoPx/wDDN5pkaX2qabZtrWpXdra3kuoYW4ZEbc8qsuAGIA3dDkAg9/5VbbxLqmnMCt7dWYt51dI1aSIK4bpJE4UjgYwV7kDtn1e2/aG8bG30+G8uYdTttIlaS1t7hAAATjDFAoycYHJJ5ye1ThuJXhZOM6cqUZu7jduz91WTbVrWet9bauz1VfIaVdRUaik4RSi+Vq+sX2tpbtd3fTRft5+2F4a+EVnB4N8bJa2uoa9rvh7UtKmuLPUkuHmnCySQXAiRuFVwqKWGMAcEYNfkvD4Z1qztG1W7028trS+imjhuZ4nVJDGT8obkEgY645Gfc5UH7Q9t4gGiReJtLnVLK+W5keC4dkit1cb4YUdnCRgZ4VeSMe5+uIvjp8MvF3hqDQNNurWJbYymODUY0hkjWQADymJy77hjI7Hjk5p1s9w+JcXKUOeUk5Wsmk3G1r76N9nbRXNsNktXDqT521BLl0Vm/d6rayTV9PO17nyL4fE2m3Vpcx7G8q6WfnorJKOM/TPQdsYB5r3bxH4mt9a0G5ZTGZ5ru1Lrt5BQAHBJGf4h+eASQaw28D2V7EZtNvVOZmlDq6ugUsCVBUg4APGFPGTjjnqJPB0cml21jHdQrdNc/vnI2oxYELuBw2GGTyTjPsKzljMFNcrlda2snZu6TcbaXbe/Z6sv6vi4OKUGnFaNvZuysnpZ+Xq+xT+FD2mleIluppAttMLyVmADchHAyDk9yfUAnnBBrkpbe3lvvFNshEsN7dzXMeQpGyedSCM9MjIAwPmwMmu00PwjqVleeVaxCaS0knR33Hy2jZSdoXLZ4GRz9cncK5OCJ7TxFfR3sO0SKd0IHAw4I2nIBAxwVyedvXNcFOhh6lZyjKMVJRXZ7q/R32u036uySOmWIxMIQjJO6SSktk9L7adVe9rNN6o1dW0mytfCrW0UKGWO7UA7SoVGX5mJI4JGcZ4OBz3rirDQILq8sUJxvtXypAJBX5tw45JPTGCOmCTXfahctcaXeiPb5a3qsxzk4VTtA4J/HIGSMZPNU9AFub2wLModbaUKjHg56YOAGBGMhuAWOK4cRl8Jc0/ZKybs5WV1zR1tdpWXZ32O6njPhjztaRaWq1vFPVJLTXZvWyWpzup+BbiPSLi5eBXCupjOAhEbMApIyMgjPfv121ysfg6Oa+t4gmxprZiyld20p1OTkk9+Rk89OK+k7yQXWjT2jFWTZEoBILfKSe/QgccAgYAyKxdF0y1utU0uby0VJBcxMrN8uVAXJBOMADJwCOvGOnjYjJoVqTahyvR6Llt8N+m19E+ytdXuuyjmNSnOMVJzTaa5tZbxV3a6ffzTT3Vzwa58KTafNcGB54Hj2BZI3eMYJPzcHJbrjGAfw56TSvEXxA0HymsdbuJoSu9YLwtPGdqhdpDZI4GR0r1jWNGX7Tc28S7kdoyXLblLbiSRgjHAYDjJ69Cc2f8AhG7Yy6a0kX7ua3fIHIyi4wRwck4Zuc5wBgc187iMnr04qdKrUjbZczvpKKbau1Zeq021sz1qWZxqS5KkE2/iu07O8Vd93a/fTXpYy9O+OGuQKqa/oUFyVADXFswifgcMUPJAwcDjOT2Ir1nw38WPAGqwhLyWTS5ZHBKXMYB3cj5WxjluRkkgZPtXn2pfD9Gs0uYHV1dA7cfdGW+Un8AMDkAEcKQa5W88AR8mOPa+E+VV3MwbjcuAPbp1OSeteDiMTmeCSU1zxs2rpdHF3W12n3sr2vdno0PqlezjaD1Ts72b5e/u3S9N9u32doEOh3sP2nSdWtZleUuuyZG+/wA/dznpjA65JGOmO/0/SSykJMu12ViC2fm3bhkHBPsc4KnqcV+e9t4Z1jSWWTS9RurUIm9fJlkAyPvZXcVO3bggAkjHQ816BoXxK+IWhrFHLL/aMYIwLpSZGQHb8rc5zg4PPIGSD81cEuIKcWniaNSF95JOUW+aK0vstUrX7vRPXapl8pK1OcWmrJOyd9L2eqvq109Oi/Zj9nvUbDS9Fv7HUtQtbO7n1dpYUndUZ4EUYxkDIIAyR1yOn8Pr3jDVdOvdPVbS5inL6kisIZFlC9FLEJ82zjA+U5PONvJ/Jbwx8a7W6W2TU0k0+64Q8M6E45O8bcZBxjqe2Tmvd/DnjryGM9hqEVwrYYYmOVLdBskYgEckHjHJ7CvtsB4g0aWAp4NU6NSnTjyKanyVHG6afLLTmSfR22Z8TjuEJTxs8UqtRTqNS5eTmS+CyutW9dXd7p2tc6X4+AHxytuzGQTaXalHAwCq4bjcegxknuenIrI0R4pIdC5Vc3LoFyONibRtwP4sc8Zz69Tq67quneLl+2a9DI+pR2629veQMMoBgLuwMEDIyAMYGMnArh9KW4trjS4LeXfBZapITNOwV2R887c5UHPGSOT1wQa/GeJ8JHHY/G5pFr2WJre0UJSjzwvyOzaeunNZ6q3Y+4yiE8PgsNg5J89CklLez5dVbfXVtXStazWh9N+AYjJqkhlO/aSQpPDBX+TH3iMc7gTkgk9AK/d39l9gfh2igYZJkXA6f6tdvv0xnpjGehzX4NfC7U4LnW7tNroUZ4CpO4SOzFg4x/DjIzz6qDnNfvL+y8APh8SMfLPENw9485/Hj06YySOf1j6PtFQ4uUpNRksHX1TtpaFm3p0bu9tLa3sfjnjLJwyOMXpbEUX1T+KNl8r6K99nrdW+kQTjJ/PII/DHQA5zn8zSkk9gOnYY46fXHOKbggeuc+mDx0/P6ccnryAnODnp16ZPf+XbI/p/bTq1LWUnbfSXeydvV907Xa3TP5hWqTtur6L8vS2/deWknmMOAAcDr0544P0HP8ge8iyleQAccc9OmOhGfXnuDz1OYPrx/L/Pf8aD/Uf5GDn+ffIxTVeV780tF5Pe2/3Le97hyrsv1089y8kw24JGeMZOCQOeSAcEfoB680/coGcZOCQexHtjn09Oxz1xn54x759/T16DNKHOSBuwuOu7bz0x29QfxHOM11U8U1o9L2Tfw66dL7+j1Xlch01e6ut9NWntu+m3lf7y7vHcY6kfxZxj8McjGc55PTFOV/oRjHXPHHA9vwwOPU4peZkbQADkZIY4xnJ6evY+2eeaeJVBJwccjOCB1HT5S3Geo+oP97spYmOicnq+t02nva3XVLrtt0ScZLZc2qvtptrq912elnvrY0cj8++CRx79Ox9u9Rljg8cnHB7Ag8fMOCe57dOMEVCZFOACDlhyDzyMbh0ySMZA2/7OO8m/IxgHlgSTnkcn3B57/TJyCdKlaM01GSu9372m1rW9LbLq9SLPTS11970tbvu/u9LuHBxjjIIyeScZ54GDknGSQfUHNBUEZJAO7HAIwfwPcAflQrADnPAwOnP1xwSMAZwMDpnJpxwBnggnIyP4uAMduvft+ZqIPnbi/Xf0vb7rpq+tvUrdpWa2v+Cva2jf4gBgYBJz3OM+nQY6YAPAAJ9OKbtAOSeSOMHj3I7DK84PGcdCOJDkZPJ6cdMcnP44IHuQOnWjIPOOnPY/yJ55/wA8V0JRitFvbbVvZLzaX9asVvk30t6Jf15eYmcep4yD2/P9T+nYUvryenTuPf1/+vTQADx2J4DZy3qRg84zjkHt0HC54659xxjnGec9PU8ceh4iU/srrG7fe9n006q/qtOo+V3S0u/P+tv89xRnAz1A5wP8/wBaWmAYOMnBzx1B+pxx6deSelLlfXpxnJ6bskd+hOMD6Hk1m9W3dNdLK2jtfrou2/R6bByS20tv6bK1kvL0W4vTjOT1A4Bx+HHtnH+NH8+B+ePpkDPXtz75CT6Drjr1z057dR7fzpAOc8dMcduemMdvXI+gqXFt3Vt+7u9Fv5fd1Jl7u/Xb006b9euu+mgNz1Gee3rn8OvOSffnPNMZMAEcY6/ltwMYHQ5J9elS56/5/AE9+n8vWkIB4Pf/ADx7/wA+eKHZq0ldvVu3aysktLaXdney6dFo9uv39P8AgFJo+SQ2D6np14J7E/4/Q1VeMqW3YP04A3AgdjknsMevTmr7HB6Zwcce+QDnPpkYIA9DUDlSQOhyxyegABJHv05A65A5PI8rF4enKOjtd3W+rurpbuy0Wy3+/aKfu2sm7XfSzt71rq2i73+/TP2kMONzEZGVG31ODzgHrnJJHXHC1E/Kk7QcHG3OSATtDcDGD05AIOT2q7IoLejDLAZ4PAA4B6cZPy8ZBGSKgkUcj7owMHkZxyPujPGSeB0zivk8bRUYzS0S1e3VqyWvZ9PW72OylOpeKc101to1ZJSWm7T1vfdPrzPKlVgMkjIIXjnIGRnAwxA69c5wSARgV2xg5AJ+ZiO+Bzk9ec45GeDwOoq1IueQTkAjnOcHntjnJx6D5sYyTVdUDHe2fTGfu8DuOoPUe4xnivhsRBzqdIxbstd7pdLd27vRad2z0ouy1d/n1SjZXsvm3pttsSxKHIYDk8DBOSp53YweDxhj6nHvoRoMrkYADKCT7gdCQCc4xwcdMdQa0aKu0kgEkAYB6Ee54IOOT0xitBAoBPQjoSOcHuQRzknJBHfmvdynDwXKkldbt3u3olZ9V36X130OWtJ6pp268u9tHbf0SX37EseC4G35ujMQd2cE477R0wMg+mamDbAcDHtnJAJyfU89gOnX2qNcD5RgnnAGQwznv3GMcZ/nU/lgg8FRjjj8euf/ANfc9K+4w0ZNRve2+2lrJfguvWx5zaT1urPrrp1/y16201VxZCpGOex4OMn29+nHQY9jVkNgZzwe/wCX8RHr2/MVF5fXax4yQ3PbORg4PfGcdskYANScZyW5Gc8crnk9MfKeMj65Br1qF42v21V1orx1au77/ctbXMXtp3duzeitZ3fnfVa26kgZR0AIwMHOTyTkE9v/ANdIjNlsg43YHT0zkduepGeDmkAIGfvDORuxx0HA6LkdT+vSkLMBwc9yTjt/ugfhjngc+voRrQSV1vbVfLbW++v3bIau7XTae+uz91b9e+yWnWytOCc84APJGfbjtjJ7Hp26DNN5OQMKTkZ4Jznnkg5A9sAnjJGMRLI2QAMkY9s429CMcY7546YPIEgLE8qOMcA8g478Y6cYzzkE4Fae2pOykpXs+ibWsdrt3821vba9x3XZtba6rpprs7X2f39GhQ3Byc9GGRnPXrwDleeemKcEXGAvHABDdc9Ru+8cEDjpjaM+kgC56Yycn0x/P8c0oC5xkYx3BwevHbHHv145qb0nZqzTslttpvda99FbTToiG3e73+7Yj2eoIGeOc598c4+nvnuCWsgxkY45yfYduO/4c9faQ8ccYPTqOoGBg/j6Htikxn3GB3/+vzn9e+RVujSlryp3Xb0aaf8Aw/3Dd97u2nV36dG9Oj00vbXqVW+UE7Rg85ORwcDORkLgE56/xdOogw5LcgfNgg5weuMcYxjr0Azyc1fZcgcgEdSeTjv3H5/pTWjU7T1yenbnnPpnjPf1GK5KmChPS1uui6+7fTa2+zVrX6MUZ2fe6X3K1vvWn39jP68FBgcEMcZOCPmJ5HI46AEAdRmlGRyxxyccfzHOOSM9MkHnOCLpjADkthV54zznHI4HfJxnqcnPWhlwRtx0GDyN2R07k+h9Djg8iuOeA5b8sotWVrrXpvvtd+emt9L6qdtW3bTS+rsouzslpfb06WV6aqMnjOOemMk8dCeoxjHbr3zSFcE4IBxzkkjPZh0z3z1GCcjoBZMYPBzznd05z/Lue9RhAMBeVwSCDn1yByRzz0z1z61yyw8le6uk0tldrS2ml2ul01uuzFztvpbT5dL9O1tdeupXIOBuUjH8TYBIz82OOozkn24A7tbrgdOevIPbB+pPHUcdKnIyOQfTAB6HIBz6Y4GeDkdBScHGVwDx064HQ9gAM4OMkZAOeK4qtKN3fRrumrLS2uvfRavRaGsZK67Pqn0ut09HbW3a+r0SKbpkAgY6qOv4joDkHHUf3RzXA/E5QfA3iFTwGsyikD5ec5GOccLnkdCckADPobncTg8BiAc8HuQTyRjvweeoJ6effFDB8E62OcNGo3HHrxkjqcZx6dDxXzfEdPlyLN5XTSy/FvRdHRe6a3d9Hs9dNVb0cpk/7Uy9Ky/2zD+e1SPW9ktN9UlZeZ8NXujStpV6lm2wf2LHLcOMMzYbgYONox6Y7YOcmvYPBNrBaOcblRfD0QJZv3ksrQNlypIJHZSfTdjHA8/mngs9K1e5uSVg/siCFRvGXZ3UAYznBwMKA2ccYBBq3pviGe41BpV8yOJ7IWscSxkFEigBUkAEfMeMtzjgAYJr+L6co0KtOsl7zm4qN7WUX8VtdHo2tdHY/oDGU8VjKVSk2404pSc3po40dE2vLTvqz5fEZXxXMsYDM2sXWF6ZPmsdzHp1PQHI579en1G/1dNRsZJYLVfsMzJbszKN6KchlPOXUj5jg7Wy2OAw5OZi3iKZkLRsmo3O08sRliAPqx5yP4j0HZurR6hfs4lNwI4HZELEtktyPlGADkHBwc5xxkGvPxElOUVUklZNxdr9U7JXSTXTe60SukfaKjBxw95RdqME3LSS0grron+NtHY09X1A3V08t5BDKzyOQ0TAlm2AfLjGQD1PXtkiub0O/jtILuOW1mkSWZ1YqCCh3EkZyM46/X0IGHLYzRQwl452cAseoA2hssc8LwOBkEfUA1niOeK3aJfNjd5pJGAG4YydpDYwGzyMtg5yOPlrKEKfJKPtUleGkXFt2s2rXs1Zu6bWvojS1NJJW6aX20i2mnpbWyu371mtdFLrOowmaAqk0cUMoZByCSqABhnJABBGBz1PHBHQ6V8TLez0K90m5sLuZryFoEuEcFW81iu59wO4rgHOTgDBwOnnGo/bUkdV8122OzF0JIHljGM5x6k++a5OKa6eK2TZN5ryu3zDajopzgg9VABPAGSei456ngsHiKVNVr1PZS56Vpa3920WtVa7vo97adSZ0VUXK4txSvrvzRUGouzd7WVunRaO60P2hJxF8P8AQEUlhHfbCX4Kl4g2Cc5AUEjoRwTkbiR494Tu1a3uZQWCmO1jzg/KNqYyfTaME4HOcccV63+0fFcN8OvDxwAZtWt13Y5+a3RTkc5OMZ6jJ7dT454QshHpl3HI+HM0Z3E4AEUYbG085GD0Gfm5ByDX0OWqCxHIk/4eqk0tUk0rvRbaNJ69dhKn/wAJ8W2m/b1Nt9ZWSfbTra3V7Ho/iOWKb4ftCGJY3ybc9h5w6cDjjvwAOQDXxX8QbZh4iulA4SJM456oPu4PQbvqeM46j7cvIoF8BB3WJXF/CS0jhFIaQOu3J5OTnAz2wMEGvin4i6raDxLqHySSfcQCFD83yjOGxhl5JyOM5PU1pnjUXTejfJR5VtJJWtvaz763bszr4di+eaSesqrdlaKacbXvaz0s7J3d3c4/w5ZyNdzsc48lskghQDlugGQM56A9RxzXonwt8Q6j4R+JvhOTQ5Yp9SutcsbeUiNZFSCa5jEilgTh8Fvm69TyDiuB0i/jkh1COKM2shhbFwzguVIYgD0yCvQEDOe+K634LwLdfE/whEgLhddst7tlnJEqcjcFbIORkkjJB6/LXylGOInj4ThJxtVpWS3b543k21rbd8r6W06/U4qMHhMQqsVKPsaqamnZxdN8ys0k1q7pdbrS+v0L+3x4y1mT4jW2kTvI9kLaykW3T92EmeFQXCkYJzk84+nUD4tsrl2s5rq40+8uJIFZxLG5XeqHO0H5SNuOh9Dz0r7M/butN/xWspCoZRY2ZII6fIoJ5PPAwCOc5PzYyfBANMt9DjmVoo/LUhk4TexjYYYN7gDAyeBgYzn7PNKjpOopp+0nVtN31vJ66Ltdbpu+x8tlHJ9RwqhFcqpwSs+VJWjstt9V6niMmtWN29wjWF8I5F8zbnIVscr0J6j7x68nHSuy1aF7D4Y2eqQ203kHUZZFV8lwQpBG3BAwCOcc5Ixnrxs17aSC6l3xicIyq6kKAN3yqMY4HfnP07ez6ns/4VbokM7JJHdTTBlO0kEcFiB1AOfcMApzXmOfLCEY6K8XdyckvVaP7r6aeZ680uaErSac1dybtHTdxTWl9LXemt+p8YnxBeiR5oLHbubJ+fDZY+pAGPm+6RgEH2B73V5r67+GjXJtIzczaxEvlO46ICQcjknPXt0zjBxja54XOk+VOLtXt5mjdUB2FQ53HOQclQeRn5sADBANdXrey1+HFo8e9jLrKkOAfu4IPHYcdcc7hzXoxpr91K0OW8E4rdppWa/xNqW3W90VKULLZPn0td+7dX0216NJ6dmteC8B6bfa9qcVje6DuW4cRLtnEfmyIw2Rg4PLY+6Oc5yOcV9I+NbfUfDNrFZyaY8E08dpa+RHcF9iKmQAeQF4AOevPOTmvMfh1cR2XiLQrgOAkV/azMHLBtpO53zjG0KAD129RjOa+m/i5e6Xquos1m8MolFokBUhkEwjO/DA4zng/wCz06kV9HgsNJUaknyxSeiTtz3jfRX1S1Wq15vI+ezDEf7bhqdoyhJNOTvo7xV4u/ZN2le99VfVfBmtajrFxqF3fQ6hbwD+0Yo47ZbXcY3jwqsHGSSACueeRjtivTfhbP4u8Q6tqemaP4pTRVgjll1CdrHzo7oxxkqhBPBzuBYnAyenFUNI0uMWXjK5vokZtMkNxaqWDCR4pDvZO7EfewQSfl49Ow+B9xY2Op6/fXkqWK3MUQt4J0KuxkV92TtBcA/K3y/Svp+FcI6uPwdWdRxi3UcrNwlGKi01dSulJ6K26XY48/xSp4DGRhTUpxVJRUoppNyhbdtWu9FrZ9jnv2ftO+Ii3PxKh0Lx4+hRr4puGuhDZiRbyUuAZxnlCTuG0AAdya90utK+Lrs7P8Vr9toA3C1GxS7YU7TxgAnt15yK8q+Bmt6XZaz8TIbq78pT4km8tUicq6lwQx2rwG5AB5APXrX0PceLvDoiNuL1VLAYPkvncCdwJKk4AAJzyCDwMV+nZVRwlTBU51K9RSU6q/jzily1eXSEWknZJ3tq7v1+EzWtjY46pGnShKPLRfP9XptycqdK+rhdrXzad16/E2h6H4wuP2jfGMJ8b30OtW/h+3efXLe2VJ7hWPKlSMLgcDkg9MmvernwZ48kKGX4teIiGC5VU2klsjOVGcDuDtweT7eTeHfEOlWX7THjW4mkke3uPDlmkLRQsWkO7kqv3iqgNngYxzgkY+mj4t8PRKGM9w5AAAFrJnPJJGRjJAI4H04yR1ZXSwfsaqlOaf1qta1Wcbx504tpSSbtu7Xd22c2a4jGxr0eSFOzwmGbbowdmoRva8bxV+my2vqfDnxz8Hatb/EH4MnUvG+u6tcXeumCC5kBSfT9hXE9q2PllY5w3ByN2c9fpHU/hdrZkkZ/iT45lV2BXffZGN2MsShOSOc9SORnnHiv7QPijT7j4g/BW4t/tJjtvEDM5NtIrMuFLCNcA5yMYHOQM8Zr6hk8f6ZIk2LbWTgkEmzbACnBJIGSSB1GDwM4zy8NTwE8dj41XJRjOi6bdSSTvTi5XlzXfNJv4n5G+LrZgsuy2VOzlOnUlNRhTumqqtZOOid9LNXd23vb44/aQ8AvovgBZJvFvibVpLnxFo8LR6jeCSBAbuHcypsADLglG5wRkDqB69Z/CjTn0vTjJ4t8ZHzNPspBGdYl2oXiRtsahRhVDYVeFX5TjIyeP/aa8R2mp/D+w8m11CMN4s0QlprbZuzeQfdJ/iPAOAOTgkk5r3GDXfJ06xX+wdZzFp9kpYWy7GIiQZXLdCOfoQMHnNYZYBZjioSuqfsaPJ70pRk5P3ndSvtbd2W2iWnPip46eW4SUWvae2q87tTUkkqdr6KLStvpffW1jxjxh8L9OtPDevTR+KPF0pg0fULhVfWHaNjHbSkRyptYsjYCthRknHc7eP8A2e/hz4f1/wCGGj6nfNqst9cTXaSGHUZoIlCXBTCojBQzc5OepG7OAB7D4016S98LeJEt9D1YP/Yuphi8ACIrW7gFtrA49T07f3c+a/s765f6Z8KtDtItA1C8KyXsi3EAQREm4ZimCxYncADnj6DGNJ1MEsyoRS/drDTk225K/NFR0d1pFPq9+mpnCWYf2TXlzr2jxNJJpxTUeV3u423e1+y9F7Cvwi8GICWg1GZyr8zapckblQgkjflmz1xjcQRncDXx/wDA3wh4Zv8AUvinHPYyzLYeMLuGBRcSoFRTIoJwyhmx/E2WHOSO32F/wlGuhpGXwreSs2dgaRUxlTuP3iAQTnB6nnJPNfHXwNu9bttQ+Kz2+jSTfafGt29whmRJImaSTKDLfMQPQgHp8oBqcVVwKx2C5ILWNVycYPrBcvuvXR3craJ7KyRWB/tD6hjfaVUm/Ycjc1zJc6vdptK+1766pWbPa9B+Gngy5lvBPppdludwie+uCpJcDBUSgZPBIJ+buMAkfIlt4S0m7+L3jvT7m3Js7DUE+xwSzyOEO1sBWLsViUAEKCVJxjrk/XNhrOuWl1MyaEFU3IklZ7qMsAG3ZIz2IBKjAIx9T8ex+J5bX4kfEPWZLJgTfEuoIKr+8HyBh1PbrlgCT1Yjz8aqdTklSiv4mrejd3G+r18ra6/j6WClUpwqutOcv3UUldySvNPdLa+jWrSd7PVrm/H/AIU8JzazollPbql5/aEnmSROWcQB8A4yCFGAPx4yTiub+Kvhq2jvvCkOjCSG1hglTzHmZIpmAG5mdycE8kgcEHjnp3Vlq1h4r8T3uo3dhEl2HRLGBnBZQqHcWUAjcSM9eMeuAY/i9pk9xo/hyQ2Zm8oy7orVmWYoTwFAO7HTOOPzxXFBzU4xk1b3tE2+iVlo+W9/W19k2d8ZOS3u0ru8dU9Lptq60d2rvSyZ55pXgObULGd3ljvCUzt+2KFQ4OUX1K5OeoHfpksn8LDTPBviqIRNa4e1aVd4kD4PBDZ4BA4AHyk98c8xjU9Og3Wema3FbNERJ5UzjLnJUnJOADwSccADrXc+H573Uvh34tjvbK6ivM2yw/bX3MS2dp3EHGAOByABuIJYV3wUNU4tJct5a2bun1V1bZa3s9ezwm53hortpNWsknKKaWl76u600urapnjqaLaSW2ItVmbKL5qlicyYA2HgkKOT6kknODXsvwct4LKXxXbJeG5VPCGpyBeTnMXU/wAQCnkcZJBwCCDXkFtp+r28UoW0t45pSyKXmVRI2MHKnJPQdARyVGTwfZ/gzo+sNqHiFZYrVGl8J6ukjpIrM0nkkqpAOB1zgcdSAx4OeJVN0HsndPRS/mi3fa/vL0vfXob4aSjVbdk0ne6klblW13d7LTS2u+7+c/DNjaatqUsAuZ4ViuHlYqzhixlcEIQQQBxkBsnJB75+mvB/huytPE/h29t9RldUv0HlBpGRX2gl3Bf5mGR0GcnNfPHhbR9XsNUW4kawMEdxcCRhKpZi1xJiNmyCMd+CB68ED6M+Hd3eXHjTQLKU2rB9UDAQyofkVGwpAxx3Pfg59R0VLLDOUXBuMGl1abjF/wAt3bbR306nLJv28LSUU5xVk1dy91pPRt9V6X7M+ZvEuo3CfFfxnay3VzOJ9anQSIdq4Q8YPr95ckdsdqd4pm26esTTzkNIhDtjkq6MoLHpnqOw5OMfel16WxPxc+ITzLI8ltrlykaQDeIyH64H3WOB06dORzUHjO5sL6xt7QQXolkkQxyMDHGgDKSCccLxyRkdQAOlezg5NUaUUm24Qd0rtJxg2rJ31u3d2t9x4OYRUsS5XcrTS0dlZSit9Hr3W2ll3zP2mpZrm98FMjSwXJ8D6cwkMoQBUcjC9OX5A5PQ8nAr5st9P15ooZo52kiwHkSOQmRlXAy7DGVPA6AnOBwc19SftE2enNq/hGC/LRiHwFpSRAylhu3hlkbA5B3AFeuO4PTzLSLTQo7KOJ7mKPZtMsokKEnggEHoMgcEdBkg4578NGbox5NL3s2v8OjT7rXZtWeyFi8TSp1Fze9pFJb221tb112drpPr774sdLb4K/Ci6uI5Y3Avx5bOA6MGYlgflLdO/cEcgV5Xa6haz2aSfaw5MbHCvh4ju5DABSemCWyMg/WvU/HsFpffCj4apI09xYx3N6Ihags7jLYKkAY5yDkdME98eGJHZadFdMlpqbJdSLBEBGQVCc5PtkYJBAz6nbjgw9NONTRturUbt5SV9H5rRd35XO2tKM+SUVaPso32/lVrRteyb0urPVq9rL23woySfDP4qvHPJNDFp9uJN2Dkk7RksM9jknkevFeI+HFiSy093SMQoAwBKluELDrkAH5R6YIHGWJ+h/AkWky/C34qRCG7SCLR7drpXQoxl3ArjABLZ4z75zzx5H4C0LTfEevaLoCXQ062vEt4mvLudUtNPefCCe5LAgIMk4BPAI+YZrtjOGGo1a1WK5aV22rt2STbaS2atfRtt7HnOMqtdUoNOTcI7rdqG7eiT6ttO6XbX3X4PXdm3inTrgSSI7W95EFBBZQ9syt0GcEMSeuP9014B4quYZdZv0WFXji1XUVUuQTlLh8vwv3s9+gA6jJr9bv2dP2KvDWq6hPqUf7Qfgxb/RHv4l0xbWGQ3ObOSQMZGlUeSvCsxG4EZz2r5wtP2LPDvie/1y/1L9q/4R+GZZNd14f2dfXMYlX7Lcy5VVHaQKSm04YgEEHaa+aocXZPLFVU/aQjCNON1h6z1c2r/Dqrq17eh6lfJMb9WUfdc5O7fPFJL3VdNyt72qaXZX6HwnZw6a99p7yRxtK13bBGZg0kZLqwPYsAcfL0HU8/LXVfHS2tLXxlp6mby5P7Gs3EsrbFJ8pcqAQMngjOMcdeSB7T8Q/2YtI+GEOj67pf7QXwy8fRXV1DLHYaBdLJqcfk3CRndbdY2bkAFicZJx1bxv45tZ6h4xjS9tbiSW1sLKAMoKqYjCodiAB94kFBxxjg45+lweYYXMK1Gphm5RUJczlGUG9Y2b5kn1bSs15o8erg54TBVYV7RlOcLWnzN2avZxbV2lffrpojzGG9tUsfOa5XbGj7pEnBYjacqFwC3OD7jgZPFeh/ESWO58CfDuRFE0N042PIQrFUG7IOTknAI6gMMnPfxe803RxMlmtveFIwWxFvAIZWIDg8ZGRnPck+te1/EjQ3i+Gnw5mS0nIilVYLcTGNtjbkcAg5V8EKeuDjOOle1Nx56KcG0pxurrdxi2003ZdLvVO9zyFTlGjOLno0nq7O/u3StfZ3Wt00m7mFe6fay+GNP1G7h81DeOu7KnMSq3yAkfdUg53Ec8EZr034FT2UWl/FFS8cXm+EblrVlcNJxDghgN2NvQ5x2A4PHnsNpf3Wgadptt4ZmZbCa6862udQBSaJ1Jjk2/wMRyO54IyRXU/s9Wt7C3xL+x+HYHiPg/Wo9Va5u94sYosBTaL3lypI24xjkn5arFTi6cuSLgrRtezu04XSXM9G7pdbrcxo0U5waqRlLlV7S5WruK0SbWnW1mrNvRWPFfh34fgvIrxpb5Eubu4uowjjcEVmkJcBTwRjBbkc4HUV0Wk276fpOrWhKvHF9sEM28gOwIXcoK5wckDHT0HbC+Ht1d77+PS7CzVbN5XSe4fkCR5PMDLzkg7SGHII5GOa6qxn8UagDbWlhosiS/at7yRDYsjBjsJBAyMHbjPQ53YJranWSUbRa0tLV63SWzXa+y69dhPDq3vyipJ6e9pa630V03qnbdrS2p+ov/BFKSIfFHxw0kxkabRrwlCwO1reCUKx5AOVYgE4PGM5zXi/j1ra1+J3xURVhIt/iFrahW4GTMxYEHIzz6EEcnNe1/8ABFuw1W0+PHjNdaitIbW48P3ttbxWYUK0yq4mwnIXG5R1PocHr8x/tNW3xB8MfHr4safoQ8N3Olv8RdXkFpfzCG8G91kYO5B2nDKOPlO7nOcVwcK43D4bjTM1NSl7bAUXyxTlJWdP3rJPWzV9lo9rWenEWXVsbwtgvZVKcZU8SrOpNRTummlJtK610fl0dlkeM7LTL/RdHF/p2nyxyeINPDK9rA52mRg6l9oYgg8gnnkHOCTLdfDT4Y6pFI114Y0qNnZlL28JgkIIBGTGy/NgAnHPQYHNeM65448bQ2VkuveBoPsUes27pcaZqSzmeWEg4iiVVxuYDbzhmx35PRxfGPR0gP8AaWkeKdKJcAo+mNNCGycHcrHrgHdjBB64OT+1YXEZbVdV1FGMfcivaUpJ8zSvf3V37rfXY/IMfgs3oKlGjKUrKXM4VlJauFrWld+Se+y8tOH4LeC9M8VeHRol5rmiW89hqbzNYajICJTF+6ZBITtEZwWweh+YjNdJb6N8VvBl5a3fw9+NWvaVdWl7De2a3b5a2uUk3RXCPwqzKcfNtyemBxXCTfFDwrqOt6Mlv4hhhaHT7xn+2q9nLEZF2qPmUDcSDkZIzxgd92HUhfPFPbXdtfq2wtJHeIysu/K/xg42kZXH8wKivkOQ5tQxEMRQw2Ipzm4+zqckouLhFSi4TteN2170ZPpcw/tLO8C8O1OtRmqabcou179G4tWfbdL7j3zw9+2j/wAFCPDfjrxJq8Pj3wv451eGztNC1G61+QCS80xEDQRrOpAWRGZizBThjkHOQfzY/bq+KHj74s+LbDxT8W/D9l4a197WGyhk0bUv7TsLyKGbzZGaNQht3aQkkuSQrL1+8fsa1vni1zxGEgUs6WciFWGD90Ft6DB5649MA4HHwN+2QTNd+HPOYqGE0hCyEgg5I656NnkE8gjIxgfJ1OAeG8jwlXH5Xl2FwOIi1Bzw9OFNyi5JKLUYrZa8qSSu99z28v4hzLHY/D4fF1fbU2rRU7pR92Lba5rPVJK621vY8/0LQpdfvfA17okllfW8et6bYyQ29yjX5YPG7t9nZlOFBLKxPJGO5r9HfivdafZeIPgvBbSXPmWuoBLtp7d0CSxlYyGZQVJDLg4OfQ5xn8ddL1G50zxF4cjsllhH2qxuVlhkeJxKkijflCOeOo5wep5r9N9e1LxDJrnguG716eawYaJNbRTCMxW81xcwtIEZk3bmBKMxJLMxY4xz8lXhUUnGUr01GV7pXTadm2mlbordXbY+/vK8HCneScItxTWvuN26O2i0utFY/Yv9rLU7bV/gr8G7eymilWLxTo8csaA+eGbTIx/qyCTGecttAGc9jjzT4kS3Wm2nwfAiBtrbS9ZMUIXcI2HmCTI6r2yvXPPHGes/bznm0v4N/CDWfDmyw1S2t9On+0W8ax7riDSY8NKuCjuGAfscjIHIr5di+M1hdReANN8f3Ek+pW+nwyWOqRr5em+TqVsI5kvOiwyG5Y7nPDYwCDxXkUqblhaEoR5oqpNtpWdr2T13S1ulrfVdT0JTviJxm1CShGy21XLZtNvpay87vqzy3TJo7nwt4yvHdkmk8RDEYHzAG43EAD8RgEnjJwADXo+p2dlfeOPAKLEDGPDzNMCpcEm3K/MASSQSDjA+Y8sBurjH0G6tPBvjG/lSBrG48UqtvcWcqypKkk+6No2QtlSpGDg5GQc5NdHpUslv448KXLSSTJHpTworBiY1SMrnaSOC2c/Qke/fKMUnyNp2fvaX2jqr+W/bW29lnFwi1zLTdtWaeqd0n1k9NLW6po8XmtZrC01GxhIEUvjRg6OjKVxKdjDPTgLwcHPGMCugv5Wt9M8avIqFGaziDtjHy4DADucHp2ClsYru5bOyvrGUSRxM154yZtwwJUVJWABI5JyQfXA24Bxjj9a05YdB8cBWLKusQ2yscttUSKAMDhevyrkD0+Yg0au3M0trPSz96O7u+93slbXfQjyqaUXo2km1G0VezTTVmtL6/hdsrXFrH/bmjM7MgXwfM5eL5vlaDPBGSh7ZzwcA8GsV9JlhPgK4tpZoGe4uZvtkJKzqpdiDlWwdoJ6gkYbgAkHR1NNR0vWpbKZGdYvCKyLKyZeGJ7fcGVf4RuIyAehz1q5oF7Dex+B7W5XyQlvOyvIciR8EqVBX5T0yOcZI5rGXK2r6x3VtX8N2m7O+vza9Dbl5dYPlmk7rS696KtdWUr6tbW9Ubek+LdNkk07w94uae1sW8Qz3Vtr0KkidoVf5bpRkbi5UOxPc8NiusgtTJ4Vvr9Ss1qNfnS3kA3LNHc3UZjnL9NrouRu2nOVAHfhJ7J7uPw+ZbeG5jHia/gwUykobcQWPfkdeMYHORzzVhrOueHrDXrWa5kl8NQ+JbdrjSFDPNG8c5wbRwMqgHVBlSvXrzzVcKpxU6T5ZK9o2dnqr2093VvbrfubUsW+blrJpxa5ZpXf2Wldv7l0S8z6Fv4raXW/H/nwoWHhXTBGwfG1vJBB9CDj16Z3ADOOR1DQ5ZJPC6gNh/DeoSH7zYCpn16YDcYyp3cgYzv2OvaDrV/48v7SQQxTeGdOWKGeQJcK4hCkMjfe28g4B9cZOa050Rp/Bpy/7zwtqSqeRvBj2jGOxBBHTnOAeCPL9pUw84qXMpaKz0taC1d9bLo2lrfuevGFOrDo7u109vei9dNOjd+ln6+RDS5U0vw/FJbjyb3UbOJC52k/Z5X3bSQRgYIxk84AwASPtb4FfsMeN/wBpXVG8S+CPGehaDY+HNaWz1GXXGjPkMyoNlrAygyiM8sxIUDOeuK+aVheTR/CcSQANDdahcqWOMeQ0jbs5+XBwT2yDkgHI+mPgV/wUmT9huCXQNW+F/wDwsOPx9YJr8F/9qSz+wt50kTx7WRg4Zo8PwCQeDxz4PE8c2zDAyo5NHmxk5LlSs/dunUbTttHTVeT1R62WOlhFUq13BxhBKm6ik4qTSts1fW2t3o+m59FfG39irx/+y1HZ674p+I3hnxtY+Mo7CzsbHRbaK0mtZbSUSTTXBiO50iDIQxVlPIBzXjFr+ytqf7WHxvj+GmkeK/Dvh3VltTqcF1qse+GWOLT4PMWNQQTIeAnIG4kncTzV+If/AAUi/wCG3Dd2Wn/CUfDqPwB4f1DU1vYr03v2wz7FVdgGIiCpIOM5bjJGa+Vvit+1H8V/2V/i34N+JXwruNMg8TzeEbKUXOqWv2q2zeQoku6LOGkdAoBOT0OMHnzeH8vzenR+pY5uGPkpc12rpPllG7SW8b23+7U9GtioLAPFuULqMkpqm3S57rlbjduS1s7yXzR+kfxA/wCCSHxi+Dvwg8U/EHxL4/8ACGq6H4Cs7m/ltVhAvb+xgWR5IrSUBfKITAUnJbgZxg1/NN4xlFtqd3e2M95bWk+q3PkQQlgI97sUfcCCSMKCQVyQRtzur9XdP/4KwftqftJprfw68deLdIl8Iax4b1R9f0nTtLW0W8t7aFn8sEZ2jna5XquQM54/Jnxdf3F3d7YUmjie9usQrF8seJZAAvBGAF2k84J565P32R5dUwVarCrKcm1Brnnze8rq6krK22l763uz4vM8bWxWHp1Kk6E5wnJQdGm6ajG0FGMlN6tN62lbXvttXa3z/CpLt5riV5fEEgdm5Lr5ajdljjjk5z8vbpX3F/wTpguD8QPGEE8gK/8ACA3cq+ZGMgIshJBz1A9CQepPAA+Fbq4Mfwlt43kuhKniGUkIjYbCYwAARg5KnqDnpjivtf8A4Jz3Qk+IXjNmmuGK+A71VV1ICk+YMDpnHI45JxkEGurPYOWVY2MUoxs7Wd9eaN7q76Xe6a9dAyurL+0MFN3i+WN9dLtpt9bO/TXV7rVHm/7f145+KehFJZYx/ZFpOJIyVLgQRwsAQSCCQNxIYEd8Djw/SfE3ijQvCcetXAWSyiSXT9zw+bGPMDPFH5mAqMQVIAwQRnua9c/4KAyySfEnw08MUjZ8KxuCEPJjlCkKT0ZcdeR3zWAdFgP7Gg1GU6nHcX3jyIwSSwjyWRbTbLi4PO1X3LsGBjJxjp35VGlTynLXOlFyn7KnzOyak7W1fRtLW+vlc83NJVZ5vmXJUlyr37c1k3Gz+Htpa9kN/Zh+Nvw/+Gvx18I/EH4qeH08U+CdGu1vNa8LSW3nWupK0YWNmgLFZBFIQwRuOD0HA+qPG3jv9nX4l/HvT/Hviywj8KfAzxx4qa+1Hwt4dtjbXWhaFHH5Ze1gUgpJMcNIuM9xyMV+SttarNeyxCZzsMUYAwSFL4+YEfdx19eCOMivoL4j+C5zp3hfVV1jTrTTrewgtms5rsCeec2om3CEYIR1UoGweoGcnAjG5DhJ4360qtaliK+HdC9ObUYpatxinyxa76Wau9b34MNjqv1WpGSjNQnGTdldtWvFtXVkraXs0r3uz9ebPTf2M9O8TM37HOr6je+GxompyeJrXxDcNPfw3clwRAYEcAxKyModRkbmwOwr84v2x2uoPiT4GiS0nd5NMgMaopbJN1GVJHAYjIIHOQMZIJql+yLOlt4g8W3llDLbRSWmmWZWEAQEyX8KO3HUPk7jlc5OOK6/9vi6e38d+GDaXbWl3prWEELxRlmUyRCUBgoPy+YVwcH5s47V5mXYF4CriML9YnX5YSX1jEPmk/aLSLl2jvbrprfQ9zF4qOKyalUUVT5akPcpJpNKUU7a7JK261vrq7ev6Fo2pah4O01ZfEQst9pes9q8JXY0cZBj28jf13EE5OM56niPDfw+udYu9E0m11y0a81e7jhtpbiEogm+1oiRsxK5A/jKjoM9K+Nbb4n/ABBFsLBvF+oFbSW4UxtC7J8wOU3+WrAMOu49Ofeqdp8avHOkXXh+aHxFMs2m6lHLazCFVeB1mVgwJ28Ejec456Dsfj63BWduVeWHzDCpV5VHFclmnJppNpX05ktL/e0h0M/wcpUlLD1m4RiktUrxUE23o+ZaXvv5n6U+NdD8YfCmHW9C8VaZpmo2FvrM8b3KT+UJDLGGUw7iBsI5BPXrxjJ/O/4+XUV3qPhjU4Ifs1rcW0scMBl3eXtOGzycc4Izjd04x83p3xC+LXj/AOIEd2+reLBrYuPKvbqCQLjzVhIDIgYEMExkjPPPBIr431PxFJqMgt724kka0km8sybjHHzkxx5J2BeAe44yQK9Dh7g/H5U44jGYmjXm76UouN37rWr1u7a7K1t3qYZrmdDFSSpqUbqNnNpW5WpJLRNp66N/fsRak9rdaVqtqYo4xaRQXKyKcPIy53dACAQfmweuM4HX7n/ZIuLfwt8NrjVR4HbW5vEfiWOzsvF4lRX0eaIbZIoy33ldCSygZyB06H450H+yLnwv4ruLgWlxfT2Udvp26RRMJFIDBUzlhjJOMEZHA6n7F/Z88QfDS3+D2jeDrvU762+I0vjFtQt9OuL77PpkVovSRYslG3LvDE43HGMECvcqrEOeEpwpVZyjmOHU7Xj+65o3l7tnaK3fY5oypfvZc8Yt4OpZqz96ySWvVrRNapbPoe06jf2keheOYbYSJbq+oMrn5g0rld/YAjdkEjI7YGK+X7V1ku7eFdyg2MbksowcyZPy8fT2P1wfY9ev1/s7xZY297aPNeahLFHbx3KYCkfOqDcAVwAQQRn8jXjWm2199vEXlxgpZxqG+0IdpRjnPTDbTz7g4HFfvmEnSgqGqf7uL1tdaRbSW/Trb9D8jzODqSkk3Gzd7x+JXV7LVrXbr3LyW6C4u1I3H+04yWKkgHaDjOcgjgcjBBJ65NKNJtbiyv55PORjfBAYyV/ixkAMMcnOMEN74qWxt7rUNSvLKyDSzpqUZkAyFQbVJJYA5yc+/Qirv7yPTr1CNrR6iRId5zlWC7WIxj5gQnrwM8jHqw9nOcU4w5Za6J63t11XWPXTXTt5C54SajKXuOKWuzdnrdtWXVprfW2oreFYl1OIQXU+3+zmk8tlUjJU8kMfqOeSQTgtXjnjOAQeH4yqKJm1wK7ogVm+fgORg8AH15JI7V9DK+dQXAyRpoI+Y45U44zjOTjuTxnOAK8H8du0fh/50Py62GwDyf3qcEZDZGDgHOPbpXl53h8NCg3CmlPlSUktNHG3X8VbTVa3T9HL6lWdVJyUo3aWr/u2tpdJ39bdnv8Apt8AbWWb4Y6hcw3ESi0tI43V1DM0bQIdox3BHA4zxnnArf8AiBcpd3+jXxICnSokC5wTsQISowflyMZ9sjAzXIfs7mYfC/xGGzGWWyCLhslXij4GCcA9cgEkLnpxXpOo6A/iTwvpcsOY9Q0/TriVHdsLLEjuDGAeSw52jvyMdj+L4ypGGYv3tHNxl5XjTs0nqtdlr09D9YwSUsBTutXGLVr2Wz10vfW6W71a124jwWLca2ZZHCxvbXGQxCgZVlyT0BAwe3Iz1zX9Hn7JHjj4ZWP7KvhXRtYlvv7T824e2NiYsvLb3EkrSH5g5XaPvEDuoBr+ZrTJXgttV3ZjlSylVSCdyuGIwOcgg5yc/NwM9TX1f4K1LW7Dwh4fi0zVtStW+xhljt7iVVzKv7zaochCwYbuMHqc9oxXA2K43pxwmExdLC1cJP6051YSkpQtyOCUbPmk5KSb0Tvf3ro48ZxBhcioKeIpVasK0vZr2MlGUWnGX2r6NLfV/K5/Qn8Xvi/4Jtvg/putXVt4zmW98LeKdJiuLiYiydpba5gtllGSREzsqqCFODgDaML/ADwfDKHw3H8cfD+v67qNvYaYIJnmW7fy4oyoZjGX7SDOAAfvHBxkV3eo+L/HOr6HH4b1bxLrl1o8UhWGyuLmSS3hUsSQiEhfmLNkLwcnOea8Zk0WzfVoYHRGUfaEmZlLbnYswKEnIJU8AHvXq5H4MY7A5Pj8vx+Y0alXMJOnGrQU+WnBwjCKUalm5patLTpp0+Zqcc4H63RxGFwlVQoJzlCpOMZym5qV/de2qWq6P5/Y/wAbvFnwz1e/0uz8J6lpMgbS9SiuhBErvLJJC/kxO4+9I0mMPkHcQTx0/YT9lD48/B7wl8AvA2heJPFmg2XiG38JzQeSbyO3urS5i4WOfLZRj0OcE9Qc1/N3B4ds1ZpC6h4CfK4Odm7CkjLMDtPyljgnjcxFbaW5lldElYBIljyJJFI3DquGAyQpPPXPIycDFfR8wtTAUcFUziuo0qkqjmqVKblzL3lZt8q1Vkm27a+c4zxLdaUv9kiuZRt+9fPHlknvvZNK3Xq0fZvxS+Lvg3xJ4y8XaRquuz3mg6nN4hvI7lLkC3i1HZOlnHbnIaRpcqd452kZxuJbl/2aPj/a/CL4b+P/AAZpWtXmm33ie6txLbTRJKj2DwvDMY5GJMZeN2VQ2RzlSCMj4y1/w/pt3qGkLIxgjL3LXNxJO0aBYULyOzbsAYUklgcgY9KdZWvhO+trm50S507WAirAbizvvNdZwMBHKtlHXGcnAwAeAadTwKyOjQllTx1aSq/V5y5lCM5ew5ZJqy3k9HfZLR9Teh4iY+VNYlYKHJTvG6cnG75Vadk/e7LTdJa7fqf+yv8AHvRNL+KVnqXijxFp+geEJruLQdSjuDEktzp1tCzK+SpCrLJtkmypBOOWNbnj/wCLPw7sv2gLfxH4ZvbjUPCsWtXeswzwTxrbQpEsil7ZSAJA+7cyooJxyua/JeGzstKttLc2ElzcT65BDdATu2IGO2QqScKdpxuPTpgkArxFx8XrfU/ihB4VtdD1GwsNP12bSVvJrphA1uUZtijoS7YycjcOcdBXiYzwLyxYxzp4/EKNXDxoun7KLjTbgoRalHXbVxaeui3178Jx7iq1H2lTCQ57tyvUk3ypqfLyvSLvGydm3byP1e+Lvx68D69rOpHwBqE9/p+p6PLJqKandKuL65mR7iGzSQbnJK7V2lcck53c7H7Kfxi8OeBviJ4r1prZ/DOk3WjWB1GEXkf2u7a1RvOSKLncs2C7BScdDk8V+bVtaWxv9QnkSHzBdfutxO6NRjCqVYKAOcELzjOQMA6luZY5p1S2WQzKd0okcNhfvKGLZAbn5c9ep611Ufo9Ung54OGb2pYqMVzulzTpSc6cm97KXu2TWy3T2OTEeKtNu0sDV5oNQtTqR5JW5Vq3HmSbelr26rt+jn7SH7Qnw78a/FfwR4j8Ga7DPbWHhvxBZ+IX1He32OPUdsYghjCNul2k4Qeo5AArrPA/7Uvw7+FaeDrDwze6fNosPh3UNP8AFDRJM90ftEUm0C3WPccySfdDNx1yCQfy3mvbvTda0g6fbIFbT79pYiEcEgptJ3KSSAT95icj5hxky2WseIornULxZZbcSQur/wCjwuu1gRgMYwAMYxgHlc8dur/iX3L/AGeHwlbNK844SKpqVJKD3c+eStrZz0vp57kw8R60qcZ08HCCqWly1JSbV3G6VklqopX3Ta16nw78b/M1f4q+M9YRVhh8U6/qmo6fvieJJLSadmgZVJBwqHk5J7AYBFcxpWna5ZrFCusWtik9sFiBi3ZJ5y3PB4BIwN2Mc9/T/jjrtxaeKtGe9T7eYtMKwu4SPyfNYjcWRVUBc88cgEkV5vfGaHRIdVtta06a70m9DXFmtyplMd0SLYJGV/eRA7gzAnHGR0r7bH4Clk1OjgZVpVYUaVPDQqSjytqEIKLdouzdul1dcu58rHE1cXOeIjCMalScqk4t6RjKV3utdHuulnbc6O3sNaH2WKbxtbxJFIWfZa9fm5BUAMQeh3ZODkYIBNqbw14hjvGu7HxbZRRzb97y2LmKUAfIeXAOW9SBg5A4ru/hN4M0Hx34v8GWPjr4iaJ4K8L32rWNp441OZ4WbRLfUXCwTRoMtIOhdh90kEjkiv2P1L/gm1+yrp/h3SdY1T9rKzuNP/4Sy0s2W3v7aOKfRr0boNzK+62M6ZXz2QhDyQO/5znPHOT5HV+rV6ONrVFTVS9DC1q0ZKMox5YzUVeba+FPZp7NHr4fLcZiOSpGdKEZyjFXnTT1cXeT+yrJpt22dux+Bw0PxULpBJ4x0yX7dcIrxmzbaFV8FlG/pjG3PvwMAN0lx4M8QSpcxP4xtTbyBfKRLXIBUYIGdzA7eAufvZwDXsv7RXgv4beA/jdrXgP4D+LYvHHhyxlgtNL1u8ulcRawZQr2aPyJI0Jy0+QrKcnGWNU/EPgT4sfDa6gg+IL+HNOt/EcdsNLiguoLg7Z1ikuL2J4wxE0ULBlhJ5IwTk5Ho0eI8JVweCxEKVWLx2H9vh6NelUpV5Q5Yz9+m4OUZcurjK2tkc+Iw2LhOdNTi3RqKlOUbVKbbcIP3tndu6a0fkee2nhTxhcWVvav8Rnht7S3LxxPCTHGoyQVBVdoyeWyBkcEjpRj8H+Lp5Lh/wDhYSSxYSMT+U2GdyVRQyKcyMQDsCkgn8a/VC48I/sXWmlfBe6svifqetSajLYQfFaFXWADTcRG8wmzdasknmRnG4vGoJPJrvfE3/Dvrw58TPEcfhTxvfL4Lm8JiPw4yFJrPRfFcQ3x3xRkJuWRcYXlTJkHHG35SPHeIq1acaXD2cNVKeInGTwFVKM6FZUuSd4uzqu86b1vDXTRL045U4wSrY+hKUJU02pxXMqnK7xXMk1FNqb0UZJKyW/4j+MPCWr+G9STTtd1m21+W5083MLwM7Nb+acJGyyKGSYE8qwyR2J6TeCdNmivog43rJYTBEK7UiMfKllz8zZCgngk89cV3vxe8Q+G/FvxP1rUNE15fEWl7oILPWHsxYPfvbbYi5tQAsYAUruAwwAOM4AzPDaCDxGsU7IIBa3TKqgsDuhLDBAxkNkkE5PJ96+3q1auJyb6zVhKlUq4eM5UuRwdNyUZOMk7NSV7NNb3jtc+h4cUKWa4OmpKcVWjCM278y0u1qk77X2Wtr7L2f4c3GsaF478Da1pN7PYalaeNPC8llqMJaOVSdQtlZEYYwGXhuOQCCGHX+8/w/LNdaBoF1dOHurzQNIuriQ9ZLi4sonlkJLfeZmJ9SxJ6gkfwn/DZH1Hxh4NmlUSxxeI/DbJCEOEMWpW6h2xyTgHn2PSv7r/AA2+fDvhvgEjw7o3XI6WMQx0DZXAIwOoz61+b5pUmq0IbR5ebbq1G6b00v6d972+74iUZVcLJbONTW2r96Nrvtut9brvptBcLgAHGcdBnHXnoD1znAAHYGo3GACowcg44YgZJJGcAA8g5GAwHJOAZQWOCRj5myT2O4Y4ww3bSCRxnpwerDj1HPBORyOBjpjOM+hPHXFeQpNvdu6uvvW2i62en5Wv8yujs3qtLNXWn81t79bL70Vwp69Bn5t2ODuJB6dQfu4yORnpmpMkcuM9juYZy2ADjH3jjt05OSDwmASWBOckKeCccZPbOTnr0OMHIOG54xyT3IwcYB4J5Ock/MTwD1IyDWjt5Lq7X2uk22lu+nW1ropuTWzsldrS+nK7dr3vbRaqW2w8hieBwwA4Xv6DHQg/eI5x+NP2vyANwPIx0xk5BGenJ479unMYc4xgHqwz0wQOMgHA+Y4IxkjoeTTlkdSQc8g4OeA2dpPQ4x2GfX0IpRunZPV26LRP5bK2t+twWi7ar57Ppt1fftfUkBxjIwMDPY7eoOMHC+mc4wDk54TftO4gnIyB/d5yQB6ZHBHOM8HPEbMTg84B4DYyT3BIHToAv8JHGc0ZzyRkHgZPPzc89sj3Bzk4z2trZ3s1a91a709L/fb01BNdVZrdvqly2tbvo+91rox+4ZPUjvggYJ7Y5BGBgnIJA9DUgwTgjHBO3GOMYGDzkDHzZ9eCDkVXyTwTwB0yOxJB6duPX0HQUofHOQccHHUjGCPYjHHXnv3q25K7TitUttEtFba1tNNU0lpfW0pQto7bbtvTTReX/brtrstXYxkZJ4z2GeMZ9lIAGT83OSTxQGCHBI6ZxgYBBOOc85OOpAHflqhVgoJ4Ocggggf3snJIz0yD/XFSbu+eqkFiOhwVIPTOR0x3OSOTVxk9NbrRJKO9rc2ytZK+mz0syG2tElf0vZe7tpp1v9ytsHJOSc/LjrgYPUAZILAnGTnjJAwMg+6pBwQSeehG7g/hnlsYyc9OMxyOC2ejMBz+ONpx14xhv0xyWNMQMEADGSeOeepB6YXjn0IJ4zRaTtKLta99NNVH3Vd62t5dLWBN6pp2Vr73v5LVddk+7W9iZwAOSevB65OBnHtntnpj2qHK5BYk7cDPI7Z5xnbkdMjuOhPLTKMDLAgk4I/4CTnJxxgHaPmHB64FRs6gqcggnjg/zA5/XB4xknNQclq5qOqvq2nqtOumv379LOKtZddNHstl2b6NW2b+dpiW4GSTyQTkY4PqADg8jHDE4525pu8gY2k85JIwfZj15I4PbjPHOITKFBwucE4GTkD5QRjbxgHk+/TmnFwSB2A5OcH73y8gk8EnB5PTB+XI1VWnLRt66aba8t3qtbb6bd0lpSV+W9/W2+zd1+O2m2q2XLZGAMYOSMA54yBkY6AgDA3EtjHOVUjphh0wM9hwF/POO2ep9YwxXgEkDqH6+uWJ7/QDJ5POcBkHp8xOzk8DGOV75wcgdsdRwGpVYdJK2nm38Kd7dVrrqu9txt32TS9NdlvutP63ZaQMMlgoJGcHIVe3BPJ79c5xgYPNTKw4AICYx6cDPbrj1OeeTjtVQTZGGAAPGM9AOhx645bjseemXmQDapCnOACOOucHJBAOex6tlRz1tVacXdzWq6fJ3S2S1Wu3qldYyTaSev53TS72vr9/bpfRyiHC7uM544Bzzk+megzz78F8YP3nwSDkfMeMgZyeSc9SCT0IyD1z1lLNg7QobAO7I46jpnnvg9RwBVlZhtOwD6kZJOT0J67Tkc9z2xz10q0aiumlyqNtW29I9V0b2Ts7J9mc9aLjeyervfpe0Y72v2fTbXXbQ3BSFJBJAJJOeDnj9Dt6Z44ycmJnHY7eTuydzdflJAHXr+fsTVOSbBBADNtBY56tx94dyMcheeTiqxkZzuZwoyT1yRjPf5RnheRnoCQCebdenCSUt9NLNtdHs7LW++zWyMFTlOzemtrN3aTdt9et3q7btdbaR2sGGVzld2eoJBxgEA8clsk9TkfeFVJRGcDI2glfYAYBI5yOgzjqRkkfeqsWG5iJCcEnrjLcjt7EkcHJxkAHJpyuQMk42ghOTxn3IPtnJxjjknNctTG0bNOL1VrK2uiXRvS63/PY6aVJ9N09F35eVtOzs1e7v6PRE0jRk7dwB3EEEE8Adc49sdsc9CciMmMryw+XAXbgk4J5xk4PJxgYY989cxp8BspuPrg5yDyMdSemSMEHkc7sUJ7/AAM4BY7jgDIHOOcY6AcsSBk59h4lfG04Jvbpa1/5brrfsn2WvVL06OFr1mowSbstUml0vqlrb1un0WqW08sanJcMzAMoPY9fTnJ6nA6d8DFdriJidsn3cEruA3EjIA4JIwue/Ruo+WuUm1Ri+GXOWx8ueg5IBxx15Hv06VCdRO9cBTyWOQAMjAC5we5OT3AJ5wa8yWc072TTs1vLTRxVkraX10uvzPWpZNiHG7VnZ210s7Ky01aeqsl3s9b9YXjOfm4zuGcgfVmHOOMDJA9zuILXkQqcMFwQzDbz1PZR2yOgGSeB1rmBq20lSpIHA6jJ6kLnAYcdOB0HA6wya4q5wQCchlCA9M4CnkDvnjAyTjBFTPOKN3or322+zG2urW7f3erunk9Vy+F35lr3Wnku3Y6N2KtvDLwV2r0IJIGB2zgdT9TzgBjT/MV7kDsQD1yFBBLdgSBz36iuTfWSeEY4PJxjcRxwT9QcnqQ3XpTF1QnGDkK24jJ6E85OMc9xn3HJGMo5rFtcril2eqT0sm97a6d+9jpWU1E1zJuySS6W083r56N97JnXCcdvm69M4VCcHPGO5wepwccDizEyEMcjcuQ3IJOfbBABBIBIzgEcciuSi1VWJ2kgYU4yAABzjnG7kHknOSW/2a07fUEdiRuA42jtjsCCcjI4IwfQ811UMw5pK81a2qv0stdk0rv9DlxGX1KcEuWV7abrVtXtbVbvurq/VHH/AB4O74G/FtdowfAeuDBOAB9imUn0GM4weMDk1/Nb+wR8ZX+CXgPxpoVqLU6P48+Pnl6teXVwlvJb28elRborVuXeWXLKqhTwRjPNf0eftByvN8AfjJs3bj4B15o8ZDAiykYnOQevBBxnBGM1/LB/wS88I+FPi/8AH34mtq32rU9A+ENrc+JbPwvehprDU/FN/EbOGeaIt5bS2zBZoyVPIGBwcZZvWhLDYicnNUY4JVJzpJuaiqjsoqy1m2kpNWtfToejkcYUqSjUSm3jYqEJNpTkqUfn7q952s9tU9T80v219W0XxF+0L8T9S8Earp/2C98U3aW1mwWQQS4ZbgyPtDeaZN4OcKW9eAPlfw549+M/w4S/h8Ja1PpMGoKY7uSyt1SG4VMlmUtkbgi5HfBIGSRn0j45x2ejfGr4r2941gmp3Xj/AMRO1mJFQ2W+/uWjVCDgAAkYGOR6V5Z4X1FtR1OPSr+6so7eC6UFbu43RSmRiqpu42qNwJIOOQOhAr9cynBYGeTYD22DjXprCYaparQ9pzWp03zO8eVO7T6Nb26nxOY5jmMM0xP1fG1MLJ1qsFKjWlD7VnFyunaSVnZnhOqeMb3UtWuLvUp5bmcX0tzePKwRri6eZnkkYbRhmbJIyOuBxX9AXwtuotQ8AfCa92hzJpFviRTjaTCoxkKTkfxcH5hg8k1+BPjHwlJpPivVoorjSrqF9TYotrMHUGZj0K4BC79oPU8la/ob+F2g22m/CX4RvsUNHpFqZcHjfLCrAJ1JI3fxYyMkeleP4jVKKwWTqlGMOau+WEU07OjGySdtFa1nqrtp6WO3w+hWljM49pOcnCnTvKTb972sbttt6by2V1ez1PUvFVtBcaEYpXWKAX+kz3c7sAIYIbmN2YtjqQuAPvHJHzdK/KD/AIKkavFdXXw11TRbdxpgbULa0muBiS4ngcK0qoT9wsCUYjLA+h5/UP4jXTJodtp8bnEur6PJfbVGWhW5hYwNjqGAIKkjIZj0IFfmT/wUm0q513VvhfpdrEBPeX+otYWedkNuN21VdguIxg5OcDJrzeAJKGPwqlKylKrNJ6ctoJqTd+uretm3qur9PjGEquExHIruMaUb7q85Rst0ra63TvvpoflPpt9qusaNLZ3eoX00pJmSK3YqkSq3J2ooBwOAc9RkYAr9dP2R/wDgnbqPxB8It8Z7nXES00u1iv08NzxSOdQiFu07S31yXVZAxQoLc7Rk9SRz+a+leFbjwKJ5fEt3YafDcxzwOyFJ3G1skRMj5JJwNxxxyOxr7q8K/tzfGCw+FU/wq+GLyvazadBphudK05hcfYljaAzPcIw8pkBKhzknOc7uT+r5xUxGLpxWCsoppVazdkopq9pOzau2rpPTZ22/MaeGjhYN4irFTUU4RulaSs4pu71tK1k+iSep+gv7GXjf4H+F/jHb6T40sPDPhaRoNYivdW1WwtxYRR2cxUWUE04cRlwv3jkg8jPb9PPi3+3b+yJ4X8DahoXhrUrPxFqM9tdW76bpMMLaeGSB0iZJYfKVEVgBuyeMEgYr+Wz4Tfs5/Hr41fE/TfBslzZWuseJ7S5vbG717U/Jtba1jcNNNM3GJJCTuGRuY8HGc/pJov8AwSRs7CKFvjP+0TY6JajzJRpnh1PNR9p+aKO5jcMGzuG9icnHTmvlcZlmGqYylXq4mSdOKUYQel1yt30erfS/Nfqkb0MRbC1IqMGpX95tXXMl2u7vtbXra5z/AMPP22vhl4C8Y+MPFXiryrMa94M1bRtN0uwhS5uC8iulsLmQHI3K2HyuRn5iMDHR+A/+CvPjbR/Bml/D/wCDvwhu9TfSLCS1WZbW9vjdEzMVeOGGEgOzONy7ydowOp2/RMX7IX/BO74HeHNA8TNHqHxD1XS7k2+q3fiO6lvrUreRSRJJ9kPJYzujxrnIz83K/L7P+yj8a/gf8GvHV34C0b4baZfRxWct3ptza+GraRm1C/mWRI5ZpYpWWONCqoGJ2jG3p82VR061Wo1h51IwjFJytaXLyrRLWS11e97mNGdKjBLn5m/faTbettrPonfTbW9+vwFP+0b/AMFWfj3fJZ+EPhb480PSLxiIxp2kT6NGEckIBNKCQCCPmADFcgYOSPlj4+/sQ/8ABQLxHq3gLxB8bbe80rSPFvi/TvCmnNrfiGWWeyutQlC75oNw2hgWLfdLH72AAK/rj8T/ABx+KV9sHhPwha6HZlITCXtYYpUBjGAkkKIsYYFeinAHfoPzh/bO8Q/EvWZP2fLfxzrzLb6l8XtKMVtZMUWFklLK00gJ814wxA6YOKzw2JrYeo4vDUadJxbuornWid3Z6baXbbV+1wrY2jW5VTc+dNPVreKjpZLSzW7autFy6n5fftU/8EZvC/7Pn7KvxA+NPiz4uX3iXxToGnWk+k+HNNthZaeL0ojvDLIZHecBmwXYgHr0r+fi38J6VBp0VxNbtcPcrDKYVnYFXkXeykEg8AEtkk4xzk5P9uf/AAU50XTo/wBgz4t3f9pXt7dRWVr5ElzK5h37YwSMnaO64wemSR96v4qtS/s+z0uza41KKGWSztZFcjeNyoCVG052nA3DjcueRkV9PwjiKuMwuOnP3nTrcsdVGySjouVRSvur7afLhzerKUqDkkuaNk5NNJXTet3q29n5HFaxHo1nYXzW2mOk7J/oo8+QklQckA8sgbOWDEcAHOMV4rZX5Eu2e2mcSl3JSR2IlJJUbickegAGOAOCQv1n8QPit4c8ceEvDHh+Hwjoejan4a02e0fXdOjCS6qpBAkuVUBpJW6kvu5JIwTXz9pmmh5Y0WKIh541ckDBJk4xzkHB/PI55z9pl+HqYik51aTpyUno5Xk4pxtdJW12vfR/h4GKqezceScZxtdtRtZ6PlcUvNpr4VZtMt6/4fni0qxlMLhb2GJxIskjSjOTgKCAV5xnqCArN1z6D8E/hNP4w8SyafeQavLG8O2FbJmS4I6ucHOI1UBhgc7enU10/jfTfsdr4dIVEZ0tolUKSOMF1ySOCvLHH8POK9I+FfiPXND8UTahoFzbWd/p1uqBDam4MyOi8YBGMHGW/BuvHpYvBRo4KrOjJqryNQXM9JcsWm+js18LV7de/l0c15cRH2nKoc15TdrWTja6s1ezas0n3s9/Vdf/AGJY0ttS1Pw3P4jaXSNKN/JFql20UDsseWRDhgxzlVQcnrj1+DpvDxtbm8jvJJ5JoJ5YWtTNJvhdCwbIwCeBnp03YwDmv10svFvxq1bSpLi28SadYwXFsyXZfSmfCSq2IwGcgkZygwMA+2D+YPxC0DWtH8Ra2t9dCa+kvpZppAgha4MrljIsQ3Da5Pb7qn16/P5DKuq9eGKqqpJWmoRafKktYvV3uktJdr+vfmOKp1aUJ0VFXu20rxkrRad7rol5aLbW3HW2jeXZSMscm7zFP+tJKhhuBxwS23BycAA56Hh0tsAIkTzMlQHJJIUg45PXORjuxPAwcVu6S8hspA6SFxsVmZtuRtA+Ugfdzxjn5uvBOdeTT4liDlkLsAyhXUENu3EcY5GBnJyeD0KgfdUqdKVNcqhsr3cb2tF6bW2utHbdWTbPm8TXxTXLHna2ulfT3b/Clfe+l9b2OUjiiiO5yWVEfn5lAwO4zzyMZxxnHJBFVrB7WSRoRBkmVn8zcRuHVd3zHn24xuI+Yc10M1mJYXI2o7Eoqsc9wXOOAPlznPB9DkGsKyt7qKWYLCDtlY+aPlAVSSduO3C9ieoIP3aFSoX+GD5rLu3qm9NbeV3vo7p2XLQrYmNObnz8urV4tttONk+zvtd7/jubrBPKjNtjAAJLnj5lC4PYDA5zj65rL1KeOK3mjgDRh1Ynax2hcjByRwRgA4AA42++qsDsPMlRMhRtyfU8EDb06gY5x0GSuXXVoGhZvJQNIjL8wHK+3HTPAOAMHOMjFa1sPhYwk9FZaaO9vd2s2uzfTS3dm+ElWnONpy96ScbpXV3F62Svr5JK7XVGPaW1vPpyvLHNI6YUFSWXbg8MeMknsfu+uATXmHjbUI/DtrM9tGnnTglYpIssqg85JyAR9QeOtfYfw70nw/NoSrrFnMQvmMxVGLuRnBTjkAjnA9QSc4rzj4l+GNI1FUgh0YyQNvEZC7Lt4y4C5DDdtwFHpg5OK+dzDGYelShGlVTb0SjupNxvtrdqyvfX/wAmPocuyzGzryqVLqnG0tunupP3U9O2mtnurnyn8N9Yv9V8X2EE0Mckk82+MABRGFXgYz0HBAxkgfUj6K1xbi2u0lWQGUSzK6InTBK+5HQEnGMHHORXIeHPh+dD8TabqenaVfWqxnc6FGeQIvLtuP3FCg4LAH8Rz3Wou9zrbIsLvbySb8SjaxwME8DPU8YyABjg816mRwjWw0p+0u+flSb5t3Fp2tff4m++nc4s6dfDYinThUteN+Vro7W2V9GnrbZrTSxXhHiS4gAjtUKOgZXKgZUAnIyF4B74GRknjOZrDT9VvEuI7lY44fkhZ+6ySMEG0DOQSeBnPUnJHPfTWVxa6Xp926SQW0iEcMACg4AU7SedwyckH6DlLISzQ3iacxMqGO4ijMfmvLKp3RxopOThh06nua6cfRUaU4XUrJpJWbbdrLSKfvX1tq/Pr5mAxUnXim+a/Nd8107KKV+93dXt6an0x/wiV5onw20rSLvX5UhXTTdnTY08sl5cMDwPmU8kk4ByAeoFfMHiy9e00W8j89QizLArSkOxUcAbRny+Sep24POea+h9FufFfiOw0+88danLp0FpprxGwjg+zTPbINqKWP8AEUPYHg9AQtWvDMPg+Dwl8RtKuPA8Wvy6pYztpOrXimS40yddxilhYkgMvJzwW4yeBXw6wNXC1YVnCfLObcb3TSbSTd3ppbRK99n0PtFjcPWoVKcZxco0+Vu7SVlHR6aaKza662Vz5H8JRQztes87lWsg0jR/MVY5+XIC4PYZDZwO5NemR/DoCC0mtbnUriW8tjIUt7bJG75lAyoBxnBOSTtJA7DyPQo9c0S21YtGttNEpVpGjGAobciqrEZKg5Hfn+6Sa7Wy8R/Ee4sUEfim8tkSHFjFHEivtAB2IwXIJxgDPGTx3H2FelHFYehCEXBqEZNtSWr5W7Xltty2Wr7nzkcRDC+0qOolHm1V5JXSjfrvo1aztd6FS68Fa7DfyRNp+tiOSUwC5kgCIjBSSuDgbiGxwwIGOoAxvfDjwLp2sX2vTazd3Fp/ZoRDbzSLFJP+8Kb4S7Afu+pAwM4ORyDliz+I2sWDJd+JNSMck/Q7s7j8pdmUqQeOqsxbnPJFeb+JtE8ReF74WmpaldSSyxCSN4riRSyOcl5SrDcUyGXcTwQD0q6WX8lD303t7zbspSstE7p63ad7pu25zU8xp1pTtUjJS95bpxty6avV9pabpWufpmv7MPhq6g0fWbBrqfR7rTI7i4ml1GCKYvt+ZUXzCV2kk8ckc8DIrxv4yfDbw94P8M63dWUMyCO2ia2upLlJWJz0CKxJA9cKc46cCviFvE/jIWcEKeK/EAto1aOKKO+uljRUOCABLjYAuSNucHgZNaGjN4k8TazpGjahr2rajBqN9bWZtpbl5Y2jkkAY7Wc8AHHYAZPfFevQw7nShCEIpx0lO7UpXSV31Ub7X5t3t0+cr1IRxVWTxElG6nyuUko6RTtrazb69LrufUn7KjSRah4mmWMkyJZOXwN2No+bptz0Bwe5OAARX3xb3/2Z9weRnlQKoKjlmHOcgk84I7DPGD18i+FXwb0TRvFnifRrG6vbKCy03SpdsTAFpJVjMpJGAPmJ6Yx24y1fRh+GVmFDf23qi4JK7jyB1IzkEjvxxgeoIr7zJcPOhg1CVNSabs7Wd243a26aLX7z5fNp06+LdRYrlfLBK9/5YrmSXfdeb10OPu7gyywJ9nkLB1LuVznBXhuOeR3A64HYDx7w9Gx8e/ENTGys32VtyoF2lkUAYwMHOdoHXkjGOfpiP4cW7lZH1rVsYG1gR823jI45OBgliemT/dryzQPBFlL8S/Htl9v1FEt7ewk8zzP3krlEJZyADnrzyTnniqxFNyq4d8lrzt00VlZdbvpqt9elzOgk8NieXEXfIntZ/FB7adfu06XtmraGKBo5PNOQwORjlgWHQc9TnHT0OK6Hwh8ONV1/RdQvNIs72aXT/Nu7mWOHdFDHCGaVXcsNpCAsT0OG98d43w902SQoNS1HzIyHKO+clULfw4GCQFzwPrtzXsPwx8ST+CvDniCw02WxaLxBa3tk8d/bLLJG8gZGdHDfIzKTjAxyRgKMVji4SpL3KfNpZJ6N6K7SvZtLTS73HgIQqJe0nzKMrR0kryVrPrq3bbVdlc/LX4d6bc3vxj8YWEcHnS7X2tuO3944yQB0KnqQeDzwSVr7IsfDN/ZWy262AknQgbYiWdy4wT0JOeTuA64werHyjwBpPh+x+PHiKKSWW3tY7dZL9rND54kaUNM0ZJyVcksDyOc9OD+hMMPwWht7q5v9c8V2DtDF/ZsywFyZ2CkFzuwFyMgkDODtPO6vnMPXdGhiJQpylKFWo/c1ltzPfTRrfbdbn0GYYelXqYZc6g3CnBuSd5RaTe9108lfta75X4U/so/tB/F/QdS1H4XfDTWvFdhp11FBNe2VuXtort2GbZm24Ey/wkZAY/SvE/iD/wAE4P20vi78TfEKeFPhP4iN14XsbHR9bjdvKXT9R2AJBI7H5tw+YKoGOV54r98P2WP+ChPwa/Z9+Eek+CNATxPBd2uti88R6rKVRNYeWUEyABSwYJuUE5OScAivoH4V/t9+D9Itv2hvibpOlaasGpa3BrUL+JNejgN7aWtsxDWkLFWlnYkK8YBJZuCK/knjfxH8Xli8xwuV8NtYXD4qVPA1KlKpKNWnGbjCq3GUVPmVnyq1rpX2P2TIeE+DcNhqVWvjKVWtUw9JSUa8YtVJyhzQmuXRJuV1dvy1P5oY/wDghX/wUJvdOj1FfAdol0FVpILzXYIPKB5LujkEFRgsCSO54Iz+Tnxv+EHxD+EXxD8R/C/xeY28YeHZprHWILC6hvbS3lU7WiEyMYy6HgkHGRkkV/Sj+0R/wXP+K/xAm13wd4S8Haf4V06+SW2m1PRrqeTVFt2EkbSQyJJlHKDKnAIOBjGMfzp/ES9vvEfinV/Gc02sNe6nqMlxf3epvJc6heySSb5JZpHLtIzEtnOD8oyQRxzcBcR+JuPr1q3GODoYHDxpx9jCleNSdXmi3OUU5ckeVfC5N29LL0Mxybh3CYenHA1aVatOelOnOU406furVyjHmls9Fyq1kz5km8PeJ/DcSXTyo8Al3MqS8FmOVSUADjIIOOm5cKCSG6mLXNUa2M/kw+acKx3b15AyVQkggjOSOmcnoAfQtXt4Ljw3fyzSyqzTKwSVWWVey4VsHBJK84HJGO9clBbRHTElggZWfMaiQEK4QYLqSuTuz1zggng5OP2rLs/TpKnKrBtytZSUm7cqut9VvbdO1+58bmeW1HByhTkowSd91ZKKXS3ldrS2upiSa9cvbYSCBWQjDkAksRyQR1wd3AHGCBk9eYfxXqd9fWVsyxtDJL5MpEQBK9CoJUgqcdPU55JzWpdR+WsiPGqCLOWx3Y4xgYwchgMkAkEjHJrnLXTfJ1fS872D3QcKgJO1jjDdup5Prx3GPocLmHO4QlK+sdOa103F37XvfS2t9+r+XhRnBVXGMm1Fu60tJctnvo077q++nU9Fk8iEgrZWsiK4BYooIPAxzjBGQSGwcDOCMGvK/inbeUmjeVFBb/aS3m+WAu7IJAJGM44yQcA4FeyzxQxgoyqAZQwJ5JBxx9D1HzY4bpjjzD4sWP2mLRkBZGMkg3LztXBAJxyFHXow4+XJzj1K6XsW0oyTcdFp8Vr+9fbVvbS6vojgwVas8Qqc78qs7O+rbivkuyt+p5toulie3ZpIhJJuZ0kUlQAjEgjJbjO0Ej7wzjA6e6fDL4YXfimya9Es6gTPGilTIu1eWJ24GAd2f6LknzLT9PTToBFHI0rMmVKklR5gU4J7DOeuRuzzjNfZ37MnjHQtG0d7PVLuzilS9lV47mVIzhiMOAxXAT5ckk4XI618lxVWxOBwEK+EpudWLjeKTbcbxbSceyd3bV2vtt9nkFHDVq0oVZWTbu22kndbbW/L1szkY/2fNSJMond1DH5BDLgBhhhg8EgcEdTjvyDy+ufBK8sbPULkQCVLSIzOphkiJK5IyzDlR+Leijv+y/hGPwzq2nwXdpHpNzbT7AsyXNuUdyoY4OevKkD5TycVl/Ebwf4duvB/iaMwWcc32KQKLe5tmYFifmLK+VyTjgDjvnp+RQ43x31uFCrhKtOXPGNS8Ze7rC9rpq2uu+u93v8AcSyLCwoc6an7r5XzO7lypq10009NLqydtOn4u6b4D06e1hu7i0hMhRNyeYOCzAAjHQ8AE8gY5IzXRr8NtHn2E2ttGjsOG5Yj7wAIAOR2BP8AMV+iPg39mDR/EFnpzw6xoVkZbWN3+26nbRuzEBmyrOGGOSUIwTgHk8+8aP8Ash+Hp54Y5fFXgW3hhZVdrjXrWN2JxlgS2MEEg5zyTnjp7WY+IWXZdCcsS6ijTinKXspNXS115evva330XQ+WXDeNxVdqjSlJTasou/8ALayvpbr0Wu/T8oLX4T6BKUQWUchSJmBZ+CVG7PC4x6AZOAD1rS8MfCXw/qNk91cWkSvHdyxLiUZwj4A4HG0cYxyRwcV+zep/sgfDrT9Lv7q8+L3wz02W00q8uYbUaxA89y8UTsttGU+9K2CIyTgnG08nPz7+zH4F+CGsaJ4ob4g/EHwr4VlsNfuLW1h1S62y3FssrItxAcZCyHnjoDwQDmvl5eL2W4nBYjE4H2lSGEnCM1Gk+ZqbjrFNLZp3d7K+i1V/qMv4BxvLUVeg4KcVZyvq42fu2V11WrWrT3Z8ESfBTwuSSyNuU/KBMRnPKrnbkDA+YjnGcnpWHf8Awj0SBmAtiyrG+x3nXYCFOMYxn34G3+X7Uar8Mf2Q4w6Q/G/wMWBQnZcZIbBBUZyev+yQDyAMEV574n8B/sdw6XeY+L3hiO9W0uVilXUFaM3BibyVWLIJySFUZ6E7eeCsu8VJY2pSWHy/GzVSSTn9Xny3bVnzP3bK34W665YzgtYWDnUdNO92nOOqXK9L6vTa/Sy6H4uaB8Pby+W8+xeTEIbp41kbcxA3YwWxjGM7Tnqf73NdSPht4k09RLFqkLliFESRsWHHJxtJIB5I5Pc4LZr274V+IfAXhzXdc07xH4t0GLQF1a5ksb5irrdW8bsIWPBwroA23nqcAr97660/4rfsjx2hk1TxRaG9QqYpLS3WWAFBkEqVwTtU9+hXrgZ+vxfE2c0PZrC4DEYnmgpx9nCTd3yt8yWqSbfW35HiUMjymq5SxOIhQcX9t72a1XdXS36avS7Pzbm+EvjbVkQmXzVuIWCxmByr5BUBiI90YZsAscKOecZrwbSPhz8QB4iv/DsVuTd/bWhW3SXZtKEn+6cDHckc8A54r9MvGP7SnhnR73WG+GES67o89i8TXt3p0arCzNgJBEQWXaOjAnnntx4D4d/aB8C6Fe3FxL4DudX1y+vVvptSkm8q5huGBLpG3LLCHJKqPmAGOQAD6+XZhxHiaDrV8HUpScL0Yu6nrZvmvro9FpHW/S7PPr0sho1vY0q6fvJTdrXScVzXakpLfa3droeNf8M0/FqSO71G98K31vaW9pNfLNdyvHDcxRKWlkgJADYC7gQCSuMZr0/wD+wh8QfiT4Js/iCrz2un3EkpW0s0V7jyYGMbybtwJycbW2nPGMtzXrGsftpatq1he6He+GWktpNNnsLKK6nGLaKZDGWA2qCRHnDA89SuTivMNH/ar8deG/D2meG9KOp2OkaYJUt4La9MMTK8hbDRjAfBdtoORjA4AOc8TV4uxFBqjQhSq+0hy8zSbgkua9r2baX3eWnRRXDNKpFzqOUFG8uRJOTfLa9k9U33ul0touc8Q/so6R4U0HXNS1ay8byy6JOr3d09iYrFYifmzMSVLMeAVyB34yRo+Mv2UvDXhT4ATfHHSvFPnXN+LdLbw3LHG80EFwSH82USby4xkjocnOM1zniz9qDx54j0LXPDt9cXzabrAAvVu3MsRC8jGMbVOeueQB9a09U8S6RdfBqXQ49bNw02lRmLTxM5gtZQCz+XCzldxbkNyRznAzWmGw/EF8OsXWjGUasHUjTd4unePutvV23dneWtrE1cXk9qn1WN04ONNy+K6d1s9ldNaeux+d9pDNd6/YQhChmvktkCZPleaUwWBzuAyePXI6A4+xbT4Mata6Zr2t6frNlqUNpZBr22vEEEqqYlkdIicgNg4HqccHPHyTpybPFVgxcq0eq2gVl6ACRQSB25yc9gOepI/RLU9Qnh0XXtCiYSQ3enC4mkjGZSXgXA3YHXrgEgDGQWxX7Vw3QjPD1m9XHlSSab5nFOzvdq77r0sflvEmN+qVML7PSnVmm3yqV3zRUU2lpfZXaSW+6tg+FfHHg+DQrHSkna0voLD7NdLeAi3Ik3B9rkMGJ/gwTnBz/eFHw94J0PxW+q6hLYaZfwJqjRRQXUCZCsNrSryPl6FeQSdrHkGvXPhp8NfDGqeDtHGoWlvdSzCSSZ7mINIhUsVHmD5iFK5ySTnHAPNeieC/hP4b8S6NqVlAlxpkllqc0cN1p1w0ctz5Z+XcvUY4HQ8HBY5xXp18Pi0qdqVKUXrrFNRWl+ru7aXafXfd+fhs3wanUi51oTg1Hluuj0s9HbbfR2tbc+Gbj9nXQvEGu68mh3U+lDTxLPItuWKsygExxbCm3axwoy3Y8HFeE+M/AuseDL6LS11y6uFubZntzeKzZQMWaIGTODhSM4479a+zfFKal8N/E/iPSLHUbgyQxEia5kykwYfKJVwSSR3yMnBx1x8w/FDV9V1q+0G51vZ5pspoo5LdNiCEHgkhvmYnknHyjOTzz8xmFCopwqKkqaU7NRsru8Vta6T9dr66H2uAzXCYij7BVVOpKPuc2r1UdG371++v8AwfFvCT3A8c6HFcOblzqluBJ/cUMgOQvfIGR2HbPNfWHxSE0tzZwIVlGGjhjjcbgjRDLH5iVbcMHdkdORnj5Z+HtvHP8AEPw6kjPi78R2tqxBbIjkmEZfGCAyqV59cZOBg/0Eab+x58GtRt7C+1L+1ryRooZmLXLbvNliRmKZ/gDEjGRtHBAwTXl1MxoYLSspy9q7xa+ylypqVmlo+t3pu7o9HDcM4vPOSWDqU6SoK8+d6Pmdt7X3V3t62ufjF4J09oLPUTIZF8u8QFWIDylX5C8jcFIJHHHf26bxbcW0+nyw24JRzsk3lVCssQzg55PXjAPOOOtfsgn7H3wbgmjni0jVGttx+UyMAxIyWbAw2FJJJOMbTnnIlP7JPwcEc5PhiW9glclYpZnJQgYLBQAQx6NnPGRgGso8T4RxVBQquyaVlp68rbXVra+6aOp+HuaRmpzxlC0pJy1bfSy1Vrb3d3Y/DbwMRB4i0NbdQkUl5AkjSSJuT98gG0YIwxxye/QZJrpvjj4oay8YXunKjzCN4CrhiEQmMcooIBbBJBwM8HIAr9mm/ZV+C9lZpLb+B4Lea1DzQyiRjOssX7xCOQcKwBH3hleWB5P4l/Hqyhi8e6mq27+XHf3cLPJnMXkTFI9mc5CJkHJIJGQB37cBmccbUqqnBwdNRV3ZRcZOKsk0rWd7OyPPzrh6plFGiq9SFZVZpLls7WcdbNbWd7WXd20PLz4oZiVlLR+WwYMXIZyxByc4OduNoxtIyp5wT2nhrW7V83UjMp3OrhDvZztICgcAA4GR0HPOOT5LfRQytmMsAsi/OwJyM4xgYGeMgfNtGTjiun8NQMYJDGJZdsobjgFe5IJ65yQenQDIGK9qnXqaR1kvsq6vZWaej7aNJ6rdngVaFH2LklbWyV42aSTWkXa6213S3umer+BtSkvfGNrLFNDbW9rPIfMv+Io1PJ3liM5PI3cA9sV6z8UfE+j3njHwOLG/tLhra4gTUpbUL5EUgeMbt6/KTgFs57H+7x82mURJqBZCgZiP3IO8FgoIcryVyDxu98YPEGnWct1qVhBArustzbxqhZgTJI6hWwx4wfmPPIznJ6v27pU5p3albnd3teOy1aVlZy7Pa9zOGEjUxFFxklycqajbWV4rdu9rPs9/u/QHx3qdpdx276fcvdLbyKmI1aRGJjUEqQOOpPAzwO+ceU3D6jNbQyLp98CJyzObSTBUDIXaQQOAB1Jb+Hsa/RH9n/4VaPF8N7e28RJp9xqk15JMbm5mtlmhiIBSPbKdx2AkeoA444HtKfCXwuYIy2p6XEhYgxmSxICYPJJbtgeoG4cda+aqcXRw9WdKhhk4QbjdS0dpL3r20b5e97W3Wh+g/wCoSx1Klia2NdOdSlGXL7NXSkoPXXpte1+1z8XdT0zWNWge4FrqJQylQsdtKSAuVXnbyuDkLj2OfmAl0vQdatbKOzPh/U7lHnDPL9lbJGPlbPXIzubOO2M5zX7TQfDTwNaoYJNa0HO1i2buxi2gjAJ7nPAHvn7tEegfCnS4miute8MAh3WTzNUtBlT0GBztGRlfXHI6HF8XVHLnjhIt2XO+Zyeji7JcvL1Tt30IXh5goqzzBx1XM1TXK2mnZptpX2089dD8eNV8MeJbjSri2GhahJMkEItoBGcgg8EICCwIIJyQQRjgjNefw/DHxteagwTw/q8ciRK7DymwWUFtjFsgdOw75PGK/a7b8BbKdHn8V+F1lKMrA6lECjAkKQc8AEZ7AAnAJwaoP4l+AEAkdvHHhlbgS5Bl1BG3IDj5mUDfgEkA9PX1l8VV6ji1g1o2lG87u9mm2l00bS6q19LsjwDldNLnx9rNNu0E7Nx6t99N/VaNH43aB8L/AB3/AGtEW8OanEhafefKO7BxwvJb5j325bkHFezzfCnxJPo1qkmh6ilyZdskLR4AQZClSMcg5+uAOuM/pHF8Qf2ebZxs8Y+GGnSQyLILxSFA5x0AKkn1HByQN1VZvi5+z+8ssmo+M9DRguFENySDzlW+7gHoScHr9ayjxXmEFKEMDTlGX2uWr1au7vRNbXSemm6RouC8l2lj5aRS0nTs7WafNa6+9JvpsfkVqfwV+Isl/eCPw/fRqTvjLxfeA5QBtxOGPHHOMYY9a9++GPwf8e6R4Wu7TUdGvxdT33nRwL8oEfy4buQM8gg56Eg55+43+Lf7Pczs8vjPR5NjKqMshUrGuOGIABPOMnI6ZHNb1z8bv2fLdUQeNbKHGzb5LuWYfKcElMnqSMDr3weMqPE+Zwk5wwkOZ9HCpK6dnpfzb6vXbRq/V/qlkcYJPGzaStZVoKy07K1vna1urPzf8Xfs+/FXWvEN5f2vhq8NoYY/IkeMSFdi8qSWzjOcH5ugPBr3L4XfCHxvo9uJNd0SWyT+znhgZAgLyqMANICNoY4zjOeSTX1TL8fPgFOhhi8bykOhjHleY+4g4yAAAeuDnnA74NUJPjp8Boovn8SaneRRRbfLSC4dA2cHAGDnj6ADb166Li3OITc44WNpXUoqhV1vbq1rbvp+Fif9VMhcFCWK0T0SrQWzWjsndfc187P4WHwK+Kk2um+GmyQQnUrl4nF0gEkDu2wAA4yV6noQxwQAM2dQ/Z8+Il7f2VzFp1skVpIxmE92qyB2ctnknGe2cdPTGPs6T4+/AR3hFvc6rIsQO4C0uD820ZIIchW/4CM4wcjAqG9+OnwTul3QJrQddq7xYTkHHGS2/uMkdVz7mq/1kzmtCVP2CaT5taVV9Ytve8rWS31u9iP9VOHoVFVeLUJXTbdeCX2XbVWd7b2t26p+h/8ABMK6uv2Y/wBsrwP8SvindWWg/D200rWbfX9bM6zJp0c9rMLd5E6+WJGG9sEAdiBX9m13r2geM9G0Txp4U1G31fw54i09NR0jUrZg0F7ZTbWinjIGdjqy4yOOehxX8PkvxH8E+IbDWNE8NW2p6xrOqaf9h07RY9Nmmub25uR5MFtHCu9g0jMqKQp5JY8A1/Y5+zh4f1nwt+zH8DPD3iDSptD1nTfAWlre6TcKyT2Mk0EUyQSxkDy5I1OGQjcpBUjqa/LuLpyqY1YyqpRxFaEadSHLyqMVHRqDle+rSd7fNM/VeFaVGhg4YTCy58PCVScZrlkr1LJpTSs7W2V37y73PTIMIwOOW4z6DLMfvcA5G0kH7ufXntc5si2znyxlg3QnBwQADnGSRng4HDAZ4qJSzruwDuwA3Tg5OR6kg8fngcDso4/9AJLgkqMZ6AYIAwckDkEDPY8cDPxn1iSW+ia1trpy6fzbvVu/W9j7eNF2SaXxK190272i/Xv2WupzryEydGKA5x7dM5wSR04JAySM5JzEWYAYHJ5+Y5B9O/B44xwSSc5IzbkjAbCnkHGT7YUcHt971Oe7DgQspVRknPQY6nB+bOAGHQDHy/U8kz9Yl36rdK267K/o2m+12dEaMd3rpolbdWs9tb2XZ6/IrFWGTtySSxyf4uo4+bkAYA7AnocZjfewxgg4UDkAHscfL/Cc85ORjGMcW9nGOdxPIGOCM8jJAwBnOeOMDqKY0SuQdxIGSeoOTnHIxnBABOPmznIOSEq03u76q12t9O2t1ftt2ZapQi+rt5tr5bPXyav3KpSXL7TjkfLg/MuMHn7p4zkqMdcDsqgMvJ2g55A5wOwzjjPYnpnHPJqwIigbDYLDJHOeO2e/BPsOgNNVcKASGXoAByxH3j1zxnIJztxz1zS9pJtX3snr01VuqW3l1WjKdOnZ6Wfzvb3dfXdxu7erSEDkYwGwVwepwy/Tv83uCTkYwKlUuwyRn5Ppgccgd+v4+/JDDgdBkFfchegGeec5GffpxmnLg/IckAkkDoAB0BHQnPIHB49BlqTTVmreW9nbvo1d7eatq9ZdL+W+qXdLaN/P0a/C+sQ37s/wMAoGSB3yAMYIz1z6dhyJc4bgMBu+/gkbTkEkjrkrjsDgAf7TwBtKgKR6/MACTzt6kE4HA6889TUghLbhtYA916Drz3z1GBjGeoGcVSlK2r7p9Voltpdt7+9tzdBciWrdnvbVaq279XbTX8iMEgqxBGSSRnOeTg4IADAZAB4BBx83SRCXKnGWKcEjowPIBIHv3wPQU/7PgnPJPfbxj6ei+vbnJPNOSAcfNkr93oO/OeMDP09+DzU8ren9a7dratWf5slyelkrJXdrbq1r2a89G07u/aIFCxKg/LjrzySBlDznAzk4yCDjaT1FRxnI7EdwQPUDrwMjnpk5AJqfaQ23OAo+vXPOR6c8YOe3eptmASxJHQHIwAQDwM9eRySOoOR2Ti+7Xrd9OmqV0t763ZUartyyitulvK97N7taXttps0VT5i4OBggdfc5BAxgHsDwOcZ4oBbGGXodvJxj73UYPzAD6D0zVnYMhiVwQduB0A55Yk4yOT9QcdqgZmJJC8Env1HPOfbHUZ9CKlwu7t9NLK3Zfdp/wb3K5723v6aW91690radL3b0YxiD8p4AxjJwD0yQfcYz0B57HAgf7xC57A4IAAwM57jJI/LPHdzSdgN3TaSc9wueBxyCB7dPavJIuMkqvbgEgcE55xz0+XocDrnmOWUWtUr9X6p6v0e13vtojohUjtJbWW/Lttunv5b2vcC53ZwCMEckMS2MKR3HX5Rn34OVNeQhcqByOM5AyeSMemM8E5bI4G07aPNGMgFgOOu35hnOMfeHBBAPHHBqo0hZmIJIJGDgnGP4R0G0cHJ5AAwK0TbtdpaJJ2spbba7qz0utN7M05rJODTd0pO7vbTRW0tpq91uujBnK4GSSDtC5wBnk7epOBx78HAKiq0krcEd/lGORgjHXgdsnrjB695W6d85JwTnAOe3oOx/DgDFQSIcZ/h44wMZIJ+gx6cZ64PFWvW33rXTftr+WtiE1dSfZLd20XnZq9l/WpW3uGGSTkH1HQc5PbBHfrj0NRSOcE5IPIUA9sEc5H+cD+EirLKFGM5JPykNk9zx1xnnPoAxPc1UZckkbc8gE85xjp2zwM4zgZ561sk5JLWz11e6t3uraWv6a3vq3OPpeKV3re1ndWWmiStv33u6UrMA3cDjBUgEnB5288Zwcnd+XFViQQrZYHpgAgY28E5wD0GQPwbFX5V6Aq3RiQRkZ9xwSBzyTgenpTZSQTlsg8KFHTqcYPGFA5ORgDoWOd4R3sld230tpFWu9vm9b7oxnO+7dlotemjtv3u7L5JlVty4U5HXj6AcZHPTgZPzcj5eBWbIQRggKxJ56ngH5cHPJ6nP881rmNpFIwxOcgAcEMATz3AboSMHHpio5LNzgbCMcscEAlQSOOMcnHbK8Y5rtopK2turae+t+l9mlvv3tc4alWbaXS/l7qstOl1f7+mlznpZFKA5Oc8nPBzkEAlct2PTJYY6HIz2cjIJPyn04yTjPuSMc8+vBBFdQ+ms4AdWAzuHB56cEc8Dk5xyPWm/2OSp5yQQ24g9T7j0HRvz569cWurTW++vRdkl53X4nJOurNLqt9NdtXfsr373t7yZyzMeQc/LyB1B6Z7dMdPyJyMVJHbyMScblUhskDAzjbwOrA9Bt98CuoTRBg/d5JOCMnnqT6ZwB079TzV+PSccBQPurnjjBHJAwM9BjsMseCMbxqU1bV6Wu76XVttU7dejV++/JVqJXd0ruy95Lay3t/Ku1/Le3Kw2Mpdfl7DhhkBuO/QHIJ49s+p1otLkZcqFDEfKMdckZIwc7VPUDnkc4IrqIdOCgAA5+8oDDg984IIx1OQcHg4wMakNltIJTouSc4B74BAx357Dn0zVuuu2uml/KLtt8tPV6nmTqPWyu7973Xz1/NnMJpI7gHeAN7BvlweeCPuleMfL1HU1YTSwMDbzk5JyoCgYBxz15HOOTnr16uK1IIBUle5xzyRz7hdvofmGeccW0swPfadoYAnAAHbAOMdxnGRis1XlF3v1X4Wsru6tqnqmuvTTL2lXRNaX7JbWS313SvZNXvfqzlf7NRVB8tenByccYB5wBk5HAwTjuMGnpaKvBX7p44Oc45A9O55xyR1A46s2fPAwAM884zzwDgnJ53A5BIPWlFlgksTuJByRjjAIAIGD69OvqMURqqXL0s9bK1vhd2no9ure2ljmlUm9LRSem/dLS+3W93a3drR8/BargtswMg5zyOmVGAMkY554yD/s1oR23OCrE9euOCAATggYGQMED8M1rC1IyCpzwQNo+bJ3dh16Z4Ge561cW2+XGcMAAuU5AJycAccjtngenNWqita61V27W7Ky1u9EvyMJRb2SblZPe6+G3ok9L6dOm+ZHAQR8oK5JYYGA204xwANrYIA7A9BVxbbAHGGIPGOhz16jtnI4574zV5YVG1evPHTA9fQk5GR9e3Q2kjAIOAc8naNvOQBwOMDB9Ooye9Q59t9PTVfnfpraxcU7rTRbq/wAVuWyd1bfezTu9rLWjFaZAAQ7mHJJ4PB9skjIzwCRz1yDdW3PGQODkkg/MOAOTnoMA4OenU1cRBwNvAzjbxnJPOOhAZuhz6+tWEjzwGA6rkZODyQOO/HB4JHToQMnUevlZJq2qSXW9+1nstNOhpCbTV1Jq9l2tor2Xbe/dXdm2ymkJH8BGOQM9u2e/UDuCRjBGBVlYRzwMsACvJ5z06YB49uhbjtIEA4IOPuAAghiBxjPJ6AEDAJBwc4NSgqAxGAR82AdrBeBtwOpz7dQeOBXPUld6b3VlutUt+ifzVmuqWvZCSe3WyT7fDfuno3o7fNpFYIBg4IAByVx+RIHA9emc57E0qYI+YccEA8MATk7s8dQfTg9cjNTMyv6AAHKjO45yeTz8uBjocnI7YpvCkDI5OcHGMFee2ckc5OASQcc8YuV+yXT5bLT1073fRaW7KPLpdW/C3dadl0t5J2jMf/fOCwKjOQT3Jxn7oGDjoDkdnFSwPDYUcA54J7HGR0P488U0sBtXODk/xAL8pwRjp3II5HUY5yBT9194GQckHHTOACQeTn5vQd+tS5LS91s1Fbv4b6O6u9L/AHLTQzTaWsW0tmm7t2Wl+t2mu++mw/b94lQQRjg4JxwcDufQcdelNBIB+QAn8yM8k9MAH2JHQjkmmNKoGM8ZYtyMnI6dAeAcHjntmoZJRu28E4UA5AUcjBAPY9OhyDg4xiiL0Vla6+fSysm73sut1ZJbs0UlJaabW3Wl462++2rem+pcyFDKMHjGAcjBGRkYwAcdCT04zzSg5KkgjDZPpzgYOORjjkflwd1H7QRuy3QDqdwPUDknqTjAH144pVnUnDArtOQuMZbjPOOe3rj/AGhiqXN6p3Ssn1Vnv26vr021l8ztr0aVrqW2+v5rtbqreLfteyrH+yN8euynwxKCpG7PyDJx6jjvzgHFfwRftJao0ngnT7URKkZ8Ry/vFbBJWGI8cDk+ox05Ff3nfth3Ij/ZJ+ORKgofDkitk8YYFTjr1DHHbB6HGR/BD+0Xpd/qPhvTYLWMSNN4mkyy4EdvFJFGN0jjhUABLFh0HbFfW8KtOdWUmvdq04322itrt6X007+Vz4fixv3Ene9JtLTX3469l1bS6JdD7+/4I+/FbRvht8WdRvZ7a+vF1HwbfWsNta7Sz3dsrOHOORGCcMTjGWz6V/R/8UfFHxBm8HeH/F9lYadolzqrX1zpllNKJcBLJHjlugMF2YchQFO7IHBAP8wH/BNXwPpGmfFzwvFc6wLrXbrQtblihsJla0WDy9pjmJYJlCCzDPzew6f05fGHxZ4asvC/wx8P6JJN4x1bb52oadopN69tbmBIrlrmVAYrdY9jK3zEgdVDZr8Z8Y1Tp8S4avGPNKphaTqyknyxUHKCUeZpK7V22kvxZ+l+FU6ryKrRlJxhDGNKMWm2nGlJ3Vnot9Nraa2Or+FPgLU/EsnhvW/G+o3/AIhx4fkuzYPI9rpNvdzsXxBaRkM21mOGLHOOQBzX5rf8Fxfg7od74a+DHiXQhpWl65o8EltqkVukMV5e6XMP3CSKG8+URzN/rJCSo6HjA/ULwvoHxk8VaVZWoutO+G2gwaWiQmDF/rM9s8v7ki5AVbaRojk5UkNtAB6j+e//AIKweI77Tv2kY/C8fifX9WsfDXhHTbW4TXL9rpXvmZZZWghUhIw5bKgrn5uODXyHhlSxOK4zwlaliWvY+2q1KceZxlTUHB07xSppNuPM03e+97W+q8QnRp8LYmNWkp+09lTh8KcZucZc/VJxinbTmf3H4neK9FOm6jFFLdo8k1wsEmVKGNMA7QhOTxk56HHUda73wJZwW3jH4cynErr400CJ5JPvFRqcAT5SCcDoBndk7c8sK87+I0l5qWs211DPGhedP3KyAFGC8sTk9gcnBwefQHX0qHxfYyeGvEltZyTPpmtafeaZIVEkU19ZXcc0RmYHmMuAuGB45B4r+sc15qmBxcFJRlLC1ou7St+6ava17J7vTRrY/mjLG6WNwrUXKMcRSe26VSnK6d3s1pazfNpqtf7zPG/jHVvC3w68MX8klhp2mQ6H4fivL64Ea21lZXlhBbNPPI5XBy+VVAztn6Gudi+ND6x8OY9I+DdpdeMPErJqOmaXfpA9l4dXWE3+RLd6jIoAt/O2mQBArICTgEkeEfs9+AvGPxh+GH/Cwf2itdfV47/wRo82meBLdTbeFtEeC1iexmmiVlF1dyqqShmJVXJGwHivtn4K+GtK0zwv4ZsreC3j2TXkqQw2yQQqryMqZVFUEhSoDMe561/mfi3RyzMpqNSONk8fUUnf9xeEnzR5tJzXNZOzgraXdz++KSWLyuLnTnh3HD0+WySk1OMOWT1aTSvaN7pvysfxF/tXePfj547+OvxJHx6vLY/EDw3qH9jTQadGp0vTrSFmW2hsHGAybFDebj5j83G4GvkrVUiuIJ1up5rq5R4/nlcuAHwWXbjAUEHkDjjjiv0n/wCCitlb2n7ZHx/jXLA6tYkqgAXcbI7icHICnvyeBk96/NVisMt6uY2x5cobqDgA8Ajn5RyD3wMEcV/ohwP7Gtw3lFSFClQjUy7DTdKjTUKUOahCTUYpae821d6rrzN3/iripVKWd5jF16ldxxtWnzyfNOShJpOVnrJKKS2v3sdVD4cutO8IWOr299ZwRTXrpPaRRbriBFbAdpAvyEgAnfzjHGBmvM/Ft7K9zHCl3cPC8kIJEhKys2AxYYHyjdnO0AnoMiuytPEF/wD2ZdaYbrZp16xllj8tXMjx52jdksoOSSwyCM5B6r5v4lBnNq29lHn2yxnpwJFBOMjGeeOeoGQMV6SoTjWm3ytupKULJaRbTjFq9uttldWj6+e8Q5wjCCnGKhGM7PRtcib1vuu6vte8bH2r4c+Emnt4c025NvPdS3FpZ3QXzQFUGPecJzgAA7icHnK8nNWvGugaV/wiWnQ/2fbqyahsFuxGWI+9vfjA+XODnp2r1Lwn4h0vw/4S0O6umW5C6TaxkKzNK5aEAKEUYwM45HILDk5x5p4o8RJq0FiRp7LbQ6i8i24Tyg4Zsktk5OQcEZwAD/EARyYJ5lPF1JVISdKDdrySSu1ayW6s1qt2nbaz6qywNOhBU5L2rjBySUt7x0utNrr9D9nv+CI1nbP8TvFSCysY1tPCl8kUkcaGRAzRs6I+3Kg7ecMCcMGPc/0teM5lb4c+OJkwEXwVr8Z5B+7p8w3cZGAOeeucdcE/zU/8EffGPh7RviD47vb8WehadY+GrkTu0qq7+b5ZUqoDFlBJZhjHfHOB/QV4u+KPhHUfhT46bTr+S9SbwPr5jkht5ZImDafOM79uMksCT93vweK/jXxPqSj4n1o14OSX1Plck3pem4RTa5d9baarpsf0hwph5VOC8FVowlyqnU5nGLtFqTTbfd7bK6S7XP8APK8UWdsvxA8XSZRQ+ua0FmJAUebf3SqG4+bcew5JCgHk16b8Lf2Y/jd8Rrme98EfDrxBr1hFeW7pq8lrLa6UJHYeWguJAqkE/NkenXHFO8Aa38NtI+NNxrvxTUT+EdO13V9SurEJ5keoy2+pXLwWcsW4MyyNjJ3AZAABJzX0b8U/+CjvxC1mz1Dwt8GZh8PfAltIIbV7COO3v2gAZV8jy1UxqFAALMzLjO7Gc/1Dis74qSy7KeG8qp1ZTwtGWIzLGylTwmFi4wSiowTnVqqzbjHlSSV5X2/AVluQxnjMxznH1IP61WVHA4VKVeq+ZuTk53UYa2u09r2Pmf4ufs3/ABE+E3jQr8QptCg1bVP3v9naXfRXtzYFUUtbXYiZjG6jGd3APbpWL4lFlYz27XMkcTJ4YMzLKBtbarAY6cH5jkYwc5xxnnvDuu65441261vX9a1TV9RvbqSe6vNTuJbm5lkXOSzSuyjeckhQCO5xkGx8YmSFbeRYwR/wiF1G7EgksA4+YYAyOeOMdME9fpuTMaWEw9HMq9Kti+VOtVo0/ZU5TaV+SDk2orZJyv1fc8/ATwcsZOpg6UqeGWtKNSSlKMYpby0vJpJt269D89fGd1YXNzcNbOkqy3c0gCHfGhZ+VDDoTnJ4bkY45rhpdNupSCLbeSAy7e/HY57Ejrgkdj1qZYbqQzeRE7FbhzuKlnZmcdiQeBt246g5+npXh0vHEJdQtFl2rtXcADGc4HQDJJA3H+HPIPUdkaMow1bb01b0duVPS2mvbyfkpxWLTm7RSTbWz6O6fTbutU+m5wkWjJbotzqEX7lQXZSCmSoyqg+hPBGDz6DOc/U/Euoa5CmjaZbSWtij+XFaW5ZEkOcGSdlw0nGcA8YznPSu98W6kjwpYpEEjRg7BQGJDnO0tjB64JY59T6VfA5gk1K4K28QFsUKZCs6+Y2GPXOeOM49jXRKMVDmteSsm7ttWS0Sem97t7bXRxfWHZq3LdpOy3210u+m7/C57V8KPh1o2nWlvf6wI5b50QrDMdscbPgjII+Vhn6MT2PXpfG1+Ijb2FnIh8p3jd0cBUGDtVQOg4HOMnp0INZq3coXbGPLhij3AFvmB28N69Oc9Md85Fed3eoCS7AklWRhM7bSTuznCu3JJPcZIyMg9zWEKdSdSE0uWN78vTRq2t7fLRtp3IVROLjaL677/D3s+l7d+/WaytUS8CyysxkuVVt+SAXJycnnOeRjOcn2I+mf+EN8Ty+H/wDhILXRtQl8OaYqW9/rEVs5tLSaaMNGsrrkorhhhjgHOMgYr5psr0Ga22Rhgt1G2WHo6gAlj07AcjOeMHDf0EfsXeF18ffs6fHTRby0trq1utCtpxYSxI586K2zG0TbSVkBClWUq24dadbHPAyVWUVKMp04yu9lOSjdPe6bT0fd9rfO59io4bDUp7qVWMXo9brW2m997Wtrtsfkfo13thihmZ2Gw/vfvHYASck7SOwxjgjHGM16RodrptpFZ6pIpnEU/wBoIB/1JB+XbjuDhsHPOVw3WuevvDU/h3U9a067tjbfYUnSFJFw6JuIDHIyBtzj8iTxWrpUTtoBIAcpGCQCABl1IODnGV+ZgRg8DOK+ntGvRV22pRule9uZQj3Sadm9drXdra/ITqR5vaQaSUouPe94aWVuZNp666ejPs6+/bR8QX/wMvPg1qOlTSRrN5Fnr8cwUW2lyOG8j7Ns2sx5UtwSuScGvlfxpNbReEL+bzI97aLKIk3h2f5d4cAchm+9sA4J24zXlcl42NT33DQqiM+SfkRlwDgE9xyoxg5BxnGP3n+Af/BNz4IftM/sZeFfiFeeItX8JeP5tJ8RG01Y3Cx6XqF/bo5thqMUrhRAh2qWJ+7g7c4r8b4qjkPAtGWK9jUpU80xklWdJOdq1RXdSUb3UW1ZuN9dbbn7Zwh/afFs6dHnjOrgaMPZqbUU4U5RUYp91utttH2/ff8AYKuzffsW/szSZ+Z/h7pMRz0GyBMZzyAAOOM85I6kfXc82xVCjLYCMAO46HgHAxkfxdeOlfjT4O/b5/Zr/Yw/Zy+Enwk8S+NbXx14/wDA3haLRdQ0nwri/Rr+2UxtGZbfd5RDKB8qsRnPzZrwXVP2+v27f2rCPD/7KX7Oeq+H9EvZTDH498QxTWthHA7lVuPt9xGnkkKQ/wDqznqM54/hLiLhzG5jnOZ5hSiqGCr4qtVhicS1Rpqm5+671HF2cdVZNvW29j+uMmqvD4DCUsRaFSlThGadnK6Ub8qV7p9G1az0avp+sn7YF7pUf7M3x4sdQ1OwsZNR8C6rbQ21zdQpPJLPHtjVYmkVyxZgEUL0yxHXH8Htx8DfB/gxrDxJ8SviBpGjxwxS3Q0uwuI7i8mWSV5I0MUZaRXZW53LuGQoxwR/TvH/AMEwv2kvHvhLxp8SP2tP2ltbluLLwtrGtzeBfCNzMYBdWFjNcwW9zqIcQzQieNVZRF067uSf5Qfi3pei2erWDiGa+1C5uL5bya/uTcvIltcSQwNtZioOxF3BVU5J7cn9++j9g/q8Mxy7L80hXnOtCriatCDcItRkkqVSdrtttOSi1dK17q35d4q4rA+wpY3E0JYhUPchGT5VzS5Xd6+9orvvdaaNnp7/ALQ/hDw1bLp3wn8BSeIr3y3gt9W1mFjF5pOFlRZBh15zjO08A5RSK8b8Q6/8b/inONO8QeK59D0qaRfM0nSHa1giiZ8eSBEVZm2kKACBkjk4wZvCd7BCZjNFBH5C5iRVQBAD8ygKANxABOTnGAMZNdn4e1Vb3xJaCKNBbvcwqcYJBeQB8DucjHJOTkdyD/UlPJaNGSrV3LEVLc3PVbnslezk2lrpeNux/PFXiivOLpYSMcLS6Rpqzb922q1drO2nrofPGsfCLR9F8T6wJXl1JNPjtSFv3eaWaZwWZ5ZpCT8zE4BOQSOOAR0MkUOn2No9tp1tCp2qPIRFKAf3tqZYZySf9rkEgY+s774cWnivxP44leZraKB4VidgQpk8oFV3YOQGwABwecdxXj938NvEMd1HpkcD3+2aSNVtmDoFDAru+6OOgLdSeOxPpYajhqkNEoJWe+nTTV36PtezbskebiMzrQlBTlVqymk3b3k37t7ve7v2S00ueY2mt3iXoiWKaXzmWOMg48vOACowFwOc/Lk88+nd3eoT3S6m06tutNEMabmyd0o2lvqRyD/CcA4wcfQHw/8A2cbnxJLby65qEPhu3jmxKCA91tABVyGYLggEZBAwCTwAa5HWPhpY6N4j8TadqXinTdP0YSrawalczK13c2yHG+O0TMjMR8oCfNk4Ayc1lVxOX4fR14c0I3fLK6SXLbW+jTfZL8jKngM1zOpSVHC13Gc48vNFpdO6frrp5JHB3OgmOHwFMiJCkuh/vMDYWfzGYsQuCcseSCc4HTivbPDGganqcckFpa3l6IRGkSokixFWAyWcAcDIBB/i74wa6DRdLsdTHh+x8D/D7xR8SbzSLZba21GeylsNF3BsrJK8qYdAcEleCi+vI+jdG+AX7Rni5I4NX1zw78LNClQebZaDbx3GqLCedjzqMhtpAzwc464FfJ5nxpl2CpuM69FJNq9SV5OyW1KN562slZJao+7y3wmzzNKkJVIVOSVnyxjtdR0cnaOidra231auvne7+GVtbXYu/EfiTQ/Dds9sxVb24jWVWK8hV8zeXzkAAEggDAPI7j4W+K/ANhrWn2mlQeIviLqOh2txbppPhnRri+SS4uGZFL3BQIoOQfO3MBz8vAz9P6B+xl8IPDslnq3jC/8AEPxK1uG9t3DazqEj6fI5kBcG2zsVQRgp0xnHGcfYPh3SfB/w+ufEMmm6V4U8FaRE1sqLFDY2AiTyEkYm4k2ynHJLAnaMnnBFfnOb+IFLF06tHC0KuLcrKNk4wk5KySWs38Lt8Lt1dz9dyDwfpZZUpVcdXpYf7c1NqbSXKtnJR7NdF062+PLTwp+0D40srhPDPwx8M/DDSpWyNQ8W3Ud5rAjckecunYR45ShDBQzZHBHAroov2SdY1S0S4+IvxV8Y+KcxA/2L4bkfQ9HEgALRmKPLsgU7clsHGA3Su4+JX7a/7Nvw4FyNd+JGma1qKLg2GgSHV7wMvSMiNgoO9QAwJxjv0r4W+IH/AAV+0mzjns/hf8OJ72QRvFba34juEhjCDcN76eQQQfvYLA4yMnqflKGF4vzdv6ll88JRdnzyj7P3Xy/8vKmrdnfS1rbH3s5cA8PQti8dQxVaKjeEHGpJP3W1yU10td3t0TPvnw38Avh94Q0+A6F4G0qG7Mo87VNSi/tG/TnLSTXF20iKxJySBuzzjIFWfE3xA+HXw61GWTxj458PeGNPhsVxBNfW0Uk7L8pEUNuxEeMArHjGRjgHB/ny+Jn/AAUF/aL+I5uLe48cP4Z0y4Dg6X4WQWUZR2YENIAXyVJGRyOvygV8g6v4v1XWrw3esXuoavO4JafVL2e5d3bJH+tkYcE9AMH8efqMu8Psyr2nmuYyvKKUqcHOpJJ2v7zdk+9lZNO3Q+TzLxWyjAtQybLISjFrlqVIqEXyqNnyJOVk3umt+5/RB47/AOCif7PXhUSxeHm17xxqcZIRrG3e3sXZflUC7w25Rg5JGcbT0DV8e+Ov+CovxH1FZ4fAXhDRPCsZDKl3qjjUrsBejqCyFHIG4Bcg4ya/I9dS1C4ZYYEaNGXCBRtyeuVCK2OeT0zjvzXW6B4D8YeJ2WLT9J1K/lkJRAkEpQ/w5d9oBAyCGIC467ccfT4bgrh7AxjOtS9vKFrzxE+ZPbo7J2uuj0tdO2vxmP8AEzibNW6eGrSw0GklHDU3Gydr+/Lmatpd3v8AKx7V8Qv2pvjn8UHaLxV8R9eurOTP/EssJ5LKxXPOwRQ7TgZ4OQQMhsMMV49Db3usTCa8nmnlYlhJdyy3UzMpJIUzPI5cngBQcgKoAwK+wvg3+xV4j8Ya34c07xfqkXhKz1rWtNsLiV133FrBeXUcLymPhlKo+Rg7SerYIWv7W/2e/wDgiX+w18EtN8I6xqXhK6+KniL7NpV8dR8U3Bu9MuLm5iina4isRgCBixCKzthTgAZAHxPHvitwj4aYfCxxGHlVniW4YalhKUFCU04JqVV8sE+ZrR3dk3ZreMn4azviRyxGLxs1BtK9edSc5aRcvdT5UopXfM7O6tqfwo/Df4AfFj4pXwtPAngDxV4uuCyQrDpGkXc+JXICrLIIljjY5yAxBIJOcZNfpP8ACX/giX+298S2t57z4d2vw/0252M9z4wuhYTJE2Du8hgxY7DuxySMADjj+yb9k/wJ4M8EL8brHwh4U0Hw/aQ/E6+t7W2sNMtI1tLeJmWGCGUxGRI0XhUDr04GeT9O3c8zyyebcSPtxwzME4AAwmdpAB6ALwcnIOK/nbjH6UOf0sTPB5JlOHoQ5YOFXESdWa54U5p2jywum9k5dNbM/Vcn8L8qgk8VVlipR5HJ35YttQle0VzJLmtu7vZ9F/Lh8Kf+DcnTwsN18YvjWkTL5bT6P4Ysd4JGN6C9Vxx0UnaSc+gr9Tfgz/wRq/YM+E62cs3w8l8f6nbKsj3fi6c31vJKCDuEBVMAkEquTxgDI4P6XM4U7gFHTK4LMeR3wSM8H025zg8Cys7n5QVVQQMkr6twD3yRyQBwOecV+H5540eIWduf1jPcTQpTWtLCS+rxV+W6vT5ZNWWzbvbz1+6wnCWS4CnGFDBUIyS+J0oud/d15pRlLs3r5uz1PJPHXwv+GXw6+BvxL034f+A/C/g/T4vAOvLFDoui2Vu6othKARKIvNB9W3kc5wDkj/Owu7TT7XXvELuil38QaxuUgKpzfSkHCn0Bxj1xz2/0dvjJcK3wc+KwLbQvw+1/ryBtspc57c4xx7gdAa/zg/EG+TW9cjiAUNreqyglwA3+mz5YZPB45HBPUDHB/q/6G2Ox2Y1eJMRjsVWxU3UwsuatUlUk21P7U22nu3bTTysfinjbCnhcuy+lGlFNV5JKCS0jTg90tVd/e72IdS1LStjE2SkIRhiB8pAwMEAZznp0z90mvK/FN/bXNvMBCCHQIH2kbeTjaMdgpz0HOckde5uZEFs6oEkJYKwLFwDnGcAFh0x3Ldxjp57rsMp4ETuRtwiQyNuU4PBC4Pckqc5wOMHP+gVGMfaSdklpddEvdXzk7vRptdkfyZjqlR35Kck/KN+127b+beui26eTXkQ3qkYkAUHLNwTjtnryR1weNxB6EZ72gd1ARtoBDADeGI6ZbHGTzjBGD252+mDRb+df9F0PUZnLDbi0kYnI2kKSABjPPoAQMdtWy8CeK5WjMfhLUyr5bzHgMaBm5XOc4UcbcDB55zzXYo0Ytc04pqzs29E1HfXo77K62XdeO6eKbvGE5Wd00pPTRWWl3ra99L9bo8gktZJURVjP3iWOQCFHCkL1XgksAM88V4/FayJ4kugFIYTPuLnnaeoyMnHo3c4xwRX20vwd8e6k22PQo7YktkzyrGVQchiDt+bnvkE+4Fcja/s3eKf7TurjUr7SrRnnICTXURyBgFt2/oo4Abbj0IGTjiFSlOlaadpR5rO99LWV73vdJaNq3lp6+XwxThV56UveilFu6bas7pNqzSte2jutOp4wwUGNCjLtT5gMYJwRnOMEDAb8MZ7HPdUO87pcZ6DgnBHpx7r3Ixjnr9PXfwW02wKnVfHXh6zWNQj7rqEgMMkggMRj5mBBwc5GQBWJqXg34TWEW68+ImnzsijfHZ4kViB0VlIYgnOBzweQM87OrQja0o62Vtb/AGem2j1f3WVjlqYPGzk37OWvXTS3Lonfor7pfPS/zvEyIQ6o5AJYseoHTODg892HTk5AzVp7lGxIdygKAF4OCD1OQ3GOMr0ABODXrNxL8CLFFd9b1PUgu0SRwxFQ3I5BBOAGwQfQcD+Ezy/EH9n7TY1Fr4c1bUiEVZBKCAxOcsAcMDyMEsM9fu4NKWJoppp83uxu0mmk7W10vy31V7d93fRZfXdFczhSkrXUnq1eCaXLq7ddHr5I8OmYlXkBJZiWVgCwAOTgYPJ7kAYIyM+kbJczxbUSR41VWYJFKSWHOBtQt2J6kjnjkV7YPjX8MrYr/ZHwua62jYBchnViQQBk5wRgHgdg3Q4qzH8fZlXydH+FWjW4ZSyvcQI4XkEKQV6DPXIYlc4ychTxS+xCUm2tOm8b2tvvtpqldWWmlLLbpKpXjFN2VvLl0av0ve7tpp3R4aNI1S58sQ6ffSR7flKW0u8kc4UEdBwCe44IzXU6T4d8TvCkEeharJG82MraSKwCkEqDt5645GOoPNehTftE+PxIsVr4b8Oaaqgp8llCWABPJZl4xg8kDjHNZk3xv+L9zErQahpVjGZN58uzhUrklQQVT8f93vngQ586uqTV97pdeW72d+r1utLmn1TCppVMSnZL3V1d4u10k7dX8jgU+FHxGvfFE1zB4T1VrUkATPbFfL+Vsb2PYnj1DcZzXrOn/Bf4nMtsk3hwwrI3L3DrCqrnALNuB2ngnsMfMeOfI7n9oL4yxavPpQ8UvGs5JkMUQUHA5KhQDtDDJzjGMHoAJrz4h/FHVvJS88b6u8e3DGKVkSM43AZVueOOeAM4BBAqsDVq04zjRp83vttu6trG9r9FurJp9drCzTD5fUVF1aso8kIqOt/dTirN7apW6O+uttPZLn9nrxxLcefK2h6dIoxILjUYAMZyOGbrjIIxkZPy11Nr8EJ4Y4V1Lx54YsTEgZ41vICABglVO/7y4IHXJJ4wSK+Ur678S3gWS+8UazcszNu3XkwPAAxtD+wwASBjr1yyPRZbqEyTX1/M5QsTJdTAkgn/AG/mznORwQevIB9OH16SaglG7T3vr7t1ot1113enc8eq8mhGEpxqVFHlhH30tFypLdXjdJpNvT0SPraT4Z/DaB5ZdX+KukI0aj91FtZyR1I2uenQH0xk8DGPd+HP2cYXaW+8d3d3IsYV1tskTMM9CCQOAMAcjIGRnNfNVl4Wtb0bmid2jjB3SSMzOcEMBknrnGMEdskcDDutHitJLgLBGoiJxuAbCrwVyT8xHQHOMn6mjE08fCkqk5KSdls+vK3trtZOyfW+gsPj8onU5KVC0k1dymkns0mlq92rR2d92z6oi139lfSEXNnrOrmHacjLFwvRiwGc9cjkYwMDoX33xg/Z7slxo/wzur2Zlyks/wAu5lJ2k8fjjOCAcHnB+OHkjyRGsSI24EcAkjHAIHIBGVxyTjAPBpklxwmzhhhQQQAAVXsOGx+PJHDHivBnOo3aVRu1tG20ttUrq72XTS3Y+go4mjGDlHDUm1blkl25durbTtotb72PrWP9p7T9PkZdC+EmhW8ixlEkniSRiNpwXUqcYJ9eOvPSuB8Q/tS+Mv7Ts5ovDHhvS57U5SGOyiZTnlTIBnJHADHOeoxkivH9NmUGd3TcypzIz8jvnGCeSSOAQOecHI4PxNL5uoxTllBdAv8AubWwufXPPXpuGM7q5KsanKnzyeqWy5dktut9N/v2R1YTFurV5VSjFWblZWd1yrz12V2+mydj6jk/ac+Md+hMWo2GnqUGDa2UaFAejFlHbnBxkH1AIOM/xl+Ll4r+b40vh5pHmeSdp6EA4GMDjAHbk8Z48jtZwsEAAJZo1UsAQpG0DcVA5wByMgHPWuu0fT0uRu3Ax8sVYEBQM5YgjaxZQRgdcke59GhgZVIpynLo7cz0furZbdN2/Q87H5tPDym2+Vp2T+a0adk3Zbq9knfRWNaXxT48vCTceMNacSkbglzJGGHUEDcCuCOV42j0ziqbprF0gFzrWr3DksQr3cxJORwTvHU4AOR1HOa3orBUwU+ZQxIbaGCYBPfg/eHAU47gjBrTj8iOOEOkhYknIHJLE43ZyfYYI6gAdMepSyynZO3S+sm3ur2u29eraa3aaZ89U4orR5vZybktuXp8K013vZafgcVDo00ztHN55OOPOmmZiTtIO0vkls5J5JXjJ6C83htI4Axt0JBbhlBI5O3dhstk8kc8elegRQxHDrHud8ZZQTtxnAz93g4+XknoankiUEgNI+OQMEYAwSScZ65x/tNzyK7I5Zh0rOCbsm7tPaz9Htfv5vc8avxNj5XXNKNrWV31aaf+V9ei2dvI/wCxXDSF4kToQBGNoJyeB1APfpkfd71HJYlQHWNRtOG2pjCjaeQOF5AC7gccE5zx7AllCwDKu2Rt27ILHJC8g5K7SQPlPORyDnmrJo6OJjKpUDPG0LwVI6ADkEFh9cYIHI8uoxXuxhskvhXayV0nrZrbVLQxXEOJnZVJytdXd7aLlta2tnvt91tPJLjcF8pUyCrbBkFQCpBLcZK5BDHGF4IFcVC81vNJGuATLllGcHJyOc8HOeQTgnOACQfWdX0yOwZCGb5kdg54OCCenHz5GPlHPJAztB8qEg+23IUqTvTJODkhgMjIIBweMFeCa8SvShDFRg20727WtytLZ2t1s07+W/2WV4p1cLUnzczaule97pNrS212tO7VtGereGIJXbfOCECbi8hJIPBAGSBkFeBjqDnqTXaS2MbeVjLyyKTxgq+ASvBBxyAPvKDxgnqvL+HbgCycbVZdhAZm5LHtycE+ueCwYcjg+iaDGbqRGuU+XySIlUHcCOBgc5GOrdcD1xn01Sgo2drNJq+ia9x30fW10m1u3u1bwa1ec6/LC6and9Gk3t2+btppe+hzmm6QWumednVYMuNwO3cDkKCO4wOx+uMAXgn9raulpEoMcZR2IIzkHoQAD9MscHr6DotTJ055Y0VN0kexCR8oYoTk7SCzY4HckdRzWR4Mhkn1lpplMaLG4LHK7mDYwxI4yckcd8HtXnOm7vRJXdlZqyWi953stFdrXRo9OhiItxpuTTjZNb3tZO900k1Ztpd1rYseJ7aVkitI0G/eN4UZYoBuUAjg45BXrnPB4NZ9rYLa2k7HdkBxwuBuIHy9QD/eGQPl6Yxz6FPaQz6jdSfKVt4QuPvlWHccHcQCeCfTqDWHqkf2ayaIIC5idjngsSQM5weeTxnqffNb4SNk5SXR306Jxta27b62V1sZZi26tKEJN3cdel00terXrZNXfTXzzSrNbm6kwS0axs5UZA3E5I64OQMMcdV68EnY1dUVLS2JJVI2dkOQMqSRxjnqM9cdd3XEnh+2cTTSYLKEVSYzyWJ69OT178de5I0L+1WbUYrdsAHYytjnjGRwSMtnHUg88k4rSooe77qta3q+aOl7rWydr6XTvpe+cZOEktHZa3Td7KL8uydn53djzPxfpO7SHvIofKKyFWzkBgdxDKDyCAOTkjgkc815808zaTZW291CO8pVSQrZyM7Qck/KeTjI2hQDX0z460hV8H3byRjdAMx7CFPCnAIzgc4OOgyOME4+czpN6ul2V89vm0kMqRyg7iNuNxO37uepGQCCBkmvNxNH94nDrCN3qnsnslvff/gnsU6vNhlJyXuyTd11aje6XV3322ZlxRvId3lA9VAJYs24kkHccAYz6njbnrXo/wAOdDudb8TaTpsQkKXF9ax4jPLDzVLjAOTgYz0z1riYICRiEOzEnvhSMckcAf3uWIyOMDIr7G/Za+HVzrnjXT9ac+Tp2kQm6kYZZGmXJWLdkDduwD3bJ4446cJRkpxk38OrWmqTi7Jp3tdJWurX1XU8+vUcouy5tE2r3vrHRO63dr6vZ2b3P00tNKtrHTNKsLc+XJZ2NpCEiHyjYq73ODtDZBBBPTpkgmrsMU4l8w4ywYsAcl0Axgg45J7Z3dTjvS2DwyXN0WPlmGEMseQX+ZivbvuXPBIwcAHctX0iKLuTHmhlIKcMdxzgc9jz2ycdck19Dh6jaeu2j0SV9La21vfSzvbv14KkYx5VZJrVq9+1r30XW1k99V3pkSom5o2UggqFJwckg54JBwME8544I5qYRSKXycq6Bi5UkKecAHGfzGcjkZzUuT5qsqv12ZLDHbce+O/HBwOAQBU673ST7yrnCISMnByXGeoAx0JPBHTr0KUtlfl6paJWtstn2t12dm0c0oq94tNPTS6WttLaa/K+9klu6FTEpQ5kLgSoEzneeGA7nHBbHYg/XNnJkOxgWZgSM8bSrHcACASMDncOcHGMVqQ4biTCNvCozHlgM5XAwV4XB6Dbx0BqvcWwRmkDqxIONhwVJYZAGWO49CvfPQE8WrO3No9GtbJ3Sate938la9r7qXPUpXStdaedtlbV7aaNfLROTPOPiWWTwH4pyfnGk3W0sM5UQnO3jhTgAZAIxxyAa5v/AIJvTyj4QeMogAqP44lLMV4OLfJHTgjBHTgZ6k89f8TWP/CC+KSqs7RaNdJlyArYhfGOC27nkjnIyea4r/gnNIh+DvjLIcy/8J3Ls4wP9SRjBHQEA+49M5rzJJyzfCNWSUKnS0rWjZ9fk9ttFa57eBXJleLV3L3ob6XXNFK6vdWu+3Y/QbUL1xbkOGKBtpQZDbRwrA4wR0AGAR79K46bUA8gLJja/lhwxDFVB4OCDwvI6Z9M5rqtWl32DeWI1xHtkweXcMucHI4JBAA9B1AUV57cbAUMajJVQY8kkMxyHBDYBwOT7Drkge5VilFq+/VKVk2l5d2+iS0b11OKhJttuV07NNp3V0lq7N3bvbtv3LNxMJXYLnagBVDnLAkHI74GOOcg8jODRBd+XFJHhshwWL8KqseMZ9B0A7HJzgCqEx3vtJwURQ+WOSFwSR0xzjPJ6Hr0qWJgYbiRlXC7drdR0+XCdWHqc455C4wPLrPR9+bbskoptbJ6pLR3T1vpd+lhrxqKztLp1s+lrN2dld3TTWnQ2Y5fMKAHCBm6kks2OuBjLYGMkDsSMYq7FcM6pGMl9zKHYc4GegG05GAOuBnIGa56G6O8M4xJuVlfGAF25PABwTjkgkEZAFTLeSGbfuZk3HaAMbuzFTnAwc9iSD+B86pKzSfLZ9HfZuNtGtbNat6d7WdvoKEmoptrW1rNpu/Lbpr1vp16GpcbmbypQ4RmG1xlEBAyCCTggkgHkY4ySSQ1Q5CyKRk7vLiZ3HzDAG0bsZIBAYkYOcdOug8ryW6kCQOyOURlyWYchsbeFAz3wcHANc6XMvlF3cOkreaZQcAEnBHXBx2YDg5PqzoVIzT5dXturr4VtfddL6WTtqjgzGkrc/La+z0u7uO929r9NejutF0WnqxccBjG0KhSSI8Z6DkjIz0ODkZGeFPwHeEL+3VrEgUkp4dtwEU9fl6c/gf65Jx996emTGA74SZDlT9/dImADwQAOg+Y/WvgJwjft6a1GSxU+H7fA/i2+XklR9Tzwe/OCSOmnLlrYN2V/rVN3b6X/wA1u7/ceXTjaljbPT6vK6t9rngrrXS9r7dE9bu/P/tR6WL34kf2s+2Iy2axDHL+bGuO3GCCpz26YPLH588RWFwdAEH9r20duYGZ7fygpYE7thbJwSTgkd/zr0r9qD4krYeNNM0m3tjPNFZC5+2uQfNMucmRCvQYBJ3Ee2K+WL/x9qOr28sDQ2aHBVnUYZzjse3y44weBwOufz7CV1DDqNotuKTdrptWurqzd0u9tL3bP0XMoqOIm3Kzj7kkvds1ytpWs7S3aemju+3DyOba9iVZCghvYAuPuPiVD/8Ar9eCeoFfdmnX1vc+EdeNxIQziwYkMf4YV4GOcdFPHJ56jI+A2uZJr2ESKpK3EG7JDDidR78nIz647gcfZMNxHbeBfEc4dlaN7EZHyhcRqTg5I7AA4B7eorlrSXMnp0uvus1dLqnezeul9TbCSi8PVldWcUnr0bitr7+l9reayr5tL8t5H8ub5flXBLK4UgMAcbs45OSpGMjHNfMHjFrsajKPLMUDzFo18ohSB1JPGAQD2GCCcDv01/4p1qS4EsE3lRK21QQrBlHAcsAVwQOo/wDr1w2valqWoF2upPNAYlSuFwcE7s9DjOMccfQCul1VOCS2WlrJuyST83Zq9uu63SXl+0i6is7NS1tbVNRtzO7ejva2ln2Z9O/sjATeKImZAywajE7KFywDEjkjPXryO/cg16B8azqB8eapqOl2tybYak21wrHbKNpA4YEkEZx24xnbXI/sYRn/AIS91k2qrQi4BxksY2JdiP7uBzkdc4xzjZ+Ivi+9i8aeJ4ILuPyYNWmlRXAIBLHCpnGD69R2BHSsMLiKNOpUVTmaVmrWun7tuia0i76fPU9vEqc8FRa11bSem6i09lffRPTzZ5B4q8WeNZre5sNR1C/NjPGVa3k80JKqjIRgx2sAOxI+6PqOb+HF07+LtMEpbKXlkyAA8qJRnryAoGCckAcECuz1bxVeanayR39rDIjByZI4QrFSMZU44IHBx3+nPL/DSO3bx1ZOm7ne6qeSpQg5wOV+UYwBktz3OccdWpVIt09bLeTV3tvZN9Xf538lgLqpS91t80Xq1feN9NLWv2u3f0X6U+KPjtF8N9dn0LUdAXWrW70zTroXOYY3iVoEdRHvRnUZODg4Y59ADw3xS/aF8DfEHwz5dt4TTS9fg09beG5ubWGSF9hG4RtEkeCwyWYg5Y4HpXn37SFgieJbS5bIZvDelNgFgCTbRnBBI7Y24GQQF4PT5WuZxNFsE0iBMlfnOflAx74zntxzn0ry1QU+VuKTaVnfW19Lu91bXr1sj3KuNmuentZNJXs+l2tVs07bNO1ty3a3dvP4q0mVFMEiahaM2xODllB2pu4wOAvAJOD1Br9JtT8P63rvg2H+xfEkWlxrf25S3a3EhmZoQWlHOWG8lWUDIJ5OM1+YmiyBvFGkLtVh9ptRk8sxEytlsAHI4PTI5yeQR9+fFi/k0Dwd4AvNKvJdMviLm5e5ikYKxidihaMcMSMA7gfU8ZFY1lKDdNTV3tpK7T5ZaaNe810te2m6RtlsoqFSrLRJtNbW+G6007Wadu3Y4/U9E8aWC3rXU+n6h5FwsSiRRFKTuA8wxn+FgS2eg6ZPWvmbWbHVJvG8by2scdwLyKIhXUqC/wAgcLzuTcRg4zyDjOa9Bj+Kvi1ry7urvUYdSkdV3R3MYIkC+wGC2FIU4PJPArhrbX5tb8a21/cRx29xPeRqYIgViVWbCnB4OT93pn0XNc9KMouztey2SXWKWjvq7rmTfZ9dN6tWnUV4y+KVkr31bTu+t7WVm76JH2N4msZtO8BeDImKpOhvGlmTBLDdlVZfcMQffrxgr4TqmkjVoVS4hsp1jUuQ0SK2F4APQ5zjnBz97Fe2fEXVpLPwN4NWPYZUmvUMrHduO5cKBjjJIIz07Y6V4Vb6qiSlruWNS8ZZSHRkJYAfNjB7jpnrwONwmpS55ySjfRLz05Xv30s3rfexvB04wgqkk/dXlo+Vpq3ZR6vXrojzyfSbax1iFLWxitUlSMyhTwxMo5wMcjggcn0IyRX2z8T5FX4T+BiQcRmONWK8Z2MOCcc8EdM9CeCK+PtWjWXVLOaO4SQ3AU7YycYVlOAGOeQM8N1UnuDX158V5A/wb8Bxo67hLGS6rnBIyAeDnbjvkjrjJyIceSm09bJWV9b3j6etr9XtraI8vO+WN7SVnq1fR39dpbpXvdo+ZJ1jW1Ly7JB5gOBgFc8cHAyOe2DjocHjJ0vbLrqKEwHQBNx2k84A2nncMAgZxycYyadexXjxKIryJhE/zRgY3A85bjB9ccjOBySao6A051+yeVw6qC0jL8vIYfeOOSDjgNgDI9K44+7KNk17yvunsrpvfRWXZvZ6s305kkrS916WTteKS016u99b/j9NfHm0/wCKe+HBwqK+iypnd8xJUDjkYx6kYHXGK+Z7OwFsV8uRXLsCWGWPJ5GRnBGfm2jn619M/tCzXUXhf4bSW675l0q4Kjyyc5XjAAPvyM4B7YzXzX4cvZpWKTwMk2Wdi6YQqoydoIOD2HPfpjNPFv3kttEktdvd1btra+ttEtVfQ6aUFKcbycnpq76NcvVSvo3ZX66eR2XhzautaKPMLOl0QVx0LY4yR16cnAwSema+q/Hq/wDFpNBkkLqf7ZfJBAHJ7nqBkgD3yQcdfmvRFtW1rSP9SWluQxCE7lO09+GyMH1BOMnHNfTvj6CD/hT2iOzszjWpSFycFc89+gyR06dDzmuZzfsZ6NJpR+K3SLSd97rVX7O19zplpUh1Ss4q6Wvu3eqaaemi0bvrvf5WvcFPLEki/PklScZPYkd+nTJzmt/w6UXXtLYyOysEH8WSxZWBJ5x9M8+uc4xLqMJEzqAA2B8pyQ2SQR15yT07kjNafhuR/wC3dI+UncCMn7oA29yCQAMYOP4sZwM15eGm5Vkrpu8Xpe3S3l17vRp31Z1SXuvXW2m+jbTST803stHtrv8ATfx5vZLVfB5jBYPokJcqQpwqggN8pwPTjJwTXzzPqvmzw+ZBOEKYUZBGcHaSMZGOcYPXtg17l8eRJN/wh25DtGjR7SMcAIDjJPJ6jkdMHtXjOmxx3FxEpCsifKQ2HIJG0DII/iG3gkAnd0wa5cWlGvNpXd46+ijv5vudtC7pQV9HFXTV+sbvbR6b3drbd/WP2dJZj4600lXH/E2XJZwSGyu0cEHIzzx64LHGel+M7NJ8R/FoYMP9PRhls4/dndj+8R7Ej+LOOaqfs/2ijx9paiIRxjWwG2k7eNpXvkE+vbJIPOK3vjDpaz/FbxXErLsN6MsXHP7skZDcg4GD3wc4KmvEzOtenBO6Savd3W0Uut0mrrT01TuduCg1zxju7LWzSXMla26duy06LqvK2mBtHb5gfLAUnPfqCQuP4sEHufXgfaf7L85bTvEqhzk+GdRwAcZIhk4JIOQDyT64JJAFfEd3CYIbiLIBjV/lAOMK/BBz0yCDnnOQe9faH7LasLTXVIJL+GtUA4wSwtZSemc8AjIBGF69c+FValh5yTvstLvqlurfe1fW/W69aiv31NO2jjd62b5lfVW3b6d+ux4Qfm1SYAqSZZR8xJGA7k4XPcHufx7j13w1GkRsmO35cdAO5HzdDgqQM5wPmBHTB8njjb+05yI2yJpAGALHO9uMYyeBk5A6egr1vQWHm26kkEKhXOcZYqwOMj7vUjjdkZ5NfEZhJu8Y3v72m3a/mn6t3Wm2/wBTho8rTSvd7d9Y3tf1t1ejXQ+6vhCoE+jtkk/2hGckdAeeRngnB9OTj0Ff2efsutn4FfD49/7JTIbIBARTzzyCG4ORnAOBxX8Xvwgk3XGicg79SiGQwHA4+7wO4GOeuMZPH9n37MBJ+BfgAKOP7MUHOegCDBznAPGPQA8Y5Hw/CU1/rxi1K7ayus1p1WIw972urry131VyuPU/9VcDfSX9pUvl+4qdrdvv3PoWF8DrkH6ZAH5Z/p6npVjzMDAJIBxjv1BJXHU4+vJHAzVWMckr8qgKMY9evzd+eMd/cEYnVUBUNknOdwweeq9FIAwQASByME1+30qrilyppW2u12ldX69b2ev3H4bOMb3Sdk13Wuj2s7ba67PVbkm9h0wOOOnzcZ6HIJ4xyQCfrTjN0GQCcE+wBOTzw4PYbTkdMEVE0Skbwc7RnkH+I88475/u89eabtG75dxAzk4yTyOg7ZA4Ubs9eelaOtKe2mijJrRt+7to+630130Rm7N2cVolpZXV+Xfs7q+jt1LIkHAGOcHk8DcTg8DJHoAOnsM1KHYHgEEAAE56gZ5A7jP0z/Ce1JRjcoBxgjOM89AApx6EkHPXnhsG0mfl3ZHGcqQVzk9++R09D145NxqTSjq7trRK3Ldq2nX8u6fXF0o3fK7J2tzX2fLo07Jt9l387u00pKk7AdoHU4bnIORgjPQYzx94HIUUvnZXHIGQSDk4AJVsAjkHjPrxyaj+YKDnGTzleuRwNxH45BI98YNKSxIIXnBz1yc4wOR1BzwDnPbnNdMK80km5bxd29G3bRJb7bbXM1SV2uXWOujslotWr799LptaNIcJCWYAkd8g8YxjaTnOMc5PXuTgZfuIK55Hrnv3zkH/AIACOW785qupbBXnbnLYUDsDjn5hkAccjp2bh4IIBVhg7uuFGMDA56g9CeCOR16ddPEu+t7LW3dq2j0tf1v59wdKydm076p6uSfLbX0X3bO9rWg2csT1bjjnGM8ng+rdM89hkgEq5ADZ5PQZ/wBrP0POW6Ac8gkVUUyALjPPU8nODg4OcDb2JGO7Gnl2BCEoectk8gA4JzgkggMSSMjvltuOiOKjKzaSta8k9be7e1l2Vlv72m+qycW5aXadlvdOzTfe22t3r7r0uy2swf2HUltwIO4gjBAHQcjk4+brUpYDpg5xwcA4JAGDg4HtgjJxVESuowI+NxCnOBnn5gezDn6gdacryMwOBjBXjqBuAyPXnucjPI5yF0jWjJbrRq6Ttppq7ef36LXcnlkmr6La/pbS33JNWtbvZFrhmIGeMnBOCSACSvQFgGJxwDwSafGGlHyjOAT8o4wM59AOMgjqDkDIxUKSMFXC4xkKTjHU8cAdeBngEjAB6C3bzmMfc68FuAx74weFO0gHHO3vjAO0K9NtRk7XS63aVo9Ois9FovK2+VSElF21bSsrPXW2mn677NDNzDhRwAeMdM+2c4HPPseSCBSks3HTHPXsATyM52sM46HBA64IWYKSZI89ASDjaO3PHcjGSc4GRkGmBvm5wQAAT1we+e2Pm4BPAOeRWkm4PScXsk1rZNqXns+urd2yIOyvKUlblu2kntHRbtNt9tuurFBLYboMDCsAMgjgYP3WPGAemSO3DEGWzuIyT6AgjqTjgr8vPHpzk4L/AJjz0AxkenYfMMc46E5GRxnuKo5KrtYqc8nccEdecDHPPOeeF6hwm0rN2jezemqaS5dV0381dJ3s3rFxk9t9db6NpJNaa7662u77snAA9TySMH0z+Qxx64J6fxKXGBxxuzjOeDxx07c+xz1FQZAGAxI6cjJOckkZwMD+7ld38QAGBKWX+HAzkHGCBkbgMk8ep3cg46citI6O/NJ373XVWVr2vbdvo/kZTknstEmm+jbttp0d2lpprZdVB6jgHBUjPPYcZ+UBeCPUdvVAT/nrxjr9COnIFP2jaeQc+vOeVHGM7jjOSMj0zSEAdPfk+vcHrzk4zgevuNJJtafLy22f3/eRJaLSy311WnLdtpJK109e3fdM/wAv8/pwf160mSM8HgZ249D0J9+OM8Gl47f5zntj+vB+opKjlatre2qV7dtvnvrr5Mi7lsm/h31S+FpPXXyV76Wa0Ywkg7ie446cngAdQAO2PcZ70hc54IAwc+hPtggkZxxgcdM9Ve3IIGcgDPA7njHOT6Hjg9M1GAB6k4OcDoD2OeR69PTtWqm3opN66tvXe1lpo3Z67Wtbe50KzilKCvLWXRqN476b62evRavREoYbSMgkjOe/HsOT3wByOaOnPqOe2T8wz9AMfr2pgJxkjp3PHGTn6YAyfXg96UttGScAnjjPB4HIxxyTz1HuKi8tWmlzRTfW1rXtstrXva/kKVnBcqStbS1raJPdvb3v+C9TG8SEHw/r4bODoWqEZ4AxaSZzn1H0wMc4Xn+GzxRZR3HxJ8UShQ27xFr7KnO0ldTucKCMjIzj0xyMk8f3D+KC3/CNeI27jw/qwx3DGzcjDZ5J4I7jGOSK/gp8T3vjyPx/4nbQ1s5WPiTxCsaXI3OrDVbo7jknaF5Oeh24K5wK/LuL2lxHkDnJK2HxqTen/LzDaLb3nFaKy79z9T8P4zeRcSwirOdTAb2SWlZvXW2rWttfI77xPoOlX2oWVmbWBbnUxAm/+EEMQxIHAHGABzkegyfK2gttL8X6Vp0dsh+z6wY5o4wrLIEKgEkbhjBBJA47EkYrO8Qv8YftUH2u80W1dFj8iaNN7RM+cqGHOeuccZHDE8V5/qGm/FGTUI79dY0+SWNiEe2hJk89iPmU/MWkyeWbcAD3zivrcoxlFUakU/KN++l32dn1S9Oh5OOwGIddXqU4pRd0pOV7tLrHRX6rzt0T+9Nb06O68b+ByiojPoOqEquWwotXYDAwDwFBHfAzwK3P2LxZxTfEi51DULK2hOpzWMQuVClrn7S7KF34GNuCWPAxg8HC/Hl3qfxr0KDSfE0/iRLmSyhNtBItujNGl0vkPBgqzL8pCkNnk9TWJp//AAs5NQlg0Txdd6UL8tfX9vbQRxxvOR5plIwp3Fjxzzg4PCmtsWp4jKa+EhKSnVqxmqii5KKThJxvbW6tfS3nseZDAwjjoVp1qaUaUYuN3fmjJt6Wu0lKPmktLLQ9v/an0aXRtJ8Xyu9tc/bLHV7sXEUf7sRPHKgRnAxnpjqeMZJJx+SXwb8ZS+Dv2mvgV4ptxbRzaJeWEh86RYomEssaKZZW4RcH7x+UDrjGa+zvi9rfj1vB1/HrPjDUNXtrfTbqG4tbiKMRq0u9dznZu+YsOrduSDnP5d+JbXd498MxTTvGHs9PQyIxVlLyIAFKkMrBmGCpxgDkcVeV4OMMLLDzlKcJ05RbceV601GUld3Xuu+61XXS/tcl8M4uVNpveF3aPLFRvzN62jrfrurK5/St+1j8SZPijpdlqT3unSanbNqLXMdnqVvcRQ2rWzMFQIxYDIOG3NuJyBg5r8Ef2U9Hu/EH7WfgjQ7GLzLjUPHepR26OwVWdy+wOWPCs3JJwAASoJzX0TpHwmuNK0z+3p/FWpXKSW08v2Bbu5JRPs7FAWkkYEHqVPUD5t2Nw+I/AEupaf8AFrR7nRfEN/4e1SXxU8NrrNg5jvdOkubwQ/aImAyHCtk4wTjAr1cNhI4XBSoUar9ymnTk23ytq99Nel2tW9H0R5FCkkqkYK6m0paNX5lG/RJ6pa+tkrM/oC/b5+Gfij4dfs7+Pr3X7bTRFdXVpZxSWk0czRM0yHyyU7sPmJBxnJGBgH8lf2BNHOtfteeCdLubdXt7jS5VljkAKLCLdyzPngAnqWwckda+vP2j/hT8U2+Fmu6p4w+Ovi/xj4etLCDUV0PWsyQTyqyKs8rcbSHIbLc9cbjhT+eH7Py32ofGnwzaaD4l1Xw3qN8q2A1jSG26jbQPEWZrd1C9lIY4Ix/exWlHETxmWz58RGpUpJ0/aqEo8nuxa91pN23u0tuplhcveDhWwqlpUk5PdpcyT136LddbWtZn7Vf8FJPD9j4X+EnhiC1itIYLjxfY25ayVDGSFLRhXUlS2Bhsjg5znFfmF+xDqEqftK+JmWaG3jfw7qAMs8scSACZON7lATgZHO78evrf7TngnxjpPw18Ral4m+JXjTxPB4f1azfSbDxBITAd6kLfQoVADsuQWUAnIbnqfiP9mrwzbfED4kXmmXWuPoEdxYTzPqi3TW08gDgCASq6BWkzgcgE+vQ74GapYG7q+2dJt86UrrVPSLtLTRrq9ra3KWXNUp4eUko1mry8mlo9b/fZdD9Ev29761EPwkntpYr2WGfWnm2TRSjcMqHby3bahBJVmIAxkH153/gmH4l0fQrX4oza3JZxpLqybbV7iBJ7jzWkG6KOQhmCMQWIO7AyxHIr5k/aP+Hy/DbUGhs/Euq+JbHSrGyl864upJ1tZNTjJaJnkeQFgoIDIQTgcHivFvgHN8OLXW9VHjjWL/SEuLktps9vLdRQb3D+Y04gkjzgH5GLAfnXZh6zr04zTlefLv7rSTTWis1o7u7Vu+iFVwcMPhI4VO8Yu14RbV7qVkk7t30dtb76ts+mv27NZI+MOr3NpNavaLoOnrbzWbpNGonUlA0kW5BKvRwDkHII6NXU/sV/FbS/CvgTXdL1fXtMtNYl1ySSwsdTuY7ZHgkDNI6mT6ggHBJI5Ga+fPjdpnhfR9C1CTwzqNzrWi3X9ny2Wo3cjzOzOf3sYklZnZFJOAW+7xjpXzNpdpZTSmULI5kA8sq7qQQBnBDABQSwIJ+Ycksa7IzampX96DSbsm7xSX3r8HqZywtKphKdGbairNa2u00k+V/d672Psb9tLxKmuf8ACC6hZ3Nvd27y6oRPbESQEyuuYVkUbGK8nggdD0pvw0/aK+IXhDwv4e0vw/4itIbDRLQiK1ZF3xuzYKSFiWkG5um3jAy3SvLPjpFb23wl+FsFvbiOSGW7dnBZt7OVZsnByzfXOeuOd1P9nqz8L6levYazp8N5PIgWOKZn/eGVgoZFzw0JzgH7x5I4wdJuUYqqm3s20luorZdbddOie7Y3QouiqDhGUI2smtFZq1rreyt12Xy3f2pvFWreKNUtPEOvTpcahqHhzR725njdWEknms0agYIUAgkDjAIBAxz6x8PPjR420rRdBlj8YXCQJo0dtaWibQtrEqBVhyACUxgMMEA8dznyz9rbR7fRtWlstOgWKyg0HRIoEAICoWfKqG54bIbHAIxg9B7b8APhbH4h0Hw1e3unRXCNpnmqjHauwjAdz0LNjPOATjg9KibdSdJOy5rO9tXdqyvttbzS36IUZ0o0FzU48sLRUOVNJ3S005drPz2vtb5w/aN8Xar4r8fWerapdNdXR8G2ayzbsl1SdzGr4AwqnGM9MnnoK+ifB/7Q3jvQ/CvhHTrHxTZm2ttNt7aG1lQ77LywRGucHDlM4JGOcDGCT5v+2F4S0zwx450e202yWyVvB1lJcqqMBI5nl/ecj7p6ADACg8E8V9T/AAi+C/hjxJ4B8F6tLoenzn7DBLdgRPI908gJZ8g5YR9QcZGAxH3saczhKMLpNQ5b3TWyStdJWdlpbdpp3SvooUqlGF6cZR3jH3batcttUkulm2+mr1f5k/GTUbvVvHur3t3Msk9zqtpcySpgrPPPteVywPzMx544VWOOxr6Z0H42+PvCelWmnaR4ouYbUR2yqqRSE2wjiVQEb5toIGDycYO338Q+NmnQ6T8RNYtILVI7e18VJbou0/LDGU2x4JDDaMKoPPGfQn7v0Lwz4evdN0dl0zTS0tlbM6NEmWZrdGyz45Lc5XJH8RORzjXbc4c2jirK19L+um+u22p004RVOUUla8Va2ivZpN7Nu7S0skvu+B/Fviu/uvEXifUNQuppLnUp7HUJ7lyXknkV4maRgxBHfg5BOCN2TX6+/Dv9r/4X6f4T8M2M114la/tNKsIr2WKwaVWlS2jhcQnY275wFLAhdvXcBx+Sfx2gs7L4g6pFZQQx2lxDa+SkQGweWyq7ADrggjAHA59cfrb8M/hr4UuPAng64TQ9Ie7k0izuCn2dQ7o9sp3SMfvbnJOD+AJNXGpGMo8zlbRPlbs7WfazTVnFJb79L82IownHkcfhe9rNNuL06O+jsr37H43ePvFf234rXGvRySLbD4hDVYvOTa8dodS+0h3Tja7LhnXhc5yB2/V6/wD2tdGt9HaW08VWw0+G2hgnjk0eT7TJcS2nlpHGCcna5CtIoGOo4Bx+T/xUtGh+JevW1vaxpHD4unhSBANqBJz+7Uc/KoAUZ7+vFfWug3ehX/h8JqOlaU1zbS2sX2WWGPzJlREQMdoBOSAevHQYrX2sk1yK14a6rV3ST2VtLJ2ae3e6bw9OrbnbbhFKL2u7p6t2volfa++58mt40u7fxymptNKGTxXPrENxAoWUMbj7RE6jqN3PBAzwQeBX1Zpf7SvjPXNS1Lw8upaze2ur6fqNvGt1cMIImngcys5wBIAOAD0OOSTx8l3dmp+JUtqtsiW82vxIIQuVjjd8rGPl+UBSQOvHcEmv0I8K+BfDaXKwzaZYfbblpEgkiAWVYTZMxReMgHALcA/w5GecaalOcknvHVP1i7NrvsrbaJXZrKEbJtJtP3dF0s3Z20bfVW10Pzu8O/ES/wDAfjXTNXh06LUptPur2NIJSQskruy5zkHIJLd+o45Jr7j074na98RtA0nWb/RbSyFhLLaIVl24wGlO6MlWZmA2Ftx4PXOMfDeoaKR8QJ7eO33Qw+Ir63RMbl2rcFcAbeoBI4XPXvX6reJPhz4d8K/BPRNZ06zW3vJ/sTOsIJZpbiHExZcj52LZPGegJwM1KqKE2lu01Z3i7e71vfR3tZO6avvo3yK/OvdWive1vd0T01ulf77H5g6N4xlsPixbaxPpQuI9N1zUJls0wokzIQQc55U5KtgDAy3HT9D7v9pC71LTF0e20vzJPEmgXOmgLcgmygNrKXYrtAypGMAjHoBX5vWltDF8R5oGY4bVLsvvDH/WMfkPpkNjJ4APJ6kfpJB4e8PWXhTwdfW+l2L3j295G0qAGYb7OYsxfrkHBIJ6E4zjadqTvKUb3dld9Pije7TaaXO47W+Y5qDcZSXwtK60S+FXW2m19NHrc/NP4a/FHU/AfxN0rVtPsre7azv760SK4X5DJJI6M0hwMhc8E+hPQEj711j4p61458CeOE1DTrWOTStGut0sbIVkknPmFePncLuATJIAGCQOa/Pe10CW08Ww3UsUIgOvXbqT8wKiY8kg9AQBjAPbPAFfanhWG2n+H3jycqgJ06+JK8o7ooCgjIAA644zwMN2dO/tpSXKpWtfrypx5rertZu26VndmWJhB8raV24qzu7fDtZ2311WunW9vi7wR4gv9B1v+1rXT/tVx9nMTIrFCPNbqjY3BwvXJJGAMDt9UyeLNStdA1aTT/DssUGreHbtLoi5DiJ5U/eXDHG4OxOWznk8ncMn5c8B24l1d1uCigRyMu6QIud5ILZODxwAx64wAa+x7KxiHgvXFZI9yaDelCXUlmZVHy859ccHAzxTpxve9uaUW1J3XK4tNt66J36q9l0NZNr2auoqy1lpqpRbaaaTut0lZdE76fI3ga5bRNS0bVEtPtV1BfW9zBFI+QZI52kMbtjAR+RwMAc5PUfqp8eP2pfHnxK/Zsn8A3/wvsNE0yaLTvtWsRaikjWtlp+GtmtoQm+MXGS0i5G8EDIAFflL4fVH1OwDzJGUuYCUYhdsXmncME8jOSDwOuK/Qrx54h8Kap8IbrSdIvrafUl05I5Iom3SAQKpIKhgeGZhyMZPTOAeWWFjWTryUX7JXhvzfZlpr1stHfXpoOpVmp0IQi3GUkvNfDeWj3V21ptdrSyfz58C5PG998UNBbwrosWsaimmtBBZ5JW4iEaBiVUZ2IvLkD23V+o7XHxn0PRtW1aDQPCqWMvh7V7K+bzSrWwNs3nmNQwLXERyEXH3lXg4yfzq/Y/+K3hX4S/HHQPE/jCe4TSYNNubcvbrvaGWeIRR/ISQV3Z3+nQda/THX/Fc/ia88QPprX+qaD4g0bWdTsYLa3eK3tUkgZ4mnC5AcgB2PAJPQcY8105vEc00uSaSUt7O61166PV2u9tND0a1SUUpRltFczku6ilbWyX/AAPM/IfwP4q8S2OuWljE8f8AZr+Io7jy2TeDcyX7sxPOVLMcKfYdea/ZP42SeLLb4OXvi/wxrz2jaVoscMulyxARXj3dmiTvuOVAjBGAOeeq8AfjR4OWRddghZD53/CThtuMsEW/YKGGcAZ4ycf4/tF8UvEsMf7P3iOyFnNK9vZW0ci/Z2kEm+1iJ24ySVGTwBx14Nepbmhy3Uko2s0nbpp6a3W3S5yJpuEmkr3akktW2urvfWN2lqlotbH5R6N8RPi14c22drFe6do140GpS2NpGz2l9eriUTvECNxLHJYbh0GFOQfYfhv+1p8UdK1i+sPEenf8U/em5kuEi0uOKc3LQtEk4lZWKnH8R568jAx53pfxH0CS7tDqDajZraWwt1jltWCLtjAJ27CFU44ByQy8EGmy+M9Cu58W93Dc2qyNLIJgsBHoOBuztBDZOBx0rz3l2FnU9o4x5lrzWipaJatL3kk/uSu9lb01iWocic05NWSbWkVFWaVny35n6X0ep8gfHfTF1bx/4g1GyVUt9SuxqDIhyYpJjvkEjjo5JYtnOA3bk15NBoNxHcIyEEbRvK8449RwCe4wPmHAXJB9b+J11fT+JtTutIkgitpTEViUhhIDlS3ckA5HbcOc+vn0d5rMYaSS2glXIBCZBB55xkYPr69OcgV85jJKnVkk04wlFdGt0lrfezvbf8WvZoQfLByTbkot3V0knf3XunzJJrd39GZF9pl2RDHtdghdwSuB3OTjkgcHJ/PpWSLeUXUDEyKEO9jtOC3Rue2ATyfmIPTJAPZyarPNDJJJpbIsY2hkYthjgnaMZIOQMcHPPrnm9Q1WKBokeKWMhWLIRk4YHBPHHLEnnHXngZw9pGb20XL0VnrFK7S0ej+S2vuqlDlg5xb2Wj7XSSu+mktru3Y1tOKrcIyKHVp4CwYjlvOQL15yAM9evtX7L+EtestO8PeFXcI0sXh+LIcgr81sMHBGSOoBI561+JdrrFu4jMblWRlfLLkhshkBAIHGBzj26Zz+imjX/wAUn8L6Je20miXOmy6VC0KNhZo4RGiqWPPUDLAHgn+Lg19Rw3iXh6tVwozm3BfAlK1rXvrbyVtF21PAzehGtCi51adJxqXUpu121F2TtdPtt5eX0J4u1K31DwoDDcQedDf28xRHBba52tkD1yQzHsMdCTX6X/se6To3in9mvWtGv9fsdLutLv8AX7qLTRex2t5cq1pPKCyMy5R9uSMHPPFfghqnirxppMktrq1rZQ219Naw+dbNly8soVY4gCRu5wAMFiBnOa/Szw9oniPwX4Y0wPoGtR23iDSILmXVoobmNRHPbAncEKjBX7x43gjnHB+e4/qUs0jg6dRypTpVqcmpLXmptNWWjejtom76dD1OG8D7OnWjF06nOrqpF88bt8q6xertZXs7a2ep8i+MLsxG8iMoZYdauIEVSflH2rIO78Mg9OQCeOH+A/GuteBfiXo3i7w9fmw1jRdTiu7C7+8UlMTJkn/aViD/ALJbnpXq2saPoc1lPG+mQu8jM8UsqmF2ZCcOFJLFmLZJOOjZ+9zg2Pw10mctetGyXDOsg2znK8EgrxlgM8Y/mc1rh89w08PSoTckoU4wk5JSTSsnpe6b3SadrX8japkOJp1ZzhZucm+uzsrP3kk+yfR21V0+A8Ta3rHirxX4s1/U5Rc6lq+pXWo39y5Iaee5YO7DOSFY5yASDyM4xWBfQxHVrYrhg2lbWXcOWA56LgcEjjAOOp4Fe0R/Ca2ma6lh1G9heQMCHQupLEY+YHpyeoAPHPphX/wn1aDVbUQaqsm6xeJS8JB5Hyr6gnPJPZT+PfTznAezjT9rbZJONrpWSbSS2v3W2ttDkqZJj4yUlS5k1d2fVSik3frG6etrtLTt4QuXvIESMGNJm255OFcAE8Dg4PBPI4APQza+VCKrEhRcxhQmSpLZz7e2c9T3HJ9ek+D/AIkgkguIpLKQqxLESKjKc5OAOp+6M49TjggY2tfCzxlMkRj0tZ1NwGYpKGLBeo2rxkAA57nAHAqcVmWCnRmo4mne2zdrpKKSs1fa9kk23rorF4fLsZSqU+ahPltq7XSVklqtUr389ei5b/Nep+fBfXEoLJErkoFJJfABIJOccEDofrXW+C5Jp727uCsrRyWhYqWyqMAQC3qM47A5HXOQewvfhX4qjWaSfw/qDrvYoAhcA4xuCjHTngdfrmjw54b1rRb+U3mm38FtJGI2VrR8YQZxgZ3DOPu5B7Agc+PSqUpWftoxb31Wm1nrdNO7Wuyb0vqvRqU60Yv93N2aaTV39lXu0tFtu1bbo3yVxeX1jd39xassUqzxKSMN1IJJ3Z+UjH8OcY2hccbdrrmpXDujPCPLXcHGTgkc9CMMT168dsnIp3+n3W7VJDZ3KK10rIxiIwm4hWOQTu9Bxg9uwgtbeeGWQyRShSm8fIVwABnJwckccfiMjOMlUceaKre6272a3e/Lo1bZpp7/AIvklJxc6TV+Va3uk9Hb1ur/APBZqXHiLVSlwwKsFAV8r8xXgY54Az1+Unn3xX2p8PkuP7C0u7aNVE+hRSsNpOD5pBB4BzjnkcqOTzivhmffseRIpPLfIbp8wwp5IByoPqcfdwAcY+5vAmqvD4T0lN1tiXQoyqNIgZQHOQRnhgcsBnGDkAcY58RUnGMJOo5Jaaa6aXt3vpbzuaU4e7JcsVJ2jZ2dtraXt1+bvdaHV3K+baCQQxs8glACkZIaMgDaSTgHOARyB83Tn5r0jQY9V+IHgexuIFkRvHWkxSoQGzG1+NwYYGBtbbtAB6lcdvpmNozYW0qgsWilcgOuMleW4PICjgnr3IzurwjwBPv+MXhG3cM+zx1pL84yu68Qgr243AfLkeyjaa8OpWc60FJStzxV2naSbjvdtNtp9Ld77m+GjyRqppv3G73Vk+VPb8Grfdqf0w2VnHZabDa27lIbazt4UDjcojitQqpg5yFA4GMgDkjjHBfDRdP8VabGus2VlqkM/ii5tpY7vTra6i8iO7MYTE0Mm1eM7QQD824V6NLNJBp93LBG7tb2UsqoyBizR2pcqR33Acc8nPrgfNHwG+J+u2+hW0U3gPWJBqXju8sxeRNvjA/tKQF7dMAbVHMmDxz6E16cq1OlODnFW2+Homr6W9Xfa9zyqEZVabcPdtq7JXsm9L7tuzslrufjT8fvBfh/xL+2D430uHw/p8fh+L4jaNox0zToUtYEsmnjju1WJCEUygksNu0MSetfpf8AE/8A4Jlfs7a7o2paz4Zl1zwRe2ejxXqxRXImsVcWwlLzQ7QzAsCudwzuHOBx8Vazo+nH9r34q6lqt+bDZ8SdKmt7GchZXc30YZCWAxtIK7QvLc8Dr+8XxP8AEPhvwV8KPFXiLxKjtp0XhosIZGMb3wNgXjtoJeCJSNhGGywDYPOK8OjhcHi5YypWo05KVVtXte121yuNnDm89dLeZ9JVxOJw9PAwo1ZwlKnGMkmmviik3d22/mXppt/Kv8c/2Ztd+D3i/RvDllrVt4lh1/RJNcsJYf3UiWUYbIljG4hwvzE56HIwa+ftOsb4MyQI5lUP5hVmdkKHDZZSSMHPfAPQ8Cv108cT2/x8k0T4n+AvDV5aHwd4A1Z/EdneyKYoNLi8y2h+z7lDbmTY7gE8liOAcfmXo1oiahOU/c+fDdS7Rk9ZGITOcYx3APPAHevksVltKWJqU8O5RV/d5W3a6jor62Wqd1ur9j6rB4ypHD05V1GUrK76ttq1ktk0r2St1a1sM0PW/FOkeTLY6pf2iIfu72ePK84KMWyCx6KB+XB9Z0j4z+KbNHGo2trq0YKsXKFJvlPL54UHsDg59M4rh7BRLBbIAixvcmPa/JyGAz364ycjnnaOuOvvNHtzcNAbdYwbPeSP42C4yqjOADxk9xgHjFeTiMvzDDSvSrNrRq6u7Oyula2nnuvk16VLE4aslzQjdvtrfbytbzWvbqe1eHfj54XlG6+trzR7t2VXI3XEOSCvUABSe/3sH2OB1lvr/hLxPqjSWepadcyNAI2Z5EiuP4QT94fNkhep5OMjGD8jaN4Qg1i6is4rpoJZ5psO2eDGGJXB4Y8AdsccmuFgs721165sIZJUeCeaAyxO6OTG2ckqQT6A54+U5JNec8wxmHm1VUnpq4rordtL6u7s9banRCjh5KO3SScmmunVcq6q+mvTo1+hk3heCS3ZkkdYppQQYyJFYAYz8vGcn1wc5UntnL4NubS5t54pQxhjKqg+8Rg4JPTkdSSBjkjIBHy3oPjLxppQhW01u6MCuR5F03mxM27IALFj6Zw3H3fXPsehfHTVLZ1XW9Gt9QCApJcWpCOD91RgjJbnBGFB9M9eqhxJBK1bnhZrmU78qate7trfz6dbaGVTKo1JXgku8l5KMvPTTbblW+l36de6TeR2zIrrulRGHGQw53YIHGBuzxjPqeQ3SLaWG60+J3hXMkrBs/6oNtBXjHJ5yMDGeh4x12hfEjwDrUMInuFsLiSLbJa3qeWAzYwQ5OMqcEMOOAQTzjpJfD2l3yJcaZPbuhwUkt5EcYbk4IzjryAAe2QDz61LOMPXirTh7y+za6Tt0srJvpZel1Y894CdOo5JSTi9Vr8Wl99LfFr5/I4m9SKG8liWQ7pEjUHdlckMTluecHkjgHqSOuu1v5T6IsZLB4ZyQBksdpJUEkZDY+uR9QH6h4YuYHYxqZiFVgxOWG0ZC44JOSMHPuccGp1ivP8AiWGaJiLZGGeUKjJGQSDlcZAJyPr1rRuhOEIRlG9mklZJX5U/N7L9O5UeenNNxejW3VNxb3v6369dTuZ7WK28IQG2mRp7lo2uI2jJaICUnKk/d4OOM7gDnGeefTTHutTt4FUN5kQUAYIJXGWIB45z04BI/u4DkvLwWrQBSYX8sO23GArkgL7jOV6dcEZzXUeG1iju0edSRC5HnSAgoXVSF4PI7/7PPb5q+ezLAc9L4Yzlay1urNppuyUb3d9rq3Xc78JiIpuztd9rK+mqtZK6vvduW19LRyeEpXstyqQkPmqzBPnw2MHOAdhbK8AjkEn1pR+EUYhZLZHNpHEVIYAtuPfOScc5Ixz1z8uPXrO/SYNFtHlS7YjJ1QqJDgYAyGAIJwDyeRjJq/p9jBq1zqG5VXy44RGVKhWAcoScYxwMAcjJIPHI+FzHKpRjBez5otr3Und/C9W/srl3016o9WnjlyNKq07xXxW1a069Hba2uuzsX/g58EvDfxA1TxHBrD3VvHptnbT2rWwEe2Sd9jNkj7qqARnocngHAi8V/BnUfCniFrCxF5LpjODb37MVlMedqMwAC5yOB3PQnt9X/ArTLaC88YPbRoi2+mWKSkEZZ27oSem4+oJyOte7a/4Jj8R2X21kfzdOsknjTZkERgMQdoGeg3A98nJABr6TD8C4LM+HMPUpUI0sc6lWq68XK86aqNcrSdmkk0nZbX2sfNYjinE4TOqtOdbnw3LTgqbScVNwhrFNN35pXfvO68tD5H8N/ATUZLG2lh8a7WnjF1JbyoSEG3JjJZjkg5QkkY9FJAqxcfDZdD0LUdVu78XUy3saBFcI0ZV8blTOXVsA5HTHoMmjf+JvECS3NnHNJBaWdxcQhYlKyHaWBBkyAoJPGMH8TVTw9q264h07WUuLmDUHlMUssr7kcjau4nKlVbDZAxjJ+bg1+Z8QQy3L6LoUqFZOC5JTlOUoSqrkV1z3td3206JJH1WAr5hXjGrOvT5W1JxjCz5HyPlv0tqrp63PUPhdbNDqULomx3DPKdpLMG+ZTg5AyMDII5K8dDX76fsu5X4ejk7TPG2T1A8oYz1PDAjnPHHPBr8J/h5Eo1sCNyyRAx7TjAK5XAfHOMbsZBbseor93P2YVZfh6FKBQJlwV7DaOOBjg57kcdM81+ifR6qOXF1rNp4Summr6csE9132131Vz8s8ZZRlkidmpPEUXZpq75t769bJ/J7H0cQPrz3H5Gj/AD/n8qDzx7fX/PHHf+lH8sf/AKsfrX9uPms1y9Fstfs/5a2V1qtrI/l/z3v/AMDr/X4BRgfice3T1PH5fh9U55x+HT+XH4c/XvS/5/OhQbeui/HXy126/O1x3W/9dg2g9s568fXj3yOMd+RionYjBwCM47nPp8vzHoM9eevU1Ln9eaQgHr09OOv88/jVv3Ukle2/m7pL03v1btoLb8u/37/f941ARn5Rhhk89OvYY557cc9Ac07IUYDe2M5HbGfxzjnnt2pwOOnToR7dxTQoHQe9TzTdrXe2ummq2s3te+3TvcF93bZ329fTfz7D84IJznhiMkMAM4xjPXOCOenqABIrE87skkk4OcnIOeBzz0/LqMCBg2ckbmJxuwMtgYxkdCD/ABcgjjANTRgDBIwFZgRjG7k9RnIH8vbpVRc0009FZt3vfVN9n2V2lfffZXa87adtdLbvrf11W9iwj7skc45HXOD0GOo6fXNTxk4IPOOmfQk9Pcdeg56c9a6bSFGMcjgHrkg5BHIGQPc+h+6JkIBwCMgnGST1PXAA5OfQDp0xz30Km1+iS79rXVvPWy0srvoT9ra22jtrqk+m17tPXy2JgAehAAyeOc/THv1/+saQnrjnHUY5PcDPUDnJx/jSFumOR3ODwMn/AOv+VJnOQeMjBI44GenJ65wfQ8Zz17Y1Frd3t0tq27bW3Sa6eXkFlzX5rpbWs+qt3b7et+4uMZ7dPTn9epPc9sd+iHOQBjnPXoQRnA7/AIenOcUpHUE5z6gY9OuCOTzjHUdPWMrgjDdOTnsCQSeeMZHIwcAZzzxHNdt9/Ky7Ls99Ou3nq42u9tbbbaJXt067DwAQdxBxnnAGCRjpnjJJB55HQ96MYJ9z055zgY9snv2OeoHABwPX17gH8Tg8c8c9D3NP5xkg46A49M89s8Dp1z1Oc0w320s92tN43Xnd7PR3XqNXByQd2c/oeR6Y9Aenqck0h7nGcnkDgkZAH5f8BHPOMUuOMAdegAx9O3Bxjrjnigg5A6gc8fTg54x2wBjueOaP6+4Tgm1d63urrXS3XRv9dwz+GAOOADnp2yMcjsPX2jZiemO+MnHr+POM8e3Q1IAAMHHU++f4jgYOCxySAOuTnvRgFuepzjPoOSOvrz+QPYUvXV6L8t/Ly6K2rHGCj59PwSd/mnfbe1injaSGbgdzxycdhg9PlI9PTk1XLHBADEZxySM7uMnGOB8wxu4z1xV6RMLgDPbHQdgCeCD0Jwc+/rVfylGMYxjDDBOWHXOB364OQB34FeXi5Xk7L4dFfS+3RJLbbtfbdlrVJdE+y6JXdkultE/e6N3SKcgPP1JJJOSOCOODjpx1JPfiq77yob0BUr+q9zhiM4UZ7jB5q+0Y38tuG3GTzggfrk5xxzk4xjNRmAnPAAwAM+2cgnHJB9iAeCMcV4OKoSrX9x66Pe8npbbbureafYuNoSTdndp6XtG9tXHRX2s9HsjKfcTkjaD94N03Ec9MkEnr1BwABncaj8oA4B24wMc5HTgA57diAQSSMc1r+Syj0ByDnA3rnPJAA79xzx1x8yrBtIDEYOMkZ6nkYxjpyRkEAMQABjPh/wBiTlJS5JN73toleNuiT6K7t11OtYqMYKKl5ac1pX5dW2t9b2tbVN9CnGp4baM5G0EY9sgZ6Yxyc84xkdLkau+5ipJz8xAPU4yMdz7A4GOQN1WEhCgELyOF44APBPtnseRxt6cmbygDjn5uQBjjBxwMnv0I5yecHivewOUeyjF8u1r6XTbtdN2va977+d73XJVxHPd7u/Ra/ZTafRX3to07a9IkAA3MCTuIJxxuPABI6d8jHpipd7AnjOAQOCemScDoMDv168jOakCgjp25JA6dhxj0/D045YUIzkHPHqQMk8+/48cDqck/RUcNypKPNdpXST/uyu29Wum71tdW0OaMlPXd26tLyVrbb91d9NmkUliAvBGOmeg6fkMnrnAP4yFSGz/CcA55AAzjntwAQcEDO444pAh4IbHUkY6Z9T09uCM9OMmnhTgAnIyfbls+xJBzjBAGcHnjHVCg38MXZ9Wkrq6vu9N238tBtpaNbW627W6X02V9f0YVZiAeBkjAZSeQPpnIHHQjliMYpD8rNnnocDkKAOc4Bx69D3JqQqFJZevU9R052jjA44BP3uCQaCoJJxgHjB9e5wAeOnXoB1FVLDyUdYv5a2T5dtGrt99VZ95XXO7p8q8316JdE/n+CW0ZIHpnqM+/v/Qf/qjEwGMseegxtA7c5J756Enr3IAmKDrkEn0Ge5HfPsOgyeh9IHickYHUgHgYyD2z0HIx64zwCWPNKnUj117a3s9lq0otpdyrw6qz63Xp/X576u+0DgZ6gjuMBc+3JPQAAZHfB5PPJxzkn17Hr0HGQB/Pg1CYDgDqVO4+vXJB6/dwCO+exxmpVQ8YBGeFGOevXnBHT5uu3jOepKfNd+0TWyS87pfe10d9b2avYp8jV1v1S1u21vZXSs3p366pKZZWGASCpyeOmeCOcYwAOnOevfJl3AdCMHsOvB549P6nt1qJY1CgNj5i2QQRk4PBPXjH0HY8jL9q5xnk/MOuAB0744A69uOeBXTGUkkk+lmtVZqy+7q+3fYmSVly3vpo91ouZtX/AODqvJDywH+GDn9enbjjue9N3ZBxjnr0JHY8d/THXnp0oI4JAwOuf72R1Pcdxz1J96QAHkZ64xjIweoYDHuCGJ2/XFJTkndq6006dNH11S79vIhws76Lzte+3fX7uz0drDOQc7iPmBCnpx2HcfqTnk9cTAYGMZAGAMkg546Acbex7Y5AwKQAEngcYOAMdRwPY8ZI9x0BIp4/z2/TtXSmp2ktraq1mtI2X/ktk7N7Wt0eq6dL69nZK3VbW7rpYbtXGCMAd8Dr3OOMe5zyD+JYyEEjaGXA4Hy+nPr7gDHHGe1SADAA5A6dzn69aXBOfbgjHvjH1zWM6cXstE7tLdaRte+t9b7O6e195v20vp3v1/R/1vUKjHTHAzzggDGTjGM+uBk470pUHgjgDBGOec8cduuQO/1qwVDZJHqM9Rxn0yPfIIOODxnDGRgQOoOcH2HucYx0I9celcVXBxlqklfZ28kravrpr036lKTunra+yd73tffzd/NoqNGAB8oCjBwD1b26D6cDnmvO/ilEp8FazngBFJbkcDIwcYPJ55JPXua9LfPQjjpwBjHX05+mM9TjivPPijHv8GatGcDzEAz14bIHOOQcnAwQehz3+S4tw7p8PZ2+Sz/s3FJaLX9332u736dfl6WStLNMBfRLF0G2+3tIfps9dX6o+D47GbWLvVVlMiadY6RAyIHAV5cgq6jHzYA4OD19K9D8L+HX/tG4v5E8u2ksgLUuoLP5cJD4GMbQOd2PyIFMn0xdPjvUjiUmTQ7dnZSQA25dzMMDnAJ5OPm9QTXpdvstdP0xYwGcaXMyDJPLQglivQDJwCOpOcYOG/iejh1zwlVv+6k5zvZX5p2UU39lJXtt1ae5+8Y/M5uCp0WuWqoU33SUIydrO+sk9bX1tofBlzalPEVxIi7gNWuxg5wT5jbcnjbk5wAT374FdZHBEHKyqV8ybG5uiMRknOBkfd9Ap69RWdcSRRa5Nvx8uqzlmCnn52PIPTAxxyeBnnNe1xeKfhYNJS3uY1+3JasZGeFs/acfNk4HTOefqOhI+dxMXUk0pU4WjKTc29fetypdZNW0Xa59fiMZVo0MI44aviXUhSjJ0Y83JeMfeld35baOz1s3rc81e00uIXIlli8xYHkL+auWDoNgAOBkk446Y/ixWdp+l2GqWoZry0gJUKBlC5TcwJZhwCQPfnkZGM9sLr4bXrtJLqcCym3fzEccb2UhEXA4CnkAk9cHGeORttU8G2NtDH9ptriRVuHbaPllzI4QHnghdvP8JJ4JAx5E6VWdG8I1U5SSur3auruyd1dpJddt9UdNDESqKXuYiElbSULLu3ro9raO+r8kULzwzoNtNI76lHI3kviIOHyTHkHIX1HAJHOMY5NeKTaZYySxLFO6yRm6crnJVFdgFXA5DAYPfqQVxx9ER6x4IltBLFcWIuxE7yJL8xy3AXLHcOTjjB6/SvNvEWoeGhFbHTpLKK4ZJ1kEewlmcMAQV6B9yjB3Z6DmunLoYmNXlarSjOUUne+jlBa+9fmTXvK+i1djsp4r9042qKbf2lbS8W2tbdGn5dLnnvx7sYLj4aeEmlyznVI24PURxKPXpwvUYGcjrXzrocax6aZFZgHmnPQkhVRgoyGHUdiQR2JNfTnxyki/4Vt4WVpEUx6kuckAAi3Rs88jnhTx0Hfk/Nvh4xS2lrEzhctcTcYIILNHtxkDB9QQRgcYFfb4OnGGLnG7vGjBx1+1ywdmvWVn89NbmWEqyqZfqtsRWWqVko1L3bTva1rLfRp368v8TtX1C38IW8cVxtiF9aMkZJRlIRTkgEEg+hzkg++PmHXby4lu/tFxJ5slwgwSFGBtxwBkY4PzZyBkZ4Ofsv4i+HbDUvCd158e1oLy2EZjO0KWQYPfc2QWGd2T6ZOPkzxN4ebT5rc2kjEKCrGXDb1BJ9M8ei46A+45s4m/brmfM1Sptu+is7XtbzsuiWqff6PIFT9m5Rbuqk9WrX96N+yTtpbVLdPVW5rRbK/u57iCCN55JUAKxIzjaQBhtuAo3NnOenPfNexfAzT4NF+LPg6y1W5hS/utct0jsY3EkiMGBAbaeSO3TOBnivGdH1XxBb3V5Fp0wtBtxIUjwzKp+8p6hyB2zwDzkmvRfgBp01z8e/AlxcPLNM+txzNNMjFt4AcYYkjAOSoOMcfWvHwfN9fopOz9tS5dLybc4WblZRtpZqzb1Xp7GZQf1HG80koxw1Vtxk5SadK6TbdkvJLXR66M+iv255ni+Ju2JWkkS3tgAyhhtCAgAAAjkc9x2JxkfFer3XiOTQriR9Phkt025ljRvlMncqCM4BI7cHivuj9tW2Sb4pyuTtIs7diT6hRjjGDxnOOMEAYIOPnFIo4/Bssrgt5975bpydygjjjGcHA4Hf8AL7TH0HXrVZySuqrbutPs72fS+vm97uz+OymrCjgsGnZpxpxi23dL3b6rSz6+XRI+YtMt7rUIZI/s0cOybYWMTDd1PcEkFh83p0J7t2mr6hqw8L6FDHcLDa+ff24TYR86EZY8kDBHykc4yc5zWxaiWzubww2xkjN2VCuoCxbwVBBPOQTj2OG68h/i2f7D4X0LzoEGL7UNkhCgbmzubgABctt6YY5ycjdXnOEIujBwWskk1HS7cUk27XuvLzttb31U9o4uN7JpXbb3b6+S37aPS7t886xPql00TSX7SJGyRhQowAM9VA+YjsRgjOCO47++0u9k+G1vcPdF4k1bMahQQoOAS2enPseBkYyCMOyt2vrVWEMZaW5ky/GDtbGDjp05PG7oeOT6vrivZ/CmxVY0d5dWI2qDweMgbc4UZ7jt34Neoo2lQTsrTi2k7cuiTi0vO/RtW9URUbSilfRrp1aV15bab236s5v4W+C9R8UayiT3UltaWkbSS3sUJxyBtjDE56HHUHd27V7V46+HgsZdGgttVvPs1sHeR5RlPtGwEEMMEBj0yTzwNuM1mfBHVE0/T7izkRBLeO6o7NhiFOeDkZC9xgEZ6ZBA9F1/Wjfx2thhJLl7xyVDhpEWNWBO0HJGATngc9BlRX12HVKngm5XdVxuldNK9mkk27qzWluvU+OxssTLMIwUbUYuLaUFZpON7tq+t12dtLOx8zeCvA134i1668Mm/ks5Ll9QuhclCyzopVtrBgQQwHAOQOgGc17DB8EtXt9VgvP7bMUcUWGVbUBJHhDBSy8LuJUdOx+765HgjUWtfiH4fikTZI2oXVinG0FJWAyzDOSo7Yzxg/xV9xNYqVCMi4DS/Mw6kI49Afm3ZO7BGcdBx9pwVg8PjMFUqVIpVaOIkubVaWi4q+mvrbot9/H4mxmIwuJowpyioYijTk9IvmcbR1TT7d1orJd/zS+B/gnxDqerfE6Sw1YWgtfFNxbzhreOTzmRx8wypCgE4wMdc5AyB7dd/DnxXuDnXF+b5Sfs0IB3tjP3Rz15xjrwcc9D+zBpsUl58ZmkQHb4+vlBxyAuz5gSOhyeoGAQvPWvoHWbdI9kaquzKrn1G7rwOTyM+nXceTX3WV5bh3gKc7TXNKpdKTSb9o9Gk2tbbp7669fks1zevHMatOMopxVJKTjFtP2dJvV3ta1km7dr6I/KzSvDmp3n7THifS59WuLe60/QbYvewLCTKuBgbNpUAZIYqASCSc5FfSY+HOtTyA/8JNqICghj5cIC5GACREBkjBX3PocV5zodso/a/wDHsSDKnwzbMOOAWxg9eme4zyDgZ6fZlpaKcRkBpNqlSpUsAMZUD1A9eRz15pZbh6Mo4mMlJJYqrGKUnGyUlZXTV9etlo7u9jTMsRUjLDyfLKUsHRbbjFtzcU09VazuktU3stT82fj/AOA9Rh8dfBnTptc1G4uLzxD5NvMwjV7UuVTzI9iAg5OckHp3zg+/XHwH8WpNMr+MPEhDuQu4RgEA8hSqdzgAAAlgSScVR/aDtFT4z/s+fKVU+Jl3KRkN8ykcdT1I7HjK9Tn7d1m71f7fGkS2xsIppVJ24fJY/KTzkDIPfLAAgZrbCYXCyxOPlUjOUYVqEYWnqr0qbet05buzd9vUrFYzELBZXyunGU6FWUnKEdWq1opXV1ZX277O5+Wf7RPwn1LQvAFpPe+JdavifE+holvdHKI5voFLphQA4J4xwCOoxx62nwp1gQWci+JdfniktbN1U3ZUIWhQ7VHXAGNuc7SAB0FdV+16zr8O7FXdGDeLdAb5RjBbUIWwAegB+UcEDPUkc+0W8caaTZlsbv7PsGUgdMwIcc+jE5z39yazhhsM8zxUIwfLCjR5feejbbls0mnZWTulrpuVWxmI/s3By5o3lWrKT5Y6pKjbRra99tWttz488b/CfUbDw14huD4k15V/sTUZPLF2xDBIHO1scbGAww7jPzEnnzX9mjwP/bvw20yWXU9Xgdp76MLFdyLGMTsAVAwuf7xU9yWA4I+y/iLB5vhHXwDlm0PVRgZGQLSY7epzjGcngY9Bx4n+yPan/hVek+YGyt1qZBRQc/6SwxnOfXPX14J5UqVFZjQioPldCfNfZtuFn3v3Wt229E9IjXqvKq8nNKX1qkk+VL3eR2SSXV7NvvbsdfD8IbFmUSa1royjPtF7Jg4QggnPHfPHU5A5NfEfwd+HDa7qXxk/s641aWbRvGVxHDGl7JGJSC4PmEMBITnoQCWx0zX606Xp7FmaSMMCku3O0tgg5wD93vwRk4b0NfFf7JtgG1T4+zlFIX4kXSbmwQP3r4HPGQQOc8HrjApYmlRePwVNQajKNdz5XZ3UIpLq97Npa623DBYuvTy7MavNecHh4xUkt3UT9NUvktVra3A+AfDVm3iDULPVrS4eaJk3RzXEzBJg3IYGTDHpzx1HOCRXyJe2NrdfEX4n2qxstpbX1y4ijZggMTkYzkkgdxnkkZ6AD9UPFXhe1tfEkGtWkZiluSTeLGpCyMhUIxAIVTgDjgEEY75/L+yeO5+JHxgZcOIrvUEkHRVYzE4PA2jPbjA6e3JiKCi4QdtKsrNvePuvV723b1+XQ66OM9qqlRrelHmWllLmSsvna666X7PnPDOjwWFnqOuW1wI7mOeWSB3jbgDOEVieeTu4xjGAMAGua+IXizUrW98Mw/bn33VlObhCpB7EiNCOC4OQ+dpHAGWFek6ZLbPol1YmKHdAww+5cyDqQoHJxwM/eOOuOK8m+KcJbX/CTmFB5diAQNoABVckjAPue33iTycYyScoJxTS5t07XSS3vv2Tvs13O/DT92bkmnv1utldJO9499brrqyRQstpDI+pXYNxBtSESEHdng4HLE8cZJAOOB8tdRcWEWmfDbxLJ9tnluJY7eUvIx/dFecZ7gYJBGM4GeDxg2sEKwQ3DyQyFY/kQOAEcYwFyCOQAOpOQf7wx0XiOaNvhr4laOMEtFamUggHOSOgOR0x68g4BxjpqxUYRcVZWjdWu1eSdla+l1fW2uiuYU6qlWkm9ltvfSNm7NtO99Htq+zPHvDtjY65ZB7hpPNtmSUNLI7PcZ+V2UfLhRtxkEE9AeCa97+D9jplr4i8QG1aRy/hjWI3iIdkiP2Zt2Mt1wTt6528mvDPB2oW9lZOsywRytaRmJzIpZRgqfvc5O45OOSRnmvfvhJdaeNd1Oe3MM32zw7qrXB3A/MYCCi4B4Ug4IHOTkkHnmqJOlLZfCrbW1W6893vo763aW8W3Ud2l7qvpZLRatK9+71VtOrsfK/h+xhln1TAkJiublkVg37xxcSFSATwOcgY+gAGD6H8Fl2fE/w277yP7QuiVYtuXCY2/MTjnBHJxggDkVj6PZx213ezx+Vma4uTEm4gqEmkYjGVJBP0IHGOfm6r4QCT/ha+g7xH5LX12wYY/uMcYyGxjION2QQMDOK9R028LUSjf9zLS3xP3Ve6W6T100Vn5LhdaCrQ5re7JX02ty633T1tpvfc+f8AUvNX4t/Eloop2Nz4iulVkB2gea3BUrnoMdOecDPS/quha3qMMpcyBUaOOKMoScGRN3KgYGB8x5x16c13ei2ttd/Erx880ce9vEV2iuf4sTyDIJPJA5BGRkckggV6pe6bbJYTiNFDK4KyHnlmUYA+Ygj0OeBg4ORX1eW5YnhaNRtJ+yhfW1uWMLK73Urq33dGfGZlnLWMnTgotKo+7a96L2uktdEn80nY+e/2jtBvrrxN4bitYQZYfBOkIxKkhnAXKhSc5JOcjkk+1eKSeEvE4s4nNqEEI33CqmWAVejDljnjHHB28/Nx9sfF7TopfHnhePyvMCeGNKYnkEElSeSRx1OCccZO09ZbjRrcW14wtEP7oZXIBICgZZSATnIIA+bAyWHJrpw2E/dWv1adrWcm7/c9m/vdro58dmko1o2gnd099Urxi21re/lsk7JdTyXXJdQ074SfC8srifz79Xtwmz5mdsA5BwW5J47n0zXL2ZnlXbdWxCtA8ixscCNyxYbcDBbcc5PO3n2r3X4kWFmPBPw1Xygii6u9qspxwWyMjGeedoHy9OelcdFa2v2aKZkikfa6yE7RgYOAfmwOn078dvJjRjFyvq/aSd3e9lJXutLXVnqmrXvfc9etjZS9g7yV6VNtXdrNQWiW2/fv1tebwRJcJ8MvjFM8any9Hty2854Em1WIAx6YPOd2eR0+YNPvIYba3miaRGuLcLLJGW4ZFJCqwIHGOg5U4Ge4+qPDylPhp8b1VFUNpFqqDcFBUyFuOcDIx24J4PSvlTT1ih0zTg8cQMcWGBfO5mUlWYH7pOV44yMdSRWtGkpxnTkr3kvdaT3jHTV2aau9Ol9dyHVlDlqu3MlFp7NtKNntdWe6bWmvke1/CbW3tNX1Yf2jq0Wzw3qkvmwXdxGWc2soUtscEuMcE8ncSeSBXzvbalHe7bmctPMs10jNI0jSF/Ob95K5b5mPJaRuWI5zkEe9fCRYJdS1eGVItzeH9SyQ2GwY5AvUZHJGex54AOa+fLXS1ileJUQMl/cySbXKkKZ225XHTaDnpjrjrXNTy3Cwxc2qUNVTvaEb+6tE1bVd18vI9CeOrTwEG6sr3dk5PmfwaarWz6u+mx6l4SNo2paXA0Fv5sl/aqynLEgzKV25JI57Db64J6dl8aDIvxIvrUMyq9npoLnJVV8hQwHAUAADByP7xLDluK8MW7jX9MnijTYt5ZndtLqMTRk5boCeh6YGFHzNivRPjEtxcfEnUGjjDq1jpxyF4UCBQSMkBVBIyeDxjnAB740qdHFQjBKF6bSaVlb3N7Wsrauz207N+U61SrhavNL4akLtybW66X626K23oc1HpttFEbhzGGRcs4QFmG0/NkLg5IODyM7QM8V6N8UbbZ8Ofh7Irl4RvmX+HDLMo5+gPGAMDHzEE147q+qahYuLWKKMiSHErFc7htONuSPQjIxkdfmr0n4lXt3e/DD4fJsCypaXDybWyVTz4wq7AWIPGRld2CRjudaitVpe+23LRLXXk7ddLapbr7uVSvSm04tKOqb1taOiWyWttNNOpJozzLIzbSdyRMWycZMLnA4wBzyAMYIBJySem+BFtJHp/wAVpUAVpPD+t5YkgsACDnJGdwIBXsvPGDXF6PdzpaQnkOUiyS2448lgRj3AIHA9j1Ndf8EppBo3xTcswCaBrRYAYGCpJwOp55OSeg9yeirHmSjdpb8tvhu46edt30XS19OKhKXO3F6qVlZ3e6vfSyVvluj57+GyQx3WpxoVKtDNuBGQXZ5cksAM5zggrgjr92vUNJhWxfT0tyQJpLgSLtBGSDnjv1G1cjjIIAArwjwVrctpPM8NlJPJMk6qkZz5gV5CxIIGCAMlh90Zr1/w/wCJbubUNKtjol+ry3BiVUAeMFwcOGwQ2AcnAXkjBHWtab5ab6NX5nvZNx28mld3Tu2+yR1yg2/faVtltzO8bNJLblScdk+3f9S/+CT4hsfjbrbrJh3stYXySCdu5o1BIO3O7cB6cdckZ5T9p7wlp8vx9+Lk15FHJMvjOedF2FWUSxwkkDPrk5zycsScsDv/APBMFhZ/tB3lthjNLDqIZCuCjb42OT6DOCBjgHvxXRftckxftF/GCNvKGNeikPlYU7niiyMAHA5wc8gDGc4I8nhpQ/1/rqOjnlMG0+v7yDW+mmllo7Pbv2cR3pcEU5ptOOOjHmT1Ss2+nTrp30dj5E8eeBbGPw74aghiV2l12yc9Ux5jBiAoPIyFyMjr8vOKYfhtvjaJ1IcyHERjWQYZgMHcOuOeCfTGDkdx42uGk0nwpL3HiGwHByWVTx2+o6DAGB6V2sM8KzwzygKGbYFfhicn5vvE45J5A5BHrX9B5bQpOVVqKaTg3zRTXvKPvaK2m129bo/nnOcdXpqioVZLmU9btp+9FaOKWy6O/eyufKPib4V6JF4n0m3vdNtbpZNGuy6SWyrliCwbIVWJBwQecY4auUufhH4dQlra0urPKxhZLKeeIqzH5sASYxjHKgg56fKAfqbxWsU3jvR1JLgaBcvjpkbWwxPqfYEcc9gaktpHhVjCEARDHAOSxJzwD0ODkEADIGWyd1g6MvrHtKdOVq9lyqzS5YaLe1ru68/PXPE5niKVPB2rTX+zQbbbad5J+9HZ6Xt8tNbr5ef4Z61p+salDonivV4C2mWk0SXJ+0qXL9GGMnvkZzjjG7Ofhj9rO28S6bqPhyx125s9QQQySQT20Bt5mcryZULncFO1twAHJGAea/Xua2E3iO42KABo1oxIUN92YgsuOeRncTkg8dBX5k/t3wKviLwikQ62jK5AH975jnG3PUAHG7sSK8LPKdOjl1ZQU1aok4upPld3H7Ldrqz6NenX38hxTxOZYZTUJPkUm+RKV7RTaaSas731fy1v8ZWF+q654etLjS7l7pjZJZvEQzSvNMELeWOSqKQcbgRg9sZ/TDVtP1OLxL4c03V7ePfYTeERC8bAO0c81s2116h13ZKnGCD34Pwj4X0O3vfiT8Ojlh5dxp8TFQDiWWSNY87iQACDhfu56ZJIr9MPGdmV+J2l7STm88MQZYclre7hj4ycZyueh+UA9Tx+V1p/vGk7pU5dN0tr6dbL8D9eimoq7vZpRtpdWj8X3LbRNPR62/UH9vK3MfwU+EtvEr7pZraFYyvyhRoihAScBgT14J6fh8B+PPD3hC6+Cnw81yw1Rr/xPBavpHi6yUrt06Q6qHtLfy1+ZS0BWRXPHIHoT+lX7fdq7fCX4PpgDy7yyYjbhmI0VMjGRwTwMevOeK/HHxpYz6fpNreWTyWyXLRXl+kbuIpXjuljWRoydpKIMAgA574Ga4MtTnhKKu4xhUm7JaNc60b10i2mldd9k7ViI/vpzjZS5EubW+0b2V9Pe9b627Eej+KNf8LXPjDTbG9e/wDD2ltY6mugXm54pZV2ndFIxJRh0xzj36n3jw94p0rxh4i8HXemf8S2+ks5XutNu5BDKWkjLsLcsQrxqzYVl3bhnj08Ptovtb+NTbxx3Xm6DayecNoZSwjOMkH5jnp16465p1tZTrrvgZbhXgkisJZElhJSYARnaVkBHI4IAxgZwpxXfOKu0lG+sko6NrRvsra3307u5zRq6++r3vr0XvWtd2bfRNLoz26Odre6s7J2khl/4S+dxuAAcFmPBKgMMjORk8Yzk5rL1Yu/h7xgrMrGXxLag/NwCLheBn1wCTycdcZ45/SPHMFlaafHrto+ss/iOaGy1FNqXNgxcx7Jgf8AWhs+ZIcfKV3ZyM11Gp2yQeFvFF0l1BfIfEFpM/2dg7KvmJIFYLkgjOB7+oFZSfJdShy2tbqtHGyvor69Hf79eiNptSi1b3eZeV46N6K+lk1a3XRnWeKtGmvNW1y6gjjRrT4fwNMGO4FFhQHaRnJOc8Ej0OMVwulWimP4ehIiZZ7G72eUDklEkwSfU/QevJJr1L+3bZZ/GD3SSK134DtoIVbAO54AF7DbjPOccdhndXP+HYYYrj4XGQhgbDVVKhAFAETkbjxkc9uAQVAzjHjvEcjcXF6q+vS9NPm9NdEtb73PSWH9olZpbar4vdlTXvdm73X+b189s76aHT9DdZZJHtPF168kcoOCPMYYB7nB45OOnIFWVlt9X8O+K1VIxL/wksLo2P3sf77IQk8lWJJzkjnpitaS3gXSdDaJoij+NZ1lTaNzBpWDAnqQMng9RgYPGcq90qO2tfEV3BI8O3xXawrHGCEcvIvDD0U8qeoOQAB93tVeEqa5Yta2va9vfjfe+jT69Vpcx9k4uzV7w20SV7NSi9dd39ne3KtUsW+0+6/tXxTPiS3ubLRbdrd4NyqAI/8Al4VeGDHB5GMjjjFd94c8fXdzfeEbHxUsFvHY+Fr1YtSTbHC5eMiNX4+82MHGOTyASBWTqF1dW2o+LxLCHzpdqjuVC4HlDZuB6qwYk46Y4AwCS407T9SufD6ywgJ/wjNyGhAIhlYxMwfdkfOGPXtx1ABrOrGlWilOHvK3LJfFrGLvrbRp7Pd/M0w8qlOTcZNwU9r2vaUXs1q7dLWt3PWNKS2vtF8N3AffCtjrc2+Nt4lUB8FSvHAIOT7jjFfE/wC1NGVufhsts8szQ+Et0cQbGWF1OxTBycBTgjHI9O3uGg+J5PAqeH9K1J5dQ0PULXVLe3kUEro73IYDkgmQAhBgHKgk4xXl/wC0hBpFxefDr7dfSWVvF4UlaC7gBIdTJK6Bj94M5IJ/untk5Pn4XDTw+Z0r3kqik4yXTbSzaWqXXRu1tN/Uq4j22X1eV2s4JednGO9tHbe9l0fU6H9iR757j4wRvCqmXwQQyOc7XL4DBW6ADBz6nBGMZt/t02iwa54EjmaSJ4vDdhbTKc4XZbpIAM5IBLZ6EZbgVkfsaTImsfFYpfSSKfBzRDghivmoF3g9WI7sCR0JwSK6T9vXEniLwvG7CR49A0qTcXGSslnEoOCMZGMAcc8DPAOMZN8SSbdrKKa3uvZQVtNdk9L76X7eg7/6rtSs3dvVprRxsm0m07N6q6V9tj54/ZrmWLx9fmMs0beF/ECFtwxg2j8dBg8HHccnjlR55qt0ZftXkkiS2vbtmO4AsfOkAUZVshuRnPB7ZHG/8A53t/HbpHI4Y6DrKsRhlINs3IyNoJCgBecHk8A151qGprHd3xhMknlX900oOArr57nn5QcFug5wQeSQM/V2tWc1dpwSd+jert3UbJ6/pY+NdeKpQg7q0m5dUtI7JbJJczdrq3ZnoGtXt3B8IbKRItsjeIpkcHBdWMQbIBAAGTyckgdOqlfsL/gnLeXM3xE8X+bEsa/8ILfEOcANxKSx9DknBbp2yRmvibxBqc958JrN2bbG3iCUqGTJQGMYwwwpJ4UDPGFzjFfXH/BN6SV/iH40P2gnZ4F1HchJ2gGOQHjOckAdAeACMgYrzM2beW4ty7OK268mrV7X5m9vlukdmX1ebNMGk+aNorVLVJRe2id/N630OQ/bsvpF+IHhJpFyieFmT5Coba138zcDgjk5HGCTiuRvfHFrefs1yeDLea6ePRdZhv7dWCiAtcRKZH+6fmViVA6ZXGepq3+3heeb408JTHAEnhto+hHypdbSRyOWA+vPPcV88xusXwv1do52KfbLNQoJ25KrkYJOOQScj9QK9HLKTnlOAV3aDpy3s732Tu9L62211OHMsQqea5io3s4P8ErvRrVrf0XXQ4fT3nW/dwqMzmJ8BcyFQ6kbvTcOTx147jPsPxgnivLTwxAsLwvHpMU8hJbDEIqjaC2AFUjkD3wQTjwzw9dyHVJPNkfbsCYZgBuyCvoeT0X7re2SD6z8T7xVu9AW7AkI0aBFAcjqFxwvPTnHPfGMGvSrR5q1G8tVzNXXkndabvpZ6tu+x4tKXNgsRa6jKfvO17NyV9LbJ9rtq59SfsiWto8niFIldna00h2ZxuCFNRtyORwoIJ6jOM846ejftA/FjRPhx+05Yv4s0nTtc8P3enafb3MOoWIvorMSxrm7jjYk+egUiLGcnnIJBHKfsfWMayeJ5klTcdN0t3ibO5F+3W54PBLZwBgc45UEg15b+3jE03xqLhQjiy0c72AARSYyT82cEA4zz0445PyGNoPFY3H4aUpwp1KFpcjaknypJxkne6T6WtqfV0ZSoZFhqsVGUo1oxScU4tc6drNPe6026dT7j8N/8K8t7KTUZ9L+H1za+Jp9S1LTV1TRdt3BZSxu9osoUhkeRSCwbGMLgD+LzDVfhH8J9b+H0fiO60/wY+tSeJxF9ltHaxkMBuf9WiNITtMa4zgbQCf4q7jwx4eubvw7oF3H/YN7DHoNg0ccssLXAItA2XOcKRjBXaSGwSR1rzyfR4z4QvZrnRtPlePWGlzDcIFgT7Wihtit8q9FDADGOOnP4tTx2Op4mrRo5pjabpV+SMXVk+RKSSXvPW3Kk3029foZUsPGFKr9VoyvTU21BLdRclpfS9tXsm0dJ4n8HfBfwN480O0k+Gunaxpl94ZeSddL1yNfs93LGFjlkbBCKhPzAg5J6gEmvkr9qL9mTQPAGg6P8RPDV5YwaPrzrv8ADkOtw397bTXWHaRvK+ZEgwAw2jHJxngfVsnhn+2PiJaaY2hQyCXw8GUC5YeXD5Ik3oWbDMzLjBIySMcHn47/AGjtc00xv4csbGSxvrOWJ5bd7iSaOOKEsCVUsyqznk5wS2OcgV9Zw/js6xGNy+j/AGjWq06NPnxKqNSjNSb0+JtNWtdK+n3eRmH1L2VSUqFOMpvlhJRUWpJReloX21abd9rnxRqVjZaZbebbyzRStIrkJIxH70ZGOgJLDkgZxyQBivpH4EfADx5428I6z8YtKltp/CHgm9t7DVEkvUXVpbq5fcXtIc+a6IFKyMowAR8xAGfFLrTE1W3sNOBiF1cW9xco0ziNA0MTuFYnovy8D1wB1GPur9m681DQPC/hrwZauv8AZ/i7wxr3iDVo8OoluYJB5DXEYYRsYipMWUxjhgxxX6XXxNZYjBRw0oe0qYyhGo3G/wC6TTqPym4q0W0rt7nzcMPTUcRKonyRw9SUFG91UtC17PRPT1XW7H654K8JapHY3r6jc6DM92scyYkV2kYKNzMWwzHJYnAweMevg3iLwjqGi65rFtouuPewwGJo5zNIHKuCSFG/5iOTnsCOvGfpTxcx/s7Q3nSNw2rh5DsLHaHYcnOeR2I6HB55Hl/iC30qTxRqhYSRMLdWCoMAEp0GSenJyAoB4z1r9ahSclC97uC15nFpuMXommnpd+qtfU+BxVRRm+ZReru3a+iVl1v5X6q9jzPQdU8c6DvutKupnlnuMXRkTduYDaDySwOOBjqMAZHB0l8Z+JrKzvLW9sBObm8E8shiKMHLBgMnoDkYyQQSfrW3pFnBcQ2ccV1cRF7yQFgxZflPHTqSR1OR9CV3Sz2d0sF8y3e8Q3wUrNCJCy7gNxychfQZbJHYk7uunDER5ZU6so2+HZJe7G9lqr3etrd0ed7ShKV504rRbR5Xqo9rq99fSyuie0+JCSXCi9064RzFDGHgO4okeGYhVUAq5znbkHnOSMDhfGerWeqaLP8AZZJQE1uJlWUFdqvKpxyQSMk7gMY4YgAg16AmnX0l8y+VYTxRWqO5VFU4YH0XI4J5yCc44wAfKvFlvGNLEkdskLNrSoQrZ3BXA43E5wc4zyCxB7mubM6mJVHlrVFKLk0vd97S2zXn02vppfTswmHw86rcFyzj059tV0+b09PJH6xfs9yQj4eeJDMV4t9OdOQAoWBd24bewDHHGSB68+l211K1jpFrZuUZtI1Azx7s8h5HUdc/3eBycn0Arx79nG2mufhx4quECSeTDaAqT0BiVeM8EjA4IbHJAHFeizTSWV1FLEpjEWhlWI/vSjbjHzY5YNnBwMHPSvyfG008dVd0nGaavfVJR9Ffpb4r6W00/RsEuXCUnLW0WpW0erjrdvWzXR6Nrc8ghll3akJEVmDzwMMFSyliw645J9D6jJJ5+x/Clsr+H/D6izuoytjGd0QODhQMjg556gZIJJHv8mwRGX+1VSMbluIpN+VJ3OV3YHOMZJboMfLxzX2t4a1JIvD+hQlbyNoLGLeyRkxhWVR8rAYJB9d3UBR3P6Z4fOMczxMZyUU8HHTdP36cr6rf0vrc+B43Unl2GcIqTWL15ba3jbq9XbR3e6d9tKq27BTmK8Je42jeMjAPoBn9Me2OBxDWMj6u3lwTE/bpQcjrthPAGDgtjnt1zgYx6V/bESMgMtyQ14MK0JwBvOMEDAAPHJ7e9chcanaQah5/+kkvqNyNscTFgohOGC4OeeCQeBjjmv1OpVpSnRtPmSqJtKOt7Rta97LR9FbZX6fm1ONTkq3ptWp3Ttq5LlaSfM7aN9tdGtDG+x3mLh/s8oVm2/OCcZJJBAxu5A9Dk564q3HaXSl9kTAMkZCiM/MSOjAYAPHrjkAEjGbsWv2ZsbhZTqDfvcbzbsSpJGM4XHA5wfQEZ2mnnWrdVYob1v3ac+UeApxkjGdx4AXIB+XsSD2KVJtJTUW7bpJNu7d9Lrf8zhbq+9zU20o6PlSaa6avre6s99XZaPk/EOnXF2+l2b2ibbue6tcOcI/m2sv3gNzEEsMAEfeJz0ryX4d/DnUvh7PczWNnZmC+urt9SZpiyFjIwgKQlmCugJUgf7LEnivYdc1lLu98NrGLpWXVpCd0TBmUWz8qTjPOcAcYPcYrmIddt5dPu1kg1d5m1G5gtykLkTOs2fkyewHI74OME/L4uPwWHni3iZz/AHlLlUJKSXuySupaXvtbS1lbXVns4TGYilgPYxpRdOtzOpGcYOV4ztFxurpqL6Oz7mqNNv5oreGdoYp5rqEpIVGxAbmLk4JAYodpJwME4I5NeKeLPht4rs/jOps5NPn8OWWtwanduH2XCSXMRY+WeGdS2BkYAzxya95jv0j012EF8kuISzXUJ+8lzESRn5gAcg4yQMEc4Nbd9pt7f+JjqD6lapC8dozo1sQwQxEAEgbcr03HkjHPWuOphI18RKEXJwWHjK8XFe8pwd3da3WjXXrbQ6cHmDo4Jy5YXlXdJ8921CSi3bldk1ffd3tZJ6c3HFdl7mSKOIq1xgkkMwOOp5Az0I5xnP1q+q3NvICyyZO7dyFUck9zwAecn8x2sTabYtNcxtrkiFLoAiNMKMn5gSNvAOSvUD8gZIdH0ydrpH1WVyEIUyzEpkjDZVQDzgnGeeB9fapR5adJKCTSjC7aUpOOrvZ6PRW1/G54lT2Upyb1bk3aMWr/AGm1ayV+W/S1tUdH8O/Dek+NfiVoHh/WvEFv4ds7nRdRlur+8uUhgWGNlaSITMdqSMmTHkckdTyDa+JcngDw14j1rQvBXiW417RLO3S3gvJCHLSgESpleZgjFsSgBWB7cZ8C8YWOk2HiPRtOiu/tNxqmhavEEineB1aMbl8p9wbBICtgjjOcg4HCaF4Jv4bjRtajF1bWk8O6WCNpJwwjdkIMjM2Vk6l2ypPPzDNeZCnKWa16nt6qp+zpUnhrKVKLlZute11JXUWo2dujufR2pLJsM+SnFuU37VOXPZ3Th0T2TXup39NPFP2gG1GbxLp6WEF1PBPpcMTyeS7BWk3f3TtDAKMgckngcMDheFbW5bSZrKfw3BeiSKKOaeWCQXCtGTldwb5gcEEnjGSMYzX1B4ntYxqN8gQyx2zWihjCGYZGcKxBwfm6ZHbk5xVSC38iNTHbuFkyzBYgrHgAHO3B7ZIHtmvJzXJ4YrE1eZpwUoNLe2yVvietr6Prq3q0sPi4UqNPl1cYqLbm1pePRNpd31s311XhOneGZDJNE3hRDBcyRs0s7y5Pl4Kkkt0jb7uTheMZrv2bxE0s+mNpcr2l4bZZUa+umhKQYEaxxtKUjYbflZAGB5GOlehq1zBFCYopP3jkDcm/Kk8ZIweO3bGMLgcWEWeacSqtznKsQExkKcMQeoA5A4I6YI5FeR/qnl9ScKlWhGo7xfvRT5X7r0urdruz0s7amsc1qQ0jNwja9udq8bL0T6a3vr3ZzWh6XYaDcT3tv4Zt2vpkMf2hw0pOTl5fMJyJgf8AlqCHYABSCFNb+v67qmvJbpqOlJdNayIbeSd5pfJwoUIhldiqkBBwcf7PAFaEhut9wI47h2iV2GR1LLlQCeAf72CfqcHNVoruS3j2xTeYBG79GO522sAAMbuQDg5AOD6H26WUYKkoQ+rUk4xjGD9lDmt7qsny3S81bmvs1ocLxE5ylapK8/fnaT6WWt20rb/1pzTzaomVXRLCJJkZW+RI8qpYYYbgRyMkYB6k9RWPJa3DzuToGltHtI5KkGQpycA7RweM8HHXrXpBstRNu7LBkKZgfM3M4BHI24wpbnHHX1HXGm0++WG3ItDveXa/7tiTuTBbkjORnnb03YxjIqWXYNqP7mNlJa8qT6JW00V3dO3RLexpTxVS/wAba7c71s10u0k+6d7Oz6o8O1nT7VNfQ+XBasliJhBbIEjEm/nbtGCSeTtY8nByuWHSeGGji1qIxjzpktb1maUBjh7djtUg54bnA4OCoA5NSa3YXJ1sm4gjRksFCKoywRZCWO3lsjDe4HPFTaBaCTUhMoKu9peMUCsAu2JtucZAPTI9OCcDNfn/ABFQp08PjlGLj7rsrbK6tbe1ulr3au1ofoPC9ZzzLLFpzc9PV+Wj8m07PotPN2+h/hbcZ8Q+HrhEWJIvEPhoEEgHBv4ckAkHAYZI5IycAZr+5bwu+/wx4aY/Nnw3opBU8sWsIRnPQ5574x6fer+FrwPbtb6zoTtKFD6/4WJQAIwK31sc9cHpzg8dCcjNf3QeEBnwj4TI5z4X0NmPP3v7Ph689l479hX4ZndT2eIouN5Lkael7NOLb18m32VvLT9VzmXu4dytzJ1Fo1smr22067JK3Q6MPwoB5xz16Z4BPdRgY25HJ9aYZAw+ZQMcnJYjPQjHIXOSyk54ABAzQSVYE4wc5GAMc8Y6DJ6jsvpgUwHdkddpxnOD6k5HDMDkDBIJLEDqa8eMlLW0opWStokmou7Tu9brpZbrRNngtp2srW5e70929rLVvbyuulxQq/KexIKtkkEHrngjORwAQR07gB21Vbg8HOByRwcHJz0GB0GCfcA0Y7YxjHPP8JJH5Dr2yfUDDjxnjdgYBIx1xnr9COfT2FXFqS01Wyvd/fdt67691oCTf+HSyeqa0u+/S60DaB+Bxz6DoCMZx3BBPPGRTj0AweDnngtk4x19AQG7HOe1Ny4GGH16ZBJGeOuPmPOBgZJJwcJwSN44HOTwFAKghiD0/wDr/jrGyb01S00dntazbSu21ppurWJdkldK+l1bW2l9+t0/Jp/MXbgtk5BIIA5J4GQeCQemB35U5INNBJH3eQCScY6dM5PGTwM5PBxkCn5GcsQMnIyQQQTyPQdM5z7Y5JEbbjkbxxjaQvynBGcY6A54bqcDuabbsrPbzTvpG+vra99+u1hXTlfXpdata2083dP7l00Hfwk7cnODtO4cZJByD6dzyPUE0pUjJOBgng9vQ5A491IX6jIquXwBh+QRjHOTzu3AdckYK4U4HucuMrZPyA5yeo4Ge3TBOcnOevXk1PM0le9/m77avydrdEvwDlfe/wA3ZaRWl9Nen4diZeDluMHAwcA8jGDngjk9c8YIHUP3EY7kEhVA3HnPsOSeqnnOMnqKqNcDCjaR3xkYOAeo/r83OPpVU3mzlgdjYLAAYHB4DdOB3wB7EYFS69OOrd7WtvdbarbW/fdeSsWqDm1aLtJJp9Xto/X7u3lfbqc7cg8c8nBz35xz1OMgcdeImUHksBnGec4IJIBz2yT6jJ9eTlSaiqA/IVJwe2dpIHBxg9sgHHQjB6wjUhIGzhMY4IyRjkkD/aHHr06dKxePpR05nZ8t9Oum+r6N2srde1+lZfWlZ2stFfS62bWvra3fr32CAvHyAsGJ54B9OOpOB3GcUwlEIyRjOR13AnBIHLZ6AEDtg4AArL+3klT95s7sg5OPrng9eeM56njDPtfJzheWI6dDkkDOSB1JJGTj2yB4unL7aV2rL5Le1/nb8Hcawko+bTslyvsrq9763uvJ6Oxos7K2duQRgAH3Axjpu9MkZI6ng1IjpxwM4BxknHXk8dwRyCfbPbI+2quWBGSSODjdngKMf3SMlcZOCf4cVIdRhAGBg4IGGzgE84HcZx1PfOetDxFKO9VWeut9L27pd9bu+gnhqutqc3bsu1mnrZJLrrr07muGOCCDjvzjjPAPOAOmMj0GMUpUBlYYOAB2PXkkH+96EdvU1RjvYxjgEZXJyOpA7YxjHPB5/mrXgUgbDzyfn4IyACx2nkcKOMkemeb+sUelRJpLrbSyd2/nt2ttaxj7GsrJQkk3fa3a+l9Lequ3ZGhsABfO3IB2t0C5PPGByO/TrgHIqhPdxxrhnVVJ2g8ktj7oBAzjjgHPIycCpft0YjdWA3FQrA44GO2DxnPrkYBHOc8jdXAWR7h3BSzDyCMYwSSQgIPGSflw3Y8DGMRUrwXJyTjNysrK7aWny899eltGaUcPUfM5wlFJpq6tp7rfyetvPVMt+JPGGleD9Fk13XJZVthLHBDDbxGa7up5mAjgtYAMtI4IwFznkZUnA+Lv2iv+CgfgH4LWQ0zQ9L/4Sbx/IkMsXhDU7ldGlt4JwP3+oTSBhAqM4+RgGwT1ANeSftn/ALWWnfD/AMS+HfBtpe/Z7jwvZP478SssCzN9qjjeLRdIAOTF5115MhJHKZboDX8zfx/8U/FH4v8Ai3xB431DxTc6d4p8ZXE13eTyRYgs7Vpw1pBC+MKsEO1FCqATg4yMj9j4R4AqZrhKWOqxrqnOgq1otQVS8lGnTjezTaXM5KyV0vX8w4o41w2VV5YKM6EKntVScpqTlTjpzScUnfW100k+2yX9Amlf8FnvB9s1tp3jr4ZQ6Lq7XUkN69h4lgu9Ps4IFwbia5UKIw0uFUYIPpnr6Xp//BWj4STQiW/0rQLcSWt1fQOnjG1cPDExMcbKFz586gFIuCAcDFfyBeIfgtrd2YLS78eabeXt7GzXty0swd9x3SC4AkCH5+cKMA7hjIrGtvgFHBcQXK+L7GY2DIjW63M+HfGNxXzCFjXJIUj3BBPHVjfCbG16rnTxGLw6lKLUIzhZKy0alF2dmrSu7O210c1DxBy+EFCpWoVJRjdytKMnJK/S8dLtWjba/VH9jOjf8Fcfgnqtokp0e0t7u5kK2VjJ4jgEkwTd5jsduUVcAAHnkcEkVzviH/grX4EtYbO70nwrokkQmf8AtOLUfFltbTR2kcgR57Tep85lQlti/ewBkHlf5H2+CN9qEu+PxDbQGzJMNwslxGQZWIOAZMiNRzkcEHrzg3H+CDwTS2l74wttRlEUJSWK4uHhhbPzowWTOBzuzxxjIzkN+D2Pguf2tWaasozcHZtKz91RbS9etjnXidljmo+1hGzTvGM42TkrRvK66b330tflt/ZN4H/4KafA74ga9b6LpWj+KGtZfsaXWvadbtqWmWEt4AEa4kiYGOBZDtaVuACDg5OfuuS+S9ghuLSVZbW7hint5lYMJIJEDq64JBBUjPOVOckj5a/iJ/Zz8Ma38IPGNn4is/Ht48N7LtbTNMkke3McUbBVms5Q6TJJu4X+A8gDHP8AUf8AAT9pDT9S+EHwh1LVZreHTtb8SXHw/u7y+uYzd2mrx/8AHoJ1PzpHMQQqNyCdv3Rx8Lxl4a5vkeBhi0lVUnytJpSlNrnVoptbJuyfRJavX7/g/jvKs3xlTD06jcqfLJ635YScFduSV0nuttvM+zZXkBChydrEsR83BPJ65GASc9M84A3ZrlpyCUY8H5h1cE4CqVz8p+YAMOucEjGB0a2Ty58sEqSNr4OGRs7XDEYIYDgg4II6KchRpEh3Eq+Dnkdx1AJwQCx47YAJ9q/DJwqLVU5q71er6rSz06PppbZWbX7NTxuGtFc8HotrW1t0TultZO+2lvevywkmxgPgjABJOdwX0HUjtxgZ/J8ZkYFiOSCDxjdntjoSDzgY69hnO5Jo8qjIByDkHBHAyNpw2A3GOQM8AcYqIafKmN0cm4sVG4EAAfgD+fAGOOMCIqd3zRm7curvZaK8ba9LLVJrbU2+t0HF8kqd2+kk+kde6Wr8lro2Z8cIIIbAI5xgZ4IJDEED3/LOcnE2xSMLsAxyCDxjOSeCT17DBPfni99mlYgAcELnKgk8kHGdpPA5x26dcU4WTkg4wMkn5D/eH4nPPRhgkZyDz0Uudu3KraOzjqtrtWWjemr02sc060NZOoltdRt5JK1rXu09PN30IYYYwo2gZxnIzzzjgdQeTg4P07jUgjGPm2gjqzc/MeVJxz1OB+p6ApFasRgZ/iKgsC2AcEdB0wMkdu3atKC2HOd3XnnB4GS390htoUccDkLySfXw/MmvdT+WqXu3a2Wuyt91jycTWi7pybfu6Nq2qV3s3a90kulm7nnXxtjWX4KfFK3fLLP4L1mMohHzhrSQbBjaCGBxgnp6cY/nO/4JFeGbfw98TP2x/EVvaQQrBPpmkW1vNhZ7a5ZRPlieAkrMSSQTyAMcLX9Hnxljf/hUvxGVELn/AIRXUSADjIFu4xngDA6nIXjBzjNfzsf8E8Ul/wCFhftd+HNDuEB/tLSvEOt343TruSBUFgJF2qrqq5ZRzgFgoJBp5viacMJiU4uaeXKEoq+reJgofO9nbZK77HRlVCNaFK3Kmsxi1KWnKlRXNtq7q1rp2S13R/OX+07pAf8AaM+LU1zHHc3TeP8AWJZQknGXu5iQSGJCqxxkNzx8x6V51olpaR6wjS2kEhW5h3w7OCEYHeSCe+BjPBY9O3b/ALQN8Jfjv8WrtWZlfxvq8aA5ErNFfTbsDOCMjtgkYye9eOw61dJqHmISjmVEbJAwowTICOmewDd+TkV/TXDkIy4fy6D1vgcOlom2nQhrzW0drO5+L59J087xkorlti6yVnvabT35VZ30b8722GA2t98Q7kfYYnEuriK3iJOIyXAEmC3ZuB64yOpB/ojt4m0/4X/CyxhCpILK1aQoASdsIOBtIGFHygc8gZOAK/mm0XVp4fGrXQlZmTUllck42KkwZ3J5A2qpwe3GBkEn+ijwx4lg13wN8J7qOfzoZtK3KCQqlYUVHcnoTuU5IJHXOSK/LPEulOnicmUXOcadSqtEuVNQhv5ra1unkfceHdRzpZxK6jOUaVn1d5xT83rvpp53SOy1+FX0nz5y+RqmnXLscMfLWRGUdDkHac54IH4V+fP/AAUV1uCy074e3aQFby9n1NIruM4lto2zjDbcgkYIIHUHrkV9++Kb5RpN2zFhaJNYmQj2kQ4Bxnsc4PJ9Qc1+bn/BQa/t7jR/hdctiSI6leJHCcE+VvKlWA6A4zyO4J9K8vgiFWpnOCV/cVSqpJ3aacL2e2ltPOzXr7XFU408qxTVlNqnquymrPpZWVr79bdT8s763STw4Li6uLu8kknlIku3dv3jFypQSHcFBAB4HIGcZNe2fssRasms6sFu5EszaQRyIEBUrlTt+QDnGQADuIU5H3q4jxYLf/hHLVAsUSfaXCKpClAFZiCpVcAcZ+9k5znHHpn7NEFwZ9RktZXLmW28yNEywjTku2DkIEGRgDnk+o/d8fJU8HL3baq3K2tkt9U7eVvPe5+E4ytN1Iy5m2rNty7WurtvdW30snpqfqL8ApFHx58NRyzPGU0PUUiuWZ1MKv8AwqQehGTgEZI4IHNfppF4f8PPDjVL6G/eGWR0W4eSV235OAGkOFz2H3u+Oa/OL9nLSLrxV8adHs9MsZby4k0K7FsI2bzMoQGfKg/dIySegPcg4/WzR/2avG+sXC3V1cJaQRR+Y3mPuAKn5gCB94cggg89Tjmvz7FY/B4dxdepFVOVNptX5XazfK02rdd9zoo0cVWpw9lCTi9LRbT1tb112dtUfGn7Q+l6f/wriaDSkjgA1rR3lSK3XBVbuIKVJySGHODkE56k5ro/2erHT7r41R3M1tEktvq+lW7JJCqiQfZkwjZHzAtyyY6gAZwcfY/xZ/ZShuPhhqF7qGpTXH2jUNEgiltkJRHe7hDIvIAkVc4YBsZz3xXY/A79lzwnonjTxTqMs2pXOo6Tqllc2hlkJJSO3jHmyptDBsE4BJJ4znnPi4jjDKsPzRV5c2kXGOjcUm1ukrvrv+F/Sw+R42pHmfwptPmbbv7rXd7Wva2m1uv1rqV1BGJIplhUmNBHFG2AQFwDsGMEAYyOmDgNjFfnV+2npEF9q37NHnvFHCPizZSMDk9HLBTzwfQYHc/KVNfqIfBAvLgSJbSABQpmmfBHy8Mgxgv8owcDkkAqGNfAP7aej2tv4o/ZpsHtrp4X+LVrHIQhJeTccBOOcNySo2jJP+751HivC4mtOnTpOV4TSbX2rJq6vdxaXl66u+i4frQblOai3JJJOy3jZ6W07Pp3Z55/wVbkj03/AIJy/FA+XGgmuLGGOfcVZldwuBg85xgLnkgMcDAP8US6fbX9rpKXESzL/ZsDYdS21tgyMkkDBz75IGAa/ty/4LU2n9l/8E3vFtu1qUf/AISTQ7fdxgrJIdqsOpJU42nJ6ZPJFfxVWcCg6dGCcDTrcEZ4BCLu6jpxzwDgc46D9O8N60a+AxNRR1niPevZX+Do7J/erXT0PB4lhLDqnT7RVmm+r0Tfa9ldt6Luczc+HNJij3R2qbtknypHkjIOMkHBYEjGGYAevFcHotqG1O3tgpJfUFCruIP3jwFB4A7A8cHk4r2u8jIGFwB5ZDHjcODnadvJ5B9sgDjJHlGl2qxeIdNkilcyPqa71XOVG/nJP3vyHt/Fn9Sp8lFbXTSbScdNtVsvz76s+ToOdWlU5tYpWbvZrRLmXvRv2631bPa/H9nIg8PRGINtliTafmJCRKcDcTyMc89eh5y0PgDVFsfG+tFhEipDCrxgANzgEA92wADxySOcgV0nxCQte+FoYw/7+VSzngEbAGbHORxyecHoo4r5r1PxfL4f8d6wIIS6xXFuJ5EXdIY1IL7WBxkhcAjHUHkiqxNbmw6klq207O65rK1t7X3u+jtumeVDDVKsqlJSTaTkm3v1tq3r8rXu3bY/YH4fia+0e/uUlljtkhDL53KgbMnaCvGTkjBA6nK9a/Lv4peI7W98a+JklmmnuI9QeJWQjAjSQqFHUrwOoI3epyRX1bpH7VPhqz8If2TpVrcPdS6W9vJHPFn/AEowFQ+7GAAenQE5IHJx+Zeta5f3niG7u5MrPPfTzzFVJO6SZpACxJJwM9Mnofc/EZTRxNHMsVUqJxhUaUZXvFXaukm03bTW217WufWU404YKlCdNOcIpyi1fVqNtG1fVfJ3slZHuejzeHJJfJutSmEsURc2aDdLISuQnABLAkDGD1yff9ZP2Ff+CZ3iL9uTwn4j8beCfGWkeFtK8K3sOmXttrVoZLq6uJQHMke5wNig4JGeQOwzX4W6Nrci6xd3yjNzAAybjhSV/wBkg/eUAegyQ3GSP6S/+CN3ib9tLxd4I+K/hX9mXUPA9rpen3FpqniNfEpijeG5n2xoLdid5wGVpAD2OQStfkvjNxLxZkGRYzGcP5rDA141qMY1qyTpwjKSi1dxmryulbl26dT9S4IyjIM1vDG4SjzKlKanVclTThytSqWdkknblV1fr0frnif/AIN8vido01ktp8TtHvjqEbN50WjkW9qQDl2k80ghQeOnfGDmvy9/bM/YG8Z/sb6f4b1HXfEmm+K7bxdeXVhZvZReQbW5snZH3Q5ZsMUJDZ29ASc5P9Cc2n/8FZPiD8QPEfwst/iZ8L9O1fw3osN9cwWV/DsWO5A8sxMGyXLEhl+Y4BPQZP5T/wDBT/4K/tXfCTwj8MdR/an+KvhvxRJrs2pDQNH0RVL6bcLud3lkUENvIOXyDzjOcCvxbww8UeN8x4qyvL864zy3HQxSfPgKCUsRWkoJy5ZRo04qz97WUbpNH1mf8J8P4XLcTKlldCNVR56dai5KPJ7jUnzTd0907bNLc/Dd9bv7eJhLaxtJvKKvlZYbckDAzkccnp7YFUIPFOoyiWM29qNgkVEZRnG0gfez8owSMBsY49KfNqFtFPH5sw3uZN+5gyncSFIJO75sDAHQ+ucHjH1C2k1CRUmUQg3GHDqGOAx2ttGfc4/ukZwa/smWZ42UWnVnJTjFST31cFra97b2b8nqz8fo5fhIVoONCCtK7skmpR5dnd6czWlrptqyaPULTxv4m0XRdLudOuFt/tIulCyRrIiruO4becDuBzj34x57rnxI8TXUYvpb2Tz4ZNolVV+4udqhOACDkd+ST1GattPDN4b0NRPuZZ7pGG7au3P3c4I6BTgYPTnkmvIdYvIQ0luJiuWkAwQBneMDnAJwOhHJxuBzg+WnOU/fu1q2n0laDTW6Vr9EtW+x9JVVOGHiouMbq2llfSFrWsm09u17Ox9RfBfxdrvivxO9vdHzrZNFv5J5CVy2yFjkjBAYqM8HgAgdM1HdQySXkU7IqKDIUw3LBZWUknJY54xxnOOgYA81+zLdaVD4yuo9W1CSz09/D2qb5sED7QIJNqZJzzgDO3B6nPFdHd3ujeZaLa6nBNFmR2Vn2uEErkcE8Z77uQTjIFfoPDc0sJVjKKTc01dvd8ibVmpbN22vfR9D834nw/tMTTlq0opyatdX5HZWV0r/ADu7ra56x4nljTwfoyOjBW2Y2Ebgcc59AcfPwQODkqMHnfAmpW013LrPlCJNIliAWXpM6HBKjHzHkdscdDnFdBrl7pWpeGfD8azpLHlfNihcOwjXGd7L93cTjPUd+enF65rejaVGNM0qxaza4jj82JJFZmdD80rE5J67jxyM5Jrrx+YPDV1FUJ1abcW2lorWtaWtumie7SWlkcGVZXTxFCpOVWNOpqkm0pNK1rPdO636J2SPQdd8bXWs3M01zFOiLA0MSIxAGAcMqgnbkDnJ24xwD17b4a+KNGhs5tI1e6ls2u0kKBgMqyht5mJxkKFzgk5zzmvk288RXNpNIxleQLEhVi6nywMk5+XGRj6k85wMVzV148u2kUeSmMPGJuV+VhtYlgQpJHJx83pjAI5sXJ4+MXD91yuOrg27+77qaTsu7XVa73Ouhh44GpepKM762cbvXlu7pt6630stLvQ9O8f6tpDX/iEaVeyz2huSkCrxzkhnKjkDOPQHnqM1xlp4vtoEtLeWaVHt48O7McMhII5xzuBH5jPTA4WO6eeLUhEwwylzkclic4VyeQcnnrnk5ODWWrpHHEZ7fMrbvmJ3Nu/hYKPm44AXP3lr0ueVPD0ZWUpRhGMm77xsr7t3dk9Xay0208ythIVfaxUfdnK6S5rJNp2Wr+LfVaJtKx9QaD4nN6IoI7thG95FJwcEJkZBUDhSAdoOPoD1ofF7UrHUtWtXspRcT/YDDN8vSVVG4AE4BIGcEcDqO5+eNP8AEXiOy1GzewEybnVcRWxYbEIIJBXnjIwvRjx040tS8aTHUZIpoTLIZsTSyqyOrSL84wehB+bA9egwalV3VhFN3TlqopvVSVrK7kt0nJxsmm7235aOWxw6bhSteOl9b25bNLm0b5nq079zoZbcwWFs00RR3QgBVBJJUbeM9eCM5PXgYNez/s6eHH8SfE7Q4RbvJHpsn2u4d1BRfLBZFkIAGCyjBxnptGOKz/BHg/Q/HPhRblLjULrWBMkQS1JYW43kKJE4I9jxycetfTXwo+F2o+CGu9S0fUNSsdVvjFayPcWbkrCrBmdGY8A8jrycDnJFfTZViaNOtTjUp3pQjzyta7aSdtLLmcrbPRXvqjxMxyudSnOVNNVJxUVdpPorWTS10bt3e+h9keD2hi+JnjiL5VdtP08knoFUDbknOBnjkYORnoAfYJpCI8hvk2sT82d3GRnONu4LnryT0r4/+H9h4/1H4heMra01iynuI9NtWuLm9cAXES/KqqgLNG/YgkE5PykcV7Xd6L8T7aGEeZYTYGcW0DzLtxnBYsAOnU/hzg19BDiTBQjKEac1FTmlZW2aaS8+7d9+iOBcF46slVdWkk6cL3k1JpKKWjstetr2XV6o9UiukkjVRKqBQCV37sckccZ9847ZA7DxzwvcD/hbPxGChWU2VjtJZiBtiUD0xnOOQvXacZxU5sfiLLGuLnT4ZGkQYmiaMDJH31JOGycbRjBP1NcFoUPjO0+IvjSxju9H/tIWVm9/KY/3RUqNnlkDkngYGDjJzjgccs+w9WtQlGFRctS9m01bltou2tv+GNYcI4mhSrRdam+aCXuy2u1e7tpbdPrrfa59E20iq00sjruMbjBJBB8o8BgOTkZ4BJ+XuDWBplwZNFvGSPy7pZrjyGY8grlhtXnjA7YB54NcXcTePPOQx6jpRIjOY1hbJ+UAryAMkZGCOemO9ULqXx1a2Ttb3+l8pIEQWz/JdS4A3DnAUnDDnJ57EnWvmkJzVqNSSa1fLezsryvayaey3u23otMcLklalePtqMUuVJ82vS9rqyte6WuvyPKvh/ewD4z+Lblm3SJpyfaBIB9/gnGck4JPHoGFfYdnFb3unwzTRpdxu25UcgqgCkJxjC9eec49APl+AfB+neLJPiT4yRb+yi1aOxinv5TbkxOHOSkS5AHy5POQBxk17+i/EC/srZNJ1qO1liQ+YsNq5XK5DDaMgliDtJHcABhlq83LsQpOtF0ZSi6jkkrXm5ON+bTXlS1vo32Z247LpT9m/bQUo01dpq7ldXtZXbs23tu7ef1PptpoUFkpcWysJWkZWBbaijJIRsjKHcSfYjBHT8jfi7+0vqVt4x8T+DobjULvw9Ya7dkLBfSQxyRxzgbVjjwjRnqEIHQHnOa+0l0P4o3EdxPeeL1s1jtJlnt5bN42dTCxdsKo2jZk8Z5B9efxV8fnPi/xIolSR01y8hlnOS0hMpBcjkr34464A9eHO8Pgq9On/ssVLmbd4x1SaaVne26veyRnldPFYetJyrOpHlVknLS0o2ST79dXrd7WPpnTfjDBqF3JPa6I8DPGUS6UjkL0EhIPU/xHOfQHgyT/ABT03SNShfXYRLZupnMbSoIRJglVJKc8gcYJJHTnJ8g8J2iLoiRSXAjDTHE5dV7E/MrZbHzY5656c15b8QUee5e3gZrtYxGwYPuBABBAHTHUgjHGetfLY7LcI8NLlw0bcutrKyduitdpXWm1k7n0WEx+Ip4qnzU5tRl7rbsvsu1op6tX3te2vU+kPiD8aPBXinRdD0Xw9Yy2Gsal4j0yz1G5dA1vFaT3sED4VVXK+W5JIxnrjJNffX/BQn4XfDf4TeJ/gn4W+HFvbQ2lz8IvDuo6y9q6GK71e8sVnubqTYWIkd35B5GBwDjH4ceXPYWtrcpARPFdRSqScYkR1dGDZ4ZCAy/xBgvQ8r9y2WlfHL4n+DD8Tb+01rXtI0C1gsIdXvY5blLbTrCMF4kaU/6pI9vO5lAPA5Gfx/PsjeDzfK8wo4p4bD0ZVoTwzk1CvUxCpxpt3eslZvX7T2Vz9Xy7OI4rKcwwVXCU61avTounVUFKVGNK0pXb/mUop+au7bPnh4YS1t2ubsRyAsHaNgQwTORhiSeSOgI/iycnI4vxvEtlo8ep6dGtpfLcAwfd4VcEYGMgfLkjjgMT61xGvfGPxJdzz6fALYRbChmCHcAhZSMYyrggAA85z07eVN4i8T6zcC1a7uLw7nPkmJvLj5wuMBiVAJzjg46nAx9vleAxbdOvKo+VWaST0Stu5LTunsrPyPgJ0406lWmrWd7X0abaVrN/gnp2Q+6+Jfi5Z/Ia6hk2gkP5WQHDHJDZA4IwOODyM4rtPBGpa340k1CbXnS4jsAFgVeAhdSCR644O3JBJPGM58z1ayEElta3MYEkse4vFG24dSy5C7vvE5UHOepxivWPhjp7Q6LfTQSOjXU8iESBlkdUUZIBJ5AJwD7DHPP085VoxjF1JNNptO+z5XrfXSOz9FtqeRTw0VOrNxinFNJqy0stWmt7K+2i+dqmqSyWs80ETLgIQDnhCu4KB/ESOCBk8NnPXHLeGpdSulvTDbXFw6XJJZPNG5ScFF2kZ7ew3Z5xkb2qpK08kbQMjDJZmyC20kk5x/FtHB/mAKveGdbTSdPmPlSRyG5zEYFBBBJJMgKZO3A5+b73UEFa9DEKFfDU+eCtGL0Svqku/Le3W++wZZWdOc4xvJqW+u2nmtV69bJpM+kfhToni3VvCFvJb6pq1tG2vPEiJPcI0KRoDtVRIucYAxgcgg9M10XiDT/Eun6Z4gebXteYwzJE6Pd3HlyZfB3AuTjkfL1yegJrrfgbqN5P8NpbqJ281/E0gjmciIsdik7FOCEBxzyBuJ3A1n/FK/aw0TUBeTTBr2WPCrtfczS4IGCOcA4xyflbH3iPxDH1LZ1Xo08OuRVZJydOK0uuq637aau6ta36vDDxjlNGvKclKUE0pSVk2kkt3e2z7q3TVex/DH4VXGvabpuqtf6pM0lpbtcRxX9yx/eFRtjCzKEyOMkMOegNfsX/AME+/wDgmVZ/tGeKdb13xA99/wAIb4Vmt3vrWa+uribUJpwMW24TDywo+ZhuYY46E4/JD4IfEO10nQrXTZbXxC0yWduxNnamUlRtAChQflb6tgkA8V/RL/wTZ/4KB/Cj9n/w/wCNPCerWGv3Wv8Aiu9tpYXubKWSWJhbKpjS1SNnkWMkOzKBgjJxjn+ePHnM86wfCuZfU44/D0G1HEYnLIJ4yjh205yope8nJ2hzxtKMZSkrNK/6NwVgI1rTwFGhjM1dKP1ahiZU1CVSTguZqbUU4JuVn2Ss00j9Afjn/wAE2/2UvhN8EfGXiO5+HGhf2lpfhK+/s+8uPtDyWV+tuwhuQXnbMm/bksSNwOBkjH4t/wDBPH9mL4I/E74pXnhv4heBtH8RadqNrNc26zKGVHiuCgeMdTuVcEZ6DKgAZr9Yv2if2lp/jr8CfiKNE0rxvdn/AIR++nQS2clrpZtbcu8soMhTcEQMwXJKqMdeB+Lf/BOH45/D/wAM/H+1/tHxf9gjt9Iv/OjGWjtHR3M4llG5U2EEktuAxnI5r+H+Ha3FGZ+GviFjslnn0ZYatB4SFbFYipjrUacJ1Jzk6nNCVSTfuQd3tbv+/ZVl1XC4SOEzyGDebYlV5UklQXsW6ceSEI3VOVmrJxvrtds9w/bb/wCCefwX8C/ErVNO8F+FdM0nTb6GO+s7by3f7CpyDEApIkR/4e+MELnmvx58Sfs/+ArjVNf0e00EXE+i29/JdvHHIIoZrVHeNju/hYLkLwQBxk1+637W37U3wK8TfEe41Of456PZWvh3SY7jS5LSI38mp6pE5ZLCXacEhwEdSGU9G4zn8EfFv7QXi5fFXjqfRvE3h3UtB8cXOq3M92losFzpqNHLDGGQruBnVtyKCFUt93pn96+jvjPE3M8hy/D5jRzT2uHhRnVnjoYjmqU51XyKFSompuMLc2t0m9Lb+Jx3gOCMDkmFxGZYrAUsxqYWMa1KE6CqLEQp3vOnGomuaS1lra+t3dHgPww+Engrxeurw6pZZuYL14YIRIBHCoD4ckkBcnGAeRkA5wAfMfjF8OtH8H6jpthpMZsrW481Jt+10d0yC6MQuVUAkgc8cjvXR/DnxprPhe11dLOGMTXd2GaS8bDXIDEl4VJJXeehLYAIBwSKy/if4j1Tx5c2v2+0trRbGEKjxESN5jYdnIBHzEg7stxkAjPX+/OHMq4iWcRqYvmeXqkuWDd1J8sdLatPm7WSWp/FvEGb5DLLJUsI08bKo1KpCMrKKkrWa0Ss7X2evmzz7w0ltFpt1bRSOyxO28q/yy8/LuUYXJHYKMDj0NeWXutx6drN4otXfdcsEkD8jHpn36KR7nAzXo1rplvZ20iS3TRPdOpby0ZQQDznHUkHgYx3OSprzbVdGd9Xu2glVoImWRTIQGdsNyqk/NzycD0HGa/WaFGSnFOmopW2UWtovZ35VFPunez0ufl3NFydRzvqvRWs27d0lKzer5tmWE8XRuzNPYeZOWwheTDcHkdSc9Cw457ZyTpWWvfb5hEdITajKsStIeSccHkf3exHOTjsebj8PsssFyzxMDmRh8wO4egLErnHByeeTyTnpLfw/IVjuEuI4Srqzc7HwMHg55Uk8f7pwR1rvdFzjywg27Xk7JtpW96Wju3ZaPzXQydWPK25rbW1uaV+VXejWu9rbbXLWvLvtL1bbT0jYRozgSbwD3BGc7uW2nAwNw4JweJgudaa3ls/s6xWqWxVZAv3AQQwyeNpzwSO4OSCMep3sFgNPuUUolzJGEWQzrlzgb2yGYYyAfrjkdueOlXEMMP2W9WeJoS8qhg4DEEBWxnapzgZOMcHpXLXwk1abhqtrRjorqylpFrrtfXTTS/VhsXTi1FybTa6qUrX0TSUWtHrta99bng9pi31SJ3Luftccu5R8xMUm4gHb04YjkjI9ya+1/h/4y0fxXdeItJtJfKnXRnz/aMiQlZYoFCqjP8AeywIIB6c57H5nsNJ87Wmt7yKMGEySlFZYixJOFRxkcgg/K3Udcc10up/DrVNEvW1Gzni+z31i1wphuCs0aBSdkjxv+8yCVIyAD14ya9XJ6mIw+kKbk5aNJNN+7prK6T+/ReqfPnmHoY2FJNOMoNW0sls9Oa9rNdNnbW1m/0R+FE0OneC9Mt7u4i+0zpcqiZDFjlwmxwc5z1wQCvJ6ivXfgrhNL1hZBHNc/27coCGwwJOQQB/FnA56Y5yK/M3wR4i8ZQWUUen3l7i0jIt45VLxLtJ8wqSMkgHgZJBOOTjH0f8KfjZrvhNb3T5dITWUuNSE92IwVuYXcDeVBJb5+CoHJ9ehr6qnjJfuITpyShBXejTi7au+8k7taX17K5+e18pq0p16lKq5WmpKKTcmrxbu5aSe70vZOxwHxrW8b4oazaSor/abzY4ZSSiMAUBLHBU5PTHPPrXzx8UbAwSaHHs2rFDcIWHJwFJOM5wwAJ9M5wemfffib4lsfEHjPUPEkVrfWTzlv8AR2Vi0TRgbS2AvBYdiD17jjwv4hahb3sWiytcI84jnZ0OQRnOCyngcAHd78nqa8bNHGVGpyxTSne/ZOz0d1fW7te+6tY+myNzp4miqtGTm6aSabslFRvdtJ3bu9d0tVtbxTwLbSw+P/Ca2rr558RWkluzDcBKZ18o+4L8dMAZBx3/AEk8WftKftMeFNbv/DsPiDw1ENOa3jt1Gll5kgMabPMZSQDtALHA6HHAyfz78EpHbfEDwVfTMghg8R6bLMQQAIhdqJGGARwo5xxkZXOCa/ZnX3+Bi+Ifiv4kjg0y/m1HwvYQ6FDNuaZdSS0X7RLuYkM3mZI2qCoII4Ax+e53iKVONFTwVbESnVjCPs4uXJGbirvay1u10W/Y/WcqniY06kqOKjhFyOVpyau4xTSTT1d1az3dtkfI15+1h+0sIIhL440eIO/llYdPALMTjYAcDn7uDwcc9si/HT9pfULK6uz8QhaGBS58u2AMirHn5R05XuMnHXoK8XutPkaBXgtB++vJJRznYC7MGUngBOR7+3Ney+GZLdNAtoLxBcNNJcGdowrhQqEAStgkBQcFeMjnsQUsDQhUpVVh7u0Fqmt1F66J6Ls9u+jeUc5x9SNRTxM04u17y3XLyp7a3WjSejabZ5Nc/tNfHS5vTaTfEvVCsl5bxSxbdgkDuqyIhAypILAkY9VwTmvOPi5dNJ4iS5uyZDcQCSYyON0k86CRpTxyXfcxweeQMhhup+M4LEeKHubVf3R1GBAsS/Kjh/mdQMdCG4zxx83TDfifD5t/bT3Mh3mGJoVJz8phGAO27cVz7DgDcM/RZdRo05VZU6ajZK7vyptcrtJN6rVpq7u+17Hk5tj6+Jp0Pb1JzltG8r2+F/adtY/qro8yX7O8QLLEULNhcr8vULzzuJPO0gHPPB5rt/B/2CKGZJcl2m3ZjOBsKkAMRnAyM8+3bNecTQuyxgfKWbLLzxhsEnjrkcnkc8dOOw8OQSEEqZGBYBwFAJI5yOnYkgAYOBwuMj16XJOXuqMbKyTa5eV8q7bJPXqne1zwq38G0dV7jt0abjtd3SV9V00aPQ/BNlBe32sW80Mbw+c77JAGO2NSQMYJxkHJyQueRUujRWX/AAnthHFbqqHULMLCjYA3yoNy9cADOeCAc1L4GvLTTX12+1GaOGImSKFGIR97L1AOMgAc5OMN0wMDE0fV7a08dWd/mKeFZYpflYNtKvuB464IGTgEZ4GTg9OJjh6WCU5TjzRu2tHLla3S3ab1TsrbtNWRGB9s8fSgozVPmoqLd7Ntx1vtZN6bbXs3Y++NQ8LLbxeMr5dV1uNrSGJrS1tdUnjhSWWNSSVVivLDAAA3EAgDnGFo/hzy/C8l54j1PXI7tpIVhUardHEUvIJXzDztwRnH3hwCSB97fFv9k3xH4f8A2c/Cv7QPh3XIPEeg+I/DFprPiXSdJjMl5p88wi8vzUUMxjgyqy7uFbBx0z8reF9E8YeJvCSapb+H5ZrSO/tlF9cwPFZqqEEQGR0KSzKA2EADE8Lzwf5mwnHXDWPlm2JwObYWtQy7MMRgMU51FFUcVRl+8pSjNwkp3u43XvatXVz+ncZwhnuG/s7DywNeVTE4OhiaTpp1ISpVoRcZKUOay1Tcb3XZXR9rfsf/APBKnxT+2d4C1/x94M+IkOgeH9G1WDRDdapd3k9zcagR88Xl+ePLiRsBpMMoHuBu/Mz9qT9n9PgJ8T/Fnwt1PxCuq+IvB3iGXSdWktNVnntZzCRiS3AlIQP18tssW+XJAxX7Zfsr/tS/tHfBf4efEv4b/A+y8F6f4Tk0K61nWdT8QwrDe6DrMltiTULWFir7jIQ6kg4xnkkY/Dn4ww6td+Ib7xT8WvFmn+KfH/im81PxBqGt6bJvF3LLI7R/aByoaNCAuMYAAA7V8r4a8TcUZ34icRUszzPK6nC9Oi3kuX0PZvFS5p05U685U488IqnzuaqSlzSknGyVzzeMcgxOT5FTrrB1o1pzpqWIaqU4Qkor2kZSlK3M5NqNo20fM29sDwp4D8Manol1qc6XMsiGVI99xI33AvOdxz6kkk4GBk810bfC3wY+nyzT2bb2tPOQySuSjAEknJJIJAPTGOMHtwvgnxVbW/hiazW4lkeS6mYphQTECG4GOihef4ecH5ia39R+IQh0OZxbysY7Q26jACksCARkNwB94YzjjHAr+pqcKDhGUYU9Ypv3U19nS6WvS+un4P8AC62IxKcuerNyttzyteVl26X87b2Oa8J+GdDvtUurZdMhmEEUjpvLMcZKAkHdgfKCdxxnkGu91vwToNhpQnOl2UrMqbj5QD7mONvzEnGMnjJPIx3r5+8EfFmXRPELXNxp4uY7u1kgMagbkIJG4k4B644x0JPPNewa34/t9W0a5uU3LHatCzpuVmyXzsIAGcDjp/ujOcxGVFy9yMNFeS5UrWt3TvfvprqYOVdr4536JSk7XS1vvLa93qzjLfStPiudbVbO3CQTwKqmJdqKwQ7QSBwckeo6Z9PoTSPC+l3ul+cmiWMxhsYpHk8mLcmAWYhipBI/3gCCQOpz8tx+OLG4vNWUQSgTz2+CuDuKqmCCMHJP3c47dcV9I6H45W20UwWEZEcsCWztIAAhEZJ56llB4HrjO7IrSXI0pU1S0eq5VdO60tZ26X7eVi8NUrRU1VnOUUkk/ebb92ytte+vTTotGeYeH9Qn/tOUmzs/LttUmtUAtotu1n2AkFOijjOSemc4Ir6JWFI2SGKysWWWJAQtvAMHqXwE45LYO4k5B69fmHw7I/8AaMxLlftWsttRhyCHLbj2HGQCBjORgZwfpyzucS7JAfM8pfLbcAoK5JII4YEYJ5zgnJ4Ferh6dOrQbcKabau+VXu7N8rd000rLTdnm161eOIkm6m8WtZW1s3dcz1aSSW7ba3szxk67LpGp6nZSWsUgF1ORL5UeFyrbRgrweoGAQORwtdJ/aE8UVvKQgM8EDbQseDl16gLt5HAAwTxkhhmvONcma91q8UsVRb6cFlbcSQrfLgAljx1JOeM/MGrrreSLyoIWkL4toAoLcrhx0zyrYIwOO46HI1o0oqLkowtHRfCrX5bp3SWz03V9bLS2FbE1pTjdzveKXNzcq+FarzT3u0rNpaH7If8Eb/B2l+J/wBuXQ7zXrW0voNK8O3Oo29nd2sNxbvc/ZjslaKSJk3wsA6sRkONwJxX9hHitd92AQABCoUcAKARgKowAqgEFVxz0xX8mH/BEizjuP20rloZBJJbeCXmAMq5ZZImDqmSN2edwB6fWv62PFoK32dpz5QODxt4CnIzn1OMk56mv5p4+rupxFmMdYxgsPGC6NOCb5Wrbyu27re3kf1HwHS5eHcqmkuaUazlf4nJ1LJvdL4U0m/TqeeiJVkG3aWOQAABjJP8hnGeQM/Q9VEjmxIwBkYY+o2j6gD73JwMfxfMa5xS3nKQvBJHbAzkDAxjnPQ9PyrsbZD9hyxJJAJwuAuBznjhSMjA684wR83w6k3J6u/Kk7aW0h3v8+/4H3sZcqi3Jr3rKPRtciun3u++vqrPmXj2tk4AAycYPJySTnGG4HIHHOOOsXlDLEEMQVbOegPJwR6jJI45zxzmrk0Y3nk43HBwePVeScdOp5P1qsV4OSCDgbOMLwev1x7n8qad97r709k/zdm+n3mzmnqlbXVXa1sltazWui122TQwQxtkZ3FSVAIIGGY46kYGcA4x2zxnDHhX5hg89vvHA7E4PAwOwHfvmlYuMsMDJz0yQAMAdepzz/8ArpN5C5znheCSTuPbAHH8XbOMcc8OF0l+F7+7rptZ3S66639DNyqKy7ctlZ6r3batt2t82vlaFgMYB+VRzz24yDjuMemCQScVWCZJO7IHBHQrxng5xxjJYDPPJGRVwhmbhD8xLAA54AwQcHHzdSSOvy+pp625Ayy4VgSQBzknoOedxI/LuD8tOfVK1nHz2slslf5aa7XWusZxnbmkk2lfd79L/etdFbdlVY1Y4UBgSpBHQDJ5GMenI6jgg4BzeW2G0Haqr1GABkAHOM/eOT24OByOBR5e0AYPJAYjG7BzjaDyMZOOAfQ9zYBYLtKn7wUDABz3Pb33Z6Y7daEpSa1WnXRJW11fTyfr1tZTq8vKodXr06x/ut99U13tsiuYR2Oc4yABwSR3IIOBznGMg9cDNuOAZIAGQOueQR1OM4GfcnOMY55FBBbJwcHjHTBGQDjdnoCTx1HQE1MmApY8KRuJIySewBGOmQueeDjtW8ZX0v1tFvd2cbWu1r6paWTv05pylJt31tra67a2frfrvqNMO44PI3bQAPvEHk+uRyDzgDB6c0eSuSflGQMBcscdDxnDbiDjO0Dlj0p+9iBjPOOpO35uBwOR04GOe+MGnLkFlycZwMFQMHr7li2cg8Yzk54oco91rdra32XbvdJ7X0vp1vn7ze77avf4X5bPpr16EDx7ACBj5SSM/N1wDg4zznaOOAR14qMjI6nLDAGOnB5PX5jzxjp9cVbZNwAb1JAGBj6k8DnvnA4wCSTVcjHXPJ+XHTBJ9SBjHccZwOCcVDqRS01f/BXft3W34PWCb3dlb0093Xz35e97K5WZuozwM4wQpwF5478nGRjqQPasSrcMcEAY6E4HJDY5AB6EZ5IyTVh1DEZb5Nx5A4BwQB+WAOP5cRsoDMw2tk4yD0OR25ySeoHJIHXNCqLorXaV/L3fubaTa1d79010RUXpdPS62T2WrtqrWfXV9FreuwO0tnAJxwQQPcgZOSefyHXrUZFbJIGN2QOh35KgHPc5Ofb3xV0xjCHGQc7cdhnr1zyevsOR0qqUfPyggFsAgglsdQOrevHQZHTmmk5O7a0f2rXWkdr2fL2ve3TXanUjGLvu9e9tF1s9X119F0K7QswwcYUYPy5AOOq7SB7EAgHLZxjhEt8ZxnBADYHBHBOAM8Ho3OQO5INXFhYg7ido5YkZzt5G0gjgHr15zxxUzBwNoBxuwMbcAFRuySCCcZ+U4yOSc8jWNJKy0Xo7Jbaq+l3qvnuyHXT0W3zX56a/LX5t5RiZcfKcEHPPOMgcj0yRjnOcHtUDxMdxIIBBGDgAFR3BB5A4GOpB6gVstEx+bJJzwoI42jktnAzkn5QBggdBmoGhzn5MkAkg5OcZ788deR2xwMVoqSSTt1slr73fW6t9731WqZLrK11re2j3W2m6v+mqvszD8hmAznC4HH3VJ78Y7gjJIyBnBAyQ25GQDzuIG3px1PoQCMHJ49SCcbP2d2GOFyMjPr2yoBPGME8jPpkikFoxzluAMcZwSTk4OOMY78nJJJ7aRivPTRbq23nutuvdXVzL2yu1d6WSvey25VfXZtpJX126mKYBkgjjGCwPJ45Bxj3wOh+XkVCbXd8yglSRjuTyep6gnuv0ySwIroVsXBG47wQBkdSQc8DjI9ucZqeOxwflC4JJxgqNx4zyRnAXPbqOnGd4JNu7st7t+jsr91fZvfpYxnXUV/ETStbZ6afNeXR9X35tLM5DmMBs4AOM8r1JG4HByeRgj8hZ+xkHBXpyAFBUn5QcHPQ4AONw68569PHYltu7AGD1PJOcAHA456HIJ57Zzaj08AkMBkkjJz0PQntk9sc8ZA5raKT1v5NbW1VkrbtX1dvLdNHBWxiTs5W6aN3ei030trdXfa/Q5hNLDBmMY3DoTztHvweMnp04Aqw2lLtLeXkDv8u0scnrjgj3xx0z0rpvshAyDvOMcg4z6kdNvAyAc8nGc1bFqpTy3JaMknaoA57Dv1PUnnB6VpGLbVr3TXny7a62XyXze1/Pni1eWvu9UrXW17Kz3utGtOj1OKGn7ThVCk53/KMnb64Azj05APSpotO6bY8nluR06459Tz+feurWzCkbckn5gQAePrjjgZ/DJB61KluwORk/ebJ6HrxjjGOegJPQjjNafDtf/NPut/NvS6101RhLFKXVu3bla+7R6JPta3nFPmodOkDIQgXJOMgdATyDgDB44A4HBxmr0enAAgr83JyRhccgDHXrwD689jncEAJDLkZ4BwSRz15785ye3GcYFTeUWDc85AP8WAB17e2Ow79su3ovV26+f9aPqcrryvfb8dfu6/h5mQligBJXd0znqAe3I4xjI64+gAqVbRMEhM4J4GRgehJyWA9ep7A974XI2nOMKSTxg8Y3DI789efmHSgJ8uSTkKTjg8ZGcAjIHHQ56Y7CqcXa91+LSvbW+r6L8l2cyxTV00ulr2cr6Pfz16L8r1RbJ0wpDZI5zgd8c464zjqQO+aaIiCemBgAMOo47kZ5I4yB932zV/YOvGemehOSCD2IwP4e+B+LmjU5yACMD5gThsjoOm7HJ3Z6ZPTFRp1enlrvsYOqpN7t6J6Rv0aXk38r3163oKjBjlcY47dc/KCegbjp13HOR0qRYQeQMHg8Y3MTnI5z0x1HBHsxIsMmORuGMg/NyzADqOCFwuTnqe5yWpi5XlemOm3PzHj5ic4xjvnnr1OWmt9r20+fW92ujW/a26T50+2y2Tenurok9br53fciMIG/BAIYEZyCBwSME9OqsO3bGMgQDGcLgnIGAD0xuzkHAx1PcDGO8+DwMMcHJGSC2e+WyAAP19ORTtuWwOBkj5u3Gcgjj3568kYyMPn23cbJ337Wa120u99NU1qL2kdbu9tb6vqk2+2t/PRv0apYFRgEkng4ZVx6H1PYcA+nUmVc7lb7xPXaOWPQYzu257H5gQTnqKUJ0HPLcHoODzsxwV4GRxgg9CKcAc5Odw+bB5HY4OQOgIOSAT6c4pNrSytpr9y/r8bu4e0drpve+mu9nd7XXT799xCfulgc5PGeMc5Azz7Eg9RzTdoO45G3OeRk8HJ9yuBkHtgcHJqcooBJHb5gc8ktjGe5A47cdT1zGUG47c8bhxn5R27cggnggYOAM8VlJX0SbfVu72s1q9Pmuunc1p1+WWu3Tp1Vu3S7XyWl3aHKjGOVXcSM5wM8AnODzjPP15zRkDkpgAdc55PVcYzxj72D0I46F4jOMAc8ISc44+9n5lJ6ZJHHIAz0pCjAjC5zg429AMrz1xnJJOB26DgTayu1vtr6O9vS+9/RGn1qN/XS7er21eiSvez13/GFl3YO0EqGA9VJHPXjPU/iccgYgYMCOCFxhSOhIHJwO2cYYYPHXFWmDEEEDAYkYDEkYI6AcYzxjOexzwISm7dgYwB1zyepPJBBPdfr0HAhR3TutVpe21tE3e2t9Wlp0slfSFZXWqV119e6el9urS9bqthgxXO7ORuJ4wCCB6HHY9sHPWmeWSxBVi4+U5BJ3Y+XuBz2xx1xjBFWSrjBUnlsfdyCOOnHc4br26gdFAkH0IwQBk7eflAz27HHHXGelODsktPh39Vf7tbdequa86UdGkmlt207LdXs++nS7K5h9udoGDn73QjnB3Lwe3pz0CCMl8kA88tyAOnTnHy45GOAfUZNxQcMMKRjAzgn5umMEckZ549O2KUAcKRjBHOSF69enUnqM4OMdBSXtH7qvpb3n58r7tfJOy0aa2G6mmju0tm7aO1/O7V+t72as7I+dP2zInH7IPx324Pl+HHkC84BAOG+8O4HGC3ccHNfwlftB6m9h8NWtLeFkv77XVla534PkiGPdgdVyBg4xngFsA1/eD+2hKI/2Pvj6w2tt8JTlQTwGVCw7YHQlRk5z/e+UfwF/tEXcsmk6ZIJmZZBIBb4IjBMKDeAeM8YyBg544r67hSFR1qu3L7SM7b6RimtO91+Ntb6fCcXVLcrUmpeyaT0uuacVKze7ejtdPXobn7Bvg/xv8R/iiNF8P65qegxWmk3TNrNndvbix818C0SbIIkugDGoLjcT6Yr+02ytfh78H/g78L9Gn+ww3jWunQ3bxAXmsXs1xFGl3cT3A8yeV55vMdlDhcnBHFfwS/Cr4ifE3wxaar4d8C63e+Fl8U6ppNrf6tptu7XkLLdx/ZyLqNCYQzMwYB0yBt5C4r+6T4dXfhfwR8KPgjoUtkPH3j1PDWgy3eozKb7z70WVvdzXN/NLvSBhI5DZBxgjGRivx7x2o13mGXVnWg6NWE6McPBWmnShCVSpWnJNKN5csI2dtWtXc/QvB6rSeCxtF06jq0506s8RUbdNqo+SnSprX3kopyb0vZLTb17xz8cNWi8MtP8PPB19fbdQ03R4L3W2/smyM0jpGQvmAGUJ97YBk7cfxV/IZ/wUa8Q+LL79r34nw+Lr6KfVkutJSYWhP2O3DWULrDDyV2RZIJB+c5OASRX9e+leGr/AMdaf4V1LxTdJYaZLrt3qz+H9ODR2iS287iHz2UFZSGUcKApyBgda/kA/wCCo8sNr+3b8b7W2HlwxahpbRqBwANNt2UYOMeg449sjPjeBlq3EeMShGTpYCajJXk3L2tNaSbW67JJ97Hv+LlRUsgwlOE53ljKSnd2TtCTSa2ab2Vl5I+BvGGmXDZ1COV2SNsSsrFjzF1O04AyTgdPc4NdT8NtdvbRfC9lqOqXkumv4q0gNBuAaO3N9D54YkjELpndtzjoAM5HqfhnR9J1TwFuu7OO4vruWVWaVgpEeNuVBzllJDDtkDAJ+auQ8J+B7G0+IPhvRblJbyx/4SPQY2VX2oyT38XmLwSNoQkZHBG7HJ5/pLM5wnhcfFJpqhVUul17Jtpa9lrfXZ7po/BsuhP6zg+VWc69G2rSTdSktbO78731fXS/9MHx5+Lnx18Y+Kvg78E/2bLDVYPhzYaN4BvfiDqnh6zldkU/YpJobjUAAiWYgLtIgb5j8hK5Nft74HmXS7m20tGlv7hLHTYI5o4v3CT+SgnDnjYwkG5iRg8nIPFeWeBbTwZ4F+HXhl9I0zTdOmbSvDlpcQwxxrd3MX2GAxrK6gzSZYjBYnGPoa9M0yw8T682japoFzDoemzeIM6hiMSXEkEK7GVABlNxUgNycHOMbQP80uJsfhq8MFQw+DpYV4HFVYVKsPer4urWqe/UrPlSbunyxWkVzavc/u3KsPVoU8ZVxOJlXhiqVJU6dR2p0FCnFKnTTTbd01ra71ummfxu/wDBQKKeX9rj9oNriLdctrIAAOVVY4XVV3dAQMAZ46dDyfzDu0kSW7O9gSgBIwy4IxtPA456AfKCOfT9Xf29LK1j/ao+P85upJFl1yWAGdvLmLrGxLEE8jkbQORnkDHH5lQWWmT3s0d4Z5IWiXO0hQxZgFCkjgKORnr69a/0Q4Cqwjwtkt03FZVguVprX/ZqXXq9NUrX6WsfxhxXTk88zHS18fibLW9vaSV9O/6/fxfnk2kaAODG7jd0yo3AHBA5zyc47n1B57VIWkhg3vt/0iEg7ssf3qbcnr7AqB1xivTL/TdMtreM2kKkC6nRgzhzsViFBwcjgHPOQcZ5IFcTrf7yK0EVskYN3DyCMn514AyTgE4GABwBkZr35TTm5OLi24tLW9uaLez3slq921om1bxuWSVm1tGyV7PWHl206aeep9Wy6re6R4S0S3tpoGWS3txvPLIGVTjJHJGMMO3X0rmJ7rUJZ7fz55pQ8hYrHnZtPRhjI54wcDryR1HvWj+GNM17w94U0mPTmnvZ1sIgUU48yVVBdvVR95iT8uCT1rH8Z+EbHw/4gGlSTRxXNmzI6xSboy648obRg8jIySOeBwOZoZlhudUYwkqji5rSycYuK1tr2Wqu3v3Omnl2JlB124qkpQjG0tE9OrSTe179tL2P06/4I8eGZtb+KHjq3vLbz7f/AIRe8dlvnX7MVdovLD78hipAKjgA4Iya/pp8ZaNYaP8AArxzAt5pltJZ/D3XkS3tbeDAU2E+V3IuTnoDkkdR3Nfzm/8ABH+w0zVviH8RbS7uLuSaHwu8iQ2ztGHXfGArYKHCgADac/7vFf0b/EzTLHTvgT8QvsltGjxfDvV08x3Z5d32GUHOWJyc5Gd3XuOn8N+KtalW8WKqgpWawDcJaJfw7NWurq91pbfqtf6k4WU6Ph9l9JuycqzVktnJ3u2/l1tpvex/nDeMrFb7xbr7tIoWPVNXlKzE7GX7bc/wDpnlhyCPbNeVjVytrc29vK/M5Qtj5E2t0XHHIwQRyBnA4IH0ld2lpc+JPEJnitGd9S1RVjcb5nL31wAAn+1kE9ApPToRzviD4TaJDoF5q6LdWV9bMJmsIx5RkWQ5JTO4MwBzg8gDJ4HP9m5PmNGlhsNCcZczo0+WaV9FGK1Wtkt7631tpofzPm2WVa2JxFWm04qpVcldJ6SS08+W+lr20RD8K7gq87T3EgIYLGCu3LMAc5GMnGCRyQeoPJrV+Pl5Jb2FlJBJln8LXQOfvZClSMewJBwR3UdKyPhpB5LzrGrFBLGVe4bMitwNjAfTB4wcDjoKZ+0HNO2nWEioiAaLqETEnHyomSAT3zyV9OlerjpQqToTXVpJ66v3b/E+q00v662OHK4ulUqQXSE3e7b1sm9b9rXj32R+cKa5fWjT7JdoMrHG0nkk/Ng5AwTjpngADIBqyPFmrlWjF24R8dB+AADEkADooIGOBt6jl7iYs0pCjBdgckdck5zuIyO5x178DMBmj6KV7Hrzj37AjHHUcc9q74KKim4Rdkne27aTXfZvr+OtuXESlKbS6yeul91prra/ZprRp7mtdaxqN2WE8hbJB5OcFTnGe/PB6YOSPf034YPJJPqcjrl1a3AU8jBcE+m3Poe/PfNeM/aBuRQVwQeoOSCSeCcY4+vOCeRXtvwkTz5dVfB2IYS2Dww3joe2McdSeOqmsa8ounpypXS72T0XTp0s38wjF8l2/vWtrb3Xd7NaNa9z2TWbpkF2qtkraqMg4GcDr0GCRyfdj1rzEeabuEkbmZGw3bByAeDyVB49SARt6H0PxHvjS7O0GNrZSOgJ78YA6fKoyfug/hwFmHku4QQzEqMY+7yOue5+ox6cilSUeVO6VrSuopt7X3Vkuz7tPTYiDabu3ut923yWS2aS79G9b2N21L+ZCPLXK3CBSDwzBhnoTyDkk9SCRxj5v6cP+CVMseo/Cr42veQ+cNN8LoREib8P5HB2gHJAHJOOcZzzn+abR9JutRubeC1t7m7uzeII7W1RpZmLMMKiqByw7Z7981+3v7Kmt/Ej4L/DH4iW417R/h7pHjKGwXUNR1ueNJ49Pt4UNxCUkMbRzOmflIJI6Y6V85nk6HsOSpOzlKm4paylyzhK0YxvJ7W2atq9zkzHKcVm2F9lhoRclOMlOb5Ixs9XzPRWW6T1tZ9Dxz426IuqeKPE95Ghjd18qLy4wfMldyRGQFyXGcYI559c15/4X+F/iS68P6pPetFomnxxoDdarJHp8SBVDNIxlK4jXBztzgfQVP8AF79sL4X+F7q/0v4YaXJ8TPFFxMi3Gqzx40mC9QBWdGJImTzFLoFxnJ6g5PxB8Q/H3xf+KUsVx468QX2nafO6mDw3pTSWljFCOEiKxsGkCj5OWI/vDNd2BzHNMXGNPD4b6tS5YwVeu5NuKSScaad97NNyj6aaYS4bynAUaf1/FrFYiNn9Xw7tG6SS5pq2jenXrpqfVejaX8MbLxDcaFpV5qnxg8VzW0ky+GfDULy6YrLG7TG4v4w6NDE2fMOAOAM7q9C8YftE/G6++HbeENO8X3nw68FeGbC5jtfAvha4ltoPOjBhnhvZo3DGXPEpDDcwLHbzXgv7I/jeH4JeMrrxQliLmG70W80aQEIskZukZFkMjqzl8sN7egYAgjnpPHslvd+FvF+oxCNLu/nubjMWSFju5TJt6gfxZIwSMjkjivmc5yiWJxteOaQeNoUaMa1CtW5ZRVZxvLkpW5ItPZr3vO59dlWfvA4XCwydU8DKdR0qypR/e1KceTl5qm/vK99lorNH9Xf/AATj/wCCfX7MVl8Ffg/8bNe+HzeOPiL418MWfiC/1fxpO2rxWl9OgmZrCCX93GiMykGVXyQdwzzX7W6Tplno9pDY6bZWWk2UKGKKz0m0h0+2WNMBUEVrHCrBRxkhgTzg5xXyD+wavkfsf/s2hlA8v4ZaHksQpybVCT15PTIJCnHPFfXNzrOn2a7p7qM4LDarK3fowzxjqST1HQGv85ePMzzHE5/mVFYjETw0MZWpU6LlJRioVeWMIxS0WlrLSza0sf1nkUfa5bg6koe0rTo0pSlJtu8oQbvJp3d7rVXtfra/L/GORYfg58WThVC/D7xMegyCdLuuS2B3wcngnAG3GF/zVPimLs+J7Thpj5t+wKky7Qbycgdc46gEZyRxnv8A6Fv7TH7R3wZ8G/CP4l6T4l+IPhvStW1Pwbren6fpc2o24vprq7tJoIYfIWQtks4XJ5wCDjgj+CnX7HwVH4jQy6m+sawbi5FvpehxyanM5lupZIgkcIdkLBkPJ4HByCc/0J9GlV8uWb4rHUquGoydB051YyippJ3ceaK0Vld36+Vz828UMtxWZ4Khg8LFe2dVykm1dKKhrZX9L26tNdH5ZoXhvUpreWZYmCzJuJYFNqnO4uTxjggHaD+JrvtB0a40y50+7S2ecQXKSymNSsRCP8pZzjaigHJGR6nIzXu/gP4KfHDxqBF4U+Fc+i2E8if8T7xm32GIQu3+ujtJArOApDFflOR64FfUmkfsDXOob5Pif8Tbq7MEKySaJ4TH9nWKAKC0cko++nJUkYPU57D+l834/wAmwV4fWqLnFNckJKrUd0nZxje17WtKz731v+Z5P4SZvi+WrWo1uSXK3JqNOOri9G9XbfbZPY+O5viFpfh+fW5L7xBp1o2sXETrp1lGdRv24CgKkIc7yAMIORkcda2NCm+Jfie+jg+Hnwq1W8FyFKeINet5dOs2DHHnbZdrFVOCducAEYAJr9QvAv7NvwL8AWVtP4c8FaVc3tqh36xqyrd3Ms6DcHea8YxgrgneqkZwMGqPjX48fCD4cLdf8JT4y8L6IUV44bG3vbWS4BThkgtLbbufgrggDqBzmvgq/iBi8bU9lleXYis3JLmnzL+W3uwV+uzdmtdGfpWE8Mcoy+mquaYzDUVCMW1JxckrK/vSafZRS7Lpt8YaN+y58bvEyyz/ABB+Ji+GNMZt82j+Hk3SBXZQ0YnRt67l+VRuOcdPT6c+Gn7Lnwj8Ka80S+G73xlqkOnw3c+p+KZXvVjnJB8xFkPlqQRnY4x2JbOK+VfHP/BUH4O+FY7u38E+GtR8ZaiJCFu7r/QbFpVJCuwmz5kQIyAB047rXwX8UP8Agp98fvFl9ft4Z1DSfh9ZXlstmE0CBVvhAvCh7h1kBkxkMwxkjP051l3GOdTftm8DQqxWl/ZpbWuotT27623Z6Ec84C4fhGnRiswxFJqzjBTTaat7z9xW173tuz+izVPEfgnwDYvJq2ueFPBdhbQHyxcS2VkpVRgqBEVY/wAQwQSB1HO6vij4of8ABRD9nrwF9ot9M8RX/jvUYg/+h6DCxspHBxt+3gldjMCN20Y6sMCv5tfFPxU8ZeMLyW88T+Kte1+7lZnmk1HULmSNmdmc7YvMWIAluFCY+b0rhjdXtw3lwGV2duIraFyWJ5A+XO3nJ7ZI4OM16uB8NMKuWpmWLq4uaacopuMXdx3lJtvX07rRHh5l4wY68oZRgqGDppWjKS5qlvdSdlypPpZJ3elm7M/XD4lf8FVPiDqwurHwB4S0fwvYyy5iutTcahfxgZ2urqw2yY5PBIIz718FfEP9pL4u/E2/ubnxp8QvEWsG5k3i0j1Ca1s1IG1Y1ht3jyqLhRuJOOeK8p074deP9dV5LDw3qpgQeY109rMqIpHLB34PHPAHGGOM4rvPA/wR1fxD4n0vQtU1BdPjv4ZZZLlEEpTy+CgweSTweQRgDA6V9lgsiyPLYN4bB4eHs1rUlFTmrWveTUm7b2vo/kj84x/Fuf5tX/2rMMROU5aU1KVOmk3FOKiklbW6Tto7vc86bV5DI0nyiVhnfKfOmctz8zOWfJPOCcnrydrVLbtqWpFVtre5upGYbEVWfJPykhUBwT0XgEZxx1H6NW37F3hnwi+hX+r6jcavZ6hJD9r8whHhiLBpJEQ5IDJng+mAS3X6l8QfD34G+DLXQrfwJoFvbTm3Qaje3CpMzyYEgdWZXLSZ6jHGcdORcs2w6ioYelKpe9rQtFJLW/RO+11q9dTkWGnLXE4qNN3SalLml0aTvo207auy37Nfkd4d+DfxF8RzILbQbiJXUMjXEUkC44PBcAYx9ckZGO30h4W/Y58Vfb/DEfiS6js4dd1OG1aFMiWISkYbB+9kHIHJPHAyRX3rpWs6HcanHDLFDGLe22RyApEryBSwO1Ao57YLAbuc/MK6LxR4qH9o+CWiXzLi31u1EEu0uo2hdirtC4bOSc5x0ONorxcVnOYJunSpKmpJpuyUle1mtHfXXt20tbro4PK7qUqs6skoK1nZv3b3V3f5JO11u7GRYfsffCj4Wapos2uRrq19PG8srXrIbcCMbgjg4VcAnJwSD1yMGu9u9d8G+HdL2+HNE0+C5E7wwy2iQqDFkjepVd21QuWOMj3rL+KviPWvEuqW1lqRuBNYwyxwKkJVZEmU4LKuCWVzgcYKlTkBuOR8OfDnxLq1vb/2do2r6lMcrj7PMqRhiApfj5U28ltoB75OBXz8lWqxc8xxspX95xlO0UuVLVNpNp9LLydkehOrUc408uwrSsl7sHzOyin9m61WrXvbeh2Fr4iuri/+1pdtHfRWnn2LxMSkVzD+9hcIBw6OqlT1BXAHQV/aB+xP471v4g/s7/AvWfEVw11ql14SW1vbh23GSXSGjt43bqS+xMHg9ADgV/I14M/Zl8YzxxX2v3Nh4ct2t5fMnluI9sCliPMnaV1MQjXBxhsbSRzX7dfBP/gor+zD+yX8HPA/gTxl44HizX/AdtJpsmleE4W1m61B9TkEwkQ2wbYYnAiYMGwSckE8fzh48ZJTz/Ksuo5ZhZ4/FYbMKU06UJSUIPl5pSa02S6q3dLU/W/D3CZtGGLeKSpQlSlKnTqTjCUpuNkoKbSWu92tz9JP2b3dj8b2A3eZ8V9XVSCAcpMwIB6EgZ7cZJxt4r2/U5YrdXe5dIVVlLTXDxwoVByxDSlFOMMCAf8Avrmv54/Av/BQf9pfxvN8SdB/ZI/Zu8TeKB4n8danr8fijVNPn+xaTFqcpktoLhGEZt5gjbmL4IUEkDnd1s37FP8AwVe/ackhu/jD8atM+D3h67fzJNIsNR+1zW8LkEwmzs/KuEYKxUqXG3AGDjNfzzmPBOIeMnXzjMcDlNBKC5a1eE8RZU4XtRpOU1s7bdrXP1+nXw+HnKTqRbap3gls1Ckmm3ZJ3vs3u7W1R+svxI/ak/Z/+FySN43+KnhTSJY8n7F/aNvPe+YoPyCKN25bnABx0HA6/Bvj/wD4LI/steEpxYeGhrXjbUgeLaytp40kUZCmKSNZtwLYIwvAyegFZ/gT/gg58Flul1b44/F/x38TdQQrJNbWd5PYaZJIMFt6XTzy4YljgNkg8HJxX6I/DD/gn7+xv8H/ALNP4P8AgZ4Rn1K0RI4da1i0/tPUN6KG3u900sbEkAthOp5GM0qeV+H+XwUq2Mxuc1ftKko0KLd0rJuTk+19XbXfVzUzxtuNKi2naPM4yWjt35I6Xtrfvd6M/Fnx3/wUq/ai+Ofg34naf8Gf2dNY0z4dW3hfU38UeL9Y065listBmi23c0N1IkS+csTnYoQ8kEN1r+ZbWPid8GtJvXMPhzWdZupZrma+WcOD9pkmd51TjGwy7gucg+oGK/0Z/wBonw/otl+y78dLTSNH0vSrOX4Z66v2XS9PtbCE7LRyAVtYog4GOA3PBxxuz/mnWmm21xqeti4ghM7X98ItyBhHEt5cA44JA68j+vH9sfRbeW4+nmv9kYCGWUKdSjFRpylOrVtFvmqSk7yktdtNWmfz/wCMeaSnhsPVqwjJxnKCTWi92EneyV3qvlbV3uX9Q+OfhWzmZtG+FzNbs2T9pZiRkZ5Ur1x1+YHPauI1v9pjUg3k2PgDQ7dVRtjTJCzKBnbuOwEsDnoOM4xxW/qmi20NkWAVyzMzNEVzkjlQpHAzj7o3HoODkfN/iLT43uJgoMTtJgDk/KGJz22ggHj0GMZ5b+0YYeVNtqcm3/M9Le7J+7ttr5rRPXT+ZKmaptctGmtE17qstnbXpt1unfrY7S6/aT+Jc52WsOkaeik7PKs0yh7LuXB6YABwDyCMVyt/8evi3ehseJWgUNny7eAIASAD07HtjB4HA4J5iPTk8tgACSRtOMBjgYJznAB646fKTzTjpYG4hd7A9lIXvwTgnKno2AByDnmtFQc2nNtppX13622V1u7X279eCea1FN2ty/yra1ldv7tk299Ctf8AxR+KlzKss3jDVSWQoxikZSF9MLxnHoCMD168fp/ifxLqOttp+o+INWkR3JeR7yVjuYjPyl85bdtxnA5xxxXXy6WxAVE2l2BIP8OenJ9cjDdAD1PNeaWUTxeL/LX5WM+D3AxtyD0yDtAA5xgY5HESo8lSlpJ++tE29+W2mqurqXu2u3qr7d+Fx06sKjs9IXutm0l0+drW01TvY9L1/wAIrFpgvZr+7mMhBG64dlHQgMrsSeOc57georg00WyJRTmRMgHzDuYtgdMnaO2OfUFhwD9D69ZwX/h2JYtqFFQFQ3U7QDnn+9yQQTnnPWvLrXR988cTEjcSGAGFIyQeeBjBz0x6+tdlTDJzi3BW91c1297J7uyt2367M8363VnKS53rZ819He1lrZqy6X6NaHLR6Zpyq223TKnGCeSRycnbgdO4OSAGODhan2aAM6xxxrHvyVGD+eByBjgnqcc85Pt0vhzTY7URRou+UK5lOAD65J4z3B6njrXC3ujLHP5acYJDPjI68ZK9RjJGCpyM9RztHDwvZKLStzJX1vba0Wusbd30s7HNVrVYPWfZLXvbvpfo35vTtycLrBKmzBCliVWMHoAcFgM4xgjIXHPB7blrqVyCiiN9hcHJIBIznt0Vh2zu6nPenjSFE6I7BVILMDk7mGQBnqM4zx14z76n9lpGVZBnGMBFbOG6E856nHQEZ9K6IUrWSXKk0rK90nyrdrR2d7tbxtHaxzVMXPkT5rpNXX3K/wA7+Se1tkczds0txNK5Kqw52FsgkjABU9TxkqMYyQ3IFbGmrNPEkbK3lpgMXUMfYenJxxgcn5V6ZW5sGQyFQPmUn+9nkKM56Z64wOMHHPN/TIXXDszL8g8zavHGdoK42gg45A244B4zWro31sldK60vuur03vbay36o5FiXKcb3WsVLVLqru7V7p9ltourfllza+b4yhLqFLu42D5dwDcjAAGD15HKnPPFewWHh2aWOQKqwgSKyg7SSOvB56nGQOCAOuAK8xRWuPHcAcnCyOseQdxyTkjJAzjk7cZOc85r6b0uJYhL5sbZWBPKMny7dvBB/2iep9udwNdOS4eP79zipWqy5fhu9E7qydkuiu73dis8qe5h5JySVNN2dpNXh52T3d1ZXfmjyG+0hre6IcgmNm2YGARyG47E/Lx14zgk83EtJPsZOdqlXIAUAjnjJ6EfiOMknINd/qEH2yUTtAnCuyrt++CflKnoeQSDnIBHpzC1piExrAxzGA2FJK5UMAABkAZxwOehYda9eFGMZOSiu+qasm46au2lkr2+ztd6/MyqKpBRbbs1pdqTvy9WtHtf5vXRHN6LA7RxhUUMEcEnnK9QB2PHXJBJ6dOOZ1uwZ1vWUBXVmGByXzj8AP89RXpunqYFUJbhXcLGQ2Oo+8VAJDbR2BBwQOCOcrXLG4FpeThUTd5h6ANwcMpH8QPBJ4xnoSa6a8ObBSTim0m9u8Uo21Xft116285VVh8bTfPK8pRvZvpa7jorK1r7J6Hz1JYuzYKEqhydqkEZ4IbHTOMc/UdxTZtPnbycR4JBwByQcjGR1B789T0zxXZ2VoJZSFRmcuoORkMQMhuDyOAcj9ciurOjoqCaWNWcICVUbdvHfPKtwTkEdOCetfnleHLNqOl2nfRJJ2strd+je7fc+6o49ciSVlZXeibslrfzSbVtE3dtXZ5Ylpdxx4SJlACiUYAJCnDbuhz7g5GD/AHuOG8Qqy39s0kfyCMjGSxXG0HOTyRwcZxnOc4yffb2yEELy7TGCrnAYZAION4PQjsAc8j5QBx4h4kh/fWrMNpZXJPUsd20E845Azg54I4GOOeaajv1va3pbfS3fvbzPayqqp1XbaSel7dYxae7V73t8S6rc6rT4GaG1LKhHlgqcEkArjjkjJ5GAuMjuRXrHh62WSFcxhUKnJ6EkHJIOQSDjjvkcYyTXn2lRZhsIy+9DGhwflYBR0GRzjB5weec5PHrnh2FBC6M3ygF0VlwASMFcj2z1I+qg172DX7uD2tHTZrVQdmm9ndO+lvJq58tn1WbrSSTupSin2fu+qd1v0u9TcsdKZiywxqwdAY1ABILcbj/dG4YAwScnrVuXQFtYt86oZMnKnJCkfMNzZPTGehJ6r3rZ0oRWsYPmOJnZVQg7R3wc4G0HOSQBlSOBxWrfOzx7QoJJJYnBL5G3j1Jxknr6HPX0YuySvd2210vZX1WrtfZ2Sta9tPldZRTvZ3ejfdpO+1+t77W6M5KDyFxELfLIAzFP4mxknI6D9Omewoc7pXKxhcqFYc5wcnnoOzZboPU4G7oY7VYoA8caxsUw5DAsB93DAbjwB8oAJHHAJzXOzskc8hUnG4L19B2IOCvGAD654IzXTB8ySf8AdV2muXlVlrvpe99979Uclfnprmeruk0km1tbXdvV662LcccaiMBcFXBwhOMnkjOeDyCc+ntVnyBKS3lptVGzuXG7rknrnAXOMZY5HoKpwTJtJzIWcZ+VfvYPyqMDGOgBByPQ42nQFzKyqojdgF2srEBsscYPTpzkKck4GSTitJKMVbmvZRi1qrJpX12s27O67aaJLjVSpO8eW7sktOXazet1e9l3ellY8m+IO1ri3VHUIEXhBjk4Lccntjn8ck5rw8bFublgN7GYABx1Xcu0KRk5xk9ju6ZUZr6F8aWZM6llXLKF2/3NqbmYjOBk8exzzkEDwPy1ae6XJAjuNwA6HD8+nHGPy54xXyeYOKxcbuz5klp6X7bL73s9k/0/hq7wkoySXuJNaWS927W+qd1d9LLTp6v4ft3OmxEKCGbceu7aATzt5B7Hk8DI7V6/4d/0S3t7y5bbHt2JkfN94sSDg5OMgAZY+3UeaeEXtWsJFBbzEhYfNkhRk/MnsP1GcGuykv2uIrW0iHyW0DSZPG92BGSBzjBGc4BJJI6AepSTlBSvdOMdG76Xjb8G/P13ODFpUMRJRvo10eq5o2Vrq+vbfq9GW9QuI7zUXkUjys5RSchY8fewOM9Qc88c428TaTbRQ3bhZG8to2cKvA3ZBzyc9cDplsnkDJrn7eYK373Gful92Scg4X07Hkc/Lk8811Ph2SN7pUmXgpIiOwAUZBKuRgDgdxndgA8cUThFxacb9lsvs6W5tV63V+q6xg5xliE2nd6Wd1e7jpbXT/gbvU3LGGeUySqhDSTYJBySPmBGMnpkDkY5GOmaz/FKyi3O2M5dVhVehzIccYPQ9u+c9MYrttJtIhIGSUlVkO5lzh8jnGAVyOQc9ePTI5/xfFI91pg2MY2nydpPzmM8FhtYDGTjGOB6dMaCS7+8krK176JNcutrt6fN30Z6OKg5VlJX0sl5XStZX6O1ldbb668zZ20WnRRwk4dhG8jYwxZuSjAg89NuRyM5HTGzpGkwX1/Jcuci2hLlG74JKL6hskkn5uSeMZFYup7hdzABi++LII4Ueg56dBnHUnkZ47PwqrLHqqEHzDbAmQgEITyME8jIUAdSfu5zmr9mndvVJ3Sttsle11pbXbZ3024lJud31+7W3b8u6Tei15r4hlG8J6juZifLXao5AHTjA5GCCPp/er5r0u7vI7FIRO7QB2CwEb41LjB2g4OeSSQeenTIH0549gjTwPqkgZmlMcSsCCpUNlcZOeob1OPXOTXoH7HvwK8I/F7TtatvEhlS7ik/0OVXCLDFGR5rjOAxIwNo44z14OFWEJ1YKPu2i2+XW6Vlrra76bPulol6dB2wdRyXMudRST1eq9Ul39Omrfhfw/0TwPcXgl8WvcW0S2ErRW6YQTTBTtwcjliwAxnjlSea/Qz9nTR9F0j4bz6jYRuou9budkjcyi2jwY0ZhjsQQB1z0zWR8Zv2I7Xwtob+IfCOtT6m2m2Ul7cabcfN+7hUuzRupAGQCMYJ6fdwcdv+ztZyXHwX0iSeLaW1S6iaPad2YyUIJxxgrwDzxnJGdu9Lli1FNP3W0009G4Xfk1rdeSbWl3jyzVGUmrWkrbO2z7vffXdLe1j07w5H9ovNUkMmX8qNog4OeW5IHIwBtyOPl7kHNdaqOz/eVZQu3dtwCwX+D1Yjg5HIGQDg5yPD2nzJdahLHkKsaQglcdyQT1+ZQeFHPXPGa6t4pguQdpyOGK7lIOPMAAx2OPbadw4r0MOtNO+ztrdq2jevW7SaW+z05alKVk73sls2u172b1uuu/Qx/LIAQqFMnLMQQF5xjAJznjDdBy3SpOCp2keZu2ks2fkA5dOnryARyM56mp5CSWdt+7IweylS2BkhR8w6A4HUDAPNN1eSRDJlAoYEAYVSccvjgY44zwecHbiumL6KV27LZq1/O78urbafQyUWlqrN69L9NdLd0tVu/mWYY4gyHzNsjneXx8qY5LEnjcR1xnoR2GYbl2MiqrgfK219gCYBOcerZOVOeCBn3hDneq5+bdgSYIVSDu4HQb8gHkfwnB+7UUjSSMERtz5OFKswAUkl1wCMAHHPcMOccaNNR1UW72Wrbja29tFdN23TuumiiUU0rLXy7aJNqyaWuvrs+U4P4n7l8BeKcRkZ0W7cuTkOVibkAevynjI+mc1w3/BOAkfCjxixDFV8ZSMYhkAkxZzx0HXGc55HOTXe/E3zH8C+KTsJZdFu4yGyNyiF8sqgZ6Hnrk5PtXn/APwTpuFT4VeMy2Sg8WtujBw7ERkfKNvUYboe3uA3kOo1mWGnZpqM7J/9upddL77X2ur3t6+Fh/wn4pJac9O99L6xaWvnrpba2p996kC8DjKhN+ChIyFJBKkjBDKTzwQAO+Sa4SZQsi7X2I29ixQfMASB8xzuwehA5PQgg42NRumf7SIZGRWfMaHPzY67mOQCF3D5gCdwI6jOI8rMQkgDbFBDkcJlcAjGRzwenB4OF4r2pYpSuuVvTXRu+1r6q+176XVkebCDTWmt1fW+lla1pWvdW276aDXSNVUlxudCBhSOc/K5OTnIzn15ODyDqW8SKjJuypiV9yAYQAL06gkg4zyOp4JJrNkxhA5G/YApX5lQ449Acjjk8nHrVmJ9kbb5MfdAC4wD3H1b5uBt6jgcivNqzi00tFe7vutm1dpe6rW89G7rQ9CjTaab30aV77Wafrrom9b31sQKUEzBWZgWZk3YKr6mTO3aM9j1/EitazijjMUjlWKjeQM4QHjaoGV5PzfL6+xzjOxaUFEBUOQcnaWLDO0gHbxjGO5zn5RkWI7plCISxVSwATHBGcA4zjP6E468Dgmk7RW7dr2dtXG1k3vv1081t7dGaikm1d32Tt9lWWr1s07q6skltc6maYRQoVk5kU7MqG254xk9ABnHGCTnJGMc9cGJllO8eYrKGz91ic8gHGDknLZPcgc1DNqD/JuB+dflwPlGw5y2cg8ccY44znk4V3eSuThBgyqWI2qrKQCWzjIAI6jjgHIyACjFxnJJNJJJ3bdpKzsk36eW6TDGTUqUoqO6S66Oy1au9rrbbW+mh1dndbXjjExASVGdl+6cOu3pkjGCD1B49a+A5Z2H7eWquGyX0KJQTxtCoABnnBODj6ED0r7Y0+4BlcGbCrIhG0kkDep2qcfP1OMH5cDPOAvwykkE/wC3VcfMWSXRLcSOpwADGc7v7oUnGOxOOcgV280VUw11f/aItpXV3rZO/ey32vfS2vkUqblSxdk1fDzV+7bg1bfovlva2/zv+1fZ+V8RdPePmL+yo3GeWAHGD36gDBz+Oa+W5o5kVmEy7XJO0oAwHAHUfKDnOecccjBz9b/tdJ9j+JWmjA2nSUcYPOMHr8xGSeePQnnGR8r3EiyRl/MVDtYbSF3NnoD6knvjj8Aa/NsPG1KCtbTTp2d+9tO9rb3R9jncnHHVUrv3m7aK+19U1vtdtdO1jAiU/b7UFxzdW24jk/6xN3BwBx0H3R33Hivsq53f8K48ZxRgMUkshkjG0mBc9z2yCeo474r42jbF9aMCQDd2xJ9CJFH056+/XGMV9gvK1x4B8Y7CAWntwTjGcQxE8jv35wB26VFXWorW1srbp300ettt1rrp0t0Yeo1gppxteLW+/K03bdWdu+nTpb5lIdkSN5HAQDkk4I74Hbnqcn169cvUbZTG5EvGGJOeWOOo5yRnJz2JOeCAN51dETCfNtACtzkAdRj1OcjrkgdRtrD1OYrCysCGCttCqNvKnPsDnoM5HFaqOivsl5q60ut2/d7endnz1KupVY9E5qzvZW5k7Xvu1bp19D61/Yy3J43SP75Ok3JAboTiTg55wAD7dB71wvjRpp/G/jDzyAy6vcrgDBADnBGchsKAeM46Drz2n7G2xvGsbiUqy6NcktnGDiRcnpyGxkY5OAQM4E/jHSXHjvxIPs6vG+ovM8mNoZSx3ojfdJIOGGCOwAySOBU51KkuXvZXbaatFJfPs1qrra9/s6tWMMBQ5n7rfKmvSLS77W7P5tnidxIXt1jEsikEgjBGFxyQNuQCMAnrkfU1b+HWYPGlmY2WTCSbcj1bPPGVOAM8evAFfX+naT4EnsbNzp+kO09nJCUmuI4jbyiLAMoJ253jLMByARnJAr5d8JWUcXxJe3gjRI4dQniV423RlGmKjZ22qeAAMHg5yzEc9aE6fNGaas02rOzVova1ldO/Mnq9W+q6svhB+zqQnzN8qaSenwuz0tfW+jezvq9Pq/8AaE0a/wBV1KxuILcMIvDulB/m5wLWM4yDhuOVx16kHoPjjUdNvoHDGylWBFyTt3AgHBO5cDltwJK9sZ5O79K/iposf2kw3Xlsf7E0jy1M6xE/6HGQVBO5+nK4AHrkjPy5qmmeSk0MdsjRRDeh86N8sqghQx5bnsSRx3PXhq4ycavIotJaJ2drpvezWju+60s3pr7FTBU6tqknrJK6SWjv10vrZO+q01ve580eGwB4u0rcAB9tiJToe2Ac8nGehHQ8dq+0fjm0o8JeAWcFY/sF0W3ZYEmbaSeTjGcgZ5ycYIwfkNA8Hi+N5LfyZ45xMgTA27RuwcY6MDjkdOAMZH3n4x8H3nj7wt4Gg064BmtdKElyjxFsRygNI+OhA45zxyQxOKU6sIpVaslFR+JuSSVlCXM77K6ba7vcMJhq1T2lCgryclFJWu/ha5V/lu112PhYNJDKzOARsBVwuOD0AyO+ePTtxyJPDxEviiyLkZF3EoOcchhnK8HGMAevXPcfTC/szeNb0stnZ392yjdGkNnIyyxL/wAtFYD/AFYAyW5wF+8SOeQk+B3j7wp4os5dS8N3ItVmSQSoDJkAFgxAHG1AWbOMd8CuWOPwdScFTxFJylK6inT5nZrblSe7tvrobSynH0oucqE1FNObcGrcrT1klbfXVXt21v6/47sbnVPBfha1sY2a5FxeFC4GzYDySWztJH8WTjcOepr5ivra4t7h4po1SWHCMpfILDggY3En1zwOQOBmvtnU/Dera94O8P22mRbbuya9kmnGYWRZHHC5IzyOSeBzwTXzt4k+G/jLTZfMuNHu5w7BvMiAm3g5+cYXcSxO4855HGAcdTqKM5L3UuVN9Lp8ttL3333WlkaSoudODUW2opN7u6S6fZa112tZdzyKOMjUNOfbhvNIJydo2gnjHQDPAwTkE+w+vfilOB8F/Apibbum2s5B4AyAScYXBIPYj35NfMh0bVdP1HT11KyvLMlywS4tnjyCDgncNuDnHOCc5Bz1+mfinFJJ8GPBEVtGTIs75KqSVAzjjHIPRQenT0rCo04tJ9drW/k2tfTv8/K5Ri4tRS1Wln3Sgktdm0r73Wvy+Uv7QukYW4khlba24n7x3HGAT34JHfktuBwavaJKP7d08CERhiqyBT9/LAE8HGST0P3sZxwFHN3Gn6okXnNDMjq20gxsJGAycnjGNueg+U5OMmrXhxZ7fWLFJy7bpEbocZLggZOTweCMDpnI5Fct4SlFKXM246aJK7ju7XV12fm+y6FZtNpq3K7tXaV1aLulu3quZ2e59nfHwWkHh74bNczNAq6VL8zDarLsU4JYHJHCse+CO+W+ZbKW0km8xbuB4kBCIrxqxBJ+9n5jgkDkkjOOeDX0v8d9Oi1/wx4Gt5XZTFpMghcsBHE/lrwSOozxjOcHjsa+OB4SubAsHmBPmFRs37gN3ykqCOMYJIH8XoQKyxkLNOLeiV9mm1yr5202VvPVnXQ5rptJJ2fnoo+T7p7a2utD1Hw6SnifRzGYZEa4DqquGYZJyGx378gZ3c8Zx9YfE57iH4KaTcQwA7dX3YALMPnIJ9BwB2568HFfGHgfSLqy8Q6XM8jOhuCFUbtwOMjcWPGO+ff7uAa+5/Gz28fwR0l7uSRQl+xaNSMMWdgA2SOnU5HOcFuuMOZfV57PTsrc3utdE97+XbQ66f8AE969m422+VrWatdpapa9j4hbVLyVVU27HcdznYF244xyMDsM8Z+bODiug8MzSTa5pACMpzlmJXHBGATyQCBkDA44HJqB00sxP5U+zczOp8xSC7FnweRt64JGAAAenNTeELKddbjuSqyW9sVJZHyFWdgqD6gnnjOOnFeNhny14y62VtW7RbT01elrtenqddSMXS0bb0Tb6O8fR7c11s9L+X058c5kjh8FNIWbOkqoXIHBVVwW4yOPzzk9q8et1trd4DExjLFc4YZLADkkcjsOPbqentHx0sSbTwBJJGqo+jrnLYz8gIHPTJPYZz+vhqj5VMQO9dqjcocJjIHIUY6cZzjPPBrmxcrVp7u7TVm+8W9eidrdXd9TpwycqcUne0U0rO7akk9d9dNPlZ9Pcv2fty+PtOkabKtrS8Z7ZznBwQBjhsc8gnnB3PjdOR8WPFuJFCreW5GMr1jUHpjqDnr0yMDIzyn7Pcm74haPA7Mz/wBrgsoU4yduSWIznoQPUDJPFWPj5qP2f4ueMICilTeQDcw2n5YuGz0xnCgAZ5+6ccePmCcopctrKN331XRPXTfo332foYSShOouqV7b6OSto7Xt13VtN7lOWGyn0eUzQL5ghYxyK2GYlgQ5XcB8xI3L0BzyMgj64/ZYtxI+qIFwjeG9Uz82Mn7PNwRnORkDB69Bgivg8a0qWkqMWVzCqKqsCvIxzg4Poew65HWvs/8AZevZJrfWE8ww/wDFO6sqyByCxFrL7YChiOR1OSOQK+fnGUaNSy0TbXm9PLyWj6XeujPXpyUqtBLl1aT2Vn7iXRPezV7fcrHF38NppeqRwqVDzPcPK4cMoDPuBJxjIHBAJPGQcder0lle/QglVMcZBbaABx8xOQpyOcY4+UE4Arx3bK97LJcSufJmkUln3MwMhIAPzY6D09D3WvXdCCPcWrj5wsMe7LdxgZx3H/1hzXxGNjJc7u3e9273jdrS+7S6u21mrq7Pq6SaaUXpeOmj5bNJ6bvXW/e/z+4fg5JnUdFQHONRixxkg5wOSD3HI6ZUHC4K1/aX+y1tf4GeAc8D+zh+Y2joM5JyB0P61/Ff8GmVdU0Mkn/j9LYxwpGT6DnJ4GBzj3Nf2i/snSeZ8BfAUmRk6eT0yc5ADAc8jhcfhjPT4nhW0eO8Qldy/sepfre+Iw+lvPzf/By49v8A6pYKbvpmlKPm/wBxPa+vdvRv0Z9JxjaWC9DnjoO2PU47468Yz6PUEZ+UDdweDj5QAWzjgHgc8DPJIHDYzlc5GCozg5zjjjB4P3enXHFSgEKBuxnqf4SeDySTgH7uwckj0Nft9OaduiWnV9r62lb7l16n4XNtaLW9lpZpaK71fS2/lqIrsCAoJBySccjAPXGG4zkE9F46c0AA8nOSue2flB7En2GDj/FOANq8DgYyOTng85K4PHXAOBycZnU/TGM47Doce+c8nsevUV0cmt9NU+ulk1rZaaaJPpbte+Tk1ZtbtJ20u0lbTddFdb/lFyRgYwMcg4z15xwCWGO305AqXcDnI+UKeeACDnIGcD8f4c/SmlRyQ2TkAqxHJ7AE89Acgc/hkEONxJbGMEAn5cHADdPu5xnnrnA4BpxafTrZab6q/TXa+r67W0UObVvNx22V2rK60slv5J7XacisenBBB3H26A8bsd+3rnGMU8bvlznqMHJyBjIyQQM5JyMYHJ6gCmhkUYzjpyoJIJBA3Z5ycYKjJBPXPNOWVVAfPU4GR8wz2bPBHHHTgEY4roildJNXSVld9t7ra2mnf5EqT0st0m31ei7ab2T3atfQkKDqBt4I5yTkZ9RnJJ5HvnocNE3AK/dznIx/CRyQcg9Mnd7j60/ehxhwB95uh4HU8dhnr3J4xmkJVgzErtA4BIHTknOcgMBwMc4+uJ5b3u04/FzXdvs6NbNvrbrql3cXdq8rKysvisrr0vrdu76672YhJGN3y8qBkjknC7SR+X4jkjhSuMHG7nHIPPYnr19skDr0zTR93J5AK7SMkHkEHjjkEZXJ75wTmnFlYYJGCc4xxnPfBxz0yMZGcHvVxdrK2yu7NrTTV9G3d3vuC5emuifVdm+q7q76/ku1lXnB4+7jqc5yCM5A54J55wcjFL1OD0GBkAg5JzkdeOefUjJBzQcg4HQDpxye3XkYx7Zzz0IpNwBHQnPPYdRnI/X8MdTVX0uld6Xals243Vr9tLafdqjR200equu+l9rXdter6kmSM7egPocYHXg+vrniplJOeoI5Iz0B6A9wMFcevGe2axcE4UZJ5OG4AwPfpnHA7N37yrgDII649+menXk/LxwflOcBq1je6d9LaK+9uW97PTRXV0lZWVyGovdxeur0V3p8n0X63H5I/iI7HnaSQeBj9cjBPbjq7eQCNoC5ABAOS3HOcH0z7/7IAqLeDkY+XsBxgjGeg6nHPpzTSzHgHtk+pI5447cZxjuAc8k9o017zS0vJPR3smrNu1nZfektiVCnJu8UnstNbXSWt9F/SstS4kgBxz8wz8vzKxPYEDG0Y5zkA9yW4n81MnLcEZPPPHTJ5GPlAzxyccjms9ZAvGCAAFJBwTu68HoQTtI6d84qdXC8gLg9sEn65OcnGcZyOgPqOiGIlF2b16R6/Z3l+mjv5mM6MIapyd1q0097X9Onmr2TuSggnocjOScDqeATwQcc5IG7aeDml4Oc544P1BIwCMYYYyynIAx8vpFkEZAyQQSM/Ng5+7nHOM89McHgVIdoAAI6nA4xuyQRnjgcndjBycDnnojX25pervte33LXfbVK+qTzcb72u9VFWe6W2nN2vd9dCZXAZV4xjGeSAfY9sdc8DPHsX7wFGCD16Y6+hx82eSAeBnAyeKrHluQB2BAwCfXHOB6HgHPfApVxnbnjqRnPJPI6HByTxwR7AV0060NHfV2sk2tFa7dnr0t9z7C5E3Z22Wr26WVla9uu3a9tpy3diDzk5OT7knnHoc45x3FRHBOBnrnjAyM/dyAMjnoeCBzlc5MAlgq4Ck9yTg8ZAyOCc88DsctkUx8nD4znIAI6cY5bIzn0HH4gk3Gacotu/W7bs9rdXazu7ry9BOKi7RTlbltpdXdneya020duivq2WByAeOuSTjpjv67VH44oCqTnORySxPdj6YPBHQDA55wOkKngckt8x2nAycjB75wPQ7s5zx1kRgTkDacevU8dO5znHQ45JAB5PtKSd1zJWVm23a6vdN3b2emvVDvfRp6rXTTSz323/FeYrKzFc4I755JA2nGegJBHB3Z74FDAAEZz2BHJx0/Njx6e3Q08Fm+XoTlQCCATkYDDge4PGeME4BprKSW4yFUbgOBznB2jHIO0Zz+RY5qNXSzV5apbWSaWurV23tv316pXta1tLat9l2tt1stNbat253xCB/wj+uKeh0XVOMD/AJ9JfrngEcnrn61/B949k1PTviB4on02QoqeJ/EHCgBm3apcqAG5AJ4B5Gc5r+8XxGudB1vHQaLqjYHTJtJR078cgfl0r+Er4hwwnx54ngnjaSGTxJrpkXeyk41O62j5TkHJPzdcdguc/lfGra4g4ebs+anjFy7u/Nhem6fZ9k+U/XfDmDeUcS+9ZQ+o37Xcay6X0a16fda3iPinxJrVxrEbSOy+W0UeDKpBIKuc87WwckYGOB16Dn5dV1a1vLWRrwqkt35iqsqgAEjJdhgfMSDg5BHzEHK59E8UeD9IlYXUdkNjmNtvnyZDNgbjiTndtIPXOeScV5Zqvhy1+0wzQ24wLlI9rTylVXsdu8D5hknjBzkZ6V9hliisOv3STcYrVX6Ju+q0ej363vZnBjbSrNyk7xTWjfVq7VrX2sk7vyueuf2jqt7p1rBPdJ5DajbgRSXKmNlMgYM2CG5J56HngHNXL+ebT/EViLdLPzJofL3G6Ur83ygEZAGcgAZ5z3zXn8WgLPbWoSBv+QjCs22SYgAYwu7eAPoMk9PSuhvfDNm+rWztZyCRDGn72WYByJAFMZL5HbIBC4UHByRXqqbjRnFWV7OOmq5eS+mr9ErO2+x4c6dJ4iMua/KpLVva9O7fXpotDz7426brVr4K8S30sUBtZo1hXyn3kAyBsqwfOASTj0BwMivzN8Ugr8QPDMgj4+w2RG4b0RoWVgx69CPmBIBA7E8fsB8YPDCf8Kq126h02ULBZgs+6Ro0IkOWO525IA4zgEsOlfknroeTx14diRUZv7PjGSOQSAOOmQOcE/xYwK6sLVvZtbQkkly6e6rvR2S+9q/c7MJH93JJq3tG1b3lry+7qtG3a6T13u7K32f4X8deLL3SVsrx7WWwFvdxxSyW+xiqwsinfg5+QDGc4JycliD8Fm5m0vxTNqNoQtxZ6zLcRyqoLxzR3YZJVJ7hgMdvTpX3d4Pjvm0i2sXUbRHc7maDCoPLY4Bwd2ORkHAB7ivhHVFhtte1lZW+VdUuNu1uMJc854IwcdMcdDkjB9ilSgoJqK1iuZuzT0irWt01vt0TXblhP95UUdEnGzVrXtdK+q0tbv3V9T601j4sfF/xH4W1rTvFPiG81PQNR0dttvdRARmGOLMUa7QNqggOSMqx569PjPw34l1jwz4m07W9B1CXTtUtVJgvoAN0DZCbhwcEK3BIBGcAcnH2ZdSDUfh+kdgLq7aPQZprloofNiggSEgeY4AC4OFJyCSCRyBXwbbTBLiNFAZpI8KScg7X3HAx8vTHByG3LntToU6KpyhThCNOUrSikldu26Su213v8lYG5pyc7pp3jJu+jUWtnez1t01sfZet/Eb4k+Ofh347uPGnie98RRppUEVrHdooVPJC+VIoVVUFUXAYckfNnGcfJvwxu7iHUEME0sNxMpXzIZXjdcODw0bKSASM4YYzjocD6n0eRrv4R+NGZEjCaPCMqoYk+WBk7fun1Hcg46Yr5e+HNkkGo2MpdGV3LOSxJXc3ORkfNz0HPPI4wejD0KdKbhypQk7uKSSV7XfLq+miaa9EknlVlLkTTbaTtK7vF6bN7q3p6bN/Sniu9kl+EnjQ37y3l9/bOktFc3DvLN5aRsoXMju2wA8JuIGOB0r5a8MWh1GK6mdEL28w2qwySzHgYzwBkHHB78nr9V+NdEgHwi8ZasJy0cOqaYvlKSAd0Z98HHTv7da+ZvhrAtxd3qTSMEkuoNqHKZywJweeo6egznIyaXPFTqcqUYRfS1/djFp7LRq673tazY5RvSppu7cXzO632u3vrZ3atp3vY9u+I7GD4NaajpHuW/t4H8sYMYQkryMkdlwMDk5PXHhXh29jOVkRBsxtBODljgkd89iCM+2Dx798W4/K+H0tmpUxR61aNEqtnjaWJxnqeOQccngmvm3QoVkvNyY2ICzAE5yCOMk5LdMEZAH1FaxndNpX1ktbWeqV3pd/CrbO+j8nJq8UlskuVa6aXbunq3rrZeff6b+ORD/CX4Yv5aIWe5I6HIG05HOQARyPm654I+bzP4C6kum/Ebw4/lvJF9tgiZQAM732kNuIDBV4XuCMZ649S+OIVPhH8LY/LXrcZzzycbR16dcDr+leS/Bi3ik+IHh9pH2IdStSdpwMB+xP948c9FBxgmunmj7HWztduT0adk7a6O1mru+muuhKs6nKopaRV9NLXb3tfbu7uzV937V+19qqalrUDKAiSQfYG2pjBsAJI84A3EGTacMOAcHNfYfwA8TeGNG+Gnhf7TfzteJpDed9nQuqFQcCRlwyhSCOQABkAZGa+Lv2pbeL+1NNRI9yyXd+wZj98+Wmf4uenBHXJ4BANe9fs7eFrTxVoWl2c9xa6bBHpszyNM7gXOxWIjBRuCCoxg4BJAGVyee6fsW5WV0tdbPRK77LR9/PY55U7U6sWm7aXe97xbSSaT3bTVray1uzyz9tHxHZa/450i/sbh7mFvB1hA0kiFQZEnlLIoON2OPmyMnnocV9kfAP4p6Rpfwx8HWMdrqSyabZQrcyx24aOQPlRGrkFdx64zkggAEZr4D/AGqNLg0DxVo2l27xTJ/wj0nlFWZim2WQDcWJ3FRgjBIAPbAr78/Z7Tw3B8I/Bzalb6fPLNpknmpLcCOUzhW2O4JXJVuhOevyk4Na1ORzhze8rxs07Xfup9H1vt0Wmjuog5Rw0XFNRjbrZ6Nb37OzsvJ9kfmH8fdSNx8Ttb2+ZGL/AMYRzxxyriQLOyMMpyeSee2AAM45+8dO0vxZpmm6Si31oWXToJ0ia0ddkS2asBuIAL7TyOuQcAkMa+CP2kP3Xxx1RYlRYP7b0uaNVbcka+dHgr1z/CNxyefTg/rz4Vl03xZ4ct1EUEw07w8gaUSR7jLHpyL95fnzkYGSxHBGOoVXl5lePMm7JyTbteOtr9Lp3u7fOx0U6slCEknduN09XdOK1V+17uzat0ufjz8W9R87xDp95eyxmW5trwF0XCs0V5IBgZyVDDGCT24PIX9N/hj8T9Wn8FeEjaKHkWwtNN8t3WNXRY1XfGnBI2gAntkclhur82fj3p1vaX3hOWG1HmPFq3mohBMjrfzBcAnBzzjGRwSobjP6z/B7wB4Jl+DXgTWms0a+On2puNt4gnWaVwHlMZceXtVgpJB4+bB7qlOlFxc1zJPZXeq5X+EVpq23ts0VXjq3zNRfJqm73cYN25kvTd6H5B+JhPe/FzXLWeU+bceLpCHC5AkeclufRWI45x1Pyk19oad8H9RuJLe7ttagTaYZ1M0JWO4nzt8sNkKcAYAOc9BwNw+SPHpt7D466zZRRiNY/FIeFwc7I5JyqsSDzxhjkEjGckdf0j0/R7EeAraT7eZry1u7ZjcfadrOrsrFUThlCg4yBjpzgDESajUi9eVJyUeW6jt7rbv0u9LbW6KxFWi2ndp3s9neztvbS+9rq3c/NLXoZtL+MN7ZXDxtNb61CjuoJjMqEYKqM4yScKBngAngV9geHNc8WJr+h6hdHSpUtrue2FsEdZBDLC0aTTncFLeWRtGeSMbcCvkbxbNav8YdTfcwK69AFbl24IHDHqc55P8AFk55r6yTTby1vtOtbk3EDXt1FcQSyAo3ltb7lU8BsMM49R0xyamM+WUnFp8yaSaeq0suykrXvf8AOxtJXUFJaO7uk0mlZ97J3Wj2d9L3Z8e65qc0HjnxC1uUia212/lhmAOFmEpIK54GeoHqMAZ4r6w+Hnjjxh4v0NtD8SeJLu80rT9NkubexdUVVkgYMn8IB2hdq552k9cHHxlrMckvjDxBH82Y9avWdip3ELKc5PB565I64GCBz9Q/CBXM97DCBj+yTHlj/FIu0+4+c46AgcjBOKauqim7cyaaW6k7JrfWy0Ta1dulxJKqtL2dtN3LSGkVr2s7W0bvsfN+s3T6f441XUYgm6O4N2kjoCAZOgZc9MDHOc8Ecjn7Q+BnivVPGlncWWtPanT9O0fUrizVEZXVxBIuVOc7lyQOeoIz8tfF/jO1J8ceILGZ1ja2EcLKPumVDjae5xnoOMDkdj9N/s1Q/Z4NdjVw0qaZqalgCW2eS5+TB6DqwHrznPN01FT53d31krLVOSut7pW8r6XTQVYX0cbR6p23XLdPXXz7b2vq/ljUGkbVryJJmKw6nfNGT0XbK+CuQTuyAc9uSOuK+h/CP9oQ+DdaLM0ltPol47Ql/vkKA0hC46Enk/7OeOK+frgPLqF6Ywdx1O9UkrycyMSSc4GPyPYdDX1n8NNZ0+9+EPinw0+l/wDE5hsNRvBrow3lwxBSLN1K8K+QAQR25qoqNOUpWbumt97tatPtqre901Rx1JNuEd5OcbK+vLda+80tFtZ301ex8Q2dnKLgyBpNoQkCMsuCZDjlSoC5xkZ7Dg45+2PC2jI3w4jvp1lMkfmQS5lbdKkkR2hskjbu5KtgHHHGK+QdIjUb1eTJkSXDZGQEk4G08hs578Hv0r7l8PQ/ZfhiJt3mqywylScjcIpFIbjk4VTwOvPoFqlLV6uzTcku90272vZWWm+rW9zrmk4wk9k073vrFxd9LXW2jXV2VnY/POW2mOuYXeM3UiFg2NgSVtoyuRnG3OMDk9elfRXgu1uLwatElqwKaFdzFzIWUEIuXZSSDwvQrnk9C2B40IRc6kGVFBF5cNjI5JlYlSRyNxI+uDniv0F8BeBtC0n4K634vvkjOsXOl3kFs4nAn5UBYxCWyQejEAepPU159XEulOMd41ZJPtduKvvv9/odsMIpwVT2nK4uMotLR6Qule3W9t77Pds+H9OH2bxBpLsEl6qU2lyx34C4OCMkAAjv0xya/bb9n6TUNP8ACmp3Os212sV/4d1K3traVQTFAtkdm0Y3RqwbBGeQBjnJr8zfgv4e0zUfHdumqWEEyw2QlgWYAr5inzQ5BO4FWwScgNk85Ffsf8PEXUdOOneUoSTQ9TLSIBhUW2kAQYChNoAHAz2BPBrKhWU8RyOLtBrXvrG/LZ3vrrd3X3o0zFeyoqXxKd031bioWstbN/L530/FrwvCJvHlmqKyrP4iuCob+EJqkhAC5564OCDjBIAr9ufFmmhfhzrVvMqFFi0qRl2KQ4e2hxuBBXaQSMHq3H8Qr8c9A0pIfiZo8K4w3iyeIgrziTVJlByo7KAT24zyME/tF8TpH07wv4gtVUeQNJ0WdyR3EccZGCN2OCfU9PQV6FNxWIhDmupSWu+7s7p9HdLordNzi5nGjKabS95XXmotfjv2+Z8j6l8NvDbaJcarNpemzBFWWZ5baJQqlAzMSAAMKeRuweM9cDySy+HfgHXHkil0myaGaO4kjkgVoI5EjVyRGVxnbjIA5LH8T9I69drdfDHxDh9sh04iMqRtBMHrgKMZ5PcA5z28z0/TDD8K/Dup6ejSakkVzNNNCA2bNIj5gBA6Z5JIyMgLySD9K8Fh50/gSap86cXo2nFNX1d3F8zV9lbRarw1mVWFeCUrx54wbV7q7irarqm5P/g2f5I+P4tMi8Wa/p9kohtbC/aC3ZySUjjZkCEFjwNoUjqeTg4FYNppEF00pF4GhDpjDKMOQByQMANnDHuCOgAqHx1cGbxPrpeNpGudRups8odqSuCMd84544YnGDnPIW8l/EjvF9piieTDybGMKkA7VMhG3fgYVc89M9a/I8yjy1ZqLSXtZRS2TfMrWWmyWj620srn6XhG3Sg5WaULvR9Yx3urtW632tre6N+S0aO1vhHOreTcsmCQcYPysCME+mc7exx34q+tXnumSZVmZlUA5AwOSOQejc4UcjnjFbMGt39vDdwrBE32iXGWQs26M8FcdeRknGScH3rKe4vpbr7TcR5Mi7nC/KiqOBgHPTnGMEccZBxw0Kk1Umpq0E0otWWqtby3b1t5N6M6KsKapxcZuU002lbfZbppWb7PZtbGb9jto1CeSIyGyQeC3zlF55PAxgbcn071+i3hPxHcWng7RNPl0mZkOj26xSq3zOpQBRgEgjPU9Mg8fxV8Fz2+9rV1jUF03MDjc7EjIOAcMMtz6gbsnr+mmiaTFH4X8JqY0Mh0GwcSYYhcxr06Hk8HJA7ZJNfZ8NSfta8qb15IW/vXsttVre/mldnyGf8A8Ol7VXSm1ro/gj5PV9W9ujZ81fErWootKt7t4J0XTNc0+7mj2M8jJbTpI0cY5b7qtwAeF3YwVB/VHQv20/DvjnwJoGix+K9C0u1sNJs7JbbUbZLa7jVLZYmjcybSw4I3AAbhnPFfCXinRbG4t3gubeN/Ou5MN5atjbG3IVgA2VA68jIOelbujfBnwNrvh+3u2soLe4c28RZVbzH3qB5hVGAUscEDAwM8AkMOLifJauZYqjKM+WShdt22uvn0T39PL08hzfD4DCc8oSl7yjFpu9lr0cW7X0818j69g1bwReJEYr3RNRLfvI5I9StnLGQ5b5S2QpYk4XgV6RaReG57eGQWK4MQUfZ3gdQOMc7uM8DOe/AIbn80NS+GPhCHUf7JttaurW+iu0tzbxXM8TeWRuMi7HXDY5G7sR6jMh8B6jYX97bWHjbxHaQwJEYmjvrlwwbBBJaQghcDBAPvyCK+SfD2JppqFSEmpW1vpolFqz7LX8PL6RcQUqzTnTko2TS5bXVk03purNtNvS2rufqPa6D4ckjd2hEaMN/70HLHqeQ+0kYHAGDg8npTbjwb4auLm2mHmeWinD2yuHXIO0OW3AAnAPPGDyeh/Ni3g+KOlu6aT8VtWby4kfyrl0lRdw+VTvDcgZzndjbzjNaek/E746W2oS6XZ+O4bq4s1USrdWsZR+N2c7QuCOTtH4dhhPJ8xptNxUnbS0rPVRS16q/e9lppsdVHOMHN3vJcsU7czdlK176bN2evZq2h+iMngTSjE5hu3iVsnyplLemATkDJ46FetVp/BcCW6eXfWyFFJj5kBDdG3fMRxn0JAHcZz8Vr8df2jbIEXEXhjVYAvybolQuqg4yEHOTwVA/EACkl/aw+KmlgLrfw80S6i2hfMtZfLZyPvFdxIB9ucEgDOcVxVMBjop89OVlu79NNU9krbXWifVNM7aeY4STSUkm7pWs+vZ+qund6bn2s/g2f7PGFvbGUsoOTJ8xJ/iYk4Gc8rgcAdeSKn/CLaiEkU22n3SoNjF2gbg87gSMk+vUnPUnOflGx/bOYiNdU+F2phEj+YwXEciKTkkgBQcFsgHJIJ4PpuWf7YPw4mkc6p4X8TaUxOSVgmuFB4BOEwfl69x2zxXM6eIjb91OWkbtaqKSV7tPW3Ta1vKy6Y1sPJr34d0pKz2jo3Z3+R7xfeCNPuriCK88L6ZIZhhws0SF9uCeAVU8joRnPcHpz178K/Cc0jJP4XkiDEgmFw4VQOQCDzt56MT/dHUHkrf8Aaa+CWqT2EkviG/09oGYYvNOuYkUNwQ5zzgYOQSfdcEDtoPjl8G7wRvafEjSIGZjhZbjyMfd7Skn5jgnJzyRwa53iK0G4qNa8UtHGaimuW7Td7Lorau6267Knh6kU1Kjdr4bxWkuVaJp7dXu+jOcvfgn8OpgYPs+oWbBCSBC2CTxjO3r3JGe4OQeM9/hDosMMMVhrzwRxx+XFFOJUCIeNo+ZSBkEjPoSM4GPVbX4l+A7qXKeP/DE8VwuEJ1O1L7QMq3IOCx6EHqR83y1uW2q6JqL7oNZ0PUY5Nog+z3lm2ctjBAGM4I9RklT60/7UrQ+PnSS2krrTlu7Na9Fe2v5y8BSlpFRastU4XW26ve17We1vkeCx+A9a05ZYLTxNbPGsBjjjkLBSrAnGGOVB6dcA5HBFcZ4U8B614T+JPhnxLfX1hPplh4j0vUtUZJQJYbOC5jaV1GeW2gkD7xxgc19dy6bbXTgLZ20yggExywkYxkgsrK2McZzyQ2CAMDmte8Bafqllqapp8wnmsLlYfIkBdZhGTGwKNnGQOQOuBjtWf9q0OaM5cratLm5UmtnqtH206avWxi8tilNWVprleyfvW1TTW2yv0v3P1G0z9qz4H6ppuv2lj4t+zXmk6VPclL22aNZiLUqsMcjD52JGFIOMEA9QD84/Dn48aF4Zt/DcFxqOpEnx5K8awoBEINVf7VE8a5HzYkAUjOAenQV+D1v8QfFvhm71XRS0LrFLdafdR3ak3HlxzlQGkILMSF6K/IJIBzz6JpfxylX+xYNT0y5aLTLyG9S5s59rtNCqpGzDJJ2KoAyMDg5DYAVTPcPX5fe5JRTto0rrltd+80m+tlpdPV3XJDIalFtRTqQklyyvrFW93frd9FrpfY9w8e+JdO1v9pXx9rhv7t45fiVYXFoGA3SJDeozhyByxIJK8Z2nOSef1u/bK+Lmi+JP2bG0iwlu01HFhb+QyFSyLpoDuwABZNwwoHDAcnOTX4Y2+u+B9W119bh1q907Ur3XINYuxfI5iEqSq5j80gcsMkk8HPUjk/d/ib4h6B8Ufh+PCya3aSx+YrrexXMBuRJHaeSibMlsMcYQEcEk9SKeDqUnOovbU+Sq7y97WKtpdXVmpbO3Q3r4epCFKToSvT5Y/Dfmaa1dn0Vn1W9+xufsn61ZH4LfFmLUbiS3bR/hZrMO4lV85rq6+VHBwXU7gqkcjIXJHB/MnTYo5dQtpFAjD2tyoQqN/wArnBxjOT1OAOcY9a+wfhn8JPFPiGbXfDfhvxFLaQXHh57PULeRpIobiOO6WXyGbcEIkWMHc24A9c9K828X/BjxP4E8VRWd/p4McdvI6SWsqTowlQvncmVXAByp6HIAHOXGnCnVU1KLtdOTaf2lbbW6ilb53fVXT9tyTi6c0n7OaSWraUE3d7arVJ6Xs9bs8h0+OAy28W1cJeRMcj5dxIL5xyRu5IPPT0GfStYa1EltKu4SGCeJ0wOMfdAGDgYDYA5yOGJ68db6TPBPDI9vLHvvkXDxMFG1hkhsDOADnGTwcH5hXaaxZsL5WVQwCplQpIRjHknHbkc8ZJzxwDVVsNCtzS91u0brW6u42bbXRJLRW33uiqWInScI2ta11Zp6NWau76eb1u99TD8D2L3WsWEllFLc3wvJUhgjXfvVlJO1ACG5yOnyjBPAzWXb+Adck8QeI9bNi6W+lXNzLqKFgDbGVtq5Xpgk5xnAA4IyAO6+GOqr4d8Qwao1uJWt3ujBtB3JMVdYzuORgZOVCgcn61vLr120fjFigxrqxm62scAb8tgNwCODjOR064A+VxuVV6k58lJcqjHla0basr9L2SXkvkerSx9KKhebvo2norpKzUVfVtq/RJejMDw54JfxBo+oR2oEM1jb3Oo+bIMJ5MRBJDFQAWyAoyNxzg8DHNQ+D5JWvUt58SrEs0wVgx3L1VQc8E8jPI4yxIxX0v4R8eWeg/CXxR4Es9Asb2+8ULIreIZ4w19plvCUbybd8eYQ4JyoJHIBIJBryrQrLZqkUBucJNZ7mkySXIBVlJIJBBGDkkjjOa+WeU16tOrGrhnGSqyhB6u8XonpdPRp3v8Adrf16ePp03TcJqScYp+8nq1G9+XS8bq7u13szhJdKmtWjSWBZvPtwyNnDLtHByDkEYJKqRzkbs9d231DWdKmtxpeoX2nGOJZGjMkhjzkkEqx2gcZwR3zwOT2/iDRhaX1gCrmH7CsiqvLbjID8xxyOcnt0AGBgdfqXhe1vdbhjIWSOXQYbgrCo+VimQGIPJXByOemOpzXmV8lq0lzKcqco20Tad1ytbWtZ7236ndSx0JStJQmpt26t2cW0766u7dn0Wqehz+ifGDxRZMp1GG31aKPcgk27JGA4I3ep6nC/N0IB4PtOgfFnwpqzR/2rbvpruNmJEV4yWGGwy5AH3j14AOOeD8/S+EnitWeJ1LLcEBEBDrGxO0YycZKjpjG08ZyRLb6TILawSZMtJdSqrFQAdoIVc4HQ8ZwcY4PDVyOtm+Caan7Wm2rcyb0fLbXV3d9LrR6dLLsgsFiLJ+43Z2VtbyitY67avXrZJ7H2ppzeD9WgI0+/tpWIDFI5V3H5snK7sqefXjtkZrq9L8P6XF5nmCSOKR1fcMkZ5I5AIAbsBnPJGTnHwvbaBqFrJPPZS3EUoQuhhdo9qjpvwwB/wBkcA+oHNdzoHxC8daGNj3ct7EnAhvEMgwAMLu64AHBPOfmyTyc6nE1aMoxxFCpGyV5R+B6R1s9NUvLa91ZGbyanNOVCquzi9H03eqs0r9LrS6dz7Us/DNk81pbW16kcbs8rs4AVCRtxtO3oCO2CeRgcV1GkeAb20lv7VL+FYruKOUT7C8SfvCyIzgnazAg+xxx6/K+kfG+KZ1i1fSHhKjaZ7MkKG7kp23YAOc5I5IINew6D8U7C6EgsdaiUyKqmC5coVwBtB8zggdBjkcdqqOc4TFWVSUUm4xbbUbJcq5eV2umk3dO/a+xwV8rxVFXpp3STi+Xmjb3NGk9npZ9Nd0fdXww8K+IPDEXimWWG11C1ubCwiR7SdHZ5CytuIVt7bV5IPQj0Ar7C0PTVbQJpZ4vIkl0chlwGBlaEjBwcknOMZHU9cZr83fAHxX1LQ2kM7rLZTJ+9MEwkEmRgEgsw+Uc4xtzyR8or6i8N/HPTRHDCLiZ4zCuY5xlQynkEEZwMEjHQjKnIwfv8j4ly3C4aGC54yUYShFSlFO82pXi1096y31Xnr8Nm2TY+pWlipQkpOdNyaTVuVRV0r7Pl3ezWq0R4hYeGBe+Ib3TpYlIfU75pFYNlQC3DYwp47YwehI5rjptKtrTxHpNuwRo7XUZ7ch+FwrnaFyMhQMctk8H0xX1h9q0PVpn1C2trezuppjM88EsYdw/GSFH91gTnqM8da8b8a+HLex8XaEmmL9qjuJxdyuZAzK8rYYEKeB3GTkj7wPQ/lHHeV0vqCxFBwnbEqUmtXyzlFJKPWzTctPNaXPs8ixlSc3RmqlNrD2jzL3bwgk29Ff4W9bq8tNlfd8BRRf2vOqbSv208LkbMOcLng43bcg5OOMnof3N/ZrjdfAhViMiWMhQMKuRxgEflkccHAOSfw68BWjRa1fiRQvkXrkKOSxaQqAMZBJznHGAMnPb9wP2aHZ/AkjHcoE6KPbajA9SR1wOOhPBIIr3vo7pR4tlff6tiFG730jdW0VtNl6dLv4DxhSeT0rvSWIoXvddYdr767O/3I+ie/rk98frzx19fx4oPoMEfT169uOg6dBx60n+cf5470nPb/PH09f89q/uNyj3XbT+vvex/MqS0s7rSy3+dtNdX6ddrJaceg4AHPOevP58dO5ph+vfnrnt9cfl+XWjPAGNoAOfTrnPIHbvjBHfik5W1XRq3ns+/ZrpbTzQPtpbfpsreVkld369mLtG0ZJ5GTgdT3HGc8+mOvPoSkPTLEDA4GV4P97IzjpjkAnr2pf88/5/z9aUW/J+f3ad2kn8nfS+4ktvJX+5eWno9dLhRS/XPfH/AOv+f/1+ADnpnrjqM8cenqPf86tLZfL+rfoh3S0/rpe/zd35a9yfGccfMMZ7AdSTnP8AvAH2B7cNYElgACo69wRk888j2PbHQ08ZI4z2PuME8Y/qPwPNIRkY5xjHHHA5I+g/zitoRVnzJ672s7K62+Wzu9dH0cX/AE/66fcAOCMj5iNwzzz2wOemQQvU8Ek44k3KGUljjJb/AGl6H5iOM54bJIwaZk9AM9jxnvxznpx0GCe2cU/YfYcggHg4JxwQfp7f7QJxW9Nx0ilaTfy323va3X19VnO9912S6pO19WrK+++3yvLuLcchsckkgdeccDK5z9QM8DNIQc5XGRgZzxyOx98c9uO1JGmQCDwSSMHheSfTPYAdBg9alCHGG7HqvGM4IJznnjI/DtWjjLs/VNqzvHs3q76bb2JjJJPRbrfV3un0u7avppp8wA7eozgZbHJYDAJxkEDgk9OMEDmnYyCCAcgZyOuOSMfmPU+mDijAH5Yx3wT1+g+n40uR2zjOOh7f568/WtIt7NWatdt3v8N7df8Ag7hfW/ouqWlul120v9yEz0BOSDkn0I6dyAeAPwPTNOHA659ewPPGOec57c0xuDkDGeDngA8HkH29Tnngck0o444BH459yOw56DH6801fRvre1ttF+DT2vqvS473Vm7bWVrLZWv1s/L1H5xn344+oPbt+lMOScdeBnt90dRnJPA54P17UfMRyR0HPB5z09OOn+cUAYzyOvOPoeCD0/vcY/IcnupO8rtW08rx1+V9tX1uylyrqn+Pa3mkui12XmHJHpnk4wevXqfx9McDNKe3pk9vXgHqMjPHf1FAYcHjnJ9Rj6jj9evQ0E8cHgZ5HPf6cD8D3P0NXrZ22T0Td0tlo+t212vcHJedvz222a3/Pe+iHnIxnbz37g44HPc9OcgdagK9VYcZLegzyBk9PcHr1yeM1YAU4Pt6c+x5/yfyoBBxwD0IB5HqCD0OOoI9KxdB1GnLdWd3bVe67PVfZsu6667wpW2+7tfr69FvttvesYy3Q9hyBzjjHfGMY7cj0Ap3lcEZPXpx36E/xDPTA59KmBwTgAHIKnGMnnOec9WyQfwzQj5Yg9cZXg8DjBPbPt36jOCBSwkLNuN3bpfRXXf7tWrvXtYjzNWtb7Vlu3onrtp0t269ICi4OcLt4GCRyemTu4AByA3Tjv0NpPzHOCeT8x5/T7pxwT/EelTnGRkZwSckA44AyCeQPX3yfXKZAzu6MQMZ7jkZ7cgZ7AcZrphhKbjGyVvJe89VbXdXtrvf5i1Wzdvu10v8Ad/wSAo24YBUDAJJLDAzg4PZegPAOARxmpV4J4IKjr347jjkkYx355yeKeCCDjDEEnPT1xj8OM856jA6tI3YI45HbsM98jK+m3k8cgc1vGjTirKK+fotttGktUrdxX9P6t+f/AA244EA5z97B7jjGQBxyePrxnGQaUENyCDgn1/l+GPrn3qLb8wB64IPc468EnOT1yccnI4qQHJGDnO7OOcY684HX8uuOFNa8qWiW22i7K3ez+YBgg4HPfAO0gE8c8ehwR9TwMU4Ef3s4JBOPTrngDjp74xQcnOAOh6evY49ODn3pTkZOO/ygYzzg9B+PYfSpbfRfPft5PzWz1sH9f1/XrbQOBk84HbIz7445/pTSBxgEe2QR07Y4zjjqACfzM4bAIGTzzgkgc/QYwc8dBnqKeq56DAHHUHJHHBHqTxk9euar+v63D5+n4efr0/4MYyBx2wAemCcepzxjPPJ7e646Z5I6H9D7c+/PcYp+zDEgZJxyRwcdj/kA9c9ATa/GOMZ+XAON3q349iD3zg1nKnCa1W+t+vfr6/ptoN2+Xy00Xa23n59bkYXGcE8/n35z75/AjpzyuCCCc9ME/wAI69+c9umTxz7uweO/Bbt/j+Hb0pOoPT5c/UcZzjqRjPt171i8LHpJrbfbR382tumqWid9QTvqraNaa2v9/Td621G5xycAd++QeAfr+efywvXg8kfoOvTPA7888Z+qAZGM4B9scdSD6ZPqOM4GOMLx145x+J6/j7cZ/Ol9XkvtRaVtW5W+SaSWuiDtbf7+23W9/u03EPGc4C8HkdTnuc98jHGSfUdQLzycZGcnacAZyckAnPOeuCx9RSgHqRg859snIH5fy96OAO/v1bk+meePT+lL2Ulp8VvRq/u6atu6e+jTvZcquNNfaei76pbWdvK1/wDh3dpDLkDrgnOD9RjGB1J4PPftgKei5BJJB/ED34/DjvSjPPOcngdMYznjqcdO3seopNpOONuCc5GeDnOOvPr6YPHcr2VpJ35dE+19Y+60vhu9vPuwfK3a17pbbPrt0d3ZLprpoAOWDDBGCV9ucflxwTyec9OXoSR8wKnnJHzDn0564ySfbj3Zz1IwBk9Qf04P06en0UH35HKtxg54Jz2HY4x25puCWy9Frpsru1k33b6bKys1Z9rbXul5Ly7/AIpu5LlcdOpBIJ6ZP3iT+Gfb68tYbQMAgZxxz0zz0IH48ccigMeCR0z0ORnvg4+h6AelNYn1HQkeh55PbnkenGM8EVKuleWqTSeuifupaN66O602atqVFPTy1u7W6aadfu/AY2D2Axng8g5HXnrnHTnHvjB89+JWf+ES1MEYBEfAAwef4j+Q43ZAyCecehOM45GAQTnB4J7HkgDjHf8A2h288+JmR4R1I5GQEA4xjDfeIP5n1+7k4Jr5HjFpcOZ1zO6/s/FvRtaOlv02Xpa7trv35RFSzPBa/FiqKu9P+Xis9WtU3ZO721b0b+WtduI7Sxv7oncRo8Uc6csQcjG3uSeQAOCCPTI0dJvp7xIbmSPybdNLjS2jfO7a8ZDHBPc/NgnkDjFcPqwnkutQlmZotKhsrdniUgmeYAGKIZ+YhmAGAMZyeprsPC41G7M9xdxJHE9mhhtSAPs8IjKqrLkEOwA4XOAevav4fbnXrJwvFSkkoK/vcjteXk38Pd30P3mtQpUMLCTUZTvdyf2eZU0oRWru1ZyeyVtb3v8AIWpSB9bu1YAgandjbuIxiRgOM5PUdwF55waoXabySiRFTLtYsBnHHGQoBOBySDycdOR0NzaRP4ju1MQAbUrolhnAAkcnPzHAGMZ464xg5q/caXZ+YFaNARMcJvADccDI6AZ5ySeegAIPyeJkozcdZOM3zWV7dGrdfXS1rJ3uz7rD1F7Ki9n7OnJNJJaQg+trJ66J6a30POZo7eGdx5UO503NynAAzuJHTByOCfyG45qLD9micRxABZMjIyQXbgHKn7pG3GOmOor06bQLVvM/0T5grkOcDfgdMcHHPA3Yxx6Y5RNKh2Kjwldgk8tRjHJOcEjrjI4JA69DXVh68ZU7qNrNWTSVr8qWuykrNWd1e19NTWMlq4yb1et9brl7J7Jdf87cSy2wdpPJQFty4DAbQAM49Cc9RnheK5qUW5u42VVAW8hjGMHBMilhnPO47uvHPByNteg6hpogeGP7Nt82XqDyRsywJ5AypweOBg8YFZX9kWpMcrWy/wDIThDAHuJBnj2PcZOc45ANd2EqRcvs3lUjpvqnF3tbvvfv20LnPljOTvqn2V9F00bu7X3t5WsVPjtbwTeAdGUlyg1ZTwewhTjOSBjHb8M9vAdAht4LO3EaudltMBkbmDeaTjJzn1HGM9OOn018abPyvAGjoYuU1dl+Yklt0O5emcHGMAHsCcck/PGh2++CBGGxUjnBYDsSSe5yAARzzjA5IBr3IRbzSpCKTToparZ2hqmtN7N33/Ezwk4/2Wr+7evVd1fRSlpdt7N/PS3Ym8ZCR/B1zM2V339qNpOcgKvpzlRz6jgcda+ZPFKCW8hjIzGGAHzcDcpLZ+pz8xzjpnI4+rvGenN/wh0gXLL9stnJU8cheG65XHTrwoPJ5r5l8RWbm9iOCq74xwC33kIHXBzgg9VO0cA9D5eewdPEpSdpOnT1utbta6WVk1Zb76u6PZ4fqJ0mlKzjVqJtyaWqj53ervZd7bM820GCKHV75SB8yMF3sSFCrjOMBWJyQDtI4JyDnPv3wBuba8+NvgqFIIx5eorubALqypyV9iRzz1BIJBrm/AHw28R+N9Q8RLoVjBMdKtTeXMk8yQBIuyJ5nDO7YAIz17Eiuj+A+kXek/tAeFrW5hEM1vqjxXEIcOYn2EFC6/KxXpxyM89xXh5fUSx2Fb3+s0rd7qcdk90tPT5nsZhUp1cJmFNTTlTwtTnhGVpQ56Xutrpe1o2SaWt+i9C/bdkK/FNNpxm3tldQQQVK852g8dOD6k5AAr5tGoqfD1rZiNHR9RyQWUZ+fAz0Y4wQCCfTk42/Q37bWbj4qSRqRmOO34GQwCoc4JAO7nA5HbGK+XbnSrl9HsZLdVEsd00jRu+CQhzkKTjPU55OcAE8Cv0PGVbLEVG96kk2tdml3XSy03aTPmctor6lgEleShSlqtPgjbWzWjb6772GT20TTahbs6wvLLEYVBU4fAHAC9D1Yk89eOMecfFCCZtB0vTVkcGPUJWEpLAcsCx9CTjsQSCSSetT3Y11tTnuRJMT5iNGqodvyMBjGMAqMkkk7iPxOh47tZbjS9CWbJlZzIz4AUgYdsgAEjAAyW/E5Jrw+bndOSu1BvXXXWyTeiTWiv5nuwhKk6cW0220rNO6unaW2qbsntvbe55loSLHpghLMHiuXVSMjJ6DuTk8nnGMlQT0HqXiKIp8LdIXefNbV3Y8cnG7GOvJ4BHrgYJOa47SrJJLWV4gAsVyzbe5wB8xO3nAxjA/EYruPECNJ8OtJiCMSNUdskkEkFsAEnkHp78DqTnsg25UJcylacX1d7pLeyW+t3q3fytnU5XKy76XXe2t7W79Nm7JM858N3z2Nvb3jzsgt7k4C5QYJbIOCMg47dccg5xWh4a1TULz4h6c8tzJ5d28zQqC5VY2UgZBYrklem0AHBB4GKYsHbRPKjTZNJOGXkZyvJyCODjgDqFPcZx0HgDSTJ4r0u9YOUsbS4MrsPk3IhyNwG0cnqTxg896+l5owhzKSfNCLsr6z91NXeui+ena558qcWqnMru2kuV81k0nq0rNqzvF387Houh29rdfFTwtaoX3R3QmcDhTKjSF3YYzliOc5JJyBk5X7uuQq7lXHIf2IG1wQBkgAjJ79ODgDHw78PdR0r/hYNtqlzNBBHBc3m64uHCxRNvwqLIxwCDnYcjBG4Ac19cSeMPDchZV1zTC4Mm0C8i+bKvhRlsksTgbckZ4zg1+ocBShTyzENyjGc8RK/NJJWUYd7eaW13ddNPz7ilVauPw1NQk1Sw8No6e9JPWyb8+l7a6Ox4N+y/KRc/GNMj/AJKBf7sjOASoJOf4SBgkcDj1r33xBJG6gLtJIXG3nCjrkDrk8nnAOR7V8k/s2+JbO2u/i8Jb60hWbx9qBjM1zFF5qZXDIWPzqT3AGQc8EgH3y+8SaaztCmqac7MvBN3ESvIz0YA5zjk884A4Nff5TWpRy6lGVSF71NG0tPaNpdndNW76630Pjs5oVv7UrzjSm4tUkmoO1lTpp2k/X7rs+OvDELP+2B48ZSPm8J2hGSQoO8D5genTqCRjHPAFfZthbMCLlgoZG2YBOMcKMe/GcnPJzg8gfFPhXV7G3/ar8e6jPcW0dqfDNjCkslxGqOzSHCoxOCSQWKjJ9RX1efG2mRDaL6xRSwJzeQBsZxgruByRycck4zkk1hlkocuIcpR1xldpcytbnilK/wBpOyt0u7NdDtzP2kp4Zckm1gcNtFqzVOF776p30vu29dT5s/aBYy/G79nxHVefEJ4yTwrIxIwc5PIwR0/hbOR9n6vuhvpGKDyVcsDkKu4scE5yOBnIBzj6Cvgz40eJdN1D46/AWRbi1aO01aSR5TcReXHnb8zyA7Uyc4Lc44HqPtHV/E+hzPdE+IdIX9+xAa9gOQHbHIIG0HIznBzxz0rBzh9YzLmnFN4inytyST5aFNee93stH80GNhN4XKV7ObUcNUcrLVN1nunont6q2h8j/tfTGfwFaKvAi8V6Bgep+3wgggZ9wOODjPJAH0Dp8ROlWTELj+zdOAOSAf8AR13ZHJGD8p7cdOtfNP7WuraTJ4BsWttR024dvFOhl1t72KVsfbYcsVVsleMkgDAz82cmvoiy8TeEI9H01ZfGPh1H/svTy6tqEW+NxbJvQjkggja3HXAIBwKjDulHM8Y51qcU6OHfM5xSbs07PbR2v06rpbTFQqPKsEoU5yft66ajCT05aV20lpd7Nu102ntbjvHkJn8KeIRhtsWj6sMhumLSX2z0I7+uSckV5Z+yJYy/8Ks0Qk5LXuqbRvwv/Hy+Sc/mMnp3JHzemeNvEXhIeFfEgg8U+Hp3fRNVxFFfxF5Ha1lVURcj5icY65Y4AORXmX7K/jzwHofwx0Cy1zxHpmnXiTajJJBJcKs0fmXBaNmQngEYYHPTFRUrUFmVGSrU3H6vUcn7RNRk5QSV772VrX0e5FOFX+yq6dKqpfWqFlKEk2lFq6VtUrWb2V7s+0fD2k3dyZJZIP3MYnXeeA2YnOU4GcY6cnPygZr4S/ZMEcc37QquwDj4oagq4K8DzJOMFgOOnoPlBI5Nfa9j8c/hNpdo8B8baRcDbcSGM3MaDeYXVRvYk5JOMAkjkV+bP7N/xW8C6Nc/HGXWdfsdNOrfETUb2xV5QDPatNIVkQHOUK4I45PU1yVq9L+08H+9goRhXvJST1cYLV3+1fS173aWqaNaGHqTyvMVGjU5pPD2i4t83vtvl2crJW0tp2R9na9HbSataRtyvkoxAwAcuN3uMjJHQ4644x+PnxN8Nz+GvG3xUvvDd2uzVtVmW4tZWJlzI+ZCuCCADuwuR05LdK/SPU/jZ8MZtatnTxXppxbAgtMoXAUgA4OSWOMAHJboMYB/K74g+P7K88WePLm0kEsV1rMwt5Y3Dl4xK23CjseCD3+lZYqpTlL91WjK0rys02rJLezaTvaz0d9zowGFq0oydWnKCcVZTXLf4ZJpPd3S8r9O3KaLb6uktiFDSmS4dWiBc5ZsfeJPckk5GcYHrTvjFZ3KaxoNosZguJNHXy/mPBKAl8dfXoOcdf4T3Hgzxl4Rt7SFtUlmjunZ4JX8s7llkxsKnAIYH05yRk8Vwvxou0l8X6JOtzOVj0mGRF2Md0bqDGq45zg5IBG3I6DNc0px5qS1V7v3bWekbt6X69PxPWpOSjWWrTjFtaJv4Fq+t1bay09EePte+JZvOt4ZUjFoNqnymV3Mecvyx6f7vGcdSK9BsZ9SuvhR4zOqzsbh2tkgd0I+QE5woHGRnk54JPy4zWJfw2cSW7pcXaGVfMkIhfID4JU8ckAEnrjIJ6g11T+RP8OvFlta/ablna0ELMhRAzHAG5gQMEYJORknpg4651uaMI3bcXHppZOLTejvZXTvps3a7ty0aTVWT5VC7Se173VmrXfXz/V/Pmnf2ndWzwxXSSpbgKich3JAIGeOMjk9Cc/N0z9O/s5zXkmteIbeeGIrb+FdUkDKCvlyC3PHzMRg/dPODxg9j4Za+HNeX7MkVnboZ0VGc3EanbgHJKleT0xgHsBk4r6F+DNk2h6z4la6jt7fzPC2qRrtuQxMjQbSxwSwUsRyw4PAzU1KilRs3F6pO11q2n1t5Xa2strs6rcsnGyW97rfRdd72S1TtonbQ+d11y6ae8RJI8wXV3nauGbdcSbkXBGBgckdumcHHpHwQ1IzfEfQmZQPKN/JJlshSIWPAPpwOeGHXPNeVz6dcrLeIs+n5uJp2jeO7hDfNK5wTySzAgHHIznJzXonwXtZ7bx7p8kghUW9tfCRIpo3eTMLENgZJBJBznp16gV6bmlh009oK6Xqt9Lc2uq69zyHRbrSlJJLfbu1Z+T6vZad728ruPFdxpvjrxZPD5T28niO/Mo8zDACd8EE9AcdRxxx7ekv8S7W5s/IMkkcjhA4UqyKS4A3MOeDjBAHHfOK+edT0zVm8UeIpZIrbyrvW78on2hVdsXEmMjJKngEHbk5POcGozourwyPFJFEqTzQgSm4Az+8RigJJJxjtu98DGfosLmM6VCEE048sPdvtZJ3bd3va61v30seDisjoV6sqklKE3K/MnfqpJvbyVu+90fXXxP1pP8AhNNBmE6gDwrpG4u6q5B27iMn8c/lzUc3ia1K5ku0jWQOq/vUw42gdumMDHU5IHGCB4j8fNN1K48WeHzBcR2+zwfpVuyyXQhcyiNMFO+zPAzuDE7skjjyi40fW7WCFJdSs3k4HlvfqFTcCclSx7nJ5PBLDGM1rhsxUKSWtmk+rWul72vs/wA10aOTGZJKrNONRKMVHTvZRV7pO119+utz7J8f3qS+D/hyzSO8QvLt0lUjbgOepPUDjAxyMDBC8+c6zqP2axm8m4G+V3CDIDHMY+6xzwcDkDJ7YG4Vf8TTmy+GXwulv7qzjWBb3EzTKY7piXGxWJIIABGTn5sZ5Ga8+1K7t9QsLaWK70pCrGUJJexgnDZYkZ4BAIAIHbI6E8lOrTkpyk38c3Zpt72SW/T77dLHRXwdbmoxi1aFOCcktrJJ9NVpor3dnZW1foHhK4km+FPxheRmab+zLRSN+SoL9TyONvryOD0Iz8kXT6hbWGk3EbKwZ4yyxoW3hRtAYE4GABn059zX1T4SRR8Mvi67XNm3n2Fj+8t7gSJEGmVf3hBxzkDAycnHHJHz5DaQJZQudXtAnkgQBQGjBEZBPTIYEHAGO564260sTGEpKzbckovlbfwxWr5Xfbb5G6wM3BKckkopauzd0la7to7vbu9bs9d+EEkkuu+IJZIYQw8NXpTaRhSIJGzx/FuOcc54A7Z+eraa9OoXExl4knuo8LglcSsqlh1ycZ9AeP7te7/BZXg1TxBKNTtrl38NagHiETj5BHIAwDZI2rliemRj5cjHgKJa2l5cO3iG2YXDTFTHEdqtJKcgYyu4EkDJGevJ5rehVp1K058sloruz1bsrrVqy27pPbcmth6iw6jGa3bTTS5dVZba32t0b17HqPhTUJItd020klkdXuLMZjUBQTNETkjnp1OQR047+5/F6KK2+IVx5bMfM0vSyygDaC1uu/duwAMk5wAT27Y+YdElsrbWtKNrrM0tyt7ZfuEtJHFwxnQrjg/KSBuxjIH1U+rfGnXry0+I11FcX00LnSdLYxi0bCH7OhCMcDGByQeRwD7TVq0niqVlLWMtUn8MlHZOzb621ZnRw1SeFqRvBqTjbb3bXa3s7taO9nd27o5vxPE4nM5mYLEuAFU4Py8kZ6YIB5B6HIrvfH0kq/DL4ayo777hLuNjtbJCzJgc9hjr2HOATg+Rpr9rebDc39zLEzmOZUsm4CqwO18kAYB9T15xnHvHxGfSbTwJ8K4rqPVbizuYbuSzitAodv3gZXcEEg7iAY8Z544rSrUjGpQ5Yz1eqs2+ZxvdWbsuiem3qc1PCqNOpfRpaLTRu1r6vS23W7VlbV42iRTxWklxLgrH5QyxXGPJbGBngEEbT6456E+pfBO2j/4Rj4q3gUSST+F9ZxCpDgDDfMQoJx3z6Y4A5HnvhbXtPhstZiltrl/s1tDLK+o2ryeTvRkRURSudoIPTIHJDV6R8FNa0i28J/FMwxETDwxqqXEwgkjEsM+Gj8hWYhGUDhsdOOwNdNacnCE1GUVdJt+fLra/4atbp9DChh4xlUTslu22nbZtpaWsvlG762R8TeAiU1e386QQwv58TuJFUZErnCk42ntkBe/QA5+m/Dstnb6hof2eTcG1ImRA6NIvON+1csNxIADEg5GDg4r5L0/T7W7YzWNhqstsjXEhMchQmYSMzMCPTr94de/NdP4Ijjs/E2iTxW+vxmTU0R90zNsyx+dd+4MoxgjBHXAPNVJ8tF9ZSTs2u7T01vsuy0On6oqk4zU2lF62v1cFbomkrJX1V5eh+yf/AATYnW3/AGqZbX5232+rzTQthXVGaIhseg+9jPTisv8AbZ1l7P8Aal+K8cMgiik1q2bYXwWBjiyBnkHA7gqcY5zkZf8AwT/jt9P/AGwtGu1i1C1klsbpJ57mQvFcCQxF5GUDGHHXt8uMVx//AAUdl8fWH7ZHxSHh6w0XVNNuZ9Nuoop28ifa8aYKljhVJyFJHXqOpPgZDXVHjppc0pSypL3Vq37SDWmu2l7Xu9raHoZ5QhV4LcJuMY/X1yyk7LSKVm3rq2ujt3ttyvi7U4bnR/C6JIIymvWjn5twIG0sCFxySCCMkgnnON1bd1rcSG1Uy71E5LMGGAAx3ADjORkcntnkdPlPXvHnjW1sdFXXvh/e2lna6zCftVhdR3iyYIGI44xvZmIbvgg8c810cfxd8KKqPqUep6Y6ykrHeaZcoYySfvMQBtIHJAOMjnBr9/yzMKMXWVSpKm5OL96E1onHTblSTuntfTQ/n/OcoqVlSeGpxqwhFv3JKUV70eibvay3WuvU97vtetb7x7pBU5UeH5oyxOCeDuI7cgdBnB56HjQ8wyXEq5wq+URnGNu4A4AJ+VhkDtkcZwc+Fad8QvBeoeMbCeDW9NVItFlDyPOsOJDnajK+CHIJUqctnrjAr1G21yyuphJZzxzRAQgmGaN0xv4xgnjHIJHPTPUn1sJi8M3WvWg715SWtnJNRStfV/J330Wx4+ZYDEOOGXsZ80aCjL3LK97WfVNaOy109Ts4miHiCZ8gI2jRxgEgAKJeQAOcgEgepyADyK/MD9vAxN4n8JRRHk2JdlB35/ekZPAB7knn0xyQP0xkZG12PamVGioTgj73mMSSRvGccgZwQQfcfl/+21cRN418Lp5xeT+y3+YYYr+8wAw4I2hs8exwFrweIq8KuXYmalFr20UopuyV47a7P12s9Ovv8M4WrTzHCRnFrlor3mmmpWWlvWzerXfl1PDvAsMx+KXgCNQCr6jpHKk9pkYZHXIIxkZA9cjn9NvFkJb4ieHxIiAya5ovcE5j1SJT1HXK9Dgcg5zX5peBFSP4ufDQo5dW1HSmkGcgYlToRwGyTwcD7wOMAV+mHifJ+IvhfLFZJ/GWmeX8ykNZi/iIIJUgEyFsgkjnoAcj8smk6javd06jWundeuul0vTy/XOXli923ONkmtb8u3RJpu/4+f66/wDBQGJz8NPhDC8QQNNZkHvn+xkBOBgkDBPqCcFsV+U2teFk1fwtcudwh0rRJ5pNqg7mF6ePUkHBOeM89sV+sP8AwUIuY0+H/wAGox5hTfbyAkHChdHXdgkY6YyB6E8c1+eGkG3l8DeJUYfN/wAIpcOV24c7rzK8NxyDjPow4OBjz8rlL6ml2nJN9FH2i77Xu+vS+qsFdP6wot8t0rX0vZQ0b100Tk/Kzerv856X4cZF8XS2UrQ28XhixuTGQVaeQRqSoBPQt1G0c9ACeHRajFeav4LMto0Xk6WyyDkv5ghIDIBg7SDkkt1znHUehWViceJkZeD4Jsn55z+7U5KgrgsuQd46nnJHGbYWEcGp+DpjGrEaJdbQ0eeTG25i2ecZYDrtyeetepGXuylKKaa3V9Hyq23TWyWl9OyG6cbW663ja6aurW8ur6PXS90eaPpyx6Lb3ccgkjHi13CDLMh84jGAMnqTxnpn0p80uoabYeJbuzne3hl1u08yJ8m1lEbqPnQnthQQu3g10dlBA3hdZbkpGD4wZUVSUCBpwF3Zx8mehxuUk595tYhFzpfifT7YwTKmsWpMkZDBsyR8ZOFwcHP4cg4FROcJStOLSWl277uOvXzsu+y7SoON5QtHRNK7+Jy7b63bXTW3VHWW/iyx8R3GvQRRJYarLoFrZ7LllS1ujHCMvbyH5QSFyIx177cZOjply8k3w6hLbWjstShUqp5kVHLMGzjkjtkZGCeK8nvNDutQ1rULE4SKPQDdAREo6SW0ZxsdW3Dpggtg87uRWpoHirVtET4cKbOPVY5WvLO3t7jiaF3R495m4zgHeu4lsjjFePjcDe0qcrrfllpo462XS+u7a108vSwmL15Kj1tyrX4UnFu0WrXTS1Wj10006aC7mTTPDsEvKyeNZiJMZLETt/FtGM5Bce3Jyc1fvLgT23iGNG/dxeMbHOCpBxIGG31P+yQvIxjGBTrPQ7m/0jw6dKIvZLbxlcNe2xcLcWkrO0jo0ZOWVc8MOGGD7HMe3kgtvEu5GB/4TKx3KQQwbzVG0g4K9sn34waUJ01TUGkpc3vp2096Ktpfrr1232GoS5nK/Mko8r0tok0naye9ru9rWNjxDLHfaj49RgU8jSrJhyMMyRDoFIGSD1+prjJri/efRoN7QpZ+FpZoiFKh/MGCpIJJPGc5PcjGBXb67aZ1L4k+WNmzRLB2Lg5O6IZHXkHv2AzgZ6chqAcLopATMfhMKGBIPDKFLN07EnoTk4zxW1OMUoJNNNxSb3fux8r6P0W6ZTcrt2dr8sktE9Yrma6WV22klr0RPaMlzpehWVzBFOsFxdxp5oG7dtZgeRnKluNxIBwMV4V+0Okwm8ECSI4g0a4jjjl5Xyld8bFwFOR90DgY9sn3CNZZYbGZiQltqEyOUUAAtGpXcff6YYdcA4PmXxy8Oav4t8QfDHSLaa2tX1PT3tYpb2QRQKHZgGnl+5GMYOXOOwIVqiValTxFOpNxjyXvKTSWiV5Sulbrte7+4640Jyw06cE5Rm48qWrabi7tXae17LrezujW/ZFvozffEiaCyWPf4TiDn5f4ZFAJPTJAA6nPYZBrd/bqQ3HiDQpiw3R+F9ECxlgVJMKcFlGOCCBzjGTzkGu5+B/wW8QfCdviT/bs1tci98JWMlnPYXcd5byRSzsC+YsiMHkAMc4GR6V0Xxj8NW3in4peErDXLKebQ7jw7ocV/dxWNxexWytEvzslurNux06c8fNuxXz08xwtLOK2L51KmoaShreShTT5V1snbr0sfRRwNWpkMMK2oSlNKXNpyuUopN+i3s7WXmfnz8DYZbfxsbiSC4Jn0XV0jER3Iwa1OCMcD0Bz2JycZrzHVLS3F7dJHLMJbi6uxIjHZh2uZAVbkYA7npn5gCOK/oK+Hv7Ln7NGi6Df65DDr8uoXGhanLZanq1heaJpsV/5Tq1sLq7AiMZBBjGQDuHbKjyfwj+wVbeJIrW50v4Y+Jr6C/mursaqNKu9V02RZpXZJrK8tQqPEAwbL7tw+6c1uuNMt5qk5KrGMOWHK6dlf7TVpReuis1Z8x5U+EaypU/3uH3es5xjHeN0ndJt909k3rc/IfUbVx8ILe3jgkmih19iZUYMFfy8FWIHyjqByeCep6/b3/BOOCGLxj41mW1ZZB4E1EMzqQC4SQrzjoSQDweuOxI/RvUv2P8A9mPwF8KV0T9oTQ/F3w8MF1casmsTWk+lya7negaxWcZlW3yGYKDxgdDXx7+yvp/hLSPir8S7X4f31zqPhSLwhq0WiXlwVM1xaCaUQPJgKS5jKls5Oc4Yg1lj+IcLjsvrww6qOU4xlzOCSheVOyuno3baz0fQ0w/D9XDY3C1nVpSily2jZ8/RSTjo0mmr3autLXufJv7cWgazq/jrwzpuk6dLf3NvosVtDFAnmSySTyLOUCDlggbJ5HH/AAGvBbHwj4gHwp8RRX+iapbT2eqQCVWtZEAVQFZ2JUHajDDHkA87u1fenx80i/1H43+DrSyl+xPcf2FpqahJKsUFnLei3ja6mdsqogRzIwJxhSc4r9xLf/gnd8MPBPh2yPiL4s+GviNY+I/Altq89ncXFsBpusOgunBa3dTOJpP3CIwJLEHaeK58z46w3DeX4CnXjzxdGnUfvJSklKKtFTtFyu+Wyd77J3OaWQ0MXmOKc6koVa8pU4RVOU4O6Vm+RPl2um7LW29z+O7TfDzwanGJY76MyvC6I8Rw6qwdmAzgr0AJOTwOzA9l8XZY7LXdMVndGTSbdoopU3cFFVQAM4BOCSfXuMCv3Xk+EnwUj8CeKLiT4d2Nv45i1LxHY6PcPKZYpLGyimWKONV/49wuxZQzruztHfJ+ctY/ZA+FXxCsfhZeafq6f8J54h8O6lda1ZXepwW1pCthOwEcPnnCHyl2qWCksoAG4gVphfEjKcTSeJqU60I0pJSVoym+aMJJ+7NrVX0et3ayasc1bhDFUYyoUalOTklKLd4Rs5R0V1rLd2SV/wAvA/2M7i7uF8XT3YTEWl6X5SoikKhvYNpPPBwBwevJIPfzH9vKZZPjI8hYFRp2nsQQeSsS7UAGM5crgHoATjjNfon4X+AGkfBLTNTudH+2MuuaJaPcSXMizQCW21SBStvMgKyKqqfu44GM815D4q+HPwl8c/H29u/jTDrsng7T/DSahcjQ1Ju3miti8AUAElPNC79nvjI5PUuI8BPD4jPqcatTCOm7xiv3slGyaUb210td6WWtrHXXyrEU8qpZe3BVoTUr35ou8ou6ttpbW2yfVHzf4Q+Nnws0TQ/Dtxqfg/xRq90+kPp2rNbatJbW8VwsXlI8KYwqKSGCkHbgjJ+bPy7qHxXv3v8AxNb6ZdatZaS14radavemRLeFJxL+9O7Ly4HJ5zwTwFA/X/wT+z9+yN4r0c2V1H4w0Pw/e6Tqur6Nf3VvNH9pvoGYW9tA4XMqouDPtY4ZSTwTnn/DH7Gn7I+teKdS0+6166i0mHwfJcxXq3/2b7V4jaB7iO1ZZCNxGzGxTuzx1JFfIYXjDhHD1q9Wpl+NdWpL2k1Kiqqi5SS0TnKMbXUrJX18uU562R5zWpU4xxVGMYpdXC6io6LRPazs1e90raI/PrVfj68ltper2VzrMPiK30eS0uruO5VBNCqBI2UYGwFfYHIHJPJ+YfE3iiTX3l1u6nu5bu5KxyNO5kdwWO4k5+Ycc4/ujmv260r9iP8AY/8AG2j6BDF481Lw7rEvh/UZdQMuqW2yS8spGSC2iAAMYcAHaSG6jb1z8P8A7Xf7Gvw7+Bnh7wPrHgb4inxgfFCXVzqemGRGOiJA+2Ms6/KwkHr83B9wPeyfjPhTGY+OAwVCrQxdWPLHnwc6UWopSTVRR5VZXWunRK2j83FZBm+HpKvWnSq0oLmajVvJNKCu0/txT7a2d0fnRq+oSNa208MjxGESRI8ZO7DcMcjKgsONpGc5wB0r7G/ZK8Q3N7qO27d5v7J8O61ZwzTSZYRTFP3aA5UKpyQB6sB618h6j4V16Ytb2FjPeRZSVVt0Mg2txjKg4GSCcHA+YjuT9g/sqeB9Q01tc1XxDZ3Wm2VlpWpxRyqHYySy7BEkqKCyI5wA7DGRxz1+1lWw9CdCpJwTVaDTb2vKMfienZPpqtLHl0qderKrDknrSaa1tKyjZa+aTe3nfQ9a8UzRGKyiF2mEuLaQ/vF/dlpG5TnIJG3B/TivLPETQyeJNTkjnb/j1QkF1+8I1DHG4blxzj2B7HPq2q+EtG1Lw9Bdzm6glOpmGVkdvNAV8phG2uEwc5JwD06V4T4s+GSLrt/Np3iK9WNYBIqzs5MnAzgh8eWORx0HA/uj9Mp4/wBrRpyoKFVRS2avtG7vdbLpbXW3n8fi8FySkqjcHq/eTtq4re17rbd927Gh4YZriKyUXHkrHeyKXcAfNnpjoTggH89obAOpcJeLa6wUlWZFv1V2V1yfmHIzzgZOPfrg815pp3hvxVatHbWd95kO7zlO9Uk8xgcLtf5ucHgZU9ODmnXS+K7OyuUksp90twweSCbc8jo2GJQdcnJ+UH69TWtPHzvGNShUSSvdNtOyils12s1br0PKeDV24TptWju7LRK/u6eqSvdfj6vbS3kOoSM0IO2zijJLAgeYmM4GBnB6YO30BAB8Z8WszaZiT5QuuLjZnA3SA4xxx7H2OTxViy8TavZXqrcf2lGxRBIJYzKXCAhUJCZAA7+ucnrWBrmprf6bIWnDMNajcJ5bIykyJkEHj+9kAdAcAL15syxkKtKMPejJOWktEr8jWut3pZ6vXTY6cHhpQqOdotavRu7dovTXdvpb5d/1+/Zaj874YeJyCI9tvbsc9HCxDBIJBJJzzweMkZ6dz4gkFrdKk5GZ9Hh2OBiJlJyTkAEHB4wV5xwRnPmX7M9yB8NvEccb4WSySdASCXWOBc7en8ROQAF/Hkeoakia7YW9pM4+1ppKyWsjHaSEPzICcMSVAOORjA4yCPzDH1FTxzqJPk54qfXdU9VZ+if+HXufo2X05VMHytJT5fd030jFrW1pPmvdaeXfzPSow82v5kJBkgCkZONpQ9AO4HUZLY7194+GGX/hHNFUNFhdOgHzKMucKv3mHQdM8Y56g8/D3hSzUX+rWk6kEGPdEy7WeUYVcMc5xkgjnPIz8rA/avh7Umjs9O0m3t7OVrWw/eRSzRpcoQob5oiwcBeBk445Ht+jcA47C0M4rLEVI01Uwdqbk7Rc+aGid16pfklr8HxrgqtXKKCpxcuXGNyitGlyy630V3a/r2Z1Lx2oSzUxW7brj5gVjJbDnq23ggdwR0OFHNcndwQf2oN0NuFGpyYKqobCwHoSCOAMYA656ZIq1B4jZoCG06J5oL5I1CSqSQW5A25+TPQ44HHODjGuvE7JqWX0o/Lqcm0K0ZYEW/zAqeCOOgwMt0PGf1mrXoTnQcJQS9rGTag9rRvrpZfN+a1V/wAvpYXEQjUUk1emoqLk5atxuld6de9lpoaEgtUScJZhtzgkKsbB+TxjaSRg9hge2AapKitI7DTnGEb5XVVXcDk9FHPQYPU/dJGSKb+MVUEvpN2gaZiWUJgAE/eOFHbnkDgdSKrL47BlmX+zr3EZLKN0ZDYYMTnoSCMe3YE8jrjXo2iudSd0ruLXmndK1kl6Npv15XhK1naDemqUl2u+qvton101s7894hZ21DwyHtRF5mrT4KhSwHkOWXoATtGFHA9ADXG6df3hn061s7C5e3XWdQ3uzJ5aYkkG/BB68jHXsSFBNanifxhNJrPgorptx5T6zeSSvEiv5UQtXwJmA2ortgBiAAQBnOa5Tw5byPZXGoajLr9perruoXEFklzAsBtpZ38vClclTHt4IOMdSTkcOJr0pRr3TledO0ox1tGnDq7JLVXW7166HZSoy+rUlNuNovS6u71E3FpvayVk976PSx3mtSqmn3gdQGIYEu6sx3XEeOh+XHqCeO4wK7aKz1O/d0sY7RktNN0+e5LoQyrsVfU7ix9DgAZBOefMb4QzadcrFHqfnSbXWS5ljcD98kh3e5VcDGD0OeuNfWPjVoXhiZbbTdO8TrqF1p1haXWIFe1neBB5jRZXcyMygA9ic9Dk8kcRHDTlLlqz9pQcIqnTc+W8oNOWmlrNv5+d9KGDrVsLGCcIKGJ57SlGF42itLta30s3qkuyvUGrLHq97ox09PtMt+UW+d447dGC728wvgBVVSMf3sYxuBrsNb8JeLPD3h+z8VahpMFjoGvz+VY6jdyxvBIcEq5KDCo+0eXuIDDgGvj648QS+JPG2o6jJaeIXN1ciYaHK3kw+X5bAmNwo2EjJO3BHqAePebb4sfEFvhTc+Ao7G8ufCr6nb3BtdXMd8+ntYlltoLGQgyJGA3zBWAPQkda4Z5pi6bwipLngq3LXjUg1L2d0pODtrKN767pWe+voyyrDpVJzk+b2anTcZQilNJXTd07a2uurt0PnD4tfEjw5p3xB8C6rdNPNbaRbatZX4s49ihpVKtKrgkNHjlTjAx0PFfQ3grW9H1Twp4fuNGujdWj6WrxxlgzgGUk+YGwQASu4467gRnp8UeNPh34r1DxEPEN6fNsJDeSvp01uURI5sKqIp2/KqtuUgcEdicD1L4PalJ4Zub3w94ji1GG1t9Mt4dBuoLOSOB3mJLQjC5JU4AOScZPqKywOPazau66UFiOXkk/c5bJct7vS6tZbPT5dWMw0auSUYUJXq0NbRlfmV9+l2lfr09T27ULqE6nq6skLLNd2o+eRNysFG0bSCeo46NkA4xmnvexL5ceIkfa0WTtJHOBtG3JyVIJXrnJ/wBn5r8U22pr4w8bSWWtNFcJBYXOnxyCYCG5jU71AyUDEsA2Q2ScjJ61Nd8Y+I9Mt9HuZNUEUyaY0V2WQXZlv0GXbZCPk3Art6Fc8rnJG+IzeMKj5qUny1OVSi17yUtWrfaTvLXo7XucdHJatSnCp7ZfvIwcozvGSXJBvpunZ3VtNj6de/gZVjE8BeFQxJVMtzjaOByfY8465pU1G3DKivxGkq8R8MAqnrtIb72DjuuTz18g+HOvQ+K7Vrt5rmZ40hiuHlgMSvKT8/l5AyB+v8/U7eItOQgygF0oYlSuPLA7A5PHqBySBwBXpUMXKtCnKmopNp+8lJttp3au3dJWvdbLRI4sRhKdCTpzfM42TcHe+z3drW06q3poWzqkQa4O3l0hclip3Juwx243AHaMDBYncAepFObVo0le0jAVwYNshTCjfyAVxwcH5sj04zzTlsyrs5lDE20YI2r1Dk4BxzkfwnoRg4zk5eqx3UupBoYXNufs6l0ifIKgMeQD0AxjJywAxuNRVqVp1I7cqavyxvZvlV9+m19LPVGcaFKMeZNpuN03KTv8La3S1V1rd7mlJq8qK8bkuVaQEh9oztGFbr1+96BfcEGOTWFcwRbHDecu0hx8uUUc/KD9BtxnGQoFZslrPK28xzHJmC4iYDaVxkgDBJA74bnGMZqFYJBMoETk/uDkocjDhSRwOcccfh2py5vhk1eyurLVe67Xs/6fewUlC6dtGop/crLz6dN3r1RxOr31nca9IPs8qzCykWR2bk/vGHPHQqQSORtHGcHFXRSg1WX7M0hZrC7kHHygGIg4PUfKp2nj0xjmp9VsbmLxHqF1FBKsRgIUtGxDA9QnBXG8k/dzkEemHaBaH+0GcufMGm3RKsGAGQR3x3z35HH3ua/OOJ43wmMqSaUmpXs0k1eCvp+Gz8u/3/Ckks3y2K6VKdru9/dTbb0utba6u+u+nu/gVLeXxD4ZWZRKza/4WUgkE83sAGRwc8g8n7uAec1/ch4XQJ4U8LKFAWPwzoY9SNthDtAGRnHABGe6571/DZ4Ajlh8SeFiVBDeI/CoG0HOBe2+cdehzjgbSOc5zX9znh5dnhfwyBgn/hG9DGcE5H2GH1PAAPPXoK/Ac/5XUhJW0vvo9eVLbvovV30P1/Ope9hYq7uqifn70N7fJtq9u6ZcbbnA7Z6/ezn584HQg9McHtghg3cFHBx3xgYxnqMA4UjuTjsOcGpihJ5JXHzfLyM88ZbgAk88fdz0wKj2qox95QoBJUYO7kdPTuM4/Kvn1X6c2ul7bRT5dNG/NJ2Tb3913XkqEk+ZSbSSut+kdLOyW97q11q9xFkB5PA/h4zkZIIyTx6huemSOeHtIGbnAGD36+nJ555yOSPY5Aqt+74Cg/NkqO42k456Dpnr0FQk7SGAPzZJUHO084HuO556Dp0BI14x15n30lJ2TjHTVLo97O1tNLlRhKTa1Vul31jtturXvqr+ZfOApJbAXAAC9cckZ7exz90dcZFRuwGQxLE4IwV4xkHHByeRyQeSBgDmqqySMMnOBwDycHIxjdnjAxj9cnhm9lfLEt8uOoHLcjgLgY7Dng+woli3e8IpXs2trP3b2V2na27RfsL3V9klZNXbtG/lbS2vX0L4IYg7QpAIzgZI424/BRk5PPbAFIZGLFsg5YgKepyMckd/QADd64qmJNwBdXBXgZ4Y5xwRj7oPUHJPPTgUm9lGBkDkjJJJxxnGUbqQOvrjPSj6yuVa6p62SWrs7Wv+LdtTP6vNPp3117b6a7ro/NLYllbaeEYADOOwbjGc5JOc5DcjJ4HOIhIAeCOpHDc4OM8HtnAzzkfQimOSFLcDksVJHIzg5P654G7PTmqTlkLnOc5y2ccsMH1AUHt+OeuE8Vpaybtrq0tLPZPS3XXfWyumbQoXet7J7uOr+Dbbs9Xu3dXd2XC6gjc+Tz6Y288AZJIPXufcdqxVHySThSevA7YIOcbR2zjvjJwarKyLjLLyAOCCe+ScYHTAPQHpjAwXtPCuMuB1BGQSOMgk4Geo4z0PU8Vxzqp2u4pX3vr09b3+Wva6OynTcWpdXZ6LZ3Wys7/N38nZodJCpUFjkkDklsYBwMknlgMjjPHQDGax7xdmduRwPlAwDtz79+Nwzx2PUm81/bkbWk45ySc9DwDw3pySfp70ZruBlJDDODtY4wACc5HowHA655425HJVdKSaU0r9bp2btb16d7dG7M9DDqsmm4ScdHdJ2afLo+y76LTXbQ56a4mjZyHCgYGAzDIOfXIG3BySSTnGWwTVRr+bnawIUBemSTgZPG3knpwSc8HNXbxIpCWV9ysfu9+evA6gc9OuOPfDMXzEkjaME4OARnHQ9jwSPXpx8x8SpUqQl8baT0abWi5d/Xprpd+R9HhqNCpG8oLmVtOTta+yWqt59NNHa99ulfoSACoxlgSM4JGCMkc89M4GM003chJAPA+QAFmycjjJxgsPTjueozmgNhtzN0O05I+UEkkgdfc4HYYGBhwVwSCx4AYFc5x0xlRnIPPHOCcZGKh4iq1Zt6Oye71tr12d+79ba9iwtGKuoxaSTd432tfr+F0npqasV9NGT+874ABJwccg9xjORyM4P43I7+TdhnJBOS2ThRtxxgqcZHXB5B47VjRIWydsjqe2NrEZHzcDt7n5hnaCDk6EVm7EBVKdFBwCQvOCc8dTyNvc5JwK3o1akmuWcndK6V7NtK13Z2d91y2v11OOpRw6+KMFtq7Lt2V9Etetvx0xeFmwZMjjgfeyCMHB6gDnqO2OhFfNH7V3x8/4Z2+Fy/Ed9Mi1qOPxJpelNpHmCFtQkvrmOCFXuCrLBCjuHd2+UKP+BV9Im0kRCyhhgABtpy2G6A44JOcY6A5z96v51v8Aguh+2LqXw106T9mvw/p2mz3PiDwGniHVdTvwVm027a/VE/sts5a9aEgrswUBBByM19fw1gMRmOYwhGEJqlyYicKk+WLpxlDmTlpJXvZrS93rbU8DM6+Co0mqlV04VOaCdPWabhukmuqV1st7PVnglzqHjX9rfxX8TPiAt34bi8TeKviAvg6LStU8TWNpDZx2QZ7K2tIJJlL2lrCq77oYieRST94Y+MP2jPtf7PHjPVfCHxQ8RaRp3ibTDbFNNsryDUre6s5ow0M9vcRFohG3DEAsRnIzgV+JOmeOL7w5Ld3tre+MrXXjIbm2im1TVLNHaRSZrpdk0R3yElo5wMkEEMVwK1Pi58c9e+KVz4TOqPqtxF4c0SPTca5ONQvrqVQNzS3sga4ljj58oyyOVUAA81/R1LjbOsvlDDYWjgqWBpUoU6dL2c3ODpwjHdStKLsrdUnqrXZ+D1/D7h/MIzxWJxmMr46pWnUqVU1yVFKacdGmo8sW4vuldPofbusfGjwnZI1+mrxai9yJZLgJcRB4IJW+RYyQcOT1ABIUEAc827T4u/DuJtGmWdbdLpoX1G+MwlWAqwZTPHht5bBBC4yQTjDc/mcfFNzNFHbmxt0RSvyiLlti5yxxuxyx5znp0rRTxbqAhSJLS3W3YjdC0KkF1OBggcgj1wTzVPj7PZS5lDDWtolBtdHu5Xa0fXzvoTHw14cjHlU8VK6V7yTu9HfSK/W/bRX/AFXufjl8KZoNYMuvXaaxNeQwWIgt9tndWoZWYsVG2NQowV3BscZGAK5W2/aB+HWj6rfBry4DXc0VsFFp5tjHEo+edQRuXP3mBYg4IHPB/NO58UapII0a2tlijl3ECMLtLcrhwASBnJwflwFzVptX1K9WBBcWcccuVOUUnn5SpbAJK/d557HnNVDxAz2EbWovrdwba1VklzWVtdGndJbEz8LuG60k28SrJJRUkkle93otLt/dumf0O6f8G/ijrXwE1z9pq0vPDHhz4TaDHZXek+IrjUbWx1PW4jIizLp2nu7T3F0gOBDGm5+dobrXjl1/wUD8T/C9PAmk+B/Ai/EH4f8Ah3xkPE+tPLDdRXer675ZkjuHi3gWrW5BIfaqnGehr80Phf45+Kfi7WPA/wAFj468Wah4VvvEuk29l4Ohkur7RLaUTost4umoxRkhiEkxjClWCZKnAr3D4reCfGXwk+L/AMUfD/h9PEF5c2U9tqtpd6np72Vhq/ho2gW41SxtJF8tIAzlY3jXkqSDxkePj+Kcxz3lw+OqQl7NuvClGCjFKPLBJ2XM2nJ21Wi2dj08t4Nyzhybr4GE4+0UKM6jm3J8zV1ZSavrFetrWP7/AH9k74on47/s6fCf4tNpz6XN408MWupXenygPJaXBBWSAsR85TCoDnG0DGc4P0GYs4BUnG0Agc8nv8uD1AIGDxnjofkD/gnJpr6d+w7+zisyNHJdeALG/ZXxkNdCR2AICgjcQVwOQNvqK+znj4POSAfbOfXOSPcevTBwa/CMdhKaxFb2cFGPtZpRtZqKaa9bbW7+h+jUMRPlinJ3ioxvdJtRUUut+zvrtquhlPGCMbQOe5ycYI5GcEcnsFyT6DFOWBSCSMkBgeQSTjAyCS2dvAJG4n/ZArXkhHDDrlu+egIPAwDjqAOh9SARWaJRnBPT5QeOccc9Off868yeHWt462jpZ6bNXvp3sns9OiPQp1JWTUmldOzd9rab3fwvVPrs9EY7W+QAUK5XgkncCxb0AyQeufm4xz3i+zheASm3HIGODtPHqB6g9Mc8gnYMYABbOMjHbjPGenGTz14weBUMiBXGCpbBxzwMDnb124J5JGTyOhNcsqEE02mrW13l9myvu+jd7tO1raW7I1ZaX1T1trez5dUt9t+yu+mtARCM7V59T8vp3OBtHY4IPXkDGJl3DpkHJz9MAEgdsZzwPXPYUqgBicZA+ZiO2Dgnk8g9MYJGSByRhyEISfvZGACDkDA7Z6epyOcAZYEFxik1y20Tvq1e9ru9n1S013200dSV1r5NNN3bdr308t9Vp6HBfFRPM+GXj6IBnEvhfUkKtwHJt5F2sSCMkjBx+IIGW/n/AP8AglLp5tNQ/bJs7i1W1af4jt5106h55IvsAZbYSNlvI77CxXcM+9fv78XJWT4X+P5EQAjwxqJAAwdxtZMZUEHdnBCg5PHUV+B3/BLwyIP2vkupWe4f4nnG5hGsayaaB88jEEAAnO5jkDv28zOLfV8W/svBU00r7/WlZd72SXnveyse5k0F7CErrmWNve9rXpJatW1t0aX3Jn8u37Sk0dx8d/jI0cIt7XTviDriZiYhcC9nGfd2PzFByFPTFeK6Pd6HN4ks49TNxJptxKiybdyMZG+6Cy4LAttJx1A688e7ftC6va2vxw+NGg3a2txbX/xM1t5pkKq6st7MpKMMny8qwzk7j07Z8s8PwWFpr9ncRLaNb2N3DcwicCRJJIz9xsnoQP7xyQB6MP6e4c9rPhjCRg5Qq/2dRjCSbUlJYeCWr2ulo1s3Z2Z+OZ1OjHiCtKdpQ+vS9qnG6S9o1L1XLbV6O+xwPinR9M0fxlrDWUU1nF5AuoopGLyMrLvAHA2q7Y2qecMBx3/aL9n7xXc+IPhl8Jrq8sfsMKaTf2VtEwCEx28rRtKO5DYBJAyTg8g4H41+NvHtzrnxHnhvrHTzFd6laWrxwRojJasybiGxwrY4AzjPAINft58H9FgHg/4bSW8Kw6ba292sNsgLpEjMWJIBwASSSOBwAOM1+fcaTrU8uyyOKjerGXvzb5nzxpJP3tG021ez952bWp9lwf7OWYZnPCt+xsuSPKoq0qsFHRa6LokvvZ7F4vhKeE5D5jAy+UxTgMdh3AgZ/u55xnvxjNflP+3rcuvh/wCFs0crvHNfXjLu3ELiQDqc5ABBXgEHHqTX7HePbe1j8LwzRJE/mW0sgXbkkLbNntz0I6nHp3H4xft3TFvD/wAJ0aMLHKb+SMdyVZgTknChifywMYxXn+HlSlXzCjKTs4V5pWS5X7m1/vuut1o0d/G6nRwlSnH7dKm22tLuUHFO2nV2t5Jq58I+J55ZNI01xuMYmJbuGJxuYqcFjyc9u+4rkH2j9m/4o+E/A17qtn4mluxPqdzarYpbW3nPJGxCsp4OBjqSQOvTOa8RvNzaTpX2hjHGHBUtgLjnIJI4ypAVsc84yBisWC9gsL+5uYdPM8qLstvLVndSThZFYDggkH5SOvByRX73jcNHE4Rp6cys15rl1XVX7a3a7I/CsVzqtBqK5ftJbLRJtaa281rvZn9IX/BPn4h6XqX7U1hLY6ZaQ2WleHr5baKSVRPLHOVImKk4UgHJTk8jJxg1/RPqXxO+EHhTw1d6r4t8eaJ4XDW13KUv7+1iLPgnZEpYmVjnaFUZJAxwCK/z+vhX4x+IXhrxFa6jous61od1JA4bU4rl7SWK3kU5g80sHdMcE7sEEEk4Oftjwv8AtI/DDStR0gfGi28Z/EKS3S4FzZNrUs9o8m8CJgruykEnDrznoMDAr8gz/hXFYjEe3o80qapqKowjzSclpveCW6et3ve9z6fJ8fQw9JUqrSfNzJy0ST5NXaz2381dX1R/Tl8Rv27P2dbv4cW3hbw/4h1LxbqttrVjq1zZ+H9Jur5XsbK7RnX7REhjLtgNjPHBPHC7ngT9sPxNq3ibxXqvw1/Zm8ceJbTXfIk0251KUaHHJHHCiCVluYSTEzDBYDoTnkZP4yXv/BT/AOEmnfC+7+HPwr/ZystBfU9CNhba5aW9i+o2TDYWu3naBp1mIGXy4B7k5Fc3o3/BZn45eE9C8N6N4C+Hui211YadF4e/tPV83E906kxJMyoQu4s2CQM98Ajn5KnwhmNZNxymScZ2Uq9VX1sr8kHG2trWun1d9T23nGCpP3sXBK6uqa0Sajqr9bR16WT0R/QQ3xJ/by8bxTx6L8FfAngG2kiJgm1nVI9SuYAwbazrCyAuM5bj7w5x0H55ftOfDz9rlvE/wM1P4j/FTQ7O6uPiRawaDFo+jtDZaDqE0hxdzTSu0cqxDIIBHG3GK+T7z9qz/gqT4uW2ubTxLo2iadr8cE0BsTCkFvDP86KJnQASEFQYyxKZycda8a8SeEf2zfi98TPhV4S+PHxhvv8AhHNe8cWGmo1nqUcbaNJPJ+8uLYwMrPcE5CbGypIBbBBr1cr4SzLDupUxkMNRWqbjG8oq3Lvy3btfZ6vo91z4nP8AB1KsFRq+0lFx5ldJO/LbRLtq7L5WZ9V/8FgdN+J/hn9lG10rxb8erHx/Y6t4006LUfDcP2eKaeaIhjdKEmYrBbltwXaABxwSoP8AMZOqQyJ9lvNOVYrVVCtPHkBVxgE9WXv3HsVNft9/wWZ/Zr8Efs/+DvhVpXhXxF4r1/WtW1W6fU7vXNZvNRhvYbeGP9/FDLPIkcjNlmJUbQe3GP525dJuGMsys6hiyAFpOTnno2Bj0A5wBnBbb+18AZBUw2UuSmrOtUacYqK0cbvTou+ttne58JxRm8K+L5fZON6aio25X01aWiS0eqW9+tj1eTVIpIwst7p0Q2PGq+YrHfg9Bnnk5bGcAj/ZFeVW+pTaRqdo/n2EjLdtOsoIIEYY+7DgEkEgf3TkkZyjo11LJCIopSTxgq5JOS3Xp2GAADg5HHSnPoGoG4hWW3ZYdxLKqltpGBgAAkZzk5OOfoD+hUsrqOGspSb0TSilq4Ju/XrstNmz5WjmdKEXBQTvqna6s1HZttaXv36t3ufUOreLLHxLqGiy22o6cYNNth5sYUGQEIWkwMc9yM42naM9j8weLfDGsaj4p1m6slh8m+lM1tKHCF4xjIyTnJOevXIHatLStIvbTUQbRZXDZ37I2zggDDZ4HAxkjoDjocepx6PNcapZwvaMAbXdGd7MFbqTxwAzDocjOMHI5l5YkoQqTmot2to7PRN6LZq+m66bGEM0iqs3GjFtJtNp6Wsk01e1736rp2PLvD/hbXrfbbSCNFY73Z23MMD5RuUggMRjr2xVPWPA2oM13dr9lUowdpFYBSgJPQn07jGRleec++TeH9WtZt0MZjjdfmYOGUZGQDxxySeeeccHmuT8U6BfrZTDDuphDyeS3JcEkZALcHvjjOcc4rN5PQp1OZTltbVK32Ulqr6aPVafLTp/tlSSjyu7aVnF6NcqfS7Ubt3VkvPp4FYeBtVmfzobi2AllOSXAZ1xnk57ndnnOcY43A/pp+wN+2L8Zv2GdX8e3XwvXQr2PxtpMFlqttrkUjw77eRZFe3TeMSO6ld2fugkdjXwfpdrqkcUKx2NyVLZDrneTgkqc56HBDduWI/hroLfT/ET3UZSG+jXJJJQ4C5zt3qMDA4yeD1z2Hh534dZNxVgauCzOjHE4as4yqUHe0uSUZJ3TTTTSd1qtGz2cBxXicsqKWH92aSVrc0XFqKkmnpyt2uur11Z+7n7Pv8AwVD+MPhv9obxh8W/F/hnw9rl9478PxWl3DbzPp9rooso8j7AJZGR5psbOQfmyVGAa+PP+Cl37Y3in9svxb4cYBfD3hzwrYSG00K8uUv7iDVJXAublJYwqJHJlsJtIAPXgZ+ANX17xVoNk89rBcQyJsiS4Zyz5J5K7j1Y5/hPXIrhWvPE+oNNctbzvNNjzHeEl5N4yWAPOe/GM9wSM1+fZT9HrgXJeKqPEOCwc6GPwtBUKMITl7KnHkVNSjTblFScbJS3et7u9/osf4mZ5jsslg5unKnNcs6ippTcU4PkUla0b2sk7dFsYuoeFry7SJW1S0kkjU7s4UAcBRwRk9M5BGTnPQVzF14D1FWSQapbJGd7LsIy2ezEHdg5xkHIBNdlb6P4iuJHWS2uVV2LNuiYArnHsdpJGOcLyc9QLFxoOtwQsTaTRog8sSN84IfqApGOSF29CSB16j9ghw1gKfMpxm3ZKN5K/wBnVLm26NNrbTRJHxL4jx7nCSUVFtPVa293re7ellf7nZM2PD/wovdS0Wwtpdf061VRNMHbjIJOACW4K5xySPTPAPnur/BfUjqf2Qavp0kyHCOrh/OL/wAR2nAbg9MZ4GODXq9hpmvx6dttXZWNuUJlbYoDYGADnawB3YByegY1z2j+HPFAv2aeQW6xvhpXclZF3HkM2c5PAKngDgCuOHDuCVS7jNx5tXdaL3bbp2Vu3lqtjurcU4qdNU3GF4pNXTeyh8knpZ6WtZXIfA3wy1Lwzrf9pX91bXFjb200Nxbo22SQyIylvvYAJJIOMd8Y4HRS/DrQEVJ7u7mjjmZ2LwTqWiRyzCLAxwOnBxgn2rr9N8Payi3DTXbXIMMhJjIOcDKlmPAC4GMkjOPqK0Gj3d1bBotgZi0W5plkbzVbacR5OccEYxkBj7n36GVYDA09HzRlq1KSdnaN3p0vZbabo+crZxjswnrC7h7toxe3u+r0bfZ3130Gw6JoGl2EcVjqF7MIojlvmKYyOMEkADnJyM5AOAa8j1rXtOt9TjlFzNNMLiSADO8qi4B65yO479OMZr2i68J6/d26WCalHC00ZiLpAFcBuCHIIyAM8HJGPrjnD8CbjzLVpL+3uHWZnnMh2HeQC2CX3AE84GDuU9T0ithqNS3s5Qs2tZNJJvlV07ttpa7K29tysNjK9GryzhKMlde6no3y6W31fV2SdmkeSnxFocpvEkN3NJ5nIdCQwzgkgAEg46Z57+y/8U1cxK8xuI0xuA8p1CH0BA4A5wDluOhBr2z/AIUp+/kkEtlC5ZRmGaMZIOMsHYg4HzdGxjvjmO5+DtwoCPqllsycxsybGUgELuBH3fbBJOTwSKxp01T54QlTlZpWTV1ZrVtzXR2uley9WdmIq1moyjCq227WUm9LWu3JbrR662v008btm8PW0MpivJvKIfKlDuJ2gqxBU5A7DA785q3Y3Ph6CCOdbxWkhIY+dCZMqzZKrgAjjjnnJ9TivQ734Zw2cKwCa0eZ0k+5PF5ROAFLB9xwTzg46ZXgVkWHwf1m8Q251HSrZGOW/eIcrklQCCeeOx5A6E81lXlFcsJOEkpJWhJ3S923vJ2i76Wae6d7u7ujOvJStTmmkteXW9o3tslZO1tdpPXY2vD+v+DPLtrs3skFxDKfMYWiNGmT91RgAgkjP3hnqTxnxnxGmmXWv6lOElltJrlpIJwNodmbO5lAyM4yTjAPGMGvoTS/hPolvZraXzxTzpKN1xDcokYII6AkHnPBAyOgzxjiNf8AA9pcanJY2BjhWCVCQblWWUNkBUOWOcAEdWwM85O0hDDuUbSitI6cza5rK6s2orlf8t+jT0HUeMnFRu0kldSa1tZbPRaq7sryto7q64vwt401DwlcxWfhi6u9Mlu7yCNplJeNyXQgFSB1Y5IA69SDyf0ZsD8T0sNFuJPF1vcPcrbykzW2IkMqq5DBSN4UEZw2GIBPAIr4S0XwjLput2yXcNpHb2l5bXG6eVeURwzDJOSxHTB6kZycCvu208daARFBJNZC2t4oyD9rXZGyxqpG0ZxjjG35flIHYH6XKo5e6dSVeskl7sYp8trWu7X969lt/mfOZlDNKc6Kox9pG93GK2d4720u1vouut9Rfhh4h8ew/EHxvLZanpsN9HbxRXFyYzsuU6DarFtuOvABHXANfQa+LPiq1shbxTp4VQxKKiggHP8AdHIAB4xjHJ68/GHw98ceG9J8d+ML3UtVsoo7qULZb5wqTgkArnO0ADHGCP4sHAA9ovPiZ4Lk4PibT0AbLRGQEpkAEDaV/me+B1zvhFlSo1X7Sk3Oc9ZSinpJOO97Pl3faz6JPLEYnOnKCVOooqnC6inbm5Y6XVtrNdd+tz1+Txb8SjCS+v2BKvGwYwqx4I5wBk/MSWXklicjHB8esfEHjW7+IniyVvEcUV5cWVsZriC2XDooUJEBtOwjA6ZGcdc5qq/xF8FOrRp4g09oSyEkSkHcODkhuhOTjnAwcZrz218eeFLLxpr1+NXsBbS20AgZZiokdQMZLckBl5A6DK9xjJxy2LoJVad/aJuUZWWiXZ2dm762bvt2vCvN1Cu5RqWdJKKnzW5rp2irtNJdradkfRU2qeOBCgTxZNHMqkCUWi5x1YkkZIBJBJIzxyOc1rnUfGr20CDxkJJTIGyLZAQ3qwCDJ45+8O2K86Hxg8IIiSNrmmwvJ94NKZVIOB1OMHAIwR7nnk2Ivi34FSKORtf0/cr53JGzgKT1Jz1ycDnuPXFdka+CVSX76DWm8mkttU731WnfXe6PMqYfOZybVKo7pXsunuaK3Xe++t9hvhtfEEvxF8ViDxFIl+unwPeXogVWuCQMoQQo2gcZGM9OuQfYbS48bWwtGsPGUsQQcyR2aHLBvmDkKdxz0HGOCcAg18s2vxh8Iab428Saiuqebb39nbx20sMDnLgAOTheVUjBBGRjqB930O0+P/g+3tIt15JKckkLBJESeTgM4Zcbh2BJGetcmHxuWUp1H7ZKSm+Zwb096Ktvp5ta6dHcK2X53VcPZxmo8kU+ZLSVoqzb7217Xe2p9By33xBlaZ7jxilwZIHjk82wB3K6MpBwDgFScg7chumcEfmJ8ctD8O/DPxPby3kFvql1rj3Go3kRiljKSu5O4ZK5Dkhwc7fdiCD9eH9pTwhAkzJBfBcjdJGpmBUk9kViQfwySOVODXzF8S/in8NvH/iQX2q28k6WkBs4Fns2Qh2weAQCcZzgLz2AwKjN8fls8JfD1IOsmuVtytduN93rdJ39bm+V4LOqWJi8SpKm1K7to3eOt1tfRPTZ211PErX4jeGXiliHh6PySSQ32h41HQYC5PCjH3v7ueKY/jP4db4obvw67yOFJaO5LFgeQoJ684xhR82QMk5PatcfCeK3eBtPXzGHyOLWQBd3Y8nA6d/devORe2XgCaBWtNBaSZCAWVGTKHkd+oyMjtgkkdT8pTx0FSm6k6ck+jd2rOLaad7Kz0fM7JaLS59Y8HWqcjfMmmnK0WtLpWso83zuraaI4HXfF/gS9CWFj4aktgu2QyTTkOpHLEE5zkfw4PXnPJr1qw/ak8aaT4Et/h/pGpXNp4VtjJjSDJGttMkoVZVuAiK0iuAMoxY4PJ4xXnupN4D0yRJJNJVThBIjFjJGpyNyggs47EDGTgjGDi2PEfww8naumKWYBSfssjEEdccgkDqOSBnB54rx61DDY5wnXw9CuoVOen7RKUVJNWavf3luklpvvY9aM6+Ei406tWHNHlnaT1TsuW9tdEm0+lrLRN8BceKlupZXGi6ShkbeSEUAlzlgBgEDJyTkk98ngrpPjGSyuxLDpelI67hv8sEcdsY/i2kZHJz8uQee5k1/4bCHfFp64AQFjayHuQBnr1OOeDwe2ayLjxR8OGjWKz00Cfcx5t5B7HK/KTkjordAcdRXpRxKhT9mlTjypJJKMVay0Wr03+au7I82WGc6kZ8zi2m2nK3M7q1ve1d+uj1s9iK58dG8iWafRNGaaL5Y2WJC20k5x7nOQAOc9scss/GV1ZxubfS7BAzEmPyzEuWHZSeo5GeMeorqND8X/DFbNV1LQ3mlUkApBJHyemSMZJGTkEA/lnp18XfCgNGE8Lzso6/uZDwTyDxyQfrx168SsUlFKUoSTStZJ2fuq++9t91Zb9uaeAr1HLlqtXWiTabb5bc127LdaX6LXU81XxdJco00+k6Y8sYKlHHL5Occ9SMkDGeM+mKrR+K7mSJ/I0vS4QZDkGNQuc9d2OD6gjBPoBXo994u+HD71tfCFyoxncIycH1HJwcnOWJznGOc1yUmt+GJY3Nv4Qv2QuwyqHqckEe/TIHOTwcjmpYtJJSmnCzu1Zpt2Xe9l+OnYxw2W4ilNtP3l1ctW/d/DRaaPSxrWfxo8SaTo6eHtOW3srFbp5x9ngORIyhWYHJOT6gD19CeJ1Lxl4l1gzPqmqTTwIVKLIGCjDhgvPQKeBjGARjAyK1rfxH4OUsk/hXUPO3MM7sFThjyDzgHknPBPSue1HxN4aaOS2Tw7exuzkqWfAwhBPO7GGAwSF5yMgjNeVbLHWlUdClKtK7lJU43bdktbejunrbvqelKOc1FTg8TUdKCSjBVGoxXu2T6X1Xnbse1+C/jl8RPC2ybRtaghjWFIVzbpIVVBkJhwx2hcH7w9cYIA998Gftt/Gbw3rdtruieILHS9XtlMS3SaRazFw6FZGcTQSKJNhIBC5zn5uBXxVp/iHSxHG8fhK/mjGEUhztIwMlefmHOcADb1A+YAX4/E+lx3aCPwndg4bIZmzuHOSOvHGcADnGOOfMzXJOHM6oTw+YZVhsVh6kLVKVfDxnCq/dbUotcsrvve63Wtl35Xjc/yzEe2w2Z1aM0lyOFdxqQ0SVtfdaWl107n3D45/by/ak8UaFc+E5/jZ4nt/D2qNPJfadYpFY28kU4YTW7NbxxuIJVZlaMNjacelfMng/4k+O/A95e3/hfxPd6de6rFNbTXVvBHLM1vKGEsTtIrkeZuJYrgktg/McHzm88aWUA3N4Umf5H+dyQq5BAOMkY5xgep6gZpLP4hRQRxqvgtrhlH+syyg5BIJAGD04AOOM4Cgg+blXCPBWU4arg8v4fy7BYbEXlWoYbBU6VOpJJK9SMYcs9FtLW3yv61fO+K8TV9vXzzG1Jx+GUsTVc43te0nP3b3eis7JdbI6nWvGviLU2tzeay9w8crzBpYF8zz3Yks3ygg7jn688Z4rv4i1xoGQ6pGitE/mlYlzLkFgCQM5z8306k4ycaX4h3OzfB4HtyDztddwLjB5JUnvnIwe3QUD4ka4YW8vwTpyt5bOu6MDByc5BXJ9MHnHHQjPuYTB4HDUv9kwlOhBWUYQo8kYpculoxtZW0fTTfRHjYqOOxsnPHYurXn0lVryqO+jesubVvS19E93o3mWmp6+VCPqNwUeRmiVYnZkx0CsFJA5/lkcU97vVk84m51GXJBwglyGyD8pI5AGGI6Nj5iByb8XxR8QotsYvBumHcOAsaHBxljjacZPPsQASMEl8/wASfHClfI8LWCK+QQbdCVwQBkFc9Dn174J4r1KWLjDbnTTa+B2tZX2V9e7dnbRNnB/YtOafNNWaTsrPXR38723T07IoR/2pcRlnGpzFOf8AVyDOSvouOehHI+vGciWy1u7vJHSz1IwoQmSGVNo4+ZgAMBgCctnHOcc10E3xB+IEsgWPQbCJQoEpWAqASRyTggkdWIHUY45rEi+JPxAN7cQQWVhHsJEiNFncQBtJLDLNnGAB0AyeK6P7QcZJqMmkk9U1zNWsru7SSvpd67a78zyKhK8XKN2ktOr0tfR7buz/AODYXS9eYEmylVArbW3sMYIGDkgDBGNo4BPruBvpp2vyxRxraSsCoUkyPj7zd1HHKnJ2jtyOlbeh+JPi/rcEn2bSdPW3XAMktqI0IPAYOwA7Y4yOTwMV2sUfxZtvJWN9HWSQA7EjikOSCTkY3Aex6D689VLOqsEpKhJpqPNvd6rb3dVs9U9N9jN8L4WUb/WUnLV7JrZqKW783ZPTVJux5VeeH9ZKoRbuu1iu0u7HI24GwHJZiBxjB56c16x8Gfh7qfjfWbnwvqGpDw7bzabf3hvruIoCLKJpDFGXIyz9AAWySMcHNVtUf4s2lul3c3ejLE0pVlW3jYqf4iygZAHO3kdSO1bHg+1+KN48Wr6e1hqr38t3pFlKCIBFLIhWbywuBnbjHBJAGc4rLHZrWr02qdOVGbVr20t7qtola/ZXs7l4TIcLQrKftoVVF2cd7q0UuZq11pqklpv3PnbW7Oey1W/Ecj3hgnvLNJYZDhhbytGJcqM/Mq7vXB64r1Pw14C8Zah4OTxLBqUjWlwWtxbzFrgxqn3gykEqhBZTjGMbucjHl/iubUPDniK60nUbA21+TKl2sTblEzOQ8mADuLMSwxgDPuc/Vnwg+Jngqw8AP4b1HW1sdYgM6izvk2wS+cAFZXYc5IHHHABOM115VmE6EouteV0le6tG7gm5Xvfrp0OXG4CliJypQlyJWs4pLZxXLzb6x1a3SRhaRJ4r8LaRZE6Da6xp8G955YsI68ZYFwCSRnG0EjoONoI63wJ4k0HTdRv9f8R+FdZsIJ5YZYZbKJriNFHDEoB84UAHGO+3C4Ir6Rj0bRtR+H1tcaXcaXqUn2PzblLO6hYo0pGd8asGAdcjkAgpt4AFNtm0fS9CFnFbLLLLMlrJFJCHiWOVVxhirDAJOSD0554Fe/PN8NKSSqSTjpZrRu0bWUWk/KysnofOVsixtKtKUIU6kHa15NXvZWSjdyWlktVq77q/h8niX4a31/qV0+sRr/aIm+wWeo2wtZElcYU7pUwVJIBQZ5x64r5N+KItTrGmx2UlndK8cm6S0dWhwWI2gj5V2jGcjG7Prx+hHxi+Ffhu+0vSNUFnpcTxMkBWKJY3WSWJcNIqYJwTwR1PB5yo+D/jF8O4PAkWiz2d67z6nHK81uv7wQklihjLbsIVIDDPBHPYVx18TGovYqpCSk+bRpOV1FvTX3tNm78rfS534bB1aMo1JUKkeSMeeXJHlTaj8LXLe7fLs328vJ9KtZZvEelWFrGxml1OzihjQF/MeSRVSNNuDuZzwARyeCM1+olt8EPitPp0NrH8PdRaa+gVlkdCZkEkChZiGXPlsoDd0AJbpkj8wvDN8NO17wxqM+9ZtP17Try4ldtjIIbhZC+ADnjB2gdcAYwcf0R6J+1r8EYdBsbvVviHcQaimlwWsrwwSMUP2MIUWLktIrZAxyCv3a+VzvF47A8rwmB+txndzfK2qfwJKyWjtbX5Lc+8yPLsvzGhVWPxLwqpJSpq6jzr3bprS7S3Wt+tmj4k0b9jz4tX1tHatpaJeXIncRS38KNaoSwVpFG8pk4GCM/wkZINbem/sV/GTTbT7DHYrKZpXjuXF/EsahgQTExA5IK9PXjg4MvwI/ak8CeDvjP4k1jxh4s8SX/hWUahDYXd2bieK5864lkg/wBH3nytiPxxuXBI4wT91zft4/s0yRRLH4jv0xkl1sJuCDw2O+4Y55OQTnivgM84m4qwleEMuyhV4KlCXN7KrLllJLmhzJqN1bl+dm9mv0Lh3g3gXH4aU8zzuOEqqo4xjKvSjzRTjquZ395aPVre10z8pfEH7B3xvtLmZbfSbUKbzzbaSW8ibzcMzMGbHD4BI55LZ4DDPz346+Gfiu71ZdJGnS3WtadcGyntY2Urvs42EzK5BXapBAwD36Amv2/1H9uH4B6jPptjp2rajqLXM3lLGdPm+/IdinJ3EEk4ByDyeQRX5ifH7QPG2u64PFXhGG50rRZdfvTaX0M3k3Fw1xvZUaMfPI+GA2YDcEY4xXVkXFOfxw+KqZzgo4Lm5IUfawlSg5SSkopylq0trWvpa10jDibgrheNbB0shxs8zjF/v4UZxqyjH3bNcmi8+jsveWh8aX+krovh+7l1PTI7bUTe/ZLdZXjHyxOEkyNxKkkE4PB9eCawtJuIIQ7G4WF/M3eWSDtAU5UdlUN1x1wpPTFfRJ8BWJ+E+rX/AIy8D+LLrxbLqVxJZaxOZYrWJoHZzLLE2MLIFO3BwxI/H5s0QQR3CXOp2k9rZy3aQTxz27x3CWu75mTdgBtu7JKjbg4Hevqch4i+v0685zjUnSqSi3Sk+XaD0cXdJ3atd/fY+M4j4WWAr4SEYulTq0Y1IqonCok2l76cYtNNPbmTTb6M5vUtXhup7iBUkwksjFkc/M20gEgcFeD0zwQB1FReHJpodU01oVLSy3ttboCGf5ZJ0UBgT0OSMEjg+3Hu58O/C/7FqF/FDOrzyOLOcuzZRAQ4ZeQjEjgkDgg9jXK+HU8KxeLfDg03KW0mradDcQzP5jSbryJQy9gGAOCB+JPB9B5i6kZp0K6k4yS54OMHdxjG0r8zvy3d1ez13uebTy2FCrQar4edpU23CUW0lKLTbVkvhv366n9BHww/aL+OPg74KP8ABKfwloet+HPEOk2mlxa1dwebcWGlXwjleCANuQeSvQ4B6gkciui8Ma18RvBWn6VpCReEdZ8L6frMeow6DLb24E8bKJCtzIiqXbdghTnGDnHIH57fGD9pvx58KfGZ8KeHLDS73RbTSdMuLNntZZWQvbKSrMA3I7AnPzHpkE+Qn9tn4sTxXEsmmaTH8+0/6BKBGTjaoIAxjPTGFxjrmv5uxngrhsXiMxrYXh/CYelm+YTzLFunUnBYjFTvF1mlJONRpyWjjFpu/U/qDBeMeT5dQwlGvj69TEYPB0cEnKnCUoQpQpJQjKS96KcFfm7XvpY++PG3hf4i+JvFvjPxT4e1TSvCq+Mb2KPVdDsJnS1TS12o1uiLIECuq4Zdo9um6vF/Gn7L6+KdStX1LVrW0igs/JtVsEwV3BtyyF2cMGOTwRycn0Hy/wD8Nj/F9FNxFYaINzBDI9lO2X65J6BgMdh7DIrR0r9r349at9pa2tdCVrckKV0qQ4KHAUFlOTzwO3POBz9lkvA+d8PrDywGX4WhOnCFKnUpOKnGlGMUoOVm5JRikm2+m9rnx2c+IHCOeqvSxmIxc4VajrSg25U3UclNyjFS928neytvoe2eHP2LdMt5ww1/WLmIeaGijiKKhbLZUgEEYxyCTgZbnFem2P7Gfh2Wwa3ur/ULiLzRI8VzIkTOOQoAYFgM4IJHXB6EV8uar+2P8cfCVlp+pajq/h6BtVmlgt7WOxKyIVwGaQFSBxjqCFII4IGecu/22Pjpfn/QvEGjKzsFHlWYZsYJzgA9MDGMjCsOeRX2sIcX8jp+9TsrNOdOHNdQ1TWt9dl2+/4WrmPAUGprDqaltenJtNcl3a+j6WvbpfXT68sP2Hfh/b3KTf2VdeYzM5drn5CM5OCe3fHPBx1yB09t+xl4KW3uWSKK3illUGGRZXJwTySDhgTuHpuweOp+C9R/a7/abuPKjh8WWyxgfei09FRTjocRbh07HGeo61zGo/tk/tL2AiNx46g2M58tUsUOHBwAcx43L6EnucYzUrLOKd3Wna63rtq/uvlTS2W7/pIec8D6OGBi76a0Urv3Uuq0tbWz7Pa6/RWx/Yz8A2c16o0qFlklWR5mjlzk5y0fzcA54A4IyT90V6fb/sveB7S3htLTSoy5VSxaORo3yACxG8bSMc7jyOrAcj8kb79sH9pK6dUHxEkRnhSRmhtYVAAO/jMWAcfzAI6V6po/xZ/ai1aw07VE+MF9DFfBdii3hO1WOMMwj2q3GAOuRwSMA9UMr4mnG0sRbZP99JJNuKaaWj0f9538rXw/t/g6E+Wnlz5t7+xh05b6333SdulrtH6PXX7JvhqC70+a2sdMzCWnMQhbfI3LFGIbdnuCc8+v3q73Sv2cvDBszfz6TahoyYVt8Pu2scNjMgJOcDHbOOflr8jIvjj+0HeaxPpkvxb1yWazu/s0ksUcPzM2ANuEUng8D14weM+oaZqn7RWq2Gq3cfxW8UmHTIHuZAGjTdsG9ioCDBCgEjrxkmuijkvErVo4qSUbae3m0rJNtWdlZJ9r7d2cmI4j4T53/wAJ8VPS6dCldr3VdKz2tfurW3P0FuP2YfBJvGng0LTIYvOLSmZCHZ3HJbMgAIyQW6H7uaoXHwD8HWE/kpoWmyRlTulxyi7u2ZSePmwwAG0E8nAr8z9E+I/xV8T3d9Yy/FfxVBLbK8zSGZVaQIpGcbQ27cCPmJGV6EVi+JfFXxMs/Idfij4tuBOoQst5GrKWkCFSowWIOWwBkLkkgcDvWTcQqnGbxbUVZSl7abbs1ePLtp+bb31OaXEPDTqKnHLoylJqz9lTSTdrK6Vlpo156WufqF4cuvEf7PPxA8P/ABJ+Gt5e+HNRsvEegWCX+ih/tWow3F9Cj6PMiMzPDdqTCVK8Bjwua/tRuLu51bw/4S1u7ikgvNa8J6Dqt3byjbNDdX2nxTyxyKBwySOVIIBByMADB/ks/wCCNPw2svi5+1Fo8XxCXUPHeg+BfDsXiibT9fk+1adJq8fz2N1cwY2NLa3IWWPcNu9R8pwRX9dXim5NzduzhFGwBI0ACQxJxHEgAwqIAoVQuO2BjA/G+L6klmM6Vezr01HnqWvJppNKUrXvHlsk3o22rLU/W+FuSpg6degvZ4apdwpW0hrFvZ2TdraaX2ucaqAEfKOTuGRweCAfUemQeQWAxXZ23y6cp5HyZHXGB9MHnnPfHUdTXEeb86r97k/xY4GcH0GAR34xknBrsrZw1hHyeI8v1ODngnJx0IBP4e5+QhKDbbbtZpJvV6RvbqlpbZaWetml9RUjaK1u3K9rp2bceu/ZJNXsrmFKoY8KeGIxnr1yOMgZOMZGPTHeu+AARznrtBOMlsAnA5PAHHpkg8Gw5LMQhzvckepJJ5yxIOR0554HOMs3yhgEqFxkYIGQwIycH727AG4cDntxUyqJJLpJxS30ba116a/07mlNSlut116u0b7u6V21p2srlJwCDwWIwD7hmDbSfl2+vTsM96QROSDs+Xd8o4OR6EccfMQMkHIBPOau+S6kBSPmYnCjJAGfl4HryMdsdiaVgFXIIzjI5JKnP3iRjDEjjrgelJ15cyS5fvW99E01o+6e23mbQotuMnvdPe0b2jF3bffzSe3kRrEU3KyZY4wwzhTkn5R245KtzkjI3Zw9gqjAByDgsc4U9RnggnpggZIPpQJPuglvRyVPI7Hd0HUHPJ5x34e0qk7Vz8xUFsjH8WQMc8cZIPHp2EKrNvVxlbXTS2set15pLV7vW1i5QkndJN31tv0307d9radCH5cA56fMr8ZJ6nPAwcemBkfdz0YJU3NuC85wQwGCOe2MHgE/5FNdSTknOeAoByoA74I6DGWIJH6CExuCvIKk5Ycjpg5JGcA5yM8NzgckDSM2lrJq6bvGX3a7t92t2r9kT7P2jvytWsm7W6LaztZJtaLfVba2GmB4AwCx4bvwDkHAGOmeuB0wRS/aMEj5jnAB52gYwOSDkD8zyM7elfZ1BAAXkdPwI9cEnAPv0JFIVOGGPmPygnkA8dBzkcDp/XlOrfq1t+mu79dnqNUYrfut/SO716tXfdLpdlhbggnkDnc23nOOmNuc8ZIzjsDjBpRNnPBG08DIyG5GefUYJxzjCjB4qJExjkNnr1Pyg/dyexHO7qMZBGaXAySM45PqT7DOeQwzx14zwAA1Uv8AafWyX2trW/4L7sHSWys3q2lf3bNadHttrZ32ZIZdwGSxBJB6ZHRio4Py4wCTkZA75qNssBnIAB2jBxj+9xxwQfp6+pg4yQCwzwT0JPBPfOQOMZyT/FzSbgmVZtuMcj168HOck9vwAJrRVF3vp89EtX632ZLprR6pact203tu9Hdu607rzTjPmADBBxjnoORk8YLZPb0/u9CYwWOM54B5HOMAjnHHA57nPOeTVkkcfN+HTGPQdDk9N2AO2ajIIzywBIOQR6c8464HXPBHHWrVRuy03vay7666Nvr6K3ouRdL6u7d3olZPZrVtLyuk7aFb5uVGcrjGBjPrkkfmcfxHOOTUqrwFwML0ycYGemAep7Dn/FQhJyDjGSN2cE8Dv16j1BPbgVNFbliAeOnJ5AzwRkADgDng4HJ5rpp3bcnLe13ro1ZddNVba6XW2hjKKSabavayf4adbJa+a0s2kRLtGBtbPPAPXn0wc56ep6DGaXZvO48qGDLjdncBgcd2OMHk8Ag4OTV1LYDkHJLEYXv1OOuCWIyehxlh2q2kSAdQvViCAW+U4C8jpz8358rgDqjG9rW27300vtr+V/I4Ktb2cna2m6d762u73S2S/G9tDMSFiMY4K7e/Bycgc5OOhznA4Azgh62YLcltvIxgjn3YZIGR09cfMK1xEpG0jBHzD2yMjnHQDBGec/7xxLHEoXqSQc8Y4Unr+HAxt6ZOODW8YSsk0tUn62trtdd+r2XmvOnipJp630km3d/jfe3TyZjCwJ6gg5bHGBg7sc5Ix0KnOTjkDoJVsskAjJxwCu1RzxubGOc8Z65PXnG+IlP3j83XvkHqO/Pr0PTB64AYFI+8uMnBzn5l4HJ54K5BGevPci1B6XWm9lu3ft36/rfQzljG9G2krWWulrOyd+qtot1psYy2nBUkHkAKQMjJJIz/AAnjp7cDmpPsbAcfMQQBhSeeDkHA7ZPI6DqDydXy9oGWAPXPHPTr2wOpPY4xnBLPCAdDkDkENjGR39Bg8Yz1YndwBpyWtbR6J9k7ReiStF6rXWOmtjL6w5Wd7rRPom/dt97S7/K5nLa8AZOMg7sZ3BQcZHZQOjDIPqOtSCEnAJzjJOQM5OAOOxH8PTILZJzmrzAtgnBG0jOQDkZznHGD6KOACD05YeQcEc8DoQuDggE5BB7HkAevdxukrJXt5PXRffpp6eevJOXPJO71s0r2tez6O6tda9OmiZV8sgjaW6dSAVznPBHBJxzn2xhjTgijkc9hgHnncpzzgjoQMZ6E9BUn3wcLxuPAOMEHA69BgAYOe+cd5QApwwHQnhuhOMdepPHPIPTtk9EFJRV97pq21tLX25rtaK6vbzMJOOlvm3u27b3euuvTV7bFcxtwRjoMkkZxk54HGODluw6DNKkZIUZ243cEde+GJPGDkAZH1xU2BkY5LErwDnI6gg46YHXkZXON1IQCcgkEsMk5boBx8uF5HUkAKTgjJOGpOKtZys+qu76L5WS8vvIsr77+nbp3dl1/BXImJUANjaMDpznqDkfKO+eMjgH72Qhbqo9BgDqWOT94D1wO4IyemcTkqQcAHqcEk4A7NnHfqeMdMCoyAocnGRg5yQDkHI74yOp7cnng1Eql3Zre3krPlWt+vaLV7rW10ZubT8lZ37pq+t9uvXovNOBipyMYGAScjgf3iew7nHT5mGScs1gCR2wD1OOBgADuASMKCOoPBzipGwcjhtu0AAKuM9OvTjqOevU/xRnBY4xyQuc5wD345Oc4bgYAx05q+aMl8VraadX7m2utkn0t2Uraw3fePo+Z/acXrdXVt9mktvhFDsCpGSQdx4AwcHAbr3HHHJAx7ruA4ye7A8YHGTk9Mkg+30GKNw2hmGBjlcZ6Dp25yO/A5HHGGEqOOjMGxjPQ56tnI3eo5PpjNSn08tF2Vl5L8b9fRRu1p7umi100u76Wtra2ou45BHIAP88Y3HPfb2zj68BBzjJ2ZwQBnBOSDgEHAyBxwOowSTTlx0AABAyNxOTnOcAg5B59hkdBkKo2kDIyQ2QOnORkk/dx6cDt9GJqV910vbVPVcr3Vpb3uldK29rIvIGMkEEc5AOCRjAx1wf55JHCBeCwzlckAEsSd3BHJz0GOpxnIGDifaBg4G0Adf73BAxnqRnp0GeO9OHBy+Co+Zh0xydoJ56KevBznjgUJa3t9+3Tfp2u39405K9rrXtrJab30773bu9tYkHzkKSSNqjGPfAboeThjzjd2PIFS7zzzwQORwBnqQfQjIyTxwSOxd8nUL8uTjuTuORgE+n5j8csI3FsYB6LnP1PHbOORgkdsUdtOv3+RaioxsnHTZeqj8Vr29PS1yQMSXO7BKjBPJGBwST74Prk5zkHIm7DAFX4XkkZ3e3fJ54HH8xFg7cAjgZ4z2YEMAcZA5zk8HgDAGXLgtknkgYHTkDJHfOOcc9BkDqabs93Z+737JLqtHrvoursT8Orelldttu+iS7W6aNK+29yUDh9y8naDjAPQZCr3PXHsDxUDsxJGDnaAMkgkDg4PoPUegAxVgsMcqDjJyWyT7jpwOO59QRk01mHPY7SpPYlgOVx0IAPA79T1qFo0ulkr7LZWsrfgtPXpClq77pqya1tp71lq7SV3tZbPq6x6lSDjpu5xjHJJwOR7YPtkikIXaOMHBz6k9uAM569+fTNSMwAA29wvBByefmIbIP4e3HSm7c7uQcqCMMF2AZ6E+5zyTjgDrwXS3WzVlp1tq272va66Pd6vW4vTS99Lt2V9vPSzXSyepAcDk8EcAjg5x6Y6j2Ht/FmkyCWHJUjgZGPcD1Gep75HPAqXYpwxz/e7jd9MnAx37AkH6NZRnAIyB0IBGSwPHXI68Dr1yTkhqzej382/wDPfy/I6KdWSXfW9mtH8O9usXZrt3s2NBADAZxxjnoOAM8cgnofyOM04cfMMFt393OemD2xz079ewxQBgHHUAcHHyk5HsOOCBzzkZPGFQksSAQqkEjG7I6YPqGByOfl4JGTgDdk3t913sr329E+3nY29o5LRXls2raK8VftfV76J8qStovnT9tT/kzf4/naSR4SucfXY2c55AGGODnHXA4J/gT+PLxTaZ4chkRSDbncx+R2OwjgHHzHOcjJ5zgCv78v20grfsg/H1ABg+D7pl3HGGKkDPHU5H127cnNfweftKeEZNHt/h88yhDqdm9zIpcYx5asNqjnbjJHQ44wuMn6fhKtGOJnByV5TcUmtE1T5tPl6X11Wh8fxZSnUpRcVdRir9bXqRWy3fl29bn33/wTO+F/gfUP2c/jLq+q6Zoer+IF8WaRKBq9tDeXMNvBcI9rBaMVMsAaRsyOCuQADyMn+hnwxAnhnS/BmmSG3nvriNJPLtYgPLW40yEwwqVG9Y4gVULnsTgdR/M3/wAE0Pi34P8Ahu/izwT4ou5Eu/iFreiXVlIzLLaQWOmXzS6jI1u2WJ+zhfm2jggDoBX9DHjr4l+JNevbK4+Efg6KbT9A0R9Zj17VGNvFcxC3WCBEgdVdw7orJhsklSAw6fzp4wUsfLivFOq5xwsqyq0JVJctH2U6NGL5G7RdpxknGKbctz9v8L3g1w3hHTjCNZU/Z4jkSc3UjUlKPPonzNSXxN2TTSaZ9t+ECI/DXhoXeERbi8JLYVRuuGI3kkgDdwSTjg9cGv4xf+Cq1lqEn7d3xsvdOsru6s477R3mu7a1kntkJ063GPORWiLFuMZOMHPQk/1Y+HPD3jnxJ4M0Zviv4ol0DSGt7O8Wx0Qixhmlu51mMdzdNhnQl9pETAlQV4HX8Pf+Cr/xy8AeBPi/4k+H3w20q01jWr/w3pFn4kuhZ281vZzrBH5Uy3EkbTTXjxFXeUyHHTOMYz8GMXXwfFlaGEpSxTrYKpTkoXhCnFVKXNUnJx1UbKySs72u7k+KmFo1+H6Lr1FQ9niqdVTd3OT9nJKEY3S95tO72Sd09z8cdJvNTPhS1TTbeQyRmTiaKRSGckNgrjPOMjoAMZwOaGltr0vxB8EySzJFIniXw2sn2eVeQb+AbpMnIHJySBhcrwOnY/Cu513ULa8RriGzto0urhXu0V1lkYNuhiGDtZskZwwXn0rj7rR77TviDoN6xuJYrvW9IlRgdp8v7ZGGCKpGSh6EEYGDkDFf0/mU26GYQfL7SeGqyko3ulKm+rSTeqttt00PwPLpJYjAySbisRQim77wnDXVLS69bXdmz+5TX/Evw++Fnww8Ja54r1ezidtJ8K3V25n+13ccbWNt+9itIgzSIrYDYGRzuAJr1fwF8T9f8eeB9I174V+GpJtNu9ZnW01vxEf7LtJolm2vOljLiaWEgEgjGV5XqMeM+HPh/wCHrj4Y22p3lnYfZb/4T6PFLPquzULiKVNKibMUd15nkyb/AJw6qpB6HoK+mvhda2Wh/CbwTa2QlexsrWGfKJiNkC+ZI+FG1QQTnpnHXkCv81sX9VqrGSpQnUrUswqQ95+6lGVnJKOsm3du8rd1oz+650qkaGGi5RaqUKTW6fvU4yfuppN2b379tT+Nv/goJp+u3n7SHxqvNZurWLVoPEDnUV09DHYSP5EjD7Pyw2heACfmzkA9a/NOzKS3c3mSvkW6n5MkuT9AxBGD0xzwDngfpt+3b4x8M+M/jh8brnTtbhs0vfFN3bRWskLR3QubAvDcNuPIiGxguMgk8/eyPzesBpun2d3fWc8l20MyI0s8RMfykAgDBOC3TByePWv9CeBIz/1WydVIPneW4LRKUYX9hSSUVZJK2vbZXP4z4sjCOfZioyTX1uu0rqX/AC9/yV7X/EzLu3C2VvOq3JWS5l3ARSbmBcjpjkEck9eu7so5bWkAktWWKSFEuLZm8xGBALrk7Scg/e5579+vf2Uni7xXNeQ6JaXuorpkbX06WVr5qWlpuw00iojeXCpI+d+OAc+nB+Kra7tp7c3zOszyQsiM4CugcBip43MvIIIySCPcfS89N1FT51zJxTgpJNXaab1bt206NX3v4MqdR0ozVOfI2kqnLaPu8qlyyTsmm77rdatWt9jaX8Q4NIj0K5sLm4Nxposj5UKFCzhApVXOcg5OcDPXIPIqv4y19brU5dbns52nur2OdndiXxLyqHOAMbewwQcZYHA8y+zvAvh144WUTLYsweMx5DqDnJAOG77h275Ndh4+aRcxbAqJHBJweRhCcsBnAzjvgkHvxXZTwWH54VVBL3HH2i1u9JJaq1tE+m921ZmUsZiIUZQc5cvNFpNXV/d1Vm3pZ7dUr91+yX/BIT4heFvDnxe8WW98bqbxH4o8OzRaFo9pEXOoSQsgeBHVWAYAHJAwMZI5xX9EHxp1zxfL8HfiR5Wj2Xh6wHw51ye6F3ILu7KrYuCkargI/UEMpPy89K/lx/4JR+GVm/aj+El+bsrcS6Xrd4sUe7zAFK4Jz1RQSCTkEnJ5ya/q4/aDjCfBD4rMqF5U+HPiHMrozMFFlKDjuM84z3yMDAx/EHi9go4XxNw1ajCMqmIWBnVdnLlSrRpxi0rrVRu09bv1R/UHAeNWI4EhDEU4t0HiIw521pZSUt0m023zauyWmuv+cHrer3Np4s1a7t5/JY6lqHlzBSTlr64O4k8ZLDI9G27scVQ8S+LfEt3p0sbazK6s6xmQgbFBHIGME/KdoAIwT681z/im9mGrantIAGq3v8Jx/wAf9xxuxkdAMHr0PJrD1m6iGgSsLgl3uVAiQhsgdsZxuzwMc8DsOP7ZybA0XgKEpUqc5LD0p80krpqEHftdWstdL9j+YcxxlWWLxKhKaUq1RtKXKt3+Lsle2990elfCAylLl7iZmka4ADZJBG44PUj1Oc449MCrX7SE7DQbFUYKBpepHPAOPKA47tzwAD2JxjkZfwbnA0+YgMGS55Zm4xx2OMdSD0OTg9MA/aZMqaLY4LYXSLuZmA4K3CqFBOADkjpye2MnFZ5jCMamFS2ck07baLpay17LW19y8pcn7eUk3JU3u25WbSXTdJ9O9up+aE0v7ssDyXOcgcsTyM4AzxnPfA980Flwd+TnoT909e5PGCeCSMYHXvTpiscZLnGZORxgknqM+vOcAd8VWRyQQwycAAcdycBucn3x69etdtOS5I3eq0u03ayV0tPPf8OhzTTUtW1q3quqaenS6TvtfprdIumcL5QIUBs55DfiAOASD1HoQMmvoj4MsrQ60oGGLQ4JIC/eGNxzxyeBknOSOa+b1AkkgXChjwffLYAIA45Hr82MEcV9ZfAvwVr99bateskdhpLPG0uqXh+z28cUZBdkZ8BsjJIBOSeMjmuTE1adODU299H32dlrd/l5JaG0I1KqcIK7jb7tNW9lfVW36WSd16H4kia4xBDHJczPFHBFbwoXkd3G1flUZweABjpkcCu98IfA+5SBfEPj/ULbwX4eht1lY3s8UV5coELYhjYhzkZAXBywxz3ytW+MHg7wPdJpvgSwTxb4n+WCXWrqJX062nKhQYw24ylH5DIQBgcZ6+U+Mb/xd4v1XT77xrrt3qbXWAlhFI62VqhI/cpbq4QqowoyBwozgV58JYrEuVOj+6p6L2kvjaTV2k9F7t172l76WOpQwuEiqlWSq1Fblpr4VK0X7z+9Wbey6rT6lj+OPgn4f28dl8EvBL+KNdikYP4m1O28y2EsYyZlR1JcAjcpRgOOSpFeD+IPiL8WPjNql1/wnfie/wD7NN0FOkWjPZ6dbsDzEI4ypYYwpL7hjA4FfQHws8MaZbQW9vawRpG9u0cg2KTjyyT1Gckt95fvADHGK8rTQ2tte12OAFIU1FmXGVQN55YkA5yAcDaMYx0yK0wWCwrrSVWHtKsF/EqS55W0uk2nZp9IpL814ePzzFqElSapUm+VQp6KVuVatLVa6eUttdLHhHwxYaHdxWMFlbxxmZGaQqC7kDBJc5JJbv3zywGFHoes2Ed7LYKsKF4bloy7Yy67iMAdypwcAZ464II0PD/gvxHrWsW6abptxdCZY2D+WyW+NvJZ24GTnBHXGQR1HuMvw68JeE7e21T4keM7DRkS48waXZypc6oPLAPlrDGWbJYDqMgsSa7cbm+XZdTSqVIufMuWnT96bs4tLlTb93q3bzZxZbkmc53iOalSqRpt3dWonGCu4vm5pb6Xv0102bfkHhzwrMftklvH56RuSI1UsQ67iF2gffU/MCehAxg5r1zT/hl4z8T6BdR2eh3CW1xA6i9v3WzsxIuMyTTTbQkUagncdzYBJyOK9A8F+JPFGuzQ6R+zp8EtU8T3eoXZiHirXbGVdM+b5RPvljEcakYdt3CnB74r6K039hP9oX4jWN5qfx6+LX/CJ6NZOZY/CPhNmRow/L2glsyiHIzGS4bnAYk1+X8R8dUIp0pVMPhuZONqklUrNWjblo0+aSbTbak4q689P2HhvwvxjdOpUVWu4uLapRcIRkuWTvUmkmkm78t23umrI/St/wDgq/8ABb9mn9nz4RfCjQ9Sk+IfxA8N+ANL0a/0bwwxezstUt7URvbyalGskTFJV2kKoP3uQDg/DXij9sP/AIKMftWNJZfDbR5vhP4NvyCdW2SWM/2JyRvN5c5E77eSYQhZuAAcEfQPwk/Za/Zh+DOl2euWnh3TJNUtrTdc+I/GcsE87XKj55nS4YwqpIZslNw+8CTjPLfFP9v79mL4P21zpGo+OdM1+9tfMEejeDUjvkjwSY4Va0IhhJYBcuqgdFwMCvwOjkmW18bWxOW8P1M0xletOr9axVJzgqk5KTaopShFKTuuad+6utf6Do08PlmEo08yzjD5ZQpU4RdKnViq7UYxXKpP322k1aPyu1p41pv/AAT81LW9DvvEfx2+MfjLxzrF5JHNcWWl3VwsAkZ0aW2mkleUuztlR5e08c+tfTngj4HfBT4QaZbXnhrwP4c0GWG1jkl1nW1gutTuvKXPmTT3ZkMMgALFl24YZ4bOfyT+MH/BZ/xZqdpd6L8IPh7aeHtPAZItZ8SyJdXUmMr9oWKJU2yDgjcrMDgZPJr8mPix+11+0F8Wbq5m8WfErxDcWhMhXTtNuJLKzUMSTEotzE2MDC54GG46Gvu8u4I4pzOEVjcVTyrDO3Nh6VoLlajZezpKK0Wiu1o7tnyeY+IfB+UTmsvwtTNcTHlUcRVfNByum251NfO0U112SP6bvi7+2f8AAL4eWsz+JPiVpEl9bh1TSdAljvZ1MYOyI21ux2kDjBBAz+Nflz8Tv+CtkJub20+GPgx3jmjkh/tnxJOPKc7SEkjs1CSKvOVGWGPvA5IP4XXWq3k07XE08ss7Md81w7zTMeckySlmJOSeCCMjAU5zlyNc30ipCs1xMX+WMKzs5JwBtVc5zwMYBI7nNfc5V4b5HgOWriufHVVb360uWLaad+WOrs078za1ufn2b+K2fY9Sp4P2WAoJ2jDDxvUS0sudLRrry27X3PtH4hftx/Hjx0strqvxD1O205mmZNK0KRrGzjRz91WhKSYwwAG/IwRk4wPlnUvHWq6s5mvbq6u52YsZ725nu5WZzywM8jNuPJJzkk9ugr6Z8PfFmtTi3g0u5V2AIR0aJtjA5YqQSFHTOeT2BIz9GeDv2U9dv47O61m5ht4pgHMe7Y0acZLsWB42jgcgsTjnn7Wlhcty+C9lRoUIpJLkpwjezSWiTlJv01T3PhquPzfNJP2tfEYicndynUk4prls0m1p+WqezPmVdRvr3iMzysQMooIQNkYBCn5jwDzwc85612Wk+BfFOsRpcrYyxxcsZ5gUQp3CBj8xx2ySfTvX354b+B/wy8OLm/hN7dQAfKB8ryrg5JBAyDxgZyMZHWtnxBFpSW9ra6Tp6W0K3IRFIAJBUgJjA3Ank56nHB71DF0q1enTowm4tpc3LZJO1tJJNuztd6W3OWthJ4ei6uIrUlO14wjJSk17q1V97O612ezR8j6T8I4dMu7K61yObULG4s0vGihAUglj+62ntuBBI/i7c5r6h8K3Xw78OWVuun+AknvvlJu7iFC6sOQx3gglTzwvYduTCumTSpoUk6SbXtZYiwHy4Sdyq9wQpODknH4EDvbbQoTCke1FaUEYA8wkkkfKACQRyO5PPIxXozwicGpVOWKstZpXWjtaz6O2l9W07nkSxSk1yRc3dJcqla90kmr8rvtfdPs7M1bbx7qV5p95Y2Gk21rDIrRsZEjDMrDbhBGFXA6nOS3BGOaxtH8NGz8ReG7xIzbzNZ3zOx4G/YzZ598gKCMg+nX0Hwj8Pdc1iV4NH0W/vise1TFbOIi/HLsw7E/McbcgHBxmvpDRvgBrs+t+GLfxBqOkeF4Y9Jurm6n1S+gtvIiKH51WRg0jAZzgEDkN6187i8VleAbhOspvXnjFuV0rX5rWbvt/i87nrYDK83x9pUcNO0krTlDkS1VnGTtpfdvRv1bPnrxR4p1LUotI01pLh5bcJGXdiqHacAAbhlGUZJLYwcc81j6i2pO9vHIrkmaPaqBplLEKNsaqzY7d+vHUmvqrW/Dn7KPw5u45PiB8Y7PXpoZBcSab4aA1F3dQGMYELMUyRtI6Zzx1x5Z4q/bX+CXhNjYfB74K6p4ju0l22uq+IYStq7AELL5E0e/acbiASp5GCQM+BDOsLOp7PL8HUqOXuqUoqnDVpt81Rx0btZpN6aK9z6JcIV6NN1szx9GjG6lyqbqTdlF2cYPR9N+iv2MTwv8ADX4ha/qKyWPhnUp1dVEUpilhiG4qN8kjgIIxkNnIPIwRmvpnVvhPZ+FNJ8Mah8S/H/hbwbb6bdR3VxDPd25ugYyrHD+Yf3hUMFXBIOSDgnH57eJP2l/2rPifNcWul6vbeANJuCQuneHrdLZvJdtqx/d8zKjaOCcjnIyQOD1z4GeLNQ02PWviB4q13Xria4iMq6hf3U0aLKQ+5Y5JWQEEkEBRgjjHFFXLcwx1VOtiaeDhJ+7CnFTqNe7pzOybadm0rX21Lp4nIcppylSoVMdUio8sqsuSHMmrWitXfrpfa5+iXjX9r39lXwNcsNCs9T+KniONtsM0NvKsIkT5RsuDuhkXcAwVuNp59vHtS/4KAfH3xAj2Hwy+Hmh+CNPlLJHqF7bB9QjjDHEpk+VSwyCDgg85UHrxvh74T+EdF8EaVeWGl2kNyPOBupolaSVkZgC3ByCRjjGDjioLO2iWR9sZkTaWyqgInyk7VwOxyAD97GfSs3lGXUJONWFTFTje9StNyV9LWh7sUnZW0s7dDRcR4mrFSw8aWFhPpSglJXS0ctW7LV9W9SNm+PXxfuZZviN8XteezlQF7DTLmSzizJgLGotTGuwZ24fcpyc89f6p/wBi/wDZK/Zd+D/wo+GOsy/DjRfFXxD1Cw0i61TxH4riOqapJe6kEnVylyZIjEp4jDR5OBkngD+cL4a6WdQ1G2hvAY4Zrqwjj2DDHzZ4lUsF24GCcEg4OOCev9WfhDRHs7TwVYWx2w2GleBoSyliSzWEJIxzzng9SBwCDiv5i+kJnNbA4DLMHllWWAjPEt1lQfsueKhHlhLkcbxbtZO+2vl+8+DmHeZ1MdVx3NWUaEXTdRtuLv0TbSVtPlZ6NI+if2Fr+CSf9oGGxs7HToLf4qXUMMWnWsVlHFEpcLEiwomI0wQqjAA+7npX3rNKNxVuWzuDyMxJ4wQWJOSTx6YGeeRX5+fsN2zWV7+0TE5yz/FW5k5PRW8xs8epGRgn2INfeF1KWVjnbggfeC8cjr1J78HIxkjOMfyFxDia9TM6rq1pT5oUnaUm206dNXu+r31aTvZXPtMVRgsdWjTi7KrypqK+FKKXVdttr6aCyXbOpTcityzMoyfXHGVJBBBJJPfGVFIblgpUhRkEnrx/dIwSM4zgscA9M1hGRjzuHXAIxk8D+L19hjGRx6S+eGULwXJxnjGM+gPHr175DEhiPGp14Ri72TsnGzV03ZWdne1ultN2rXNnhoqOi1XvdEne29useistn6HL/tBuf+Ga/jbGw3AfDTxCSASMg2c3zcgcDluoPYYA4/zR7MMNW1qWPKsl7qOVJ3Fl+23HQbTz69snB5Nf6Wnx+kjP7OvxvVm27Phpr6NtGBzYyjA689eh5JJxjBr/ADUbJ4odb1xwVx9q1MBGwWIN7c9FIGOvPHy9sjOf9CfodVlUwubq9+WrR2V9XGV93ba3e2rfRv8Annxfox+oRT3+syWzerhTs0tmrdbvre5mTw3c0rI0Zkj2FwoPyqpzgcY6DI4HzY/vdPJfE2jyQtJIsSlnc4IA4OOSDyB14HB9cdvqDR9O+026TGBEZmKknAYIxI5HykcHORjpkjqR5z8UdJOl6e8lqiKPNGdzLy2ASxGCMHPy5I4wSMdf7rp1ozrOiuZbLTq2lsn333vra1tV/N+JypUcE8Rq3GK1S20jrZb2s1dt630fX5qEXkqyGLMm7LjaM59ieeMjPfnJBHNTqsrMY/LBjyWzjDY6hQefmyRgj0IAGc1m3GpXXnSIzA7SxLKPmIAwAMZPAPc8sM+9Vo7m4Dhd8rIQzHACqQc9M9SB6enTGK70vdSt5Ju17K0bO6020Sf32R8snFN6JRulq03e6Tvdt232Vr20NWZIhES5ER4UJ94seB9QAv3sE9MAcLnxGBH/AOEud1JMguSQxBwOcjkEAgfX2ACmvVl3Nl1LNh+Qcli3PIJwRtJ6jtjOecee6fCZ/Fu12Cl7s4JxwTggHAAOGIHA4z8xHFclW7rUejU1t1VlZb2Xk0uvY9TL5/u6z11jq09tlp8kvPXrq375HDcXFmbYptWVVZeSQH2jO4kH26HByMgY55aBDp140dwpdjuCfKeoO4EE4BHUcE9OR0r1jT7SNDBHI25GCgAHgFQMHABP+7knOMYArmvG8tlp8cBYB5XlZBKqqpCZ5GdxPOfbr9CPb9nFxjOTUUlaN7NbRTTXW993b3W+x4Mqk413CN17yTerSd1JJpKze1m3bXy04y81jz5EjjJ+RfQnJUlQoAx/COAcfT0wVuZpWkLZyZOC3BUZ4wD9705Uc4PY4mhkt3Dsm8SBywZlGWDdfQ5JBAA5xyMkHBbR7nfIABkGWPcEjgBhncSMcNz0784pcz9yTle3MtUtXG26tstdk73XY3qKdlzdNdXe3w9GtPO6avZryyppZ47tG3MCN2EHzZHoMfKDjtkjGBk9a00vFjAEheQld3GcDPABByTtzk84/iwMtTXhSS5YAA7d20ljkkA5xnvk89upPfFC6kIUoqgCNCGwSTjqQW4wQR0yuRjg1p8C3Wl725r2lytvW63X3aq7ZXs6fLFtrZXa11ut/ltZu6s3o7EsmoQM8jRq5cKQASWBB5OfrnIAYHrgZOK29JnjlVgEDCQhWJJIHuemOy9OM9K4SIhSGLA5A4yTzyOcYGQMHkZ6Hggg9poJcxt23Mcuq5wMHqDwCARgdMAH0Na02pcrtp6W7X37ru1frfpwVIwjUT0+JXemuqWjV1ez11XW1rNnGaRFG/xLtPlV/wB+wUKCRlTxgjvxjO0kYyO9fT2rQxwQK6BlknhYyKV+6QeMIBnjnsQBwfU/NnhtS/xMslGciabBwfvEkliAOvvyfzIX6Z1thFLaZVmbLBi4CllHXI6DHTHU4GBnp6OT0rwxE7pXrPXon7nyvb/KxlxBVkqeHSsk6EUr30astLK+1k9NbI5xLclYix3gJuUNwV9QMN1J6gcDPfpWvJDFHaB9wSQR7hswWyoGN24HPccjaT0IyAaS3JaZEKDYSQQARxwM7j1BJzngkk9Aatyy/M8YRcYA5y2Ac4JZegHJb04GR29xQ0uo+V2mm7ONvPzs3Z2vrZI+KpYiS5rX0stbtXaj6tpdtEvVK2AeWtVVPm3sXYEDjH3hjqfpxzkZwKyNbYi3ulYtja4BJOSCFbkYwcdzjHJI55rpL2JRdWbE+UoBA2Fc8DqQp9cFt2cHn+HjmNWjZYr1yoKnJQsTyGyCcYGNxGSN3B9OhqtCKwlS+lou1v8ADFX6O73V0n3fflryc8Xh0nf3km0lZqysmrN663d+tmzgNNRBOH3NuV1x1BY7yDlSQD8uPXqT6GuslKsSoDFMgls4+YDkDI6HJU9T1FYWnNF9oUlERQQWG48knOM4wOcfKM4z1BGRv315a2pUGMFhliofKgZ5bk7QMDJHIOBjvn84xUrTdmnd3vZaOyvq7WT79uurPtsOpe7bV2irO+qSXS2q101s2uljn9YUC2uZCvJhbCk5KhVPUHgZx1zkAE8cV4F4iDGS1L/KGUj5Tjau7II4Ofl/hGDhsY4r2vVdUiltbvOBuXamGAHzkqDnr6Dbgkcj0FeJeJHWG5thkv8AMqsOTgZ3HnGeeFHOM5wOMHz6qvTdlf4UtOvMt0nfzur9vJfV5PGUZqVm9IuyvreyXZpaaWs9b2PQ9MZfLsvv/LApRlUfMNoHB69SMAcjv6H1bRXiit0WSQ/MrO2BhxuJK9QeMAng8dK5Hwx4g8J6fYaf/amnS3FwyosnB2bAflKclVCjlgc9DxnmtzxF43sg5bR7S2iIhJjyVJbA4WTA4PYdhnOa9GjjKGHppSm7pK6vfflV0k9rLZ9bNdTjzDJsRja1Rwjy80nyttW15Undveztq7/Ox2seoGERiPaVJIBcDcAM5P0ye4JxnHBNTz3Us/l5mKspBDspAGewPUgjoPrXzxJ4+8VyrIkMEYHQNHCSAOeAcYJ3Fuh5wvvWTJ4v8XEp9ou5YWxlVePYSvAJAI5z255PQ9TV/wBuYVfZm2ldrlSvqk31u+i01Tad9UeXDg7HyjZ1acU0pJJtWty3Wztp72jbeqWzZ9LzzxrvQzTu7qqsATtLZAGTkYwcOcEZ79DmrG0IZjITvAUNuYDqQV5YnGOpI/i5yOa+apfEXiC7OG1KcFQzAqMZHXr0JA5P0wMdKpSX2uOolk1K4AdSW3SMh+UnkIDtwM4xjOc8UnxDSUkoUZPZdusVtJvurt7pJ3eqen+pWIcU6leErWVlGb1uruzeuru32te1tPriwvLKNmjaVInjAJaSVAC2cjaWOAcEYAx0XGSS1SPrGnRXB827iZc4j/foAW4G3jg4HGMDB6AY5+OVvL6VFY3k7MCTl5XG7GckZI5BA5HUe2RUsd3OzxJLPKPmXcxdsZPfDE4OMct+ABzTeeqSilC2ltW7XvF6ryWl3ZvTZ7bR4RcIe9Vh7u/u9rK2627dr3PdvGmu2lxeMkMu8RxsHZGDqzbM8sOMg4HABJ7givEreVVkuHbnc5DcdSzDaQcHHGQTg7uvHU2bv5J8q/mo8RwAxzlUOWcliN2B0GOh4GKxbHdcNIHYrznaRjlTgDJ7cA5I+bqRyK8ypUVatCU9G9UlfS6jaOj/APkvzPdyvBxw9KcVrZWu1o7JdNXr08/Wz938KiFbGZlOzETgsB98upwCSRjAxuHIJJwACK7xIo4LDz5MeZLaDa2MMD0I56Lx3HTnOc5898NFl0+YBd6yvBFhRgcAAkDnnHBOeo+XGa9K1aNBDHCuU2wo6IOQ37v5iwHzLkkgkjggn5jnH0mHS9knFu1ora2js3fq9Fa7fyPmMwj/ALVNd5q903Zqztp5pbdbaPVHLW8gkiUs4O2QZOegHOeASVPAAPAzjd6dVp7x2yx3TszglkX12nPzfMDnBPPAxjHBODydvA5eIFCMnBUhirop6qeh2jI4K8D6V0Gr3EUNtbwFtixkMAvz/KwOCzDA25IJHPOc5ycWo3hrJfZ73eqvq29+m9/NanNS5qdZSa0bXRW3jfa++r6ve9j1fwpf284FpFtnczFmDHPQg7gw4wCSSpIGMjpkVL4sSM6rp2HVBE5YICCqg/xcdFPqcenHFee+BNVmsb2YmJHZIZNhJGQDjDc5+XBxgDnpkcESX2qT3muRNJMuGePG1SyLGDzgkHGCSCBjvjBFY8nLJNx3a0v8KTStdat3d13enWz9f2kpza5W3y3uotNWXR31be1ut0jSvIEm1THzFpGUlmBwBhgxOBj0PXtnnFaemh4pr2KLlJY1G4Ny5+XLdB0BzjsDg9s37Oy+0XzyhXeRgRGoidgU2jLcA9+gBGc475rR07Sbt73etrdMqlY2WK3kIJYtkH5TjOBkndjIIGcilzU0ldpNuz1vZNK7etnfW9+++phGhUlKVqcne7sk3e6ildpW311as9EzE+JVgsPgC/2FS7CF5WQkZBGTndyCuMnJIzyOK9B/Y11278O2M+oxTEImo+WyK+3fGzYbOdp2r6H3yOjDC+LOjasfA+rvb6dfGOEwvcSG2dIY48DBZyMDjjLEHOfXjJ+BOh6u3w71e+sQJHlvDHEkUhSXOCpZMEZ2g9ehIJziuN16f1tLmjy+zaerUVy8rXRu2lna70V1setTwlb6hPlpVFLni7csruzWqVtlpda33V3qfpf8RPjz4J0jwFrIn11bnW9RsLuxtNNhKzOkk8ZUKxG4KoLEbSOTg5HBPIfs4yRS/CXREMYaJtRv52ZT/FK7OAOnILsMdcjuQK/P8+BfETSTS6jp1w7JuZFklLM7OWIIzzuOeccAHpya/QL4JXWk+H/htomm6tqFlp9whmkeyeRTLE3bzF469Se3qRyN6bpc/MpxT5bcrk3u42lpa1+iXpoYrD4t0lBYed3KMpS5Hq7Wtazdr7bb38z2a2ghtoLhkADTT7y4bOQGJPyjsAQpAz6+1MlmLNtRhkrg7iB0AywHXAGBjqB6c1kP4y8JhGVdZgmljyT9n2u23A3Z24GD16YPHTArhNS+KHhK0LN9ouGwCCViOVySpwQMfMT7DOclcDHVHEUopRdSCtZ6Wb05X0ktW3Z6X89EL6hjpRSWHnq0tYt/ypeSW+iVtvK/fSyqFKEsMsdoPC7R3LEDCnkHrhSTzwapGYlhEshGTvy3TaOeTyGycgcg49RwPH9S+NHhiNZBBDcyP8pUyyLGGPHdgOD34ODk7emOVvPjpp3yvZ2UAKKF2PcK2fXbgA/KAT7Z45JwvrlJNqNRNXS05lb4bpW172t18kH9k428VKPKtL3sm3ppdPm79uqv1X0KGClVLjBPzEAEK2eVJBzggHHTaOo64aI2O9xuSRSBGoBGQTyFx/CPvHkYOT2r5em+OWoIW8i0V1Kv8sdhNKS2PlAbbggnGT6rzjjOafjB44lZms7a/O9Q0axaZMUjPIUE44bA4HJJ56c1oswg4JNTktOkm5fCr9LpPZLrur3trHJarai6lNPVu8le1o/1/duz3/4lRk+A/FRBk846NfKCVPRIWYgngYXORkHn0rgP+Cc1v5vwr8aMVMgTxXIzBmAB+RwVycjC8MP4jwFBGa8X8Z+L/i3qXhfV0Nhrht5rSU3Ur2RhthZshM3LJuA2E87twIOCM5rH/ZU0n4rXfhDXofAFld/2NJq8jXk8F7HaBr0hsKyvycjgkep9zXmzxiWLhP2VTSElZxs2ny2e+tmurXfTRHqYfKWqFSk8TSSk43fNdKzTs3fpfzX4H6q6vAtu0pBWIsN6o8iFQeMcE5BPUheM5xXLSzwQpIJrizVTsLO08a7WJyB97gKD0zhudvv8yah8Mv2hNSKfaZLW3RdiyNe6qXcsBkENEyqP5A8g1zj/AAS+LtxOy33iXSII2YsyC5nkXIABG0SL3yw5HtgdN/7QrSScaE2rpLmktdrtaXs9e3TYx/sfC052rY+k0+VpLXqn8nsrL0TXT6hufFGkW7mG41nSlKgBFNyuTGuQQGBO4kgkZwc5KknBrJm+IXha0O465pwjZnLYl8z7rbecfdPcdMLnb6j5xf8AZw8e3DL5/jqwjjIBKwwSOVDNltx3ZPGQTuH9DMf2XtaVGF/8QnEblQVitdhKjnlm4JY8fhnnGDi8Ti5P3KCV1e8pq6u497OzTve2lurZ0Rw2V0lHmxfNK61S1d7K3mmmrapNWse63PxU8GWrJIdaid2PAh+feD0OFOcjjOAP4vl45ybv40eE7UNJ9ouZArFXCxYB3AEHgZyw5xjAxj0YeWr+zFpyGJrnxxqtyiBQ4jRAMHI4bC8HPB4z9eBtW/7NPgiH95NrOtX7bk3xvdMflOesYYc8Ajn5c7cYGRKqYuUkuSKtbmfM7K1rtvTeWtl16JXNf+E6Mlac5Lql0el3q9L3+/rY3NQ+Pfhm3hBit5ZSyZ/fTJAAzFepYHk9lxyc5PrxVx+0JYyIyxWVlEcBE83UI2D5J+UjBxnaSQQRyBgk4r0C3+Bfw2sjFnSXvAAA/wBomlkJC9Fw7nBzjPqfXJrT/wCFe/D2zkRbTw1psarJy00IcEL3w+4HHQkgdOOox1U6WLqXtOnG/Ltey92O19W7b/5ak1sRl8ElKk5qyVm00/hbe6813vd3TWvik3x91lrR306xst8cgIMUL30uBkhkSMDd0zjJzjIJ3V8ez+Or+f45an41mn1FtTubE2hjs7WS1njO0LiOJwXUKBhM4IDYGSMN+rujaRoETwxWulaRAbZ0+7ZREyZIAIxGMnsMZwcjtXxpF4f027/beXTmtbf7A9kj3Fs0SLB5jIC7mNVCqxbpxnH95uKjFYPEwjhpTxKTqVoQTScbOS+JPvHW7d9F5mVDMMHL28KWHVoUXN635uVx0as7+d/1PJP2xVK/EnSSMN/xJUAUj0BOCVJLdRn65yBxXx7coCqsrICRlgCc4OAMjbnAzwSCM854yPsL9snKfFDSs9ToyHapHB6EHPTv16YyeBmvkR2XEhKbudmMqOCOvJPB5zjoRwAa+Hou9OKbWi6vTXu2rPt06XsevnUn9frLrz3u7aXjF6PT0emvXa5hFl+2wMrH/j6g4I44de3UZ56DDH5sgEZ+v7L958PPGD45W4gLEAg8wx889x+OM+hGPkgKgu4SNrKZ4duQc58xMYY84OSvsCD9Pr6wlI+Gnjg4UbZrcEDkoTEmMDjt9CO3rWc7RrJO6u02nZdU+z02etnbS6SNKF5YKopK3u9Fqr9767O6t+uvzpMU2RMZD5gAzkk5yMkDH/fIznt2rC1ErJDMCBkIzMzD5iCAM5zguAOvUYB6ir0h80Esy5XjHPLYySPcZwCAM9PUDOvAhjn3MAxRlPB7DJHvxyMck8DsK3crq7svd2+SS277vW+zZ81BKNZNNO87uyXRpeaeltrbdXofVX7H86Q+KZJDHuxpE/Kg5wS+T7g9zjI7V6hr0+h3/iyfTr68ew+1aoyzyqgJWKTghGAwWOQMj6AZAx5V+yEFPiScAqxbTJkGSe+cZ/h4HA4P0OVB9p1PSbUePrKN7WOSGTX7UyNKFKHdIGYdOF5x1Bx2POccA19Za0abgnzRu7NQ16vTrrf8bfW5hByyqk4ytbVbatRi1rrv16aI8u+N/wAP4vBumWGoW+qedb3kx+zGF5EnAOXQ3OCv3gRg7QARk8ZNeQfDG4A8X6XK0pJkvLOMhzu+b7RGm0EkZJxuIJ9eucH9DP249I0a38F+Gr2xsYbeVZ7aKQwKvlgfZ0XkqSDkjPPIPPAIA/OPwEHPi3RR5ahY9TsSxBwcG5UEsT/F1H8I9wK1z6jCnXcKbT9yLv719Ul2tou1+VW2sLh2pN0abnUjOSqON/JNWu+6W93sj7+/aa0m81eUazp9xcQ3OnaTplsbaK68tJSIE+fYpBzjJGMjJHTkV8YwWnieaCS5D6q4ttj3piWabyQz7VMjISqgnuccYxjivpf476taQ+LLm1kvpYw2laeyQCUiMsYkZpGGccDA5PP1xXM/Dv4k6Domiap4cUeXd3uoJfTanPHHNFLbQgM1n84YrvIIXjbnBJ558ylh6Mowc4rm5dZLVttrXdavZqy0u32PexGNcK0oydoqy5VfbS1td7b3T2vofO1kbj/hKxFcIzyMhXfK2SAU4PGTkjrj+IH2Nfpb4d8VzeFYPCrRWlpJJNosMQ+0lNkiBVLgbgQflBwc4HA+UYNfnNNff2h4/ur6KNRazyXU0SjZgRO+4DC/IMbuAFwM4wBxX1p43u7sWPg+JUUQ/wBiRFGMoicKVXkMSOMjrnPvxXj5pQhUw1ale8W2rJW00V9G/PVN2dtban0uQ4hU6irw1cWpK+l/h1d07XV1rfzSuz9cPh98evCWqXdg+n6Zp8NppXhY2eqR5tlkk1EMNwjAUExnBUEZY9M9DXy78Vfij4ZtNc1XzphDdalIF0+0yjxxCeNgRgAhfmYjAwD2OSor8/dM1OfTvMezutQtGY5maG6YiTac7SVk5BPXAPUdRmuM8R6vd3vi7SpZ5bmdpXjmDTyMXzEfmGCWAyRwMFS2CcHAr4rLcip0cVTq+0nNQkpRUm2lZq2mjtqt3Zu+reh9nmGe+0wM6SpU1KcbSs01qoxbjomk227Wsnbdn17r3ip/D3h3QrwPMiz/AGpGFuo2ks5ZS2QQAoPfqR23c+V3XxV1S42zLqUbRKPkikdQ42BvmIB2qCQDjAzxkk9e41G9jvvCnh6OWGHZcR3OBIowj7+pBHUYI4OSMgjJAHgXiLwhZrbyMkJjl8t5cxSEI3XCnng7j0yAD0HNfXYuD0t1hFPe2nJ9+/bd2etrfH0X+7vvbq/d7Po3u3bt36HQaz8U5fEGk3NpqFnDPcvNDBBcosLSRICFLblUMqnABIweSCea9Y+IBSP4VeDTmTct1vZB9zgcnPT/AHuOqqFyDXx9p9lHbrNhJFMbROE8wkOyyAhmz82ODyeM5B9a+v8A4gKZvhP4NdlVQZIncMdpbcvAByOSMZIGWJ7ds17tKT6pJvVu7Wrbdk9e9l2RN4ubb+LlT7Nu+rkrRd3tpd2T3Wq+dL2/N5PshYxIUDYlC/MwGSAWUHJHrxgE/TkrdIDrtk4LKwfLDJwGDDJHY5IHQYBPPOCemnNuJpIAgVgoIff9wbegPOfXueTkdawFeKbWbFYSq+WQrZILEnkkEHPI5PUZHBbIxzQn+8j3vFt6vRuPNottLPd+a11Si1d8yab2eiu3HRXe8dfw17/Rvxhlmbwv8PlQyx5sbiTcZNgYquApB4JO1ePc4IOCfm6VdSvFW4M8gAZUUhVz8hJ6jGRjPBP904r6Y+LFhHqXhD4esZSnladdIxDEDIUEE9wAdxPJ6k9a+f7WzuLZ4rbzdyuSxIcEbckjAbHOQvI64wQc5OuKqQWzeyu9r25WlvdW1t29NTqpU23FdFZPtZNbb3acrb7O9++t4Y80anpclxPIshvUjbPHGMbhgY+uB+Q6fXvja3tr74QadbvM/N/hQDgEbzhmzxjI9Dnv0NfKmiWn/E00qRkOPtwDE9wM4OMY+p75r6f8cKW+EUTRJgRXRQENg5UnBAyOx4J3Hrx3HIlF0Kkmk+u7vd2dk/PXq77rRnXTUfawV9Vytau/2bct/Rvvt0vf5UPhKUo2yWNgrPtUnczEAkcr8vO0ggDd+ZA2fDOnzWF81vI8mbtrdl4YJiGRSQByPoVA6kgckDkPtk0KKYrmZHBwQJON3TJBJxkfdJH65x1fhy6nl1jSzPdySB12hflyScNgD2XHOT1zyRx4lKX7xST+K3d6PT1Vr6tbeh3zprkateTsk77K6Vmm3Z6vbe7Z9UfH3T7qfRfh4YZAQujkgE/OP3e4Y5ySM45xkn8K8F0DV9T0iOZBZwXYdXYiWDeVdAcADBJ5A+nXJzX0L8fNStrPRfh5EWb95o4YMqnfkJtAX5dxDMfywVJzivnCz1S3hUp58okkfgMpIO4bSzccDBwTnsPlHNZTlGUm3y6t2btp062drrv282ddOPs4U3G93FXd1fRrTVrd3vfr6Hv/AMC9dmvfHGiy3enW1u32zzVNrEUZmRQSGZVGMkAjpz06jOH8dhY3fxK8UXjXTQTXF5GSk6krGFj4ycc9cjnPAyaPgTKT4706MzsxW5Yqu0AfNjGMYHAwOBgDAK44qr8b4xdfEDxGuMkXMYUsmABsGQBjpkZbIJ3fNivMxllFpaRbjez0duVXvbSy0+e2rOrDKPNdxvN3TvpduUUvVpxa21OEh0CG6hlnGp2TCKEMEBO7JG4DGTzwdw4+UZ9h95/sb+FB4ivr7S3uxbC40TU4RcsdqBpYJVQlz8qpvIYsTwByeBX59WFgGE7M21xHtG0MAMc8DPykg5bp15H3c/e37L7TQeHPGkkErxPD4X1EJMrMkisYZArQupDAgngqQQex5NeBiHalUV7txlbRWV7LpbZ626t33R6MJuU6dlZqSd11tKHlo+ltursin4v/AGfvH3g7xHc6UIrPXMqLoXOn3kNxH5VxIXTKxnAcKcMmeCOvHD/D/hXxS16mnNpxivog26KQrAFRDksWJ29F4AwTzjtnyqx1/wAQqQU13VPPPyGQ3ly8jhWJAZ2kJO0cKvA2849Ou0y51Q3cV1PrN+7v80kgupDJ8zkbCSwJU5weRnA6gV8BjKeIhCV6tNv3rScKi31d7SXpulsmrn2mFq06s6cVCcbWbUZaXfK3bR7tLr8tT7g+CDX9x4p0zR5beRbuKR3LqQ1sroBuBkHAJ/2m7ZG4mv7Vf2TYZYfgH4AilAMi6cd23AGcgnHOCMg5Ayc7ic54/iv/AGdiDqdo0U8izm4xIXYM7KRnJctncRuJBPU9Miv7VP2U/wDkhPgEZLEaaCNxyT2BOcdcZGfQk55NfnvCuIUvEjF0ZKKtkk7Wb1ksRh1KSSeiatpf0sX4gU4x4My+ablfNoPVbfuJKOqfdPorK+tr2+l4zkrgAnBzng4wfbgk4zjb+pqxt4AAJJO7j1HViOoPPGfU8Gq0LMcEkdiMYJ6jbngc8Dsc5OMgYFsMD1AyoBGcgc9cnGBxzzjOME+v71Ttu3Z6NN2Sveyvps3a9359T+fZzS0Sdur2aV09Lbys7W6prazEKAnPAYYHUZ5JDHbz1BIGRxjv1pTHkkqSQMc89e3XnAzgk4PTnqS/C9x0PzKMnGcjcDt6DBIyO+eRklwXIHzdjkdfp7ZxjgcjgcEZrqW+6ezdrrSy7K6UlZLT06t8zk/ifXb5Ws+78k+nkyLyj8wwwBJGBnheeCBywGc5J7U3yyuOpHLMP4j0A29SCADgAHPccki2o2ggtnIAHA4yOM5B4xjleBjOeKcI25I5By2cjgYHGRkeg6j07jNRjd2VtNdWunK7u/nrZO/TTVmalZq/TS+ib+HTbbRX26lMKSd2znklhwcjIzkfeOBg45z156vKFgCFG7nI/vZHOD0OScDggEnBI5q15SED5hkDOCRuz1A56/7XU5zx3pfJXAAJBPrwCeM4Pb5Tnr6k8Emqs9LNtWV2rWV1G6V7baXvs7d7u+Zb+9re272tpdq2u7vdbW1KyoNp4AGMYznjGSc9MEA992CeehpphAKsG24AGOu4DdtB3A528YOT/OriRhQVyQCQckcHnkkY6847+ucDlTGuAhAYAnBUbT3HPPXnAJUYIzzmrjTnulu36taa6cyu7O6v3tsL2sfPzel7afK6u9LXtfuihs+UAsxXGQB90e565bJPoOP4c4IB8oyQS27kED0GQN2cBjkgZxn8rpg4xghee2c98ZyScfr0HOaYbcsAVXKrzkHAwSSe2QMdV6+vbDVOV1upWT+Jvs338tkr9HY0dZKyT3advu62aUrWezu9GlcqbiOScAbgdoznAHJzwQM44U5Yc4PRAf7oByeeBkgA8n0OckHHT0Jq0ICAMjIHoMnH0JzjH0yehzuNKluxzgcMQcc9QCeQTznJ9eORwOEozVrRaersmrq9n5XundK91fRB7dXSUVaOrdra6Kzs/TZre3kVlDg5ZccdwABnoecEEcEc89+9TgYyMn5eSMYGD359WJPTjJ56ipDbuBgk7eozk4HOeME9eeARgYHagWzjHzZxyAwxk56AYB+ox26DrSip3eturu3/ADJ2210drbNp9WYynB2Sdm7tK+6927bd7NLRdLtXGhSCMdMgL83cgnr6DI69OATno9VYYyuOeufY4A/L3Bwcj0cLcn1yOd2MgHuNw4247HkexqURHjJOR6DPX5e359SORz2G6jKye7vFRb2dt3dd03v1d7aaEXd31tprZ3srWfl+K7dEodikklQCcnAz09xnGfXJ/rThk4GTxjOfXHJGOpzjPt2qXywM5JIyenUE9iOg4HA3dOeOpTYFGVOQOgx+vf8AH398mmoVFZtt6a6arSOiur2vdO6vZb7oJSjpzO9ntdeWqvbV30T1ej7EYJGVHTvkKMkHle5wMYOeTk4p5JADYy+eeDgY5BI7DntgdB8wFIEPPcj7x6duPwPQfmetI3BCklR8wBxnoRjPuwyMckHgjgVaU9rKza6pSekL/LR36626K2a5WtOrd+97rbS2ja9LPrYnDY65LBh6jtkZAwMAAjA6+hFMLnrtwcknGSOecDg5I6bccenQBhBYEj2+bP09DggYJ+bg8Z6jLzjI5ySRjHBJPoCCDnGeuOD61pGTUly3UmkrW2+HRXVlfrttdaIm6SWz1TtstUtet79Ff89HmTb/AA4PynjB56HgADHIJz0z6Ny5TkZwBnjBPocjg9sgEEjHTkjNRDOcck7sED7oHAUDg8ckY6E8jmnqMHJbdgkKAecDIGRwduCMBjnscAmumnUlJpWXLoul37sWm0r6rd7Wv1toOVrqG70975Oyv6a+m/aQYJ+7lSMHnPboOO4PIz6Hrk0qLvIxjALYbHRh2JHU8DIPv3FMHmAnJAAGDnAJ9gMeoHboAM5xS+hIIP4dcccccZGPb36V1QlZb8q6N26Wfps7va1t9LNNttJ2TXZXu7x1t5vZpNbNlpQQzenHIPBY57dsAHg4PU7c013ZSVUDJB6DPIPqP4iAffPYjmoAzKSeRkAE4z2A4ODlvl56t270/G7Lbce+CFAGTuGeB3zg7vTJLGo6rf3rvp0te+/b8fMPPTXdfdfa1lfbZ2MbxDhtC1sEDP8AYmqY9ObSU53HjhR/Dz1wK/hq8fWat8QvEJaEsf8AhJNdDYBx/wAhO5PJI4AGD0z1zz1/ua1pCdG1cEAK2kakCCeu60lAYZznqSF5XkY4yK/iY8c20Y+IfiQF441TxJr5k3sqgA6ldZ5J5I6KMdgM46flfHdR0uIeFXd+9HHpLe1pYbR93r3ae/Q/XPDW8so4sSTulgJNvZX9vHbzfWzezWmp5rqOgjVtTg00ZjhuBboxDYEe7ByzH2wASeoBAzxXkOuaFbWfiG50O33TSRTOA7Pn5gBg56YBHBzn5gD1r3y41SzsPEGnbZoEjkCtI00sYUCLPOcjPAGBkk/eA548OvL+K58SX+pR3ERI1KT5vMB3Rs7KpbsoA5569QSRur7bL6jVOKe0oxbfm3G6Svo3pqrtaHlYuF6rlJX5Vto0rtaLVc2qunb8NvbbDwlbWPhHR7wWaPNcXdn9okZ84fz9p5xnO0bTjnqWHqeMbSzsdX03yoUUI0MkmGUggSBcEYJ5H4lsn1rffV9Jt/A2jQtqFtNKNWg8xFuEDBQyyjcA24bCW5yACOfl5NPxrLoakTwXtrdqI7cs/wBpjJjYsGZck5GOvUdCQACc90quijzRStd2eqknFb2u+ZrWzvvt18VQanJ2u1KSWrasuVpO0b6vRvouy3674y6FYr+zn4p1P5Q0umyF0VlwshG9AeRgsCDjGTkdO/8APtqPmP8AEDQmjiXI0+NRk85AycY6DoR6nNfsT8aPjZ4bXwHq/wAL4WIubzT47r7S1ynkt8gXy15BkbeAAnGenAGK/Ge7uG/4TfTrhpREqCSJcuB5axMyjJ7BiMngYGSRuxjTAykuaL1b10a2slo2rO8rre6dld2PRwNNxpzvFRi25RSTvePLaztpd7afZ06s+6PDc7DRbNNjRzR2d2z4cDfuiYlgCCSD65OCcCvzp10uuvauioCZNSvScnIUiZiOQQOdmD2GQTzX3HomtR3MUUEd0olWylUJuB3HyvvdCMFT9cdTg8/EGtqP7Z1RATJN9vvMMMMSfOOSAPnORx0JHXvX1GFqKUVBL4Yq7folons3a13o30WqORR9nUlNtK8tJWVny/E2nouza7e95/Y3w61aK3+GOtG+n+zw3fhXUbACNFIacqxjWRzkKdwA+Vl6Dgk5PwHZQf6TbyFFOzfnLDjJOADnqQT1x3GBxX1t4auLYfC69srm4MLCK6LKEfcxMTlMEYwGI4yAOOowc/KWnvFFMFcknDBSoLAnczfdByenfpiqpQUJS5G9ZpttO12lotlpbfW+/c0lLmSbsoqLjr3Sj2Wrvtd99U9F9V+HEmX4S+PWcBQmnwldrhQuUJ5ByDweB0Ix1PFfNHghP9NVWlCnau0qSCoLljxgZJ5ywHAbgnofpzR9Uif4Q+LreJYybjRDNNiMhkaBkjXecYwQR82OvBr5e8F2bytFKkjjKguAMnarjgKMADjALLgAHkVtGaVWXM3pJbuz2i73utNdO7WiZNSEZ0aaUdXq1s2tOVdL6ba9L30sfYPi02z/ALP3jRDIrFNW0dccZYGHLE8nJJ6+vOOMLXzd8GdDGqalq8iujCzhhlVW6BkAxgDIPGTkZHJA617N4kugnwK8XRNHJk63pQUnbhlEZXOOTySCOADjkY4HjHwf8U2ehajqaypIWv0SBHiUNgsOc/3j0yAB6HLEUKMLzlG7Tk2lGzvpFX03fTR2IcHJQSutLO2jW2j1vddO+ttGzt/jK1yfDtmvKxy6wqsRna3ljGDkYyMjIOfYenhmhRiO4VBNhrhnUdcjJ4LEgjAJ9PpnnPufxo1TT7zwnpSJNKsh1cyrvjKbgdpbJOMqOmDhm5Az28U0c2xmtJIWRmzgMdp+foA49iB3AJNaR9pyrTrr0a2TStey+Wqa62SiMOWbTbbTvrr/AC3S08rLTV27n0z8d1WH4SfCoSbHRlmO4ZGegU5weOPpghvvV5F8CbZbn4i+HonwFkv4AvJBBQMTtztJO44AxxjnHJHqHx01O1v/AITfDOFJUae1acSIASqDIJI5wRjGWXAO7uCM+FfCrX00Hxho2qFwRayvIQV3DpgbSOcg/jyAeOmkE/YuL1VrWe7V099b2d77aemik06mjVklbq9Grru7Lp9+jd/ZP2l72S41rS4WYL5N3qUa8jaQAACPl9znOe4HTnqPhp4n1TS/C+nQ6bczhxazB/KA8wK3GcqMj3PUfKO/PmP7RV811P4Xvm5fUbO8vkIUqG83LbueM9s9ByBkctX+Fniu3sdNe1nW8WUWoTfFAzpl87SCFbC9MjDADuBWUoylGlHlbkuWz3elraO3Z6mtJpyq3s7q6cm3ezjZPbVtbOzaXmJ8cL+8v7/Qbq/Ytcf2RcASSFmkPJK7ixYgjOe4HKnjJr3z4R3esah4a0KyV0khhsmkhkllaNIwACUULtDdAAp5GT15avm/41PJPe+FJmeZlu9HuT+8QozAhtqbWC8g9zgjHJ9fVvht4j1G38OaNpyWWqjEEjQnTrJ7liqbjulMasYweASeMAkqp5rZKT9mox966STtrbl36bLz2tY53JNzX2FZXa+0knqnpo+mum+l2eK/HxZo/ilK1xKHlkl00s2QygiRV6n2O0YGQoHHBr7X+HOvXmjWslnDcMy3lg4YJK6gA2gAGM7c5/EA9MbRXxR8YFm1LxuL65guopnFg3k3MJhuUEUijc0RXcMkE56hT8uetew+H/GLQ3NvYwy7c+XDvMMhkAlhER3Pt6Y44xn5sD+Grk3KVmrNWTa1WyTvZbNduv3mkLKEHomnHS129Vo01paKd99L9d+G+MiXEjeHWlYgW9veuhJ3f627lzklucHoDktnsRX0z8PNY8RafoXh+0t5Lpra5trZZoVmlCrGu05C+ZtQHLdAFGcAgZx83/Fq3jk07wxJHdNOHhvlmkHBZ0uXcIC2NxG3BPHJxjqK+lvAOvaTB4c0MBNbinjtLYC4GnySxyyhVUwo4XaQBz8p56H2yjFrlSV3z3Wqacb6rXR7Pq9/MuvKKjB20aSd2rNOye1ttY62elraa/HfxNuXtPjDqt18rt/aFgzJnJBUoxHJJyADk4J9cZr7q0XxbLd2ul3sNtCNMElpbzxNJ/rZRGFMhA4wCMZOMEbjyTXwL8RS158V9ak8qXEt9bMnnxlXI3LgFANysTgbQucDoTX1f4QvfEC2qQLoE9zplsbWRooVRJHmZl2tHGw3tyd3APHbFXztTs4xbabUbppNarqtHbVNfgjCSk4q2i5k09bLVO7s7JPRNO+jtfovmvxPIJfi3qlwRGijxLE/lqygKm8MF5wpAAIJ78jjIr79u/F1lq954Z0+K3LXUV7Zt5x8tm+zQWpEkaMVG5eC2c5X0J6fm94pubgfEzX2aCSJ11aOUxun7yIhgNrbVA3KAQeuORxtFfVnggJqviPRZJdQuIlt2lk2yHYob7I+Np4yBg8AtnJ6r0whTlUk1pdpvdK2i01tpqtOnojom4qEdrq/VJu6tdJ9t2u6va7Z4D4iijXxf4iuYB8tzr+qALkAgGZiQSuMYOMjkjIGRtOPoHwA0GlRX0gkJnn0qyMSrwwY3Ea5JHOMdTyR83Ymvm64fPibXkkmZturaiYgSWyTM4JYcZyee2epYrivpDwnol2/h/VNdjvATbaFG6Wuw7j5dzEAwPYKuffADEYxWzahWSk1s9JST6QTa5e9uivfa+l8aT5ocybi1Zp3Tf2U/hVtW27621urq583eNIZZPiH4qdpAfNuyM9eSN24nHygY4PJ6A8819b/ALL9skja58gaRfDes3MjEgKAsDgclQOOhwQ2TleMGvi/VrzV7/xt4iKzwr508LPiPeoVlwRkZKsAcbSODnHPFfXPwI8OeIW1DVLiz1w2Vpb+HNVaaC3jPl3SNbyFo2cjOTg5APqARkU6c4xqOTXur5Naxd9mkkr2flsaOcE9nzX0vro3FLXbpun5dEfLsbB9Su3AGDqF+cg4DATuAeBjIyOgGQOuMV9IfCIFPAPj+ZEZrgWl3HGA2cQ+WwkGGzhGypJIz0OeTn5VN7Ot7eqAqRpc3SAgZYMJz8wGC3HzZHGSQMjGT9c/BLQo2+FXxR1yae4W7j069a1iVtkTRooEjMGwCMkMowCQDgcUVnBRur3et1dOS919dtrxSt5JK5yxtOrFtK60V+6sr2Wy00va2rtbV/I+nRTZM4CktG42gluWlYNgAZKjHHOSDnscfa2m6ibP4cQxTxKynRLmYlfuq4RtjPjABHrgH5RyM4HxXpX2uG6hVbxFDwlhlAVJaRyQAcEEcE7Q3yjp6fXuneGbvU/Cmoxya1Osdv4ZurowrF+6fEQPkjC9CcAnAGNwPesqMpczUXe8Xy9bvTXV2u+zaWt9zslblpx2d+qut4vbZWStZ6WT6o+S9JcvfwtCqyk3DSEgqAHZ2YBs9hkbvbJwa/QiaTwa37N2o3hlu4PGVoGWGNZWETRy4VxHDkIyMM5Y/dJA+71/N3Q0ZbkxrKwUT55DEkrMyHgADkD0Ix0+XGPuS++GenTfB2fxQ2uaxFeW+hXN3FAjN9kcovzQFSxUhc/e4xjPqK4cRSi6tPmbVmnZax2i9FZ6bu+vRLdX9HncadlbVJNx0tdJ3j1trq79elzzn4R+IZY/F2mmBULGzEM8jkDDMuGBYkYYklQG/I4Jr9y/gZe6T/wh00omSTUP7G1cOXeMCMfZZMozOSNpB6AAZNfzs/DTRl1fW47c6ld2jCO3nkkhLK7FWy+fmBGRwAOc5HcY/ZL4NfBG38Q+Gmvj4v8AFFnGul38yQ2lw8au8dszBJcEF43ZWD4J4J+7znOEYwxEqs525la1teW8VdJ7O6tzO7vq3e6JxidSnCCjGVknfeyajeyV10XvPXskt/g/w7cp/wALH0uWRlYDx1sZ1AARBq0nzA9GyW25x90HFfr98fNZsLTw94kt4riNZB4Z0F2UhSR5xUqVJPTOQATnvjFfiVoFibnxnBp326dZYvF32OGVCC4Kak8McrbSSWJBLdSxX1r9c/j1+zTqXhXwzqU+reKdb1K81DwdouupdyStGsaCJZTaCB2Dusa7djbWVcnjgkbyrRp4qlJvlum7b7OLV30V7Xd73fVmEaSqYZxbW7SdtbtJ2um+2ul1vtY8p8RuyfB/xBKrqsg8OT3RZcfLm2UISQeMkE5bHOPmAIFanwVs/tXwb0a7umjljfwrqTyo7ZbDxS/MoYnkA5z16jjDV8Y+NfjP410XwxrXgePwtBqFvfaEmmx3kshku1gkjKLOBGdquB83JLck8AHPD+Dfjn8XfB/hnRPD40zTJtJg0yfTLeO5YrOFmVhukVScupY4JyOd2DX0Ec8wrj7NylzKnKCasnF+7F63e/Sy1Wi6o8B5FjI1Y1ORNRmppc/2Vyx1burrXS1nzdz5R8cw2Z8YazGo2Kt1eRgvkAqbmQKRnBzjgDrnGeOBNd+LHsvhVJ8Po9DtfMk8SnWZNfMCm+dPJBW2WY5cRYG7BIGQcknJrM8XXCT6/qM3BunJnnhIZik0spd8E44RiQMEjABIZTzjxa7dXck9rcwqsMkP7jKgIkgj2M5YgZJAwRg889MY/Ns1o/WK9OcY88Y1ufS6sk04t2e/XV91r1/RcBWjGio1ZWbpqCsr/ZSattHVRe2vlZt8Y+I54ZGkYnluvCknrg8E/N6Dn2FT2l3Amo2r3jSm2juYmbYNzGNdrkYwQQSDkHjB9TgwXTr50cT4LAEEggDcpK9QMqGXjHToCQAarK4a8C7VAKhQSRtHydRjB45B44PI46zWhFqMU3FS00V90r73s1+Cb22dQsk/VJKzX2Y20vdXur6rW+uzOhvb6LUbuW4gxFbi4YWybQreSZAMMAACQSD0BHBHOMfqXo9wo8H+EkAWVm0GwQsOWG2JOnHCjI4xkknAHBr8pYIxAmCPMDcqBjBIcNgH6dMHHIwMDn9FdH8UQ2Xhrw75qMkaaNZoQVYsp2hQEZQFK5HQ9SBjIr6fhblp1aysklTXX/C7u61Vt09Xo12XzHEVOU6NFP41Nuyu/sx31er7t63v1dr/AIzUxxW7IQHM1xuGcKAY2OcggA45JxzjBGSa9D8AFk8PWEjMoRpYUL5U8L3K8kjOOh7/AFFeNeJ/EVjc2kEcMyy3CySyCNhl23I2AADwQOMYHHHrXoPwx1aC90S2s3eSORZ4yUliZVVlwxOcAEDBBHoT2xj2MdiKTxqg5RSdO0U2lZrlWl7X01XZbK23JhqLWWpxhKT9tG8Yp9VFNvpbvbW+uuh5v4gNsnje9ug5lkbVgANwVgivtAyOucgKQc4AwRmul8Yas1il80L7JxbW4jPHAAyARgE49MEehzyYbDwhrvjP4oTaBoliLm+vdTSPTgQVikYuGP71vkHQ4ByfXJNegftDfB7x/wDB2/05fH2jDTD4jt45NLMTrcJNDGgEnmeXjaTuHy9RnvjNfGYnNMup4qWAeLpQxlZupSoufvzhFe9JXklJJ7Wvv10b+koYHESp0sRGhN0lTjGUnBpRaitW/W1rarXyPLPAj3uqyahJfTOu+JNr4AEm44UBfYdxt6cE1nQTtpvji9tfNMjSxTKCxAHyAbB6kjAOD+Hva+HF5czDVkaKZPJVXiQI6japBxhwMZ9O49cVz2o3JTx1JJIjh5EAUlcD51JbLckkYbPHGe3Wu6KvSoSbUnKdm76JJxenp0b/AC0MYpRr4iKjyvli7tWunZva23o9d/L0eS+eNYMuQHLcBzjPXnvnPQjkEA54AXkPGl1m2s8ysGMpYktwRnrwcdT1OMA5wADUEmpkPEjFjtZuQehznBwBwMg4HGcZXjFcr4uvWljsiWbCkgDIOec8k8Y689OCCO1cmOg3RqLSzST7/Zu79Xqum++x04Rctekt27dZKO0LtK2j1T63d+mpl2WqSR3MkDTyMJUQBSwGMtgAZ45yOOe2SV5bb1ZrzT5obWe3LCZVZGO1kZSM7WPzAMAQeT2/A+bC6IvDJggBl55HAyThu/VQfyPGK9SsPEj6tpf2e8t0ke0eQJKFBkYBNqOX+8QgAwQ2Mc9iBw4KjB0WpRTk27OSu2vdd0mtVquuzdru534qdSM4yVuW7Tt8W8Umr6u23y7WtyjS200eoGe1iZolPlK6RlcgYOBtPccc9QR0Oak0LRbHXImkbSLJjbqpmPkoNmWHJKjALAL7c5xkjPJyyvulc7y01yyuOxUNgcDA24A7c4B64x2PhDxGdGv5UaNDaXRjjuBsyy8/MQTnoOeecMO5AbPDPDvEwVeEY022paLe6as1pa1k3drZPY6KsakcO3ScuZqLS5t9dEm9tLK+y+dxG8KaVKS7WKKqsyYikeJlGcggggYBySfbjk0y28OJFqV1BZX2rWcUFvHJEbfUbpcElRgBZV6EHnBrb8TeKYhqrrpcEZtWCFSUxmRhgngc9ctxwSwB64r6Vr10L6S7WKFpZoQjoVG1QPlwOMgDGSQRj7vOKnG08vc50401K0viUUtFZtt7WTaWz7vbSsL9bspSqO8oJOMm9JaX76vpZX762NjS7HxRuZbDxf4ntgoDBv7RumQ54I+eRiWHPuPoDXsvwW0f4l698X/A3heD4j+Izbaprunw3kLXSyLLZJPHJdxyBwTh4iykE4K8e1ee2Pii6tJIENrasC4DAAcq2SCecc5IJBx0OCBX07+yPFNrX7Tnw9uXt1hitb24neOPADBIlbceeFBzkEAdGUEgg+dPB5XKNlh4uo5Ri1yJJJpXd2r9W7XXbuavEY2nzN1pcsY35VNp6RTV7P0tq3pdab/rf4n/AGWvgnrnjLUND8S/D7TdRjOjWksd/aRNb3z3byKkty7RbVeRwMkuOrFhy3Hx78fP+CeHwy8OeDPGXxA8DeJPEmjt4aiEsWlXgW5tJppG4gTYu5QCQBnPOMjjB/V+UyS/Fi9QEBItMswgHOA8qsM4BAAA3E8nBJ69fPv2orWPTfgb8TFe4cx3T2Q+QkrvluVXAGeepXGAQSSTXLjMjwTwleSw1K9OE1FQUYzVkre9GzaWllvucmGzfHQxGHgq9RRm6ampvmitYtrVauya0d9bappn8sPjLw94m8H6u2laxayXU7W1jcxJbruzHfKj2+QoBDOHBxz82FBqhJF448Mp513oviLw+oAmSae1vLeMIyho2YhdpyrZU7uQfcmvtX4s6HNbfGO0tLyLYJbfwA0YniO1omlsuzAcEMCRjsRjgiv6CPFGi+DdA+EkWseMfCXhvV9CjbRJry4u9JsnaURWEarZJO0QeNZQQgywyWPfp8lg8h+t0cTNVpYb2KTtJPXZtS1jbZJPlau2+9/pK+eyw88LTlQ9usQ94Wg7p2SSs1dpK12vuaP5ZPhz8ZviXoV0LrR/FN0ibZFkSQsDcJuy0MjONzbgCCpJKj6kj2+y/aK126vpV8Q6RLdmaEK11FNJJ5ZKEF03u2M5zgHjBXtVr4i+EtI8cfFfxjZ+D9H0/wAJaPBba34htNLtQu20jS5dooPk+XDxZZQpwvC4wcr4rJoV5pctpHcsJnu7Hz0wQoC8lef7wXgDPzdOpNeNKhmGHblTftIRdotPmjK1r2u7x0stvm2z6CljMJUUVJOEtG00uaN+TRpJ9bXte6Tu7n1DoPxa8G6nZ2+nXzwROJDJvvLYRyDDE/64gDIONr8HPIBxXcNqnhLWblIrNrO8h8lN7280JmiYr32dQOoUggA8A5NfB0ds07qHjR8mSNFIGcYwr9v7owST05PNZLSajp95KdPu7mzmSMA+VI4bIOADtIXoBxjDck5HXl/tLHYZtzhU+yrptaK1lZtdHob+xwOJcbRhJ2WqVp2XLp18+rvpd6n3VZ+GdJa4Jsbprdg8rFZsbASOMMODnv6c4I5rKl8Nalb2+omLy7hZmUK0LgAgHJwo+bdxzgKc/hXydonxJ8baSZGW+N7FCrsVulzwMD5iqhsgHCk5BOTg9vTNE+P0ltFHba3o8hEuJGns3IUMWyGKkYwATj5QSdwBya6aXEk4JRqWTaV+da6ciXS97re61Oevk+HnyuDlBLZp+UVrdPm26a6X7o9u0uzuLbSpvMgnjlHnLGTGxUuBjaOGOGAPA59xTfDtr/pxeR5FlFsWCsOAQ3UDjrnsScYBPIFbHh/4z+CNWtILZNStorlmAltr+EwMGb72GcKDjnHJPUYPNerafaeG7t4ZxDbzB4ABLZyqygMQctsPVecZyCCB1znspZrhq8HL2cVy2TcWnq7dNLtaX00bV79eGpllSlJKNRyVkrW0T91t31WqS7a762tyGuadPIILpjnFpHEAcFVjZSQcjkdAMjj1U4IMugXzrqUPzySO+miFyTyVXKkAtgAEHjIAI4J4xXq2reG9LuLU+TdyRvJBGkIJyuTjK9cZxgY4OOntyR8IXcF+DaPE6Lb4LI+GXI5zkcDPAJyTxwBWNT6viUmnuldSdnq4qyVlpZfcnvfTSP1ilK1ndWtfZJtK9+lrXa67aWMC73Cado9qRRyxqCuDuGTk9T2JHB6DO0dDANO82GzkByVv5OTnO0jJwC2SME9CPQEVoz6XqNt5iSwOiFlYqQHUNnduGDnBXnHQhlPWn2ayLFGzAjy7olC2C2SACTuB4IXoMYOAOMbuHEYGk4pJRt2drK3Ly2VvNWte1/v7aWKndpxUZ3d3tezu7dHbRpPW69Gb9paxhgrFo45YADySMruGwnAYbieTnn5ehzhNNtGWK8U24uXEwlO7B2qGIC47DAGMYUn1zVi1cPEXkUBw4QA5+6CTxjJwVHOAR0J5FdZodjDHDqSy7VZ4gFGBg5OQBzktkjbzwPvYxz83mWVQqw92K0tdu7avyvbro29bW10te3o4TMKkHaUmrtNau3SzaTSu7P0ta+18f/hDWmsZtQFqixtKeUww45bbjAA7EjA74wKqx+BpVLGGOTeWjkDqhVUWTPDOMbSeijkcfXHsei3ywaPPbrGhURM7biMZkDJxu+YkDnjv8rDNadneRRwyRlMSSxW+GZVYM4fAYAEgED1XB6d8H5DEZBFtySklpdrS1uVt6Lva3ra566zSTjzPle1ru3SNldX7XvffyueNaZZeJ7W/a209tRmeGQl4YHkmZljUlgIsnK4GSSCNoyOK9O8PeN9WtZmhnS+KofLdZdyPG65BBzggoe3C9B1JY/Tn7Meh2eqfGB4p4oHQ6ZcuVmhWRPNMBJJSRSCoDbc9MjnJCgfSniX9n3wze6pda5btHaXyeaz2aQRR2Ny7tne6KpIIJzkYYngAEGt8JwRmmKwkMxwNeTSryg6d5RaVNQbkm5Ws07WcVezep42M4rwOGxf1HF0neVOEoz5U+ZyduVxellb7+yPinw94y1vUbgwWM+ptKCFWFBISw4JAZcDaT8p+709evsuh6b4vuhH4kv5ZbG0sZzbn7RIxmlBHyHaSduTtPCghvXk102gyaZpOrakLnRbeyazMlq9zawIUISMhW3bfl3sAQcggtjPUFbjxxpN34avdIjukW5N8ZYI3VvMdUYM2M8lSo3YBPG0ZzzXiZphVhsBiVjMXPnhSrONNylC9SHLy35v/AG22uid2j0cNjVWq0fquGj7OU4RnUinJqnLlvptHmXupu6T80jtfAl7dvqaxyEuJXdnmKhcsrcMxA2nAztPAb1HGP2//AGXpN/gFwSc/aEJYHP8ABnHAz3zkHB5z1yPwt8AajHcKlxFuzGSDkjGS4Gc8HB78Y74GBj9x/wBlZifAMu7+KVDgHgDYRjjnIwcjg578c/RfR2rc/Fsdea+HxFndveKWr36bNJ677H5p4y04/wBi3toq9G2lr3lDS/Rrzt10d2fTJIJPuTg5zn055PTOT0Bzz6oCR2OeP17cdMdeegPTjkwT8xG3OCB069DyQOvPPuDQBjoPxx6gcc8gfgeeT3Ff3auW10reTWzW+3frbXW+iP5bakn389+29722W/bQeoyQFxk9P5j8PQflTn42g+hGenAHX29Px69qFBDgHsOe/b26cnngj3FSP90/h9eo/wA/4VMviV+l/LWVrPa7Sum731RaUuXXf/K2llpZpd0V89vY8chjycdf8c9Ogp3+f8//AF6VgBzzkYz6cgnjHX+meOtQ7uOR3Pb8wM9jkZ6nr7VcLtPlta66b3Slfo+uz13TV1qWfdfd/h8nbZ7dbMlp2fb8epz68/1z9c80wY/+tjBx9OPpn8Kd+P8An/P4D1zWqbWumnWye3r/AMC/kFknr12Sv05fRbrtd6Jdixkbi5JG0Dg5OfoFxnJyMcYHc5FKxIJ75IHcZ56YyCAeOOM+gI5QYwdx2nHynk4Pc9sgHHp/gu4glRzgfKT05z17gn68ZOcVvFqUU97rv3s7281t5P72k49LJq+977Wf56WVreg2pVYEqOMjLN/vEd+O+Bx26E8jbF14Axgdu2PxPI/Klye/fk+/P4d/T3qk1Gzelnt0ttf5rR7WstWJ2emz2V9FfRpPp2/HzLcR3Z68Y5wBkenTtgMT3BHC9aePfnHp+GM8n6/oPWq0b4wAMgdMdDuPv0J6fXnpUwdeeQMEbhwPve5xzwcH1HeuuEov7W1n07RtvbbpZ7r7smmtXot7prS1rdfTX5vVq8nvngZx0HXuTz6A8YpvHTp0x745+XPB9+PxpQQRnPFBPTHc4z3HX1HsePbpxxoRzX0Wr/4bX0V/mL/jx09O3+fWotoU5ycZ9Dkduc5BB5z3GQV6CpMjsRk/j/X/ACaX/P8An+X+FLfb7/u+9NW/4DSEuddt/wDLXS3y+fkJ6EEkY6cenvz19+/NJkZ6gcjIPfjp1wO3IzTSQAc46kjnrkFs/wAzkHOeOKjGOQeuDj1z9M57HnBA71nK90kmtr2+5a27rRv8gUpNLRfPTtr97/yJjnngHrxyMntk+g9ec8HsMoF4wMgcnPTkkHgHpyDj09aAQq8D7xB68cjpnpjr+ZOR3cM5JyQPQ85P+HHQ/wA8Z1jKSSV79ejtts/x6rfyNrNNaq32X56a6X7LdW89RhBU4OSuMY4ByT2Ixx/e7cdOQKNueCCOeBwfxz16FhznB5AHApxOcjBHGM4yCT2B49RyeM56U3eOgIyDjrndxnPQbfTqcEMCMAGm5Seiau2m7WvvG1112XZ9r6I0SXra339/Xz3B+B3A79OBn1wR6YGR0A75C9ieePUc+vVs88duODgZ6NLE5I4x/PIxnpnGMd+vuMOwMYzgHkcHtySR0P4j6U4ykrRbum1vvvdpNJPbtq/ITj8NtGuz0tp6ffvpZ26jZLHHfPBycjjjPXgkcjg5556N25wc579Mg8A56epI6nIOOSMU7jOehPAI6nIGeuQeMevQmn12QuoRT3S+eq29F/mYv/L8hg68nOQQfryefw+7yPunsacM/Xn6f4/5/OlPsOQCMAfMffnqR6dPam5ORg8Y54yTzx04weecdutUA4D1wfXtn1z9aTAycAA+vGT0DH65/L6UA+owf89/8/pQMDJ5GSTz9Ovt070AA7ZPTucc9c5wB0/Dr2xS/wCef85pucknH0Y4Gc9884HXOefp1puRu3cZA9TjBPJB4zkbSQB/d5+7kFf87X9Un+v9NpEhx3A9jjOD27Z646deBkDkODAZwAG45OQBn1z69cgnr17VCGyDkHHIOR6denoMk9CeMYzgLjdjjj0PTHIyAO+OPy69QNd/67P/ACHf8df6+8sbs4OccHjGe/XP4dPT8CFxxg85yQw/Ag8Dj8+2AegqMAAg88+3UgZyCeAAAPfg8c04tj6+pA79fXjpjnoB6cpK39f1/WmyQmr7/h8vv230AjAPzHn1I56foPzznnFMwD254IwSd3IJyOcdyvYA+nV25eQe+cnPTBGCc+5wMEjoCT1oPJIGBwOO+QM4PIwCMcDuCe2Sf108u/p5fqCSW3n+Nv8ALYiweMAn5s89AepwcKMn3IBI6Zp20kcY4xndyoJycj/gX6/dz1KkBcA87cnJ6AHnAHcDtx1HTpTlB54H+yTxk4PbuMewPXnBOC+61Wvm1fSzt03WnrqGvlv922nXp6fqNOc9T0GAeCCBk/oPyFJ19entnPqeCPX8DUmNxz1wT6Hp3HQZPvkYPoBRtOe56c8DHtx1wCMY7DGfVLvZrVWW3TqtLW1W+vnoJdL66b/d1vrdr/PpeMLjoOpz9ScDPP1FSA5IHGOp789SMEHv6ds/gvT6Dngnr6HrnqOcdMUmVxkc9u4JAP58YxngHv0rKdPmtKMktU30bUbbPa+nVWV/Upad9/X+tiKQ854xg84569McZ7DPpjkGogSOOoJ5P1YjpwQAOvse3AqVl3ZH056fMO/XjHOBkEEnjIyTbnP1A7d8nuMYOMnvnv6CTildfK23wpK+z19dbKzuUnr/AJ6rp0+XdbLe2op9OOv65zx2759/YA0h9McEtnIBx16jHTPOaCQDx8x5xjOOeT6DsO2e/OSaTJwMHk8e5I68jgeufy7Vz1JpOz2ST69VGVmtFdd76PbZjT0tr000tbTXW/8Al18mj4wFOPXpj26/qPTFec/FI/8AFFatyQdkYBH+0x4PsT+uK9CbgYJ7kncQ3ToOMcccAkkcjFedfFNj/wAIbqeDyTD06kbhnnnnG48gjuQByPhuM5t8P55CTdnluJX/AJJb7/w/G/dlF/7TwPK/+Ymjdrtzxej7q6PmX7BFJDLLInmL9nsikRA8vzABtLAk5IOefqoJNdbbxm3mkkkcIZIJGchRgbIQUCgLjauSTjAA6Yrnrm5jt7F0XYpNnDOzHJwkJ3MW6kDgYHJ4x83QWLHWbbU4ZJA7FvJ3wBhs85ZI2R3C4xgbcdMnAP0/jSThRnCEYp1HZ817vRJtXdnpfy9GftUo160Oabl7NScW99fcsmr26K/zPku4kH9v3hXJP2y94xwcuQMZ4+vrnGMgmsd768OosmAwNyixjbwp3HJGeAOoIyc/WtWeNX1vUWyxZbyfOB/edlQfQbSOB0HXuMyW2l895CkmWfCtyCGHJyBnBxwcE8DHbNfE1f4kt2+ad09rXer6p7+eitZn6XhbezpxlFNKjBapveEbaJ3WttV0vozptW1SeC2vFZVDwxDEoYAOzKFYAAcBSecDJ45OcHh47ibybKQN98SM+5hlVJySSMA9R07E9smq+qLPJHMwWVwImHzFjhl68cliewPK+xwK56BbkrFuEoUIECqW3EE5OR6MBjGB0JGDjbphoRcZLZrRWcuV2UXay2fdvq7HRGnGK91rVpu+1rLa93+Lu7W8tXUp3ku0AlBUMxQB167AOc9vX1zkA98CS4mWFUdgM6hF8oYAj5hj0BIwcgdsDJzkST2sxcsysgV2IBbBAAxgcZ549yPSuO1dJEezZd4338R+UsR98HAI4OSCB79R6d+BjFz97W0k733uo7Ptp62XreakVKLTaas1rayTW/RWbTte2/keofG17d/B2josyn/ibW4ODnB+zIWyD8p5B+93PBIxj590Z0S1uSwDCKOQIQwAzvJwpGQcrgkAZ5GOMivWPi2mPCWjb1YAaxD1PH+oXgk46+/8Q545PjGkW8f2C5d2YRpdsmA20DKkAFc5JyenIz9Ofp8LUisxbfSjFNt3u1FavRvdJtNrva61yw9Jf2aldNOtNaWdnzW9dFdrRK3TqdV4mfz/AAPK+CiGa35yAGO5D+BB4I6YA5zXzN4oeCO7ts43MVLnd93bhQTgDg5HPbvgGvpXxtZiy8AYikD757bYoYljna4JAGMnOD0APJ618aeJnv7jU2MkZVYwEHJBzyTkEEnj0B5PXPXz+JlCOIgnq5UKLTW9nJSfZLZJJ+iWtz2OHacZUZ2ekcRVVrWvZwXRLfeyXe17GpLrd1Ypex6Zql/YTXYEMq6dcPA0wHJSTY2WXdjr0IGSMYHV/s3Wut3vx38JyzTn7LFqXmz+ZI0szlU4aV8ks5AwS3GGB6NXk9pY3N3d7TKYkVQ7Mg3NgAZC4PJIOAM5HBx6fRv7K+nrH8atCCB5FF3vLyjJY7SOQSM/MTnIzkZwTjHi5XhadTGUJyk3++g469pxldPfWV7vS2jd7JHqZrW9jgMaoKKbw9VSdopyTp2s3rKdr7ydktr7lj9r17m4+MGpeWFZYjbKABvOAh6jsMjLZOfXk14TcLq82nhmS3jSOUqWHyuCFJBAOcH+E5AznjNe4/tW3S23xn15yZCY3tUwowQ20Z+8OTnA4Ock9+T4W3iKCLw/qjOwMxuA6xsA0m0BQCOMg4GPTnI6HH2deCnRrybulNy5VfW0k7vS3VWS82/h08TBOccJgHBR1p0U1rorQba216bd90cdZ29/cXXl+epRxIksrLtRCOo3AY3ew56Z64rC+I1vf6bp+kGOZZyIpmR2J8tTk8dCCcHI5/76Ga2rLXhNCi2cW5JbmUuWKq/XJKsRxwB/tdvYX/iVE0vh7R5YoVCEFh3b7r78A8knI4z7ccVwJRVByi25rVpJ6XUZJOy5W9NXzK22r1PVhOosTTjJLkUtGk2npFtrpunpum7JHzNaeLNStbSSFXgWZ5z91Mkgthtxzj2zxk9M8CvYJ57jU/AOki4eSBn1QhX3EBCdv0xjBIXIIORj7wHlS6PDJbG4jVPPMm5geWB3E8DHQDB43EDJ6nFevG3SHwFpQnlGDq7AKoDEEABR0zuBHK/0OazouUZUrtXk4Wabulvfa+uje1mlZHZWhRaUkkpLqr63fW/S++l1totSuvgu9bSpJ7a+mu5zIpECIzsyccxBSSMkktjIJz71teH9NvdFs7wBjLJLZ3ewAFfLmK4Yux+bIGQy9RgZYkHPb+FdWg0TTbfVyZbqeKZlEIQEGPGDGwKnJC5II4A3DOcA0davre/tf7VsGZEu3vJZ7LgSQsVOTgE/JnOcA8Y7nJ92CqVOWEbuPKtHvZuOt7Ws389H3d/G5qsW+eKa5lyysvhulaSStrrezu9NNzyX4beEH8XNJZ3d/c2IN1ezyNA+Xfy2LZbJIx1xgZIGeBxXoms/A7R9OszqU+tapNHETIUFy8bMCGAMmJFOQ3YE/wAQz1xyXws8bWuh61FL5ReFzeQzM+FUNuGGZj8uMg9Oezc7a958aeKLC98KX/kzae015bFLVVuY8u+fuopySx4BC9s9K/UuE1hf7HqOrCDqRlO6m7OyjGUVq7JN6KyT1d2z5HO3jVmVKNGco05RhFJRfL9lt7crbejV0ld6nyP8A/h34d17/hPm1AapK1j4pu4LeSG7mXMZEZBIWRVZyD8ztlj0G0YavdZfg54QjTcItVlOchZr+4jIBPzbWDjplT8wyBgHANecfAPWNRsB4+htLO3lY+KJDKftEUZ3CCPOA2CQDn0OCcEDivcrjxL4kJ2jRrR8jCj7TC/TkYUucHPJ49e2BX22VLLpYChKpQTna7koy5rqTa1TV2lorXXTofL5zPMI5hiIU6zjCLg4rnXWELuzW7evqr7aHxr4a8AeHb79o7xz4fvILqXTtP0Gznt4hfXQIkLAndKH3MSW4y2MgnHFfSQ+CXw4n/eGyvS2Sf8AkK3hI45yPO6AjA6jPr0r5/0QeIf+Gi/H+pw2sVrcPoVissMsyLHGpZQoVicMxOTgNjHGBxj6GF74sEq5/s+MhDkLcx5J9TzyOM5PJzjtW2BeF9lVvRjb61W5Lx5rRU4qK3+yrJq71SuZZjLFOdC1aSbwmH5uWWrk4RvLlu9W/e2d3ottfmD4o/DjwppXxf8AhJpNvYTLp+p3cqXkT39y7yxk4AVzL5iZB27lKjJHByuPqyX4D/DS4eT/AIlU0cccpUq+rXzBuNoHzXG4geuc9OwzXy78VdR1n/hcXwfe8ey+1C7kNuTInkqwPymSVThVBwdx4PBPHT6ou/EPi4GdXn8Or+9O11vICdoYgjIYEYU5BJ65BAIxTwcsL9bx3Ph4zSqw5UoRaj+7g2uvLe3M15NaEYxYx4XAezxMov2M3Jc7i5P2t09Lq6el/N72R8uftHfDTwZ4c8OaK+laX5DSeMNGt5ma9u7jfA91CCpWWV02srbenJAJJPT6lHwy+G4s7Qnwvp5LWdozsXcNuaFCc/MCck5HB47dK+Wf2kNR1SbwpobX76TKD4w0VlNreI0rObuPCsFI8tCQcsOG5AGcmvoCPxH4hazgB07S2CW1uikavBuKLGgBK+ZlTgAEN/FuIyQSKw88J/aONdTD0+R0sPyKVOMuVu6lpZ2vpo3dW66kYtYz+zcCo4mSqKpiHKSqtXV6Nle+qWmj2v2aMb4hfDnwLH4Q8RzWfh3T4ZLXRNTljkBcNHIlsxR0Ic5IIBHbdyc4Arxn9n34eeDNU+G2h6lq2h217f3CXCyTOzByqzsE4zxheDnofTJz6T4z8Sax/wAIt4mR9L0vyjoeqK7f2xbEgG3kUFE3EsQMkKckn15z5n8AfEV3afDnw5DbxaIYkiuS32vWYIJvmk/ihkZXByf4gQcjA45xrVMIsyotYeCpvD1W4qmknLnhryxVr7pN2s9N2RR+t/2VXTxNRz+tUVGTrN2UabVlJvZ3V0tJO+6Pbbj4S/DvYpXw3p+QrMwd5CoZVyCVB27sYByOTkNz0+OPgh4P8MX9x8VY7jQdPuRB44kt7dpkXdFCHYFIywOEx0AwODX183ibUJBIDH4bAO/ka3bllBQ5KgNkkYCgZBxgY5FfH/wX1BYz8UQ2p6RZPceNZph9quAA5R33MhDgsOOCvynrxkiuTG1MNLG4JRoQjFKs37qim7RUb6Jab272sup35f8AWKeX4+VStOU37C3vNtLnTdmm7aX23tZs9W8T+F/CFvrOmwR+FNJ+a3ltwFiiwQjhVkOAMnq27g+mAOfzC8RaQ8HxJ8U2kFoEto9YuFjjBxGmHYKoXdjAGSPUc4bINfpdJJpk/iC2ub3WdOuUjlHkCC9A3+apdwAzZyGGAowSOTjHHwvr1tpn/CzfEjXl1JbpcavctaxnjzFLMN4fIyB1U5IxyTwDXMp041ORpczkm+XR8rcb3fZdr6t26HZS53TlLnqP3IWbuktUuumum179FsedWLiKa5t5IULQPujViOXLjDKcEbl5ADdOpIOK674p6u9j4s8HSzWcW8eH7PesqoMgRgbuQBnkkdONpxgEVYufDtkXD2V9Zs8Ny0sjySjft352nDAEHjHPXIJx0pfGXS7rUfFvhKSOe2Uw+H7NTvchWRIwGOCwyWPzDIOSBkY4q5KM6tPkVkubva1kle+3K33tq/I6aclClUbc/hTWjdknGTTdvs6bW0v2KVx4mtUs1kNqsrMjt80cJXJYE4CoMHGR6g/e9+mttVj1X4beMbiGxFolvb2ySKERGLMcbhhQN2MkkYPTBwVzyUPg/wC1RRtcahYhTEywKJQF3feBwGHQ8EdAPTBFdRDpMunfD3xtbT3tqUuY7TaYZNwCglQpIJ5bAYg88egNdEqajypW6O6t1a76W0dtHv3dzgp1VKUneXS6s1Zrk5d9lon2autnZ/PE93HeIj2qSRfYlHm77mXLvtHHlqwOGwTwcDqSd1eu/CWeK6u/EkgjcTP4Q1YXLuZWBGwAFWfJB5AODwuNvQ48dt/DclvtZ5Yp4ptspMU+wKqleDyCc8A+mWJzmvdfg5YFNZ8ZNj/Rh4P1RY1BMhz9nBLAgkEDnuGycN3xpOEfZOz95cqdno7OL5tPK/d3dntZawk/att6N2n7trNq8dUtUkkruVr9k0fMttY2l1IZGsy0cU0pz5zBnzM2WK5ymMfQ8cDivavgvZ2EPxG0s29vIJmgvgd0kkkbBoCAMhsMQOMY9MYIAPj9jpdrDc3JN/N/pMk3l7o5QqEyuW3NnlQeMLzxwATk+2/A+zEXxG0lbaYvEgulkLK5+doSMAn0PoTnqOvHdKUVQ5ZPZavpra2q3vbpp+Rx8s1Ubc466WutHprs331XTpZXPlLxWkFv4v1+F4pTNHr9+xcTSjywbhiAwDhQADwcDqDwvTpbeDw9f2Nv9qhkSa2ngZZIruR2lPnDnYH3YwB2K8kHcu7NfxVocFx4/wDGJk1E2xfW71Y8xsysfNbJ9iuQAcE8ngnGJdP8M2li5u5NckVxLbRpF9nk8ti0qZUMQFAyoyBjnnAFdkJxVOMU2/dSaWqsoxeunaz1fkr6nHUjUcpXkktebZ6K2ve99r72+/u/2htQg0/4g6KDYxXkcnhDRVjVw48qLyox5h+bOQmCWb0GSeMcL48GjMNEksdLtvsUttGbuZZGZ/NaJd67ww6EknjGcd8Y9j/aB8O2us+OdLE2owadLbeFNEVWlZFW4QwRnCpn+MjJwM5ODgdPNpPCSuUWXxTpgtyhjjSQJiI+WAHCDLZGQeOD35JNXSqxhGEJK7t0v/dTT0a9PNuzMZUqlTmaqqMW0ot2umuXV3Sb0Vrdnpa+vYfE140+C/wnKx2y28Uupi1R0D5UBySc/N1JIweCSvIOK848NS6Xf2BhOn2aSrZSyPNcKhUlWJBVSAVw3A2nhSATnr698UbKCT4T/C3Sob6y22tzfIl3IymKZiW5AH3SMjhuigDNeMDRLpbSJLfV9L3JFJHOwJQyxlsn7p6AZwf4ecfLmuqhOMoy0s3fffSSTV+jV7X1v62MKkJJxbmkkouT1TdlG7ummklfrr2stO/8GzQS/Db4zQ2sFvDbrY2HntEQQAJgzMuQMZAwQMcHuQc+T+GrW1vNMsn8iGeCPzdqkjzGILcseQemACAejHrXs/grRltvhz8W7KK5s2F/o9l++jYskZEwyzEswHXIDZzxkHOK8w8O6RZ6fYwaVJrKKZUDq9rEZUUMhBIZcsGJJz82OPlIBoTinJtyjJNXdm7u0LLr2fzeiWpD55RaU1K0Uk1dbKFlqmnG7eul79Gz2D4YWtgL3xAba0ignl8KawjosIdyi28pyJBwpIX+HkLwOCK+VLO1t5ERxYWzQiSUbQF3ZWRsO24MQS2RhgB8xPfFfXPwf0Cwh17XUsdXe+lPhLWxNFcJNEkcZtZS773wSVGXwp3ZOOckH5ePh/T8FLbXN2Xd2MUMgIyzExkZ5APG4HJJBOc4rsweJg51Iyb93l2VtbLbVp7a3bXVXW3PVo1VQjaT1k3J3eiSimlrZ6brVXurm34blgfWtNufswiMV9Zonlhd4bz416AA7Rg+3GOMV6J+0FeRr8RLlrizN3M2kaZklwpG63HzYXJJIIAPGCOemK8u0vSbS31fSWi1e7Msd9YkosJG8C4jJOccjgcZxgce/pHxwsrTUviPcz3P29pU0jStiQkAMqW6DcQvQ4xgEg+xAqqtSE8RTmlok3JpP+61bs1bfSyerVjTD+1jh6qi03KzTUnZNq7fZ2Wmyd0+queUWutxR3A05dNBtwpY5ZMKdu7O/kkqc5ycDHGe/wBDfES/eLwH8LLgwgy7bkWpMmEUM3ygBuMg4PXkAA5rwaLwpZzqr2VtdtJMGx5l0qyH5eTtYkkevGBgbWAwK9p+KVnbD4a/CeK4gupo7aeW3a3gmXzgQw3BepJXlic4AHJwa2qVqcqlCShflqJp9LSgrLdX6tJ31ez1OFxqOM4z0b25m20tHZtq9t2u133ZlaJeXNxputzyxIbh0hjuSG+QqsTZ3ckKDxjB7A9cGuu+Dkt3L4T+KE11GIki8NXygqw2usYwpycn5QQQOMYJ5AArldCtNObSNYtodM1ARShWlL3KK7xhThQ24FnGMHaSB0I5rtfg7aMvhj4qQR2U0VpH4Pv2jhkkEhlcDJV35IIIBIxnPcHOeyvXpOnFcs7NxUk1dPWOrtqtLbtb6efPQjVdSSUou23K7K3u6Pp71rt3/wAj4u0HX76zee3hnmaIR3DuIwwA8x5MNnORtx976Hit7wrreoXXiPSI1uJgJdUtkWJz85DPg/MAFAYEcjvt55Aq54Ya2/d3J8NpIssUsLSNKAJJI2bd8pOMMFPcAknAxkV2Wj+JltdZ08WfhCyGbmGASu8QeJ3mVRIpIzngEMDx2wcGuetVgn9p21T3torpJO7Wr3Wm57FKnONKPvJ3Seu6UuVrutu+iWva36ofsazvZftfeEbSVXZ7ywjiWBWJj3OI2bnnhtp3Z9e7Hnrv+CgFo3/DXnjny4F+fSNLmLsoIVlUKD6nIBG0HOMjgg55P9jhblf20vhObmDypZ5TDPt+eMrFAJFyeQchipPYDnqa2v8Agp/pci/tW6hcJLrcEuo6Hp0vl6RLGjTASyLuZZASVTYOQMKTg54z85kuKhh+PsNVcHJSyyUeRat+8r2TVr2S1vbbsehmuHji+DMRRTVJxxMJuo0+VJqF01Hzabbvq73Pk3xNIqaLpSBSVXXbOMBtwXeWO7I4GPmPGM5556jWazspopBdafY3DeYcrJDFLkfwA7lbB5PqeSOgJPhWr32o2NpaRf2vrzy/2xA0FtqdgZYkKMNjF4o13MGA4Vxux65NdJ/wmuuWPlpKdOvZXkLurWNxZugwMhpJsKCBxxjPGM4r+g8Fm2EnOo6lKSVoRcXBO2iV3FKTstk1fu76J/guY5PioQh7KtT5teVqfInotbNXbfW9+9+hoar4M8JX3irTEvvD+nbJNNuQ0cMKwM7bWy7GEJkjAyTnA9DgUy5+Fvg+2ANimp6U8giYGz1G5BBPUorybQARgrtyBtAwQAeavvibYR+K9JW/tJLRotOnM0lpnUEywIG4wj5Vx/Cw5OMkYBXu4PHnhW/2GLXrDzQI8Jc/6OwYt0wzZ4BIbjkDOQc11U6+U1HV9q6KbqPlUkou3u97O61dm0rp9HpwVcNmtGFNx9taNKKbi5TTlzWel7O929mt7O1iDSvB+vi71c6J481y0e0SK2hW/EV1GFK/dJdS+3ttB3dCSM1+fH7W8fiXTfHej2fiG9sNbePTgYL20he12oXIAnRidz7uCQPm5znKmv0v0DWIJ9T1t4545R9otxEbOVJklUgbmUqQWwQeFJXnBIbKj85f21L5H8faKFQuzaZGHUgF0ZZs5fGACAARkgdRjjjyOIKeCjlk5YWa/iLRVOaMldLa9ne6urXX4nsZBWxcsdShiFzNRbu6S5l7q6qK2b0T2tucJ4FsJYPiX8OdSvrjTI7dL7T2aGK6ja5RRJGYysILMwbIXA5yeM9K/RvxFrGk33xL8MWNjqDteabrmjNdI9pIpiil1OKQgFjzIExxjIycHIr8rvDMN0/xP+H1y0cjyPqWkI2F5CedHjoOCAASByOeCK/TW4tJrH4x6bN5Bzca7oT5kALv/pcIDbSSccc8Ec8jFfnU4prmutYSTikuZJ7P3VdbJWa33Wqt+iOd248rTUkm2t3pr5W16Wv5uz/ar9u260XUPAnwj8zVIraGzto2Ed6Vgku2fSAAsJk2gneBxzwo4wePz7n025g8LeJQuI0fwhAYhGpZgkkisoLJxnHPJJJzncMGvrb/AIKI2Jv/AAP8GxLGpjk8uSPgBgU05VYKRyoznBz8px6YPwhrHi/VvA9tqcenxpdaTdeFtKEulX7F/PIaNJDDKxZlLnO1WJ5OF7V5eCi6eHSjdpzno3vdq9vkuvnqldHXLlqVFzaWUVJytr8CtdrR+VrW173qWVjeRHXopjJ8vgSzcvIdmdwAVgpw3fkdBkHjFMswi3/guJl3Omh3YwOcFo2HI3NwueCSvGBgV2Gg694b8aJ4q1G3jl0q/Twdb6emj6g6wy70Tdm33MPMjYjKMBuKHC7gyiuQkR7LW/CEMqeTKvhu7aRUBLFmRnBPBOSBkAcEjdwAK66VZ+/FqUWlbW62immu7fforq9tQlRalJp81oyfM3vot9m1bye/q156trHN4TfdGysfFzDcQ3zBbgDIA4GFHODuBBByNtaOnWoGm+IkhXO7WSpbjJSBTJ7tksOSxOM8dSKhs5Q/hixhLOGn8UTvnqxAlLDAPB9eTgnA4ORWnpURey1kiTAk1i9X3YLC6hevXBORxjvxmnKTjJt2+JJPteUbrz1Td+19BQgnK1knaPMo20acU7X6uyb7fJXqaZIh16OZ8H+0fDV9JIWzgAg7FUg4OD/nFc6IL64ufh9DZ2Ml28eqTpEkeQ024scRYyAQvPQgkg5GcnptAt5LjUtI2AN5PhnUgcgn/Vkck8nIzyD3Axg/MdeKKezuPhTf2YSG6/tudFfJ2yEFvvDPOckHGBycntUVaiVNyUbuMXKSu7r3Xf1d2vPddrXRpRnUUbPvGWt780G0311bbunor3vvwetT6vpp0yRLybTL2Px1KWMDNHMhRztjnGRvxja+4YP8WSM139v4x07W7O/03XYvs2s3PiizSLUbVBFYT+S6kyXBAAjkIU5JOGJ/hziqnjDyb60hvZY42ux4+ullnGNg2OdznsckgkcnrjK8Vyf2U3OhajiNJIT4pDylDgsqugGwgEgkHggjG7IGM5xp0aWIoRk4pStZSWjTdn62fRN26XWjNHOdKpLrBSV4tOXu+70+KyenSz006+26ppkzXPxMuoDE8b+H9OAZT5m5fL2lhJyp3DkgZ4yTxnPIXVon2XTopLZSF8IR/MpUMCXX585HBJxxxnv6c9N4o1vw7J41tEVJvDs9lp0dwkjeZeW8b7cCFySxUZYlTnHrnr1kGr6LrMpk0iffbWnhqytWWb5JlnlHzRmJju4IJHUHBOSM4450qlBJbxundXulaMf11tdfgjrlOnNXgpJK3Mna7bcJNLVbrfXTa/Qg0uwjfwd4hugsRNp4htIwxfLhWKBkXHQt0YgE555zmvp/4O+NPhl4X8a2Hh/4lfAjTvi1pevwW1loa3ly1pcaIURTc3i3G5Wij8yRWLuQAo7kjHzCGaDwf4mWJikY8SW7MV+6MtEOgHGMY4BHAHrnv/h1Hf8Aj/8AaG+HHgJb680yPXdQ0zRHuoky5s7wQi+kXaOD5YA3A5HJ7CviuMa6p5JmNatOpTp4ehWrTnSnKNRRowjO8XFpt2TaSeq01Po8mjD2tPmjfSCa921lJK9pa2S0s1v1utfRPjZdweEfGfjHStA8A2Hw+0FtGjsTp1hrLazHdCSQTW8kM0kspQeW6hlDYV+F7mv08/Yn8bfAT4da7rGvfGfw/p+uWmt/Drw7bW7PYxalqekXDFoxNBZyrIGd8hjKqfJjOTwDmft5/sKeCvDWjaH4p8L3l5bXOnaZLDPsne4g1gWcEJku7yQs6iXO8lCQR90EDFfnJqXwq+Nvxe+Ovh7wd8HvHOn+F49A+GWk3Oq3F5GojaCQGNxgqPPlIUiMHkkcg5Jr8myjjXJ854WjmNHMo5dRwFOpLE5jmEZKNH2EqbbrXc5TTVk1qnfRPr9bUwdPEU6lONOpVoYlqlyUZ+zlZ2vKEnZRel+bS1+1j6v/AOChv7RPjDS9G0z4ZfDuzEfwS8R65caZoviPWNAsrfVEW+jSbyYmt7ZJjFCzsiuxHyhRk9R98/sU/wDBTr4F3XgX4c/BPxBD/wAI5q/gjwmmkeItWutOK2clzZu0SyuViVladVEm6RuS3U8A/it+0f4A+N37NUfgHw18Y/i3pHxHh8Q3U2q6RbrarOml3ltEs8QkR1YwxQR7dxxtYAAkgYq58Pvgd+0L4n8BQftO+EPG3w7j8N+MNStVm8BNaWMV9cQaXetbXV3K7Rh/JCRM7xRkMwOSpyTWeZ8R5UuFMBmi4gwbw+MxDdDNqfNCjjKnM/ZUoKdKbd/Z2UXGNmrXWhhSyPBV8X9SrUMQ6NOnTp0MMpuVSMpaOSlzxUpycm7tO+qta7X1T/wWC/aT8LfF26+EWheHtbfVPBkV7qVtqGtWUMbwxWk6mIwwIyM+RnryM4xxX5mfsnWVr4f+I3im0097xNJk8J6hFp9xf272/wBpjeR/KeIsq79zZDMp/wBkBj1/Yn4ifshfs3fFH9k+3+LWpfEq703xtpGlT6jqUui32mrp9lqVpdOZNOttNbJeN5I9pEYaRwAoGcZ/Oiy8Ty6p8bPCvha5v0v9O03wTp9pp1wPC0vh83Nj1RJ2MMS3bE4Z5xuMnOMgEVx8F+IOBzytPI8I8RXxEPa/Xa1WlKlBOLTh7OaSjJpLa91vypXOjE5XQw1JToKrSpYKUqFOFePs6jnGS5oNOfM43fPGShaT2eqPH/GGmJ4m/aC8LaNqYsZbPUNb0nT5n1K58izihNvEHndgyNiMcghhtxjI5K/tXofwc+B3w60RvF0HxLs7W4n8Q6Bo8qXHic6lay2vnQiaDSLK4upViBc7CrIccMANwA/mv/bR8Yal4V8b+HbnTUaK6muNTmWeOR45FMNxJao6MpUhljRdhyACqgHOMeU6P8TNXudDtr3UdU1WG10TUNO1OOK51C6mWS7juEmLGJpCuZCBkkfdHGMc/cce+HmacXYbLK+BznEZdh8Ph3D2VGOtWpLlak3dbSilbRaPazv4GV8RYPLcXiKFegvbOV3NN/Ba13JL3baPukn1uz+1/wAe/CL4NaD4H8deJ9B8KaVqGj3Hh3Urq31eTE0sF5PpUjyXEXIBLyEuzIozuI6dPwU/ZM+A+kftU/GVvAmo64vhqPR9J1m7i8RLq0elyPZfapD9k02KSRPmYHYSOA3zHqSOfP8AwWA8aD4d6v4Cv/B2nzrqelWugadqK3EfkLA9ktnLLNbBgBI0WXZuSS2c8ZPwNrHxW0QaF/xTz6z4N8Y6ebuabXtN1W5043UdxI03kxPHLG4jOSVVW2knOPm+b838OPDPj7KMNxDgs4xWIp1MwxUJYDFVKyxMoUoKUVNKUpOEWnH3bqWtlqkdWa8Q5ZKl+5xNKpP3XGUr3i0la97czi9Y3aTdl2t++f7W/wAHPCfwF8L+F/Anha9v9T0tfDyNJf6veJfXTXialEkvl3UbMgidwXUDA6cjpX5KeNvjf4X+EHx21G48Tm9a01fwbDpEEVvbwXYWa7hESTNHKkiYQuC5C8BcqVYCvKfgf8ZfFvxF1a88Ka34u8Q+JbS3tLAw/wBuajPeywyJcxb0jed3ZYydzLswGPOPTyL9t+J7X4tiP/VyR6BaCJi3zB0RR8n+0AODxuPTHf8AoDhzhTEYXInw/nGJeIqzjV9rXhze9Cc7q3M3qlZN2tvs9V89mObL6gswoctRxlCLlJJRlJuOrs7LRJWT1utdT9GfhT+2J8MPCvw38SeHNau5Nd1Lwna3yeFnutChna8TW3MtzbWjJDugMCu6q79CoIxkGvV/gj4y+DPxm8O6poml6FI3iq11TSbi1tjYebeWFpdwtHc3lz9njUqkfmMy+YMAgKBnr/PDp1zcjRtrX13Z308zF5o2PmSKOFJwQuApA4GeGO7kivqT4EftIfFf9mXU9U8UfD3U9GkvfENvZ6Zfw6taJdTXEYIZT+8V3DBAANhHXdnIxXy/EHhRSeDxVbJK9b+0WqToOpiJUqfNTnFpScUtGufo77N21XNl/Ft1Thi6UVSbbk+SMnFKNoqOz5o6Xu7y0fQ/dP4FfsrfCy816TxD4nvLS68JaX4j8X6HI2qpdW811fRSOY5VZXTAhcFFQEDAHBGc/mZ+3FonhWz+Jlv4L8J2douirppC3FtNPJFcMnmbZA0zMqt8oBEfy8A4JIFcPrX7a/7Q1l4dnt49T0h9M1nxJqPiS7sI7dUnt7u/dmuYo40UOkRGRtIycgjoDXzj8Q/j3q/xKudH17xDZx2mo6a0FotrYRMpks4Cd5LEZZpcncSWPPJORXn8LcGcVZdnk8dmNdVsKqDpwpqrz8s4xj7yTirzk225X2+SOnF51gK9D2anapJq6akoyhJxbV7yV3G+uj6W1Ppf9lX9ir4m/tJeF/iP4s+G/iHQdGg+FNikmtxaw8SSXKv+8ZYssgULErcnceAACTz+mf7C37PnxU+CWteJfEPib4O6X8VPBvxK0yWPQP7SntrkX72M6RzSadBIriOMyZI2rlkGMk5FfG3/AATy/bk+DP7P+g/HTwx8Q/7V06H4sJFaaYLSz8y2RYrZ4pBdsgLD5yNuGHQ9Rmv2A/Z1/bz/AGZJtD+DOlab8Q4rWTwadZg1WHVXFnbWkE1wDCY5JSqlW3gqByQGOMACvk+Oc/4/wuOzPA0cpr4nL/aU4YStToVXFQ9gqkpqpRklZVIqPNK+ui309zKMHlVWhCrCVGVbRuPtYxlZQ5tactW5NJOySXZNWPLvH/wh0HUNB+NUnif9n+20/WpfHOjQaNa6QpB8O6ddPELm03QbYxPIjERsV2klgPmwB8h65+yF4E8RfEDxpHZ+GfGfhzStG8NXD6TaPC9wU1SC1jkBmODugZmct32AZPTP6OfE79qbwvr/AIs8cweA/FOmXmneIfiD4fQ3n2+2ktZYod7G4C5LSBGIxjIbooOK4j4ZePvih4w8V/EqfS9S0TUf7EfxJbaiLmDcZ7YWsawiJwxGSrYAweVJ54Ws+F+PuM8nwGJqVoVqMqMYVHGvWryUb+xS5VV5mk3zqzastNtSc5yDLcdKk/Y0lKUVG0KdPmVow6xkmuutr2V91p+XGrfsdXjW/gAeFNZstZvfFls8ssM0L20thNZtIJYpS2FXkAc9+3Oa8IvP2ZvircT6kbHw8LqHRdavNOv5IbpAXuINpZVjOTgkjaRkcZ7ZP7c/DDSvFGv+J/hTZW0GlW9yDfecBZM1okaTyvKHmCgCebfg4OSAvOdpr5z+P5+N/wANZviHrHg658OWFj/wmOpW2pWstqZZLiS8QKk1soBC+WBn5eTx/Ec1+q8J+NmaY7MqWBxzwz9pTglKV4vnnNxUG4qy5oxTtZvq/L4bM+A8JQo1KtFVU0uaUYSetuRrR3a1etvno0fkZ4s+B3xK8GRQ61rXhDU7Cymt5ZY7qaPzITGoO5mcDCpjkktyMfj8m+II3ktp42iiRxraMzKoUn5lyeAMjjgEEZBIGa/ZrwJ4g+O/xc8GvoOvXWhast/qU+iCSazn822gmG0xqT+7EjDIRR0PU87j84+Nv2arHw18LvjP4j8Q2D2+t+CfEFpaaYsCMqF5WAkeTOeSMbeckk8ZPP6njeP8rrzjQq1qMcR7SlR5KTTfPVlTgrytdLma79Vax8th+F8XSl7SMKjpOEqicnZ8sUr76J7213tqk7P2v9mPT4JPhhq8ksW55tHlWMr8pCiPCktjkAjnjBA5yQALUyXcN5pUcUzGKeykUNu3FShOFJz8vI5HpweM11n7K+nxzfB1rxhtWTQFyoBLSbyQAQBjkjHzDkDJqpLoWpQzWt9ZW09zZ+RMOELAOHO4g4ygXBPJxjgEgGuPE16TxEnVklzKLi37qXMr2e+/lrtbVHv4KlUjRpxgm7Sae90kopp+q01tsrJdeW0s3M2o6y5ZRNaS2jMQCGYBwCQB94/xA4C9s9q5j4xS6rF4stNS0nxBqWh3tzpEAMtpNJGihQNweMEKzMflOQflGDnpXoFlbBvE9/HFkyXcNtMyc5/dsC/AwcgA8j6rkU/4seH5bzxVYizt4WmOgQs0UssUaMg6su/gOQDwuCMdB827bCV/9so8jspUnaadtPdtK6tr621u+zWeOoxeFqOajJqok09tZaPazb0V7Xd9etvlX/hevxc8AQskXiJNfj+0CeD7barL5jK/EckiADkAAcnBHIILGtfSP2zfEN3eRXfiHRtIk8jUm+1G2ma3keYw7ApDnbGg9SOWOAeMVxvxA02/0uwuPtNs9pItyDEhVJVZS3DYQEqOATnKlc4BJ5+MrvW76/1W50xILVI31eGV7z7KVX5SAQxAAK5AG0n5sErndmvrsLisypLnoYyryxacU5twjZXV4ybTd9EtNL2PjsThsunNRq4akuZKLaiouTdnbmiovmbtrvZvV7n6v+HP2u/Aut29zFrNvqOhXEcrB5ShuLZYixAbfGuACcFSSABxjHFe/eHvEnh3xVbR6hoWu2uoQSRq7NBMm9WYAhJFB+VgDhgRk5xgnIr8HdQ8S+LdLvr+G1Ejw3k4t4Y308i3uQh274CUJZByQRnqBjHNe3fDrxZ8afCXhKf4j6NpKweE9G1Y6Vq962yF5L50Z1hFixDtFjqyoWx909K+hwfEuY0rPFxp4inezlCfJUVrK62U3e+iS73W54ONyDBVV/slWpQmmlyzu4NtpJcybkr6p6u97p21X7NjTbSUxq10pySchgWUsvzYODjvkhTngAdRTJtDSQ7Vum8qPIxkDA3cdfUA89M47Zx8c/BP9qTRfHuo2Wi+J7ODw3qbp5a3lzcJDZXMyDDKWkYGGSQjKo/JJHHPP2pDf2aWzXCXFu1sxDBy6kMuMgxy8oyHAww7cLzX2GGx9DG0VWw84yVlzxlKUJRaSbU4tPrp0S1tI+SxuDr4Sp7PEU2k2uVxcpRmtHzJKylG/q1a1luuQ1iEQWlwouHKqUUA8bsOvHB4GOgPy9AepA57WYEuLYXLKs0kNurROrBGUqFORxjGSR6n+e54q1m1NnIbaSzmMihY4VkQvLMWATbg9ATgkjucZ5A+U/HH7RekeEdZTw5q9hNY3XkmKdlX7QrOqkYEaDeA/AXkfKAwwBw/7QoUJpVqkeZRWkVdWbSUlq3a7Xnaz6o2w+Cr1qDnCk5RjN3bb0TtaXvO9k79b30Wu3X6HqTt4zeW/REhkkFqk3mBZI1RGBViSM54PIGFBJA4z6FZXc8sN/p9g0s9l9uGJfMzGpJJYKRyTgc8nHXIxmvgfUfHa+LtUvtQ0S/j0aSOUCC3vjLb7pJcgXK8qCisQACDx1wQQfpD4I6j4mmj1iz8Qa/Y3qWiQLbCzlR08wgkO0gO0sQdp6HORuOBXLhsfDE11QjFuTlKXOuXktLldves7NJJqzet30R3YnA1KeH9tKe0YRcFv00k7pNX1srbb2sza+KWq31rFaiWSeOOGKYhYnP7wIyhQzKBhPQjAGDyM4OVo2u3uq/2VM00qWkF5pqozOnmhiSADkZwOOW64wRxkt+Jeq299qFhpqJb3BMrW9zG06BhvkVXGckfMNwHH55rG8SaJb6fa2+oeHnhsYtOv7MXdu95ulcRsrboo9x3AAPkkdM5yK5MXONPFV6jlBTtD2cXJc11yr3XdNpK11prq72R24SNJYajGXNeTk6mmtmktXs1FLvddrHueraJpZ1wm9kS0m1APHJezeX5SqfLIkmkI+ZUBLDqD0r6Q8FJ+zholhfeEtas017xIbu1vU8QJFDfacqSxHzkUIjMoBATaDxz1r4G+JPi0eJdaSx015njuNCtIYGMoWOW/kj2yYKbFDFgAcccgjnivGNR8aeJvhpdaSsdhJBqcaieaOZ3IvIBjKo7Fg528A8gE4HSvnc1w8saoxqYrEUIQmpe0w83BttK93G/N1lpv5nfSg8PyyowpVfcUbVIqa2ik1GV7N2tfdemh+jOt+HPDFrq003h6HS7XTrqUSxRWDiKOPLsN0sRYsrseSpxgMSAeKpx6VDGWd7uyUH7QV2SAEbtoAx90kDJOMcdccV89fD74v8Ah7x3GksOmzadrSwJJf6fPOPnkZjulhGQCgJ3YHGTzjGK9TfWVa3hWO0U+ZJJCSW5J59DwwGenocDJwfs8pi4YOiqOIliIwhy+0knzy5eW7baTvqu+3U+RzGMvrFT20PZyk0+WNlHSzbVltZWsn+B2Tw6fbRSZubcMsIG4MGO5Tk5B9cjryfTjiFbmDaGN/BGrtEQDj7uD1xwMdcdBxxmuQkvg/mgWy4GASV3YUhQDkemDn5iRyO4zWa9kwsaRxuuImI8vL7VbJCk9+5HPAI6GvVk6lr6qbtZtct37ttFrrprrrd9NPPSpJpO7StJ2lttr5WclbW9nppt3z3llEkqtdRHAmEbKoB5UDcDt7k559ODzk0lvbD7TGouYztWDGQEGS+TkHq+PTPpzjjmZ9QkVH3lVZvM2KY12hfLyTnHRQecAZJ44yKwLic/LLGUlkEcUhYJwFD8jjPYcA4OcgngmuOcsRFSbs5WabfxRTttr00tdb29VrCNLmi0nGMXdK+kmrdFZtPo7bPZp3N3xLf6eb8rFeJJmykZ/u7SVkYkYA6jIzj1AzniuQ0R4Lm+uXMqHy9LujwAhfAYc+gzxjHG7HAKis7U4WF6JiigtZu5UDGCXLLxnAwCCQTzx8uep4Yy91fkRgH+zJQcggj5iD17g8Zwc555AFfF8Tf8izExk1JqCvpo2507atXV3q0+2rXT7jhKSedYCVmoxqXV3faOitr+baavbVHtfgXbL4l8JCNiVHiXwscFhlf9PgzgZz3JwTjuMngf3R6CNnhnw1gFg3hvRO5GM2EK5GR7biCO5yFOa/hg8A2zJ4o8KFUU/wDFR+Fzj7rEfboCSB6YBJ5GcdRgiv7otBwPDHhcZOT4Z0PJJzgmwiBA+gySvf1z1/n3PlFuPK0mrb6pWcdb3b1S6LXa+h+vZ47TwDs7ONS6T1t7j110tpou2mhYZSCuActjJYgkAdscZycYJ44HUsKCuQBgEHJAzk9eMDgngcDIzjkYxukOC33s7sjAKkgcfNhuvOc5APPGKaWYcFQMgnII+9yRjb1IUY6e/UnHzMoq6binJJXa2eyTd7aX2b0um766+ZGorW95q2i2e67tpX1T72Sab1IGj43Yy3TPUsM4wABwehJxxzwBkCE2wznOAc5yD05zgdsE5yOuAT6VZ3EoDt5HOOcbfTscgk9SeTj6oDtBJA4z16AHqwz3HTJJYnGBkmolGMuW8fu0X2Vrqm7pJLS/exop8reu6XfV3V/TV7+Se6K+3YFBBI5A9BxkNgjkHAx6jk5FM2gqCyZBJBwDuJ9xkDrjgdQcnByKtj0DcnIXGASvViQeuT93bweuGppBB4UZIzgAFhjAGDgjp7npwPumqjTgku3pfm20utVfd29bO5m5y5pO6vpa7tZpqV3aydrt9769Co5ztHJ64JB4Of73XdnIAJPPbpmrI+3KqSDjAIOTx1z64BOSRjJx2NaLRggYTnJ64B6cc575Oe4PGeKrfZVGQW24BIJGR+fB4J6jHfAGRjGpCXNo3rey1bVrXd1203+9M6aNSC0npa2jdney1ava6a2sviu9dDMlkkAI+cNnv6ZAPHXGehH4YI5oTNK+4guykAD5WBPHbsAMZJAyxHocDbe1xglsvgADaSRnLE89uQckZHfPApDbkkYUg9Bn24JHGSTnaOpGAB1rCdCb6ta7Jt326tu/V6W+fTshiKV24tOW7WnlZq+683fZa9HyjpcFgCZDySeCCDx9DuHXk/XOKpSxy5yAVUD1JIJHUc5+bJ6Z6jPpXZyQJgsydCR8hBPAIxgZbOOvJzgdTiqMlorg8qGz0AxjoRheBxjBOO+e4zxVcLV1SbbWy00sl0k2lfrrs1tfTto4ykrNxg1ZbpXvddrd+3Xc4eZZ1KsEPI643HqecYBA59uOuOlVXW4LfMT8q7SRwBnnkdD/AA4z7Dgc12xsVOSFGR8vORzgnJz1AAzn6ClOlxsM7QARjCrlQBnIztwR14yAM9M4Fec8DiW42vq+uiey3X4r8GkretTzPDxSvGK0ilZ/4dt1tu1ptpppwbrcZC7ywBOQBknkggMoA47gEgD8KeLSeT5SpKnI5BPGOmc8lTgnnnA3Ang94ulxfK2zK9TzkHp/tD0GduDz69bkOmxxsGVeTnHAyD6ncpAPHP8APqDcMpryadSVldaJtt6K9lbb523bS0JlndGCtBJu11snze71Wunlbpazujh4tHkc5K5JUbcqSCuMn5uAeuCWHvkDONaHQgAAwHTJ3EhuOcDPB4GRgEnJB5bjrltmRdobgcDC8nO7p2P0HA7DkClaMDjaT8uCwI4OcnGDgH6/dBxxzj0KWU0YfFzNxe+r1XL8+/k9el78FXPK07KErJ6aX6W6vta2jdl6GJDpaKCNo+Yc4UADGcDJHbOQCMc5A5OdJbONAAFwSM9ASW3AkgY6nv3HJziryBgDgEEk4yM8Drjp15H+znBPQGXymO0cZBByADjPGB2GAcc+nXPFenSw1GnZKmltptrole17+b7dNzya2YVZpuVRvRdZXe2ibu7W3Wn2tSkbeMgKVBAYAFsE9vzPT1wTwQRX8SX/AAX0t11H9ueZY74yLovgzQHezlG5V/fQSuqxknerIGLgKeO+cGv7fhb5xtIPIBwMFsHcSR2x09snA71/OF/wW3/4J2678VvEfhf9qn4b6NrvifX7W2j8JeM/CGg20t1e3FvKypp2sQ28YZ5wkpWGWNFJWMFyAQWr7PhPE4TAY+pUrw9ypR9mn8NpXhL3XfW7VrN+ad9TwcwhVxlOMIyalGaavK6bdotN3aaettHps72R/P5/wVl+Geg+CfHf7PnizRbXT7DT/iP+zz4O1tbfSbKOzhW7tNOtraedlhRUeaVtzSsq5Yk7skk1+Rs1nayxiaW7lLqq+UuMHPXrjJB+UZwOc5Pp+2n/AAU7+O+k/Fn4afsw/DTVPAmoeDfi58BvBR8HePoNVsWsp4bS2ZItMgVZEV8XFuiTFDxu4IO4Z/Gm60+OWEzRhYmRVXB5JySXIA4wOpGRjk467fvKtehi5urSVozs1rLT4W0rPV3SW26unsjyaWCrYSlGjVfNOmnfvK0tJN2+0rb7K219chdMtozC32pS0i7mZAGcHGApGSPU56fezWpZ6bYyNG9zdyKu2T7oIC7eQW7AsRgcDHvVZo5gEZFICoQCFO3dkAkEdAfTJz1HvotFdCAZhxmIk4DFiSRy2O3Un3IyOWzhOC2jK22ul7Xs0+i262av1tr1Qm/dvFp6WTVtNHZWbXzXf7s82dkSoZ5WEjtuckYVemM5OcgDv+HFbiWunJDbSCMAwKGRSxO85I4YN8pbjd90nGCBg1k+WgVQS3mFNoUqSNwIOfm5GDuGPQnj010tg8ERLAuEyqgcoN3Y8Atjnj15XPFZyVkrvZbtK9/dtLWy0te97K99jqpSTdnGN7XWlnf3dOq1fW7f6+9/AD4jW3wr+M/w3+Ik5aK08PeJ9NutQEESSH+zZZVt79VDq4J+ySy/MRxkkEY4/WX/AIKV+MrKf9q7R/EvhxdQX4TeN/gT4Wh8EXkti8DywalaCaXZIFVbhY5vMDkbsbgrAcE/haIZGiVEL71QkyE8ICMKzjopB5yR/CTkk8fd/wC0b8fvEHjjwX+yjaeN/EVpY6j8JfA1/YrZQ2yhdQ0Gzi/4kqXc+0LM1wMqW+YKTnPzc8qUVioT5k5ThOnpa70Und6NJtSsl5aLpvKHtKck17sHGSbsldyi9eZbtq9lqne1r2P76v2HoYYP2PP2cUtpDJAPhhom0njO6N/vZBbOeCCB0GOhNfTjnnJyGOSeeSQD169ADxyMkHjivza/4I/fGS5+OP7APwc8X3tqlnc6Wt/4TNsilY0h0aQpFsyMEMrAhlAXkDk5r9KnViScc/NjGRuweMHOSQRkdO/XJr4XHQUMRVjZtqct76pyVnve1le/4bhCTW2tm1pdu2l++6s3u7JPoVHIwoBbJOMHqST1HowHzZ4BPpwKryKWwQTuBJAGQOwOF6kdfxGcEirDqxI64znoSeO/HHG4Fs+ox0YVAwAIJGTwA3CsT03AAYwMkk9WA9CQPGqSiptWvpdtvVtr/g2Xlvod1N+7G2rsrK27XKn8Ts7PrttHzKb7sZJJBzjIzggjJOef6H6Co2LnJA+6GLcDqQTk8jHAz0Pbn1tFiC2fmxjbngAkNkngcYOcHp15712Iw5+ZQB7ZODjJHOBjt1OegxmuKrKCScdXd3T6NNdbdk7P06o7aUnKylyvZX6N+62rWv0W6s3bsUW3sQTgqDkADnocbhj1IU46jAPclobney5+8u3cB26EY3AKSD8w+brntUu/JZlBAxjsBySCTk9urAE8jgDrUIG9mIwFG5uDx0I5HGORgDnsQCBgcMua6tfV9G7u9rX6J3v6/I7uXS1ndWWqv23066dttPLgviw8cPw08ay3DKkTaRMj5z8qPG4LAcbiD0Geccc4r+bn9nPUbq+8ffGT4K+Db6TSz41+I58Y+LNcsiI9Q07w9pmnIUgbYSY4tRlRoM8ZG1gMAk/0VfH1Xb4PeOQNxMmlNFhQd2DuyMjo3OcZ4UYzgjH87v8AwTn8OjUfjz+2V4yXNxFZ3el+FLV3yzpKtqtxLHF3V/mO4jk8k5YZHDjZRVPGzk1/s+ChNQdnGc54mEIOV105nK3daeX0WSqKpUouOlXHSindNQ5KKk3orO60vtrd66n80/7TOhmT9o/40W8DhbW08WaglpJI37yVIp5ApGOsrY3SEnJJJ3EjbXmGiQXTrbwoXdY5t8zxxPlEHLFiBwDjvng9jzX0r8XNP8Pw/tSfFmfxak82kjxzrEMkcNwkUqsk8xWQhyeEbg9hggnDHHceFfANnrN1Je+Ctd8OaHaXF1DEg8TXlobV0YjaN687nAJbOMYPBxz/AEdleb08BkmWwrUqko1cBQtUjGTg26NJLmau1Z7ad90z8fx2VVMfnWNnTq04uni6ynCUlGo4qbvJJtRdl0bi7bdGfmP4ouhD41vZY3YSRX9s/wBwiQKrqo6Ak56HB5PXkV/R5+z5HNP4J8EaeGOyTw8l6jnAKtPbhsEEAg5YDBOfX5gQPyg8WfBu38LeM/EN/wDEXxP4Dgs3vbK4s9Q0pkuBdyCaMpb2/lkqqAcyDawILFexP7N/BiDTjo/gSC2mgMp0tm823wI5rJo8wOqrhURoyCo4HIAwcgfmvH2bxxsMFRp0KsOSUnKrKElTleMFyxbSTdm3dbWWt7n3vBOXLAPG1Z1aVV1XTiqUXGU0ozs7pN8uibvquqb0Z6f4zCR6Ja6eYhI39h3TK7MmFzCxLHgKCMAbuBgmvxM/4KA39hY6N8II57lZpBDqHmrbAOsMZlORuUH5h0b3HQV+pfx/+K1pYeKPBvws061mur/xJuHiPUbMOsmgeHUl2yz/AChvLkuFBVSWUAMT0IFfm3/wUR0Tw4vgb4aQaLFjS7fVryzsLyR1a7mh3szCeTDOdz/MSWxnIABrj8Po18LmuCjNOMa8p1qcZb8vK4qUtXbma0va9r7I6+NZUcRl2KqU2m6UKUJvXvTdk7Wula2tr6abP80r7xTbXOlWcFlpxuI7SQlJLtv9YSSRkZBwc5IbpkZy2a6bwbca94su7qxsdNhjmWNFC2lk1w0YOAZJHCsI0QjJduOuBhTXlN3p8tvHDEjiNC7ABpQQSnpgg5BHPHU46V9vfse6ivh7S/G+rXPiPw9ou5LeC3XWYUe9u5hGQqQrIHYRuwwwXknPGRX73nGa1sFg5VqUFVnHkXJtq+WC3S2Tvu9tr7fhsMLHFV4U5zdNWi+e6VrRTWspRbtG2jve+pxVn4Sig1OK28Q6jdmWNRbBWZreB527Rn5P3Yye3zcYGenqdn4A8MaV5MlxYwXk+9cuZy4ZXG4csxPBB6+4HcV4T4+8QSv4w1NNX1h7u8fUJb7GlxN9lAkcmJIT9yMYYDAAG48Yxmo7D4mXmnQs0Gk3N9cE4EuqznyiBlU2gHJYdAADk8HiufD5h7SjTqVKTU5wUnazUZOMG15tdP6Rx4jK8TKUo06to3Vpc1krcur5b6u6SVnbW3W33p4dvvDMEVtpMWkWcb3iCJ7iKJXdEMZXCFVGD0wMqAT6DFfN9o4svFGs2zDy7bTvEMbQyXRREt7YTBnZUzhn4BGCNoPf71eTL8T/AIhahG1tHc/2ZajLrHp9qEkUdMLcSIXXJ6sH5GGwQ1ZelTG+v2k1nU3aSdneSO7u282STgFpChAOc45yewznFVDMeSUrQi4qOiSvsld6XT1tZ3vd2t7t06eS1bR56usopXetknBvdvZ927aq3Q/bzxJ+1r8KtP8Ahx4b8PN8QFGo2MduvkaYivdWrpGuRNJECXIZWU5OQNvOQa+W/H/7VP8Aa2seCbvwZJ4v1i78E63F4jsLtLeRRPfoygRs2zKqRgFnyACSMc5+ZPAer/A3wwfO8R+Hv+Eg1VyxUxFngjcEHOCGwRhR83178+uXn7Q3hDRo5ovDHhSztEuIQqQLDA3lplQpJKsQRkjhiVb8DXmYzPa8Izo0sHTqKqr81vg7XTTbb3eqSu1c+kyzhPL3OFevipRmnFqKlfRKO8VZKTvZq+m7vY1f2x/ij8Rfi+PBfib4mW2rPN9kubu20C/ull+yW7xKVdIwoxvA6hfm4ABAxX5yXXiaxtUeP/hFZ/KdiIzKo6g5DZI6bucknkAccZ+xf2jfG+q65ZeEry6URFtH0+aTa48uKGRn/dBjkhMYBOdp47V8r+Kte8Pi0to2ET3eDJvgbcu0JnycAHO4k5Jyc8d8V7/CWY5vWwcKNNKnSVSa5YRfKrzSjrq7Nq71u9PI5uL8uybA4mL5YzqRpU3zSXW0UrK6vqno/V7WOEfxg8c2+HQo0QlD5bMigBRzncAc85IyCME5J+9Jo/ja/vtRkhh0DTFI8yRkmdNuAMM547ZyR19M4rGS+0yWJmWAeYX5DNnKjoACflAycjJyOOhr0D4PWuk6r42mS6soZrcWcoWA4C5wcOCWAwGPAG4D+LHFfd1f7Qo0FN4ptWTSeju4x0+Fab/JvrqfnVLFZbUquH1aN2rcyV9NLdLW6rRaPuS6VF4hvJ0aS20eyju5spOQgRQrBlBw24A89h6YwTWl4l0rxR4f1yBobnTlea0DK6EsjLgEqqnPJAGM4Az6jFZGv3i6Z4g1K2sSsccd5IEQqzRw5OFCDlAR7cYwMkEitq21K81G9hN+/wBoZbULF5iAjbgkFQRhCvBOBkD72OK9inga+Jo0X7afNaLbelpWV7t9b6JrzVro8WWaYKjiakfqsOVNr4UtU7+9fu1dNLfRo5HUPEHjMwsE1CBFJ2ssVs3UYyc4ORxg8HOOM4GOP1PVvFs9lMsl5Esflk5EDqxwT8ykhTnjDY5ySCp216nd300LyW0cUT4AIbyxtHztwwx94YHGRyeuMmuf1Sa5SzuVaBNxhYRuIwMoQAdoxxxjvjPduAXUyXFtXliZNrRdUr8l7dVs+nTqiv7ewXtIpYVJvRaLT4dmm33sr2drbXb4fR/+Ewube3mg1SJIzlUUwg7sDB4A3ZG3kYJxntgtqQQ+N5ZHK+IQinJcG3K7Tu/hYKoPAPQ9Oc8Va0fVJktrcpsjkiJRVMeWbPORnJIHr9Occ1urrV0jRkqpzkyDyQDwSM9CD1GGz+HTPRh8mrKCnLFVFHR2UpW6PZa/na19rGdXiLDxmoLCQeztypO2j1ta2is+q0VnscPrmleLXsZZrnWWmgjkRtrwFY8FhufOAARg98ccYGataXpniu+jX7NrQCKqKjrDk7duemCDkg5wcnpxg46bWNVvLmxmtXAWNgrElcfITjaMAZwCckBtuT2GTQ07ULm1hhigkaPaRh41wAgGORjBBJG3OF+Y/MTmpeUV/b3WKlqldtu99LK9+133a27FriChyaYRXbty8sWlsrLeKWqad7O+3ZsXh3xc8jLLrbR5OVWSAgAHuPlOFA5xwR+NY2v6H4osLaaZ9cMqBhhY0LHdnBYqOig8gjcM5yCvNdTLr+pOUjFzJJgsrMUVtuCMtwoOCMHgkcZzxisLWNavTaz280wfzMEZjA2qSOhHOD97Hr2zxXRUyebi/wDapt8qTk3K/wBlW0la736/mZLO6bnD/Z42bUb8q7J25XtfV2vZ32ZY07w14iuLOGUeI5EWeBJJE2KdowOox17ZIViuMgkjMp8Oa1E7LD4jlljJAY+XlflbAGD8qj24II6AbcLZ6vew29oqTqjeUASEH3cHA6EHgAAYIBBGMdK8+uahbCQrcj5t5I2A5+ZQMkL8wyBz930xznOlk8439pUk01rJSu7K1l8dlG2+/WxlLO1Kq4xw8Uk3q0m3ZxvZOV+qT3699aFzZ+ILG6itI/Ec7x3kjQyGPJwGGPLGOAST07A881PF8OtQ0cNeP4hvZCHE6WyTOhiLrlsgkgH1PHXPPSpbHUp7ufTfOdHYXysxEYBJJJDEgAjGckknpwc9fV/EV1a22j30rbDIIwDKEPYA844BwMAckdW4HHO8ujzVKc6k5KMXKzk2ktG0ld6uyd3pvfVGsc6q03TdPDQUZtJtwWj93Z6vR33T6XPL7vS/JFvdS6/fpuClitwzOrnJAwD93ng+/UYqne+F/F0cUusxxeL5dFDqjakLW9Gno8oJRpLkqI1BC5BORwei1QTXdMMM0a6hEHjKPL9oQHa6OHAGCflyuMAkMRgele8+IP2vviLrfgSL4c3/AIm0GPwfb21nCdHtdIsbeS8W1QpC8t0kKzM4yMsXySc9zj5HOViKDowwcG4qa55TqNKMdNUr66K6Vk91d9Pq8vmsS3PEKMbpOCjCLbkrdeaN1pvq99NkvDNP0t7mwN3/AGrrEziSQMGnZdzKecbzztOcHr/s46ZmoLaQExT6jqylixEk94ykH7zA5cZwSenbp0zXdeHblDp5lu5dP827eSeBvPjiiUOoKqFJ25O0A5zxnr8zVzHi6wbVFW4aSwnEOWZLaZNwBICj5cKCACcjIz1Gc40wnJOClVlUjNPa8l2s2uis9Xrre3RLXHRrxadGyjy31jd7K2lrptWel3onttyVjoq6y1wLLVL50jO1pXmmdkOcgKVbjPYnjPplc6lt4fvbJTGLvU7ksSgRpmj5HJXJYZ4weOxBznk2fByTWGqTogjhtGEbsNyurBcZUnODjJLEZ55JyRXe399dLeRW0cTS25nBLwxbnCNg5LgMCp5ByMfQkCvTdCkpKPvctormd3eT5Nru6v1bT06bHlrF16dKU3Ncye1r8rvHd76aWeu3kcRHpGpvG6rp987AMwJvJQpKgMCctnPcjkdcHpXDz2Gr2etLdNJNbuGjlgWRpGYgMATy5BIxtJO75SwI7n6Clu4YDGsd3dFt5R41iJKIRyoABH3Sf7wJJzxwPLvGssr6rZSxtK8EMOdwUbmUZ++ABwDkjIx1AIOa6KdCEHZpuzSupJpXUbO6V2lrfTW3qc6x9SrBc0U5K6k04pLZ83u20Su7W0Sdt9eu+HGo6XN4utNN8U2UWrprM8Nqk927QQ2zEqpJf5FQ/NncTtOMEggk/ek3wt+FlvayEaVpDKGQTGHUlliK4VhkxucD0U45XnJ+WvywkuLu4uYZbeGeUeaGUqjpIo+7kEYAGByQeCBxX13+zrqVtImv6DqaG41TVXj+xJezyyPEFcbwqu7c7RklcZPUnpXrYSlS5ZU5Uubmvyvm1WiV7r4pSb0bdr302PNr47EOSlGW3TuklrfdttNa2s9nocPoOh+AW+NNxpmo6THPoDatNDHbl2eKJVjDCTK/Mw52hgOucLzX2MPBf7O6GZZfD1tKwZgSbe4HzD+7hsbdvc9+gxjHLeGfAsdn8bdfIsLEWtjpWn3eHiDqskrqJJcuD8xx2HOAc5Bz9aHRtGcExabp58zLMXto+MgszksmSfcg9up6+jl+Vw5KvtKEW1Ukm5JS0fKk4rd2dtEt2tO/Ji81rNx99wapxbS0u3y3kk17yT7aJs+cIvBvwCVW2+HrdkRgxIt522rnJPUZHH94DgLwN2PP9K0j4SW/j/xLbzeG4LjRhZ27WEAspX8lioMjAMGI4zwepDEcE19nw6NpEBVRpenlnYA7YYl4OMghlyQvvwT7GvD7Cxtz8XfG9ulrbrbx6XabR5QKx4VGJAIIDdTweODjb06Fl1HmoxjSpa1NeWKWqtdel7ed+pz4XM68oVuaq3y001zO7j8Oqta2l/xt2WJ5HwDSCMHwhAr8qC+mSEEjnJyo54H6gc8Vo2sPwJ8uNW8Gwscs21dJk4AyCAAvbJz1IyawPi3KNPi0b7Ai2zyTtloljwwyQCcDGc9MZIz69H/DwXN1bSS3s6y+RM8fIRiBJ0GSozknAGM4yeQK0ngqSqSj7CikrO9ulk7vXdDeZ14xTU6srdL3ilp31fu2s+v3W5P7T8LdO+I/iBj4ahTS30mzNlbrpWTFMwHmN5bI20kjn5R267hXXPrXw0e3Ij0CyDoxwP7GyoUc4OYwMgD7xIwcjg5BiksRD8TvEMc6ROp0izKBlQkfKuwjcPvd8cZ5A45rrDZW0IZTFDiQ4JKRMQWA25wvBKkdDgnOcBQB59HL6Eo1JqNF/vakWnolZq3u3bd3Z/K+g8Xm2IioRlGVpUotyTad2k23q0tWtbJp7GHZ678NhA7z+F4JWjaMpHHo2crvGTgRnqP5888D4U+NVvoOs+NdWvtD0ae2tlubZooLe2SGFCBjEiiMCN9x+4QP73JxX6MaVpkTSoDCqvICDlUAKDowUHblRzleCT8vORX52ePV1K18d+IYbLUo1tTrrI6SqCDufAGGB4UjAOcHaVPOM+PnuCp0aFKXNG0naXJpy2jH3nrtfsvRPY7cix+IxFecJxlNRirc13qrXWr211snfdLZPhNl1KsludEZcxJslltySGUjOGRQowuTnA524yTz7ToPiyPRNATT5vCGn3jIYnS8ltR50shI3RsWBKpkDP3gce+ByGqf2xAzCPWrJXXazRLESQpXpgg8dOvyk5HTAOVq2oazaWKSDUEuD8hMaRsTk467RkA/dGMdcEdBXzFChhpRk5JztzK7no726d7X13V35H0WIx9XD1ElCKdlZ6rdxWyjZ6O60unvoNmsoPGnju+kn0WztwbTd9miRY7eIKMHAK4yeQADjOQDnBrqD4C0uC2ZJNGtD8zDeVjxk5OcDOOMAd+Opzx4fFe+KYtYvrmzE8DTxgSugY4RtoB3HOOVzgAdMjFbsuo+MBHGovrgsSoxhiSSMtnIwe3PGPmHTk9OGxODw8JU3BKXM7NySe8Ipa3d7a3b2vfYxrTxNdqopNaLmsm0r8q93a/W9lp3vv3i/D/R081bjT7QMSGXaQFB5AIAOM/xE5z6ncCKxp/hvotpc2F89hbsJZnQWwJBLuPlLY4IyUOMAc52+mQ934qdDHJJeySHYQUjJXIPUHByOwxjIwDyMFbu78RLbZkkuxLF5Zty6MNkg+6chRg5GRjDZwOuM5TxuGSlFKDkm0tYtpJxs99Xba3be2gqUZKajPmcGlZtNPWS316KytpvoW9b8HxW8TltFWGSJlIkiChUTO5S2FC4KlecdcnPIAd4YtEm1G7sp7OKYW9pJcxylI1QnYAuMjDKuAODxj1rpfAd5431rWdK0XUDM1prV/DZ3UtzaM6R2o/1spIXIULxnOeT7AnjR7PTPHPiWDR9q6VYsdOs5IgQsiwptldeuC0gbvxzzjp4tTNITxkMLRgruPNOcd4q6SUkrx1T06LXdn0GGwUI4epiZNpKXJG6a5tE15WtvLS0tm76c9q+q6DptnKJY4I7p4jsMSxOTNkgKBtLqeOcDHbgiuN8K+MFS2u454pnk+0yNCsMCuVPo/ynIA5YtxtGAQDkcB4ztmlvradJJQm07kTeRvJJ3deg5z647da5XSNQ1K2uXWzkuREWZs+W53nG3ALDuRu6gZ9ea9WvJKg4XUW4xtP4d+V667PVW7+SPHoVpvEu0NHJK22nutXu9Hq+qd152PYdZs9P1C9a8lXUSX2kiOEoqknnIQDqM9OevA6Vh6hp/h1La6d7e9LrDhHlSRUjYcktnpk4HIwc5PHFZUHibxLJtghExkyNobbnGSMcjJzwOOTx0NN1HUPEd/pt9b3toCXwgUKQ55/h2BTwozwc543cYrxqbjGeslJqS1vdprV3Vrt2UdNnuz1rNqSULNrmu090lsrNJpPfS7SfU+ofhtpHhnWtK0+1s5LZbiGBVuRJcQr8+0E7ix3Bj6gcHqc16Uvwy8LxS/aZE0wsFJJe/jAyc5Zfm5ZSMkHI4wMjBr5E+Cnw3+IvjDWVtPBfhrV9Xnjt2kuhCJkij52FpJAQFGSR1C5A9jXu2o/Bj406RqOsaNq/g7VYNQ0lIri4hDTThIpkEkZ3I235kIb5cYLcj5a7MRm2GwsYyqTpU7R5oqc4p3ST2aXRu3yXe/k4PK6uIrSlB1aklN3UIyklJJaW5Wnp52uurOl8T/D3wydEu5xHbxZt5Qs0DmfayZkAJTcfmHzHPG4c5ABrz7Q/AOn6hp1rNDHqsoMRJMFpLKjhSUOHRDxkcE5A78jn9Of2N/2ffjH4h+F/jrWfEPwm1e+8G6XZ6i02qXGhyuyBrCR0S3vbmJomRMby64wehByK+5PhbpcHw4+FfgBLP4LLqb3VhfuLiaDTJLm4R5XYbklhZgiZ25O0AHCnGAfxPPfGuGTY7F4Wjl1LHTw9eFFOFWKU1Ol7RylJKXLytJWfTV22P03K+Ap43D0qksVUo+0jzzUqcny/Dt2va9tPRM/nsg+FtxPI32PT/EU6DJAh064ds7h0wp46kkE8Be9amnfAjx14h1jTNC0Dwd4uv73WJ2tLC2j0m633shjZzFb4j+cgglthJ4PHU1/SJ4G174jaib8aP8EfC2noiTSBtci0eAIhbcrBVhVjxyD908dOtMT4w/ETRvEfwwurvT/ht4Y/srxvc2qXunWttcTWk0lq6NLJ9lG/y4gSBwFyowDkGvCXjznNbDVZ0MhwlJRVaaf1vns4U1JJxjC6u9LaNv1PQpeHOCjU5a2YVqjabSjS5dbqy99rlSfxXXnbQ/BJ/wBg79orRI7O6vPg149Aa58nE2kXSQmRjtBDlFCgnpuz1zyel/Vf2NP2g9Ltvtj/AAh8d+XEkklyY9HupIbeCMb5ZWkERAVEDEsThcdeK/qO8VfHP4j61obIPjHYSwQSMTBZaMvmS+W6lZE3xnB4YAEl+AGzniHW/wBq+P4e/CvxLDrviHxNq+parot/a2lw/h4iBprvTriLyhmI5DbgFK7gGwQegHweF+kbxVisXQovJcKqVSrCnKdOWIck+aKfuuFtndNySWraavbtreHmXUIxSr15SaXutU3Gy5W7u9rO17u9vut/IRq/wj8d6ZpMfiOTQpbbQbq6ntTcXVykbmeDcJY3iIDhkZCCOu4dMqa8+8H+Ap/Ecuq61bQxLFpVwwuYJpSj3DgkEJkn1JGQeB0xkn6i+MdvqFz4O0PXYdX1U22s6z4ku5dMu3mit4bk3TSL+5YhUc7s4VQPQZya+RvDXijWNMW5jsbkwJNKftQCh0k5cE5I+91IPAHU7s8f1Zw1m2Kz3BQxM5wUaluRQT0eiezb0d9bu7eyVz8+4oy7AZHXp0qKq88YKclUfWai7xtsra3s276ctkddqHxE1PQwmm6dpUDxRFo7heWCvGMFVA67T94DrxnOK5h/iB4tnuoryC1kjjc7ikMTYGDyCXAPOefdevJqaKOe9njnjjaXzL6JZgF3mUSXCiQYxknaWzxnkZ56/RPi/wAOWVlrJsrDTnsEGk6bMqGJGDNJFkzYHQbs5PB4Oc9a+y+uUsJGnTr1Yxm4qUW4xW9ne7X4LvY/OKssVinKrh+ZxUlonL3b7Jeqi29OvyfzVfeJfF2oXSLLZyNCjHehicqxYYG5RgMeeGxgY6Ajn6V+DWpa3Z+EbJI9OQXL+JLmSN5YyhVGU71RcfKRntg9STisSw0GREkeWGRplbKSFFUM+cKFxkE8d+cckHFdf4RubuBdJtMSQKdZuyxRgoVhtBDJ8uAcgMTxxx2NYxxVGvN+zqRnL7MU0+21vv00WvqTQljKNnJOKg+aV3Jp6KNndJa6W2e3a7+UfjbcTReM7mO9s1iu3tS+ZQFkZ2ckMT1Jz0yemKsWPh3R7jwhYztptvc6xdFrlrgSDcsUYGVcZ4GPqSep4p/7Qhkl8fCe4jbKWyx724LLHn5uc5BUgLgDgYXI4rC8JTQzaXdOl8y3lr54SHzMLFGVGOCwGCccADJ5B549nL0rSi4xbhHqorSNrv3k1zOOmivo92cuKlUm4VVzJJx1g1FpLl1kuvVfK93ofStv8F7w/C6x8R+Hb/V9M1m+DM8dtqUiQTwxMSyJAHHzDkLnPPBwc1wa+OPiJ4Ts00G211rqMypBPBqMcTzpcoQY/mKBySxxkcDuuOvY+FfHnjzTNA0yysFW50vy5IkhdTcSIzghjGiAlTIc7c5zknJFeN6kmoX3iaS6ubS9hu7rUYpIkuInRQ8cgLcFR0HIyN2DgV11aOGqWUoJVeZJ2dmorlasrrmdvyv6r61i6c+Z1moKGnNu2nFpq61un0abfkfQPin4m/E3RNF0Ofxf4BS8sJCh+22TyGW5+Q7GaMk/vdmCqgcZ5Jy2fnr4o/EzRvH0WkAw3eiXmhpIrWl7FgjLZVS6gZ67Ru3EjIw2K+jPiT8TlTw1oukG0ne8We3e6uLgM6wPbIi5RAOhCjjAHJ6EkV8YeK9biu/FOo389qt1bOIZfLMKRqSqgthdoAJIJxwME9yDXPiMBh6NSnUoSkqqkuaEp+7CPu66u2tk7Jac2up6mFx9XFYdqTi4qCatZS3j8Sk3bVrW60lrcx41gurzTJ1likB1K2DRqfnIygLEDIBPQHGe/Ffc9npfh27jhgFhp7eTDC8geKIsN0Y3bsDjJ3HJ5Oc5IPHwWJYdR1azvLSKO0je+t1SKPAIAZRuHYgYI45HbJwa+ndDmvrDxDcebdyG2a3jJLoQJMJzGCy8gcnKj03dOOrD1IRqctWSl7Tlh71tXZe877K+traXW/ThxkcXOknRVRqN+ZwbsrtWTcbW0Wq1ttdN2O48Z+D/AA3Dp93dWthDFcIsZXyigUk8E4+6MZ544wOmTXhVzCis1tBAIwoQuP3ZU7mBOCV6k89AOoAOc17trmr20+m3NuC0gmMChQG3DcRnacYIBPQenbNee3vhWNybiyt5yVMZkD+YR0zwpyWAbIOMDO4YHAqsR9XcvdjSjFLVqy89EtNGumjPPwizB3dRVmovSzbe6T05V20adrPbe3f+CtIhtfFGhK9rbLFHZR3KYjUlZCNysTgjcXI2nB53EfMGz7t8WPin4Ps/CnhTR1lvLzV/C/iKPVvEMNviFBah1lKIcbXlcDYQM9eBngeNeHL2ax17TpZ4iI1tLZGmeFwse1kwpyON3THdTk5zz81fGK21W68eazOs00VvdXSMqxtIqSR4O1njQkDAGSW7g8nGG+X4jyejnOFo4acmoRqufLSsm7w5Em1rZKTs2lrY/QOF+IcZw/Vq4mnR5qk6agpVo3cfepvTm0buk/RtNW1X21+0V+1B4E8deD4rD4eW2saFqs9lp88tpLGhtYI7VYxcnLrhpbhlY475zg8Z/Pa98YX3jHWNN07yflhvrQzzMsUf2iJnQSF1VUx3zwvQ4A3ZrnpdP1IXJimuJWg+zttPmbQARhQWJJ5IHBbaBgEfKc1dG03V9PmXWkt1NvaSq8kjbgHSOQPsDAHzCAuGKkcEZIJxXk8NcOYLhqh9VwqqypyrTqVJ1Zc8m3yX5m76JJW8uh6HFnFWO4pxEMfjZU1ONFUowoRVOEVDVSUYaJuT30vrorM/QfwZ4e8MxXvjOC603TZrCx8NNJbRTRq0cN09mztImAQHL5Ib8Mjv8KeGYlfxxo7LGhQeJ4BETnCqLxCqjadoUDG07SwwOgzn1XTvj3BZx60h02U/2zphtEAA2iUIUDMx3ZA4POFJJPJ6eNeGdR8vXtHkMiRynXLCZOg4e5Q55HBGSOCMHAHt9vjZ4TERpRpcvuRcmo6a+62k2tlay2W6XW3wGCWLp1eaV3zTikpO6aUot2vru1ZaXsu2n2N+0fqlwvxClgDIkxsdKPyYAEZgX5TnqCw56jjk5Iz46k5Om34ZFk3XERZx0DAZJPTHzAKM8ZIBPevVPjLp+ueIPHtxd6Zo2pXirpWnKJobKaaGUpAgOyRUI65P3ufwweKh8JeK/wCzZIX8Paukk9wMJ/Z1wSQFIIB2s3JwBnGeOuNxdCrQhQpR9vTXLBJqTjp8Kas3vffs7O1zTF4bGyxVWSo1pc8001GWuiu9rW1VmtbN2Xbn4JJrjTYpd6qpu8qhB5wwHDAHjBbI7hQAeTXtXh1Y9LtJZQwCYEzogBZw6ktgHPXJx2GemcGvP9I8C+LYtOjjl8Oa4HFyzBW0+cKV3khlygzyOfcDjGCPWdP8M+N44GRPCWrXKRwIGxYyhsBcbeVwCOSeMkDkHrW0sZhVTSeIoxk7NJzhde7Fq9mtNmrK3e9zGll+YyrXWGru1ot+zm9fd2VlfR2d9eh82fHmNGtvCM0BmAuZb18u2SCG3ZCdMj+8RzwCTjFeTabqa2Oox5uHCxIBIAMNk5B2++4/UHAPzCvpv4hfBf4n+M5dBex8K6wYbEz+YksbII0dgcJuVcjoBwRlcdAMcg/7L3xYdTeW/hC+Uu6KPNcKvAxuOQMZA75wwyf4a8+WLwfvTljMMpRlF2damraxbduZPd62Wt7XsdNTKsyc0lgMS0tbqnPe95WtG1m2mlbTTW1zFj8TMmn3EsMU8qQsGWQ/KjEjB4IyPvMDknaQDkcGvOta1CS8cNOpVhmSMICFUMfmAHQnoTjPPPPFfVnhr9m34x3mlz6bL4dEb3BkHmNNEqAKOBjqCMcE44AxmpW/Yv8AizLNC7WNmAY/Kbz72NArZDfez0xjJIJ9AScGKmYZeoK+Ooarbnj3jslJuy9dNFroXTybN5zUVgMVJbL9zJW1Vr3VrarW+ttL2R8hq08sryl3URQr8uScKQuQSuQOoxggZ9TX3h4Adm8FaHBv/wBZHBhndcJucknDHOAWzwe5zn7tcbD+xt8RVnlZzYiFgY3EDtdMjrj5dkeWxyQCODu6c4r1M/B34kWGk2OnwaLqF5FpsUaBobeS3DFGK/MzLyNoyR0z6EDMRzHASi19doX2sqiSskldXsk7NJ9et7nZHJM0pybll2IWltKcrXbTvZJ6W0aW9urPNPD2miz8U6/NJKJxFq6gFWG0scEYxgsexOMZzz97H2joN5DpPgbxNqF22EmsryKNC4wJHhxEARk/MSMjo3oDtI+VNB+Gvjqw1bUGvdG1PfNfrKo8iRUI4IDHaQWGANxwCTn1x6/q3hv4if8ACJ6hpaaJqTyT3CGO38piAnQbgF3FmGAdxAPGMDmvYwuaYCGHhFYuhfXlvVi03p8Wt2nHZNqzXR2PFxGR5r9bnL6jjOVSXKlTm7Sbd03peK1SSel762sfPHgTxHa6R4gv7+8txPFLp1yREvyk/M5GAwYMRkDrnvg8gZOq6jfa5exTLZ+TavKnkBW+4rzjbu4UZwQSMAkdADXfaP8ACH4jTX0yz+GbuNxbSQwkwuAXkDEcYHAU4OcDjnHU9fofwX8eqoa90G6WW2mjEKAFV2h9xdQVJyowvPG3KjFZyzHCSo2WPwyV5Nx9rBSlopWl72rdvdS118jSGTZmqq/2HFv4W7UZ72im23G9rJWV7t93a39Bf/BAW18n41fFw8STw+AdLiLnaxjBnDHBY5zn5vlOT04UfL/Sr4gDm5nDFiA20kcj5iQo79Cexz34yK/k9/4JOftEeFv2WPj3rg+JXhrXryL4qwaB4D0WfTABFpOrXN5FHDPeLtBeFnfDYO4YLE5xX9a/i+2ihv3WIgLLFDPgHJHmKrA9z8wIBB5znnoa/mfjSNRZ1i8Q2pU6tRexcWmnCMYxbunprvd3Wztdn9McGwSynB0ZQlCrTg/aKcWnGTkmoyT3utbt7tbnDRIXbdkYX5SQO3I4x0HPAx0zkZNdhbgixAPaM/dKjJzxz7E84Hfrxk8zCuGK/MrMGycZ5UngjqcYzgEc5HSuxt4wLKMFSQRjnAU88EnoOOQSMHnnOM/H0qy52rbRvstdVvd7Nevk+p9jWox5YuLd3NJ3s9fdvbXXdddOiVrmGUG4Fjg5JAAAI5yRnuN2emM8kcckCcqd2X5HYAAZJ4IxlQMDH1OCKtCMbjkDO4rnIGAfc4AI7gYLKSelNfaVBPGFbHXJzkD3+b3ySORkcVk67crq/lbfpZ20V9Pw63OynSUYp3Wqj1s7ad3pZWvvdLYpr94c5yQAehYZIx2+XB6kn0zjNIeDgjJyd2Txhug49Owzk9z1qYKSfkB4HPXHPPHYcgcd+QcZGW8hSTuIJzwOhX/PcZ9ulS0n3XXR7P8AK+i/DyNko2W2n/A9PLS1tdtSPYMrlQMjDHPXHUnoSfbqD07mk28p8gIJ4AxxjoRjnp09OepxTidzYCg/L0GThj3PYk+nXnHFSR5B2kE8kbQCACO+T0znOOR6d6cIy1vdq97fNPq0leyvvporXuTKSTtdPa+l3287721vq/LSPyyeAML2+ijJOccg4J3cY5/A8ljnJIGOByMDKg5I7Y4GOAeuT0mD9FI3DHOR0Jz6Djg465HIPSnb9uQDkDhcD045zk+nHUHAPBpt1I77dXdK6Vm/O9tL6yttdmfMlbu7dN76X/rUrGHG0Y3DGCB1UrjbnuOMdMZweMU0QHkn7w7Z6E9T15PPIzjvjPJkaVsqCCMkjoMjrwSc85PcEdemajaVmPOAM59TgADB68gevPuSKqCk7PdtLV9dr9r3W12vJX2OaCTd0rdr6LTt0/mvdPVXXVPLBAXPG5htII4zzjIPy9c59xkcAKY8AgDABKrnpz0/u/KMnv6cEcBA5BYjrkgfiDzheevqc5P8OcUjMxyWDA8AbQfXqeOAOp4HB5PrbhJJNRd7Kybe0rbO66P7l01YvaUotJveyt1k9Fe+mut7em4PFgk7gD1LY9R2B5wRx2J4znIFNKfPj7x6knGRwMAZPoMjnnsKkBkJIC/QAgYXLZ65BJBPYY+lSLG3LYAbkkEkknOF4zhh145+mK2p0pSab7X2l2XW9tN9F0erdzKVem21olp3bXw/Lff7tLMrhCchRkYGOPzAGB19enT3pwiOAgUhVUBuSxG49N2cZGMZHIA9ODKzOpTBx1U4HAxySQASMnjv3I950JIwAdxDFieQSSSSAeDwDgA/L27V1U6a91dUlbWyS007WtfZfIwlXjZWS310Xb1t0vo7b202qrFuYEjoMsQCTgAgKeSewwCOON3PFXkgAG0L8xyCSAM/kMA49xx0IPNCRjkEkYA2kHOTnkkDqQTtHHftgCrSoTwp5J5OTjI7DsT8uCO3QjmuuMXFpJNa6J7Pa/8AW91btbz69bmTcn5Wv00s7a77WW2+thBCNuON2SpOOASRwoznOAQSOx6YAw4QbAVUDjgHGBjhiOhzkHBI47KQMVMMheeSBkcYGCOvbHB6kndyBipxkMPlGDkdSM/KcMcEYHUkABgeO4J66ab1e7dkt47LXa6en4+aPGrVG3e9+mu7s9n2W7tp03KwhGSSo5AzjH8PyqePzXPIznggVZAUAhQCpCgqPvDHudw7jIxnnsOrgMkE9uAD7nIOSc8nPDc+/GKeAQD0BySQV5wM8eh9yM8YJ4NdUd3e7032f2Vs9UrfLZJbHFOpypt/NvpqtNr9lfTR7sjwODjknBHQZ5zj/dyOBnocY7PwqgoGGAMAr90En7xx12ggkDBBBzninAZ5bJAHXB9egxzx+PH6NOThQMlfcDvncD7YHpzyAduRSv0/A5Zzc21e6dvdt1dmtN9OVadfmIydTn15/wBkZ6jPQ9AB19+8ZUEsc853YJPORkDjaCBwAvORz1FTFWIG7jHHHVvTO3kdsYwR3OTS7WOQDgHBzjoOCQDgjnrxkfwgjAIuKvp0Vt1pe8bR9F2023J20XkmtrWt11d9E+m9tt4THnnPc5wBkn2Y46Y5HAPy5XsUMeMlAQM8Ac5OB0xnI57YwcZxnAsEKAABkkgYIPygeoydo6ZIA55GMkkCjOGfcM5yM8lsAgZ6YxjnrjIzwDKWt7u1torZ+7JNSafmn6vqgu2+ZcyWjWl3pyvVrZpX/O1tq5XaMoFBByxOOB6jqSp/P1xjNNKKfvA5J6HqMnAyf4skZUKc5yOnBsFAzAq5I3YHB3HBPJyMcnrx1HHGcNYZB+9kHGD1wMY44ySD9BweATVc791XatZNptbRiml001t6vfUzd36u11drSyVtfNu25AEOSrEDPJzncDkAEN/ebkkDp9DSvFjIBBBAAGRuwdwycHB4Jzjp17jDyo4wTu6lep7d/X1bG3kehpGIxhiCQ2Tgc4J24Hr+Pp6U05O27bbdtLWiktbbab91ZvbVNNJNXbfbXXTstdr9bvVt2IMbF4BxnJ5Ax6ngA47euD9aZkNuYtuBOPmYDoRnJODzxtHb8BUm0cg84Bz/AHifUHv9ehPTtiGVTkgHbnaAevUgnpyCeMZPGR65pSlr3TSvaz26r4ra6ed9dXYiakk9HfX81fTvp017bkbZOQT8owTjGW3dASccdgRkYwcA4wwhlY4wGIXbyDliBk8chuvJPAAOABmjPHcndgcg5yM+uecctzjoQDggHyksRkD5s45C4GAAeT6Z4PHsDQn2V/7ult4tXu0ndqzu7203SMU43V1pbS3NZv3W21paT29W/wDt16oVCsGBHqTnoQDnIzgZ5wGIHB5pwU/MCOcjIHHAwegwTwcgdsE9aRWxtyvAJGQQOucE/dwM/LnOOevQKvmEkZOAoAII4ODxxx9DnJJ54ycSnqn1vd9ebyWl79fPTbc1UUrLV2srvra3S/6+lh4Vsr8u0gn2AJ4yTyMjj24+YDpQMbjlQBnG3IJJIAPA4z1xjtn04aH3DHPc8dMDjOBznnGfU4BzSjI4BOWHp0/u5P8AeHufxyauMm1zO3ouifLfXVaavS/Npa1rDuly6tart721ult9dF30SWkoUHPGcYxyB1IznPcD1A5OOgyAjJCnAUKF24IBTGeo4xnGTu56r2IaMkKD7ZHc9eR2Gew6nIOKdnjbwWIIyeTj3/i9P6nqKcptK7v80la3Lp2V1ZXXVrZbYucubS1tLJqV3tdrZ2d1or35dFrqzDDIAxjkcrwVJwCcY5HC9f7xPam4IJOTwcfj0wCOQRz16rz0NPGc4OTzyDk9BzkAe3fpjB4xSjG9ckYJU5ydoGOCemceo+vPWmpO2q9612lf79Uv62bsU5q65dPhi3LSTd46K7d9Ho0kkn2aGgAgYzngA4I+p44yCvOOB6ClwOuRgk+mBjgHrgDII5wBgE9aCzHqDgE8jjkHA5I6YJ6Yzxk0o7dTg7ckFQc46HbnPygAnkc8Ag0NpavTbdPZNdPnba9/TSfelf3mr/ZtazumlzayXq42a1snqLuBAXPPHJ9BxzwMZ4IwR39KY4BBzjAOc8EnkYA9DjoDnvx6SgMSQDgbuGxxtAbGcAnHGQPXHtTNvLENu+b5cDAwOw9CAM88YGeSaFUS6/yrRNpaJq7tZLa2trW8xqErJ6Ozu2t9eXXW6b0fVLy6KNkJ3Nu5UBup79fVePQ4wACBilK4zjDAKMhjgkEtnG05OT646gDPFTBQo5OQ7EAAjIznIycj3wecgDjs0gLnGAMAYBHCjJUYz8xOecdOc8Gp5lL3rdtdm1om9r7tvT4mnstXpCLstelrN23t0vf72+q8iPGDjPU4GeeCMggDoB2UnnJ9xUe1mBwM4wSfTrgkc4LDvx3Hfl+OmDzyckrnnOSeeT2BGR9CQaXDYGGPIwRnIHfAGcAENnOSO5zzVxb2Umk721VlZJtvTTz5uuxtaK6t6q+2r0b6N76W1118xpXbnCnP8PGOT8pAz1PA9Dzt71GM5xyANvrjHAG3PUHAyRkjg5HFPcsw4OOAxz3HOBj1HPPYEDPo0MAAu7nJGTwOcjIBxyCOScHHUDgVMmrd2lvpbXlfn1tdX772RSaf+Sd7bX9bX/pnzp+2ruP7I3x6C5GfCE6naB90gHPThQOTjB5J/wBmv4WP2sJJpW+HhNw8oi0coFIZwuIF4Kjg/MRx0Pp0z/dh+2Skcv7Inx6DFufCM65XpjaR35Azjn5uD1xX8PX7QUkNmnhFpI7a6jhsXYRyhWldltg23ByVAXB5B5wFzmvc4YTeLvor1W4v4mrxUUurV1ry9EraHz/EV1Qunp7NXulZvnUtVq79OZ2T8tWeZfsi+H7/AMQfHHwBpVorNcapfx6csLQtho7mVUnHzKdimIHJGPvcnJzX9vuqeGrfwr8KbjSLtvDvg8S+HNM0u2u7p4hdJsijVpIkYmWQGQM4GcEk7QMNn+K79j3X9et/2kfh5c6LqEHhxJfFGn2LalJDHLPZW91KEuXtkcMvnhG/dErwT2wMf1++ONB8M6D4VjNzJqPijWbyTSLY+IfEN3NM7i6vAVxaljaxAs3yqiKQMDqOPxzx0of8ZBlScnyPBxfJFNyv7flc5OVorp3fS2lz9J8IJurkuMtFprG3nJtWs6cOW2mmqd03ZaO+h77YeBPCj6R4fuvFGsXvjONIdJhtY7ljb2G6KGNxNDawmMuCQCvmZGcda/j0/wCCoWsLcftxfGuOC3jt7K2utKiitoYhGFgi06EJHgYbccDeQQTkckiv68/F3jbSvCXhm3igeDUdWtP7Kh0/TrFVnuXeWOJFWKFAdqhyFIYgrjDAV/HL/wAFMLTXrP8AbQ+LMmtW7WV/fy6NqbW7ELIsM+mQskcmTycsMjrkc8Dny/A2DXFGLdVTS/s+o4OXu3i6tL4UrLo3eyS+Z6Hi17uRYf3ubmxdK666Um9HdbPTR2v1R8Mah491vS4obXSYxp6kPu+XeWRjjHbC7eeRzt5YZ5j0PxN4kv8AxB4cu3ma4uJte0eCDzjtSMtdxLGVGGCru6tgAjJb+I1Tn09Zp5Z75iiiAGONmHOeDxnsDnbnJG4gnGB0Pw38K2fi34m+AvDNzqcttZ654o0HTZJLd8TRxXeoQxO0J6iZFbgj7jYFf1FmfsaeEx9WUEuTCVpSmopuMI07ttXbel2lfv8AL8Ay/wBpLGYSmr3eIoKMU7Jt1Kaj5O73avvr0P7m/BfhnTvDvw/+HeoeLvFX9q3eseD9IS70lr9LiOIz6PF5aW1hasXnKMxG07iSBkAEivdfCfxF8WeKvC/hrR/hv4UktbCxu7zSL7W/EcJsLOE2peESxWUoSaVSBkDJHSmfCv4IeAvhZ4b8FW+l2kt3LZ6Vp1udT1yd9QuZPKsI0EjSXbSCBmYFtsZQJjPAr0nwDqOlQ6NHm/tZo/8AhIdZKRRMHVW+0SbwFUkYUAgkZHHHODX+Z1aph4YnFulSbhPFzlep7qSqVYyTUY2upJv4pKzuktLn94Rm62FoKbTqU6FNQ5ZO0XGnGPXV2W3M1+h/DH+2b4Zv9K+P/wAZJbqJJruHx3rX2q8gidbeW4lnmkkNtFxsh3ncE7BgMnivj+0Fwvh7VYmGxPNWQuUwQGPJAz0werDAHrX6Fftv6yuq/GH9oSawQNbWXxA1JVmVQuCs0inHGc8nBzjqcEYr86X1S4Gk3cKqD5+1HLHDfKuc8kAKQQBgYPXJ5r/RjgyUqvDWTuyT+oYRW6J+whotHbsrdvPX+LuKFCOd5leTs8XiJLdayqffq30tb1Pff2aviXYfCrx1aa/fWeo65pGpW8ukeItA09rdLu/0eUf6QIZbiJ41ZcEjKkjg8ZBPT/H34q/AfxTqiW/w5+DMujR2byTR6j4m1IXOpxTm5SRcJamOJoyQQAY8c4wwOK+UvDd79lnin3mCdY5SH8we46gZxzgAZ6gYGayrm6SXVZblpmlZoc7yeGbkgDJIxknuPUnDGtMVkmHr5j9emq0a8YpNwrVIU5qKSTcYySk43ad+m97Bhs7xWHy9YGDoujKbfv0qc5py5W2pTjKS5nuk4q6vrqfZPjKaPVZ/C2oRR29tHPp+mStbWiBII3EfKIoYHAA4wTgBtx6tXPfEOVYre6lwCwtYh8zDd8qNjptzx14wecgZxW3pFp/aGheGbq4uNoNnahNxLfKsTAYA5xlwMD5QcDA7cx8Tohb2cqlWIaCI5KtyQhCg5G07iQORyWP8Rr2KclRoRl9mMZRTbd/dtHpqtXfTW6s3ezfnVYynOT5YtPllqlZ3s7WSt6W0e2yR+1v/AASI8F2958X/AIf+L5UZrnSPBGq7yuFhj+1PGULOdo3dwDyBnGcgj+j79oG7hT4G/GFjIrL/AMK519QFIOCbJyeSecMSTgY9+OfxT/4JZ/DfxD4Lsfh4NejjgvfGfgb+3LUQ4R49LdQbUls5LOvzMMKPlHPAr9n/AIz+E7+6+C3xXsoJ7cmfwBrsa+a5xk2MzEnnr8pUYHzZXpX+fPiDxBVzDxOkqNWNWnTxmHw8ZttqPsq6UkvJSv13Wx/WmSZZSwHBWAjX/d1KuD9u4KOsp1YNq+ur0V7X6dbs/wA3DWdE1HWtbvLS0smm+1azqH3flOTqE6oS2AEDFgMkYHPIOK9IvP2UvjFH4Uu9aGkaPDaQ3Cypbzaram7kVlLiRIsljhSSRgnjGRkVtyTy2es6tp/kJb+RqGoRidI2Em+G/nO5CABgEbgAeoGcV+kPw48c+DrL4XJYXvhu+1zW72x+0Ne3hY7XRGR1DuzBIyMc88Z6AHP9e5xxXnGS4DLZ5dQhiFVlRo1YuPM+SUIpta7d29lbRWsfguR8MZVnGLzCGOrToOnGrOnNSUVzKSsmratt7WstfM/KD4baWNPe+06UL9otrnbcqsgZElUgMocEAgMCPuk55+7g1h/tUah9m0vSICw2XGhLHtVcsxXcCCc4Cr6jAH3j1JHsGnLZt468XNBZw2Hm6tJKbaFg8cAd8mIckjB+ZuuCSueteKftbQn7L4QYhVWXTbwDA5ZI1J6YGRnpj1Yc9a+zlipYujgatWHJVqRhNp3upShFuD6eTf8Addldo+So0I4bE42lSfNCm504y1vJKaSvfZtJO23bU/Ny5h8yFiQBiXIx2A6gAgDtznhiOpzVGK2dgQc446ZOVPA4A9OCMZxjODyd2XzFjKhAfnOejd+oP45I9Tk5PBiAkYfKhHTBK85GScY4HTr0zj+IgV3Rm0raL3nZPySsteqdle135tHHXgk7JJN2XLZyu21stdNvh7a6q4/SUsLfULa51RmNnbOsjxqMNMVO4RdAQpPDcgYyOec+4f8ACeeJPHElroMEh0bwzE8SQ6XYsIVliGAGuWUqZC4xksSM5HIwK8EuYtyx4LEu6pjnBZj1C8D2ztzx2Gc/Qnwt8O3F9rdpHDC80qrAwijBZh0wCF59MjhgP4eecakIzkqlS146p7pLRp7WWietttd7sUHUp05Rptpzt8CabT7XXVN7bLS9rnbw+H7HTJ7cxQRwos8WQoyxKMAWZj1YnjBJyR3GK19ZTztU06K3QkFo3VVjaRzukIJIGeWYY7DjkZUAe2TfDBra1m13xVqVn4f0mGUBXuZI43I4LKA3zFz0AAwM4GMGuq8DeHpfEmrww/CjwXceKLoOIT4m1aFodHgJ3AyiSYBGRDkrtOWJ+XAwK48TnWEwlNzcoxilec5OMY+bb272esnbRa3N8HkmPzGr7ONOTlN2SSberSutvNX3dr3Z3nw10DUbWG3urqEWVm0HzXd4VgUDZ3Z8ADjJ9SMnkA1jRXPgfStX1a20q11P4i+Kbu6Z49D0K2kuoUct8rPJEhUkONoG7rnI5GPrnwn+yne60LDUvi149n1GKOYGXwr4dkMFrGh4aCQocyL1HBxwcEdR9MWF38Af2ddMvNTth4K8BhYndp9Wa2uNduEjXcGgtpC91LI4U8x85K8AivznGcbQliJ08DSr4upN8qVCMowknbRytJySl/KtbaM/Rss8NKOHoLEZrWoYeEHzN4mST+y/gbs9Vpda2trZo+XvAX7PX7TfxV0/TrydNN+DnhWRhuDorax9m2EfvIVCTK5VRg8bWyNuOK+y/ht+xx8C/BEsWs+Nbe/+JmvWcbyXOqeJrgjTYJ03O06JK6qIgcthgwCjnCjdXw38S/8Agq54X0SGaw+Gnhy78U6orSpFrutSG00ONiGCzQ2QAnYIcMucjO35gvJ/MH4tfts/H74uTSx+KviFqsOlszrHoXh5zpWnxQuT+68y28meRCvyguzMVAzjgV439i8WZ/VlOvWWVYObi3FXVaUXyq2lqjb/AL01vdrVH1keIOD+HKEaWGoLNMTCKScVGNHmilazaUbN2vyxbS+8/pZ8dftzfs1fs/aWmlDxL4Yiu9OR0t/Dvgu3hvLolc7IZHshthfcoXMoOMEnpivy/wDi3/wWB8Wa9Df6f8KvBVv4fs7mSVBrniW4+1Xcm/cBNFbxbAjAtuCurYLDivw8fVZ5p5JUBEkzky3ErtPdSMzcl5XLOW5GSWPUEmug0fw7q2rRzSRWV9qCxHfIbeJpUjIwxaRwNqnBGQTkLngjk+zg/DvIcDKOIxjqY2tFpueJleN1a7cL21e3Nd2731+bzHxOz3GQlh8BCnl+HlJwjHDQXPb3UlzWdnbTmSWqPc/HX7Q/xq+Ll3PL40+I/iXU4S7BdP0+7l0/TVQhj5KpbGMMvOCGGSARuzjPk0enKkkjO0EMkzZ82TMt0/Jz87bnkLAnIJIJPQADP7bfsZf8ELv2nP2k/D3hz4g+JtT0j4UfDHxLDDqNhql+4vdT1LT5MMZbaygAkgZkP7syAAnGcjG7+jX9nD/ghv8AsZ/Ax7HUfEfhq9+MHim0Ecrat4vZjp8d1GRuktrRGWN4ywyqyoRjGQcV8hxP4x8BcFutgqVehicZhvdeCy+nFyjNWtGc17ienvLVrflXW8r4J4l4mdPF46rUhSq8s1UxNScpuLSs1Bybu09nys/ht8M/s0fGb4l6LrviHwP8NfFniDRNC0u41bVdfXSrqLSLPTrdQ81w128awgIoJxuyQO/JPhNh8MPEeturRbba0DushbB+6xV17E4KMOMYI56rX+oj8YPht4Q8Kfs4fGHw94V8L+HvDekL8Ntftl0/Q9ItNPtzbJp0+xH+zwIJOFXLHLEqWPXn/OxTTfsjXcNvGUjF5eokajgKt5cDAByQRtACjvjHGa6vCrxUj4kRzapTwX1GGX4iFKlFz55TpzV1KTaSTtF/DFKOvVO/ncd8GUeFKeCnSxEq8q6m5tq0eaPs7qK2t7yS30bVnojxHw7+ztpV8ttNqupsA7gPn9zCoOWYkNgyexX5skdR0+pPDHgT4H+CYIkFgl7qkUTM10Ikl8yVeUJDBl257kA8cZ4rnksLmS2AfIXYSwbAAbsVAPGeQScH1GMYv6doN06j7HZS6jO64aC2ieZg2BwwAJ6nrnb65K5r9bxNF16d51+SMVZqLUXZNdmrvVptuzWuisfnmHxMoNRp0IylJq75bu+itZW7Xs7tddFY0b+80s6vcavo1hb2sgsfKbfGqbjggMseAFJGBu2578DJrAXVtblkieee4Yu2wJHlIgDkbRg4IIO1sAZxk8YI9l0P4G+L9RWTUtSS08M6XPAjSXWszpbNEmDnZFKysoAIwcZ5ycHADdRuf2dfh1GD4q8cyeJ9Ttjkabon7yIyptLIZFyMHG0H+ZwBxqeGhTjGEJ4icVZOKcm0mt3t0et0nrbuexGlj5KLm44Wmotycmo30Vkknq7dbcz12epwltBdSMHRXlmcYFtEjTOSQABznJ7fly3Od+XwB4tvxZz/ANizWNu19D5moah/osKRnI3vJLtRUGc84zkZ56clq37Y+maY01p8JvhhZwyk+XFqeqw/a5zhvlkVGVgGBwfvLyVGVGa8N8bfEf46fEmyuLnxT4gu7DSzLGRYWpazjQMdqhUi8tsAHbjnjgHoK6KKxc5x9nQjQjZcrl707Ky2jfX1as1vY4q8Mupq9bGVMRUWrjG/Kn7uj7XfVO3ofaN/Z/CvwXYacvj/AMf6SJrB5NtnpE8U9yVJZyjKjsec4B4U5464rEl/ax+B3hGRofBPga+8X3kSbYri/Qpbl1zsd1ZTld3J45HUEcV8XeFvhxp2szynUHnv7iCRPnuJHk3syguzGRi3AJwCDgnHPIH0Fo3w00eCMulhAD5WxQqeXu8vlvmIXcWwB82cjrkA466mXTqtPFYupO7i+SMnBbRuny66dbtbbHKs3w+Ebhg8HRpyUf4lRKpPmXLtzve/WzSv5O17Vv2yf2gfETXFp4I0PSPBGnzfKr2doiXCxOSqgOVG4gYJKn0OMVgvovxY8eeLNLl+IHjfXr2caP8AaSI7u4ijMEjZeEKjhQjKSOg6966PT/DVt/aUNskezZKqKiBgMbgOcHBA7jueR7/R93pEOneMNLmSPd5XhixAVlOwhpogwbIYZ5YdBnjnGcebj8LgcDQlKFFe0UJSU7JtNW1u7vVa76t69T08pzXMcdXjGpiaqpqpBcilyw+KN0lFJJdtvXQ/cv8AZ1/4J0/snt4a8B6tqfwuh8QazrHhHT9Vl1DXZnlM19LFHNK7BjtbLlsE54GOcGpv+Cg/7LHwf8Lfs/T6/wCEvh7oPh3VPD+pWc017pFjBbPNbOoiFrJKI1ZlUfM+Dy3cmvtnwd4t0/SvDHwy0u08oXdj8P8AR5pFEm0RpPZQkruRhypZsLjPJx1xXl//AAUA1y21n9kLxlASQY4rC4d423N5izr8pOc5wpH+0CRjvX8RYfPOI34jYH2mY4p4R5ryqlKpJU/ZyrRiocl7bSsk7q1tFY/o7E4PL5cNVUsPQVVYF1JVFCLk5KnGz5nrzXV9X8z+X/Q7XT1vIXhs44pGuApPDBI9/wAoxnIAPIO7t26j0H4rzRJ4etYwyiN9rDaB1ih3DJBGAGUHseoB4ryzw5cKdR80uxbMRKMOcZUenIGB9MEEjJx2/wAWbnZoenoMM5gml54AQxMBkDgZY/L97PTHPP8AakE3iMNzPWUYNNttbRe77797as/mHHtxjU0+Ga2VlrKLtdJ32s9vXdlU6/a2PhDSbeYPIn2MyjgfLJIMgdGIJ3ZHAzwPXbx+k6pb3UMm1Co2OzqcAluQDgqMH+Ecjv8ANuFYupXJn0nSbeRwiiwjZTgAFmjwPTGeDw2AMgY4xJocIWzZEA3GKTc+Gy3X5cnOc8tkE59BXPi4whOcpfak9Lrra6V10eqaevW/Xry6dSVCEVHmSS3ut7auXRLTayuvmfTXwVWPUta0OAhmaTXNGh6jGxtQgXJI6E55HGQeTiv7Efh54Fga0068uFYsn/CORwjGQq2llGnPBUEEnByewxzX8e/7O8Ifxb4bt1LEjxBoe5kHDN/aFvwdv93b1xnkjkfe/ty+H1p5ekWKMMsi6QcEk8tbRknDc56cgEHrjOTX8LfSaxPs6mVU6btzYlttX2jFJb663f3Pvp/UXhBWq4fL8ZUu7+zpxu9273d0+nS63trax47+yeps/FP7QdqTtA+IysOg4dHOCNuedpGR1GCDxz9pXb7occLlgw65wegODnB6d+T9DXxv+zErP4+/aLUjAj+IVrgEE4zFKcjGCF5XAx2yPSvs+8j+UDaQfXp8oHyjGDzjlSMZIGR0Nfy7ns5SzCpKV3ahQcbtdadLttdWuteul73+/wAVKCxSmrc8nBta7tQbe993for2tY50s43c4K7sjC9QeoIx7YJ9cfdxSqcPEDwCRlsnjkk5JGeQRtABJHB3c5neMoCeeCe3JPsMADIzyOMDnPSqbScoQQMEFgOgA/DPXoOeenSvPpSSV/srl1fNe6lG+ltVLTTzbu0zVzTi/d+y7O2uy12ad7+qs/U5X4/sZf2ePjxGpJP/AArjXB167rGUAjtnrnpyASMdP8zqSWU61qTAkI2papCxUnjZfXHHJ25PcDkcenH+lv8AHadn/Z++OWwAmX4e66EUE5YCwlyeTgAfNk5xnOCMba/zPb6SdL3VIxuwdZ1fK4C4/wBPuMZJXPfAz1xwOtf6J/QzcZ0c5XX2+Hur66qd1ut1e3zurH86+MloZdGd7N1p6bNWp07folbbt1PbPCetQ3MdtaB/3rHYWkHyqFyB07DOOpGSD04PLfHOzhfS7IRXIDTOsbjcc+YjHlucnjrnGMFSMAk8z4cuzBcxMlxhEUuyqW3q+M9O/cnjBIGBmq/jzWH1N7aBQ0ojXcGdTyy43HOOjdzxggcda/0AwuW/7V7eTTi0rpekdknfd3132a1sfzDjs6isoq0rq7iox120je1m3vfXVLr5+HRaIiz7Ts3jO5iMqcAHOOcsepP6kdZjpEKsFKruJ+8qgBRzuGTnlunHXnJGRXUrDIied5QDoxBBTkjG0g8AKAOv/fPQYNe4kaFQfLjLYLlQOQW6Fj26cLjGTnGRx9GsJSSTcElZNXT5tbdLfK6bfz2/M546rKatNpudrK+i926a1Ssutt07O70w4NF+zyBmjR8mQ7Qu/bx8zMRn5iAccZOOuAa8XsWji8ctmLKJeygICDk8ck5xkfe55GM56V9FWZneN5GJLuHBQ4KhCBk/njPQ7cDOeD80yIR4uvGDEMt5MOR8+OTyB0IPGAR8uBkYBX5zGckcRTt8F7tWV3s1y7pOz8102Pu8lipYeTcuZyit7N6qLW7308rXd1dnuWr/ABI0rRsBITNcqqrJEvVcY5yBwWKnJxnJOCWFeSeIvGc/iK8N0IhDAEXbH8zIhXoQvTP4DjHOa4XWC8t/cqJHceaWbcSGYdMjA5249TySdxFJZoZHZUJaNVAbbjk549C3AwSMnpz0ry8TmNSpP2avGMXorK7a01t3vd6b+e/vYfKsJBOrKC55Wl7yi9WldXa66dt7dD0HRry51FykaYdiNpQAZCjILA5GQO/oT/tV3sWlvEFcQM7MA24EEbjgMMHBBOSBgHAPzelYXgvTZLe2a8mjwzELGMFG2kcYJxuPX1wOMDAz6GjlXSMBgqrkquBnLZJbBxxycnJIyOe/0eBwadCFTmlKU0pa6K7S01WnVK679N/hc6x8KWL9jTsowsrpLfTW+ul77a9bXSON+yEzSu9u+9pCF2gY/wBoY6nPfHAxz7YGqWTgSkLsV42xluSd2DkcZHAABOSQPXA9Eshua9yCWUsVztyCCATjBAJ74x2z61l+I7cMLMRx53Rtv4O4hstkn7p5yMHBx3POfTlgG6PPun2e/wAMXptpfyvrbuePHMZOqoSjLlS6J/3Nl0699L7WPJ47d45VUBXO0E8/LzjAJyQBknHc9Acjj0vw7Gsdmd6lTJ1O7GWyCARnPTBB49a517ERHcsZUMo+c88gcfKeN2SMkgAdccEjp9FgZYiZGIYucIR1zkZBPQtyMMOM9PXOnQkpJW0tZq3+Hqvufe+vW3W8VTai2nzKUUm7d4rp1s9ra3+7g/DpSL4l2b5KhJpz94HozE4OQeQM4b6c5OPojxIqyf2bJG4zK0jHOQOTkFewG3n0xgjkgV84aUjN8QrcffInlLYyCV3E9fY59sZycE5+kNQjDGwLuvlxsysGZc/THQZIIByTyT6CuzJ5JQxK5bpVrau1n7mt007NLTt+JXEFuTCR5OZvDptbpK0bN+u7tvbYpi2yq7wMooKMCAWGRu+XoeeBwTgHpwadMEgCuXyJsAgkttPUZPGFAHIyR97ccGrrzR4jVpYioBXA+Zto5K46fipHQ5qhcTGZ4Y4180biqCKGRiCxLA5Ge/5D617tk0pNxjfVO9vedklpZvT5pvS6PhlCrdqFKaa2ai2tWk9NN9vyMm8LC6gaQlFw7Lj5hjPHLDA6Zz1AwBjqOR8RXDJZXTsxCofLGCApYHr32k56jjJ6jcc+of2RqEzxSJp2oXRjBVwLRymcNu5AGFH8PGOgxyMcP4i8J+JZ7XNtoGpyLcTkqBaS4XacKHBAAJwSNoxnj5jxWWKnSp4SrepGTcXZRlq/hS7PR73W77ovCYDE1MbQfsKtr8zk4Ste8Xrv59Fd20WlvJLGWUSErIAGdSBkkEZ7kHrwTxwB3ya1L8fuvMZwSI2JJzhsAHGR7Agc/Xpmuy0n4YeNbo4HhfUl+UFfMtyig9c4dCM/NkZGPrkAd5bfArxxf2ymTS4LYFSNk9zGhOcAA7uOv3hxgdxkEfm2K5Y1E24rbRtPT3fWztbrrpbz/QsLl+JrtKFKSaktbNarl39H1T0W60sfMNxHNfMkMKnBZFG0EgjqC3UjkdTnJGOc1514phlg1QwzIwO6PgsP90DOclSVXheBknOeK/QvR/2a/GVon2x59Btkd1Gye7hkZVQkkbUOByTknHC4POa8s+J37PutXPizS7H+3PD8cl7HEsjeekMaHPHVhuGMDII6YHQE+bWqR5JKNRX0aaau9ujttd7qzs9FsfYYHA1sO71afLot1vfvdqy3d2k9NFY+O/tt2kcMRlYgjYFxwq9SAeDg5yee3QnNNS7uIwQ7yMHO0gZJORgFc8/Lu75ABIwc19oD9klreJm1T4g+FLVVAC5u0dlU8YBWQAEHkg9R6c102l/ssfC+GGJ9X+Lujk5DbbWVWIbjeCNxyDzjj1we1ecoSlJe/frZ36JLR8tnutd9T1rX3jbXS9rX0Sto/N3T9bnxnpes3UMSxwOAkTIXEihiyg84J4JPIOOfruNW/EupDUfsEgZWZImR2VFU8npgDOQNvYcDvkV9yWvwS/Zo02ST+0fiBd3exFDR28RcbuchQvYjnhj2wOcVdTwt+yNYlY3HiDV3iJXKQyxq54OR8x6nIPI2gYxgVrKhJ8qUk7tWTVrfCuvLsr2V+9tGmlJR1TlC101aSsuzavtZu+779T8845AcxhuUXCgjkZPy59z3ycZOO2RFcO9ykSR+ZIEBBO1yRnPGFAPPRc8c546N+i4v/wBm/SpEOkfDTUNRZUbH2oum4D7u9HJ465YYzk8rnIzp/jD8NdGQSaT8G9NheJm+e68l1YfMcHcvHfA4IPPU1vTwras732ule9rXa07Oy0b037ypUkrSqRikr2um9l1TWr0b6dVq+U/PS3s9SlRRBYX9w27auy0mbqSMD5RyePw+vPU6f4B8bXrReR4W12XzGUhhp11tcAD5c7GHb73IPHIBFfbC/tPiGNYtK+HXgzTkJ+WSaxgdkbcOrbMZ2jkHDcdAer5/2l/ifcgton/CMaarBgq2WnwghcMAfnDbT34wO4xWv1Xblbla1kklrGz2s7pPa7fXZmE6+G5ferLbZJt68qbXlrt187XPmyP4K/E2dJZV8H6tDGLbeZJIJIhGm0AMWdDnoM47EnPU1reFv2YfizrNvHdQ6Ikds8mDLcXMUfy7wG+UlD1HK4yO/Wuq8W/tE/GWRLm2u/FEqia3ZWhtoYkyuw56KAoC8YGDgV5BovxX+JV+v2OXxjq0UGSUjiuHjCYYk5COODjI3AAkeny0NyU4xcPeSskk2raWe6t91rJkYSlhOWpKM20783TXS2z6X69Hr5fWmhfsw+Prc/2de6npemhXilDyOpRQcLsLb/mOMZ5YDr3IrrZPgBNp98y6x410u33qEwhWRWxgZDmTCZxg9cZPVcZ+edBv9f1O5kkvvF2rXI8je/m6jMAwxyuBLwRxz0z1IGM7+peQtp5j3+ozMD8zzXsrkMEOAAZOV98jBxgjkD2KTxjiorbSSs3pFWumne929PR+h4GNqZVTrOU4c8+a173ad0k207X013sktj2NfhH4IsJCb/4hWjsiuJIhNFEAATgRszfeHbBI6jvzlXnhv4HWzxJc+MpZ5FTbMi3kLKSp6EgEKDj16egxXzLM0F1cJEiyzAozl5Z5GJzls4JIYBcnPqCSegGDd6ZbwxpKlugEjOGEhDY7lssPYev4datfWvtNWdrxvp9nprffXe/bcX1nLOaLjh4t+6tVdqzi9EtL9G3pZ+dz7N0jXv2cvDzmSQXN5cOJF8yS7E8O0jjKx8ZGOgONp75xUtx8avgBpc0TWXhWG/aI5Mi21x5hOeFBJ2nnlR9Mk9/j/SdOt7qAzNDBE8SP5f7pWxtPcEEE4GM/NkEd8VGmlpdm1JKxgTlXO3ZnGc427cqc9unrjgk6dVyV6kn7uzb0fuW2sr66vddludMcXhaT5lQpp8qvflTb9xbdbN2s9up9vJ+074Etnjl0jwA8LRZYOyQAOCowGLoSA2eB1A4GMcSf8NgXFv5I03wHotuGbJkuIoGk+Zm2llCZySeCTwBkZzgfFk64e4to5CQTGqpjKpjA4wMnHpzjA7Dmw0UQltbYYMrvCHdugAJwGz0wQcHjBDc96yeG+LmlJttLVyd/eSsrNtarXTbd6M51nU4VEoUqcY6WsldJNKzevnp39WfVPxX/AGhfG3iD4d67bXel6HaWeoosUwtoVWdbdwORswARgbW53YO0HAx83/Dr4ifEBdCt9I0S9SGyDSlFhh/eNkj77AH5jxhiSBgkA5rX+JN3bD4f6pbQbPNgjt1kKtllI4OT05xgDBwScGuv+A/h+1fwVo+ozwKXnmkLyn5MKiZClz1+Ziybflyc4A4PPSwkJ41wSdvZtvW+0oq+r0d23vdq/kd1bM68MCq8ORSdRRV2raW669tF+CPob4ZfBr4jePdKHiDxP4wuvD1lKMRROPMubkIQS0RRsKrAfLnOeQOeT9C2vwQ8M6fHFF/wkHiKecIEuLgzRjzNy4baHUAAnPryR1BIO18M7qR/CViBP9otopJogpYM1sVHG7BLAAYxkYIPy5HTt/N86Rdz5QqSGYMACO5x1A5O7tz0wa9KGDpJ2cJXi0rttt7NOzdtUnrbYqjmVZ0YPmvKUY80rLmvo21uraKz1tt3OEX4TeDI+JptenkVQoZLiOMvkY6pt3ZHLY465zgVZHwk+HgO6XSL26BGNs9/LlsDO4hXBPPtgHIB712cewsAWBZSfnYkjOMgMOvPUdgu3jH3pWBxu3oJDu8vBLDBPJ64yeSQMhfoObeEopr3d9Nlp8N+iXyvvs9zOWYYmVrTavvqlouW2qV1u/O2qdrHNH4ZfD63jDReHbRyoA2ySzSE/dxzI3Vec454O3rU8Pg7whaI8kXhzSkVQGMZgR2yTtByyt0A3A89a6eMsEEmQ5wryOMEHkqeDwMA9uSckVCU8wr0RCjEgZDsozgnIPGD69fTnG8KFOLvFLS1lZXbXK9dN/63VjgxFWtUqRvWlo1ZOVrbavW9nfu9nvYrwaLo+E8vTNNSPG1ljtYt5xyNygcBRjOcjPGBmtS20e0g2CCKBIzuLD7PHgkEgL90DgYx69SD81GnQxtOshIeMNt25w7ZTJLhsAhTjaeGJGD1FbmxDtKyMY1b5sgoTkkAjuQAck9M5BGPu0klpdWeuy6WdrbJa672Sujnlz815Tu0lHm5rvTlta2u3rtfRvXjfiEkC+BvE8ayBS2gXgCImFJMDgjG09QcjnpgcjNeP/sJSiz+FnigrnB8SSdHK7SVIVyucEnJ59hg8Yr1/wCIL+V4P8UYIc/2JfKyk/dVoHw2T1PXkEHqRwAa8N/YqkWP4aeIyvyj/hJJcjIw5XJA64+8Cc5znI9c8WIa9tTavdwkltrslrpbo/Kz2vr00IzdKq+Z2Uo6NtO8Wm/w3Vmr33PsDVtbu4WJ+0/aFAYuCR5YKg7QwJJxyAR36jPRuBn1fUDdRyyoqM4JUKmUAPzZP+16+vP8OcmqTpNLLGjMWdzkZ+VCCWKnaATzjvnPJwowMQPMySBZGMiEIAckKc9VJDYycnDY4Iyo6kjOLcbNu3qlZcr6779Nr6vUzlTm9/VX1fRNWsnptvpbXsaS6vfBypZkLSFgw2oqjJBz2IJOM/w8HknNZ9zrd6N5Vml++oT+BTu+UkcjnnHQYORjIFRPN8xgRj5rIUZ3+ba2CTjADLzjB6FTnHzGqRiAifl1bZ8y43BiCMsMcgd1OSM4/DZNpXUmmnr0vpBW13tfV62/lMJUnone+vVPVW36drq/r1RcstTmmEiySsGDKJIwck467doOMdwRncMA8YN1LtI5XdJmJBJCZIyACCCTnJGTgHIOePmxWNDbyQlJlRTGY2Zm2kvg5GSuWOQvG44GOCNx4mjiDBCDlnOHLqRgMd2TjHAyACSM/KOM4pRk1O8krt7O3Ml7qv01bbvdat363KVNx5Wk20vN6rl312d9Ft8rs66GaWaFJBkxoVJQkBiGOR+W4Z5OegyOrTbC5kljeJV2AsGLHBGc4UZ5YH02gDkjoKWF3ghRI1UjySOHH7xhgDaTx8h9DtBzk5rRhCAowJaVkZWRhkktjAHTDAElRjls9Aa9WjJ6PlVu9ktPd62d73X3IzxNR8ri020ndpNrS17arfRp/l1v6RYqJUj8yMSLJE7MMDADcAHGDkZ56jAHXBr4hDNF+2Zq93lpTbafcZKHa2ERQCpPAOT74PFfoBo0UceHETscqkzEDcAWAAUY4UHOdpGCBnua+Bo0T/hsHxHtBQmxnJZ9oKjAO7ngcgdsggnGDlZx1prBpqL/ANphdJtJLRrsm7abJ3X3RgYtrEyV7yoO+lrNuFnre8kr3632d2zyX9t+ztk+JukSm4a3U6SFLlNyMADjaVUe5O4jqBwPlr4muBbMqNHqKSEbdybGUk5I546k/dBIPAHPf9D/ANriHTF+J+mxa2Y2t10ksqy5MUbYLHa45OCecH/CvkfV9A8IXloZrSWCK4xiMwybUY8lQQw44AHBO5s9a/NMPGKgrtXVkk+bdNWT2d1rZNatW6q/6Lm1GnPGVnJLm55ap2vomrLTXTRd9ux42JYjPCBKGCzRH7pHRlzywxndnJzkg9u317pMom+GPjZkQOJJ7cPkjb/qlCsMYPY5wOOmOgHy3eadHa3KRbIyVlh2srAh8sDkbs54xk/dzg8cCvq7wdpban8OvGVkjeXJNcxeWXOApKDJY8YHOeoJwSvANZVWnVg0l7tnprq2tV62a3XTW1yaFNSw9RWXwpJrbeKVtNNvVaXufLckMuUKRHDkNvBBDHAXkdFxg9ADge3FG9Enlzs8RAVCQ3UZII6AYxj5c9SAMYGMd/qHgfVbKT7PiZiGAVlR9rg8rknAZSPunnJ56AmuJ1TTr6zMsV2ZI9gIRWYnJ29cLwcDoBwW546VoqkZvSLas+1+jtb/AIPR2PIeXxpyU5Xd9dN01y2beq17dXfQ+iv2SroQeJ5FC8tYTJtJ2uN3Q8nlRgDOR1x05r2nxNqdxB4lu7yBxE1teuwLfNsePBV8EkgqRwcdz2AB8I/ZMjkk8ZvtyWdDEAQQSRkA8kEDkkg9c8dRX0L4q8E6hJqWrXw1CyVJry4XyfMBlBwwVCudqtxgZIBIPY8ZYe7rzkmlZXd7q3w2u/m/8uq92tTU8uop331vdraGju7/AHO26eu3gXxc+K/jPxdZWHh/XtSW60i0uWkt0C/Ozg7Fdmxn5VAXGRyOOMVwHhAPB4i02RUwhvbFwA2doMybWzk8nGcA855xnFXPHtg9rPDbmEu8LsGfClSwPK7lGM4/D1z3oeG5Z31ezJHlATWROFUjInQgjaCckgc5zjpyKzx051k3Jtt2V2ndWWt3a1kl5W9TLLacKLjCCUfeT5Y6WbST0Xup36Po7dHb6B/aHWefxvdssKbk0LTGy7dnhjOe4JOc5PPOQCSBXze8yRwAtMEldXDFHcEHacLwRg4I7ducDhvoH9oOa5XxxPLFMxz4c0nI8tipBtIxjA4LbgOnQ7SOS2flmbzcZfmQtllYYyAoI4PU9SQuc9Bzg1wOfLCPLK2y281sl3utbt3snfp34hRdeTkr7LVJae723sk1fW711vp2fhScx6uHLGQm3wCXJwGY8biQDn5cnGDng5ytfVnxvSRdE8BzQyMmdAh+ZGZT90An5GzjkcnHPbNfH3haYjUXO1VxCobggH5wVPfksPmwegP8J219f/GbU7e08OeBIJo3ae40CJ45AB8ibOmTtBAOAe4BIB4wOGq1Lm1eslzKWqbslv1b21u29dj3cBJRw00rwskk3dWfur5Lpa19NdT5n+3apbrhLy7Zm/uTSBQc45+Y4yTjsB1PK1e0e81KfxDpf2i8d5QzFTIdxVCpOzk9lUgZGOMj3yvtq4JaIlWX5SSAgI4zjpgYwfXqDirthdNH4h0d1jHyxsW4B3Z6Z4J4GfYnrWFKEVKNkkm076XbvHV2bT2umrLR9Wjem5SdnNte7o35p6q7Vrq6W6tZ2PuPbMPDfhY5eUPb3kxXI+Qhgx+U9OpJONx6gYHHEast9LaztJFIBLA4jYgAMi5G5d3Ugd1I4yeGGK9DuUn/AOEc8JywRJ8umzv5YBJkZiNqlVBLZJwF5BJ6c1+33gf9h74E/GT/AIJg6v8AGfww1xB8cfCI1PUdcQTJLOltYuPMtp7EN5ttbyRFisjoM4zjPNfP8TcRUshlg/rNKpUp4nEU8PzU4rlg5KNpycmrL0fXtY+iyvAPGU6qjNU+SMZKLuuZvlSs9Vqlr26rc/mQg82O4ugztkooHDMMeYRgc4GASAc8cehr67+JG5fhJ4J2D5isAJGM4CMeQclsnJByec5ycY+Yb60gsNQuggOHlkjjaQMSSkpjcfMSQ24EEj29Sa+mPixP5Hwf8DyJsVmkhRjgggBTk555BAPGOnTjn1qNRVaLmr2cE976OzvrbX3tF5+Z5s4KNWUHe8ebm1aaSvazvolezV0nfVaHzPM9v9lE1xG8TtIcMSWO1RgAdOM/xdgxyCKoaei/2/YsFQrI4kCgbiBg/eUjGemAAcntg4MtxLCYBE1wJSjBkVsLvLbRnPUEHoueo4U8ANtn8vXLFisYOwlmXJOOcHjlSAM4yOufmwDWFO/tI9NYry1srO11r0v626MbVly21lHpre6TvdpO2iXVa6u7a+vPF+myXvhbwMsSF2SzumKsoIIPPP0HIJGcjoTgDwa/0l4dThjk2RARFgVIAck54AJzzg4x0IJ+YHH0l4r1a20Xwf4NuJH/AH7aZP5ahS2/zOSACG2kAk8jjgjHSvBdU1qz1PULO5twyRW8HzB1H7xuA+Ogxuz245HHOdMbGLUWtG0kuitotNNWru+6RtQT5lF3s05PW/WGlrK/V6bWV+5BaW+29sHLliJ7eTC8BcsVYnB6fKcnIPXAU7q+oPG2nSS/CSaCFOEu1ZWJJ2hlDZJBPToQOencFR8rw3IfUbGaKRVSRjGACCdytu28E8nk5xkHOM5wfrXxFewRfCmaeeY+UZo9x45GxV5LZPVSOuSMnHJA5ZJxwta26TbXdWjZLta71V3p2tbtgk8VT1trBW0ejt1dmntd9Wump8Nvp0kUmXRcBWwME5xlsjpk8MARjnjB79V4cgRtV0hRHsyzYIIz8uBgDH3eBgduSvBGKt5rdn5W8xI2XMYbCk7M/wAIB5OOhByORjnB0vD1xFdaxoZgiMWCxxnGCCMtx3HfjPQg5GT85h5TdRXTsmlfVaNx/PXr0be+vq1lFRbbT1irWve8oreStpZ3v18nr9I/tL2ksOj/AAykjA2topUZ7sqBs545AI6AYx0OcV8t2cs5kj3JvIIABHCgYyRtGccc5BIwf4en2p+07ZIvhL4Uy7/nbS5Ax+UgFYQQONpB5w3PTbxlRn4006Py7hVKu5JZlyRwAck9M7dwHXBAOATha5cTUtNpN6NPrptdttJXvq/LU64J+zpPe8YJ39Y3vvZ2tr5ux9DfABUk+IGlzSKUCXSLjIwpYAZxwQTkjPsR35u/GVo4vib4qX5gPtsYG5F4ynOdw79evHUjpUfwEbHjawYRACS+hCsxzyrgng8jg4PQ4IHBOKk+Okgf4o+K1A+Y3kJ9gfLIJ4BwOuR7cDjjx8bUqcsbyVvi62u3HV3bW17LvvqdeHjGUpys76bK1mnH0s3v1WrbehxNoLcCRQFAKlmZSvHoG3EnI/vYwPQ44+1/2Z4k/sPx1EiK4HhjUWX5vlGYpWHQk5xxz0yM45r4g0zH70NGCcMFUYJKhSckdgCFPIwckcjNff8A+yxbJfeFfGsUNvic+GNUd3BAO0RuwycYBHJ25XGPu9a8apJqNRTlpKEtujvG9tPLVvonbU9CNNP2co2i1JNKyWilC6XRt6Jq6WnWx8uWLGO7Z2GFVmO0MMDDEZOcliM85wcdQK9G0pkkb51IQIrqzYyCeQTx90kZ65xgnrleX0PRv7R1mDT2cwme68jeSpVFaRlLO3Odq9Bk8njHb1Dxj4MPgzVbbSYLuW6FzaxXDM6lGTIU7SM/db7yZyOmRxz8hj69J1o4ZytUqQnOK1s4rlu73sui3+Z9Ng6dSEfbJJwUlFpPW7tsmm7PpbXZpH1p+zrPCdWtUj2SSNNFt2gkBlXoQcg52nnoNxIBwAf7Wf2UHz8CfAhbAI00ZwOnOB689xkck9s8fxO/s824h1TSnRQGa9iVjnAO1QDtx24OAeePav7W/wBlJx/worwMOo+w85A656d8Dnngc+hJr8pyWfsPEus46N5NiIp33tXw7et9dXp/mjs4/cp8E4DmS1zWjKyutHRqWvv5bbXPpdJAAeeHHAIIGD0z06dMcY+bkdTYSYDGCR9Bjj7qkMeCRn8D97rg5gkBOOAeACScDptye46jn6d81MH6Z4IOBjBGD2HXBB/H3IzX7XTxtRWfOmrrW+lk1orq1tNbb3+/8AdNuXLr0as3d2s7NX7aNJK99Fa5qCX+IjJBAG7r17+gy3GQD0OetSCbaFySBgAgEE5/hGRxnr0wG78DnMVxk5Yj0AGRnnngj0HIwSCeuKN4+XcAxwMbScg9skk5bHT0P0xXWs0nFpuzurO1tFok2la9ldNJNqzWxDw8ZR30Wt7Xb2ulZ67rbs+t0aglXBOVIwcMev0x2BOTx0GO5NSCdOAHHbBzjOT0BB5A/wAOR2xCxBKlCfY8nqehJJz7nb0wCOhXcQVyOFORwWxkc5B7DJJ+nUBjWsczlJx2d1ro+ydtHvvddHb5ZywsEtr3adtVa7j31/vW1176s3PPjByjDGSOMkjJ55xwB0yRnkc5AAcLhP73UdjyMZOME5Hbb3Y8Y4rCEhHAOR0OOoGSc564zycd8sOeshlXHI56bskgn5QQcH07+v5jqpZla11G7+y2neyVr6t9E3ddeiTtMsHZWbeiS73s0+W6tvpbTTTqbKXEWevDAn1Ib1HpzgdQMkdDnLhcISV64GMkY79s8DkYJy2M8dKwvOCgMoAIUA4+YEtxjAO4ZBznPHbpmn+aQex4wA3BJwedv1ycAduM9uiGZNtaJOys1p20WqvZbrbqloZywqil30383HXzSW90t3a+jfRrKmAScEcYOPm+UcAcELxyQQc5/ByvuwMZycE55wcYyfr04PTGexwEnYqO2OcsoIGT3JJ9uB/UVZSZ+hbO7aAMnp15A+U8e3Qk9iDvSzCOnNGTvZ2bezaSlrfZL0S8zKdFxttZWbau3dOOl+7u9HbTZLQ1yxwckHpnjvn04PoRye3XAFJu5IODx0OSSzZzz6EcEnGAePQUVncbs9OuSOuOMc8Hr+Zx2qUS5yVGccg9hnggdBxz3OcZwe/dDG0ZW0Vm1d2W/u2WyWvR9d0upnyTW/WzWjdtm5a6bPp1etla13DZOQApIyPTnk8nO3pyDjIIJyMBVU8nYpXOcZPQ5GeMk5yM47gEY5DVBcbSByVG0HGNy9Rnvzj1Pcc4GacLhWbBJyuMDsCduNxHUgdectwflIJrRV6MndxhZbLVX2s7cqu01onZdUrEOEl0u/Ta1l0t13T10vsWguc5AySCDz79R6HgkAcelOx3wRkY4+7j06+3ptJz7CoPtOM8gnb8oDYAIAOASB2JLZ+9ncMkmnGVD1P3sfdwTjHTPHA6A/TIxgHppVqUlZWdrSbdrJ6aa6rXS70aTts2Q3JJJRb+yorl8nfXTs/wa7KFXumQ3GQQO2ATz2PBAOSTwDg4TACngAAk8ZP3iP4jnoSM++Mkk5pplXLL8xyOABkHJx06qCT1P3uM9yV3qVA3DABy3OR04OTgDIxwBxzzzWycHa1m0tmkk9rO7d+ifnpsmZtzvt8/S213p2t9q11ohuCTgDk9Ofvdc8Dp0zjO7qRnkF5QNgHqueQAOQcnPJIIHPJ9wQKUOD0IOPvZPIPHBIH3sZHbJHpUgIIGeCchQADktyc9sA8Hdn36mq5aelkm2lrdaNW2tps9Lt3tpvpEZOOrTbv7y0SaTVtGrJ6a+rsk9SMQIODyQM8HA79BnpjkZye1K0agZ3fN8pOQ2c9evJOfUHgZxxVlTwEOMjlfukYBzxuHbPKkAg5AyM5MjIygP4cgdmxyNpUdMDGRkc1ajSdvdTStayS6Rt961t02uNVbuy0d94xTfRJ3W/Xta72Vkq5jQtkuQeoGGODnJOBkcY4OM9eRzlArE/KQeOvQk47g87h3BGSBg96nGMFgMEEnklhnBOFAAxzjAx1PHNKcOFIPzED5exOdoPOFPXOefQknGdI042uraWbd9vK3az1euu63BzcWt5Lppe+2zXW1+unW72gZJDhgBgYPTknnv1A4HXI56UuDn5lXnAznPB5JwDxz0LAA4J+kxY5C4Oee5wc9SckZz0HPOc8kUKpJ554OAOmemOD69SvIJHFaOnaz2WiSXy1Vt7d9F3ZUZttcu6TfeP2VZLS3VrmV/OKuiNRlvmGAemAex4JPUA9AR1BwSRSqBt4DEng+udwOeDgdMehzwM5FPyqsuCDwM46cdiTycjAyTjIAYnipcDOQ2OTgE+uc9M8A4GcHB5z2qfZ6pXWqtfta116JtLtbXyK5007xvy2uk/vad7bLdWd+vbG1ldujauDkk6VqJz14+yyfTHOAccHt3Ffw9fFHS9KvPiD4tTU729tEXxRry/6PIYxgahPnc27AxnqeMA9Aa/uJ1r/kEauD0/srUMdc82z5x78ducV/DN8b7uztvH/jWO6l2IfEevkKwbDH7dc87ly3GFA7HPGOSPx3xIc6ef8ACThJ8yeOelm98OtE09Xbbvd7XR+z+FkFPLOK4OyUoYBNNaq3tmnF9Gtrdflp5Tq/hPwRd6o8Vzr9+sMNsWiuTdhlVto+ThuOihhj2A616DZfArwUmh2t+urtc3GqoJYmExMKIiDIkKHdvKjOS3AJODxj5a1HVNM/tMQ+eHjijO9QHAbe5PI45XdjngYwSAK9h+H/AMS7GysPsOuS3DWFpMRbRxRMcLIAoyz7mJXnG0nncSBkE/R0XjK1OgqNWS5ZKVRtqPu+4lFu1tG7ta90+hGNpUqbqzeqk2uRtdlrot3p1T2vud1deAPCdlDZQRO0gyzTiSeTa/l5UBOQVG4EgnJOTg4AxhanpnheVorODTpDG2fOZLmR23R8BvvHBAA28k4x6nMuveNdInsZprOV1hgjaVZJYGDpHu6KNoyegCkBsg8AmvLbX4oeH7dbmOOW4edHEiy/Z2KMrkBsYXLYBJO0jbgE5BJr62nRw8rKdnVcYJ6t2b5Xo07XdndN20PlebEcl+WTUZNuVruyUW2kvJNvX8Twb9oPw9pNj448P/2chit7nS43lSR5GPmeaQQNzdB3HGcHgk5HxPrVtbJ4tjjwpI1JrZR8zDZIwbBye5JHAHPPQV98ftAalY6prfgu7sYn/eaUryyyRlWkzMXBKtymM4Axg+gOa+CfEMqx+LIHaGXB1hpWYJuZ44+GVR0JBxg9cDA65HRQhGEXGPKuiSbb32Tsuz1v8t2elhWnGDb1cHbe0tV0d3e1rrdO1ux9c6Rp+n6NAkr2kAml09nidVLFi1q2UORgd+h3EN13cn4gkw2tahO6pn7feMfukg+c3bHTOcY+8BnJ61966WLPWYLRXjvTKmjzSQRmFgoIgJBc7RgHHIPG3GCQTn4EuCLfX9QjmDkLe3u4qDgYkbgAjPp159TmvawWrl3UYNX2et3d9bJ6/wDAsedUik07P3pO2uq+HV39UrWS2XkfaHh3SbSX4Y3N00Fqr/2JfPlo0LO3luOcrtDKMgdSBjOMAV8MeGraG61uyhljTy3uUibOcsjO2QDlRjHGM4wR9K+1dC8TWtx8OzpdrDdK0Wh3ociMGORjC4POMgFjkntg4wQBXxn4ZmEWtWu62dmju15UZxh+Of4iR1ODweTk4roi+VuVtG4u7b1kkm1omlvtZa9HuYRunJNpK/V7pxj2vZXvrdX076fbdno2nQfDP4gwQ29sqw+HZ8AL8wHmgjJyBkDByfbnKnPnX7HvhP4deMPjF4N8KfES4tdK8J6kki6leXF5HZR/LlghnkKKm5wFwcZ9MCush1e5k8C+OIY7Yul7oV0m9Y2zhGDAMdvBAI5HOcg89PjTwnFdX+q6TBDa3ThJYkm+zbjMokkCAoV5DyEqoAwSxUhckVljcPLEYWvSp1JUKlSnJKpF+9GTSipLazi7au1teztthqkFUXNaUYyTt8TsuV2s73vZt6vS5+qn7f8A8KfhL8MPDHiPS/hJdRXWj3U/h67lji1OLUYbdGt5GeQTwyNEUlY/Iud+Mhj3r84/groWmT3ElzfQq5Ro5otzDPBwWO5h32k9SDzjkZ9l+Leh674W+FfiXT9c0XxHpT3V1pM9rNr0dzG9zaiImJYGuMAR7T8irx6YHNfNHgHxDqVtc2Udn8sQt1V8oxYgleH2g5OFBByCGGTxg1llGHq4XCUsPWryxM6TtKrLWUtYtvf5fE321vasXONSrOdLRS97lVtZWiltsuqtt30Z7J8d9OsLfwvpc0EIEEmsttc5yCqsWVeg+Ykhvc8gZJrzf4d6XY3VnI8tvC7hJpVZiSFVCDgEeq/Q8jANdj8Zdbl1XwF4dhWLeP7XmJ+Rl2sMAgkghgTkgj8umfMvBmtXljaG0WwGCky+cTk4IDDK9cEjbgt0H+0c+9DlclFpLo7u172ul03bsvvZwKWnvPXXW1t2mtb2vo7ddErX3+q/2ltJ0yy+Ffwie1tLeJriCdZ3jABk24+aRskMSScnpnkZwK+Wfhva2c3ijSIZoYXgN0wdCchl3Lxnk98cDjH3T297+POs6jqnwl+FhvbNYEsknhiCMcsrsMM3Uks3b+QwK+dvhnqLW3izSi9k7iK4O0IQctIf3fHO47gA2Ac9sHgRrBtXvaSs13vqm3pv063+Yqa9pb3eVu0dbp30Tu9uj/PXp6l+1RaxWV94GgiEcUTaNK0SBvuIdxweeDxwoHUnr0rpvhZDaxeHdKuEitcmAiYyojPMUPGS3JwOh5PbHGa4D9pN9X1HXPCC6lbpbMmlzLbI5yRFhmR3VWAB6EgDJPHeup8BWuuHwxpsUdxYCIwM1vuU+cGBO4k8gAgDOeOcjHGJnKLlBq9laVlr2vd6rdPTbVJrvpRgowm5L3dLXd7WttJN2vLu3e/kzB/aF3PrXghtiRxvp0jIq8IELnI6jkZIGCOucYIx798HNZ/4Rbw7pGomVIoXtZoZMbC7eYWAx5m4DIxghdwPTtjwX9pOGaC8+HccsqNMugN500WCnmEnfgLlh9GGM8+tdf4B0zWPEGj6PpkWrw2lubJ5Y45IGkUFVY8ttOHJHynI6HHUV0UZSdT7N29OZfatG12lo7aPTTz6c9ZKEJq9rtOLaunfl0dt7ar1d7XWvHfGnXYLr4nDUhJEY5LS1ZiwEmI1kBZnwCA2AcY6cfUfe3hHxN8Gzoui6joyaZeaw2kNDqFtNp0TokkVqCHDMmTM1xkh2+bsDg5r8wvi5o95o3jCbTdQvI7qdtPhYTxqRhWbCKAOc8KceuOBxn2f4XeBdRtLHT7yK+Ei3ltu8gyyblGC3ILZJxwABgjOACawUL12nOSjzWsra7aK1393y6t7RvKlHblkk48str2e2myVtLN6HFfFjXRdWvhyEFUWC61sDy1VCBJezSIAFCgEBsDIBxgHJ6/b3gDUrZfBXhiKXzVk+x2k1sERJNjMFBeXgszFQQoLf7wYgCvzp+JIkt2sEkR8299qEQHzYJMr7jz0OeQVPGMZPb1Hwnp3ii70jTp7LWtWjtTFDGwDziKL7u1YguV+8dpHTGMHoK1jBucuWWkW76Xelrb6bu7tfW973Mq8rRgpNSd4pXTttFJ6JNe7rez7q6sYXxJb7Z8YdTcS5C6rbmRlAVmBZQFIHAOcsc8dl6ivsrTvAXjjxUmhp4QWRg17YQSSfbY7Wc5CHZEhMayFVLFSQcEZB4NfBviax1LT/G19b3E0st6sUUnmuj+aXAUq7FvmJBwdzZx/sgCvsP4Z+FPjJdaZYXOgfEa3064FzZXFvDMgeeASMm0opA3uoZVwFPGSPblkqlSaULOSk9WtJJOKummtdHrfffrfpVSmqcvaq6d9Hdq2jV0lfay8uvY+bPHOmS6P8YPFmjXkLm+sr0210krLJLHcxnbIzuvysxcE5XqSQMDk/WHww8PX2p6hpuoWujJdQafDJ5pLKpklNo4WNRgiQ5wSoGQDnoc18h+NINdg+Lfi5dZ1FtQ1ZLmVNRvthV7q7RSJJwvUF2BO3AkwRgHnPvXw5HxAtLJJdL157KzuYXXhGLidY96LH/F57RADcuCVBGMAg5uVSEkou0nb7Ld7KLdut+uu3XqVKVN01J2abaSctFdRa0au0ut7W1V7anz/AHyPb+M9aSS18h49e1BJYWJPlsZWJQnJAxgDjOOAO1fZEXhjXdK+H934p+wCLRp/DL2ruZQHWRpFCM8JYcMSpQvxk8j5sn4gkOqT+J9UeWV2mk1S7e5kmHzvP5uDI+e7OM4HU9hjJ/Q6bUfE1/8AB+18Maje6gLRvDz3DwxWEP2WdYpFlhWe5EZkRFWMEMzg9FGe+OKnJ18PNK7TWrSW6gunZWb337uxrhXSdOUZe6pSilZLq4bPRu7tdN2V7u/X86bCGS28V6qbtSzyx27HccZJXJJGRnGT9eegPP3Z+z7eQRDxDHdTxW2/w3qJt/NcBWP2SQAADbuLA4BHJ688V8Rzxz3njt4oxIRPaWoCBBuZgAuQCPugrgA+uc5zX3F8Ivh9q6vqOoXmDYW2h3mYyjE7jaSsvIwCwGSQcKWBGccjrhK6mrX0i0paKza5ru9+Xld1a9npY5qtoVG76Xtq0lrZa7aWVl2a03PgwLP/AGrdRrAHEt5egsuRnE7YO5sgKoAPBBIyck4r6p8H3b2/w/8AGNtFJJBBJ4blaSOI5V5UUCTdgncAcBgRnOO2MeH+HPDureIfEP8AYmgwG81bUdSvIbOFmSPeymU7CzKAhKqT2AAHQDA+gfAfg3VYPhz8R31eSG2bTtJ1i1eKGVZZI723kCyQzMGI2g7h2yOB3BampNwaUvd05rWTi9EmmtG03ZtrVXTuc3u86Tm02rqzs91pZJu2lvK9+p8f6Vcxrqunq7o/mQERowwoIc43HcR2wSwHI9OK+7dI1Cyh8I6gkxCSzeFLtEBYbS3lEKFAOc8kHjg8dufhLw9ZC88QaNA8a7PIJyAcn5mIJx6nHA9ORk19iQaRqV5oE8FjGXaDRLxpywGVt4o/mIHZcKQpyNxHpk1eFV3NpbR6Ju+q01vq7aNba7bnTWqQhyLmV7xai762dPvrpve70TfY+LNEmaLU2acFovtLHA4GxpWxtPOSD1yc/UsM/ohB4lXUvgfq+jlJooLLw7e7HACxvIVyFDYAIyqhgOTjGSOT+eulxo8vySFWSeTcTgsWEjYGRnuW6+uB0r7p0lIZ/gxr1qss7+X4evbqR0iZo1kVBhHcKQFb+IEgA/jjGai5K8E5R0TvZtc0dO9la+2trWvvtWrSjRgrtxbVtbtrmguVejs/lbY+X/g5qCQ+NLKMoXSS1Csq4O44IUkn0POBkHgEciv3S+A3iW2h0GTTXmaB5NI1E4Vl8tUNtJ8zbWJAJGeuRkZA5A/Cr4G6Lca54v0+0gKRXVxHKkMjPsRAnIYMoHCgnC5GWPYV+jujQajp8VpYaNealBeWVpdjVp1Mk0LpsdWA2k7QQMDouMEg8VxSjSqVmqra0UrK2tnG6WqaavfW+j+7dznKlCUXdpW7uzcbp6afzduVq76nyN4T1U6X8R7nUBCLqKx8YXl8qEZ3m11OSWJS3AAZuNxxyCRkk4/T/wDa/wD2xtd1dtL0HUfCy2UeqeC9D0qxeCUCVIJoYo5Zm5KhSBtBGSoBzjjP5beFY2n1rWioLMmrhWZ/lzu1BldicD3/ADIFfYH7W2hGbWPAhSMO7+ENIl3fxboYYnVQT0AU8ngHI/DapTpyq0rwTsny33Wi5b8ujTsmlftugpzcaUpNr3Hprqk0lZd77rXbbc+BPFEnjDWvF+ptb+IXsYBbqkEbt5m1Y4wyru5GcEZbOO/Ocl2jeH/HV3c2l3deJkeCFWMYnjT5ygI+VGGOMHBIBP0Nfs1+1J8PP2a9F/Yt+D3iHwt4c0nT/jJf6VYy3uq2lyV1Ga4mdVvJtRgZ9syeWQiYHDDgk9fg/wAD+BNB1f4P6prt/BLd67HPcRWV2k+wIQOB5aEc7uepPOMAnnr/ANXsVVj7Wmoxi6cqyk9HbmjJ33attdpp6dkedDibBxnyS9qn7X2bUtY3Tim4tXVrtWvt1PgPx1o90dZlL30q3zqWuJIlUq7BjziMDCjGT0xweMivMhp+rpLvj1JwVYqqvH83JyRgjjIBPAHqDnGPWviYLjw/ftJalfM8oLIXbzXaXIVlPzNnOCe3OAOc58+0rxGz3sf2+3ALEeWyqqhBhfnGdozkYzkgHJ4IyPl6sKsZyjJ35W73Sd/htrdu9lfVO2t+6+pw9WjOnGpBazSkr6p3tvZ2WnS3xau1jHkstbWQO7w4AILFBuY+468n24I4JBYVSDX6s8m2BnDbR8jBmAOc8gk4JAPXg/n0Woa0XvnKwOyDf5TgKCQGbDHoGBxhtueCcBRilhDSXMbXFoArRF9oJGAwyWBOCc5J4bqMmuWcJSdkotOySatq9Gm1prb016HfCcVG123dJ9lH3UurW/ZWvZO27w0u9QJ3/Y1KruUMu5drMQOhxk8YB6gZJ54P7U+DPHvwMi+EXgXSPFNsyatBo9q92DpzSeZIFQSB7kRhmGR03YHfivx8s3hZ2iETMJZAsbswIUE5JUZxgDO7uAOCelfcT2cjeG/DNvcBTs0q3KKFALLJsbGcA9ACNxPzc9TXvcOpupXsknyLR3tq4tfpa76320PDzqUJU6PtIv3pNfypysk3e+qW6u7rS67elfFbVfgvrEFkfBms2GnavBqNg0sKW0kbSWLyKjwFpQqmRgxU8ZZt2SM4r2Wy0CG0jIs/saQLDayQ4ijDBWj5ZQqjlt2cdTwSCOB+dXxMtLvTjoWq2emeZbwazZDVBDD5s/2SC4jleYqiFiyImRk7Tg7mYgZ+79B/aE+BE2nR/avEGqWs8dtaxym706VHjZIlVlKhACqMGClSAScjuD89xXPEUscmoTfutp041LJJR0Vm7vR97pXet7fR8O4ehVwUuSrCKb/5eNe67Xere2iW33WPQ/Ddhc6RrEOtabdR2t9b3AuobiONVkjeNuHDDb908k8dACORj3f4oeMbb4x6T4Zj8VxwX+o+HLYwre3chkadSQrfLn5Scbdy43AYPXNfPFp8e/givlmx8Wacw8vlL2PydxOAeTtVSOvIOCfxrrLf4sfDbUo4lsPFXgpXmQgpLqEET9Qf4mweBye/Getfn+JhSrYvD46phKksTQTVOt7OpzxUkrpSs909mvR7H09OlOFOVGNejKE5WcOdWt7usHfsn6bNLrzq+AfCKm4NnZ/ZC4Ku1vcYRs9SRu3DHIwO35Vx9/8ADXw5c6ngyWbOkKy+e4lWVRtbK5B5K8nOQMHI6ce96Vr/AIJuEXydV8I3TyAFhb61ZMcjIPHm5/DA598GtQ22jXWo2TWiaSyTQzRt5V3ay7wckbSrHOO2cnsW557FnFeLUYuulFq1lJRt7t9NNfn0+Q1lUXefLRb0TbUZX2tdpK17dbvz3v8AKsvwc0qZvMgmMv71iGtpgAFZhlikhJPHU9MDGAMEY2rfAWyv1iRb29jWNSeE37W4xkDqTnOTgAgDPQj7Jl8Oaa0bbdODj5tr28ir1J2/cYD1wR1+X6CBvCVr5DhbLUY3eJ1GyZxlzjbnLAYz2/uk8bic7POaso8s69RqVrqT30jpHTdXSafRa6tmKyumpRk6cLrfkWt/d10j2a29Uz4Nn/ZrZ4pJrfWnIYZUPC4YMAQCCV56n8hwR1z1+BXiTTIybK7t5mMbptYupYsCCcMc5/Mc8kDJr72tPBl0LSIJdX0DHcNjqkgyCT3yTjsRz06jircHgnVTI2b6CUZUBLi3IBz1wQvXIy2CfbgjOlLOakGrT0UUrWs+jvd7Xsr307hLLKc0oOVm3GXNp1cXa7667JX1dlax+Z1x8DvGcYWRLaOUZL7RJxuJJJPOcZPAwSTyccgYEnw08Y2Qmmk0qZWV8Eod2WXPKggk5wPu5HbBPNfq1c+DdVjuLBJrOyuUuGKKlrI0MikZwzFyCDgZIB5POcYJbd+AnaaKO50K6IJbe8M8ZUYJ6KvJxznGDjpyTWbzde0vJJx6rV/E1FXemre1tt9k7dEso9yLVRpqz0Vlb3U3pazWlt9bH5Or4R8SNGWn0q6BUHLGKQncSeR2zg4yDn8Mmls9Nv7KaRZ7KeIberwyqoTbnLewGSTgkAkcdv1FvPA8Ed0Iv7L1KKBXyknlK+CVG5TtBJUZHBz83JPpUuvAGls+17ZpFYkbbjTyCcqRyQg6NyMcnrjrlyzijd8yaatdp3Tvy66+d7Xd9bJEf2XOLtCataK6bJba20ulottNrH5sIWNxbFiECTJ8pU5Y5B4OMjp025ABGR2+9v2ELFbn9ozQri5DLHFo2o3EL84EhiKK2CQeCBk9BzgcYOxdfCPw3KfMmsLBGOwL8rROrEdcAA8dj0A/AnpPB+k3fwh1u28Z+DTaxazbBrdZZcT2yWcvEqSIc4UZbPAyOOMZoWbYRpNtqzjJtJXXw6dFZ6vR66nPUyvEyjUS5XKS5Y+9a7aUVd22t5LTdbn6sRD4jXvjvVzCU+2hYYNL8h4VkkghiEwE2/G4MAFUjJJ4BxWL451HxN440B/hr4z0DUI4de1PTi15awMI7l7PUFkazRlXdJKyoMhDuxkkdSfg7wF+1P8AGuz8a3Gt+IbPTNcsNOuri8spzFLa/akeEwrAso2o0SYULuz8wHbp9KaH+2rHeWPg2+8V6Fe6frHh/wAUXuq6lbxy280CabIXMclryZGdEGVViTxnPeu2jmOCqQk/rMU5vllCVneDcE01fez3tsteh49bLcZCpBewUoQXuyhq1KMY63+JpPZyirryPAP+ChPhDw34T+Inwh1TSLGTSpL9NGttVinUrM/9j30CIW3AN8sMZOS2FI52np93/ta/2xrP7FGp6jpDrbaR5Hh658xJm89g0EPzxsp3AntkgHDYHr8SftqfFzwH+094n+Dlz8Otag1DVLGXUJNfh1C3e1NhBEWk8hy+xXkcZIYMfm4AyePpH42fG/4dfED9jHxJ4V8D6l/xPvDdp4f0HUdCMqLPPfWUUcVy9tC2JJlyrH5NzAjHOBndVMIpZxyyhJToRlScJJKU3BXUVazve8oqzVmrd+W2LkspU4TSp1nCq3GSqJ80bTd03ZrePR2d9T8XPh5fT6f4l8Q3s7vNeS+FbyBnmZnd1kYoAWOd2UGDnO4kcEYxJrulGe/0lzGVH9nwxiML0V4XLYwDwSTwMY9yaqeHrHVLLVpp7vSNSijn02WJTNaTRF0DEsdzqFYZ3EY6gZPYjsrueK413RZA5EUdvFE6nGFKRMAueQdmcHrz1xjNfOww8J0Yrl5ZXtZaJJta37WW29km7a3+j9rNT5HZq2juk7vlu233TvZtvW3Rnjun6HnVIYmGcXnlhNp4DZB56DkE4x171vaj8Pma61ySNwj2lmsqxhSC5UhiVJ4DA7sg9d2c8c7tk0ceuSTKrAR6orA4ydoJ5AIzyQDng844XivSrmeJZdSZIw73gSIg8f8ALI5CnAzkgZ64JOM8EZVsthKlJyhzprlTa1Xwq+vxau/XzS0Cli3GrCzaW75Xa60fyd+V+mx8vaR4de5sdZnMZLJZ3DcYbP7w4+XHqBjOQenHJNa38LyT2Nncyx+WtxMLcMMGPbFnpnhQWIGMEkcjaDXuGg6SVtNZhEQUvZXQPBP8YP1z69unTmu+0+88BJ8A7nwpNYOvxKPjK21G01Jkbyjo0gbfAp+8nIGACQQD97ofm8XkVJq7i1LlveK0T0suju11s3dHs0s0nGzclJNx0XTVaWvu1un0u2kz5ek8ItLaXV/BbAiynigkm6FWOduDxkt2G7BOCOgrc0jUPEWhXMTaXq2oW7qmdhkeSMEcEsjEqOnTGQcD+6a+wNC8JeFbb4D69f3SW8/iW/8AElrBBIsv762jQEMDFu5UnByQQB+niF54de0vmCKssmyI8Y2lSMFvu8YypPzdevU5+dxmRV6MYOjVlDmgpy5W/dbfwtdZXtfvdWtqerg82pVeb2tNJxqOD03SUXfW7u729btLc7nwz8cvFVmthp+vafZazbEB/MKmG7bj+F1IUbQSBwM9TxyPXdB+MPgjWr1lvXudBmIaFhMrSwELjd86DCA+7A/gc14MfB1y91pRjilDNCjuChwGcMTtyFyMYxnrxg4HFa38H3LXNzCbcnPnShCuTtboScnGOnXOfUYavMvnGGinzqpZq11Z6cuu12793tp119PmwNVxt7rdnvZPSPlezd09Plo0/tW0bSdbSF9K1vTtQjJVUSOaJmfHZ4t25Tzz2IOOCTVh/DjIsnnWKBkmBLou5Nr5A+VcsQwA5xgEenNfCC6Tqekyh7R7yxeJlZXt5ZItpB6EKQM569wOTwePQdB+K3j7w8YkTVZLyLJ2wX6CQlcDguctkDGCDnODkZBbP/WKtQaWKo1LLdxbcVblukmkm35v5908pp1k3Qqq+m94vVq9raddL/gfXlj4e02a3KsJYpN8jYYHquMcnPBJwBkHA5ORXUWfhARW9w8Tee2InBByo4wFKnv0x6H2JFeDaP8AtGMqxRa94ZhkZiivcWpwSCWA+UkE564BPIYnjhfV9A+NPgLUWMc95PpbSnJWZDsBA4BZQBgZVSSThTxjg10R4jwGLtGFRKWnMpXglZQ35rK7tbpZ20tdPklleMoPmdNyinf3VzdtLd9rrRN9dddK80rUILKUSRPEyxg7gM7gHJJIUc5zn+7yO67R0Wn2LSQ211JFlYfs6k52lucnjbwP0yOwFdnoeu+H9ajU2er6ZfpsaMRtPCHIYbgdrNuU8jPp+BFen2mj6ZdWTRNbKqsqRiSIRldoOScqSOpzuIH024NZyx2Hk5NOElZpuNmo2tb4durbW+pDoVIRjzRkpbpfDdq1rp72dldcvkur1f2YLuGH4rCSVlUy2d2IW6FlMbgrnHUEYH94dcACvvPVLhiJXDbAFcgbgQSrDkYPJAzyRxk9MZHwr4G0eLwp4vsvEVkwlWy3QeQdqtKkq4bgE7guTycjk7ic8fVtr4pttZt5tiPbmNtpMmTGwZh91wOM9MsSSM/eAJP2PDeaYKnl1XCOrCM/bVJpSsk1OMbWd7XupXvv0skfCcRYHE1MfSxKpSlBwppt6tcsr7d7Ptsra2PJdWSExeJJSUC3ExDAoqkNv2jBPXABII4BOMZFfNehGL/hKDG0YmS3N6qpjduJR2EjEZXgAAY4AbvkY+pPE2izHRtZZLcytcK08JjkUmT5jgAZPJ5cA9SRjnFfOvh7QXtNVtb+SMxXF3LeW8kMsi71dYG3EqeR0IycccemPw/xTw9SChOlFuLpVZTlFPlXNOKs3otG01pddG0fovB04zoVYyknJcqUdVK6jG9tr2luu17W1Z698OyFtlEW075G3BVOEBnIA5HUZ4P096/db9lVivgPaM4xEWB5ydhLDIwSSCPU9PY1+G3w5gCWcQGOb2ZGGME4kJG09DzkY56E5HJr9yv2WAo8EsoB4EQYnBzkZ7DqNwBXPAHHoO/6Nqn/AK005bOOFrr5OMU32Xyb1t30+K8ZWpZPKDerr0nor/ai9OvVJp2T+d39PFt2OoUcBck/KTnHUj0Oeen1pwbJGQRljjDYA57A8NxyQ2c5wME0BBnA7Y49Pqcjr1J9M9ODUiqpIyN2OmQCQRntxkDA7jHOa/vaNTrzXWja1TVrO2iXbvbfyP5WcZX2V7K21ukVrdq65vJ7WWlx6nJxjJGcnIOBxjjPAI6+2TjJNSPyG+n6gc59eRz9exqJTtPTIPBAzz9M5PfoemcVMxLqVyBuJHPGMYbI56nPfBPPI5ou202+t7tvy+63y20bto5XWlvV3tbVbdOq09F1s6/OD0HTHXrnv04xn3/AHLVTcOmecdMHgnHocepI59emJyAVBwdxHTsccZPQ8k/KBk9s4PDSpycnAHfHGQOg6Z74x1xwDxW0ZOKtfr18uWNul16Ws7b6is+/+X3a/f6+VmAY4A9fw7/5/wAKKXBGc8cE89wPTjr06fSkx/8AX9vrVKWzlK9urv0at5arT5J7g11v29N1+e3zZYB6Z7c4/pkD8M/TNKSCcgAegHpz/KkPcc9CTjORjt9R1GOccmjp/n+daUql5crWvLF32vpHzT2t169bXY3y3fRva2unL56W0187ADn1H1GKXj1/n/npz+hFIW5785xgZx9AB78YH4Ciulvp1vv5Oy8tr9G7pW3EpLz+5+Xl5/8AB1V3AkZ9Dwfx/rjNOLKflIwOnfqPuf16jhj361HRz/nv/n/OeaL39fV7adbdnts9r2G0u2/W11L4U7dVbq9k+nVPJPIU7QowMdu2eAMk9T1Bz0HJphYAE5bPT72Qoz8wzjv1x1B4U5GSUh+uOvP/AOvjj3BqlJpp3ejv/wAD002eglFK7Ss2rd/T7nr6+Wg0Stv2glt2McHAwPmIOeT7HjgnLdKlEjsSCSpyduew6jjnBHAGRzknpUIHOeQ3JA9MdxgjoBx05+bPrKgGMMAxyc4+UnjIGQAfxwOw961jNt2Wt+W+r02002t897Jq4OOivZvo3dXu7Xeu173d9O25Lk8AtngY9/xPJ55x1wfQYp65JHUZ4OMcg/n/AJHcdWt8oHBwQckZBHzE56HrnqCM4x04oXPBzjHRuQwB4BAOc54+Y447jk1qm4u3ey366dfLt2epklZq1n7y+Vmttu3XZeaSLAHAwMduPYYx6g4xkDuOMUYAB5Aw3tzwT/T+WO2YuTjtt6Y6ENnjjlgeuQT0DdQCRiSMDJx97n3B5IYEd+mSAOc9BTlZX37t6bWT/wAtLpFptxTslZK+j0as/N2a8rrv1F3HsAfr37c/yz2Gc560xQMjLDIHVgvOMDBxtzjIPXJyM9qTn16Hnrznt17Z/l6YoAPQ9Bj8cfj7A/pz1qE9ea9m79PJbpN97vddr7EubWt3/wAD0tb5287IlAUEN3PCk46dDjt83HPUk8cYp/cZ5xnvjqeM8j/A46HpUWW5I+bGMLjkZz7YJHYgngYzzkrk9SScAAA8AnJzxxnBx9Dk+1dFFc0lJ3cUpWvr2WulreT1d9LvZc77vdX178vXVaX0769GTAZ6df8APr/T+lISCSOAR94YYHnuM9sYPXj8RRzjjg44zn8M9+v40nGOcdOSB2xyM9SPT/JrtuvK719f66enkK7er3/r+tde+opGAMkYAyDnI5Hrz1/Xr70u0fh1PTjjnjPc8dR7jkZEwduCcBsYwOcd8gdMn29OcCg+xPHHBOMgnvxkd/QnJFMBu0AE+vBB4I67j9Ovpg+lOIH1Hccc9M45P88cnsOEAPTk5Pfn/wCvj+fvg4UMBzggEkjOD8x6D16gnvQA0g84AJxjqOnqO3fGCeTjg9wJtXrgHAGOnpkEfMQR9c8etShsYHGPXB6dc+vqemB+tJnO0noOecknpn3GMkAHk8YJzilewtPuf46f8AjwMsCM4wDkcc9OvPOe4ySe9MbO0kDOT0Ibp36HPOOPTOOKnOCRn5s+m0jPAHJxgk528gZxxkilIXGOSCT2yfwwD1xgdux5wKf9f1/TC39O77X/AC/UqGTqRncTxyemcEEDaD64KgZGegqRS2cE8Y44O7k8E9R+HbvxU21STz16c4PI6dOvTvnpnkcgVRtHJGccfoSevTnknA6HA5A06W/4C7eX4feMB/LJGD0JGMgjPP4ccd8UuQMcc/ic59cHjjqDkew5pxAHc45684OM9eMHpwcdCPQUzvjnpnnp9Mgde/b8OlHf+v6/4f5v1DdnnnjJHBABPOMcnkdCB7+opd/GTwdvQ9eDnnHTAx06EdTnBeBkcgc5Oe/X3HTp1JPPp0XaPUcE5Pf1HbH147EDvSt31fe3p/kgGb8FRhugJ6jkjPJ5H19ye+TSFj6k9+P8++cdeOOmKfhQQDjJ6Yz254ByD1HqTkcdKUKOCOffj8fr6fQ9eBTE99H2uvRr57afNEROT0GM4wwIAGe2e+c9uPQnik3DlQwyvbBJ/HH1PU9+/ShwDkZO3A9TyOQcdsHPp69aaSF57kHJ55IIHTpnrx+o61jUrKFrK/yev+W69ei6iSa3fbv1t+vl10sKWI//AFAcds5HB47cnnvxTcsRxkEHcR6nHAOSeOeh+XI688IMjhTjcWPYnJ5J5A/vZzjOOuSMU4Z45575XqBx/s+vXBGfpXHOvKem3d76O3S2lrq9r62syr3StZPvv+Tte/n6aIjYkY5GCOw4AGd3J7kj7x5wDx3EbyMpAAycfL9RjnGOgX72SMkcEVYwvGfX1OMjjHPp/L2zUZQYyR0AI/vD3BGBhschQCOgAGDXLKfv6tu2r330aad192vfdlxi99H92j5k7W9EtbdnvYgdyAGwepJ791Ocnjr29fTmvO/ig7f8IdqBOOXjJX1AIx7/AC5PbORivRX5O0gcdMDnvlsfX1ORx05rz34nR+Z4O1BRwd0eSw9G9geuBkfnivi+M6ijkGdpat5difNJ+ysl63at1uj0spSjmeBbeixdGVvScdOml+3lroj5O1KT7RDPDuaOJLKATOndTgMo9cg42jAbngZrb0Gza5Mk8carZ2NobeFdux33IfnPTjeOCcqDwvYDRbRo10+R5FJae3tpWGSDsQDco9QCDzkHIwAMfNpafB9ka+nIX7OyIFjBHynyhldo+XAJAIySQOcZBr+QqVCXPSlNcs378ndNO9uXmd7pJrXVdLn7PWx1NYd0qN24zim9bXaim9Lt6cyu0rtbnyB5TJrV/lck31ydoG0/JIcKQegBJ5H/AOu4Yg7gMxj/AH2WHpnBbnJwSd3TPB9cCnFlbxDqGchBeXbAAf3iwwG6YJJzntwegAkVXmvUQBVbz1UpK2EG5gNzNwVAOSSQMDhsZ4+MqU3Jzt1qVFf0bdna97ydkrJNu6TT1/QKNV+ypbq1Cm3fTeEW9WpPr00112Ib3SrYpcIJlBVHYpkFtpQYI4OTkDI5PqOMjjbeytY1AMz5IAXIGAdxyCcn0+Y7umBnGK9r1LwdeW9re3ZutLlTyFkO25AcKVyI1G75t2ByV9jgMK89XTQbYmWKNZNhaILICD8/JK8kk8gZ7ZYck5qlSnTTjJNN3erlZ6JqzVkm9dHrotGVRxSqRk41FNRdn8atypX3SV0nfqnrpuclqFrB9ojiMzBHco7lAAgPfgL1ycBSxwc84ArlNW0XSHudNjXVJCy3kXnr5RURoXBBAAH3gQSCemATuBFdnq0LxiBmg+7Kik7sscqAADyR0Gep7cAiuR1m3Zb61nNuSk13AwwQ3C7QwABJPTAxzkDGMkH1cJTjGzUdXOL5rSuovl9Lp2S72fRA3OTbU5xXJNPSyvZWvpqlfutW9HdE/wAZLeOHwlokaSb1/tsbBkZdVhAVjn1Az6c+1eHabYJcaLdlDhjqWOckEAgYwowMEEADJI55zX0F8YIifDGiHyVydTjdQeScxJgd+/GOOTXmXhXTftGnPG0ahpL6VyqnABVicEHp6/UdCMEexVioZlJWSX1eElrbdRV7vfXv0d97snATk8qu5XccTU1fdSgr3+++yt3uYHjGznHg20QSeYF1GPO1TuIVRhQOeQBjt0Az2r5T8X2ZN7nbIFYZLYKguFwM4AxkZ4Y/KSpxng/cHiW0P/CLWv7tVxqjK3HOASoz36fLxxgcd8fPPiSyt0uHDW6MTIcnG7jGMDqAeeAcdMnOM1zZ3CNSpTXajTtzPokmneXS2nVbXtc9fJMRyQlbT9/VtZ2veUbvo7WsrK9tPI8W0Kz/ANJcgSFViIAVScEjJ5IAOT/FjHU5PAH0n+y7YhfjBpMzBh5UhchhjAxtBBxwASRj/AE8Do9rZB5GWJFLrJ94dOvIAJz0OM4AOBu4r3b9miG3f4qR7YgrxwgnnIADhs4JPUYwCM9OgyK5crhThXoqVlyzvFLW7Ul0Vtd7d9NLaLTOq8ngsXZvWlK2q1TSTXknok99NjyD9qO2iufjZ4gWRiUF3bl2yMBQnON2MHqQD07c815xefBPxDPYPqNj9hktdYspJbeNpQZo4yx/euM4J6DC8jIPFen/ALRMsNz8a/EqyIX/AOJjFEdoJ+UqVbOBkYGflHyjB/hXIwF8b3On3VvpyyXQgtLMw2SKuUcsFyoXBY88EAdcEHJzX1+FhhJ4fEqupOSsqSg2lzSkk3JWSaUb9XqkrNXtw0pYyOFy5YeULKlSnU5tbRUIX5NVZty3a1atsjxJfhVrui6bseWyaaOUM5RsS5kO3G3JbcMnJ79ASBW34u8IXB8OaKlzMpa23qxBODuB+QFeDjnGeDyN3OT2V1r2qTw3lxfWM8bSofJV4cLIo3ESH5cjCgZboOMEEVFf6sl94b0u2lKhmlnkDsBtynQE89sjg9SOpyK8fEUqFKlLkleTirp7bxVtNbt2a3bSslsephauJq1aLqxSUaqScY20s903a+19fLtb5mh8HRwzGEXFu0kzgKQzbVUk8EE4BZV7HJPAYgZrsr7wfcSeGtBsLVreVLrxB5MUpkwgkJBbzGyCqjb3/hx1LV1GlaVa6hfrJIqO3mGN1Vju2hwrMoGcZB65JHGcZFegappUGmaLpy2VmVtYfEZAWYMzFjGxOM9iQctyem35gMefhq0HUhQdnNJyho3ayTTa2aund30t16+rX51aXNeN1pePXS+0eq1tazffV85pfwl8VhxFFDbXGnyNsURXCGPeF5dTknHUnPAOQcZ58/13wH4i8O3K3ephILB7maxWRHyo89CuDsyCwwME4HpjrX1N8IdYsL2eO21C01DZZXrMTEzSKULMctGc7tucBcEHoQPu13Pxhhtdb8KXZXR723sodesnje4tBbvMMlWmBKIUQLnJG3cDnOCa58PnWIo5h9UxKjaUock4WWkrO299JJXSVtd7HHWtTnyRSalbd3XM3B6a9NU0rrXsz4D+B3w903xTq15p1zGbyC1mv5HiIbMrqxK5PYHqQc5IIOeay/jF4M03S/GPh/QdMie2hjtZbqSBZZCI5VYgNw3PpjHBGcZPP0Z8DYLLR/FHjVrNNqW+obYWG0GOF0/eHJxwcEk4GRwMmvF/iVeRaj8UUuIpfPxZTAPjODufcq4HIX6ZHJJboP1LIsdz4dYaTjHnrRSbum4+49Xtqkrrrc8fF05fXJ1bzapUH7l7xjouj3lfyW1+jOY+A3wY03xKfH16DfLNb+KJYt6XFxECixRuCwjdVf5s4JwMFc9TXuj/AAC0tSGafVFChmLpfXKlSHJHJkzkbc/eJ4wOmT6H+xxZQajofxOklURyJ4yuI2xgnHkxckjjB9uhB69vorXNKhs7O4VdvALbvmPy5yAeTnaemOCeTk5r9byyNFYOjGSjJpNc17Rev8y87q7Tt+J+cZzXryx1dxqSilKm49ErQhslotrXtve97n5JaD8NdNv/ANoj4i+Hbj7dLaWHh/T54iLuZJSzNtzJKHLsOAcbh1DfKCBX0Ha/AbwyDukk1A5JK7r65ZsEcjPmEgcds4HA25Fc74TC/wDDWPxQiztZvCWmPnA/564yemMZ65xjJx0r62jVdhPllycLuKj0BwEPPQZDcepz0p5bTpSjX5oXUcZiIpvayqXUU1rorWXbpdGGa18RGphlCbs8HhpNNpXbpwT8m2+m7a3Z+Xvxu+G2jaL8avg1o9qs7W+ozOs4e7nkdgzkEB5GdkJ6DqOQQBwa+l5vgZoPmyoLOdUklZMm7uXBAfIIBlPOCABkckZIyK88+P6mX9on4DRlVUfbAoAHXDqDuPIzg+/UknGK+3L23MJuC7smJ38sAZwA5I6emexPTJwK7MvpUJ4rME4xahVptR7XpQk0knr+bdn6TmGJxFPBZZ7Oc1KdCpKfTX2srX+7l10vv0PzN/af+GOheFvBuiT2dm8c8/jDRYHaSeaTKPdwhTlmxyrHlQCDja2On1RY/B/w69jp8q2aq02nWTvmWZtzvDGzZBb+9nngAAAHkivMv2yXC+BPDWdxH/Cc6Ad3UEtexcAckAYzgnk8jPUfZGm2yx6TpsoG4nStOYDAyD9mjPAxjPOe5GeR1xvhY0f7QxsHSi4qFCy0utG2r2tdt7bt6O90cmPrYmOWZfUVV81SpieaSbbaXsVZ90rJWe1tT5I+Ivwi0Cz8HeLbpbOPzItC1F0zJIdpS3cg4LY+8Fznr9K8r/Z3+Gehaz8JdCv7vTbWW7mNwfOdfmKrOwC5GRtXbjA75yOWJ+yvivEyeAfGDseT4b1UleCRi3kbkDOO/bJxk7R08I/ZWlWT4OeGDkcC7XA5Jxc5xktyQcA4zjGKmv7KGY4f93FWw9W9kmm1KGqV2m3Gy76ruVhqtf8AsjESdSSl9bo2admouEn02TWlt9LG83wm8PxJJINMs2byZz8yAkOqNtbKjGQM46noSScV8e/s8/DDQvFT/FVtQs4nex8aXVvCSGURxrJJwuO5xgfQjOcCv0ydAY7hiEGIrgoORn5GOWXHf17HqMAV8Z/soiOX/hcLEAY8e36kAZziaQEc+hGQe/U4yMc+JjSnj8DD2UXG1eT07RppOS0u1q1otVa/ffBYissszGSnNNLDxjLmldXnfSzTXXWy01vdu+/P8GvCuk+RqMdhblrJkkiBUnqNpYg4ViCcDHfaQOTX5fePYdLi+L2rQTQrMsOouqtKFRIlkJYBVPBAKjjJBAzjPT9sdciMtnMpjGEVBggBTlsK2OhyD0x8vGdpIz+K/wAWLFpPjZq6OiLbHUwZGVlUow3BFwMnPPIyTjPLZNc+ZUaMKtHkpqEmndq6dlytarbVJW6pp2SOvJ61WrCv7ScqluWzlK+ra3vqrad/O6sbOpaJocVtHO1lE0s0JYlFcAksrKSAMcADqDxntyPL/jNcWlv4u8KvcWZZYfDVrvjj3AFAiqpbk5OTyxOTxmvdLy0iktoVDKWjtikUbMAByMEY65HTBPHYHk+IfHe0uZPFfhpRGAyeHbPOC2WUqAykjOMZIwvJJPI4rkjFc0LJtxUmldrez189HZNLrrpp6kXzJ3b6rVt3bUd9tU27J+d9UZmmatoX2VFuNPu4w29EaFXdmGMjG4HgYOduGJPfPHb28Gn3nw+8aXFtAY4WtoTIZQfMVkBwQJAVDdQxXkBid2MVX0y2tVsLPeEJitRmFUBKMV4ZmJyATkHdg7hz156i6Vk8BeJQlvGRJaxBhGcRgHcAwUHhiuPXHTIyM9U0pwilf7Oq0vdxvfr1t8tbWOSnPkrNO8m3Zvdv4baX0S1+5p9n8im60uUW1sYLoE4jdxvCyFBgqojI4bjPbuCRgj3T4JXtla6t4xjiguIivg3UxMkvzpGFibdtJzzjBHAAIPbFeRR2v+lW5WAGGN/MYbeVB4yXU42uR8pIU8EjJNexfDGFxr3jLFugU+C9V3BN2W3Q8Zbnd1x14JyehxCg3Gze/LprdWcbOyXW7vtf0udHOnUaUbaJKSja7tvpum1trs9NT59i12zup4YbWUM/nzLvlt0wuJWwEIGd3TBPUDOOSa+iPhPbG18W6JM8kIEk8gIijCtuMbY3EcfK3JwB1x0HPy14atbqa8KWyQlYryVzvQ7VBlfOW7gHb3yCBwO/1v8ACy2u08W+HTc+QFN2AyxqSG+U5b7o2lQCckc9cgDj1pUEsNNwUtIOXvN62SaS3TWraW+1nY8eVZquoyk5Ny5VZve6V3ZpWVrXsr66a2Xzre6O1/8AEDxSV8h47TxBePIHjDF/MmbOAw4PPbP8RzggD1a48PQDSrppNPtJCot5IyI4wIiJFwwIAOT6k557GudkVrfx544fYUWHxDd79kRKtGJSSScHdyMdM9hkkAekW10sunXsoRmzApXf1GJFC7T93kHI5x0yTgZ6sPSvShKTaTUXvfeMb6NuyTdtvuujDFVH71u9rXe+ju9/n5W26+c/G7TYNR8eWjTIHmi0HR4UjIz8q28JAG0c8/KAcdRkHrXmMfhh7qe6EmnRxhAFVWJ+RePmAHBzxhRkHORyQK9P+J2tQRfFOCCaEOX07T0Bb5Qu2yiORkY3jPyg4x2DHgVYRBe3Nw0F2Y1i+dgXU7toJCnnLbcDvkHgjuNFStLRStunptaLafMlvrdLyvokcMcT7i5nqmtr635fXvrq7pX2esPj/wAMxn4bfDKBrZAsNzqHVTz8zMepOSM547jH08+sfDdstjJdyQQqdqxNGUIwDIAeuSCRnB559gTXv/j9o/8AhAvhqRKWLTagXIAAA+YE+hIAx3xgDjivI9QuDDo+ppEHYMIjuAAByx3fMe3JYjLDk4GSK7cKoKLlrpzJq+rs07tXdusX36jrVV7rb+xfTfZNOya222dm/Q3vB+nwJ4B+McQijSFNN09kwD8oEoxtOTlTkYOCPc1554X8OQSQ2V/E8URkthGqKobDKMkndxvcc9BwRhucD1nwQ4PgX4rJ5e8S6LZFvmwxxtyc8gdwSQSMjPfPJ6FOLTTdNBh2JIsSLt2sykxhSTgZKn/axjP41zY+UaNFSi/fk27J3tLTl1Tts7d7t9dFGGk5znGycI8tnd6NqLSWvm9er18n7D8JrLTl1zWQ25Zm8I68s8phQKQtjPj5gm3BKttYNzkDvXy7/Z9rbTrHZpGDNAuRPAhy0jEnDhTx3yDyCPWvtXwDYRofFNwtshSLwhdQmVWH7t7xGt0J/hAZpCMY7968G8cXWk6Lrj+G5tNlhvdM0HSfIeBYSjyTWokdpcAOd33t3zHc3IJy1fP5diqix9WHNzc0YOzeicbJ77NrS/daHo16V8NzcyspednzW9GtElayva2urXm1poU6XlnM5tJGW8tFYxRKCqearfIAB1AwcAD1BPXJ+PVjK3xDvZ4Zp4VbSNPC+Rv3Fvs4UglSeCx5PBAB4PNd7p97cy3WnGS2eFHvLQAiMHerSKQzYBIIAA69COGFc98cpI7X4gXm6V9psbEKuzco/wBHHHzDruGejAZIzySPq4xjKpTbum1r1d/d6tp9v+Cm7+bTqSp0atnG14+bv5t6r4rdnbseHW1pqVjpSudXuQ7OzsyxmR4/lIVcglskHlfccHAr2P4qJeL8IvhBe2t5Mbprm9VpRETKDuOZGHBBPrg7sjGMKa8nvtVi0/TbbzZpRJcyv5QjgDE/IecEMG67TxznOeOPoD4iXDW/wY+ElwY/PkmlvlJRMODIwAXaR1CgngDkdeDXTpzUlvacfefRuFotp7NtbO71TS0OFScnUnJqyhFpO7fvW1TV977PVJs8Z8MjW/s96GnknX7G05djJ991PAUcAkHkYAOOgGSfff2ebd5fDPxYR55nkbwpqLHzAXEYdGJxliSCQdpwSPcV5l4OtJpNP1VX8whrZDHkKSm5CQM4OO4GDn+HnkV7Z+z5YLBonxYxdKXbwnfEqxBYDyypBUkkdc+wA9eevHv2eHg7R5k4rZfzQXL9z+9JnNhuZ4iSs/eiotXtZ2VrK6TbTjZp66t2sfJug6XLPo2nQpdEPNfmNFYFAC80ijJwNw+bp1A56dNPU/hvrui+IoDFqNq0cFxbTMwlcriORWZSu75SpI4OSM8cHAm8NR3ohsthSaO2v4mUlc4fz5C3IHJ74HO0jjnm7r/ibxLJ4jubOOS3W1kvEhwtq0hBaSIM/mbSVYA9Nw46giuGpUg25W0TvJtO32VZN9rJL3r31s1qe+k40VCVm3F+67qzTjZbuyvs7620Z+on7GrNF+2D8IXuL9Wl+2WpV2AMbCe3KMD14+U/mCOK+n/269Hgl/be0SOeNbi3uvAiTpHKqlHkV5c4LZyQWBGTxkAcivlX9lHy7H9rX4M2zzrLNv0phKVCqxa3YsWHfk84CnI4xnFfVv8AwUeaW1/ag8Capakw3V14Eu4UmTeNuySUhgOvy8YGTjkjqa+Ty+brcf5ZCnop4GpGL1s5Jtttq+t0no3rrfXT1MzppcEZk9VJTpX11jdwT1u+1t/NWsfL3xg8O6Zpul6H5dlbC4t/FOlJLcGJNw82ViY3KphsA4A5JycgDFZ9x4b0e4YefpNhcGSVwwe3iLAElscrzwcbhnIJ3YyC3KeJPEWq6joEMep3Ul/9m8S6ZNBIyhS85kK7mIAY7QCFBDEEEjrx6jayozZljTzCylhv6AopBPJxk4HTgjJPRR/QuS4WtQrYiNS1Ry5ZRbd1ZuPSSXW763tdO2p+BZpOLwuEVObXKppavR+5fe90rWtf0R88eKfh74c/4T7QIYdJt7P7RpV+zGJERGKoT86qAjEZJ+YckZHQ0XHwh0C8V/N023kGxAN1pHHuy2SdyIHO0fKCcHAyGAFeo62yzfE3wws0Kqq6JesmO4KjqBnPYep4JyDk+gras9xBHFkK+xXztIAwMbivJyeTz6EDPI9SnQo1Vi/aUoSarNXUV1jCybVne2yt30Tbvx16leksHy1Z2lQjL42rr2nVXet9W+iW/Q+Lbf4T+HJNV1y2gW9017W8jiSW0vLlPLVlGRsVwvOAOeecBj0Pwn+01pcPhHx5o2nPOPEFtPp7TI2rx+ZJbEyMNizriVxxuUMzcnrkmv1VvHaz8TeL4yih49ThVCoADN5KnGeDke/A6c81+X/7aJf/AIWhoaEhVXQkclQcFnkY4JyMDqDjkkgk9RXj8Q4ChSymnVpwUZymryTdtbW8ne2vdavRNHpcP43ETzX2c5c0UkkpJNRTjHq1de9qtlbfy8h8O6vodn8UPA8Uej3Ec73unEzW8waEyyvGsbLHJvKrGxDAdSAenQfox4hjum+LOiXENxE/k6joDRtIpwrG9gBLYwSu4nIOTk1+aHhG0WT4qeCpC24RanpIIyx3fOnODwcluSOCe+ea/UnVoFX4i6cCBn+0NB2kjruvojg5IGOOcnB7dRn87s7N6q1OWqfZpfJNv1030P0WpPmk9Empray25em29rvXe/kfpj/wUQVNE8B/BqPVb55biTS476NrZGMaGawSTaSTkjnbkA8HnI6fnT4+vtL17QVls5C0Y8N6QhaQCOUSiSJZCq4DEAg4IBB7jGSf0U/4KZMsvgT4I4A48PJFkdCI9PRW+mSOhGBwehr8sfGWh3Nxpuky2kvkFPCFvOwLY3eU+7LKCFJU8lsduMZrlypRlh4znrGMqjad3ZOevW99/wDgWs+ipNRcoNrWKto3uoPVtvZ2tqntboYt9DctJ4pneWYT2WhWMdvPE7xyRkogVkKY/hyCpB4zzjNdHoPi2TTtT8N2mvpda7I3h+f7PqEJQXtlG0DBVuFIxNGgb7wAIwc9DuzfB5k1rRPF39o3AWZNMsYAWAjklURopdST8y4HzYHUDIAAxrSeF3tvF/h2C1nw8/hSXZkj5F8licsMbsg4HXH+0eK65OE6jaXL2bV2rNPy1tot9PJiUpRTa1TbTW7V1G61bTVumvZW3GafNbyaFoTQXdveq/iK6d1hdWmhxuYrLGMupxyCwA6YIre0EltMumiwPOvdZkIx837tZOSpGPlGMHABxleteL2Ol3ek+F5Ly2aS2v18UvH9tjIJMRmEb5Q/KchuoGMfkO503xtBpthqMd9auE0m4uLM6raqWiklvoiPMuIwuQd5AJAUDORntlU5k7N8yunfa6Ti9ejs/K1nZO5tR5Hytu0rKy3au1onq3pq9tb6rY7vw6dl1oCJkTXPhvVsjGMcMT9AqjPr+fNlVZpPhNGxJVfEF1wQT84EjN0z93aB8uSAMEZ+WqFolxY3Hhq7eaF4m8NXu25tnSRAJYyVEhUkpIQw4wpDEZ7bm2tybhfhcxZnaPWr9yc4IOJSB/d6ZJwM5OOgBrlrT5qdrpPWKTumvdejXy766rTQ0pXp1YrVcyvZvS6cHp1V0rNdbN7WOb8UTvGbG0lYrDdfEDUiVUEKV8xiCQTk46HHPX1zWJZSsmja5CZWEcXigRx7QQMLKuVJGMZz+PpXSaxYtqA8MkzBWl+IGoxkOQWAMx25YHA5yQeeMbs9k1XQRp+ga+8TAmHxnChZmB3NJIhyFDEheQMEDLZ6843wteKpqnLo1ona6UrW8rWvvfXZPbPERk5TmpcySjbRtu6Stro2nu3e91bVmB4itr03Hi11DNB9k0tpS24/KSu3AXKnKk9uQTx0rS0qwT+39WvbeRo5bXQ9MuIVUNHGJo04E0fCspPGDgnlm5rodW066uNN+IUoRvOstK0l1fB3bTs6Doctkhc4+Y8g7aoaZAZZdblinZZ28OWnmbl2/vPKGVwARjcCQB074BxUyfOpRWsdl32g3ZX9Y6JXldIiLcXF+82+VtNvW6s9dnbaz10V7LUNK8XWt34f8TeHtbYWWt3mu2j2N1gR6fdszg7VYgBXQZYAFhjjrtz6BoXxQ1b4OftFfCfx1piWL3ukJbm1ivIfMtL2WFFC4wCHadsDcuW6Ee/gWsaXLe6LND9jMs2ntZX/AJqlj5Mxm2yPJt5U4Ibk5HXoedj46+JovCut/B7UnW2uJdDt4wEkQsLloIFePeScsS0hUsehyePmJ+ezXKqWY0auE9n7WlXpVqVWndqM41KSTjLlasrNdLdN1c9fA5hKhTlKcnBrlae14pqXLve7T77Wvre36SWH7d/xX+PQ+K+jfEHU7BLjQLXWxpnhuxjY29paXZUQzFjwJAD9w87SD04rhpv2uLX9lP4iW2v3fg+PxPqni/4W6FZ27RlYvsVxHLI0YLycmTD4OSMEDdjJx8FfspeI7nxN8Svije3vkRDVdJvL+8RRjEYmVkhXGGG1T97qGGTg8113/BQoLo/iHwW0duEjXSrG6jOSH+xNZW4tgMAFFMm4jOOcA9wPzZ8AcN1K2I4Sr5bQhlWNwsY4rCUualTq80Kc53cWp3c4q7uvndn0lDNcXHI/7QpVGqtPET5JPpGMl71nF92+y031R6J8Yf2lZ/2tvi38NdV1TwpJ4Vj8NaRqcsum3Mj3MOpBLdvNnkAOwGQDAAwOc4J5rzzQ/wDgov8AET4YfA7xN8ALDwx4YXTJb3X08L+KpbOX+19DjvLi4VorMjahMe4YJDAZwQc8+Afs967da34v0Zg0b3MWl6xCPMLcW7QMR827J2q2PXqMDv8ANHxVv5ItYEME0XlwapqIZVXftb7TIWHIYqCScEgEnrxur6in4a8HrK8t4Y/sag8qymVKvhsNLnlTpVISco1FJz5m05Su5OV207ang1OIczjGtjvbyVWpKylpzJ+6rxWlmr6NWs7W10PsDwl+1X8QPC/wKuNO1rxJHrNtq9+lslvOrKdMmS4NzJcpDEQkryZD7ZNwJJBHzYr7E+AX7R+r/tMeKrO812LT2v8A4feCrK30/UNO0+KyN7aWFywxdBFEjS7FAPUscAj0/GdZ2uPhqgkK/wDIbuXIIyGxEzdccZO0AkdcknnFfon/AME1bcDV/GUpVQz+DbkggYwPOfOBx2IwrH8RnNRj+BuHcnpYvNMFltHDYtVZVVUpRVN3qckG2ovlaa3utdb2aVuvAZ/mONr0MNiK3tYToptTbk7rltq3ulb4rPbqrHk3/BQey+x/E/QrPJMUKrIoxkn+0QL1vT5d0hHXn5ccGvLtH0iC98A69MY4YgJ9HtxHIu9lMs0anB6r1IOcdeqkGvfv+CitnE/xk0aM7traZpEjFScgtYQDK4G0dPxPIzyD4rpuraRpHwd8bCCY3d9JqWmxwmaJhJE0TI25Gx0BBIOT6DnNfaYebqZRlvJdS5qCVn/ejd63019XtboeHiOWGZYyc9lBuN23bRXTu2uqW/6W8/1fw9Z6bfXc1pN56W15BFhnMiowhBkJA+TKkkDGMBQcAdfrvxr+zDp3ijw5ouqaV8QdO0QXmjaPf6kda2wQt9pjjT/RG+UskO/5+wGcjjn4j0zU7q7juDPKXFxcGbgFUMmMkndhto7Akg4KjIWvdPit4y1LUj4X02WQm2tPDNtCsMUrLGVCLkuoJywLArnjkAY2gVpmmEzGvLBwwWL+qNSlKrPkVVzUfZ2jZpbu731v9rY5cJUwUYYipWw6rRdowhKTTjJuPWGrTTW3nazPeP2c/hRN4B+Md34fj1bSvEcEtnbrZ6xpUnmW18sEqM7REM3yIFKEkk7sgAgc97+1R8F9M+IH7RuhaFr/AIgl8JwahpOnAXhhMquszRKFBUbQzbuCRycFuprj/wBjKWS5+IemK6bZbfTJEhyxYLGZMkgnocAEEHHU5A4r6r/a18c/CS11KXwX4h02+f4uXT6Pe+G9djuBb29vokMcayW0r5ABeTDqVJIIIOMEH5viLGZll88PTw8q1XE1KKjUq0aceaKS1qOLvFKN736JdWj3cBToYjK6kKsIxoe35qdOTfKveTjDmuujsnK10rtHkP8AwwL8KfC/gfW9c1z4halql/DqT6fotvZXNoWJ+1LHE1zCxLbpBtJ2cL7nNche/sO6BFovjXxTF42v/M8N22mXtpYSJFLJNJI6fuxgc43AKFUsx5IGePVfGXgG6tfBulXKXbRSXsemX8TnUZpCftckbtI5MhUsWJKkg4zgd6z/ABH4T8Q+HLC+t4PFWokakukF4zdrJFKZLiEIHO75o13ZGORjGM9fzynxBnvNGUuIqn8bWNSnTS5IShzKVot63aaSWml9DsWAwCSisvhHWLvGV7XW+rvZ6vqraPy4Dw/+x/4O8feGrbxDe/FKXwxe3Op3Wn3VpflAIDAgSOVoI8SAuQS31wOBmvkr9qT9nq7/AGb/APhGF0vx7pnjaDxTDc3kM1krBrSKNiFSTeWOWVuRwDgjvivvXVfhT4vs9I8YtNrdld22lapZ6j5LSNbytJeQiWTyyu1vLUE53E5wSAcE18G/tFWovpNMsL69eSW2igNu6SvcrFA4IZY1Z2CAEjccjJHGQMD6bhrNc4xmaRnUzaGLwEnOUqMaMErcsXFKfLGWnVvsjkzbL8FHD2pYdUa0YxcXFy0aULu3wvbvvs9D490XxDdxu32mG3uTGWcpKCANxw3ynA38nBPHPJx0+qvhbfX/AIl8L6lE9npVnbaLqdt5Uf2YLPdJcEs8Mk6gP5WB82CCSSQcYrybxF8L49F0hbu1uo764NjZ39wzhQsVtOC4wVOcrgZAIJ6kngH6A+BvhqKLwjr8tzcJLNLc2UsMHIHlsjOvGfm2qM+owPoP0aawmK9naCmpVYw5rJ7yUWm93ZKzS03uuh85hqlfC1JwlNxapSnZOzWnutyev4tdO57ynwb8T+Ktes9K0zVX8O/2n4TPiW0/s64uI4Y5LKB5I44hHIJGuZCpw7HKnp6jwfwR8ZPj18J9S1efwj4+1zRZ7u6vrDVGLveLeEMIJWuBcGQF3VeSOcEg4GcepT+Ide0vX/CF/pWp3MF2uj3VpGyzTBEh2OrIq7iACuRt6AEfwnJ8hvLu/SK7lijiuJG1KV52ZSW3zSOxYkg4Lseq8EHPU8fYYbhHK8XCpQxWEw9ahOFNKnUo06kZWtfmTjK7b2V1a1/M+Zx/EeOioyoYmvSq05+9NVHZ35dUtFfTVNa3v5P7E+Gv/BQv9pLwBFokNlf+G/EUmkXk72/9o2SLcM043urtEqsASxOOcZx0POv4u/b/APih400++s/GPw40GQanrx1q5uLDzUaa4OAYt7nYEO0gpgEZ6jPHw3olylrDJNcWAkmlunZWjAAjzkg8DIA6nIyRyelej3njzw9f/Dy18KLoH2bXLPWJryXWySZLiOQKFhVjyASAACcEEg/e48rF+FvCSr0MTh8kw1OvGcP3lCLoyppO6k1CUE2ndLR6O2m5WF4vziVKUa2YVG0rKM/futHZuSevdvW3pc+vfhJ+2X4d+H1jJpup+AdUEdx4ii1zzrSWOT7OZGBeOEctlOSnYEcHP3eS+Pf7WvgPxX4M+LXhbTm1eyu/Ht9p2raRZXtu5ZWjkzO17IVALgjCkYGMAgZO34607UoFe3zFKZlkV1LsD/q2PBBIGdvTIPY4HUec/Ey/L+INPljSJ3u9NkWQsBgYJIIxwWwDgggg9GOcDwcz8Nsow+JhjadOrGoqtOokqkuXnpyjON09UnKK29b3uj1MHxVjMRTlQnKDTpuF+VKSulzPS1tNLdtV0R+xn7I1xHqHwUhJdQG0polAOxWNuSWwOAB17/XkV9UfCPSNLubO5OolGhaC8QjG5o1kBHAYlB8pwccn34x8X/skag4+BGlzpEieVBqKtgEggg7icEg/LyRydpB75H0Z8PPHentcWuhTTpZXDJPPHLIQkFyhUkxlyR8xYEcnj0JNePxLhqnspRoqcpwlTvyK7SUY3sr6Lsr7ptq7PosgqJu9RwSbdr6/Fa1ne3m7N9EtjxzxBYQaV8Xr2y0uQyWaSNFajG3dvj6EckDcepz0yBXm/wC0HputanqtsLCV7Rk0ECC7MzwhWiJ8xVMbByrbSBjIznJ5NeseNBLD8ZIFaBIVnmhlaSNSQodAN2RxtKjcBkg9Rjmus8da58JfDfhq+Pj3RfEOo+LrqzkXwrq+mPE8Nqn2hvNWS2f5SCgKnzF4GGGMcdOExTw0cDUlTq15+xhGUYJcybSXNZuOndu+jau2eRxPKdPLcXOm0r4lWXRK+iT1ez013b1srr8l7lfGutWWqWUmruYLZJP3sYkunZrdDuVnl3kbwpChSBzjOAa5HSvhH408X+Hjr+nWGn2+mQ6xBp9/qmo30NhcR3I2vuNqXR2jdRu37QCxySN2K774p6xY6xe6ld+FJ7/S7FTFGYnUQmecACR5Ps4CFmYH5DkHvzmsrwFp8+t215bX9xqMjQA3ckRkuEsF8qM7JrrDCNS3AVn5Y56AZP31PETWGTUo01JQf7yKlyJ8qtZyirtO271fVs/J5YutPllJVJSTSaV7WVldWa1sm7vW1loc3qJtBq2i6Zq9zbJc+H55LW2ksB5xMqv94/fSZXcAbyD7dTXVeIfh34vu20zS9IXX7/SdTuYtZvrXTRcm2e5fDCW4tVLW5CKSAQg4HY9PNYJbR/EkHKGY6iUCuNy/LcgZRzksp4PJ4OB1Oa/QLwT8S9Q8A3OoX8tmup20+lJZwWEkeFjLoFEqSYyqgkHgDPGTnk/T5XhMLi4WxEUrJe9C63S10T+aWlznrYzHU6M54ZtzkrqMpOXvK1lJzbS7Pqkz5ft/2a9L1LV7TTpdB8ZWOqTzRX11efbI7fT0UjeWBJBgbJ4yRnlcA4r7O06z1rRfD+meH9Ll1MXs+dPtTfX1rc20dvZqBvkOWl3nblyzbSeAdpNcza/G3WobtorDTLUR6pBNb3i3imV1SbkvGzAspj4CDAYLwAK8w1fxBrdlfMLC7lRYxLcxyuHZlklOW2h8hMZOACvGcnnI9D6th6U1Sw85KDi4uVnGd7RtK6a5rbNtvbuc+GxeOrU+bFxjGSk9L+0g1Ze7Zt6y0d0lsj6STwB4s8U6h4XhsvEUz649ytla6doNgt2lzOzqiRybFZY5dzAt5mMoDjOeen8TfsF/FzWZ7vx9B4X1nW73w7q0Gg+KYtYt7LT2S81AAW0lvHcxq0lsNwc3ChkXpkZFfO/hL40+P/DWmqNJ1YWE9te2+qR31rDGL2O7hZXEqzBRIC7DBRTgjnB5NdN4w/a8+PnjDVp9V1b4ka7cNcQwWs1pDcS2lrdC3Ty4nmhtyiSzx4BDupbOeT28XHYPMVVX1WdGNop+0qSqTm7uLd4qya12v59D1sJi6EIctWU2pSV6UYQjFRVndNNWd7tpK0lur6HnHj39m7xZ8NvFviHTtZ8IWB1nQoIL/ULA6lFeC6trtd8YtktnJLBSAyJggnjJIFaPwobxZceIYvAGgfD2zsbrxlcWlrb211Bd25jumjLLK95OQLeCThi7MFI6NtwBxmofErx1qN815eavPNqDtBJNqFzLLcXbqrbtssspLMgyAEJwB0XqK9bs9Z8Z+PNGn8Q6frNpZ6z4Ohkn1a8uLuPTruWxVQsLaWsTRyStEvAUBnyRkc86wpV6VFc+ISqcqUZw5oSVR8qutXKybXVXW29zOrWc5vkT5FZyjLWLV9terSSu9G1ffQb4v+GXizwJr3ivQPGnw0sNR8RaH9i1aW70nWJLlbOymyytJ5crbgQFywBXk9BmuF0KTQ/E0l/Fc+FLixa3vLMmX+0XaIRG4ijljRHfdKSjOQOWU4wD8oOanxF8QmDUHv8AxXdefqMGy7vJZ3nvry2iYqLWeWUtI6MvRC2FH3eOnO6De201xd3Npfs9xJeWj2wLsjHN1DkFMkHJ6nao5wCBxXn1KFdxnOtVnOooPllGclK8Y3b+L3ZO2lr6u9trXRrR56cYRXK5pSTiu9+V76Jdfu1dj9Lv2wP2UdL+Hfh74dfEP4UaVcQ+E9V8IaJrOqRXGZZ7a/ihEl5cK/3xHIzsDyQvyjjqflXxd4K0T40/DaS60Axv4m0iF5rUB0F1bXEMYM9jcMfmMEyrui3A4IwCO39C3xS0FfE/7OfwthliiIt/hfZLdoQpS4R7ZCysrDBDAkYwFPGMYGPwY+MXgHUvgR4x0LX/AIcztDpni+BJtR0u7YG2ivI8mS3wxIEcqsdhADZzycAV4vDHEcsXg6uExl606dStGnPeUlSlblm7v4Y6Nt6vSyvr9tmuTxp1sNXw0Y04OlRnKOvLeSjzW0ejbd03pe68/wA6fgvNLpXxW0iy1qWa3Ml5Po8u0vmKTcUKSpyCFdDsyAWAIHUEfpj/AGJbM0Mf9ojLXUpjBUgMgxgtg8EDqOMDGeCQfzg1vXL1/iPfeKtM0+ztNRs9UW8e2TDW++JyZGUD+JjuJXB+8PrX3n4N8a6d450rTNVtIHimtYo11KI/uxFeSErI6KCWZGPK5OdpCkk8199k+YV4cuHhOMIVbcispPmfK1G766b7NrTVafI57l9HlVf2TqSpe7JpvSLs7tvRpXdn972O3h0iwXzY5NT5GN2AQAN5GeecKOvT1xyKvR6RpKqYk1FiQShbBIfcD1O0dM5wTjjjkA1mC9TzJVW3Ty0DKxA5xktuJIPPzc5x16E8VJPqTlokihEfluhyoDEqVCkEngngknBI6fMBivqFPFu3NXtay0jFXSSd17qVul1tq9j4uU8PpeCSukrrsk+1rK1t7dNEkTXGg6TNblW1JiR5uCykYGzYwG0AgjA7FR16jJoR6Jo1tGYRey7lQxFihIYbd3y9AvDEEA8YU98G3DMjRB5I5FJFwR8qgfKM5bJ2+y4GfvZweCstzD5rRiJyFaE/6tePNQA9STnB5HPIPHGaw9rJT5Z1Zc0kle0bNpqyvy6a6Pbdq6YWhbmgoJJ+6ttnFPVxstHrvdW7WOS1+20R3jaO8nDtZbAETIUocHdgA5yvJPt0BCnK8Iwj7TqrLIZEj0t9pkAVjuk9Ow+nBzjGa3NUhQPEY4sqkNwNoT5mGWAJHIIJyTySp4xzxm+HJiLvWVVMg6ScvggDLnjnIXBJyBx14zXx/FF/7OxCcnryp301U6a0as9VfbTtbr9vwfaWb4R8q0cmtbv4NXbVvVWTd79dbNe0+BAE8UeFHaU/L4h8NcZyf+PuAkE4AK546YH1r+5DQAD4W8KlsADwvohBPvYxYPHXAbJHP4gV/DP4Kdk8R+FpSMj/AISDwyCcet5AMHPT5uM5wACM4Oa/uc8O4bwl4UYjJ/4RbQiM54J0+EHPOOTwQC2ccZODX8+57KzTa1bXZX1jq1629eh+t52/ewPV8tRX26U+33We++qHSZ+baRgY2nA59ccHrg/kQaFyQ3GCTwM54I5ycgYz7Zzw2RipW7KOCuCecqTkjryM9cnjIJPOAKYFOAeAQSWOeOTkEemcHPy9vTr84230aXV3T7PTo097taa63PLWlvdfR6a6/k1e9m9ddLWEwV6rkHAPb3+U+vHPX0GM4YKg8kE4AwvPGMAk46nBBOemTjGMhzAkDJDc4/3hzjAIxgDj5hzxjcOafxxnjAIxnBIPQ5xzkL3JIx6Hh8ytdNrZWet9E2367rvZPTYpyW6stt7eV1t6LTb5K8JB4UYPHHPfPJ646k5I4OecYGImJ3HYCRxkAZ/vZIYnGM9TyABkcnFWgAvJ4YDcPTGc4BHU49Pz64kG3HoAAN2McZz6Egbhn1znoMgJzknok7ONlrpZLSyWr66PW+uyurpvra9n0u2l1itbedlvrbaidxAIQgkj5v8AZB54OOmCcEDr15IpWYhh8pJxj056855OeMk++R1zZdRg4Bx2Gfw5XqMnkAgduOajyCTzjAAO7PXjqOF4xhV6j6GqjO6UtGtElZy1aV9bbKy7W6od03/it5JX5bXX3dlZtX6EOdxJIBIz14GTnAHH3hg89Dnkj+KNgAy8ckcKCDgZ9+MYGOhJOBz3sFcEEDrycE4ycAgY9+h/r1gdSN2CueMHHGCeVO0g8eoz1U+pN82tmk1fpbTZvp2stUtvvnlcWumqvbaXRtW6b6t32e5AQgJwPvZ+UkHLDkjp8uOMknA7CoWQHICLngH5skFeDjB6EkgZwScgZYZq1tGScjcD0IIxk4IwcEluhDKT0wWIzTdiryV7kH2APqRwDkAAjk9RmplFSbaSW17rpo/xbTtbWKSte1tIyaST/PW7t3bV+2tuqV1dwhAeQMHAzwCPbHHBHQDg5J+U8UFFU9CDwPXJPX1HTg5zgenOJjtQAAZ6YI+UZzkc8c/hz+NRPwSuWB3Zz3BJX1yMjk4HBxyOFqHFu2ytLppp7mvuryeitt0uy1OSVrvXrfX5NPTXpbfW1rEKBl+YZc/NxwP4Tx06Z4LBjjoOM1N/EGwVUZwOB2yQM5UA7s7uOuOQDmMDLYyCMkDJwT0/QAncODnOQal2scAkE4IK9ABk45GdwPGBgkZHGeTT7dVro3qrq67J2as9NW9e7UlZNxvbu9LpLt+K2066igENlg2Rnpjqc9ecZ9AfUCkYY5x7n+IkDOQQQcnP3hjpnAAOacSQDjHOOfqFwTyeW59sjHB4LgTxn5sY6ZJHGT1PBzkcgZyD/sghfT4tbOzdt2tFe7TXXXpfWysuZK7irP3bNt3vppfzd3tu7K2oi4HONuB6EYB54z2I5JPoecA7ZAcspblRznoCFBA4OMjjr3ODxwaTaMnleMkc9ieQuMjsARn157U1mxgADcoxyfTknGMDPUD+8cYzmt4xu5PmsrR03cveVtr7201Wugrt6tpNtNrz5rrdb3s319dS4rAn5hgj5gMev5HJwcHGOPT71qPEkkSjABf+JVYZXBUkMSNw6KcEAkHHU1krIwyTxkAk/Lk/MOMHOeecqenoaswuwbcvDKwwTuPIJbPUAYIwMjb1+ldNO0WmpJNLX0tBXtd+Vk+1lfQynBW0Vna/yst7W+67Vn3bZ/n8f8FVtfPxN/bp+NGo6T4W1/U76DV10TUNG0fS5b1/+JTG1oL1YbWJnImK+azlCcnnJOa/KHxbpL+HrkWd7pOsaXdSxec1prWmXNjOqE5BWKeKM7k4Hy855OBX+jLaf8E7fhNpv7YGrfth6Tq+o2nivxBpradrvg2406wv/CmpsUaNrtra6jl8udwSzypGGd8EE4yM39tP/gmj8Bf20PCmn+H/ABRpeneBdV0i4+1af4u8H6Jp1hrUbMPnguXiihF1bnJ3LIz7eNoG2vpMvzKhRhh6VT2sOVKM5JKUOmrSk9tbq112vodGKqU6to0oxlH2UNeVqUJKMVKDbS5rWSum93Zrr/nDwX1vujXZJ5IQFlCDqBtOQAMYYnHAyOwxzqxXkAhYh35UhE244bPBIDDg4PfHJxmv62NU/wCDZHw5JPO3hz9pG4tbdpG2JqelM8u0khd5hTaCBgHGSSScZ4WrD/wbJ7Ytkn7S1hgjl00aYvjPzEBo/Tpxjv3GPqI4nL5wUljqMU7aXaklaL1VlZpt720V76s+edevCdnQfRXUZa7JfCr7X1t/wP5KR/ZsvzsZd6rksqMB82QMLwqnOR06clSOBu2VxpnlRoAZZFG/yVTdJKoJygUA+hzgc9sjAH9dWg/8Gzfw+gkt28QftFarcxKytPHpumJE0ynG4KZVXGWzg9icD5ev034W/wCDe79j3w9ZQw6p4q8a6/cxzxzS3T/ZIpJPLIfyhswdj42sSdxGV5wTXJiMXl0IyX1xTtFO0Izcm0k7J8u/S19tbaI6aFevdP2Cjd+83FpapatNa93purdUfyI/DL4rfs1+G9b0KXxj8Etf8ZW1vbOdc06W+lt7bVpE+88LLsMa7gN2WwM4OF4P0v4r+DHxd/4Kl/EDRfFX7J37OEeieA/h1oVl4In8M2rQ2Wm6bBp0bRxjU9auP9Hv7q6J3hY5S+V56Zr+rX9tL/gk58G/jn+z14Z+Fnwe8N+DPhr408D3Gmv4f8ZNpUdtdajZ6dH5c+n67c2KJc3I1AHM8ju7lickjipP+CU/7Bfxb/YUsPirpXj7xt4f1vQ/Hl1puoaN4d8Mx3EVno1xZq6yzyNLgyPPkOCASckOSCS3z6zHC0aiq01U9tzSSdWrKcYxko3tB6Jt20Ssld6ns1qtSvhZOUqK5UoxpqkoylyyjdvlSveOt1ZLa6d7e+f8Eu/2a/iL+yj+x34D+EXxSt9Ms/GlnqWq63qem6U6y2ujrqT5j08zIWjma3VQryI2GJOF64/QGRCcMc7e+BknkemDkkH8M9jirCvuGOSeCWB3E8BfmA6kY5Hp0XmmsgAODzg/LjrkAAZ5wQPXpj+InNeTiKnt51Ks3eUm3eKel7dNOnX56LU86F4/Z6q+uzbT2bdtbenXqUJCWHzHncflOOVHHIxg9OMYHPXiqjkAZ5bcQGyeMgEDkFcYB6AYJ2nbg86DhQrDG3A6k5IJPHOeMkYHHUHr1FGRkVgNpzwQQQSScZxxwS3K/MTg5PrXhYqUIPmTtZL/ABK1raar1sn16WPRoJzS93TR3STvbTXV6pr7/LRVXGcnGB1AH454BGTjHB/ADNVHC7mBbcT/ABMxXAIOdvcjpliSBjA243C1JKrZIbJJyVOAOO2cdT39PXGM1pHjGCq85JUcAYI53Z68HPIGckgkmvGr4uKdtHza30tpZrTt2Vr6a7no0qTVm/ds43vbXWL1W6/r50nIQHDL1ACnGdp43HnA57nkkHByeIYyCdx4PJBzhSDyMHngEA8jd+QqWbYSy45AOfugHjIGBw3I4wzA49CMU1ySwPyDjg8Z4BHODk54PsOwAz531ucqqitYt9E7J6aapPTr1TfVna4JxTjLWybf2Xs/LRa3V396OG+LkIufhx4lgdSyyW5yoAOQFc5UH1Xpzgkg4I6fhJ+xrf8Ag74KeHf2mfiL4v1yx0fQ/FXxkvYGuZyGu18nThD5cVup3yuGAWMRpycD7xJr9lf2qvFjeC/gB8RfEEMhiubLSGNtIXCBLmRXSNskgfeYHv0BByBn+aX9iX4deJvjR8X9a8PeKp577wN4P8WN8QvET3LtPp2o31xEZbDT1gctG5acqkpZXGwgAHGR5+YySeMq1avs8PTwuG9u0k5zhGt7RxhqlKTfIl0u7+v0+RRawKXLKVR4upKl1XMqcI2b6Jqy36W0W34GftGXGi+Jv2iPi1daTqrtaap4t1OfTJpfNike3urqR4pp4htaMsjBgGxjjPofOY/DF1pulTxDxVdYiLTNCJCYiVUkBMk7CcYyoB5AzzivZv2urW1sP2uPjotpp8NpH/wml80VnZxrHDZpHI5SKNEAVEUAAKuAPu7dikV5Cssuo6ddyzKIh5ciiPYcykRkAluR8oHTGCDk4PX+ruHoqrkWUzpxTjLA4acYVI8z5HRpPlk5aaJpN9XordfwfN6jhmuZKd1UeIrpyTkveVRrW22jV/XboeJ61qlzrd6La9ea7tt1pbR7riWTaGmRVkCuThznG4D5QN2QBmv6UfgndaL4Y0bwdfTSN9m03wDpUMQCM0TTvZIxjDYO+TJZTnpk+pFfzPfaA+pgG3JgNxbpIFUo7FJ1G2PplicA7RjOD2r+kLT/ABVpmofDj4caRoNkllc6f4Z06S9DR7nciwRCHcr8xYlTgs2Od3GDX554kxqVamWU0lFSqVlJLRNJU720Xw62WmifbT7Hw9qRjDMJ3c5KNO129E5NNJuy2dtbPdaKyL2oabZ+I/Emv+KZkiGpy6TcIb1Yh5wtSpMFoGYHy0QFSxG0hh6kg/lp+3Ky2vw2+GUkjTzg6xq24M5AAEjspAJ45A59sDJyK/WTRowfDNxK6H7Tc2F4hJyCSoZuh7BRtz1GRjOTX5Vft428i/C34YGdWIOuaiEKgDkyPjBGcjJI456cd68rglOpn+Dg5fBJ01zXfLGNN8sb62ta19LefX3OLaiWSYqXLy86pzeml1OOu++lr2vZPRrQ/O1/GmjJ4T07SNL8OW9trSzNPcaxfFrh2YfMAgk3Bc4PAG0EYGO/t3wksNZu/B+seK3ubTdLqqQpvsoZY7Z41ObhAyFVChWwrbhleQeTXyjqVj9ntLdhKTvIB27htx12j0/2cdMjsN31D8NJ57T4H6/Fb3bMW1CYhA+0AuCBuyeBjOcg84z3FftOeYb2eFgkmnKvS5pNvaTjZWu+ura27JH4nTxEubmUn7kdun2bbNX0vqls+uiVLxlrPhtnt21HUUlumuGaW5tYY43nJPzFvLACr2VeFHHHGD5vceN9LtdSMWk6dLexBcK8xd0YEH5yr559PqcZ7cb4ksZLeGwzFI5bLSEsTuLnrljuK5OQAfmI9TmrHhzTvtE7ySIF8srs3BixCkMcAc4IG3kc55J7c8KUaVFvVvT3nvpFfh2Wu2/Q644qdSMOWKT9xxve+iUrX3aVnv1Tsd9Bea9qcLXc1rc6dBOx8p1LRoyqNxwHA3MQO2QDmuX0pDc684WaRow8hbeWY8HJXkFWUgHJ7AEc5Br6316/02/+GGnvDaW8V1ZwQxKxhRZEKBlZ1KjJLdRnkHnJzgfMGm6Y1rqiyrIpMy7lJwS7SMFKgAkZPcbsgjGcYoh7CnRdWcUo7tc26bVm7ru9fNa6NsalXrVoUkpXTinfVatK66rW/lo7djr/AA+Y/twF0k02WkSNVGAo7H5Rz0Awc4659PV9Phs5baW4g08eZEBARKGZixdMsoOW3DdnO7IUEkDPPqnwD/Z31Txl408MQ307x2OpvPK0UUTvKERWZj0Jw2QRztKg8AcH7b8SfstW+j6XeS+FtOnSRZ7eyuJLtN266nn2FwrZcbtvG3I56Divj824jwVKUKcZxfM7KTkrK7ja9m27NtLXfpokfe5XkeKk4e0Uk2k7crV4tQ19NW9bLRWvc/Mj9p7ULq3t/D9mB5KJ4c0pHiGVfOW6LkAAdCMdDgdMj4uWSVt8rktuJAJLbgGIBA3H73+zkZ6dyK+0f26NK1Lwl8TovCmqho7/AEvQdKE0aqyIFeMFSo46DBBIPHQZ5PxVbSqVCtIvzMTnIIGSAMn19TkcY46iv2XgLklk1KslGUqy9omrauTVm+2r8vPax+ReIleos9q0otuNCMYNNv40oKzaas1fzeut9b6EEMxJ8uMn5M5wcrjP14PB+bsMYzkH1b4PBofFFy/mBSNPkC/wkMR078k5JOfmwQBk4rC0WK2jtld/kYoQxbbhgwztBJ4Byfl/u84xuFdP8LZYf+Eyu0ZDGjWUyRFCRuwGAxnGM89fTJxX12Nt9XlOauowT00SVovba1muuj11advg8BOdXGRp+zdpJq6TS15XutrN2Sv8tHfOuZ1l1rUUnIlkN9KzNgg5VsKCTzgDgc5ByOc122lTQvqEWVAKW5X7wbawGMAZ69uvfpnBrgrt47fXtRLxFdl7KCzEAkljhmb+EAYBzng8cnFbWj3Hn6lGYhtjCtukBAJUEgNgnHPp3y2D0r18sqy+qUVa+kdG2na0OWV+tvNWVtbu9vGxtNxxtaLi1aU0073bTja7el03p6t23vvSTxzXLqVXywz/ADH5ScFmDEgA7eM5U/TBzVTxAsUunzKSFZIgobO088YBHIwAO44Bz3p9+Nt3tjjBibOXXaSdpJJx16dQR2x1xivqsitpV0qL5qiPaWA7rj5SDySvcZHJxnrn1p3nBrRt6yd220raWtpZL53Vt9fKk6katNavVc1+rWlls7O1797PdnEaMY47iOB1LFEDCQkbOucZOcnnB565zyCK6GfyupVfMBXBDAD5mI46qTk9AeBltvUjndGiMu6QxPvLbFXIUBR/sk4HI5xnJz2xjaxNuWOSBtgyCTjJweANvJxggdsdh0FUG1S5bpq+zbb2itX3X6mlZS9o5Wbk7NPRbKNr6LX4r669b2TVW7AaOX95hfLBRccDBA4PbOGA9O3AqWBITEhA2vhVU7gQcYyccjJAGAeQc4J4zHfI6W87mHCbMbW4YfP1C4yDjOCQMHAA9b+nWyutu/2cFGjVsHGR8qg5B4BA5GAM8AABc1nJtVLe6mtdb67Wd7a2bs2r7vS5UPacsWldqVnfmd9Icr1vZpt3dtEtb2V6yRKGcE73f5sgBRzzkA9AcjIzkDvg4rE1a2jELq21iwJBJ+4N33Scj68Dk5Hc59IiSKMkLbK27Iy45U5xnJPypj1yDgcjoOb8UWuNPaSG2XzByduMgbwScAZ5GFHOCBnGTUVHJR30ttdvTS610fq00tHu7FQdVVIQUZNXSsk7e81vpq1rro23rd3vXsIIjbW6mMHEahSGTPYElWHOMYA+YjgHg4rM1e3EaNKyIqDdgjqpyPTI5PBJ4wTiuv0aGL7LayTRYYQxkKSAdu0ksedwHIAA6AY5y1Jr1rbzWM/kwhwwJJBxnODnAOdw5zg4xnjOayTcoK1ZKysuVvb3WlZLV7bJPz6lTjXhX+BpN78jemiv8Our6tKyuzzzTbiF76z2cp9oh8zJCtknsOM5BGSDz3Ar1DxdaPNpOpQwkiJ7cSuQG5fjIJ5HOMZPIGSDjmvKbK3a31OzWOP5VuYyd3JBJAIxjPB68c4wPb3XW7fytD1N1kZhJaAlG+UqCoGcMD8vUkDgEcg9+Cjf21ZupFS5WrSm3J6X87p67PvY7pQxM6dGXvqKnF3Sd+m6ts9b63u+2j+So9Gnlu1to4Gdr0hmEcTyHOTjgAkbsZ7nPzE9c0NT8NTI7zzxSRfZpjFIEhccFgqhlYAgkkHDEZ5wQQRXu3goQWt1LdTXLGdIFMBCLIME85ABO7nB/jbv6VieK7+b7Tr9vHHK8bPBeF3jEYQRsrEYdTgtjkEYyeeRx+VZ3nNdZvLAxjGUYK6aabbbjZNKWiV9dE3fVaH7vknDtGpw/h8xrSl7Sc1Fq3lHXSzXRWtez7I84fT74Q29nc4jeGNZFRjJE8aMAV3DI4YfNnp0AAycpexyW2m3AhDq4RRJLvbawJ42kH2YnjacdcjNd58QlutN1PSb+7tRFBrPh2wvoGjVSvlOm1WZhgGQkcAAc54xnDPEPheOHwCviqHU1m3/AGaKSyOFb98TtPTkr3HOMD2z2YX2lSNKtNqDvGPLL3Wmmlpza9NLXk7K/l4+YUvZ1K1Ck+ZwT974WlZWeuq0W6vdNq93rF4TSNrG2CTo0kkcrPPL8yovy7iTlsbc9zhhjgGv2g/Yz/4Jl+K/2sfhxbfEHw/8aPBvg+Q3NxpsejarEHnYwoSJ5pNyqokYDaeG3KT0IFfi34cmFvo1jNPaZgWCVnHALrsG3nqcnGR1zjIHSvozwV+0t8avAPgG48K/DrxtL4Y0i4vRd/ZtPcJfCbfg4YfvcHqRkDqRwSK4+NsNxLjMBhqfDeaU8uxkZUpSrTpOqnBWcoqMmle7u5N3drLpfwcjqYOjWxX9oUvrEHzKMU5QcZXi42ffdP1bStY+jv2m/wBl3U/2YvG+k+BtV+I3g3xZq+rXTWctzpTII7WaSbygl0NzeW6lgeSOMYOOniXxb/Zw8S/DHx9pPhHxB4l0TUZ9W8NW/iCO60vZLZta3kYnjgMpZ185Q4yATuPUZyK+Z/GHifxx4y1WXXfFWq3Ws6jJciWbULu4lluZJ22EzASMzJICMg4xnGBkGl8c+IvFi22i6lqWqajc3YtRZx3N5ezyzwwBf3cKCR8qiqvyoSBjjAyM9GT4fiGhSwMcwzSOKqU6T+tzjR9nGtV5Y+/FJtQSd00ld7sxxlXCSlWeEpRpU2/djeTUY2jvdJ3bsr3vq7XO38SaVpfha2tPs+oRyyskgkQLGxV+QgBUZwXxk54Jzn06P9nSybVfifEbp3dbWzmulkC4VWdNq8rjAOMDgEDjAzz8kXet6xcyL9ovJpvm2J5oJHzZDHcecZ2gEDsSMV9xfsY2F3PrfirWb9Hkjt7SG1tJXiIV3ZgXSNz8pJ4HUk56bTkffZXUqvEUablz+/zvmleNrRk091f+XRapW8vmq6nyyqysrKycUlHaN07N2utU31666/ZnhKyM/wAVvFhWRpZW0HTwqEFtxM+FXHQ5IHtyT15P1rafCfxzeWkN3Z6HJJDMAofZ8uCoPDng4LEkdiQMc181+ELzT7H4t+Jri7FxbTDStLMRhUO2fPVhlVBGDjnOOTxyBn9p/gf8Yvhl/wAIfpWieJvDd1qeoaabi7luXvoINyxozwlk3KSCdq7TuGAOD1Plcc8WZvwzgoVsrwdTH1JVnGVGmm2ovVOzs1r7tk7Pbc9vhnIcDndedPH4n2EY0ockrNuUlyt9976366rU/PFfgR8SJWmaLw/cySx7GSHyWG8g5DRPgBlfoMZwWIz3r4ed9S0b40fEvS7u0ePULK0tY7m0mIBiddqvGc56MNuDxj2Nf00eI/2oPg7Y+DYvEejeDrWTWIbiOB7KS8tyTHEGijjjjDcbnAdiuOM9ua/mc8T6i/jT9qL42aqsZ0uTV7+G7aFJA0NpHcESJAhPZVcHPQknHqfneCuOuJM/xMXmOWzwFOn71JTTUpSvb3r3W2mtrrtue1nPC+S5VhqkcJX9vUkuWbd9I3i09Vtrfo077I8c+LGpX5n0hprZrcR3YWNSTtw5JXPoOT90nPzAEZJr7b/Y9/ZovPi7pl3rFzqMlvoY1KGG8uIIXkOWIO5JBlRsIGSCSGPHUivmL4xeBxb6Nb6pdXb30UeqQwbUKgneFYgBcEk7sZA445r9d/2AfilZfDL4e6Vo+g+ErHVxe6i1xc/2neLH5cgHIlR3GVBydrYBJ4AzX1HF+bZnhcsxOKwNX/aIq3LvL3nZuKs0rW3ez1R85leWUZYyjSqwi6Lu2pNJ2VkrJJpq9nqv5S14t/YN+FR+K3i7w/ouqa5qWr6L8PNM8QfNJFDEzkxLM8k7BVaMAkIgI+6oYlzXNXP7I3g/TNF07xDeWfm6ZeO1pEz3sZdp42CszbWIXD546YIz93NfSPxx+Jtr4n+M3xi1NorfwvqVv8GtLt7dNJv0gglnkaKTyGEbr8rEYGOWzjHUV8qaf+0TfweD/DHg3xGltHplp9slefzo5XhupImeKaWVyS258FgeR064A/OchzHiDE4SrXqYqpdKLmnNpqo9fhfKk7trXS/pp7+dYfAUq2HpLDKz5fejSTjKEUl7zdujWlm3ukVNb+C3gnw/bT3NppTE2Ft50lw1zvjiiYbWdssQyqTg7sLgcbQwx+LHxBtfD6fEDW9PSCzmM/i2IwXJKANFJMSyls4CnlQ2eTxyWwf15/bS+KHhTQv2RNE1zwXrltL428RTSaLqM1hqEckzhiWYiKFtyiNVK9BzkHpgfzgavfatLo7a1NqM8upjU0jkmaSUshV/lJkJJ3AgjOfx5OfZhTzTGYepHEV6t9fjnzKK5Urro3Zp2V126mOHeBo1L0acY2T5uWna9uWT1Vm2kuV21umr6H6eeIfBvgSPTo7k6TZi+CLCwjMRVx5Yw6kHk7iDtYk8KR0IrL+HP7Hnxn/aSi1uz+Bnw+1Dxg3hmzl1HW7yyt1t9O0u3t1MrJcX8g8kTiINIkQZHcKcjHNfDNr4g8VpHpZTWtR1FAsc9xEJJJFjVh86nB3ADJBBOCw+Xpmv6Ef2b/G37cP7Gv7F3ijxb4M0LwBonwp+OeEk13UdZiTxTpS3sTRwXscSSG5zPbNLGsT/ACgyDaCRivzbjjP8fwdltJYXFUJYytiIU6ccTUUVabi5yi1K8nCNrpPRu++/0WVZVDPMZ7NUtbKMbRvZvlaV1ttq7ra11ofmN8GPg/oPh/4qXGlfEiG51WyjsLmC5sdMsmvpo9Rsw63EKpEshka2lBVyBhTyduQK+79A8H/shTWNjFr3hDxHZXr3M6zRT6BdQkwI20XDboFCxYxhhxxkHvX7f/8ABOP9kX4cfC74a/Aj48eOdD03xF4r+LnibUZpbjVrYX0C6Zq7mSCOI3avH5lzMZHctgEEngdfpT9snwt8K7/9q7wH4Xu/h94bh0jSfAepyTaZpdnpmmW1zeXULT2T6k0UUSSmNk+ReWK/eOTX8ocT+OWPzHM8ZTpyx9GGWVFQk8JjvYyxM1TlOdWnTcZRdJOFrSld8ydtz9YybhfLqeIpYJ0YVfa0a9SVWrRU405UZQhKldpyc7taea62R/Po/wACf2SLnVrd7bTvEFvp0iq0Pk6RcGFgVBK+YYclQOWHc/dIyM+D/tUfC79lfwz8GNQ1H4e319L40OvWVv8AYpNLnjeGB5gkrGSVc/MdoO045I61/Wr+yLafAHxx8M9X8QeM/hx4Sk8WWniXVdAtNNs7eC5eKxtZBb2UqW6jYg6CaYRkHAOWzX5If8HBnhz4QfDv4a/BjwzovgfTPCfivU7y/wBYnl0W3trCS/iiVZYftn2URvLFFgOrScZUgHHVcDca8VcR8T5dh6GNzF0cRjfZypSzH6xKlKMZLkrUlBRSsr6T0T7WTjO8FkeXfW8PVy+1ShTm/bSo04QlZQknBuXOlutYr3n2uz8fPEfw88Lfsz/s4W/irx7pUcnjH4jaNJc+Dry/tBBcW8d7AgtorGJ1Ega2U75ZuAVYY45P4x6jqCNd3vmSLM8zySltwYNJNy/ucuSc9c9MYBPtHxp8d+OPiJ4T03U/GPjvWPFEHhVItJ8P2V7eSPaabZBAhjtomJCEIAnHUL3LV8jm8vIyULJIWbIB2k7cDGDyehH3jgEZyMAD+5eD+EswymhKvm+MnjsdjKk6zm07UqTl+7w8E7e7Bba6tPV6H4lnvFWFrzVDBYZUKFCPI7L45aXcrOPM7v3d3FK71udJqb2LRxyFo3k2pEsRAwWkYJz3xyMntkjHSvuPwB+xP418Q6HpOvXPiPwFo1jq+nRajBDe6hardpDKgdTJF5oZWCgkxlcgkgjOBX5pXWuNaSSR3MCuxxIMNwoRtyEDICnPOT36EnNew6T8Q/HFxBp6w+J7xbOK3VILYylljRVwkYy3KgcEL90HJBJr6TN8FVxMIwo1/YNWTbV2ldJ36arV9dtz5zA5zOnVdR0IzcmnFNN7aPms07OKvpax+g9p+wclzbXWqat8ZfhppFtbA7zNdwK7uuMFQsok754OQRjBB5+Vfjl8GfDvwd8RaVYeHfibofxKOq2DXN1c+HCzWmlSuMG3n8xnQuoGMqevfkV4H4h+IXiW4Isr+/uryGQOWiDssbEHC7ihBAPTnOVz6is3T7lpkmDZt5JbfI3OXI4YrgEhhjGQPmz0254r5GllGJoYn2k8wnVppaUvZxjFy91XTT5m1Z6N972Ppo55HE0lTnhIQnLlXMt0uZdHdarreT111Sa/Vj9jfxp4d8K+GZHt9ZstO1dbLUY9U3yQxzzxMrFUDcHeH+6cNg4J6Cv6Jj+zX+zf4n/YH0748eKEbTfiJrXhK/n07XV14pd6tq0FzLFBJ5BmH2giILEkO1gAAdtfxW+B4NdsmS9shNciV5nCLK0StGFOd+0jIyOMgkkkY5Ir+xb/AIJK/skyfFz4FeCfiV+0LrHibWvC+nz6k/gL4XXd1c/2Jc6dCrtJfNb+Zho/tAKrtQKdoYnGCPwv6Q1arlWRZfmixuIw7oYqDlSoznGpiIcqfs4JOPM9E3d8ttWraP7/AMP6+HljK8alJunyRlJqnzNSvBLvq79LP0W/m8Pxd+PkX7IHivwl8MW1e08F6LY6VBqepXFpFFJKtysdvdM1zFHGJUkUsACxcqSG6Cvh/wAQ/Gz4p+E/hx4Us7XULq5vJY5rC1c2wK26LcNvii3DKsUySQQcc5AGD/WP8Xfh/wDD6H9iXxnptvpGi+GNI1HXNP0m3tLJLa1aFX1eK2gguZ0AfeQcAM25RjOWr8iP+Cjfwe+BPwT8AfBPwP4Y1HQtC8T6lYR61fM9yk8s8ElqstzctJK7FXEhYYUqpOQMAjP848J8WRx2Y4XBzy516+aT+uQq1EqklTqU7QpzUo3c7xbfIko3u9LN/p1ZQrwr1KVWrhY0Ks6Ps3ezdGNNyne9oqTmlZuTbvvbT40+Dnw3+NPxwF2+l6pq4t4tFhuL+4nuPs8KzSRg4cRlWaNeQI0IbgDHNfpL8Hf2BfB3gqL4I+JfEUb+Mdc8Q+Lr8eIdKkleZEkiglYSGKdmREGGUsw3NkE814X8Ev25f2df2ZP2ej8TNI8F+MfHN7pV0ND8U62mmzR+GU1DY0UTLqUsZspEzwyiQ7QexNfJ19/wXVm1Dxt4RudK+H9lDoPg/wAXT+IJrWzndLnULadXJtpJQVhWNUb5gnBYAkba7MXw74i8R4zNoZJl9SlgMPUrUIUqbpUU5uFneXNFyk78yirRXuqT6GbznJsuhQeIr05VnB3qTu5X5VpFK/2la60Vt9z+oDSv2e/hZd29wtp8HLVreGOR8PZRKqmEguwYISeBwCQAcYzya+dfi58Ifhlrfxx/Z68Or8M7IeGtTvbmPVbK4ISwuFtnMTNLG/ySNGSqmN/v9BnOT8U+H/8Ag5E8B2DO+rfBfU4bG4sPMsoLO4gVp5QnKF5Bgx8HkHnqQDk18V/t9f8ABU/Vfj74U8FePPh78MPGXwlt9OR4vCPjm2nli0251ad0kufIvLfZbzPb8o8SknnDIcZr5jKPBTjmhjcLPG1sdh6uOnWw7p4iTjCg5K0Z88Ks4/Je81qttPOpcVUqtSrOpGjOhQpyftaU1OT91K3It7t9dtHpY/Oj/gpH4T8P6L8ePjL4K0TT4rPSvC/xC1Y6To9nEkdtY2EpmZVijjCrtG0cqBnkjNfiRCkNpPdxCIgTXMgHLD5VkOBwVHBJJ9goGdtfcmvfFXXPF+teKNV8X6ndeIvE/iOZ5LnXL9mkuLmZlYSSzFicnDH5uST3718VXkKHVtRjaYZivZVjBK5O9t2cZzgHOR0XAxnoP9FfDPIsZw5w7l+V4us8RVwuHpQnWafvzjGHM7y1fM7pbuyT7s/G+PM2wue436xhlJWpRpK6SfuRjFOd7+87LZu2/Q9b+HOlaVNruiNql4LXTGuHFw+QQNoJG4sBjkA7iMYBI7Y/pk/Zz/Y//Yo+J3h3wvF4mTxX4p8aeK/C9nPpsOi3nnrNqUa4uLVXUuURWI8tCRhScAGv5erLTNVs9D0/xFDZ3b6eNUa0F3NBIunySgEPEkqgI7kBspuZhnoDmvpf4Zf8FAvir8J9R8Lj4e+LIvCTeBbp2sJRZRSyKWbLqCyMzISrbSxyOeM4I87xTyHiLOsHFcN4/wCoYyHNyyU3GE1JRvzNJyupNPSy3TeqObgjF5VlUqv9qUIVaVRXjzxhOzXJa3OrfCnpdbt6Jn9SfiX/AIJ0/sk+C/h9qwb4c+Lk8W6UuoXRs9XmZPLitrd5FkWT5VJQ4J3ZUtlee34H3vwcGs/F74b+FfDVlBpVr4xvtffT5LkqsJFu7pG9zlv9ZGIwPlwGbaepIrkvFv8AwU4/bC/aP1W88OwfGNpH8QR/2fJHFapaK6yoVnkkulRPJV0B3KWG/jJABFafi/x/c/DzVv2ftXTXrfUvEngzRdTvNSuWuBJby6k2WdWZW5ZnPIYZZiSQVIr878NeHuPuHp4+nnecvMcZWjKWEjOtUrqm0m7tySjFTclZRWi3+G59LneP4YzKFD6tg4UaUZr6xNQhCMk5Xajyu1nGyS1be3d/nz+2X4TvfBvxEutDv7fF9pEMtjdzIRtkZXZY5FABKhuDzyOOM9Pm74ewXJlvg0CtEYw0xJ5Iz9w5HJPJ5POOBk8fSv7SfivUvi1quufEfWJI4b3WL9RJFbg+TGgYgBFONqkKCAMZ7kkg187+E7pNJubm2+aY3EYTLMB7jngDI9OoOPUV/UWVQxdPD4SpjXy4qWGp+2cdU6rjaS22uktlddj8ozOWEWJrxwtvq/tP3Kcfe5HJezUkrtt2Sdn0sk9n+nX7L/hTwZrvwc+Jeo6pbvH4x0rW9Ok8LTmYOyWwcm7EduxPmKAMEhDgY6AV4brixaz8RNZs5GhSDSt8sF0nlqGmVF3MwXAVt5JYdR3ycY0v2cviPoHga4WTWllu4b4ajayWTGQxRvcRmOKbCd1JyvcHkZr2/RPBvwjn+Lfgi8uNWsm8I+Kngk8az3dy8P8AZ7XFzIZoo3Z0AKxkKTkEAjHv49LMcfg8xxKqUqtXDtxqQ0vHSK0VtHZvW2qS8mjrxuHwEsqpTioe15FGpBat81rXjHXRy952fKop7bcZ4B+H0XjTxpoej6lY299o95crNPd3WFWaPABijkGArMBtB5IHJ5Wvi/8AaX0XRtB+NXjXRdAtBaaTp0qW8VvGwaKIoqKw3KTuycjrjJOeua/a34gw/s46FoGvaf4F13TYPEWk6gbfwnc2uqSCOa0QlgykSglo87ySCCcdO34WfGG/a++IniO5M6zi4GTchzL9pkT5JJBJyXJYHqT6Ank16dDMamPfO4VKcPdSjJWkm1F2+Teny7K3iYFQUJ0VSlTlGzjOSbU483w3TbajbW6V1bztwmiIqa34ZVYY5FbVtOZ4sKwbZcxlgRyGGBkj5upHfFf09+F/ht8MPEnhXQL668JeF55JdH06SVY7e188P9liWR3ZVDFmIJYHnIzjJIr+Yfwrtk8SeFoWlJzqlsCMndtMnON2ME885Yk5wATmvo3WfEPxM8O6vrL6F478Q6VYk5t4TqN15aqi5McCeaI1UY+6AMenAxhmmWYzNFTeDrToumtUm46yUUtYtWstbarzvqvrMkzfCZIqjxuEhiaeIUbRlZuLum2k7pptvXfRbn9Dtv8ABn4SXRRV8A+H8wxBhiOBmwpyCcg8ADGDjI65JOegX4WfDhYklg8HeHbZUyFMlrasDjJGRtIOe+Rnpnkmv5utL/aJ+K2naTqUA8b65dSuYkguVv5POgZmXftBfJBJIPOASO/I0E+PnxbutOkj1Hxv4lDgHYw1CVI40EZwzYdSeCTg9s9zg/P1uF89k+X69J3au3WqXS00aUt0/S76n0seNeH6EknltNp6JKnBauztez1vpf8AyaP6Kr7wH8PUsRHJ4T8Nq3mIySra2IdnViECblyVDYz+PHOR/Pb+1LHFD8ZPHSWy21tbW91GIre1RUjjKLtAUL8qnH3tg44GMDNef2PxR+JWt6jp9ufiH4nkdry3iKjVLpUWN51UtkS4wg64bsQv3cD7w1L9ljwT4/1CxjtfiIkniPVNChvbu3+0x311d3ZgBkD/ADNMpEnBV8N345FFKU+FpwxGbYupVhVi6cGueqoOLja61Sd5Wtq7X6hiqtHi/D/V8owVOjWozg3rRjKSaS0aavqku/zWn5QXt3O8UkyhwrBo2IHOFBBK8LgA5BYFucYI6DV0i8vLrR2s40M0OJQsTFciRsrvJJyQM49M9M9B9neOf2JfEegaBqmuJ4l0lLHTXEbWdy7LfSEvgsqBgN2BgADjPuBXyn4u8Ban4CjsJFuJphqQjFvLDjBB+ZwYx8wAbkkr0yOCcH08FxFlea1Y08NiFOU1ZQUZJpqzainFNq7e+2vy8HGcM5pleHlVxeG9nGCu5SlG1nu1Zu6uuqS0a7Hlb+DNXeZSyqPKBYKHBDLnIBA+UEE4PHJXoOpmtPDN9a6tpd3cAeUt7ZyKsTB5GIuIzhQSWznPykcjsMknoore6Mmomd58pBvXEjgiQrjG3Py7ehAPTg98Zvhp7y58QaHE5lkVtXsYXRtzHy3uFDgJgjBDEgDknvkc+/LDKMIuPN7+t3dpPpzJbJR08+lj5ylWj7aMbRlytSsuqi49N+/q/LU/pP8Ahjqnw6/4V/4Ti1S+8JWupDSrSac3ctgtyA8KZW6En70MvQhjkHIJOST202tfCBI/Nute8EAxuTvjurANGvfqWBIPvk/Ng/Ltr8CPj6E8H/EGSwtG1GOwn0jT7hVW6uY9sjwKzbF3j5STyFAxkKevPi3/AAlsbwNbSQ6n5hBIc3k5GCTgEFsjscjaTwATzj5t8MVKsvaSzBQVRXa9m2vecbJe8rrz6LrofVS41p4RqgstjL2KhFyc46pcurVr3sm93d+a1/pMbxr8F3dkuvF3gkxRglALyxVg2dudwx8y9D0+hOAc5/iD8CbC4Kt4z8JrbPGAfL1K1OWGDzhzyOm0c5GRgcV/NjPfrbxs5gu5BlSWaeYBlf5mBDNnK5zkjqDnHWrVnq9jNbwxixl81rlVUsxkOMgDAdipAOfUjjBwOM/9U5OVpZg2073dN3tdKyak/Rro79dqXHqavDL4pu28rpappJ8qdlr06O2tj+kG5+J/7PNvBJLN408PoFhdf+QhBjPJBUK5DZ9iVIwR0NeXXPxw+BoY2EfjrRTAg8xwZwzc5APD44zkDrgnA6ivxM8VJ5GkSmOwuYfIjgbzHtwygsAzgnB5Y4+X7zZBzXmkGqRxNue2csYwC7xKvOMAEkHcp7cHGcnnJpPhOjCpH2mNqK+/urVprS7ve701srd+ukePqzppRwVC+tnzNb2stEv077n7x2/x3+A1i26PxzYzOWdCqCRjuJOCFVgTjHHHOPcYbdftJfA6OOH7R4wgaNJcEPZO4Yn72CAeD2IzzjIY1+FOl69GdStMWUe1Zm3gqvOGGCRjkZ4A4zt4GQM+pX9xDdLaKLKFVbLkGNRt4zltwIGO45wccdh3U+EsLUpSmsbWai4rSMLaShaz5Xvqmr9zmlx7jYVIxeDw2trXlOzd4rV/adrejXkkfrza/tSfs/6ZJJHaeK4yZWEhUaZPkluSAwTJHoD+GODWiP2v/gKpe2PiW4kDZZhHpN0wOCTg4TaR6cg9wDX55/DD9m34yfEz4beNvjD4M8DJrXgD4cwXMvizXIzBHHp8dsqtLgOA0rRqwZ1j3ELlSMrXhumamtzf2+ILdBKSAREqnYRuyQVP4t6jtk1y4fh7LMVWrUaWOlUqYepGnXpwcJSpTai1GcdXBtNSs7WVranTiOOM2oQp1J4ClSp1489FzjNRnBNXcW9Gk1a/Ro/VzUP2qPgVcSxLb3+o3Ez3CrEI9IvAXbIwB+6yxYn5cBhnHPNdBN+0T4AkjKQaJ4mumX52ZNGuUG1RkkkxHaoHPJ6456mvzW0gmPX/AAyimFVTUYJCWVAuDJwX2g7hgDv1w2Mk1+jum/2bJpF+y30C3EumXDyFNuFKxsHxkDHB46c5OcA17uH4EwNVT56+Iiob25NPdT0stLvqtdH0PGxHiJmMHG2FoKUre7aS7K6959k7+d7vYzI/2q/hjNcQiDSfEL3Du0SeXpk7cpkMBiPhsqyn15AbOasXn7T/AMP8xxx+HvEwnYHZv0+dC5B52sY+vGM9RkegB+QNGvrOxkieJk84apdqshcEyq07k8HlcnoNvrgE4rp9Q1mHVb7TbZ5RA1s5VXUNh2eQ5BfG0gdu5xtBBwaqXAuWQjzPE4hWad04JP4bJO1k1drzVkckfEnNJVFSWHwyk5RjfllteF7e8tdbeaW59bfBLx5/wuf44fC/w38NfBvim+1+x+InhjUNQW3spJhaWFtqsEtxeXZVP3ENvGpd5HIVQp3HlgP7f/ExcTRKZGaRbCyR3JBPmJCiyYIznDA57dF9cfzN/wDBA7wfYN8cPjp4iljha8tPDFstnPKgeWPzLt95hLDC7wSDtGCOCGOK/pp14f6Tt2j5o0YEkc4IOTjPOckA8++R8v8AO3GdanSzjEYGnGTp4Ofs4znJSlK6jJt72umtLWvfzt/QXClSpVy3C42u+api6ftJwjFKMLNRjFNWvdK1++9rHIwMUf5iSADggZA6/wAJB56c5A7DGeO6tMHT0PDYjQ4J3A5I6HnIxgEZYhSTgCuPjjTfkqGYkkZJIPGMEZ9MHoegHeu3gT/iWoehEYAGB0BA4B78nGQAMc4wcfKUprmei1jZ3a6tLe+u+l+um+31tZqVOCSXxR1dujTWt19zVvne2HIoy4BXJfJxyMZOSOv4dOOmD0gZxuAHzAEFuBk4HB6cDPcgE4wAOa0HKljxuJyTnkcdSCOmSRyOT/tDpVeNAM7epHAORuGRg8n1OcKenYgVKs0ldK1lffT3X2u3ro1+LslpGV7LdO1uva1vu/G+pFuGCCSARkcdSevuSSMY6cYprcgjJPAXGCMbuwx1OeW5yMHGOcTAgsGxnvjg7evGR83I5zxjBB9C9QuWwuQdzZJwfRSOuCB1656fMemihrvou6s3dJ3svXR366roEqkYre76pPZ3im9EnbdtpK+vfSukeFIOc9+nAGAcDjI24XofXBqTapOSBwMjouOD1HfPpx05q0kfyg8b8evQHjODyT1GBnaM8DAqUIrcZB27uqqc5xnHOTwQONxBHHOa0VktN+qt6K/zv6bPW5zTra8z26W333s7d0kt7NozzGoyRn5l3HAJOeoyDjPzcY5PVucZpTGAoO0AnJGchs47jOD3ycYzkZOM1fWIEAkLjAPUDGe3f73fv+HQCZwCu4E56EHH16YGRznk8gYzWkYPST2d0vNe7o/e7a/LYj2/S9nptrZK34fJ/LQyjESwyCQMBsfj0J7e5OckD3pPs/zHAOCc4xnIBOM5/h64P+TuCFCFyMk8gZHAOQCOMAjoADk+23iwYEPOepX34GRgLgc45AUEkY5BzVx93RJ8z6q+2ml7282u+17a5Os1dykls3qkvs9Labb/AD2uc6lu2SCM5I5AIOPrycj8KlFs4/g6dBzhTwCcHnJx9BgdM4roBAgBAx2xyCR36A9jg9gCDkjinCAFcfd7c4yQM5xgDrjhiSeg6dNLN6q773ejs117bP5O12ifbxS1a6O7autno90tPRt9VcwRbsuMKccAHPX+9k8cdM4AI9ciphFjOAz5OF44HAxg+nOTj3wRith4QR8uSF7ErnnIzg9Txn6/VhSMgwBjnkHjb6cgYGRjtjqMeoOsac2rQ1X3R+y07pq2il21dne+uMsXG3Kmndqy0s7KNlfo9X91rbGSLUtliMk5BPPGMdunYcE5zyFAqRbNQAoViVA7bV7kcE9Rx2JJ75OBqKgU8DjnDE4I29QAQcnoSSc46ntUoUMct1x6kg4GMjPOcA46DvnvWyjKOt0rO2nXa+u60stLfqcdTFWbtbo9LNWVurdu62e/QyxAp42k8r9CwAyOADwQD0PGQOgzYWFVB/dhmzjA5BPPOeCdvIbpxjuc1obFPXoFBA4A/E+wxkkEnrjk5Rk4OMdxxnHIySOO569On4V0p30b6pWT7uKeydm2tHvrq1045VnO+tk7aXa2tdX6+dtXe90VvKAbDJyQchejYGD09MH0HGM8jIEC54OCOnocnAVSAMkfKBz347tMAQ2cclSMDOcDjAU5GCASDxkMpHXFJwfu5zu3HOcLgZ6jofTHTpncONoSlaz9L3vdq19vO7t5X7swd7dPNbO2m+j1027tLbQjWNeRtJwMc9e3r6/N0z3B5AybFyDtH3sAnAJGORx0HJHJwT12jBKk/d4wepHByMEYAwcAKevsc04nBzkZyAenAAJPG7ucY5yOM8ZrVSaem/fTS3L93RfJdkc1SO123re3V2tdLtdPytpvYYQODwCDtPzALgDjIyMj6DIyBk5zSemAwHOABg4ycHHcH0HY5xuHCs+QAc/KNox+HXHYD2znp2qJ3JLHJBJAz3PqBj8SemB16gVopNfFon1+Ub7Xu7PbS23pk6Ssmm9Nvwuvkm9bPp3dg5AAxgHPIHJ6cdOf9w8DGOho3N8pCnAHQHOcg/X8P7vHPqxg4wBnk5UEYHTkA4zgN15yM854pPnBIyxXHQdBkjBOSDgA8Y45AxnICVRq91/lb5t6aL8fmnBWtZtbXdtW7O/ZpavRLddmx+8kjIJAG04wcggkn14x+ZOTk0xSSfTbkEYA5BGCc9CORnoeeuRRhiMcnJHrz75GMcH29TkDNKSWOMAAkHJbjIGRz3BGcemOAQcE9qtNWl57Pbq79rq9k7asjl2Sve+qSV1t0vre+uis9NxCxGRzkjIGOST6c8tnHGecimbiu4rknPyg5I6DkY/hyTnHQ9cEk0pbjB4YkBVz1OG75JJA6knGQcHPNNUjcCfp6DGeq5x+II56nlRVe0j67bJ27eXz7a37jVPm7a+e9mrX10+L8HdJDOQcgYPQYHOPboxz1DdjnJPQDE569lBG0sSR1yOcjJ5GCO5604lVcbQSOOhBPPfkY69iORyB3CNjIIHQnjPH5cc9ARjB654NUp81nd6Pre72bv1vv2sktWJu2nVaPW+miS6767vW9kQbhuBwQAe2ATwfbjqeAMsM9+KjdsHABwCSADyDxkHPtjJP1HrU7bDxnkdsALwDjlRnpjkHI6g45VhGA4OBxw2TgA4wcdScjk4A6dCeEr9d/Lb+vUzbVtnKy/y1vpp729tdLWvrVYlcYTBJPAPdum4/wnnpwM9uCacuDuJT5QccnBwMA++OfXBx8ueBVjCEHnJIBXqCAvOeeD6jOBj8yjbM7V6PwxJzggbic578YA6cfWhtW0S0Wy3e39Kytr53M+Zfy+vXqrve+17Jde6erCqgBgW/h3NgZBOSO2MqMHHUZI57sZV5C5yFO0DHBJwMnHpn1wPxzZyp7EDO7A4yOpHTnPbBO0Dggmo9yqSTycFvukYBUKNvBOR14J456EipjJxtJ3dv+AtU7fl13JUouys29Hay6uNut+v37dRiBQGKscgKMkdc9do4PsepJ6HpiZWyp2c4OC23oDz3ydpIHH3sjvwKjXBC4XryAOrD1IHIx06cbQWz1D/lHQDkgAHvlcZ4wRknIyeMY5C0OS0acdWtn5qz5evZr5Kydlbgm099rLTS1ldWdkr62uun2VYaSVPsRnA3A54HDE475/ujkfeyaQkcgDHscjDHGenG5uCepPBHu4gsAMgjkY6MTzgkdMHOOB8uB75VMA4OMk5JBIGCcYBJxkD+IHB/U7c8WtVzK38q12as21+SvporNDjbrHd/F1v0V9/uf6kW8rgnqMAYI4PIZdoJHfPGR1OFyacGYgjaFXClemdnHyn6HHt0qdVj54XcOgOCc5+9/vDv6jjA5yrIp4yBuIBPTHfO7Py5Jwc+uCOBhRqJO9krpe8ut7Jeit9lOXV7aubdOWzWltVa1tl0t5LbporQjJzkZPGB/D7dh26dM+p6FxCgEZILDJ7nIwcn3xxzxjrUpCAAN03DcVxuJX5mGOvJBIIIIB3cBjgKqoxkYGcAfMcZDDdyckjHJ98AE8uU7tWato7fc1ft10+fYnlS1Ss9l2+ymrduVLRW6XtqRfOPmOSMZ46YHOGxwATk8j8PVMlhgqSSQB3baMkgHjIHGSR/PmwAoBUELyuWyeSCM464BJA/iz2o+VuQwyqjv8oBwW6dyAc8kjvjpUX2slq79Olr79Gkr8q18kWtlvfTXrfT5LXVdeml7lc5Ix/ExycAcAHIGc/lzyPUDFMOSHO3AXjGCCc+/JJ9OB7VZKxnjOMtjnrwPuk56dh3yOeeaF2BdxzjLYwD3/vAbuc/723ILEDGCM2r7aWemqto+1umy6W2UrCXMmn07d/hu9XezS6WTd7X1RU2tjgN90HoDwO2R1PcDGSPrmlBLAKchTwSRgZPseeOFbqeePafAxhCAcnILEnJ6DgEcLnjP54BphwWVcBQvJBAGMcE8jnoCABu6AjPFTz2+Xl1dtNtXfpq7LbWxfaNtbq90k91d9lbo73072vC2AGAySOOgxgA4z7cgjHzepxyFCgjcVAJPzZJIOBjleAAQOO56npUmANx654HTHJxk/NkZBxzkdAaWMD5dwGMkAE85GAMk9CpOQBleOp5Arme7s7arz+Gz9fd1e783uJR00d+13o/d7d7Ju/Xpqz54/bFTd+yL8ejg4XwjcsQoIJABz34zjAPQdODxX8Lf7SLiLUfBwtkRVaDzN8uBw1ugYckAgcgHOcnrjFf3c/teIH/AGSvj6MdPBd6QBwPuHt0OcZAO3gd+cfwe/tMwBtc8FW7zrGH0qN2LN90mNQCvIwSMAckZwCGOM/R8KyTxiVm71H2/kTTSV7JXW3X5M8HiaNsLe1rxio+vPHvq9UraXvfRmV+yh4c8c+KP2hPBVr8OPC9x428U2HiGHVrPw5bsI4btLRlkmeadsJFbwIC8jsQAOOQRn+pfxJ8O/i7418S+AdA+MPja08JrrenpqifD3wn8ktjNocv2lodTvJSXlJjATfAVXupzgV+H3/BFpVs/wBtvQ1+0/6nw54kCDdt8xPsgLqrZB5zg7ehOQx5I/pb+Ifw10zVPjr4P+M76tf7rSfUvCtvowkk+wiKe3QPOFLEO5bIB5yF54xu/F/G3N40+KcNgqkaMHSyxyp13TU67nU53GEHJuEIpxXvKPNq3zaWf6h4R5fJcP1cVTnVlz49qVHm5aVqfs05SSTbtGT913V9bPQ9k0LwN4Z8G+GbtLO0hE015pE0d5el7y9MZaPPlzz75EG45zGQMlexr+Sj/gsJDHF+3t8RnDk+boPh+Y7iMEjT7cKc8kkYBwe/r0r+vHx7Mv8AYVuZZhZoU0pIy5AEjRXiphRySSBkgYbPPUYr+Rf/AILNQLYft1+KpLqMRxX3hLw9KjkMokT7JBhkJO1gQAR05JH3cV4vgliFPi2rRu5yeXV3zyb+zKi7Nu9klq3t03ueh4rUVHh2jXdv9+pLrs01o3a2jWi8m+l/aPhP/wAE0PCvxZ/YW1T4u2N3qN/8a/E1jdax4LigdDp1vZ6RI5ubCVBkma4SJtjY+VyF5yc/h74R1bxP8MviV4f8QHR47nxH4B8VQ3zaZcYaN7/Rb9ZJbe4Ax+782IxtjBU59CK/pb/YB/bl+Bvw+/ZS0Hwr8TPH+m+ELrwNcalYDSZUefVb/T74Sv51tGmWkL+YEUAEAkcZAr+df4k29t4y+MfjTUfAt1cSab4r8d6tNod1OREz2eralI1tNKrEbS3mq2wkD154P6ZwNmXF2Kz/AMRsp4mwuLq5TRzCvLKa+JozhReFnzweHw9SSjCpS9lGE48jaXM23dtH5pxJhMjw2XcKY/J69BY6tRo/W6VGop1Y1kqMnUqwT5oTU5TjqldpJLS5/aN+yf4q+MH7WHw48H/Ej4yeI7Lwv4S8Uae9zpvw88GrLaLHJp7hV/tHUJD9rLSrGG2wSL8uRx2+0/hlZaH4e8O2UVlYiRY9d1iCEOWlKxxSzEBppCWZuNxL5Y5JIHIr5k/ZWtdD+DPwX+EXga7luNT8RWHhbTJZ47C0luFe4vdOS4nSN0UxqxdzufGCQcAA4r2HwC/jDxP4ch+y2sPh+zOva8WudQLvchGnlUukceNpGQNrd1w2civ4szepWxec4+lShSo4elmdSnQpwioQhShiGqfux3fJZttyfnc/rfL8PToZXhJTlUqTeDw0q05O8p1ZUoznJ6aNysrLRa9dv45v2t9Ztbz4g/tDlUjikuPij4gDBCuQsV7KAoVcN2wdp9sEdfzydxHCxMoYMCSASxyBjGMHgg4wQBxkABuPsT9qfw/4g0b4r/HGJj/aNuPiJ4kaS+aNgJCb6ZvM246dQON3ccGvh1r513+Yke8gDhSCOT6rt3Y42nO0A8mv9JODqUaXD2WJSTj9SwtmuZrSjTd1ez1aWl9dm9WfxDxTUnUzrH3i4yWLxCs09LVZNXT03a1Vr2+6xGs8flSLG211fDSFkztOCcsdpOMHcMHI5HORTvZWWaI+ZGAUYOkYBJAycDkKcjqV6EkYBxVm/uLi5FqspkcxBQoTAG1gdw+X5T25bPTtzUTaZ50q/OkbGE4J+8Dtx8uDyf7wHOQASSMD05u05S3WydldWas932enN2W+/nUoOajHS94q12rP3d7q9m91fVaWW5+nXwo0zw+/wo0HW9Qjt5ryCwmlY3EyR+RHGwWNVjc7nwcZwpIzwelebfGjX9K1PTrAWE1pEwNrJduiBQpVshc9MBQe/C5wK5/T8RfDrwvZWs0quIEW6/fFi6E5k+UHCjPGCTjdtOQeeE8XWxvtIvDaQM6RwKu593yuUKjGc9eQQCPxxiuZYTmw9aoqk5e0U+WDdrXd7pXevRvS2yO+rXSqUqTjFOCpe8m7yvyNrz0VvLXTv/Yd+yBrOhajrH7Oz2N3aSNa/AHR4n8hlCxq1ugaQjlQAQMkYxwecAV+knxb8Q6Hp/wr+JrPe2sjDwRrjOrvHjAsZ+BjKnIPy4zg9AuefwT/AOCWXxAtfGGqeFr8+GPEHibR/B3wl0zwlMunWjraLrNuuya3N3tUF1/j/eZX+Ltn9nPjHqF3N8Gviith8MH0uC48Da1H9o1K9tpGiU2MwLldxkBXIIzhsrwSRmv81+Jcqll/HVSnXrOFRZheV5Jyi5YhtL3W7XUk7Sd1vZI/sWOKji+HssqUoSqU45dSs1KnCKapxTS55KT5W3eya7eX+fb8SfHVuNV1S40my8mWLWdTVwyhlcvqFwPM+UZwcblznC/Nwdy15JqnxT8eTJHZxa5d2lmsRQQ2ZniRFbquVI2gfMMHA+6OwB7bxDplxba5rdolrPM7ajqTqscDyglr2YgKduQFyQOMYII71h/2HObO5SHRNQmu1KmTzYhHGAxPUsBwepJx9K/0Ry7CYJ5dgXVhTmlQpcrqJTV1CD0v9r5equfyHj8ZjY43G+ylVhetUuoNxTXM/ddtF2etnZ6WKfwhuZrrWdYmubuV5HZWZ5ndizMRkln5LdMgkjnjGMVnftYXKSS+BYY2OE0W8HzDAZ2zkkfxA5UZ+g5HXsPhno17HqutLdQQW4BQqsbrIRJxhXKggBSecdAPy4j9qyOKK88FkSKSmhzqxGD8xDAr6gDjdgkkDO7tXRjJ0+ehClZcslZpPSyi0rO2i6aW+QstjOUa1SSu3C13fZyTbbd0+t397V2fCEtsqqQ68eYSWyPmOWOORnAyxOTnnjg82rW0tWyskscC5AHTjvwBk5YncOM4OB2zWupFkDIGIy+doUncScYAAyTxtBPp1B6bGgaG97PGGSe8vpnEdlp0KGaaWUjaoWJAzk5wAMYJwOgzTqT5IKc5WtFNu6SSSju3v+dm77DhSlUrKnGHO5SUYpXbk9Pd26Wt32stddPSvB1nqeoWhuNUhsLBZkee9mAVQoYZEaH5n3DJAHGQOcA1+g3wW8Fa1rFy2m/B3wbPrN5LAkVz4s1WIQ2EBC4ee3mlXbtUksqhsnaOQTk3P2cf2C/FPxDvLLxb8TJbjw/4ZgK3MGiybY7i8jj2uTOCUSC3KjDFwMDluCK+7fiN+1F+z1+y3oqeGtKvbPxHrWlwfZbPwr4TEJETRpsU395ECjMGUeYJG3Hb/Dzn4HOOJalSf1LJKVTMsWnyT9nd0KVrJuck7Scet3GMdb36foWTcKUqFOOOz+rDLMIlCcVVaVasvdb5YNqaTS0SWr6bGFp/7D+mz2dlrfxk8Q6j4v1NZY72TRrWVrbQLEKwd0nGQrhcnLE7SvYYNdP8UP2m/wBmv4C6Ovh+PUNLa70y1WG18MeDhBJNJJEiqi3M9qCiScbXEh35HzAGvyc+P3/BQP40/GWO40vT79/APhEqypougu0V1PEQAPtl4Cs25lwGEbAHPTBGfgU3kt1dG8laSWadma4uJ3aW4dyfmeSWUs7FjkksxAHfcc1hgOE8xzFRr8QYyclK0lhKLShHo4tr3V1TSUn531Lx/GuW5XKph+HcFT5laP12tG0nayUoxsm7NX1lp23Z+k/xO/4KM/EbxNDcaf8ADXR7T4faXIZY/t8h+167PE5K7mLbokcrzlApUDg9cfCniPx94p8WXT6l4l1rU9ev3Zne61W6muipZjkwxyuyRqMnAVcAZA5BrinJaQLBvmkZSOAJASvJJJPAyexG4HqM8epeDvhL4p8WwpeR2U1pYO+GvblTHE+OSIiR84GOCDyRgkYBr7HB5RlmWQUcNhqNFJWcrRlUbVk+abvLW6dtbau2p8FmOfZpmblPG4upUW9nNqmotxsoxT5VrfTRaX5mrnncl9JKF3SGRvmVQCcA9gEAwOD0zkYAxnao6zw54K8SeJ7iGDTrCX5ztWVkZEyRvJZmAGMDI9xx3I+xvh58APC0I01tXi/tC5NwPNZ8iL5X5ySOASDg9R0GO/0jY+FNE0zUr63sbCKGG1twkEcSBevAcbeCRzzksSSzfdOOydeEVanFW0volbRO999U1ZKyfY+XnmcOaVOLc5WdnfTVJprZ9tNE3o31Xy98NPgD4YtLy1vPHV3cXgguYGm02zwAwLrvV3we2QMMMkgjGTn7T8Sap8P/AAt4B17SfBvhuz0u2MkRMrQJ9qkiWMoV80r5m4sQ5LEgEnoBXlYskjnvX3GN0mOGYkEfMAuAOTkcZIIBAOegPR6v4P8AFXijQJ9N8MaFqOuXs9t5m20tpGUs5woZsbAc7QAD68gA185mdOMqksRUrTUYRdqfNaEWkrPkul21b0t12PfyvE4mp7KhRoc0pVIc01DmtaUei2s9NXd2fdn96H7Dggn/AGO/2brhYuZvh1pDFTyEJt0YYHBGQTnG3gc7sDP0/KceWuVxl/lXONq4+bgdMHGOcc4I7/jL8Ev+ChfwC/Zn/ZK+B/g/4iavPH428KfD/TrDV/DqBUltbyC2QPBNcuRAsgYHepHb+Ijn41+JX/Bbv4nfE28l8KfsrfA7xH4q1OaQ20Gp6bpl1rDRZJSOXzLOF4FJypLMSv8AeOCc/wCc2f8AAfEGdcS53i8Ng3Sws8wxL+t4iSo0FD2jtNzqNR5FHZpNdVfQ/sLJsVh8HluBjXqqNVUKd4aupzOEfsrW+6S22+X7+/tF6jp+mfAX4yXWoXdrZwp8PtfRftNxFEXaWxmjRV3su5mdtihQSRxknFfwE6F8Hta1OK41LVJ9O8M6dLcX066hq13BEpikuZnV0iZwzAgh1JHPG3jkfsx4u+An/BVX9o74afED4g/E64uPh54VsPCWo+I7u08Sa0Ibm6s7KBrp9Ot9HspUETFU63EXJABGck/zJ6z4j8XeILh4Na1vVNTkQzwC0juZ1hDQTPBhYQ23YWQ8KAOrYJOT/Tf0e+FKeQ4POKeGzbB43EVq2H+svDTVWNGUYcqhzL3W9XdJdNLLU/JvFfNKLeAhXwlaVJRnOk6iUG5S9m2mviteyS0dre6fbWq65+zr8PrZhr3ia88b6rAozYaOuLF5lzlfNUgsCy7Qcjgns1eV65+2JdWFtNpfww8BaV4dgMckcN7Napc6g684KSSRs28D5gQMjHRhwPnWz8A65ewK0elyp5hVi0kciKuT8pklkXcCOu7OOxxgiu70v4RajH5dzeSpD8kpMa/M20Rs2ACSB26EY6g9a/pingKcZf7RXnVej5ebmTWmiirxb1629T8OqZ41aOGoQoJW1hFOVtFdtttvTdJ9O9jybxL4p+LXxBa3vde8Wa1La3Ykd4Fu5YoR8xxEkUDqpQEBcFe4GRk40fC3wu06Ypc6grXkzsAfNY8SEkMG3ZYkdTktnrgmuxtNKaGxtrOFTM8dzdoJAuWVQxy20cAclj0684AFd94Y0l5jLC11FZGOYB7iUrsjX+Lkjh2AwBzzjIxkV2RjQoxk4QSjFXjaMdrR2V9Xey8npfdnl18fisVVVL2025SUW3KyS0bTvpvolvZ6Pcj03wvoukRDyLG3hKggldjOWGQxyckYGTgHGV46VieMnt4tHnBUkNJBtypwgZudhwAQBydvy4AYDHB+hNIk+E9ghkvBqfiHU7dQ8qqhFq0gOT5fK7gTk/MenrjFcR8c/iD4c1fwsNH0PwnBpUim2kN28aJKsUb7dg2j5mcAk5BJXGc855aGZVKuKhQhhaqpu160kowW22vM/ktnbV3PTlk9OlhpVq2Y0fauKlChCTlN6R0k0rLTW2++umnjfgOc21xqTMrOrtGUAOD9wYOeAD075wcADjP0FBezRafCSvBjdl6AjIIyWO7kkjI4PYjJNfNnhJZZJp94ZPOWFoxztJ2gDOPwwc46ZJ3bT77BaziyWJ5C0YhYlt4+X5QecEkAcAc9CQQRzXsYhLmjGK2s3bvo1fRNp39UjwHyqckk2k7Ltpbe6u739FZ7bOz4bmK+I7Uyhz511ACNwI5cE5Ix8p6cc47YGR9TeI7e3XxRBvBAGjadFlAWwjXEYYEevGCeOCMAZBr4/wDC4ki8SWJeRTHJeQqCWDbdrgZZd3QAk8dsdQcV9mX1vHfeLVgDscafoseW6jfdxA5B5GVHI/KvkuJJOGHnJ20pStF23ajZadN12ae59Lw3NLExcVvUp6OzteULtdLafJM/c7w+0/8AaWgLC0n2VPBOgwo8hYEqNPtyQuBnpgDPT+bf2rIjc/sv/ES0EzskOnQTBSCWkKPvwoII2gk/NxjjOADje0a1W01vToZGMsNv4V8PwjBIG7+zbckEjoM5ByOcAHAbJ1f2hhYTfA34h2ot1kVPDkhAVQwRxGxUnkBgvGcHAweeTj+GMVjY0eNMvbppKOa0nJqysvbwvZbtNuyt576H9PU6EquTYi8rJ4KcbPRW9nrZdVppo7pJ6Xsfy0+HruJbzzSGDyOibWAGAJNpORwCQMgY55xgZK9n8XpM6PE4OVTT4T1BGWdB8vJHX6kZ9xWdDZWs13LJHFsZHVVH3A5VwPqTu/DOeQDV/wCKsR/4RqaZkKRrHY22duSGd1b5SQByvB578nJFf27SqqUsLJWV4Q1vdaqPfq/z23P5nzCnJ+2VtqujXWza16ra/wByR5bq16BaaQXmKo1rbJwACH25Y8A9VJHQAEkDk11ehXlo1tt3hfLSTYwx842sMlR25BDEdflz0xxXi+xht5dHji3MW02KVgxZY/MCKQwB25zk84JBHTB42fD0eLGOZkxI6SLJkjoeMAA9cgDcD3wBg5rLMoc1NSXV387XWzenRa2srfI6ct/d2i7R91Nq91paXxaWte/bpqtT7H/ZkkjTxv4fDNGyt4i0NiSQpVDqFuCRkYBCkg84B9Riv7dPh7tmtY3GGjB0gAjoV+yR7Sccc468dsnAr+Ev4N6y+karbX+wKdPvLK+QBmDn7PcJKQvt8oPfJBJDAgH+5H9mvUW8T/DLwd4k5P8Abej+H75t2CSZLRA6kMOxOF5PXOeDX8J/Scw9SMskrJPleKlBy8+SNtet+22rex/SfhnWp08mxr5rNSp9d05W0X3JPuvJM5T9nG18n4i/tGArlW8fae67SBkNbyAEgHHzZBJ56KTjk19b3z7EwQM92BHvkcZOMYAJB59ODXzN8BbbyfiH+0KeCH8aaYQx5J228gwCSRgdOPp16fReoSr83uwBwMkADnIAzjrz3Hsa/l7POZYypKXvSdKhZWfWjTfTTTyfy1Pv5/vMVG11ywpNXVtHTptLW3R3v3vbsY1xOFBC5x83p6456YAzjIwfUg81mvIwfJBJ2t+PGWOMDHXAyB1AGTyXXV9BEjSOyhdpBeQhVQDkksxwMYGSR656mvJfFvxr+Ffg2GaXxN8Q/COkiFC8y3WtWUc0aAE48rzQwOFAIK8/KME4Nc+DweKxMYQoUK1WUmvgpcytdLWyu2t+7v5HpQhO1lFu6Udlvpvdp7JJu76Oz1Rv/GqTf8Afiuo5aT4feI845XixlIzz2z1I7cZ6V/mo6hHK+p6vEqFj/bmskkHAAW/uNoyegHVRk856cGv7pP2hP+Ck37Ldh8J/iB4K0/xr/bWv+IvDGsaPpDaXEzW1xe3FvJFEHn/1ZQMwUsMKRznGM/xb6R8MtSvL3ULq71TR9KF5qGo3Je8voMNDPdyyrt+fCthxwMYPUc8f6K/RBwOJyaOaSzCjPCxrzwzjGrGUZSSUrtKSUr66eqS2R/PvjPg61TLaVJQlKc605RVk1yOMEmrO6u1dq3lseH2V3Npl2qvG2JEyVK7idzHncAw3DGScnr6gGr3iYK7WDwiRSy5PRRnv8xIHbJTI5zwDXu0nwz8JwhpdZ+IGhW8ttxshuo5Cy5JBU7jjjI7Y9STWHqOkfAu3jtYdQ+IxkdWJKwjeyqDlgWDMTuI4yemB3r+/aOa4RTvCUpJWaSjN7uHZLz93XRWS6H8j4jIMbWoTpuMIa3XPUjFLZ3bu3bfq+54VKXKsiH5nIZ92Bggc7WPJGB0Ud8sOMDHuo2UhSQfMjO9SMBSnQtkdT1GO4IJAzu+i59W/ZY03aJ/EGr6hKqfM0UT7HYDBIIP8WCTyOvHBqnJ8Tf2YdNCtHoWt6wEQMVAYFnA+TLHHXvkcZ64xjrlntN/DSqtbXVN20slJ3ev3Xdldpnjx4UxEJ89XFYNWklrVemzV9L7va9jxW0g3Wg8o4UKwJGd7/LglcZyuPlYHjp0GBXzX/Y95N4qvpY7a6lUXUu0x20rgscfKcLg8fK2BjjKgCvvaL9ob4O2EkJ0b4YXc8cSusa3DBvmKEjIxjG4scENknPANeeWn7WWjWGq339lfC/RY2NzM6RTWsLgbeQ75XcHHbbjHscV4+LxntKlNqjO0XdbptSUbPWyW3la63PqcsyyFCnJSxtJ3Si3B3iklDzvq3a2l09L3PmmL4Z+IdTuhINH1JXk3kILC4O8dQCdvO7GePUN6Gus034NeL9wkh8L63MyoQEFhMA2MBh9w4xgnHGBjjBr3tv21/GS3aS2Pgzw3AERliQ2cQKYXGd2wMSo4wSSSOvUVkXX7Y/xYuJHa1h0bT/MVuIoFwpIyc/L1yDgZzx2zk8DdWdS8MNG91bmsnry76d1su++lj1msHGlyTx920k1FNW0Wt22r387/AJmNp3wl+I0sCi38J6qEfCrHJE0W0gAZy6jBJxnOCAM8EZrsLL4CfFGdogfDjx70YM1zcImwHld+cYHbIXHBORXm+pftO/GHUF58Si2yBj7PGqfNuODjaACOmRgY4JzgDFX43fFLVbsR3XjPU9rxMHVXKjAHOPm56bTxnpnI4r3cNice0qcKUYRSST95pLRa63va991b1PmMRl2Qc8qlSvOc1Z9Fe3K+y0T6LXbue76b+zX8R/MkeddLtAyudst9CchieTiQcgdO4PHODWncfsya9cmBbvxV4bsSkZ3+ddJ1GM4/ecsu3r3HTgV8uN408Y3LyPL4p1pvvg7r2fBBYjIw+BjcQRjOANwwRjGvNb1p40afWtTkHOC93Ng8n5cbwwIyx65GTnHb075i4Ri5Rik1eLvpdrS97Nt3b/q3kynkFKpdUatSWj5udJq3KkldLRKydlbW2rsfXf8Awzb4cs5I/wC3PihoECbMs0E6NhhkDgSbSw6gZ6Y561v6b8FvgnYrCdW+LFu+XfJgmhI6A4zlioIx3HXGDjA+Fhdy3KNvubqRhjmW4lYsAMnktkZOBz16Vt2Nmk8ETCHJ85Q+5mcABgc4ycZHHbg9DgY0jRx0pP8A2lRVrtrR6WTv5ataLvo9yFmmSU58v1BuSafvSck3eLV7brluu2y7n1LaeEv2TNA8SyTy+LdQ1XUonlwsYYqjZJDfuvvKygEckArzggg71/4w/Zx06NANJ1HVGRzJuaO4BZN2Sw27QAcHACk4wAQCBXwfEscHju62QqGAUD5Btzsbp2wQCCfr24r1maPzbQABFKQDI2jIJI+7x3yBxx6nGKWU4OvW9u/rFRctWSko296V43vbRq3nu9XY6M8znB4aOFawFKcp04uPMvhg+W0b9F1fy7ae+j4xfCDT5jLpPgSS4jX5sXETFwFHykkggdfQjg8cEVOv7ReiRk/2R8PrJIzgHz7W1aVchsFPk6k4PboCSea+b1sSkJYONzqCx3e4zgeqgEAKQDnJODiq0L7JeMjyGVuw3YHB49MnI6nA/D2ZZbVjFOpiK1nv70m9Wl02trdW1S0Pj6nE1py9jhKMGop6QT10slurW3Vl3PcNd/aS8RaZbz3WneHtOthvBZZoYiEQhgMKoBBzgc9evBB3eWXP7Ufj2do2WPTlG/IVbcLECTkA/ICXHfbkAZByAK4nxrNv0xVVMC7lCvtJGVGNpJ6c4ySR0AySBivMEs9ykDAVUDLkk8tzjA53ewHHOSa8zE4OnGoqd5zSSvq2m3az0e17dGn0V9D1cvzuvWoe1mo0m20moRWi5bfe1o0n1TV2e53X7Q3xGupdy31qm5uViDIAB2BADY/hBOeDk9efcPAHiLxp4z0y2vDryW2+Zo7mGMeYUPADSFwSu7t/DnPWvilbNoljJIDNgbVHUfgDt7Dphh8x6g16d4R8cah4TBgspNokki89c4WRQccggYYKx+6MEgZzxXj5jlNOpScoqUKiSa3e3K0m9bXXflevXVnqYHiStQxEVUlzUpW5rK7WsV1Seuu+mtvM+r9R8J6rIl02o+J9RMCK7KissCkZONjghRnPbjOMV8C/G2dtE8YaYsGsalexLHHJI0l1KzL8xZollDYG4DjHtk55P2R4n1XVvGtjoo068mt7KSBWuXRsLu2/MGaLnjupyAcZ5INfD/xl00Wmu2duZTJ5MIO+Vi2SpOWBzkg9u2O+c5+WnhVSpzjLm54uKjr5x087LS59rQzN4nltyuLSabfRpNKSt01tbZr7++0XxFpeoRrELB5d7QoftNzK5YMMMRljkE5GMd/4QxruLhYLaNPsukWysuXjcgupUru43g55788luOCa8M8Ho66lpSOcpIUBJAxj5cKSccjOBkj73y19LSwIkiQuQBsJj6EqNoPvnng9vQjPHdQoJ8rV3JqKd99Wnrppbv3Wp5eLx9SMmlUas1azS968VZa3vZt3bs7bJanmV1q8qg4t7WKR8orpCAVOW6nbz6Y6ccYIxWRPqd4rbjNtIJAKKE6gD+EYznPPGOSeOa2tXiQXk6bcKnzDBXkqDhh9D0wMHpwc1gN5DEtI258ghSwAOTnoCMEdCTwcY78erDBQ92Td9L66bpbX2dnfRdu54M8wqzbaqSb6+/dbq/n2taLd+iIE1S9a6CyXErYUIQrFc7jyo5UMADyB19eBjN1ETTvNFDJJICpD7pG4x2C5By3Qt0XkHGNtPuHH2l3VQNgXayYJ3E9eo6HGSB0HoKhklPmMFZlZ9p6L2w3XGDnrg9/rW8aMIbJbPpG7vburbLXr+JP1mblFyqa9db7pJ2umm+na19N7YY0y8eNESBm5ZQoLM5z2+XOMA8nOPc5GJYbTULR/sxma15UsUkIILN8oK57qTwR1Ge4DdLZzzW1wskZZmWJmONrDpjn16YGMdMjrVOU+deG7lYgylAwKgElRkjA7dhx6geg0VOnv7NSfXRf3UttOnTT77OniW1NXi9Ott48vVWbV+za6vrZLzw/P9mub6WdpB9lkYMxfcQoIBIJIwT6569ATuPnXhhC1zKVRgUWQAk5xyVBAx1/EZB5yDXtNxeuLO8iKkxfY2ClgAI9y9F3A856g56D1zXkfhyNhcXO1iD84CquC2H3fMSMgkdDjB4HfI5K9OKr0rU17zemzWsXZvotL3/DdndluLbweK1bcFdt7X91aP5dlbqereH0uFinuNrfuoSo5IPBAU7Ry3OcA9euOM1u6vPJJZ2qRht7xsZSTzwpwGAHQjcQDx2GcDLdDt9thiRyXkhZm4YOvzDoCMZAPORznOM8Ut1aSzTRiLe/lRE4Csck4OQOfmBHTtycYU49K0adO3LHmcVZX13i+t1ql20ve71PkFKdbGe85OMpty6ty0btfd2Vl0TsZOhwNNLLuKh7eFypPZmGABz83B5B3Y7kdaj1eF5BbwgbHKlzzgtyeQMcZ9QMNkjb2rrtE0fUZPMig025eSSFizrDKQAxyGBwOQF/Mj8dabwPr93PbqmlXm1YQBIYJckkc4JXPHbgkdMDB25tqydk5Na2Vo3bT30fRd9Nnff14Nxq8qpvk0s0mraxW+95JPfS673OV8LWxkt5YpFbYkcvPfOSx5Prtz0PbPJICW9u6xuQAy2zzNtIwTzxwSecDHGOnbmvU9I+HPie1tCraZdLHM5UHy2SQ7h1YsMgYx8uD15682YvhX4jltmLWUke0yKdx2bgz4JkJ3Nyc55/pWbjJte9BO2rbSstLNX00sls27dXt01KU5t8sJNK0bW1S92zvrsldWTfSy0PGbGP7RMXfKsC7sCo5YEbB9eewJPYDGKgvI5vPMiKzl1TBHy7WBOCAOpwecZOT3wDX0nofwev1kCX62lurRtIztMijDYCliT/Dj2yMjGBgLd/CjT7cJ5muaaJftBCbLhXGOBtKqSRgbuvXrngYJKklzTqJSi02430ate99G3fW2m7WmhNLBY5zbhh520tpqvhV7vRvra7ur3Tvc+Y/E5uG8I+II5iwYwxvIzAkMAOh6ncR1PTODjOK+n/g7a+X8IfCpUFWlZnZxlgo5zkKADnOAMZ59CCeO+IHw5trXwdr4s9bs7u5lSJfJwxUs5wFVyqgnknAGRjp2H0D8L9L8H2Hwc8M6NqmvzWOs2O5rmKC2Z0+6G8tWUMGz2wcEHjAFcVGvRhjJylO0PYpReyb5k9r22u3r13ejPanlWOqZZTpxpv2nt3OzaT5dPS92vx1Z6l8DdWum1W/0qV91ldB3iiYqBHPCB0Unjcw5wec9c5r6YFltQPIj+ZnACj5BGTjc3bGRjJxnIBIGa+LfDviDw54T1CPV7LUbu5nikkCo0eyMqW2kfMMcgjliARnr1Hp9z+0Lo8EKSSRRtKx2oj3kCJtGcqVRlx06EZBy3vXTLHUbNqTa02VtdHvrp22dzXCZZjfZRpySi0l8Uk1vG+iu0tFfXr5n0J9njgBDy4ZiJEHBBLHbsY5IHGAucgDkAZNQSxiJi8wAdV2qIwG4kGMMRkZxtP3Tx8pJGK+Z739o7TSjrDa6VESFDGW7jfbz25PPYADP4jjAm/aRZ0kEdxpqgFsiKOWd2I4X7oOdpA6Zx3HODzrMaGnNz201s0mum9tX2X+Z0LJsS3rUhtpq7NabJ62V/JXtpdu32QLVTEW8wrhUb5VI5JBIPYkjqMdyeR0sG0AkiZlQhY921TgtgdGGSQRhjwB718N/wDDRmvNMFilupcqPlttJupFIxgNjYdx245HcYHSq1z8cfGFyGWG38SSyDhTbaRMmV6gfPESeDjkgkdSCKj+1MPB/a0aT1b7d/PRrToRLJsQ5xvJXsk/ebV9NrbvtZpvZ6NJfe0NvFGFnClTndtG3IBJDEAckgdl5woOBgk2t0Dxt5rRqC2NwdV2qeuRnqc/McFs/wAQOc/AyfET4l6g0clt4b8a3G6P5CYBboDjjO5EGMHtg/TnGtDd/Gm+WPyPAeuyeewJN1qKQ5bPOE3phScEnt14FNZpT2UW7/K/Ny27vq9bXKjkVaTd7RW+t4tXaW2+jej0Xbpb6V+JOp6Yng3xRC2oWxkfSbyOKNZowzYgYKowcn5l4yTuzyvJNeJfsa3Fta/C7XI7y7trYyeIJpY47ieON8BcA/N1BKkbhzyOpAx5d4p8F/HS90bWrqbwRa2lvBaSyXEs+peZKkAUtM5UOeQgJOMsMDGBmsn4Z/A74waj4VsrvT7nQdK0q+ka4tjc30yybSSrl1ikGSW3YyDlcHuc+fWzL97Gfs5WjFpKzW7XVx3V27W287X7cPkk4qdPm+Jpuy06Wsul+l3dH3XeX+h27yk6xp28gSHZcRvhyOTgFiDj7wx6ENg1knxJ4ZELxvrVonI8xVZWLtkljngqAOOMA+oPNeI6b+zz8T0kZrrx7oUMeB8sFpLPsB2hcFw3JznJIOMc9AOqsv2ab+RJv7R+JlwGZw7C10+JBuPYF19yQOQOn0x/taSTSppPrF2s9VdOyXTpv57HVHIajtdPkta6Wq1Xnd9dFa2qOhXxj4ViuJof7SklLyHAjt2k42kDa/O/ABOQcjpxjNMufH/hSEoBJeyeVGApS1YbcnGGxgKPvAZGDxnmqSfs4eHUDvqHj/xHcFI9qm3SCPJI5BKYKntznsTjpWrp3wB+GdurG9v/ABTqS7QG3altycksreW4ABbPQbsDGaiecVtHGnFLRvdq6Ub/AJXura7pM6afDbsubl0tZO6drxutXq72trdfnh3fxY8NZKJBPJhDHIzulvtXHCkyADcPQ5wefQ1kD4xaHBgeTaD5B5Zl1S2BCgFWDDcN2DwRycZGARXVXvwM+ENpcg/2RqF4Zx5sayaheytkDASRRIVAAYnJ6dwauyfC34QaeLRrfwVayyhA0iSi4fJ6Z3OWAHB3FuMnA5BJj+1sTPZRg7pqV97KLel9r9HfV31KfD6Sb5Y6W0Vnu4La+mlrt9E+2nl037QWlpE0f2jSrcxqybPMa4fk7wVaI+2QM8nOOCKov+0RAkZSK7mlwgK/Y9Ku5JDjGCGKMNy/wlsgnrmvVXT4c6LN5dt4E0PPnKDaiyhnndRkZWUJIFX7p2nnggnk16xpviHwbYQLcp4L07ZNbqCsGn2h+zkgjy2AT5SORnBPUHuRtSzWu7qdflWmztyv3Xd2tde7p37sqfD0FFSdNXbVkut3F9tfd67P5HydN+0Dqs8KHTrPxlcyu4D/AGTS5I9y4BGA0Q5yOh55wTjk/MVh4m8U33xb1TxTaeGPFmp391HKtxarCyXxjOAC+VOwDCk4K9uTnJ/Uu68V6e0E01n4ZhFuNywhbWCFo2JzwY1BIOe/bAAyRj5d8DeK4LP4xeK7qaE2xNs6kpjZCfl4I+6DyevJz3wQHPHyqSg/rM3yNNb2bXLZ3avrfVqzurX2buGS06a5FRSjO0GnfurptbLW99NE9jzj9s+W3HxO0ZJkWWBtIDeXIVO7qpKFuTnvuxhcYBzgfLV7Z6bLZIws0QRoJAUKjO0nb0bGSBu5HQg5OePfP23J9vxS8OpMHEseio0iqDtGfulV53e+0kcYOT0+WpJZGtl8t7oK33RsYKFAHTgD2GM55APYeXTi1SUGuWSs+l2k09W9drbLdK+55mbVJ/XKyTcYuV90rXadpX16et7PyOavpcXB2wEL9ojAJJDKFZcj/gPOQevAPXn618EXE0Hw18czQrtljltZEkfkqQqjgHOR1P4DODkV8kahlpYlVnz5iMQ8ZUnLAN6Aj1IK44ya+rfBkhj+GXjsffOYOM5JAUEAA55zwAD1xjIJJxqRbm2tkk2k9rvbW2/3u17XsduBn/ssndyul1TtaSv56737rvZnnN14p1m4FvNLep5kKbSGjTa21eAQo/hxkg88gDNeV+LNcvZ5fNkjhlAcgsI8MWPGMA8AcduT3ya6mVw6B8DlcgZXghR8uA33uw4Pc8E4PJ6paxXMUksuAFUkLzywGB325Xv69+9bpJLZcztd9dkvTT/I8qWIqzqxg1zJVLu7+yuW1r6ppL3t23v0Pff2QWH/AAnRkkGz9yXAU9MMwBA6EgEEZOOOCTgV6L421K7k8Ra7Grs4TVrhYwsjKAN7FXMa8MSCTyOvOSQSfO/2Rsf8J9bRADZNbyAEnjEYZjgnpxkdAxJ9cZ6HxtqiweL/ABHAYjsi1mfJjGSXLttwQAcYIyC3POegxz4Nx9tUUm1vtf4rxWtt9F2evU9nGTlHLKTj7rU7LbV+62pat2afR6X21RwPi1JVtiWycq8hY7sqSvBbdkktkZz1PGOprkvC7LJqUMrsQBPbNyev71MDA4APOO4PpwK6PxDqBvLSZijqEjdGyCxIwcHGOBzj1zgr0rlfB8gk1OMKgAaW2JDAAECRRnIA4PPGQM5HTmqxaVna1lZrvdpK9ul3r2vfvrx5VNOuk25Nyjd9LPls1e1vPTu+x9Q/HHUIbLxZJGbMXCTeG9HYuiKzIRbRbsFhkHd1PQ8dMYr59m1DT5YI5JtGG7BXzVVSc8AMMfe45PYcg8kV7p+0A/8AxVVsu4q0vhnSApUjAH2aMHcRgngHdkHGABg5A+cWW9YNCZXKRrk8H7pXGAvJGchQN3UjGM14/wAK5X8STSfa1tL7rRXXLLrdbXX0GLg3WdtlZR166NLo+6vfpe97jrS406XWIksbb7O+w+Ysg27zu52L0wcEgemDjFfTPx/spE0L4YzEhxL4ejUbc5RWAyMgYwMdcnqeOMH5R0xFTxHAdz7ljxhgG4wDjJ3AnHDEH155GfsL44RSzeGPhvIjMCdCXAbAAUjgKCuPyAPWuSrGLT0u3ZaduVLRL+7frq23zO1j1cIoyoT5m9LNKy0bUO1t9NHorXVtD5Obd5YQIWUHkgHgAk9gBng9sY9uas6dKj6zpjqjKNywjORhm4GFxkDIGRgc9O5q08VxFGRuDEjps9s4zjHykcnkAc89aZY+Z/aelBiozeQ5cKMAl1OCB0x1I7EfdNYKNpJp9r2XX3d2nfpZavz3sFPSTSVtYpuya+KO1ndfE7cy0urq70/QSPWbfw1o/gq+1JibdodhiI+RjA0bFWZgAAWU7guWIJGM8D628CftUafZ6dL4f8KapP4DtvF1pdaZ46s7HXXFprmmSxlT5dpJN9kjcoMHam455GTx8E/FIoPAPhFriViqzXKoFDBXyOCQPbH1Gc+p+YRdQRAb0JZMhZI5CrEMSVKhiCAcnOMZIyDzXmZ7kuGzaNKniYuUacqc4cyT5ZJwak4u6bjbR6NP1dvoMBm1bKm3RUWpxjGSmnez5FK3qtnbbpbU94+Ltv4U0jxnDa+E76XUNEkuZZzNO0UjRzTzgtC0illchiSSo28gDnivWPi5PAPg54SUDc8d4mwLhmCEZVRxkdScNzu5718KTyyyS20iyTbRdxnY7l23eYCSFJCkED69c8HNfZXxClE3wm8Ls8xVVvIkRSoBIAJycsMDuePugY9+ulh1RoxpczahTjFN2Wi5VrpZbaXtvfscbqvE1ZVOVJylzXV7Jysn5Wtqtlv6nyjc3J+0mNY2V8K67i4VQARxjjOckgHNamgzNc6lA0k254wVY8YB3qMgjPOCAOcd+mSNSSzu2QyItrPudlDNsMijA3HC5IGMexHqOqQ2Umn3VpIkACu8PmNEQ25nkXcRzkjOSeuMfKOa41BqcOXZuN0tPeTilbyv6L+bWyHCKcm3dcvvdbfZa7pPTXVXSTs0fU/xWvmt/CfgQKFythKuBhmwIxv+6Tz9MnIOMHk/Oy31xJbtKo2xxuyKCMvh+oAHBUc+pGeq8V7r8Z5HXwp8PWgQK8kcyFgADjy41bCscAAHJIyBkcDFeAwFkQ25dnYFmKgKwXGSWJ53ZJweh68cYrbFc0Go2bXLFX21fLbo9dNei7nfStzX16LmVlvy2SWj+y/lv3NfRHb7VpTEEFrp2zn3PIxgAcng45HPGTX0/wDES5aL4I29wJGy00aEHJB2uSBkAjacZOOQMAc9PlXRp3TU9OQuV2ySNhh1HTgZ+8cgDP1zgV9K/EC7eT4K2IBDI1yoCbfvHfwCASCepGAcHbgg0t8LUTSd4pO611Svvbon21tZam0VD28E5Waa67/Ar7u272bfXokfIcF28oG+XEZ6DgleAoABxtHoO+R0OCPRPBysNc0ULOzbpHCjk4GV4x2XjlR1AP3R18qtJ8DD2/yq7biq4GQcgDJ4HX2JAHUZHsfw6tob7XdEaMeSY3kZmfbgHjgf3STkYz6DDV85BKFSL1tdNq7aesejvta+jbte+h3tOcU07t8uuq2cW9Gtb7q23bVt/VX7TN3Ovhn4ajLBFsHABJIz5AGBu5BJAJOOeB06fJekzl7iJvNPJZWOOQMZAzjAIJPA/vHsK+7v2r/C1pZ+APhndLOzSSWZZU5YMjQhmbOTnDHJGc4A56V8Daeospo3O50LnoDuOc4ODwMeuQOQM4HHnYmPPKTj9pWTtZ3e3Z6paO+l2enR5+SkmnpFp+WsX0X+K3T5aH1B8B3LeNtKhSTDrfqx4YdNvQ4x3PTB4PqBUnxwhkj+J/iiTLFhcQH+8v8Aqhwp/EehODxkGsn4F6jFH8Q7J2jchJFIQgDBBG7le+MZBwcZIAxXX/HK9tn+JHiKWOMormyYDjr5Crk8nPzHnt8wHHIHh4unJRu73dr790k9bXd9NrffY7MJL35p6pLXR+9Zx3bd7bXae77s8m0xnBuWZiNsRIOD97v8pwCD2Yg4PIGRz+m/7BemSeJbjWtARVla/wDC+tmRnYIUhis7iRyx6Aqu4jK/U/NmvzRtL6FVucwlt8RBUY5BUA5/HrjpnA44P27+yvq+o6ZpPim70a4k028/4RTWUiuo2ZWRXtpy4yp/iX5TgHgkYz08LFwn7CtFPlk4SUJau0m4KLa3bW70/BXPUjK7hypLVNq+mk6bu+213ru3ax7Z8Rv2e/Cvguys9d0vxFd28rJbXBlmZGjmurpwZI4HU8iItn1yMHmvHtbs5m1NlvNTfVpYRBBFeyHflAo2xjOfkQYXg4+XI45rzG++K/jTxjbaVpfiDVXu7LSIxBa24DRqwjOA8qAAszbeWY5O3GO1drpN5K8du0sQIkdZTnrgEgDOcnGcEjnk5x8zH4NYTF4aLeMrLEVoufLUtqoyasnLlT5Wns0mj6ynXo1qi9jTdODUG0le7irScknazbVru+l22fZHwDs9mqaSM4Ivk6ccZ54446bcenWv7Nv2VY5D8DPBZJAP2NuSBnAIGTj72V6456HPYfxy/APZJrGi/LtL3R3A4JIPQ9xll6YOce5Nf2T/ALK+1fgb4MVSCVtHUZx135xk7h028HkHnkAV+Z5LJy8S6kJRk7ZNiJaau3tsO7vdpu17Ptv1H4hzUeDMEopO2aYfdNWvRqtNu1tXd+dr7aHv6xsQwVc4wCwOQdpXGATnPBznd+JBIURsvy+WQ/GAQSOAcYGDjk/U5znjAuAtk9sc8gAZ57LjJJPBAzj8AZAw3AdCeSuc4yBkBs9fYnIHT2/a40IySavdvpdp3a1u3rZaJvpzaWufgKnJq7aeiV3ZtLR2Tdl1ae29rPrU2SHkjkYOBkDPp756HrgfU5dscnODxxtG7uOnPTBwM4zyf7xq8w3AYQEAZwTyN3XByQT0BOTnIOOCQm3rnDccZ52t2xnPHYfhW/1aOyb+zd2X2eWy636aPs9bNmftXqmktb2dm0/daW2/ddLqzZVKNw3bJyCMj1HIGck9yTnBHOCKeQ3cZIB5YjkdwByQeMAdSMbs95MyDt6A4AxwDg5IyeozgkZHboQqdx3Agbh0OcNxnPzcDPfntkdxaoNtW5rvl0TWrst9tdFezSffqJVHaL5otK22tkuXS70+zH5+pFsDknau4gHH3Ru6HBAByeDz06lc4pPJJIzjIOBn3xn73BHPHUY4OBVgI2ckYXIJJHJ5P1Azx7ex4qYRs23CbuM8gc8+/Qepxjr2xnop0Jc10pSurOTWuiWnZ7adX59JnX2vJJtJ7u101fpaN1q7K/dX2olecdyVOATgDtkgjHUg4PHTpinlCMEHPzfNwQTjpnPOQO3TgZq8UcgAxEdA3y8DOcHPPG04I4A6npgJsIPTBHoN3QHn3zxjGcd8cmt4056Oz1Wm/K9LJ7bXs1a/RW2MvbXSXlrbXT3Xo76p/ZS3672KnlkknfuKnhRhR07dz0JJ5GO5HJcit/e244HtnjGeMdc4x1JGQRirBjyBgbQDkAjBOB3PAJ9+SehPo8x/U55PpnkDODwuQcNkfMMDlhWkab66ptXe66XtpfV2tazS010uSqRdm421ja6Stqk900vlvra24xWYdGJIznocAD8RjHQ9QCevFTpu+UljgjBJOT2boD0BAz03AkgZNMWJlOWPAAIOQeGx0wfuk9Mn6hcYqZIzjqBkng8thc4Ug4AJONoUgdc9d1dMKclupLXa7s9U79r79ra97rN14q99V1ertdK66fa0aslbW2g1lIyACA2Bgn8x1AORkHqOoPOVoCgEBgcjjgEA/L16cEbecYzgDk4qbycjGRgjPBzxjheoBI9wCOh5wBIsJK8kc56HGDxgZBBJ5PzdCSMnd13jTm9WpWve/wASvdbN32Wl9Hf3tyJ14rZW20STTTatf89fLzvEcbSNvIHBOOe4GPTnvgcdabvIAwMHkEkjjjHOfzBwSSQcjjNjycjb82V5JHJGeMcn5emMEjkE9uG/ZDkneTngkbsAjPIznj65646GumlGa0ScrtWWm3R+bV/Kzenlm6kGknpprZN9uulvvvovMjDncF25A5BHUEdMnHUYGB78Z7SBvlAxkHkKc8ck5OO+4kdCAOig4pBbHduB+Zj93GG+Xgg/e9W6duoBxl4hYjCkjGcegJySASOMnJPH4jknZOpZ/ErWba0s/d91b6Xe2zs/IV4vq7b7pNednbTtrre7QoyC3ysAcn5iB8xGBz6ckADOOAc5GHcgfePBGQWPyk9Bg+uM5H+FAikAGDncTkbuBtJ78EdjxjvnvSGNs7trFcgHJIb5RluBjgeowO/GTi+eoopJttpWitLX5U73a1TVkrK90rb2luCXR37JPez3V1pe3ot9xTM+SScEc565xkKTg8Z46AEAnOcZp8cpCnnHPBG8MrEgt1P8PQgnjoo4qAqXySDzg5I245Hp1OQuc8/Lz2IULjqepzyOv055PfPt7VcJ1ZNfE2tLrZvTa6Tad9Xt0Td7icYPXki72SXS2lt1pbT9XqX1lwCCTxjAUZGcE4BwPlJ2jJAA3eoOFVsgHgfKRndxjjgDueo9h3+XiqvHQZ5wxAOQPXOOR049TU6BSRnIIIPXgAZA4HXOe/XrnPTrhUlHSW+mj6q61TfS129Vq33Vs5xhZWfa7ve2sdnbur/JX7k4BJyxPPHQck9B0789eMdeMUAMGAYgYJIwQMA54OeCfUdMcj0prFvm2kY+bc2CcHHoO7HjoCB0ORyqkkc5zzuyDnceAOB75HbHBxg13RnzJRto0t310drpPzXbSy7uLq/LtZPRr/DqtHdO7Td+9urJ9xyflG0AjcADkAAEYwTxzg+/A6Za2epHXgActjAxjaG5yAeR07gijcRnjPAGBgDOeBjjgckevTBJBKkhk5yDgEZ5xzxwDgjn05HVscVrCKUtN9rN+SbT0vr+trdBXcYve+l3u1pFWu9JbP3ul3fqZmrAnTNUVj102/6nJI+yvz1yM4JA/EnnNfxL/Fm0sbvxp44We3tnk/4S3WUWR4wxAOoTjIBAySTngEck5BPH9tmqf8gvU8gZOl3w5A5P2aTOM9Dgc4698cCv4mfiTEZfHvjVIiCw8Ya9kEnOVvpuD2JGemOR+Br8b8TIKef8Jwu039eldb3th2tVbz72vfqftPhTUtlfFknFNRo4DS3eVddeuujd7NJdT501TwBbNPeXiwxqI9hIgt0JxgElSQB0OeOvoORWtY6d4figFpcWdyAsasTHBAAWOAGOV5yVxtUcevceo6i0lpp8gC7pneNXh4IwygA46k85HHPHU8nxzU9TaOG4STcl6ZmjRXZgQsR3gbBgDHH1GMc819nk+Dc4Rcua0Ur2b2vF6X1d72T8uVqzaOHNMZU5pxg9bu1tOX3k3u2ubVrvpZ62OxuX8MvpgT7BN5E8b2c4eCAsTgghTheh7r2PeuV0fw94N0TUJrx9CLcAq02HVhImCVjbcoOe4AxgHtxPbCSXw7ZyuwP/ABMATIxJ+9jkZPTPGD1B9SMZd9PJc6hFBLeBUjjZZMNjOGGwYyMDpzjpwD6/QQw9OLS6pu17p80eVau7uk31v1d3bT5516rhu3dtPvtFvfW3WXktU3Y8S/aKt0bWvCN3bBYLd7SUIixhSqGQhVG1cBQBjgZwCMnv8J69biXxBoMnysRd3ZAAClj55Cl2wDwSRgHLHPXv+gvx708roXg/VGk852upLRScnEYztGeBjg98nHXBJr8/NZDXHiDTLbcIWia8kUscHaZiQWJIwOOvBPp1q4KX2dFrs+qd0rptXs1pum/u9PAuNoN3bcJJR10fNHTTRXuv06o+s4L+40nSdN1G2aVr26sZLaWNFTy8eWUDKwAIC5PX7wB6YAr8+tSMzeINSmdSS17fFoyctkyMW/HqxAOQR7k1+lHhTQ7DVbe2s7yWScJoMlxGqSbVhkjt9285OeSVJ74YZGRur80tRDf8JFq6GUbItX1CMkNkYWR1DZ5ySM4LdRk5I5r18FJu0tlaKve13o3rpfTVq702d2jlqKMZyWrakpaaq7td3Senz9bH094MLjwUyxo6btI1BndG6hY3OMn7u4KM4AyM85zXyn4cmT+0UxMfMNzIACVBDlm2/extxjGDgnkdMA/TvhsPbeChMLnCTaZqMW1SSFUwyHBCnG5uCccYPfk18geE0/4mIuMqzjUHUAs3d2y5IBYEANkEDnnORmu6MfdctGm1e7026crTtZqX5qyu+NSs5JddGtNItLVW0tZt6t676LX7s8L3US/DzxTHPNmX+xL/AMxGXJU4baQeCRwM4Ax0wa+dvgfOkHiWZlkRpLa3guoHOCiTR3CSRsxABOCARjk4wAece76JapH8PPGN6YZHSLQ7tWdWJGTlQxOO5JKgkk5PvXzX8DZ4jr2pOZkjdbaEKHXGwidCq5yMA8HjGOM8VVS7hZW5Wk3a+kUorur/ACduj6GdCcU6nNFXdlLq7cis7OyfM1ptot73R9gftWfEbxb8TPAN/deJJ7YwaO+lWFlbwh45HjtoRGlwVYBljIzkkbejAk18IfDKO6uNUEUcHmnzdiYbaApUjc5GMIOwxgr6g8faX7R+j+I7T4Za1qmtG2S0vJdIGmGOB4JpYJISwcbgnmwgcb14POeTk/JHwVN8t3cSWyCQq8XmPJGWXy4x83C8hT2PGenXiooJxg7crvLRRs43tBpN3dn17q9t0rXz6RslGykrK23M797O+t9eje56V8X7RNP+GvhvEUaSjW7pZQjBmyrjqAe2eDkc9+RXjWgbgLbhsNC27JJ4bHUA5I45HUk8AgDPr3xkuDc+EtMkSXIOvzgxqmFVyRuAycDkZA68YHWvJvC7SK0iyMzBIHRMjI4GeSMLhenB4GAdvJHdF2st27Wemjbi+ZP5eWmnU47qWsfhvZbNc3NG9rX6dfNK/wAR9D/HZIV+DvwxcPiR2kBXngnGD3APYnBx1xgHHz38MbXzPFmlyks6JqEBZULMz/OT6HIGBux0OMD196+O0nmfCL4bKoAYTMQ3BKgY5IHAHfAA6EZPOfJPgh9mPjHR1vZDHAt2DcEgJz1jwTtzgj+HHox4FVUjaSil0i3bZN8t297JdUrpWaRpQvOCk0le8Vvbmja7e1l1d00tLb6eg/tXxQDxP4OcbkL6DJIep+bbg9eAOQCRx0OeDmf4eXsUNppkHnbw+m7FBXKB2GQeM9c9ueM9Kyf2slceMPDKLJ5kD6G7277gQkJLBcYJHQdD7kYAp3w3iWaPSDDsLw2LOVYkDjJPJPXpknj1AxkKEUnBWbTasmnJ7q+lrP3fJdlsUpOUG9E246Xum7w5rdGrLq1rt58v+0kAmp+DMTHc+lTKTnIQZJ2j0yOuBgdRtwDXe+BZ9QsfDWhNYTyBxEDI6hWdFyAyA4zhh/Cd3XABAAPEftH+XPqHgxI0TzU0eVmIO7nc43ZHfGSQOQc9QTXuHwK0TwzqvgrxHqmuXlzZ6j4f02w/sGG3lTbd3l1KU3NA7K0yr/EBkYyenI3otQlqtG2k1q1dryurW95tWtprqjjxN+TRXUnHlabdm7JaLd33tZL5s+f/AI7tG/juIyJskbRrMneAsjOxR2cjAwXJI+UDB4x96vbvBVz4ivbPQjo1ostrFbx2ju2ArTFAPvDLHCgAsen5mvDf2iGH/C0rhGkMixabpod9oRciGN34AwpyeRnA7ECvqv8AZyEbaHpLysJUVpWSCUqqMwDDeQW691wOg44Y4ylLlrXe0pWVujvBrVJLrd23s9ndG9GTqU4Rvy8qivueuq829NdkfKvxdsxZR6cl8oW4XUb2O4AcEJO5dtqvyOCeMZwcAHBAr7B8E2CQ/DvQ7nT7JyUsrZ53JUx5LjDnHJIyTgcALyRgivk39oCWG+1J4wogzr166LwR8gIDAAg/eXkc8cBhzX1p8L7fUbn4Z6TFa3wki/s1xISF++gYhET7ztlc4GeOTjIJ2pyjGo5ptud7JNPfksm7rblVrPTVOwqqlOCUVonHW6TdnG976+jV/PdnzJ8QGtf+Fka5cShQYbWBmYHcpdoVzg9+T0wM+mOn1lBpvijSrX4XazCy22heL5NKs7GSC3ljb7UksaeZJMi5DbfmwrDjr6V8PePdRVfFPiOWSRpHWS0tmz8p3rtVgOuOnTg/yr9UvDfiOy1jwL+zx4Mil2Xa+I9Nu7aeVoGt4gI0LRSFsmMswI7AhuMngXRThUd43572VtFJKMlrrZO3TdpnHiqtRKLg2lCV52balFrZNejTtftZ7r82PirZHTvjL4zFxK6yR6jNBLhjuLtGx3lm+Ys5wecE+oOMfXnw+0nTtL8BfDzWoLqO9l1m6v4dRtJtz3Fu8UckccgTJChYejYIA6nNfJ37QVxFP8f/AIpRhm8y11qUZjAZDNbMVZkdSQQ2Oqk5yOOgr3T4Lam5sfDQnnaRZotWeO1kdH2u1tOVOHOYwcMQQAQemRtrPDU4yrVHNqHLGT95aaxi1fa/ztve3RViKknQo+zTSk1NWTWtldNPdPTmWnXbc+db20tJfFOtRxXA51y/dTuYZ/esVyDjgcc5wcc98/eul6/a/wDCtzppvJnv5vC91beW0YKECFiMMANqooPQ84BB4yfzqXUhF4x1g+UZGXUr1yowWTa7BiOuDnJyQT19sfoH4d0y0vvhm2vSs6zxeHrram+NFiIgYAOuRlW3Yyd2SFAzwKieFhOal2bbW9knG1nrqtUnd2XomdntJU4QjGDveCkkm1aTjeSulZ66rV3Wm1z4U8LLH/wtKzaVzLHDpsCkqGwSD0BYAEjOMnkZx34/Wv4fRW+n+E72VmxHcaHqjuSqvkCymIJIHAU4UbiDnH4fjpb6sn/CcsFU2csenworAhcsGyCW+XAPH3cZz06g/b/wh8eaiuk+IbW9up57WDQdSVBLMzKu+2mX7hJYjLAZyOwyBVUcLUqqbpqzS5ot9Lct1JvXltdbu7u+xjiq6jUXNGUnvFpbNKN07PVLXf0338G+EHiiHwn8Q7DxRHHb3bafq2pSxQzxlo2d/PjVnABO0bs4PBII9CPovSp7vVfh98UykdoLnWbHWtXupLQAD9/KrKCvGOMBQAecnA3Gvgbwz4gistUfj5ftN4x3NjDNNIASSccZxke2c8Z+nPCXjm907w/42gii3W9x4dkhnVVBASVRnnbtAJIypzyAc9CPosvyzCVcizfET5HjKPsXSd03704J8qene730b1PmsZiMV/buWeynbCyhONePLq7KMoq76q3XVa2PnHwHZPP4u0q1ZiDFbkuSyj5MvnGDxnBJwTwDmvvSwgGl6HrE0MZYS+GNQiA3htqtEQxY5755AyCOTxX59+CNZaDxnFcqgWSKB1VCQN4LHIOTxnGRkA/KSD2H1DL4z1NtNvbfeVjfS543CqAfLdSGUEZBzydpxjIzgGvLy5eyjUvBN8r1erTXKrptW0u0rXTT8rHqZlUi6tJLmTjOPLbTXmitV23XZrXWyR8r6baNE3mqm0yXDsz8EHdPJktnkEgfXqcE9f0H8Ey20XwA8fwWwS4d/CGqCSQrH+4mWMbQWIBDf3VznptxnFfF3hS3S70q63RlpGu0SJJFCkkyMRjPQ+i4zg9K968D+KddstC8YeBpLSGDQNT0y9tbqVo8yjzo1ACSAdScYyw6DqSM+bVp1G5Tg1FqeqTu+VyTasrJJ6811ou3X1nXi4xg5KK5Vy26PR28lp3W+zdz5w+D95qGj+I9JvIiWVY3aYKSm2OQqrNkNuG0Hr14wT1B/Z34caPaf2DqmoWduZ7SfQ3luZnkDsZjC7Ah8kgbjtKjA25J7V+aHh74V2unG1e3uJpJp1jZfJbcAhcloiNxYblA3dAWBBxxX6QfDO+GkeHL3SJJQbWXRpsRCZQyv5BXa5PzMS4PA/vN0JOeOWGlKXtHFp8yVk27Xae0b3TTSfNe6eh2U8TBUnSjO9ouV7J2laySs9U0ne731R8D/DCzXUdc8aKVz5epSvbglQVCXpwQOOgHJ6HJ6d/sX9pGZ31Hwe7hZBa+EbRQzMACy2ceVB5y2AMLngjPPJPyF4Q8PeJ9F8U628ekzCLUry8iDl8okRuGkSQ4IXOCMnPHynPU19QfFCXWfGGnaDZPYRA6NpC20k65Zpz5QTAZNzFuhOSDwASBxXoPCym6LhaPs9JNNvnuo6WstrPd6JW7o5IYiEI1FOWslKyVrdN7rVpvr2td7lH9o25bWPgv8GWi097SQWSWb3rMyrIIn3YPbDA8c9xkkHccD4Z2K3HwslsRMypFqTiRo2CoDjuAQCfr/skZBwcPxNceJ/Ffhfw74S1F5F0/w0MaehgkYKxPzBsj5htxg8jP0rsPBFpqOj+HjoRs/tMc9y9xLIN6EEj5Rsb7oyM44Jxk9BX32FxWCjCEartGOFUJWilzT5Yq1o927c1rvr5fEYilJzq8kVNuv7RNJK0VLm0UVb1dtdHufnl8dtDS21uGGFyzuJ5H5JBKysegyQDkkdeM/MMYrwGLTnubmGQMF2MEbJOWIGGJ9DjpkDA5OMGv098afAa78catDfzObDyo5F2iJiGQvuGTweQuGJOMEA/eJrjG/ZRvI3D2+oRLEp3lmjCvuwdxB6jqBwwxkgAkZr80zHBc+LrSoq1OT9310V12Wrvbpr00++y/HUaWGoxm5KXJG6k305X1au1q27fhc+Cbmyi8xHZP9UxjcDcWPOQAcgDqCRkkgDoSQNW9gYojRnJjtVweQwVsZAHXIAxk85xyDxX2Lffsw6tHFmK7hnJYkhYiQTndlgAWBJ6jJySRjPTn7v4A65bOjvKvmGJgcRMQdowP4ACMj2wQMivKll1bTVNW0s7a6a9Fpp3enc9WGZU7O076x0XRb+fRrR31vbz+WrWzedrYojRiKSNWIBySzjkADBPQH0J6dK+5ry9jXS9Hhcbjb6PZhSp2lGWNeT025GPUjrjjFeMSfC7VtLfdciNzHIHj2qwwVJILqoBOGUDkccAjmulkk8RCSI3McflCJYiAmFCIoC5ODgfKAF6jJ4GM16mUReDnVdeLSmoq+rTsr3Vk7WvffR3Stc8zMcVHGql7Nt8nxebfKk+l+W3m1tdHYXcJW1vZnZSZbVpVDZlVSDkkqQ2CV9F78dMHrB4X8H6xp2jSy6XYM01hGbo+WkbOwQYc4A56nOBgE4A+UDzGLVtShSa3kt43WWLyhuzgISQQDtAwFxwDzkkHrt07fxBqUUEFttgEcMOxCo524IKZPoMg5xgcj0r0a88LWneUYtJWd4t9Y+7fez3vpu7Jt2McPWq04SjGUoNyvpLZ+7Fbdndryfpbz/xP8MdN1TVbe2sLaG1t2uJk3FECsoY4U4AJCD5QeT198Otv2eJrydpLNrQxwqqMDlG3DAJXGG5PPJ44Xtg9edfuI2iLxxhkldoxy2CC2c9Dz3yMgnB612Og+P7q0kyyQFWfJUjbuBBI5xyM9SO/048lYPBzqtyjGMW07JaLWL00dn0e/wCp6tLHV6aS5pOysnd32TS06372utU9TgrD9lfxdLLJJYpdBWGVayvJkOODlfnA+vGefXGOp0/9k/4zTXkY0698Y2wjiPlGDVLvgkDlcSYCjAzgdFyOgr6f8GfHu30gxi6sEk+UJiMKV+UqeS4yB16YBx2AOfr7wB+094UcxC60s27gKqEqrKc7R0Oc5GMnnGD0JFe5hOHMixKSnVUJSeuiv9nZ2tbXXR7tvzqWdZjST9m+ZK1lzO7slfZ3t26+WjPzVt/2V/2mLNYxZ+MfGkTZQ7Wur2eNF3Z6hjnPHOT+DV0cPwD/AGztPlhfT/GviGREfCLcqGU5HdJdzEccdSevHWv3I8JfH74fXwRpZYIGbA8swx7QRjIOV6Yzg468d8n3LSPGvwu1p45ZbnT2barKGSJB687cFmyFyWBxgHOeR6kPDTh/FxUvb3bWnLGGqXKv5VZ+TbT2e5y/67Zxh/d+r3s09XLb3eqfbTZ73vsfzsQeFP26tEnBfVrq7WAcCfS4ZUBz1Zo14DYA+9wD6itNfFH7cGksss+m6ZfhWywuNOMRJByOBH3HvyTwQQK/pp0m5+GM6Hy108vKOSFQq4BPZgQO4AOPbtjqofCfwr1Mkz6fpE7khdxjtxnqWAG0ZGDjB65HTGK0/wCIQZM7tV56/FaMVpZaNL89tdkR/wARHx6sp4dKz+zzJW91NptNN93fex/L4vxp/axtGjbVPhro9+YWDM8cV1Gc9Aw2gYIH3cY6nAPFdPaftQ/G+BMat8GlkdGJDWck+9myQWIbBJxyFP4jODX9OQ+D/wAJtS4Gi6WxHOEhiXGQAN4VTu5xwATk8k5wJW/Zv+El4Np8PadzgApbxblDZwTgZJyep6HheTk8VbwWyuV3TxCT00cZLpFNaSve+qa76W0b3j4n1m0p0pqK0bfLtdeVtk+ujs7bM/musf2rta+V9e+EniWyZHBle3+YI3dlUqSflHsSQd33SG7az/ar8D3KwtqPhjxTp8gJyZ9O81E9SdsRJ5BJOAMbuDmv6Brz9jn4R6juI0KxUlhkGJcYIwDkDJO7n1POcniuMv8A9g34Y3Ujuum2Kxkkx/uk2qQAMlCpyAfvAjnb3zXj1vBinG/ssRBu9/RaLqno9N238jup+JtBte0hJaJWas2/dS29detuh+Llj8fPg/rXlrc3M1q0jH/j50e5Vww4UEiFABkAZz39QBXVRSfCD4gQy6FD4mh06TWyNON3EZLOWH7QNiSxmQrGpjchuTghR2xj9arf9gL4aQP5jaXp8x+6d9vDt5/iZRjGPTJb0NbMf/BP/wCFssTIbHToVeVJZCttGjgKwP7t1G8HgYA7kqAR08nFeDVZawxMbpaJJvmslpJ6tX/4ZHXT8TcHbWDtazfVJ2aezWl9Fdb76n85uv8AhP4qfDPXNT8O+HPEaeKvDOhzTQWtzdxxzG8jYtJhJ+UfYnBVSWZv4TgrXCJ8a/E2gXE0HiHwpZTo+E84Iyj5/vBZWUqSVwpQcgHJwNxr+obVP+CfHwm1K0WxjW5t4xIJi0Vw2A5UA9X3fNyWPG057DFeUa//AMEpPh3qlo1vZ6q8TPd/aSLpY5YSDysZyxZBzg7SCc4YHqflcV4Q59FuVKtQkmnZKo042dlG6Wt/OyvfRnrYbxAyKo05zrQk7J3jzLp01S3u/M/nZn+NXgSO4hmPhOXRtUMsZS/08/JGrIN7AA4w5J7kkE9eTXa6Z8Tvh9cXAlivIbGZ7mC7Ejh4llnTZgXKrtjfcQGZjy2TnjAr9WfGP/BFg6rcTz6L4h06zme4E8ZHnNC8KHiPYBtU45UDADD0bj568Zf8EYvi5AGTRo7e9/fb47mC5K+YFzkFXcHLYAU9OTljjNfO4nw94uwafLhpzjqpOEuZNLZaNtJed2+7e/uUeK+HMXytYqhF814wqfu7XsvR6dV3e9rOHTfj34D8R+GYPD2uaN4fuTBEYjrFjFZpc/O2WwSockqSDjOeOua5XU/A3wd8T6layeHHl05I4fNkkTLmK6KYYur5BjDHOFBC4GOoz4v4y/4Jk/tP+Dlkk0zw3q9xFbsrHyJjgbBztMbEMeMr1/OvA9a+Fn7RHw4lI1LSPGOnTQ4XMtvdGAjhXRpAuMAg7TnBA3cnkeDUwXFOWWhiMJWsrL36U00lyq10raNLV3eytpr6dH+xcYk6GJoyk1dOlVg5e8lfS9ututnqn1Pqe+/Z9t1ha+0zWfPb7dvwYiN/zEhgyLjbt6jgBgB7jJ1j4JeMtNtxfrZi7iMokQwuGO0qSDsySRjOBuwR+APgXhr41/FvwZMun6g8jqOTBdxPLH1yfmKkgsAdygLjJOOte9+HP2t7yaeG28TaRAkka4IhMiF8D5FK4C7iuepAPTI7qPEOIpe7isLyqNrpJ7rl1btqtdE7aW3VxVcmTXNRrOV7NKWnKm07N27c1jgbfw3rOn/bku7G4tWnt7j78bKAM5yxYY6AgYwOeeODzcWhefZhmWRXim+WQDnA+ZV29Tg+nCgkZ6gfX1r8f/hz4phFpNbR2txKCGF7bIyRgAgoJFQnY244Yk4PrXQ2+nfCrW7SKK3aza5l3Pus5Y1wWU4O1ivKsOQBkZGAMYonn+VVnaalCWl+ZKybslZu1tdrvRLqc1PKcfBt8qcU079Wvd0urWflf1t1+L9C8+PTL5Jrlyft0ASN8rHuDYBZeQDnGSTk9T3J64W6i/lmvbdXU2aKrKN2HO3GWA5J7Eg+xFfQV38E9EudLkk0zVmjZ7sSqksYCnDkjL5YjGcBjgY5xkEjDufhdrtlPIkU9tfReRlNjZO3aACDydw5HGB161hWxOArxXs60XJ20btq2vivq1eLV777W0NaWGxFKXNKnJq6SW+t46yvrfldr9Nrdk0m/wBPvrnSojYqIoLaGFyMKxaONh2B6nHB9BnpVXw0bBfEF49xEhi+yyouYwwGHY5zyAdv485PvXsdB1jTruBWt5UVN+SoJztyAc9O+QAenQ1U0+C7gvboNC6sy3HzMWAKkhgR0wRjsPmHOSRz531RVeblnGSfK0200ttr2tZatWe9rWOh13T5bxlsr3vbVxtby7JvX0bah8V6PZyzXLWMRWNrhCqlFYhWALEfxdcnqOT75Hnd34fiWMu6glJxCG/3sd+MDGdoB4yec9fVGnlmdFmjOXkRt5GNxyVxluoHP+1jJz1NYtxB563SMg2fbEdSBndk8/NyB75OQWA4xXkY3IaVVWajKT6WVrrlk9ktF/TPRw2aSp2fM/Tba3npoummj32OTs/DkUkl8SglW3hJXOMh8ZCjkEHOT9edoNeg/D34ZaV4za9h1PUYtKEFhNcwu6gCR4VYhT3y2FU88nHfplRK0L6isZBDxzKSB28oEAnBJOc+mM4ORwNPw5dXNtFEIgys8YhZlyPkJbcq98Ed+hz2I3V8hX4Zpqco6rR3aSTtJJr9L+XRat+5SzupaOmllveTXwXuktul3u9b6Hn39mXGl3VyLO6uYVt7iWFZ4JpI1cRuQrrsbODjcScY6k+vb6R8QPiFoDW/2HxBftAxRxHLLJKrAEHbtkJ5GBnAzkHjkZ6fSrG0MOpQvBGxbzmjLDaFOMllJyS2Bxgjtng4N9dDtFSCMrtLWiyLwrncvGQPvAHjgMMDoOufjsdk2KoVXCjXqxd7KznFPVb29NFbrfqz2aGY0a0IyrUab2s3y2T0T0vdLTptf5na+Gv2jPFkEyRapFb6gkciguAY33ZXhscAluPxJNfRvhn9qS2ME9rfadLbiQqHbYropGOQcbmxwee68c9fkHwp4UbVbXWtQFuHTT7i23sUJ8tZbjYTk8DIyBnaevtX2lrX7HWoXljpWt+EdbRLS9sbKa4s7zCt589tFIyq3IClnJAxwPQ1lgMp4yrwr1srlLERoKLqU/dlUlGV4pxjKzaTT2btutjDHYvh2FSlSzFQouq37OpFSUOZON1Jx0Ss07N633LLftCXF1KBouoWbJArHyLyMgMcsQp3YTjOM5z35bBp2meLtS8X67ZztBp9lNCZS72pI8xZYfnmKE4C5IDEcBcrkCvNrD9nHVNPv7yHxFNPpsUGFW5XMkMzFsblYEhV5GPTHU9B9Uaf8KvCvw+8BalrFjK2s6o+nqkeovIpNs0oG6JEBwAVJBJxjr7185xBieI54PEYTMm6cKVKVSrTrxUZJQtrGMlzpq28bp2V7bLqwkMjw/JUwKhVnOSjTnSTlFc1o3bu1dLre9tddTV+HIeGNY5pklZZbh1eHBRgW4xt5w2BjHUDI3dK/bz9k6fzfBNyCMFXjXPUg4yeRnaAOADg8d87j+Gvw3MUVmhQfO6I6AnPBYZGc56nGQM4HHHT9wP2RcnwPckg5aSPBxnPycBlB68Dt06fexX2/wBG6tz8UUYx0X1au2rXaSjs3ZXe2uvXqz8s8Y4x/sWq22mq9Dl6v447vTm0/BXbV7v65H8uf8/5GemaU49uB+fp154yPw5zwKYuQBnrzn8Tz/OnZ5Hfp3/rxjr+frX96cl9bdPlZW6bW212+7T+XBDzyPb3z6/n160uenbB/L/H8aO36/8A6v6j2/AJ1AOfpg9fqP8AHn071CfeUVst2+zu7X8162vfoDskc9OoP4Y46cHoM/8A16cG6hhkNkE8cgc9McD2G3144Ijpep5/z/8Ar71UpWScXe7Vls9lv99lvbo9TOSVklpdq3S2q0tbbTa29r9087c5+YjjbkngjHAII6DB7g8DJHVgJx1JOORnA4GD064A4z9DmmngfoOuPbgf5/Ol/wA9ffj6cemPfJ5rSF2mmr6bPpts/v6dE1d2IcLWb3srxtr016rV6p6WezeiU5B4wvBBAIIDfQDr/IdvU0Bs5xnglfyz+QP5fXuv+f8APb/PFFdEINNO7vb3mlZpq2+nfo7fkITOfXrycAHkck5H4/Xtg8ruB7g46+n+eOf1puO+MnPfAz15Pr6HPvgDpS9M/wAiTzjHTr/9ckZ5rW7jazd9Et+yWq0Tulbzur7sIq3r0t3bV/O2/wA7DuO5/L/6/p9aTdggA8DGM4zwT15yeTj69ewoOR0wcgH8+cdMDjGMcc/WlAxnnIyCQM44J3DgZJP8P8xnA0V3Z2tayVtHa8b3cbJ9ne97eqU6XT7bde2977+ffvYMHk9MYz6nPGfx6Hv+HRQBxx1Prj0zx35OeuT7c0gIUYABBOec9jkA8Yxx0BAGTgk9HL1BA+YgHsR689Se559Rx6XFtySkm1eMXLT3b8umjT117/lan1drabarbp3T1/rYeqDowGR0IGc5I79/oSATyOMilwM5xnPb19B2z29Bkdu59PX/AD/n8BjjB/P1/H1x79Pyx26IxjG9kt733b0j3t21Vlt2djBtvr9/9f8ADjjzj6Y7DGOw+oGe/tjinqOffp68AAjntnt9MdeaZgkZ64A/Q85PTgdBwenGOadgYHUA8DkjOQcHjHJyOoyOR0BrTmu1p2X5adXa6839+lKL3Sve1vLVPbtur3+VndPIJzjafTOeue/45zj6UxcMuMjGM5A4yGxzznjGPm57scjNOCnoT0G0gduST6c9M569xTSvPI/In5jnOcdP14I6EEZW+mumyfyW3Te9+ve+o9dNLJ2vv2Ss73t2Vtr9HcbxnHX+v04z3/HjikGScY9h05x346duvvzwcPKrjPIBwOCezccjoD3zwPbk04DDHjHA2+vTn1Gf5/mSowbkrt69Nvm1pvtd6eVtFLelkkvNddutr9r7vuKNowBgA4wOBknJHXAHTj6dsUAgD+LBxxx1HGMZBJ9uR2HFRkZJ7n3A+Xjr+HHTkg8deFVSeD3znvk7uCOeuD15zk44691OCSSTtdb63ekb6drW6LfzZPXa13ql0/rbb5Egw2MHdzx9cn/HAP8AhwuOo5469sfTn/8AUcDqaZgDp2Oeo4GDzySM8H6d8EZD94GTycjHBOCenAJHTueRnnJNaqFla+v32Vklbb+VNfPQB3IIPpyenJ9iOMEA/r70mMgkDBweR0znGOvIHPbqSADzgzn17AdOOvBP0z6fl0TqSdwI4/4Cec5/LsOgq0rfh+CS/QXy/q6/zv52F/l79s/T+nXjjtSBRk4OMnOPfjjnOAe2Dz6ZxS+nQZHB5IOBnnB6+wwfSl6EZHTGe49D/InnB9uKLpb/ANbf5/1ZibkrWV/k/wCl/W/RuDjjBPORkcjByM5Axx1znnnjmpAAOnbOTxgjH1JI6Dj3703GCM/5IGR39/YZPtmnKV6A9eRk9c/QcDgdODnueKLL/Ly227bEqV7dH9y3X3aX/HuMx1Ixg/lnPcAe/IPoBz3D16nJG4Y3dj3/AJ88cA9Ty7Oc4wMnHb2+6M+mCQ3qAe9G4nPTJ4/njAPAHJ+vOT0oX/D+rtt/Wr87lO0lZPft+v8AwfQi+bJJ69AM8HPQ+5OfXB47k4lyfrx83fp65zkjIJHHocUueBnj1BxkgjruBwenUH6+lNLrjHC4OPQDPI568HHA646dg27biUbdb37adV+G9/J6AeVIIAycknheTx/tE46HA6DPSjGCDkjnB+9xjAGM8Acrz2Ge/FG7PGeMc9COPQYHP/1skDml3Dgn6ZI78c9evYEHOccAc0D1b8vNPyv5bd9b36CA4PX1IwByBngDOTluoAzyADjgI2WGc9e+Oh6Y56cfj+I4QuBw3bjJHXORwec4PGcklufYAYHJxu6+vHJI6cd+vHXaeowf19wPbfe2vzSurfh69tkx+nTHYcDnP1IPsfWnA45JP3sgk9MA52jucHHPQe2KM8Hv15JyRnoOO/JIOcd+eDTWwcA4OevHBwOe/Gf8jFS3yxb7LXTror6GesWt3p96/HTT8LroH8+Dj/OOtR5OMnrznoSOQAM9uckYGCRmg85BIz6MccAjHIzn165BxyOcuyCuR82ecDjOfyx06n8TXNOKmtbdLP1cet1Zbp7t9PPRapN6PpZvy/B+f/BIwemR07jp+HcZx39M4znIDzj1BB5z6c9znp/9bIxISoK5IxycY4Ppx/X6n2qPkHj1HPGOvHPp3/DpkVySVnq9dFbzSXp3/D1L2slaO349fK9xwyGK4xgZJ4AYkdMHkj6YAI98UAkggHnOTnpgg/iehzncfbuG59QeBjkkhuR2yBjGT6HjAPFKoOMkADJwOpOeQeO5zyvfJPueWST6uTu9W2tmnpZ2as9NN7Xe97u9LLt6tWTtt13aXm7EZX8SDkH8PwIHY9/51wXxGAbwpfHgnfEckd94PHPHPAOcfgd1d8/GcHIyB6Z5wQf8R6E9K8++I3y+FLzGB+9ixk46sOSSffg9hjHFfFcXt/2BncpdMuxN+11BddV53+57HflUpPMcFfRfWKWtv+nkf60166s8C1S9EVpOochLfTU3nGBv7KD1OSM5/E7eaxrHVdlvGs0uUvJjlQM7dkZC8EMTnjjr0xnOayfEsl29rc29rGzyXMdqDgECOPI3M68DkADkE8g8nra0LS57u8ma5UvDYmDaAOA3lbTtGB3B6dMn6n+TZ1XUcY2tOyUX0k7WtZWe1tH69z9njh6EMN7SdryfMldX91RsrLR3k76p6K+iR8+b1TX9TVEDYvJsbhyNz5UYwM8YPbnnoaqTR/6TI53HzHKYVj8o4yc/Tv164rWlt1i8S6ouwlTf3JycrnBYjPI5Xrxzk4+mpDpttc3c0UjgMro6Kx2g7xyNyEZGOBkn0K5zXxDUlOavZqrNJ2ejcox6ySd7t66aPR9PvadWMadJpXSw9JpaN2cYLVb/AINK6ejZx15EyRTLHNOziJgY2ncqwXJBwGK47YI/AjNc9HcXXlFZGkBSIYG77q5IGGJyfuj1PJI6c+j6jpNpEJywUSOki7lfKsqqcgAnIycA7cHnPzc1xsOn2rP5UxdVEQOVOQeSex3BVU8dDz1Oa6qasrcqvpZJpq62ve9m9b/nvfWlVpyg5ea6K1tLaW0bs3rpe22iXK3k09ypDtIPLcPktlQCAM/KTycHC5GSeC3UcxfTs39mjzn/AOPwAZIbaA+0ZHzbeOSBkc9DwR3mp21lCJRGXfeyhlLgAKADlckEqSCOfuhemADXD31ugexkAGBfLhc89flwDjoe2BwCx4wa9LCX5qa2Uppyu9HaUbK13fzsr3SW29ynFU5yvZWd7pRdvK2lm7J62S9LPrfi4A3hfQZRlh9uiOd3GFgVT6YxtPPBA69lPmug2zwRaddQSNHHc3cu5M7yVXIyWyO2QT1GTjnIHqvxYtx/whPhXKEebdsDhmBwwII45Gemc9T8pODXntlAttpmjLEQGL3TgBuSFDcdMZ7HOOcdga7sw5f7SbvLl9nSSaT0fKra9E769NtNWceAk/7MUVa7r1b3ejV07aa37r57ozfFM7jw5HJ5mFGsOqjHVRwvoOMjsf5GvBNauBNesqjKyKx5CkEgcZPJwfUcdK918WKY/B8TMhLf2mW3Z+XJAK4AHUA9eOeo6V80azemO+SRTsyJAw/iOCRwCOe/TqACPUceZqSqU5O9vZQaW+l4q2vXW/fRaXPayWEXBprmkqtS+jvq4qz1te7Tdnay1TaN7RLfdufydzAMpHOMMcDoDnKjPGcYwCCK91/ZlhJ+KVyfKUeXasF74CuPocbTkcZI7cA14J4b1eFUych13yOCdoIA29Tzjgc8LjkcV7/+y5cpdfErVZMgbLRmVeCMPJnbwSepA5I6knOBnhyycfrNFSbUVUWq0eja236J69tt2bZxTlLB4u0dfZOKutH8MX11dne3W9r2engXxrkS5+Nni/ewUjUGwyncqlVYMQOQeoxnGAepJGdbRNEuL57PWYYrN47WyZYvtEYYPKgy3VfmyRkccDnqQRzPxUulk+MfjNvLDquo3S5xknBYZH8QAz1yPuEkckV28etjQvB1nPHGsqx28zkkDau7IGcjOct05z1ABNeliqtSNOoqU3H2k5RTjo/jjZvXbe/lpe2pvQpyWGwaspP2FKLTWjXLSuviXRN67adN8/VfE91cRXUOp2ti220e1iigt44nPy/Ky7gpBAzkg9+BgZHneleCvGHjL+ydD8LaRBdXEUV3fy+dIkMUVuzE5kZ2UZwcqB2BYcHNeY6xr+qapqonlecRAM/yE7FUnCqBwvIPTnqc8Hj6U+HfxL0vwDrFtc38vlvP4bWOBZWVEkmkXAEjMVDZJOORxn0FefiqdfBZXXqQk6ldyi0knN3vG9lfXTW6ffW2h6EYOlVhGlCMZSjJqLfuucYwtdJ6LWW13onu2cXpvwo+IPg3VJNX1Lw8l1psEkah7OVLjdPI2SojDOxk4IAKk88djWt4puZLixu76XT7qyi03W7FmguUWNxLcwy7i0fG3BHyjg5I9AD1+jfHv7T4iGgXdzZWlomppqRvZZ4zDbrnLI2GCsgHBzkZ7cZHnvxg8YW+pXOs6vbanZyWVz4h0SadrNhNbNa22S88gG4KWU5CrxnOBzuHk5Hi8dXxk/rWH5ZRhUalCEorRXipPpzW1s0k+i1N60KvLR9qow/ewcnCUkubmalFxbva+u1tNEyX4XeKNS0nVbO4h8OardxrfNHdpb2TSCaN3LI4whLGMHco5U/xEDp9D/GD4i2Pif4W+IrJrXVdPlt76KZp7nTzbxxrFjNtFcbFVpCeHUEgYGec1vfBn4m/DZjotz/wkehhVuZZJ/Ma3t5rdBEoLPG20NGGOFBBySSBkmue+OPxj+Gmr/DHx1odj4h0G5v5NVuV0jT7V1Z553Zd92h3ZVMDocDd05HPPSqzxmYQrVMJUoVIVqVO7c588FNa25Ukkndu6Wp5mNqTWPowWFq1Iw5JKvzS5Pekk7pJKXLa7s9nrd3v+Xtv4y1Xw7rviKW1lkEV+PLREc5JlXCyHGMkc7SRyxO0ZJrJsRdah4g0u5lDsBYSvJIzZLSOWOGZjjJPOOvPAxxWOY7bVNVN1JfwCNI0MoVwFZo8jC5yMqw/vZADYBIr0/TG0GPSNNEV5bxag9+ySGadAxhG4kgbs7GGCfTuMZr9nyiF8XhoxlGEIxvq105G7vRXu7ddnZkY6UaWErzUJSqT0vHV6ON9U9k3ps230e3sP7KXjex0PTvinazLKbg+M5GAQErgxRLzjcD1OAe4ydxC4+j9c8a292rRiOQCWPPJwFXOeOh79stjnqTn4B/Zq1nSbWX4px6lrGnWpbxhKY1uruGNnUEZKCV1yuMcjcMHgcgn6hvvEPhbcMeINGaVEAhLahD/ABAEqVMoGQoweB0OCRk1+yZOqLwVGUqsbRvZN2fxXd/JJJpXSb9Nfy3OY1Fj66jTk0+R6Ret4QvZre+vXrutT518J31rB+1X8S7uQt5b+D9LQbQWbPnHrhW6HPUkjjucV9USeJbKJkAaVw0QH3CApIPGRgA98Zz0B6E18O6B4h0uL9pz4hzvq+mRW0vhbTkW4+1QeRIxdtyo+8KWC/MFVsgjGOBn3uXxNoMMUsY8S6T5zFXVpL+3DhTwerjAwMDAwDzjHV5ZVbp4m0opfXMRyt8t376te9t10s+j6Np5hQbqYX3JtrBYZOydvgi7a6drrezV7aNeG/Gu+tLj9o74CykSGCO6ZnJGWwHJb5ee3Y4I56cZ+5NY8WeGwk0cTTbjdOXBjJ2qHxu3AcEd1+8M8DrX5ffF7xTpx+PvwWmGtWE0cDTyT3MN3C8cAy3zSSK+1Oe7MBjpnt9K33xB8Ks85bxTpe37TJyl/A28licg78jgjnGD9DW2XVYxxGYN1YK9eCvLranT1u7dGrdLX6pJTmGGnKhlsVTm+TDS5rJppe0d29Lb6pPV6SSPO/2xtWtb3wX4dNoZCq+PfDmS4IQxtfQZYAgkhRzk43egxz9rWWs2MVhpsRuk2pp9ihXcONlsgJJGfvY579BjNfmx+0/468PX3gXRorPVtNvfJ8Y6DPIttcRTSpFHfQlnYIS2FHJPoCeSor6Ri+M/wsSxs438XWAlWws1m2ozskkcCZDZAXKkdfUAdyK3w+IhTzDGN1KfLOFBpykoq6Tur6+V/K2xljMHOWW5fFUpuUauJfLyv3U3Sa5kk7X6Jt7LZbeofFfVbK48C+Lilypz4c1b5RnBItZsHjIznOQTng5Y548N/ZLlQfB7wqZMHP24MQQM4uDt5P8AEQvGBjoDtHTN+IPxk+HNz4K8TW1p4qsZJrjQ9RhijEZDzO1vJsRCeNzE7QCefvCvPv2b/i78P/Dnwt8O6Vq2uR210iXTzQLbzTPEDOWGTGpzuUEcfKOueNpxq4unPMaMlUptKhUvJNcvvSg2rt2vZPtaz02Ip4OvHKsQo0al3iaUopU5Nu1OetrXtdpKy82u339mGWCTbGHAguMnngiJsAkngYHVQD94YHf4t/ZNjQx/GQlVXPxCv9oBHOZpAevTPqMjg49vXbP9ob4XTRywp4jwCkyjdZXITe0bKAP3fXJXHTA44GK+YP2c/i18O/C3/C0I9a1tbWTUvGt7d2ai2ml863aaTbLhB8mQc4Yg4IGD3VbFUo5jgJ+1p2tX53e9rxjbS6vqktbXfbpGGwuIWV5nD2NT2knh5RVnzNKo27JLprzXs9utz7U1xkezuVCHeqgKOmcOvOcjvjncD1xgkEfin8UdGvdU+NmtrC8caLqQJLSEbtgYsRluSV3A45w3Gc8/qxqnx++EMtu8UPilUd4ZQ7GwuWUP1Kj92QS2Mc8cqWIA4/InxX4/0ef4u3eo75Li1nvr2aF442zIhkZoi6sASWAOAPcBQQTTx1elXrQcZxlHkk5KLvf3oaaX0VndNbWfQ3ymjiKVGftaVSDk4W5k1fa67N3fSzTvo7a+s29ncLbefIYcQRNbxhl5IQgb88ZPYMeRnPTivIvjSUj8ZeG55WEskGgWshRTgFVQKByCOMDCjt1ORivTD4y0i9tEQRzGN1YEJEFZCxx8zYByemTkg47A14x8eHsF8YaEZ5Lh45PDVq/7gOfLJQFdxHIH8TcY5HtnkTi3Hlk32d2tbRa0Tbbtbppe3U9OEZrmckle7bvbVqOyTeul/eb1vpqdHp+o2UFgkxiMfnQAMGZSu4A7cnqOCBnoQfUfN0V7cRt8PvEnlgwo1vGhYspBDFtg4IGQAO5OfUAA+FLfaYLGASPfPmPCxxiUKOgBBbncMH2zn0ruNSn0+P4Ya26XN6sJa0Wdm3ErKc7EIySQRwMYHJ5ruUdEouzUU9rSTbV09LqLau153tZnLFc1VPRyUk30+1Fvf72vndK1/M7FTb6ddGSRmzCsgfZkYUFgAwHPYHHGDnGMivT/AINTSy6n4tn+cmbwZqhYsVwMwgMBzgDA4wcdCfUeT/23pcuiR29vd3DNbWxidWtmLO74ADfKR75JGMD3FejfBm7tYZfGkkd3LcLF4L1EOpgdfIV4jk/MSCR+v0HOSlUirtXtazsuazcdHd3a39dmnZnXJRk173KmratNtJp3t5a6t6JroeAeEL6Ozv7sSSMQ91KCBsK5EzYBHUD5QeR2bPO0V9XfC3xBaTeLdAQpGg+2hVIZSSCuM4GDtyM5Hy5z7V8KDTozdTSQaxepFJPLI7rC2MGZiwyBjA+7xztwRmvXvhDI2m+OdBuTrV1dMk0whtZ4SFIMZILnBOF/hVTg4O3J5r3ZYj/ZZLkfvUmr8tt466pJKzt0u7/I8RYWEsVBqouZTT1v8N43+5vS+19NEen3UkL+LPHMQw4fXrza6lcH98xypHu2G56/dGOnRKBBo+pqnDR2yDBKknLKxbdkn1wvQDjHavke8+ImvWfi/wASrAtvJE/iLUXfdG+crMwIOF6fLkHGBwcFhgdrafE7XZG+ym0iEV/JbROBHIXCvMi/xLgdTjIyR6c114etTVCFr35Yrp1UbLdLTlvfp0WunNioVG5q6a5nrfdaWTV0029NdUnZJspftCmaL4ix3Ec5he30rTJgUJGWktIVCnackqc8jHU4xkVX8Pf2pbWsUryJK+oxK7lkOETB3ksFOC6kEkfe5xnpV/8AaHnsrf4mW63UU8sM2l6Ok8cC/dQ2kDBskDGTgdjk8EDArnY/Fuk2SW8cdnqTQsSsRO4eVFjGADkYAzj7vcAjOA3VV00m0+W9tN0ldXd7tO1l/NF6M8+lh3UjzON3Hl0T0S8m77J69OrPc/Hlxt8AfDWPzgqvcagpAGSuQ2SxxtGfvdf9rABOPNb9gdEuSJAdsMYVvmHmAyYA44PHXjcR1JwAdzx/q9unwp+HmsRWlzJZpqepwxxFwbgsA5ZmAbOM5ABIA4+UZOfPtH8S2Wp6dLaNZXsam1Mh3xZPylv3akjklgT7DkEHga0JRlCo1e3vNK9k3ePuvq7t3+Wug5UXGcY8u8VFJPbSKabWrWujs3pbW5694BkVPBHxSLyDaNCtMpjouVXdwPm+6ecsBzg5GT3/AMIvCHgvxD8E/ix428T38tjrfgq20VvC3znZdS3E0STboA25wIi20hSocDI4Br5+0DxlYxeCPi2Utr6FLTQrQzIYvnkVZVUBNo4PTgYBOcivKPBvxEsG0e9kivNbgsXsEivbCUSLDNISDG7QMoik8ptuzcuQclT1NcWZ4Sri8LCNKrKnOMlNOOmiaclre6to7bI0wFenRr16clzJ21e93FO7Tv8ADq31211R+pnw5u9JvvDHjl9KMU1svgzT7iWR4SJmuhcx5RCFK5DnaQvbJPSuo/aR+FXg7wz8IdN+JVvbaQ3i3Wh4fgudStrgXFz9lbT1ZrA2auwiCEbmlEYORtDAHafif9n743tceIU8EM8sFnd+HdbM0s1qmLlbaymngDhE3MVkUOoIxlfSvOfEPx+vvEtncaJqWvXs9k2IHge1+US2hMSGBSuIgqjBZMFuCeoC/IwyXMlm1KtTryhCnOE6iv8AxIyULR7W93VPW7ulff16uKofVnGyXO7RVtpJQs0ruz17vRu3unU6TeLdX9hKjEwfbbUJuKY8zeu7AAyAT0X6ehrD+MqC58d6ikkIk2WtmV3kKV/cYBBONysW6cZ5yDwa4vR/EeifbdKt0nvnuDqNmFJVkUlpowqlWA4JIzwD26DFS/Gm2mm+JOrsZtXJS0sHH2Ub4lVbdWCkjhmHQ8dskDBB+9hUnTnCMk9Fqt91GN7Wvrv3u77vXxo0HOlJqejlHbZptOy0T1tqra7vfXlbjS7eSK0N1Asv2N32xqzAnIP8XAGCMgHgHnJ617x49RD8Ivhhtt2A+03hiMhBVUQkZA5AHUDABI7+nztHBDcWRilk10TSlxkoqgcHk5G7pwcY6e/Pq/xTk1vTPhf8IINMaSa1Vr+V1uVLyPiT+IJllBHHPCk54yTWk6qU6Puvlvdvl1u4qPfZK19vTQmjhWoS97mcktOa+1uXqlblkn6q3o/wSscuj65NJI0RSAhedwyqEHbkjGDnn5ccDrtrvf2c7qBtG+LUilpJJvC1+pMoKjaqMOOxGBzg45zjvXiPhzUtXOlyruhtVvjIkyRwO75IICjcpBPXrgcDGDzXtvwGaYt8RdMjmjEMfgjV5fmg2O84QnBBAz1JJPbtkjF4jEw9heLbkmtbJq7cbOzTtZerut73OehhaixL96Nvspcqd9E79b22dnbbTU8V8F4NjHFIypI98XwGHAMsvOTnHI784wx7CpYbkHXbiOMph9UO5pAPlAkTOCfm6AkDJBxzz05rwlea/fS+WiaXGyG4MRKSbtlvK5ywAbaxOT0OSSe9b/hqPX9a1YWsEWkLcS3MxDGKRn3RggysAC/TIUY2kYwByKxnjKUabTd48tm7X3sr66XfXW7fTXT2aeDrT+CouaKtGXNd20eqt1bb6q3a7t+if7Ouq2Fp+198GmSeGciXTfMA2g7lgfK5UFcDsOMjr1r7F/4KVXKSfHv4R38a+Wk3hHVIiQwJ+8+0/wC6CcZPGTkkZAr8+P2V9C1T/hpT4W6hqGq2s08N/CG2xYUFfMCxFiAQflwCNrEDg85r7d/4KmQePIPif8ENU8JaboV1DN4U1GOS31R5oiXhLCVoyhGS/GMnr8wABzXzeXThR48yGW6lha7hGCbbdm2lZLVX+Fd3roepjqbq8FZ3Byiqka1CLTbUY2nT15rWTert1011PiHxReQxaRaRqzEDxDpRcDBB/wBIYkEjjjsytg5BPXA9P/tuFCGRWU74wzZX5sKoJHcADgjvzwACa+TvFOv/ABR07QrKbW/h3bNbDXLBmu9Jvo3DFZSUjSOVyd0j8KSvC/ezmta6+NdrplxGNd8F+KtJBCszNatdQhdoAY+QjbhuBAwM9MAAV/SmW16HtakqnPTlKEEuenNJNJa/Cr6aJ+e2l1/PmPwdaph6UKSp1XG/NyVINpLltZXTdrNJpXevY981fW7J/iR4XvWSTYmiXkQYZYs3lgHaBx8oB6+56Hj0mx8VaQZxb+cyFkRi0iLiIgjJYjDZ52qV9D1BIPxSPjh8PtR8Y6C8mtf2bDDpV55rahaXFkYWZcKhW4SPJY5BB7n649YsPGfhDV4xJp3ijRblmKBNt7b7ny5yFTdk7lIGCCR9TkdmF+r1Y49OtFXrScVflbSgmmk0v+B3uzlx9HFU1gJOjJNYdRk+VprlqN2tZpfNed1c0dRuYj4j8VTLIssDajG5bJJkXy1I7jBPYZ7EA1+Z37Z0gm+JemyRKu06BaYAYEgG4JKqw4JPTqABkjnr+hlncw3OoeIdrJIjahEBJGRMCPKXLYHYdMDjGeCTivzQ/azuHHxLtEkky/8AZkEY4BIUTsQDxt5HJyR1wB0rx+I5QWTUlGWsKsEo81leyWrvq9mle/Xtbu4fpT/tST0XPDmd1Zqyj1dk1e3pv1sec+Chs+KXhBHBHmappO3dyPvKcY64YjAztG1c8iv1W1eFR8SNLDKSBqHh0cdMtf25wOpzn0784zX5ReFLhpfil4LBDKz6jpQUlWBys6Hg4wBjAz2XvgCv1f1CQv8AEzSkAJL6h4dZVHXKX8GTgHkY5GMlcHcVOc/m1WclBqys4Sba0utdrX2v5pOy8z9DjpUlG97Sja9tLW0083pa6XTbX9C/+ClId/BHwUjKtuXQZScHBK/Zwg6cEAHrg4+XJORX546tatJDpcVwjeX/AMIGgVTkbjs3r0wST90E9evJOD+iH/BSt/L8PfB6FTu2+Gcrgc5aCMsMAYzn2yOeOlfBN6RJPo0NwCFbwTCoB4CgQ7eoyW3HPX0HODx5mXTX1SnpbmnL5++rqW2llp92h0zhetJ33UHy9No9NrdNNr63bbfk1lBG9hrQQkGPw7bSEJlRv85FyxyM7VPGQBjqOSa1pNRl07xR4ZM9w80a+Hjk4zKiNEeAfRerEHpnpzVPQgPsOsA/KJtHdE3EHcIr1Rjuegxx65ySFpNTge48SaUjAeYnh5xGoyGyIT6jrsIGDgD3OM+glzN+6lK0kloorSKejtd62XS+mvRaxUXeydrdUmkviWydraa+sdWUDexXOh6fDaMs6XXie4JhbAcgSmTa/wDFuwd2T6DOcCsqfTJj4R8c3trGoV9ZTzEILFGLgEkHPC5K8YJABXtWZHb3NloXh+5Rdl4fEc7LgHcQTjJyckngEDHy5xjJz0tve3VpoPjXS7j+O8tL24kO3YqyMshQggjoCpGOh4waXwy7pu7V07NtLW9mnayat21sS1zq692yi7xvbWyVvXqvhstGrWeXZXN/oesynTLhnRPCKXElndky2b+ZGrTIqvxCxJAyOQRzya7vwx4m0TVZ/h3Bet/Y11Bc3F0zSY+wzlY5Qdkhxyx5CccjsBWVfWbz6tdy2MCyJL4F8wjK8K0YZeBjgDL9MAdcdTzdtYRXS+A4ZIE2Q2t88tu+5Rko/wAynAyc4YFeBxz0BwrUo1EtHFJXstOiTv8AzdHq9NVftdKrODSmuZN6O70TstG2/wAPvd7Ho13bSJJ4Rd1aFJPHN/cQyNzHNG8jtHIjfdYNgDIPPOStQ6pf3AsvEkc8W6JfFdrN1Xk+aB83bAx07nn3rK0zWtc0nS/AkbpHqul/8JJeCKxuhma3AeRQ0U/LHapO0bjhsHB5NbmpJpmq6X4lbSLtp7uXxLZLNpspVJ4Jt6s6KhK7wucB0BHqM4I4JKdKcG4uy+GWqTfOnr/lpZ200OpclWlJQneTlG6aabV02mno30Vl1d+qO41CaG4Pj6KMZNx4c0x5UUjg7IwMKCcH5SuCOOueK42XQXcapcWk8kATw/pzzE+ZvJYqCPlxlWAA5JIOSD1rpvsz2eqeNIXUxn/hHdMWSPAZi5QZDNyxwRxngMTz2ru4NJtJLK6jTIE3hXTWkywDPJu+YhsZAUgHA+73OcGsXio0oc1t2m01dJ8tPWN7NPSz+b733p0JTlyS5bwdlZJWbUVdNLW93zJW77tHiz2t7Z6X45ZUEkUNlYGSTy87EZoSArEEbSSe5xyQD1r57/a11ADxP4Ls44t8FvoOnagB0CtNBGHBwAB0yx9OmDX31d+EFl8G/FeaF3EcPh+2uSBhsmLyCuSduOep69/4RXxB+094d1fU/FPh99Ks1uUt/BGnm4kO1VRVtUJYk4OEXnghicgdcVeV4yGIqysrKDcW9E78lPRrre7v10fnbnzClKhCEbNqbV9tnyp2fZ21s7aKV+pH+x9OsvxV8c26RALP4KnlAjyxZsxnKgHAPIx8oOM8Eg59Z/4KQTm58ceEbOXeqJ8PNBkAY4P7uEMpGcAAEEdmOMHgV5l+xnZhPiH4xaWL7LeW3gOdVmOQjn93gEkcgsAxJ6gc9CK67/goszyfEbwWs03nSn4f6PG4QjBBiBCFhg4O485HLfQ14DUZcZqXMv8Ado3d9HaCsm7WVt+ve7Ppox5eE+TZuq27Xu1Jx6a36W6fNo8F/ZknisvH2mvGskoXRdVQ5KsoZrZtx5BwT0HQjk9PlPzv4zuYdR8Sapbmznyus6kQVCoADcSHIPHAO7gg8cAdz7h+z1eRp40ihw6R/Y72IKgBkXMBEm0jjGMYHHcexybt/gRaa1d3GuzeJJp4dTvDdKuUV2FzIJI0ZcFgCTySCSMAnGK+wdeNPE1Gqbk+SN+SHM7pp29LpdXfutD5aFB1cLShOaglNtuXLFNWind2ezUWk332vpwNppcK/DaPfZXEg/ta6kALAYKxsRjJxweo4BBP94V+hX/BNKASXfit2DRtNpWoaccnOI4k89AcngFiFBJPtjt8wfFaf4c6b4J8NyeDbPUY9P1m3uL6w86fcyDaVPnpksXL54YeuAQM19Jf8E3byWOfxxsQ5jm0i3YYIKJf3nlykZwFJTIbnJy31rxs/qPEZHjJuLjJyT95K1vaQ3ab93lV1q99kkz1cBRjRzChGEoytT3jqmvds77u61V3bvqY3/BRK9l0z4z6VJHAkzxaNpTBHVHUhbGAoCCD1Zccc4756fH8mt3WofDjxS0+kxxSXGq2SGeBHWNMgFQi4CjAJJ47BeowPrz/AIKTX8Ufx7a2V1iaPRtPVWKAlBDEiE4YEAbV9ME5yFJ5+VE1CV/hrrFyL6CRDrNjBHGsQADLGhLugG0E/McheM4xxg75fb+ystatZ/V3dvRXkrWSafR3utLdDkxsZTxuNjzS5VT1W6b00762eq9ex5/pCZtEto4n88O7YOQuVznP6jGRyCFXHFeifEm21G2uvDsstt9nWXQYZIWclXnTaqkIpxkDbw3KkH0XNcGl4P7IZvMZLo3jHfEAAqgMcggAhc+voOWUDPb/ABZ8R3upP4UjmuYZE0/wzbwQuEBIDIhO445w3ByOowTtr3ZVHOtQUWmknqnprGKSdtU9Hqt3pr08dJQw81O6+Fp9Le6km7XTsm7q13bXv9dfsViafxyl2CY/K0pEU5LAmaZYCcr0bcxIBYDIKjB+Ycr/AMFCH+y/tDaY08s4ay0nSopHUneIISkkoBIIEjRqSAvB6AEbq6f9gqF5vEN1NcTlkVLJVPODm/hBxkAdASBwOn0q9+3F8P7rx3+1ZpXhyz1K2tJNdvtL0y2lumdYYyYFJdyu35QAQcEHGCBzgfOY+ph450niLRjHCVOebeytq2tbe6nstne/U9/BOpVyVxprmftqdk7WvzRSu9EnfbtdN9Wev/Ez4s/ALUPg1ozeBNc8Zf8ACfT+GtHtBpl3bq+nrPaWyyXcuXXaqiZMIU2nnkenyj4f/aHW+1HTn8Xa3ew6fAmlxstzaRvH59rdRF9wSPe6rtySpOQvB5JPrnhr9kLxLrOp6noS/EPQ7STQbi701hPuQSLFDI7Lb7gWKjadh7+hBxXm0v7EPj+80C78V6Z4n0C70vTfEcOkATtNGz3E92sayZOEKbzvJ6YHXIr5ClT4FppxqY6g1Kcpr2kmnFzcXa7jdRdnZXTVndpHW5ZxKdPloyu0lZ35dHHRctlyvW2vndJa+p+O/wBpaDWr/wAdtbanpIsLj7LFp2LW7je/jghEasi4VVJBJIOOckYr4g8d+IV1qSPUIp0ka4ijtY42R9kRR1J/1mCoPXjIz/e4Ffb3iL/gnR8e7bT73WItU8FataW9xBGIrPW7ZbqQtEJAq2zSCVsAsOVXaehHWvz5+KfhbU/BOoXOiaoWt9U0+8e2ubYSq6ROp2/KVPzZ65XORjPXFe1w/huF7SjkuJpVpxWqp1XJxi+VJ9fdVlbzS3645jVzKnyyxdKUE0+VyjZ3fLr8Uk1ZWV323sbHi/xPPBDbadAbaT7do9paXTxAuwEQHynk4APXBGe4wK9P+Cdy11Ya7YxXJW5M1uAxGESNY3GcNg42rjGB1yDwc/IC3kwkbfIzuVXYMElSfRjlhyRuxjGcAHIr6l+AlsLu28UNLK9q0MMMpmjXLkCJuFBPbGCDx2OMgH7HB4ShQlRUbxjGrGpabs0+aL07NybkpN9X0PnquIlVqTk4++6Tgm+i0TimlbXWV5aXe+qT9iniki1rwtbzOZmFldHdkHaWDNzz69M9ffJA4O+xFpepSCJ2LX6j92wZi6SsB09OM47dOM46DT9Y1m5fTbpIre/TT7a5igi8pjdyhdwwQoO4kYIJGQMnawAxxz+KJmW4SbSLiCFZZJGSKAEJMrktkuucgj5ui885PX9KwmKg9IqSUo9EnZ2Sb7bX11uk2le9/isfgZwSldSjKVldq6VktN77Wb30Xe421kS3tir+YXBmmKtnJZVBAxwefXPHYnGDkQuXsWuCTxdjBOc7mJ646ZCnA7gd+Seg0TX9Onkmu9Tt7mPHnJErQLtKsoHOVODjnoeR155vx634blsBZiSOMC6M3mPDt4Y/LHggAlec9AeOhIFdvtY6OM2/d0i00to/FrZWVn1TS0VzyI4ed9UnFNJJaNpKNm+i1bd+tvv4LSr4+aolIJa4ZFbBzsOTjcOM+nTB646HgviHO66pobbflNvIh7ZwxC56AgYB5+o6V7YjaJOYFiazIS4Zi+5UJPUMRjJ/IgHAx0K+LfE632XmkAPuUJKytGdyqN5K5KkhRnAByCc+xz4eaSc6cLvmt32+y2rPp8tfvt6eXJ05ylskkua2uri2tbtdlvqlr2/Xj9kyd4PgjZxhQsbaVqkxDcgl965B6ZIztIOefcGrN60i6ppTQwyMgtjt8s4dHLbt2QcgqcEDPPUdcDO/ZkBt/gbZ+cu3y9BeTI6fvJGBbOOnHoB1xk4Na0qTtqkVxYuZHtdLS4lhYjDDGCQG75HGCc9vlBr83x9RRxWJk1zaafcrvTfvrdtbaqy/RMoTnSpqzTUo+VtEtut01daaJ2R1Crq9x4+tnujJO1tFas5mXkWskKIrZOchduBg8EHI7Cj8SfGCeFLqW/1OzN4trYXFv9klt4rxZbS7keF/LSZHEUkcb7kkTDIxyCQePb9J0O/1fxbotymm3KPqGjacLphCxgt8bdjErnAYEAHufU9fmT9o6GTR77XLIO8tzY2EnmwtEXO37Q3UYLYK7cZwAPQHFeFk2Y4LNsx+pxlTnOjStOnzrmSUoJrlWvl5I24ywNfBZJKvO3LWrw5ZX1d1GS1duiTt2T36fKHhu2ufGut6vZ6L4M1DXYjdRyW2jwRYkjhnkwk0xQDIAYEseAVyAa+q/C2pn4cfDf4iwwfBXU7y6aBtP8b3moW0MumeG2hj86wmS4YGZA2EO0MFkJIYDIr4r8N3Xia3j1XXNH13U9BcpC813pktzbNHBGQTFcSwkCNcjADsFIB9sZqfED4h6ppfjSybxtr8Gj6uY21WzlvruWDWhbAhDciR9sxIReXJ+UhSTg19Xispr42pCjCvQeFhKi5UnVrRneE4ylf2UlBqKScVKKd1Hpv+TxxFCjh9aUlWk3y1HFckk0rK0u11a3V6We3mWma9pN/4ysZdQijiSbUZJVa2TZCiSvvVFVRwFPy4PUjAXAr691S+gmt1jhl+5FAIYyBnyCCQTkDgYOc9O45Ofzlt7vOuW063Dq0N2fLByqj98OVGCoG3pk5wBj0r7gsLhp445zOQ8OmI2GUkSfu15BIx1HQep9MD9OymEYU5QUl7iXvK6b0Vve301Tju0urSPIqyty6Wvzc2yelrXs7NK76aLduxv6cIzdpNPOx8uVlGBwAOQSVOQFOeCea0b57aa2vpnlDMqOEcn5t5b7wCkEJj5ccZyACtchZX0U9vO8Z/eB1yS5XIXduKrwBleq46g8k4ARr5Wtboqy7URuO2S4wQedw46nHPXHNd8aTlWU7y0il5O9rtWSutrp9tLWZMZJRatvs9dfdir673vrppou7L2jTRggPLiOaXayORtKoCMc425ODxxwSQc8OvrWdbiOZbZUtGmkMLAgZznk7T0x3I5JJXrXJrfMLItGo3jzOduDkvkMM5OeMEZyMjg5rbh1eZ7dEaVyfLRQrchSCBkdyPcjIGcYOa5cWnCWjurd76Ozs0/O+2q0WzYUE27PbS1l3S303vrpu+1hb5StyW8oAmFNznOA2eCeg7k88EcgE4FPuigikVLmWGRoXWURTSIsysVIWQKwLKMZAIIzxgnBGfd3LrdTBpGLtHGRyNvzcYA5OMe/rk5xULXD5kLKrt5SgEAYUHb16DjB6egJrljNTScuVpK7vprda2V7td9Wm3p1NZXTa66Wfa2vR91F+Ta32OX1e3vJXCDyxHDECrnPO4ZLDPLFcZOeQDwOMFNInu9PmW4Em1FubJQUBLEi5iBPQEenA6EE8YNbGqX62hjLRGRfs+PLIG7djjDAhsYGe/IBY4xWNFcrO8MscLgia2LIcIgb7TGQCBwD144Ix1ya8/GNJVXHfkm1bZe6tPS/m1r921GD543SbU029ne8bXdttt7bK/Y/sP1axl1f8AZy+CzW5INx8K9Oe5bcS5YW8YAYDjIwM/7ODX47/txWQ0bTfh6Ad+L+2eXKliDOCp2N124xgZIzxxgmv2m8I6n5v7PnwPaa1hM0/wns4VXl0Z3hRVDBclSuMbiMjBHU4P5I/8FErBYdA8JRXMLWd1bappqSAHnM28oQ2MAEY4z3G7GTj8h4TxE/7SdCNoc2JxLk5Nax5tV6ra1nfU/ZM0p8mXU689GqGHUeXa7jDR2XS/a2+5+Id1DFPrniHyEVQt9M/AIkL7s8EYOCep649sGvq79nu7sr+HVvDEk0NpqcajVbAuNnnxQ5ea3J43syk7Rj5Tz2zXzENNePxB4giLAsk7yxMrjJUN833sEna64AyASxPTn1X4YTSWPjDTNQtpA10l5HDG5G0SRTACVDwFYY6jJU5JIyBj9hoJv2Li+ScJwlBx2TjKL1e+za9GvJHw2LiqlCopR0nDReqTdui1Wmjb0fU+t1gl5ISbM7upKo7DO8gAjBJz269T061O1nKv7woQpMLYIYsdvB4OQDkZKntng8qeqaPVW3hbuziWF2lX92AG8wbyFwDgrlgwODyPcVBLJqpjOb+1O2JX+SAHJJ6AgA565574AwOP0CNStFL3Y6pNPmdm2odOXZa6dLKx+XVKEOfVvR2sk0ldxWqWr0v6NmHMjzRtEqTDZ52W2uAAUxxjnrkEknnnJBBqJEQPtZGZla0ySsw4DAHcG5B64y2QeMEkEbTvqBJDalEmFY8xKCW2Kdu1gQRggdATjkBQDT4o73LE6lbuWhjcfulDb942KSBxzyMDvhQeRWEuZTcnTU3Ja8ruul2rpNO2nS99uwoRulztb7p2vaOuistrXtrqjn72NdyxMMKYp14UEgh2Yfe54/2sN+Yrn/DUTk6+xCmJNKKoTg5/euclsY5wQVGMHgHGBW/rl1qy3csS3FsyKjuMwBc4h5/hyRwQSOhIBAOAOV8JX1yw19J/LBOnjPlp8pJnZSOgBBBBJB4GRgc5+Q4skpZbXtGUXHkV3bbnjotdNLNvbez2R9vwbCUM4w15Jq81FpNSd4qy+FO15d106aHrPhU/8Tfwqw4ZfEHhgkdDxd2/JzjJXIG7d6HjpX9zHh593g7wg3Iz4V0DO0gt/wAg+Ik47AY5xnJzgYNfw0eEZlXX/D4CLldc8N4XA4BvLftjgDnqOnX5hiv7jfDEn/FHeDnKkhvCehYIJwD/AGfAc4JPqfTnJ7kV/PWfysldJu6vvunF/wDDPpp8v1nO43lgJLVJVdt3fkSdvReT9dTYzySQCMhm5OdvrxwFxk9QSRzkc0xlONxbBJ4GDyQcA9FwCM7eMAEEdSKcDkZ7EY69OnQenH8QOOmB0DmKnJBGcg89QPQdRkjrySF5PGSfm1KLUbabKW2zUVta2req68rvHTTzEraq6u1178uy+/ZW30tshHQk9Mk4HPPYDGCRyCBjaDwDwAFRjjBOcgAEgLgk59Rgk5PXgZx0cCMjLbueAwH4YJ6MCPUE5xzxl+OSTwcEZH6YyfYdRj1yKOZ3S7eTdkkne0Yruujjqv5WSkm73vo93a+zd7Lpv+V1dlYrnOByAu7AOADwMdhnPfHyjGeRQ5z0Y5IAKnnn3wcEg46jBxwOmHnrksSBgZxyScDJVcnHHBOe5NG3jK5BPJJzj5sc4x9QBWsVF30bUmrPW6Wjvdu172toraaLlYpSkmrK609Elbmvor7pq2/TpeP5iRxgE5B6jPGST7DGAfwGQDRty/QH5SVz82G2nOCOd2eDkbR0JwxzITtzjGc4wQMdCABnnOTnBPQZ7ZDS/qV5U456sPQdeMZznnPIwedIqKScY2VrtOzd7pPZ721u9e/lL13bWq1Wmll0v8l/Tce3K5A5DEZ3fLg8kg8nHPfoApGBioWy24YG3dwAMMQMkfMSCSB0I2nnk5GRKxbAHCrgg4PJxyCCPXIPOewA6YazFdwGSoCkEkEf7oyOqnpkBeeRxip5rr4WrWTe0W/dattd6t3fS1tbDTak/eW+ibeiutE+3Ra2e111rjIYnbnknJHJbGVwcYGMY5znjPPNLhSCcZTjvk45Yg+uR1HbJ6dKf0yASSWIx6kc45yFIxyeM9cggYaQcNhuV+bAPUY9eAPUE84wcjsJ66qN0tLWsr2Vtfy12VzaN9F2003drJ7rbe+mnQiPIODwp5+76+mMHr04z1pinrkZy3HOCQVyOP4upwR3HrT2VgDhAR+JyeinsCB6HPzAnB7MKE5JADDBPbAII4POQOMA9i3XAFDqRWzVtPsvXbR76rrd3s3rZlRhJ63al0V+yjuvnfS3k2xmegz0Oc4BIORjnGc8fd7ng84JXB7EEAlg3y7s85UA9RjbkHkAc/dNNKgDIByCMBvbpkEgbsnHY985oG4DgZDEEhQMc+x7KCwY5yRgAgZBiU09rXu3o7Wsl8tUlZb7prWzuKkotON+7Vrt3jppurLTTo9boeA5Vef4u5OBySWBAZercseAMnI5BkUgkAsSTnAPAIABIJP9PvdCcZqHcCQvIADc9MnqOuBgZ5J6jLfNxl3PAHDAYBPA45U9cYxkcg9FyckGpckna/bq7vWN1e/rto3bXvqouyukr23aVtvevZ3s7aO+mq6tWc5wuOeT7DPAwevYjAySR3pjKoIAJBbnJODwRjBzyCSBgE55zwaiUng7hkEjGOjE7txxjqCDkY+gpNzbgxIOeowMAnkfQDHGP73Wr52rJSlFK2l001db6tvTu9d76XEoKyvqtdVeyula9t+17a3fqnlVBODznHJGMDouABhVyfmBGfTsZlIwQTy3bJ4PUDkZAOA2DgZGCcc1XIIGSclsd8ZJzjC9j1+6PXHGaaDyvODt2jjHPcnHPOeSeemcYGLVTlk7O+i0TspPSy00tbr59NTN02076Sly6ttuy5X5O9lt1VveNZDwpOMDaByT6AZbJ+Y54559xkCfOVYjGc4xk85z82085yDx0OMg9KyYHIAUsRjHDFSMc5PPOSRwDnHbjJqyJCCpBzu6gf3sADoM8ZAxk9OMcZ7KdeM0k9b2WrUot6a767N7vXXQ5ZRlFqLTbvZbO9ur6697X7a2NGNI8bdowMBsng8c4Ht+HGQSKk3JwCF53AjnAAOQQc44HGcDbkDpxWf5zbjtJGHyepPfHIxyDyWHHHYA4AzZ9OSFJ4GeOcYJzx36gd67ISsujS6JtR6Watv7uis+va6eMleVk7W3Tf8Ah1b+a0+/csuAHXamfmOc528g/wAR4A7qeuBk/wB0tYAHO3qW6HHOR2HtwvHb0HLRkfxbeCDjGDjGB9WxkY745zyJCdhDBgGGC3qMdDj1Ht1xxkAUOo9rK+mvzS7WXTvsttCvs9XazctNdld67rTVrp0epTmhjkVg6gnHzAFsDOGJ9T1G4bsZJ44IFVIvKO1VUfN8rKcEA5yf5lcbfw5q8Xxkk4yCTj7wzyMjg4JB3D7pxjng1XDZZSwOPmyo7kHoeQcjI44GMDvXLV5Iy5rJXS1Xl5W7Wej12tZlwnO1k3pqtLN6razsnvbrbXZDwQCCrMeWBOc5GDjJ5ORk8nqDjnmms5U5wSOTuOC2T0GOhxjjcBnuOtMJ2427iRwduAw3HB55GCBgbs5ywBzUJ3ZPPbJAHA2g/ezgk8bR1AGTg1wVcQua0XdWXXTZXWrS9Ob+87PQ6KdOMtbvS1tOto36bXb+66e42WTKykZJHA5ABYggnaMjOSTg5Bx0zjGHcSSEsuQuAMcNznrk4Hyg53ZJxjoa0pH4b5uOM8DIzngE4znPcDHBJ6VVdtwIGHIULzjHYDacYxg4wen3fXHi4t1KusU0n/e/wuztdrR3UXvvpbX08NHks1FWslG9/dty6t20vo76d09dcGS4mjLbeSW4BBK7QTltw3bl6YOd2SCMYwKjXk4Zl27mLHHUEk4BxkjGcjPXGQBzxWzImSFClscFuCCGPBJ5569QcdRxkmPy1H8OME53YGFI5O4nn2GD7kAk141WjN/DKUXyx0Ub2slrqr31s9fiWu7PVp1aaioypxkm1e6Uey1euqsk7u767GcLl1zlDk4TOM44B5GThe2fvZIPUYp4kBYfu2Utzu6g5HGRjPyjr74OOuboXBAC7RgdVVuhPPcY9OnTnFI0RzvzychcLubIPPy9AG4B547461NKjOLTVRyd1ooxvsrt/wCb00u/O5SotLljGOib1vq2r6Ll2t3330Tt8q/th/CdfjP8DNe8FS6/eeHrK6vLK61C8smKzS2VtKstxbEkjCzICobt2GQcfjb+wWY5fj3+09o/h0pp3gD4Y6ZpXh3TLTpNq2sQwjzL26m+/PK+Nyg5HOOgyP34+LlrcH4beJ2WIon2cByRkBSH3sRhsr6fKMZ68qT/ADofsZ+NrfwR4y/ajv47Zb7XPFXxYsvD2lacZFVrmWSKOJJjD/rWjhyGlwDsAyQcHPn5tQrPDZqnea+oYf2NN+6uari6UZzS01jCPTRJ+en0ORV4yWGpRlGK+u1HNpbxjRclFu97N307qNk2j+b/APaPsNVl/af+NF7qcMn2mfxvqhuthLGOBrqXy9/UjfHjr6j3J86WKyuZZNH8+TT7UsGlvZIzi3icFA3ALEgknIOADnBFezftQ3GpaZ+1D8aLeeYC8XxndNqMYDPGkhlYtEpILELyODgrgEAYrx5rKTUL641h7tEtXjMctuo2swjRmOF4yBjI+Xdg5LZzX9a8Oyqf2Bk9NPlk8vwick3aL9hS1i76xTsmls1ddWvwbOJR/tbMp8vOljq7lFptSXtHd362unJbrSx49/Y3gCxfVV1PxJqM09nqapYRWULATYnBaUkgOFUZPTGDxzjP9AnhfSBa/Cf4d6lbwjGo6Np6W8qjM08DWqrE9y2CQzKckHGO/Jr+c7xAEg1LUNQgkIfzzEglTCBCSflXthsbmyCeSCCef6PPgvfTar8JvhOl/MjQDw1ayowAKiSK2RVAzg9cYGDtxzzk1+Z+JXtMG8tqOvVqylWqK82nCN4R2jGKSXW7u9Fbex934e+zxf16EMPTpxjCi0ldt+9bmlaT21tqkr27Ha3enPpulW2nhwJ3s52zuyAjWzSNjjgcEHAB5B6V+Wv/AAUGt2h+DfwgDYBOu6kxcHPy+cxGWJPC9BuySOOucfpj8S/Ek1n4m8H+HtOiSW71Sxu726KozkwQ2UqpFhRiMOykliNm373GWr80P+Cg0rn4SfB6CVESaTX9QklhHzCMGViIy2Dkr0PbBHXPHm8AVXHO8FOau6tRyi9204u1+rTtfRNXT6Hp8bU75RiIxbjGEYJ2bV7ShZWt5vdrW90flPq1tJNY20sTqgLED3Kc9vXAG0BR6k9vdfhTatN8IfE8SeU88mtwxojPhiWDZC5OQWbIU8HdgdevlmsoE0y2ZYExuVjlgCOu7kZ4PP8AXBNfQfwGltU8CanOljcTNb+K9MlVYrV5xOY5hJ5LKA6Ydl2HPBDk+uP3TizEuhlyq296nOnKN9E2uW1tNddd9l3PxHA4V4jEQo9JJJtr3rNQvZNaNR7vW+10ZHxm+DXjb4d/8IOPGehHR28VaBbeINGh8wFrjSZwHgndVYhGKYJDYJ64HFZHgbw7E935gs5rmK4kjgKxxliiyMA5yucfKMDPJBKkjnP6G/tpfGWz+Ksvw5n1T4byeDB4V8HWuh/bLqdZ7vVJPJRVlhtgT9nhO3KRqF2g46k1n/sKeBPht8WPilY/Dn4i+ObX4ceEtTtPtJ8QTRQQXlxdK6rFZ2s90VtoWlcgFpXCgKWJGDXwmH4gxK4bqZpmOHqQqwU3Up0E60rRlywcIp3kpKz3sua13c+6pZHho5rRwNKceRxhJzqLSLjCEm2pNPTXRXu2/R+TeMfB81p4LNkml/ZNPl8porucqvy7f3jrnDEK2M4zjrx90/MXh7S9Ns/FMKan5d5p8MsWzyXMjuPMXDY3E8njG3kDJwNtfo//AMFCvh94B+BnxeHwy8K/FqHx34Rt9OgvY72C7hufsE9wod7GeWwke1mkUALlGYHcSMZAH5yXGp+GND160vNLlupo2MA/cQtKgBdWOA5fLOMn/ZySq9mMFmssyyaOJo0K9q1JyhCrFwlfblcHdRd9b3a89HfoxGW4bBZlTg8TR5YVKb5kk1yvlafJZaJO7T1b10P3H+Bms6vB4i8DT+EvB8yp/ZFzFaz3FpHbicCFR5qvIqlwM7gQcnnjrX3Fp/wg+J3iqy0OfWLzTPC9trfivTgx+aVyoudzvIAdo4O0LgsCOeor8o2/bui8IaD4E0jw98Pre21TStE+x2et6leOi/vFiUStChUA5zwQMKcHbXUat+2t8XdU1zwb/ani46XpNj4i0nUvsekpBPbqzyoz7Y03SzKigHaRyTk5G5T+G5rkHFeZ4iNSjRjhKMqr5lOpeTUZKyjHVJWdrpaNdD9mw+bcNYTCxbxMKteFGKVoyd2qcWrOyS17XenzPlz/AILCeEDpf7YviDw4pS4uLDw1ocb3EMBX7Q0duoEpAX+InJGOfQdvzN0HwDf3aYVQ0zuQA8e3HI3c4/hx3B9z1r7h/bW+Mlx8Vf2oPGPjS4vLrVPNhs7GG9urYQXEtvBbxAGWAqFjw27CqBgAZVSBXz7a+I1SaOUxzxrGMbY4hjB+YseAcnt7ZGMDn+q+FsVjcn4cy/DTmlWhhacZaXafLF6ybadt9fPqz+bs6yqlxBnuNxFOlzU5VnZ6q6fL72jsle9k9tb30MrVPAR8P6K2o6teLEtvAsyCEAqQgBKtwSGJycZGeOOOfH9J8VaboPiL+3hNNJEbaaNIU3Ar5ilOFAGdv3hn1zjOa+kdc8Z2t74b1K1nsGuo2GwvMijKAH5ATj72cEnAyOecVwPwqtfBT+LLoeKdATUtLFlJcJCHjRLcbAWCsT8zOuQSSSDkA9K9iPFFWOCqLF3rOLekVd6SUVt7rvZ27pX1vY1wXhhi8XmFH6rOjhlOCkpVpNRi42b5rfZe2l9/Nnjqa/bz3VxeTTTtHqE8kqgxMWILsVTIU5P3QccjgsOa37DxlpWj3cdxPZ3NyqxcRwxtk5wuCgVc456AYx0wMn2VfDPgDW9T1LULDRp7LSZL7bp0LNkW0YKr8qgkZOMgkEknAPYdj4b+G/hnT/EttrOn6TLq7WkYkktbt1FsQ7HmSOfCMvB9yfQ9farZ/LB5XDEQq+97KNRU46yimotRUdLvWVla+ttenyGF4Lr43iCWBajUj9alRqV0700lJRlPXeOl1te6Wr1PnW++L3hfb/yA9SjXcNzSIyOAeSEfjKtg8YxnHOc1zN78ZfDEwksYdLvwZGCqTkBScgk5+XLH5uc55ByOK+qfjDL4O8S2SW2peH7fwyDcD7KljaWiSO6YWSQvAgJTIbILcEkAqDXydd/DvwO87zHUb1V8z5keJwJgCCr5H3UyOOCvTGOlY5dxDmmY4dVIylBNpK909LJLWza8rJ6Wv324i4OyvJsweEnOlXlDkfPFcnK3y6Wu7a7X8277GpY/EHQ4LiJG0y8GUCxupwjN8oB3Dhs9M5I6MCRgVoXnxa8N2mxJNMuiwkJkUgb15KqQxH3e+3djOSRmr8GneDraG2nnu5nMcBgjhS2BCjaAgBxyQcfMDnaSc5PPK3Hgfwpq8IjS+vY3e7MzkrkiMENgYyRjhscqMAAchq7YZlmymoupOPWy0a+HfW2um9uy6nNLJ8knGKUafwpvRt3tHr5vpa/ru964+I/h68RrUaVerLLbGc5IVvKHzbmHBBPIViCPQ54rlLX45eGEnjhOj6hiINHyQANo2fOehJIzyQTwOcAV0WreE/Cljf217FqF5Opslt9wUgrsQqVcfNx82B8u4Hkd8chF4B8FylpntrwPM7GTDMFYNn5s8eufvHPHB5xssTm1SSbqO9tG9L7a7/K1tdF6+fPLMopNJKDV091a+lu1rq2rve52kPxe0W5aJodKujFcEKjGQAHP+0Wxwc5bGOeOeTHrPxQ0ttPuoP7GuFZWSJ5S5xguMhST8xXkjGTjHGM43tI8EeCbO1tWTTWYQkMyzXDjC4wcDOM9iQuQcKfUauq6D4KbTbiWbTVUHJj2zFlypIUEZznoRnpkja22tIVc3lzKVXoruV0mnbu1bvo7fM2lhsopcko0afMmneze1tUmrN37/K+p5pcfFmCJkii0WUrDaKsTgspZVUAEjALqRuy46Dgj+GqDfGO0u1hgGlGOXgFRNgnJ5JXPTg9lbpnrXYx+GvCt5Gss+mHHlhYyLg4CqPlXIbuOMHJ4IAzjFeLwZ4NeUv8A2QkckY+TfI53H1IAIOcggE4B4IOSBpSwOYtRbxHxScrKUpPXl79ktl/mlhWx2WQmv9np3SWrhruk7O3a9r6N7W6c3pvj+wvdds4P7MfzBeQM5hO8jJGMKAdw4J3YxyB6EfTut+J7bUtA1a1XTCsptgvnFFTEYUZByN6scjJXIBxjpivDGt/DPhueLUrXQvIntpkxMoaQHGBwG9m4ByDzycZr0+bxPp9zppuv7Mmmjkt98jD5Vk8wrw4HCtnggcnnkjC1pDLcRLE886020tXGo0tVa8knrZXd9rW30OSvm+CVHkw9CMry+1HRe93a1+JtdVbdWE+Bfg3W/HXjix0Dw54V1rxBcXVpJt0/S7R7y4bygXeeQRq5jgXbzIeMnqMmuf8Ajh4c1LwT4l8RaX4k0jWPDl9c2hKafqdq9vdIUBVSUkCkR5zhgvzBec4Ar1j4KftGeLP2fvEp8c/C+aPRPEMtm2n/AGi4gW6ZbS4BWRFSRWRRk5BAyxBywJArgvjr8b/Ffxi8RXPjP4j3Vv4i1e4tDazzpDHDJ5eWwjqCpJwxC8cEEA4FfnS4W4lnxnWx7+prJVQ0nOq3XdZtNWp7KGjbbael1q7H6bh+NMrp8GUcrjCax8cQqt/ZR5PZ2Sa5+ZSv1V46dro8b8a+I4dd8H+BZEcy/wBnaLJpl28sbmVjCeArYOIk42njjGARnGzqLXknwHhaSK2aOTWIljI5uFRGPl7gfmaPsGAC55PTNcJqPip10+y0q0061FgkTqiywHzIkcjJZlUk8EEYOepI4xWrp3xAv7jT4fDclnYixt4ysavF8gJ6OSFx8v3g2Ny+oJr7meWVFKj7SvTnKEkrRTUW/deie6s207JbK6tr8RTzelVnUlKLTlD2bbV1K6irXbk9tU3ZXvstDz+61DX00q0tIpd0QilIWPdlcrwuFPLHuN3Xnk81haZeeIbe5t2to72IMR5kjRSMq49NwzknO7HQ8nB+76LrWq3Wjz2iQpatuUTZMPESk5wCFxzztDY5AHI5p9j48ngIklEEqiQM0CW8YbBJ+VSwztPI4z6A5ORUsJXc5aOTVuW7TUdIpa30XSyTte1meZHF4N1YxcrXaTemlnHr1ta2ibu+pyVzP4nkuA+66kV5VTKxSbAwIILKBhgp6txggDgjJ6HxPrWsTxaRBNBc3csIzOjW7su8AY/gAwEx3OM+9ej3XjCJtKtLm0aG2uLh8+TJFCVQ9s4XjHH+10z1rlNR8dmC4lW5QvOyKI3WGMqHKgBgCOg4wFORyMjit/qlenyOTs7LmtLdu1nZ2WyaaatbbWx0Vq+Apws2vetZpaNJxvZ7O8V176vU4p7HVbkW8r6VOqtMGAWGVcqeSVAHOMfTPQg5A+4v2eLjxbfeF9TtNI1CLQ47XUH3SPakStIF2JFuZTuJOVyD1HZlyPkiX4n3vm2kZLbLVSSxihUOiYOCAApB5LHk9hzivX/h145+IF4kNt4Yu7e3t77UUmuFW3D7ArBvMdgpAPOXLE9CBgEhfSwOGqU8QpJqTs0nFvmdox1VrWimmrp6b3aaPNq1MJWoVPZRWibd46XjGKTafXmWy2fqfbfwz0b4jS/FHxMLvxbCuoW2madLLcvaK8Rt8gpEQ6kDGFIJ4JGAcdPrax0X4qLcy31n43tQjwP8qWqKrIoIwdihcMc8bRnrtzwPhLSr/wCJEfjbWYbXxFbW2p3mj2LXV0kKlXgBVVQjHGBgEdFPTkk10V74g+O+lIEtvHtrFCsoEYW3Q5jJwVcbDnO7qemSCOa7sbl31il70Zz95z95qerldtKTaa6uyt011Iy/MKeHqRXNCNlBNKNpbxSd9uXbS6u72e7Pr86L8TJdMMMfjbSmup70OgktSzxHcN2IwGLDg447ggccfHYuNc8L/FX4opNqljf66Le0FzdSReXHNJtUDYGA7cYwBgjGOtVG1z40NKl6PGoWWSVB5sdsu1MEbmARSo9CAoOfTjPiGtWni7VfiPrFlceI2k1K5it728v9gBuWUrhduBu24+XAwFyQNuK8rD5ZWwrpNxjTk5pR5IxjdO1l01Sbunf1Z3180oVZSTcW+WN9fdaXLZrpd3v8tOh9I6lf694t8PWtvqN5ZW6Q6tbxxPFGxQXDkIr3B+6EUkc84B5JAxXtXwk+DPx31iw1S+8O+JrCPTbrWU0i2uTJfLBDeF1y8RtXAWPbt3ZzzyQec/IRXxbp1lc2TeIUFtO6DYLSM4kXjzVyvyvkHDA8lR1GDWr4Z8RfGTwjYz2GifFDWLDTpLpruC2haVIRduAVkK8gMGIHXcMD1xVZjlGKxdOcINynJPWT92N0rXitGpWatbS7M6Gb4WlUhKcIcsVZuzTV+WzfLF6PvpZtp6o+7vE3wZ+JK/ET4m+EfEfjiwk13Rfh3p2t394l3eF5I7MRulqu995jZRhdxzggkYJr4c+GHg3xR8W9a8R/bfHcWhaHpurXFlJc395OtqPKDoI0IkUq7EdMgAkAgd/Nbjxl8bfEPxB8URTfELUp9au9BjttS1qQuLm9sygQWskhwxjUN8qsRgcYAFePPpvxK+H2v6Pov/CQS3Nl4h1BJr1bVZ/JuJJpwwNwhG0SAMfnAzwSGAOE+ZyrhvEU51PaTapzrwpy5VZJpqGqV7pb6bXttc7s04hw3sKapUIOpTpOouZ6y91OKT5b/wAz10637fZfxN+AzaV8Cdf1OT4saTqsnhTV5ZtL8NQPNNPceZIfMniLFi3ynlmyoHQjFfAut+G9Eg8B2Ev/AAl+kS32oamJZ7IOVmtyCC7OGJ+bPBPt7YH3bqmgJc+GfEsBnlW7h0O7Z4mZzEzmEsXXP8QOcd8ZCgV+OWu6Vqlq0kkYnYG6ny7LIQMSsWUBgwU7f4wfQAjHP0mcZVHLZUaSquftqfNzRSjazSd7LfVJ6db9D5zh7OZ5lGvWlhnScKnJZxve6XM/v0evd20Pqjw/qGkaZeNYt4gjMb2qRfIciU5Cg7uAqxcuxJ6Y2jdmv3L0LUvhzd/C74baZ4q/at03xb4X0jwDf6tB4B1BoDp0XiqG1f8AsrQ54EPmOIJG+VnVsOgHAJFfy6Lc6rGyrGZwcYJ8s5KkhSMhSSCcE9MDGCOauW2r+Iraa2aOC42wuTEFa4ABYhSykDBySQSVHH/Aq/F+PPDuHGtXAr+0auDeBqubVOnCo6nOoRcXzxfJZJrmhrdu3S/6dw1xh/q+8S/qdKu60VC85zi4Was42dlZvrG11uz+th/29v2iV/Z6/Z38IaR4w8O6N4E8JeKFtW1+31DT01aw1G0mmFn9nszJ5sdjAWiXMq+WVZjnOa5r4jfGv9o74m/F+fw74p/aK8BW+t3Pg6PxpP4zub+0jhgg0uB5E0G1uYpkzdyR7YxArfNISCvAY/zWLd+I7nRIIlvtTiYzCRbNru5aFZM8uIg21SxOd+AeO/OIdUt/Ek0kT3M+pPdpblRN9ouZHZGGTGH37lUgY2A4JHQYxXwOG+jfktHETxEJ4V1pKs3UlgqVSX76aneUpuTk4J8sU7e67K2p7+I8V60FaOApR1u3GTjdzcXUXNGzTm0m7a373R/Tt+z/APtpfF7wD8H/ABJ8VtB/aJ+Gem+ItJ1288J6b4I1Gwjk1XVreOcJda+YlH76CT76Tspc5H3scfmj+11+0x8YP2qPiLf+KfiR8SLXxh/YdoNL0EtO0en2YMf7yKytWcIkTMdisFL8YLEYFfl3pR1aOAtJb3pchow6S3CsqnlwBkKDxyQ2SACTngYuval4isbiCOwa7t4DGA4MZbdI2SSTjlgOhYkg85POPt+CvCDIuD81xGbQVGtjKtWVSE1hqVF01Ucbxgoxs3o9d7O19z5LiPjnGZ7Rp0JUvYwaSbjJuVRLlS5ud6JaLffXa575r9vf3fg3+xmn083Md6JGRZQHfJBwTnHbIJwOgJHFeZJ4a1izL3T2sMy7WjCb1bOV2gD5iMZzkjjgc5xXmx1DxfHbMHluFeRwd7xEsQQPUEgfTn8TxUll8YfZiGvbshmDfLLJuAGD9xeR82eMc8YyOv7p7aPu8qk+SCVtEldRtdOy9b3tvokfndXDu8WrScnd3j101ko3V03ez66OyVj0ifwJqepJA8lhCZJUdFCSLvJOSqkZwdnqQAFBIHOK2tI8Fa2iwwtCtvHAjQyYdQxdeQ65ycZAAOdpwQp615hoGo+Lra8huJn1GYRu0YBeVU2sAFOHGMn/AL5Ax83RTcmvvHM93dJb3GpL504KLuYqFz93I4zgk8HkYP3a8/E06de2svecUopNtaRd5NNb3bb0utfJ9dBwhTV6UPdXK5JNO+ndLdJ/f0Oz1LwhqEU9vMtrNKse4Nhlw5OSfcL+GR2b7oHS2Xhu9jY3cum4VLRmWMzR5TCMAzjJCgY3YIAxkg9Nvl93ZePTHhZNRlcFSf3shXGQeCvHY8dPY81p22k+M5Ih5kl8oFvIXDXUgLLt5U5b3xgYPJ78158suXNdX0cdFtvHS7Wrbto3o9LM6aOPjH3Y0U3dbxfVp3Ts1e62Xyj39A8NvqllKskyA2jxzoLeKUlt28hWAjYlQDkHOFI6kbcV++Pwq/4K7/G/4ffAf4e/CbwN4W8KeHb3wp4fvPDdt4n+1u9+bK7DoZktmcwJeAv8hP8Ay0OcZ6fzf6Rpvihpo3hjvIlZWRh5kuMZIDKmSSDkcgbfbGTXYafoXicTpI0l35fmBsNJcBQ/DKwXHDBgcYGOx9T8txXwBk/F9DDUc2wsMbDCt1aNKtzOnGqlFrmj7sZJ7crTXQ9vKOKcTldWU8PFwUmozbjtrBppNO7Vm4tJWS1dz+ynwj8Iv2xrz/gn7b+Mfi58WLbw94U1zxxYfEuR9WuZb3UptL+3Jdwzao7SNFBa7cS21rDjd8p28V+Nn7eP7Uvgn43+N9LOk+Nv+EhbwVZWuiXPimYSxrqEMcSxywafa5EUUUbq6FgilioJJJy3yv4t/bp/bE8XfCHQvgd4q+Iuq6h8LPD0Mdra+H4gtqJ7WGIQwQ3tzDtmmhhVVCQzEqNoPFfFOpaVqEsNxcLBEplPnMiy7VyxyxI3ZL7hyNpAwd3Ug/jvh/4A1crz/G51nuLwsnSxWKnlWBwVGFKjhsLX5UoykoRk2oR5YxvyxV2371j7fPPE1VsspYHBYfmnNL6xXlFqo3pZfG03bWUrJu97Kx+jE37ZOv3f7K2r/seafP4dtvhjqeu/8JBcalJBKNZvLoHzfIMzDcU8wE/KeCcdDXxlpPh3wjp2o+HbnVfEN0NIa+RtYSxjYzRWcUg3ICBg/uwwyRgjd94gFvK4NE1O9htoobcOdpIHnfMMZz1YFcjJOcgnqemN260zWrfStkdlMH8oh9r7zIVOGIUZO0AclQpwSMY5r97y3gjKsrWKnhUqP1mq61Tlk25VJJJySlZLRa6WTd9z87x3EuMxDoutR5uSnGMNHa3utKySSts1pdu+rPoPx7qXge+1bT4fB+qX15oY8zyZNTAhaG3J+SFFjCtgISuce/IAr16//aa8S6z8FPDX7Pmp+IraX4eeD9Zute0azNpCbizvbhiXQXLLvaNicjJwB14+avhRbbUjBaFra7MipkYLFUxjB43DaAcHliMHdg4zR8jUStxI9rOvLcqsmGBJzkAAnk5Ix3564r0v9WMqxX1aWJhGvLDzjVpzm1zRnGKs47NSa36Xf3+dPiHHUnUhh1KlGpC04wb1hZO2/V6Nu6duiPoSTxB4atklkQq9xMCyOrq5VyCpdQcY3ZDewx14rxG78PW8usTata6tZgzXolS2nY8bmBIcMcbQM8cjg5Iwc5C2175aZtJgWXIbypSM+xI+XnoT14yOtZ/9mX08zGWyu2YODhUcDnP3eMHlieFyCT05r2Vg8NTpuFNxVklFtpcukWvee70v2u0eFDGYytiW5Rb5UmlKL0futpPbZ+i0s+h9h3HjO2uvgvpvwou00dptP8Vt4mTVrSbYqq6uDauPl5fftHRQe47/ACJfeC4Y7zUJoNT0nF3LJKscko3xEHo3OOo6Dhs5yRgmxBo2rP5/laXqLx4BG1ZsHHGGHqMEc8DjJPJrlbjwx4hnvJ5U0e+8sggLIJB2bA/unlevbHXIwcHgcC0lKcpNuUnaS62u/JWXaz00b0O9V8fVjJez5LOyajHW6itOlrLez7Na3Or8Oyap4LjuJNJ1TR7a4ugA0qvmQPzgxuCNjdsgk8diOO11ifxrrHhXRtVls7m9tLS5ubNNTi8yQTTTHDBHfcGKkcAEnGM4zz5bZeE9dkRUudEuW2v8iCN+g3YJyB3xnuBjrX1pe65Do3wK8MeHRGbfVE1t7hUdSskLZBYKMYY4C4LMwbrwAAOJ4HA0Jyr01araKjLRPdXTd0l7uqs27tLfU2w8cbNckpNQ5VdarmtZ/C33b17Xta6PEvFOn6vH4FhhudJ1UYZbiS4+zMUWNW3NJIwXAUYOQDjBPODmvnuy1i0juHZJMSRsEXejA8HbzgZznnBPGRnPGf0KF5rOq/D+8tpbeR9ukzF5Zvl8xGQ8YlxuOPlUhccck85+AV0zbqAhNiWjadi7bQzFTLtO4tgLznqO2M9j6qkqsYOEkrKMLyTXLa1uuj96XTu9Vt58qE6VZqaSbUbN8zSd/dd9Umm30sr2vY+ptH+Gms2vhnTtdtNTs55L6OO8s7a3u4/NZpOXjkidmkDr2yMEcckGuO1a71xryS2vra5SGzYl3VZdpBAV/mX5DtYdQ3DdOTx69pfwh1vWrTT9U0G5ktoNOtbB3tnnlJQzHAKBGZFyeSWUYGSMkk16Zq3w38T6TcnQyF1WK0toJdSYLE4ZbtEdVVyC2/DYJLZBByBnhQxeBca8Kko89K0U9Ndk2277q/Ntonp26JYHGKpTnGnL2Uop26dEmndp3Sd7ryvppgWWheD9R+AX/CVXUpsvEdlqF3BNerKpYgKqwQCJ23rnav7wg5Gfm4AHwj4+hjttatIra4EsT6aJC8m7ducF3BY8hmYkY4zznAxX1p8U/B9/4e0O6037DqOl6ZFPb3d95dwTbyJIoKnZnYWBJOducnG7HJ+OfElxpkM1nPLcNcowkCtn94qqMRhiRkhepUqM5I25wSYV4d0pRoOM09W7pWs436p8vS+tt2gdOvTrx9rCSd17zltH3Xqm21qum1tX2y/B0rp4u8OsGV2j1e1xuwoxu5Gck9R0JwOQQK+0PGGk/btMluZZUt/MefaSMlSVZQWxuwvfIHOAAK+KPCIgu/G3hYCVY4L3xDYWyOGIePzrhIxIADjgHPPAwW6DI/bfVv2M7vVobDyPHTC3ubaOQxy2wKFbmFWwGHB2hsAnqQOeMVg80wmXylDEVfZSqaxVm72cVe6XWy1uu+h6n9h5lnFKLwNNONKK502lvy6p33sunpbt+R0WivG+orb3Fu6QKkruOWZt6k4G45wcnAU8AAjGc7tzbteW0ywBZNluhcgFSCUAPyjb0XJLchRnJ5GP0/0X/gn3o1td3LX3jS4MkkREiwWgMLEcDaWTJOMkjGc9QMbR1Fv+wR4MEMiP421dDK+zetoisI/QMQPl69Sp9Ce6XEWVU7uWITbjokpve11skrp21S9TnnwRxDOUHHD+6pRbtNdFq1otbvqu9raH5IeC7IReIdHTY0i3F7bxuqhgwBuFAHJAA5wT8o5HJ+8fpLX/AIc/EnRdW8U/EfwpqNxpWnaVbIsM8F5Il3HIICzrCodfkxyxxt3DAHWvu+1/YB+H2lvHqEXjrXJZLeWJwRBbg4Rg7BdrFh0xkfn1z8CftG/EnxD4d8QeIvAHh3Wg/hC1uUsWzGPtFxNFEUkM0oXcDkMW52knrlQa4quMyzN17LkhWjBSkoyjtdw5XZ7q6V7tp9dnbvhleb5FB1JyeHlOcEnGV7KLi3flabfbomt9D5g8Q/FX4l60Fk1TxbrVy0mBJFJdTMrsjdZYxJtdgw5Lg9upIIwLLxLrmo3thFqV5PqW6ZERbiR3MILqxEaOdq7QckjA9CcE1g3V6qKBI7tIGKhlT5SG6Y4wMkgYPPfk5FU7e+mtJ47yFAZY3zmRGwCHBzwpwR1zntjqCDeCwGGwdSEqVKlDaTVOEU7Xjo0ldtW1WjSvdu6QVswxmIpSp1MRWnzaOMpzne1neUeZp3tfV6aep7QPJ/tbVfMhjMaRgMCVwo8s4P8ACPc8LgjB9+Q8PzCHxz4fkhVjHHremnYABvAuV4JOMgg44Ug7ec5IOAfFN0011PGY/MnI84bW3bSuCADk4HKkjPXBHNN03UHk1vTLi3jEdxbTwTRuDjEkUqsCeVHVQCD17A5xXtSxFOUIwjdap6K38uiel0l0utb+Sfh0KVSNaM5JfFHWLs0tF0aTST1jr0u9Ln2v+2BANS+JFjPZWyuT4b0wzooAMZECZDAknrgkrg4x1wc/Kb6Ph2vbiylWPaFXa2VLq3GMEZA7LtG7PsAf2a+GvwC8BfGTwXoPjvxbDfXviLULL7PdyRXJWPZGAiIqK4wEUYOMhQfXr6BJ+xb8Hmgjshomo+XuVt0l2+QxyGYktzyeoG7kDFeN/rHllGU6NRVnKk+Vrk0co2Vm+a9t7taba30Peq8I5rjJfWac6KhWjGdpSu3dRtdWb16r5b3Pwg1mOzFsSkNxIzeSWUgjAIzgKAAehA6cDHeqNlAIJ7W5/s+ZYobmKRuJMMEcblCg8YxgnnqQSQAT++zfsJfB6RiTYho0jVAstzMJAxPBO04bHLcg885xwN2y/YW+DNpAwOnz3e6UbjFdMQuR0Cs3y4xjGDwcA81zy4syvnd41ldJJezi4uzju3J6uzVk3v1Vxw4DzmMEubDpN7ubtbS9tFe7uradNXufinrvirSdV0bUYpIb6OIpAkKIgIeRFUbixXfuXrg7SSozg5rxXUZbWZRKklzsi2ooaEhycE5JAxwOGyOTux1Br+hS3/Yc+DEpntIdEuDuZ5mjmvG4OAR8qv3wDz8vIIyBxIf2Jfg/CiwS+CY3kbzHV5ryQxYVflJw/AfpgZ9Bjg1nW4qy+aVqdd6XT5YxXNuuZOadrvpqtl1N6XBGaRVpVqEX1tJuO8ZO9raJ2sn91rn84enTKLyIRuSQ52hhwxLcFc8jg/MTkjDda9ba4fYu/BKxIqktna2ADtA+8OemScHHHNfunZfsV/B9jGB4N0W3uWmkO+S7k4AboxZsd88Ag85wcCtg/slfA7RreJ9X8P6T9ped1UR3bSAqpGFWIMWJB6YHzHnnvnQ4xweHpyh7CvNSd3dxUVrGz96V+1rXf4I6XwJjq0oyeKw8Era+++yTV1ZarqrNXR+eXwM/bB+KHwl+B3xN/Z+0JtNHgL4n6dqTa+JSyXsEl5CI5Wtyp+c4Vcq+V+mCK+N/DRia+iBICQl0TfkuQgwc7uCxC5PuWHWv2tn/AGcfhEklzPB4ZglDMFgEJkTbGzbQhzkDK4yCB6ZJJx1+i/s3fCS0gL2vgO0WWRlcGX5huKjJ3PkjIHO3PHBxzjz8BxBlmExmLxVLA1acsXWhXrOPInOcIxjeWt2+VRV92rPqeniuEMyxVDDUJ4+hKOFp+ypqd3aLcWoq26cno++9tD8dLfVLddT0tzzILiLYwzsGxxgMSCMnGT0+XA6nNfUEXie9i069VZ7eDOl3AYocsy+USNnUZ5IPHYY6ivvVP2a/hteNvu/BOmwukjvE0croMgZAwmMDAz06k56A10ui/s9+DbeCUnw3prArIkSSyltqkEbSWyHUj5SDj0xxivpaHG2AhzJ4XENz1Xwp6KKbvfu01tpoeFW8OMdVcObH4SLi1d2lZ/DeKXKvlfTzPwk8JXusPrazW15HPax31zK8TEvgiVizMDxyT8oXA68c17BNruqzTaWCqBDcNIGtYPMC5c5EmF5+Un7wOAM8HFfqvF+z94I0rzXi8LeG7cvPJv4jViGzlt3HJJPBOc59eKtx8Ifh/p80UyaHpsBQL9y5h2F2POV34JAxySfQHGQ3NW42w3sVCGExK6PnqR15muXa19Frd+7db6oql4cYiFZVamYUIqLjJcsJ2s3D4bd7Wtfy7n2V/wAEBtYlvPjP8ZdIF3ILu58LWdxHbSRMm2JLtlLlsKQpIJCtgZ69q/p918Ot+yyDaVjAOfUcZxxjjp16knPUfx9/B/4weOv2UvH2h+Ofg1c+H9L1nXPEWieG9cj1H7F9g1Lw7fahDDdWksg5SVY5HaFshi+GyCDX9f8AqV0mpWWh6qNgfUvD+kahN5RDQ/aL20jnlEJb70SuxCMQQRyc1/O3FVCVXMsVmGyxVVNQdm4NQhFrVt6ct7vTz0aX77w9CGGwOCwaalLD0ZR50t0pXu2ut5R6vXomkzFiA3htvtuP8RPOCOuD6HqAD713aBRp6kqowq53DthR368gYPJ5PUnFcPEdjqpYdScEEHGBwTgAj5QQV5OcDHAPcIM6cBnafKGOu3BI7nnPXdjIxjjjn52lFq/blVmnZpSajtfurX1S000Z7dapb2b974l5tNcujV+ml79uqMGVcuCp2jsBjknO7nJA5I9Qcnoc1BICCPl6sTgDPrgnIOcdfbGQegq2QdrDAwcbsgY5+YHOMjIOT069eeTaVCqQc54GQMhRntjgDvxzjOOa39lFK11a3wppv7Mm+l7WTabd0k7WsjBV5Xsuuiv9ys7aPV9Hq+iKKxuxAGcdeRgnIBIwMdOmcYPfjJMyRkAjuSRgnJwBnJyCePpznn2s42kDg/MRngn5hkc9+OgOD0zmkKs/y5IwcZJ5yOeeucjGeCDx90itYxSjzN2VlbTZWW6a+/TTXytlKorpOTSelr92t7Wutlayk9b2ECRqqEI2f94kk887eeR6HPQ8npUqKpXgEkAHJOCD34zj6dMnHTkUqIuT3xg5BOQM4Xr1PPXJz371MRgcEEAng4HJA46HIHHB4ORjLVXItLXTVmnd9ktVdfdte993fPnlsndNrdvfR9tb6WUbvTbZChFwNqhgcBmweByPqSOuM/jnkKIxjaB2b1AC8dQe468YB+vJRWPBJ5U9hwMD+vbP4dal3dWPVuScZJz0HfnPJwOQcZ4zVwUUkm73289m5N6b691rvdpGMq01u/S2l9ulrLv/AFog+U4A+7gdB2JwMkepx/EOnTPEwAILEAkgkexHAGOMseScDGM494gx3fXk4z8pxk5x7HI/rT1LEdcjJLA8k+qj29MnB5xxwuyitLqzT00tf3Vfq+rT66W1TZzTqtpNNtqz3a0bSfd+d+nVd50wRkD7wG1hjI6kg9ccYIxz3GelIQPmBOFYEYyeg5wxXHy5J/Ak470KSMDjABIHQAjGMYx06Y4z2A5wBTtYMwORgHHT0YgHIGevQcnIHGNoxWjtfsrWaV+mtreT3MHUbSbve8d7WdlG6fVO97d7fc7YuAW5OOSfmx6Ls+9n0G0ZHLelHlEgZBIVc8Be2eQOckdeccdiekioG4xyuME4A46lh1GSBznGQDkg0pBGSGzjOR+A4z2A5HGeh7CtotRSSWmnzf421vrrpb1Jl3Tjez66La68rKytrrbyREFHy98ZPoOQeRnBwT6AnPJ6ZpwHUIpI28sc4K5wcnoOCR/Q92ZBIBOdoI5wuCc55x29AORk4x1kBAUkMQueRg9Sey4GcHHIBHqcD5a5o6J32V+29728u23RaGcua6utOltnr5rXVW7XT0BhjHHfLEnt2GOvrgep6YNMC5yQfXbgY556jJGcc8cdBgleXvuznIOOO3QDcCRk8+/65NRMdw9OcngZz2+bHp1IIztx25dkteZ3fXrf3Xe+r36t6XXciz7f1p/mhCAMKGxgD5sfeB+8B3z15xxgEjrTdoT7ozk59R82M5xzjPXPOfbFIQBjADc8Z5xkDBwuSBjjnp64FKMjqcEZz1I+Y4GB3GPTkfnTVrp3vdbdElZNq+2yXdWs9AV15vR/k1t3dvvsBXkEDkhhnPRc46f4EA8ZGDimlCuCBx8pG4YwPXHdcjkkdeMDilyd2QQCRjA5wBg8g4ODg9vbjjDhnHA5ySc459AR7c4PIAAyea2U4pPpa2jeuyV/utronotyHF2js+nva9utltt997MrMpY5Ax1JwQFADcED1Oeec4ye+VAhBC5AJII43Z6Zx2weQCSOccg9ZmZsjI5Hc8ZB5weg/wBk9ARhe+DGpJY4IwN2ecADBHUg5UZyehyw7ZqozvpZq/Tu3y9n5a+ifQXs5S7fO+ui73377ara4BD0zkZI+YjATI7Bs8+wHYk9SE2AZ75xwMj6ccEn3PHtyKTLHLjABwMbQdy5IPBAwSBgj+8eB96jOQcDJJwCw5Ujq2OM5J/DnPapbVr302Wrd1dNqy1V2t3tvbV3HFxS0be78tFe1t3qrbrrprZNhIxkdRkcA8ep7dcMM+/UElpQBsDkg9B83J5+hHJB5IzjoMUocD7wJBOVO0DOAODg5BB4JbHTIHq8DA5baASfl98n0wcMPpyp6nhKzfW+m6b91qKW+ttnZtpK+uiM5J3sltbu7/DpdX807JK1teijZB1IAIJDYPG0Y24BJYhgR8xIJY8Z7QbCcn16DGOOMdSDk9c9xnOc8yBmc/MRgBQBg/L+OAOmMjj6HqEbuR1yc5xn6jJ5HTnJHGPQlxirXvduy1W6Vtem9lbprbpq+WTsnvolrpey2/4HXuyFSwAPIbuGUAcnGenGBwAcA5OQMghWGDjGFPIJO4k8k4U9scDJOcdCMZk2cFlIBYD6kYxyeTnhecdh1xTWiwDsYnJBGc8t1zk9lIx3wegwav2iX5XW60V1o7WVku73tZ65yopPzt1TTb68zvrvZ22Ta20ddkBxkA44JJA+X8MnHUcdOpPTLWG5egxg5xxzkkYyfoQMDOfpiZ4yh7bee2OQuTwD68E9/ctgxtgAFSMHjB+XAGc85Ix7DOODggcnMpe8pyu9b33va2nN5aXWj6O5Kg7PRWb11u1p53aT+a9CI4HODkDAIJPHOAoGBux90H+ID04BuXDA8jPTB5I9ASc85OPXtnJlI3AFu5B55HGNucDkjHXA6rz2CbACGJyRuOe4znaMNjhc89+g57O61fMnd+X91P12Wjvr20Mpw1Stvs9NddvXV37uxAxbAYDccZ5+78x4BHOO/OOehHXKDLDJzjaBg8EHJwDgjv8AN3BHJzk1MYwvR8jHQ5OSfqT1554xkdepVVAByc5OT6nsOP8AZUEnBXPbk4oU7XtL1+9a/j6a91dEKTv7y2W/e6V9LaX0T03TvfREfdfYHcQB1H93vwcED1pQgOCOoJGBuLHHVjnjI9AMcZPrTicknqAcEqMDBA5yT25wcA5+mKeuMtyfl4yo+Ugc5I4J6DP97HY5YpTi/ibT91KydlflSeq1d7Wdvu6XyS7fc1+v6oiIcqcDLMCMknjHzMwXIDA4I6gj24pcZ2fMSMnhsAAAHoegGRkEdehBzilYEsG649ufmJXK5PTawJ7/AI9Q8sckEqFBzjaM43Zxj6YIAPJ54ISk29pW2k9td9m5Oy0206vrZ8j+fROz7LXpbdtat6WejTXksB/ECcknAzgYwMD649ACSakEeeTjPU9SGYHg4wRnHUHA79800EZyPm5yDnGAOhGewJI+XnqTkdHl8E5BZgFPJAzyOAQVAwCOe4HBJNPnUlotVbR7q6Su+WSuk3rs9N7qwnGVru2tnZd207LV3+T2utertnHK7ypBBH3Rkc7cHJ6c9sY6YxR03BRgE47fUhTkDGep4B79TRvIUHGMqQSB82QcgD0zjoBuPPUEZXcMDrlVxgggHdySBnH17nuemKi2otpu6teSVrvS6Vk9767dt1qOOqTS6O2nXTq3fbz/ABaGYUfwrgg4JI6DjOQR68Z6kfm0bS2QBwRyDjkZ4Aye3Q+3O6nlWwBn72OMAD5eCT8ucZwVGMAD7vUg2sdqs3TOVHGAcnGRxyBkZOOxwQQR7721VvK9tX2/HbUleSTWq0tfTSy037K+i1W5E4J5yTkZXjOM+p7nOMAn8OM0oUgDc64BUdBznJwpOwduSCfx4qTGMKOOoIGCSxGQD2BHOSOMnnOaTaSWDY6naMdxnIPQcYyeceg4ourPmTu21d6vRrp2t1vot7Wdnv2fp05vdvpaz8/K+2owg5UZ4LYJOQAOQoIznA6rg87TxwKfgA5wTjJGcZY7flIBAA79xxjPGcxgbgSOSW5weMjn5l5JPOFXGFx0Hy0OSOvbaPlPdgecgnOepPf7wIBzTUm7czttbyd1rq1d7rXr26Pli09Enpq3ZrRN7esbddtdgJU8Nj7uQ4wNrdcn3GOmOpyOvCAA/wAJAByQeTjAxjHU8bgcH2HQUjA4J4wcjhc+nIyM4Oc888joMUsSEnjAGMDbnORjI5Ge+eA2Oh5qd3e7a9fTVa6NpLuvLW5Si1ZaaPfS/Rdu12v80keD/tdNj9k/49KwYD/hB7/cRnP+rOB6+3H1zgcfwYftQMsXiDwU7TA/8SIP8/8ABiMbcd+RwOMZBx0wP7zv2w8r+yd8eHB6+Cb1fl4BPl4xxk56gg9M8ccV/A/+1Zi68UeEoY5ArJ4Yt8qQR87JxnJwBzu3feZvqBX1fCKX1zRdZaNbe4tnrdu19/8AM+b4pUvqqTTVuW+103NWtfXq21b1t09p/wCCaHxOufhx+1b4X8QwQxXTz6VrdksZO1s3tuIVKrwWbJ4UDJzwOGI/rb+IHjq38BfC/wACeM9asbnUZotYt9UutNsYJbi9uZL6Q7YbaBQzmUxlVBxtBIGTtxX8X37F9j4uuf2jPh4/hSxs7zU9N1CC/wBlwx8i4trOQNcow4DF05288gDHUn+4ebRlTwR4YutaSK+119R0RLhDGJLa0eVo7jybWIqyKYVk2fKoYYOMZwPwf6QNCFLizJsRZOc8F70Iy5ZzUajSu7e7rJpt7LRJ9P1/wXrc3D2PottKOOtGWkoxU6UXP3W3reN2tNt+h8hePvib+0L8fdE0q98D+A5/hD4QutTgtrXxD4j8ubX1a3vCzS2umyARLHKihgtxH8pI46Y/mE/bq+IXjXxf+0T4+tviRqDeJ/EfhKe18Nx+IL6G3hnurG1jUxjyrdREBwMYUHBXuOf7a/iPp0Vh4Z8OXNxE/kN4jhAhiUqqLIflj2qFVAzHJJwFB3H1P8PP7cKJd/tXfGsqqIk3ixoowGBVV8oqeQSGAzgkHkjHI5rv8CJUcVnuYOWDw9GVDBNQnGk3VvVrQjLmrybqT5opWTcYu1+U4/GVToZJl7hiKtVVcZ+8hzP2fLCmnFKkrRTTu72T/X5wtEi1awmvRp1jHl1hRpVBZSg+VlGADtABz07jGMVY0a3ZfGPha3knCn/hJdAjUwHYpD38AIyvOBwMgE5ORzmqFmLm3tDZ2gMhFwUZVj3L8643KvJZj24HI4Oc10vhy3uh4r8KRS2Uj3UXiXQZJFkTy5NyahCyAhsNkjGB16clvu/0rmdTkwmPjFx5nhat03Z3dJrbTRPrtst07fz9gIzniMJJqfL9Yo3bV4J+0heKtonpe+1kurP75PAun29n4d+HDQW8EMi+FNDJnSJVlkzokIZmkULliTkljwSSD1FdP8PZ7S38HW631/a2Wdc112e7uYoD891MB8z4OOh57D5T1z4L4en8eeLIvBWmSa1H4W0ew8NeHoEt9HtUub+dH0KJ2+0STArHkYA2MCOMEYAr0X4JfDjw9N4Zu7rWIL3Wr2HxFrCK+p3c0sbIs0pTNtu8lcgZIUYBIOOx/wAwI04PMsTKpWXNPGzk0uZOK9tezb5btJLRN3R/oMrxyzC2jy8uGw9m9b/uoJ9Vtfq7a7W1P5Cf2sr7SD8UfjdaJqFrIB4w8RTQ+VIksc8hvZlG11OJF2kHdkYIxwRX5dNp3mI10VjVRJsBf+IA43YHAXGMgD04OSK/Qf8Aa/j06y+NHxVhtraKGNviH4ltvLhCxoEGoT5jAPACk8ZHQ4718PajLDAZLZIUwrLIseByFXdzgcg8HOPQ9sV/o9wnUdLh/KX7Ryi8DhdXZf8ALmFm1Z68sfXVJO7P4i4mtVzvMIuMW44yvFtXd5Op17Kyd7b2SWup6B8N/ht4U8a6J4kvvE/xM8O/D6TRfKewt9St5ri71UDORarACNucjnn6/wAPkGp21pFrV5Y6VdJqqWd15UGpxR+VDdRB1XzoomCuoYdF7ZyR1rtvFngO+sfD/hTxDBaRai3ii3urmC2s38ya1itZNkrSoh3KqhSSeCuRg4wDwWlhotSaSGJUaLYZiXBEQEiggk8BgeAq+mDjg10YWpKvXxGJjmMsRhqlVU6eGdOlGFCUGozUZRj7Sb5k3Lnk2m1a2l88VS9lQw2FngI0K1OMKk8TCdSU60JqMozknKUIq0k1yror7n1f4JNuukRG6ARbSOVQJXG0yEAZRDy3PbHAJ5GAap+ItT04aDdpayb2ZkV0C7VVhuAKkL0/iz1GOoxXmv8AbU8TJCJzh5wHjUAgBwcHPPJB9cEkgA54va1epFpt4FGV8uMLlWCksOWycZJJ+9kEAYHG4V9RCjF0tb29nZptJKUuVqyW9rderWl7nzU8Q1V5VTTtPlUnZ9U+r6ray636n9Qf/BB/xrpFr8DvFGn3l6kEll4qv4W2Kxe5a7kBjUvgkiMLggEnP5D9jP2nvFenaB8Afizq9zcyx6da+BNYa6mMbEoZIWjAJIOAxZQMHjsMnFfhV/wQj0qOT4Ra9PNtD3Hjq4YqAGysTZxk8rnPygdM9s4r9kP+Cg1wlv8AsYftAyI6RZ8CXQDKMfeeIEK30HJyMZ5LcV/nF4h4KL8XcRh4vkp185wvMrWbdWpQ5vk7ta9F6H9gZNiFDgrKMVyOdRZVJ2bSScE0vde+i1u29V2P4M/EXjuKDxHcyaOSyl7tjJPboo3SXEz5BGWOcLtU7sAnpwT8/a38QfEutz3Mf2u5gZp5PMMTCFPLBC7V2kEY6KD8w9D1rtdQjjtre5u5ZVMqSTyOofcRHgBMDkgZxzx3PbNeASamzzyMgwmSVPTLFztORjJHOeo568DP+g+V5dhaeFw0HHm5KNNRck5XajC7XZvbb5Jan8k5pmGJq4ivPn5XKvOVo2sk3qnZdNvX0sfRfwXsL17XW765ll3tIUPmO7uzAnLBmLHn0B5JPfGfKv2o5jLd+E4I1Z2GmzKxySzMdwwufugg9SOAOOCQfbfg5f7NB1K5kO+MTyZQjneARyTnjP3ceo5LYB8T+PMovLnw3fyKVZLW8WMHHG08Dn5TuJBIwCDxkBSK8rMIxp42CikrSdrp7KMXe91f8euq6+7lTlPBz6yaTvonZyjza6L79NfPT41e3e2OJE3ztkouQSg9wBkYHJPr3Y8H75/YzvvhR8PLbxB8Vvi3dafELJPJ0O1u1S4vpp0+aQWVs5OGkGFWQrhCc7sV8I3kkrvI4UNLI7KCcYVQT0wTz7fe4xknOca9ttWngV5ZJJIYeY4i5EQ6crHkrz1LBc9PUg82PwSzPCzwlSq6VOpyqcqckpyp+7eKaVtUtXq0pW0NsuzOWVY6OLhSjWdFNwjUV4RlolJq7u+qT2Wzsj9Av2i/+CgPjn4l/afDHw2Evw+8Bgm3QWTmPWdUtyCvmXFwNrxJIP4Y2G0HowJx8Bfvb64a6HnXd7cMzyTSyGaeeV+WeWRyzMSTkgnPvn5q42W7cXBLAl1BXv1GcAA9s55CjHAwMnG94Uur6bVY4omCb9w5AGxQPmwcZUjk5z25IxW2WZFg8swyoYOlTpp210dSctLynLeTe929X2sc+aZ5js0xEsTjsROta/JFzcYQjZPljHWKiktEoq/fc3rnQJTazm6k/wBJdSY7OBQ0meoDnovbJJypJzgbSMu18G6kzwy36G2s2uIw8aN87qxAYFgoAwpIweRg9AM17OLWC0lgiijBkuAN8rklmyVLtuPPJGQM84Bz1NdhNpEJt4yYwQdh+fkE7hkBVA6jgkYGO+Qa9F4acI2ckpWbk72tzctn+CWlunW9/CliHKTfs3JbLbVvbd+as0t9tjsNN0rwRpXhd4tO0SyW5a2TE9xGJZpWZAskocglSD05xnGSAK+pdFuvC1r8L9Eto5reK6UIwhVR5iE4EgOBkqTnscDPQZrx/wAOfCvxT4p0mGPSNHeO1aKMSajeq1vaoAQ4YPIFUKo5zkc44avck8NfBf4Y6NDd/FH4h2ep6pb26qvhzw+6XUhYBSInlj3KjHOw59TgEg48utCnFq9WU5JqVormvZL9Euln1vc0+qYrFUppctKNrqU2o2Wivrq9N23fq11MzwzdQXG1La2ub2c3J8uGzgeVmUHgLtGcbhgZwM4yBzj3zQPAl2ftms+LZrHwZohiSWS8167htZvIBBJigkZZWbABwFJJz3AI+Z739qyZlGhfBDwHpnhu1ZWjTxDqkS3OpGPnEoDKyqe4JwQ/HU5rg9K8H+LviprVxdfETxtq2sO7pi0a6mNovmEfIsAdYkUBsABRgdwM4VPC4nF05xjH2UekpWc7JLonZPp7130ZxTjk+UVY1sVUeJqXS5Y/A2rPpq0vO2qejdj6T8R/Gz9mH4cXN4mj2Gr/ABZ13cdrwJ5Gji4BOUbzNrSR7jwRncvOQTz5/wCJf2wfjTrek3Ufgrw9pPw30WO1MaHTbVVvngYAIDO6+YpAJUuu30zziuM1j4ZaB4R1m3tdPslkjSIZ3YJLjgswOR6Hk5AGcgc1m+LVS2sBFGpUTxogRVGBmVQPu5BwduDkcHkHjHmYzB4ehRqOqpVpwg/equ6uoptpL3Vs9ovS+x9PlWb1cRWw8MNCnhqVWcLeziublk4v4t09eiW+tj+pH9g7/gkX8DvHPwu+Fvx2/aN8TeL/AIx+JfiF4fsvE3/CI6pqFxbeGNO+1Is0UUgifzrhwDlhJlCei4OR+83w8+DHwq+D+lQ6V8L/AIeeD/AthaxbIV0PRLKC/wBiAKomv0hFzM20D5ncscHJOdo8k/ZBhez/AGTv2boljEZh+FnhaRm4DYeyhVhkcZx1HXjbgdK+oHuI4ySWGGBJ+Yk7ep4OevoM5z0r/MLj7iziHG8SZthamZ4j6hHGVqVPC0pOlSjShUcYx5IvllooqN7+e5/Z2S5VhKeW4KqsOnWlQpSqVJ+83PlhzNyd3d3u/PRWZ5T8cE834LfF8Ts0qzfD3xCs+5yxKyWUquMcrkrkEYxnOemB/n/X/gvwl4a8UTXNjpaBI7e4u5p7lQ4SSS6lYlVI6AZKgjb3GSDn+/H45X3k/A741TgcQfD/AF4gc8AW0g7Z4I4HILHiv4IPEN9NqNzrsuOI9NYYkxgfvpT8rYGSFJOABnqScV/R/wBFqVVYLPVzycZ4qnJuUm1eMXtdpu9316bXPxrxxhajlt4rmjOSSs9IunT91rtuku91r0841vxnPLJeWmlWsbQIQEfYo3LxlVRRjC4OBjkDt252K+8SXzlZWkihSGWVSAUG1Y23KuNp6cYAwc8+or26F7pFRWLGfE2zgEZJwWxwD274yc5GR3l9AqWVxIiiF4NNuhtzk5MbDkE9wTyD/dIBwcf2DTcYyjGWusb+l43e+70eq0W7vZH84wouSTWl2k33ScdPXq/l1Pnew1hrGK2kZCwnmvQ4GGLvvIPIGBjBJGAcdlANdLpF59s0+6cKwkluGk65UgdSyg8EZHBAA4HU15ZaTyL9jQjK+ZdMq5K4LO+Gz/tcDB45J6AGu68PziPSnbaAxdwAD8zZb5QSSM53DbyO4xjp66hGSva0Um3d6rSK0+e1lor+pwpclZpO8ru3934UnHX5x223tqepeDVWK/eOZArSBY1HVcPyxCkEZ5OCOcDrnGbHxP0HTE0W+uNu54bVnBPIVyck4I6tyM/w/wAI4FcjourSQXttIzMZN4UjHByQOB6jAz0xjcfWuq+IV/FdeHNRVH3yPZqHOeAQQCQFOcNkcgD14PJ4KilDEQaT5VKNlZLRuOr7u/SyWnSx6dJNxfNfmTi1e9vs2WvT9FZanknhdB5tqwmZS1tESCFJAB6DjOQDgFevU88H3m1sUuraWfz3KNCyhAwGSE6jHYepIHIPT7vh3haNftMYkOXaxg2DoFyAAvrkHqMYOTkkE49zhnSwspQwRw1vwmCBkjkAgAhiM8fp8y57qjcnHW700bd2rpa+TW/lbTvxuP7yV9Y9Lq1mrbX3Sv52tZ7K+N4b01YvEVgbctIv2qHzDIVIXMo4xgZJP1+XnODX2HC8reO2SNQ8jR6HAFOMMWuk25IJ25bGR0GT94HNfHGh6sI9fsZWiC4vIty9FaNXU4A56ZY9uQecdPtv4PWp8a/GXS7CJQxuLzS28tvusllLHLIMfeOxVO7LHuDnivleKXHDZdicTWT9nRw1ScrvZRgnKzaWvd7q2u59Fw5RnWxuHoU2uepXpxWnWUopO977teqTfSx+tvhfxjrupeILiC3t5DJDZaRZtFGhZ5BFZxooyQyc4IBHGeAepPuXiTwJ8RPGXwv8c6ZbaVeSz6lol5HAHUhXcxSCOGIsOXOQN2TzlcEEY808PanovhzxJrGoR28olke3RWjUsI3tlWNtinBKsEIJIJxweDivt/wJ+0dobpoug6toGoRW87bHvI4SU2LwZyVwNh+9zweSRkCv88+Oc0xuAxlHN8lwMcT7LELERd+Zu01KCsr3vbe9076dH/X3D2BpYmjUwWNlKM3SdNxaaVnFRVrpXTumlfd7d/5StQ8G674T8S32heLdFudF1PTmmW4s7pPLnDLI3luyOA21wu5GAIIw6kgZrA+Lk0H/AAraSQwkzS61YQ8ADcAUC8gYXnuPXsRz+u37bnwn1P4u/tH+IfEXgnQ7uTRG0S1X+1SqW1vcXMcaqyupCgsu3aWOd453dq+N/iF+zUtr4N0O38ceOvDXha0udetbjUYLq+tobq3tbYAvJHvf94TtCEcjjDYxX9d8J8a0c1yLJcdjEqGLxGEw9Wrho3nUpzcIc8eTWSSacUn5dd/w/O+C8ZQzXHUMNSlPCRrTUatS0YyimlG7bS28trtPY/PDxPourajPoUVpaSSBdPjwATkbVG88Z5Ug5zzgZx82D1+keGtShtY0NtPPMsUYWGKJ5AwPLZVASWADZOOMDHpX1jrnxA/Yo+GTR2lz4u1X4gazp52fZNJgklBOB+7jliDIUdgRxgY5IyMVzL/tvaZEhtPg1+zqJwgaG31jxRAqKrDcFkAKAEZKvtIB69+R9LiM5xOJVsPl+JnFL3alSCpU9ba3nZ2S20u9zjpcPYHCSj9czLDQnpeFJ+1l8Mbp8vbTrZWbaRq/Cr4T+PNenF7pPgnWbwNbMkbG0mjhG3OGkaRAuGIB6HgkE8DP9aXwT/aV+B3wF/Z2+Flv8WviH4a8MatFoVjaX2myahbz6hZ3NqgVrea0iczIyhWGNpBb6Cv5Dbj4vftj/EP/AEWXxzpPw00y7t/l03QUFvKqNhQiSWyqybVYAgEE7Tuzggf0V/sg/wDBHf4C+JPA/wAM/iR8ePF3i34w+JNX0ux8SXlnqOo3EekSXV2Y5xBmOYu8cTnayuNpAJ7HH8weO9DLqmAyypxJilhYyxjeHo4SHt61SahHTnlKnTh7r1leW/XU/W+CnllLD4mND6zWowjGVaatH2klbljGKUmu+qSXXuuH1b/gsP8AAH4S+LPi5B4O0jW/iHrHifxPHf6OmkwSLHcwQxvHDII2jMpV2YcBc5Py5OMeSah/wUr/AG//AI1zfZPgP+zJrunW+osUsr/UtF1G0EavwJRc3sK2uCxUhi23soBOR+wXwD/ZM/Zm8HeKfixe+H/g54OFzaeLIrS1l1PS7XU5dPjt0ZI0tHu4pXhjXaGKrjJUHJJzX2iqafpka21jBaabaRIEjt9PtYbWBFGQqrHGqhcA4Xb6HHAAr+c8wz7gvLK0nQyCWY4iMKUPaZjiXKN1CGvsaXutO1tZPZ9LI/SYYxzlajhYfDD35L9406dPkjd82qWjst79z+auz/Zg/wCCvv7QAkl+IvxHsvhVpN6N729xfLG0Ecg6qNIkWUFQxG1vmJ9sV6X4S/4IinUohc/HH9pDxj4tupZBLd2mikyW0zEgvH514WnVCcqTvOOGXABNfvu9xbguGLzFslmJLHk89SCT14OQFGCRTUbeBGuE6YwecccEnuR3989RXi1fE3NIJ0cqweW5XSSty4TCUoygm0re0kpSdratu6avfoatYiceapOWrTUW3bW1mldxdrNJbenX8yE/4Jb/ALHnw4+FXjo2nw9l8Q6rp/gnXLmz1vXr+6nuobqKwndbmGIuYopVZVKlQMY4xxu/g81TRWTxb4nsWuL2azstU1iKCJ7qUrFGt9cJEq5bChY0C4BAAXnGK/04vH8SH4Z/EaPazOfAfiLcS2du3TbhgCOgGPTJJOMnGK/zS9cgRfGPjFEGHfW9ZK45AX+0roEk+/UcDHI7qR/Zn0Qs6x+d4vOpZliquLnGphZXqy5kr8+iW0btJaWWlntr+D+MlSpSyh1k5RlTnJLXryRaitVZOy0S8+rt58nh+2mtZXkjDAltwkdpG+UNgqWP3cdunHIOefHJtFto7qctEkgM0i4YAMAGPJ3cDCg4PIGCPunn6fFqkMMcWwESbSGXnLNnd35xwB2AJ6FSK8V17THiu7kxxuCZmOQAfun7/JBwScZ+i9q/0YweEpzfL7ODUYpt8qve61at3TVvhtbQ/irH5hiY0XL29S7dm3J+67rV/prrrZ668mdJsijMtvCAWwCQM9s4CnODyMYBY9eeaQW0JWQtCAo24wAv3egwB8wY98cnqfTXNjOQF2sBtViQo4OPowwDyQcAckZANbUfhye4RNiSsXVCAQFBychSSF44HHJ+bPGAT6ccPShpypXaWiTa0jdWtf1tdpvS1kj554zE1n/HnutVN/Fda6Pvp1be+6Of06xhfrtQbyVCjGOCfmJ9eMHnsOQOPIdPtlm8VapCI85uZhkEnGO6kEnLAZI4PORjiveBZfZJCk4aLygX2EE5OdoXPRmJ547FRgE8eF6JO7+LtTVEJH2iYhsZKD7ueQccDjoTgEHByOHEQjLEUI+zTUpNWS1dox0utk3bZ3X32+my6vOGCrTlzuUYro3quVbrXyT001vZEs9nNbXzxOhCjcVG4k7SxK4OdpznJAz1wCRkie3tizligVQeVON2T8pBxj1PfGQT0zjv9Q0+Fyk5Kh9iBXKjklgcHpgk8EMT1PcVz0lq8UblSpLKzEbcbcPwQe+OB8pIGMHnk9FPCRjNe4k20k3qul1bXrpdJrRfLnq42VVcqVS9tLX8mr2bWmnTXqui5yWIIWjjQZySenTJJOW5zkngEAfXJrV0O0El4MRhisTMSDkBj8wcnHTsw/izjGQRVZrWZ2BRDIWHzNtbnp0woPqdo6Z565HV+G9O1GOeSRLOby2VePs7sWHbaNjZJbjngA5zkYPdClGLV7KzSWjWita90t9+3S11Y4ZyqylO6nJOOitp0+931T97T1MLaFuwjMFKM+5d/wAvDEgHDZDZHTHddvNUdWdWtQQxyCfkA29yAc8jpjAIOedvQV2lx4W1qW7mkXT71mZmYqlnLuw+du07P7uDgnGSPvDNVp/A+vXCBY9G1SXChWUWkqnJwe4xkg/7wJ6ccdE403GynG7aabkl1j0eq033b8nvyqlUVaE1h5z1TbaeidrW1VtbbLW/TZ8FFcMu3pgqC2QNwyCB2IySSC3ByODivSNBuoks4hJwjENgEbi4bCg45U8jAHZupG4UqfDTxg6fuvC+psirHndAyZBPHVQT25Gcc4x36Gw+FHxBkSEQ+Fr/AG+ZuXcwj2+nykKT2zjHb+9UShCDtKrFJrTldt3Dfsns9NvS6csNiKtVSp4Wad09YW1vF6NrW/yu2l0ueSeYv/Cc3krqApdSvJyBtyCc8DC45z3PB4Fe1WwD6cWZTh41ZWABwBkBSdvBPODtJIyOnA5DSfhN4+vPE2p3C6OEFjOi3TT3UKCNih+U7mAIIBz1wQQcCveLb4W621vbwz6lolk5hz5b3qON+AcHyycENkEdOSeTVZJUw+H9uqtVRU6spLmut5RWnT7+xpxBl+Z11hI0cPOfLRinaN7K0Vr/ACre2l9dtTzY2a+SAxIV0BQbQQM85PHQjrgZxz255ueEi4uCoG1eC2DyTgY4AyTjgdj3wdx94i+HxYrHe+KdLtyqlGkiEki/LxtYqCo6EAtjOCR0JLE+G3hvzpftXi8khgf3MDBSw/hBYLnJBO7BySPSvZxOYYOUYpVbtXSWnTl1tf8AHR9mtL/PUOH8053J4dxTtuleOlmtbLZt7J9tLW+XvEhe8ktLSNCFVWOGzgMOCGU8hvXK47nHalHpwSOMSISVXGccluASeOQO/c9ya+nbn4W+BXlNw3iS+mcEhowIosk85DPwenGOACM4IID7bwd8LoW23t5qDGHaN8lzbhG29SxD8DgHpn6HBrxZYvD80pSlzXcbXtZK8e7TWmr17W8/oFk2O+r06cIqEoR969170mnpy/gk101PntNHS5iKlEQxbXXcQrYYjcRxgHJ4HLeuOtYGp2BimZQ64TLF+PmI6g4Kjd7EHqMdMV9hwWfwTsHeR9PnvlRAvN+QS+MfdVxx9FHUAAAYan/a/wAHI3eW38Ix3BjzvRzeTM+B6hWXpyMNjnA6GpxONwNSnyc0I1bbLS7SjqvP1Wl3rZu14Th3Hxkqk5c0XKLlH3tNY23s7dVbpbXVs5L4cGCXwQ4nu1juoXnMUYI3MpACEDGdpIOFA9McgY+Vvi3ZXM/iOxiVJbiU25K7YnwzMzEDoSTgdx24x0r7ri+Jmh20SL4f+HkcMEaERqmk3Uq5BJXIaFt5z36cn2rzvxT431DXPE+i3H/CATRTwxbFtotGRHnQE7ZEVog5UfMd+M+pP3q+TxcKEk7VI+9KKTUbvdPVXXXprs7ux9zl+ArUlBybtGKS5VZ2sr9brW+vRWdrbfPnhTwPrc82kzpp1/Ki7GZY7aRdpIA4+Vckcdeo5AOQa9yHhbxRNO8UehXzgrtiZoZN5UrhtpIOSFBb8hz96vUtN1jx/ceX9h8H67bw4QBI7KGIrgnoSihe/OAcZBOea9Csrf4nXaQyQ+Eda8wMS7zTwxYUDluCNp4J427vvdcAOFShCy5r8uqtFPmty3vpe9rt7LdmeIyirVm5Xn7291/h2u76PROy8j4t1T4beOJ7yRk0G7CvLsLsQi7RgDcScD817YGd2YW+C/jpwhOmxQKzjBku41ZeSw3HdwM5zyeB6g4+5V8J/E/VnuEGhW1qpBKNd35xuzj5gjHJBAz78dMVQ/4V98UBLMJ7nQ7UjHB86cEIOilgSSc4LY+bHOTmuv61RlFWb6Xto7tRvul82npZvcyhkE4xUZRacurd9Lxd1dN6X1V/WzR8aN8EPGMOGkl0qFJCibnuUfAPJJIcgDHU8nsemKt/8KG1raZZ9f0WEo4yhcuQcDAChvbjac9eRX2pp/wt8UagYY9S8T2Fs5OGMGmhvLVs8fMgwRu4Jxg+ldRH8ALeSONrzxpezIGJZ7ext13ADIcZUbgmOGBOGDDtXPLMIU3b2d+mvrHt620vZnRDhvnS97dpq2jT923RPdLq/SzV/hvSfgXLcO63fie0QBWISG2nLFh3zgg8k4HOfQ5rcHwF0ZWi8/xBcTeW2QYxFCm4cgfviMDt3Ptjkfalh8BvBhMklxr3iK+Y8eZ5iW0bMpGR8jKP4QM578AcVvQfBb4WIxjudK1fU3JA3S6tPs3FQASEmIAGRz2PQ0pZnFdI2aW60V7O3V3du60aO+nwumk6iUn1u5R/kWqvfa2i62SbVz4c1D4T+DbO0vXv9QnkCWrNt+22qMxCthgqMD24UA9DxkA1xHhrwv8ACqwjeU2RvJ1cs2+9VQ4D8EbG25/vADvggYyf0Y1r4O/DeHTL4af4ODXMdjO32mW7ubk2yeUWBKs5DdAeMnBx3xWF4I+GPg0eHdLn/wCEQ090eR1aUWsUs0riQ5d1dS+CduAR3IrBY+U5JqMHyLS97ttLXWOi0W19NN0jpjktKhCUIxjFSS5rR0fuu19NbvW2raSaPmPTdZ8Axrsi8I2SLAhUyyztMzrjIJRM5bpxxg4BBOCHSeLtNt5lOn+GLKaHdsR4tGu7gjIGekXbjOAcE4yfu19wr4N0qJ3is/CumwQiRVGNLtzOcqceWfLIHTuVPIHOSK0YdB+zxJDDowhzMQAllbJk54J+ThuACfQEYPOEsdVk251IXv2V7JR/vXt01TunfcmGR4d3lGkrqzvGEVZtrqtvw2XY+H7Lxdq7SuNM8Pa0jNHkJaeH8RZIOVVpIC6Dd3BPOcjdgVehX4kaq0TweH/FJG4jIs7e1OOwxJGDgZGeenJI4x9wWumXtonmvZBGbem7zYYVByAvA2qFA6luc4IHWpjJqEFurlrWNyxBEuqRKoUcbeX42lskDB9eemE8bNTbVZJL11+HsttLXV7u/TbrhlFGKS9nK+mtrWenVp9U7vs99m/j6PwB8YdZRhJoHiDYrFlDX9nbgnCgEhWHXd1yOSQeNoOxafAL4uXVuTPZW9qofP8ApeuTFiMfxiKYgZHUcDOAB2r6SGsXSR7LjVdEt3MhZnl12IYjByUOJvukYHAwvGRwDVGbxfo0IMN/4u8NWzvKdxOtpINhxknZMQcDnJz24xiuV4yUr3rK2urcnZ6Oyd0umj/4LO2ngKCavSu3a146XvFN300Tat63vrd+Vxfs6eOsLLc6z4ZskCKuJ72+nxx2Lsy8HGV+6QDj0OxbfsyanJciXUPH3h+2gUCQrBpyyYOOQDIhAJ7FiASQc8Gux1D4jfDvTYmW8+JvhSOMRh1Zbl7iQzKPuhctkjPI+7g9Olc1J+0b8EbaMfbviTbSgArOLW0Z1YqPlxhSeoIzn0z74SxUmrOqpLbrF7RSs1JPWz3ad1ex1QwlCNvcau4tfZs/dvfVJeetmm3qeUfGb4G2Og+CrnVLXx8+ozC8t4EsU0yOFGMkqoWDoi7mTJIJB9ME4z0/h/8AZf0x9D015vGWsSmezgn8tWit1DTRrJ5ag4JC529Tg9MnNeafGD9pz4Mah4WudL0jXtR1i8N5aS20ZgeGBBFMryMDhcsBnk5HIPzZ56Uftq/DNLCxtotO1O+NnZWyxOTFBiSONFZDwvyhgQDzjBPSnSxNPnk6kldKKWrlZXjfW972eitdX9RzoQ0Uf/AXK+iUWutnezey0b6tHp7/ALL3ha3RBJLfXAONzXN86RsSoy+InOCxwRtwvPTGK0IP2cvAWnbXbRbO8UDe5nuJpmZ2H3iuTkZPzc/jk4Pg91+3h4fEcn2Pw4wjDriO7niZgV4B4Kkr908DOBz78lqH7e1+knnWOkaJApUJiV974zkthcgkA8Z6gCrliaDi4wm5vqrXTSsr2adn9yVlroRClS51dRSVuZtSve0dFu7dW231sfaNr8EvA9umF8JaRNJt82NmtGkDEgYQsyEDA5OcYOTjrXRWXwe0yyw6eENGRFOQIbO2J2yE4yGXkqNvQ9+nr+e9x/wUF8aorRWraLFGyuVXyN4XI4KnbkHOMDnHUEH5q5a8/b/+JM0bY11IiDtZbayiIUKFwMtGMc47ZyQQBnjlliOVcsVB31ervFq21rWt92z6WOiMsIpu6StbotXeKvZ226K99z9VrT4WzefGYNBso1jUbfKtbdW5yQSQDwoKrnOOOprTT4d6tMCY7K1iZXKQufs6Rgq3zF8BCeD0BHGTwev4rX37bvxXmnlZPE+rBHLMVjRI8Z+XAxtxx0wCMdeDmuL1D9rf4p3m3HiPWnGSzLJeyxISxJDDy2znoMN0HK5LcYyr1JNtxipWsldvm+De8dFb/JJ2NHXy6NvcctdPcStfl1vdbbp77WfRfvh/whOsovlzano9pHE0aYN3HFl1PQg4+UjljjJ5BJ4I2I/Cdy9zFF/wmPh63KJuKjULf5duCCoaQsCuCWyRnjjnB/nTvf2lPindk+X4lvoC53HzL2WdiScH77HGOeRhiBkkdK5+7+NHxM1IMZPFl63ABMLSxscnnBRlIHXOOhyv0PaVOW3NZq1rbxacd37vpoltbW12ljMEnb2E2l7zSSW1rbPZ2vd/jds/f/4m29lo3hbxKbnx5pE0n9lXpMKXMDMQI2xHtDnIlYkfN8uT+NeT/DjxF4ZtPBvh+G98a6TawyWTSLDLdWx8liAdm3zFKc5IyFJHc9R+GOp+NfGN/HKbrVtauY2jZJmkuL1kIB+7IGYjHAznjA7CrHhyDxpr1ux0bTdZ1aGHKM9pHdzw2/H3G8sFQWHzc7cZx0zQ6k2uXllOTabs2t+Xpq+7b10+RzyxdF1eaEOWNvtN7aRa5ltdavvsfvlc/Er4b2bFbvx7p8hQKrLbXUKqUUg7twbaAAOpJwOuDiuV1D4+/BzTn2t4pmvQdzOsc27kMeNykYA4J5ycYOOh/GqH4c/GG6IWDwb4iZZMcNY3XIHAwzR5x2HoPY87Vt8BvjfqBCReCNaTK8lvMhBBPTDBQeOx7fQgr2VWVl7KtJ30tGVle1rOy1affr1sOWaQhZ3ppe7rKd007LW9/Pr576n6wT/tQfBaxSdrO4kumJVpDNdYUsASflDKXweQVbJPr25G+/bX+HOnrPDp2kXMyupZnjMZUsBhSDKC5Hvkkglh1wPz0sP2Sfj7qQjlTwlJCGIKm4uETBPPRmAxyOvOe3HHVWv7Dnx6vSFmsbG0D5/1t6AN27JBCvjGTgcY7kDBA1WArz1jQrJvlUruWzsmtba3+9dmYyztR/5eUo3tZJry66+dl36aWPpu8/bn0wXQlstGeMBAqeYbfAUAh3Xo2WHLEnGQMYzmuM1P9uu5DH7Ho8bKm4MtwIihLMTjgM23uFBIJ+bjAx51a/sA/Fh2iW81rw9aE8uGmnkZOcnIU7cj0yeD2A56a1/4J7+Ko2X+0vHOiwo7jIiilIK8ZJZhkYyBnBOM88EUPLayaXs6l76XmvK/TRWS+7YiWbysl7eEdN1byt9ne66Ozu031MC+/bQ112M1no+jQyhxLvEDyMHJOMkr83BOQTggc8Csq8/bP+ITwGKJdNtQASPs1sQSclcsGUqxGejEgYx1JFeuQfsC6dbAtqPjySRcoQLW2RWYHliuRuxwCOODgHDYrrLX9hn4bwO7XfiPXb4hAdieVHycFs8kgYJ+baR2raOVYhx0hCK62bva667ddk/K29sZ5zNq0aspa9IttWtqndadttraHydf/td/E140MV5AG5YuUZVIPUFEAQFcYY4ySOAO3kVv8cPiBN4gvb631V0vNXfE7xRZeRQfm2A/eORwADz/ALua/R6T9ir4QKhiMuuTGYKisZwPLJOD0fBJJzjHp75+OvD/AMGfD+j/ALQWs+CQt1e6do3nPpxmO2YMm0xliBsbg5IPBxj1y/7JxEJ0oJxSqyjFtO9r8usvPXfXV62bOaWb1KinJzq3px5lF6a+6l1SWr3VtX03Pq39urTIrT4yeH1wxVNDtyNwyGViSpJx8wAAzn5gMmvLdOXS5NPiEqxeYkSq2Y1CHII4GQDtGCw6Bsnvlva/2/EaD4yaFasSzRaPaxu33wwBYDknJ64I7dM9x4RFbwy2cBCBSIskZXk4HGM8fQ9xxkZzyUKjqUk1LVpPTWS2T2Wqu9+iaeysYcRSVDMKsNGnUalq9FdN2a7PVW+WqR514+trWKS0mhaEF5Y1KxBAx+bg7RgYI6HgDPbFe8eBbWG4+GnjXfKEy8QOBuAyo5IxwBzkdh7kmvnjxakf9oW0YUspmhXaScYDA4Azg4OcjAyQTjvX0l4FiH/CufHKKj7W2LwSOVUZJyeRnB4PB5wSMHN+9UcXo5Jfa2d09L69769Xu9Toy+vTeEk7pKKvrdJWatum9d9V1vfZnhN5psOEMM8UkSKAz7sEsODjYckqScjg8EelcjrNn9ntrkoBIvlcYUkZx2b2/vEMcdCQQK72PT4wuXQj5Q8YQkqDuzyWJyT3z1Oc9TjmvEEISxvBg8JwATxzk854zgnOflGOOmJcZxu3Uklru3a+myeu2l2/ToeRLFRqVIqNoy5lH8Y73s7Xvez2bW2/p/7JB2fELTQyjDRXYwpHUR7uenYknvkVV8dXEqeNvFOZFVV1m5KlM8YlYkk4K8npyDk9jmrX7KmB8QNOOSvyXTdQCFaPpnnIPIBB5HHODnS8VLbt4y8TxPHEzSavcgyOBj5nbPUY5BH8PXOfaMMnOc5aXlonJ2uvdfK1btez13Z7GOqOnl1LmtP94luuV6R77aq/S+26u/NbiVLhJEkmYq6Nu+QYxg856ZODjPUHGMZrL8KqltqxIYspuIFUYB48wbeTxxzjOD35JJPb6xbxRWs4jVBtjfG1QT909Cq5Izkc9ce2TxnhxD9tBK8me1AIxwPNU9cAn0wQOePpWJTjTk9W7a6vTa++9un59TgymtTni6cOVwlePTXonp1sl5W2vufQ37QE0MHifT2kYjPhbTNuF6sIIyMcEjt2/hxnPJ+dDdF081XwHG09M8YIyfqcgf7R5719O/HjT4ptc01mjZyPC2lsWz0YRoMqCAGwO4ZRx905r59FlAihPJIjABDHjkDOGIU5wMntjjOTjHkzjKSg11Ss2/VWuuj+X+X0+KrRhWlFvVW01vzaLR92r2u7NeqZiaYinWIZGXJEL4yQcYDZHHPPPcZIxxmvrn4yyIfCXwxZ5eTocbIuMjaoDdOed2cnjn5QRzXy9p8UC61AnkHJgkyc4LDaSCc5zjORnJ+8C2MgfWPxP0231Pw/8OLeVZR9m0GPJBwoyoO3PbI+gI4J5APPW91++16R6u0W43dlZNt76tu+x6eAkp0HZPVq9ml0jfd91pp5d2eOW0GkahorzLJElxFvcBlQNnaw2t/GRkls9O+e1edW+19Y03HyD7fCoXac/LIBuwQAxIyPQDPPQ16xp3hOxExZ0nVZkWEYYYG/jP3sYz/6CD2qbxf8PLLwnL4Yvre5mmkvL2N5I5Pm2BmB3B9xypGDg9M9FOa5XOCaberd0r22asktHa2yXTVNrQ7oUpS95O0rpOzSXxQS0euul72ctelkesfFWGOPwB4PaZ5HQXNxsQAgkZAH027+4APTGSc/Kt5aJKTJAn7sMNpY/MAoPO0E4wSMr1HHB4I+0virpjS/D7wgrKWQySvtUKHCv8yjBO8kD1644x2+ZD4cMpAt4ZVRMn5shtyE5yOhB65PPB5xxWlSpFOzab5Y6Xta6W2769Y629S6lKfu3Seid9Vp7u2m+m2mjT7M4EWEskkBeMhUuIPnGVyd65znoecHOc5wDnp9k/ESxD/BPRzISskWowYCjLhCg4UEHGPRuvP8WK+fzp8lvBE1wGR0ubYbGUDKmRAOvHPPOQ2Mds19Z+KI43+FunCeNXU30Q2EAqwxgHOOGzjPIz2J5rGcl010sndWd3dd7O9l338mdGHg4RlddE7L1ey6au1mvPRHwtO7w7beKZ1QucvzHgkDHzLjv/D0PQEdrUMdz9ssVN3LlZ4GMe4lQvmKDjruyecnPJyOQa9N1fTNM8lXaCMSmfdhSApJI2hT2HQj36CsLUdPtIUjlSMLMJ7YBlY4CtIuVOCOQOpHTHHHNefCX7yL10aWt3peGt9lrdebtfaxadpRs7OysrK1tL66vsle3W907nvXxw1C6t/B3gB7aOGRo0mUmRBjmNc4bkA9xjqPXIr5vstblYkvYDductJGCoBwfuqwxgHg4H8XPGRX0l8YrBNS8FfD9PNkiI3hmXAUZRcFskAlsAcdRg8HOfnhfDbuERNR2hXKsXXAAU8DPIz1HUZxyMHBvG1G5JNW5kt7XT09Vrf5dzsUJ3i03ZKNkusnyp35XaytaWj07u7NDQ7uC71uwCRSCQCVMMPlJAGMnryCO3A5yOg+tPF+i3GofBbS4LW33XBuflQuFyA+eC2OQDjGc9iBnFfJ3h7TW0/X7RWvDLvL7XC7gARjG7B5IzjcB6gMQa+s/GFjd3fwe0qKxnmS4+1qy+UzITtdixDKRjPAyd3IJGTgrEedYaprokpLW7SaWtt7LVPbbbqbUGnXjzptucbO2l/de6undNbWtbe+h8jN4U8QxMYl0y6kAJ8wxp5gBBwSCoPcHGAMeg5rtfB8d7o97p32nTrmHGoKrs8Eu1FZlG4yFRu7EDONw6HGBzMf/CdWG82tzqEZXJz57vubncCCTn29T34JrqvDHifxdDq2kWeqXE8sMlz5skc8AYsFKgDJAPuDkDJ44FeDCPNUTbjbd6yWiaTenktb30vbY9ZzSi1GN7JJtJrXmi3rbdtX1v3S1P0u/a/jtbf4T/AqXyDGJdNlaRmXLvm2DDOemEIOGB4xnBGK/NdTbTq8g27ll2odm35ck8DB9ecA9eM9K+0f2nvixceIvC/w48MX1v8AJo2mie1nSNQZI3gVDCUABUjAIwOc8Z7fG0Gq2FpsV7GRkc7nG1W+Zh1HQke3YccDpz4uMedqD0tFabPSCXy0buuu+9zuo14KlT5oyfMlsrpc8kld3S00T6qyaW9/UvgkC3jjT2UF2F5CCwJA+chXBPTDcY64bjPTHWfHSzuofiB4gkFs4hM9sivyVOIVzgjI6DPPAx7gjmfgtdWlz4zs2gDxPJqMIeNwBhNwIAAJxls8cc5Pc57j44+KBb+PPEGmXVoZo4JoDE6O+7DQqQW7cdMYJLDGSQK8nGUpOEbJuT+zdJR95NvW19HbV+d92dGEknWqJyUE+ur1bTST6O/369b38bg3ReZlTGDFjLZUcjqOB3OSOeTivt79l6NrvRfFSJIMxeGNVOCcgsLaVh0PORjAAxyoFfJVl4j0CS2uRcWUyzNahY1ZAybj905OSGP4Zz7HP2B+yjeWs9p4nto7Zst4Y1guDjIJt5SG4x8oyOWIGOpOM187i4ctGTkpaaLXd80b6tt3Sfpd36s9dtRnBxqKTlu2/suVNuyelm3d7aX0sfPdhHcWt550sbBFd2AUsBsLEEgHKgnLMP4SMndnNe6+Hbg3C2sRDrGwHLYABBDDJOWGTjgdBkc9uL/sqSO1+2ykiF5WjXIUjAc/KOu3J6cY5xnBOO+8P6NI6eYZgroqtDEHxlXAbPXJYcnC8YxyOAflcxtyXkrLbq+a9tNl5pa77Xd0/dwEuWfKru7Ta6NXXXZeSsle1r6o+3fgNe2cOq6IZLlBJHfqrRjDEICuWJA3ZGFIHbJx3z/ZZ+yhPHcfA3wdLEweN7eUqUwRtDgDBxycHJA+Umv4nfghZGPXdPdWG83qI2QSeuPbls9iccdwDX9pX7HEij9n7wUo5KR3C4JOQN/IAAz1ABGSB+Br8WyuKpeJnOnJuWT4lNO1v42GasulvN7XW+p6HH8fa8EYLRXWa0FtZv8Ac1Wm+lu2ra316/VacElm+RlLAEEcbgRngAnHByBg57AZkUgEqFGA3ykdcYwWPOQWGMZC4wSeBkQpIuCGfIbBIwM89u/HHGTnGeM5FTCdMgYwc45J46HJODwSfxJ4r9uo16aUU23Zb66WenzWi1t1vqrH8/uNly2eumn2dEvws9beXUeG2jjccnbghj3GADwADkAH7x7jNP2g4JyNwY/dBG7OfwwB04z1IoEgyBkBQqjbjvjvyV6fLnsMgHqKlEp+U4BHA+UDPI5LDHVugOCMjk4AA6vbQ0alHXa8l1tZ26p9t/vMGk9LX6t6K7TTsurt7qe23RWIwAwGWwFHXAwSW6gdSc5zgELgk4zU+I+ejD5Rj7oOeTknHp3IPb1NKTGeFAOCCOMY3EDA3fXJPYEcYNKAhwADkMB8pOCQQQDnPB6Nxnt3wOilUcuWzW61lva6urvq1ul6X0Ri4Ss27rS9tLK7Vnddb+u/W9yVQgYZIIP8KjdzkYXcc5643ZOfcipgEUgZHILdBuz0/MYY/NgcZNRIvBJwOcc4zj3XHQ8ZI49u9OAU7ST8uCRuGDz3/Db688c5Oa7qdRRkrqFmldrSKfKnu1rdKyu/P1iUeaO7dmk2ktHdbWW/knfzLGY8D5sZPoSARgt1zn0698jGeEVFI3bV29FOMlT0IA5J4GRkZJ4+qKikjkc4Cnr16Z5xjjPrgNjGKMFc4YMGyAQx3devIxtyDwegOccEV0QalLmTi9tb9LLZW3SUvK99VqYKDTTv063S+z6q9u4rooA+XI44/wBkHPfPABz7jqeAA7YACeRuH9fm+TLHgjA3YHPPPQUHBGSM8E4yTwOcfQbR179DyUyobBG4EBgOvTuB06rkk4J74qlKKtdQWuistLNav0vfbZX0RVujv3v0SvFr06bavy1HeVF12jJxzk4yDgZ255PHUYGCAMYy8RQA5Jyx4OM8HnkKDjjJ4BIx1PU1ErKuc+u0KueM4wWzjryeDnoOMZpxlXvjOenXgdjjrzknPbP3icDopzjo1vs21fT3dFuu+trLTe2uUlZ2Sk03a115K9r6d2u9nZ7EgWMdyDnbgjCgYOSCeAPc9OTxwKcERQAQ3f5+OTn+hx82MMeDljhoQ4PGM43biCGySSMg5ORznPpksAOKkjcZPHsob7o44GeB1PJwcglQATXVCrGyTUbq1k1dbxXM9Ettr6u/mZ8knbe667K102nd21772/GXCAZwepJ4GeuM8dR7dRnoDinhYzwFyepGTyD3GTz1yfy9copDDJOeQeijAHYke4/n3zSYBJ6Mp54+XaMg/dyDgHHQj1z69NCpGzsop3Ub2Wl7P0tdctrLXS6dmS4yUlZ9E0nd7W3ve99H/wAECMgBehw21vvA7ixIJ5BHcnGO2eaURtjqACdoHQ5HrkDBxuHBJPc4PKAAEbSVOCevUcc8N07EHqD+TlcnByuNwHQDoOec8cDHTgYDYOQN4wjJW91xuk0kle7SvbaVle7s3tZ9TJ8199V1e+6aS0fzvp3VxPKYZIAOPvDtkjrgknk/QHp16uWF26gk88kksenHJzkdCDyOwyOZQ/UqwyRyCccccY55IJ54HGe3L96fdLBmPPsSDkkYPbJPGB19s9CpUrp6JtJNpJ9I+a2draa6PW4rvbS907vRact23dJre9+72KyxEfKy8DJ4GcHr1JBYHAwSST6c0oiBIGASeMg8A9R2754PUjgmrgYADcc5AztxxyOfrjpjB+pGKRpEAOBgnBOO5zznoOcrtGCOT/d4uEIaJWaXRK117uruul9tNLd9J9pUvZN2016ppxu9XfSy6K3LeyTIoog38I46g5BPJ9MH1wB1yDzTvsrHncACeoz064JAx13ZI+pOCKlMigfLycjDHgcHqMHr9e+Oh6yRys2QV54YYPoeh4PJA6dMcA44rojRpyWurt3V0tPK6afS2ifXW0yqzi+ba2murtaN321a/wDAk01a9oRAq5KuRzhgVB6dDg/eJGe2c5yMYpPITBGW3FueOqlc55OMY9ByMjoMVYwG4GDkenPAIOT2+gOORnmkMTbjuIIwAcc8H6AkA8kn5j0ArX2VNWtG2i167Lp6rRvpbRBGcpa81pcur0Wnu9k31W+29yrjaSCCTnOcYyOpJIPPXHPJ64yCaXC9SOg9scDHIA/kOeh7EPMZBPzY45yTxjPuw7fpz04iC43BtyjOMdRwD7HqVPP8J69qFCz93Trprayd0n2fp5776qpdau+i8nZ2d9Lpt9Oqdl1d87VmYaVqjYJxpl+2exxbSZz6dfYn9K/ig8d/vviF42RT80njHWwvTAzqFzknOOoU544PGCGr+13V9x0jU+h3aXqAUZ2t/wAesgx2x0GO55yRxn+Ifx5pXiR/iP41Nhe2dtGvjHXwHuc7s/b7k/e6AEHGQcgYOecn8S8R5uHEnCspP4VjbJ3tf/ZlayTb620vsr2P23wppqeUcWptRfs8vSfS7lXvd6Oy0tbd/IkUlJoJJDbnZqkEcrSgHCK2ASO8YyeDnOM9Mg/KHxE1fyfijrEMc8Qs4bhnRUGI33xqGdc4UjoAQD2How96n8LeO54L66TXtNSKN93ERwrrznHPTg5HfLDBxXhOv/DLxDqWoy6lLremyXLpgt5eDINw7YG7bx8oyMbecA5+wyfM480Y8k1FRSTtLVppvS3RXW+i2vs+PMMvaTnGpCXRauOt1rokr3s35t9dF08d6/8Awi1gGmEaDUAzDg5UsXBYAg4OOM+3OMmp7mzGpSyT5hgCxQguBsLAkEMpOCenIzzgjqBiPSPhr4uu7NLO48QWot4/3mxYFOzbjaT8uC3HQjdgdxgVo3nw58SQKpuPF8EFuVUbjaoMqrAbQp46Y4xn3xX0EsbCUm+Solo2rO2rT13XTb5vojwvqU1FQdSClJ66y1+HrZrSzWm+xwv7Q0dq3gTwmI7mOVbPVRGuzBJZolY8gZ4bIOQCD9cn8yfFHkW/xBsYLiXykaB3wCNpLyHAyO5yBjjtjODX6KfFnwLrVt4P1HULnxSL7T9Iltrm3tUt0QGaaVYy28EjHdcYPXjGK+DtUk0ST4gvHfaQty1nZZWczMS5ktSxAjHGQ7blAGRnbjBaumhOM4VJLmSlzXi0007Rta/knskrLrodmFpexcVOUWryta9m7xstUtNN7Lp3Pt/4fTaMGeTUZba3+z+E5mtJXuIkWSX7I/BXcCzMoChQWYEDqcGvy0unhm8S6yjGMLNq+oykEgIA07leT1yD97GMnuBk/TOg2N6JrO9vrW7NtJb3JthHNP8ANHhhEroeNsYXYcZBH3sAAD5VvLQN4g1Z/Kcj+1bkBQwGxWkOAw9s85PH1OR34JuMWrt+6rJdU7Ja69O76q21jKquac6nwr3bRa1SSV31eqb7W00vY+wvCVnBJ4BkhPlr5Wm6k6yMYtjuIH2qTwfvAHPDYH5/G3w/toG1G4+1TQxhLuedRuUM5SVlKgEjJBwQDwQMDrX2Ho+gQJ4Jt1gE32k6RfSyoZvk5gc7toPJAGQDnIHB5xXxR4QsmGtKsvJF/MnzZI2sz5xg554YHHoQc13U6j5Zwb96Ki3ZXjH3Ura6N21ta+mpxwSclbVNpba2aj63t0TstNb30+9rCaxtvhB48hjvojPc6LdSRQKyM7DcAWIBJHXBHB4IBPSviT4MOo1nUi04QmKD7ygmQiZWZQCACSOAeudpx1I+ntD0CO08BeOpLnZJJJ4evGgyzZjxIAy8jGCpyOeQM5HNfPnwF0my1HX7z7ZA5SFYUiVZNn7xmxuJJHC/eIB6jqARjpov2lOztK3uraOjik00721bfol1RzTi4Tk9rvS/RcujunLr0W7Xqfdv7W/xX0T4l/CHTNN0eBrceFtG0SyvTNBHC7XdrAIzHAYwN0ZJLSbjnd2AXj4L+DevLoMs+6cMbgx+bEQu5l2nKhn4AUH5tp3ccdzX0l8YPDdppXw38V3FoLgqL+zR1eUyp8wLA/MSdwPAHTBwOck/M3ws8MWWtGb7QknmI0bbUcoVLtzITkAcYXBx1JOQCDtTw1OivZw2577tu75Xu9Wr6JW6Ltc55uahdJycb21aveV0tFZt63vr5Wtf134xpan4aaHqMLxsbrX55XYMhYCQqQBgkAg5xnk888GuD8DWWiNpAv8AUtWhs2eG4RVbBZCuNuUOT85J5GQMYJ9Or+KumfYfAFtp6xstta68qQqGDIMjJwzZIzyfTP4mvFNN01p9NWWBDtEbgkg8nnnjk9DlSe1dD9yUW5XUWklZPZq61Wmrf3asUItx0vH4mlZe67q+90kve7aNbPQ93+ONxA/wq+G81tdLLbC8u4VdVILGMrhyMgcrwAM+5wa8M8AX9rBr2m3NxNKsIvrVXKISwYMeCEBO0twRwGPLdDn1r4o6cx+EXw4t/M3Ol5dybWOFXcV49c8HHsfcA+b+AdJaNre4myrS6pagM2NpHmBRszkgnjJ6kjHfFOaTnFuyuldtaPTXZpaNa929dh0pxjR5W01eW/Rp621Vr2963by17n9qfUoZNf8ACkscitt8O7I8K2VIQNggjduAIJ+U9hzxT/hdr2nWmn2MnnPLdCzkElvFFJLJt/2QoJABOck7fYVV/aUsJ7jxN4cjkwVETQhxgL5RhQgH5uAFPJ3HHB6HJ5D4f+KtS8M3gtbOxtpmtpJSzSRb2eJsKYvNZTgADcrDHGecYFRFRU43a0ad3ZWu1fdp38unld2I1LwbVpJtPa17ONttb3W6bunpY6P47gXOo+DpItwebw/LOVeJ0ZE3OcFCAWOCccfNnkbjWn4I1bxGLfT4dP8AD1xeWCRWkXnWsUu+aSOQsJCQp3LGSc8bRznFVPjdqz6tceDdQaAQSSaFOZERvMAOWYA8EgDrjIAPoRXr/wAItRvtN0LRL2NpRCYHtWTZGF/e7jvwegA+VicDAxnhs60oxdRxUk1ok03peybfXS6bsldLRdDGrV5aS91u7gmm1dXa971s013622Xzx8X7ibUfH93NPCI3litbdlZyT5wijBEgBJyDkEdhx93mvZ/A+oeOdB0qwXSF0RobdEZfPkdpQ0hAy6rkEEEgDPUYODwPCPiUBd+OPEF2ZgSL6Jk3YxuPVkydoAIxwvHBxgla9m8FTSPb+QboHyIoCijI37trNuGRnbk8HHOABzwexXNKTSbT62dmuVW1bvq9L6t30vs1VlaC5Uuayi7ppW5U1ZNPR7Xfl5nNfG/w5f6bfaSNcNp/aF1p7as7QO4gdr2YhQN5GWAPJAyck8k5r6A+FvinxfpfhnStLtfBkeq2VpbK9vKrtG9yZAFYbnAYgEkkp1x+flv7Vl7DH4k8PKzK5i8JaWzBQMAl1b7p4HOCRjt8o4wfpv4cPps3gXwxeNqQS4S1t2bE8SeVGVCp8hI4AXngjcRnnOLw/InzNczuntqryteyb91WXl5XbvVZTcYpNLWKlbTR21stV63eve2n51fEE6lB4q8RG8sPs1xfa0sgtWbc0Ls+4Re+3OwY6+navrHwJ4i+KU+l6PCvh/Sbe50WGI6HdzzFHgnGPLnCAg7xGMknGe3PI+cfinIs3xA1l1k89hrtoI5sDay7xjLEEE46nkAZJz3+49E0+zi0/RtQlvQtxttTdEyx7IVCKFBUOMlk4JIIJPOM1NWvKMk078julvpezaV1Zrtd237oWGpwqRq86i0rK0m3d3adndKy3XW1+h8S/EjRPEFt8Tddi1aXfq2p20eoahLE5aOWa4j8yQq7HcVLHHXOckKcAV2/hLw58QbSTRLCGaG3lvLadNPkcSRyQLIjESK4+VmZDgKGyFbPHfW+Jktrqvx7u2Vla3Gl2kalWG1wluoHC4U7iP64wQa+gbPOral4SNnC+/TdkKyyMBFvMDKuQu0MwUHAZc7u3IIzp1qcJ1ZTfuSS1drvZXtppba3W+y2KuGvCnCm23TdrJWvblT15nsrtO+9u1n+e32HWLLWNWW5ugt1bXt7BLKB8004lJZu+4k9Op5OCeM/Z1r4d8c6H8KLPxCdQjubPWrJLI2EMs8kojd1BcQIxUttDEkKCCCW+7gcbp37PfxX8WeK9fTT/B2o3EEur3tx9tmRobYRyykJMJGKptw+QdxAAwRk4r9LfhZ+zld6N4f8L23jzxRZaLFpu5rjTcDUiQ46YBkjXCMOu3Dbc/dFcOJzrCYW/PVg90kpK6bUY/DHm2tba/z1PSw+XYyu6ajTnpyu72esU3d2vpf1W+tj8YtI8Gat4p+JV5psSTQMIYRHO6mJBHGq/KzvgB15X5sHIHHOK+3fBfwjk0nR9ZuHbXbm5uLK4tn+z2sk0aq0TKGd4wyckEknCjJ5IyR+qXws/Zi+CuqfEVo/CGgy+K9UmjV7vUdQkNtYwuzEs8ducKV3tkYXHGABzX3Hqf7GMtvpF4h12PS7CeFwNO0i2hSJNy/OrTookbBwCGxkcHOOfAXHOGw1eVByi1yqHNdbO3vbp+V9FbdXPbnwvXrtVZSS5teVp72Ttp2d2nt30P5DW+EGqW0k032lVeO8lVY5SrSJmXcMxIxkBzyRjHXnivp3S/hff2/g/U2gTVJJtZ02G0eWLSrkwoSvzB2MJG1QBkgnuemcfuzof7A3gSyvJtRudHsby5eTf5stxIsjMDkSuhIGSOW4JJHTnA+hpf2c7PTPDR0q2s9J+zOgQoHBZCq4wpxwQPl4JwRwflGPQp8ZUmnh6FeLjXcFUSu00mmk2lvfS2rjfXa5jS4OqOcsRXpxi6abpt3lJ6rZpXjonv07XZ/MH4D/AGT9S1DWlvrnWBDGoKmJ7d0lIxwQcDac8AH+7wCeR9QJ+ynafYXWPVtQmd7d4GjjgcjBHODtwePbIz1yAa/YnQP2bNEtL6Sf7NZlQwODKeWLcDDnOTyM4IwBnPJPtun/AAc8P2kSmSzhXB4aKRCpyCMHJBBxnIHUdwTg+nTxdfljOlUc1Leyei0abbT89G+nlY86tksZVG6kG5Rlo3dtq8bX3V1Z66rW62R/Pjo/7Klxp9skEDXZSO480vLat5m7O5Tjb2JIAbJA5PGcel6F+yzrEssnmT3CLc4Mn7g/PnhQVCjIxjoByK/e6z+FXhnywBHbDkn5oIy3XPzNjJH9089T0ycdVYfC7Q4+Y4LPb2OxWIyOvc9RyvTaeTwMdfssTJRak1eKb6XbS7vzem179zneXwjHmbbdtnfTZ2bva9tr6W3srs/EDw9+yHcpLFNG77lG0Ph0UcngdAuFyMjqBwQK9s0n9k+7ZVLTMhKBWCGUFsepB7ZyQeDk8c1+xOn/AA605FCiK1UNyuI0y3BO4HHGcMcDA6gZ4rr7X4bWSqCUiIOG3qkZxkZ6A9Rx3A4xnAUjqjhq3uuTd10s2lZRvtq7fjK6s2lZwoYaCScW+uq87JPV+a69Vo00fjXp/wCxrArtJLcMjSPuOwsckYyMHuOM9iTnNdza/sh2EK8vcH5RhNr4O4DkfLyTkHjBz8uRiv12tfh3p6fMIY5MdQV2FjgDjI5IHHy5PTkA1sDwlYxKf9FiJUcAleNozlc8BRweT7c4zW0MNW0Sc91e3Nq1yqyWtlvqtlbe5lKlQT0pJ6pq9nonFq6aXXV2dvkrv8i7b9lLToSnl6ek52/I1xDzyOcnbg54xnnJPqM7Ef7K9uShTTbWJsdVjIOByMYGcjkj+ELgdsV+qcmkWMXH2cFRxkBCCccAdSc8feJPPbGaqNa6ahy1uqkHGDGoOBzkZ5z6lgDtPHI46qeDrvS87vpd7e76v1afz6OFTwylZ0Yc2ybivK9/5rWfWyvfZn5X3v7KshVikYXnjYpyFJIAAJO4dznJAXGcVwOq/sx6mhcwrJ8gO1Wg4OCPm+5nacdDnuOe/wCxEjaYAxECZUgD92hzkZJHHcex6jg9825l0xiyeRGWPynMaYCgg8gY5K8EjoMHrkhf2dUnq27tLXm1d+Xvba/W2992hyhh91GDd0rW2+Gz8m97d1u2fiLe/s+eJICSLZ1ClsAW7cZI5DMpUgrnk+/QYJ4vUfgLru4B7V3Lg7j5ShVzgEknAGeuOMA89Qa/cu8t9FmAD2cJJyM7EJGOAcDpkZAAyPmyR2PGX3h/QZi2bO3+YkqAqkHnndxkHk9uuTknNCyKrO1p2dlo7u+q6pdttPK2mrU8OrPl0kkrp66pN6a22fReTTWv4P6z+zhqN35m+2kRznnau0nncSFJ+uQ3UDjHXyPWf2atbh3NGpcDlY2VgDkfK2Tj5cYGT9Otf0KXfgfQJVkH2W2JY8KQp6jjHGQB37n1POeVv/hZot4m3yLdQ3y4eGMY7nB54+uFJPQ9BvHhrFSaftNHa0r2vfl3Vtd9VqultLkOeGjflT7pNLo10vbpda77XP5xNV+BHiewkJSzjePk4JL9Tx9Dtx15z15zXI3Hw01m1dxcacylSQCq8ADAPUYJ9weAByO/9FOq/APQbhXzBbgkkZXJ3dPvccE9eOOeCAOPK9V/Zo0p2ZjDC4yzKCR8q5zg5xnAxzzuABb1L/1XxDuuZO29mlf4XeyWt1a7WvbXcjXoRfwNK+jur68nT5/do13/AAek+F2qS7XFhOGyGyUyoLAkHAHO7sT8vXgYyLEHwi8Qko0enOcAsU2EE4HXnHOR3xgjOcjFfuHB+zpYQFittCxyCMAEKAAAMdNw5yDwR1wSTWrb/AmzQgLbRK2ABmBCc8ksGIHqAB0yOewraHCdZ2s0r6t2105XZLpdX6aXbWyL+uYdJpSd3vbSz01Wrt5q21lZ9PxX0v4R+JHkjMulSbdoPCkDB6kgYGTwSCeBxjsfZPDfwh1jEb/ZpIiBkDB6gZyQDnI74445BFfrNY/BKzhyPsyFgAACCBjA5JIwdxAwOPY9BXYWPwktINg+ywK0ZUjanBGCTksAep7Y69BmvZwnCzhJOWut22r9tbr027ownjaaStourtFW+HfXXm230avrofnN4d+EmsAISJMsAwYBgVPORgdDxx7DBHBr2nQ/hPra+VIJ50b5WC7pADj5eOnA9sctx0r7m074f2sAAMMSlOSVVSeeoB9ycHscDqRiu8sPCdoqqAEURjBDKE9DznkDrkc88eufqsHlNPDxXktH1b6722stF52Wp5tfH0nJ7LZvS6XwvTR92r6a7W0t8g6T8PPFECKsd5dRrwAAz7QvTBBwGXBI4J/Dg16RpfgvxdAqPHqVzuGWAEr5OOgxnrwQSSfXAzivqG20axiCLmNFXgYA2egJLADHIAzwvBxnAraig0q2AO6NhtGScZGPmPA6AkjPXPHFexToTgrRc20ut7/ZV1ol1trd33u0zzKmJp6vlWvSSTutGrX6vV6eaV9beH6Lp/j6zwY9SnbAAwxbJHYMSeAOec89Tn5c+r6Lqfjm24llZw20lmDDgdSpPXOeuR0OCCAD0i6jp8A27EwxPzFhx3OWPzAEYHBAOOKhk8R2MS4CgkBlG2QZwflXaPYgljgepxWqjUirSbXTme7enTS3bbq1qrnBOUJtpQT2TXVX5WnZvZLTT7nsux0rxL4jXaJgqkBcFnDZBJU85xjPr19CBgdhB4uvI93nqpGGIwR1A3buTgH5huXuQcHuPD5fFsCgqG5IXbtBG1QRuycdMZ7g5O4His6XxYpU4cjqBmTGCTjPAOUz2yCc8nPNTNJWvZuSfd66b3b2Sdr9bbHN7BzTfLby3aTatfpo/vVr3d0fQ/8AwmTYIdvmyWXDbSOCAMD5T0xgkAjOMjOab+OXQlBMgXjjJXHKnAbPG3rhR8vp0z83y+JWIG5hjnOJeXxu6YJP3cjccYI6AVkXHilUJ3MOCDl3AJbaSOCeOCOM57g8ccFecVa/Kle6aWy07228+q32N6OXznNOztorK92tG9LXW+mi0sr6afUDeOSDlLt42YlWCuSGH16DnHOeoxgd1Hju5RBjUSo9POfjBwAMnB56Y3ZOT9fkh/GIQHLhtpYcPxlunzEnPAAwMHqSRyKzpfH0FvjzZhHyTneu0AEnpxnIUc85Iz3IryK2NpU+b3IN6WWztp5XV3vtv5tv2MPlKequnpbXS+m927Xavvpax9uWnxK1KMqU1HA2DClup5ySDkA9gRzjoRzjpLH4o3paNXvIyoHHK5RjkAfe4PHIxjtnkV+dUnxh0Wz+Y3SkKG3DzFBGc4UAk4B6jJ6Zz0qo37Qmh2qqVuIkwSx3OoGckHuFJ+gHQ5NeRXzXDwTbhB2t2bj8F4630Xok7fd6dLJHO3Lo9N3r9mz2V+q1Z+qlj8SGmVIrmO0u0LFpFliWRGHfllPGf1OfatK9ufhp4qh+zeIfBmj6gJFCu0un28ykEYIO+PnG5iexyOAOK/J23/ai0aJtragqgDcVSRQpyOARuI44yvXv0Baum039qzSlIYXkQViEUCRcrwcDbuzz/s9+ua8etmmW17KtToNNr3ZRjJK9rNtq2l9rpvXTv3QyLF0rVKdSpH4WuWcklZx2d91a/Xt11+0PGf7E37KPxLaaaXw7p2jXkqkmezt4oGjkOcMFCBMjBK9STjtnPwr8Uv8Agjn4a1O4uNR8A+IrO7WSKQRW1ykcMq/KdpXyeCyk4G4nOMnIHHs2jftVaExXzrqIrgYJlXBI7Eg5z0PIGDk5BAx7N4e/aj8NS7P+JosYGB+7mOEPXBXABx13Hj8818/juH+Es2jJVcNhHOVk5UuWlNaJOV4vWzd0nfXzTPUwmY8T5Y06OMrVKaavCqlWi0uXT3m30utlrbU/B7x9/wAExPj98Pby4ksvDuoalp6rLi4tlW5DocuNohDOoIxzgHoeOa+Qta+D/wAUPA2oBL3RNe0qaAkussNxBgoTuOZFXIc87S2MjA7iv7HPDv7QXhy/Ea/2ra3EbgbhKY2JGMHkhvlOSM9ORx6dDqcfwZ8exPH4i8NeHdS84YkmksrSZgrZ5DjLg4PZcjJzxxXwWb+D2S4yMp5djKmHclpCa9pFSfK9JKzt3e6T63PqcJ4iZrh3COOy6FaK5eZ0m4Tt7qbtLmV9OjS6XZ/F3pnxJ8faHKts2p3LxxvudLpJCpZSCVbdjAULwOVKjOOTn0rTf2hL5Z1bV9OjkRERJJbR8MxPGQqsAxI5PAwcA89f6XvH/wDwT6/Zh+IkdxLp+jRaDeXG8rcafnYDID8yxkKoAJG0EDGRwcgV8A/Ej/gjsG82TwD4wtp4/MZ47e+UQy4IJVQY8qVxhScEHkkEV+V5t4ScU5dzTwEoYymm5L2NTlqtKzT5ZWabV7ay189D7bLuO+HcbyLFOrgaj5U416b5b6aOUFKK1vq0tT8+fD/xg8FauUhk1H7BOc4W+jAALY+UybQo3DAyCSB14yK9CifQtTUS2zWN1ujJLW7ROx9ioJYngdBkghs5yDz3xE/4Ju/HnwXKTaeHrrVoo2bM1k6zxsiZIwAWfcAAORjuATzXyzrHwz+LfgW8eG70TxJo7KSDI6XcSAofmJYqFIbAIwemPmwQK/P8Xg+Jsmny4vL8bRUWrudGpZ6q8vaJcr17fJ3Z9ZQWU5hFSw+LwteMkmnCpCT15fdcYy5lbfZNWad+n1/P4U0i62EK1u+3dypAUjJJAyNpZjzjIORnsTz1x8OJp4ZJLWbO8rhGYKG2sSCiqflBGctjJPHQV802fxU8e6BJFDLfPdRhDGbe8iaQqRkfO4ViMkcNkDABOecemaN8fiiwLrGiy5XAknsZcpkdMoMAHIPHI/VRzU8/xV4xqXi1bR3TSsrt/lfTXUurkmH0aipN2ty2u/h0tq7LXRebZ18XgfWIpZkNk0nmCYAxMSFXbjg88naMjk8854JbaeH7mwKR3MUyeVsAcxkY2scg8EZxzn3xjOQOs8OfGjwjehTJqDWe9j+7ukCuGbuXwMryVHAHXGQDXrWm614a1iMRwajp9yHAb5HhZmPPy4LZHPGeRkDtiqnmiqO7lTcpJN6rmurLZNrXq9PRW0weXKKcUpRWi96LvduNt7pdb6t/JnzmkMi3scO75ZJpEAwMlmXaScNlcYAGSM4JGRkHoLMK7yNIFZ7O3eNuQVA3FQQM4JJPAyGHTjIr2m58FaVfXMUwgEchZpBNBgoSRkE4bHA+YYJIzk8ZrLX4Z3HnyLZXUUiOj+YjgKXJYlVHXPrxlSeOMHPm150605SlZ3dlt2ja13q+bs9d9Xa23JKlGKV0k0lZNttctnJPWyfRJdX5noXw18LW0vww+IV7bRxrP/xLpDMOiItwrkbeudzHOACSMYPGf0l8P2+fDHhe2aNibnRtOkZwx2tttkXIw3HAwMAdOTgZr5P+GfgebTPgZ40EsST6zqbgJZRSASvHCQ0RWMbjuJAOBnd265HvXgrxzbTWeg6XqBuLW5ttItbdY7m3ZEikhiVHiLNhcBlYA5LA545zX3fDc8Ll0KUJTinicJTaatZNVpt8z0V+Wzva/e2iPhM99vjpycYtqjiZLlTTfL7Kkr2e6TT2T17brK+L9tNbeGrqWDMbo6xM20MXUtkEH1GRzt3Z7kgkfIWl+JvEs2lXOj/bWuNPuLueMwOSCfK3N85JGAu0HBzhcr3Ar7K+L91FL4Ru2iJZXuItzA7lOSOhwBggZ6HO3Jbnj4i8PRiWSNTJsLX94o6ADcjc5OO+e4wee1fz148VqlPMKboVZQVSjTi3BtOSk4p3SWt29ebpe9tL/f8Ah9TjPCOnOLlKnOUk5xT5ZKMWnrF2u7fK+nU+jPhujNa2jXEarJIGUFAdoVWxnhuOh5JyMZ/3f3D/AGSAg8F3SL1DxHAJPGzkdc5Az0wMjk+v4c/DoNBYxjPmeXKwHzZJBcjrk4HJYYwBwQeuP3G/ZJGPB10cgEtCeMZwEJ5APHHy8huM59D630Z+Z8X0owvzLCVXLr9hXTt1t1stH8j4zxnssjq3f/MRSt/4HHyttoutr231+tCvT09z6464HHbIz06Uh2gZzyBzg5xnIwemM+uSMfhldxyTgY5yOoAwAPoBjgdGLNjBAy0gN0O3kk5GOo54GdxB4xyGLHtzX+gklUtZcu2u936aWV/Neex/Kqaf9ej1377afcM3Dk88Y/HJ6/8A1z2qMsThQSB025x168H355z7+0gjGR/eJ544wD07HnP4YPFIFx8x47j2HPXP6/TrXNySUkndXs9F0v083+HW1mJuWll562vunbfqrrXrbpqO4woPLdepPI+v4+345p+3Pp+PHXjPI6f09zimnn+fY9O3Pr69uvsXAkeuPy5wP8P69yDooJWuld6W7LSyd7btX2J95ufvJJWae92mm7LXba223W7aEEHkHqee3H15x6YpvOVAOST6cZP8PAPTufb64Un8z+PNNIz0z+BPXsc+nXJ75zySK3UUklZaeX+d3+P6Gd5fzN/16/q/0LBOM9xkc5HRs89eMYPQ8cDOadS7NxUjAx2xnI5B9ePbgZPPYMm3GBzkZHc8DqSfwOSfT3rSm721Wyuu7b/NXtv19LD0dno3bV9LJaN7Wtd9bbdGGMZ56epwec9s84/HFAUsQB1PP8xn09uh9OuMABYjGCc4647E8/16+v0kVT0I6HkHGRkEEk59B0BBPseurdr6r8E9Vpve3TXt5ahpZW/Xayt6ddBNgGGBJB9iQM56ZHTPQdeuOeiENxgnb1IHTtg9RzknAx+AyKlAGSB169uM9gO3rjGKbyo4GOD0PA9D0HB7gDHUAHu1KUUnHVWVk+ztfsl8tmuq1R/X3CKoOMkD25OevBx0OAT3HTPOacAfdSRyRzz0IxhvvAAEj0HHGKaMbgAMEDkZPsMkn8DwTkH64cdykgAAZzzzzwAOh7gjj06dK1p88nFuLUXbWzfbfp/28/PQiTV3G+1nq/8ADezT10W+7to1sLjOMj06Z+mfXHXP40gwD1JPTk5Pr24xgj8T1yQKXGMH15AyAOQT24/n7DoKCAf8/T+eK7Ld07q/yTa9Px8lfqZv1b7vstPvs9NdNhQ3BAPBGTnpxjn6jPXt9akG07eST1wegI6f4j/IqOnp1IP5HPXoeOnTr/8ArpqVu/3+j09Xvpt1HF67vovTVaeS/wAxxAPHPU5YDJGee3fpjv79cu4A5GMZ6+3U/wD1+PWmtlencjAxn347AHoRzjnHPADggk8joQDnPt6A5GM5HueaN73tdO936q9vd37abXve7Zo5JfPbrfa219Hcfn8cg+vpnI5+bHPIHHpyaT8zj8OR+XXP0pCSeed2Ad2ASPTGcnPXHYY65xTc9eDjaOFzkEZznpj0GD257VfMo8vVLXZdkk/R7b9X3Rna72a8uvTyts+vq33XkD0PGBxjk9PTgccYIx6U4cEe/TpxweOPTH8setHUfyJ6/gPTn8eh75GBOCDjBOenGQfz9Og6/n003CTve0tHa76uLej1Vm9LWu9Uriad0lqrXWmr22Xonv5NjWzkcdDwf73frjKgfrnsMmk6gDtgHA44H1P068Yz1IBpxzx7Hg5PA75z+OTzjJPOOUxkkdM+3GPQcjnHHTOM811f1/Vxa7f10/yQ8cjjPQfiM98dTnvz14NKDuLYHqGzj0wfTjk4FJ3/AM9ex9u4/E0w5UgHAB4B6HoSBj9Rg9vfiE5N9l28rq/5/n1Am4/qMc8dB164PGODwaMqCCQcYIzxx07jB6Y+gyOhFMDAHnoSVHpkdM8jjggjp68AZeowc4znjpwOvfv6dfXHUE12vp8+r6eYa9ABz7rg/hjjjk88An6gnsaNuDkE89SBzwOOh5GOnp+lP4GPqOgxyeM47fj/ADppOM8E4BKtx1x07Drx6Zxnnmn6GLh3fa/ZO6103Xba2ze6EAzgEeuME4xj8QD3xn096YQRzzwecEcc4JI6/l2BIBPNP5OcYxxnOOB7AcHGMc4OOnuhwCCRkkc4PPPPOTwDjoO+4jrSbW/brvbp+P6PsaK3fTTyb0ja/f8A4KVuyhfXjjP5nH4H0HP4UxoiR+OT6EfU/gRxgEdgMlwYj7oyAOgySfxzg4zxxgfw9qdu4+YHkdunXpzjvgYPU8Y55V02rX66/mn96/DW40rf15W/QiC4wRuUHJxkDknqPT1wDnB/vZy7gnvgdenOOpHPfqM4PQY4FK55GcA55468ccn6dORyBuOOYyw44PJxnnJzznHp6k4A7Hk5aSS023/4b8yJOTaVuvrfbfyTfW26HGPdj5Qeo64xn73bP1/Tnqgj25GMehGc9QOew6Dk4B5J709Tzu/4CfTOSccdP1xxx0AcATnIOenOQME9R1GcHJ79RySxpOVtLP7t/wA++v6lpaK/l16rv/VmRcZI79+Py+YfU8d+3SnAHHYnIPGDjqc88Y4IzycdSPmFPVcdRyRjoMHjHAGMcD29M0FSQAABgHsB9AM598ZA9+c1jOono07a9O9mtL2ej3v121Gkk76Xe/RO3Sy2Wmy8iEjJGMkDqoPOceg5Jz0DEk5DZz1QHGRjgDIwNoI45A7EnqOMHOOermOM5IB5/E59s+vbHtzTCCcZwcg8cnvk84x6DvkcZrnqVHzNQell2+WltHrZ9Xd38qs10u9NdLa6Lvu9N7PzGnOc/kODwMZz2Pfk5OeM96Nv8sjn1PGeD64zj6YA4GyCOCTnqT2AJxgdcnaPfJ6AGkOACcjrz2GDx075A56DGBiue/V66623vpsvPpfRfips9vO9t9fdWuu/u2TequKQAc5OQBzg9iOo5Hfg98Hg5zTSwXLE9R0789QP4uTxnOfpT8AkEnoNuO3TjuOeD1PGccEGonAGcjOeOxxx0HJ/n9fSsJ/E1FXl29Unvppvp5as2i9Fd2SSV97dLb38/wAW9bJrHdxnpt4JwSQenrwBg9c/3eBnh/iGobwxeDGQJYc4HBXPc+2ADz0PBArtWByo24LHgDlie5OMDOeuOCOO+BwvxGOPCl8c4xJCM5GTlxkc8D368evSvj+Lo/8AGP50nFf8i+vfVNXdNWW6v26b79u3LNcfhOn+1U13154662a9OnmzxKaxtxYpIMedeQlnbq4EYyqDJBBI3HAw35DFrTbaGK3leN9rSRJIwJBwVVwf7wJ+UduMD1Fczq91JHHpxjZ93ltwp77Aq7gSB7cnpuyfmOb2gzBLmCzaffMbeV7lWbcxYAuqDJIJXIyBnP4Gv5KrcntaXs4JKNlJ8yd5csXva/2muifzR+p/Vq3sZTlUvdzko63SThq3ZJWW1uqfbX5r1cNH4iv8tuJv52wDj73PJ4I5HAPB687qox3UiahLvRnLDKgN908FeckgL0I4PQZ61f113k8T6qFOwrdyZCkEqWbb8p79O/BJxxjI5y5jkkklfzJF8w+WDnChh3OOnRsLjJA6gZNfIygpTqRm3pUlyprm6p9XvdpL/M/TMMlKhRvv9Wp366NQba0u9ldaN9Db1NruSJpXjTasMjcEYXK9SAeDkAg/xHIxgYrivtMjAHYoVICpxjcckgYByRnA6YPPI4+a1f292IZv9KmIEYRo95K49Cygcj0I5wSM8ledhtZVD5klLBckqTxgtwTkMDhhxxk4GO1aRhyrl1u0rq6T6NtNR7+fRK+pvRglCXNJQei926dm1a10m7vS72el10ZdSJIQrK2Vf5uMdgO2efc4xj2rHuxCDpyiMkG/UY6nIPr1GQD2zgfltmycsdxkAcALuZM7mAG45x8uPmGcZzkd657WbSe0ispUcsE1BfmMm4jkYIGSMYPbgkbj1Y16WEVpQutpq9/isuRu+9/PS3W4VFDkkrv3k9NdL8uj7t2u2+7Td3Y7r4ugf8Ij4UUkDN3KEBIwGC9ARw3PXnHC5Bzk+S2cjRafpRaIu2+7VvnztGG6E55wRxnJxn+I16H8a2ltvCfgwg7yL/li2cmSJGGAfu4zkg9OOOTjyS2e5uNGt5wSkUF5cxkgjklGIXI9hgjIBJGByRXdiIQljKsnduMYWV7q/wC7srxS+HVaLysycvj/AMJtNtuL+sVY36tuSSWi1vZ2stL66WOp8YW6z+DLYouM6jGFzjJzHv4Gc9Bg7Ru7dBmvjnxKUjv5FYjCvKmGwMEkkZJwMY3cduPofqP4gzSxeAtFcXEis96DIiFgSNpAOQMZwAQcH9OPk3W2jWeOVgztI78SMScZIAK8KecnOOSOuSK4s8qRvCEVZqjSs9Fd3Wy9bcuuraZ7WQRmlUlJpr209NlzKUU09LJb7aat2tZKHRruOKacD5swkEctxj+FhkY9eR3r6g/ZMkDeNvEVwAyqtip5AIA4+9/ERwpyTzwM5xXzJoItzJMxiUN5cm4k9Apxwemffgk89STX1V+yFCsvijxi21f3dluXGc4AyBhR7cYGPU4HPk5fBKpTabvdaPr320SV1rf18vQzhwjg8Q5JpckU2le7c4pK+2l1+i1Pk/4h6bf3vxV8ZXyaoYFbWr4rGM/vNsrFVwTggD+E+g4IqS40rV7zw5cR3fiO2gh8uVY42k2BsE4DLkHgHdwOMH1IFvxlaXF3488YyxI0Zj13UGLliR/rW6gHknPGAecA89fNPHUF3jTI2eVYWt28wRh0QEDl3wv3mIBAbPABBGCa9l0VONP3mrNSsoqyb5W1ZtN2a96+3W10aUZSl9XgpQUVSg7OKunansn1T28tNt6Y8GauLaMprVg4klAEguGO5CQQM5Kkk52g4znb0rM+Lun6gbPSzMVhltre2t1lWQhWjjjONuCCNxAOefm5ySARl6bcywFLZZHMe+N953uVIcAbEO3GeM8k/Kwx6dV8aWZbbw8PMZlm0uOST5QuXUDDkEHBAAPPQ56Amta8YuFON3dpRcXZe97jTvrorvVLq09tdoymsRRvKMleX2Yxd1y3vq111dlq9b20+Z7OC+kuHknu2BZNpDSvkqWxggt1Py9AT0OOSD6tFaXSeCNRt5ZBi41CzAJm2hI4ywVSCSOd2PlAPBI5znyyMmW+JEgKLIjAEDqM7ScY+Ujg4HTovy8d/rd1OngG/kd1VP7XtFG3hmChuARzgYBODuI+6R2eHgqTb5U9bcyXfdt2vFLons19/ZVTk4JSWk4Nt6JtWbWuyutPPW9jkTa3Om3Ba3vLWF9vkgLO3O7q3JwMKQDxkYznODXQ6Z4bYaXrt1fR291NFYXM1rLEXYxuyElwSQC3PPGAfunGRXkiSNczJI0pUl/kzuYHJUrlWBAIx6c4Bx6+z+EJLi40HxOJbk5i027YZGPkVBtAB5yQG+ZQdxbHHUdLpQUVJL3m42ty3d3Bvqt7K3XpZXuRWUkopSTV1re9leN0vkut7Pe7Z4clza2cAtpFPnuQ+8FuQWJZMEZz6nnvk87h7L8PrTw54hnleWwWZrBUSFGmZSsjK4Zwob5ivfIyTwAMV4VlZrlGdD5gXKMWG0Ipw2RnIB+91wMdM812nw2vNWsfFUEthbQi1ljmS586RUjKorbpFHALgY2AdffkV9Fl1SlRxNCVVSnT5lFxSu0na146Xadr211Vux5ePpVKmHqQpNwkrty5pJWj800+ttL2Wr0Zv/BXwN4R12b4hy6ppjXMlv4svIYXFxKjCNT935CCSCeuM8cY6163dfC7wGxLf2PKHTaCTez/ADZbGBhiRnHBXJB5HHXxX4Ka3q1mPHa2WgXV8LnxjfOZYZEVVJbkffGQW6AYBzwDxn2G613X5JoQnhXURl0XmeI/xA4UbsDJHPAB4A7iv03LKuGlgaTdOLlbW9NvW7S9538tG31Wut/gsxp4tY2o1VkknBq1RJW5Ib++mnvdWf3u58xeFfAvhib9oj4iaVNp7vp9lotlJbW7XExWN5SATvLFicnndwAVIyeK+hrn4ZeA3kRjoRd/LUFjcz4AwBjrt545PPU8fw+B+GtT1TT/ANoT4lalcaDqEjzaRpsJs4ijSxYYcuS20g4J4JJ4xkGvf5PGepmTYng3W5FVWAYtCN2M5GSwPUZH8RznvmvRy6VCFCaqxUZPEVWlyPT304q23RaX0SSemhyZmsZLFUo05yaWHoaqpo5OEbu97N3vfRKzvfXX5q8deC/CVn8d/hTpkOjQx2V3bXRuIGZ5VmGGG1mbHCnGeMjJ4HAH1Sfhf4AMjqPDOlhPPbBaP0YjncCQR0OOu7J56fKHxA8Q6jN8ePhXeP4b1K2mt7e4SKykaIz3JywAUq7KvCjqSCvT3+nZvF/iBWlJ8D6oWNwxAaeBMHcDtAMvIGT8w9M8VWErYZV8a5QvF1Y8tqbkrclO/TTbbTV3tuPGUsX9XwHLVaaoSUr1eX3nUa7q7emqvbRJ6tvwv9o/wZ4R0fwZZSab4e0+ylfxRo8bSpEokZWuoVMZJHzKc4IJA7k8GvdrTwb4PFnZ7vC+is8un2TOfsVvksYU3M5KqN2fvYIDMTxgYHgH7RWpeItZ8E6Us3hq40lT4x0ULLcXcBWVzdw/ul2OTuIxw3AODkV79FqviiCytxN4Zsg0VraxKW1S3LOqRBRkCRtrMFB5xn5icgZN0K9D67irwXLKFBw9y6Vm72VlZu2ztdW0aWmGJWJeCwi51zKddS/e3bv7NxTlzWtpfd/I5jxt4R8MJ4S8QMnh3R4THo2qMGFnCGDC2k2yIQuQysAwbOcgEZPB8s/Z20jQZ/AeiNLpdhNKyXO6Sa1jdyonKhdzpg8fLyRwM8849E8b65r83hjxMsnhy1SKPQdUZ3GpQjywLWUF1CyszHb0BJHbGenlH7Pmo+IoPAekJZ6Hpt3aJBI8M9xqMMcrO8uWXaXD/Kc8ng+mMmsq9Wi8ww/LTtBUp6KP2nKN9ErtxWl0rJWstwpQxP8AZ1dOrFuVel8VRWSUXpdy79Nn+B9U6b4d8OtJJ5Og6WoVZ9xaxgOW2EjHy4OM+vBJPrXzz+zF4b8PatqXxaN3pGmXbw+MboR/abaKQQqJWXYm4ERqPQcgjBwQa9t0vW/GEpYNoegW4bzGJbVEDYER3EKr9cANjuWAzkgV8s/s8eLPEGlap8WIdL03T7wzeM7xrxpr1II4j5jZ8tmYbwScgj5gOT3znWxFH65gpuleMHV5n7NpttR0eltNE0rtJN2vqLD0MQsFmEPapSlCk0/aLS01d3TslZW8++h9v6l4F8IRWNwy+GdH3LbXTEiyt2BPlPgnKkggbiCDnpkgjNfiF4ws9Ot/iLcJHbJGYdWvIogNqqUllbbnA5RBgLycDlfUfrdd+N/HdxBc28OiaJh7aaGNG1PzGxKCgICk8/NkZ54x0OK/Hzxbd37fFLVre9sIZbm01Xy3SJiyCSMsWK8DjdnbzngAAGtcViqVWS5KXJyx95qPK5Ncuytdu9tX1v8AKsswleEZRnVjUu4uLc3Pl7tK7tZ6pprrd739r0ixtYIpWmRHMscsnyuCgdSCpbOVwSBx1JIzxzXKfGiBbvxDockltF50/h61SKUMqqECAAuM85H3u4yMDvXYaZes9iGOmSKv2eV3AWMgsBk4LHcQCeOxODjNcp8ZZdNi8Q+FlujcQSTeE7CS3RVVh5jINxbp0A/2Tn0HWaE4Wjy3Vu/95Rd720srbW17JHdUpVIyVrNPmvJu19IXadntfR3130WhwsFpNb2zfarRJ0SPMTqFAVVAJCsoLYYHcS2MY+XgDHQaxbE/DjWGEBVJb2yaRJQxBJY7cEDoM8c525GeQDBHc6dJb28TalKjGMKF+z9uM8bRxnBz27DINdtfaXbTeAtTje+domvbDe7vGuC24hDk4Q8YXOAcHpur0oV42Su242S8m+WV229VpqrLTRPqc0aEufmimmrOzaVnpfVXvZJ6O/3tHz9p9qIop2mtFEVwpKshARwiYxjaeuAB02nJGQa9b+F9oYrbx40duIlPg69LDA3svlkA5HJXJYqx5JwQSVGcGXQLEQgm/wApEAF/ewNgHacHLnOT93p+PU+h+AbG2stL+Ilyt75kS+DbqP70bshZQCcBmKAdhyCR1zmqdZShGNru8LtrVWcb67Nadrv8CFSlzuTlpFO19W7pX0XKtHb0XZanxlZPp9tJIJ4ZNkruu7OFVVc5OHAKhh1HYHrggV6V8N200+NdFa1IeR7qQxR4V12iJi4Vzn5sEZDYz8uOAQOKfTNFljkR7u4kW4DgMXAw+SWABYjBJwOhx/Ec8978JPDNpD448NyW9yywrJcOQzk7JfJYYKpuOMjO48LxnnNezUq044flfMnyPVrldrRV3vpvpr57HlU8PNV3NztaV7rorrRq61s357WZ4CDYR+MvFkl3OwA1LUCiND8qEXEvBxwOQAQenAzwa9Z0mDSL+Cwn81UnlvLLyCphXcPPQgEAg+vp1API21meIfhzdW/iLU5obLUpnu9TvpLhPsV08LxvcyHzIzGjZUq3UFhnrxW7P4VjtRpKNoF/ZCK/tHt7h7a/hilYPGRGjNEoeSU52oMljjHIxVrE4dxUY1ILlppOKfvLSKu0k7WvZcy9FZNnJWT55Jyabk93Jc12mmnqr3afTez3ua/x60ON/ibP5+1NuiaSpz5IG77JCd2W7EdWXuDyMV5xJowIjklli8mMKEUNbn5SPmA56kZz93AwRzwPor40/DvUPFvxLuJ7Xw1r2oRN4e0ZA9naXiLHMLOCNhJ8hC5YY3Ek5x+HnFz8FfF1latEPAusFY3+ZrgzIQpUYBGDyOowG+XHbmvNliacnF+2UVotbpX0aTSTS17X09WdGGgqUIxly6pNPmad3Zq6s/W11roupkfEia1tPhX8OY3nENuus6isAVEbezRHLNs+Uj5sZAbnOW7jzvQ7+3uxBapN92CUSGMRqy4UnJUkYHQjJyB1Jxmvevin8G/F9x8IfhhcweGNTNlY6hqU+pSW0Ny8Wngbjm6uNhiiJzuxIylskABea8q0D4R62wjvdHtZrg3sbpE3nRqpOw5BJbBJOQO55zwM16uBr0Z0p804NJO7jZ2V1ZpqyeyevXfuefipxVaEm04t3e2rly6JvTV8ttdNbkuhpaXHhv4pWs2HgfQbQy7doLotyoYZUgn5iQevPvXnGnaBo99asi2pW1NtCFCSBRIUjxucKRlhjGPUYPQAfWnwP/ZK+OfxDv8AxBofhLw0upL4k0w6e95LI8Om2lxbTtPJBJfz7bVrlUDN5aOzDpj0qal+y98TtI8JT+N3j0LS/B9hr114Ia8vdStIXk8SWF22nXdrbRLLvnX7SjDfsOBnLLgZzecZcl7N4qkpU2ozTnpdtJRa/u6XWyb8tYp04urNp6z5Hy6L7MYq73Xw3vu3btr4p8J7TQLTxzaSR2Msd8NK1qGGYTY4NhKCM5AGR1HGOe3XyhJLG4ugP7MiaO3vLqKWUsu9pRcFi7NySe5JPHQcA1+jvw+/YX+O+mX8HiFfDekahpy6feTTXMerW+QbvTXlijgDThnJjIc8YONoz0PgfwJ/ZL+LXx38bXvw/wDAfhuwvNWOravbSPcX8UML3lpPIs9pFIXAa6Rlb92rZIGSM8iKOd5XOVWrDFUJRoKCruMoe7Jt2jN620j91t2VXozjBNttN80m7OKSUerSSjprLfTV3SZ4jptzYf2zpoNnGq/bbLZIEjZt4mTjOCcg4PHTqecGuo+JmrNb+PdbIdGjliso1UIvykwjqzYxgtjGD8o25zjH6YD/AII8ftm+HZbS+n+GmnNa2V1BdTsdUtmkMNs3nXDKGl3FlRCQFxnbjAzmuL8Kf8E6P2lvj5qfjHxT8PPh1aeINB0rX7vQrnUW1CCOGHVtJcwXFjtkdWcxupQtyMg4PavMrcYcPU5urLMsKo0Uo1ZurG0ZNxUYyldO7tZR8r9XeoQn9WlapTTck176Ss2klfmS2do7NvzuflvLrOppdSKzQJCke3JUZztyDkDI9CckN9QMe6eMpbObwB8Ol1S9KI9jelPKCsQWdSCFGMBiOhx6424z9/3f/BHn9tCY2yXvwf0+2e8Yojtq9qmVZSEwokHzEDocAAH0r5e/aZ+Avxd/Z4uPBfhH4leBU0S7tbK9is47ueOaHUBDJslaBkZgRGxAyMnIAHJydsv4uyLNsRDC4DH4etWbcrUqilLSmk2lu1bW/b7jFYerCl7RyjNXuuWpdqyS2i7ySaStt6anjnha28IWmjJJOk0z/vCJPNG5mIZgwQ/MoDYO07e3IyM9p8D7jT7rVfHMVpYskr+D9fbzWIPmR+WxBPfpngnHZTzg+RaPPrckYtn0Kxt1Z5PmdigCgHGMg4yO5478ZBr0z4KalcXHivxLZSWEFqsPg/XEdrQOrTDyzuA+UDbgdSc5wOcrXu1oyWHnrLl0k27avmje6a6LXy16joQUsRTkqad1yuz01ULrVaWV/NPS9jxX4f6Vd7ZbmaFkjdb9I2VV+aRnkwpKglR3Oc5x0z8pPh9qmsaD4gur5NG+0GH+0o4GdDguVfGc85XqMfNg5GOh2fDb6XHujik1uERm7lkwpaISCSTKqCdpH3uefmIAxkirHhKbTtR1FbYXurLI1xdBg8O1QpG0EM4Awd2Mfe4JwKmpOnUhCHJeLXvXik72XNJJWv3ta1z0qadOClztTjLS0r32877X6a9T3r9ivX7zVPjt4NvNWXyL1/GNnDHEzDCx+ZICiggdOM7TjLc4bbX6qf8ABT3UdNtvFHwQuJZFR49O1qxJJA4CKSzEEhQMjaGIPXkYyPyS/ZM8Pa3Z/tJeAo9LQXwTxnHcLbM+65lihYtkIDgsSwAA6cEL3b9Qv+CsPw98TahP8Br6ztUtr3UDrQaK/mkt7VnlVFERK4OQTjLAAEcheg+Ulj6OB8Q+GnpFwoV/d6yvFpOzu91rotVoev8AUniOCs7hzJTq1oJOW75JU23ffS+urT08j85fiJ4m0ubw3psUFzDt/t7SgFSRfmAlwpwG4z0JzuPU8HlbzW4ryaOAxpKrIhOdr/Ku0BcYI4HHygjJyOOnnnjP9mb48WXgka5L4S0nUNO0zXdPkll0zVrk3LPI4eCAQu4BLbsfLgDOST0Lj8O/jNYLPcz/AAq8UWfkQQsz29zBcKsbIpDHzXPX72MErnGRjbX9I5fxPgedqtKMHKMLxabWrXMrtJXs99tejtb8AxeQY1QhKm+ZXkrxldJpx72i2tne/fzI9W0DwvrPjfSzqmhaZdp/ZU6mO4toSrZU4DgDJIOeecZJ6jFak3we+GdyCT4cjspJCvz6fcTWhXccAx+Sy4I4PGOckYzXnc2s+JdB8Vae2v8Ag3xSLuLS5AlubB5byWN2K+bFDErq4Xku3QfKB3Nd1b/ErR4JfLv7bW9NZBGzpqOl3UaxDdnLFYiBtyTg8jkdSM60c9yWo8RTq1cPFzqvk5lFNK0Wnve2ttO+mqaIrZXnMIYf2dKtUhGkk1HmlFaq3Mk2r6/cjmdL+D2iyXGvnQ/FPibRpLbURDAU1CW6RQUUjKTOVdgcg5BPAxgMa+JPjlCuifEC5sPENwvi5bGK1Ed9cAW12Y0YEIxiADFSeATgkfhX3rpHj7w3bXfiMprFrtn1JJITKjw+YGiTDfvACMMTnO0dvr+d/wAf7hNW+JGrXtq8V1BILcLLBIHRyDyBksDjHIzkcj1NeVn9bAzyylPDVoSn7SzUJ35le691PdJLp87vX0cho46lmM416NSH7tK84cuzirXlG7T2tfRWujPstX8FyfE7wHd2zarp1xFeaexWWKJ7WSfzYxDGGQFyA2ASSDj5uCTX6W3uoX0XxW8Pf2ddaVfyjU/De94A4jgMl5A5hm3AfOQ2GwSO2c5r8jtJtpZPHnglsEKdWsVb+JV2TI+M8gEckADJHsCT+oPhB2X4mtLPEEhl1/w75bFDubyrqFTtZhyMA8+oA64r4Ws4+zb53J+zla92lbs22tlr+qaPtY83O06cVzTVtPeV0nvpZJbPrdPXY/Uj/go/fwp/wqPTtWeO0M3hRbiG8VSbWN3hQvC/bJOAhBAUd+lfD+qC3nm0+ezeG7gt/BkCfaIGDxiSOIb1JU9QRgg8qSV7bR9a/wDBSiGW+X4PLKpK/wDCIF1DbipRIuhX1wMjOT0bDHAP56zza1pk/hBNDlSyhu9HlgvYXXzIbiFIzuypyEcEE7lGc5yecV52VylLA05J6OU76Nfbd7JaLVPV7bJd98QowruLdpKMdWrq65XpbRWei3V099DO093XT7aReTcrLbAAD5na9D7Plz8wwRg89h2rsryxeLxdbzxkzPH4efKKQPLxEwO5cg5GNpXnnrXB6VrWmLYaXaalI9jqDeI5FtgF32bRpIxJ8wgsrsQcq5CjByODj0243SeLL6SIh1TR3jE0DLJGfMiaU7mQkDgcgliMcnjA705Xd9H00vuotWbW729L9mSqadoyfNFpaatKVopOKt72+70skux54YDLo3hRtkgeTxHOzK3RcSNgAkc5AJJwMHHCkcuvLJ9TT4hRqwiURQYBBILQR7gpByCAQcg88fUCg888cPg+JbgyRPrt1J8oPBLMrZGCc5GV5wM4J4zVlb1Vg8cskpZpmdFQAA/JE+AcZPABGc5JGRgDFaSVmruz0utNXzRu9G993tqradZ9nGytJpcySuuVtXimlK7v30b963VuztNvLm01KzhjjE4uPAzecVyf3caAEeg4yVI47E1t2N3ptxceDoiqx50u5LI+N6qY3DNvH3fmxkk/XGSa4a21YI+myeZ+8Hw/vOVJyNpA6EY/3gCM55zmnWVwx1DwmVCEHwpPOWGVYuytnd0GTntzk54NHK+j92zaum7dk7901q72TM1OOjfLJvR6rZJNPfRpt32/G67mS2WLS/BarKTs8RXUy4O5NokIzuHY5BHByOhKkVyt0bdLPxTerM9vf/8ACV2otruHcs0KCVQxVcYYZOckMxG7OBzQ15dWuleC5YZT5kmq3p8jkoxR2YcEHC5zgkDBbg+ktndWupaTq8VykVvqdx4kicxlQInKzAjDEYDYBOCQMFueRUundWlHmu1qrtaNWtprZLVPzvdrSY2Vpwl7zs0k72s7a+d7NppLZWeqXdS+Mr21vPGSapbR38X9iafANVtwPPjVYxmS5iA+6eBuGTwSfU+q6Fq1rfRO1hdx3kH/AAiFg80gKho5QWBiKsdw2nqBjjHpz4hqemSwv44kQiPfpumgFSWVlKqXVh8ylQccE559eRRa3vdDuv7T066aC5/4RiBZCgJt5MoRskhI8sZJBLFc5A+lcGIy+Fam1Tai2rXcW46xjbS+jSWtu99Fq++hipRn+81s1qtL/Da6vr2fbfVXPtzR8SeB/i7C5+W78HQSIcZKk+WScgEL0GMYUexAr4B/aY8YReGta0SGECaS98A6WheNgcB4vKYt1AUKo4PI+or6a8B/FOzudB8YeGddRbDWtU8FBLJMjyLzy9uX8w8ITgYTPoDgAY+E/wBpxUufF2h2UoUmHwLpzrhyQcNIVAOc8kAAHvyfbgyXBTw+JrQrRtduSd3aVowtZ2as1ffv5XNM0rQq06ThJNpxs76xas7NLq20tXpp0dj0z9jC7XUfHHjmR3EgXwUyg4XIDSoccZxj5uCc5yB3J7X9v270LSPjX4BuPEmnzan4fj8F6C2pWVqTFcTwCCMsInABVuT3HOTnHTy79ihHtfF/jUOggEvhmztgTuPE0yKMYB6gnr34IIPHf/8ABUKBrL4neEBK/mD/AIQ/SrXcAdoSO0gkJYrnJG8rwe3QjivGjRhLjCrSblyTwySafLKNoRdk1te+jTv21u19G6jpcLUqqtKbqy+KzTs4301vZ3Wm6u7O5wnw91j4JeKPEVva/Djw34g0DxA8c9wk19OJLb7CITvhyDjeMHBOCSMMSTivifxqNPg8RauryO8i6xqMZLEFCTO4Y7TgDBP3jtxgZHWvbf2YpSvje3kWUKDp+psg2ksAlscdRgAAZAyT82Aa8Z8QWd7qmu660WiXN+TquoiKSK2mYmVrqVRkqhUFsnBJ5zxuXFfWYahTw2JrU1Oq1yQadWSnJ8zTd5b6LvZa6XasfKV6lXF0KVWNOMW5pcsI2jpy62jolr6t200Z1GsanaX/AIU8JWt9cfZ7ew0+eOKRNg3EOxDAAcjPBGBwAMc5P3//AME1dPsrrUPHLWl60sc+seF4pTgADbqCSE5AHByASOwx1Br84fGOhzad4c8LR6jZzWF8tnOWs5I5I5BHlmDbWA5HGBgA5wSRxX6Ef8ExL5rWTxxIkaoja94dVyyn5gt4h6AAA5ABIHIxycivL4ihbJMS6bdua901reond2utrdOz6Hp5VL/hRoxlG3uRjfS9+XXS2vROz2vsjO/4KYXdnY/tT6lAIIbmK0t7CN4pR8rqbeMsMhSdpcjtn+HrwfnTT/GegeHvB1trl94R07UNOvPEAim0ORpI4JjFCCHkkUfLkADGchc9CBj2f/gpPdLqX7TfiCdEVB/oIdmJUBWto+e3UnABAx8oPOa+VddtJD8HbDEq/P4qnALkYXdbkd2yFDe/X1OCd8qoxnlOWQquTU1SV0+W2ib1T0v5arfRXMsTWlDH5hKFrwjJxur7KNnr0d7Na3b2vqvW7P4//DlP7Wtovgn4clgvIQsSi5nZLNiSN8TctuUkk5JBJyQQc1wnxTl02UaBe22npaC7083Bhi+ZYo3xshAPKpGGCrnBwF4wRnw/Q7VomvEaZfM8uNQqENvJYA5XodwyG4zjGeQcfSWqafpd/qPg2y1VglnNp1st5KzBVMOI2ZVfkghdwwD0IABYDHqLDUcBVpunGprzSac5Tu9Hb943a9ntps7I4FUljMJUlV5VKKioNQjFJc0Va8UnZtqzb26WufTv7BUIl13VY0nUJDFp0zIQuUU6jEepxzksrHB79K7T9sHVrrR/2pfB+q6Xpseo39pq9rd20ZRpmkaNFiC7FwWyeSMHAPRsc9/+zRp/gy38XXdt4KsBZ2cfh7dcv54ke5ntblGVy/JK/Jxg45/hya88/a31TWdH/ai+F174eNlLrE0Wkz20d6qfZ3ubqSOIJL5mECl2BLNjGcnOMV8pmE1jcyrckJKcsJVSUrXvyWS6x1W17vt1PosFRVDKLKUbRr01zQXPpzRd0t33V9bq19T2PwpqOseINQuNav7vTdKu7rVb+a9jgh/f2TrFJC0EquPvHOfmHy4Awc4pdG1jU5fBuvaCniC0uNNi8VaYy2hCxsxW5TdIducM7AjIGRgkE4yef8Q6X8Uo77xfFpHhj+1PEuiXkmpeJk8PCGa1tre7ga5lldlbaSqZYmPcoyTn0+U7H4vzRarLpNhYwQC7vtK/tSa7mVJLWZbqM3EzgHYJF2kZB4wRk/eP5zHgrH411KkaEFG9Oo1SmnKXVJcrbV3o+2qPQhmtOlO6q63ad+aMYvRu9tHa2sWtFdX6v7U8c6rrPhnxVqk+jNcS24u7SdmW7u5IgzWwaaJIw2C3Ysy/Ln5WOQD8s638FLb45SeJ/G093Z6TY2NwFuFkuEW/kulglcuPPZC8TFdrt97LEDHSpPjL8bo/Dvja+0/RNV/tG3u4beT91JBJbozWuJSzmQsHXoCM+p7mvk3X/GevXoa+0rVbqzsmkQXNja3UgjnmIYlpFVgrozHGCOjHvkn3eG+Ec6weXxlQSwGJc4Kc5QvJwpuPO+VNK7ikutrp778uPzXC1MZGFblr0Ywd4ppL2jUU3Fx0ajZNq19mtGR+Evg/beKNflSe4mhsLTVEsZo7NUlu5oDKYmmto1+aTGRgAHJwB1Nfor8N/wBlWb4deBfHXi1otYh0htTtdNtpPEWnyWkl5aSlCjWvmqoUsrMZOuAEbIGK+JP2Y/ib4F8B/FfRPE/xPi1a/wBGiLKINOAVoLwTqYpZUXKyKmNxDctgNgnIP7+ftCftg/Cb4mfs5W/hzw3q9rrOo/2vBO8a2a2k1nbxohjjdlQb2QKFIyST1ArzOI+IeLss4yyHKcJhcRWyzGVcNHFYuMXKlFudqkXKK9xpRUrO97tbs9jC5TkuJ4fxuOTp/W6dOrLk54qcUlBwlyyfNZ6JcqfXq2fldf8AhDRtI+LGg6fYsNLtZYbRxl90XnTQSFwOobfITkHvzyQRXz/4i0+90/WtcsWiC/Z9culLFSA8TOSML/COjY4BGOhFe1+Ndam1XXdB12CArcJHpLWjFckSJuCjA6khecg56HpmvJ/FN7qF3q+r3V6shvZ7wNOqR7QNwXBwB0xgkADABOeTX9V5JSv7PmacXQT21k1yXv7u62tu076J2PwfN6lsOoRav7Z2klb3dPldNadXe/S5xmmyiOCRWtfPJvGCFolYAMTlQOQcc4w3foByaskVlPaymayBEd0qvtiVQF3MNqkAcjg4HH+zzka+hq/mWyETM8l1IzhULfdyQehxgMM5J4P3cfesRxI1nqiMeF1BGJJZMAPjBHY5PTjPIOeg96MKUnOLULpJ8tkmlyq+1ru7V9no7I+bVWouVKTSsnf4dW1ovvvdK1u1mzz2G10Wa6EP2RoyJJSQxZd20cZ245IxkkcgHPAwPIfiPOgm0iCDcoxLGRvYnZvIzk8gKeh4wT71721qh1qaMNHsUq+QB8u9NoIJOWLAjIx1zxjr8+fESPy9V03cAFLuB7DzD6dCBznrkHoenzubQ5PZWXLrLW99U0ltbf7L0uj18vblGpJtvVJe83q3FeiVrK9rW3eqP2J/Z6k8v4IwQGQ7m8OW0UYYkHDTsCWGCSMcHnn+HIrc028iTU3M52K+jlcqNu4xkqoAPBJK9eRnn1asH4EKn/CodOCsCF8N2srDJBCrMx4IxwCfUd8HrV69t2W7iHl5I0dnYAlgVJLZO3IJIOc8Y3c81+b4yClWxKabu3o0tJSt5aW1s9NbLbQ+/wAqbUabUtVyXSXxaQsrJXWz961k/K1/0Y+E/iHQ/wDhBYdZl1KBdbNnawiGd4NqRWjgtGVc/KyxoXPHcgeg+Mv2h59I8ReJfE2sWzxCyvNHFuLiIpIPOIZXdQpIY7iSBwQSSQMV5x4N1vUtX1TT9ISU2+mnUJba6hid0d1MQViCvLZTKtuwACBkmsPxd4e8R634suvBXhVHvdRuIJZdLhkuEtotsDu7oTK6o8hQZAYksR8ucsD8RwvwfTyTiLMM5qY6b+tQlNxlpCEJOLbut7Jc17aL7z1OOs3WO4foYeEHF05wi5WTvNRUVy/JyTVr2tqet/AH9pL4G/Ar4M6/8KPiB8LIviJqHinVka58QHS7A3w0m5O2W0huZU+0Rywh2aNlfI2kcdK+Jv2hfEfw5vPF/iGf4ZaJe+H/AADcw239hWN7Ei3Fu5tV8+Cd0AViHOScg5AOCpDDmfij8O/iN8PNbs4PH2l3vhq/vdk+n21/Iqrd2zKALq0IbDRluMBcd+53aui/Br4hfEjwDfeJrWCG98M6FJeHU743dtazpLbwSSqtstxLGbn5BlyuWPABBIr7/KslyfLcwxPEFDMMVKOaSg5xnjalbBVJvlip0aM5Sp05yaSXJa/a1kfkGOz+c8po5ViMNhqSwk4Rp1fZxjX0suWVS3M7uW0m3a3Xf4Lhijn1SNi4+W63DIwAonBIG0ZIA69+nvj7hsJIZbBxDEjCLR7dXY4AJKrlkOOdw6ccEAkDcVHx/caRZadqkcaXJnd5llVi4yG81fk4OOOQccckcgrX1zpkjnSnKxLGrWltC+MgsGVM4PGDg9PXPJODX6rlbpzjJxk9Yxdkntunv0WvS6b01PCnUUlFJNO6Sb1u7L10bTej1a12V6OkW8U/nFHEcbOyoQ6MMqhDGQ5GD1yvGcjPI4ptG9taXEcknMiuqFfnV8SHBJ5A465GRkj7wrM/sCSKSWWzvbgf6QzLEufKw+QVI4Bflskgjjv1PdW+mWz2aRlXkZYyrqrgFHblnTkFTnByR04J2jNelzW0ul1UldvXleivqrp36WtbYFzLSyS367O211bva23eysQ2nhtbiwCw6jZO8yxGSMy7WjO3OCM7g2OSOmR69cqS90vRmkt7y58y4UbdiJkLsZQCHK7SmccE5OeOM55xdKaDWpEW5uIh9oy5Eh+ZeSIxhuCOASR9R2rV1Dw7bzwPcOW80BwfMlLB8OuzLLn5ucckflmvOqyi000782l7eV9G3rZrbW3a1joorWLut0rWunezWt11bvo+/QzNX8TWdjflPssk5kt4nV1IIVHUYyBuAI/TceBnFdH4el/t+5NsIY7VBbLKtxKcKcsvBHTIXH94ZPXJNcZqvhSa8vnZbxY1a1t7fagOI22kHeeRgj29Bgiug0rSrvSreWOa4jk+RYYmVvnfYw3EkHJHHQ98E55rgqzioNLfR7a3utG7bNO+javv0R0zh714vW0bK7a6N3to79Lfcm9LnjR9E0C9W3uLiScfYwZAgXIY9AsgGVDMQMAk5HSuG0bWrW7vFtrWCVopb2MTMzA7QGyOQSwIIU53YxgknkVa8baZNqN15rS4SW3jEKAsCSiD5ScZZvYfXGRWT4O0Wex1GCGSVCbklmJAyiqGOGb5TknqWAPQ44JrzK0vdlre9OT325klp6Poklqr3ZpTX7ym7L44a97SS9G9PPd+i/sK+DN9ef8ACkfgPJGrXOlXHws3XomZXmUwlAohOSQwPAxk8Y6Emvz2/wCCoFxcyyfDq2jtksoNU1ZXcySL5kotY4zAr89VDEqcY9ua+7fgjfNpv7Pn7OUxVXSf4Z6ralRufdIhXYcAcYIIBC8fMeD0/Lz/AIKfeLb3wv47+B/iHUFg1i0tIrjVTpN2zC2uvsqRs9vNGMqNyqQSRnBGARkn8g4YbjnVRRim/bYuSjs5NTm4pu2ib0Wre7T1Z+y53GKyGlNysnQwkXJ9ElBbvtfS99m09r/lB4gi2eI/Ev2bdFNAwUlkXJXYok2HjeOh+THB5yDmvQvh0tzd3GlSWFs811p0ouZW8ohdxIIxgYDHOV3YyGHNfoH8PZ9b+MekaN41X9lHRj4V8YW08+n3el3MQa5bT1KXEqyth0Em1SscpG5iQCcGvNvHXh8+ENZj03TPAV/8OJb60e7vNJvJI57yWONy0d1G7MzRoSRtQKBtBI9v1PJ85WLxf1J0FDEpyiqcatKo1OlZtSUZuUXbfmjfpdHw+JwtanRjW+OjJR97llFOM4walFyjaTfu63ffVN2sW3iSzuWvbW7+0W81gsUtzE1uzF/MQb1iIQ9sAqATxzznO/Dd2c9o01nI88fkKSixkSIzN8qsGA+bOBgsWwRnOMV5RG3jS4ube6jvbeIgDJe3Q+bEgAT7QSPmYEZbOSdo6Dg9XCnitnWdru0i3v5jmG3WJCUHyZCqAemWXHJI6mv0GlVzaUlGWFqciSXMoNNJcr3b1TT1VvNdj4ivlcFJuknzPVu7a1t1St8O2ln0Z0jWc9xC15DbSXJFx5b5ABJKABCmScqQCSBkEjkHAr7F/ZP/AGSNS/aeh+ITWXiePQtX8D6dBd2GmmAOdRvN7GO3l3DMcUoAjDDHzbt2ea+LIr7xbHZx25uLUSpemdZUhVXydwG/bwcDBz1HOMcY/Yb/AII2XWup8UfjXHqV1BPFL4S064XCqpadbxiCqnGcAcYwegPHX57jPG51luR4jGYNSwtSlUoydbkuuX2tPmjJO7Tle12/hbSaZ35Bk9GeYRWOoxr0pQmlTUnpLlXK7qzvu9Vvf0PyR+IvhTXfB/iTU9A8R2txput6XPqFhqVtPH5TwmB5UQiNsMySKodDg7lwVO1s15D4cs5401mUyK0D2W9F3ndtEpJJGATxk4GQMjjAJr94P+Cpf7PVzqOpWfx58KaHcFFtTp3jlLaDPlgkxW2sTRIMlWXCySfdC/M7AEkfhvaRBI9S2TQsBaLEUUKC25854LcYIKnOSDzyDXhPO6PEPCdTMIySrU1GniYp2cMRF01NW21fvxVruLTtZM9fKsvnlvFGGw3K/ZylKpRvo5UZRTTv1cbcr7NN63O+8ITA+IdIK4Yrqvh3DAng/bIencZyOO+BzgCv7mPB+ZPAvgpzkl/CPh9gSQCG/s6EZ6jIBCgAH1J5Nfwq+EJGHiCwAGFGq6ADkg4xeQk4IycjABAz29if7pPBLs3gHwOCOD4O8OklcE4/syA4GRkk8++Mg7c8fiGfu1SCVn7ru099Yuzs+l7ad/PX9PzqPuYLok6qe3u3UPPXp1eyu1suj2ls7TgAL2B5bkdiCT34289RxSsACRj+IbuTyB6YA69yD3B6KaVWBUEZXGfu4559eOSQMnHr3IFJu2s3zEk9BgHGeN2ACQvqASueR/eHz0eXtdvbstY2bvp30s076niLSyWqvHfdNcqV3bR731t81YcNucgYODkjgf3TuGc5wAARknjBGc0AE7skhsdDwBjrznAJGRgdce9G0cDPBHQE9+vTplskEDGcZPWh8ZP8Qzz7AEgjAByCfXnGOh62m929br7Nm9Fo72XRe6mk9bbuz5Xre3p6W9NbK1tFfaw0nOSGzkY5yMdjjbkdz0yeOMGm7x82G5wDx/dP3uvOR7988nApCWyApGPQ8cjBz+GBj8x61Gec4znvuwCcDgH3J5wBjp0xgvntJ3Vle6ir2uuTlS9EvS71uDimtfJJ9rW02s3rfva23RxxuOD98Z5PB2g5Gc9B6Dn1HzcxEE4yBnB9QRgYA+8cH+o6EbQJAykADbk4bOeByfqMNjp7D2pSQeF5yRwCFxgcg9c47fXsDzar7aJJNej7+lu3VaSa0smr2vdJ2V1sujd9etl8mR7ug4OCTk4IBJAxnPJbJPTGT3OKaxHPLcdSAOrcZPBySOO4wOelBZQMEEFWyOOD9OcHscjqPbikIUZOAGBPy5/DA5PB9xn07UOSsm97p8qei0ShuktNpbbp7oajF2a7+mqa7dPlrdpKyQm0cENtPQk8ZwPTB4B68Z+pFKCD09Nx6AcE4Lcjkeg5JIx2FIdoK8HH59enTg++Bn7uMjgIQmQfTdk54CqB1I578c9Rjjbipc7q2l07XTVpWUVva2705dUtHa6LUe1m00raqz5oJ3XK1ey1fR62bG7icgN3xkZznkcfLjjHQkdRweKY5y3ykE8Dn5QQw7Y9MDkkAe/QhK4PJwBuJUH6YJBHTAIwD/tEggUNsIAHynjADYIA6kAdj1/2SOdpHCd0lZrdu19tFdapf8Mna3TSCv0adk/i12jb3fntrb8CM8h8qT0z6ZGSemBzzx39+tMYMzNnLZwAo2jAHHHPT0A/u+lSEqe2RtwSD17r3X5R3AHrkE80nQgdsDI3Y+7ggjqD+WB0AJqeezstFt5W0tf8beqbNYqdt29rrW6sor56q973W1rEIXdgnkAHbySOSD13EcYGPzzkmpAOSoHIOcDOeQDz3x0GOg4HHSkJB6jYQfmGOoOV45OehHqV5OO6O2Mg+gGTnGOSTwAcEfKvU8dOwbkm0rq70S6aW69bdt3psWryWtk3e17dbX80+um712tcLAfU9cccdsnj9OnBzty1MMqnht3oB1wBjGTkY9T1HUg8YpBgBSAQeB14JHfjsM/MOAfotN2AE4HTBPoM55JwPXAz16ZyKh1Lb28rbPZr3m2rb3td210ehNkrNvW90l7ultLv87PfW+hKJEUDaQ3zNwc5xuBXBIxkYwBgjaR8oJpu7dxjIySSSeQcYyQRx2OCMYyOtRnaMcDOQQCfvY65wcknGR1xnOO1NYkn5QScYHsSQMHjsOenbHGQCKo9EktUnrbS+u6sndr53d1a4K1rRa7Wbu9Wlba2i1T326rmU6j5w4IyCNx3N9AOvIPTOMfXobanoUICjAJx1ycbQexyRycj+HpxVFTg5JBOQMEj7w4wM9B3OfSrCOeMEgcHA6L3Azk5HJ255564Xi6dZprZ630vd35fd0TvdLS+l3d7a4Vad1eyvbTeyaad7K6aa1vey0s77WxuyVBB3MduRlvr065yuA3zYP4SgnIypOMDr3HIxkZzuHfoM/NxUAf5lI5IJGcKfmPXOMcc/L1HHY5p+/YWBOMqGKk57ZAxwcZ5BHYY5Ga9KnWTVrei1WrSd72Xk9tLJNXTOOVKejVpJ2Te15XWmnS1nr20d97AdgSxG0cgDOcA84CkZyD3JIPPJFDuCFABxjJ6AkdMe3TPUHkgnFVUfIJ9VGPUkjsM8e/sSOelSllJPP3evQDjnPQYA/i4w3PvnR1pNaNJO129duu2lkvN3XR7uMZd7Potf7ttl87J+eu4kjKT0zk8+o+nPTpjufXFV2X0yD1IJz/+rA54HGCcdDT3cAEZ5PAIweh6nkccdMfzqvuILHdtBCnAPGRnAOeTweeT9Ac54q9d25XJtPf3ul4236+Xqmup0Uoytve3V/JXs9bp3e26avZtkyYBByG24wVHXOeSOu44J7Hvgc7hwCzKWBA4PUNz6cZPofwzxUPmZB54OMn7rAseQOc54PbqSV7VG7kE87Q3zDJA3E4xn7vUYJz15GRnjglKHuu97JdtNFayeuu2z130N1sk9Xa6svTWzbezve779SKWNVYY4P0A44wOhBIHHqcDkVUcYJ45ALNnnJOeQOcd+cYIGMjobJOMgvjPXnI5JwQ2M46kYx075qsxGMgFdxHXqFGSCeCPnGc54A4rnqSTSStF8yd3s0mt9kvyir2021pSkna3uq9m+7V72316O1t7NXd4gu4YO3kbsjPGSCeCBg8AgdCOuSaY3zEADIwMcfN+YHK8HJ7DOPSpyeBjDcEkcZPy4OODz2xkdwMjNI23qOCBj0zkjGB1xyc4+uD3wlTcvtaOzbv8LXLZJvl6pJt210913OmM5aRkkvJPbb5L05r9k7sYsPJ5wOvABJYEkHkHCgj7w5IGM/ew9IdjYXG3PGc4OeM8DHPO4ZHIPI4yqnCqecbgrEknjnv2AI9PXvg09XwQCNwOdoGD9BknHzMvAPTJ9adGEFKLko30Sd7PTl93z1dtrJWV3oEna15aXve909rLp3s7tL5JHAfGA7fhd4weVgyxaa0mASBhVJI64HfIbGccYzkfzVf8E+PAsWsftb/tG+MvFGl3Fzo3hXU45fDESvusbfXrtdkl+8OfLaQWxADSDKkcYyQf6RPji7J8HvHskY+caLORkZKnY/OcHJ/i98Y4AyfwU/4J4PdXfjj9qy0G5Bd65YRS3CnMkTvAibolc/KyryMfe6DA6+DxHiZ06GYKnzQlLLsPSUk3ezxtNyTteza0a06t30PqeGIxlGldu312o1aVn/u6WvnezS0u9T+aH9rOYan+1h8br2IJMV8bak8zFlCv5U8qkALkAcY453ZILV4+rW8loWQ+WrCUzBQAELoRjJwrAjkd+3093/ak8K2Phn9o34129nczPBb+ML6FZ5wrTzS3U0jyF9xywEjHPXGBjHFeY6v4H0mz8NaXd3WqTpNfLJLm3ZfKDAMVjkKNuB9cgcc8cmv6l4fxNClk2RQm5pVcBhI0tHZP2FJWTS6JWb5nd3tc/Gc2w1epmGazg4yjSxVdzvpp7SyUdHe2zvva9n0+cJ7bS7vVJrTU1MunQZkeQNGhL9AT0Y9cEdBznGa/oQ+BUds3w4+G9tZxxXUUWgRm1XcGijh8pTtYnq4I3FeCTwo5AH891x4bj1bxJeaTZziJ5rKedJ3JbeIUMjhEBJZmGTgjrwBX7/fB6Ead8PPhnpAVofsXhq0uZZYdyO8f2VGYMeCGb+IZAyT061+ceLc4N5Zh4yftXVnUkk72g4RWjWm9rL8rn3HhnCSeOruF4OEIJpO104vldtbJK6Tv3umfQ/i6HwVod7a+JdUv9N0m7Twrd27zX7RedOXRkENqjEtGxOFDLggcDrivxu/4KP3FmPh58Gnsdv2e8vr64h8pg7kGUlWcBjt3fLsLdc88DB+7Nc0Oz+KnxW8OQXIvbvS5vka3mkma1stN0z99I0iDKM1xcQgdAcMRu61+dX/BRJhZ6b4Hgjkhkhi17WzawIMRWVrbTlIoQBwqqoUAH0GcE5rw+AYunn+Xxc5SnCLk01ZRTg7W3956t7Jau9z2uN2lkuK0ilJxle2t3KPvJNXWi5loltfz/LrVfF8ywQRLYylRIVYzowVnUhXKhcAgt0IGemeeT9i/sw/Ei9TwJ4p8O/2RFEsuv2d3DdJFGJI5Nhbe8kn3VX7yhQSMEkggY+L/ABBdzXNvYRwBptw374Yc7WHD5CqWYl8D5e/UgsAPq39mfwD4w8Z6D4sh8PaLfapcC9sbVFt8wFLydAkQJO0l2DHZjHXjjNfvHFPLPK6kq0l7KMqUne/LdONk0321tfS3TRv8WympKGMpKnFzk1K1o20cU/ta6q+7T2utWYPjXU/FXjjxjcWs+v6tq11aanJtWUzXC29lEdqJDGgYCJFO3AGeBg5Bx6Z4Y+GnxD1vV7K00bQfE+p3bw5sYLTTNREzsmSJIjFHgEZByOmAc5wa/Uj/AIJ4fDXwf8K/2q/FPhf456T4XsLW1+GF1dXU3jRLSNbO/umhmQqNQYRT3ITKqylnGDtJyAf261T42/sX/C280HxHcfE34WaLHFbvb2qafJpMk6KqMrApal5D3xgMzAEYI4r5eWJjSy+hDC4RVY1adOVklGnZ8qVlZ7Xvpo3e77+jUxsvrcnUqSVSnLlbvbqlZbvS+ul9NGz+bD4a/wDBP39ov4161Z6Yfh5rEF9dvLO174hlkjWRIAdzytcFZFxwBnjggjnNd9oX/BNT4pXfjyDwZ4i1jQ/DwhvruJXjVbiVJtPdBLC+Nw3Dd8ueHyowc1+y9/8A8FT/ANk/wt8SrW48H634h+JFxLp9zZR6P4F0O+1C6muBlQkECQNlWON8qjjAy5HNeEeBP2rvFnxD+JPiHxL8Kf2TPjH43li1bVp5xrlnBo8Nrc30kfks8l75LhYyBwPmGMYGcV5TxeYxbhGnDD01FcqcVC2yT96zs1pZdl3OyMqNe9WcpSk+XVt83Pp8Wm2vl0vYw9c/4JLfD6wn0a98Y+LNY8Qxw2FjHLY21uttHJcTldrRSRBSqZGCcgleB/dr9C/hL+wb+zf4F/s64t/h3az3dlFZy293rjf2nN52zcGEMhkQ7iMHAOwZ7Zz4T498d/8ABSHxFHo62fwS+G/w30rWNQtLVLrxLrM95qVlCDi3e4ghEkatECCQp5IAHXnq9J/Zd/bv8c391dfEb9rDTPC3h+SFYv7O8A6DbS3KI0ROyG4ukjk2oMqGHzgAYBJxXnurXnNe2xdNWlG0Y3uru/RKy+ert1OyVSU6b5ISSXKm7K7VvRO1ra9G9Xe1v5hv264LK1/bF+M9nYwWVna2fi24tY7awiSG1t44VjAiiiAWNAoAyoGM5wvK14bFavcQ+ZGp+Ujeq7CxwOh67cEdehB5GATWn+1J4UPh39oX4u+FL/xVq/ie90LxtqFhP4h1QtFqesSR7C13dgFgJXJJyDjtwB8vH+A9Ba/S+RZdWl5zlZ5CVj5+YjdwMHK5GPpX7RhMsxGMwGDnBqMPY09X9pckLNLS3TezV+1m/maHE+FyqvXhUT5nJr3fs27PSyv3Tto+hpa5pM3/AAj96nlt5k64Rt4ATOcFlGSe/C8t34xjxU2etWiyWVjBOl/HAAZ98iBoyTuTkDBwRxxyTjO0AetfEPRLzS/D8dxZyarA0cyKJHldkcscEkOc5XHC9eeexrgfC1jcanvk1C+vpGd2SN3co2QBgsQwAGMsMfw89cY7MFw4lVcMSk6bStbe65W3prrJ6Xve+iLxvH86sIfVZVKVSFP2UZKVubZttJ927N3s+uxQ0LXtd0m2mtpZZTIJMiEhiiNklcMQO/zHgZBAPFeg2OveJL21Ytcsk0qiPMVyYiFUD/WBSvA4xjjn7vFVl8J2rl4VuZphKQHIkO/IJJPBBOOnHJGCM5FY6eEZ4TcPbteuba5Cl/NkRGR+NmOduAcEDAbOCRxt9SrlVJKNKOHdSKVnGTuraLa7V+9n02b2+SwvEVf2s6rxEqM5S3jK0m24uTbT1kk38NtLmlcWN1rBjTUJ55JLdtu43AfGOiqGbIAIOSxB98AGql7pMtywtoYzG5XDFmiQsqHK4Ytng++epOM89jpvgayffKZJUmcodzTuSrYUk9cHnjnse3WqeteE7W3WKUPe7YpSjTidizB+gGD13evOBxu6V1YfA1cNBRp4aMIJq6i97WV9FZO19bayu7pmWLx9LFVXUxGJnOU+W87uUtLXvZ+7fa+q1behgJ4UhnWKHkkDYxeZAqsMBmUhtoOemBxjAJOMbel+CYrN2PmJc5OQq3CArkAFPvk5ABOccjggGrY8BWiBZDc3qCWJJlZrmQAMwG4MA2cn68YOMc10mlfD3TNheW4u9zcs6XLsAeQBksSeep5wMnIHNbxo4ypJOFGCvZO92kvd2u73as9klbzOSGKy6k7TrzbVnbptFXt3emmnfTVrh9e8Ix3Vs0UCwWiqcmZp1J3l+/zZxtHpjHOPXlbjw3e2a2+69tZIYiokKzDJBGNinPpk5J5B/L0/xH8O7WHS7t4Lu7L4Z8/aJHU4P3SAcE4z09cYAJI8zh8LyTafMTFelcqd7vIQioMHcCQw6eg+9wc4xpUp42lflw8W0k+ZSt/Loku73vvZ67NROtldVe1lVnFc20VsrRT7adXt5t6G7omiw6rOI0ZUigkCTM95EoKkdQGcHA4IHQ5HcVt654RtLK0uwLhJ1ERkVUuonGRyIwBIQCwHJ/hBwe5qlpvghZ7JTBpl3OxUKJYJZ4kDkY3Mo5YgHJGCWA3E4NS6v4Hn0bTfOurSZVkRsbbiViXDYCsGYEEnt6joelclSnmyp+0dKMYysmk5Xs7e69GtVsm9Lb9Xp9ZyV8qUm2raq7atZrRX1+9J2JPDPhTTLyxgeW8tonlz5sU11HG8O3O0R5YZJHY4+uQa3pvDWhWzmODUbMyszbxcXEJUFe4YNkdS2ODzx3riF8M2zQWdy1pc+ZMAXCyuASuOSM/KFBA5xg469DBc+Eopplf7FIqgFiBLIGZc/KSCckYwcnqfUZz0UFm3LD2dOCa10SXbutNut9b21btw1cZkCqe+nKUmk3a1r8uuqtfZ9dV0Og1zwlpNzYSA65p6TFvMRTchokdSMFjk5BzyMY6duuXa+HpHtJbOLX9NddkQlkilVYwULYGM8DHJAxuI7H5lwtZ8DAadJdwxtEHIyXnctjOACNxHzZOBkkYyMEYqzpvw7vVsxPbTxQCaKNmUyMx24PDFuCDnqMcYycYy2s4UpcsGpSja6v1Suldfd5J28t418jUE7LlWqvs7peiutG7tLXrex01l4KsPtq2l1rlpuu1QCSKeMRpjnJMj8ZzkYPBz0B4xfFHwr8PM7rD4xtDcSzqrW8s67RjGTuQhWxnsOOhx0GK/gTUjIwZnuCjlUeKZ1ZRycBAQCCAQck56DORWDf8AgxrYySvDfO6SKWR3ZRgknrknJxwc9OOOg550s4korWKUrNSajbSKad1q0273v0TOyOPyVrlcYtX0uuVq9m9dU32d32VmkbjfCjSmMlq3i/TgyxqNyuXGcDkMx/DjjH4A5SfDDwxYSvF/wm9qZ2B3qxOAUOSAQejDPbpzjnIcmhRQxRssNwZDETguWBOGI3ZJG0ZPAx9fSJvC0FyzSGMI+CWO4h+RjpwoyOyjAwM9DWkMuzmpJtyitne0W0ly3t521et3e1rO5zVM2yOMuRU029101a2219drO2yTxPE/hfQ5Ly3S08TWt2gtlimmLsFRl+RY8AjK9FB5zncV7VzK+DdIMkUSa1Z+aGAYeYzAHcRuBzkDGcgHtnPGa09T0HT7O8hhCshaEuwdyqtIDx0PPU89SMcDitTwx4d0m91GQTrDshQiVFlbLsS2AjevAXGVCliM5ArphHME+RRjOS0clqmk4rTvq7pXur6LvwTeVzlGpCLSdno3yxvbXZappLXVJ316+seEfhp8L20q2l8ReMTFcqWd40QTIyHkLEWyQWzzyD05HU+WePvBHhdtYFxo/iVH0+M4tkkVY5fLAH3hnPOCBweMEjpn1+PSdAh0+FP7PtYUt3MbiS4zI3fIO7JycjHK5HXlTXzZ4zWWHW7yOO2Fs4Ie1Mj7kWD7oIUnoeARgnrkgAk4TjjaUpSrRk1Jr3WpRa+FWvZPS70Ts3b1O2tLBVqVJU1Zwtqk1dpRdryjbZvtdqzuUx4d0lpRJJrCND5yRuiqfM2BvnwBwcjkAHBxn0r6s+H/AI7+H3gbQ4NNsba4mvAWWW6EO4yK/wAzbvlJ44HynGOTnv5f8Ov+EN0TT4v+Enj0691K+dZxdSyI1vAucrE67sryPmwvYZIxx9E6Pf8AgW6ginttM0qWJbhFaW2s2lQYI+cMEIZQcH0A6nIzXrYX6xGmqinGnO1kpJtxvKN1Z9bWb3stL2ucCeFjenOE3dpNJJatpPpvrd2srJfI0r42eGE8Zapqxtr2RJ9KtrGOOO2keXKP3BXIGfblhgHPXfu/jr4duXuGbQdadYyQCLGdo3G0BcgRbeegOCCR1xwaPg3VPCKfErxBNDpkOo2wsrWFIrWwEpjkLAljGUZQeBlhwpHy4Ne0XviW0EBgtfCswiV5MyJpkKkLxgtlBn1GeQVG7tnuoVcZOLk60Wo1GrqLtZWstuj+TXztMsPg1UV4SXurVN2typJPrv1/Pc8P/wCF8aW0P2aHRPEMcUZYkLp0zZzjIG6MdcjkEAOCBkAmuBT4kafdeNb3xDHpGteXLp8cMcYs5VmDRYDOyFeBkY7A4znjJ97vtfkhzNa6DetHIwRkaxgzjb94Hb0AGST6t1zxxv8Ab9wvjIXI8O3q240PAjFvEC7iX/XAjHC9BxxyOMAUqn1qSg5VE+WSacoO109GrJL562tv1cRpYRykowk/ds05XVk1s09n5bflzF58V4Cu9vDXiFkzuJ+xSksyjG5T5fTPXHByOBwDSi+L8jRNKfC3iKRI3VkjazkTJwQvRB24OG5IPXHHsY8UA+TFLol8oUKShtUJfJAUKQqsT0GATkkEAHp117Y+If7KjvU8H6x9kdY5lb+ztg8g4BctsDDqBk9Rz3rJVq3tZRqYuNObi9OS17JW82ltZat3ve6vboYfki1h3JJp6tpq9lrbe1ldN739D5M8PfES8l8ZeINcj8M64HuNOjtvsaQF54AMYZ02naHHIOCc4JBIzXQ3Pj+8vfJlufCurS3NrMksUj2f76IjkBW25BBBJwBzxgEiuq8E65Lp/j3xtdwaLez+etnbNAI1c27hQfmUrgDj5u46ZxkV6pc6lJAhuDomoiYuZHxBFt5zgspBB2jLY559TgDjwlKpVU5QxTleq7tRdlJuNnona97q3nuGKqYalKCeH57Rgm23ZRcY7b3XZa6a6Js8A1H4paxNa30kuieJUSaH7PNGlo4MiONhBIRSck4HUc9OoPgOqeMPCMZj0m90i8triGVpZoJbRRKI3O4MylM7hnJDYB3cjPX7wtdfa5ZmuvD+pzJJkDbCi7XBwDkdcE545IzzgkD4n+OttZW/j+7u7Sye0mksYPtCzKu8F1wzkYJJ+nPAyflrPNcHUhRhXq4mdVtqN5c2iurWb6vl1W+mur10weLoRcoUqEaalHmlyq12tb6LtZ6vdNWMoeO/hVb3Me/SZJY3VI3cWSb0LAb2/wBUBu5O3r0wxHBrtbnXvhlb2u+w0DUL9ZY1eNRZoHTdnBTagIA5yeVx6DBPzsbVWlSAAlS8biXygc9zksGA56AkY59se1eHbWe3m3QSjBtPKHnsjAMByuxhtVWOORnB9sZ+aqU6zmp057PVptWel9NnFt3Sv0dtD08PKnKVTmj7zs11ab5b6Xv3erT100Vk248V+FreaIad4e1BD5XmyLMqyYXH3sYJG3tnuPTiuYm+MnheI7H0m6kdQY2xBGNpXIwu3OMY5OAAcZFbd54a1WM3V9Le26vNDcKdjIyLEFwqhRgFgM9MgnGWPJHz3JoV0GmZWWRzO5QkfeUsdxwOMZPXJHTOe3oYaGKqPRzV0t93dJK2+trX/wCGZwYnFUaNRRnFWbTXMm9uXTprZX20vu72PXpfjH4aTKR6HevGzgsNiqVZ8AEHIxk8k4HOGUZAIpz/ABW8L3eIj4Yu5QiFlL43Z6k7snkE5xnv7kV5hc+HL8hGAZjkcIiZII4HDDjpnOOPfNLf6JdRKiReZ9pcKxypVyqsNw3KPUY5xnuCQK3lg8R8aurW3u29EtmtvW6s9GktOOpmOElUglHXR7WSvZLp62s1pptqepQePo7218zTfBMt0EbkyMCVyRnkNnOCAw5b04zVe+8Z6lBGty3w9EcYILNKflILcFjgjnAIOc+hwSRT8NDUNA097q7DyxbyGt0UqQxCgFs43Y+90IPY55p2u+PjLaizWF3V0KMHjUCJuNu3n53H8I/vjPOKuOEqSg3OtKMrXspO1046vV6uyTSv20Zu82wUHycl2ldLXpyq9ndpWT20vv0bhu/ihqYiBHgy1jSNUYKrgFwOQTld3X368jkAVuaD4t8T63YteaZ4Tsnhe5ChFcYWQD5gDw57ZPTpgnnPmWo3wksiI4H84wlSzZKlSOSAOBgcgEgDnnOK2/h94v1rStOFnZtb+VHNKW3ISwJyCcBTkhQBnPOOu3io+pYib5VPWTVpN9Pdu07aP8t27kLN8HGM6kqV19pLVaqLd1e173u7aLfXf1ptZ8b28kIbwrDBlkBLSZBduh6AAnhuTjjBBIqG/wBY8a29hfXM+kafDBFDKZWym/b1x2564PJI9ODRb+LvEepqI7ieHZHKpjOwAFj7kY57DGcenIrlvEWv6xJaalYSTo8ciESMFJ7EGMHAJAHTIwOMkjbW0sorpNzrSa2Vm0m0l0+G+j1676N3XBDibBuo6dOhFJyUU+Xd2jdW62aTVnqvPa14Q1jxbr0gl0+xsvKtQ0QV5NrHCg7cEgNwDwucHqeDn0Mnx1xIunWSumPl87jGfvYDYyRwTk5HYAkV5T8NZby1uTH5i21mzhmkZSy5KAZBI4O4HoMHOATya9wZLaecqutlwwVXRJNpyeu3leDwWII/ujkcaRyuql7T2kr21jd25rRs/PRPVeW1wjxDh5VXTdBaO0m4tLaLvol66O6120PMNf8AG3i/TZJLG6srCIu3CggLJghWJIDDJ5wSwzwAx7ZL6/r94gla0sfIjVVkEcgOWYDaPlySTnOAAQc4yDgR/E7S4zLdXEWpmPyLUJ5c75eUZyWBUtknJBIYNnBGM1p+CPAmsTeH7DXGlhewuskRPKTJJtDKz8k4wwOBngn3BrleBmqii6s1fXRrvFWa6JNrXZq+x1SzGk6bqU4QlrolBNp3StZt3s+rXroWoIvFpWC606OK1Zo9y8q+VPGct8wBG5cYx3XqRXRRN41mRN1zbJ+7kBZ1QYOCSM9CRnhRySCQM8nVgYWUAQMXeNRHtMYBGCowoC4wD1xjjnkE1tWZIWJJE3LL5jYIjzk8nnk8HqBjGOcjr1zy6ChGKqzs7O3PZL4bOzbtdvTZvTTQ4HnbclF0abei+GNl8Pyundtro9LJWXjf/CU+P7S4aKFGljSWSIyrDGyHaeCGBIHG7BzjnrnpMnin4giZFaGJYnbJH2aM57fMSoBHYY2g/TmvQITG++Fodii6l3FBgd+MkjB9hnBBIGTw65dWeOJOQMKwBXdtVh/6DjlsA8gnPBqaGV+7GTxFRJ2cbNpfZVtLt6a67pt+s1M9UZpLDwWyTcbSuuW+i3vdWXnc5O98WeN/IiljtkVE+SRjBEo7AkY2jqRjPB7khSTgL4u8VveC1iYx3gKhk2QtvZlJyMcgZOc85AxjGMeiakI0sr5huKrCjIc8DLBuMcEn15JHT0PkdrEX8WCZ52UTQR7nJ+7kc7SOg3Ej1xgDJHFSy2EZxj7ebbaVtOXTfXTeyWvdepdPN/ec/ZU4qNt49r31/wC3U9baNb3VvSbHV/i1CknlDELgkMYYcFOPmPBJA6559eOpxdR8Y/EC1uoojdWiuMiQhVIyvJBUdD04AJXjjqD60/i7TtC0qETwtcSPaGNckMGI+UkEA9TjKg85OcZwPFoNUs77WYZZbZy8lzNJ5ZU7MMWIADZxt49/fI5iWAjSm4qU3tbmslpytcrbWlpNvr+FtsLnKrp3lGMVZq8Y3T923RtpJ9bdb2aOl0y4+KniLMun6haRyRZJHCsoPYoSOTg4A5wMdMNXfeI/BvxL0fwxpGpeJLq0uYr6aPyCqqRbSZIG5QMqTnjA575xXl9t8Rrzw8+pWml2cAMkpZZZASQ6k4Afafuk+vXnvge1Q/GqXxj4D07wzrOko2qW+oWzm8CsFNokgVsLjaNuTuIwOOcZOPL9jV+sLldoScW72SUtE3a29ndW103Wh6lDG0akNZL2llZqCUVZpNbOzd3ZrR+T1I7PxT8RrbR7i2FpYalZJpUibZE8siMJyVwB5hA6bcqcDksK+XLfxXcLfvbXWkiRp7mRd8C7WibfkgZyQBx8pC9R61+rv/Cq9D1LTvD0thfGCO70B2kMTB4muXhyIcDIXcTgg8EjHbJ/NvXfC91pXjK88O3UCxGK/ux9q+4yqSSHJHGSMegPHqMe3HDNLlpys2nzNK8ZOSjpta9tU++2jPPniJSqKdTls58qu7ptuDST1SvfS+jtutl9Z/DX4kar4N8JtqniDwf4ktvD2qQ2lrba0LR7jS7lo5DnNwFdIzGB8oyACCeOtey+HvjX8Kr2/wDFtxJr6241awsVgS8jZXS6hwBGskoAwX4JUkFdoPABqx+z94i1XxT+z5qvwzvtX0u6023m1TTbO1nSCe4sjKrlbyQPmSOOIkskgPD8sc7QPiVfhrr+ieJfD/hO4jtr+28Q69JZ2t5dxh4WCylUkWYAkKDkoCQQvPrXi0Mr+sVK7d4PmlHmk2000rNK+t222m0krLqezVzWFFUo7rkTaST1V4uNr3S11s+q63Pq/wAZ63oWveE/EdvM9pqd5fXdnHZJDcxXDrbrtAdo1ZmwVyMkZxxnIr4P/ae8KeHfDmp+Fk0axWxSfSYor4A5SW8kiVnlTttIbB6g8jtmvbfiH8Cr7wRb+JL+XWNUsNTsY5J42tBMmnXAiTeI4n5UleMEcYwS33SPhDU/GGveILSa31O6fU4IlYW0967yXUJhb5lSSTcwGzggnYFyATjNTQy7EYKtBKv7SnKUrxT1k3ZNNW6dWlvozOri4Y1S5IKNSNo/C76crenRO8l2vqzK0mY6dreg3UKh003WbG72A7Xk+zyrMYwdwYFgMAZwB2xxX7PJ/wAFDF0vT7KC2+HN1P8AYLGzgP2ifHmSQQojSJwG+bAOOwJOegH4m2+orJqGlhLcpsvIRw2BN03En17cjHfGa968S61M1hssy0ctuiySh0OI1MR4DAKDuA6Zz0IxxjqqZZhcwlOeKSm6MUo8r5d+W9ttm9kr26731o5zmWT04xwk0/bWjOyTdk46Ruuie291d30P02h/4KGavqRS4h+GvlKpMm1biUhwvHTBBx0JwAO5AGBmap/wUc8QoI4R8NrSNGDlRNPKjtzt3ADHJwQOfYcHA/N/wN43uL2VNKncym2tm2y28akNnPytt5Pcf3icCpfGk93Nc6RO7SLCNyAlQh4OQCCoGCfUfnmonkGUOlz8sm27PVrZRjqk9FZX6XaewR4uzuOI9n9ZUXomrJu3upJ72+6zt3bP0Hsf+Cg3jjUrmztrP4faZCtxdQ26mW5lADTOI13AHA4bcC3ynAPrXzx8dND8G2mu6te+JfEtzZaxrUkeuSabDaCREmvgZHSM4L7IyxRXbAYKMHjA+cvDV3cNr2myLIxiXVLXJyuG2uu0nBAyB8q88dOQC1dP+0JrV9d/Em7mlZSg0jToQ8qhwsa2yAbNxwCB6nGQQeRk88spoUFCeDlKgnLlcoJPdLX3r+6nr279Rx4kxOJqShjuXE2XuRkl15VzNq2l7dNbWuY0+m/CIWcTz+Nr+GUFD5SWQ34POGJTaOuABknG4/NxWHcweFZrKa50O8vtStbOVlleaBY8owyDuVQMk9sgA5OBgE+cazpsTxLdpcLIMRAo5xklQMgA/wAR6jgEkfw4r17wH4RfV/AV6yyLb3NzdSFSJNqbI0Y4Yg5J44ByTkHcAM1vTo14VUpV6s1yqN1LS+iTajaPvNbWTu+y1VXG06lK0cJGi5OKTgmr/C73ba1tpda6rVmLoVj4XuNNu72a3fzELph5MFF5wQpY5Axg54znOAaxPCmkN4h8Y6Lo2nxzbdQ1i2soZUJISKSZVLMBnOAcknsMHvUUVqbey122E2ZLWIqyqwYFgcEr1zjuQOenOa9I/Z5sJn8ceHr2CQbrC9hupwcfKFlVQVD+o+Xvz9ePUnTc4U4WUWkpSk901yttW9NvPS3TxqFbmxE1O8YyqRSu02vei2rd9tG731vc+/PFvxd+KfwA1SH4Y+GNZ0mDSdL0qyuobq5hUSPNdRq8i7mwSQx4z3z0xk+f3v7aHx8t5WWXxdpkUZ2FHWyidMsRty5XkDgAEjnBPA54f9qyK81/4ytHBOlsraPpuGnbcshMScgnIGCwI7Z9RxXi/ib4fXlnpUc0+piR/NhDDcVgIZRhUOdoxyDnjpzXnUuH8JiYfWHh1OUm5Td780nZ3s5J7rs7PrqejjOJMwweIeGpYlwhTcIRjr7qtGydtbLa6f3n1dbftaftA33l3CeO7BIZWdGxp9tgheMYOAOcEN06Y68Vpv2sfjvC0lp/wm85Cyqxe3sLUhQxb+M8EZ7E8DJ5PFfMOieHUh01hLeK+JByLgmOMEgkcFcdVOAOhAGOlei2PhS1FrcsLmJzLFGvyS54O0AjBK5BJPHOQF68V10+F8BJx5sNGN7Pmtta2l9d2rJPTXTV3PKrcY5zooYupyt2aXNorJ3WiVtOiuvI7O5/aY+Nt9cXlzF481YPHujlEYhgVQo5bcsisAehAypGcccVwGo/tGfGh1+2SeOtRkVMK/8AxNrrcOSPmCy7cHvgDJ6ZHTjh4bs4tX1KwGuCxRoC580jLPLtXZl+FIB4Y4PTBzyMnxP8LodK0Oa8tdaF00TJLMivH5bKSHxkNksMd/m4HJORUVMhy2F2sNTbjdO3K1eySTVm+nW7T9bG0OI82qKLni6sVJJpJu13yta28ndPRHS2H7RfxZ1K/tbJPEusz3FzKyROmsXuwsxABAD7sYyegPHY1c8UfGn45+HltJZPE2pWwkaUAzSyXshZcn5GnJKkEgZUqAeM9M+K/DqNE8Y+HUjbMYu2yxx8uSPfA6k9jySOle1/HOwSKDSpFkL7pbg4VuA5ztAPIzn5cKcd8A5wUclwDw9Wq8JSk4NJe5F2soNO79bXSt3diK/EOZwxFKn9bryUo3fvXau4Wd/ddrvtey8jgn/aM+Ntw0ir461ws+1mRZvKHH0clB8uV/iAzkck19E+C/HPxp1TQodRu/iB4hCzxC4UQahOZVTGAiq0gXAIyepGB9K+FLGF/tExfeu6OTaCcA++c9e69+3OOft34fajFaeFbWGVjmTSW2vvBKqMkkKxABGWYAHvkYzmtsDlOX1r+0w0E1FPSEVFPRLdN20s3fd3s1a01c/zWFpLFV9Wrc03ZbWvvvole/zS14XUf2l/Hen30+nS+KPHc8sE80bS/wBoyJGzIxUBSrr8p4yc8dfmyMeweH/iB8T9f8NHWbTWPGuxLCS7YHW7oB2+cKqATA7Ttzjg8dga+QPEK213rGpy29whC3D+S2YyGY4D5HORnIOAScE8d/sT4YatLpXh+2t3uFFvJpivKpaNhnaxCbWJypOCFGSSQMcZrWnw9galWp+791L3eSKTjqtXaz0t06O+lyKnFGbU4RtiasXdJykr6LlTl0aSd22ntayueN6F8afHOu6r/Ymoaj4vSUy3DSuddvtqiEsFVwZQAcghu/ZRkgVNf/GjUbXUotKupPEsju3lfaP7cvSSxcopAMpAI46AcAfSubtNPdvEuq6zZ3qmGGS+eeHaEaHzZJVTJPB3k5xkgEdsmuS1vSc+IdNkBV8tDM5JUk+ZNvIwDhhzjnI7D2zq5Bg4YWnUlh025tKT0TjdJNWvZ2Tvqno9O+1DiTM6uKdOeKqezhCLSbSTUkmtd2lrfz0dj+gn/giH8D/A/wC0/wDtD+MrP4yWGp+KvD/w70nT/FGjaRfandS2cusxXm62mvFZz5iwGNXEZDKxTDCv7ONeihga3tbeKOG2tbeK2toYxtjht7YLHBDGoGFSJFARRgDGAFGK/lP/AODcm2RfjV8fpFwGHhDTI16E4+0rnkEnOO3OecHIyP6r/EWEvmjA5CA9O/3jyfyJOfUiv5s44qx/t7F4enzRpUnBRhqoxtThKXKlp8Tbb3fU/pHhCTnkeAr1G51KsJ81RtuVue2l2726b3tbQ51QWKEjJx8vBB4GBjoOg/u8DG7gV3qD/iXRk4B8nnPqFGcE+4OfTPuRXEwg71Zt3AABz3IJx9QD656ctiu5iz/Z6AHjyh9VGR36nI9eOoPPT5SnF3b0skm+l1pqmtdL7rz62v8ARYipy8l9UpWemqWjVt9NtrPey1s8XIY4PPQArgDAGSOPzByex5BOUIOM4C4+YZJBBJwOpxznjGDyCQOgVwpIAOM4GO3RjwACduAV5HQ+xpGAVlBbqQOhIAXpg85LDgnIIwA2Bg1rGNuVytdNvqne6ts7L5a7+SXKpxbu77373W99Wu2zT366pikjIcZ25xgdsYGc+v48ZPvTscn5RgAbexBPU4BwScEZJwOx9UDsMcjBJBVQASOwbpjlflzx6g/LT1wzsD0yBv4yFOQQQAOPU8nPGK0Sve6snraTdnr2i7PVdt7vcTmum/yutUm1q9ld6+XRiEKRtG3CjnqOSQcAgY6EE56Y/AgJBGAFAIyMZb5cbeOFGBnpxnqM5pxjIPVeThjxkZ7E8deSDnkAk+5sIJycBQPcEHpnvxgAHkgAjjpWsHG6TfNFpNd9Wt02v73Xu3dENuXTbsreWt9eyFYgfdB5yT+OcjBwO/19KAxVgADtY5HIPHuex6dcZz1ODhgBOR0yMrgkAEZ+8MdTnp+GCacRIMEHGFG4DoAM8DGAS2eOPmHJxnJptJp23aV7X6qyflf5X21avDtbVbPrrq7bev2rbu+t1d2OOoOOQDkHuSOT6gqDnnGeMdaU5UgAEFieOvGAR1OAPQ8E4PHeogxULzyu4HgDIwMduc9j2GcDHNKrk4BZsHBIxyOe3QAbcZ9eR3raM1s076afK0d7taf5+a53BN6qzvr96eqt5b+j3SLAcDIJHY5GTyc56DgE8YwORkcU8TKc4wO/bdzkdDyeB04xnnqarFhkAEEEsy7eeMDB5PQ889QOvejHAYkNzkg8nqBgc8dDj0HOcVqptdFrrfW76a9dNtdlYj2cU01dWWrWlvh89Lp69nKzWrvbMoY5xu3Lkn0IUcjqCMDA4GBnIO05asyhQB2O1SRjk9QM4ypyO2euDwKr5Hy4Jyi8DGfvA4AGTjrn5uvHB5AbyFUhSG3YPJwPT7xz06dADktjHFc6bs7XvZJ2VrWvdu9tr9+mlk3HKknyq/be173Wvrfpvra7LRbJJPJJycj0IxtP9CQMd8YpN5weOQOMjADE8YAHJxj6Z6E9It+3O9sYwAGI59T+JyVPGfzqQFSc43EZOM8nOOg9Qe+M849aak1Zuy8972a6f1re60sNNq3lp6Ley/pbv5qXJJQsDyrEheeRgjnrxlSeMDPODTjICGAGQSMgDocDkDnBOMZOTyc8800+o59sdSfc+nfoee46tO0FgSM8hugPYngHOPTOT3p+0V0t3ulpqtL99Fs+itYh97N2sumvw69Nrfch7sOMYHJLZILEc9N36Ack59jUYbKkkH13HnPpjt15A4zjIJzymASDyMLgDPAIB4J7ElvlGAcjJJ7Azxwem5iWHIXB7AA45A9eMgE5GqaklytNXvd7300bt0dtPub2U8j3ulqns9Enps+uib8977rzlucEAgsFAx1GM9yR9ecbeBgI0nHHUbfccgcMSO/HHYEYxmnBjxx8wyeCMA8YAPY8Ek5BIHT1XZwSRxt5YZC475xxtH3c+vXgZova0nGz2t0V7X0t1ta/k+wuWXp89G2101XTrfXRb6V2Yn5ehHBB6cL75J6DAC84yOc0+NSR8xyRknaCp3Z44HyknJ2gdepAqRY42bOCSFxkY7EYP8+fYA452ocbTgk7mPOMfKOQM4Pf3yAOy80OpK2llb08r9Hbvfe1tR+9dOyV0m27XW26s+z00V121GFRkndnvnHIOOPbOeCRxnnA7sbAAGScYwAF53Y3Bie2TnJJbjGeuZGPGD05IGSD6YODxg5A4BxnDAYpuA3BAOcDg4wR6genfPfPekqktHpolpp5X9el31Bxbtdro+99EvXXq722em6ayqDnLZ6ZXJAUlcgAjrnBPrt64puAR3B44ZlGcZxgkAjA44G3PHYU/gkKWPf7qjqOgIO3cQCCBnn3DZDHKsV6lhwxz0AB2qcADHU5HTDd8YSqWdr9EtL6fDbXz9VrZ7maXkv6ts2lr3unrrchYcE565bpkg98cbQQAMZJ6nIPBpTlQ2FCkgc4J5yckZIGD1w2T/dOAcqWUYDq3OflwR0GFGBjoM5xjHXsKXcAGJbpg4PQZJwFXkcEfMTyRT9q11XS2uq0W127bKze/wCBVlo3vdWdt2nGyvFPqna9772erI93BwvHTdjsCeeeenc5I6Uhk9BsLKMEnkAZyx9eW6dx0HSnMeM57BMjG3BwCT149iCexHFRHDE/d7Y3dAB2IOBg8cDPIx701PmSut7bvppboui8vNXuxezbTu+13fRbNa7N2622Vk2DOGzsOTy2cdADnJ+Xn2B5OTnrzG0ZyuOW+mRzk5zjGMZJPt0qQBB8x4IJOOq4OAAPVsD5RwvPXip87R6EfMPTaR6HlSBzz97oAeDRz2ty6Ps7LVcq7baK70u7MxlFR83+D+H/AD+fRvS9YqSpbaf90HgA9fXjoM5yMYOSRtaYmYAdFBxyCCQM7Qe30AViT7YzYDbctu4U7eTjg5OQDkk/wkjI79M01pgxbHIPAJ6ArnuORkc9wCOe5Kbd9F20duiVls/PW2qeqeouRN35Xut7aN8vrtpbr9zvEV5Uleedx68nAXgY7DgcAYzjktTSApIBGRjnqeeuOOcAZ/MDrxOCpGD365Oc9+T6k/yxx0oIRckjBJ+Zhg9lPBxg8DBAOec4PAo5ns3dq21utlvrpaNuu3a5XLqrddV90Xr12d7Ju111uQAqQMAjOAdwOD1J4xjDdh6nuPmpNnB57kHBI555BPOPbpx3xgy7+MjGOM8dQBj6FR14HP3eRxSEhslTjGBtOQOg9BnIIzk4J5xziqjUS02XRvXa2i0VrWv30ad9UNRs9Yv0b2vZ/cm38r33GMpCrwASBg4yPk5xnAIAwGxkHd94YzTWQKueQeRzgZOcDPTOfbH3e2cVN1HDFc4yR1BBI+76jHX8epxTQoIYZ28BgSAeBgAHOTyFAOcc4BzwapVHLVdXrs9HbXXp6J3sk7Ji5Feyi903a19bK7tfqtN/RXQxRuA6jouCRjkrnkYBPXPGBkZxwaeQWyo+7wB0HygcjPsBkHPJwQelJsGCxx1yvJ+XHUgfieBjHbjOZUQEEllJ+VfujAA6kA54GMc9T+hflabl6b7qzvo9OnbTruyVTttfdO2/bSyvf10enZ3TQCMcnBI5OQeOhDYBHHAI7e2aUDGGLEd+ccckEfL0BIAPIzwD6VIUGMggdQN2AABjg8n8N3TjGM4DtgUtzlmIYAYwo6kcqcnBwc+nXtRGpJ7Nu97ea0s9dVr66XWuzFTu1d3u21Zbbabfnd387WFXLEggEncvUjJz7YH17KT82RSYVT7L/wABLZ6ckdDkHjP4bTTyCvBJ98DHPfBJDDr2IxjAqPncBkNgMAp/h3dB2JGMAgcjsCpzV+1d91bfWy3tb7K9LX2eiTY1Qhul536fZ1XlorWvbtZ6wsWU5HrzhTjr8oP93pnn0BPG7CHJGBhfmJJIJJPYleSSOMgnHJ44FPOAOpGSoPcZ/XAwOnHJx1obblcnPJYZOCQOh+o7H+HOeO46lldpP5a7+TS089r92U6SVld622eutna+/wB2/Tyjx1yAwUDGODkng4B42/l0A6k04tnIK5xsxgD16DjOAe+VwMnrzTdoAGc8npkDPXAxzyMDk8Hp0xgIyCFAY4xnqPxPBwOTxz34zTc+bVa2tbXbZ727L16XXSeSMfmrLby1eqTfy06jWAO0YG1SxHX5gvIzjsegPbqTjmlQnbkA4U7s8Zyccc9OAD7nAGewAQAMgj5ify6nPY54XOeM4BPLQVJIUqqkjAJHPqORtzk/KM4xjGDxTUrJ6a9H1v56a9Xr6CilzK1+nRdH1s9F+R4V+2Ac/sn/AB1IJYnwfecE4X7hHI5GRj0GSAfr/Dd+1bpelxeIvB9zewwRNP4OtDCsbKvKpnzJQp5ZieRx+ox/cz+11F5n7KfxzjUA58G3hAAKg4Qnse2eRyu04xyTX8J/7XwW48beBI2l3qvg+wEiKMBS2QwBOAMkKSR0HJABFfT8JTf9oU1dpOU01fST9mkk07PRO+2zXofPcTvmwM2463ppb786T36tP1d7u1joP2FfEXhfwX+0n8LPEPiXULPQ/DNtqbLqt7Of3aQqAwD7QW2ydNq7sgH5c1/TF4i/bu0nVNtv8NfAeq+O/DrePtO0rTPE0Ci10S6mR0QRwSyqkpWFuZSuSqg+lfz9/wDBLzwJ4T+IH7Wvgvw54x8M2niTQEttUuTpl5GskM93b2we3LI3DrFJh8EY7HHLH91Zb/wJ4d8faf8ADfwR4fOs6Zofxf1W81HSvD2nyS2Wi26WcUrLKtvGbeMLKXUNk4YHoASPyTxoqYHEcWYahUwmIxGKwmVQqqfPy4elRnKrLmmopSk+eKirzhHVbvR/onhPDE0cgq16eJo0sPXzFw5HDmrTnGFGPJFtpJcrb5lF2u9bJH3J4l8EfET4meEPCl18Q/F0+jeHNa1eK+j8OeFY2hmjPmNstZ9RIW4QrhVIV8cZPHA/jR/bU8PwaT+1T8Z9Mt0mW20zxSIIDdSmWYwxxjaZJGZmeV15dmLMTuOeQa/tz1BvGHjrwF4GfTxH4T0qLX7VHebLak1kb5o2EUakxpmPaATtYEDjoR/G1/wUk8LWOg/tn/HXSdJurm7toNes3FxcNmWaeWwjeRnJJx87HpgkdCeSfJ+j/ja9biTNKE5x5FgHKMIJRjBxr00/hW65vd5nJ666ux3eMlKlDIMt5lFVFj7SadkoOnKyVmrt2u9b3vo+nxXp+rW+hava6my2bm0LMtvIwKSSMvyhl6NtxkdcEE9PmHt/wa8PeNvj98YtA8PfDbwvN4k8Vz6vpF9cWNs8UMSWNndRSzyBtwCIiqx3M3zEHI+7XxtrUctre+TIS53ZIO4jOOm3oQOeoGR0wBX6/f8ABFFRbftXm8aaO2hstFgE08sqQhRcXarhpZNoTdnp7EYyM1/QPHeNqZRw5nWcYbDxqYzD4KpyqbbU3JxioyUbe6ua+iWkbH45wjglmueZVl1arKOGrYuMnKLXMnD324Nq1/dt5766M/qE8Kp8UEh0vQrLwvpHhnUNItNDsNTl1S4e4uVe30+K2kKtBuD7xkIC3PPUDNeofDfwV4zTR9csLrxqbIWev3kk6aZZRyMxug8rqrzKG43cc+mDXWaParf+M9fvWmYx3OuAx7eQ8NtbZBXbgMjMCVKggjkHgmuh+HbhofFDmSRvN165JkwQrbI3ABOcnGDnnIPB44r/ADdlWi8XUq8lNOeIk5Wi/j59dZNu10trJdFY/t6dSVPBwoX1hSoRu0pOzUUnrpslra7etrPT+FL9rnR7bT/jL8Vraa+vLqSL4j+JR51wQss7m/mJaVckKWZd20HHzcjIr56+Dfwr1z47fF/Qfhj4Vtmm1fxI80EDEM4gjgheWaR0Ql2CqpAKgc5HIK19T/tewx3Px7+KkV1Dvhk+I3ihw6dCwvZyp3HGSThsYyx56kV65/wRqtdNm/4KDeBZbyBjFZaFr08LFNwE3lSosgAGcqpyWGMHIx6f3ris3xOTeFmJzvBuH1rAcN/XKHtE+VVqODi4OUbL3ea19LNXP4/rYSjiuOJYStT56E82lGpTT5ZTpqqnKKejTaul1u9Nj4n8daL4m+Anxe0fwZ8T9Ku20n4f3NxFeaKubafVdHud0bkOP3kcVyrF1JGeh68nlfiN8TvhLr2lL4e8AfDeHwtDb39zeQazPczTahNHdTiVbWbqrJG2QhY/dOTg5r9Ef+CyXwj1jSv2jPEfxWfUJLjwv4phttMsLho2iR9RtMpJbqGG11jIIyBjgFyMkV+Lj2jxzjaxAxH87NkhmIIAAxkdwCMEDGTis/DbMcPxpwrw5xNWcli62Hp1a9KhUqUaKxiajX56UJJTtUjKylda/I6OM44rhzOszyalCMcLOSdF1oQqVY4acIuly1JczguS0dHHRa3R7FpyQzHdcuvmCaB1UcDG0YIyOoBBAAJ6jqRjovE72i6RczKoPMSBUYDuBjGQNuTkH1x7VwSkQz2xMjSSYg3KR0ABBIPI29eeoz14BOr4muIZ9GaNJly13H8qjJyGUDpx7kYOM56ZI/b3aGHfMvd9n3bbulZ+WlrdHfoflkG51UopN861teTSejfSzV+/TyZ/Tv8A8ENJ7fTvgZqbTOY7ifxze+X8u/5XcHrggHOASfx9K/UH/gpVqb237Dvx/MUvzN4NKBiMlg0sI5K5xx94cHrxX5i/8EXNd+Hvhr9niY+Kb6UajP44vxb28ML+azM8YU5QZ5zwCBnt1r9aP21fDnhf4k/sjfHLw1Y3MsH9qeCppLaaRj5okj2SRqsT4JbC4BxjBUNgkY/zP8QczoUvGacq9Rwp08+wkpOSs1GFahzWu02u3S/ZLT+ycsoVXwHlUY4avJzyqcYzUPcvKEkve0e710s2tup/nqa/dfY9JvJ5MtLcKsPHGCyqS3zYIx1wO3XnOfFVijZPNZgoDAFT7sSeOMjjk+gH1r7x8Qfs9Xl9HJDc3U1rDGU3NN5eHKsULKFztGF3ZJ4GeQAKrR/skRHThfyauJbeWWJEUPCN3mHBJBkzgE8joo4zzX+h2DzzLVgaE3XX8OFlsmmotydltoreemqWn8iYrKsb9ZrRUHZTlpe1m53a1avfS7fax5l8IJ4rnw/fWe795cXcm0ADiPgKxJIx2wD6+2awvih8PvGnjeCws/AvhHWfFFzoNrqNzqaaRZT3n2S0VQxnuBAjskYGTlgFyWOQMkfWWk/AGP4eWcsF3Ik81wWubcwTRSDyyu9QShchhzleBnGD0r7T/YO/al+DH7J/iT4i6h8X43XTfiRoDaRpzJpsV+1vNapMk0X71G2JMrgNtAyACSelfB8YZ/icJgq2Y5Tg55niaLpujhYcylVjKdOMkrR95qPM9noraJ6/ovCGT0a9WGEzLERwVCtGSnWm4pQdk4ptuy95LfS0rWdj+XfVbubTr+a1urd7ea3meKSF12tFIjlZIiuBgowZWDAchs7R1WfxIsts0KRncQE4UfL8p3FR94YPTjkk8Zzj3/8AaasfAmt/Gv4ieJfh7JOPB2veJ9S1HRY5ohE0cF3K07L5agLEpd2ZUAAUEYwNufBdL061E3lXMTeTli5UHPByOeMDOQTnnOc8Yr6fLsV9awWFxVWjOlUqUadSdKXx0pzhGcoSS6ptxae9mtz5LNsM8JjsVhqdSFanTrTpwqxd41IwlaM01de9fRt2333PP7iBi7SCJgZCzfdAxn39cnJwOTkjk16h8KtEe91Oa4kg3pboFLbS2Sc/KFADP/sgYJGO/NaUmgW97dRwaXBvXCbpWJ8oDPLMeNoHOSOmD0Br2jwJ4r8E/CmG8vJbGPxN4qkH+j267Tptq4HymQAYZlOSOGyRnsRXc8S4KLpwc5aJK119i3bl3d7t/ijgVDmi4VJRgrWu7Xaa1ik9HppfZvXdHQ6T8IvEHiS+jvnSLQdBtAWl1fVHFtbpGuWYosjKSQPugA45ycnI7u4+Ivwe+GMLWukWcnxH8T267FmuVxpNvOilchQMOqsOOucdiOfn/wAV/Ebx38Sr5m1DUZrbTXfKaRYFrazjXHCeXGEVgBwMqwycZzXTfCv4cQ+IdTu0lgd0tQryxxqXkdiQACeThG5PXPLY6VjL6zVvOvPli/e5Itr3Uouzene3lq9bXL9rQw8L04p8qu6k7NX93VJ6WVrXfTVM0/Efxn+MvxFVbEXz+G9GfcsOl6NGbNBCVyIyYQrEbR1PAxwQMA/Y/wCxt+wFF+0cfFGteJ/GMOk2/hyCyuZrS9uA11qD3EighpJWDLGdxBKHOCPlJ5rxtPCEGl3yQ2ccslxHDcIIim5l25wpBU7cDGQMeuR3+lvgBonxsuJ8+AZb638ySP8AtBYomW18uCbfEt5MBswzKESN3GSAABXmZg60sLKnl86eHxDceWc0mkrxcnZR1v00b3dnYiWPoQftsZNujy3lyyUelltZWbd02tbXRxH7QfwZ8PfBr4x6z4C8PQJDpmiWWn+W8bmUs81qryMs2SJFkkJcDdkbvqK5jwBPLBrlvBt2xvncTj5wpyCc9+Mbhg8Y9h1vxj17xT4i8ca7deLYXXxFaXC2WpSFdrH7LEYlAAA2oqrtHJ6Agda4DwLqlrHqsAnkPmGRlj3LgAEscEt+IDds5GOQPfyxVoYOiq81KrGnH2korSUrK7W27vr5306fFZ26deq50L+z5lKDve0eaLXfpa776279n49kYeIJnjTiKMMpDZY7h8w+mPwGR/vDzLxOoaztnkTcxmtlG5vvbrmPAweBnJ4yACMAMOR3Pi3UbZdefzJQEKR79h6lhxkn5sg8cexPrXn/AIiuY7+2jeAZSLUrCIZABO66QD1zn3G3I6E9Pm83dsNibq1oTe+3Xzu7L730Z9rwzGKrYD3teele1n73Mk3rbXW1tr7dL/6G/wCzLGsP7MHwBjUBVi+EvhFjwBjNjERk/wAQyQPrnPYD2qRsYzzhF6cZ4HQE+wznkGvKP2coGh/Zp+ByNgNF8JvB4zwfmOnRHHqB29DnHUV6hJISsZJySFyevGB3AweDn8OfUf5IcWTk+Jc3m0rSx+KtbS69s0uiel0u2+9tf79yRKWXYRN3tRpb3X2IXf3b9Xfvc8h+Pkir8Bfjm2RuT4ea5xjOM20nBzxngng7eucniv4LfFA2w6nJFN97TgHAUqWYyyHARecE5AAyBxjOOP7wv2h5XT4C/HLDYDfDnXCQcDINu5we+eFBI4HBAzkV/CB4xjS30+5uTKm97CAbW4LM0krFSAD06DAJ7Z7V/Wn0XJxWXZxeV5fWqd1ppvbp/XnofhvjnCo1gpRUWlOeujt7tOzTSd7L7t+qv4xp++C6UKxkaaZXfIwARkBegKjrjgt3JwRjuNVLw2bMcuZ7WfeAc5Vo2O0YY4XKjBPvgenmq6k8N35nL7pCvlquNuODztGM/eH8gK2rvX5pLe6jkIjMNnOsKjIbHlHlyAxPX1xnnAyMf2HCLclJ3abWr0dnyO93Zq+mnXSy0P5ujOUU4NWSasvJ8rb3/ronc8h+xxJpMF4IxHsS9PI3EHzGIJ4yvoMYGQOvGdfw/LZG0s47iRSWJfCjhgzHAY8lT6gnjB4zXL2VvqOraII4jMql7nb8jkysZD8qADJXP4knA7geieAvhb4u1ZEFrpF9cMQm2NLWU7cnhixXAAxnntxnpj06lanQg3UrQpxaveUltaO+u+27Wz07xQwNfFVU6NCpUnz2XJCTUtYt6pXaX3rbqaqyabC7z7NjW4DqSdwY8Biq5PPfnAAwccADltf1h7zTdUSJQuYsBhnAAO7PQgElzgD6nkk19VeHf2UPiN4hnDT2rWsGEDtJDKuVYZKruUfMQQCOQMH157PxL+yl4S8E+HtQ1bx74/0fTLO3RWurZ72CKZEBLZ8kyCcuAAMKg6dMAk+BUz3L4VHFYh1qkWrQpxc5N6aLlTu15a9UfQ0uGs2klUnh1h4ytedaSho1HV83k9ElofPvhLwG3k6HqV2NhvPDsV3CFAIdwWCBsAAFiM4HU811UvhXxDq0MS6do1zOJJSuUt5SdgIQsSq4wcZHJ46kMTXq0H7QX7OPg3QdJ0zQm1Dx3eaZZraGPSrB5MoMqIjPOoAyQASpBGSehrI/4bO8TiGW38A/CLTtDt0Vxb3+u3BMiA4G8xxhl39Pl7bcHriuGecZxUqxjg8rqSjKXu1qz9nFKyafvPmas9kvK6691Lh7KKcfaZhm9OMk/epUEqkr6adFFtN9dN97IpeGf2efiLq+qQ3NroUxgVkcu6SRrEU2sWkYgKEBJzll568Zx9sfAjwl4e+CfxV8J+Mfif418M6FZW9vqlxcR3N/bllk+z4hjaFn81m4wAituz7Yr8yPFnx9/aM8Wi7i1D4hS6JYzt5KWHhu2SxUK4wUa5gCSng4zgMfXjnb+GfgHTNa+Jvwmn8X3eq+KXvTq89/Hrl5NfxTTQ2nmR74pXYFPMAyu059y3Pj8Q5fn+a5XjaeYYqjhsNPC1FUp0IuU5QdP3oxnO0U2tFu0/U9nI8dwzlmPwcsHgsRi8RHEU2quJmowUlKNpKKTejXe9uul1+2Pif/AIKA/syeHNWvToCaj4+1N0kCW/hrSp5g0jNnaTJAylnboQxJBGGJUrXEW/7bX7UvxKvI9N/Z9/ZQ8QqJlKRap4j0+8gRkKsqSCSeJbZEwQ5RWKnIPzV73+zFr/7JXw8ubyXxB4Q8K2+qaPavPI19pNvIJLssW2Q74ycKmAuRjcMDAzX0pef8FFvAdjeppHgnwgy6Yn2iHzIIILK3aPYVHliNVIBJ2k4JxgjIBFfyBmlGeXV4YDKOEsZnE4yV8RmNef1a94q/soRpxcU2rJza+53/AKIp5xhMTSjXq5th8ApQV44enH2rdo396XNLSzu7eh+O3xm8L/8ABTnUr2Of4oeJ9L+GGi6zZSzwabpS25ufJGd0IltWLrKkZIw5wOpAAGPzx8f/AA38TJ4w8L6P4x8beJPGv263nvbr+07+6nt1kjkYtCkbSbVUkYPA5GCfug/rh+0T+2D46+JXiLRrWTRdO0/T9FW+SytYy9xcTQ3LMqvcSMCfMVGGMFlxyMYJHwR4vNze+PPDd5c4a5fTbyVIxhkRZAWwAemCcE4I74Ga/ovw6o42GWYd5pluX4DESg70cHShCFOLtyRb96Tmk9bSaurO90j8U43zeE8ZKngcfjcRSulKderJqcuWLbjG8fRJRsnd22v4Po/gzSNP16+itNItISqboy8YZgSB91jk5B9SDjgg8gfRfhyzsYNIto9QDQwBy6GJBG24LvyygFmBfBAAIK4IO4CvP7e28zVtSlmbY8aIAFCgdRwGXpnkdSDz1G2vTtRaKaw0yOGJ2YNCJHDBXICgNtAIwecHPYduo/QMUuaPKvdTV1JWtZ2Stsul2r6vXU/P41asqiqScnZrq9vdWr3ut2r7K2p1WiX0F1eTtCoSL7KphaUMSHXqEzwBg5I6c9M8H+2X9kW/Y/BD4EorFvO8F6V5jKVKM6QqBkjOQCQdwJJ5I9v4iLQxWs1xbxEFJLNRhmO+EEDL+hOFBYr/ABDJr+zn9hLV4tS/Z6+CM1u7yx2+hW2npMwDIzRKu9t2MKMrgHPpuAya/jT6UuAnPLuHasZSfLmagow11ai3dJN25YNJpq3XY/dfDGtKrg82oyi7KlzXd9VaUbJLfdPS/Xdnp3wauJX1/wCNssqLj/hYc0a4xyqlgvXdxnHGOMeuSfXLtCW+ZXyccAjPJ7k85GRnoOuMYxXz34M8efD/AOHd78W7jxf4y8O6DLceOry4eC91C1S4EW5uRA0olYNk7cADHTJHPlHxB/4KH/sq+CJZIb34h2uqXS5ZbexIgLEDBCz3TRwcjAzuCnp3r+Ucbw/mmPzGqsFgcViYyjT5FChOSUnCndK0W99bu+mvQ/YMLGrCzjFxgo0/fa5YtezpvRysrrbe2jfc+yXjhUliNiHbwWB/E8nrwQOfxzmrAktyyhcHBAwCFIzkAFepPT17YyTX4h/En/gtl8BPDlxJZeFNKfVrwD91HfyyXrOVJx5I0sXCsTj5Q27nr6H5S8T/APBb/wAa6stxD4Z+DesXFxcrJF4dkuba406xn1EZ8qQM0aSzRBscEHcMFwOlfR5N4Lce5vOnTw+Vyw7rTiovEtUrqUor7bi7pK6tHX0RWLzXL8FSlUxWLpUqdNOUlF+0kk0ntBSeuq3V2+t9f6S/iBfw2/w1+I086yeRH4G8RI5RMDjTZwGJIAA5weRwCT1OP83q/wBNWXXfGWoRwSTyy+JtbhgIGVMZ1O6YqCcAEKQcjK85PUE/pT8Uv2+f29/ioPENnqF74k0rRtbS4tLjQNKkisbGO1uFIaAXEZWZ12/K+7IdSQeCa+AR8LfjHqPmXMHh/wCxGZ5XdZb1ArTyOS8pUHJZmJYswPU89M/6CfR08JM58Mli8RnOLw9WtjVRk6NFykqagmmnO0Ly996pNK3Xc/m3xP4hwPEODeXZbGtKLqyk604cunLGK5bu+qV189Lp24YaTdSbV8hUdE3FpnVBheiqWb0wvbOMMOQa5S/8KTz3TCeexijkBlkEk6AjP91lYHaOTgbhgDJHNe2Rfs6/F3UYC97e6VaSFtoEl9KSwIJCsEyuR36c4ONozUP/AAyn8S72Yi48WaFBGQ24DzZXwTwCzKS23BJyV44GK/sHD53GlPnv9lLR3u2otxdr38113tufzrV4SnWp+znzyvNNvRNNcqSe6vstOlrX1t4XD4ctLa4MN1qViE5YbWDL7EMO+PTg4P1PUWlloMTItxqriAgsxiiAIKnACHnCjkddpPGRnn1W3/ZI19yUufHcMe1huWC0DDB4A3EDJyWPTIY5xitYfslWsxEF3431iVt3KQRJEAy84GAAuT06EDGc9K7qedKrzNKS1fuJ21vG29lb1XflRzQ4N9hKKaSV1Jyd7taNr3W9dEm9rJ3028D1rw14QvJUkOs3USuuFiWFWZzt+QsSApJOPmZQMHnBOK8B8NeCdCsNe1bUry4uZIxdzrFGZIY90e7CyHLAkkY4GVweO5b9GIf2VfBdsoW81PX791t3LtJetGqkAko218ZOOcZIYnoc4o+EPgH8NLnSIrq40q4urhri6DNc3k2WhhmkRFwGYFSF6jGScArwK5p43EzqxcElJap83wv3VZaNbeSa7O9z3KGS0qNJ0VCn76V0o26K6Sd0ra6Oz0u9mfHLS+DoNkS6XHKyhmLy3agPzlTgNgk9wMDGD163YNU8Gx+WP7D0+VnDBlLSykDB4bapBx3xls+oCg/eNt8Gvhfbu0sPhK0IiC4aRpZSp7kKycgkrkHgnGQOTWzaeAPA2nM0y+F9JVA29THZxtgc4LKUz0znIHP1Arb6zjJXcqqV7Jq6dl7ttWk9Vd723e+7pZJhVK0acFrb4V1t3V3pt1vputfhC08V+HYYlNl4QsZBA371msJJST17xElMYGeD3wMCtN/H8wk3ab4a8mNo18v7No5diRhsKphUBMgAYOQQp44Nff8AaaX4Wh3mDw9pauyt8v2GBAQDwCSgyepx93ACkbsCtCTTbFI1kTTtGtNir5bLHaxpGhKkAlgD8wOflGc45zkVm8TWW9Vy83e11aNr30TXRPez7M3/ALIwkN1TbSStyrqo9Er2te+nTqnc/Pq28Z/EW/Zxb+FdSLMy+W6aPs3DouSY8c44VcZ9VratLf4037uLfwnqQaU7gTBFCijqOGXIABHGM5OBnjP3eup2lns33ukxMFwFe5tI0AxwwYMGJPG0cAdD0wLA8a+G7F42uvEWixIQFkU6nAMFlwQvz8EBuccDPHcVm8TVck3KTta2rutVd3t0aT7fg3vHBYa0Vywetvh16XV1HRX01aX3HxbD4C/aB1Ty/wDiTtbkqoDTXscRA4P3VdM46dFPOATjjetvg18f7ny1kvtPsCpLbpL+VsKT8wwshBOCT2Jx+FfTuo/GT4c2qs11400JFh4wtxGW45ziM5bkFeT35YZrlr79pT4L2sZjuPG9i25SpMSMzHIJwCo46FfX3B65VMXLlT9o27b8zXVW3tbu3r5roVLB0IK9rt2btZJWSs7Xd9bedrva1/kjwj+zx8TPFNz4ou4/FlnYm31R7O8JmmlW6nQkM2xX4VcdG4OR6c+lxfsleJkt4zqPj22SQpkNb26u6t0IAdvXnHXB6kDmfwB+0t8HvDUHiPzvFItZLrXLm4toREztNBIzkTknjLKSccdfYAbk37ZPwOtGmlfVdQu5wS8JjjARzg8KpAADY74APOQOawWPlC96ll19/Vu8db3vf7tUrWNqeCoVIrmSv0u0tdOl9nbS62VulyjafskWzRP/AGl471WVWTP7lIYvnHpgg4Oeh5zjnOa04P2R/BVv9ne+17xBctuySt55akZ4BKsOmOGIznOMZGeP1D9u74W2sbNY6PfXjkEsHZfm5yCRuxn3HI55wMVxOpf8FCvC8cTLY+DppG2FR58oILDGDwcLjHuMnoOKP7ThbWpJyXW78lb5NXX+RlLA0HdpUrXWz0b0vdWu3daPz1vc9xf9mT4WW0kZmi1e7aNmLeZqcu3AOAzbJSOc7ueoO71A6CH4A/CizRX/AOEdS4Z1+RZ7macPgYBYZYZGc4PXpn0+KdQ/4KB3TLN9g8LWcbygEiR9zYXPAPI6YPTp79eHvv2+vG0j7rOxsLNQmzEUYkKcA52lSMjGdwA2gHkcE4VM0g3pd7XW38tndN2S+ey0VkRHCYeLS9xPR3Suumm1+uzta+t73P0v0z4Z/Dyy3xw+DdHWZf3ama0EobqBgupOeM/eyevA4PV2/gzwtZx/uPDej28n3AsekQlCw4ByyYGOueDyc9zX41ah+238VL6RpItVS3Rsj93borP1wflGMkEjJ5zjvxXNT/ta/Fe5UA+KNRiLszKEZQuTkgA5B6ng5BXP1AhZnTVmlNuKVnp2ja1776W72sV7GjZ6wSbV0otJ7O6a0vo077tXv3/bwaJZxI6ppdnDsDAiG0toVDgHbhSowgPOepHLfdFeF+I9PQ/EnSbqX7GjxaTMzIZbeGOJQRhlIYZYgZxk8kjC44/JO6/aQ+Jl2JkuPFWuyBwRmO8lRecggEMMcYB3c465Nebav8UvGF9cR3U+v6tJIoZFeS/nMwDfwlhyFOc4GAeRjowxnmlRtNU7qPRt36WSaT87u2i1v32VLCqKSbd4vmfKv7q67q17q77eZ++iazp0aRodY0a2tsorSPqVurpkneMCQHJPXOMBhxW0NZ8NRRET+OfC9vGEDM8mqQFgO+cTZ68fKBjOT23fzsP488QTId2oX7kg/M91OwycjcygkccEjAyRkd8ZcnibWXUt9tm3MDvDTTMRtxxgk8Y6H5sYPGMk4zzPEza5YRj10b8tm0r2fXR9tC0sJHRqbTtazSb0WlrNbr5NWelz+iefxd8LrMTNc/FnwpAqxjMYm83acEsBjdk5HXJ+Y88kAchefFj4D2Kl7v4uadLI42yfZ4XZcAcmMY449we564P8/S6jqt0NonZ2YgFCXLEkkcKc469Mt2HPQqbLV5VBMUrMpJ5YqTgZ+4DwQOeBwPwxzyxuMlP+Ko3t7sY310e2/lpp1s9jWFXAxavh5T1aSctVqtfds9b6aWeyT3P3Sf8AaR/Zx0qe6aXxzqeoIVChba1T51GVO1ipwxAPIyF298Yrnb39tL9nPTUgtrL/AISnUtjNvD+XGrbjgqG4AQ8g5PqCMA1+IMlhqeXBEqhQM/OxyDjhuSM5yTz0xnk8A0m+dFDZBx8qlmwOcdAdvXqDwD0ya5qksRNWlXqtpp3UmrJ8r0sla6Xo+q6lrFUlb2WHprVfFd9YtaWbV276v7tEfsve/wDBQH4OaWsn9l+B9XunY7kWeeMxqytnJU8Lxnrz3GeM8VrH/BR7RsI+jfDeyiYkMz3ExO4bflVlU5yQAc+o9M1+VMfhy+fC79p+UEbjtUY5YAHJBySfdsDHAq23hWSNEMk64DA7guSMEEsc4/hAGR82M4PWlH2yS9+bdk3duzel2ttWlZfla4PHyVko04rRpRu2r8vdvV222Xzd/wBBNe/4KP8Ai6+tLux07wroGkpdW01v5qI3mKsilccrywBwARtHHIORXlNh+3F8S7KxtbK1nsbaK1WTyXjhBbczZOQRyVOTz6ZyTur5D1HRLa3jZ/MlkfBYFs7cFe5xgc8AkZ6DDA809I0tbuJz5JIiycgkgk8g8EYIHJAzjHXgVvD6xLSE6n3tXsuu6X4b6aswqY2TbbcFa2vKttFfZ3V7pbWvJs+uLj9tv4xTySCPX5ELsGWSK3jXYR6FSOBg5LAndz3BrkdR/a4+M93KxfxfqR3AhdnyAEg55LKMj5hn0HbpXjdloch+ZbVi2zdkqWUAsMFQSQBxgjkhsY5xm62j3LFBLBHGMEZ8or3AzhlBBB4OfzBBrRYfFtOT50tLvV6+7vtZPRrz2VnY53mUaa0qxSWukUuqertqnpa976LRM6a9/aM+LV7uM/jHXSrHJUXEgXJHBIRiAOnQEgduK564+LnxIvvkuPFmsYJPP225wWzk4JYduCflIJJFUz4dEqlSwZieg4UgHKkkd9wBOWH5dNtdBha0ggnUKQSxYKFZiCcAsBnORzyMZ7knOscHiGlJ39ZN33VuvqtGu1ncylmtBxbdffdLTblevr6u9rtO5yx8ZeJ7yVxca/qblgc+ZeTnOc9i4wByOu78eaptq+rZCzancuM5IeWVwQTk5yc4AzxxxxgE5rsv+EetlCqYdpOFaQgEYBXjgEg5IPJIznOBxXXQaPpMKxF7S3mjBAAYA8kH0HPAGRxyRweTTWXYhu17RunZO705baKyv0v+C2XK87w0Em6snbVu8ns4230+drLpqePvq1zcBRNO5jxlQQQPbJHJHU445z/CNtVVuJcCISsFc8nIxyQ2ATk85yM4xyeSCT7Lrul6TfWUcNhZpDM3ytcKg4CnhcL0BOSScr75ArgJ/Bt+nl+Svm7gpLBzywIPHOV/h4xgAgYwMGJ5fiKWrTkrLWL63WjW19ddraPbQ0p5xha9r1Ypt2Scmrr3Wr9E7Wuls7W1RjXWjavDZPfSQM9mrD94ZM7TgccHORznGOOo25Bvab4c8S6vbRS2FleTQyvsjMRYZcngZGB9MYAHGAcmtfUtO1bT9EaK6nkeBpl/dBtyAk4ByCCeT8w4+mADX0/8BLUTaZpJmAlgguHUgNhnckFBjAJKkDPGWPGK6MDgPrNX2c+ZWtrbW1477PR3XyVl3wzHMY4Wj7amlU1jFe8+X3rO+u7tdW9N9DzXwh+y78UPG07RQacNNCRJI8+pSkIQSSvAwxyQc7iTxnHPPs2nfsIeNZ4R/aPirQLNl2syJ5krbSQN2SCA2RnqOR1NfpT4StBHo1nttgks9v8AvXb7zKpJUHAyMAEdec9uldLJZRKpSOMbmQMhLfMMnngHjknvg8dwAPp6eT4OCScOeTUbtuXZX2tZPbyey2PnnxBipuyhCN2mlvbZpt2W21vO/Q/Oey/YLSLjUvHkTAMuTaWwJGeoy4wCD0ILdx1auntP2GfAFuM3ni7WbsthmEUKJk5xtxj/AHTjqM4xwSfu+e28tWAIKMEPy4J5wGwTgg5A6DoCeOKhkt1j6oCCi/LnAz3IOcg5PIPH5GuuGWYPmUvYQ+yr6vX3XrrZrTpa5lLOsZ1qaK3T/C97XtpJt9dLa2R8dWf7GHwdgkBuLjXbzBAJeXys5xkMUPGQB1JOO/Wult/2T/gXaEg6BfXhXbnz7qc5bcBjIY4Hv0OcYJwK+lpbJlRxlgGwwIbOScYBJzgjP0z15zU0cBRWzvVcKdrDJJJGRnqDnlemByuODWqy3Bxkr0Y300aTSs/N26dvlcwqZvjGre1f2dU2n0VrrrdPTTyseCWv7OvwYsg5h8EQSEAbTPcSyHoDghxnjufdRj07LSfhL8LbCNo7PwDoq5IQmaCOUsSRk4dSegx0xn0BAr0yKzZSZMMGLB1YZbYMj72T8pwBkcjGB6GrEMDeb52VKxkpyqhmByNwAIzgEnrkc8dxSweEjNpUILmetore6Tautk+qto31WmE81xTSaqTemtpNJ/Dpv1v083ax4T8XfCvhWx+HHin7B4S0OyaHTZEWWPToElRyr4kjcLvDLxz24PYGvMv2D7ZE+G3iyVYIi58SCLLxKxKiI8K5BK+/JIOCcGvfPjMm34Z+MH2mUDTpSruACoCtnCrnjPrjHXuK8t/YDs/tPwh8UXGGQjxYUOFBDZjbg+uMHpzjmuaVGlDG0YqEYr2c2/dSvqrOytbts+r3NqONrVMBiKkpy5ozik230cXorbrXtbXvr9lLezRNFsdQVUBFCqSDhRk7UxkcdQR161orqkkoUGRhtQhiCoJYfe2rx7jGc8juciCSwFuzhkImz5gKkFQrdhnA5HBB9x04qvsfKusaKigszH7wLNjkYBUHI4GQBx7Hv9nT/lSad9v8N+l76O2yVle+556xNSSd5SduXrdJvlu9909NUraN+W/Hc3LrHtdmiBCspJBJODg9dpI9cYwehZjSTyzJKqJIN7ZcB2J2cZK5LYGM+qk9O5ptlbSnMiOBGHDdMO+R2B28AYwSeRyOtR3kWXUKvmbXYsxIB75Jx1Cjk4HqAMZyTSTVlZdUu2l9rN22bd7776vojJt0n7z+F7u6s49nfT5+XcrNKqyK7uwcswII3Bz1B5yBn0wB3b1pz28lwCJInkJQvGUIAXkfexyc454HUewKQwliWeInYA8arggqAeW9cjpxg8nj+Hfs0MQd3kEcTx/u/LAcqAR1zyAfl46ZGfQnjq2TjZWu1e8bp7a7pLXZv1ae56lD346pqFkr2aV/dT8ujTdm9U7nEzWr/O7kZVCRt5Ix2PqMYHzDA5JzwazngmYbkO3zhs3BMkbWJBfrt/3eATydxr0y40z7UFkQgBouFVAJH4yCVxyGI5x6+nTLbQ5ZNsaeYVChpF2bSSThduFOM5OVJJHvmnC+t2lp3irX5V33e97a3urKx0yjKVuWrbo920tLejtfaz38kuWsbAeau/BzJGoJ3FSxcbjzn1AGDj8zj88oLa2H7WPi952LQItzvjU4LABBtRsjnOwdR05wSTX6oWukqot1ZSNjhfnCK7FmHzKSwwCAPToDgGvy/sLWKf8AbH8Q2EpdRcavNbKwxt/eLkKSuQVA+U4ZcZHO7IrOsryoSjKPMqi26Ws093113W2l9EZ3nTjWcnzJQvddNm9NXa6bs7We253/APwUMhmtfjzpNpNGY5odNtk+YY3jcSGOM4BOdxBORyFHGOM8I/CH4l+MvDt7rfhbwF4m8RaVpFsz6hqmk6TdXen2xVNxjkuYomjVwBkqW3AgkDO4V9YftwaX8MvHPxc8Ualf319Y+JdI060k0dFkjSxuFVDlJH3go2DlAo5yTg8A5v7Cf/BQvxL+y34hPw88U6hPq3wA8Q60svxE8PWFvFNqgs4yN02m3LqzhmUEOqsu4YGASa/Hs1zXN8BkaxeTYKlj8XHkccPVm4KrBSi6kFJLSdn7t3b9fvsXlGBx2bzpY6vKjQblFzglJp2W6esbN2b7NvyPzU8YaXf2WqWEOoWVzYzC5iR7e9ge3nSQSEFZIpFV1AAAG9Rklu3T6I8AwtJ8OPHipIoMcjc4PAVOBkYweCAOuM49/Wf+Ck37Q/wI/aR/aBs/iF+z/wCGT4U8AxaJpWkrbXMEdpe32qWbu1xfXNtCBEZHQqGcZLsNxPzV5b8J0SX4cfEBpWx5kso5ILBCoyTuwOFUtt6/KMn19bIMyxOZYLC4rH4KWDxVWgqtTCTacqM2k3Bu2uultfPoc9fKsJg/bYXD1vb0ItRjVuk5KUo2utVpvv3vvc8JCvsjVZ4QVC5QsPMGQfl2AkseMY79QOQTz3iOJ1sL0F0CxRdVwMvgkAE7eeQSAQeMEYyD/Rpqvw0/4JrW/wDwTC0/Wl1nwpN+1JJokF7E9rqbnxOmu+dKDZ3NiPkEO0LhQQOm7gCsT/gjn/wTe/Z+/bp8I/G3xF+0BDqos/BXk2Xh630vUEsJbnVBC8js6xyo8o+VSoIC5PU5xXj1eNMHSwmNxVbCYujDB4h4aSlSTlWlzRip0+vK9229OvlmuDlCthnRxFKarQVR+85cj3tbZaXu929j8Hf2YGk/4TqyZD85hdFC4yOTvB5BJCgDHq3oMjofFvlnxj4jBgbP9qTgBgd24M2TyTkHOQR65PNeh6D4N0f4X/tL/EbwdoqTJpHhTx34k8OaWJTulSzsryaC1V2Bbc4hRVY53bstknql54Ph1vxN4g1J78rax6tN5sS+WJIiHwpG8j5WODtyAQNuMcN7eDzCjLDQxSUlGrTjUT5bycZcsuVxs2nZ7WfqVjctr1MMsJSUXKnVabk1yuzS3ejvva1+54xqtvNHYzTNtCiB9y45VSrgcAjuffI74Ncb4XLGeJS3zG4t+DzkCdQCu72BA9F7dRX1944+GGg+GNH0oaprTxP4ntm8jzIlxApH+vZlOAmMkkZGAckHivDNa8G+HPCc+hjQ/EMuty3cim9VohGLfYwMaI4ydu4blPBxjrkGrnjqeIhywhUXNdawkkrNbtrfXe3W1jycFleJwOOhKt7OylHSMru7aaVl0s4vrdWTdkemfHGZ5NZ01F48vwxpw3DGWwqewLDrjJIweoyuPCDOjW0XysSowQQAG7HBzwQRkkjGOc/NXvnxQ09tV1u1V5xEU8NWDAsxI/1MZHLAnk9uFUk4zgVw2nfDfUNWso7m0vLYBphEpc87h1yADtGPvcc5JwetZ1ZQVOm+rjGMvk100v8A1rrr6ePg3jKrTs2oNJxfaLe6td2uuut0zzGylEWv2p2gFbeTBxg42jnGSeOCCT0HbFfVfxo1SWx8N/D17QLGZtGhR3Kr82UB5z1IxzjgYPUV8uanpl1ovixLG4ZDLBKkUuxsoRK6oxB6kMOQN3Tr0AH0J+0C32fwv8OlRifL01Y2ABOSq/IRgdT1HGSc8c15uJcXs3ZW/FLRdNb3un127/TZbBrBybd2423X8sbNNJb3eydjxRPFGqREQpd4C4IJGcEZ4Bbtg8Z5HBHYL01lr+p+KLzRNMv52uJV1SFYGZjsjXevA5OAOW4xknB4yB4694BEHLFiSwyQQxO0gdcnpnPbPDcba6XwLfzP4p0JY3JcXayRq3K7lYHGWJ4JHQkjgZ9DwzVk3dXtdNa20itnd6NddXfpo33YfWSi9m43s01Zumktbq+rS3abb0ur/wBG/wAIf+CW/wAdP2uvgjYeOfBd/oOn2uiSSQ21nqEkkc2p+Uyo7QumUKoeoJyMYOMEj5Q+Mv8AwTa/ab+CTa/LrPhF9T0/wwsEuq6tpQF1Y28FwDtYIhaaQ4PIUEjqQAMn7N8AftN/trfBr4P6JD8B5bxPAth4eku9cCWUctvb317h5GhZQ1xI7sQzFEJBHOM10/w4/wCCtfxn8PDVNK+KHwvtvinN4p8OTaVd20UE0t1b6gpEa3s1nHG7q8LAkqyfLkgkYr+Xs84k8WsJnuaYjK6uR5jlVDEVVTwcq0Y16dKL/dqd5QcZtRSnzydt7aWP2XAZVwtUwuHpY2jUjOrTo8s6casKvO4wVSTk+eEkruSXLFba63f4heL/AINfFDw/p51jWfBHiGDQD9lnHiC40q6g0pS0i+WqXckKJudTkDcSoI6mvT/FGnzL8IdNlELFjqMaFtmWGACM4APJ4BGOeB1FfqP+0x/wUn8E/G/9l/V/gDqPws1fwX42XUrEJqcunfZtKjtbaQFIlLQo6uASCRguQRtxXEfs5/s6/Dn47/B2503xZ4u/4Ri6sNXT7NePPCuV2BRK9u7rI0YbblkU5yBjANfoPCviDmlPhjF5zxrljyytRxfsIUMJJYvnptU1CcXTc76zadn0vpueBnXDWDWZwwmRValWlUoqTlXcYPnVlZtqK2ldXeut1sfhx4lW7gkY7XKgrjIOMNgnPQZyM9c5x3xWNFK08cskwfEcsAXJ4GHXc3OemCASBjjua/RX9rb9lO2+Ct3NNonjWx8Z6TJKkCtp9sTcwSENtkkRVYlSO4JyCCMg4H5+Xtt9gWW0mUpIxjkAaIxsQJEJJDAHBO3C4zgDtyfu8m4iy7OcLSxmCq88K1uRSXJUTurp05WlGzTbunu/U+PxWV4vBV5U69Npx1k4ptX0s07NNdFql0Vklb3b4tyKfAXgsqxDRncYzjgPEpUnb1zk8euRgV88297epZvlwAsuAhU/xZ+Y8HIHU9SeARnOPa/i1ckeFPCALFCbOycsx+TGwgHJ25KkHnoeeTwT4jY3Mc6lQyuqOQxBXtnAwM5GecH26cV9Di0pRg7J+7HXu1yaO6frrdKybM4yfOnHS1170mk1fpa17Wv6t6a66GiSzNq1jITySSSeeQQSPQAjJx17jjGPs3XL86b8HtOugiybbiH5VAZwC7FjzuPG3nI7/wC0TXxppSONUsj5UiobxY9w5BVgcDkAKD3PJ+bj+LH2J4wVo/gbI0UJZoLqKNmxkRqpJ64x1PJ9Rjk5rnbaw01LZ29bcsUrbLrdp3/BjopxxKV23dO7Wt/c132tot/O7PArfxVYhg/lSgMz5JPU47Anp7Z9h0INiC+ttQ17Q3jZQPM+dXOCF3A7QDjoSPvAkgYPNeOLeXRiLbXDZQqyjAwMdhjAB6sR0454z1Xhe5Z9e0gt8/73nK8gAjcc/X0x/WvFppSqJLa6Se1ruGv4pcurvzap6HrRnJ73V7OMmklpKCd7P71ZPv5fV/7R0SKfALRKi7tBQswyCAAAPTvzxnjnGM4+bo4pZpY1K7h8gGAQcZyTn+IdMEnPHHbH0B+0DeO6+Aio5XQ1UMRuChQp5BOcEHqO5x16eA2VxI88Iw3IAOQML827OeDyQO3ZcA5zXn4qHLUdm2tHfXfS6fSydk+9+ujO6m3ywW14x2Wlk0rJXd9Oi12Su2reufBOPy/GkMfkKqrfQOQTgsd4zjvz3GSc9uc10/xvtI7v4ha80jmGZ5bbbGT8gXysgM3bOFXBPGTnjBGV8DyzePII5MlWv4gBja3DAjPcZHG3A4BACjiur+O1tby/EDxEjDc6TWvA3JhTCMDIPORwOoHfnca5cVpSpu7TSV9N9VbTu/Jbu+9zowyXPPRS626Wurvrpqrbat3R4vHZCFJEaVWyoYMCSSB/CMZJ4wfY5U9s/dH7JFt5UHiWUOS0vhrVhwCWwbWbrnnJAz+R7E18Ww6dGAgimaLETEhzuBYAAfxYAycDJHJB/wBmvtf9kw+UviRhOgP/AAj2rRnIO0P9nn+ULgnsrdMgjAOABXz2OfNSen8qtZae9F+a0vZ9PQ9eCTnG62jJPXtyO6buvLZWtr0PPbzxRp6xR6KkczSxvK0xdQV3q5bKtxtG3jG0YBB5xXWaBrLedFIpZSEKorKuFAAUAnruAwQSc7SCOCCfNpdHM2oSXMdyMtJNuO1gSRIx+XH3vTH3sEnGenrGj6E9rpVrqc6KyTFY1CP8yKCBkg9Msck4HGc54z8rmfJ7NWs/etq029U13ei37LXbU9vBxkql1JxvL3XdpP4ba62fXqlvotD6t+CE00uo6TKxILX0YYAYUuTk/KCCBkLnsCB35r+zz9jZi3wC8GnGSq3I+bOCDIAAx4Jz6kg88jkiv4uPgjcGPUdKG086ohzwR97g4GeD1PGATnpmv7Pf2NJC3wB8Jr1O+6yAehEgGRgggYAwBjtw2K/CqdR0vEWm72vlWKWlulTDuz8vnvtY9njZN8FYVNt2zTD3vqn+5q9+70vpa2rufXCPgAYBODwvQ5zlcDbgHofX361OrZ42EAA5OckcZHXJGR/eySMAk5zWQsrHA3dtucbfXv07dGx90/UzpKwxztbnLHJI4PJHOTyeTwCeOOD+pU8VF2TbUkrSVrX1S5rdVdva710Xb8InS0u1a93bXXVX02aaSV3bd2d7moWwMqDuGNuAR345AwB3I6jGcDipUkAIBQYwMj1BHGenuDzkdcYNZqS/eyDwcAnAJU8HHynB4PbH1zVgSnIwdxwQcrwM9DwCQG+bOOfyOeiOLUUpKfVK6d300V9v85WVncwdNNrTe7107X120d9r9Xrc0BIpByuMnnceR1PHUDgnHY98dnFgclQMDrjHfp0yTjuG4AJz3qkJ25wc8Dtja345Jx0yff60gmddyqxXO3PXnI6gAgHBx1Py9d2QVrroY20YvW3PZvZ2fJd9raWtbp1RnKk420tdLXV376/3b9Fa/ZO5phjnJyTkDgZzg9Oi46nnOOGGADTlfIIIOO4yTjPbJAycdent6VnrMSWLDgcgrgZPPJB5PfjkDgZB62BMpOScDI7cHP4DCjHrk546Zr1KWLg4p3V9E3roly7vXXo03d6aK9jmlGKSTTdktVq+nvaddeivfpexbR34AU4H3ucEg9BzhehAzkevapQ/CnkDnOcdQOePmzkAkA59DtqmJeqj5einPIIGcDkZ43EjAGDycKOASMxDEkqcDAPOFyemcjOQwHbgDrgdtPFK6SlFtRta9rL3dbrSyt2tbujOUErNWWt7+jjZJaXvf4vTpo7wJOQSW688deuOn14HtkD5hSh8HofunBAHHTuTk9wewxu71R3P1BHOT789RsHIYA9eOKUO3AUHBH3v7o78ZzjGBkYwSRzxW1PFLp7t225Jq725rq3da2XXbQmVNrltZt8umm91pZNbpq972bLpfcMkZ56HHqOT+JJ5AAyQCectYhiABk8cjIHYZxwTzgY+btkHPFdZGA2ljjoDjqRjBPO7BOe/ze27FGV4DEkjBBHPPPOQQQD0I479Rk10wxEOVXezXfXVatLTre2mttdzNxTabT20cbv+Xryqz0fnfXyLvyDt8xJIUcAALznqSMfXBxkHApc/MSQBwCU4PXBIU8AgZx/d49QDVJhIwUqwBOMjkfKSxwAMYHJ6H5s8g84cpcZ3EcjC8k5H3gR0OBjHJ+mcgjeGIUtb2Ssm3oulrP5LrfVaoz5H00utNNXomm7Wd999NdbNNFtnxjYCAcngg5xuGSdx64APGOgIFP5GACSOoA5B9QcH9ckAn7vJqEE555/+sT+Q56Zzzu4BzTg7A46KBgAbsn2+6ccDjqQeDgV006ytpfluut7XSfppF6fJNXRHJrdPslK1/wCTztezW97W2JkKkc57t1OepwD16+h9M/VUAPKtkHdg5IHXock88lSMcMOcAcRqzFjg47ZGegGT+OOh4wOvT5pE2kcYA7e4J6gDOcckk8H1zXZSrRWnMk2lduyt8LslbV9N972aepm4PS+tvn/K7t36/drZ3WjmRSu0gZ3cYOSMNyRnkkEEHPT5sYPOJAR1Y4x/d44BJHXAPJGeOx9MGEZxwc5BAxg9Rk9fujr9SOP7wCXGAckcjPHXpyO+fpz6enT7aCtaS0Wlmle9rP4t1bZcza7XsZOld3Ur2tfS6u9beStK1krK17lvccAZGA2cY2nAPrjnHA25zjn2pflKngEg4JwMH8MZG3oRjgHA7qKTS4GCBzwD39Sufccn6HgVIkrZBVc4PII447Z6E46nPBHc9N4VEmm2tFZ7e63bro/XS1lfTqmpJW5WrJONvNK+u99n30bSsTgg5yNuDjocA9h2J7fTGT0FSqVwcllyTngBsAf99DkDODk5Az0xUEvHPGemORgn0xjuDznAxyRQrEHOS2M4HA9vlAXgHI78ALngmuyFVyakpJJ9Hu9vTTVfhu07pRjNWur3d3Ky7bJ3at6L77F4Oe6secbgDliOzDJ+6OfRuOBjIeXyAQMdCOgJ7cc8ew4HI/CoM4+UkZAPJ54/2en0wB7n1erg8E8A8jnOB93dnoSenOckZGACeiFT+Zrpre9tVponfTTVP8SPZtNcuiultve3Z9FbRXbva2xOWDZB545HJJ6DHHB6nvxk896YwyW3HgDA47dSM8ZbBHr157U5SGYg/XoOgA6YPOAST17jpTCygHg9STz2BJwDzn+uTypORSq6NaK6s7pPXS2u9vxV9L9Uob7dNnZ30b1WqV1pbZO2iaM7VR/xKtTPb+z70KB1DC2lyOo+gHXkgg8bv4a/jXqkdh468fLNcywlfGeuCFYZAhOL+fIzxyQABweB3r+5XVif7K1InOBp150/695iPYnP4Z685r+Gz456NbXfxJ8ardQ+bGfF+ut12kP9tnxwcHJznHPBHGM1+M+IdnxHwo2r/wC/t32emG9f6aZ+4eFDtlPFqTs3Sy9rrZKddXt1aW99bLsfPt78QoYp5rGXUtRt0lh2rEJ3fewGPmKkjABByOMt8w4IXzTUPGdv58aW+vXEciqyEkyOQwyeCwJGB3Gc9O4B7fUvCmk2t6txcWgcMm7eJGO3cWCqQ7cMo2g8Aceg55zVvD3h8z20MGm7LiTfNK2Tg8Z2H5SACMDHAHHBHT7DK6DlCMlBJKzTslo3Fp3Suu9lr10OfM6tKFVxcpyvdW/ve69LWXS9lpoz1HwX4wksrdI59akZJozMJZF3F35Urk8qqrjHTpkZ3cZfiL4gXl1L9lW4WeORisLOiqnysCCWxnkdwFGMHGa9h8N+HdEGiaXdtocEpmtBbxIFSRmkYFFZQeWIIzk56YBwa29A8A6TrTSW0vha9urqynkLPZaa1xHEFJYI5iVwzHgEZLKNx2nINelXxFPA041askoTkruckl73KmtdVfVx17bX18OM44qpJQjJygk002kk3FNN9Lq72WvnqfHfxC8bXeteA/EmlyJbwC3jtI1aNjukKTqW+Uk4Awe3HJPevgfT5oJPiRM8zBlFttCohkZm+zlV4wwwMZB7EckZzX6z/F74d2mleBvGd6fCOsWX+iK8d4+kzQW6ASEDzZ5I1EeWHX1Bx2r8zPh/HMvxNmlh0tLyaOzEkccqBlAMJQyMGzwFbIYDIOMc4x0YbFUsTCc6DhNKDWj05k46XWi03ej8tEn1Uubkg5pxSnu279Hfbt37O2+nqdhqRv59A02FrhzFHOkhjtyoC4J24wD0OGBHy5PHQn5UTSVuPEuuxPPFEjazdKTIp3LiRiowcZxtzx27+n2foWta0mr6ZbnQ7a3Rp75VuoYVViPLclGyuW2g4BJA4zjsv2v/AMEivAPwO+KnxN+NXhr4z6Z4TurmaK9vPDk/iYwRsk0d7smisUmyrTsm75Vz8pJxgE1z5vnMsiymtmMsNUxCoxp3pUmnUa54wdr3VkmpPR6W8i6GHjia0lOpyxsnbe9uXSydrO67XtzdD88vDMNrH4Xu3utWt1kFhfW0KSADYgt5AiqcE5dhgAAnoSDXxB4Z2wanc3TzBTBqjAcA4Adl3DrnqDgZ7tkHFf0Xf8FWfg78GvhEnw2Pwm0bw/psGq22tDVH0a4jmS6W1jdVlaJMLHIvTjgcnjII/nm8HWcF5HqU5I5vndGZsFh5xJOCMnByCeQc9RmvR4bzannmVUMxo0KlGNe941rKompcrTcXZvR8r6Lt14cRQ+r4hxU20kpQauvdaXTfpq7rXsfT2jzHUvAXxF8q8zFb6GyjKlCHlZW+VgMDkMMgZyRjAUmvnj4WTnw1qMt4bjTyZLUjypmK5lBLRhTnlgOCPcEnIAr6X8I2CW/wt+KMxCP/AMS0gSAgEkFWGCTnqMjn1x6D490e082a1kKrypL73PXnGfpngEc5GV65+no05qSXwqyeid2moq7v2vpvpur7ckpxmp3anLmSfZaRdrNvbr1s9noz6z8a6jN4i+CfijUm8li15ZPM0LlolZduVUMPmfDfMMkDJHJwD81/Dm+TTZtQkOpRWiyYAXaGJMewbQh5yRkrgcEEgZwa+hp7FLX9njxFGdpDalAzqGwx81sjHUEKq8Z6Hkjjj5O8L6Qb3Uy6EJGt0oZsupZXGAFxjDZ5AA4wRg9RcZr2lru/N6W+Hs1orrW6avezOWpFqm9Httfbu92ur8n99/cPi9fC7+Ful38V55sM3iWNAxTYXwCHBJxnaTkdj65rl/hRYabe6XI+q3jtH5ssUawhC0agEmSQEjdnPB2nHIOMgDq/i7pRt/gzosSW7FbfxMrICSSQ2SB3yScN3Y9uANvkHhWQWNnARG8byRuAM5BYrywHHGfUDIYDgcVrzKTtzNWb1d+lklZtvd6bO2+zRME1FOzva71u021pa1r3belteraPo34u+HYh8Pvg/p2nS7hreuX9vDNMwcgmVVB9AFB3bRxwwHPT1n4d/sd+LNRupbW01a0m+yG0vo5Z43WIJDiabaQOXAygXBB5IJHzV5/4kZn8I/s5GZTIX8RaltBTJDBkbpnOcgEEZyORxkD9a/hrq1rovhmHUJ5BF5mgXJMspWJGkRMYRiRg8AA9TxtzgY/LuO+KM0yWeEp5a4tVKijU5ocza54RV3vs3p/d6XufQZDl2ExdKq8RH3lzNWutfdu30V77Nad3qflF+058PRb/ABT+HfhW/ZLddTt9NiubmCPnfdOLeaWNXG0EBPlAwAcDgc19GeHv2NPhboN5Ib6+1a+iurYMfOmSIMWhVmB2t8oJLYPPBHU15Z+1j4hN58ZfhJe7VJbT9GKbSGU/6ZLhiQME4OQeg5BxuFfZMGt28qxXtz5jqYAp8zAVWEKAcHIHIAww5/SvO4iz/O6eGymthK86MsVh4TruMVrLmhprs7u2mt9jtynA4GcsRCtSjP2dTljzNOy5tNrq+z6X19D84P2pPh7oHhLxl4C8NeHTMulT6HM7CctJJFvkIP7wjcwAIYE7scHnpX194I/Y4tNR8F+H9UtvHeoWtvLZW9wwFtGYlZ4hK6fKCGAzgFhzjDcjn55/awvRcfEHwHMbVUjHheQJ/tfvWClc8EnpknoeijIP6JeBfHJsvhX4WtZFZVXS4WKo0aY2w8kqSpx2J+bJPcjA9ypmecUsoynEUKs3Wq8jrTaTm9U3e6d9Ndd/mmuSGEwVWvi1KEXCnJqEXdNWSSS+5310tvofhb8Y9Nt9A8a6/p8MiX32XxAdPe4KLGZlt2wrkKBguwJYDBORnGQB7vpX2fQrDSp7ewspZb9I4pncqTiSJQqk9thO5SDwfQAmvBvjNqkd74x165EJKXfiW7lI4JyLhxw2B1wMnofQjr6rDqo/srT4XRUIihkTcCzkJbphRxnLEZBHoSTX6NhqlSrh6F2vaThBy1s+Zxjq01pd9nY+XlKFOvVtyxtNRStpHXpp22d9113fP/tZXpu/GGkvHbRAW/hTTYpUgbKsQUJkOMk4PGMYwBgYxXrvg/SJ5fhxpeoR6XJBANINxFcGZwTJGpyzICDtLDgEdMEDk186/GjxBb6p4itMRtHLHotpCXkBK5QrjIPCgYOBj05PWvqbwXr13d/DOK2kmjZIdBlSK3iiwSBuOcAAk9VJ6MDnoAa66KnTlry29nd9N2mltvZaprX7xVakXTTi7ubSfK1pdLp1vqrJa9uj+P8AVtLu/EeupbwykXN9rFuisAcbgQMlhwNp6kn8eDn7p0D4Qaube3tJru4nuCLcPCpkkVtqDhFj3SE5IBznIGfXPn/7Ofwn1Dxv488O3Wqwz6LodvqbXd3ql/ZyeRJFFIPkt0KFppSFOCoK7jycBhX71/CvwT4RsdSu5vDfhyKe4j2L/wAJB4ghCrIqY+ezsyHUMxA8veAcYIBIyPi884pwmUzcZ+/O7doyi7KVrdls7y0b182j28o4exuZuMqbcacrc0pJpdL30891fe9krn44fD39lPxd4x+Leo6jqFqmk6dbwQWyTXvmB5o8KoMMbqCX2jIGDgngEAZ/Y74b/saeGNF0S1vk0Jr02ttJJNqWoxbI0lRSRPChGGIYBgCOnZSGNP8ABekyT/FzWLrVc3MK3iGIxx+TBG6uMYiwECKOADx8o4ORn9NGgn1fwnf2cJkW3hsJQWhRYlCrCVKK64JbgEEAAZ74K1+N8SeIWYRxVOhhrxpVJR91N35dE02lq/n+Op+r5VwPg6NGNTEL2lSz5uZJq7S2uk7WbezVrLqfnL8Nfgr4e8W+L7nR9e8Y3Gm6cDLG8GnEW8TxK+0oSvRwuR6hhgk4xX3ddfspfs5+FfC8N9YLq2tXiQmcpc3Mki3MgByHPLKrOeBnGBnGM5+WPCunWula55iLslN+6ybmJlK+Z/q+SeuTkkjOeijmvua91pr3wrNBFHFaokEeSMGViiD7oHAPBLEd/fNeNi+JcbCtFTblGrTja+0ZWhKVrWT27X1voe5Q4bi40nRfLCDXMopLnjZOzfKm1ona+zPl/QNN0/QPEySeGPDVvocRkVGlWMtIynIAZtqk5UdBxuxkZ6/UyQavfaazzXX7ja+ELiJmOM52A5A45HRSQMgkCvCrTVbJNRgWa7HnmUMIh5e7IJIDfN6f3jntycV6l/wnNolrPbiKKVirEyLvLKAMHoCMkgnHAPYZOSfW/a1aTUW37vNqt3a12reTu9V5vU3q5Z7FcsUtJb9Umlv6q/Z33elzmXtIorkxTTTSBefkkYbju7knGBwQB25PIyV1WRIrctCzsg52mUgZx87Bfu46jByBg+9c5e+I2ugxiiZEiJJkaMIzAE/LgkdsrgngkMdvUeO+MfiJo2iWksl9frBsVmKyXUUalsHcCu8AEED7pLHHBHSvsMojOdWHLTnLWOiTeqcPL+rfM8zG04QpydSpGEXF3k5RSei3d3Z381o97HZza5FFO0bxqQrHe+/y2G0nqAecHueSAQQM4rWi8b6bZRgGJWIYZ3yBugxgAsAR2HodpAPOPzo8b/tXeEdElkSK8gu5FBXZA4clgcgl13Es2O+BtBJbBFfO/iH9sd7oMun2piQn77HHXJ4XAbHPHHHAJzxX7HldHGThTi8NOnpCznHyj3S9Vtufl+bYrAUZz5cVTnPolJSa7WSvbXXre9l3P2lf4raNCdpNuiEY4Yb+OCSfu4yecAH8xlD8YdJST5Z4IdqhlDlc8d/lb1GQDznGT6fghL+0r4iv93k3M4VnJwQcLnnAH3jnOBuOOQcA80kPxv8AEd02Z9SvFCn5wGYbSOAB1AUjGAfXJFfZUqNZRheEVZK9m01blWj3Wj1s1fax8nXzKm0lCbautVf3umtm7XsnfV333R+/0PxssUAf7fEDkDcrrt/75z1Iwfxx1rpLH45WjFcXsbLuwdsijJbuBkKQCMEEjLYyBX4B2HxX1hmDNf3DocbVaY4BP3iTux83cZwO2Aa9N0T4j3xCs97OORuXz2OAeSF55OOSegyOwrvpxklG6Wys7N3vbTZJK2mrS0XRXMXilPaau97vRPR6WXnrdb9L6n7v2nxptbgAC7U5LAlSvDcBSp5yfxxgkk8VrR/FC1mxvuyo5zuPzAEYByODuyRwOPlY4Gd342aH8R7jA26hcJypUh8tnn73P3z6cYyeDzn1PTPiHfOFzfsSVLFXkJ4weAWJPUYOc8fjXQlK691aq9mnq0/d2ulHdXtfYpS5lHlq6773volbfS+itq/XU/TyTx5DIDi7CnKlSWUjGfUckDGScN0Gcqc1lTeNo23BboHLHaRgFuuTwSMHgk45PB45r4OtPH91ImXud5BVchzuxg8npkdOCATkjPANaw8cz5UeaSSrDJboO5b268enbkk7xlJWi1daO/S100kraO618rNp7hUVS+i5otre+3uqy9dU9/dbt2PsOfxtG4cC45U5wDgnkchgBzxxjB78DJrIufFsS4ZbjHy5bLD7zEgZBJPTGMZx354r5Ll8bMwyZjk9QWByVPrkHI64wc5GO1Vv+EybcpaU7SM5DHsCCCM4yMnd6dQuDmuqnyNr3U07Jp666a6K776LW9ttDJxbWqdkkur5lZJJNWtr5dE+lj6kl8V/MGE4GVZgASRtYnAwT/tdwcH9ab+KOp85cA8ncASD7dueT+OPmzXzP/wmWBu8whSeCTkFcjp398A4ByTycCq/jCVhxIB5nIxknrjOccA8L37/AHTyfTpKLSap623fVaaa63em7Tenc5+SUdbSSunbS2jXdvW6eukXtZ7v6Yk8TYZFEijeW+8c4IJwc5ODwMFfY98Uw+KAh4nXbwzYbIJPAwOnTqOnoelfMp8XOVJEhboACSACG25O77p5ICjJJ7Y6wyeLXBbMuBhdqDLHHtjgHOCc5GSOeWFd1OjOaSs9dEtUrJpO+l002o9t0tbhzrlvK3ZPRXXKuzve9rPVXdtLafTD+MVjLMZkYEk7SOQg7AlRg53EZ6ZPRTgZr+LFlbaFVge4wjFee3BAOCe4HOcAEV86/wDCU4DEOTu5OckZ+YjjngcZUDnHvgoniOeX7rnoACQeCewwSxHy9D6gKOTn18Nl1Sdnyu7ur76Pl01Wml7va++xx1sXGEb8umnm18LbtppbZpdXvfX6FPiSNOMQqzghSeCAMbSwGcHOckZHGec4Dx4qCseVclcgqABySOMA/wAxkAEAcV4VbalLMNpJIwEYsxGDgkgD0/ljjBzndgu8kABiylQNrY4yCSRkE85GAQQx6mvYo5Qo2ck9Utld9FfSNlfto2ePVzVJpKLvdWltbVNvu0/v+V7eyw+JZGGF4LAAKVH+8AM5x6nj04HU2F8QygBmkQsMgAkEBeMfKRx1wM8eleSJekHK5JyGCglghDfw54xkAnPcdST80v8AaRYY3kuvG1hhBnPzEjrjoeD/AFPdSyyP8stLatNJJ28n0vtolqcE83k3bZab2XxKPlpfWL11006nsMPikxgKx5UAMwC44GMAkk57DPYdeoNs+KlVEIf5iQxyBkcYxjnB74BK+g5FeMJfykspY5Ix0wF/2iWJOMHqDk8cU8X5UEBzlfmzkHA6Et68cjAPTAPat/7NhFx03fZrX3ba6abpbNvp0fM8fKdnHS/bZrS2ut0+7s9e567P4uk2swfheB1ABHPIHUkHOCSfbFZr+L5mO1ZAc4B9SN2CQWPOMDrznpwxryi51EYYh+UOWycMT3wn3eCfmO7J68kDGFNrBVyVbG3LEk8bv4gGJz16ntk57ZUqUKfMlZ622Vlbl083o18nfTU0hUlKzbd2ttNFprbzt3XTTt7NL4nkYqGl+XJ5LYIB4xjPc/XPOfWqM3ioJu+bYpTks25sDJ5G4FeuVJ7DPGcDw+bxIyLIRIdpUbiTyP8AZUZyN2OdvPQAc8chqHixlBYTHDBgeQSdoOck5IwTwADnk5GK8rFzUb2UUtFtvbla2WltktFf5tenhaabTersmnZ2WifLZNpfck2ldPQ+iJfGPBJmxuBxhsHbwC20HCg8E8EkHb1HODdeOY4gR9oB4CIoKjHJLbjuHQHndz6dBXzBqHjh083EmGYDG5vmKnBbIzkFvp746VwOp+OXzIPMJ+YHG/5s4/iIxjnByeh6kEGvmsZj1Bv3ui1T9LK2/TyT10Pao0Ytr3W3dO2ut7JPazb16pt6pbpfWeofEgQhz9pUBTtXcyqATxgEnIHPXjB/AHz7V/i41uXPnjkjczyHGMDBXHPTtxwATxXyJrfju4y6+ZuIZSBvJIz3DEcrjJJ5JPK5IzXk2s+NLhmcGZyRuAHmMRjJOTwRjgkEfLuyCM18fmGeukpWn02W7tZ9ezVtHtrpqe/hMJB2aTS3btdW0Vlpq09UtterVj7F1r46Pbs5jvyMgoU3/Kcd+MgkZOehz7ivG9d+Pd7JuWG/lfuRuKYHOCpLLnDckkscZCjOK+T9Z8VSSSS7pXOQRtJA2NjBO3OTxxgnd14xivNNQ1xpDiOaUuAchiwGAQBjru+b3JA5IBr4rG8RzV7Sd5JP4krXtdaPdd+621ufQ0MvhKyUV8+q5orm/VJO+3kfTes/GjVGcsl84DDBDSknaeSVBIA5IP19xXnl/wDFvV5st/aEnysSN0jfLg4xsJJHI4YAsCBg96+btR1S5LMTI25cj5CTndlcgjhcf3V6nJ7Yrmxf3BO5ndiTg4JBC9R93Bw2Dg7cEnHT5q+WxOeVakpPmdno9X5bd33ettOm/rUcBTp25rp333slKOl7fzO2mmutne30tJ8UtakUOuoSjJ+75hXaV5GRgEc856D14Jq3b/FfxL5e9L+RvmYby7FgwycjqCOCc4zz7gV82RXcz4G89cklsMVxjH+16A8HjkH7p3LO9nC7Wc+WThSOqtzwdx688557jk5HkzzCtKSbnL5ysuZtaL12sla+ve/oKjTUUuVvTqtbK3fW+y/4DZ9L6d8ZfGK7Gi1J+doYFmIJyAM9/ujrgfwnqMV6PpPxv8dxss0d8JAMYUyMhOAAoJHzEHbtzgn8M18iafdMsygOwG0LkDO4/wB4DA6j6dTgdm9P0abKr8ylMBQOQQ3HzYzzkk8Hnbjvtrqw9ZyaaqTjs7pvysr76dN/1XHUgoau9rx36J8qale+yeq87O3T670P9p34h6O4kHmuiEEKtzJyDyQQWzz1HOOAAORXuHhr9urxdpTJ9rg1BIxt+VJXZcgjOCTnJzgjnA5JFfBdqRKFyygnhiflyVPcDvgHB59+oFbdqokZVfB2jAJACnpjrjJ5IJ24P6H1YYjHUknRxdWLjZp3bs042XK77WetrJddLiUMPKKUqNN3TV5KzcrRfT3U1pp8r3bv+svhT/go40GyK61a8tCSPlulcxfeGQSB7AqSR0OeRX0/4T/4KJaPeGBLvUbK6Tau4xzqjnHGdrnG7GeAPvY7Cvwah0qyuwI5YYSwYAsV2kjBzgAdOuMc8gljk5snwNb3GGt5GgkUZVoJmVuuThVZRkt7FhwPUrtHPM7op+9QxMdNJKzfw6XTa10+clfQxqZZltZxcqc4aL4Wmlflvo7Po9Hrv5H9Nvhj9sfwDr6qs2qWkUkgXIudoT5uAMtkZOeoIz1PfHoU/in4S+OLfy9V07wvrkUwOTNBZ3GQ2dwIfkcDggnI656j+V2Pw94103c2keJr+MAALFcsXQFQMAqchRnplenoc46XTfiX8ZvCjpKr3N+kRBElleywSDpg+UpALd+g+bGQelW+KOeHssxymM4vSVlGcWny3upJ9FZ2iu8uhVPJacZL6nialKWlrSlHX3bO/NbR31va3Xt/Qd41/ZE/Zd+Iscpm8MWmj3U27FxpkhtFVmHDeXGAhOSGUEgADggZr498cf8ABKPw1qAlufhv8QXhYh2istSRVTJ5RRJHuYkcDJUEAEnAxj4c8MftwfEfw5JFDql1fQIu0MuqwSNGcYJAkjDEAAZGQw/vHBNfWHgj/goPHIIBqtqsvKq9xp12CCQASWhZgTt5OGUnJIyRXiYrKvD/AD73MVlmHwlSpfmqQp+wqJ2jaSlTsuru2vLa9/Uw+M4ly1p4fHVqkIpWjWk68Xa2iVS+3ZW66tnzP43/AOCdf7RfgpZ3tPDieKrKIswn0h0kO0bipwxDkkHOBkhiQTnFfL+tfC/4m+CJnTVdB8TeH54mO4T2V3DCGQnP74R7cA8ZyfTjrX76eCP25PBuqGKOXXPs7vhWivx5QJPbc+AVJJAO7kgknsfpOw+Knwt+I1qsGsWHh7Wo5l2kXdvZ3KShlAIBZSw3Dk8Ajp3yPjMz8EOH8dF1snzurhm9Y05uniIJ+61HRwnbbdtpa2snb26HiFnWFcY4/KqGKp31lSc6VRr3U3ytVINrR/ZXQ/mD0z4i/ETw9sMOqTTgHDCVvPZQMfKQxyOByQvBJJxmvXdC/aQ1yykifWtKguwqbcqrwyA5AIJAAO4qCoB2k8KQa/eLxT+yN+zN8R43l/4Ra00m6mBK3OjOLUK75+YQoERsHsSc579vmjxh/wAEu/Dt8sj+DvGwT5S0NjrFrGIx1KKJhuZsAcY6cE5+WvzXNvB3jTLVKpgJYfMacXeHsKtpuLtb93WcUn5Rb7ddfpMHx1w3jUo4+FXASbSarUZOHN7qs6lLmSV9buPm9L3+ZPh1+1T4PWJYbprnSpZQsji4w8BPUsRgghicDdnnHBzx9R+Hvi34K8RfZwmoadeNKd6iPy0nVXPO7eFYZU5AUHPX6/JvjP8A4JzfGLwxBI1lo0ev20YJFxo1wHPljBBZWO7bxnABB+YBcAZ+f7/4N/E3wPexrNpniDTZohgiazuohGyjkCUIY8DHUtjA68V+eYtca8O1OXH5NjFCmm17TDVFG14puM4xlBrW+9vzfuU8FwxnEebAZlh3Jvm9yvCUrtL7PNGab0un11s3c/XLxNBpHizw7PpmmX8EUhEcqRyEKgZFDhCSQMcYJXIz0wuDXyVF4F8T2N9K0mlSi0h1GZvtiHNuV2sFG5WUjfjgn9e3z/4e8U/FPw3Juubi6ltmKB0lJnOCB8h3D5Tnj9ByK+nPh98b9QfSta0XxRor3STxZtJk3xrG5GELqFBYqTnPJBwoB6V8VxRLLuLvZyzVYjLsRh6clGfLzRlKMVKEWparmaST5d+vU6MtwmO4flL6oqGMo1Jrmg5ONSMZct5Reqfu6u9/W+3pngWDydPVCCHFywdeuB5m4jP8B3EcFs8+lfuF+yUAPBVw5BUsYFHPABQKD354zkD8+34mfDtGvNP8x4XjkmuhMQdx2xMylGKke4I3KeAe2N37YfsoTKfCd9DHIjJAYFO3qH2DggcZyTzz0Occk/RfRww6w3Gsad3y/V8RGF7JytG1mvOOrS06XPzrxmqOpkVVx39tSbttrOOmttU0r372tqfVzHPr7Dr655x7DqcdqYePfHHTJ6Z7Yx2/TpTuuMf59Sc//qAHek47++O3PbPB6nj8a/vltXuk7dlZaW7v8f1P5Wi3ytPRu2q06xTWluzd7rd2fVpu7k+w68D0Pp+mOnaj8zj8/XGO3HA79uCeTjjj2H65HBPpyOmOPalOB/8AqP8Anp3OMd6yc1dafNvpfS1lrqv666x5nq2lFpWXrZ6vr5W3fR3STSccgemecH15B9c/XmkySCTgD8/0PB9O3OafkZ46Huex6YxuJ7Z6d8+lGBxjrznjpz/WjmTtp1Wr+V+ult7X63ZPIveldLR6Ju+0btPTdJJ7XvZO4zkjnI9e3GMZ5479ByCM4PSnKfUY/L6+nbPB9Qc9wV9fXPb+v4Y/+txR/n69OarmXrazf4bad311X4kKDW/m/nrps/XTfpporaHBGSfw9em7jnrjgn07E0/GcHAOegUEYyMnPbnI4Gc56c4qDIIOSMEnBPP07AdfbtnOMmnxnOeOM7dpyMnqTjuMd8854oT+57K3p28mk9NLW6XY9fLb8Evz6DypHoSeCeVOCOgxxzx1HXBoYccD+IEn8/x6np+Q5p/r6/57/wD6/wBKaSeRjk8nAzgZP4c8AgAheozn5tqUHUaSkk9NZbPbs7WW+n+QtF2V2vxdr6JiZ6/MOTkYHPQYHXqMc/UZABNNw7c7ecHaM4we7YyM4IPTIHHU8GZSMkkE9COxJ5AbgZJ54OfyBzUp69McjJxyc4HH6AnsPwr0qNGCScrNpta3tZKNnZ9te/XsRKXRPprrtqnbR/N2v5dbVRu3bWABA59M/eJABAPHAHc8nsRZACrz6c8fn68D/GhwMH6H68kZx345PXAz6dEUnaCVPzEDGAeD37YB4HI46mtXyprlV9mmm+0bpJ3V1e22jtpffNp6Jb/nezS127PTr5BgcYA5PXPGcnp65PtjuRxioWJUkYDYPHIHuQewI/UcjOKexwcY7ZIOCO3Azx6Zz36Z7QuxPB9eT1ODk4xz1A4wTnpwM4m/vX0/K2qfS/ZX3dr663EtF3taz7NNfds9PVbDweDnnbjJxxnGeOf5/UdqdnoTn8SO397nPP5egGaYhXng8jAAOCex6EDI5555zgkdHMcKVxkLyMA+uep7rgcY5POOlYucee3Mk1dLa2vK76v5aJ7+UirtLor2tazva2+/r063WotKCemcdSOmc4PqPw+nTmkyMZ7Ejb7g4689R14FNYkA9QQM4HJx7DIP9PrWjaW7X369Om/9eolzb2a21/4PbWxOGXHOSTzwQPpng454Bx2z9AMo59gMdsAccZwP/QvxqruYAnjAySTnk/L0PTA67cZ+bHWnowIx6Z7dh6Z5PHGPUEHmrU42XvJ9knp0s27/AHLXytayfvJaXTdrb76LZO9tktH02uThskj65ByevA6ZAB65/mOgCeMnAxjPBBPc98DrjOOeDngGPnB555x6EccHn0/wxnijuCc8nI5LBcAsBwOncHlQCcHIFSppt+8k09Lafyu2mrte99ddNwT0956q2ys9Gm7dVbtonr6Ep43bRgnHGc9OCSckHCkEHPPcc8OCgZOOvrgE5PTBxjHfg8jvgmkyAMkhRx14wfT29MdjnNBIOAeQfTtjOO2DyvTv0NdUK0ktWnFNaW227t6X9NnbyltX3TV0u3X8/u7X6j+w54PJ5yc5AyePTOPXnJ6VE4JwR1GMYH16e5zjqB37kkx26jOMHJHfORjnAwAT0+YZoGScHpnpz1Izjvkc+2eO2BXTCrGel9dN+uid/wAfvF6W/rcRVwcADAbtzjJPTofpkcZ4OBmpgwxzjPJU9s9eQOcZ9Mjn2qLb3AyDzjHvkt6kkY5PAGcnFNO4ZxwT04I57sNvXBH3hkjtWlk919/328/yBXW7T7+umn5+eqLDEHv2wOR94jqc4HsMgDJPQ7RQDnqTjaO56jH4luc5yQOMjOagVnbB55z1wPz4P1//AFEVIQeQQDz/AI8Z59Oe31xT0/r+vQl93Zr779W7PyTta++4p9AM4AIHAyPqMccHJGQcAHsaaThcknHU+4x0PoOvB5wcEnNNJbnqABnoT26Ljqeep4yOg4yDIxyScHGepOexyMZ4OMcfXJpW/r7vw01XUnnba0699/J/12fQXKgEAr83A42jnGDyB25Jx6mnqMjaT2wecnPUZIGATnqB14wCeYivOQOfXCnGOhGTj2API/m5WYZHXdkfmODzjI6kY7DGeeHp939f16lK63btZb230/D+rbXkwG68A9ifTOB1PTqDyOfbBGAyB3HtySQenp0HbuewqEsegz1/P3wBkZByRntxyBSZb+7jJ9MZ/wA9c/exnnrQVfRbJ2Td/wAfu/4clAwcg5PQdgB1AA7nPAJ6dcipQwweMYz3zn1/+v8AXPeoFDE8k+2cd+5xk9e2Mjj3p3zcgDIHpjr149T156Y4zQQ3J2s99rfLf82raK6u9iQntnIwTnp646cnHf8APAxQx+XHJ6c4656cnH5+3TPFRZI6cYJ6Z5zx6cevH4+ynOeRg885JyTz+OB9D+eaxnFLX+rKz77Jr+la+kL397ot1vddbapr0vttuknA4A/H8Dzk8ZPqfbPWmE84xkA7cAZOSCD0PHqSxGQMjnmlKkE4OM44HUYHOD3yepz3/Nc+vB7AnJ4z68Djv781x1LXvHXWOt1r/wABWXTltbRuxas3fW+iV3d3Wt9tVdLy2d10Qkg7sggYyM9D0449+en0qPODnBO44GR17gjqM4z1HXHNKozyexORweRnByTjHULk4GcYwSAmTj2HHXoCD+fHGTyB0I7w0mldaPppZ3ST16XXe/n1E7xabu7vS2rbul10T1Wju7r7oS59CM8nrwQeeeDznnp+dN5OOoKn5SCCTnBHQnHfnquMHHNTkHBwSOO3frxjtxnHf9MwAgFeAAOvIGWY5wccntu/TOc1zynGL0S23632drauy8tL90OEtHfa17PXtbS3dtL73bcJGIK4I3A9Dzx2PHAPQkA+hxgmuE+JA/4pS/AzxJF0BBzlVBwDwMg59PQV3DHcxJAByMEfjjPfnjBOR2xXEfEMH/hFbwEZy0QJPU5OffHuCSfx5r4vjCTlw9nTV1fL8Ra7X8iXz/p9Gejlcb5lgruzeJpWWnWUV8+mm/ktUvmq+t7m8fAJitra1iEj9GZpMcRtntwPyHTp0Gh6PHaaotwYyD5EhjZizFi0YDO5JPOQMdNvT5s8yXjD+zTAqbmaO1YEY42sMu3A/MgAnoc811cexZYSQzN9iZVVRkErECTwO245GfTJI4r+SaaftIJtNKpGTutm2vd00tGyeut1vtb9WxOMmqXs0lGElOFotK6XLeTa1vzS0139GfHupWjS+LNTAkG438wXsGwcEkkjgZ4xn1BA6rNpHnzKFZsecxcdAOeoDZGACM5wRycbTWhr8kMfjG7dX2K164wD82dq53DJwevU9u1XYJrOW+MU1yFjMgKkMANxzkOdw4AwTj5c8jg18lir0pVnzNS9rNJJ+7J3jq/lrsvK2p99SlOOHwrjezw1JuyvZWg1f1T7tW13Rzd9oSwQXMhV2EiBgwfoORyvzckqPTHIxnBHKtpC3Mk7RFwsaISC5DA/7JBOR09OTn1I9E1qS0ja6S3uk+zbXPzSISTtBAIyTsPUFSOrZ5OTyNlLEVZ/PjTfGoxvUlsnAyc4GAOgGcAY65rTDVXKnztNu7jbs7J6a6K711tbRuybN4TquEm7pXirO63Su9e39W3OYvdKihlhx5wMjKvzNgZ2j36ZwDyBj1OKW98LmfTI7lwr5ut8ZEjERqpywA5Vs8sMEHOfWtLXGj86PbLHJtILpvAbKpnP3uAT2J4J7dqc2tRxaTZWkt1Gqm8ViMglo9+GBIOcYzuPbrn06KNWaalCLUuuid/hv56X9emjuOca0qalHmvZJ3WjXuq+109VZ9beWmX8frUQeAfCMiOu7+14I1L4GP8ARYxlgD0HsBjv6HxOyFzL4QngiYSXA1hXjVVUKckBRkYwjMck8Z6+1e5ftJqs3w48KSwA+WdeiCspwCpt06dO3fA68EZArxXw5aN/Z99udgiPbPgZHA2khRnC4AzxjsMYOB60ajVZttczprW6s3JRur66t9L+rukdWXrmyyEm7uGKq3s9FyVEr308tU9vIrfEmDUbfwJo5vY443+2OAsZOQcMQGAGeMcHOPm4xivkzWo3QQys+cGQH1GORx2JJAbg8ADAwTX258Yo0bwDoDxqCrXOAQQScBlzx69c8t3Pt8Y68pMMQZQSGcEAAAEZ4Ppjkcd+nFcWdqKm76/uaa6Pfl3bbSesV02SbZ7WSVH7LRKyr1HfSybmlq79bPazXVO9zK0dZTJMIyzkW7MQp4O75iSOvI6YzhcDqcD68/Y03v4g8cMyndHp24nG3b+7YkbugIU5JwRz0zxXzD4ZiRmv5GjYiOzLHAzj5eO/zDv12kcnOePqv9jpwuqePrjaFX+zHXJIyAIWb5sAe5zxzuI6kHycNU5OTlveTi297PRPXezVm9Ol9EdOczbwWMukrKG6ajrKOq32vp2tfyPk7xDe3A+IfivFwu2TxBqe6MrkYEzcEnGfmHyr3wcDGKx/F2u3qWFvHHHbux3LI80EZCbdwU4PzAkfKDkHqBmoNQlWX4h685O4y+Jb8sCcna053AfXP8s16kll4H03R9S1vxdYSX1lLfRWhVJWWeGNFJcxJkMGcqpVlHGDjG7n6fDxTppNqL5E25PooRu7XTvsrK7k2k7OxNacaKw8uSVRqNONoXcm5Rir7pW2u33v10+dNP1xpMC4gsopAUVysKBsBsBlGGUEE4zk+3tv/HiMT2Xh54kWMSaKh4ICMGRQNuDwSMEDpxnArC8R2/hK61O41DwvPdW2mGZfs9heMDMEaRQoYg88deRzjHJ56b43pF/ZHhh88R6FDuIO4jbEpGQcHg8c5HB7cnlqyTaVrWtre0nblSd3drTXzS9TrpWlWoOEZRlJyTjJNNaRb0d3ra6a6dNmfIUMLW92kYePzJNpUkc4zl8k9144Y+owxxj026gDfDq9aSFpiNctyTxjaeCOcYHI7emSRgV5S97AZvtBYkoduMHcBuwGY9AcAEkYJB+bBr0W/vHPwxupFnUA65bsFUZYgEc/NxgDkjrnk/e+V0Z810m7qzim1bl0Wqav3Stdr7z0qsJR9lJJpe0jFNLpaPLdtW1kmn2W+pxljDaJqNpClsWZ5YzIGVGIWQYGF6nvgFfpt4z7xqP9neHNKgt4LVVfUtI1B7xSqh0CIjFpNvOSDkZ5UsOeAB5R4BsdO1XxPo7G4lkKyBpVUEuZYx8ioqlsKW6uSAMckgV6r470W606RJLguzXWkaxPH5hRtsIClVJ3FVJXhgOpx6YrCpjJLHUcPzcqcVdJpc12o+Sut9bNa/PGqr1Ixd7txdr31birtaXtpduyTTfY8XsG+HV2LWGbR7qO6l+d5BdHZJyfM2gnCDnAHAAOPYdz4X+Hlj4v8X20GgQXemeGdLV7mW9WR9t5KEbNsXG0EEjDBTzjBPY/Olva3NzewWqxESAZj5IG1nAZiqgrggnnPTg4r9S/h5pVlpPhLw9FbQIgewjklKgB5JnjYMznkkkgZ5O75fqP0PhXKv7QxfNXm3Sw8VVlG+reiUX1cU43fyW92vneIMZPL8P+5k5VMS3TinrGnGyUmt25dIxd1e13e9/iT4J/DuTXL34kR2+qXljHp/jW+t0WG5kRQEA28A8nGQe5B54Ar2eT4N3n2m2mbxFq6pFMjSIbmQhh5gAC5b9O9Rfs1WmdT+M5bCgfEfUFXpgDbFxyAoz65wSegBWvp++WMQoFiDEbAcHhdsh5yflPrkngsDjGTX6fl+Cw/wBShdO/NLZtbVLJPW/2Va+tvTX4XMsbiljaijJJctJ8vLFt3p07u7V9fNdWltr+enhjwLBqH7RfxZ0mXUNRRbPStIdJluWEjbtgKu2WyAeTkfpyfotfg3ZSzRh9Z1hRsDNtunAbcBgAknB9R/keW/D+6A/az+NELJtVdF0djzweR15z1IxwchiTgYz9gyThEQ7CzPt8vgZ27uBx7MCCfQDIPI7MBhaVWlPmg3y16tnJ6W9pfVtu7s/W+/Q4cyxWJo4mnGnUsvq1CTUV1dNb3S7qyT1bstWkfnF8X/hvpum/H/4M6ZBqOogX0V2JJ5Lh5Jo9oyGWQuduOgAI56njj6cf4P6aWuFk17WpE80oc3LggFuSMsTwT1I5AGFyVFeU/GWV5f2nvgYjQ4H2e8PYA4U5PORzz6c88HGPr66so5JnYkkSXLbkSQ5ChiFJwRwCA2BweTlqjCUKP1jGqUE4qtFJOTsm6dPzXd6a/qXjcViY4fL3Go7/AFaTlZRu2qj20b6xbWi3SXV/nP8AtQ+DLDwv4O8NRWeqaldi/wDG9krrdXMkqIYWiaJlBJCtuwQRgcA8AED6MT4d6TJp2mTiG682503TpJWeeQ5kkt0ZsjcACckdxjpngnzL9tyGC38G+BBGmHPj/TF+9u3K0sI5Xdg54HHOMgdMn68tbLfpelkqCF0nSwADjH+jR8HaBnHQjkbsckYzrRw9GWNxcbWXLQ5Fo+l2uie/e333Jr166y7B1HK85VMQ3JWi3rTSvp5aO13bXufKvxC8AaRZeDvFUwjlVh4e1RwTPJjK20jAMMkHg9ARgcng8ePfsv8Aw2svFPgyCUmWN4YY402TSIiByWYBU4BO3jaAMckDAr63+LdqqeBvFgEOf+Kb1fIGMnFpLyT8vU579Tntg+X/ALEUKyeBFAfZtS2JAPU7W7g9uOnQ5Gc8GK2Go/2jQgtU6U3JN6PWN362vtro01exVPE1/wCy8TPnalHEU0nfpZtt21V+i3tfXv6LY/AfT7WdZpLu5XiZwDJI+dqMV+VmwynAz6jJ54x8f/s6fCOLxR4g+LEKX00SWnjG/wALEgzJtnddzLkA8A5yOM4+X5cfq/qDLC0QUbgIbvd0I/1L4wSSMnII6jJ7YFfAf7GuqRQeJvjIzIzSP4o1yVEUAn91fuqj3GCqhuMYAAOOObMMLTpV8I1zJXnzJt2tywd1unfVWve++1zfLcXXqYTHyvFzUKfK7q6fPBJNyT3UtfRq9z2XSv2Y7KaTzrnV78ESxr5ULeQxG7puU56Y4wc54ORX47/GT4Y3Gk/G7xNaadfNHHb6/LDGssg8yQbiHLspLkqNu7PXP3hg5/ohvNa1SCOxmtNGjCh4ZbhpZQhKF1yxA74JIAGR26ED4B/Z++A2lftW/tZ/Fjw7qF1Lo1t4c1S51l9RT7PKZfLdla1himdAyMTyw+bIyAOteVmOPwuX0KmLnCoqdGPNUlZyum4621u1s7dLJ3udGEnVjTqTxNVQgoRvJWSjdxXM2km7NPvZ3Vn1+WvDvw4nsvDL3l+ZJvtFndyQGJyFR1QfKRk5YsuQOpY49q5T4jfAb4o+P9e8L614R8Fa5rml6R4V0yG7u7C1adLeSRD5az7A23cpJAPPBJHPP7d/En/gnHqvh3wB4t8R2niW1bSvC+m6nqtisd4FvruK2BeWCW3DCGP5RkMreuSRxT/2KPiNoXgm38T6DrVyNQurzw14Y1TTdHiurJJbqzhjkWd3e5kReDjKgg528jPHzFXix1snxuY5bSWIq0JwjGlKMoqSvCN29JNf4G9elrkVMXTjT9rhqqxSjUUJqLu1JpNxa0neyTsk7rZ2PwsvvhPr/hKBE8X+G73SbhUVC+qQNa88Z8reqFguf4fmznOa4/xvZ2lr4H1iwtrm3c3Gp6Y5CffJBYhcg5ABH+1jgDpmv6Xvj/oXwk+Pvh6e2tvA+s6vf6c7LcHTL/TJbrSbmSMtFuSOcPsR13sBkbQDgAmv5yfih4LufDH/AAsnTTAXXRNd063iaeVGm2O0oiGxSVBwMMysSSMjoDXp8KcSTzuk1icO8LiIWdSF1KMm3HlnF2UuW+iUl+BpGs6sVNJwnpzwndNN2t7qs0nolePn3R8zWGn3si3Fv9nhCIMBmZhjIGCMgjIHIJ6E4Oe/rfw9sVsfDPxSEkSHzPCUgJjJk5xnKjsRz75Bx6HjLeSS1RSbeVmYZkDkMhOFAJPHAA9Mk9COp9U8CTRTeGviuJIDFGvhWXYwBBAKj0HODkg557c19nKajGLV9JwUk00vjhbWyasrfdvqFOSlUa62a2/upq+i266aPVnyJptjHe3OnQRQbllnijLMgBAYgEHaSck4GOODz0r9Ev2XfA2ir8dPBmk3FhZSwXFnqj3EM8QljLpZ7o5GV8Aspx0zz1yMNXwP4Pgmk1zTQpIha6t8Pu+VFEgJ4bAJ5OCCe/bNfpV+zqBZftE+Brh2LRLp+tszk/LhLHvyPUDDA8kd855M/wAXXhhKjg3FfV6j07xjF32Tev5XTb1POqJQjJK6cm05Wj0as9r2vo/Lo0f0SfA7wV8EdB+D/gXUfFXw68Pa9f3elapONSTwta3kskcWpXaETyCFncqFCjOchSvBzXzL+3C/wg13w18FLDwF4N0TSr66+MvhGG8C+DvsMZtTqMSPbPcm1VWEiBlZGbGDkr901+lX7Odhbr8FPhPF5aMJ9G1KRyyK5Ec2p3blcSDG0q3OTz1HHA8D/b3v7/wrYfAWz03T9Nm0jxB8avClpcR3NpCXS5W9iMLWz7NwkLkEhfbjq1fkmWYnF1s2xEY4ubcJqcqbnKVoySak0lF2XMk3dNaX6t/JV698VFNT/iVbyc2lG0rt6JXXS2iV9tmu8+Dfw38BX37SHxo8N3ng7wrc21j4E8HajHbS6PayRWs0+xGeINHhWYhsgHrn05+p9Q+APwfu90c/w48HOCrbv+JNa/MTgE5EbdRnGN2MY4OWHw/ceMvH3h39sv4o+GPAmlPJqWo/CvwtfahO9tEMQLdkI6tIVJQSAgKOoHzKTwfpWPxX8e18iRNFaVy0YctbwqHUqAx2h/lIbPAxnllNfdYGtV5alGsk2pu8nNPnlztcqV73sttk/d30Pmczr4iFaFSGJajKjSfKq3I7ckI7O2ur1vr6Kx59+0p8FPh5pHwbvdF8P+C/Dtja6lr2l209hDplubedLqQxPGIyqjMuQCc85HoCP5OdX+DXxiufEWsaT4a+Gl60Fr8QNai0BbSzl8u6trPUJgIYVtwwZIolC7cEbBnvX9cvxx8W+KdP+C19r3xG0SGw03TPE+k3V5JbSlrqO2t5d7SqigZbavTs3OT/AA/lj+zZ+2J+z7B8QdBtNT8S31hFp/ijxdcyT6jZEWQSe5uGSZ7hEdhIAyrg44ByBnNZV+Isblbq/UsJLEQUVGUZc6jFybTk2uila99Ldb6Hfl1aVXATdTmqzUm4tyctbQSSab1V0tHs9+p8TaL+1X8XvgN4T0v4T6X8D9GvLvX9fOs6frtwRYtYC0tvs+uusJRfNltyspkWQ7yw+6eRX5mfFL4j+Ln8E/D3R30LTT4Jv/ib4q8Y2txfSG4+0azca7PLPJLGpZRbW87FQnPyKAQD8tfoP+1X8WPhn4z+LNl4o8EeJBqfhbw9f+NoZZ03qkd7qEVz+6iThpI5WfcFYD7wwO4/GjxF8UL3TtP0PRIo477SNOk1+ayW7gJhSXUL2eV3g3BijqzkgYVi45AyQvfk7p4yNacqEY1K3JXmlKSSnUcm1G97LXXV2av5nu4SMXBVpQcJS5YyT1b+FJNNXtp339bn9W/7K2ieJfjF4P0j4pa3J4Q03RtS8MXWj6doOm2MaW1wdM0prCbV/LChUn8xCVAXn72eQW/Ez9nDWvE3ww+OXh2+8M+K4dNMf7Uut6XLElurtczXF7PZAHkEWzRSZK/dDjOMgZ++/wDgj/8AtMT+MvA+v/CLxA0Ut94S067utB4ihjj0y93STsclXd/MZlDENgAnPY/mt8MvGmk6N8Yr62v9JWeDT/2rdTvbe9BV2WV/ELwxxJ8x3NuYFcdPXqF+JyyVXBYrirB1pTvB3jF87jGm/aypyjZ3u4tq+t1yt6tn0DpTrxw96cOR0XyJ3Tdox+KKV2knZ6vpfo3/AGZ3vhT4k3sGoLfeP4wpsrueCEWMPluslkz43EbvlZsE5AxzgcmvzO/ZQ8KfHvwn8L/EmofDn4l6bpuj6x8V/G6ajpM+h29y0eoLrkqXF4krjfsYhiAemQeOAf1d0fxZHfaUzXOnzNcy6bkB0C+XbzWfyLuOG+fOeOckdQDX5N+Bv2t/A3wK+Fev6fceFfE+ph/iZ8RkupdIhtbmC1u31qYxxje5ZpZG2hY0BbqNoAFfjuHxtXE4PHUcNUdZyxeHUudSly2lJU01LRc02uvnKyVjzqMa1Wp7P2MJvmhyx5VJNXSvyySWnnor7LZe1fE+X9qW10vXLuX476dCNDsUm0uCz8P2TTyXbKABJty4CEg89OcDjI/Av/grDq/jJ9Y+BieOfFg8U+IZfCM9zNei2WCIXEzqX2wqNqvnlgB94fXH3frn/BULwrc3tzaS/Cvxtp11EXa+vdX01IIHttjBQwudkSnaVwTjPUcjI/HL9vX483Hx01X4d+K5fC2o+G9Ns7TWrPSHu8MNTitrpB58ewlAgGRhCRxgMf4v0/wuy/NKef4WrisLGFJKulUtBLmcevK3e0UkrrRq1rNHqY6EKWBmvZQpPkirQgo+9dOWrTaa2a0S1tdPX5wsIjNkz3CK8VmXYsisCWRizHJJ/A8/L2OcfZXwN/Yx+LOu/CXxr+1Lod5pC/DbQfCmvQao81zt1RvIxFMILbcvyIzqMhdoGST2r4k8L6ql5axSSWxkluEMDowwfLCkYz0J684woHQ19x/Bb9sfxp4e+GnxG/Zr0LwzFrHhnxn4K1rSLWN5Tby6TqNwUe6vlC4EwbywdrAjGcEEHH9EZ/UzOnSw/wDZ/s/4sFiFPd0eaLlZNpLTe+6d9OniZWlOc7v31FOF7tSa5bXtu+VteUtb2enwd4bvFXfa/akaNRdvI4VPnVnZlPUDI4BAAJ3DBzmmeGZEur5UtrgMxvpQuIUHyktnkY7A55BwCMc5NXw94bvIX2ajp9xDJLcXFmjR5KyNvdWII44I55AHIGQcV6d8MPAofx14ftnt5zp8l1dfaXSRc7o0ct0JG7PUDJ4zyRx1SxUIwglODmoXtFtyWzV07bJ2d7q2iR6VGjOScJKVpSa1u2k2rNqyskne6T0svM+uP+CZHhCy1H9r7wpNr8BuUtZtTurL5ihFzEBsbGcNgk8Yz1J61+sH/BaLwvr0vhr9n288KWyvqttrOqhUaNrhfnMYjDRqpCopJ3OchegbvX5i/wDBNOeG3/bS0GxNyx8nVtaiS2nOV8sOApzjjpnt1xgda/e7/godZahrF18H7XR7MX12j+IvLt2jjeJ0jtgSrGTKDpnJIz1HPI/EOLs4qZbx1l+LSbqUcJTlh+a8VeXPGbd2nb4r6rc+lwOF9pl+HwzlL2NWWJ9qr2TtCKu1e19Fq7fnb8ItW1D4saL8ONc0Hxb/AGaqDxF4NmW4ikCyi51C5WKC2TyiQI8hQTgFepAIr9BH/Yz/AGn/ABHdW9taaZouoWepeHNP1KQWWqPDMIjZxXECMsjKrTPGyqxYfMcDOK+Q0uL7W/hN4+13xRp8kUfhv4m/D20klECM8rRa46vCu3kRwgbT/ewMZUAj+qL4Zf2Vb6dovi65gd4m0DSIRGwMaW9odKtzEzqAQeByTg84HINTmXiPnWElh506lNSr1ZqTXvRjTiqNmrt6JN27O+t7I+aznAYHB0YRoUVKUpO1OTbtLlp3a1tbXbRWvofyu61o+t/CD9qfwxp3xh+Gev27ad4PubePS7JE1SeSKRjEmoiJFkEsZ2ncGB2q2SMDFfW3jjxz+ypqfhy6TUPA82mXd1oF7DJdX3giRzLeiJjCv2hbNkjnEgzuVsjJyMYz337XD3nib/goz4Hu/DTwJZ3nwtmhmRHkkC2zSzrJIqqpMblsgShQRgYOduPW9O/Z++NWgab4YuPFMfhDXfhnrGr6pcx293cTvqVnBcQSiPzjLAGkdiMAEhQcEcnbXoVOOpOtgZYypBVa+FpYhx9ooRfvaStKMui09Xe+hjh6cIYOCtGjKcE1TlbmurNpNpy95p228/L8VPA/hX4D+I9B8YSapYWcmrQ+IEjtkXwqZo5oGAWK3jItyV+XaGwQAwOB1Nfj5+0/8NvB9l8YfEthaWz6Vp8M8BtItPJt4wZApxJA5UwtlshGX5SBxiv7Jv2Pf2cfCHjP4ZaR4uk0uSeTTvHfi651WFrKKBJIrbVbm2tYQxAkaOJY18uQ4Ixnriv5zf8Agov4H0LTP2uvjBpVl4fi0/T7TxBpr20Lng+ZbwyODIxGVYsSfugkn5elfXZJxrSzbMMXl9OU70FzXukmouEfdajFNJ67WTdnc51ClLFuUOWUoxUZrdauNnstWutk9Nbn5Z+CfhdpP/C0Ph7YS6rd3Fvq+oy3lsm9dySWmWjSQk7jlxtLbQu3kFug/ReXTFX4n+GrWCNYw2raJC2FRRuj1CJMnkg5AwTnJ574z4jfx+Fb39ob4JQaJZWaT2VnJaalDZbAkFwsIZlkRD99lI/eHrjOSDz9U6tpog+MfhJI4diP4h0gKepYnVEPIH3s9Plx+mD9vhsZUnRm5Xd6MpWlq7J7vT0fle/czxFGMJ2i4u9SF2m2mrQa3vfd+7fSzuk7H2F/wUY05Z5Pg8n2gK0XhCSIkALjZGO3GSff26AV8CJpBvG8IPEzEJpN0oIBIIRGzjd0wAQTggDg9Wr9Mf2+LS1l1j4LQyw7zNoeoQSZP3SsTEAjsB3HVux65/Pm8tW0zTfDF/akicC+to4sAhh5rQqmCMAFSDgHoMADgisjxTngKUJJJXm201olN77a6rzbey1vzY2inVc1rJxSaTdtElonbV7629D5wuNLSEaesgjkI8SybzIpIG4kDBPQDIxzn/aJAqHTbrWbLxD4lXTLw20KfaHmjnBeGS3MDoyIHJ2KSQoI7dPfsoyLqwv4poz9vsvE0blzCyW8atKu7fLgKrrngEg8dMEkyX+j3MWs+LhBa/aP+JG0+6Mkr+9Tdv4yQfmOcZHvkkD2oVacvgbdmk7eaT2Sutmut9Nej5fZVYaLRe609dVbW+8r7X8nscjZeJtIvF8B2MlrLp1yuoT+bcuqm0uZDuLbJT/e5zliASM7RgVomL7N/wAJhIPLf/SLl0dds0ZUQS4YshZST7E8445IGA2i/aLbwTFbKp8pbmS4gmzkMclhgj0GNwyeoAGa5iCfVtE0Pxjc2MpVHvngktbsNJE3mSbCIi4PlkKWVeQOgPOWrflvytatJbbatNvXTTrzd/W+qqU7KFWklqrNKyV9U09NO99bb66mkrMRYMyEY8BXp3gKFLMRjkduRgDJ9NxNXdOnCXvg/H3H8HTjaNvBCkDLcHOAOOR2zVhNQ0zVBHBLEdKu7TwTNb+TOxjiuneMbWicEY3NjarYwDwDisk2c9pe+FI5kZHXwtdYbJx91juDDjDdAw4yRzxWtJxUlzJrmSTvpdtRs1pp01vo+t1Z41KMbNxilyq91preC11StfS9k72Ss5HTTEHTvABDN/yErzIJwQS5wSMYOME56g8981WSBX07VHPX/hI1AYFty4lXlRnuAFJHYcjpVMzSf2d4DRx5mNQkbcPlJJLjkjk8gE4wew24GLMFz/xLtUUgA/8ACTKW3HghpVz1zxgYIYdASDnkbxgrqKs09Fpa1nr33SSXpolsZu6i5SVl7t0kl0aunda25uj6trY7W/uLi0tPGhjuDLbpY6cjRSAmQhgC21zwo6kgjg54J4AdTtLyKaMqY3fQraNEckjoSQSOD3C55BIGclsy3Jtpo/HzliENhp20Z4OAATtB/hzxwMelUpLKHc6MTsOi2LQugUZYqBubB6459+uTu4yilGo4NNpNK0XbW0LPyvp+rVzW14RcX1ivmnHqne0r6Pp1W5o3MFs5UbEjK+HZEklGfOixtIww+YqoUnaQoB6cV8vftEaxHeeM9FtUt2Y2/gOwRHQEvMVLlXJOCe/QkfmK+lZ1l01ohdyoY7+F9Mikdd4VZFXDMTk4U8gdSc4A5r5Y/aSsJLDxxpLRXYYjwTZeUVGGVd8g24HO3PI/oN1TOMY1qbto01bbpFLmVtrbOPbroc07+ylZa+0Ta02tF6J9tXpZ9bs9T/YlFxc+J/F8twZi1tY6LFIX6FZL0nZ1A2jpgc5BOMZx7H/wVU1KP/hZ/huJLeOIR6HZRCXbkyL/AGVbEbVIJbDA89B0yea8Z/YeluX1/wAcu84XbZaCGXHJY3m0bh68c9AOvXFem/8ABVKJz8V/Csk8+95tCszheigabbADAHOSvOO2BtBBFfFQSfGUknduim2rapQp6dV3a23XmfZu/wDqdSm03y1JWen2qlPR76P4tHfo9D40/Z61S4bxvYCOAPF9jvYcQ5jZ8QtkscAru+U4HphW7nOuviz4s8K3fiXTdN+wkT6ldGMPbo80LQ3Ejr5c7oXDDuFPIAJ5qb9nCOW4+Ium2sOVkNjqMoUMRuVLcnIAweQR2B6HGOnl3jm/H/CTa0ApEo1XUI5IyNoCiaQNg4ySTkknnB5J4x9dOnSeMqc0FL3KdnJKSb0vbSztpo9k99j5RValPBwnCVn7RptNSVrRsvu6d+mtjtviL4q1rxP4W8I6trs/n6hdwzwvMqKFEW8gAhQAu3oSevJ65A+6/wDgmcM3HjiHzFdf7e8OkgjJYm7jGB0OO/XPJ9sfnt4unkHw08ERpbEM/wBpMcgDFsbyAp2gkBmx82RjkkEcj9Ef+CXjQza94vgliWHydT8M3LZBxIU1CMsg4Cgnkk565PPIrxeIrU8jxXKkrNWil/fi/wAkvk7nrZQ4yzHDOT95wi27WesYp6/jZXv3014L/goxBOf2jfFCqkab5bKIgswbAto3GQcYLYxkZGPfg/L+qW0w+DOmRpEpceK5t7FzjiHoASOSAPx5xkV9ef8ABS2+a4/ah8UmK2VVe8sigCrkFbOMcJxjkZznk46jOfmDVGEfwT0W58nLP4zliYhFKk/Z+wBOOcn8xk446snk3leU9ValfmST+Hlbu1eytt102ObGq+OzG117jTvZu14WafTRbxfXS7V34p4esrj+05VQIfOgkwoJZvkUlsA9OcDJAz2JJxXv/i/SLi+Twui3lvZeToyFhcF1G99qDLEbRk9yQQAwIIryXwbd2j+L4Q5kW3Mc5fbEFG4xnIJ2gAFs464PfAr1T4sarE2meHdPeFlzp0rqVba7BW/d72BycADHPpzkZr1K9543DRkvctK7+JJ8sd7NW5npqtX56PloR5cuxHI0588Em9nbkk7Wasm3dq/dH25+xbbXmj+Kddt7uWC4uIvDEcyzW1xHMgjmu40wQGbGAfmHHXoBiqX7cnw/8T+Kfjn8PJ9ClNnCzaDpialJKIY7S+uGjeE7wwwoOHAxhQuTjGK8p/4J8380fxC8Xw3DM6TeGraJRI7PtU6hEW2liSuFOAByCRtycV7x+2n451bRPjl4M0Sxhint7bWPDGoKjqd0k58tUXa3UYbPXJ6HjIPxmaSqUs9n7FRTWHk/eirRjyOykk43d7X0SdrNaXPq8thSqcPtV27OvCzi9bqUba6bW620NTw38JP2rYPFHii08NeLbSOyIk0vVdRttUiR9WK2jW7wTky+bKSjbQHzxwCor5Z8cfsjfH/S7m2uYvCD3UOqXbWb30N5BuurkzZDLiQ4LMDgDPPHTGPvC18D+PXl1TVkOpafqmqeImvUWG7mSGOO7VCg8mMnAKuOWUoM4Lc16B8QPBXxV8M6J4Dlu/FctwieJ7GaC1i3z7ZpXWRFkkUMJNpGZFbJzkHgjH56uOMwwWPdGjjMsqLWLpOnKE1y62coTaSjaV5WtvG17nTSyvLcQpRqKvHl2fP1fIvd0Wm6bSb1u3oj8ifEX7MHx70bV7iPUvhvr0sywb2kCmcbFXO8MrHBBORycHpjpXAeIPAnjvwbo0Y8S+HNV8PR3kjNDNqFtJbwzbV/5ZSyKPMbJGBkgjnoRX9BHxG8I/GB9FvPFd146tbW+juLRDawsIrUWV3ECpkyA3mR/IHjAxjIzyTXxD+1lYfEH4jfDtbrXdZ0q6s/Aw06yCRQGGW6kePLXSBo13KQGBfJ3Hkc4r6HhzxKrZpicNQqrAcmJrOinQqzbTioXSUkk73Wt9rnPj+GsLQp1K1B4m9Km5JT5WpNqGifxettultT8iNN1G5tQ8gJlIkzym7aQw2kE87s5I69TnPSvrb4XeItXvvDbQT2jz2C6iJo2ji2sZCgL+ZIPmCjjBJOMevNfNOl+F7/AMQ6/beH9EeN769uLe3gjbCo08sgjVOmOXI9u/TNf0geHP8AgnJpnwr/AGG734j+L0uI/iVdSNNL/Z92J7SGN2jMKmMv8hCMyyFU5J78597ijjTh3hrG5Lh8zqXxOa46jh8HSjBVJ80pQh7RrSUacJTXM7NXfoceV5RmWNweNqUXKnRp0ppylJ8k5qPP7OKTtJtRk0n0vyn5YXeq6heWGiS2ul3ZSyuoQksQ+aUxOzSR4K4BQEgY4IGAeCa861bx7ZSarql1d2OpQF7vyyjW24RtGADnCnknoeMHJHRs/bfgz4SX+tRSabYiSVLAyXchZXjVTFD5jbZCdoYlRlQwA6njr8Z+M4JbS+15re3mlY3WxzGocCVZnjYgAcD5ccgZ78iv2/KMXQxNOEsPP3oQhzNK7jdLlTSvulpdNW6H5HnNOvQcYV4SjGUpOLfu81nZdNbNN9rNaW1eR4P8WaXa6rFdTXaxokt1+7mhfAV1IB+dcc55GPlPTjIG+mraHdRaiftNlN9pvEk+SVE+65PCkjHy4x3DEn3PGQxC3u2a+tgkRtfMEUlqH+ZlAY8AHJHPQ8EjjNUksLO4t1f7DbS5uyG2RiIhTg4OAMHgY9VJ4zhq9WPtbtqfvabr3topt3UWls0ttH0ujyY+zajGzVrLpJ3dr7pbpb/O50d0un3N5LdxJEjEiMeVKmAUHVguSowBuOTk+4NfMXxSjdbnTNm4s3msSFBziRmXJGRz6k857k8+yf2bZGZGSG4t4TNLG3lXEiHdypAAJIGSP7oyAc14l8UUNpfWUFvPOsawb1WVzIcl+V3Mck8DGfTGK8TM3U5qam1za7Kyt7ui6Wd1tfrZbHpYGEVGbSk15pK6082m9bJ6afj+vnwHdV+Eemghi03gyFuRgBxOxJGfoOvoc13ckaQ3ULyAtu0KMMAOxByeScEY9MADJGBzw/7PqG6+BNjcSLuaLwvDGGAwQBKTwcd8EfrnAxWx4lubuOyWW3yksWhQsGPGFxyGBB+U7fbuBzjHwOLdq9RrRuVoN9bWTvfS2710tr1Pucq9yEZX0UEvv5VfV9N9bpLTTrm/DO3lHiR7u3yVs9UuXaMsQeYiyjAOGIHOcHqygnJB4j4r6hfw+KF1LTrq4sLuO1lu1ntppIJomFxICiSKVI4A3LkZGcba9F+E+qf2jqpt57M2uou8kiOg2RSx+RgsQwA+ZgcNgg5+btnzX4u30VpPL58avNHBPGC4+ZmS5kZkOAQQy55yzAe3AjCRhUxap1IxcalJqaupXT5el9LpcrWu+3fj4olKGT1KsJNuNVSjZyT5lZqyfnZLf13Z438ffid4x+I+p+EpfFerWWrS6JpVnp2jNLO89zBZKF+S6ds5k3qTuJI2nJ6VzfiPUvi3p3w7m0CyMq+BBM949xYy/ZoklmhPmEyhxJOjBsMuGTJwTk4rhLvVftuu3V9Jp6eTa+TIkIhEoMKgAhuAoXjd0GeRXteu/EueT4V32hR6tp7RXOkSwpok2kRpdW8TSlw1vNtyx2nYT0VOhHFfQKnHC0cNh8PhKLownF8miVO8lfljays9Vbls9kfkWOrupGjVqU+epUqR53KKld6Xd9bctnqru1mkfCNrtN5b+aPMYTQ4cNuCgyLv56scknOc88cZx9rWMudD2RoExFb5JAAOEAO3PIOBkkE9OwFfEKyut1aARbAHjKg5HCyDaWPQFiPmHI3Z64avsGW/mPh6IQqBMq2QlKgqu3y1JAIPPrySevrX2GX1rRqp2S9ne0d9kkk9n1s9rbbo6nCHucsN3ZrZtWvfW7762V09Lt2N2CPYyxbsx7lJAAJ5AI5wR15U5GDnPIrSEnkviJlYsGDZZSR823B6j5RnuOB0558ytNbv1OoLJkrHNHHGwXOwZA43EE9c9a07XUXS4DNcBi8cokLAYwCWBAGMk+wHTJLYNd9PE0+WSblzK3K/5bqz0bd7K22ybfTRTpyTi1ql52at01T6Pt1voNaUw6neTtmVEudx+U5yQxQrnHHrz75qe/vpY7ZWUBVuULAHJOWkXHXjoAMHjjtnjOGs2t3HexZWOQy26ptBA3YwWY8MpYcE5HU5x2stdCSwnDqJniHlxISGxiRT8nZhwME84J9TnmqTUo6PfXm2ttzX1u+ys3r1WyuCaknays3GTuldNXTvrZJNrdehWGoyxam9ofmE/wBmMmMMAzIckg8cHjB5XHB6ZlgvLuXUo4VUmOO88sDClSXJwc9iAvPTGOMgjHNtqPleIZoFhZpZUti0eApQiM7vnJxgdSARxnPAxVfS9TuG1mQM7KV1BdkWDsJAbczH27bSDn+I4GfLqcqjFqTk2112TUd76O97276LVa93v+72i7LVqy91pd93d9U3tc7TV0jF1bmecKY5ZNzEDYgGDt53AYz7jPB9ud0y7gOtKUnXyDJOrOigvtwwI9QuDgcDIJPoaw/FOqXNzeyREqoRZAqqSNx3L8zAepJ6f7oORiqPhto4/tUkiqGJYKPmyvyMGPuM5yB6Yx3rhqyg1NNcrdNq7Urysk2rO2r+/qrJK9Q1nD3U7zi7N6fZburLp67vfY/ry+AOoQR/s1fsyylROk3gnxBCjsN4G0qQ7E5C7SSAcls59Tn8jv8AgrTPC/iv4Q26XK3Mj6bqIEPDKqsmMqOmB0JAwBg4IxX6afs23Msv7MP7MP2iUrZHw14nhJUg4C+XkjJGVJwM89OMcAfk9/wVUYv44+EMqXYDPpOpLHtAzFHGuFLBQeuR9PcHFfk3CLUuI3J6JV8ZHt8M5xba2a7XevQ/Ys/i48Lw5UrKng1Zf3lTl133vbVbJdT74/4JzfH34Hr+y7bfCr4n+IZ9J8Q6DqOtPohitniknhwskNtbXMStLsBVgVHykE7h0x4p+2F8QPB3xK+LXhLVvAN9Df6LYeHLTRbyTyTFL9utXZJ4XdlV7lwq5Z5Mk7sHrtrE/YQ/Y78b/F74R+FvH2jatpNlpN1q2taYZrqRhei4j2q10oC7kUBgEAyGIO7gnb598bPhJqXwY+M158OtQ1GPU7nw/IlxLqcLMI7ma+wxIQgBWAZQxA+6MnIHH6Fwpl+UvjaVejiKssa6taVSjdezgpuKlooatNrTmulo0fO4vE415JhKNWlFYd06ShO/vPlipRdtlpdabrpsQ20aEMPLJKqVU9OuQD6eoznsAAMVaBEY2D5gi8D7yqMHcQTjP1HTnPUGoo8gAMfnCtuUjcXPOM4POQRnHrx0GWtIiKS2SzqAwVSQGycHpwBxkgjHQYGTX9NrDu8WndNRutNI+7o7dLX2ve1z5eSUpejv1TVraK26tpr3voLJP87xg9BvRugHy85KgZyOCMcZPAIzX6mf8Elrvyvip8Y2jkK3C/D63mTcWAZo53bADYORySARwQcDgH8qixRI2Vgfm2EADJU8ZJGeeeR0JPSv05/4JQBX+MnxaRXyT8NJG5wMkSSFcqWAOW55/Q8j898T6aXBmbxdnJwou1rWftaTVra3Wqet/Lc9DKo2xlCellNSn80r6u901o93r0R9IfHn/go14L+Cvxa8IfBD9pfwjO/wo+L2hXGlf8Lcs7Z5vDejXt5cyWUeieKF2tHZq0bIVu+BGTncCAR+XP7U37NFr8CPEtxr3hPVrPX/AIW+P4P7X8B6tZ3EdzF9junFyluLqJmSaMI+6BgxPlgYwev6VfG7wP4Q+KMOueFvGvhfSte8Napo13Y3um6rapOojkmdJJ7BnVmtblCS0U8RV0bBVgcV+Y3xt+GPjn4J/DOf4Z2uq6r4y+BmhS2WvfDW+1OaW/1z4eTztHHdeGbm4mDy3ejSJ/x6yOf3BKrgKK/lHLMdVwNJ4fD1p06WLcKeOpTk3Sr2knSrwT/h1oO0XHaUNOZPQ/SIZfQr4/DYipShVlRXNhpwSjVpXgvaU5JP34tap3TT06o+bfDAJ1WNw+0xavoSseMD/TISVGRnPDDvxnqOv91fgBQ/w88AnOQfBXhsgjIzjTYTgc8dwe5AGa/g38KXhmkmut3XXdBcEnPzG7jLc5J+oHTJXnt/d18OJmf4afDtmJG/wP4ZPQZydMt88Y4yccn+HnODXNxC/epOV7p6W3afJd3W9urTvsY56nfDcrSu6lkm90ktL7WSve1le9uh2mT8p3AL3HQ45AwewGME9xz1LEJ5g4JHViccf3Wx2O7tjBJwPUGohubAyNo+7u5JIx7noR8vzZ4BPJpcFjnPHTjjLDJI4Odx7diOOcCvnISjZN3s2uuv2bX8n7z6aLZXPEUZNWcX6f8AgLVlZqy9G7+rHmTOAvJABPHJJ+XjjnvnkD17GkyQTgcEYGSTnI5zznr15zyDjoaj34AwTkc9R0OSG54Y4znB4GThs00tjGDzycE5yWyRnaDxk5ySM89eop1E1GydrN+mid9fJpp+ehST0e3S173d112Vlr21dktE3uXyOQq8nHIyO2cctjBA5xw2ecYiZ2IB25APbBBOc4YDqR2PU7cYwMhQSCGJHQgYB4CgAcfeweMdeQfQCk4ORnkkZyPU5PHTBBPPt9KlT5m93vq+m1vvt5vy7HL7q11ve19E7R3VuV21SXqntdqX3HfgZ5/iOOuev4buBkgYPQ4XJXB9+h5JycnjBJ3H8ABnnPMZbGfXHTcAB3wAMDJx0I79eQSFsnPTHOMfKcnG7BwcccggZzk44wc6uuVNvR20utVvd9L3++6RTslFPSWijZayWiWjuu73d07dr2N4B9Mckdc5HTODjHseuDknpGxTcQQDkEjHGW7HIxyM9j6dMDDVfkb+vXHTAHIBYEbiOccnAz3JpHYjLNxwvPGegz24YdSRz6HvSVW7s27Le91e9u+qXXfRajjHTmaWsk+Xf+VPXSN29dU7bb3swliQpwCMkZ6DI5GQMdxweScYHapugAOMHb0BOc8fm35DkgDAqruxknkZBXGMYwCcEfUAk47dCCBKrjPIyNue5BzjPtgcgjOQOnStG5SSdraLu0r2721s162b161FRcV0afm7pWSTbaSXS9u2/MhXIIOARjGQckY4zjjqeecduSduFrnOfmBAIPAHX+Fd2QCOMHIxu4x121Nu3FVPIA25IAJySQCecrk8c4xz0pj5OcfebPIPAAx37Dtk89Tg9oc2opNJptXafblbS8mtNfLujSNl0tfR6JOys+nX187dbRqcYU4579zjg/Me/bvwATxgBWJIB6Adc8k5wOcZznuT04/iJy0qcKC3J5HPI3cYODkN8vAJB9BzTACSAWGQSVJzgYAz6Ennt9R0JGbk1LXpZWu+tno3p021stEKN0opyvaNnqmr+7ba/Tbul1aJSfm27eR0JGBle/G709+vNJtBBBXrljg5IPA56jBHrjBzx3LCzAgtj0Ge2OM9Rwc44+vTFIWO45POCM9BjpxyTkA9exHHbNOS1956PtezVnpZ9bK1189SuZrRdvLutV96utdbvdMXkbs8dMK30465zgAnHGcY4wKj3bSeMHIySMkjoM56YI454PIAFBx82STuJYADKnp6+g6cjPyg461GMswBAxn8ADnIwR35zjPc4NQpJNJxbd7pb63Xqullvrq3ok6STV2lpZu+na1u7a6d7u60vIBkHnOT8pHpzkcfzP4HPFNxwwHsCBxkYBAOMd+c9scYpQxG8ZAIB4UAkYGMEYBI46cfMuMk80m/JIUZJU53AgDngYPJBAyO+M888Nysk1ptzPXfZXu3pb01vpZIXK9LPpfX5O7t0Vl2vrpsMO7IB43HIOD19Se2DkcZJ4PXIqaI4POcsB1zkEFQTk8kYwAB0A444EYIKHPOADnpjkfMCdo4J6cew4FSLjC/wkdBzz65+nfjkdvUjOKcU3y6JK9l/Lq9fKz02Wi3JlFtWi1bXWy00WyejVrXXTXbd28HAycnoODt/unnIOPTGc4PvSjPICjk7TgDJHPHrjOO6/XPNVwQOe4yCDkY3ZA25wBgdjkd88LhyswyARgE5Y45HXrn5fY8j6c46Y14rRTvsndWtblSVr9Nu/lq74KnLq9O7s9dLRey1d9r7b3dy2ozxwORjJUdMcjngDj057U9towSepYsCQQRkHvkkFtuOBgDsciqm/jI9yOcZOemB69BgdMZPFMMgJHX5STk5wScd8H5cA8bTg9sYxt7dW2ad13tb3b397yb2+TI5LX929mldNO97dOa+t1bTS6JnK9SAGUcZOeCO33uvUnPOFxnIxWaTa4C9ATnHGVIA4IPXIAJBxj+LPIiedgCBtHJAUZJxznuD747+vJFV2ck4Q5ATkkEAZ6DdkHAwcgDvmvOr1LvV+7a7t5W013SSWt27ve6OijCN9E2km+VvmtsrvS997Na69dWSs+AMYVi2Ocn8O/AzycZLc5POWB25BOcnnPBJUMQMhTnIIAJx2JGRxXDEbQzEnOMkYyMZ+YjAAP0I6nHSl8wgYzg8tg5OQMk5wCfmJ4I5HHvnlnW1SV38Nuq0tZptv1tst/Xvp0klzPZtJWV3q4+mjV4697u44Y6kjB6HpgnBznI6DGeoGCc8ikLtg8qdrLz65JBGMDIwPp1HODURJ4fOQV5zgZHToe/XIPGM9uaiMhHUABlGTx0HQdMkKDkc8cEZrL2l07S1a1tfbRWWl91qt2+tmkPlTtotH569tO631Td/k1ZySRg9BnrjgA46Yzz93OeenNRltmGyp6fM3Yd+DwFzk8j8M5zW81iQCGBOck5yMjbgAjkAYPB4yBknAqEvJuIPQE9CD6HJPvyFBO0Y4IAzSVScmkpaJXs20tbLorJq+6vt5aHIpbPor6WevJptfSy6+ty8JWIkO/gnJA4JPckA8gYzjpx16kujlG7AO4cDKrg8gKckc9yD1464PAzAWPIyB1IJ54yODj0xyOTxk8CpEZlbKlQSQTkEnHBx6EHOCT0I3Z5q6c1F80rvdNqXS0b7par5Wve+o3TfKttu9tlGz2dnbR6eV3dHGfG6NZfhL46iDbC+jyjk42ko2ewGCQQAT1xnHFfhp+wFppj+JP7TKB/s1qfFGlRXFy42s00lnER5fA5G4dM5I4IwDX7cfHLzZPhL4vVHKu1kozkjIJO7nknALc4zgnHGTX4OfAu/wBS0rxR8ePCHhua5XxP498faLpeiS2SJJcaZFFp8Lajq3kclktoXaTeSEIGOpAHgcQSo4iliYQjyOeHw6qOTunFYqErtpcyjCKd2l16NH1PDUHBRkt1iKkm3ay/cWu72SsrbfK9rH81H7YEssn7VXxsf7U1xZReOtQXcpZlcw3DqGOM5KsD35OeAa8w1XxDeS+C47aDT45HV5h9rbgxqARlQQCeOCcAbeTx19A/aL8LX3hn9o/4w+HLi/uNUu9K8Xakk99dsC17ObiWWW5kGT/rGJfBxtJ2nqK80k1TUbXRWi+y2VzHmdY4yBvVmDA9F+5gfXJ9uf6ryFU5ZPkapqM40sHhOSb1XL7CkuaLcXa66W0v0vp+NZnKUcfmyk5WnXrrTZfvLq6/DRJt632t41oOtS6N4stNfFnHey29r5D24Hy4uSImblR8218jaGwR0LHj9/PBWpJFoPgu7SBne48MWdu9rxiBXtAVUAkY2qcHcpHOc9M/gfZ2mpTXv22DSJrm9+32SfZoUxAEMyBiVA+Ydc5GcdQeSf3a8LrqC6F4PuHiSBZdO0+CXaMbcWkauoyMKI2yG9zxzyfzjxUpRni8tq3jKbjVTUWmrWjZ+Tbi7p9rrz+88NrrB49Pm5OenOLa0bvbR2SSbSvHZLWz2Pc/Cdla6Je6xrs1iEmfQhaaFHEojT7XdkJt34G9md9zEMf3hLcV+Q37evhxrDwV4GN/PG+s2/ifXpNRLL8rPNLJLFbszZ+VFIXGcEV+4D6Yk2keGVWDdDHcWe58sC4VFkLHGchm5GT97AA6mvx9/wCCjEUM3gLQLtUG+Tx1rSyMWBJETyIFB5IVcAZ6ccE44+f8PqluJMMpNSfNa+/u8j03Xkk9t97nrccRbyHESas3GEuWzSt7lui1VtLdD8an8c6hpkdo8WnaXELVykINt5m7Bwd+UKkNnng5B+bpivtb9jrxh8cvE+q674S8A+JPD3gz+0tS0/Up9V1CxtfLimR0ji+zF1V2kAkLojdcAnkDPxrdafazafYMYdx83O1W5OCOpAJOccYz3HQV9RfBOLQPCvh7VfE8qXkeqW+t2jJcQXbQpBFEvm4wGQ5DKCCOhGDuztr+geI8NUxGV16NNQnUm4+zjOKkudpKLcWuV2X4pPW5+FZbiHQxUKktIRWrT1alGK3u7WstVpsux+l1n+wt40+OX7R2s+Hvih8d9S8QXGn+F01nXdY0xY7e6jRYh5VkF3qWt2zg7iF2gkHANfop8Nv+Ce/7GHwn+Hl1ceO9Dg8Z+JjLK1lqnijUWneF5oJVR47IyOmFZgy8cHjHyg1+A3gH47eLLr4yTeJNE8W+ILPWPE2qWOhSGDVJGa90L7THE8c7FlBQAY25AAJ6DOP6Mrnw9Drdh4Hs/La6l8+2kvrq7czNM3ko4iYFiCRzwTgY6kYavj5YLMsPg8JSrVFBwpwTSSjdxUb2jGKVrPRaJaaX1Or65Sq4mrOMPdlNyu/eduZWu5Jfc9rdTy/9lD4Hfs9fsu/Gez+KmhWkniq5utF1id7R7R7q30hrtzKsVhFJE0UUsUY2RsB8gAwQK+zPhz+2Ro+o2/i+++G/gSZxc+J9SuJXv5o7TZJbyKrKWtgGILZO1um7GMgZo2mg2mn2N4ltpsMSjTNUdRCqKVZbWUDoFIweeCOMnGOnzX+x14TtG8L63NcxL/pHifX5mRyeZHumAJ6AngjGMZ+UseTXLXwdapByq1byfKkldXasnbRq9nqurXc9alVpuF4xSbUY79bqTUrdV2unZW3av9PeOPj38bfGP/COSxaJ4Y0PfrMcqZmlvZJlUkqk0EoaMKB82FJPAJPU1m6j8RP2hhqJkPjuxsrNYru6aK00iAxoIbeVxEpIOMbSORxwATjFdhrel2drc+FYo0jUnUyW2YB6MBjcDjA6Y44B6bs39YsIVsdUbhVTSdZl5GcOLKcgk9Ac9c4wGx1xWFHBUueFkpycoq7vu3DSy3+e+iV+o8Vy02435VGWm6crxel7u71ldq97WsfxWfGbxDe+NPjj8SNe1m5+06nqvjDWZb+4fbF9ouI7lozKgAG3cEGBhQQQMA9fZfgTHBPdahCkDtJ9mRXZlDJhTkucgZ7AYAAHPOMV8u+KLoXHxM8X3LyjZ/wl/iCMsxJ5F/OOdw4AXBJ5xz14FfWv7PT20WqX0hy6fYMkK6jeRnsRwMnkBvlIAB5Nf0flaVDLcLHkirUqafXaENba21sj8LzirXrY7EqLlFSqPVa7uK03+d3bbqkhf2gNPtbPwovnTiO0m1SILJGnyo/y5ztAGVO3A+6c4I4xXy9pfiXwxYWrrcXySRxSc7U/eFlHQEYwrDv8pOdoINfUH7WETRfDZ/JLxxLfW04A2ljvfB+b1AGTknOc5JGa/OvTIJbrbBbqszzbeMbpCTkk5Gevtz9CK6KdeL9o5Jyjdtat21i+XVu3qlpsrI0p+2hh6cbylJJ397TpZWaekX0XS2ySPXp/ip4YsbsNaRXjruKlRGDuLNyw3DcT3VScEDg9a7rw/wDETRJrG+t3trt4rhhOJCmWLEZClucMeBj5SOMYxg/OuueF5rG6tVa3eGSSEvuBG3oSwI6DhQ23HXOckDHo/hrQbxtKD2tvdzxOyqrRQSOjP6eYgIyCQehOO/AxMMZRp61J04RsvtKMXolZvmtbVc33q+pl7CrU5nCnUck0pKO20dko7bPRb73ue3WHjLw89uQsNwpDkMNo3YVflbONxHygfMM8nk4rkvEPiXTJREsU1xHCGErqwIGRJkYHoRjC9/4sBiaxNT0rxDo9qsr+H9SS2nXAuEs7hlYqOX3bTwDkseQQck46+eapdtsYOzysUUbGVlKnOScYPQjlSATnHQ5XSljsPJ2hWpVNU5csrqzts1K7vvovxu01Co5w54Sg4uPM2rNx0/w3cly33Suz3uHxX4f8tVuNRSGNoowhnHygBR0L9OcngkA5wSTk3YPiH4PhgkhXW7ZFRQp2jLbwQBycEBgOD2I9zj5d12Ce5t7GXzHHlwDMWxuhbGGxjdjODxzzj1rl2058hUUgN8xDKclgTk5YnAbhh3446HG311078iTunqkuaSbhorN6Kz67ddTGrTpym+bnTasnom25JO2t1bs91rrax9hXnxX8GzWstourRkCPa4WM72kzgcdicZ64OP4qy2+IXgk2ciDU1wYlSRI4yCScMXU9QT1IBPPXJwa+YBowWC5ZIcssYdmAyFORzwTjjHTHXHBFR22msImcDe+FzIAHTnBwRnggkc/MB0PINZyxM56uVmktVpa2lnazevlZbeZShCNNw5nrr1Vmtrq7S2u/W+llb670z4y+B9It4Il1OQhGjOxYAzjaMFicDrzweM4zjPHN+MfjT4U1O2uI7ea8uGkRjGoi2BA5GSo24DYwxJx645r5wtdEe4knlcoGjIZQSFIDDIIGBkfnyB71sT6BHHYyvKh8wwP8/JAyCMEckDoccdeccmq+tznT5ZytppfboldXdm35WVm+96hQpOKbUruV03K27jdWT3vrbz7o9a8PfFHw1cvaaei3bkssbb0Utvc8fNt4UZXgHJ4GCACPY5LWaG3mlNi8jC3EkLEgbUZR8rbTjGMYBxgdT8uK+MtItl0jVNKlGwido3YKd2fnUghjgcN0P3uM4FfeBn8zRopGJdp7BCWOOFaNdowDnPzc+hxzjgejllT2kbKai4tKzvezS6K976NXSSadrbL5zNpRoVoSV3zN31bd0lZvRa2Xuq/Tc8R8S6pcy6YIjbCCNHjkYqSu8dOAuOhA+YcDv7954eng/sWI3EOVFkApxknA6EnnA9cdOMr2898YK9va2zPkRsr5AOBuDjIP8XHt0weelblpeNN4eVEmMax2gAz8jHIGSC3fPUHp254rrk6kasneEbxvok24paXVu29numutiVVc6NLlk05TUXddXyqzT6Jdtbq/W51nheHS7n7bc6m6mGG43RRRSqkm1iQNycZA+9gAc5wR2Z8QdB0y20W41PSrppZSIyyPKu0Rtg7B8x/eYJA5wCOvzcfM134mu9KvXe1lXcJG3+dISHVWwPlzjA5IyeMnOQMGpqPxP1e9hksJ1gFvuSQ7Afm27R1AwQAMckdeh7/HYmrXWLU/rLVFTi/ZptPXlT0tppp16as+0w1OksBCHsoyrez0mrufMkmne176WvZu66nsEKeVbWxYFy9sCCR3I55J3bcHA9BnOACKaIiQ58oHzGCgn5semRgsNvfGSMfLnkjK0PV/ttjZTzugV4BsVRuxtGOdpPBI4DcEngtyRsPMZWO2Jtu8+WyBuemc5xg8jIGSAONvf7ahVpSp023a8Yqzt2jqm9He7fR37nxVbnjiJRnTm1GXutx97ePdNNN7Pd3e2x5B8RIGW806STaiKCGIJGT1GCPctk5Iz07VzXhbUkTUJ432hMllcEglhwOpO4kgdSeMEnBre+Jt+Ea1imz5qxuQCAQAc++WY5HI5Xk968u0e4Md2uZVZyqur4IXac9yeePTgf7uM+NWxCp4yV+VPmimrrpZPm+S3Tu3pbovepKTw9knq05NxV9ouzV0293db2+/3LTrhL2+8h52Z3uYnALuABuwFwO23156fjxvxUtYTr0wQmNhBCgRWJyVwWUcDHy4JGc4JPPUmg3bvrMbiVA8c0bDacAkMACD3wOen3evBqx4+DX+tW7iaM5CO74XCl1C7WIy2ATkqcgdz3HPinKva0otSkuaWiXKmuv82ui0bstztwtOpGlOSqWfLrotlqu9pXbvdrT7zyuWFGXyVU/Lu6fMwIXOBn+HIHqd3TIOB+kv7OWiRp8Jku57eBnU3cyySwq7vlHABLBjt7qQQB6jbXwXa+Gb153u9qtbPuVm3gBwFO7bnt83HHPoTzX6ZfBG0VPhLaxhvKiS3ucoygk/LyDjHABG0kkHHQndn08qw0qk5J2lywk4qVrtLl112s77NW22tfgxGLlZRveXOktLKytd+aTtfW3ZdDkfgrZQR/ETx3dRmJZFgtwi+WDtZjuyFGMAkc98npjivqG6WH7ETISHKuWYBSN2CMDnORwccZOMeg+ZfgtCy+PvHL7wy77cZz0UMCM54IPO4479SS1fR+r5aGTy5VYMxboBgDgnr22lQo5JAGec16mGhKNGXuRilOWiabeqtbprbTvqzpVSc1F3bXJCLi3q7RjZ7tOzts092cBeyI6So0jsrZ2MAAB8hzxkhh3OCTn7oPfDtrJf+Est2aUuF8NF1XPGPteCDjqQcjGM5YDPFa90oYSLkDCkn5iCMrkAZ/LHt1yaqxxL/wAJJb7Uw/8AwjO07mySPtIbHXkFRnnAI6jpVrXlvFO8kmraKzWtldWTWnR/ciI1JXdrpKEknd7+7ru9fu9Njorm3tXlgnW0lme3eNyIyH2MvKsw+6EBXG1sLwWwTX0FbfE3WrvwaNKlt5pZFjWByLNSBbBlVsMqkqABgEtyo5ya9O/YZ+Gvw2+Kvx/0jwb8U5/I8Kano91NMDdpYwm9iiZrdJLl2Ty18wDOTzyR1xX0prHwk0/wt4w8WaB4cudBt9L0nXrq30o3P2S6iubCJmlgRLh2Jkb5QOpJPcivyniXjfL8DxLLI6mCrLEQwsK0a8oWw8ozskozuk5Llu9El6vX7vKeHa2Jyn+0liE4Oo4ypLWovhbfK9LO6dtba20SPx08GeFprTxz8TruXT76OG4msri12W00nyyRbmZkEZZFJwfmUZ456mus1O3v7slha367WQZhsrg+YoUcqBGGDMOTgDqOgxX63fB/TPFN78VvjDYv4W0KDW7vw5oTWlnc6Vp5s5rCK1VPt8KzfIgc7csuNxIbrXtGo+CvGGneFhr0Ph/wiX0y5WPUHm0rTESJ2kyoCJkyxgf3c7sYFefS4/w2CtSToKV1JRdaEW02rbxl1fW2npYqfDMsY1OKruPJGN4wsrRSTdltZ3uvdW9nZ2Pwmjsr+JfKj03WvISNGLDSrosHOCTxDlgNx3DBHXtmvmL4n/s8/GP4keIdT8beDPhv4x8X+HtMt1XUtX0fRL66stPNucyR3zRwMEkVRuZccKG3Yr+tH4UQNrWoWWneJLLwjYXmpzRw6Q8Hg+Oe2uh5TZZpXtgoGRycsuRkktXxp8Ov25PjB8APEf7SvwG8IS+DrTwtqGp+Lbq51rUtHtfLsbpWeCcWNmsEgdfJdxHFLsAOCo9PkeM/FjE08JH6hhqOInSqwnVj7V+7CUoxcmoK7kr6WSbjqk1oellnBN3zc8480NOePJF/BZq710vonq3bU/mHj8BXd1JJbR6bdx3cEyxTJtCeXOg2tA+BlZdwK+WcMG+VhuWvdPBX7GX7SnxKa1PgX4OeNtbiuFGy5gsrm3gkUEKxWWaNU2EYIZWCMCCuRyP2k+EfwR+A9rpXhH4gyeILv4jfEHxrrE/iJfAuj+GvtaXOL4NcySQJGyKFd8lZgFXAAyucfdn7S/7Z3xX+GfxB+CPwf+A/gq7+GWp+MoLHQbhfEugxWiXsl15Mc0ejW0UBRvJiDuzglo2Hynpj8fzzx6xMMfTynJMujWxkaE62Iq4upLD0oKjBTqKEJrnnazk2krpK2rPr8v4ApKlCtjZvkqSUIKHLz3k0k2mtU7dNr3P5r/Bf/BPv9qDxl8ToPg/p3w/1FfHk/wBp+z+HbmZjJ+7KiVriZXMUYAIyGcA8EHOMeTfEH9k34w/Cv4rXfwW8Y+C00j4h2+tQaJbeHXKveX1/eOscUUGx2UiR3HlkHkfNg8Cv7bPgp8NbH9m741+DvixqnjHU/HnirxDNqLePLu9i2ppcd3FHcTeUJsFIoirBZBjAHQ8mv54f+Cifxph1z9uPVvj14WOnXR0T4h2ms6BcNdAiSHRblWMMpTKqWKMnfknHI59Twx8cM54zx+MweEwtKqsHR/eTo0qqgq0Ul/Fk2rOd4qKV4xV29TyOLuA8BlkKeIlKcaVVc1OU5RTk3Ll5U0tbJau/Vq60Pza0v9hD9oC8+P2kfs2+IPDtn4C+JWu20NzZWviq4h07Tre3uEEkN1cXkjokaSxsWQBxk5UgkYHif7SHwE8Qfs2/F7W/hH4q8TeH/EmueHBGb7VfDF0l9pKu5Aa3juVJDvC2Q2GIUnvzX3D+2B+2V4o/aN/aOi/aE1HR59IujoGlaHFpml37K0TaRbeQLmO4Ty5ELtuf5cE4PJ6H8yPGWp3PizxJqHiGY300t1cSPdy308txPNKZN5d5HLM7fdGSew5GSK/fcqzLiDFyoV8c40aUqKdXDxT51WbT5nU5noo291XWr1toflWNy/DYarKFG1Sz92be8Ha2iTXNG66/LdqXxE23RUKYwzoGYDk/Lkc4OSCM/N3Oflrw+9lUhIxwfNZt7HnjDcgjoQByOT355r0vxRqEkWlxgb0QOpCtyxXAyT1yM59uvQ5z5Je3CyzR7IyoCHpkEkeo9SOeDg46HjH2FCTnTu7v3rb23tpHotOur2dup8zi6c/rMUnbljFfDa7bUW+a17W16W17nQyyxmJ8ne4hC7c/KVI5z3OB7EnvnPPoPw30S1utHafyV8xrmTCgfeAOSW4P8PbP3fXqPJknX55GOwLFtUHaQeMEHBO5iMDGPm4OM7q90+Ft/bwaCFZo1L3EgHzKCBluWDE4z7A8gBhjmvSw/K6kebW/W7evuq93o+7t1eq1V+HFRxMqU1GXVK1mm9Vrot2vTXrY9ATR7UI2IETBUA4X7y5JbGTnnAAG0gdcjkcxquiwSQXhaNC+yYqwX+Hb0zjaRjoc54yemB1pvoDIgEyOjFiSrpt54IPPHI6kHvzgjFDU7qI2t15WwKttIJDwfmIO0AA4ORuGAASBnjJruxM4qKsorRN6rtHVpKzfXyeh5WBp1IYjnrU5NcyT934naPvWV11k0+3W+pP4J0e2OlWvmW6ZKFuUGG6kMSQA2QD9cHtXVNotpD+9S2G5QxHyDuTy3c7R0PXpkZIzU8GTq+mWSFV/1TMSXUAhm7EtkE8HOOF9K7NIg0g3+SI+efPUMQeTkgg8kgYGMdORzXLJ80U4yveKUbtNK3Immnsr2s7a3XbXukpKu3JScU1tF9LbvSzVt9l+fjHijwhBrGnapdSoiSRwFomzjDKSMMo4zgn29fmOK9m+GNrpsXgrQ7CWEXEqo4uH3Dao8wggI5+UqOPlXnHfvn6nbWq6dqUcs1ssckTF1MqM5GMBcFsAscdVOR2xkjg7LUksVgW0vHtYli2qGYMpOecbQcgk4PGCMc8ceHXp1Z1YvmW1r3tdNw1fXa6ve+qfp9BhcRRjhVB0ZufNzXSTbbaT0vbXTVPVPpbTt/FWlwpq6Jp8Qe3dZSrbcDLFmIB9QQ3JIGc4Oa/Q39lD/gmV43/an+H1l460jxfYaFby6he2NvBOyh1ltI2fbKocfLIybcgHAZdvNfmkfF7loIGRr98sA0MT78H0wpIz0OCecY4HH2P8EP2t/wBoP4IeGLi2+H41mw0WIXlykH2OSa1Zpo3QyZkAMbJvY7scEFs5rw+L457LLaMckxNLDYuM6blKo006a5eZO6aTbtrrfydmvQyD+z4YirPMcPKdKfMkppe7JuFnNbe7Z999FqeQ6/8AszfEfw7rfjPQjpLzDwr4nvtEuL0FjDNcWk8kZmhwFJikChgcbfmGeDk8Te/BbxPp1yq3qw2jmNpMs5IkG3pzldxyoG0EgE9SefqjUP2xvHTW2qSXngwtceI7G21K/uJIkl+1agyf6VfZbJSSaQ7yFJGWOMdK+atS+OOsa9fte32n3cQR5MW62wkjXOcYY+vAbgYB4HFXllbiRwoxxCoqKjDWLTbaUVK7vfXsnpdK+pnmMct9pVlh6UnZ3Strytq9rvTR6WdrdGeE+MdJ1DSLa+ilmVEVlicI3BdSQGKjoMZGPvHO44yc+cSWSDV9KYS8zwIJDnBbAPXkcDJGPmGMY45r0Lxp4jn1s6kZLS4SKWaNpJGhKDIPyr0O0AZweDjPAABrgrxoU1PSHAKosKLyBkcYYnLABQQp2gDGMex+uoNyUHVjFy928ua6136NJO29763v0fzkl7SM1TTinGTaldNPa61e67vqesXXhKO9gtZlnYRxoHP8SkZAOFbAOMYyOo6Ve8O/CuHVtXgL3E/kbJnXYpUsyDdtGM55yC3IBxwMcVB4otbK0t4pLuEK8QRcsDgYB4Axxxhc4GeMEnNe5fC/xjpdzqGnpAYJBHaXI82RkQK5Q8EZ/FcZ56Akc8ePxdWnWXKk1KUWrLm0ukrdbLp08jpynDctOaldtrW75rSVklZa6X6beWqOStvgDpF2kNxNdTRtIxJhOFZjvwRxk5IBOckk5z8uTVzxx8NdH8MaAtxpshS4tlWEEMST5jLubHX5jj6EdznPsCa3bRtHIbqAqJGLbJIsffPyjLAgDII55PfqK4v4mapDNos0sbxSRy3EMYBkV2JVwCVCn8e3IycivMnUqTqcy+0o3SXo07LVW22s+qSWvdCXKr3al7q0e9orotbpt2+fYRb7xPY6L4PGkahcxxiKM3AM7bQQnyHYDgKD69VPzE9K+Y/FlxqN34q1dr25Mtw321jPuJl80IDtLc8qCMdBx0NfVfhOOTU7M+SGeO10uIrHtDKk4Qgqecc55xz1OegPzJ4mKtquuTxQbri21JgygYfbMVRh1BwSBkEdCc5Fe7Tl7iaT5fZpuS0vZKLWm+10+myTFCrONub4VNNxd9ouO3dt3cUkrJ6Wuz7e/ZY+AljqvgO18U3k2reZ4mt5oWazu5rZYIsuHdgrAM0mACSME85J4rN+Nfw5svBWqeGLHw5rGqwzaUJdTQ3crXTW0qvvMqSyZIU4BwAQOuMLX2x+zvG+g/BjwpZ+T+9uNGE0dqFzKhfc5dQAcgg4PAGMdcAD54/aZQXur6NFZbluZvD90Z2XaCNmSQAGJzjsQDwRjgEzTjKph7Rd0m07LV3krpNK+ul7p6PvZvzquYzWOqc02lGMeWL1Si7L3bWWrUW7O9rKx5r4s1bxV408CaxpN14g0y/Wy8OzGSRrdI7y4kkhzvjwMu54B4DHnAAxX4t6hHcxtf2wUobSWeJypKuWMrKxb5Ry2eSQARxzxj9hZdBvJtI8PHSZ3t9Tkt44pYpEIW4UL0m24DgscgMDnPTAr8x/idpn9leIvFdhJa/Z72zvZDcsV2CQySM5ZV4ZUYk7VxgAjJBArir2jaMUrJbLVt2XLZu9rdVfmavq+nvZPifayqbS5rNNLV35bJXvZx+0m02k9O3k+mW5mvtFRY5JJvt1uoAJ3SZcDanX5mPGMZAz17/Y+t+APE11p1yYfCesk3NpGvlf2dM/mIYxiXckbdRwM9Rz05HyZ4YuVh8R+HLmRkjWLXdKkkd8MoSO4Qu5BLDYFUkjpgfl/Tfovxi+DZ0DS0vfGPhaG8TR9OS53i3BDi2jG2QEBlZed5yDuUdW6+TjMxrYHllGhKspp81r3VktdFLWz1v57tafa5dlOGzdTjiKyoOkotN2SfN0TbVtN9LbWTR+EXw8+F/jTRtR+0J4Q16KK4haMqdMumfIZsSZaIrzwODxyBwcj03xh8JfiD4is7C4sPB+vzSwbt0AsJYyVwAGwEHzYGR2DHnIzX7MwfGj4QQtb+X458LTJtc/ungBCqDycKRx8vBxnk555uJ8e/hDKVSXxz4dQGRlJjmiBXLYDEAcgAYyRjggY6DzFxDX9lKEcDJxi1vzaJuLuko23fnu9U729T/UrLpVlOWZQbUbqKnFLRK2l2ntt6b6M/DbR/gV8WrWSyul8A6+Et7yCSZ2tiCo3qDuGM9G3cYAG3vmuG+N9leQ/EK7sry2lWYWlpFJC4wUlSFR5TehVhtxySRjO4nP9ECfHj4OrEbdvHvhxwwGx1mgBBIGSzDGGHULzkAdwQfxr+N/wwPjb4h+NfEVt4x0m2sbi6e80eWWZA91DkkyQgNuMYTkYJXHGSSDXRQ4hpqDjjYxwtNpKEqkuX3tLr3rXdm0lez6q1zlr8HwVRSy6p9amlacIKMmo3i02k20rJ7b9kfP9i3g+z+Hd3FrEGnrqoJuhFcKDcTGFjsht2GWAyoJAdTwRyeD5ZZ/EmaCGSz0yePTbNZg4hSIOqDhWALfMQy7iSwPTjjmuM8bLLbXzafFffaxYu0L3KO4SYBjukVTglWODknI6EZ6ctZWl3ezx2ljbz3U8siKqQgyyMX/ALqrknDHAzgAZ5OMnejUdScpU5ynCbUo3fMpK8eVRSk7WvrZavd2ODE0HBeylGMJUY8sk42bV1du1+V3u2rW7rc9Budetg2pKkwL3ykNtjC8tyz8ggEHkc7RwOhre+H3jLUPB+t2lzbmOaGR7cTIyEu0SzKzqhONpwMqQuO2c4NedXWj30Ms0X2W4EtswiuIgjNJFIv31kCgsrKQAQccZ4zk11PhfQdWutXsYUtWjndomhEysAUJAHykZO8ZGQO+TjkV6dJ1OaKu91FN63vZtN3trfa+11vo/I9jGM+aPLzKaad+rknd9t9NX1v3P0I8TfDP4n/GDxHb+N/Dnhie40e60mzS1kaQHmFFUjMjDLbxuHDY5IFF/wDsv/HjWtKFvP4cu3VpwyxPLGkaqmAvG/JODySy5wMHjj7T+Hfxs+HXwd8F+FvDnjvWv7L1ltKinW0NrI48vy8loyEYcnJyeuBkc899F+298AYYQreKLiUElAI7F+CP+AHPIx6kk4J7eRPPcxwspUaGH/dxcoJSp1HF2kkndJfyrbS+2i0+jlw7kuL9nXxOKTqzjCVSKmlyzajLZp6q6+aS0e/502H7HfxoktprGTw/JFh97M93tDcqVVNr5PbJ5wRnIzXZaX+yj8abO2ZF8PTErIgiDXanEanpkMcBgOQPmHf5gwr7OvP26/gJFP5MOrancmXyxI0Vmysozhio2jHHUjA+tS3f7fHwH0+2YRXWs3TRyL96zG9iwxhmwCSM5+YnnkEYFZrP86lblwq0W3sq2ys7aS3abvur+TB8McMXSnitXaOtWNtLaX1vo3f00tpf4S1D9jH40azqj3c/h1Ujl2AF7tQU2ljhjvG7JHJbnjPOTWjd/sY/GyaH7CNHthaOMvm7zjAwvR25XAyM57jjmvsO3/4KI/Am3QBo/EUszhxt+xIwBOD0JGMHIPfPdf4lT/gpJ8EYEEcekeIpCQcbrWEhskqM5cHAJOGGMNnByfl56uZ57N6YVw57y0pzv7zi2ndu9/J367ov+xuGKbipYqDUVbWotly2803q9LW7nxX4e/YX+Leh6zpepLpttILaZppI45pGYAFioJ3EKD3+6eCSD27Xxf8AsYfF7xZb226xt7YJcPIhaSVgQzfdKgkjHHbPBJxjB+mbP/gpJ8Jpp1g0/wALeKrq4LsscCQQncRnLAbgTtH8PzYPIOBzYuP+ClPw/wBImS2HgPxQ1yZSoQpHhmKZIALkdOo45HGKzjmnEVNOjGla6UuT2WrtZXWt2n2tfdtX31llPCc4qrUqRlypJT9pJRjZpWunpvbq9d9j4ql/4J3/ABVgCNHDbO7QnnzZAgbPuM87gACMY5xjr39p+xF8YYtMigZbS1ltbVY1BncRuoPzAgcZIOCBnAwfp9Fp/wAFRPhuXaGXwH4qaVhmSMiEEYBGMFwBz8owenpyF07X/gpJ4FvLJ7mP4Z+KniWQRqHaFjvzwqoJAWycdgDkdARVUc14ipylaja8bfw0kkrdddr2107XTRo8o4Rmo8tZXfK/4kntbzdl1S0V7a2un8LD/gn18TXuZrr7dZKDPJK8cbTucMS5UgA45znPbIIPIr1vRP2JvideiKSzv7W0+yRxJ5EjzIj7CAAU2hWU43EY9hgHj6Ib/go34WtZPKt/hH4ie4ljMix/uvMKkdkDEtkEHHJz2B4rQP8AwUPhu7Oa6tfgZ4l+y2luJby9R0WG0BfCG5YN8rMwKKW+9nGP71f2xxJSgpwoqEPdbfKrSbceWzbve77226B/YvCVT3JNzk2tFKd1bltJNXt91r69D5Ff9jT4iabeaykktnNNfXCLMEMyxhd2SANqrs43DJzjAyPul037Ffj1JY7meXTwYUjKsZHLbchlTnH3OASSQT7gY+gh/wAFFLK6kumg+E1/IiZkeTzw2GUbmBckjJHT1bjJxWZf/t8WWs3VtZw/DRopblYvLQ3ahmLENtGDjIPUcY68c4zlm/FM4xhUpz9mpJxiqUXCzabbmr7X3b366mn9i8GwlzRnF1LNNuVS7ate7Set+tkt7d192f8ABKj4gS/sV/GjxDP4s0WbU4PiqdA8EWV1ZTBY9OvbvUY4YrqYsfmjZpFU9TjjsK/sC8SxBbyORsEvawSsUOVzLGrDByBjkHAPP54/h7/Z7vfi5+2H8ZPDvw++DPw1MeveHPEPh3xLq+pyX4Wx0LSbHUIJbjULwkqG8tY2aMBeWC5BNf296nDcWdjpFjeSpPfWeh6VZ386fMtxeW1pHHcyr/0zaUMyjP3TX43xhFSzSpiZTX1maj9YgpK8WlFRbgno2rrXotdGmfq3DU6X9nUaGHi1h6PMqFSz96N9Vd6tJu1+qV7aNmMi4CkfdAyT6lhwAxPoO2CuCemDXaRlhp6DP/LEZHfK4HUHnJ9h78gVxUbL0HfIPQcjrjPXqenuema7RCg01GPUxAE5HVsbQcgEZxjpwNp5A4+WpVNW3rbrtb4WtFe976NLslq2ezXT927Wsnd79E9uy6tLbTbfKOFYcDJ+Y5GTk8jHB556cDk55NOJBx8pBGAVyMMD9M+r+hxxwBmq5fkckDHORnkY9MHjjv1HtmjzCcHP3efmAPXOAAfxzjjIOOBmt1NW5u3K1bVX0bT6eW+5yr4lby1Sl5e8m7+b107diyWQnBXIBAAIxkA8Djp0PJ5JHzZxwcfvMY5GVyDkdAAfmGeAT14PrnNVjJ8vc4HJxwACAOnqep9sZzxS7txCgjLY3ZJ9OFOQccDIHAbkgjABnnt8V/vWi0Vm+60+9X3LTty7JJK10rttrVara/8A4E1vZJzllyf7qgAjJBJ/Mn/OTnrTvlbfz275I55PXqw9D07YqpnBk2nGffOVwOmTjPPbI64OMkKrsAcE9Dk+5579T2J6n155aastW9ut73t52uu19rvrclvty2aT0jr9/Tv6df5rWR0A5AA9MA8HGCM/XrweKXJ2FdxwMKOncgZHHr14HrxVYNuHPO0ADI4z6+/TocdRx1y8MG5DL83J7YOTgjgAenXBz61aeu/Vb9NmtXe2ut7eeupFv8/n5f1+YuSTtzuckcj8ip5Ge5ByMH8amVSNw5ORweAcjOVyeMegGc89OKj2gkYbkqcAAZ/hwc5JPGfc4PQUhJBVQc4bO4cEjgfjg5Hrxn66RqJ7tu6vZrWyUV6elrrz0ZDtJWSXXvdXs9raLtbv91krgYBGSQuBwV3ZBG/qCefpzwCacQAFTA3bwOcZwP4uOvrke3sKrBv9oEqf4eMZ75zzjqTn3Ap3mcnuVG0+nc5z2+uDz1Faqfu35n99kvJu/borb+hnKm1va23a7XLe65UlbTVtfi0TkHKsSo+YuSfRRgDJ6Zz2x7DHRfvAsMDdyNoPVskcHHQYAAyfUCoPMPLZAA68ZwRknIPPTHGB9T1Cq2QDglM55OD7DBPBAwTjjofWtFNNXtdqyVlvturu3TrrvvvHLKLWy76u9unlordF+d3gH7xwflOdzegBBJGc8k7fpz7qjdud4GFPYH5mzuGcEfMfQ/VmAbvHUHg5xjk9OMg49yPY5wCKPNByMnAIOccliOmec7ceox6GtIzdrq726aKzVk99r6rS973szN3vZrq9bKz0Wi0v6dE9ra3lG7gkqCCc9QCF5Jx+oyF7Z6nMmcqCWGSWbHGQAepUEccYHXHB9zVMxKrkcZOT0IORksMflgEHnnnl6SHBBHy5IB68k5JIA9ypxg+xPWW2ryasl58q3WltNtOrd9Vvo+VaJNXlbSz0va3V6u+2y18idvnICjJHUgqAqnOTz1PqWyAMe2GYwwABy20ANySMZbHoMY3HBJOB/dFCyLhcYIIOMkjBHXHOT0BPB6qehApQc5yBhc5IBHA3DHYAA84PPCnpnIqj7JXcWkrX1aXy0aumtl11IlCUWkm1bq099Nr3ffq3uiVQM56jdy3AOF4Cjv8AKTwARk5waUMpwCMDBIYADJ3DGQCcHHIHY857VBv5AwFAOMc849M9BgEjvk8gk8NeYZIGcE5Ld8ZA6A8EHoM9DkHaCAlVT15ttNU7u/K0vNO97evmSoN2V9eVW0TVrRb30vdrr5k7EFcD5sMNw9cED2BO3GSRnGBjg1G+ORnoAoHG7JOcjGBjGSSctnGT6wmXHylv4gRjnnqMHOQ2W57L94etJvKjaXB5IyAeCcZwOe2c4OCAOo6V7dbX/B3eke/bR2to737DUJSs0r6p30122em1raWvbbW5IF5yQSAQD/dGMdT19BkZzjrkClDAAZySGyMdOuVzwTgDjrg454qFmK5X1UDIxwR2HUY4OM8ng4wARGZCSwH+zk8jGOBkjp0b1GBgZ5pe1Tvq97q3W1rde2t7vbXXU05JdLb6re2itv5WfXR7asmYKVDEEHIzjrg9FPQ4B4PscnvUaKeM/KSCQcdWbAGenT+I5AycYIOabvLEckgLyMYJY8gYzk9M5z9eeTCxbkHgDOSORlfXGe3IyO+RweIdRLpL5W7pW1fn/wAEjlvJrl1Vk9FZpcq01ttZ20t2voS8D5i287cEdACem3HCjPBIPPPbioSB0U7gc4Axz0x7Y646MSeR0BaXPBU5A+XAODkep9Bj8M9CMmmZYsSQMcBgQQQAPQHjoRxzk5JPZ8yb17dbuy91W1u3b5ed9xcr6JJvWN1otUltLq5JPvbstV3N8oBGcEsSB8p+XA44JGRwSO/FISAON2DgkE+vBxngnjJ7gUgYkdsg5GRn7xwSC2cHoc8YOevOXf3iRyGzwRgKccBfYEA49RnBJw1VTaV7fD66qNnbrsnpe11fylQcdNVre73bv1uvmn1b8rtykYzxjgckdMEYPPAyepGQD1wAGc7gqeflx8wHQnIwCBz2BAyOh5OMVWcDBAXgg5+6Q2ScdyME8EgHdkA7uhYTuyF7HBB3gepznJJ+6R1B46AEnWMk09Vto97rTRK3vXW12ul9NocLS1STvfbordLO/kmrLlv5qcs2OSAeGz2AGPTvxngEAfTFMyoByACBuGcnaeh69M4x8w6ZqMN0JPQZGQD/AMBz2PT7vov3SOG/MwOScjnaOAVAz1LD8RydvQk8UOT+S11dtFbXZX1TffTorp04pqyvdtWvZN/Db8F0u9Gr97IBAUs3zE/Kd2B0OSeg5zn5TgDGCM8OUryAQy7vQZxxxg+mD9SCec1nGRsA9g+AByWHJ4yAenbOefXonmuAcDPHU85znAwck9OTnnGOozSb0tfXXXXqlp17dUlftsEbJpvpZLW+loq9ktOllZuzs01e995AGXvkk84wOcAnj168ZI5NICm4MQASCTyCMnIOeo5AABzxxzjmqIZjhSDzkZx3H3hz0PBwx6/ngBY9wpBJBOeFPBxx27jp1PWhLs1bRauy0tpq/JeVu2yb5X2s93eO+l1fWzWt7aeerL64ypIAxuOCSDzwSTgjn1789D0k2hih4wc5OcggjucA7cHkAYzyAetUoycF2YEZwMdRt6DB7Hp19ePSypY5XOdvIyMDGeTlcjkEAqenTPFNKST1ulyttWdrOOvTdLtu77AkvLovdfTT576330H52sFOCwyf7y7ecYwO2BgYwdvOckCUDdkgHqfwwfvdRk8HkAgjOAtRZ6AjoeBwBx1Pr3474A+tLk/Lycgk4z0yeTjPU5z+HU9xTkrK99013va2v/D7K+quKUb25VZrRdN7JR+d7dkTptA47YG0E4H5ED0yAOMn+Ho3efnG4cfKNuRkDjjBxwARkgZGcetRZJGDjsGJHPT5e3Q9emCOoOOBQRtBPqpPqSTjA745Az83HHTFaxatulot/SL67rVb39G7XxcHFpdbK6WqSur3d79Utb6abNWlyWBA+ZuCARx6EDpzznqMn3JNBJyQq8jPJI6kZDeuCcjHbpnrUTKR6qScnPTK5wDnpk8ceuOM5pVJQ7i2dxyV6kAnvwTnBHfggDgHkjJeu1k79bWetr3X6bmiW112S081pfT7K06a3HhPkbJ5ODtBGASRwFGRnk59CfqSmGGR1YbU7cfeyRzlunJ9ui5pDIQAQMgHJOBnac5455yQODkn0qIsQSMcc9Se4yAe2MYI4wcYGDVqb8tW1fTy0Wqta2uv5MOWSd201dPv1Sejfzb63+Tcy54II2knqOc4OCQD0IxyQMevApgCjnbgfeboTkckY6k4btgdR6gx+Z15zhec8fTJOD64zx19acXJI5C7hyepbHfORgnJ5yDkg4JNHM7aab9L66fdv1v27WObdWsul13s7vT8lbteyZLt3DPTK5wpAwSSSSDkE9OTx3wATU8MQwCOMnB9xgYGDxk8EBc7snjrVVZcrxglefQ4JJPTuD19PQsamSUNtAIXB5JGQcjpj0ye/wA3ryBWi1Vnu0ultdN9tvVbbrZLtp2897ef4aevbxb9rnC/sq/HQgkhPBN8xKgg8pz3znGMA9cDqcZ/hj/bH0uG3174b6ikyq154OtgyBSNjRqWBPfceOcclgcnGD/dL+1gN/7KPx2IxuPg3UAPoIwST65U9DnHrjBr+GL9r+4W51b4brK4Qw+GYlyygADYe2BngHlgeR65r6XhNWzGDV7JzbVn1pW7Xd7Wto97I+d4mXNl1VJPV02m273jUTevne9rPbS1kfTP/BG6yTVf2ydBkuvNNpp3hXxFetJFN5TB0svkOchthOVxnpyOlf1r+CvA3hvQIJ9T8O+FNM0q88QXeq31/ew20K3N286FWmuJwFkkkbqGZierDBwK/il/YK8X614N/aX+GcmgXclpLrusWehXkkTbVm06/mEV3GdpGA0JwfYE4xX9wUPifSdJ0+wW+uY7ZViniV2mjVCFgK/Kd6k8DggHOD17fz59IaVWjxdgJRqTjTq5ZRUoJySqKnVmrSjopK7T966062P1bwbg63DOJjGmnKlmU/iV2pVIUndNreySsley1V9prCznt/Dfg+CSEyomru80SyfIAlw7ZYHK/KwyQBgMRuBGRX8Vf/BSAzar+2r8dby3eMQDxNAx2MH+SO1RMZ/iIxyuMjA3dgf7DNS+KGnTeHtHh8IWGoeINUtr27Igt0aK1eRXdij3EoVAvqVZmHUk1/Er+0/r994v+P8A8XNb1GIaTqF14y1GO7t1nafabe4khaMOc7wgTBweNoPcg+h9HLD1JcQ5vX5eWMMrpr4lzOc69NpqN7q/I3qknY4/G6EqWRZZGomp1MfKUdVdxhSb0Xm5dUlbT1+Zbv4XeIPEcGo+IbCS3+y2k8Fs0U8ywyyPMwUERMy5UcHO3IDZJAHPrHwYsPFngD4oeEtL07WLrR7zW/FXhS01C50PUWt5GtX1S2ZrV5I5AzpJkgplgc4GRnHoHw48LeFtT0q0vNZk1O9uW1eVriwhme2t5YLeIuhcoQCxYLkdccc8gP8AFen+H9B+L3wrn0KNLWJ/FHh7UJ0N0ZZTKurQeXG5LcMgwAMDru46j+muIJwxOWZnh5w5v9nrqSnTThJckmm1J2lqrbdFt1/BsiqVKGZZfWjUlBe3o2lByjKLdWCnqrPVNxsl0unrr/b9Y+JtG8I6fpk97cwwzW+laXGbcyLJeXDDSomeXy13O0kn3mc8MxG48kVz3wU8UeIfHHg/X7/w/pzWy3PiTU2s73U/3QKx3EkXEanlQT91uSMemRzUXgy2uD4e8TzNHc6rqmk6a8KzyMyWlu+gR5Oz7m75sg7QSeBxkV7B+zhox0z4cCJSzGXXtYJyrZJa8kcbQcYU8AAYznbxkk/5kSp0HicXFSk6kcU5czVkuWbc2krv3vd5ldLXVH971qkKeApV7KcqkKC957e57r0d3te7a/Bn8NH7X51mx/aD+LkGrXSSTwfEDXlmjh3JGkst3M7vHnOEI3DJ3buvuPEvhF8V/HXwU+JFv49+Guvr4b8T2NjPZWmqNGJikd4GSZNrkLucNuBznOMZKivq39uyG2P7TfxrSWMRRReNtUk3ELGyyCWVh12ghu/QHp3r87dfn2TJMJFSNHgLYIBIBCkgZ67SSRxg7jxzn/RnhbC4fNOC8rw+LoU8RhcZlOGp4jD1YxlSq0p0KUZ05wleLUrPRq1m1ZvU/iviLEVsFxNmOIoVJ06tLH1p0qsZSjNTVS6cXrbZNdreh7h8WPih8YfjNcQ6d8Q/HF94qW3u5L+1S8klNrbXFy255II3O1MsxIVc8sDng1wkfwoSLY+oaqiPhNzoVePaWAAAJ3b8dRjAIz0xk8QanYGxW7srh47i3s4CoMqKJZNqkkkMGwCNpwDn06A+ejxRqV7qtl5moN5bSW6Oqy4DAOoZcZ+YADknAIXjkKT6mAyqlleHpYHK8PhsDg6Ml7OhhqNOjSiuZXUKcUklft52T3XBi8wnj6ssVmOIrY3E1IxXtq03OSS0s5ybbskklo7K2z1+7fCH7P3g+5Oj3NzLcalcXcUGYDLtB3L/ALJI2nI47AYwfu15r+0v4L0nwPbeHLPQ9ISwkuNXEU7byWlwyhVYnKgA9+TgnrnNe6+H/id4U8D6RpNzPO91qFvFCWWFTIceX8qfN02knocn5vavn/48/FHTPHi6bfjTLvyNG1UXTtISDcM7BgoXgIq8gjAyODgHdX0uLq4pUoxsuWNJX10d4rtdN327b97eNhIUPaxc2o81SLtporpNWXlrps10ufu9/wAEefBerax8G7y7uZLeFrX4gXgjiaOOSVxvjwFEnGAQMgHjqOQpr9o/2l/D89p+z18aDcXf+kf8K61P7M6w4ZJRAxRlIHyMGGQwbqS3Q8/i9/wRr8beJPFvwn1nTtEi0rRdN0/xtdztfzEzXZNyRhBEy4YpjjjnAGBgrX7PftPeH9Xf9nT4t3N34lvLtj8P9UaTyrdYY5Y/JwY8LnZnhc5OCBjHG7/MHxKo38X8XLEVIc7zfCzVNSUnCMqtBrn93Rt2subXayu7f27ltWEuCclpUMXRjReXOEFJSc5NRldK0Wou+l203b5r/PS8XeIvHUGrXVg3ibXHEkszMpvZiiRrdSgIAmeAB0wC3PI24rT0y/8AGV3ax2ser6/KDNEEUXtwIhIRwAGIwCSQoUZ6E81J4wurXTPE17DFAzSEzsfMkDnPnS87ucHgkFc8+xyM3T/iPdWUsNusUVuonj/eIEYsC4GTuHBA5XIzgjjkEf6f5Tl+CnlOFnOFNylhqTilCNtacGl0Xnfb8GfwtmmNxNLM8VTU5yUcRUTak3ZKpvq1v692fVXw5fxD9knXUpNSupVSZDLezzShAEbATcGHUEk5xzhRnmvn/wCNd211BoNtJceX5ct84ZlVVUliCFJ6DAwDxzlfr9V+CfE0+oaUyoEffA5Mu0DzFMRx0HBU4xgnnjpivz5/aP1a4gGhuk7MVlvxsyQQA7Ng9Ad2Bx0/NSPksRhqcswdKEFGKlZJq1r6N6aaN3tdvts0faYLE1KeVyqScm+SLe7s7x3auuuru3u33PMNQstElV43vnll3FmQjedxY7jwxAJz1B64HaueurXTLd8NbyGDYS8jYQsAwAIBPU44/wBrp0JrzjRtX1C41S2hUl3nmyFVck5bIU9CRnk5JwOoIHy+ieJ7HxDJZrO2nSvGrbGdIyCFx/EAOg9exwQOQa9GNCFKUYOokpJ9d2nHZa2Su72W68kfO4rHttNqN21u2pNe7s293fWy12e2vO6lrRVWtbLNrbkBRHCR5jjkfM45UgHJHPHB6irnhTQxqd1L8oZVUPIWIBwR/Fwc85HfJBzycniktppLlI3iliYEblcSA53D5gD2J747ZXHQfQXgfSvsdndN5L/apIQyA8KAQMFskADuAAecnI5FdcadNQag9rtK91dJdNddLO+i962yOd1nK0pJO7Ub3a6Rs0/OzWys1daWNXRdLsLOWJTCu5QpLHBUBZMk9fT1OTwBzivfPgNq2n6DrHim+nEbxzBREVUAIquMMq4xuIBA9+2a+fbTSbu5W5eSdlIWYLGmcKVGWGckAY6nIIBz05r1X4VWD/2TqjsSJGkMZLNkEKAACTg53fxEZJyM5zXNU1gnFu6atbZWasr7bN6XT7dzHFTapO+7srdd1Ztv17r77o9g0/xJbXPiy7uRInl3EkwQeWBsQlsZBHUjJ5xn5uPvCv0i/YV+KMem6vqXgM21vqFp4k1i0kuGlhG6KOGcFUVghOwsMAA478nOfyY0qH7LrIZhnDylnJwBgvg88Y5wcZOfmJwcV9C/Afx/feAPiDp3iKzl3RW2rWUk8IUMJIRcxFlIPVcD+8Bn5iMkivOqxhKSlZSXRXvK9lJXvZ9vS1tHZHg5oqlXBqFOTjFwu3zNOKtG/fTdW1vfZ9e4/av0W50r43/FB7myksg/iKQQxshVXhkiLxFQwHylXABGc/ln5B0a336xZK8bRh5mU7TjPLcAcdSQAevAI9K/Sj/gol4l0vxN8ZoNU0qe0mtdd8J6BrMzWionlXU1jDvhlCjHmISVOcsCMkjmvzp8PXPm6/ah1Zo4bls4UZIJJXnOGHHGB0Dcc8ezl3PUwtP2i5ZPdJX1912t06d+ivqeJVqtUoxUnJezjGLs3eygpa9b6u936JaF7xJZBNZk+86JCmVY5KnGAHGQDzzz1Iz2zVG30ia+g8iCJy0eq6VNLgE7Y/t0QBPGTknnIBwO4Ir0jxHpT39480MTpLLaF8lcAqpJXPzHHAz0yCOQMmvVvhr8JdR1TwX418VSSuINM/sERyBQY2d9TtVZGJydxU9gc8rg4BHw/FmPo5fhsU61RxUouK6Xckklbu20rK1vmj9a4FyzFZlUy/2MHNRUJy0dkouMm9tXo9d07NLv/dx8Brdov2dvhBFg/u/hf4PQbRjBGmQZUg9sg/Pg/NxzyT28o+WPgg7MHPy524x35wMde3U5ArB+D8cVj8C/hJDcSrCq/DbwspMnCALpsHLEgDkjOBg4J4yeOV8b/Gz4V+BIJJvE3jLw7pccCO0jXWqWcEgCHBPlvKjnqOxJ4AB5x/lln2XYnH51jnhcPWrTnjMS1yU5SfvVrrZNLy0fXc/urJJRp4OlGa+GnCN5aJcqgndtpXTVunzOU/aMLL8BvjYoABf4da1GGHOT9kk6kAgdONw6HbX8I3j2BYrK0W64a4tLVgm776LNICPl5BOQc4znAO7PP9Vn7TP/AAUu/Z21HwF8Sfh14IvdU8ca7rfhTUtOV/DVpLqcUDSxMsk0xtkkAhhXJ3ttTqAcdP5P/Ffxv8I2t7bQ6N8OdU8U3thZNBa3/iV3020fDuXcW8WRIiMSR5gGVHXk1/Vv0csmzLKcLmlPF4OpSdavTlTjJWlKNt2m1ZK/V69NEfknjDTw+Lw+E/f0qShKUqkpO62hH3V0uk9NOndGRZ+BG1ITzaZpt/fTyhHiFrBJNsJUEchdgJ7HpgDB25B77RvgTqhA1PxTd6N4R0iS1kW5ute1C2im8tl/eeXA0u9X2Z6KScjgA5ryHU/jP8ZNWs/Js9a0XwVp7qFSz8N6dDFdQw7cbDdqokLBQVL4DHJPXDV5X4j0+bU9Pu7vxL4i13xHOtpPNv1HUbmWMS4OGSIybQpI4+UAnjA7/wBX08LmNbljGSoRb0a5nOK92/8Adutt/wAFp/Oqq5NhKkZNSxVSLTtdKm2ntve19LW3+TPtS1+KH7F/wU0e1tpNSk+IviCxWQtBo9u9xD5xJLKpkj2YDjAOcHnGM4rn3/4KHaiqtY/Cf4L6XpMEpZE1LWV/0hFOQjsqqV3MQD5ZYcdDnp+cXhjw7p93pvmSrFHJI84SRQNwVXOAWzngY4PJ7kDivpDwfo9lZ2dlAbUSKGVmcgfP1O7JHQjB6kjk9jiqnDmHkvaYypXxMrXtUqz5W7raMeVJddmlc3/1uxFG1HBYahg4K3wUo89vdTfPJXu7btvvrZneeKP2i/2nvHbk3vi9vD2muSn2PQ7RbXYmflCzKFc43MNxBHBO4Ac/P/j3w/rusaXqt34i1fWtcu5Yo2WTU9QnuUyxyxdJHZT3wMEKQMdFx9J3VzHHC9usaqSuIUKodhIz1GAe5wB25ya838VgyaRqKyly4SHEe3qNxHA56cgdyAT1zjpwmAwlBr2OFpU7aXUIqTta15Wvd+qt5o8fGZ1j8ZNKvjatS7d06kkktHZxV+1rdez2fI/DvT7bTrN7W2tLeJYo7cM2wbx8is2WPcncSSc44AI3Y9ksbe0VHjcKzbXLbsFSSCQQCOG7YAGPzJ5nR9HWys55Vyz3FnbS429G8tVwSCDkck7Rk9BnrWnBBcW6wSMyjzTlt3U8kAEHjGeOeBkHnJNe5yQ9zmajy26ctteXe1tE7Xvtd2Wkjy4VZtzSfMrtpq70vHfXV9lqvLdF+y0q2uI7uVo0XY6sgJA2hWOGUdcsMHtzjrzXr3w/kVviR8LjEF32q60xlI+Rt1qeCWUAdcZJIzk4rzjQNNvr24uIILW5nkdSzJHCz7hgbQuBjLZ5IHOcgdQPoz4ZeCvEH/CdeAftdjFZKkGsSsL4pbCKA2jHzPMl8tSWUcZfodwzk187xJiqNPLsTH2kZP2E7RUrt2WsbJ7r13tbR2Xt5FhcXXx+HdOlNx9pBNuErK81Z9lZ3V+z62PWrvSp4L28vZmczakZHePmSNgD8ihuvPv2I6YNbGiW91fxxQyWUka20TsHjUqOMgFyABnA/vEnG48GvQrx/hloVzb3Hif4h6FbbI3X7HBeQ3l0jMWBAgtmklyM4A2Zzxjd1bafFv4ZQzR6f4S8I/EP4gTRh/JbQfDl4ttPISQoe4uookMZBGctg4HOc4/nnEY+TcVSw3LrZynFQV007uUtLN2u+i3Vj9zwHDGNqtSnO8ZNWScpt6xt7seZ730S3Wvc8y1TQmea21d9OkjMUc1uZyinzXAKoAecg5zkEg5+tedat4N1bUvGugHT9NlluLfSLma5O1ikcMmdrKccBv5gDIBr3nxJ4j/aH8RabJH4P/Zvk8M6ckohg1fxhfR2/kmZvlla1UthirZ2sMk/UUaJ+y/+034+1EXvjz4maL4Js4baO3Nv4S0+P7f9ndd3ltONpKqu1Q24AkBgAOB7eW8QxwGGU8XjMFSST9xVlVnd8tmoU+Z30b0stboMT4f4rG4iEaWExdRtq0lRcIJvlv71RJ9E9l2u9z58PwwvNN1K61TVb3S9JsZokYpfX0MJbb8zKwkcBSSDkc4AyM8kyar4j+CPh+3i/wCEh8c2smoxyK5stKL3TDacKiC1WTJ9CPTOCACfsvTP2Bfhokjv408ReMPG88YzNPqOqXMVtKSN2PIjk2AMeRgcE46Yr1zw7+zH8FPCVukmh/CzSGaNS/2/UrOO7fCrwRPcHOd3AJIAPIzya4Md4iZfeMKVXE4memlCmqcXa20pNyv2slu9XY+ky3whrQSq16VClFq79vNya2SfLGydn0vd3e61Py6j+M/he6ubq38EfC3xd4xupITHDcyaXdW9rJGV2AtJJErAPnG5c8HI6ivrHwv+0r/wUm1XwXoXgXwNYxfCfwLpCtFpEMskdpPZwPyN11Cy3bOFXdyCVI6kdfZ/EniXwP4L8bWh1bW/CnhjT7PQ5WNjDeadbqreYFDTxI4YEADAAZucBTwG8L+IH7cH7PnhSVEfx4mvvHJmSz0SN7hyyMVZBIUEZzjIAb25AJr5zM6lTiiOHjLhpZjGEo16LxlKriY0pyaipKMlGCaXVprZW3Z9Tl2UZTw06kq2cYfC68tWNL2FNSSs7Ne9J7vt5+WZd/BH4/8Aji5u7/4qfHe5eS9kF1eHSU+23csz53l7udvM34JUPnIznnBrXsv2VPhdA1vdeIrzxL4vuocM02v65dvbEkgn/RFd0BY84K/KMhhwTXzR4w/4KbeB4ZXTwZ4A1XUkKMiXOrTLZoWxjOIjkrnkjBJ557j5s8Sf8FCvi1rSPFoem6F4cRmOx4Yvt0oByBjzVwSuQAc9wSF5z24XhDimsl7PD4TK6V1pTpUMPdWikn7OPNa2ybv32aLxXF/COGdlVr5jV6JOpUSemiVR8qulZKNltY/WnT/hr8O/DUwfSvCGgWSRrlJ7fSoJ5UAHDG4ljzuXOWLHgsehPHiPxm1LS9M1rwRs1SCJIb25mYC4trddNCg7WMasoG7qS2OWGNxBx+R+p/tK/GrxIJhqHjjWo0uGJeOxP2GNAT6RsoAGRggMeOoGSPOJtU8V+JfON5rOsaxdSyHObm7vJnJJwqiMu4ySOQOT07GvrOHeF6uUZhQx2ZZtTnKlJydPmk4p2UbOUpJWtronre+id/kOIOMKebYDEYHLcnnGFaPKqnJqrcrbsk99Fa9nf7v10l+JPh0uftXjDSraBS+PNu4GdmBJJJDHOeGLADoc7jkjAuPjD8Mbcbb/AMe6WwGWxFISdwIxwnBxgdCTk7R1zX5Z/wDClvjZrOkX2p6P8MfHeqadpFvJe3+oJousNbQW0YyZnneARiML8xcMQQCOQMj50EfiW5mlSCzmLRNIsjENuDodrK+SMFHBHOCCCQSF4/bMszXA45uOFr0cRKklGao1YTlFtRtGai7q+ttm11dtPxPMMPicFCNTF0atKEv+fkXG793q9OydrX03dm/22u/2lvg1pm5G8XrdBccW8DFuDggsy9xuznkjjgnNcnqf7Y3wY03JtW1fUZBuAKxhVORkkAjgA/L0z17Zx+Nj6Z4qlBJRkPY5IyVOCMdDjoMHnuCMmsmTSdcMrCWUoQGyC+M+2eCe3GeuTjIr3oOUdVTabS0cnbWzXXW9raWvbq7nzrx65tJwsnda6tXVldNN7/y9r+X65X/7c/w6ggxb+H9TlA3FTJOFcnqM4YkDJ4JHHYjmuCvP2/dAt8/ZfBjPuPDXF24bIzllKsflACnBIfPYjGfyuvNH1CMh3kJUhgpDEgn16nDdh1H0way/7HuifMdwEKnksfmzzwc4BJxnk5HoRg9EKuIUbKC2Vtu6ba0e6d/n625KuKXM5ucbK1rtXburPbZrfq/S6P0x1v8A4KC3e2WO08IaUiyxOgdriZmy4K7jjI3qSPl7fXG7x20/bm8aaNaR6fZaXo+1DcNFK4LuFmkkkKkYwSm4gFmJZV+mfimXSZFUku5BGSUOVU8/L29ByOSc9MVysFm1xdSx5KmNmO7d8xAJwAOFORx0HJGQQMU1VxOjUnGV1y2aaW19d9Lf115frUJSbUo7p3WsU9Lad3e/5an3hqH7dnxWuUCQ3WlWoyceTZoWxnIUnlSAB+mQOgrgtT/bE+K+oCQP4hMCyldywWqqnykL0GAfxzxxjJAr5qi0MF4xlycZbf8ALhjxyxIBAx/e4A6mtKDw3FI5B5YEDIPy4zyCT6gHGM9zjqa6YrHTV1UnZa35teluqemulvwbOSrjqVN2dVadFa9k4qydna26vrbT19UuP2mPihfgiTxbfqmVJMeUbI5VlKtx83APOQB05JwL346fES+bFx4x15wwA8sXkwUbehADjIGM8ehHqDzieGrYbzJCwbB+YHCnAPBJU4zwVHHIPOQMsl0GCEbhGp4BByCUDMM5HOe46diRjGKtYbFSSbqNO97Xd7+6tHZW318l1OOWc0nJpuT1Svbvy+e1rtPa2/QkvPib4uuywbxFrUzEnk31wE75GA3HPy+xIzyax5vF/iS52+dfalMScBnublvu5A5yfw6HjJHca+m2kUd7BF5CSxyzJvygOFJwBnHTdgE7uWB9xXt0vg9k+x22n6YLm5mhaZALcN5JYkBcruB3KeM99vvnT6nVjrKo13d2nqk+/bf5baXj+1afMlCDcm1pZWWsXrrtv09Wz5ll1jXpS6+bOS2CdzSkgDHJZyo6ZOSAOp64qoLrWZDsZ3bBADEEFc8n5ieOmOQBx1HFfemseGdBT4c3EEnhuKx1eOIC4ubqJVkknIGDA+CTtwQUzjOM46H5dudFe2RFHzBgOqKMkNgZOAMKCMkA9D7AuOAlVjzKrLlTejuukXf9Gt7a+mrzSMZRjOFnJRaV32grLXpd30a1fQ8h8/UjPJGrytMrfKNzMSCcEA8cHjp0zg4A50xp+s3HlAiYnap5MnfkjlRhWJHQZ6AjnNb1raRR65LvTBjCrwMZwdpIHHOe3OMAnnBPq0ZSKKNgFRRGoxtVmdscEBSpBDZJxgA8ZxWtDJ3VjKTm5e8tF1tb8F8rX+/mx2bxw1rR+KKa95N68ru9Vfp5q266+Jx6Fq5Vy5kVSSVyz/Ng8cdzyOBn8M4qwvh/UMtGzSAkhSG38cHJPH8zn1AyK9qCQrGjkhiCpO4AEZJICrz2JBByB6c0wTIszgBW3OB8yAZwfvYxwMDPcMSQ2TtrvhkVNJOST6b+as/1evqrb+M+JJ86jCEdVvvdWT1136qy79jx+Hwldzb8EblxjJ5LEEYUEDJOSMYzgY9AbyeCLxQqyExsRnBEnTBx754Oc8YwQeMH1ZmTcJERF2SqeRhm57LnHGME5xnqTxVu+1uTCBlhLCIorFVBAJ+XdheuT0455+Y5p/2PQtf2d1pdpar4dNdXdX6dNOlpWf4md+TlT06aKyi01ZLp56X82eRL4NvArthmjUZDIJN+MZyBgqc8AZ9+vBpI/C87SbEt5GK4IBicnjryBlieMqcDrgDv6fb+Ipos/Ln5DuBjXYQeBkEehKjgk9OSMi/D4qmUgiGFcqQT5ahsYwOcEHI7fdyoPWoeV0Ek1BtaNbN6qLvd27rftr1NKWcYuekmt9XpHXRXS7u2u61u9zjtP8Dgwiae1m3zthBjAHfJXPAYnv07jAzXD+JdISx1u3ssKrfKGRACSTzjA4Gefu4wfXBr2q48Z3pi2RRxYUnc5XnnkKQOBjHRQe2RzgeQ+I7t7/XbW8aPZJgc9Gxnl+c4J478468k152IwcIpOMdLpKyWl7K/3v8Arp7eDx0qylz7xjdN7bpva21ujb3vrc0ofBVxNEkgRFXZkIG/ed8lgx5ODnbjBzyMiq8vhZ45XUhDtXlmZRgNgYA3Hk98naByvINbcWo6jMCm8hlQAsm7gcHO5RxxxjBJGMEg1AWumYk5cOQNzKWIx67gSOTx0HUAYxjWOWyktE/LR9baXV/u+dzKWaJc3vWafk01pe1m77bN3037WtC8PWVvdx72hVioYucHyyhPAOSCxODzznoetdg3h+0upXEFxEY0O92UKuOeVBHc4OcN0xkZyK4ZYrgOWIOMZBwQQRjA6deOnORnjANXbS8urSNvLY7m8zzMqSGG3KgDHcnOO3PQmoqZPNWai0n1advsuz0WvR312t2VUs1pzT5lzba3Sd/d0ezatfp6W1NbXdI0mwhRllRriUH92SGzwAMknuAcEkDJODngclElipZS8TjC85IKnB+VcgjAPBAX0weQKz9Ra7nlVpGLkseuflBOfl7AAYHrnIzgGqhgZAoDA5bJ6gqSBnDdQOvXjGOARzMcvSVpWeyv32trb02+/Rmk8XUlyuCaVr2elr8rta9++qe/Y6wz6faozI6M5x8u3cCAM4yTjOTk4AG3HXOBFBqdhK77kI2jAV1VckDg8kcnjGSd3cnpWCyIoYmXa42gcZXDZzgdxyDx7kZzVZreMuMShcn72c4wOoXucngLjccKcGtXg6UEk7a97KzVruz37apN7aK5i8RUa97mutrJp9PNtpvyv7v97TR12S1eynCEE7chAqZBC4HzAc4zjnaegJJxWP4LdYkvYpAGVsFQoXvlQcn8m7cnADZzLeQ74JFQyO8ilQBHJkADkkAYHtjjsOAAW+FrS5jF0y29zKzjoLaVlK5Ib5gh2npjkcE8Y4GlHDxjUjZrla0b26Pr0326opVK9SlO90vdXVdlZabtPXVdbdb+kaeU85FDhcldoKrtZSR8nTHf3wMZGQc6+r2oIWUKN5LKwwpTBUknqenHbuMLjk4dlpereZEyaTqUgYR7UW0umYKSMMgEZDDkc7vQ5K8V36+F/FOoCPyvDessCrEbbK4+ZlyCTlABkjrjDE9q9Wjh6Uqb5pJa2i+lvds7PbTrZq2y1Pn8V9ajfljJ630bf8r0VnbRNO2y6NM8zht1jDbkLeYCSAoYAkkg88jPHy4HYkHvqDTGaCFiDvZsDcDgA9V77evbIx2I6ej23wy8cXS+dH4T1cIdqY+zSJgjHzEFQduRnGAQOpB6dlZ/B34mXlupt/COosEblmUDcOxwduDnJ5BPfnII2pYOirOVSKS2Tas9t3e7u0reXe1zj5cZKPuUJt3Vkk3a9lsknb7+r0vr4RcaUYnWMFi2FGCSRhtu7DcenBOMlsL1FWl06V2KABFG04wRzjHJJxk5ORgZ5G09T7zH8BfibdfvJNGEJyqhbm4hQgZPJUvkDgAHBGO/JFbtt+z142dSb3UNFsW8wgC5vYl+XPAyWwG5647joTirccJTu5TitdbNO70srttdU77+j0MXgszqJJUJqz2lG19la73s9rWad21oz5puNPkt8uGIRRt24/v+g54JJznjByOck4dy9zAyBdyAIuxdpySexyOCT1HHOBkDIr7Cuv2eJogzav458K2eIw5P9oxuVKjoQCSQueeisvHHWsa5+EXw7sTHdan8WNDZgSHghZZCNowCmOOnBO3I47ZNc9f6tOm+ScU009XZ2Tjbtrprp230R6OCyzHualUp2jo05O7vpsknfo+3WzPjzxFLcTaYwcsuHVwMfIvPbkLgnkjpzwe1fWX7M+jS6n4etooY98zaksKuBnDkAsVODgkfxY5J71zPivwX8GItLEKfEB7iaacKyW8YfYm/lsbuhBO0DIA4Yhq9Z+Evjj4TfCJ7dNJ8VXGqLADdgzwZTz2A+QL8yjYTgAZBznaCAa8zDVYYfFOrKSlBw5fd3tJxe1l2300VmtUz6DEZXWxOEhRTin7SMnd2snbTye/ldLufpLp2kPZ6fb2jJ5b29vFEX2j5nwA4G7OWJOcH5unGMipY7ArJvCPuCFdrKWbnGSARwSQflzgAE4xgn4q1T9szS2edILqedZyoRreyXcgydpU7eo7jI3HAIyDnkdT/AGq71lxpk+tXBdgT59vHABkfMOGJxnIGT2xx39eGPozXutvq7dI6RSa0u/8AgqzbTPJnkVWLbdWEUtOmy5Vu2l07Wt0Pv+XT5WkAEYCBCDlcHIHUALjJ6cHnkn0qi1qsRUyvGEIJ2u/zbsYXJ3YHYEc59Tha+HPDvxa+JXi2cxaHZXt2uwyPJNdFBEW+bBAYKAOwJHsOzdsvhL4+6sis0UFvHOd4M+pyAbOSGG3JUDPJHTHQ8mtqeOVrKlOTs7aaWvFWfya7Xsrt2MXk8pNP6xDe8ra3+Hv01vqk212PqmaO2QEvd22EUFg1wmSvUYCnIK9cdeevYQLeaZErFr+yBKg73njbJzzuG4D7o79uSCMY+ZI/hB8aLzcbrxBo1srN8x86Zzt4C53Hgr1/iJ5HXBq5D8A/iDMypqHjnTlZnOzyU3ALyADjAyB2J9egIITx1Vu8cNJttb6X2W1tNn6dDWOUYeN3OupfDZJrry977dvJ6an0WPEXhxNyXGsWMe07ZFRwflBHIIJwAecjG0DvzlU8a+BVWUzeIbJURgCNm2XHPIHGRznjO7GAMbq8CT9nHU55CLnx/Osqna/2W3CbhnrnJJBAJwCOCCc9BOv7MGlXTotz4y1uUhjuKqFX1BJD/wAR5BAzwDis1isW3eNCCaaSUns9L6ySet+mtk9e2kcrwcWnKrdRWu9r+7rrazfm9bLobvxk8beB734d+LrLTfENpPd3GmypFGysC8jKwSOP7vzNkZA6A885z4h+xd8W/Dnw0+GGvaXr8E89zd+Inu4o4Su1UETKWkViMBePmwuOnfnU+Mf7PfhPwr8PtZ1q21HWLjULPaYTPPIYWYkLvaLdtwSMgnA3HPSsf9jj4LeDviD4P8Sar4qivJ7uy1j7LAY7qWCPyNpdg6KcZY4AGDt6E85HJXxGKjXpznGPPGDWjd7ScU1v1fzS7WO6hgMF7OdO8pU5tOWnVWaelm03e1lo30sfT2qftQ+AJg4hsJRkKpZpogwAwDkbxnbyT2688iuauv2qvBabooNKknZVCqfNUbgMHkA9TnBH8Qr2TT/2cPgzpZa5n8JC5ZNpDXNxLICp4yATznI4PDAnjFdlpfw1+EmneZLF8P8AQJCcLGstvFKyJk7XcsgIOCQxOTjHDVmsbiXFvVNWtFJt2fLrrZaNL1u1fe9Ry3L4TVqa1Svfmb6WaT1vba3Trpc+Ubn9rawdohp3h2Vyo2AlpDyO427htbJ+92AA9Rk3n7UfiC4ZRZ+DJXC8RvFbXjK7Nk5BEOGBGOMnDdCBxX3FB4Q8FWV1GqeEfCVtHKxePGl2z4X+Ffu8Eg4Xp6+x9iS08Gx6fawwaPoFq6xIf3ek2yNEflGVYRjjPBLHjpnBIXjxGYY6nZ83xfZ9mrX00u3re71130PQoZZl83yqKSTVk7LblaWrTs3o3azu91Y/LV/2h/iZdKPsHga7jxH8u3Tb4nB5OP8AR8BcEnGemOoHECfGT46XwK2vgXVYFCHbJHpk4xnncVMQBBABAJ79RX6s2tz4fXzAkFokm4RI6WcKJgdwCoz1xnPHbJAwkms2kIl8qSEpAiqGSCAbwOqYUAc8ZGBnGWFcf1/G1FFc8ru1/dWl+Xa17+rfe/Y7fqODpwbahotFdX6fde+lk+iR+Vi+P/2kdQMCQeGNeQKQoIshCw3k4J3bcjg8HJUY5552I7f9qXVDKsekatbRSLlDJJBFg9z94ZIJBIIOBk5xk1+h093LNNLcB2AkHmRAeWqoNrcHGBnk8DjABHThI5TLFhC5ZVJcNIF3txkoN3HJPXcPrwK6l9ZaUniJO616XvypLa/TVdPkcclgoqyowbSavf8Aw32X3Wv5eXwA3w8/acvrSMutxHctLmMSapsKkDjhZCoOeOmB3ALc/GHg/wALfE3VP2hH8N2cjp4+l15rSWZ7jc8l2mfM2ykgDHG45xyMkV+7VjEs89smHys6mZncqqtzjB9c5GMnBzxjNfld8K38r/goApCbvK8cX6glsKTsbALHr3OeeSD6YJuVJ05SqVJe9zOztoknra2jVt++972ylGjUjJQpxjeKi9NHLz5m9EmvJvrszqv2xfB+seKfij4maxSO2kiNsJZ3nMDNGACiGPoMc5ORnPrivhTVPBWueHY7lLi7tG3qrA29yHfDdQwDEndx+ucjgfen7VviU2HjCS7kUTjU/DWnXkrBsPcTzCQNIzcH5dqnGCMEdK/OXVr+5u5ZJhLtaRvMaMyMyqm4nywCSDtG0Hg7j83TOPjcPhq1PC0Y88eTlXLFq0tFu7J3vdK10213SPpcdjMHXqzlDWre0pJtczSVm1Z3vfVqSbt20dKSzkWKzLgho7hCT5hK4LcEKOhPORntkdcV9k/DVMfCP4iTlWR0ikaNlznIjOMYHJHGTt5xng8n4he7uWuEeOdUPmIGAHy5UgYwcqeC2eMnjPTJ+6fhOzn4RfEOTzEcwwM7K3Kk7SQSp4GcgnjjOMcV6OHSp8z292ytFXlbTVN7db20bXZM5afLUhNKT+xfqlZ2u1e9tHvZaK22nxH/AGrqCH5IZ1kaXDSiSfeNjMc4OVGFwMkZGSe4Ney+Af2lvjZ8I7a8s/hn8RvGvgRNQlD6kPDmr3djHfOF2h544iodnBILkEkdxkiuB/4SWAEObIgRllYCNMMMnLcdGPptXIznk4KDxZpARS1gCyuTJuhjO4ngAHspA4C7hx1BPPFVwmHxFJwq0oSjNpuEoxcXrGzs01e6Tul+atrSlKlaUKsotLdSemyvG9r2b12a1ep6z8E9f1bxJ441XXtd1C4vdV1DVFvr28upHlubi8uXZp7q4kky0k0zMzSM2WYsTjiqXiTUtRh8aeJ0+3XKWi6rMTHFcsgJLEKcDlicDaxPDYwcVP8AAW5h1LxkfIthCJdStcqFGAhfJDKoAIx6c9eR27fxTa+GovGOv2l81st1/asglZyVJG4noRjr2OeevtphocqcYpRjCyUVskmlZaNWS6fpZhiZNU6cuZtt3d3rJuSS1ae903fXV9DM1HxNqGraBpVpq13eXcdnHJDZyXcrSmCEAsI4zJyqH0wQRyRk4PNLdJe39lAjqfLmtto+XPzSKmWyc5wemTgjrgZra8azaHbaLG+nTQyNHLsVIpdxCHBOADyAeRjByOuRx574bv7P+3bKEgl5JLUhiQNmJlZiSSSdoAA64zjsWrerLmpyaSUrau1tb2Xna6Wr1Vt0tF5+HjL65SfO5Lnp+9KV7r3Wldt/LrZ9FqfUnxCW3TxCIbq7jtox4XsNs0gUAFY0B9e5yCSQSMjpz2P7Oz+FbzxL4i0jxD4hsbS0tPDt3f6aLlUNvc3y27bArk5UqF38ZJwO5xXnnx21jwzp2sW0OrRXDXF34XsBZtaruRfkQ7nJK44XGASTk84NeL+A/iD4R8MeIxrF/ocmsacNOurNrKWWRCJp4HhS4GM5ClwdvIIAAwteVi/eoQ5E+bljdK+uqTj02ta99Ue1XpRqYtymklaN9Hb4Yp+9Z2Vt9tdXfY3vHCWN/wCP52tnjmVJrRRPEVMUhWZQHQgZAYEYIySAAA3Ar6i+OHhTTbrwDpmp3LzNLpUOlxRJFjKrcWiu7Ek5JBY+uQcYyDu+PtR1XwtdarBqekX00i3Qt3mtZIRB9nl+0KUgjbPzqigAs3zcdDxX038ZvHejWHhLSNHvPNW51zTbC4gcAsiLbW6xZYkgZO0AkHuRjjnkqOoqcLJ3bjzJq2i1872dlsr220R7uHjFYecYtbaOPpta/drVWV1p1Pi/XNOj0+OC5jLCKZ3KI7ZkVcsFBI55xkHIPHHfF74ZyrN4y0ZFPKTMynJ3BvvHPXIHbrluveqmv61pmp2kEMLBTEeZZFwcgbOg4JIOeh65x1yngCIW3i3RZoZospcQeaWPRGkAJ65AKlgcdMEA5C4wlZptatLbe12t01f73uv/AAKcNzc6u3pJJp9uaO19kt0+ul1oj+z39jbVPDHhf4DfD268VxGWHXYL60E148b6epc7YzdQuWWRYi25WKnGD2wa+ef2ZfEnwH+HP7dfxEu/HXirwra+FLy2vrXSrzV7aF9Gg1e5kErKjODEhcgrGAAQAAVJO0+pfsk3vwT8T/A7wto3j/xromlXeipfSWml3erxW0k52fICksiKPNZvkK5OOSAcY/Oz4ufAb4aeKP2stK8I32vHTfhd4pu7Ce81fR7+G6S1v5nKRqLtZ1BlMpQuGcYVT0AIr+K8RhK9TinxDy/Gf2nhcFiqWKn7WNKpNRjGfPKeHcl787JtRi0pJtJuzP6Kwsqc8pyGpQeHrYinGlFwcoLWUIRtKTv1b6NppXbSP1H/AOCpcn7NPiT9k7WPFfwwufhdf+KYPFmls974dOmJrs2GxMNlq32hoHGGOYwuevOCP5rPjL4u8VeENL+H9x4f1/VtES+O+ZtKv7i2LsoXBfyyoIB+4CCTnlQTmv1y/ar/AOCTui/s5fBnxT8dtA+L2o+LNJ0vU7WV/DQgMunSWF20ckM4uY7iWF5o1IWRTyGKhiSDX5G/tIWv2/wH8M9UtLaQmS/kjUICNsb7OGUY2qAR3ztwD6V+q+EOCymHCuKw2Ex9fOKFPF15OWPw8qc4SnCn+6lSqOatGyaasneWiR8hxjiMV/aNCcqMcNN0YRXsZqSaUo+8mlG19krbJ730/TD4etaeJvhR4T1TxNDdazeXWlWstxqGpMbqad2VsmV5M78hOMljgj6N8b/tSeENAttM/tey0y3tb+U25inht1hUQmQK7SRqOdwAU4yAeBnof0d+BXgg6r8IvhzDJIHSTQLUvGpCjasZJOOSvzHJHIGCTyBj5y/a08Hxab4W1V7iyYm0utOt4ZG5BiklG5QW7NjtxxkdM1+bZHnlbC8bxwkKs40pZpUgqcJNUlH2nwcqfLZJpJKy0S6ae7isDCtkrryp3l9WTTmteZQTttvrdXe7d29j82fjlbSP4Q8IW8bMZhYWYQgmOMhkyQSSMY6DH3ScnAxXj/w+8L6tMl3NPHCYFWRFMkytudQd7IQcZBwenPQHnFe0ftO7Lfw/4UeJXjjjt7SJVTjLKnzA4wOBjOM4+7kDO7xj4SamTb6srGYqi5QSMzBGcfvGQcqTgDjOOhOK/rivXkqNJ2UW4ws7bp2V9U1drfX89PyNRi6nLJXkm7Py5rO2m2r2e/lodjZQPDNp+XA2atGoB25GD1HBI67eFXp8pGcn678UwlfgZq6F+RqELcAEkNzjHXnocjAwCcAmvkW1uVllsMoR/wATVMEgMclgQeeuecg9OckKCR9heIJYZfgvrSvjY9zEwIA4wo+8cDG4/KoBzzg45I0kufBzt1UXpbayjfVryslpawqaSxK1cvh1v5rZPuul+t3sfEqW6siuGwNoU5QZyeoAIyevJ47c4xXU+HNPiOuaKwcq7SMeNoAwRwM4AByc+2ccdcWJ4SjB0I+5jA+bA254GcAcHOB0JyADnqPDqKde0VVjOCzhRkYzxgnkcgHqRjrgn5seHSi4zSbaelm22rrlWqa0/Jdep6MZ6RWn2br3m0+aK6vZ7NrlW1tGfRf7RWnKbbwIImwBowJI+6fkViSVx97gDHc98Zr5f0+O6juogSDG02DnPGAQME4J4445wfYmvqX4/wBwWi8CCQsoGjAMOMfdAyD0442jIyp6187xNEl5BkZ4X5m4HBHQcbs5xgdAPu5AFcGJ/ibc17PfXpfztv3W9tVp6dLldOD6tKK1u7pxtdra0vk7aWs0/X/geHHjyxlZwFTUYxg4JyWAXpz2wBkccA966n403Kv8TfE0Urbt81tnC9hCM857Y5xwxx6/NhfA9Y38bWjbMb9TiCEgEAhlycZ4HPUZwTjvW78bbPPxO8T4Ytme22E8ZJiGeh3E4JIJ56HtXPjGvZptrpp92j09b7u3RGmES55aN8vxWTa+Jdlru7rW3ZHn1nJbnzozJz5bAqVyRgnqSSeoAz1GThTnn7Q/ZItEvH8R26/KI9G1ZjwDz9imK4IByd3J4GOmCeK+O9D02KZ7pXiZlitXIK5OWO7lj1IBzyR0xg/dx9q/sg2xe/8AEkMK7G/4R/V5pFPJCrZzKQxyec8+4yQORj5fGNSo1V5LfrecW9ddWrdHbS97M9vCu9aKk4yVmrJdeaN9bu2uj2dna+mvkSSTR6iIIzE7LLcKQFAAzK68kZJ47dux659BS6upoLaCbaFjRMJE22PDMDlwOGJGTnn68c+aPuj1m4YYZkurk8DjBkbZyM8MO/oCRXpFnK0v2ZGQhnhXoFAGMFl6g4AzglfQDGRn5HMXG6s02ot2d9bqL0+53Wmlntoe9g4y5o3dlzpJNO9nyK9tk436q+miVj6b+DAC6powAAB1KLJyQdxIPc5BHp68elf2c/sXN/xYLwtgnAkuc45OA6kds5yQQQCSCMjaMV/GT8HiBqmhjaAP7ShGQO45OGJ9ckg8g44r+y/9ip0HwD8MA7mPnXfTOMiQEY7bQeOd20cDJFfgs6tvEKg5JJf2ZjI+nv0PVacqs7/Pqe1xpB/6lUvtNZlhb7tfwp6vayStpt16q/1yp2EryGbP3sH8z6nB5z16cVIGLDHIPToO5PQ+oPcjj1GKijw3ylgDwBnJzgf3sdOcA478LzmpgpQHoe3zNkkDJyW5IHPy/wARwQe2f0enOM17s27ro0ndNNX1Tb1SemmzdmfhMr221VrbNOzjdt21trte27u7kqkhTznj7uPToMnrnj16/WpQeCcYOBkNx244zz0GeRgY4GCCkYUDPIyCGzjkDggDnBz+OORzgU4FQSzHdyDkDpjjpjr6HsMjpjPVG6UbuydrK97W5XqrLzb+avo0YO+unNtdrrdxt0367bp37NylRkbgeOTg7SoPBz0Ax6j06Z3U8hWII5IGeSBu9wFPyhe3ynOfunFNUqoDAEk8MT1I5PI56HPUcdcdctKpy2RszxuxnjnnuM8ccg+nSqVTlglzRceZO6umr8n3Wu0k332b0jVvZpO2lk+i32fV9b9LaNFtcAgDJYZwQOPUMvUjk9xzgDJ5AlBXOTgZ+Ug4K+3Xj0A4JPQAmqRAYqR0ABOe+evGDwcHGSO/TpUgY8ZC5z0G7kkHBJyeOR2OeSQe/bQqVZNO65bJrV35rq72a0ttbfS+7MnGC5rfE1daJrXldunyej011bvaJVSNzKCQuMYOSpAPAHoRgkYPXkc0MQMDeA244PQjdjrwc5xgnAKqRj2pqCBkE8nJHJKn26A98j/FsPO48bsnnAA3Dkc8Y4wTk4HTgV6FOc735nrZb23ULLRdlbfrstb5csdLraTsmkr6x95ejv8ApZFrzNvOeAxPUEZOeefXAJznPTkYNSrJgAMARxjAzyOhHfBbnqFJzncOtJQwB44498g9CT0AJwenXOByBUg3YUnJ6hR1B55wAOOV6jH0HONadatFxcZWSWivzL7LeqT1u2233SvoyZU4u7Wj2bbWzUbK2tr6XutdX63VkRx0PGMAHvwScnue46dRgYJLhKh+XsMA5POCcHA46kdBgAnmqe3ILqxGTkjkA4yQFOeSDgA4zz7UxxjHrkZC8lu/8WMcE5bJxjnAIJ7IYqok+aWifnfeKu9rXunpdd9rGSgk0k7JLRWave2+urWrs77t6mgJkzwozzjJxyCvIAwT6jucccchySoeAyggENn5iuDg54PoVIP3sElgemWGYFgCAo4IBB7jrk9st6k1KjljuBAIBGcY5HIHGD6kDgE84OOOili42im2m5fDum2097bW/Bd1onFOWzvte+iVlZ79krq3mu71Enj4yD/Fg92IJAYgHjqDg9fQdKUyfME45yQ3AbJ6fdBBBBABPPGR1FUwDxyCM5yemTyQM4we/PQDPTAp248ZORnI4bOQ2TnjI/D1xxnA9CniHpZu7srt23a00dv5b6WSWyV0ZOFm/dur6K3azbvZebtdq2nRlxm29ASMhckE7jjsRnGR0yOeOmeXhiAcrg4ILDJGOoHH887e2epquHOflYZJ79fwzjr1yfQ84ziTfjq456cdCckk478dPXrXUqjWzSdumt24xvf0e9nrotOmUo31e+lls3t09V8+y2dgSDnAIwSAc9wSM9OnXHckZOc8P8xR/dycckNxyOBx0yWIHAGe4BqsucF1O7OR7fXGefl9BnkdeKU7ucHqfxGe4PtnOPbua1jWaaau9vle1k9b3V0nd9W77mTSVk0vk7Le3Rt63Xro3ptIG5YkAYJxlskdivcd8Dk85J46yh1UgliN3Azz82VwewDAnnnocAYqqylRwQi5+UjkgHkY6ZHqOo4z7JnA69eVIGByVJwAe4z1I5HfvvHFyUVdO103Gz0emr1aT0vb0t3KcLpWt01teytrd23S876dmW22McbskYLBehHPBbjgAgfLkZByMDBcMEdQCAxwPm5PQ89cjtwoA4A4as8sQcEMMLkjJ6/j1P3SMEjGefRS3QgnPXAJyOD0PTn8genBrohmKi07NN21TemsXqmlpfrbZb2Ri6aVtErWskk+q3Vtnt80t7NaYOCDuGBjP8TZPJIOBnovX05HpKCOMYYk85PBGeATzk984zWSr4PIwfYYPP1IP+P85lcr3IGMHJ49yPYdwfzNbxzRctrXvypXlb+W1t1527vW7E6VtuqVum7TstFbpby1NDfuPTOCxOD1K+oOQemTnsOcdafv3YGMZGM9QDxwPXvn1z0XrVFJSDwCSeSTxkgZBIAGM9Tj2x607zSAc/MO5HHU9R16d/cDqa0p5m3a6la9tt20l25t9tvkiXTa2vqrK/fR9H5f8DoP1E5sb9C24GwvARjIOLZzu5zweQRjjoeK/iE+Pc/2D4oeNwIyw/4S/XFyQCDuu5snaBjHI6AHp15Ff23X8pWyvuQdtheHkY3f6NJkdxwe4OcdATX8S3x4AuPij4zVY3ZZfGWub2Vdwx9sm49sZ55PP8J7fm/G1eGI4i4UinytPHNuy6fVrbdL6N3b66X0/YfC5ShlXFrul+4wFkulp1rPa3y+/XQ+XfGT3KXkTQQFY444HO/LK+48rtAbjpnoRnGSODx+tyXct5ZSPE8CmD5XG5P4QBjIHBGMEcY7dz3WozSHxBa210XFpI8aMNjMdquQBubIHAOOoOcZ9dHx5bl7iyt0XZbC3BjkaLa5ZCCqj+6GBAHcnpggmv0rLKTdB2/kW27vy6t3VttOnz0Xi5nXtilo5SbldW/w7Wslrdqx738PYPK0jw9Ne4e2i+yv85yDlhkkf3QSVIJGOT05P6N/s26z4W0bW7mG41G0tG1XXzJPbzwxSJsW0UoU3D5UJHOOM9AOCfzc8Kv9l8N6TbSvJiSKBwWTpmTkHGNuAMEA8ZzzmtrV/jN4h+FXxHs7vw3oFp4g0ybSkF/b3kYlK3Dx7HkUtkoVUHDAAZzgA4rx+LcorZngKdCg1GcKkJq8mryjZqLlddP+BucmXV1Rr1ZNv342enwy5lddFay0d1a97Wsfpp/wURu/D837KHxRn0e9012l02A7LWCFdoW4ALI8a7huIwQDy555HH84/wCxJ8C9c/aA/aK0/wAAaBqVtpupa74faWC8u082K2jtoC0jOACRvJKhgM5AJ9K+6fjr+0l44+IPwY8YeDNR8MafpWiTaRdX/wBptJDJczMpaRInzgYUgOQT8uOSTmvyd+DHxa8dfCb4geH/ABb8PfEl34U8TjSzbR6vCyo8cbgpJGS7gBXHylSMHPOBXDw/lmaYPK8dh4VIQxknKVKcrzpxnKMeVtLo2neyfRpHpUakPZxlJqSu2k5OUU04qzte9m29npurH67/ALS3/BOr4rfs8+GNK+IGt+KdBv8ARU1DULSc2UzC6hdLd3VzEwEY837oxkg5zX5zf8E7vC3ir4iftT6LpPg63tZtfg8T6pfRHUnddOa3hMhlS9iTmWJhuJUBsYyFJxj0jxl+1N8fviXYy6H8SPiXqXjDQbeHUb8aRNehIluXhkCSmNWwWA+ZcZHHXFfAnwX+K3jL4WeL73xp8P8AXNR8L+Jba+u5bTVdOlMU0BlldZADkFlddwfnB468CvWw+WZ1iMlxuEzOvh62NrU5RpyjD9zFNJQUouKu00k7R1u9DWGIhCtSmlFNNuTW2ijyu1rtXWq+5an7E/8ABUvwV8SPh/qXhqD4j+HtEtZL6x12+0KTw+0rWRtR5iyMUmChNzHeFGOOnHT8I/hXZzarE629q8rSakLRUQbneWef5VVsABs5GT3YdAAo/Rf4/fGL4t/tB+AdP8T/ABL+IVx4pv8Aw74evIrGC4O6SG3dW8xGGcBpGO44JDbT6mvzh+C2rLpkCtLfNaMNbjn83vGqOX3gYABUY289AScd/e4awGKyvJaWGrKk68FJqNJNQvze6ldLo1zabt2tocGJrQxOLVWdRcnIlUlCFk2lG7S7dGvxurn3vN4B8TeEPhT8SDrvhu60uN9KS4tpJyRE8W3IKjcdzZwOpwCTkHFfEnww8H6v44uSukWscwslVrjewjADOCqj5xuY4x3BzwpI4+6/G3xZXxR8MPGOlR+JrrVri28LyxsLhQsSRlkwFGcGZOnbH1wK+KvgV4ttPCjNdXOrRWUtzJDIqyIWEvkyAbCo7sRltwOQuQuc7voaFbEOgpV4KFVOaShdXiuWzW0n2+/pa/n1IUliKkaEnKm3d8ycY81oprfXZK1tfLRP6O8W+GtR0b4K6/Y3umG3uYdYjWVS+5UAjOAw3Z5xu5J6457/ACJ4LhmU2ylAjTqsxdV5PlyYJ5bkkEdMg889RX3N8Ttf0HUPg3481Ky8QSajeXOo6ZPKMFY1eaIK4RWXEawlyNwODxnGBXwX4P1WB9Y0nSlv4VMcvkySk4G133cuTjoCuNwGcDdgEjooTVWcZSi6dnZ3SV9I3aWjtK+l27vY5pQmo1YOfNzSbSVtLqDsrrVpXauna57v8Vi0vwl05pJ22f8ACSINrDaSQCrcMOgwCCGxg4PSvCtFgFzHD5U+0QW0kwGOchGyBjgbemDnoCeQRXufxutH0/4WaaXlieJ/ESzQhJN26N1BWTAJ4JztOWGSePlNeH+D7qxtZIlllgH2i1kUiRyT867VXJHYjGQT2yvPPRKMKlX3W+VPVWe75XfXS17rlXR303M6cZKEU09Zay1uruNtO2qve+6sz6U8XXaWvgz9nsSSjfBq95OHHy7RNNEm92PCgbssTjjOMAHP3b438NeKPCvgu51OPxx4Zv8ARl0ayW30ae/sjqFzLqUcbGW0jgmZ2jjBI+Zd6kYcLzX5u/GvUrSPwF8JYraRJDb29/u+zvyC7dCygYcZOcjI4xtxurxHRNZur3U7TdeX0jWt1aqiXF3cSIFEuMKjOy7RnuOOwGa+RzjhpZrjMPiZ1FSjRlrCVNTU1dNtN7NJdU720S6+zgcW8HQnTWs58t5Nu+urW2yaaV7/AJt/VH7Vd3Hb+Kfg5cRzwvONAsFDxsuFnSXdgEn5iC2B3DcOB39y+Hfgv4+fEFvE114cij1LTvDOlQX2qJPNbRpZ20qDyXkHmB5GI5IjV3AA+o+H/wBovXJF1/wM0+ySTSbVRbwkEhRHHG6jPTlyT3YkE7hiva/hf+2NffDyy8S2+k6KGbxPosOn6rNJcSjLxKVSSAKMhkxiMdA3OepGOdZLUnhsNDD041p0oqMeaCag2l0bVrPRJO+9k3q6y3Ft+2bqKLc1KSk29OvwrV62V0rX10RN+1TZ6tpHi/wFpur3cF1qr+CIp7g252x2byyNmEMxBJQgewDEAnbX0N8NPgn8cvE+neCYbC0Sa01m2E9ks+uwQo1kkBkKyRGfcAEXKgrk9MAYFfm58Yvi7dfEzX9H1q8iktLvTtM/su3jaaR5GiSR3SSV+Gyxdsggng4xmvrD4UftYeN9DPhS3svD2n3EvhvTWsLV5fOZnV4iglkHPK7sknpgcEkivXwmWYiOW4KjOnCdWmoRmpRWi91XSsrNd9LWe+552JqOVbE+zqOMbuSk27t2jy6KLunrddktdj5+1f4X+JfFXi7xdo9lHave+H9S1y81FTMgEUWlzSJcrGSf3jBo2CgH58DjJ3V6tN8NPGtrp3gvULnQ7mC21+GI6fNNCXWaLasHmAQhwqkgnLYIAX3NcRpfhfxt4i8aeIdVtZ7vTG1a/wBQuL6e3kliilGqTNLNCxyC0amQgIeDjP8AtV+nnwr8JaqNA0HSfFPiiP8AsrSbSGOztmCC6WGNizqksmWiL8hQMkgg7R92vo3GWEpxnGDbSiotrS6SVrdE+l3pfa1zyqNKeJqPmqRUVbnfM27tR3absr81rxva2tkj8z/En7P/AI18a+NblWtYLCwtY7WGa9vJPs8AVAA7R9HfaRnpjrk45b9S/wBnL4U+BvBfhnybnRx4t11NOeBp9Qt410aAEYHlxthXIyeWUg9Rkk03xlJ4P06/nj0yA3kgRAJbqUSIuCPu8jLHIOQD175rt/AmsJ/ZwSWUqHtnEUMR2gMM5z2IU9/XHcjHzWczzLEw/dSnTi5e8qa5NHyp3ers7aLay1PrcmweWwqJV3Cq4JO8mrK1kk79NO3VbddLwzbWHh/xGk0kVg1zFcO1jZ26KlhY+YzMEjtUTy1CLtGcBc/NivrT4f8AiFb7U7lrljdTR7f3UKqkSEEAfdXHy8cnkYH8IFfClhq8N14nREdLdftYVypBcL0JdxlQG5yAepyTk5P1P4R1aw0dJjZKXJlLSS7wGkwQQuec7iOBj7uTu+UmvzbPMjxE50ZS5pzla+7b0j0Wq0a7pK/XU/R8mx+BoQ5Kc4QjCTVlokrdLLotEun59ra6k9j481G6LxbROsrxiQ4ADL8u0DJ9ychTjGK+xbH4pTReEdQtVeODNnMA8eAiRvGQBvYAlwDwFzn0PWvzSuvEN0njmWaFFb7SVLpuykYJIJbsAMjGRgkjk9/Xta8a6bpWgMdR1NYyYyXR5RHEE2kDOD84KgEkDklfWvk8TwrWrV6LWFnKSSUeWLld3WqjvtvdbrTXf6ylnWCjQnKdeCjF3vKe0Vy369b2229UdF4d17/icrcCYyMb0uGJ3yYL8ErkgZJ4xjPXqQB9OS6/qlxpN4kbJZQzQFPtE8mwAGPkqoIAww4zj1+bHP5I+IP2ovDHgwzR6PDHfaiAx84EFFkzkMCBj9ScdNoOK8A8Z/ti/ETxLFLZHV5rGxcbRHaFkbDdASCGbAzkjgYPqa+kwnhTnWcVKUqtJYShFpqdVtO2iSUbp3tddLXufOYzxNyLKKM4Qq/WqrXLyU2pJSa5bOW276O61Vmt/wBUr7xn4F8A6ida8Y+LoLiRD5qWFtcCUtt/hbaTncckqQcZI6cL5X47/wCCgGgaXbzweENBhckOsdzdPtLlQQrlcZwCOuRnGe+B+O2teO9b1cs9zdT3TO3Ek8jzMRjJIB+7ubtjGATmuWna/vH/AHjs4YLtIGRz9ducd+M+2en6tkvhRleAlCeNcsXUio3W0HJcq0S6LprfvZaH5dm3ixmGLcoYOnHDwk3aV+aTu1d32um+i8+mn2J49/be+L/iVri3sNXg0m1bcqiyXyjgkfKHGCeOAQc5HAGc18reI/ij448RSP8A2z4l1W/ZjuaP7TIYnzk4xwehxg9h3AxWYvh+WZQjsxXjy1ZiNzDoD19xzlgcqRkc6sPg7GGdE2cAYc7jj+8R1Pb+hNfo+D4cyvAtSwuCoUpKy5lBOVvd3bV9GuvTbofnmN4mzbHtuvjcRNXdk6rUOjdop+tumyfQ8+e/1GVwCHLHDEy5YqxboWbPsechh83PQacEWozvl24+UAiNjnAIIAxn1GSAenXBx6ha+DnLqxKZABYnGPXAGTg4/HB6k5x2WneD4VZWCFizYz8u0A8Z9OOc+nb29VYWC5UlDSySUddOV9u2y0e6ezPG+sVqj1nN6LV6tv3U7vrez1u+y2PL9O02+nMe12jBPYbCuBgEY79t30wckZ7zS/Dl1IqGR2kViD12jg7snOMDOSMYHTPJ49M0/wAKohBWKMqpADPjPHzHrjgHk9QfcYrs7Lw6EQZWPa3IORkY4GMjAI9PTBJAxW0sND3dY23e9na11tv9+q6vU6KcqrVnKXffppa90rbq6V/SzscLpnhxUZTIpIwDgMTyBg8DjOckqBgE/L1r0Gx0nAyIHCAAFlJ3gKAeOeGOckDg8YA5rft7G2gUqFZe5yBwOOQVPUc7cdTnJAFaqXNrbgcbVK8AAMdwHX0GOnqQRgkGtIUIQWqTcVGyu+tkmnorWV0mtuutjtgprlV9X1d238Oj7Ws772bs0yWwgaJSih1RihAyQcBgTuUkdc4zg9eMLzXVWupvAyblOEBGQzKxAPJOGHTpnuea4i4122RSQQwGBuDEMT82DjOcZ+8ByRwMg5rBvfFCIWO4k4Cr0+UcDJCnDZPvgbcrmq5aeygtWmmopWsoq27d3btZ9e77aUq3Mrz5bcqa6pNpdrt3su2vTRr3WLxiYCu6TauATyCRjhSTktxjBAHIznGebS+Po48B7gKMM2WOQc8thgTgnIJGOcng85+XrnxWjK+JCcEBiD82RyQCeQB3wT1z0rF/4SMzNkl9isThWJZ8NgYyoyAMAgc4yT/EKccNGcklFu9uXlVr6xSdt0mrvVJta9TtjinSceecXFffb3bu+tl0d9+19vrkfEG3cgmdV25KjIO7ceThu5OCfUMAeBVhfG0L4IuNo+XcVcDPIP3cj6H34OckH5Hh1OeY4G4DqWLNuxnI29MdTnIzxnjqdqzW9lYMJmVA28sWYcA4GA2MY69Dx25Br1MNktao0oRmtr3T2vHdab67vffQmpnmHpJ35G7ae8l2euttlfa3TV3v9W2/i6JjuWTKoxBJfAJPVsde+MhcA9OtaUPiCNnDpIQPvAB1JJbAOQcjJHc8jjH8VfM8EOqDBjuXfAORkkEEjHB44JzksuWAJFbdpJq8ZKOZGUYJwpB4O3ICkgH3xgjnr8te/RyColeXNZ2sldXWm+jS0dtOVW2tZHk1OIaU5Si4pKz5XeN3ouumuq6t9kfQ6a3jcBklwCAw4O085PUgde2OSKeuoPOzcr0GMcb1HOQc9j0weOMV5BZ3GoD53Mu1VBIO7edw9MDgdM4A7ckCuvs7m5/dKVJyPmYsRyRgD0wCBwOvzdSc169HKIxSbUn3dkuztrqrO70W78kzgrZs5RvGSd0r63a2d7bt3dk/W+7PQbaSZjGSqjJLENnDbcbSeq7ie27nnjiuis2kG7Ksc8jngEDqAQMDkgHJOMk4528jp12/lxhwTkgD5cE7RnocnBOeeB2znmuut7gFVJJBZWDZHqOAO2BnqQOO/r7OHwFrOzSSst2+9u6u1Zau7a3Wp5FfMJdZc19Hra97b7O19He3zudJbzOoIH3W7kYAbHBJ6kA8ZAORgcAZGpDdyD7xO4kY+UEZx0z3Ugk456+oFc/DcERnL8FQSCDkHAwADjtkck896trdAHexyCNy7QFAHcHkd8c8Ee2a9ujRjCOsV09567qOl3Gzeuz0WlrpWPKqVHUle7urWWvvbJ9vLrd62SS16UTzEJ+8wWOMA7cnqxyDnkjkdznjOWpRePH1bgk9OuUOM59+w5/QmucOpQqqg8IWOcEEg84GMk5yOcZx2DHrnXGsopyTwWwpUjK9M+nIyOvuPmNKaio/ZbT2T6Wir6Wt00dm1bV2TMlKTaSlfRvVu2lnbZ76X2079exOqMgYs45UHYCMgL2OcdcZIG7PXA5rPn1tF3qz7jjAVcZUcDHPBxyemRjjmvO73X0Vmy2SzdQQNowcDGVAx3bg+nYDlLzxGq728zIIJGDnCKRkZxk8Y6c+uOh8+tWUHfo0mreVtut/NtfO1l2UqdSTuovprbTaK7aXTvp3vc9Ov/EIjV18wbl+QAfeAB+8Tn+HoAMAnOMjgcVf+LNpcCUHBLElvXAOMc7jjGARkZ9iPL9S8VpHHJmQ7WXkkryV6KfQ9M4B+U8c5J8x1bxjGCWDDlsFAcntnPzHBOBg8Hp2zn53F5lTpJ80ouSWju9W3Fa3v02dtFdWex72Ew83y3ilG7to7vVWWqXyS9b6a+1aj40CkkTAncepHAA5Gc44z/dB68V5/q3jZDuCzMMguGOBjHY9MlcDqPqAenh+peLGkLuJC2W3MCwGQMgAAH7wYkHuTnj04W+8S7hkyPuLHOGAABIPHPYZ647c56fGZhnVGKk3JX5n1sr6N9et3bXT10X0NDCStHl3322Tcdb2slta+j7Xue06h4w3tKRNjKgMc5ZwAMjgnAPTfnDYz14rir7xcgDbJWG8FSxO7ou77uMqeeAOSMZI6V4zf+JwofbMflOFTdls5+6cZ4+7yScZycA5rmptYurgkh9sbldoDHccttYHrng5J9s46rX55mnEUW5Rpu6T0tre9u3p17eR7mDy+tJxcl7trK62tazu9Pmvvtt6bqPiYT5EcrOxXnaQAScbRwWIP3OAfUHJznjrm8urgN820chQAcjcSRtLZxgDBJ7ZXgHnOtwxyxOd2Mck/dwSAGPXIHJA49hWhuBJUEHCc9ckHDHOcDcoOD1DAMMmvh8Xj6uIk5Sk7N38t/XTW+q01+a+jw+Hp0orS8rLXeKtrppomlbbRbdTBu4GZQrIzAMeRwxGOCRu4Hfocr+Q5m9tWXcwBBXdk7dwYnj5sg9CMDB+nB59Ff5xsySi7cNgE8bRx6jHOMcfgDVKe0ScFQeCPlIGNzqMgEn5hwOOCSSDjK/L49VuSTTdtNX2svuVmlotW7Loejh5tNc17XSVrXi5Wsu2qTu0eQXMOSQVZTuZgQMepGemCDycZ9+Rk5D26u2zLg8N8uApwVDZzwMkgg8HGc55r0i/0sYXkOc5YAkFT15UYDNwe5Bzmufms0VivXZyRgLx/CMDuDxnv9OB5OIi17yfTS90le21rp7vV+aTsj2KElKKV72aWujSdrX2tdd9r6s5wQ7CCh38oOmCvIOGIGcE4POcc8c4ras9wJVwMg5KlcZ4ABI7bTjIPQdfWpFtgc42qwO7GeAB0JzyD9T1GckjNatpbhQrbCxPDZw2Qfyy3B5HOf4R24m3fv10emyd/Tfrdp72av1KF03s7a26WaWlu1tfV6klrG5KBMBVY/Nkgjvx04I7c9MjI6eg6NcIiAl9/wAx+4CHBLdW654ABzg8DqABXOwW8Pysi/MRuO/AYAHBG7JOccAdPzyNqC3jVgVJjXAK5wCTxhRg9CTnGeecAg114evUha1n7yvrZW92702ttpotdNDlq0VJXve+trvX4bPV2Xupb6u+t7HolrdKo5PyggqNo3fp82T37ZGOxroba5UOu9wCDtHB+ZckgDHGT2YAbgeT0rz+yVk27mZxhgSjBlJJXGenHGc4I789+itpQdgJIIXOQcE53AA/N27dvbOTXsUq7k1r1Ttd6pKLv876J6pO9r6nJOlZrmSaaWtmnbTXS19GtdfXW69R0+83bc4YbhgoOSRzliecr9M8EdCCO5sJCcYRcqBtGdpJ6nJJwo6Y569q8f0ydwANysoIZsNknk8AcEY7gYA/GvTtJvEGwNkggMoJBLHB7kdc8nJ647cDqjdJavfTfdcu+3k9NfndjhFbtWaaSi0t1aWl43Ts2vdStZP3rXfptrOSihhkjaemQARyDzkqvJGR74xydkW1rIP30UYACMMqCxPU8joODhh0Ix0OBiaRNG4XcAMq2cchuQQOmOc/d+oOCcV3dlBDJ5cflqwdQVJAxxnDDPIGQeDkHoeTWU3JvVJp20vdOzjvzL1XldNbHSpWUVo3ppstOiv6dLbJ3dmctd+ENL1FMSW8Lq4+ZZArDHPBJ5GM/wAOOgAyK46/+EGkTOHtbX7LPgkS2UjwuSRx91jluPToO/SvfoNJjmGAuGKgBiSADlcA4A+b+EDqxHHHNb1l4cdsEEgEnJdck9eEIOR2z94EdgCQOSrh6VR2cEn0dmmlp8tv0Vzb6w0uVScX7uqvpblVle/o7K19ldJP5Fl+HvinTctp+r3UiJjbFdqZ3wGKoA5bIAOcEEZwa6TQ/FnxK8JyK8bakixMCZbC5lPQggeSzbS3de5zjrivr228IswxLF5itgswwwJPQ+oOOvcYyW6GrreArSZGzbx7lP8AcGeuTwOSAO5JxnvjNeXXwdeDTw2IrUmn7qjJxX2W2lfVaLZvRbaNG9DFU1/EhCqm0vfirvbqldNbvTpazucV4I/bI+IXh14ra51BrqOPgxaiZbe4AXjaSPlyD8ueQck5PAH2T4C/4KAW7tDb67AIX+VZCZWuAQeCUKE8dMgkAAkA54HyNqvwehv0ffao4bIGYF+XPIySc/xHP9054IyR5Tq3wUvNPZ3tLe4jC/MGsi0Dg/eBwNxKng4bnqOO00874iwFrV3WjC3uzjzaJRWnVfl11sb/AFPKcbfmpRg3ZJxSV/h7bXs9bbv7/wB2vBX7W/gbxAqKuq2ttI4UASTtGpbuGRwM7sY6dc57Z9/tfHPgLxZAsepw6Dq0UgAbz7e1ulzxksGXIBzjJB+8eRmv5f4k8a+GJVNvfyNtyQl9bEHg5A89ct2wc9we9eneGfjz4o8PvEl1FeRFSN0thfSspORzschQOuRwCOOCONVx9Be5meXwnFu01OEWmtE7qSk2t07pHDW4Ro1H7TCYiVKdvdcJcsr6JNJST0+6+u+r/onv/gn8B/F8ZEvhmxtpZMlW01UtQSy9lj+QHOCOe2BmvM9d/Yv8G3iv/wAI3qo09yhMdvdwxMOuVVpRywHIzwxxuxyRX5leCf2vNZhWFU127AXhobplD8ckZLDDDJJPTqMknn6d8N/tmXSrEl5I9ymQCzzDK9FYh0LMeM4HGe/HDeRmi8M+J6cqePyXB0p1E+atCEMPVW2vPR5Hda69dU/POjguMMsmvqeZ4ipBJKFOrKVWDjorONXmVnbp5pWPbLf9m3x74TjmWJLTVUUjyHsXBkCDgBgSvAXaQADgLuXkA19/fsp6VfaLoGtWWo2s9pdJcRCRJ1K7yEGWBOdwBBBIJBOOoFfB3h/9rvQrtY43kSFztyJZ3DgZBPOASM9M9PXqK+j/AAd+1BoG0BdXt4S6gfdVgxwp+c4yeRgZznr3NePwh4ecF8N8Qwz3Ic0qwcKdWn9Tr16dWlatBR9ypJKacbq15O9rdTyuKsVxPnGV1MDjMFTm5ShL2tOnOMrwak1JXlF3s9tr97n6KYJxw2BkZGNuM5HIPyjoPU9cDNDdfvgY6jIHpyScHkk4AHbkCvj2X43wa3b7bHxJDbO6FQ0Gw4yOqjOSccADB3Y57V5brWr/ABEupzc6J48lmUZHlNJgN3API45HGB+HFfrWLzGpQipUKMcSv7lWF7e7ro9dHfZK+i6s/L6HC2LqStXqQw60SU4Te/Lu1HdNt3dlfTokv0S2gNkEFsbmOGA/4CR17E5C596CeCcDIDDPtjJ78k9zkhevQnP5ezfFD45eHHyZrq/hT7zRZmVgMA9MnAHI4PVcAHitfS/2ufGmmERa1p78HB863ZMkdSWKlQpAGSR65BPXxavEk6etXBYmlbd25luk7q68tl13O18EZg4RdDEYaq7K3LNp6cqV002u68vSx+lXmquBkngHocH8SPYcDGO5NSbwRnI+vPPv6n/PPeviPQv2wtKvNi6hYQx5PLCTBBPbBGRjqD14I969c0n9oXwFqkSNLdJbO2OrrjJHUYJJOT6c4AII5HHU4uwqStVjTbSbVWnJWWmztLZbrR22eyOGpwrndBNywkqi70nCad1HppLW62v5q+3vjN2HBxgHHTPPy8nI+gxjjOOjc5I+c44DcEHHTnkfXIxwcnHU8FYfEfwbqmfsusQk4HDOuOvRlJU98/d74AI6dDFrWk3C5gv7aTOWwsq5x2Iwxb8DjpjPQjSPEtCpTjOOKw8nG10q0Y9Vqk7PV3ST2bWzu35lTL8VRbjWwtaDVr81OaSa5Vy6WXe6vq7N3sjozJzweccA4OeDn03dCT1IznoaeJtoAJB5GSOMZIORzjqMEjrkEjPTD8+KTASQ4C/KRg5A5GDkk5wBlgPY/dyrEsp2s3PLbsgHPfIb6Hvg8nnGMJ8T1ErxhGUekoyTelne/nd2WiXn0yWD1u5NesVuraWaS772vs3ds3RcKFO45xknoDjk9QT1I5OMY79w0Xa4ycDA7kMccYxnByc8gE8568g4Th1AJYYxgls4OOvGR1PTg4xjG3rC5c4JPXdgjGRnqD7nJXqMdO+KUOLq6SaglrqrvVWVrtdb+l1bVPRqWBUkrVHbyW+3dd99V5ao6IX67trMpwOgPJ7HHHPI4B7gYI4Bl+2RjBDoAegOMZ6jGM/3hjHGe3SuUAJxuOcY9f4h/Fn3/hHGe4PVVD8ZXj1wOuTtIA/Ig4IwSPUp8Z46Ek7Qt0u23bS66baXdtOtujWXwteUuqs7av4fTbXR9Xe17I6r7TEOrZxySCOcYOOOcevBHHIJOKPtcZHynnnGDycHHAx3zj/63NcvkjjJTJwCeecjBPJxnaMdc5BOCKBIeMbjjkkkjoD6HnjntyB2qHxvjrpKNNJtJ2b3Vkutld6NevqJ4GNm7t/JX1Sd/Pvrrr03OmFypG4sqEYyN2f4sgY6n8OgOAetRyXCgHEme3JBGDkk4A44HXGMZGOoPPF+xYjuMrjJ6deTkfVsDtjkRFiMk5Y84wTjsT0I688kdc9cipfGuKg03Tu22r3k9Pd3vvq9emy9RYCLt+8aWjsopdtFpbRbPfp3t0H25A2QeCdrZIxgD0Bx1yVPcHbggYLjfgn5TwPTA9h159x0+nFc7ljkkNgnjr1JyNwC4/LGeuakQNkEnoOckdgR2AHLHjuOmQeaxXFmNryukknNaPeystFb3fRX/HW1gYRVrttpPfa3LrZbvvb87JdCL3I3YY8kA5I6/mODyPQnj3U3W4gkHPTuTkZxznpgZJ45zjmsRGOcbzzycfdyffqT1PTPX6VMWLcAk5A9hwD3zznuOR0xx176XEWOmndyavqmk7bPWy21Vk3q++hLwdOOnW/d/h6cq00+41BdA4wCcA+pxkgHHc9Dxxj04zUnnqDgHaecMSf4sc7T2zz2yffmsYAHJ+duTwSw56Lhh0Iz7/hkVKrMOCP7uf4vXtggDPrgHrXTDO8ds3eyV/d7uGmi03s736GUsPFWfztd7K1tvPbR31suprmQZPzDgfNgcHI4AJPJ49evQ+j/ADeflPAz1Ygn8edvGOOCeSMDFZQKjByM4znIAA4zggZB/Pnp1xTwxwTxt6hl5OCSe2OccHPQg89cbUs4xTldq930drK0LX33Ts2m+r30MnQj3dtN9I3SSSafazburvTRLfVWQj7xXBZsANkAHr82Dzn6ZwQSccu81W5Xa3OW2nIA9eOe2cfXJwcVnBsrkDHJz059Rk5OAD82e/8AvVKrD5ffOD7HAGTxwAe4xgBTnPPuYfNsRKMee9ml3bei0V1pdryevZXeboR73s1o7X6W1Vra2b0u/XUviXoAM9OhxgD14/HH4Z5xT93QZBwMDnjr165wR1PY/UiqG3KhiSxzyByQ3IJbJU+2fTjBzgzqrcAngjnuRnliDj1APbAzg9j72Gxsp3vG0tLPXlSaje7v0vr/AJHI4yT15lsnf5WWq10011tbdb2s84I+7jkYHX8uCR05GR0pRkHPy57+/XGfYDj/AGuelRLuBAyCMcqepPTP0HfAPUZ6YqY/l/Ud8fqK9SnWblazWu/bo3r0+VnfTSwb2Wytd9/sta7/AHd+jdx67RjouB0+hA5GeME8fnkcAPOOQBnGMgD6EZ4/yDVcMeoyMds4GRng8AnqOOnXr3XeRyPQ5GNvPPQYyOBzzg4ByeldammtU46f1a3/AABrTzJflxjHHXrzzjvn3AznHTHHRCARg9OuQSRkdB06Dtz14BzmmFieuBxjtyc8H39AeD278MJ7E8ngcDJOMn2wPw9M+supBvlT3S112736pXXXq3stS67WaW3ba6vt28vuJT398Y4BJ9Pz7kZOfqaQjqOueOPfkfmOOOR7UwEjqQAByTjcDgHlh1BwPoSOgHD84xyeOh4GcZyO/wB7PU4HBHTqoySfyWzvu09bdt7dtFfW1JOW39f1+OtgAHOcjoSehHHOQOwwRnPqQDtGEC9OSAeTxn5QOOOp6ckAnGPQ4XIwMAdfw65J4PUnrx06YxSdeR2zn+R/XFX7SL5bJ7bvotPXXX52FKEvLez0dvs6tr7tr7r0BtBBBAbOW5z6ZyPbJIxgdxk04AHJz7ZJz0ODjJA7jJOMdO2RFj6ckg9epx39dmVyex460FtoGeCflHPB6AcZAx04JB68knnKpUa5baK+iXk1o9LdPRaedxRat1bfa/SOvXTvfr5E+ApyxHcdcYz1449fbA5pGIxwRzwcexPHTGBjr16evNdmHQkHudxJxk5HKg4wcHBIz64GaQOAGG7IyODhQRgYwD1AJzx6ZGARnGU3JWm7XtqnZ6eWi0/V7XKa0u3sley2XZWVm9Von3tfcl4z749eg9QP0pjkYPUnpj0yOeOhwOCM98ZBNAYcHJ+UkHoST26cgEjI6ZAO4jGCwtnPDLhs5bByTwADypHzdD0JAwCBWLklHTXtd7bb9ktfmtE+ism1dvTZ+jvtuttF38mABAU8A+mRnkZwOccZPfge3IUgZHHOD1J9AeSDxzjOBkdhyKaScA5HHQnsfxIPHIz/AEwKaWBGc5K+uR97PXg5zgkDHUduTWck3pzO60Sb6+7p08vNNryD4WrR0vZ9/wC879bdNbJW2sLuO0bT1znd24J6knkc8YH9agxx2JPDHHXrj3xjsffipCScqG+8Dx2z1AyCe5wfXnGSKjbjPtn/APXziuecUt1zSV7WXZpPdX8novJ7mkUtH5Jq++yvs2uv3vS6QxsgcHn36Y5/Drj3rh/iISPDN2AMZmhJ75yeOMgHkEHHfoc5z27PgY75wTwckDPTbxnPTnnj0rgfiOSfDF43AUTwNgjODuxnHTHJIGcHjuK+P4wafDudtLbL67S/7dXXS/46fK/pZU75lgn1+tUt/wDGlbXpp/meF6lqC2VsjBfMLWJVU3BdxRVKbjjp17HvwRwb2i6tcSy25u/LieXT5HWNG3qnyleeQQSADt/D1FclrKRyyOXR5mgsIkgiTlWZwuASBhT9089OSCCK1vClnML9/tcahobARrGCW8vKE7Sf7208gMBnHOQBX8gSnVlWpqF+SVZRUdFGy5bt6XunGVtutt9f1utSorDKUlBz5JO7u3dpJWS89XrvsmfNerOZfE2qHcxKX8mDnlstjAAyDgAcYx2PZqz71QZQg3kGTO5flAZsbl4zyTzk5x0ycmtHVAjeLNTUqwA1G4PfqhGP7uR1yc56detb9votpdlhunMiSBxGvDsX445GVDDOBk8HJ5Ar5THc6cnrpUktHb4ZJXbemi020tfVH6DSqwpYbDSduX2FJLXT4I2uu+jVldNW2dm/ONUs/NgkDNIgUSMcyMSDt/i5yQeSPp8vA+Xn7Ty4bWJWywKsrENkkq3GM9O+OnrgCvWNe8OTWy/PbzBSjuys43OuD14GAD0znpzzk1xEegyyW8Pk2UzoZHDEEgZ3ZxkE/NjGBgjJAPWtcPOnGhFpWSlqndt6efld7tJ3bdttqVWFaldNNRnbunotNbLdPTva2mhx006yu6mNsKrYIOSCwwTnJPPI5GOM9uMOe5jMEqiMsYlV1YhSFJYfMNxAxtOenzZ4x1O1q8Ysby4t2sJvNAZWDSMoX5cA5VT8xHYZ5C59K5iBonjkAsZVDo+XMjkEIdxIBwCdw/AA44wtevhFeKcUtbtNdLcnLskt5JPTS/lc2cYpaO6cbWvbflVkkrWbab0t+n0D8WtFOq/BfwJIsCyySahDKx3BVGECAluAFCkDAYYGSa8y0zSdKstB1S2ZoUvFt/mO8P5zMMpsOTgKuRuG1uAGHSu7+LXiWzh/Z18MKoaG48+ONNrFW2pIAxDYHIXHHZRjjBFfMHhXVpZrWRjIXNzFtVpDu3BWz1bcpOBg9j1J9OaWExNXM1VjiVToUlSvSSb9o1GLldtKyT00u21/26eflcazyysqilCKxuL5W1rye10vorLs79Wdp8WCkfw+8MRMp3G64IJJOF9DycH29/Svi3Xc5dSpLLc5UZOQp5P1yfb2HHX7C+MMg/4QnwgBk/6QXfOOuxtw/M464PHHPPxjrjuL2VwSqBlIAGdxO37wIGRj+LP155rozbWpK7TfJTS0aSuoW166K/a9kmra/S8OxTw8NbP2lS73t+8tpdWez266ao0NB1B1g1CNVKs9vJHnGMsAVwGXB3be2ec5BODj6o/Y+DgeOZmDNv0y4BwOSY4mjyCSOc849cdgSPmX4a+GfEHjXxB/wjuiRo1xO7zvPOp+zQW4UktJIikAt93B/ix3Y19Zfsp6dc6ZN8TtOuYv9J0y41GxkEYDIyRRymR1J/h3gKuAB9OM+LCryyi21GSVvNq6jtolay0t1XU685cXhsXTUo+0i6MpQdk1Fzgotptu11p3Ph3ULaWLx1rM8kTqr61fPG5LDIa5J3/3cHOMnkDnP3hTfHd5d/2XcrcR7bcXB2DewRiYyASu7azHjkcDGSQM7up1qLVzrWtSf2TdLbnULyQytbOCsYnYK6ttBZSFxkjB5wSOvnHjO9nuNLiSR8o1xKRE6ESBQONy4GMDrgc4wcA19FQk61CLjKLSjG1nd/Ck4yttZWa8tOmlRhL2tFtXXu3W+ijHqtt7Lruu1vFbK4uPtIlcrKmUVQxJAJkTnJ2k46ADoMjngV698X5ZZtH0RyhKnTLaI4BIXdEAApzhRxz8uBnk4Bz5PFBLvEpj8tFPKAON2HBGBwcHqcL0GM4zXrvxWaUeGtAk2hiLC2kfYowFEZUkjHBzkevoMYyp01KSkpPSNrdbNRvZ2XuuyS67u256MpRVagoqLjzNpre/u31b1i1d2u3Zeh8ix20RLRMWLSOcBjgrg4AJIGScHGcnPo3T0zUbRIvhHKyxFZG19F3ZIYAA/LxyNx7nt0wenIrCjn7QImM2/AQAYABGCB7gE5Oc9K6vXpbhPhyEO6OJtcUlM5G7AwOnLEfTGRngUUqEeZuMpLkj7qTjezUdW3fdu8ktLNed+itVcp0oxUbe0httay16rTXey16u5xPwq1yXw94y0y8cRtHPcNbypN1IkO0KGYlQSMgFcc9c4FfU3xJg8R6zpuq/YtKghl/sec2cRnBnt4Bl55SuSVDISQP4iemeB8XIyRXtgfJbzYZBcRkEE70cNtPQDJHGc5BPAGTX6YeHbvQdY+DGv+PtUk0K31GLwnPp9nAb5G1UXdugjkM1sG8wtINuzKkNg5PU1x4jDTljaFalFSsmpq6vGMUmuqSdnZvW7e19DHGzjT9nVlFe9KNOLtJO8pK+lnZtN2ei9T8+PhvYS3+tXbXRG+y0yRndTlRKinI+Y4/hAwPc88CvvX4beI4tX8J6Q0cm4WSS2k2Dja8RfaMemCOcYAJ/D4Q8J63pejreXL3dustxFdu8RfOVbdtHPIJJ5GeOcnIIrsfhR8ToNInksJbq1SyupnliheTBEj+Zlgc85Cgbcg4HPJIr9S4WxtPA4ihGpJxWIpyhUdnaL0cbve6as077nzufYGeNo1JKMlLDzjOCS32Un1b06J6r1PbP2Ym+0X3xjJ3MG+I+oZJJ5O2L24Axk4x+HBP07qsaRQooQqu+LJBAPzSdevp0PTOcYyM/EP7Mnjix061+J07/AGRje/EDUriEyXUMW6P5Qr7XYHacfeCnHAyO/wBJXvxS0+5223/Et+dowznUINi4bkffPI5PBA4xX6dl9agsvhJzXM3KSTvtztvVKzvfdvZrpt8FmeEqvMKnKm7ezipJNvSnTVlrrs9uvW9rfOHw0Edx+2F8bo2ben9iaOFJ5JJZAcAdRt7kAnPBGCK+ydXWbTZLSWa2KQXKvHbMwIyyk8lQCAOAWZgME5+vwT8PPEOkad+1B8ZvEc+sWmmLNY6RbWss00TW9yVKGQIwcqwHQEc4HJAr6h8Q/F2zuDHKvizw+xt7d4ILaV4PJV3BUzbt42sARnCj8Bmoy7GQWFqa++8VWaXNa6c1Zu2u1rLZtpbWMczwdapjaTjCXs44TDqT5Xq1ShfpZNSs3qmnrbt8z/F29kP7VfwMs5IySLO7dTnOd27I555wQc8H9a+0Jy8WrBJ7V4ozLKYzuwGG8jdnd6kYDYO49MYB/Mbx946trr9qz4Palfa5p09npdjJ9o1GC4RbC23SE7WdWHIGCRxyOuen3pqfxc8BTO8knjnRJPLuT5ey4Rz5ZYsdhB2HcS2MnOMBuerw2Kpe2xbc4xlKsnG8otWUad1rbs1fZPrsaYvC1nTwCVKT5cLZvlvZqq3ZtLR6237K2iPmX9uS5hHhfwHbqB5g+IejliCPumeEdBnp6HrkZBFfbNgQ2kaeYhgjTNNHI5JFuhJBA5wB8wA7gD7oFfm7+2X4t8Nar4d8ETaNrFpqUg8d6XLMtvcLLJDCZoQJZFVvkAPIOBg/MD1x9fWnxS8NR6Zp0A8W6Sjx6fZI6bzvWRbdN6kAdhxk5HA6EjG+Cr0njMXKVSKvGjyvmjb4dk+iWnTRW3OfG4aosvwMVTqX9pWduV3jFygou1r23fm12vab4vyKngLxg0iuxHh/VkLjICEWkhIBAPBx1GO5HOCPHP2JLrZ8P3Z0ypktwrZAIXaQeTy544OSRuPHNa/xP+I2g3/gvxTa23ijSp5ptA1OJIw77nklt5FVQNoOWOAMEYPXPQ+HfsrfELRPCfhafTdb17T9Nn8u2khgZ3II2jcSwVlBJxtOTkDg56lWrQ/tGjKNWLiqcru6smrPV7PZ62W+6Tu4hhqqyvE01CcputTkrRld2Wr5Um7K+rs31s3dn6Sa3q0KCFRESwjufmySf9QwBY+mM+g+nGPzy/Y5uQ/xE+KMBciN9b8RzlFIRv8AkIsecYBGTgHHJzkCvpDVPi94KuoVVPEenB/KuQrNI6qztC4UbgjMSWIyMcbh05NfCX7L/wAQfD3g7x/8Sb3XNUgtIru+1f7I8pcRzvNqAcbNoJIKkHtnIHGCKyzGVKdbDuNaDd5J8ru1dQaaXrfrql0HltKtTw2LpulLmlGm0mpJyd4+7BNa22bvufsHqlrPPpCXMkhXiHaElOdokAAPvjgjAGR27/ln8A9V+I/gX9rj4leOfAFmLn+wtfW81xbzUprbTLLQppltr29voY8/aVheQbYWUgsOgr7Gm/af+HEsUFidd0yJSIg+fOP3eO0eGOFBXgc84zX5V+I/jp4g+G/xM+Jmt+AtS01ovHV9d6bfJcweeX0ueQv8sbA7JNwDIducgdCOPDzvD08VhpYdtThXgqdRKKklCTipNp7tLpqk9d0ehgsHWnTqXp8snCPKqsbQcrq6mmm5R5bbfJLY/bD47/t4XvgnwZqHw+1228IeL/8AhYEWvxw+IvDmr3UzaRZLA2La+t1XZDOzOVaFjkYBIBzX5sfBSPUvHXxr8EtYaYTdnwFFJYWUt7dW+nSJp90h87UwhPmW8cbMWSU7Wzk44B/PjSNd8Qm/1S91C8uLuC7u72+W2nWWVGubxsvIQwIQksduDhTjHQA+4f8AC5PGXwn13wprnhbVrDT9aHhKayjuWTzEFtebd9nIhXJDcAgYznrxivIo5FQweU4rC4W3tK9O0Zv3bPlgo3tp7unK27u1rX2qngo4b3I06dFzblUVO3K6lo3mruTUdNFbZa9T9Qv+Cher3nwNHw+uPg6LfQNd8V6Hd6145ufDurXCw3t0VijH2aFWx5SlpFC9U5HUkH899Wtf7X+CPjXXdWW4XXLvWPDEpuZiJrh2m81nWaRyXcyMcgdR2714743/AGk/H3j/AMZeENX8azaZrNxo1j/Z1vaW8TpYS2shOVMShlDkklmxjIz1wBneL/iX4n07wD4rbTbeymtL3xFo/nWcodxAIhIQIwVwEQEjcCCFI4AwT3ZHldfL8BQpzhCVaNlVqKyc7yTjzu0eayt1sltezs6FJwglOfM1NXu7t80rtptJ6J2Wrs9N9DE0/S7/AFCO7SGQusQ2PJ8pYkqMBSTtyDnoOPvAE9fQ/h9ZXMHhj4vW04yI/CcqK5IdhtUHKnnAYYYgHvnOBXzTovxU8VwyzMNIsI7S43mRSWADKMJglSTk88A4Jr1f4ZeONfudI+J9heW1nDDceE7q5eZC3msFBIiUAYJIPJbgbR1FevVnXUFzNRiqkNpXclzwVopLRW73126HXSowjUbhaT5Z21XVLVq17Wd/l6W8Z8PyGxvrB5JiUimikZUUP8ikNnA5bjoBngYx3r7K+Ffj6Sw+MfhZ4CsMc/h3WhaR3cTwyvcTW6KqxCRQxDBSRIoIZVIA4O74s0LXY4L7TbyayAhtb20ubpUjZzPbRTK8sMakFWd1UjZkg5I46H9B/iJ8bPA3xg+Lfww8TfD3wpbaWng3wjH4fntm0mPTZ9S1GCxCPMYYAUblSxnfLNkluTga469T2dB0J1YVaU4yqxs1TtCNrrf3m9EmloebWp+0jKyimtW9vh5W43s3qk7JWsle+qP6SPgf+1b8EF8LfC3wFY/Ejwzea7pPgwHVdNtr+EXtjfSTSCe0Ks6h5klJQRjL7iflJOB8x/tdfHK2+I37QnwO+GLpqs2geA/iV4H8TwXlsyyQyalfX6ItrdmEtDEIkVZB5rKxLbeucfy/+A/ilrXwz+Jlp4/8OeENOvvEHh3xLf6rPaam8klvdJHfTS/ZZY2O3ZGwJRTkKQAFJxt+4NO/ayj13SNbuIPCk9l468b+KdF8Vazrcer3G/Sb2xvhPBaaXCybYYkBAjSJgqqBwD0+EhwXiMBm1XMqNWpVjWjJKlJRXvycV5twiveWt7/I8V5TSrVYpQ5nyzk6jbcYucZavSKdpNXstN7n9THjHxF4Y8F/tcfFD4k6zFdtFZfAHQr4raFYjJaaffTzTu29kSQqqn5Bu68cE59V8C/tcfCfxx8Jrz4yWt1c2nhTT7SO4uTcGDz8m5+yYWFGZmJkQ4QICcjoSM/yRfEH9sz4x2XxM8Q3M+valr95Po1p4burDXibmybw/d20ZOnSJkZBZ2bceDnGMgVzXhH9vHx/4F0LxZ8P/wDhHvDaeD/Es2nj+zolMMWjQWM63Tx2KBWXE0mWcYxgkkHv20slz6hKpWXs5znNOMJ1NEptSfMuW6nFtN2S321POr8KUcRRpKpVg+WnRhKcXJW5XFTte++6f8yvsrv+pT9vz4s+Gpv2StU1dLm70+28TXmky6TPeRiIT2s6LK0qxvgtiNwxGNwByRgZH8f0fiaLw5fy2el6qtzd32vai9nHHDH5ji5kdg6sfvB1kBOWAwT1zkfYn7UP7dnif4z/AAH+G+j+JNGRtLS9vLLSraw1WQp/o9mLOKeddqcJGilUAABU453Y/KN57G+1iC/MOrrLp7pJGUuWXaygAOpDcKD1wegHI6V9NlWU4muqk8bSjebhGcY6xvTcbvm6p6tdXon5Z4bIlgqMcNGpytVqk72l8DcOVSasnaEU211u7LZfaPw4vfClt4m0ePxVp8q6Xba1eJqsaWqSR3N5qEDpHNcKSU2xSyZYFgF5OWYg1+fPxlvtJsfGWr6Pa3CyWula9q6W00cMccMkM1680cUYU+XtRGEeQTjhRk5FaXifR/Guraf43n0XxRr9vHp9nbaobW1kYvO0swBDTZzGEU5LA5JGMCvEdJ+GPjnxZGttcvdPOUE8l/fTFVTzvmy8x5eQqSeQcEY3HpXv5fkUaVWrONT3qvKopLSMU9Fbe6X3ppHTXSo2s5csYtSenLJpp8ztN63tbdtu17H3N+xx8bfG3wK8a+J/HPhbwDJ47sG8LvBq6211JbQWFoAzmWW4jOMKQWKA8kdMHcPFPDH7QdvonxGtNe1Tw7s0q8+L6+P7yFZXeZTJqwvpLGGUKceX/qw54LYDA8hfXvh54Fk8I6Nq/hnQ9d1p4NU8HXi+IxBcmCC4vlhdkQgEN5aHjOOg+bkgV886X4Kkjs7WO60m2lmhDyJIbkuzyLJvSSXP3juAJ3Z69VzXPLhum8Xj5fVqXtMTGnCpUu4yqR5XZy2V05NfJPod1KunQpT55RTjKyV9ny3inpy7rVq9trJa/wBNfir/AILS28Om6VZeCvhHNd3mpT2FtYNqGoCP93OkUKJMqk5wxBw3UADIIOeU+BHxK8G/ED4K+NNE+JNtB4d1c/Efxr4ueaG2guJV1a/u5b+2tLRixmYW8hSEMqsGGMFq/BfR9R1p9Q0WC607Sv3Gp6VvdZUjlWJJ4iPLGVxIQu35e/UgkUzxb408TaT4/wDFsuna1qWlQf2o8kNpbaxNClsfLIMkcQyu5gcs5wWPI5JNfAYnwehVpYjC4SdPCSxdWlXqVVzSnaErpJ/ZfvXt3SfQ0oY7CYeVKrGm04XtduXvJxspLlle1m7a6tbK9v2u8Qaz+y540+D/AMWtV1+81+/8VaXoMSayJTNHHayLbyGCW1txGqrL5yxxt5ZJILHGMEfkP+0hremy/Cj4Dajp80zxppuvRwafNEFkiiW7VQSo5VmXaxB4LYDEdvKY/Get39lqNpd+KNday1PbJqiWuqsy3YiVmRb5FP79Cw+YNwAOAMc8n8U2tbfwT8PJrnUdVlS5/tr7NFPK0kdsstz1gD4AUgHgdOnWvseEuBKvC1Wk3i54iXtuePtOaXKvYqDUW+VWbfNJWSehy4zMY46lN+5G0VdxvFKWmye1769L/K1vwbqTW8a6lsMscCbhDtXAYoTkbSe2QN2cMQQcg1+ifwN/Z48Ma5PpPxFk8V3lvJdeE7zXZLDTjbhILpb62tZNPv2DiaCKWGaR2kKjaPUZr8mfCt9ptneLZy6heiDashYTDbIdpIG0tg7VP3fm3Dj1r6W+FdzeJL4g/s3xV4h0+CXwzq0221u3jimjjKOLS4jDcwlgpZSoBwGPt9zneDxOMwvLQruhLX2kuW+6Sdmnazb2vs7enFkmJhSxEoVLSVk4JtO0uaK5vJJW03asz+v3wX/wSm/Ys1DQ/C/iSa/kvXms9O1OWCLxXFIl9earbLJdW/lxSu8BWVv3YCgkjD44z+TH7e//AATun/Z08dax4n+Dmt6zqnhPwx4Zv/HOu28CQiPw5BJkx2Mlwsn+lRBWCtMf3hGCyKfmr8SNF+OHx18Psh0n4zeK9MEkkbiO18SXqQwJE7pF5cHmYiZFGMD5QecHtqan+0b+0H4j1C58P698cfGniDSddsLmy1e21HWLq6g1SwlQt9kulkbbJAQgBjZiABn1r5ajw7mVOpCca0XLmhzynVqyU4XinGUJOycot2adk2tOh20MTWoYuvOrj5V8O41EsNUpxjyym17NxkmmuTp3vrdJI9M/Y7+Muo/Cj9o/wv8AEJ41vIJb1FumMZlkP9p3KRuyHlVl3EFQQAACepAH9S/7dvjzVtB8M/s8eMPC3h2Txfq2pX8qJoe9YhfSapZQusBkyoUkvjaeCV5xkEfyNfA/WIrTxhpInS1nU3tkEtxACQ0d4iqwwDlgfmyT6npzX9H3/BR34hePfh9+zT8C/H/geXT4dc0DVtEvIX1S1+0WaZtIvKzEwbGVBXGBx1wcmvifEnJPb8T8OujRU8RiqE8M3dqnKpBqUI3S5velJrfRW7n1+TSp18oq16s1GGExFapK0rJ05UmmpO6sr63btdbXdz4W1zxv8QtN+AXxsn8S/CO/0LT2+Mvh3UNWu4LmOWLTvI1KOWKwjjZsNtYlV6IGYkn0/ebUf2nSn7PFz4ksPCfivQ7keGtHsNPQ6UlybtotLtVURRRGQu7j542QHGc55xX8nPxE/b9+Nfj74UeN/BniXwp4Yi0/xnqujXGoalYJLZkX+k3ouDcpbxw7M3TAAnO8jHGcV92fDz/gs/q3g/wZYeGfEvwkt72ySxs7I3On3bX7QpYWENnDPaWVzHHHFO5hMrMuTuOCScmvnM28PuIq+Hw8llVSco4qbq0aL5rU5RopO85S5Yvld9ebXVK2vh4jMMsxVSPNWw03RmnBzrKMVTtTbTUpLmlo46t32Sd2z2D4WftUaR4h/wCChkmp+Nmm0hdI+FE3hm0sNR0xEvYroRG4ElzA4+R2aTk8EAgnDAiv178W/tB/D/x98PbDR73xa2iw6ezSQXL27WcMlxaxSmGOK4ACuXccqpJJbGM4r+V/wd+2f8I7r9qDxL8cPHWk6vpttr3hSTT7ZLzQEur6HV5JZA91PEgx5bQFIVccfJkd8/o7e/ttfsJ/ETwVovhX/hOpdE1GyV75/wC1hdabZjUUhZjCtvBCysskhGxSThizcjIPFnvB2ZTxOVRWUZgo4bAYalOVKk5U4Sg0505z5dXF2Wj1W176utPKK0FVeJpuSbSjGrFR10VrpXtpZprpe9z9HP2D/j/4KsPhD4X8Ian41tZfEniHxN4z097FVSKS3dNYvpYJrjeUUxNC0bpOxG/OSfX+d/8A4KU6fJqf7Xnxe0s3izySa9pYtrwyx7LkNbwldsiMQVAHBBfP3qX4PS/DzU/FHgTU2+Ksdta2Gt+MbzXrSDxPJprPp815cy6UsT74QqhWjYYYEqxDEAkV8+ftFeJ7PxJ8dvG2o2eux65p1pq+kxaZqCXEd0Li3ito1R/OSR2udgUI0m45ZeSelfW8P8M1MpzXFY2Ma6jUoVFapSlCKbqwaheWktEpJtX100dn59Gjhva2p1YTlUSTcZwfMrxuvdb1irW68135Hzz4N8H3fhn9qn4fWlzGpTWJLi+imjkaVtqWgjI3EnClwMgAZznBBOPvjWIP+LzeAg8bjd4q0dMk8sF1SMYPqARk9u1fMXhCO+1D9pT4SXswWSWLT9UeCJoiZHiRGO75h12/NgEbQe3FfUms3kj/ABo+HDzFYBN4r0xlBQ5AXVkGGU4BYYORnDEfMOSK/TsNWqzoVZSTusJPlStfqrd01bRaXTehliKNNVJRTfu1U9eXZqL6aPeXy72sfa/7erhvFHwXQphPs2oLleASEdircnjIGOSRx9K+GrnSpL5vBdpGMrJe6pIw+98qyM4IA6EAdCOoA57/AKT/ALY3gy58S+Mv2crDz44j4m1DV7WAlcHEUEjHvhVxg7QfQHrxwGt/s66h4GtNE1nVyzQWmk+JdRtLhowkbNBFOqrnAyccrg4x1PPHh5Zn2AweEw1DE1Uq1ec4xhpeT55RlZX6LfW631sc9fDyrVpOnooKO/Xlirpdtu76o+JtN0XR/wDhlX4/3k6Wj6xZ/EPS0tLgxL9vjjBCkQybfMVdqsSAQhOeSea8o+Hegah4j1/V7XTbnLx+Dzc3JnBZmghtTIUVMkklVz78joBi/Y+K2k+G3xU8Mxx5i1bXbDU3ZiVDS+aqADIywb7x7/T7tfQ37MvggTeNdWuJpxHJc+DLy2WERnBZ9KmdeAegGDk4I47HNevXx0srw2MxTqJrnVSDbskmqVoq9mne6/yTNKVFYmtRhazUdY/ytW1d/tJNXWt1v5/L8uhgHwtqV9Y/YbVoJ4/PRQqbwCql8gbTKRkAgFs59K4q+0K0n8E+KlMEUq3HiGOKOZcbnUzAspUjltp3KQAD0Hyk4++fGPwwWP4deH4ZYkml/wCEm0wXLp8rPHIc+WSDkL2xkD1Wvlvxn4Iu7LVLiwtg9lbXmv3LJFtYwuLVHbIAG3quAcc5A54B7Mp4ohio3m4p8zjLlae3Vp2TutfPRp9TbE5S07U7aqL1jfmb2TT06NLZ697HgnifwlbPPq7QMZILHwlbuFJxIjhVUBSo3ZBONoPGO2K522F7bN4aggK6jHN4bu4zDdgmS3QIS6wynknP3RjBGF6Bsem3kjx2viy41SJ7aX+z7axheND5bJgqpcAAAMQoOCe/TFZcehyLd+HHlUvE2gXbxzKSuP3TZBAOR6MQeTkHI6/U0a1PE8sozi77a2u/da0buu2763T2fj1KFSlJqSk7NK1nZJyjZx2skrpK7Wi6b8ppU2mX6eA7SGZrfyrm6E0N7+4+ZS4KxscKx3ABTkZJ4POalaMRWOsI0OE/4SNTG/UOvnAZByRjByCOAOhJwDXu9IEsHgUTQB7ZdUu8upywVnfkMuTuOPlGfXg5rNnuNUsotaNqftWmW2vxqtjMMS7hIoEUcmc+n8QB56cA9ajODUufZW3aslZ3u2vz6at6mapynTaaVlG6e11oldt2sk/nq27HcTzRNF44Qjyh9jsSOMlsKh+XJxg4PP8AEuOantLhm3hgGxomnLGzAfKpJGQf9rGTgc4ySTnOCL+yvf8AhMLdSYdRn0+yd7OZNjg4GAhJCkLuzhR8wxhTjNaEKzxLfI4YSQ6Hp5AODjGScHucdeSOc8YFbU4xdSLbTva73a+CybWl7LTfyWwuVwStKWr2ST0vDyd7Ru9F5279bf28F/Zk3JaUWkpmiXGGL4jXcGPYMxxkgn65z85ftTw2dr400SeSARiLwLp0aYXJkfLHc/GAxDjGeDzjGRj6Hti0nh6/k3lJ8wuobq0Urqu7OM4UDnPGT27fPv7WcUk/i/TjIzE/8ITozRqcKDtHJGMjJUMcqTg9Oc1jVaeJpwTvuotqyaSp2V9Wlq2r6d9dCKyUaDk7c0uVqV9JXsmm7Jx6tJ99VZpHS/sNbT4i8bq1sGZ28MA8Z4kvORgMGAIK8c55zzgn1T/grCqRfFfwdIIjCP7BtUKkAHethDkjHoo3eoxxxivNf2CdNkufEnjyW4ka3W2TwvJuLZVtl6SQu4AY27efXrgmvQf+CtzTj4m+D5pSGaXS4lRixYNGNNhCM+OATnOc5z97PQfFwSXGsW7KPsUlGy6U6fb7mne/pv8AVz5nwdFJW/eN3slf36a36patLTrdbHyl+yHp1wvxQ0zU5LNTbR6brSLKShAc2z4XGTuYsMqM7udoy1eN/EXSpV8VeJLkQKxm1jU5CSwHlAyuSgTnYQOg2nOCQeMHvv2Ydb1CPx9pEEd5EkcVvqBa3ZRtceSVBXLfeGSSMc88+nkfj+9vJvEuvSSXQVZ9X1JnBOTvFxIqlh0CkcBcA4yWzuGfrJxm8yqWa5FShZW2d3fbS7a9OnXX5amoxwMU43lz8yd9bpRu/wDOyskr+R6BrKkfC7wcBC7Mq3oj+UOVYFxlTz8uAMlhjjivuH/gmc0q6/49kfIaM+HpBHjYNwv1wSw+7jvnnB7nAr4n1m2ubb4WeBrmG4QvLBeNIxwF2l3JVTnG4jHTknoOOPt//gmOsj698RTNPE0UttoLKhA3K39oBQoGMjL7eQARknocV4/EMJf2LjeZvRXVv+vkN2+ut/LTe1j2MukoY3C2jdqMVZpf3Uul/wAE79tjz7/go2bmf9pDXplOA89gQ5cnLmzjJGTzkDJxn37Zr531T7X/AMKI0goisx8Z3CqVkLAsLfaWYHnI24A6H14zX0V/wUPiuk/aF17JhCfbLJFjbAJP2GJhu2jggHnHJwV54r5+vww+A+jR+dAsq+K7+UeXzgiBh83cc4xnhR2POOzKXGWVZQ4pt2pXaWluW2+qtrrs3fyOTGJPGZindNp20tZtx6+TvZX1d99TxTQJ3XUoFd/LdVn3lCS53cZ4H3hzjLHHBHGd3ovxR03Urf8A4RmWZiI59H3w75NzeU2CWOCSATx6Hqdp5rz/AMMQxNdNcSzqZIolX7qYkeaQKxHzAAAHJHU4JIGMV7V8b9Qhs7nwjZGFA8fhiHBVQQTJg5x0BP5/dI6sB7FRNYug2nZxcvkopdn1Tt5q97JN8FLl+o1YuVruGqV9NE3ZXW69fVM9y/YGIb4ja4VUl30S1UZHGBqERJPc85PI69zX0f8Atx+AfHkfxT8P/FOz8O303gnR7/w3Hf8AiH7P5mnwXcQilS3ldAQisy7C2RwR1yceA/sAH7X8StaiEY+TwvJMSML80VwsgzjBIAHGe/OTzj6O/bW+Kfj+XxfafDWz8TXVh8PtWsPD2oXujAgWs99EkamdxlsshyenzAZwM4r4TOaWNq8RUqWDhQkpwSxKrOS/cNWkqfIm+d3Vr2STu7n0uAdFZHVlUlOyuoRjZNVFblctLOLdk/L8d3Sf27PEMWt+KNO1Lwt4ctZH063sfD7zKyyT3iwrFBNhl4Vhli3BK8k9c+S3H7bvxs1LWtF8O+LLPwqmleG9bhvoWhiSJJAs6lo5plBL4iYrufIDAAgYwfnbxzpltd+KpJm1W0uJYIrBUZIliVyqou8BcYZf4snHOVJwK861jSrqPU7hQ0d0bguwYy9QOoXk4xngZOccela4fw54di3V/sqgq1ZNzrXlKfNOye821a7aaX3aW8V5vioTco16l6cnpzO3JKUW4yV37ui8kfsj8dP22Phf4m+Fx+xeFJ9L1tLvSY/tenXiXkNwLVojczSxbtxjdQ33gBgjOCcD58+MX7SXwv8AjX4ftdG0Ka20VJdEjXU1mUWbyXmnW/lwoIgAjGRicDcc8nmvy11m2udNtrpIvMR54Qz7ZHZF3NhiAeOTnkAdCASM1wEMcj3KGa4cRbA5LSGMxnI4KlguSTnBOMD1FceA8LMlyt0KmG9pGpQxEsRCXMm4c3JePM0na0bdNNW9bnY+KMVWaXJFxnGMJQ5tHZr3tlq1u7X0XvNHvPw518+DPiBo/ioW2nzxaFrMFwIL/aYrs2spKiQ8ghsA59SDjjI/o7/Zc/bu+B3xi8DfE74d/tJ6l4lsItSgS78LaR4WgmubCCG2t2wjyW6SNDGZki8x3VECE/MMiv5ZJWv52k0+zQzKwR8YyCflBJIZgd3PTqB71+qH/BNTQ7y88S/GSyVbA3r/AAw1FLeHVJrO2tkH2dmaSO7upFkjkTblI4AzyMeccA+Zx1wfkuZxweaY+g6uMymtReBrwfLUoydalflbTjJXSb0d7eR6+V51jadGrgaMn9XxN5VopqLUkrpRlZ2aSskns7btn6WfDvxT4E0v4N/E/wATW2o6VGLKDxDLpouyI9QmtgrRWSxqy7jKkZTJ67sk8lq/FG3vZb9dcd7kO1y0l4M4JCvcvKnJHA2sd3IGcYPAz3mp/EuXw94D13wtqH9oyy397qlk04QyIu+5csYpQxEqfIcEEgjHGcV88aP4u8O263cU15LE72CW6LPDIMlG5LPtChiWzjkHB46V+48HYSOX0K0qlSU3WVP2fPdJRjGO/Ry1TvZO6sfknFeIqZhWo+zpuKoc0Wou17yV78q8tHbRt9N/c9ItLbWNeW2uiZIE0kuwJADMI8qdw5+8N2AWBPpxXGXemr9iuRaSzR+Vd7CxAIGHYYHGeB0I3YOfTjR8I+KvDyawszajaJB/ZUkW9pApMuwgIAeucjaOnXg9KJb20k0m4W1uYWmluy2FkTJjDuQ+7d755/Lnj6epXj7VyurON1KLbe3u9tLvd6I+Yo0asbcyldNNt32aVlG/ls00tVtuebfZ9TXZLs822S4mXey7fnBx2OcgkEkg+g614X8VbaaDVIGmtpNhtwcngDLFgVzgfKDyVI4645r6RsPMbFpJKFDyyS8FGHD4GSCQT0A+YAZJxwBXkPxwt5Pt1swEgiFtGkZUNy6kHnrgnBUjgEEYJNeHjsQ5Sgt1G9nrpflun3VtVZvrs9vbwKtGbldK8Uk1dxl7t1dX934ddN+lj9V/2ZlWb9nkyBWUroaRx5T7zRSF2HIByAeT2Oa7HxNpjSW9tFBGTLc+HI32gjBCqGbA4IJ4A4z0Gck1yf7NBkf9nC0eMKBDp14rDCh2zGQS3HODngcdepxjofHuuX+j2/h6/t7USuNGt1CFSRJDhWlDRgklinIGfm9SM1+d5nUqPE1FT1anNxTuvsp6X6X23bSdux97k9Ok6cZTaSnCL2uul2ls9r2Svrpa6ZW+H8L2HijT5r6yljGm29ssgbjdHMRhiGwSuGByoIIBGOcVz3xu0nRLjTb3X7KLz5I9SvYplPzRJHJGQhUHAU7jkFfu8euT1F78RtB8S+IbPVNIk2z3mk2em3WnC3aMw3tnGrSM6InCsAQGUZzkHlc15z8Q9TSb4Y60YRumfU2JjDhmTbKB8uMkjHGSR8p78VhlvtpYjDzlGSalDnV2mnopJPVPbblb016nNxPToxyrF0o2kpe/TlbquW1o/wAzavLtq30tyX7H/wCzYvx18d+PtO1uDXB4c8P6At3ftpIhacy3RaGyUOXG2NZyhkK5AQknkc8Z+1N8MND+DWsab4dmbUk8Rf2TdWM9lc7BFYWySMbN3eMsJHngCuXfDAk8YGRT8K/G7xN4Xs20bwlqN94R/tWKDTtY1jw9dy2eoX9vH+82XDRjMoV8hSxwF9MceUfFDxe3iaw1ubW7zWde14Txousa7dy3lzLBGvlrGZZMspC4CKMEDrkdPbo4DN5Z68VXxUY5bGmo0sPG7bfuWb0Wt1LVK22j1PzqtjcojkGGy9YJPMY11OeKbs+RTuoRvukmveSto7bWPmSxi+03MCnLuk8eHIAUL5qkg7cDjgggqD3x1r71TStOXQrWSKMGUWmnl4cq0ZBVdzYyMsT64IHTtXwdZW+ZFIzCC6BcZHDEAk5IYDdnkdMnO4ivprw/qGor4ZuLeSTUrqZpIFgMEU1yqxREIvMYYoT91SSMnAAxgn7CGIp4WnKVSShC8febslst5Wet7OzS6JtWOOjhJ4ipGFGDnOKukm20rWUrav5rbTpc6BLW0kvrqOS2RUS6UuVRcMC3PAxk8Anv2wM5PSajoFnapb6j9jgjtrhZ/JLquJSBhiuPmzgfxYOT6/e4u80y8juraQjV7clBNO1xZXMUbSOhIYu8apwAepyPUEV6Jfaf4HvNE0aTSvEmstqtlu/teDUImNhFKwJ/0RWLBtzgdQAMZByPlqWc4dez9nF1VJ8vNSSnFO8XeUo3sraPsrW3TXTTyzEPmVRezlHVRqXU5WS2v381fVb204Oy0nSolupJbaNJXZJRkK2OxGGII45I+bA4HQA6Mel2MyTM0AACh0CEKCCQd3HBJODjnOcDqDWtpXw+8Q6+RLoVpqWuRvK8KiwtJXwvJAdgu0McDqSe4zjmLUvBXj3SBIJvDutWlokht55prCdYYHjycSzbCkeAMgs5O3nnBxySzvATq+wljMPCs7R9i6sFUu1G14OalfVdP+3e/R/Y+YezjWWDxE6LSftIU5ONrRu09lG7V9Um+iTMW40TSje3N/8AZi06pC28MGA+XbtOGI3EE5Bz6fxEGjcaJpUM9ndQ20gILTSlcAlmIByBgDGcAYJHQLzgZ1q2rSXs8Cn5HzK3yvIm1c7gxDdsMTyDx3PXV0jS/E2qzanFZ21xPHZ25mkeOznlVYyQcgrGepGR8rHoBzjKniKVP95Vrwgk/d5pKNvhb+1ZJ2Sdr3VmuqMFQq1HyU6NRyTlF2g201bs2rNJLRbJatb8rq+iWVzqFwEQhoyZHbeN+xmGUT5iCx65A79sbqpWem6fCL9YgWncEIC4zny2OM5PY88BsnGemNbxL4L8aaQDq+saNqejWmqxxtpt1fWs9rHfKwwxtjMql8Y5AxnuM4rF0rRtQVbi6tba51Jn3iVLSCaZ4RsYO7+Uh8rABIZtoCjOSScctTGUZ0KleNenOm006qnFx0cYpXukne6T3T0v1N6OErRrU6cqM1V5otRcZc9rx15Wk773slpa93qf1K/sxtZzfsk/s5W1yuRB4Z8VjzBk7ZRswWbH8J55OPXdg1+Rv/BVIMPiD8HLePyo3bw5eSIwI+ZdhBZvViByB361+un7KVtHN+xf8FtThziy0nxHZzLMMOvm7Q8YUjcrgDnPAwfUMPxu/wCCrGoaePjB8I9IsriGaWz8GxTT7HMhUXgb91zg+YCCCeSQMA9j+W8Hzbz3FNWkoYrHcrslo5tpqXVXatp0+79X4i04aow+FuOCVpLW9qS6pap3ez2+/wDbP/glZqt34U/ZC8HajBoraqEvPE17dLHsZIYYlVjcsrfIGBG5Wxk/xcg1+eH7YPiIeIPjv4q8WOTatqlpa6rbwTBWdbUOIkG4kBAzxsCoOdoyAOhr+JPiF4z+Gf7AvwBi+HPiS88LG9m1G38T3GmXclrPcW16xCQybNpbzOQ4ZuR3JAA/O+Lx34q1++uX17WbrVbh4o7Vru9me4mFsGJWLzGBwnzZABypJbjrX33CGWzoZ5i+II1k1Vr4mlCnK7nFxqKN207KN1e1vdat0Pks5zDlwuBy32f7ylSoVHNySg4yhFteaXN30s0rM/STwH8Gf+E10NdcufiJoehpcR28sUc0tszJHPnKzB5QyypgHYAMcfWvRdN/ZS/tJYw3xp8J23nWk10hlurIMscLMCComJBbqFOeuCOuPyqh8S3tilxAl3dhWZQVjuJVjAAwPlDBQM8jGAoJzTYvE15aozzXd86mORU23c/8WScHfkKQeQuQeffd95jcw4oq1ZTw2dzoUnP3YKhTkoQvHljeSvpZ3dl56WtdHH5TGhCNXKKdSooxU5rEVI80ko+81rbmkm3ay007n6VeIP2bLPR7V5m+NvhGVjqMNnAyT2zIzOoZpJCr7hGm4ByAQPTufrH/AIJTxT6L+0J8cPDsmsaVrq6V8PDFHq2ky+ZaXgaWTJjccEAEAjkZIHNfgLP4jmu5UXzboWzTFx5lzNyVAB3kvxnbyRgnkda/Xn/gjZrdxD8XfjKsKFpD8PD5JyTljPIVZnY5cAEZzl9o4y3NfNcSY3OZ5Hj6eZ5nPG0p04R9n7ClTXMpwfMpQSbtZK22l+uu9PGYDFVKdHCZbRws1UT9tCrOcnbWzUnZJ6WaSd2+5+l/it2vdUvdr4a3trpDGWwcfan5Ck8ggAjP4gcivO/EVpp+r6bcaXq8KX2n3MNnFeW9yodWglYRtlSCAATkdgcYPJNd940nvbXUHmvrOOGa4sXUSRqPLl3Ss4ZioCqHBIBU9Q3AKhq4LU0E1nqhVwjW+nW9wY8gf6g+YecnBABbqcknoRz+DYtKWFq8u7pStqlJSXK0/KSevTq0fe5Q39fwnN/z/pQkr+7JNwi4tPtf8Fa5+Kmq6Hb+F/F/inSbH5rC08YIbcn/AJZxHVt8SLnnbGhCjpgAgYWv7jvhb+8+Fvw0YEkN4E8MMc4PzHSLZiABjGSPTGRggYwf4ovHtk8HxC8X71z52t6XcoxJzieeKUFT3OWwRzx8pDA1/a18J+PhR8MgB08A+FuCSMD+yrf39CBjPPOQSAp5s0xDqYbBubcm6NK7d95RpN3d/wBdNWn0MOJqKo4mCjC6WIrpKz0XNZR16LXZWSS369xkgMM4G3jg9wFON2eD1ySOgOP4aarHPCgnhVxwcA/ocHggjGMAfNgDHaBxxkknHXPyntgcKOcHGOOeShIXuAM4JbPGSeo4PGcHHpwa8SNTaz2s/wDhnqk9baHzybfKkkrJOz+J3UU02+rvovkm7IQqSewHcAYGevY8ZP5k4JJpecDIAIxkH6H+pBAHXGSeuTeFUEgls5PIycZ68jjHTsTzjgGmb92SFOeeCCDxzgdt2O2MAZwa19o0rXTStZS1eqWmlvXe90lfYS6fJqz1V3Fdkm+nqtfIZ1Ucr1wOOnYZ685GB6c9sHDWbaSOvOecYJ54znGOMEnhffNMJyeCcghtu0e/Trz69CADjO40qjjg44GRgBcHGM/zBB5BOMkZpqSu1Ju7u11smk1fVpu1rK32t73s4qUkraLToujvu9ur1WltGtRxYEqMkE8AkEcAfdB9cE+7E9SCKccsMgnPHOMemOTz25GRwOcnC0iqx+QKRzgDd1AOQB0+UZ75K9AM9HiMHORg4JPJxlR68gnoADjOfbBIzV7X302WuyV9Orvs1svQ1dPmSb3jb7rK9m0lotLbaWutUk44bGCAQB6gZz3xwcHHQE9uaYVDHlsZPHUdD0xznv2A6dDndKi8Lu4ON3GByOQAV4HGM/zwc0mzJGcZUsQfQHPIHOcYGTz7DtRGWrtZ7WT1S1jfRq1/PVLXXR3ShpZ2tbXz6+733ulpa62IUQ4+8Bzgk5PDA4GePQ8Y9ec8U0KCcd88kdyAMYxyOxODt4JGM0pGQBnGDn1z04JP8IAwSR07DrTMfPuHYjOSR0wW7HIJ5Dduw5zRGpN2Svq0uZX25r6P1krtt7+aCSitndNX0UWrKy389korf0uPZ1ZlwOCAM9+oUAe/GAT1zgEmmqQQCCSDxz2ycZ75PAJPOOcZA5RQGxhWXJY8kAnpgE5zxzg/xfhT1AXqScMCDywC9sDIOeTnHXAB6USmrLRrbS/kt7q+1r2Wu2mxKeuy2V7a3b5UmrXe7s7vS6drMAPukDPAHJxgAktkHnuxz2JI5IxUZxuyikjJBON2Tj5SO+TwcnO70p/yk8Kcgjtjj5tp5JyOeB/U5pxbIJU4y2GzzjBOODkEBRnJBIJxng1nKbum0rcybatbRQ+XV337XVi4pOys7vRdLXfVWS0s9dtH5sqsM5yDkZ5XAxkqO+DkHIYZ7HkZNIfkGMNuxnPB5J98bvvEAELtB4IKgVa6jG8DknOMZ5Ix257jAxgAEHnDSqkhic/IQSCcKe/cnqSc4Izwe+LU3dNq11Gz0dr20VrPlWm1uyavoJStpfTS+7e3XW+3VWXZ3s6RbcucYIyBgdMlc/McYyMEfe2n7uRinluANyjIPbjJGcejdd3HUDtyacYy2TkYGcc8Mc9PmGNu0ZboeeAOpaVUkAlQQM4wcDOeOB0OMBcYAOcUpS1sne6Svt891Z7uz20Xduk5vdO6s2t0rpbpLVdb6NP5IQqTtIGV5IBXaGX37bhzzyOP4QaeVCsrAH5VwAQTu3YA69eoIGTgk+lToyKMnrhcE89CMAhcgZycADA2oQQRmldlOCOuQ3POAQefTPrlhjnBrP2t2lZNe7u9dLaJ63tpfftfZi5mtvnok7b6Wsn5PTd7FVckNnIyMY6cHJOSMZ5x2BUg96auVJ+UMAQAeeuMY6e3GPfj1VmG5huA5JzgbVPzcHnoeCO289SKchwT84+9u55BGOCTjr6YJz2x2JTfLd2eyvfbRJKzve9r6NPX1K73aWzsm3a1r+7s/Rv52Vxyv0BBUc5JO3aQO4zz6k+3B4Ip4ONjN1Iy/J5JwckdQMk56ZxkjoAw4K4LEZ5ydpBbB6ryOMjaeeOOMUxgT0cg44z1JPHcckjOc8j8aiM7NXdtU0tHb4b9fv7bX0Jtdtu8U7X0f91avdd9dVbqx7OAASucng5boN2Tg4PzZB7jOeQM0m4cLhlAxnd03ZHPvjkdzg544FMAcAk9tuAOR1zj19emPbgU18AtkknoMHGd3JPPbn1B7DOSa6YV0le+rulbzSkrbW30Tve703YnFXTi9W99n9m/TS6SX/bujT2R5AB8x5bJOBz8oHXuPXjA4IHbEORjg4AAI3DPrjjoOc5BxkDvyCrA5ZjnBAA5A4B7kjgZ6dcY5xVWTJOVBxgkEZ4C9f17cAn0JFcdaqnG/MnK9k9eji1pdbW1e909tGXTvfRNvq09UvdTST7JrbzaZI0i44H3eQQPl4OeRu+997r/ALQyc8RiRATz/sjoQQcno3HTp1x3Haq5DYxyQDltvB+bOcD/AGj1wcZ45JFREk4CkZGCAAAQGwMjJAO3IJycfLx058+VXle66a9tFZKyu+z23ae6Oynze4nFN6JXSsmrJtPu2k/zV02W2demDyegIJUdMDOOwABJyc5OP4WbiOeTkY6jkDIwD/FwcdQTnBBHNQbjghsgn5ehIyDwc9h0x0OcAk4pjO4+Ykcj5SScZxwO/PAweRjpwOIVSTerSUbbPrZXe6Sd3e/TRJsagn5JaKyWjbi0rdLdd9ur1Jg2B0YccdMclcEnklhkHHH9KRh0A4OccnA468nOTj6Due1Qb5MqxZe+QDj7vrgEAg47Y4GM4NIXGBuKg/M2Pug5wBk+o+pH1NNSfSTulpq10W2umll36ddacWknv1203S+aey/BdSZnVVAIyR8uCowVJ5GTznHQkgH36UmeVbcQcHhhyAOcADHfnLA4Jx3qDOSSD9wHOD8oGDwPu8dOuS3cjjc1SSc4G0HHqQMdTzgbeeRzyR83QuMm21GV9e/VWte/V9N1brZjSbS0vHfWyfTbW+ySXa76anKfFeMXHwy8XIcY/sySTnOB5YJPT07sR0OSMYNfhj+wv4dOs/tlfHvxlNM9xpHhTR7G1srZmKpb6texiK4mQMwRnkhKoGwCAD0wM/t18ZLpYPhT4vbz0gVtNeLzScbRIWGMkcls7UGTnC4zxX4qfsc+JdD+G3in9qPW5/P1bVR4t0qzttFjIlu7lp9OjeGVhEX8qEyN8rFgo4yeSK8DO3G2MhObhB5fTVXlV3aeKhFaJ3T6P5pWW31WRwqvBtUo3qzxfLGN2rtUveezduXe6d9LW0P5qv2x4XuP2ufjjKhW3uLjxxeJHAAGLLvZQpYt97bycnkEk5Ir501iCa3FtbxRxxvHMwkcAYyeWJ4xgBjk8ZxweBj2n46ape+Lfj98UvEmpafNYX17451d1XYWjWSO9mVYd3IYxoBlhwSMgZrxvxTc2wdt8hK2swF1IhCqGdMBWBYHJPBwpBzjg1/V/DUkskyeHNH93l+EitU7qNClbT1X3O+5+P5zT/4UcwTjJSliaj5rO2tRPW+3lZ/CuiNbwBo91aao+ty30Pl3LOtvEdrBpYiW3mPGMA842539DnAr9e/CsLaj4b8CO0jvFJaB5nB2xtKFGe+CpbIwDwOwHB/EnQ/HkOnRvpSWSyzmWRracSlVhUknJckgM46KucnLAY6/ux8JrI6n8MvhZO0RWOWySeV92526O2eOgGRnOBjB9R+X+IscVHHUcVXSVGVaUKTd9owTtrtd7v07s/SOCPqf9n1KFBqVWMIzq2i1aXNG19rr9F5u31WbWQ6JocSqyhHt97MAFx5XO0EcDnB5ypOeOCPxL/4KDhx8NfDyPGVY+PPERYn5dwWd1UAc/L94Z65wDwK/cu/uYpLfTtPh+Xa0Th2wNoSAnYW7NxjAxznFfh1/wUJcy/D3wqBLv3+MfEDDIGAy3bg9O/HAP8OPXA5vDbmqZ/RlFJv2sdUrraV0rt3Wja113ehPHcmslnTvyqMIq7btzLl26br73ffQ/Hu5Oy1to0UA7xwckggkHGANpzyeoP4kDbttWuE8P3dsHuRG95mdFdlRyFOGZRw23jOeuNoyGAODqMrKbVVIIMpIwccEkj24GOncZ74rRs7G5udIu1S5RF+1sWDMST8hLYXnnB7Dg896/qSth4y5FO7j7jSSslJJaO7S66yt1+R/O0nOyUZWu4p6WWy0dne7W7/petfst+Er3xv8dfhl4c02J5J9V1uAzOA5EVtBKJ5GJ/gVRGQT0BbGex/sC0Hww8beH4I3229pPIFG4sWaKEJkuRlmJXvyRjI61/Nl/wAEo9BW8/as8L/aHimisdF1S4iLKrSCXBUFMg7SAxBOQOv4/wBXuk6IzT6VCkRYRPdSHEYJUljy/AGcH+LGAfUV8ln6Ua9OMJ25YfC3dJNxeiTS1XVX20PQwMJckny6uy3u7pRa0Sdm3d39Uc5Pp8sOmaq26ZpI9G1aVChICj7JNt3ZPfHXPTOe1fO37HNnLN4I1BnjkM/9tazKzOcAK1y55BHpwCpIDZPpn7X8QWKw6Jq4Zo4SPD+pBmlKRMB9knXlmKg5JycHDE5weK+Z/wBlWfw94f8Ah+8ura7ommq+o6q2bvULKFpFa4fLFZJ1JK45TvnHQV8vXVSXLFT93TTV7ct9bq1r972dld2PfwlOXsZXp7OKu9FZxvrpq1o77taPR3PXfEsBF94QVbfP/EycMTxgjIAABOVJOeuc9RjFXPE0EkXh/wAUStGFSHwzrkuCMspWxuAc4JIAzxx29Bzxvjz43fA7RtX8Krq3xM8Nwi3vZJZora7jvJAoBH+rszKxx0A574PSvL/ip+2V+z/ovgvxs9prOs64V8L6zGZ9J0TUJYUWa1liieWeS3VUjLPh5CwC9cY4qcDTnTxUHe7VSC0a/mg9E7avX/O5tUo1FQk3SdlTd2o7KKTfvJLa173vbXTd/wAZeo6TqOqeLvG99YW5uLS28TeILi6lOEKA6jcZwXPPoBk8565Br3/4Ca68Hia4094kiKaS7OuQeVBIY5Y4z9cYznGCB8u634oVL3XvsBu2h1PXNQvVkRjF5sNze3E6o+cB8pKoZecN9c133wU10r4vvL9o3BTSnBWWbkqFKrgEgEdscsMHqa/bnjMRShRoJXouEG7Ru/s6XUb8ttrvXTyPyyeDoYmOIrNxVVTlGKV5cqUlZNW66739LWPov9pO/kk+GF8jzeaslzbMA20gDecLzyAABzgkE9ecH4F8G6zaaZrVtNLKqxKcAMuAHKj5yCSAOSQDxxkjrj62+Mmpvq/gvUYI45WeU2wESFWVCrk9QSNy5PBB3HtzXxtD4bkN3EgW4h3RjlwoG4Lls5OCx5AyAOwPPHRSqz9nJ8uj6Na30et7PXV9E+tjz1haijGEZxlytu92nrbTo7K77a7dj2bxfqFnf6rYmC7jZRZyEMhAUllLYwOMnI44yeMg4Nff3wHGj2nw18NJqMEH2aU3E9xOkCGXzckRb3I3H5gAoOVPbpX5kzabPZXNrcyRPJEto4DHJIwu052g4JAJxjBzgc4z+iPwimhl+HHhyztRcXGV8140BIfMhYoegXbnKqeCQTmvieKVWqYeMacZwvUTfLeLs0rbdHpfbra+z+hyWKo1pe0knaKeqTV24yu776WTVvRb27T4jfEDVpPCq2egTadLLGNUt2W5soDFbWaI21huA3Sc4z2wD8wxXwrqnhnWorXR/EGr2sdtZX8rxZRYgty5Y7plO4sEweuAF5HU4P3J4/8ACNhdeCPtdjHKl5HBqLT2ILRyTSPGyoi4xzkcDqD2wRX5keOj8RNX1LT9Pt11C103S4FW1sjKTDEykrKzqSFB2gscliMYxxXmZHTxcYRhSdSFmub4nf4VrfTWybVrtp2PQxdPDSmpzcGr/Dor3UdNkkr+mqu0tEdv4kMFtDEkU8EkUKgSSKq5GTgIQAcnHUckkkgY4rlr25jeMBFiy6ZDICOBhehAz7gDv8xwQQy+0zxhDpiC3s7a8/cwzXGIskyhVBznBPckAe/JIonsfGUtvBJF4dtwZIAHQqoKgBQCvQkuQuAMgYHPGT+jYeniY0YqTk3y80tG00uV3Wjtbqltq9bHy2Np4VzSgviStFvS7cdpbK17aXa13szX8tYdKvJTIrsIFOUUEYJAILLleOB16ce45i3uoxHGIZA7OykqUPGOSOFIG059c4z0PHrug+HPEw8N6uk2g23lR2gu7gsVMqALuKfN6AZxnjuO9ec6Hq+s3F0FsPCtvHZRyeXI00IJV0BXcHYZKsQCDkgk+uMaQlUT9662Vmm2m+W9nayivtNu2rVjCtgqMYRctL2tZ3d7xu0/hato2312KkV6hed4XPmKQzKY2AUgjcRtTnd2GTjt15v6pq8M2nSRsWicwhDK8RVCSMja+xQS2TwvQ/KAeQsN4PFK38txHp0dq7ZxELeN43CsCMoD8+4ALzwO+c5qr4/8T+L9a0q2sbjRbeyt7WKOQy2mnxxTySR8DeyAEjoTk8c4GPu3J1EnZ3Td9L8sruNn/dfSyTbto0E6eFhBR195r7Wjs4bPmVvO+jtpbrYtbZFl0iW4jeWGKDzFkSNh84HBPy8rkDGeBgn1r7q8M6XDq3g23uYoZJZzZxSAAZEccagZKksfmA3c+hPXp+fGmeIfHkljAv2JxaNaiFHS0DSbV4DEEEI2FBJAPGOcnA+ufh/4m1q38ESWU95OupskcduYIyP3JB3I3BwV4BBGeuSOa6MrnVhUcpNOLa7x6xWjsryb1Sa1+WnkZnluHxkVCiuVqybkveV+VKzvfe1tldq76LjviUpSyQn5RFM8RDKQPM3gDCgAk4GBx3xggYrIt7h38Myko7slvtAWBvuuABghRuJwTgdcYzgCsfxPc61cy30N9572sVyuHkgbYpZizSgnCsScgHBIzjnofoPwpcywaDY29rpounksVAhmtYish2ZD+Yc7T1wDn5egywavRxmY1KTkow5nJKL300VmldaJtWtvbXR2OTA5JRjGKr1ZcsZKyVrtq17Wa21du91rofCer2M8c8bq0jrKXYqIGklUksXUoFIGPUjrkAFuarPp87Rwlba8ljfKkxW0oZcZJBO0nPsR1OeRkH690C51nwP4wv8AXfEHhK01Tw3eSyGa4mtIHS1UbgUgRgFLsSu04PTgcYr0m6+J/wALrXThdaR4Hvr3WJzIIInhghtVaYEo5VWKqEbGMHgZz7/k2Z51n0MfKhhcpq4ik5RXtoySikpK929Glu7K9+6en7Vk2Q8MPLI4nE53DC1owa9hOlJ1PdSejTcZKW3w3Urpc19fn34caTZy2dsL1LmDChIFkjeIuxB3MwdcnBHU8ZHIHWu9vbOKG1uVW4iRYxIACE3pkD5vUnnIxnI9RisF4vGWrRJPqmnLbhpZZ7UWc0VusUDMxRX2MMlVKrgAEYJxxisS7sPEVvHL51rDiZtsUkt4shIBHJBZiSOnY44OcGvtsvq5lPDQnWUqcoxTnBSacW4xfK0nrbZbab+Xw2Y4LL3iKqw8oNKXLCbTTktLNw110Wrl5N2seE+Mop7rWJPPRp40k8qEnJyr98k5AH3jnoGPORkc/Y6fAtyAow8UREhYllC8FQFHQDrnBBORwFzXrl54Wu7y8Zb0l3ZkMYilhCl242j5lPXrkDnrzwOr034VzrcStNpspkmg3In2iD7hAy5PmcluoHQ/8CGa9vKNb99GV20k3q7q2t0m97bvvaxFPLXKi1CUGklzO630d/dW+3y07HzzCZbfVoI0RtrXC7WVsFhkcDHO3ggcj+LJ7V6NpOiXGu+I7mD7K0iBVdmdvlUKASAxPqPQc9wa9El+EjKbe8SyuFlhdiPNuIgGYc7eJDlTwCSMkZOMndXW+ELG60fVdR02+0WJrnUdOxFIbhVSAoSVIcn75AwRk4A4Bxiu2nOSvu7OLScb3vyrl622ts27JvTbCjg05OEpQS5Wk0lre3utKL8raXutrWt53qOmnSLU2Vxahdk0rIIGD5AXIUnOCrZHIOMZyBivuj4GTWmp/CuJBE0ckP2uERgFgdsbntnDcAHp0wff4b8aai15qs8KWk8MNrGY2MLmQCZU2HDKMYG3HQ5657V6L8EfFXiKKw17RLHWprOGxs57m3jSDz3+0SIVIJOFXK8MMAduTwPpMBio0ZKTTlB0mmopW+z8WiXRq2/U+WqYGpLEVKNLllao1slomlu1F7Xb12t8vZfgfNHceN/HRiUF5WQKqKcr5crRHg8/eU9sEgjqa+obuyBtvLKMZFD5wo4xn5s9c9ecDB75zXxf8EPB3xCt/E/im5sLm7aeaGG6mdYEeQ288xYsY3Ybcu27AByDwGJFfQ9/pnxVhkmRH1cROp8p20pXG0Ak8ocdyB9fUZGuGxyVKbnCabnKydrrVOOzsk9e9lqz3qeU4iSvdL3I3S7RjGzvZ72utLrv0EvrWOF58uuQuRuUK2eflye4DZIyMemcrXIX9/5XiyKNWQCPwwCcFkJH2jBHPopIJUEY9eAItX0j4hrZrJc3McbhuI7vT2SXODyVVWOSOn4gkc15ZrTeOl8W21utxpf2+fQlijjaLYy26OrFipXIJJ4Xpg4PetlioSlFKNS6cb8u+qT6p3s7XSvbcxlgalNuM5wilF3XNo72fm3b7kt32+sfBU88t/ZR2dzNa6ndtbWtncWtw0M6vcTJHHiVSGBG7swI+bua/Vv4ffseeMpPiD4Ss/FOtq2h34sNVuIpNbmaee4a2S7beQ5aQOgMZj6FyRnPFfhxpA+J9rNZPG2hSSRPaTW7JM0E3nxOsi7ZFXKFGUEjOSSQCDmv0D+HX7WH7RXhfXfDOp31n4Z1nWdDu45raTUb+VoXtoofLS3kVlZWRUwM92HXJzX4n4v8LcR57T5+Go0qeMlQnTlXnGKqRbUeRQldWteTvdtOytpp+ncCZvlWXwqUs0nzU248sLt0+ZLXmhfW9ley11T0tf8ApD8K/B3wzqf7THjHT/DmmaPbxWXwa8N2jxT2/wC8Plwwq8hlYLukOCQwIJyRkZzXgv7ZvwsXw74WS2+HGn39xrkuqac+oJ5xg0tTCVeRY40bY+FDHDH5hwDkkj80bb/gqZ+0poHxk8QeK7Xw18Pz4i8T+Co9KfTzcFbO2s7J1WKeNhFt3FFOFwpIJGcn5vKPjJ+3n+1X8VPDU6Xdr4L0JJruK4mfSr5luFNuQC6BY8qWAIJ64bkAsc/yXQ8HfF2Wb4fGSrVKlGh7JYmH1n3ZJcqleN+Z3d7tdla+p+pYLjXhLBS9lUnR5JRfs4xoJS5na7cmlZJvRX1tbsj9jvgt8atL+JaeCNIt7i20jXPA8d1oWugaTCtul3bpsV1uQmPMYAggnedpYsBkV/M/8ZPj5ovwa+L37UKanFH4k1Lxv4q8TaBp2oyWqyjSbqa5dRdWwY4XAyCVUlcgjPSvsn9nT9pf40eEPDviWLTPDHgLUv7Y1iO8ilvtdlttQa+m3JczSMIi0kcisWIZsD6Eg/j78XtNm8a/Fv4oPr5sIdSj8U6hr15bx3ytp0El0Xke3spXIaXZIcZCgngYUDn9Y4O8N86yrGZlLiHDSqYbG8kqMa1T2kUoyi0oqzt3e7v0aPn+K+McrxuHwlLJakIVKc25ypqzatFapWTVrtPo9bdF+yn/AAQ0+O2l23xl8T+DNbU6/rVx4Te50HWNSSKWPRFL+bcQ2Ebq3llztG2LGWA3EYr9Z/28tW8EeLPG3wa8YLfXWu/GL4TeK9P8S6fpOkWfn6ja+G53Z9RdrSBGZsxAn96AAuR2r+Yj/gmH8XPhh+z5+0Td+LPil4ksPCljLoGoWFhrhd5rDT555kFrJOoUgsV+Y5+7t9CTX6weCf2yf2cvA/7Y3xF+Muu/Gs+JNL1jwnYaR4c16K1W40O71B/+Pq1is5Cy+Wqkxq/lgNk+mK/mnxa8OeKqXiPmmbcP5TmFfAYfJqdejSwlGpL65i5xWHlhYuMZcr5Z81+VqykrbNfb8H5zkmIybBVM1xtKOKhUlRn7Wag4wunGdRNt8yaSTaso+Z92/tS/HIeKvhF8Sfj/APDHULebTPAXhGe2161vBLZz21/cWphuYbi1CrsnickFiAVPXmv4kfHnxf8AFHiO4m1iS4jW3vrq7nSMlpR5ssryM+GIK8kbcjkHkfMK/e39pz9uKD4v6T8bvhN+z34SeDS/iZJLHeKbBIrDWba3TzdU1iJYQxSXcoKIVVcvg/ezX86Vla6NcR3tlq179mbTbm5tJYHUxyRzwyFHjOMg7WVuR0XHOVIr91+jXwDnPCOTZhVzTL62DxeZYiFeFHFQiq0IShByU3ukpt8yb3T0V7HwHibnWW5tjcNQwmKhVw+EjJJ0pp0lNvdPRpSitbWSlrftylz4o8ZT2kkiantgR22lRwoJJO0dWxyCMjrn7owMjRtW1nUr5rSW+lJI8wyAYVBtJO8kAHocY5PPc12t5ceG9JjEEF4k0fmKyqsW7KtnqT87HBOeB0BBxmubsrnQNM1pbpryWW1uI3ea3iiwSzjBUEE8AAbRx6e1f1LRjiIuL5JRSdpRdmlfl1sraNrS2qbVtdvyKdPCRlrUjK7ilzLmstNNWm12tre1rbGv4o03UU0aC8+1JcSMyrHGr5+ReCT3ZjjBA49K8se21URCV7dht3uWwFbGTx14yehIAGc89F9o1HxN4Wv/ALIqR3i2tvGyCNUO5mwuGwCMEHrlQSOc8E07+3PB80Zhls7tw8AiLqpSTA7k84wAQQcjOO2TXoUqmKjNJU5tJJaq615Xazs0nrfdaLc8yvhMFUqKTxCjJ2aV29Fy3V7aKWlnq0te1/Aka8jkJbKoI2IX5iAD1B5IJBAJ6nnpkHPrvgrwk+raD/ar6vPp4a6aFYlJEYUk5dSCwOR1zyOPUCrgg8BpuhS01B8hchs7SWOcDnPsBn9K3tI8c6Z4Yt30qHSI7y0Z2miW5f5oiwICABSMAc9MEEjPHOld4+rCKpwlCfNHVXXWKabS+Wnfay1nDYTA06jlOpBw0Ti2nZ+69Htpazsnr+EVx4amtr2ztdO1u9vkuiYw0fyoJeOScjgYJGPm64GOa9LHw1h03Tb28v8AxHcNNHp73CW8Lb183YD5LDLEuMYIAO7k8GvNpfiDaSCIRaatt5dwZ1EMhTa2ccNt+XjOQNvQYxVq18ZxiWQSh3abLlpZpHU5DZHIAPJ44wvUYxXC8Hm9V39o4tct/ekl011d077979EzWUssjVUXCErbOMU9brey138r7dz6v/Zb/Zpsfj42oWo8eXeh6lpwJ+yeZHDH9nC7t7Gd41z/ALKk9fU4r6+P/BMK51AyNonxdF0YZI4po76/itI/McgsgYSs52knDAYyBu44H5W+GPHp8NGafTb/AFjSL6WZnE+mXM0I8t8l1JjKkqwJOfu/8Cxj0EftA+I/PWQeMPFyhNqkJqFwCHQja33znGD1wR3GK+ezDJuL8TWcsuzinhaNlanOnz/y3d20tXf5u1tLnpUcVkdFONTBxqTa3TUUtI9Enr92h9xeLv8AgnFJ4Xi1KfXviNJMbbTpbyGLTLoXaTi3BLwzMXO1vlLKcZx+dcXqn7FKeHfCug+M18W6dqFnfW8UhsXvUF9EJWCogiR2JdVIdw2OhxxzXydfftAeLNRiuIW8a+KMGB43SS8uN0qvw6O4LEqeBg4xwRg4xFoPxb1uOyiY+JNRkEUqPHbXZluYoWVdpZFckKD7c+hJxW+CyLie8YYzNqVSXNF3jFxTilG63d29LvvqnZWfHiMdlF4qhhXBX1S5Vd6d0rrbZq12tr2+vLTwZfeGzbw6ZZ+HLh/OVI57iONpDhT96Qo21scEHawIwAOK71ZtbOiahZ6jdadDD/Zl6ZIoJY0weT5WAflGScDjggDvn4Ln+LXiy4ZY01o+W8rzAfZcDdnJYjAIOM4+YYOeAxrI1H4reIwl1bjUo5PtCFJMxMoK7ssM4AB4O4c9cgngV7lXJMbU5XLFqXKop2b/ALqt7z3au9ttPM5vruDpRivYqXM07e5ZO6k7Nt2tpfyvo9GfVniHRpr9dGsbUxLK+jweUPtKgJHkbt/OMbRyT6ZwcA1xEHhK7S+NmvlCW4uY4Yg0h8oO4xuaTGAoJyNxBzxXz8vxE8Q3E1teJfoJLOBIEJjZRtxt2qdrdP1XJHI2jRk+JvimVUij1CBVjwzExkEOG3ZDHoRtAGcYxzjIzpHJMwS93F2iknG7eu23q/usmrmM8wwMNZUI+9bpCSd+XW6TfTR+V3pY9X+Jvw/1fw14aurqWezmLSlZ1jkWWTdkY8sJ8xBGSDt7EkDnHxrrEklzqEEkDufJXy3yrgKybt/ygYIBzjJ5AI4xivYdV+I/ibUdqXt1a3cKttRJASCzZXc4YMHIUklsE8EZPJHMSa9c2N0VFpo7kgTuxRcEuoOSdp6Z5PtzxkH0cFhcZh4qFSSq8zXvOTaXw8vLeyWndX0eiMo1cBjE5qMqcacdYxiktlZpqK1bW1ve66Eel6bY6rZgSW1y1wAi79rBQSPmwWxjgjOScEYGRivS9J8H2ht7QwT3WnyF5iWjmwW2KTyQy8nDA4PHI4zXFQ/EDV4YAtvp2jIFJfhUVsDjJOCScknng84A5NasHxJ17ZCn9m6OyRHzJSuM4YE9OpxjORn1OARVSw9WtV5p+z5YtN+dnFu1ovZXvrq1e3UyUsJCLdJtt3Tdkk1dJvRfN7L01LUDMjxW7SXjq7vGSJ23EJIRu4IBBwOnXknn713UoFurcW5u51MeXWNrt2DMD8oKg44I6jn2BwKwo/GN5POksen6Qu2RyoCb9oBJPGMFh1IORn6gHs/CV9DrtxfyajbWkTQ2808bQQrhyg5yG2jAAPO4Y4GAK3eFlGPNCnTey3teNo6p2W27303u20YRoUJOM3OSk+i5bKyi7K+ur7K2ttdzovBHxT074b6FqcGsRXFzqEtwvkRrJ5kZQqyqryE8KoyzAjBxz0FeO23ieO81fVbtpYVj1i+DoRiUQKZvMJPG3ag6jJHGOvy16zPB4K8UWCQXWkTyBlkgWa1iJxKuQHlKEjarA4HOAG+lfOEx8P6Zr01mt/5NtYX8ibNmxmLDiPLH51z94kAZPIOABq41adGm7wjBrli3eLvaO1209HvdLqt7GdWnHnhGm5SleMop79E1Z7Wjqu607I/en4UfHv4Wab4X0GD/AISDTdQuNP8ADUGny2hCxyR3Pl7Ci5ILNuOGJwcEdQOPkj40eLIdV8Rw6za3dskIS9soLeKRZBEs43ReY6ngvnaFB6ZzwQT8Z6BJ4e0/RrW7FvK9xexyTFSxUbgzFGQ7lxjAOecckgENXOeKJdaitp9Yt7qZNNjureY25nkyGJGxuCeckFT1HLc4GPPw0cVRlKNSSlTk3LlT+HmUWpaPRbPXy363WyrD4nllBP2ritWndN8r5m1bm2V23daaPVn6HeEy92dCGqyJp6i0SS1cRnEs+3KgkcLnaPQkEnOcCvy/+P0csvj74hS3cISUXKLFKOBLGOBIFI53bSTkH1zjOOuu/if8QrKysv8AieXESWSpNYxtuddgOSrunBbBAA5GRn1Fch8SL+68T+GF8TXsMlxql9MyahOsOwCJANhYkAuCeWbpk8M3Wpqq1Rzi3eStaWz2V9EleN21Z+p05XhXQk480WrO7Wj5nZO6SumnqraNab6nzdpbJ9t0xGYZS9tiQMjcGfaAcZPPcc5GeQeR9Xax4flmu3SFbYQi0glkTe4YnYCcNuzwByB2PtXybbRwxahZTTF1RL22JOPm2oynI45xjk4yRk55Br6c1Xxs1xLG+l20U0SwRwSTHAYhI1G1gRkkYzxggA7TjirwyjaftIqVuRWau7JJN8vRKy1tbforvsxmJxFH2aoOSTuny9Wmkm7fiuqbd2rkNtp8kN95MEcUMJQgBmZ8OBkqGZujdc89eneuF8VzXEOrXNvbSBI1gTIQsCCAAcqG4XeOu4k55wBXoOk3lzeQW9ybcyRpK7yhl2AbVzgZ5Oe+cccjrzx3ibTL7VNUvLi0sQMxqUYttxkBcHPAxnI/TjJrpnRpezThTgk2rSSV1blfupJ2Wz3+ep5tLGYqeJiqlWqmk9nJX0i2kkmm91vpqjl/DNxcahrmlWc8ssiy6jaq5RpFyGmVWTBcEhlPfJz15IA/RHx/8e/BPgAXPhC9+F2la9r9toFlBY6rOhQWcLWwIJ2LgynG9iQx+Y5K8Efn54f0TVLHXdKknjEO2/tH3eaM5E6tu+U9Fx1Ix0PAwa9x+KujTeJfiT9lD3MudKs5J5YWDB1jt1JUtjkHJAy2QeQM5J+Xz7h/B5xhYQxtJzhQrKrFRqOleS5bK8HGVo9m7O611sfZ5Bn2MyitOeErSjWrwdJycVJKL5U0o1FL3mmrNJNq+tz5F1/WPt+r6pcyQxIL26nuFgRRstknkaTyI2xxHEOAuBgZ4IzjtvhTqkeleKtPubdVDyyxqXdFkCDcCGwQwB6jtkDHGRSeMvBWn6NBHdF7qO6upigtrhgD5KkKSvOQP4vTgccg1F4B0mW41+ztdOtZbiZpoZCB/BEGBLE5yCOhJIweRwM1pl9CFCNGOnsYJKKTbcYxtG173u1rq01bm72zxtapUlUlrOrK8nJ3vzSak27O6bu9H8tkfQ2hW0dxH4x1HbBJcXuv3bvcPGhcr8xwucYXIHbvzkYrQ+G15op8ex3uomO5gsdP8trfYiyLMAQGjUHAZWxjvjng1kC6n8Pf2rp82mzNE13PcCQMNitIjgbjxk5J4J6nOATXAfDe7ePxhey3Km2imAX7Q43Mksko2BeQoYdOoHI2nrn6iUaPsMOo2k5NSko+6425XF3V7p3WqlJPW9lv8lR9usVXcm4KMkknK0Vbl96z6Xu32tq0tD7J/au1SxXVvhx5saxx/wDCFxSb3t0MriZFZRJkEkAAgnBBXIyvb5F03V7S91URWdsojW3bcjRjZIwQlnTI+UkAZIHGM88CvqX9sCCCTxJ8MIlmd3j8B6eZw21Q8Xkrhh82BldxP1HHOK+RdFtEj18NECluyvyZVAVMHHOSuSM7epPBwK0dKMZJJRkuZLVWb0Tae63lZtX163dgniKkpzXNLSKUbSlrpdvST7WvrbR3erKdv4l06xu3mktGaaK5kWQEbgqCQAqEPXjnoB2bOeez/wCEh8J6rpmoXctrOji4QoBEF+cDkKR/CW6nORyScc0XXh3QZFkufIj3SOoQ+YokyfvNgscnBBHI3depAq1caNpVnpDWdtEuyeUSLl1LmQLyxK5JHPILYOcsDgmtI0KkYyv7JwavFWTkua3lfVd128kTKuqnJFKXNFxu7tt6pN2TW7X/AANDy+61+1mELQ2bQMshVmQAl1DYUhOxxwSCMnggcGqsWsQxapAJYpBAqg7GjUsC248EjBHIOM4bkYwSTvQ6C3n2oNplCxcupO4gZweOMLnkNngAeuej0bwhZatqcT3NldhFhcmXJRWkT7oPXg9SCc9VK55OKjFJKThdNXTVlZKOmqjZaK1/v6PSUpS19nKV2rNKSdvdTu2kn06JevXtvg/HY3/jjTWWGOWSJZnIc4jYOM5ORtBXoc8g4Fe4eNbTSn1u6ni0qJVsr63EcqIGKyz5WQEgHJbAPGCvT5cV5l4K8PXGjeJbCa3sZoBIkqtMTgFeASAOVOFyRx0/A+5XYhns7+MadI7XF3G4kZ8kPCc7ueTn+HBzjngLurmf1f67Gr7sVGCTa1Sd9uyb3d7dtDa1Z4GpThCalzXjeLakrLyuumu71fc+DfFczx6/rTpKYliu8JEq4G0MGwo4A5GQSuCPvD09x+C3xA0/RZdSHiXTU1K0u5bX7K7RBzAUI3uoI27sdCOBklu1YWvfCHWdR1PUb1LiAQXk0lwinLSJkkhGUcBieOT6hcYrtPCfwk1TT7Jnup93myxj92jOY0GMMoCjHB5IAPGcjBolOjzzUnBQbbTvHXa19Vq00r31dm7CowxFOEZwVRzjGzvF2TS0bTjtd7pqztfuL4++MNnp3j5b7QNBhltobSOFWdApdpAFVzGoYAjcQM8+oyAR6D4f+JutW+keINOfS430/wAXW9pHfRvIcQxrJ5g8oFflOc/KMYBGMkCvK9f+D2vXGvzTaXazXcUjQNvmSVMhT83JUDgEcHjGOeufXNG8Da6IJrd7EmNFiRi24+WUC52EckAjt69OoM0o4eUa1OpUg6fOnTTknZpxaSaabS7p2W7627Jzxko0ppVOey5nGMtHonstU/X1RhaBrGnNLqOmDSisUpnX5SNjKkWFU9dxyOW6n5s8jFcDdeJtOtNW0pYNFEcsNyI2lJPzFZMDDZJyvpyAcY64HtGg/DjVrBrnUHiMsUs1xGiLFK0ib1IRl+TnnAABHpjPThp/hLqzajaXkyzyKty8rxvBOCE3lgCQnHUDPrjHzc124irh40KSp1KXNZOSvTaS91X62uvw1epjQp4r2qlUpVW3ZLmg0tWu6bd3rdWbs3e70/o5/wCDemKyk+N3xy1n7Osd6fCGnQCRGy5R7ouykjHUNyB/Dya/qR8RNm7fDgAKpwByM9B9TjGSSSBwucA/y5/8G+tpLp/x2+Mek3do1p9q8IWcts07CEylLknbEJdhkYIM7UJYZ5AANf1F67CUvZhg8BQCeu3kc4BxwCASBkjjOCK/lHjCTlxDmUtYw9tHlb6/u4NyvZp+St5Jan9M8L03HJsvgtZ+wb5e0nUk9V06766uyucz57bsqGBAI52jODg49OhwRjnIY9c90jyf2ahAO0qMAnBwRkjnI6nIxjk845rhFQhssRksdowTkn36DA6dMDPpx6BGB/ZCAHOFVVIzgDjJ/Tg4Yjn8PnKduZxUlsrdU9Vezvrrp01Tu9j6CvTt7NPa6bbT301Wt9ddNHZ20assVmwwYdA3pu3E9QRjIHIIIwfXGBS+YN6gcnJ7A9CSPfIXn/8AU1RspB4K5JBIDdSRuy3PzdT2/kKbkBuQBnIG0k57nk8k+hHByOR21sunSyV+qur99bLRu/yZg4JXtBWtp/5Km76X3stHtoyfeDvxwCAVyByQOnAIIxx3Oeg5yULA7jg7jjI4wCODjPyrz26Yx2IpiMSckEcbgMduB3A5KnJJ45xx3eOTwCRyeGweeoPXPv2zzzwamMdHe2m1urVt9r+itfd3epnKCvdxXlfXrHTp2b6vXy0VlbaoXDKATnJGAMA9+vGB64+hpm8HaMcnK4xgAjjg+hP3c8AnGaeTgngKuVIOTtwOCO+GB6dwOBgA00rngswywwWxtIYZJJAyOhAA9cY9LTa2+fbdWdu679XuSqXk1313u1fdfZV30b0tqmJu2gk4BGTgbuB64HBBPOCM+oxglEJK5YEAAAAd8khvpyc4PAJPqaUKpJUgZXKjB+Uk4yenUYxxgZ6d6ciE7fmxhm+Uc4yT06YxnA5HXnNUm9uy7b6pW1Wi6O3XXUzlBXSi73cVdNOz2a7e89VqtL9U2nBs4UHaQWBODwQfu56E84DKSMjGeOHFjtGSvHGO57Ekgc89ep4wcjo/aBnPDAY29t2cccn5cDnIzwBxzQVBzuAyAG54HGOccdedq/MAfvYFNOy2TTvstLaXff1T7K1kZ28vnvfz8u1n5dGhDk9DjBLEcEAKBg44J5zgcjpnpTRu3ZHBXLDBAwPf3fjrzjHbinqwYEscEqRjIP02gYxwDxtAOO+4UoYY67gepPU47YGcexxnJ9qOd3W1no9fNa7evW118yGm3r1ta7dl9y7uy6+VhVOQT2yOnyn5uG6dQRztHBIwOtLkKNuQMEL2yPXpwMA53dvY80AqSu8ZIBGD0OcBQQOcA8En7uMHnNOCgg8csMEHjacAEdiB7ZyM9cAGiM7O95aO6S+H7r9Ve7tu+j1ITS6uy1Vrb6bXt+KXq9RGZlIXG7gnc2MA9D935gce3cjpmgZ2oACTjJb5gSOoOAevJyM5OMnk8SouQQp2kYIIBPTpnHIPQAZA5yeppxUMDgnlgQRwQq4HXPXIJ5PAOcGrjiL6JdbKTXT3XZvbW3XXR6XaQNXtaL6XtbXRare27/y0sJ1IABOM5Oc4BxnHYjr0/H/ZcCo4ycZUYwoPQH5s8kHHJPscdQWsvAI6DLH3449yOBnkEjoR0pAuAwPHqeuCfmwT/dPGc9AemKJ1ZW300d3ZJK8X5a3eiXTeztYSWnm0/NPTXTro91pZeRNuBGcgLuOCeudpGCBgZHXGecE5OMFg7BZBgAnJOMnrzj16c569BkmmMAg+7kEcAjB5GBkemTnA5OOvGRHuUNggfcJwQPlzkZAGcd8nueKhSk7O68muVO91fby76KyfmKVNPom7PVb7L7/L5P0sMygkhgTy798cYwMZyT29+lROygAZzySMg85GcE+o/vYxnjvUBK7jzk7VO4dgMN0yN3TOcHGe4HDeCeCCTkkkEYH8Kjkgd8jvwfXDjzaayTXTda8t9bX206ddLK4ciVmr8z1778va7W6+e1r6uPJwWzwOVU8kYzx1G4/oef4jTkbBBKnHXgn7wBwT17ZyB1zzkchYgpyGBOBxgZxyOT64ODk5xjP0cVByAQ3K/wAXUDrnvk5IwOxIJyCKbnJXTV17suaWzb5bXb6Por3XpYOV21V1o46X7Jdd+1ttNN2G/qAM52sxwchgQOvzHPqAePUE4DWfHHQnGMknOffodw5JOR2HJNS7QeQpUEkqMZwG6YOQTxjtkgZ6UzywARySAPbB9if4Tnk4I/mCnOSS122WrtstWrLqtOjaV2xRjZf4bdNHrs3K+qv6b9CIsMA/N2zxtHA5weDj0Ycc8cHJYXXJGcckjjqe+TngZJHPA4OSTw9lGQAd2DkEHdnOedzds4wB055BFVmx0wcnHIJAwAM4weDyCMYGB0GTWqqXt7yVno7S1Stt97frbTe0uLdtE+97qydldJa/Jv5vQeJVwT3LEA4HJyDnA456jPHUZ6YaGXG4NkZIJxgZwCxAIPJxjHbnsMiFhxwMfMCBuPPUY4HB+nQ8jgYpV25Oe5IABzwVyP7o/hyRgEHIx2quZbva3R63v52dtV0117Mdv0172aeq067b2+9E4AY9fmIA6fLtAIHfr2JPAI656jZY7ckZAwMAYwO+BxnjAHTrwcVDvAAIAwoxkk9OnOdxxxk9M56Ux5QCcDJCnHAHuQRtPpn3IGQBjInrfTTRPa70e1r3VtPlbypwc9GtbL5WSvorO1v6dibJLDg/dz82QPl4ByOD8vAHtnucIQA2SDgjIA7lupAyTjJAOR0zgdDUHn/MrMckBcqo4wDwp98dSMckjgCkEygk/dABOMHI4ycE5B56gZGB3zS95W95xurLV6aJWvda7JK13a9tNIdGG+t1bVOTv3V7/lv06kpXcCSB97GOAMe23rnkEkDke1MkZgQeDtU4OADk84Kjk4xkZHHHoKQSjI/ukjORznJ9DkDBwecZJ6DNQtLyeRtBPTkHPQHn04wOgGeDitYOUmtVslbqrro2+i177N3tcnlS0Td+nVKzS6W72a00utdSRcA52gEdAACoB5Jw3QnqRyfqDkhcZJLHgjGADnBxk44z7gdO+MYptdKhGWHQ/iB2GDnJ7+vpjimNfRDHYAdtpzyMdB1yevbv90Y3s9Pd00tfqr9Or2+9WfRvCUXB35t3eyXRcttL3W9vklfU0RswW4ByDkccHGB+fcDPI5JGKUPGxPPsxGccDODn/a9gcDrxWMb6InAYns2B0PO0AZHr2HrnvTfta5wWXByc7vqMHnqepODkenIB/X9f13XUlRTtd7Wsn3vFvytzaPs1r1N8SLklsHJ4wDzkcE4/iBORxjv06zK4AByOVB5O7Pv9SMcHgZA5PI5sXSDcA4UHuCMYyQO/UnHYHGOAcU9b1dwIbnqAMfKMAcliecAcDPI5zR/X9f8ABG/d0S7Ld9Lct/ndLRX2VjpRIhUlcfLtPbgk8jbg5AGRjntj2jMy847DBOecAjHLYJPPU5HUcAZrmzqCgnDEg8kkkbQSeBxkdB2OBwOBUJuyxz5gUNnO0ZBB/wBknBJA75PXrVJT3cdHZ62V9tE/nq9L+bFzSurJ6pNJrRpNX7W3tp010aOmNwBgZ4JAK9zx8oJzjpnv1wME8ANyACWIHBOD6+oGfTOAO+TWAl3GoIZ85A5HfHGCMqRj7wPXtikN5Ed5Ynr8o6kjJyfpn/8AV6Xy+unS+6aS62T2T+9WsDg3yuWluz2bcbW+660av0RuNdw5JZyMEMoAzj1ye/IGAT1NRNfoNwA3Y4zgAg8dx7nB+bGRx0AOA9wjISu/I2qSTg85BPGT931zzxz1EUkq7gBkYYrz0HCg7vb8SOBjBxVxjZ7+rfW1vNd1s9tm2gb5XaK6q99ErcrVvkvLvJ3RsvqOFwucE7enIGCR7cEfT7vQ5wz7ce5++ATxjgkEHA4KjnpjHvgAZeRtG4gqUIAzj5hyAc8jjcTn0HGDwqlc5IYg7jyMknPyqGzkAHGPXbt5yc3GKeitfTV66e73+bu1bpcpSu+iWvXrddrbtt9rXvtd6f24FiMFg5JXgngYPLDjow69euMVOkxOCR1I45JBOcYIx68k8kcYPOMyJQfnHJyCwyc9sfKOAw/iI55zkg1fjAzjJPbgcFh179MkZ7E4znAqnZaJadetlpfu1dd7DtC91r6rpaL03tbprd+RZaRlGNuQeOmSRnseABjbhsZPrwKdHIwkUtk5YZGBgnkE9Tlc9uvHUA8MBC7gxHQKBnJPX05AOePp07lyMowGViS3DZ5JxkdThfu4HTkjk5Bq09FtstOn/DenQEttL9d79ra6aW6W2Xpfyr9qiQj9lr439MHwhf8ABOR/qzzjGf4Scnhgc/KCDX8Nf7WlhNd6v4BltbeW4Z/DAHlx4bOxT90c8AAYyOcfSv7if2pSD+y78b0yBjwbqGTyMExn07dcnnjIAxxX8Vf7Ss1jYP8ADyWW8jhuD4ekQmNVaQbo8KpPOFPoMdgMjivqOFG3j1FWbbktnbWmraJ76dH0vufO8Rp/UprSz5Gru2046Jt220d92+qSa5b9hvwj401D9o74UNo+jxJc2+qi/B1LH2VrS32mafHLBo1ClO+eeny1/Y34d8Gq1jor+KHOtapJrt7LJ5jsdPjQw7o4ooCdiogYZ3dQMn+5X8iH7DvxOs/A37SXgfXNd/ti+sbJb2zhsdMt2vrq4ubuPFuEt1BIUuQMgbUJySBzX9YXgvx18UviG3hrUPDvgA+G9Ok+238l34on+zTPGiNGrpaxb8FlQEB9pyMYB4r+efpDxx0+Lsvgo0qeHp5bCSqTcKd3KrUlKCbvOVklfki3fv1/YfBNYeHDeLtVl7SeZT5otu0XGlSUdklFN763aa6XPZ9MgsrPwTEywWdnGt1rQhSNVjSOQm4VCxUArtGTySOhzzx/B/8AG27uZvi/8Ubk3MbMnjnxGxcEnMi6lcgEHqw445HynkYBI/uKPg/XNX8H6QPEXiCaeF9av0n0/R4hZgmR5/lMyne6gnb0IZSMjBNfw5fGrTE074v/ABasIg6Ja+O/EsMSSHfIUXUbkgsWOWZVxnPJYnOea9f6OE6dPM+IffVSUsNhPeXMo29pOyUmld+Vu290eb480ksuyVKV08ViG10UlTpWs2rO+rVm+jWmph+FfiFN4ftha3rz3IjuXuhFAhQMTH8yO6kEApwcDPygGp7DV18U+OvAd7Z2k32uTxv4cigSebcVWXVbcqi7jwoJHXGOBxggcRpenmdgjxyyzSuYxGB8zZXbkDqQdwOfc4x37DQLSyXxd4O0h7aWydfE2h/aZLaVkvUQ6jCjTRSLkxOp+bzFI8sZJGQa/pXOnBYPGxUVzyw1ZpLWetPR2bu29kr21v01/njKKTePwjbah9YoRu+/PSas/wC7bXZWa63P71tP8Q+B/BHhPw5c+LNd0i01K08M6JJcpd3cUzoH0qGERrbxGSQBSeFVBkHPajwH8bdCbwgtp4E8OeJPF9yurXpA0qwa3s5GmnbaBcXaxHyzkEuuSAckgZUcP8O/g14Um8D+Erx7PTL5dX0jR8alrMP9tasYYNPjP/IQnZmGZPnCgEDnGcAD3f4Ladb6Z4Z/s5JROLXX9QVMBI0CrcOsaxCNRhQhGF7DoOAK/wAw516NPHYj3Juo8VVUlO0G+aaTjye9LmsrN3T7NPb+86lKhLKoScp1XGGHdudqLvFcrSTbeu+qb/P+E39uEeNtV/aN+Nb+IbA6dd/8J1fyTWRcF7COeaRoIJJFz5kiKy7245LEc8n4X8SWEiq0cjgLG8W7HJbgAAnnbyMj+IDI5OK/Yv8Ab0sNKi+Pf7Suo3lsPPi8YBoXADA5R/mJGDuDDBwSQnI5xj8otfu9O1MrBbIPMea3aTYCABlSMHsBhc8YJPUEgD/R3w8xSxXCuTrl9l7PL8HH3bqKSoU0kk23rrbVq+x/GvGlD6vn2Ou+f2mJqTs5au9XRa9V120vfW7Udj4KMkFs0kbzNcW+875H2IhXcMgkdB7demVrhJtIFh4ggjdFUQ3NuB5fJIaReM9uDgknJBx619SWNo8WnW00LrtjtxEWY85Vdu0/7JHTaQPUA4z4lrWnNHry3G5ZklngOcgAEyKT0H3s+5PGM8GvtYqna/aVltZJKOqa31ervbTuz5WrDSDi3Zq1ruydo2dldu8tNtG+2/05ceGb3WNMs3s7SOOIR2ZaR+HD+WOTwCRxyeQeoPSvOfiL4M1uXwnMsMkXnLfpEhjbYD8w+8y/Kcjtxnb1Jr0zRPGz6LHNZ3s0bQNDGsQyHcP5YVeeMdhk44wQMdMXVPEr634bfTbK3muZTqSuSI977ix2mNAWZyB93A7jgkHPRiajWElKVknSu23blUVH0sndt7mFKP8AtEIRvJuaSSVtVypJddU7/PTufu9/wQv8Ga1p3we8VXk9tavO3jR0YGTKoYiAwI6DI9snJIzgV+5f7X9zdad+y38XTFAr3c/w/wBRCrFIAFJjCnd2CqPQjJ4I4Jb8ZP8AgjIPGw+BXimz0nToFsn8dXMVxqd5mK4SeNhvRUwWyD1GFJI55wK/W79rTw/4lvf2YvimkupQme18A6kyRRAsLmVkDeU5JwRhQeM56EAgE/5XeJbhV8acdOFSMlUzTAq6qJxio1MMparRXSur7a6H9k5FBf6m5FCdSEVTwtR+ybaquV3ZO2m7trt0t0/z3vG/h/Um8T6jcC1jwZZwD56tyJHZmBB4BY8jA25AHOM8BB4Xvrq4M7NCqrJFhfM5YBxgBR/EckE8+o5bNdv4l1PWU8VanaTWYP2d70v1wrJJJkk5yTuxluvQ85zXlttreuyb3gt0RY7qP5xE2R+9wACw64HQ9cAdQDX+m2U4nEf2Zg4qS5Vh6ST3t+7i072vr3elnvY/jzNqNBZpjNJJfWaz1787bV9202ld2tv00/QPwRaPp2h20TqI5DFg7SBuIgLBc5yRjuSemSdxOfz2/aO3EaGRLn59QJXJz/rH5HI78ZznOM5Fffng1r2TQ9MkvnV5yELjG3YrQNgEfKoLdwOePTk/nR+0TNI82ixZwFn1IDkjOZGz93jORxnJ4IGM5rz4yc8e5Tacr2smlq3vbpbV2s0/Lr9HyQjlCs2k7LV6vWHnbfe+nklqeTfCaxGqeM9OjEaOYS0u0nglCWXhsEH8CBgjjoPpnxLq2oWBls9lrHHsaQLsDKEyQ3IXBO0dcsCR1I6fLnww15PDXiR9UeNGaKyn27iAoZlAB4zjnr0ww5yRirmq+P8AUtanlZpFRHefcATlULNiMEjdnoMZ6ZHXiuuvhJ18RGTbUVFK6bV37qumravy+V3Y+SxlGMlGUXe2is9fsq/RpptuyWl+rPdItS8EvH5t7HCb8RqFkKqqHP3lwMgM3QNj5fUcGq9lq7TXWoRaXBJcRiECJLVDI5wQwC7RnaoyuccY5OOvzVBcSNKcyEkvlQWYDlsc5PU8E8EDrz1r9EP2AfDtt4l+NUNnqltBdWEelzSSw3Mayx5wQCUYFcMTgnBGOAcncYxHs8qw9bE1JTlGnFykrt6LXXz136G2W4CpisRSw0ZNSqzio8zulJpNWvte0m9NjwKDULu0a4imbymaJiS2NymRMmNgcbW4Oc9Dkg7jXvXwSs31PQtQERaSQTszYAGQxyOo6BhjAHHGBniuH/aV0uy8M/Gv4j6PpyRQW0WrKttbwKEgjSRS5WJVwFTnPTjk4OQR3X7OmqLY2WovMyIqOu9JCFHoArNjOTnp1wcd6cakMVhoVabsqtOM4pW+1yyV3tdb3S202SIzLD1MPKtQn706VVwlZN6xaWnk7NvTd+t+km8P3B1RRHC5G2fK9ASqtkdTzwcZyDkYB7dT4Q8O6mplk2pCFYskgG6QEtkfLn5ux49iDg/Nfu9QvNW1t4NF06S5lWF/3dojysGcfKVWNWDHrncCBnrjp9W/Db4WyWGhxeIfiH4i8PeDdPe182WbWb23jukiT5zstA7S+awUgZUEHgZwK+dx2Op4Jc9WaunqopylryqyhFSl1VrJr5M6cHkeNzShGFGm7tazqWhBXUU3zSaVr636a76s+R/iQ1/JfQNqd3Nd3hs0gW4nk3EwqP3cSqx+UAYC8dOwNYngTwP4p8S6/bWuh+HdSvAwjd5ILaQqpZlJYkoAdw3AHOOewzX1B8R/jN+y5oH2WXw9oeq/EjU7Askl+0LW+kXFygwXE5ABiDDK4A4A4GcV5hbftKfGLxXPJF8PrPw58MPDsyJZi6srSCfUBEeA0U7KCrhMkMuQMAE7jzrhc7zKtQjHA4CcVKzVXEtU4pO1moazat3tdbdDX/VDKsNJPNM2o2i481HBfvKjUbNx5l7qdrrTS/R6n0Xp/wCzhrsF0dU8Z+I9A8IaRHp+ZI9a1C1tpxGEyymJpFfOecKuTg5PQl+m/tDfs3/Bj4eeN/Aa67qXxJ8Sa5c2EVnbeHLWWbS7eW1vYpoxJKF6l4xGGTLDJ5AOK+dPCPwA1P42+MEHjX4u6rrkkkstuP7U1V08y8WN5FSK1aVYxbhhgsB06DIFfTPwe/ZF8DeA/DPxR8Xah4i0vVdY8MWE8C6cwt5raG8N8kdsLUM7M85jOd4B574r804pqUKjxCzrGVq1SC9p9Uw0JU4c3u8kXUalJq9m2rKytex+zcJxjg6WEWR5fGhQlam8XiasKlaUPcTtTi7K8drXbtppt+2fg34a/wDBTf8Aa3+H/ga5sPE3hr9nD4RX/hTQjoiLdTX/AIoutB+yotreIP8AllJNbgP5W7IIwdp5PtHgr/gjD8KpLuDVPj/8WPiP8bNaVllmjvNVutJ00yfKZE8uCZhLEWz1AJXZzwcfqL+zHBIP2fPgn57sWf4b+Gy0bEnH+gRlFAySq4OFXoAoHBAz7dNG29CuVGW4AHJzgHPAznkgntk+h/g/P+MM2o43HUMpp0Mto08TWgnhqVOFWUYzspOs06jbV9XN3to77fvNHFzdOlGc7pRinytqN7K7snZLvaOjb9D4H1r9lP8AZ7+A/wADfizJ8NvhL4R8PXdp8OPEkUWs/wBm29zrjr/Z1xGTLqE0ZmZsYO4nOWyMnDV/Ax8RbmK48QWKpt8qKzkUFerAXMpYscZBJIOMk8bstzj/AEbf2kY9nwE+NQU4L/DnxGFOTkN9gm4yOcsTwQOmOMZr/OI8YaZJHrdnAQ8kraeZXQIxkbfczEkLtORn8QP90mv6K+i9mOLxs88qZhialerDEUverzcn8Ls05N2va3S1tmj8h8XITnl2HlST96quZJNt2ULJ+Wmysnroc+kcRjGMYO7AfkHqAMZGOPvAZyCRgjk0tdMMOkagSA2+zlVwVzwEydozwD6kkZ2446ehaF4A8Qa40a6fpF7IiuEMk0ZhhTJyGdpdgAGCSM/w9c4Fd1f/AAbittJv7jxP4j03S0+yuiWsc8Mk/mFehQucIDtBYEY64yeP7HrZngsO1z1oc2nuppysrJu3Ru/VPXzP5/w+T5hiZJ0sNUlFtayi+W19Hd6WWrsnbVI+KfCsLjTSoAMaSNKzqOu9j1wM9wM9fxIr6D0GbdYWxJV1j2hVXG89MkY5Hy8DAJOMEkV7N4B+CHwWstOtGufEfiLxhqt6EeTRPC+m3V243tnyDNEhiD9FJ3YzySvb7k8EfA7U7k2UHgX9nCeztSkRh1n4hXi2sTEYPntCA7AdHZWXpnqcg+Bm3HOTYKHL7TnqJWlzyhTitUt5yjq3e1k2tNH0+syzw3z/ADGSnCk4waTXLCU9HZWSSsrebu722R+dsOga9qTGew0LV9QOU/1NpOwYNkL82wgLkgk59RnHFdBe/BL4i6npl3PJoyabFOIFE2sXVtaRwK7DBIeVSEUHLbgSMH3z+ts/7PXxXbTryTxP8SfCngHR4IsnTPB+jWt1cFVGDCL2RY5CR0DDnoARya6zwx+wl8KtRtNO1zxz4p8d/ED7UkczW0+oXNjZvuJZY/s0TlHUrgYYDOccgqD8DjfFfAYWLakuWV1FUoyqyk0lorKEL2Vrt67Lqn+gZV4I5hi5wliFNNSjJ+0caMEnbXRyle1tLX2Pywj8BeAtBgtIvE3jSzvrxNPhhn0vwvA2pTGURjCboFk3u2dowSMjI6gDs/BvgXUdf8u2+HPwI8aeMJd+YNR1qylsLUEkhJG+0RxZUEZKk4ZOmeTX7ceGfhB8GPh1Aseg/DXwpoUVsigX+qWds98djAqzXN22c5ydzEgZJA5zUfjL9pT4SfD+GRfFHxH8LaNBbqjJZWN1ZKyrGOFIsy7cDGQeR2Ga+RxPijm+YycMsy7G4hydoyk3CFrR1dOhGUnrv7/pbc++wnhBw/lajPMcbg6NlzT5pQbe27nLfRtWVl0u9D8zNC/ZE/bB8R29zNbaf4D+E1rM6q019bxTahDATgrGEJG/A45ySD0GK9k0H/gnLoUXiXw7L8a/j14v8UTNp885sNFuH0K0aQLvmjiuLdhKLYL8u0cMpwQcYGZ8SP8Agqt+z/4Ve8XQ77xB4yunVkjXTYnNiGXIDB3KkpnksAc7skYJFfB3xJ/4K1+J9cuobrwv4CS2NpbyQ2d7rdzJIqI4wAbdlARAB0DYPXIGQeVUvEriBtQoLL6NSLXM4KnPVxStOs3U16y300+E7JYjww4daXt4Y2rCUW4U/fjdcui5bR2vfXbr3/a/wp8Bv2SfhnbAeFvhfp/iHUrdh/xNtcibWrmSRcHcbq83P8zAHdtCnpwTXp9x8RdG0G3KWlp4Q8GafAjZIbSrQxRqh/5ZzNGwxgDAJbpjGK/k08cf8FG/2jfFDTwp4xtfDkDhkEWh2qW8qqc4Cyx4O7G0EhsgjPJ6fKHif45fEHxdLLJ4i8b+JtellLMwu9VuvLfdk/MiuFGO69jgdORFDwYzzMKirZvns1dJuMalSrJ7XWvLFddr+t7GeJ8bOHMui4ZPkSm42ip1FTpxulHW0eaTX47fP+q/42ftf/AfQLR4Nb+K2iXNzHdw3U9lp0xu5bgwMMwiC3DwgAgc7jyD1GcfJPiX/grP8L/DUupQeDvCOu+JnlaJVuLgLaWIWJQqiPGCqEr1ADbeedtfzeSa9qNxt8sEEttZ2R5pMseP3jknhu7EDk+2dYaT4n1RgsVtfTrJFvQCJo1CqFLORnBUL2OcccEdfucu8I8hwNKMcTWxOM5Xd+1qcsZNpJ3UbX1V9Zem9j4vHeN2eY2UvqeGw+CVvd5aanZaK7cny3s9Lx7M/ZDxl/wWA+MF1LMvhTwr4W8NxSKyRG4B1O5RegYq6lSwPJHPOcHJNfHPxB/b0/aT+IUM8Oq/EzVtOtZmbNn4eVdIjCE/dH2dhnk4yQNwHJPf5c0P4d+JdWv0sRDMly0CSkLEcBXIALld2BhtxP1JIxXtGmfs8XskBn1K5f8A1qI21SVQjAJ3Hb90YJ6KeOCeK+gocL8L5Zy+yy3CqUbNTnTjOdvdd/3l21o+i+7b5HF8d8U5ldVcyxSjU0caU3Tir2b0gopXiutn6vQ8Yutb8U+MtUWXUtW1vXr2ZlQ/bL68u7qfcw/cqoZnkLllCqudxCgDOcfV/wAK/wBhP9qf4zyWUPgn4LeMpoL+4hjgvrnS7mxsY/OCrG8094kR2yF1wRgbDnJxX0Z+zP8ABzw34Z8VaFevY2uqXKeKfDksFzfRRyRKY9VtN0aiQsDvyQRzwSGHBNf6DmmabYQ+EPDLWNjY2X2nS/Dsssdnb29rGAbeFhtEMaY24I4AIHTjOPw7xm8ZK/hxTwNPJ8qw+IliOeKnVbpxp+z5EuWnTXvLXrNJ9tz7jg7hiGdU/rGaYqtWlOorRU+Z391tyk+Zta279O1/4S/gt/wQ8/a1+K8+uQ3UPhvwenhjV20bVjrl8eLsHEi2yR7gwiJIbODu4Hav0c+HH/Bubb2cMP8Aws/42BJQ6tJa+G9NjuE3YVmRZpSjjIzhtpPUjvj+hT9n8iQfFg5YKnxM1pSWY8ETFRkk5POeSR74AzX0ESvmkbSQDngdCMdG47HdwMHIAHJz/J/Ev0mPEPF4ivh8FiKGAorljB4eilJe5TvaVTnl7rbSd1a/mfsWE4GyLBVEoYSnVcI05OVW05e9GD0Una6bbfotHoz8Xfhr/wAEKf2LfCYSTxHa+J/HFzDtO6+1GSzhJ4JDQoCjBvvY5AHsMn78+HH7AX7IHwxSD/hFvgT4KEkAUpc6xpkGpXJKkHcZJ0LbsghSRk43DOOfqdCFfuORznkEk9z2OAG68Dju1aZuvkxkFmKryQMEDA9PmHUHnPGeQSPyrMPE7jfN3J4ziLMKiaV4fWJwi7uL1VNxSvaz2/NnsvKcHh6fJQwlGmmre5CMf5btuK3a3vro9jy74teEfCejfAb4t2Gh+GNA0a0l+H2uo9tp2lWdtEipp821QqRKflAABBPOM8jFf5pOrwrp3iPxPFDGioNW1LChVwp+33I7fLyc8jgEcAYr/TD+Nupxw/Az4uuWUJH8PvERLdACbGXJO7BAGADjI9Awr/M98RgzeJtcdgzebqepuAuSD/p1wQeecngtknPHfdX9sfQ3xuPx0s/niq9WunPDSXtZSnaXLK9nJvyet3e92uv4J4yRjh8nprkSl9ZaTSXNZQj5X5dltfTY4+4J37ApOQGGFU7SSc4J7D0Oc8jscZA0qS+feIlZBuPzLg5U9DgH13A9ec9SRXU29vDcufMyrKhAAOBgZHzE4+bOScZAI4J6VpwrbwwbFkjRiQAR0J5zklgc5G0Duepwa/0HhT5pXsrJKVn2tFO+zte7b6q60SV/5SdVJ/HJ7NuNrpe7ZXbVtXfVeV7Hl+q+HjDGGMCyDacRgZGT3wSemCwGCeoJ4AHLHSklAQ27eWcjGBkkbgARkkDg8jJ6/j7VfT2wt2UujBiyqdwDK2NvHJIIxjOBuz68V5ndXJgD7ZIiC+FJYEr8x5wMcgYLYySSQMc11UoRSa0s1dLSTtp2V99NdU9FsZ1KrnFLmk7W6N62SsrO19ba2SevmcrJogmtnHleWASnUZJXkEocEgADoR3wOteT2lp5es3ETAMEkkRRgEEc/KVHXjnjIxyTyM+9faFkKqA0hYMzFI2LY5+UBQQc4UEZP0IBB8thsLmXXL2SO0u1UTNsC20rHkngfJjfnrnGPXpWdSnFVqXKk02uZaeTv57Jta6XbWpthHzUq1+a/KldrWTvF/dd6fLub0WlCRctG28AYC42gEY2kZB25B5PI4PtVq3tlj3oY2BZjgYBIK+2dwHow6kc/drStYNTKn/iXajIEAVnitZgcAcBgE5III7HbjscVt2+h6/dzxm38P6q4K4XFrOMnaQ275MHORxnI6gEkV6dGmm1rBJvW/LrZxb0XV7O9tWjx8S6nP7kZt/4dYv3dNd1rborp90YP2TckgKlnZQQoUhR1O0jJwuQclskHPXis67tSyMqAEKu1sBQR6ZPOdpJznA7FiK9Lt/Afjq4kVbfwvqjFhllaBlGFIO0McEE5wfyJHNX1+DPxPumKjwpeQbiGUyBEDjGQCQ3J474PUkYPzdcvZpJKUd927ybXLZp3t0fZvW1r68tPD4icrqE7rd8rXZPpft1vp52XmPgzw03iDxFY2DTRW0Mbo9xNKRGiojBjlmIU5GMDpu5z94V9w2mpeD/AAfJcxSarbSM1lEsErIkkivGmAd3zAYIPfkDp0rwGy+BHxIRmdbGCzlaPLlr2OJwSfUOCwUEq3OMDBA3AV0afAnxtOkRvNY0S3CoA8dxqMHyAAknmXBOMnIzz1x1rOdOhLllKsrqza5krqyVtOuve+itsrdtOnmEWo06CdrWlKL0tZK/XW+uu9uhleN/E6a/AwbUS0Nu+YVChPMdiT5hC8YwQBu5z+FeNapKpiiIkBIIRBjnaCB1wduc5weueehx78/wNCxqb7x74etyFAKNext5ZU4PAY/MMEA9QcgfKc1BP8Kvh7ZIn9o/FLSMgAyJFIjnIb5gHVuoJ4GR6g9NqhPD01KClo7Wk+6t363d9vm9iZYHMqk4znq1y6KTS6dG+q303622+PA3/FQXLE/eLITgEfdDEhehwFPPXPGTXcW++WNASCm0Z4AJA5wT7DvyQOa9f0/4ffAJtRvrnU/iXNHIkgREhj/1hAboysSU5ODwMFcYGRXb2+mfsyWECLP4s1K8IQjfCrA5OMAjIB6fe/h5rXB4qhTjNOUXFt21b0fLq9ddX2XMr2020zPKq9dUnC/uRSneTs7OF7K199NrLQ+cjGwDHhw2CMngBTgbiOOOpJ6HjmnQxDzCrFWkZuF3AEZ7g4Hy49Txj8a+pYNY/ZX0yENu1nVWKDfGdytwcDDckYHXp1ySeMKvxO/Zi01Ha28D6rfyA7kMkjlQQAoHOQBgnjPAJBB611xzLDp8rlGySvbskrbt3t5/fprwQyGvb3pwi7rS9nH4bO7Wtlu0tOx8yJbq29QC7MwCqAxK7eCpYZLY/wB0ZAGc55I9HurlnSOzuZ3YhFCQTNtBxhchDkcHv09s19Pr+0J8INPaE6V8Ko5G3HElxErMo52/eUhv6A89Dmx/w1NZWsofRvhppMAYsUd7SMsoXDA5Kk5yMD64B5NYTzLCJO1ne2jasndO/vOTfy1s33RvR4flrz1oxVu12rKOsb+ur6aPXRnzzZfDzxJekx22hanM20Fma1lXacfKFLINwBzkH1PUfKewsfgh4/vdsUfhe8TKko8qbMlsgDcSF4ycZBxwTzwPRtU/a18dXa507w5pmnkZCyQwJ0OcYVYxzwCOc8nAxgnl5f2jfitfxmL7ZbWwYBg4iCMjcfdYY69e44644rllnNPWMaSeitJXdtrJK1k+yfTutH3YfIKUHedeU9m0tNLx1V3pvd62td9UxV/Zp+I0iKP7FSHYSZfMmCsoGCwJzhuDjHBII96821v9n7x5J4mg0+O3sjLEIvNZbhVQKT90rnqo4OM444I4revfi58UbuOZZvFdzHuJ5gJBznnkdQATgc4wc8ECvBfEnj3xqutzyyeI9U+1Hyma4FxIjuOgCjIxjnGGPJweBivNqZhGbi3T5V23elmr7rq9FbbdXPcw2AwtFThFybcbNv3rqyva2u70drW6n1tov7OHitkYXEmi25UKvmSXUQIPHJBY+/J6HpzXYW37M9yY1N34j8O2jA/Mou4GJBPzEAtyTndjOBkE4r42svE3jKeKNxrGuTmSLc267mCvuGcnBODjsMnpwMVegvvFk6jN3qzFnZhuvJmH3vmxkk4VckgnPP1AHns4pRhFR0S206Ws+r62vffuyP7IwkW37z5tXq9W3F30VvLSz3tpc+1j+zX4Yh2Pe+PtFQBkLrHPbtzjDZG8DIOeCMZ7gYxqj9nf4QR/Pf8AxFsoQyu5AktzuOPugK/yk4bG3ruXnBzXwqsPieZ5GY3jlsnMl5IATjnPzc+2fY5xxUR0rxFcbQ8fAyEDTvwc4+8XYnAwSd3TnHBrCtnlabSvpZaK2uyb23dnor3v10NaeBwsFyxg3a3zfu+ltfLttuvtOf4Mfs52W4X3j5pDG5LNBLG2ecjnd07ZI3ZBOCCQclvCn7JulyAXGtzXwRmDFJ3csQCwOMfMeD8o4A3AnABr4mvtD1SFykoXJbDgyPtYAclBv5IGDntVJ9HvONiIuGBG5i2BnvkYGM++eenSuT+0WlaUpp3vfmS/lsrKyS/xW20e51qnRskqcbK2jTV3ppddE7W3t13PtSa+/ZOswCNOv74CXMZLPng8EjbkqwXoTg7e/Wqdz8Q/2bdOlAs/Aj3wA+QuhyrAdXBGCBgs2cDHcZNfH66RfDerTRqCAcA4YZ9DnpnPXrnn1Mq6NdlFBuIgcN0HJJHJU4HPTnnOem4ij6/Unqp21+1fX4Ult6ef3IhxppWjTS5t3yqyaS09NLaLzdm0j6x1H49fBuytJE0/4VWQdEyszwRqxOzIJBQEgnk854wMAisrQ/2kdLaB/wCxvhT4f2KNrk28YOGbI+6mVYjBPJbIAyeMfKV1pE0URkluSwJK7eo3YIX5cdD6ds9CeT6N8KLKJ7HUBMF3x3H3TyflGBgDAycA/wB7nPOeNoYmbUbT7a6abWur6Pv/AJ7xFKEeaMVayaj06a9d7Xvbm3fp7/8A8NLeL4rhX03wDoVssOwW6/ZFOw56Asn3SFDBMAA5IzuqjqP7SvxgvZXlt9J03TyoYp9ntkSMHGCSoUZweR15wAQWNMi02G6nt02bdxTJ2qCowAxJUtnJ7kDt93pXST+GLK1O5dxRwV3cffOGwQedue3HXIycYzeNlBqLqyS+X9299L+mnd6hyxkm1BX7LXdw1u3vvonpot0zzSf48/HG5G7+1I7Xe/z+RAuPlOMFApwR/Cc8+vTEB+Lvxxuoc/8ACVXkKuWDLEDCHBGCSMBj2I9OM5Oa7NrGxSZyqbwUbsMbhncSCpIBOTknAKjjFUZIkbdNFbRbThACBkt67cdAA2c5OBjAHW44mo7WqSdtnd2a0XRXWzvvdO6XUwUlG0UuVXS91Xelul9Lb7rve23lmqeJvindktc+KdXJYLu23Ui/iAh/i7/gMjBFZEi+Or6I+frmqTKWDKZL2cEcEZxkcHg554BJIJNezXFoqCSQxgZUABACqrgYyDn05OfToaggSGWVUI2qFHIVVDHnAxnI5GeTlicnGKmdafXmsmuu9rLXz3eq1/AJSklZP109NXra+nRK+t7s8PvPDPiO4VpZry6kG3JElzOwbg4G4sSNx7EHGP8AaNcNL4V1YuUMjIBk7mZ5NpDHIO453Ec45Gc+oNfXV4he1mXbkiLJYKoKbc4O7OM7eODwc5J5rzGaS2ghYtMpd5XHlOi7iQTzk5wCcDqepPO0CsnUTWzvdPVrye+rabu7JdW9ejjOS6tu6ettnbRWtL5q130TPnXV9GuNNgLSTu/zgL5fBbsxDZxgcZQ+/Oa/VP4F/ALwHr/wst/GmsaBHPFb+HWu5ZnOJJJjGxaYnbghGXOPTIA5r84PGrBrOOJmRZVctGF5BJzkEnuMHPcZz1Fft3+y3btqH7NFtbzEG3l8KajDIIyMs8cXCls5BBJyM8dfetsPyynZxu2k0rN3kuVK/VK/le/fZdVKo/ZTbu2k0rvW9k13bSkra2X3nw54X8E+FvET63NFpNpFa6RFciBQBHM5G4xTPj5mC7AM9+lfJmrX9wmrXigkLDcTQKgH7sCORlBAGP4RgscjrjIbLe4ReNNU8C+IdVbSoI7mKUXVrd28rBlCmSRSShJCkJ0XqeTgAmvFddt49W1G71LT4WgS4nLywKckzuSXCcjdk5CjBwCo47e3gsK4ynNqNn7yjyX00vZ6J6a+nTU+HzTN41EqKnKLjNqaWjt7uqWl139dfP7S/ZPmtrpNcWRhIqWwIjb+GUkEMCc8bjgenXHWv0UsoJPs1q7bEYQA5DMyYC8JtPGcY6nnB2nGK/PH9mnQ5/C+hapf3sex9SidkDZEiIo3AsOxOBjpnHIIHH3dpeteZpVm6Sbw9vEVEg5yNwyCc8KARzyATxyA3sUlBybtFWtr2fu30abtfrrZ9t1GXV5ezUJyTejvf3rNK+u77tq/ZJ7nSNbbAzK6ALtZlO0qxY88jsMjpnoewBqm9uAWMqYctuDKx2hDzjvjjP8APnJBpRX6Mdu5WYu3XJhYDJ6seNxHPGTx1yM2o7kzxmOSUKd5wUABC9gSB2GNo64AJq5zg43snZ9N9OXp13tpstmnt6bmu7baulfdPldtWn1t81doar4Eioi7oznfglsnuoYc4yM55APJ7VrwoZFbKsWUAArwH55JPTaPvMd3Q8cqcZ3mKrxtuZUClXPyknBOMc8c4BHGOmB0rWtQZSNsoKD5GC4MhDYZQFHJGDhiSPmJ4PzYznKKkkr26aa36ptX036dLq5lUnJ2io2Xda6uzskm311XVX5ejPC/2jG/4tH4nVhmTbFh8YQAuAM5AyMemDkgnHUea/sJ3Zj+H3i+Fvvf8JChQsB8n7rPU9O2PUHOADgek/tNbl+E/iOPzUH+pRVyA5+bGWHAIz7YHBHArN/4JtfB/wAf/FLwR8QG8J6bb3lnpWu28d1dXU6wJHPJAGVQCcnAJz8vXkALjPz2bZhhsFKOIxdaFDD04WnOraMU21y3dlZyffyVkexlGBxWMvRwlKpXrTd4U4JuUla+1tbPq01bVXS1+mLvWZlib7Q+woAsa4DBip2/N2OTyeRwAfpltqWULB0MkoUqCCFYY2gMQMbQcEqepUba+wrb9h/4sXzW7XmreENOR4+Un1MF0DABjgbwCOrBiASDjODjpYP2CNciaNtT+JfhG3jjIVlglaZkLBshcKMsGyFwcjH3SBXzFXjvhajJuea4ZvryXlp7umias7u2mt3q7XPo48FcS15L/hNrxlezdRKmleysrvRN/wDB8viK11JhKol2yMrBEUZBjC/eK8AlQRwRkkDBBxXTHXSYlRZIpZWzGAy8KFOQSeD3yTyM854r7i0/9g7w9FJC+qfFm12KpLCzsXkyGbDKHIyc/Kc/KCcDgBq7G0/Yp+EdsYzffEDWrwoThraxCh85Az8wJ5BywA9DzXlYjxH4Uimo4udWS35KE2r3XeNn01d9el7np4bw84mcm1QjCL35q8FJ2t2bbcbXu91ql0Pzik8QOilyyvJGDiIp/F0PzYyM++eQox0xFDrEl0kmY8FQDuLAIC2Cc8/Mx4zkYJzhgciv1OsP2QP2fIGVby+8T3/mONzqzQh14ygZWBUvydx+7yM4yK6+1/Zk/Zt08MbTwvrV2D/rjd6q+JSG67dxIIzkgdT1XjFeZV8UuHqcWqdLE1GknB+xUXJ6K6cmu2rVt30uepHw4z6rZVp4eCdrt1XJp3jrdJtPe1rW8kj8kBcyoikyRMzxliiTKqhcggjB7AZIx3IYHIB1bfVY2jjz5RkCbdiAkodwGSFA5O4ZGMDoAQA1fsBp3wZ+BdkXFp8PLOcRNiOS4uDOBjOVcOMFefnwM8Z64rrrHwl8MtOlIsfhb4VBWMKsp07z/mHQkmMkEcYbHGCwGM54Z+LWXKK9jl+Jk0lpKUEr+7vdyejT6eeu77KXhfil/Ex1GLupPlhKV9I77bbdutr2Px80WK/u7iAR2l9NmVmYxWUzoV25R8iLsM43DABJbOAa/Jn4b/aB+3POdrJLH471AESKyurAnGVIBHp82SvJOM1/Ytp0lnDeQwaf4I062gl/dqtlo6BHDxsAAGiQDae4yMYOR8xr+Uqz8PTR/wDBS7xfaG3MEY+JGsMIBGI9hdmYKEBO0ruyQAAPvdK9jIuNf9Ya06Swqw6oR9o37RSlK7s7rlSW/wB911PIz7g+WQ4anWWI9s6suRPlcFFpRta7v072vZpdV4d+19ffZtf8Ii5WR7efwxZwuem9Imckk7uoyMeme3WvmK50BzpCapHaLLb3EQMEqv8AvNqknJAO0EDJxnp2GOPpf9tSKOXUPAieYC6eF43wQwDLlscYAI7ZweeeMV81RWHiaDwnBeQ3dsdMdCqW5X50I6qpOSvXByOBwckV9XipRdTlguWFoKN010irbKyW97LXTqfFKhSpcycZJrmbbeqSldq+m10nvv3WnnDiIzrmEBxOgPX73y59RkjkEcjoVJxn7i+Ei7/hP8SlCkKLUuQTjGEIOVI/hUYHqe2M18Q3LSwFXaKMyK4kJXjBwCCQufmGOpIBJB+YV9tfBuVpPhJ8QyXXfPphc8fd4YKNoPIOME/dIOcAGueEVzSjOKd4p3e62td2V772tfS2rsepg3T9lPku7JN2Sel7q9773u9LbPc+K503yuicxszFwDtYMHwQQScHnHc4GByQKzbiFE3RESKrEjjaQuOhyMHC9TnkggY4NdQuWcbbUMWdtzcjOG+8cjjnocg8r9Qy6sImJdlaNgdoyw2hc8nPy4GBg4AbIGcgVm7292Kd9E9lfS+13a23W6VvPJ1YLR6O9tXZ3bVt+m+l9PJXPV/2bUKeMIwkuWjvoCNwJLHdxkHBwoOTjb2IpfiLc2j+P/E/nODP/a8ytgHO0nlt2eAMHgnIxnOTU/7OMIi8fWihw4a/BJ54CDIJ65HPoCMdMcjL+Juno/xD8XzFiQ2pTZwcEbiSMDnnHP8AXHNZUnJc2m8tr9Hy2+S1bsnul0Oium6NGSfKnZpa23XLfXXf8dDl9WtrZ9ObypFVodzAGUtvABIxyc9Ccfrzxi+EISfEeml8Zclt3UbV2sBjn2OMjPrnGLMmlx+WoV5lXBJyx7DpjOMe5DZx1BNXPBlsP+Eu0qPzCVxPzxjCqSp5xgr1HQ5HQjirqRvFpNLyXb3fP70lv0bObDOKr05NptSprfR6q/bZWinfdNvVnuP7RkUc+t+G/OuFXd4VsVjRVAf5UT5iSeOgxtByRxzmvm1FaCMRrMg2kgrkMSMZxn7xyTwfT3zX0P8AtHWQvNS8L3ImZmHhmMLEDz+7kAxxxg5HXJ9z1PzItnKgDcggAANk52hTnOCV4ycZ59M815SnH3b6WS3VlJLS67p+dku72PdxDftXZq1ortdcq6q2qVt3ra19TcsS32+1TeXV7i2yAMDd5q/oPU46DqQa+lv2jrK/k0v4c3EdpM8f9hMnmRoSAy4GT/3znp6/SvmrSRMlxYs7K2dQtwRnOQHUYzwcjjng5U4Hc/Ynxy8Vy6J4V+HqLaxXEU9rJFJvb51XLBlQsMgDOQORnoVIJp1FGUXLT7K1Vkk+Vr8Hf77bO/dg6nLDknfWzb2a+HS+rWjT+/Vao+I3iuWTaYJMkHIZWXgY657A8kY98cV0fgYFdcLSgr5UYbK5BXEnyhs9xg7RxkMGJyFWt0eO9KBkjn0n5NpCsFSRtzYPBPIUYHORn8RUFp4i0m5v7SOwt3tZZWcSkxbd4ALcngjgZzkjPI+U4rkVO7asktLrS+qjb+krJaaXSOtVIuUZNybTV1dXulGyfdvdv1utj63/AGhNT1Cx8IfDS6027ns3OnpJJLbXE8EkxeNWBkMbruKjcFyOR+FfMdp8SPGdrEB/wk2tbY5hMgOoTl45k5WSORizb125Uhvl4H1+mvjlf2EXw++GV1e2ZuAbCOIAEnA8sjOCOSMZ69R1zwPliLUfC9zGEe1uFHzEhTwM9x90ZyOwJH3fessVl2EqVb1MNRm5RUZNwhqmkmrtWd03fprez0v0Usxr0m4xr1KfK1y8k3ZO8bPR67LdK6TVtk/fdP8A2xf2kNW8HXnww1P4teLNa+H1yoa78L6nqU95aS4dSvE2WGCFKgkqMY4IOPonx94nsbD4QfDubVIEnR5kmnmMQZ4hMuSoB6EAYG44yetfAVivh4NOdPNys+xQuRhX+YZBIIyeNpHQEnjnFfbPxaton+BHgWQqzPvslKjuoQg/8Cxzw2OnXpXnUMky/B+0pYLC0MLCq5VKqoU4UlObSTlLkUVJu27Tb63O9ZnicRCNSriKlaVGyh7WTlypWai730vfra7Vnrr9ofCn9ub4Z6T4D8N6ENRudIvNEig01vPtSqm3V8Sy7gpyrDJDHoAfYVd/au/aC+GPj3w3p9r4P8a6Vrcl6ujieyQ7bhJo2BmeTK/LsLEYzwAcYzX4t+VBbTMrfJCRuRVZTtYjByeo6k4CgEkjPcRolot3aiE5DSwM7K7lhtkAG3IOFOQduOg7ZIH55DwnyKnnNHOKE69PEQxP1iScouM6kpXd7pNRve1tbNatpW9+nxrjp4aWFnRpypukqXu3TXuqKerd203fRX6u59c/tNK114c8GPDs8uV3ZNpUh9sSdOBk+h3HnCrnBFeFfDd1sbLVTMnlF3wgKg5RdxODnOCCCSM984LCvV/j+rSeB/h45kZCsbsgDnLDy128nJB4x2yDg96+VrK9uYo2f7VcxruIIDsQQTg/MeGHIwPf0OR+nY7CtQp0uZPlhDpd2XLdO1tvwvfuz5+lUUp8z5k27tXuu7utlZ63u01Zrc90t7pVm06RF+STVAQCOGbJ/hz6ngtjKntmvqnxRdtb/BW8kWZQsk0WVPGSTyCPxKg8gfjx8IeG9VubjULO3kkaRUvVkUtlmCrjJz2z16EY4JJzj7Z8WzRH4HyO6M254TgDBYGTbuI6Z47ZztI9goRccHUi9fv3tHu+r19dilb6xB3t8Ol9tYu9knfZXauummjfynFeGVlJZeFwOm44C4685PqRwWz0HPbeGnZNd0Ukg8u2N2CM4OO3TIBH3s9MjFeX6feWcjqXLwFGIUGI4IAA59+vI7jHJGD32iXUX9saIwKv+8+Ubgp2swJ3L3+mc4/iya8OFO1WOy23s7u8E7P5X0Sdl5XfdzRSTTu1Fbv3rKUNLPWzfNbTo2nqfT/x1JEXgiV2LINIGVJ3fwjCkY+6M/UdMgc189iVGuIHXGA6lmyNqnOM7cEZ4zkYxnqTwPaf2gLiMWvgdg+B/ZW07TjOYgRweScjHc4wx7Y+cLVwJYt0hjDSI/3s7hkEZDBiO2Vxnb3rzcWpfWJp30SXTZJaLu1vZ6+S0S76DvTpLW3LqvOMoNPV7K+u2l3rofSnwLkceNLDYRsOqRsdp6kYAOOFG7r8vBOSOOvWfGWV5Pih4jIYr+9twu75TnyODuIHGB1zwoB55rjfgFiTxtafONv9rW3IUAbSw4LDacHuPlA6113x5UJ8UPFOxt7LNalPmVQAYhjgdQByWAPA74JPHi43gk1dqz6rdxS1urdmtei2OzBySdRtpvmSdr3bvGyvo1te2u2t72Of8LXSrJeRmVci1m3DHzFiSQeQeDk8AcjpkkY++/2EJdCh8aapPr0iRaW+gasLppow6EeTISrDH+rYDBA7FjjkV+c+ikC4d/NAUwNvw/LEEADPPT0GcZ54FfYX7LdxJFJ4o/eHyn0LVNzrIc+WbaWMKPlB5OcYB4/HHz2Ko88KlNSUZTi0pWvZu2tu+3VWXfQ9alaKhN2srfC7uycFdPfRLXT13Q34iDSP+Fl6/PokEEOkS3QOnxWoXyWiwwaRFXIVWYZxyBkHjgU2Js3MDI4BEacfdwARnoPTA9sYz6eW2czfbpFMrMxnuFMpkMjFRIwUAk7uA3ykn5euV6Dv9L4u4i7jaQV3NgnIyvBA4BIHbk553E5/PcbB0udOblyqyk3ZtrRt2vu9dutldo+qoKPNF2sm4u1+vurdd9OjvsmfXHwgjV9X0JQRj+0YjtHTHH149uSDwADnP9kP7FcgT4EeGV5P7y5IG30bnPYZz/F34r+N74OgDW/Dw3bt19GflYcfMoxjGBgAZByOenSv7I/2LrfzPgT4bcOcGa6J6gthxjJHPPoQclvoW/A61SrPxHw0KereVY2S1Ss1VoJ+Wq/FHt8ZpR4IhKT5U8zwtt3b91Plv32u2+lm9bn1skqtywYcA8d89+e3X34+mbIKEnHAPRiehGcAr27cduM4zUKW5BGSfmAA6jcFJwCT0wMnoTz09LYtgp2vhecqAeTjIXcTgA8k9sjnK9R+iQp10+ZRd+mqTvpvZ6JX3ejsrqzbPwRzg0m2nfTRry66dbNt30utUMLOuM5OADnPB9DyOD7Djk+lBdjypIPGRwpyfvDoc9cA9/0qfyn4UAHAOBwcDknGOecEYHK4zgkZCGHK4OTjJwwyuTyTg+p79cc8AV1QlWSV9O/MtGrLRNaatN7Xellaxm3C11bu3015VfS+r1+/TRECs/zKDySOAOg5PGRn2J+Y9DgdamUFSRgEDCndnOeg49sg8n6inCAHJB2MRnO7nnpkAcZIwOckjHHWleDnGSGBXYwwQW6ZI6BuoHABLY68FSdflTsrtpJLV6uOr6O2vfTXzIcrvddPJpXVr9H2VvO+t0M8xlyF4/u556Y6np0JxjsPoKcsrgAFgx54G3cCD2PGQTnr0z24qJkY7skj5sg7jj6nk8njPGQckY4xCyv8uSOQcAAYBHXJzgAAZPYA9RxWixVWD1unbVqT1flo9273V7O6L5U0r2b0bb9FZ7bddN9NFfW6s5CrwMk44HVc5IHXABPUcEnjOQamW4YZJAwT1J69s89s9s7Wxnvms4E9N+SSEBAzjOQTx0XGdzfKecbSMmnLuBySWyRt5OFIwNxBOMgA7Rx2bJPTohj6y1k5q6TSbTsm0r7Wt1vrtrZIj2UOq362tbVaJ20tpd6Ldmn5zAbuAgKt1wTnjlcgY54ByMjHqamW6XAOAoOc45z6cEbumOnQHnPWswMMsDyGAJz3PIJORyWOe+7kdaZgk4VTleU7HnOMHrjjkHGcDviuqlmNXnS5m7a7NX0irLS99U32fQzeHg7aW9G10XR+j7b38jYFzgkll6/7OeTyOp4XGAAcnGT2FJ5yn5tvqCQflK5BGAGOCOgC8kkc5FYwHUEEjGM8YzyOSePrxkE1IAxB2sBwMDd8uRjBZc9tp64zx1+XGyzKok7pXlJac2ulveaur7fe7WuS8LT35rNctm+i91W0V1s79PyNTzAMMqnADYIzhuQFPJ6jGRnHXgKcEyRypnBGSNp3YXBAA9RhcZ5JGODgAVmAOQoZgQpIIDYGcYIG7HRiM8EDkg4FSqp9/lJ+nGehBI4PLHPGcAYznalms729mnJ2SbWz93ZWbXfW3fbUzeHire906a2va2t1d6N3cevmbImTn5VYY4wPlIOG3KOO54IHOc+xeJFwflxnoMAk4IJHI6nAGevbOeDkgkAgN6dye3OTjp6+nqO8mW4G7noM5wQSBx0APpnjHUZIx6cM2cbNwdvdjZJNX0120u77a7dzB4dNtc3dbtvpom+ursvy0NYMgO0p0xgE4AJHOOOSc4ABIGSBjmnKEzu2kHaBhtvA9sAHOPc49BgZyDK5J+Y8AEc/dwoHQnqD2zjjJwOrlmbgnnBIUYJA6456jacA8AZBGR39KGa05ON4NNJa3s00oNpvR7NW0uvkYSw2jfN+Lu9b28++i6am4qqMccnOR+HTqVHTOTnjJJ3c0p5HTuMD+EZPTvjA5/8A1c5MdwxOC2ApwBk4GQPunuP7x4wBgDaATKLmUn74APGDzkcnjOenAzjp7Emu2nj8PJ63i10tZNXi9XdPb0vp30y9jN2sk7NWd9tlbW/ZJvrZ3urmiVHGWPOeBjBwTjg9ceo4PfpTQmMgHaeue+RwM9Ae2R1wD1NVftJHU5OR0AIGCBz2Iwxx645GQBS+bwSHP97Hyg98jJ6ckcEYH05rojjKFvdmuivp5Ky8tV5aaGbhUVmunrfeKeu60dl01LbAjOeAOMEZwOe5IJyDkHqR0zzUbINxATjqD0BGQO+Rnkkc59euTAJXOQHBGcgckZPOBxjoOwzjp1FAkJx+8UHp36D1DA5PPQY56DnFV9ZhK15LlSjo3vfl87K93u9LvfQSjJtc1nre+tt1rbRu2nS7tbXW84BGCd/RgSevU/lg8DJxweMgUu1huwckg5HHBOME84HcZyMY7kCoxI+McMQc/TJIztHA6DGMcjnGCaduUjO1jz6kAHuM54PB5x+HrpGtSXvJpOVnpe2tn3/GyXoVrGT0030WmjTv8l8kx5DKclgq8ckZK85YKehJOScdMn6UhJw3IwcHA4PTPBxweOemQRnAHCA5O3BGB0J6ZHbIGOMZHPPYdn7wFY7gQORtJJwucEHGemcEgn2x0ar0ntKUWtL8y192LduzVlp/m7zdO6au2tG1bW6WuvVWae2nm709SIGn3wHGdNvCMdebaQEYLEdBnOe44Wv4dfjzYeKtQ+KnjRNE1ZLFB4s11cSJu3M17P8ANyCTgkHsTz82Rx/cJqLg2F9tPWwvR04GLZ+o4J4y2PUZySRn+I7466o+m/Efx1cRzmJU8Y64wYAOu5bycBCBgjPGQOenQdPg+J3KpxNwpGLunHHpPdr/AHfum1r2b26vQ/X/AAy5YZNxdJwTtSwF4taNuVZJO9/Le+mt3e58yTeDPidqOpOINWt5vJUhWkXyuF53LwpJViNp56njGQeb8R6N8SrWWI3OqC+kRBC0UgdljYNtQhUGOcDBxgAg9Mg7d78WPES3bWdvcW7yqzOWUKABjAQyA85AGR05OSTWZP8AF7XkS4ee0tJpoXTJJTBCnP3TnOcHHv6csf1LAYfEKMbVJuNlf3rLaNkrPR6Na6Pp2XDj6kYt81KjzuzT5Fr8Le20l3d7+aTNyKP4lRabcNq2vzaYlvpqvCkJUqSVxGMbgFcnAyCCOn184eTxVdrcSax4uvkna3KxTxzneFIAAZt27cQQOmcAgnIJrm/FHjDxf4ok1C4bzILeRY1itYJdiDaFIO1cAjkcY25PPIC1zVje3cgkW889gtuIwjAnLbtgVSDuGWBPTgYJOc49mnhJScfa1HNJ+7d6JNLq02vW2t/I8ipVio3hGmpPe0UubVWtdXTXRqy39D2jTPC+qXPgvxNqd74q1e8sv7A1KBLaSctbmVIJZOQS2A449AT35A/Oe5tTLqPh5TM/+kQzx7TI6qqxuwG0jIz9Bxj2r9BdO8QvbeCfFGksZUgTRLmYIIfn3SQFdhPI57E9QxzjIr88brWrBL/ww6QOWtGud0br/rcyk7c5CnAyWAz2HXIrvwtJQqy5dlb3tm2ou/rZpatK/bWxk5ylRtLlTfw2a/u81ktLXu9bX8+vvPhTwjYTzy36SXBki0u9VhJdu250icbypfBUHBUHuSBjGa+ZfDto8+o6hB9o2galcwlcn5y9yVA+X69cf1x9PeCNct7mW5IsJY0ksb0nrlS0bgKcenGASQB075+a/BzWyazqk1wXiX+25mUgZUFLknoc9OpGRu4Gegr01Ts1KVldRV2mm7d3ZOzSV2r+aOJOdpLdxTvq9HbSzst30u9dOqPrvUvCGoaT4B13zbuLYPDckkUYlLBEeFmwynGSTnOTgckfL1+GvhtoU+pRX4RhiGRH5bAGGJLAbSOuDjcTnnBIAr7f1fxhbah4O8TQOGkmTSHtkmETKoiEJVRySoJGWJIGBllI4UfHXwq1W005NVjeKZzKyiLyl3ZKsQwbBGCSMhuD7Dv0SjHTlXTo9b6fjp5W6PSxx0VNRqTqtX5pcu1k9O2ja1vdebbsmfRo8JXVn8PPHOpBIvKXQgHcFiQWZctjPO45Occ4OOtfLPgDw62v3UdsHG6EBk5wAWcbDwATtBxnsMc8DH2jN4ytL74SfETT4NInhJ0SGP7U7ZVGUqHA9Gz1DHocjqSPk/4R3sWnamtzKriMRRjlC28lh90Y4PTk85HBxuy4q0le6TerfTbp2Tt8yvaXhK9vdbV23Z3S1XbVJ3vZNK2u/wBN+JPB95pHwK8ffOsyo+nmWYP93YFyAMEL0Azn1GD0HxLoOgk6lp0sakiaaBioYhiJCAFDD0BOcgnP4mvv7xpr8Vx8CPiJEIJPLu5bNWudhVIVODtyT3xjJ5zgjJr4f8M6rZre6YhxshlhMTBeW8p1ABII78A5wQfcGtLWTkpatvRy0urabpNcr21tdqXW00azlJxk7tPe6drKOi2vo9LXTfXW59KfGuxjs/g7ZQ3NkN8Gq6fHHNuZ3iTYSkYznnJO4/TPbHzFpFrB5Fq5jwY42kyzY5xgD5d3GPlxx8oGeox9GfHTxANT+F0MB8tNuuWMnlqB5j7EChlI4xzk9OpyMg4+efDQMmmiRlY74ZVQFQeUwAFz1wT6ZGF9aulH2krqTV5NNtJbOF72Wrb62V3vvcqdSzaTV9dvKSVm++lravU9u+OVlaW3ws+Er2loYJZUu2nkTrJIShDA8Hn0zyPQYx4v4Ogik1FB5LoR5UzOecyI4wCecjPJ47Z9K93+N8jyfC74T25B3rb3bMdgyikoCx78nPPXqCOBXiXgzTbu51a2tbZZp3lMShYlyzFpFIBIGQMZBx0PB6mtKsZqcI1eVWceZOyurpNNJWu+t7EUW5U5cknK6TeiXK9dFbZtrsntrbQ0v2goJrjW/D4Mg8/7AJw4XLYKIOoBOABwfQY6Gsnw34VvruwieFGmlEABVYuu8ZBLY4OeoHI5A9R738Zfhxe3fibQDKhgaDQrRpVk/dlQUUvtORvOD9CcDgnI9X8L6Zp2heHo7bTrFbiR7WJJZJlD/vCATsYcn5unPBA5G7J9OOFjWlBLWEUnd2tLaz2s7/f130PPWJlhaU3zNzs9XdSdmlvZp9dr3buut/lGP4Larq2rWE0gS3QKpnM5CRqFZTwATubHGCOeQcAV9c+B/CnhDwpp8jysdR1vaMPHGDGApwFUhSq8ghiMZGRisi20G+u7q5muorpUXLxBCViBxjIwRgLkjgE5GcEHFd1ofhmW2t5J2jkcujCNUwx45O/OOByGzj/vk8+vSwNJQjtqt7WWnLe32nqk9OmqtoeBUzWtzTlf4m7OL2SSTetvna3TTVGTLrF5ZTSNapFbW81wGaJAJJQeDlTjqOoweCT0AAr1XQ9Y1O4tkuJ3uHHlZjZnOWx1UYPABwcA9M5BPB81j0VbrUW+0q8REqBVTO459QegI56HqPWvQ4tGntbdGJuFhQMIxvIXODtz8wzgevpjGeT0SwlOUIxklyR2Wnlq77WVmnfdWulqZYXHV+eVptN+82urbS166dl8ujePqepXct6GkmRVWRSEBOV4HLZIznA4OOgPQ4PY6VrupRZSGaVQbcqrAkDBBzjA24PPXnHfnNc3p3huW/u5GkCmPIcySNkg5BIAIA3Yxx9eBwD2k95oHhNd97cRuzIBs3qWxtyQVycDlSQP++Qx3Vwzy1VZKMFo2na7drNJaWS6dL3vbpr6kMwxFF80qtnfR8zbt7tr2T6N9WunVpTeHrS+F815NcMEJEoDOxZ5FOMliOh6FicAZJ56em3XxLsfDdo63eowozctDG+JGYAYQE5GcDcSMsTg4BJz8o+JfjKy/aLfRoFhjbdGswcB8AE/KQcgH2xyDkdz4NqfiHUtWk3zXMjStlmLTE4DAnA7DpyOmcjjPFf6r4ebUq8FKyTSS12S3d11WmvTa+kf6x1qMXGlVlr15nrrHXRb9e697a9z6+8R/Hu4N00uiHyZJEKPcSSMHweOF4Gc9cA88H5sZ8u134l+IPEhWG51O8nRVC+WXYRjPJAVTkgYxjGeTxxXgUc0aspupGI4537mOOoxngBs569sZ77sPijSrFgXlAwCQVw5OD0cn3wcYOMjBPWu2jk+CoNSp4empRsoy5Y3T93q0rPs1dW7o4qmdY7Ex5HiaqjLTl52oq9rrez2W63erOuOmT3Ll2TLSH70pPXcDuXJ7EAHkc4z1wsreGAN25ZDkrw3TnIKjGMgkgcZGBg47c/B8TNGUBXUyhQMDYQSwIAIPfrkZxnnnlSd+z+JGjyuN0Z3kMvluuSCGAJXPqejAA556Lz38klskk7aLSysryW199P0tY44QU03Od29buWvS973ez00TavZG3ZeF3TlFUBshs4bCk88E4GPp7DPWt+Dwu7AbsbAflAIBGOc9zyOAOhH0rEh8f6VtRDCI/m4BILHBGATk8ZPcc5PHrsQ+PtJBZCQN20BsfcPpx1zjIO7JOOODVwptttNp2il7y1vZ2W293ppqlrsbQp07L3ovZLyekra217rXXW71vs23h+GII7R7hlkJwScjvgDBBPHYjGeOTWzBpcKpkQtsDHBKDJLEg5XPHOM8c8+9YC+ONNlVkW6RO4ZVAJPpjI4HBPIzxyMUv8AwmenkhY7yME43FmXJVR1OD15J/PoeK66dFu3M0+bW11v7qWz1lpd2um922rvWNOnG3w+d0urWvW9kuut3oztYNNYuFCIoVTneAOD0OOhPGcE8gjA5zXQW0EakF5VDYCsEwBtx3KnGTxju3POc58rl8dWcYH+kxsoXAUcfMS3IPO5s8fePGDis648f20eSs0bE4LYJdxnIO4DgY4OSSOvem6L0cU29EnZa/ClazdtXKV+lltdMcXhou8uW+js7aL3ddLXs2ut3fVanvkN9b2+FURFxuOGYbR1yfqc/dBwVAz0wVfXolBcEDGBgqAueckfNzx6gYwP94/OX/CwoXDfvdxJYlQO444O48jJPBKkDIwcioD4ydwSpLAA8B8R4J65OSTgYzuGOpz0q44StUa5Ycy06O26V9Pv0d97W67vHYKmk/axV7bbN6dru299u93u/oubxCWRz5q5zhQHwoA9QOgH6elYl94iJO0XIOeCqtgDgHA2ggZ6Fu4we9eIxeIJp1UEsqluNrMCccjcxI478Ae/atG3vTIAzyM49FB+YHGNzDqT0wPmb0BxXo4fJsTWcXGElflV1o9Gn+t76d9NDkrZ3g6SvzRTS/mXS2qs7/g+u+67efX5nwokBJJYnPOVyBjGM46D1zyQaome+ujkM2CckhtuWzkZBHqRnBPvkVl2wklAZLcDawUOcggY4JU9cHJx29egPTWNjcMCX3oSTjA65PTAA5OMZJIz0BFfRYLhWc7Oo7c1rp+9ta7a019HroeJW4rhFuNKLel1u9nG19H06atdWUYtOuZQWdyy7s5BwSTnLDB6LxgDjPYYretNIbcpLl0HzM2RkkErkLkcgDnpgHHTmtqy0iRygbO3aSWwQcA8bSMkYPBOARnIHTPV6foDkMChyGACgklvfvjg/qTgHkfS4XhbD0uTmXPZK+it9n579NdW0tVdeFiuJsRVTSco6d31tbVdF11+exlWGnbNoPI5kPGWI6dQSFIGABxnhc967fT9PjIXIYZUBSQBgg8jAwc85P8APIwdvTfDjELlSASPlVcnjrg4yDnp8uPX0r0PTfC4YruiZcA4I5ABDYJxyWJ4J9M9cbj9HQy3D0UoqnFfCkrK7+HSzj22s7e8rW3PGeY4qs7uq1d63er+Ftq2uieu++xhaZoauFzGMleGDEDHB5IOARjPXvjnrXeadoFtsCtGdxUDI/i4PGTyBnBznrz7DcsNAeMIVTcqkkNsIJweATnhhw3PJP1zXXWekSBS3kZyMjtz1Bx17DGAfxwa7XhoRV0oqKs3Zrf3Vbbd2d9dLptsuOIkrSlUctFq3tsrJ3afbS2ltkYNv4ftmVN0bFsAEDGcgYG7A6duPqMVoLoECspChAWKlWAJKjI+TGD6jAIxnnOa7S10vaAVjySABnrk45HsR6deR0rWXS0wC0RYgHjnkggZBzwACBk4BH1BrL6vSfwxXbVJWV1d6ryukla19NrdUMbyt3leyS36+49btrv3Tfa5wMOkwpv+VkAOQSRkcn5mBHRuvQEZAPGSdFbSJFTBGMbWbcVI5BUDnAxjnp0HBwBXY/2FE6kAElgC2Mgg/LyQBjGAOnGfmHO41XuPDjMh2SHdjkEcBscYGcHnHfHPUis54eSbcEnqlou6i9lr1vt8u+n1ynN+9KzW9/WOu99NL3Stpa1rnLlljBUMhOCuM5yykdxxhcEk9Nw45yazpb4BQA4xyGCsCQDlhz0OcZJ5z+Nal94Q1RhuglJcBuB1G7uMHGRjGeflI6EmuF1fwl4rTesLFn2HaATkvyucDJK8nvjIJyK5pOpBX5H0V00l0bt+C81+HTCpSnvUSvbW/X3dXu/TsrEt3q7qHIkyUIIwRnjuwGAMDoB0PTGa5S81/azjzSAMZG4YIb5iTggdQMnGevY88Xrul+P7TeF065kVMkmNXJYDOecAkHI/i6HBNeS6prPjCzLCXRL4nGWJhckZGOCq7sc9yR1wQ1eTisbOmn+6qXVtVF9o2/Dq9ley2OqlGm5xaqL0ur3bir6u6uvO9rW7v1jUfEhIk/eMDGCAUIxwMcYxuJXPYHcSSR1rzrVfFzp5myTb5efusAe3HPOW7r1UE4BFeRal411lDIs2mXcZ5D7Y5A2RgEnKrlueDxnox4OfNNW8bOjN5sF3EzMRvEMxIGSTuATbu44J44zyc18rjs3mk7xmkv5otNP3U91r67aaK+j97DQknFRstYvdfZ5V0TuuytZX76nrureL5JQ4WVyQwctu+X5egCEgkjgkdcHn1PnWo+JJHZz5oA3ZYhsEDbkg8jHU8jqucZBry3UPHVoGkQzNGWxlnjZDgA5DFlHB5HOM8DAH3uJvfGMVwziG4jwWVmZXyW4IyRyOuCOnJUk9BX5znOeShzNXva10m3Z8tl59Ntz6jAYWVRxvZLS99Vo420v1ur3tva3b06+8SmMN++BJ3AYPzAYPB/rnH3uVzmuVuNennKqrMqk5yCy4yccgYPQDjAxz14rhVvJLlllM2QzZOCAAvbb09vUDjPpW1bIMK3mq+Dl8kdecYxzkceoznqBkfm2NzTEYicouTS5tEm7vZ3tpu7X+Vrn2mEwNKjFP3XJKOm6jaz+fq/wu0a8ckjyHcXOTknc2AB/CSe5OO478YHO/aLydqHkAknJHCjGepyAOeBkDk1jQ5ypBTGdzLxyoIAJI4BHGQOuOmM10dsSzZIw4BJQAAZI+X7pORnjbwCcgAdT4M5uTbvffWy37aa9F2fQ9FQX8qTta/Kk+iVnFbu/ktV3satsTgMI1KsRycfMejYGDzjjHXueDg6WwghnO0OG3cEjjgLgDtgdBj86rW+4jbtXcqktxgA9Qcc5/h47e4zWksW9VZ+QQQccKCM4Zueeo+mfbFc7d1u99O/S2rVtLbpXeu17mkEo2W2lvystOq6r5kS7VQHG5+vA5KkDDEMcjgN16FfyYxRQVYDaCuMHJBHUDIyc5LYJJ6j0w2QELhRjDYIz90L06A55zjnA6nvVd920AE8ODkcMe/OckAHrncCBjviuOqpXtq9FrbpZb9fw6R82dMJ8qUWtNLWSbumn5a7W6OySWg+5gj2FVABJAG4DIyM5zknO09WHTBHOBXL6lpoO9o929e5J2kDLAA55JJ42gehBPB6RsozkjdnaApGSBgDIJztG0Y46+/FUbhCzsp3AMpAx2IHRgMAAZPHOMc8muCrGVnrvZ3btZ3WiXbtfS71R30GlPTVXs99NFto187WSdtLXXnlws1u5LLyVJyM+mTtUDjk5PHbHsS21J43UDAIB+QZ+XODtBOOv8SjjI6cYrpby0kdcqyEDJ5UZVQOy7ehx0XJPc8YPI3NoYSJApbDkAt0+mFznJGRnGB69a8+c5Rs07tb3XSXLZ2SstU+t9ei29Wm2+l1q5aX0TTumk1prdO17eaZ1dtqaqMZJGcqCPmZSfmG4EZPB5z1yMjgDWh1JAVdnxyFbOWG0jIA4GWxxnnKnDc153bzsj5c4B4PGQq9cZ9c9OMAkDk81oQz7wsZIzksGwRkdsHGc5OCOnB65qIVG9dXZpdW3rbdWVldbvtfd2qyTV1Za+W1rKK69ddrdm0eo2eqhXDKy7SNpbGcgHBJ9BwTuPJPOe9dTaXILBtzEEhcE9AwbDKeuGI6njgeoz4xY3MsbkmQ4A7nIIZjggDHQgZGOuBXfafdFjHzuXG3KnHzDpxxx/9fk5zXsYWpdr39Fo9bJq0bN6dklsu990cdeEOR6d7paaaK/S2mtktW+17+p2M5VlcDacZUNgZ385IOQCMDGO/QDt6TorSHy9zLkZXGchRxyDjJzwSTjPPHr43pkjPs3LuZd2BuO1VywGQRgHkc8HONuTgj1bQGMgjwoUAHLAkBmOcZIByQSMZDegxivZoNb9HZ3b1d7a3ta2vyWmzV+GCUVLmaunqk2rK8bvS22trdW9+ZnsuioztHhhtIKggkL1IxgnjAGQCCOeGr1HSIpDs2sCEUErnbtyT90lRnOSWwOe+M8+WaErMEQEEjIJyV4z0J6k4AIGTnBPBPPrWjZBVmHzZVsYPKgY7dzzg4I46nmutQTVmv5et49LXa16b6Wa11bFKaSTi2tNFzO11ZKyu9NGtd762drd/pkThRgow3A/NyA2Spz35wOMkj07V6Bpdu4YFlTPClcD+IYGFPBxwOvQEZyADxemYwRwrDAwQSu0kcE9CT2yevUgcj0bTmI2bipYYYKMHIXjtjI4IwP65ObpQerv01Wu9tH+Pzv0MnUvvu9bp9dEumurTurd3uzrrCzzhSvQhTtwD820cnJ4H8XucADnHX2NjBuUmNS3Ibev3iFGQAFPOOuOBhjgAqTz+nsQm7C5JBxkDsNpOOuRwBztHPTNdVayjIKjOCME/wB8nBVe/OOp25yATkZLVGl11atuk+i9Hf59L274urJ7Oy0V09HZR697Weyfe1zUhsYNqlVUZGQpVRkk84A4GQMHJ6E5IwTRc6NaTLhokkBG0AqAOzfNyO52k9MDipoJlGW6EEdOVPQZGCc7fw46AnNXRIp5GABjJyMkN/EOeRg9j82eenPPWw9GeyWytov7r87NbWWi11b0Lo4mcNnJ7NXbet1t1bWt736ba38y1TwHpd75m+zhySVwQo6D7xOOdxyTgEED8a8h8RfB/SJt3l2qq5LAFIyNrMSTgAjPfqep6N1H1exViMKCCmOV7jlSQCe/BY/3s8Disq6sxIR9wqR8zYxg4yTyOuOA2cAEEYORXzuZZTQqRk50oT92+qSfTuurtv076HtYPNKsGvel03b0vZJK/S680rO2x8B6r8J2tnPkWpTAYh42eNupx8wJyQNpA254b3rkJPDviDSHJstSvIVQrlHclBjBBwc8DrxjBxnr8v3zf6SrlyAGwCflUNzjA3cZwWznPQnpivOtY8MW84lPkocYVmCgHDYPAxnK98dSAo6kV+YZtkVL35UnKEr6OOl3ps7+i2WvRpn2eBzSUuX2iUtE2mr/AMral5v+W/zR8v2Pi7xZpr7ZnN0inJdTiQ4JwdwIPOM4GASR1yM+p+HvjVqlkyJLPNABtyk4Z0JXjIc8jkZGMdc9DxJfeD41D+VF1PDdFGQSVweTxg8EDjd8wxnhtQ8ONE7BoVOTgblHQZOSwHIJJwQCc44ANfnmOWa5fJyo4mrFR1T5m3ZWW97vXV6WV9Uj6agsFi4pTpQ96zdrK9+V3e9/8ttrn1NoHx9ukCYucOdpDRTlMA9wNxIORkDjJ5PQ59q0L9o29h2Zu5zgqP8AWkjGOhXg84XnIPXI5O78yns3t5GZVeLDEgoSQoHQYOQGAPQscDPOa0rPV7+DlblgqMANxIJAI55znBAyRgkYIJ5J5sPx3nmBkorFVHy7xbupax0sm/wt87BiOGctrpt0Y2lrZRX93Tpq1orb3TVj9iNC/aVEgUXN2pGON8mThQFbcCCD1zgkfXgZ9Ks/i/4a16NVvotLusgAiRU3ZIP3crgNz1AHOQua/GSw8UXAIWSRwTtAdSR16nIOQMc4I6ggjOQe103xRdqVaO9kiY9MOcE57noMHpnB6Zzk19XgPFjGcqhi6MayslK++ltHdbLTVLa12rnzON4Mwkm3Rm6ctLWi1a/Jtaz19PdP1ivYPA2qoXgt1glbkPayYAzy2AuAQOeM498E1yFxoMsDO2k6q2OSiyPgjBJUA5+obHPHJznHwnpXjjxLCV8nVJWBIKq7lh1HBLep/hPqcc9fStL+JXimMqsym6VehJ4PGDyOCT26nvgZBPvR4vyvM4x9pg3CU0tVGLSvyro0lvtqtlrueNLIMVhG4xrucU4q0m+0Uld63aatZ+Vr7/SUeq+NtLYCC6nfc3BhlYg4JAIycYJxgHvnAJIrq9L+LvjbSZEEt1fKqMpYhJGAA5DcbgeuW45PPXg+EaN8VfLljbUtLuimV3tGCwG3AJUY6nBzgZPYfxH6G8LePPhTrIhi1G8l0+ZsBheAopc9VYlenzAHA68+1L2eAxP8JcjevvNwWqi0r2Svvdu1mrrq1w4nD+yg/b4eNVd4wU7u0W3azv1Wnmez+Ff2mtTgZI76+LEFQVnjdM5AGSWxjJ79lG7vivorw9+0LZ6iUFxBA6kDLRyLk5IHHsep45brg14noPgj4O+JURodQ0y5ZgSFjv41c54BCthiW4+XjryCATXqumfAXwKmyaxmmTOCDDdLKATyAArbQOSO7Acqd22rjlWMjDnwmKnBy1jB1nOLfu+6otvrba2u58bjqeRyT9vhXBq6vGDi47K91bptbffse4ad8S9BvguXeA8cFvunAOc88cKO+MggYOK6631zTbwB4b2M+ik4PIxg52nGeuQP614pa/CWxtFC22rXSDpiQsxJA45J5IwD25P4jbh8B3tqQbfVVfaDktgEHrg85znHy565IrNvO8PH95TVe1l7totpOK1kpXT2e26fXU+arYLIpS/cYudKT2U4ycbu19bel9/1PX/tCkblMZHUqgBDdzjBGAOvbJ56g4UznoAAMcHrkkE+nTlTjPXk9wPMo7PXtOx/pKygKdvzjaQNpO1Tg5AIHcDrjoDrWmr3ilFurckDOMAg/N34OD3yOfy5Occ75JKniVWw8tF70eaDej3umtdNtuup5tTLGlzUalOtFa+47PpZ8rV777etmrJdr9oJO3AznJOAMZHX06ED+QAqQPycEMCvt6HPA6Yz1zjuOaxItRtn2IxeJiQTkAKeCMZPzds56bcegzqo8Mi7kmU5IGMqpOc7uRn0xg9f5erhsXTrW5KtGo7xcVzxUo3td2auu9t73T2OKdKVO94yjbduLt0T95dvW+r0Vyzn5Q2Tg5weGxjqcDpwQDkDr7E03BXpg5/Ekc8KO/TkcY9cDNTRRKxyT3GNpwQAvGeSpXOScnggEkc4tJATkHGR68AZGcgHlicY4xg4zha+qwWT1cWoztCMbJtppv3rX20eu6trbXY8+pWhDRq8rLRKyW1k77/1tdsqwqWKhgRk9ACD3Bx04DBt3oDjHBq8lvu2gjnjABzxk9e5HGeceoA2inLGQQRg8EliehPzYBJI9MkEYHr0NpI8L1468gYGcnjG3GBtyOejECvrMHw/Rppc65tOa0rWXNa3bXS9vwRx1MRJ6Jq65dI36uKW9kvJad7O1yBYUGCduCMHknoRxgf3c5yeT9cAWI4T8pIBXqCON3uCQcjg9vwFSrGhG3BJAyPm6npxlcg449z0IpxHBUEfKfwxjn1yASehOCc4yBXtUMrw1OVvZx5XbSNr/ZWvRflf5nM69TZt7J9bpWi3o+r2Svv97YLdckYHPGB35z14HfPX3p4gUn7o64yNoB4IKnPJ6jGcdOmRT0IYchgWP6cgAe5A6+v6zqvr90YZhweCPzyOuPUZ6Zr1IZfhnZqnGz391Ptv08vk9dLqHVd93qvPX4bLTRfL/O1b7OMfdAbjkYxzg8Z644GQMHpnGRR9nwfUnJHyjn/a5+UYyQQMknn3FsMWYbOBjjjJBGB16YGemcYIyQeA/CqenXBIznvk4zk+noPQkYz0QyzDNO9NK29lbay7d137aWsjOVSTere6atd2Xu9ZPpbZbtfNUhBkcgEL0ByD7gjAwDwAORjbgcnL1jJGD8o4xhcH+8cEn5jkn6DqeeLZX0565AH4E/iRyOgyfbLfl44GcEdfUjpjOQD13eikVvDB4em7csVtaOl7Lbpfo9lrr6CfM1fnb2bu3faKeqWvpf13aIhtB4yT1J5AAPfJAz3PI54OealByQvHGD0+vX264GeefrRghvYkZ3DgEdh0xj+LjmpgORyM8ZOccdiRnr9e2fbHVSoU1ta6aenTRba6bdu24m5O12knbSzdvhtq091vs1r5iZA5OBkDHHzYOSc98ZzxxzkYzjLd4Bxjp29uxz7YPGe45PaQ7TjGOOuRznA/THOPftxTSvOcZGcjPoevP15PHOMemOl8qW3np5WT/FK9+vmQ9ly3Wyv033Vr30S3tu+gBs5x1H/1/wA+2ecc9aU+hxg9Af8A9fPPpjFIqhemeck8k/hk/Xj6fmuACCRyB37Dr+vc9/WlGa1129Lp/K2nXyV31SKV99V1S2eu2mrfy+5DdnG3k5zkngD0HHB7nBA704pgk8c9Oc/XjqM4P656kU7dwRx6H2ycjvjOc9v0NIM8DIAAP45BGOp/wzg+prRNO92lpf4Vr1+TSSTXXS1ru9+8rXTe2uvlquienZJ9ne7THYg9T159u/8An15zSZxkqPXnPp6nOSPTB9uKN+Bk9gSce3B4Psfr1xQcHjnsc5OAOv0IJ79RjjgZBKpFXSuk7pu2uttbX9d1dWtbqU+WOlmk7fha2zureX4gpODxgHjb3wS36fXkgbfeg9RxuHzAnjoTkZH6HqB7DgM3Agk4PY4PYjB+mM889SSemQmVAIweuMckqeCM85APfOOoGTwDm5rWz7WVvLq79L6K3S1+6Uknr2XTyXXVvur/ADexMVyDntzg8H8On8+9IwIDYxjBx19OOhHHqoI+pyaj3cHcCvTOCc46bvyxnJzj1IGXEkcZ6EAbuOSPUZ+mCuST7g1Dqd/uu7aNa26auPyt0C8m09LO2l+zX5v1etiArk9ScnoTx/n05Hv05QDHBJOTuzjpyew5wenQ8dOhpzbc9QDySG5C46c4J6genb1+ZFk55IAA3HBIIPIz6Dt0yMHHXOInWi1ZtafZurbRX499dO/XJJ9X27f3b9F1fdWur7Bjkgjg8njA74/EkEE4wCB3Jw8gEY5PHOMY69eh6fj16jFRlx0zwCdwOCMHG0DnrxnkjJ6DPFO3A8HHGMrknkdTyOQCecc+2cZw9qtLSV7pN3feOz0evqr3v6aRS0v62dtVsvPd+d9L7oNufU+55PUfUfX8BTDH2OO+7PPfj6+/8s04Oucbjk9uT788kL6gfoMU1nIxxxkEHk5BHAJx97k89fqKmVezvzK90klq7e73tt6bpOysUlC1732118rbbdLdRwXHqOc4/wA/h1zjse9MKEZAGQWOBnjjtnsOeOoOT9KaXPZs/dB5IP1yRzkYBwecdSSaXft6vuzzzjOM5wMHkZJx2BPArKddRu0nbzt2WiS23+W3olK+i0tF9NbO1rc3VvZ2u0ul0RONvBznBPXIHc9T09zyOBgArXAfETDeF7leSDPbjBAzy4x19B15PYeprvHlBGTxjJJAxnH064wcDgscnFee/EaQL4auGJ4FzbHHb7/ccEHj1B54AzXxXGFVf6v50vdV8uxLte9/cTtbbS9ujenQ9PKuZ5jhEv8AoIpW83zwfXTvp5LueVOkItCGjG4zwJkAbtgCEAleudvTO4ZIJxgC9EkNrcGZWWPzRIWKnO4rGAMH6npjn5jwa898Ra3dwW3kacM3X2qAPg5GzCYyOTjOM+3TAyRZ0q9uZ5II57hWnBcvGvCq5UYA7FQ3XgYzjkV/IzxMalanCk37jp8rt7qd7SffZ6vpa+5+rzwNZU1Xm0lPm927cmklvHVJKy00S76pnzjqLufFOpuX2/8AEyuc8AEA4YkHkfMDgnPQ9O9aVpNeyavA1vdrDHA25yxXDIoByFzyfmyMflwornNYdl8Ua0pcqReTDcTwpc4O0epwMY6gqMjBIypJZ/tBAaTCuXWRWI+6MNjoQSozjHTGRxx4eKpuftopczbau7c17x120SS1drLfdtn6RQp8+GoJqOuGpR1115YW09Ov3Xs7+neLtdeO2RzcR3Eg3RhkKhyrIMMxyCOTztz7d85FnrV3Z6RaIkFtKCyygu6uylicbiRwQMd+AQc+vmmsZNu58xs71VQ0hJVm+9kYOSQcEDPGM56U0R5jKNJKPKijACsWA4BOCMcbuTgdf73GM6GHSoq05cznzavy5W9U9Uk0t99e5cMFF0o09JRveybi01G601ffz2+c+v3txd6hcyyxoHkUszBVOCVONo4BXkHGQMgD+GuCnnLFIs4ISUMQqjjaB0+Xlhk8YOeF5GDpaxHLhfKkmbLgOVY5CYx0ORg8dwM5IwDmuTuLKZJjKHYR+aVb58kAgAjbxk4PHX1zkfL7mHrQhGELKVrc0nypWdm1dJt/Co6tWafz29ioU3d2Sdla214u7sm9bWvZLo7If8fbq6j+Dng2GK4YxLeXLHkBSu07jgEjOOcZzjDDORjxTwHdXE0OmQJIHzA59gNp5OCBtYgDA9OMAGvX/j1Gn/CqPBsbbyHu7oAZOT8pwcfN04y3bpnoK8Y+HyIr6bFEWDwwSsylsFsKSQvQ8njPOTjkknOPtX7dxaScpwkut78lvN6at6fFex24CK/sqbtzWqVZO9tW5xvZ2e+nzeis7Hs3xglEPgzwikkigrMQIzt+dirEDJ4x1yoxg5JOcCviHxZqyR3MsW0ux5AQblyB0JGQfQYwBnqRnH2J8b7VLnwd4PctOG3uSiMMFB0YYyeAMHJ4HGBXxZr0dvBesiozZKsMsd+CnH1PUDGBxkBmxWWcTiqrsrvkptq+sk1BPV31V0kt38j0uG6cPqqlfm/eVZb2bXtLX0vovKL016Gp4G+IfjHQb26/4RC+n0/UL+ykguHhtld3RRkbWOSrArwMjlQT3I+0/wBjbWdR1PRvijeai8x1JYL+Oee4X9/JcvbSyzSSHG4u0g65wMY5Jr488Fy29rq0EsUYhP2SdjgKWz5ZPzNgj0J9wecnFfaf7HwRPDfxZu2UMZJL6QHg53WUzYJ6Z44B+Yc5JFeLKLqX5VGLur66r4Xe97artb1ujfO+VYXES5IJy9gpTsueX7yKjzS3stU9VbdK7uviO++Ifjgazqyx6nNIi3l3A6TMGiaGOZtsRjwflwODnk5P0xvE9/qV5YaZqdxBbNcXaXDMVhVI9oZQSEHQ55GfXpu6RzCV9b1cHKxm/vG4wQG85lHIBAB46A7scHuLHjCVYtE8OiNlaXy7tcYwPvg9MccYxg9DnrnP09GhTp0IOFOEE4czslG7bjoraOWqu9b3trubSmozoL3dXZtJJtcqsrtb6X1VzgrXWI4SsVzBFI20sm2JSoJOTkH+6e+MAH8B0vxouVm8I6abcMsx02zb5MhVRly+MYwN2COO+CcDFeZsuG3NkzEHoxyFzwuQMjAGeT1Iz1Neh/E2N5ND0ZVLSMdEgMiKCylFC7txPU44A/HByDVQgkpc0deS0Wt/s7pXV2r9XbbzbnZVsNO+nNJ2XNs4pq9+1mmkur3Z8gRyX+S8c1zuLbDhnJGBktg9QB9498jk449ZOnLqHwpknmnuROuuImWOQoJySRldrAEfiTgg1x9zncI442UbRnKDAxyRkdOnc4P8Vdm1/wCX8NjEwYMdZ5BQhSAQOoxnnsM5HBGKqEGm3e9o2dvSLb9G7XS/F7dderGcaVlTX7yG1tLapqyvdq2+i62tp4dqOjtDay3AvLgzR5ePa5HyD3GSM8EnB54Gc0/4fTXk7+IFnn1GRYtFvJUja6k8nzCqrv8AKL7Cev8ADnAJzwM3dXkYadMtum+TJAJVtwBycdNxHspPPoCc0fAk90JNe81NmdCukY7GUMSOQoI28jgE45Jx043hGmq1K/WOuj3SVk27tW0fTZJeW0+aWGneWq5LPRNe9G3L9ptJq70Vr6XszL02wsDDdNsaaY20krLI2dqybt7ryCrKMBQBjkYHTFPwfHpN3qlpHIHEkfnRxpLIVWQsrbWUbgV28hcEDpyAK6fwVbadcz6nBeK26XTZ0iIVsgspG7HCg7uc5zzwuRXl+n6Rq9h4ktLpLO+eGO5kVcoQpRS5D5BIAAPJ4HJz15+gws6dH6pXahK82pQutNYpX2etr2aV9Tz5xlVljKN5RShFpJuK1V24tvukvO99mfSvwD+G3hzxJ4S8QXt9bSNeL4s1RA8c0ke5VZh/CfmChQCSD2PGAK9JvvhH4Wt4XK28m9XXB+0yDjPHIbsewGOTk9h5x8BfEviTRfCWq2un6I99BceItRmSYqFw7Pl42LHI46BgM54YgnHoGteL/GTwSySeGWjSJS7tnKrHu5Yk44zk8HGR17V+j4HFYR4Ok7RcnBXurq10730W1rO/R2Z8VmEcR9dr2qNRU7RSkkkvc2aaaal0ad3stdfmXwF4P0nVPjx8RdGvbYTWtsLIWMDysQmFUu27IYkD5sEnBxkrjJ+t7n4JeB1ilabS4pWEJbcZXYHcAcYGcHkAkc5I6jmvkjwFrGqN8YPF3iXS7FZbp7mOO7hDDyVjljjjOXfaM4C8AH8M19cR+LvF8sREmjWxwAisZIhuGcqW55wNpJ5AOR0JNTleMwijVU4qV69Xlbi2lHmVlpoktN2rWtra4ZpQxkp0fY1EkqFDmTn1UYbpO2rtduz0Wrep8deN/h74Vtf2hPAGiRaVAmm3VkftFrlikq5bIY5znOO4AP8AFnFfWa/Bn4dsHK+FbPy45iuxAyghSwJ2lsHIIxnua+WPFmqatqHx38J6kLa1TUtOsZXEU1xEkBZGYhTJkDYwHGSB05wBj6H/AOE+8boXV7Lw6m5y/ljUrdscnPO7IA5znp15rtwWIwntMU5U1P8Af+57vNZKMNEm9L726nHj4Yr2OE5MQ4P2Cc0qvK23Pe3Nq2urV9NbHz7+0Z4S8I6NZeEl0rQLCxMvjXToJmjDb5o1mj+SUMWBXgAdST0yeK+zrLwR4IMFs7eHNM3GytXcrAvzM0IOTlhgkke/JzngV8S/H3Vda16y8KtdppUT23i7TJIltLqORS8k8ahpip2qobIZshQMnPWvqGK78fi0hZNQ8JFVihWMm+tjIFRFVA37xc4Ax2POe3zaYXF0I47GN0lGnyUHTioX1s22/e0vZpW876JnNjKNeeBwMYVmp81fnbm23Z07Wbd9mml59VZmT8WPCXhy18B+L5rDQ9MtLgaNePDOluPOBVHYPuHAzgjOeW98CuQ/Z78GeG9X8D+GZLvQtKuZ3sh9tuJYVaWVyQy73OeOg55GOh6U74man4yPgjxWdUv/AA7LZLol2kqWdzC13t8thiNUZiefXjIAHrXO/AjXfEuleAdBex1DwnDYNbJ5cd/qMEd6vyZBkVmDA9eGAOPTmtpYvDVMfRap3gqT0st+ZNNq+qWyb1Xo7nPHC1o5fNOs+Z142fPJO3Klb/KyS+Vj6zl8AeDobdifDmiAxwXT4a1RiGWJmDA57Y3DkYAXGMgH8zPgEmiS/F3xpa6xaadNZT6lq8drHdRo8Ylju2CCNGzwFJAwcAdMjr90v498QPDNHeX3hKWGSG5Uiz1O3e5CNEykxopyXYZwOGPOAAVr86/BvgPU73xdfeKtM1uxsfI8TXksa3l5DbshW6MhZot4Do20Dk8gjPPSMxxdH6xgnSpR92a5oJRTduX3dbpW7t6X+/oyvBT+rY72tWSk6UeScnJ8r6W0bWqWqs3r3ufo/deCvB0a+emgaMJHRJA32KN8N8vPzABfVSMDnJycV+NHxlu4rH4ueJHVYoLS01pQY4YgIwAxX5QOMA8cfXuCf1E1XxR4sWza8fxHoEeyNEaK3a1eMqrKuEIlzvdQ3ABJJ5BGAfzV8R/D/XPiF4/8VyrcSQH+0RO8zmFBLv3MWRS67twJZSAf0IG+YY3DV44ejSp8lTnvLmUYreKSu3rf06+t1lmDxFH6xUrV+dezag3OWjTj32XurTdtJd2dD4c1xrhLpYIo5YJLLIbyVYgMFbGD3zyRjIOT61yvxp8RReHrvw1PLp1tfY0InyWA3BiAQ/fG0kYGMkE5yRg+taD8KNT0y2WJ9TMMaQPG8uLdgFRSAMGXJJxnJPBx35rxr4oeFZfFXi/StMk8x7az0mKGS4Z0jWVEGHMbbtpKnB4PXnocmas4Rj7OLh71tnHS7i23Z2stFfW93bU6KcY1ZwqS5p8iqXTutGotKzcttH9+ulzynw745h1i4ZW0aGB4EaSKSAYfLcgBiAVxkdiM857D1/Wb+HUPhreTJCySf2vpscuR8rPh/mZsdOc8ei9V659h8GW0xo57cReW67Q0t7ErLvJXLAPgc9MjqB05rubvwtaWXg250O+1a00+O51e1nS5M0cqF4tx8pWB2lm3DjP8IyMYNdNKryQSnypJWV2lpZWuktXrZ2S9XpaKlBKa5Iz1le6TtKzTja3rbS/fS7S+e7C9OyVJlAEIIQ+WCMHgEkjBycZ4J57817N8KpI7jTviMZI1d4vBt3tLAKArKMntnHcjsCDwQDy1x4K0dFjYeLtP+YlRkx5YZ4J2krggZHp1HOa9G8AaNZ6XZ+P0j13T71LrwdexvKjjdaxqqmSZ06bVXnGW3DrznOeKr0pYdqM6bbdOXN7vMoqUG7K22mnmtx0aEqdZSkp6KSs7q7aTV9LaOy16vpc+Z7a+kt4WWR/KjVFaEeWCNxJycgkkcHaABgZ55xXsvwI1e5n+IWiMJ1ZgmoSHMSKNy2xIfHoDwT1+XkdM+Z/2B4dkiUv4408bShUAAjfnI2g4wFPscdSDXoHwrtdJ0rx7pL2niez1CWSG/hijtlAZWktyNzH5TgYOTnv3Fd6xmEdBclZOfKlpe6a5XqrLpda7vXTpzvC4xuanSfL11esHZaWvZdE7K97O+h4/rPia6t9U110uViml1bVcqsY+YLeT4GegBweTngccDI3fCfibUJr7Tp5p3zFf2W9Y12iVRcKRkgDggjn02kdMHIXQvDV7rGqHVPFMNpHHq18s2+I5LSXku5Y2wcgN1AOTjkV1Fj/wg+kXsUdt4nR4Ybm1CotplpcyqAysMcDAPT0zk11QxeE5FJVqUpcyXJLe/ura2mq1et7nHPD4uM+WVKq6TSV7SfSNtUtFZWb2bep2vxf8S3i/EfxdJbyCKWKHSnDEk7gbCEhQcZyCD3O7sPmrx19WvL+I3F5Kkjl2bBUEjA5GOOuM+/Qck17R8VJPDMPj7xG+oao0dzdWWkTGOO1DoYHs4BG44UElCvBHGcgAgY8eS/8ABsc06/25OY0DrHmwUDoMbsNznJwR1BBz0JU69JyblUp+0b6WWrs01rbpva+y21NqdG1KK9nV5ZRUX7t1rZqVt20rXdrL5s9K+IWo2lv8EPhXJcOkarqmrSOwU5yC5GF7BiMHjDKOnAz4XZeIGu5f+JcI5UkTlsMrsM4J2nt2AGSc9817H8RRo9/8MPhhp893erpwm1G4trmG1H+kF5GRgUJAwPQ56Enjr5joOl+HdKunnivdTl8uPCo9gmyMHJLKN2Cenz8HPUDq2uDxdOm3CpKKTk22kr2k1Z3d073fn2WpzYrL5V7VKXMrJJ2i1yyvHmaVktNdNL203dvcvBxFt4U+JDTRogk8O2Jn3E7Sv2kDYMgkZ64HONucngeOjxLqb21nDpjpb2yu8UKjH+qGQC3A5Xgrk44GK9NstYjufh/8TrqxuJWjt9LsYJJZbZU+TzQcMueDngAAA4HGQK+ctJ8XabbRx289yXjhjUx7bVid7JjBOevT1JOcjpn06eLw6k2pwi2lKOqWrt15r+SvZL1WnnSwFdKacJTimk2orVpR6Xatfd28uiPcPBOq6zZ+I9UeS780t4X1g7ZHZlbFnMM7e7cYA4I+Y47n5vg1TV5ILeVLq4j8yQhmEsn3S7EgADgAn1J4PoAfpD4M6ppniXxLqlmJ2F0nhjXJVc2oVliSzmL5VidxCqceuMrtPFeJL4h8HWkYQ6pc4jDop/s8ELOjkNjPUAqPmwewIJ+UNYyk6rlKvH3lC0m9ulm9m7+emml0aRw0vYcvspJx6WV9UktrJpa+XpfS/oi3N14p8Ogy3bs+saSshEpIYG8gBG07RgqehznAAwMYs/G7Sbz/AIW14zgt5THFHdQDaZWBA8k5OB8p5x2LdTjisvQ/F+jN4q0FYdSuTLJrelxQj+z1AkeW7hRegyApI6bskHODiuo+M93p9l8WvFy6nqFyt6bi2Eojsg21XhUjnJzx1BA2845INbUsRF4qE1WjKLg7rmtrzQa0votbPqnr2txV8LGpRcfq8uZTUr8tlfR6O6Ttpf0b0bPHNCtNRsZbkrNIPOjkhTDs2RtYgqpyGOT6YA4xziu2+Mtne3Xw5+EaRRvcywWutLKoJ3KyXAxu7qQOCOh5JwMimWt7paQiaC+vGWBmDSnToh5YxktjeC3BJycnGMYB2jtfHl7pGqeCvhyLi81G0j8jWZYZobWPFxGtwhd2Bdefmww6gkg84rtniYurTamnGDbavray1+W/otlozj+pxhRnTUGpVNIt30vZ210u0r69OzsfJujadrE9xBPJp9wFicFypfaQnY565xyCOvOSa+xfhDPJayeKWuoGMVx4G1MRwgMzRSs6DcpA+RgpI99xIyRz4vDH4ft5YQ2sa6YpCABb2auSJBtHHmDJJwMck5HJ5r6A8H2+lRaN4zuNJ1DUrqWDwlPZ3SXEKwPatdSQhHQgsSepBzjJxkYJPRUxUZwkouLTkrLeUneKulFaK17pdd+5nhMDDDz9rNTcrLVJ2u+VLZebX/DXPBv7GNtq8rx6fNLB5JKO7/u/mBYE4yCAxzjt1xxiuh8PRwRatZnyN0qeePLyzlcxtzgqeOeApIyDgYJC9ZpPgZrmyv8Ayr7WZ5rTy49kaZXzJfmJLbgVCrz3weRlhXf/AA/+GujxeKdEtfEOra5Y317Bd3OkxPaxOt/cpbymGGRml4iI3bm4PUkGn9ZopxjDl9pGDbUmk1bleu7urtWto192ksvqzi604z9lKTSlBXi72dm7p6NXu29Njjfg9fQQ+KLS7ntZlaPUFVXUBVQpeIwLDGSAM7iBnOOa/pQ/bwvk1f8AYr8C6hdsJo4Z/CgTeoKBJY1UkM+FLELjPt2A4/lu0pbS28UXXl6zqyG21CRCYUKQiSLUMNEdhxtJ+6wOc8HkCv6Ov25bqTUv+CZXhq9iN3O9jZ+C7wC3l8q6lRcqE8xeVYlcs3y4JJ7V8Dxfio0eI+C8TKKtDMo9LObcqWmmt3f8HfS9vq8lw6eQZ5QjK8nhZ2b0teDte3zd1rpb0/Frx49m/gxLa0t7ZYpvEGmogEEY3K7fMrlScgnkknHXPUba7adZTKPtOnQOFEYDpGm1VCoMKwAJ9TkEnqMGvm/Utdit/CmiW95oni6N7jXbaV5INSluovLAVtqq4B8wKeSPYHvXoMfi7wSLSMpq/jKxPmYeO80xp0RlGGYvvycEFfu4HQEZr+gMBnGEqtyqYZNckU06d7bX0Sd+mrafl0X4TjcrxC19om1JtLm0lfl1Set7aLz+TWpcxQyeM5lNja/Z49EiCxzRRkElzllUqByAA3cjJB4FN1Dw94bdD9q0C0kdymGEUajkkMQADjIOcDBJwcCvPT4p0abxvfPZ+MIWsk0i3jjm1i0e0KTF2Pl4CsyqQRlsY4OPU9Y/iyxlniV/EPhe5iQon7m7dSTkfNtZFHTrk9eBivYw+NyipCca1OlFutLl56V7RfK09FdaaXtdWW+y8+vgsZCUXGU5JQjrzS0k1FaWatZp33tZFUeAPCd9Jrdm+lQLFBHHNHslkgliSfAlCOhBBZTnHbp0r4B+J0N/4O8falZ+HdU1fTtOt5IBaxJfSttyFByzks5U8rkqc45wOf0h0fUbK7vvES/bdKdpI7ZIfLvI2D4I+VSSWODgEjO78935+fHSxupPiPqZa3JhJth+6kWWM5VcEOjEHgkjB4JHXOT43EVDLngY1MPTo/xeVOMVqr63utLpbdenU9TJVioYpqpKr7sb+9KSV7pX+S/BbWNr4GfETx0Pi14TZ/FWo3E6Wuow2tzcP581qJImBWN24UYJPGQSvUHk/pNo2r+Jb34v/DlLnxALtbHVdEmS4nt13RTSahEXkbkeYQSCVJXPPHWvy5+Bdlv+MPhyEwsrIbyJcqCQDCx5LdRyTkn16gAV+ruh2ME3xU8EmOAun9q+H0DDCjet/CrAtgDBbPfAwCQcYX4epQoLD1OWlTSdKalaKVk4rS6Vtdb669HsfW06td1LOrJp1Iqzk27e7pJvvZ63WluyT/Sb9t34y+JvhJq/7M/ie+bS/FkGg6trN7FamEWjuJ7R18hJEDFcqSc9R04Iyfo3xL+2V8Cvjh8HPCeg3OqQ+CfGdt4J8QyXmla0PIjE89rM8cNpdFQLhppPlQkq2SCSMha+J/8AgqHa2sWh/BCAoA0N3eAjcPl3WhIwQTlQeDnkEk9uPz21fToL5NOaXFwU8JSiEZYFZQpxtZeRtAzgnpwTy1fnk+CsuzTC4HFuM6GIwlatKFSnJ2/ipqM4bNK7S0vvuj1liq9OvVh8cU435rLVxgm9b7Xfaz83r3vhXSpLzw/4xBjJjN1YMlwpGxx9pQIQwyCrDkEDIDdcYr7Q/ZqMy/ErUI3Jkjg0lbQBMHIfSnA3DJJK5IIGdp6YNfml4S8XeIfDei6ktnO97DHp8OoXGn3WXt2NnIFROTkE7VHsTkfLw31b8Cvjdo+l+MrLXfEcieGLvxM1okEDfNYIps/IlczDlC27AVgFznoMbp4pynHSy2rCjTdWDjryfEmlHWUdPhte3ppqr+rk2Iw31i85KM7XtLTS6el2rvVdVd3skfodfaZb6j8JdW1KdCrad4psooDgbkZLgRgjaTzyPoCeeleHeIvAq6hqegB0DtNda1PsYAnEivgkY7BgCTnJI5wWB9XsfGFnqXwq8bWkDxXNtb67BdebCyMpt1vI3SRtrHAdckZ/2TjBO1wkhuNa04ptdLTRTqXy5KxreSoy7umDsLZ46MCeRX5VgcVjMunN2nyqc0+dSTfuws2pW0Tuo/dpfX66pClNJS1coxTcU+bS0m3bSyun5R66q/5++Nfh2/8AYXjK7SPdHb3djblCPkDLuOOmRj1HJ7e3mGoeF7621zw1bRefbxt4bnmZJFLIQ0J3MgI+UMOCQTySPlGFH3J4yjsbfw78QEmICPr9pLFFtwZY5PmUg/KNozyccYLg153rWief4t8GYRCtz4SnEKdSEYKCScYyFwBj8iBX3+UZ9VlGLk2kt021y2jGV11W+u+iaueLicJCT0inzNKLt1bWjbWz9Ve7SufGklvIlp4UL2zJHbavJCSnzAqXfJIyQpOeDn0xxyOX1fSQYNWNtKfLn8SqUDDjeJFYKSORt/QKBkEYP2Dc+AoR4cecQgtD4o8lCW2lYxIyMqZX5SQexYHG3GQa8A8VeFrrSd/2XIP/AAmLwNA/zR7QykBiTyxPTqDkdun32W51Txco05yS2s200/hey20u+jTtZvU8fF4J0qd1FJWjdWSsm0uiTfVW6dzzDVNFmkk8YSGAu8dhb7p1BEkYwuGifjnjnqwIIJxUFtc6paC6hEJurV9CtmYTk/bEVRwQx++Dzj3AweBXd3UrbPGyzQvBcLb20ZVRlCRtG534UYA4GT0OO4qprNsku14XAlHhmAuwIBfagACkZGCSx/2do4NfQ0JxlVXLdrS63b92L+67S0Wj7NpHlyoSUeZXTvfXezSfqt7O1ultNHmJq9k2j3tvDK63BsbMfZ5cLIz787ULYyRjLYzgcZIJrxP9qwyxeKfDlxJvbd4F0kt3VGGVC4wQehy3Xtz1Hsms2Vo+np51uVnh0dHiuIyBJHK5XDnHBPBwCPvZx2rwz9qi7kXxB4Nhjulnx8P9Kj2OuSsm45Dn5ssSd27/AL577ampfWqbWylK13az/d7+Vo32dvPQ56rg6E1K0WlGyXe0HZa9Nn0vpfU9H/YclkuPEvxDdhMyPouj3BjUFF3xXSFSOnzDjBJI5JAIBx6z/wAFW47a88X+AJfKlV10+KOUkfvDu0y1IXnnbyv179cDyT9hWSb/AISn4gIJkVh4YsXCggKWW4QgE46c4zgnHI4r13/gqutwnjDwbNNLHlNPsAQhGzc2lWeNpzgkcgEn8818PVf/ABmqe8lSXMkrXfs4pvVpWau736Nb7/Wp34Oa5brmdm+vvweuj1XXXp1R8Bfsx2EDfFbSVngdoY7LVmJU85S2Ynkcbce3b1HPh/i+aKTxJ4hyJedZ1XYpBZQi3cqgE5IIzz2JzgivpT9lkJafEW2vbq5h8oaZrSgFVYqXtWA2hs/Nznj5QSTyOa8J8T6BbyalreoSXDOlxqusNGFUBf8Aj7nbBySUDAYBGMnHtX2Uav8AtlS2r9nDtq78t9LdNr+W9mfHQhKeGilo+dtq26tDomnr5Psup6F4nEg+FvgFFkPlm0uSYvclgMADByQDngkHv1r7h/4Jr2l1Ff8AxV1Q2VwLXS9J0C9Wb5kikKaiGKqx+QgEEsASeOBxmvjHWrO3ufh74IhZ2Ai0u5ILEAbtzENjqAc9hkHp/ER+lX/BO7WINa8B/FTwVZ6Wn2nR/DK3jaik65u5POLIjgBWcJxjJIwCARjA8DiqtOjkuIcIOanOEJ625VKpHmkr7u6XX/M9nJo82ZYdzk4uNOLWuzSi7W3srX9dLvRL5b/4KIO118fdUuGViJ20q4HzHKi406FwARweGwCPUcZNfOt4pX4JW7LE5P8Awkl0oOSchrfJABUHn1/4FX0T/wAFCori1+OTxTIY2fQfDLEcnFx/ZdqWxuByccA8/LwcY+bxNT5nwTsYiu5z4jvyMr8zKLMnJHI4zx2A6c8nuyiUYZTlTi3y8tK1tUm+VeffVp3fTqcOL5pY7HrrZ2WuzcVbbXWz/HzPnDQmkF7bn5RG7QIQSTubzUwSeBgHp1Oc84Ne7/HeO4bXfCiJFlv+EYtVwhMmSUUYwoOOR345yDjFeR+GDZS36RyqzGIpIkaoBl42DHcTnnI6gjIOewNe+/FzXnt9W8LXFvbRQznw9GCXXcCoRF4zkDGDxwAcnAwQfYrynLEYfk3cZWWqXMlG12ur1srbbWucmFp/7LWUrpc0Gu90op20Xe70XV3SPrX/AIJ6fD7XdL8cXmt6jDDFYax4R1COzSOdXuXdCxYOgJZWABIByVwQAAQBN+2XofiO5+KHhwRadIE1KLRtG0oykD7TeSyRpDAg+9l2+XPTtXNf8E+/EusSfGqGGa6ea2PhbWnS2dmMakwyuTGpJCEsCMgL2GCK9L/b48RX2l+KPhrfaeUXULC60bVbBpvnRL6BFkicjIztZQcZHOc5wM/IyliIcUKE1CU5YZpSSkoq0Xyp3cn8Su3pt0T1+jjGEeH5ys+VVYWV276wum9bXWuyemm2nmOufsxfH2C91O+m+HOpzLpraZDqHlFSts9xsEAYEkqZCVA2g8nA6Vyeu/B/4leENTjHjLwXqegG4hvZrVtRjMIljgOJGhJOSE6ZXjODghc19K/8NWftT3ejWWsSXegXv9vXdguoxxxCEzJpE8Lw+awUocRQ4kOe+4jHNdr8f/2nPFvxuTwxD4z8JaTpep6L4f1WOxm0q5T/AE8zbFE7IigYwpYK2QRuy275h3YbG57HExVWjQlRc5Jum5cyirW9271aSWqs23o9b+V7DL5QnKMqimocy51Zt2Wl9U9VvfqnfU/MHxlBKI3eEBgLB1ZWwQpQlWHAHQgknqO/IrP+EuiaD4o8T2mk+JrI3FkbCeV1glETsVyyl3HPygE/hkDvWx4muvs+n3EE1oRILab9+5P35izKucNyMY4Y/UnJrzDwF4jGg69HqEkMjslpOsgQuCoKsox3Gckbh1wegr67FKrWwTVO9Ko4ct03eLtGyaaTvdvXtdKx4lOpGlWipKNr7bqNpR3TSv1bX420Og1bR7Sx8TazFotwbawjvZIrIGQvJ9mO4R554KAYz16kc4NfV37JVj8Tde8Qax4e+GXw7b4n+JdZ0q5s7m3hneG/srFColuLdg0Y3IuQXPylT36n4vGpx3WrT6gFKwySP8rtgqQWYAgnBweB0LEYJz8p/TD/AIJq/GCw+Dvxcv8Ax1c213Mtt4d1OBbe0mCZEihQzZYAoecqM89MgZPyeZ08UsFOCorEVoxio0ppyU5RcGvdvZxb11tfS1m9PXw8pyqNxlGmmmlO91FWTvFO8bee63XREHxK+H3i3wl5Hh/4g/DLxB8P1jmuzaxasyus0g5keGc4EiBic4Y8csCTmvkbU/D1vBqzBHgnt2tHeJGRSDw2MsFyxHAOfu4PUZB/Uj9sj9rXwx+0FYeCNPg067g1Dwzf6tHey3EyyPcLcuRFHxk+XESMMxI9vT85vEemmPV9M+zMI0k0kydgQzbjt56YPXAAHGSCTX6bw3Vr18tw9THUI0aq5YyhHRpJRirxk+u8ld9Lto/O84jOlipxU+a3vNxdnZtK0n6t326Prpyek6dZ3EltFc6fGISZVMkKnLlR8g+UEgnO3C8A4OBgZmOiWCNsht7hJvPnUJG8hRY1wyEtwQ2WJ54GOD6a+m3M9vDb7VZ5YbslgqBsAsdx2+hUE7gOG28k81cttUlgknuGV8tfjbmMYCOxVsgg46dR8xIwCBmvbnhqEpR99Xsna9mk7NPqla21t79Vp5Ma1aL5btfDe71teKa89Ut7Wu93ocppWjxy3UML3WoW7eZKxCytsVFyQc7RkE8AAZHTODXmXxGvL37Xb2zX73MEaFiZRvZjG5AG455AGCchj0BWvoR9TivNVhEECun2QjJjVWDjzCcADngjpxjBOTivnb4gYM9uQhVmS43Y5wNznjr1bA689egFfPYygqdXWV4Jq3vXV3a1requ/wAer9XB1pVIWa1klre7aTit3umuXv63tb9df2WrdZP2brWSSd/Me2vxkEY2HOB8oIPsOwIGeRXo3iq2j8vwtKsikDSVXa43qA0YUjBwMY7jIPoOCPNP2VZ/+MbbAMSA8GpkMxCghEYKOoxyOnHfGcZPo3iJ9lpossvzRx6PGN2eF8xDtw3UbWPb0+YdA351jk542rFafvpJJaWfuLVvv37/AHn6DlajHDQlZW9kvRNK+vprq123div8DdI0WfxhfSS2NvJNi/LS+VGy4MTL8qbWAJ65Hzf3fWvMfid4feDw34ulsoEjt4dRuJFhU7SpV2+ZQeCg+pPBAJJzXqnwJSQeItWijHlun2phMxzs3wkhep+Vx0PHTHTBrx34h+PrBIPEPh2Ybru6bUbFG2lbcTJK7mZjggsVI59Mg85qcvVVZs4w5nGLoycduV3XRb2TSvu9PJGGfToyyi84rnm6iTSV1JKNlppa+jdlurX6/G2iwxPrFpb3V0trFPLvaRowyxq6gueF9V+8Dkd89K6Hxlp/hCDwffvDc6hcaiuogxTOqvBPgkAI4Lfu8ZOCF56fNxXKWxjl1OziuZWW1eOdJZIVBl2puDBMgdcEKM44/ugGrHiPStJg8PXE2jXOpTWwuYwIbk7FMhAMgdGbg53DI74HI5r9CatOFlJKXLfXZOUX06W81dpO/f8AFMVCSqRkm4wTWi7rl1dt1slvqtL218LdoTKsqxOwiIb7u1WAfkLgZ245xgZ6AdM/ux/wSz+Mn7NfhfUdT8F/GbSPDH2jWrm11KDV/E+mRXGnW9vbQKpsVuZFYxNJLiRQFUFuO+R+GtyGDoohki3bsqMklicnnGS2Ryfrg8ZP1t4S8F6bqHhjTruzmkhu5rJJJZTNsUuGAYKRjB9QD06En5R5nE+QYfiLKK2WVq1ehCq4t1cPN06sZRalHl2e/wAUXa60eh9Fw9m1XKswWJpQVZ+zlCcJNR92SV7bWdrtPS2+7sfvd+3v8TP2Ztc+AXiaL4UT/DiXW7jWYbawg0WwtI9YiVCu6WKVEEiwAFk29CNoI5OP57Wkcl5DK6ojR71iXCO4bMmRgjJyVbjvwRg10tto0ltczG6lTymZhGv2h5EaSLd80iFiCW+YgEZ5HGRg+q+EvgZr/wAQdAm1zTNR0W0ia+S0MU1/Hazq8g3JIYSQfLGCxPA6kivmOFOGcHwLlVXAzzDE4uFTETruvjJtyUqnJaEU3JJKzsopXb8z6PM8zxHEOLp1aWHjQlSp8ihB2btZuUm2nq2l29T6G/ZP8a+OfC/hjXrzw9BoNxpst7Kj2t/b273ryCF2WWJZcMvlkl3IJGAeBkGpdZ/ae8aJo+ueE/GWjaHfaNq11cSSSWtvBHPNGjmMxpMqMx+V8sSVOFG3JHPhMngvxn8PbmTR9Kumu72NJw66dJLexy3BBBKLBuyzKTzjkEkcmvNdY8O+LZ7W4vNRsdRjWGNxcLLYXaRwvK2S3zxhY2cqM98g5AGc/NYjhfJcZxDWzTF1sLOrXqQqUlOajVjy8vK7ucVq17vu21t5n1uHz/McPlNHAYeliE6dOUJ/apzukmmne9r9Nlpd9LWleJtGj8SvdS6PBBpOn3YmW3SPd51sZhIbWTgbt6AqSxwVJUjtX2vqP7Ynwz0Hwrrdn4J+F3h7TdTuJ9JZNUuLOFZRBahTcW3lYJdJSDkZ6ZyM9fzpxeWypAYZAsypukNvInAPJYmMDk9ycnAwCea5/Uop5BqCMsiJHGGO8SKoA6lgwCnA6YGcdgen0+P4cyjNp0I4nESqQoRXLTp4mcYNWTtOMJpTaa3u3ZW8z57D5xjcvVaNKhCE60nepKiuaLaTdnJOztfbbTTv9TftO/tR6x8fLXwtaXml6Po2kaFGzaZYadbRQhbgqiyHCINsbkbhFgYy2MgnO7+x78fPhH8F18b6f8SfDMerTeJYB/Zmo/YIr1Ld/IkT7JJFMMLHcM43SL8y46ZBNfDuoRSPZ6bMilUihZwWbCMEIBYEnjb95cknPQYBqtPBNdRWpiY7n3HczAEMAcEEEqemMD0OOcE9VThrK/7EqZNShKjg25S5aNWSnfnVRvnvKV+bV3dn1McLnOKjmtPMJyhUxEbXU0pQlHlULNaq1m+nzTP6sv2bviB4e1r9kkavptpBBpdrc+Kks7W1hxBp3mPujXaPlDR7lyADwCACcZ/mL/ak8cS/EH9o8mW8XULrQ7q30SKWXiNUgkcpHtI5UAheAPvHvk1+9H7DsdzJ+wpfx/asC61TxBaQqWG77T5afIzclSQOuPmGOmMn+abx9O2lftL69NOwkkXxuEYuSUUxy5ZlyMMBllOe2VPHNfI8BYWjTzLO4pybwWIrUafM7uMXPl1TW7sne2uttD7LjWpJ5ZlDSXJjvZ1atklBO0ZLl01S0sk/l1P2ym+IvwY8afBL4X/BPXPEmj2J0W3W98UpKwtbvTr2ISSKIJcAEyHACMB1weOn5/WGnaO3ie6g02+S60hdXuo7eXzkLS2NtMyxSDkg70Gd2cZA7mvC/iqiyeMNdu4Jn/0lLacmIlIwpjBO0KBgfL97+7xj0q+B710ntQLja6xylAjN91toOOT8xI+8OeCc5r9KynLnhoynTxVVQxMnUcGo8sJTfNJxW6u3r71r+ep+fZpjKc6tJTw8b0FTgqm0pU4uEVGWjb0vLd3u11ufXWoeGrM6nrEdr5hsYbWOaOQc5Z8Ngc9ju75JAGetY0fgubUxCLKTz1+1xJcSSnykh80BU3ZIwSQQTyvOTkHFZ+la/qMN3dxBwsSQWysDlt8agMwPOcEHb2HGB61o6hqeorG88cslqktx5jJGSglEaKyKwXJXJYY4AznB7n2JrGRSjDERlFLdrVaRW3VJ6tN7LZFKrQlGm1C7Vm4tq1mk+yS0utbdrt3t9DeFv2UNH1S10jUtf8f6Vp1hfPIk0UUtvLLaXB+VY3VpBtDHAJJOc7s1+iX/AAT1+EEHwx+LPxj0nQvE1l4iuNQ+FzyaXqFheKRDeGeQQQS7CShb5VI5Ptg8/ipDrV1cxvFNc3sESyvKFFxKqGUJkEDIHUk5VecjGOo/Uv8A4JFGXUPjH8YEa4l+0p8NPNiZrh9m8TSsp3uxC5O35cZ4IJ4GPkc5wuZLDYmvisxlXoOlJfVlShGFmopczu5Kz2Td73Vuh7eGxeEl7KjRwCpVXOFsQqknLS2nLqk21drTVrazP0K8KeOtQ8RvqXgrxzYSaR4w0IiznsLnrcW8kp8i+s5GJaaNlC+ZtxgED2qlrymG18Q+UyBotKv4H2rjBhgYjuMFgM4GRn5TyCD2Oq6WPFmv6P4pFnaweLfCVwsGpOBiTVtId9irk4M0iYLAsTlR2HTifFhaAeLgQVzpmsz7W2oSXtJHC4zwUHUcD1yMV+QY2S9hOME07W5X00it+XZ9NF5vTX9CylL+0MNJq376k7J35ZKUW3e97PVryfWx+V/xGQSeNNUlBXMsvh+Rzj5icQA5AI/hxndngk46V/Z38KmA+FXwyIIYHwF4YHygnGNJtuSCueoAGDwec8E1/F58Qn8zX764GV3Q6G3XPEZhBG3HGCSfb5jnkCv7NfhDPv8AhJ8MGGOfAHhchiAQR/ZFsffgj72OQTkAgV5WbSnHD4NqySgovmta65L9dn5arV6GvGEX9YoNPSVSpLRW1ave6tqr6q/r2PRH4AKnbkMGJAA78cA9O+cAdCMZFQjDHHUDdjcQDhRjIUbscdOc5H1BXJHOc/KF64BGckFc44xhTgZAxjuWZJzt9cgjg5BI24JY57EAHnPB6V4arbc3/kqWrSSSd9FbrrrZXstH8kovlu1tpeylb4FtL0e2ivvZ6PHIG75iRuPHc4AyOTgjPByVGOwG14Ocd+xBPI4OT065A/DPQZqIOpwScbQG4HBOTuI5zu56HPOQCepUYCljgs3Q4J5OMkew79u3YGtfbq6ak1rZaKyso6u+/XRK2vRsEmkn0Wl7WbV33burt38nsiQnPOcg8Dp1Hf2PX1ye4pVVc7wMjHIJIIwMt9cD7q456qeTmIKWy3bBHT7vJ49QDgY79DjvT1LHB3AfMe/8PIO7k5yAc8cn6EDRVIt35mrtO9r721bvpvZ6q9tXcuLXXrtpa2yWq/G+u7XVEgUE45BznnPHoMAjPXnIHApSxzwuAFGeQcHBHBHJOT2PBxxgnFdCc4XcSD14wMnGR34PJwvAIB54pwlVmA2nBJyfrxwPlyMZ5BA5xjByT2sYtXa6NWTvfTXXW+ujerbRjJTu0tlZ32bdlts2ruVttO+5YweDkFVbBJAb5T0x246/jwOpDUCHvySQcnIz34AIGOp45Oc571zMoBChiMD0BJz3I6DJ4PJPGcdCeapViCM9PmbBB684BYrg5DYPIOeele0TWnLd92rvytp369ncpqSatbRqyd9LWu9lZOyvdJvW19W7DKMcZye2Bnhj+QBHTnoOtVXHz4XjIzyBn1AwSegP15+VcU93IBKMTyTuPzHLHjr1P58dCpBJjdlXksMgbgRjuMFhwO+3I/UEGl7bls7vW1ldNJaO2+mllaz9G2mrjGTtdp7bRXS2lklor6O+nRd4znqDycgAEbeDnt0Y56/MemPQrzzlweBtx8pU8E85wemOgyOD0GKxdshwR/ErHBzzjAA7Lj+EAkYHAxupryBg69Rx77eNxBUdPXt147Gs5VXLXV3e7ejWny+fmmzRJKytrvdK2l4r+utr3texZV8kAfLkZUFucjOScendcEDg8Z4C7AkDB4YqT2zgcHpjsRn06cioFcfLuK8EnAJxnjOCTjAx9MHoOad5oAwULYGT14BBIxyRj+8RzgdOoJ7SV0mlZXVr32cU9Ert2tdfjs1fLfVpWvy2bd21Z6W7rts21dXLAbcOCc8ZKgdTySMY6c9wo7Yp27OBnAJ7HAOBtOC3zD29uo6gUt/IByD8wwAM4P3QRzgdu/RsZxy4l23DcFOMbenTkEg9Mc/1pOrFaN2V0/wSsrtO11oreSWitHs07qN9Hpf0/K7W97bebn3DBHGcjGMg85568Dpx39OBiNuSxPA4bnJySO3bueMd+D93EHzE8Mw5Gc9D2Az6k8cdOM4zSNwcs3P3gAFGRkE4HcHvk46gDKgVhLE8skrq65dLXVrq2l7Lp56KzW5UYTTuuy2a292Str1aeulm7dGy2pjO0LuBI2k8YJAORkFvlOPTd6DvTSVJ2kc4wSOcAdu3Q9Cc9evSq6PjJJIOSQAccMO3OAMYBAwAARycgMd22/fBJUZ4HUYwenC4wRgnv+E/WXvzPdX89Ek+rb0e/l5FqDb1V77ar+7u7KyXzenSxLI2QOOvAxgYHq2Sccd++M4+YVF5gJPGDjGFweBnr39+fTPTqwsThS3f0PIByASBnovTOCCRk03zNrcHB+XjsB0A46H5h1wSO+QorJ4pKKTb773Vvd11aum9NPl1L9m22knZq+rd+11qv6btrtNgtzgggZGCSDntjHOPp29cUGQkAnjGQAMZP4cAY6e/8XrUIkIyMAhf4s8jJ6YHr3B7HqR1VnBA3FcEYHGBzzxtIyvft0zgZySOIhOzvr1eqf2U7Xb2STd7pOWq2YvZvT3W/JPVJpW2W2t9raIkErZPTk/wjkgd/Y+3fk8UmD1yOeST909icgdSDwe5Iz05i3HAyTgjjAGCVI7g/dHXnvnOOKQsuQNyrz1IBGeeehyQA2ccEEkkjmtPrEb2Ts7LRyt276b9FfR22ZPsrtdL21Sd1qtLLXVLtomx7lgTk5IGRzwCTnoQQcnqT15yeMGs5Vh8xOdoG4AYBOTjHfJXAIGMckdjKwJIIYEgbiN3PJJBC5Vc5JySPp61E8bkdj1Cgnkk9c8EANz83GMHIrmqYlTjZTWr1bejsk2lpomvSz0s3orp0pU27yVr/DfrZa66L8/XUrliflyOn4/j+nHfr2zUZ4KscnIIPK8HbkDPQZz9cAkHIqQqSAF78MTkZ74JyTx/Tg8ZMZAGc84bIIJJxxkkdQeeG4BGd2Otcsqtkr3a2WzXRN3vpq793qnpc6OWT11Sdle13slva/lbTr03hJbPY4wVUAdW4OfUFs4AB645qNpCACcccFehPIzt5yCeeuQMcnpTpcgMFI+VsngAhSegOD1wcnrjI71WkyTksNy8lQAAMkHII4OTyemMY55pKpHm5ryTera9L9X3b0to/MqN04qSST9H1TfTTz+XRq6mUt8uACxCkDJGAcYHTn028nPpg07duJPOSSDuwBx3z2APXOOcj3EZ28YUE7gcjuffB69MjAxjA91ByxOAMDIwcgkDqRtKgj2AGAAcdiNZqUdPs63tdtqK1Tvfd7N2721OhxTim9FZPW6srp206Xta1/zJBkKGyrsFwQM+uF4xgsRluvTJ9qahYvjOBjleOSRhcnJyevfoPbNAZjnGQBtOcgcAZyABgngHd7duDTgclS3BILgA9jkYOf1yAcHpg87RmnKKbtd2Wl7u2m1ra7/O3S8pR5bK+r0VraW2TvbRW3tfpex80ftmX1/Z/s3fEE6XI9vfXFtb2lvcRgbrdrhiplDZXYyE53c87Txk5/JP/gnX4ZtPhh8PPG/j/wCKF7aReI/jH4xvfsepazcJcteaLpFubaCNI3O5ZnlhPlsg3FTnnPP6v/ttxyt+zR47WJxEB9geZ+gSFbgtKCVwdmwH5uMYHpmvwm/ZK8QzftA/HCw0HU4DaeBPgppN4lto0LuYdSv50kaPUZkVgC4l+Z2cHOByTXhcQyxMsDmVOlUp0aEadLEY6vOHNP2FG7p0KTTTcqtdwTvdRtzNX2+z4Zo4aVKjOsqnN9bqRpxg9HJwg3OWy92Cldvu/Jn5KfGzxv8AC1P2ivH+peKdH1C5sdA+Id7d2ei6FGLKzvtMWVjOZ3QZdpyC2GALMW6da4LxZ+0F+y9qGm6gq/Ay/Yz6hLNHKbt43uYSGWGCTahw6MQd3JPK+1eW/tEySP8AtJ/Gi2s703FlJ451K3ZgAFjhFzIDHHwQFTHl8D+EHbg14freiy2kjy20hkhVneIZVsuqMx3AkgAdM4+YtwPX+mcj4awmMybJMTPFZjTnHL8FJRpY6vSptujRdnCnKKbd72316n5tjuJcThcdmtCnhMBOP1rEQdWthaFSrpJxi1KUZWdtW07tpdTyzW7q31DXL+70jTrnT9OuNQlubSyRWZ7G3eQmG0aQLmTapCk9cgnGCa/pQ/Z8VU+DfwplKu0kujhDG4JMbFAMEkjnpnrkc8dR/OXouo6jJqM9vLEuGAdFWEOpkBBDvISMqMgErnOSSOTX9I/wTtltPhf8IVaVS8umLJMBnyxIUBCKO/8AdIHsTkV4HitH2WCymMU2o4icXK7cmo0lHW929EtXu9dHdnp+HXLUxOZyldOVKMrK0VdVI7JbLWyUdvJq59F3FtHbR2W9SrJE88sjEBUQ2+1N5yFHOMZ644zgY/Dv9vuMS/D7wfGIwuzxb4icyAkq6vdSEHHoTxuP1zg1+rn7QPiPXNKk+G2jaBqMFrJresW03iCR+WGjQzKrwlAVYKCAp4GRleQMn8vf+ClcsWnaB4a0yygE6W2tyzOygKNl8onQRj5uH3ZIx2PzYNeJ4cXwuc5dJyTWKlKagndqNO8U2r9W32bs3Y6eO0q2V4y0WnQUE7tpWfK3yvq1ZK/m1unf8bNQhRbW1OVJEmAQM85I24zkkkAZyMe5wK3dJsZP7EvmWRRItyVUbST8ynk4JUDlgW6jBICjgcrqt9qSwQFbS1t1MxXk7sYb5Sy4xyew78nBzW3p0muS6RNK1xBDbzTvHIkKDLEA4bPzFVOACoBPv8tf1XUnKbppJfDH3m2ltHfS7vd6Ky+W/wDPkk7K7StZXTe+ib23aV9VpZvpd/dX/BNOz+JFl+0lp0/w6fRxr6+HtR8z+2EL2sdozEvKFIPzZ+6cEAkHjJ3f0Aarpn7VurxWcM/xW8PeG7meS5DRabYQQfZ4Gcly11MyKWXBIwDx0GeK/D//AIJPfCLxn8S/2iJNN0nxrc+Bj/wiWqSjxBa2wuLqSJHVTYwAsNqyAjdJ1AwMEgV/RzH+wL4bvJrKXxt8aviJ4pdROzWMepS6fG24ncFSNywU9OckAem018JxDRrTxjaVrU4csk7LeN1drVNXel+i6afU8O1KMKDVSCqNyunOLlL7Gie2iu99OnY+J/EPws1y7tdSl+In7VutNHHpN8TZwa7b2K3EscUhMAWK4JKyH5FAB4zlSCK8K+Geifs7af4Nsz4n1vxX4x1NdUuEe2s73V7vcnnEKghij8pywB3Ddlskj3/Wqb9in9njw5Y3GojwNL4he30nUWgn166uNSbzkglYSlXfG5ZFDE4xxn5gK2P2b/Afgq0+FmiPY+F9F09I9R1ACVNLtsvILh8F5JYyzBFGMlsKeOmK+ZbnF2au5cut27PZ6LWy1b11eyWx9NTr0lHmilHVO1nFu6i9rWtquvduysfnRejwhB4x8IJ8K/2adV12QadeSJcapof2eO4AVR5pmum3PIn8Lbc47ZrB/ahvvj9Y/s//ABR1CH4QaX4M0geD7y3uGa7jS4NrKMTMsKwAu6DqCygdiO364+NbrT9J8deBHfUNOtIY49Sik3TWNpBEu1QGkYyRoBjGAcc49Rj40/4KFfEjwjH+yz8XLE+NfDTX1z4bvrW1t49ZsGup55NoW1giinZmkc9FVOeQR1J9XL7vFUbx5v31JtST196K662Wj/WxjjcZB4arHm/5cys7r+RKy1V72S0vZ77H8YuowXeoeH7G8eyKi1ZoGuIfl3uWLFiVGASSFJJBySCdwrK+H+malF4nMcn2tfNtnaURynd5YBdVOcDbk7iBweSWJ4HfrrGi6Z8PbJJZrweZfBbsi3M0CbiCGD8gc7j1J6YHTL/C/iDwf/b0r202pGaOzCORGQrR7MEA4JVgOBwCOzE8D+hJSwkqGFlKnG6p0ubs7qOi22SXfW/y/n+cqixGJUVN8zkkk0mm3pK11tGNrWaur6LQ6XxHqMlv4Wv7S53oZXVomMjCRzkqvzbSwA28EdBn1rw2C51gXBCkS4UFTNLuA9CAcZwvy7jwORyxwfXfEviLwglqqalba5HbrPw7RMBImSVK7uiENwSc9cDHJ5Eat8Ow5eKDWG4GzcjYUFewAzkgsc4bPIzjFZLGYCE1GULRjZqKUddE9bqzSd/V/eXSwWYTjTdLmS5U2na+qje7fRPRO+mive5nW+ta5JcW9rKIQkpaFgiA5jKnIJJPPBxxwFA7jPcaN4+8W6PCml6JrF/bpCzKI4pDGiFCSNuSxQA98/NgHJrn9P1vwGbmKSOy1aSdJCFDqxjYDOQwPAOeBwehII4zesvE3g631F5X0LVTl3ZnUMcZYgoemMEcH5s8k8ZImtiMrqOLdOEla6vCDaso+Sab1W1u+jbKeEzRXtOV7K7jJK1mlZtcujt0v2uegW/j3x3eHyZtfvmL/vSslyzc/db/AGQc9sYwVycAkcfr+sX4CD7ZcNM8jvMygEqc5Ylu4Zj2zjJxjNd/oXi74dzzbP8AhD9YnlYr912I9ThCMA4PfBPJ6AUmv6/4FYB7fwlq9uyF0BkcjB+9hu2Q3fAz1AzurzqWOyqnV9nTp04OW/upJbWaWz27X69DWGWZtUkptyklrrJPTRbyej0W61sjjDd61f28PlyyiEKkYkDCPcVVSfMAXA5zyRluue5iv7/WkEGLiULEuGZZSTsBwcjt6Y6n3NdHbeOPCawALoV6x2hWjLOFLAFQcjcSeACTnPGBjmqreP8Awbb4F14ZvC75RQQSOeg4bBUY64yPbv0vNsEpcqna7WqV42XK1azdnZtJa3W9neyqZRmc5RtFJppttpLTklb89u9n0GSa7rx0i9S3uLkRPZgTOJ5BuwAD+7AJIPQ8rx8vPNcto+v6qLZwdyQI8YI8gbsD5d2eCe5OMnPA7Z7Gbx74bNhMIPDd+myJlj2q6xOCe5Bwc454Ge2cKK8//wCFk6bHmQeHp5FiXyzF82MgZzwpy2O5B7txtFYyzHBSqaP7W3L8Wqd2mtr3dtG9SnleYxVpxbd7tcySWivppp1aum3q2tbWUutWvb17i3nn3RSMFMpZUVWI4wRjA4A4zwMcc1W1IeIZIb2SWV2igj3eYCCMnJwTtAAwNpxn6YNd9oPxG0RdLEp8HzTi4JMhkY71IGOH2ljnAx1Hc87cR3nj3TdQsriGPwq0EQjdHbaSPmJ5PGCAu7IbPIOODtGs8fg4wdpb3slFLVcttNdk+uzS2auVUynGVIwtKK2ckrbrlst7W6/E9tVu15Tpuv68620MF1LGcOuV2hDGD90kqMgA8n6tjI56WLxH4g08LHDqNzHIzE5jJcHGQBvCEAdQccFhyCazbnxNJo3kY8Gm4tzGWjuFBUMDk7sKDncCeODgdOm7QtviLdQoHg8ERyAjJ34JAOAxUEZGOeCeeTjOayoZlho8j95tWesea2kFdXTbvrezT0utbkrKMYpNqpTu7WcnfZJ2te176XTurLcnudU8TanpVx9q1CWS2Ks20kCSV0K4O4gNjJGSWGeTg5ras9U8U6fosLDXL+28xYniKyEiONSAirjcwOBwo9fmA5xlN44vJLVJn8Gxoh8wEbdoQFSC+0Bfu4PysABgjJNY9x4/vIYbQQ+G1n8oBmOWMQUsThlC4zk4B57Z44qcVmNGUua8rOKi9bu65bOytqn2+FaM6sPlOKSjCpVpu7196Lsny620d9W00792tb+033hPxrqng2bX7/xRu0aW1eZLGSVTNN5WC7CJipEjFgeADxg4IyfAFudSR7e2tdUnVTKGKtuUDBACkEZQqBwAccAg8iux/wCFr63FbrHf+GW+xFTJBGxZIUiKndwcKSxwec/LkdDWDN8S/tCI6+DbdTJOCZoTu2qTjgqueOByfXPXFeZhqyi5SrSS5pWjo5Tcfdtdq/531bO3H5fNSowpVoxtTipuTvfWLvZvRPVrpp5HVw6RqmoBXk8Q6jHGYFx++lCZOAQq+mM8jgkjt05zU9I1FJvLh1rULoRMQ7NcuijBGWAZmJGPmBxg4xkmvYLP4gtBp1pHN4QtZJZ7HMBQp8pKkjIxyecnIzySTk15Vc/EC8huZ2k8IJK0szAMgwQAcHA2gckEYU9MV61LE04qcbS0bbkn2UXqu7snt2Z42JymtGpCUcTB3XvXaVrcrTWvW/VPRffzkejX9zqVsqateb3urdNjTysDufl2bnATksRnHfFfaWo+BNN0nw3BNJqP2jVUtbbyzBeTSNMGUNJvYE7SvAAByMDPIr5O/wCFkzLPb+V4NSORJVIJGCSc9WKHP/1u5yB6Np/xU8RpBOIvDVw0O1Rt8gzKQAM7ZG+ZR/dOMcHPA3V59WpTrYii6VSUYU5c1SNrqdnHydkm2uj9dj3cujDDYLF0q8Y1KtaH7qanpG6WurdtWkt3ps0dI9q9xKbKGG/zaqx3PcuoGec7zlevIHXocevB+Jp7vTb2xSdpUYxmVpnum80oOmx/vBcbsKvcnnOd3Rj4l640Syr4MnkkLfvHcPuYY7qV7dABngjAJBzw2v8AiO41S6W6u/DLxukmwRN0RXHGcr8vPIyMY56Yz7LxdCMeWMZKT5dZQSWnK0lzWb00vfRJ9NT5ungMTKpNrEJW+ypJ3V4u109rLe99LabnV+CtCuvGWtNp+kyWoSRTPI92pdWdSQTK7fxEjhc88hvQ+8J4T8XfDXTJLmxPh8yamjLdSJbRNNIq8qCOCoLfLkHGcZ4Ix4R4T8Uat4YuI7vSPDalpFELxlwoctgqWwD8w5UeoB9MV7BqPjrx3rFnEbrwgoIRlDHcQvGchSvTAyCMnjAyeQ6WM5Kc3GM9mm4q6teKslstU2trJb2PQwWWQTnOc6TnsnzpyTtFO9m23f8Arc9G+F/iL4saf4r1y70uLQ4r+70S1muVmtI5IDao5EZQF8K5xkYwMjvzXsv/AAtj9oVPKt473w8hIkRQNKjwAQcAsAwyOxJ6YyRyB8weEfHHj3Ttane18LWwvbzSIoNs8uQ9tFJxIu4DBBGByAAMnPGfXoPFXxruraCa08KWICqzowMRXHU4JO44J445yOMZFFPHQdJ89OryuW/LaSad23zJaavun06HfHCTi3yYmndqzTaeq5Y2Su3btpsifWvFXx2vbvOpXejTyMreYY7JEVlKlR8m05bnC88HJyK8bvrP4jyeNILq4l0uPWG0iTyHeBCEg8zgMPmwSQFxjAbOdvG71efxD8bWtriW68LaShVCzNJIke1QP7u0kH6HkHORmvI7/wAV/EXUvEtmqaXolnqq6bJG3mShke3D85PUEtgKBwdwGSQRXVhsdBWUY1+VvayUlZxSTaT1a7dejvd8c8tTcpzxNJyTurVNHokk9baK7emz11uaE8/xZtRb/wCk6KJA5beluGycg7iVOAT1IOTn7voNl9U+Mphgli1PQ1AcFm+zqe/c5yF7H3yMdayJtU+LISC28nw2CxKsSVyM+pBJ69eQSSecDBhupPjBHGsanw0EQhyAAdwABPDcnOcYBzwegyR0vEKpNr/aWnFW5lZKS5bq73urXuk9tm0YQoqkmo1aK+GLcXre0dPz6X17mRqev/Fi7+IsNqdX0lNSHh2TEyW3yCDzEXkE8tkYxkfwnIIrpLe8+LDWbwzeJtMMimQsRagE/wAAXBJBJye3HYAHA8waH4p6h4/hEN3oFprMujSLCxj3RLb7xu3HbuBDgEYHyjjkDn1CHwV8bJLCKWLXvCMU0ZLl2RWDNkEgLjBB5GcnueOc+RCVRVarUcQuebTStZpcqUe720Xe66traNJO01OlJqF9Xd206tXSe9vk/PQ0i6+MWj25mi8TaYn70tGVtiCGY4BcAgt1wCSOPpmvnbxr8NNX8SeIPEGtavrkkN0YxcXtzYXDwtPNIAzt9n3cIQMkknJwSpBOPcDoXxtdHa58T+FAoIUGKzQ7SCAD1Bz2PGMdzg48i1rSfGk+p+KrC58WaaLqHS/Mv5Y7VUDgr8pi5ADKNoIBznjHWrxtNyo0nOjWlG+iqay0StfV2vazvbr5mlNxm5xU6bfLFXg7OLXJrstr2087nl0Xw3s7q1W0TxBcTxtEDJ5kitgI2MOCxbO7d14B55HJvWnw5tfOtbM6zc3METh1jNwyrC6ncGVT8uBjBIHPOABzVDwz8Ptf1KMnTPHNrHKEkMsj24yGV/mUZJBA7DA75ycGtg+BtcjvBbXHjpZLlWTa0FsikZ4BLK2QBz344PUgnzKdOEZxm8Gn8Ku1dO9vhbs29FdJtcz02FVjWcVBV+VbX5nZ7aLu1r3s76paHsnh/wAQ+IvhXeNr3hzWGtLj7Fc2Ek8z+cqW13CYpVAcYUkMFODn5uo4z8mal4OfULvUb2TUIy2o31zfyujIcyzuZWPXjezMcYAHLDHWvQ/H3hTWrbw1d6U/jO4uruS4ilQKnlnyxjILA7gEB5GDwCOM4PgL+A/EJAVPFN26shcDzJBycnG4YxgAgDOQRg8EVc68KNVqOEd3GyVkmnommkr2v1bXqlocqw9TktKrJq/V66OMWtXutl2bV9Gm+iuPAv2iRUF3GzKAxaV4wigHLAYcnB6A5AOeeaengK4uZFHnWaoAQpDIGbaAMgk8DJyCR6KMcVwjeH9UtYHEmvXpuI2KEbpMkcqACeSTluccEkDOaPD2ha3d6jb2z63e+S5Z5GEkhZOc7jk8k9yAO6nJzmXmNoKP1dc97yaa1tbSSd3dNNN9ettEZ0sFCU3eUne2raf8r5WvO6fomdwPhjfxOsiXULqCV4kGA2emBwe3rnjkmrw+GmpgFlu4MYwT5yhV4z64Hbk4I5Jz0qO++HfjMTKieILpLedd8AlkILIehxuBBPXP1x1qKX4deLEiBPiSfygRkec2QwBz3GR+Pcn0q6OYVXTk/ZaJLVpNu9krXa07P01tYqrk9FvWTvZNJt3+ytF1Wm/bfz0oPhvfKg8y+tSxdQuZQx255bqWx06Y7596E3gG4lnmQXtm7ROFEhmRRgDONrMScYPDdj0FZ7eCfFG0GPX7iRshQyyuCrdCDgkhSQSG79PSuGfwn4qmmvVbU5w0dx5c0n2iTMhGME4OD/vDnnvxi45hiJO8YPlildtaN2VrX1vfW9l63djJZZh4X5m3otVd39fNLdtbWs9bHpk3gW4jwFv7ArtUZaWIEgckjDA8eo7cYPO25/whoRN8mp2pEURbMbRMe2VIL8Hr279eSa8km8FeIoivm6lcMrKeftcgz06ZOck4IB6noxNVpPBniBASdRnVVV3P+lSfdI6EEjpkj06jkc0fXsXK/NHSTS6X05d+Xr+e7Jnl+ElKMrTaTStq7P3eivdqy69ujd/e7bwxbywwyvrFmrOiLGP3IyBx/eHJBz83A5+YYGR/B8cMhLatYuJTnCywZXJyCf3i4zjJxxxzxXg1j4S1O9UKdQkBI3KomkBwh2nDBgcHBOB7d+K6CD4aa3MhnN47LtBwbuRWC5AAbcwOOO4wc/Q1SxNZTXu9F7zvu2tOXTb069EOphcNGcUua85LWMXpL3W72Tsru1m1rrvv66PD9naq7Lq2nu/lOzLI0OQVBxjDN8xA4PTrxnkM0u20v7GM6rZqfMkG2Tyt4+bnkdjwQTgdfl6V51D8JdWuUeUXcgMUTO+bt/mA528EnkDJPXqSCBlsrTfhnfm7tze3MkVncSsCwkdiiBiAFBYKW6cj6cVosVWk1ZJuK1d5JXbiru7va772ae9zPE4TC05xc60kpcqXVXtFPbVbpNd38l7fLPpkLxxx61pigLtZmEfBOM4HK9PUnGTtOAScXU5dHjs7iVtZ013HZVjJPJ54PIx3ySeTgnOemtf2ctGvLaG4XxJIryqhMLMFwSAQM7ydwOAVxyScg9a5Txj8EbTQdMnvIb97p4AF2Ako/wAxC4YNyB37545AFV7fGKm5QjGer2k79Hp1VrXV73bu77jqUsDDkVSo9bWaTkltd36dHbW9nr30bC80BoYYW1bToXeJdzkRn5uq8A8ZIz2/hPUEKhfQyzwJrFnIGO4yIseAueWwWHBPXOSMduleZ+Dfh7a6mlxLqEU3yT7Y0QuXCkEglicYBwMDn8+e+Hws0dZo2ghuJG+8wkLptYjOCdwzg854OfXNZSxeZxhF8sYxbTs2tnbdW7Wfe2t9Beyylq7bqNdGl15L7vpv0Wsu4k//AAi8azBtXsi/LLkxhjhgQBgsPmzjOMZwcEVkTyeD7lpZXvE8xY0jZBIEcnGMomSCD35Le4z82tf/AAttHSQ/YFiWKOSRispcts+YAnPy8DIYE5AGQeleZ3vhWCeaSeLTgoVEXb5rcheNwG7oe3t0HaqnVx1RQk0uZLRJaXurt6X2bTT010VtCsNHL6VOo40pTUdG7WbX2m7raKdkuvTRHWyTeDdkcYv2jIjJP77GMdMYPzHcMnq3Bx1OK1lqvhaycxR3LN5sZjJl8uQMeoZN7nnjgHocnntyL+EoZYvMt7KJWCnPmyEgnkAhS2DyAPUY4DcE9Jb/AA5t5NPjkazV7kQs/lbduFB4O7zMjkDB7E8HO0Vzv+0Y25U7trq2rXinHRaX1s46vZ2FSnlNRytRneOtndpp20Vnq3Z+d9jSh8R6DbvMsd5HGDlU3RoTlvvDhjnrjnjpnGBmGT4gWFjG9va6iS00MturQrtYk/3iOcE9RyORnOOcSPwJZSwecbCOJoydytOfmK9CRngdwe2Sc5wa0YvANlJ9mL2sKglnDG4wFwMgnA4Xb6dCfz2UM1lKEIzioySj8T0cnFK7Sd3s+/fsXGtlKpaUppp+6pK29ktv100XW59O/s9apo19oaR6xrdrosIvblZ7m6t95l3YYRjI/i4AOec4zwa8W8QeFdL8afGg6F4ej+3W97rLILq1CxQtGCFeSOPhd4AZgF9cZBwtbHw/8SeGPDVvquha5p0uoXM1wraQLefZDFLkqWYjIJwVBPBK4PQ8+SeIb3WfC/jeG70W7n0q5kvjcW1xFOd8Bl+dSPlBOCT3y3AxW2IeLeGjCbUnFpJK71tG2yas3duzv3ElhK1SlJU3GKabvFXUVa6d7pJJXSWttWuh+hl38DLa18P6bb2ctzd3KNJZJai1w8bRg7syDk5AJ4JxjgZyR5/8Q/hNbWvw+vdSsdaMT215Y2Fzp0sbI5vGlZWjZnHzhSSM54OBkcVxfh34k/G7S/Daa9YeLE1BtNuJ3m+0xJM0JAJb/WAbvMDE8MSDyCxOKh1b4o/ErxZozaFrun2F3YajcQayXtYViubm5jfzAVEW9jk5ywzjv3ry4SzZJKpFSptKL91ptLltaStyu6jdO8baW1R6vtMnTXL7s3yXXNbbu1bXmSunfR9Vt11n8Ltb8MeHZZPE2j6fqMU+kLPDJGyvLbQuu5WUnI34IYuSSD0PBNfN3xf1e+8jTtM08Jb6U2nqojjjVHmCEn98EA3FSDlu+ep7/Vj/AB08G69oVr4P1iz1fQdXW2Syu72QPLBCABG6kt8yIyAfKw68gHlq+WviVYaXItmdK1SO/Fn5yxbTv8yEEkk7icE5BK4BPuOmtGtVqQnDEQcJQlywa3XK46Nq120973vdXZ5+LwtGFWnVwkr80ve1bemrV1ZadbLWyXY+eLVFuLnS47sNiTULW3Yp/DHLLGpwpPXBOeR0yCGxj98fC3/BPn4Qaj4d8M6rJNr4bU9MsL+QRXLr5k1xbRTyFhjATc3ynA27c9K/CFVkhvrGV4ul7bSwZTjcsg2rtYAEBgM9sHJJyRX6vt+1t8ftM0PR7XTv7Es7Oy0yztoAI49/2e2tUVHxnIcqgb1x16gHixlHM66h/ZtX2clbnb91tPlW9ne1ntutW+3vZTisnwsZyzagqqlyxppxurq3Nba/RXuuvmfV5/Ya+D+nyLDC+uSFpFja2a8kAAJJIJAz25+bJ65web1z+w98E9o8/TddW4OFIGoTIjgYwGO08AfXjjIxXwxb/tg/H7WJ1WPWNJScGR8x2qAqFyM7ieGHYkAevauZ8R/tYftCWUipfeJhC7RNLGI7VFRgcZ4DADKk8AlQOAODXLTyziV0pc2Lla+i9o9G2tbJXS187Ho/2xwhGquTLafNa69xO7Si9btvRN63V9Ldb/oNe/sUfA2ygedNJvGmgRZkeTUpHYOmWVe53EhWwCO+c5NfkV+0emoeCviTrOk6LMlpFZpC9s6yEzLCFAWNpDhmXB2lSQD6evay/tJfGrWTaLP41uFN3dRQypFhECyOo3cEHocY5BGQD2HIftC61pdrcfY79Bqnim8s7O6l1GRNzsskSs6vKx5O5vlycAE4zgg9KwWY4ejUli8Q6vNGKXvNq+jaalZXaVrWvffY4MVmWU4ypGGBwkaLpu7fKldXTV3rZ6Oy1tpfsfJusajqeuNHLqdxLdbCxDNISqjJOF4AUZPPv1yBk9P8MNWl0DxVZ6hFIsKBgkzTfMBHvUE/vOpwclTkgYPOc1xl1d3sqhFSONBtHyrjjbjB7MW6HHX+IZBNRwQzztGIycuVDYYgEBgW7HAGecdBjjPFOinKLppt8zd2tLNqKul5dfV7pI5J11TlGcoJpNPvqlHrbV972tqldLTufG3iTUb/AMT669pqE39nyXLPGqMAhUA/cC8FDngZwMY44JwNJ1TU3mkhhuZI/MiBLry7MrAjLfLg56Hgc4HoI7qEwyyR8kAL80nJPy7S3I+bJ5GR+Fdz8O/C8Os6xai7YLaPdQws0RwxLuFCZBP3s4YdyeSOo76Eaq5IRcnyqMXq9UpRV9dOW2701t8/OlPDzk5yhBc0tdHreS0u0lZpavRbvbf9nvgx8IfBXxY+Gng7xD440CfxHrlnpNvY/bZ5pN6QpGAsa4HIGBwSeAQQe/q9t+yl8GEQovgJlkLEhjcTD7oONwxkDoD9e4Ga/MP4l/EH4pfCPXbPwp4F8aaro+hRaPp1zDZqcqJZIQZCMDI+YdDyDn+9kTeHvjH8bde0eTUb34r67HK8zW6RQyBNpIwCcDg8g4PTdnvXmVsqz2darOljZRpSlJxh7aaag3GzcU0n236K2h71HO+HaNGnCtl8Z1qcYqpL2VN8zSSerV1vbfdH6hQ/sz/DAoIz8ObFo4wQrSSksSrHAJPJycZHBGAB0wL0X7PHw3UqrfD/AERUiUgF2jIDH5cYIyTyMnjJwCeor8stT8cfGS10e8uR8VfFM13FCbiNIb1wjDBJUEHOQODjb6jg5rxp/i38Z7p7OP8A4WT4rKztsmC6jKGBLEHOcjO0c4YEZHTvxyynPW4xePmm7aqrU2bikm1okley0trd2VjrXEfDsIpxy1W2v7Gmt7au6013TenTex+3dn8APh+W2N4I8LIFGVYtCCAcgAHqCABzgnOW5IxV9fgz8P8AT5I1Pg7wuuc4ZJoMgHuMH5W7epweehr8WtQ8Z/E6NdyfEXxazSLEMtqc0Yy33iCCcDJ4OSefesq48X+N45Y4rn4i+LHuCVZf+JvMSQQMgY5AGcHd1xyV4znPJM3ilz46o7rV+0qNJe7vdvtfXppZl0uJcmnrSy2KS/6d04u6tsrO/f5X0SP3StPhd4AQov8Awifhotlsbri3DqeRlTuJ56nBGeAOtbA+HXw9t3VW8K+HdoIZtlxby8jGTtdgDwRkEnsQMAV/PrN4v8eC4ZJPHXirzEkwjDVp2BViM8huCVIAJ6g8k8kdzpPiTxhHATe+NPFUm+RSpGrTuQjAbQTuJI49Oh45xU/2LmlRJfXNL2tz1Xd6OztL1a1vZbal/wCseVqVv7PS97T3YPT3dGuW6d9Fe3q7H7rDwh8MIvM3+EtFcsTszFYru78lpP0AxghuuANXTPDPgJbeRx4T0JU3cP8A6BH64wwlIztPA4GecnGK/Apte8V6rqlvp0HjHxHunvEgiL6pOPvYGCc8A88Ag4GMZFetat4f8WaHpBu7nxP4jFr9ohRpP7YucSblAJAyRwe3HynJGBmofDuZ1FdY5+7dfHVd72fvXeltbNaW2TD/AFny+mrvLY62+KMHs1a/RXvdddNlc/bJPC/w4TZLP4c0+QOclTd2IjJ7Aq0mQOTxyM8nipoNI8ALHNFDpHhvTxIxXc7abuweADmfJIyMeo69Tn8DLTUNcvZ9IC+JtfdbrW4LVt+rXJXyXlCncN4CqV4PbkHIHA+i/ib8OrrQotHv7TVb57XUbqCKWMapdO/mNEhZlXzQUUnd2wMn7oqVkGPejxr091/xHeyjezbsuz95Xtfa6N4cU4Hkb/s6kmmrtctlflSTaS7qybW2qXT9bLfT/BVpD5Rl8J7TJxh9MDHBw3PndQOQoHfJIABXnPENj8OoYnuXbSJpFUkpBc2CDBIAzslO3HGMEDBwTggH8KvE9ze6X4ztreE6mLeKFGmia/usZdgjSkGUjLYJHTk9s4r1vw/caPea3c6f5F95E+nqxa4vbhgJVTcx5c9T1xjLcdiDS4fx8koxzD3Y2svf0sr9WrrTdbLS/clxdlznCH9nRk3ypXa5Vdrq42utL7tdnZn6NfD34ha74U+Nnw0ufhtJ4r03VJPiV4Ut7/8A4QyV7q6v9Fl1WBbyC9gsdzNZPb7vN8792qEluu6v7ctZuUuRDcxo8YurCyk2yD543eAM/mZxhwxPmL1ViV4IwP5M/wDggd4b0+4/ak+IOoXNlaXiad4M/wBFW9jW9FpM11Iqy2xuPMWOQDo6fOPlwQQAf6vtWkZ5HXJYksvU9FYhRk9NpGP97oQMY/G+M0qGO+rTanVpa1K1rOfPGMknv8OqWr1330/U+FqyxWBp4umvZ0qyahSuvcUZXeltr817K3TrpgkIXUDkZYN15GDwD06g9eRg4GcGuzikX+ykGeuMAgkEg7cEg5Xb05H97kYIrhekhAIDAnOB944wFPTI7EepzzxXcQqf7KRyc4U52qRnJ6ZJBzkkjGMDgn0+Nh73M9bJprXTRJpNrR+e/lofQ4qK9x3abafZu9u1+ltXv13RnuM9hk8gZP3sjIG7K4xgDnv6jFMMbbThjkAADGOcdFbOOjHgnB/i5pxk2uuRwSwAAU4Iz6gnr1BJyATSlyc4C5xkHGN2SOACODkjr3BI5reNRpaeS13t7va+lut1vq9TmblotN09eV2emmurtZt21vv1GBCu4ZAAPJzjrg8jnkk8+pOepzUqIRuGAAenfOOw7k9MH0644NOOQhCgHaMEZwBhhnBOV25+h7AA05H3ceu1TjIOBz164B5GOnPIOAuntNFpd9fw/wCD6eZnrpeKbvqul3yta9G+v4rcheMps3ZwQTn7w+Y5wcZwOg4I6jnjhjISclWPG4Ak5GeOuehyBjoB1xnm0y5IJJU5JXBG7dnaM8d85zx3AO0Gowo3lWbI6D1ABP8AETkhvw2gY2jgUKppdrbW61vt017/AD06NDXO97dJL0006Xa31tZ210ScaqOnr90DnAPLZHXgnjHQ4yCMkSoCCw3bCQcBhk4yeQAeDyOB94ZGQODI6gqpDbSAVA+XOeOODnpjIHBPA6GpljA5bGOBk5IIGMkj044HBzxkdKrnWjfWz79U736q9r+upm1NJLqlyxWq0tF3urO7aV1fRadSFFwuTklsZyeMjoSDn06D16/xU/YSASuCRleSQD1yVwCcEADJHHoKmVUGGJIbJI4wOAB65+U9+cc88VOoUHBOOdoX7xyQWye2OnXvg80vaLVrm9fPTRK1tNHfW3m7t5qnPrpda2Tejtp081vo0nboqRhV2GVHfqMNzxnHc8HrSGDABAOCcY7gdyDjOT044IPqoq+oXK52hlLAKfYdcE846Z/hG6jACgEg8jggcex64B5zgnp0PeHVte9l5/ddrXX9OuweynJvporaWenR3SW2l3d31t0VMREAkZLAgnIyCRnnrgdQcD73I57zeXgjAIKnkd8H5lP90g9BgE84BXobYAYg8nkYUA4AGByDj04+vOOKeIgQW7txxweM5GM8E9OMdB7ZFVXV3+duqutNO9nbzta5p7JpLTWyasraK19HfeN1s03o+xWEWADjv07ndySDnqfr0I5pfKOAowQSOp9s5IPIzzjnqenSrW0YAA3egKjjp06EAjrnnGcAmo2AyxBDDByMkEdfQE88fdOTkfi3Wjotm+XfW3ndarvpa3d6EuhN9Ol9b3smu3ZNWt22K5i+YEKTjJJPoB3yRz6Ackg+oATY7DIH3gT8oPUE9QeCCBypPuDwQtjcSDwB8oOAo5ORxk+nHXAHT+KmM68j1GDx0Pdjz3IP8gMH5Y5tW3fpdtvW9n710r30aV+1wWHvbm0d7a6t69Ott1r1062dVxk8427c9eVJ69hnP3R1x6kmoAiYIZSSSFAON3qCcgjPTufbDc1dZQSUzgHDDd0PHHPHHTpj9eYinzZyQVI3ErlSMD68knC46c4HTOsZpK2qt899383p93yuNFRWiv66pX5Wunn16NtXK3ljCkgg5II9O3YH6E8DIPBPNOEWF2/exjdgDJyDz0HOTkkjJ78dLSRgYbcDwQQcH5c4wfTHr1PB4wKUqjkhTySCQONoVcdMglgcnqOR1HJp+0S11ez8t09fS1/13IdJK14tLS+uqsttrb3a/wCHSpYZRycHJUjOfdQCB9CQSAMj05VMKOhyNwY8kdcZ6Dg55PT1HDVb2AckjByRtHOCCCCOuepOMj3zxTQFQFTtAUhgwPODkBcDjHJzjjPHOeWqitZJNPlSXo1ZvTpbo3e99NReyjbR2d1+S00SvZt+trKOozDKDkDOVwCccdMDb05AHTrgHpw8rk9ySSSAOuOnPXODj6DrR5ijPXOO+DyMDuBxzkDr9MUySUkvtAVtq/kCSx6Y3dODx1Wlq+V9LK/nolZ6O+i6/etA+rvXW17baWSauvw06K10n1gkVhwfY9fqOuc7iM9MZ/Oq23qGHOcjOOMDvxj17d8cAipjKGB7E84PcdASeSDgZ7jAJ6DFVZJSoYbwTnnv0ByQe4GRnHv1zWkdGlq9d0rJL3baX2tFe9br3bGqLVt9LK+mu297qys7WXVpu2qcwVWB3AkoMEnAAx0P+0cZAI6AgH+I12lijDbgOcfexyWzlcg+uDg8nHUc1Tmcg537hlcE8gDqe35ehIJHQ1mSybiTkHjONwAVRxxyc5x8pzgZ+XOeOunBO8lKWqTXRr4dv89r31ttl7NxS0vqnZaq9o3fd3abaei6JOzNs3UYbGAeQSDjA9wSCCTzxnrkgHkCJrmLlTkA7m5ONu45A6cDjOAAM+4rnGkJYZcgYzgcdPujnPJ7dMgdcVEZCfmL5BLkEMSMHjGMA8gYI6ggZ+UGtvZ2tro7X2d3ZLW71V+3zWgWk3ZxXZbK79LW30vd9Nb2R0xuYyQpXHABKkHkZIGPpjk4B/MCMzoxO0jBPzYJOSDw3HYjBznrjpnnlmuGwGLsQFxnefQMRjOQCCCSOv6BpuWB2rISCCDk56YJKnkZznAAAGSTgEU1TTd23r8rarpe2qv6dexi5qKindPRpaW2Tv6PRvb1sjqWmXkFvmHTGCBj1+YHjnI5/DHNCSZucEbSSwI6nH8vQ89/rjD+1sNw3EHduYg9QACOQevHf05HTLWvCAc+vpkg/wABznIJ4znoelXGi00la+12m7W5dFr8/N9LO5j7RN26+7trulbbpqtXq9Xa2pakzkljwMjHJPPXCn2P4D61WZmw2Pu5AU4xuP1xkBcZ+uMjHNVpLhhkllCkA5HOGz7DtntnA5JFVXuGGVVgVGT3wTjjOcgEDB/lXQk1o/JOXLZNabta283e3XpeHFylKLvy22tpa6vZafzLq1dLZsuO8mSpPJGSSeoHIwT2wenBJ45yajyzMOSQFGWz7cenTkHJxjJ6YBp+f8pYgkfKfQZyo74xyTx3Az14qRbnDA7gozlRk8HGBjP3iSDknrxjNFlazWtk7duu3fp/Wg7rtZfDpe60b9O1099Vuyz5jnGCwx8oHbO3r36gE5+tSgN93dt+UkZYgFucnrzjnt3P0qolwA3HQA7STgndngAe3U5GR9cVYE4BIyGIAHPG0jswyRg8kcj+HHFKyu31/wCGtt006rv03nXXbySvptvvdb6/fa3vShX2hSckgKADzkDHIxx1JwcYK8dORsqCSANo65PB5zkjjvgcbvX3Z9o6qThmOOcE8YJIOR35AHX+9nmq73Y6Ekgk8AckH7zYB56ZA6nPU8VpFvZu60W2y0Vu6T7u+v3icWtvd26b7Py6fncuqWYckjG08Y+ZTjr3J9cKQOoyBhp9pIDEkcB/vZB9OcdieO2RtyOM5QulIAzjYSCSTnBzgjAOeeMZIx2OcicXQIBGAAAABt2qT1JJIGOpxz9egOvJppeyS733Wia+V16pabjSdr9NvW6/P8zURWwAT2LdD+QXJwcj1/AdaeAowpPJ5/mRxk44OSegHI7EZQugCSWAGBkAjv37+xBx0zjg08XC5ADEZJKjcP4fXGeMA5z1OMcA1PJrddvTX5bK+vl08p5G2krtabva8l5K3rdevfT8vOX5IOWU56PuPPOCQT+A5OSMGrKRg4JPQ8ZIwQRyeD904IyRzxjArGW9IwOcA9TjOOgOCRkfjjv14FmO9A2Z6gEYAI5bGBw3TPXgfUEnDSk9/L1+y7W6ba977D5J3vK9m1a17NO1999Fte297vU3Y1wFxjnjHJJHGOMccHPvnnvmygI5GTkDdk8ZA/hBJA9wBgnJPqMWK+C8HjGFABJAIBYjJOByeCAB15JOatfb1zzjB9CCSR04GME9iMA8GlZ3s1dd352u+rvbTfXpotKUJ2vFNrbd76aNW0d35N3b9NYKrElz0G4EHGGORnAPA45zx3HchyKA5GeTgZPJ5wTwMYGcYPRdpxznOQLzg5AwVycjox6BRwGHXPcjj6NF2vGGO5ckZ+UAHGOCckHJ3DAxgHJwMOz2T6aadlHp0Wjv+KF7OpslZ9mtrctrXV7vtr955f8AtUyhP2YfjhuyF/4Qu/z/AN8HJx16ZHGc9K/hx/aKvpZ9S8Hwy2weOLTXaGWT77qIweCe46ZweMdTg1/bn+1ldhP2Vvjk7Pt/4o68Ud85TkLkE5PQ9Pm6YHX+Jj9o/NqfBF80Sy240uWMAHJwsW5ixA7gkjIJBILbcZr6/hDlhi3N6ctS2rur+z31VrpPo9Pe9T5viiEo4bl6Sim7K6l78bWuk9OttLW31Ppj/gkl4bsNY/bK8IDWNMtbq2Og+Ibv/SgrCHZaAJMiuColjxlWA3KeQQSM/wBdfg2Sz0fxT4vs7WGd9D0PSlFo7B59/mKZJRGSAAQWIAAGcgcY5/jr/wCCYPxOtvC/7WngG+k0pruXW9O1fw5p0YkceVdX1uIYJyQuCqMQWyc9eNvNf2W2d5fp4H1K5e3gs7s+HNZS7kt22skttBcMjtIF3Oy4Ay3I7e/8z/SKqSfHGAkpOLnl2GVNvVSiqtSNTa7+J7NO9+1j9g8HZKPCeISjdPMKkZcsuV7UJKWl22kkltvqzzDT9Rj8RQeD9Ts7q7hsJ9V1Qx6erIDIsUk0Zkbyydv7xSNrjOQc85r+IT9pzRtVtvjV8YNUbT57ewg+JniS1luZF2xmdrueURrwN7FGyxA6k7sc4/rF/wCCeOl39/8ABmTxV4i8Zanrd5efEjxklqb93m/s+2XVb2JIIy5IEKFRgDGAPlGAK/Fb9vH4T+B9E+G/jnxMNRuF1y++N+uX0d3NkDUImhcG3tMHHlq4Ysw6nsOCZ8E8ypcP8V5tljlUrPGYihgISjFpOp7WV5SWrjFNNdNPx6fFnAz4h4fwWNg1T+oUJ4qpDRNXhC0E9eaXn623Pxs0zU7DSL62vL67lkVFZvKgDBllKjY2SSQACOuT2IwMnA8YfEKP7THqugWstrdxxBftSsUnMyyDE2OPnBGRggg4PGQBkX8qRsvlThxM0ozj7hJKqG6FQpBbJz3B45HC6vCxIs1kEjTSooJfgMzDB6fLgnscYAJB4r+xsTQpyhVq1FeXsZKzk2n7trpbN7puzfV3TR/LeHr1YVKMYvlj7aDWicr88bWa2V0r93e61P8AQr/Zg1u6uv2Xf2drqWee7vbzwFos13c3DktJK2nxb2dj14OOOT0r3b4QSSSeHZpPMQSP4j1PaQDzi5fgYwR0xxxg9Ac4+Qv2aNdtvC37N3wC0TWWmN5D4A0SZbe0tJJ3MJ0qJ1KybQoyDyN3XnPUn6Z+FGpahbeD4byy0S7vGudY1S7tjeEWylXuXfy3ADAb/u7mUsDyO1f5ZZ1GtPiTNnCmqVGGa4iMYuOkf38k1Ha3dK6XyZ/fGFhGnw7g5S9+pVw2EfMmviVJS3em7bte76o/jh/by1bVLv8AaQ/aQtkstQu7NPFMxka3trie1t9jGNpbmdFaGIgngSMDznbX5kXUSWdwt1vCwmSJin3nkCAMeQOBnHT0IIznH64fHP8AavvPDvj79rf4bH4VaZPcfELxnrEOra/eaglwdF8i5kt1NtC8Rc5CmQMJBhjkcnNfk3r2lPaQwW80kaKnmSQMB8zRkllyc5DMASCSRnHPNf6K+GtbHS4fwuHxeBWFo0MJg44Sq6sKjxUXhqTlWcYL91FzbSjJt6La9j+OOOlQhndepRxMsRVnXrSrQcJRWHmqrXJzP3WmmnzLS90r6W6NvGzGJoY96xNHlYshcsMj5WwMd8nAORjAGM8Q+sTXWq2ttJE677q3dSuS+S+QuRt7YwBxg85Gc5ENv5qxSyNKwKEKqkgErjB2n5ccZHJDZHXBqbSUlu/EGlqrlFW9gA3gLlgwGc8sVH4c8H0P6JzQ0Tk07q+qu27NprZLRWVnbZs+OlKclDRyta11du6ivs7Jt33XR9rena/cXVtqJV0lUEwtw38IA3Mc9+wAwMnrzkfRf7LemP4n+NHg/RYlM8DTXV/OssQmtgttayuWuEIKMiMMNuGAeuececeIvCnm6hJJe3MqsqxRp5cWFYPGNoYhcHpxjAPOOma+r/2BPCNrF8XPEmoXE9xbXejeBfEs+nSzMEimuTaSlQMlstjpg5OSW+bmvkvEnM/7N4E4ixVGpOnOOW1o0pwsqiqVYRoxa5Xe/NU0189T6XgTA/XuLskw1SnGcJ46jKcZpNclNqpPmT6csXo7X7Wufvz/AMEhpo7T4XfENZJLQy3Xxc8TtGy4W2WKK62FYowdqkDoByOOpWv1W/aDgh1j4DfEa1F5ZbX8J6oskmcIVEX3ScDpgZz7/LgV+Rf/AARm0wz/ALPeu39/AZbu7+K3iyZ2bLArJqEozuzyGAOe+OvXJ/Yf452EFv8AAP4nwrbrGo8GalIzKASA8ROARkjHYk5PGOK/yzz2LfiNjp883KOYYWPNOUnPmisOne+vNzJ3u76676f17OlRlluXVbKmp01PljFKMU57KNlpZ26W2e7P8+3xd4Hjn+IfiuC31HR4kjOoyyMCoKKZZSVySBuXkbQCSBg4GK+d54dF067jsY9Q+2sJY5C0EQEZZZmBGRwcEduOuegz9B+N2g074n+MJ7xogskV75ccjgBS0kg3FByzdO3GQCSRivnCyOlpq4N1dwgk5iVMbSxmBWN85Gc9s5JzjHb/AFX4fwmJllmBbk3fB0NNv+XUE3fRO6eivZq9rPlP4xzyph/7UxqjGKf12stWnp7Rq3RXfb8O31vorqLbT4wZI0YW0jO6hVfMTYJOBxg8kDnnvmvzi/aNhaHUNOiYEBbrU8KDnaGZ8DOcDIyQQSDgeor9RrK8juNOt7aS0t0a30yC4W4jXHyRRjKgYAOVYYIbg8HIzX5q/tMLB/blmsSgrFbyXJBVtp89/m5zhcgcL1AJHUGscM4/Xaif2Xo3pZrXXs+jTu0+mqR6WJ93K6bTTuo3S/7cv8+/Vu258x6DpV5P9ouILO5uIkt5d8kKOVQKNxLlM8DjjPQZxWDChWRnYEYlZWBPK5JG3HbHQ8Hb1OR191+HOuz6XoGpWlskUqXKz7gyBwqOmNwZlH3STwM9DzyBXj5t7i7u5oYEJMlxI2Sqgn5i2fkzjgjAXlRyRkE179GonK1rKDVr2vsndW8tr30vo9bfNVorkptX5mrtcrb6JbWuna+u3mtCbTVV503KQyMPl4A4JIyDnOQMYPtjniv1q/4JqaVFc/FPxPPKMtb6BAY+AREjOQzORjYMAZUHJwSACQT+Zuk+DorXyL/XdVg02ySQGRC6tIy8bgvz7jkDHzYIOB2zX0r8Pfj7e/DObVNK+EWn+RqurWggn1+4c7WhjzlghAHytubcXAyQMEjFeXxFRqY/Lq+FoSUZ1oKPMk1FN2vve1ttF301PTyKtTwWPw+LxDahRmpygt20rJJX3v09HufXn7SnwUHiL44eNPEZm0rTPD11d2jJqd7dw28DeXBGlwxV3ViykEkAH25NeHrq/wADPhql5ZrrGqePdZZv+PDQw8WlmZMsUku1H3Q2AcEjGeeQT8861q3ifxfq0+pfELxjquu3U0kkgsFu5BaCR+QQqOEHJxjBBHDeh5K51BIL5LezgSxiibBWNF3E4ABZgS+WHJOQSTn1rhy3KsZTwlCjicT+7pU4Q5YR5LqEYpNyd3rpe1t35X78xzjLquIr1MPg4OpVnKpzVrSs5Si9IrRatPVWtq/L6q0344/EPVr57PwdpWj+B9MuImRZLeBbjWBBgqN92w3B+cE7Qckg19M/sv8A7O9n8f77xF4m+K3xBv20Twu6JdWuo6s8bX8jthtyySqIIY0yT5anJBz1JPwh8NbqUeIbdC7uk0bltylycg9AcDGRk+pBHJ6+uQ6xfadDqul6bf6hYNqFy7XMEE0sMc6CQ8ybGUFSo9++ehFd2JyihUpulQap1Zcr9tJKclZxTtJ63lZrV9dG2fNYzNMdOlUhCrKCenJB8iSbi3pFJX6LSytpbc9f/ahv/hrY+KrP4d/DOw0+Pwx4Wt5YHv8AT9uzUrnJLSvIFzORgguRtYnI7Vz3giO3Ph6COFCrLmULj5QEGN2OCAV9OT97uRXheuXAfUYo1heSUQxxuyq8sjFiATgEs7MTg9eeTzX1B8PfAfi28gtriz06WKyNgSbnUitlbIZBvyzz7R93knJPGTgAitebB5dQjCviaaUIpSnNxi204ptptavZJ9tXseXgsszbGQjTwtCtWk5bpSldSlFtyduze7aTvseJXur6vFrdzc2V7c2c1tM5SW2mlhkQqAAwZWXGQCM53HPUGvb/AIL3vibWtR1azm1+++y3C2dzqaT3bvHcbr2JUEqkjdksAAc5OMAfwyL8LfDun3d/L4n8a211O8zf8SbwvZS6zfnLk+V5kMbRggEqd0nHGCBX078KPgf4/wDFNve6d8GPgb4mnNxaQSy+KfFvmafbloWEkU3kSHJjSQB1XGOAecgD804rzjJVgsXGVWhGVWnKMatR04RV9NJT3a3Vr3s13t+28GcL8TPFYK9LEezpyjKdKLm1ZOL+zdL3U927Pa/T+3j4H3+l6D8EPhKNQvrCwisvhr4ZVzd3UNttA06Paw82RVKheQORgA7TjFcl8Qf2wf2c/hyJn8UfFbwvDcWsZlews9Tt7i7ZQcFUjjZlLArjaxDdQAM1+B3gP9jz9qTx7pHh+6+Pv7SWtaJpVvpsNivhXQdQnuEtrG3QJDaLFG8Yt1jj2ogBboSNv3q9+8JfsNfsxeD7s6pqegeJfiNq6xnzLzxBfXV5aTyDIkZrediiqxyTlgME7SBmv4XzDhXJVjMVXr4+eM9riJz9jgqTknGc1J/vJuKvpZuMX16M/q3AcM1alOnKpCpTlyJy9o1ThFSUXq7ybS9F6qx6H+0Z/wAFZfgf4l+H/jvwF8OPCvi/xnfeKNHvvDVvqltp9z9kWe+iaENG0COsn3mwSVXBxuI6/gr4c/ZY/aO8cXlo/hr4LWehWflJFb674sRRNJA7tIkjmT5gFD7ghX5Tx8uK/b34heKfgx8FfDES6bpfww+GltbXKzbrptLjnlSM7iRAryzLIoBGSoJI6dVr5H8e/wDBUj9mjwrG8V18QrnxPqMSELbeEbUy2/mbd3lbhsTapBVSMjkY6V+m8ELMclw1Snwpw/ioPFOKrVqyqzlOUbKLfKowSUXpq107nkZ1kPDMORZ/m+EhTo+86PtqblpyLaTk9Vo7JXau+U+bNH/4JtfFrUomHxH+Lmn+GbV2DXGm+Go45WMeQWjDLtK46DBGCABk8V6XqH/BPn9njwX4du77UJ9c8ea9BbRRmbV7ydbWNy6bZRbAlSSWwRkkhhxuGB8f/E3/AILJ2Xn3MXw3+G01yzbkttU8RX/kOpO4b3tyHUtznGeCMEmvgX4lf8FLf2k/G0V9BceKdG8N6dM+4Q6XaIs8Sg5T9+DksPujOBnAwSfl/T8Fw94h5vUjVx2Kjgqbkm4RkqTsuX3WoKUmrOzu9L6vc+NxvFHhhk1F0sHg/r9aNrT5XKKa5W3eolFJu1+WLt0stT+k/wAFeB/h58O/DVgugeHfBnhG2tbG3E13ciws5BtQM0rvcMsr98kgH72M/eHivxJ/aj+BHgye4/4SP4waPNJbEoNN0CQXE+T1RBCGQ9Nv3gCTxnjP8t/i/wDaO+IPjGJW8R/EHxV4klkjCvDLqdwluQBwqxRMqqqjI+UEHuK8ZufFuqzcRAjzCQXlDvJlj/ednbPB5IBAzyxr2cL4T1a9b2+Z5lVrycm3GKk9Lxesp3dt7aaHj4zxnw2GoKjlWU0KEUrRcmvdsopS5IJJWbXXdJO10fvF8Zv+Cl/wvW21PSPBPh/XfEczfLBd6pK1pajy2BR9qhgVcgbieMZHrn5f8W/8Fcf2hNRtorDw+nhnwdYpBDaQi0s47q6jSKNY42SUn5XKjknBLHqCCa/KKSPWL6TdiV2dvmCrJhi2OAQueCDjnnPAOMC3L4K1x7WS5kikjCtGFXaWkJkYAE54AGV6ZPPTsPuMF4e8O0KVOFbBQr+zfMpYh88nK0eZ2ene+lk33PzXMPFHijG1punjamFjL3VDDvl0fLpdavs9dHax9IeP/wBsr43+PZZG8RfE7xbepMx3WlrfzWlqAQvyrHESqgdMHgj7uMAV87ap4y1bVnaa6a6vZpDtaW9urm4ZxnHzb2K55IYAEEEnvtr0HRvghrtzJCLhRCHjileSY7SiyKGUFORuKnOR+mMV6vZ/ArTrZF+33Ek5wNoQAB2PU8YwBzznt6nj6KjgMowFoYehh6KWiVKlCLSiop7K99Hr3Wtz5fE51nOObnicdXqt2u6lWc7N2Tvftq97301sj5Xh1XWrh1igjiG5giokQZsk9Nw6YyATyCPXk16CngjxHqci2d80sULae0xKIONwO1c45B+UYOe3PavqLSfh74a0QbodNSaQKArSIjbSMZIJOeOcEn8wTXZ2ml2rapqKSQDJ063aMKM7I1cGQk9M4Bx04wfXOzxULNQi1FK7ei25baWTs7eVtb2vY8upOb1qTcnortJt6pdXaze11dWep8DWXwT8TXepzWywOY1ZC00nARXAI3A8ZIIyCc9cg5Nes6T+ztHHGJ769y4YhoY1AGB97BHU4468k555x9PeG9Pkn1HWSyPDH58Ij4yrqqYUFs/KCOoBbkAHK8L0OpWtzFEwEHlK064k24LDGGIHuOMngH3OK5ZZhUd4wjGP97S60jfX7t+9zWNCm4Rk03re2u6asrW30Wi000R5P4K+BfhRo3e4t1McTvggjeSBkFgQeMqCeAM9RmvUdV8C6Vo+o2EdrFHDB/Y9yAAAPMKxN0OMehOD9Dzmul8LIT9oUhY1Hl7iGA3YIyCTjA3Egtgde5INdT4601by+0VI1kMp0iZQLaN5Rv8AJ4DbFOCxC/XJGMAleJ4itzpVKjUXrq9H8Nno9F622d+iOiNJv3qVO7cXeyd73ilokne+1n566J+GfCext7PX3uLlYysllPHvkVSPkmIXHGFAUDPQHGcd69i1OCKW1eWMCC3aQg4UBZMIyjOMjHHbOQSeO8Hwo+CnxV125jW28Fal9gaKYRX00LRQlXlOHLOVIXb8x6cZ46Fvri2/ZN8Wf2ZA/iHxb4T8LafCTJM2parbRSqA3IMUjgnaOMYznpnjPk5pjMJSqKUqqc0krRfM7qyatG7aa23u2e1lWU5liV7tCW6adWPItWk7t2W1tb9+54R8LYLu1u9AtsphPEWh3LBscRrqkB3h84XIBIzg44yBkD+8bw7OZ/BfgmdQ2yTw14alVsZRma0h9MnOO4BzjoMYP8SOpW37NHwsleTxb8a7bW9QtRbTw6V4YAlla5tZFljRTEwEm90AJ4xyq5r9Q9I/4Kq/tN/ETTfBHgr9mP8AZ38V+KH0/SNK0zS7+50y6nh1KOxiS3jnuVniSGIyEK5cSEAHgnGR/Jnj5wvjuLIZQ8A6VKnSq1VVrYupDDU0peycWpVnBPRSulu7H71wHhKuAo1FiKtFOnG8oRn7SULqyvy3S6JX26H7RfAS6tLSL4sS3Nxb28Z+JuusWmkWNQ3nODh3KqNueSccd+a9B8RfFX4f+G0nm1jxn4bsVgVpJ/P1WzDhRjnCylyQO/cjkY5H4IfC/wCAf/BS39qObxwb3xTonwZ0uLxjdyeL9Dur42+oWmr3rGWfyrSEMHjjUHCbx8wHXcCPpDRf+CH9/wCILlb74v8A7UXi7xDcyqDdWOiWc9nESSGaNZlus46hTt6FeCc4/mjH8DZFl2Nq/wBt8SYShNOm5UMJCWKqKSp07+/BcibezT2atY/Vp5xgI2m6lWTcYc0Iw+H3ILVtSdnZNWWzTvqfYfjj/goH+y54DjYa38VvD29HJ8qyuRNK6g8BF4XcCTwTheOvSvljxr/wWg/ZU8OGSPSL7xF4kuAoEMdjaB0mYKQFHkl2OWAI+X/awM4r2Lwv/wAESP2KtDKS+JNL8a+OZYWWUHXfENzJatIuC2IWz+7JHK5GByTnFfVPhn9gP9jTwKIf7E/Z98ANNaoix3Oo6XFfXAZfuvufOX45c4JOc54FKlhvCbAq1etm2ZVrq7Shh4ScXG605mk311s76WZxVM5nKSVChKS680b6Nxd3zcq8rWWrW5+JHxh/4K3eJfin8J/iL4W+HHwK8cXlh4g8LalpsniA6Tqfk6VbXKbXvp2NqsbLHGSWy2MA4Bxmv5fbvSfhzPcrda58RLXTrudZXntIImaRJWldpkcY+R0kZgQTkY9BX+j38V/D3hTwl8Bvi3ZeGPC3h3QrK3+H+vBbTTdJsreFFFjMoXatuGPDDjOeQcZGT/mbeK/Dum3PivXN1tGXbVdXl2gBeWv7nA9hkYBAyRj0OP7b+ipmHDuJ/taHD2XywNKlOnzOpVdWpUbTs5OSuuVJ2tZXetro/BvGWrVr4CjVxEIQhGtyxpxVrtKLvZX16NXd+9lY9B+z/Ae23G88dateeUdzNa27YlPOBxxk45OCcA9gSatx4o/Z3tHUxN4o1ARsPMjCupY9RtwAcNg8YBGQMDjPmsXhyzjgZmtooyGy3yKUBwMAnGQ3QHsT29cxNDVixMcakOwC7AAUw2CvIPIzzgjnsBx/bkJTb1kkm0loru/LZx7rX0aWuiP5llUwiSfs001q9278q1XXZaerVmrnpN38UPgNA4a28C6/f7Af9dO4VgcjkDA579fXg4Fc1ffHD4W2J/0T4SCVASym6mbnkkZBU85556YPXtzkmmWEavE0YAKl8EKGLjqAQSQRkY4xgjODXlXi63WK1DQruEjFQzDmMqSMjaoJA5LDJB75BzXUoSSuqivZJNRdr+7ddLbaJWvq7aI43jMPGSUadNLRKSu7O6d3fS3r+CuerSftLaLaeW2l/C7Q7dkc7DKAxySRtGVz0ILc+vc5rnbX9qPU5ZriO28C+F7dmmdixtonYEkAKMqCSp5+uANuAa+eLiB8FsyMd/CjnBwOcDpn1xnAGcYwOe0SN21S6VmyyyHJJ4UMQcj3GCSMZPBziuGaqe0im3Jzle9rv7K9Laaad92ehRxNKVNyjFNqKbstlaOraS6fnfW6Z9ZT/tGfEJonjstI8O2qkfM6WcLOASSAWKnLKec+vPUADLuPj18XZUDR6pYWcYHAhtYV2+hG1SQeoPUd84FeXrb7hGrSHbtGTjG7ADAkLxkjHJIBPbgigQKinczLg5+9lcfwk9jntkHjuG6aKNaL+N20Xuye7afVLq7ab3ulujGWKg2nyQsktLR8uuvnrd9Fo729Ef4z/GGdWP8AwmE8IPzDyVSM9OvAOBkdMjg+mVFG9+I/xSuow95471lyVxiK5K5yACPl5AJJ2+hwB0JHHqYgPmYk8jco5Pfjp97oc9j7cX4bWNwAV+QITg5J5HUjAyQc8JnGOOcgaKE7Lmm3om05PSyjul8rt6LTzZl9bSa9xLbol18uz0v8utiWbxD4xuwftHi3XGYoGDi9mIOQepDdCCOQDjockCs+WfU5kElxrusynaAS97M24/d+XLNweRyOQBkgZxZkt5dkbqSIwHHBII+Y5BAGA2ccYz3FRLbu6sSwBBKgAEZPAB5A4JHOMAHPXFHsp9W07R1vpa0XFpJ7pK++/wCNPFJWu3dvbZ9FfdJXvf523VjPeCKQKZLi+lJABEl1LgHHJPze2ckDBPHUE1pdOswSVVmY84kmZjuBGCuWPGM9T3GcmtJ7ZmC8AmNirYOAMnOMcFssMg8464GcUyO3xcEtGcRlX25zwRjkHJX8uwwSc1EqFre92s2m7/Dp1d7ffpbuj61Zx5WruSd23foteuiv1vva2787ntv+J+tqgEcbOi4BPy5wCwJ69Pr064xXsNp4TgESt5SuvlqHbcCx4zkADcB7kAgZzjmvN7qBZPEo+XaN0IyMYJLAYYHoMk5IyCCAd3UfQlhDOIFUFS7ooBCn5RtGAQSB/dA5U9iORnGEow5rJSs0vX1ut21bv0T3R2VZ3hCW11r206+897RT7XXWxz9p4Yt41LSWyMPLUrtIOMEZAwDkcjBU5ycd66G00O2ZVQWkRThc4UOOhIJAODkcnPqBkZzqfvF2oU2Z+XcVXlV6j5Rkfkcc4JHFSRLNGZPKXgYO4H5QehJB6nHPGSCMZOQRaqu2trPZu19bJbpO/SyaTVu5y86lqttLfcmrXSa6PTR+TKkvhy3Lfu4Soiyd+QrDPIUgD5m5G0kfMONxHFWDoqAQowJWRSMqACCOmcE4JGT2J4xzwb0f2p1dlOMJuZh1YDIbCZ4IwdpIOeDzkEsnLSKoSYhlQZQMF+ckEZUkrn1Hbd93nJxnWSTu3tfya2X3pbfgtQSc0+iur3aTu3rd+aVrpu+m6SKH9iqqFQ43ZMaqQqnaSSMHAAA5yRye2TmmvoEEUO+ZyhVSxJO5dxzgfLwc46c52/U1ZSFzu3zkNgkAvkAoSpCjrgDAwODuIxk09ozPGsfmMx29B8iMc8A5IPXOec89+lcksTy3t1vvvf3dr6Xuno7WWnWxvTpuy1cdNJdVpHvunZrbfta4mlWFg0Rd0C7SCjFgfmJyzHn5QR0X5gOCBmvAfHVtG/iS+2YcK0YUoMAAdgMgEkHjjGW5OcivoG1spSXCqgVWVnXecNjqSQDkg9ccYx7Z8U8Y27DxFe42JIDHnGOm7JA4zzgEnPbgEmsoVnUlJSd4uz6215bWautemivba1jamuRvpqlvdNaPZrS3kereHLO3XTbQ+WQUto8KRwdyjJI4yGwQM8qT1446B4okQOuI3O7KlMg4GRtUYGT0A4PJAORtrQ8M6HBJpVlM05ZntYQw7Y2/KVOO3PTHA7Zyelk0SGNLcFHYsxKEH75Ocbu2AAMgqApIxx082eIipcut9r6XS0su7tbT82bOE73WusdWrrS2llb7n+OiPPzKDGrFCig7cFACxLZOdpbGM5GcZyOTmmPK+xn2hfLy+zAXAAwGyO5xknp0ycZFdg2kITKI4t2yQEszbgBkZxgHJzgcY6dqtS6akVnK6wFjJE2cgEEhRtHzYIBHJORj0wOJji4KST6WT672XTva/wB/XQXJUa107u7v0t3TV1om/k72PCtUuHmkWUqWbcQFOduMnjHTkAHJH3s/7QGeAd2SrHcCGDZIHTIAzgBSMnGAcFgORnSv5GEswC58st8mwbVXJyAec8dRjAx+Nc+07mRnJIBKYBXGcE8DsduOq4B4yK7otSSae+utktbW1/O9kiWmuj9em3f10/q5eZVBZgcsoHG3sRwOo79OOPfpSLlkLZRXDYwVA+Ug8DHzdBgnjJ9jms2RpZG+Qt97JJbBAHOSMH5sg4weT7VEyTMpIbPOTk5+71IBBOe4Oc4APbnSKurJa663S0fKuq7+6rbtvpa6bVlu7Pbd7LbXRr0fu+ly3qSwraYLrgSABTjcWY8tg5IJJ4yMbRgZzzs/D5ngt9T2upJm3YPAwQeOOpPAGBnjbx34u/V/KJdi+CjAsSc4/vZH8Wcr1+XkA4zXffDqGGVr+CYFXdVkBUDkEH5RnrjIODwdo9BXXTbjBtPSyd9Fskul+t+z6q+7zUnNS5Wrtq2tr9ld2etkuy7XTT9Ct9b1GK6ieNXQbVRcgnglWB25ztBAwc84xnk46S41vUrgFVE4dlOW2kDIU9ju2g9BhjjqDuwau6Ho0d1qFjghjsZpUyMHYCV3cAZ28YzwQMnqT6Q3h6OHdNHDvjcY3MBtBK5ORjGA3AHXpn38fEY6NOry+7db31S2VrXaemltPO+50U6aUN373K7PS91F6WfXvpbdNo8LN1qQmUKrLuQrzlt5ABIYY6HOOvqFGOajmn1Fiu1TEjP8u0EkkA5BBXGDjp324HOa9utdAtJbiN5EXDo4O0FSgGTyMjoTncOvOfQW7jwxbSQwlLfbGCd7LwxOPlLDgkPnk7juOOvIGKzdU2m/KW8n0Sfk79ezfXrj9V1u1bru9/de2uivpf5o8EuU1TyUZncLMwAU5ClM7QRnuOpU/XgYyQWc7zIvnSAqEBG5iGAyBj/bzjA3E5GM8ivYde0BoI7IMFjTjIVQTlicEnPAwMkdsDOduThRaakcw3hHLHJBzlgSAByeBznjJAycc89sMy9tT5oyTVl0tZNa9L31bezWvkRUpNKMdXfTa97ON+Z6pLV9LvXrY4TULbUIbG7ZZZS5iZmRCSu0Ds52k8dSCMd89a8llgmlbqcNh1VmLA4znnuRgnoASfxH1ZrGkBPDl/MYmWWO2kYKu37pHUn5e3+0B6knNfN/lmWSKN8psVuwBKkkAbhuG7jk8EZz0xV4au6yadtHbTRa233u73326bJgqaUVGas/ds1fS7Salvez682stN2eUeLA2IATg71JXG0kEkZByCnTkk/jzmv2z/ZAMt1+zj9nt4ZJJfsGriBt5wm2LLljnoB0X+Q5P4ueOI1VrUBORIoYjnI5wC3QEZHfr071+2P7Et3DD8Aprecxwo+may0SuMyNI8J+VCeQ5PQjhsBc9APVwbqe0m4K9op2emrlF6eT1t237mlKPNCpHTW+766L5rX0vtfY/LHxe7R6trCmIB5dQuoXbd0eOd23H1G5vmB4yevGAeBNFhur9tQvxJJaQyKyRnIWWQHICjBGBznOeBjsavePl2eKNTtxB5CtqE7ypgl981w+HGeckAFhjIJ3A4YEaOr3DaHpVrbWeY28iNlBVRIXdfmlbHOMkgAe3GcCvqMNUtTUm9kr3tdXSs7XSW76X2vsflOZUpfW5+603UbW9mtE29kktXq2m9Fo3f6I8L+LrKfV4vDFvIjSzWdw8ohHyoBGAsYwCB0UN7Doc5r668Jhn0HTmYRySCBk+8Bs2swyO5IGAB1GMgZzX5tfAuOS68Y6hesPNaDSbljI5OQ8mDvUH06gDoVUAmv038KwW0Xh/TAqHe9uruDnDMSST90fKckjOePUkZ6aTXLzLq3vq18Oq6X3fZX110fdlqm6lmrJKz1+z7vf5/km2aCqsKgMVJJDhT8247skAgjaOCemB6AgE3YWZGYHYgY7iOG4cYzyM8Z5HJwOTg4NXcp8wBE8wsQAx4K5z8wG4cNwwz1xzirXmiNQflChAUBAPzZyQDnO3p36DBGCRTd3p25U09Gttm1t1eq38z3/AGUrxd3utmr8vudbJxT3e297WZY2iUkKwZFwpwdhfJIDKFyQADknrntmrNnbyhmdGyAzAZc53fLyQcttPBBHAI3cYqtuEoUIis4i3FiNoAOSCMdVySeAD0AIPFXraBnKOrMcAhiXIbfnHCnOQM85IPIGD1ok+aN1a6111Sfupt6rZarlenZqzG42aez1va109F73bvFptJ2fW54x+0hbLJ8KteZ5huVoNxOC7MzdBznGTwuMDJBya+4v+CKXgLxD4q+D/wAWl0LVLTSo4PGNkt00yZM26yX588DaV6Ak/McdM18PftIrt+E3iAhcsjQAyOeQQ4Bxk/Pk5PTqc/dGK/Vj/ggJYwT/AAV+L0u4kN41sAy87c/YVyOTyMluDtPPXn5fxbxqx1XLuEMwxNJwc6aoNOSUo61Yq7T3Sv8AOzfkfqfhXQ9rxBhITkuW1VNpNv4PK+l7Lv0aWy/VK2/Zp8QzSQS3Xi2x24UgC0aQjIwzbi424OMduQARk1vJ+zLcq4a48WQkAtvCaahLFmITDl8fKpyOvXcMDAP1vbWXlxKigZP3SQG4I46jj5RxzzkjgcG15ZVSRkAAbxszypIGMHp04H5Y5r+Ep8cZpOTg5U09VpSirP3dE9NGrW1Xn0S/qz+y8Le7U5O/VtrTTa7inp1vb77/ADPB+zfpQRBe+JdQlARcrBbrGuAOoCnAwBnknr+W5D+z74KQRtPf63ceTj5VmMI3YAwQBnB5I447EcCvfHRh8zHhzuJPJGDtUDAPOcHHrkdKesQDMWIUBgy5x0wGLY647DPynnBx81XR4nzWu/8AenFJbJJKy5dNtPR/LUP7OoxatDddXpuk76p3V79b6eVvIbb4K+ALUqTa6nMIzlWlvJMAOAShAVskggZAPBOOBzrR/CrwDbtHjQ92GJBkuGYkKCcvgH1A5IbODnqR6SqkFmLgof3i4UbT1AJHduMY5ByRxikx5ZJWQbSBuJUFc55xjAyQcMFBycHGRz3SzjHzik8VN32s7WvZW0S3vpvpa17pmf1WjDmtBX3d1fpZW11eui0ta+7aOMi8B+FbVQ8Hh+wjJJKbwGY9Pvc84Gc56/wjirg0bQ4Awi0mxjdU27UtY8MeMkEkcYIJPIB444z0TPGGB3chsg4JB3DkDPDZ756dODVSZ4mfcAG253bugOVHA5BJG3cMHkewzcMyxkuVTrzkr/zPfTz1a0vr19EccqFJKXLTV3vuuite13ZX97bRvVfaybe0VprdUitYykrrGqwpgAKcbTgHrwuM8cDPAr+NqCxe7/4KqePhMdxT4m62rbOvXCcDoGGct2APPPH9m0Gxp7YfKxWVg5AA2qVO7kY49exI56V/Hdplqsn/AAVk+IEcb4VfiVrjgA525JYjA5Y5yeR0wOpxX7f4P4iU8XmcqtSU4xwcGle7WqfXXW3n59G/zDxIov8As/CRpwVvbNa92lbW2uqt22u0fBv7bjK/ij4bwRqsiSeDLR2dBsVtzS5wMcbsds9PY48VhjI+HiD7OS3nGMYyQM5APykAHjb79MYNe6ftvQPaeLfhqsiEuvgqzVctw+DIQTjAwcA7eRnBwM5rzrTtI834T2l+HZHe9VBFg45I69wctyuSfTOOf6Rx83CdB8rtz079kmo3Tvpu3fq+l3Y/DJJTjXmlZpTbVuis2tbbp3XZWtqfN+p2gtkaVkcjkZYYHIAUbsHpg85B9Sa+uvgjLG/wx8cMw2xjSCDuXOAgbtz25B6gdwOK8C8Xae6+HpYigeeOQOCo5wRklsdQOwbjr/dxXt3wTeWP4Y+M4ZPlZ9GkZFA3HAV+TznHc5xjjrkbd6U/aTbStaHXyte6avs79nvsTl0v3Uk3GTSfwtLrG0ZX2baSeuvm7nzQlxHDPMHmUIzu6qVABAZjtOG+TLY46dcgA8K9xZXYU+Wx2bhhVbLMR1zkgg4ywzkD5hngVzE7FpJcupbc4CbjkASMSQOcBiBwM56nOa2tGtTJD58iyAj5FK4P3eWz8oIGBgZ5yMYwcVjdx017p281s3bvo0l27o46ytV0ulzRfK9Vve61to+nbpI9i/ZyKD4j2UZRlY3VwxLAYwiDvjLAA9eSOgz0qP4lywp8QfFDbl/5CjlkAI4JHY8H0zzg5OSCBTf2c2U/E3TghdnN3eAZxg/Jg9AQADxkenQtmuW+MMgj+JXi9Gm2k6gyDjjB4JBHUAkcnjdyepzjTu3zaK7UW0mlqouzavbV+S07aHq1kvqlHV63u7q+vLbTRW6aO3TuzNuL62JACjLq+3AyOQQR7Y5xk89fRQvgyVP+Ex0w/KwVbjHqMqM5OfvBhnPcYHOc1528l07kCcGPB+YN1IAIK9MHp0br3yCp6bwFIyeLdGUgly0qBl5DFhtIP8Q5Y9M8ADJGKdSV4PbZbrRbJ2ab2d36dEjlwUVLEU+a1ueKVtGlzQ9W9bvS3RJpvT6X+N0kLy+FG+XB8MEHKjlhcZxkjqcdccEdzxXzo8kbHDKMhQcADnAI5wOMkHGMerA9a9j+Pd3FFceDTLO+B4ckUqg+VCt0wGTgjLADucKecHr87jUYN27zJMhR8pA2jGTyPlHPQcDGSeleU0otXd9FtbS9vut63u76X19rGRk60fesnZPXbaze2116dbpu+9akGexUIxLalAc9zhxjPbr3x1+uK+mvj1bfafCfw/3pgJExDH7uewxn0J5Ppn7pNfLWm3sM11pwVnY/2jCCcHGWfAJAzj068HHfmvqv49TJD4M8BuTI2FwGxlQXRm5x3UDGCTxjk452lTXsZNaysrX6aRXTdPlS79d9ujDt7KSlK1+ay0VopdetrWWtu2l/ll9ItnjLMGGGO4g/LgDHTgDaQBwDnpnjFVdOtY4tTs5FfeRKqxY6qS/J7dFzxg+p5o/tBSuFljTqTvBxnIGMhuxPzYIyVOexqSxdf7Qsi0gYh929RlehwD6ZACkY4GRjPNckHecVvZpN33u47La+q10u2uyNrSbTTdrq972bvDSydl36X6WWi+xfj0wl+Ffw3kUYwDAr4ABSNAuc9OcZJGTnIIzXx1CQiAK+OWZc8kZ5OQc9Su0gAZ9OAa+tvjFdo/wj+HAkYOBLIMD+IHqMnlcfMeR3z6Z+Y7aC1kRZNp6OoGRwME9/TbySDwPXiuitG8tbqyjq9GvhfNd6aWutLNBNOM9H0i7fc76Xsl0i1qrJ7DdGkw7lsEFFLKTkFg6kN1A4wDwMAHr8pz99fFifHwH8Cuq71V7L5QSoJMbZA+p+UEc4BHTOfz7tXCXsioGVcBTgMN3Kg8gEDvjjAJB7V9/+P4W1L4DeBIUL5NzbqC2QDsDd84xyAQc9O+BXK7KSa6xdtb+9e7V1ve901vstbHdhJWpTsla/r70pK6betrrS7trdapHxwdYs1nZLmxVyNxUIQDnkcgYyejEcnG4YHdY77S5Lm1jjgmilkuLfOFONiyAEnt8xGeccDA9DdutJQb2McnmhmHKcHb05HoeckZJPPABrmorWeK/tWLbW3jYrYLcMoAyQcZzgHGTnjnOcU4uSfnHRNNbrXRX5ulrNJ7PcmlVlKqoqPRRV9dE0mtPKy5eml+x9o/Ga40CXwF4Hj1Dz/LS2dLZ4l+fzvLGQzdcLggdiSfTNfJaWmhOuwahNEC5++pIAJ4A3Z2njt1wVBIIB+mvifpF1q3w/8BhZC5heYFR0ACKwyxJyx54+vIJrwmDwssgTzAHdW2kMQAAOueFDEAMfbv6isZJJR1d3Ha9rq8brVPZrbbT7/QUoxnfyWq2Tajda3dk7pKz7O1tbPhPT9MTWbV4NYjmfMqrAI9oywHccEtjIzg4BznOK+2Nb0251H4NWlnbPE800kapHvVNxWQnHzMMkKQOTnrkc8fF2maImlavp1yjKm+VwckHrxgZGAe4JHI4BzX1Z4x03Ubz4R6W1lNJDLDNFOTBMUc5c4C8g46Ag4yO3UVlHl+r1b6Ky3dtbQXReXz3te50xlepTk72bTts7Whp7t/VuSunre2/hS+DNajuAy6U7iMhWGVkUgj5ioU444IbkYBzyflt6dYyW2t6TJNYTwCO6EbvcIVj3MyhRyMdeAmQTjGOTji4tS8W2TvNb3moKd2MNOXwO5IK5J4xkjg9OoI6XR/EeuXupaTbX11I8b3aSFJ0BAKuuck9+B6g7QRwc14ipuU4vmi9U/iaUdYpWT162+TvbS/oqUZKa1vZWdm0tY2dlFWtZJqzXVX6/Uvx40v7RYeCZTZhi2mKF52jAi5OTjkAZHAyQMkA4HzbDptqxwYZY5d4T5VyQoPt+AJIJCkY9/pD45+JzZ6d4NEsEd15dioCggcGHaFA77eRx0C53dGrwK08YadbyqW06RY2KvhUJlDAh2wcHg/MAPmJwTyW21w4qEXVndXVo2tbqorql106au56FGUfY04tpS5UnbdWdntZp2b1vdK71sz0n4MSi38YJEjzKV1G1CsQQwYkAcAA9u3JI4Pauj+Nt7FH8R/EQlabLTWoLgsSD5K7m68rjrxgjvyK5T4R3sd748FxD5kay3ttN5bYBCiQHBz+BJGDkjpXR/GmFJ/iJ4hl+dm822PHGB5CjOAfwA5zkeua4MRFcl3fRLT/t5dNev3W0fbfDJt1OXZtO1+ql0fXR3em3Va35HT7q3Ri8cjN+46EfN04Yg9Mnk9ecnjnH2b+y/NFct4hRFcBvDmpd8ZkMEoC+nzZ9Q2elfF1npcJVnTzjI0DYAGSuAeoByB9VBJxjtX1j+y79oWfWYYRK4XStQDdQxJjkAXHHygkFiOB1IFeFWipObT2Te0bJ6K2m+ne+yV7LX1Kd04RW97P0Tpydnq78um62tZHO6ZpmoPqEy/Y5iTdTeUQud213Bxt3fKD1OQPlxwCa9O0/QNUV7e4ezmEYkKtk4WNgS3LKRkHvwcZHXqOFsNQ8V+HNVmubRIbmTzbsLDNLHJGqvKckIzfIQcAjIOQcEV3Hhu68X+IryL7TdQ2lokwkuI0kVIyzE7lCZG8AZ/BuOua/Os0oVY+1n7Sm42l8UtelkkvLRWW9vQ+sw8k3CK6ON9r6ON9Vd9Hvr+N/qj4RyJDrXh0HAP28KwJBIGec9CFznHpj64/ss/YmZT8BfDDZPM1yDjlSd2SCOuANpGfY/X+Nz4b6esHiDw9mWJgb3LIjrlSWQHcOzcnAOQAAPWv7Ef2Jp1X4A+GCec3F2MYPykPg7cHb04wfx24r+dMVWjQ8Q8HVnLlaynHXbvqnUoW033Sd77X2ei+g41TnwNSiuuaYbo9VGnU1srvVLtvY+zY3Y/eGM8gcdjnB45/w4z1q5ESSAVyd306DkA5HU9/U9MAVkxXBwoJBye4xx3PUZAOB25JwTwKupPnGHGDxx/wHk4PAHcN7E4r9Lw+LptX9reMrNNte7dxckttLaLp9zPwGdKSbSiuitbq9mnZO/S1lrv2L6o5O4gcsx2nAxk47DI5Xk8k4x0JFTKrAZbBB3EYPTJGABjggdMjgE8ZwKqrcDBGQM+gOCc8HhuCAcYOPU+lPFyCBnCnk9VJIAwG4xxxj0BGc4HPp06+FbSdRaJaKUU+nfe17vr1bdzj5Kt5LlTW2iteyjZ7trTu7qzejsThN38J3bQwAPTIyMknB69eoYbSCOQjIBlFU/KB1IzjnrjcM8YOM4546VB9qTduDk8Mee2RnpgHvwD0wFIHSgXS8DeoAXkOeAQeORjPUDOB9eldDqYRxilUjFvlu+Zb+7otb6t7XXW9tbrlqXTtJbNxSdtLadUo9NN769EL5QIC4J4Kk5xyvAHXA7DnORkZyOYzCuBgY5P3iOfvcgY+713DOTnnHOD7XGQTuUBuSVPy4ByRwOnYcgDHJyaeLiKQ53AY5HIB3c8jLA53cnGcducZXLhJttVKctnZvVvS7fvNbvW7TtpoaKc4p+7PSzV7u210lZ3T0Svte9mrtqYFIzjJY9RnBycZJ3HoTnB5IGeOAVNuM8HgkdPvYJIOMk5yfXGMZDA4IDNFgYOecsnygrt642k8npk545A6UGeEHjOOQBySc9+nGD14ztz7Vo3hLJSdPtu3p7um909vJ36KNyPaVJO+u+miVtFr1ur66X21SuruMIwACNm7YAR6gDvgZJJ7Zz16HDXgQfx5B6YOcMCCpB7ZPpwSCOBkU7z49uCduSQCOTwBkH2IAwSD0HYcNaZV64K4+U9unHUD7vI4yDnqeK2i8JBxd4tJLS+rdou/btpp57WF+9urXeujf83u2a67b2Xe6uRiLjOeDyOhxzznIJGccc4Dc84IL/JYjOR8oyQeSMY4HJHAzjHJyAvJFRm5UBRgHJAPckEEEgcDJGQeemead9piGOvIwOc8LyCSSehzjPXn0GV7TAuyuoz/m5la14rRtK+jTtvvcV6lldS7rS+rs72t0TV1pqrrZAyjG3B+U/XIJJ6YBx0w3POc5poZRgfMCmRjoDnJxnGeB0zjOAcZp/wBqQ/eB5BzkgjjGRkAZODn0wc47U1J0PQEsTkkMOceobAxjAz1YDsegpYWOiqU23srq6bcXqtnopbrZpej9/e1vRdreSvrstWktSUEgH2we/I46jAJ5P4DjAxw9WHGR26j5T3z05w2BwcAdx3pnmROcnGeSTxnnjPGckjA98kVJiPGN2ApycgA9eBkYPOcn0yevFaOVOSsqkXZwbaldNKKXupb22fdbszba81fs291d2+T1e6sOLEjC5zznJyRgde5J9DnjtwOXsg5YOeD/AHT0A4GMqScYHcZyR6gCoSc54APGBtGe/wCfGOuRkEfLUm0ZG4kjAxhs+nf+EEDgYPOAcjNbxq04JJJP0kle6jq91fXf/wDZWbk5pWvfby3Xe/ZdV5PYjG0EHG5iOdoIz15GMeozx0796lJG7nGASS2S3IHYdyQB9DgYpQnODhhhcdBjkgE9GyenAHHYAglCnzfLnOTg8BfTaBwMjOMNk5HXudlN3TTXNJ3bTvaPu20eun/DXTsZqSin7r0srPvdWa3Td1ffV9hCeOpGT1OMjH0wQQc4OMjPX+KnbSCBkk8554Ay3y8HBO3HU5ORx6tRVVSrAg555PG7PGPQcggggNjgdaf+7HU5PTAAJzySc43bSSSMA8Y5qlUtGza3WjfnZWte2nS9tfW9q+jtqlZW1Su4vTS/onttrrd2CrD5QeuBgZ98jseh5+pPcMw+euSu/GSSoHGeCMEgDp1A56dFMgB+UnHPU4GOp45bPZcAZz9SIGnPJTbjABBAyM98YyMkZBz09qhYyyd5Jp6X5m7WaVvlt5u2+4KDTTSt2vZdVpptfe25YSQkqSxBzggkDGATt3ckgAHrgnBA4OKnjkKEknPbGeBxkcdQfXGCSOmCRVVJcY244HJwOMnnHUgZ79eByoFSJICQMH5h6DGTgAc9mwCDwB+Arojj4bxqJJW0v5R8nutFe/myJQV/g0bim1ryr3XZW3d29ZRu7prqy2JVfjbjB27uo55wcZ+8B6HPt1qQvuUYBBJC5PK9MYB+9nuoYHGM4wSBUEnTgk4OM4IOOcDBx0/hJzjPenjgDGOnQnJBz8vVcjJHTkgAjoTXVTx0Zct6ik7q1nZ30TS1s930e2nRmXs1fZ2Ti7tON9vud3a2qd9H1dLU3P2G/wCmRp96CemCLeXgYOCQBg5BPPryf4jvjbFB/wALN8eRzwidP+Eq16TbgnGb2bryME9fvEFuhPWv7cr/AA1peAFWY2F5kcEBjbyYOMnoecj3GOAR/Ex8cEH/AAtX4hRkMdvibW8EcKGF5cYAI752kgdsE4BGPFx1eNTizhJXUlKGZWvZq/8Asu99UrJ6Ju+7XU/WfDuUlkPF6jv7PLHe7ukqte+2ttvV+jPn3TPh74f1x5rn7F5cqNMdsUhDO2CcY5IVem7OQc5A24EZ+Emg6iLueO0uYY4SkTr55yXDFCw4y30OBwcYyKfZeKYPBt4l1dyhbO/eS2aQqzlJGbhv9le5Ptt6HI9Pl8Y+DINOVRq9t/pM8UkkkRJk5CuSy5OB97dyB0PbFfvWW/V3ShzOKatdaK7769E3qvzPjc2eLjUlZSlGycXbmtora2a32V9vuPnTx94C0zw5pbXlit8hieJUWSQhZFIwXHHALZ7EAg84wD5Bpthci7d2lZS0W+IM+4AE5xtAwDg4PXp93PX6w+MHibwxqHhpIbO6hlmQxQp5RDZhwGDPyOpOAOTn2Oa+VNI1SCOeZm3sYkYxggbAASB1BHbOOSTwCK6as0qz5UmtEno7rT5bdNLXTaOeipToRU3JTlf4k07R5baOz6/Ps73PatN8O6jL8PfGWrtJDJH/AGcbWZXC7o0aP5TyAARnPqSCMjAr8udQg8jU9HDbdq3N7Gr5U7x5rDjHOBknGCAMHHIz+tHh7xBBf/CX4hW0cQZvsfmPICAVIQjCnIJOc4PUcHpX5K6zNEk+hgIxcXWodwSf3rgsPvc5IOeuAelVQnzVJWSS0aXXTR201vdt222TVtOiClycrm5JJWetm04q0dOqtp+V3f3vwZ+6E+2QKHsrpiM5wGifIJ4J5PI3Abjy3r8zeG2ZNY1EuGkzrM5UDozLOeRnIAwODjHcc8H37wdOHsrphGzSiC5GOAAnlMQCQcge44+pOK+d/C88n/CQTRKyKDrcxYNwDmY7hk8jpg5+8Oe4r1JJcsLt2TdktWr2dkm0lZvZX100sZQbUaru02tH3vyu2ur2v7u7sfZN1aW6eA9emWEpJPo8s8nplYztXgcHHBOBuzjqTn4x+GkFzJc3zwIzfOAw5BIVuu7HAyTyByORyRj7cnhL+A/ElyzLJGNKniVR8pDeW3IABOO3A6jgrlcfI3wfgZ59Xlkfyo4QhwRksRIRtxxxjr1PA3e750ppJarXbTeyb3SvvbpppuebSk50auq0m0l5pRtfRJXXvWT0tomro+hZ7WaD4ZePlMm0yaVE7qHHLuwyMAfL8x4IJ5GOnTwTwFYXENtGdgJljiaMtj5cggE5wCAD15JOcj0991SUyfD7x9KFCxJZQoAFyGUuoUgdAOpOdwGM/Tx/wHdxPbyqrKRFawqA+MgcZKLknj2A69+capttJrVNO715VdW30vq76LV9OmkLexmrW1at8ltby/Lse4eJI74/s9/EGCWQSM93YviNxj5GwQABlVwT9eg718i+GfD+o3Y0QxWjlXICTuhjildCNyh2G0nPHHXpntX2FqE1pJ8DfHwaVGlu5II4k3bJFYEAkBc8YHLdie5Oa808F+PfFOtaV4X8Iaf4M0qS20CYGO/FoDczSHBLyTBQW3EZJYnGGx1wdKkJTSjRTnotdNWlG7W71S21122156MacJSnUb5XLvfZQs3eya1a13v0TOg+JXw+1a/+Ffh27uLVbKK919YknKsTtT5R5ijojdQTgEY4B+aqPgn9njxZrMtrp/h9/wC1WSwkuj8rQwbmUjHmHChkzzkA+gPWvr/xHqVvrXg/w9pHiKKWzj0/Er29vCwhkugB5gV8fMF45ySG646V678NW8MWkMdppOrS2ay2yKxb5JE+XlWBUEjklQPzrpw2AxlXkcY/DJXa31kr7LV3Svd636I0lPCQl70tJSi3eSTu3F2WyWqSe2ne2ny942/ZV+ImveG/Aei3Rt47qwt5jc2xn3A+Y2VEcmCM9gowCc9+K634N/s33fgTV7mfUbS3vLzy/It0nHmGNy3L8ghNpDEt1HJGOTX6D6NZR3FvAsF/PcuqHyppn3B25GA7fdA52d+3A4HqnhjwLeXLrdLBDeNMNsjSSq2RkHamQpB56gAk55Y5Fd1TI8diUm+Zaq7aXupRiraNprmWtld9rXuU8ZhsPbkUW3Z3100XRbu71VunXU/K34+/Cvxhf+M9PmhtzPbxaPAokgYrGBgkxqFA3Y6EH15znFeeaNa3ugpbwX2mXCRwOFlkWKR8gcBgCCqnO7PJ28A9Mn9ztR+ER1c29xfaKirGmFaJBJ5e0EbmwfvHrjt6dq5PVfgFZ3UDrb6ZCBIMymayDE4x/s55HOe2c/3sfTZblDhQjGcnzxjbZvmkktUvdbSs73XTfo/msyqznOU6bSUpOSSlstHpe17bO+urto2j8pLaLRr2WKRtUmghkG7yjCUYZ6joMe2AQ3U4Oa1ryWytopYLLUQ6KpjhBQI7OVHBfjAOQxxngLkZO6vsHxz+zXfoDJpluilNz7FtmQxrhTtyByR/CNuefYV4Xd/BrXLUYnsJy8bHEhVl3sOcdAw5OBweBzyTn3qeQYmajKHN77SjF6vSKe8btap2V7Wdt73+cq4yNK6nBt9Wk3dPl0ve6V7tX7rukvnm1tfEaXsptoba5EknKu+WUNtBYuTnB3cE49wScDuRaeK4IPtF9b2q2igMImcYG36E5GATg+g4IAr1Oz+H8+mJvnthFNKfnaQMTnnpn0HUDPQcZ6w6zo13PALadCIkO0LGpL7F6YzyRySDnjJHrXdR4Wx1eb0SVo9Hv7t99vS2/Y5Xm+FpJN7q1rJX3i9b22Vumklbuz5l8U+PNdtkurbTrZoiFKM8UfDe6uB8oweOSc4wM5r5x1vW/EV/NLLdi5lCggK0jbvUgDrzuHT5enANfc974CgmBMkdzuduoj6gHPzDB9vXnJwa5u7+E9pKMfY3Ks2QxgJc5HXJO4lgepHIxj1r6DC8HYiCuoK7STTavf3Xp1tq35u17bnk1+IaUpWlKW1lZxt03V27WafRdOh8DvrN4pKNYSuBwDljksACcfh+GMngk1Ul8QagilY9OLKFboGBPzeuBnnPBx1Pbk/eA+C1tkFLCcqxAx5eM5GN2Cc4PTdkBhjnPWyPghC6kpopf5ssWiOSACQDxweBzjkdq6FwljJpL2Urbd1a8VpaLWtuys7a7o5VnuFjfmm1pfpa1ovtpZ91pZH50T6/rrO6iywAOAVYYxxgc9unP3sZOarLqGvsTEtgGYrnO1zkZA68cHkjuBzk85/SL/hSIKsy6GjA+sXTaPmx8uf4ckemeeAasx/BaJyuNFiGM5xEcgehAH3vl6FvXnk47KXAeJqr3oJPR2ad9GrvRbaa76bbIiXE2HhblbbtotNfhstNFrtu/mmfmkja8jkvp85JAGVyApOPuHbtHbPAzx161pR3XiJGYxWUhUjbmTLMGwMFDkY6HoMYx3Ir9Lo/gfGxDDTF2jKEeWxGRxuHy9eh5wORnoaU/A6Ns+Xpali+VbyXBAHGcbDg54xxk8g+ui8P60bO2nXqrKytqtUtLN7/ACEuKqH80k7b3u1s9dbefrtpofmxHf8AicNlrRm2gbVO8kEnJIIA5BHsR69K3Y9Q8THCC1lDjBAC5OB1+YHacZ7EEAd8V+hP/CkwEH/EuyWOP+Pf5kbgqd+05xwOACT34po+CoBZRY7SNpGYmJ4U5CkBWIHXqfqSSDsuAqkI35HLW+21+VdtO2j16K5m+Kabtacne219vdWt2vl6XPgWCTxMzMpt7h84wBIwKnKlj90rhgM4ycAkd8jQibxGxIEJJC4HDdVBGCc4yOOnHJ55OPveL4PsqjdZFwckj7MQeuBghOcDvz+IqwvwfYnKaZIScbSYWUEfeIBwOmScnGccZ4q4cE1U/wCG073blfX4bK7vsne+t7a30NlxPTcX7z6PVq6tyq2+muny1vsfAqJ4kbcoiOSVwcMCpJPrx165Xvn6300/xGMNtALBcseBknJGABwAOw55Oc8197QfB9mC50yYAtu2/ZjgYwep5OCO/OOGUjONhPguJQB/ZmWOMKYmVlUHrjauCRxxjkDnGK6IcFVI3koRWqerSf2X2trez1/MwlxBGT0qSd7ddtF1XbsnfTbU+B7TRtc43I5JzkocZz0xx7HJxjqcV2Nl4d1plU+XKUAUYycEMSSTnAYN3OMdsnOD9w2nwPcbAlkygneT5ZLfU5GAMgAkEHtntXV2nwW2KpNs6lgDzDg/eCkrwT6kgnnJ2nJweulwxKlpyp21Wq1V4/q9bq/3O+E81ddLlcruyvez1a6vquy073tY+JLHQLoFBOkuWVSUTJ6dM8djzwvQjnHI73T/AA9Ku0rCV4UbnTd/EPlGTgbu54JOC2O/17H8HIlVCsT42qwIhKEkcnA7Hnqo2kjjI5rVtfhG8ZDCFjgMQSgK4Ixz2zjrx0GOnTuo5O6bVopW01S0vyrz6dtFa+ljjqVqlS15yd//AAJpW319Ftr23Pm/TPDzH5mQsAQGO0ZHIwBk429yw6ZHUde+0/w2hKh1xkKu7aRtBI4UEtjcTlumOTk17tafCu6UDbCgGcEA5JAySuSflI3YBORz25rqrP4c3MCjfBlAQxCsTjPGR1zgnHDD3HdvZw+EhB8slro7t76q61Tu1pbV6O17pkpT3cW7Wa3a1s7X76p/dvqeRaZ4YRtm1ewU7U4yD6k8jn9PxPoem+FYf3e9FJADYCbtzZ6k84xnt0ODwRXoFt4PlgK5t/l2n/VuD8hJyPbocDBOec/3uitNL+z7Q8G0gAFgcsR24IGCf9rqe+cZ7VSjq426WUWr292Ou61enZbp3VgadrcrT3212Wuz+69rvoczpnhWEbD5ewgZA2eox04AJJHViBxk45He6d4YhBXMPAbCkDBIKjblc4x14yTgDgnIrWsvIiVFcvgkZJTJGDkkfQkgcH2yenRxXFuQq7UdiQASdhBByM5xgjsOOM5I5zEqcr31tvf3dHovu/Hz0SWajU06Luk1tZ7b/JpLfyKMGgxJtXY5U5IAUEY+7uGeRjOTnHAzg8504tIjAAMZJUlWfbtAB4GMjk8Hd2x1A4xehvrbzFUkqxPzFMnjHQnvxgAdccngGtqK/tQUVnC7eSCnzkDAUnBON3p6gnBGKy5ZJa81n8Sd101uk30fvPeTu90KSqdH1VnZXbvHV97rR67a6dciPSQOAvCjBOO2RxkYz25H06VZTTfMMgCn+7kDHAzwB24Ix1zW9Fd2D5/fKpxgHbkMc8gAHORj7xPrwSONSKSwcDE8RJABUHnJA598c89D07ZrCT3tGTvHWV30tZWejWm77ejCKqvpo+7dtHddEtdPR31uteUXRXyAFOWyoJIEhAAx6bQehPQnOOhxci0oAbHjI3fex8xGATtOecc5BJPGOT1HeQW1qSu2SNmZeGJALdc45AAUdOOTxnudOLSlkBIYdABgbgcHuMn0BJyfU+lck6qv9pNpJt3d72te9na6TX333OiMJNa69HZX0066tLp66pnBQ6NC6lfKOSvzAHkHoeuDwc/oeRg1oReHrJ9wMIdcbT8ozjoeWGeo6n3JHU12f9i3JDlUY7skAHdgHkEDjggEEY4x04wYvsd1btloC3GAcclV6E4DY6jPfoMjOTzzqe6mp2302T2Xd9dn1ttYfsqv2U1dXsm7a21tZaarS+lnfVacw3g3S5sCa23huAdozgc47gYJGPmIP8OQBnMufhd4Xus+bZbSR3iRhuyDzlTnuCOeOhHf0eCRkXEkcmTjcFXPzDH3RwMDvgnjp2rSiuYlJDBs/Lt3bSABy2QeCe3TpjIFcdSSes5Jp2+Kzbu1tre1+3n5HZRp4iNm22rxb0b3tdJJX03ere7V1t4BqHwA8E6iHSfS7CUMCeLVI5cnrtcd8nJyOuSeDXner/sj/DjUjIPsV1bSFeDHtZMnnlQgwMk45HyjHy5JH2tDeWZYhlUE45wDgHrux0LE+2OMHFacc2nnIJUYyNpC7sEZGD0Jzx27Z7EebXpUKmlSnCSasm4ppvTqvS1k7pyTvoj0aVfE01eDktt229FF3S+/S+/V9Pyy8RfsAeHNSDtp11Ytu34ivLBQzL82FMvGcHHJAwpwcnBPgfiP/gnXq1uJHtvDVpfJglZdNvfLlZRzuWHBw2QCF3dDjgE4/dECwkAC7Ww3JKgtzzyQQSuM4zycHIz1lFtbEBjkKW+Vo2BOMgYwM9ei9cZwR2Hg4nhzKMWm6tGPM9Le69dN07rd2V9Ou57OGz3McPpe8dN21a3K7JpJ9dk901r1/mu8Q/sX63ohlDaL4m01lAyZbOS5g6knEiBsoNv5MDgnkeMar8BPF2lOz2jR3QRuI3jkinbkAgJIqqCMNzknsRjp/VrPpdvOuGEUqjOUnWKTK4xgq6nd24xkdeWPHHax8LfB3iBCuo+HNH1Dep3P9mjilDEY3IygNlSdwA9+eRn5TMPD3La0W6KjCetnrHW8el0rN/p8vosHxhiaVlWWnVKXMnqr6SV2mul1fVWsj+T+78MeKtFd0udOmQg4B8uTvk4VgoQ84O7evOOvWqaahqFif9Jt54gQTuZWbBGPmyFPfgc88gY4x/TH4i/ZT8AasjpZ250/eSxtrm2S8s2JJO0IQNqcD+P7voenzZ4y/YZ0W4SV7bS4J1cMVm0yUQgdc5s9pOcYG3ecEcAEZPwuP8N8XT5nQnddFbn25XbVK3f563SPrcHxhhKijGpZNtK7drS092zuraO2vz6n4jW3iqFQA8gBYjzNynP+9nByc4I444/HZi8T2hK5mT5mGBntjjBwMZAyDxnHPevujxh+w69u8psWWKUBx5OoWzWUinBOBINwb656Ec4PHzN4r/ZU8Y6OZHi0u7kRCzB7KQ3KZQjsuMDaMgkr8xAxivjsZwxmuDvzUXUSTV4pv+VXtba1nd3v87n0eHzbB4hLlqRu7JJtK+i1vdJpaq77p37eft4gtHJIkjIcgbAcnn+EHOQPfPGAcYGKa+rQkuwyA42kDBzjPOCCBjGR04PP3iBw+t+BvEmguyXFtqESxMwdJbaRXUDpkgEHJHbBPBGV+9zsF3LbnEk7owZiySgg4DYwA2SSu3bg46ehr5jE0alGyq05xb0acbPaOl+ura0Pcw0qdSzUlJWvdO+9rq93tfTXXbU9Sk1iNGBQEqcKCQTx3xjHHfIGPQYFV5taV8lFYHBIyvGOcZwMA46HAIOB2OeHi1hgvMyFSW5YDCZJJGDnGW9Rn8WyLcGuo/LFCNp4AXaW3Z7k7TzjPOSckEZryatRata2ur6/3W21dO/nrq/M9ajTXMrRfR6aXuo6vfvf/O1jTk1dMMABuJ+YMDkKR1xkjk/dwAB2ycZpTXUMgDA/fyPmG5QVyOeRk9TkZzgAZJ+Vf7SsJMmaGMAqBuAGMgZA44HYdxyOCM5r+fo0gCEFNoBJy2DjG0bu2Sc4I6ZORXl1pRbabT2ae9/h00fa+ujSem9z0qdOTkktkrbb3t2a11el+r16GNO8e9iGXGVUkA9CCQACeQenOD7DFSxSLuV4yArfKwOG7jjBwcEEHPGBz8xqeWLRnc/vXUNkAKQULH6fpzkZPHPEcOm6ew2x3wDZ53N8wHG0Akhct14zgZGeQo5FVinpa6e8W+ji30+0k11jtdtXa63R5r3Wqt35rJR3vpdpNK7t1Wt76UMgco7ALtHDK3XaRgAjqAD1znJwTiu002UvGNgyWI65wpBwTwOOBkdfx6DkrTRMNiO+jIAJX5l56Z6nGCMk+44IxXV6ZpWoxbQkkMkfKgbwc45zzkY3HpxwAM9TXbhsRyy3TVkk9r/Dra3nutOmlrrjqUJSVorRfNpaaapdOvLfqtrnqOkOAF3knBVslCC2SACPQHpjvzngEj13REbKYDAkqNrYUAD9QRnqOvOATmvHtFt74NGWibBUDahG3cozkgng/ex07DPBNe0aCZGMQcMjMCrfIRvA4GOcAnIJ56ZAPr72GxkLximk0rPXS/u316Nu91232R51bDSim0nur6Lf3bLR637bPTS6R6xosu2NeMsGBIALbh1UN0JbnBOD0zxzn1vRJ2LB24AwGHGNhHpjOck5xkYIryzRgreUCGYk/NtIAXZ64z+HqecHGK9Z0iISRoWOAcENhVJAHALY6+ueeMkg161Kq5pcrTWl7aN/DbTpfZJaXbVrPXgl7rV1bTZ6Wtp00u9973vvuelaUVcBRll3A5wMng/KBluQw5xnjHIBDHv7B+F25zgAnGGAHIP/AHzwejHnqcVwOmxSfKoOASoJDZJ4yeOAAOM+ua7bT4HD4WQNycuDzg4GCPbHTAzu56CqlJ62i76W3tbT1bf46a31ah/3tvu6x6q7XfXr10TO5tZ9mWDKMKPvMPvEYyvuRntnvk446C3vCCArjdgDngKF+YqeT152kc55IODXJWsEhAkAyQdp4+ZQB3UknnOQQAenGAM7NvFKoLlGJHCkNngkckcdOmD3H1rCriJQjd3S0Vk3dtWvfotNrO19PIUYxm/cltb11tbRapf3nddWzqI7phtIAAbgk8EEE8lT/D34P6EitCPUFI+8M/dbgHaRjkc8qAcc45HXiucjhdsnaeT8wwABwo+bsR97jPB4AOPmmEdwAxSMsu4LhT0I55649AeBjjoCa8+pjrWa1adn1vtu/wArX0XZ2fTCktt2l11u9N297K+/fpodUL0Ar8+AowTgHOQdpGOGHUnp645FSSTI6nbt3cjBGAytnrzyDnPYDqQSTjkVkvEOPKfBIbCglOuB0PrkNjtkggcieKe4ADeU5PIJGQOfY9se3SuWtjHOLUlutU4+mr6Lv2su+21OjZrWyT3u9246aqzb6efqy5dEnftXgEAsAMjGOP4sbSRxnse2K5q9VXZwEXdkKSeFAHTK9sle+e3JwTXSiYlG/cgkDBJ+vcEYH8PHoTzxWbcCNzJujfaVDNheRnJ56/THPOQcivlscqdZNR3vbZ9Wrfc9NNrP5+5gpShK7Ta0s7rryp+6k91b7tupwN7bDbvbaAAzFSvQZHp1ORgjsPl4HB4XVNPLbiVIABKgAsCrZyTk/KR2GduMkcHFer3VrGyu4BDA91z0xk5I7YB9QeMY68xfWR2gs427c7gAcEnjAIPPrnIAPQkAH87zfA8ylpor+d9rrVO7u1bSzt9/1uCrX5NbaLe+msErXv8APqvK9zwTUrHmZVQ7Q20kDnOfuqOMcjO4LyOnPXk54/KIypPJAyhBAGRyRgE9wDyeOoxXt+p6arg4T5jkA4OOe+BkkKScHuBg81wOoaXsVxt2AjJ3LyWHUZGBjPQ4HbjHX8pzXAulNy5eqtbfTlel763v+asfV4XFcyVOW1oq1/8ADre1opdOt9Eclb3HlhTuK4XI3hsZ6cbQSB29BkZ610FneAupJKnAIYZwSSASR03McZz0HJJHTnJ7Vo3I3YAA8snJBAOD0xyR2I28ccCnwFgclj8uSBnIJyOc+h7Z/hx6AH5zSD5fe66PW6TVuWy335uiZ18qcdL7NpvdXs9HZvZavZ9Xa7Xr+lajKpUxycDbnIGMDHbgNj179QQDmvTNI151eLd8zBgmSNoxnvz044659/vDwjTLlFMfcgAHjCseGP0GDgdct19a9A02/YnAJAJUBcDae5HJzjPpkYB6HFevl+Oq0KitVdk1o5NJr3VZrr066W3aszzcXh4yumk7+uuyvsu61vqvS59K6Hq0TrHuiDljjEm1gW5BPzBsHJJGR1G0DnFet6TFol0ypeWdu6vgPIyKGUHGcMgHXOCQO/Kg18t6PqEsZjLMCOOGbIzwoKjH3sYOOrA4GTkj2Lw5rG103SrgkBg534z1AB65yeOvAyRnn9cyPNMLiaUYVrczSTlJbv3db6elrt2b02Pi8wwNSMm4Ld7JNKV7N7em91v2dj6d0r4c+D9T2zWl1f6ZcMFKy2V7LEd3BBKq3G3qOeCT3AA9W0PwV440Uo/hv4jaq0SAbLe8naZMBjhcsTu9z1we+cV4x4S1ZWK4mf5yNrIeMAZ2sCAB0BB9QcHGd30Z4d1MsseZNoAHPqDgMC2R3yePXHrnszOnVoQ9rhKjikrpQ9YppW3eq6LV6tHgzw1OalGrCFTm0tOMXso3XwtNWs1qr976HpfhvxP8V9M2Q6jPa6rCCo83ChyD1JJb0zwAQeASelezaV4z1K4RRfacQ+0b9rEnlsMFAGR/eB6AEknnNeV6VcOQMsCD0wScg456cc9CAMcdOa9A06fJVgFKEAcgEEYwDyRyAfQ9MkDmvm6ec5nzyg8TUWy968rtcqX5vS3TpdX+azPKsAlzRwlOMkrtwi47NaWXrs+52D6vDdqqtFcxEjhRvO09+gyc8ccYPIbDCpobqGLO0zMCMEyIzEqAcLyc4+Zl5ORyPUVPpypMFyFBHIOMDkY5GBkEkcZ59QOa6iGwhbaSsZ65GzHtn6c4OQB3z2rvp5Zjswl7aNWLqS5Wrwtty6vW19fVI+NxFelhrQ9nJRTs1zO3qtO197q2vRs4+SeNzkDGevy7Tgfd55AycsO49MHlI7iYAiNWAJIVg/Gc9jgA85A4zxjjpXcnSLdzkRxnBwxHQnJOADwMfrxgY+URnR4eSiDk89fXLc464IA44PfB4T4ZzuMlNOMouV7x0bso2W+mm2l31szm/tLDWalTnaKXxWceitqk9X0a26tnLw6nqVuSQJjtxjOT07ev4DGTxkcVpweLbuMkyxM+CAwZdpGM7SB3AGPw5PAyNZdMZDhRgHruBPTODjpnnp1OO+MU86WGJykRGehAxwASTnJwRznj0Pyk49TCYbizL05YTGYmly2ag71IaW/vNaKzdkk927nDUrYGs3z0oNPto7+6tduvV3vboSWni62mUCVTHkYyQDnrkcY4ycEZweDg99mHW7GTbtlUZwMlsewOCML3AyenHXmuUl0ePBIgHfhThh6E9cYJ9MfNjB5xTOl3KcRgAH+Eqc4x04PPPGSR059/osJxjxpgfdxODjjqceX31RlCpJXi/hXm79m9NNzllgcuq+9CcqUnayk07baa69+ve2p6VHcwy4ImUjk8EZwemOfrg85BJ9Qb6CHorEjHXAzg8HBJwC2SM4Pfb2FeXRwXyAHDjBX5lJHIPG0Z7Ht/DjPJHOvDLexjlpicDA3HAxxkg5AyeM7hx1G3gfT4HxFxMpQji8kxFOTesoOS1tHS04/K/Na29zgrZZCLcoYmEk/JW3jd9Fe7au9fO9regRgHGOCMgFumeec8k5Bzk9eeeuJSeR93pwP1yecn3A449sVztndXGAZFPTGDk4JySFPXoOCeTnrjNbcblgCeBzxjHYnoef6Z4r9Iy7OY4+kqlJTpc0YvklDllG7Xydn2tr+PlVKPs3Z2lqldarVR2d3fRra3Za7zlsAHgcnJJPTORnHPHt3JIBPBOcAYBxkdSCee/U/jxTQwPcY4xgf3vrk8nn05zz2XoOAD7HgfyP8AKvWVarFP3nJrz0Xw+SvdLXT1fUy5Vppa7UrtJt7edrdrWV79BC5UgkcYIwPUZ55xzz+PBBGOWGViwxwOQoA9P4cj1HIB4GevShgDnOOQfdWxxx2B54I69j6xgZY4xnpwe3X2A5OD78ZNUnKfK3JveWr1a0VuvX00THordl0totnd6738trO+9pRLuzuBPGOMcgZx1PT+ueacHODnBOQcMT0GQMjn2OMjoNxFRqq42HOD1z2GQcnHA6n1I44z1kUbQQR09BnoMDHPPXGTnr3Nb88oJPppGN9Wr2XbVO/6+ZKSelrrR3et7cuq10XTz03QeaepI4688A54zjqvI78DJ6U7zGPc7c9QM469xjnIx+vPQMIGMsC27oMdAOx9OvqM+h5pi7genAyR8xIxnHfOcZycgYA6E81p7WUktXfZtLsraWST2dvydiVBXjutFp9199Pzt87E6yFseoznjoAe/IOTjLdR2IGN1J5rLt+XPZskLgDkHJPIA4+voTUYbd1BBxgkZ4zz6kcevHTp1NOJLcD5Qf1HpjJJ5+nGOvcVWSber0Vls9ba7NabX2vbu0xQbS+/XqtOzvt3t+bFaUjoBgMNwxyAcYwM9e+B1yAV5NL5innn5gSpwTgAHvgYHcjI/HJy1hwx+b046H2/DjP1PuKaBnAHbAPYnG3IPU5IPTjJ9sYar1UrpppPVtLrbz+/1eiZpbS73007bXfbffXRK/clMgI6g8HnJ+nQH16gk5P0ppZRnG4gDGOec46YweexHQ4IJPFIwJOM4wQT1z69+Oe3p26VC6nBwW+6AOQSBkDJGBgjJHoPXriHWqa3SbS22s9Enq3+drO1mLlXl089uj0Wl97blhSRjaoUc5A5PJzzn3/njAppwTk9+/U4J59MjHJOe5zwarKGOSSSASW5OPy7cHnnIwemKcSxJO7A4GP5cHnGc9ec+5GMXiWt1fvd6LbTR/O2j3H8l/lbl8vu9F8rLFiBjAwRyQDj3HvwAD16e9MMgwfmHcluB1x128kkAY+XjK5GBVZnwCCM5yxHGf4SN3XHTrj05zUIYf7u4ljnkjHXOflz6gjoD0Nc1XGtWS0aWut76RtpbdtdHa3kgjTu99LLsv5fPvprbrq93O0qMc9ADwSTgk45xzzxj5hgDtgctMiliMAEEcjkjkDGScdTyc9OwzxTJUhlwWVTyQSDyc+2085yDjjnJqNnJwAcHocex5DAcHIGT+fAHPkVsfVWrejcU322f82mzbd+t+51KjFJau7TvazV2kr69N35trvYvlvlIDKQckA8twMkE8nJPr1z0BpVk28ZJ4zwegOCBxzwODjgE9SPmqh5gKgYO4kEHPzeoxgcYweecdAO9OR8ZYgjABwwJJwWx8wHX7pxjA56cGuZZlNWvK99ba6fC73vtt221E6EbOzldNXu01o1tvvdWd3bd9y/5oAO0Yyc9csSepBYnJwDzwOffhhlYncmMHnIPPoQeDk8dfUgEHBqoXRAPlJ3AkkY45HoDzjnOPxPJEYlB4VeMFTlugHY8d+eDgnnitP7Tdru3+JNK606t/cn3F7FbbLpey1umtn3v5va+ti8zhT1JGcHJzkHjjAyBwCSeOTnIFRNIOOMk5HcYODgjGeCOhBPrkg1W3jHTPAOOwH6/UYHP54azh89Rux0I56jknk9MAHnjkY4rnlmbb0lo9lro9NW9+ru9NVZqxUaOqslp1aSS0V9uj2fz1uyWV1A2g4JyOSW44OOy9+oJIOeMkk+c/E6cR+Ertsrlp4FPcD5h6jHfHYnblTn73cyEHC5zuPPG5Rnj+EZ4xjA/wB7HavNviqzHwjdqMcXNrjB/vSduccEce4I5PB+R4qxk6mR5x76f/CfiV3WtOzV99OvTS+tz1Mqio5ngbp/7zSlK99bSjr318uu+h87axNAlpfMcLdSTWsalVLFQygBgdxA28n8cgt0rpPCmkxEi6dpXaRxjcTlQFByck5JJGRyNvuQwdeaNCLOZ5I2dpX09w4A+VWA6EjIz2OM9SSRzXb6HZLAnQZEqgjHIUJ8oHOSxPYHn9a/m7BYRqpRlN3knzWa7tNNuy9bWu3ve5+n43MYOg6dO93JxbvZqyhpbrZ3umr39D431iCNvGevocARXzsAuTu7E843dDxzyTnqahkskmLJG4DBm3cYb5sAqcHO7oAMeuDxipdeYDxx4lOCF/tCRcAjcNxwy4yCO3POOCMjrmCQrLLgsQWCNknKjOBheuBxyD8uQAvevGxsuVVJRf25Rdr3S5l5b6a36+TR+hYGMnh8PK7f+z0m9Nf4VN+71Vmmmtdd1ppb/wCEdS/kjs47hBKzJnKZIGQxJyDj0yOp4rVm8Gq8kcP2pvOUhZAkfIRMAls8MDjkfe2kHtitrR520W4N9ayWU+4W25L1oy65JDbAWyQOTnHrwSTXql9d2Y02e+E+jy3iQyXCSLNGkgZoyVAVSSdr5A4ycD6Dw5VMbKVoTSjFXklGTfJeL0aaTlyrXS+i9DHEY2th68KcKd4zcY86d7Surp6NpavVdPvPnO88Jx/2hNpxZ3myvlKkbK7MwGOSR8p5zkjgngcAZGoeDYbKwfzRKlzDK8jiVDhlXnEeWBIzwNzZ5UHtnto7nVJr6z1+5uLZ3nu0SRUuAqxQI2BuXOeOeATzkkV1PjPTtNvNDv7tdShmuI4/tEbpdJ83mKwaJUBzwCMZxkn1yBrPEYqE8NGM5TiknUkoySSlKOkuzhey011SOmtiZUalGFVXU9HKKbV24qKlbRJO6vbbfufI3x8h3/DnwXEj4Q3t2SDgsQEc4VeORjPyk/ngjwT4dW63OrQCGXcy2U+4sWVVYA9+5IzgDkdF+XJr3f45q/8AwgPgmNWIP2y8UEfMW3IeM8Z7jjJxg59PJvhvpZgudOYNseaZ4ZJAefLZsEY5x1weQAeoyRXtqqnj6MG780aTd0rq6jayt1u9ldaLoevgNMkxEtF+/wASrLbSsoq3TXXbvfbQ7P40SSQ+FvBUfzSGQTrgHCk4xkA4y2M9eg25B5r4k8RarDb6mwKbCIwnPzHO3jLDGPRg3BPQDgV9vfHBSuleD7ZH+SCW8RdwG7Csygk43HI3Ybdz718K+Mrcf2i+YiSCNrDn5thwT0DZ3Eenfjk1WdKKxb1TjyUdJb604O1/N3WvXbU9DhdxeEjzJ3560km9l7W+ul9ltZ2ut0afhnW/Nvpw4Vkjs5ghYFdpZWHbnA3HqD9OTX3l+yDcLF8OvidchVB23YyckNmxnHCkD5RjjPXocjFfnz4OtAbm6R0Zn+xyg89AwyucZ5wMEYxyQBngfoD+yvB5Hwl+JsnzJus9QlHX5lS1ljJXB47DrnntXkUZJ1HTb6WVkld/y21u7NK9l16nXnyhDBySjdyq4XVt3tKrDRfPd2ett1o/z5uvFFxDqF8RFAcX91tXHLr5r+2W5GT9O+at+L9UkuNC8N3fkxq8kd44BVVRAHIxjvx0yBn0GM1xM9o899evhyBeXDoGOVwZWLBd23GATg9DxxkmtXxXK0fh3wqkhKMBegJgEfM4AAOOh4xkdvrXvwrN0rR1UYK6TfeHr1tq31vdas7cRh6MJYSS0k5RvbreCel/JX32t1ulyUGtNtMhiTzCGU7UODjj7xPDeoXHHThq7D4rX06+HdCMEjQvNo6M5ACjbhflHGScA8AgdsDJNeYakhIUQkIEZN4XI5xnIAGMdCBx3zgZNdt8Xopn0rwbGHcpJ4fQuu7rsXcQCeoA6g4BwMH1PazSlHuk+bzfLreyV9Nnsm1pZFypU5VcPdK7crppaXUVftZpLztba+vzZd6jemJXW8k3N8uWCjgZ29vUjJ46Hnkkdzf3FzH8KTeLcEzrrYG4jKfMQdxUj5iOhJ7g9eDXncse+Nt3z7H2hQVClRxk9ecck+2MZzjvbqbZ8Ipo2QZGtbwOFH3uPf8Au+ucjkAZp051ajqKMmkqM5N305Y8t1da3dlv09DXFRpQeHbSXNiKSVktXpt8k9V3e54nca3rTDet4m3czAqn3jkZJU9jkkAjOT1PSt3wlqt9OvigzzlzFoV08Z2ooVgOcsCOTjjnHTHJFcsSM7i4wd45HQYULgZ4OAASAOOQQODt+E3VIfFpGWI0KUA4+XBALADGcZyd5wfvcAHFGFqTdaneTakpX5ndW5VbVaejfnexpiowVCTVOKbdNKyS+1TV016JX67WVzz1PEutxFTBelNiY3x4SQg9nfGSCTgjOCTwwrT8P65rl5rmn28uo3DRSTuCBIChLBgynKcAg7sA9QAcE88Nc3chjKwhWAcKoZehHUjaAcfmMA54HPY+CS0+uaSrFMm4bAVQP4Dk59c5x2OMehrCniKkakfek/fTau+skuyat+Z2VKVL2c3yQV4uTuk+yvfXby8n0OUg8b+LdGn1Wz07xDf6fapql2UhguDGhbe2WACnJweTj5s9C3FE3xI8fzobaXxVqzpcYRlN2WDoWIZTkDO5eCOCBkkjA24t6kK6tq6NC8mNWulyFYt/rnOCOeM9Se2cd6AkUkke20BVFxuAwd28kZxnbjO0gY6HtmvWjjcSrRjXnGHMopKpNaNx3jddG00k3dPpc8uWGoK7dGlOS3vGMpXdtW2tdNbu6SS31aveINZ1HSdfvP7N1K9sftVlYy3L207RvJLsAy5UgvkgMdx4J/Ec23jDxjDMF/4SnWgkqMRnUJDx0UHBwCBkspPAPXFW/HJVdZkAtxuNhZbiX2kDC9hycdT1wMjg81irDbNEsylXRAqv5h5DYyVVepA+Y5zxyDntvXxNSFWaVaolGad1Vla7avpdX1tqlffumOjShKlScoU23D7UIttJxWr1vZWs00tLJkPiy7vseFrx9TuprqfSrh57s3Ti6kJuJAB5wOcAcYAGAeR6cmbvVFSR31C+MjJvU/bpyME56bicnsCvcYzXTeI2i2+Ex5YVY9IuSPlLcmeTgjjIGSOhwc/d4B5eSRWkjlE0UYVAXXYQSQcD5cYUHrkr04OcFq9SeJqxkkqtRc1OlP3Zy15oQbvrbq/Pp5rlo0qc4pulBxU6kUnGN0uZ6X0irNqyv8OtrtnQiKeT4eeJLq5ubhpU1LTDG8tzIzpmdACjMcrjOcKB9M5xli61WPZ/xNtRbeFK/wDExuBlRjAI3DkDnr26YHG1d3Cn4aeJgzrMDqWmEMibSP3qHABxkjp0IJ+796ufSSDylcW5JjjjVDIpwzYByDkHAzkgYyfzPdOrUlDDP2sryoxT99qTaqWs7Oze3K+Z9m9znjRg/a+7F8tWSimlbSNJXV1bflWmmj31t0+kTX3l+IvtV3eXSvoF4WRryWZAQrEZRn284wQRz0yBmvFrWe+2hYhqJ3RRhEjupkjQ7B8qorhSOoPAzz2OK9g0C4SaDxCHhjBbw/fDAYjACSdyP7vI4ycN15NeLWd1tvLVI7k2yG2iIJJkB3JhgAQdp6Z9R7bRVylV+qUn7STn7WotZNXSUNG3Z6bK97t6k06UJV60XGGsaSUbRt2u7qyte2t3ddlY7jwN9t/4SnRzLNdgLfAbZLy4dcBSCGUnaQOmeR04FZepXN0NT13ZcSKTrOofLFcSxqim4Iyyq4GffAOOg4FdH4Tuy3iHRoxKZcXwDAxDn5S27OfTHbvjOCBXJape28d54kDRMxXW77L7PScfeIycY6BeSccZAFTSqYieHjJ1G5KtypuTunZdm07WX9XLVOnHEOEVGzoRsmlb49UrcyV733a6LUvJLdyXOmKbm7ZHurVDGt7MRnzkB3DzBwc8ryDjqcA1F8Q7q7tPiBq62V7c2bGOxjRYbp4VB8khmIDY3EnlskkkDI5zDoM73N5Z5WKMNf2gjzkNtM6N3xnIHAz9SRzUHxKlgXx9rxlG545IFBVdwBWPgsBtBxjA5A7DNethar9hOXNJyVSmlzO/T3tU7rrbvdabnHioxdSCikoulJ3tHrOCs7Lyurra/cxY9T1xBJBJrOpSs4kHyX0mVCqSGUbsDcp6gZZf17L4gs7aB4EmWS4SVtCnEksbss0jgj77qRIcA8npn0Jrg/OhAWYRMS8cpLKhzyuFAOTwACTnqOmCa9D8eTBfD3w9csYv+JHcPhlDcb1IJwBjI/Lk9Dz6NGs3GteTuoRcbuTs246Rem1raJ99Xc89xiqlFRho5TTslZrkUrX93d3tfdd0eNNqV/MWjEt+4iwpP2ufOFyCcFsZ9s5BGO5B7rUt1x8KdKLiQsPFkmWnZ3lI548xiWKk5wrdO+eg5LLeY+JkCSgMgWPEhznI5AyeOVBPykdiM9jfO5+GGnJ5pdP+Eqk6J0+8R2PoRjIyufx0jXqKDtOyUL2Tad9Frq3tbptZPRoJU0nSdrWqJNJJaKzV0tHo09dNF8/LlgmeeVJIE24by2LsMNwFbBIBxwQc4JwOBlh7v8I7ZE0r4kNLEhYeBb9AA+eqgA5Jzk44OTgN0LcDx/UZcJaRx5fKMm0IctkjIOT26E56kA57e2fCRy2mfEpDFGhXwLfEEnPIC4PGe/bGV7gA5MYetKclFvSz+07uyjo2tG1Z9Xqt1qOvGnFPfV01stm43Xm9u/mj5XxmGL/QYztb5WI4PPGcA53dOmOfXmvVvgzEF+JXh0+XEp/0wNwTsBgIwQOCe/JHA65UmvKYbmUSRqSfLDKVwu5WbJJzyeckEYB78AV6v8JZmf4leH3VcnfchyVz/wAsSxGMehbhVGTxwARXZh3J1YR5naXKrvW2iWvvNeeqaXS2xz4qUVSm03dR1Wlr6OzSSfVa9X23fmXiOEy6tqipJFi31XUZHIQbj/pkoUE9mGB83JBIJ5JAhHmTXEbp5SpDc2bEkKCQ0sYIHBI5HJHTGTxxVjxBcrBq+teUhO7U9S3jaOn2uXn2YAkjp3xjk1QgnBeVd6gmSyKnaeD50fA55IA57Edcd6XtI1fhuuezu35a2vbW17JLZvs24Ok6MbtpqCT3cW2kk730drK23q9D2b40CV/HWrtvUsPD+hPkAAkLYQBeMc4OeORjjgGvDI457jcZGTaZVAwFUsSARuIxntnoB3ODx7H8Yr2P/hP9UGdw/wCEd0NCAp5xp9v+K8A859OgzXi8N8qzTIEPIYr8vHCAnnHY5xzkfgTW9avJ1ZXbu5KzTaV7JbbRbs/LqndGVCFH6vTSbtZ6O6drK23o0t7Pzdz6S+Kga3+DfwcdQFlVNSG5GUZAkfPGRnDHHqQGGDxj5s+3X4LvFdSKsiAYBHAB25KjIPTGc8cAYIwffvipeyv8Jvg7EzJ/x66iVXg/emcA/dJzyAc555PSvne0aUySq7BVjhPYEA/e43A5xgA5wAB24x0+0ndNP7MNdV72ia6/LTXd3Vzl5LQaVkry06763a0s16NNK60Z714IupW+FfxiheUuH0/TQrNyD+9HX1OBnHJOQPQ18vR293I0UiSIIiyqpxjOxcneSAAu4d85J4Ir6E8FSSRfDL4qiRlImtNNY4G3Cm4VQDk45z8oJHXHGDXhkBSNVOWk2MdygYUls5Xbzlvu+hO7JJ5I7J1KijTdm1KKtaTV2oxSWl3ur6K7vr3fJhOSbrQm7csotb6+7HZdXq7NL1WzPfP2eUmHjnU7rcHB8I+IECq2NwFhOjAjgqOSc54xkivmy5s2eINJE6oLi5lBUj5sTOTu9FYjnsMHBFfSX7PnmReMNSZMKT4Q8RuwZCoUfYJ8DJPzMxJJxyMA5Bya8JQN5Db3O6aG5JDISqhpJCMZJGWBycY9jyFFRxE400nK15Wv10S1ei1+713KlRpTqTSb0jFW3e616Xdu6XfrcpeDEjn8ZeFrjy2VY9c0oAbQCzJfQ84A3YLKOeQc5HUivWf2l4Hk+M/i6WNmUSNpu8L8uSbVM8YIGe578k8GvIvBpaPxX4efLkL4h0hVOflb/TYCSQSMD2Huck8V7P8AtHXCx/GLxVmZVVotOJJU8sbZNwOQOc9+AeOeue2hUvaerurbrRuUdtbdG1a97bpO5xTpRvbnUWk3Z9LcjVntrd2et1bRXsePaRCyWN/FK8js07BU3ny1HkuQB3+vJ7nPQV6L4tsmuvhx8N1TC+TpGusSzEhcXqDggjBHPU89T1IPnNhckwX4E8eRI5UYBLFoH4wDlcn5RgYBPXnNek+IZj/wq34fkuizHS9bRVxyAL2Pqx74AOC2McnkDPs4fnVKVoys97vZcq67a6ebVn0PJqRpqvSvK65no023ZNpLtfZX10t1PBtRuZ4ybWGQxrC9rgqGL7iybm38kHPI6Y/ugZz9J/Bh5p7X4lpNJI6T6fYWrGRuFUxmUsODgkoCeUOO/BNfLeqvNFdXjmRWULbMCOrHeoJ/DJ6dc9sc/SHwYu1g0n4o3Urh4bTT9OuZeQS2UMSqcYwQZOM8dyCa1wl3Vi3zKXNFWbaW63Te3XbZPVdTE8nsavM7JJJJpXS5t99Ony103PfPh9tbS9dvpGXy47cajsZipZkjdFVgfvDKg8AcDnqFNz4EaHqvjv4n+DbjxNGlxY39/qw06U3xE9olpa3RiihTI8tOmR0bGFAJ55bwnqkNz4d1e406NIBDpyWTCZsq8gVmkYr0LMCw553EDoKy/wBmv4hXVv8AG7wLoy2ts1s2sahCh3hTE8lrcBpRzjJPO0YyD3PFdWMw9arUqV6DSio8stWnLT3mtNE2u135JpvbDY3DUMthhKzcqtT3qMklKMnK1t1otWtvn1PHL6zm07xbrWnQxtJ5Os6isjo+d6pqEmMqeSF+Xc3XB6YxX9Iv7RkbX/8AwS10Wdoy5Tw94SLKQG+ZXkAwOO4Ax97sO23+evWWtU8c69HEsE08mt6sXckhkxeyHrnkZz169sMM1/RL8VbefV/+CXWm2KZnuX8P+GgkMI3O7C4dFVOSMszKqjglmA25yT8J4g4j2GN4OxEpe7SzOk5PRpRbptvV7pre22umy93IaKnl2bUVFc1amoOy0vJNdFdq/wDTdz+f3V0gTQ/CAdXjf+2IckncmVjTnaPlAOTnIHynHHArtNI02xvNPZriGGVTcvjCRhcb+67eeCASe4OcdBofGT4JfGP4W+Gfh/q/xI+HWt+ENB1vU4X0XU9RjKrqImt4pIgQCSjsjBwCR8rA5zVPwyNuisBj/j4lC5HOWYDbg45Bb5skkj1Nf0bwVjcJmMJYjDVaWIptKEpwcZxhKLipJNJ+8mrO3XV2PwTizCyws40ZwdOUZc1Nq93GT0atddNGtvuS5DTvDGg33j/WIp9JtLiI6PaOytEmxnErKGC7QDjaPmwMgnGQOO/1H4VeAp4oZH8OWW5jCNyR7OSy9SowPlzkHk9we+Bo7eV8QtVG4kHRLNf4TyXJx1wMEkEdc4zwQa9supSLC2GeC8BYnIwWbPAI5xjsMDAP0+0w2Hw1RV70ab5Zzd+VWunFLo93ZX8n2PkauKr0/ZWnL4IX1eysrtrZ3fS1rPTVniOtfCfwPbeJr21tdHtoIJdMtJPLjaRWWXeA5Uls7iDgkg4wAFC8H4A+LsHgbTPiHrWjudTsYrZ7UOY7hpCzPsUjcxLbUB3AZICkgg5JH6heIIf+KnuJAxDLY2ij5izMQ2CD3Ix7g9T3zX5BftCROvxl1yRlIC32D8xwAluGBYZ6g8lRkZB4614XEVDDxy2lyU1CUqrTa1vZK1m1ovxS6dF6+S4iu8Y5TlzRcVpKTt73LaSd9N73Vn53szr/AITQeHrb45eH4fD+v3GoWwNw7zSr/qma1DeWzZJI4Kn/AGhkkfNj9HfCU8tz8RPCDvfyMx12yjVkOCipqCbSAN20LtBBA7epIP5Vfs526y/F/QzIM77nUJCvPygwMQcHn36D12gZFfrH4JihHjTwm6wgsNbsxx94E6guSO4G0cnkjv0r4OUf3E03J2g99G9IprS2mt7baryPr4a1YybUbyjo7rrG+i81u7662sz7A/4KVShfD3wSM8ktzi/u1aSUkuw+zEDBJBJPT1687RXx3p1zpN+dCEkv2J5dAu41WTAT91C6/eOFJk6AcHkDsc/aP/BS+2X/AIRT4JOpwxv53UEjcP8ARjwcnJwR1JGT2xmvgLVrXZpnhVmO5xoGoyNliPm3OFY8A8EDr2yCDiuPL3bARi0lHmk1FL+/orra3Xe/m0z0ZO2KqN9le27u4pu/TR63dlZdbnE20N5BZeJIrmOby4dOmhjK4AKPMXQkgfxJkgFv4eCRyNC4SJYvBDOVZBFbJskIcD9/HnpyMHOctkdBjoMODV737N4rtLpVkt7fSbMhWA8xm8kYBbncB645JHPODoM8d1beD50yiwxWrNA33iDOnJyeg/hz2AHPOe1w5klP3lflUW1u+VtJa6W5dEm7J67Ix968pJ6pNWWk7pw13Sdu+9rPY9Ht/H/izwtqPxHj8P69LYaaLS2mk0WQvPp97IijYpidiF+ZQSwKnGDtB2sPp/4Z/tKafFa3w8fQSaLq9z4T06KyvLUGbSgsiKBLcSZPkgtgbScJkAfxM3xjr5SO58b3MduJEnigVnDEkHZhlO0/MTkHnIyp684zZ51vtJ8QwwIXij8L6fCY3w3lOFTcCrDIXjJC4BxyRwa8HNeEstzWnNSpxpVJOMlOnaE7+5Z9Lppa3Td7eR6mGzfFYZq8nOMW0oy1ajeNkt9Gk7673dnc/ULxtcWviLwBqGpWFxZ38EljpWozXllKrxsYsKoXaxYmRGLYIDbjnAOQbei3Omal4x8CWqRFWi8GuFZhwSqruJBwcZ6de3PJI/Mi28T+JtAu9F07QtVuLHTpPBxvLqxDtLZ3E8CKUaWAkLhCoGDxjnocH3LwR+0Ta2+r+A9T8WafNFdT6NfWEeoaYolMzIrhXktRtEKADJAJ+VSeAcD4LG8J5hl0ZRw7WJpctS8oJ+0tKMbaOy5lbVx1b662PpcJmuExVlVqKlO8XyytZ25dOfu0lfTp6o+zb6yiHh6WBTGsknjMrGCoBZvOzxyeMA8D68V4X4+0TzEW3SPcx8ekM8YCkFioHQEnpzu5Oef4gPTPC2v2viLw14ZudPvbfV5tR8XyXphtXWS4ihV3bMsO7coBwGADdMnoDWB40vEg+zMrCAyePg8kUgGQvmfKSrEnGAAQ2SM+nNeRlFavhMfCjVukpSTjNOMlrZWT0S06N3XR2afTmFL2uGlKLi17nI00735W7vbXrronfSzPnnxL4bmjtPiVCkbSSRQwMTjATGGGGIyRjoBjrnOOR4tqrTLNHE0ZjCeGoAhIKs7YABz0Y8ZwenbgV9m+I4obrTPihdxFsy2cTE7cA7CmcYxnPGOeSBn5hx82a/bRyKkqod6+G7LJAHCjuf4lJJ3Dg8HLEE1+o5Djfb1JR2UJxtfXmTjTb3V979u1r3t8tjKc6dOHVy0mrd5KN+lrWWm1+upyOrSBdOhEiMf+JQY+WGSyBCu8Dbu6kAADAAyeAK+af2nEifxF4cchdo8DaUUHG4yFnBGc54J5GTyec9a+s9Q0xbjT0JV3/wBEnJyM4GI+e33T1GBg8EfeA+Yv2oNHk/4Svw2wSVY18C6a7AqNoIZwRjoACBn09s19EpN1lJyX2rLe1lF8z3VrW8npvoeZWgvY8trq8U5Wu72irtttdN7a9dbX9E/YOMB8V+Ome3dyfCkDMMYO2KZHYryCMKQMngcHp8ten/8ABVSJZPEXhG6iWURy2lhhXYkDGlWp4bgZxgc4z8pPq3nn7B9jO3jPxiRLGu/wZMwQdAFkQjcM/eIOezHryRmvaf8Agpl4f1XW/Enge10uCW/aezsJ/Is7eWd1j/s21TeIoUdipIIY4YdTk4FfAVasIcZqc5JRcIK7sl/DW+/ZdbJrzuvtqWGdXhD2cYtzbbSVpNtyp/Ck2tUvP07/AJxfAC4SHxVCiwlriSz1FYRGWzuaBl5PB9gfYcckjyHWriVNS1OFgREl/qIePJY7jPJuyxOACSRgnnnjkg/Y/wAAfh1r2g+KJ7rXNFurSG10fVLyC9Nlc/Z42W2by47iaWFVjLNldpbg8YI2mvkDxBHfXGr6pL9jnVJNS1Jy8dvKyMzXL8A+Xhlx0I4HOT0A+0oVqFXFVpQqxk1Ck21JaJt295Nq6to9dNu58bWoV8Ph6MXTnBuTto07Nx0elkr312a10TZ6hrFyX8DeCY0O0Np9xncV5AYnIJAJHILdSCMDBzX3l/wTnMtjdfFaeCVkifQLUSsshUlWnQgP/eAJK46Ybrjg/MM/wV+JPijwB8NX8I+GLvxFJd6PdPNDp8bSSQHzWAWYYDJK2OI2IP8ACOCCftT9gjwH4o8IXnxh0vxb4fvNAvI/C8MhtdTXy53eKXeVEfOAoAJAySQeDjI+e4jxmDqZLjaUcRRlU1Xs/aQ5ueNWP2ee6s0+mvW+535ZRrRzbDTnSm4NQ1tJpcyil692ne/pY8I/4KVo9v8AH+FtweOXRfDjgkZbnSLY9OpweBnbk88DkfLl1qFxB8H7fywVdfEN2AxwAoktipAHPUHjJwSOPSvsf/god4L8VeMf2h9M07wvpF7rV5c+E/DM8VpYRh3djp1srAZIwAOpUEgKSTgGvmfWfAPiX/hXcfh6ewmtNX/4TW00b+zJfluEvJ4Uj8qcDHlrubLEthRkngYr0MmxeGjlGVxlWgpRpUpyTcVOKjb3rP3krJ30s7vXoZY7C1Pr+OdOMuV80YuKbu1ZJK2t/Trddj5d8MzuJY23gSPkM23BwCT97AwePQcnIAr3f4syF7/wjJJtZR4aTJ6kjYo5H3iQeeMDlT1NfQOif8E+PiTppt9S8X+PPh14QjuLYXlvaahrsLXBjZuYjGBxcBScRkgkg8cV137Q/wCyL4i8N+AbT4o6f408N+IPDOgafa6JfLY3MaT/AG6VFcGFGYNJGEP+sUFQcYyBXY+Isor4zDYejjKUqjk4RUW9WnD3b2s23fZttqzaW/LQyvH0sJiJzo1YwiotuWmicGm09lpu9+5zX7ALbfjpa7HIEnhPW+MHjdazYPuo5CjHTp1zXcf8FA9Rng8Y/DiBYhMU06wugCHLbUAQ8KGzk4XoQCflyAormP8Agn74Z1eD45WV5PErWR8H6+8UkU6yZH2KcgsoORkn+LoTkgDFfffij4G6F8Zvi54OOui5ki0XwHcatHFFcpaRyS2MxKpLLIMEYXJUD59u3GRur57O81w+TZtWzaupypYbByqTjBKU5RjHZR5tW/le9tT3MHh6uMyWWEjJQlOtBRnJX5bcj0Vut7PVed+n57eG/jHa2fhrSNHn8MahKunvfS3Qjim2SPcI6iU/IWQAHcyjA4wAGyTDeePvDGtapo9ylrqGnR6f4bvLeRpopCGmy2AGYLtBzt6dM4Ir9c/CHwl+GE+jQ3dtodwL957uG4WcQ3VrIlqWxti2AshK4Y5GemSODkXPgr4bS+Bre7v/AAH4fkvZPGiaeZ/7LiR5bMTYe3KhgAjKCDtxtycjHI+JfjTkrqctLLsVJRqRXMlGMnKad1ZvRvl6tO/TQdHg/FT5lUxsNVGzcW0lJJJqzTS0XmmrPV2Pwk8V6naXnh5ZILomZ710ZZcPKqCQqpOSCFVSPfkDpgjylVFlcTYlhEMlmY1mCrlmwAQvbdnJIySMAZAzn+i7xz8Gf2Yr7W9VsX+F2jxfaPD00wFnH9mMNwlo0zTwRoWwVaNcnHfAIyNv4m6r8OtB8SaJ4mvrS7GkWeh+IL610uwghyZIWlfyvPkGTiIIFBbKknO3rX6Lwf4gZfxbTrzo4fE4VYdUlKVeyU/atJcrTbs1HV2WtrO58tnXD2MyipDmrwqyqybXJKXMkmr3T1TaaejetrPTT5f067jVpIZXM4V3lO4lFfaCApYkY6jhcD3IGK+nPCqa74Fg0y8txBjV9HkvXjgusFrTdkDKcq7dGQnA/E4+WNT019Nb7OWaSVSWLgkiSIk7c4GQVAGRggAbegGfrvwT4YPiLwdocx1S6+2NpVyIYC37uBYWChNzYIBycg+nXPB+2dGn7eg5SUVOVk0k07crjZ6Nq68+7tqjwVWrujUSnaUIN7tvRpW7vrZtvbrzIS11zTb/AM7U5oLizmmvA7bUZowMjzAp6kHBL5AzjA569nqusaLqOr2Nyl/bpBb2MdqzyKUYzMpAG04ABI554JPqa4O2t57Bzpe5pJLe98iTzFVlkaQ8FWxyDz3AA446mhqhEGoSWktisrQwozCRztXccKyYxhsZACk8n14P1GGhP2XJTmox0fw2vK6TTs3rrd2tZtM+dxVW0v31KUnbWS0W60u7pX1vbyurpnpngyfTvt12lzeWqRbbl42kIKs8SsY0VssNxJ9QeoGCM1YilsnsrdTFbyzPqUwljwoAiU/K5x2YE5PQsCMbcivONK0C71YNbwRrC0dyP3RmZV2OMjJGPvADBJwO4IGKY+kXMKT/AGeG7aS1nkgm8iQyBABhs5zxkA9z8oPGa6J0qt+ZK91FLZaxspNW5ney2VrLW+tjnhUo8lvO75rNrmtppq9vuvdXaPWNNt7GHV44pIYyBaTMdpGF3BsEtuPHO3HXG4dOvg3xb0y2tRpM1nLkXSXAkBAwrFmyAQcg5Y8/TgHmtuGPU/tUv2e7vI5YoGLNKzAqqqSynIwCQBjIOM4PQV5143bVjbaeLq4EobeI2I3FANy4/wBno3rwNpGCM+TiVU5W2o6JJJO7Xw36XV9fPt59lKVNJKGn3rbkWmiTT0W+u6XU/W/9lKaBv2bdMimkVZFt9YCbsDe4DttCnGSRnBHpxzXqN5C2q6DDbvnzJNJhjh5AKsXJUqQMcnggEjOSCO3if7Lts037N2mTSEM8F3qcMG3IYmaPHPAbAbdx06npg165b6h9l0LQRIiGe5sbhQwOADZlmXIJzknI7lucHjNfnOJbeOrcqTarc3ZOOnMn529NUtO36BlVvq1NSensrSvrdrRrX1VpNPWN3fcP2eBLNrniWzulCzwXRhEzchlQFNpzjeT0yQGPcAk18v8AxQtbSbxDqyrKjSWmvalG6lV3MHRyMYJYqpwPoBjoQ31B+z3M7+IdbunCOt3qTqVYhclGZ2BJ6LjABGSQcnGBXyx8UNH1aP4m+Irh9H1CCw1HVr0W9wkTvY42uCVlIEYweVwvuDyK1wNo51PnqRhz0aTjzyUeZpx0V2k5fCrLVp9Nzh4gpznldBQhKdqslN7Wi7NNtPVaJO9r7NaHy3rVtdQpC4kMaxx3DMUYo2GdlVgQD/fGc45zhhkVbvGJ8LPJDcNdhWhSVpCyqkpAYFeMZxyxLMSOTn5q3b22SfVItJZ0ke4C2hIUFUd7jA38EKvPOeDyexz71478JX9l8K20BYvByHTdTtb5tSsLqH+1LiOS2QrbOoAZvV8HAbOAelfbRqtunGy15Fq7NfC73elpNW111Vnc/H8wvTlTbskpxXK2lLRxvy6XTVtNH2W6Z8WQq5liZpFbmUsHGTxnAHUkHGB7Hgnv9e/C2bTn8JaEb69WKKS8uYp12FWCKCyDnAwCAM8ZBHy7eR8rfYbm2vLcsFhyZTvdg4ABIyw+Xrnjjnv619Y+C/CBv/h/oeoi8EUkb3kywx4CTjzCiqXB+U5JO0g7jge465Lnik7uMb3u3baKWt99LW6rSx0YGa9omldtab215bXvqr7ava+nQ9M0Lwh4c8TXFzBbSTGee7EFvPCwKLnkuFJOXxlSD7emK9N8LfCnwBZ+H/Gupa/471nRL3SECaZZ27PGl3dIAAQqSDcSRtDBcnPXkV8x6Guq6XJdPbyXFsIbot5qz7AG5QsPbuMDIBz0GVlu9U1F55omvy5vGZpN8rOSATnnBTBK4GRxgkcYr5rMMsr42omsW6NJzhJQiotuzi2veTWrXRddz6zC4+jhFb6pGpVaabk3ZuSVnur2drPR7Jo+xP2ePjL4D+DXj7TfFGr2V54q02O5t2lsr+D7VO+2Ih2dpw4eF2+bnIHUnPA+y/ix+3j+z3488D+MNE0/4cwaFrFzqVlc2Ug0m3WKVFnVpvOlVF2xbVI8scH27/jbZpJOkrTSSsYmUI0WOFXI24Az3OfpyRXM6wtyZsQyztA5YSM3IDBlJ3sB2yFJPB5IyDx8Rnfhpw/nOYxzPHYjGfWYU6cLU8XKlT5abXLenT0Ur9krpart9Fl3FmY4anGlSw9L2avJSlBtrm5VJLS+llpr59Ufsb8Kf2ov2Vtfs/GzfEn4beE7C609NLj0GaPS4Xju1tYSruUVF8tZ2G6RgflJydwya+Nvj3+078J9csvFfhjwf8G/ClhDr9ztttbSCP7Rp8VswX/RZAARFMoLFQc9iPlr4VkubmGa4hgmAjmEQZid6Hg4BAHJx0ILYDY7sKwNZ8qOykLKHuMSnJzkknOd33snqSuCMjBzSyjw2ybLMyrZhDF5jWc3B06VXG1pUKfI4/DBTjGSbTlaTbs9tra5hxXjMZh40HhsPTk+bnqQow55t8sequnZva3Trv8AXHwZ+If7PEHhTxH4P+MPhB72712/ji0PXtLyG0e0ZSHjLqPlXzNuccgcc8CvPfjzpPwn0C70hvhT4jXXtKl0dJprdYcT6ffjO+2kl+9KUJ27iBkscYxx81W05SGzBVVR5C7JjexIIGASMAYAPY5OO3CC6kF4zwssUEDiVg2P4gQGwOS3Pp1HOAa+qWULD4+WNpY7FxhUi1PCTquVCTcYpSjTd3Fqy+FxXV31PEhj/aYZYaWEoNqV1XjTUasbtS5ZNW5lfspW0V1qf0df8E/UuL/9iy1tFtt+fGOuyzRujBgPLziP0bqQrEg/NnOSa/mc+L8d4f2lfFYVY2MPj65EUTqFBD3ZDE4yM7QcgDHAYcFif6oP+CXdqfEX7HuqWRkjmuj4x1m2tIwAmbi6iCQYbIwS7bSO3zHnAr+aT9pLwJ4g+Hv7VvjPQPFFkbXW9M8cNczWzudkhkuxPGdzYLK0bLyDzkqeWzXxPBGMi+JOLsAmlP606sbStJpzUWrSvblb2f8Akfc8WUqkuH+Gq7SfLCEXZ6WUadm02nfS/nvuj7d03wp+x5Da3d98TNe8Z6r4hS2tDNp2lRvbW0czxK0trv2kMmThe464xhW8v8Z6t+z3qGt2cHwd8IazpFq2mtaz3Os3jSOLuLl5UVguS2ASM4GRzkccL458Vv4mi1C4m0my0RbKWAxm3CRmUiFEDSgKdyjA25xy3TOa8b86SDTra6SQST+dcbNjMCpPIxsGS3U4yeevQiv0vB5dGM6deeMxU5KOlOdZKnG9lZwjFLS9knfVLbVHwOPx3tL0YYbDxi+VOoqXvyXuauTvy22WnS59K+HvKmhluHVvPuUmhRSBhjbgKuMkAFmwQcZPXA5ra1Xw74pulg8nw7qjpJJBMGihZ1dSCuSAMANjIAyGycHHXx34fa5PJpWnPKDNd2008gDuTgqSVZgwGVGOeSMdQcYr6+g/aD8TafYlPs2mRNHbw24LKhSQxgfNtZSVYDBJyOOT1Br2MRLFQpweEpwqr2d5c8rW0Vnta9272dv0wwscPOLjWqThZNxcI3upJJ3Tsl1trZa2PGpvhz4/uLmDb4T1tRcT7oFNu22YBVwFYkLzlvl6DpX6e/8ABJDSNd0L4/8Axd0rxBol5pVzP8MZZIBdwvHGwSWQsEYBhuPIJRj8x4JJAr42X9qbxOttAs1lZSmzYlW3IqomzJEYwACckBuTuOCMdPvz/gmB+0npXif9prxNZfEC/wBH8N6ZqPw/fTdMvLzy44VuHmdzDJekIkZnDeWm9sAnAOcY+Xzmvm08vxPtsNQjR5HzyVR86T5bWVrNXT6aa9NT2MGsBCvB08VUlW5uZRnBRUm0tLJLXfXW2noffniCSd7l9SsJI1u4UjluFhbyiotZ2xnGNysgA56kcjNefeJ71tbtfEerERwPceGNake1UAMrQWEiucZ6PgPwuMkeuT758TfBEnhfW9bntGS60a+s3uNPuU/ex+VOS4UzRny2jfduSRSQV4U4Jr5L8Q6tDZeG/E93dwS2zWvgXxMyzgttJWzl2grnoQDhj1GSSNqivybF0HKnaKvJ2V1utYrVtq+uutml+P6RlVaCxGHqKorc0G79NIdLW3v5a2Wtz8yvGF48t5NNn5Gs9PYYJP8AqpY0HJyTt25J64HpjP8AaL8F5S/wb+FD5AD/AA88KsWxzk6Rb8gDowOORkj7wHQV/EbNqX9raLb3pK7pNNtHIXoQZ0ZST3yD83II4HBwx/to+COJfgr8IyOc/Drwrk9PlGk25x2znA7nJ4JGK8HP06dLDRlZOL5bb680Pes7NLXruluzt4tac8HNWfNztNWd7xjq1fZXvbqtVvY9SX5uPu4xnI6nHoAepwec7TzwTmgtg/e6Z+Y5wWxyAM8jOcHJ6EEDJqI7jwN3A7naGbBA6g/w5DY6HncRlTGGONrYHBPPQnAyAc+h564xjB6H5fmb95a6dVblT5b93Z+vW1+3yySsle2i1u+61v1ulbur/J2OuN2TkEDgDpyBjI4HuOM446VCGJIUggEEDbgDAwAxx05G3HGR04YU8MCmCDwcnoMjCjHAOcEccgnI5HILVJwz8AY4Xg8dumMHt1x396lTmnFuztd3t5W30Wru9unkOMLKXvdLpNeaWnd/dt9xuP3gF3jJ4557BQDjlTwASefUZpSxDYXOflxnAGMANk459SR0xg5wMtIACAL7sc87iOQSeM+vp9M5UKRhV7Lzwe/Y7sYAyBzwK09pPVp6WtZdNtbrso2173Wm44aK7vez330s79e/XdW2Q4uBycgDglumCMgYBA5OcseW3c44Ja7kjIK5xjOCQRwMgHAUYHAOG7kjikKAYDHg55yT6sBjrjJx6dBxwaZsbA6gZb7meeQc4HTnAzyW5HTNUqrSV733eiV/dVr/ABPVp3ta6aaa2DlSeqv+Ftrq1vW/S9+j1RgrBuSAcYByAAMcgjBPOPQ9s8g0/gKM8EY55Jz3J7Z4HPXGBmo2UkjPOMY4xlec88hSc+/BPSgKy+oJY8579erYHPJOWAXAz/DU87Vm23qmld9EkunW7Utk9b66mi5HzdrbbqWq2uk9dezt66O3tgsTkAlcY5yfUHHTnpjPQDbk0pCkZAJJyA3Tp7E4x/FgY3Y4BwKhzjJHZsZ7Er256gk4GTzzTC4yecnk4I5XocgEHIHOBkenQ4M+2lZatPmve+7eyWiut9LNfJFKMd1faCjfZN6vVXtay6W1s1ZpjjsAAyCGJIwMk5PU88/MDwe3Geu0IXO7JAXqTyxPPQE85OFOcYHXioiG3AcBWJbOOfYjjOcZH04z2pB0ORnuDjOAeOOmeRzyMfL68yqskk7u6s0na2iSTvouqTurbvfUFFPf77b+9dNNtr1enk1sKyg4JYkqTkcDIOBxxnOOM9DxknHDt24kEFWJ5wMZxyM9icd/foOciBSCTgnkDk8HIbBHpyPT23E5DuGJPUdFDEDOM5z1yBnI5HbjpVqu2tWt1rs201pZ+nbW6sPlXZbd/wDP81rvoRlmPTaM/MOBkbTwCeRgkHg88ZwATTQxHXaQ3JAJJycAjOe23oRlR0z3HI6kklj90dwDnHfBPbOc8AnvUO45C457gehzkEkZwcc+vfgjClWs7JaXsl1Tdt15d79VfYpQUuV9dr3ei0+F9nfRfptIZHUjOSuf4QCcnqcZHcnGRnqBx0RpssOeRnn1wdxIPUtuOCc45OT2pmQxwThfmwwIOcknIycAHIwehxxwSTCwyQDyBkYIxgsTnI7jJOOeuO9c9Std6NK1tdb9FpbZXurS0ve22r5UopJ6+bS0dujXe+u1kTLMSD3IZjgYI+Ukc5HYdeOcd6A5GRnrg4OSf8cdT37d+sI6rngDgE4ByCefXoN2QeQOnGCKcnPIJIYHIyMDoOTluuQOOG5zkmXUbsr9FotVv0206encqMlZXT13ve2600d7W821fzZMHznGQAC2cZ4P8gM9ySMgZIBwpbhMqT1XIJOMDr146cdBycdMiEEdN3Xdt46g8Y549M56cgc0FwAOckLxhhg5IxngZOSMcjORz1FYqTTu5Pd3trrprda27aa7dWOybTTadk7JdNE7fj37WuSsdowzBsZ3Ag+o52k54HBHGe/Q4gdycZxjA4Y4wcZ3AYAIPA7jOBgHJCE/KcAklCOgBByAcE85yADn15xgGmOFJLMzAkYPcNyAQDwfUg8HGQCKidWbejte9ve72ejaWl7NdNLeRSUut2u+q3adtH/w3otWF2B9MAMPT05AxkkDA7D/AL6NKJCWIzjII4+nRuecEYyD25yKaWI2ljjsem4KO2TyATjHsMHOTTWYZUZYYyo+jdMgcYyvp3PJzUKU7O8o66y13do3W2ivpo2knolexpZN2a1bXRdbNvy0XptotiyrEhgVBJUYIwQVGccnJbHfPJbr0FOMjbSvJIXnIPpgheckdOrZGNpPFVg2M4YAZG35T1UZBPUZyePvcKe+TTw4AGRuyDweeOF68DPPHfgcCi6SW17qSXNp0SdnbWy3s1o/NCsk1a9une9ktPTrb9WyIucgYJ42njHJGMjA49CMnOeueKYSxwE4weD6gj269hnHXtxmrGBgMANw5IOOTngDoMnI6+oz7RHAIBI3f7WMZI3E55xjHzHnIGOlS53Vm+qvrfVtev3ap3bt3pNJ7dF0vstXv+OlrJ9WRNyPmGMHbwMfKByTk8BRnHJGBk+lRyIpO7qHGCT1wAASMHqCM4PfI9qlzkEk45C85GCTkDOchRyRk5PQcjmJhngg8k4Jz8zA9T9DkYHOcD73WVJpp9EvW+kdbJa7Xt8upXKm0u9r7t/Z111vZ2s7pfiQY2NGMr8rcnrvHOck9M5PzcE/zUsCeOPYYHJPAGT1JAG4knpnjApSBjLEYIA5yTuyCfqCCOh7/SmAbWJ5weMc4IwQP4Tjlsk8HH12lOTT5r9Ert7Xsnq1fW+219L7HS4qytG+3RK791dIva1rpOy2SFGFLenbIwWxjjkjHpk4ByBgjmhTlixG3IwR0BABx0znv9STnuajHAYcj5TnO0DnpjHJ3cjjGR97HQIQQ4AwRweucBR1yOv1+6cnrWlOrJNaqyeze1rJt2bXW+t9bK1yZxaS0210tpdxk91f7uVfdp4d+1VpQ1r9n/4gWDBSktjGZQdpBiRm3DnBzjoOevPzFsfjP/wTQ+HFh4Z1b41eILy0mttT8R+II9LUTEgxaFDFlZY0IxGskmQpIywyO9fuN8bNPj1b4SeNdOkZgt3pjwjb1DOG246Nuz6ehGeVx+T3/BPItqOrftENrZlebRvHdnoGlRTDB+y29jGQoQbgPMfIzwCCTnJJrweJ8RUqYXG0acko1KGCdRN254xxV3FX72W+9vkfX8OyjTy+U5Nt08XV5OW1050Ypve+iWt7236H8on7VOl2eiftdfG3SdKj/wBBs/G975SOx3OZ7iSVnbgcFiTuOAQfU8eJ+J5ZvsD29vCRKzyu7KT3U5G7jgZPUdME9q+r/wBuJbaz/bU+Pb/Zo7WSTxQiiNUUx5EY4PI5YD5j3zwCSSPk3xFfRur7YWT96Vk8sYDZQDoRkHqQMcg+9f2XwnU9pw5kUktf7MwSk2rP+DRTe909V6Jprqfh2bx5c1zPnUlfF1ndap3nZe9sm1r+tzkvAulT6nrumaOjtJc6rcw6fEoBZklnlEagn77DLAnI6c9iK/pF8EWNvoHhX4Z6C86tHoNjBbXB64uoY03xs3uwIKknGeRxivwi/ZsGgW3xz+GcGsXMGm2Nz4o022udSul3xWIu7mKE3E6lSMICCCR8rYyepr+iv46WPgDwx4uv9B+HOpT6ro2h6dDNcXTDfFe6pexBpbi1l2jekjOX4yAMgY6L+V+KuKrTzPLMA4uNCNGpUv8AZlUk1CyuldxjdtpJXavuj9H8Nlh6eHxk3eVeo1G6TajCNpe81bTm0Sd7266nj/juO38Y/EzQdJtAL5LHyLi+uYySIId6TNAp5Cqsu0NjGejYJr84v+Cmd7pUkkFtaur3EGsabAIwyqIljswGAJO3I4zyTxkn71fqz4E0TTdN0ufxfKPIlayklneQkzTNF8xJDcruIICgnOMBSeR+UX7ZVlY654R0Hxw+lDVrjUPGGssbG6kKROtsswgkJPULGoGMD2wMZ8zgnEQjxLgVS5pUsPCFKLVuZykrztrZJu99dm1qdfGdONbJsXBtQk9ZNJv3Iyjyy81rbz33dz8bNa0W/nAu47ZhZtKuC7Aq7KDnaB83LdTggk54rt/Dml2P9grb6o7wSG7cMkSMWCN8q5ZgBtOSdzYHByOc1Anje+Vngg0LSbeJGZoA6iUQsrkhV3EqRjjpzzyCATteGvEt5r0kB8SLbR6R/bMFtffZLZVdoyfvBlxhVwdx3ZwDu6/L/Us8TiqUFU9nCN1y29op392PLblWjaWmrbW9r3P50lhqFSTh7fmve65Xy3VrybT8mmkla2r7/d/7Jn7TGmfsm+Nbbxr4S8PyeNPEEnh6fQ00eOZoIZGvSpjlikRWd50IAaNEJHQYzkfpDZ/8FLP20fGurW9v4J/Zg1GC9MMzpqd3YXNzatGSGDgzxxI6orDDZPXOPlr5d/Zq+G/wc8b/ABa+FGk2Mem280VvqWoTXlkVnmi+yQt9kklhyVSQthsPkA4+bANfszb+AfEn27QtKHxW1J9OTSbkvZ2aW8MsMDsVWJzCqSKYwMCRu4DZ6hvkc1xlapXjUnSk58q93nWii0lolo7JK3a2tj6rJ8LRoUJWqRcUvdbSb15X8Lbeuidk2rX3PhjUvjZ/wVE8btJZf8ItoPg+wvdPuTLLc2EdqkUBiYys2HOwFMj8wcEGuQ+GPwq/as8ceBY7rXv2p2+H2hjWb6zTTNIjBjs5oXJuAsytkb3JG4/KOGyOtfpHdfCiOwFubzx94yuVfTru3AGpyBNskbt867SWBUEL0IGR1Oa8s+G37POieK/AN0ltq3iYA+JtWgkSG9eO2liWYggoRw0h++4bIOSB6+epJRclHlT5deVcyd1e99bq+r06dWd3tYtptWSae1otLR6Na3XX0tpv8dzfsnW158QvBml+PP2jfiF8RbHXbDUb26trfV7myeE2gALwlGAERPLFSRg5wQdw5X9sb9j/AOAPw6/Zo+JPizSNJ1XU9bsNLNzp+r6/4gur97e93kCRImmMbuQThGC5zu5Iwf0+m/Zk8L2Gv+C7u8vdeeTS9Mu9PsNmoOTCknysjOigtEfvMhLZ5BbjI+RP+CoHgvR/BH7EvxH/ALKF3JJcT6fayS3Fy8mWnd2JGScdMkDkehFduXe9jKNnNfvIbt2upRv+Fk/dV0zgx9VfVanLypuk1s9rK7VrW6J6K9+ru3/NLofhW5vfhfpymG2n0y/vldG2qJC6qCSjBcoc4xzxzt4bnmPCPwo8UWvi23860xFcxyyqwxtljzlFPPOCuGGcjknrmsf4efEbXotA0jw1Gls1nZv5yxTruKsEQCQEgHJODgj3Ga+h/DsvibV7zS72x1CIXMgeEoy7VjUZJ2AZJHOBtGGHUEnI/dKU6csLRlJ3UYU4xj2doqT1WqTei1dnbY/Eas3TxVa01793bmTaV483LbdrmVk0mk2u9+c+J2jJDp0a6nZW748mCNY0RWimRih5wOgxnOVx8w6ivI7XwfoUzSzGW4WWMJIIhIm0DAYgDAHAOTngD0INaPx8g8V6VPaQajqE9zDPK9wdjFEBYnauMDGGHHAJJXnBGPnawu9TIl8y/u0OWVEMxG4LwBkYOOMBc4BPTkZwpxoylJ8sZSTbTlHTWMXr8Kve1r6XvpuXDF14wTUly3a15lZ26t2erStutHpLW3uNrY6Xp2q6VOiZklvBH+9aMptJ25dRnglSMn0ycE8esy+F9OvnhmVbe281zF5kbxFSCd2QpIB6gc7eFyR3r5F0OO6n1O2gurmZUaV2DPKx24yQynsR0HX3zkiu+1C3vLS2GL27MQcukv2h9oJc5CqWxyOOcZz65Izi4Obc4xUXG9rJdV2TtfVaP1WiTtYvFOMZRrP3oq97vVuOm2m299tLt2Z9GeH/AA29je3lvaz2UpikRlkuDETychV29AScEbuhBJ6Y5Pxbc6naarNb3Fjpk1vFCzSGHaQWydzKcgFsckgkk5Ix0ry3w5qCjUp/N1OeSCOMPK/2hw5KIcdW5AYAkYGQMZ9MDxZqkmo3Rj0/ULgeXAxeRZWPmksQFbJbJAI6jHPPy4NedUpYd13KNON23pZWa7WtZO61fVLXV6+jQzGvRhKMsRKa+0nsrNK21rrTXd9rnrOgT6fPayOLCGENNxuiV88EH5i4B+YHA3DA61UufD51m6C2osI3XeVSRVQht3BHzAgc5GcEAjIwcV4VYza3aW9xG2qz7eJEVHHBAx37HocdBwMEGrCvrHmwzDVLgSFSwfzWQDccnIPbHysTyckgk5Wt8PQoc0XOjF3tePu/3fe1V35NpN/ezGpjsS6kXHESinra7Wt4rRaLTe/W97u9z6ym0C5sdAIv20ghLRSpCRMWfAyCQ3LA/dOPvAHjjPkSaQPOZ4p7QvKJHELpEihsnPO7BBBGCRyODnHHPsms3emmA6nczI9ueGnY/MCOApOQvUZOcZPPU15fqdvfQzKFu5wI43JPnPw4yCCc8glRgqOdx7DNTWo0oVFL2EZK6tZJLTlas3a9tXs97l/XK9WSg6076NSu0m+ZNpJ66pLe2y36fW+ieGhdWcUb3tvBKYuVhSAIwzjh93zfoSc4JC8V9d8LPY6ddPBqML7YmZ0AiIDgnG4jjIAJIOSeMDdgV8+aBfTEW9v9uuzIIsgidwNx68kjIUnd2xweeBXQXV7Na6Lq6TXU8khU/enZgMn72Cx6AE7uByT3rmq1qUHyqndXu+iT91vTZ31Tatey0OiliKsqkYOpLRLSLetlFrm1tffZXv5N39ZsdFutZtNPX7XZRiGCPzAyIdwC4UENgkE9cEdSCeCK2LbwVcXa3Ajv9NjNuCm4LEM4IJYgttHPb0Ax95a+XrLV9YuM2kOq3kQiijMZR2UEFegwfmLY2lcevboyPxXrdrBdrBe3HnDKu0pkLckA5IIPIxx1IAPue6Nah7OnKNOKe8nZJv4UrWb1W6dreRxV/aqq0qskm278zTbvGyjZt6db6Wvsk2fQfivSpdE0+CJr6zu/tgkhMkSqxQsRydpxwf4fQjJyDXM6bNZPZW1pc3sG4YjeOJI/N+UYLAk5wOMHjGQODivPvD95q+pNZreXjMkcjFoyWIIkVirYbIXI/wB4A45OM1g32hahFqEs6SPI0lzIqHzGXyzuAGUXAAw2eNvXrxgxKKfLPkSi7aLdXS678zd7dmth0cRVp+ylKbdrO7bbs0tW7tu70SfVO/c9p1mPT5dLeyjuUuQiSAQlFeZUBAUFiM7R0wcDGQetUtK8N+IDpMWq6Z4M1Z9DSdI7rU0095bNNnVvM6AAZJIJAOcnvWtpXhNriytNpuGuHsyZDGQxDMAAN3uTkkHPTjjJ+2vAvxC8Z2fwvHw21DwRrupaPaWVxAr6ZpEqSTTXyFIXe8WBmuUQEs7A4HbqBXzPE+e1skp4WVChQnKdWMJ+1moctJ25pJ7t63t56t2PZyuhTzWvXVWvOmqULwnFOfNJKLUe8U7u7u/LufEH9qSairG2t7eN4JFhjbOCQDyGUAbSG3blGMHHQGr1lpWo3ckkbPEoIDALEjkkkcA9eQpyOMjGeM13mi/BDx39q/4lnhxrtDctLcjMpktjPLlIbhFjLRSxhlDIwGOmDkg91rPwD+L+j6XquvSeGbm3s9JsJ9TvLqCC4dba1gj3ebIGjClAoy3PvjtW1Pi3I4Rh9Zx2Fo1aqgvZutTi3KSilFarVuSW3RK/bzMXl2P9v+7o1pwpvWUYy1Std6JK3Ld3V9F0sfOHinQL7S4FuVukIluY42XygrREEkZOPl645J5x6ce16FayHRLSLzP34tYt+FUqzkA8uF5ByeMj9K+SW+IWuawJdP1CWCS1SaSWNnTG9o3KpggZwGTn/dx716hpXifxNcWUQsr2CARW6Hy1Ak3CLAAUZBz2x1P1DZ93C43DTq88I2hKKsnvsnfrdbdbWfXU5ZqsqM4Sbg3pZyty3Sul5rS929NN9V7wftlvCIZZLcD5l3bEyp7E8BiOcYz/AEFeJ+ONUazkvrZTuLGCQkcHO7kjj5QRjG3tj5hznlLzxv4pF0Ip7yIuJdp81MEcHI24OR6dDznqc1wuta3rV/NqUtzcQFQsZLkAHKn5VUE8rngg9jwBjJ1xGNjO1OMXH30uaSVnol0WnVfgtrPLBRnRdRzqKXNFqN/esuXqrJadVto73dkew+GdTZbizkefKvcQ/IzFl45AwOrD2/wx9b6j4jsjoUZa7VJFkjUqkYACuig7sDceTjdkDIPB5A+CfBP9qT39tHNcWxEtxb7HOG8tJGGWA6ZXqRjA7gcivvvUvA8UfhhL035lPmWgZIgMruCsNoPAYZ9zjORk4r6bLKcKtCd4xTdOLs7bp3u1p93Nb56HHSqz9pVUZuLlPo3dPm1t0vpdWdrWfSxm6LcQzeINKlF3Gwk8PzKWYcptmdgp6HByAOPevqLwteN/ZNqlvJHNLFayuUIAZVHzZILZbJ4XlsD868t0DwDo9lf+DpbtrhRe6Jdu7scLJ+9chT6gYxgYxke2f0u/ZP8A2PtN/aA8US+HNDvLyx1G30GW6M8rBbcEAkgF2UMzAbVVTzhRXiZ1muCyPLcRmGNcYUKLlzO9mlFx6K6b6RW2tk1c9DBYDF4vFRw9GbdRwUWnPltezWt9G7bfldJ/CPixtcm8P6zcx2iQH7A8q3DApsADANjkbiCWBJPUnsc/HmkQ61c+JtCW3t4ru7uNOuVLs4BISQ5ZmzwMc9c9iCRk/vn+2h+yzo3wB+DOn32ixaxe6/dx6hpWv22pSRyFpoY2xc2sYcmO3wMqQGBzkgkGvwm0LTL+08W+DjFOkD3FhfMSH+ZR5jgBiASeV74H58PhTPsu4kwNLMcunKWHlUUFKSUW2pR2i4vd3V3a1uiRhmuBxOWV/q1eU1UajNtSb91pNt6ee9l+B6CfDniKN0E2nQIxdQkry7gzux4AyxwCQoAzg554AroNV+HPxJtNIGs3fh6e3smkUw3MsJVZhsLIyZYlkYADdz1wfQ+l6NY3UhsVmuobi5W8imgBg83f5WGVTgkEN02kMXYdMHFfXs3iHxv4m8MQ2V74TOoxaY6pDbyaVcWrsjx+TAyokbGUbirD5R2IJPNbZ5nVPKMRBVatKjCS5n7SUVe/Lo3ZK+l01rr0654PL3i6MpU1VlUdlFRu7yvG99brlu7d/ndfmPH4C8fL8QNBuG0ryLjVdAm+zwkYleBXLMyrjsoLHAyBgDBANep2/wAOPiXf6ZJNZ+GfEN1DbTNCZ7DQ9RngRmJUM80cBXyz1LcqANxO0Gv1h/Yz/Zrk/aC8dXt/4o12x8GeJPh9od7/AGZBqmmSzfaHe4AiiS2l8tpQFIyxXaOQd2Tj96YPAXxw+CnwmiTQvGHwgm0V9MYTS614S022e8QDMzPPcIzF441ZRypY8qByT+PcTeNmCyXHfUcJQhjKs5wc5qUlCKkoWvKMJJt8qfxRTbW70f1+B4Lq16MatbE1KNopcrSukuS70abs9eia2WjZ/D3qPhvxdpkZt5rdluRMA8exo5I2U5PmBvnQgA7kZR05AJr5o13wJ4u1fxd4mvbe+UQDT/MvIncqssYXATBxuJIBIAHByACcj+hD4yfC7TPFnjHxlrGmHQLi8v75dQvL/SIxDaPcTSYu/wCzoY1ZDGmWYhdqrgEHgVzXxw/ZH+FvhL4Yya74I12DW9f1jwat9qo+ytLcWd3viM0rXAAEcURZ1O4AEAkZ5Nd+I8WMunQwH1i9Opi500qSk/dnJQVnJrZXW620t31wvCOJ9vXVKU2qcOZyb3jG3vLV8rbWz1t5H889lp3iTRktbdNPsoTlw7liPMDZJLD1YDk5GTjoM02F9Xu9UYNBbROiYba2d2z5gQM8nG7BwOeBmvqv4l+HbG0srHS7KG2vrq2gtGuJ4o2jIQ/LI8hHPPKjdjJZTxha+rvDn/BMr426j4A8D/GYaBosXhHxgFTT7WfVooL+KJ4jIuoahCzb47YqC+W5Ixgdc9uP8ScjybDxr4/MKOGpztGClOKTb5LRjG129deVdVeyZhQ4ezHFV5U6FKdVwldvls7SaTdvVu9trbLU/Pzwl8IfiT8UL6BfCvg+98QmdobL7Vb27GytLyZxBbw3Nyx8iKSYnCRvIHx1XPNe46l+yJ8WvAmpXXhfxb8NDa6/pwRr2JJoJEh89VkiV5EkZQzK6kLuO3PAyef1++LXhPwv+zn+wZ8Ovgv8JfEul3/xE+JHjW48WeO9U0qSB9U0mXTZA0FsmopunjtI2B8pA4DfMduABV74GaR8a/HXgjS/BPiv4UjVrXxFeWetah8UdVjur/Xri2tnQiOB/me7h8mNiU3gEYxxyf5/4r8ds+wtPEZrlVHL6mAWLq4fCwxPMsRiadNRXt4L2lNJTcXyxs9Fe92j9FyngLB4mmqOOliKeIUU58jhyqcuS8JJLrbR3ava+p+Mcv7HXxZ1O7VbX4P3U5lVdjK0IG0gkNjcNysTg43c4JxzXiXxA/Zj+KHw/ktZ9Y+G+t6ALmeQ2t1cxFbK5WE5kEUij5go447duDX9fcp/ZJ8P+ONA0zxP8Sb3TPEMTWNlB4cPh+7022ieJY1meVxI4kXIbc7E/KTnrx88f8FKviP8J/GGtfCbwZ8JNQ0HXLLwreX8mrJpaIhXfbALDeAg7/my2WJBPYdB+bcGfSQ474m4swOTYjh2nQwGKclVxipV6ahGKfvU3NtTjdcraai76dz3808O8hy/AzxFHF4mpXhFSUWoKMZXj7rXKm21bSL1W/n/ACl6xb61pfhqbxteafbLpumzHS1tVk/emdMjKxsQY16EHbkkc8dfnnVfi9bpE4i08+XIQoOSdjsSSF7DkgdNvUdOa+qP2lLzUrHR9Xji042djJ4kvCSqsLeQmU7gqjCBgBg4zkD05H5w6ulxLJJFBERGGBTauVJcktuHPIJByv8AukHrX9x8O1quPwbqzmpczdkk3ZpRuoq1rJaJbLqtT8TzyP1esqcHZq+j9I2btZrmWttrpNHqUPxfW3jSOWxDAyKxKtgsv8O4sfvDvj72AckZx6J8M4NT+JPir/hEvCmnDUPEWr+be21oDgvFaxiac/MQo2IrEqe3HHJr5EnsbrcgeNy6svG1lAOQMZIKlvmPrknvzXuPwi+JOrfCTxtD450SGOfUtPsbrTgku7Yiahbi2kdSAMFFbIIPBBPSvSx/1mnhZ/VIqNZRahzJtX5Vvrqr2slbs2eThFObXtW5Ruk3d7aJ6taWTWj0Wl1tf0LVdUuLW+vLO+s7YXum3c9jcQbgvlTW0jxSqw4GRIjDAOd2eawdR1WRreVltYIyYWAPnDI3cZwTnaM8+3Q5rk5dWutU1HULx7RbuTUb65v7mUSNgTXbtOwJLdAzsRk5GOOKhCXUwuDe2ixQICxKMHYhSFCgAgnkZzknk7hzkcMcRiqdKMquklGMp2SSUkoqVrp6Xva0tuuyPThh4Ob961rdbtO0d3yO3mrvfpZF/wAPeI5LB3YQxb0Zoy0jZQhj/Dn0Izxn1zzivTf+EkvWtwWisdnlqQUYAtkDHAxx3OQO5PIrzXSltIY5pxaNdyJgrHJakrtBJQDnkgEDPI6kY4xrQeLbH7Tm50dvNjQhbZbYhWVF4VmVjgtjHPH3j3xXnVcyqyacL2T05VZLRK1/P/FeyTdjf6tRulLlV7OL0TlZxV92vd32Tej0Z00nxDFjBPDLa7mKNEzwkbFXZxgjliM8ArnocZqC38aJHaWqzbgFRpFDRksVdjyOuAOv5HvVzTPDdp8QrLVdSs9MTRl0u1a4Ys/M7qMcA4DDk8n7ozzwCMObwneywQoxj3LbZUkhWK5+XnGRwQePmweM9a9PLcRUqxk01J26a9YqzTd01pbf87ePmtKgnSTdrNNNK6t7umtmpaJa+vp2WgeI77Wbmytop7hVlu4oAUDA5kcbed/XkAE9eN3qf2/07/gjl+1V4m+Bml/GWy0X7Z4X1PQm8STW63Ie+/slYPNWcQHhvlAk+9nb3IBFfhT4b8M6rpd5pjwyl2e5QrF5p5k3ALk4yu1sBSQMHkYwDX9lX7B//BWLS/Df7LEnwB/aV0/XLIWvh+/8LeEPGWiWdxcWrWr2Mi2ltfAIE3RnbG0ocjbuyADz+a+KvFPE3CeX4THZHThVtVaxNHlU6k48seVQTnHSTupSu5R91pbnrcO5Xl+ZTccTB3iqfK27JJOKeuvvNO60/Kx/NTq37Hvxl07TodZstD1dtOmnkRri3025EMaxOY2aeVIWjGDu3YJUlST614P4o+GPxD8F6h5GpjU3TG8vDbXDoFYFwSWjGMDI3FlHUdRX+lb+zL4e+G+tfsXaLrE2keGtd0Gfw5qt3DfPYWUsrPIrSxvcTPG8vnAkeYGcMCDx0r+az9uDxJonhb4lfCnwxN4O8N/8Ih4gvp7rxZrWmafbfarTQpL9IgLohBiMwsEXkFV6HnNfm2SeP+aY/NcBk2NyuEsTi8NPE8sKzjKkqT96FWMotRkuV6uXKn2se9ieC8AqWIxFKrUgsPVhSd4c0W5tKLtFNuLvdyd0krt30P5V76bXrY3Rur6dIprd0iDSFSxwVIK87W3dQ2G4Iwc5rxHW7rW9MuHgnuZcywiWNxIQuw/Nw3fkZ2j16da/Sn9rv4f+D9O+P/jDw98NLSSTwnc3NjLo7klLaWHVpYyqQOSEVhvI2IWAPpwa8c/b2+CXh34HeP8A4c+F/D320rqfwz8Na/q8VywY2+sX1mk1yqMpKmNnOY84zgfKBkn+j8FxNg8XPL6dOpatiqXtIQSUmkowlNSlzK1nLlSet9D4mplOKw9PEO6jThLld3veVt2+trp7/p8q+Chqmv61pWgtdPJPrF5Z6ZZpu2GS71CdIIAWHCjfIpYnGBn14/Sv4j/sOeO/hJr+oeB9e8RaZN4h0/4fab46upbS+8+ODT763W5NkNjFftKBwCM7t2TkHmvy78LXk0eq2lxBK9lcWt5DPbXKOFkt54D5kUsb5GHjdVdTk4ZVPHFfa83xL+KWs283iHV/GWra9qOpaM2k3mo394891caZbqIo7JpX3N5UaAKi5AwOuAK681ljfrNCVHFclBx9+CTd5Xjyy5tHHlSetlo+Z7WOXC8tOE/awi5JpRne99l23UreSu076Gr8Qv2ZPEfgj4OeEvi5faoG0vxbdSaZa2O/zJkZCQLggEkiTqAfu4IHU4+SNT0bXo7WZLZ9SchmXzY9yqFYgp03bc4JChsrxtYY4+qtT8S+Pdb8J+GdC1HXbqXwnp8jSWek3UpktrWRyQ0iRtgB8tkADPHTgVT8NWjXGtS6WgjuIWZYzI67ljyrNuJOQWBbAOflx3zXTgsc6NOTxOIU3dtT0929lFb3Xre93qlu86sZVnFUqaS0eu104pu9ldXvZ2tZpPY+VvBHgvX9c1zT4rafBt7xZbozTkfIp+ZcthgT0IwpBx0xit34jaXPH8R9J0po0ZjqNvEVU5LBhGmc4O4uQMM3TOBnHPven6CNKtvFOoq6LPY6okaTKqgCNpiTtIxx90d8+4rxrxbcfbfij4cu2IZZLzTmDKxPO8g88/NkDk88Z+nXDGSq4SUqbd+ZNN6tbeu1tb76O3RdFKm/axUtFGmlypXXLpo01pa293s15H0FqWi6x4Z8B6jp7eFbyezv79kt7+AMQGljXejbRnGBxkBugIAwad8M9f8ADOk+KvB2o66rWFnpQ+zXa3MPmqSMZd0YkYB7dup56+n6d8QJ/sGoeCrhYBcjV/OsGu0WUgeUN6tKeiEMF24IAHTdzXNp8CvFGtWE+owS200F/JdTWyxuqmKRS7bQBuOxiSBtOQG7Vx0cwxVGm5VZRVOLTi5dk1eLb1b8tOl+y4MRClOsow5uaTtZRaXxWfvRvq3d6K3do8J+L11oms/EXxPrXh1rVtG1O4lMAgVUJKrncqY/dg5wpGRkkHArz7xpov2TwT4d1qwtHt7a4mmtpLpurzqp3sCxxkBiMnHXk88+m3/gm78Ku66lp7S3Ubz28+GDxKWRgOT0PKnPB6kL/d6T4qafbP8As2+DNQgtlWKHxBeR3LbvuSn7uMYwucfL/CAc43bRM8wVScFeL9q0nypN3bTjZva7b5ra3tqelgqLlCSvJOmrpN3b0ilq7bt2lpfu2z5P8Uq1sfCiB4ZOIXZosB2+dWw23g9uWIJ4Gc8V9maghv8Aw7piwQh5JLCJ3OVVlX7OFyfUdBtyAdp9CW+BLq6nupLFGIf7OyLEp+8oV/kCsD0Y4HIBYnBwOn6gfDL4OfFnxPo+i3lv4NnNrc6dA/mzv5YNuEVkkGSNqyLgg9eRnrz20sTSpyn7WrCipcnK5yjCztFJXb6J6dd+qSHicDisbCnHDUp1mn70UuZq6jbW2iTTTStprqfP2gaM+m6rOvmwFzaOzq2eFcbs8gDd2OCfm6ZwawvGrpdyKd6TSR2uxE2EBQGwQDnjoTuJ6dSRjP25J+z18T/ts0X/AAgsJDRMqulyP3jbdoLNt7Ac8kZJxntzyfsyfFe6vZh/wg9pIFh2ES3CiPaME4Yj0zzg557ErXRDNMHK1KGLoylJ8qs07aQ13s3onfrbZLQ4Y5Jm0akX9UrcuiTVN2v7qb2TsnvGy6623+EvD9kH1fS1kVPK8+CQ4Y4Deaoz6kkdvz6Vb+OElvJ8QZEu40lt4rHT0jkbO8gRDcFGOwBUEEdgPQfbz/sy/FGMfaI/AVjDPBcRJG8dyjADcCWAAAOAMkjJ5yxIyK+OP2jdD1LSPiPe6ZqEMVvqFrp1nHPbou4RMsSAruG3ODnJAYHscc1wYrG4auvZ0MRTrThuou9tktm9n2vqrrRq3r4PL8ZgpTniMPOlGooqPNFpN+7v1TeslZuzV15+Q+Iv7Bbw4j6dbxpMt0F6Dziqj5i3y8g8kemcgcHPBWkwjZgHCcDYdpzgkEKSfTBJwMZJz8vTT1DzY9OMLH7soYKuSRgdSc5zgcckHHIIJDcyqhjk9S4zuJA+8M/NnnOBjnjrziuWhLlkovV/Em27pO2l9OratbS2rTZ0YqLqxT5VGySteXNG9lbRO9r6Ndtu+jqMkkt0335CFRt+eG+Vsj0wDgck5GBnpXtPwinRZrKdgVC65YRMNvADSKCSTjlQx5A9Tt5FeL3dy7vsjYKViUZQED5eSN3faRgnI5IHfm5o+t6npdxbNZXJjKXUNy6LwC0bKQSDgbhjB+br15Ir0qE40arnKMpqScXa1ldxUWk3q7u769PXzPZNwjC9pJ3lpvst7u71u2ndPVH2/wDtSW7P4/tWhkBU+H9PIOcNkQKdoHQEA4OOR/tcGvPvAk9xZeG5rj7P9ojW+kEhOSRwchcZBOMdQeuCOa+pNI+BHjz9oHRdA+IMP9n2ljLpsWkubqXE0stugQzFccKwBIJAHpknnpbT9jT4k6Xpsun6ddaS8azs7PJe7lcNkHgqdhz2PTnvW0s1wEJSpTrxU4csZRTu1JNXTTXW9pK+lntqKOQZnXftqdCcqU7SjKPK01onJRd9NNnpv2PivWfEGoXNjfzWttLFC1lNGzKzErt67Rzu9CcchTnkjHA6Ot2RpMkhaJmnZkVhgyLk/P1JJIJVhjJGc4P3vvRv2Ifi7Oj263OkRK6OHUXxMTIxySDsABI+bA75xk9dOw/YP+I22zWbVNHhks3dl3ThhgAlRv29ucqfTPasHmuXKabxUejtfZ6bWb6XVt1fc0lw3mzglHC1U9G/hSbuk3HbSyv5PW58jXCl4pkmcRlYo3XcORGCcAZOSzEEA/yAGfONTfZfJK5UrhVAPJ55U7snn1xjGcc8kfoVdfsRfEC6BM3iLSELyRpINxdI0jP3zsADHGB1OB652iw/7APiKeRTP4w00fMjMFhwVxjoxAGOhPABHHbjHFZtl81FQrx91O71bt7rW0dXslrsdWC4dzSCip4WenWUlu7WTs2k/wA476Jo/Oy1ut0lwsgXeWBT5RyF4Jz16AHqSAfrjqpL4w20SLIN00YIIJzkA9yMnAbGcYJ9Mmvv9f8AgnndSXDM/jq3PmR5aNIVyGCgjB3YC+4HXIyRgDRl/YGijiha68XsrxYVNludoQ5G7OcHByeM5A5AA54nm+BjZe25tLXipK+3Tlvqn3Wp2/6vZm5W9j8L3c0+zu1e7av6PXZtW/OrRLuP+1NOufMVTa3KvIwBLHkZY+/sPYeoP0TB45j8S2f9iX87XcQuWmKRxsu5YV+VWIHPyrknucnnAx9KJ+wXoNt5TnxlOkiyB3YwZViQpzuVvugnGSM45rft/wBjPS9OnWbT/FNxMo3GQpbAM+QQQGDHgYwQAcdxVQzvCRjye1tzNPmalqmorRWSasle+vXq7Opw7mG8qKV42aUv8KTSXV6331v1PlHXrDQ9E8K6fdaYvl3TXkd2PNU745POAPOTxgDAznB+ldTreu6rc+H9HafUIrtptQt2hZ9x8klEBXBJC4AIJwT1yD0r6CuP2WxdwnT5dZ1CWLzFeNTas4ABBVVOT0IPHIbjAxxV2D9lu7SIRjUtQnWCdJYEltiER0AALAsO6nsBx3PV/wBtZfGUnKqraJWi1y3cW9lZJ9G07aa98v8AVvNJRUYwsmkrKfV8ib01ldp2uvNPQ/O/4mHUovGP7uYvM1pbsfLy2V3gnJwck8nBJ9AMcDu/CMty+vae1w0ir9kwXkTaSNvPu2T0HuMivuG5/ZL+36pHrF1cvdXqxpGq7vs4VT1XyiCrLjgkEjueFq437Mps7qGWJJEltyAN10pAUn5mCgHg56Afd4wRyYhnuWwU+bEc17pLlk9Pdtd7216NdDSPCmbv2UvYe7FwbbkpXacezvqle70vd6n6rf8ABAS2tJPjh8W5o4SJYfCkIkk2naqG8bkEHAGdxB4GSp6dP6fNYgKXMqrhec8jJOCGGT05GPbJ56EV/G7+yb4y+JP7IHxI07xF4D8Q2VqnjLxH4b8OeJLG9t/tS3ujX+qQxXEETHHlOBI+1gQdw9ARX9mGqypOunXgUqL3S9PvtuMlDdW6zheo4G9sE+uOh5/n7jh+0zapi1KLpYi3I4/F7sYJ810ra67PdW2TP3bhOi6WV0MLOMoVqEXGUXy2blK6aet7prRpd9jkfs3zgkbh1OTwARjI4xx2BJ7428muztoQdKAZuBnaF5DYYHByOvTOewPP8Nc6rqSWYZOT6DqMHkHJ469gORkjNdRbsg05SAeEPXJwC2eMcE56gYwegHb4ym17ys01u7x7Quu217PRt6vW6Pp61LSC1bcrRdrO1072dtk20rdd73SxDEmSD13HJXAPABPJwSCACD1wMYIzSmNQNoXJYY6DK7QSMnBz2B4GQRip5Z4y+3cDwAeMHLDqc8ZzjoNp/PET3MYXAJBOPvDJIXGcHOQPQ8HjvjNWpb2uuj2lomm7Xta2/r0SsZ+wV1q7PfT0/wCHeq3WqFzgLkNtAPLDGeCeCc5wOQAfbHHDd5GTjGRj+FsZxkYG7nsF5x+tQfbEDAZwOSR16+vPykkg47fnmrPfQruUHGTnIxuwRnI3D7x5Jxxn1zkXT5nJJ6K63drpW6NN/o2+nU+rqVve1+7tpe1rbbeltkXvN5J5GAAp4yoH3lwSQTkcn8flCkVA86jG5vUoR1LE9TxgY2kfxHPbIOcC41FULEncDkhSQTjGRkAZB2jq2Qew/vZc+pq235SAucsWbA3cgYI6EDnOOBjaD029lKe2t7O3Rbaa282rq76p9R0FHlcmkr2S/u6batvV6JL1bTR2IvIVOC68DC4+ZsAHJOSMggHgDcMcjnh630bbTu6DIAGVBzgsVyCQMDBwCOenNefvqbKQFB5PJJzjBJHsTknBJwewweWDUjvKsT2PXkdTxznJP4j6gVtDDTertH0euyt/l09dLEuFJP3bt93o0tNL/jsnr1vZeifbcMAJEIJ47hgBwM9yTj0AXOeop32wkFicA/KOT94cDPGDuAOMjB4POK4L+0sKqkluwH1ORxyf1HT35c2pH7uQuSBn7xAAJIBPAzuBBHXnPrVfVnp7qv216WtdJb+q0tqYuEH17tK2rSS1tez7btNrsjvBescg4wcZ56Ad+hPfn175qWO6BIYsDx6gZI4JIBBGMe2OpweD542pMvUgqc4654b6gZbgD1x17VEdYfBUsQccYOCB1AJx26DPYA+mKeCqS2S1W+nZaWa0s2m7281e1h04PZ2el7O2is+uqtbVXWl97I9ON8gOVK5GWbD4K8j/AMeOemTzkc8U3+0o1GN3UhQucg989OOBzwME8ZBrzA6sSeCc9SScYz2z3xyO+7Jx1pf7TbqGJOSeSOeDxwB6gDp0AHU5I5fN9Ffbp2jvp1v0XR6dzlV07t7W2v0tu7pp+d9OyR6d/aSjJyQS2COvT5Rgjrx8wGe4yMc03+0FyAGAyCQTwORk8DPXBwOcfLntXmg1OQ7T39NwGTkEHjoB79xxVkakfmycNtyDuOMryRkYBz06Z/EVX9n1NG9b32S00V162Tdt2vRivbrJ/PR6p9ZNrVvq3p6HoQv0bH7zjB3EkDBB5A7dOzEZ6cZBqP7cvTIxzgjPJJ64HQfU8jHA4NefHUjk4JIAGD9OTjP8K8jB69fannUiDk9yOQckdiRwcDB56YHbJJo+pSsrWvbdu3Na278kvPyt0ammlzK/ZSt381o9PPz8u9+2R/3hgqw5zyeTyOcZxgnJBUD6ULeqxJDdsYAI3HoD24znuMnHHPHn39pgA56dchhnGSOhJPJzjAwAOTUp1WMMfmYkAccg9Rg9OvOPocUvqU773WmluvTrrvoOc4OzScbNbWv9ladtE721adup34vAqlc8jDHoAPvdemcggeqnoOTUa3se4L5mFzwM7mYdTyBkNnnJ/kTjhjqqqNxJ3fMSW5GPTkjqMg8jBzk9ai/tdFy46ds4+mBnPvnvnPXOaqOCm2rdbJe7qvh11W7t+N7bMz5479Puba5b2Xm31Vmr3PRPtUYAOVG0nPPygHORxzn8cdsYqGW9h5y2QVHPABwcjsPQdPTPLGvPH1jAwDgdBzyM4OT69Px79c1Sl1Xe5AB2gAnLYPyjJzjnrn7owMDcMZq45dNu8pKyas++qer66620f3Ij2kN7J232vHVdO92+u7to3c9HfVIVBJbafQ8qeuPYdfc+2MVTl1mAA5YEkZxng8qMnj17nJGBj28/k1IyHAIHy7tuS3b5cHqNoIGOOevXmi9+W+Ukg45OepGcE8EADoTnjGPQ11wy+K3d+rv3dr69l5aavqT7Tsnq76J6bdNXrp63+Z6DLq8a7lDA7SPYY56k844ySQPQjINZ8mtAqTnOSS2BgYGcEnv9ep7YrhHv+OjHAOcFhk+6npjHI6dxzkVXkvS24bj8wBzwCcYB7ZIyMZ6DPQDOLWEiuV2SatZtJvpp30SvfTr2sZupJtq/33S8769PRXfbc6ybVmzjIBXkYAJGeARg8E88Zx39aoNqJJXnoBnPbJzgEE9MH+XrXOyXII+8cZDAd8nrh8ZIxjA6jBzweGC4Kk7j0+6T82CwJGQec564zgHPOADrGklorbbOy7dLJdVbp26EOcpW1Xu9Hqm9N9V6rVW6aaHQnUQSQRjaeuGPUcbewOeR97bt9c4hOoDJ528bXIznkcAgHODk9ARyeOgGE0mVALnbyDwTk9ev8IGDkc/gBwx5eQT3U8dTnnnjoRj8cDvxVqlDTystVZ308tb7/dotSbt6Oz2t0aa5bPm33TesnbS+m+5/aAII42gkgjcWDDJHXGP++iSc4A4wxtQ2biueFzyOctwDzgHIIAyRjgkE81hmQDg5w5+9jv7++BjGc/0Qyhg7N1Vs++D0xzyzceoPTJzmtFTipK2um3mvL0389NVYzaSXV36d23Hrbv1ffoaragwDZIUA449CRxjJySSc4I5xmo3vZHwyngfKeMHvwcntkZGPm56CsraCpYr6KAOMAHAwc8+ueox0OMU3afmx0ySQx5OR94jnp3xx9RgHSMFv/wCBNK7t3el7v5pve1jJ2WmiStZX1TTSfW7Sdl1W5oNeMSoJUnDHHOcYHI4xuGeCOc9Mk1G104O4kgAD5mGSSSO3sOncc5HaqwiG0kA9V/ugqTwSuSCCOecfnxSqmDlj8hzgk54xgAA5IOSe3JIK9hR7jslZ3uve0033taz+zpK9vJlckpN9FG+kVq9E2nfXvquiWumsxuZOTuDAkfL1wpGQT9enTqR1xTRdsS3ucHbz0wfmz6YG3Oevu2WBBjOTwQRkdwTnB7jGDn1z2FKbfcCcYPGB90EHBwT9CWHqc9O4lDrp5278traf10e1k4yjpyt3tpve9uj33Wmz0S0JlvZfU4PIycnjocnuMDtkkDkY5kGoSAYZiN/O77xJ5xk8EdAeo2kcYwMwLC+0ZPUgZAHOOCOntxk8+w6r9nbdkrsA5QAc4xkjHYknkZ9CSATiGqd1s9tFbfT169Gv1snSe9r3tqrWezvuvnbXUmOoSEgsWyOAScdOAOOvGcDB9DgVG1+x6E5zgkDB+8TtP3uBkgEYz2C80ptQqk9Qx5OMYIxwepGecjng+uTTTa7eSTlwBtPIOMjOM8H1JXAHXHSqiou1tNnsnrZWVn2X5210bhwqJKy934Vukr8r00Vlqr/LdNtuF84znuScnrgdMcfgcdAe2aDfORnJbjLEnOB16c8k444JBJzuFIbQAeg25OQDkjBJ9jg9ecjv1py2o+Y4II5zk5wDwCACM/UHoO4yLi4x1autFa/nFX626PR9Gg9nNpXTaTvd3a6W0a11tqr2u+4pv5gMDlRtwAOmOhbnkjk4HU49KeNQdmIBIGflAHOMHPHAXAGD6EHGAGpqWgPzH5gcsWyQc54H97q3XOSeehzUv2DOCvUAcc5PUgbiMFeRt4wDyR2DTh1eto3ve+tt76b6W07PZsEpppONnZLrbpZ3abXbVtNu+uoi30gzyPmyAM5Ix0+mO+ON2fU5nS9cAqXy2cHuBjggk4BH54HODio1tCpwwYZK4IA6A8gnBA2k4AGC31HMhtNoKiM55A7/AJkjJ6dM5wc885pcrulbp2tvFb/dotOrvZJ6qnN20drau9tuXfy2vrdX87qwt7KdpwSAAdu75gBj8wCeue+QOTV1L1ySRjsoGCeOMY5By2fw4z7Z4gwcAEEY2kA8AZBB+UA4Pbgcd8g1YWA4XBBIBUDGA4zxkgHgHknHOMnpxMraXsvntaz2atZruraPRvR1yXv7rd+VWT1+z6efMutrq12aC3RIClgd2AOQQepGSeBj1I5PJ5NWY5iWDdTu4ycg7ccjGMD1z+QrN8nGOQCCDwAMk44PvxwR6Ek9c2beLe6hh8u/k7seg9PUAc4GT17hWi3q1trZq92o92vXd37pu5jySeiTbTjbpa0k2l18mktmlsjyP9rhwP2TvjixGd/hG4VQCQASCBgk8EDjBIx14Ga/i9/aLNwbLwZBAiFmsZY2LsGAWSCNiOhxgHIA5JAJI5x/aN+2JEY/2Q/jY6q6lvC1xGu0cMzEDAyQexOOuRhjnk/xf/tLbdG0vwjOIVkZ7CTHmMdyM1rHnGOAVxwT14AI6H6nhKKliJx3cqrae9koa2Vne9/Pv5P5TiuT9nGOseWkru12k5R6a+vdP7l6B/wTWtri3/bA+FUM4spP7Nuby8aMqrERwwq+5DgDIHO7IIx2wM/2heIr8R+AfEc6XNrbQS6L4gmh3SKoIks5myzswGM/Lx97pjOCP4JP2W/i7N8KPi5p/wASZ5oTF4b0bUTcxlQJPKvFSBWjyRl0yWHPvk8mv7HtInuvi7+zj4cs7LVLu3vPGvhnyRqQ3Zt7bXLEObnaG6wrLhRvBLLgFf4f51+kjhqlHiXIcwqQ5ML7GGHdTX3ZKq6s1Za6QlzaavSyV2l+u+B8KWL4fzXCxqReIoYp4hUnpJU50oxhdva84tX6NO55P+wd4+8H+Cf2UrHXPGHinw3o2mx+OPGsl3Nc3kIeNW1jUAZPL3M+AMN05GOcAV+Cf7c3xs+HfxS0uPwH4Q8Sz6jcad481/xBJdwqW0+4tLi5mjheBuFYOMcDI5yBuya/ZP4c/sKeA/h/+y7rr6/rF94kvdE03xzqqPcSXENhNcKLxlMtkZGRmDnzM5wSOR1Nfy0eL4rbQLIX80ZlGoXuq2sDp8qrGl9K0caqACiquF4PGOu4Zrr8JMlynNuJM4zjB4rFV54fHxrUG6aoUW6ntHCVmnOaSbs5crbafa8+ImYYzLOH8Jl1SFKKxWHdHFJz55RcFS91TSjZ3dr2vq9erx7XwJpuo6H9uuYb2bU3vyllHbqNkltGSzyMuWxkA9enPXANeU+I9Nt01SaOCNIUtLq2G2VNrltyArnO7AGMDP17Cvcfhh4liPifT7G5hlTTGR0RShkKyyxBFjiGRtMp2jJxgfMDxiofih8IvE3h/VdB1nUNNFjo/jPW4o7KS5nVZhA9yIw2zkq+D8oJJx25yf6HxGZPA4jFYTGVkva0J1MPzStzKMHzxjdJtpK7te6s0tLr8NjgIYrB4bF4Sjd0q1OniXFNuMnKnyyaTulJtJNLtruf3L/ArUdPu/2dvghbpBCl9b/DDw+POEcSN5Y0SJGfex3Dg5HUEgjAAAHuPgW5t18B6dbmbYVubvYhdMkGZucKOM8Y4AB7nadvhnwd+D2iaX8H/hHI+qa1qMlj8OPD0aQi9KQkyaNFJ5bKGxtBJVeCAMj5tteofDXSEv8Awap3JbSpqeo26MGM00arcNGuATyVTcTjPTPfj/LnNMW6me5vXjVcpPMa7VldW9s3e6d1JRS29PX+3MJSw39iYJJyfs4YRyjKOkZeyStFu70fZbpaXP4sP2lfD17qX7Sv7QMdpaSSW7+LtclmnS3lkBdbyVlTITZ85wAW5557A/Md18KfFvjC7e8sbGG2tIrJLcrfSRWwM0fy5Cs+4E5zjAIwAcZNfZ37ZOt+MfAP7Snxq8KaXrsyaVF4judQuJYbVFnm8+4L+W85UswUE7QDyR9Nv5r+JvE+qJrl3cjV9ZmWa5SYKLqVFzKQxOxSFJDHn7oOc4r/AEk4LrZjiOGsmnRqUoU55ZgnGc+acmnQpdE4Le8t3rfdM/kLiyOW0M8zPnhVqyeNrKUU1FRvUu7tpu2t7Ja3S00PSZfg9HoyS/2rr+mJNbQuPsVnKLmVZwCZI2ZSOd2cYByMcED5uSstO8N6Zr2hmFrhpFvIAZJYvkaTzAWLA9RxtA5JO3rwa+zf2KP2evFv7Vl18QfDvhvUNI07XfDumjVft+vMcuHQBIoQQzAszAM5XrnqFGfPf2hv2Qvjn+zHqHhzV/ifpdlc6Vq+qyQ6Pq+k3HnWMsqTf6mVnVSkjqNyrg4GeuQK2wfGeSriOfC+Lzqj/b0PZz+oTkqdSpGcVUj7OOnPeEZSspNrdq6sZYzhzMXkdHPcJlc/7MnGXNiYrnUHCUIydR35oK6td2T0etrvb8Q3WlXMcwe6IZPKYpFCN6qFDNtbOR1bdzyfQHNWfhN8T7D4Za3d+JtOFxeXd1Yahosi3KmSFItQheLeE3LudS2T1AycHrjir6dTZ3VzPG6TSW0ZAUgIA6DAz2Pr6ZxwBXmcc4a5SFYWKiW3YgvwX3DAPB6jr+dfcZzl2GzbLMTgMbTVbDYmly1KUr8slFxlqulpJNWtdLc+TyjH4rLcfhsXhqjpV6VReymlLmineGl762bvor3a6a/1L/8ABIP4n+HdJ/Z9v9FmsfEGu6vB441y9uItD0k3CQi7u/NjR3LAB8NkqTxxyRX6YftT/G+Twt+zp8YNbfwB4oa1svBN5v8A7ShjsR++jCRO3zsdqSMuQASMDgDIX8w/+CIzyH4UeN3VEhQ+NrgFFKAsy7CADt3ALgHg7SRg4br+hn/BR+R/+GOfjnM8pjlfwfLGihzggOvOMg7iDgEcZHGT1/zF4ooZevF/GZbTwnNKpxBhqVTmqS5ZKVWhG1oqHLo/d1vpr2P7OwlNS4Uy7EVLzm8qdZTc2uRxp811BJJvS7u2r2undH8DXiC68T+NfF2v6yLa0DXVxdBU80jyUkkkkjjYg4Yop2sygEsBzgYHjz6bdf2iLeSONpIbuMOEY7uJsuB8p7AHpn/ZOa9r8HRSt4lkkkk8u2i3mZpDhNwRiA65w27nqTxwM8GuO8NxpeePNQLMrxfa58BVG1sPwV+9nOePTgdq/wBTMmpcuBwtKyjGOHpwtfaMYxSvu9lbfbS+l3/DWbzU8bi6kZOXPiajfMk7uVTVu7bXdWa1irXWr+w7PUvtPhwS7Vga20UxYTG5l8qNfnJGSR1GRxzjHFfAPx3/ALG/4SGNdZmk2/2TbmJYWxuZiSC3qM9mzjrgZJr72u4Z7PQpw8IRJNMl2MxGW3bMcDjHXHoOM4r81f2lpQ/jaOzYbGh0m1DFScZKZ6cDnd0GR1zxwPnuRPMKqu43qTs97J29bXVtvRK9j6bmf9k0JStK8YrVve0E9N09L97bJ3PPYvFnhjR9DmsLGOeSeaTBaQFWBIXaQ+MlQOwGGOV6Yryj+3L21eaSwyrNIxaVmyQWbPBwcEZ53ZwQc8cC1ZWyXF1Es5LRhuSFwMAZJx0yc5xgDkgdKa9igecROdnmHbhTgAM2T8ucZBGScEZ54ANevFRSabXwu7aWrSSv9yV3byXQ8ao2+XTay0Tu0kvw0Ttf89My3vLzVdSs4r+e4uEmvII2EkjbFzIobC8jG05BYkAdgDX2PD4FSw123/su3eSNtENwkEPL5WDc+4g/dGdx7c+u018g6fZzx6ha+QjXUguYpRHEhdiUcEgYOenckdeMc196+Hddh0+/0/WNYurXRrddHa0aK4dZLySN49pEcAyxZ8BeAvByQFLCuPFVo0ac5JptxWmrsrxV0+m1revKu2uEwksXVhFqXLpsut4rVJ20VnrZWXbU8c0/T7m5vgq2czu7ybolVvMVlYjABHQkck8c4wTwLi/DvxPq+qoLPTJmEiu7eYGUIMnhyVGCAMd+hBPzcfUfgUXmuT/YPhx8LfEPiy8meSQ6/eWj2WnxFgW3GWYbdikhiy54P8RPH0R4K/Zj+LfjVWvvF3irR/AukLO6PZ6JCs2oMrElkaVWUqSxKFscHPIxmvDxfFmDwdLkq1acJRV3HnTqXVrJQjztX2u0lta2l/o8BwLmeYV1GjQqShOSXPyOEFa32pNJpXT3tbzPlbwH8NLvQ5rfVtdv9N09QrIkMk8bSbSNrbUAJz14GTnAK8A17P4f8FaFrV4YdG0bxL4x1GQsQNNs5ooCWI/di4ZArJyQCOMLgdOfunwd+zR8HfBkVrdahZ6j4tvbX55LvxFdl7aSYEAlI5njAjLYbDZABOMnkdX4o/aL+EfwjtxFeeIvBvhOG2RlGm6Y1pLflUywRUhDPvPIwSPm6k4BHxmM44zDGSlTyrCYis7WUlFwV20tEuaetr/Zt1a3P0XL/DTJ8uUaud4/D00rOUJzStZLRq/vdPP9fnXwT+y98RtW8RaUJdB8O/D2x1SMLHea7Cmp6pFGmW81LZioV8EgZJO76GvvTR/2KfCcNqs3xC8Z+KvHbiNGj062mk0nRwBgbVsrcbfLABwBIOMegFfmN4+/4Kj+FNG1qxv/AIfeHdT8WX+nNMqX2sSNZ6eDJuCMivvEyAsCMYBAGBwMfPnjz/gqV+0n47ikt7fxJpng6yZfLW38PWSR3axkHhrsdGHA3DHRgPQ/N4vI+O89cZSxEcBSlrJykozSbTd3eVTZPqnvrpc+qwWf+HXD0XToUJY+pBuyo01ycySvq+WDTenXW+j6f0R2HhT4MfCDQZpbbw54H8L20EKs19ey2X2s+VjBle5ZpWk2jc3yg5z1zWHef8FNP2Z/hRYT2Mni6fxLqqWMluln4RgE8AmCny4naFY1VVIAY5bB9OlfyeeKPjP448bSPN4n8VeIdfmmYs0moalcGMk5DfIjhfmJwAFwM4yc5PO6beXc+UhVgAwLGOMscscBfMIzuZiQDkEmuX/iE1GulUzrMsTjJL3pxjKUYtqzu5ScpWV3qkuqT00mr4zVKMnRyTKcNhIyajGc0pSsuVK0UoxTXRa9vX+j7xP/AMFqfEvkMnw7+GtlaTBZUi1fxNeG6LRDIikNkyhQxByVztyAeC3PxH8SP+Cmn7VvxAF2t38Sv+EYsLgOhsfCVmNMGyQ8xiVdxJIOM5U9CDzgdf8As6f8EdP22/j34e0Txba+G9G8E+EvEOn2up6VrXivUfsst5pdyA8VzbQESB0kjIKDKhs7uvJ/Wb4R/wDBuVor/Ybn4z/HG5v3OyS50Xwzp/kKQQGkjivQ2SAcor49GAzwfk8bnvhNwfUqUcRisuqYnDt81OPLisS5QaTTVppNNat2s76HZ9e8QuI6arzxOJw2HqxjKLUvq1JxlZr3YJNp3WqTvu91b+V74kfE3xV4su2v/EfiHWdduCWkMms6rc3MkrsTlxEZQgy3JAToORgYHib6pcOZXjlSAE9FYZXOecjLZPA6j3xtJr+3H9sP/gj9+xp8Af2NPjX4q8H+EdUvvHPhzw19s0vxRr9+95dW94sqDzYAcBc5bIPJGQSMAj+ROy+EmgxLDPcTNcTSRLIyLkKS2QzbeQOmcc5A6HNfpvh3xfkXGeXVsZktKVPDYWs8PapTjTcnGMWpKMbpRabVn+dj8r4yyrMsnrUfr2L9vPERc3P2k5tawTu5O7s3e1ktF5nzITfSTIUDyszMNzl33d+MZwRwcDJBHYE41V8Ia3qKTlLK4lURNIxCMqBQCzHOMtwTk5/DIr7DsfDvhjSoYgNKhZ1AZZJUV2BHQ4ZQRjk9Ac/NnG01s3mqaXFaToltFkWs4UxxhCpZeNwAIGDjr7lTzX6TBRTSjHRaK7tq2tbW87Xu3rbufn06qfNeUpSdrX01917K9r2trpbq7u/yz4P+FWo6pbWrkJGsofcJCN6qpC4ySdrFlYDAOMjOa9y0X4S6PZxQfa7aKSUOAyO+doUjrn1weBjPJzzk6fhzU3TRoIootihJyJHGernGX4OAcAcH144x0mk3zymVZ5VlKkKWB3MAScYVdzkAkDd6kKcjArSq5xj7slGLTts9Fa1tWm+vS+updGp8MeWUrXskvsq2l7tu6u7p9PkpF8J6LYgJb2kBZMtHGIUYggE534JOSepJAznnNc/4iRUtVjNpFGiXdn5m1Mjb5y8lUUEjPJ2rjknJJIPqmm6Dq2ryL/Y+j6lqJdvLL29vKw5GAS20EHOAeCPxIrp9R/Z6+KWuaT9qj0qLRrdLmCZ5dWnS2Yxo+4llcqxAAJABJB6c8V56qRg/3te8n0unvyu+2ltfTe9ztjhsTWn+6w8oq6bny6K3K7vtrove27tq3F6prVlaXXk2iCQmztWZ9m77sK5TAGAcjbjIxtPtjCfVNSuw0iL5UZ3BHZgijAwCYyTgduoz26YPsP8AwrnwJ4dL3fxC+MPhjSS6pHNZ2FxHdXKmNFV4wqEtv4OMjgjp2HP6l8T/ANkTwa/l2t74m8fXSEHy4g0NnK6nJ7gFW+XJ7cEk1m40pSjyUq1dyerjBtbqV22krPrrpe9+/X/Zskmq+Lw1BNNNSneSs1JpK9+r3Sto7Jps8llvb6SdbaW+X92QAtsrSuxPVSIwT844BPfHfivpD4OfDrxN4+Guy6Ho9/qlzZ6GXuUmt5ICigkRrE86IG3FcHnjOSccV4pefti+G9KlmHw3+CGgWsmStvf6rCLy4UkDbIQ6lVOQCcA9iCOlc/D+0r+0d4u1Se00vXR4Rt7+wnWSDQoE05BBEpYx5ijUsSMKe53En5ulVcLi6kWqVFUY30lUlry+621GLet+7s72vZGdKlldKslXxksRe1401drbS7e732t57p/aOh/Bbxxp0NxJrFt4d8PWYljkeTWdVt4JUQKATguS4BwP7wzwMHiPxFovwZ0Qp/wmvxs8P2h4eax0Zo76UbcMUjZG5YDjdggE9yOfz+m0H4leLmibxH4z13UftBdjBJqFyzKEY72kUuu0YznPGD1OTXqfh/8AZ40iZLW/uke+luYzsmvpNyll64SRssN2RluSSCq5BrkWBqQa9tioRenuwjFN3ad4t+nRPtbc9BY/AQ0w2AnW5LLmqyulqr3UFZX66aK9+x7Y/wAcv2VPCMcsWjWfjLx7eRltjJHLDazMhyuSisVBbGA2MjkZDE1Svf209dGr6Jp3w5+BmmaU2oQva2Woa9GLuRlYBQ6iVARtyCc89snrWt4S+FOh6XAIfsGn7xu3sLaPPyZGdwBwB2yWAJx6ZwPHNpa6V488Bx24jAhtrtlVYwqAlW2jG3qOGJIzjuRgAWDwdSTbVWq1Fu05vlaXLZWTjHVvZ9L9NQnnOLw9JujRoYaEpR0hTV9HF2u03qktb9XdXRh+IPjT+2X4jvRpcvieHwhpkiP5cWgwpZL5AbYRH5YOSuSOMAEjkgYNaH4HePPHel3Gv+NPiT4x1mKKZY5IGvrpU3gM7MzCUBVHIGR/ECR2Hvj3Wm2uuaKupzwQwGxTzp2USSIl243vH05TJYDPt0yB61e6lo2n+CdUsdGl+12styVtrvODKpUjeWI+Yv1YbuMYPJ58TH1oYadOFDBwg5tRdRU43i01rdptNbWbWv3nrZVjsRi1KpWxE5KGrpc7V/hv8Nu3bRu73Pnv4N/BL4Q2HjXwt/aehy6+0fiHRY7ldYle7ilSS9gEisJCcq5Yq49CQDuNf3j/AAV8O+GPC2m+HrTwr4e0Xw9p0Oh6Q1na6Zp9rbrDGbaIIqMkQkA65OScHOM/d/hh8M3NxpfifRL61hIji1rRGdzkAqL6HJPfJ6nuM46A1/ct8J9WiuNE8K3CMv77wh4WnymML5tlCx24GCecggAE8elfxL9KSeNw2L4XxNLGVYUnWq06tJTmoyu6bUrRdns46q6Vl6/vnAE4YrKsxw/sY3UbuSV21aNuZ2fNbs+t+55X+zXcSzfEf9pIGRyg+IsO3c27LFH3A53A7m656g8HvX2Dc3Xkl9h+cbSemCMZK9uDxjOM54O4Cvir9mKTPj/9oyRThZfiNHgZAJ2rJkDPBwSfQg88nOfr+/l3swU5zgnIIKgbQOnbru6kjIzjg/ybxTiqn9q1nJuTdPD7SdrKlTadtdUlrtrdO6Pt8RhoqvTi4JfuqNrRVrKlSTtr28tLO70TI575+sjk4GcMSMHJ5BBGOuOeTwScDIzpbveHDnAxuAA545XOTxwD/TAzUMxL5XJPI6HHQDt6gHDDJGeRu7UpFYgqD95RjjHH93H5jJx9V5x8i5OUk25Nuzd3JrS2y66RatrZ6nUqNNJJJptK8tNvdbdvl+dne5518cJC3wG+Mp7/APCvdfbnHezkxwenHQdMdM5r/NQ8QoP+Er1SQYJN7qOdxIz/AKdcYC8gk5Pr1/Kv9LL40jPwB+M7yZGfh94gAUjlQljJtyD6g8gew5zz/mt61BHL4p1BmBb/AEzURlQvAF9OODkdcDsOPUkmv9E/oUpvD55Pq62HSsldJRmr3016bpfefgvjP72VwSvb6zdd9IUkrL1emiVu+pWsreWUCEop3MHCAbmKntn1GckdskcDmn/8I3cSTtIhWOONz5hf5tucYHPVQeG6AH5s44rbsSXljWNWjCLs3DG44yAQeME8gc88FunM+riSGwvGjcbhgBl4J6Ddx1J6Y689uTX+hlJfvIpPV8q9bcrTeq16eSe7TVv5W0jQbkk7R73vaMJLrbTbXRX0vqeO6lZLHeTFpkkaPOAuSjhjtG057DJxyCR36nkvF2nRpoiSxYJM4Jz8zgHnjjjPB68EckAV1F6heV8b9mzLFg25Cc+5Iz6AdCTwBip9V06K58PXMrhm2JGyMVwoGOCMHcWJyMZB4bIB5Pr8q0Xkrvs1bbz6WTbt1vY+Yp1v3k3dqN2/NX5bq1rrTS7stUux81XMHO4HhAAQVwOR15Pc88cZ74xjjtFjU67dBsA+a3UDB77Tjnu3BB4PBBzn028swkytsYqBjPUMTkj+9xjke+cc8jgtCtFk1+/JRtqTyEA4PPGDkrnJYcDOBng4wBEoxU4eerdtnZ6/nql1s9T3MvquVGq72tFXs9U42ttrZLbt5O9/Q5UQNHsJLmPGCg8sjnJA/wA4J54OagW1WVWwny7gCy/ePJPBOQAPTPTgZUVum0WYQsSRlVO/bglVz8rA85BzwD/9a5Dpflo0m1ypO7gn5y3y8Ebhw2GwRk5AHIxUcqcmtdbPZ3vpt63d7JW000OepioQk+qvpJcq7W33fql6PU5+GwDMuCfkOwqSQeSOO+4EE9fT6Curh0iOC2M0gYbhiHGWyCeR7kngYHIHABwTo6bpsbSKpiJR8HJGHyB8vOCOdzZztbnrjOemvbOOO1CCLBcAKe42sOq8jA7HJyQRgVapJq9nezvu9fdula1utvx2ucNTHJ6RT0e90227arRqyve1r9nrY84kszHb7Cwz5pPHTAORhh046jIJGR1HKpZZ+VEPJGHbAIYgE5P1OTzyMHHaunhsVltrjdGQwnRQe6jqRnGMA5GV7cjqK0be0RPk8sMMOSCMsTg9Nvc8E+vXvT5IxSSt6WWlraWfp1Vt7eUfXFdJuS6WfVaO6vey6+jeh51JatFJlkC7my2fmyAOxA4IIycDgcDg1HFbs8srFjgY3uqkZCnkKMhcjJBydvIBGDiu7XT4pi7tGzCME9RhTnI2+uD16DPPNV7G1VZ7lBEATIwbccKNqk8HgjjnsOAeR1znDmdlypNdPK3l597v56b08QuaLUm9Ytu6birxXmterdt211Z4dqCMviOMoG2vLGTkc8OoIwATuIJbB755OQ1fQdu/2eBdsZCCJGBZMkHb15zg8E5Bz/IeQnT5JvFdtDG28vdSKgIyTiTC4C5BAPPHAO0beTX1BBobwQwWt1b+a8sETcRsreXtBGMjnH8XTjIxgYrxq1WFKo4zdru9rrSyXZtWtLVWW59Xyuph6UlzWUE7tNptpNWad9bq3Sy1utDz4XcxeN8NhgxVSpIz1BwRwPbPP16XopLyRUUQhQxIDHhsE45HXDKvpgc9Riu9tvDAFzH8gKZ+VQB8gYcbuDjbnH3T2Jwea3IvDRaVd6ArGTuKEc5HQ546HqMDng7cqearjacISb0e1ultNmr6O7s9LX73IhSdr8usrNt7bRv6dk3b/PzQx3scVzhcBISQ6x7txLKMAdB65x1HQ5qhJpepJtnVCwkjWXewbrjONoPHBxkKAByCPu17nc6KUs7xRFvMcCbNq4wu4FixBPAXPqOODgjOxa6FFe20cojJCxRB1SPCggc/ITzxgegPHGK8XG5rClBSeu7fz5VfR3SWiSS22t066GHbcle8k76q9tkuy3aXkrfP58ttE1SUCQRyNvxhVztTPU8gsQTn5ScjjIBFa0XhrVpY0H2dztGQSTgDIJyOMg8cEknrz0H0tYeE5ZyjR2KBYVJDAKgZSF6pnkDp/s9R1rv7HwMk1uhkNra7kOQWjyMjB5JBYEDBywJJ+Y4JNfN1+KsPh0+e0YqzbbSTva2vnfRa9O1zvp4GVkk5PlWvut6PlW/4a7q910Pj+08Maz5bfu0G443AcgkneF5H3eDgkc4wTXzr43tHtvEeqRORLIjxAkEgg8deuCoxnBOBg9cCv1utvAFhJBEsjW7sjDDRYYHgEuSucqTxjPU4Ffmn8adFSw+IXiS3iDmOGeLayqVUozL1B6Dvg8n1royPibCZpXrUaVWDlCHNyJxbilya2vdr1TvfcdbAzoRjNpqLatJqy2Wl3o+vVa3d09H7B4OsJm0XS28sqGsrdgdpyzYAyT/FhgWxgnoTiuu1K0dEgAhclVZzgFWGOnzDGdx7dOgPYV6F8OvCN1d+GtGnETCNtKiKOIxklVy2e44yFJwATmu01LwXN9ljYRs7RhvmI2ckHjcTgnPJB7cYOOPMxWf4KniZ03XjzRm4yV1dSVlrvrfprou2pny1GnaL02sntdPTS1ut1r3e1/n2ysmdLljG+CAB8m7dkjOBzkk9CPfsQDPe6fObWUEMoS2diCu3jYBzwQOenPbG7I49z0nwUGtZDJsiLx7my6KM7jjjPA4yM5OehPQVNZ8MwxWV+zTQKIrOQKvnRkuwTqpViw/3eOcDI5rlXEmBWIhTVWLk2ktUryvG2ivovW+ret2ONKpKKfs5O+7s9LPZaK3XolrfRXS/PbVlWOa5BwXEjKQFyC2WGRjqeOcY46Zwa5dwpkVD8zKQRjp1yAwA7dTkdQMAYLV3muWUa3coDqoW4kzx82wFiDnBznjr2I9wePnFrG7bptzFh8oVs+mQcZ5HqOoGSea/QsNVhOnGUXGzSfRX0XqrdFddOqWnJK7k1a1mr3aW6ilou7031tprcrSOfnLBVckeucEDJ+7jHPfkjBpjB02oGBYsAWXHG455bHzYJ5PAPcnvN59oWdW884BwcYLDAxk9Du4OCBkdMdoBcRmRdkM2NhznC7ioOG7cDnuTjGDxiuuM48ttH11ula8b3dtUrLS61b00RjOMrv3nbXRK7v7q203Tav2W+xWvLfNvKjHlMNuB+8QcsFPsex9wMda67wLHMbu6VFdn8pCONu0AYA4+8xycngAkZBABrjLyZhbSkRhG3L1I6KM8DsxBzg9Ccgd67/4ZyzXN/qKu65W1R0IXDYUqFByc5ABJznvt5ro5+Wk5K7ST2va+jf3X8tumwoQcm4/DrHonpqrK+j00Wj206H0j4Is9+tWEflFiYHfDZyWABycEZBIA+mB14r267012tAiq0QYsXOzhT8x+UnI2njvyuMEnpxPwv0WXU9cixmV47eMRxwrveV5SEWJAOrEkjGerN6AH7Jl+BXxh1GwS50j4S+OLy1dkRp4tHmWJ964jJLIMo+4FTwD15FfkXEfFWVZRj1Rx+YYXBSmk4rE4inS5kmm3HnkuZK6va6Vmmz6TAZRj8bSc8Nha2IjGXK3SpznZvls2op2tZtX2u3Y+SLTTWScjZ5mEYhwuBjv83Q+g7KM8E1v/AGUywQpEiJsO6QY5wh5PQdjn6gjPavsDw/8AsVftQaukEmmfBPxd+/LBftVsIVKHjPLZ79eABnIGcD23Rf8AgmJ+2FqlshT4aWVgzsBv1LVEgZfMwQCvI+Qfw54IOcV8Xj/FvgTA3WK4pyWm4tqSeY4ZtWa+zGo3fS2qeqR7dHgziOvBezyrGu+t1QkrpqNr3SbWi6q7s+mv5qanpcV1bp521nB3AlPlEaAgEHrkEDtyevU1wn9jAXQYoCg2jdjHGeGwcY69OeRzx1/bi1/4JA/tZaksaXy+AtGWWEKTJrSSyxNjOCNmCD34/h4APToIP+CLfxyaeL+1/iH4HsC8QMyW5W4KKp7ZA3HHQZz6AHAryP8AiYnwswUZqpxblknFNtU6zqXfutJRhF67p2XW22q3XhzxbWa5cpxCvb4oqNtEne7Tu7yvu9NEtD8PPFOnj/hFtalSMReXZEb1TgqQFC47Dj0Y8nv0+O57aRJEeUEqy7ABwT15+XHOOvOSPvda/pl/ax/4JUXfwG/Zf+IXxa1H4pQa1ceHNJgmXR7XS/IiumkKrJH54Z8bCTgleeOw4/mu1aWOC1tPlUMWLqMAk7kDYJBYEg46HqOea/VvDPxD4c8QMDicx4axscfg8PiHh6lWMZU4qrGMZ2SnG70knfRO+mp83n3DeZ5BUpUMyw7w9SpD2kISak+Xmsno7Ozb0b9U9UeO+OQB5TbWxG6DqCvAIH8PXuO2V46YH7Jfsa6VqU3wf0C3W1W6mvLia2gjd9odb2PYmAOfmbr1ORn3r8a/GLiWJWZgCWjKjnnknjk9OMjK5J4xiv2T/Yd8RPD4c8C2TkOgvYZk8zOzZHvfG0ccMhxjBBBI68fqsK1SnTxMqfxqhNx005lHS+j0crXfW3Szt5OX04zqU1Wly0p1IqUrJPl5rPVpWdl11s+q2seJf+Cd3x713XbnU18KwxwT6q0wmyAsULOJI/NK5DKUYBTg8cnFbXiP/gmL8adbsrK7stCkvdTllWJrO0Y7RCiDaV3hdnIDYBPqQOWH9CHwJ+NPhzxf4Ej1SePzb2z1u40u6ddpV5LRvLXCHJYLtC564weuRXtln4v1jxJZ6jqHhuxgjbR544YD5al7s7sFIlQAcH7+e3PQjH8xZl4o+J2W4rFqGCwMaNGtKMfaxklyxlo9ZaXjZp3Wr72t+6YPw28Pcyp0FOrWr1atKE5OEo+65KLlytLRXTtfv56/ymp+w38bvgFbazrvjDwZd2el3cDol+P3kNrEmDmdxkKzcqqEnJOcjqPSND+TRtPCnnyY1O4FcBQASAc8ddpyThssN2cfuR/wUG8SeKvDv7PVtp2u2MJXxnqcERntgFe0KAO0MjYJLnPzIMYOMdefxFtUENlFEWYbFRFVgCzLgfw+hyPTOB6V+/8AhNxbxBxTklTHZ/hcPQrwruEFh3LkdNKL5veb95t9HytPqz8a8QeGch4VziGEyadWdOVGM6ntrSlGTelna3w2evz5tUQ+fgsSVAVydvIPOeQR6kcZ6Z5qZJtsi7k+XBAUg5Gf4vqQcgcYyAc94HZXcKVYgja2Bg9TtGBjq3B656dqaZNwZsZaNgAo2nAUjG4jvg5z/Dniv1Vyu77Xlve7Sul10d7bLT5LT8/c205J6pu2urXu8yXbe/ottGzU8/ynLIcskZC7gRsD/eBUkgk7sHrjt1rctpwyIAMtt5GOjZ6nq3ByMt90DHPJrkollWUM2QWYnqG+UjZtHUZPTAxzjHYHZtZX8xUXgDKmQZxnpsz0YHJ5z1zycZqXN6u12ul7r3Wuu97Kyeu3RbpSva6etuj8tb22Wy87PRHm37RUbTfCjX8hpW3QbjwFQbgeFz8w+U4PUE85wMfq/wD8EB54Yfgd8WoQjIT4yszuJ5z9jXJJGSATlj78gZ6/lV8fJs/CzxDuAdkWEKEH3cOPvEHoeoPzY/n+pP8AwQUlWT4NfGUAkMviyw+VV5X/AEQA43ZGOCQQBxgjPUfg/j0nPgfMnF8qSw6flatBaebVrbK9+5+ueE0lHiLCtXTftYxvt8Cvd6/LTTZI/omtb5Vifc6blwc4yGAHA3D+eDgnjgEVWGqq0q7nGxiSRjOeCM7uhIPA2571ziQXJjJZwUcKyqCQQSODyP7vUEjGc4IGatwadOrITgFTlY2JIYkZByQSccYwQQTwOuf87nTbmrze979tVe92v5m27n9bRd1q0k9uaS0Vlpd6p9fNXejVjpnvYEQbmQAqCWIABGSSQOM4x1/iPOPXldd8eaD4fVH1O6gRJGxENwVz2HHGTnjnjHc4UB81ndzSEjnYT8vzFScfKAuMEHg5Hrzzmvlz47+DdZurCO9tzcTTAssECRyNGkrNwGZRg7lDHJIHU84APtZHho4rH08NUq8karjHnelrWSbWz6XSe1zDE1VSpSqpp8kbpX8lzd733Vumrstvdbz4yeC7WNJJtctrVSm4pNJGMISCNvzHaTnOScjtkjFc9c/tBfDm3dUk16xfdhkVJE/eKQPcngZAGfrmvyq1fwx4gBvTqct2lwkrJDb7ZXjXCltoOOAABjBBAAOMnA4mbSPKiMr3csk52uQzHy4ihAMRywAVuQAw556dD+55d4a4euoSeKqNzimuWN0k+XZO6S66O6u9rn5/juLnhpT/AHUW02tZp66b3ej+Wv3W/WfVP2k/AdmjyJqi4jXzQuAwYNyNuCMdegGDkk46HyzW/wBsHwXp6bsyOsiSFGQElyoPUj7gJJwTk855HNfmBqWqyO900t2IGjIhijDx+XjHBOX7gZAPQHnJBA871O6tXEhluhIZIxlXuIhCrN23NJkEgdR1IJPJJr7bL/CjA8qVSVaS+aX2beb1/pK58pjuPq8P4apRfVykmvs6Jfzf9vddrN2/UBf22tKS4srmO0kWxad1lYSfvHQdsZyMgcEnGAc5xiv59/gb410fxP8A8FSPE3jKfbDpmo+Otcu1jfkGIYwFPQ8jnpg44DHj6F1DxJpdpBJbC9sotrTby17GrR/I20KQxwWXAJ4xxjOK/Lf9nLxRJbftrTXsM0Jt21zVhDI8gaMB2OZPMJwwYrkEk45wcAV+lcK8C4XKJ4h4TnpSxdD6u5yd7N7S6Ws7NrS34HwfEvFuKzLD04VXTnGg/avlte6Wqe9r+ml+gn7bi48W+CrO4GZbDwrHEGBLk4LkMTnBOTggdSRhc15R9ssdP+EtoP8AhIbf7St7DNJpkjhZ2VjgFYxk4j2t5hAUAEZFeyftupI/jfwyr7I7y38O26OinP3mY5JIxnJyQMYycdsfKvjzSoNP8M6DcCMJcXEW6SRTuysi5O7BwMcEA42hiPmAr9Dx0XVrfD8Mqbulty8ttE7Jvzfne58RKThGbeqaacrXeqW+mjtZWaV+9987VfE+nXVje266hDcTvGEUBCOQCNoJwWxyW4IGemVr3z4MRmbwN4oV3JEvh+5YAgghgrgAbccdD6lhz7/EoiWNkAQ8M4Mm0HOD34Uk4zgHPBz6bvtP4IE/8IlrCElUl8PXYUAkHjdnO7PqMnnIwBjFXTly8t7qy22091u769EulknbXWMrjFSrxTbuk9bW0cV16K69HY+RdXhFrMZdyg7psl8gZ3uAO/U9Rt5/OshPE95AriPy4FZMLsGMhRjfjOAMdcgEc8Y6dd4i0q5u4nhtofNcy3BD9MHzG2ggg9RgscA9BgdRwx8L60UdHs5NkK5Ozk5xgrjjA4Az04AJGK5pyfNaN110fV20stuuu7aT3Zq4Qd7rW/prdd/Lr1+d19Ffs0XLv8SdIkkOSyu5C4yTKWXd0AzgAEj09Kv/ABe0pbjx14uuTCG2X7kPgDBC556kg9MZ4GT24539mYOnxI02NkZZQAjBjyrI5JUjnlQNpA7kcCul+LOtW0Xi3xnCNrSi/ljVAeuVKg5ONxPT26dMmpVOUoKXSTaeu9reW3+Wmup2Yhx+rUltZdLNK3K+jWtkvmk1qeAkLO5SJANr/MxACqBgF9oJUgHPU4+7gdMdj4HtZ4/GGiny8wpOGc8bSpI+YjBGDjnJPXjNcJbQyzea0LPFIwycnrycZUkEkcgcDqT1XA93+Deky6r4p0qwKrNK9vOYUUkycAnknOCeQeO5PpWGLkqGHnUnZWtNp3SteOyW9/Kyd+reuOV4ZYjEwjdp88dlo9Yq2ut9VfRW1O0/aH0W5ub3wkbe2RU/4R+cb9wAcNclgQDgZAOABtwBxXzC+lXkQYPsAAUA5wSeOfYnucbSOMgnA/qB+Bn/AASr+LH7V2n6Fry/Dkx+G4vB0kmkazdXv2KHUJoZSjeQCv71lcdgCTnnoa/OL9v/AP4Ju/E/9jjUYb7xZogsvD13bxEX9ldi8hju5CHis5XVQolMeZChOdoOAR1/NsF4icN4zO5ZBTx1P+0VJw9jd61IcsnGLUeXmirOUbtpb2dj7TMuG8ZSwzxqXNCEIznHmSlGLUUpuLTaUr76JWsflPpsLWt5pm5MkX8IJ3EjiRRzgE4zjp3AB9a+nv2jbmU/DvwNLA3lKJwoAHOSpySflwvQYXjnrwRXzZbPt1LT42j2pFfwAArlj8y5x22kA5yffJIJH0J+0FKJPh34QGwKFu+BnIU7CepIOOBkc8YOScEfoifNSbSWyvurarXzWm13Zpb6nh4RxgmnbXlit3bbr5a3dtvU+Njf3wwWdDknjGM5PfHY84x1GR0GDtaZqN1Je26Fo1CyRFQMhslwuFPoQcEcggdTjFc2/wAwVindhx0yAe+eSR7cDB7irGkyKNQtsqQRNEe5AAkUNzjoSBnuPoK53bmi7K946+V9PS767O2rOz3N730TuuqXW+vW3RX1Vlay+7fipHNJ8JvAbqhkNrdSfw/dViD15Bxt5GRnA4ya+a4knKuRHIFCM2AjcEA5BGMAcDHHJ44OM/VXjCWJ/g94cdUU+VcswBwQHK5B2g/MM8H1HXI6eI6f4qg03Skur7SxdRiRld12qWZmJ5BGSFG3I6HBwCOuuIc1rZNqKSjvsktUkr38ntbe1jOrGDneUkuayTW9vdvpbW1np9yXTzKwlnW+O9ZI4yoU5VtrAEYUZHBJHryAelfoL4pluJPgV4FMQO0XaL97HzJncD7fMDjJGSPc18ZXXinStdjFhY6e1pIsiytJsXJBIJCkAYUDjcO+eeRX27FZrqPwn8GWVxvNuLjduAOduOT26nGRjngjgVwvmcJOa5Wk2lr1cb6LZXaV0tLbaNnXhVaM4KzXpbf7Oi7qya7bvU+Z5mkWY/uvv8YC8AFcbtzEk8Ad/Q8NXNX0CtqOnHB3M4GSoCg+agwOBgDJPcg9z2+h38B2V1LvjupVB3oFIJfHoPwJ+nPtXlHi7RxpGsaVbrJlSy7QQQwxLHuB4wOOvI64yMiuOFaM5xSs3zRTS+F2S3s979UvI2jFwkrcurirpafHDmt8mrWfTfofSfjO3Mfw78Kq0hQRTklR98h0GG5/LGO3rXiVvLAIwkhBlZ/MUFGBcEcc/KWI4xnbjBycHafdvHjj/hCNFDRl/JS0PTgs6DOPVj0OO/Ppn54ht5p7xHV/LRdxZWGAhBzyOpIXvyB0w3JGmNjecG3ZOKXW2lk7t9Hbbf1uzSUld+bS0ejtypuz21snbXTW+4XsoS7sX2HHmSYG08MSMdge2QMZ6EEnmvrnV8N8JY5QQFjtbYgkEFXLEnByAcc479S2QVr461B5EvtNEm5h50hLgEqyhwDjIAGBnPJORkY5NfWPiK4Nt8HJUEZbYIt2SRgYVuDjJwT/AIc5C3GMXhZqPa+m14xikk2+79Vqt7GsJ2rU03p7u6W/LDayvp080fNcly0A2cybzuUhQD83OfTOTyDz0znpVTSJguv6SHV2DXHzgkDqw4UbcZOcYbvj5huNYKahI+CSFlBUAMp+7jjJyeg/yela3hq4e48SaEyvGVGpQxkFR3kBOV7ITgZJGOMknIrxaVOKm7uz91d01ePS+j733V79D1IOLV+Zq1t1dfEr31u2lrt0snbf6J/aEESWPg1eEUWKMpB+YYjXIGMEEDkqcnJyewHg2mFZfljcOm7LEcMOCuASSMjG0g8nqT2r6e/aDiEOjeE5RFDLIbaRcFQxChMYGAQSD045GPWvm3R5oQHje3iUAqzEDDBnUKAVI5YnjOcEcD0rhxi5ajtq3y66pauKfdK21rd3puehhk4wjKN23pLd9Y6X21WlraWvZPU9L+C7yv46t4hIM+dG69BhYZSxBwODtB+nABwMV0vxnilPxG8QlJmAMlmxbcAvzQqxGGGRnoeOB+vPfA9Ef4hW2UxtErMR3AL55J7Y5zwMc8c12Xxltkk+IeuupcKfsTfU/Z03fXPA7k5yD1Nebimo0G94+7fvvFpbq99U0vPXZnXg23KcbJ6LqktWnbo/lZXT6HnllNfW9rM4u3XgKvO47eFPPXHTPX6gV9kfsqXLtPrLysSz6Jqg3gHdhYZTngkBsgkEZx17GvjZCVt5QAECjyySDjBPHXnk9D7Bc9K+yP2Vgxi1eQEEjTtVjyFyNps5Dk4GBk8jGG6nqQR85OV22rWk992rNaW733cuyurI92glJxir31Wt7ayhZ9+qv6O55VKkw1a9ZZ5nkmu7sqxmkyuZm6Dfgcfw9s9MHnvdAkltTakebvZxvbzH+ZgQoP3s9Dn68c5rkVhUX9xIVLkXNycHONxmJIByDhsdu+cc4Ndto8cpnt/3bCJ2Zh8pyBnB55wc9BnjHA65+EzR351fRJ6PutO/p9y0ey+mwXuON2teVJJJ63irarrfp3u9T64+DrMvi3QCzSHzLoO252YZLAdMkjovPXHQ5Ymv7Kv2KHI+AHhh/MbDXd6McDjzOAOvGQpxnA554xX8ZfwfnYeKPDnzDCXO1i44J3Lkjls8kHrgH1zX9lP7FMwf9nzwqM4Au70eqhjJgcDscAdc4HSv5R44qOlxlg6nM43y3EpNOzbU6WvfdWtrfe3f6jib95wbSjZaZph9ErJJ0p9XbW61TS26n2FFPKFILEbs5JJzt+oOBnAIAHJx1xinLdygsuSwDKMkscDnAXOP909uBxxk56zgjafl7AkDkY5zkdCygg4HU9Rk1MmGI64JBJBBIGfw+YfgTk8CuSnmuJUUo1ZpJJ25mtEovyta2nR2Wm9vx14eKu+VdHt210bSV9H16PsaIvm2EhwcHHUnB7YBHI4bGCPmXng0ovpCBhyewwSxPHOB34GexxgDI5ND7OGIAYgAsSejDqeOeSV6g578jJBUwEggE45x3IyR09CencZ6Y4rtWa466Ua85aLmfP3a++9lt2exH1ek942162drJJPS91vazVrab3LjXjZ++SSeQcAgHnAweeeOcZJz7FpuyT/H6n7wyQOxOBu/n26jNIW7AYJGcDJJ3LgjPIwp4Hp0yeOaa1uxYFsMcjr3Axzgn1OQfw5xgaxzbGxs3KUlsry7Wd97avW3T5qx9Wop2Vkrb+tt7JvturvR9r3xflCwOfl2/KwBBGABn0Byec9c9hQNQz0B4z1JAJPO7nAx7YwcY4PFZckMgR/m4JJ+Yt823BAAJJyD1ySD2+Y8R7ZQQN3y5z6DBxnjgY7gdMg1X9vY+k7qpUWlkua8VtfXR6W9EvmOOFoSSbhFbdbbWurWs/Xz9ToBftgENkk4C5PA46HccjPUc9OBgYEi3jna2ecgH5sZwByDnp/eyDjPWucAkGGzuAOTnI4J4yPUdGHGMZyOAZN7biSxIxwo/Ak85IYA543EgY64x1UuIca0ufmt7v2pR2UVdra1la6tpppqZzwVLXlUFrqrW0Vnbrfbz1v1sjpPthwSXOc5AGMdBtx0OMjnAPc44OZ1u1ZgORjH3mOOnsOhJIHXHTJGa5ZZHdvlBbJODnjIzjnnp3ByMDvt4sq8nyknc30IA9SOp56YPQdT97Ho0uIMS5fHLaKvdysvdt2tfve/4GEsJTildLsk7Wu3FJ3XXff0v0fRtd45yOvyggcqDyV+UEdsnjkYHTNNF0uB1yR1UHqTkjJ6d+CcDoDgKKwS74O4EkEAEdsjt39PfPJB4p67yCAckc5Hf0GSM/h6YwM11U89xVrqfupx5rpNptp2s7rlVm3ffqrqxP1Sm5JO2qXbSyXy0dut/LdLZN0vTlhjIO4chuhB7ngE5PGB14FCTkj73zA4KkjO04HGMDOe3bPsMY2HUHJOd4JGc4xjI+vJ+YgZJ2gripULgKuN5HBUAjIyeMgn5u/dsnJHar/tnEVFdN2Vlo2tfdVlZK2u97J39b888PTjbu3stOybv12vZadmbqXBAwGPQY/vZOCMMFBBA46gcn6LbSZuctk8cZDHAJwQeSTuwTgZIxwWINYkRwSMAkDAGeVJxkH72SASO2AM4xwLYJ+UEHBGSRncMdc57nsOOPfOPQo5tWSWre1ldp2tHXXr23vt1sY1KCSTS1druyd9UtL2bWnXVXukbAnYjarDJGcBgMDK9R1Abjnsp7YzTxcOCfnOcYIBBx0ySOOpI2kZx3PBrIQk9M5wexBOCOQOxzgjuOwJqVdwborLkDoe/Ochhke5J9ieRXp081qWTfNzaa8zaVuXdXVlf+uhh7CDts9Oyvra/NqtdE7X10erNdbkg8OuAAd3fODnAzgemOnPIPJMpuSwIGG56nGflBJPGCD2IJwfQ8isUl1YjPJHQc8YycEDGBkZ/hB5YMc4VTIABjbnueW+8MA852kDBz16cYArqjm80o8zabVlZ2b1j0bd+ul3pps2iPq0NLpJvVOyWzTt5uyd3a2vY1mnYMoLHGBwpBOQCOOOOQBk4+XGCQMUeaxXCnceSCflxg5x05B54ABycHpis3cxyoA9+SODjnHB9iO/B9i4SN1IyeuOWOM/LnHJ5ByAevI55rd5rUeickm1d81raxVlbz3u9EvK5nKjBPbtpf4vh2s90l87+lr4kIyBngkduc44HTn0xg5B+9inrKMcjGQQpH944446EdCSDjAzyRWcZG7gc4xjBHGCSDx0A6kYz1zkClExbJI746HkgAA56eo+ueeucI5nJ6OTspK2l77Wu15qyvd9GrpidJuXN1attonorq3yb87vor6e9TjqBuA47AD07EHGQQRyOMCpEkXue5OSecjjJGen+yOOw9ay/NYH5QFLAHIPGB0wMHjIJ5Gecr6U5ZiR1Ysx+XHQYHU8Yz1wMdOcE4qo5lLXVt7vSyS26petvJ9tTkb0btfXpd25ddrNW/G2jWhso6gjODuwRk89sAj6EKB9MEGn71UHqT3JODyOvtuPQdc47VjLLzzkg5PU55wMZHt19O3SpFlODndkY7jp/dHOQOSARnBBPpXXDMYxaeq1T6O91Hdd29Xr26mMqHLdqStpzeulklo01e+9rdlvZumAtrvuDZXpCk9hbvkcnPOAc8HGCvBJr+J743tK/wAVPiOsedw8Va5gEbiALqbgj0IGB1wSMHgAf2rztut7oZYb7O7B4PB+zy8EjGecA8/gvFfxC/H+9WL4q/EdDfvZj/hLtdG9VDEr9snwvsfmwR0HcgcU6GM+scUcKyjaTi8w5Ur3XNDDXvfXTW/lfofp/h3TTyjjBN8v+z5burJfvKtk/PbZb7O2/wAx+OHZrC0jIR2W5LkOhIMhJBAO3sBz3ycjrk+ay2d4scpaUJ+9WSNMZUksBtzzjIxwPpkcCrHjOS7aO3kbxBcG3R3YERAbATwW7nPOSASSByO/Fi786aO1k1+7m37XVwgCgAKxGO24r1HTcRweR/RWFc4+zfK5J2vFc127Retlbt5Nabpnl4mjGcJJ1LyVleztdparZ+V9dU7eW/4je4Sw8tj58kixM7KCQozjCnkDG3HIP3Rnoa463lkZn86N40SIRgoAA5OCDzwRkAnk8dOgA66WxttVtPL/ALWvA5Ozy8hchF7DPAJGMjjkk9Bnlr3RraMiA6pqTFskqHAwV9CMHB6kZzz7ZHq0ZycZ3VrO63bfw6NpXvrqui0to2ebWowXIrp80Xfljvbksr7rXV/ck9D2Lwv4ghtvBXjbR5omja50wTREDaWjVG+Z2GARkHPHU446V+Z2v3Cx6ro6qp2rNfFcElSGnYggHvjkDnA6V936Hp0lnb+IVS/vbk3GkLEySjKrG7FG/h+UjOTyeVOM5GfgvxdaCLxBpdrHcSRkS3qszjhSkxBbOATyAcj1xyea9HCq7umrtq7t2irab6fK2ztscns0nJJJKNuqvb3W7p9n6NX6K1/evBjIumSzbZN8tvcNuGRlVibPTocnJzjnknHB+f8AwE1pceLN1yoEB16czufmYIs53+wyASxPUgZByufZPCBKRXES6pv2WNwFiBCqzG3bL88kknkZwM4GStfL2mXElrqdyUMrN9uvX3KTguJm5Un7wxwd3TJODxXouN4uPS0Xfbe3n39LrZnJyxvKOlndPbW1ktLNLXTX79rfpN4jlsk8I6xDp8kUNnc2EzQbVxvVLdg5OSeWdQqADHzHHGAfh7wLJPFcXqKwSJhvIBP7zy3OVZehBXcOTx1C17nplzqep+EVRY5bmQ6TP5cUas5G/KZcj5S3BIHY5wRxTfhF8DfEWp3MM2obbO0vU53KS23dnC8EqxyA2cYDYyMgBxXIld8zstbW6J7dk721v0u9L8dOgm6kI+7BzS0dko+42+q0vdNNt3Wq697FYx6h8IvHskMEsk9zb2qw7QxbcSo2IMdT0HGB9TXAfCT4U+ItQuIZ59JnitGWFZPtCury5GFUAAkAn1wNuR9f0p8B/BBbbwPqOnyWXnebcxBZ5eA0aN8o2kfNkLk5yc8dcV7x4L+G+k6HFCTbtJKgixHJFuRmXqOmMJkcgHg8etKlGvjJWpU5RSaV0raJRW1lvrrrpvrZvslDDYOlFTkpT+Ll3erj30l302ttax4hoX7Lov8A4XX0c2n2qPq13DLOsp3YjjIKxopGQCOCo5+gDGvS/AH7MNl4f2M1tp9jYyCNTLHDG7hSAARxuViMcgjBIVd2a+ydFs5TpKWHkQLbBzMRyQCp+UKOMZGORk9/lOQPRdG0HTZo03p5krFC6AEc45CD7rDjOe2QOuCfpcsyyvRhKUubmercnq27Wskrq/dXfnuzzamJhVko06aWnuuydnaNrpK6btp5K/S6+OvE3wW8PLpaWsNp/aCqWZZXgGYcnOUIGOeM+jA7c/NXE6d8GrJL1biLTZFhj8tAYoTEpwoBJ4XOS3QHnLZPJz+mz+FrK+gSAWSCNE2Bgo3AAAFGGzGQAc8tkknk4NbVp8P7IRKqWypEAp2vH8pIzt4A+U+wGTwBgk5+swEqVCMVOnG6s07O71ira3urpu7fkrbng4nCYirV5oyaimmklLa29r3vdqzeqsraXPgrSvh1dKyCG3ljghZWGGePjHC444IPtxjgc1774S0JtNSF3jlVYmVmUylQxHT5cgcY9ejda+lLb4fIGLJDGEwCNq5Axx8wIJJxtyADggnPFTzeA9ylUiV13MW2gAkgdAOSQc4569hwTX0OGxeHrOzUEkrcttXflv0snp1vf5HDWwuIpq6nPRaaPdct/Xrpq9NV1ObsfFtpZxxwOkHzKqr8u9lGDgO+TkDPy5J9fr2uneKtIuE2slmu0YffCmG7Y7AZOc5BycZ5yK4O98Eqpk+QKVb5Ey2cgYPz578HHXoeepoReHmtslg6nbwQQ2ADhsAnB5GDjaM+mMn6bAYTLqqSvZpK7StZu2miaertbR9EeBi8Xj6U+W3NFaNu67dNv1vpqezfbPDd0W822sJ1YgsBAhIIJ3ZxwcqfU9+AMYxtS8PfDjUFxf6LYuzHcCIVQ5JB6AAcZOMAc9ecE+ZulxDwWlRWwAVPJKE8k57jt+NY1xqc8BGZ5Dgnc7k7QAT0znII47gnB69PqcFkVKooyp1J9Ott7NOLeuumi/Banh4jOKtOM1Voxk9NW11SaVrdVutrW1XTtL74c/CK6OZNBiBXG4IQMsQOo5+YY38Y4Azu5B47Ufg58Ip2LJpbo3LYVlyBuPJyCQMkYHcYGRzWPP4imV/mnwrNnIZckHg5HOTnABGc4565ObN4q2M6m5G04xuIJBPYgkYwTyMYzxnrX0+EyNwkpc1XVrVtNJK1+nRWtt0XkfK4zOIVOZKgltbSP91pW+Wq9Fs1eaf4MfCmNgw05juDc5UsR164xkHccY577sYqhJ8IPhYGymnEbRk8gZ254zt42nngADtg1Xl8TE/MZVwcKCzbjx68A9+BxnnkcYqP4gZiHVsEtuxkBBg8A4J5x7Z65xyK96jl60vzJrfS117ut7W1v697Hhyxqb5nTiknrontbZ2atttr53sXv+FW/DOAHy9KQksCS2OMcYGV6jgj1yexGVb4f/D+M5j0q3y2AUyudp6YyBzgHPPrnHIrIbxBJkncMHAIH3T13E55zwD/AA4xg5xUD68cnbKAwB/hJ4PTI6nPbOOeBk5rqjhFDS7but47PRX2vfTtr2vqY1H7VpvVv16fNt9tbdbWdzbfwN4HjU7NHtzzklgAPlx0B7+hOc9c1Rfwv4OjXamj2nUDDRqeccAtjLcAZ7fnmsj+2GfP7x8jIXBxnnILdgAMck5K8k9KjfVXbkSHB6gjgDBBJ3HJ4x/D0Pvk9UVCKXvXva+97e7pv5rz26rXOVOUrJR6J3tfVRXbsrXtfvdXbeuNE8LxoEi0qz2qclWhQZGcnkjknqCAM8HBY5pn9l+HMcaXY7gGyvlLnAIGT8uBjJ+6CMjHPJrmZtTk4YTDAKqSCMZBOSwA6ZHPc89utZtWLEETcngkAbcKScHrg8ehxzkc5rSMIPW7elur2s/K/e7empm6Un8SaV7N2avdq9vl3urHSyad4eKgHTLFSDkfukK/UDj5l5OScex61ntp2hkhjpdkV55EaFs52kgBTnjsfowHbAk1RWUEyM43bQQMDjgew46Hv+dVDqQDFSSG28sSMgk8sQCcgn7owSevYUNOG1nor3er2emnRedr2t5lOjJW1uklbfeytq+r11t1Vkzon07w8DgWNr0zgQqDzncckcjkjb0Xjbx0BpHh5T/x6xAAZU7E+UEbgTlOSRjIGenTrXKvqajCeYQrfMpGSx6nqT6jB3D3x6U5dXcfLvGcAgZyevDMR+H8WR9Bmsmm1vbVOye1rb77bK+jvbWzOmFKTlZu606atJre7vZNu1rdG7217X7Nosbrm0gRlXgqiNkscgEEcgHA4GOeahKaa7DbaQKq5wyxpuLf3hkfeJBJ7sMg5PNcO+qMQf3q4yCueG3DnPQnBOMn0HbOartqUg3ZYfMD/Fzkjk5BxkDrjp69KznC60bvbXV66xt89NdvJ3OmlCEPiu4rW1m7/DpvtbRtKys9L79oxtB8qxQDpwsY3Y5HO0ZG44LBSTgHkjpXeZOOE2KxBITHYjJGBwQR6AkHA7nk21BgpLk44IbncTwOpJHOcEcHBA5+7SG9dc/KB3JLE9fTvnjkDJ5PTLVxSpyu7Re+zT6ta9dLfPzasdtGVJpJXVrK3d6X/G8ls031SudN50OSxZApGBhFwoIIyF5IHPIGfYju5ZozuUMdoIBKhQN3JyMe5JPJ4J7Vzq3P8IYAYUguTxjB+XPp0AyR8vHuoduoYgEYJD/dIx165AAx+Of9qs3Ha+qemuu6tto776a9vXqi0rJK6emqXV/ftpZvy2R0kdwilsjYO52NjHI6Z5zjqSPUcmpjeqFID7Vwo+6drDjj73fGcZ5IPPJNc1mQgIzPhgMkODuPYYUZyATzuPGOSOaYoHy5kkO3Jz97sVzjPXgA9/YYOY9lfXblSstXZLlfRXTbVtFdW05nqbc71961rbu+nuu+vpa/m+7v1L3ZDFWIJUABQTggjOcA4LY75znqAQMuS+3Ah2IClRgKGJPy46ZwfU8gDqc5B5PzZflLAYAwcDnJ6ZH8WAFz1yOvY0ouCSADuOcYHA6nOfrgcHB6cZpqnFRXvJJWu158u0vPXV73XQpTULe8nqrXtpbla0VrWa11tutDtYrpj8zEjGMZUFcZPT1JHPYhupK5q4l2SVf5SocHLLt+ViPTJYbuuCATj5SAccMl6Bu3MARg7R3AJXBx0J6LlT69Dmr0F62H2kJk5/ibIJ5J5wDwSB2xx0xWU7xk03r8mkn0Ssr9Ozb07F03TnJqaUWuyT/lS3d9b6t9fPU7mK5Jf5iCu4gYOOQCAAeQOfr0znnNXopgoc8spIz+8BI6e2fQg8fXOK42G9JDfNuUcgHkZz19WweeOdw9c1sQXkRztQswADLgryATnrjoDnIzwc9c1zVqqSfveTb6aJLa9uq13s9rNm/1eMmrcq7XtdtcrfZ6dW09NL2vfqIrp0woKndyS4GcAYHfg9OOgK+uMXI5hkOVOTkkbsBiG4Kk9Mg9MccDkLXPw3UZIwGZtoHzNx/CRkntj5QTnrySQCNGKdM7lOSpA2/e+ZhknPfB9eAM9Ca4p1pPyV48vfVws7a2dr901p3Oinh2nqk07O93teK+Wj6vzexuwzuMsHcMclT5hwBkY7ADIPcgjcSOgzsWuq6hEcx3DAJhWAkAJAwMHPBOT74wB2xXKrNGCc9CTk4JAx2Az94YGAOfXHNWlm2gBSNrD7ygE9DtJXkZPpxnHSuWVRSsmr3STbV3pbe+llqvO+zauW6MWo3WvXeyb5dHq9vTXtsd/beKtTh3DzQSowVY7yO2cnnC55ABwM8eupB47vI22zRQzHOw7hnaoHfkZ4IPGQDxkg5ryr7aFCDeikEjd6YHfoOcZXPQgDHeq8mp8jbIq7TgHH3l65zyOn8IPcDmsJRi1a1mlrfR6JJ6X1bbeqb17W1cabT0u9Y6uzafu6W0d1ot9UtU+Vs93h8dafIhWezUnKlivYsQchgM5wu7gn16GnN4h8MXLlWZrdySDtJVcsMdTxgYHXGD1A4NfOFxrWzBY4QsSXQkHgg7sZJHOMH7oIH44d14iwhPmFyA2xRwxBOOeSSoz1IBAOM8151fli3aSilbVN2ekVytXWttn6+TPSoUW3G8bdNXZO/LbRpK1mvV2XKfVStoc4drXV0UkgYd8nJO7HO3JB5BGM7QcccZk8FxG2bTUIJRuI4kweOQeW5XnGGBycgdTXyHdeMDBgLcOr/eKhzuDAjoOPujPB6dzkEVnyfEm7tgmL6TjI/eOQcjg4AIA6cngDv614tbExp3Tn5pN7pWT3avrZXSV7bW0Pbo5cpRUkr+qSvs9FvbR7rTr2f1xPf67BkozNtzgocgjkYI78YBYjPHT5sms/jHXLVQZI3QjBxtJOB69cf7xBx9BkfIsnxm1Kz2t9uDsqn5TIu3apychl+baTkAkD1rPl/aJvYdyzGCYg42PtGTnA5PUg9eMAnvnjzamZ0ElJ1eW19eZJP4brR2Vmmno7+T2645POp8NKLXo9b28+rtdta3XXU+yo/iXcx581GJCnLGMnnOOgAwRgjBOc8YY9Ne2+K0YCh1VyoJHDRgKepPXrjkc55yRg18HyftNafExW9063wcANGFYnjDbtoyGHbqRgg4NXrP9pHwfdNifTPKJIyy4OQDyRg8fd56Yxxjg1xPiLCU3aWJgmmlZ2vq469N+vppfp1w4cqVFFuhJbJtWu/h1UeujVndL8j9ALT4p2Eqr5g2EjJ2fMMlu+cZ7BgCMjJwBg1rQ+NtBucEyJCxGeWKEkkdCCQDnlsn3wQOPg21+Nfw/vQWYSWwYhQytwTnGDyCu3senBxkZNb1p8RPA947fZ9ce3JOWVsDJ5IGTkYBznHQH1znN8SYaatGvRk7b8y1do9r27ba636Gr4YqJL93Vju/hbt8L+zfvt53ufZt1faLqsbxSCxvImBO2ZVZwGPJLMA2c55U9BnqBt8n8S/DPQtSSWXT3msJyDiOE7odxGcbG47dvl67jjp5RaeJNDuZM2fieBSMYDygdf4WBwCM4B64AIxz83X2Gr3pINprtvPH0UecMY/NjjjA59z1JrjxGYYTExcJQpSutXGUXvGL2teyvp02du3TQyrF4X3lKpFX0Uk7fZ2Tv17La+h86/ED4Q6jGsxl06PVIfmAk+xoWGfmznbnI5yMA5OCMYr4c+IXwS0S/Mpm0j7FNlsTRQNCwbPzYTGCM4b2GMYIxX7GLd6xNFslS2vVKnAEqHCtnPp82OnQD06V534n8KWWrRMbvR5EOSd8cQYZB7sBjABAwM556dK+EznIaGK5pU5Rle/uSSVl7r0et1bay36aH1mW46tQUFUgrLeUXaWy1adk+un/AAGv5+PF3wb1fRXml0yVrqBd2IyDvVcngYON3bcoJwD0wBXh97DqOmyNFdw3EDKwG1wyg898rgZ2jJ6/XNfu14z+EGmXZle0Z7VzuwskJ2t1wBwM9SOB29CDXyD8QPgVJdJPutLa6I3YZQFzgkKQMBhjoR2xyMCvy7NOF6tJylSi1q/dWsXezs0rW7tLz0PscHmsbRU0rO2+627P71dbejPzqhvWdSrMDt5DBuCegAHQgHvwCOner/2pWAV2XJCliuBjtkk4AOOw4yc46k9x4u+E2taNPM9tauiKdxiVSzY/2T0Oe57nBzgivLptL1C3k2T20qSISWDBwPlwAAp5BwOnHf1NfAY3B4qhOSqwlZarTyTflptfX7tvqsJiqVRJxd7rWLte907LRWVlomrvVX767xxuWXcQhIYEsc/L3I45yQQe+eOScNWAKFKzNkHkhmAUZzj1ODyDz3x1NZ6QXKtuKt93OCDwGb1ztYYIAGTwOQQObQtblmH3iu0A4GWyMZ7r04Ax1AJGea8aaqJuzkt3ZN+8rK97vRa736e6+p6cJ03fRbpd77fFovzV+j0saMRuQAY7iRVJ6eYV5XpjJ4zzhiDxll6c7Fnq+rW7YW6mUYVj+8IB69dxII549GOehwcBo7lAVAOCoILDaMnkkDAJPXHr1+kqyyqQAdxHIBU5IJ+XOc4PIwOhA4z3ylUqxtaUk7at81lpFpWtbVpKPa++qZrCnTqJe7baytZ6WWqfR9Omr3R6xonjjUoCqNNIyocndISSUHIHGcHA6jqDkc17Z4b+JADQPcMnyZRmCjAXjkjg454429eex+Qo7m4UlScEEDcMbh+RI+UHnBxz171sW99MhAWWRQVXB3AcgdwMccHnpkYCngUoZlUo9ZJXWjfo0npps7PXoXLA06qvbVpJaJWV1a/bdK+i6X01/RTQPibpcQDFlCgjzNwyMk/NggnjI4xnAIOckV7FoXxJ8PyNmWWONOQpaQ4GCBu7Ee+ckg9c81+XmneJJkdY3nOwKpLKwBC5xg47EEnIODjHGc16ZpXiW2VQkl1tDYb7x5B+6ewyBzweuB1INejhuJZw0bt35ndJaJX23+fydzhq8Pwqe97z8rPo1pbprfdK62ukfqbo/jjR7nHl3UPD5z5oJOcY4BHHyj9ciu+0/wAWWPlMyXdvncGLqVyWyOCMjjjggkA+mcn8qrPxU64NvdsshKjO8AnBGD94hvbjoBz0rpofFusqC0F1cSA4BWOTG1vUYJO3GM8/Q+noR4tik+bk2SdtNuXe176rbd73vZHJPhuTdlpF2a916O8bdGnZJq1vxP1Ni8aeUhP2q2cbz86lSewAxnOMYJJ+91AOAQsnxRS2I3XMKMGx25Axgg57EjO7PBXn7pr8wl8a+I7fCb9QKY3A+YxOSOgLDk8c8nJPU43VFJ421OZT576lkMwGA55HcE5OR0bgZx97rnysXxnSV+WcVZ8yTnG1rqyS7vXs/wAWb4bheo5vmU7XT2euqfprdPR62XY/TtPjRpcO5Zb2EYJySVDbjjoM556ddo6445X/AIX5olvGxLxNjkMZMbvU4HfvjHHc9BX5bnXYpyDPe6lEXYDDQyHGBkjAOenUep4J6VYiazvCQuu3UbMfkEkUoG0gEbie3IJOeDnuK+YxPHE483I4tJ3vvdaW3tddX+K3v7lDg+nJc3M3J23snfS1r62lZp3bXdux+mv/AA0n4eDBVWJscMA4I7AjjjnnJBPX2GJE/aV0BiRHDDvX+86gk/ePHGQeVxnJOe54/LubR7lgzW+uKwACrkPGTyMAHAYA7gMg8gEZ3EGsqTTtZtckXxkB28ozZIHXrkg9FI69MYHNeNW49xEk0q1NaJJPS22/fXZaN39T0IcHU0lelVlZ68slfpe/TZ9rX22R+qU/7SejKATFD0BYpKu1Rx2HBPsOenXtQm/aX8PYx5anJIyhDcY5GQM7eD2BzjORX5VyXeqW7HfLPnOd2HYEA4BDY6jB59uBxyJqV4Dk+efvA7iy8+4KAYbJbgduPQ+ZW4sxtS0oV6etmuXl10T66X2tr2eyOinw9hqL5ZYeoktU23vaN0/89PPuv1Kf9ovQLhP3duDkBXJ2gjnqBkcD19OM5qm/xy8PTNhkbdzkA5B68jA2gHoecDGeelfmxb6ndqq7RMTgKN28YH+z0+UDtx35ya3bbULwgHEhyuCMMvPHqMrtIGcHgA5yvXwsXxJjp3Uq0Peu1dWf2e/pbv30PVoZNhkotU5xstFZrW0bu0rX0+Xd6M/QST4t6BcYXDc9sDg+vJGFB6989sZC51x420O8ztfHUjOcEnkkg44xn1wQSB0FfGtheXYKBnYqQMZJZsAdRgEZ45Hp1I4rpra9nLADzCDnc3BAPIyOcA4IzjODxgc18zi8zq1m1OUHH/D192zdnZ6XS211adz1KWX0YPRVItLS7fTlS0tZ9fJK26bPouW+0y6djHKpBPCqcgZwQPUevIYDjsBmuDA3+qIduqrkDJJIGT6DnjBJxx2rxy3vbkBQFmOQAMEgcYPUdD2PPXPua6C1vLjIALbgDw5PytxntkBuT+p9D4VSmpyunZ35lbZbX635Xpe3dPffqdJRSUd/NfF8PTrfS78m0ev6e6qwA/j5HzEgkHJAxyAOAc+vboe50/crbs4Cldg+8MnuSWAB5I5z79jXi2n6hdgL8oZtuCoJ5Y8jBOBnPXseDkGu20/Vr9Qh8tdoPzYyAQOOe5x9ScjoCTSjBxdvedkrNK6bXKml56bSu30OGtSd3Zr3rrVXetul/JWXXRNHumlTAsEA+XjJ7g5wcDJA7854yO+a9P0a5Cso3OO6g46/7XXJB4UnkADjpXgmkaxKzLugVto5wcEFjkc5+6Oh7gKepHHqWj6xAWXdAQQMdSRnI3EjAyMYxzzyRjNfR5VmE6E1FNpNq6a22d003o9brqk76niYyhpb7rtK+i7bK72bttqfTfhi/IKMHdY8KOCOc4yxUYAAxyPXqcEkfSHhbUTlFaSTCgCLJz2PUZJ9T3P5V8Z6Hq0JWNopFRuAA4IHzA8Ett24IwDgtzyTgmvevC2sSqYNzIRkKZI25VT6EZ3ccbs5AI4Hf9RwWLhjcKocybsopJ3/AJb381o+rfV3PjMbQdKcnr1dnd2UbO+nXSyvu/XX7L0TUC6RgNyAQWBycHAOWI68DcOcEnClhXpmk3ZJXcSRwcMwIO3nP3VBx1+9gHoec186+GtSMkabTllHc4IyBgk54wcKSOeOOlet6Re4VPmwcY5yTuODnPHB4ySOgGenPy2Oj9UxGsWlzf8AgKbi72s29NFr33ueTi6FOtScla7XXXeyTtsvK7d09X1PoHR51+TsoYMSR0PH3SMZxx0wcHoK9L0+OORFOBk85B+9jHJ5wPQ9SDnGDnHg2j3xXyxuOTgk7gcjjOQCFzyT1yOhx1r1fQ9R3LjgDI56bs4GDxjcBwQemOlfd8K5hRdWnTrRT5kld6Wfu2etrLe+6Wt+7/K+IMFUg3Ug5PlurWvZe7fRb7WdtdHpsdwIMKTgbclgB1wd2CeMZz049uAQKcIAc8DJyWySDxwMkjA55YZyQeRnNS20iug+7k8jgdCc8Y255HXA/wBk85N4MDgY9xx3yfYdMDt3+uP2bC5fh6sadSPwyUXdJNJOyvpd9na2/TqfDSxNRNxk1zLZJel7dFbq7bvS2ied9m6EKOD6Hr35wc5zjAxkAkcjmRbUkAYHHbOHOd2O49sjaTg+5I0AxZQ3GOp5yM5PB+6MZHoSegI4prFT0b5QxyQcc4PbLZPRR0JHPHSvUpZXho25oJrRJWV3qrt6JNW6/N7GDxE2r2fLpZ9bNJXVlrvs7d72RVFoHADAKPu9AMn056E/h1wc09bJAcFfUAEnPc8DsOOCeB37kWQQx5+YHJBAznHr2xjPQ4I79hKMEDOcg8HOOeO+c5OcbT746A12Ry3BbSoxbt5N9Ftbtdrd2+TMp1qllq+W6vq0mk1e1lrvsnf+69iBbJMEbQV9+RjIPHAGMAknjHQnPAUWcSkkoG+9jlefTnBwPr65IyAauhSOM5YnABHfHJI4GR06E+xOcDgEDBHA6DjJ6YBzjPfkg4yx93/ZuD5k/YU29OVygpdr9FvpZ21snpo3LnUaj78rWu1rbV672tsk3a9/uIkhUDbgdOR1HOCfUD29Rn3xOFGcgEYHyn9c9zkY7gAcelIDkjgHGTwfXuAfXJHXjPoaXP09vm6j1HB/zn8eyNKjTVowirWslZWWm33X6GcVKSTblL7/AC+/W9976aiYwSSc5GcYHGO45zxn170Zx7Z78HIHfrxnPQZ745OaRsjGSD7EDP8A+r1556HNQsxBww3KFyTkYxxt57EEc5HTO7JzWkFBvq7bt9dtFe219WNudkrW280rW6+jWl0u21ibgklcAg5A9u4AIOPqATn2OC1mbBGSFIG3j7vB5z0GcdMAZ554IQtlc4XOBnp7jrg7srg5PTqTxSkhgSpHA2sSMgg4HpngZyeB9BzVxd2lzX1VknpHaMd9EtVr1u+9iLczvZJJK7a0lflenXpaz/zaYrNuyx4Ab5gR0zwOQASQATgHBBy2KkGWwSSNw5IJDcZzjpjGee7cEfdJpmACSSOM9eOMADGRgdCMYJz0IAqUbh0wcKvJGCWX1GAP8cA/KCK6YuNrO107O6fk9/RvdvzejK0tdLayttZWWndXdrq9m2kkkIp3DJx2wRz1GAW6dc9McZxnrh2RnHrxnHBwTkZ9fT8evSl6cjHIPOepOAM+uensOBSEEABcDp25x3OOBj/HOBVJxdtWrO3ntFq+2ne91e3RNNXnbZ3t3v2Sve+2z1et+6Yp49COMg4x68dOncE/Qik+T5iQc55I5xztBJ/h7Z5H+KE5wemB2JOec8kcLgDBPIGevPKAMTliCDnoTzn+EH24JIHIyCQeukLN2d7Ne9vd9Ff5q1tG7d3cLvy5r6K/Xvv5372082uTg8Zw3cgA4K8g/wAvcEHmhtpGc9iRkdcdvTr25/XNKAcjkDgkjA+YgdjxyeDz1/Wkzyw5HJAwDkAAEexzz0wQCCB1zdoJLRu6ule21vu20snd3t3RzN6NqyttfV+6u/Ta/nrfVIDquASCST0xwOM4H4joD0z2xSNlgxBySRjnkkDpz0PQnr8vtUTI2CFwBhvp35xjGO+evPvhmMrYCk5ZV79CAeSSPujK8HgfNjB5rCpZ81ndtbrS60W2yutdbdNXdi5I6O9tE97JpNX7p9HbZ/eSlsg8dAM4+9kjqejdF6HpwexIiyC5JIOc4OGHUYyOMH8eh9MkEVSMkMNuBnPqM8Dgdx1PbIHOKaYgPxyRjOR365GS2WJ44Hqc44WkrJ38rK9tYp79fXzXYtKyTTT8972te/8AX3qw0rgDGB2J3AgZA7Egdc84zx75qEHGeM+gz0BzjOFPY5Py8DJxjkW2jOMbsjAUgccHPTIJHPJwOO/OcsCFRzztUgd8jJOD9OPrwT0NcsoQV7dU1d7u1tntq35NaLRWNIXbsnd2tZ22bS07PrdXvbVWvesEDZGOgHGB7YyDj0P1YD3NMKgAkYyDkn3xjI6bsgD0BOSec5nyvO3gg4IXgjOQeOM46+nOd3PMTE5LDggDr0PYgDOSdwwcZPXIPbzalNbNJpPqn3Ti29dNE9O+lzojzPd9N035bbX062td3u1YjMb84bOCTnIB5OewA5JwTj61GzDacnCkcc8dTnGe42k59O3IxKwOAMhfTBOM8k8AAnHB6evPeowMliVxglQeSSWzkZJ5647452jBzXnVaC+JS0ta+ml7WWkm5O2/a2+jSq6jq+r0tZb66tN9NnZtbNXdhA27KgDlQuTwSRyCMnAI4zgc4HHq31IBGcnJyMn2HPU+nIHGc9UQg5BHI6DkNySeMKMYG7b1zwOSSKkYnHQ84wD1x0z068YJIGehwpOOJx5Y/FdtpJPe3upt667X126I0V3e3e6d7X+HZb66avbp3E3hcE5zjGAABnORz+Gf4hxz14aXU4xydwGCCSpyCee3XqeD3GcGo5AWAIxwxPUjg4I646nJJHU4PGGNRMrj2wP4s8jHA5wP93IAx6845ZXTavLpfW62Wm23TV3ffccd00lJu7cdtVy6pJ36rXd25bKw5mUFfckDnnB56c+ik9Og9efMvi3MI/B1y+Ol3a85Odu9SendckHoMjPpXobOCenzA9DweCByCO5AyAK82+LJ3eD7sYJH2mDcAQAo3gbuh4GOnOeTjjNfM8T8yyHOGm0vqGJcVore4n3eutraaJdzuymMZ5pgOfZ16a1e7vFfNb3162PK9U1qaXSpEsU5VdPWRn2iPcAMEsem0+mCOikdrvhjUtRmuYBNdwMsjuGtwMFCiYQlh94/N7dMdMZ818S3d7b2EljaRFVnls3dmUljuxwuOvQYGdvOFHau28H2/lS2Ms0brcPIcoBkKpTOccEevPHRT83T+dMHja1fFUFdpJwi7vlTSkrpJNXTTs7pab9T9XxWW4bD4CVW1Nucpyi5e/LWMdU1qkmmrpO9t9Lnyp4nuZE8b+J03/MNTlwo5Zm3HJB7Y54Hy+w4rmnSd3JaRlPmfMqueBnqMnBXjpgEkHJyTnptftluviH4kjxtU6pdk4IX6ZzwDn+R6kZNaDS2l1RbMSJH51xHGjSZON5xySRx8x6YOcfwqawxNaEaleMlflqTSW+0uru7vXpe73ert99hIxWFwze/1ai76PanC7Wrta7avr5JGL9gkmZi882zy2ZMStkEZGSCRjGO4xgFc8k1lQyyiNlE00vyusg811AUZwMluCwyCOp6Y/iHsuteB7vSXm2SG8R7NpGkt4WPknbnkg4HcAc59MnK+OGxnjUtEXIlLITnarFXb5h1C9W5I65IyAK5KWKhJO0UuRpNu3u2UVZdfVWW7+XRh3TxEeenOMoppXsnZ6a2Scr907P1tpqaa0U9qsUvnhR5wJDN8pCZABB7DKnvn+IDOOA1W4liuZES5lEJmiiCvK+wpkHBQtg4wPXJ7g813BtprexYrK64ukSTBB2hk5+Y9VAI+YccYPJIrida01ESOQO0ybpJPnYgjGWOD82RyD2PGBhjgdtCUYzknJa8srKMbtPltpdp66tq+vN0Lk077p7fCrNaXbTbs97tX3a6JJfjTCsngDwSS67VvZeScjaVbOTwOOQwGMHgdq8c+H1xIdYsoNoMUN2rKVBxgygHHJLd8n0HWvdPi1BE3w58Cs5dRJdTIAQDkbGUBxwP7xzwQSeh5HlvgbTIbfVdNdHyv2iPIOOW80E5zkbeeBwMcYqVK+Pp1ErpezT21S5V1euru1a60u+j1wklHJq0HZe/iNbtq/M2mm92ru1tbatIm+NTuJtEtySnk3d0pXBG3epcLjPcHOOw6jg18d+LsDUBnA+QHbwWHy4JOMZOc4xzxxzg19l/HpDDrtpHIAGF2j7TkgK1rleOOzEHpnGBwOfirxtJjVJFUBSI1wBnAwMEEdRjIJzxkDPoM86bniZy2X7pKLbV/dgr7b7/AC2tZo7+G044ajZ3v7Rtq97uaeq8tU9ei1siTwtdImoOjEfPZzDI6n92WBGScDAx7cY6197/ALO7JB8F/iBMD8r6Pq53HAyQshOP+Bc+g7Anp+cOiTuuqKdwCtbSptwOTsOCc+hyDnGQMHOOP0U+Ag8v4CeM5SC27R9XGB15STDAnnOcDoAM+nXxoPlq0tXZT1aXRxXTunv5u++p6OeR/wBmg9Ze0xOGilta0oStqu/rbbpr+ZK3Er3N0UdFV5Zl3fxcyNjIyuMgEAge+cZFP8b3YXR/DEch+VVvSW7E7xgDJGO4BO7GeRzmqEtvcl5gltIQZJpATgZG9jgNwBuPTsevrmj47S+Ok+EYzA7ExXoaMHglnXByCRkdeemMgYr6GhGcVLljduCXdXbhe/ml6ddddfUqKM6mETcVyyv1+KNPXXrZa7W1+a5eRvtMay7sRjAyG5Zs85z2wSB8vODytd18WpgNJ8GhJHfHh9VGDyG2Y5OemMHrznnO4Vw9tpt39gRfKRVB2ks6lyOTyTj3GeRx1zkV3HxQtZ73SPCcKrHE0WjKsiGRVPIBDZPBycZOTk56YzW1SM2opwlZuN27pbR0euy316La+pd6cKtGUZxesr7LVqCfvaduq302vf5b+0tAjmTAbzCCXOSAzHBI7hvmwRnp82eSO6up2HwpJUBlfVjxwc/NgAccDAJOcDrnPBrjJ/DepSXDxsYGAAOGkBAGeOTgHB4BwcHB5zz3t1pFwnwtsrSaeOKWXXZVUg5XaTwNw/Et17nB77YWhUU6y5XZ4eokk+r5bLv73N1/B3M8XOjOOHtOL/2iFreV2+9tFbpda33PAZSGxgBUJYkg4JAwNufYjJ6nBBGeldH4VDC28WKoUAaFKN3UMTjI78nAPXnGe/PSQ+BXaDzmv4hGrlZXCkqpIIyCCSfTqB2PTNb+i+FotJsPEUs10J7e70goPKjbcgdTy2CwOcYz15HBIFdOFwNeFam6lNwi4SfTblWj6+VurVnoRisTTlQlGElNylBLvdTg7aLTrd2avfsfNMKGI7nZGAGNu0Z3sB82M8j0yoHtXX+DI2TxNpDOIwzXLcAA4DK3O0YXpg/Uc4yK7Dw98O9K1rWINGGpXEIuQZluWXciBBuK9VySOAMgZ9MjHvemfs/WWnyWutL4hZ3tvMeGPygQ4jjckk7uQwVep4wBuwTu0ocP5lir1MPRjKEZtfGkk48raatvZ6/L0Kxea4OlF0a1Vwk6a05JPflSV9lr12s722Pha9/d6rrTyEE/2veEArknMhHAGM88npnqRngVRvg3q+yMPtb5+uS4OMclQRgcg7cgEHBNfTng34D23xCstX10+IvsB/t/ULVovJZxujkJVlOeCevGflBziupuP2VYJlLHxc5EYUqTb5HynIB5PCkAHkjBycnAr38PwnnVajTqxw14yUJxftIK+3NdL4bu1r+lu/lVs+yujVdKeJ5ZQ5VJONTTSOl0nFp213WuzWq+PPFELQ+JvNeGOeNNLtS4Zcgbo1CjBIGVOWJwTx24IxLiS0jkKxW67Wg3EeWQElIwWOSQPqeRwBwAW+n4fg9p/i74j+JPD9zrc9smhabYL9qiTH2gABQCuRg4API9u1d1H+yJ4amUg+KtSbzAcbUIyOc9T1AOTj0xg5JrpjwnmmJ55wow5fbOL55xTUoOKa1to2mr9XazaJq57l+HdKnOvJP2cJpKEneM1GV07NbOzjr23R8Fa+0hk8KOSiNHpFww3KGyDPIQBzkKQPp8vGcZHJTXStIeYGlbohjxk7t3PG0DnAGDxjrjn7A8TfAzR7f4x+BfhpJrN6+m3+hXMr3wUrcosbMdgAH+8AQMDIwOOfapP2HvBbss6+JdWQodqKUJ434yxwuWYD5eg7nJ4PoPhPNa05Sp06bVONOnL95FLmpxgrelmm9Nb91pzLiHK8NRpqrXmnUvUjaEmnGc/i00WzXL6u5+ft0zf8K08TEeQHOp6cAqpkZEkYIHPB49uenthiYFEQx+Y8kEe1fL2jcq4PsQMDk5y21srX2H8Z/gP4Z+F/gu2tLLV9Q1CPxH4p0uwulnIJiDzxAtHkfLtDcEnpjls8+hQfsj/D0RWsx1LXC3kQS4+0Z2iWNWIGVwFLFsc5HPGOB30+HMxk1huSl7ShSh7S89Eqkrxsravlu7baJu/XinnuXU6are0qqniKtX2MlTbvyKmpKzbab+yn8SWjd7HwToc0u/WYsxBjoGpZTbucfunJDZ5wScjjnJI5bjxm1nKCNm8ny2igxI6KdoAHDZ53DPTuPXA2/qfrX7NvgHw9o3iLX7O71mW6s9C1F1V5wQ6rC5+cFclSB6nPHJwK5j4d/sefDPxR4N0DxLqVzrkU+sWcdzPHbXY2Kfl2rGmAQCCWAHv1O0C1wxmUnTwz9l7T3qvL7S94c0I6Nxabv0e1m97XyjxBgIU62K5q3JKVKi26b1koOVrdmt2vhenXT4Z8J3Crr2kDzoGLXZcMoG4hVPAKj5VGOmSB1zzzyGq/aGufEDqyESa1enaACxzMCSVOSBkAZxxg4Oc4/WS3/Y6+FGmqL61l8RG5sbe6ngLXSABo4nKluOAWAGGxuJ452iviP4d/Drwp4l8YLpGsQXqJqXivV9NSdbkKsccEjqCeCN+QuT1wC3AOaUsgzHCU6VCpThF16zcOWbd9Iq13HZX69W7tHRhc4wOJlXr0p1eWjRjz3g42s73i7ty1vdXtr1dr+A6MHl1PSSJID5d5Zh1CgEMZ4zgAH72M9/YHtVL4iHzfHmv7kbC3cYd0424XpnOTnPOADgY4Br9RtV/Y9+G3h23TV7efVp4I3gnt5Gu12m5ikDAue6ArkgE5K8Zzlvg7X/AA94evviTrVrdRNKkutvau4uEjVEjJjD5IIUbeSckgnb6mreU47Cp0qkYc9SomlGTtdWXq0+9tbv1VU8ywmLbqQc1GMG5c8XFWbTulK7e2unfpqeMMjrZhk+VFSQkFegAPHUHJGfQds5ruPHjMuh/D5mmiBbw9Kqh8YYlhjrnAIPGME87hzivpPxJ8I/hrpvhqWe0aa41EWkrw266ghbzCgCny0JJQ7iQOnfPWvGfEcGkxjwjp13pMN0sGjOsLSzEC3OQpGeBgYwBg/X1745ZiqdKopxXNNQaV7Wa5eqjHW3S2neyOWGOw86tJp3gnPm0s9IJXSdne3kklpueDS3LTbVVbdnXam5Svy5GM5xnPqeeODXV35mg+GWlyO8ZjbxTKCUxgFSQO4zjvk7R07AV6hpfg7ToYrzU7zQbL7DE4ZJhMRlW/iZTzggZBzjgcDitDxtpWg23gXw+ttplqNMuNXvJVhWTBEqY+ctngfNlRjpjj1UcsxXK24qz0Wra3Vm21fa/S63230eLw0pR/eNOMle/ZJJX116apbary+WryV0kt5GkUqqswUMCQpJIwMnjOQABz2Ne1fCOUtpvxMk3IN3gq6HPAAZAx4zx09+h4Gc1xd/YaLLGipp8DjymJAuF+UZOFO07jxgHkZPtmvT/hvpFtF4Y+JWoWllAptvDX+lI1xuRoGDBkXBGGIAwce5JOCN6OWVqNpyi1Fa2Td3zKL6q9npf10bIr18PO9pNq8XaVn/ACroruyV7p6PZa3PkXe6xxjcivvIABBbOeuQR6ZHoQT0xXrPwkdh8Q/D6g9BeMwVlJdhAxycEHBJHIGc8HpXNm30h1t7lNHtlhRgGxcEgMMHk4yMYyRkkspB+7z6p8KU0f8A4TGwng0u3iZLe/lW4SYkgRwFmiGeFZtpVSvAPfjNehSy6rTSqSTsnGSW+i5d72d27bXvb7uOticNUU4QlzO1ktNdtZd/JK3+fzvrFyRqviFWkjXOpahtXBIB+1y8EjlT6kgDg8YPMUJdorZCULLLZZYBSWUzo+NwOQSATtJzzk43Ka9Jvl8J3lzqk6aFHHM95eF1W65lb7RIHOMZ5IY5Y4B5zkkCewtvDLS2EbaKQZ7mCLb9ob5CZVC8DHAJzyOOp6Gu/wDsetK04xbVlpe105Qsu1732ut+m3BUzHDx9xytoo62SVrK2r1ae91fvukV/jM5/wCFhaucj5fDuinjGMDT7f5jhvY/MM9MYPWvEreWVvMTerMSQGXaB8453DJ9xgY59BgV9MfFltCX4naxp8+kiWYWujwNN9oO0RGyg2jhc7gCAADkjjivObzTPD+lqWm0KN4rmdljZbsBnGcA4AHUgZI6ZyOeaynk9WV5Nayvfe60h8/k+rdtzSOOw/JBKVraNK+1kldKy3fyeqTOp+JscifDf4Po7J82n3jgnlGYyuMr1yOnAx83OcdPDWW5Ez7Cu9lwwBZgCF4AGAfX+ZHWvrPx9Jptv4H+E4OkWcwn067WCOeUMIVM7hUVm4yCTkE5OCMZxnC8KXGhQ3cseuaFoqRrEyW8sjqUZicqD1OXDAdPlOcccnpw+T4qsl7OLajpJ26xsreTtbd9Uc1bH4aErTmouTta2q19dPds+itpfc848NGVfh18TRJtQzWel/Mr/KrJdICpAwN2P4SOAQccA14+Ffyotjxs8bFjgYzwSDwDu3cDByBnBAxX2PqkWjQ+D/HN9b6Hp8Ons+mo1qkg8uYNOpEocjaVyQx4GeWGGxnxKG68MxXDxnS7B0mYLDsYuFdvlKkj7qgHH3TwuOuSO2nleKqRhBq6i+RtWa05d97K+yv1vqt+enjsHSlNuVr8vXde71d93r6Pbtr/AAH+0HxjqszsTt8GeINwRhwGs5lBYZwARkZ6+3p4DdyXLWsMipI5kE0bfKSAAzAKDx1wAxxkcjsWr7R+E9lotr4k1eGDTbWJz4S1iR5IpSBKptZv3RZx90jPQH+Hoea+f5LDS542YadaW6rHKzwi7VCoLuCxUjk56+hPTIAOyyWtUajypOKWjd3ZNXTSv0Vna1766NkSzPCK0+t1FXdndJczVrKy1urd76NJeVeGZGXxL4ZJjeIRa5pRYlCFdjfQ9eo46nt0IIFenftD3XnfFvxVII3lOyxXKwl8bYEXsBt4A6D7x6jPGZoFvp6eJ9GdLdVSHV9NEWy7UgSfaosEjBDAcYBGfukZHFeq/Ge90x/iVrsMwihmSO0aV1uIw0peFfmkLKSTk9OO/HG6tqGSYpTiouKT1SdlonHy1tbRu7vd27cVXMMGuZycley5kt7uCa5UtEmnpe+9tXZfKelLPLb6tNFBMXjeNoEWNi8jMdhwoAPCtu44BHJOcH0jxb9ptfAPga2kinkZbTWkHyNiItdRsM4GBknOOBnCjPJrovDcmkJqN24vWjdIZ5IAtxEUllEZwGXYVJx0AC4xkdMn17V7bR9O8M+CY7t5Jn1TTNQvZXuZYzHD5k6nCKVA285ZQATwMkcV7SwGLoUo05RhJztdJ3drRutPd6JNWvvqrs8n6zgKleM1OcUnG/MrLmS6Xv1e6Vna7sz4Jv0vpYL0rHu3S2yhiOyle2BtwTwB0J4Ne5fCW/YeHfjBEzopTQLCSTB+8sLxhiowCzYOBtHIDZ6qB2F7o9rDc3U1raaPcWSlWaVocts2luUywJwMfKoJ/wBkiszw/d2baX8SjaW+nRRw+E5Ll/Ih2GeSKSIr5ikgEDkAEcAkYXBzUMDiKahN04pqS+0r2co33Wl1d6u+qQquMwk5TpwnKclG3LpZpPdWers+vT5ns3gr7G/gXWLmBCsQiadSqkFniiAZDgEgZbjGeQD658w+AcSQfHL4eXz2lwpm8QzoCI5NoDw3O2QMyhDgnoPq3GKtfDXxvPd+GNSjuLu3t4LeIFhDbYVjMgKiRCDu2DgtkKw645rufg1q8eofE7wRGfEcLQprMhW3itI45lC28xARlwUJx94E9ucAVOI+tUY4hpQcXGTS025Yrm9UtUtLW80dFOpgsSsLF3UoLSyik3Hl1d2nZJfDZ7O/YpanoQk8UeI9SNldps1rUFDRwkpNuupWycbmYnAxjnr+H7q+O/Ek9r/wTMlk05RFc2Ph/Q5YlnyslvPbXDSxMd3KgSIp2jPGecnFfgHrnjrxbaeKfEsdlr9pFEus6jDYwSwKT5fnyKGbORvA+6WzlvvEnp+1Granr+r/APBLXXNVZ7TVNSGiwQ3EkmFhZ4pWKgoPuovGce+M18B4g4N4hcNusouKzLDxcY6q0+VWasnZ7O3bV2sfX8M47Dqnj6cIy5qdKVSbte/L1fy06Loux+dfxh/a8+Of7UngzwPoPxSv9KbRPh7b+Xo0Gm2ptpL+W0tYbe3ur5t7LPIkaIA6BfmGSWzzzelwm30NNoO/atwCc5LyBDznbySSOgz0NfG9r418e6RZW6XfhHT7pbmRI4ksrsRF4FC73VGU4cjBOPXjHzA+8R/Fm8ttNSG98AaurLHEpa1m84bAq7fugAtuUrtPU88EV/QHAmGweQYNUPZ+xjVXtXGFOXI5VHGTeib5pJXlfdW76/h3GFd5ti5vDqnywaUY88IWs0mlGTj3bfRPVWN7SBMvxA1nP/QGtRlgQP8AWMQAV/3jzkgL15r3JX83T7YucsJIiACQPvLgrkgnjjjgnOeRXyNpXxZ0NfHGs3d9o3iGxR9NtIltjYvO6urnLvtPKnoDj7o6lsZ9ptfi34DaGJLjULy02zw7vtVnLCka8Hk87R2JB45xnBr77BZphJQxMfaqN5ycXKLW7T0TStrfTtp3PjMTlmJjUw/ucy5I39+Ds7xT2fXpfTTZbPr9eVpfFd1Kg2xxW1luAPIGQcgccDGOAOmOnI/JL9o5Zf8AhaPimTDjyp/Mwckr50IRT14+YccdDxnGR+rVx4+8B3+varNa+ItKMc1parEXuCm4jYSuWQEHHOOpK8YOQPy5+Pkyaj8RfFs9q8V1ayz2kUNzbss0TkIgIjdCSQvQYXrzlcc+Fn2JpTyunacZy9u3He+lrtrs7q1r6u+r0PYy3BVoY2SlFxi6cHdq6UlytJXb9131tfo9mZH7OcJHxi8PIEPyW885BHcWmSA2DkYG7I9h2yf1n8AfvfFPhWUIq7tZtSBjJ41FRjOB2x9PTk1+W/7M+yf42aKowX/sy+K5RlHyWzqeoIAIUbSWx3HOK/T7wBMsXibwaZSvmS+IYkClhuQ/2jhQdrck54+nruK/FSalhal5e+oN9NItKz0V01Z9dlq7n0sFJVabteKlG+ltuVdrLT0u+muv2N/wUwYDwn8Ex8ykXlxjlsH/AEfOc446naPmA+nFfn5q1yzaLobbTti8NT7W3A/fuSpGTg7vXjkZz3Wvvb/gplK8nhH4MyF1ZYry4XIbgH7OWPIJBIb5Rz24xzn8+daYp4Z0R8/e8OyAkA5AN3jnjBznAJ5A9QVrmy5ReCpRb5tZOWmr96OuvTXWy33s07d9T/eal2kn7NXu09PZ6L12d9Gnc527ityvioRDH/Eisc4wdzCBclj/AL2cdeRkCsVxMX8Ew4YiW3RSOmVjlRumBwFHckk9+w0ZopID4l2sBHJodix3HJJNsrEHjp0DY7Hiq7XKLdeBcqGYW77QnPHAA+XPPqOO+CtdsY83LyvV36LtFppX1Ta1avv03IndczlqtdUnZ+8l5aaXum9H3ViSfVpbeDxe0zKYWvYYyHJZvmcDAAx0A4GeQRUseowQP4kkjZTbNolm2PuPkR/OXQbhjIOCxYHj5uBWfc2/23Q/FVwwKv8A21bwgZxwJlUDnJHHXJ+gHIq2dOCv4ywMiPw9axqMnAAQDJXAPXOO+evob5ZppaqPu/8AuP3b9Ho9HqrahFRcYyTUkpJ69Ho18rdLpu60a1NZPK8R61p4sbkWoXwXPuV8ASOsfQHjIJGADwx6A5rnLCO8trvwgtzhZrW21EQ4+6cq5DANkYwepwSxHqKu6XC8WveHzDn/AJEmd9oJC7ghxnoSTkDqO5+Ynln9oOt54RD7CyQXpkDEZH3woyQMnB4ORkA5PHObULOLenRWT+a0V3dN7K3rZN+zvOM4uLldye6jfTl0Wzd11te99NTV0XXfEOg674K1Hwzq8+j3kkmq7WhmcQmVC2DJDuKEE8HI5+Y+ufV9O/aEvdQ0m30zxhpa3FzaeKo2n162QM91K0n8UK4IJCfeHuQBnjyOGWNpPB91Dbvi1udWVyV4ZiWAAPzA4G7jnrnjpVXSorDUIBIbdkdfFglQlsK4LnYAMndn0J4wcZ4Nefi8my3HSjUqUKaqxhaNVJRnduzacbtta7vtpqdtPHYmlBJVOaDavTcm4WjKOykrbtq6dtmnbQ+uz4/03WNE+Ij2N5G0dzDbxR2xG2dWwoKuh+Y46bVB4I56151fAhLgOQAvh20wpO4jPzHJ4xnnA4IPY8CvB4NPmTxL4uvRJPayCG5eBFc/ZzIhUK0sYKKw5BUsDySRgjI7x/FVyIri21WxbePD1qPtluCwOAW+ZMtuZwDyOmPm7muXCZP9Rl+6d4NqVpOz2jyp73dle/mdEsXDEJXsn7qcLvb3bpO/e70VlZ28vQ2JktbVEUSJJp9zLtA+ZgI0J2nk8YKgjt3x19T+Pn7G3jL4g+Cvh18TdL8X+DfDMOs/D2zGn+HPEWoxWF7fx2Jme+uleQkFEjA+RwCxIIbAIHkGk6tp10mkPBeRb00K4ZoZn8psIp3MQT97kZyT1J7E1s/tr/tJSXngD4IfDfQ7Gy26H8MNupavBOzzltQmmR4YpUIPl4UABRkNkMTlq8DP6meSxmW0MpqRoOeJksTWqU1OEaEad3o5R95uyUk97+p2YWGGjhqtTEQdSEIcyhFvWacbNtXbtez0atfrY8m/YhNnpfxR8e6QIo5Lmx8DavBNJE4kt5praTy3kicHDIzBmjI6owIBzivoH/goF8UPE3ws8d/CLxL4NvE03VZ/CFrDLcTQxXIK/Zow5EUqOnK4+YqTgHnpn5O/YSJh+Jvjq4UMPM8A3uzccuVcJncW5Jznnqeh9K9Z/wCCpjF9f+DDksc+ErVsKe7W0Z2kDOCOd2M4+6MV5VTDqpxdhqOItWToWqprSTVLV2feWrSbsr6LVnu061WlwtWrU24Wqv2Vt0k4dbro9d/yR4foH7XXxX8V6xbeFdb8SW93oWvTSwajFDpVrC4hEZZlDpErDLMeVbkZ5HFeD6p4/u9Mvbhd1mbf7bfR2a/2fE5Xy55DGWyv8RwGBBwOvUtXFfCiJrzx/oFqvyedLcszkj5QIySTnA6DI5znIIOcDE8SxW8F7eEPPM8OqaiGUsMbFuZB8voG2kZHJU9eBj7qGX4SlWnGjSjSTppvlXKm15LV6Wdkkr79n8fLGYmrQU51HUak1zyldpLldn1as/RW06H1PB8dfiP4J+HHhvVvBHiq70y9v7+T7WkSp5UL28hkQQrgtGoOMqvBHUEEkfeP7AXj/W/iLqfxb1Pxnq0uva7f6LbWsj3I3S+beSbEeAjA27mYsNvTG7oM/ldqFvBH8KPCE1uHDy3t5IIicg8HnjrgckckryQcjP3r/wAEz4Q3xS15FuXgM9rozPasN0EwF0v3sjbgMM88nIAHTPy/EWVYX+x8fVo0aUa/vTc4wXO1GpGSbk7N6LW++6T0PbyetUljsLGpUbhLkvHmvC7jFpx01enqr9La6f7dvj/Wvhb+0LoXi3wnfW8d5ZaXpemyfbPnjL2WmwhoNuBg+YCpJIOcqRkDPy5efEq+8XfDvxJrOr+Rb683jCDWhJaP5Z+1yovlzrIOV8vOVBzgjcBk5Hqv/BSyztf+E98OXMkkjy6ncaveStGSVVYL+S2AGRkABDhcDbnIAXp8xeF9NWb4U+JI4gdrX0krTnBYLbWTSx4OCchlGACD079O3I8Fhv7Gy2rOnD2rp0KfNpzSTcbq73u3e2qV7o4szrVY5rjaMJNU1eaje9pJRba7N6PdtP0N6z+PVreWmm+HPH+l3PiJtLu5ru11mC/nN21y2TBHcFnYSW6HGYyOAO3b0r9oD4tt8RtDj+HWlRRWWkjTdF1aCDT5HtoW1BLSOExzqGCSsV+aRWG7fluCcn4J0uQXF2ogkcsEEkjPyAc7u+7qTjnGM5PY17D4ujVtbtZWklt2TQbAwpF+7JkjhTk4CjgqWJOCe/Fe88nwVPE4apSoQhUpOUlypK7ai9Wkry7dtkzyKOPxUqdeE60pRqJRkm7txTjG13fraye7731+u/8AgnlpuqaL8dbuxube6Kw+B9acv5rSRI4tpFkKqxKgYOdozkntya9t/aj8Ya/oXj74T2Ph3Ur6wk1GSz0qf7DK0M09ne7TLbs6spKlmwwJwPmyMAivMf8AgnLe3F58aNVUzSSlPA2vM/ncyMpglBG47iBkqRyOB7DOB+31fyQ+KvA7pcXNm9oljLHc2khimgk2NiZXQZRl2k7icggYFfO5hglmWb4jBT5I+1wnInKCnBOUFZyhs0mndNWb22PYhW+qZBLEQ95RxELq9pNKUFZPRcz27LSx+pPg++1Hwz4Q0e3jhLXlmupi7DzRyyKDG7hpmEmTnJB46tjIzivApvidfnwFp02oSIsUnxGSJECqyoWnI3bg4JKcYzjnncOh/KzQfFOvajNqEEnxW8W2VqunyTebLfTLE5aPOwHG4hm6kA59sg15ld3fi9dCVIviDqt3aJrTSQ2bXkhjRvMBF0MjG9sKfM4IyMk9K+Ey/wAHqNOvVqVM4w1R1K6quKoyik1zaNc9tVJpLstE1Yr/AFzioxdPB4iMVC2k9LpRbbSSu3Z2vs2/l+0nj34tahpfi7UDbeHonig8Mar9q1FpokZbdrXYkoy54+bG0Z9j3H5aeE/G1pPoPjzRiUa5v5p9ThdlUEN5swEYYgDGJONoJKgY6CvIdZv/ABa1zJPc+MdQvmFmVlU6lMztCy4eNwSNycjKng5I6Zrzxdal04LdwF/MZljdXJ2OitjDAYJH4Zye5r9K4a4IoZBha2HpV6U5VlSbqQg4pKk3a+rbfvP1adnsfMZ1xDLMa9GbhUpxpKS5ZTUn76gnbRX6OzWru011PE4eLUt5KyFLYl/UEhjgjjk853dx0719YfC+9kj8E+EQjHN82oWzYwCIlwx5yMZx8oGOmQOor481S/OoXVxfugXzIxEy4Khgy4O054Ixxnpg564r27wb4tj0zQPCMOGlTTZ7qSRNpIUSjgZB5AByDjGAcZOMfYTpyk8NDmbVOau1dbJRbd2mrpPRtb+lvHpVIw9vJr44y5bW0u4+9Z90ttX1a7+navcxQawjR7sefabweXZgzbiTyQRkd889MjjO1L5vEl7Od6oLeFSCSxyu3ru4GOpxzzzziuau9ftX1I310xt4pJraaASROFePcTj0zjgnjIxjPArYk1Gx1TxDc7bm3W0kh3KVfa27CcMvHysRyOQcYJ7H6yhy8tNq8Yx0SWik04u7t066vW7avueDi5qblpfd2TslrH4uyav89rJpP0vw1IU1a5ukYCHzLYbGUYGV646YOAf4TnI+l/Sr5IoNfRztll1GRo/lGDliDyDkfL2IA55IyKyNFS1/tCezt5Y2jzbSebvGGwuThiwBznkZGD8uCcrVWwht55LuKXftjv7re6HcQybQMAHLeqnkdQWB5HRicVKFGMoqzvZLq27OSil06JaXXldvyKdK9WSbsr7y2Tum7eTV7O68ram/YxrLq2ro0ati0mkHyD5t0QOSc5xz65znGO/h3jwBtPtSkbo0TquSpwCJGHHvwRxj8uvucEkFrqmom38znTgobaehXkg9eMknIwc4FeJ+PZ4k0KGUODiRQzEAfN5jYBwMkcgdBn5emM189UquoppJ25Ve61Wq01aejbVlda3PSo05RUJN69Uk7ON4pLRdHta/R6K5+mH7LMpi/Zx01Wbaf7WvhgAjP3uPryfTJA3AZAHcSO8lr4diYAKltqTLjJY7mfAOP93OOcnHYGvOf2XZVk/Z00gs4Lf2jqskagDaSqM3XODgnOFGc8nFd+x2weHA4IZ7K9IIJ5zvwehxkYX3HqTXxbgvr1eTS0qT3SSaa2afV9e273bPvsBKMMJRWrvC6f8A4C1HXu9tN1pqtNb4BWxOqX8EnmxtcarOS8ZIdUQyGTBHcJ174BU5zivGPjbrXjceJL7w8NYll0JtSuzp1lEImeJQGVpJNq7gzepYcE88Yr6H+BZD6wY3j2Kl7OxkJKl2lzGAcjaAODnA+UkYyBjH8V698LdH8X6lpHjXwPd6jfQ62zy61p1/tvRb3BwIreDDD+LJ4OeSQRXnYvEU8PmMKksHUxbpU04xpRjKpFpqz96XKra2d3eys106sTzTyxwVeGHcqrjKc3Lla25ZWu07Xau7Xtdrp+ZclxcT+I2gE8YuHu4LeQsG4eMgs0jKMjncdxwMk+uK9r+I/hDWbLwRZ6hc6a9vFe30Xlao1y5juo1j++Iw2UHIC5zuHGDlSD4w33wasvEDRfD/AETxHpGryaoJZ5fEF0rQSwygECEFPk6jcxLZwenJNL4hfELXfEHg3QoL6K0tLHTLj7HHHE5IuPKiMSSyKcKW28qw4JPQ8LX2+Cr18XRw1eOHqYeEpRVSFeKjU5Vbflk7SWlne1l56/iudRw9HEujUxFOo+d2nTlpJtra7TTTu7pabK54DcKtxcWcJdThjGzN8uOccnIIAIOO3XtX6d/s/fsw/G74s/CR9T+GXgLUvFWhadFK1xf2OZjDIsuGEYBUqSRllGQSwxjFfl4s0bhpEhKtDIxVhnZlm5Y/MQQc9MnGB83p+o37GP7e3xm/ZRsbu28GXunajol1YmF/DeqI8mnrcO+9bhIwQrSEHcxYHJz1GcZ8UTz2jlTrZDRw+JxqlH91XnKEJQslNqTslNK/Km1pd3vv18Mzy+eYunmFRQoOk0p6tKaUbJ295K907aq97dDxHxt4N8QeEdRv9G1nSrvR9T06cW+pWGoOY54rlAQ6PG53DkEHI6cgDthGynkezSKwt8lNzPkN8oXLEnJzkchc842lhg13Hxx+OOp/G3x14h8ea7Z6fb694kuUu76GxJhtVlbLYiiXAUhjye57DkDyqHxXchobVraCMpIF8zcceWNhOWHI4wB1XoSDk44cHPM6uAoTzClGjjZ0IPEQpS5oU6rUeaEW03JKV4xaknyq60Z9HXWBhjKscO/aYaNRezlJKV4XTTs4uz6/En5dF+zH7Hv7Evwa+NfwztfEvjK+1nR9cmu5Y7cwTpbWcqLKIQYw5/esSQeS3ORgdRv/ALRf7D37OnwO8Oi/1K78Tz3p1uDTYw9wgiuBff6uRUUnAUkE9mHJYd/y+8NfHzxtoOhxaNZeKtY0jS9Pfz7ODTLpokRvNDsRggAuw7jJPLc4J5j4i/HLx94+kkOteL9f1u0fypootSvZJRHJAuI2RGJw0ZwdwIxz0NfhOM8PvELHcTzzJcaYvC5TUxk6ywFKUkoULxtRitFFWsm9dG3a7P0nC8V8NYTA0aP9i4etWhRhCdWUINuqrKTd9dUubr92/wClHhz9hr9nPxVc6nolpq/ib+2LTR9L1e5SOWJxBBexl9wwzb+21R9MA4Ix9Y/4JLXfi+0uR8PfGVojxS3k8iarGrNbWEClk8xtzZmkIChDgrjORya/MHwv8aPiJ4T1ZtU0zxLq9lfXMUFvPdx3czSS2sYwkL7shkAACocBSARt4r3Lw7+2Z8e/CGoS3OifEDW7QXUc6yeZN5yMZh88hUjChh06jB46A1hjuCvGPA4lVsj43oVKMYq9HMKUqkXZqTT9ySS6K2trXW7GuJuCsVTcMXw/7OpK3LUoPkcbOKT0afR31s7bbteIeKv2evEHw6+JT/D7xpt0l9LvLVLzUr2BobW502W48uW9tnYBXhaP5kfIzg4yBX2N8a/gr+zra/CLxHqnhC68NXHifw6uj2uizafqcQn1uTyd13JPaKxMrbmI3A54OBxg/JHxH+NXjP4q3NxP411W78R6ze28Vmmoy7EkW3hJ8qHcqqNiljzuHGAOMmvCNXlubJILIxXCyKcqRcO/zKDtZgSwxnOAVGce3H6Ush4kzGlk2IzPN3gsXgYU5Y6ngOb6vi6y5OeLcnGShJxas07RfRHzVPM8mwlTGUsLgFXp4lyVCddL2lFbLZNJxXnq+ltH/R9/wSCmmX9nzxHCVSSfT/HZujbRsHiiYOgx8owpU/Nkc5HI2k1+U3/BY3wHb6F+2kut6ajBPFOlaLqU9yylDJqEpQTAEY3hMAZBB4wwIzX6Qf8ABHnWU/4UP8VNGtZmi1NvETSJI65bzZmCqVckEZJ5YHnI7ZNeA/8ABZn4cXp8WfB/xzc3Zurqzs9J0nVYoUUtCHf9zNI6tllc5y7BdpByCDX53w1jvqHibnuE57LE1KsZVG2oybhTlGK03u+j63Xc/Qc/wH1jg7K8RGKcYUqU1BL4F7t9dLNLSy01TvofE2myfArSLVrXx5pOoXGrLa2VwXsS0yXG+JDJ5mMhR0wMjacj5elZGveJfgKdD1WHwhorwXsMvmafa31gWZg6gSmSZjwiDkAqDjPXgV5F4plQ6pdK8zMtpYxF2G0M5EakZbHQD06k9cV5ne+ILbbeTwhgstuUXYq4zGPmLY5AOPUZx37fvNLLIS5cRLEYhyk+bldV8i1jFadLaX01t11t+LYjHVfaSpRo0lCOnO4RUnpFPVOL0dttF1d7nb6bCtpeWaWckKx3VhLNIkeAIWllY7Ao+7jIwDn5SCc5BPY6jZwi0iRmLfvkZ2b5hgKDt6Agn889ByK8f8I6k+o3scsgMYh05FwQcH5yQQvP8WTk8HqODz7tp+uaT4bvLPWNY0yLVrVJ4410+aTEV2pQBldc4BIz3BPPcZP0Cqyo4ZyjTlWmleEL6zty7czSTdk027Xbem5yRlH2i53FRk0ru9oJqN20rNLTq3d3srtHGtJZpE8caefv3usiZ+UYIbcOWBB3ADG7+70O772/4JdeEvCXxL/aA8ZeAPElmmpaT4k+HGr2ckchaGeyuY4ZJIr20uFZXguraTbJEysGJAxgkV8z33xR8KSxfatN8BaDpE1vFcrJEyB0nSTPl7h0Lcqu/KnK5OSDj9Af+CUniXQfEn7UUa2eiadot7aeBNYmupLS2EJmbyJGWQPnLFz8rBTyvPYE/NZvjMViMsxkKmXVcNGVBt1HVpy5LKFtIvms9l2bbaPZy2ng4Y7DuOJjVbmrQUOVSTUW1dv189LXV9fvn4R/EPxx8GvF1x+zF8e7+bW9D1aSey+C3xB1BDJDeaYvEPhzVr6TI+2QxkR27yvvJAwTjNc1+0HpV14W0/4gWssirps3gvxBFaqx3blawl3Lu65RyMY9yTnr9lfGL4ceF/if4dbRPEUaxSxTrqPh3WYWVb3RNVtJRJDqFrIuJIzHIqs6q2HUYyR0+Yv2rNHms/g9rVzeXC6ldaX4CvrOfURw944sDbi6II5kl+8xPG8nPLZH5lGtTm6aek217RXXLJqSacelpJarbm1SsfeUKTo4ulyNuk5xSjZpxi2k4+av81+f4o2WLbwzaxJudf7AspMk8ZDrjkDkgHA79Sc81/b/APANw3wJ+DrjJLfDjwpgA4yx0e34IycceoAHOR1r+IC2Tb4Wtgo3Y8NWbHJyB8yAEnB4B4P3SxxjGSa/t2/Z5/5IL8GWY4H/AArbwqflyRxpNvjHc5OODzgYr5bi2PKsPJJq9Spr0Sbpu299E9N7b9j3+IfehgNtITte2iaTSa189rXV7bo9g3DAwCMHBznsOfXvnrn9M0w7SMZXPBJA47dflH97pycZIBwajCs2OmAMcDO0A55HU8cncOQMHGaUhiMKTy2QADycHnAxyOgBOMD+HOD8XeNvj0stG0+kL9dG23o7K6beiuvm7LZa7fpZJeT/AOGHEqoPUlQAQcZbAzzwSMjvx0HpimkAHggDgYGenTnIz94evc9RnMW0nILBgccHjHO5u3JK84OcEdsGnPk5IVT0zyVyeBx2PpjORzVwnqrTts1fptrpf/t19L3ut2Pr9lJrfvppfTfXfzt2biMKCDzkqBznAGDk9cnBO7oRyc8GnZA4zk53YHHQgZGc8d8Y5/PEOXbjgAjtycjHTvg8cnjdnkDIA2TuwxOSDwGGQO5Gc56YPua1Vrt3aTsnqvebcXdK97LXvsrbJKbO1vNedrNWTV3/AMNr5ufOSOcY6ggAqevTJ4PXn1xkkGjdjqcdQAR6jgc9uOMgk+uKhUEcs27GTz2GD2x1ByRnnGATuyAIGIBGMjOAQM4B5PPuByMFcjswIhyUba62VlfbRP79Ur9/mPR2/O2vRrfv1t8tUTEKTggjBIPoD2CkAnJ6ZHA20wgMWyQc8+mQAQDgEg9QTjHfk9Swtg5zg4PTpuIyuQB26ZGeBk4xTWDduST0OPujpkgdfxPbPYUnOyvzbWTbW6dr9e6u79Uvm9YyslZrTo9reTTV3bfS73YArwQGJGSPQDJ5b1wQR0yDgZ4zUW8YHJPBGSSASvQkdexAPJ7Cn7ZFzgnkg45DdjjA5yMcgKDg4PGCYmdkLcgYIYrwB6nHyjJC5znnPXAzUuS5Yu+qu0nbRJR63ennZmtNyT7WSvddLx3forX12su6eflbcMliRgH7o5J4x/iOO1NZTyThs4UgAbecHGOQo7EHIPXruBQHIwcYCnnkZHXHXIOOpB5xxgAClBbBDY5J68sSCvU8EHPHU8DpWMqlnrZpvVr5X0Wtr6LdbW2ZbjeV7vdWs35XVlvfrzX6q99SMbiM5yV6j/gQ6sSOeSTxx156BOhbqW4JzwOep6e/1OO/WnbxyW6E/eQHHXvnbkkYzwRjGSRzTSxxg7cfezj5gOAeDnnPU/wgEgHjbnKq5addEk78q21dlbRuzVlt11TaVrXTt3bfl+LSb6XWva7SoJ6dMY57Dj+WRnjjAHem7MNkkD7xz2GcDAzzg9+2fQEYC2fYcr6Zz904x3HOfvEDGc4pu4kcEe4GQDgnnPzDO3qdowRwc5qlV1fvWfK9e8tOt3p2Tfl0NYqWl9tkv/Ae17/130HYYztAYEY2jBIHJA/vYHAHXcDk8A1CeGzkDuSTnGcgZGRgHgdNvUHPNPZm5P8AujjBxuJ4A6cZ6DgHB4HFQruO5iw6/jgDH58cnpjrjnHPOabW17rRaP7K3v2201ttomiUUt7Lo2knd2Wi0drK99vJsfgEE54U4wQchs4JOcZPJxwDjBzS7Q/ZgNueC2cYJ9BgjGFyRwAO5NMHyjOM7sMT1CryBnA6ElSTnO3APcVOMnA4AAGR93Oe3I2gDqec7upOcVPO0m09Lavf0tr28tboLX3St0Wnlfrsnvpr0bTsQmIhAQSoAIVhnnpnI4wQMA8AHrtpCjKpydvBxgbjxnALNnk8krkYJxzu5n3bicgk4GF6k7SPbB6bh2z2OOU4dQeQcgg9uQT0I2jtn6DByuabnpZ2V7WXzVtL2t9/XoXFX3b876W0Tflsnts76965QgnKngqB1JyevPU5yMZxjjPXNRnBIAyeCARyOMDGM9cjsB+uankDHaARwwBIwSRx1znJPQ5GeCOOMQsT/D1GQSTkAnGA3Offnip5o31e9l9yvrf0VttXbSxpaKcerfa3l9y3at21TtcgKt8wDAfMWAIOMDGARxu9/wBMHILPUg5YjBbDAAHjp3UjPYMAT/Dg1KSAGyMYwM+2OnptweOox0wDy3cR0A2kbsg8n0yPU9sgHqOnNZ+0v1vfV69/nsurVm2l11G1FvRre3TW1rJ/ctF+o1QccZwvAOCMZBznIz2+o68gZqwM4HG0DjAbkdyPXjpuxwucg5qAkkfL0BJbA656+45yevABIIyaUOV28Aep42kAcjAwAO4xwOACT0aqapX6a777S2+56eWidxOMXqtdn87J+e2/W71vYssQqqWO4n5QMDHBwCGyB1wTu3DPtxURwpLD5QT95ueMcMAfrkjsehHFNMgHAGScEkZ4Uk/h6HAHT3qNmLMM5GcYyehGc9ON2TwMnjjG7kLnWq3Ts+6urWldWT9NNtldjUUvP5enrs18iVUVi2Sc5B4HIAz1GT94dQRznp1pSiDPpwFB5zxggg/TkduuOlQIxHAyF3ZBwR3wACQMHBz2wOh4FKX4AJLMBhe2c+ueCpxndjgD8lzJNWfa/p7um/8AlvYlp2UVt6K9la19E+qu9dNPssawVscEdCN3GcZGDgZIwM5HXnGDwazoRkgYLHOcg4HBwcYGFPp1x+T2OPlOPu9xkgg5X0GAcZJ46n71QtISwJAGc9c4wo+8p6EEeuD6npRy35Xve2nMru29tdrO9ulnbZHRCTjFa69HKOi1TaS7pPRW0TtolcTBDHBUKQcenTqfVcE5GB24IpUBDEEAbRgHud2CeuCoB5HBHU56GmFxhhjOzBwB97rk9lA5z15HbPFOQ7jxgnHLDBx+HI6AY9CCeeaum052tazd29F0urW9PLVJN6FyaqQTvq1rbV2TVumvbfVbdbct8TEEvw98UrggRae1yADtb90jNgEjBJzkZ6Y7fLX4W/BHxTrPwr+LvxT8IaLdRTHxRrGm+MtZuJTl4LacLAIoAdpWcBSAACSCvPTP7f8AxivXsfhP8QtQiAMtl4X1K4jJbAEkVvLIhYntvUA9yAQQBhq/B7/gnl4WvfjF8Qfjb8WfHE7X1jpOqWWjaakcgKrfwOSqlV+/GsezauNpYMetePnsIxw+KrVHB0o4KlTcVrOdaWJg6XLsko6uTunZdVofY8LqEcFWlUUbLFXUZapWpKMkle922lZ6366XP5x/2vPFUd5+1n8ZtTufPuP7Q8XzJE1xGRJFtBG5geQFxgDv2POa+T/EXidYNQuoUt3lCYmV5QUGR904wB1A/uhgM4Ga+yf2wrRk/bY+OcU1pGLZPGDRQwLEDsKpuWQpn5W8tgzcg/eLYHNeJax4a0y8d5nsY5pt8iSzeWAjp5ZKgkYGUHOSvQgcAYP9ocKVsNHh/I42jBPLME4tK1rYelq1p166WtfVan4dnOErVM0zNqTs8ZXsrvRqpayXp3eivprdfPun+N9WtZptX08Jaala7bi3uAgdYXhcMki8EhkYAhhgrX9GfwX13UvFHgLwT4g1wjUL/UvCVi97JIgHmSrEoaaTC5LEHIBywzjODmvw1sPhlLqtncw2MY8s27ylYbOV2ClyAGZI9uOcMCflzjOK/eH4SWLaB8O/ANu0RCnwrZwAMpJLJGgYKCMjBJGRgEYxyCa/P/FStga9LL5UJ0p4mnWnGUouLnGLhF62bfK3bRq19G1Y+78NMHjKNTHe251QnSg4uXMk586tJK0k3y6bu7d7K56zqN7CuiS2qjbHMkcRjPyKE4LoAMcEZO3BHUZNflj+2Bc2yfDzwzb2ZK2sXiLXY9rbQARHOW2kYwCTjnkDPbAr9NdQVlERlViZCihRnau5AQoyPQjnnr27/lX+2bazWfw10Od2IT/hKPEC7ckjLtKNucA52cfLxyQT3PyfAWHhHOMLOd1zVqb93dvV66pLTzbs2uqPW43ahltZX/5dzTSsl032dne/TZ6a3PyHiMbor7B+8lcqM9AuQfbrkngZJ6V6f4O0+0vvDci3HyCbWEDNHwxOxx8pPO4ZwxB9R2rye2k2iKP5igQvgDPLbjknPLenOOcZyMV7T4JQTeHbBcNGf7WJb5Tk4bH1AA25Ukc5zjmv6jxyjHD0rStJygrJ67R1utr3suj8uv8ANlPSpJ/3W3pvfl102aXmrrZ2sfob+wH8OZPEXx507w1p2rXvhp38J6vJ/bdi5a/gLAKDETkIy5YAhe3YV+83wh+Cdj8MhPqV34n8QeMfEUsE2nXWs69etO0lsZcxRwxjEcewYycDPfmvyE/4JmwNc/tPBhtcW/gnUyOAMM0iDPCkAgnA4455IIr9/wB7MrHGoU5N0Sfl6kMQcf8A1+COcYOK+OxvtfrFlZxUVd91p7t9Xvv0VrqzWn1mXyhTwrV/ee8kt1FpW2e94310VtWjlfFUZhn0/YFbZaTK0YABbEEmMk5HPIBI7ryB0l/ZtCD4fyny2QjxTq5Ib7vMp55LY4HuSQvQ1e8SWzNq8CAZVbKYFQRkEwPz04B5z0IB7ZOE+AUDp4EuoACufEmqsGxjOJC3IHAwBxzz15rklaKmm3ok9dU2+VJ73bbvdJdXfpe6k5Nx5XGzspbt3XLazeqf3XbXSx6J4pKpqfhxwhG57pSeMDdnHOM5wc4HPXAGK/KX/gr9deT+xP40jDbDN4g0WJVJ+ZgZJNxxzkYxxjBHA71+qPiwt/aXhJc9XuCMcZXBBBx1GMHHqeeea/Hb/gs7qC2f7JT2fnAPqni/TYSmTz5UsvG3n+WRxnB3Cu3JHGWPpJ3ceendXenur7rN3du1uhw5nzQwNVq9/Zy0Wl+ZR281dXSV76n8q/gfy45oWljK5t1Ck45kZVHOcE5wcdDjqa+1vhzc2cGo6AAAj+S7PlSSGYAgnoOvfGDwCTgCvk7wb4G8R6/eWS6baxRQTJGkF9dzrbWnnRgY8x24UZ5IIXgHdjNfX1p8L9e8NxaNrlz458FXl6xFjLoNrqcM11bMy9WRDlvUdicdelfrNTOsswtOnh6uIUZpxVlrbWPNe17XVt7d3pt+VR4dzXFVJYmjQm6T95zenuuUL3v5JN6uyWi0PLv2nLeXUri3aIqVjEZLgfIDuO4ngYwAPx6HNfJuneHby4aSQSIyJJkAsBuOMADHXtxgj5V9K95+Let6j9mvNOktbi4eLUpIZJWB2uVIJMJyD5IB+UgkEZIAGDXkPh7UYQl35uLbynRkiZXYFwcHJJGORnABIJI561vRq052nSbcWk73umraaaKS+ejfa6XJWw88LT9lWS503FxeyfMrf3Wlp2d/Ik0Wxmj1SGS4jUrAJhtSMH5gPUgZxgA54O49cmud8SeKXkilsYVEflSyDcAc4DEbi3r2HCnp0B56mx1U3msKI2VE8qYlQhDSsFxgdycc5B6n15ryrVtIl1G5vp496uJplEO0/wB4kgHAGACc91PPrXn4vHxo1OSUoxcuZa6N2afW1mktFfd2S2a6cFhHiIxcYv3Ek7dV7ru91ZJa2u3vbVXyjqE4nkmillkdk3NHDuLMzDaV+Xn5QBleMjHtXS+D5mmuJWmgmWTdsiEwYb2m6g7sHndw3I5zjufTPg94DkuDq2o3wtAlnDGEFxscozfxHcVJGQQxGMLjKkACuO+KmqQaJ4st5NNeCT7MsTXFvaALD5oKorbFXDDbkhsA7hk5rxI51H677CMJO28mmkr22bvfdWst76WR9DPh5LCfWZTspN2jy2ktr21b0S9NXsmY+tamtrqF1GUZTbFUKgkqXODtA4JODwOnbGcmqMPiCQzwB8CFskcE4x0GQc4A9Mf3sDOa526W51G5vrmVQ1xPIsxiQNuKyAEZwDggEfLxg5wM5FRETKFgWFwwU5BBwhAOQSVHQjhsKDjGc4x7tPF1IyvF22fLZ3aurJu+3Lpa3XXbTxJ4FQk4xTbTSvZpySdlq1d6JX7PR+X0P4cm+22kksePLgQFm2cFSgKlQTwPfJ5BznkHk/EFsI7K5kYou+U+SzADjIyGbn243enU9bHg3UY7PSnCq8vnQtE4cOpMuMqFOBkNwFP0IIO6ua8W6tO+kRwR2Ny9yHl3LHDKxRM4YgqvXB2gjPUEcgmivi5Sjdz1bbdm7K/LdLe2mllta/e3NSwteWJjeEkm731stYK2ilayu/LtYwLHW7XTJAXuYi+DgFt2MYygPbkckAjrxg8xXni9JoZ4Bki4dAWySANwG0g9MjtnByB04ryaa01KcyN/Z2o53EKBBKWKk9yVHPTGO36yWsWrI0YNhd7VkjAVraUcBwRlipxjjccgZ64GBXnPEO+19VqkmrPl3dtn2bTu9raH0VLLVFxqScm001pezait97XbWum3y950siDW7NkRd4S0naJiCGRApdSOATsGcZOSMgYr1T4heHLfT7i21Ozjjkttft4Z4Y4VAEMpC+agIAzktlg3IIGRxXltjiTVrV5oZFP2CAq8ccmRJ5WCqnHzEZ5OPYg8Gvq/w9otjq/w7t9S1AmWbTHY2hmRmPmq6/u3yCSroTgduOQACOpV3KFOzVk1pa1kuVO60bcU7Xdr6W204cVSfNKKW8WubZK3Km5JW1WurXnfQ8P8NWbrrmnoyMiO20qRlsxgkMQeMjPUD1A5rrbvQri6vLmRZUSNLlo2jOAzJv8AmAyQQRjION2PlG5uasaGYT44tI7q3eGCW4f7Mpjx/CMnBH3CeVC5BBBGBmqPi7Vo7LUb9LV4yLa5m84LuLNvYFWx1BHQ4+6Qciu2Ne8U23aLtyp662bW/TVr+73seZKhOSUFB6JuTWk90tbS+FrVLTRtux2Oj65LLd6doli32We3vrOFp8BU8o3MKyb2JDMCuQeoUHByTz/df8Hfg78D9B+APwV8ftb6ImoJ4RtptVubu3tm068vBpTyEywyQ75PnU7y5YhiDkZFfwFaZqRj1LR9bsIvOkt7u3vJorlzHFcfZ5o5mjdT95H8vawwMA5AHJH7qH/guD8SNV+Fem/DHSfgf4ONho2iJ4eWSCdEFoJLRrKfUFRlP78Z8xSp4b17fzN9IPg3jfjV8N0eFcTUwtPC4uU8dOFZ0Y+yl7KMZNKzklHmva71fxXP0HgTG5bln1369CEqrjFU5ShzqUYe8opWer5rS013s0tfr/8AZOj8Hvdftb6rr8OiPfaj49m1LwlbFLe4STTnvpEj/s9Xx5MQ2nCIADjgjbx+pnx10X4ZW37G/wARtZSy8NT3UPwo1Oe/8qK0SW2klssGFiPm3k4wpbJO35cgAfwrT/GP4jaHreqP4e8Sa5ZX2s3815OsWpOltFuuWnigjAYrtjMhUg9doJ7Z6Xxh+1X+0rdeA/EPhrUfH+uweGNVijttVtH1Z5YLyIjEkMid42A5QAA4A5IwfFxvgPnuNzDBZy8/klhng5VcNUjUavh1Sc3FxlZylyPWUVpK/RnqR41wVH22C+o61ZTp05rlk0pNpp2WqtLq1a3Z2Xyz4iWxs7u4urVVjtZ7q/8AKUJtAQ3EjKylSCQoKkMeCGA6EEdf4AuLs2l68eZEa3VU+Qu3zk44JypBzjGV46jpX6R/sJfDX9k34vfAn40T/tA+NvCGgeKdHsriXwr/AGlqcWm6mix2ryRS2KP/AMfLSTIqGNAxYkDcCefxjuvF+o6VrOqQaDrRg0+w1PULWyldCRc2NtdTx2kvAGRNCEcNnkEN3UV+1cL8TRxOa5jk88LjaMsndKhUr1qMo0cQ504tToza5ZpbSW97a21Pns4yWMMJhcZCvQn9cU5qlCSVSnytK1SKatbRp66/cva9RsdQGpySTECUyBoxI23KN1ypHGBwQxH4ggHA1ay1FP7Xk8uJ0WCLc2VBUk9FA4JHAJ6kYOOmON8L+L9Q1i+n/te+glcQsInaN/mJPyhSAMn24HBxtPX6E8H+CtF8Y+GviDq+u+NbDwa3hTw0ur6bFeN5reLL0MwXSrZcgrKcAgbTgEjHBx95Wx+FoxhObnaUkrNKUk24KyVpXldryS7HzNPK6kptLbkdlF3jpZtpq+u+mu3Vo5r4ZC5ub7TrbdFFIl3aljkZO6QcEnJ6c5PHpgHn9Vtd02ew8HBGmt1eRrHYFXJYlU+bOcFgo5HXjPJANfj78PfFmi6VqFnNqLG0/wBJt33KSzOUcSMGX+HA5UAjpxjBI/Q+5/aF+H+v6Bb6fDqLrdRNE2ZImUMbdVUKWPAJxtIG0ZGMbjX1mXY2nPDSVOXvOMY35rXS0aUbbv0XXrq/KpYRUsS3Le6d9bNJrdNWUmrX1ve11ex9ojTfKPw1ae2+0B/D1ywdI953F25wRkgAZXBAJHQ8g/0cf8EwP2QX8VeD7P4reILzxBo+lX4Fppr6Xemwnm8qYl0kQAOyNgjBPzcdAFz/ADv/AA8+OPwh1PT/AIZPJfwPf6Fpbw3sVzAyq8tzKUj6Z3RoDudgu1VH+0Cf65f2KfjvpWnfs9+BoPDng658S6S0NzcW9z4eut0DvHIxlIQL+72spxkkZBOORj+dPHDiDN8JlUMDhYSVDE4lUqsox5p9Hyq668qvK10no1pb9F4bwdGU6uIpyTrQUXFe6toxXvOV9Uk0m1100sjxD/gqR+yR4K8PfszfEb4iaXceILrXtG+ytbHUtWe4ijiuG8qVhEwIDupOCCD0Ir+L690LUdM8feEf9FLw3Gk3rwI0nJXzSOMEHB/iPzcHcvYj+v7/AIKgft4+BdZ+Bnir4QReE/FFh4k8bS2+nWMd7bNLatc2jedMUkBXcEAKnk4bJ5wGH8pPi/V7Wx8aeBRdiPT5rXSLqFvtS7NjO5YBs9OcEZ4JyMngV9j4EQxtHhVvGRnGMsY5U1UWsqbVPa+iV9tNGtL3Z81xa41Mxipy5qipWbTUuq93mjdX5dLW0b9T3z4PWgm8a+DoL2FLWOLxDo5cMhlExe8hUxMrA5VgdrKeoyOBkH+vbQvhv8NdH8ffD+01jT9P8rVtM03Ubk2um2wtpBBYrMiXEZQqSsgBZsAEjqec/wAinwt8c+F7HxP4fur7WtJhSz13Rr27kcjdBbQ3kLSuoI5VUUkk9lx0Ga/qF1/9pT9na+fwTrlt8QLi7MunWNlFqFk0QtSo07y5LeLnchjnwrHAAIxwc15fjjg80x1bL45dCvUUoyhNUU221KnZNRdrJXV0kmlpsz1eFKlKjRqKbhFr3k5ckXror8zSvdK7S6a9D5/+Nfxw0r9nL9r7xh8RvCnhXw7rXhy98Gyw2+jTQQ2yvdwELI8MSbUPzgEkIxB6kHp82eCvj98b/wBtn4l2/gv4jyat4T+F8jajqsOmeH4JLS0tbFS4jV50wGDbhHuyF5BwQcV8m/tw/ETS9Z+LXgXSvDusCS2vNK18XWpvcpKskEl55sKylJPkYouMOeM5JGRj6k/Ye+Iun2esT2epa3o9n5fg66tLFNQlgtxcOkiqscVwzqDI5IYDOWIGeCCfk8ZwPh8Bwdis8lhJVM7pYFSjUnT9pOFWMYtckHzJOKtaybva2u3qUM+qYjPMLgHUisLKahKVldxur67K+jTfaya0P1I8FfAb4f8Awa8K+HQnwv0nxHaarHepbXms3qT388flu5eVyjYQ7SQCc4JOR0r5k+Nk/gy1+FfxUtU0HS9Oml8A6vef6Fo202+mx3KBbaC4IwTC+1WlQKG+ZeOM/anxB+KyzfCDw7etqPhe1s9F+yWd5MuqWbTQwzxNFNcMol8yGMAjMnAJOR1xX4l/8FNP28fh1oXh/wAPfBz4Pzf2hrs3hc6B418S6XNBdaeltdEXMkYnQYneR0USLuwAdrHGBX8p4HL+M+Ic+wlBYfHU4QxEqjqzjUpwg4Sg+aXNGyi7vW62aTldW/XKVbKMvwNepKdOpVcHTldpS5ZcvLZXTk3zau17q+jtbx3Q/gD8KfCd54E8ReO9ah1HSPH3w+l8Sm1m8NT7JbqJN1rpcMhHziNtheRcK5GSR1qrod742+I8T3yeIbvTfh5pF0ui6B4e0/WLjTbUNaRywQiTTdrsqSLtEoGNwUDOTxuf8E+f26de+NWpD4Z/G2LwBYeHPhv4XOmeGvFXibQ4bkWWl+YkSwKkabmnlHXqeTk9a/U3w4nwl0/xlqGoaZa/DSHwbos8ep3/AIhi8L3FraG2FtNNc3Ft57CE+cwwZSoVWbIwRg6cU57jeH80/snPaNXGY6nOHsnCoqsFGo48r5HFWvzxjfW9loxYDBYTG0frWEXs4VKclKcYqL5o2urO7bv0TV97n436d+yf4m+IMvw20TwPf283iXXfHF9p2o6XL4gE8rWUFwss7iOQ/wChRfZy4WM4LHAwORX9A2s6t8QvgLpWieEfhd4Msrjwh4N+HNjZ+INW1cW0xsb3yBHdeRO/zbvNLlWxlgQNxPX8mfFfi3SfiDF4M+JX7PmkS6NeSfHPXdB0u70K8a2vvFN7PI0SyW0Sb2TTbF08yXauApA4OCPhP9q/9ov9sX9nH4rX/wANvHvjk+JtR8RaYdd1HT45priyGk3xLWlhcuHQSyWqhklXaCGB6/Nnwc24fzTxAxOX5NgsXQwtSjHFVHQqxqQmlzQVS8IWvKPupO605muy9fDujltOeJr051KUXDmu7xlzSTu2nZX7K7d2tD96viR8G/gF8Y5/BPxF8R+IRofinQrLSLe70TQ5LeafX3vZne7aRooHYyOW2jqQQASAAT+HH7VXw/tPhz+1J4z8OeF9K1DRvD9wi67pb6llr6SCe2+VpA+xgkhBKNswfQYrxL4Yf8FRvHXwLWLxpc+FtM8X6jYArHpF/b5sbaRTvhmgeVnAaMhgqjOMggdc/Mvxx/4KbeNf2qfj/qvxX1nwjpul6nqfhNNC0/RdLkVLeyFqhVZpCi+WWIBy2FJB+b0P2Hhf4P8AH/C3ENatj5rFZNQoVaeGqurFx5ZOMo+5JSlF025RtZtp6s8bP+JMorYeFCnUl7STTcbOTi7RXLd2snZ2SV1pq7O/lf7VVtAvwb0W5uijve+LNQd22BJQqyEMSWALqDgltzAd89K/NKwt4m1CIMIzArByHAPc45P3vlwDz1ySQQFP358c77xZ8atD+GOhaXpSWdlYWuoXGqNbg/ZxckFneVxhTKOgXJJJxwOa+ErzwlcwXd15LTypZzSWrsu6Ib4nKt3JJyARn1I4ya/uvgl+wyx05zUqsK8nNXu1flduVP4UlbV9H3VvwDiumq2YKUG6cXCPLLVcytFvTq0rX3aV7bq/TQ6NpOp28Ea/Y5Lya/ijESLGjlSwQ7h1IK4UkEYyB0ArnPF/hpdKvPENrDBHA0IhIyARllVsKecgY46L07cmppXhu+8Oarb687M/2d3vYrbzGkWURBWG5hwpBA7buTtIwAOl1DxzaeMn1G7l0yG1lulSFlV/mH2dfmkJJJIY5IJ3EZA+v0letiFK8U0uVaNN3u01dJaNde/VanBg8NUp04pzUm1zNO938N37t2m9NWr26bmJ4W0dho014y28sSTIJWVgrEYAKgZHRsLgdT1Jxw7X7Gyjexj09ArTIZrkSy/MABnhQcEAgHGBkkZyasWlpaaroVtZwRT2sUeoKJ5rYszz5dhhRkD5QMjj7vI5IB1PEfhq3tvMTTYrmSaz08O9xOrFnjZeQwZsBh0ycKc4HXB8+p7StLlqJxTcVotU3y3+ymkvPda7ItKEaznzWacZWauul9VaSWj0ejs31HahLb29gt1BNDEqQwxyKiDez4GcfeO1ifmZh9evPm9jezz3szxIpffMrNIQ3ysWIO3GemCSOmSPmPS3aaXPMlpGst28lwDK8cmWjVVJGNpBBCqOQAAVwcDivYvB/wABta8Q22oanpzwpZQrGJLlrpY5RJL/AM8rckZCM3zfNgKD0LGlTy2EaUmqi115b+9ry6q3VvfonvY09q5tSdkoNO121dK+zTetvlvvqdH8O9f0f+xrvS5r22tpmsJ0uA5VGZslwFB5bOBj/a9O9WziOvXFvaaRF/aV5G0drFa2wMs8jTTBIYYoo1Z5ppWO1UVeuAB2HjXivwp/whWqaxokt61zqMUCk3EEgVG3jJjV0YgE5JI55GC2Qa/S7/gkxpnwR0H4zN8Yvjvd3ENr8I9ObxX4b8PyzxiHxT4gsy01razRT/upVRY1kRWUjcAMda8/Ncz/ANWMoxmYxw9XFToU3OGHoxnUnVqtqMKcYxveblyuV1om3snesNlcs6xlLDucafM378pKMUlZtyb0vaLer1euuy5fTP2bPiv4b8VeGLLx14E1jwTb6rc6TeQXPiazm0+P+zbyaJBcgTBdy7XEjIDkLhWVcAV/Zl8ZfD37If7Kv/BPPRG8V6B8OvEeu33gGFNCu4obK412+8U6pp4aLULeNGa4RYbiRCGY8KOOAa/nE/4KVf8ABQ+5/bq+IPhjW/CHh64+HvhjwbbJpmkaRbC3jutSmR18++vpYEjUIdpECYKxoQAFKkD4Un8ffFbxfF/ZfirW9W13StMWGLT4NV1d7uGxt0ULGttbSO0a7VHyhVOBgYyMH8pzvgzifxShkOMzCt/YuFw1aeIr4KnGq6laPtISotq6UZ+zja0k+XnfWzPWp5jl/C86+GoKWKqO1pprk5lFJpuK95XeiVldJvs/6OP+CZ3/AAUMsdN/Z3+JH7Puv30+veLZruW78IaBAjFV0u4WWa7tYmdgFEca72HRFT5RgjPl3xP+FTfFv4hfCiDUb2LVIvizrl34ePh5JzE2hWEN8r7ru5AYQxqiZALAE4564/nV8LeOrzwD4g1abwtrOs6L4iN04TV7S4EUtvvUo8UToRiMqdrL0APfDV9J+E/2zPi54K0uK30Pxndtq1nfpqdpqGoxLdXNrfjJe5guHO9O+UjAD9MEcV8vnPgLjqGf4rO8ixVOjVqYarTj7VzToOpT5Z8s0n7rm/aSS5UpPTSyPZyvjzArDRoYvDXlUqRclZyc0mo2b0vJx03UUtEm3p+1v7X/AMFfhBJ8Mfif4dh+FGi+EvEvwFsdO07RviJMpittX1CZ4ltXeYlftl4ibngXJAIJDA1/MF+3bpfiPRPiD4XtvEPjCTxreXngzQr231WTk29mbbK2EZOCkdsuI1A4PBOO/wBL/tBftg/tI+PbYt8QfHWqXHhXxW1leapZXdu1jp+v3WkFTB8uxVcoQPnDEkcY2nB+Ifjp491744a5ZeL9RSCC503QdO0G1trWJfJNrZRCGORQm0bygIYkHJAAJ2nP1PhZwLxRwxiKc85zSGZwhUrtSVSpVlFTjSjCCc0mtYS0j7uq02suKs6yfMaSjgcL9Uk40uZOEYN8tr6RbT6Wu76M+XbOeWK7EhmTYsm7YGzkAAbcDBH8Ocgjp35P2Z4Nmll0HSZSp+zNDMWQqDlirHYQSckkE5BAHU5ALH5Nj8Iaksu4eW4kcqschKHDDJB56DocnPQEDB3fRXhjRLpdGtDdaxdWZtonYQRZMZYEg7CDjAxg4OOME5r95x85+zjek5SaVrav7KWj3WmiSe271t+fxpRnGPJNKXNdpty1XK2n0s2rPS7el0krfQV61i/gfTJ7meGKaGWT/RztUsUk/dgY4bgYIzk5zlc5q34B1XSYfEF3FdmBBqSRxwKEDmP5MswOVwAerdfUHAzzlj4A0S+0y1vbrxZqdzayQoZrZZI/3EjZBO0tndnOSBzgcfLx0TfDjRILS1v9N1fUPsyXKQz3jzoDCjFflDBgxYjoVYBscDuPBpwUuanVjON7P3lq01HXezTumraK9ltpdSlXSUoKKsltK7a7tXSat38tUcf43aNbLxhb6fKfIbUI9ihtpkIfJOAM/eYqck8DAr5huWuW8XeGyykNFqVrGxwSVSMqVJOcjBYkc4+8CBxj7B8ZeF/Dnh/wzrt1J4hE2std2g03Tp2R5Lq0l63BAY4PPzE9OScN1+U5ZJYPGXh268+GTyNespp0O0xm3SWJ5FPZgACGBJJGCeev0VKEcLl9VxUqjSuoJNufLayS01dr2b0fRKwqEeetFT92/LDm2spNLVN62s3urpaLa30NIoh8XT6hcKjwWsqTHzVkhldZYUXKIwBaMnI3KMAjHIGK++vgtc6fq9r4VeBWS206G9nvYplLKUwSGeMsNyj5QMgZx6HceD+K/jzwD4wm0W+0Xw54YUquh2N/q1uYofs/lRIlwjwJgyAkkuCud2MnO4DA+EkkS2/j27OszA2F0YtPjtWEUH2EsxYgHAVNvoCNoyc5BPyGJzSpjcDzTw1bCSc3anJXlaM4Pmvpo0mn273PZeUUcNWXsq8K/NFNzjsr8srK+t1y2d7tt6eXhnxy8U6ZbeL/ABPptuVaC+1yWRWhRsxKMBQnzEKM8KAM7c54HHNa3cW/iH9lvV7SMSM+heIfNiQHkb5Dukwc8dyQCAw245xWv8UdB0rVp/FWvwpvGnrFLEySKytK6LvZgDlmc/MQfU7v4atfDTSP7b+AHxkjAwLS3+3RIyjPERYbctnOdx4x69s16GGqQeGw/LduM6S1XvLWC9W27tPpu9NzDUJ0pVYVEneErWSvZPRu/wDNZW1V7dlr+dERV7+xBZkJu7RW28ZVZFkJHrlc5wQM9Txg/vd8Ov2sfhb4c0zRPD2p+IZbeOPw9p9vLcx2zZjngtY0aIjIBIYbQAoPCkqBX4EWZZNQ0lTL8r30JbcMEEOqkEZ6jafXAyPQ19A+JdMNvNHcRN/oxgV1dQGUziLLbiOMYyTgdxjgV7NfLaeYKPO5pU2pNRdruyve6Wj1s1e1lrYjDZ1UyefNThCTq+7JysraqXfZp9LW0V7o/b8/tifBmzb7KNfvblzC8kbmzd2O4HDZzxxnJ7gkcnmqJ/bT+Dy2bFtTvkJLRSv9hlVyXyQy/NjPOPvdNxzg4r8MbTXNQQrKbhCgSKNGdVL7Q4zGPlzyg46DODnGDX6CaP48+CGueENE0N/BmnWuoXDWcN7qt6Y4XEywrHLMjHl08wGQD1BwSOnBiMhw2HnRlSdecZ2UrLWN0lZtNtaq+7XR7nuYXiqriYy5nSo8trJr3m1y2tq7O66apW6bfYNt+2l8H/IeFtR1B44ZEIeO0kEjlsDnBAAUHJGRzyGGRn4Q8c/BHxt+0l8T9b8YfD8fbNH1WSL7CbiQQSyquEdUypXEYOXyAqD5m4wDwureFtH8LXM7aZqFtexXupyCRZFR44rQyExeTn+AoQAwI4K47kfo/wDs23FzbeD9As9OhR7ufVZbQvaptltbS7+XzUG5XYoGMgOOoAGFwa+H4/xdfgzIaubZUozxScE1XjKVJRdpOU1G0tFq9dHp1Ps+AsNhuNc6hlmaz5cLGEpp0moTc4tcsVKV9+zVl1PgT4i/sCfEv4beGLrxd4ufTIdHRIlkW0njubpZJSuCEVtxUEgE87emAeB8z6b+zlr2uXjJpl7HMk6PJGjIMrGn9/IJJLAcdRgkj0/bb9qvRbrwp8No9LvPEGo6xEmqTeY19cufOicNIsewuS4icgBcbQRnrjHzP4Pn8EeH/A+g69BqNuuvkXRuLZ1TeyklgGTcpJx/Ec47Lk18zwRx9m+d8P081xFGFWvUxVSlGNKnOMHGEox5km22nr11vfRnucacC5Rk2cTy7DzlClTw9OtL21aE5p1IxbipLljLRtNaO623t+Wvjr4L+KfAlqmqalbL9kaTyRIvLLIehZRjG4HcOuM8k4NcX4K8I3XinxHYaFCyrNd3MQckjKK0gzyeeSc56Z4zyc/ev7RHj/TPF3w6uIrZYWvlv0BjiRVd0QjLEK2VXgYPAIIPzA8/Kvwwe10zxJpGtfZpVmEtskW2NvLeQyopBcbgSCwyQTtHLHGa/Zsix1XG0KdTFQjTqc3wtcmnutJJ29/ZabvqfjOaYGnhcS6eGl7SkoKTkmtFdXd1pdbx6ra60b/UXRvjpY/s2aVo3wwvvDOoa6tlptvqH2u1uAsTmaMM6OVDDJJyRjgndg1Yk/b50KBZJofhrqzxlmG0XZwQOgPGfrgZBHALcV8n/tGePH0/xdYWh0m2lL+HrKSeV5C53SQqQqMcEEkjIUgZBPGAa+eIPE1xJZxyx6XbhJZmBTdkZUE5z0znIzkd+wrseQUMZUnXnKrCVScrqM7KLbVtGnotuj6dTJ8UYjA8mGpu8KcYRi/db0Ud22++rXz1Z+lY/wCChunIvy/DDUim05D37AqT8v3fLOOfUnIyFIzgOj/4KGwtHLG3wquti7nBbUAjMM5y2Y84P1Bz0x0r8tL7xzeSAGPStPjZcKBgHJQgLkA8ZAB7E49hjctPEOs39hNdrY2S+TGFDeSQfMQLkAA4YEHJ468ckGh8L4Np2nUbTXMnNrsru2luqVumvkpcY41Lm9pBLSy5YPS8U01Z6J3a9WtWtP0itv8AgoIUjeSP4WuYW8wAyakowWY8AlD+Ge5Hfmqc37f5Ikmb4WEscKc6uoG3I6/uwQByePp0Br8z9Q8X6jc6FOJbe1R1uVUSxxEMuOrbRjAXGSeu4+o44GfV7t22mXaGAwV3FSQOcgH5c59ACCeScU/9W8CuWDqVdeilvstLq2j07669USuLsby80XTkk7SvFNXajsrWvrb59D9XG/4KDy2UglT4WIxkTjfrAYDGMkkLkj7uM85HPfFS5/4KL3k+Qvwx08KgCbn1gKdvRTwpIIxyVB4xyc4r8t4J7lrjdJKSFiyOXK/MCBnJzyByCT1rib+5nF4yieSNHB2bWZVJDsep+7jpjoAOvBrCpw7go8lpVUr6Lm7cul7taW0TW6dtdTWhxZmdVtc0LXSWkfdta13ZpWfV79Lan7B6Z+3frE7hIPhppEhkYsGl1dW2s3Ix8vIBIHTHHZSMaEv7dPiyxKbfhz4fjeZj5ZbUBKAOCMYG0A44yRjb2G7P5L+EdUvUlWESAxAs5JZiOAFBB9cYzz6YzivSLjUrg2QxcI7eaHXP3g5x8oY9wRxkY4PBwcaPhzAuMW3UaS6yenw6b69WrLcmpxNmMZW9pTVndPlSvtsr667b9vI/Ru2/bq+It/K1tZ+AfDgkbesRE6M4YLnjPOOeSRx3wcVrWn7Z3xZlSSFvBfh4ytwD5nCtyq4OMk5xgEHjryTX5n6DrGqWfibSWiuTI91crG6n/V7XA3AgkDHUHueep4HuWqz6sb8st4wU28m5IRtBaMMcZU8YH3epHHU4FdNDhLLqsZz/AHj5Xa3NZ6pPTXXzb3e27Ma3FWZwSvWjH0STW2ul+nTvtpt9KaX+2r8aL6+u7KTw/wCGkuFmlS3BTa4jgzkGQMRgKG5PAOB0GKr3X7X/AMYptSgsbnT/AA7HLO5WBxFno2ApcMAy5GGxnvx1FfDPgq71efxLcst04Ky3Xm+Y+WzuYEjPQFeG5+6MADA3dlPqN++v6Uss6HypQAUjyAC5GOBnjjoT0zjGK3pcI5U8NKu4TdnJWk7rRLV/cr2fYylxfmntKcIYlpN0/itFycuVWV3qtdOtrX7n71/8Ew/h9efty/HvWvBvxR1aTQfD3w+0/TfGkZ0CE29xd6rYXwktrc3BJKxNNEu8YG9MjjINf2EX7rBa2lnHIfL0/T7WwgZm3u0NnEsMZc5w7bVU9OuQwGK/lh/4N8wj/HP42zs5mkTwbZqrlcEg3ZyQ2DwCcYAwAOe+f6iNTUFm2qQWBIDEkYDc565HOQV453Hng/zVxvSjTz2vhqdlQpKKpQjtFyjBy2u23JPZuy12Vl/RPBjliMmw2IqNzrVeZ1JSbTfLKKT07PbbmaVrLeubkKVxwqq275vXII9SPfnnGSCOdn7e66enzKAFJwCMkBgTzjOPTdnp1PbhJWkU7crhi2Rklgqg45Pfk9MYC8E4rYkDfYIuMLtIJz1yd2eT64HXntgEmvkadPV3tZbp3bSUV001vv8Ah1t9ZWppciUereq1+y9r91r11d1rrJLqTDIPGTkBsuWyACWwFAGDkDt8pzxzTk1CRjyQByQC42gEc8Z6gcDLeo4IxWIUdmPXOflBbg4HIzg45xx04GKjPmfdJK/mSFHJ5PAyDx9emcV0Rgkkkk7atvR62tey1+afr0M/ZpLTVNR2d7bLVW33srddHbU1WvncMM7c8cMCDxyAe5JzhhzyecmqzXLnJZyQo4XkANnHJPXsDgeme+cxlkVTlicdFbrktwAeemMEYbJxngYqHaflyA2d2QS2fpnA+UdQcHuCd2QdoqKtdX287K//AA2jvrbTXRcltUvPaPVra/V23WujbuXXusBsgjORgMcgZ+b5s467ee+Ogxmq0khYHAYnGeucgnOT/tHJIGc8eoIqEkj5SoyCc8ZPHXGT948befoGwBUbIflGNoO4Z44A5AII9BncAMc4HStoON+i163X8r6NK619La76J0+Zay29drpJ3vdX1fR76a2Ti6tlW3ckKMYDHJ+719Tz6DOTwDSISR82AAAQcAsTk8nqSp4yDjI+oqT7OT1bJwoBAJyO5J4APqcBcngcg0piKEgNjLcEZJ685PGAR1+bHXPUVaqRV7z1srx06W1d3bV3036+mLpbJXfwrVbfDd9NtUk/TS2jQWyewx6dAO/GRj8Mc9utJvYknGDj5RnAwpwSSeCTzhc5zn3AjZOuCACchVyDweMtkdOOAcemc1H83A6dgSMkKpHGc59B2JIAAGON4TjzNt9H0W6UX6PfXvra7MnRlZuz1063+6yTet1eyvfVbqTexyDwANp8sjvxjsR6gepzxnFLuyDnPcjJ5P4jjI4B+n4VDgkg8nOeeuenfPUcn1IYfihWQgZPqCTnIxjpkYHX25+tbwldqzfp1X3O61V73/DQhQte99Honp21tpZt3aWtlfpq3bjubI+UgcDkhuMZYfLgZ5GCcc5oGfvEFONqgEY57kZ468HpkE84NJk4wGGANq8YJJ6Yx94epx6cnmofmwATjoMjnuGwCME5zj05NbRcZWvJJ+a1vdWttvfS93a9/KXTas03ays7dVa++jtrfz7pkq5U8Y/hBJJO08j5VPGSCcEnHGMc5Dw7YKlsDryfTPp65z+OMccwbTxxkAkf7pOO/tnnHTrg9CvzKSoXOMDAyQM56/Xn6ntiqskoq/k7aWT5XbX5NX0u9G9TNxa7af52+Ts19/qWPNfcXBJ6Meeoxg+vfoByc9uKeZmbJJYoRkBQNxK8DjkdeM8AnjqoxVKSBiOny9SSenUn0x0GO3v0FSQNhOVwcH1OMDK5wGyc9SB+lU+Wz5bX9Oluitu35Xvd7ENTa+Ftq13bS1t0npv1f5t2lErhgR2B+9wQV4OORjtwcdTSGZsEYYZJ28EsSwAODxyCRnrwAMZORAAwXAGcc4JOPbBIBGA2MfeK/KAOyOrNydobA7YAHToeBjHJ7YJ9SHHp7vZO2j1s09L2017XW+tiVBvVt6rVPfRrrdq3n6EolO7B6qGPJPchd3THJ5wfz6kxMzkA5wNx2noBgHOQM8A89CMgDrnAWcHLgEAghgc54HOQBwfc5PIOTxURfIAA5J3E8gD+E4ye3TPAOQc54qrp9FstNPJpemunS5PI79dui66Neivpf1WiuKXcng5O3ccMeW4wRk/KDz79eehKIzg45+UZwTk8juxUY5IzjqeO2RGzYJxjIHBUEFucMBz0xyeOhzgZ5QvjOAOAOAOMn8cgcE9epwAAaL21t67pfZ9L+ulkraa2TpxS6p9ZJy8u++uuna+tmhzbgAckkFkPORjBPI67h7AjJzggLiAkuMbsEfMFB+br+OOrevQEYxgqZCRwGCghTnB5J6E/3c4HuQ2OOaY29idoySAd4PC7VGeRg4OOMe5x3D5r/gtbX6XtfW21tnZ2XYj2cXtK17LXV7L+ZrRWto776NPRCDnPOFAHXPLZYcc9QMevHA4GG7nAyWwBkc7SCV9OpwMkjoM7TgAYprE5Jx0bAYA88cljjPGR784xngMy204+6CcqeWxnAx6DkEcdMAADOKsrJp3vr18tr7/ImUPedm3qtLWau4rVcuid3ypdPKwMGOTkkg4OPu44J56AgAHuTknA2jEYBJzk4OATnjI6ccDucHJ5Hccl2GbjDD5ScA9emAeP5/zpyqxY4HzLtBJ4Bz27YPTjngEjpism9ZaLZO71/laWnn59VrZawk5Xs73a2vo3bXTRLbT8GAVhjJBHOCMZI+b5mAPHoQOmAR3FBTgqSxG4cg859B/+v5eeuRU4XIAAIBLEgAkgjBJAyBlScduDyOuV8llUgjDAqfXPXkdfXOOcjnNCnte3yve99/u7Xf6Pka2XReW/TXtv6etir5bAnJJAJBJ5wcjszdPy5xnGKnSE4JKnax6qfU9eMc4LHJz6Y6GpTCASSGOe/I+YkYA7eh6cZ9+ZdoySBksMgv3wc88Y65yCcnGSORhuVtl0V3vvbXRq19d0v1Gqcpa9Fq9ezWml9b99N/MjSIDA65yT165ODnABwAMDBzgcnIBsC3Q4OCMYHJAzu78Z457dST6GnhcYySVznPT24yD07DgD0PQOjD5AIAAZio7AbecHGMkg5wenbms3Nq9m9UlbfS68tWr9dX6jjRg3qmuW123dNPZJ7a7O60sl8Q8WyABQG4IyM5GQODnA5wQQT83JzigQrjgEjPTowH8x2GOvXrziQF/7uAe7YOAApzwPmHGcYA568EVZWNySSOMD/Z6Y4z/CfTsSD9aicra30snq99Y331W7+b22Z0xopJed7LVtv3Ul3d5bbWtd3KyQrg8ZBPTGOBxkDGRnBPdeCN3XEywAkZGAMnIA5yOxGcjA6HgcnqcGfynyODuYAjjJPT0zk9cfUe4qykZG0AEkkgKOeCOeDjn1BPcc4wDn7RJJ8zSvp1f2demi2f2nurNaUqcVq/tNvVJ9tbflZbK21rVvsqnDFcY5GDlfmIHYY9cHAAPXgGpks0HPOARjPPB5xgnuc5IPTjBPFWFUYGMjDEF+h2nB6jscYOcYyTyCRVrDYG3rgruAbC8DGf4SCOn6YLYrB1Xd8s331te2m9vJLXbbTQpQje6XXrp1W29rd/NLrZ0BZIpHbG7A4APoQCQBkeuOR+NPNpH8wKk55xwe4bIyDgZI4GcZz15F4BsHcedvPUY2nnB568gAgZyMYHRoD7mJPDYPODjA2/QnHHTGMg9xSjWkrXla+rvdPons9dtN79G0VGmp6W2S15b2vbppokvPe/UoNZRAFgcjgn5QSW+XBxnAAPfsT0J5poslLAAHGMM2eOcYzyDnOBxycZI4FaZD56EAkknAHPPGOOv49AcilCEjHPzdFHPQd8EcgYOQB9cGtYV7vWbvbW7XdbXSSurqyvqlsyvYXt7sb6abdVq9PW9tla/W+Wlrjdn5B1OclhjPAAOM8Duc9eTg1ILXLKw+YMFJJ9NuCeectk5HYnPOa01jO1QecHgkdgOfmxt6dDx0znIzUy25LAlSoJyMHkLgnpnlsHIzwc5HYiliYpJuWqSWj30WrXbRXvd91uR7Ja6Wtpt5rX0tbTvdeTzfsjHLEDgjC4447kcZ5Pp3IxjipktyckDBwFLYBx1B7dRnkLyvpnk6AtTgFckgncOuFPfHGc9/lJ9CPmw8W7KFGM8FRuAyCSW9uCcZJJzx6EGXio/zO2+uumnMt0/J9PSzH7KPZeX4X1tvva6/UzjbAHkDJYqAVySFzkcjBzwc8jkDqKeLfAUYypyTgAHgA+mcAckDIHY961EgdjtfBIO0cMcEAZIA425z1PHPbIqVbRjxtK45Hvk46jI4HbuOgxU+2vy3nK9tet72s/i3tbTTt0uSqWnbzSd3otLa6d1rrffcxjAqliEIweDgZOc88H8AVz24XBItWtvH5qLsOSwyADk+2M85yemMdOepl1N4NJ0+61O8SX7NZRGe48iJpXSID53CAFmCDLkA5wBuBxiofD+s6NrZsLvSLuG+tLtVmguIiCCM4KOoJaN1YMCrICGyDjgiJV02oOpaTWifWzgrX6O+iu7a6rqdlDDJxc+TmhHRy6J6Oz8352ulpzPVeW/tjwrF+yZ8YI8qiN4dbcGXJIJ5OOB3DD1PAIOMfxUftZWy2um+HlmQy+XCyKGDBgr2cTBgc+4OMdxjmv7UP25rhbf9k/4tjlM6CEx6/vF9/mXOcc8ADgnFfxb/ALXFyGltoiFb7HZ6bOi7flKXFnCnyntkjcV6dxwK+74KbjVcm78tW13e1uSF0/vvv83qfnHGSteLSi5Uk4t6XtNeT2s4q118tT5D+HPh618QQ/EiGcSItn4Fv9REuVGwWwEgO4rzyecEYJIIBAA/t0/YwCSfs0fB+4OTHJ8P9AaGeUbi+ywiUkHH8QGSRjI454Ffxv8A7LmkHxh8Srvwmuly6s3i7wvqmhLYRlkjledQqtK3ASKPO5nOQF69q/sn+GHwl1fwh8HvhZ4Q13xvc2EOn6PpWnwaH4fAtpbe0it4w1qZgWMoHKPIcHAxjGTX4b9JjF0K1bKcBOpClWp1li4vkcnOlOlySa5U7NTi1aVrvufo3gZh6mGoZpmFpTo4imsLJpP+LCpGpa2zShLe9rPV6nU/EbVbDSv2UfH9w97axP8A8It43RVkePdkrdgMqqxYrkAA8Zxztxx/Dv4/1+31PwtpGns6maz1PUp2MUe3cktxNsO44Dhm4wQRuwRjGa/uWuPhN4QHwi+JWjHS5tVubTTPEmmwHVLiWUhNSspnTCk7WYvJvLhRz6DcK/l08Y/sIXPij9mzx7+0TpetraXPgTVdR0z/AIRa1tme2mhsNSnW5laYECB7eFC5RgxIGe5z53gRnmV5PLM1jMS6X1rFZbh6TlCSUqlaNSnTg1FzcJSnF+87JJK+tjfxYwGPzKjh/qlPnhRhiqtRNWfJD2MpyV7t8iS0/BrQ/Knw7/aF/rdjptlerp81xd2yxXs8wgitndwAzSEDy1AOWPOOuCAa9f8AixqF3Z654P8ADl9rep+Kbbw3qGmT3N3NqZvrGCZruN5VtGVVXyguRt5wSQcDO3wuHUms54ZU8uY/fDnIUv8AfTHTJGQQRx2HXnYuvF09xpq2ExVJJbxZ5HjjBkUjBIVyCxLDjJ6nb7kf0/m2C+utVFKEoqhUhFOCcrzgk2pNOS3asmla7vsfgOX42eFTpLmXPWpyb5ny3pyg+VxvbVpO++mmzP8AQH8EeLtG0f4N/C7U5JnXT7r4beHJY9gVygGhQMSWV3J2jgLtz90k5YqfGPg7+0Xp+v8AhVbfwD4T8Y+JLi18U6za31+mlzW1iJYr5kMH2lgVYEDdnavHBAGSPkP/AIJMBviv+zt4a8Y+Lde8S+IL/RLq60GysLu4eaxtbC18yGGMQOSu9UQKoPRARjotfqP8HNC0Xwt4Z15bSzktLRfE2rTtFCscOx5ZZJHkdUCgkFmJPUDGM5r/ADCz7KsHlOecQYCrSqVcRRzOdOMlVlTgpQr1OZcqi5TUk01dxV99mf3ZleJw9fJMtrqMqixGEwlWUGpRinVppR1VpScbSeltV21X8jv7cWqnVv2lfjnca5oCaFPNNbGSzlkRrq1zGGJ4+8zplm4ODgDqTX5K+J30c63PDbSTyRhoGRsEHgcg/kM9D6Hrn9Fv2zvE9jrv7V3xv1KK9e7t7jxFPpyl5HfLQCS32MGI27TnqOBxwuK/O/WvDtzHrFzNAzPGxEa9GBcgMMjaQVBIXJwQPvDpX+kPAGHqUODuHVUiozWUYByhq7Xw1Ky1ld6aPd6rVWP4s4xq058TZwqbcoRzDEwvLdWqtd1o7b9rLdnsHwO/aC+Kn7PniXVde+E/iNfDuseILJdMvHurcXEN3YFgGR4vQFQQ33uOuM16P8fv2mfjT8cJtD034reOpPElhpSwXGnaXbKtvp9rdjaPtEcYBJkOSA2eBuznOBzWq+DvhZafA34f+JNI8QX918ab7Xry08XaA6YsNO0BJSttcW3AHmSKFZ29SAODz5ZqemxnWYHcSH5LcIzjOSWAzg4HUA9AP4QASM44TJchzPPnxD/YtGnm9CtPCxx1fBxp4x+wfslKFWa9o4WuoTTacXZbnXiMyzfA5PDJ1mVSeBrUYVlh6NduilWSqOE4ppKadnKL6q26Z3l7dObVR9q3GSKBGVmLBFEeR8vBPqT2zz6jnA7SX8SQ3KpkwsTjg7WGATtIAB+nQDO4jPolhoMF4EkmLSxnCqsKhuUQ5JUYIxjg8fSuJ1KyistcSCMSLEFjY5xnGe+OhJ4+gz3r9GxK5cO9NXG9ubRRteL0S3ctuy21ufIYeFT20Glo6i1V29ZLXRvTW6166WSd/wCoH/giFcQj4OeOFnkiMyeOblmlzzglcBQCASxzzk9gMYJr7C/4KseIJLT9jT4w2unSA3T6RaxTLGCJI4pJQNzE8BGUD2yMYPOfij/gh3dg/Cjx7G9tG0SeOABNKQdoYsc47525xkcgZPIJ+jv+CtPiO3m/ZS+O1hZ4W4sbXQY7ieNTGjQzs2YycEHG0g4PAHSv8ys7wUavj3W59I/6zYR7NKTU6DSvs7apeSXW5/a+DlL/AFAwdSNOc3T4erSvFpWfs5R2Sbuk7afjrb+LSwtNRS5nlQuIZbU78SY3P5X3RjJOCwBOTg5wOBXHeAY7q28cRGSPy98rK28Bs5cZyvJzyRk8Hkkk5x6Lot0jrFaNIVZF8wcMRhowck4+YdTyeTweKb4bsbNvFMN6sbySITghCyttbB5BXDMeAeMg5HzZr/TnBONPCU220vZJJXWnuxvvqtbN9LPV62P4VxEJVMVOCjzKVRt3snGSkrpprdXvqte9tT658Qwxjw3N5gTzU05MMeQFYpkDPAJHIUYPBxkCvyW/aKuI7r4k6jgiRYrW1hUg4PCjgYH8PUY6EcZ7fqr4lnKaHI7Bj9otLWJQ6sAm48YBBAVcZJzkkYJBzj8fPjFdtL8QvEbFi228ESsQSo8sKMjBwBkDBzhR2I4Hy2HanmGIkm9JNN77pJ6P1SWvW59jiqSo5ThYSVuZxa7r3UrvX5a6bv08zjimEqvFHkbmGwZXdnkY4yevfjGB9Om0DwrrGrsDHEtvC8h3EqXeTLfdRBnLHgBcHJ4HAJFLSNS06C6j+3ozR7gSYhmQYIJ2YHDt0X0znHAz+p/7MXwn03UtIi+KHjJdJ8GfDyyc3VqusTxRX2rvEoK3UjSkYhDDICR4OegLZozXHvA0HWUXNrSMVe85PltGK1euumitfdEZJlccyxKpSmqcF705y0UItxUpNuyta+v4O54Z8Gf2T/iJ41c3n2O08IeH4mzLrupxg30ikgZt7VsMCwIwcdMYB5r9EPh5+yV8HfCyJqup2Fx43123hDyajrz4sUmTJJiildIo0yCQOVHHXAA8L+LP7fnwx8ANPoPwx0qXxfqUcjrJfSuINHjZAfLKZAiniUKACoG4YIIzkfm98TP2u/jb8TWu01LxdPoOjXBZU0Tw6WsLdYjuAVjGQ7EfLkh+Qp4JPPxH1LiTP4Sc6jy7DSekWuWcovl1svfs135btp6n6HDH8IcNyjGlT/tXF043ly2lSjNNX953itlsnrva1n+5Pjf9or4M/CPRJNJ1Txd4e0N7a0kjj0bwwkFzqIKjHkmO1AIZvXLYGeg5r4H8Tf8ABSWLQ4buw+GPhM3BkkcrrHiGUvuY7v3gs2AIOSGKk5xzxya/JG8vjIxmlmkuLiQ/NPczPcTudx+ZnlZ2BPQnJz34IApkTTFY4keV3yNq85J5IXAx0yCD6gegPqYHgjLMNFSxMp4yq7Sk6sny3svsr4tU9ZSb+6x5OZeI+cYrmp4NUsvo2cY+wS9pFXil71rJ3T1St67n1L8Q/wBrj44/EmWZ9c8dahZWLh/+JbobvY2ihsjbiP5iBkbQG6jIPYfPFzqlzfS/abu5uLueT53nvp5bmRmJGWZpXbLE49PmGWHUjp9J+F/izWLJLv7MbS3dUKNKNrYJ+UqpA4wSOTgewzXqGhfBNPtFsupTNMzAFo0LKBwecYwQM9SCD3x0r6SjhMDhYclCjRpKOiVOnFO3u72ST237p7HxeKzHG42ftMXiqtWUnvUqTe9nezaSulpt1SPCsXMoYRxyTdMxxhuAcEYKrg46jgMQa7jw94F8TarLCYbGSBJzlZJl2qEI3ZGQBjoR0AGSAcjP1HD4H0fR9MeKHT4xIpChwqtJgN3Y+wz8ueBnIHNd/pOlLZR2UixhkaIY3DaFxgDGAOO2fXPXaM6OpGSajG+mrajZWtslZdfO21zihJ3Tvq7Lye2vuvpbve9/l5F4V+DUFw9uNUuhLKJERokwq5ZgCCRxgc8HqeuBmvTvEfhnTPDU2l6fYWVtHFJcWiTuoVnZhcxqBuIyd3IJHA3YOO29pzCXWFdLiO3CXJXy2OATgbSQcHDYxnr6c5q74r0vUtZ1nQY9L07UtVMF/YmVdPs550JN7AWJKKwwOpOenLACvnszq1I0a7lJKKpTdm4qzUba6rq3pZavyPVwFGdbE0PZxlKXtaXRyv70dNE+91ra3XU/0JP2aIvs37M3wH093YY+FfhXahckc6fDtVF4I46AYO0jjJr6h0iFPs0CsuwquchQWOMck8n3HOOeMAivhv4VfFbwH4F+CPwXg8SeJdF0l7P4ZeGYbiG81G2gms3h06JZFnjaQNG6EbWVgCDycEZrzfx7/wAFTf2SvhrFdQ678TLC7u7ONlWw0B49TuZ2QYCjyDuBznBAOcjqTgf5h5rwjnubcTZrWpZbia1KeNxHJNU5OMk6zaal8KuvNrW6utV/ZdOrCOUYOl7anTqRo0k7uMbNQgrPrdtO6aS163PQf+Cot5Fa/sN/tB5fDHwwkcZJUctNEACScEZIPXA4yBnA/gAv9QeERxvmKT7MrKiqzyOBjafkUjnjG3kjj1r+kf8AbW/4Kxp+0j8FviN8NPhb8F/HXiP4fXenLN4t8XS6XdxWtlpNtMjvJLO8KJbxyFRvkLHG71Az/Otqv7TdjajyvBHwg0GxWO1SC3v9bC31yfLXb5q7sA5ILAHjPfkCv7F+j1w7mfDuS5hhsbQSq4jGqqqcakZezg6cIqNVXbg9LuLi5fr+GeKMcJiKuCdXFRh7KnJ3ScudOSejTWyTSsnrZ6tFHSvCnjnxGsI0bw9reps+NphtJUiCscZMjkAjAOTnAGDwRmvZdP8A2b/HEkX2jxVrPhvwZpb2zmV9X1C2S4RSilvMi3Zyo4A4LDqpJwPmDUvj/wDHXXk+xr4qGgWshxHaaJFDZKFYjCh0j3KgB4+bggY/vVxl5a+K9Xmjn8Q+INX1FpQ4aS91K4mRmZG3Er5gUD5eF6E5J5HH9IRwmNnKKbjSTWijeUtHG7V0rPd6qzffY/IoVMpopONOpiJprWclGF9Oid+v3rTc+yhpn7N/gbT4E8T/ABVXxDeWjOklj4ej82OVlJ/drIPlOTwT9ASpPHPRftOfA7wlJIvgr4Xza9MpIF5rbEbipG1zG6kc4yQRyDg96+IbPw/ZmBJD+8lS6njBIyo2kgHLZOGyWALEdMjPXrND8KrfzSJuKrGSAiY3NuIBxj1I6YOMEjOa6JZVF0r16s5KyunJxVly7WSSWlvRWM3nUaU4wwuGpUm2oxsnKSdlqnr38uttT6W1D9t74rzLLa+ENC8NeFLKUlQ9vZxNNGuGwFkAznBHTBUkjnv5Vc/GD4uePtZ0qy8W+PNauNP1G/htprS0uWgt1jd/nVViCnaQSQOOenQYtWXw/wBPhiLyRy8KzENggjH8IJz15z1J+XPccjqWmRaR4i0O4t32RtqVr5ce77u1iWxgjkHGD0BGCSc1NHB5anFU+WTT926u021frdWtfR6/dfOrmWZPmc6k4qSd0vdVlayskk9bXS2e191D4l+G1lH4l1aGRru5toJxJEbieSZzvXe2/wAxmwdxJJOSOtT2fgjS1gt3W0QH5lUBBycHaxIG4ZO3pwM4xkc91reoCTWtXnkG4l1zu5LDy04wB+vbkAZwRoWarPpVs6KVbzC+7oAuCQfqMkYHf0r1qsaVGjCUIxTstWldWaW709Fs+x89DE1q+IlGcpNdXJvfS1ruybXrsn1K+j+ELFbdWk8uJSHPyovBAzySBnABLdM8/MPlJ6HTriz8Ka94c1CSNbm3tyRdrIq4e3mO3BUYJyGxznBGaSCN9uxZFKhS55zuJXcQADkgZwSAMnqOeKvieON5NNBCkHTJWIxwzICVJ5HQ89Mjr1xjz+d1vck7Jp9Vqrx3101drtaq2utj0sNTaqRndabara8U327O2jtqran0boMGlLeab4rl0yObR5I7qd7JHCGdUlZ1g+XdhWUBe4OcZyOfdvH3xL8HeOZvC48IeDLbwdZadpSRXQD5e5vI0CSORgKY2ZcggDn5q+WdA1aSPwXo8U0efKgmEYBI5O7D454KnJ4/IUuk6nO4tkZ22tIwGcEIjEghSMcAHJ4AAAHOePDxGX0atenVlKblR51BKclHWyd43tKystdrLoe9RqzpUJRhGK5velprdOm7XtfeWr6WPfLPUZEi+WSNuqjAIO04OBye2Oo7fw814f8AFu/ktvGHhW4ReRZSop7Bm4OBjjBx0Awcjk4A9C0iUiYLzjOBk5bBAwWBGOeuQQQOOc88L8UYUbxN4S8xPMX7LMFBXG7LZHvwB6gj9a6MHQpxq2kl8LV+ySj15U3d3b031SR5mPq1nhne901bWy0a10620d7tLZ3sczrPi28bXrKK9TzESzt4CgDMxQkZIbJ+YjdxgnAYgHkH6f0PUbXUfBltaRRvBFZyycyDBkZwxUkjqArYOeOPTAr531nQLR9es5dsoYWMEoAUEM64ICntwy57ZyOcivbPDIYaC6MyiMTuTGpG5gqnhsYAIx3GBzyDXBnFGnKilTim4y5nZJ3tZau6ej2tdPq7o7eHsTVhW5ZzajOD0e124app7vRta6rW2p3fhywW4ezmnKiCKe0mUIo3OYriNsN0yTgcYBx3PGf62vgV8RbS4Hhbw2ZNmpHwF4PvBbFSGjtvscC7yFORkEHkDIOWznNfyV+F7pHl3W8ZxEIAiHO0vvBwc9iR065Pck4/of8A2FLXXfFWrP8AEvV703FxMPC/gi00/LGG1sLO1XcVBBAbMQyM/L7ZAH8R/Say+OIy3A4utPkjgqko01bWdarKlGkr8veMkr+r0Vn/AFZ4SVKcqWYwldqVHmutUuWLd3dd+W3zvotftH9mD5fGv7QYAAJ+IaPgH5juSQgkDkYzyc19f3QMjtgnAyc8A8AccZGOozjoT34r5G/ZriEXj/8AaLQj5k+IkSsAcbRskJHOAMHpnr7ivrq4AUydcHOMjngY6nHfgdyccdDX8ScU3eZO8Wl7Kg30valT6La9le3r2P0jFOP1mLT0dOk7q9lHkg0n11urLrbqYpZiW5Xo3uByB1z0X1XBzyuM8NLbZMkg4BA53Dp9Aep3DqPQknh7LxwCCD1IwOCcgdQSAeo7ewqtIMSZZgQqjHfk4255z0zkbgPQkZz8s0rpyTbvFpJ6Jc0b9E9U/u76GkoKUeZK1uVKzurJK93e3VJWd77pM87+OuR+z18bDySfh74i29AwxYvgYAA6d8jkYGeCf81S+dz4jvizEN9r1DIB4/4/5wB05znnIx7HrX+lb8ciD+z78ZgwJI+HviEAZIAH2J9oyc/iR2+X5cV/ms6qm7xHfcBALzVcc8ki+uCDtGO/HQ5OTjORX+jX0JpKWFzyLtdV8O735bJwkl80kk1rfdn88+M0FHLE/ea+sabrVKls+ybT1S1evl12nokqAEFVC4wMqCcd8nIyNuDnAC5575PiIyxaeFijwS53EE4KgjI7Z6DtkdjzW3o9s0iKow7YBKHK8AHG4cnswOSD2PTmn4huQoit0CtIseHU52AHIyByN3RuTjOSMcCv9EaMG6kXs0072tu07tbK3ffd+v8AKVefLh6mi95bPSTbS+5d+r5tu/i97vW5kRxtVkDEYDH5gO5wMDJ55GOeCObmorNJoN1CJgAgT5fl+4p6YGCd2R1zjnGMZrXv7AODMHHzlU2lQD15A7YBIzknP16V7uBE064g+Z3aNWPOQcn5gzf3c5KnnJ5GcA16vIrpqUtJe6nfVXWqav0+HRX3XRL4x1HGo4JO2nvJu/vSja7a0tr5PSOmx4nPps5CICm37/8Ae4IwvzdMnAypzxkYI4ryfRYymv358wZE8oZVHcEAANwM5JGcEE8ck4P1dZ6PataSfJIzNvYnGQnyZB5GAoOPYdMEnNfMemW4j8V6oM5Vbu4XOBg5YqMcjkEA9cAZ+b72DER5XRSW7W19dEuulu+uq3a1Pbyeo508Qr/ZjZbv7F07JJPptquidz0iKOQGIuSFMRULnIIORkDHLAZyw6nBHpXa2luJrYABVQBVXBB+VTz1OOcDI3AcdcYxycRxJCAVKou1iF5Gc8YGQcgcEdM89M119lMqWrrtAZiCDxgE/wB4dd2QCRnJPAHHBFRtfS72Vnps7K972Wzve19e/k4qTjUa95dEr+a62V2tla17Pdal6zhI2AFc/MTjGeOjDptA5zgE5wcnk1PqodYo2ABPlgbs4+YHjBH8QGc9e59Kqw3MaAE4DgEAAEZHJJPYAED0JI4HpPdXkcjQqqgCOM7sfNnPqoBGSTnkkYwBnir6fcvv17pd97vTZbHDGcuZWu9VG+iS5ndX7u3ytf0WbBC32S6Zjkeah64x0JPTgc5zntx1FXrS2Z0+8MZOSCQTlNwwB8y8gEnPTqDTYQotLkAFixWQMc7SpOAPyPPU55Her9tJCsZAGXIAUDjDbST65BwTnI9CAOTOi0XRPRd9Hpsuv39ToiruzavdX1s94vXXba29m7aFTySihCfmIYEkZx8w5cjI+boDz0+UYGBQgCLPKsm51MgxgHg5POR6E5IB/qa1ldGJJwTggsoY/efAJBxgAZK8HduyMdayI2drqRSCI/MzuKkjOMDdjkBsg88jce3TKSbjbayt+Mbq1+y1830aN6StVjJdGlsr2Tj5WXXXpolc47w7qNjoXxO0HVLq0iu7Sy1OSWe3kKkSohztKnOcEbcMME/nX2p4p8c6T4r1AXum6LbaVb/Z4jBEqjeTtG92IAADEA+nIOGB4+CXCSeMrRdy/JdyoS+P4mOM5JODgDI6tyMZ5+ttF0yWW1SQZfbbxhApzjgZHzfwjIGTyPXivl8wwkalVVXzXhFxjq0rNp2ta3M9Xeza8rI/QqFaUMJRpKyi4RbSSb91RT6pq6u77Xta6dzuYHtpjB59skbOFy8OfMVSMZJHTHPfHvitqSztkiee3eRzErnyynQDOAQOpPGQRyQMkHpmafYSObWJGYqww/T5OcEdCTwNgPGDgA9RXWpp7CPyvNIYfIijO4jcF5zgvnoSM9geTz4tWgkruUtNlfyV30T1f566XN41G7JR6pt2um1yu1/u1st/JGPavu03U7kQqUhijWQLHkEll4Oeo6rgH05BOR9gfD79nux8TeH9D8RX+u3el2/iCJJfJtLMyLCnyYAIOAxGeoznJ4G418o3scmnaHriJlBIYgAV5LMwB3MOOc4GBxjJIya/a/8AZr0q0vfhn4Dklt4mA0NH3NEWDM8Y+6rcZU8YwQTk7toNfzr45cWY/hfJMLXy3FTw9Sri/YOpHldk4XsuZO6Ts9E3b5H3fBOW4fH42VLFUozioxklK+nvQi76pWs9V1eyvol+Hn7EHwM1Ky09tT8S+L9UuJEheS1tla0ZvMG44JVgpJwu3k/gBX3b8P8A9gL9mKzsoZrjwJ4g1yYKGI1fVSVfOCd6BUyGGCR2AzuGK5v4b20q6nbRrLGwSV0jURhWQAnZuCgYGM467QOOMgfoN4PZpLOEM7Ntj2yMw5xg4GVI6Y4AJ4IJHNf5mcd+LPH9TFVFS4mzSFFt2hSrOklrHlVqfTW67O99j92wXD2R01FxwNC+l3KmmneK0d+d6+ujV/I818N/smfs6aXFbix+CXhZAJFVZb0m5cAsoC8yDcCMg8Y69flr+PL/AIKdeFND0L9sL436V4d0bSvD2l6Zf2kdvpmmR7LSFUSE/uYzkojEgEEn15xkf3aWUMbRWqjaczxgBQfnYsoJJ5AIGCcrhscda/h2/wCCrkMFv+2v8fHLlDNewDd1AYRRjoBwf73OOCTk1+zfQw4k4hzjxA4hea5zjsw5eH5zjTxWJqVYQk8RQ1UZScVK79VF9VdHyviNl2BoZVhfYYalSvi4RlyQgrpx0T5UlZeier9X+yH7Gn/BLjwP8Wf2cfhZ8S/Evxe13Sp/Gnhu11BtJ0uw2xWS5ZGiWXJBIVQdxAySMCvrg/8ABIb9m6ysSNU8efEfVHjjkdWhvxbRMwU/MwMRG04POcnjHfHq/wDwTav5rj9iD9n+KGU3P/FJpBM6xMxRUkflWUEgAZI28H34FfZOrJcLbyptuzGI3Ee2GQeZhc7ZAQcAnGGJwSeM9B/M/ih4+eLuD8RuK8owfEuKweCy/iTMcLQpUKNKMqdCjjZwhBSVK75YRS38m7n6bkPAHC9bI8vxVbAYedephKE5zlu5zpxlKTu9bt3vZ+XU+EPhz/wS3/Y7tLHz7/RPG2v3DSiKX7fr2+FwHySIljxtPQ4Yg4I4yc9Z8aP2BP2TPC3wi+J194a+Eemx6no/gLxDeadfX00k1xbXNrp8ktvPuMgBlWRQwbkgnJ9K+3/hzZzHS1mazkhWVvLTeNpzvIZ1DEE5xwexwBkYxQ/aCCwfBP4wyBoAF+G/ikOXnhSRdumTclTJuxnIwM4xwBivzzB+MXipmPHGRwxHFXENfCzznLKc6Ua9eNOdKeJoxmpKnGEJRkm1JO11ddj0anCnDOFynGulluCi4Yes1J0qbkmoNpqVtGnazV27b6a/50Gr6NbyXuqR+T+8S6v4w+0MqqlxIACSScbQVB5IA7AkDxPUrVbW+uFLqyIOCVBYFcYGc5CkghiM5IOeuB7xrt6q3uqspSMSajqQMokG0g3EpAz6MQSCDtJwBgYFeI608Ul1IV8sq20F9w+bsSVXnrkgHgdvb/oZ4eqVKuW4CpVk7vC4dvmbTbdOD1fbV35muu25/E2Npr61WSulGpOyV1HSatdLonZLbbV3VzmZHIjjk2ld7ZJQDBxkYPOdueMjjOD6gVJbghtxZ1IJC5GQOD0wBzk45zuPTk4rRnVAoVSHBbCbVdjjJDYATI5AwME+/eq8tpIdzRx3DgMFO2CUsAcHJXZ68cgtg5yCa+kUrq/VNNq129Iu71ta1np3a10OVUktG9Gtdua9lqn597Xt03tm3hl8iQbwDhSFxkv/AA56Hk9TjB9SRjHa/DV5U1O/BDBTapglsDO0ZJB5GCTjs2ME8iuTu7O6ZNi2V8SXUgx28jbh6HK5A6HA77Sckg16h8MtLu0vb25u9O1NI5YdkH+hyYcoCrZyAASeOcKTnOcZrti39XfOn8KSdrRabVrXS2V07XXbQHS0fLF9762a5k21dbXt57uLsfoz+yLbQ3HxQ+HFpdRlzqnjHw7BIipu2qNQtyQwOcqwAypwp5BJBIH95N54ftRBBpdlppis4dKgYiG2t4keZLZdudkQAIA4LENkAgAAkf5/HwJ+JWlfC/4meBfEmt22qLpXhjxFpetanElsxnksrSaNpEgBxiQqh2FSc5GWOcV/URN/wXh/ZZj09YrPwb49u1aLY7SQm2kjSKExsVduVGQQeNuD0+7n/NL6Yfhv4i8YcU8NYng/Kcbj8HQw2Iji6mHqRhTpzdWm4qT9pC10m9b6bK1z+j/B/PcoyrKMdSzDEUqVZ1oOKnHWS5Yt2913s7733XXf9WdB8P639ijlt7l8ySSK8UjqBEqN93Kjggg5HHOc5xXUS6Lq0bEyPIxyqbFun2g8klcseR0PHXKg8Gvwc0j/AILxfCLRYBaW3wj8T6jp76hcT296+pDzTFLKWjj2eWxztYk4/i98Ve1j/gvX4SZQ+g/s/eJrp2P7trnUJQjED5chbY7gTgYPUZHrX8kVvo6eLsp/7VkFeh7R80ZV8dhVF3s9W8S7Xve72XRNH69DjXIakpKjiaVTl0tCm27+7/07el7WtZX9Xb91v7LmhZTLKwYLjYzmQgbd3DKWz0HYYBOSWqpLozXaq25S5kBjT5lUqnO7JOezADOD3OcGv51PE/8AwXm+Ie6aLQP2foNOkaIskl+810w4GHC+SmQDjPIyM44wR5dD/wAFwv2nNSilNr8M9IjSQOIJLbQLu6eJyflChE69FYk8cY9a93A/Rf8AEycVUrwyqhTa1lVzOg3e0dPdclda6b3XUzlx3k8JKC9rKaaTjChNr7Ot1Db121a0vf8AZD/gqTNcL+wZ8bonKfvdMjjhjX5SEWSMAjpjPOTn0zxg1/A74gT9zaKMNKjbWXPLF8Adzg4B+Y4UkHng1+8n7RX/AAUw/aG+Nvwf8Q/D34j+G49E8H+KI1ttYnt/DN3ZSRxRkkGK8mTy0clVJXkkAgEkmvxS1i++FcDsLi61aWVAhQKNpcRnADEgdPw3Bj6DP+i/0UvD3N/D7hbMstzXEYLEVcVmEsTCWDrKvTjB0qcbSnFW5uaLbSv0d0tT+ePF3N6Gd5jg62HhKmqVBU3zpRvefNpF6tebjpe7TPAPFnh7Ujpb3i2N3Jb2sivLcBHMals4y2OAOmcknPHFfoF+ylr9xpGieEv3jRtGk8mVbBACMExtIxtB6Y59c14G3xf+HOm6NdaZdWF7eWc6x4huAPJYDgIwYA7uoJJGOuBnA6/wp4zuLldOvPCPhm7s9PurcxWK2uDESud7RgDawGTlh0BPXv8A15gP4lVSjzKdNxV+lnta+t9PLW5+RxpWjDlqLmVna6Wz2bvtta2780z9nv2bPGGq6T4TktY3ZTqPie7ut88hSMrNM5MmSQEyAAGyVDZHO7j9qv2afiP4Xs7PTdN1HWtDsRHPdXV497f28cjShVGJBI4zGh5Rjuz1BUbc/wAlGlTfG3xRKumeDLfxMDBDG7WtozoiHPLNtTC5J4YH0B5OD9dfCv8AYv8A2x/ihoer6+nia18JW+nqLLdrWry/apTKhYKscbpnaCMnO4Zx9PyjjXhTK8wpThjMwjl0a1aMpTaSclzKXKkpJ9Jat266XZ+gcLZ5jsvqylh8HPHezpOKUW7JWV+a3wrdvXo+yR9//wDBRv8AaX8NfELWbL4b6J4gsb7TfCWrS3M9xbSLJZy3tyThIZFwrxwg5Zh8vHXGTX5jXPiXRLWJjPq9juDJhhMrdRkEDJC8HGDg54xkHPzD43+EHxq0bxLrPh/xB4ogFzo2oPp92/mh/NkjO0zqxLMUkIJBJAbOe+RhQ/BTxbtkefxdGkbsM+VGzsWIJJJLEkgnoMA85wa/UeCuHYZBk2GwWB9pVockJqrJcqmpWk52W97rZW72sfnfFedf21mdbFY1qnUU+RU4Xfs1FJcr80uy3V9D6hk8beGYFk8zWbUiNtzMrZyAc5HzHkZ5OOT2JBxQf4k+DI1k8zWohk7icjB6YC89eOGDdOOcg14LbfAbUAoa88YXTRMpJ8uNjlmyMdueeCB6k+23F+z5oo2/afEWrzLIvzGN8DcOQBngDBGQSNpIGDgCvso0sTzW5FqtbtpLRb2fXXRK9rvuj5SUsFonUerVmrLdr13622PWx8XvAisv/Eykf5WXzAoA2qOQScYOQT29OvFVbj48eB7VAHkuGbhUYABGUHJLMPoAOORjGCa86H7PXg5jGs9zq00oJTJuSAyFsgleBllI5Azkg5Jya2bT9nvwAjIt1Y6hMSdo33LFCqn6gA5A2kkZwfu7lBcqVdJt8kbO1m5dl6rRO/e1tNzoh9S91Wk01e993aD+fa3V313OZ+Mnxz8K698Pta0awEkd/OsYhDSKqvhsEkk5wT2PTGMZ5Pv3/BN3/goqv7Hfgbx7of8Awr2fxzfeLNYt9RhMF6LeGyjggVdsvytuLEqexwScAV4v8T/gb8P9N+HniHUrPQRFqNpaJNbXRmdipBwucnnhclcnk9AOa+8v+CWv7KPwZ+JXgfxbqfxA8NJqWq29/p8VpPNcCNFiktkkaNFZgDuOSTjkHpkCvzTxHp5bW4dxyzuhLFYCEaUq1KldTn+8jyqNmndS3u07JptXPt+D6uKpZthY5ZUjQxE5TVOrJJxjeF23ZO2ia1vvsz6Huv8Aguv8SbgEaN8CtHt0ZlI+2ah55xtwOFj6ZPIJz3Cg4rmLj/gtf+1BqPmHSPhT4Zt15MeLGe52DOQNwQdcYBOeOehr9cfCf7F/7Lej26LH8LfDrXioiobyFZQ3A3MXZioycHJ6nkg9a990H9n/AOAunRpBp/w18HWkjBYtg0uCQ4UYBJIIxwSDk88FRjFfyhVzLwzwsl7HhKrW5bO9WpK7s42bTnK9+t1pe19NP3iGF4qrJe1z2NPmtpTpRTs1G/8AK9drd99LH88Oo/8ABX79ufU5lXTvBvh21WZvkEPhq6lfAUgqrBAOvfAPXDbeT5t45/4KRf8ABQbx1p7WS2txpNujIsi6R4amtZWKgBQzyKzE8knIyfXpj+pJPhj8JdFgGzwZ4ThKFizSaPZqEIGV2OYiQQNuCTjo7HGc/Ffxs8G6Zd2uo3fh3RbKEQXLsLbT9Pg8x4VJ/eM6RgBeBgYX5c8dc+/wznnBWNx9Klh+E8FhHzJwrVIxlJSbik1eLd9NNel7Lc8rN8oz+lhalT/WDFVWk7RjJpNWi9WpbdH5JrTY/nNn+N/7cWqvJdSXHjIzzt5krS25UPvHBTKBRjPp14znJXAk1f8AbF1QyLdX/iGJZ23uHkMW8tk7jx8oB5xj2xX6qa7qTW0lz53lxBCtusTwIrq6feIwCSQRk9PTr18uudejH2p3nVwjFiWGF+U8xoSew4PPsCcZP9HYBYT2dN4fAUorljy8tNK1uW1rRSs9ddNb9Nvx/MI4tTlGvjKstWpc1Ru7SindX6q+uradvX83p/A37UWo+bJe63qiLI2SsmplQSeAwA6kDPAGAeMg1LF8Cv2iL0t9o8TXCwuquytrDMQODggYPGRxxnjA7H7D8SeNLi1vYhFDbRwzb3LyS8goN8e0dRuz06H14Iq5oXjm2eC4uJpoRL5IBhcMITkjOGyT25xt4zngV9VSo41UFKGXpJpOLUHfWzvt29dt2eFOph3JRq4x9Lp1Fey5fR9EtPPqfIMf7KPxX1hWS88WmIylfNZ76SYM20kp8rqN3O3HOeAe2PBv2Xv2V/jb8a/2mvGPw++EdqdS8QeAZ57vWdQmnMNvBaQZSeVpASdzlhtUnJwRzxn9Pj8R4fKuotwjhSTKQ25BkZiP4ZCxBRhkHjrjJ2g58r/4Je/td/DL9k/9rf8AaV8XfEqw1m6g8WwfZNLTSg07LKpyySr2jbgn5iCccgYr5fjDG8UZXkOIx2S5R9czSjGH1PCwpObrT9pBSj7Pmj7Rxg5T5VK7l5Jnfk2HyTFZlSpY/HewwU+ZYmrKqoqnBU201KXMouUkla11dJo+Hv2xdbtR8RvDw1MhhL4ctHklj+/IhD4depPA4A6YyM4Ir5C8WeKYtW0+xsbWRmt7IfuwRhmzkKDu+bjn2x2PFfU37X3hfVfEHi/wtc6XEbqO28I2P74ODhhvyrHH3cBvmHHfNfDuoaBrkFz9nezYbMB1L4ZTk4+YKq5GM5OR6c8V6+JcIVJK7dmkm93dLzfq7X23d7rjVKrXipbxavJJe8+ZLR2au1ZO7Wjve7tek1+xZU3quG4GAWbg45wfqe2e3evtb4FMknhzVELKWPh++AwB1Alz0x8wIHU5+bPJxj4fm0vVIp4UlgkjaSTCsfu4PB2nGD27nnliOlfbHwCjZPDd+jDexs9XgJ9AID3xk4P4KaxjJT6vS6snrvFdL7WSS0tbyNsNhZU3NTuk0tertyW6abLXR6b7HlGmR28tw6ysoVJrnOGyFO/HzN/F3wOxJyCdtdHHpsbCW4ibYjAgAHcWbGCAATgEZHPOTnGMbvniW8mhvdRjWeaMfbbsZWQrjEz5wB0446Ac85IFaVj4mvtP8wx3tydisyqXLITjglSfm+mMY/DGM+Zuyskr219O90uvRPRK3U1p4VLmbmldtLz2S3eztba976Xbv7h+zzaFfirZbvMBbU7hG+Ur8oPCnGTuJ9ASCO55rivi4H/4Wf4vijRtg1d1jDZ25D4A445GcEnA9B37b9mXVZ734g6S0rpmXUpJXdlw4bqQTkZznOD1BJ475Hxb16K2+IniqF7C0uF/tycmQkLISMnluoxluNyrjGM4xXWmo0YRsnf3ul7+62tXtrpbu+l7zXpR9gkp6cyV1du8eV7dE9t3fXpY8jgsbqe7aKCCRpCyIqoCC25tuxQMZJOeQOfpgV9Q/A+JdB+JWi3N3aPC0Fo4lglG3cxUoWyThcnBJPPr7fPdr4s0611C1vW09rdoLgPiBwSSpGODweOePm/HivXvDXxG0TWPGtjfQW14JsJbzeZ8o7AFMBQg3fe+uR1JrzcwpOth5QV5cyStbq7W6v06pWumdGS2pYmMru8JRaaXW6aeyf2bNar00P7bf2Ov+CtPw3+BHgjwl8D/ABx4RaLWNM0SxstC1CznD+fDqs6StK8QG1MCUndkZAwTy2fxH/4LF/8ABQ7Rv2rPFes/DPwBpN6vhXw14kWTUpLxv3txqMFv5cjwtgfu42VgB9zjcCAePhX4/wDxS0vw9q2nwsv2XWrrwlozxXpV3kgWNImjkjmQhkYEBiQwOcc4r4iuPEenvfX2ovrQu59SnluJZLlXLfaZF2tIWdmZmJJJ3FgARu4Ar8hyjwryfAcRU+Ir4qeIVWtWpUJ1E8PTr1pOVSrThGMZXs2kpNpX0V2mvssy4ilVwVTCQpUYzqxVOtWUpOdSMeVWabaXw/ZS3emp5/bWiS6tbIzkN/aVuFTjO3eMADHPGBxxjoeMH6O+Peiyt8N/C5t45ZGjucsFQs6AAgkg9gM+rcntwfB9Jt4xqyXrajZXareQPsDKHLFxwgz0BOCeMdjkYH1X8S9XNlofh2Nru3VLuzkZIJdpXcy5O0NlcgHnvnHJzX641GnTlBLS8VZ6PdWa0d+17tJdrnzWFl7qdruTSt5O1pXk92rp7W+bR+c1xbPFlDFI5U4IVGVl3BgCQQcDPJGM45z0BisY2TULcMswDNFklCpGJAQATjgg4PO4DBx1r0XxXJcC9WTS7kMMMZfkjQCTdkLuIGQBk4x9DiuQhl1eW8tEuZMK08e0gRhlZnGAAFB24yTj5RyO4Fc3LZq77atd7LW2uivq09GtNzs5tLcvazWyvbW9r2V9VbTfpp9q+JbmFvhHo8eQALgLx1Hyg5PQgEADJweDz6eFaxEkfhw5IGWikx0JLYOOuM+mF79iBj17xhFNH8JrAbWkkF6i/uUOSuAPl4J4AIwOcHHy45+crm5vrqBLSSC52A8L5UgcgAgbsjacAcc9CDwQa1qtqV27txinbRapbXto3+vz56sHUcXKNknvZtdLXWjs31Wq2T6qxoSk30rLyBAFxnGNxUYYfkNpPT2zX6S2sAX4WeDh5vkhZlJAZt2OSeRydvB47gcDNfCXhrwdf6bp6a1qCNClzhEikBZmVnXa/X0JYZHBB65NffmnG2m+H/hu0ZPMjW4RXbIAVMD7p4AGOPcegArhrpyjLlb+B3Xa/I++l121/T0cNdRs9NU9ne7tLW2rXLdaPfZs5m81G1tYoxDdxhlfAbb8yc4OTywXrnoM8lskZ8K+I11FNq2iSrKJVWQKWBGGJkViRnpjPByemTnt7B4k0m2+2mFPM8uRVeNVHZQW+/zhWJIGP55x4N4zCLe6YPLcbbjbkDjCNjAXk9wD0Y9+enjYayrc213FWa00tru9VtdLbZvp2RTk9d9En3s43ej0a6bu2zfX6G8e3iy/DvQiDJE895FApXnACqFwT3HJAIxx1644HTLHTIbSQyXbC8t5laU3ILB9ygqseSMhjg4Gewzgk12nxFsrv/hUvhO7jLnztQVsL8hQYHzbiTjjaQTnrjnGK+erSe5MZiiuWnlExYsXJZNgUEMGycgAEHJz68162KafJok+VNvRNK+i2u9Xvv6XM5qzXLb4pXbstmrrpurO6TatZrqdrrsKySadLEYyksjMQiglFLevOMnI5UgZ7k19O69NLD8LAIoYpXFrbv5UvzoxxwWBxyQDyCSOAT1FfIoaRZbTzH3Lxk9cEkZAG7ao5x6cntX11roP/Cr7faDIWjhUhWAJQIAASOi5PB6jsccFKP8As04qzXK73Ts3yw117Wv302sy4xk5xlLVNw22s4wt6LbRJdrrY+MEGozasGktbZImlRSUYbIlZQCBg4wD1AwAepOTnsfB1ljx9o1kJIpIhqcTAr93cSrHBBJyOmNuAASOBzgxyWkayCRcOZ2wrHLfKw43Z9sjHPPPQirHgm4+z+NdHnC/vRfrIMnflQUKEZPtjgcbSSM9fJgm5a22Wmm10tG7rRbdb7ve3qRtyJ6PRXs9tFe/dO6SVtWff/xps9Ph0/wbNOLRDFbTh2lTcgUKAxIywIIzkHpwOnX5T+y6bNd6nJbi1MTyReU6Lt2glRuCjJ2nqCGHIGST1+kvjrqEA8N+EracxB5rScsQCzfNHuwNuSOuSflxwpBIO75h8PRRuLtZYiAwDRlTktFGeuRjbkDBwPx5XPm4yEVVbsrpR621ajo923bZ+Wm9z0cFb2MHzPV20b3W8Wkr6rVPd8q7Xfp3wU0oR/ES3WKSHEkRGQOAvzY78HII4zgjCg123xhitIfiDrQlmgSVVssK2MErCmFPQdAw6YYnaAFJrlvgdDHJ8QIHj4WJJWGdwIAZvc/dxg56njGM1F8dtr/EzXWYkDbZkYY44iTDEcEkfX6YJBHjY6cHQ5Oa0lOMrX6e6vJ7u2tr9XqejhGliZdeeCtq7fFFO777rR3ut9CrNBZS+Hb5i1t9ojnQxMoBdmLLjocqpJwOSScgnvX1L+yTYzTW2uKNgK6fqb4xnCmzlzgjoB0HtyR1NfFelwkWOps6vJuQOp3E575IJ6YwMYxxkGvuX9kN4Eh1lyZC32C/Plt90+ZZTBiSMAhc9eM9hnr4MYRUrRV99+lkr6K2l1bfV+eh60bR96UuXTWzu9XGzb5Yuz1T31d7X38xsYoP7TmDzowF9chk9D5rYY5zkZyO4HAwScV6dpUUYmiRXjZSrHcyjH3iDtODnjA9to9CB5vDplpLqdwVDK6ahelk6lm89sAkKO3OG9B0FdloUUq3YBKiONpVClsnBOdzDPpgDHQ9cHp+e5oryqWbunLRfCkrXWm+/a1+lz6rBwUuRatvlbbltdw2dt1fXba+trH0T8KbYN4p0BSxUC++QL1b94uMYOc44A4I7rxmv7Lv2LbdYP2f/C0YJLCe7PPqZM8+hYHGeDye2Sf41fg7Ip8W+G02ghr5s9uFkAPp1GACOo6Djn+y/wDY9Yf8KK8MbRtzLck5PQ7wQB7jdjH+zkdMV/JXiLiJUuLsvsk1/Z2K5r7r36Si29FfXbTTS2x9bxFStwdStdv+0sO7aLalJ2u7r0drX32sfVOVzgAqe7HBG7pycAnv2wM5xzxJvVDheu4egzycYzgZ4GcEH8doFISAjaTyDjIPAAwTzycE98AH8RTiwzjBU5AzwSfTJx9Oee+OtfLwxvwvRK8dOa99IpXV2urWrv0d3c/J3G8VZvZK3Zvlvfy1Xu306Jt63kuBuyScdT0569R6D+I44bgY6LZWUMPlye/IJyuOCFIGQOAMHHPBznObGy4CnleBzyD0JDHseQBn8MgmpVlKn5fuk/eIz0PODyVPbaQT1BIAxXs0cSrLVpbvzXu3u/lZO+ib+fPON7666W3s78v3O+mtuvXVaAcqSc8NhvmyM55ARTyTlRwep9cjEfmAHJ6Yx15ye3oCccnHHFQGUMTk43rknO7AznoeVz13Z6AgdAKbudQduSsh54xyMEZJPBHI3HryPXG8cWk7Jprfs+jdvs3um7PfZWVjLlem19El84t6rTtbZaE7OvfAXJyOvHGRjseOT+eBUTgc4DZK5Jz06klc5wfbHoM9ai3ccnhlJPGMnHHrg8nHTk4Puxmyy98nHHUgHv0OBggjHJ7mr+tRk23Zdbbb26Jvv2fluhKDS1Wz3t2svk9Lb9rre7sAFQAdwIG4DJxnduP49h1wcDhszDb/AA8lWBJwep4wQQQehIHbtkg4iCnORkAfMQM478Y75zzjBHXBwKlBC4bHy/Nn19sep5xkAYz+W1OpGaklokoq9kluntsultdel1ew1pZ66W6av5v16+ZbjRMKXxkdQBwQRwThmIxgHHpgYBqzsUkH7oOeMDbwP4RjjpyOfbFUQ4ChmY4JAyTnHTvjrjHOOWwMAlSbIePJ9c98dTjJPU7uh7YwRjvXqUqiWkpRirQtZ2TlZeTTXXa3bW6MGtL6rVK9+7jsm/5V08uj0nwpGSPmyAQvAUHPb+IHk49enPFKFGScegIwcNjgjpnpySDnGARy1QCVTgqeg3fNwFxknPG7PHTvnCk1Msyng44GABnBBJwMgHGc8hsdTzyM9EcVC9vdXvRsla7trbTfpFaPS3W5m6bdmlJ2V3ZeS0Wq5rPR92r2Vk2oKEfdwSwAxwM4I25x0P6nPTJqSPAwM7QeuACMYHQDkAnqdx7gnHBarqWUcDBIKg4yTnG3I5445wc89xlRgjJJXOMEN1x0DE7eOB0AAAIB6Y7aNWEpJ6Wdla2ultba20Tva9tFu3fmmtU7WXu3aWqV1tbbZXdvXcuIeRgHJBBIzt3AHByRkjnA7EDORyanHYAHkDGRyD16nrkEY3DAxiqccijq3C9cAkDPVuuOemOe3QjNXVZWwNxBDb8DHOMgDjsM9PwPXFd0KiuuVq9tU7XTajpsullpYma547SuraXd3qvRNWd215X0RKoyuPu4wcMCepJGcfQ/XHTBzTyyoRnnB4GRjry3UknH8OcY7DshUMeuTkAEAHO7tjgMBnGQcZ69Tg2qCNwyRzzyc545xkdgCQCMgcZzXXGpJy6JO1k9Xqrq77bt6bu61uc8oxsve1dm/K1vR+j36OySblVk75HTnpluB04wBgAjIGePWnblyBgZxuHJOcc84GMEkEehI69TEAQADwpGVzgkLgEjjjPX1AIAHHR5PGf7pBHYEEZwTnJJBPGOwx0FdMXKSV0t7JtPbTqraPS/rZX3Mmraa2fpbffRWtrqnZ6LbQeWCZI5JHfPGcggH1HJGOnpzSttyCgJxxgsACTkY4ILHPrwD0BxTRgngjoRjOABk9MHk5AGc4xzjGDQVPUZ6A4OQMZyDg5ySep4JH0zW8ZTskl7qkrLVOVuW7a72vbqttmQ0r6rW7s1slp379NdVv5vH3h90qM8EgnOSME8DA5ztAJ4PNOATPrnAAwT1x36nPHf65GRUOB8xBOeTzkdMYB/ujv+HelLbR1G0McgYJJ5HBPv2yP0qXVteKS0a7tJ7JWflontZJX6Ckou1k1snte3u3vez6O/XXz0tnaON45IHI46HPXcGOM4xjrx03VH5a47ZUnLEgZyeQOOeM4OGK57ng1wxOd3UcYB6k8+/OAOewyTx0cGxgZ3LtPUkn5s/Lz1HAx074Jp06t7Oz3T0vql16aW26tvqJRlbu1aPkvh0d2npe2+qte5MFAYkggnPIxk8j73HHTOOOOvGTUu0hT2z0IUghsYxuBHrwMEHAAIzUaSYJOCMYOcnIyeMg9d2CccjtkcVaR0+ZTjnBBxjpyeCM5AwARlccYH3a6qbcmrvRPonorJaXWtuq10WmlrxJ8rV43bu7LW+iV9r7adrb3uiCTd5M+0MR9kuxjAGf8ARpCQCfU579x06V/EH+0j4Y1W4+LfxDt4rdysvjDW3AUhWVReTEYIGB2HI6A9/mH9wb5eOckgD7LcgYB7QSge+cYJBxyBjBYV/GB+0clw3xh8e+TPJCq+LdZBmHUH7VL90DkgchenIwOTmu/K9OJ+GmtoTxy163hh03ot7bbrTXZ2/SvD3lllPF8HZJ4TL5K70uq1TTW70u+r0TT0PgPxD8OPEesWkotoHAhPlsplGd0ZLEkY4GMADJGV9sjiD8JtfaWw8uG5YuDGQUMSI+DnDgc4OcZOe+fmNfRevxa1p9rJcWuqXEZkzkAh95fcFyFyByOQ2Qoyc9M+Yx634xlSS3XWLhZIph5Y8pQUHBZi5BwCBngcDjn5cf01hFUcIz5dPds/e/utW02abvrZO254eKmryjGdNuzto0rpxenZvV26t6O+ih1H4S3+nJZvLcm3LQciUMhLjklAD83OcsR2GRg5Hlmr+GprGcst21wE3CQMrFgd3y+X82cHO3oO30r6AurDxFrgtprzxFcTPb25CrhNicfMgHO4Z5IxxzxivEPEHhi8udQcjVr8s6uAwcqA4JJLKByoI4PHYcnp7NBcvOnFvmeml76Jtvfe7fVW0fU8mrKXMpylCLXxatKStH4U2rXas7p69VYnsbm5tbbWkKBDHokJVgG3lmk+4wHYBSfmyuMAjjFfAPiCWS58Xaf9owyCa8JVRkkNcMW4JznHTHGQRgZGP0u0jwTd2HhnxTfyX0l7ONCiXLJuA2uSCuR1UnJOefx5/Nu7055vF2mytKm6a5uw3BBGLgkjAAxjdgBe69DjB9HCK0uWzTT+K9tXZpW+03bVbLS9kmjKVRNTmndKKa7W93R3utGraLTa+9vYfCujQCSd4IZZ2ns7llTBJQGJxtHy8AdewAHT05L4afCyDWtca11G9gt7e5ubuRzKCGiQSkkA8hGIwoycYJ6c4+wfhp8L7q3sV8SXSM8LWs5hEjhUeNY23F1J+UEfwtnJwRXo/wAPrz4QRusk9nGZEmmW/Edq7ETlmL7XUHhTkjbtByO+Sf0DhvhmOd1K9Ori6WF9jCM05uyafKmk3u9bvXRd2fEZ7xC8udOVOhOtzSafsouTivdd99VZ7tt+qszr/D3gb4e6Z4OsdMsbrTY71YRaSTIVa4Y5DPI5GcZAOV5wuOT1r23wn4U0CIaWttdWLNCiBpI1UEKoHzEfdyccsQcN1yTg4trH8Fb9Y/7Pke2Ykb5BE6Fc8HqCvbAPXvnOa9z8IeGvho0Ma2Wv2sLrtA82dY3wcEjDc9t3TGVwQQa+vj4eU4UJ1I43D1bK37ucG3s09P5knf17Xv4VDjSi6saFSFSlKTT9+LSbfK1ZteX3b26en2ml2kmgm3jurZVLKYkAAZvugOSG6duRwQCTgKK63w/4agLI73IlEXBYKGUg+57DofmUeoDVr+H/AAx4VeGJLbUra4RQuX+0rliADkLnncT0H905GCRXqOk+GtMjA8lkdGAJPmqSenTBbGQ2TnIB9OK8+lw6sHdQUr8107WTas3Z6Oztpe6fyPqI5nh8XGE/aLaL+JK1te9+vlrdJmXY+G4GjUJK7KSGygCrx6Lxzwc5GD74ru9N0yG08tVLE5GGCjcAO7HAGTknJycjGSBxo2mmxQKoUARjaVPLAqDkcj14HPHX+EcbqRxRhmHGBjIXAC9z05IB4BIIx68HaGAxCulGVtFqpdo7O9npovNepusVhoxTUo3TT1ej0irtfPolr1LtmvlgEABEII3AAMe+QByeegHdjnsNtdUETAERhiG+VVwu3rlu/GTnqcnmuXlvlgQ7W3ZBLEjgqMAEEgfNgH/vrrwTWNca0Y+SVOccEc446DI4HOeSO3U8dtDKZzUbxfN1tdK9107dF0v06HPUzSmnK849kly/3e6s9HZb6P0PQ/8AhI0jGUAZlBz2ABPGACMjIPXJHXkYqB/FbtwqKxUAH0wc4PPJXBwQT1+gryK58QRBnJkw2AVXOFByQODn1G4ZwcccDaMS58XQxZbzU+UncA23O3BDMCQTkDkEnPHAwcexhshnz3jT00aaTv0d23s0n0Wib73PHxObUus7K1nrZ/Ztvpft0uujuz1y61qVgXMYwzc5YEAc7tvQA4A9c46Hk1xmpeJBDuJlXfuOE65P8WAvTOCCc9Rjsm3y3UfiFFENxmj29SA+Np5YEAHn+E46c9MdfKtf8fGYs0NwCSWOAQuOw4PPzdwDnsecA/cZPkslJOrBqPuvVb6wbv310t3to7afGZtm8NqUve0uklbaLaa3/BWemt0e16l4wAVhkIcNncvCrtIAGMgHHHvySTu5831PxdbyIMuSgJwQCuW4BIGTnp1LA5GcjjPg2oeML24ll23MhAZcKjDkYORzwTg43dg3AyeOVuvEN0xkVppgqjgAjbzzyRkZzjkZHJxxX6Fg6NHDRhZXekUrLTVWun03W9tr3Z8JjcbUquXVbK6V9k1rv06Wfp09yuvE8L5IZmTJcEMVIHIOMk4GDxjB546ViSeJLdgSHcYy3XIB9/b8s5x3AHgsmuXMjOPMuEz0IDZ2jsx647jqDncvy5zSbUbiTcyzyKWXrkgkdDwcEYPTjpk49fahWTjdJJ3VlprtrfR/dqtt7ngz55JtpXbt3t8N76pu3qlo736++f8ACTWzMcT5UEEkZGM9S2cDHUZXkHPBwCXnxHEWytyQpbLE/KccHpnI46cD3GVBr5zkvbhTnz5Mf31fdwORhcH7vJ54OM8GpE1GTBPnSNvViTkgHAOAOcA5Hfgc49a3liVGzduVuO+90knfS3d6b6tanPKPOle+l1dJq60burrZNX1T0suqPol/EcL/ADLcEg8hmOAdoz8wyQDnB684HfFN/wCEkhCAicFiSS6nKk5B565zwOenrjivnY6oyAZkk2n7p8zgjIznk5BwR6HJIY5yJk1kbVDTONzYwpJAyDjGP1Bzg7ui4Ap141FzPm1S1utvdV7Pq9Pev733WIuaeqv11Sire7a+rs7Nt3+07KSSTf0C/iZcsFnDHGTtA3ZA6HDAZPGBx/CSBk1SbxNtDEyAjAXBJDEMe31zkYCkZHQHJ8MOsRhm/fygYwDnAJwSM4bPzHuORn3pv9vKpI3uxKt1AGTktkE5BGBnjB4yDgA1yVKiUviW7XLfta/W1r8vT87HTTlVvdK1tLJaPRJx0d9/Vq10z2l9f3ggNySOMlcKB9eSeMHHfHUimf223zfdPygqSTnbkbzwSOOmCOcZ4ySPEj4iHLEv/cOTuDcDk7Sep5BIyelIPEShmIfGAUQFT0IOSTnjjDckggDPXFKOJpxV+bW13bVXdlZNrzvdWfR3sjoXtJyinG8k1da7WT1067qy0fRX19xGuKcCNgwIAHDDAGADyfQ5wB1A3d6cuq5YjehAUks2AxGBkEjBJPBxzgKAB6eMQapPMwWHa+4BQm/I64I7DlsAAggHjkjn0bQvBXifxCQtlEE3gAF3wQowCQC2eOcc9MYxzXl4rOKGGUnVqxgtN2lZ7dXpZ62s3fe+x2UsNObVlrLyvoraXV7yT6aWs9rq2816jZLModsrtLkKQAARnueBjI4546iqYuoyCDIpJJOAwyeeACTxu9Mk84IxmvUtF/Zb+IviDaYbiBFYDLbyxQnODtUglRgjtjI54r0jT/2C/idqKr5Wr25ZmH7sBsj34JyeAcgjnPXjHztfjzKKGk8bTXKt3Ju9rdk7W1Tbt67W7YZPi6nwwbTSvZXsny9dHppbz173+ZFnU7iWC5IO1mJ3A55AHQ8ZxyAcAYPAmSaNnwrBAAR+84BzySMk+4PbpzX2JB/wTn+KExAfW4kAA4w5I454Dfh3GSM9K2ov+Cb3xHbG7xDGrBO0bEAcdeeR3I57Y5BzwT8TMgi1F4uDbWtrySenXXd9rLVfPphw/jG7+ynra3uve61T7dfTa+qPiZJFJBV1wvyjLBgc5yR2X3AwBjPJzhjF2IXKgHGWDFRnIwVBPHufY5x0H3L/AMO4PiFFy3iiEqcD5oHADAZx1yQTlgNoXOQMkjbUf/gnp8QLcFm8S2uOm3ypBycA8Elu3fv0DDph/wARNyBvTFxtp0d+lred73+/uaQ4ex+lqb95RsrpNbOyvrd62eu+173+Ko5Qn+seM4BPUMAQeMjv05Hbtk81bEnGVVNmQM5ZdzHB6E9sZUEggZ9jX1jcfsJfEi1UiHxHZNnJ+aIg4AHBLKPx44GcjAGeduP2Nfi1bh/K1PTpgrbsl9pJ9gRgMduW49yOBjSPiLw5JXnjYwvo23qleO2lu+nbe25MskzWN1HDyezupJ7cvbd9fnt1PnZLjrmFQAcH5ty8j5QvTZ0PcjGO3V4uFb5ehZsbl+YYHbkgA9s85xxk5Fe1T/smfGeDfsisZgwzlJSCeexwRn2ySvtjjEuP2cPjRZFt2gicA8NFIHBHbjvjBz0+uTiu2nx1w5U92GZYdP3fimr3930Xk+lrNPVsl5XmlOKbwlXRdFdrVbXV7+vbvZLzDzshmLADcAWBJ6cc9ycD27j0w0XCjfuwCrbs7eSOODnH4YG7Hbiu2uPg58W7UZbwreMUOW8sMynnGcYx1PDfdJPcjnnLrwL8RLEEXnhLVY1U5JSBmbjGSCExk4JIOMA5PGK66fE2T1VanmWGelklWh/dT054t7a7rq9WS6GMg0p4WuktLum7O1k9LW+TTX33M8XGd2crnjGMgAkN1wBk5+gzjjmnJcjIICrkMCCxx25+9wcDb+PrjGXLaazZlzeaPqduVJx5ltJt4IA3AAA8ZxngZz0waovqEKtiUSxNhQQ8bRnOC2MEAcY6j2yMcjojmWEqteyxNGd0rclSLV24q17u9tXstNGmxxlUhr7KUb6+9BpXtG+ijp3f322OoXVRGAN0eRlVC4AGDjBwcY2juOOQAcVOuuPGS3mAnk+oyeMDBAxjocA/h15FZ4JEdlkDBmDAhk3cgYAONwGB0znueCDTWRcF1bcw256YXPYjIJ/LqeenGsYU6mqcWmk1Z822m1n32et9bb23jipJpuK0SV77vSykrJ210TWz3TO3XxEcff5wBjBADe2eozjp7dFzmynit0Kv5wZl4dQCQCCQBjrnOB3JOMcZA8zmJXJEp4DElTgDcT0BxnBJJGWB9AOapvO2NqyMW24Cg4MmMnqckjbyRx1xw1KVBJK0mneL67K3da9bWve9r7HRSx0m7dP5W7aXjtda33tbVPq3Y9hTxngDcVClskHJycenQdBjr7fd4tf8JmgCtkHavBPyjB7Y6njJ/LGOK8Pa8kIUs/yAY+Y4IycBRjnls+meDzhct+3EZw7glgcEZTaByQMZOAPurxjrnNcMo8ltVreysrW27vXX5W3uj0FJyS21V1t2S6a2s9tOy6s91TxfbyYYybQCcjA2Z9cjnHXjOc57USeIrViGFwu1ieHxyVIAPOB9MDBPTpivDftxbdiQjByQp+9nK7QMdcgDq3YjjoS37kqhc5CkhRkEnbnAB6huT6ceoNeZia7prRxbSer6bN7b7NO17vbY66FBSUW4tX1WustvPW7aXT9X6tea/A4JEoVSW+4RyOck9+v03Z5PFcvea1GQ22UEeX98nDY9voCRntnmvP7jUJApOW3EFVU525PBH4fgecDBFY9xqBwhkd1c/LtbAU9QVAPqcYYEEYA6gmvDxOPTUuba+2zvdP01TS3s1+HtYTCpPTWKt01TVr6WSvo+mq08zpr7UA4CqWHyNhlOd3UHccgjjgA4GSeQM54vULifamxwcHG7v83ckkhuAAD259xWdeasEyjEqoLDcDuPGcAkHbj+70BXdkDHPK3+tqqFRKnyKdo5UncdqknPOTzwM9icV8rjsVGzcnaT6a2Wqdm/O9ul7WvayPp8NRTskrWVumi93fVeemt1o7Nsm1Oa5HmKZDmIEEhtx5JyMZweTzj7vGR6+b6rdzmUqHGXI3bm+6QO465+9hcn+6AB10bzV2fpICeAzbsEE91H8SjrgdOnI4HG315MfM/uncQ5yxBzgKQAMccE9RnPIJx8Dm2OspWlJXbVk7uzt279n0vrY+nwVBPlVr2S6b7WT7av8dyvc3d2XAIYgOx+8SMDjBJBXnjHXB6cE1dtLiRmDOMAY+XHUryCuMHHHHJ4PcZFc39tkBKsRtRGBDBiCMHPIJPc47jpzya0LLUG+UGMuHKgHqNo4fBA+Ugc88E457n414lzk7znq+rdlZxsvRpa9OyZ7/sJxikk7culk+um2l7el1pd6HdxyMGA+cgupyc/Lu7FTgZIOOPcdRmt+3uZVIKM5K4cZBAIxkdMHI/EnPUYOOQ0+/R2O4EgrgksAAq7sEYOQVOflYZwcccZ6/T5oZQCQQNnCr82dpPzHrxwSQM56kg8nrVSyhy3+zza/wCHa2u8bt9Hqr3u8eacL/De6T3jeyVlfVprfbey0vr0tpqV98pEjrj58qxAJ6HJzwo4yBjGCcbsEdxpniC9t3AF3crtVRhJmwCSeevTpz6856Vx1rHbv0IJI9cgdAcgYGcHPI75GSdtb1nFBhSDlQU3E4U8nPPr3J6dyOTz00qk4pNTalZO/Ne+2+y66JrR7N2Q4T54x54q1lzXs7/D1StbTurXVmetab421e2CiHU7sBeAokJKjbwRnrgc8EAdDzg11dv8UPEtsrKb9rldvCy47DJyCrMfQnHIHHpXlVlFEQXUs2QQV6cEjuTySSDz274GReICLvGQSQg3KDheCMkYI4ByxyADnPpvPFYiMOaNRrZayb0TjfrpZpeW9rtXK5KMlfki3o3zcqV3yvzt66bPdHoF18XtVKILrT7S5QAKxMalvuncWyowG6cd2IbGBXJ6l8RtCvlYX/hmHLcboyFYHBwBt+8MNhsHjPOCOeRu0VSyr1YqcjIbHcY5B46DbnHJrmb8IoZOgGWU45OOR83fpj685BrxcXmeISblOMmrWUk3fWOjT6Xtb1TsdVDD0JKNoKL2sm11ir9rb2Vnb1YeILv4d6qjG60m4s25AKJvwR/E3DcdSOBznNfP/inwR4DvjJNZXKq7ZAEsOOnTDBV55ABz0wK9E1HAyDneVZtp+4RnJG4jHQ8c9up3ZrzjVlgJbJPKY3AA5OfoDjGVzwTnLbs5r5TH4+nVjJVqNKTdk/d5W9na6slv66vZHr4XDKNpU5yVmt27J2imlfV221vpq+54Rq/gWzgmdrS4hnUKSqqoUjBzjqPToxIXjB6VyE+ki3G2SJOoIKhTtLHJ6c4X2IB6klsE+sas8IeTaMEKQQmVHAA4xgg46HABHQYxjz+4uoxISFJXAVjlXLNkfKTg5wATngDjkniviMV7BylypRerto9HZLV6/Nb6n0eFjVjbmvK9rt2VrNatNNO+vd6yS7nOS2UBjAYA7GOCANxI42knJ6noCRjP0GLdaehZjjaARngY5Ukg8HBzznGSQT256e4mgk3ZUI7FTgD7vBz3wO/BI/E9cuZgzcklccHj5mbk7uQNvXPXjjJ6jwsSoJPZp2tZry0enq2l216X9iirtXT7rpso6db30V0tbW6nJFAgLbCV3tkgYPU5PB4zjJAzk/MAORThhCMgHAGAu4YBwfmwcnJ7Kc4wOea05grOwHBbkgDAx/F0GR6AHH5VGIkZQVfAywBOclgOgYEHI5GOM99oBNeHVnFNxs1qndbtJK19Out9X120R6lOnKyWmq2s5PS19FZa3vd3lZbd4UzGzlCB8qnBU5OQCcY78HjAAwORWvDMU2kuVwuB83BX8Orc8cHoRjkGsvyGf5trblO0rnjofTqc9ckAdBnjN+JumQQDuwMZJIAxlgR09sk8dsVxVLNW1aa2Vm9XG1ltfs76Wdt9OmC5VaWm1nq7LotbXvotlffqzo7TUJ4zkSSLggjYTwB9D1BA6k54OCABXTWPiPUbQARXLK7HcA77ty9eTzjgZK5zx6Vwaz52hSu7hSBkEY5GTnGePlycHOSOebkVwHIUtkbsYBzkAHIJ6hiF7cY6dCa4qtP3Ur3u7O7fKrW2XVvTX00OilNuV3aye1t0rNvrZK11fVt29PYrX4gavEV3vBJtUYDqCOmevJByQAMDkYODgV2ek/FK5iYG406zmUYJVkXdzjGRyc/U56nngj52ErEDy2Jw20AdcZ6knnpkKeOMADpWrBdyAZYHOVGO5APAJ9TjHoeMnmvKxWAoYhNVIPVJ3UmnpbS6tdWWltL9tj0qeInSalCdtFbS9rWurNNrZNLfTQ+w9H+LXh8qseoeFbGYn7zGKPoBkgEKRgE4OQM9wM16to/xR+FwdTe+ErYBkXcfLVss3b7pyDjnIGMgg4yR8D2upOpVgzHAIwE5xnoeeRycHkEdeMZ6e21RlCjzMREZO5cbm65UcgDPqBnK46EV83iuHMPUT5KuJp+9b3atRPXlvo7v1d9LPeyPUw/EGIpuP7uhNJpXnThbeN201tu36Wvsz9HbHxt8DrwA3WgwxDCk/u1GCSAACo6AkduQM4PJXvtLvP2e7/ar2dvEGOTvC8ZGcktkZ5HQD0yccfmZYauVX5mJDYOScnAI+62crzyMnHtzx1thqjKuDI4DAHcHBxyCoTbk9MKRn6nNfPYnhJTb5Mbio3Sv+8b193tdvbTXTfyPVocU1YfHhcNZdVCLV3ydtmmt7eZ+pmn+FP2cb8IDDYkuFJLBRjJGCSCCMDPOcdieAT0cHwh/Z0uvuQ6cN2CCZEGOTleH98cbiBnOODX5d2eu3yKqx3Miq20LiTDt36jlcdl4Jx82CTXX2XjPVYQo+2XCnj5BJwcdxk8YyWBz2PevBq8L4qj/AA8xr6P7U5tp+7o7Sa00dnpqtnqejHiXDVOVzwVJbN2jCz1Tdvde+/n5pH6XxfAn4Dyqvk2ti2cYAdCBy2NoyMYAGRkknaBgc1ei+AfwWUErpcLjjPllGHQdwSQevt1OccV+d9j8RtbtnRxf3AzycSFgAB3HIzwODjHPBJ46m0+LniOIgLqU4ThstI3Jz7sAB/s47cg8Z4nkmPi3/tU2n7rftJ3aaVt3bz6va/S+v9s4OS0wyV1paMU4/C1bRN6rtZK73Pupvgp8G7ZF2aGAV5/h3Y4xlhwRt9FHbqDxSl+GXwwgK/Z9BgAU9RzwMkezH3wMZ+8cYr5Is/jN4mLKhvWcZBw7hgTg4B5JUZbPXbk8ZyRXR2/xj8RSbUkMT84zjjAyDnngds4AweOMV0U8rxUbJzckrJWnKVrONt29Xr3S1uYVcyws07UVF9Fy7/Dqn+Da076NN++3ngjwDCpZdGhQKvynZ1/hGSckHnoRu9OvHIXfhrwiHfyNNRSvQBMHd1+Vl4GcHGMdGHQ5rhY/iFrt9IB5MTDcCAAWBA5wwOVzjPHPUH6z/wBteI7pji0g2/KchSCeBn+LK9/u/wB7v29HD4DFO3LCU720SbukopWWvKrW1v8AhovIxGMw80rOMOzb2tbdq6etui9HY15PD+jR8xRNESQQCAG49B1weScDHfgYxB/ZtrE4CBWIztBwGwOwHPQ5BI78Ac1HDb67dOGNrkZJIXcDnA4GM4XPPHPPHvtQaLrbs2/TpCfmAwSOo67gCAR2w2P6ej/ZuOaTjgazikk3GlN3u4tbR6W1et7vZXZ49bEUY6utB97zu3qklvZ7q2v4XQ+xhUNGy/ePUngKeMgfLjcPQnI3dOOfQNLXc6Y4OACFHGDkHLdcYHPPPpmsTS9A1GR1WSzmUrjoCw3FgDnrkccgbsj05r0rS9CvYCjCAYRh2wcjHQHlgOCcHjPQAmvSwGUYyclzYWvHWN26U7aKN9LJXei7aN2voeJicZTSk3Vg77Lni7aJXS2toktnprrZnV6JZySFPkZgGXeFIA5XICgjcCw5xn8a9n0ALB5Z/eoWYB144UHOASOTjJHUDscYxwWjxy2/lo0Sk/KSoU856Yb1bIHOFyea9K06TAVWAVgcZCk7SwwRkYJA+bGV7HIznP6zw/w83GDcXG6TkpQcXHZaNr5+r6HxuY5hduLfMv5lKL7aaPytptrse4eGdUZPKUSBkG1Ru+UADrnP15U++M17ZpOolgpAIUjcu3g7iCG3A5O75RjAx1IyCQfl/S5yhUKR8hBUFto2jPy4GDkE4BH4gqd1ey+HNQkZVhbC4CkEnJwcZBOSThjjjp364p8UZBy0HVULSjG7aveWiet7+Wz8+1/PwtRVfcVrtq129E7b3T0vbb80fQukakV8sHr2O7HBzng8Agcjk9sZPX1nQtUUhNsmT0C5OcHjIBA46565xwcGvnXTLiRMdSuABkk5wu4j2I7Yz23EEEH0zRLxwY2HzAEDGcZB9ep3Djgg4HQDGa/L8LmVbLsVH43yTSaaas7xWltEvLbTseVnOVRq0ptpcz16a7b276dNddrs+l9Ku98ahmOd3BHOc8AZOSQTknp06HrXSIC4B9jznv1HGM49cHB5PSvLfD2oBgpPouQQSeW5J/2uMt1Pdic16VZzqwHO/Iz83XJzk+mTjpnOCBgZ4/pDg/P1jsJRvNXsoJc13ootX1Vl01bW2/X8TzXBSw+InFx91N7razunf56PpZJdG7gQ7QDjgHIUAYJJAOemOOM8HrnqKdtIx0xjIBwSM9SORk8knpnkfR2ckAYweRkkH8cHHG0k9cEcrxSjaPvkKT2zkDjON3Qnv0GeMdxX6DHEz0cIxu+XXW6Ssn6pWu91d2fY8tRjFXemlvJp8ut7pppvV3vva9hvIHAOCSpBHTB6nk8j6jPJz1xKHOCMKAeuQffPB4x1wOvIxnFQkqMHOB16d8/1BPbJ6DtTfm3DIG3ByAQcY57eikk4HTAPvpHESSSblZ9U1vdWWzv2uraX7aRaT0tsttL6crbd1dJ6Oz9LFrcSSAVUYwAMnB74HJ6e5znnuKdnJI3DIzwCMsBnGeBk9fQZ+tU1PO3O04yBg529BnsDjgg5GffgS5I6c9e456dj/X2wMilLEybSVm011suiu7LW9rX1V+tnquSMdXFp26Nu7aWy+/stLva6kEmDjb+fYfTsO+BxxxTGkdVGQMdN27OMccZ656424yB68tDEfMeuOvoO446kY685zxjFNDMOAWIznnBBU9dvU8A49ec/SXiJ31emmvMm3ouu+vlZ2abWolGN7JtPotmrWbulb7/P1vKJV2/eBbnoOoB6jrjgdT6Hg9Cm4jdyBjJ5HTOc9CMnGOccdcAYzHxzwMn2GTxwwOQOvJI5G4jpQAucEZ3cZyflxjHGeTwcnsRxk4IlVnzNqSu2mk0/dSau3e9uuzevVuyKUHZfE0kuZ6LmatdtLXd63tZa3JhjJAbKsRgknoN24sQOM9CDjOCR0Bp6oqkFZDt27cgY6bcD+7nggcZ579mKvY9OO+T2xk9sDA78E4PPDgO45DDnByNw9vQZBI6kZPTNdCxDSTutbJy1d3o3e19mru9tbdGmYtSvor9r330WvbR9H1fcduO3GQ3oevTHzA8Y9MADB5B7U/Gw8k7CvfJwemd3XoCOKgBK5KgjnPI4GeODxj0xzgelLvPGSBgkEDnjvjHUc8kYHoPXZYlapu99FHpf3X27tPq1d7Irldm+V2l7rdt/K9t+/V9SzuAUEsDzjJHU+w6jjIH9aQsD/F9cEc5HbnjHp6HjoKqs+GA+8NpIAxz1wpzwAeoOcnnCnjKFhnPckYOMDgE4xjORnv7Z4GK0+sPTl1XXZq1km1dLrfRvdu76iSvbfbTdJLTe+llezd7Jp7E+4KdoICnrggbh1O3BI4GCcjJ7mnAjG0kcg8jIxzjJyfxHGQMYOTgVsnnGOvOT1B546Zx0I6nJBwegMZLHJxjjA2gHqeh/hJzztAGCQei+uyhzRaWuln1+Dr6u/Rba7IfI3fsmmn0fVXsuiXV6Ws/eSLRxgEH7uMcjB9Rkc59+OcEUpwQSrdSpwoGTnq2e/GM98AgH0gCqM8YzjvycZ4A68EcnOBk9eyk846n2BJxgkk9x7E5z7VP170ezbel07Oz/AM++17K79mrxSjLpby2b2vt369bWabmdSQGI7HgHvxk5zjp2469cghrSgDJ9cAMRzn7p4yRxjd06d+8RIJIU/N1I7g8twCVy3ykADqO3qwDBwcjqQTuyM4zgkHBwR37cDjAynjZOyvZaabraOrbW11ZaW82yvZxtpr1beid+VtJavr2d2m9NU5zMoBAQdM45A5OOfUnIGSTwcetRmQgDACjPfHPGeDgjv09eTxgmPjIwcjB3Hjj29TkHJPGCScDgh2BkAbmyevrkduTjrxyD0BPBNQsU5fbukt9E3Zru7LrbS+iV3ewmrWtFtJqylby3stLu1tdLMkMpIC46EjPToCMkYxySDyQMc4yM01mxtwT3GCuDjGc42jIwcDrg5HBGKac4yBnHIyPUYx7kZ6dRnOM8UwnjqO5YAd8YGTk5Axk9xt9Oa5p4l2votWkm9tVte99XZd/yuMWmrXWiu3r5W10su7vqI+1jkAqSAM8kYJ/i9iMYz05yO1Qk5BUkegPIyO52njO0cHGOG65pskm3A9Mg4wSAOemRzzz6d+TmqxBboMArjp1A9eOAozgnB7g4AFedWxbtq9V1tq0tWlt2d9dNfNm8YPTZJtWTWnSz1+//ANJaTuTBgMJgsxyMBifwyCcZ7jI5xgdlerY4IOQBjPUkduckeq8knpkdahxgf3SQATjBHTt6Ej7w6/e9cJ5hyQcAdTgYB9OONpGPmBGBjrxXFLFy5pNOy3UdbrVO66Wt0s9FfdF8mu7bdnZefLto+js077W1drzkKcOp29RkDoQQfbjngAbjwScYqE8HGc9snrgZI4BGOuSfbjBNIrZUEZ2sDjvgcnGB1B649e/PCHBAxweBzjOO2T6YJ/P61xVK7fN72ia1dr/Z3XW2qsn6aotKaSi07dElttuvJvZ23SYhYkkDnacg5B6A4HuAOTxg5HNNznGRg465HX15HJ/u9/xwA8qg98dgOSfru6E4OQMHjAphOQNvynr06ZOe5JIAx16Z4z24/b2krbu2nfo20tLu2z3311Y1S6u77+W3Lbr3fa5C6AjjJJHLHngYwck+vXJPBOOleW/F12j8HXrbsH7TbDJBH/LVeMMCCcZwRnnkcGvU5G2KMY55zjqD6jI+Ydx+mCSPJfjNIq+CJgzAKb+0GCcZ+c9cYxjAHzfTAHFfNcVYjl4fzZpWvgMSr621hFRa/Dtay2Wh6eTQcs1y+Kbs8TSja1n8UXfW9r6NN6bu32jyo28bQwiZdxlFgQSFcqu3IIzxjIyAM9eSORXTWCpbX0SQMrEytneV3KPLz9SR1PGOx615rfa7Ixs7exCtM1lblpWGI42hB+YMMDgHoe+Mc8i5oF3q0msyvdXMNxGsiFfLIfLBQWHByFB5bnqQOhLV/OVCvD21D2ac71KacopJXjy3u76u3fR7X7/qmIwFadKblKMIxU5ezb95q/KmtNG0k/N310sfNOvTKnj3xBJ98DVLp2IJByeRwMnGQw7knGDyAaEupSreAwwqXinWVGbOEkBDIcDkYOSw54JXBLEVg+Jb5pPHnicKwQx6rKu4DnLkLtU545GTwRgYHAJGRNJemaVxdlVDrlQeSoYDcV7bSOhx6d8Ny1Fd1nK0k6k1qlrzSS1dr7Lpo79UkfpOEwslQwqkov8A2SkrS1T/AHUF280mu60e9/eJvi34tktLuylttJKNZNbmcRfvMFNuQR95jjHHcHpnNea6Ze2ctsZL1SJJd7r8hKht5LY5OF+8PYHAABNclPPcq0229dSYWyAobHGAB1/wHOSdxrHsri7giO3UNwMT/LJg7TuI4z0xuwTzzxxk1ccK5U7uaumnp2TjotU3u79Fb76pYTDYeFRUKcKXtJKUuRWTkra2ctXeSstE7xfSx3GsalpsED7JFdGnhyqqwIxtJVlHoTk8cexNcdrerWkqQCCRG3JJjCNgZBO05OOemSFJBHtlSZJLSQTzRPl5JJCUxnCbgy4xjgbiuTgnJ3HGfO7+T57cCYKNrscKQFBPY+mSc9TnHHWu3C0VzxbcldQSvva67tvVJ6djNQhKnJ+8pRd1snJuUbJa/N2+e1j0f4uXLH4efD9N683Nx97/AHSCfXgE/jk15v4JuoRq1gAQ4+024BBztZpFJByc7h68Y4GMYz1PxfmLeAPh7GpchriQZVT90od3qMkkDtjnj0808Jo1vqELKsuBdW/XHBDgYzgnr3U9QQSO3fDDU54u8ZWXu3lb/DLrvZxd/Nb9TTCJrKZqS95yxD1vLq7Wb32Xf/PqP2lNUt7fxNa7nG1JLTgYOc2yg5HJ29WJ+nI6t8K+M9WhuNVlMKSSnAUqEKgsq9RyeAOnBJyM9xX158f3Fz4lhEgLs09r1x8wFsuBk8gE8+pODnIzXyZ4i0yRtRnZIHPIPBAPCYz67fpkenTjzM9Uo1KnLJcqqW5urS5dUla3dbOy30Pc4fpQWFoykrt0/hvZJtwbT0b/ADSVldO1ud8Pyzy6lDtt2G9Jk3ytwcoxH3lGDnkAZHAzxX6WfCK2urb9nPxcGIgnbS9UKlSPmQ7xwex5IBzxjOQDkfnR4ftZRqEYkGweXO43sMjbHwB8wKg7eM9Ow4wf0d8FSiy/Zy1qaUFVk0K/bKMcFncoOME/NuPQjdnqQTXzSqSVSjZp3qwS1ejtFNtXbWrutdF5HVnLjKnhoNpWxFB2SS1i4y/4ZW2e2h+Ud9YalEkki3VwI5N6sVlyEQlmwFA4JIBPGRgDrXQ+K7Bn8PeDHbzS4tL5mkLks3zjaev0ycdQfTNWZ3tvmEtwqxKm4xKh3EndkZIwcdSAMg5PSrHjW5ig0nwa3nqkJsrwKCDn74x8oPGcnB6d+or7+NOLpUr2XOorlikr6RTlZWdl211dtbI3r1W54e0Ve7umtfgTurLVX01b0T17cHp1tHPZq84mREZ1xk4JzldxUAFhjjPBIxwOK6L4m2Eb6f4WYv5J/sgFCJCTKOMZKk4bA5GTjgY54zbae0e1WNnWRWZ3/dH5jtGFyBg45xnoW6EgnHUfEl7KPTfDDsModIGUZScqwBGwZOSCeD6YBHTHRKhCyTbv7vWzb9x83Lezs3ppo79jl9rNVaeiSfNdq26jGz00tf137Hyn4hla3kXyBKzZTzGDHYeSDhg3IK8npwOexrv76CaX4U6JPGshV/EMihWfqcjIyfUjjPBPTG3jkPEEltFcRN9oEcQCbkCguVz2bBycDJ7g98ivRNcv7WD4V+HnWSNom16YwLjvlBnZxk924OMZGOM+hQoLmm73fs7f+TQ2va+y3XZjrVbxo6b1EtknF8jtK972btbT8mzBldNV0210+GzuDqc1zsWGBjscRjAGBgZOBkkEnOcjPLpXu7Twz4rt7iCWGW1tYYXMgBwSWDKp6HnIbjcM/U1kXPiiHwu+n6ncTRYeFntmVCWSZwQWwOvGCc5bPXnoy88ead4q0TxHY2AdbkWUU906oVjlYEkyZbndyMjscemK9ScoNxhpGqqaTasrpRitdLbu+mj3RxWqJ86T9i6kG3fXSUG01bbXfzLHwstLq61eGdbKS+MdvKGjiRmMY2DaQwGQMAgE5yckdAD7boetalPeXmlvpyxiGC9dRJKTJGixPtJQ47YAGB0zk5qn+znoWqNpOq69p1xYohSGzLX3LZIUF15Uqu0EEjLHGexFej6x4V8Wya3dXmi22hzs1lNFN5b/ACoHgk3jcpADNycdemc8Z+lySNSnhIJcyu5yXLFaxajFvdttPVq2jVr3seTmeIo1MbKMuX3FGF5ybaaUdHpZbrTTXRrQ8S+AH/CQS+DtTfT1sPKPivWGbz3AYsZWB6Nk42npyBjPqPY5Lfxj5cgMOk7jwN8igck5BAY46nBwSMnk14t+zvonxLXwRq0WnaVok8K+L9aSR57gCXzhcOZEVcj5QB3J+UHJ4r3Cfw58Vp5I1/sfw9Gp9Lgg5LDGSH464OBycc9q+vwEqscJQjGFVpQildbq0b3ate/RK272tp8zmfsXjqzlUoxbqczTkk01yWva/a179tD5j8Lz6+nxo+ItpaDTjqCWVgs+9x5IAbpGScHAyOAcnOSAMV74D46LxgR6MgRCBtK45PfLg89u+OVGDz4V4a8NeO/+F3fEyGztdHXVvs2nLexO5NvEoK4MbgHcDkE9snj0PucXhj4vM5JtvDqRqGjO4seQOGwGyOhPU8nGMDBvBU5qhUuq3M8RVa5baWnpv879r67WDH1qarU4xlR93D0HzNq9nTp2drv3WrbrVX01Z89eMp9bt/2j/h1I6afNq6+G7nyVEmISSWDBjx0Iz1xjOT0avpY618QXTYul6Vlpjz5w2jGTjhh1OMc8n2zXyt4/0vx1b/tKfDmFxox1yTw9dR2qrzagKGJMmeQRyQTx36EGvoD+yfja8cwjbwyAszYByy7ieQuM43dyMnOMjA43w91Kor1l+8s1FX1cY/E7Jt7Xaf5IyxPspQwrfsE3QjyuV7q8mrRSd+VWetranhH7VEvie58J+E5dYh063z410lLb7O+S832iIAS7WA2bhySffGMgeuRy+PVtox5emD9xbqh3cbBEoQE7gQSOh5Bx3zkeBftJ6f8AEpdG8BWfih9EW3u/H+kw232VG8z7QLiHHm9BsLZzwSSSPZfqaXwR8VFhTbqPhwRmKAIPsz52lF2AneACFxk54PzZ5JCowmsViKnvttUvNpxje0lpfyt1b3uLEzpLB4OH7lKLrNOzcXrTvZp35k2k9eitbp5Z4vbxmPCXip7wabHb/wDCP6qZyHGdi2shYqoZTwAQOuDk8ZyeT+GWteNT8PPCKaY9g1mmmxCBWdvO246kngqCARxnPJOa7r4geGPiLp3gbxnNqGoeHntYNB1Rp0S1m81ojaS+ZscuMHb04yp6g8Csj4JeGfGt18M/Btzp1/oUdhNpMb28c9szThCMks5JGM49SQSOeamvFxxtGUpVof7PKzTXM25R38uj1tdprRWeuFqUv7NqxisPO+Kpyaaulan1junta1u76I7DSNZ8fmZ0vZdNNpJFc+cCxEmwQNvCD5stt4C8dsjg18O/Ce0v7rx5G1vb70XxT4luISWCqZkmlBMbkYx1BwOM9MYz+hn/AAiviyO3u5bzVfD8MMVrdm4YWj5VVhck5DAKRj3yeeM5r86/2cb3VPEXxhk8I2Oo2TWqaz4la2uxC5VZnuZSxLA4YuclRwcDoOMebjKtT6zhLylJRk2nUkrqzjbV3tpo9eqvfVL1Mtpwnhca4xgkqcVNwTikm+ve3lrp1vY+vPEnjDxPeaPBpttot5KlnNKLrE4KMIuSMEknhfZSBwa/JPx/9vv/ABP4hvILW9tjLqd3K8sTsuyRZCCo24OVxjPuCTwQf2T1n4KeNYDdrZ+KrOAzCe4WVoJl89RC7yxoWOBj7qjHVsHnmvzY1zwLf3V1c3iTRRwW2r3ltqLLu/fTCQpI23JLHIBJGOvUjBrbGYyivq86slrKzaSb+yk47vS933Te1jLCUmo1adBqVlHe1uVcqk9Yp33bSumrvbbgvAVvq81nPeahFqEqJZbInuJpCSgGCVDEjGRjnqMEkZAG144sZp9c8L2Vrp11O0mih40iDbi8m056j5RjLN6sflJxj0CGL+xrGS2aWN0S3kRF2kkIo4bjnkgFj0U9sjnl/iDqV7Za14TvLG9ntbk6Gq25hRTtLYzjcDkYJIJHYjDE1VSvU9ipQUeW902rPZW21V7dF262tlCnTjVSl8bcoySSSTtFPlSbsm3dN9X2Z6JaaTInh5LC40+7JktUe42xOSrrwFypAKgHHAHJGTmuI8ZaSIvBPh61MN0SNb1DNs8TLKqfKUAB7KAACfoAelatlqmt3qw+b4k1FVMK5YqoAZSGK4bORk9zhSBgfeq74yt2m8C+F2mv7+aWbXdRVroFUmAXAC8D5g2cgYzgtwT0vBVqz551nGS5XKKXM9mtLvWy1Wzvdq9tTavCjH2cKd4yUlGXnFRTafVNdNLO7Vrnz7p2hC2W+Fza3cnnBjFvhLsoByoBxgdhkjGB0HOPU/A9n9g8CfFx2SYO3hyOPa8ZG1WyFUZzwOBnK8H8+fSwXyple/1XeA4i/eAbj1HJ4ABBOeg9QTk9t4dsvsnw6+LRe6v5pZtAhjKTOrKv3vusFBBOeu7JJ654rrq1lOMLxlZct2ltdx67aRv30t1OWMKkJNRnGzcnrdyls3pZJ6vRrzezsfJFjosjQxtcmVoWhLooT5AxBI3KOvBJwACcAehHp/wrgW38YWcC58iOx1Jtzx7WDG3ZjnOflz3xgYIXPQ+f6fYPLp8qNc6iGMCBURy3BUZIYAlQOdpUjBGe9eg/CXSEg8YWUkj6pIx0zU023OSjloCMc4yRksMsQMMRzg16FeUI4RSUm2oOWsdmuXTV82r2vrra2pxYNyeKcHpeXfW0uW6fVtuzemlnfz8Ls5Psmuan9rljUPeag0e4q6gC7mIHO0Lu4GGA5B5OAp7bTtUsbu7ttskCzG/tVhjEanefPUFkxkZO3IHU5GOvPC+KtP0y11K6igjlZg12X3MUdW+0zFskdyf4evUA8YrndOtraLUdDlhhmjf+0rMFg7KQvnplgxc46DcMEFi3I616FDGJUIRVrpL3mtdeW33X0ba10fU4MVhF7ab5npJvlSvpeKvorNxu+ttLX6H0R8UdIab4xa9NIs7RTWGkAPHbFkSV7CBVJKhiDnaR9CScnNc3rvh60nsWEl3NC2nq7RKbZyXYx9Rwdzbu2Qf7pOcHrv2gtc1nSvipeQaRqk+mwLoOhXGEjjfzbn7Fbk7iydOcnJzkYGMEDxnxR4t8VW9jDeJ4juHmkk2TLJbxFUZ0GcKU5A3Dk5z0XgYrNVpTfLe2t3aybVou3nZvy662sbQiqcU7Jt8u+9vdV1ZvtfpbXR7r1D4pwzR+Avg3CFmvTFpt4T5UTeZGrXDsSQNpD9Tkg4HoMCvLDa31zJC8dhqawcHkZLsABk57cccheCAeQB6p8VdXuovhr8FLlbtpLybTLz7VNHGBIf37bmxjg4yoBHG3J9Rwtrq91PZQLaxajfKhBLHhAMAlX2qC2Rk8scHBONuK9PKpTjRnH3U3Ke8fis07X0V91rtba90eVm8Y/XKU7XlaCkr6JOMV577ff11O9lluZvgz4+kns7xJEu9Mt4435kZBIjF9owwUHHBx3OMjI808NeGH1fTYJ0tbi2W3LOZPLBknK8gKSQV24yeoyMDGRj1e4vHuvhJ4ylNvNp4XUNMicpIQ/wDrFJwjc/MAdw+uOhJ8CfWbzS7eCNNR1aGKW4KqyN5arG33iAMYJ9s4wCehrogq0ueKlGOr+SfK+l29VdX/ALvmznqezi1u4tRu3d78uj02utkl62Ppb4eQPbeKyhidIJPDGtRSSPGfvLYy4VgpJJLAdPlDYyRwD8z6x4an1CNGI1CGRd7SvDCQHRJHK4ww9OTnn72MHFer/A6/mPjfWZvtl7fW1v4R1iQPcS7wHa2lBcKQy5AOBhR0yOAMfPN5rF/Fe3MJ1vVSGd9rozFFVnJ2hdpB2jjOQAcnKgk1VODUm5ybkkuZpWu0tWn0uo63erutt1VqRSi5R9y+ia1Wid0tNXy6Pv2s29Gy0Bl8S+HXtTfMP7V0rzN6MoUpdw8Mc46EkZyewPY9r8cNB1C8+KXiCaG1u/JK2atJGpfzWSFSQOfbGCOOv+yOB8OPdyeLfDrLqWozxHXNLZ1lwUYLdRMyv8pADDIJzjAIODmvWvjI88vxS8SSw6leW8IaHyobVnMav5YUqASASeeikYxnOcjSN41Ic03e1mveaXwK+tndvy3flYjmVWjL3FyuSs1JrVWtq3s+z3atqrI8k07STBOZZbW+EvlSDaYCMjBUMSO54P8AgCTX0N8ULK4TQPhC0FvNOP8AhHZzdRrESArOMBlB+9gjJ554PAyPnK/t9RtJDcjWtUAeN2OXBBZlJVSuMBSwJORgE5ORjH1P4uiupvDfwkkkvbpFHhNpZyoBMoDqzb+249Puk9ceg6JVZc9NqUdE7qzSslGzd1vs2ku77nDKNJKSV7u9mklJe7Ft37a9NeW6Xd+KGWaa9vrZbO7FulsuBHC4DnYMAgjOF+Yc87j9MweDdEi/s34jQQJcRy3Pg+6DrNGQI1NxHwM9Rgkn0GO2Qvoi6Yxvp777VeCOSMKqLjgleCVwB1yTkHGeewqv4ZtoxbfEjM1xcn/hDbxmLYXjzosjIx02nAySc4xyTRXxMvZ7wSjJWt1V43t53TXd63WxGFw8PayalKTtJLfa0dfJW230u1bd8t4N0Gys9G1K2hQbZLWMy7WTa2EbBAOCADuGM4JwDwTmD4Nrp1j8XvCMss0RdNVm2Q7gHMi29wANoPzEAj5ck9CMdRJ4KNjGupQiwkdZdPJ+aZsEhCWIJPAK8gew6civN/BEtrb/ABr8DPDZXFs6+InzKszsuGhuArAMcFVG8Dr155rLFV4yop+zi+aMk03ott1bre6VtVZ7o78HhLVYxdWS5Zpxd+jautls9rp27JJmlqb21z4i1m4dtznW78xxjIyDcy5UksDuwDwo4ABPAIH76+B4P7U/4JdeMNPS3LTJZXDooUvsVHXliDztHUsML3PJx+HEPh3Qnu9avblLuSVNcv5N4f5dzTyOowvUKeMHnhs85r94/gdoY8V/8E1viHoVhqF3p19NpGutbtCN0yhFRyxI5G1SpAGOvYcn4Xj9xpYTIak1Z082wTu9nFSjzLa+qt5pqyXf6fhBKpXzWClz3wdVNdnGybWrfd6Ly06/htf2MKXPhZpYwEt2W1m2xEIJWijCrxwSenGeTgEjp6LBZNHp7RuhR/PIy8bEbN5Kg54IGRgD1GMGuSvfgZ4vt9N0drb4g6kYLi9tZIlv7YO4nkIXzFfaAI0ZTkElmwRjg59Fu/gn8YLWFzB8QNOvVQxNmawbLbhlQw6kAcEjqAT2xX9C5LiaksLSlTwc6nNTi+ZJcqTio3s2mtbWVm9WfiGb0KSxNaMsRGLVWSd3Na3S/la0tduzd1re5461rGvjPWykQMq2FqDLjAPz7hwyt8pyCTt7YHTNdHNZwzJHuginUyRs26CFh1AK8qc5xycAc+5Bwj8PvjD/AMJfrtraXvh/VNQgtrRruSVfs6SQZJRY1JO3vkeoyeOK6Kbwt8adMiFxd+EdJuoonQObK/RGbBUgICD1GSffIY4BNe5gsTGNGqp4Wtd1JXfs7r7Nk7PT8b/M8rF4XmqU3DEQlaEElz2d0o+9Z6tdV93Viw6V4duNT1iK70O1O0Wu1BCqYwF3bWUDHXjHB/i4GD+Z3xphj0vx/r6aS8liiXqNHbQyFoogcZCq5ZT1JxkjGTkjOf0QGseNrPVtbTUPAWqCSQ2rSrbTLKYlO0BlKqeSOfXcDz1Nfnv8XdP1DVPiPrdw2k6lp4eRZTbXMEpkiZY8HzduFG8ncMg5X5vlAxXjZ9WpTwNK0FFqs/sOLS0dldWemjS6tXvqz28qpVVWqrmlP3IuLU7ttOKbS5nZ2vr572Tvt/s0+ItZX4kw281xC9u9rffvHhRZgghbOyVQCuWPy9iDntX6eeGNH0658feFhbC4ETNpcrqLhyI7iS6j8yaP5gAwJYgDPbPTn8r/ANnO1uZPiXDb+UylYNQRjIhQYEbswj6ZYenJ4IOCCD+tnhGCK08b+DBArjA0zzWOQCBcR5JPXIOeOAeo6Cvk6k4undW1ppSSumtktLa6a7aO+nVe5ShUXLdy/iK7e9rx92+q01vZab7rT6L/AOCkE0un+DPhHHbSS3dpBfzAWs/zuzrYkFlkJyCznODnBHTkEfDuo+IIpfD+j295ay2Ep8OQskboWiVTdLubzcAEseigfKRgHnj7u/4KR+UPAvwifY4aTUrk5IxwbXCnJyMAkHGePbgV8Ua7ZLdaH4RiR45S+l2iy5CnchuYz5bDGSMrgAc87ge1c2BtHDxlb3U2mutnJPZpbtemrtfp2SvLFSTu5RjFNxfLoox/lXdXSdr+pzl3HHLF4kljkjmibR7KNDGwdWPkqAMDJzuyADjBPTnFURp7x6j4JcoRm0JVAcBWC5JGeSCM5xjg8ABjia70AwR+ObhC8JhltY4likISNdgBBTJBGBxjg54I4I0bWa8j1nwfbXiRX9vHprSK4/dyxr5fz7uoyD2H6muxSS2XNLonZOzint1tdpK93sr2utZJzTimoya2duso3lo3fS+nwu6KDgHw94gbyyhk8QQjg9cT/p+R6j8brOWufGw+VlOhQR8E5+ZASDyuVJ4OTyQCCcZMaXNjc+HtZhsp0nlfxHHutJAUnVfPHz4J+6O2TzgZHNWLm3S2ufHLMjxzHR7YjHIAMa4YEHG0nB/A+goU+fRtprpq2leCv96SS7LW7dxRiopJNJuSaUbWvZN2e1m11u0n2VmmnIv9taAvQt4JugWHDD93gbehyTgDABOcAjqacljbpdeE1EYMsljeFmY5JBBIYDsRu9eD904GKuaegXVtBIYA/wDCF3DZP91ojjoeBjPrjHTmo59ov/BW0q5bTLokDqPlwPXHUEcYJABz2zspSUX0V/PXzT01e1r7q1jWMUoty+zHmdnbflbtyvunqrX1WzH6c5sYvBcbMTFNrmpxSLu3MysHyMlSBkkEHJPsSDRoK2ubrcojWLxZHGm07idryFVC8quCBu5XGckYNNn2S2PhAYAePxDqODt+Y5dto3cdsnvxzwM0/R0jFtOpT95/wmCYYAA5ZyODznPBIx2yc03GMYppO0ZaJtq15Ws0mvXRNu+t7WElDSDSateLv5q6v5t3ts77WSTqTXE6674xZ8+Sbe52BjgrkxlGQdSCPTplTycY6qeFGs7d5PkEvhy3bOeXI4Hr2+vBPcYrl74xpqPjaecZEcaQgHBCh9pJUAnJYgH0yTXZauLa406zMRI+z+HrVZEPAOVG3J5yOpOfl5FPm5/ZXvunru7RjpZv1v6bK6ZVNRgpO12no0lzJJRk99tNdbap2VnYpz2SzWjAKInj0+BYZt+11SRGV0bBAw5yCMfMcHnPHl/7RdhYac3gGxurUW7j4b6e6XCEs87PczsrnqdrEYIPGfXBx7GFt/sF6zJ+8XR7eRPnG3CDrxngnoeM9eM15F+1DcFdV8EQzqhmX4aaQbZSdxUNLcEqBls89B0yPoa48VCKxOGeloKTlvs4xfS+t3e9+luqT3hKXsKqfMuZRSVn72kd13+932und7v7DpMXj/xlJI+SPBNzGA4wVUlSAecgcZHPbPXNerf8FSI5P7T+D7Rk8+F7cKVGMsLdOMEcAAZB6ZHORgHyj9h6GWTxd42uZZ0LjwZcBlxypZgBH7sDg9Md/evU/wDgpmLvzfg/JPJn/iQQmMsQxRDboFHGMkYGOB2zxXw1Tl/10oTT0VO2re6pd+t2le9vwVvrHF/6m1Iq9/aRk07pvWG3V2VlddX0sfnx8C7VJPiLoCXCsm/7YFZnCqCYnCscg/IB14z3JHQ8prtpGdb17zHd/wDiZ6rHGEcsrAXMu5m7Lx9w5BzzjHTqfg3IzfEHQG8xGVTchVY7SCUbHJ285yBgjILEZwTXK+IJY11fWCskasdU1XCgEEl7qQZ+XPfGeDjtnmvtqkm8ZO7X8OHlZNtX0e9uvTstD4ZQSw0XLVuateST05N9rvXRvo9XdHqusW9nD8IPA3l+a7+ffEgk/K21+PXkgdOg2nIOAfs7/gmrFIvxWvbkGcqumac8iFhtYR3ZY8EkkEccnjHSvjLUFhPwg8DsziSQS6gWVWyckyEE88jn5QMMAMY7D69/4Jv6g1v8RtZkSUbofDbXUalT/wAu87OcDvxng4xjHrnwc497JMyjP3U41lF/NaO99bau6utlfZ+7ljax+A5bbU276aP2fxXutO+uj2aszE/4KUH/AIrvwQQjiJ7fXVUZwDu1W4Ypk8ZOMYABz1zzj508NF4vgT42mjJS4tkS5QKMMonP2YpnGT8nzY9h1Ar6p/4KT+XP408LwwoAltcKY3CM/wAt/apey4xzgvIduCQNxI4Oa+WtMKz/AAP8ezxEEz3VrZqiBhxbxhnG0jnay5BGAQc5PWtsnnB5HlqervRSsrW9+Ot4u3XdLzslocubqSzvHqPw8k0uVbPlj1V3pe1108j5Z8IRbZpSVMkskYwdxbDKQBlemDjqD8vdccj3Lx9oN+2paddEM6R6BYtI6tsCx+WgC4DdSAQRuJGOM7SR5D4QiIviHjlVFj3O4XLAAYPO3j5uAMDnrjrXvXxIu2/tTTorZ9kI8PWKvGMlpGaEZBGQBkjJyD2HTIr6iU4utSSd1y7pu90otadno927eVzwKCtSak9HJXUWlrdON7W5ul3vq301+vv+CbtvEnxm1t1RlI8B683zjBGLeTgnkckZJxjjOOeOz/aqg0qf4j+EX1KytrqyitvDss0NxEJRNG91EkkJXgnzcsjY2llJXOM45X/gm0JX+MuvPKyFf+Fe+INgXBHy202DjruwDznoeRggl37ZgvZ9e0dtMeRL5NG8PC2ESlpGlGoW4XBH8WcEdBk9z0+MxnNLPsRGnKzlgkm1dPWne8bdVtrZ/ij6mFNf6uK9mpYhSul5wbT0V1vdvW6fc/SzR/gH8EdTuEhufAfhdY9T021upP8AQDH9khmtRIIosMABkgk5wGFfLV58M/hTaeBtZSLwr4buW0/4gz6ajJZ/Otl/aCCOElG3BQilAQwIBIXkAju/CvjPxXYeC7ORdfkfxOXtdOvdPubctcW1qLI7pmOPlRVGdxOCSCBgjPkPhfULweA7yaS4ecXPxXWO9uJHj8mZ3vlO9SFOASSBn5SQcDoT/O1D+3cPXzCUszxdSKx1KFNKvUdk51Nk3typXeur8j7GhTy1Qoc2GpL93eV6dPdqFpaav3m21urq9jvPiF8LvgPB4j07RtK8BeH7WfWEt4Jpbqwmjt4YpbCSeZLd3dR5jyRjaxYjJwRgV+XHxB+F3hKDRtV16ytotNuLHxHfabaWluwazezjkdVc7sjeAABgkhTyB2/XH9r/AMZ2PhzUPhu93pU1np0ol8zV1WOKOWZdOkEJ+0KoBO7aME/dIGM5r8ctQ+IWl+JPh74g8Pi5hTVk8TXV9ErODLJamWQuwkz91RjKg5OeQSCa/ZfCapm+JypY7G18VVv7q+sVKs+dwqyUlabTT5eXRaavd6HwfGywFLHwo4anTjJKDlGnDlbXKpPm6q99PTbW584S6ZbzGWwVHR5B5wkc7VUAnJznGOB0Hc8Y6frdo37AlnZfshQ/HO68Xi31pNDbVxpsioba70+d0MFvakEE3GBhmHIzyeuPygEsF1ewWsQKztalN+cISuc85PHftnp6E/rDefHW5u/gn8OfA2m3E7aZa+DZtD1DSvtRdJr4LmO6aIN8sakZ+ZcA5HAAr7LimWezxWQLKK7oU45jTePaipOphlH3qck4uy1fNb3lZaWucXDscqjh81/tClCtL6pOOGkvijVk42duXdXtvdx30TZ8U614P1qDwromtXcKPY3l2lpbN5SvIhi4UOO7HvnGDyPlINcS8Ai1K4ivtOLTKky4ETIcIE2soTHygDtyQx+7lcfTd3KdT8B6Dp+HT7JdXepOnzcfZnXcuD1ySMnAxxxnmvJ9RR38TWquCf8AiXPLJmMEMWU8t0PQAfgMdQK/VsJLlpUXP3nNJdUnaKTjZ2tZOy6PTsz8+xtFRr1HFtRV0t2nLRW00StqtO17aGDpqWa3VoGguoUktxO7xySRPmPAI+ZiMYwDxxjK4xinpEInu5oLzUrGL7RKAxk3qXIDDdwMnk5JzwMDGcj0z4f2GneI/iH4X0bUIlfT7q2eK4yBECo5ILZXJLDncPmxwMGvYdY+E+gz3Pi+K3aa1tdPuFns4kZSuCwVDjk4ADYHG7dhhg11VsXhI1YUZXbjGMm7aWvHZ72Sve3Y8F1KlObXPf30lu1uuj181rfV22Pl2G+vYbqXy9adt1sRIZ4CWkRQflBxgAdc5GdxIOevj/jTWNSEdvYSm3uLW5JaPbHtZAjEscZOCSTznOTtB53V9ka98KLJNQgtkv5EMmkR3QK4B37VyC6j7vXPTOOeOB8xfGvwTdeD9S0VppjPBdgm2bYQfuBmyB16n0xjIPBzwYueCdOTote0nJ6Lfprvta6evnZ6o9XC1favkaVlZ7ap3jfezsndN9dNOi/TT9lW3T/hm/RmeFXLT60EcvgrKYn5ySR8h+YDnB9TXpt1APM8IshZlOk37uMEkmOMlieehA7kZyPw4X9lPfH+zT4ekUqd+uaghGBzE4Icjp1HTqM5HWu8vLjK+GWUElbDVEPz5+XfIoxgcAAE+nUtgDn4Cbf1zERd2lVk9LLp0eq6vd7LXufoGHUYYOlzSS/dxuknrfk1TW72vfs1bc9B/Z8tnv8AxBb2hCjzNakRuzYZR1JPT+IHsckeo8l/aL8OatovxQ1jUGs7i3s4J5JoLv7PLLHM8cWVXeFKs/y445OOOhWvWP2b9dsdK8YwXF/HKLeG/S6cQr5jEmURc9scbiRzg19s6/8AHX4EWWuaFpniLV7CW5sPE0t5qulatpUc8TW0seFSSVkJaNlIVgclOvXBPwnFWe5jw/jKOMweVV81cqSjUoULymoRkm3t0SelndPS97P1sPluEzXLZ0MVjI4RRmpxqzSabS0SvKK7211t0ukv5rviXeahrni6CZJpsxRP5wZDC0bZ3L8jjPCDgkZIAGQBg+qa/LFc/DPSUih802yI8k2wh1l3hcqQu5wScHjIU85wDX11/wAFKZvg5e/HbwZffCebwx9j1bRIL3Xo/DKotrHcyOGRZhGQizJB8jBVA4xtLHFeh/ssa98F/BWmeI2+NPhfTde0i70m3k0GV9Pk1Caxxdq0jG3jIAM6/umLgnYc9Tmvv8FxdWqcIYbP1kuMqYipShP+y4RisUpe0VNx5ZqKVlzSbeto312Pw/PsjwtLiCeXTx9CNOFZr649aL92M4yTV7JrRu8rPZtWZ+V8NhcStHaCKWGSbaymRCN4K7gcfKdpzhc8/Qg4+lfDngzV7W206O80WS2eS3E++6/dedCy/I4bGcOMFCOGzjniqH7Qmq+Grr4peINf8EadYab4P1C+s30LT7SNrcWlqFTKLGzM0ZdcEqcYyQVyRX07q3xR8E+MoPh3Joug3VpL4e0ez0vXBLOGTUnSFD5iAKCT8uVHIHJPABPt180xlXA4HEUsHWhPFUXVqUKqSnQfJGcadRLSMk/der16sjJsDg1jMRCrioTjRkoxqr/l5FTim437pc997PVb34uy/Zr+L+qWDatZ/DfxNd2tyI57G8stMmnilt5SuyZGQFfLPG1ySCMsPRuC8U/Cf4h+DLl7PxZ4N8S6PJM+Y57uwkiiAYArH5jADeUXO1fmx7nA/Unw/wD8FHfF/gTwvpXhzR/COixR6bax6akkmDLJY28ixxpNG5OHVVUbgMFucYAB8w/af/bPb49J4W0VPDlv4W0/SpYdRvXs3hlk1LU1iMcrvIqBvKck4QMFHGM7Rj8gwfEvinPiGGExvCuX0sjnWqxeOjjXKtCirqnJ002ueo4q8eVJXaV2fqs8n4P+putTzir9ajTg1SVJuLk3FNaxS0SeqaskrvQ+G/CnhHXPEtpLpuleFdS1a9Qx2vlWsDNMCSD8yAZEh4PGfmByD1HpHg39ln42fEfWdT0Hwh4A1W6u/DSq+trcW5g/s5J1LQtdF1O0yYAC4G4EEDoT3Hw2+Nmr+Atc0zVdC03SVkh1Zb+SeeI/6YsGCLe4ywATAxxjuR94V9e6T/wUb8c+EfEHi7xJ4f8AB3hPSb7xhZ29rqAgiKxNJYoES4C7ssxI3kE43c/3RS4nznxNoTqw4dyPL6y5Kfsa2JxDVp+0gpc9NOCcVTUuWzvf4trroyvKuEpRhPFZlVbTftKfsuV2SXKlJczbemllp1eqXyH4d/YR+O3jex1q/wBO0Wwt4/CeqJourxXVzDHOuotIFNvDERukCt8rsMBckdcAwfHn9hb40fs/eA0+JPxBXSdP0Se/tdPextrxJr2CW8QtDK0AySrR88cA545Ir0Pwz+2v8S/DsnjO4tNQt0u/GWutrN6wR2SyuJXLl7VSSp2uoI+VjgjoARXnHxg/an+L3xn0dPDPjvxVc+IdAt743VvpsqIFjlAZYZJGZMny1bCqckD5cZJrzssq+MlfPcP/AGg8jo5EqtCWJUYVXiZUnCEqsYPmkudT91S+HZvR69eZUOB6WGX1X61Uxag1F80lFTsuRyUrXX81rpJrR7Gv+xr+xNp/7VGh+I/EFx46vPDNv4U1a3tPKsNPlu5r1ZyWdpWQ4iKqPlBXJwpGc8dR+1l+wLoHwH+HmvfEbRvHmueIrrQtUsbT+y76wa2SSG4+9c+Y+AdhBwgU7h04GD87fCj9pf4wfs52PiHSPhX4nbw9p/iuZZtZjNvFNungB8uSIlCY3QN2ZQcdMDNeefFf9qf4yfFiNoviD411fxTpyxEXGk3DJb2k7QEhJHjiWMSFBlQTknHfGKjGcP8Ai1X45qZlQ4kw1Dg+nWoThlipKVaph4wh7WnP9ymnKTacvaJ6ppJHJh8fwvRy2NB4Hmx8oOKqu94zb0k3zWtblVrW07H6u/8ABHDUZbzwH8eUKDdp15o91GzFVaBZWbJdB97Jz6HnOMYr0r/gpG/h7Xx450vVWF7rGhfCzRPEmnhCWjhnt23lpCSNrjPuScDPryX/AAS38F6b4G+H/jTWtC8XabrOpfF7TLG5Twrayh7zQp9PkJuLa8hD71IB+R9vzAg7twqX/gpB4WuNO8R+MddkkuftWp/BmC1SyGVtZ1t0jE3nSEqvmdNqYyT6D5T8rSqUp+ImYVKdWceWVOUpKlKnJ1oOjCcUpJc2zs17s1G8W02z9IxHtafCWDptQnehL3VLnSpSjeMlZvXlastGtXLTV/g34pv4pbnULoXEZ+16daRBUYhBI8C5Ax2BIA3E5yASK8lIeTTVhDIH23Bdw2eADu3Y4O7Iz6Be5zX1d8KvBnwW1zbc/Fzxhe+HrVX0+WXTbGJmlaBlAlaJ2AJZVG4KMDBAOea9603Rv+CfdreyaTP4i8UzQRT3U/8Aaclu/lTqwHkwvEMFkx8r7SM4GDnOf6LWfUcPGFJYHMK7Sim6OGnKF3Z+7OyTu9G1s2uq0/BKmXyqVJ1PrGGprnfKqtZRd+aN1y2ukmurtpe1rJ/nj4RnvfKdrbzJZYYI2KRnK7Eds7iAc7lXJx0AycYxXsOpag2oaRYTGIpci8jDqyERxgKPujjnqTyTuz61s+NZvhjYePdbtvhJOJfA5tVXTHuYWW5LRqTMG3fMqs5JQsMkY68mtLS7PwzrUVk2sakbfddQyyxRMsKpGDsLdeWwMsce2MAV9NQxUJYKlXdKtBzjCUqdSHLVhzKLUXC11JNtPdbvXc4fqvtKtSiq1Lm0im5c0HytpTUt7J9XdPq76nIR28bTX7zujpLFhMEBwURWb5M8HByAOPwr9Qv+CPZsI/2s3wzt9q+H+tKqSYZUaKCQkDByMjA57YGcZJ+ffDOl/s/adY3n9sSJd3gkZ4LppWlJQqEYOqsC3IO4kZz7c1+hf7Ell8LP+Gh9H1D9n1NMn8VWHww8QzatpcqSxR39wLSTZah5XZY5LhgVVwPlO0gcHPy+cZzCphMThPqmJjCpRqXrSpNUoqy1lK2ivfR77I9vLMlhTr0cRLH4OU6M4yVKFS9SSulZRslddk9nfofsB4wa3NzNFEGEFvp7sUTOY2dsk7lA4bPIGcZwDgAD41/aomuF+A/xEu4Z1ksYvCkiOrAYQykrtTLZXLkgjjcTgjpj6J8F/ELwx8S47208u78NeONDgex8X+CdUBt9U06fzCpuIElAe8sZTiSKeLcuxhkg8V4N+2foyaB+z38USqSy20vh6zWKXkIskk+SCAcYPG3j5eMkcV+c4ahBYmmqi91zjrZWd3Fq2miul63fW7X3Uqsr0ZU2rxcHrZaqUbpvTfpfTS3p+IlsVPhRHDcR+FbQn0wCmBxyQAOR24HQ1/bX+zq/mfs//BRxwrfDfwuQQepGmW3B5GQT25yPzH8SFmofwowTJx4XgXGOAfl44HAB4zyM9vX+2T9mpWP7PHwSRmyf+FceGgenAGnW2AT9OOeo698/N8apRpUUulaWvdNQt5K2r7u6XmevnUnUjgm9bxbdm9fdV79bWVttrqyPbAw+bOBtwRjnIcAkDI5GPQd+nUM1pQq8ZJyeM4YZPcjHODkhcbeOgAJc6AKQDgjLYJ+8emcZ6nHQZA444qrImAOBwcEEj+LJ59R09jzgc1+Zyk01qrvTW99FH0dn0StZ635bnmw5XZWd1a99rtLRNb6u1rb6b3RJ5g5wAAT/ALROcHG0tnPGOT7kdBTc5HLDIJJH+12KnPy+45647819rbiM5xw2COoIAyMqMDIGRjPTrg0zZ0Zsk9u3Ay3ynJJJ4z2XPbHJ7XbbRWbvo3dJJau17vV3bS22L9lfXordtHZb+bVtdle+xewGU7XAf7xHpnnB+vpyenPcLuHQ5yDx3zuxzyBzxzzwO3IzT2HHD4JyQADjGAeMgfTA9yOgAlbAGGIOQMEAfKTjp0yCCST90ZJAyKI129NW9bW6KyS2u3pZej375+zim209elrp7b9ru7tdb9LaT7yAdpwASNvOQAM/UnsSPyAFR71CsTuY9eCCRnjPquOmMZyQD1NV3LIQOo7EE4H0yMjPXgZ5xjnFMMpOQO+D6Hg/eY545J4HUA9ckm1Uc0pN36vva+zctU99128yGlddU7+iXu6PpG+lr3V+brZk7SnB2hQdwbJY56HOOwBOONxOecEigZ7hsHse+ep6jJA7seSSCcmod7FfmwckdOM7uAOR9M7hgYz7UisSc7uR2zyNp4x6+uc89ecjFylK2nuvTRPfbtvfq36W10uNNOWqaV97Wvs9Vpo2nfV7302LAGVwMn5uQxx1B4Bz1IwCcY6EgE4MRcFcHkjJzjpt2/1JBI4PTHq1yxO3JOcnjBGDggHBzyRwc98euIJWK7sYyVHbGOMMT6HuQTk8kcjmXWk9LpeXVWtr83drSyt6GnsVpduySduZbe6uttrLX1S3Q9nwMjBJGMgYIGepwewyTk5xyO1MLheTz2HPGeuTkDOeMDOcgewqN84IHy5BOCMAE84yOMnByMdveozlcjcOcn1BHTA2jsen5DHWsZzvK27urLzduut235La+7JUYb6vRbK7auk97+bT33sTiQg9TgHGF5ySAAfTJxkdQcdQeA8yfe6YPGcdO2TzxgD5icgEepzVXeTtBOGPCgZYE5wVJ9T0GepwMc5p25SQN2CVA4HAHI5z1APJAwCOnGCMeael3pdNtf8Abum2++iau27pKyejSS0tp532S37Wd/ua3Q/cAMsQR0GBjBJB464ycZU8k9+BiLLDBHAAHJ5AB6543ZPfIwDwDkGnttAOGA5yBnkhSc5BHTgjHUgcDOSYWIwdrDDbixbA3cdh2I6YHTB654XtOWTTvZR0+G2m+y5fJaLyY4pvW6svNXd+XRpvpr5PTdNEpnzj5cHOQRn5sggHBAIOB1Y5wCfowMMjgkMc+4AHTttwepz1xgEGmAhh1GBtIzzuxyR1G7PK56A9aQjcfvgkNyQRjpnacDJGQDn1yCM/LUOorRey2vpu3G6Tvs72S63XW5Tivd72fS9mnb1WrS0vrr6Thm5xs5DD58dR06jH6ZOBjgAB/TO7j5ehwA2eN2R0XvzjOMDngV8gHGQOQQCfmIzg+ozjCYHfmnBhuG7bkbu4GFPYjjnnsM+uOTR7S3u2snbS9nuld6adLb2tbqRH3Ut2ne+tk07NWu2rro7rR79RWU87QPYdevUH1IA46gD727JJXOMbj1GRg9DkjgAjIAznp7Dplu8kk54yAMNwAenGOSc/e6ADvUbZIJOM9Oo7HOM/1AIJzyT0mVa6spdWr3W3utvXe19ne2jsr67Qbkt0nZXW1krX7p3u/hWys+hKZBgZQglQo4x06NgemMZyCfxOYnkXbgr83OT3J4Hzd8AnIwDjgHAzTS3TtwRnncBzkZJ64AOSD69eaY7gYB7DkAc9Tz+vQ5yeMYGDk5tvRPZWslrtd7WVtLbct2lZWY/ZpJXTT26a6JPS7sraJLz0TI3O4MQduBkAfd57EccnJAOeM5PIqFnXoNueApwc9TkZGOvTJ4xk8ZyFDgll6EEYZsgYwT3A5PH97BA65IpjKGJAIJxggHg8AjOeuBnnoSOxUCl7RKTjdqSTTe66WV9Otk3da2Suxx15bO19LLWz9120VtNHdPa/ZkiyDCgdSpXIAznnGCT26nnr0A5BQSDjGCF4G0YwDyTz2+mcYH4QBFwcHDAemSeec4OAQRgH6nOaFJwnPbn1wTwx9xuGQeoIA64FQnrvrayWnVb7d0+y0XzfLZJ2aTSSd7p2t91k3397TR3tb34CkE4GOT25JHPHGcdsjGM8k03zACOOARnHTB6DOM5OeCOD0IOeK4YHG49y/Bzn3zx7HpgH9TIwNpyVJBAI46fd7H2POCR2wQRqS0TezUW3otGvdX97Xu1K912Ti2l1tdO23Z31T0svlo+liRpstg8jfgYHI65Bz09CdvcdcDKeaOMZIwfm9Ap9Cf5YP04puEB2ZxyCeM8t0ycgYwefXuQCKUNjjIBxxwOfUng+oGeBjqeeadS+t7ptPo3p1draabgldO/q20nqkrLV+nRO6FDMQzbeuNhxngE4bGfrxg45zxjELKxxgHB5UjqCuB3B2tjJ3DHcc8MZVk469DnrnAPXOCcgtyoz19+sjHsD6jBHOTjbz0PU5P0GOmSNSfMmm22t7PR2T7N9tlb/ABJsrlTir6W6PfdbX6Xu9U7X01snVKlgAwb+LIHf2BB+nHHTvnFKqHcSRgk8KTnhQpBGenvjPcdatDIXBPTAA5GTwQOnIGQR3yepHFKhBOHxuBIBxgZ4z16gcZXPYc9m1hWbau23rdWvtytNJaO99brrffQbUErXaUt/wfZta63T1utEeefF2zW/+FfxEsXYIl54W1K2LtgqqTW8kbsflx8oO4jj+9kZr8mv+CbXhu28IeFPj3ocawvaWHxItp47tpAGnlns0bJXHCqWAGWIbJAJGc/rl8VYyfhh4/GSB/wjV+uQMH5rdxnII6HgjryeBgg/gN+x58UdJ8C+IPiTpkrXeq3Xi/4t6boUmlM5WONmgiEVyjZypZtqnHzYAzjt5ueUamJwld0XdrDUnytN3l7Zx5nyu94xcu9tX1dvr+G4xlgcRTdov63DW6ulGmpy180knrronoz+fT9saeb/AIbi+Oss6PMn/CYNJGiDOTICgYkkDZzkcfNt+XOePGNQv5o57rTI4ZMDdOPKfczEqQAf9hcAk4xxkng16x+2xqbQ/tzfHqaPFq1v4vVZEZt6J5YCCNcDDEbcjg7sfNySa8W1TxBBC/20XFsZZXaNiqjesbLhgSpByB0bv24Jx/XfDcZvh3JIcrUo5Tg4zai7v/ZqSfK9d3Zry2Vz8lx06ccxzKTmtcdWnF3WidTW/fS1rLpdu+h/SB+wsfhbrf7Enihtb+GXhbTPGmmeFfEoh8RahbWzXuqxx21wyXHnz/MzIwAi2bSHwchsV414Ku5Z9A8Go5UxR6K5jUDMZVjkKh6AhcY6+3BBr8hvh5+0Nb+HtF1Pwhd+JfFT6Vc6TcWNnptleSpZK92TvchQNy7iSw+6BkDJxX6m/De9ZvCngGRd6QxaHBtZjlpY5I1ZHburFcsx+8CQcZFfg+acIZjkWY5zjsfjKlajm+aTr4OM5TfsaVrqF5OSuuaz5eVWS0bR+r8K5rhMVhI0sM+epRo0/br3XapFRi+VpLR8t+t7vXVI9C8YXksdlavArqDcxKzAt3QZC8KcE5PtjPIBx+bP7bsZPwS0aVlEUo8S6y21twbaTLg7v9rqcDkcjABr9SItNi8QeI9C0uVvLsZrq0mkeNP4AV4UYw2TuVuc4xzkV+aP/BRwrpvgm401eI7bxfdWttEnCRwMjgsxUld5+UsCDg7j93gfTcE1ks+wGFa5pKrCTk19m1k79brZ6a306Hj8a0/aZRi8QpJJ0+WMWnu2lfpZ/e7rVq2v4n2UbyxWflxkGRGLvg4YBSOeemPXIwBkHgH6Z8FaWr+F9MLo4BnmkaQJxvUMwJPYccg5POSfTwLSdV0eyihtLlrNZYo0zNJcDG1mBwQe2OCBggYHIINer2fxItX0q50pdc06zhhQqi2sO9ihUDcrEBSxU8nB5Ir+l8XCdb2MIJpRs0+V30iu6uvJv5K2/wDPVHBwhGU5yV3DlUb6r4XZ6Jra91vut2frP/wSukCftIXayyxAJ4N1NnlkljiRVadSCJXZVcAKcjKnnp0Ff0LXOu+EtPRG1TxX4b09EmMjteavZx42tuwAZSMdSc56YzxX8dn7K76X4v8AiLLZ2Hi3xJYXFpoV1K09ldz2U86hhvhH2dRJcRE8+WpXIGMkV+h1j8MdBaxe9u9G+I/ji5lnaLbBYeIZlU7sFsG4w4ON2VG0jJwOg+bzNrD1fflflgm1ytJX5d7+b0aX3n1eV5fTrYaDVWEYuyd3slyN9U3Z+XzWx+zfi/4+/AzRtXuZdR+KPhLfbwSKY7bU4rlxiF87REXyc88YBAGMjGPCvAH7b/wV8K+F7u0sT4i8TynX9RmibR9FuLi2lR5CQUmICuHGCMHpz0+Zvzv8T/D7xD4S0ye98N/s5eKbxm0e41NNQ1ayeCPyIIT5xmW7EhXb97luuMnOMdX8E/hN+1b458EeHY9K+G3hrwrY6sk+sWlxqN5arKbG4lfyZAkcUbKDtIA3E5B3DJGPOpzhWSk+Wzkr2lpq46O99e97O19i6uGw1Go4Os3ZXaW2lrLmSk01f1e600PtjWv25LfXNa0FvD3wm8X3ItzOYTfobFXWZfSUEpjHA3cd89/yk/4KsfG7xb8Qvhl4A8M6p4Ri8LaZf+Jp722ubjVYrya6mtmJEcsMagpHHuwTk5HPTk/Z2s/sV/tL3ereH31v4jaDoEdzIyyJprTTGEqx5GxxnGMMPTHAxX5v/wDBV34P618E2+CXhfW/HF74tudXsNY1O8echILSZQmxrWNtzAOfUnvgnGR72QYZVMdGnTjCLd7z0bvyq1vJu7cteltzyOIKuGoZe5xak48t0+sbJrVK2/dbvp0/Mmy+G3jzXrMxaHqUM1vnMC2uopaQmRQPMRUyGxyAx4JYHowBov8A4XeNfB7aPrt9rGmS3El3Dvgiv/NuLcI+HMw81tzKv8RB3cEDtXI6JFq0A3wajqEEGZMNBcMvzMM7gqtk56EkAepPJFbUbLUrydZRqF7OJAscrz3LttLN/cLckZycAEn02gH77/VvFS/fzrUbNqSj7P3rKz0196y06WvfqfDx4iwUYwjGlWjOMbaVHyp6e8oK3NdO263T3sdH4/1LV7bV51t2lvbHEUst1KFnQTyKN7KwGCo4HfAyOCBnyiHWmhabzrA3EZkyzLAQxJbG4FT03E8EEL90gADPr58PXY0zXYPtEk0drp0UkYQksJCAeCwyR0/xINcN4b0V7uPa8k5jV23sEBO8KrBMAZyMHnB5z9a9KkoUE6dldRtbouVRjonK2rT31XdHi4mEcZOb9jVlzy5ldbXSaa1XMm+tunTcwNN1aSfXbBLWM2CkSo0t3ASEEnB3E4BXkgcd/XFfTvjTxR4PHwz07wt4X8E2dz4kjuJTqniE2pjudkkQLyRzYIlVnJ2EYAGAW4zXkOo6KIEiEcUz+ayIZfLXcm7CsCwUdB2JGCOD0FdXDpl3DAg868MaqoGELKQyqcsSvGM454J6gsc14uPyehj61KtUqTXspc8VGXLDmSVm7S1UVvvvoj1csxNbA0K1GnRdqqtLnhF7KK927lyrq3daXV+3ielar4m0mGSzi8K3UsEkEyzT+e6GZVJZcqCu4cgY64wCRgMOAvfE1zLrEbz+FYIpWUgCbLsQh+Qt5iseCozuDEnkHGVr6zuFvPJhgSR0D4AfyCNgAOTlhgZC4wQSMED0PnuoaNeSX5uI4RdEllcvag7ew2khcA9wT1OAc5zdPJ6NOaqLkc+knGKl9l6Wbk0reSbu79Deni68lyShJwTu7LSN+R7XW2tr/ceM2Xj2Syv45R4fg3POkcqGHzGkUsAWRtoVOgHU4644Oey1/UtSs7m3ml8PRW639uZraIW6yeYJMsQ7gDCspJ5AIAIJAHzdrL4eu4xDItjE0sQMu42443YwCcD5gMjkAYbnkiufvtE8RX16LiT7TJtUois4PkqWG1UU/KF4XavBHQDu3ZDCxcoxUoya5W1azbtG+t+9tOruramFfEKnNXoyXSLirSvLl1uum19ul07aYOjfES7jMlvJo9raS28heBI7QOpaNSfnxgNngZ7A43Z5GR4t8XeONQ0i08RaNbS2IkuZbW9MGmqYVA+5jcpVi/IGAATycgkHfHhjVpLqLfDLHHlhJKgVmHIJBKrnJyeD7jnmukltPEX9lw6RCk4sbaZpIVVQDLubkyR4PIycE8cHkAGsKuX1faWjKMYNpr7Lajbs7K1+ml79rhTxUHBzlGacJfE42WiX3PSzaWtldXZ8yJ4z+IbKS095vyRhLCMgAcZOIxzx37YIGBUmn678RdSuPKlur5InbyxI1nGoXecgZCDOcdCcgnv1r6F/4R/xIVMcNoylmYgtHGrfNkZ6HtxySMDkZ6MuPDuv2sNub2OWKJrmPAjjG7eMZYuFwMHkAdOmDzVLBWTc5xbXR6Loved3q+/mulzenmEZSUFzO9+9tErt6O7u10080eb6L4k8Y2+prHe+eDbyxwQSvbJsYbtv71jHt28ntlc8c19IeJ9X8WaD4H0y40u9e5n1HUGF1YW8P7u2QjIdQvOGOcEAY6nJPPOQ+HtTuEMMPmN+9VizpGuckkYZlYjB579CBx8p6+7sPFBspEklcxxpHHHA3lg/LjawIUKcDJyvUqME9reEXKkpe6mtHq1tot4tq26vfdq5hVx1CzvDma1elnZW66p2s/M4Pwh4i8Z33ifRLm+jhlaK6W2SOeNVkRTxukJAAIBPtn2xX0/450fwBbeHItTP2KHXJrl11SO5gLGdgjEiJww4ZuFPYY64IHiKaf4hj+xEQxBpJQ7v8pk4IO75cMCMdQRk55rpNQsprtI4tQjdzJOCbhs4G0AKoDEgMM8nb90ZIycl1MNNckVPltfmWzTfLrFra6Vm1uuu5phMdhIylH2MZXty8yvy7a3VrO2nS/yseC3HifUby5uLbTfD9r5VrLMkMqyeWNoICNjcCflBKr1yeSATn1H4MSa/retX1uPDNhOlpZSXGoJLJ5cbME+UqdwBZTuLKGOcc4PNSnwjpfmXRWJVYK7vMky73AOdxRSNpGRz7ZxjArS8PXlj4WW8uLS4NisyJbzXUzkCUNjeCQ4bdgYPUDAX5Qc1NfDVZUGoyg5uzi3Z6JxvZ2aTSWralbtc0wtXDQxnPOk1C8XaySdlFR1cdGtFdtrv2PL9egv9O1vV3Gih7iG/mknSOQtFGCSEWI5OFAOD0yM4O3Ncn4l1S51HSTp17p0tvHekmQrIS3A4UIThQeoJ6AdMAGvZb3U9JvZry6S8UoGYtJEwIlJ5DNyQx4xj8CTnJwbi40OZV2yrMYlyd2zbnoc/NjnHHAIOMHC4raNFypxhKa1jGM0kmnpFt3ik2rp+V+uyPMqwjLFVKkIL4m4tpWa93Va316+d3ozwnQ/CGkXodfJvnit4AzMs0sZUoSRv2MnmIDgYIJUcDdkVv2/hPw7NERNazSADYjBBkYJ4JCg/g3b0zmvQtLudJjurxgbaBlQIqGeNVYMPm2qBjGM4JHJGcHkna87QGiiVrq3j+Zi4MqKGIAOdwzkE57gjGe+Rvg8uwaqyap0+aSb5uVLntblba1bS3T10avbUzr16ySTlP3VZRbslrH1astdUrt9kV/hIvhPwJ4n0rxXqHhOy8T2GlSXDSaBq2Psd8NuAbgYz8pwUALdOg2mofGfi7QL6DxFp3/CK6ZpVj4n1ttYjFhBI0+lwh2lh06wl3FY7dchGTGCOwr0LT9a8Ip4Qm0uNbCTWDezzebvVmFvtwOWB4GPYk8nBGB5L4vtF1b7JBZSxwqvzLNEyxhV2AFeVDcY7j0yMEGtMVlGGa9peLcWko2bu/cXLyuyXm1t83bKhiq3M6fPJySSWsutk1y81rvT0drWbbVr4V/B/R/HK3d9LJfFbeZTbruWJ0O8jB3DkYC89e2cCvogfA/w3bWEtvGb5b0vgkFTtbJDcqM/KO2cEcA4IxxfwI0z7Al9b3Opys8ZRQ8Mi+WQWJ6qcHP8AE23PTA619NLFZW8jSfa53ds43OCS2Dg5yRznjjn1HGfcy7C4OjQUrR99crblHsvspXvfS12l53Masa7bfM9dG76q/Lqmk2uuz0t62X4c+FdPsfEFrbNNIR4e0gh1kEIMqSZ2qwbGWzkc5IAwvYj9PfhN8dPit8O/BWk6N4L+L/jbwzpMLXX2fRtKurZLW3W5Zt6xqYiSpLMWJJGed3r+LnjCyv38UTXdlqWoQGaxVSbedlEjrkiJtjBSQPvDJyDnAIFdL8PrjxDNBC2o+INZtFjmlhSNb1ioIJwcF8BR8pyQRuxzgV83nmT5ZmtVQxeEp1oxm5J1LTSd462lF68rvpZWfqzvwuJxmGg/Y1pwlKLXutvS8ddOvLve+r2tqv0i+LmveJPiVJay+KfiL4q1q90m4e406e/uITLDPcEmXymVE5Z2JO4HBbG4cV8q+M/gbPqXiLwQLrxXrNxNqkl2JJ7iRZWgiwZ1UMMD5mAHTJ4PQVhpolzeOsk3ijWXjDowJvl3CVT6bjhQQSDk8AYbaM13HjHRVtD4B/s/xXqjXVxcyxm4e9jeSLdbksFIZggDABOcA8ck5PrZThcvwmEnQw1BUYUnGUacWowequ0lZdurve3Q5pUcTXqxq1ainOUldyaVrqybbS0u72762a0L1v8As9pp8xaTxfqEYuGSCKQIrDYcJnnuCAc5wPbFes2XwH1OJrOyf4ia99ltY99q/wBqeOJSRuKxosgXIJxuBBz3BBx43L4SvtQEMSeOdd/dszOG1CEBSGAZhls9+o4ySFbkZ2o/Bd88kCT+P9eeOIAhxqKMDhSoUhZP4eRjg9ABk4BWqYStXpyqYZTjCUdZNN3TTa15ulrO7atZp6Hs08urxoyUKsY80Ulypp3utG92ttdNU+upwXxd+Hs3hfxX4U09PFmualLq8N7PLczXUrtahJGJWNmkdlWTaSNrYBIbbno7Q7TX2a3SDxDrIsbMxx5GpyxSRhJF37GR0lA6kjJ3dgR8ph8XeCLW98W+GbC98U6ndmWG5Zbq6vEb7OoJ+VJA4wrDvnOdx9AOq0/4M2k0Ma2/iG7t1kdt0i6in7zBAyF8wn5xxjPAbpjit5vBVaE6U6MPZVZcsYOzTuo2TTVkld3bV9bX6Hj08HiViozc/eptrmS956r4Wlp5td2tHqfSPjK/8IQfB3xXcWXxF8StrMekQNLY3+u3phnZIyDDBB9p+f5gTnAwF7DIH5Ov428EX2m3thq2v6zFrCs08sredPHIVbaixyOzSBRxkHPGDkYxX1T4/wDhlB4X8F6zqEXim4vbtQ8C2sk6u+wfPJlGkcY2jGVAOe+K+DdU8VeE7BJWu7KJZvsqoZprRS875IYhhnIYt23Z65ArwMdk+VwqxVGhQo+7q4xgue9tbxtZxt73Np0eu3oLF4mnJxnOU768t242tH4b21jZXu7bW11Pv/8AYu/bg8Cfso/8Jpc6n8OdI+Kl34tt/Ltp9bCn+xjAT9nZI5VZWyRucYySBnkZr6I/aM/4LH+MPjp8OrvwDoukWHgaPUNHXQNTTw9pkNh52kopUWqzxxLmRiFVpwQxRTkkcH8UdM8c+DBPIZbSOP5CWzanB5yM/Me2Mccener48deAI5/Ne0cjbtDJFiMngYVe3HY4/QkfnmL8JuBc1zp55mWDpYnMrwkqtefPCLpqMY8sG+Rcrs1dPayTdz1FxfneGw1PC4d1YUVFxSUUmryjZ81r3baVun4n6hfszf8ABTLV/gBoXw20Sx8Gadq158L9R8Sa9pmoSzKTqGsa0VIluElDR7rVQ2yTuSx55z83/tXftmeLv2mvisfitr8u3xFeWMlpcW64jtLS2DFktowijfsLEFl+9gBSOM/JQ8deB1WR47FGjRs/NIq7clgcjG713DPB45HWhH8Q/Au7ebSNVJOGXEp67R8i4IHXrhcnOc5r0Mq8LuBcszqefUcHSp5hLni60akm7VnF1PdvyXl5K/TyOevxlxDiML9Tc6vsk4bqKk+S327XaV+utmkZuteNtb1OB9PduJJXYxqzYYZJ2s54PPQ8jOAciuU0i51Pw1qP9qQW4BW2kQlH+ZFkBzg9QRk4J9fY13d144+H80i/unXjbtSAICCc4KsC3U9tuPXNQt4j8FXDSvFYTyxjClQCeQORtYgktjI69+Qck/oH1fJ6eHdOmqajK0fdjFtp8qb0331202avp4axmY1KyqNTnOLTvfmelrXvokttdd011PbbD9o+a2+GGh+C7TQmg1Syv7q7k1l3VXdbhArZcAMQB0TJHqOx+Zb3VtdZrtlkDC6uZJ3WR1be0khY5I6jcSTjI7L9442k8VeBj5qvY3UYiyrKoY8A8jbu4zzjg9M7Qc5in8W/DxnVY7K+cqoJwpxyMkHjA9ACOQAeRgVy5XgMowDn7Bcsas3OTvo5Nq+7fm0r2W2rZGYfXsbKnOpzOVNLlXKkn8CafV7Lbd32trgvrOrXUYhuCojKNDIsfJCMpBUH/a/hBXjHOOp4C0t/s11dm3dlO6SOMbiu3dyT94g4yOgwAMYzXoV34t8EoVjt9Juwx+dizsozuAOT0HyngAAE89azLfxR4EiuXSfSb5ncli8TZU7hkYODgA4z3POCcEV6NStgoX5OXltu+60il0baWvR6dDBU8YoxjG/MuV3d97JXTVvPTfvYz7O91WwtngivGSJ2WQKsi8NkbjjbnGecZyuRjnBrVk1/XDE3mXbuZodsjPKh3RBD8oIAzkEjIJ6Z5B5lm8ZfD5diHRdQZ1GVMh4IDAcjOf4e3QduCAyXx34GiXB0GbHluql5ApBwQFPU7ejdByPm5Izg62DcHKLW6Ss/hbs9enmtl+utKniZN+0pT30krJfZ1ej0u7rS/qjE0jVtQju4pYJWfCuI1DghNpO48r93jGcZHJODXWp4n8RQiSC31DUIEnYsyWt6Yo8lgC2yMgEZzjJUcn73NchbePfB1sqmTw4xYSPu8ubcxBJwWVCAMDkDJI4JJxxd/wCFheD9glXw5MPnJAeUpgepBY5zjJGcHkdCMcvtMNaOjvHdqzbVot20a01tt6OxSoVoRfIqjTa92yetld63utdE3a19BNUF7e3P2u4ia4lSPDSTXBcsVP3mY5LEgfxELzgcDB6HTvGF7a7NltBGYY0jTyrh4slABghDhge+QAemBkVzx+IfhaYsU8PgERNgG4zgqN2CCw6HIwcjqeCCKzLL4m6E2yM+F4zIrNj97kBemcYGWxzjg88nkCpq1MFNKLUZK93GSjKMpLls2uW179kne7S3OqlTxNO0oqSutUuXdci00Tvq3rrdq109fSD4w1KGSGeFdk0juxCXTjBOSO/GSAcDgHjA4x1Nh4r15XjfzLtRdANMBenGFO4bSWzzzxn6AV5L/wALP0YtEjeF5MEsq4YEHB7ADnHHzHGDjGeANgfEbStsJPhrJ6JvnKsOg5A4wc85yP8AZAzjeji6FGKtUhGOjSSjaKvFO65d27+W99dDmqYCtWm5zTduklF/y66q97/jqiLVPEWsnV7u5W3nMYmYriZ8EgEZYg5JORk46kkHphs/ivWsRSyW1xBtjyAk7MQQQwLBu+5fl/hPqOM0n8eaEs7l/DnMj5OJ94APoFIJOQDkDqRnJxU6/EHSEnRk0NDGinh7WRtu046E/N0I9ccdhlwx+FSkp1Yvn92SUY6c1tdlok9VsJ5c1OPLSSkrNSXKtUkn0Wytre+nWzPUPiZ8f/GXxU8FeDPBOv6dby2fhFFWwuYYY0vJI1UqscskaKZFC4zuycqGLbjx4dBNrJtpljW6hQEAbflUKDgAZyd3Bzs4x8pKmuruPiTpk4SGHRVQ7SvyWLAqWyMllGVzjPB4x14zWFZ+PdMQzp/wj1zLtkYMjONvGSdwJBUbsgnjHQ5NYYfEZdh7qi7RvKSasrSbUn5u7e99O3Q3lhsVWlecY3Xu8ycZPRQitWrqz8rWWjvtUgtNVuUkaW4vISCGDFwCQSQWAC8A43HB+YqOmCBdZtTj8m3XVNUIjhduZWVWxnIDcqVBB4GdxyeOCNGx+JejGaRI/DRiPlgZZTOjEnG7IIwRnkj14JOQb+pfEO2hnt4ZPCqI7xbgyqIg6OOCVYnG7H4Y4ORiumpmmFlaFk17rutr6XtbbW909X95i8vq6Ln5bcqfLy2untfR991qrLVp2o6Qb+e1nMep6sVRAXAuJFUncRkc4IJHYdyOPlrubBNVkW005dX1GaO7USvCbuVQuMnJUscMDgliB2IPK15hJ4/RPMtoPDk8LSHbvgboByPl65yT+hz66Xh3XNYv9ftUtNBvUMaZuD91jBtOSQe7A4AAHQjoDgrY/LuRQ9knPliuaK0bbSceuyu30eujVrZrBVeeDdRpLlXLF6XcoppJNXty2be2qsndHsFl4JGrTHUbu5vrxbVFVnlupGztyNo3Hpgj5Rxx6Zry7xrDHpeu6fbWSywK90DFIzFm3EgZGckhT25zjj0Hs+jeOLXToLvTG0DVpnmRvmSFpGDgENgrz14B/vEksACa8N8ca3Dea9pRk02/05rO4QSpdRtFLhmBDASZJUjjIOcZAyMZdGvRnSafLHXTq3ZxUlfV/ClZuzXe9kOrQlSqQSk7XvreSurb6ppW2bsrpdL36bVNQ8QaHcWQgZoVa6SZmdpAlyQoJcxE7euQeDxyeBx2Vp8S763udRgkvNQt3nsFS6hsmMMLykDl1UcjJG4EkjHGa9i0b4az+PdAs9Uigsphp+mx3EDGeLdLISAI2AYbZDtzgDOWHI+bGXovwV1DV/FmraQ+lNbXSWEd0rqylWjKjekZziRsDOAeM4A67c+XD1nOLhBRdkoyW6XK+mutna+mjfYJVKtKNNRu7taNyWqaa91aczad9dfK9jyVPijDZ+Fta064ge6uLtFXzhNvb7xHmTcHkggDkHIDEgHFb3gz4zT+GPhn4k0exsv7Tm1sz215tlzHHaTRFNrLwW8rqpOcknAI6+geL/2dbZfBniPV9PNwLuzAVIXi+8YRukGVOQSQeucegxivnbwz4Wuo/CXiK5kimtGiZ0hUoQJmjiPmEkghVBBxwAcnqRisqeDwk5JRjCMEotNWSU48rTWybejt7u1ipY3ExjFtyi3yq9170WraWtfV31W54PbzLL4gs3EOYPt8eItu0qPM3Ow7HLHGVABGeoPH074vdLjSrYWolCu0a7fKkwpaLaMEKd69cngDB5xnHzDbGJNa0mKNdxfUbfJU5DM1wBtIz0OMcnjccr6/0geFfBPg2fwn4SubzwvozyNo+nNOsmnxHa7WsYLOSvzO7EMSRknpzknnxmaQytJ1KUqvtHytxdrfCmumiWqTVtNz1MNkP9tWfto0nTjzWlfl97l63vezvpddNz8IodLv7iBY4ractbqpYi3mHCvx0Q5J5J+bsSckmur/ANLNrBAbK9NxabHDCCdkcswYDaqkEAnoQv8AezxX7nXXhbwha5gi0TRoIp5d25NNgDKvXhimAo4G05z64yBVfQ/CunCU2VpojtISrGbTrV/mCnbkGPoCQMjHSsI8VYd02lhKjukm5cvRLl5UrW2vdXbutLNnY+CZXhF4um4ppNJvZWtZX1ate+uj7H4sw3Go/a1uL2yu7hGjhj8uGG4bbJlVQFNu0HHIOMAD2xXtHxN+JnifwFF4eXwl4h1XRtRtrGyulGns0CwJ5KgtIuNrSo2FBK5YEEnOAP0nl0rR4IRI2laP9pkm+UDTrcRsxHysWEe1dowxbjAweDhq/KH9sG6uLT4l3EXlwxbNMhjEUAURMrc4VFXG7JxjhgecdRXnYuvhc/jGjicNGVKzlOnVhCrGbfKuV7J7uya320PRwuGxHDkJ1sJi3Gs7JToy5Zxu021KL5tOz2bvbRnnPiP49fFDxztk1vxdq+swWm6VU1CfcgkPMknlkqGYg/Kdp5PtivG9Q8e+Ibi8bGo36woDtUXJVQGIyFRcAZzxzxjHfLM0ppNk3nKIAYpSFfID9SCBnIznoe3pxXF3JZrqYptBKgY6epAUE5OCOOD6Y5NdOAyvL8uw8KWFwtGhTun7OnTjCGju3GCilFXau2ld91qcWLzXMMdVdbF4qvWqSspVKtSdSb5UrK825X2XW/TY3f8AhIdSlllia6uZkljb5ZZWZdznBJUlgDnJzkjBIIJANfe2nW+heG/hH8PNTsrKEahd3itfz3aJIZbmRxsWFtp5UYZiMAYIIJ25/O60jnKNK/JBIUdCSDnGc8hQcEjPI5Ixx6VofiHxDLb21lPqdxPZ2k8LWNlPKWhikkdSGjjJwpJIywGSQcYB210+ynKvhqlN8kKNZVZQW04pJcrSs78zTu9Lqy8uSlioUaWJpyTcq9NUozvrTbnCbavfRWSerTXTQ+xfjn4Wm1zxVpU6K8iyeG9OmkdInlj3GFSyq6KQAFOMZPcdsDy1PBd4dMikt7a6cLcyZQWswfBUgEjAIACk8jjrxnn9mvhRD4Sufh34SuNcfRU1GXQLHzftP2RpS6xAHc0wLq3Q45I5yCOvoVva/DeKAYvfDyYLNIM2CKoxyR8vLD5eBzgcjrXZLiinQnOksFzSjdNuVrOMkk1aLfe6e+mr2InwZHEqnXePhD2saclGy5lpFpLVa3v0+bu2fz4zeCNXWEsmlai7GZmIWxnZgck45XBA9scZGODjvPDvhvXrXTDA2iak8ruxRRYSksWzgnKjGT2IA7ng1+5qT/Cy3hVxr3hbzmkJCltNx8oACnCZyMdSOhPfJNabxN8KbZVnm8Q+FYXV1UKZrDacEjJxGMA4/PoAcVguLeVu+EtdJv8AeO28XqkumnrF6W0NFwPSmklmMbJqTtFSs/dWlpNbPay7rz/Au/8Ah94wntLhIfD2sEzT42f2dMMBTg4O3nIPrxjqpyawV+FfjP7Shk8N635WxTj+z5wCw/hUBPUdicsQvy84/oLHxE+D9vNJ5/inwugx8g86xKDIPIxHyc7h9f7uTiu/xV+CqAqPFvg9GALEmW1Ykk91WL+I7vTPGGbFZS4sgmpfU23FpfxH1tslF97eT+9bx4EpxVnmKtJp35U00uXX4lq97tdPM/Bib4c+MWM3leE9aO2MKoTT5iCBkgn5cZ5z354bnAHFXHwk8fSyBm8IeIgiq7BhpsxV+TwDt6EkDKngcdRg/wBB938Wvg2Q4g8beDw0ihSC0B78EbUGRwcAZxk+oxmyfEv4Vk4HjvwgAiFcu9vxyQAAEHTBwcjsBnmsKnFkZNc2CSS29+TvrFpO0VbS1lvfdWSOvDcE0qcn/wAKCs3Z3UV1i23eTvbZ3Vz8H/D/AMMfGlsVz4P8QbVLMBJp02BgdMELwcgE+vdia7KD4e+NGkwPDGtqiAO0Z0+fIIJJ6jrtznOCAOSBzX7N/wDCz/hVCyLN8QvB8asrEFXtySB25A2noR1HTPQVXm+KfwXXzJR8R/DQkPyNtktgmcdvkJJ65GQcsWznk5PjCXLFLAaXtrKWsUlrpB3tb87Wd2+hcC4WbUnmcedNNWUdG7W3mrq+vnqfjPY/Djx0dZ0m5HhPXvLOsRHC6fIgRTJjfkADYBvJOccZGDwfqC1+GHjC41Ca2Xw/qMUcolJmktJWClos7ckABieQMnoBjJ5+8V+MHweXy43+I3hxEaZPKKeT5hztwBtU85wRggZwPlwMdxZ/Ff4Tags8q+PdBmWFvKfbPFCA4jAzK5XAOMFRnOM4OBxth+OJYbnj9TcueK6z91tJNK0PLr026EVOAsLNw/4UVdW5ublbk2o6fFdX132srva/5EaD8GfH+jazd3lx4e1HYbmdIgYSgmViwWQEgkd8cc4xn015fhp4/TUra6Twxd7opSWRowdqM+4MowOBnPJzkcHkA/qfcfET4Gv8s3jHQJwpIYNqUeFYElgMHdkYHzA7cnOR3ytQ+IPwG4aPxToCSHBG6/3EjjIOHGOmdq8jqSeRWa44qOhOhDBzSldXXO2m1HW1ndpPVXfldu4PgTBqpCo8fTjZQcffjpZxtv1d2mrve611Pvj/AIIbXHh74e/GD4mXXjPxBpHhV9X8J6bZabFqU6Wo1PUZbgbraNpCF80s+ETJySMc1/TprK7CT8jh0VkZfutGwDK69cqUIwQR8x54xX8Q7eN/CUx0ubwJrenX+pw+KfDl1Fpnh5bi+1S9eDUbd4xGlqTMyM6hZOQgGckDNf2p6NfXN/4L8E3l4jRXt74P8Oz3cEiGOWO4fTYGkilRgHSRGJSQN8wbk5Oa/C+Ll/tksbKcr4qq1KEo2cFGEUrp68ruleyW6tuft/C1NU8JSwlNRaoQVpx1UnKV7N3t1V9FrfuQOFZudx3E9cjB5GBjOSGwcg5/Kt4rG+nR4HIQcEH2zk5JGcdeSeDgjiuYllcOxwpOSBnPB7N8p49j16dhWt5sw0+DnkoSdpzkE88jOFBJBy2fXoK+Vo1YzUlGV9L2Xny79uzvdvXbr9TUoSSp3jpe7itH53V3Zf5bGa65ZwSPlYjJXr3x6A8cHkZxz0xXJY7hgfMRhTgEbRxnBJGcZ7gHpngU2SUu20FcA7ThSp5Gc4JHGMn5QCeR6iqryEc5UAAn5sg4B2jgDBweQM4IJ6dBXPJaN31TvZW6dXsnpdvZW01Fyf3XbRq1l1jbVu133WunkTYJOZFXH3kIPyptG0jp9PXjOW6kxvGhUEE9OQw5yfm/I8EZxg9eRzXEzMxYkZGCoXOGHHPJbkgnIJ6/pMAGIwD1+bnoOcEAc9evPsSpFaKo1rfy73+HTs1fR2V+r7FKk93DRLXlWmlnulZ9NOrav1E2R7tvGSVwB9CRljySOSTjA4GOMUvlDbwfmXAxjPPYj1HGSAeoOe2HhF3ZGS23HYc++fvDkHP3fTNIxOQAduTnAAA5PABHUZGeATnBOcYq1O99XprotOjXXpfT5PczlRaslH9Fey103tf02eyI8KMjONvQZG5dufuhiBy24Dt788jMf4lxgbgBgnOSMkDkAYxjj/dJ5DWVcZZSSVI7ZOOQcdm6nOPunGcncWAHoD8xyDjg4JyMjAxkjOGxzjjJq4uK1u23rdc3zbb18r3tq3d2053Sl0TTurarutevR3WuvlYjfOdoBUZ6gZPTngjt04xjp3ADCvLFsgswAB+8QpPAIxjrn5hkdM4zVvyzhRjcRkA8ceoBPc5znGPmqysAKjOBxwSOh/uk/N3BJOegGMnroq/Kkoq97PXTTTa7s35217aaT7Gd2mrWtvfV3jbXZ9tfPYzApGSfr82Mc9uf5cY9RR5Oei7mI6r0ye+RnHbjBJ546GtdYOTgZzg5bJ3eox1XuABx1JxzUggzjBBwQTt7dTjH94HjsTx2q44qSS5krc22l+jTvZd9eyS67p4aTTS1vays3ppru7NWa+dkzDNsBycjPHTpnAwM9QSPfnPAFQm3CZ3EnJ2gHdu64wTtI5zjJ+Y8A9CK6M2yvgNgkAkBOOckgZyckcE9wc9hkIbQYBx2+bABA99x5IBHX0yAOOdVitErK+i1duyv6Po+vl0lYWVrW0ur+bVkt7LRX0bcXq+5giD7uFAJyDktjtjB7478+gOOKXy9vOPvYyAMnpxnuQevtk1uLAuA4ycjHAzlgeSTwQPYjJHTCnhrQZJIxjGSo2gYxj3PrwCMcd+apYzXTaVr30d003dN9H530vazMJYazd1rZrZaJ2aTd+vW+/ZaXxinK+qjA69Dn3+bHfjjt3NByvBGccDIyTnjJ65PJ9fStZoQeuMhSThcYJyOvJOQBk56A9TUZgwTjnjk4JAPPAyO3GTz+eVG0cTtrG1o28n/AHlZ2T897tdjJ0ZbX163Ss/JXei7u7tcydrHJOQSec8Yx0A45wMd/wCmGhQQARnk5znPHTPPOcAg9xj150jbE9sqB6c56HHbGN3UHOAORwG/ZuWIBKnuByME5Jyd3sM8HgDvnZVr2s+zbXy0vZb3T289FZGcsNLeybso76JaabdtOut7IzQq7jkDAHBxwMkdc8d8EHpnk81G0QAJ6g4XDcNhsdMZOTkEY7ZPNbJtcFR8xUfMW+oBxnhiDweOhxjpgILQ8HnJ6nqB1xgDAPcjpkA56AUliErtu2vd31t67trTb8CVhqkrqKTd7O+t9I9Er639LWvtYwGjBGRxxhSQdo5/PPHXknJGcc0yRDySeDgMccYAXhvbPUdj9RnoRYH7xBJxtGQTkdDgAgDdyOc9SCOaFsGYknBGCQuOFXOMEepyPX1JA6DxUdk153V73s7Ld3t6Xd27PVXDByes1bbRQ2+G38u69e99jnipI+UZLEN90nBGAOOOPTP9KkaJl3Ajk8oMYPzHnGTxnBxgkHPPPNdEmmghflOCORjgqoA7epxwT3zjPSZNOGdxG0kFj1OR0BGBzg5BxjrwCcgy8XFbW9H/AE99Oln+BMsLLolbTV7O9rarS1rOy8zkRbkgkKTjAOMjBHPJHQ4JPbOPemm3I+YoSABg84BY/NyAMg9MHqQT3xXbppy4ypJ7cqAeSexPIJ+YHuDk/eGZ49N34IByTkArgAAcn5hkEcKPb1INH16Cted9t/8At3TstLJ6ebvYFhJvdLZtWbT1SS6LR2t+S78H5GeNrKMY6ZGPwX3AJAPBAPvMtvwCM52ldu0jg884GPYE8n+8ep7hdJjwCeCrDKhTxzgcYxnnkcjjHpU/9j4OQQSp6Nk5GD2yCTz3yMZJwcU/rdNp2s2oq6u7391e63fTVqysT9Ueis9/PXZa6W9XptojjI7U7SPLYDgdO/fODjJ29fwxSeTk8DqeAAecDgH0xk5IBHIwDkmu7Gkg8MeijpgdT/EDncO3BA+pzS/2MSQBtA5GMFQOuQB7g4ByTxxzmoWMhdbK1mnffrZvltdPTbq+lmqeGdleOnnZcqutdvNWt30tocMICxDYByp9cgnjv8oGOAvXk4LcGpFtNpAxkegGSQcDBA45J4zxngZ6jt10cAjauAckDvggYUJjg4yDnnHGD0Mh00IBxknPGOex79+evGeMD1yli09Yq+1rtt7JeXlZ6fOw1h566e7pZrZr3b3t2bvotLuxxK2b5BZSACdoYZByo7gAbgfx6AEdasR2Ck8rxnAO3BIHYDnGWPOeOi8GuyFkoxld3OTxnnoF7DjPrzk9uRKtggfO1snnODjPc45OFx3HQcAcVDxc9d7O1kmk9LN673+ffXVg6DSvo9lb4Wlu7XVvuXVdzjltEBUlSSvTcDkDvzuwOAMqOOcjHa4lsFB4IAw2G75PbjHIxgDvyQACT1a6evOVLA852k7fcHHbOQOc/TinDTOhKYHzcn5uAODjB6EZyc7RjBFZvFTlpKzs/d1vdWWu+jtvvrd9QjTqXa32fm9Yq3b1v2bvpc5ZbbcMjjoMBc5B5xk4IIHQDHUkdsyLagDGBk9Md9ucgjp19M89Bzk9SumY+VVyeT94Drk8AnGM5JJx0IBFPXTXIwFDcDb2HBPXPBUcFSMZxjBqXiU7vRWdtLaJ7X0trZ691urFulzS5novdS1tZ2i1fXfXa2ye+luZW09VOWBwpU4wAcEkgrjOAR27EdamFoF5GxeQzfe5J4xy33e4PvzyRnrI9JZsAx9cEc5boQeB/D26AfjgC0NHYDJjYHbjkEDknIGQTjrwMeoPU1g8UrWWqtfTu7baNW2T6PSyWhSprZta2b3d7uL6Jq9lb3X276caloPvBSwyQdqkjp164wRkjOCPTvUq2YBG1T8oxjAPsM8cEdDjqe3p2C6ayYAiIJA6KW6kE4yBnJ54GeSDxklxtSAcREcc/JjOB9B+PB/A9cpYiS2TWlvJ3tu2tG7tb/8AA0hCCavd9rq19Y6pN3bf3LRNa3OMazfJULgNzg4ycA9RyRgZxz6HgkEgsyuwlPlP3TnOOO3Ukdj3554BrsxZ7g4wx4AOUPy564789Mceh4OacbBzt+VgMZzjk9RnOMg+vB/2dvQwsVqtJPa7Sdr6Nbt6Xd9b21b0dynGnouZtLXpZrtZK2j73fy0OP8Asbd0YYJOMbvTkjkcHGAMU8Wq5GA2eg4JOOgzkLg9uRnqOODXYDTZGUfJxjOdpJUKMbs8dSDz25pDpjAFiGAwpJC469ASPvHn5T8xUAc8U1iHLXVX8n/dt+W9r3bXXTLqmrJJtKLiuVXcb2V1ZPW1uiXV3fICIDsefYhtvQnGOgYcnOfXgYp6QkbQcE/xkgkDPTGG4z0AAyPQ9a6o6U2N21uQOTk8k8g4HXjPrgdMVKmlSbgdn3ucnGdvUZAIAPUgjjI78E7RlJ2t3vvdu3KtdVd6XelnfW7bJc4rttvs+jVt7K2r1e7fSJzkdqSQGAA5IKryewJPXHXtnkjsCMvxP4i8P+CtIl13xLqNrpGlxSJHJe306wRB5DhEaRzgM7fcUc/XOB6JHpr5ywGAcZ2nOcYK4GM8jueuMA4yfhv/AIKBaTf6v8HLHwrpyKtzrmsxSLLLlUKWodnVmBBVgBnJJAbAAJzl4qusNhateTt7OKequottLpa6Tfmnqma5dRjjcxwmDjJpV6sad43bSsnLyu16K0lbTQyPiL+2T4H8DeLtJ8OTXOnap4X12zSWfxPpN7b6kdL81SHF3arnOBu3Rseegr4B+IH7VXw0+FfxAHxB+EnxE1jXr6K+gPiPwPLby2XhjU9MMpee5tkkLR2V2w4YxgKW5XGRX5j6z4MvI5ZViv7+SWyNzBMr3jsBLE7K4TLEMqsPl4YMORuGBVfXfDZsPh1rvjXWdQW1tdG055LiNY0keaOMErG7LgknGOTxkYOCa78Fl0KssFWr4idadSdNKMYxUX7WUbQje8kuVrVtvVNWPcxVJYSjjoYajGm6VCfNNyclJQSfPJN8vMlrdLRv0t+iP7RH/BWT4TfHj4a+OfglpHgrxJoXijxFpKx2l3I8lzp6PEUe4AmEYRlOSFwQB2POT+Gf7VVhM4ubryzKtvo3h9ZSEJ+ZoVXJ256leT6jnrivqn9nNvCfxg0bxj4ssNNJg0XwveWNu5t4oJkuI48tKGKAkMFAZ85A45GDXhPxVtb/AFbTPE95daWDaw6NocqPNKCvlWtzKoYAcFm28cn73GM1+p5Lg6WAq16VGnVpSVWlz88+d80owu+ZxTjHsm+7T0u/wriH65jJYarVnGpTq0JunOmvdUYN2utYt2aUn+GjZ57/AME8bF7/APac8B2A1A6H/aJ1G2nukCvOsEkIWWKDcDsd+iMFO3JwuOn9p/w/8N+HfD/h7SBbRT3txZW92i6jqkkk104UE5cSMyqe42hR1ABBxX8d3/BN61ttT/bB+GrXWnGGOW71B7N1+5uSIYkIxkIoGT2PJ+YAV/YxaWyx27Qid3Aurq3G1jtDTKVVQowApPYjgD0OB/JH0lK1apxblVCE3aGVwlKOrTft6mrS1uora99fRP8AefBehCPC+KdS8HLMpq+ilZUqSetm7O/vbXT30Pkf9qH9qHwn8AL8WHiU3tzbeMtOF7HpmkRbp5ZXzbMZWHyrEqYd85xj5mH3h+bXw61nX9W/YK+Ldn4Y0ea50vx7rvxDvGe4lXdb2pW8uS2GyJfLiYbihHII5xx9Hft2/s8eO/jV8S9JvvDWnzSaB4M+Eev3up6k0qww219bxzusRUjMr7VJ2hgQCDkd/wA3/CP7QWlfCD9irwv8MpRHrnjTXZPHkU1lBcmMabaXS3dmLyQEguUfJwcZAHIzWfBOQYavkGX1Ms56+a1c4yjEZhGFRyVBU5V6kG4WXs4xgryTTbb12L4wzKWGxteli4xpYGnl2No0JuKj7SdSFCMrys3Pm2jo9nqz8LZNJsoUt1nvTHcRSvE6CP5QsBKld2M4IC7snryQABWZrcMH9obbeRigRJFKrtUkADBJxjgH5Tkn5SBWpqkJaS1QPEXkuZjM3chnYsCBkZHfByCPTJJPo13fapY2mnWV1qF1elUhisopLiVimQqRxqpPzEcMPXIPNf2ZKpTpUIzq1IwUaUbubUV8Kvdykkltq3olrtr/ACzTp1a1ZQo0nOUqiUYwjOUm3JJWSvqm1otGt1dH9Z3/AARg0jxfL+zDo91Yyi00WfWtSbzI5AJnkWSUNncMHJ4HcEj0yf138G+Ebq307Vvtt5czD+2LmV4/tAxIHVyynAxlm7HILYGcivhL/glJoN38Ov2NPh8fFVkPD0txe6nNJY6s32OQb55dk8yzBCoZG3AMMt17HP6MeEfFmhanZ6jLYajZTxPqM8aNbN9pileMOr7ZI8q6o3UggDJByFzX+XfHl63G3FGMg51cLPPcRJVKa5qSSruMLSheLjJptWau/LV/3Nw/iMRS4byTC+yp050cswUJJwtUuqS5lJvW8LtWeq23aR/Cv+1LpiWf7TPxhKxOsX/CwtVYxrg7dt1LkE/7I3c5x1PSvJzo9pc6NNdbgm7U2w0gGQEUkrk9M4xt6c5Oe/t37Wl0h/ab+MkTSRw7/iDqgUgFvvXUoJA5AXB6dOAME4z45Na26+HVt/NldH1Kbe67sFgrHjjBHIJIH+zxnJ/0p4SrRfC+QylJRbyjA6XSs3hqV0l5aX10XS+p/GXEdGUuIc3XLzxlmOJbe2rqy120vdv0d9d1xZ3P5DbUZF89DJGg3t1JBIyT93253fL0FaM/hDxLqn9natpvhnW9Q00wAS3Vlpt3NBBHDIoaWeVY/kjVTudugy249a7T4GeCdR+Inxa+GvgDSNFm1fUPEfjKws4LFmMaX0Ed0kt3DITwI2twwcf3TxxX9cPxlttG+FfwE+KXh20+HfgXwFq/hvwFLpOlWiNpDvfwz2XlTPEjI00t5IxLAj94SCQw6H8m8RfF6vwTxBw9kOAyn+1MXnldc81WVGGGo+3pUXO6hJzqSlKTjB2uo3b0PvOFuBqWf5TmGY4zGvC0cHT/AHcIw9pKpKNNTekpRaWyej1lFJdT+SgXcek2V60UUyvDbh4iMlS5XYwyThmJJzwSpDAHg58Vu7m6uL7zrqYq8hifc7ZYAEkBQpzgehOMnBJPT0PWry+i0fyEhke6a6nSYM2WBeZyQdo4XcOhyB1HHynz6Wx1W7uiwtljKKm75dwByvQAE5LcZIOM/Qn99WKnXwdGrNpc9KDkr2Scoq8Vp71u/Wydtkfn6oQpVXCEZPlqNRai1dcyWuiV7JO9+l7p2Z/U/wD8ENLjRrX4KeMprmWyhaTxkWdbqeGORRFjDmOV1YhgDtYAkHIU4JNfYH/BTLR/C3iz9mP412dpq+htealoFnerA08IZl051DeWyMQ0pB4UgNgdMYz+Zv8AwRj+BNh4r8DeO/GXiyHVLhz4hg0/TLKG9vLfTXRAPOklgilVXcjAD4JKg+wH7FftH/s9+DZ/2evjnY2fhe0N7L8PNTk0cO1zc3EV3sVlaAPK5ySpyDwCcY5AP+dXFssLh/GTFYqOIqOVPP8ACVZyVNKFLklQco8/M+ZJXu+W10vU/rzKK2EXBGX1MRKtGtUyedCOEjGLjPmi4xcnKd1zb8qi3qnpufw82fhXwrb3ErJrETtDbHzIlZRgrGBIAoUggbcDHQA1l6PrXg7SL9WhIneMtmRo2Ys+cBSQcEKTkHAOQSABnPdDwNqnh621ie+0qSyuLS0uYHW8jVXlYySASqpyVZgOM5OOh558LtdHMVywkXeJMEqigbXLbiB1wMdyVAOBkZBr/RbJqtHF5fGSryqLkW0kotSjFp6K7vbW2606XP45zaH1bGycaKherK0dY2966Wydk9On5H1/4lS213wJpmsWCtDbPPGkkzqFVlQEgehCNgnBwR8vXr+IPxYd5PH3ina3mganIisg+UgHgjuM4A7g+rdD+/OqWVpb/ALQI47fDIZGZ3G04WNyzdmO3qTjhiQAM8fz+eN5BJ4w8RFWGH1S6+ZSpyqyYBGMgnOMjGcDpjNeBlsr4rF8t2o1JRej05ZaWb01a0b1SaaPbzeEo5fl90rzpxk7N6Sajol8LfW9vS+pwEUslvLDOYt/lOrCNjw5VshTgA7TgZ6joMkHNdl4t+K/xA8YWVlpGr67enRNLt1t9O0W2nktrC2hUBcLDE6I7EA8uHye44xniNXYIVQZBy+PmGFHOMDIPXp1OQeMGpLYR+WQGUktvUkdRjI+bDfLyCQenPGcCvX9nTnKEpwjKUbW5kmltqltp5JLdX6nzkZV6cZKnOdNTSvye6pWUb3atpZtpbd+xxNzLcbSSQowMAL1Gec49epIHHPOSMrFHLd+WiEK8jbNvo3Y8Yycnp1BNWrq2eN3JkXO4ADdt74wc5Lbh064/iHr0NtoVzZS6ebpBGZ9k8ZOeVYjDDHJHTBPUHOMk56EuVNJ8qvyraztZ3SSVt1e/wA+65uaS1bd/v7dN39m7trpfQpW/hffcqsrF5cKWQsQAOQQWOeMYwTwCPXJPtPh7wvpcN9YkRxw7UDEuobLbckMCT/F8xPTgcdai0rwrqerXiR6Xp97fSv5UQa3gkdSzFSdzBSODgk5wOo64r6c8J/AzxXe3Nrd63/Z3hqwRRHJNq06REIFGGKvg7skZBycj2JrnqVaajJSqRvF2tfpdaLTfTz0V7dDSjQxNaStCXK921yxV2kmm9E9W3f0W5mwanGmlWltb24JWRYTIANr/N0A6Yx8vbkj0FdTaW1zd39tHBZXTyMAAltC0hUfLkAqCDnOM7uD14Bx1DQ/AH4ced/wkvjWbxXqVo7zf2ZooMtuz9WiLgkAA575J9e1lf2z7PSLSS2+GPwq0qzxH5MOqa4kd1JkDasgjZS24Da3Bb0zya83mrVNKFGUtbKc04x+V7N69EtdlrY9L6nhqcYvF4unTs9YRfPKytzbO19LPrtbW6O3s/gH8UPFVlE2l+HJ7WGYqY7vUylpDsY5aRmlKDGQTuzwM85G6va7T4CeBPCVraTfFf4teFfDgtbdXutPhvYJ7wMqBisexySwIx907iDx1r4N8X/Hn49+PtP2a149vNK08qW/szQmNlBHGxACAxlH+Ucdfu4HOcVyHhnwxbagZbzXb271m4JjPnajdTXRYknPmCaRhjB5GMAnjJAxUMtzGrzOriadGNvhpxc5LVXfNJ8ujvryvXq9injspwsVKlhqmJlFpc9WcYwbW7STu15WXXoj7L1n4qfsbeBfESvo1n4n+KV/C+7ypFe1015UGAyy7AkkZOD1wRyMZ4bc/t1+NNMjk0r4RfCzwv4GsNWubaxivJrKDUNTX7TMsMLJNPG4SRdwJZRkHByDXzhbfD/RrjXYEeOOJHgd1ht1SNMBvlUHhgcDBU5JCsCR2dqunppmseD7SBSkf/CS6TCUxxhdSgx2yecgnPXI5614+aZRg6dCtUryqYqpTpTnH2s5cl1F3vSTjHps463V+p6OUcR4utjMNhsPRo4SlOtTjJ06MVJJyimuaSbTs1du3fTVH9RnwY/4JDax8WPDXhH4hftBftO+OvEMHjHQNH8SN4R8MTXWjjTY9TtluTphujI8TJDu8vCRqpIwFCgA/oN8NP8Agl5+xF8MZYLy0+EMHjLVoGQrq/jm6m1i6MiEASEtII3JcggFSC3ByAa+uPhDGsHwy+FkYUKF+HfhbOANo/4l0OCoHJIIzkgHnhV4NelOxYAkgFS33ssVO/hh0AJ4yF6ZOQCM1/nLxPx1xPVzTH4OljpYfD08TXpRpYZRoRUIzaUWqaTfu27tt97I/tXK8iwH1TCVZxdWpOjSnJzfP7yjF9dV69W9D4f/AG7PDvhPwP8AsJ/tIaf4Y8L+G/DWnQeAbm3ittH0jT7HbE8sf7tpreFJWHGMu7kZPODX+fdrgRbSzPlmJDb/ACBM5ILM3IB6Z5VhxnAA4JP+hL/wUbh8z9hT9pZQd+fA7MXXB+9PEcDI+ULwCecE+uSP89nWgyWkPmAnECCIYyDgBieSerHA9VxwcYr+pfow4nFYvKcyrYurOtKWPVpzk5N/u46Pmbe7e/m+zX89eO0KGGxGCjCPLanL4dElzR1aVtbeur1t0zdNu9kqlgNysuxQu7aOc5z6jOe4rfvtUklEEUayMHnAKgEAYDfLng4J4OMDBHGCa5+wcFHkKgMGUowUngDJzwSWODjkZHHpjQkuVJBDlhErSjH98DnHrjI5B7DnJBr+sKqipKS1eiu77aNb7PRPV9X5n86UsSpRUUklotrtp2bd2rPVuLT82Z1mxWC8jIZPKu5gqdcBmByTjr7MOh9s16X4M3G9kiSLazRKzyN94EhWyC2Rz3IOCMnAY8eZQzKsV7KpLMywStk8+Y7McnpzxtwOjZOOcV6j4BmLXMr5G4wxliwAA6ZC5OOR1GB0LAYC558wl/sU3e1opK73a5XZvo3vps77vRb4OaljqacW2mtLJK3u7bK99NEr2vr09ssdOSRV+0yTOz43JztH90Z7AkEnIxlRu65rgPiZ4fsrN/Dt1axmJxrEAYk54Lc9d3Xk9SMepJr1XTZDPkho1AUcbcZICrnHGOgweCcnGK4D4jvx4eQkMf7ahJIOepJ5PoOvBGOoBBJPx2BnN4mlFPRyfW9tYrZu+jt+Nz7LHQpSwc5RgrxTaeujXK307Wa2Wu2kjxvWr64hv9V2gN5VyVD5O3ARODwS3bk+or0zSNStm8NWBZgJTGVI2nIJ+8ehBBwRjnkccEV5rrVrI15qTRghJruRhnAG0KoXrncOMHoehGcnHpGm6HI3h2xlQGVvIdikZAOFwTwO/P16e5H2WJ/hQjfTTdLqk/wT1u/yPhaPx1G/iSs2+ytfb5K71v3SLK6jFDGSdoWRdsbYPPAzj3GPmbPQd88Wr+OK7u9KZFJjTSrgksWG4sDlsnqQcgYyBg546cvBpss9wInEiohEYyWITd1JBzwvJwMZ7YJOfTpdJaP+x2BHljTbmKPAxuZVJJOc8kYGeMjjnkV58nCDVpWbVrW3a5Zbq2mqaVnfbuejgpOc7PVJ7J9HKHTstb230vre3qI8Py2fgLQbuFUmW6glcKvDqp3ZIJ57AA+vf71cfp6zQi3WS2nVWcsXwTtHU4x1x19AD0xXscMTH4b+FHLgtJYXLMq4Jwssi+vYAE5GeQBk9eDtJGET4Y5jjKgFQRhmIPb0JzjPPGO489Si5PRWT23tzcrfZNvXqrPazPpKrSpxXKk+VXsrvTkbWn/b19VqttUd/wCFY0uVWQFnVeDuJAUKOMgjJxycZ6joeo4v4sXQtPFHg9tuFWyn25Xr97GBzn0GOnbqceg+E7RmRlZ0VExITgHLMvyqeRkc4OTwAOeAK8t+OrSRa74KkkOwPBNEpGPmy5UcjAJYt1xnuSTnOVOX+0KKum+3T4Fa2ummmr0b1PLxkJfVW1F8umrWl9Px6JXd0n3RxXxE8W3un6lpht3UO1jCyuOAo+XoeCTjjscZbHWuw8FeJNR1Dw9czPKQRdKmVyPMMnJyewxnPB3Z4HY+afEnSJzeaQ8jMR/ZsT5jGcFRnGQNozyCCB9SSa7n4b2kq6HdkhwiTo4h2g7gQADgEEnPBGcZbk56dOOpUo4RtK87KzbvLRrW3ZbbJK17nFlU6rxVOLvHbV7tXSa3urpPot+9z6o+HC3U00E00gjjea3jCgZUOSpDMec9SSW3deMDaK/pO/4Jr3s114BjimwzxfEm3hDnCqyJC20L1yNgJIGMjPfcK/nN+G0PkW8Fy6kEXNthHUkKMADJIyMHbzg9MEnGT+9H/BMzxtZ3Elx4HiDLdW3jqDXN5BG63+zMjsNxyEDsF3D5RgdjuP8AEX0k6M8Vw1OpBaYXH4Os1a6sq8U7vWySfXZaPc/rrwng4UsZHRyng67a2fu07p6263as223Z6s/Rz9nxFi+JP7R4RQB/wsNCAuQ2THKOD04yeMjso9vqOdgoZTweSxycd/U9ecA5UADnJFfMnwDUr47/AGgblgoW48fjBGTllWQEnjsx4APRq+kbpwzNuILkYAw3Un0A4GCOCuR+GK/hriX97mVRxSlanS0VpWTp07aLpf79PU/U501GrT5noqNBNpO7ao0vPRN3u99tddacsqooUZyeAAP72c8c8Z55AJ7cVmXE4DJgjjb1wAD0zyRx1JzkEj6VNNE3TaSPlG4kKvzH5sksB8pzg5HBGOM1i6peadYxtJd39haLGFZ3ub22jCpwTndIMABT16+h7/MxwOJqy5adGpNy5dIwbcrNPpfvsvTzOyLiklZ67aXT1W3zaffV93flfjZMsnwH+MQYgbvh9r/G3gYsZcHAxwBnA/HByMf5supm3TxRqJmBGy91MJk5BBv588EjJzycjJwMkE4r/Q2+P/xu+FOn/A74t6efiJ4UGr3XgXW7SysE1a2e5u7l7d0W2giSQl5WLbQiqWJUYwABX+fReeCvEeqa5dX0ej30kc2o6juLRsi+W15K6suTgowYFeoOOgOa/wBFvoYZbjMFh87liKFSh7Wvh3D2sZQcrQldxUkm9X0b9Ufzx4280Mrp04QftJV5zgpKTSilBXS01uteui1vdGxp8nlQh0CxoygKp4YITwect+ZJGDx1Fef6zqKTai4VgoQHDA58wgkY4II28qcepHY17Ha+AvEMtvIPskduygLtmnVSoUHDDeeDnjqecHnpWBD8GPEs9y893c6ZbKxZkEt3EQyn5lyN3BU885yvyn1r/Q6hBxqNt32d1rvbS3TlVlok318/5CxsMVKi4wpycnbTVNaJXa+5X7W5tTxu5YRsqucD7xXBYBiASSOwKkgqOQM89MxM+ILhSA3mQ5XJ+6qk8cjkAjAB+9ngcYPtt18H3gBFx4m0KAsqY3XEZbqSwBJOFGeFz0JIB5rLn+HGiQx7bnxxoMC+SwkP2iLcTnHAD8bduBwDjOe270FyuzhK6Wz130ine1mkkt7JO6Se78CGWY6c9Kaau3rNRV3bSWusVZNadHY8ss0kMMexhgwkOoBHJU9T04zwT1AzxXylZwynxdqyKqFlvJwwUZwpboevHTJGMEZxX6C2/hz4cWlui3fxI045iZWS3KkHYp+QkHkHPXBPI+U848h8PeCvgVHf6jql545Y3TXswKoQFZWYhiOeefun5R04xhTnWrRboq8rRu3prsr7Kz1239LvX2sqyvEUo4j2vLH2ijZqUbJrlbemiV1fe72VtE/MEtHcAxrhgirjGAeSDkZPy444yc+hIxv20B8ja3ysCCc4+baBnJJwTnO09AOQC1e1Swfs72bRpL4rv2I5LQBnBUDKjlsrg88d+nc1C/iH9nO1XZJe6xcrtA8xFYF+m0njaCSPmAbjIBrH61Si/dpzSdt091y3TW71v5dtTCpw/VqSbeKpJX5leSur2387aLTR+TPGjDJuLuAFCOSCwGc7sZyQSABk8/3sZPISWAsVwVACDcQwIU9QADkHAPJ+p716/N4+/Z5tk/dadq91hBzJG4bAIJKkAEDGMrkc46ZFQn4p/s+wxiOPwrqV06AYdzJyQeQ3OD6cEY5PJJy1ioN6RqbbqN1d206Wsm773t0FHh2dk5YqjdpXvK/8r1W7Wmz0d3oeVQIsNvOHZGLBVADjPDA4wDgA/wAXB5+pIs2skIH3t3zElGDFgcHGNoBCnAHU4I6gk16dB8ZPgqiyiz+Hcs7EKN0xYtuyMHlhgg4BDYHOQd2Myt8ePAdoH+xfC+yDKoXcyoW4OAxJzxgYxkep2gis5Yrfko1G/OKXZaWd/uf/AAOqOQU4pOrjqK16Wd9F1bvfW3foeZMqhcqrsjHcD5UofJIzjCnIBxn5h13cd64tZmdWiguyjSgbVtpX3MDjGCDkk9hwOQOK9fj/AGjdOCItp8OtE2hGGZY4gynpnGzAxw3GCNoLcsa63R/jNq2p280sPhnw1p6wQCRQLeFyxHIIAQkEY9vuk8ZrCeLrRvek+W2ujb15dN7d2tLfN2OrD5HgpTV8bGTjbZLpy3drvezvbq/u+LdH8OazqXjuBU0fU5YUvpGmkS2lCxplipI2jhTxx8pz3LA19q2NjPp9vCraXqOVgVQFtm2sFwOMnnJ5yMnAB78eDXvx38UWXxMuLS1nsLW3lsjlLWzhVTI6ksVGwEEsDg5zx2GWrsLr4q+NNXVGGqtEViOAsaKF5CLuIXA43DAAPUkZPHBJVq0Lxov4rrmT3vG76vq00rfNNo9upHL8LGlCeJipKKUU0rtLl1953vbRaefY9v02VVyw0vUFAC7gsLAjkNzlh0684Gc9+vTW4vmZ5xol0yYDJJKyxnjnBAPpkjqSOvTNfL1prXi66BL65dFWUlzC4U/Mc8BQuMLycevPO4VZD+JFkDprOoSjI+Wa8m8sEnGCoYDGQc8knHJPWuCrhK0leVNJ7bPry3una+9+9+uxEcblrtao5pWs1d8qvHVXvZJb2tfrex9HeJzqD6A9tbWluLi9uEZVkuo2bEZy4IJBAXHQDjPtmv1L+EP7U/wb8B/C7wdoeq6hqFzq+k6PBFqtvY6e83kz7SHSOYfLKEYdQDj7vQDP44fDzwb4o8Z+INP0uAvcvLqVlFJL9okASK5mjjl2BmIZgjtjBPTucE/tL8S/2VPhV8K/G3gfwxpOgy6vFeeAdL1vxIt4Wkkk1CaGN5vK2HO13LfLzgAAAnBP8teO1bgidXLeHOKJ4361VpY3NMNh8FVVKU6WBpQ9s5zkna3tFy2frorH6bwTh8bXlUxmWwvSi6dGVSesW5u8Ulve8W5NbbW2Ol0j/gob8EPDrvcponimYozsskNrNGzFmLZyAecEYwcAknJIr0az/wCCxPwt0G1EWn/DbxXqTofLDzzyQBgNvBYwnKnceQuMlucYr0z4Yfsz/BnXbZ7i9+Fum2Fvb20U6/b9Pn8u4XZkkyu4+UAg5yR1JI6mTx1rf7DnwatLSHWYvhlLctqH2S7sbG1iv9SsZQSHWSIM20oQRgjORjAycfwxVxHg1nWZ1MtyngLiziTGUp8s4YTGSrNNuMU5xoJ8q33aVr6n7ZHL84wtGFfGZngcHTnZXrRUUmlG/wATWm2347PzWT/gtvcW8APhv4FXVwqyq6i91CaVdy/MMf6PvAbg8ZyM89h/PX+1B8fbL9oT49+P/iT4p0BdB1LxbqCmfRbZnaOzyFjVRJIQSCFGRt7YAHFf1pfs9a1+zj8etGudU+EXhnwpLaaBqE2napc3mgWaPb3ARvJLRSJmRJiDt2qcDDcZr+Pr9uFI9I/bJ+Klibezto7TxvMTaWESwWapBIuRFDEBGiOuCUC43McgZIH9JfRrocDriviHLch4DxvCuc4HLKP1yeOr16lerSrVY2oyhVaUbuMZSdm9lqfDeIFHF0ctwWKrZnQxuGq14qHsbcqkkveVtGujSvpufq9+zh+29+2P4I+FXhf4e/B3wzrN/wCDPBkA0/S59N8I3d+6I25tkt0iukhG/dnI478Ej2TVv2uP+ClOuW13cvYfEPT7a3t5J7t4fDLWFvaQyKSzzPLCwVAOrDGAT0yc+E/sd/8ABYaT9mfwndfDa/8AAui+IvD91rNndLeCwtVvdPtVSOKdTM8LSSLgFwoJ5AIBPT9Gv2jf+Cu3wS+Ivwh8UeG/hZFfSeN/EuhWkCTLYRWNlpqXEeL2CQ+WDJ5YLBCDgdcDIx8j4gcLcaZd4h16GV/R54fzXLM1zRT/ANaJQo4iM6deqnXxuMSo81OpZzqOM7OT2b0v7OSZpkFbJKLr8dYrD16VJc2ChN05U+VRSpxTl7yVrJRSur6HyP4a8R/8FRviPo9vq/hTV/idc6VIZGW4tWWK05fBxIsQAO4kkbsqMZ7EfMnxf8a/to6D46i+EfxQ8ffEAeJfE1tDpsnhptVdjfprDGG3tWRcB1uC4STgAA8kEED9Qf2Gf+Covwf+DPgOD4d/FMeIJL2O8iljvYQ13ZxQXQXz1YIOVjO5zgnB68ivPPGnijwB+11/wVS+EGu/Ci21Hxb4MjGma1qk5t5AYbXQpIru7lI5EUdumcu2AAAD0xXDkWacVZHxfxLQ4l8HsgybhnIMpzLMsBn9HJ6ShiauAhCrh+Wu4OMXVs7Ri1JSV07b64yllWOwWFp5dxRicZiMRXo0alB4puTjUklLmgmm7J2bk7Nb9WvxC+LXwA8R/BXXk8NfErwPqekaxPaHVJILyb/WW8xLq4YBA+Q2cjBDYGRjJ8UmtPCVsi3C+GrOQSnaiyzbiq5BXeo3AE9OQQM4Ddcftt/wXh8S+DNI+Nnh7WtN1ZRp17pD6Tb2sEvnsht5GyJ2DZwOUC5BGec5Nfz7j4leEmeRWlmcQgbVELEEgLkgkZGD29R3yDX9k+EPF+Y8c8DZHxJVwMcLVzDDOpKhCLUKcozlTtDmu3Fxi2rXXZbH4/xTk+HyTOcRgVVUlRcXzTa5nzKLV0ubWzdvs23vseuReIdE06eJbPwfpDhEyYpFSRQcN825l7kg+gOPpTZfHgaSRV8K6XE5DMotoosHYpIBJTJ5wMYBzxhsHPmln8UPBDyBp2ul2IchYThj1wTt6YwBnOR69atT/E/wZCjC3ScmRGAWWBjk5OdpAGCOg4GSM9MV+oxqY9NXoytp8Mb6NxtpZrsls7XW2j+bnDD2t7aL67qT2irWt01+1vfyRY8QfGXWdOC26eH9KikRTKp+zwKw25wC2wlmCjkZ9dvbK+BvjH4v8S6lLZldPt7eFHk2xW8aDDYYrkIWJydq8DnocHJ8T8b+KNO1popNNEpCRMJDIAnJ42gEZUjB4IJ9xyaX4Vaithf30shDb0jQqxwRuYYByT69c4HPYc+xGVWWGSaanyqTit7pRaumtVolo73TurM4HNxkuVpxUkr26Wja931ulby2P20/4J2fA7wr+0L+0Z4Y8FfFSW51XwpeW09/qWn2TpHdyBELQwyMFJ8sOFDHAXBJ6mv6gtP/AOCZP7Fem2DWV18Eo76a7umgs7qWR33Q7iwjll37VSQY3EgdSccHH8lP7PP7WB/Z+8YW/i7wjoGmPqD6PDot9dzuPPhSVlae6tXBBWbaX2sT970BNfqr8VP+Cz3iDUfhfYeEPhcLzR9QXTJEvfEmrTLPqNrqIAaSe1YIoMe4ERLngcHkBq/hTx88PvHLjLjXLpcEZxjMpyGNGjRqSoYyeHpQqc/NWqVIU1GU5NWSd+y11a/f/D/P+DcryGu82hhqmPjVqS9nVpQnKVPlioKndXd9Va6tbqrHmcXwf+Dfwn/4KjWHwyk+GVhq3wzTVLezXwvJKL7TFmvom2Qrhgp8iZlyp5AyQf4q/pn0D9nb9mqJJ4rT4P8Aw90hNLbF9Pf6NbJa2RlQOiSXEu5QoHUueB68iv4Lpv2lvFt/8UF+Jeqa1qN34pTUU1aXxCty5vpNQRyVmDZO0BjkKvAxwqgYr7psf+Cjfxv8b+D9Q+Gq/EPXp4fGsgt9ScStHdzSvtjgiju1w8YGQCwyTgnjBzPiV9HTxJ4tocITwvGOLwX9kZZhsHnjhicTBYudJQ9riUqU05znaSblZydm/LoyHxI4XwksypywEFUr4idTCctOGkZNctOzeivZR3trrdWP1V/b8/aE/Zr8L6V43+FngLwx8O7Hxtoeo2VtaeINM0ezubWQIubiCK+iUpkBSGRS3IABHSuo/YX/AGu/2ONe8K+G/AnizQPBWm+LdOt72517VdS0SzSxvblAPKaC4liZY3YgsUJIJyB8x3D+Xv456T4x+H2uQ6d4qvbt9XvkfUs3Nw1yJ0uh5iSG4bd5km0ncWJbJwDjivCNJ+Iur6Asstle/Z5JmZXMbbS3zkgjaQV6joQDgDHFfo2E+i9gsZwTRyWPEWdzruccQszhi6jrSruMVKMvfadJ/DyN6LVNybv4GI8XJYPO5SqZbhY4eC5JUXTXMorllzXt8TjJXv12TP6s/wDgrN8UPh1rP7Mf/CP+CbjwDNDrl9LqdjJodpp0WpWtjay7QJnt41mTerDCk4kAB7lq/jw8ZzwDUswAyYjG+ZDwxKgM2w/KCAeANwznp0r6A8c/HbxJ4u0lNO1Kd5400yOyMjysR5MYHyohYqpP3icZOScmvlzVZlu5Y1YlXdFbK9GIGeGOMDoOMZJ5J+Yn9j8IPC6t4bZDLJq2Y4jMpPETrvEYmUpVG6nKnFKTfupJcqTs/U/NuO+MqHEmPp4mhSjQjTpKmqcGvsu7kklpe9nZ30tucL4mYGzmh3bmIUAkklQ27kD04PBJwCcfdFfpV+zQyz+DvBFvG6tci3njRXIBUudpIyGA47kc9+K/N/xJo93b6VHqbqDAZgpKksxQ5VN4GQM8YByQc9zz9/8A7PF19g8K+FriF4hLF5km0kZUEjI9RwOAf5HNfs+BpTWNdNxaXIvdfS7jrt1TSfVvSzsfGrEt4V1It2bSacuzjre+iW29rJn7Zfsz6Kml6ZrTQCGWW4uYITcFUa4Rt43KrDBCpkhckDrgEDA/RXVtfk8H/D9YtORbaM6rZzajcyEiNInQl3kfIBLEcKSSPQV+M3wJ+NVn4f8AEC2lwfMt72e3MwB+VXEgByc/KAQR74xggZr9Pv2gfF+mSfs2eLL/AEmYyPcf2ZP5kDDdB5ozjcDnHHGOnPGMZ/NuNuH8Vi8dhp1YydCeJpLm95qK54px6pXVkuq38z67hLiHD0KOLowlFV40Kr5XJOTcbe87Xdtk97ed7n5FfEK+m8Q+OvE2qzStdDVNYu5xMCCXCyOiHPQAqvYAEc88EcvaQ7GRQowNzgMWIyenXoTjJ5yfQ8ircju8ELIxaR9juzLkgPGrEk9RkkE5zkg9D00oIWhbaXQ42ud0eSGPUNt7kAKFK9eQeor92wGFp4fBYSnCKSp0KcElZW9yK5Xpe0UldrZ/NH5Jjqkq2LrVJ3blWnK99bzaa2s9PRa2WiaHRWgd40IYIQAcDC7+uT1wV9cfMAMdOJUtyko6lEyCT8wcHIBXkHIyTwSCOAOmblvHI7CQEhWZgUClWToM4zk7guBgEAFuMZxM8pQ/Z2CpxjcVB3LnABbs5zyCAfXkmupQScHLVuy20a9zS/W+6va12tLrl4GlrdyWiV1Z9ul7PVNp3drWsimieVuV1yN29Nw3Nyefm4wMHgMO4I4JrQgVhKjspAAJRSc/KeT17+5z6DrkUpmLYBZQEGDySZATwCx6HHGARkYOQOK3LZiREJCqE7QuRnKAc5I6ccHOO+c5BGGIhdN8ri3a6tra+sVorq1muutrvd+zhKkFCKbs1GOtu1vNvT8ba6nFfGJmb4X+KAAy77BAMjkjJIORgcDnHpkH5hx7R+wx451Xwr8PtQXTrqUSTatppCRyGNgUtEUb8Y3AqB1yDknJHFePfF8yf8Kw8Vt94GzHlnIOVzgEDBIAOM4wcdeOmN+yr4iig8MalatOsMcV/YM5T/WBvsoGB0688gYBJB45PwvE2Xf2lgsRhalGM4VYLmi09VzJ31XkvK+z7fUZLjlg8TTr05tTg9FezTs76t20u+3To7L+g3wj+0Cz2KQalqCRzbI/klbe/wC7XDBmypLDHB9eMjt7X4V+OFrcOU+3r5sis8Tyv0XnjJ6Z5O7Jzzwu6vxquvGNu0QW38zckaK08Z5xnJbP8R9Tg8nnnmptJ+IGo25KR3sqwGQ5uGlJ2AqTtABGPcZAGTgGv5/xvhlhqzm40Yw97aKtr7rVtrrXurXel9/1bB8cVI8qlLmdktXK6WnW92vTd2stNf24n+Leh6jfQyatqP2i309B/o9s2I526HemckK2Dgjj0ryb4v8A7Q3g/wAOaNqlxpNk8saaXcSTkbVWHERwqsVYFnbHGCVweVJGfzuj8Y6peWMUa6uts7wlUdW2ySKTyzNnoQSwHXoc8kV438XL3V5/Bupx2mozXKRWkz3kpmZ12lh27t6joozyQCF58l8M8PSzLDSqymoxr0vciuVJc8b6vR6PS9r6201ffmHGspYGu6XLd0pau0tbLVa6rvf7tD518YftC+IfEGq6tfQeXYW013ci1gXLEJI7EPg5BcjqepydoOCa8xn8ealcpxqFyzHBcNIArM5BLHBA4xyM5Bzgqa88uFaRxuLFQpZjtPABAVk98ZyRyMj6ihEqASMzsQWXYrg/MpOScZBPGeueg+6K/sTLMpy7A4ahTp0aS5IQTlJR5muWKu27Nv79Pnb+Ys1zbNcViKv7+bcpT5eVySs3G+i27Kyv6XOn1rxZeTOBJO8gjj8tmLsVUnGN3Qlh1BGB16jIF3T/ABVcG3dBMjsu0BUONw+XGX5yO7Ic+nGTjyXUJZBNMMy+SV+TMZKuAcfKSfXK7chs+hxnR0eVNrmQTIXC7FUNucE5IIHABBP3mzknHHA9tzw/s+W9NRSatGSSSbT0utVfXRvb0R5a+vTcX78npeTb62Vr21d7a7tJeh6XceI7pzI+8gxkOy5ITJwAT0zgnoB6Yz2+FPDeoXA+MHju5aTzEmklEwBwW3EE4wOoPQ8EdBnk19U3UojeRUhugdwLIF6DaSPUkHpghsnHXivkLwxa34+LXimYWF8IpJXZWMZVWJOUBz8u5xkqO4BIJHTwsbLDupgnGcXy17z5WrJN3u7d1pbR6vbZ+rg44v2WLU4Nr2UWvi3Tjfforaem3U+xf2nr2Twzrmj29vsnW38J2cJEqlVZSW25ZRtBycYOBwvCnmvjy98Z61LaiI+HNOZJIsGbAEjAA/NubnHYAH3BPBr65/ai1e003XtCuJbNb/z/AA3bk28rAu5DMTlWOScAsAcjgdSCai0L4aP488Af8Jnb/B3xDYaNpkVt9t8TFJV0wmXcN5bATaSo27eDwR3A/KOIcywmUVksVVpxlUnCnTUmoucpJaRb0cnfRJ7eZ+k5Thq2Ig/Zc/LGL0WqtzW1eqtbfZaejPg24vZr+S1aW3S1dbkhEJZgFxkgnI4yD05znHNfV3wEtpZtFv1jZVL/ANrIuPR4SASe/wA3Yd/zPk/xN8M22iNYXFpYvYg3oV4ySRgjKyZGSNwwecjk8+ntv7PFt5ui3WxmUC8v43IBIwYyeOhJ54B/4CBznPL8RHEWq0o3UouVmlp70b6q/ZWXlt1O+dOUI2k7yTto0m23Hlb3W1tNNum58va98MtTtNQumWWKRZbm5l4PA3yu2CzN1JPcZYH5uMisGfwPq0UcsotWaOOKRiQwwQE5x/EPUd8/xf3vpHxRqdpbX9zE8ZDLdTR7trZY72DEn+9k9jwc8nNcPdeJ9PhW6t2aRVa2kWNACp+ZCBuz8v8ALvkYFaRk2+aVtbaapLVNXUrLZ6/m9TzvaSjPltrdXbv0Ud7N6bX3tu/Kh+zbbNB8QdDDRkP9rnyM88AA4x1bOc9RgHIJOBhfGHTbyX4heLZktJzG2pzMsirkbjn5dwBQH0yOpwMkgnt/2cUgn+JGiRgNl5LydTkg4YEbeOOeRx3O48gGvoPxhpOlf21rcckkEUk+pSZS4hDE5XJYuwz1yOh9QQDz1Vq8KVCm5LeVt9Fblae1lts0ltaxslz0kt9rWfwyVnqtL7NpXb+W/wCc9xbXMUaPJDMpU4x5f3s4HBwd3GC3XbzWz8PpMeJ0bcVY4yNxJB3feK44wBnAB656GvqrWdCtr4QW8Nvp7QxlhJJHGisVGQwAxyc9CeGzj1z47ZeGINF8XMIVKF3dgrYOQ2OpxgZySB6Y74rjdeFbSF3rFdGrtQbaa3s21u/LpbXCQjTmpXSaaXR3vbVOyb6rte9trv379o+6trnW9BS7BMsvgvS1jmLDdxDFj1ySQTx9PWvk27mgitTDtDSIpC5VvMAYck4x8uSRjtzya+1vi/4bg1e90Ke63yOnhmwEaxgb0Cwx/KcA/KQTxxjHHrXgT+CNKmeQmWdJChwDg4HPTgYxjJHY5x2Iyc1S5YvmutL2vZN2d35PZ329Wn1VacqtVtaqSTtb06vR7Pd6p3djwLSpCuq2ivuRVurdiylwG/eqSTknBPHBH93tmvp39ouRh4V+H0yCRSLV1Vg20PnLAkjBG33zxk4JAI8c1Xwj/ZOs2ZhuXmieW3fBXA4kAI5GRyCM9PQDjH0H8f8ATnn8E/DpndUAhdMEAsWIPzZBzgjDHb0JzjPUqOLgpQba0i9L/wArWz0sr9PPW5tg705csknrZNJPbk0l59ndt6t7a/D8007RbjJPjJLZkIJAAwMnGCeh3bTz7HFrw61xcatYqzvzcRKVYnlFYDAJzyAf4emcDnONK60mRGEaygxgn5uDkgkkEkjjngjjtkDmrvhmwnGt6YX2qgu0wABg/Nkkngc8HP8AD0PXNc0byaS0uuq0t23avbtfT0O6o42bUeVNK6t6L5fFut9erPr34hXN1pPwk0G5spCkh1gw7gAyogXIByMZPzY9ST3Bz82r4v1uKZXU20i45MkSMx4JznAGCRnsM9Tkg19VfETSZLz4F6SIjtlTxFJgHGSFXHP5qw6j8iT8aT2GoQq22INgtk9RuHXOD0OcjOOcd+KdSm2+msU/uUU07PRJaaKya8yIyUE0mtd763Xu2S07OzWuj97oz0hPiZqNzZzWd1ZQybliQSRt8sILr8yoS2COo44HBODz926PqMUHwy8MXE6khriMkAEF1IDDjAJyQNv6da/MLT7acvJG8cq7gp3ryCd6jABHQenvxgEZ/RbXbl7T9n/TryJAJrY2EUbglcMqfNg53A525xj2+XFc8otRcb6yXKrvTtbVN2dtH+L2W1JOXVJJpu/ZNySS0td32vvZbM1poP7VZrqK7jhIyiRyNgqnrgnAxj5S2Co9q+dviTPJa6tpNurJ80gBeNsoW3IuQM9TjD9cls9SceRT/FfxFAZLUJCNsh8tzLJv2d2OGGCeOWPPoARVGHxZrHivVtNh1BYgIZ0SLysfKoILFmIyTuAAGcnB7E446OCqxlFy5WlZ730ajo16W/LqbUqq9oktE2o/E+W902raWs1a9rO2vQ+//iZcSP8ABjweQ7RmO6VXEagK2FXgepHqOvHy9BXyrpebe9wrbpDudmk4BB3E8nk4yBtBB7ZBOR9D/FK+ZPgV4QkBwy6g6Eq/zZCgKSCcnBU9T+Oc5+L4r+d90zTyrIHZSC2BjJwRnpjA5yQcdDkberEUr2aaVorf5W0ta60su93dJa7NNzT0fvXbva+zdt7aae609Pme2SyOY0l3Kyh0RVHyn/WAscnPAO4AdCOSfT631u7S1+Fys9u0u20tjtGD8xUZGSe/vjnqRwB+fWmavcvLbRu4dt4GCxxtyuD1xn8RkDJ28GvuXxPO7/CtQC0aiwswGj5IcKduThjyAc4OQMkcKRSheNGUHq3CyWlvhXV6LfU30TpaW96Ol762h5WfV69rXd2fMvyG9VvsbojoXCOdy/Pnrg4OBnuRgcZHXovB8dqvi/S0+z8s4VWYnKsSpJJ7AA8be+CCOlefPPfJcRGO6ZyyKuZCAAvygjaf0PPPJGeuzoOr3cPivSmdYyGdIkwcHJYKTyRwGJxwD6HGM+dGm232uk7N3Wi9bpO7fRPpsd03FYefRtq17aqy1to0vVWuknpc+2fjnPZW2leDJbmaBDJbNGC+W3LtwxGccYAGfTpxwPDbLVbFnkjjntQBatGWB7YzwuSSSD/eyOdpwQR6X+0FLC+ieBxMFCG0LlAVDgiIZKk9eSd2Oc9AeMfMERsXhedZpVaMhSu4IAqt0GODgEg4GeADkgE+diaTdRu7aVnpd3Vkt3ZN3s9bNpvTQ6cC7UIK+nxpap6JfitGtFs+jdvuL9i2x0fVv2ivhho3iD/kE614tsdP1FZSTDJZTzoGjlORtVw2GJOACD71+l37ZX7D/hfxX+1l498GfDm6tfC1m2l6bqVkZVM9sxeNEihtlVjt89sBfmbG7sM1+Kfwb1Ce18d+G7rT765tpI9WtpEuLeXbPbmN1YyIwKsrjHDdyCK/TzxT+1DdeEviXqPiG78Vao/ibT7XSVsZ7+H7WJorVYnhFyxBZhuVeCWXHUZyT+TcbZfxD9Zjj8lxLpqGElRVGUeaEq8pwcJyg3y200bTt0Z9pw9XyyM/q+OgpSa5k5aKVP3FpK+jbs7J2v07fMnxW/Zo8dfAzVfEvhLxhe6autWGk2upWWn2zrLPe6dMQFuWQH91yRlX5HOegNej/sfW129z4kjdUdlsGXAACCR49mCT2O7BP1z2Fc78Yfi9q/x58d+KfiZ4o8WWkuuaroFppRijhFtbRwwBVS2jQ4IJC+YxwDuIyCeB2P7JEsVjqHiY/aIZ1itIlIWQDOMd2PbAxjBzgex1yWeY/UcO8ylF4z2MXXdOLhBVuWPMorVON5W33SdrXZtjIYeVWf1dWoOUuRqTnonBprfW17pdvmt7wz8JPEniXX9Qg0XTor57S+1We/YSqnkQ24kuJQwZjkrGp4GcgHaeK9g8UfswfEfwF4A0n4meIdDGneHNbi/tHSLgzKXu7EsE85kOGVgz4A5zkt90ZHnngT47aT4I+Jer2t3o1xd6V9r15p3t7vy5p7q8tJ7O3Vmzho0klDsP4lGP7wr7a+Nn7W/gn4q/s2fDb4aw3UyeJvDOhXFlqFpMxjit5Ir0G2ETMMTq8C5KKMqfmI4BP5RnmJz6jmcKdPCqpg54tQnNKU37Bpycm1K0LSsm+WUbaK59Xg40eWlyyu+WN2ls+WMtLxVlFq1k2m769vj74PO6eMtCZshUvmHJwvzOCOg6MDyPTOO2f7NP2N5BJ8AvCUh7yXQ+vzDJAwD37Hp6Hiv4y/hGI28Q6TPkYbUkXg/LkEBsEcYJ9yeOSB1/si/Y5Zx+z34UIZhie6A7cFhgDv379QTg4NfzT4rTVPiXDVVdOOArppO1rzpJJaq/4O7b6H0uepz4Pwyd7vNMOreXsqis72v0u+ttN7n1jlCuRlCAcDnAGRkFm55PP97pknBzGZiM7ZepwwJ+6OehAP8AEc5HUdu4yjLIcfOcA5znqODkKT16DJHA5GD0AWIByOoBAO0ncD2zg8gBhz0zjAzX5VHMvfUryT0str6rXXfz1VrdNn+dfVGoxvytKz2Te60bt2b1Tut1fW+k9y/8TkhiSAcn14Pfgc845yQB3lW5k2qC2FYZUgEdeMt278dR/F61mKsvAVhlcAbs5OOCCvcckDdnnB7DEpDOAF4YZAA6+4AbHHJyBk5HGa7qWbTTSjOUly6a2tZxs+9nezelnfqtOeWFp21UdOuvXlXV/fv0dnZ30hcsFAzyDgEDG7nuOQcZwTxuHTBGKlF05IG4LgkMwIIPB4IwPYcY4wPQVlYddo53DIUdwVOee+DyM8jAz2qRNwX5yAxBxnPyk9RwD7Hk9xzySO+hmU5ys3JJKNtbX+G+7Wl7rS+nm03hPDK+jj9y7pOzST6eSv5baZmd8BtxGSQMkZwcgFeACegOPTjqRMkjMVwoK7jkkDIGDnJPU5HBHJy3UYAz43IVcrwe468emRnJz7e/IwbauTgnbu5XpyQfXnAzk88AE5yMV6dDHJy1npJX1bTV0np17PXptbryzptLZJLZaLa2712/DfUvJkqccj+FiPmP8TcDA4BJwck/XgyKMZwSQwxg4xn0GRzwck5PpkE1TDnCqNigYHPtwDkkgAZ993oegeJW+UgdG6scZx0+UEsCegB6jnGTXo0sTBWfO7b27O8bNK9rWemu+97NHPUjJb8vS7S0+z53b19Vdq1nYviMkHdksM4AUEDjg8HuPQcDtkGniEk/MScjIUEcMMEtx2OfrnPGM4rLcSZyCB0bjqefl65A77hnI6g8VOsoYAuRjpjHUsMAjGG5bABGOn417FLGUW+WU3pFJvVrSMX1bS1etmm7NLuc0oza92Gztpfq497pXXa+7HhcHYFJ6KOeSRgk+2QcDsTn7x6WY1U4PzKWByuMrwADjGDnON3904A6kiISpt2krx2JJOeeD0IHXJ5HXv1nVlZMjO4fM23Pfp19OCTxg88kV2U69BuLumklr1b91Pysm1Zrb1ZjLne3MlLR9dPdu7tK/f8A8CVrbzrEvGVOSScjgYzgHoc89h7cZHMqwKFBBIwe+STyTzk55+hz69qhErDJwSODnpkHjpn3I4I5x1J4sCQkAjkHIPJAHJ7gEgYDEg9Oxr16FaguW8ktL36J2ipdd9UlZLZ36s5aiqarzSSas/sq71em71St9yJUiQDAGSevHJwTkZxtHqD0xg8DrMseOQDg55JGMg5/DnOemcHIPWqqzKSSFG08YUgggHDYz0xjHcY5A9Z0lHAA+XpkjHQ8sAeTz2PXGTwRn0adelzJc0ZLR6aSskr376tvq9LbHPJVUnvfrdu1m0rNdL2tpunYuHdyMEkjKkZ4787c7ee3XBHHelUMcDAzwWySAOR8xDEgAc9OvBBNQCQkDBGCCeePu85wccgjpx2wKcsgU7iqlTwCpAI+oz0yT69zxxn06eJo2V2rXV2ruy91K+zdtPNK/Tfm5Z21b2W/XRdNEr3utdFZ76FwIc5PYDGeQQeSMngngjkAgHAB7zkAFjjIOM9MEgH2zlvc9sAZxmn55+bgDg5xyMHtgE5ycdOn14qQTkH5cEEAdeDz7dQOm7nrj0B7aWMoJdHZreybd4tPvtr1T0WvSLSurXWjulqvs3/4Ka77aJW1RCSdowRjvn5eeAcn1IyBxuJzyApRC2cZH48jnB2nPoOfp07VhLgZzjGcnJXIxk9SO2Mt9T0JpRKWIIYHAAyeMDGMbTkZGRkY46kY4PXDG0Gkny6NPRJWtytK97W2V300WhnKnNpcrVk9Iy0vtdN3duv2t3o+1gRrzn7rE4yDuHI78Bc4H8OCOAM81E0CEZAyc88HoAM5PXPH8Wc8ceiCdwVDYHBxggdevToM989Oc4xlTdYIyqtwAeep6heTk8ZBO7j1weCWJwNvecU203pFvpe+22qvZd9w5JWjbRpJScb/AM0ez1b1XVNa6bCfZlwMg8k9DkjHB569+xHPp0CpGvQgkYA7n6ZOMc5PHOO2aBdhjjac547AjHPrjHTOAOByelTLNGwAZc8k5Ix13Zz2PBwTg5yRjPQjPBtpwqR6WbTSVrbWta3X56O7ZMnVirWbuld2Sd5cqulzO7VtbbvW1rAsY3kso+UcAglTyuV57cdB2yD0yZoo1II59scngkgZ5weOT93qMc5LkniLHcOAM9yBnB7EH1OTnk9ezWxJCxYL0zjI4I47Y4xu4yx5Azgjr6GH+r1XGMalPppzdbK19rX3f+VjlnOok17zfZu66X+LTve+utkis4XyJ9oPNrc5x0G2CTgd84IHTPPI71/GF+0dJGnxZ8evuck+LNYXy84DE3cwKnkZJbbgcsWI7mv7Q5Chhl2nn7JdcnjKi3l7Z4PP04wRzX8Vf7ShMfxe8fFmO0eLdYZV2ggk3Upx+Y5HQEkgdK7cDRhHinhiMJJqUsfdprR8mH07v11eujTZ+meHkpPKOL21/wAwmAtdP/n9UXbvfRbu9+582+MpxBpirHEysVQ4ckAlmBGM5J5x0GdvXnaK840KdBqMz3StLvDEpjO35BtC4JDYBHTqOmfvV2ni2/NzNFHICV8uIrGQTlVAycE7d2BkdySMEHFedWLNc6k6xmW3XzXIcAAF1HABGccDtwBlSOVJ/qnDUpRwkLRd3GNvLRNtre7tbot+58fWxF8U/esrpWvy3ta90ulrK76eR6pImn2NnBOUkVnSRgnz5G3OCDkLx1JwOeM9K4Sw0+LVZ5riVCkSNMI2PyqcFmG/JIALHtgjGAckZwfFj61JZhU1Jy0EQ8u2VsPnLA5PB4Gc5x9OBVfwPeX073VhcTDcYyzPKSzIpjAIABwGOABkc8DHau/C05Wjrot1ZatqDWzatdyWqTtourOLFSfK2uZyun7rVrNJ9Fonzd1t2Vj0zUro6d4E8TCKSGRpNEnACclfLLnGR9Ad3A4xnJbd+UUDq+uaJetJGpFxdPk5PJmYknrnkZYdCeScYr9TNVtGi8D66Y8tI+g6lH93I2hJCWy3Jbb0B4PAGADn8oVtphqOkiVwEE1wv3RnJlfqAemSASxyT+FdEGo1tNLyVtelk7ttvXb7rJ9nhpSdCXNe9ktWnuoWs+rk09uit6/oV4T8dS3OlWejNqEMcMsEcKoowGZ2WNlGTyHB5J+UZOcZJr9eP2Mv+Cf114gji8X64mmz6Nf4uhp3lxvFIlyPMzOzhgSQ2OGDbTnsQf579MfUYLZ54JWBgRmV04eJY/mDDrggKMAEHONvJ4/QD9mj/gqL8ZfgvpUHh0TW/iXw/aARrHeMomiWLCFA2QzABQcfNjkd8VOdYnOo4SFPJ68qMqj5a0oTcZyhp7sZO1k3vy23tpfXxq2AjiLyUYOpCacZSSaS5otxSe19Xvra2isj+maw/YK+DjRhbzwHoioQuXtUCSHaO7bsfeAOB3J+UHpeuP8Agnn8CrxAlt4Z+zOxBBjl8tweC2NpGB3HHcfWvy98H/8ABbK1uIom1zwjJGIkRrh4ZVdVGQHZckgKuW4PYDpivpXwb/wWT+CWrNEmq28tkzY3yebuzkc9GwcY5weSRjPb865+NMFUfLmGawTbdoV6ri37t0uSpa3qrPV9kcNTJZylzPC4epqtVGGzs3po7rSzs9NVfVn0Lqn/AATc8Ibf+JFeanp7KCYvJv2wCSQvG/aCM4/2uoHrwN9/wT7+KWlb28N+M7lo0yY0upzIRjkADPXjb2GQOgzXufhH/gpJ+zr4gt4518UWtmsigj7VcLGDkdCGbIx65A4Ocd/f/Dn7Xfwa8QNEuneKdDmMoyoGpwAkMRjI39e+M59q9jC8ccYYDkVTMcbV5dOXERdXSyvdzW+3fze5x1MmhJaYZw86blFaNbuK0duvd7W2/NjUP2Yv2qvDq/6Hs1eKEHkKvzgfLggdVz3JHA98DhNU0D9pnw2Hj1H4d394qqQ8kVrIyO2OqkKQ2cE8Ad2Jz0/dLR/i14J1AxfZ9Xsm3BSDHdRSplsAcbxkn+I5OD04Irt4fEGh3wPl3FpcZBOJUjlHzdlDZJ6cgDA65UYr6bBeLee0XFV4Yeo018dJxbeltE7PS2y337PinlUknyutC1rNTbu7K1ut/VJ+XU/mk1rxv8VNLjkGqfD7XYCIyXeKzuGC8ngZjxkYHIzxz14rw/Wf2hpNMkkh1m11PSZAQrJf2k0RBwRyWQDPA546nBPJP9WesaZ4N1GFk1DTNOkVlYjFjbkthTnBZMtyOW6YOBnBI/HL9snQ/BOozXmnab4S0K+VWZZZJbO2hnUDIG0oisf7oIJGVHGeT9bl/jnHDVKNLG5TSqKpKK9pRlZrVXvdfN3aVtOhz0uHcRjJuNPEVou2vNfT4VtZJLRptdN9D8sZf2idFuV+XUEL4yAsoB+YHGRuGOOnAOD19MO4+OOlXCnZeoGUZ+aVdvPJ/iwRkcdgAcnIwPDfiX8ItLl1m6ew0j+xkcsfOjuykfBJOxSxA77QMD1wTz+fPxP1ifwjq1zaaLqlxdx2+VkEs7kB0yCu4nHrj69RX6plfinlGPhz0cNKm+SLanZ66Oya1va2ytbRGFbhHMIyTdaVRN2TV9GuV2t3tte6tZ69f1Tv/i1azqQl3b5I2lhIvy5GRjrzwRgY4OORtrj7z4lQOTm6gkBP3TIAcAZJxuHr6dOo6Z/Gy5+NXiewYq8csiOCdwkduAPugjLDB9888Ad8aX9ojVU/10V1uUEjMhwoJOAQD37V7NHxIwadlNJu1lorfA9e68vv6Hl1ODsVUV5qTtZSs021pdOz1dtVfV6ve1v2On+I1umeNy87tjAAEcDBDAgDk9844yMViT/EyIZZFIV+WBYDIB5HLcD6c59+a/IJ/wBpG9ZCo+1IFGOJCR83GATk8DjqcDg/wg0W/aN1BkclbsqowF83JOeOM5yAwzn1BBOMBu2PiZSUbJrS122k7XTW/Xs7a6/Lm/1Lntaa8mrNXtpa3Xv3stT9dJ/iWu4so2gjJUyqoJBHbjLAjofwz0rLuPinFE20RrywXmUYO4gnnOcgk5HO7A74z+REv7RGqAs2262sAQC+dpUA4DeuehIIOeOhxSb9oHVJSHK3T/KzFWZsAcYOQBgjkleSckYFNeKFJON3Gy2aa916eV2rfe99glwVJxa5JX81a691W2e9u/W1+h+uM3xYYHCeXuA7ygAKBgkDcOCAecY2nqOcZ7/F2aPdteDqDgSADb3HU7SDu+o9Ocfk6PjxqWwkQTsWOG3SMVAycYwRg9h6ZAI6A0bn436m3+rtJjuGGPm/KF/2hk47eg/A4FvxUo2Sc22rWdr3V1e1rfK6V/LS+H+otZ6Rp3d1ukui3vr1S132TTP1fm+MjkuBPCEPIy28gnIyTuAUg5GQR3wTWW3xrkVj+/Qx47huWXIBAOTjaMdQO/Wvycl+MusHOyFwjHPEpIIOA3RjkEgZPAySAetZs3xk10kqoOQCRucfKhLYz6EnnA+bqowDiqXivhlF3nLorW1VnFK9rPfp/wAAyfAuKV24xSTWumqdtF0vf9b7n62v8biVTfNFsGV53chR3IJxxjA6NwB3qE/G2R13JcQurZwC+CQpPOSTjAx3HTqQa/IWb4teI2y0bArvAwTleMEjAJIx8xyOOMZwMGtJ8WPEfzFMYchThmGD3I9eB0yenQdK55eKmGlGOsm7q0rNbKN3s/zs1uXS4JxKbTUUr9Nn8K10dr316v7j9h1+MzOrN58MQLAbvNBUYwvQsQc5wMccjPGKuW/xjt0cb9QhzgjJIAGeTxx145yc4PqCPxpHxO8SuxAnC5I6O2Py6Z5bCjoOnerEXxD8Sudr3rBSMBXcEZY5x3JXPpkD8OeSr4oxmpKKndxVtdPs766u9tPLy17KfBNWLUptNKz0tbRJXu1fe76vW7vY/bjSvjvY2Qjc3FvIod8sjL1G0Ejc3G07h3wBgE5wPffAX7XXh/RbiFJ7qObyyG3PcKrKBjKnG3OOffjByTz/ADuQ+NPEEmF+3uVzxhyRnqy7QflAxjoc4BOT137bxRqsroxv5fMyQQrlCwXbnrgdAMeq7T34+exvG7x6kpp2drJ9W7bPqrfzK6bfVHXDhZwSfvR6vRPazd0077LS1ux/YP8AC/8Ab/8Ahvam3jvtQ04MxQANMq427QcvnBPHT7o6DOa/Sj4T/tx/s962kEF74s0OwnO3ess8cZy+Dt3FgAQRnn0xjBr+ALTPFGrLtddSnWUNuGHbcMN65647DHy8jPf0/SPGvimFkli1q4SQdSsjqQBxlckemDnDE5IxndXyGMksa+eM2m9UlrbbXa/kraa3T1PSoZf9XildS2WqlfRK/wBnTd99+quj/St8D/Fr4LeJoYTonjfwrcllyiNqdtu7EJhpcnAxnBGT64G73bTovDWoRrJbX2i3KOMiS3ubeRGBGQAVbBByOR29a/zQ/D3xp+J2lyQtY+L9dt9nKtaalLHtOMkfJICpI6DBznnGTn6d8F/tn/tG+HPJj0v4l+MI4oyCqHUJ5FXAxnDM3Q842np17DwqmCxkW2oQqptNv3lJv3bx2euvXR/M7o0I2i7te9s1fZRumtmmtFbXpJdv9DJvDmnzZKpaEZHAVCvTJ5BxncOeuRgEdqoz+D7ORR/o9uGOCcxq2fTJAJwQeg6A9DX8Q3hD/gqT+1noKqh+IGrXsSbVJvpVZgFIBJVlJyOOMZ7cV7zof/BZD9p6xCJeasl8FwD5jR8jB5bCEHOBnp8oGc4rndGuv+YWat2aa2j0Wu99Oz0u3cFh+bacNW2m9E1ppa942d+iXpof1v3Xw60uZiTbw5POBENoyee3QFhg5AyemTxgS/CPRZmJazjIz/DGFIGeoznOcjrlRnOQTz/Mxo//AAWx+OkRRL610x1xyzIrsU/i+4qnjsOM7uxOK9Y0f/gtt46jKLf6Np02cFmVTFgdW5cY4A7cnOceuD9pCXv4eurLsnF7fy21d9L7O+nQ0jh5fZ5LWSS5uuj/AKsk99e/9B8XwZ0BlA+zbCxzwuM+xGM8YORk4z24FSH4KaFt+WEAc/eQ9c59xgdRxznrX4caZ/wW9cIrX3hiCRgSpVJlA3A9TkHg4PcdjnB47Kw/4Le6BKpNx4POB0InjBJHXA6kDHQA5PoOKFVjF3dHEpX7NtfD2b2to79OlrleynbVQbVt5XTu7W+LttrpbfU/ZL/hRnh+QEG1UnoSY1OB6nPykcevfuemTffs9+FLhCJbOMlgVO6FCQCef4ckY+pPHXjP5b2H/BbH4fyqrXnha6jU43FXRhnHB+50OB39/r2lj/wWh+CNx8t7pOpQoApYLtOCQOgC4I7DOCOcngqLWKivh+sxen/Luas1bdq/5ebbsjJ0KrW1JJJ6KUdNt3fTrrdvfTY+xde/Zb8E3AfOlWkuQQRLbxAEnnOShyM9uR2JJBrw3xH+xP8AD+/WUv4as38wMd0aKpXOcH5AOBkHAU4yAOornLH/AIK//sw3uBfHUrVXxuLx7gvovBz972PILZNdZZf8FRP2RdRCs/ip7QvxtuImUgFiOhPHBPIPTue+1LMsXTcXSxWJppNWSVaNn7u606vRadWZPCRb9+nTkrX2g1ry3Vr3utFum03fRnzZ4s/YB8KPHLJplpLbP8wBhdl2nnBUcqAOCOoPTGTk/JXjX9irxJorTHS9QuRtDHy5EYlupX5tpB4PzHBJ6YGBX6vv/wAFEf2PbtXDePrCNiCQMLuJwDhjn5iQWGRz1GCARXnXi39vf9kee3k+yeJ7LUJgjBFWNQJMg4+bOASBjk/KzZxjBr38DxhxHgXH6vj8TWUWrQkp1E17ulmm3tqtN9HtbhqZfgKulTDUlp8Xuxetrap6eW3zR+Jfin4KfEfwzDPPPYyXMEedzwo27K5JPHTOOe/J6nk+F3d5d20whuYiksbGOUSDYwYHbgqecDvkc9ByK/Rn4w/tx/Cy+N1aeHbeGa3mEyKqiN25PHzBWHIIxkg4GDu5FfmL4g8dweJdavtQW3SBLq4ZolG0/u2JZdxX5QVAHbIOBnFfufCPEmbZxhXLM6DpOKThUadNyacb3hJJ6X1as9N97fMZhl+Gw9RfVpJttXXuu9rXs7a67dVvq7G0mpKWQMqqoLcMxYllzkqSSMDlgRwQNrdRjQiuVc4VwyEgl+p5GAADtI75IJB6L61xkV9bsqjOcghTtUn6KR1zzhTj5ecVoi8iGMKWO3GACGyePm7ZxxnICnBOMc/UVcQnZucVo9W99l2VrPd2v01ZlSpu6bb1Wz1W8LWSvbRWevbVHTvIu1ySoBztHCkjCj72eoILHsc+9VXYqckrlvmYljnKgghSDzjPHJJwCMEk1mC6DsqsCCflDZJ+UcMOhIIGSCMD9MqZEYAHdkEBAc5YHI5HY9OowMdDxXk4qpCSd5Lto/S2jVvLXV6Wvqj18LTk+W13qrXk02ly9NFrZ3bt08k1upJArfOUIUsgDgYz1yGyPccbgOmc1yl9eyRrln5KksWPAzgbRtOVJz16k9utbk5ZlIO87TwCM5IHzZJ4444B6g8ZOa565tTOHUDHyhTtI5J65PGR1xjGMAdTkfN4u7u9OW66qy+FWVnZJtrp20W59NhYSTScdG1y6abJp9rbPXrfQ4zUdTbEvzsu0EhVB+YFsAc/jjGcnpzyOD1DVTlsy4LKVZWYnDKuAVJIOTkcg447cEdzqejNLuaPfkZ8wA9NuTwOOpbAGBnoAcKK4HUtFlDAFhwcBWU8nk5BzwTkZ54wDn0+Ux0pSUk2/wDJade2vl9yZ72Hirpvo1ql2s0vJb/8FmHPqDMgG8ghMpk8Ebc5Y9ye/GOckjrWNPqEgwFk4C5YxkAgHoQQDkjGTgZGBnGBiW80e8UN5QBC9CjYO05GBuIGByQOvHArmLzTbyJTsikyU2soLAE87WHTk5HcY5BwBXwOZU5tyTTd3v1TXKvedtnpbzbWmx9Dg6rg46LvZPqnFu6vb/O22pdW9mMgUS/KxJVT3UZzwDwWA6cjrg9c6UN5c7gFchGIfkqADgDA9RwODnPIwOCfPJPtkPDGT5RghlJ5HpjGV44PQ56c5L7e/uUJ8xcBvl2lm42jGQexweh74APQH5SpGUG3aSV9lbV3WmvS++vlqmrfSKvFxSaaVktXfX3Xbm69bNvve1lf2qxv5VdSqqQmABtb5geeTknHPIz0BB9a7PTr5z8q7QyA5KtnqeD3zxk88YxnrivDtN1RyVJdvlYHAcqAF6kDqCeh/wBnGeDiu70/WQGTftBIO5ckM3UAAjHPbjue5Hy6UqktlK/m+m1r2tZeS77JIxcoTS5lHr2d7uPvPezS1d99drntNjf7SqgEEkFiTgMvoR0z0w38hkV19nexOTgHDYDA9Yzkc45zu6rk/NzjtXjun6xG21iy8jDAgngdMY5IAB5znJGO4rrtP1dM5yCjbVwQy/LgEnI7nHcn16jJ9OjPm5feV00u6esUrNPte3a1r225Zxs/stJ7rVO7SS31tt07HsdjcRkbA+eVI+YhtpG45w3JP8I4wAVINbiuZNxQgggkkEDZ93HcDnnnn0C45rzKzv45Cj/NgnBwcAHGM5OO4BOcZyAcnFdPa3hI3RyFtwxhwACE5IOeowB0GRnrnFdUpNRlZJuPLr0vpdb9N3orX+ZLutFpokm7vVuOrXSz3tJd9G7mvepwcAFWUjJUbzkcYPTIOe5z3468RqW8OQSc7drAlcAYxk/l2xyeARwOnnuXkCgMrj7wUEbsAYyAehzxznAx8uDzyepSswBZFKYZdwyW+6cDjORg98dOvFeDjopxbSs0rvz1Wqs2tn8vLQ7cJzKK5pNyTe3yurtu3rZ7JPfXz3V5XVSchQoYBe7Aj73GM8kgY65yO+fJ9au5YwwQ7AAFIJZmIJPII9sE+hz945Neo6sSVJA3KMkDkFQvfBycAD5Tj5sn0wPLdb+dWLMBgkqABnJHAJIzkcKQMdOv3TXxOYK7Xmkuu9r2s7O3Xve+qeq+mwUoqCtFLVWXeyV7taLa7213PJNbv3jkk+c7SAvOcY64wMAE9M89s84rza51tY5Tudl+YAgfw4Lex69M7Rnp1Jr0LW4AyOWIztbcHG4BWLBcDqdoA6gZGOu0GvHdZ01nkLLKyjtkZU468DtgscgEHnOK+HzCdSm5crtdvXfW6/De/nfS9z6nBqM0no9dWtWm0noney7WffZWtuDWLeYBS+WyWDA43EHjrnhf4u3PPOMOa4SRQ0bqzE5+U/n1OepyDg4U8Drjz9LW9DkRurIclQGA5B7DcCM7cAHI43HrmrCJqUbZaJ93AxyVIP0I9j2Poe58CeJq3fNK+q7q9nG2y62VkrPe9z2YYZu01F2slZ368ml0t3fTR3dm03fl6qdZUYuhyoZdpY/3ic5HJxjoegyeoFRiV9yh9xbPKLkA4IAwwxhs8FhjoOg6UIvtzbf3LucAKNhxjn3x65ycA4I463hDf7twicJgLgIxwe3QZK8HBJ/HtXHKrB7yV9NG+qs1+j6/M3jTqRtZO+jutd3BtJJKLvvffVO2pPHIxHP3gSSBkk+mTx7gnnJB5zyX+ZIpTJ+cpkDJBwMbSOdvyjjGBjk56VAYb1A5EHzFVO8AjgZyzDBOMdB7dB3i8ybjejk7eoHQ564x0z2yvfoRg5+1h7qv0327Lo3aLdnbtbbRl8lR200vq2pXbstdE1Z6W7vo1YtiY5+b5W4bJbk547bckDjgcZHOOk8UrH7xIYHKgZyQx9cjBxkcge4GOc0OocBkdSRy2MnPBBA7dh8oyAOowamWZCMKcN0OQy55zwCQB6ZPA68EZOcpRa92Suut1fpey1d+nS+mz3cYNNXWi8vR21bfr6WXnsQ3MiliChYM2F3cjIBKnJzyQSOuTnHBxWrBPJkM7HORgg5XBPcZwcfjjscmuZidWDkDcSQGAyTju3UEbRn6Ae2RoxSOSAJQuVBY4+ZVC+h+bcefcEjHJ555uN3fS/dt6u2vrv1vays9l1QtKKVrNq1tmtNu1/JXv5u508EkodSkuRllIGSTnOWxgYOcH5h2yc5527a5nQhZASuWYAk8DjDAdDwMlT8x98g1yUMjYT5mBIG4leDz7cZGcHrznvW7bXUgwjOjr3yBxkAAZxngdsAccDnjhrpWdved72t0011TT6aNJ7XuXGnJP4ktLbtS15Uuvu/PordkdVBqMigAH5QMkD7pz2BJByT24PU44AHTafrIzhskAg9GyG4JG0cc56fXjjnl7a+tzGElgVnK7vl4wQ3IAGOgGMZyRyec10Nhd6SpVDEw3FS4BVsP94k557HAz8uAM9BXjYmo47U5X292y3as1d31106a6JM7KVDmSbqabb37aX9dG09Hbvc7a01nAQ7l/vY+YZG4kAZJ6f3SdxGAc5wentNdUB2LAAMoXcrAoGGRkk5zzwCAR0x0A5Gyk0SUxhpgG+Y5k4K4+VsDAHIHBAPA9+NoaVp9wR5GoIARyAx4Ix03EbhjnJ75A9K8KriVe04ySb+0ndvTXvfVK/6XO+nh5NWi4tRSWr2ScdNNd0230++/Uw61bE7FcFvu5XKr65xyR0GTwCCSQa0odWhckZwVO0EYyRz78t2wO2AOK5EeG5FAMN7GxA6AqCTzxnPXGTngYPA61ct9BvwPknXLADPU5A29XJ9TjHGMZyDkcTqQbVmve0V76bWT17Pvp0XQ1VCrC7eystGmpbXe++trq7332PQrXU4iGBKLtBC5PLAYB+p6g9v9kZ47rR5DOwYtwACqsR8wOPbjpxkbs5xkjA8psPD2ph4gDleuDySW65PTt0HXGfevXPD+kXiCLzUIIIHX73Az0IUD9c57Cu/A4P6xUiuW8W1eytde7531/ruuTE1HShrK9lpq9Nu99Xo3q9Wk3vb1nQomGxsYXAAwOdvI+YjrgkknkDrz90+x6NGjCMlBlVVW+XAAAHcghjk8nAOOvVsea+H7CVRGuCvTGeRg4JODu44A9Mjrjke1aLasq9I+FGSRwSDxwehyMY45z3r9RyPI8M4xlOCVrbpOzfLbderv638/icwzCpG8U2o2tr3069LO7vZnbaPaWx2nykJTDbypxyQCehyc845ORtB5Jr0rTrKz2rmModuDhd2TzkZIzkDnnoDjBNcrotsxIdgoBCtgAEEDGeDknIB64zweQMD0Gyi3cfIM8kgf3gCRjttwwPHHGeMZ/TssyjDQStSpt2Td4p/y3T8uq21TTaW/x2MxtWTbc5pO/V9Guja2ey69dE09OztLHKqsaZAxlkGORjnPccA84OccZrchtLXClVC+m1cDrk574z0GMjJyCBxTt7fAwOgAIJxk8Dknvkcr0wfQVpRoVCgF8Dhj1zj6+n8J5YZzycY+hhgcJH/mHpdrckeyd381brffbV+NPFVbtc8n01vd25Xvr0v912tjSjs7farqME4LhlwOMDr1HuCeCTgitCKGMBSMrjJDAYHPbjoPQdRnH3aoIBlQzPsDDacAH06AHIDduucg4HW2hypKuQCM9cAZPoP4sA7jxj8c0So0INKnTpwvZNxSTSfeNk+mqe3WzeuXtKk03KTaWur1STj5Wb7bdX2Nm1kCNlGAxgAhgoCkfMPm5Jxgjo2QQcE8d1oeqCF0G7IzgZOMgYwW568kYx3AyeleaI7x9ACOrZYc98kk4Ocfh74Iq1b3rROjHGVdc4OcZJC4Hc5GM4I4wfSvLzDAU8XRqU3FS5ovRre/Kl3+7W679N8NXlTlGWq1VlaT5rNddrJ6NNt+e1/q3RdTV4425+ZcfeIABySAT1x15I64HHI9R0e8ZTGy8ZAKknpjHXkc9vbvjBNfLvhjWWIjBbG1gSpGcnO0nBycdOSB82c8jI9z0q/DIjKWPCnIY4AfGD1GAeTjtyQfT+cOK8l/s/EzqRi4x5tbLrdKyb/Xo2j6ZSWKorRN8tm212g9WrXstU2v1PorQdQZgmHwQ4yoOOud3HXHP4dvb2HSbwNGvI3YHAJI+YAE5O0FgDkjOfQcjPzHomprHsyc/MEJwMe4789OSBg88ZAr2bQtROxCJMDIJx2HAJxgkN3I45IXJwSdeD89qYHEQhOTSbScU9lFxS079emt2j834nymTTnGPW/NrrZx0dl3urrul6evxyhsHdg4wQVGSQCOeO3OQc85zg5qcHIU85xnJOfUAY/u8cA88daw7Scuq5YZYZGMEnpgnHzLkgEHjjsMnOibhlUnByPY88cjG0kg/Q4HYgGv6GwOe0K1KFSLesUlqnfa6st99r9PkfmNSjKEmrL/AC6bPbf5XsWmJzgccbunQZHQepHTr05yMVF0IHqSF7g8ttHcfie+B3yY/tG4cDkjP93G4Z9D14JwB0/JvmAgAkAYz0AwMEAZ646fTp6LXorH0pWs30fW2vLfyWmiat8O2gQT+G1lonrfmtZJbfde6Wt9XcsAHBLEMOD8vAB+Xgnr977pJwvQAcU/J5BPPBI9B27jOOmR07jg1XSQnG0gfj3Hp78cnvjjIPD2dwCuFOTw+ceoHXPQ+gPI70o4+F3HnsuZu7tqtNU0109dfTWXF6LrZPptZddFpZdnrrbrLkjr09e31Pp7cn37VGuAWH3SCWxycg8AjJJxgKDjpjnHGGluPvEE4PAGQScZ5xnPT+HqRwAMxkbtpLEYBAG7IIAHfIycZzwcHOMgitVio6NbNaaryaevp1W9trJCjq2la1tX1e10k1to3d7eWzsYAJIzlsDJzgcY9sYx0P8AEfc0AKT83JOeTgc4yQFxg8ENt6+vvCpk554w2Bycdc5OcEg9M89R1Aw7LHJwAeN2OoxgZJzjI4IGOSBkgdaWJSdmk21ula/w7Weitvra9lu9U1NJK0XzNJpt6Lt3a769L76OwSoUhSSSTuOADyMc846EHqQPbHA7ldpB45569COw4HGMDGOcnHIqqWbI/vDOMYwD05xg5xgZI79gaaxYHJBJOOjAD2bcBnk4xzwM5zwK2hiY2a5Wl11T1ute+22uyfRXG4tvbZ917z6dlaNmmrLZK1tXaJAOQeoOcnIzljjqPmP94jr3pM7m68c5AxgjnnpyPUcYPWqjSMcKxG3qcMoUgEHGTyPQA5zjg55p4l54GOADk8gHPpzj6YB9Kr63C1766N7Xbdul9d9F2S+WfLaSutnot1f3XbR37dr3e5ZywDDgAnJAOcnHRc5446ck44I603cVz8wyT/dX5iRySTjn278Z4xTC5K4/iznJBxk8HOMkngYIzj0HWjcOeSOpOeR93se3p7c8nmoeNS1beysrp2+FXfS9krp9Xvsy+XmSsknpdrRaW5V9rtr2Wl09RdxOf4iARtPB5yOSCOgJIx0PUAZJd5gAyDzjHRiM4HBP5E5OPwqLnPvjBwc8AdMg9APr6YHOA4I5Jx6nvjHPP/s3Ujkdaz+vRTb+LRat6uzjta99LNLzt0RfI7LRWfyV1o9FpZaNbMnMmRuywA/hI7Y+br0IxyD8xweDxlDISeeuGIYjBxzt98N6bvzIOItw5y2O65z2xlR0x+PcY9CGs3UFj6demeDjvz0JGcdTgVE8fFJWTTva9+ulunT4Xtqluhum3p8v/SX7tntZ73011eo8uykYPBHTCnGQQQOp98dRkYxgijex75UdQApwcdR7+oz07cYqsScnHTGDjJwPXGRu9B35HTPBuPBBPzckYwMkHrj+YIycZ9sXmCWt9muazTvrFLVX31bu7va+rQeylom9fdsrbWs9GlZ8r0fdO394m8xh1xgZzxycg9B1/iwR06cUwzY+UDGCuRjn5iWwCQc9eCMlcY4qIyMRjbkkEjtjB5yfp0B5Pr0qE5BIPHUkEkjv79fqeOvQYqYY96u7WmisrNXWrVl96tez62H7LTXbRt6NaNK6Xk3bq79bJ3t+bJj0GRwc5xycg55BHGR+PQCgFm3sDwcBQMDIZTjtlf72R157VXy34DnJOASB8vuR05wBnOAQeFRwcZJJPHpnGMkAsfl4yDzxjqeawqY1SildvrJ31d1Hbba1ldya173TVJxltZvTXvda6aJXtZ6K2vUCuFOQOvQ9iCcHPBPBxjOd3YD7sZLE/K2Ryc+nGcdvlx6YJJzjAAqQtnPy7hjqD6dR7dB35+lRYAHAABy2Ty2OD79cAke3zDrXJUxCkr3bttG6fbV/h62b81pGF1re2mraavaOj6q6fTrZK7EAbkklmDDqMgsTgdOm0kjgY65Ip+3JwxIOCcADpxgEjuB6YyenGCYQz/MQeCCeuCCCCo3H1P3hwCOvelGSpwScHrnBIwexJzyR6ED34riqYhJNp2bt1V7Xjpbpe+zfXorIu7smoy1aUU9k01eVrPV2s7ve732kYnCk7gcDIAOTg4HbOPmbOeevGM4jJ2424wuPvdW555yDx3HJGT3IoBIzliOO/sMEc5I5O3pz6ejGGSNx+UnP4AjIwepGCRwAATgVg8THTW+qstn01el0+yfm72205dlzW0ab2srR0Sbbu1q272d7q7VpN/QsMdM5JyT3zz7jGDyOmSeAMGwCMkBcHIGDzjODnJ5HGeM5zmq+3DZ6Andwd2M4JABzkn65UrjmpVGFOOfugj0IJAJ746ZwMevQYwliEtY9ndqytdL7rJvR/f1J9ml11TTSu1y7X96ya1u1ffTrqKy4JbAyATxyc8cDj8yDy2DyOni/xxYp4GmYjP8Ap9sDnsQxJAGOMDPvweeQT7U23K4PJJ6D15AxywJ3dD8vscc+K/HlgngK4fqBqFvyc9CGHQduRnB7j1r5PiyvKfD+cp3u8vrpN3VrxWqaS63V+trJ7Hq8PpxznLOa7TxdLpveUN900lHr662PlTSo5NUvgrvNApZWgjiLfvUZNrFicgIcDO3pntya9G8JaNBaa5HNG0sn7iYvG8mVEnIYk8gjGMAg5Hs3PPaBEj3ujFUGW0tpDkjGQrbWzxk5APoe+cEH1TRrWOG402RyAzR3G4ABQWO76FgRg8nucd6/AsroTi8On7yVWEpPme7UVa3Te+ll5u5+t5pjZWnCM3CLp2aWySdr6K+tm0trb67/AJ/a+qH4g+IlCtl9YuBjqvyMpAJAI6jaGwB344Avrpcj3KENxIS7/KdyoOhBJwSMHGeAMjk4qp4xlij+I+tIjMhOr3JYDg5bA6HuM44Jwc+1S201w+qqrySLExKZyMrGpy2McZxkDsT9BjLFuUU2mlzTkndOz1Vm27ab6Lf1cj7unOp9Uwck9HhKN2+r5Iare12l8vx0brTIoVkYSqWMchIdCCQBkE5GcE5AIwMHocA1hQ2VrJHkswYwkjCZX7x9uQeh+bp6cY2NcaM72ikd8pInJIwSnCk8gk5GeDnPpis7SrGae0SRWAIiYmMb2ON2MtjOcevbn0FVQrTlh3JtPlkly3u7KMbq91rs27PXWzGubk5pSVn7smtU3yx6X09Ona1incQRKt2MghLf5QUwD8uO3bhj8uc8ZHcedXlvFPHBIOcB1ZFAGe5ycE5ydxGeFGcGvR9Ws5LiULE7MVjdXVAQABFncw4z64PfB4xXAW9iqO8MpeUQtJ5gJKktjcOTnnGTkc5JJ3V3YTENpq7jZWW9m/c5W9Va6eqvtbdChH3altG9W0kt3F7210e2ummmpufGS3A8CfDsB2j4mZdvYgHA4xyTkZPIyMcnjzbwxYXEklvJ5sjv58BIbhQCyHk5Hue2BkDk8en/ABxATwP8N0XI3NKoXOSoww+bBOe2c5GFPtjkPClvMLQ3ioJLeOa3iaQcgOGQEAH0GMnpkHjNejPELD1qcnKN6kaa1aV3JKVlq330W+u3XTBc1TLJO1vfrp2b2U2vu0uvn2Mf462yRa3p7kDzXurVSxXcOLUcf7XzDOVP6kivlHxTNKuoTiJ2UKVZnAO0jDL97upwTxx05xmvrz9oSWM6loMijAkkgYcsQStooyD0PI5OeCDz2r4G+IOv3Vvq8kVsuImVUYBWPPpuGQQBwOnYEnmvLzlyqVp30TlG0el3GDvddLWTWuit2PeyGLqYbDqLs+R3bta0ZQTbfyjv37G34dtLrVdYWK3WS5lFtdt5UGSwVYWLNkZxtA4GM7uB6j9FNHjlsf2ZdScwuqv4fuEdJPvIVnT5j2wfbGB0Y55/K/wf4k1ez1uK4tJprWeOK5xIg2gqYyCCMcghiOdx/Pn9YdcuHtv2W7+WViZpvCtrNJJgAmS5kjZiR0yTz6dSRxXjU6NsVhk5K8qkGl2a5Lq9lvf539Qz9TU8LB2cXiKbbvq2mlLolytO1t29b30f5pXUUJjUfZ42XYpJONwOGOcYGV4yCeemctzVL4oxxjTPCESRpkaXcOAgwEDODjIBHbJB5IGec064mD28cYDPIY0+YEgkbWzjuev8R6/UipPihCEt/BaxBgTpEpfByMs6nHvxztAPTJGcA/oU2ofV42Wr10va0VbzV3rvdfcyoytVpuUnaMm+unuxts72S0a1V9VueXaK6RQtbu6A7WYMFLHHTBPHGD0GODySK9K+J0W/TfCvmsqodDVgV53fKNoHcHJHc8gNjgCvJdRjEABUsm5VByQpwwLFjjGB1XIxkFR0r0v4mBxovgUPMY1k0MHLMcsQFK8nb04xk45A6YpzbSglqk7KSetrwtdK2uyjZ9vVNrmr0mrpOTTXryu7dtlfR/ypaHj0fhe31mxdFjw5kOJmAMsZy3JXHKgDIA5wV7VmeLYG0HwX4as7icXFp/bt+QMc5BTlQv3TknC4Jzgg13PhqOZ3uQHXc7CLa3XYAQSQGyMbR948nnHBrP8AibpMEnhLwyu3c39qX8hZQAd/yEgLjgj04AGdoORXZhZtykpJpeyaXMrXs6e7u9Xta+nW25FV3nShduMaiat5J+XW7e19u+vj3jPTo7rw7orBTE5acRyuMh4+Tjd0BHyhR9dw5GeO8FMLa08Tx4SQJpw8yReGCKTkHA4BBJOcYGOeOfSNR0+51LwVJ5heNtInM4DIQRbyD52U5Pyp2yPbrkDmvBHh83GneMpd5dm8PTzIyHPmEDIxjJ9iVHOOT0Nd8qalVhUs2nC/m7RXd6y0tvb9JhUSpypS0SqqN9G2uaDV1pbpZ6Xto1d229A8b6/Paab4a8O38kdtdajBbzwWikSSNKVRI5NmTkNzuGAQoGeCK/TrwZ4Vfwt4Ttra+lkudTmt5Li/uJXLkyvaOwQM2WOwEYGc5Ddxlfzr/Zd8OWbeLNH1C8yzw34YwSjjzCR5UhXHzAHJBC4yOpDV+p2tsv8AZ91wTsW4II6/6mQA446YIyAOw54FfTZFSm6VStzTb5eSC1tFPleiafdc3ZJt3Z4Weyiq9KhGMYpyjVm1HWSsmru2qilfX7TvrufLH7NEkY8I+IuSwTxx4gXCnkEySckHOBgnOOg9BX0hZhGUtkEK64Zjk5WQZ4OBjBAGMcAgHnNfKH7M9/GvhXxRFgkL488QgkZ5xI3p16AjDZPOMda+nLG5BhJGSofknr14C5bCj0LDoQDivusDzxwuH3+GKSv5J9NOrfnt2Pjc1gnjcQ1ovaWaSad1yPSzd9GmtLat27fMfhXYv7SfxhjJBH9naSwA4+8U44HQ/Nn1yMg9B9NLavIsjFkRQVIAII24BJYdP4jz8o+m4V8k6FL/AMZJfFtlcqx0rRyASTk71AzgFfmPTI4A6jJr6WS4uZiIt6ZKfOVY+nCjBHXg5wMfLyB1rDSlGnNdfbT00Vm5a30snfR2Tvbd9Vjqadeikn/u+Huvh0dONktG9tHoklqlufGvxNjL/td/ClcqQvhm+YGM4BH7wc49cjqM5I56V9weDdOti9088O9lunK7sMPmPuCD3I64IwBXwd8QDu/bA+FSF9rJ4XvxgYwx/eYPbOW6g5IAznPX768LM8NrdOWztusEtxntkgduPoMZ6GtaLk1KV7++5XVt/h2vZqyvqkrdbF4pKNGjGyTjRhaWnVttK6063Vkrapaa/Gv7ckMFva/CRUhWIy/FLRVJCrkq00BB4Hcc+nfjrX1ze5itGCozERwgYVeFEar1AOAPU4OT0wTXxn+3ZdK8HwecucH4raGCCODtngOeegzjjGefUivsi+vNtsMLnKQsSTgY8tRnpn0B49AMcYVGco1qqurycNHqrWXz1e/poTiIr6pg3aNl7ROytdtr56t+qtq+3h/xg88/Cv4io6hAvhTV5FdwpYr9klI6c+nIyORtJNeLfBTU9fsvg78PRBpfm2Z8O2xF0GwzBlU7lwMlg20jtySBjOPa/jfd+b8K/iHho/l8H6uGyACSbSb5RgDtt5x7dsnl/gafK+Bfwzdog4XwxZkK3zIAERiNq5U5BBxk4IwCTnPJmEpqcZKVmoW5t9E4u7Tel+vK/PS51YCNN4WUXFS/fwlu7NqnrorO6acd7N626hrGv62fDXiGGS0O7/hHNalR0AHl7bCch5HAxwcZAweoz1r82v8Agn54f1TW/iDbeI1aV7DStS1w3l3s2o13PNL5cRk/iypbgkjtgDFfrVcQSazo+uWcEcVuJvDHiJjK8YCKBp1wSrAgnBzkdCoYHHAx83/8E/8Awta2Pwfs7iKGESS+MfEa3dwsaq0rR3sqxeYwwzALkL2A9M4r5zEVG6sOZyk0tG32cbq7b2bTfWyZ9BhasKWFxKpxUbqlGVrvR2d9trXve6v1etvsTXtMuNT05QCym3jugrB9pbdG4CsR2JJX0we/b8WPFPjHw/4em8V6LeXITUY/EGomazKOzwlJ2IJYfcBxkk44GcnkV++8NlGGSMxB45J13bRkACTkKCMAE4PGPQnrX84/7QmjxL8cPijFEQlvceJdRhHCKRmWQnaGHy54+7kMSMdedKWHpYnlhWlK8WpJQktfhV2mpaWdnbS+97HFRxMoOTpRSlK0G9GrqyTutHo1d/5u1mTxHZatpD3Fg7SFreZt4Qnah4IOevGQMEZH4Z534iahNNqHgD7O3zRaGPMyhzgL8xwME4w2PQ/jXeaX4etbPwTZrBERGmmv5jAKCxZhufOMtnJznk44xzW18cvhBq3hrw98L/iMt4J/D+raBb2pMEBAtbtoxsjdwFUs+DgZJ+UnoePbq1cPToU6Mvik1CF27vlUXo11dulk+2qOWlGrKv7RWkkuaok7tW5X022Wzs7K67eRWmsziBfIQObRpJZ3Zyg2o2QCM8AEjPOBwc9Qej8ceL2i+FPhPWzbJO03iPUbYQCUqqlWVRLjOAfu5HIyG7156wfT4Y2W4UrcmcT7wMNGQSdwOGB46c8KOFG4l3jHUTc/B7woHjj8uPxNqIQJwMbsBsYIyeMdMjkDn5tcMpNS91e6tbX2e21r6NXT3avo1daVZxjNN/FJpystItJJNLb4b623u09Th7D4jX9/dXkMOlxbo9xU/aQBGAAXL4P3TnHXrtBOa928B+IbjxB8MPjLJdWq2kunaPY4CMXWXezgAkcjI5x7d+TXzZ4E8MW2pXWvPK8glTTpbiNI2wGYnkErgEL2BPB6jGDXt/w0Nvb/AAz+OcY3xtaaRpInBY4dRJJgDjaenQnHPTPXebi4qKjZpwaS7XT3fazaSu3bXoZckr+01s01Z6rS1tdJK1r7a7PSyPNvC9jr2rW0T2MEUiwOguJNxAWMhSFPIAHXJOARjPJLV7B4J0/xFpfjPTp7+KKGzFjqJVmx1EDfMuRllbjILHn9X/A6bS7nwvqty8SbpJooxCFYOWZQBg9ABnPGAD7EGvZdF0y31jx5oXh7Trc3WpQ6NrFzLbpISY4Eh3l/mJ3CNTlhgnOcdc14+P4joYadfCVEksPTc5O6T5VFPmto7NX1s76J30ZpgcsqurRrqLl7WpTSlrbm54xXdJWT0fXpZHw9c6LqWt6zfyW+mPefaby5jhFujPktcy5JIVgO5Hbjk9ccT4h0i70DX9Psb6Ca2uIb60L2rEB1PmxncdowOD6csORuwa/Uyz0rRPDunaY1vZWscDzXEF5LLZ+TKs5mYyGORlBZgSQCMnuGPBH51/HfULS5+LV69nHILeG80+KNS2SyiaIEt0A5J6Y5O7IwK9XhzOaWcVnGhFOhGClGcWnzW5Va2ui8r2d+7tnnuBeBjz1FNVZVXHldno7SdrdG3da+VrOxq/tHidvixKUgaZf+Eb0FirNtA3WFtggdePX155rwDxnPf2trp6xRKsbbZZldt5DKqjLbsjOBwSR/CMEjJ+o/jhJDJ8VlBGZJvD3h1QCpZf8AkH25JIPGMdQO4BA648c8b2Sywi1KwmSRjtCrj5ig4OB0Bz+Gcclq9atJ06zitHorXXVRs7XW6stPubaOLDLmpRlJKzUWnp0SfK1vqtL3tqlZts6X4tTvB8J/gdfFAxn0i9ldEIA+W4cFRzj5lGMgYPQZINeUaH8ddD8OwHTbnQbuWaOJsJCAVYvld53Zx6joQR1B6+wfGayY/CH4LW7vtkt9JvwEXqMTyYyo687cAZI5OABivlHT/CcetXErZcfZIv3jZwWYgncDxkAHJ6jpxxmvZwF1C3b3t2vddpPSz2tZK6sr31R5eZQpuoqjS1aVnpa0VzXT0STWmrv717u7PqXSvjJ4e8XfDbxppFnZ3dktn9hudRnuYCQh+0IVZSF5OBtKnPTgkk15Bd6vpepLNAmpoV02H7eVEZWVrYxMRIQcgoCeRjOOM7jmu28GeE9O0r4c/ENJI5LkPZ6dcSkj5ixuQRH8u1sfXIxnk5BPIw6Np3n61MkPlvf6HBbOWCZih2oQu0AEHGN4znJweMY76SS59ZPXTVN3tDd22dk00931PNlTlKUYN6WV0uVpppK2q2vZdl30svUPgNq9jd614h+xyh4B4K1ORZNhUspjffkZznk4J5I5IOK8c8624ZhHIZHkTcYsbd7nAyewx7+uMdfX/gNaRWet+JIYNhii8F36BmQqSPKc5PAKkHqpGPlOCecebWbwZxJFD5YLshEZPLM2cH8e/Jx1B5O8ZLmatvypdnp1ta1m7PZXttqcNeMoKMVfpZ7WvyOzSV7aPrfrd620vDrW6+IdHgDxKF1KxYOEwd/noNoyeDgHgc9MnBrufiWYX8e+IEchnEkbBkQBwREBwcAjP4fXFc3oSW0+u6HdLDtCapp8XCDaSLmM5I56kAjGV5OBnJrT+LcRk+IHiF4mlV/tEIcLgAIIwMYHTgAnGOvAFTK3tYOX8rbvpdXi2+ln2u/vLw7lGjK+qUo2V2k01e+qV7XbSjfta7PIvFSpsgCOwYxuzAnaWARhweeecHIzkDg4IP0j42lkPhT4OpHNsL+FGLfNjhSpyx3EHPAbtgEetfLfimKNmhk86Qjy5kUEEgHB5I6AngHr9Rjj6O8eTRw+Fvg5J85VPCMuYwME4xwD+PHQH0xzXTGMX7P+a+rTtf3I9V53/XRmMnZz6JuOqd9eSDd31j1k9Obvdnl3i7xjqHh6+tLe1ZZDfWm4vglI9wI+VskBs5UYwTzgD5jXSfCfVrzU9M+KKXT/ADp4Cvpi2whvnmhIBbII6nGOQGPQnmKfwlputz6Mt3NM0lxYyXRRRkkxjManIOF45xtPXBzzXRfDy3t9Nsvira4kM3/CBahvOwLhVmj24wBwMKCe4O5SWxnlxMknNKOqlFeSvKmtJXd7WTtZJXfod9CDcU4p6w+K/wDNFN9tLW020slslxngi8kkubq2LAr/AGZ8rbSCVVOoOMAYOB2zxyMmuT0e3lh+L3gl42QN/biBegALRTHPbBYqeeOTyMEmt7wFMZNVuDhCP7NOMpgkbTjI7NnB2jGc9eTVDTmi/wCFueC26r/bluCUyoO6OXvzjg8g9BnissSuaKbTjBLpu0kr2t0dt/Lo7mmGbhK0fflz2Tkm2ruOr81bZdEZ+peLnsdd1fSFKow1y9SRyCyhvNY5OAeMMOG5xg/xAV/Rl+yGlzd/sH+MZIr2OO4k8N+KCxIGGjSFSAAcjJHIA5AB5AU4/n7PgzwLq3jLU49f1jUNNa68UXS3stumYYIPM3B2dgAjbRySCAPwr+hz9k+DQV/ZI8e6JoF419o2m6D4mtrO4DLJ5y/ZAPMZ14JOOnOAeMivzrxJxKxGAyuEYVounmeBXO4SUGueDvGo1aTutrtpa+a+24MwP1SrmNSTpzdfCVrRVnKN9772+L3tN9bs/Ly3ug/hrw5cXsyyRrqiIHIXeWjmYAbRn5QQcLwRyeM11Hifxhtt44bSNdqToJJVXD7TtCjPO4np0wCOM15Al4RoPh2LO1Y9WkUxk5HF1KA3bBYjJzwe2M8dPrC+Sk7MCd08bAFlO1S2Bjjrw2SMdh6mv6o4ci44HD6p3oUrtPW3JTaau1a70b6XezR/OmdUfaZhXT2der/5LLmvorb9V/nfF8O3n234j+If3biSbTbVwWIUnDZyR0J445wOeteray0500yKxjG+JQA6/MFZdxI4ycbsnABzwegbxjwreunxI1QIu4jR4mLEA/IWJPuOFbcPmBJyOQdvt2ryLLpwO35N8B+VdufnOeCcHqRuOOhHQV7OEn+7rK7a9rUtrdaNNN9ErLXR6Jd7nk4+HJiKau0nRg9E7pWSu2n0tr1d9FfVeaef/wAVLrr+YrKEtFbcwB5UYbOCAQeMnk5II6mvy0+NPjnxJZ/EvxdbWN1ZvbiZl2zW8ckjbY8rlyjMQDkdR8o6njH6kpAkniPXgEJV2tc44wCBgk/QjgYzjO08AflH8cLFI/ib4vG0cXcigcEH90RnqDhhkY47968PiaKeAw8HGEm60m9F0STTezWujejstD28jjONepUi3ZU4xVtXe8fR9G9d1p3vyf7OHiDX9f8AiWkd/JCVW01CYmOGKIxybZAGVkVX4AwM8jnHXj9VfAltcT+PvCyT3LbY49OCqRgczphSMA8EAnLdOcA4NfmL+yfYq/xOlYgM40u/OdvIBLknlug4J7gZ96/XfwXpEaeO/DsuOUTS2wgJwTcRjGRnvjnoOSSO3w01CNObikrU7NJOP8qW9t1oraO9+rPo6PM3SUm+Z1I+rV4ab9NFtZ6Pc9N/4KUyyHwT8HwwDKt9dhoxlTtjtCAxwccDIIJIPI+bmvit9Q0q807wbbJJLaTTaKsoaYEIqWcgdzuIwOVLdT2J9R9zf8FL7QjwX8JFAG57m9YjuA1s39Bk4A4PJxxXw7faQp0bwjlEIg8IBlyOS090EYg89VY4HXJOCBjPHgZP6nTu/tTbbXXmXV6q1tO/XU7sTBRxVRRV/dp8za95Jxj1u32026aGO1+7WPjaUBbiOW4sRFIjDDK6Aj5cfQ7hzjOeoNWZkRtc8IriRH/sxwykKp3eVzkjHDdxyGGOucmra6TFFD4ziCupjg08RBWOxWMYG8LkDeOox0IHAzWreWFzp+ueGj5kV2LXQYbkebw7CXEezPY7jgHjHUkjp1Oa635rLTdtpRtqmmlppda6PzG3dap2ejb1u7xsr2utn/Mrb+fLTWMf/CL+KnWNROmtRFLlCUmUGdRhWXGBz06Z56ZNX71r/TP+EijsJlvIm8N20t1HqCmQlkiG8xuCGBGCByV55BzgMBMmgeLdOkjltr06vbyOX2tDCjTBlDMMgAnscE5HXOK6u20ue6PiETpIA/h2CJJduEkdoN+Fz1AwwBXbkcHDUJx0d9W09bW+xo9HZa9demq0FazfJdJunbS6T0um7u6S1evRK2xyFpq1uZdDvbq3ksHn8Kz2sIwZYTiMDduUgKGB3bc/KTxxk1JdEfb/AATKhWVDp1x80WGUEI3HB6nGSo65ODgV0dnozmfw3bPAJAvhfUHKlQV/1Zwy7sg4AJHPUY74rmobK3L+D1tpJLe4jGpL5wJZdy7yFdD8u3OBjHBJz2FNPladr731urtdH3Tb/A3jJcsVrzcru+lkobaadU+1+8tNEKxsvBrg8v4ivwysDkBS4wOPzHoPoabo8sUdrfSTxMCvjNApAJ4DEcYOcHO3pwQeMYzQsNbSCPwbHrdm0lvLrupP9qssmUSRs4YGIckA4wB06Ac8WLGSCW2uTZzrMtx4v82OJiBcIgcgFkPK4JyQR1LNkDrpKeza6rVapuLs97q7SvbXV+g1CM4WTT2Ss72tp5tLReel79Sprj5v/GRy2J5rYAEDIZim0+3OOoI+hzXYzwiGGZW37m0OyQ4Oc5AGcc4PTJ49T0rjtSDNP4sZ85S4tEO5cDO5QNvHB/Ltyc5PdmLzotS3kExaTp/QHgFASBjoByR1xwTwAKmcoJRd5bpxStfanpdKy6tdOln1ceaMneN7yTWnlFtNfK/S6b30Q2bYsN0XJCx6V5TLnLMIxGUxtz3POODzj28f+Pd/4du/if4I0vWJp7XTo/h5osVzOgLTRoDI5aAEY69PQk/dAy3rV4rPBfyoVVf7IhUAE5+YpuJ6ZIODyDgDk5OR5x8efAieIfFFnrU+prYnTfhlo00AjQsXkIlwCMDKArztIAOVDHtw13D2tNOTUpRlZ7SV1BNrXfVXumls3ZWWknJUXypOSkpcrWjjFU3e702av3T06o+if2bdK+E1trGsah8Pdbl1DUZPBl1FquilRIbcqw33MowSJWwWY9FJO1R0rF/4KYi2msfgzLGZQX8OxbkbJZWWMBl75CjhBjI5HOK4P/gnbZs/iv4lytFbyyN4JvI/Ox+9ZgXKuxBB3ORyvHTB5JI73/gphBc2tp8H45WVRH4fiZQOG5UEjB5Y45XPJxxjnH5/Gk6HGFODnOouS95tN+9Su3daK3R27H2H1n6zwlVnKKhL3o2irJ8s0r2X2ra7brotvzy+DUWnr440aW6ad2jnnwFUjcBGcqQOV2ZGSc9ziuG1xLZtd1hnEm1tW1Qx46r/AKTLsXHykkccnOCSDtzx6N8HdPkk8UaPcxzgyy3U0arIARgpjdt7gjHPbr2OMfUfDkJ1a8ln1CzSW41fUgElYKy4uZR5h3HPBwAOgGelffurD61N2V1Sp3Vm3dT0s+q1emmiV0j4dU3PD000lepe7u7fClto99dVba2rRs3SRL8OfCkSs5U/byVYMTnL8oMA4BJyRkEgemK+xv8AgnUUHxJ1lAmRJ4L1bJYYz5aSt3OB8ykdsg4Hv8x63pBTwh4U05biEuIrx0clULg78EkHlGGM8DggZ4YV9lf8E7fDvl/EjWJBe2kpXwjf2lzboy74pLstDCWUnOXc4GODk98Y8POKnNlONcYpKcam713V38lFbPrr0Pay1RhjsJB20dOPN2v7Pom35933aKP/AAUD1H7D8Q/D6r9mlIt9NkKXC5GJNMhXIyep5XocDOQe3zVodxAfgzrbvDb2zXGr3wdo1ypY2zsp2DOfu4QjOM5HpXvH/BSOGU/FTRo7UndDaaZZSRAgMs8NtEjYPUvgYB5HTjtXzhFCbH4L61Z3CSQXI1xMBjux9ohK5HQAbWPRev5VeVQ5spy2LaXM6LXM9Lcyat53W7VrsxzOVs2zJ8sUoJ2m03duMdOsdbPr6N6I+ffDX217+MLOnksu0Z2gHCnCkHB46A5xxzXpPxJjuo9cspJSxdNFs2KoQAwEIC/KBnk4IA6nPOcivMfCdvHJqP2SMu8sbybiwIUCMkkE7gozgYO7qOM17l8S4IG1DT7gBXZPDlkQoBVXMaDJZsYHXPJDAkqMnr9HOpCnXpRV2lGa1b7Qfn+fbXRM+fpU/a0m9Y3mtG7pO6062em2u/TY+sP+Cat5O/xo18FVAf4f+I8j+8ws5xnnpg8ZGccHOemT+21q2p6L4j0GaxufIll0XSkSRcGRJUcTR7NwOGUoWBxj5QDnNfU3/BOnwV4Hie48W22pabqPii9+H3iaO50+0kMd3pCpBKoaeNvmlL8bmxj5jjcASPn/APactdD1H4q/Dy28QWRu9Jln0W11CEh3V7RwAYgEIZmYZRdoJyTx82B8gsww7zrG4udObp4ag1Ui46zUIpvljtZv3VdeV9j6jE4arT4fVBVYKpWlGcaibtHncNHa7TSe6tZrTe58rL8cfGcEQ1Gfxdrhmu4Bb3aqYMSLHEIgCVQMMr0I+bBOO1Hhv4s+IpvCeq6PofiK50iym1u0u5rVbdpxJeljKb1XlL7HDglsdCADhcZ/R3RfgH+zZdeItYsdd8G3um6UIlurFW0/UUiCvAZoUVy5DPIq4JAwMg9CBXk3iLwF+z/YeD9cuPB3hY29yfGGmadbzXFzMB9kklC3bqCcpGhODktIvbazZPy9Hj3hPE1ZUqORYhSdampTlhcOqfPKSXM5KWtnF33lZpo4MNkOcyV55nTlyx0SqTfRJqytZLd2T201Pjn4qfFr4keKotO8PeJfiNN4m07S0e5tre9gRRHI8ZUrHtXcAinaFyVOeuOR8qQi306WW5inSWSeGQ7HyCjEkt8oAOMk7cgZGMKvBr9vPiP+zx+y3pB8Ow6RJa3+r66NJhvDFdSwS6fLfwB7rBnba6h2xGcEAfNxivhvU/gB4Cupfirbhru1fwTFq9zocwuYpftiWk0ag3TKCHUBhjbjPXOa+w4Y444dxOEh9SwFfCYedSMYR+qwpQvOrGmpRjFtWdSSbdna93pZPys24czN13KpjKWIqRp88W6rlO0IqTV2t7bJtq6tdHw/ZXUZ23EmTKqshdUIPzZCDnjI/wBnapAGR1J+qPBGs2U2maDILlIPsCXFlLvRm3yzK2XYbm4Hrt+U4zjpXgGleF21nWtM0e23SyalcW1tD5ZVAXlnWFSc8KAZAcnrggE4JH6l/F79gXxj+zj8KPA/jXXvEWm3lr44uYJQqwMlxprToskcAdjtnWRTtLpwM9AOK+jzbiDh/LszyrL8fjqNDGZnUccvoVLqriakIx5+TR/Cmru9rOyvseTlmX5piKGKq0KLqUcOlGtNpOMY3TvJ9tNd20n01PmyDxTpY0YWUd8iXEEGpQ4dSI5XkdcBTjBAALAZ4+6M5yOe1bU9JfVdLu7G/tXK6MYrlicEXAQhlIPfkYOR8oIx0B9KuPBemHwNaa/Fs+1R6vd6afLRSjrlQHHHzF9x5zgDHfr454g8PJpOpiwVE8t7VXzKigsZMHGVUBeDkYBPzcdq+/wrptU5Rd01Hls9r2s1srv8rp6NHzWOp4mE6nNZJSva+6utb2Wraav02u0dn8NNWsdP8c+G9Ru7mFIII5jPMHG2E5zjGQSSrDA4JJwTnFfROo+LLCSTxLLp9zC6XVqnk75FBlYSs2QobaSQ3TaDgDr3+SbDwjBcXF9Zm2lBtLZLlpIXYMFKlmGc5Oe2ACOM984M9jbIY0SbUYozGfnFxIAQrYC4L5Cjv0x37VpiMDQr4hNzfM4qMrWt8Se6ata+tm9ex5Lpc9udWfMraapvRptSV7Xu3bW+yWi+tNW8SC41G1mEaSMmiRREoykb0UEgjOCzDBIOWGeeSa+a/wBpO/j1JfDM5R1AD7VY8J+7AKA9h3x+X3cDkpjd2VwXg1nVUUxDYzSNIo3YUAZ4ABwDhvqRXFePNS1W9exttQ1I3qRoJIEkTBj3ZBJOBkgY6A88jDYrysVhFTkpwacaaa5Wnzapa3V13bW7etkz0cHFU41Fq5S6tNRWq21d7tOy31P1v/ZPRF/Zr8NMys5/t68+TBAIORnPb0znrkd+e6liVH0MPGSGg1YYPbmQgdBgMDzyfXjANcF+ySfN/Zx0tUdzNa6lqRjBXMYYxnBYDlcYLAHjgDvx6HdhGGg7g6Sm11F8biBkxlSc47uM9VznPGAD8ZJWxeIsnZzna909lsuvV+afTVH3OHlfBYdOytFO7vbRR2XXa2rVtNnvrfBqxkk8W2y27jEgVipKgsRcOOnH3SfwPTOOfLPjxZrZfEy6vnkgjb+zbtnSaMMJZUd0+bIIBIAKn/x4V7B8D4Xj8UWTKVUm6uI88hlREMqgKcjG5twwMZJOK+n00r4Navb6na+P5/Dd5qupWmpQ2qah+7u7V2kkUOkpK7SpIbLEYbPB5I+ZzvO6eR4qliq2FrYqnKUacoUouU48zV5Wb2SWvRp73O2pl1TMMulRp4iGGkmppznaLta0ea+ju0mrddT+ffxbqDa94qg1JmhRUIgdY8DhWCBVwcnJyOAFGM8YCj6S074taboOiz6ZiECfS4NNuRPB50mSQzPEzAlT7jHAyc7cnofi5+zdoHh/4m+CvDPg3XbEWHja5kaTV7i8iurLR2M7MfNKMQI1UjHIb5cDnIPhPxX8O6R4O8VeKPCun6zB4gutFkigGsWY22t3NHHiR4M7gcOGPVh0H0/QctzHAZrhcJ9WhJe1oRxEYTpyg1G6upXSjfmumt3brZM/Dc5wVWGLqUsXaq6c5U5tST99KMk4z0unC0u1nbdWPO5tX/tfxDJHBPcTWz6gikSBnwgO3cMjAyM5GPp2z9W/DxH8Ta5onhHTL/TrTV7u/XT7P7Swto97JsjM8z4SNTwDIxADZ3EAnHY/8E8/2ONO/a28ceLtD1rxJe+GYvC+irrhNsm64v5jKVjt0OCIxyrlj1JwDyCfp39tT9irwv8Asq6d8NNY8OeKNQ1XUvF99cW1+12PJu7KWEERm3kTaQVxyVwcjIPQn5LN/ErhulxNDgSjjpU+Jq1Byw1F4erOjGUqXtIc9RLk0ST5XJN62Z9Nk/B+YLA08+WHjPK6aSn+8jGcoRnGMkl8XZXWnqmW3/Yb+NmnHWJdZv8Awd5VtZrqPHiTTnM1nKokieD96TvIbATJbqMfexxifsdfGrbpWoJa+H7231B5HtSmv2Dlo+W3OgbKNjjORnGcnrXy1feM/EU9rqcJ8Q+JJpbSGGxXfq15tdIl27GzL8y54UdMcEc8Tab478QQwWkTeI9fiKWzG2jOqXipFLHhSFxPwrDKkdcn1rmp5dx5CLlWzrK6rUm4/wDCdOFo+60m/rGrTTd0lZ3Vj33VyLmj7PB14JxjzXrrWXLG60ppb2SWt3prufaHhf8AYQ/aQ8bi7n8PeGrafT9NNwb29/tW2TT7d4I2lcNcbhGhMaMcMwyVAVecn5I8S+DvEGj63Pod+VF/p9zdQXKx3G+EPbuVkSJ1JDhSuARkMoHByK96+HH7Tfxa8KfDrxP8ONI8UapaaL4xb7TqJTULhruR12g+TcF2eMYJUhWyQSRkfe+edUuLye7a9a8nuJE+07jLMWml5ZX3OxYszscsSSc/nTyaXFbxOKWc1MFWoppYb6rRqQlZJNympzk2npazVkjoq08rjCm8LGtFSs580lLlinH+7Dbpbe97aK/p3h/9nr4p+IX8LS6f4du5IvFcywaHIGAivWWQQnawwVUSkD5+M559PSPiT+xl8ffhNoGveKPF3gy+03RdCmij1K+ZCYLOecboQ0gwrK6kZY4GemDwfJ9D/aQ+IXhOTw7FBrV1HH4KWCbQbfzz5dnK0qTAsN3zKGjXPG3k7gelesfFP9vn48fFzwzrnhTxx4jn1Hwv4nvILi/slAUM9pHsjA28/KM5zjABGMZA8zFVeP1m9BYaOVPK1Ui67lGt7d0XUu0nzW5vZO6aVuayemho4ZT7OHLObquMueE27XUUo2ai927NN22atex8UX9jqF1dwLEhed5mLQIwIZRgggkDCkDOMcgflxXiazltolka2e3LXDRPhRl3BCuqtjCjJIOcHI6CvTINWt7K5N/bWzEyRBoxITiMocbwzE7SVOSAMgg8DPHLeJtVh1SOaJrfb9mna6baxYM8mOwYbsn06jIOcc/odKpXUIqUVFOK5mnpze7oktlvdXV1Zbs8h0aV3aUuZS91X0V3Hdt3Ss27aeZ98f8ABGu1lk/bIWGSe9MVr4M1udLN7iVrKRiFIeS23eSWUcBgu4j+IYxX7X/8FQvh+viv4fWmpW9vawx6P4H8SXepXEC7bmVLeKNooZNmGKghgAxKnGSOgr8Zv+CPM7ad+2dp8RUyf2l4L1tQWXARGQfJ6kZXB9uvINf0V/tm6dbn4fePTqAzbT/CbxWiwlRICxtVbevXaRjklQcYwAea/nfjSNWnxxTxNJqmoxwPO7KLSdRc2zSbla217NPXVH7PwzONTI6dGsnUtTxfKpNtKShdNPWyXezTtddz+K/V9P8A7TgtZFtnRZIwrShQchMqvuBgc9O5ycEnkLjRjBJJFKgYlWCgRY6A8KccFgfQ8+uK+mPBXwt8eeO/Dra14Q0C61TRtMuZo7+6gODAzzSJHH85PzHbtA4UDAA5zW74L/Zu+KHjzxTfeGIvDsumammm3GpRtrrpZqIYQSUjEgUs7LgqOSRg8Z5/oqjnuS0aKVbH4SEqEIqtGpVhFwbUbc0eZS7dtWmr2PwvGYXHSxE3Tw9WXPUm48sZNO70aWqemm71b9T5c8KWBtbq+W4hdVe0YRKVBCqckkDhVzk44JPQYFdXJZSCG3+zxyBdm7ccA4VsjLY4A9VwMc9c17T8VPgB4y+DA0OTxjeWhm1xBELW1XLWjISxhkOfn3RkOGXIx154rzCW5WFGt1iL/ZopATtPTIyG7+pDDv8AxAcV6uGxuEzChTxGErU6+Hk7QqQekmpLmV1s42d03pbZHBKFWhP2eIhKE+X7SaknLbTe9rvVJprsrEVul667EjQ4BG4gMcCPkZPBbPTkE5XODhq/T/8A4JQ6nBoP7U0NxdxNGZ/BmrxmSLBkyYHyHIzwMZwehOT6H8xob4JaREGJWFwu5TksdwBwRjJJyVHOcgdM5r9Fv+CYLRn9rW0inaOSG58Ha0oiIZljY2rEEjoHHB754xngnz87lB5XjVFJP6vNO+6ul0tdaJebSvba3bkic81waV1arC6btdLvfVX66rp0en7t/HT4T6f4/Fr4+8E6g/hb4raEhu9A160dYF1kxjB0vXo0Ki8tJgPLPnbmQMQCMDPkH7Vup65rf7I/xBTxJbwWPiOHwzpg1yzhT9zHfQTRiV4GycRSuPNj5zhgpJb5j9JPdXWmXFxBcK02mzRn7JPnesJj2ltoGWTONuCS3fPNeH/tTQwar+zb8X7opgy+G4mimDEl/KkJJIJ6jHUkngEnJr8nwsmp0Yt6RcXTbV0rtcyvuk+l9E7NaNH6tWpx9pCai03KCklJJWUovbq2vtK+m972X4G6M5PhG/AHzW2gQJuPbOx++fl9D6jp1Nf2x/szzF/2d/gm5xk/Drw4BwSc/wBn244GcgdAT2J9Biv4nNAjKeC9cYkgnQ4AeRzhFPHQ4HAPbc2M44X+179mLP8Awzn8FCTyPhx4bY8cMDp9ucY6jOBz169TnHzfG1vq+G0u3Vld9NIw+/Xrr0tbU9HM53+pxUdoXV+vux3S3tZdXe1t3Y9yfBycgEkg9x2P0zx94HnkfWuxPfGc9ezHjp83qcgcEkf3eC+TDZOMAkADpgDg447H144AXjiojuydpJGcZ5HfrjtxwcZHX3A/Mako2ttZK68242va+r637OyOGOlm/TW1+mt3v63emivcTJAOccndznnAOBjuOR15HOADzTlcPkfdyc9yMjIIOeSCcnPB9PUs5xyAAMnB4J6c8/eOD7ewxkBCHAznaQcZwN2TgH0zwOQfU+9ckpSsmmrJbf3bJK6SWm3RJt7XV3pzX02fVdNl0tbtfdN7CspBBOSNuB6cHnse4OcdhjIAxTWI3YJYAEsGwB0B55HB4yMn5Vx34prlslfm4G5hnv3GM/L35HXBI9KgZ3Hy4z68qcZ6E56nvj298nPmUZSu3q2tLX+y0rb9NO606DSk0mknZctvWzvfdJb3e5KfnwFOcgjnII5IPU9CMYxyD04xlpjJOQG6Lg9MbsEgqcDPpgHocZxTB8uDnJ3DjacYI5I649ieoI7Dh8cjArnAClshTuHOCOM8hgAe3TnAxVxqpJWa6NRaVlrC2ujjdWTberuRZq7elkrtX/G+91e27td9EIw2nAyTyDxwrDHGfX2689DjIj5BBBO4DjgYBypbnqMfd29xnsMFxkJOQuAflOeFZQc5AVgMYwemRgc56sZs5zyTjGcY98/MTjIB5P17Vqqqb12ffqrJXT0XbTTbfWyakr6p3Xe2jura9Vez0tpZ3uCtyMnGAcHkE89QfrxtCkgY4IyCuMFtw5JyNxznqMYHXvjr7k/dEIc4OQGwRnA9M4BIwCe+3aNuMnPy0oJB56rnACk8H0Hr7+mecHk9rHduzbT0srL3bNeemui0v0bGrdtHq3prottX8tr633HHOGAYZYFT1x7gkEcj0JHBx0Bpj7+Ac4AA45A9SBjJGfYYHOSOaUgkHAzuGGJPTLdc45BI5I9ceppGU8nOSSQACcADvn0HAXgZJ6cgCHNNytJ9W3dPe3T09V8Ksx6WVlftpfe3po9Lp6Ky11uoQc4525OWxzuUH1x1xk8jkjHAxhxyMqCwJU4AAYcZ69+/B7HHIJxSYOWG4FiR1AyQNpwOeDjuxG7oeekeQSM7gRkZz8q4OQ3Q7sjpnAU9+CBDnFJNPztprqtNNevTe/3pXaaasr6+e1rppd9tNV5Oz8ktz1BAyfQD3447Yz379DKlSCPc4PHIxtAGTuHHqByMDgmFnBC/NwBg5GMjPOcgckZOevvg4qM8llG5VK/exn1wMggjPPTGME5PaJVIppuSVl1a020S3ur6/O+mjqNOTitOqS/DS+qa6eae76zsw+QYBbk7lAUgDOCQDjAHJPPXvio8jII5UnJJHGTnv6DscYyetRAEYKE4I6kFScHnJOT0LcYIJ596XqDubkHIXP3gR7noD1XI7nnoOdyurrurRVn/AC3v+D7afM29lZaWstW93Zu7s9Nd3p96buSMd2Dk/eIAXJBDYJJAPXkHBZSeoHU0m4nee2doznnqSeee2CTnGQB1GGF2wMkAA/Lleeox6HBx3xjsCeqFjwNvUYGOCScknAGF69zkdwDQ53S117W8knqm/Tto76JII07uzta2j9HbZX1bWr2sk3oyRWAzxgcZ5yQBzwT3GR37ZyOcKSeRnPAIxgdRzkdSOvsMD0zUSknIIxnocgj8T0HI7cY/Ipl+pIUA7gAc+mMjqT2xkDgjANNybs01fyjfX3Xde89/z07oUY8ukW1qk+z0Wu/Vaa7fMkHuCuCB6kEjqOx6DByFwASSeKCrcc4PQdCR6kYwOp6e3TrUYdgFPQg4xx827IBPrnAAJAwRwOKVpAcbvphSRyDnBI6f7xzk59cHN73cm1ZLVaXSirO6aSdrX2XS+qKUHJJXe7S82+SNne/dv1d+moQvcck4H94AA+nOM+2Dk44zlhCjkEBiuRnJyPQ4I4PcbgckY4pryHGDgdvfIwB1PtxkgHnFMY5xk4yWyOh44Jww9fvLg8j3AGcp7N2vp0V9GldvV6d30snubKDSsnrfVWd1dLp0b0erer2s7JSUwCDgD5mIAIJO7gnnIJJIGeMZOeajYrkABgVDAlc4y/bAHUe3XnOTxQw5BJypJIHXHOQRn14J49Oh4MZBUHGCQOBn7xPOD+HUjJ645IzKqxW7enLtburLo9t1rvfdDir6O7elnvva70S10u9Era9Eko5JUDGFIJOOB8wA9BnOeT368AU70LZ5Bxgg8dByM8MOe3XJPUVCpLAgqM456DJwc9RzgnaT0JzkAVJuwAcDAPrgnaTnjB/D2HtUc91ondapapvZu1ldO2tn5LW4NcultLfNbWW1o7XsunXezg3ORnoOcEk565OeF6DoDnHPOKAw+bAB2kgnIyN3bdxz64HoBmlBUNjksT94HgEZzlRzyeOozzjihtvLAAnBztJAOTkH5cHnPY7fXJPNxruMeV+V3ovd0107bWfV9NgikuVPW+q7WuvN7PTdbq2zHq67dpxkDGBw2TyCPc9Rwf1Jo3YGCG+Yg4HONp7cZweDnnv2NNXaBk4JJ64xyenTkY/vY7dhjCkYPQgkn5t3zA56nGMHke/OOtXTrXaTa8t2m1ZLoldvmXS1klqU9le6u9bb/ZdtX976+d7uVWyCp4UZYqAT1wORz6EZA545yBTlKlvcEAHGOD1J4xg5wCB14xnpAGK4wMEdSeN2SckDBzweSpPOSQBUisORkHkk85BBA4IzzjODnJ79+einOm5JXSa5pNxf3LS7Sv6fMie2kb2te91s+qXbzdnp1OV+KYJ+GHj8FgAnhrUXBO3jZbswzyuBnBPqec4OT+Af7Avwi0/4i/HD4sah4qlaXw74N8RWPifS7OzBXz/EIwkDzTLh2VAm7ywOT064r9+fiS6n4deN0cArJ4c1BORuBLQOqrjJ5565x046V+SP/BPXQp/D/jT9oPy3SW8uvEGl7lB2x29uyI6EDIBcBiR15OD0zXFm2NeHop05O86FGEoq7bj9Yjz9rXTeqs2nps7fUZDF/wBk5g4+7L28FGd7ODnCMW72etm0vy0uv5W/26tPWH9vr9ogTOllbxeKY7nZjdCS8QZhITkjd1OTnIwe4r5x1KG1ka4SNY3a4QvFMkTGOMFAN5bgbRyfl3DgBiOlfWf7dNnpEn7ev7QFtrN6LaO48RxJNdTOArM0Y+QOcIC3zAk4C+pPX5/s7jRfB/iGDXbOfS9dsdMvLdJ9O1G4iZLm1LBXiC7trLJ0LYxjPUZNf13kWOnR4ZymrTpupUWVYWrCCdue2HpuMeZqybVlzfCm7dD8tr5dGvmmLp1K0acZYyopTupNJyT5rN/Zu5K3W9k2tPPPClnFp+orI93YXAYD5p0CxqAwzguMliMjg/Lkt/u/vT8Nhbz+C/CUixiWGXS7bypIyCqgW6gqgAJCcg9uhPQCvkDxD4W+GvxB8Gafql18MW0mX7BNqUt34bRZvIUp5kDyTQgR/ZRhQ4OWGCCMgk/dHwi0uzi+HfgxrcN5Z09be3XBAESgKoGdxViuNzHOCD6EV+W8YcVxz3C4emsJWwdXDYmpCrGq4TT5oRacJxldqyaaspX05dkfqXDHDL4eqYibxdPFU8XQhOnOmmmlGUU1KLutFJNWb1Sd7be3T6BD4V+GOtePnkntdQjsjY+F9yhWudTuX8lpdrDcRbsxZGH3SoOQxNfip+3V/aFh8GNLttR1CXUdTi8QyXF9dTrve5uL5XmfkjcdoYqMEbeNtfub4mlfWPCFro+pTRtBpMUdrptjHgxRyO4dpyGPzy8MoYjcP4SNrZ/Dz/goKI/+FdTTNJmOHxTHbqqAEjyYymF4xkAZBOSG6H0rw7SqZzSm480o1aUuezcrKKUY3fZ82i6+mnkcbylDJ8Qm780Zx5U3yxj7vK3bRtWVujb7s/EW4trIqrtFIX8zbICT0JycE5xjLdh6d8V6X4EtbB7G9kFukshuhDH5kYdQjKQfmBPJIyQ2BhVODzXJvc6IhZTp93cqQrO8j4LNnJBHHJPHIwR0APNdL4b125t2NjpGjvJAbiO52RxvNNzgBTGmZDjOeMYwevWv6qVSkoRnL3OWKV9EruMbPdRavd6tq6e6P5vtzO0VJyvayV9Ut1bdW1s/yaP3D/4IzeDNFg/ak1ya90yzv44fhxqLhdRsobm3hklniPmLHMjojr0DbQQCOSK/p8uLDS7SKSK207SoleVpP9FtLO3VB1JZhGgBGePqenb+N/8AYfh/aU8V/F640L4IeM7X4b+Jr/Q7gat4gurM3Bt9FQpvhaB48rJuCgAqpB2kkc5/XN/2Lf2qfFYgl+JH7a3iyQTysJbTw5F/Z25D94Iw2gdwMDAGCfmr4rPHCpiZOU4Qjyw5dG5NJRTstUk3Z3bu+h9RktCrGhGym7SkmnK1vhbV76JXVkk1vofpP+0DqkFl4J1xm1ext1Xwrq8brLf26bYzE37oDzSCzkbQqEbudoJwB598E/jd8IvD3wx+Hja78QfB+kTW3gm2hnhvtato5rZo2myjo0pZHH3gp55Hc5r8/viT/wAE7/AOj6BJeeKPjn8VPFGowaBqd7Cdb8XyRWk17DbySxCW2W4XzYy4H7tgeTgY7ZPwA/ZS/Zuk8J+DtR1m1h1zU7vwx9s1Yanq13cqb9pplaMwtPsj2qqbUCgAHgcYPjUqcYUZSjUveV7NWTdotJL3dVpfW23o/U9lH2klVdkknaN21pFcrtv8vU+yfiH+3d+zFpmrW0C/EXStYk0+QLIuiK2olHB+cqsAZnyTwFBbPBBPT8Cv+CvH7SXgP43/ABK+GMngyLXbnSvDvhmSO4udT0q409rqW6xtezS4Cs8YCj51yv0AzX7caB8HvgXomt2t14a+HOjW8NrdW6FodDiuVuPmwSZpYiCueWcjnAyWyDX4hf8ABYTWNHj/AGkdA03TtIhsYNI8D6bGltBawWkMaymQHMMMaLu54YqTgjnrX1HDNOrDFwqe0UrK795vVqO6srpeu587xJHDSwMoKLdmk90mrrfq9Uuvey6n5XxeKY7TTlZNJvJB5nXJVcn7u4jHHI/iO49D0zFD4q1D94n/AAjzgCPzw7vg/ISVLD+IY25BG3PTOTmY67aoJ4hpZlEsaBC7BcMcYJH3Ru5/hDHpnJBF7QLxNQ11LSSwGz7DOdpkJTiPJJJ4IHcDI45xjDfpM8wrKEoyqTSSSVk7N6LR2bV/dbS/FpN/m9HD0ZYiCp0opNxS5m/7q0Vm7XSaV999bo7HQdX8Va14f1HXI9OsUsrqBraM5A8yeD/lngkf6wfKR24XI6Vzdn461/T/ADI7vw9oNska74ztfcS2FJOxgCSwy24DHfIJx7bqFwvgz4VaVG2k2lyl+7TwOHCNG8kkgZiOwCgZ/iIA+7wK+aD4ruvs10I7SwlDOwUNAzsN2TtDMCcjGe46cYFePSpYnF1Z6y9m5yvJ81/d5dGtNG7tNX32tqe9UxlDAqF5U1O2kZRTelldrR2etnG6u9Ve6O/u7/xte6fJqf8AZGlQ6biOdvJ6bd3EgBYlQRwRngA4os7/AMYXMYg024tJRIoZtqNlBsBwST6525OBjI/hA8o/4TvX41h0yA2y286bJYMvhl3D5AAcKDjaQVxjP3eh9X8Ka9NablvLeCSSZhjykI2IUBVTtzkqeBwBxnGenoU8A4Rs6k2tneze0dnbRXWvVarVNX8+pnsY8spxp3fZRdl7mqbS76pJvbzGqnjlpDDPfwxZz8oVcrgdDwe4yCo6duOOQ1q08bw4WDWyJZ5iFjQKCpBJIGRkDnPQkkngdT7ZD4j0l51zpQZlO1mZioJxyxGMDII+nQHj5eQ8ZeIbBY0ddJVF+0blkR1BcLljkrn5doyBx1GeQM3UwUoU1JVWnFaNN31tonpbVfPzvczpZ7TnLlhGPvyaukrrma10i29dNnZ31R5bE/jm4nNq+u3BkCgYSIN8wByMqvBGCOvQEgn5cTxWPj+aN0t9VmEqMAS0AXOf9o9OD7HA+tMsPHNkt+00ekSMJJGVsSMWBACcAnJB6LyDnn2HYJ4vsbkSmLSrpZgqnb5m0E85IJbrk5wSc+hzWNKjBtP20038SjLo7X6vWyu7731OjFZpOChy04y2bdls+VWWnxLXTrtbocTNb+OoI3Da1iYI3mJ5UeSo3eikMSOONvO7qDtM0Fj48lgiuU1OVYjGp2mSJSCMAHlSQCDwDyvHrkaeqeNdNjVwdGm83y2jJLjcHJwWLAgkA87TgehPzE4dp8SI7drWJtEMggXYSZeHBAJYg9WySMcr1wKvkoxnG9as+mkrtWUL6272vay1tfa9RxkqmHlL2cY30furbR6q1tF+K6j4D47ExDa4iFGwNxVvlz0OB8xx1G3GQehyKL5fHBWI3uqtJC9wPL+RdrFcHPYbQBwQASScLnr2dj4408uLg+Gox5qLsG5SAW5Jx1689OmSTjrz3iHxhZ393bQx6a1qkdwZCu/CybVO44GeBjgjjqMZBxnXoUYR56dWq5NX95qzaslstbqzWrbunZ2M8Ni3KUKbpwXM5NySSulyq9kt7L0tb5t0i18dXV1m01Y/ZTPtZioDArwSFPzEBhkHqcYOOK3fEWleOYbBhDrlzdSyOCLdbcoUAxzvxxkdOfl4AOCK4rSviTp1jKqiF08u5ffGk+GZ1YgEsSARxhhgHJwMck+o237RnhiKKW2v9Fdm8loQyqrqxOSWDbSQeCcBvy4rowyozjD2tdxaSS1ejtHRJXW+19Lt20ucuKr1411Gjh4zjor8qcWrq+23d9Lt6XdjgV8O+O4rnTLi/wBYvbSKYAEmTfxgFAoXgsMcjBbtwd1a+peDfF9zDb3Ca7eHMzBIWn2M4cnawXcNuQfwJGeAMXtW+LWka5p1tc6RZtbm1mSJTIVwZXZQPlcE8DjkcdAq9t8+PdRXTrp10i3doYYtsjuCrOF5Kg54AGSRjoTuySBtOhGs17OpKVrpvmabjo1dpbq19VbTdm+HxtCk4+3gqTny2jZJpvlej0ej3T7pps4KT4YeI0t5by51/ULaeaNwYVlkOWjwowQ+NpPQsfQ81jD4YeJpYIrW/wBRvDaTsrq/nk5Azk7AeCRjv3IIxkixc/GvxNcu2mQ6dYjdIIsncQxzyeQAFIwQDznOOmTt6j8S9YtYNPhu7KwjfytzzGTfHsC5JOWPOM9GIGfunABXso8nMpXUEo6TaUvhc01dJuVnJ2tffU2qYzDRndXSly2cUmnzON7rVNu3vbffZmHbfC82zvayX9+Ipmx8pk+UIcZJBwOoxjjGQMnmpbv4Z6ZpcRlkv76QTYQKSwIPH3vm5yADjtjk5rY8Ratr1hoWg+JtRu9OstJ8QI66U+l3sVxdv5LETNcWiHzLcLncrMBuzgA1wV5qQ1AxP/wkl/MsR3bM4BYg7QFHI44I+bI44xkzhZ0m62jbtaDbVoaRvrfZa2Vmmt+5OJqwoKE+WVnbV2VuZx0s+msre609bM6fQvh3ourXtxHBd3zPbmIsmSzMC2098EYJyB1Kng87dfXvhW63i2tlclGQNNuZGDMuMgNz99Qe+eCAeSCPff2V/gF8Qvjprdxpnwx0HUfEuuREz3lrGxG2yTarSsAG7kYUDHPfIA+wfiV/wTr/AGnfAlyJ/EPgy6stWezW8XQTcefqRsJQzC4SzjBkeEKNzEDC8EnJNeHieMOHstxby3GY/DUMZFKTozrRjPkdnGbTaauvTVfeSwuYY2MK2Fw06tKT1kk7OzSb5t9L66vW+ml3+cXhn4SQJoU2q3mqSw3K/aI0Ux4yqD5NpYFck7R68Ed+eG1TwixNoyXkiRmXZukJAJ3EYUJgbcAnnnnjJxX0j4j8B/E3QLSXS9QsobNBcy23kSiYTLLghlMf31KhTnK4yCOgyPG9St9bgjS1aG2kexZZ5GzlWKOQY2zyGBGSASOMnBxXsUMzwmLpL6vVVROPNCUZXUm3GzTTlvZu6Ub/ADPNjRr4eu3iU4ctlyOLjaScW9WvJq6s35LfqvA3we1/UDEdN1wWkl8AY4IzIGIZyN2B06hm3BsdR0zXsMPwU8WW4mjv9bvFaJiPMF3lSUAIG0tlQT2JIycY4JPn3hvxt4r09dP1Oxt7G2kt4zGY3DEOiLgnaMEFxkDPPcHrnX0r4x+ILrUZ7DV5IJm1S4dbcKJQYiM7+cn5cHgt3wMEZz62GpqcYqpOXMpP7TUXG0Wmr7OU7xSWz1el7dtXH4VJRTjJvzi7xtFqXm3PRqL7eV5dP8F3beKpdCvtSvSsCR3JlE29ySecHn5eoAzkc9TgD02P4KXc0Tz2V7qXlTCWWIrc7M9QDtBGCevr15UE49P+F1hYa14q1yW60e3v7ix0mwBctywnfadoySSccdwD0AG6vrBvAvhu203TftGn6jbtOGysFxvRA38OAcrw2TnHHGOOTGVcHhYe9Gc5aOSTd1ezs27XTu/mr2aKwnta3M4pKKS5bXT1UW9tHuvddrO2h8FWXwdulika71jWImjDErHcllzj7xwxLcnBZmA+U9AK5bXPCCRX3hexfXNYliuLi4DSSXbp9l2oxzES3y7sMvQY7nk1+ix8C+EQzolrqjvIuzLSnaSc4LHAwD0Bx7EkkV8SfEfSY9M8aWViqXDRw62LaCHcWSGGZCxG5Rgk7iTk4GRgDBzGDxWExK5adOUW/jcm+V6xfxa3un63Jr0cVSjGT5bRu/dbtfSzbTtqm3paxj2/w60mJxLJ4h14ROCqumoyNuYnBJIclQDz+Qzxir8Xw50WKcSDxL4gfdyA2pShAeeNxkwMkjI64HU459o8J/D/AEbXdSGl3UVysEULTs0MpaViR91Fyc/dzk/N97OBgn1VvgBpRurVrfSdceKUApIWYKVxk8dxjowPG7hhy1KvLA4WrGM7u/K3GTd7twbsktV5trbV2OjCxzavS5qULpJa7NP3bq6T8nfa3Vnw/rvgewj1jQrca3qssd004mmfUXMkSoS2EcPlCQBkKq8ZGOeOntvh1p02nl4Nf15BBIREDqsqbucg8N79CeQOp5Fe8zfDfQbfxb4Ss/7DvJT/AMJJLZPBPIVeZGjfKkEnCqwyd2QexHFfV2m/Cfwth7BvhzPKykucTOFyHzjJzwR1xgbsdskudTAtwbheMtYpaXvy26d0tdd9zjo/2gqs4VLJp8t+b7ScbWu++6volZ3PyV+IXhXSrPR7VovEGrvcT3EsMwuNSkkjVNuWBRnw3QL1zjvgivDpvAmg6zatNcW4ufJiKxSm4DFmiPQlSuPlzjI56dcmvoL9sWO20fxnJpeiaPcaHYWzGBrDdlWuGQlpC5/hKjB6E9uma+UvD/ih7BZLE2ssyJbyyHe4IWRgctxjHUgZ5A4HevKxlSLcvZ09LNR5rq6VknZJtpvVuy1tom1frpwUqq9q1fRNN7ybgtkndNpvm0106DrfwF4Z1APHDpbtPG7I2C4CxxnBPLEHnAyc4Occ1sXfw18KRWCynSZCUaNSCJAFZv7rHBJLDg5PA78Cqvgfxdcyas5OnxzIgkV4i5Tcm5fvEHqMHJBz1PQV6z4t8UxXmlXAstMgtvLMauwkUqzRrnPyntg8Z3HJH1+PrZrXoYpQdNTjJxTd3s3Hyb07PS/a+n0NLL8NWoupze9FXtyW1tF6Xe6t+tlc8ytPh54YOn36yaSiK7YicjcVARgSclcfqAOvFebr8OtBMTulm+IpHXILKCVPHUDG3PHHIyeByO2u/GeqRaIshSOCK4neJ3HBDBSueTgHGRx97Gc46+BXnxB1i3uJLa2umMaluG2kNvY9Txkde7YyO53H6DA4mnVXPKCd5W78r09E0+62X4eFiuWjU5Uou+1t76NLpfrZ6XX3Hqo+HOhuEkubcRYZMgSEjb6nON3GSc+mCME1u6R8PtDEs6QCVQH3K2f4VXquTjOfQAZIz2NeJf8ACwdXmj2NdHcxUFgM4xhgB64weMk88nit3wt4v1c6tcma7eW3+xykLuOC20rnAIww/unOD03Cuubp2aez1S3tZJe8ldLTT0ulokYQklU0TT0d+XyTV+i77XVt9TtJfh9oAvmjKXB81ZGdySQWZ26469CPc4J3YNRR+AfDr3iqkU7LgoVyx3dyWI5HIyBkk/IfvcV57d+Idej1LMOpMRLG3louWwXYkKQASQMfMMEnjnHNX7XU/F32qFWvMkFZBgAHGclTjnJ5GCevp3irXpRox0tJNW0V7LlstLbu7TWu2uo4ytWcZWvu4t2eqi7Xt16t/J9Ttbz4WaXdWtx9ntJFkiaP5vNySpbJwv8AEcEZ45OfrWmPhtoKCANYBWjhjV2MUhBdkySSCc5wDjkHHOQRnstDtPE954ak1VXhS+E6JJGQSBEeVZiAB8xwASBuPIGRx9PfBT9if9qz496EmueBPDH9rabdzSxJNJcxWZLxgk8SruCDHB4BzwTnNfF8Q8d8O8LYZ4nO8ywmW4dNRdbGVqdCF2rqKdSS95W6a6J6bn0OWcO5rm8rZdg6uJaV2qUHOKje6bS20utXbzPieT4Y6ayvOtrCCpAHyPyDnjPvxyD1JztzVK/+Hmkrb3E32KJzBbscKh2lip4HOB6Njv0wOR+gXxp/YJ/al/Z/8Gy+M/ivoUPh7w+twtod2rQS3sk0qjZ9ntVAklQ8FpFG3qOSBj4fvbfWodPuNlzL5WxldXb5mDnAGOx6EnHXOOma4eHvETh3ifBvF5FmGFx+ElU9kq+GqxqUnUi43jzJtNrRb+VkaY7h7NMpqKnj8LUoznCM3CpB3cG01JLmtvazfnq1ocrp3w+0ZobV59JjWOWMOfkLMxIGHyDkjnOCcDPcNVmfwJo0M5j/ALHQxLgZaNsjJ6bdxILDGFweM55wK1tP/t1oo0BuGKQqqIqs2BtGDu24Oc9xnjOAcVcitvFMjsky3KhmD5ZGYgc4wcZ5x05OOAAM4+hWc047yitVy++lZu14tX/BWd97W14PZSd48kna2vJpa8bJ3TTT2TXdPTQ5e88J+HLSF3/syABY2DBoWZgSCqleARglcY54Ay3NUYPCPhlYBM1vb7lhMikxkEsSWCKQOSCSOh9B6DtBp+twC5kuoMxFW+eYMSA2cZBwAehKjjn2ArZtriRoobafTbYwfZwq3D255OOCCFxnPGTgkkkDhQLjm9G/MnB3cW9Vt7vVNpWu101162JeGqzhKPJJddbxS0jov7vps21scNpvg/w9JHDJcafEodSyPnzMlm9ARjrnB6nHIJ5+lfht8MvhrrMM1tf21mbmJFaDzIXeWRlQuUUEj5RtBHHzbSOAMHyEXt3awxRwWMEuxjgiInADYAb5T06Y9ADwOK+mPg749tNH1aS3Hw+/4TS+vrRv9DhidZrci3YtJCiKZGCnJJH3cAk8YrzM4zblwtSph5LnjGLleaTVrNpO9tLfj2udGDwcp1YU5xspcu6vdtLSy3u01pFu1t3t554s+A3h3UJG1HT7NNPgXYsIhgVFkZXCuwyTnOdxAzjGCOK4GT4F2LNcpHMXgXaryK0Q2tjp0HBIPI9cE4HH0X46+I2pw6daxRfD6Ww003UhlMjzEQOZcmKV9u1WUfIQTwM9848vv/iNqGlzyf8AFL2i2N6I2WSZ5RGNwJXbIQBkt1P3uwwMA+bl2f1KlKMHOlOo+XmSqRl8STTai2rdE0t79nfTG5XOlWcmpRhZJLVLVKztqnGTulLo/nbiLD4MWOmuJpg1xDKHKjehOxQAGXg7gc55wcAnGK4Zfhr4ba7v4Fhmile6fdhHO3JLZDEAFTy3JOOADycdP4g+KeuXVpItlpFpafZGkBntpifLjkyoyueWHT3B5GOngy+NfFiXCOl8vmSzSSBycswLkgPxyOSAD0zzxivqMtxEsReVWN07KLs5JJ2v0XRqzV9e3TycRSVGLcb3vu03/LeKuk72XXaz+fs9r8NdEtgUS3NyWxGwdAmwFsK+4DjJ3cnIPPOc59dn+BEU5t7qXRJ7RE0qO6t55YXlWVdufNz93YecHDcA/h4L4Z8ReMby8j86e2e3nu7W3ZGUZPnTxxh8D5mKl84Iycbc8ED95rX9mH4geJ9I8H6SviXVLOB/BQ1GXUv+EZvPsIs2tVlWCOcriZQCE8wEhcccYz83xjxnlnCFTAvMq0aFPHTlCm5xbu4xi7qy2aeztb53O3Jcixmeuv8AVI80qCjK17NJtK9273du7enRM/H3/hTdpfWNvcpZytHcs8AlhtQm+VDtJBAX5Ywp3HrwMMSDnmtc+DlvoV5pl7bald2sd4wt5ZXd4yrRAqUCrgsOw2kn1wa/S26+G7aJ8DtD1t9elXWLj4vah4EihTT5AsVtZyvHJdBtgzJNuB2A8MSGAr518X+HxaeKtN8N6xNeNHZXVzPbPc2rQyShcSLJtcA+WxJIzxtIPyA4OOVcc5fmWMhh6dWNSbc+SNmudU+RSadtV7yWj7taDxXD+JwkfaTXK04XfM/tNaNbp2u9Luzvrol4D8OdIS21DVVdbi4kgd7aCWWN5EiBb5S2QcgkZALdee2G8f8Aijo0Wu/FjTLS8Q7Z41jNvErIJdqjayIoxnggkjJAUnPSvW/FyeP/AAzrM03hS4tk0/WbsvGk8YAxDkkuTnaWGRjqeTzkVhXfiLwcmu+CbvVlvn+Ist6La8QorWEgui0SiJ87VWPggHpuxkcZ/Qa2Yr6lCpRpyd2k1FJR6X2Sd9nrdJ9Lt38iOFbxavJKFlpfrZJ+63a6snvZ6dd+E8M+HZksNaSHVNb01BLNBafZb2dEH2eQjJUSAZAOOwPPYVXS++IUfiCDSdI8ca/bXdtFbQQXKyFpZVnJVUllOcrk9CW6E9jnqtSvtS0M6jo66aSItUvZXnMhLBJT5hBYHksGGMkdBja2RWtpH27W/Edmvh7Q1lvYrSCeeOeQRH90AUkJLKSwxlckEkAnGTWtGtzYdzd1aEXu027Rdrt3fLJrW3knuZz5Zz5IcqUZWbaW3uq13Z3irPR6L0Lni/Tfi14X8HXV9c/EfVJbe2u4otQtpY0MVxLNhiu9lw4+Ybs/eAxgdK820S38SeJNA1W4Pi1fN1GUaetmsUaQGcptEjFVCpkEK/Ixyetey/HlvGeh/D+Gz8X6K2kw6vdw3P2lLpJUYg/u0whBBZdp7gDAIzivmr4fatZaTp13c6hKhsbfUklkjaQK8ig9FXI+Zh0I5/Q12YJTrQdRbxV1ZtJJOCaUbbbN9FZ20OSulCcU2pRvFbRbjonZpq6Xf9dTw6W1n0zxPa2c8iedba1BayvHggiC5Ad485+84O08Eg5ye33v8QfjB8aV1eGy8O+ItWtPDenafpUNitsUDSYtIg4ZCNyjcAA5JBIxtJ4P5965dxT+IJ72DIS41eWeDdksI3uTJH97GMLjOOQD9c+1614t8WaRqEluZRefa7KzdCz5ZIhbpsC8lVIA7Z5HPc1o6McRJKrT5oxu3Fx5rO0Ly20vazer09To+s4jDU06E+S9tnypq8LJtaq9073Sa+dvpa1+KXx5n0uJZNW1Xc2ZEmmlUlo1OGbYVLE4X5cZYnO3pivOPEHx5+Lelan/AGZJ4ovJXjRbjc21Qu5QSCrKWBUkqQCA2MDIrjrD40eJLfT7ez1bQEV7cGGG5eQxsUYZJAOCwxhvlPbJ9vO/GWsQ6prcepW6OQ1kvmszll81vvB3XrsJ2DPXGcnJq1Qwq0WGi0rJNwjzfZWt4NaO3Taz3ujCeY4z2kG8RVTdk0pOKV7Rbbd72t5aJPrc9rT9or4p3lyllN4ovzFcPbxk/KVUtIqjGBldpK+hwPrj601PwH8KNcubG8+Nes6+qpolleQajpFu08nnTxIxa6kRCRGgJwpGT6feFfmDo17tvLOKZQc31q/yZztMqjr1Oc9PqfQH7p+K3xZ17wLq3hmy8NmJob/wzpz3kGowQXUEzRrGQjrPG5VTzwB8wyMNkgxisLSqZbiVTj7Gv7Sl7OpBKLirrms0rbWSdrvVW3trgM09jmWHnjEsVStNzpzk3GTSjo1f3uV67rV66XPnDxbZeErPxDqGm+EZL3UdBi1GZdN1PUont5Z7QOfLDhlUYPylcgYwThhtzZ8OeFPCviaa5W/zZana2stwpQ/6PN5LAqBg8FgMEZ5B6ggmvuX4DeOPDfxu16Pw38XfDvg7SNI0i0uLw6la6fHA9zJEpkjgkWBYy/mADJXgZB64JreJNW+Fmh/FJ7dPBGnaf4AtrcmeTTIJHnuIcndNHl2kUSEbgrE53c4zg8MI1MP7NuXtZqnCSTs3K9l7y0V1q23Z6rR3R7NSpgsXUU4SVGjVm0l7Np03Jrl91NtKKekrvy7HxQfA+kNpF9fJEEltjIUhiDMvljKmQYBABZckkkqe2c1w3hcxHXLSKSIPH9stUA9f9JjBIwSD6Y6+/Wv0O8S/GD9nO18G+I9M0HwUC90lwun3V25gn+dHRFAba20HDbRhiQSM9vzo0XUrC31e0lji2OdVgMJ5fYpuVKRt8xHCkZyecc8GvQo1lXdN+zdG8k7TtzSatrGzejdt9PTc8nM6NPC1YKjio4qLi5SlTv7tmkuybfR/huz7X+P+nyaH4r8P2+k3uo2Vvc+FdOnFlb31xDAsr26ZZUEgTLMd2AFz0Y8YPiEcWuiPe+r36uzlWWTUbmRF3hskYmAGBtAI6ZIOK90/aSuUvfFng3lhM/hDSnDR5I5t1OVwOuD65x1HU14Qml6nIs92kTNZxTAMTKVwQhOAPlwCckDpkZGMGvdoZbhanNOeH5mrze2m2klbdrfXl27o+WzDN8ZRrQp0681H93GNm9HaL95bp99dHqQWGkeOtSaddJh1HUIrcSNLL9ouSBsyXIdpMEA4xgDjHGMA9H4ZbxTFayWF/YW9xdNI0i/2hJOzxRqeVX5+QcbcctwM5PA7H4L+P7LTv7V0fVwVMi3AsHjDs24YUgkcHtjJ6DI+YmtXUZLpdRubqSBjA8KLGWiZWCs2RkgDnJyejEfhjgngsLUlKKw0FFSSUm1a2js/dvF20V7/ACtr6LzLEUaVCosTOU5xXOuZ6N2ST1Vtna7tvqjgp73xBbT3SrpekMftCLG2yRxEeARHukYbSByCA2QMAdajWTxY0lzL5OjxgqoMfkowyepGRhT14zzzjhq5fx7qVxZy+VBM6MtykziMspxINy/MGxgE8DGR36ZHJR69qM0zbZnZSmSC75BAwTwxU/7vHzDkHNKOW4PmSeHpXvpyxV0mt09m1orW1STREs6x0rWr1H0S5nfRdG5WVtGrPZ6NbHvtudQHkNJLpgkCI7Riyj2j++Q3l4LDGT1yck8DNebeLPiS+jaxc6XdRWkltCqSNLFYpuySBtXaowo6c9OBnB46rRxPNa2ksrlttrvyHOe2Bgj5zxyd3JI75rx7x5prX+sanKvyusMOwjBztOcMec8n1OOBznIK+T4JU7rDxu7axVrq0dNGk7abPey2ZWEzzFyqKNStO1lfV2s+VbJ6/m79z1DQdUX4h2Go/wBmxWsUWnW8jM5tAswYhQoBOM7sHJYHHYc1z0umXGnae80luLm4iKlg1srAAyEAqVUHJwDlhyQCuT1tfBOC5sbTxJCdoWRYXfnGcDdg4A98gYBPfkCur8Q6g8fhyV7YKbrzFjVwMAASMRuyMHIGRnjsD6kMrwcKClLDJytezu2ltaO+27u3rdtHXUzit7fl9pKycb32aajro3smnt16Jkfhv4f+L/EU+gaxJ4WlTQE1CNbuZUEIaNcFtqSAOWIB5HAXrwMV7DryaXqXg2/8P2OgW2lSJrgE2qQKVuXjX5QGKjjCj5iSBy2NuK8L0H4pfF240iTRrfxDJFbLM5toljiVgyIEWNFCZORtBYhsbcjJ2rT7+3+KVv4Xu5b6+dYZh9ouPlVZWEjsSchQw65yDnGDyK0pYHB+zcqeBbfK05ShzXty63Wqvvp5hVzmqqigqrtJK7cmnooJ3SSs772d9u5t+EPh3pN7Jq1re6hN9pt5bj7JbRsD5+F+XcMk8nkY9fUrW/cfDeytpNKh1GabT5Z1PmKy4gZf4fmJyGYHg5OMjrXh3wo0XxFdapc3l3e3eEknEcv2hizOy4UEFix/gwQMD+Ievvevafrer2mhWzNvmtHYySSTs0kkaPkgsWBOwdCOQcBu4pxwWGeHu8JTgmnaLSvJ+6tGk2pJJ2ta2ndnLWzipDExj7Wrfmi0o83K7yi0u6aTsnfZarRI/cr/AIIH+CtBuP2pvFk+o6VousJpXg6X7Gl/Y2t+sMqTOEuo0uUkjWYYG2VFDZztIxX9busgrK2zau0bFVcbVUEBVChQEAHRVG3GAAOi/wAp/wDwQQtIbD9qLx1bxMCG8DoCFyQpYs78sck5J4OcDGPb+rTVlLTtwGwQCOOQSpGQPwxjIGBz6/yfx1Uks7xdO6UY1IpQu2o+5D4b6Jfdrf1P604InTeTYCpypOdDmk+rvKyvLW+qd7Xemivoci8bkNu3PtbOTtzgj1B+UAgD5cgjnOOa6CW2LadCqnBEanPGSCwbgkcHA47n029aDQsdxZRwx2gcDjGPcAgD6HPfJO/ICtlBkE7YgCNu4AeoP+yRx2x0Bzx8bTruD918vbv/AMC/q1re3Q+yrOnL2bWlpJK19duZS9E1qnq7as4x7VwxIGcY5OcnPJ+g9ueuCR0Mf2bOWwxCEBs8rlvfaAR128DGcduNsxFScJw5yD1ClT1xk9PbOSQDnGQhidmAQ45wxGCAD0Bzjp0HA5B444bxdrarpqrWdrXV9vPdbrd6HVCjR5U2o3lotk9Wlta/nbfTVNb5K2cbEj5geOMkAE88ED5sknnoO57iUWS4GCzEDGB97Occd+h5PPc5zwNqO3ZcAYJOQTt4VSRjj144JJHcDAzUws2BAAGMnc3LNg8Y77SRwcnHp6U4Ytt77W5U7d1e1nvtpprbR7lSpw87K+mqvom976fj010ZipaKMEAkghjk5zgY4OBkDHBOTk5OcmkNqrEkDuSpwSCWzg8Z4x0XJxnqea3RZvlchQAASD6AjnoQTlscg9gCOomWwdumM8HIOfvAE49GY8Y5I7YrspVZO75r3VtesdH38krW1212fJNU0u6evwrTa2ttfRJvVvsnzq2YztwAFwMkZOCOSccjsOgK5JYggGnLZfL8ysrYJG4A7sAZyuAQcYGeM8Y7Gunj06TjAGcEYPBGMjAOMfKO+cdT1AxaTTJDgFc5wBlSDn8OQMdDnac9ec1tGr5t6dNk7R08rOz1tHVq+9uWUqMX0urO9ra6X10tqutrrfdo5JbRgqgDIPJ4GABkYJ9T3x7DpVlLJmyx5AAJKjKknHBPXjGSPbnmuzi0d+QI+GIJOMgjpyTk5OOnbIGOtaEehO2WCF8jkjKjAHBUfNz9cMPyw4urP4Y6Na3ba+zpe+7vra3bqZurRSXM4q7Wt02r8u+tnttpbdXskuDFmpOPnyRg/KSx9ccZB5yMgY5GM1GbTyyTtYgDjIbJPUnIAGcng8/Nk/NkbfSl8OTOwVI3PG07gf8A0L+Ik565B5J6jEg8KXDdY5MnjOB8pPqcdMYHIJyAVOea2hRxMmrU5PaySel7a63Wz0tf7jN4jDRS5qkI7X1T7fLRbbdNdNfLjEWIXaSRjkLyB34APA/2snn0IAUQHALAkZ5wGJIyQQw6njrt4UHkfer1IeDb0gkRSEYyBxuPTBIHTpkehHPHSSPwVfYJEbY2jBO0fluGOTgnuSPmNdSweNktMPV16xg3fbqlZb6790jN4zBR0eKpJXs7yimlp05rd9E1362PKTbHoqEPnGFBAGeA2OQex9u4HdPsTAMMfxFQCMnBwBnb1yeo5GCCQAMV6yPBd/8ALuAjwCxJdcfxDB5HXOQSR6gnqbI8FhSPOu7aMEfeeWMHkYOcEHOOOmR0X3UcvzBtWoVbO29NpfZVr23tdrXXv3xqY/LF8WKouT7SjJtLdJJvvs1917njX2KRsEowJHI6r8uDhenbr2znHTIX7E+QR3/hAJ691P8Ad6jPrzkdK9jk8O6NBkz6zYIEwWLTxjgHBwAxJJyRnGRjpgjGNer4OtSd+v2ZKgsQkikkjkY+bkDqQAAQK2WAxqWtCavbTunZp21urvz2vvdLnjj8uqSi6c76qzSb/k8tLrZb9Vq2eZNZuDhBySp6ZwT1JGMYHXoc9xgVILBwSdu7LfxHAGfvEY4HqeoxnrgV0c2r+FlcrDqKSjd1Vc7u4C4yASSD7DnPrLBPp91zbSiUMDtyMkDPoBuznPXOe1ROOJop89JxSVtbq21vSz3bb8zsh9Xm7Ru7tejTV7O3fXfVPfsc4LDODtJDEgjqvGRyG6DOc56jsQcBfsUmOijuVyOoPy4+8Oex4B9h17JNNdxtSKQliB9wnJxnAwPXuNvXgnBq2ug6jIwWO0lGfvMEIOAGOR8pHvgfXrzXLKtOSsm117t/Dbvbv5bXudCdCF22lezbc0mnpa999urVr2SOGFizDPRtwOMDKqSAADknoeQcHIBIIyKcunBTgj5SQoLcbiSCBgA/N0A9+TjmvSU8I6xL8yWUmThh8u0n1PTngc4B/qNGHwDrcpz9mYHA+VjnGTkYwv4ZPPqW4Ij960nHmfL07aR77eT62WqVzKeMwUb81Skr7+8kmvd83byXT5JHlwsB8uVPORgjpjOMZwMngZ6Y4HIINhLBOhTIJ7AkfXn6bhnr0IxxXrifDrWGCBo1XcPVTk4BGec8Bic5Iznpmri/DfUh1dB0yBwMqenTjH6/ylqtFq8JtPZpecbpb7vo79exyyzDLo2vXpa6bp2XuX1+TbXqtLJvyJbRFBPlruJyCSSV6j7uOcZBx0B5zngyrZxKMBMY+6GGDk9eDnIPAUgDGT6tXsSfDm5AJaZMZDdPc4JHJPTt/wDrtr8OnHMlwoXOM4J5B4AIB5JHIx+OcVnKOJ0cYS6WTv8A3W+nro3romls8ZZpgNlVh0vbrazvq9bNvzeqPG1sUwWwRkgDPKjncp68Hnjp8o9NtPNpG3BVgCACVQkZ5AGCuAOOe/IJ65Pti/D2IY3yk5IJyDjPcZJ6Ac55CcbgO0w8DWkfPJxjg8DPGSORn+EgcnHrxjFPEJ3kpaWd35NafN23Vna7ejtzyzPAyvy1L2a3Xdx0ad76+Sa6PVHhZtAONm5yM8ZKhSPlAG3n5QOCce47vWzkJG1C2QcZVsdsjGSCOn3ewwvJzXuP/CK2cOV8r5shhkjI4HUkkAL9Se+AcVD/AGNaxNtVEGN3IXrx2O3kENgnPBGeeRSdWorXk72Xz2te63tZ3V9d9yljaU1aCe91JNa3S6aq2+97tbaI8XbTbiTB2kEDAABz1LHJPHJbjnvye1KujXTjcFbnOAOBgYJOeCufqfoQMV7H/ZqbiUiG1Rg9PXPTg892BH65qwthHtG0xrlQD8mPrjJzg9eOvGaj6zPrN3Vt09LWtfo7pa9+7QSxii17u7s1fmtblaulpre99Fonqzx2Lw9csuQjFuCRxnnknHB+bGCScE8gZ5q9H4ekC/NG3uScHjpuIGPUEr+NesmztwMs4AxnkcDjpx1B5HXrgjivmz9ob9qL4HfswaRpWrfF/wAVjQItee4h0W3jheefUZrePzZI4o1IIwoBJOQOCMn5ap4uqo35nZKLSUW23pZJK7bur2RnGrKrNU4Rd5W008nq7bJavTRXd7Wt6KuhoD/qiSeBk4BPXAA78Dt+HepRo0KAtIHBAAwMkds84GMAgkYyQNx7Afk34G/4LQ/ssePviJovhnSNavE0rWvEyeFbdrixcXi6hduILWZyrDbaPOQAemOrYwK9U/am/b18S/CHxJD4E+FHwb8V+OvE1zpk2pW+rXtq9l4faHaxRkeQAzKAC42Nhl4HJBrllm7pOCqU69KpJuMKdSnKDqKPLeS5+WLitfevorp269dPAYmvUjGlKjNKMZuUKkJqGyalKF0pX15d3Z6H6GNY2SIWkkhRQrFmllWJUUZY4YgKMAf7uOcNyD4d4w/aM/Z/8A30ul+KPid4RsdQhV5ZrCPV7Oe8iSMEuzwRyF0VQCSOx9CCR/MB+1B/wUO/aeubC6PxA+IM3gSwv7l45fCvhzRrmZ7K3kBJju7y1xJHs3bVxJuYoD1xXz5+yt8KPCvxt/aS0fU7oeMvi7omteC9a1W9vJH1LT9L0zVfss7xRXs147FyJQo8vdh8bSMmlPFZg8NicUqUaOGpUZ1ac+WVRVJJRah7ROFNXsk1zTdls3c7qGW4Z4ihhauL569SpGNShSlGM6cZOzm4tubS2b5Vq7vs/wCj/wAaf8Fev2Gfh5qN1pWufES/a5tJER/sOlXFygDkBXV4wQVP8JJIIBHHIpdJ/wCCwv7CWt2CajafEfV0tpJBCrT6FcRsXPoHUY4HB6k5HBOK/jh+Ln7Pfxh1T4j+Lnvfhj4o0Tw9Y+KJNFTUY9KuTYSq140WmJ9rdNhHksgBDYZTu4r9XvhD/wAENvjf4s8C6Z4t1fxV4b0+KS1ttR0/Rp45X2293AsqR3LQsiiVA4ZgVBBznBNfWvC5HhcFhK+OzjlxFejCcqdGVObc3GEpxjCnGb9xys27ctldq7R8pVq5q8fjMNQy9rDYatKEKuIc6UpQUmoT5pOKaaTlote2ll+3Fz/wWR/YEs5pIZvijqRmt3Mbr/YtwCG6ZA79CDyeTk4I5pXH/BZr9gi2UF/iLq7BhlSNCuMsDjuT05555xnHp/NHrf8AwTL8WaX+1Vp/7I/iTxb4S0n4j+O7KbXvDfiI2tzLpKaZHE0jQ4DE+ZGdsfzcknuSQPsX4kf8EIfFPgnwPL4suPin4cvLvwv4Y1HUdSthpN9HBq1xZq7eXalnGxlVWdnJZAFbB5NctWpw1Slh4Tzisnio06lJKm5JxqyUYSbUHy8zTtd3VmrLrVBZxWjN08Nh5ezbV3Ws7x5LpRU7S0ae1mkr3P17uP8Agtz+wBbymF/iDrm/5QR/YN1wCAcjjJ6EZOeR1I5qcf8ABbL9gpgpj8ceIZRIvbRLnPBHbr/vcE565NfyGeIf2TbTwebDUdQ8c6R4gudWltUtG0mMTWQFzbNPJAzZfZcWEi/Z5NwGW5IIxXj9p4M0eHUtQsrmW9nm0uaRRBDF99kflX2jBVgCAeByAQeo+qhwnhqsVKGNr8rjGd3CmrpqMlrKCbu2t9r7Xdjx55zi4StLD0N0rqctGnFNXTtotV6aau6/tv8ABn/BYz9jHx/4w0PwP4T1Dx3rviHxFcLZ6XbWnhjUJllnYHBk8uJlRAFJ3sVUcnPy12fxp/4KW/CT4OW0Tz+A/iBr10NT/sq4s7bTXgW3u3I8qJpXGDJL1WMjORjsRX4t/wDBM/46/sgfsreFF+IXirwsuofEvWU1G21+zvNOXVr2zsIY9th/Yk7LImnPMu5ZpAqyoxyH4FfInxh+Nnwp/aE+I/xC8Y3WoePvAfh6fxNLfaF4e0vUp5rSaPznImmDyMEuG4ZWB+TpkDBPzay7ErMqtKnQxv1HDuUJTlSk3VmnBRcHCMfdacrWvpv0R7LnN4bmlKl7WrTpyouNVRp3kvejKM23zQT1bsndKKsmf0RfCX/grn8A/iZ8U9D+E2p+CvHHgHWta2INR8R25TSdOmkG6L+0bkxpHbQS5AWaUqMsB71+pGqeIfDejaA3ifV9a0vTPD8YRn1m6vI49O2zMqQut1xCyyll2MGKksAOtfwK+K/BXhnX/D/i3W/A/wASPHlv4xvI0ttPi1iaQpNZR7SIzcqVeN42QbHVgRxk8V3kn7aH7d2qfAvSv2f/ABN4206/+G2hWENo0k7Ry60YrCSOSzE12R50yQ+WrKxYsxABJ+9Xt1Mmp1I0qmGrKlKTSnGuqkHGyS5oqcXzf3oqXxNNOx5camYU58ssNUqreMqfLKMkmla8XpprqreejP7tr3WNH07SZdcvNRtLbRYLY37aldXMUFt9jMRuFmjnkKo6yx5ePB/eDAXjFfl38d/i7B8dPAWheJvDc4n8I2nxF1Pwnps0UbRT3k1i3lTXIc5zC8hAWQ4BHz9CcfzTaz8Yf2zf2hfBt34Kn/aE1O48GJpenWB0aRpNNEEVjGsUcYniMMzLFHkAl/3mVyQOnvH7K9z+0D8GPDniLwn4+8dx+JvhrPPDqPhfT7UtdXumakDm8uoi2WEtxtG9s87QSfvE/K57hnLL6+Ho46jPFwqQ/wBnjGb9rBSTspSivfbcdErR81v9hwzhcyw+c5fi8RluIp4Tm5vrN4uFN2veajJtRlZpS1ab1tYy/jl4xtvhr8YR8M7jTppLzV1F59rWYkIl/I3lr/dLcfMc8ZyQcYrnvjRLdW37PXju32mOSTTlWUM+fmYMQoHIyARuzkcjPHFfPfxtn8c+N/2hrfx1b6TqV7psV7BbafPdb0iS0tCuHmcgBWzuYHIBOMV618R7678UfDjxH4VZbm2utftvKE8kLm1tXiVfMAkxjsCWUqcH5cfKB9hh8LGhh8hlSbdaEMNWxUG03SUHTlJO3RbbX01TSseu6uIzD/WWlOjOlSn9Zo5e503D2lOcORJTaXM5Ssk+zfc5L9gy5n0H4PfE+7nlkKzaVqh2qSVjbylBY7QAuRgZUjB4GSTnQ8V6rBeeGPElvcMNknhfSmVZFGCJJ5Qu48Bsbj6jPVvWX4L+ELr4XfBL4u2cOuQaxcS+DnumZEKJbSHGYlU/dfhix6ng9cGvB21O+1TwXrl7cXHmFvCegbFVhkE3EgK8LgYwMjJOBg4INfo2WzWLeJrwlLknXjZ2spRjCkmld3aTTs311T6P8nznA1MshgMJXgo1YYK8o6SUFOatfqr/ADfdH1//AME07bTh+1v8JLZreCUQW+rO37pCVkaDKclcAtzgkgHHHcD+ta9sLW1s32LFC7a9E6ttwdrOuAX9wCckjp6jn+OT/gnT4jvfD37VfgG5sNOOq3gs73yreeQpEktxCI1lMjdFjI3HPAUjkkCv60bzw7428Y+Dhe+K/Eo0QS6oWfS/D42y+SEDIst1ISC20qSyEg9QRkV/If0gaKqcY4L2lSNOCy2ly3Tc/wCLPntFK8ru1lor36an6x4ZzS4cqzjNpPMKsGleybp0kkuVe89G36dLq9/xDDa3Hw5+N0kOqxy6umi+IYNL0qARtc3YOlyMYRgljGzMwIJ2jk/X+M34j6RqWrJZ3l74eTQ5rPTfENvGkb7Qype3XnOyjHzSPuDDg89/4v7YtC8I+FPAP7PPiHULSKH+2J/Dvii4bU9Rn+03147Q3AV5JJHbc5BAUrjbztyBX8dPxA8S2BWWG4khlkXWPEtrcuVZlt4p5p5AhJwPvNnB/iOcgdfT8H6ssE8fSpU/aubw1Sb2cU+dQlyu/LJR6N2StG9jweN+XM4TdWtOFCnXqUqTnZOTjGlGVtfhTTa67t3R8eaL8HLHVNO0y9uYriPzoJ5pXQhi7AkDoB8owfQkHdnHFfpB+wd4K8CwfHLwLHqGkaM0en6beRxXuqJbuk95ISPLniuVKmX7qxnAOQAOeny1ofiHQNP0rSrGS8VRKJlEsJLlI3ZvmOeAu7AOMYAYnsamWeJfFGgXHh/W7+0DanpaRXdpJLG0cxvIwZGaJl4JUgjPzEnNfpvFax+eZTmeXTrVsJCvhqsIVYOSlD3YtP3Wm1ZLrb01PnuGKOAyjHYHGU4UcRKFSmpwlJNtvlV1e/dNNrq+p/ZR8YPC1rc/D3QbHR/CUWofZdGuZ4tHsyLS1lnawfyigtyinbL8y4GN3Jx34b9je3k8P/Be1Gu+Gxpmqw65rby2qr9reEyXEh/eySeYdyAjAzgY6cV1ct/e/wDCpfBNxJrV+JrfwVpsbzxKRLPL/ZEYLMygszSNySfmGd2MuN3mH7MXiTXIfhxrF3eTqLdPEurx+bdK7M/72UKzFmOCeNzcdTjHIr+GK2Mi8pzTCU03OlmmEjzvm55O9SnzNa6ac0t7tXWrbP6Rw2WVa2FozlN68/MuaUE1Nwnu9W4p2tqmm0lbQ/mF/aa+GGi6/wDHr4v6xGl3Le3PjvWbqNdqRiLbcyMQ+4BdvsCD90DPSvGbX4awnQrJmt5CBqc07oro5wpbnaB8owBnKtnqAcin/tC/FuaL9oL4v2j65aRC28aa+zkuwMsi3U4WJPnAKgEgDGc8njAHnfgP4qaTrMdzpkviFYr23Se48uFiSz7yoALMQT3KjHO3AwQa/ubI4Z3huHMptUm4Qy/B2tfSPsaei2ulfVX3sm2fzvjVkFbPMfTlTpRn9arc8nOKvKM7O99W3JNa6t767+i6fbXvgzxL4d8ZeC7258OeJNElkudH1WweOCexuydglhJHEjLuXcSVxnIG3Ndn4ju/Hnj6+uPEHxB8eeJ9d1W9kcXVxqPiCZ45d7fuw1urrGUCkDaYwMYyCOvgep+LLKWWOGO4W7ntriIsbq5EAEf3nI3MuQTz0JzjHTntdN8b6FdJGbqTSIlSdC6td7jsRsYIDEEsckYyAMZ6VzYrL6uJxWEzCvg4VsVBKnTrzpRlVilJS5YVWpOCUne0Wrbt9u3D1sHSp4jCUsQqVCSTcIztC/LFOTV7N2SUlulszsrr4caBBpTnKzt5iXBnEfmyEvt3FnAIIBBIABOCe2c8z/wiWm2tzcyC2Zoz5JidoV5c9Cw2ggHjB+uSOlbvjL4seHLK2ezjtY/K+zQu01tIEG6MZVcbuS+0EHjOeAcZrw/Ufjnp5iiEOnTN5pbzHDljEIgdrAZ2k5OTklu45Ar76lRzh4aClGpGPIppSlaydtLX8kkl39D5CtVyeFVRg6U/fT93W92k/ldq/W+l9j+rr/gl38OVPwM0+/stbv8AR5dR1nUXvLPT0hijJhKeXId0ZBbnk4+YnAGDX1j+074f1rw58FPidqaeMvEE1xD4duPI824t/LjiYgOHwg3KST8vHTpyK+Hv+CWvjXx7efs++DZNN8KLLpmq3GsTxarc38UZfEqYxCSHXblQRwSOwOCej/4KeftKeKvgp+zt4nudW8O6ffJ4miTwxHaRXKtNBcXb5S5OMM6rsIC7RySTgYI/gbiHCY7MPEvGYGm+fG4jPlRg+eKUm6sFaTbVmoK+q6arZn9H4WhOhkOCxntaUMBRyqniXTbpe09lGmpycYNOervZXTfTsfz6+O/CUerHUrqSeeZzZvdSNLIrK7Hed7YG0DfnC9RgkD1+BLrTDZajcs5haISbi4wMHzCfTg47f3gCeSKval+1R4ykbU9OTQbOKOeIp5ssjmWJHU8Bc9ADwvORxnLYHz3c/ErWru8k2xW6GaSITYJ5DyDOFJIJGSflzgcjPQf6D8E5VmuVYB0sfNTcow9nHnU1aMYpLy1S1b195en8m8YZll2ZZhTq4CDUFOSn7vKm3JWTS3vs7tW7Xav+mPi7XLO5/Z/0UxtCHsPtysIxguHhOATwNwBGAcjH1r+dHxVeCXxBrUiKpJ1W6bLNkgPMxxnIPAPUHAz19f3p1Wd5v2e7BpI4UlZb6WYITvKvANgPOfvEhfQhvpX4M+IdOkbWdVkjtZSst9O4YHgq0rHPQgcgnJz0Jyfmr08uShicbztczqyb2s3dNPW1krJavrbyDOpt4LLFCGkaMb99YxvbXpsm7u+r0sjOt7suWDDgqQCpIHowIweMk9AB265FWPMUR7doD8Z3NnB5BbJAH152/wAht6PoaylVmRbZANzy3HAA74APPIPPfAIwTitS7j8L6PKZp7hL50GBFGV2Fufl2jkEHHJyCTnBGK9SdRaKKu920m3q0/PVLZp7bvS589Cg5rnnKMVZayu7/BtdXvs9FZbd2ebx2N5ezxiztnuG80lwFYoQpydzcrtUYOMnBxjkHH2Lp/ij4M+FNK0u98VafJrmtwWESnTISskaSrGuFLLkoAcgg8f8Bya+Z7/xBe3gFrpFrHptuSoLRIBIVLEcsMbcj2yDk9DtqrpHhO81O8dbiYgkkMzEM5X+LJJKrk5BA2jHYVE6aqqMpT5VHdJ7t8ttVp0a0u1r11FSqwoSlGMFUqN+65q6VrPRNab7u7Vr3PoDUf2qfEM0sdl8OvC+leFLZn8uGVLZJLwqOFcOynBOeTgHIz9MLTh8Vfiv4hhsdZ8SapLcXcjCKH7S8NtnjKlUZEABzgcDHFWPB/hvwxpMrmeWK6u7d0diQCoG47goOefUcnLZBx09M0KaHTvFFnf2rtaW8U/mIIz1STGSCp6MCeO3Trk1xVLUfaexgpVHFtTlFO8uXS91r5a3Wmh2YdVsU4uvVlGipJOnD3FZtN6Lte/e/lY43xl8DfF3gF7SfVLIm2vUGdRXEsLENyrs2SWOck785x8o+Y1a8M6GpsSjYk8t+qruUc46EAfdyc57fhX1DrXxXtNfig0C/t47ywtZgMzAyMcDjbnIwSOpJ6gdOmxoWl+FtdjFhZ2kWlq04MksAAJQlSduRtyc4x+OMdVgsyr0aN8Zh0pRWs4p205bNre903pd2tazOXMcBh3VccNWdnZWm7yulFNXem9rabq929T5r1KwC2eEKqBHguBgnDY7Z5x1HXODxnNa3h2BSIUjAJeNSdrFQPLOR1yueO+OMcY4r3n4j/Cyz07Rb6+0i9E8NqIzIGXJYNgsUAOM54IGeV6AMa8O0W2e3mibJxsB2lTz0J+UgHG09xwSWGR8terhMbSxkJVISUU/daaeluVPdX5raJdd9Ovk4rCVaEfZyvdq7as9Gkk7LW+7XTZWO6sZZItYR2+/Fb8MvIXGc9PbI45GDggVj+IPNm8S+DJd2S/iXSHABAznVLcrzn/a64OepzznU0+WOXWVyMgwcheSw5GMnAI5Ge3cZPFR65Eq6/4M2AKR4m0ZcnqP+JnbjrnPzcnqOeBwa8LOUnhMVbf2U7K39xOz3v09Nb3uejw9zrNMI7pr29NtW2fNFL+k7PXRdP8AQt+FQ2/Db4algcL8PfCygHOP+QZAecA9Og5HQcgnA9FVcs4yARkggcjJBwfTOB3yB09+B+GJ/wCLb/DAYDBvh/4YycY+5p8IIyCBjI7kjAOAQBXeY2ksR94HJByeG5w2CO5J4wcfSv8AKjiZR/tvM7u3+24i1nbSVW6X82t9/m9rH+iWVR5suwV201h6V/8AwGPTzV+nn01+OP8AgosGf9hf9pYKQoHgd8nOCSJYRk9SevY57cnFf57OuRSyW0JKHbHCgVucEHJbP+6Bhcckjpk5P+g5/wAFGZUT9hf9pPdxv8GmNecE/vosNn+7j7vQ5H/Aa/z7NduvLs4YyEEYt1IYnkkZBUAjLD5lB5ABAGB0P9q/Rdglw/jbNNLFpt9b+zi38lpfW+rvufy59IFSWNwSXWnJKydnrDTzVtFy27aN6Y2mW6lHZuIwAq/MAScAbsc8g5PII6ZwRlW33lwGQfKVWGTlSPujIBIGPmyfmwFHHHA4bY3MLwttUqoVcoTycHtk5OOuByecHHNV7yJphNNGQm9GUA8HGQML1A7EZzwSMZ6/1fU5dG09OV6WfNqk7a766dUr230/myhGXtI3Si7q976JOOrurXu3fS1vRFC0Mvl3vBLNBat0ICrubGR9c5HGM5r134eRy/aXldkKBU3biCFBx94Z5weTkj1+6cniNDt7OJr5ryRT5VtboI3IILLyCD1PJOAWwc85PNekeEZtPuri5MSbA5RVVQVUnaASCCOQAFAOCOQcV5mZVU8JOKWjUbaWvqtEvLVfntr6uX0bY6nJ3tpfRW2jJJa9lbb/AIPudjLCu8GSM7jgeWpzgg5G7sTnnGOeSO1ebfEdhE2hmNwR/aqkfMCSwHOTzglsHB/IA8dfYW8EbsVjI2sOWdhvweRyw5ztzj26jiuH+I0Bkfw+4Koo1dCcc84zgkEjJxlvf7wz0+OwV1iYOzfvLV9VdNJPZJLfqvwPr8ZKMsJNK/MlZJ3d9Y66u60tr9yeiON1SKVp4VJK+ZFLM5PTJLdTnPOADxkH8BXrem3BtfDFo6whwIWjXZ2Y8A54ySwPzA8dgD8w8w1ecPexpL8w+ylAFACnDsTk/LwoAzzyc/L1Fej2Ux/4R2zCKRH5ZEaIN5cnGCFAYjBJx05BznO1vsa9WPJTblFaR1k1e3LBrV6NN/dtufFUac+ep7spa2Sab2skr6OztJ3v572MayvpFluFljA3FSoCEt83IOfukHgYHPAzxXoV3K1vb6K7ZlL2d5sQggKGQYwCD0425B6jg1zGnaNq9/zaafe3LRncohtJndvxC8gZ6MRg5PPf1m1+FXxT8UP4XsND8IatPcXQmjiSa2e3EpdcbiZAAqZJJJxgYJJ5A86eIoQalOpTtH+8lZaSd797Wejey0uz0sJhMVKTVLD1r3VuWEmldq7ei0eq3d1bc6VL918CeGVXO82tzERwdis75AAwTuBxjkYrk4hLLAyxISQm47Mtkjn5umRx0BzyGOc19f8Ahr9jL423fh/TbbXI9E8MxWsTiafU9VtohCrlsk7pF3DbnIxg4DE9q7K0/Zd+GvhW1jf4gftC+A9IaJv9Kt7C9t5rkgHLRqEkIYkkhe2ccEZz85iM/wAuw9WSVSdS6dlTpzqbJJ6RUlrqu35n1uE4bzTEJOUadKLim3XqwppXUU2+dx69Guup8teE/PWBN6sqzgR87uGGAQpPRQMdAQOQeRg+b/HuRjd+CyYlf7PclC4bfhODjKkgk4JwCc44yABX3wmsfsLeC4J4734o694uurU7ha6XYyyRySJglfOA2/Mw+9wTkDqSK8p8eftBfsq/adJfQvhP4m1SHQpoL+PUtRiZIrh3kURIvmLtAZztIYEEHGOMV58eIpTq81DL8ZN2XLzUnTWji7c03G12r9dOjR68+FEsPGnXzXAUYvl5mqyq2s4a8sebW66Oz11ve3yV4i8O+INbOifYLae8L2jBYkil3YyCFYlB8xIG0HPoNw6+6fCb4KfEzVbRreLwvqxkniziW2kijUK33t7IBnknJxjIyF4I9z1T9rHWriFH8C/A3wxosN5bItvd6x9mmeIqmYWMcaAqSOTtIxkZPArLsvjN+07r0UI/4SrQ/CNvfK0awaFZKskWCdi72UnG0YBPrjNLE5hn+JoSp08BToRlZKVWunZabwim/wAbdux1Zfw3w5hMTCVbM6+LqRaXLh6LUW3Z35pW00trZWWvU9w8G/s9fEiK3nW7tNM0yGKBJDd6rqNtZxwMAC7uZXUApg5OAQA23IOD9M/Aj9pH4R/sU/Eu08SfEXxXpvi23uvD8unDS/Bkh1i5g1K4uY3ee7mtRNH+7GVBOCoAxjGF/Kz4haH4y1Oy1WfxX8V/F+psdOluJoIr+a2geVgcERwvGuwHG5CMYJPTgf1J/wDBPT9kv9mGH4B/B/U9S+FvhbW/GWpeFLbVdY1jWrePVbzVZrtUlae4a6MuACScEBuDnjmv5z8ZKWHy/JI/6xKpjMNmFdUZ0MG1ScZe7UjJ1aqeia35G3dJXSZ+48FYjCYWrW+o0KyjSws1KVWXvSptqM0oxatzJ6S5r3tr0PlbRv8Agprc2Wp+NZv2ePgX45+JQ8Wa/wD2wNSTT7q4t4Lq4BIt5kjh3DyyQpDMCOwxuxqT/tJ/8FVvik0cXgz9nzT/AAZZ3MilLnWYX0yaKN+CzPdDAIGCc45ycDJr9I/2O9H8K+HbL4zWmheHtH0mxtPi74htbVbPT7dPIijunCW8brEHWNV+6qttAwVOBz9hXOrxM7IZmO1flChivHA3AfLgAD5Sx5BGc9P5PzDH8PZfiqsMHw7g68l7O1bH1Kteb92DjeKnCCSTXwqztfR3P0yeMqOq1DDQuowTnyrna9nT6OMm2leLs29E12Pwbu/gB/wVb+Ispj8T/FzQPA9ncRfvI7W8gumhDDBCrbOrsRk8DHTHJwaI/wDglV8dfFaxn4m/teeIJ2kC/aodE/tS2VixyyBjcleQcdMZ5wBkn9urzUFeRQAI8x7yTj5z2IyxZecYBJJ55zk1nC5fymBZQVkyQByAQSDkdCcZ6kgHIIHFcK4zzKhFrB4DKcFGKXL9XwFFSSXLZqcoylts7+d1Z26kq1WKlJOOn95K3uptaqNtN7NWsmu345+Lf+CSXwT8IfCj4ga9qvxE+I/izxFoHg/WdV0qe91g/Zo9Rt7V5klkjYs0qCRceW7HKtk5JNfxs3+rfEC41S/sx4pv7eK0ur60UR7FYRwXc0SbtqkMSqYJyCTnp92v9HX4vyCT4NfFliRn/hX3iAAc5/48JVyRnnpnH1681/ndNp63Ou6oqYJ/tLVGwfldib+fPcYA7Z9ccEV/av0R85x+f1M8lmdSVd0q1DkclFKEJRd1HlSSV1qkl8na/wDOvjtGVHCYOUJSU3OcHd22VNpW7Xbv25meS3o8aP5skvibWJkkIC4mdGDKeVOCD6cdBnJNcbJB4gnYvdavrUiBiP8Aj8myFDYUkK6gc44yMnGOgFfYMWi6Umm3Qu5YWud+RGYzwNvDRkYwRkAkZyB6dPJ9T09YVlQoqAyj5o1B+XOQc/3tp6YHPHNf3tTw1NpxiuW3Rqy2s3rbRbO7W29z+O8wxONprn9vutFF6xatdO11a1997+Z4Rd6DqMqb7m81J8Nu2tdysMAA4b951x8oI44JLdQOLudFjkcIzXJQMQzNNKxyw+YYLYPUfMoyMc4PT6AvtiKoSMAlNgdlboMkk5PB6AEYDHIOWxjzW/h2OyhF3s4OR8oJyOQM5zxkjjjIPAFdsMJGCVldPRp21tbrfq+m9tD5r+08QpO1STs72bl0td3bXyVrrra6tm6J4UsLoxwLCXmXepLksCuDuJJ64GSAxzkHHOceJadoar4i1myIUraX0qBD2yWIC8bSOeMjhcYzkivpfw5eJbXjXE2zZFvBXO3JKlcnJwDuHfoeec8eIabPHL4w8QyRFczXzyLwWRtrZYgggjknPQ4IyOBWE8LCdaiuXeVkt3y2jZ99db/f6e3g8XUng8RN1Jc0Yp3u1aVly+as0kuy7K9taPwskjIWQI20EghQcAdMdMjpkDJJzk8YsSaAoRQ0asuACVCggjPJ4PpySOvboK64Ai7jQsgLxnLclfu9Tj7v06jH4Vf8tAshUjacKuRkZH3sZ69xkEk/y9SGW0HF3jG8Wk7peW13r5u/3ao+eq5nilOyqN6LW7s72d9H0V7d0m9EeeJoJw4VTtDKxJQZx2I46Y6gZ5zz2pv9gr+9KofL3KpIwDlsZIAHIBGSee+cDIr0UPbjLEgBECkKDhiRnJzjqwXrncDgZrOdVjjdkAUyEMMjAyW9cdPUeh4Oa0jluHi0uSKSSdrK72trezut/TW7Vlj/AGpirpqq0nqlr5WXZp29NOpz1hoX+uZE3YKgDGBgEEMQe479OntmrVxppttzkNuZfmO3+IEAYyCNvqBjt0GTXWaS6i3ck7ishzgEjupBwcn2wTjpjIJpb1kl3BduNoBXgBmLA4O7rgEnhRgkDnIz0rAYdNONGNmlq4vm1s1ton3Tva/yOaedV/aa1Xe6aV249FqrteTtt1tY42CzZgDt8vEZIyo25wTx65B6ckcZOM467w1BcBLwljsWALhTw/QnAIGN2Mc5zwMcgmrbpHhg+0ENhQxA3enUdAfbg8E8YHTaHdx2q3O5UdZEcjCsQrn7gyP9o8Z747cVjUwFLks6Sd7vVJ26JOy3187pvTVX6KGc1Pbx9+UY295xbV3ZLTXre3Kr+Wp826gpf4ozuytjycnaTkAKTjoMkAjPIGc+hNe5aRaSmylkAI35IJKjOc47fTOMY6g5zXkWqTQt8RZ5giktEqsEGGDAMTgDIIUk4JJBAPPIx7BY6iv2IRhMMUXBPoMAEdu5wBktjPAOB5dDCKUaiUI3U5LVbt8tmnZJW7d3Y97NMZBrCTlze9h4vVNu/LG9+197dXp0TXX2GI4oosqGwpJXg4VgQe49OxzknBwMdG+xDEwYMdpchzt4JBwBgsw+hAwTwuBnibS6UITnJ2p3KnOVAAXt23Djr/tZrQkuXM/J+VUBGGJ5JBIBz8rfN3H4DFaPKozd3FpLfa12lrrqlfta7vZJWv49LNFTvG8n0Sdk+jd7vfRdu7ep9Wfs/A6l8RvCdpHqAsFvtd0q3lMZKhgbuFmYtnGAq4/hyB16Z/fD9sWd/CPx8+Dk2m+TeRX/AIQ8O21m6zKE1QWn2VZhKpYgxszk5bG4EgdTn+X7TfEGo6PNa3ul3UlpewEywTQyeW9vOB+7lRgwcFT82M5GAe9buqftG/GzxNf21x4j+IGq6rfeHrIadot9f3QaTT7VWUpDbOWLooVV2shB46kcV/J3jR9HPMPELjTI+KMFmtHB4TLsjznKcRg6tObnVqZpShCnVhOFklSaUpJ2k0rJ3vb928NvFHA8PZbiMDi8JVq1KmIpVoVI8qSjC11q1eTurWV7n9zvxj8b6J4L+Bvi3xgqaFZ6no3w7u7sWYa3t3tS+lADeoZcnc/yOMnPAPOK/gG8R/Fa71fxLrN7d3rzjVtd1O/mZ3adt8t5Ky7XdnwAMBQCvAIAPFd34v8A2l/jx4u0/VNE8S/FzX9R0+9sVsbm1e/uJIri1AVVtpBvIMe0Bfmzu6spwK+TJraUMrxvuWF3BMcTkuueucdeWzg89Pdvkfo6/Rer+CsOInnGZYTPsZneKo1aValhqkFh6FFy/dSnWbnJzlUu7WTstHZ3+j4/8T6PGX9nxy6hWwVLC05qopzTdSUnT1cY7Llja7d+2rPsLwh+038SvhlET4C8ca54TjuJ/OuhpNwYEum2YVp4l/dvIMn5mRjyT24+UPHHjHWfG3xHuvEOu6hPqmqatdteXepXTs13dyykbpJpNwyc7iQeCAf7q4Lexv5o22afqF0JAAnlwSsFXJ+YYG3PA5yMABR74dn4c8QHxfBCdC1Yu+GVJLWRTsIBVxx0yOB05I+v9MYbhbKMuxtTMcJluGw+MxPJTxGKpYeEa9SEeWShUqwjz1Ixd+VNu1nZWPz6pmmOr0fq9XEVqlGnFyhSlKThGTSV4xbtreyaWl110fYx28pmUAM6tJ8xPPv179eOCeMdzXvHwytX1PW4LMsYojbnzZFYqzqoI2tkgE88gnqcEDgnmdK8BeIApmk0S9AcFdrLgB88bQcH2BAYEAnIPT0Lwx4Y8UaTqa38OkzBTEUMbyCML0zzkFcdM4OCcYxmvqKmX0atJ0/ZxnKUfdiotvZWv11fZXv5I+boVsR9Y5580YKSV22k22r28nqtOrWx9V6X4A013Wea5YL9mZUEqqAQQQMgjOMgds46EZzW18Ov2xPG37FXxbl8YfDex0q715vCd3oQk1WGN4Y7DUEeK4e3IClJmidgGJ3EgAns3k1pqnjh0jja2hQRIdqyXkQMY6ZGSDxxjPBIYg4FeF/E/wAD+OfFGpm/jt7R1e3WFQ2oRGQOpyWyGOOpxggDBAwDz8lmfB2W55gMVlmZ4GnicHiqcqOJo1FpVpzS5oSas0mrp2afRWSPpcBnNTA4qniMPXqU68LSjLbkdoe9qtWns3tbdt3fOftc/tQeJf2mfFNjrPiWO1t/7MjlFvaWod1FxcyGaeVixLEs7H5SOOCcd/jYIIyGB5lbkEBCcELgDHU88g4wT0wBXvzfAfx3MVdodNR2JLlr+EEnOCxY4BKjrzzjGMZNWYv2e/GMipJNqGiwoGxlruFjjJBwu45IByBg5x/dOa6Mi4Ty3hzLsNlGT4ClgcuwVNUsPhaMFGlSp6Plim1a2rbbu737o2x+a4jNMTUxuLrSr4is1KdWTfM3FJWbv8Kj7tmrWt3TXz6wEUm7jczBdrhcnOO4GN3OAQeG4yMV0cOnJc2wlkbEqByqtt2gAHnOeTng5weM969yX9nLV5XLT+K9DhA5wzhiGxjj5uoOd3AHBAGcVr2/7PVvAFW98faUi7SHAkGRxnIBOVwT/e6HaMYGPaeBnFRdo9ulna21ttXZ6K19jzo1tHprdvR7Xa20et3p+iPlm5tRHBMxOTtIAz0xzuUgDn0444xz0u+DZ3s7q5nZkIKRqEJBwB0PPc8DnG0g/dAwfpm7+B/g2KEpP4+trjykZv3DYOTn7vrjvyTxtzzmo9I+GHwp09TKfGU9zNKjLIm3GPmA4OdoOc7QPXJ74hYKaaajTSSV0pJr3uX1ffu+i2I9vKz0nbo7NWb5dna337uyVtjkrbXTIYTEVgRZUO5ySG5G4E5OVIHHGOmBg5r0H+3GnsXVpESOUeWFUDJITJwBgAZByRjtnPJrStPDHwqt4Vik1q+mAkCkopZwQemQrAgjjqCdoycZrqo4vhPZQIgj1K9VXyMQzZO3I7LtOD3B9vr1RwNBaynTi3a2ze0d7dm9HpqtXqrcsquNafs6c0tdUmuZaWS7WWn69vGlkHl7Cwkc7iuw5K4LD5s8hQPU8EcYBGNTSdYvdBmiurOVkurV47iApJgmVX3qc9huHCqQeWwMkmvT7bUPhxbOXt/Cuq3b8su+3lIKk+uPvcD3BI+Y1Yn17QHYNY/DfVJBtRUf7LKxyckEYB+9wBngZ6gnNdX1XCezdOdSEnJWslfRqL0avdb66XV0cy+vxqQqRjJSTUk+ZXWservez6dGtNNXwHxd+JGv/EZtL1XW5ZrrU7K1hsiNkjrHCihFAY5YOVGSc7c/KBjp8+kX5kcJbXG05VUMchySQMjI5yM8n7uTg5AJ+v72XXLyNzYfDLUQ25CHFpg7AOrBkIBxk5weB1wRVKKx+IckrNZfDd5I3XYGnt4iI2wMrgJ1O3LdT34JZaWHo4XC0o0KNoU1soxaUU3d7ta31ej36vQ2rQxmLqe2quUqslaU3Lmbsoq7u09LXd9t2mfKUtnqzTKBZ3gLRhQGRh8u0kcAYJPJAyMj6CsibRNcnkiEekanI8m1Di2fBAbnG0dSOo3dAMjDYr7UTw98X7shoPBVhCBnBeFRsA+XK5ULuBGODnrzycOHw++P1+6C20vT7ZA3yYEKMv3ieSnQAZx0HXJxmnJ0rO91JWa0vzax7W7vV+Wz3iGWVLuV372jfbWN9NtLt3tqr2v0+WvFml6pJ4Ik04aHeW7+bbQiaS2bdM4+UKu5chyx9g2cnkYb2X4eDUfD2jaVp1zp15bXFvZK7I4ZSrSDK5BGR64I+XcOcHNXPFfw2+NKnSLLWL2FY77WIbe0iaSHabsMNjPt6rx1PGOMHt6hb/AL403dxK+peI9NhxEp5dJAfkG0kx8rgYBBI2qMEcVz068KeLdVJ6xSbceqfM2nvpZa99W319KngKv1eNGMW1zJ3abik+VNWstLpO93rokS+GfFU9jqUF2sdwGR8vG3GWypwMkcsM4xkj65FfeeiftLaefhr4s8FeIY7wnWbWE2O92eK3eIboyytkYHboeehwK+H4P2cvHssqJe+ObS2ZCHVoICxxkYwQ2CRycE5zg8cA9NF+zf4jYNDffEe8JlU5jihwXGOBuYNkr2A68DOBTxuIpY6j7KrTTjCcKkGlHm5o8rTV9d13uk+uphhcnr4TESr05SUppxknFuLTUU03bqm396Ovj+L3hVpAkC3jMkIjlYQn52QYIVTxg4JHGMcqeGB0ovi14fi2TG1vPJUBVDINuQoYkAnGCDheePUdK82b9l2zLiO5+Iesh1Ul0jaOEkemRjBPHLAE8ZHetNf2Y/BSxbNQ8ceJZinzGNb1lDkkDjBHAIHBzyB/eJrenmleEIU48riorlbbitFF2au+y2trpu9LnklKcnOcWpNuTtHS7cZOyad/LfpfZs7RfjNoMU6ym0nWMDaokmVOSeOGO4gnIyfm49wBXm+MuiSSqDFbwBlZXaa+hUkHpn5jgjIAPbGBjrWGP2Y/hSEi87VdfuiqhmZ9TdWPIwD84GADnPI5zwKuQfs1/BRJlne11e7iAG+Q6hLIS2MbSm8nnOc4IxnJJ5Oks1xEpJuVNcuj13vZ3T5W3o7LZ219MVklGN7czT35rKzaWu1uvTdaG7c/Gv4d29n5ZuZmugVLqrebGT1LJJyMAg4ORjGBjqc6X9oP4fW7RETXckcQHmAuVILdcEjJwcZxkY5H8JPXWn7O/wXSOXZ4TvJwIkCvdXVwig4yCcyYXOcgHg+5OK1E+CvwftFijbwvphChfMEnnzSlQSMZD4JPRgPUdxV/2hWqJKNSmm2tGu7St6WWrT122WnUstpRjrTvZJXTVpbRv0W7b/AD6ngXxI/aF8Ja/4N17SLDzo5Ly28qBvPEjAjJBWNV/DqSDz615p8F/jhpHgTSNRSW2vb65uJ4iyxh2BxFtQ5YEkjPJGdnX0NfXOvfD/AOFNjoPiBrTwXpEciaXci3nW0lYrNsPlurHKrtIG7GO5xjdWn8M9I8BW3hrQ2k8KWRuvsWZ5v7PSaOVjg+YS6FmOeAc8EgHBBNediK1WTcpVactFHlSTVtHd6/d8+7b2o4GCqaJRSs+ZyTWlrdPlbrbVW1PEbv8Aa8uXVo9N8KajKRGEB8qTDZPG5SmDnOBz64HaoB+1l43aEjT/AAHevIqrjNpNIrgYOSoQb8njnngYIGa+uA3heNCkegabG8mREF0qBSiqcbiwiAIA6A4LewrNm13SLTy4UtrKLG4Ow06IYUHsQg+YNxyTjHGeg8/kjNXfJZtO6UFtbzXXS2uq1PR9hTileXvaaJq2qirpXW97arr3R86f8NW/HW7Ft/Z/w9uFZYwqP/ZV0cgAD07DGBjPIxxwaVx8ff2mtVsbvS18CS/ZL4+XOp0m4ZirHLDkEDPQntn06fSg+INvbSQxKUjXDbNlkg3KGJAPygknA5G3hhjoM5N78VhDK8sK3MgjZ1dIo1iQtuAVhlRkj2Jyc5ypwXGlSpyU4qHPdNNKDd/dd1bVapeVtbsl0U4q0tNn7yej5b6LV30vdarX0+QTJ+0LfLM0HgqaFXJIV7V4iijkAlsAgdAOwwOcA1Yh8N/tDXkXHh9Ld5MIoePAz2AJz35wMfd6jBz9WP8AGN4oSr2zMXifIuLtIcEZIYjcvT5e2CM8YOKwbD4y3sksShLBEiB83zdRRSuSWVgGP3sKMg4759+yOaVlaMqtRq6a95JRso7e7bW2lr3VjmjldGUk1CipXXvOLW7jfVWs7a6eh4EfhV+0Leje9pbRIFUSAlE2E5Hy5J3EE4HOR3JJwNqz+CPx1RiLjVbW0RowySNLA5UDlV2lTtPbHsOOM17afjFcvLKlxrGhQR5MuHvVbaoPf51yQBg4BLHjAFRSfFezRGnl8XaHEhDMY/NRlHIYsuWORjHTqRgDuE80nO/LKTaaTvJ62UXZWS76K3fe1jeGVUItczpxWzslsra6v0vpouis0eQn9n34v30zC88YJZGcB0dJI5C6Dg5UEFFAzg8DBxk4UHznwv8AAjxPP418Q6RdeMLiG8tmQu0Tp5lxKxJEgcn5AuRu6/KeD2P0dL8afDJjVrrx/pUUoLKZVdfMjjOCyfeHy8HAB7kEk9fm3SfjT4J07x34p1hvFMU0TuYoZmkYNc84LoysMYYc/kDkE1zvM6rceWm1yNSTkm1dpXdm73tdu0bO7vZq5rHAYKL5XUUlJK9nTdvg5tIvR67u/wA07HTftRrFe+OPCK3qeV5mhWsLsCQhJlOWxgDkdcLjg/Q/o94P+JGu6p+xZ8QvC2jRWSaJ4ci0LTZZ7VGSeTBO8sdwRpDnngnPzE7sCvzz/aptkufFXgCRwtubzQ7cBYycRgOe/UnndnOQR06V+lP7Hn7LniH4nfsj/tOeJdD1aW50Hwdp1rqt9Cup20E1zPbAM1ullIwlmdixCbFJLdOev5F40wpUamXSr3XsM3wM1a6spTpxk2k9IKLbbs0km9dT1uDq8p4XF8sk6dShNSfMo7tqKt7z+dnp5H5D/Gy2vDolhczr8zTwMhJDMRsTLSEZyxw35AHjr6V+znot7eaBqT2qszi782FI+DILpTGvQ4wcEZxk/MBhhxR/aE0U6R4V0iOe1u7SQwIzRXkbpKpkG1NysFO1sHa3IIHTFdl+z1qw0Pwle36GNTBHYOdwAwyvlieecDgHAPo3HH0OVYmFHLamIpyU5Rw85RSd1dKPLdr70vNjnDmrxhONlzJvXs9NVbrre2tt3qeUeN/h54gt9ZuxcWEqyrJNLJBvBKl2LhscFlYHI4yByVGDnwbxVoGo2ZuJHspoVjiJkwMjBxkscbgRjGOjHjgjA/RXx74x0nULyKRWtwblFEs2xgWLIGYbhhznOR6DA4Gc/KfxV1G2FrdPYH93cRfZ2KhiGlUfMQwGCBgYBzn5s7elZZdmlfFOKqQS5m0mn2aaau7dr3el9jjxlCjGblSbevva6LSPTdLVdfuOM/Zrcn4meH1VQpW3nOScYOG68Ag5zz1zjqSuPafiHq9/D4u1i2j061vIxqBD+acOBtBCqc4ySD0ycn5hnOPJv2cLCf8A4W1osMgAZbCZi4BUDePfjOCAcc9RgkmvafHlgsPi/VJTG1xMusII0QMTuIHGOhJ/h7DgcDNexmNaNLCwc5Rb+Kz0UVo/w1s3e7T8iKF5JRtdK8dn0stErvZWvto+mr4W6lv5Bbmfw41sj+YCLeUbm2guSVAI5HKnAPUDGPl8au9ZsrrxhA0cc0MiyLbFGywR4zjDjIwTj5ucgnk5zX2Vqvh2VPCr+KbnTdRsUiuo7O3kkjmNtJIYQWBmx5auASSpYnJ7gED4Ttzu8Zz7tx/4mM8gPAGdxYdM527ecHB6g5xnysnzDDY91FQqRap1XCcoNNKcXDdJ6S1d19+501sPLDyp3jK8+SUbppuKcbWVly6XVr6JpaH198XZoydAlXUIraX/AIRixAO4h2woPAyOcHAxwDkclSD4NaROzySPqGVZCAp3deGyQGBA6Njjg/Suu+O0zTWfgiV5jAH8OhTt4ZtkmAc5Ck/LtHI4546n5taedCnkSzkgAHdMTwMFtw3cEHPcZ4JGeK9etSlO3K1bSz7p21a11/4d21Rx1MTKnVSSbStdau6urXV9la3XXa3X0TWYJk1LSGluUuVeaJSisPkRZl2lgP8AZ5HA2jOQOp9V/aDd7nw14Agt7dxFHbs3mZKqQOmCeuc9TnJzkHk187aKLiXW9O8yVpQzOQJGZghBydoyQc8klsEBRgsa+2fHXhW41/w54RbzYBFBpnyrIuRuCfxHsT8xUjGASQOhrGbhRoc1SSScoxdknq1Gyb009dN+iuduFlUmnNR06p3s3aO1mvds97320bR8DSWjCRiYZS5UME6gZAJ5wQRkckjGCeBjFW9Cj8rV9Od0wouUwoOed/HA6Nn9Se4Ar20eC9Rt55itrFJCRsV8b1bA65xwOOMkdfYioYvCNzBdadPcWAtfOuHkhlMbKHEUZkyD0OdvQcZIHIyTzQr0pTjGM4tt3VtdNOyV91t16vY7ZScoXlFrq0+bmWsVdOyTvur7vS257r4wlhHwU0uExSF/7ZlkJwwIGFHI/D0HB7D5q+UriKJiREojfJOArKMA5JPoTuPUZ5AJHSvtaOAXnw30rz4o5Y31CU+WU3AuMgkg8kZHqOmTwK8vPhu2S4kFza26h8srGNtoVsgjAwFxwMEAjnsRnWpWhCo4t3bt3XWNnpd3W19ba9GDS5YKzd+qT623Wqun+jXdfNsFuTcckbSAqkgYL9ckYzn5MEc5yTzX3br9uD+zXpsrRLLuvIiw+X7wA68dBtx8vA/GvnrxB4btba0jmt7MREXWGlUnBwpGcdSM8Ed8E5BGa+q5NJmvv2dNNU8RJffMpXOSCBwCpzx0x78NkBcJ1r8kobc0bdrLl67pW7+vkdWGgnGavKyTdvNpfF8notk9Xd2PzbvTp/26cy6YQSx+4N2eBwwClTzyMdhnOQAH6TJpcGoWphgeKYzR5JU4AZivXAA+Z/qRhu4r2bVPCyxXEjPGoLsuCY+SNo6HsD8vIIABUsQBgcxdeH1tg1yYSDC8RD4xglwQBtxk5xjkAfz0daGivq7L0e3Xtord+iVjOGlRLV/Cr62Wsb9LN2VtddT6o+I76db/AAM8HxTtDNt1aQvu+9tIXOFBzuAbjjOOPevkBhpcuViXbGXdi6LjABO0Kp5PYEDB5JJA5r6t8YWK6n8JPDVm0CE/2jIwkZsOCUHKgE4BAPJwOnBJNfMF34Suo1eO2IJ3l/lZgQCcbRk898k9PU1FSKb1a5e19Uny3s/Trq7J76I72orys7vstYpvVebu9nvotBYLayE9vNFMAFK4VRgnDjOV7ZPGBxknkjiv0FXQ4dc+Fs6CRoPs+k2suduXlYLwF3DknHGPdgAea/Pe00q4sNRs4pkkUTEIHc5XJPBA6Hbg8demPSv0IjmvE+Eh+xyGN5dOjiiYAAmRCVQnLAkcE4bG4HvnjObUaVSKk+a22l00o31Vt21ZrRpII35oPVpzhrv1jr10s02l301sj5a1jwtDFKYbeQNL5SNl1ZWDEAsCcqOhPbHcHkZ5fTNOnh8SaMhVCfMVw4JBGHU59AB0xjqOta93ceJ0ume5gluXJVSzKSvQHAKgcDIU4IIO3PGKr6ZLJ/wl1iblGDR7ZWVQ42tlQT17k8lie2e+PKoSn7S0pKSb3i9dOVW39U3ra/xI9epGKo301snrpbR69ItWasrNXer3f1H8fI4jpXgUzylMWHGEY5bywMY54O3B7ZOcccfOFtpto2YUuGVpW3gPGWXIUk8YHy4PGOOxyRmvo79oW7iGgfDs7AS+mHG7cMful5/2sZwcE9MHoSPmPT7y2a7t1ZWJwQMFsAksScZxjGAcZ5yRnvzYiTTa6uUU29P5V3bvfTZaWtqdGAi/Z02mtXG1m72clF3dlpLRWdtdXoeu/CWzeLxhpeH/ANVfB94UKMKVO0AcjgY5AzxjmvTfjrdk/ETWA06nzLbTyCm3IXyEBHP8yf4hwO3nXwm8ifxjZgIzYuX6MccAdjweeTnPXkcE11Hx0kt0+Imo4mMebSzWSPIw2I1U+nUgDoSOOc5A8jFtTpJO6vdb3utFo7vTe7u3e97M9TDJQr6PXlel2tnHRXSfR3Td79ltzWmyyGK7iyrrtVg2PmyM4IH1Aye/JXjIH1t+yw0S3+uqyyHzos4JKhivzuecHnafQbQCD0J+UfDdjDJZ3E4ugJZRtUMAVICE9uhIxjkFTxg45+qP2XJJRqupbnRUjW6Ysenywtg5B4AAHGSM5/H5upZ+0svhTvpa17ddNdV6JeentJ2hG8neTS9NYr1+Fted7a6W5zxNp+oHxTq0tvZuqvqF1IjK+CcyvjB6lgTg89cgjnie0tL57iGa8jdPIwN5cbicFsY5J55GcdOnVS/XvFdrLrN1FbOks0d1eK7ByFjbzGXKk9MbPu5PLEEdMZunX0sxk86V2LOGG47o8s3qrcE8DB28t/s4Pw+Y0m4uSgou7etttGrO102/ddvTVI+lwc0uWMpO1o7aptKErOy36a6W8lr9afB6df7U0B8kA6smGdmxkuATjPqB8vzZIOPSv7LP2P3x+zz4VwTgXFwOOMjzTxzng8c5HAHYDH8ZHwgiPn6FOhDEaxAV5z/HyeMcd84xwO2a/sx/ZBLL+zz4SJbjzp84xgncc9hgD0yPzIFfxP4xyTzuEtE1hsTB3d7csqT0Vl+NtfJu33ObNvhXDxt/zH4Sa13bhV0W/wCmvdI+lvM2lvkbJOO2QcnjB4UgLjGQMcjg7i9JeoycZyAc8DB3AYPPOCTnJOexFVmkJycj5RgE4z1x/jnijzfukBSAM8feOefwxx3GcAf3q/A3i1Fq0k37vxOzS0vd3626dd3Znx3K2knSa010a9NGkldb2bTvddUaiT4zgA5I4x0yBjqcbfyJ4HapFukAAIJI6nqBnnoOo5JwuRwABxWSZmUgptbOSVPQg/kR97oT68HmpDcEEFkHXOMkqcEHOMnA5GeMnnjoT0UcdNNu6SS00utbd9d2t9LLtY5ZYe6+FWs3f4XvFrS1raaXbumvVbKXSEAhQCclR3527mY4OPbnPGOppRcoSV4PQZznklgcL6AYyQO+WAHXG+0JkrlN5IXqCOct659hwe2D0y4SkHueCCBw34npnoRjAxjI7DqWaTWnPG+mt2tHa1le1lt17WOf6tF2bi4p+9aS3bSvttyt6vS6+V92OTcCDgkDkk5bAU+h47Ejr0PYkzLMBtDcEDJHUADOTkc45PI9PcmsRZWAG1SxwOcg+o556DHK9CDwOMm4szr1xgggDGcdOMYJBwQMAAk5IxgV1Us1cWrzkknF6axezW7vo7PS211bcwnh4pWXL0WrtbVJ29Yt3v8AhfXRW4HYbT1UDJyTnHQYP068988TLKSQAAu0gnkE5PrkH72D045OKxBcMGwR90nDEHAwMjI4JJ5JAHHUDBqVbpQyggAY5xnnBBbB6jjgZPUDnHT06ebSsnGeuzdnaKdrry03v2v3OaWDUneyu1fVWd3yq91pZJPW3TTozcMgHUBcE8KeRuJyeO/XrwOvBxT1kw2QQeOD0B7Dg4HJwM84HGRWQt2uSAQeCoPOQeB1A6DIHOO2CBkiwsm5sA52dMr1II5PTA753HvknJJ7KedVE09tVondK9k2r/nd3etrmMsK1y200WrWydtLvZpJapu+r7taS3Dhc5wwDbsktycjGAc9cYxk9wR0qdZ3wNmAzsCTlsZ2qQRjBOOhCg88HOGFZJkYkn5S2c5I7EHj6HGRn5jgdeyifb1PAGTjHy56cYHA6k5BB9eSvZDPp2s/d22vayUd/O6Xdp3E8NGyum0nZXtp8KSurK39Pz3RcNuOSCAACxPJxjHGcZxnpwOg5zidbhQdqk8DOACQOfQrtOfQZ6jvisNJic4HzY43He3Xj6AjnnIUc4zxVhZHznackAEsOCccfdIxjIJ9M9Oue+hnlaStCbla27bu7RettddHf71ucE8LG+sbPbey+zpF2avq92tWmupsrMRyGXJ+XBxnGecgnJz/AAkjoeRjOJklZcndlQ2VJy3bafvYGQMH0OOuMGsZXHdkAweMnj2zkH1GDyAcHnoqzkMUHzD5mGCQoIHIwzEjnAJPUrknOM+pQzuvFpy6WWj20Xbdq7XW35c88LF6Rv0b3S+zbV+drW9LvQ31lOASSwODywVsk84GQM4PcAdc5OasqwycHocEkZGeT/sgHjkHryOeCObEzEc7jtwc5AI43Lgg5IJ4Jxuz3xwbcfnYALMCecMQT1PbkHvyevJJ649WlndWdrQlKz2u76cutnFJO60X3XOWeF5bNys38Orat7uiafleyaf3m7u5JZiOMg4GMdCoI4IILD7xJ7c4w+KVeCS/yg4JUgH3A5Jyc4HY9zispDMBjcAvJ+6QOfXOT8xxkkYyRyu7mwBPj5s7c8ZK5yQRtJIGTyMEds45Jr1aGbTnvTmnfZ6pJKNlps9etm2t1ocroqLXvRd1r6e75rWzumvM0AwHPUDAXcoLYbGMbRnpnPb7xPrTwxbJIJJwAMgD1AznIIHPQkAHGR0zVSXGOQBxk5YkhSVAJxnjJOCSWA685sLDOwAbKYyThuSPl47D2B7gnkivQjj600l7Od73STSX2bb9Ott156GbppP4opa+dldLRbee93ptZFoFn44B5yQOPlOT+HBwcE8juTmcL0GegGdo6MTjGOuOv4g8npVNbeUEYDAHHOR3wO2c5JzjqSMgekghcHAZhngsQQCOwO73PPU5HGc4NxqYif8Ay6m21ZNSeiVr3W9tdbau3qQ+TrNPta8b2s7Xeytora6+jLeCpB4zjAzgqM+uO4wTjHBIznrTlJBycHjLcEjPqR7565we2cVXSKRRyOSQQeDjJAHykZIPr2Oc8mp/sz9cHAGPlOQecDoAePXpz0rvoxxLSXs6kU2tne/wrWyW3VNXd+iViG4dWr6K6WnTre9ru60v6WsnhjuABYAkgYPcc46Yx/e5HB5HXE6sRuBxycnnBOcAseOB+GOhJxkmNbd855A/hJJxwQBuHAIGR14I4wDkCytvJg8ZbpgkHOO2B1wBzuIHB55OPUw/t3Z2qKV0lZX/AJbaaNW6u9r9jCXJ3T8m1vo7vReluut+xGznyphuOPsl0eSRgi3kHf7o49xgk8ZxX8Uf7U2sNZfFzxmV0u61JpvE+tOPszBNn+mSjcc5yMhhjIxjlhgk/wBsMkT+VOG+99lugMAgY8iQZyOcjkYyB6Y5r+Jf9qGd4Pi94z/fBNvijWodpyQ2L2Z/mxgDBJz2PzH1x6eXVsRT4k4dm5zi41sSo9Lc0aCe+u9l92nNc/UPDejSrYHi2jNKSng8HK17L3alZ62u03Zee7PlLxHrN3PJC0fhy9+0MIw6tcIuxCeCVKjDYOQCQcNx3x59b+M7N9Yj0X+x7i2mN3tLSzKP3pAXB2AfLkksQcc5HUiva7/VjDJDHIkNzHMYtxUbpFI4OW68kcYz7dCK+dPFuomx8cJqkOnsbdNu392HQF2Ctv2dHI+YZIPAYncRn+xss9rPDwU6zk5U1K9900mk9ErN9U9+2h8NjaeHhiaiWHSj7Sz96bau1pr0bSWno1oe3al4I1oGS9+yWc8D26urCVgE8xSR/Fg8lRvBAyCeCMHxW91zWvB17dB/DcN08itvnhudoEXITrjBzwRn2GcCvoL/AITPxHdaBILOx82CW1jSJWiBlUBBlQrLu285ySRnHJJ5+fNd17Xp70xyaQzK0LLKhj+7knMhxnkEHABrqwzxSqNSqQSbe6ta/Lp8Tul9/oYVFhmneldqLdlv0und25bJ2ej7JvQ6TUPitIfB91az+Gprc3Gi3aDbOu1WmjbErkHPJOSpIyCRnGa/PGfVIpTpV0tnIzLeXEeFYKsjrMWYluTgnI3cZB/GvuDWdInl8E6xdTWkvmLCqRnOCqH5ioQcqpwWA4HAz1NfBcQedNFhDvBENSvkZpFAAxM4OOmGGMKSOccA5yO7DKTqScpqXLOPVtXUdHezSVrqyl06CnGlGMIRXLGcbuy10sr3s3ZK708raWT+ovBuqaXPoWppe6LebltLzZMjFtzi2d1YkAnajcvkkDGeSMnwbwoLa+kc20jsVuJ0l3q33zIxCHAwSB8vI6fUZ+gPBthOdKvYba8RWGlXvJYFApikySCc5PI5HGR3wR8q+ArDWBrV/DBIXjiuruSVC2F/1rrkgHOG6DpnBPSvTU5SqRjOK91xVlt0u3ZLVbtfocMqVKnByjLd8z5vstKL0emjW6t0dnazPoTSdK1NdK1wpgolhOyLuUtgZJAxj7w5BAJyCTj5a8k0mTXlu4I1SdY1BOcDBGSxOAScDb0OT0x2A9q0s3lvoGvvIs246TM4Zd4KMAwwueoGMgfUnjOPnvQfEGqR6gu6WZgEBRcEg84wTt4288Hn16ZrqrU4e5aN/humlp8KbWnS90/JvY5KVRXneSbUk9ZWTso2tpdWt09LXPoSPxPrFrotwqSTxtDEoEkYZWbgH72ccHsePU5AFP8ADnxi8Z6VdIYdZ1G3jWNVjeO5njcBVAG3EgAYdiVbOecjGOHk1zUX0HVjKAUUK+5cZAOCuOMDrjGTyBgnGBxFh4kZrq2W4WPDIANy7jgAjnAIBwcdNvP8XNc1TD0nOLVKEtVzJ01b7K9691drXvrtqaU6jlGSbt71lrunaz1s97+lj7Y0/wDa5+KfhqK0ls/GXiWDoNy6jPjIAIO1pOGGQOR7ZAOR794L/wCCqvxu8HRIJPHOr3nluTi5bzgACMoSQSwAOCcgcnOc1+WPirV7U6bBKhJdWcFkYIFO7lSCTggYwAfbPNeQ3OqQhHxI5DgMSSAdxznr3A4yB1A9648Tl+FraSwtFvl3dOKk20lo1FWT9dlfZWHQjTlH36nNGT62aa0sla+l/Tr5n9F1p/wXC+J9pYJb3LW9zKi7XnmG1iGGNwJ/vKSVAB5P3sjFfMXjn/gpxrnji/n1LUrmWJpGaSRRIRGcnJABxwM5wOeeoNfidd6um0/vHwjAAbiSezcepHB4GO3Qk8leaq/70+a4wcKjSYJJ9s54GCQOMdcdK8WXDuXqSqOglJtXb26X5eZ3VrvW6fdJWZ1QpUopypumm2tUknoly99tkm076+Z+tHib9u6G5tZVU287mKVI1mUuwLhhnc2ecsdxPHQDgcfBXiz4wweIdSu7t2izcSSPIqgYLSMzMFz1ABGQTyeB0NfLV9qr7mJY4zlSWOD1BBOeO23k5OO3zVytzrCxbmMjktjcG4AySecdMcDrxzycYr0cNhKeAg3h04qVm1rteLdte2u+iba0ube05qUYtqTWmurvZbvR2STWjs+j1Poi68VQT4kMiBGH3TgrkZxnnIGOQOOevJxXluv+JUE8gWRAMn5l5BUAYyc9iDgcf4+ZT+JWIUBnI5z84+fgYyM+7HJPtjrjnr3VjO6gZUlmySwYA8ZyM89iABxxx3Gyq1rqd3bs1o78uml9e2jeiSe7MI8rvB8rTklez0vyvt1s0trdba27eXxUoOGf5lOBsUjPIzvHJAPIGTyD6Gon8VAhQzkNnBUAgD8cDuy5DZAGPQA+dG4RycPkrg4A+8c4yF9+Fx94Z98mBnVt4JKnOQTjJbjBBGflAJz8wxn2ArdYiSiryTflfR6WTS03006tNWWwqdLfkTeibaVnpFp66u+299l0Z6G/ilTlfMx0XA5JJPY4J4Hf/JRfEwHHmgrkEBxliPUggY9DnOR7YFec5B2sWJDNzlhjIAyMjBGP4fXBxgcBS4BJyCC2ByAQoI+6CDhsEDpyp9Aaz+sTt8TXlbV2tomvlq2n57DVOn0gtLJe6lZe7p0SW1/uPUU8TgAHeHY5J54xyCcAc4A9+eSScUh8RbcHepDfKMgZAzzuG5uRzg89uSM15qJFUdW9OT2HJHqR9e4wQOKmEiAMVkypVgDgA8kjG085yRg4yeoPBBzeIqXdpeibdr3XrquXpt1feo0o6PlVr+9bq0lq+qSdmnZdrno3/CQB+MqApJX5SN/yk5DED5eMHPGOvFRjXFYYBGSQSVycnI4PPT5eR1xzjGK8687IClj8o3E9iCCM9M52jkfgMgEl5kcKMS8P1VVwV25JyOcHjkjODwOekyxNRLWT6eV1eOyel15q9/vD2EJXslolbSKs/dXV3d30Tdm0t2ejjWVI3K8eG4J2YHQ5bBAx7cnGOPdDqaEYDoSnOQDnt3znI9z169K8+a4cZAYhRjscnpjK5Uj5WyCCccgE4xS/bQzABigzzk8cHA9Ce/Tnjp0pLF1LfE9GtNU9eXs3+Ltp8xLCRim/ZxbaT1au9tEt97L52s7noyaoNuGcDnqwxjkYHUg5BwCcHjGcnNW49VRl2q68MGwBkYBxwGOD04yB2Kng15yLkgne5OBkcsc555wRgYwBxnnvnmZbpQQMsMMCcEArg9x17984BwfZfW6l1ad/5neS7NWtvttp5PcXsIctnTjy7/J6Juy00T3stGu56dFqbgHEm1zhTjg4PDMMEA5znAyVPGOw24NYkj5eTkENksS2CO2MZIPT5s5GAAOnksN4Wz85H3c7i24gehP3Sc/w4HTB7VqxXuDg5GAME5JDAjHoMDuTyD7cnSOZ1YOzd7atPTta2uq009Lq+hhLAUp3fKrtX0cU7JRutHddfdd29dNz2a08QNxiQg5ACkkY6cZYjDenJ9CemOvsvFcw2Os5UMoztJxkHoQ2Np7cZPTNfOkWozKykyYBGN2QAeMgEZBBBBIAIHZuhzfg1yaNlPmbcjoGUgKeBx0K5OccDruIzz7GFzOXutu17Xa/7cdlok9nr17WPIxOWq8nGNtrXbs9FbVPu1a+t3e7V2vrPTvHMyBdkgDlRu4YY2jnpwQwHVjgEEe1ek6P8TriNkZmRiyBcB/lIBy3yhjgdMnHr2Jz8RWviKRWAEuSAFb5gVOSM8DnpnnGMkfh1Nl4kCumHYkKBg4xjvtPAB57+nHHNfQ4bM4SSTkn62TveKd93bzs0urbueDXo1ab0s7W1krPSz0s7PXfe3kz9DdI+JEcmwOsI3bVO5lG7OCeWBwQO+Rn5fqPSNM8YafOylZLYhsZDY3DA4GSME+nGCOvGTX5uaf4u2ugJlBXcMhmJY/yJIznOc/XNdrY+OzFtwTvJxzIcHacEg7icfMB3AIXAwFx7FKvRly3ttrrfe1le3RbWs9GrXaOH2lSOj0v0vZr4f00V77aas/R621tXQlYbN+BhQUBbnOQc5yADjrjp93psQaxGyjdaBtp2jARl75AIGcAHk8cknPBz8A6b8TdhVWuJIj8vKyPzjjA+gGD0OOAeK9C0z4p2oMYbUZlXHBLcqTx0PzEk8EdsdcA10KGGnvCDk3+aVns7t2Wnkte0c83dqXbRNpJe72267rqnvY+yP7UswvNqitkf8sm2gZ6ccDscgc98kA1C+sWavk2q4IYn9242kkqRjn5cdT69D3r55s/iHZToGTVyzE55deQR1BP4E4yeuR3rR/4SgSKpj1B2LDnaUbd64AJwT6feIYYx1FrC0Wk1TV1ppHpeKauo9Oul9F2dpdWUUtXd7pa2+Hdbu2u9r727+9/23Y8KbXqC2Vl27gBnJXJIGcAA98jg8VC2saeBk29wqlWBw5HX1HbkjGG+UAlv4ceInXwQHN3KflG07VJ+o2j047jjJwScsk8RlhgXUhJUeWpHBI5J574A+9kHPzdK1jgqC19lC7dlG1uitd6X+7rq+8KpL+Zpe7a19dlvrvbzSWlur9wGu6UyFVjmTLIQCZNxwAOdwAwOR3wM5zzmu+q6TMAmbhVG4HD8cYYY5Bz7574JAwa8Wi8RTsDIZmYD5FUoS2ThQG4zj35AAPNSf27IrD503NkAYAJJyeRxyM5XGcnqMVpDB4dWapRbTT1infbTbS6St5dErMHU01no1bfZ6db3ts766d+nsA1HRwVGZ2YHk7znjgEn5ccZboMHPBzmtWHW9PXaRFKAi8fO+0lSMZycFSuTjuTwcdfDE15yCBIgZnUAsP4s8njttB7ZBGMZGTfh1104kcKS3PXlVIxt+8RjqRjOScZGDXq4SFOjK8aFK7S5fcT2S20etl5NW89OWpySsnOydmld3d2t+qSunuut3dH0NaazZPgi3YAdA2MckE4zzhQRycH3JrstP1+3wqqigswA6M2AMH268Y4HuMc/Mlnr4GN0rqCNxIIPORgADBwQcEcDuO4rrLPxGqogWQ7gpA24y2c45z0xz68Dk19HRzStTioqMY6LZcreify1fbfd22x+pUar0lvbqm7+71urduqWmqsfS0GsOw3ISQMjG0Kwyc7jnAHfDbenp304dYdc5fk8ncOVxxhTwMBsccDHJ4r59tPELAqRLIQRknccg4xjG7tnA3fWultvELNgOW5AIVhngg9yOSOxBwMkjqQCWbVJK0pWdkmkne91ttrr+nU76GWUVe87XtrZO6bV07arRp2f3Xdn7hFqzsSRgjAYFTgjPp0PPPbgE5BJNWhqfUupGcFNwYkKMk4Kg4B3AliMbvQcDyS21yM5RHAJGR1wM4yB2zyQR0zz1xjobXVGlVmSTnAG0nPynjABzww5OBnJHHTGLzGctOZNXW7W3u7Wvq3bZdVZXZ6lLLqEVeNS9kkr2bvaLemj/Pza1v35vw4+UDawGCWIz0zjPTOADuBI4GPWFriMbiMhmG4jgKGBO3DdQMEA9Mfxelc/FeFgw3K2QpOFB2lDyFIyoJY9FOT7kHM4nZtwUuq44GM5Bz6Yxx2643DOcA8lbGNq1r6efZWW1nZbq3yud9OhGLilFSsrXenZvSz7pXVrrv1luGUggKAAhcqBluRnkgn5cKdw69eM81hTQQuWDIWaQKUOzp9evHQ84bBORg1ekOTJywwCV/hHOD1BI4xgA8YGRnoubPK+8lQSJMEMByAoAJHJx3x36kluteXVqcyastdX3skl0aeneVrO/d37qNNRk+ZvRO3S+19LffbysY91psB42qWO5YgRhiCOMAAc9yOyjsa5O+01F/hffuwQT1bICgZwMLjIUBj+Vdfc3HlnJHz7wELE7ycZyeAeBxkZz+IFYF3dDKGQAAsxAK/ePAJbjOD1BHbOcE181jI03GV0r72avd6btW897Wtptp6NKSXK1q7LVaXSS/Dz3207cPcaREyHC/MnJBGcEsSME5J5wcZ7emKxZtHUYURoxQcngMN2DgA8Zx+uQx612NzewB2VV25cFm/8dIA6HqcAjjI3BiSTnTXEAG47jwwOFIJJP3jjjk8AnnPtkj5TFU6eqVlq7d1to35PXVa9Ez16FSei0a00u218N77vS60a6PTe+BFp6JjKbVQEkBSGweAxbHXK5JPIPUAAmtS3sBv2q5wyLg4OEyeAeCchT83TqMKOWqWO4tsgB1UyYAIzlS2QcjqRjn5u555ORt2PlEBWZWG5gCMbjgfLycZBJ78fQGvKtHmXa6W+rWj3im0m79NXfRvf1ElZLRtpWulps4pJW2s7rq7363dZ2rq3+ubDfKNwyAeoOBk/M3IPfIyCDtrr7CG5G0mQMpxjPAJBxyMccYGScnJGSAMssbKBlCvgMCApxyW6gHb7ZORwB90gba6S0sYmQFBhhjC/MBnoOpGRkgkdcfp1Qs7WaWlk9b20vv6dGnpt2wqJJpWeiTaV1qmte+t02lf9Hp2v2ngkArvA5OI+OegwOmB3BOexxXVWssoVcoVO7OMNgDONuSSoB6DPJBJJNYdrbMuwMQCdxK8lRxnqSPl+X0zxzjmuosXmRV8tYmTcPvjcWI7ZIyOT9OvJ5re8+XlTfK02uultW/Lrrp16mcVbSXura7Tas0tNH57N6Nva2tyNxJzgAhSzFiQODnbkNhsjA43euMHJy9QiJjOAAACdwOcZBycdM4xgYLYzx1ru7LVYQAl5o1vcgZBeM4JwSTnAA+7nHJGTjtU87+ELokXFpf6cSuMwEPHjOOQFIIAzwMYB9BivPxUJuLXKmkkt+rt5aaXdmktdzvw8IKzVWN9HaV472d/O9+rXnrc+etRjcAqdjsFOTnjac8k8jA77jkY+tedavCpMilQ5KgqFHQ5wSTxjrwfXBHevpq/8JeGLsyNZeJPIZwyhbqIjPzYwxOBxnOMYJPPoPOdX+Gt+xkax1bTL1CrEKs6q7BSTwGPBAHIB4YHJOOfksdhpO/utNavrpf4vh+5Nabqz2+hwqko9JWs3KM1v7t7pfl622ufKOt2ykyKSxXAKkDPQMOAeQM4AODkZIByprxfXkeMOiL84yc56nGMgdcHOdvT1ySSfqvxP4E1u2LsbRSrZ3NDIr7sYznqB3Hqenevn/xLoVzAJDLBOAGJDFfUHrkcjIxjceGGePu/GZjgpSTbWtnrbXRq71XT16vbU93CVJU2rxaXbq9Y7JK8et3rpbVJHiSx3KyEpLtAC4y2DkseCuRliSeMEngEnJNaSf2wMNG7MAOqN7DOOo79uQMknjjL1RLiylkYJIAWJw+AvX5TyCepB77RnJOM1Sh1y+iIZuP4WHYgDrg/N7Hp0PJxg/F16c1OUXFN3e+m3LfXXa91o9GrN7r6nC1YyhG7fnJdNYtK90r32vdLV/Z06yPVdYhIzG24ABcgFSARkMcH73J6A9ADWrF4o1MoCyqpBCEmI4B+bnkZ6c8Y7gZ4xxn/AAkc5B2lCwHGOMEEYznJ5+Ydu3J4Itw+JJAOYYnBzkELkYI59SScHoOQB6482WHlJuUoLe6s29mlrpps9V1dmnbXuVa8uWMm97Xe93DXTbVvta+llY6ePxJdhizoGbnJCtkg9sDHyjHAI4XHIJzVqLxHvDGS0QZOQyxgFcZwSMDAzkNkHGO+BXOp4jsGBWS1UbgmTGQCSBjC4wc9eG657cLWjHrOhkFJIGQnn75yvTkg5HIJBB5Od3XCjF0pJX5JPTS2z+H4m9k03tr22sawm5KV5rTulp7ysnpe3l5bNu5tLrVtOrkwqhJILOpYkDIO3HAz1PTn2qVp7CYxsyLyMkqpAJJONwB3BeCMgbh2zjNUVuNCkjDxl0JAXyxuG7Izk9iSM4BHOM54BqNpLZThG+UgbSowR3HTHY/xE9MdMVlLS1lJPRpt2VrK3WV+6v2s+5TqJa8sWk7eq93VvWzsvdbvaz9DWjs7R1O2Qx7vmB+Y5yc4BPJGfu85XOOgrRi0veuBMQBt2h84YAjOG6kH/ZPY4BFc3HcIWAcMAPmPJHBzgAZbgDtwcEjHGK2YdQiUgZ3Iq4UMefm4zxkEg9QencHnGFT2vLaDbS6O12l2eu+1reba2NITpaJxX6pWWq31u9N/Ozub6aNPIQqOoBA3HjLDHb5uCB+ZIK576sGh3/l5ji3MWAyGJJA9Oeo6MeM88c848OtSR7VjCZ2r1wAwBBwevY5z1P3cdTXTWPiuSJE82CN+dpCHDELxznBB5J4GO+e9eXXni4q6jz90/RW762809dLs7aawsrKTlG1tdWle1t92l27+eg1pqEChZYp1JXlgjAZUnIbj7xIbOBk4XHTBtQzMinIlibIGdjA5yOcYzww68DGeAQa6GHxXZXQAmRouAMMNyknkkggj6Ejr2PIrZttS0qbCK0JSQ5IdF6nsTxkDJz1x34zjw62Lr3vUoP8AlbTbvazTTtvv913fp2QwlN6060bXVr20T5dX29N+61Ry8V2+VxKD/fdhgnuPujg8HHbp1wK2INSlQIqlQW4VkbnCEfN1J5ABwOpwQC2BXaWul6Je7VeC2ZsFfkZVPIXHfG48kt+mc5u/8IDYSuDFMYty4VRLkADkkdxjA6Yz0B7V5lXH0eblnCcXoru7WvL3V9Hdav5aHfTwNXlUoTjJO1opryd2ndO19dU99Ve5zlpq86BWWaU4yDukI+bnoCRk9MY6HPbNdtpWrXzhSXJVWUqpbI+YZIY5GcDlcDjpgZyYLf4cyF8R3AK53LuyRtyeB0C88YPJOMnnnq9N8E6jblPk34KkKC3TBGSCD1PHPPBx0Fa4f2GInFQtdct0+t+XRd7Xsvn6LCvGrTi+eLXdp3ilorp67abNbWsdfoeo3R2M8a7FKdznOORj7uByWAyTwa9k0PUJCIgyJsJLc4yQuc4Ld+CcDqPavM9I0e5hIR7dhlsFnztODjI3cBsHpkjAAzkEV6totiVCZQELlScEHIYfdOD35zgZxkHBwftcrwtROKjBcrtblte2m70av0dvKyR8zmFWEk3KTsuja1emlt92k3Z2tur3PXdDvnzEPKXAQdRwVIGDgDBAOMD5sYr2HRb0HblcAYO0j5cEHoTxkdBngnFeQaHYnapKsMkEdScH3xn3wOOlepaXbFdjAsVYgOwxwOMY5GQT16gHGe2f0fLKFZKMlbpa6v8AypPXbW7fVeetvisbOMm7dWk9dm+WyvbVbN7bdND2LSrqIqOVyUUHAO3I7sT65x2GPlwa7iyuYTsPCqdp2/hg8HDd8jseh55ryjT0dQqgsMgDryeh5BOec8E8cnHOK6+1uJgUj34OSuWX+vYDtlugJ9K+3wc6tKyUE4pJN66K0b9Oi7a9Vbc+YxFJT2u9VomrNaX308n3V733Xo8M8bYCEHoeNxG3HA4P6Z64AzmtOOZBtwQAWPDZy3rjnp3zXn8d68agHacAjIOO/wDERwSOo9CcHpk6UGpICqSblOB82ckHg+vBHbpxkNmvVjjLK0oOOrve92m1rr2fot7WPOdF35bddk9rpb3vr9zvo9kd/C8Z+YY5HDc/LkHIwSSTjgZGflwflNWd2NxHORtAORkDJAA4yx9RjgfPwBnlItSjGw7x0IOQeTxs28Eg43EtnoDz1Fakd2jqCZEY84JA+U5wAfT2PPYL7ZOrCdmpayei0a96V7Xeq3fZ38rp6RpNJPmVleyl1aSS37NX8tEtEr6qtkMrDPsG5AJ9PmPHTg5xuzxjMscqjJYjcD0IGSBgYyRgg85B5/LnNW4GB8wLY+YjcOBkj6AYH8QJBIAJ4EqyDLENkdcgMSoGc8E9ckKQTnacLggkNNt2i7p73tZ6Rk//ACZeeieuxNSMYwg27ONtEtU3Z69ul+uu2uvc6NqaxyR/MuVZcMp6buTuAI5B4Xg9OmRhvdtB1keVGSykn5WBXjGT0Bwe49DtI4zxXy9bzCORCDsDMoYgEhzjlQAOpyTz93O4r8uD6v4f1E7VGcgrhcnnOTggAdOc8EAnOeBX57xnkrxmHnVjT95J7JvpG3RNfhZnr5ZXiv3bkrNLezbslva+0tF8+yPqTR9T3Im4jk44OCM8EDIOBxndnPQnnivXPDuqbWXMnGAQd2eA3HGc4ycY64x1PFfL+h6kcKxbJcgAbs42579TkcjoTyOcEV6poWqAOMNg5XDDPByRkr04z9c4zxiv5vxkKuXYtzXNHkl6OVnFa+lrLXW1rHdmOAhisPOO8mtO32Va+t1d693tbY+r9M1FXACkdRnGB94AA4J5IOck9fQDGemEjbdwIwM4IAJORnrgc44II54wc4rxXQdUOU3MegA5ODkkckHHA4HXHIyec+r2M4kjXHOVPIAIUnj5vx/M/gT+qcJ57LE01Scm5Jxum9vhSetl36rVrW5+M5zlv1Wu2o7NrVW7XaT6Pa9vJJ7mkJXAO3PH94DnqQOegxzyckHuRmnBwdpZd3Tr0PPIPA6dcDIJ+buKjGFyRj5jznp90fLjpkY6k7j8vXu0MoYjIJ+mSeOuO2Dwc5Ax34r7meYVYbT10aa2bbjpe7et1ve19NLnhRjy6WW2i7W5Xu/eW/Vd3uXBIMHbxjnPTgnntxyB6jv1pTJtPPTKnk4b0wBntxjj6ZJ5qbiucAdB0wT2zjHPcHP4Z4wXB+rEE4zyOMEjPJ6547nPB4NTDM6qad23ul01stUrLXTolrsJwXSKcVprdt35Xv6Jtd306k/nN13jBJyMfMTwBtGMDGRkgcjOMHIZxmJX5gcHAyeC2MYOeoHY9Og9eagIIxk9/bOB8v8ACMg46H3x3oySuTjnDdcjDAEYJ6HrkDk9eea7aeZ1uSC01t0und6q7aV9Lvbyv1lUad7a2tbpolbbS/a+uvUuidSARknkZwDzxnOAAPTscD83GUAk/NjjI2grg8ZJxnBBBz1GOcACqO5AMYxjkgc7c4OW/LBAz39advVsZzzwMnnjnr17AHPTuR32hm1WNk1Fu6ilbZXirvXrfo9Onk3QhZJXST163Tt0b02e1ktF2NBXU4w4J+6NxA6nJBGAM9RkZHTkGlyG2gNgYzzyp/Mj0HBPpz1NZ4PQggAjjtk55AHYHHX5s54I7gODkZ2jjIOMex3Ec+/v37ddLNW0nKK10lZ8t722V0nr5kOgtOVy7Lay2WtrX0vZWv16O90xxnBLsDnBB6ENnA425HoeffqDTWbbyWTByCSvCk5x0xycHB7cBR3qAXAX5Cdp7jOeSOik5PBznge2SGpfNBx0Y9RzjHABxwTjGOfw7VvHHwlGKs423tK6vonrrZbeXW3RT7F3a9Ltrd7K3l1fbTrckLMuBu4xtA56Hj1yTzwQRj+HHGDcxIGQAedo54HoT0ByAcdc4GVBzCJo8j5QM55z0Azzz6jpt69/WgyquG+bkADIx2HXAwMgggcDqR2oWJT5rSUtN3fVtx0Xa1n69bXD2fK01GWu0VsrWu3a/V212s2tbFgEjocHnnA/T0PUA/8AfROBhoyBkjjPUnsehGenBPPU49xTA4blOevBBzkYGecdhjGAeacsqlQSpTdn72c8ngDdkd/lIH9BS+sTjHVJ7cqbs7WS1X3dlo+lraWaXw/nd7N3tbf8PW4oU5HOeCMYXkdgcAeuePYHpQSckY6cYBJOR+Hfv0xzjgcIZF6ng+n44zxxjPocenpSnGSfTBI9Rz7gkgdjnI9DzWNStOT3V7q7UtFe336bPXp30lKy0TVr238uj6dvXcUEdx6+vHJHOOg45yAO2c0hYcnt1AGCODnAz36dT9D1NNLAggHC85ALZ74yRz3B/mckVFuxkDkkAYbuPof1IHHPUgisHiJR0ik+V2aXfTZdbdPPVJ6tNK61dr2Wz0WnV/npbRaXJVZQTkkdMA4I7bfTA+uc574pQykqCDn15wORjoO/XoQMjjmoUbAHIHygYHQdcYwcYB4yM7ecsRTi/A5GABgjnB7Z/Ec4/DPApPFTTlrd6XffVXtbVLV7rX8xxtayWtrJaNNNPVSsvOzXVq2o5nUjGN3QdT0BGDnAPUk4z2PuaYS2TggZyFGDyONwJHYbsDIHbp0pzOv8RHJB3fd7AeuM8DIHBHXB5qNpARgDDfwk9SOCcjhenI6heoAwK55Yuo3d3UUtPP4dO+jstlp26O0XG3ItLLmWml1s/PZrs7tajA2CuSTncCCB3HQ43YJGRznHpnGUbg4ORgnI4JAOcnGPcNxkkYA68NMjAquAuCQAPmOFyMYHOP8AaAx+dIzKDn1IyORyxBHPPHJ5xx26msJ4xqLd3dpWbvps9r9nqu7S0Y1FXjaK6WtZu6a1bt3STd9fRjidxIXPpuyc5XgEDPH8QPGT7cUu4BQNuGI5JwCQM/McAevpg4643VGXUg5YDHTsDjOCOOueMcfLng9Kj8wnAOABnqc/LweMHp1JA4bvgZrhnmEY7t9LLd/ZSeyvsrPsu1jRJ9Hpa7ej6RX3vfy63J9/GQR1yRyvX1OcgAdu57ZFI2wnByc4wO4Uc9u47d857kiq4PLYIwc8nBBxwcE8Z5HzDpnP8PC7s7QDliMDOc5Jye3c9xj0OOawlj9Pi6xd01bXl+520t5rS9iVGTa1vs0tmnpre+ttezts10mY8EDrnC5AH3eTx06YP9c00ls5zn1Xp1J6HHQc4z6DJ71GCcNv+XkA9csR94Z/hC4BydpY47jJDg8oBgHIPIGVwSQCTk++c4xuDA4rCWNTafM9NVG68tWlq/uv33005Oyvfq1borLtqul92t9lYZwAPmYMCuDkc8nPOPqOo7fh4j8f3H/CvrnOADqFqSc5AAY47nOQSDzmvaMNjeQCBycHjLAdVOCcZHrxyOTz4r8ezn4fX24Btl5at0ycGUADbyep6EZAHBGa8DiXG82SZmlqpYOst273jG+j7X213vtY9TIYt51lqtp9bopa66yir3t3d9Xrp6v5qsdbNhLp9xDB9qWHR2VvmCBcqoVlOOoJHpz1yc47zQNc1fULnS3Ato1McpZSyyFEIJVhg4zz0xuznGea8Sk0e982edbgm3FhbgkB8RvIPlQANgHceR0+9yDmvTfAOiSWmu6YLmWWR1sXd1Yt5chkBKhVwcADByQDwQa/GMJWk40KfNJSlUppWdv5Gne99tO1r+R+y4/C4aNCpVbhKcacre63K69567a3dtNvJM+OvGzyn4ia3umxJHqd2zMgz8ykHPygkD1B6fpWQ9xdrcIyXkryb2UsBjaCBkcdSc4CjnsRzmt/x1bxv8UvEMKs0a/2rcrhVP3gBg592659s4UGsSTSnjuNyXMxxOwGRu68sScnoc7ecEeprDE1nD3L3anNO73XNbXRt6vt59j73CRpzwWEulFfVaTSto04U3d72s3bza1ehDq73slnMiX0sbDc53kLllX5cMAcZPDFgTxgHOSaulapd6XBaCW4mlaS1kLjzQOfmYFecE4ycbjxlcckVLqenTFZC1xIyFH2ptHOQMll5OTj0PXHHbPTR3kggkF1ICLXCjZlQrHgcA44ByDj2yBWuBquUFFwXxPy3il7umqd3e+iV1fQuWHp8kVeKSd3KNt7Jqya1vZ2Ts72JrXV5nlilae5VHklJJc/NuJwM5ORtAGCe2Rng1yU9041PUZlvbghELIDkAs3DDAwDt4xgD0JG4Z0jZzWxEYun++ygshXhlHQDIBPTIxjjIwM1zU1hL9tumMsjCReArDDbeWBB+bGP+BDHG4cj0KFoRa5Yr3k1bSyumrdNdtlrd9dI9lSTm1JWtFKKS0+F9LWa3auu+ujOy+Ot858BfDRkdzIIbgltwyWAJ6HHOCc/jkA5x594P8AFuoR6Ha6JJZwqk9wZxcBj5h8tt2CMktxz3GTjjt1Pxzt2bwF8PsGQOIrofKCDwPlLZJPBxnA4xyB38U8JLKt5psU0jupWT5TuODtxtHbnnDdep+mmPpQqzw3tKb5qPsZRtLrZWd09LrWz0u/OxtlVCEsrrvni7TxGr0a996JLe7S00WrbsezftCuyDwNOB8s2neYWAA3P5YBA3Hpntg/eI5ycfEPixYX1Bg6R5ZAxYrzkocc7TkcdeSMZA5Ofs39pWRotP8AhuA20Gwxnk5CxggEH3IByepycYNfC/iu4f8AtN13sv7iM4wScnByPQ4xk5yfvdOBy5rOSxEk1FRtTe6bXuwertfX037ao9HhilFYOk+ZyaVVc1mk7VbJprW1272utPkVNDaMaqq4UFbaf7qkYLKRnJG0ZUHBHHHYk1+qHxCP2T9l65QMF/4pXRU68kN5bYOMHPQ8qTnb+P5N6MGXWIwBNIpjVGKRsQSzhAD9e2OSMdAQa/WD44xrb/svKGeSNJNF8OW5dVy4ZbeMuAuOPmGAOMnP+zXBQUpY3Ct6pTUnumrOmtbXsmtlq7btmfECtiMugmkqmIW/VLkW3+Kzt27H5p20gbaSVaRETCsoOEKHkdAo7YA4B6dqn+KjqqeDP3iqW0qbl8HJ3DAGSB1BGc8DBFczbyWm2cm51BwkSKoEe3bheOSMBuwPHC/wipPimVdPB6JBfTquiyszHhlLEEEEYIzx3BBPBya++rzTdJu6ak/su/wp+796V380yfZP20U7/adtlsrtd2vxv06cDqESXMbGQ7QThSAeML1QYIA7exyfunB9D+LEUR8N/D8oxDRaJgBsgsQOxxwcZPXBHTcARXlN5cGK0jWawu1KqG8x2wCuCVySSSTjnA6nPIFeifE6/gu/DngG3Ns4eXRj5e6VQUOVwGP3e4OcZA+bHCioqpuVPlV27XbT956STulpZ7q+l076DipRqUnKyUZSvfXorKTV7JPTq3Z6ani2meJDYamkrJK0SDbKu7apGQCTn0HXPTGf9kdd471vT9S8J6Fd2wjKx6ncIIxIPkDYJBAPXgYHfnI5OPM/EOm6hZRGWKxgjyBuZ5s8kcZKkjDcDnI4IwO2lPaXK/DnSLybT4C763cIsSynMhHVs547lenpwM104epOFSScFJOL3bau+XS3S1lomv5tdzqqUadVU5RnGMlO7Sur8yTT7a6badC1ovia2F1Y2FxEv9nX8/2PUFYCRZLeb5HyvLAgkEEHGM4469nF4du/CfiTxBoC2fk2N94dvZdMuSm0XdhMivDLGpZvl+ZgQdxGB0NeJ2mpvpeoWskmkRxxod6vK4IZjkgjdwSpBIxyPqAa94PjYeNdMtL21tFGq+EPD+pW1zOJ/luLModq8kkmMEYAyBkkA8ivcw0lWjK/8RWcUlrtG61urfavZbNd7+ViaU6dVVIpuM0oTbaspRcHTm3q9XdSSXlc5H4OXH9j/ELw2k04jtp7mCLYuQJJTK4RSBwW5xgA4zjIav0+1yVE0y5OMoUuCAMsVBt5GyeT6gD8uBivx88I3erXVxpet2l1HbXltqqx26yBQkMkcpKOWH3gzMSGBXIGMgZx9mal4u+KsccUDeJtFNvMjiUfZWLmI2zbkVtuQwG7HYkgcYFfV5B/AxULOSTjNcqV7Sj0v22Vul9bLTx86pyqYjDT54J8urne/MuWStZO6SbXS9zh/wBm7UdvhnxTEAwz4+8QEvg/LvlYLyoYZIHPPBHXkCvp211ZI4xAhI3EN0bJIbkEZOeg75wQckcH4P8AgXpvja60HXn0jxfZaRbt4x1l54HtfMaWeSRi0obacg84HbHbofZxoHxMWQTD4jQKFIUiOwyMOxwxIU7eOSADg5DZAGPrsvjJ4Sg1SqtJRTatsnG+7V/hV7/8N87mkabxdbmr0Yyc7NP2l4pxpp3UYtWbW/kl5mT4anNz+0h8UWUblk0fSQxAbghwMgHlcf7Xf3r6Vt45FgdlUiUNjcN5UJ09cD1IyfQjpXwj4MsPGrfHT4noPGqRXtppml/ab5LMYuFLAhRGyELsHByMlgSOBx7+9v8AEJhhfiUm1nztGnoeOACxCgEg9Rk5+bsThYN3pVGqVSVq9aPS8X7SzSu1onfv21Sds8xpxWIor21JNYXDNK1Rv+FTaaagk11Tbvbc8c8fSf8AGYHwmbeu4+G7yMHBBdxndhRnjkj2HbpX3noEjtaXWFZS1464Ctyu8jnjucYzx0zX5Z+O9N8YyftSfC+G58bGbUG0DUGg1SK0SJrUYfhIyuGz0+YZ2gnhiMfV8GjfEuJWWD4uaqUedifLsbUfPnkjKcDvnPrzxzdGVTmqRjRnpNxcW1ZLR2vtfv0S32KxNGE6OHk61O3sotStP3rPldrLRbR33u0tjzj9uZHaz+EeCcj4p6ERwcKftEBBOfcjOOuTjrX2fPJKtqhdSXMcO07SwyI1AUjgDtg+xHXhvzG/ai03x0o+GUet/ELUdbtpfiDpXkRz2ttC1ncJcQMt4jJGrO4yCA+M8DHFfU76B44mSZF+LfiEE7SALWy2AFQcAhGIC9QDzhQDtGadGNb6xW/dScvcXK0k0mo2/Fb9d3rYxxMIfVcNH21NcqqPRSkm7x0VldJXe+v5roPjOzf8Ku+IgcZEnhfWCflYbR9llAG4DAxkkkE5GeRwBS+CJkb4J/DSNUZlHhWyDbQx+Xy1AwegwMd8jtxmvJ/iT4Y8S/8ACvvG3274n6/dwr4a1Rp7eS2tRHMqW0hMTMIwVWQrgnIyTkfMcVzfwU0TxRP8KPBUkHxE121RtGgENrHHbGOGJQAI48qCUC4xnd2GeDnLE4bEVq9Om6NS8qTe8bfFFS0TWmy76aW3DDzpU8HOoqytHEQu+WTu3FWS91Nd7paXtva33ZoFhOmjeI55x5cbeF/EUUKuoZnZ9OuV+UDoMEqWxgH5gRivkv8AYk8SQ6D4UtPBmrxJpthPrPiHUre+uGCrJK99I3lhiwCsTtIB3ZzwOa2Lvw941h0y/KfFHxOIv7L1CRoxFbiNlNtLvjYhQQrjKMQRnOAcnFfnh8I/CWteOPEwsP8AhL9ZtrS3utUDRwXUkUcXlTuplAVlAZ2GWCnk8kdq8irlVSOLwvtIuPM5cqve93FSV78q0aVr9bp7no4fFwq4PGcs1K0IuTUJX0in2+6N93dI/oYttV0aK3S5GpabHDAokxcXcEPmgHeXBkkAwVTJx17dTu/mn/aC1q01/wCNnxJvrCaGHT/+Ej1B0kRw6SvHK6N5ckZKlCSPmGQwxn2++bz4PC/sYrOX4geJ2aIlDGLu6zI0aEMAfMHyErgjjGD+P5q6/wCHrZfHWo6Fc387pFq9zYtIyL5syCXBeRiDlicMxPJbPGTXqwyp0ZXd2pWUWpr+61dWVmrpvXp21PGp4lNq0r81nJNcuqate8rp26XTbTuz3e3v7eP4fW/lSCST+yGJAX752jhMcnDcnk9+vSvafjT8RfDfiH9k/wADaC2qWqa5pV/pLro8LZvjDFE4lmdcb9g3YLY4br7fOc/hXVNP0ie3tLq4eBLd1Qs6ELbqPl2g5IxwCF+8fUV4z8X7afTvEXh6JdSuFjuvC9k5jVVRQ5UeZ8uCMk5JIX5uh5yaK2XrEypLWLo1Iza0SukrKS5r2vZtK+l02tWdlHFui5uV2qlPkkmkmmkr6Skk03q+mupZgsknt4ZD5pN5FKkSSK22PIGDzkAgjcT2OccjBn1qy3fCvw/ZzkO0PibU2DRrkLhgfmHIxnCjOehBzjA5nRLqZprSE310yI8cShgNg3sAeBwRkj346ZAFd54phiTwrDZGaUW0V9qTkxIQ3mOY8sdvcnJzzznkkk161HBSUKi0cnFbbWfLdN3s7NOSd7paLTU5amM5nCdnyKaUtV9q2m7tFtXd9k1unp5D4K1RNK8QXdvNGYjqFrLY25J+Z5JmVEBQZLNnooPOfl4GT9iRfA/xL4N+EHxt1TVb+1ji17w3ol7aQmNo52SUl3wrHcpiBXcSuSWBHqfjqbwrpt3PaX8Wp30U1uouI8AK5fIIIYNkMMYBVgQQAMnmvbfCnijxJL4Q+Kun6h4k1XW4H8Joka6nM8qWqQqdqosjOAVBAGMKMLlsDjgrZfjJVKc6MoqnFxVTmjJudnBJJ68rd7N7/ez0KGYYWnTqU6tOU5y/htO/KrLVaK60d3ppfV9O+/ZHuNB0bS/GMPi+bTUMekw3WiQ3CCVpysZM03BHlMgUkFuQePWvWPhz8Wfh7rvxyfxBpMuj6bZ6b8PPEFnCXYWst1qqQ+S0iq7KQHYYLj5cZbuK/LKOSBopVj1DU4Jby2+zGS2vHjwGAWWMKGXCktyFIH8OA2BXonwG8E6TpvjHW7y4v5b2T/hCfEZihu3dhbzvbk+arZyHU8gZ69SK8LNOA5Y+vj8wrVqini8N7KMIWUINxjDm5XKzbu3rsnpvr04fiihSp4XC0abvQqc7clF80k4tatXdtbJppJrTRH7Q3HjX4T3useBLLxJ4r8BadBDok8+taVJcQSGHUZUZoZbmRWw8smQdxIyRgk9D+Mvxw1HT7/4peJr7Q2srzTn8RRxabc2rL5E1vFcoY3QAghBj5TlkAwCCQccdeaJZz3bXs2qT3lysYXcgLqFDHamRyUVduAckjr3rKu9CtnngYX1wksl/ZqMqQFHnp0UZA6dcjPc5NexwdwQ+GJVZwxVXERrQjFwqWSiuZSvFqTtq3t89UebxLxJDNo04yh7OdOXNzq15fCktLXat01103se7fGq8W2+KdrLMY8SaD4dWQBGdkb7FbZ+7naAO/O7accgVwfjCWyu3hWwRMoWknlCsMHy8EofbBO3jceQO1bH7Qem3UnxFeSz1oWyx+HtDiWORRvYmwgXexAz8p57cfexgCvFJdP1oWyofE6yFCx27dzMOvJGSRx90joBxjp9ZXy72lWU5JpuS03tblfVpK6S1V0t/I8ShmHs6caTacHFX73TTTvderdui9T1T45XywfDL4Ni3V7mR9O1FH68AzyDpgndkndz8ueg4WvKfAVsstrrMr20qlIAdrEqVcjAHPJH8Q9ccZ4Nez/F3TJX8A/BG0W8hE8WjXk0zyR8TObp/mK4xtOBtO3nr0rg9EttQhW5s4bmxIniBl3AoWbqWZdwyAOgI5GRgYBHdhKUqXLyQul7trXvpZt3V99VdX7q1jDEVo1ZpSnFN20S0+zqmttLbx+WrZ2ul3qW/wo+IzBGW8+xafkAsxOLxQqnHQADIz24NeQ2F09xa2U00TRrLAIHQI+5yu0qxJILAYwQx/IcH3c6Lef8ACsviBGL21W5lg0sCWGNjGUW4U4Y9AQO/AJGOWPzeH2elat5NpBDq6hgxUFogd7chhGQGxkg85x1CnsOulKLlNSVnsktNVyO6d1rbvbz7PncuRpqakkklrq9ldvdKzta6aT3vdv3L4NfY/wC1vGE4UqE8HakpDIVUstu6Eg4GdoB3be5JA6CvmaTW7OKOJPMcgSth03Y++3ynkE4GCSpXAI5HWvp74R6fqtlf+K4pr5JjP4N1VUjaDaUJjdgSf4iAScgAdSDk18wrpd0zBZPEmiIQrMY2tThGMp+UnaBvUcHAODng9KcZylJwjBPkcd1fdLd26XWvTrqtJq0qU2pyn8dnbpeyST6Xv0u7fedX4c8TWp8RaFbRnMcmq6aOUbZvNxGoVMjaMkgNg8DlgDXUfFzV4I/iR4nheKTetxBGxBOwApnnvkjjPIwMmuJ8O6bKnibw9t8Q6LOg1nTj5K2p3SEXCAhSActu6HJx1xiu++J1pK3xL8TJJ4h0zTzNeW4EVxbb2B8tfnJCH/a4PTOOhpTUpVY3i7uKtbs+Wytu9FZaKyQJUo02ozTipR2eiejbvey30Sfk7NK/j3iGaKWILF5gMcbkfuj82UyOSpGTwM8HGf71e9fEdL5/BvwdNnbNIq+FZhPlMkJuHLDnH8RPIB9OmPNrnQZLmR7b/hYmho7JIH/0P7gZCVckqBgE9s9hznn0z4laUsXg74WbPGqRpDot5beZDGdt4Y5VWR05wEP8IGQAfwGkZSjKEXGSvN6KM242irWbT1WqWm6vYxmqc1LlcG2r7pO7UVZqT3t3t27HG2Piq2j1rSrOS4RRaaUYxLGhBSVwcpNyBkYAIPBGcHGMdr4P1WKWH4qSxlTv8B38IZ4uZSJIt23jBB7tzwRjn5j8+XWgyi+uJoNbuAjJ5RmSMbm3IxD9Mktk4IBxye2a9E+DmmX8afE2OfW7i5VPh/q32ffEGVWaSPawJGSyg/Ng54yvvVfDwkpTaal7rWj1d4dZ2d5O1lda73Lw9eUOSHNFNWila+iUVpeTTva0WrJ6X0Kfgaa2+3vKm1P+JbsyysAWKtnB/jwW7d+nPNc7aTuvxM8LyQo5C69aNvEbbFG9xkseABnDHnr1651vBGgagu/z9dnk8vTpHQJbxlcFSVKkLluAAMZZsdO9a+i6Fql34h0FjrzgDVYC6NaR70gWQ7mD7clmCkYGSMk54xU1aUZYZ3dpJN+9FpKy3s3fS2tm10S6LSFRLERTSSlKNrW11jf8NFZvru9DP8Z3c9r4j8U27Wc5in1yd0ukhcgho1yyHadxDHHBPcex/eL9gJWh/ZG8cWCMzTSaV4ml2TBomSNrQk7g5A5P3Tgn1r8j2+GXi/xFrN1ex6/Lb+GbzWp4LG7mtIZGmnUKN3lhfNVU2tuJ9egxX7HfsaeHJdP/AGefihpt/ezam62XiSza+jCwtGRZEJsRPlAXlgVBBGenWvzPjvFUKuUYKMGnKOYYJtJ3s4zjzXTSW/8AV9T9D4Vws8Pj8TUqqaU8LWUU72aklZ2u1brZ8rt6XX5Gq8/k6LHJ83l6lMUUYAUC+uNxOOp5BDZ985OK9J8Wz7YhGMjK2pJwRg5B7D5QD6DnPAr5MvPA9/a2dzqVj4x1+zluPEV7ZwxmTzIof+JhKAUVyxUEMDlcnrznJrsNU8EfFmCJZLfx6buLNumLq3RndyqlVXaCMKCNwBzxjGcV/SeQYyUMBhU6M5r6vR96NusILy799dXpsfhedYWnPG4mXt4U2q9R+9Fq/NN31Su1btfW9rpnqnhaSE/EXV/KAyNGswxAYnliBkZ+7jkZAyCPvZNe5axOF0p8nCQrC7bFwpYc9yTjcMEc5OSW6AfDOgQ/GvT/ABzqcek6tpF9q/8AZ8ImaeNY45LeMYVQrYKsCcYIzlTnOeO01zxl+0do+j3cur6HoNzYoUMzBwXEZYbeF5wfrgL3yMn2cPjo06FVOjXfvybahZK9rJ7X3Xm9dbb/AD+OwLrYilKNejJRpwivetfl5Vs0rpva+/VdD3WMFtY12WNCXK2e3g4XKKw4PAHJwT7cmvyt+NMXm/EXxZNIp/4/SpwSfm8rnkAcbs4GTgZPPOfrvSPjF8SpdXlt7nwPFd311Cs1xHYXUan7LbxKY3BfIO5Qdy8E/lXxR8QPEula/wCKNd1DUftuj3eo6g4mtZYjMbVkyjpvQYyCpAIOcj8a8bPMZTr4ShCF5SVRyd4tWWl/R3tpr6M9XK8MqdWpeUUnCCSbUouzje3VW10te78tN39j22jl+Kt2DnaukahxzgEeYcZJB4GM8E8Ed8H9h/CNkD420EKoIWDSWJA7faIyOegx+eOeM1+LP7Mnimw8P/F64isPO1lZrS7s4IYI2SeSSTcWkCkZKDcSeME54r9ifAXi60ufHvhuwmiuba9RNNgvbSWFmmQyXCMjIAPmGCuAOyjB53D5DFVEqVRuSuqLemivZdtbqzT7duh7OGgm6SipP97G8k9FrHmfXbtfRa6Hr/8AwU7iWLwz8ILYcfNcSE88rJbsOucjjGMZ9ecCvim8i8yLwXZgqqv4RkWQD0jRpl5O0YLYIG0845UHdX2R/wAFNfEGn6to/wAJLW1Mi3VtJPBPDJEVfbFFhXAbG7dgZIyoIB7DPyDqcKrL4Ucht0Xg+5IU5GALctkEEgZGScYGTxwTXn5dPnwNN/ZfN7ut07rXXfV6u+vd6X9DFQbxM2k7ctJ/FurQT6Surpv1Su9UcdpnmT3Hi0sMCTTrKRSecrEoVnUYOTnHsMnAyOdzWQDr+jvuGB4bsdu4ZOTMgxwDuGcnjGD25NR+Hl2/2vuVQ1x4SEygjPSRMEctxjr9OmTkw+IZJLPWtBdgrtJ4bsUJHAH75MEccDOducntnFdcZ6rmsrKybtsnFWbfR9te720hJ+z5t4t2btdxs43bV9kns+n4UbeHzdO8csx8w/2vaZL7eAJUA6kEjK9vxrrI7m5jvvEcakzQ2vhuG4WEoNiusGVZSACVJyCue/OCTjmtLlRtG8dhthL6rZhQOufOQnGe7HJ4B4/Ku0Ty0v8AxYmGz/wikClNucD7MNxzj17eoA7YLqSV3one2l+v7rt0e9tNrahG8Wm7N3STtdStbW220rO1lporOxlWV/s1HwtcXMGDc+F7tlSIZQo6HJUDpg9cAcEg4xzypt7OC68MXsd0qPLdXytbS9Arb+IxgZPccBizAdDXoulW0V1N4QkUE+R4Nv8AGR8wIUgnBVfXOAM9RXM6hosbXngNWX/X3NwWJCkjLNnDdiDkbu3TvmpjNJpNra8dVZuzb01ffXW6toXypq8VZtJvT7StZ7a3bs3vvo9lyMGjB9R8I3C7mht9f1Qi3YqS2/ec+W20Zbg4wcccHGRz1xo6DTbi+QPb3snjKSOKSCQxzKqzAFsAgdCchiB6/wCz0qC60jVUu5CZbfT/ABTdJFAd7M3mrIxLDJJAAzjkZwuAMmrc62+peGrS+t8RzXPiWaVIiQrlzKT8wbOR7rkn1au5SdoWs0/iTdrO9m+ztZaNP01JcOWLkrqVrtrrqtU7PVO7a9O+vF6vcXunHxVFcKl7bQy2BViQLo7nU5dlI3lSMn06Zxkjt9N1axvBrUazNBM2m2Krb3IKyfcxhSeWB2j5hweAveqOq6Tdpb+MpZ4jJIn2GZAuBhBg5ZjwSMEnHGSeRnjLjmj/AOJvLPAzPLotqsEhTY4KIFJiKjI4OfUkZ6A0oxjJJNqL6L4nZxjbbrZNbadr6gqlS6TTteLv2VtHbTb4U9U76aJs7W4i8vT9ULoQyaXbDn+PJHQjrkd/UHjvXL/H25mttQ0+O3Ljf8LNEMjfKVwvm/L8uT82cZ3ZU4AOaorqGoaZZMm+S/hvdNttsd0rF2VSTII2/iCgnIOd3BJGAaj+O2pRvrOhxMIra51H4Y6bBDBMdqqR5o3M5wq5HGDkjnr0ry68GsVQTSkrzd92tKdm0le7stL+S0sbSq8lObdrKNm2rPVQilZ76XWjTutmav8AwTzvFh8WfEsoHDL4QYnBBz5kuDxgdcg4+XAB+9nA9e/4KeJZPcfCVNQnlijPh2H96oPCfZ4mbAX5iQGJyAPUA9B47+wFbT2ni/4nRSBVK+D5FLIV2tiVCGXrkZGc9M+uM16R/wAFUriWK4+ECyOuX8PQvjC5KfZIRjnBwdpJB7c4Ar5SrFS4xp20vCN3pZSVG176pOyTWjvv3Pew1fk4Vb5d5yv1SXNBa6re6e/devwr8Jj4ci8VaAkOrssjXj+QpSQPKWUhFfecLz6YOCWI+XjzL4jS2aeJL5VdjLFf6k0pibYCDcSbHUZGQACGwRuIPB6VL8IV8/x/4c3OfnupFhHy7iSjYKg5we446Ywe1XNd1XRoNH8ZeGrzwzHeeKtR8TTS6Z4qlnLS6VaRXcvnWaxg7XSQLkkgkEkgjAB+ulSjTxM/jlJwh93NZ72Wm1u+y7/JTxM54eK5VFKejSdrLkav0u7pb306rb0rVNQ0i78J+DFVn32+jzh2yzMZQD948MeobqSMHOeVP1L/AME9vMX4s61eIJNzQ6DAojkdQ0cmpKpEiZG5SME9Qcc9Dn5E1/SDYeDvBMyTq32jSbhpwgwAVZweWyWPHXocH0r61/4J5Xsf/CzNXQbizQaERuYfJt1EFeBgE4I64GQDycmvKzWEVk+Mcbq8Kjd00m1LVbP1vu30fT1ctrzlmODk11pyXRNpQW3l89l0aRrf8FDdT06z+O0b6zatLaPqhcmKRkaFYIgrOqgnk44BG0d+ea+T9S1qw1L4U+I79LhlsJfElrFFPIrb4QqbUV14PChSXGNzLhCcV9E/8FL0nvPilot7bxnGpTXssQXq6QyNA4B67S6kcDHTrivkmSwvl+AfiaN4GVR4jspnUgbgBGo3Z54LdiOK1yehFZTls2pJKVGLV9L80LK2tt07+VrpGecYiTzPMIRs0oudklq1CMrPTW707Xvay0PO/D01nFLdtBexOwmkZFTm5lQgkY5JIIPQcKWzjnFe5eK9S1G2j0W7WOzvEutJti9vcKoKRQ7QwlJ53lgDgEfL1Ga+N9H1SfTNUF3aqslxFuG2QDGMcggg4OTngZIBGeMj6W+MwvU0T4ZahGfJbVPDzTzJEwSMssoUghcbh6gjJPsDX0GJwt6+Hbk2pOcbWaSXLGzurXd0k09FvqfP0MW/Y1uVSi48t2r6e9FJpvR32a12dnuffn/BO7xhf678bfFUa2ljp9tH8NvEMQgsx5aMUt5SWIUAEnHPGBgfQcv+03qMo+K3w12Son/E28OuejECN1Lhgcg7mGDnIOWOBg5q/wDBLq2vtQ+MniZhGjRyfD7xOC6cH5LKZweRg88lshTuH0rzz9rrUbjS/G/gi/SYRyWttBeKxIIWW1lAUnjBII4AGM8nGDj5epgKNbOMXho8sVXwqg5L+acOXm87+T0tbRo+q+sSfD1OvUk5uFS73VopxS27305XbTXufp/J8aLvxDr8trA1hax6ckdpKtzZQETtbaY8ZZdyYbIGcAfeb2xXM+B9Y8H3/wAJPFN7rDaXFqul+LreaO1m0+3Yra/bkllkACZcyAMSMMxXOMjNfipqPxn8ePd3l0ur+ZPLdvLHsd4ymVID/I4DfKQCOR2ZeRi/pvx5+Iel6HH9k1O3Rpr6N7tJB5v2oI+5RLE+Y2IAAyR65BBNfBVvCCrGFsFi4UZvEUq0p+0lH3acnJrfduVuq7bu/PhuNKacvrFOq4qMopWuneyT3XK46bLr8j9vP2udS8E/EO28Hr8O9It57wz6ALq80CC3tB9ojt13pOvliVNpG1yuBzznv+b/AIiv20KD4lQ3UDwyS6frWnTo7guLh5octIwPzMdp4yRnk9a8D1T9oP4mX09vdR6vFbyG4ikWO1xbqjxAhcCIKpJwASpJyT688xqnj/xJ4okun1a+iDzi5kvkBB+0vKQWZ3AUuxIByxzn5j7/AE3DPAONybA0cHWxNGrGlVhUi1zSlaNaFTW6Sdmrd+up5mYcT4bFYmpVpU6kOalyODtGPNKChdRu3a+u/Xo2U/hxeWlj4s8PahdFhHBfWkgXofkmWRSOm35gOB0H3sbiR+t37Qv7RfiH4tfCTT/CHia5R7DwneafJ4Zs1lUzyQOipvk/jOACAqhTgY5B5/GSynNtfwzbc+SUkUKwAwjkq6ng49ifUdSK9pvvF8mvaj4ekkzb20cllDIrSsyyEMFYsoyAoJJ5APOeetfVZvwngc1zjJ83xOGp1cRlDnPC1Jp81GU+RSkna0b8qste+qdzlyjPKmCwOKwlNpQxUoutB2vJXV32tFu6V0r6JdD6m0bTrjW/ANppum6fcMYNbmnmJUrHkqGYFiWAbjgZPHPOMnxrxtB5ut25likWSKziWQEnG6J9oBIwfvA88Z3DpmvpKPxNfeGPBepWVmbGTytbEwWA75njdFAkQq2dgVnI/u4+ZcZr518c6/ZahqYmSF4VSxjUuitiSQnLZ5yRlsk/KASQMY4+/wAH7RKCaS06KysuVxtZ9NdetvOx83m1eDqycWnK6vFK0Wk46RSulrdN31bu1Yv6DK02q66YUMCNpsau5ViSuz5kAGST3x09jXPSW+izQaVbzTywv5swui8LKoVGLj5to3IwOSFJI9sNnX8G+IdP/tTUGlmgg3WEcaCXGJJNvIVT95v4RnkDGBkAV0Gvajp39k6JM8dvJcW87hkjhRRIjMT+9wASMYyehzgnita6qRqtw55cyUpSTeistFpom+lt9bHmUsRCynUinJNaKK2dm3Zq8dl0t10TOR8Q6F4cfWruCOdY7JdKjkglQko04VcKqkkfMT1GT8zYAxXhfxL0u3t9TsltGDlLKJiUHyvkHgZ5z3POMZGa+gf7T068NvfXUMH7yGSJ7ZEwnybsDI74xgZAJI2/eYV4Z8SZIW8TKqIIoBZjYgzwhXIwCSdox0HJxnGcCvOnOvBpVHLlktObfmfKummiv/w97dcalGpzOKad43dra+7bey2ei69NXY/U79kGPyv2c9PmXdu+2atvXGAAImYsy8hsEntnn1r0e+SM2/hkllZm0y/LAAgEuzgZI9ePXAxkYAz53+yg4h/ZrsHDD95d6yvIOT+6brznofUYzjHBI7nViTbeEgDgnTrrd94HkM3c+h/vY446c/JT0xddp3Tqt27Xjq7W0d3o3c+voLlwNLS9qasn0vy/DfVbrrskr2RsfAmezbxbZvcTlJYNRvgiEkh8R4UNk/NggDjIxjr3rfGE68ZNVNt4c1DVoLmW4UappWkT3MtgkczyGFJ4kYBznLYwSM5Nc38IXki8QQ3EYQtFqd8pwSTgx8kfUcZHKnOPRfTP+GpPF3wQudQstN8JQeI7G4vLnUJZp0FzNDNJI0e1Y5FeHZgZKyDB7cnJ+bz6pjMPKFTBYGnmNZSV6FWapxknJPmu/d5leyV0tErX274QhUwVZV6roU3q5qMpdY2bSau+9ra380flx8UtT11NU0yGAeINOSCBlhGp2t3ZMkijMnlySBGDcHhMDKgZznHGiK6kubW8W2ublJYUEskqvied8GQ+ZJlpCGy5OWznqxNfUX7XP7X7ftK6H4X0G68DWvhPVfCuq3E91qFnbWFnLqEMsRBik+yxRMwHJw5PUDH935/g8fXGp+F/Dfh99Bt4rfTnnZNTUNHNKNxC+a6qN5J5+YtxgYI6/c8PV8diMBhq2Ny6OX15c1N4eNSNT2cVrGScXa9veS5mo+qPyTPKeEp42pTo1/rELwcasouF5tR51y6uKjL3Ve+yezsfZX7HP7Xmpfsk+KfEXiHTfBln4rl8W6ZDpM1qZhDcWqrMBviZSCeB0Iyc5I5xXsH7YH7bmv8A7Wek+BtAu/hrB4Ll8Gax9uh1EXAkub6OZCvlSE8KEzvBwN574xX5YaTe3K+IrIKy72mlaNvnIVt3ysPmwCCQP7owOMEZ+iH1i1a0ENze2z3cqxhg2VdXiYA5YnOB0xjGffNeRX8PeGcTxLDi6eWUZZ9R5Esc5S548kFTjb3lDSLcdm7bnt4XiLMoZUsnVdLB8v8ACUYqynJSnFNq795aa/qyiTPHDrJnDsxdHcbCCTkfdIGMEkepOOCT05krLPJBKruqKs4VDu5IPCgDgnuvAOegzgV3el39rfpdRzahZBTPHHIMqTsXhWJJ54IHJHO7PtvWc2g219bPcXOmG0tLlhczsyMXQkFflznaAVVsfKCwyDmvp8RUdKjKahKShFuMUn71nF20v5af8BnJCgqlSnF1FGNR3bbejTT1d762v2bVr6GDos8u2xl2SotshWQSJIBl+jAde5Ygnj07C1hkvVZwXMs0wZclQqsSQcE85JGc88ccc17PrfinwnDYpfWk2hzSizAS2tkUhwCBGrgfKWY4OcA5AyTXkh8dStfWcj6VZNNHdSSRxmNdhiOSqnIw3qDnbxjqePFoYutUfO8N7Ny6SVn0V15W0/Pc9ephIUIwgsTGd1HpeP2ddLqzV0730b0XTj720nS8vXuFLI0cJUCMscDoCeD8vH3ueue5OdNFczLEV3iNJZGCk4RwWAAwMHAyO2TwwPGR6/4q+KEV48SyeH9KDT6fAkhihRFDQqE64xuKk78EnI+gGDB4r8Py2MqPp0SP9lWNVaMMiSuQSyMF4O4k9zwCOBgbxqVWm3Rtu4pNNvma+LW7td21e6vsZvDUpcso146avRpqT5bpbtpO6jq27N67HDxLcXLvZKpZzE8SIith5PlA2kj5cnAAOCdw245FT6r4U1vSoJTqOh6lYebbRuLi5s5YradZFypinOVIfPy7TyVOMFSR6nY+IPCX9ipa21nF/bH7/wAy+VdkkbSFWUFmGMgjIK/dBHABzW74y+PvjjxN4Nj8Ba8dPudD0sWotrgWttHqG2zXbBG10qB8KpP8W185JIxWVarjG6MaVODi2/aucnFxjZJcmlnJ6Jp2V7q70vrRhRjKfPVc3aLpqKurpLSzvytaJtJ9GrH03/wSHmstL/bH0ObXJYLMnwhrtrYidmjMtyyKYoEBOWY8FduRk57mv6O/2zzpknwr8Tz/AGuzfU7v4deJ4rfT1nVpZ7f7NiQxKWPmYA+cjpjnNfzF/wDBNOaDV/22vhM99bbbeKa+dGZspuSMbA6jIZSQAysSM56fxf04ftU/CwfFTwZfWWkSR2XiWPS9b0jSdSRnjgjtr75Li3KhtpDD7vA5Jwea/BvEGUaXEkFWmqcJUMJVlKKvNRpVbylu2n7r5Vrfr0P1bhCTqZfSm2+aLxFOGi5ZOcI2i7vRt2Wyv5XZ/KJ8GviDongrw54htNV8ZeKfCWm6kk7WVlo+xoJtQtriVg0wdWBIYgAdiBnI4roG/aU8PHX4NXSbxt4hvrfRb60OoXeoW9lKuoNEEjkUQrHm2G1CEkznPAI4r0n9pX9hrxx8Ck8KaXpf2rxXoF9aDVdc1sWc3laDfXkkjyQTyElRASSUlztOSD618meGvhkvirVNQ0/UL218NWOnWeoXR1e6cfZbl7VQTaxmMjMk2PkIACk8kjmv0zKMJwxnWEq5mqn1mnVajWcd3OKhGUJ0+XmuktrK11ZXPznNnm+W436rOgqLcpOHOkou71lCTvF3vfmWutuZt61vi3+0r4z+NX/CNaRr2m2mnxeGFMVrMu6S4vtzbPOu5yGMkwRQMsVHp83TzuGS4Fl9snaOFLl5UdyMjYo28HI3Hjjg856A0/x34Rs/D+owQ6F4isfEVjDpUN09xYq0a292ZGDWbM7bnkXBLMCAQeMDg62m6ENZ8NWeLxVumum/0NiiAKA27DOD6Ek8Doc5UV+i5bhcFgcHRo4Cg6OHceelCKcVHn96TtJJq7bvte+2h8jiq1WvXnLEzUq2kb3WrVkteuiSut91fW/09+znrH7O2m+AvGunfFrTZNT8Vf2rZ6toN5Hbzyu9jb4eTTUeMlIxMQRIzAMFYDgZI+6/2HtU+CfiD9tXwzqfwfsrvTNLn8C6wuu6Xco0kUGpfZm3tG7ZKKEOMMT82cYwcfGnwS/Z20Txh4JutZ1L4gaJYXd/b30c2m5U3enT2SnYjMGBYzcBVTDDO7BIFfWH/BP74aw/C/8AbY8LaLbazpWrvqfgfW7t3sSXWcG2kGyRd5KXGCSVxksCVBIDH4PGVMsqY7NXh8ZmVTFwhWU8POpWWDUnGClGNOdNU5Rjy6NSaTbaetl72UUZ0q+BlOjShTnKPLOMouo5OzTbXvaXtZ9ulj91vEmmQNCsMT4jkaSWGaNdyABCWjZTnBySSF7ZJIIAr5+/aIsnP7N/xlgjaOOK38JESQjDgOGJDJgnG7+MAZ/Dg/Wni7TYrbSLaWCIQSHzX8iTckomGCsigHDLkjcvoTn2+Tvj8HPwC+Ne6NJN/hESPPC5KGQ5VlAOSMNgHaQMjPbn57Bxk69JSVopxb28krLu76bdLbM/QakmopRTnZ0+VronKO/n7zs2rWW91Y/ATSogng7WITy3/CNwNuPHO1cYI5HPHB9Mcjj+0n9mclf2dfgn6j4beGskYBO3TbfHbPXGRnIxjAGTX8XmnzLH4Y1otghfDECtzgKDEjdSAcjqMlhj1Ff2d/s03Ct+zt8FGUkD/hW3hsYPGMabAckgZBPHQ8c9e3zHHiccPhXzafWKltVreNPZbeWn3WsdmOk5PD6aKkt+j5Y2fpe7tfW+qdj3JpDuwMMy4OCMfh6cdh2wM57t38bT1B9z1P6kjPfODkiq4fcQdw3YyeR64A68/THOegCnCs6knOQQMYJz8w4HPOePTkfXr+VTqfZaXZK+9rb2va6V0nsr6rU5VBrpoktPW19t128+j62C+evTPGCeqg554PHBPPHI+rc5GDySxJwc4APZuvocYPsBVcyEZBIwQPmA+YsMrg56ZIAA457Hk03eG+UDJIUn2BHPpxyOAST3A525zqpQvyRXu23XK1olZ3S3d22un3OMGr9la/k21r6fjps7ErkDGARnGcchjk8jk+/GBgdOTgMyATkDPPXoTjrkH269ufYUny9+oOefXpn0/i/DPbHERkAJ+YAlSMEk4yCfX0GPQ49K4pzg6jbvFXukney923NZ38ra2bZvDVJW1b30t2tdr5a9/kTbgD1+o6n5R6nOOn49qTeOWxkA8YIwfw6lR6D25qp5nLDuA2OhIPoecHGPTrxuJoErYBAV+vf58jaCcHb97sAeh5HajmfLF3i3u32ty2T/AKtdXBJ32tta6Ulq0tbve2i2el7LROw8igHIBPJyQBgjk54ztGSdpwwHqKYZECkgjoCQR1JHUbcYHTacdBg54CxNICpJK+pO3B5BzzwOOeOoyBg5wELgAZzjsDj9QeMjnkEZyMnnIftNLS/lslqktvXpa9rLfZJicbOzjbVX1vbWLt66NWWtno2PL/wg5zg/NxuBz3A6ADHTGeMAkCkEq9zkPnOzPVegHJORjBI9DmoW5HuCefu5GRwemRgkZ/2Qee0Bc4O0FTnA6g4I5ycjggHHQ8dc5NZzqJRTUpO+j1b/AJXHo7NptrRWVlroXGnF37pW6W1aVtla290t9O9rpmGBnqTnOR068jqM4wSeTnhugpjuRuCruXafqSc9jt/+vnkVXZwQMnBBBJPcZ+mc4AAAyTj6Uhc4IJwDnJ6Y4PGDyByeuSDjGO8+2as0lfl0Vmlb3UtrJ6K+vk1roUqeitZt6vTde7dX8tejvs7EhcjeDzuK88jkcLk5654AI+Xr83eMyg7gecE5IBycZ7bj93POcckZOCKjDjO0tkHqcE4wM4GevYZPY4HNKACSwyflHI9c5PTOQMAehGByBis1iGla17Wu09bWXpqur3t3Rr7NJJ9Uk9Not/e0vmrd2hwcnGSMDIwQPl7LkdPqD949+KCwJGTnGODwDnjuckAcrgkcDnOaQQ5yeSDjJJUduCemOQSCMbcEEZOAgiZcq2GORncd2RgLk43YPqTjgemMqVVSdk027PVpbqNkraNJ6W0Witd2s1ZR0d+t976Ld77bbpJK2lkBLHA5C5wRnrnptOVB6+mOADzkkypzn5cYGQSccE46MR+vpk9aTaQOFOQSOTxgkjtjjkE8EjPcilAPO0DuM8AgLkkc854PzHOeAuOAc41Fd6qy1bWvz0tZtp97abDbTUdEr2tp192+t1rfTbZ3YjfOBkkHG7A4AAJBIHJYLjkc9eAQKVSoIKsr85+bBAJ+72IDAgnnv6gjDmGMDozY6jBz905JGMAZOV6jtyMsyF6bc85zjgc8kjqSQOCM4HqaI1HzNW003dkno2+9m9PJx/muLkg0tXrazcu6W63vq373rbopNw2sS3yrkYxg5I6+pUdiCCdoxk1GQAD83LA4xkYOc8qcjIwRnGPUmoSGByCceg5JDAEdvXjaecZycjAaR83JPZeCQcjqM/qOoJ/XdVY291re71SvdRbslayXW6td6X1JVNXSjLVJNJ3TW2+z6K9lt8yXcCFBxuBOfU4BweCAePXB54AJGGlgCSOoXkHPQZHHB45wPXOAeKbtUbirHqG545O3PJHPr8vPAIJbmmk8AggqDjIwSuAc4HUk8EZCjP4gZe25m+a1rK0b3vtpe2l1e2/ZN3NIpxV21urvl1bXLZX1sk1e+l76WeziwIwOc8gjtk+p+bjIAHUYyOuaUkNgHA9xzyvTuMEkDDYIOemfuwgks2BkAEk9wT2HXucdsccqOozH5TuC4OCox8zYHTq2MDIx3IHPy4jnTVm+qu0/Tze99ei2tbRDcnaKi7aaWT02drpaWurrS2iVmkPC528jg4IzzgZ9ec9OoPp06GxVOT90DA74J6kKASPcdccjGc1GzqCTnknI579xzznd6cE5P0aZUGMucnk57Y4OexPvyAfUdOedWClq1y6a7yumlZqyule+mqSKjCbtdPbd6tL3bpWXnZ3/AB0ZJhSG+bOR0IyF7duxJ4ycHOecilG0YBB3DAB9PfHcjGAPT6gVU+0wqcGRcDqSfmAxkkjJ+uPp6Uj31uoz5i4AyNuRnnGASeox+Z7Vn9appJKXy6dLWunrba/Xrax0LDTltCT2skn3Tve21mt9Wn2u43gVHJJ3kn06kn1U/iB1z7cyfKByqKCoycHkDcV246ZHJ5LcD0yMJ9Xs0XLyAY4Bz8x/THbrx0JJJxmE+IbFAAXZhj0z93jPQA9BnOPm4IwKh4uOjS0Sta60T5d7XemyslbT0N4ZbjJLmjh6juo68srbR772WttLdtjeYDovTO4EDC4wcFh1J5OQRwc98CkVj8vPQgZB59CO/P4ZGeAARXOnxNp6MSHYEfdIBJbI449Bx6nBPWmt4osV27SxbqGHQnjkg8c8dzljyvqRxPZKyW7vvo31td22t3sa/wBmYtbYedrdYy/u+9oktbO6emnXRvqg3OEAPzbQecgZIPJHPYMD656jNMAGcEYU7geM4JxnjgHJyuDj8GGa5V/FduDjBYAZzwNzdcHuMDB6AEcZ4BDR4qiYjZGSe6ltoIzg4OCehwM8nn+8MddCtUnNe62r3crS7Ja2Wuj63s3r1QpZRjZK3sZRvrd6PS292ujSV79b6tmJ8ZdRGmfCb4h33mIht/DV9td/uRloXXzWOcDaRkdmwAvPFfzc/A79qn4k+A9W8feBfhd4bs/Fnj7xN49tb/8Atq7hnaJNAtrWM3sskquYltrFA0gZhtdkxnGBX7zftX61Lcfs4/GBrfMTQeFLy4ZkYD93FBIzo3IwGUDcRkfjkH+aX/gnzeaR4i+L8c1zdXkVnaeA9UbxG8E297u8utTuYre2Rhl082LbHJgglNoOBnHs/VcNWwWNxdelCtDC4WMo06ifI6qk5RlJwcXyuVlZO7vfbQ9rJYTwuHnh6iUXXxa93R3UacOV+TTlLu9NlZo/If8AbpGp3n7YfxJg1/VLfULjUrq11fUb+1X9z9tvYUmkjiZSdyxO7IBuOAMrgZB+Qtc0u1muJ4LbW7iZ4mVjDDHgAHoDjp+OD1Jycivsz9te5hH7dHxIt0so7KztLu0jisJgCsdqltEI/MU/eZtu75hnk57V4J4gstLkF1cwTQ2907zBo7eFVIXbkEnCsDk5GMHnK9ef6/4LpU6nDeRyqJR5srwknypJW9jT91JtaO1knfRJ63Pw/P606ec5lGLty42ty2vCSipW01in87nCaX8U/in4M0/VNI8N+Ode02yvdPazms5bhpYXtpFIeKISF1jU8kBcDHfqR/SH+zLPLcfAv4YXF5PJc3Unh2GSW4k+YvMdrMxIIyScliAOAQOABX8xd9DDGs8twbieV4WAVlYnkj5hgAYz90EHjqQRiv6df2co/L+A3wfEG5Wn8PR+YMY+QgevYLnoMccY5r4HxcwmEw+By6eHw9GlUq46XtKlOnGE6lqcWuflS5kn195p331Pt/DbF4rFYvHQxNetOlSwsPZU6lSUowcqsFaEZNpX0Tt011sfQfmNdSwh3IhYtgjOCUjJO7kDkgj0yM8ZxX4d/t4CWT4V6nMzyll+Il2BubIZAX2kccAYxtzxhs9a/b0Sm2nt7cuAiCXDDBGWiY5GDnGPmPpzwc4H4s/t4pGfg5qAX/WHxpf3jZGD5cc7R7uM8Et68jOea8Lwxd8yjG0HetRbT9bdtXpvqtG9Fqev4ge5ldVa3VKo7LTVctls79929n2t+N4Vlscr8zbiQQmWIBP3mx2UjcBx0HPFfa37Cnxg+GfwM+J+teMPih4MPjHT7zwxJp2kxeTBc/2fqcro0Vw1vOskTbseWxZWYKWKkEivi20LvEkUahzLE5wM5Bz1xkbdowckdW6g813fgDw9rfiG11qTTLO+ul02JZpzYW8tysUSS7TLcNEMxovZmIAPPTIr+j80oYbFYKtg8XP2NOrTUeaFT2U7x5XaMlqk3ZJre9nuz+fcuxFehiaVehT9pOGi54c8E9L3Vmra6K2l99br9vP2S3S4/aQ8e+MIPE3/AArTT9a8L6r4riNnaW8slppWozLJb2EaFTFF8hBAACqVIGCAT+pfw68G6T8TPFE2mXXjr4kavb2+i/2q13dSx6fp91DccwTWoiRJNrjIU7sNjuM1+U37Cvwz1Dx/8arzT7vT7+TSNP8AhCsms3KyPtEiLG8ULHkBHVeFOGABU+tfvB8CbO0t9Y1uOGBY49O0TTNKt+AGjtoVZUjULgBAvQDoefvHLfD4urTWIjRgpzVKNOFpO9oxirPW6lda3Wrfne32eHVSnh51pJJzlzqy5UnJJvR3bUbPqv5bHnHin9mzwBEsss+j6nq7WWhag8Fxqet6hMPNEEjqWiNyYywIB2lRnBypAFdl8B/AvhLT/Cnhdrfw9paSy6N+9Z7eOTc/myDLB1fC42kqSACOBmvb/GjqLfUY0IVUsLksgPDL9mlznBZiM8ehHPXAPDfB448MeG5fuh7WeNQAcgCaQqB6ZByMgDOeAcg8spu3s3FNKSdrpWinFNJX20s30Vu5k8Rzczs+ZpWUVfZqL17Lqn5LTVnc6/pdlZWEf2axtIFM0Cf6PaQRZYyDqUTJwcjI5GCcg5I/j9/4K9XRuf2v9ZQMDHZeF9IhZcbsEq20YyNuM4weOoOAeP7GvEaZ06Lvm5gwCQDw45P90A+wDY6dK/jF/wCCpDnVf2yviGjSANb2enwYUkqBAq4Dc46Nx09PujFfY8KyX1xwto4RkrrZpwTV9+3ra6d7nyPE1WSy98sW3KaSb021s9fz9Ld/zrRJZLqIsX8po0ztQnPGRwBndg9ucjg8cd58PdPhfxJIXjY+RpV7Ihdj8xcAAEkcgFjnAHyg45rNtbGR418tlCLIql3XOAMAAtwNpJwMkcZ6kV3vgHTEbXtT3yBxBpErEA/Ku5lP3hkrnaMYxjrya/QcR7N03H3HU0dk0nFNp2X6ab9EfnGDeIeKpOSlGHMm5WaUY+7J2eqe1r6fI9j+KWmWsfw40XIDyR2duUjdhiNmkJI2/dBwSTweBjAAr5T0rS4GtJ2aII4d2BdRtUYGSoxyDksM8gnPHb66+KEe74f2MjupCTxxKoQltqxowyQSfl54xk8EHIOfmbRII57d4lEqrufJIzknPy5yV4/iz0HPHfuyylaknytJtv1s4xvtdWv1Tt1TZyZ25rGJxm5RSSSbu1rFf56/qeQX9nHb6hEFVPM8xpNw+XbGGJwB3PBPBOCRk5yR3ltelYxLA6AKqLlVBIIGee4K5+bscYH3eOR8UwxR3xVN4Zd4JC4GAxAxgZBx165zntmufa5MdwkcUtwsWDvK7tu7gEOeTyMZ6HHPHLBYmXsm4xta+ydrbXei0a1bv0fRhTw7q04XdmmtNW9XFJ2ta+7dtXrdqyPZ4tRMCGQyJJvAY5XLE9COOmCO+fu9MdOV8R3ct1bwOJ1WMmZwnIXdtJAweBzx93J74YA1z+kre3d1DtiulQEnzGDFH4UhiM4wMc9uDgFc03xAwt1hS7nj3M82xSSpOByVUcbQT36KDkYBJ5Z1lKkm5bLS70d3G+u9nZ6a2e10hU6FSnW9yMpJSj+EoNu91L000vb1xdK8/lgqAeYx3naDjpnnnqR1PUnOADXXWTTNFMq7X55cHaynICru7n3JGMAtwRXLadLZwnBuInVyHBJJ7Z9gwJ+UHCgn7owCD2OnyRNG4SW33nEhYSBRweNwJJ5wcng9cdDWVCNNXk2tlduSSWi62aa876a663N8TWrO0Ywbel0veaso7ta3ad7uPW9kcreW24XIlBkdi5JGRkAkbGJPTHockgHnPEljpcMoiZkxsALgKGBznk8gnnOeTznJPBO/fWSGCad2Xy2Xe3lsDHtIz94EgksOBjOOCMZzU0ye3eLYrlXRGyecP83C88A498AZz1FUo0qk4yvFxtZWad7OL2102vqnddVc0hiKsMOoOL6S1e6TjZ+t7btJX+7QW1kSOORBgRAYOTgqH4wAeSAc89AMdK52/sllv4XdThfNYsSAM7HYdT0PPHHHGRkbvQFlthaBRFJloyRtU9RkZ49TnnkkHmuNupoWkk3BgFWQbDgBSkcirgngjOMnAznOMkCoxcYqj7rT0V9nrZdlo07a9fz3yycp4tczsuRN63s7RurtJKy9LWtpfT5+vZWS4umg/guZ1bLDGQ7AdTggHr9zBXPPbIlmnDpvYMN2SEIHUn5QR0OGzg5JPI7lpr6aMz3flk5e6lPzZ67yeCDjGeeM4Ixu21Cj+ZgsVJIwCVwRjac84wRk4AP0NeG5STtp56vfS1vLS+r3330+iUISktruzdmrN+rV76X0666t3foHhVlbTpEZCu7UIScsSeW4x83YKQDyWBAOQOPqPTILeTTb4TESxmCLapIYJiMYHqCD8oJxg475r5g8ORO+lq8XJOo24PGcHdjAwTx7cE4OTxivqjRbHZouovI7Ert4XIBCqpGCT1yBkc8dCe30eWXUG7tLleiV+l7NdL31W/daWPnM5i/aUOVac9200ne2ie6tpfe19dXoeTaRaeHLXxvo7eKZDZ+F18QafJr7wLuuRpK3MRvHt8DJfytynAznkc5J9Y/bH1D9nab4pzH9m19QuPhqug6Ykb6mJI5RrDW8Y1Dyo5fnSPzckZ4546V4d4niEl5OwiYMRIFZ+MHIA4YYIx2PIPTcABWfpPhPU9YtXlnjtY7ZCF8xim/YzKfMVPlLMCM/KWOMlecgcmJlFVr+1krqzitIK/K23G17pJWs7tN7bnrUaEnQhyxhKVlLnff3bXs1rrp/wGlj2Oj3d7pweNrme1jiURxNI0iRBjuYQxHcqZIzlACflHXipotLuYUhJikjCNufzDtJxgsD03HAB5znpxg16hcTRaC+n6TA8UyR2SvI4RlYggED5VG9hk43deufXP1PVbVxFH5bYJY+YyAbd3Uc544yBnjjI7VrTVJQcozSbsr6LtqrXSu7X6dTlxVSrKUaUoRspJWu2re61y6NW3Vn56q5/Q7/AMG8fjPwj4N/aF8Zal4y1PRdH09/AbrYtrd5DaWtzcxMpZImmKK0zHBA+YnupNf0x/Hb9pH4G/8ADWXw4utY8W/DnUNI8ReF9S8K319cXlpLY6FbSWcW2S9lVyiTlXKxbipXGVztOf8AOd8KeJ9R8OrJqGm6pf2piCMgsbiW3O0MzFWaF1YA8ZQkZO7OM16zL+0J4t1OWEyapqDxpGFc3Uizyb3UIZRJJukZtuMMSSD1Ynr+D8YeFcuJ8/r5nPMJ0adanFSpU4XqKoqSp8yq83NyK/NZLybtt9XlmcrL8LCPsv3kINNbv3nHZJtrVJ37ddz+kb9oj4nfsn+Bv2kf2jb/AEyfwLrvhr+wo5fBtvGseo2d9qLwlLo6bIC8MM0kys25VyrAEdcr/Nr44vI9R1HWbuwt4reC9vru/ggiYsscN1cyOkYKcbUjZVAGWBHZhiuI1T4hXF9KgkuJJmh3ktOkbuwclv3j4JbnIGSM9eScnNt/Fsl1p+uzzNEksUCiFkUja3IHHTAP4EkYJz836BwjwzHhylGk8TVxLjRo03KpPmTVGEYpx96Si5cqbd3d62PHzXHf2rVvywpq8nold81rrmi3e20b6XXXr2un3aW9qizZQxRtuYqTksoJ+Uk8Hpk46HvgjCM1kPEmhyKExmVmUNszxnPTseFU+pIxkV43e+MtZ2SD7aWDFcgKBtwN3O0c5BA6NnoOhrY8D395rXiPTDc3IlfMuwMo/dryM4A5BJzjJ6H3r9JwlaOInSpxuveinezsk4vpKz2tdfg9D5hZdOFWU5VItLVK2q0i27Jq72fy2Ssz9NvgF4otYvHnjNPORTH4f0x4g/ILK6gMQB94FTwMnHI4PH3XqPjCNtG09TLC0kcRJIRQzMy7sYGSVBJHHrwCOa/KH4fef4f8a+MLh7sgXOjabGk3lFY8tKvyh88bejPngDII4Wv0Y+HHwv8AiH8UPDUmt+EtNt9T0vSwIZ7sXiRkypEHkUK5+YxquWPBIGe5B6MxeDoU5PFThT97kjKclZtSS7taW6X7dD2svhiqknTwsJTn7OLkocz+FRUnZXtypX2dlbrYvSeKLhi8gKAuq4424wMnDNgAAY6A9D/FmvmPxY97a67o+rzW0dzban4o2NJKvmOpjiPAbnuMbckDjAyAa+qLT4NeOr26OnxHRpb9JI4ltRqUJlMj4UjYXLDAJBPG3gj38K+Png3xD4Dh8B6LqL6cdRu9fuCiafcx3KRMoMTLcmMsInDHB3YYde2R5+X4zAqt7OjWp+0tzQUWnKWkXZLZ+6ne/rvY6amHzRxc6sKjhF2vKOseay2tqnqrNPbW17m9pPjSDRdal1HTnhjuVQqQ8amNAwPy7eCR36nLZHBHPet8f/GsDxpZX9o4jHyqYwAgZ87gScAAY+Uj37iuJ+Hf7MPxn+KPmS+C9Hi165WUm4jtruOOSIbtqxlXY7pGchcL0J4JNfRPhj/gnT+1Nql5HFN4Daz8y9FiJb6+t4oY7gAMIpJSQqvjJ2sc4GcdTWOOznh2FZrHYzC0aqd2p1IxaatpKN7prrGztbQungeIIRisJSxMacuWzjGXK1K3Lfpomnbvru1by3wnrmreKPGXgO/1J4GuH8VTO8igDJaN8nAAxgkjJ6DAJPNfpElndRQT3Fm6yO8itvBY7ccMCSTnaBj0HQZr4nl/Z5+KHwm+LHg3wjr2lxXutWWpXWqtZaRKtygtbVWjnVplLISjEEgdRwBuFfWPiL4lWHgeS10nxT4W8R6bNqEUT2072jiJ0mnSMOx2jcoLEgjJ5IHOK8nNeI8moUFiIYqjLD0qEqicJJvkg1dpJ9dXe1/K5vluQZ7icQ6c8PWdWpV5eblsuaUop3b0S2u3Z9Oh+In7eFlqN/8AEC/htVEgt7lWllTlxIUZmDEZO1gflJP3u5wCPgmx02eSZ0Fvz9mKPIS6gv0wdwC5Geq5Pc+p/sY0H/gmx8EvjDax+O/FfinXrK88VRteu0Nk0tnEiRArbxb0Yee0bkuq5K424IxjznVf+Cdf7I/wy8f+FtMe71r4h2Ws2txJD4eNqkEl5eLIPkEsSqyNuBVQTyeFHBJ/jXNvps+HOHxuY4HC0c3x2Ly6eKpTp0MBUbqSwbUKns3NRvFcram0o2ad1u/3LLPAjOsUqdSvjcLQcqdOrUUqnOoRai7NrSLTs0ld3ve70P5PfBVi1nqM7XMDBGd40G3JyrKuCdqnGeoBOOTg5Br2a+0qyj0+byguSA58xehZScEEDpxnHTkcnBr9bf8Agqj+yZ8If2dPEnws8R/CnQG8HQ+P9CurnWvBt6zT3umXkEiIkkKFmlH2jcWZsYzgZ7H8ttY8CeNLvRxq0XhvxDDpW0+dff2VefY0Vfl3yzsmwK38ION3BGc1+kcH+KGT8f8AD+WcUYTmwOGzFSlRoYtxpYiEqc/ZTjJOWtpReq0d9Xqz57M+DcdkeOxOXKLxkqKX72ipSptTjFqSdlrJS10i0k9LNM+ePGK2/wDwjFnZnyo2lu5SrIgTIG4Agg4HJ7HgcEno3yjf2bfb3WAq8YQZK8twQCTjoAcY568emftXVfhtrWsQ6PBJa3q2TXN0BqBjk+zvsILpHwA5Qsu7a24ZwcHrnS/s4XUiRy6XPcT3LozOscQwCPmdn3eoBIPU43dAK/Ucu4oyulGVKWIg507SfLJNxStZNardt9E9Nz8/zDI8zliVKNGcU5KLbXI3G0WrJ21W2y0WrPk3StNSe5gglZwzks6gELnIPGc8dz/3znk16DpmlCy1CZlUJAbZzlhw3y7geT0HPyYJx1HYfR+hfsza7q82zSkvtU1CzxNc29lbsZoYm4eSQAZURlSGOCg5PHNWPH37PHjzwRYweIdc0HVdN0CcS29lq1xHvtLmRFHmBHjBJdSQCCcZBAHQUf65ZTiMVHDQxtFVZOCjSdSEar5lG3uX5mmry11ejTb1L/1dzOlQlWnhp8kLXnGzSVkm207Nq/vXdt9dj4/0S0uH8QNcyAtArzKMn5Sqt1wwAyM5OAD3HK/N6aI3Vg6ZBlChAV6HkKW4AyMgcMOBjnFZc+jyeHNeitZtzLPai5VGU7pPtAY7yMHAxtOSF6+9aE+pRwTRBjvCkbQB0PzZ5OeMnAHA7DGQR61fEyq04OlJuMldNO9r8uiaurbddtdbpnjKmqdW1S6aau3upJQW9urvpvoru6Pqv4U3aPpaW92k0ltqOr6dY3Esdv55tQ06q04QLuOwHewIYlQQTnJr+pn9m5Ph58MPhZcW3h/9sA6JaWsdlqN5a2vhmKa90+4mto2ubVF8kMqwgFT2LAkgknH84f7FFjP4n+J/wz8K2djb6pfa940sVh068McVjfRrIu6C6llyiRkEgsWXaDx0yP61fgB+xP4C+I/i7V9B+Jl7pPw8N7rF2Lzw7oUthDFcWNsgAngnuDukSQqyH5iCQxBAxn+EPpN5xgcRmuRcN5hWq0ljK8XSXs8POjKcpJJ1XXhOEErSXO0oxbV5aa/094X4SOD4ezPOfaNU8PRcqsKdN1azjBKUlTppOUnJyirWuo630Px4/ao+Juj/AB08ZXFvr3xk8S/FnwZoCLBpE17bx2VuLhTt8x7KJI1kBIOfMUlRyDzg/GfjDwF8J4vDesPZ6Ur3KWm5ZGjClZACSQACMDh+yqQB1O4/X3/BQr9nTQPgd+0Nq3wm+BGp3Xi/SLhrMaR9gi+06lcatezjGmJJaloJZQ77cqoOPzr8e/jv438bfDhfE3hLxG2qaD4qsCunXOjahH5dzaSsilknjZUZHUcDd2AJPPH1HhJkmGxWBy3L8jzOdFRgqqwsJUqbfLUUKtX2dKMIODqRkvaRXJLRptWODjHMFShUxuKwanRq04ulWnHVKcFOCtUUZ05KLV6bs07ppbH0R4Y0H4fQWtoZLC3kc2yvtdELligwGyD8vYnn35IxoXEHhHz8Lo1q20/LiJMEHByeOOOCMEDoOlfnx8PvjFrtsLQaxPFLbxW5Uu7fvWPB3FehA5PBHA7DOPoKH4h6S8Vrey3kiJcqGYRljt4yQAeq/Q5JyOgr9dzvhriHAYlueIrypSfMpRqNRkm46tN/ftdr1Pz/AAeb5ZiaS5IUYSf2Jwi3o0r6pbeT8vT1bxxZ+GrjQ7lbfSLeB9qjzBEFwSw4OQBnIBA64H1I82i0XT5LOGFobbd5afwA/LgNwBwNpyDxnqMYzV3VvEOkeINEvNK0m4nu9ScwlYsbWYsQFCHJLM2SNoJJJOQOlY1jouopfWGlW8l7qerztDZDSIEIvlu7jaYrYRMBI8rswCrgs5IA3du3LalfB4GUMVXcZRbqSdWWvIuVuTbb91Jate7vrdImpR+sTUqNBVacuWKlTj7t3KKcWrO7suul7XW1pbDQrVfMUwWzjccAxKwXacDK4GM+nTnOec16Z8HPiVrH7PnxL0b4neF9C8O63qq2l/ZGw122S503yZIpVkP2eQOhkKMCODtOTnAGLl78Avjd4e0yfVdd+G/i3RNMMvlHUb+xlghWR13xRyNIgVZHVgAp2kAgcHBHlOreGPFF3e6LoJ0PUf7YMlxLFaqwEzqI2KswXlg/XaMk4IAxyOfB5xlmd0K1GljqGNw8uejV9hiIyUGrKUXOEtH1a0srrS5WKy/F5dKjKrhKuHqc0alPnpyjLePw80Fd2v0s07OzsfYfi/8A4KEeJvFGip4Zuvg18KDaXFz9ucxeH7dZZbl33OPNWEMVLMerY5wBwK+e/in+0XP460ay06++FngbSIbGJ1ji0mxS2aR8FNzsFB3R58wepUHsK8gmtruz1G10jVrD+ztQt1xLHdRtEwWPqzEgYxzgA9M56ClvvCv9qiQ2UbXJt43nuWtpt4RWBI656hTnHHJxkisMDleTZdiaU8LR9k5tWlGvVasmmlyuo01e/urRb2uViJ47FUJOpJySSTUqcXaKs0muVuNruyuldXtfb5p1JYLu11wrbx2aB5pHaN/kbLEiNV/2cfLnI4yCCMDyGzFq5RCjFgQI2wWBJY7iCQeevA6HAwuefaZNFW6h8QW1qbiJo5Hh2spKK27Dkk9cn1bGM4OenMReA7q2ltDJdKCVBCpGS+cglTxnI4zxu55+7z+2ZJiKUKcZNxUXyN6rWygujunv0ve3bX84zCE/e5bOeqSurP4buytZ2bfw3vbe2m/4LdrPV7ZUEQ2XFrcI0vzqJop0kjDLg5G8LuGDxnkYzX9g/wADvg1/wU1+Kvwj+H3jLwlr/wALtN8N3/g4w6DDq1khuP7Dhs8KkoVlAkmjTgyDk5OG4B/kv8IeH7e01eM6lchkE9qzJKhKeUs8ZfcMAj5QcAYOcHqQK/sT+G+sftLL8EvBHh34S/FfSfDvgq7+FMmv6PbpZvc3tlHpWmSGaJpXDvD5y7lA3KM8gDgH+bPpR5vTwlPhH2VHB1liMfiaKliqCruMlSi6cYJpxjzSS5rK7ivd62/UfCHB4qss49jKlRnGFBudaUlDllV5ZRtTtLmab5buyb6H4EeM4/2itO1zQPCXiS40240q0+OesotvaLbrZv4yiuiL14iA26381chgMFDjgqTWF8ZrbxVqfxO/s/xS+mxeI7fS7uRvsO2MxgpGLeBAp2BjkjcByMdcYPjGvfEP4gahr+j3sviJ9Z1LQ/iH4h8TajYSzKsTapbXkxuLwFWyvn7CWzt+9g5616/8Or/V/wBorxZ48+Kt2yWFx4U0eyQ6faQmQTvFvWQoSCWACNvLA5JB619DkHD2aYHG5Lm1eGBWCp5VL6xLC0Z0pSxGIdKScYtuVndu1lZadkZZ5j8vrUcbgMMqrxKxdNKE3zQdOmv3kovV6NJRVkrPXueF+ObG9s9K8PQ3iLHObqe3IAAfcvONxAVmyQew57E8fFPjCQw/E3wk8uwpaa3COcgssbhgSQOcE5BzgjnoBX3L8bvEFrHqvh2xWF4Ypne+Zpw3mqz5TGwHK5IOBgDHcDivhLxvcx3HxC0ZlKyKmqKdy4UjBHJJztweCATk89Sa/ojK4xqZRCaV29NWm3pFadd1deV7u6PyzF80MZyOzUHZ2as7JNd3ultb3Xfqe365d2lxp/iWdQqzPqpcFRvdkcKFKv7jlh8ynqOM1D8Mr2403x7eX8qyzLFpkcgi3AhkEakgqCDkjuBxgYIzzzgtpL26vLCSV447rUIYYWAOGeYqoXOcDByCxPykZOOle/6J8DfEfhfWm1WbU7K6SfT7YQ7CxCmcArEx6F1BAYMCBgccHHdTxOFw1KnRrTUVNcqTaU3L3Vf53VraPrur+fUjVrSqezTajZuSteNtbtXuuysrPQyv2lfElr8RPhzaWkkn2G9g1O3W3tpA52ogUEOzHKgqCR7MSMdK/PTUdLnsIJrNbgTebGWwhwmYsnkZwMMMj1H3cdK/TD4l+F9H0vwPrl1fXUFzrwvbaJEZNyQOQDthX7rLhgCQOMMBXw9qdgGiAaGEvN9qPmrHtKnZzjnHXkcE8D2Y+1l9KE6U5U2oK9lo7tab7fErpXTVtHZnkV8Q6VWlGUlLnSUp2tfVRWzun+d76aHzm0LS3mnwHao+0Qgcjq0oUBmIGW5A646gc5r9VU/ZS8Y6vYWOtadodhe22oaNpclqZriNJoy9pE27czbgHIBIyTnOMDNfl/ceWmq2NscuY9Th/urlvNjJGMjPY98Y9K/c0fH/AMFeAtG8NaD4n1OexkPhnSZY/L3ySGJbaLaWZTjcjA4yMDHDEmvKzHH5lgJ06mXUI16snJTjKPPZKKV+Vb2bvdvf0Pq8mwOXY+FSOYV/Y04xi4T5lFcz5VrunZ66dtN0fMGpfsUfF3Uo4DP4d02SLerR7dQjDLEAoIYlyC2BgcYIAOMg1NB+wn8TEmw3h2wb7RHgRjU7cxoM8O+G78ZHPPXoBX1zZ/tf/CFIEig1y/u1ddgE0Mo2ZPBzgkMPvcZPBGeAKv8A/DZHwr0sypPqczlkUoXSTd8xwMddoJPGSOhySQK85cQ8USnzTymNrJ39jN22+Gzbfmmd8si4WjLl/ta0nom6kW1t2vdWbV32v0R8b6n+wL8WbGWzvo/DOmSCIxyLFaajAzAxMJC0o3H7qDKgAgMOmOK+dP2rIbzw5400nRJEeHUtN0GxhuYZCr+VPGqLIEbJ+UEMcgjJA6cgfrYf2sPBN1oyXelT313HLL5W6JJGkXePmC5BBwvYZ5I3cHA/Kj9pKK9+KPxK1TxH4d0TWNRsvssMXnCF5HiVMB3mIGEUMPlzjkZ9SO3+28wqUa6zLC08DRUac/aNez5WuTVylpro1eyuuW6aucGLyPLIzovK8RLGYhaOnF88pRlGN7JJtu6t1S0T12+Th4x13TriC5iu5oZkx80E7wK/BGHMbAk7eMHjoGGea6a0+L3iS2kkubpxepNEsDx3chcbBjCKQThQOCWxweeoNYnifwHrvhmxt9Q1rRb6wsrpmSyurqN40mkBORGXADAEHdyRyT0GT5dMyyKybSGRgAPmK78nvhgcYOSe/PPJCw2KpV4qrSqU69PZTjJSTasrc0VJPrtb1vtx1cNVoS9nXhUoTTjJwmnGUXZNO3I3rq09Ek1Y9k8R/E+bXbKOyl0vTrdYATFPAQj7yvDMABuOGIxypJzyRXD6fqE4uLY5Yuk0Uq7cEMwkUjng88HPPTGMjcOYlsrhEEgXCKFOO4UjJyW55PUjnrjA6dFokEgu9OWYgK7KzgY3Y3jYckj/AHcAcenXHbFt1I+61eUbaecbWejXZPRpppbnNKMHduSduW3NJO6Tjo5Oz2T6bPuj9rPCP7PWpfGLwt4S8eahqkUc6aFaaeltMQE2JCFU5XkEAcgjnHUdumH7IeqLp81la61ZWwlZ2dh+8LKVIGQeSytn7oGMHBHAPyzpP7YXxE+GWjaD4U0vwtptzY2elW7QS3IlzKFQfvHC7V3Nkk5B5wBk5rat/wBv/wCJ88pf/hE/DyMFYE5mKsoOCTnb19FHs2cYrHEZpxHSq1YYelH2blKKfLFuUXJWbbV7tbPq/wAPoKGX8IYihRqYpTnXUIuck3pU929rPVJrZW0bd97es6d+wfr0c9vcxeN4VCXBmJhspC6hWLbScjIJ+Ytjn1zhq9Sk/ZB8SXtjMj+NYUBdB5z2TYAQcLnA5IDd+OehHHzJD/wUA+JouCsXh3w6sW0qSVuPkIzuIG7GQR9STgngLUC/8FD/AIp23meX4b8PyYPyqY7p1kJbDNjcACAegHU8Zxg8sMVxO4+7hnd+8+WMXe6STe/rp+Vy6uE4JSSnUnCyStzyTatFX3v16ara1kr+r65+wx4g1CWSafxjpzo0iLFMLRmBdSFwzDGCxPToeMjg4ntP+CfWouHkm8WQxKVUeYlnIysMhRzjsCADjGcYIOceeWX/AAUI+KuoRkJ4Y8NNscssBgm25ABYlAOV5xz0wQM7cVauP2+/i7I0e7wrosdvKVzGIbrymYcnaRgY4BIx8vGRgg1cKvF0rKOEqNXskqS3ejd7dLt/PXXfKMOBYpRdZNLvKStdLd32177XV7ntsX7DWr29vAIvF4AjhMeRZuFORgHBHKjcTk+uRxzXM3v7CLC9UXvjRS7oDNmwf5uSy8+oPAyw6nv04M/t4/GKUxxw+G9ECBHjQCG75UkFeMnOMBhgkFsdASDmXn7b3xzlJRdJ8PRl0KnzbeUupOSpXeuB164IHvnB3ceL52i8PUaaW1JNR+G60VtXHS97pbOyM40+BIyco1U2na/tHa3ubXkk22vK2u5734U/YgTRpL1LPxQ9w15/rl+yHckQAIxnO4NgHOMbcYxnFSav+xWXsv7Pj8RO2+YzPG9mwyNxyo4PHBI+7j5TtwOPn/Q/21/jxbSvFc22glZAxFwEcSR7shcMByoxkq59Tzg1tS/th/Gy6nUx32iRs0Z3FE3seCeQRhSScHpwP4uldFHDcZStGGEr1U7JxjQlLdwuopQV30u3qldLXW5S4HtzKvCEr6t1lfRr3mnJWd/d1fS3p6z4c/Yo0+01PT2bxbtEFxu8l4Np5IGGyQzMQMLnnn13GvavEX7IcN1pd1p63U8yzWRhSViEVWIypdWOTHnupAxngV8VwftPfHm5uIVgazuXe5XbJHagvv3Z+UIgYAN+PYjFepD9or9rnUyEh0+KULGEUw2TAvGAQMr5RJZgCuMZ5+YgnNdTyrj6q+WngMZFWVoxwk9ny7r2b0fW+unlZ8qx3h3BuWIxEL6XarRXRJOzmmk7LS+vdaG9oP7Fmr6Asfk3tkxaV+QSB83RpBuI3K2QfUZ54rel/ZR8UQXkUsmp24ijD7HABUFznB4U45HLE+nOQG5Oy8eftha1b5j0XUEZm+Xy9KlZTk8nIjAxncM5yfQEjOylv+2ZqTIWsdVSF02t/onkgEcjduQYB6HOAQeOprWnwv4iV1GEMDik7RaTwk4uzScr+4lrq9NdWck8+8M6c1P6xTnKLUkvbw3Tjdtc929lbf5H6s/8ElvDemfs9/tKXep+N/E+lWWk+JdBOjWd9dutvA2qTM5ijmnkZBEJHdYkLEAFuQciv6jb2JJCZA8UiSqskc0MqyQyxkbg6SIxRlZfmUqSSDuHWv4J7b4cftVavJHD4g/ta0sDOrzPBMkE8cQxiSF12skqdY3DAq2GXbgmv3J+BP8AwVG8T/A74YeEfhb45+EWr+NNQ8JWB09PF0upo97qVtHhbdb37QzPLLDEAobJH97oK+G4g+j14iZ5UnmOEynEVcXUnD2lGo4UIuHKvehKrKMemqfe/Sx+g5J40cCZbRw2BljVRoUKbhGUYyqWblzNS5IyfWy1drNbn77mHHzAEhuCR1BLY6jrk5wB2+bgc10dxbg28YXAPlAEAd+56fdx/vY5ywyQfwl1H/gtAhBXTf2f9VZgAVMl6knQ9Nqjcce3GexJWuP1X/gtP8T7lDDoH7PwgbYQr3UN1c7SBtyfJX5uMEnoCMcZyPl6X0ZPFeU7Vckp0Yysoyq47CR5buN+ZKrKyTT6aHvYjx04CpxhOnmVWo77Qwtdu/u7XitX002Wvn++39nswCBc8Y+Xjv7DOc8EYByB1wDUqaZI2UETEZGdo/h69MYI4+bkEZPGQa/nCvf+CvH7W+pMF0X4QaZZhhgFPD2qzTAN0AAiILDsccAcY3ZridS/4KTf8FBNcdhp3hPxDZxyD5E0fwjdHAYj7ry25APOOe3Xgivo8B9Ezj7ESgsVXynBpW5nPGxko6JXtTUnpay323tc8vEfSG4Ypxvh8LmGJas1bD8nM1yq752r99e+vZ/0+po8uCVhl6c5GRx35IHvg4APPPaZdNCDEmyMjblppY409iwLhuh+gz9a/kuv/wBqv/gpl4jnmaHQ/i3JFMSFEOhNaIobOD/qVPQgZBHPOcDA5eXxb/wUk8QkreeE/jFPvILO1xcW4PcKChVSDuwTj0GeAK+vwX0Psa3F4/jDJsPytc6hzTcbW0Tk4J2+/VJa7eHiPpFxmn9T4cx1Vte65yUbP3d1FSatv0smulr/ANerXGi2oYXGuaJasAQ3m6jbA4B5B3P15PGOuAM55yZvGfw+0/JvvGvhqHGNxbVrTPGAeFYgYPPB45Cg5Ir+RAeCv+ChOtOHT4bfEKZmY73vteuoy2SR8wecjuSTgZGcdRnWi+BX/BQfUdi/8K61WyJyPNvNdDMP4s/v2I345BPHHbg19LhvoncKYblWO43hUb1fsYUYpaR2cqrtr1ttrq9TwMR4+cQ1Luhw4qSuvj9rLXRW+FKzV2/ldtH9X8/xq+Cti2268f6EzIdwWO7hkOec/df5uOAOFI3AEN0zn/aR+CFs2IvEcF4VXJEBLHHGRuBHy44GTjpnuK/lng/Zg/b8d1kn0iO3cMcLNrNmzFSRkFCwI7A85AIK8V6bov7Nn7dqxxxXmm6GiHCr5urR739WBjPUrkHb055U4r6XB/Rm8OMPpUz+tiLWfPLE0IRbTVrct93fS+54WK8beMat5U8uw9PTZU6jaS5VdczXpv8A5H9IU37WnwhsIyyMZgvzZMqKTg9ADuznnqCASOgGRzV/+3T8MbBT5Fvauwzw9zCWVQOCwBLKehx0PAIPOPwPH7Mn7VqEnWpNEgyAZQNTlk2rzk7VnwOMjJwcdMAVlTfs/fFe2Mr6nrHh2PGd4l1GRcDngjzTkjGcnPTGemPosH9H/wAMaDjfELEbf8xPM7rl8l/Wtro+fxHi5xtUvamoXX/PuS1vG22ttPPzP2+1n/go34VsUd9P0mxlYE7VEkbsxzwdqnnJA2jA4Jz2rxnXf+CpV5C8iWWgWyAFgCUOAcfLnIxuHOQBkYAGMjH4+33w28RaYmbzxLoAKdVtLwM3UE9XY9AACSR9c88HqOlzWxYSaglwp53wzkjg8AcnGTx165J5Br6/A+CvhtQs6eW0q9mr89Scr/Dpa9u76dNT5/EeJXGmJeuNnRWmkI2tfl7p26b7tW06/rHrP/BU/wAay74rSCzt9vQpGSecDd0PIPTHoD0xnyDxD/wUu+LlwJBb6wluGJ27Ewwx06HjOcHtgnjgV+Z9zFECQ10gCseGYFgecnI+Ygj1DdDjrg5VwbRQwN1EQ2cMAxbk4zzjlexH1PY19PR8MuAsMv3eR4LpbmpRklZR/mv6dWm/K78mfF/FWIk/a5ri221e03HXTslbXbdtNN21PufVf+CifxwvGCReKL8GQ/wCQDkjPQDOMjKkgHp6gbvhn9pz9onx9fQ29p4o1AmUDIaWaEAseVOWGCM56DgcDqa/PrTtTstOvI7gywTKpUkToPlAOcAAZyCMA88ggnFfX/wv+P2gaDJHGYdJeYooVmtwHDDGFDELkZ6nqQAe5NfmviPlWU8P5ZiJ5NwxgsTWjTbpyjh6VoySTXMoxcmru9k76PVWP3rwb4dr8dZrQwuZcU1MFJ1YJ0aldwc02tIznNK/W+uuu2h+hPw98K/tCeJEjmv9fYxyMpYy6g7AoSOg8zbgDp0Gc/LxX2h4N+CniuUW8mu+IYD8q+YFlMhbGM7iSTnHXkjt3r89PCP7TSzoojQIu7CiFnjU/PgdCAQcDJwQM4wORX0L4b/aJupREzeeAQAUaZtoyexz0PHIyMHAA5B/z74l4s4rliK9PEYDC4GnzvljSw6pySUo8tpSW9rX1+d2j/RPBfRoxWDwNHEZdWhjnKmpRq1K7rc3up/Cmou7s77bWtufpD4f+D2hRqv2rUFmIA3BWRRnHPU85HpyQT6V6/ongLwnp+1oYopHUj5mkGemCAM8ZB5A/DHIr86dB+OGoXzR7JpIVyAB5v3uxBweuDkZ5zjB5Ar23w78RtRvmUrdyOJBgZdvlODlvvAAZJJPAJHOa+NhmGIrvnxPPOV3zKU3a/uu/KrLv3WlraK/xOf+FPEmWKfta8KMIrVU6biovRWbV791rtufc9rpehwbQsFuFGOfkOeeAc9PmAJJ9s5OBWsq6WgBAt1OOQdmR09APbjJHP1r5b0/WtVuIwwuJjGxyDu3ZKg+o4GByT8voRg1tLeamRhriU5O0hmO3BDH5iDgcck9PlAPB59CnjacF/BWj66Wato021e++3TuflGL4WxVOpKNbHSk1dWV7N6N7u2j09Xoz6KN5pi8GS3GOx2kAcfd5Jz37DkAg4pP7W0wfL58CgcgK3VfUk87QT0P+z64Hz3HJdtgvLITyAQx689ASQRnkk8t0yKuIk7EbZHK4BOW56BQQP73GAcDpnB4raGYbWpQW6fup2Xu+TtfZN9Vra7PNfDyTXNiJyi7aq610367R2u731a3Pc31zTQT+/txj5icjPPIxuIyuPqAfTLCoH8QaYpx58eeTxs5POcNnBK4yME45GSdoHj6wyDOSeo+X+IjuQSMH1I528AD1l2KnG7noBgkHPAzkDkE9OxwMgkUPF1JNtRjZrt1000vbTfb191CWQUb+9WqaJJJrR6Ru07b2bSWjvd2urHpk/iHTgTtfIwcALnHr823ryADg59OlZ8viazGQvmNkHHB4I6NyvAI75xwfrXBkfMQckEAFvl5yOQcj8MnPPTA6tcryRnOOCcJ15BAzj+QOe5OTxVMZVSduVXta2qe3R9Vbey7HRTyTDRSV5y7qWlno3or39NLuzu1qdi/iuIcLDnaMgnkgj2O3GTu4DHnGSMmqU3izGcx4AxguSRwB7kc5AGFGeeAeK5dwDxuHPzc9cAE5/Hnr+I6VCUjJ2liCQ3U5IOTjqR15OeoHSuGpjKjvzSVrpbxSV1H1aatfWz3av03WU4aCTUUtr267K19902tNezNqXxLMxOI1B2nB4zjPA5C9s8ZyeO4FZ7a3cscEgKVySME8ZIGDtxnIB6E9M9hRcwoNhIySGXIbcQMDHPTnknoeoOOld2U9AWY9xlR07nOQQByRgcfSuOeIbTk5JaPVvVuy2um3ZWtZ91a6N4YGlF2jGyTvqm19lK6v66W3vbbS0+szlmw2xhlsBeq9SeQCM4ZmIIJyc45zG2p3WB87ZOBzkdRyOQMDAJB4xk9wCc8cknOM5Pzf7R+8eDkdcDjr1weXlFUksckA4HVc5Pvk+p9s4waxVeb3cbW0b1WiV+qXd/c9DVYWCd7KytbTXo3fZPRW2ta3zla+nc4MjlRgHknJUn1OMjGATxg4x13fFf7c/7JngH9sT4La14J8ZxSx6po9lfap4V1yzYpqWkalFDv3W8oy22dVMcig/MuQBhvl+zXCjAU5A69uCTnr1PU8Zz78VA6LKJI3XETwyxtkDGHjdCQOpIznGNuMgYFTUrVKcXKEpRnH3ozjdWatqu11d/n2jrSoR5480EtYqSS6PlUrq2z1TWqad9D+ez4Rf8ABMf9knTj+zDrll4S1FNYl1K6j1+9t7+UXWseINDlYQXl9CzloxHdxGZiAuQ2PujDfvL8Rf2avhb8S/D0WkeLNKvLme202HTIdUtr26sr+GyhVYvJiuLaSKRNyLtYhuvUgmvw3Px/1j4XfHi38EWuiavq9t4X+JuqzW97CT5SWl2/mvZBW+SFNxZgw4+cA/7P6l3H7ZiXGkGRfB9+EnlEayXN7bRSQZ4cyjOQkZyEZgMqBkYGB8wsfipRrVMynUxHupYaUpc/LFS1UWnem5Ts5Xeum1rH1GY8OYqFfCf2Q4UIpKdbk5aSvUcJR5o399RTsvJb7nwb8Tv+CcH7NXhz43/CO40u28S+INB8W+NGs/FvhXU559U0eaG0gDW9rLcXLSSxIZQGlHmHcSc9xX61WPwO+D3wZ0280rwj4F8L+EdBSK5uY3sLCytHhjSIhoJLry0k8sYwweQjIORnBP8AM7/wUq/as+OPw7sbbxL8LfG8ehz6R4stdW0mztry3vb21upSoF3KRvLQ5cReUCR8uCOhr7P+FHxC/aY8b/sh+KfGXxu8d6h4m8R+JfB//CR6VLa2ctpDY21zZhTBcPEFIklJ8wbGHBz3au6dTHyyOFerUc6eJxEqFCjUnOcqMoRUW+SKsoWak9lHa5zTyCq8/wALh54tUqmHp4epipwio+29vVjyxhKL96Ss0k1fb0PS/wBqXxl4Wt/2WviZ4jvINNj0nSvGWj3hv44Ymka2tdVi8yZXgRXciFdilTyMZyDkfXv7KX7Vnwr+OXhnTdJ+FOrW+uaRoeiaRb3lxDAQ8d9HYxm4tp4XydyMjqGYcDBPOa/E74sXWpar/wAE7/H9jLcGNo9Ft7y8muUkdnn+2gkjzRksBnJznpg4IFeO/wDBFT4t6B4AtPHGh61450XwxdXjQX9rcai6W1vMFhxLvkkKr5xQEKqk8HAIOGHq5NkVStwrjcwjUrVMbgMS404Uoc6q05Kj7TmheTtf3k46rlfobcZxdDinD5RGCeHxeEjUdWek4TjdLVJK70TTtv3P1f8A2nPiEvwt/b3+F3xV1z4ML4h8G23w2uPDM3jeDSftP/CM6lfagsp1G6u4oyLWNICys0jdsKeMV8Rf8FAv+Cqdle+Drz4f/AK8vLzXbi91Xw74n1iew3WEOhXkMkFxHpcLo3mTSRuUEoJ2cYI6ntv26/24fDFj8GPFPhDwr4x0n4g+IfFFxLZzW9mkqpYWUc4VpVvIucgDMaq2D128lq/my1LxhqmmWFwqWEJ+0yXF3FJLvlkV5SWwHYFgw3cDIIGMgnmvs+BeFqmcxpZlnuEqU44JRo4WlO8IVVSn7SFecOVScYSk4xTfLK2vU+H4kxcMnUMHl05Tr1abliKvLKUqTcYQ9zlXKm1HWTu+7N/4ceAPHusxT6gsV/PY2V2blHv5nWC2e4bIMcBbklWLfL0yTwOnIeJdK1nwr4nv4Ir3T0mlvke8BXe5jky7Nk/MBxtwew+pPuXwP+JviK40/UI7sW7xmOCLDoVRCMMGOQAxVc4zzngc15L8QI9T1Lx3e3DWNxcJfXCgSxxfuyNrKSpAK4BbcecAHqMZP7NFOOIlT5KUKVOjFU7LVSXK7u7utLaK6atZbs+GdOX1Ki6dOt7ac3Kc+V3UXJNu6V012u/1PRfDfwv8ZXnh8eOrjxDDpnhfVpZLFRaIHuJv3ixmRV5ZcOynAAyM85xXB+PNGk+GfiGHRLK9nv4biC01Ga8uQQJZZCrOpQggY3YI5APJ46ezWvxD1HQfgrP4UewuDe6dqkb2xWLMccPmpIcEAkHcMk/MCFPTjPz98R/GLeK73TtQMVzLJa2oivN68vIGTfg7Qdq4+XjBwQORkb4H61UxCVWFL2HtKkY8kI25OWFu/XS+78rK3qYujhcPg6bw7rfWpQpSqud5KE3pUik7pW912Wylq3ue12cV5f2iPGzx+dbwykIwQEOqkouACoPIIPHU4UEGu0sPAlvNbGWWWdZJkG+MS+YAzdtpOTnJyTwOCOQSfnfRvH4ia0s7ewvppt8MKocqrxfLhMk5JyMAHoMtnPT6Q0TxA51fTrW6sLmx+2CEmOQMxUbQCQFyGIB4PQ8AgCuLNYV6XNKNODvZRel4OW1mtL2S5tfn393JpUMSqKnObcXBSvdXnJxSvK1k+6clfe1rmZJ4luPAct7Z6fdQQukaQqht9xlfb90ogJZuMZAYkAg8bc5svxX+LF/psb6brFtYwpI6FxbTK8cW07ndSOnzAZxwOccDd1/hnxV4L0b4g+MrvV9Ot9autIjSTTra7ia4tmfG1zLHlgJBvLYOF+XnB5P1f4H/AGovgXpHhQ215oHhm31Zbq6W5km0CO4SZLiNlFtIWhbYqFshjkABWyBwfmqkMLGoqssrliK0Iwk6q5EpSfI7WactE3qr3b30svTx2NxcZUqVLHVVQUpxUITnGMVDli5OXwtKzck3qtmz5/8Ahj8SNJuPDi6b4o1zTLjW4LgSXOoXLABlLHATLbQo6kEFl3dhyOs1Lx3oOoySaVHqGmzWeGVpLVUZiCoG/HYAE4xnkdd2K+OfGnjj4dx32pWNoumeVfajc6r9utUMYcSzs6WUajhY0B2qBgZU45Jry27+IelTXrnSIINPVYmgh2yudzKoXf8AK3APJYHaQMkjmvSw2Q08ViFW569B1YQc1yWUeZawatpGKcdZdWrNJXOytx68FgcPhfZ4bEVKKpqcuaTnK0o3cnytOyd7vq1bZ3+77jWNEHgP4v2elzfahH4GndpI8hVx91HCdCMEEnp2Byc/Nngqymufhxr2otCrxR+H9DUl2JIzO+VA5A3cZyCCV4xznofgqmo6z8Ovj3Jd3Ecgtvh1c3Ue35mYfMc5VTxgfNk9hz8xFeeeAfEctt8NPEFr8m0aVpMR3MR80TlyOeOM+h65GTnP12V4KOEpSpXaUK8JRbWrTjD4uje93v8Ae7fmXEOdf2vjo4t01BVMM1yrXl5JKysnsnqmra91c+r/APgnU0t3+0roC2mnPqN/D4d1KWC2iBUp5e796SAMKinBOcZ5yetf1fx3fii+8Ntpzm00O2+zyyStNKGli22SGWVSSWUrycngHJIzzX8mn/BLj4iaF4I/af8AEPjDxFfxWul+GvhR4q1J3whxILY7FiQg5YkYxtyTj5T2/qttPFmneO/hDaeK9JJaHxB8PNY1i2mWMhpopdOkMbkNuZTtwCQc5JxgH5v4+8fcPWq8bYCt7OToqlg8J7RwfJzVJylZfZc7Ntp3tY/YvCvE0v8AVfE03Cm6kcRicQ3Jq7UFCKly36OMlrdLV7ahpmp+CPFnwovNM0XxJdeKzp+geJbK4uLK8+028d6kNwZraR4m2eYjgkKcEcDrwf59Phr+xRc/tDfCP41fEvS/F1notl4G1XxXHBo89lObi91DSTPcTtPe7hHBFLGjQpuJ3NnbnPP3j/wTA8Vzax8Bfi1LLhY9O8b+PbcyDzdxWNb0MCXJycrkY49h8or8V5v2vPiJ4B8F/E34T+DvFmpeH/A/i3xd4nGtadapCbi/e41W7juGNzt84I0ZMZVXAwx4J6Y8H5Hn1LNeIst4dxsaOJwWYZVGpXr01JSwqlKdeKik4804NRVlaz3uc3E2MyqeWZZisfhuaji6OKqRpwai1VapqFmktE73fR7p9finU9bj06Sz00XEFvc2M9zBKQS0ZEcjrKFfJU7jxkcYxgAVtRfEJNNu/DV9b3sMdvZ6xYTStGyqrR29ykkzyKTyQFbjBy3A4OK8J8fa3aSSRwWUL4ineBLsAGV1cElpOMMwYj5mBJI9ia8o+2Xa3Jt3mYpE6vGHf5i2cgBScckYOBxgg5Nf1d/Y9PF4SVOq/wCJQ5ZNLq4xUrt7XSbvbc/npZxWwuJTpRvyVVKCvK0VGcWr3undK2m+l+qP7sfhp8aZ/wBov4OaRq3wu8ZwWukeH/DmmadfXn9nuTcX8FmkF3awqy7Q0W19zEBSRjJJIr0X4FfArW9D+HN82q+PNf1dNS1y+1G4sXkiitfJnd5PLiIRWUbmyeevC8ivib/gl3ZxWv7IvhKS3twJdSOoS3cMShUnlMsgDtgjcFTnrwR0JPH6seCZzbeGbG1EZw0twrpv+VQUY4PBHTA4HuQM5r/Oziuhg8izzOcoy5w+rRzZ0Zx5ITq1PYTaTnOzlG0uZ7xduy1P7kyepjcZwxlWYVqcaVbE4SlWkqaSjH2tKLlZO61ja11dWvuz+Aj9oTwhcan+0r8Z9NgedI7f4k+IkhJn3O6NqUyJEH6kkdWIx+tWU/Z7udHudF1C78SNZpqlheXSJak5hNsSDDNMhwWJHJOMjscmu1/aBWSL9rP4xmx3xPF8SfEEjYb5EZr+UbgCF3Eds8YwcdKzp212S7a2vby4mggt7sQZZyi+fltg5IVcn5QuPxr+98pw+Lq5DkyjKFKE8uwbbtF3bo0Wkm9lbVbO7s72s/40xzhTzbN6k8NUrSjjsSoyipWTVa17pdXe1vJnzb8RZINIU3CanPdsJoof3E0ih1QbH/jJOTuDtzjnjqBleHPiuZDbaNDplrbwK4C3Ts0tyHLjBcsSTjqOowD26x+PdBu57LzQWlCXrqFiQ4VSxxjC85yQSc7h9MV5vpGiS22qQM8Um4yRkArtIO4ElgBkdc4wM4IIBWvq8DgKTp0o1oRqSjKK53Zp3lF3dtE7pttPTsfOYnEZgqs50oV6cKiStGMnde7o209dGu9/mj7iu7mO/wBIeS6mDH7IFR06lghJ4PIA5+YL04BA6eV3k1rLtVJJVWC3kBRV2glgfmOBtPckdT0IBIz3At4RoCgSuXWHzFC5JJKbTkd/mOcZBzwTmvI7i2kjuFy8ssbxyF0COXAYN94A9AOAemMZwK9vNKFGNOEafK06a0TTeiium0Vr02j6s5cvp42dRN0K05KWnuyb1a7dn23e/Y/sQ/4I8+L5dW/Z08E6XaxyyQacNZiJnlbAmjmRf3ag9N33ucD3xg1f+C2mh6hc/s0W2pS2zyIfGWiFpI+VjUbhuI28DJHLEAZxn1yv+CKdpHZ/s86FqTzxpFJqGvQqlwDGIUE0ZXKtzluOSenXPf7f/wCCkfgjSPiL+yD8VILwec2kaXBrdg0LAxw3dnICkjsOAAMhgrAEHk5wB/mpjqs8H43YjESa/wBn4nhaFl8Lq0483LuvibVmt9bM/typSqT4IyzDOhKNTEcOU6dSbjJyVSWHdlqtLuMVZ63ex/DLb6Zo665q7a5dpAkSKY4dilJD5Y27mweSD2wR02jjHm0mpeGotcENvao8ZIjyI22hzJkPzzgD1yfXI4rovGK3Meq6osWyRxMsSyKrkEKm07OoONpx94gnOTwa8vg0a/8A7Ss2dZm8x1KnymBOGbgnAxzg5wccAHAIH+lFCzwtGd0n7Km97NXSat6ttdbW13bP4mqYLFvGVKfsKknGu1yqm21LnSt69Pku7P0l8VvGf2e9OuYxHBCYrh+OGZUhJAOfX2PbkEZNfiVN4r0+1vLoypE+2a5UExl9rCV8EEhh6HJ5OCpIzX7feNtA1Bv2brNnCRRW2hLqDY5JWaNg+eOTtAzknoBz1r8D9W8OXwu7zAc7rmXGIztwzsw9+M+mCOR2J+fwkabrYr3lO9R3b82n679t3fS9z6TOMPmSo4KMcJWTjRin7jvpy9l5PRfk9NbUfGD3EJSFIRBgD7hV2I6bTjpyTjJwePXHCosLztdyKzku5CEnYC3QYB6g47ZGORxW5F4ZvSAzq+0E4GxhzjjGc4HXPG4ZPy5yBdTw1qITCWsjqSTvA6EYwuMEENzg5xxjOVzXoxUFqkmrpa2e6W3l26a9zwHgM0qW/wBlr2S/59T1ty+TWidtb3te97DYboySRKFCiQrjb/CABglh79QCOB2yDXV6Le+RLevv3YVVG0crkkA85B4OT79sgVl2/hzWT5MgspcDjeBjuABkDk46jqORnAGel0zwvqoj1A/Y3ysSNnB4Od2B2IHJPHbHri9Ju0bN2TS0tsraWdt7a2S6syWX4/mssNXUly/8u5rR2atorqzXZamDa3Mv25Cskm6Z5Gf5j/fIUEL2Bz1B5yfSvZLC5dDF5zkyBYtpIJO3Aydw6jA59QR6V5g3hvV7a/tS1nIFEe/cq5POTg53AkgkHBHPGMV30MOoL5KtaTodqjeUfkADvj8uMj1IFKVHR3i248tt7bLbzSst1bd9jajhMfTnb2FaLSjdezly9LtWurq6sl8tzoIblpNQKK2B5uWZ84Jzg/hxjqCDnGeo998GzXSrMySKzgIVUDknIOQAeowenXjrwD4RpWkXM97aRsksbzzqpJBHBOO4xzn3BII6gY/QH4d+GfCXh7RJb+6gOoXsgiQrLGx2yAAMI26HnIz1znnueTEThSg+eCV18PqlZJX2V7apa3b0uc+Io4yNWN6NWzetoTb8lom9Pddr63equ2eYz+JrxYp7K+DeRJbuWidCxk2phWIx8o4ye5z82cZr2uw+FXgvXfg4ni2CzaLWVsLm6kvVbYFlichYShxlNpLEgjvgYwB438TRdzam88emvbWkttIIFij5RWXJ3sB0YY4xk5ycE5r3D4Ya9pLfCddI1a/kAXTtTQWSqVczkO0KMOdygnsBjIyTgCvDx9SdKjhqmHlKmvrFP2kab3i5Q5k7X0eqe61tZ3PSy2l7Z4mniaLlJ4aapupGzU1y2tJrS9/TVpWtr8qaJb41aFMowW2YDaucA5wOeRyQGOM7jnGM5TxNCkeu+DGLHB8SaQeg6/2nbDjrg9j1B4BHNaeiWDjVRNHFOI1SaNywKkHzdqDDfKwIIxznOenBD/FmkahNqfhSaO2laK217TJnZE3KirqNuVLEdMAEtyOhyeprfNK0Z4Cs+aKbw84q9223GOvR3fW9ml3OXI8LiI5tQcaE5KNem/dhJpKMoO90mmlpr0vd6K6/0BfhYwf4cfC4E7v+LfeGSOT306Idhzjjc3qegGM+hStkElSAhIPJBAyAQcnb0yOpB6cYry34Lz/avhr8JpRkhvh14Y5OACRp0KnBJOQWUMCTyScrnr6te3lpaJuup7aBAxVnmuI4wgyCCSWGRgcjHrnPWv8ALrPcHXxGd5py0Jzbx2JS5YOXNeq1HWzu3HXWystr7f6E5ZUUcvwKaV/q1LRuV4vkT269VZqXkr6HxJ/wUdiEv7C37R42sdvhD5AwIGRLCFUDoTyScZxx3wK/z7NZtzdJbkAII4OVDAlm6EDI3EAc91J55xx/oHft+avofij9j349+FfD2t6XqniPVvDDWem6LbXsMlzeXRliCwQxhsljy2QPU8kGv4u9J/Y0+I1/HbTeIdb8JeDrVIgZzrWs2iXFurBtyyQGUMCo6jGV5PByo/tD6N9P+zMgx0cZGeFbxUeWNWLjKalTjeUU1qr72W6VlZo/mzxyy7HZpj8vhhKMqnJTlKTu4xj70LXbaW2rd+t73R8Q2NiWRmKNzwvOAQAOAOM5A4J7c8VNLYyBWVhlGbaG3AbcYYYA4yP4fvckj5sZP6Aw/s7/ALO3g6ON/iJ+0Pok8kDsZrTw0RcuORmMYZgd3IwPXPHOG6v8RP2D/h5Z3DaJ4Y8WfEnU7aGW4iluFa0tZHRAMMJAFYOSckZC4yOTkf0XPOqE7ww+GxFeV+XmjCShukryajHVO++2+rPwePCmJoNVMbj8DhGrOUZYiE5pJRfwU27NLWzva2mh8N6RotzqlvI9vY3d09xEiqLeGR95XI5JXgngZJzjrwa9r+Hnwn+ImpPOmleC/EN00jRkFdNuBGoBGGRym0E7s5zt4wThQK9Bsv28zpGk2Fp8NvgN4O0WBkkNtdajbxXM4jJYKzMVbOAOQcHdzSWv7af7TevNJHDr+h+ELWTavk6Np1vG6o2RhGEW5WUEDJ6/rXFiambYqEqdHBUqa2TqVk202m7qMXFJX2cmd+HocO4OcZ4nMquInZNrD0LRb916OTXRdrLdJO57V4Y/ZM+N+rypNd6DFotof3jT6xeQWwjj7syysoJUEMeck8kc5o8afs2+HPCs3h6T4i/FnwjpESaokt1a2uo2t1N5YI3DCyNsZVBHbk8hq8DvvHPxN8XO58T/ABS8WaidredBDezWkZB4KokEibl54+XkADII48f8c+EbC7GmTPdXl9saZ5H1C7lnkf5S5JMrkgE43cAEjnPBrgw+T5i6ilXxNKmk03GlTba2vFSm0r+9ZaPVJu/Xpr59kVOHJhsBXxDbXLPE1kk3dWXLBPR3b302fc+3prj9hHwgGudQ8aax4wvLWZgbLTrCVoZEBBcLMI2VlJyAM8PxnjK7LftZfsn+Gba2h8F/ArVPEkyHbby6q4jhLcbWaJlBClsjDEkEjqDkfnL4H0jSZ7O+e4hjBt5CE+RTlRIQDlR+p646jv6fazaDbkqfKJhUCMJCuCe4OFGD0yQMgnk121clpTadXFYuorLSVVqL20tFRv5b/eckeJ50lJYbL8BQenLJYeNSWqVrOopPZ22d7ddD6e1X9tjxpM9wngb4PeC/Clu4by5JLNJ5o+Bg5ZdpdAPvbcE8Yx08b+I37Q/7RWqt4U1lfGVzoc6SyW9pDocMdlFbpKPmQtGiliQehPB7dRXExeIbFtQENvbM+4+WF2s/mOQNgRVGSWwdpwfxPFafxDFy2i+C3aExzPqTEWflFWIXkKONzMwyMHt82MEAEMvwFFxXIpytp7S05PSP8zk7W1e7snfocazzNcW5WrygrNuNOMYJW5bJKCWnZWW2l3e1e98U/FvxVGf+Em+IPjS+LK5kzrN6sbkgtt8uGVB0Pp2wc1V0vwfdaksK3MWo6iZC2Li+mluN7di3mM7Mu4gk5OSD3OK9v8K+BfF+qxWtza6SthHfWzyQyXKlVkCgjkv8q78cMOM7T0zm9baD4s0ez8+9kt7RbG9MTlJImdgHO4Ko6oRjngMBgEjqXwMJKNKnRbSeihFbcut0rqyd7PfztrUKuOqS561Ws4P3uaUnrbke0tm07rTfZ2Og+DnwaudZmttObwpBqt3f6ta2zNtWCKOIOm+F3YYJKjGAQcHdkHivWP2pvBaaLJ4k0qLSrbRE0qz8P266faJGkapDJAjYcAsXZkJZsnfk5zkk6Pw0+JE3g2a3uI5LW8H2yC6gjeQxhJlIL5YMOWHO7PYZwFzWp+0J4tHxF0bxNrLW6xX14mls08ZLxKUliARX7KAB8zEZI+gPydWWLWaOUqcYYWKtBK6u7xS6PVtXa0XS59LKrhXl9GnSlOWIuvaa35ktrP18tbXS0PKdMjLRWsJVnVdOt2IIyqv5Sg4GcAA85LY54r1bw7C095pVsGChIt7KFYDavIyufv4GARgfLzycnhLC2+z2lkV2tILCDzckhSBEOd3TBPTHJHvkV2/h+/e3uLYkKJUh3pgksRkcFguMDBzjoBg4ztr1qtSLWk4pvrayt7rfW3Wzv62s7HpZSmq9JzjJpcutr6JwfRK97NX6Xs9dR/xXSOW3voLdChNiq52Bc7ztKkYx/Ec5xyRnBzn9nP8Agk/+0Nq3ivxYvw11S5CQ+C/Cmn2umqHbZJCsaIykFmAbdgcHaSOc5r8ZPHIuda8+Oys7u7uJbZGJt4XPU7QNrZx8zY655yOCK+nP2DPEM/wc+Lk/izxfBceG9E1KxgspdRuCY5FMcYmYLAcOwbbsJIPLYwK/HfFvJ8Pm/C2MozhCviKMFVw1NWlP2sXFJxSu27N28rbs/ZeE8VUp5vRhFcmGrxdOvzRSi4NX1bWivFNu+9r3P6Jv2Url5NB+Mt0ju/2n40eMCOTgCO/Kg8H0zghRnrX0y7zvIVjZiWVWLZ5Y7QSCDyecDJHPB55r8+/2TP2jPgT4b+FvijWfFPxK0PRLjXPih411SHTdRu4bfU/sc+o5tbh7ORhLsnTLxkr8y4IOcZ9Y1n/god+x/wCHppIrr4q6PmOIvI0cTOZOCQqgOGYkrxkdQeoJz/BWacLcQVs6x1PDZVjaqhUUYKGHqyhyqFPZqFuyWq166H7NHG0qClKPs5JpWnJxipK0FdSly6W0XdarQ+n5oLt5o5HErZUr+8JX5s7cfe5A47DHPGAK0fsV6gberKMpuADOxA6jcoxgDGTnI4K9hX5k+PP+Cyn7Gvgu2guLHWtX8WyrKyGzs7Nrdg3ABWSVCrIR0wc4J7nNeI65/wAF4fgrHbTyeHfhZ4t1SEIq287FGaW55IhJKACP1GATyRkmuvB+FXG+YOMaeT4yCqSUY+0g4czbj7vv62003/FHHiOIqFLWdXCwhBc0m61Nci01fvO3e9mvKx+t/wAYEjh+DvxXLkrGPh/4gUkA4y2nyrkkrgA5ySTg5PPcf55EkDR6pqtysio/9q6qo3EDdEb64GVcMucDPByQvXqDX7BftDf8Fcf2ifi5L4o8NeHNL1zwn4D16xubD+yNE0mQXM9rdjabe+vJ4TlXViGMLKSRjuDX5Ff2B4hun/0fwB4jmedpZt8wkhVpJnZ2OTtGGYnOORuO7Jr+8vozeHed8BUsxlnio0p454epGnGSk6fs4yjJTklZ35tldpK2p/MnjNxDgM/p4XD5bVeIq0KlSVSpTv7O8lGNoyb963LutO90VLq/Xd8sij5dpKOACCOeoJDfiD1AHGRxt9qUfnMyspUqVIZ89CckDPbjAyTnpxgV6PF8N/H90Xki+HjRqRj/AEm9VSPlGMKxznOB07nnpULfB34iSk7PCejwSFc4uL5WCAZzu2sTzzkYOO5zX9lUcXhYyvKpFO9733ba0Vk7PVdErvXqfzHiMmxeIsnzR76uyXu30ta6frqujVzwq7uYpPmE6YBIEYYD643Y6jIA6gjgVzTzWbPhtrFWfG4b87c8DYuSOoBz9DjkfTw+CnxJHlo2i+ErUEEhmnMzYAGCwOcHjgbVXqOmRT3+CXxAjZW8/wAH2rBQrEWpl4Od2CVUBj2YEgdTk4roWYYZpqLTaS0S5rfDbRbenTzWp5r4TqSd22nZv3tU3p1d0ld9la+zuz481XfLEy2VtPGjbWYRxOzStk5CnA7545GFPTOB5l4W0fUm16/mOmaiQ8soVTbPn5ieOVPUE5J69T7/AKNH4O/EBokh/t/w1AxDODFpzNsRdxBGV25POFyeTgDrXPaN8F/H+sRG/i8VaXaqLqWEiCywziJjl2wgALdsjOAB0rlqY+g6tKrzO8Gm42Tuvd2s9rPbddVY9HB5HXpUK2GSTdVayvrsrNWTe+1u3lZ/Mi6BrTvG0eh6jIirtwYyhzszkEjJz2+9gn0FTzeG/ESR+b/Yd5Gm1eHIBPPzZ+XkHodo3HoQeK+sR8CfF4lC3nxBlX7xPk2rhgCCT8pHfkNjIyeCOCIJv2e7yVvLuPiDrD7ssUiVlwB/dU8Y56bTgYAU99P7bSd4JNeSSa+H1bWu2qTd7XMP9TqspNzvd9eZaqyurW2Xa1+mvT5QXw54jkQiPRZFLEYWS4ijBA6HLbevoen4CrjeDfFU6Kn9mW8QZVB330WcDaWB3MOueowDjPPFfUEn7Olodq3HjHxEQQSW3lFIzgZJx+QJJAB+XHNqH9nbw+kZF14m8TSnaXJM3ykYGMkscZzwduASAMU1nt3a7SVtVfb3Olrde/Xtc2jwcuqs1u//AAF2t10dt79UtGfM1l4H8TrGySDSLZVYY36jbH7xyD98ck4BBzzkE5BFWP8AhX+rSMHl17w9bAkgg3sEjLxySFdgTgdiD34AJr6nsP2ffAjA+fqniGbBAYtMuMgKTuz83oQe46ZBq+n7PXw88weYNXdXYlfMmQAqOM/eJ5IGeR1zjOabz61rKTW1lFaJOKv5b699bPcylwXDmu7KV1qlLtG11d/dbbu72+Ul+HUSmM3PjTQoAoDMU+fO7nPDZJxuI3AEDHPYXLXwr4Wsiq3vj2yCtIxdYIjhuem5jt5IBU56YA9K+s1+AnwyTBOk3cuRtLTXDBSM8YIbBBXGe3I5Hfaj+DXwehtgP+EbgnaOKZgsjylmkVSRtBbBxydwzkkjuDSqZ9KzXLLRX5m9XpHSzXe78tdO/RR4Ow6qKU3FNWTi1q2rPqt3bpr0Wm/5xv4G+H8niC91V/GFwx8+RIhEh+dGJOGY/Q7QFAJwT1wOkSy+H0EbD+2dXmKAKSsW364G0gjpjJOD7ivs34efDf4fz2l+134UtWcancrE80Tv+6RmESDGASq4VhjryWIzXrVp8PPBUDBYvCOmRRABizWfmZwcAjzFJOR1BJz+WOKnm8aabUZc0pttKatd2u9VorXv0+R7FfheOIjBOdNKEVBOTs1FKK0VtVrd6O7enS/5x21x4JiLhBrd2gA+YMAw4IwRtGD6529epyFGiL3ww6gw6Fr04KA7sk5wRgfKoyf/AB44Ixjr+jy+FvDECzNB4e0qMgYCf2dB8w4JOSoYjPrnrwBkAwxabprF/K0jSYhE4Cotlbjf8p5A2Yxgde5+bI3EDqjnU0laNkut1p8Olk9LXWyTt3OF8H0Iv3nTb0+zr9i6vdWvf5W2elvz1N3op8oR+CddnKsBhlkILEZPIGfbk98H0qOOxmla5Nr8MdSlMnP72GcgE8DoMg/XPOcADiv0WmtbNP3qRafEUXzWhWC1iVXXGAC2CVI5yAOQec9UW+svPj82+sbcSJuWMTWqhdoOVOzBxnIGAfm4wKwqZxKUr8+j2VlZNpa2V396t5du7C8M4WCfuxS6vXq42ur/AKPa9tz8+rTw74quFWSz+F1szFdm6aCQcnIXeX3DcOMkgdM4B4O3D4a+JiRm1t/AWg2rOAFMsEAbPfcXXjaB97oBjnmvuK61HSEZQ2r6ZCoctI8Wowo/GeTl8Bs4LDn1OScmhda74NgMZuvEWho7k5ml1OAsAcZxh+DjJGSSOeOcV588fPlklUak22pK1/spqOnprtd6HtYfKcLCSb5bJLr2stOmqs97Ps918bv4V+NKQwqmm6FpyF9q7IrcPjcSANqg5HQbTjliBkZrlh4E+M+veJ71l1ayt5dOgt42eCOMIiyZwiEDcXGRvJzhQD1zn7MufHvwutJxDc+MPDzxNIwUm/RygLDc2fMJHK5GMhcnlTweItvit8G9H1nxNdv4w0porj7MsRimWQjaMEIdwBbI+bH8QA56NFLFax56kr7tSldX0V7cuuvnovW5eIwNJfA46qNrb6uOr02S5rdNddmjyVPgl8XbmOHz/Gfk5YkqHYAgnJJ5Ge/oCcEjrWrb/s8/EOZ287xpMMKu8CeRVIbgYAOD0IB4PH0r0K4/aO+CunxAnxOlwCpX5N0jKegK4ZiM9T0OOM1mT/tX/Ba0Ry+t3U3mINqQowC8AYAAzkgZPJxwSDzWzzCCkrSd2o7NJ2XL8mle7trbfqcEMso+9eo9LNpyV9eTW6VtrPfRX0MWH9nHxNFJ++8a3RLRkEpJcNIAeSOWIwcH6gg8HGZ2/Zsv9kTT+ONW4YkGN5SuM9cA5yvv169Diq7/ALY3wbgJZLrVJtqkN8pyRgjAOAR1IGOPUd6zH/bW+EyPGYYdVmROQrZCtgjdnIOFGD06/gKzljqa95XV2vd53rdLVW1e3V9Lb6reOAw6lbmg30bcXdrlaWujX3W10Oki/ZlWYqsvjTXwGDNlXJ+XjgnJ28E+vOM+tXoP2XdEdAkvjLxDK4kxhZDkEkcsSwyeMHoTgnnjHAy/t2/D6CSRrbQr2UEMF3SYAxkE4JGM9NowMMRz3zpf2/PDSoFt/CwLxtuVvMXLHBwCA2SMHDEHOOeh5w+vQs7Pvq5Sdk+W2uuvdL56aGv1PC3vKpTsrXWurSiu2qe+1tnuexj9lbwvHIM6t4gvEYKrM9yyKpGC27nB4POTyOCCK0F/Zp8AW8rLcR6rMWBCr9qL7yAcNtBbj8CTjkjAx85T/wDBQG3KSpD4VgGSSRJMSoY5wODyDnOeO3BFcze/t+6yCrWnhmxTGFU+ZkDjBwck4PBwcAjIBJ4MSx8bJcjaTvdtu3w6pX2a/Bp63uP6thEtakG200tLrVaP1et9rep9QeJvgT8OtF0C/ksdLmk1FYolgE8jhh5knJO7cCozggdPyBtab8FfBltDbSzaDCJTZwSFmVpC0rKHcMBk4YnqcKQPwr4c8Q/tz+MNbtprU6Tp0cc/LOpyyCIh1KEoSSGUEDOT7d+fP7bXxLcApJZxqsSwBVt9x2LgLgsudxHGeQMnJx0iOOgtXTi1otu1vxV9VrvstSPZYdN+9FRu3omlay0XVNb3v9/X9L9L+G3hVzvTw5YxwgOVf7IWErgEM3zJkZx15PHHbHQJ4T0i0l8iDw3p7RmMYb7Ahdc8bhujBwBngdec84x+Tp/bB+K7ZjXVpIot5cLBCqkA54+ZScYJGQSencqTlXH7VPxbuSZV8QagAcBdnlAhFAIGMAgk4C8YzwcEknSWOp6fupaKPTo+VtaO2ltbb2+RnKNC6XtdVq7K9l7qu/npqnovVL9hpdAijTEOj6WqK4w32GHdtC8jaQCBnjOPlbnPcyi1FuElSwt0jLABkjtolDKMEKHXuQvPIBHqOfxek/aM+K1zIVl1i+k3kkSPcSIyk9gIzgA4+bdxknnHAvXPxf8Aim2nxTS6vdGKVvuteTk/N6kS8BgMgrxnJ9iv7QitqUm1ZLdWStppZ7NvV/dcOSgmnzSt1ai768traXvq9XZ9PJfsRda+1nvY6fGd5ETN50QUDABxggDGevYsT3FUJPE8SRF47FEBZUBW7RQGwBngsMHg5GRySQvJH4623xH+I9+wi/ticglgA97OSvB6OZDgdhnGMHpWm1/8Up40C6zN8+WBOoy4/wBkAeZyPm28Hsx5zRLHSly8sJa35rK2/Lqm0vXrts9GVH2EbWcnt/Km1o7NtJ39N/nr+uM3jOKxRS+mxYGcltQjX5mwQThg3PqASPu5OOacXxThtIjL9gsIURiSWvosqACScBjw3u2CTgnmvyUvo/iWYy9xrlwxXDlftsu4LjkgGXBIx83Pb0xXP2sXjTVbmTTINWluL11KpC19KqMmAWJZpMDHJPPuOOazeLqW0TS0s3byafw9111082bKdNaqL2j0V201Zp8rfbzV73Sdz9EfGfxm0y88T+G7fVINPMCan9rDQXCMYIVJw6BWI8xt2eoIbIB4IrtIP2hvhzZSXBkvJmQOY9z79m3+HDHkdwADlgBwOCfyd8VaB4l8NraXGq3/AJi3Z8uFoLoSSRyrlSpcsXTB5ypG4DnPOcdLfW47aI3OoMBM7bBK+9WH3huI6Hk5G3BHpwa5ZV6nN8L2vdpX15d3BJa9N/wHHERp7wWitrZaJK12rbvR3utj9cv+GlvA4X904J3MwOx2cqSQCrdR90YUDGcdOtYc37R/gSYPNcT6gWRmx5ZZcL3C8cMM4BJz2681+UwbU1jwNSWQ7uBGwDYXOTuPPTnHU9SDjIcbe/nQJHfSAcSbnlwCcgsPlwPXqccjBHGZjOcl8M7yS5baWVlpe6d9et2tvQePhdaRt1+G60V1u7a7N3tbZXZ+oUv7T3w6to5GW3u5m3ZVruZUYdRgs23I/lzzWDe/tkeCrceVFZWxdlXG+NpNu1h/y0BII49SQM8gV8i+D/gL4w8d6T/aFmsEkMqsIDK5LtJggHORyx6cAcDIJwa2E/ZM8bLNaw3EXlvOcbwd4jPQ5UZyOORjiuilhMVUSlGFSW17qKW8b7peTuune1jkrZtQhJRc6cZK17WdrON10vv0vbVqyufRV3+25oOStpp9mXEbR7hauwPZgwIOeM4OAPm4HIrMl/blsI4pFg0ZRIAFYQQiJGHqS47Hn8iD2rxWw/ZM1241MadLLcPcrKwfELxosY+YvvKqv3QSAc8Y69K9+0b9h7wokG/XNe1Dzm2FljVfLGeqgtjJBGPTGAc5xXbDLcbzfBypW1bel+X+r+rOKpnFCMXLni9U+VRbd/d6dtbLumvngv8At66hbIDBoEV0Hj24vZlIUfNg7YgPuj9exAFYd/8At7eKWObbQ9KjcALsMDMoAOfmcA5Xk9eOv0PtVn+xp8LkjBkbUbkq2N7FQCq46jAxnknPA3Z29jtQ/smfB+GZFXSrqfghvMk4DY/iKkZAxwcdAMjqF6llOMf24rVLXZ3cb9Nd7K3Z2SMXndNctu1ruKVtVpro7Nei7nyJr37cXxI1ayvbKK10u2ivYZLVzFEuVjlG1iodThsFhluc4wRzWHo/7XHxEsdNtbSC8htltIWgiCxM4ZPmHJCkLkngtgduK+lfjb8C/hf4S+GviDUdG8Ox22oW/k+Tc7mMkT7wCFJJGG7Yz1JrZ/Zf+D/w+8R/CDSdZ1/wpp+oalc6hdq93cghnjSRlRWBA+6OCRyeOoGKl5Xi/a+yVWndpTejtpZWsldrW3lbaxLzelZ1Pe3UXZrVuzUra6JN33vfU+V5v2tPifcyqRq04BTYAkcYxnIJzsJZc54PQHGTyaxLv9oz4mXb5OsXuQSEwi8sR84ICHs3GMDqK/VOL4O/C+CRUi8DaLGyttB8hZNxGe5DAksMjk4bkA8Vqx/DbwFAyLD4O0JACSf9EiJUjgDOw5GOjAAkYA+UYPRHI8TZN4mz2SUZaXtd9e/k3Z7bGDz6nK3uvS1vevppfq93qt7JW7X/ACGb43fE65aNl1TVXIG1VSAk45yFwmVHOPl4BHcVTk+InxV1AMFn8RSFydrRQTLgnkDCqp3duM9Tjpiv2bi8GeFbdYhH4Y0Tey4GNPtgRkg9SpBPbcMdxgdaupomjQbgui6UhyEVE0+2ULjnOVjJXoAOnPTsa1jklV2568n1SUHdKy6t2v3v5uxlPPaaVlHqrq/xfDfSzS8+lr9mz8Uv7X+LeoDEdp4vuOAp/wBFuHJzy2SR3AJz1HTHap4vD/xhu3Dx+H/Fz7gG5t7lR6DdtAyvJ4JJ6cciv2uSwht922ztIzuLL5dvEgcEcYKp1XnOe3TjmrkdqI13DA3R/MQigL0wFIUAY/vcev02jkMHZzrSaXTlSV/d3eq1tpfa+5j/AG82tKT6PWT68u2vZO/S/Zs/FuD4dfHfUV2R+GvEKK6hTuhkjEgAI3ZmUnpknIJBIPIBrRj+Anx7vkX/AIpm/UMCRLdXRRlA+XoSADgA4PU5wMjFfs4oChFR5Xd0IXcdir17kglVOdx5ywOSTirEeNhDNK4AYMjMVGQT0JJHr0OSOgPNaxyKhFP35O9ldNK1rXSupX333duiMHnU539x2v8AzNJ7O1ndPba/nofjA/7MXx2uYsvoyxnDZM15Bgbc7mG07dzAdOOTjA6nx7wr8N/EeueNrrwibOVr6wnlTUFjdSIzESJGU87lB9epx1B4/fqWJXjJGUQrIwB+c42Fj9c9D1PHevzN+BumS6n+1J4sgUB0a91XepyqOolwQx6AHgEDjtxgZ56uUYOFXDXk2pVEpXl9lKLte3Z2tu97bM6cPmVWpSruyXLFWtffRapdLfJXs9HZe4/He9ju9U+HV1qLRoINKKvucDBQhiCRkKATxjoQBxxj7S/ZKTxp8Q7yX4R/CbV9d0SLxrpFrNrlnaasNM0vVPskn71rySV0iaMZyVzliuBnHH57ftFSs+heB75DtkuRdRZA7Dao64IA7bSffGK9o/Z31HW9I0lNb0fxHqemXNnYrB51hOIJ4Vkz5u2UMrBcL2OT6nnP5J4yZdUxUK0YzhCtSdOdNzg5041eWHK3BWcrO7s7q9vR/a8AV4Rw9nFTjUhO7a6KSVrSV9Fdv1jbz+7f+Cof7G3ir4JfDHwZ428VeP8ATPFF94juYNKj0myszbT6ZFYRJljLwl2mSUadAVcq2GxzXzn+xV+zn4y/aGurL4UeAIIZ/FHim2UWC3bCKBvILM5kdztAGAcg9c+9c/8AGn4i+JvHnh06H4t8c694tj0+0B0y21W/OopYpkhjCS8vlEjg7eeN3Py19Y/8E9Ne8TeDPHlpqvwyvpNO8Y6N4Se40u7MRmWKSU7CzR4OfvEfLydx+UjFfleW4zPst4EzlvF0MRmtDC4yWDrVoclHmtzUFUSUdIX97TVK711PtK2Ew9bMMMkrU5ciktFd3Sa2dtNb6O/XZnsev/8ABE/9tuwvvK1P4fWV7FHO1raNbapaBp3X5UC7JCoBADBm65+YgHj518Wf8EhP2utYvr3wrZfDK/8A7V0RmudTtIry3dIw/wDq1abIjBbcFB4BJHuR+3ms/tKf8FJpGu/Dy6hdwapYLba9Z74ba3vrmCZVdZkiuFDLbPwUJ5we3Rovg/8AtV/tX/CL4uxeJv2jbXOgeJIrK91HTtWvLbT7nWFWQAz2kwZIBaRIu+QPkEk4AAzX814Lxe8UcLSlGnieEsfjIQlKnh6VeU8RWlCSUoUqNKadSpBRbsrJpWdn8Xvf6q4GUZ1J6pL3Uqi00jurK135v3bPbU/mu0b9lT4sfsx/tP8Ahf4c/GvwxP4Z8UaloP8AadvZyyxT50mdmWCUNGSp3dDg43bsEGv0z/4J9/sq/C39qD4rfFHw78TLjUdPsdB1BLvT7+ytlaOG8WdoRLeyFCVtolQMSrDnO7vXlP7cP7Tuj/tNf8FNH8d+HLa9tNC0XRIfD2n21xdR3cccdnF5j+TJESggDlimzouMY4r1f/gn54/1Pwz44+OEOl391ptxrIn05LuBPNAa4unC+YoB4UsWXB3d+QN1f0LxPnnEWP8ACJ5viYyy7P8AE5Vh61ZUFKMsPVq1KfOoL3pQUabdldyTfVnymDw+FoZy6aivYUqtoxlyzd072a2bvbR2+G/mfff/AAUS8C/C74Vf8E+LP4ZeHPBNn4jmsPiNbaXb+L9K0RYLyZYr3zJZ77UVi8yVZIflG2T7gUZxlR/ID4qsNNi8cXUmm2sdtFHfXEYhCEGMrGQ2RjlupAJ4IJ7EV/Yz+2b8PdYu/gr4B0Sw+LHiWW18QeDdR1u4WXSEu9Bj1nTmluLi6mijjLRSFF8mORxwV3Hoc/x1a2lwdf1aaa5F1JDq1zGbjZsM7/bpIZJioACmUbmwDxkrjAGOD6PWJqSyPEU6+JqYrFPG1KtadVTjUcqkkuaftPevJwerWu51cUU6Lq4edNL4I6pK7cWtXayu7tNKKsreRv8A7QEC/wBgfDxggDyaJIhI4O7zSepHUZHXJBGfQD5hghZGIzyQAAzHBIGfm7jvjIJ424NfVX7QgzovgiIY/wBEsFizyCfNi8wr2BPPbr7mvmG3j43EEkZx8vqNvIfBIPJIByOQD1Uf0hO/PKKd2n6fy30uk72d3p+J8LiUlUTinZpLXt0eva+vbfoaWiROuuaMSQWkvEQ4PIUsMDlgvv8Ajk89P1g8J/DvxT4x8E2Nz4d8PLrENjbPb3UjShfKAZQETJILKoBGCBggH7pB/KzRWVdX0hmA+W+i4BIyQy9Nx49D3/mP2X+BfxNsPBngxtOvlu5LfU3luW+zybXVk5RRjHJIPHJPHbG75Xi6pi6GTTrYOEZ1oYildSd003BT2S1Sast1qtT3MjhTqz5JyfI4ttaatKNkrprVre3ps7fIuraroOjaldaFquhTRXlrdm0uIxIMpKhIKbVIyQQfXtnC4Ncz4q8X+G9UfR9EsdPnt7rT57h3MuVCx+S20jjuMHAyD7Hmj4jfa9T8daxrMEEhiur5r2MyHBiiaQursOSzAYyTgjGc8kHxOXVGk8cXUU3zCOJ5CQMdIWUEAkZU5wRjthuhrnyblrvD1Jtup7OLmlLRStFvS+ijstttXob124uaS932jUb9Ummk7a6X17vV6M+m/D11pb+BtBgv76KzMl/cGMSkjftkK8kHaMZ5/wBrBAJGBam0rSbuR0TULJzbqQuLj5nzyAfmA6D069Oc1h6Bp1vqngjQV+zh3S6uDESBkZdnY8jByeM546DmqUvhW1gaaUxSLKU3BdxALEZJBAUA4HHTPbnG7bNNMY1GbiopX0srNRbu7vW+qXvP5XOrD06cqClbeXya0fNe/RNabP5HLeN4kj0tIoJImcXsYAifdwWXDHaTgkdPx56Y+odDtby8+CVjZIisg1BQyx7vm2bSTgMcY3ZwSR2zk4PxN4gtZLe5S2R5WPnLPInmMzBSeOmT8pIA7AZHGOfreJ9c0z4H6VcaPdSQXZ1RdwKl3K4wcZydo75+8ep7DVuPsqa5ryTi27qLvZWuk9+rez20tpthIPlrS5W4qFr7Xfu6/q7bPzVzg9Y8IkyK8kW8FgCNrgDCrnPrxg9iBk15/wCL9DjsdHv5E2ELLbY4PH7zIzkcDI6Dg9DnqNPWvEfj63jjlubgJAZOZDFgMxXOTlc5Jx0xjnHfHB6p4g16/wBF1E6g6mMTWoXCgfM0i98YbcOB2B6YFaU1KU+bmTimtU1d3UfL03/yOKEpe2S8076PV9Nr732vdbrVnvup28Enww8OqyM0hv3ywB+UbE6Y4yMDOMcdMZwfJjZRxTFlt9yj5SzADLDIHOOvHTO48kdePW9avJLf4YeHWjjQE3uTkZLM0YORjp16ew9q8iS+uJBsl2lc7wxRjgE5AyvHHPpzzyOa0xLkpe7bVJt2s1qra33SW+jb08n3Svz3avqmnZX0tpd3eq007eatzusWvmX2jGIh8XYUJgbdxPzdQSCM5XscY4x832j4e0XUNR+HMVvErIpfyxK4Bj4wRkEgBeCSQS3GOAcD4s1DUZo9U0cjYqpd7SpC4bnG4jg++PTB4HNff/gXWWT4fyWi2gu2ilwsasBvZ8EMw74BXOG4I9Rzz1KjpYWrUTaa2T1W0V/Vn0S8zShTc5xTdm5RlZK60t+t7rrtbY+f7z4f6zCs6osM8gDMBE43l88Dk8Agjpgn5TkjdXjjaFqWm+NY4dTjaKc2YkMbAHcofKbGBwpwBjHXnJA+79zafL9qWSaTQLnbhlZlY5DADdtyeTnjONwAB46V4f4ttLO88ZaBqckEizXdvcW7JIB+7MLYUN0DY4ycdOeep8DA4qpLEKLUVZN6rouVb691ZW12u7aepVUvZNTV4qySdk2vd211Wtk3Hvsttr43+E/EWt+HfhwdK0DUtRkbTXwbK0mumRBCpDSJGrbV+q/gScV83R+C/EelywT6homqWKpu3zXVlcRIdv3xudQuRkD5jgc5AGBX7Gr+1D4d/Z68LeCtJ1HwBB4pk1XQwwu2SBpLNtoUtucHjaSdq8EgBhwK8e+Jn7ZPgD4oeHbbwvpvwture4v2uIJmitrTe81zGUjMbogmCoTufoTgjAOQPIxmb5o8xnRjlblhFPlWJVSKbinG8nFxts+2yu76268LGlTo00qr9ppeOzj70bNPVPe+nkj4z+ClhHL4104hjukuWKgEBWUDJPpjv1I6jnPM37Q2nSf8JvdX4xtlgiRnRWIVoT5ZBHIzjk56kZ56jv8A4PQabbeM9Pxps0S2M08MyMhVldWLAbcZGz7u0jkgnPZfrLRIvhTeeI9THj2zQ6Td6NrThri0MpGoeTKtq0TAF1WN9jMTxnvnJGOZ5hHC4apVdKVSyi3GLvK2iXdWv0ulZb7HZQv7dKUldxb6pJe7by1tpo1ZW1ufl7otxdLDtSRthJOA+wSbRzwfTuG6DKkgkg/YX7MwuWfUplBJcXykeYeQ1s5xgnIPXGF55B6/N+iXw9+AP/BPrX/hlov/AAkOt3+leOP7G1a7vLyIXEaPeGN209dr/ugjMFQ4xjJyB2+S/gv4X0XQde1Sx05nntDqesQW0ysSJ7WKKYQSMSAFZlCtjGRn5TnK18rguIKGaVMZRhhsRSeHcYzlVhyQndpNwabvs73u9t1oe1yv2cZXjJ2+G6vB80VzPpq7pLor9Vr8sPplzca7fhY2X/T7su6sBz5zcHoW69SQc4AHIz0+n2dxb3KCRXCAMQC2QQMZYnPByByAPfpXd3ngxJNaEFkblZL7ULiNQoPDvcFVGe+VYKDgckYIHNeg+KPgxrPg+003VNQnUwXsiRJGrM0qsVBYSNkrvOCfQcHPOK8rMa9GPNzyinJtRg3rJxS277PdJJrXfT2KFWMZUotpSk4NXd+Z2i2ttYq7Svbz6I9J+D7iG20RwuC2qQEHpwCB68kBgAPX6V/ZD+yDOW/Z28HuTjdJOSCD13ADIPGegzk9c89D/HH8OoTawaCoBGNVRQMkAlGzhuAevr3JHHWv7Cf2N3En7N/g0s3/AC3umwB1xJjHfJIJwMcjkY4r+FvG6UYY2VeK+zil1+06Sa7K1u19+h+m460+GcJBrbF4W/klTqb3u077PvrofT5lTPDDB4OOSTycZ54+XggEA4/B4PzHBBPoSQRgYI9wMnPQkHkeucPlPyt34JHT6Egt69cHoRSq3cv8wPB4OABgZAPB/DDYPXkH+Zp4iXMlazVrq8ltbdtLT8euqbPnOVqyTv6p67adH8r62tqttLzSq4DknOMqARkdD/sgkEDgbcEjNJ53ffkeuf4sfMD179CO/pzigWKtguRuycfLkYPBIzk85OB3xnJzQSRjMg7DBAyeoA79D/EeMHA5GKaxUk/d++L9NLqy10vru16JOnorqNtFs1Jr3bO6fRJ31fTTY0PMU9TgrznC8knO75fpwexyQDk1Kk6oGAYEEfMx3ZBGOQOfptHPGT0zWP5rjK+YRxtUk9h9cAde/Xp7Uzey5LOwHTOevrnGeoOOcA849KHjdU2uV6bNJ621urdb2Wy/LJ0IbNvW3W9722fKvmuj1fn0K3SqflddoHIy2Tg5xlsYIySSc5b61ML7IxvVM5weOfT6/l3xkZ45fzGxncG5LHPJx+AG3jIIz1+oFP3s6nHGB/DzyfXPY5wcDjI781pDM2n8UlolvpfTS2nTW3/DkvCUrWs/s220s1rstGtN7RSudA12QQPMTOcDOAeeMkN68DGB3xkE5PtRyMsrY+XKYHXhjgjA78YPTnmucA3OdobdtAxuBGRkKSCR19fl4xwcFatKJFJySduDhdoye/3W3Z7j6dT0rtpZleF042bslKStryvZb36O60eiVrmEsHBNa2drrVXafL1v56PbR7XN3zE4O/5lJAckDA4IJBxngg9x0JI6C7HdsAB5uSAPu+hwOTkn/d57j2NczubJdySzZyQq4GQehC92I6jnrwOSebtAwzDOQAecsCc4ZRgc4+YEgnrk10RzNKzu0tHeMrLTlbS1d/8AJ6paGTwd3rJPq9E23daJ9W27qyV7M6sXka/MzZU8ZByWwF+bHPHy+vAC88VNHqMCckkdSCw6gEAAHAPTr0PUg8gVyizNjljwcFT36nqMemc85PGPlp/mHGcDadoOcHnPICgcHB5OORnHAraObuKulfut29Iptaa316X5U0uiWUsHDq2na17W/lb0vu7X7dd3d9imowMAwJBbILAH5gSAMkDnv1H8XPAOba6lBx84YbRww+Unvnb3J9yF5POK4lZtoPUjOcjHy56AKOMNnvnnPIA4etwcYwTg4GBgADnDYPAI+Vj6kt7jqpcQ1abTTjrZvR23Xd69n3Wt1Ywnl1Oa0629X8Nnr31st/N7vv11C1JGSnIHz9B1zgHvwMEHd1+Xrkv/ALRtvugxBVz8wXv3UYDDnpzwO5J+auEWd2UHIOCRtwOgA9CQBgdhk8c88Smdgc5XDEcDPGec+o9ySPxyK7I8T4hJ2cUrW5uSyv7vVPXRO7b9Xo78ssqgusrrVe8mtbX020WmvXfQ7UanGwOAqcZyMnHByD04yMtgnsF6g1INYCFeI2OCdw5POc8/PgqG7/L9TmuIFw3Qe/PQEAkKB09zjAI5PFSrO5ORjPGSODnOB16jrx1JwcY5PTS4pxcWoqaTSWsdt1dLS12/XppYwllkHun00vuklqneytvvpbTod0mrsdwz17lQG9VHQ9jjgkYxz3q0urkLtHcYHGc7sZHBCjPQYHsQOtcGlxIAASMjkjrjLdQRnk5B4/xqytw/HI3dffv+H4HoPpXXS4qxsbWqS1td2Sva21rXV2u6T9GYzyqnpeGyX3q2t7NLq2unbU7mPVwAQCvykEnaeRg9AQTkHjdyCD6cm0msnOCysMZyCM+/OOOv1HqO3A/aH24J5BAYd8Nu65zjG3nkD1PPFlbjZtZuRjkZxuGQMnCj5h1HT7x+UDaR61HjHGx5V7R3bVnJtWXu6Xa5bbK7/PbknlVFW9y+na3RdX6O+m/XU9CXWQQMhQMAHI5JP5EdBzjvgnGc2o9ULfMTGyf73BIzxwAc9CMYJxn0B88SZs9W3BeMkbQvOMjnIx16/wARzxirC3DjADdQG4IzgZGBuOORnoODjrzX0GD45xcGm25RXTmTX2b9E9Ut7O/e6SOGplNJWslF35ddkrRva3bTpZdtub0RNQw3GwDO3IPUdgM5OOTnHJJx0ANW475WbaxTuB/exnHBABH8XXpu+8Ocebpdyc4ZuNvC4JG7pwc9x0JH0wc1bS+kySCTnkAkYxjuRkjgYxwuMnsa92h4gVHJRmpLaydrfZunZau97X7rSzOWWTp2s9WlaV9bpLVrRqy12XY9IjuQxIDIc57HK47AYGCCBjGeNwIORVtZmIIJAHACg9cdcsMYJHB544GCc486hv3wCWPY44zycgAqSCD1JJUAhieK1YdQkJPO7BAGOCeMkDr24X7q9uTxX1WV8aYWrOPtoySaScoP/C73e1+zdtTzq2XTgrLlbXVpd43a9b2vd7b9+yZyyTD5SPs9yMA8c28gwfmzjGfbHH1/ic/ajg0//hdXjhLuEjPjLVozhyAsbXUpYgkk7iTnJxx1r+0y1uDJDLk5IguQAAc8W8gxnjAGDnAz3YgrgfxWftW4X43+OwwLp/wmuq7VPobmTtwMKvOACPbJr67KM1o5nxFkEaDbjGtXnZu9lN4ayb+Wy/NH6Z4W0uWnxW5WShl+Fcr+U61urvZPpra+p4hc2/gqO8cy+bHBGiqrruBWTAwMHluQSSM4BGMBeePutF+GTX0sE+sXcUbgzkthhvJLbQCCSA2cDj064rndVaY6nczKf3Yn2AM2cMCTnByADggNnj8Sa4LUnj/0or81y24wiXGBhiWUZGcNz7gEEY4J/t/K8BJ4ai1Umv3cG1pezjHT0eultOh+Z5jj+TF1VyqUfaySve+krtaeut7+b7fRSWHg+OySa01+bb5XkRFZCAWYYRTFnjIIG0jBPv8Ad8t1f4ffa2nkttcuIbhYmZHkdGSRSSQDjJUckYPBHuOMfSYp5PDM7s8KOt5GWCkBs4TI9h04GBjngZrr7YK0QTEkhktNmWY7gRxkDgbSDkdOvAI4LqR9lFw52uWT1aTcl7i6cqVuj0snbXYmGrU1GT54X20SfLZJWu7qyWtl2Me40GaPwd4pjvdTNxJaWCMrhVWF2eMD5QOC4684zjIXuPzbnSG1TQt0b3C/2pqG5SvyuftMmcHvlSSOe+OeDX6navZPb/Dnxg3lrloYtrDkp+6zjdg8LwQO2B03Zr8ttRkkisvDoVklZdW1ElcYGBcSAnGAxzznORwBxzW+WLmnVd+a86d+2zbuvh0Xl36PVY2U4qL1SUG0ldLdbpvRvRO2j66n0/8ADqPS59L1iZLWXK6RevnDAxuIXAUD6e2OcE181/C54113X5JAxAluigYBvlExGDgY4BxxnH8Q6E/SPwzv2i0PWRF5f77Sr+RsEblAgcEZ7dT6k55718wfDXUQuo+IAUQnzLoBySCStwegzkng5HtnhQwP0cadpUrQjflbbaV3a1rtX0S218tdGeDKvJ06nNJpLRJa7qDVrXtZuy6dtj6hS9g/4RvxUzRkKNIITCKFXchLHDLxzg8Ed8/KefmHwr9jub+ZXVNyxrlFUDIbOSPTPAJ79wO/s2peIZ4fB/iSRUixLYIm445XGBx2yCMnPJyAecn5f8F6nJLqN5NGwV1QFlD4VVLDvnoDyeeobgc11VLXg2tN9V2a12V3a3T/ACWFGokpNXm20trWSvfo9rLRPzvY9/1GO2i8N6w/yqVQIq5CswAYDIPXn5QcHIycnmvCFEMl9akF1AjAdVAJxgnIGOhGe+eAQR29Nurp7rQtad51HlRkbSc9TnqeMZUkHBwTggHgeS6dDdT3tsEu4mDL94MDsBDYDZOWzg9h27ci7R9pBXirWvZLdONn3VlftfquhcZVOSTdrPa6Vly8ur6u703S0tszQ8U+QuiIUO11d8szHccnGAD8u/ABzz3HXOPDr7UCk+Gk3EfeQg54xgYAIznPOO/bivdvEmnONIiEskRXzzlkXcTyPmIC4OfQjtyvBz4LqWkFZWkEjBdx2vhcgHIJIPQZODjjJ6c0qtClK7ejVvT7NvNro/R6ipyqWW72aa+Wttb+u3n2xpdSJLfNk5J+YcAge2R7gjI7Vzd7qcZ+Z8AKuTxkErwOvAGcdOn4DGpcaVO27DtJkfIARtJPPJHJBx047DOM1zl5o1wyuqlgVUAhxxkDJG4AgjsSPwOOnFUp0VFJTStft3VtOr0srNPudOHrVIcyjzNp3d3ZvSL06cumtr23v353UNQh+fqXOQAA2MHHOBxx1wOckcY5rkLyUOSqOxKN0IIyTjGSRjHrzzkdCDjo7zQ77LmNuCTtJwAwHUjCkqSeSuSc+tYzaBqblgOoXkK3JwDjkDnnnaQfQjFedN04t3mnZet7JaJXu9Hd72T0djp+sTdrxbTacttL8qb0beifXvpdO6wCzbic4Uc88MTjJB54B98g8j0yx3yCSMk4C5UgtnjHPOVxkE4A6Z646I+HNVdQBFwox0JIb0xjv6j2zwRVdvD2p5YGPJVQMFRnB9sZzxyQOM9eOMmoON01O+zdtLtaO9tvd0d2ttb2HGtJp6OOq3tdqyvo5LvbS26tu0c+QvDZY55wNwBYkgYKkY5xjOP9rIpvl8AMGBA3AbWyX77s5wjKMYBIPAzzk9D/AMI/qQAVowAv8JG1iSODnjoxPTtyeDkv/sDVNozGMbQVJ5zknuck9FyDyN3OM1zvlSsrbrq7r4XsvRbtb6LS5rTnO7vqt7N3a+FXaeulu++hz4jjC4wAxGCRkkZ5APbBxgcHBbuOjhAeQMcnAbBJPpxhQR3LZ4Uk47VutoOoKobywc5+oPXr0OeM5zgdPcXRL4sSyHcoGBzzyT/CMknOQDnOSTzWKk5apX2VknpJqOqtok9L3T30ex0KUklZPW3TR2as3qrfiul90YvkqrMxYcHaBlzjjHXPPTqO49jlAoTd82eBjg5BPAI29zyB6jnoBnfOi3hVSEQHGT64wcYz3wQBnoMDAyahOiajgDy/mHzEfKCBjIzySWPGMg9GHpSau7vl6SWi0tyve701eutr76Wdc8ny3T7Pu9vktrttX9emKMN8znGdoxgA8Z4A9SOc4BHO72l2hV54IJUbj83zdPukHp6cjjHbOquhX7AfuwDgE8ck9RjoOPbpwOMYDxoV+SPkUkMWPzAYHJJxx6/U9iTgVjOVrNNNX7WtpHS93ul+C9W4yaUr3Sk1q7f3dfVWWt9O/bIEanGc7g2QRnkkfw89FBIweuQOgp4hwO+dxJzyWBbjJGegIznGe2cc7P8AYl+Cv7vkHORgHnIBwOPQgdM9cnIMqaRfBRuViVYZGCGKnJGcDBJ6AE4PB7io5ne+lvP0Xo+17Kz1tpa1xqQtzSurWt9qzvFp2ber2eqSStre5mQxHJyAMqDyrZyBkdMAkgcgk45JGM50EhOFJVe4LMODjPBIA6DOOfpgVZXTZx8zod+4k4ByCOQdx6g4+4SwyQcgAVfh06QsRKrryNxBJbBPU4DcYXJ4OCevGarm6381rbey6XvrfV7P7yoVoKCtFWXwtvvby01d+it8r5ccXHRVDEA59OcEcZPqT9fpV5IS5YKAmcAbckkj5cBuoJzuI6VvR6Yhj+fzFJKgDYexH8RHXHHOOSTycGryaXCCQpkycYwhJB55+6R0/wB0jODnkhJqTvZp7dNdVrv+NtvO1sE0/J+TXlv37J9r9WjnorNjhpQQMkANuPzHk/nkYGARnGe1Xk0yOQZ3bW6cAn6DPQ9duMYz0PBJ6mHRMoT5z9VO7a2QcgADkAe4wfXuCNm18NRP965wByybsgEZK5wemfYHn72PmrSMuz69b9bXfR7Wtbrr6qVprZO/f5Xb236LXdHELprDlZNuSBncATtHXOecDBC/z5rQht5IyCJduF2kKxAIz82RluQQenI4PI6d2nhCFk+a5A3MOFY8EHk9ec85xkHuMEZuxeC7aRsi7UsRyFOMhcbmPJwRng8HuRXfha650+drVed2nF2bV1tZWWnRrTTysTh7pNRivRpr7K0v0Wr+0ui8uYthtdSZSMAfKCHPGB1U8EEEjqe5GcY37MurKPNSRR8xZzkkk4BxjOAD3zjHOCdtbkXgaEOgS9X7ucliGwMfKMkjnJ9WPuM1cj8DyMQY72MksQcSHb3wcnJJ6ZHGAQCeefpMNjElG7unZbu+1t7XV9fJ+W587icFPmeno7rrbd9V8vLcr28SuQS5yGGRkKCMHGNpwT82ARlhjryBWrDbIc4lYHd3fnIx0yeMY5J75P0jTwRqAI8u8VlBcKd2VB4GDzkBT33DoeSAamTwfrKEbZkZQNwIdsFiTgY6jn5cAY7nkV7FHGQum7p37raySV1ffdLd2vpuebPD1E++nS91ql5rvfrtZpq5tWsdwoDJOSSQWLOQAc55wQemRxwRnpwR1Nq2qRBPLu5AFQDeJHGAeOcsfl6LlexCk9M+er4f8SwZKHcRk/e+Ur6+5wTjtnHA5zaifxLAPLnt5COMBd2Co7k84254G4bSfqT7uCxMbpayXMrq17XttrZ/K2+zOWpCXK297La1rvWzd7NWfRrS3S56ZHquvW7AG8cqAMFuem7OOPTByTySejU9PF2vRNlikoXLZ4BIJOTtAyDjHHPtzXGweINSt48y2bS7DgqUYnHQYOOnJGT6jI4q2vi+2dcXGmOr/dJUMG+g4BHQjr0wfQj3U8PON3Pl2abTTtpor3Sfu9l5aXPOftl7sVKST0Sd1bS+7urK9m07u601Ovi+IFyrFLizYYORtLAYHU4Jz1weg6ckdursPEkl4iyK7ZcA5YHKk84BJHIB2k9ySORXm0Pifw5JGfNt5UcEfKYRxnod23PLA569e2K0I/FHh1QojnaIkAD5Qm0jIAAGPTaTxxgZzkmIyo7KpGVnF721926e/R3vrZMiTqzSfJLZaq/Sy0+/btql1PS01acvlmOFcjnAGCMEkd85GcY6gkemjDrDZI3thWUZUbsk4+6G5BAxzgenoR5cnibRXRy16gJY8knIwecgkDPHTrjoQOip4g05QxivEZW+ZVDlcdQCBnDHBySOD0XjJrspuELe/GTvq+ZN7Ru7LayasruysvTJRm5pOMmrq93sna/TR9N3r6ns9pq8hLjdhQwG4/xAHHAzuGTtzk+o+XrXWWWquF+eQFmUOGJwV4z37dDjgD0558AtvEEOCFlRgdvO/cR03YBOBzjAG3qeoA29PYa+JDhmwnT724hRznAzzxnBIx37E7KrHdtcq3V1fvda+fRX6Lc6qUuWXVXaSbTvsu27tvrdLrqj6AttTkJUbyDjeDuyCTgkMc9CvzDGCOpxgY6mz1Kc7VEhwBgkMMKTyMAEk9B1B+UkfLnFeHafq6EKA7Mdo2gbtoAHqcHB5POCcnB5rttN1MZXaVbdgkglguBnOQcZIGc89yc4rWEYz95XfSN7Nq1uzvrtve2vY9GjiJR6pJWlo+umv4efd9z2Ozv5h8rFTtGzsT2H94HkHnpg46nFdPaajJwAB+64JDDByTyccnjgbff5jtBryrT70kJgqxYkMwOBz0wOckdc89DxkEHsrK4YBRgMCSDkMGOPYcc+/I59TWypU2mklffW+75Vf0Vv+G3OuGJlfez01eullZ3aTvfReWp6dZX8mxl8xiASNoOSSxJ4bHQFSRg8Ajk1tpfTBEYOTtTLAgggj5SCeA2CM8evNee2kzgjaTjPIU9ARwSDgk88Y57kccdDBLIQckAocKvJ3c9TkjqSDwcjOe1cdWi3srb2trfZ6X2ejSuntpbr6WHrXa5d9Oz109OvbySudL9vkYEEbVC53DJDbuu7uAcY/FsjHJYZ2ckIoTyuGIIK5IOeSO/UYOeCMd6pwyOd6hNpOGK9eSPu8Z4z1xkZA4GK0oxvBIjXcFHmAAgBxnljznIx7Dnd1486rT6a6N6u/wD4Fts7O+/Sx6cJ81r9Vdad7N37afil2M6WISqu8sMhmDKCwYkndzk4GAqjGW4Y4AIFZs+nRyoylmBjUqzbWypJ+U8+o68EADGOldctrIyttGUZSWACfKBkgc9MnGfwGDkUz7EXLIoIcKAVJxkjrg56dyCeM9q8ith78z01e2zSbWnrZ6bWSTTV7LVKaa5W7K2l9dbJd3J3f+J9dtPOLnQlZMpKHLdlA3EkAA885Gec9Mjsc1izeHplRSpJIVgxO4sgyeAW4xyTjsSTnJr1Y6SMuVBjYrgKVAVSpXoVJAyRgEnB4684zZLFmcgHjaMfxBuu7cRzjnPX69tvi4nB05ptxUWtLbK6aX3+dvI9fDznG10211u76OPa7d9LvX5HkT6DdoAyljjLArgqQoJAHIAyPc496lS3uoyoCyIyYLvuJ44469COvHB5Geg9Qewfnany5G/bkgDDcgdN3zdMcZ5NA08cAxBmyRkJyqsBy2QMnPPyg/x8nIrwa+Xxi9Hyvuuya1at0tt301vr6tKcpRjpa8kmpJ3umne233vXTrochZXN+Cro8ioxG0liclcdc5zlcA5xxyRg11FrqmoIw3M7bjwSBtypPIKkngg8jHfacCtdNKhCbGRRtA2kJgktzg4GORnkdRye+JjpidEGwKV3Ajli2BgYGMZyPmHbHHfmWFnHSMmu2rT2Wm1ttraa6nYk3rZNq2tr22drO6drbem+hcsNcmkKqcKOCQx4YLuU57AYz+OeRmu607VEZEyoCsQBtB+U5IyOCN2Plxk4wT7156tgiMzIGVsqMsrAZ5BGc7ctnJ7Kevqda2FxGxCt8oXA2kEFgcnB5wOPTJHPU4DjGtD7KvZLXW2qet093dNW666rWZxk7Kzsla/ZtLW2yfpv1S6eu2lxFsVGKthsjseTkDgDAIODnKjg981rusbocFC/AZSBtKj7p6YHQ9gTggEHNeUWl/LD8r7QQANzsxbJywAAwD12+mcnjt0VvrG5QWbg4B3NkMV4YAAg849c57nGK1vF2ulokm3/ANu7bX27PVvsrYxp2SbaVnq9pKXNHa6d9O/u6yd2npd1i0t3WT92qls7WQLtJwxGccgDB49DwemPOL5FUlE4ZBkvG5U4bnKgkcnoR8uMgggCuyvr+OSPem5gSBlTgZXgEFvlBG09ipOdoNcBql1GVZtuSGJG35CQQQB1HXjJHPAAHU14eNjB32u2k73Tt1Wt9b/Zfn3uevhZuGsW7K2iereiu7t6WV3p3W9k+P1YyYcJdXKjABVpXI5Xnhmx9OuSc5ABryfXbGeeJ/35lGT94ZBIznOR6d+4xjnp6TfzMxztB27iRknC9s4GOQegH0IrgNSd8OoLBTuDFs/M3t04GRyDzgDoTXyuMw7nF272touz0tfT3vK1n1PcoYrVKT1s7ttNdLq9rWs+r173PnbxVoszb3UIVyDgJxgA52n0HfJ7E5OTXjd3atHKylCu1yTweOo468cgenTrzX0zrsLMkmI2OAcBC21gM7iF/wBnHOecHHGST4b4gsgA0kcDZBJ4JGFGRkE9wDzyV56Gvz/NMHOM3JJv5bLS702eur3tfXQ+kwVfmhGMX80/OPRru7210RyAtCWGC2MkAjGSQTuUZ4zkfeOehUkcmpGtWGzK9VYtgbSCT3/Hk8jGRxnOKq3TxlVOdy5xnOctjj34OMAMM88nAqyt68bEkE7lxliMAkDj/d/uHgjHIwefAaeu299rpuy0te+ia01bs7PQ9mnUcZK6aaV7vWzSjfytZ2b20el0iVYyVC42gEglR3Xvnn1GehP5ZsRRkqM7gATtBGSQcHkckDAGCenfvhEvEYFSqkkZUg8DByWIJPyrjkk4OODxV+OYHoUPy7lwAGJ5+XjoQwHDDAODgDIPLKUo6Wbd3rZXW3Tpp067GsaykndrWyu7XavFpx6rqnq769rk8T7jhQynI2gclsc9B1PQ5wM9jkVpwuxC9SQCFBOCS33toPIx14wPbJwaazjcFCqGAGMLhlPIYZPfkcdT1JxgDQimilILIEJbBbBySvA3Dtk8YAyf90ZrmnJtK0XZ2W1rr3VovTd9FuzSD9xe8rqSX+FJK2q17vS6S5rWe95JCWUE4A9RnJAJ44O48EMMYxzgYBrQgyxy2QCMkZBx83UHOfQEDGcYxWcrBgGBUcYCrgMR94k7sAHIzn16elacLkEEbW3bSuR8xyRgYwMDocZGOOegPJUb97ys76tpJJ267aq/k1ozoh7zaUpRa13u2nazu276K7dla6WqsbNsAcLwW4KhsBiDjIzx8o5OOORjpitq3jQMjjl8MPu7RkctyQM9wCODnrisO3kCupYAtjOQhByOemMkZ4KgdepOM1rRSOChGeDzj7ozjIIBBYEHjrhiM9BXm1pavezfV2k2lB25Xqkrt6attJ2Wj2pys7aPZK+id7bbtat9WrW12N+CAAiTknGcYBIOfmB46jhh1zjdxnnWhiO4DYWOMjdwcDBIwADkZ4ByQMcemLbyk5AOVHG0A8cEbuoBUEcEenB5Aro7WRm5O0j5QuAc7c8g8BgRk8dzkEk8Hz6lOTd3FS2l30urXeqTtvZ203OuMnya6K/NdaNaWtfstLta+WumnbLcRFGRpVUg7iHAw3OeeM44wDjJ4ya6qyudUDqxuZtoICfMxyDyc7TxuHH+yeSRwao6dCJWB2BRuGQQWBLZAIwW5zkcLwGOTjJHoWl6fGHXdj5j8xC5AJBG0AjjvxkbRx3FZUsFGtJp0oNaNu3ezV9npffTZ9wnip0FFqpKzVruT1V1bZ/JvRJ9DU0W91PcoM8hywAVwckBQCMcnJHPDAjIzgdfXdEvr5iiuc7gpzgfKBwQWx16c9eAeeQOX0nT4m2DaCwAC4GCSckgnPXoOMZwTnnj1rRNNjby8oOwUFQBkKMfw4zjPPqMnkV9LluSYdOMnSgpSStZK6fudEno35NJ6vojz6+Z1pqzqTtZfzWez6tatWvpdLZW26bSRNOY1kjjOdoAwOgAGSc9scYwMcHB5r0zS9KDkNtVCBn5RlTkljyBzgnIYHlhkkjGMTSNOUYJQqucnByegGcZOMg9O+eBXp+laeoCEscbTgntuGBkg4z6Dtjjjr91l+X0KXKmlHVW0Vvsq1rd9O1uWytZHzWLrynd8zu9ddrpJvyfTbRO3qaWmaeI9vBGFIYg88nALDP48HrkYOa7rToljCkghlHX5sLnnJ6c9z19+pFVdP04NHtWQEELn5snOVwOcnjGTj6HcBg9FBpcpBKv83UZHQZwW46g8YPOTjGQcV9ZhqdKNuVLbTRa2tbrbd+d0tNrP56tNyna7aTTV+t0tW363326bmjayKDgNk4AVzlfl4IIHQbsZOQeOevFbUTlgHyVAXIHJGP9ok5GcYUZ9cNWNDp91GQFIbec84OQOSABgKfbjHIx66CxXIAUxONrAKwO4qATxwe3ryMnpxz3uSSbg27pJdG07drpK+qafT0OVxbbt3XW1rW3tte6fpdtWNuOTAOMnAznklRg5+8SOmPxz04FTpMRuG4seu4qM8t7Dg4IBIx+oFYSyyIcFZOSARggZ5JBzk9iMnOMVMtywUIQRjAJIO7POQey44wcZwSegzWc6rSSk30fva2u1e2rvrddL3W12Q6ct+WO++j3UbuyV911v5O2i6Nbp1KgsuGO0AjjCgZ9CB798GrK3jDB525BKhvl7D+8TjdkjkZyfw5hrjI4cbVyBleX9CR26kng4HXCjh8dzgLhixBU7yWIKnIJx/F0ztxk9x2rmjU2u3a+vK15dLWvpve+vTqRot3aTXd2t0SbvvdK/Vet+VruYb0sACWVQFHOSwLZzn0A4ydvIJzgGtmC5IJBLFWJHLEAsD/CM555OffkkdPPI77ZjeVJGeAxPXbznCg+3Xj0xmtm0vg5wzbsjJBbOwDpjPOenTjbjHANd2GquMrL3k9Ur7Npd0tbdWt9bPZ82Iorks18NtXJJyd020uieysumup6LbzEhGBAAzwfuhlA2g+vQdc9DzgV2uhXjiSMblUFuACMblz7jG739ew4ryuzuVdF+YrtO5gN2W7d8jHJ+Xn6AYJ7TTJl8xAXUIdu0YAyc5Iz2HO3GSB6DC16dehDEYaVOUFJNPfs0rPtporbJp97Hnxn7KompW1S3fRx3v59N1p3R9F6Dd71QO2M45QZxk8k/e6EYBwAAwODzj1TSZzlQpycDadww2M5PPJ5GCCBgZ98eCeHrxyUXIAK4VuDnJPGOhUE5B6gqOa9b0W6bcitgMCEXJ6E8fjgY7McAAnGSP5p43yX2WJrONOyu5arTpfa3TfVLXq0rfXYTEOpQg+a7tH3Wtfs+dnq3p6Nnu+g37IVBOcKuPXJx6cEDp368jox9s0LUPMVVJUcADPG7k9VwQe2OmOpU9/nDRZCrRKCQw4DexOD1BADegxweBmvY/Dtw+YwzDONoBzwfU8E5I24xx2POa+HyLF1sHmEFTuk6iVru1rxVn0utd9OjvofJ8S4OlUpSmoO9r8y6fDe7t5LpfXfe/sKsChJJJwRkZJz0JwCCADkDjJODxxTOBwSuQTg42nn1BJ5weCecfWq1orPFgkZONuexx8vqRu/AcYIWrflPnk5IBB4JJJOccg5GO/OPcV+2UIYjEUqVT2cnFpNtLTpZSe7tuuz+R+VS5YzcW0/ea/JXWnZWWt9vmxW5wW4wQCMkbiO5YEHuSeuTyT1qYIedxwMfLxwW98Y54O0/n0wUNsQWweWwM5wMjHAI5xjHIPsOcVKsUgGM5AbqegA7ZPPX9DgZGM9UMNNXfs6qla9073vy3vp1toumtkrozcnpZxsktNVZO1299722/4LRG2QxY7SSMEYxjJyQTkc88EAHPuKdj72DkY4PQnnHAx1GSAOe4OWIzMvmY5IAww5Az1Pb24HuAPqHAZZflUgjDYXjp6EdMgdzxx2zXZTw0nGH8SF7Jpxkm320ta/SzVrWdusXabvy66WVtEuXVt213X5rUrbRnGSzBiPQDGcdcZ69T144zim7dzZAPsBgBuBwCSMgcd+mc7s4q4vXBVehxgnp6AjgsASOoLAjI4puUP8Ixt7grg4OM9sjP3e2R/DydPqktffaSera13i7Jq19X1vt5tC5t+ll3b66u6dtF3s79SuAT8pAA6hsk8EnAX5txznsT+Kij5fqcg46g5yMnuex5x6ngc2vlHz4Q557dDjPpz0xjnBJJOKQ9/l6dc7jjJAxwRjIwOfTk9BVQw9S0VztpW5bQ1Tdrpu/wB/e+uyGqj0t89bLWyfV9fw6dSkykZxkrnqSBuJB9fcdOvTPbDk3enP3eeMKcnAwegYZOMjHY8CrPlb8jJU4+XAyvU98YJIOPTPzYHSnrbgHKsd2MEk9vxzx6+uehxXVGlVsml5u7SbvZNbq70d3ru1ZLanOOl9duj0b5ezelu2yutFYrOMkgDoSewJwMg4YEHIHJJ9iSOKQBs9cIcHkZOOwPrnrwTyM8gVdFuf4nG7IYAkZHA+XHGcjkD88ioxE6gjAOOQSQe3XjIGB8vXK5ycZGZ5a8Wmqcl8PwptrSO26duyXyadzNVIt+7ba/8AiS5e6Ssr9na9r3ZX2sAeSWBGAB2OcHPcjGMD8f71A8xgAGwQOeh4PT0x155OO2OhkcSAkAHHfA44OQeOew5Pp1wAKj3MNwBUljnK8DPA+9k9RyWJwQR0A4aqTStJSvfVtb6rTVed9b628kOMr2vo3bS6X8qd7WW+revW/m4DJOCN2AR944K4Axg5ww6EYz16igAhmAOBkHPJIXgYOM8k5KnA5PTGaYSTnJ5PGPbnrjHBx0789qQlmAKkKV469eBg469DnoM8A9KxlXmkrKW/upNXXwq++mllsvwZXNFa97KzsrK8bfJXdvm+xKQMbQSpJ/HnnHJXngYPYgEimkD5tp67RgtyOclQByM5weh780wtKRkhcAcDGccnA4459QCAR75pDnPDc4xhTnODzkcYHPJI9B064Sryj7zjJ3au2k7/AAN2s16q76gpK6t1d9ddlHs9nZJp3sm9tx6HaCPclQSODgk88naff5ucDJNLwQrNn5s59QcdAOMcjjtgHg8YgbepGT24OAMjoR0457cZIHFN3suN2CAMgcEgY7HGcZxn+6cg98czxbbbcHbR8r67Pfe9vJpvXXYaV0m3por3/wAN1ba76vZ93fWdtvA3H5hgDHfqcj0Az7c9eM1EWGAcncBlCBgN1zk+ucADHOR68QmSQ9WyATx8uQB+efbAG3BJzwQwyNgjbzjPoM44JBGQeB29eT1HFPGtJ2Thfq7tW0emy27O/VrRlRXbW+yT223tsrbeXrcmz/FnGMEZ9CMNnhTkcE5x0znPID0A3ZB59jnBPX5sZAz9CpHpWDs3BAVlyoz14OTls9cY7569iKcWYlAT0zgAZ7c8dOerZ6nJrz54121cm09FZK9uXqvRK++99LjUdlotLtKza22t+Dtd676XlJGR/d5YjGcD8Rkc/dABwOnpTGx1JPzZC+xHr6c8c8Z75ocsQOmB94tkHHGNvqMA8dscKMcRtknJIJAwQT17+p9Mgj6nOcjhq4r2l1K8W7X6vWyST0Wq3u7J+aLjHq90rtJX21V+3Ta7a9WKRkDswwF5xjnPABx6hvfnvikJI5ByDyxJzkcEYxtAxknvnpjjkGRk5+bGcYIJzkjnAx+QHXrmmk7jnPTLELg9OAR7nqVAPJxgACs54lNJXaV9Ip9dOmjfS+iSSa66lp9dUtW9XouVvpfTvp15kmSiQ4GTxncRk9MccDr3Axgdc9qesihUA3NtJ5zgg55zx0IPI4244OPmqsXUgDkn+LGcAcZyeMYIOcnpx35VG59VIGSccg8EgDn6nk47+nLLFKMneaTS162Xuq1l3T/4GmmrinypqWrTWn+FNvqrXe6t897JnHRRjcOpH8Xp7EHpnPIwMV418dvn+H98AWH+k2pHGScOvy4Xliw54HJwe2K9eBUkjqMkjGeB29ACo4HucgnPPk/xrGfAt8rEDbPbHLcjh1x04znIwB6k9q8rOqtSpk+YrmTTwle/vX/5drXyt219b6P0sij/AMLWXaJP63Rej0V5Qats9Lrpv1Pm1re5fS71LdS4l/stTnGCwC/LxhsEc4z2PTPPoPhSKVdatZJym9F8jAJ2hERBjJySAWOR3/2hXkWp+MILG3ubS2sJnlRbWSSVnCREoowBkq3zdtucnuK67wH4ouNR1jTiNOKw3UrM024MAVUDCgnIBYAjjJ4xX5Xh5qVbCum9Kcqak+nMuVWdt3prZW6aLb9ex+Fxaw2IlOFoNVJRd46q0UnZt9Fa3S+x8keP5YF+MOvxsPl/tu4BOScnajMcdRzkY9+BxxntqCtfTRRoDHFNyxyMZGPXn25/LNZ/xInuH+N/ilISAIdYkbBXaBuRAucDkj0GDn5sDFcrPeatDe3LNNF81wxYbCcouNvboOuMYz+GNakV7arGajzKU3dp6+/flWjtfTr1W3X7rCU74HAW+L6ph/K96dO71utettb21Wx299PAkUxLSNhJc4JBXIJyCRgDuc8EE+uKz7ZQ1jDOk8jExAcc7R5m0g84O37uDgewIrir7VtTEckizRbSjgjawONucY9iSM98CnWOqasumRzCSF0EQDAIflG84BAxgntzw2Bxg568NyU6bk42ado73typ3WqTT2tZWV1vvq6FRLli42bdtlbSMrrXRJ39d9bmhraRx3EeJ3BDZwBjqo6ZG4jI4ODjpnuc37GhjhledzvSXcB97GD1PUtnp945PH3Sa5HxNrupR3Kuk0ZysRICnAJJAyccZz3+YkAZyKpaf4i1G4aOGWVNw3kqADg4zzxyB12g44zjPXop14Tb0SvKKtrqm4JO/fR+iurahPDVo0uZctuVvS+rvBqzba6y6b7bu3p/xogEvgXwJsJBjhu+SGbGFOCcYbn2JGenXB8T8GWd39p0plkjyvnuFdcjATgEsecnIA98Z4r17426hPa+A/h+6OhMq3X3iFB+RyQccBepySMehyRXzz4O1zU313T7REt5d0U7L+9xyy7VXAJHzHAwcE8ZPGDrmEZSxNPkmnFQo3030pq1vJ21b2VzXJadSOUVpSjZ+0xDd9rOo+t3une1ra79X7Z+0ldXaaH8NnzGrS2UzBxGjsGSMDGDuxjODj0I6gmvgHxTf3X9oqpmJZrdX5jTJcAHI+X5QM5OQQT1xkmvvb9peaaPQ/hassIWVra4QqCDtdYMOMg54bg8ZHQnI4/PPxRew2l2jzRtuCvG7sWIBLZVcdcgdRnJ9815OYWded5znJulrrdJRhq0n0fz011Pa4Yc/qVPlhDlftlpe91W8r62bbdrdrWLOiandnVLBftL73ubKN1EaDKvMgJYAAYyWySTkhsDO6v1Y/aTunsf2a7UqQWJ0aLJYBTi1Qk7RxjIPAyM456CvyF8PazBea9pKRIQDqVgvC4ypuoxycdSSc47Bs5PI/Wb9rRltf2d9IO0lJdR0uHb/CMWSMMjJ5479ee9LB1FTx2Hj7zjy3T7SUo36reOln18t+TP1/t+UKa5WsQ3rs0lre93ppv0Wqdj8tYPEsUcLvNJCjoX3x4IJAHAB4DYyBjBPYgA5rZ+IPiK0ZPCBeWPJ0V5EjXnzVWRSA5BJABGTjggD158xuri3kuHJtwQE3EIFCs4XgBcDHHDfdzk9hxN8Rb1La48FyLZ+ap0GRGV+Nqll3BdvUHIwBzkEcYKn7ypP+G7LRrR8q0Si01tor2u7aqyvpbonQpyq07p2k5O632jtvv+ab22j1bxpp2pwSQwoUEYAeRY2K71QrhVI3KuScnCg45xwa634keTJ4W+H0rO4Y6PPIu0hS67gQVPUHC8c5ALcdTXkGY3iuPstqkUf3mbG4ElTlcKMnJODz0GMAYJ9Q+JN6kXhz4duTGM6FIpXYSFG49u3HzEhe5ByRWjm6i10cdHyppP4Vpa+r0s9VdvbRnNKEadWmkmk5NLW70UdU0lq9L30u7Xa1PJ31SGW2Z7nzCiuiKkjbwxTAO7dk5BOe+cD+IgV3WqmE/DHQrmHiI+IJwpIyU5wSOMErjGO/GOvHn91eWxh2KkJBKsAsZJcEbn6jgnucY6gE8V6Bqd1A3wu8PzQwqsQ8Q3CeWSu3eu0ZABOORjJH0ORXbQcbt3V1BSV9btuNt79F3ut+rJrKolTTUnepHXTbkfboo20tfmbXXTy3xJNCulvKn7yWIoFIRNyhhg9c5PBxjjjOMcmX4Z6lDDNr0flSy+f4dvUaJSFDF8IxbbgkgkdcgckcMMkl9ayRRK1rEQZWWQFGYNuB2gnoc4zycA9OK6L4aJA+peMNttbhLbwrezZCOCqgpkKAAMnIHyjHUjuR6qpubjyN0nyJc60Tbs0tL3Vm1fotPTKVWNOjNSpubXLs9b88bK122l0+Z59o32zStettOubaYwXM0M1pEmCqsXUiUhQPlwxGPvZXpkHH2pq8gTSbIx2zF49pkZ4JBjNudxY7eQOgPK/wAOCMk/LEt/MuoWkdpYy290JLD7Ld/ZpJ3YM2N8YZHZVbJOAORkHvX2ZDpnxNm0KG7nvNHS3ms7j9xdWypKtu9sQkr7lAjLFTtzjnPXNfTcPzhSpYqE2+dwXLsrW3Sel1fZdrW138bOOeVTDSfLGF5KzetnKGibSd9LbJLZSep8wfBXWbjT9G1q3h0i7uVl8U6nIJYYyyZMsmQDtzwBgDjPAPzc17cuv3GUH9h6kpLLzsYADdyeAMjHPTqAB3J8+/Z3+G3xV8TeFtW1LQfE+j6dZR+LNYge3u4QZXminbLRlAPkJA2gfLjgAc19DR/CX4xJJGJPGOgqx6f6IzgHIwCuBxnk8jOSc8Ej7XKq0vqWHV5X5bpR5U0rrZN7p97Xv93y+a0KMcdXc50lJzS95zunyw35YW69E+1tD5E8F6hdSfHj4tONOuJsabpSlI2BkToxLhFJXIB9cnjuce/y6i6yox0TUA7IQGEbgJtzycEZ5HXHII3Y6nxbwT4c8eP+0H8Y9Kh8SaTFqtnDpsV7dralIblRtMYjRUJVlBYEkDkk9MAfQs/gr4pMVU+LdGiLq2MW7lgmcD+HjkA8dRjBAqMJiPZ0qlNwq3+sV5O1vtVG+runrokn221WuLoU6lanN18Ov9mwySbnpalBPVQcbOyauvN2W3xL8QNRdf2qfhdcG0vT5fh28C2hT9++7zAdigbiOSScHLZI44r690/Wbi4k+TRtbz5zgRi2fCjJzyE+Zh0IOWyP90V8j/Ejwt40X9qv4ZWF14u099Ybw5dS2d9BbPiBBvJUoF3FycYGCDjgYBFfS0vh74xWpPk+NXZfNc7orB0+YDjAK5yR2HJ/HBypY2calbljU1r7SSlJPlhv5aLbTt1t0V8JGVHDRdWinKgnF3klJKbSceWNpJ7auNmno0ePftYh5dK+Fjvp9/aM3xD0oL9ogKZ/fQk843scY+VSWHfPSvdP7RnTzg2k6m2JF2kW7gHA/gZVHcYxlsAg4HFfJH7UMPxF0/TfhhL4j8RXuorL8RNKjsmmgCpbXZlh2OFK7nAPzEEH0HQA/RtuvxJSNgfGsvBX5RpjHZu5IU+XwBnBxjPr1YdmHxUpVq04u3MoJqejTUUt7uzd0tL3XU4sRhEqVGMpU3ZzcXBykmm4qyai7O293d233Tzfifq6J8OvHgn0rVIT/wAItq0hla3mK7jbyAbsKQMA8k5BGcnA485+A+rTSfCrwQH03V2VdJgUzwWkzxFSB/q9qFW6c7SSR7gV0fxQuPiDD8N/HzT+Nmkt4/CuqG4gl0oBpIxayBkDeXkBgThmGDk984wfgXJ41sPhR4DjtPFOoW9u+gWs0NrDorXAVZ4lkGZPIOSVzkgjGB0+UVp7epLG05upGMVQlG7tezcXZXdtlr1tpazuc86EVl9Skkpf7TCzvPpBK94xvqujVuvke7ya5aSaVqVr/Z+swv8A2ZqKh5LG4KO32WXOSyAHJK7uMDPrg18B/s1XKHxtcwSwSgRXGrzF44TubNy+VJQZyvOV5PJzzX2dr2q/EC00DV72TxRrIhj03UDLJcaMYLdUe1lLlpTENoIz93BBGQSBg/CX7PvjW1HiuLTdG1aZdavl1WcziBZY2czvI7glR8rHJ2Z+9x05rHEVY1MbhpOrFxjJK9k2ruLaa1XR2Wmy677YShOlgsVFUopOClfmdpNWavdJ7J2fbTrp+hNxPAiRCHTL8/6/NzBHIQAFYcA5O4jjjvuI7Efj/wCL574/EbUmGnXCqPEtyFklQpI4a4GMk8EgHk9sgHoa/X7w3bePb6C1Z/E0ccdw8zH/AEFThQcYbKEAk54BAxnGTxX5Q/F7VrtfHOqrJAj3Fl4lvbcvCroJZ4rkKZ2GAVMnJI6H+HivRxlVRhSipRfNo2raX5dVZNXu7tvS+qd7W82go++21e0WoppxurWu2t09b2/u3tc9S8RNfjSzFFbPl7Qq7IxUhHVSTyckjIPqDkHPIrwv4y+GdUvfEXhSSCOTyYvCliGLsrEuEGevy9ySB1IyTjr1eq+J9WSMxSnCyW+C258DO3lScDJycDI9etRfFzUprPXfCSozFT4RsZXBYgszRhunXvkjBA5J5rnoSUpxs1qpK2ur93XW/XWWnVeRtUmvZu6srLa3VLS6b07t+Vr6HE6H4fvFnt2MJO2WLcSFAJ3DOMDJJJ6YyRnn16LxrFLBov2WOJ2nfVL+IxgM5OVjbnHfOQD0UgjAUCuasPEF7HPCUyc3MKgkt0ZwDtBGDx94ggY75q947124j0WG7jkCTt4g1GNyuSzIirkgEFcnpwPUnkHHpKTi5NNN8iurW2flotFfa3R+fn87lGMLWvOOujsm7devLt3sn2R5HAL9b2WWW2n8mJsBVSUA7ScL1wW5545wPc16J4SumbQfiXJJFPEJfDMu2N4xhjwu1S2QScZJ5/hxjJrxqx8aeIL+9ktRIjWnmyf64KrKgJy5KAHIPuASTgHAr23wFJqF34b+J5vJoJGg8Lq1iygEAs2MkclgT3PQHrWUa1Sy2lHmi020rvmi7Xs9r2S1svI6VTu29G7fE0n80rX+XS9mtT5lgt4T5czxXB8va+0IR8xxnkAY6EA4APIye3tfwjilk8Qa6YA4Y+D9dO1irFVa3GOCM9sEHOO4wK8cbUvEVsjeZNbeUCnzNGmzaADgBQMEg4yR3Ne+fAC8udU8S+K2u47No7fwPrkkTxZVpF+znOQD1JXk9iTgYOK92tWU8K1KKTaSvpe946t6LSy6+Vr6Ly4UVDExfPGSi9G0ls+19LJpLy9LPxqDStRNwsQk8uSZ2VD5oUAl2G44YEjoQM5JbOc1tN4a1m3vLV2miaP7XaOA0qEkiVc8ZypByMdcEDHSubvvFCRzrEmkRGUTShJBOyuwVzzjIA6Z9DkDrg1r2Hi77TfaXbSaTCoe9tFZ/tDlgwnXJySMZyAST3OAwBI9bDOn7JKSu7Ra7X0TtZPVO+qdmnc8rEQm6zcGuVSve+iu0mpLXrd366anp/xv0rU7n4g3klvHCcaLpKYkaMfMtjEOFbBIbAGRjjAycivHk8PayImHk26yMWC4kQknAJALscAEgYHHHP3Sa9z+ON5FaePr1hYLNt0fSmLGZlC5s4SOj4ySwXoemD1rxqS+hNpFcDTGILn7t1IC24gDgMD1HGAfukcA4rOfLq4ykld2b16Ru2rN7vV36r1VxhJxi222oXaTe3LG70TWltXqrNra56R8ZtL1KTwt8IooYWknt/DspkAdMCRbqUFQRhSefcEjuCQfLNM0TxJEJrn7I7h4SsalkyFC4bk5PHQc44UMRyK9g+NuoPaeDfg3dQWYV7vw5c7Y3uGzxPJjJDZLDGATgnpjrXK6Vb6m+g6derpjqLkOIlN3KTOfmGUXfkdMbduAcAZINTQnGhB+0ktW/eaa1k9NWuz2ve+nmc1aFarUXs4O8LSlyKXwxtZ6R08ru/maGn22owfCn4jWstvdNcSx2EgUSh3YCdSUGDuCk8BVIbHB6kV8vT6X4oabTGtLTVbZBKDIgnYlQOjLuJ8vOMkEc8jIIzX2ZoxVvBPxCVraRJEg04vskdikouFVhySQFJ5UkYJKncRXzpP4nlTUvJe1VFF3GhLSSgTAKMDrhckAkjGRwATV0pwjUk/dalZp2bVna11ba3TquxVTmcFHmlzRdnvrbl0ty9b+q1WjPZPgudZTWdaTU47mKSTwhq8UIuJ1Mpb7PIqO/OSCCONv5DNfPVx8PNfuomTMAYSPKS00C7o2J5JznIIwckAdT1FfV3wmumv9U193s48Q+EtWlhPLMirFIcb2G7kqOhPJHY8fNt54qS2jkMugw+XHEMSG5lV/MBPJHcHjAOcHsATghOH1io1rfluk9dYrZ2Wy1/4c1qqbopX5VdJNpra11oubt23vrd2reF/BuqWni7wysjQmK21XT2ZhcRFgTcRE/KPmwRkHGWyc4AFd18ZPDt5P8T/Es0c9pGBPbuVmliLhViXceckHHfGcZyOw4Xwx4tWbxT4YA0KGM3WuaZH5vnyMy/6XGCVXPAOScE5IJIFegfHnxCmk/FvxTZR6NaXiBbUtKzOHUvEjZ6epw3IAJxzkYHVlHEwa1933U3bS8Lbp62Vne9trKzaypwnLDzUpStzq7V7/AAxavu91bS/VvrfzP/hDhO0l497CrSRNEdrwBRlQMk57FhzjjJz2A9L+I+lPD4P+E2nwTLMdO07UxLl48bJJwQ6/MSV5yTgjJB+nlcfi6NVltm0C1jcgtEPNc4XbnDgEY45GQCMAZxXtfxW1nS9D8G/B/UptIhum1PRdRa6hDyhIo0cDy1K8jnaQRg8gHnkdU67nVox5VFOXvS5lZvlXRp6K7vorGUYOFOUpTbm00oytZard2Sav8T0e711R5inhvVrvZPFaSfZJNqi4WTbEWUDcEYnGcjnGQPXIIHo/w70PV9Pg+IzXMaLajwBqihUZfNJEkZB6556Fs5O7Pcmsbwn8XbqXQI9MtPh1puo2UPnyRXBuLjdHjnlgw+7xkHuPy2fAfxMm8QXXjfRv+EZ0/TribwVq6PKlzIf3Csn8L5X5Thfk+Y4HTknpxtTB08NJxrOU+VXWkbScocy/vWet76ptJHNgKOY1MXGTpqNOUn1Um1pzbXvom07631Suzh/hxFcTx6hdvFdqkGlXHlBSzKViGBlsAADOfmOCO27JEvgW71m/8YeErUwMlpc66sBlEgEhA35Q5ODtxxxnBPBGK7z4ba7bw6VY6PfeH4bGTyp5Lm4adwbmFtxTzF3btp2gbU68DGGBHq3wf8vWfHvhzTD4X0oWUuuOtvfI2XgKQys0oUE5cgHnhicMemD4+JzGjSo1aUmm40pvRR95yirJ9bdNEt9NT6fCZPiZ1aNaPMoub505NauSaVparTbZa762PKvE/wAbNX0I6v4SsNO+xjQdduvIvRcYnb95tLqu4rnBOcrgcgYwa/bv/gnlfN4k/Zl8e6piQyXtn4oN00sgfzLhLIk7DnoxJyQOc5X1r8QPFUdhN4s8XWzaTZXUtvrd0ttmJnklY3Dqcnad+4jjJwpAbJGTX79/8E+LFIf2bPFcE+nJpoddehjtI4mjKST2LKMoQpOcbskAg5OCDX5X4nV8Nh+H8FVUYQqSxuCblHRtc0b37p6p9GrX6s/Q+DKOMq5jilUlKdKNGuoxlflTbsku1rLr8z+ePxL4uu7LTb2yOlXEs8HjC9WGRDhEMeoS7tqkE/Mp4bGSeCcjNelW/wAXXubBdMuPDF/CkM0UxvYyGkyI0BLNg7eARgHHIJ7A3LfwV4X8ReJvEVlNqeopLp+ta/c3VrCimOEQ3c7b0PQncRxyT2zkYf4f8M+FL+38u18XXvmvqDwGB7cHcyEKqKcHdnaQR0x78n9ayvjbLsHhMLCWJlDkw1CM4zpylZckGtdVq3bvpfrp+a5lwfmOLrV5woKop16kovmUZWU99Wv1ta9jiNN+JGiad8QbvV5tP1JrK808Qqqgm4WZCwDlAuSu7BPG1u4I5C/Fb49afqPhe70bQY7+O8ujHbXZuIlV0hH3SuVDbsj72AQTxjPGj4p8G2Gn6td6guuxtHomnveX8gtQksEDFljBXb1BG7aeTjgnv4d4mTwpfSfa9K8RQXt3cGJjFPatGuTyd5woBj/2QePXnH1mA4oo4qjWWHrxnSmnKUlFprmS2TXppq7dla3y2M4axWEqU/bUnTlF2Sc1okktF1en53sdN8OvFmm6dqzPqU80s9xo/lwSM58wP5ZDKWHftyc7QRyxr4w8ezi41/W3iHyyapcspcjOHdmJydxzj17knryfo6x0/GtaO8d7bzRyGa2/do7Ez4ZlVMYxhujexPbj528caYbPXNUjl1G0WR9RdfLOVdXO4spVgMbRjHXHtyx0xGNpYjD04qLjKEm726Pl8ve1sm91bXXUwjga2HnKrJpRbXm0rp/E+mrWzdumlyX9lt4bD41Wl46IfKtr0BiCr5KMWx33beNwHqy9cV+unw8u01X496LqVsrxfvtEISR92VWWNAWBOCCR16nAGM5Nflz+zL4XZ/i9Zfv7WaKW1v1Kr8xLmIlTk8qADz1POR0Gf1e+F3h+W0+Nvh+NXEvmPphYYIBEc6navAJ5wcDJ7Hrg/PV3GcMTdLSi9lZp2Wrk97XXnqu9n6VFctKhbS+Ii/RNxT89uvbvuel/8FQrA31/8JcS/Z5xb6ifOtyqMuQ3LIu0O2cdensOvxRPf65plrCHmOs2tn4JBR7kFbiMzEQ4jZQAQucKBkjI+XOc/fn/AAUjsy+tfChAshLWupODsyBhSW6jJ5GBz1wATmvi3UrSY6SyshjJ8NWcSoV2vtF1GxOTgEjGRk4J24OOa8vLG1gaV+Vx5p3u3tzKye3zsnZpXtuejXajXkpLRxTvbbSFr36b3snZa6HLad4lFnczpdwTWbjwXHCkdwjM7s7K7OpCj5AATkgjjrxz2FxNp/iLXfDdvazR3SJ4ZtzKbfDlHDBwJBydwx2PGRnJoezFz4muYfLSdj4NVCZFjYIBBgnnIBA3AEc8DOMYriF0t9Pt4tX01prG5t3sdItZYGCr/pWPMeUD5T7YBwD1OBXoKUZuKV4vTXRrWy3au7u3R+rbd8muWEl0Sune6aXL0Svr13ukkrt3NawggTQfGL4bzf7ftUUAsuQs4AVjkcYG7oB3wcmvSrVlj1fxeyxlR/wicBAYFsYtxzyTyepOR2HyrXg13da3oumeIbO4+z31vBrtlJPJG+y7klaVWCDnBUkAEg4HrggH0m18ZabJqPjK4vZG0uZvC1nAlpdAkiR7Xj51G0lmyO2Mg+xyrwn9luSfWOt7OnurX2T026JO5NDklyRclbmTWr9E0m73TsrWvq7qx6N4cMGPCz7QpPhDUFxsJ6DgY5+U8jp2xluBXM6sGiu/h9INxDXVwMY6YfoAcZyGzkHOB71r+H52c+DhFJE7jwZeOdhEgCuBjODkbhzxk/U1l6lcGXVfhvauw2m6lOT0+8xIAJyG689N2T1wDwKUlUd27JyTTvo7N377f1udipe67L4bNNpe8/cau10fl8noc/JaLc3yuw+VvE987hhjIEUhGegGCD0+YDjngClbaTC3hTRJSriR/EVxGjKQCuJztGBxjrxgEMMc4rRuWVNUlgXOD4ovtjDd0WOUHJHJ6Dr0wMcVLbsqeEvDpyoEfiGV+MhmzMcgDuW54+uOcV2us7RUZybk1Z/Zvdt7vbze/lytmGyd4vRNSjG9lK8H1eulm9fxMbWkntLrxnaNP5qRWunSKj7slnPGTyDg9RyOSCRg5uanbRW9tp8rIkZu9E2ldqjfsRMKvHuDkkAenBpmuhZNa8aCTgvp+nuT3Cg9Bux6DOeQe5zXQeKtJlj0DwzePws2lyRx45IZlTb1JBYjOc8kZ6gilOtKm6Kb96TW/ZRjrv6O6037sElKM2/hi1Z7N8vKku2isrb3vcxNXsITZ6WzJ5bwaXPtYgbeAgABAC4yeDgds8Zrwn9qRFOr+Ex5ZaRPh/pW2SN8EqXkyDgseB27HjuRX01qmnodI0ueXcwbR5zjcM5wgyVHbJwOMfKfTj53/actHTVvD1xBHI7wfD/SGaNAzAITISWAyDkAHI28dBk81GXNiaV5K2rT36QtovP53tq93lXS+rP3b33StfRqzjdLp6X3sa37A80cXjH4jRl5yP8AhDepL8bpVGM/3eP8epI9a/4KrMjX/wAGlRWYjwlbMxYZ62yD1Puc5ByDnjmvJv2DJyfG/wAQjIvlM/g996tGQQwcYxx8vPGCMkeg6+v/APBVeN0uPg1J5iEt4WtxhRwv+jRn5mAPTgAY46EYPPzU0/8AWynK29NbroqSX9a366LR+tFx/wBVnFJ3jOT630lTv231Tut3ofm58CFhm+J/hiOZipjuriQOUyqhIi5YgjC7eTuHGc9+uN4vdZNY1ZkdJWGsaw24Rk5xdS/NuABBC575+Y8ZNTfBua4h+IejGKRfMZL7n5TgGFgTg8Y4xzuwO/3cc5rV41rfajIzq7vqWqAkkA7jcyEnb0GSSScA45PrX2XsufEzl2pxg5W1+K63Wt7rptstLnx0qrjRikrp1NeyS5Ff16+h7J4xlnHgLwAyZw+mXKgs7AYBkPQ8EnAOODj0yBX1r/wTaEdx8XNQiuHgMUsOlYLt123R6Eng5GOBg5A6nn4+8Uagsvw/8CiZVZItMuVT5iAzEyAEZ4OOoA/qc/UP/BONLRvi5NNPJIghTSWaEZPmYvNwwQMY4z6EcDuD5maQccnxq5U3yVF7y5dE92rPVJ366s9DA15PNcFG9k3TW9uW/Immkrbyu036eWp/wUZvzbePvByMgUpa68Iic5Crq1xswRklT/eGRyfcV8xaZqk118E/FRn2sV1KxlIILDZwAcYOfmyR3PqetfQn/BSe+ln8deBpigjH2TX/ACweB5X9sT7MjjqCeB36+o+VtMvg3wd8aSDOxLvTkboACDG3YjPOCcDrj0ONMpvPJMuavZyo66K6U0trdbbN9HpqVmcuXOsdFOLfJo7Wb/dRu2tFs27dtFc+fo2he/nbyctI7KRGm0hcY7gsCAOcAeuMdfrH40wWUXgf4PPKkirJ4auR5zFmIxPgDbj+HPXIz0yelfJeg6jGmp3E86RkMGwGViBnAGFxjoRz1wOMnAP1F8Y7qS48HfC9XIa3XQrkR53YVTKx7nAB6nnBByx6V7OKcpYnBpRavKaVnZ6R1ur6J33Vtm9mzxML7+FxbaXu26K6fPBO1uj7K9m9Gt39v/8ABKObTovi94pSMusy/DfxKwZ+UG+znXgkDOTx9DkDDZrL+MGj/DjW/id8NJviPaibw3MuoQairTSxxFIrlkiDeQyyHfLtXI5znLdcZX/BLS6kHxi8XRHZg/DfxAi5xuOLaUkA5BAz26Y4yeSbHxUit73xf8NYdQPmeZe36bXiBXB1fG0DbyCTx24wMV8ZnCnRx2OqQqTpOOFm1OnaNSH7qT5ot3s47301tZJn2OWRjVyWEZxhJOtBOLTaadSKtZ331vb79Ej6z8Lfsy/sSXFlqWoah4fh1m5W3a+Wy0zVbq1mijkhMkUYF1KQ7ovysvJzjA7LzWsfsyfsf618K7bxH4f8E+J9E1NvEQtX36olxPLCt4iOEjY7PLaIsQRyG4J4Ne9eEdD8P22naxe/2bbhtggT/Ro9waOwZepXqcjIJwepBJFVkggg+FGk/Z44oYX8TqokaMD706u4JxuIJAUA85PIJxn+c6fF/ESrOFPOc2ajjIwXPiZSvG1RttXtryxtbrbTofS0ciy13vhcN70eZx5IvVyi3fmd17vl1a3PDPjJ+yX+xtoPh3w/eeFbHx5Z6zc30VvdrNMhtIA9s0n2hnYYAMi4CjjbgY+5XwxH8MvhDca34U0m0n1yKbXtR1zTtVeNo7kW8OnsVs5LcIpbfdL9/fyDkc4NfrP8U5JdVm0HRLiSzgtbme3PmSW6LkrZPsHzKC25Rxjvg89/y4vA/h7WtAv7GIJPY+K/FMNtN5aMJjHPsUKVGflHIORtB+9xX6z4XZ1n2NwvPmePxmLbqOXPXnz+63U5dJape6nZO9npoz5fiPAZZh5SWHw9ClO0X+7pqLvaN/dU2nfupJN23vY+fvE3hHR9BvbyO2N4LODULqyjS6VfOeKFiiMcKQNy8kdumBg45UWkEMhu4GnSO1SJ1ibkEs6gHDf3QRg5BBAOOx73xvrcl7qV2t6is5uTcycHcJpSxkLY6ZI+QAcDoK5zw3qsTXUqvAt1HJCkKRMhOGEgw7Eg5XkZbt0yecfvzk53lBLliou7VtY8l9F0b3Sv0elrn55yP20IxfvXWqs7Jct3p5Wajd9r33+srLwnoc3grS9RLaik93FcPJObuQBphCGUBNwAQDKgHBBHYcHwK+0bFyiR39wqCDzMyOHJYyMCCG3DByCx6kHg8cfUzfah4U0m0uLY2ykyyJGBj93JCQCBtB2kD+DPOduTxXzjfKHvQMk/uGG08EhZSOR0wF9MnkDPevbw6cqUJT1TSkrO/KpKNtWtdfn+R4uYTqxxLi29N7aPW26a0d0nvs97rXGs9Jkmu54UuwzrcRw+YY1Q4ChvlKgc8n5QSD6Btwq9JomoW7223UZ5GlW5KoGZlj8vkna+RkgYHoDx143tKATVZo1XG27hkO7CnlPcfge3Y5zmrd9KVntXUgiJrpHAGME547cAYJyG5Hfit4xvJK6V2tG1/dV7Na3VrL1vfd8UsROOj961m3bRWcddr9euu9zgU03U3kgzqEsO6RokUxhgrMTlxtwoIUc/iDkZI8+8apcHUJHub2OaWBWgVyApfABOATgE4+nPYV7dBOXubVQBhZQ/QAAHPBIAJB2nGc8ZY814D48llbXr5GYYDOwVQB3IyF6DjOOWxk5x24cdFKrTi0m+Vp9r+67269Vpbv3OrC1pzpSm1Zc0dkr/AGXfzs1dLTd62Z+tf7KnmR/s3aeAQ8T3OrKqKw3byjAnHUZ6Z6Dqpx16TWdQKSeEozICTpt66qSQQwV1Iz0/hI/DjjJriv2S23/s86YRIVZbzVBtx8owjnHB7gDvyfpz6Nr8FpKnhNp4ELLpt0FkjIU8sw9VAPPQZLckZ+9XwdSVOGMr3TbdaW6TTsrWT7PbVK/XdH6FhbywOHXV0oPVN2dovono2la9739DJ+DE7y69IuODqN42Ow3KWIBzjPJJ7kY5HU9PrFlpt9f61c311LC1rPmOHyhJHM6znAcbTkAA5LEjcM+lZ/wZs7SLX5ZVnZVfULjO4ZEeyNhnIGMHGCTgEc4610XiHQb9W1a407VdMuY7iSWY7pYg8OJ2IQoRkseo755yTXmZpOFOdOSmo3nDWTsltZO3S76aLdvVM9fBw9rhZwnFzXLKyTjsmrXs7vTbe/4n5hfEeGPUvHmrJElrGrX8ip5cax5whAZ0ACgKTtHAGduACBnt9Q8KX8fws8M39np1xPZyapcWtxrUdnILK3m522810FVC7clFVjxwehB848R2V0nxE16S7uFxBqTo+RtDZUtlGICsuOBgggc89K9m1P4reM4vhTa/CiO7gPgqz1ZdX+yRQQC4e7mOdzTj96wGdxBZh1wCAa+3pqtLCZfPCOlUvOkq8pSaTptLmlTcE7y01va1um5+J5pCjHGYuNXmhrUjBbe+5rk16LR3eqXmjk/hn4B1Dxn8QvDfhiwu9OtpdSne3W+vpVgtLZkTLyySSMAFBBPUFiAvI4r2n4jfDLTfhz4v1Lw1eazpPiS+01YJ2utGYz21x58YLxLKrMN0bn5sHGT17L80adrMq6jaJFdSWksVyIo5LbMUqBiM4ZcMGKgbiMg4Gehr1rTr6XSr46jcTrcqJGb/AEt/NmmJBBMjsWbaOoBO0HoMcnepQx7zFVqeKh9S9iovC+zT/ee6/aOd+ZKy5VGyTTbdjpwdXCfUlCVJyxKmmsQ5tpU7RXLy3trJXvp6bj7jwzcafFc6k2iXVvp0pAWWSJwm2TJ3xMq4BORgMehOAOK80vI4/MhMUgghS6ljljZiWcPnAb5ueOCGBAGe1fRup/FWXVvDNzoZ0uNSts0UdwrjaQWGGVTkbxjjqQBx1r58vNAuZoLqUkyYZLkopAYbiNxPGR94dAMnA60SVR6Sbs9bdFHR69EnbZdFbqzr5k/hbsrbXVmrXu+mqdrb389e60rRYtSu7Sxto4rJJbe1jurq4lCxQRTTIhu8MST5IbewHRVPcsw++rT9ibwTLY6ZrNt+0T4OLJqOi6fqiT3UT+VBqcGXu4UEmRFaFtkp4bP3tp6fnnHslt5vMaS3a2sYYgm8KWBX5lbABZSAcA9QBjjAqSCZYlto4pJ/KuxHG0bXLYXYOeAwGQRnnHrk5Ir47iDJs6zKdKWWZzLKo02/acmHo1lVVlb43eNn5O+9ke7l+MwOGpWxWE+sydlG85x5eVpXtGSulbrbZOyTPvfx3+wjfwCe1+F/xS8G/EXVodTuov7Ljv4Le6uLCGMTy3trcSS/ZzG8anEZy2cKQSCB8FnTpdIutXs9RYW17p91PaXFnKuQtxaSGKRVOP3ihgcMnUc85FT/ANrX+jRwXmn+INXsJYJ5C0lpqDwTRK5xIAyOrbSMhlPbkA457X4Yar8GtS1rXo/jPqHihtMl0O/bw3e6CsMt0viOZd9odReTLyW8kgzM+S2CeM4rhy3BcQ5LQrTzTHyzyC5HT9nhI0cTFuUIu6pzUZxV03onprdm8sVl2MnCnh8P9Vkr8zlUfJZJK95arW/xN6ys+75bTtD124cXdroOrajbSywuzafYXVykaE5DyGFG2K2QBkYOeM452Lq3k83UItVsLnT0jWMxw3thNbSSnqn+sVWIODtYZ5J5IxX0j+zV+1xqX7Ob63A/hPSfHuhasrj7HrcELSQQ2u+K1eGYruRjGysy52kgDb6V/jP+0Zovx5lSfU/CVno14slrJYjTYrazjsrWNnL28ghVXnbkAGUkgA5JY12rG5xLGyovK19Q5U1jPbRTvaLs6XLzJ3bur7K93c6VhcueHlV+ttV42vh3BWlZpW5077vRJK93poenf8EurSKf9tz4byIjS262urSrbGPaqSJEOWBXPGMjPJIHIyK/p/8A2hdbXRvBXiRtKuVOrN4Y8SXcNrEzLNbywW8rJPAgO4vGeVZeFIPT5q/mh/4JUSuv7c/gUsSR9h1sRxMAFwqKBuB4OVBB79MZ5r+oP9oLQIL/AEDxF4gghtTe2Hg/xbaR2SAglTaSASkDIO4AYG047HPT8Q8Qp0FxZglWk2pU8LGpBpNuPtrS5VbX3X70GtU78q3P0bhWShlFfljP3Y4iUJpX5Z8qakktrW23fZJK/wDGTqn7QHxz1+x1nQPEXxO8S6jo11ql9a3Gm3szzMLaO8nWO33uWcpGrbE5G3AI5G2uQ8PXE8dnNDLdfaNO2Xvkx3MjAvKyZOSzYPJP3s8ZUckZ09F8D+JvG974tk8KeGdU8RXWk32qXGrppsMkn2FFvrnEpC5ITPDO2AQOPvYr1r4f/De68DX2m6v8bPCHirRfAmp6XfG3up9JlZVuyh2XYkEWUSIZO5yBkkHdjn9zoYnJ8toezwVPDQquEJfVcOqUKtSTjBq1NWvKSb6XbVm9T8nxEMzzCo5YmrXlBTcI4mr7SUacYyXu8zbtFXaaTtd69T4rdWkuL9Y2Co3mkBflUt5jAgbeDtHrjAAGW6VvaG1zLBbKGfMUn8DknYwI5YcdcAk7s8DOeK9O8fw/Ca78XyWvwcvdTm8OR6YW1KXXEVbhtSaUmb7OF5FuOsYGNoI3A4FS+DLfwNo17Ld+Mftl3Y6TdWF1DY2JCf2iEkVpbSR1wVEoJThvl54GCR9VTx18vjiYYetKSgpxwrio1HJpWp2doqWlruVk+yR4E8O44pUZVqaTqKLrJ3pvVJPpeN1eL76LYteGNH8ST6dJc6LZ69HGt68MJs4b3yby4P8AyzSSHCO5HVcsBnODmvvH/gmhZ31z+2JoInu7+DVYPC3iL7PJfpI0sV1HayNJETKN5iVgVbbnbjnkg1p6b+2V4dg+Hk3hX4efDnSvDsGk69Bqli2r29nOYYEiQTxNOE8+SV1UupLFdzEYP8XoX7EHxD1P4h/t6eEfF1/b6HpMN94W12GOz0m3htrOOMWWWLIiBTNLINzuRuJYkkk4HxNfMM4xmEzKri8njl1BYerKFSdWE6z+Hlc4wTSbSeilKzSV77fR5ZTw9PM8BTpYuVecq9OLiqbVPlklqm2r9rLS1mrbP9x9O+Ktlrl5feFPHEdr4X8Y6Sstrogvz5Vj4phlyqyWEzlUa5KY3QqxkA9sA+K/tF6ZDpvwF+LMX2W4hnk8JT/alDs0QlbzHUkDPyMrHaOQTjLHgV9M/GT4GeHfjL4VaC4Js9TtEk1HQ9VsW8q70/U41/dXdrPCRKqqwUOm8AgHjrn4A+IniH4qeHfhH8Zvhf8AFOyXUL/QfAU82leMLdk8nW9HiDpAt1uGXvI8BnIBfC8tXyGGdafs6rcfccHJ903GKlHVX0snH4lq7H6LV9jTqqmtHKXNayai1yt72aTt0tbX0f4oxpjwt4kOfueG4AR3DC3Xv/D82QeCR1BOAK/so/ZbkJ/Zv+CDMck/Dbw2GwQThdOgJGMDg4wAT0PvX8aNncLceEfETqwxJ4ch64z/AKtdpxgt256+vXmv7J/2XEb/AIZu+CAUAj/hXXh4EdMEafbjr16gkjGOoA5FfNcftLC4NuVl7eemiesIK+97apu19up04jlnKlZtr2cbWXW2julbTfTRnvgbOG3cnp6YwMYPvznpnPQAnCtIRgqAT24PBHODkDjJ5BBBxnmqhk2qdwwByCvpkY4B+X6nP0yDUD3KFRtDEYxk4GMdT7kkYAwB0IHp+NzxFODScuVq71evTR6abOS3dn06RClUeiTeis0m7XcdW1f1/wA7q90SMAMkdjls44JBAzx6YPRupAXq7zQvAPt0I9R1JHJwBjPAx0rj5PEumDWZNAN0v9qRWQvZLMLvZLfcoEpweAflOMDjHHINY/jDxZJ4Y8N3+uwrBctZPaoIriRYYnM9zHExy+ASofIGMjjHauOvmWHp0ZTUlKFK/M13ioqSe606rz0Oqngq06lOHI1OpKKimuW7nJcru9Ene29/JbnoxmAweFxgKD83POTg+nfGT7Y+Wo2k3AElgDkgjcc4PADAYYnHQdckdQSMa3uvtFtBOMKZreCbqCAZY1cgZJGMkEegxnNTrOw27VAABGN2Ccn1PQex4655zWDxcJWlyaSScWltezva3bdtvR380fVpK/W2m6dn7ui17re+trrqaIbcvBIKtg8fNg8nH8KgDqOuBkYPNN3EHjAyOA3OchSSSQzZOduTnB47DdWEu8Y3AEjcQo55644HXuuOvYd13K2csVGPY4Ptwdxz1wSBuz0o+tKO0UndpXkraNJtaJ7NW0V9V5M9nZpuytpt3VrrV6q97rZ/cTl+HVgCAQSAM9jz3BXHHykgcfiNJH0O7sNuDyB0PckDrgnqMZwKrHJGPMGcEngYIByoz/DnjgNnPGRUMoLnOe3RcjOOfQdMcjuOeSBhVMVzRSV1onda9Yp2d+92na9ne9k76RpRckk1dpW8koxabWjvLfrr6O9tp1PQEEgfLxgjGMEkZAB5IHqD0o8/5vmCAL3JJyM4z8oGeeA3T1JLc0DvODnOcHJ4+UZ5JIBI9Bj1zio/NmBAMa+oORye27GQe2Dnj16g8zxLVk+fVxurJP3rNXb3e29r69d9Vh4pfZjrrvZXavZX2dul7Gg0nc9eBgZYkEg9u4z16YI44OIvMycMG54JUHH94jOMKCByckcHoapv57AoxIILHPTGMZA6dBwM/XAOQXxpMASvB4G0+oABIOfoOoU8bsVpTqSk3dOzV5Xce8bt3s/XTayST5hqlFKN3FJvRJp6Nq76b+e3dLUtn5/mG4AYB+U85POQSR0X03ZwRwKmVwmSDjBGRzkngZBABGcDgdAeeTzXVHBwG7Hdk8gnAGBjk8n17EEbTUoBGMuBjOQRngfUd+nfnqR1q1N+7dLRW5Xo7u2lrbO9raXfTtm4JXs3Z+W9rddd9/NW00LAlYEgAZzwMDJVgeGPQdMnHOVzjpQJmJUAIAQxOTzkZ5+btkD1PXBJ+aohnJbIBJ5wBlj7jr6DIH9af0zyMjgbSRjHPOTjqTyR3x1pX5n7vdWdlbotHy2tfV621eiYJJJXXRJLt8K1+fTzbd7tEpkUHIAzkggA5zt4AI44PGD1HGRgYj3/AMRJGQdwJyMnqRk9Bx0APTjBApodd2VwOvf0HAGfmO3p2P8AEOtNJXIV+OewPUtznd64xhieM91wMVUbk23tt56pc1nFJbLTdptp6C5Ukkl1Sbez1Wnr7u129b20aGs7EYbcDuGOOSCAT35xnj8BnHWMtnAIZTt5GRnaeQD6MBknrkEDOKfvUsEOcqwGSSB3BBP0/UL6g1Gx+YAdckEEncc5J5z0J7kfTvQ68eeybcXu3re7jfSNnsmrX810Bwvumuulmr333vbRO2lkhS2VAUnODkZIwBjsOSOhLcgHsDTcng9SOeemeR9QMcH/AAxmMuByB8wGSFHVs/iO549cdORUTSfh0O3nJHBPfPykZzxgcD2iVa2trLTRvzS0vra3y9HtUaOnbbXRb9N3/Nf79WSPNtHOCeSRjAJHpwB1/Trx0qPdspJBC/Lu79+cepPBHPAyOG4qNmcncD6kHH3R0HXjH945GRg4xmqzFl5IVsqT7gY4wAB3z35Gc8VDrS5297RVu17dbb6rv012V+ynRhy8skm009XtrF9WtdFbR6X2skOe+lG4+oBBwAOD2JJJ9yPUkAmov7SlBOWQcjn5cLjcD6gAhc5Y4yRjJIAd5W5Pm6kDJOCRwOBggZHHTA+XPUZpjQoNoK5GD82OnTDYC/XHAHJ6cVzSrO27Xk5Lf3dL7a2aVna3kzphGjdLkS2StZNO26drJtq221vNDPtkzfQDdkdzzjAx78HGeuDxmq0t3IR8zlSM4woHIAGATzkYOOPc8HFTNDtOAcggNk44HQYXpubGRkDGOMjNRSWauoHmKDtIIYHJJwMHt17kjOB3A3ZSrOTTet7XfldLXe+1v8+vXTjh7xbSSVk7rXVxu9W03fsvNmPNeOu4blJwQMjJJ5wDjuOFJOTng44NZclxO5XcxXLEckjaB24YDHJ5zz+OB0I0lWfLOpJJLYwNvGR7jktnPG7HTO4aEOk26bC5R8gZ3gADscDr06DPc49pVSPXmv6PR6PqtrO+q1tp5+nHE4WhGLUOaWlmkr7K+jXLuvx3WhwwhnlO0726kkbgMtjHspOTkcnrzgmpxpNzJwEOeOT1APAA5XBHYYxz0JHPogsrdCRGE4wxwqtg42jtjgZ+Uc4OccipBCgJICsQp4AC7R6e5UA/xYwTyACa1jKTaaklta6SvtfVr9eusbImWeTSahTUUlbWPVKKttbTW9ul3otTzz/hHbliNz7ATkAjHGQRxwecds8kY9Dbj8PoDlpSwAwwJ6ED5vQEH+E8d8jg13axbwB8vJxjIx1IYdCOSBngdOM9Q97VQQOMc5bH0BGQOc+4OMYyvWt4rVbv5pbtJN6Nb+T30035qudYqb5XNRtayirfypNNJa6u992npppxsegwZGX3Dkgk8Z3A44C9hjGBycHrVpNGtUYDaSRyMHdnHPORjt9ecdCDXUCCME4XJAO7gjC5U5IUHhSvIBwByP4amjSM4+XBO7oMdjg5J/iPTjnOQepHdQqunaySd0nfma2V/JX26vs7nHVzDEWu5yffVLTRbLfX7vnp4B+0H4ftrz4D/FyylTdBdeC9UtyhBwFa2kXP4cnA4OcY6V+Bn/BKj4T6XaXH7Q3itIReX+kXmj+GdLsriBWTcLsXRaH5QfNJYBsYJ6Z4r+iH4/wH/hRXxV8sHzP+ET1FlKkkgiGX05zx2OTjqDmvxX/4JwX1h4Z0jx/c6zKljp+pfE6a5kugwWW7k07R4bmKAoGyxMgPHJGOcnr68MZGWW5jQdlCeGo81rKLbqybbS9LdXayZ0YOrUrYaNaClKtSx/LBJLmk3SpPlWm8rW6b3V20fzPft6Wt9af8FB/jGL2KSGf+0LEyRFcbD5MWFCkA4AYD1I47V89avcxG9uYfs6h5JCjsQQMMhBI44J5OTxwMc9fqH/gox4ps/EX/AAUP+LWvaerR2WpXcEkQlUqzeVaplioweXBwSOhXoevyB4k1SGOI37KZHa4OVU4yVAA5Hy56E5Py5x1OB/Y3AvNU4S4fk7tvK8LrtdKjTTa7XsmvK3dX/EuJ58mfZq5pJxxdVuMtLN2cop2eqv8ANra6Pob4K/s16d8XtM1XVLn4leF/B0mnX9vpqadq5VpJjcSD9+3TbFk4JPylu+c4/c/wnplv4N8FeEfCNreQanJ4b0tLZ7+zUra3SQKqme3K4XyZsHBByFIxnt/O98C/jVF8LvE2sa9d+DdK8Y6ZqGmSwzaXqsrmMPjCTxBSQsyPt2PwcgYYEAD99/h34rbxl4J8CeIYbGHSx4h8LrOumQAGGwhjZUSHuzMgwMtycDLMSa/G/E3D8Q0835sbUqVMk9opYHmdJQjWlGKnCPKvaNxXM+aberVl1X614f18nq5c44SEI5nyL62kqjm6amlFqUm46tx0Wqt1SZ6tpup/bLmOeVcvIk21DztAidRkjp0wBz9a/HH9vGbb8MtXUjC/btTlVie66lgEAAjPYjJwCcmv15+2afoMdtLfM6qEmZmAIaRzEzfKO+OgwORyMrzX49/to+Z4o8Bf2dZkxtqE2vyRGRWG2G3unnLMSBgFUAAOOWJOTzWvhpKUc2UuVpOpR03d7rdqzVld3eu9+ls/EKKlldRLWXsaunqoJau6V2vVLydz8x/gPN4fl+Jfw2HiXTE1nQp/FOm2+s6dPKYIrqyuLmOF4ZZSyCOGQMWZuPl6ntX9NvxV+C3ws+FHws+JviL4Q/C3w/4eN/oNrJLrOmarDdva2l5FGzRLbPIwuELNuYhGYY7YOf5ItNuZ4zbGyvpo/LYkvGwiKyKxIKScFWRlUoRypAbjkH61+GPxb+KmpaHqvhxvFupX9vJPDCYdd8SSpaGzRfmh2S3G10KgKAVOMAEKACP0vxF4GzPijN+HM1wOd4jLcPlFZPFYCm6yoY+HPRn7yhOKclyyivaKSad9LH5VwRxNl2TYDNMvxmWU8XWx0f8AZsS4U5PDz9nyNqU4y3bi04vpfXY/pQ/4JDE313+0Fq96kM09p4c0bTY7nYpLLJZs8oRT9xSRkjoDjGeRX6O/DOKKDWPFU0KGNJBYqDyBkB8kEDkYwdvru45Ffjt/wSc+NHg34Z+E/j9N4/1vTtOub99Ji0rTbW5XUby7h+ytHLJBBAzzSJHK2WJVuDgcAV94+Hv2pvCmhR6i1l4b8S6+1/cMYbiytJILdooOIzulTKmQOq4IyPm4FPEWo45U586nSpqDlLr7seV3t1V9dH5W1O+FOpiME5wjFxqcrUU/h09661svz93sfXnire0OryFg2bC4UK3B4tZd+MN2P8IxyTtycCuf+DYRvCnh5FYN5FpO4A+6rmVuoz6AYHPY46V8F+Of2xfHk7apaaT8KLrZNp04ik1fUba1ZBMjIJCFZG3YbJDfTHFO+Gf7QXxe0TwbotvJYfDzw+4s3kjOrahLNPskdmDM0ErAhc9Bkce9KNRuTejV097tW5Xqk9k3e/e9r3MI4WooKDSu7PVpPS17pJq3VLXa2qsfp/4nYppyhtp/0mBm5JOC4PzYBxnLYPQ9mPOP4tf+Chz2+p/tgfFmVgIyuoxwZY8KsSKSAM+o6EZ7Yzg1+/viL9qb4rX8Wp2H/Cc+AmuY7eWW2stGtLu7kaaGJ5FCvtZVcbDw2dxxnjIr+WH47/E/VvHXxW8ceKNfHn61quv3bXlyQUj82GQxsVTgqrbScYB4JOea/QOC4+1rYmo1dRppdNbtJK93pbR9tu9vjuLoSoYSjSfLzTqrTW1lbfs+istLLzR+nH/BMP4IfsQfFrxF46i/a6+IFv4Rt9L0+3PhPS7q9Om6dqkjgm6uLicurO0XyFFiYMc46DFTft2+Fv2P/hr8QNB0H9lTT91hHot0/i3W4tQkvtL1YZK2lzYSs77cjbvjDEjHQbs1+NOh6ms+pwHV7xo7JC0mEGZVAIIAB6KSBkDnGMDJr1/XPiDoVzBbxSpe3jwWLWdrMipBFGg4BIThgwPzbix45ORg8k+DM7/1wnxBHPMdUwEr8uVOpJYaknThTUVFSUXBNcyTp8zk37zVjko5vlcsnhgHgqNPFqEYfWLU+ZvnjNyu4qam9IayatbZ3PSfHWq+d4I0o3JRU+0jzVGTkEMqYALDO3b67sdM5x4LoupCNLkQtG8XmS42AlkUnAZiACBkrnn1HFddreu6Pc6FZ2M8d8ypBDcdV2l/myAWOPQDbkHHrXC6Lf6HAlwptb2Qky7ijJlUcZOduM4XsD1PIGBX6xhlOFOlC0otR95NPVtwbs9nd67LY/OMwwcJVqtZTbcpXSdnZtpWWttNull66eVeM7u7ttQmkjUuSAuQCUAdjznDYOM4+6d3HQZrhrmTVyUeFGg2qWY7gFZcEnIY5JIO32z3JGfV9WvdHm1ByulXksIQ8M5IO0kZbJAG3HUkk5OPSuH1PV9JQoI9JuZAQQS0hCqVI6lTjccgfid3Q15uMhUqTUYLVPS2m9rbX3srvze2y6MB7KCSbbimrX2T0bXW6f2rNdfQ1vDerapplq93qtubu3j4RFlVCitk7yFYEnGMKfukEcYr23wFc/CG7+FH7QGsfEW3ki8Y6d4Y0m5+FNuWd1Gp3OpGO9djzhfIPKvzg+hyPG9Ck2JLO+hPNYmBWcyvnphgSNxUgf3hkHBGTxWPq3ivT5rKawW08mDWJks7uNURvKgjY7AmBuwWGeDgjIB5IPDicuxM6NJNTpvmWztfa99U2m3bS6vc9jCzoRxE5RjGXu2XNaTTajfV3vbzaaejSV2ePP461eGKJVtrQMsS/MkW8hjgY4GCc7d30PAUmv2m/wCCHvwR+E/7Xf7WOpfD/wCP/hePxP4PsfAmo61Y6ZBqB0pbrVbdHKQyyGVWlUgLiNCWYnPrn8pLjwt4NijkgMN4zrEpZ8qiliA2VJ5zwAB05OcYYj71/wCCaf7SXgz9i39qXwV8bNX8N3/ibwtolpe2usaJBciKecXcDRRSKQwWYROyMVf5Rz9F+Z4wyviH/V3Mo5TUlDMVhpPC+zk3PnSj8MU7ttXSv5LR3t62UVsr/tKg8XCn7Nyam3FJK6Si3d2STeu1rdkcZ/wUW03wh8Of2ofib4M+Fngm68B/D/R9VGj6T4fnupLmW2NmCk7iRmMhW4dWdSxOUKjGDXwTp/jDVkE0KQJtjkHlqWJYkEkAsCOThsADkDmvuX/goH+0R4U+P/7UfxC+MvhzwnJoegeOb77fp+i3EivJZrEnls0qqPLRpjh9oAHOR6D4zttdtrZzPF4ejuEYhmBUc7l4IABORnke4II2gVfClPNYZDldPMIV5ZhHCUVinU/iOtyQ53LTdzu7dNFuLOcJl1bH4mdB0Y0fauVPkceVRai9OW6auraa6v0NhPHfi87IbexQq0QAAQuUHAyCDkZ4I6468jK1paXqV7rLn+0oBA8CSiQorIsjyI3LNkA55AHBPofmq4fEFgLSKRPDP2e5eHEbLOQdzEZJBbPJJ4B46bcgGrOleKIXtrgyaRBE9tLEF3HdvJZVZ5FPBXJ9xge+R9FUo4up7jjPTR3vy2fLok0mn1Wj6bnnRwuEpTjOFSLb0tdaJWel0nZ9mmuzte/gt5Y3SXVwUtpdqXUow2e7kjIxzkDI64wepIFTQ6dqjOj/AGJ2izn7pbAPTGFLHnqF6nHY4Hqvivx3eW2pXFvZ6NpMsAEUiMIgCzuM7chdrEchs44y2TxWV/wsvxJbxx7NH0qJABnMKEegOCuTzjlRzjJx1qZYCUGl72lm9JPXzsmtNk07NvsrGrqUm7c6a3cYtdLL3mktPm/Luui8N6RqR8PXFwbO4jSLULeRY1jYO2WXcwz8wXAzn09OM/R0cEi6NMPJnTz4YGRFJZtzoCzMuCRuGcnGc4FeJeAviD4r8R3B0vyNOCvMm+JY1UqiqSSCR0HHHTkc8LXr9v4m1t5DYSvYwyPc+Qkj7AUQELtYAfdB6MT3wcDC16eHtSjJPR8q011Vr31S79Fo++xwYzBwruLSWslJatO9lbok3e6d9dux4z4qt75bmU+VOpiAwPKbBJBA3DDAc/ebHT5Se481hvtdgNwifbFXdgjMihWDfKwRGHB9CCp54Ocj6w8aaD4o0/RrjXBqOgTQwhZWt45o5LuWNlzjYMkg4IYhTjgEqeK+Z5/HOu+YXgtbYuJCrbrfnavPVgNwJGe/4LXJW9jPVNuTlro9ErLsrtaJbb39e1UalCMU2lFJO6qL+67621vGKv5aroZ1/PrUrWcxF87vCN0hRyRsyAvLZ2qWwR3JYmmmTVnESvDeMP428thuJG1TyCQeo5HGORk5ro38UeJU02yvo4YpHuJ5IjGtqHVSucjAXBPPOMcEcEc04+LfF8kaNHYw53AMrW6KNx65BGRgHjHOTyB2Ixgrw/eO6SUUm3b3d0klv8TUtb2epy14Q5lOcmunxau1k+j1st29tu47TptRg0eeBba78yRnycEFgcYyMZOAcfKMEEFv4jVRP7SVo0S0vU3bC5CyZYc9znaOeDwMZwSMVqx+LvFEVtM4sYpGUsQTAWVcDgdACDkj7wwQB0PD9P8AHnim7vLe3bTbUCUovMO12wwGBlFJx04H0yauNOm5L+JfSys11S3SdrpJ9FZ6t2diCg7Ri077apt6Jap397lS2179bVbuLUVUyJbXSBQwL+UwYnAXlgMk5x1J6DGOoW0+3DSdbEkNx88cW3Mb/eJAxjABPTv1yegru9W8Q61HZO50+MMN55iKLkKMgsVCk9+v4cnOHZeItYn0/U5m02IlYlClQAo7ZwAASOxAyD0YDipnRfM7qdnsu6Tim/hstF5bJJ2sxwUXUlbdLVaaXaTsmk73Wum+9zzRre/aMf6LOcAlyIHOCVAAOBhiOMHcck+td78N9J1W5122S1s7o3IimZV2FNse3lySNpYHOec+mRmua/4SXxKu5Es44k5Kuqs/GOu77vUc55xzjGM9L4H8XeM4vEdnOtublI8sUijZB5WMEOYxyOBkKQQRnkGu/LYqniKb5ZtO0bWVveaT1te6Vm3pfV9EcdeVlNqKairLld7u8bttK99G7Pv0aPpfXNY1ew1zSNNigmtnuLK1S5eSPEcqxSAv5hHLgAc5IwCcdBt/SP4BfFzVPB/wv1S3htrkQPqDieaxvTBDFHMjQu7IHUO+CSo4ycqeBX5MweJvF/i74leH9M1Cyb7Gztbr+4lh222Az7ZCBggE/f6d8EAD9IfD3jdPCHhEeD4vB1jqFptkInkkAkdwSySSMpyzhslSec9CBmts6wM8yUoqmpRjUpuHtNFGUOVx3Tavd3ldXe57fCuPw+DxSrYlNR9m4aLW7UbXutnqnJO/V6aG5c/FW20rxVda1pMmu6fex/6QDM7p5r+URuQyny2JYl8ITkFByRtryLxf4luPFcPhbVr2+uhfy+MWnnm1GTIYSucRwqAAU+b5hwAVyQABmnqnjHXb/V4dSvPCtrKlooSCNZT5flRrwGThWO1duW44x61h+MfHGqaxa+FWn8E2djbafrsVzCICA1zIh3LGyrgYfH+71BYnArnweXUsKlWnTaqQVmoq7bcYxlLmtp2d990kzsx2Y051akaUpKNSTcIyejs42ejtFq8trpvZq7P0Q+FP7RXjL4a3H9j+D7+00y4shDNNfWpRbqTdOkpG1huf5lHVSRxtbk5+hr/9tHx7qVleaTda34il1TVPENpqD3f9pyWzxyKgjZY4o5EWNZD1OAwyRuHVvzNsvixNb3cGqw/C+0t9QVds7mXf5yoflLKwB5HGAM4JK989pF8e5rl0ux8NtJW6ViWZZckMw68lgpHGR0BJHYgfNZtwlgMzxdWsqEeZ2s5KKcrpJy11v3ute+x9Fgc69nhIU5TjeKjulLRcqT095tap6brXU/Qe3+Krat8VPDfiOx0u91jVtG8F60l5avqpe9ubqS5wbhMuWfa5yTg5XJ9QPkn9qH4z+P8AxvfWviC4j1zStL0ezXT7aAXERAv7IibBHUxRSRhSTkZ24zkLXVfszftm6V8GfjbP8QvFfwjsPFMNz4OutGXQJhDIiLNOpkuYvPBSN9u4NtwxBBAGK+Vfjt8Wda8ZeKvFus+DdBsdK0LxV4hvdWs/D0032hNJt7x2c20QJKRhfMwAgA3DPQHHyNHhivLMK+ArYNfUYYZUoV5NNO9nywir2u5cre67WPalneBoYJYmnjF9blWU+SnGMVFJRadvis3ZabXt1Prf4O/8FP8A9qyfwn4c8K+GrPQNRg8MLchkawE88NlFGwluLvy0I3mMMMMM9COhr5F+Lf8AwUJ+JfiDxpYeMZtSvtP1PTdZSSxksSbSPTprKUiZYLYbGKySKSwbAbIyTzjA+Evxw8X/AAA8IeLl07wx4fvtU1i2vZzNLYxXNzbO8DxKqSGNmjhCyEsmQNwAwTkn8utb+IPizU9Xv9XutNjuUu767vJGmijW3iubiVpHWFRkIiscKMA9sV+d0vo98CYDHYrGx4Wy6GLxVSrKpUdCE5TdZ3qyfPF2VTTmUem+rs/Xq+KecrD0acMyq2UYwk4pKStZpNq3MlfrpZt6H7E6B8V/iN+2F+0R8P8AxN8ZPGK63pdhZTXFrFeosgtLOwwYYmtx8oWaRE84upyDk5GSf1FbxJq+vaF/wi2uz+GNG8M+IdaTRNU8O2Wm2EUl3o5zFBfWk0kYFuzRoHcqyMpJxjk1/Kn4O+OXxT8D6lB4k8MzW2napb27WKzpHHJALRiCYvKcMuQRyVGTgEZzivT9b/bc/aG1mBhN4jsy5jWEPFapE0ShSpMLbFZWyeqkEetfEcV+Aee5nj8BR4bngsqyfAYaNPD4SLnRp0avtPaSqQp0klu3fRtu7uz6DIvFfKsFgsS81p18Xjq9RylPkpyc4ckYpOcpcys7JKzSWjsj6C+LPxktvA3xi8Z/BjSNJ0658FeF7/xJYaRq10xmms7u7VXhu0kgyJpFOQqk7eTlTgAfENp8UviRpOn6jFBPdzTT6hMsF/JLInlxpK5UIgICx7SAA27Pfq1ed6t4i1+71a4126U3WpXzia8nkleRp55TukklLEnDHO0nkHIzkGpbjx3qcdxhrK3YtGPMjMTlA+MluF2cnA4B/Liv6I4T4Cy/JsFTjiYU62NWGoUcTVnDndWrShFTmnUX2pJy2vrre1z8Wz3ijE5pjKtWEnCh7apUowUlFU6c5JxhPlUU2ko6XuteU/Sn9hj44yeHvEnjlfGVna6gNa8NT2MMtxeNHcyXkcLkrZZdRlywLdc9ByMV6f8AGzUvET/Aye11u5FtoE+oxavp+k32rNeXwiurlwTYAyu0eQFEkOBIg2s3Tj8hrTx1r8DrdW9stnJGxEctmVjkAHUIFwASR8x9Dg5ANM1H4o+NtYtPsmqX+qalaqxEVveXDyRwBiOYgHOMYH3cdyME18xmfhR9d4iWd4TGUsNH2uGnKh7Ntv6vHltC1uXnUtX5Ju562D47jh8oeXV8K681CpGFXmSm/ayhK7Tg3JJJebTla3T2r4l+CvFb+KtGvIdGvBb6h4cs7nT3dl4tioCPIQcAMB3wAMkdjXJQeAPFFyyXE+nuIlZImkMyhVkDYU4I+5kgZPI4JI3HHIan8VvHM1xYmXULieO20yOxt45ZJ2+z28a4WFWOeAGwNvTdnB4qC2+KPjeKDyReXATzNyABXQE5IGWGTwDtDHt6dP0LA8P4uhh4YeVaFRwjy8yjLlesfs9dGldu+nqj4XG5pRq15VY0nCM5r3XJScdY/atqr3unZ7J7K30X4G1vxf8ADzXtGuNP1G40XXNCvJdS0++tZ2D2MsKb1bfCwYsBglVYZ4H3Wwf2EFt+2pb/ALG8X7adx421K+8Irq8miyazNrE1tf8A2S5mMK3FnbwzLMUaUsi5XdvGCK/nr0/4g+JJL6afUp2klufMjMghDS4dQp2kDah2gZDYHQDvX1hqP7cH7RX/AAoWz/Zubxtd3Pwd0x/tdp4QFlCkDXG8zobify90oSZmkVCxIYnaDxn8w8Q/CPEcV1skqYWjlNSeGzPDVMxqZjhI4ipPLYSUq+Hw/PCThUqWVndLrzaM+94V8QqmQUMZQVfEwo18PUjShSnyRjVduSUlzJaLffqvN/SH7P37W/jPSf2pPhT471h9X8T6hYeMdGdx4ivDJZzwyXC7p7yW4LIjKSNsrkKoAw27G3zz/gprPrXjn9pb4qeO1thcReKPFIv5Z9Pnju9Ohlmt45Ftra4hLJIkKkKSGY5VhkkEH4Nl8c+IXiWYwTrKxjKPaxNFOpjPy7XUK0YX+Fgw9eWyB0cnxT8VNpR0m7sbzULSQNKi3xnmkSd0K+cHOXdwO7E9AMev0uV+FuAyPiPA53l0cPhI0MteWzwtKgoQnCdaFaEoqKSi4S5orS1pNaWseLjON62b5ZiMtxTq1qlbExxFOvUqa07JRlHlu21K95O+jiumpwlro/iApCYrO5QICGc7tuONxYgEBQD0HJBGOor9iP8AgnJ+zz8PPi74ov7/AOM2vaHpGj6RpCwaDo3iC/isLTXLq5JiluXcvGwWyBM4AcFyuCDnn8joPG3iTTooEg0reZFkDrLDK4O/IBG5SCAMEjLLnJAxXSw/EfxnGbJoYNUie3jYWq2++GODzTtby1jCllOSNp9Cx5WvouNOFcXxLk88twWZVMqxNV0msXRp89WEYzjKUY6x+Ne7KSenbqeLw/m9LKMfHF4rCQxlKKa9jOUUuZ8qTd4OMkm27N2um3bd/pZ4R1Lw98Dv2xNKuNS0vTPFvgfwl8QbwRSCKObQ9V0WG5eGJ4wyslzFAqDYz7xxnkCvaP2nPiJ4J8VftneAvFuj6Honw80e71vQ9ZvZPDEsQtiWv4f7OmuBATbRyz2hXzUQAKWO4KRivyg8N/Hn4gaTJdtf6XFqb+R5Fq19p5lkiRn3Ex7oyVYH756vlskKStN8Q/FXxtrGtxand2oa7lW0uPNjsGAhltNv2byU2YQQhVACkBiM46sfjsf4RrG1aGKnmFSVeOTV8oqu84xm69Pk9vOmpKMpxcnK7u1e10j7DAeI1PAUpYWGEg4PH0cYkuW6UHF+ytKzXNZXezXTU/qz/wCCgPxx8GH9nyzXSNQsY9S1iaz0mG3h8QR3F698qRuNXms0lLRI6fdbbwD64FfgpovxFd/E3huY2OoRa9pE7pLqc10TFdwh9vntnJMe0EKOFKcjAGB8hav8afiX4iZ21me41F12hWurR2ZBEQEKrgqpXABIxngE46Y3/CzvHbXcNzFLKssIKKRp4yEAxtPybSCARnHUcY5NfKeH30faXBuS1sqqZs8TUxGKr16mJjTdNt1nBRVubmfJBWk7vmertoejxL4p/wBvZhSxVPLvYU6UYRjTcqbWkott8kYfa+F6vz6n6LaDeeHvGnxa1fxX4xa3v9N8KRxarc6WlpNLaaykQIGkB7dQ8Tyj5nkdih+YH2zPjj8W/DPifxDev4A+HVn8P9K1LSILa1stPjut4mhULLO7ErkOQdobkkngc5+C9F+IfxDtpNTvdP1TUbKS+bZerHY83Axja2FVWXkjuF6HaCcy6p44+IGo26GTUNTkliUCN/7PQOinPyh9u4gLxjp3zzX3uE8HsJHMKOLq5lXqfV6EYUqU21Si04tzcIzXNKXVtNpaa3ufO4rxCxM8LPD08HSpRq1HKdX3XJxcUmrvVJrXS+tvU9IsNJ1mewvp9NsVuLN7ry9QlcYljnKNIdsRPnOvynLKMdC2Rk1yEKanN5szaSpMdy4S4LyDPzehJOAMggcFRnPArzaz1v4nWM13JaanrqicMTGLNgrh1ZSSpG0Eq2Nwwfc4IrmmuPiEsc6JLrS72JVfLb5jKSzEA8dQcZIOc7ThQK/RsDw1Rw75HUhKKjGNmrSTXLFdeuru7Nb+R8ficyliKfNC6mnJ2bastE13V7traztqe/QR+JmvJcQI0DhFaX92mVBH3WkAI2gHA3cEZzggH9g/2Zf2wPjl8FP2Y/ir4lstDg1vwXGkHgWLxfrl8l3f6FHqMElvJYaVZbi627KxJ2LgkKSc4Ffz5zSeP44oxJqetxFvvAwu2e4xge3GSOM7SOM7lhrPxATw3qugHxP4ni0OfbfXWgLPdrp97exZKXD2it5Bdc/K5XIycklq+a468NMp4swWEw+PoYetHB43D4ynOvTUnCVKcXJUpRcXGUopxb1XLe6toezwnxfmOR1K9ShUlH6xQqU5wupKTlyuDbd7uD99aK3LonqfSmgXFwPFviG/NwPLurTWtQilnOWne+LTM2wEBWkaTgclQNpC8muu+AnjTxFpujeMNO0bU59LW4mhsryWxdQ8zTzMJDKgyXSNG3fKMAK+RgYr4Lt9Q8YrJDJbX+rRq6mNw0cp3IuQUJ6EY6jkEDcfbQj1LxPp58u11PVbLzpS8klsjwmRmJJLsh3HkAjJPY92z78uFcPWwNLCwqU6ajCmklFNrk5HFJRs07Lva1tNNPMjnWKpYqpiKq53OUpJN78/L16uz7r5PQ+5PjLYra654VtBdXWtXc0zxLqCtHM7W+xGMsqx5EexiwCkgLyPvcD5U8Y6NYWfiO91Hzrl1029tpRmNlWQucMfMI6g8YGemc9McNd694qieGU67qzzxF2jkmMrMrEfMFZuRuGceufrXanUbvVPA0kWpSLPczz22JXQi4Yq5ILuRnnnkknGOflrtp5dHBYN0HNPkUUrL4n7totp82uru7uyt5nG8XPE4qNRx0lolJttS0sm77Sve7vpo79O20vUbmHVba9isZ5reKa01G2jkICXDoyMdwbDbGIC/UZBJGa+sp/2jJryWTQB4ZW2LJYyXG0qxhdFVMrIfmQEkEZPsMV80eD7O5vJFt5rAvHpmm7I5DIx2kIHDZPL7WJAGO49wO28LmS513UrBrCCWeUWnlXDxksdr5wXIxtHAbJ4AGTk4ryatDA1lCpVXNOk7xi76ONvd2a3166W0vY2jPEKcqcE4wnGzcfutte6crJq3S12k3kfFvxBqWsRG6hhnhspL0u8ZJEIZUwhDAYbJUE7sn0BwGr55tL19QudLtZWXaHvhIASR904DMCMkgAHkEggEjJA+/8AVvDk2s2N5BPo9rJDYq7XaoD5XyR5RgQcb+CVwODwSuN1fmh4p1OTwtqLyaehV1vr9VSVdsSYd8KrEFiFHAx0yNy5ya9zLMfhW5xWkUo6qzs/d10au1vo1rdPpbzZ5fPmi21K8246t7yi/u66NNPS17M4DxBEkeuyJGoLJqiYCHHV1xk5GM5yOcHPPVQfuD4xWv8Aao8FvDZTySv4RsYp5thJfZGoyu5WB2AY+UnA2nkMcfAktxc39/b6ldMjG4u0dwjbTvLfdRflGSRgEjAwcDkV+iPi7U9dNp4VguNIkfb4WsmtZSjq3lskajDD5WYA9RngZ6DmpSj9cpTjpGXO02tGlGDfV2vq9n6o76sJwwNSEISbSh8N10jZ3XXW1n2tZbvwbRPDs4lYi1uSiRuoLKoAZc5JQAcgemSduPauJ8QtdJqksLSuHhkgCJJj5lyg+YEHjI4BbPUZHb6n8NeDfiH4guEttI8L3U8gi3q6xybEEgwC21QCSD65PUHb19j0b/gnz8ffHUy6vH4XWxjvHikiuJ0dyzgLn92qZAAyQCSSQV6CvZoynOUY+z001jHdXjrs73T3e78rnz9bB4iouZKUXytJ3sleKXa91ddPzZ4N8H57iKW3gmmhijlt7uR4pWwgkMRCkKxIU7VUgkc/7XAr3X4beL9O8KeN5tA16ayn0u90e4edTGWDvK5dC0igkBRg4zweCOpr61+HX/BKz41S6lDLq9ylpaSoyyIYXjYybCrCNsYVD64x2IxjH2H4M/4JK6dbahb6v4t128N0IPJmVFikXyOF8teWbbgFRnJIPIGQTzZ5whX4rwGJy2EnQjXio+0lPlcE3Hvdpve19Otlqe1kGb/6tYzDY+adaeFlzezSU+dvlbTi42s7veVt7X2X40/ti3GheM/h34Sj8KQPKtjeMWsIF86cgkqZcJubaxxgYAYk8ZOa/Oi0+GHiW8LmPQtRi2ushMlvKhweo+YYBGccemM9TX9pGg/8E8vgppNtHa3RnvvLfcxmtYmPAXCpleOcYIXHopyK9N0z9jX9n3TDsbwfHeyLghp4lAxkEHac5A6McEdRgnr7vA/hHgOH8soYDHZtKpGnUlNunT55e+02m21d30Wnn2v85xp4iZ1nOZ1cXl2RJc8YwUZVlTS5IqCkoxUlqkr3ad3d6to/jI0X4A+ItTVVbSLsCW2XaXWRSWC45UDBA45Bb1x3Prfh79kvxTqF3ZzHSNRc2yRlYrWzmm807lJAIB+fAwT36kDAFf2O2HwM+Bfh8I0PgTRVEQzm5jtAoCkZOJBg8E8jj3GcV1K6r8EfCKB3sfAekLFnLXP9nLICO5YYUcD26jAGTn9Qjw5wHgo0pVaeLxMqdm+apRpRk04u7spW621UtdEfm8sy8Tswc1h8JgMLCV7OTqVZxbtZtcsI6aW339D+VSb9jb4qeK72xktPB+vTWkFnb2sKmwn3Ise1WZyUPGcbhkAkkH0Hp+kf8Eyfi5rSxmDwpqccjSDObY26qDgHczIvIPU5APPfBr+kbUv2vv2cPCqFL3xx4JtHizuW2msRGvIypGSx9wMcc89R5Zrf/BUP9lLQ3kjf4g6VIYgVMVjGJhIAckBogScnd90nsORnHpf2p4e4eKj/AGFhZyVrSxGNd1a1rqMVdu197vXo9bw/DPiZiklic7qUYuyccLh1to7Jzk92tHZ6PXsfjz4b/wCCOvxY1BVkn0q3s/mBL3cqkkNjI2BhuGMZzz0PIJJ9v0X/AIIpeJrhQdT1zSLHK/MqxhvlA/3uox6c45HHH1trf/BZb9mLTVc2d9qeptvZY47a0uudvAO7oRjBXOMYAJOa8k1r/gtx8Jos/wBi+B/EmpsSQA26MY52kAkcHGANvQ464Ncj4w4RpX9jlmV00k4qNPDzrSsrR+K+rst7dO+h6lHw94mny/Ws8zCfNZt1MRTpxi0o30UVyq+u/S/YzdA/4Io+H7Uk6p4/hicgllt4FyMjG1SRnt3BzgE4zkeraZ/wRs+EUGz+0vHepXAypMaxwAAfxbQwIAbJznvjJ55+btX/AOC3soDHQPg/cyNg7WunLKeuGcAZIHyk9eSc8V5bqv8AwWx+M90HbRfhfpFtGSBGbhWJx77UPpkjI4PDdxyvxAySlK1DLaU2rW5MvsnZp+82mvk76Xu9Dqj4aYh+9ic8rJq3u/X5K/wJr3bL72rq9j9L9K/4JB/s3RsrX2pa5qDoQuYyET7o6bF5yBjjoDx0Ir0nTf8Agkv+yxFtZ/DuoX/Ay1zOU4wOpcgZz1/hPqe/4i6p/wAFmP2rrvdFpvh/QtLVgSpihkeRMnjBKqFI6AAYIDA4IArzTW/+CrH7amsiUR+JYNOUjkQLt25PQADj+L+HHbgZrlqeI9S/+zZPSh64XDq9uW7V6S2v3vpq7791Dw3yekubE5tiKtre7HF4mztyqztNJ6t6r0TfX+jaz/4Jgfsq6eyg+DNJDAcCaRpn68B8MVB6A8jv65rpLb9gL9lXSJFkHgbwmrJhS01urc8KOGB7dSMHt7j+U3W/+Cgn7Z2peYZPinqNmrgHNuVUjJxxgAkjkZ6knBGMmvMtS/bF/ay1MOl78a/EuGckhLplYbsYIKuOnUdCvA7nPNPxHzuN1hsO6V9bxo0YON+VpaRVt2nr66u69PDcEcKL43WrNJK8qtaa15d3KpLTXZqyvtex/Y/afsj/ALKemOj/ANheHLaSB1k229pYRqhHOczoWIBGepIB45BJ3pPg1+ynpvmPcalpliwwx8uPShsVMknIHAwepPBHH92v4ibv49ftEarJm6+MfjCUPuJ/4m90gJ4PG2bj1GOOCSCeuBdeMfi9qTut18U/GUzSNhguuX+cYzk/vjlTlc55BJ9OPOq+I/GEtKWKxFK//PucY3fupK++qvpFO66aHeuFeDuZKeApVNk1O7aaslePM11fR+i3P7ipPC/7IemhmfxnYxIE/wCWuq6bZggYBGA68AdAAB0Oc1i3HiH9hrSBuv8Ax34eKJwTL4usFIAJGCqzjGCMdDg9Qetfw9TQ+Mb0E3njfxVeuQVxLrd8xJOAeJJcDg9VxzzzUEXhK6ulIu9Z1edmYZWe8nk/H5nyQOScYHcdcHzKvG3F9ZtVM1x97Xf75WirReqir26bOyb1eh0U8h4Tocvs8nwt0k01SjdtJapuO6Sb7u3e5/bNqXx0/wCCcGiRn7Z8QfA+9BhluNda8J29eLe45z8wbv0JxXnGoftuf8Ew/D0hkm8S/Du98o4Jj064vixT18zeOWGDtPH4Cv43H+HOmuwM7yu2ehZ2ILHGcksOmcZztHPeq7/DfQlU/upGOScMzHPBx0IH4ZGQMDpXLLiriZp3zfHNt7fWZJPRXu0tuqt5djdYLh+Eko5VhFpo3Rg1py2WsbOW21tPkf14al/wVV/4Jn+HzK9pbeDbxlY+X5Xg2WQccZLfZ2BXoMD0Bx2HG33/AAWv/wCCfmjgjS/DWlyygkb7TwV8vPUKJLQ429Mt8vc5ySf5Ph4G0WPYRA6uBwhJOcEZ3ZPHGfUdNwzkU4+D9NVgBGUwMj92gYqvB5C8YGSMgk9B1yeWrxPxJJWeMqyVleU61aTlZq13zpPTXVX1s9zSNDKlZQwWHSk1ZezhrrFXj7u/TfrbQ/qP1D/gvJ+yBbgrpvhDxTMVzt/s/wAKaFBGxOCNnnWBcD6nC54wK4a+/wCDgb4I2vmf2L8M/iLd4B2/6DoFsrBSSclbVSgOMYH4EE1/NYnhqziIPlNgYIzGrBlwcZByAT1AGf61IdMtYnLKjFVyxxCFXcc8sAo3Ak8E4Jzk88Vxy4mz+Ovt4WSSbtKWjta95NvbS33XOiNHAqNo0Yxs+ig+i2tFrXW/y6ux/QlqX/Bwn4UVydK/Z/8AGF6xziS91ZIFY8nDJblFVQTn5RjJPXFcbff8HCXjJ3K6F+ztcRBgfL+2azdyAEk8kiboR8xOeTg8kcfhOkNqjB1QMVUkDygUPG0btoPBIOCR2wQeouC4ZdmxEAOScoRgc7eTgAAfLgkZ9MnB5pcS51LSWIU1vrC6u1Hpd/Ppb+W+mcsHhJ/DTtLSzi3G+sbp8rTWl72Tfzsj9lr/AP4OAP2lpyw0b4N+HrJRuSMXFxfyMOeNzK5zjOcjnO7PGSOUuv8Agux+2bf7xD4M8HWK4wNpuZihPQ4Z2OSCPQ+gPOfyUF27yjzNqZYsvynaSBjnggewAIHA6GpvOTDsrxRnB2t0BLHk9QduSM5OR0yOaxXEmbXV6qSX/TuOtraJNO222iv10CGWYWesued0l8c7L4Vy2ulpbrbpe2h+m83/AAWj/bHvp2NxdeGdNOT/AKmxeXYMAk5lQjOemQcjHBPTd0n/AIKk/tf+IpFkl8eQWySDOLKytRJGpyFwHjIyCOmSDjA+7z+SNzdJ829olIwM45c88NgdMkc9SOnGCq6L4lGi6hHPDKSjMDIjOSoC8EgdF6nOf0xur1su4nxrq044us5QuuVqMYcraXSKs10vbszkxOTYVQcqMFGb5bpycr2SWzk+71+V1ofsgf2xP2gPFOH134leJrl5jtcW+LZTu6hTblAVwc9eDuwQMg6ln8X/ABTf7VvfEGuzyFsytc3tw248sc5fq3XP5ivz68E/EVpwrGePg5ARg20Hqx6nJ75OV4Pqa+kND8Z2s+zJhbCgs7KOSchgSRkE44A5HHKng/q+T4x1+SX1i7bTduqbXW/y6PtbQ+Yr0KcE17NelttvPfz6ddN/q+y8a393HEJbuY7ioYnc7OoGSSXYlWwBhj64Pc1qSap5u4Ged8nChSVXGDwVxjOeSwPHIzkmvHdF8V2bLH5ixSYx8saHIBwADnG1fpg85zkV6hp+r2twq/uoySo24AJTn2GOOAGwclh65H6RgrThH37uyV02pbK32nd6dfLTdHjVILma5IpKztu27Rs0l2/yLbXq4+eI9MDeS5JHc46HGD6e/wAuRRk1IdoUXg7SY2JcY5zkYxnPQDjIyRyekT7OQGKrIcHHyHgkYBXIxnvwcdOvaE21uRh1BIK4wo4BPBJ6HrheTj8wPSfuqK5nrve3ldvfbdr00SRKhG9pRSfTRX6e876LbdaWbs7XS5A6jliDDGQTgExk5LDHIxk/nj2zToL0xOXjgTdgfNsYMpPzAjGRkt9MjpnGK6d7KLlSvc7TsAJLDA7DueCCT14BqBrTaCGCrk4XCkEMO3oRySeSAOM8GvNxeHoYiDjVUZqSd1KKfWPe+nW97dz18tx+Ky/EU6+DrVKNSnOMoTpycZRfMrO8Wrd3JLR201R1fhL4n3mh3cKak7tZl40DqJCUDHPOO+Bxk8YyB2r7t+H3xD0rUfs720rzRyKjjeXK7eM4xk7hhgDgDgZ5yD+bs1ishIfJQgjJGPmAJGAec8Y3YGcA56Z67wL4rvvCmowwLdyJYSMoy5LhCQAGXrjtxjjJJC4r+fPFHwuyzN8vxOKwNCNPFRhKf7uFlNKKdmltLT/O7vf/AEQ+jR9JbN8uzLB8LcWY6VfLsS4UMJi8RUvKhOfKoRm2/gd1q2rN66M/anwx4gtpGjaGVnBUHAK5TIz0xnKnJ9T6HLY+k/BfiPypo41k3YIBZiVXHHzA8Ak88AZ5+6ecfmJ4B8bSTWtpcLdLLnaMA/O+7lSuG7fKDjHJ4OTmvqrwp4pvmMEqbwykAoCNuACQS2OuD7ZOMHsf4AzjLK2VYyrha0ZQlSqOKTTTfK7X+/taz6dD/RziTh2lnGWLG0JUquHxNFTjUesZOUU48rV04vfR206I/UTwz4hE0Uaq+TgFSOBjBBJyQODxj5snj5lIz6paXSzKG8wZxuO3LggZ68dDnkcfT1+EvBniy8Ji3NhWUYQsSuM44Ix/D6gg8+lfRuia7eyohDkA7clSOUxwzA8gc5PUZ5ORyeONRSSVtUtU7JPZNbPV/ndeR/GnGPB9XB4qrKPLFKT6vSS5d/w3va19L6+9RhSMoFyBuIBB7k8jIwOhAx3HHXNgBc/Kcjg5LEe/bkH2zjHbOa4mxu72RVcur7s7SCM8dSdrYwpJBHY8kgHnZAuyG+YDjB5wTg8k4OQTyTweduelHtbNWTila63dtL7pbpJb+q1s/wAqr4B0puMpptNqy6vRaWs+z7/kt8OCMBjkscDLYX6E+q8Hrn34p7SKC2G45AKn7p74znjPfdk5ODXOsk6ZJYtkADAHfpjrxnggHH58jedt/ibdyBuAwoxkkDn8+Bwc8YETxNklFvTTezd7XTfWzcuV2t67GcMLZ6yTWlld6t8r6yTdlrvu7dmbj3KhQGZQRhiSeMjtnPU8kdMcZAXg1nvkGQXUg5Jb5iMdhnBx90ZGCAeQSc1j7ZOSQQMdzuI4J55C7u2CARgjA2kGF1kyQqF89C+GIycED64+8Bkcgg544qmJklbmWqe7u1tfXW2uu71fozZYWm2kn2bSstbx6LRdXu7rVJ2saDXqZGWIHVQCduAPvZBJH0OMEEetQNqKsxGcYHLKSxGemQecgfXkjK9AM+WBypDD5hhc424yCc59jyeemWLZHKG0YZwjMfu7mO3HXI2g9unAHUcmvKq4iUXrLfS632hf06vR3167GiwtJde6V7afC9+3K1p31Sdmi2b3BOCDn+JhkMeRyMDA467SPfkkRtqBBHIPXJJ2gZHU9TtHbHQDgc8RfY3K4O3JPUDO0jpnGck88Zx9ORSrpxIGV+XOckBm5/2e/U9yfXmuR1pN2V99FZt2922zd/wur9Erz7CnFXk1a/VJO3VL1/4bYT7axBIYdwMqMZwO+MZBzz93kjHHLTesc4I5YYI7Y5PXHX+LPy55bNWY9Myc43YPABI6+ozxyeBt6nPcVcj05SQCg4BBBz82Ock8DK59DnsK1hOcrK172Xbs/TTTs21a4nGjGyez3e9lo2r2W6VtWreRmC7lY7thJZic5IJ3cD7vUeg+Y4PGeWNy2kZvvKzEAjDcKMgrtO78TgA8jPfB049PQEEKeeMADp+OcY5JGRu79s6VvYoCCFyCG4wCTgE5OOwPr6cDue6NGpJbaWWjv1Ub2unppbTqr32Zz1J0Ye8kudNapr3tY3V7X/z1Tuz8C/GH7Omp+LP2m9Vvpdc1Gxh1bXNRuksrIqiTW6qQ0ksgC7ZQRhSPmGeAeBX0je/skeCms5WfU/Ek0jQCGRH1a6VWkOdzKgkGcH5VOMAFeOcDv9R1ZLH49aZZkwRvKurOgkGJCTJKCRyCRtGOo5GAe9e1+I9cs4YJomOHSFSzBcbcsSW3KcZ44OAcDB5xX5TmGY1qKrU/byioc6jZqCioyaSVoq/VXbu0mkn1/a4KpGWXeywsGp4bDyqPkU+a8KaveSb7bKySv2v+Sf7SH7G3w7l8AarrL6al/e6bNpoh+13EtwX8u8Q4lEhbc42ksSOecfKBX7g6J4b8NWP7JumaYmkaRBDL8NNNgMf2a38piulxRmMrsGQMAgg8ty3JyPzR+P3iS0tPh74itnbzFuJ7dx5hyzAyqVYAZHynDcnjpwCCP0Ej19Zf2YtEBmTYngnTiW2HC5tIwM/LycDuCM5wMc17nBGdVKuDzGONqVMRH2U40FVk2o1bxjJwTdl7rTutXotdTk484fq1JcJ4yjh44arVzqhTqzo03F1KUPZtRlKKXNG7dk7r4la5+ZPxn8OaTJ+zX480b7JpyafN4fkMlusSCNpI5CIwyBRtQFcnjLEDnBwfxz+FHwt8KjRZpl0+0ilcx4OnoImDlPmGSoymCAQT1HDDBav2Z+LzxL+z/wCPJ/NVhLoEzDdHjbtkbgYGMMM4GN2euDX5GfC/XLSLSEjaZQWKkhVK8bCcKeB3HcNzuwccfvnAbtklTlTvHExTd94ul1W0nd63tfY+1xOS4DE5rKricJSxFaCqUozq0VKSUVG9nJLS70asrbWs2ac3wh8JtCYZdNBRmcnzFt3KliOcugyCecHGQRntXPar8AfAWpxILgJDhHCLFDbEcA8bQp5z3Vc56nnafRLjxDpinZLKzkl9xMjbPlOQME5YEAnAIGM8Y4rb0zxDpU8B8sQMIyTyhJyyknBGSS/JBAHAAPOM/bQxeIoU24TlC8bOKbs0+Wzsklrrr8l5kuC8oxNT38twknyX1o03JpNbcsbLa9u29tzybwp8B/B2nWtxb2scskTsjeZ9njVVI4KgKu0gHIyDx2zwas+JPg94YgntrZbSZonjLNItsgeMFgWKtsB7k4BO0fKTjgeqeGPGmnyTvYKU843ZwojG0LGxBXOCCQecEAnHOfvUnxB+IWiaFeWS3k0ayzW77FIwcHHJBzx2JI49scYSzDEuqrzc7J7KTbfLHR+9JeVmkrO6s3Y78J4fZDKnGM8Bg4ppPWlFxv7qs7tLVPbdK3ovA7n4S+FIHjhj0+8uIZXErCSJipYDhSr5U8dcjHYcnFZF78DPCs0wnTTDEW3MYzbRBQM85G3kEE5yD0PHXPqs/wAXPDMUUcxu0kUBMjggEHnbgE53cZHOORwWFUtR+LHhzfbf6REqXBZsNIA6qOeFLbiMcYycbiehNdFLG4nmjFe15XbljFS0k2tU21bvZ/PRada8OeGZfxcDgpW5b/u4a6q1m207pO+1u54rqn7PPhu6WSdNHMVyjF4biGUxMDn5WwhUKMZA4HucHFS6b8FXt5YbxILqSa1VUglmupHZYwQGxljg/NwOvTIzxXvK+N9CmhW5W5R0aJTtX7qg98E7fzO70wK6KDxtoSx2TNJCRhcfuwNwYZCuFAyeCM46cdxnqliqstKk6krxs25ae84pJp3aa6dU1o7b9P8AxDLh6lyyw2WYVP3ZXjCC8la27VtHst35fNHg74RCx1PxndzaTbTteShmluVDOVXPyg4BAJPzA8dR3BrzzVfhW9h4T8b3lvpmmOkk88cZEZLxS9FaMlSQULdeM5Off7PtPGeg+Z4hfz4QrttZsD90NjEgkdScL97nuRklq5OHV9Iv/hhr92WtjBc6rNsnIA3Kr84A645/vZBI5Gc6QinraUZKpQScGrWi4q3VNSinrZqy3u238pm/hjkmIhGn9Xp0mo13enyK3O7OburNR0v2ezvqfj7qPwa1yWaOa4ZYAkZdESJnUo2Tg7QQM5IJOCOecmuPb4U61JqUUEEU0iNPguq+SCMj+8AW3DklmxnsO/6syXXheEQK0li5lgC4dVCgDBJBPAx3LYxn64xby+8GCeFgloZFlIHlIm/cFyMkDax9TyBjsBx9ZRxUFRvKDclKMXK15SbcEtNNNdkumtno/wAtxngpkdOtByxUnFzhz804tyblF8qbdopaJpLb3ddyX9k34LGbwD8Z7WSY+dqXw01G0ZpCHEUsacoq/wARQckDnr94dfmvTPhNLpfh/wAYaaZ0lA8jbM5YBfJjDAeXxgEg4IO08cE4B/R39njUbeDRvHqWNxAkV14c1pAg2qQgiG5WUdgrY4wM8HbuzXz5qp0u0svFEcl3bvJcRS7jwrKEi3OQo6qMkjqM7ucnJ5cFWnXxOIjOq4LmptuSWt3FpJWsm1fo19xOL8L+F6Fap/sXtPZYaEac1X5Yycopt2T+LmvdXsl56nxz8OPAd/4H17WfENpqsKtrHhG70q6jZcRC2uyyTQkg/MWXqckD5RjvX9c/7Jd9b6j+yd8NpCxuEb4Z6rps1wP3gRYoLiMBMn5QqqBtPOM4z0r+ZTTf+EZm0IpcX6NEdNYSTJHxHJMzKoZgSx2HIIzn09v6Pf2RL2C0/Y08GQWGowyQ2vhTXgtwcKyptnKDgADAIIyT69zn8a8bsroYjBZXXjNOrHOKNp2ipO1LlUW1ZtJ7Oyt1XU7cm4PyzKMHH6hR5PrTjTrU41HVcIVXHm9Nb7W11vex5Z+wF4HtPAv7PHxDiVzIPEHiH4i6v88JVgJLrUEBI2hmAGG2kEsckjJ4/nC8Y/Da+k1LWpBp7ybvEviO4jZgixyB9SuXAI4OMHv0x0Yk7f6gvg8I/Dn7P88yXLSN/wAI94zvHKssSmaWa8kG4gDPDAcAEZI3Hv8AzL+LPirfS3V/bw28Ufl6rq8nmPLkNi9lwu3oN+SMD1wPvCsvCTCVsRnHFmMSp16tbE4RSbsrOOidu2j0tv369nEPB3DVHD4ShmPtI4XDUfZYOEFK124e0bbXxaPW3e12fP1x8D9R1aN5Z7d4Q900iCAK4D9FU4HAz3JyOp6DOHD+zgks/wBq1Ke5i8u4WN0RBuC+YDuLLkEk8NjqccnJz6hL8W9dUMts8Srud8RqCAFQjBxkdcHOBg8AAcVkf8LQ1u8tzFvCzS3BKyYdgzrjsRjG0BQCBjHIAyT/AEOqMoU5fuoxtCTk2r3soNLTW92rNb3d+tvzGpw74dUazc8Ji60lK6Uk1BuLjZJp6+9az2ve+lz+r7/gmt4S0vRv2X/COlxQK0drHqKLczJ98mR8glhwxzzk5OeMnivv/wAA2drLpCeXHFMU1SeMrsIAyWQfMTtUFhgc8ZXuTX5jf8E4Lj4geIP2dvDV1ca5Bo+m41GK2thbgXVxIJHCzYYbCpOOzcZY443fpD8NfhTdXekSTax4110mS9aUw2JhihDebu3FlAIZR8pxwNzDkMK/zj4yweCnxhntsXhlL+1cVKcYwk2pKtdp6NJwu0762va9j9dxM8JhcmoOFeeHwvscGsNQUJzlSpqnFQpyjFJJWSVr9Neh/IH+0d8KLC3/AGqPjjIbC3imHjPUbgrtBKvcXLSgEngsSxyeRnPoxrhB8PrN7VzM0CSCZm2OqYA2OflY43ZBwQQQCOQTyfWv2x9Qn8O/tYfGvSIb248i08Rl45rgnz7hQGJaVsHez4BYn1AwT1+cz4mmuUMhvRHE8wBBlbspJ+UFsAE4z3A6gbq/tzhr2mI4eyOSqKa/s7B8jiuXnSo0tVe1ovfbT8vkKmH4Xw9WvGeWUJValRyqNxUXOT5ZSm+ZNptvbez63LWofC7SJdMgaa1tFY3TMsaRIWdWbglSDj723JB4AAIpkPwf8IQ3AlvNIXzZFG4COPhh0KEKCCBnkHGAQD2rO1zxZBHpNnHDesJklIZw+WZw+VC4J2qoAVum7hivFZKeP7iO43PcvKFQIHd8qcr823pjaBkEDHRielfQQp4pwsnJXk7aqUZNtW2aerX3q90U6/BlJqFXK8JaMYWlyUqi1a0V7P79b7Ntntdv8IPCUliu6H7OWtSyqsaFRxwvAIORnPOf93pXMt8J/DMULXJjtmZMJGrQoN4OcFjj5SAB93B5JAK4rOf4iPHYqy3BU+VEinccHeuCBliBjpyc5AGem7j5fGN69xIEumkgcAZZ/kD5AAAyedxOPU4yQTw4YfGJXqSlK2iSeullHS9+V3WtmvK2gVM04PoRi8PlmFveylTp03J3krSa+JtPfR27tM/f79gXXNE8G/s8Po0yXaasfFN8LGw0i0luZJoJZk+VVt1ZsuASRjHIx93n7a+P/i251n9n/wCIXhC18C+L4xqvhG5jknksJzB+7QSPcTCWMt5ewbjypG1iTwTXy5/wR0tZNZ+GtzqV3b+csfjWdYrudFnIxw0cRcMEU9+AFHzDkmv3p+J9jYP8N/GSyW0U6p4L1sONqBUU2MzFpAwAKqBuI6fKP4Rx/C/EmHwT8Sc4xksN+/wmbxlOo7rnkqlGTa5Vq+Zy87+R7mZcaYbC4XK8J/Z31inWUFCftXGNNNxjH93BNOMYu/LJtX01TP8APt1nSPAwviZrKxhZJpI5B5AWUyQyFWd1IyGJByrd85C4BOdd2/w/eaCWC2gz5ZQwraoAMMBkERkr6ZLYwG2nOcYPxD1Wwj8Y+JREYiIfEGsQrJu+Rib2dQvOMMuQMA4zxwduPIbnWbu21SIQSKwZQDsxsjLSLwRxkE4GQMggc4INf3Tl+CxdbLsNWTmoVaNGTg1J2vCFne8Vpv1urPtb87x2eZRhMbUtgsC7VWpv2MXNvmSTvdJNa3vd9bXvf9aPig3gz/hm68hg0+z3nwBE2VhG4bQxwVABVs8MRtGMdVBz+B2pRaA8ksgs7ckhdwWFVXA2/MCRgZ56nqCTnv8AsV8Ybu+i/Z7Ev2mOJP8AhAIDcBWG6QFH4Qqcg4PQDJGcYr8K5NVaQttchDyenzZ/iyc5zg5GcdSfdZdlsl7apWUnebWi06brdSd/tLsrM+f4q4yw2Hq4elRpYbWipx5oU3ZySS+y9n7tras7kDw/5bkWVuGBHSNDxgc7gvXHpnrzwTi5DN4fRGb7PbDkD5o1Cc9cgjoBxjgj5jjPB8zmvwwISRAWVd6pgcnHfBw2AMcrj7vHNY0msKiPGXBYksSzDORnoRgYO30+8RnAyB7FPLknF8kmt7pPlvaLu293ra2ytsnofHPjqVPX2WGdkrL2dNLo035tPVW2b3vp7nFrPh5FjUWNsWVhwAmDluT05PGPlBAJJ6Gtew8SaEn2wjS7UqQoY7EOCfU4IPTtxxx/FXzKPFCJLHDhQuCBzySoGOepyoOR/CclQCK1LO/urhJjEWjWWQAglskAjJxuzhcEhsjr7ZO6wMItJ2uleyWukVbffZ20e99bacn+vc5zfLRoSumko0o78qW/K+vn03slf2zWPEek/aFaHT7RWEKLny0KKOM5BGDycjOTwey1AfE9g8sWy2gYpGpKCONkwR2OBkjGBluORx1Pl2oW08jsIleZ1t0IWMtzkDcRt6tkjrzkE89TraV4O8Xak8aaVpGozl4huzDIERSerOwAAP3sk4P8PNZexw9NzjVbSv712k946uzSTXu7N9ddLPN5/mmKlelhVeTaXLSTstNmkk9LXeiuevab4ps4NVs2NhavgApxH8h4GUwCOmRk52/Kexz7xY/E7T4bBITawRtBMGXcMhznAIHI6kHngcHqcV5N4R+AeuTJFqvinxJoHhWyiVGd9QvojcbSQWPkq5bOPVe2OMZHpR0j9nLwqinXPHeq+K73Yx+w6BBshd1ORiWTggtgYB4X7vGc+Ziv7JqyjFUq1ed2kqcas1G9rO8Xy6d7rZ6o9Sks1lSdbGLLcHT5bqWLqUabaajtHWTflyt7dzqtc+IelzwwGdLSRTbFtqxBmAwfkOVbGM4Hygj06iotEvpdYsgmg+H7+5L27gPaWDuIySMjKoUK8ncxPQ/lmXPxW8HaXpdnN4F+E9lMGtpo7bUfEsz3EzY3AStCCyZHXGMjHQ8iuavvix8UtZ0XbN4gs/DGnqVijtNBsbewzHKuDGbmKJJWGDgEtkYyQSRnlqYKThNYfL5xpRtJTqtaNqFnyx52ttb2bS3tc55ZrkFCo/rOPw9eok3KGEo3u2oXjzyaXLa+q9UnZn0H4f8AClumkXD+KH0bwxP+6dbjVbi3gkeNQrEGFirgkjptJBGDnjO/J4r+Bfh/Qrh9S1xfEF/aTxFrfSLYzIXSUOiiXYyhdwA3Ag4O49OfgKR2mkmfVNQ1TW5fNOJNQvZrhAd2RhZHZApPzMCDjC8YyBv6LMZbXUYIo4LeNZbYjyliUtiaPqwAY8EDhj1xwSK+ZzHLq86dSUptJU5Jwi2ov4XZu17Rty3Vu73PeyfivIsI1HDYGg60rqnOrGM53fKo3slFP001tpa6/qU8A6/+3J8TvB/gl/AnhLT/AAp4Lm8KaPH4Z1HV9VWJ5dG+zKILt7eGRJkdosEIcEZxgcZ9TtP2MP2n/F+yXx/+0HDpENw8bzWXh99QaVMkB1DyzMhZeQp5B2j7uQK+uP2fY3j+DvwRV5JFV/hj4XKwAZ3A6egOFAIxyQDjkEHqMH6otrLy0tmQ7jtU7SM7ckccjIOD6Lggjriv40zviSrg8djaWBwWBw/s8VVi6ioQnUk4zSc3KcW76LfW9r6NH9N5bSVXA4WvUq1Je1oU5qKfIknGMlypW1SdreiukfjF+1L+wt4e+HH7Mvxz+Iz/ABU8f674w8MeCbi+0i4n1AwWtvfoyAXHlwMmSQWI3AsD0xgZ/jvmtfFniDZda54i1zV5byMsTdalcGNzuZQzKJMdsHI3N1z3r/QI/wCCgUSx/sXftKB2Ad/AFwTsxgZliIUFevHPcA8cnp/A9p1vIyWEaSMFaPru6Dc2SdpI5HOOvQZr+gvBDM6uaZTmFfHT9rUp4uME3GMUo8sbJRSjZWu0ns3fvf8AmrxxrVKOYZbSo1KtOnKjNu05JS96C5tGr27t7O+i1ORj+HFqojeQpLLM2WhXM0hORyzSZLHnBz35JwQDvXvw4toLCS5mtZSrxPbpGCAPnQ4+ReByBkAA8YHPFei2UVlasXYs0gcBGYE4yQTxgYPbBHy849al8QX7nTEWKNsNMTlmKjBTnrzjAx2HXHAzX7fSqpTXLCNnKN9Fb4k/vv2sn6n4BO0otylJydne7btprrfV27p9Lu54/YeGltNO02O3sJJgLHaSIQwibc3TAAOPuk9Tzzg4PQ6R4W16Yulrot3KzYYEW0ozubjaSBjPp1xk47D174dXES2mmvey2CQyJIi/aGXbvDuQXzjcM4+UYAxxxyvvNj4y0+KSSCC8tXlixFAtlbtKTgZGCinBJB5IIDepPNVsxnRklywSTuruy6KzaVmtrNvTS9kVhcBTxMk5Oo7JK0FfW0dFpdNpOyT20sr2XzFpnwu+I908k0GjXECKCc3EgiRQADwp2nIxggk4Hq2cZnibwj4i0M2Y1+W3cy216yQpIJZNwjJ5AZsnoD1HXHrX1M2s+OdVuWg02x1K4jkeRF81BBAB0BLAAkFezFQST93Izy3iX4S+PfEy29zqAsNOW2t5w/m3CBkacABtz4YnPfI9BjmvPeb0+e1atThHS6TV3Lmi9tWtHq35W6HpPIZyVsPha856WlNNfajtsrJO6S6X7Hxj4ZSI/bocyxIqs0jKGAPzklc8Y6HBOeSa7Wzn8PxmPy7aad0QbgA2C4LYzkchsHaMYwCPl28+v6L8A7TTBOde8daFbxTgGWKK8gMqqCxOVL5LAHIAAzkAjJzXqXhr4V/BeCQY1nX/ABDcQICbLSdNu7xpWBOdssCFckghTk4PboaWJz7AUkm6jkrLaLV9U9NFqlvstnsb0OE84xDilSUL8qacvR6Wb7Jvo7cr7HzLZ6+trcg2+hwLMrLJFM/l+arLznGPvY4A569TjFX/ABp4h1bV7HwW09rOl1b6rJLCUiHlcAbRwoyO5Yk+uP733p4V+GWgXNwT4V+BPjDW5+TDPq8X2KHK8Bn+1Kpwxx16djivXI/gZ8XdSu9JFv8ACvwT4VhmcGBtekS6lgkcbVkSKAMNw6gKgBORkgEV83iuMcnpz5qlairNe7OtTUklppHmk01fZxulo90fS4Hw3zuaTjCu+blTdOjUaavFr3rKLtpqm30fVHwvpOv/ABC1+GK2W2164gtEEFrHa21zHINyruA8sBCmTnoTjPfJrtNF+FPxS11Fkj8P6sYXm3S/2pOIYkGSMsZSAvGCdxGMDBHJH6NWX7NXxNaB7XWviZomhER5Fr4e0aGORXLMQqSSRKxBDDDZJyOParN+zDppkWHX/HnjfWjKypcAalJp8CyE5IeO3kTK4+Zcg5A79R81ifETKqdWUcP7Jv8AmjGc5PVX95K19ErXSs9Xqj7XAeE2aThGeJ9s00m1KUadloldLVKzsrKL6PTb4uHwdvrBkbxP4r8JeG7eB45ZBdata+esYOGG1JeeMcHBzgnkit3U9U+DGg6Xe6bqnxOsNYt7yOAfYdPja9E7wukixj7PvYZxhQCuRzycmvr6P9lv4G28xjuPCt5rl4zhWfUr2+uy7Be5lkZCGJXsc9dpAIbq9Y+FXwm8D2WnSWXgTwzpRNxAhn1LTbTZESMou+dBI+QQVOT8x3HB4rxMRx5QxM7Ro4mT0t7OEKeulldyk7bWSVle+m579Lw1lhUmpYWCXxSrTlUaty6fZit7tXSdr27/AJ+p8VvBbOYfCXw+8XeInihjiikttMujb4+6uzzYzlWxzv6HJPOca1h4h+N+t3GfDXwYu7GHydkNxqy2ltgDn5lmVWCnk7V9857/AHbfeJvBWgwOo8Q+CtEt4+C9vLplmwB5YFV2kANyAcEAjpnFeTeJP2jvgj4eU/2t8VtJdYmJaO1uEnKheGGImOc8AADrxggAjilxRj8Q7YbKq9XmtrUdWaeqWihFaJ93br6+xR4YyrDRUsXnOFw6UU37N0qaVkuZLmfNt5aaaPVnhUXgT9p7XpSl1N4N8LRSbAGMhknhXKggC3dQTgjqODnPOK7/AP4UR8RtQjtYvE3xmJhjQeZbabbKNnzAYjaUlh8v3SSQBjPNcprH7d/7NmmS7l16+1twM7LSwZc7QcASbcnceCScKcfe7+fan/wUg+FUW46B4D1/VZFDBGuGghjYdFZt5BwyjcMk9/lycN52JjxRjU+TLvYRktHLDxik211q3dl31tdNeXq4Svwbgr/8LH1mqvsxruS0cXoqaVlZJJJ7atM9qk/Zc8IyqbnVfGfizVz5oxtmKKxGSTmMhgCcghT2wMc1or+zv8JrZkWTQL2/lQANcXl5dPIe+5lLHAJzx8o4PGOK+NtS/wCCjuusHh0P4caVZxNkwy39xL5qA5wxEJ2fKeScAjtjnHnOrft3fGbV932SPQdM3nH+ixM7KDzg+YjEnAGBwc+oxXHDJOIee9fGUKCablL2sIPeN01BWve2/W9r6HViOJ8gjHkw2Cr4pxs040m03dbOaWlmut3o/T9G4vhd8NdOk2xeC9K2DADXUIuMOxJBHmqwXkAnk89cd5viTa+HNA8DeH4LTSvD9lu16KQta2trFcF1DYMvyBjCudrtnaeg5wa/K2X42/H7xw7BNX8QXiu+Eg0TR5pTyDjaIIFYA9BjnJXDE5FbmmfAv9q74gwNdWXgz4t60kjHyvN0jWUij8wrygaPb1YYwBggkMOte1ldDB5ZjKGMzPPcMvYVY1HCeJilpZJPnmu66aadD57NM1xeZ4PE4PLshxCeJp8iqKk24puN37qu7aaJptN9Ln2LP4isWJR7vR4FRt/meZDHubjIVcjaOOxAB+nEUXjLRwyi41vR1VcjJ1CEAYJAOd4YY7+4GK+NfHn7A37aml+DdT8X3Pwq+IUGjaFZTanq2pXD3cUVlYx/NJPLESHAQfeGNw4GM5z+dZtvFMlw8AvNVdoiwffe3ARShKuuNwPysCGU8Eg9skftOQ8RZPnCnLLcbhsYqVoVHhq1Oryydmoy9nJ2d9Upa29WfhmeZTmWUzi8wwtXDqV3H2tNwbty6q/bzWqtpfU/eCbx14Lj837V4p0AAEH5tUjU4xgjmU59ifmzjkZwca5+KHw1tFLt4t8Mli+DuvYZSQeMf6wk45B4w2O+Mj8L5NN1932SXE+XG4ebcTO2eccFjnoTjnJ9+BXfSNSlAE10Dj5TySRtyN3RiRzgknPI3dMV9VTnJPaTWqjrotUk/lb7tlY+TqYqne1klbW1nZO2vR+l/wBU1+0eofGD4WAtJJ430KN+m2NkbK7hk9SCeMYyRnGCRiuevvj18IULLJ4x0fYijISIsWZMYII6577cg9+MA/ivqNhdwtteV2Oc528ccEDjGAONpGTkgMSTWTLaz7spg8ZZioGSOcdMljz3yc44Xp1wxWIjtB663s7NXh+Ol3s729DldWlfS773ktNr2Svpt1Vu/U/YzV/2nPhJblki8S2koELANBaSBi5BA6qR1PQlSfWvLNH/AGn/AIW6ZZGC81u+857m4kf7LCyhhI5ZG2Feu1gCMjByBnoPywmjd0bcxBB5wvTknGSDuI445O72wKyrW3luZWJZ8q7LkZztU7QCBjcehAJxxkYyaftcRN3Ss5JOzT0a5dLNpvr5bXu9BxxFOF5R391/Enqu8r9dUtrPvqfrHcftd/CWG4M6XOszoFII28sRxjlcccA8k85YnBxzVx+2l8NoJ1eDT9YulRWIDSBWUcN2GcD0JyTn5RyT+Z39nNINrO4wCCTkZAPUg8AnHHHAJznOKrTaJJjuu0ArgKCQxbJyAM88knkk9COKqNPFtPS9nZ387aWv6LS6+WhlLMoxTUpxjstJX0utE3q7vX9ND9Fbz9uHwk8cwi8NahKd+5d9yM7VPQAH5c9evTn+EY56+/bn050dLbwrcxo0YVQ9yg3AEcHJBIHzcnkHvkV+f/8AYRIKsXVmP8SrkgLngYBHCjGBkgcEjNQt4dzvBLl+WXOTkE+hbsDg498jJzVRp4m6sku19ddO+1zJ5pSX/L5b+tmuX0s1pr5dtT7xk/bkuTERaeFECrsUM1wCG9clT1wcnqcn7xyQcy5/br193UW3hixRUDKEknkbGM8jJPAPAzjqOelfGWn+GpHSeYFv3YUbeWXIB6KARyD1xnp06HIm0pTOVVGwpbfxxnPJB7/MOnUehqnSxN1d7W00ae1126X1S7mbzSm5PlnGWivez/ke1n+HbXoz7GvP22vHNxxDpGmRuxAj+dzsXjgckEd8cd/UVlTftnfE6RRsh0uFgpRdkZZlUrsI25OTjjIPPI6k18pLpLMvCsTnJYgAjOSMdx1557A5zT203GwgEsvquGyOuc4DYHOc8c9eRWns8Q42duXTZL+6tba+eltVqif7UpuS1SacfsrT4ey6JNq1rWtqrnvsf7VPxWtoHg07WorSMTPOyRwqWEkj5fBcHIYnJ4IHI680tx+1N8bJ4/l8ZXCqVOUSKMFQR3YLxzgj0xgdq+Z/IZ5+GYsZhHgjC9cYBO7cMHGDgnGAemfWtH8G/aLNrl4H2RRgA4BUuVOS5wxwSMHtn6ClRo1at1e7SS3evw7arS+u3z3Hic1WHUZTm2ppWab1uo9Fto3dO1r6s2Lv9o34vXAbzfG+qmQ/L+72pk8g8qeMYwfXnkCuZl+NHxPmfL+NNdJZiW23LoQWJ5+VgcHntx1HPWN/C8QcttLFMl1UZCnPuBnA7Hpg4xgmq50KCKQBsFi6qMqcqSeT90ZGM5wzBfu5BxWqwlbROW1kn21j1fl1s9Xr0OJ57Tb5XO7TtrfrZvq/w6q+vTTh+IPxI1BZHl8W64VCYJe/lUd8NgS9MDgBR2Jzgg4V3408aF2WfxJrMgiJAYahcDewJycb+/ORknJ6c8bWtWCRNbW0OExGu9YjtLDC4yTg5OeR74wWwRgw6eMyZjBQgN+83Ng9AxwOcc8YHzcg5HOksFVtZO7tvzb7J9N172+nbVXMpZykuZSfLq7Jq7TsrO+l9b26/cVB4m8SzeYzatrEpcZfdfXBGGPUHfjnBBB25+oG6k+oazM4Ju76QR5J33c7DB6g/vAPYjJHTA6muvGngQbIooshC24A8d8nHGew+p7VQj09g0nEfzEF2yQNvHOMcEYGAQM53Lxis1gZ7N7WvfR6cvNZa6pbLf8AAylnO3K52W2nSyvf7n/lqrcuTqM5kbzZCAmQ28vkEf7Wc47ckgEn2OHdRXYu4oPMYeZk8EEcA4J9cnA59cYAAB9HNgChEabigJJQFdoIXBI3cdenc8YB4HD38ckWrWwIUMxK5BIBXGee+VPHTHp751cLKMVpo3Zty8426dd++3TQ6KGYPEK8ZttK/LfeyV1sl0vp1ellcgFhdfOplYDBPTOOn3ieAecDAz1yMDIX+zbnnbKSAAwLHKkZ5HIOOAcA46DjAAPVxW7gP8u4kHLHPIJzz6nBGScnqMjNPW1Z5GA2qqbcEHhsE9e3BPzDg+p6CrhhI6S5dv8AgPRO3nZ2v2vcwWZSc1HVK6SV2usdO2qTt09XvxY091+dpGUcll3DnbzkAkYznGAMFSM45FSLYMRGfMkXeTlgScZIHGCcDqT2z1zXXSWDgBgow7Mf4V4AwV6HCkjn1598QtZMMYQ4DAKBuyc4wOeAMjnvkEc4wD6nB2urN69E76Oz663tbT5FPMWno9dHdOTfRW0TWqte127pt7o5uHTZs4VmAHyhmbrzkttbsQOuAPbFaB0ghcg5IY84HJAGcAemTnHAOQcVuQxMHdCoJWMYAyTg4PAHynjG0nkE4qVo2KqpBUbd/JPPy9AeTgjnBP54NaxwdOKtbs387eS06/8ADnLLM6/2ZW1fXXZNX31a6XdrdOuANLDOwDZJGRgDGfu46AYJ6cZB77cVJ/ZmxgpUkhSxwVz82RnvngnHUdCSOa3PI+bf93btAxuGW6g5x9MnP/oPFsxMdoYIZBu25yWIIIGQoxkdD256HAqnhYK2je3yvZfdZvpt0Jjj6zXO21aW7vv7ur7WV2mlra1tEcbNYrEjsQGAQgB0BY/KB8vHXJJOCffPRtDQ7RJIW3pySdrbdzDDcYAPIyecgfT00by2kKShsKyRn5SvG3tjKjnjgcZ4HTArb8G6Wb6zIfYpjfzAB95gCOBz1yQDnkYBznisY0L1OTWNo8zTVk/hVk9LW266dTtp4uq6Eqrd+WVlpdNe7trprola+mm9ykbJEVlCgscZbyxwuSFB46EnsQwGO2af9kIXCICuflO3IA5yT3BPQDJIPTIAx6dFoCM7q6hAV28gHeSOxHUY5OOcZ9KlfRYoxGiLGzkfOu0YA6hwDyScenHTPr0LCKye9/w1S21vvZXu29l28qeatOSad7va6Ur2Tavu3d+a/A8nWOQSEIm4YIJdQMZ4xnuVAHXjd15Aq5eyXklhFEDKIwQG2hipxkAZOCMZP3enYevpmn6FHJcJFJCqxjcxdgSDjORleoOckgfSteXw5bS2zRoYlkeUhCjBo1UH+INg9CTkd+M4GRTwKevwvzVnbTa/rbbe/U1jm0mlyRbfure1tI2d9/J2etu1zwRI9TUl4XkCjqysckZHUE/dIIwefyHO/Z3uvwrGGuZ22Y+RnOEz6gEHK54yevPABr1SLwusUciYt1EbBg5IBK5BO0cggcgkDnkZAya3k8O6aFXzZraIkIPMBTOWI6qxIXIHQcnnoKJYWMbLXRWu0tbuN+3VaprTd91Usyqu3NGV1y6Ws7q1ne9302XRN2OF0+38V66yWdtcsYkjLSZXbtTrgk4J254/MZyNt2DwJqGmzR6hcak0E5Zo1aBnbeu7LIMEfMedxPGMYOcZ9ctbbQLILGuoRwyRogLK8Y8wHqoYdzkkg7u3HIFcb4rvtNjjzpeqGRopSfnfgv14UE4A7nHqxzUewTbXLGyjo72X2dVF6WstUm+2rdzupYqUop+0kpP7NursrWfktk1r02PLvHlr5C2MUs804lnEkbTO7MpZuUCEnA3HlsZ5A6gCs7XLANZWgTzVVQp2DhmOMltxwAB7Hrg9zTvEWrpqc9pubz5IbiItKwADHksijgEAjn5uc984PV6s6vYwl1jbAVdqnDqAFGCOgAJ55Oeh9DnhqN61RKKlFLlu499HqlfX8dEzXG1pxoKd1d2tZO+8b3snbtZaX66s8sjjMCbGj3BGYcsQCCDkZGMYyO2MknOelhF2vuaLaoQMAMjHzHHIILEEYB5J+92JHQNbxuAI0DMWJBOBkZ7hsEADjgYJ6Dk1ILdZckrCCpA3cc446E/Lz1yMEccEcd8cI01yxjpyu6s39l39fRdfI+cq46o787la6d7O11brfZab6trdqx9AfCb42XPhLToNFv1K2kEiSRSREmREJ+Ybh1+XqD0BPHevu34Y/E7w54zvWt7eVJLogSWQaRhI0pGWUIxA4wBxjO0Y5r8mobXK78hSDtGCAWByTnOcA8j+LouDg17p8Fr290jxloN5ancV1BI1tt5DFXZVJO3GccYyCDk8EdPYwvuRUZRTfu2kt1ay2WrWvZXsrs8SrVnOvGSc2vndtuN2kvuSWzS8j9e4dPihDypHElyxBkZ1QNlwc4IGcZ3YbPXI6jmhOqmRANsiIpDb1JUEk54BO7LDgdACDwRzWbVIJpPtJkIYIgeJi20u4UscZGdvb+6QM4JqlJchZUk3AgAjYjfKCxGFYhhwAeSRgDpivThZrRpLRpyatpre2lr3Wm99zX2ta+z3tq77OPZO197Xdn1LZW2EcpDspz9wghSQxHUAHB6j1PTNOaG3ZN4LJtjwQAcNuGT05zgnGTnOeOxz4Z4p5VLOEVWdBHtJ3dM5zk/KCcHJGRyMZFalv5GNu5iyupjifnK5GTjJPP8AD6YGTk4G7UGov3dt93dJWtd33bdrdl0IdSrZpRkrtb8zve3wpJLs3e29k1Y+eP2ltq/CTxEYo2Qr9nySMhsuOSRzyOSOQVz/AHjWx+yPBGfgV4edkVw95ekKoyR+9cg4HXoSeOeMHI4pftPzpF8IvFe4xpHIIAi5y28yBSQoJJAzgA8lcHI5Bk/ZHvoV+BPhZBPFFKt1fAq8yAsfNY8oxBweCCQAc5PJ4852+uxd9PYylZWSfvx01bXS+yTve1nd91D2n1RqUXK9TRqLva0N9HotFe9u3Y+mfIjiiIOzLhXXIYHLH5owcEkr0AyMEZ6YpWtgy/KoVigUAKTnBwTuxksCTghtw6+whe7splLG6twYgFwbmMZYgA8k4BHOD165PzEmKLWtOWUI+p2MW1mRd13EX2qDuVhux078cZPJya7nVppRXtGn7raTV0tNHbZ2bvv5p6Gao4iXuxpzd3q+W9k2lu1fy30WunW8sDMVxErMNqZPVCM8tuzjPTOBnrnJBqJ7ZjvL7N+c7ipCsucH15Hr+oGc1W8UeHYwxOsabGysRj7ShLdCx4J7fUjb0wARQfxp4RVZWfxBpiBMrsa6Rs5I3Z+YDdg8HjGfXGc3WpJu9VJtKz5mtPdtq1u1dtvfddLbSweIcVelPbSya1sr9FZXfTa3lc1lt4w0iv1xsV8MykZBGTnGTgDO7OcZPSlMK/I2D5YJLfe3Ngkdh1yc7cbevU1x0/xE8CRLIB4lsVAAAj85eWJydrZwcAnBOf4gAB0zz8Wvh/CrmTxFbSGMIvBDNnOXxgj5gR1CgNxwOaPrdCMf4kXJK1uaN0ny21lK68790tLDp4DGuy9jK22sdXqn2snd2b6dfP0RIFBJXDKGB3FSpCkckHkYz1HBYc5BAItx2bNuKgbMrISwY71A5weuFP4nJGM4x5Efjf8ADi3MiSa2jtIzKAVPCgryMkqMHHXnPQ1J/wAL/wDhjFvWXW8vEPLCFGO/nuDgD/PQmo+t0uTWpC61aTWrvF21d7NPu73fTQ3jgMSviotXtto9HG1+1tr6PfZ6L1ee22o/lE7ikzDCDbxGwADHgKeehJIz8w5I/Mn4AyXJ/ak8SKUJZr/V1YRnALGXIOQeg6k5wexJwK+yrz9o74ZwQTs19cLD+8Q+WMsSyMq7QRkdeue+ATXwf8JvHnhfwh8cNd8eajdywaZdXOoPaAq0hlE77kEqpls4749SeMV5tavRqSoe8pcs5Sbvok7Kye+u76t+it30MNVp0qz5GnKEVG6d7rlta9rrS1vL5mz8dtZluvBXgH7X5rSobjdIpwvLKRsxtAHDd8c8/KVNcx4J+M+ieHtNfS9Qh1WKHyQkrWcwCysoxucEnIJzkAEDOAMKK6X4v+Sng7wLLdgXFsHmVsgbSQQMLwORgDBGB1xzx4mt94LKt5mnO3ygH7wbODkk8E47H5sn8q+U4sy+hjsVUhif3vtKdN3V9+SNrdVvfXstbans5HiquFwsJUVJOMppWs95Wd9HfdXa3ts7M9pf40eEJWEVm17aQ30TQ3Et5GXYZGQykAkcjnt2PFfbv7G/7Tlp8P8AVvFvjKxtBqQ0Hwx5KwiTypHkhctE6ZwzAFSWToQxAr8ltY/sG6SFNISSEgtu3tnOT33c4IztPXIOcE5r6F+AttcReGPHn2YiI/2FPvmKqzEorH5h0JUdOoGG5GCK+Jlwvls8Hi8sdOboYylOnVi56yjOKjKKaaaum1e61e/U+roZ3ipShWmveptOLUVa6cey200VtXppoz+lH4Z/8F3fCWk6/q3iLx98KrfWrrUPDdnojO0sVxcwQWaLGHgabJRiF+4hGOf4jx8Y/twf8FJPhh+09ForaRo+s+G7TQNNuobG3m1NzOt1cqTFko5P2eJ2B8r7m3gcGvwBOuarE7+XLA7eZIMOiq+A+M4cDpg9c9TjuaqXeqahdRsLhYYxtbmJFJPHpnGcYAOOOwHUfkGA+j7wLleb0c3wWBr0sVh6k6kL4mpOnGU7c1oScopPaysr3sfQS4yx06M6cnBupGMG5QtaF00k1orK3d26qx93fs136ah8adP1Mag2ob7S8me5mkLmSR0KqpdmJO1QR0zyD9P0C/Z98P8AjTU/ihcQeD/HumeCpdR8UXDape6hKi2UFrHulPnszbG8xflVGJ+YHIHJH5O/stXqr8QNC2yTERfavN2goMGM5GBjKj0Oeh5Gd1ekXHj+DRPFHidf+ElubCRtXvEaBLmSNAEldlDFWA3c8Y6L0zzX6fnXD8swyerltCVOinBUuadGGIgo2jZ+zl7rV+juuZdbM8OGISqQrOyc5XclLro09Ve93Za6WWrtp/RZ4lTxDrP7Llp4l1/4261NLF4/8a+DTcW8lvJYva2VlNJHY6bbo3mpbXkilSSMAPkEcEfzG6kFW71xmmMnl63MgdslnK6k6ZYDABbGWHXJbPofSL/43+JY/CNt4S0v4hzwaKmty63/AGa1/K0cd5MhimniWR2AlmjyjkAFhknnJPiF9qduy3Oy9triW4uIbgLBKsjs73QeRmGSxdmJY5x8xGM4r5jgPg/FcMSzGNWvTrrF4x1qTp0Y0Y06bfuxcYKMU/iWndcvd+hmOZQxtPDRSX7qlaTTum/ctsl1vbay2Z6l8cc3uneGQsiqqJbqoAYYP2UHcdvbgg5z15GcGvnqOxLSyDzQCgKjjClsYJXAGT83oMA8DotetfGG/AtvD4uHCIYbcxksFz/o6gnjkZ7kDk57E14vBfxPLtaZdnIAST7zEhsk59MLkjj9D+l1k6dRpSTk0m7q3NpG7tfbuuz2djwnGFWMW4crvy7PVpx1vqraXu13WxrWdvPDqOmNhSovYh8xIB3OMeueo54x2OeD+lekqNI8FaDeSzw75hLlTjIZwQAO5zwBjjdzxjNfnDbNC93p5LNIRf24CjpGCy5BYcDt7ADPGCB9cfFbXptI8A+F57SZrZ1lxvU7Wb5DkAO2Auep5yB1yFrix2HeNy2rSvduUZLvpyrZO1tF8kkttfSwUVh6kGvhafM72u7K2zbdtbvzWu1uj1WaGdnEz26tuVmlLlWKs2QrcYwQBkdOCa+Q/E2q2x+IeoC3EYiVI7VGg6FmYIRuXIxjOSc+nTAqnqfj/VL60aCTUkO4NvCFRIOcDng5PTGTj1Jwx8ssp3bXbGZnaSeS/iaUswOQXG3ODjoTt4467QOa8vKsunhJXk07pJWvb7Ktd2VrtNJa+T2N8RLnTta0mmnZvXTs7bJN20Vran6YeFbYReDNFWOIqsNxIGbH8JIPJ42sTyMg+vUYrZitZ7y/8w2TvbRxq0pCs6KCP4sBsYHJ7/jXUfCqfwzN4d0q08X6rY6LpcniHTxdavdsEggtWUeaMArlSuA2D8uR7kfUXxNuP2etCg8cWHw28Y+H9UvPEej6Pa+EXi1KNYItSgWN9Tkd5HHlh1SVgZSAx4U8187xRmVXBZtGlTwteq6sIvnpwfs1bkSTlZpNv7uum/sZbSp1sKoyqxgoSfNeydlazcdE7tJWS1bS0tZcF+y14H+HeuT/ABV07xx4Ki1LWdS8PX9zoF1exSu+m6fZwOTcWaom1ZZ3SMqz4HBxnHGVpnh+xi+FmiMjAQN4guohbt87wxrO6KsgI+c4AycgDkZwTX0Z8NfjL8GfAvw/8deKfEWraDN4n8V+CP8AhCfC1ro99DLqGn6tYwmCaa7h3ny0vTlhMo2MBgtyc+DeCtQ0LVfBvh2x1a48q3l1O4luZbcBisjyO2eCF3MxXDBsHOe4FfH5JWzOrmWf4yrTxtOhGphoUadVzdP3KVpOhGS1i72lyXV+t2fV4pYKnlGFoUalCdVxqfvI2U0pyUo89rNuNutrJ2PCPivpenR6VKsUaKySxldqkL82Mgrjg5BycY568Cvm3XrdIvD1+AkYBubAYyO8gPOMnv0JJ5GMCvsX9onwxZ+HPB9vrmlawL+G/wBQjha2dSZoF3fJnOeCMcrhu3UZHxJrc1xJ4evlJO83en4XBDFC64JXjO7jGSfc8ivv8lxbr4Z1GqitNpqaakrOK6vqmnqnpfTU+HnGUcRa6lyxjfb3vdva92rNeWnyPo7U7K3k+F+hOoV3F6oA2nan7pSwAPbAzkZPGNp+9Xj9xatHIPlKRHhsKCDgZIGRkk9c+h6HpXq9/cXQ+Hfh+3SUFxeAMhUqcGNSDyO4HB4z+Rbg0MjRMrohVXJQt8xz2Bz2xgHA2jLLk9D6uIlqtW7JJba2S3ba66O+/vdNV1S96y7XTaV9fdvrbpfXba2lzzHWLeF9U0fAIC3aqWZDyeBgHnJz34wOgr7y+HVlJbeCbuYnayXaEEk55CkLk5z2x8x9eTyfiy8hS5vtMMrgsmoJhUHGN645xng7uGyc49Rn9Bvhro41PwPfiPcR5sL7TkHdkArj1GOcYwQFzn5a83MKqjgKzd0k4vXTTR2eiV9drK9723a6sI+WtTSXM7XWq1Vlpt1ez33vvZV9LurqKVFkREQoWyWwGJBYHAGzLA89MENzgMD4j4vigm1Pw/dg5Ztd1CFip2gIFTgHIwAeoBHUHIxz9J3Hhy5t4RKIjiCNlZsEk/IcAZycADnjaARj0r5o12J2fwcVJPn+I79XztGeQuOcDGVJHr2xivn8sqU6lZuCUY6pN9W4rS3TVa2b79D0a8WqaU09JReqV7e7ays7q6fre61se4fE7wpZ+J/+ELtzvJh0hVUlgUCsoGPm+XOSR34DAjpR4H+FXhzRdd8O6hIRJdpqC7Y3ZFjyyHnYMIeF53ZwQd2GBq98UHuLKXwX5cwjaTSlG1DjkZABA9CN2eO4XHU8l4XudVuPEehh55CqapHs3yNtXaeDwcZJB747YGOefGKv7Os6dTlVp3STTte7s7p997LXV7MiCUa0IrdOOl0k78r28rrdparVbDfAtqP+Fs69HH5axR6zqO1VC4JBkHOeMc4A4xyV7GvfdK0qx1TxJeWl7EHjXQdaKgRqwDiOULICVxuyM7sg5ycZ5Hz98PYrqb4n62F6jWr8SMijLHe+4kYIIPOCDjqTgV9BW4vtC168vYdOvNSE2lX9kYLf92Y2uQ6KwLAjBLAYGQcEcnAHz+dRqf2XJKVpuhTTcmo9IXV3pZ2d9em92j0sPeeLhDlb0aSV9bcmi8rdNbJq6a3+5/Cnwo8In4V6Xcro1ldTQeD55HmuIF83zjAWEquq5coecscgY9sfnl8KPs9v4kFpCXYGfX3ZF3E745Jol29gSgAA9Mnvg/UNr8c/EOkfDy70yDwTq3/En8MT2N5JNcqsMaSWzRC44JYkMR8vqc44NfJ3wId5dbjv5T5bNc3cwDgPITdxSylDxjaGY5HcgfeOK+D4Tw+NpzzSpi5KUatROl78ZrltKV1yydr3b1t1V9D3KsY01FLVuVnd92nra+t9rtar79nwxCJvGunRTRSxrHrbgFuQwNyeMD+IZwSCM565zj6p/aGj8rw/4YSNBhr04BXknb13Yyex79M5PfwrR5BF4xsJJfJ/darNKQxCsQJ8kt0HGOp6HPUV6l+0F4ltryx8M2sc8bSJcO7xxSK4RSAFY7ScEg5BHJOVPGDWObxc8Xh2lLkjCXRa2V0r623s156W0R6NGLjiMNdaNrmklbZxVtLrbfW/Y4fwVG7RaEcquNW6ZA5zjvxjkYAPPI96/rp/Y6Vof2bfBwyB+/usknPzeaOM4OB1BIOMYAwCM/yK+BJFdPD6+urkjOQQA65OM7ehGeTypAOeK/rs/ZFx/wAM3eCtp4aS5IJHBxMOM57Z54xgdM4Nfxh43SbqyjZWVPESs3qveo/q+2ytqfrOJSXD+EfWWMwsUt0koVP7vTRbbrVaH0C9y53ZLdSMAnBPPcc4ye2cYzwTUZu3BAA+7tG4NuJ5JIwSMbeoySOvDYzVR5SSQCAQSBx94DpwenQ4PJGcYwRmq8h3HOM5PTIJ5B6DoCRjj6d8V/JtWvK+nprZNN8lt30XeytdPy4IYeDjdRSty6aXveOr0vZXu23/AMDVF6oA3FwSTuGWH3ehyOc54IHbPB4xIt2r5zJgk4Gcg9sdwMYbkg9jnrWAZG3ANkA9QQCcDOSDz9eOMdjziUOw+8cY6E4zgbjtAHAJJ6gfh1qVWd9bWk7JPW7TSumr/Lppp519Xi+iV3q+VX+y3Z77K1tNLPqbJnUsTuyqgNgnIP3v16jGOcY4wcKboKGwQcDhiT0HIOCCOC3THc9R1x/MRsjcozjPXDenTn6YJ4zgDHETM4ZsMpGVyOxJ7ZJ7c85+UZ5yKl1Yq2ttn1emjtdLqn59na9lmsKm1+Cd9dUrpvbXVbbdbG+twOV+VsLjgjBLKOD0znnrxk91PMiXA+U5JxyCvTOBk8DcANpzyuCcngYrm1ncklCeG+Ziqjp044OOMjoM+nSpvtM4OOxGAB0I4JJyCAobkgHJPGMdUp2aad1orbO7Sbb632eq2uyHhJx6JW3etrJrR2bafRXaTW66nSrODliwGf7pOW6Yyeo5+n0OamEoz3+XqSCSFx3YnGeeuMHptJ5rlheTJtwvRt5yMDOORjK9h06Z6EDNSjUZNpyo5bpnIUfLnO08E5OB2P3c4zWsK80lyvXaVle1uVdG7W5Unpv5ownhZO2it0Vr9VqlZX+Wui7a9R9oGApZiWbgk4HXPQnjHHXjAyfSkM5XGSMHuduAQevAzx39ffGK5w37HBweRjk4AJ4zzxg7SexzkDA6KbwjaDJnnB3cL0GTnaPTP+0cNg4zW0cTNK8ndbPe97RaabTts3b1tukQsK1tFWWnW8bpbOz1tutFddjqkmUYbK8jJA6cHK8f3ckH5cehORmpzcryFZc4U8DoCM8/NtBwcY5IPbPNcd9uAIAJz1z1XCnkg5bdtBA28knIPAxU4vs5BKgk4XAHLHHTAwcZ6cA+1axxT3jo7Wu2m+Vcrts7vp3/AFxlhW7e6907JNW1Tu7p31b/AATR1Pn4x80fQ9uTxjjIHP8AeIPPJJ9JBcINoOOT0AI3feI5wc4JBOTyfc88vHdjAAkBPHzFeoIOVPtu7juvp1sC7YnCsCVGMk4wQfTsfXHJHGcYxtHGyVk46cqUur2V207det9u11eXhZJWSd299LpJp22uklpte+1lv0iXC5xkZwTtwccEgAHB4IwTjOOuRwtTCdT1Cg9mBBHqeOvYY47E57DmlnlZgVJHoRyB07n2znI6jPFWVmlHO88EEkEbumAMY5A6ccgdeACdY42Ol5J2lZvRLRLSy1t0vot+6Mp4aL3stVZ+ijq1ZXej2fRN3vc6BX7nbhc8E7Tu5GMZwT09up6GneY45BGecjPUnuCCcEEDIB/HmsMTNggtlumWznJOeDkD1+YkY9PvU/z2AIBIJzzyB0wFwScHj5iMduT22jj0knZJL3mpaN3aSkm7Xejasl6nNLC+8ndXbsm1r9nV3Vn2T5bbvV6m2JFwC2Rnk8k/KCflxk4wG7jCnJGcVMsq5BGVICgc8ZPU45AHTkgkDheTiueWeQjB5UAHHBz3z2A47AYwDxnq8TkckEgAHJ2qSSepHXHAAwCcdjkg9dPGc1tbtNSTu9G1FKPvN3unrHfT0MZ4e71ta1tNb2Su92+l30vrpdnTC5HJHO31LYJzjgYJzxnj17dKnW4VQVONrYOTwMjABORlsfLgZ54xnqObFwScMPukY3fMefc9gTjjoR71KtxkfNknuORk7cZ+mcHqS3P+zXT9e0S222ae1nd6+r/Mxlg0k9fedrNq2zVlo23fZeel2dKt0CP9Yy5GM+g5wFB9RwT2GfbLxdA7GRgDgE5YswPQ92756E5HrjNcwLoFcruU5wAOOnHOSMYO7Ix6A4xkvFwTxu/i6gc7WIznOeOTkdc9AMiumnj3F2drvlbemmy6dVe+/kjN4La+ru1y2Wuy9N91bS/zOsS7YH5WCgYGRkAjnk5zg44PH4Yq2tzgjH3eOmcjuSMdgQACASevY1xiXDDJVicEjBPTuC/UgE8Z5A55He4l5KAMHBOAp4UbjzgDkEnJGM4OQM45rro5nJO6ckm72b5rvS1rX2veySX4GU8E9LJNvy2eiae+yb8tPu7GO4GAAcEnHJIG3HU5HHTk5znbxnOdeG5XBHJIHRgRggA9uoB6Z5I+vHBw3kpJzjHJwcNg88jvgntyPXPJrbt7vI3bgDjAOCc54IAIBAzklcDgj2r38uzOtdWnZSWjasulku19FZN7XutjysTgly9HKO/R3sl0dns+l9UrO9j0vS5laF2JyPKuCOmc+Q+ceueOpPHP0/jP/aotRN8d/HMQQureMNVYc4bHnyEjJyMk/d/UH5jX9i+i3ZkikXGFWGdgSexgkGBj14J5IJyMV/Gf+1Nd+Jf+F3eP5NCt4bieDxZrJInOFBW4kIPvwerdefbH794X1frOe5HKTc5c04u6fLpKk2r73tp0s+quj6Lw+pOlR4ylblayzDO/RL2s9W+3M1fy3Z823mi3B1R9kAEZVpCWwR8hJIk7Z6fjxg5FeDa1FdJrU02xHRBKAobAB3MuCP7vXLdjgDOMH1K91/4kC+bzNHtPNMThtrqiENuBIGQi9SckAnjOeleTajceLXvHe70SAzSl8kSFMqDkDA4IyMZ+6RxgV/ollmOaowi4SXLTSSXLZ2SSt30t00vfWx+U5jgYutUl7am7zbbumr3Tur7rVeWu52/hiwmv9Nukd1iiNyjhS+c5ADd8KQGP3iSCOMLk17VHolmlrH5LKjCyBZ33AEgc4JIGWPGQeF45IrwTw9f+NI1ltY9CtVtmaNhmXJDbRxk9ckjgdMHOQTjotQ+IHjSyAsJPDtscRtFETKEz0+Yk4yASRgk85AGOnJiKzrVZQjFJ3Td5J3VovS7S0s9bNry6dFChKnTi+eEpWScm1vdeask7dHsraHpHiY3I+HOvWiwjZeRSFXXqywQsWYnkjGCc4HQjgV+UV5FbMvhaMlt39oamzY3nJNw45wPmOeh5J5AOQa/Rqw8S+JNZ8Oa7b6zpENlY2dlfeTKk29pHe2bcQoHKgZUE4PUE9K/NfVpr+K48PR2Ribbeag4aQEKjfaXGSQN3yZyfp64z6mTcsZ1FpbmhzNu7Ts7ptrRb7dPK5x5mppU22m+TXsndX2VtE7K99dkfVfw70aFdI1ktvXzNMvmUnIAUW8oAypGDnBIzjA7kV8nfDiFYtT16ORAAZroLIynn/SSAeFJPXjdx2719LfDbXvEAXUbW+Wx+zHR9Q8tkLYLrbybmb+HbnnGcscdOp+KPDmsamupa7JBcOgF3eFiqgpsNwwXaCc8E44PUYBzkD6J1YurSTikopJ263t10duy0tsfOuKdGorXvJJWaevu9bLe9n8m9j6i1iNX8CeJHEfItioZs7TsRu2OPmHIA6dcDGfmL4cRwyXuoRsF3PGiq3mBRuJX7p4ywwTzk8Y5Fer6Lqt7q/wAP/FP2m7d0iW4QOxwW2o2A3QEkg45yDwBggV8q+GdQurMzyRTOpaRcYkYDKseRyTknAPGF+uK2qzjZSja6Xk+Vuza0t6Ntbr0Jowio35ZXs0tVb4ea7el2r201vuj7Pv8AR7G38Oa5tmjkzYxvLuYBkbAEg4JJG4/ifQYFeUaBoGmXdxCI7qSNlTJ28De3OMjH3ee4HXjkmqB1+6n0LxCsksjH+zI2B37j1BIO7sTtzjnk5GTXB6Fr1zDLH/pLAHBUb8gfLyDzuUnvg5ycFSM4mNRuad4tW0+XK7tp2V/S9+5o6ScHFTavL7LTad4LRO1k3pfrbz19j8V+GorXRYJIdQdmadiVdmOw5yQMY46Aggg5HTjPhOpWN6rSEbJkDHC5bJ67dwJzk8nBzj17V3Hi3xFM2iWjNISwZgu1yWzuBJIzweegHGD0wa8TufE8sTuWY7wwPLNtPBbGGxghSB34PB4rHFOq4t9HbRNd0k91v2s09fnWG5VpK7ta7SWy77KzbtpzbXtsV7u5ubd28y0ZCrElQSQVGT0zg5GMN0wQeCTnHfxJFEW8+zZgB8249uNwBb7y8emT3zxtbeeK/NV8upboQcdzghSe3rnoenGa4zUNdilEoK9chsbRgjngqT3wc5BAPTrny5xqTimm7+TtqrbPrbq7addbpd1NwTk3azs1dK+0Vayvr1aW7vu0dS/ibSJNwNpgt0wcYyOCcjuO/UEdRxTE8SaCrEGAhlGGK5LHrycjg+g9CRjBIHklzqce5sYGScdsYb1Qg8jjA92HtlyaggGfMJDAk9QRjJ67cnGOeeBgk9awdCXK9Zap8q5krXaa169ev83urZ7aSi2lHZO1mrpKPS2t77fM99g8T+FVXEqTR7SNpzknpuLYz3GcYycD0yLY8R+DCTlpN5yT8g3KSSARxnj39s9yfmuTUQQGEhxyVbILdwCScsCCBjjII4ByKrC/dSP3rKSf4Rj0Azt29j9cZBzwCRw7933paWvZ6u9lr5fPRap6Gaad2uS/lrbbTVed/Pe/Q+nT4i8Elj87lhgAlckkYBzgdeRg579B3sjxH4GBAkkZcKMRgA4684wcc/d7A5PbFfLhvyAvzMSCTxjg5yCcnp2GAcegBBqF7x2IYOc9z3HQ9STkeuScj8aUsKru7bu1Zt6pu3k73ejtf5IPbcr+x/mtErq+quraaX06afUy+IPABIkM7YznAXPyjgqAAcnruyT35ORh6+Ifhxg4eRmYHsAB05x+Pc5AwQR2+VPtLALlzh8n+H17Y6H16E9sZFH2hwQwdlJwdwHCqvVgSCcgjp2brgDiVhYpXUm20m0n8TdrJWvqvJb7tI2jWm9E4td7X3Udr9bW9U7q91f6tGufDYku00ucABSBlv4SeAwJ/EkcHnGTbTXvhqhDtK5yAAApzkA8nIx244+UZx1r5QW4bCjc5xkglTz7NxgYPQEAYwRnBNSrcyAkFiMBgBgEHPXg98EDK9qzlh1d6y15bbpLa/RW1dmorV7GinOKTSi9F00fwrRvbRb99fX6pbxF8NlLOJHVdwGCvTPG4cE+xzwSc471CviX4aru2ySsxBHKDgknnHHHTPbkcjt8vmZmA3M2VGRwOmOCclR15xySNzHGAtNEkjYIJDfNwoPAGOeRyTwckZGOPbJ4ZXXvPvZu1/hbSvt2s3zdPI1Vd2aaWtrO1mlpZa2Wi/4Nj6dPiT4eKzMDKeRxsz+JIAOOvsOOmTkHiXwAW6SYIwBsPJHIzhecE4A54IAB5NfNiysxAYnPLArgFjkAZ6jkN09evQ1KspIIDHPytjHIwOu7OQQDnI656Y5MyowTtzO69U1tdvp3s1deljJzk1ypLZR21a93y8tLaX06K30aviXwDuJ8uVccBWQEBgeX4UgkdyeMDocCpl8VeBFwFikBZsl/K54BwBgAAHOSevQ5GePnETMFUhiysSPu4JwcegY444OVx6CpllbkEnaMYJBwWIJI49zkjdkZ4FDwyctJSs1t3vbW7tu16X284crJe6tkv8Osdvmk9La63sfRJ8YeD1G0QSHIPymMjDMfQjHB6kY6dM1GfFvhNCC1vKzEdNoUjIwDwBwcYA9O/HHz6Ji2P3jYxuJyTkrwVDc8cEADIBAHAXNWkmfAJJYYI5GQu7jCgjjjnHQY7UfVopNtz17y+FXWr02/G1xxqNauz73tr8N9b6pPrfTazaR703jPw0MCKGQHJIDEDsBj1zu2lipJPBJyKgbxbohwqo+TjnnPJ7+oB5PouO3Xw5ZpAAQSAdoBOOMryuc5Az0we5HAIzOZZOm4k4AJAxjvngEZ5wAMHkD1FHsbpOLk7NJ73V0rW0StZttu1rK71Ic5c3qlZKytqnbrb5eXds9nPi3T1O1TIME9Xx3OAR6+nv8ATAaniq1V8h5UGPvFuWPoP9k4HQd/lySceOiR8cPli2eRyRjIOSOAckkZznGcECjzjwxcs3YkZxz1wTxnpjJxzkCtqWHaakpNXStZWtor6/np2bRzSclpbyvo7u2q0/xK9mexHxeGPy3UoIYj73IAyRxkE9gPfGO9MHjK53ZivpApY4OW7d2GeufpxkeufJ0ab+/nKliAACVDc9QQepBOCBkn0NWEPIJY52jkgYzng4GRyTgjBAIIGAMV30+aFrTd97q6Sdl89PNt+pxVYqSS2b1Taer0bVr2fXS999ND1NfHmrRYWK/bGT0AOFAIOT6D73qcE9cUf8LG8QQqcX29QMbS21csePl4zjPHAH4dPLBkAHdjDYORgZOQeAScYOQDwcE46UzfgEM2cMOqkgD153cZHABwehyK6I16sF7tTzs16K6utdtttNEc0cPGV+dLsrO2zs73S3autfheytc9dT4qeIY9rFxIq7QDkAHOCcEEEdchvXPJrYg+MOprtMkMZ/Mk4HOCCceg6qcg5wMnwsMucBiQBjuVyc8HjA5OT9c9BSs2eDnpggELnuctx26EEHrnmumlmeLpP3aj10d1utLX1773dt/mPA4WUYqpFN6aXSS0XnfdNuz0j2drfQUfxoSNgZ7ISD7wBVeOMYAAI2qQcHvnpWlb/GzQQD9q0lXcnJYIoOBzjpkA7cjkk/oPmOWRuCPlAOCV5GOoBGeMnAxgAc9SarOzNjABbGMAgnAABOSOg657Djsa61nWOS/ix32cVvdaWTvdebtqtOgoZXgb/wALa3zTaXr0v10eu2n1sPjZ4PZNsmiRAHBLBVVjk8kAkkcdM4x2PdbCfFz4cTnbPobfKMkqCCeMjAI69M9+vpz8dktwThV5CgqR8oHOMdGyT7HOTyc0qSP1zyMgYUe+CeQAB67SfTniqjn+Ohrem+/NF6WUXotdEkndaad0illeCk2vZtXu421X2W1p5bO2r7tH2UvxG+FEpxJpVzGPvZDkjIznJ5IPXjJ6noSDVhPG/wAJzuK295EPVNxIDemfQ4GOuD04zXxqrnaQz91IUBccHAwcjk8kjoeCcljVyCccclSCflHIIPGQBxg7cgZIBPocULijHRa92lfTRRaaa5b66XejfyenUaybA6te01atdr+73Wq6d73Wh9o2fjj4ZKSsf9okuQQGJOMYwD8gGOhHU/w5xxXVWXjrwCzBbeS8Vj0LBmXBJJO3Aye3pzznBr4etL504DY2kqGO3ABIx2JXjjnGCccHgdnp2rPGUIYEqACVUEemCOdxPXPzdcg5xnqpcV4q9pQprbRJq9uXz8r99LbBLIcHJLlcr76t3Wyb639L6tab6/dem+M/B5Cp9smG4bSdrKRwAOBtHUkg7ecfMOTn0TS/FnhdhGYr8gjsFIJBxtPI547nPUjkjFfC2k6xG3LlB8oxnaCxGB0A7se+M8dflavVdE1W3IDkKpODtKgqwGdxJHQj35OAOnNe9geJq73UXdxXbXTa7va+3q1dLU5Z5Dh7uKc9ErNN76e7dpO//AV9bP7b0vX/AA/IAItTjU7RjcDwSc88ZxkEg46jrmu+03V9HchV1CEvwN24jI9cdQT1ByB0I44PxxpWo2hJGRzgEqAwUnBwDwCOSST0zyBzXpOlXNsWjw/zKVzgY35+bAGS2R/ewc5z0FfRUM7lVScowd7O97aKy0d/N31fTocEsoUX7tSVlbe10rrlau0tlfRK9tdj66068sHyftETY2jIYgkg4XGcZLdCCflA6L36yzMDcq0Lhxu3B8bdp44B5GeR39a+Y9Lvoty5eRXAICjI3kdh/CDkDIPXoG5AHo2lXjZyZZVIUMsTEksD1wR8uAByM4PynryfQhjlUXTZpJO+9td/O1vVp9nSw1ShKKT5uRP4r7aaK2l7dr26Xue720UZXKn7q5BJO/PAJB4JHPsTjHU1ox25VgwDNuIUjdgowGQo5OegJPY9ehNee6beyEBvOcgYKBiQcD1z35zzyewrsbO8kcjH3gQVYt8p7MByMZz1zgYOO9ZyvNaJ/Dd26c3K17y3t92t7HoUpr3ZWabaXRrW3T/7bppe9joEVkIBTJGQArAEnghuTk845Ocdccgl/mFSpfA5GTwCGUZw23J5xxgZ/nVeOfIUEiNg2A+SSRjJBxjIOSV/Qmp3lUqAdpxnJwQxX1yMYPXp2yOM1wVqUrXSd7p/3dHo/S+u2vXY9WhOOjs9LNJ2W1rdVbS1l8nqmEku5WPAxksCB/F0zk5xnPc9ScYFQNsIiVRErYYHap6ckk4HzE4x0wOvOaidxjblgGIyQeADjpyxDADDEfRutSIyBRkkleg4JycYByCDzznjGB2AFeHXjJKS7u+lrbpvTXS3TqvLb2sI43u2rJ7dbXj0776JW5b2vZE0VuWL4hLAhQuFJyVwDx90kc9ScgjHoNGCxzkyQFhIowWjY47cKoDck8+nOCp+Wiz1H7OoKyKpTBAKjJZv1znOBjaRnk546K38VTQYBWGRCVwssSYGANwXODnOCc4x1ycGvBxDrJtRg5R636/8C1rteTWx9LhYYKaXtKzjeyaUbpP3Xb7Kt6LRWstkZIsFGS0QXCY2srZB42nDA4z14ycMSc1Sks4ScOHQrgAsD8xPGSM5+XAAOSAMZ713cXjazcoZdOtZBtG9zGoOOMkA4wcnqeQD3wGrQTxR4akYG40eHnkMuxRt+gyBwcjPUZ4ABrz1VqKS548q07PpHW2u2zdtFq9j1I4DD1FzUsTF6aKSs27xtvfvv56OyPLprZGbaFZFDrlmJ2M20fKOQcYyGHT7xxg5qX7PGpKqTzwhG7aOcsDnJ6ZwMHGB2yD6pHqvgm5yXtjCp43AghOewU5+UAc7WPYZ5K7ljpngm+ZfLu/KDDlCgGwDA6kZwd24jJyDgYHFdEHTnZXir2Vl0s4+b1tba3XW5zVcvnFNx5Z20Vrvm2v3tp6ep4S8YU7RggHcOpJ2ru654AwdwwAeMnGFpplKrjKByd2eox3UBSeWPy44PPPIr6gtvh14Uv8ALR6pa4b5VUtt3HGCdw4ye/qDjnJzpxfAa0u0BspIJlyApSYcgkEEfOBk7T7Z4B6GuungJ1X7tSm+mklp8N27p9G/x2R5k17JpShKNt0lLe8W3rdJ2u3ZvTzvb5Du7t1ByqEthSisQCCe3OA3TAx35PAzz1xMJHZWVCCOFYZKkHAORnJxnGegxzzgfbVx+zhfOMRWskgXHKgOxyM/w5yBxwDg+nUDnLz9mjV8b2srlTk/KYH4PqSCDkDcencEEYxWOI4exVTampJpXaaafwv+6rddU20r6E0sdQhpzdLJSSuleL1tZ66Lo7beXxbc2PmEuVXoBtQ4YEn+LJJP4cA/N1IIwrrw7PKp8nglmwrgZA+bnJxySWyR1z2JFfYF9+ztrEZLxeapBJ2lJFdQuecsoGTwOOjZ6ZY1zdz8EvEMIHluXUMcFx0x0BJIIZh799o6A14lXhvGK8ZUZ7WXKrae7u+t9Neu/r3xx+HabU4/NapNxflrq9Oul3uz4x1TwXqqoTHYtKQDuKDG4OWIJALHPTBA6ADGMZ8m1/wTqojdpdLvE5bhbdmXDcr0UjJHQA5JIIA7/odN8M/FFqxAtpPkIwUZixAPXJyD29R3wc5MLaJ4gs1AuLFpVj+8Li2Eik4xj7hznpk85A65GPFxfClStF89KrC6td03JWurdOnTW2100zuw2ZunJNVI+7aycul1yvqtH8+2yPyM1nwrcWcrM8DoAoJEkTJtBPBOR2A+bup4PeuXNksbtuaMkZw3JJIJBCjsQMgZHVQAQM4/ZmXStLu1K6h4U0i8UnBWWxRHORkkll6jDLx1GcDArk9Q+EXwq1rJvvBEEDuSSbJ5YcE8lsJsQkex9CcYzXyeL4AnNuVLFQhJvSNSnKOyju4ppa9dtHp1Pco587KMqcmtEnGcf7t+qaW7utrt92/yQFqoAUAhgWwyhcY4GPlA44JIOOoye1PSMqwOHDBSw6HA5BKk8Yx0Vvp2Nfpve/ssfCDUd/2Vde0hm4HlOZUQnqFDH7uR82fu5GRnGePvP2KNHuA7aH47vYS2RHHqFouxRzjO1c4B67R3yeua8OtwFm1O7pqhXinrGE0pPbVKSi32trd6vU6Y53hZNc3tIydm3KF0tVLeLbTW2+1knorfBNuSwBOQ24kHqxwNw6Ak5GcgnB9zjOhEZmUlRuJJIyoDkDjJycDjJ5z6ZHOfsO6/Yk+IVth9K8S+HNRXACCRpYZXzwfvYUE4AwuBkjovB5u7/ZJ+NNg7NBoFpqKqOtpfRZIB6qGfJzkdgBzyOp8DE8JZzSeuArtJJ3pwU19nXSUujWu3bdW7qOc4KVl9ZpJJLSd4u/u2+LS/d6a6XXX5oiZwfmV2JIA+pxgMe+OeARkEEjpnagc7PvOf4VGTlDznHXDc5zxnCjGBXqd78DPi1pJcXngTWFCnLGBRdA8ZIAiVsjjg4OMkHsK5iXwT4ssA7XXhbXrbaxBEmnXBQA9eduSeBg4GOcnGK8LEZJmVNWng8RG2jboTtsrK+ie+j+S0vf1IZhhJpclek2rJONSN1pHS107WbstXbyvfPtnVySwJOcFshsFVPAGf4jnIxggfhWtCcAMCCWIPGCcjI5GP9kZz6Y3HFUjY3dscTWl3btwMy2syDg853JjIJGckZx276cEJDAAksVYeZtwy5IGCpzgHHIxnvgscjxMRgMRBtyozvp9l6OyXVXs720tr8zupYmk/txle13dLdrb3tW9Wrqyu9o6GhbOcqeh2gEkEDuOcDJJyCOAP4SMZrr9OhDEbBnIC4IOBnJJJzt44Kk/M3fjGcjTdPeV1G5GwehAIGepbBPB7gEEYwRzz6TpGiuAgyMcb9uGClugO4k45IJPC/MccZHH9UqvlTpSWqSumr6qysnay1067aXd9liIpr3ld6aWfa2t35a2S+6z2tHtw20EKpU4CjJY4G47cEe7EZI9T0r0TTrXcU4KL1yFAyBjJIB4yRgY4yMDHfP0vRSNmFYEhNpRdzEhu+cYP4jk4xjJr03SdH4XKnJCqzYxux8xIBJIIbjA643ZHSvXweXSil7tndabapx1to3u9fVNdDmr1VUalzfCrK7sn8L20Wjtbv2uWtIs2UoVyRnIcnG0A9BnJAwemdxGDwDivVtGgfEZIYEFSg7YJ5zzzgYx6qf72DWJpej7fLG0gFsfN6beGx+B49Ow7ek6bYAGJFXBXqwyMc9CMnqehBz2z0FfVYHDOCipQey3Tvrba68+tuz2POqVI6+8na2l23fo+93qtb6762Ol0tXG0KGUAqH5JIBA6EHgg7RuyfTHeu2tLkxbepJ/hJbnA7c45PBY8cnjjjnLO32EDaQVIGFz/AOPAjjnuM9OwzWyi9cHODkZGOFPIzt3DaDweh6nIr3I0nGN3Fx1i9laOitd2d+lkle927WV/LqNTlolfZ+eqs1G2mvRNvyWp1CanLGPlZlIUt97AByCwAx0A4HPuPU34fEmpxHdFO2Bj5WGQQQAe+ST+fOPugkcoHA+XOFBAI25BHA/2uD1YZ4I7kAgLrz1UqecnA6cZx7E8429Oh5rGrVqQV4zlB3v7ra6q2l9F20/CwqVCEnadNO9kuZNb2V3ok72srX2e12d9b/EDUomVHhhkK7fmIALdwxwBlhznng9Oqitu3+JuGJuNOR8Z5jcDAAycAnBO08Y6Zzyea8eedCSdo44z0JJyO+3kHOCw3EEHsBSecpyQQQwPJAAUjjJxgdDycZycjPNcMsxxtNrkrrR25dHZK2t3fTS1tlfZNnR9QwzVnSSTa5rXTburXtdb+XU+gLT4laG/N1YzQHsVCFST1JHJ4yeuDlsnrmt2Dxr4NuciS9W23EZMsKgc4wMgL0GCBwM45OMj5bmvJI0wgMmFJG1iSM8DkHk8HP8ATJrk9Q124hDLJHINuWG6PhuCCAQAB79MHOeRxyYjiLF4fWqo1OVL4ot3TceqfdXuuulupUclw9W7jKcXd6qfpbS3qutr2Pu+K68JX5DW+qac4IGF87yyxORkjPB56Adux4rSj0OwmBFvcWTg/dCXSM7EE8Bd3VRkgHPHTONo/M6Txu0bkeXNGycKysVwc4GcEAZx2zzzyDtq5ZfEa6tyGh1K+t3BJXZcOCD2U4OeOcZyCDgbTkjzY8ewpT5a2CjPe7hJxd1ZPSUWtHZ9PTS6t8MS/wCXeIa2dpR5t0lu0n2tpd3fY/SkeFJUClCcEg5wGB54wQSMDGcDjB+8ecvPh+6hLnBfgfKFcZ5J4AA5CgAjgYweCDn4N0r40+IrXa0Ov3gx0WWTeoIGAct1Hbr2IAzk16bo/wC0N4ngKia9trtAeRIEB2jru2krjjnb03cYJ49/Ace5TKUfbU61C7WyU19ldHe2+vRWsediOGMcotU50qjVrRbadn1tr8ntdrXRn1nbafcpwyTgheMZJ5AyBgncQOB6+44rpdOieMp80pbIJUg5zxkZ4PI64/TGD4Nof7Qv2llW+0+2lBUAtDIFPOc8HBJ6njn1BGM+vaH8V/C2pBEnt5bZwMncqsFznnKjOAM4JPrnHUfZYTirJcVGKhjIRlorT92zst+nXXW2mnl8vislzCk7zw8pJO6ceWSbSS0Sadr31WqaZ7z4ZaUbRuYAMpOXPJyc7cnp2IABbkH29m0mRllTIfYFDEZxlwOerE4HzDjgj14NeH+GfEXhy9VWtdRgZiQNrkRsoOQFByOnQnjnIHGRXvGiGKZVaKaCYFVC7XRyowMjhj2PGeQRnvz8TxdSwmNVSpRrUppptcslK7SWve0r3burbWurrqwLqUko1Kc6couzupLT3U9WlvqlvZp3Z6nok8bFBk7SuVOSevUY4PfHPBGTyM17HoEpDxENlflBz8rA8huCeSOMZx09yD45o1uy+WFBOMD7oOc4C885TPfjG7AK4r1bRUZNuWAIbJUnkksAQuewwRu49Oi5H4FVw86GP5qcUrTTum0rKSd99emm+ru7Kxhm6hOhJXd+W2t9dIp7Xt3W9799vdtMkR4FGQcDHAJ65AxjGcZA455GOa1gytjPPX2469ieD164PfBrldFdniQBhuDKCrcnOCSMknqTkHPTIBwMnpSjdSQB0yoPPCk4BOCBk5HQ7eMdV/e+HsR7bLqLsrxilLq/s9ld3aelvV21PxjHwdPETivh5tOlrq+3RWsl09NiwPLzg+g7lu3Od248kjr6ZHNSL5a/Q8AZOOucEdu/Y8Z9aqEFTjkFSPqenbB4+pIwQwxziWMbtrHg/wAXAAHpwDxwcAgj2yBk+9GUkldLllqm7Oy9xJ6Lfyb66anFaV3ZW2bd9H8P6NbJvTRXLGeAMAgnuO4zyDgADBJPXJ6dyH5VeQAR1zx057c+5+h6ZwarAsATyOmAe+F7Y4BAbrnPPzdDljP1yQMYIGTt4Izwew7dcdjkcaU5x0VldfafVO2iv2u2rJ7Lsx62i3dpuzSW2z69baeelkXCQRgbeCTxxj254x3AAHU8CkIB4ODweSAeuQTyuc446dPY1VD4AHO3HQ5w3qc98cjLc554xzODxx2GATxnHYflz045HYjojyye0LJrSy1ta7d7bNLTq7siWl9JfJvV8qdtdnZq91077KEUEEAZPftnr3A54zS4BI6qM5yOOR9D1Pf61FuZQcnGCfukFQR/Dgn5SAOpwfb0bv8Au91J4GMncedw4GOemfYDOCa2jGKd4qFnq5RW70uuiT16dV6EuT00fld26LV2s9U/xdm76TgZY5+72PoQD/PtxnGR6ZlXBxngA4yMkk8YGCeg64AJwcAc5qAZ5zk4PBPGeT6dv6dR3K5Kg4YjqO2cnByOMZx04571cVC7XKnza6WbV7W2+XT8NCZOb0elmrST32fTbTba93bTaYqPlLMMncScDHJPAJ5B65B6dlGMBpAJOAwLNkZyc9s5I9OT3H48sDnp8xBbcQTnpjj8CecDOc/Qu3E/wjOcjAzg+vfDcg888ZI5wNVCHSKut7t91ZWa8ut72vbVgm7O7btZLZdNGuis1qt2rjhH1yR79Tn29sdu3XNJ5ajpjscEYH14/wBrp7+9MMhOVyM/xZH55zkcg5weOnbNKrHvkkgY6tznjvz+uDz9ZlCk2k4xu3tpps79lsvXzdiby3u09LtNeV+9/LpptsN8lcfdBJyDkD8OT1Hvzjnr0pojXI+Rc4GDgdOSpBOeenU+n4yb85B+bvyOhz6jg+/69CaidvTByBnZuGe/G3nvkd26ZOecalKkk2owva97R01inrbXq7WXT51CTulJuTs0vwv2697NeiAqAQrBSefZjjJHy8Z6dOxPbmoXEY+bACnODgAc9RkDkZB74zkc0OzkgjGB/eweOi4wcDjjaQSP4uOWZmQ8nnHTJGAdwAzyCTnovboQOM+XWa5nH2UXHmStypvdau3ey221VmkmdEbJfavdb6NK6uu99Gt9n0JPKjbqxzgcMASCe4yOOeTjGAeeSSY2tVYcNkHqOgHTAHtknAPqPUmpBuz8wzzjHoMcj25wO/8AWnhwMABQOw+n4jJ70lhaFSNqlCmno07tfy2VvP1/zHzSXWVvd7e8la+tu66ebtexU+x4ztcDgnpkAj3U98c4I4POMrUZt8HhyTkswxjaQST9foB1Jz1NaOQMEEZOSR7+vPHHoTg9hTc5yQqjOM4AGT2HJHU9cY9a56uVYWVkqcd19p23V+vzd97Wv2qLno3L5WWrTj5rS/Zr5OxmG3ABKsc9cEZzz9eQMdM+2KhaMqTkEckA9TjGVycnBPqTk4IOc4OueeMAY/lyMYyR04z3zzjnMZRjux3+nBBxkjAOeRyB7c5JryMXkVOavByg7bxu+1+0lZWv3d77Nq41FeN0r267ra6uunz02ZktJ0BPORxnqM5CjvyBuPUZzkckU0sScsT1yQSec8Hbgggcc4PQDngVpNAGyWVSQQQNp3FcbcDHHU7QQBuPQ8HET2xP3QRwuAQPun1+96ewGB6c/PYjIsXCT9lKNSKsusZatO9t/X07bt1ryVvd13vpry3von1u20+7vdIzSzZBAJGMNyARjgAHOQT6j5TkEsCeXDdw2QMgAgDngdc57YIIxnIOO4qeS2cHq+Dg4HQHDYYnGcAMemc4B5yM12ikBOCegB6AHPTtgjjJJ3fMCcZJJ8ivl2NpwbnDVrlTUnq1a101vfS7S+9I3hUg1Fc2iu7vTmV123e3lsm20wDLxgIOMcZPHoeMtnjIPXng85azbRncNpx1z15AI4z3GQeOeOSaYEYAEHJydxIwB26kKPlwMgc4OCc8VII34LfNkBhwcDHsAGXIwec55IB4ry/q2N09yTVt73dvdtffyvfy1ujXnpq+qvonb3XbS2qXRWt5C+YwORgKep7Nuxz2Kn398YGSa8Z+Osrr8PNUdS2RNbtg7ckeaqnnPRiBkEc5IPBzXsoRipLHjHI2g4PGAp4JIOM/KcH25PjPx0G34f6iufvy24U8/MVkGRk+/A3Hk/eAGa4M3p16eUZhKbeuErrl3XvQX3Pvbdfj6vDzp/21lnLbXFUdtNeeL1T30SSs3a7bvds+JNe1iCPR5y0ai5lvYLRS5O8qEXBIIJJGSy+w/izz6l8NIZjd6VM8wObtQFQBQqBVBUjt1GQDjJIIrirbwguuWsl1MzLCNVh/hG4uqR7gGPRcA4xj5QR/EGr3XwzosOmmwEYCLHclQigEnhcEk8luMHpnsc81+XYKq/a4ZRT5nOnKenS0LONle7tZW3s9tT9tzfGYWGFqUINuo1NSuno3COi72bT20/P89viMzR/HTxfGGOZNdwpBYL8gG/IyM5UlcAsCeAOawtQleTV7u2Q7mL7UVdx5bODgE8ncBknJP0wLXxIkB+Ovikt5g/4nspUA9FMMY5+bOTjI64AHPJFN0drZfFkTXL+XBJckNM65UN0U7O7DnGck8843CvRrylGrWkndS5tebqpczVunmtNeq1PqsG3HL8E3Fv8A2Ojs0m7U4aa+a8le+iWjo3+jz21pIbghG8uTKvuBRduccnng9sZGRgg83dJ0SS40yzgjlXEsEj/M3ykcnknGMDnA4wD2IUera34Zt/EGnaja6Mb+91OSEzQr9lmVFVeGYSbQcEDgqSRuyAeSYPBCaP4b8T6Va+K454NO08Wa3qTW+8CU/MVIIO5XPyt04PPQ5yjipvDqScIe+oqU20tUo63duVX11unvdWHHGQ9hVqxg6lWlCVX2EZOVSXJHZJ6SbskrOz173fg+reDLu6upil7FHEqqrBwdqkHOecA4wSG9+Mg1kW3he409hJJdQklpuQBlgAMEliM5z26H+8M19EfGPW/BsniXVH8L6ZdSWU1uHXyEZIfN/ieNV+VFxkDoAT3OK8WnvtNvrbTIYRcQyLITOzK7FCDggknGeAWx2OMDmtsDKtWnJVGn7OdlKN1Ga5o35W/syvdSVm38zqWKnWwdGq6UqEqtKNSVKpb2sOblbjNfCnFO+jvo+mgz46WpuPA3w+jaVlCrdghVJ3ARnjo3OdoBJ4BzzzXh3w10m1XxloLBZJFkmiDK5AYbJcvlR1XZt/HsRk1758aQo8FeA1Euz5b1VduyhJNvpncScEEBcHOAMHxL4brGnivQSrszkznOTkZBGeTggZO07sZz3r3ManHFQjFKzhQb3S+Gna1lbrd3e6W62wy1yeS1lzNNvE6p3WlZ9+6st00ratXR7T+1ibdbf4Z+SipFnUnA7BQWX26gEDgZGCowAR+X3jqSVpkVT832mQADGMGMlSvPJx3LYwOTgHH6TftYOqr8LYUkbH9nXpPJO4sSo4BP3uOfp82Gr81/GmPtMBbdiSd+ec4VCp7/ADD27fwjJNeVjIpYureV7OGi8owX3PR63b++/rcLvly/DJ31dRuztvVfne7vrdNb+hzvgYzf8JRoUDAsX1fTSAOeRfQYJIBxwTj689K/Yf8AbKJh+AXh6Fw2W1jTeAcAL9gUgct1/Popzk4r8jvh3JaHx74Vg8ssJdZ05BjkHN7Fg7cE5BAzn2GD2/XH9t+5VPhB4StxgRT+IbSI7trbjFZgNgZxgfdO4DoTnk1jh4v+0MJyu0VK78/ejbb5N3b0urq2uHEE5SzXKI7xdScr6bpK901rey2f/gSsfkfIjPEViDBgW+ck84DDg+2SADn1AU9Nj4o20pXwcoEeRoJ5wDuI2dTg8g8nuQSScLisu8lVJysYBJcHIyoAOeDng454G4gHJxkY2PirgXHg8Rs246Grcbuo28gjHJ5weuRjtX3k4J0lumuXVaX1je772u7O6N5TccRQSS1dS+rTdowta3dtJt7dzx2XUru1WbZAm0RsrH5ghO3AwMjA45xjlQuRXqvxElll0D4dSyQxtu0F3VRjYDxngduMjvyB6Z88vLaWW0keKMBZA4kDYYDarEsAegI7kruK5yeg7b4qvJD4e+GqgnI0B1/dnABHHbJbjgk5JxyQQcZuE6cJOK35XZtLlvy9uul7LTolpY0qSpzrYfS0lKT7XTirb6aprd7t+r4OxeOS6eN2tkdkB2sMhRgjOMcbTjcM4OOMg4r0/UbeBPh14dt2EDD/AISO5yyjCPn7xwMKASdoGPvc8dK+dpA8e9YpZGmJTDLkMRklzkk4ABxjnvk5PPqPiS5Ft8H/AA7OksnmnxFcK+4lmXgHk8EA9Tg5Hyg8MM9WB5pSqOas3C930fNFWto+vbS9+lzLGU5SlR5ZW/eK6d0tYu7W62a+VtFohY9JX+1NHQJDJZyagGuI8HCxKw3B8cldo5OD69BX6Z/s7fsT6v498N+MPjJBdadp+jajoviHTdH8LmBhLrMNrbK63MblflV3TCDIK4zjo1fkr4a8U27Xml295JMSnmYmD8FsELnB2lc4BH5Z4x9qfBn9pP8Aai8JaRqugfDPXBd+DNFtr43lnqUNu8GmWV0wW4eGSXMqiWPcVERGOCMHNerKVSTi+eSpxjLSDjdy5I8t5PaMW+bz6O2p81nNHMnSSyyvQo1va0rvEylyygnFygkotJ3UUr6NNtanVfA7RLaw+N/g6bxho+nJosGm3k39mXECXBL6dNNCsjxgMCoYLt3L1HHPX9Cvj7aeBbb4N+K4c6Tp1+/hS41PT57S28u9yjsbeDfsBjIVghY8FSOcrz8oWmo3E3x3+Cnim18Px6tYSfD95ryx05VittTlJea7mkEgQOvms5YnI4ySy819Z/tAfGr4T698JfGumSWemWHiG+8DX0cNpNZhLu2nhRgkMLsoUiNhhmVsEqOOARlQrVV7sqsIVYWUo63d+XS8b9XdLyvqm2vIxs8VUxeAn7OpOMoQ9s6clKEJqq+ZNXT5Xa+iXTU+K/2B/C63fw48Zau80Dwaf41v4o4ZnDPm4gjbhSSrBmc5YAEk8EA19OazDGZldbaOExsCdgAyA5zjp1XjHv64r4b/AGSPEMml6VdeH7e6eOLVNQ03XZIlcoJDeObeXcqFcjbGP4SASM5wDX29rlyVkn24YIQBgAYAcgZ5A+nTkgYr9DyKpWdCSlJ/u+VJptpNqMtNbre3S2hxZyl9cnKUdKjU7N3drRWl1ony938un5o/D3Y/7WP7QLBCfKFgQMnGTGhAAPXjHXH1INfX6wwiRWkj3ssJI3KAQW3ZXHqp5AIH5k5+P/hbI1x+1P8AH5lwGZtOzuHYInPQjaBjBx054PX7PYytudiuREVwRxwCO30AwOB19DXv4VWhPmk21Um23rf3lJ63u3p1u136HLjWpVINWSVKkkrtbUo367dLebV+35++Po7Z/wBuv4TRiNVUeErtihUYJUP1BwpA7joQOM198XjRCZ0khZR9oceZ2AVsZAAI/wBkZz0xxgY+B/HSSH9vH4TsSrbfB18TjAGAsnI5JI43bgf0yK+8rm5PntFhPmZyS2Svys5+VuhBx0zjk8dauiox9s7NynV5neN9fcVm9bOyXTv8tcZOcqeCV0lDDRird+a/3vp0ez1aPhr9uRbW40j4KRxsxz8XdCEofjan2iDqR6jBIIJx0zivvK0g8OLZOjNbxOAqbRbxsSUAJH3Sc5xyCGzwP4a+Bf22pWNj8G9wXH/C2dEwVwCCs8JHAAGcAjAK9AeK+2WtnWI8AbwjHhcAEDBycA9sjHr3xXNKLliKrs0k42i3bRxhGPW1tLq63vfox1JyjhcMr3V6t3orp8reqvp+P5nmn7STaH/wpL4mR2ZthdN4F1lAy2yI5ZbaRt28qCST6jOOVwuCK/7N2taLp/wF+FC3bWn2g+CtH8xmgUsWNvHuLMFLdcgnJ53DkmsH9ohXh+EPxG+XIXwTrWeg3f6NMMZ5ySB2BOBz2qT9n2K1l+B3wq823jYv4L0glzGMKDboTnsCDzgZxxyckVnGCp1JNNyvbd35U3bR9m1sn08g5+bBqLb0qtq6tryQtfdu1+ultHpoS/tP/ECy/wCEG1TwNossP2/U9B1K/u5kt8QQaelnKTtn2gCUsMqDztJ5zwPyV/YY8J2+q+M4NeuYSYdPstTht5GOVmuDcSBhz1wMnGOMDJI4r9Tv2h4LI/DvWJI0iju/7P1RFkEarJsSylUR7gM7AMHbkKCfmBOa+Jf2KNOt7bw34emj8tWzrBkCgfMxuZMMzAZOOoycehGVqqcOacpXXuypNO6VuVRW/Vq+vTq7Kxo66o4XljZupCUWm2237ut0rJJXVr+t9D9ItL06CztrVUjX5VkbBUbiW3HjAJPU8kZ6dByPwf8Ai40o+JHi4F1bHjS+2AjBZWusgAENjBHHA44Oe/70QXAaOIBgDHGd2eF54GAMkZAPqMAYyQTX4J/GN0j+KHilgocHxlddSM58/PfBB7enTHavSrTtSpavSSV16R29NnZ7t6X0PAoOUpVbtKKinfVW+FJPTXRaaPV9em14rtXWxtLh9ojaNQEQAk5ZNpOcEeo6dmK4INVvi3bw3HivwmnIC+CtKZl5B4hXgAgg8YyO3YHNQeM9ZA0y1twkZn3IyspGAm5flx064465XJGRml+MV9JY694SnmRCx8F6UF5+YL5I3Et3HHIbnIIY4rrwco2jJu8XvNq8o6K+vnZrqtHtdFTblCSjF8zmrpqTurRe+m710vbYr6boVtJLZfd3PcJtyAApBBwOgIz19DgkAcjp9f8Ahu2v6Fo9sJI4TdeIdZf7S5xBGI1XJdwPujBLZHUYbknHiGjeN5v7URBJGqW92DECS5YPjcADkd+vG3OBgYr6Fu/GlpYeB/Ceo3EYksrrXtfjuIi5QOhCrsJ6gAOx+Uen3hgV1V6qVOs6TjzRoy3tZyvo09L66pPRabbmGHoVPaU1UbhF1VruuVLq7aJPVaX/AF+O9b8OQ6br39li5smNojGaWzkDpcrvIZQyscnjkk4BJzjAWvWPArwRaN8VY7dHVrfwfGCjHOxh3XJ246HcCeRwcjjx3xtJo48Sfa9JlM1u8TXIitwypC7sx8osTlgvAO85IAGBtIPpnwyDzeGfi3MzESS+DSxO4sQSMhdw+ZSM9gOhycVyYKtKcbVGnNq6U2tNYtO+idntprr5X7a1NqrzQnaN1zLR3ikk7Oy3dlpa637Hy7rGuWflvCpcMBmQjftGUGeBkcqTjJIzjH8OfoH9mPUbKfxB4t+zO5b/AIQDW2IOTgpbNkduCOMHjHvzXyJd/apZ5I0dWSdsF8Lt+VV4XAz3OScD+n1F+y7a3Vp4j8Y5RVRfh3r22THLEwFmK/Lg88A5zxwPvV9DOuvYcsuW7ilp8N1bXd9d07Prr18unSUsVz3bXOt7X6Napu90lZvS9zwvxBqptbp3EabSZzubaGAErnggnPKrzwRntjmpoHiWObVdNO4K8upWICbRtA89VPJ5z1PX5gMcnArH8ZAW8xaRlfzPP3YXHO9myVJ45HAPzH7xwa5Pw9cSjW9GRWTy5dW01QfUG5QjrjGM44HXnngV2U6z5IJJ7JWS6u2y10ve1/8Ahsq9OmpzVmpK+1mlpHfe11s76WP0C+ONwg8dTI7xhZNE0bzGKqeDaRABgc4wcEcbhyMsTXkkT2zXMVlLNCkLMMMygYHB4Xp6ZzjHzdMCug/aNvzbeP7oO7I0Xh7RsKhJGBYRfMcDAycMVwRkgDdgCvn/AEXU5Z7iK6eSSUZdWDOem3AAyRuIGTyOwJ4zlSrVLt2VtHfysk1bqrbp32ve9mRRox9lFqTvZNJ31S5U4vTVcttO7emiPtv4s6JHceGPgZGYjqFvJol6FMK5cIt7IWJXBGF7nBwAQrYIANK8daP4RhbTr7QzqEVtbGLSNyIWiupc4wgUkSK23qFPTHSn+NvE1r4f8I/BDV57CS+W08OajH9ijnMfnGSebI+XIG0EH3JPCnOMnxT8Xf2eY9E0q3i+HnitPEU9vFc3U7XsTRJqhcMVjcsWNuyrhjkFM5ABAI5p4fEY1O8b0abUlJS1ck0tVdN63SWr02NKOMpYBxv71WtzJpxU0kmrJt2srX3v0trqW9Fu57jwd8WL24tjbefZ2s6K6CPa7ybsCMEbcZU545/vHBPxJrWqOfENpHJNEpE1uSjEfOSijLEjPJ56Z4xg5JP2vpHiTSPGvgn4oapoemXOk2tv4dhjNlcTmbZcQNhmWQn95lUypbJDDAJAr88tZs7qa9tbxCWklZHATBKBQBnOc/e+Y4AI4I6HHZhlVjZSi4uCUEnfZW6q+9tXbXa9zkrShOU5RvyztJdLX5XorWupOK21tsuv3z8DrtJr3xbK0yKLfwbqmVDBdqPG2SvI44JPOTgnkgmvmjxffabJpsIhlsRLDajKxuN87l87mBPJHIYMCexxXsn7OFtNK3xLUyE/Z/h1qLK0nJ3tG+TucnLAYAwBnP3uor4suhKQjysZSzMuM7TtD5xnORjpxgcfMSSdpBy+sVHaVrxVlo72u9LWWrtrbq0OokqcE3u5Xil3StdWt2v0e60WnrPgtWuPF3goq8QMmu6UGjVVCoFuogCA2CSTyWyMhsEHv6n+0tJ9l+MfiRTGPMWWw8yQRqV5t1JUgDpxx6kKCMg48a+HalfGXgqLjcfEul5GSG2m6jYDOcbQBj8RwcDHrH7T8k6fGLxmkDAMv2VmU/M20Wwzyf4sdOnJ6HrVVJf7VTSTX7u93tdOne2id3q3LS+tn0cQSjRqe97vPHRLq9db2a/Dtba3i97c2LMLhmwshdWmI2fMFOVzgDHAHy8cEcnivRP2j9Yaz8DfAy2tHXbdeHL8n+EjdMmADxuyeTtzzjgYFfPWoPPfabawiTDbpi0aMc4TO/I49uNwPOW64r2T9oe1mk8I/AF0w0dr4RvGKcAKyyJyTyGIJ74BG7OeSeiLXNFybve6t0bjBt/K/V76dDlqSUlLldotJ3umn7sW1qm9NFZN6bas6b4UXYtbCSAojPHAsiKR8rtLGSQx6Nk44IHy/iB+ifwk8F/DCw+DXxs1C/0vw/N4/T4aajqtrfiUC6htrm4gb7PbxEn9+g4aNckjOFwDX5q/BW9Fxq2kG8MCWbki48xl/wBXApA3c47EEE9RwBzn660i40/Rm8et9llv4NV8CatdxT2khMEEAngMcci8ARoo2sScZJJA4r5niiNStCCozqRcJQqpQb1jGpSdpKL2absraNWa0Z9tw0o0otzhBxmnBSlFScW1Fp3a5lpbXS2t90ea/DdYpfEK3Go3do9lcaS0cEUyqWhbYcuFIBBTbkMflAIwcEV6x8I57eP4r+CUsp7WKGDX7tdiSL/pI+y3G0ld2MsSMAjJA9AtfZPwM8L/ALF2p/C7w3r/AI51bR9L8a3EiW2v2Mt1MLl9Mu8CP7OEIjidQpJKgdc/R/jPwT+yX4d+JHw8m+BGoXuq6oniVLbUJ0cXVlBELW4KEJKxbe5c7mUbRj5c5Ofhf9cfrGaVMs/s/MVOCqQliHh26LcIpOXPdtQk1dOzunZH3dXIKeHy2OKji6EnK1ZwU0p+8l7sb63W+l+j6a/n14E3ah8YPFNpeRROsmrX8cfnJtihkF65LMxBCkDGTnv/ALWD/Qd+xPPNcfDz4i2jR2Tm3u9RRY4mQrsisHUuoBGxWIOOBnnqRivxg/ZE+Hfgn4jftXa94Z8ea0LXTNW1zWoLfTkke2lu5kujshSRGXynkXcAzMuPTkiv3U+E3w/8J/Cfx38avBPguC5tfD4sba8svM1A6lKLiW2lWWMurysg9UzyD8wzk1+beMXElP2tDKadPERxFGOAxPPyONBwlVhdKfWSTd9LXsk1oetwJhVChUq1JqUqrrygt5KHMotXUWrpy5krptL0Z/OjqH2i28WfEttMza3Fjq3iQ3DxOg3+ZdTjYWByQCpJHOCByM8eZ/BTVLi5vFXW5bU2sF7qE8YwRL5ibmAJAySSNoGG3EZGAM133jfX4dN+JXxB0l9KAM+t6+808MpVpEM0hUzr6E44b+Rwee/Z48MaN4h1mS41C/Sxt4dSmjWG5wqSNK5CksThgvHynOckg5r72pXpRyj6xOTaeEwsrrR39lHp5XVn1td9DyaVOpUx0KUEoSjiazs+a3KpbSTs37q1118nqT+Poozo3jrUra5Z21Hw2hEIZ8oizyE7twB/76GFB5xwK+HLCaR5LRQVIVIBxjc2cEhgcZwCSccnOCVGK/Sfxz4H+3ad8UhZS2tumieFPNgVH3vd2/ny75Y1GQEZTyT0XI3civzNsrmKK/hTjaixKcDOHAG7IGFwcc56lj0JyPuuA8dDFYbEOnVcnTlTTvZP3qcHbdbpt303st9fiOM8LWo1sPzR5U4XWjV9VzN3s09luu9j1Swhlhj0O8BK41wplThnLrtxlRlhwcgckjgdh8p/ESVp/F+oiQEO+qM7sSGYuZyAMnOMqOmD3PfNfW32qJNH0Y7TG8evqyHA5JQHdk7W7dxzzjAyB8e+OZ3k8Z3zZBZtXlUkhgCvmkjjOMAkk8cnd8uK/QcPUqO7cnJNtSWjVk9LPdXVn+PdHwmP53GEGrNct3peW1tWuZP529GtfpL9kmCOX4y2aujbUtbwng5wLdtpAXjnkNjk45r9bvg9F9t+P/g2EL8heMnOc5hnLAnpnaRjv8vHPf8AKP8AZCic/GG3JT5v7NvpGJHRtjqTz1O047jHsTX67/BJY0+OngeQDlxODx8zfMx4IUYAON3UEHcQBXHja7jTxbT5bUJOTVl9lKySfe76aWWyV84RajhY7ydVSvotLwurerfa9vKy9P8A+ClFmW8S/CRUfyw1tqXI2ttCFzyBk4Zl6HI6HqWr4gsr69vbPTbW9s7e/W9sJkLgKrpa2Tl1C9ssEBIGd3fgc/df/BRm4RfEPwj3gBhY6owyeSQkgySSTyOQ3bAxyoI+KNLjgEXhp8MHfSNRY4UgLvLnBwoHIP07V4mW15LL6Ccm+aUm97JqV1p1tu76d3omevVi5V5qytyq9/NRVtFZ6+lr63vrzumT6TqutX+oxzGzDeG72NoJQQI/s7GEHcAR/eUAcYwc5zWGum3n/CPRyBEa3/t/SHhKsWeRnZdrbVPGeOMdicYIp3hqHeuvAhWUaLfgDHA33m3K+hOAeoweAeM0y7S4spr0xzXNtbafa6Ncww5YoLhFRvMVCdpyfb5Q3vXr08TZpQaTajZO9rLla62ttqrvVtqxyTpOyk0+iajey0jsrPR+9qtW3G5y3ibT5P8AisXkV444NbthITGyBX3hkBJXsMZAOR65ORmNYyXg8bNJEZlfQLRohJhsIiKBKp6rjIAOQOe5xXSatr2pS6b4xXUFgvYbm90282EbZWZjuDHacbFBxJ06Yzzx3Ew0a4m1KG5i+wajqvgu2dpbdS1oiRw/KcDgE8ZyAQcZBIwehYxU7RlGTuldxd73ULa6O3k7+r0RisPzNSulZtq611ta99Vo0kkl69DzDRPtFjd+GEsdTn06eXwtfb5HffGPLj3eSqOzAK2PuqM9SOma6uPUtTvx8O7ye2tLm4tmu2URMY5ZI7YtvBBwPMkALZ579cA1lnQCb7wmYLu3v4Y/D19D5qMFZpChONvTIK/MM88EDPIj8Nw3VpqfhmzvtyqF1HyhKhbbGyuQwIBA44BBxj04ypOlXtKF3K2vfaz000a63vzXvpqaKpUglCVtE1fZXSVtrN7WT2+Y2z8W6bqN/pjM7aZJda9qs7w3iFQoRJEwsrBVY4PynPzZGQeK0FlYeFPD86EvEPFEqqUbd5irOygqF3AIw6DHIJPYgcvJaRPe+FYpoo5If7Y1cqZVVkYOzYDMScg8EbvuryO5rCt7C7j0q/urO8uIbiz8UsllB5zPaxP5oCukJJVcgEEADJ77jmq9g24SUkoJXs3dLWy1srLdaq2jte2uTqvlXMnFt7rXT3Vd212t0267I7zWbieTxX4rRlKq2laeSW3HYDgAbRnrhcELgZxkjivWvHLB/CXgOCMgYMSucHkBcFenP1JHAzgdD4FJqOsW+v8AiafXbeG5ZNKsVnmsWBl8iMBi3lEjL4DcKMk54ya9o8SeM/C+v+DvBJ0u/iW8idUawuP3d2JFUJhonA44zkc45Oeg4MZ7VVMNyttRspyiuaKtGzWi0Ta6206Xsa0nzUqsZcq5muXbduDVn8r3vputbFrVp7dtI0sOroE0i95zhcB15w3qQq4BG0HPAPHgn7TGqQ6FcaVqSMDJ/wAK+0VLZH2SAmR5cM6HqB6Z28/MPX3rV4Dc+G4PMwjLol4iSMu0Bt6HAwDx7DHr6V8qftN6VJe6jo8bTF/J+H+iMqLhsIGk3YByCDn1xnHGSM7YFqtXi20kuZWa6JQXndLS3kr6bvmzCTp4ePKrylZXS6pJK+2rWi6Lv1Nf9hPW7678bfEK6uBAZrnwo0kiYQKCXUArs4VQNuFB5GAMcY9w/wCCqz3N3dfBeGKEEjwpayAJgE7rZB904IGQclu3YdB87fsK29unj/x9aZkLL4PuWUck7Y9hzjqD2GDn29fo7/gpxiK9+DTypvUeDrMEszoQBbg53L06k4HckA9K86tTi+J4TtZKmmpdFena2ium7Lrp11PRw8n/AKsvmaXvTU0unvQ0Xd3v3uvuPzs+B/hHWrvxnYXf2d40ggvA0gjDgboflCrHuYs5O0AYXt9eN8R+CNcbUr6NIJWJ1K++SSIoX3XEjcOflOQfukhhk7h93H0X+zq1pqPjXTI5b+HS7dVubgut5KFuFhiJCllI6lSAAc5I6HAHg/j3UNVj8Taz9l8QXC20uv6ilrETIV2/aXG/ByduANpAYHORyDj3ViuTH1IKtBxVGlJ7JK8mtHp1Svfpqul/DlQpPBU5yi3eo9End/A9mrpaaO3R31dztNY8JatqXgzwjYiN1ubW3mWSIoXZULNlgyfKAn3mPfgDdtyPsf8AYQ8D3+h/Fq7na6W7j/s3TJRHAhXZJHc79rlyQGAzjK5LbhxzXyhreqalovwi0HUtO1Epqskt1C9yzEyTHB3KFckiLg4XAGAf4s19J/8ABPTxrql/8TNXudcv3uUs9GsbiKAIke5obrLhyoG8Ngg5/Ksc5c5ZTjXBxf7qctFe6at1v16N/mPAqks0wSUXfmhv0s1a6XXZddt9LGl+3z8PfEvjbxn8P20OJZCNP155klzGIl/teU7dx4JAyRg9gQTzj5wn+Fuu+Hfg/wCL9NvjFc313f6dLBFZspUgAEpLySjHJBVguGLHGRtr6f8A+CjPizUPDvjTw3Ho9zcWkljczpbMkpjjMGoxfb1VlXIIR5SNpwMAEgMMV8o6H4t1K++FHju+1S+me/e+09Y7gM2Qo8tjsU/dJI5wB15KnBGWSzrPIsCuZRinCTVnd2m3vey+VnbR6JW7MzVB5zjZcrU3CzfVKVNLv5bb387o+ZNP8DeK/wC0niOiSuBMI2G9dynoq54BGDkgnAOMtk19f/F74T+PE+H3gbXpPC+qxaLo2hhNT1Fo91rbGeVSh8wYADAgrjAJ2444rxD4Y6P4v8f+J9Q0zQr66ka2t57y8HnMRHbQqWZ3ZzhBIV2rg7t2ADtHH3Z+2P8AErX7T4a/BD4c2tze6NZnwMz+JbOKWVY9YuY5wLeS4LkGUqgXBbK+hJ4rXG5lJ5nl+Fpzpyqqc3Vi78ygqfxLdatJrbTVLQ48Ng6VPA4uvOMlRnaCk0rOSkno9Xa/K3re3S5Y/wCCZtrJa/GHWibfbHP4C19EmIClg1rMu7AJPYYB5PHGM1j/ALQ/jPWPAXirwNc6bpljfvaHUZ4o7+PzVVpL35HUIpO0HDAsOHUjptB0f+CbZL/E/XZvMlDxeBtfK5J2qfs8oADZOQTweuR7cVV/a+E2l+IPB4UQzbdH8yMKoL7ruXzNhJU4YEqR3yCMjo3HUdOrnUqdZKpCdFKrD7MouHK1LSzTUknbo72019yjCVPhirVpe7ONSMoTW8bNWVtNdu3V3ujlNB/as+LVvLq0Mthp8kTrK0LSu6IJJFKhVwQCyIxQZHGecHJXPi/ar+LEvhNNCk8O2kul2Wrf2gssUszbLlZfMcMVYjGFHyjIGcEAZr7c/wCCaP7GHwn/AGvNcudF+I2rahp7afa6vq8y2E5ildbKOSKG2dnkVTmdlkIALFARtBbB+mvjz/wSW0f4YaZ8P9D8G+JNTkn+I2r6/G0l1iS3to7IyyWLQiBnmfzIUCtuLfOwJxivzLNuO/CPI+K4cIZngIYbOKkVWi3g5fVmvZSq87rRbimqcJXurJq27R5+GwXE+LwzxWFxjnBqN4SqWnK/K0kndXb10b0V2fk14k/a+8a+IJdPvr/QjZm0khMTW4d4mMMRhDMZxx8pP3eM+nWvDrj4mvdXVlc6kbqC1sNYvdSjjIBJk1Nw82ByAHkA6cde+K+ubv8AZQ8cz6AYrOa1kXR9a1XRJBfW5jmE+nSOkzyM6hdpC7lyM7SAOcVyukfsV/GP4leI9F8IeFfD9trOsa7Yy3ukWNs6wm9t9OdUvZnc7RHHCWxlmBbIx7/qWWZvwHl+EnXweIy/CUKcfa1JyqRpwjDlUpSqczSSj7z3jotfLw8fgOI5ytiaVetJpJOz1+Hd9ne979FvdHx5q2q2us6nqF1byoBc3BmCbvmWIru6kAZPBxjAyeAOKueC4/tWu2FpAxLStICGAXIjkVzhmJXA2En73HGe9fcXxg/4JxftB/s2xaDrPxQ+G91pln4liP8AZFzb3Ed1DKGwqbyruY3OeFfGBjOcc+beFv2aPiJL4isTBod2otLh4pljWLeHuFzBAyghmaXJCnGMkdM4Pp4Pi7h3MqSrZfm2BxWHk+VVKGIpzpyalFPlkm1dXd1r92pyUcpzH3Zyw81JNO6i23aUW7Sd9NHdJ6O1nq2e/apFb63aaH9kuLJzHpkEbxwyDcjpC6EvtIIOQPYkAcivlCeylGsrBtH7tJhIQAUG2c8DHbkA4OF4OOtfW+s/s4/ErQdLuGTwT4rsr+zismu0VZdiJcltkibQSd4PCL98Z5AxjxXW/gd460rZNPo3ii1uJ7nyYkNjdSsxIDkK6ocs2TgZzk9SACPocNxFgIQjBYvCzirNNVoK8bRt1d9Oi9eh5GOyfHV63tfZVI3Xvfu5O/w7Po/XVdfPM8H6ZBdeM3guYke3juLZ5ARtBAQnsCGOfxzkng5rr/GHhLTrfVbZLWEGO7t7q7wm8iL7w2EqCNwxnp0xyQQK870zw34qstbmW6tddsgrqhuJLSaF/tEWQUbciFWB5YH+71IIrUU6/wDbn23WsXW20mjDNbSyEMSQ52lCUC4GWGR0weSD1VM2pOpGrTrUnaGyqJq+j2vpddXor30ujzqeX1VzwqQne7s3Td7JxurNXSs3rrurNbHH6vp4sJ7Z4zJ8xQhCpyBuOOvOOMAnPXHPJr5j8eyKviC9lJZlV2Q9Ryw+UnjoDnGMdANpFfUfinT9ds7aK8a/85mWN/s8luwK8narZUlM5OePwUHNfJ3jW5uzrF9vEZZ2VpSoGASAARxgfT1HuQHUxTxLjKyTgraNO12n0une6WvR9wp4eeHpzg09ZJpONl3dmr79kvWx+tv7I8iyfs86fFuAYXerE5U5I2MDgnoCDlQRkMBgDv6X4lJii8KqvljFjJ1YkYZm7k4BOVO05+vOK8m/ZeUD9nzw3NG6W5e61OKRV/5aFwwDORgZY5Hc47nFep+NYGhi8MI4Vc2xQuvKd5FIOBgkYxj3PTFfJTi3i6l03etNX2XkrdN22799j7qhFywFNxvzKlDTXX4VGyW+rlbT0eqRZ+F5aC9l+fKHVLhZNpUZV49ijOe7MR0JxnqOBes9a8N6Zc+KbjUra3l1KHX7K00yO7kmWBXa4WSWV0B2ScfKVJKgc4POMn4cwgy3ThtoTU1JUDOckBSAcgjOfXnGa4HxTpVzPrd5dfv3tH8REyqYwIgIxuztxgHI7nt2OCfLzbL6ON5qVWbjTtC/JJwlvF8vMmmr7PTvtuergK06NCMoq80pKLdm9V1d7JrezV+2qSPnP9oj4hxfEf4n6zcnTND0O30drbTLdNBtYrSC5EMSxvNOIhGZJGZcmQ8kkck9PMnkZdBmuELDyrmOEOSxLhSvJ3ZGCCCMYIOSOorb0PwvpfiTxx4vlvrl4bDT9TupHIU5nkEj7I2I4VScdOO2ducV/G9/o0cN1BpymO1jMSLEh3RiWJgpJ5weA2W/vdM5Nfa5ZPC4OjgMow1Or+5oU25NylHlio2i5Sk5OXXe+2q0Px3OYzxGOxeLm1JTrVHZ2bck0tlpt1SbtbR6Hkn9rTW141675CXgKjIxtDAAseTwM84Bzx9Pp/wv4TuNX8FJ4wuLoLBc30sNqjh/Kmwp3lHbIO0jBUnk8juT8bzyee7A4w8zlWIODgcHPTA2qCMDk/n90+F9f0yP4KaP4UJk/te11BbwJvURJbS/MzgZALMxxxycjoSRXq4hyjJOKle6VrXTatfZPtp3a311ywSpxTjO0vc5k+l1yvdL1S63ST7nNJY30doyLEuAr+WVADAmQKucj3HRs8DggZW7ZWl1LFfP5EiObHaxXDEupUYwRndkjtxjp8xIu23mNHJI7Y8uXiJiBkZzjg8AsM5IHHGB/FoWjbZrh0YxgQysVBIVsMGAOOCM87fm5xx1rlqKTV23eys9Nvds7PpvdXb0PTouK0Ub3t1V3blXu9FommnbS+5y1pYq8ssV2JVkdoUJdPmx5Z4ZcZyTnAwcYyBnFSDR1aG2wznZczIgxtPyA4AJ6Hk5GcYGM7cZ7izkaWZ7q5WD5pLZBhAQP3LBSvBGRkHOCcjjmubuJVC25DcHUrvb6cB+mOTjnn5eOTuxk4NSXxSTWm6S00v5eaW9r2dkdM4xfIlyq8ktVZq+vdq75dLfprwmr6JLHb+aZGMjpMxjLgYIf5Tg4HIOf4uScEnmsXTLVnuoYXj8siRGZ/kGFKtnjJGOODuzjJ9x2Go6jBK0YE8Tbbdg2CDyWBORwOeeSezDjvSilt553kUoGSEgBAwO5Sqg5AGSN2eR3AwDgnGdS65bXeifza72s9np3vrYXsrSXJKK196LvqtL6tpro7L5W0NvUdEe4azjgzHAbLMzxsAfmIG4gsckY5wDkZzjAz2nh7wnpsdprc73okubOzgW0ifAaWQgEshHJII5Ydzgc4FecXY1OSSUxtcQxpawhCqyAbH6Y44DHOOoPo2TVJrjVY0HkXNzIASZlDuoXZjgnIHXdkEckcYOQMZ13ZpJKSTTvy67WVvJWd7WT+d+yjRmuVznaDtbTZJJaXsmlo3a99X1P1E/4JSEzftz+DkkXy1i0LWpQzAkq8cSj5TgAk8Z55yFPcj+sHx7paanofi5F3rLF4M8TkAoCJC9jOVbAyMnB5IU8gdGr+Sn/glDeXunftq+AJprM30l14a1s+WjZdGeMDc5JIGMliRkfrn+uTxA92uneLLqZDaNL4L1omCQlwobT7rIB6Dkg/lk8lT/ADV4hR9rxZgoTSUZQoSTuoyivaXVm9G7ra93dfP9Z4fk6GS1pQneX7xcrSd7qHpe3NfTXdWd7L+F648ceOPB2veKX8Da7qXh559T1m31dtMmaH7ZDHqd2BFOilA6tn5g4boDwwIqlrf7RPxu8U6UnhzxL431XWNBSGSxhsL6OJ1WBvvQozZZQw4bDAkfK2aqeMb77HrvjNvKQb9c1oMVB/i1e8xggYGcEgjp057anwi8GeGPiX4lm8M+IdVuNFSPSdU1XT5bbDyXl5ZwebDaMWO2NJDhWYlccMcV/QGFwOX06FLF18NRnVhSpt15U4yqRajGO9nJ6t7Na31XT8or4vFOrWoU60owc5Lki3GLtKO8U7Wb1/P4jyvQFthr+thYfJRrCIlVVQB0Vj8oAUg9McEnBPIx0Oq2sq6ffsrK0Ze22jGWwQMsONwPP8+QOK5GyjksfFut2gyBBHJbPEWyRHFcSRqzEcncMbsEdcZ/ir0LWlSGzuJYVJ3rZOoGNqc4IIPqRkYHrntX1VHldOHKmk+XRLlvHTVapNaLRu976/ZPnqsnGq4STvsl2a3e217vpurd3b8CWzXFteyTvvVjIjpJuLBEjyCEbIJ6fgCeTwf0N/4JuWWm/wDDXnw+S1laaFtB8RRXO7cqxP8AY3wOnAGcYAHHQmvhT4S6r4W0vxHbXfimG7vLJXmaa1tWUPDJsHlTiNmCNGjHcyucEcZIwK/Wf9j258DP+2R8Ck8Cm3u/O8EeKZ9dltkhjinvJbeVlilSMYSaJDsYAYJDHJOCPluJMS6eEx1H2FVwqYao3WSXs4rl2bbbu7PSzvdJO57nDUFLNsDX54vkxNNKDXvX0ei30831WqP6BreXUdJtrM2yNPGs0z24jY7JLVCWkSRWO0EH7p4JBGOxPg37UZ8PeKP2dfjFex2tuNRj8EaqdwVFurPy4pQwWTG5lc5DDOASuOBmvYrzVIll0y1sblrO4mF7LKkp8yCLygzADBP3xyAwx8xBA5x4L8d0S9+BHxvlEccYbwNq22WEhUc/Z5A4wudpaQtwc/Njp1P5bg6ip1MPDncoOUFZrRK0ZaO7fVb7a+h+w1VGoqlWVCPOmmrWUpapNvRJpq7t1d7Ns/mB8PzkeDNdUMHVdFhjRjjIJjUbdp6c4BBAJB5Nf2h/stSeb+zZ8FCOSPh/oKZ3NjjT4B1zxt6HqMZIxk1/Fh4VQyeDNUhzgukcR5O5l2DO4jtgBh9D64r+p39nf4nfFDQ/gd8NLM6h4Xk0618GaZHp4mguQ8VvFboqrM6IRvC/KeTnnrwa/JfHjj7IuCMFk+Iz2vUo4fHY6rhqVSFOVTlnGjGonLl1imlJN2d3+HpYHJ8Xm6UcGqanSpU5yjUkqbfN7torl96W1/ne7P0aupo4Fkmlk2Qou55HJCJGASXJ6YA5xgnAANef6f8AEnwT4g1GXRtE8U6dqOpQK/nWFs4edPLco+FUksA3yggE5IGelfNE/wC0D45uFuLGVfCNzvt5kkwLpgUZGUgqUA+6flHXJHOME/lt4t/aM8Y/Af4w3xk8Q+FbC4vrSfU9Ou00aQ29hYSuZpbaeVIS800spKhiCwDYOetfz7kniXkPGOYxy/hmtVzDFKnOtKh9Xqxqyp0pQU+TntCTUX3W19LXXu0+GsXhaFWrmEqdFx5FRkqkJQcpbe0lvFOys7Xtdbo/ZbXrhdL+K9jq1mLcya34dm024E9wEmkuI5wI0toicbljVyQBnHPJINcp+0LqdtN8HfFiSeIdHsxC+nSuZb1I5oprfUIHEGA++OQsmwAkNklcZANfz+/tCft5eLPjL4Shj1K9vE1HRNSubjRNW8D+doc8Euxo1uJ7xRDcMB98RFinGDggmvjXwR8cfFVlJ5FpJ4n8Va1rhEF5J4s8RX1/ZPdzXC+Ve/YZZpIJJYXKsNylSRz3Ffp1Dw64yzjJ8biMDl9SCxFSo6dCv7OjUjTfI5Sc5VHFczu72bW2t2zheZ5PgMbl6zDHU6dShGjz+yUq/PyVbxjFRhGL91RTu203fU/tH8IX0l54R8LXTshebQNMlLAkghoFAYEnJ9QxyDkcDFdIJm3Aj7pG3IbIJI+YjBJLE4x2Occn5q/nX+G3/BZ65+HXiTQvgj8bPhhK114eOh6G/izw7KAn2OcJEuoalDMVCRQD53EIbCqeMnNfv94c8U6H4v0LS/E/hvVLTVtE1ezhvLDUbOZZbS4imjWRdroSNybtrrncrBhg/drPN8lzbInhY5hg61KNanTdOs7TozlGEeaEa1NyhJpu9rqW7Udjiw06WKqVnSlCa9pPlinaVlNpNxbbi+Vp6rfS7vr2KPjBOQSQMscbR6jp37bvXkHAFhZUbaQWBJww7Hgd+CMgkk8HG3B4OcNboOuGJB27cZPpkAbuQD0JI4z12Di/FIGUE8heMcjOcgnJxkk468tznvjyYVZO76O6lrray0V7Xvo+6Vt2VUw0o3bTaWltlf3Xa2uj0v0s27au944bnc3OQc8AH1HIyQRjPIyepzTwifeJIIOcc/NjuSB39Mfl1qEOpGR74AxuwSScjPHOMj1GMY4pzTxgcFVbAyvGec4wDg45PtwQBxWiqxjLSL2dldNtO3a1rWaVtr9GjFQcXypdEr2WidvK9k230ttr1Coyo3HoOCC2c9TkkAHPHPXnOD0UbWPOR2HfGOh46AgdCDn16kJ5pJOWwcHtk46dBgjIBHb04NKHBIKlTkqp24Le+QScg8jqASB05FaKrGyumrO7bVnq1s7pK/bo9EmhONSyvFJXT2at7y33tfrptfq7C4diMgnGR82f7p5PBxjbxggDGOgGJkA2jGRgcAggnnA9AFPGCBwBk9gYd/IOSSq+nDZ429B8vGB6McnOTtckhDfePXgEMTnjrjJPPAHbAGBVQqpSVu2nV6OMldK27S7+SMbWjzX5lts07pRsrPtf8LLZItDjcQpwCBjPPTPLY4OfmAxwM7u9IMcZbDEnjGPfJYnGMHnHPUAZxUXm7d2SBkg8hQMkngdAc56/8BXgcMaTawbcuM4yMBSTgHOPmxzyeWYdOgBtVG0lda6XttyqMduuzurvZrTUIRm2opNrTptt1Sd99Ve+l2lYuDJycgYZRuwOOhHI6djxyRnPByXZUBiWGMjJwPmJyAMDB5zjOADlt3AAOa9yiAfOCPm5BBBPOPqSeMfiO+Ijdx5I3KckMCTySM556Dsckk5yQPWZVIpLXrtdO+13otPmzRUpPuumqa2ei2vbrrpq7mg7qp5A5JIC8E8EqOeO3IxjJxg/KtIJV+bO4ZOcjJLY5UY52nHpkYPbANZP2hMklkYg4JycKM9OeSp5w3BBxQb0ZYggr0yCwJOWOeOOPlGTzgZbkmolU5tVr536JRsrXtuttEtLFRoydnZ6NPbZ6WV273atp3tdXsaJdcbjtBYkgAbmOMryPUgA+noTUJmQhjgggbgQSSQM5JHU88Y5GOmME1lteFioD7XfofoRzgDac4bnOT1z3NeS4lfILdByuBkgfXAHrgccHvispVdVok+zvZWtdvy+7/PphhJSe6Sa5XdaaKN9dtd73TbaV73NXzkGSDyQABxkkjLDnI64yT6HJNMaaMEEn5uOoOAOeBwRkN1PQ/qMdpJVQyMTjHoucHCr34HIBz9OeKzpbmUHg8fMOMk859cEc7cH37jg5SqXa99Pzd9LNO10nfya69NWdNPAOTs5xSutVdqOiWl35206rzZsy3OWyiqVDtkE4AHUnkkAjjG4nPcHAqu12AQcBgR1xkA4wSByMDj73JPXnrz0t66rtZsEZJ3En7p5I7DpnqAcYGMCsmfVZBuVT1Bxz23YJGcYBz0JHPQc8OmqlWSjFNttJJNvR26pq979LHr0MqlJJK0rKN3rtda3ffS2nW7XU7I6iEJBBwcYXPUDjO3PHzAHgccAjIGKkmtRrxlW2kZOfunJGcHjJKnuB69xXBz6pcMGDSANgDOeR0bGehI6dSTxjPSsaa9ldmIJxnkKFIbIY8YyVwDnnnqDXbRy2c0nUko6rro0uXT56a21vfdHoU8kimnO13JNrfZpX00vd66a/M9En8RBVILrljhSDnA7YxnP97sB1PFZM+vyOG/fsRhtwyBlR2HQ4PU4OOnFefzXDsTgsQMjGec4BAJwvPTHQY9sGoEmZiQ5IBAIBGQeoJPGSD3ABye3Wu+lk9KDUpSc/ub+z2d1fW9799dD06GU4WNvcTdl72rvZRaWqSd+m7311udr/bUiliJ2DbgQqknHPRucEYIwcjoMZ5FKuv3Crnz5RkknJzwB94DggAc9D0AyOlcWZOdwYjvnBwBg9uD37ZI9AOakWWRRx8+RzuzjkZzz1zkcdM5zyMV0LAUNE4xfS97LSz0tqrWX4t9TteXYflSdGHSOsbO910tdLd7/AHndReJLpSCshYMSAM7TyR2JIyFJ57g8etaUPiiQEGbkEgZDY69eB0OOr+4J6ceZm4fhSdjgEYwR0blsEZXtzgDPHNSC6dcDPRiDkDjGDkdgQMk4OMgng5xjLLKM3zQUo2dmk7dUvuerbvqr3uYzynBzTTpQv0cVZtOytG2/5b6M9fh8VQ4J6jjaeS3B6HPPGOvcegOBbHiq2OVIbgZAOSc9gQCMHjv19RivGhfsDtHBJADAbcAk43DucZJ2jGMd+auJdSMcsxJwScLgnjBzx/j74GRRDARjb329U/Pp1vZaL79/LhlkODle0ZJPVWe3M467ap2a10Xy19ZHim3DZAA/ukLyy8jBPrj04weTwKF8UQfeGANwzyQxAIJOcFeOucZyK8uSZ2j+9g8j5sHv09uMYOAA3cgcSROxbnkDAUkgZ/DkDnqcLntgrXVHDQja8k7q9rp72TurbrtoZvh/BWT9/b+a/a6d/wAvv63Z8e/FsKfBH4nusckjHwtfpGi7maSR4XCLtOc5OMgYG3AAPb8Nf2I9e0zWfBnikXmDqFr478T3whQ5RHXQfKja4GCqbHQcPgjGeuDX7OfFi2a9+Ffju2V/LabQ7kJJjdtcxSEH+HPJxzgE8kKcV+GH/BPTwJrfizxf4k8FQNd6bHqGveJ/EGr3RiULPog86yBiB4bfcRsCExu3H72CBz4iNKGBzO0v3qw1Bwj3TrTUlyqze1lbW7V1qhYfCYbAxptLlorGOpWk5NcvLShy9nqt+ul7XP59P21vttx+2R4xultnvrmZQyhWC+YGiGNuCNyIrAblGCPn4FfKviWTU7fT7qG60i4iXzJCGZ1aOInKrz2ZvrkHjJ7/AH7/AMFINIsfCn/BQ7xpoWluyWumWljaplfLOFsI85QbQCxwScZ3fM3NfGHj55JNJudjuRJOSWZjjAUsepIB/Mk4zxmv7U8OaqnwhkEoRdnlmGSi91+7p3vdrR7ed9Otv5s42lFcS5u43aljaso81vhfLJS1Wrta2jSfTa/lHh8X8gEK6dKImibzJmcKTgYPGclQeNvQ9cE4r+iz4A6tFp3wt+Gk8rvNEnhV08rO7ayOvygjtuxg5z+Bwf559MmlNksXmeW5ifa4bBKbSCGOe/fn8utfuv8AA6Wez+DfwxjjmEon0SdJGILHeZjhQ2GGT0HYdiBzXzPipRhiMHgFNWUcU2rSWlo2WnVWWtn91tfrvDCr7PEY6UU2/q0b9/jgkr6Xe99vNpWR9Oabc3fijV3kuIw1rBaTNDG33EAhcDPzZJzjByGHcc5P5Z/tmXNxo3gC+uoF2S6fp+thZU27R5+oGEjPXlH25xg/3iBur9bvCmky2Gh/apopkuJrK6cERNnaYmA5Izg5IHJ5wPXP5T/t66ZLb+ANVgSRFtZ4La1EjMDiS9mW4mDAYIKnng4LY+g+Q8Po0/7cVNPlipUopx1TkuXle62bav1u9NEz6Lj+pOOUucVzTcajae3Lyx89076xb17H4e6NYNLFG7b2XGQNxILMck9+nJBIwODwQDXp3hnR7e7+2vJblzZWvnLh2QbwDtLYJ468c5981hRxWumPDarewSMMEEZAyy5x04AJzzkn6AZ7jwxqNhaLqkD3VsZrq22IpJO47fmwMkBAq5OMndxgDmv6iVOElFTktk/eSV0kmm9Em29F97urn8yOrX53yK1n72/q0lez1s7p220ep+33/BF34WaP8UfFnxYttXt7e2kj8Jb7W/ECXFzaSxsiAwCdWQFkYksfmB24JIFfvlon7IPgLSNKntrq41+9naYTNMbp4V+ZsnCowCAhuiAFR0B6V/Pl/wAElv2kPhF+zn4t+Imr/FTxPJollrHhyGDSIbPTr3UJb6UFGkCx2cUjKQQckj0yODX7Na7/AMFaf2YRGRoWlfE7xQZWaOMaV4Q1UJP5Y+UIZLZcknk5XI6Y5wPzHPqUY5rXcY3SUbWStrCOrVlbtfy101X6Nklau8toqTUbKSbfa8WrO+993pp10seG/Er9jzxR4o/aB1jQLzxl4nsfhTJ4Subi1WwggAW+SFnhsILxh9rkZTuEs5LBSeCTgj6z+FP7IHwa0rwZ4SXUfD8+tXFtoeyW71HULq488xu67pFlZlaRgoLDoCTjnNfH/i7/AIKr+Fbi8Mvhr9nv40Xt4+nXcEE+oaVHYWrW0w2bs3CxlEO4K0gAxuz1AA6jQf21P2tNR8OaLZ+Df2KPEptI9P22N/rOq2kEEsMgZ45HCyBgH3BiTgcnBxyPGpUazk+ZxUPsLmgrWcW10fTRvTXzV/TqYiMoQcPaRlyxTcW7NxUVe70Tdveb0VlddD7Ntvg98L/CVj4qvtJ8E6BaTLpOpXMMjWUE00e2xuPmiklTcu31U4GAfvYz/Cv8XhZzfEPx7LGIo1fxbrLxRrgD/j9nC4zwFBGMemRtxwf6l/Fvx8/bt1DSvF914h+DvgXwBpdr4Q1q7v5LjWJrnUYdPS1lWU2kUZaKSco7YJz7tjcD/KpquiT+JdR1TUbq7WJ7vVb+dyAWJme6ldmDZJOWOAvHQY5OD+o8BL2axblyS0p2966ir6XfS22y31eqT+C4vcpRw0Jtp83MpStZ6LtdJJ72t6vcq6FZeHGsXn1C6VbwrIBFGFkZT0VlHPAPOenH0xcntdGKwO10otym3LMiqSCPvIwAG49x6e+BiJ8OdVlmKWhuJwIyxe2VyQvLfN0KNjJ5wPrmsfUfA14ZILFLq7adlVpY5XYFE38n5m/gOemeMjkcD9KjmlKKjFUKba0er1acdX3T10Wz3tqfnU8tqTm6kcTNJtOKTTje8Ut2rJfKzvbser6/P4fvY7WzS4tI44LSBTJ9oXadi5ZWAI5xnnJ4DDODk89bW3hyJ5Ams2aK7A4MiBNhU/xBskZJBzkZJ56CsW8+EmoRhUgma4VoYtxJIbcy5K88fLn5Tntn1Wq1v8KLho5IpG2zB8CJ1IbkDJBwVxgdjx6cnEyxrdpexhK9oxaaXWN0npqktUlq++rWNTLYqVpVptvd3Vr6aXf2vLVvZMvXkXh6e6SEa7p8ETo6SOsgYEYxjduGWPUnPp9DhW9j4RsZBDNrdhdBJWYLIVYNuwQc8kj8QFPBBwapXvwsngmtBJIsUcs5SRnZcDJAHAO4L0XOcc5JHNaQ+C9xfTCeKXT4wCRgzDc4jG0MBkEg4znv0POCOX63PmbeFpylaPLJyWiXLtumlv0d7aPU6KeDo0qUZKvU5n3a1XuvTotHs/N2djWkvvC8sL2CarZQxzxeUwilwpU99ucYwcYwcYBAx18/v/Dfhy3+y+RrVs9vb6nHLPMqh5PLJyUOScjrwGPXgYFdnH8HbmW6jikNntVSC8cicKeQeW6ew55ySMmi/wDhLdxW4htWstn2lUmZZkberMACw3E5A7ggAfKOmTVfGVq1GHPRpx5bWlzRWkWnay0jFte839+xtgYUlOXLVnJqTUndJ2bjzJJpJe711v07jNRk+Hl8s8b65axP8i70jYnCgYYrt4BI+YKR1YHnmqNr/wAK9sopI18SQTZwQ6whZEwACRxyCeR2GCQCQTVkfBfUI2jPk6fMGJJBniVt2Dg4Z85GTwRx1HpVJ/grrLzhobCzjjBw8kc8JYnOBu3Njv39OMCnHFYiUHKWHoy0Sabb5Y3ju17r1183qttCphqFOS/fVVJz2v0fL2Suk3fVu3cparZ/Dy8aaSXXt8iQKxLRFySpB2gkMVHXpwQarwN8MfLjhbVgZmiCkohjwB0wAAM9OTgD61rXHwf1iKK4DR2ixiEmQvLGGIGc7drc4Pyj5flOQDjmksPgxM0dvKsmnM7puId8EA9BndwBkcdgBj0qqWKxCkpRwlCGiSdra6PXXV9Ft1NHRpyptKtN6pNqVmtY7re7ab6aJ9tY4JvheqmOXVzLIBtXfuIXowORwccdAOcHpjGzb3nwrtLbB1NJJpbhPMjeDBaIEHDFRwOo4IPQc8GqifA+aW6R5bu0gPOTGYTEuPm7nJyThuOW5+pqHwXW0tZLqTUrYgzRjchjLbOMkfMeoyD0x83PAwq2KxE2v3dDllFJ25Vd3Svfe90tNEtmFGjSjKHPUn7qSheaX8tm7aXvtpa2j0Z0C6h8FLkzGSS1UjavzROxGOvOMdVwD9c5HNK0vwMnTIktzgAOxR+M9OvAAxzxx1zwAchvgnYiIvFqdnmSON2eSRFZdwBYKoIGfXvgHkYIMJ+EFlp8a41a3l8wjLZhITJ5x831Pfp3zWM62IjGLUaVo8sb6NuzX6e6lonbW9tehU6LbipO27fMl1jazb0v11XTro+ltPEPwi0eSA6KsC3LOVaWON1JI+VdxK9MEk9hyfQMt94p8EOxQSiOeSQnzooy+7Lc7SwyMc85yCCPTHGXHw/0XS5LeeW+imxLsUIUKNuJXnacg5yB0xzjBHG8nhHw9qG6PzYhJbx5UArGmcgHLBgSD1Bx8pzxk4C9tVTUvZ0rvo7W2Sasl8920/XXVqneK9q1ay5eZpSWivrbV2ba8twufFfgpD9lluJxlQkjlZCAFwQQjZGTk5JG0E9eQawbrxV8MVKoJMncQ7G0TljgnI24BO4nJwcAE1Bb/DmG+8Tw2LapapazjzGIlVgBtYhSzHjAUDAzjPGTnNPUPhhZxTTIl9ZeXJdPEpSQO5AOAxY5Ayf73IAFK9b3ZQp0byabTSS1S0eltmt7X6MqpC8eZV6nKknFqW1rWVle/S7e71tu30tp4t+GcNots0lwYQA0K/ZwoUscsVIXdlhwcAbsgfdrAvvE3w7nl/ctqEStuGVV1DMBgE8Yx69sHGccC5bfDO0D28RvrV1iRCEkkjHXg5YHnGB79OcCrjfDSHzCN9gY3dv+WhJAOMMGLdevOeOCTyMJVcUny8uFjq73s9uVvfo1fq7PbRA8IqlNe/NpPW7s3qnbqn5WWqWhg2vi3wStrPBvvmjjLEloySpY5LZIHccLkeuO1XrTxV4DQxzRG6eVYiUfyMlWBBBB2ZBDfdOeTgA+sMfw0hgnukMloYZFkVV88kA92YdSQfmAAODnHXJ0NP8ABFjBEEVrSUKgLMsjMQByVAySMd+uPm9azeKrwkozWH5bpN+69FZaOPfor30enV1SwzUbc07tNXvtbl0bW6d77bK25Pe+PPCV1ZGC4jvbgYKiNogoD4+b+EE9eMkZPHU5rlD458EaY8kb294IZY8BHUhBsOR8qr2J65BOQTkHI7RfhrZ38TXKNKu1ywWNJMEEdcEDIz8xyOBgg5IJ43xf8NtPt7KFpJHiE04UTMHViPfHU5Un5jg9VHcZVcXLmf7yjzWVvevdLlSTSvy7rfs733Kp4So23aVpLSbejStd9k9lqna6d0ipN8RfBcqRx26Sqs7hF2wKUBYAY5XO0k9QxJxz15+o/DXjL4e6BoWgg2GL25t2b7UNNbfubIyziLMmM8MrEEYxnINfI9j4H8PRQwiWRrnaSwZc5yp46cAZGCc/MrE4GRX6beHtJ0y58B+Db3+wLaV0skhXzLBGVokUKrl/LJZiBlnzyT1x09TLZ1ZuV61GMqai022/d6tRWl9dru5pDCwpKUqnNLmSvra17X2TSu3vrfpoeQ2HxG8F/wDCV6TfBg8VvBOJ3Ni6uHIOCoSMsecdeVB255+b1JvjL4CCNJJcyoqDaALGXJP945UkDA5U/Lwck8itKDQtLXx5pUR0jSxGNMkcwraxBNzgsDtxhmAGQTgqQ2cZBPph0Hw5LGUfQNL3hSCv2BMk9STmPqcdAe/UkGumq8ROcrV6bfOldR0ekdNXbRW6eT2s8qtXD0Iteyl7sb2sla6Wl7d3rbTRs8NHxl+HjSO4vLpwkZwv2CUICRnpsOMj6dx7Hj/E/wAXvBl/baT9mkuxHZatFPcf6PLGqRgc7FKgFsjJC5Iz3619LPovhtLdifDulJhThjYRjJycjOwE9Buxzxz0rxrx1pOiKfDqppFjDA+so03lW0IbywMN5i7cshOcqQOuPlUE1zyp4hQn+9haybXKtVeLTb2sur1s16nNHE0q6hywmm9FdXtqtNkkr318901Yw3+PPgDMpRr+UY42QTgYwAxA2+vU8ds88U2z/aF+HiKEEN8WJYkfZZC2cH+IISe/P94YHJIPo8UPw9kdmh0vSFEKsG32UaoxBGRwmG5HGOhbGM1ftofh3NOpTSdFV1yCpso+X2nJ3bCB83GMg4JB5yDhTnU9qo1K1BNW95R0u3G2re23S6t5o9KlCThoqj2Vrc178qdvdvZaXu2tIo8Uvvj14NXxJaanDb6tcW6aZLbzRLbT71cyDG1QgLAdDjdyMYBNb9x8ZfCEdlbTJoWsO0p8wAWUgkyecltmR6jcw9TuNeiaqfANp4j8O3H2PRIbbyLqOYm2jWBJCrFBKdoDEHOMknAIAxjHZWureBo9IS583Q5WjLvt+zRuSqtwyhQQVUY6gAZxjoRrLD1FGVVV6KvJaqKdrqDbvdavRWTXUy5+aahad4wdtL2V46NNLdSsne6s9NLnyx46+N2i2uhaq9voGtxefp5BkaykUDcuB5kjR4XOcHJGfbg18VQ/GLw0kLWs2gSEqpdt7jDSMSwLI5VeMEk4GCfTOf1E+JOr+BvEPgrWovO02GK/sZYiq2yxRxhFI80uoUrsOCFGAcZPWvzGk+E3w5S4LyeOraTYpmcIAcKWJKcnHAOF3ehGR283HuoqlPlnTquSi29Ek242dr9eyeyV99YbknZOaSbt0+K1r6fg/LzIR8W/DL20YXwpsO4ch12sNv8AEjMAxIzjgcnttGbMXxb8KCIKvhOIPgk8I3XlW5OVAyRzx04zwW3HhX4PWsCJL4uglbeQBtnBTJwSAvyjb14IHGDkHFVP+Ee+C1riQeK2nDL5bDyJVCnorAhcgL1CgkE4HHJopuskryp/Dq0tbaLZa26XWmttkc1Sm5vSeyV/etJP3dUtG+j9Neuk4+LfhchB/wAIwpkeQBsLG/APA45+gwT069aS4+LPhVJ5M+GArRhFw0cS55zhlPHHVcg9c8cVcsvCPwUZoiniS9mkEiSfu4pFUYO7bnG5QMgDI5GBuOBh1xo/wbkmnkF7O0kjFcSxXJxtwNxIAHTdnr8uTkYLNrGVWLTUouV0mkrqOiSvrZttXs3rdP0yhRhG8ZzVo8u8m9UvVXV2ut3f1M4/F/wqDx4XRR94kJb4z0YkHPOehXAyPxqBfjD4WdQqeHAMyKo/cwnucbsKM5/2s856knOvHofwpSLH2ncR8oaG1nkbBJ4CyLtz0PPPHIwwyQ+H/hW6xhJLyeRZVKrJbvChYMTnMSY4HY8nAHPal7ZysnBNK7XIk3ttfW69PyCrSw7s1UirN395vS8dLN2tdPrfXW5Rvvix4WSUpJ4ZAdI1O4wxdGC7Rg4PH3iPl47EkLWbJ8WPDIVceHtozhTsgJLMOucHIBzkYGewAyTtavZfCmO7mE0REgRPvRTnIxyVJXn0BHfkA5wMvZ8HyEWWBtwAJIS4+fAyMgjA2kbfcYHOOFGpUUm4ytfblVnbRatJRvfZ66aWW5jLD4f3U5JtXavJtLbRrRdbK8rK2+pmn4p+Hllgkj0GJgDg5WEEFjkZ2gHJbgj7wODyRk9ddfFvQrZo7afw8sUggVnzHAy7SM+mRkHkYzgYOSCRztu3wfjZWksnfM6n5EmDOoOQFJGQccDIxkEnHSu18QXHwX+0Wkp0i5Jmso9xEdxujAUAKSw5bjgr8pBNKVasnFKom7p/Dd393TZvybelvLUcMJQmvel7tukttrLbe3W1tu6MKH4ueGpEYpoM5jXACLFGQCAc4wvqMjrxnio0+Lvh0TBH0K9Ysfl3BchjwQMENjIGFOB0AA6UQzfBtBIE0/VowzZwqyqOAvPQcZGCxwScYHTAlz8FFkSQWOqmWErJli6sPmyMZwAehyR14OQKcq9aTi5zjeNn8LWunVvR9r/IqngqEZJ0580tHJc2+sfO+qVld200s9SJvjDoBlCf8I1csRkbXkCtkE4zyCOxIHbk8HNH/C4dJDJs8OS5VgSPOLbT8oAABwADkgHPQdySvSaDpHwp8RatcRWXhvxLqk7xiZYdNtpbu4kP8ZWKJWbauPmYDAJ65OD1uq+Cfh9odub+6+HHjy2hRlT7Xf6Vc21qMgMAZpFEY9NrHOcgjivLq5zhqFeOGq5ngaeIbShRqVaarNScYxUYOalJNrRpavbV3Ox5VVlSdVYPEVaN/eqwjNwtFJt8691JK176LmafZcFbfHPS45HYeHHBVcD94CS2Tg4JJBGPlGSAQOlbV38e44JrZl8ORMskIYGVFDjphSMcgZ5P1yOppzWvw2nci28G6vIrryfKAKtjIzgYyeAe3A+opb/Aa3UcMng/UHkQ+Ssb/wCtVjuAQZY47Z2469MHj0oVa2IhzLE0Wk7ppW0922l/lr0OB0cNRmr0fe00m03a8dbpvVf0mtFJN+0FdRIxTw9piBssAUBZs4I5CkHPXOR7EjOWWnx+vnaMLoWlgyEhVaFWIyODlU4GOuc5wMZ73Wt/DKxyyf8ACu9UeOM8sUzGoyBy/KjOOeuOp9RzaP4YmuEii8E6hBulcBjnaFXP8XJHOeRtOOCASFp04zcP95pt3fupbtWbT6Xd7atX6aq4XpOquWkldKNm99Y6p3XvbL1aNVf2itUga4hGj6QpRyAnlKquRxkkqcd+4/75xSP+0ZrbxsTpWlxkgAbRnJyOmFOOh65xk5Nbk2neBoIle98CahcvJGJDJDtwSBu5YHk8nJzwCSeRQLn4ZGHafh3fDB2DfIqElcgrwV54IK4znA7VSl7OKnKak0knGN21ayV0n1utvd018uiWHhNezlSsktL2afwrRXb7dX0ve+vOH9oLX5wzDR7bCRMT5WeQM56DA4J4YgqPTBFZ4+PWtzxlV0i0GNoB8zOTnoSQe/JPTJ6YrvVPw9mkMVt8PdRQtCyACcqu5lLLuOdpHQ+wGCSea423vvh5Abi3l8DXDSQXLLKRMRs2tyF5zx0IwBnByMDDp14VW4xTk0027Lo4vTqrW622b9cXh6UITT5Yp3T5oxX8rurKytfS2u/kihP8a/EWY2XSbUgDI3MCvA5IzjaB6kbehBxSD40+I2XL6VpzKAeMIA2Qcfd7DoQ3XOMGtV9Z+HCnePA12wIZBuuGI69DyQBnJGc4xkY5JdDrPw9IjQ+ALh/Obah8/wC8c8AHP4kcsd3OVya0qV6Ki/bqWnLFJtRe0Vfra7V7/c+oUMPS5GoVIXbt7tlrppqtL+l29upxJ+LuvNKJG0LTwFYkbMgZJwB8uO4GcABuRjOdp/wt/XZGbGjacNjHgBSB2OTgY6jGcj3rp9V8QeBLB5In+HFzEEwVaS4IXbwMZHHpjuM4ALcDlX8Y+Bfn/wCKLmjxyAs2cEnpneOAPTJ9+eIo1Kbqx9lJ8qfvSbi0tI3S13397ez0fU0qYeLUVJxk4tNxa1bvHolrZ6pvf8An+Leu3JdBo+l7ugbZE2DgZIJHBPUZ5BAO7iu5j8SyP4ft/wC17eC1nvbiyNu0axrGEVw7H5ec4znjtyDkbfMz438Dxs7L4NbOMqHn4yT3wWI7j5QCS38WRXr2gy6F440zQ7WHQhaG41BYo2LGVkjQ/MqDJIGSe2Tng9MutUpxpzc+ZrSSvorxtdu2t3o27a9dbJns+WpS5Ix5pShbbv6O+j+Tv3R9KaX4k8N2Ntbz2txZPHe6csPmK6BjIqBW6sATyQR27k810Gg3djFrwuGvrGCBre0klkd4lVdshbZkEkOQSTkDkcGvJx4Etn0aSz07R3u7vTL5rWJYvMM3lB8sxRTkE9jjAIx2Ndv4X/ZV+L3xJ1RF0HQrnTNEmigjlubuSaLYuRllBKklOSOTnqcLg15eGwccVCToqpKM7pKMW1eTSWqTVk7P5p97bTrujUcZrlcVHXmt8SimlvpzLff5Ns+r9Q8V6fa+H/EzaWllcRXFrGI54ihImMYCIH/jJYnO307MQa/LbxD8MPiH8Q7m0t/DfhfUb+6n1C63GO0cwkSyNjbIFxtO7kkjOCAcYr90fg9+wrJoNqo8W6jdauphhje3VmFp+7C8hScM4OfmAyfU4Nfo78Lf2f8Awn4dgthY+H7W2is41CTSW6Icg43k7cvnkg4JwQDt4K/RZPwzXpuUqrjCnUtzKSfNum7dVu326dNfNxObQ5oqGrv0astU+ict313drH8yvwo/4JmfHvxpf2q6zYweHrBJYW825+aQ7nVhhELAEDgHnvyQOP6DvBH/AAT+8BQeHfDI8aytrF3pGmWNm0crhIS1qqtI6FSGKFlx5ZyCp6Z6/e1lpfhrQWTEFq83ylSqrhGA78bVCHAHBO0D2zDrXjnwZocLXmsalYw4UkRmZCVx/djyAQOOdp/iHG0Z9+pkWBhKE5XvSVk+bdu19X0e35IvD5nWlFxhTd5WT91WSaS0b6W6a66eZleBvhD8LPCen/YNJ8LaYzoqFbl9PgRgiD5VZygJUeuST1PJxXtdpqmgaTbxw2Wn2IMIBBjgVIkVcDAOAuBjA28lRxyM18HfEL9tD4b+EoLnZqdlFHEHAUywAzbQeSgw2Bjox4PUZ6/nh8Tv+Cn1mBcWfhcS3jgukYtVKREjoWkI5GcE43Z6CtVWweFcXCLlNRS5Yau+jV7XV9Ertu99u9zw+LxMVeaoxsruTSvflbfvJWab3erV0rWP3u1X4o6RZqz3ep2dqUBIjV0GxcYGS2CBnuMDknPY/P8A43/a++FfgaCWXWvENmZIVYvEt9FuGwEncobOMjPQAH8cfzKfEL9s74xeOJJlg1B9Fs5QwIindZQhGMl/vDA5IOMdBzzXyjrfiLWNauHuNc1u81OSRju+0XczhjkliMtyQcgYHY+tZVc6xNPXD4eMNEuepKT7fZTWumz/AEaLpZXgrp4irOu10i763itG0+nZNWbe6P6LviP/AMFbvhtofn2/hu2i1O4iLbEjWRiW5VSWRcA/TJyx96+GvHX/AAVa+NXiWWWLwhosFhDIxWKVt6lUJYDPQgd+ByevIY1+TkMtmrb4oYGLDk/eIC45O8AqxIy3BGAccZx0ljq8MZ2tIVYDOwDC5bHYc8HPGfbNc8MzzGs0qmOnST05Kdo/y3Wt2107/mFWnhKGlHA03ytWnOKbbTik76Jr06aa6H1H4i/ao/al8eu/2zx9d6VBISXgs53UqhJOwBWyRggjgY46nJPmN5b/ABE8UOZdf+IXie9aXIkH9p3AjIyAQAJsYO0A54ycY9ef07WbcuuCgOFBKgjPHfqeh57kkFc8mu40/V7WQZL4IUH5QQCo64+6CRgnH1wTncO2nSo1XF1cTUrvS7nUa1Sjpq9776dDy6uNxkVanCNLayjCz6JNWj2tZvXRbWRz9v8ACTTLkg6lqWoXrMoLfabyaUyEkdSzngnpzxnqSOeptPhF4PgdcW6FmA8wNHuAB4GCwYt7En5ux4rpbfUbVtoXGTgdGIwvygEdsgfyJIrpbXVUDB/KjYKqqDjGCeGwSAB2OffjGee+lg8DeLjSpN6brm/l3vouq731e55lTMMepe/Wqqy01mlb3e21lonra3nc56y+FHhpmQQ2MexS2SYUBOBn5SV5PPHCggZ5AOOji8B6LaqRHpkPBJ8wxJjrxwAeOhAGAOhAGMddp135gQ79g3ttXknt8pYglf09jmtp7lJIgvycFmPJBIAPPQjJHPqM44Ar0KOEwzaSpUflFXv7ulk27aXbbdlr5HDVxWInO861STeybl/dbaTbaej1/wCGfk9x4f0+2jc/Z7dcMQR5QDEHOAcDPAHygZz6crXJX+lWyI6bIojuJ2hMLtPfPXOeoXnqR3r1fWJbQZVDywJOByM9Dludwzg8Ebge2BXk+sXG6TbvYKoADcMeh4I7DtjAGBkAVjiMPGK9zlilfSNn2V1JJ3vppq99i8PWlKylJuyv8TezV29N7a7pX010vyUljbO+4ui4JAKJxgEZDAjqMYwAc5zgZWqjWUaIwCIVJJD+WA59CRg/MMfgMdsVdOwuWbKKfvchVZ+pLYbJ9yD2qKW6i2EeYiscjk5HHUdxyfbJHXA4rkUY3W19NXp0Wl9UrdNFrc7krpK+72b0u7Xeruk/Ppa+zS4jWo8KUSMKAcFk4GQQDkHkcjOScnrnA546Ty0dVkjXODnaw9PlOM9MjJI7kYAxXWa3e28Yfecjac4YYySRxgktk9R2zx2rz+61G1SRjlHGxV3AnIzyT0JxnvnoMc4xWU1T7q+trPRNJavTfdpbb37m1BTgm7tpSXu6+TT1Serbt6vvd9JY2/nSx+XGzovAUAYDsPu7u7exzk9QcEV1Vtp87IT9kK7WHz7XUkkj72B1Ue+Occ4FedWGvrbnbFtG5SVySAG659GJXd0I7HBOa6QeNLtFSNXVcICTyygDjr93sNw5PPua4J/HzXilZJK+zvC6021b6rqk+g5ym53ulezfW1uXRNa2vZvyS+XUC1uIQzPZyZHzBm3AYzkFsjqTk9PUY4IoQX21mSAltwCKufu9QDggDOSCvseQcVyEnjHV5JcmUFWBwvl5BC/cJBBHYjkheex5qk3ifxCzKIZiqEMzeXH0BwMDgAkcZxg5weO4nG3vJtpL1krxd9ru+mnW6vclqppJyXLsrNprZ28tW2rq93pfU73yNVfKmBiWABwxDKAM9xxyNpyO3WqU2lazK3ETthWAG4AD0LEHPpn5hjPUYOOJbXPFJdSkt2DtODsUEgEkHHJ+YEcNg849Kjk1TxSxDGe8OFzxt25OQc+vTjnK5AzkcpRjbl9k3eV17zvZqLtt5Wd0lp11GuZNXlG91dau9rWsrpaNfe7p9/QItB1aUoHSNGIyHaRRtBI4yGAIC4BJHUcHrjag8MXUg/eyQxlAF+aYYYsQTnnpnrk49j0Plf27xIwUtLdOQo+XO3ngHkEE7sdVJJJ5A6VdS78RyjDeeFB4YycjaDgdSOTgY6YGSTyKipCbj/As2tb3u7W95X0W/wA97WIlK0l+8sle3Kn/AHU7vVer3T67Hpcnh5PmU6haRAFVyJckdiQNw5JGM8EZIHXAzpPDsMYcHVbc7+CcjnBzjHIz64bb654rhi2qowIl+Y5zk/MCASSdxA3cBuhPPX1ia8vY1csQ54OWZQwbJBxknj1wTwck5Azyeym2k6T6tXWi2VtOiu9dO+ivfeNVSSXO+9notVFu1rt+fZpaXOj1DSLiGNVsr2BmCHgbQTyQOQACxAPoRjPQYPH3eleIBEypdw4IBRQytuJwDkgnnJIOSM8Ejip/7XnCEO8QIUqRuXcCeOrHHbG7OMdDjmmDUl25knR12AhQ6grjnnABJGRkZAHOcHipWBlLmXIm7K7el/hWiTtputEldrpZ37ZxekpO1uVtO6b5bX1vsvvd7bI4+7sPFgZxHdjCgDCkMVzjIHGTgj9cEYrPMHi6CNzI4dQwAdyMnB4wS3A29c45PJ5JruxqlqG3M0YEmQzGUY2jp0Gc47gj3AzmoW1CyIkJmjl3YKrG5cc/dG0ZXp6f/WrGeVvZQeysl0tbX79eivd+T0hjLXvv1TTVnePfZJ9rnkeo3HiQs6ymV+Cf3eAq5I5LA5XGO578YPIo2E+tyytB5Mu8qnzqxbcepOCSB8uM4GeeMkCvVFia6neK00+e4Z2KopU7TkccHC5yBjrwOK9Q8FfB/wAY+IbuCVdO+yQMAMmMqQjkjpsXL8dzk56ZPHfl/D2OxVaCoYWtNXSclTdteW+vLo9v1tsc9fM6dOLcqkYaapyd9Uls7O22m70a6oPhfo9y6QGUyiVmTMQyVJ68EdRwCRgnjno2PtPwr4akkWDYGLMwUq6kZbrgAD7oyQMdT19t/wCGn7PeqWtvAZrQIQUDTuGXGMEkBgCMg5BAJGMHDZz9f+HPhnp2jxxfaWDTLtB3RjkjtknAye2cHJIB2mv3fh3hDFQp05VaTpu0W7p6v3dEua3bppd6Wtb5OvnFBTlrFt6vbW3Kt7bO600e+m6PM/Cvgy4eVc24ySu45+VODyWPB4GOcdDyTkD3rSfDVvZgGZTvdAMYUhQB2XphevI59RzW7DFZ2SbIYokTaVBRQHIUYHIxzjpjjPI68yfaQQG35G0jDEjAXsM4OeedufUHAxX6ThsnWHhFbuyv7u/w3vZLezstG9utzzKmZ06jabVns07NJ2dm/k7J69fIaLC0Tcscfy7SN2QMHqSRgKSxBOG6EdMHiu9tCMYOAASOOWweAxHPfBx3B/vVYNwrZzwCRwMEHHBznGBkcnIP6EwvPGQTkR5OQVDEADIAIbI4yff7pb1qquFaTvG1ttL2va9klfVP0eumzCGLpy+FWdlbzvyrRp30b6b3Xe5nTwqCnynHJ4OCMZPOSfbOMEr78Cm6o+ScrjLAAFsntk4GF4OB0BJAAGAb0khBbqd3RmPb/dzxtXccnrjj5qzpJUGcZOQ3TAUKSOSM4KgZJGSM52ryMeTVpNp2Wqa5dL63V159NVt36HZRqWcGna9rPVNJ67u6tZW/4YpS+WSFZWLKnyljnLHPJHUYPO04wcYzjNZk6M0fQDJPJKhgRwCS3boc+i5wSMVoSyIFHLHhhnA+ZvTjOQPm6dMc+oyrh12dCwySwzgBQ2cjB9MdTkjHJ7+dXoKrCcKkFJSTTTS6uOuqfd7fdY+jyvF1KGIo1ac5U5QnGdOadpKScHo76Wdno1aSdu69o+EnjNtOuzpd7cGQKyeQXLu55AG046ZOB3AxnO2v0j+HviE3BhUuFXEZkRtw3DCAEdd3Uk9OgDEnmvxhXVZNKvYNRtTIstvIrqVAIXBBAccgjb1LLnnB2819r/Cz4vy3CWDSOJXBjQscICc4dWOQSxIbbgAFeAcYFfw/47cB/V8Z/bGCop0q7bqJRSjCpdPlW1lK3N01vbsv9s/on+J1PxF4DXCuZYmNTPMnoxpQVWS9pXw8YpU5xUnduKtFvpoz9lPB87uITFjY2CCB8oyOMDvg5B+UcHp3P0v4ZmIWMGM5wmfnwvLKGxtIGO/AwMngADH5v+A/iVkRESNJuCgxBmyuRuwuPlGSTnqM5AJzuP1H4W+INy6oCrgKVXYwJO04CnI5ZugGfUqcggD+X1QlT91xas0uu+nezdtLXdvRntcfcG5mqldezXKm3zX1fS++t/mt7XWj+8dFeJkG5NofGVLAjoMD0JIz/EDjGRniuwhijKEsFAz05z16g5Pb15OPlAr5k8P+NryRE8sOiuF69dxAB7ErkcHsRzgncT6pY+IryULhyMgE8gDO0HvkADBGMZPGMknNewU1old2bs7Xta3R2Xl03T3P5Zzrh/GYWvP2koxbk3a7duVp9t/TVX66M9P+zIw4JGAMKcnGMYPRieDt7A8ZJABpwsI2yTls8EE7Rg8kDpn0AyOwxk88SmsXUmAZFQjB4JJxk/dA4GT09+h/u211S7LDMr8gdM4Jx8pOenU85yPXscXl85PSyV9r6q/L8r6620tJbJXPl6mGrwdnUimlbR7x92y+931Sv0XQ6k2EYJAXn+7gfXknPPTtwBjtSGyQDgDrkBQCQADnr0xjjbg8DIwAa59NRuGPzSSfkBnnHckjJ4HTntk8ytcyvjJl6DIGDnsc4Jz64AAHU1nLKJyaaadrarW+2+r0e3XrrdmNpwsnO62dtez77rTbsbwtYwMFVY9hkcE5OcHpk84BByPyYbeBMnIYDOMgA7uQSSBjbg5BILYAz6jA86Zs4EigA8gnp0xlc5J9s5756UpW5dj8kpONzY3c85GcqOCeuOe+QKyeS1b6RXb4dV8L1Vuvk153vcn2kY/FUaV+6Vvhsk9LPVabrS61NzZbqMKB6YGOp5OcgcnIBwMnjjgEoxg9VHXJzuxgHoOoz045yPcVji2vSQAk4425PQHaSOe4G3B4ODx3pp02+YgpDPkjqCR1OOeFIGTzgYIIx8vFUslm7Whqt7Q9N7LyVrKzTXqHPQlvWje7Wslo1y33uk113sra6mwJrdcglOPulSfXkYGMjODwecnOMUouYBuOVOcn5mxnOeCM5x6AA+uBzWH/AGTqTAgW0jHPViVJOOecY9eOD0PHAobQ9SIINu3GOCeT3zjGcdeMDPHy4FdFLJqkWrU3bTVR6vl/B9dVv0d2Q3hkm3Xje38ys7ONr9ddn00ur9OjF9a4BDoCRnBO4Hgk8DuACfr3wBV+LULZT8pjHyOCQGHOG6Fvx45xnAJBNckug6twSgXpwSM4xxnnnIwOepHHNX4vDWqNycA7WxnIAyOW+X05Xtzyc449TD5TUt8Fuqdt+VJ2SvpurdF2bOOU8GnG9ZSV4qylbV2vd37ebbu0mre9+VfjW+UftIaIsctqJDbay3mSyKJIizyfMBuX5VwSeCOAQATXoPxCnh07TtYuYvEti+pzaN5ogMwlkUqCS8cKscIqgMzkAA542815Z4w+AviXxf8AtH6BrTa3a2tjZJrdm9qJ3ikmMwcgExEMVORgkdD1Br1j4i/srRXFhe6rcazeabctoNzp4ubOd/Lt0eORGkk81gWIU4LDOML3FfjWccMUK2GlVeIi6k61WM4wi70L1ndtJ3k7Pmvra+m+n9FZTnWV0K+W0q9b6u6OGwsqUXTVRYpKEFa8kuRNqzbTa36H5e/HLxJe6l4U1C0n15NSuHOnqXtLlIo7YPMpCSFiNzkHlRzjnPp+rlvpviKw/Zh0uRNchls08GaXc3E7ncCRZxboEJPJRAAMZy+SBggV+P2qf8E7YLu6u3i+NviW4jOq22p3EMbvPbeTFMrtbuAzKVz8oDYwM4PANfuJ4k+G95d/s5Wfhjw/qdxMsHhPTdPhCRRpIxghSFrh8kYZ9rHC7g5GSDyR34HhjL8FQjh8Pi6uKn7KdWTpwnRkpSUE1ecvfu7p9LaJM7eIuO1jsVkFKrgaWEo4XO8O5Tk6deM6XNG9SzSceW17625tNnf8ofjZ4ovbL9mLxpdte27rJos+zLFZSvmsoG0jIzng46jHIwK/CTwf8SdbQ2NqLcvDJcKqNHId7L5fzFs+nJyDzgdMZb9//jh+yB8Rb79n/wAaafpOt3eoT3GnQhYSIiFYuJJbZB95HU5zgbT0wc8fjLpf7FvxXgexWF7zMR3naYFkjkCbSmQ2SARwpAPsckV/Q3hzw1Sr5NV/2iaqRnCUqT5Vyvkjtdr3el927p22fzvG3iRRy3ijDxwPs8RhJKcp1aHw3lUgnGSaeqSs/W+q0Pnbxt8fW8P6vNp9zHqCjbMVZVfYHRj1cLjHAIxgAjODxt7TwV8bp76x0++tpisVzBcM0Tks7SRKVwe4IPY9SPu+nsGofsD/ABT1Yq1/HLIs4kG+5S2dgHJOTuJI6/gfXIq3p/7BHxF0yzhsLPU7O2WxLiJIYGM+JiDKpIG0u5Jy4YEZ6819VLIasJuTfu6XlJpp7XcY3bjfXTTpuyMD4qKOLxNWvKHsJwfsaaSi4yXI03Jybtuuib22TXkfgf4n6nqWqXdw2oPZJbXE2H8tsESyc/MVAOQ27kngZPUGuM/af8Y6q2o+Gbiz1xRiyYTPny2fO0YAypYEcs3bPGMZP1z4T/Yd8X2V4lld6jqCLcXI89vs6lQWbAMZ44OehOMEgAc46f42/wDBO/xNrs+hCe7uY1trJVieRYlWRSA5DdNrEjBUk9htHJF4fI1CVOsnFpyl7RTbT96Nk7SfJfmSv7r+RhjPEqWLynE4OhGf1xyhKi41ZRckp3laSk4ppacqSslpuj8hU8X6wtncJJraqF2OWWVyIwMkKASQORgADjp9ZYPGMl3qulx33iKTylCATrIQVyuG3Atj5mz74IOe1ff1v/wTe15Y7qRbxVDkpGs6IYsIM87SW6AEDGPwplj/AME1fEuo3iSzanZwQsFiiSCBn+ZWGWPXOccHjoSeAQvt0ModSTcYyveMU4q3ZLldvvsrdNdn8riON+IcJCE5ulaMac5c9ec5WhZ6q+7tay2ujzHwfqg1u3htdO1+0mmjlSF0a5YM8YBKsyhuMgEsByc+ua9YutPMX2OBtdsI5I4wwIuiQ7bsbR8+Qc4GcY4556+5/C3/AIJkanB4ojuLrXr6CAyLvEAjRZWCBSEUspy3HLA8fKQOh+zLf/gmb4KF5Yy6hqurbo13SAOjF2LAnIZ8fNjuo49DXk4/L4ZfVUKtSo4txckqUWkm7WbW7WuqScdb+f6jw74oVsxyV4qpRw9OrSapSjOrK7jBpJtpaJ6tX3d9z8g01Ge3vfGNlc6nbtGoCJJ9o3BHeFyWOGGQPoQQTnJ5rorO8j0z4BATanDJHOt/etcLKz5US8hSSxDYyRtxzwAV5P686p/wTS+FumWHizU7WTUmkvLJZJvMKuzERsq7dzAZO4NxgnvnNUp/+CePhS4/Z7021tLm7RFjntQpiTcVnkcyNITuPy52gZ5wxbPStKU8I6S5VK8atOMVOHLzRim56aJqUr22t+J5S4wxtapUvOi3Up4ihTlCrKUY1685Tpwk5JLlel2k9N9NT+aPXfivpp1dYFv7uS3t4wI2tppgcqDwQSRgnIbGcDPUAZjtviTE95aSwT37LKjOyys4D/Lt4YgDlRggnpgjPNfrNc/8E2/h9Y32oNdahevJyBELZTsI/iyBwGxnKhcjI4xgU5v2GfBOnvEY5Zbsi2eMF4UxEAow20YGADyDzwTjrt9aDoVacXTozlOVWMbWd9JQaV29rJraz09X+cZhU4pnKpPGY/BUF7SNS3PzSUVOLj713a1ldarR9EeT/sc+M7XXbH4rxySsrab4E1O4hid2crLLGyu3UjaQoA7npXz94m8SzgeIQrFHGhvcPuzlnm3odp5UAhewHqc5Nfqz+zl+yLpHha2+Js+nFohfeCb63n4Uhty4HOSAD16g4PBOc15j4j/ZT0iK11S8kWSZL3TXtpGwi4jihBQoQMcuScD5umR1rqy/K8RUxWM5MLUmoqjL3b3doR1a2Vn20XRanxWYcWVacaNDEZ3BVPfpzkqiUXd+6k7rVXt6230Pym0vWLqbwzqFvJemADSYHKL8mWErlSxGOckYJ5zkk5xX9Pn7Gdlq+o/sFeDLWxvLW3u28Oa6Gurgli8RaQMvmdmIOBz14IzkH8ez+zP4Ut/Dc8Em4wz2EEUk0SI1zuSVmAG08BSeeAcj2FfvB+zR8KXs/wBhXw9oOmTXUMC6dqlpaSxAfajO0kgjXf0CYIA+6B74wPxrxiyjN8RluT/V8FiXP+3aVoqEmlFQk3olZx7Jt31b01PpOCeKsDRq1I4rNaMoRoxvOdXmS/eRk5pN2ty6q+qWl0mj1Pwz8KptL+AsguNWtrq0t/hvrtzcEReWPtM9pNIEfpuZWPEgznuctX8ZniWaCPV9dE0Uzsmua4itHu8vaL2dVIbOMHAXjjGep5r+4/S/h9qFp8FbjQpH1adY/hnfxakbp1BeU2Ugdgw4bIO0YGeowVANfzFa1+zpo8f2h4dBhd5tV1FxPPcSOXWe7lLLIpZlG5mY5GQCWGRg5+j8BeDOKMXU4kqU8oxEpqvhVNJON3JTfPZ2aVoqysrN2tZHx3in458F8LPALPeJqNSGKniPqlO0V7tJ07+7DRq8le+rXW2p+XsV3bfuI4reWJjG7ExoJcgZ3HAUnkZGOQBz2OaIujDDFdhmiWC6CKBAdxGc5+UHC5zuzjp6Zx+nll8AdMtQjS6VokexnjAMhAAOSDg85XGDnkgkZwTSQ/AzSy72ElrohHnRzbhEj/Lu5RT5ZyuD8/I+7k5wK/pN+HHGldThTyapBSUk/aTikk4wV1Zt6cqbT1tskz8NxH0nPClTVaWcyq8jTcKVFpN/u1FJOSXTrpr20P3P/wCCdviXwfY/sp/Dh7q6bUL+aC98yGC1naaNmlPCrGpJXBP3Rxjt3++vCfj7dpjW+i6BreoBLwjy7azkhTO5gvzSAFiAeemRgE9K5/8AYP8Ah14Y0f8AZ/8AhvHHpmmR3tva30Qkhs4fL2Mz9PlAc8AFmOScknkmvszwZoEdiWhgWLy5dWldmVURi3mEgKVXIUjKj5sDjjHzD/NvinwgzqlxlxDPF4hUbZtjVUjBKUk3WacW3e7T0utO+juf0RgfF/hvPsiwOKwmXYnEU8RhcLiKDr4lU4OLpxlB8tOLajZ6Rcr6vXZn8Gv7fN5rzftl/Gq3udHntLi41O3ZLaWP97GksJZBIVO1XIIJzjjPUZr5DbT/ABA1okSWbM5lYHliRkHkkBiBxgA8ZGRnIz+537evw50K5/bM+M2p3ujXV1Lc3emzo0bqFPl26hnIJOCSCBhcH7oHIr5jtvDuhW6eRB4OTMpMitKEZyzMAoUZ69gpJIBGBgGv788PPDLMMTwrw84SXJHLMLGM5q7cVRpxu9N3y7dLvV7H8l8ffSu4WyHPc1wFWniHWwmKq0alKlJOMZQkoulGTfM+Xbmau9LpH5Z6p4Z1+KKMT2t05DKxVELcNz8oAyR2zg44BAYgBf8AhH/EJLR2+k3pOVOZIJD8u0DIxk8nODyMk/3Tj9YNR0iSOErF4Ktwi28ec2qOAQMg7im4YwOBk4z13DPMTJc/ZIni8JwJO7rGWMQUlQQMKCoI5ydoycH+LBA/S6Xg/mFW0o4uhTTduVRva1t3e13fW1reXLp+NZj9N/hjCykv7Ixspct251qadk1Hey621W35/nrd+E/E4063Y6XeMSkbFY7WYEkoTkMygLg9BngEDIO3OND4T8XpaqV0bUsyTEhDbOSxJzggr1+bORxyTgZIH6aXsOvBIlg8NNsggjcxsB8xAJ3MNrDaOoBxgHoK09E8Pa5qjWzXGjSW0UlyAwUqpDFgwxlRjkgcEDH3mGSB1rwaxclOLzGimotc3K2299HzJei8tOh4lX6deRxcXHh/FzkrcsXiFq/dVk1C7VmrtKz03P0R/wCCY+m/Eqy/ZW1LSPClxF4Q8YLrGv3ov9WtZZYo0wHguJFQEq4wdpOAM5PSv1AiX4wn9nu9u/HXxEtrvVo/BPiA6mNO0qYpqiyWtwkGD5ZYDgbnUnPDdgRr/sFeDdM8Pfsu68t/ZoNS1CfVEE5hikmEbxFgqyYOMAYGOjYyp6V9xeHNP0mf4CXwntopc+BNStEkktkYpGYZwQFKkYHJLdec9eK/gjizwl9jx3m0YY+M3/bMo1Juglqq1PmV1K7ScUov7SW+6X9s8O+PuJz/AIIyrNYZHgqEa2WU8fhVVjGpXjF0VOMZ1JxbTejbir3a6pNf5q3jf4WfFPUvE3iEweHtXuY21vUrtZYraWKFoWvrhxIrMuPmTDZz3JPIAHLN8MfHkWo2SL4c1jfKoLMkMjpGAQGZpANoGQck4xgnIUg1/QX4yNzper3tjovh+DXGE2obMxNGgP2mf90Qyjdt6DHXpk9K8Wb/AISh/tl1feFrPSSE8l1KptCs4Cny1AIzyQTyMDPcD+8cN4cUqGTUJrG01Ujhac43ilG0acXG+t7tJK2l9dNbH8I0/pZZlmWdVKMsk551MdUp1HCtVaSVVRbUrdNrN6X32Pkn42eFvEkfwEgtl0jVzJbfD9FuAIZXSa4ZGWLKBWLAEHBGQuMnHSvwjuPB/jp2KQaDrLM5JES2FwX5PU4jAK5wcqD/ALXJwf7OPipZtF8G4YXg0kIvgSGa9uWWPeIXTKoqvyJc8qAeBzzk4/MSC90mDDfaPDlj9ntlZ2ktrZpXUjgszoPnK4JUHGeRnBJ+W4V4TpZ1SxntMxoYdYfFVKb5pRjzLu05Jp6O13off+InjpisixOUxqcPY/F1MXl9KrH6uqjUHKz5dINO+ut1b13/AJ/P+FcfEmWUJH4Y8QSSOvQWFxgZHQ/u1GcEcZyBgZHaQ/Bj4p3EqeV4S118D94TayKg55ySvJzg56ZyDnnH7qa18V/Buj7lN9Y3rp87C1sYQm1V5QOqAAkEhdpyeCAOceFeKv2iLO4Z7bw9pQtkkRkeZsbWZjxwFOMnJGTjPBAPFfQy4KyqjGXPnOHbUnaMZRbe29m1vvrq+ltT4Oj4953i5wjQ4NzJRk4t1azqQjFO1170NXaz3va62Wv5y+DP2YPH+oXcV/4nis/DGkLuZ7rU7iNZAFOdwtyRISTz93O4g85OPZn+H3wi8HG3imvta8aavIxZrfTLZ47JGU7dpcxhyvQe3Bx0x76mo3HiFY59UtRclYWcQmRmVS+TymdvyqfmHQEqeMc9hpKaXapbTxaXprSDB3SQIoXHUElSNowRweSBj0PFV4HyxqNb+2IqEe3LZrR62bla97apemh9Pl/jrnFJ+zpcI1lXtpOpGU4bxTaUo3t2Vku2qPlV9Q16W+Ft4J+FwtYnC28U95atcSMxwAf3kbqW/THqTmuk0r4Z/tEeJk1N1in0rZF5cUVtHFaR4IXC4jw2EGMdTkLnI4H07YeJ7hdSCpLp1vGl0pjijMaEdyxbI+QcqOBkA9uR9C+E9ZtfJ1OS61KKVmRHBEyRhW4BGeMhcDBAJYD1FeLjeG8moS/3mFW7Tt7rve3e71e69NEfRPxh4yxtF8mCqYZtXSpwlTUWldJpW1T66N626s/MK5/ZU+Nl5YXl5rNzc3jKokWF7qRxIMkHbuk2joODjjoMdei0r9mPxvDaWfnaXa20j2zZkc5dDgktuJI3tjPXPJAJr9Tzrnh86X9nn1O3Ek8Ttj7QpBIOQA2SCwPUnOecjoD5/rPjDQIUsw9/aosCt5i/aA29R0JAckEZxkcAgcjvjRybKrSd4pK0k3KNtErpXb312T3XZs+cxniNxnV5W6E6jlrJzp1JNbR11aVt0rJ26nyHc/AjxfH4WsLUy2UJtrSVi2CHLF8liTwMA46hSCeWwBXPWf7OvjbVdPuIzcxXUUDwzFEb5doxwHJwGGAAp6/eGQTX2L4h+IHh+TR5LOx8/UXe2JSKygaZyw5CqUVjg4C4I5xuJxtqr8MPGfiwX08Ft4Tnh0i4VY5rzVTFZJAFjY5CzhSwPB4JyeBwcVGIw+SYajP2uIp2UbW9pFLaLa7WTv166tnnU+KOPK1Rzo4aU3zRfK6MtU3HmSjvZvbzd1qfKejfs9zTSX4ubsxi34ZGQlRMgw0eT0K8gHccngE8gasHwXaKwu4LYn7Zc3NoqSuhSNcXUYxu+783bjOOeBxX3tplx4R0fStXvNSvodRvLx5P9C0y3a9uIZnfO0CJHQqOMk4APOMfKee0VNX8QaPcxaJ8N/FevyR6rDJaXCaa8FozRTLNHbtOUUkSbVLoMEAgAev5BxDmGV0cPinRxNJ2jUilKooxu1ZJuVku12/1P3DgjEcaZrjcHCpk9alT56cqtT2U0mlKF7JpdOb13fn/AFAfBDwtPbfCn4QQ3CmKXTPhr4XtkBUAzFNPjGUbgE/N2OcA8gnNe8COS2hEly0NrBEmJJZ7iOJQvB3F3ZVDDpt5xnHG01+IJ+Mn/BQfxPpPh7SvD/gOLwR4esPD9hpdvbhrbfDDZ24iWdpJ9sqhgozs75GeMl1j8Mv2yPEVnLceKfirpmgyXRMhdtQu7kxo244+yOzQFlJwRjbkZGcA1/E+Y8L0a+PxNavmGEg61epU5Y1VOSjKUdLQ5le2lt9E97n+iOXZzjll2EoUsur1HCjSpylyKFmowT5nJrRNK+p9o/t9/EHwhqv7Iv7QHh3Rdbg1PX77wm2lw6fassktzeyyRkW8DjKNLgA4BIx0Br+Luw+DHjyBLP7Rp9ro8f2fMh1S7t4JY9/zASLI6sOT/CPruxmv6RtW/Y+1HxLZ3Vt8R/jf4j1sXcqG8sNHRLKzuWjbgqYGU7yOQwGTxu5Izn6f+wv+zpp0puNQ0jWNfu12ot14g1rUJI5CgIHmQtKVA9sYJ6N6foPBnEeVcFYGvhadWpiniaqqydKhKycVGNlKTSbfV31d9GmfEcW8B5nxriqGJxMaeEhh4OEVUrcujavdRTWqSb12Vtz+dmD4e2lrcP8A2x450K3MUgElvZTC9nGOBtSAuWYEnHP4Diujl8EeGryzubSzj8ZeI53CmF9H8OX0kYLDA8uRrdhhgcEkjHHOMmv6K4Pgx+zh4Cjllh8BfDq1eMl/tuoLpzGPDBjua7JdlBAyecYPPIrkvFPxv+A3gzT5t/jn4Z+HBAq7bfSf7KMiBM8FYsN8qryoUZ7dOfpH4n4vE1Yxy/K8bWcneKtyN25dbU4TdmtNXqlbbR/OUvB/LsFT5sfm+XUlHdTnzae7vzVIva+qXR66I/EDwb+z7471e3to/CHwI8X6q0cKtHPr7pp8JkbGHKShCFLHJGABkZHUj3vwr+x7+0tfrKZvDPgL4eLGFkjlv5xd3OO2djMAwHYZ68DgqPtDXP8Agor+yd4etxHefExdUnSIxu2jQzeaHXJKAKojAJzyMYLdMnNeAeIv+Cu37PekJcpoGg+IPFDMSsZv1gSNyvzAkk7wuR1wSeevYlnvGmZNvD5LOKk7r2sKj3to+dwi9HppbytqVDh/w/yqKVfPKNSUUlL2NSnJOSSeipqT6Wd3syrB+w/8WZ4kPif4629ms5w1r4a0uLK5OGxK6EjAPBJ9yc131p+wJ8NbK90+LxL48+IXjS7vliR7N782kFwxBLgC2kUgN90fdC8jIHFfDvjX/gs9rKSXS+DfhvoOlxTM4SW+dZ2VR8qnyypAAwMgLhucEEE18teOv+Ct37RPiSSwe01nSPD4sZSbaTTdKtUljDDgtI0asVX+HDDnPy9ACOU+IOPaTlRwcJK7V6VOSuly39nGUmlq9JJv7rYz4n8NMukuWlUxsoW2jOUW48uym4rXzTVltY/enwv+xx8FfDcsxtfhf5zxKFFxrt5JeO4zyzfanZcgevJOc5zivWrPwl8O/AkCMjfDzwlbqGQF20u1nRQFILMxVyV65LEZOP8AZP8AJl4z/b//AGivEzvNefFDxLOJQ4cWd29mkmQ2RiCRcLyMZGQVI6kV4Nrnx8+I3ieNv7W8Ta9qjShiVudVvp8s3XG5iN3OzBJ6nPUYqPh1xJi5ReYZ5JK6bUJVZ9Fa3NKKVvRK99CKni3wxhU45bw+nypKLkoRT+GzaUXo7rXu2tLa/wBiWr/tB/s9eB2ub3W/jB4YMkLFXs7S4iuEKoApWNbZjnJUkgZzkfMQCa+afjF/wU9/Zo8O6pZwWF9d+JEt7PdHeaZatHDDIV+SOMyqP3gbox4Xb1wTj+Usav4o1LO1b6fMmfmV2AJO7ncckZ5ZiPr1GZNS0PxdPb201zHKHnnEdurDJZgRx6dxwRgHI5G016eC8LMuo1lPG43EYmTXvxclCMnZa2V2r2vZPVvueLivGrM6kJQwOBw+G25bRc3FLl1WyV+tlq7u+iP3z8S/8Fe/BEE7N4d+H99fu0ZjNzqU5VzjKh2KD5VUAEEdBjB7185+K/8Agrd4+vZ3Oi+GvDulwlyY5JWmuZgQPlLmQlSyKMhj0wCa/J2y+GnirVN73W9FAI3MSQDnkAdARyeRjp7Z6Ow+CV5MczzOVY8AKxONv3jgEDocA8HggdQfpsNwPwphrXwsKsklrUqSm9eXdNpa6Pp1sj5bFeKHGOJb5MfKjFrWNOEYJJcqtflvZ7Ju76H2B4m/4Kb/AB+1qZhD4sWwT7qrp9jbwtgjIzLsDgjIAbdkrjb0BPzj42/a5+M3jqOZdZ8beIrrc7SRmTUZlijIBCmNUcDI6qew4yvzVX034HWs149tLI4aIo7kgjgngHOMYGAAc+2TuB7XUPgzo+kRKzQicyWsuAeMYUsDxxu9CSMEtjkivXo5XkGEko0MHhotKL/gwk1pGzTabTei5k9209D5rG8VcTY6MliMzxMotpS/eztZ2W6k+XZ9FtZJnzvY+KvHviQE3Ot6/qMkjH5Zb66kVgx+8+ZOxIGfm4GAACQO70/wd4o1CJHOlTsTw805kkG5ufvOMMffqfUc5+m/B3gnSNNt9PW1t4Q5skk3eUoJkcg8nIJwMZzycY619AaTpUFvYwl4IiGLFlZVChyGbcpA4PJIGeOBjOaeIxFKhZUaNNWaWkYpNe6l8K222273358LUqYhXrV6tWT0vKbkr+4nrzaK+i0fex8baB8FPF2qS2FsYorJrq5tYQ5DcG5lSEElecDfkjGT1B9f6qfgX/wbyfBPVPCPgTxT8Rvi74y1C68QeHtH13UdL0iG1jsRJqUMNzJYrI581Vi3GMNnd3wDX4k6QtqraVc8rPHrGlgBCQu37dFwc/KemMYOATjtX93Pw41MJ8NvhGiEqkvgrwoG2tkMf7NiPzZGSc7SSMDofQr/ACZ9JLj7inhjCZGsizGrlv1uvWhiZUIwc5wXsuWPNOM5R5buzVve66pH754R8P5bmVTG/WsLTxNSEISg6vvxpx5b3SbSu5dGm9FFrdH4s/s6f8EkP2MrnxP8XNP8S+D9V8VWfg3xhDonh03+qTxEWkat5q3GyQeYXYBiST8pP93B/Rfwp/wT5/Yv8HGFdI/Z/wDCDm3AKyajCb9mIHylxcq4Y8dScdeucCX9ma8M3iH9oGQncT8ULtVPoqGRQPToCOR0boxr6v8APO9vwUZDAHrjHqSRycZyCM8c/wAmZ9xzxfjMxqxxHEGaSg4UHyLF1oRu6NJuVozSV23LazeuzP6Rw/D+VUqcIUcDh6fLGOsaVNa8sb68t3rzPayXqkcZoHwe+DPhZRD4c+Efw60pUUGNrbwvpIkQYOPn+zkkjb2I49O/odr9ntIUhsLHTrGEsAsVlZwW6IAOPkjRcAEDGO4PXGKoK6q7FSGYgDI5wcZwcjAJGCeeBx16ypIpYAvHgnBYHGD0x1Hrz0HAOTmvj8ZmeYV4ylWzHGVZa3dTEVpc17buU7X9b9Hsjqjg6OHdoUIK9tVBt2SVtLWWm29ru3VHEftESTXH7OXxxjaRzG3w51wFTjD/AOikFTntyePXHTpX+cVd6PEuuaohQIDdXmEAYMB9rmYncO5GRkE9B1Gcf6Nv7RMiJ+zn8bdjDj4c63j5gR81sxyW4zkDHHOQDzyK/wA6W9lVdd1R5GZXa5vVAAyARdzYYH0wO54Axg9K/tj6HEsRXo8QRqTnUjHE4dx5nKST5Hrq3bRK9npbXsfzP9IKUaWXYacYqN68oqySaSp0k7ta2b6Prsjl77QoiiyNGFeOQbV6ADqvJ57jIGBx9DXISaPEkol8tlUsy46ls5APsBxknkgLgHAr1C4u1d0jDclQ7E5JPOFYLxjgc8cnPpxhTIhdhghAjOcKWy3PYYI4OCFJ4yMjlT/oVhMJKp7tly6N30s/db0a62vu9nbVH8VV8xlSabqSdk1u27Jrrd3sm0/O2jseMahpzSvISoZd5Krk8AA4HJHGeRkDHHXJI5640U4BWMDoxB3Ajp6MOCB0GT6V6hcQh5pCFKlS3LbckAjDAngkjIOQDjBBrGkjd1ZnXgDaDlQSAQMk5yDkDA6DHGOte/DLqfLFtJOys3d9Ivro/d3/AD3v5H9q1pT5o1ZO9rWTb6aabX/C19jyu+0WQRjETqBhypbO8D2wOemB0IycHmua0eyV7i5TDbllcEcncQ3oAe/OMD1IBGa9nuIUYLleFUsxJyAMEA8nrkcjjPPTHPIaHaQre30p2sTMxUHbk8lcquQM8FRyD07DNYTwlOFaklyu97t7aWS662b1tdbp+XrUcdKphMS3zOcUuWXVtuK0at5qXVb9LGeNKLypuR0Xb9cggndjn6ge4ANWJdLTawZHZFA2vluSMkDluQRgnvnHXJz35ezUMZI0LfIARyeNu7IG0AAAZPPPYkE0rvAI9nlB1bLjcjFiMZIXaCG64xuyPpwOqOFjduMoKzfe6dlp0stF5b2unr4zxVdrl95pvd819bNrRWt59PwPMX0gna7RkIFGRgsGABxuJGSckAH2H3c5ofTMlQEaNdpwTnJBByBwOGAI6AnoM5Ge9lVnAEdvPtKgsDA7cLjAA2j0GCAcHAPvG9rdSsFisb5mRRwLWU4JAABOCcZ6A5HvyaTwtpJcyabVnrbRq61/u6rR9e1h+1rzjZQlZcqWklorPTS+z7dPJFPQ7KEabdmRAJACkZVMh2PQZPJPPqT3OM15vNp0hncCPB3SF8cbcueSTkfQ9Tnv39103TNXW1eNdG1FlJAj/wBDdSGbhnyUwQPfGcMSMHnOPhnxFJKI08NanKHcvn7JIC4z2yvIPQDIA5J7YtYaDaimr23S3vbe7tpff7r3uRCrjI87jCcrtWsnbS26s3d+uyutbs8ph0UvHujSR2+XcRkY3AHJI44I4wcg4PXOKLaLdpIWMbEbyFIzhSd2eAFBHCknglue5Ne9W3hHxfiQQ+D9RUKSRuhZVK88HIAxnB5AIPTrWva/D7x5dLH9m8IXRZsl12gKeOu5lA+6Qc4xzhq0eHo8rTqRVuySV9FZL7TT3vrr0NY1MwcoONCd3bTlbSeiu9LW697vR9vkr+zmS9VJEClr5FJA+YKzZPHXPboc8bR8wFfVqQWVh4fiihZCZLNGZj2YqAeAMc46kbs8g44rgLz4M/EXUdQaW20NlYXxGwyIrI6E8OpxlV5Geg6Z5590t/gp8VJtMgibSI0TyoyXaWPBKJ1+bjB+8QpH+8M4rzcNyRlUvZR5tJaau61V2nbq30V77a+3mNPFVsPhFThJz5YuorO6bUW1Hvq3o2tep4FPBEQzRbTkBSMsGB3ZJOWG4kcAkt6kkNXLXsOyUsxy24+YAc7R/DnqQD3OM5GTnoPpofAHx1IrNPNpVqM/OskyhouABuAYHHXnrnryAKzbn9nvXUjMlz4i0C3lkYqwa5G5lbqQCxBPHfI6ZAUYPY1ScU1UirNSbclZWUfJq9tr67q54ccBmHOm6U0tE072a91XS6NddbXfY+fGs1uYkmYnfGhJL/MGyMbQ2GKgZBHGTjGO1VEsELSKAXyR90ZAz6jHPuOD7jPH0jB8DXEUsV1440G2VCOBdR7Tt5wcsQcYJOMZBJz1zHB8FtDhnK3fxH0aGNznzEnjYYAyQPmUYJAIzkDDZxVOth48tne2sl11t2skr3ve+10t7dEcqzCSd/ci5XSk4re1ktbp9W9ul9DwqDTVCsHTICAZU5JLZ646HjAHTBydxNMXTYQrsY8tggKuCQBkfdHVuc8DAzj1A+h2+E/w9tQ08/xSsHUgq6xSxZGOrgb8EEdcHJPsc1Zt/h58F4YmkufipA0pG4ojJ8vGSAd3IwDkZzxjvkYvEUJS+Fp6NvS20b2a6u2tmrd2rGkcmzC7XNFLzmrr4Xe6372vrvrqfOX2KGOB8qh3AqRnBI5+U44LEnkDtwMA5ryvxFbrH4htFjRQCoypH3QDk/dzwSe3YAY4Br7pg8Ofs5xFhd+PZZNrZcxbWBIACgZbkN69RxnGa8f8WWv7Pdl4tjNrr13qNgkSNI5ZgvmkHKpswSM5UjJPfHeuSvXoTglzJKM18St1Xl1e/Xr6etgMqxdOUpTnTs6bScZN2+Gybv8A166HjNvZhQS43CQBRtYbRgZDcnPTHUHGCCOcCylmgYvuRAxD7SyDBA57YAJB4IxgHpjJ9wg8W/s62kKsLS7uJIDny384+Z6EkAZzyB2/Mk02+LHwMtJi0PhJ7lWKgRsZyVJJ6kjvzzkY5HJqo4rCaKV5bNaO2nLdt7K+mrtvtoTPJ8U5NurSXvJJczTSajvbTd+Td1o7q/kD28EjOvmRovXJcMCTkbAB0GeB0zzknskdjaMzZkByoCcEnJ7cA9MbuT7dyD6kvx2+FFvJOIvh7b3CfOIxMJQxI+UfMq84PAJAXBHHemD9pPwXbJELL4W6aWDEB3TcdoXIOSuW2jJ5GDhieMUnjMLBfwnK763dl7qdn3s7ruvW4o5LWuubFU79bNtL4W9+66Xs+55zHpUbbmSOZuqFliZ2YjkAgIQVGCAeC2OehBkOgXszbUsb6RkVWBFrKc4bK5+UkjGPboD93nuR+1UiI8Wn/DvRYgTlGNrFknOOCy8dRk4OQpwDtOGv+1n4nUKLfwlotudhAK2kQPHAdiUwRn5eD1Az81ZTx1JxvGD6bRsne2ifLo9Frq1ola+u0cmjFLnxaS0+H/t3pe7bVrvvvd6nIp4R1y4x5OiatkfPlbOU5A5wvyEcZGM7gM4OeTWlB8PPF84WaHwzrUoPOPsUgPAHKkrnPcjOcgg4xxpf8Nb/ABJi/wCPfTNMiwDt22UJyCeQD5bEHB5wecdgCKYv7XPxbCYiktYYy+DstlVeT0ACqAR6AYz1AxSeNpOMWqU+ZpdG9Uo20a+ytU/O/rvTyrDxTviVJN83S9/d1116PfXXTa6gvvhT8RZreZh4T1QRvCSpe3aOQ4U9Mj7oA/MnnOTU/hH4XfE2O2DW/ha/VWfarSqVIXJ3BhgBhkMCTwSc88Gkvv2sPi/dQyo+pBYmgZGD2sW1VIwdpAAxjI3DnGeAQSebsP2k/ia8Agi166V2LZC7VURlxgIFGByRn5fr1zXI8U3Ui/ZPma5Unp/L5fNXV1bfqddPBYaFOUFWc4tpttJpK0bLzd3fTTtrqe0p8KfjDLMu3w1chZBsQMUCj5WAxu6DJxkDPHt8ulH8EvjISrHw9scuV3STQgjv1LD7o4AOfpjr4a/x0+LksuV8U36YOf3cpYqeuUBOB0JAA4xxgZxBL8WvindFftHjHWBvO44uTHtBxycOMYGMA4/Wt1Wrp6U202rX23SunsmvTyOeOEypu8qkZNLrZtW5b2fr5aH0gfgb8WkYxnT7a3WMYbfeWwG0ghlwXXGT15A9BzVu1/Z5+IVyv2iTU9Fsk8sgpLqduh4ySCBLgYAwcgEjOeenyzJ408e3kjeZ4v1qVWDb/wDTpxkAc4+fqccAEkdFHOFyLnUvGE+UbxBqrRbRgNfXC9WPXL4wd3+1xjGDyX7bGS/5dt/yrVctnFWer2+Vt/M15Mqg42mlZd1ra3d7K+3p0Vz6/i/Z58SyS4vPGXhm1ARvv6tC2B2Hy3HJx356rnngyr+zvMr7rj4leFoVAH/MRifaVAyQDLk4OMkeuAOQB8gjQPFlygmk1i+ZWQvtW8mJ2jtkOQQB+eN3HJrIk0rU9ypLqt23bb50nOSRhvmYE5znjgDHFaR+uStbDrltZXlfqn+Ddtd72MJ1sqhLldXma0t22e1/u112W59sp8AdDlkxe/Ffw5CighmS5ibHTcQASSpwAVAJAUYGMZn/AOGe/h67NLN8YdCdEzlUlj/uc4y5B9/u5wMKTkV8YReG7jG4aheMqgFlMknO7BOSx/DqSQSRjg09vDk6N8l1csigEkSOQrHOASSefQHPTbgd9HQxclH9zZ33VtL8r7NXu938t2Onjcog+VPmu7pNp3u101+V1ZfN2+n7v4LfCS2ntxL8VrFj54G1QjYcN8rnBKnGMrzgtwAM4rQ1D4bfCPbL/wAXMEqxlUzGnDsgAI9BxjJAGeMZycfINpp4/tjTLRneZZtRtIidxDENKisM+n8JHXoc9cfqpF8IPBU+hX1smg2pnGmQ7X2HzY53t1PmZADbskE8dRgcHFcsa0sPUadOPNLlUk29bKO6skt/NX10Z2VZ4arh42puUEk1bqkldbN3ur2WjXmfKP8AwgvwYslDXPxCnuMhmIiRAyZ7HHoMgY5GeOKqDSP2frEOlx4v1C7LYI8tSCG9PlwpUjv94jBwM5PIa3pfhHQL+403VNOla7tZpo5AdyAgFipUOADgEdRjIJJ6AchPc+Dj5hi0SXaDxuBUhh03Hpz2ycnA5yBXsxp1ZU4OPs1zWkpNu6Ukm+ujatp02b7+BPF4KLaeHvytKV7WtdX33810Vm21v6e2p/s/WjMoutZugBkcMSzcAYCg8A844PrnrXQ+HvHfww024tn8NaLql5qcVwGgZd7zbs4UBQOSSoPGDk4xyK+a5GsGkcxadHHHtYgvksvcEnnjBAJ6jq3Xj6o/Zk8PWmoeI9Hma1tt0mqxviSNWwkOHDIMdG4+XIzx1IJMuOJfLHmUVpqk7u7jZx1Sdntr3XUzpY7BXjbDQu7JXipO94pba2vbVX0vtqz3Cz+KvxRkheG08Cai0TsWjkls5/NKFcqSSmTkEYbPHbcBzqr43+N1ygW18G3ULuBtP2ZgSAOWIZQpwQcDgcA9sD7teKVPN8sKo3eWqpHGAqgY4XHGQPQZIB5zygmmK/NlgOAi9VwTyxCgDJ3YXjnJJ64640KqUW8RNabq1tLbPyt0Xpvr2SxFBf8AMPT1Sd3GzvpdLW+lnbpou58KRX/7RN06SQ+HLlN52nzFhVATnkqQP7xbcT1Y45CrVhrH9pa6Cr/Z/kxFwu6SS3Q5Jx95GDAAZAYYOR74r7qtAZH5kcEOcRseCMcEkc8sCp4IzkdankS2LLJhmSIMXGTjdk5A46DPTJ6nJAPDlRmrJVq2jV7zXXlvsr/5djRV6aS/cU1fdON1ry219Erp9ul7P8xvizZfF/w94T1DVvGNlZXGhB44ZIHlafEjMAGeNi2QvA6Z+hArb+E/wg8eeMvA2keJtH8QWmg6PqHmyWunRyTQiIRtskcJEVAZnwQBg8k56V71+1nFb/8ACntdkYEf6RCylckKDIh4B4PbB/DrXYfstiKX4FeCmIXYEuiQygF/9IIx69ARk4HbHBrH2N61pSnL3E1eUnazWl1q1te7avZ36nRCs+VcsKcWnayjH4Vy9L33338npr5RB+zZ48Cs158RtiuPOKxTXWQG6DmRgSCQMcYPTtWlB+zDqEmxrv4hak8hTBEXmspDkdGY5yAcg57Yx0J+yvLjZTwqlWBWNlB3A9Dzjjrj6gjgcNABdEI8lSSoGATtOeMfwkEcdCMkDk1usLTaTaaSaT9+T25Um9Un1srJLu+tPETT2Vtfsx68vW1tLb26PokfJMX7KWlu8ST+NvEEzE4dQFKsf4sZOc5PU8Y6nrWmP2S/BZI+1a/4juA5I2h4wcj+9wpHPGBzgevFfWEW3BJyWhGVAByQe+evTgnqfStBTAsDsWJ3YDMVBYNkHCnHGCTjAG7HJOAabw1KK+FX0Std2fuq7V91qr9Oui1axM7arfo4papry0Tt2tZb6nyda/sp/DIq0c8mvzOp2qHueWI9SpGPxOOOcZLVqW37LvwoiQmbS9TmYpuHm3sgJK5Xa/znrg55P1yM19MvNCEAwCdu1GXhgM/ebpk8cnjkHvzVVZo5HERwrDMbOTuDAkds459TnOeAQOUsNQbScIrv52Su3f0d+lrXtrePrlWLVpaq+qsnbTXVP0v57a6eK2f7N/wkiaIy+GJZAyhwz3s7EAAYU/MSeQOowAB3wK6WD4D/AAnjjAHge0L4JDyzOzHpgNuJHOOuenqK9QG3ZsLEgh0UgkMVzxgqCFz/AHgBtOQRjNXoGYq0TOVVAAN+WYg9gO5GMFyckZOcZw44ekoqMYpp2e0W1dJrXl3206d97ixVR6c7T0t6WStre+q/Dr08luPgx8LxAVXwVpSRtHMCJASXxE2CpYcENjGeh6g8GvzL+B3w+8O+Kf2lvEHhXUdOjuNHt9Q1VYLKR/3MQimIiAByCqdiAOcdMZr9eruTJcHeEZJxG2AV4icn5R90n6jPYZOT+Wn7OryQ/tXeKJYwGC6lrGWx280Dv0GewGD3BJGc6lOnCWHXJC7m1ays7cu7W9r6Lf5A5uUaivq421vp7yStrs07vro1pZnMfFe0F18MfBBYci4lGR8xGWwSDnAAxycFmPUjJr5hl0uVjIrSbQoDIWAI2k8MxBwQeDt9SA3UEfVPxWWZ/hN4PMJAkW+ZcAYIBYnA6kfw9Qcc7ueT8oS3GpRttZTkn5mBzwNuSRnBwTzkk/gSa8fO5XxikmmnSp6b6cq0XW9l+d7InLFUjhmm1pVm7p6W5ouOjeyd3rs2vRVRaGOWLLKzI+G2HHQDkgEfLwCRxnH5/Wf7PsEs/hvx9sfy/wDiR3bIeV4KOMYPfqMEcjpzjHyFNczJhmVPkJLPhgxx1GD25YdSMAjjBNfV37P9+3/CL+OHZMZ0S5ChTgMArHn5sjPPuT0IOAfCjaVTvFQd+nvNJL4XbSzVr2snva57uHlKMHztNvVWertKnbbTRK+97bdl8wz6dIbuXDyg/aJi+GyB+9YDA69OCSSOhGOgZLYyRFnMsnRgASO/APGASMgY6/jzT21RFmn4HzTSg7mYsu2V8MfQ9eMnoRjoaG1FG5ZkK5xgtwOo5yeSDn6c1xWs7tNa32Wjukr669FbdvYlVG5XV3qt0uvL10un62vu73Poz9lxpYvHun7/AJhvulOQOcxjHOcAHJzx1wMjjHlnxQt7+bx/4oggGSus3R8vpkl3JHUA4BwSSeB7V6T+y9dJP8RLFNwAM0hIUnK7FDALxk7skjGMkZPrXEfEu8htfif4plELukWtXBKFtpK7mPXPXg4A5Pp0q4P3GtXdJ636WW+tv1vddjum37Cg23GN0npd3938Om255Fc6Jrqu3mWcgTBG5QTgYyDnJGfcDnFWfDNreW2qSGZZY2ESFBITjJkUcDgk9SCemQevJ9CPivTZFVWguYiNxOGyAfQjOSOnTr3BODVK1u7XUNaBty5jECcFcfNvGBkenAA9RiudRkpLmSs5JX66tW6Wfz6rY3oRpTnFwlquVt93eKXRed29r31R6T8eYro6f4V+XhdOtHckjJP2VWBxwOR3GBuGST8pr5nV51VXBbJK8BiCp7YBYDGBgkg7fbmvtT4w6Pb3/wDwilvKSI38PW04y207liVcknovB5HBB5PSvm/UPDmk2wBE37wnojhwCRtyRu91G4Zwe2M4nHKaqRaWjjFXtfqr/J3V1pfv0NsJOnJWdnJTa8rdL30XTqmr73TMvwzc3kl1Zp50rMb+Dh2IwQ4z3IOTjH1HHyk19p/HZBc/DTwhA7sSJQzbAN5wnbaxIwxJyD23AHgD440uyis76x8qV2H9oQlTjOCGUc4xkH+EnPXBXNfXvx1Ew+GfhAwH5zMpZhkE5Q5JYkE5+bAzkDIx3Ew0wkrtdFtZvVWWq7fh1uaudq8Iq1tm2tddVut2mmvW3p8cnRRLIzJ9oLMTgLwQAQMH72OCeoyTjHBNRWulS2+p2cpllCi6gy8h5A8wDYq564ByepHB7gxtPqcL7xK7Kcgbm2pweeckY5zknPXgVPY313cX9qk8aPvuoQhHGGVhhjgAnOMENgnPQciuempJxcbPq7eSVn1fX1W19TrcVy32e9lZqySbstPK6ta7V9T64+JF3dW/wTtSsgVf7bi4JIZz5ROTg8BQDw3HTjmvlGPxRdWrRskMbFEwDvIxnGSFXkE5ByOcZ5PSvs3xbb2z/BrT3vLYXUTaxHuQEEl9pAwO/Bx0HI56CvmkWHhVzJ5lo0LEEMFDYHUJyvcgHkDjBx2JrFU1Oom0mtNWr2Vk+u97ddLrRXdgozhGEYqUktkk1suV+9bS+q011eybsuFfxHfXMgWJntZHlgcPDKxIJkAYclQAxxyOuT94jLfoX4w8QaroX7OthqWm3sttewy6aFuLd9sql48uQwIcFyRuAYZ6nrXxXHofhUxq9vKFupJovKQ7myQ6AYVsL1xnK9SdoIxj7f8AFthpT/s9W1tqgf7JJqNlHI8ZG+IonykAn7vbp34XrXJ7GCduSN3BacuzdlZq2vnvpvojqpyvB3lJq6V27pJrorvz21t6HxDq3xr8farbrp15r99e2kDLKkN23mRiVeQ/zMMkHpgcbQO9QaR8VPE9zeQWF5Nby29zc263O6FNzbZMKdwYnI49SOTnk1dk8HeB7md2g1m5gBbYvmKrBQOAWPBGBnPI6E44xVdfAukWN0l3p+ux3rwSRFYmjALHepwMcZGSw4HK4yoHOVOhGGkYRglrpFrotVv0vq9b7LV3ulOlGTi07pL3mt9FaKV7WVtXdtLdWdj768Raxb2/w48OXl1IkROpkGVSQdoRCoBHGO3YcdcjB8cm8aaMuWW8whbY+SxH1B45fgYxg9cAqAO08f6bNc/BPw4UlWNv7UAZmUBy21MBRyQMjnBOBkHcOa+Tn0jUAu0yxuFZlCqATnkE59AMHgccqexqa0Y6p9E1ezvdW1utVda9FtrZnXSSqKLvq5O17vW6ut9mn3stHuj2qLxHYXV/prwToQt6rMF67c5yQdvJHTjOBnOa/SH4aeJtA8P/AA1k1fV79LGxmu4le5lO0JuYY3cgZOe5CggkZ2g1+QOhWd3BqFgJQwU3WSSF4CjB3jndx/ex3U5HB+//ABNbSSfs3OijeWu7ZgFAHO9jzn1PRRzzkMCK87EYSGIwtSjJ2jPXmW90ovS+mru97XTNYVFSxNFp8zTildLVNx6Pa+jt6qx9dT/FH4b6rpM1tYeKdN87yZSGluI135jG0rlxnqeT36fey3yxrFxpsmm+F5kuYJpLbxHqEuYbmNnKu3ytsVsquTkE8D19PhBbG5QK5MqbdqjaHwMDBwwJGMDqfvYHrXWeF7q5/tK1V55mVb62jUNKxVQ0oBwCSvKE5I46kccH57BZXDBScoVJSSaeqvolqvJJN66vfTY9mtVdZXcY3ummtbpJPVX0Wi27d00fo18UEupl8FNHG0pGlBmaN9+M4fcCOCeTkkZyOmDg1/ANpeXXiLQ4/s5CfbNzkq/CBSxOcZ5AyMnP3cEHBryr9ou81PRIPh6+l31zarNoqGQROSX2xqcFSWAGRwTyCT6AV4NoPxG+IVjcxnT/ABBdQSozeU5VSTuHZssOBj7w+72OKirRlUoVIKcE5xlZycvtNpOWj89HrvfqRCm/awm7XTjK17OycXpp69ru2h9l/DLdB8U/ECqyFRrWoLnec7vMkBUA/MMHJwRkDjjqPpC/nvG1tbeGOSYBFEywzNG2BIzYI6kEZzg/Luyor88/glrWvz/ECW6v7iWaZ55Z7iQYQSu5LOzAHG5ixJzgg8cZAr1b4h/HbxH4U8a6rptpDbSw27W/lPITHIS8WW3kAs2BuGWYkZDcHNeJnGX1MRgfYU+SUlCmlzXS05dU3e+i2ezurK524epF41O3uxi7K+jtyrs7N63WnXVnr/xB8UeLdO/tm0trG+g0e+hntLnfcttaFIXxuO4ggsoQDnJJ6ZyI/gMgm1BpP3iFLSC4RCSVUkKpBwT1U5J7dT0rw+7+PGt+JdDv9Pv9EsHhlhEZcTuJRvONyEDIY7sjnkHGBjNeyfs26217e6pcvaKkcenTQCNGDgNbxM64LdDleGOeeeflx4WFy2phMNOMowU3q3Fct7pL3tFZqzSu7aNatu3q1qylB810m7xT1a1jZKyS0ktNd18j1vU9CGs3wlhjmsoop7rzb6NmUgPKVDDkgnkc5wdrEg458++JWkjwz4htNM/tG61IPp9pcRTXLMGDEKRtD8jAyAcDOBk8DCN8ftIjt7jTP7HvIGgvLiO4k3pi5CXB4QZz0GRyep77hXM+PfHmm+OvEmnatbWl1plumn2lkyzkSSEJsRnwCdu7Hy4yMdTkA181iqWIU6ntFanHnasktLLlW9+uvl3Wp9Bg05eyltHlTbk1ZytH1Saab6a/j7v8OGZj4dJB/wCQi4JHK5GCT9Rx364HfA/r6/ZBbf8As0eBgef3l3jGOpmHP4dTx6da/kJ+HU2nE6DBbzeaU1H5mwcHcOOQQMHjj19O/wDXL+x9Oo/Zt8Cxnp5l+OeufNIPBOOFJzyOeMcYr+IfHJTVWtJKyVOtDXTSVSkvleyS7b3fX9Vr0r8OYGXWOOoapp6RpVGmnvbstfR3sfQsyBs4zkE4zjLYyMdup788DpmqRT+Ig/L156dhg54yOepIJBY8kCy065HIAxj5lHPBPccY6YPJyRgjIEW8HgdCRgk5HGOuTwvGMDt2HOP5IqUkpOV1vorLTbfsm3fTTROyehyQSS6tWs2rKzsrpK1m9Xpbdt9buuysQT06bWA5JGM85yRzwQPfJI5ZtbkkEhRjkkHOevXnnIORgHtzUjkbvl3Htk4289AeOON33ueO1NbB5AJJY9T949jjPH+1jHXvUOMVZXXK+6vq+WPkouy0b3k3aOiRUo2WmtnaLvrrytJ7WStZ3d3bazbTQmRkZBOcjgg9cde3THT8sipPs5UjaDzyQWAyc9uenfkdxyTklhfb32nJ4ySWwTnJJIyPfGe/NSecuDzg8ZGevtx079AOvXgGsml7ri3yt6ab6rV7Xi3qnp0RK57apu7vfZWVl0fna66v1s5YioyxI4OcdCcDIJGDg8D/AAyBS+W3ZiBzu6ZJ4Hc4+6eDjHUc5zUDXBGOhPGctkYPXkYBzjp0PtR9pH8fQk5APTOCevTPXPHSk21otUuqV7Ky82r2fV6pi5ZtaddLaa6x1bS8r73095u5OEZuMqQMBgDkkHpjgjJBBIJwTkEU8Rgck89DgYycdSehHbJyfqetT7UMNggN6tjJx2+gPPYdqf8Aah0O0jHXPXBOeg6Hjvg8DBNKLlFKztrpGy3b8tUr83WysrNA4y0uk31k7p27vdN2s27d9Hoi0qKMZAwOeNvUZ3ZODxgdODxzjkhfJUkZ7jPVTyQQu7IyCQBj2UDp1rLOuWLHBIxj5sbeozxnntggcZ6k5cJVGASVHB5OTjuOMe+PmI47VrFp6Xaatd8rTWie+qv717abeRjKE9Gr26bNq9ntby/BdXZTiIEA5C7SOQMbRn0wff7uQx/2cYcYsYC4OM4Ygj2xyOPTIwTgH7uMMEyYILDPy/Nk7sghe+evXjkZ3ZWn+eo+XcOoO7oeoOOp5UEgDAyeOnTVS3td2tvbX4Vva7ae2mul7dI5am8oye17KyesU76vTbS76WXQVYyG3EAHpnB2nByMA4xtAOCOck8jOTbjBHfBOTnaSe+STgnPp6EYPOQIlnGQAUJB78kAgcnJ9cDpgdOO86Tg8bgCQcjBOee7HII7DHTIPHbXm0S32vdNJ/D2va1mtbbedzGcZOV3eW2ySk1pvZdHdbO1+vSwhdQRv4z93ggZxgjI9zjgE/NzzgzbmJGGzz04HB+nQgZyBkY75AqASoeSyggYBPGCCOhUHk+uc8gnOcU0ydAGx2G0nB6Erj6DngD2OQTKve+qs1ay3aaberas9Xp1s9dnh7OX8j5m21eN7rS/z2tr06LRXN2SRuyAD1JOCMZIzxznuOM4HGcSR7jx99hk888nGD83AGOcAn1zxVQPg8leSpXpx2wSccdweoySTg8TpLjnKkAYz69c8Z4xggZI784xinOTskr2sktXb4bXtdWto7by1tpcylSk35tX1V76LXXRJXbWq7663sAsGyCMDOQQDnjoOcg/gMjpz1sIzsVUkDjIOMcdj8oJI5PY4x37Vd6AnBjPcZZc5LEYJAJ9QOB7c4xIrsC3zfKBgcZOePl5JwB1PHPHYkV005yaWrVmtFtZci1svmn5vVJGUlK6binZfy2urr177t/5uyAXOC3bdnHoen0xwcY5HPFPU5+85GMY47t04zjHIB752keghNw2egz1xnBxgg/e+6AcfLt/A5pRPkYO0YweuMFsDjI4Gd2BjAJ7jGOunPa7fS77WsrO7fXTr1v54yg3ZtNK+m61svPe+vTZW7qwpI6LuwCPm/E85xzj+7jkHpzUvHAIxjPA6nPXjBJPQE8AYOOeRTEpPUtjJ5JyeeuOTk8Dgjt0xgFBOeVAyehyefXGOmQMY756gg4rojU2tdLRb9XZN2a12fbdEKlPm0aW15WTcbJK19pLyd7WT1ZoAKSoz3PbnBHI+725zheoxyOVnVR905K55HTn6dgOucj16cHMW4ZW3ZXjkfiQemM4B4A/vcnJ62oZhgd27EHv1PB5IGfu8Y+bnqB0U22079F52vZbeTVtd2npdMcqc2lzLW13K139l30slqrapuyXmasRJUAZJIB25IGM8ncMjOMN79M5Fa0BfAx1G0YOOSMcnpnPB4IGeOq84cUvIAwOOAWHPoCDkDk++OvXppRSsRtHAOc5HPG3B5OPUY+8DnO3FfRYFKXLeTV7W0lrZRtbTS9tHpvrfc8vE0WoyvZNPTs03pbq1d6N+atdWO88Pu371eceROSB3xDIBk5JyQc4A9TxX8an7S2tz2vx2+Jph3MyeKtbUJvwp2zyjBI75AGQTx69/wCx/QWIlkUA/wDHrcls4/54yHBLfMvJzgnt6ACv4xP2gPKm+PXxTW5BKP431mFicfIj3Eg4BGcnB4wD3ODzX9PeDdJzzTKXy39lVqt23fvUU0n+F0+yvserwVFRw/GidrvLMLHe1k603pfvZdkvPc+Zdb8Z6nDPHJLHEieU23gZBDEA5XnccEHcTg/dxkV5brPiu/luI7hxGCiZHmED5QScgchsrkjaPY7QBj3/AFXwz4UvLv7PLJNGQgV0UlwSD2UnAJz1CgkkE9RXD614X+HaqRNe3MbgNEE2hj93O8bs+g43AcH2r+/8HXtSi6dGq48qUmoNp35drX2fdX7O90flmNw69padajFuTtG6TdrJ9dbJddrXVrD/AIaeIbjUru5WRrRgoimjB4UlfvkKTjJA6Y47DB55v4heIb691yNIBbpHCsoUqwRdqthy3TJAB29MHk9Mj2T4R+DPhpe639ifU7xzJZOtmVCxK9w6szLK5IXKrkggnGfvZBr0zxH8H/gRZ+FtU1fVfEF03ixpJLTTdFtJRLIsm4sLhmRyCj/dfj+I4HArGpjaNLERU6db2s7c0fZydk5L7lfRu7VmlZrVkMLVnSdqtNw5VFWkraOLsrt2+Sd1t5fPFjeyv4TvLg+VhtNvMxhkLELasWkxxn5gSRt9cYGa/N/VrmcS6E7Rxqv2q+IzgK6tcNyCDjPvk8Hgc1+jd74cs4vDOqpFf3EcsGlaiqpGML5SwvtUEdeQNx/EHGCfza1OwkutHjuUuS0dhqctoNoBZVkBdvmzwQW6ngg4zkc+7lklUqVXFNczVotbe6m3stdmlpp6M8zMIyhCj7R+7CNpbWlrC1+utlsm1d3dtT3TwVPLcXN1bReSR/Y+pExI425+yOTwMAg4zjg8YBGQD8t+DrSQvq5MSl5Lu7T+HLN57YQDJJGWIyRg889DX0f8GtOge91GWR5X+z6RqCHnG4tbScnB5BBwDkdgRnOPAfDMETavexDzVjXUL7Ox8DDSuBnBJI47HOfvHb092lTnzpt8zirfzPRpbLqrPd7tp7njV6tNRUox06xS7creiXnbtdeZ6xoumJH8N/EsbW6Bme5Z2QqSFEL4VgDnG4ZOD147kV8baVYloZ/lYbZiVJBwRvI6AY4xt9gTnBr9El0Gwi+GPiOaDzYJJbPzxIGLEAAq/HB5Oc8L329MV8WeFdGuLz7aiXSL/pDrCGUE43kDPGAuBxjsea6KlOakklG7W17WSS1bvfW2iu11absctKrSnBNy5bNp3STSast7JpPZ6vs2PSOeDQ9c2r9/TVUc4I244Oe+OBk8rk4PFeaaa8gliyq5RRxyOvPb5Tk8nOcjjnOD9JS+Er6Hw14jvJZYjFb2kcLnaMsScc5z1z0A46/MRkfO39maiLoG0CuNzIVxg8KQoAI556HPHbHUuKndOUWnHleuz269tba36JK+hM4rlVqjScrrVct203ZtX69L2SenfovE6geHrB3+XdM2M5PXoRjLEL0GMk+wrw/U1LGQ5GQ2AAAu4jOMDbj+I5AxnGORkn2DxXF4gTwxaPJbiNILkKzYO4Ox+4CQBgdCOcZOeTx49K13MHE0YA3AFm4BwTxhQD94Yx8uOvauetVXvJws1ulfR6O6vbrrfWy020LoQas1LS+r0aeqTV00r6/euzOGvgweUjdkE4HAxgYwF4xx7gcCubnLH0AAxgNnPTBI5OTgdM9BnoBXoM+ktMxcYBIcnCknGc4yCR0wV6hcnpg1lSeG5i7Orc4BHQFRk4BHzYx2zg9yMKAeP20NLKTaV0uutu+rXlduy6cpsue7Ss9vh1dmo/hpro0na9jzW7Dc4QjknptKgjqcjufyPUDndkzLKdwG47SW/i56cHGfX09e+a9Tk8MzSZBO4YwQoGFPoRznOOowTjoOKpHwfMWcBvlIBwOhA5+bkevQZAwckAYMOtTlq2t1dKz0bWy0fk9LXvfubRU3FK2ttdFdbNt6adG7bbW6Py4+aV3DcCoPOSQDnqT3285HTvUioRsBdi2TuOSeo+XuOACMDP1GB83qK+Crg8KCRx0VSccn8iey9PvcjinJ4LnDEiIkYODtUA9QCGxu6EjIx14POKmWIpRir9fOzTVlbe99Vur9iowmldJtWTatrZ23tq3vomt9GeZrDKuNoJ5yxzkEAjAI9uM+oIxg08QXJDFR8p59iQoOBgDIAxkknk+lepxeE51Ab7LkbgCQCRwecYGOOpGc49jVr/hGgMg2r4UknapAAx0yQTgjvnJ4JwSayniaLT96V3/LdX273S6X6ebaDlqNaU7qVne8o2a5bN7PTTreyV3sn5QlpOQPlByDkLhhzwW56f8AjvBHAGanWyusj5SxJ46Y9c44B7ZOGGTnnmvWI9BtYgm61kJBGQAx4OD83B5I49MdOM1e/sywRSTasSB0ZeVPcgsMlj0z6ZHHBPN9apxtvo1ZOz7S20Te+ut9kaqnJJJpRsoq6b+zZrVO+9n1t3PHvs8q43qzYyAVBADc5zwBt+hIx2pfKlwC6uQABlct1wB6jB4wRyPyI9d+yablgbaQLxgAHBJ5YYwc9yOR15GRikMOioWBtpAQABtU7QTjORjA+ikKR+pLF029Yt3b2fV2lpa+63sru91bVGsVKVo326X0Wi38r77J3euh5IBNnBR9yn5TycHGcngAhfujsfcYNTrFISTsYtg+vGckdO5JII4A5O0gDHqBfQ42Ym0kOAf3mwnJIHTcOhwWAx9T2pqajoMQINjIflOcx4O3GAc4PTucYxweCah4lWjyxvrpt62b0u+lpW9L3L5Gt3q9Lfdtrp167vd6HmwgmIU7X9MAbuh6DA65wcHPclR3mSKQHcA4JJznJ4xggcH8VPynnHpXoyeIvC8S4bTZWBAGfJI4BJDbj3xxngEdzyakXxV4SC7P7MmJzkqU44GeoUDLYyfXdyOcDKWJl0ovu9uyTevW103fZ6dECp3s5TtdJ7NNXs+t7Xva6T1002fnqQyjblXwAcDad3PX7xwTyCAT+HNKsU2X+V8Y67uOhOOQME4x06kbmAWu9bxZ4ZJCx6bPtxziI55weRjpjJxkZBwMnJKDxR4dJJGly46jMRI4GD1BHOMZyMjHAyAGq7bTcEr9XJaK8ezVr3v+vQt04pWUk30tdLVJ27emt9dt0cQtvMpH7uXByBjoDnqRk8YOSCc5ycknFTLFcAgbHI4GCCCSx+9gkDgYB4BAJwSM126+KfDqjnR52BIy3lMBkdM7QcE5Pfj8DmQ+LfDeB/xJbjGRnMTgYAIGDt6kdQOflPPQGniXdJRTb1eqemi35r3d7a9VZmSpxjb3re87au17RstLX912V76b3ucWkMpVf3TDd0G31+uDjGeoJ7dBmrQt5VbGyRicnkEDqOucHgcD1C4GDiuwXxf4eIDLol2cP2t5OfXGVxgc8evuATKnjDQCcjRLksBtAaByQN2Fzkd8E+vfnHEqrNWcYqzS0XJ5btW067rskug6EW1JSV9+a19krWTSWlt7K3qcf9nkYABZF4GARt3Y+bPJPUDjPGOeVoFndEArE5XBxkDIA5JwMEgdM9+ccjFdsvi7SNhYaFdgk/KTBJuBHBGfLZQBweScZ7AVDL4o07cWTSLtS3AxBIMAAf7PvnA5xggYGTrDEVFvGKs9WnHVadb7tv06GLoxTupNXd7PWyukvlva979dnfkFhuVOfLmAB2kdCTkdPoQMgdDnNXl84sAqsnVRnBwcd+uW6ZOOvK5HXWPiWzZVCaVOSSflMLgZzjJXBGOvDDnnpgUsesxnaq6TOjHk7oHx0JyPkOf5g56CtVXemyvZLVN3dleWjVlum9WtVomlEqCmkru61TS3T5dH7qu97W17oyfLm2nEfPBwSOM45wScHI4wM9jwBUZhuCcJHtGMEYz06Hnkc+2eg4BNby6grEEaZOuAcfum4Pft7/4dclxuicsNOmGcYIRhj1DZ49AByTzjkVpGvok7O1urtaS7669X0s13uYuhK109+9/K32dtfl+eIls5XlWyCAFA4yNobOMDAJweuc9M0/yOTg5OAQCOQTjOTz07fhnPbTe5c5YWso/h6FdzHqe5yPQnnA+opy3LqQUgkBwcH+IZAzu46EDaR2GOgJK6xqKW6T+G+j3dvnF7NJ7XM5UnHW13dL1utN976Jp7PpazKggjO0bQSVOAAQc9RnGCdxIzjquMelNS1UsQAQx74yTx0BXGOmQB34A3bcS/aXBz5TKCMDcCdvTggZ6Z4x+Bx913ngjdscEEAbcg5YDOemOO+CRz+N8ztZdVo/u1vqu3TpddRQUo66Jq27813e3nr02ur0ZLIt2bjJ54JzjHoMHPBGc9gSTTFspN4BPGCf8AazjgZXkD9CQWArQeUNn7/KgAggnqMEAdSOONuD06YUPDAMp3kHAyeSe2Q3HVQeOfvDg45Gcp6JW6qSTSXVa3atbW2l09ro0jzKSVrq6Tav8AEmtPLVJNbK62TSKAs24YnOMgBl43H7vXPJ3HnkkAEjqKkFkQOm0qCOmC3cjI5wAR1JAPHB4q4WYkbXbk5O5TnuFGMgc4+8eOfmzgYdhiCd5YDAK9cnk4JAOGx0J75BPrla7bvfrrbTvrb723bT7+mMJSeiv3s/h0jur/AIpbJebII4HB2htvGM8OPcY5PHJ7dhWzaEpsCMc46gEEjnglsABsdc8A8cYIpRls8OQAduMEYIHHbuO+cHGDyuDoQFyQQ6nB6Bc9Dk5yQDjHUnjDEYoTkmrNWum9OzW+qvo+ul1tdnRGEk2uqtppdtctl566pLXTrfTsNMuGXy2DbsADbk4YnpnJwccYORjpkkZr0nS7+TCAEqBlX2cMAeTuwD8vZuikZO4nNeQWrNu3eaFAOMKAQD0BOCM88jH0PrXcabcIpysgI2qCqttO49Msx5J9fYFjxXdh67i072cba9FazS222dvPva7cJyulDXdx+a21Wzv+miPctH1N0VFU4KqFJJyPQkkZyceg4wOn8Xp2kaywYRllP3cNu5Kg5IyCwXuOAOeD0xXz7pd1HgbXUHaxJYnIKkkjkZYH5hnHBzxkkH0HTLlNqgSq2eCd+0ZzwAvOCDnn/aHevosLjUopc7W1/e1u+Wztrs9bLb8uOrhpK7cZJW0bulryqzutno3fRaNO17fRek6y7KSzbgnC45wTwc55BO7A28cZyd1eoaPrS7E3OwACqXJAYAnHIzySR0HU8cE8/NekXQGxlnyAB90jaB2JUnJJ46/hnpXqOl3xAQLKhbnBbgkk8ZB+8SuOgJ6eoz7uHx8YpWnG+ja5lotHo01Z66tXV22ut/Nnh2ldRk9PdWzvdX1u7JrWzTs9W0fSGm6qG2IXO0tjkkErnOduQACMHP3SQMfer0HT9QRgB5i4O3aPmGAAMAY5BPOT3GcHjn520q/3j76ljtUknBycnCg89MYOcggZ+bGe+0/VGRQcqxBw3OMdsjGDkck856YAwte3Rx0JpKUmlov/AEl3sundX6N9mZRoNPZOzVpJa9NbLts+/RJHvVrcrJjghwDjdg7u/v0xkHjDDByAa01mXcRjJ2gbvvFQRwSCByDyABnB5PAJ8s07XGCgNksoKgljyc5IODjOBxnbwMYNdNbavEueCcjk7uOM/NkHHB57du+aupiKdrOSd7dWl0e7v0aatrbRaM76VOSatskla1ldWfZfcn99mzqCwHDAZK8HGcj1I9CeR7g44HDBgsV38FcKfvZJBGGzyMHbyMe4NZSahEy7d+XIyMMemc4yeBwARk4yeCeab9sRiwU8krglsAjuRnGc8jnA9c5zXnVlGTvzJq1na1unlpr6aL7+6nKSS5Xd32s091pa6d3rzJ7eTOgiEsigF25XMRIXnBIYjGMEEAbucAEHHID9sm5+NygHJBBCkggkAYwB25J+nQ5CXpVSnGVIClmGccA7f4TgE4OcHHPUEWYr3YzbjwTgYfG8NgDgHBIJIz3Bz2GeCpSgmr7O9mt3ZR1bb63au76WaTvr6NGo48ql8XMrO+12m7trW2vdW9GXdkiZ3quMY5HJ9TjBP3jk9T6n+I12maMeUyZIGTjJIyMk47nnA46Yxg8Vaiv1ClTt3KuMtngkDAYY6AEYOSARjtTJrmHOXQZJXDr/ABAZDdiCVIHOOn0482dCk09E3e17drXe1rb7XtZ3ezPUp4ibcbOdlb84q+2zdmvu31WZLPsBB3gllUYypwc4B45Yc9D9CeRTY9Tuo5cRSzRlQu47s7Rk+j5AK9OcZP8AdBqzJLbuVZ9pU/MCM7lz15xnrg9eQSB0NUnNsSGD5BLNgBlbHAXLYB+9tOCATmuCrQppaKKejTT9LpWfT/h7XZ3Uq0rpSm76Oyb6W1VraLZtdLWejT2LbxZq1kd0V1LjkKS7jk/ewM8EnrkEdABjNdNp/wAWfEum42aleRgHG5HJVed3ChjnjJOAR6/eGfODErAOeQSeSuSCo9SevpyDzx8oGKU0Slc7jjfjnIwCcccEg+mOec4Py1xKVejzOFRp8ySSlf3ly9W99Xp6b6nQqsX7s3fS12k1f3dHondXdreestD6l0P9ozxTaBd2q3HHJZyWxg4UnsAMjk4I6ZzXq+i/taazblFuLuK4I27vNgQrgctkMCRwCGxknjkda+Ao4toLK7CPAIxkjO7gNgcAdBweud3NPLujHDhVAyCMtjkDAJyWOcYyAAD9a1Wd5hS2rtWslZ3TXu762vrtt2s2RLB4aql+7p9rct29U97Rs9UkredtT9U9G/ax0a6Cx6jpWjXBbIZvKjVmJ6kkAdMkEH0zkZ2nvLL45/CzVFC3vh2xWUsAWiMar0wSDkckMT8vzEDkHGR+N0c0sZw8pjIByeu4tzgbSeqg7eQMckcHGnFql6rIsU8iuFJKhmwccgDdxnHX1yMlTXXS4qzCkveUKi7yjF3u47Pf5eltLW5pZRhJO6jKF1dOEnBXsuibdlutN2+2v7P2/iT4HaxjzrQ2TMBna0ZCAjqSuSMnBz2UD5Rj5rZ8H/BXWifsWvQQySY+WZVIBPACgkA8HBHr1z0P47WPi7WbQBY55g2AR+9bJ7kEA/d5AyMZyceo7Kw+KGrQqu6VyQy4BZsgHpkdMHPIIzkgt3I648YtfxsHSne3N7ttU49EtG7b9TOWRttKniKsXa+srp3UVdJ6WXe6ulu7H6l3P7P/AIJ1EH7Dq2j3e5SUBlhiPIwOEbJ2ngAZJJxkgccjqP7K0EgdrOBZMLuxbTxsCMjARSxPGef06An4fsPjLrEBRjJKpB2gxTujLgA5wvGBgYIyOfY59B0z9oXxBalNmsajHgqu3zmZFBI4ILnI7k5POSfZ/wCs+S4htYjBqGzbSsr6X2Wtrd/uZm8ozKm17LFOVv5o6fZvqmujSutNU7aa+u6l+zDqVqHP+mwkbsL5TODgdMx5684GNuDggEVyc3wI1y0YqjyALnHmiVOR2O4DOQc+2cn0PQaN+1L4jgEQbVjMoxxOscmQBjB3EZ6/n3GOfVtJ/aoS5CrqdhpN4CCSJIEDEcZO7DfMSeAG78DjjCWL4arSThKdGVk23qk01sk2tP5UmtNBPDZvSs+WNRLdJtdYvZq3429D52l+Fnie2YbFRwMcE7uAcfxH5WJ5BGepxxgiJ/Bviyz+aSymOMfNGXAz2Ix93jn1wCD1NfZNh8dfh/qRC6n4YtoyRzJaOiHnB4G5c4HJ46/jjqYPFXwh1YAu93pxJyASkoG4g8rnn0zzjHHHNNYTLKn8LGQabTs5WfS3Z66JrZq29kYyr42nZVcJUsldtR5l9m9mm2ktbWvf8F8FmDxBakb47mMBcZdZHABBBB3A/NyORkHjd3zKJLmVQlza2VwrA5Wa1Rhxxhg6lT0PXuDg8gn77bw58PdUXdYeKNPkD/KsdzDGGBbBxvIOCOcfKccgYwTVSf4TaZdZ+ytol6Cc/upo1YjjnBKgN1ztJ9smsZZNCf8ADr05rRJWi7LR3d9X3bS6W1ZlHMOV+9TlC7s1KMl9mPVpPqtpJ972PgJ/Dnhu+DC+8JaHdMd27dYWwIJyVJypbGCWGR/EfwyZPhT8N7xX8/wPpau5zmGJIiNx5OIl3D3x0GSOCc/flx8FYj8w0cnOSTbypJ7jlGyBnA69OD1Nc/cfB+GIuwt7u3Y46q3BAI7AjngH6Z4zXlYnh2Ek+bD4aqpJfFSh5N6Pu2m31VvU7KOccrXJKpCSatyzmuits36+XU+FG+BvwpB3DwyLZj97ymcgEEAc4ZR/XPT0uRfAr4eFc20E0GTgBXHXrgljkZBx0wew4r7Eufhc0Q+Sd1J7SISOOBkHPXJzj8PQ4c/w8vYVO1lbaeMISxzj5uMnn3HBweowfn8Rw1h7+9l+HlbXSnFdtU4q6+dmlfvderQzuo2rYqtHbTnbbemnvNt9L3032vY+aYvgd4VhCm3vGUgZUOV4ABbvwMjgAr374Bq9H8LNMtXzFdK454fBAGev3cHj3BzznnFe53Hg/UIQThS3AX5ducjcMjPXB6/jzisx/D98C29QCMZXDKRgc898c847jB6mvHrcPYOk3J4GMXu5JW1stfO17aLTz0v6lLNa8mr4mUraJSs9Ha7fWV/N9X0u15rbeD7O3bocALiQ/MBnoVPPYY/gxxnOa04tDhiX5Bv5+ULwTgEcjnknsRjk4OK6ltMvF35hLBThCrEEDBAwOOCcHnngEHvVM28qkthiQQTn5cDPTOM/UYPXGTkZ8rEYSjRdo03DqtPhSts7Ky7Nbs7qeKqTes7t9JPlTWi31std9+z3M0WQjyFBPAZjkdc89RnAyecnA9SM0nkFQp6AKCeSAT1+Yj15Yckc9K0WMgIyoA54PJwepPTKg54CgdOOgqkzlTtAOdx3MOn4465OMdwOnA2nyq0uRO2miS166bLr53utLu+iO+lJuOjvd2TfrbZ9m7X02V77OPay4IPXdgHBJyTgEc7R3744OajcjBB4IOGA5Jzkn5umM4wWyDwPWmySkksCcqMYUZJ7hupPTkkZIYH1OKjTlWKrhWPHLfe3c5644wT1wO/TFeHiKjs+yV163sl+Kb666eXoU9k7NJJKN7NuySTdrLr030fWw5lwQCd25iQRkYx0ByeARgED8OlU3TnG5gQ33QTjacHBz95euOvJ4xjNJJLISAOvOCSOcdS2MYyPfOccnBqu8x/hLEd2ycewwR8xODtBPQYANeXJqV7uzV73tZbW3u7PpttvodVNN8re2+ia1006/pfo7qxYXC4IZnzncucMCD0XC7cjPcHdk8k4NWV2uoEsUbqeNrqrZBxxzwBwB1/Sswyc4OcjtuJyTgfNgjHyn72cY45PFTRyZPJ9BgZzzz1OMcY/iGc4Bycnlk4yaXIpLZcyi3fzvfS/d7amjTSkk7WSdr2t8KTt3d0rvW1tbXtbl0HQ74Dz9MgCk/MVUKxPqMcnHbJDcjsDilL8NfCl6x2RTQOXBVo3BUdRkZJwOfUgjlcdK1YZASoyQAQy5IIIOevXHGOByCDnBJxrQSncpD4V2ycdV5HC8YPGDgADJxjPSI4TBVW1Ww1OV9G3BXSVulm9lpaze70TIdevGzhUmrdpPutLXu/n063RxUvwb02Rg1rqc8ZJztYFwp4wDk/NxntyBjo1VX+D+rW7MbbUYmQbgA4wT09AMnB57YyeDzXsNpM+VGQwO5fVyCeDzjqA2MjqQSy8V1FqXbAYhuQrB+NueoGevJBz6YJAABq5ZBldVJxoKF7P3JWsnZ6pd1667XsS8zxMHrVVk1e8Y7aWTulp6ybXRO+nzzb+B/F1g/KLOowAUYocDABDAhjw2QDuXv2Ge00qHxHYzKs9tcoFwCdxfJIIOTyDuzjrkdzjmvcoE+4WUANwrFRjjsB7Y+7jOc7c9taG1hcg7VYNn5iMKeeDgZGO/H1PTFc1ThyhSvKlVqQV07KXMt0rJ63s9N33s7kvHuq1zxpvRO6Vm9Ivtfqnfpp0djnvDPibWLUhDAWACgZADFccHIIIJx0IJOcnBA3fSvg74g3doY0niu43DKqmOViNvBPDkDBA/wBpT3wM7fLLHS4HaNjbxklmXcoGfbHTt/wEcY4FexeFtDgLxkx7gwwS2DtbOACrep2jJxyRnOa+K4gwOMw8G6WLlbtdxdvd3fTfWye7+etKeHqaSopPzWl7xXySevrbrt9TeDPiUJY498twpIUESAEDk98Z79DnBOMV9E6J4zjuAp3IOnIBBBP97OARgjgA9zzwK+XvC+k20MUKvEmUZeCmGJJ3dgAcHkYJbPpk17jounwARsF+ViCMDhAccjrnP8W7pyeAuB+bfXcfRrNPERqa295tt6x0Wt0rWvZPz2afmZngsvqU23ScZbq1rR22tbXtrr+C+oPDuurMAFMZBx1zkDI+U8jCjn7oOOdxJFejJfBwoKjGAc9c4yMA9eMHqSQT2PXwTw7CsRRcsBkdARzwOAcZ5OOTwRyeCK9Zs5CAiliPlOSR0JwTzj3ORwR6gZFfp3DHEGLpUPZyk0k4pe9p0tfrv1u99XZs/EM/y+hDESlT+G76Pm3Td0ttd099b6Xv1QuAWJHAwOD3yB0Yn6c7TmlExzxkjnGTgE89+oHHfvwO1Ywcg7lOQOQDnJxgDB45H1xkE8dKZ5z9mO0cMCR8w4J5578DGe2Rzz9XV4rqUvdlPV7tNS10fLpp0/p7fM/VpfZSeiSs9Fd3u7r11utNmnY2vtADAZ69ACQDnqAB8w59j04HNO8xSQCSO248gcDAA6/TgA47Z5wmlI+bn5uw6cA88/3uCcA8kDqMFwumGSSTjPJOTg9PrwO6jjI9BXPT4vUpRjKV02n0Ukrx1b672sr63SWg44ef5Xl3d46K3pe2zvpaxvlowD8xxk9ehGAOpyAehOOecduVDYzg4GBjH3cA8cHjBwQSOfp0rDF4QvX5txG4dRkgd/zODnsTwtJ9twWwTkEEYOCM/wAQY5HAHAOc7eeuT6H+t2FppNzg+jmm/wC7tql87N9uopYWUmrq+qaTSX8ure+jv6aWOgEikFc84zgFQMjrlcnA9SeuD0PR+7P3csD3yM4GSAOeDkgkd/X055LxM5wSSSfvYPPYnggdtvK+uDg1Mt+O+T8xyp+Y4YtjPJzgY6Ecc4ycDuw/GGEndSrQWiablJP7L95vbR9et7iWElp7reqd1r7y5dNHd27PReXTe3EdNvuOeoz+Z9TkfiQKYZG9QRjqcd/6fpk98EVkjUE4znJ65bP3snDA4GDwOxz0OOKlW+DYzzzjB25wBjnHTgj2OM8jkelR4iwFVvlxUW9Pt63tHReTffR9OplLDTiknFxtZ2s99GrtXTW/r62a0PMPzYGB3yx5z0GR/CTnkgnBzil3NkYUYwe7HGMkdxkHHTHJ7gDNVFu0K8hQ3oMAcDPU5PXPYcckZGS/7TGDzgHOfvDI468ZPp83QcZ611/2zQb93FxSurWeq0Vk7ba3a8k09WkSqdrWgm1u+XfRa20/B2217Tl2BJOB1xlQemegLdehOMHJJA4ppmfOAABjtjA9gQf5dOPwgNygyMcgc5yRz0B454PTPfHXimNKnA4PfA6fNz1x04AwcDjJ55rGea0m21ibtW3lZrRbu1rt7a/cHI9vZ26K0dtrvbW3fzerLIlb+8PmyeQcjHYdDjkfTdR5hzlm9uCoxx1+7njBbgkfTPFMzpg5IBHvkcH3xyB1J4OeaZ9oUFtzA7gOTgDj1PJJxxjB5wcEZzj/AGzSTSddNdL1G9UopXu9FokCpvT3GtddLXWm/Xu7WWlte9/cv94sRhcc5PvjA+bg/Xt7G/nGCCGG4HJ9DgdRnHp09+KoGYbcAjAIOc5C4yevy45Jz1zkcU0z4O0EkZz6AAZzgD1G3J6988mpqZ3h6S5vaxbte909Hbdq2r1bX52LVNu3uyu7Kzb30V7petl6bGjlWzy2M9McH1wMHg8jkc55BHVAygk9SAfm5JHXr7Efp1wM4zvtO0BSxOBnOcEe3X1P19ehpv28AcnqcEsSfqV57kjuDkD61xvifCU5fHFrZa3/AJdf8tr69SlRmvhi9du7vbTby2s32aZrEBh3yfmOAPTt249ACMD35aSDj7+MADGeeV75wDu4yRyM5wMZzBfkqME8Ar1yOpwdu4YPXnb6YA7xm/we545zjB5xxkHnPfrjIIqJcWYNJyc4uTjq09LNRulZ3vs3pbZ6dZ+rVL2aer2a8o9O2v3mwWIBHI9GHJwQTj73APfk4yRk9KYZCCdzYyuepyMdSMKMBcY4xz0xxWK9/wCpA5I7YJ9MgYPTjJPPTpkwNehx1B4yM4wB364x2JxnpgjI48ytxnh1JKM9Oze+qerinZXvayWz2LjhZtbNpqzta3R210873S6Py6DzFBAyCeeCMbhknnIBGcE/kfWk85cgZXJA5JIxj+70+8Ov075zWB9szgjdgDnJLZyQQeQODgAD0y2T0p32gFeu3PU4JORgjHTP3cZx0xyc85LjGhNWvF6Wbu2k7xVr3T7WaWvzQfVZ6XTs7b79N7723vp23aRsM4IODkjK5ycA9M+49DjjrxVduCW3D2BPTnJHTsORlR0+Yg4NUjORnMnX+IZwM85xuwRzjGMdwMZJDOpABflVAGScnOCR2AI4IBzxnnnNYzzqjWSkrOyur7vSLvtd/fe9vUpUai0stl262vvfXW910vZ3RaPK7jjJXOSOvc+vBPGO45A4JDcrgbQCMfcOc8DABIBz0yM9QOoIqD7RgfK3ZefTqMNyo542g9McZ+bLDMQBwA3Q4GCT+ZPJx82QOoODk1y/2pQfvNO6Su3121W+ybtq7Xbu+r9jLe2l9Nb9Vre2zTbVlot0utoMqlgMD5c884b2xyD9AD0HPOPFPj1IB4CvWDAYurYghTgfvRu/AEE8njgnGK9eaRhuJxtGTgevUkcn5jxgAHOCfSvEPj7I3/CutQOeRdWvfoDKOQM8LjGR3w3B6nxOIcdRrZVjqdNKPNhaqWyStFPy3a0+7zft8O0pLO8sf/UVR0ut+eKts/vvb9Pk6/8AHWoaJplxaWsNibZL2F45nLGUsY0LDaAWUKTnOe5UggHPceCvGmtazdaTPOtkys8g8qFsldm0K5wxwccnAHJwc4214Tc6Bq+q3F+8N3B5AntgICm8iSSNSOCMAHJyevJ6DBr1j4deG5NF1HS1mulnl86Q3CKm1BuIKqoxn29ASAemD+N4WU3iMOlJq9SlTUVrdOUbK6iuVa2u7pXs3fU/f8zy/BU8NUk40ZVXTlNuzc4ydOLbevLZO2yXdbHwt8SdVupfjh4zyyLKmtNJlcYG5QDnPPAx6H0Oeaoz3955+ftsKNJKxUCPLKQQQFOBjGAcjGfbpVf4qWayfHXxqscpiDaqD8g6MQPUAk4HTOf93gHmp7SRrxojfSAxyPtIXnpn5SvI9yCf0r3ajpxnVjUaSUmmmr3d4qy8t72VlffY+twlNSwOCUUkvquHsktGlCD8td76N21ep2194+8W+HoreeLxRfxKGFqGhG1ljJ/1X3gznLHOckHOSMAVRm8dahqV80uo63cSyeQjZeMMzgD5WYYG9hjrgAHv6cTqmlxXYiilvLiXFypI2ktuPA+UkE7jgcZJxjANb9/4E1TTrG31K4iu7a1mhxDM8BYYHTc2PkG0gjcTnlRntqquCVOEG6Sb15ZS1TTV2rWe6TvbW+vRgsNCnJuUYwqT0vaKm9I+67NN2snr3t2RYj8QeRPfE6zPK80DmMOu7AALYAOdvykAgkHHpyK5qK9uFQMuqEmSRnPz/N930OMAHI6AYzmom0fa007XBaSNNrER4AWRcKSSAD1HX6dOao2ulQzyGJLly0KM8pEbEepwCOm0Z+6eg29676PsdPZKKS0XLruoXv5pJ2u7afN5Tg1GV1d2aTevLdx01bW1rXcdrW3O6+O0/wDxQHw2kWdvMZbksTnn5PmIYYOCc4A6+2a8O+H0Zm8Y6CkF3OBLfwW4ZGJCrKAJAST1JPrjHXIFet/Ht3X4f/D6KCQDYlwnmMuP4DkcDA988A4zjt4r8KhKPFXh0SzqQutWrDbyxG5QR8p74x04PX5Qc7Y1U6mLhL2ktIUbtWtzKMNLa7u6V3o1vsLLk4ZLV9xXU8Q7tXteo3f4tNLvrrqr2PcP2p3MOrfDnTxM8osrW/jJZiScSHaAcdvb64xX59eNWJntlGM/aLjGep+919R368Ecdyf0E/az2/274FljICm0vWBwfvCVsgtj7/bgkDrwcY/PPxqJHvLXClBunfGBgbt27JJ54zjt7HAA8fMFyYqtGLdk6er7csNvvS0WltHY9Th6N8FhHorwm7Jq+lW7006uK6vXZdYPhfGH+I/g1DtLHWrI8DkbbuJjlecDGOTnGMcg8fqX+3XdtF8KvAURYJ5niBnRjxk+TtDZ7gnHIJB59Tj8wfg7YTyfE3we8oAjS/d2ZsHaI1LDAySApUFQoBx0Pav0d/b61C1Hw/8AhVbsz8CK5YKMkkw5Lnqck7jkE44+bAwdcvpxqY6km7KFNSfW7co6X76arVO+qWhw5wms2yu1371XpeyUb3drvVytqvm9bfljf6jNDeCGNgSXUszY25wTj5hu7jpx14BHPU/GvUpbdPA7Rj943hxXJXBA5Tfzjgg5ByMHvggleQB0y5la4e4mCkbVBiweoHzEDqVzz34OPXpvjMtkD4IaaS68oeHkjjAjyGQ7fmIwMBckY6e4xub7pqEVCNr7K1ujUbPbV9dflrY6mk69PR6c6u0na8Y3eu+itumtVbQ4SDWHudKAEQLlXLE5JPBG5gOB944C9OMdcDs/i/eSJ4b+GjxriRtCmKqmctsPA5BAHQ9M/wB7ggjy6G90+xtpF8+4IdXwRGcfKvHABGP0zz1Ar1T4jQ6ZqHh74aNe3NzBbnR5lgaNMyOTJg5HOABn7xIHqOKVWlJqMbP3ktHr0WttGmtGn3tdWJlaFalNxdk27qLbvorq11b7m+tj51tNSuWvN0kYV5VAUenGMt14A479BnI6e1+LIWX4H+F7zYr+Z4iuI2TljwPm6jJ5wT7ZwWbk8DcaV4Vs55UGpXxZ0UAiJQfmGVGDtIyOhAwcDJyAa9R8WnTH+D3hewiurj7DHrlw6zbFEjMMFicYxk8jGTgke7deFoOPMpJrlg76NO7cVrdLV2emiS+dssTWU5UXCE2o1lZtSTS5btu7u+bR+m/Q+ZDJdRRefArIYz+7IQ5Uk/TBAz3yehHIBH1H8CfiBqGk6H8QNOBgLX3hKUu8+WOEPJx3cAnJOdoxwTwPCxa6MzwxG/uI4pSMfIu1mOdwAOcZP3W55HAJxj1Dwl4Uh07SvEV9DqUsUl1o1xHIkkCHNm2P3i4/vDHzcfgK7nGbShrbSysk7x5W2rPRNO3XTS1r3VV05U5c8G5Nwb5o7OLj7y/DW20btbs+2Pg3491+dfB+sSSwSz6Xol9oWiXdwDFb28JiJIV8berHd8wHGP4lB+XPil8R/EF1qXiWz1i7iublLO7s1KJujihklZmWGRCAR1BAIPP0JwtC8e6lo2hRaNa65EmnWfm/YzLApKyTJtbDtllJHAGck5U85x4V4kkm1e7nL+InEs5O4LGCrKzE/eHUBuw9T68xhsDarXrO0lNq0Hq1JWTa33VklvZ25dDz54anKrF2hBRvFyjG8laSk2k0r2vJ+afQ98/Ze+JqXHxg0bw9bK7Q3KrZLtU7VTTVEwJONmVdmUlSB2x0I/V7VbueUT4jdtzsD8pJ4YnnAwMHORxkZJzzX4G/s1+H/EL/ABZb7F4mudKOh31yyamkEUjvLKEYxjzSBtbO0jGRtO0YHH6qfYfFsoRrn4l6oJHdfMMdtaKp3MRkKGGc9MdyMkk193w5GtDCSlVg5c1dtS20UYaWunor21to3Y+Z4goUXi6bjVjFqlCM1KM29XdNKMZK9ndp3dulzwv4MSyz/tQ/HhhE+4tZKSVOBgRqMnH+RyBX288E2GYo+UUqoII3kMT1A5PovvjIyc/l54K07WLz46/GWO18X6tp8ltc2iy39okST6gSq/NMytgYPQDgAZJxgD6IXwx4kfBn+IficqwB4kOMH5Rkh8AkH+9wOvevewTxE6Un7Hmi6k2nzRumpJapq9073b0vG+tjxsbRw8a0IyxDjJUqKVqU3vCH2rJa9t9V21838dlz+3L8NJGjZXj8J3QLMNoC4fpkg7cEBjjBGR25+4Z5RukY7MLIyRgk4XLE5fGSF5PzAADk+1fmN4n8NLqH7UngzSL3xHrt1JJ4XmZ9R+0yQ38ewOSsc6MGVeTkZHAz1NfSj/CiyDsD4w8YhXJK41i6JGSR3ds9+eNoJB9a1pfWbVHGhGVqrTXtGnG3Lovdf3u/XRa36asML7PDRliJJ+whG7pSkpJS0a1aWuu2r36tcP8AtmvCLT4MxyYw3xX0XBByCyzw4YnHq3GfVsZIJr7zSI+QXC53LF/EPReCM44wzYGATwcHFfk5+1F4E0/Q7L4ZiLX/ABHqMk/xB02ItqGpTzLB+8hxLCJGJSVeMNgEYHXOT9TxfDGxdVA8WeNcMsUj7NbvQFMqglQvmchcjjHqPekliZVZv2Hv2gprnjbWMUtWm3te1lZ2va6ZjiFQjQoJ4iTipTcW6cm27xdrXVmn3vq/JI9F/aLVj8LPHUQVWWbwjre4KQxx9klcA4PJyeCTnjAxgVh/AVrmL4M/CyNZYgI/CGmnyy2SAsCABwCeVUdMg5OScEKfHPi58M9PsPh342v4vEPi25ktvDOpyQx3OtXMtvJiB/lkjeUqyEkBlboOCMCud+FPwu0m9+GPgTUZfEHi2C5v/D9jJNDa6vdx24IjT93DGjhIlAxgcAjPuK55U8S6r/dRXuxdnJLRW2fr0s7LXS+hGeFeHVq09Kq19jJtvkjdWunfS/4bHtf7QNwP+ECvwdkpez1RpfKYFhGtlMCWXrjPDKckgDO7mvyz+BHx0tPAJ8KeHrO3hunvG1KO4kclZIXnuSU+RfmyScDjuARkYP2f8VfAmnWfhrU1jvvFEhh03UZVe61i6eMsttMAGjaUqVbAJBB3DkjAGPyN/Z+0HT/EvxD0h9Tlu4bqPXLi3tbhJmaGFIZjKshiLBHwUAIIAOeQMEVcaNXmc+W0pcvKl3i4JpvXVtry1sr6nRGeFdGylzqKu+aDir2g212a0uno7tKzWn9BugeIzqGlWsrgRyy2sckvDAR7kLALnpt569Bz2r8P/i7MJfij4nVCJF/4S67fcCWyXnIwq4wcZPJ5HucV+scWq61pRSWTX3eyhiVCi2Nsu9IkKKGC8YK4+YYGOcDqPxo+Lni6Vvivqki26zrP4lmEkUcYgTAm4c+WOGY/MyjoTwAOK9OeFrulB1IKDSVpNq924q0l26/LZHhx9nepKnNNNq6sk9495O9tnbpstLrt/FFriO3lOXOFyrABQC0f944OR+eecjAEfx6Ei+IvA7zMDAfBtgpX+8ohUFcHqRnPoWI4PBPOa3rt7NqNrZC3iW3dYXO+ViQGdMqNzYyvXHJwCOf4u2+P7afZ674LN1YyXWPCNqY1jkIC/ukLdzuPX5eQTzwRXRhsPOnSk202r2S1bdot28ld9b7J7GLqqNSEFHlUm3Jp6KSS0uk7p6bR831PnqKB7bU7N7dFZZrkuAzKBsGcYPGQPmyCRyBnsD6/46uWh+E3gXKozt4i8RupYhEO4xqAATlskBcEgHBI4Fc6mpeGvs9rOdHd5ogAI/MCSIWAzkZBwO4xkjHZsnv/ABdcaZZfCzwbqI0SO/VNb1VobG4mJVDKfmcjndnBHIC9cHJyGsNOSm+ZpuKXLzbczjZWv1d763VrWOlYiClBNXXMm3dWS01Wv/B31dtPi+K71OW+cGHMZndSg7oG/hwBnnJJIA+8ec4r6Y+F0Mw8LfFeVo1ZX8IFGSNgVUMNqgnIAb73Oeox168BF4+0qCTy08FaaWaJg7GQZjbJDDeRnJwM/NkZByOBXv8A8LtZ0vWfA/xMvm0KDTY7Xw/mW0hlwt4pP3XZTkhiMZycZA45xhSw1aEneFkly3co6/Da3XW9kvXYqpOioNRnLmundpWSvBtLTbVbadEmz4Vk0RysQSCN5WXCt5i8jAJYEY2kZIyMdzxX0d8ALC6sfEfihJkkRB8PdeYktjd/o3GM4YAktznrj055q08Q+HJY0lj8AwyeSFAdb+TbwSCT82QSeDkDb2U8Eex/C/U9G1fxNrWn2fh8aRNceCNaea5F60oEKW/zW6AkNhx/D2AOCeK9anDEJe/RclayTaSS0s+VO6a6b92ee40XNuFZactkkrvZ2tZO/TW99m9kfDnjK0S6+SNcyBZnALqTl3fjAI4LZyBx75wDwGh2N0mv6EpUqItX05iQwzxcKeRkjuQRz178AeweIfEmiaTcFP8AhFfOHmXCJI1w0gJjlZS+SeAcbgpIHTHHFUtH8T+HZ9V0mV/Ce3fqVo0bCQjEhmTBJycgMBgYGSMHqa9WFHEWV6dlutloraau7STXm3vorvGrUpx0jJNy0eivq1vK197N9Ona3rn7TYuJfiFqDxQyShfD2jJlPnwxsbc5wByOT352jABJz88eGUubWYyXMNwIgpVMxsoLOOuenOcZI4I7AKa+yvjTrFhpXjq6jfw3LqO/S9HklunuNpKPZRMsRXJU7ASBkHPTAIJHiWt+LtNREeDwzKiLJh9swAICk4MiuSSO/B6HkEVpCnJxcmortfTX3b9bN219NGmjlc1ZL+W1t7cz5b6Lq9G9tUl5Hsnxddh4C+DyrFcSO+hXh8tdwYDzZfmXvyepPB64GOPn6VX1ARWw0ieSS1jOyVlDs8mMjLEbu+O5GM5r3D4weI3t/B/wdujp8u250G4dI/OGYIzOwCjkg7gGHzdyT15PgaeKJo77z4dMu0hwQXM7BSSAAVO5jzzkEZB6HFaYOnXlBqFuVuSk1qnZ30Ss+q13td7N3xxEsOqlN1LN2grNXaVl62WttNuu7Pof4RW91Y/CP4yvcWNxatHYRfJM4+bzSy5AJOFGQFGOQQWOSBXysqFba1doVYJG7OyuNwUqSCec9O3UBR2OK+0/hzfC4+C/xK1C6s0MywwxmB7hm+0xkrIpmXd8+AAuAcHndnt8h3ni8reSW1v4W01I5I0ViJtwB2gDGfunJyQOMn1xUwhiXVmnB2Uo3s0vsx3XRPVu6te99zeX1WEItSUbqOltNlZyurLXRWdlZ9D279nLVoYx8SYSHxJ4D1JV2sGaQFZFUKAd2FI9DnpjncfkXymcl1gnYBpiHMbkEbnGMdMqRkn0G7AAJH1L8C7uS48R+OE/sy2tAngTU3AgkKmTyo3YqAMEggHIXk4PGMivDtN8TO5kjbQbQKkT7Xe6ZQW3HBI/vNjk5H3jk8V0wpVXUlaMb2TabTeqV72ST76p2fTthKrSVPWW8rbLdKKaTWit57NX2taX4bSOPH3gwSRuvl+INKaPkkkfaYl+YZb1zyOnqeR7F+0ciN8bfGww+H8hQWLKWxbLnpn/AHSGJUn17+X+Ctfvm+InhVV8P2KLJr+kxmcXG7ykN5ECwz0IQ7ixz0BBGBn1n4969fw/GrxvZx6faXMccsAEsn72UhoV2fOTkgg4x1Ax97ORnKnVnioLljf2bsubu4ve97aa2d3o9lrmp01Rk0tJTTbSW6SS897X0vsr6HytLa3JfzEi2xxLOAuQpAbOzkEsS2cDIxnOO1e5/Ho2sHh34GW11Ksdt/wiE7SZflWldCQ208c4HQ5GOTkEJp9xcSWrGTQdMWdctsdV3OApKsQwyc8EA4xnBAxzb+M9xfvH8M9+l6ddm40C4JikjDLaCORVMcRPTI6AEEkdiRXZGFRThzRScU7NSj1gla2u17O+vVvS64XVp8qcG3Z3a03tDXRtNe6otO7s9WraZ3wIt9If4iaFpF5NayabdLcBoJJAFO6JhGjMCcs5GCo4YEjA5NfWuo6hbaRr/jbR7YW1mqfDfULS5s3QyAxvLGyrFhSC8igkgcqOcAnFfDum3mo2N/BfWulWlnd2ssctvc26BWhdfmU4wAVUryDgE9a63wjrfiTxP4p8Zahf6pPPNceENZ8yT5SrMqj5gBkgoBhTnBBIz0zwYrK6mLrKs6ijFU3Fxd20+aEm0767Wa69PL3cFnlHDYKVBUpOp7S8WmtG3FOzs73tqrtJfeb+gi2k8SWGr6jqtsPDLQQQraQLvaO5JCRL5SfMyxsSWOwKe/8ADX0nosdl8PfiZ4FudM1e21GG/wBctLiK4WdYpPNlgmLLJbBvlij3YUleecnHB/LfR4NUeKMQ6jqjSm6k+aGZiqKkz4wAT0x1OOnsWP0R8L7TUrr4meBZb3Ubm8ji1a2jdrtzIwZ45V2kMQQAMLjJ5JOM1zV+H4xc66lBNQm37t9Glvrolp3772OylxWqlOOFdCbblF3cnLku4p2um46Wsk7aaX69Zr/je/0D4meJvEGh69a6Xqlt4g1WS3vbW9NtcwzmYsHSSNg8YycggrnJz05/aP8A4JYeOfEviy4+Jt94m8Qya9qmoaVblLi71GW8nkmMU4Zn3uzAMCAvI4zjJIz+A3jL4YQH4ieLUlknuIZ/EN8FVCFIUuH4JbJ9AOQPp0/ZL/gkZpFjpnj/AOItnbPOqLotmER2DLGVjlxtUlgWwck43A+2K+B8TuH8PiOEcXXdOm68I4ZRqulT51GFajp7VrnUdG9Hb1PsODM+nTzKGFbl7KXtLpybS9y6srbXjpor6b2TPHte0L4f2/jT4sy+JvE/hC71a/1PxRaJYT3bwappUsLyPGcbghZmJVF6cEdcY9W/Zo1D9jRvhlpVx438R6H4d8Z23iBzcRXct6wuoIH2x7jGpjCyYDF16qRtJxg/Cvxa8N+Hrv46/HWXU7Nnlg8Zaqi3SYQJHJKTwu4BmOSMYJySeck15dpPw48AXn9pzy6nq4g0+8jAtDIfLMbKPMKgHahOQRggDAPIrxZcCV81yOhSnj8bTVfD4SpehyqXuUovljbVRe7s03buepHi7D4bM6t6NF+yqVoNz0bfPHd2Uny2vZdW7XTP0h/aG+LvwL8Pal8VNB+H0Wja5P408DRafpGr6M889lYmIM0iFpgPLT5iSDhix57CvxGslhluZMtmThQwBw5U/OwOMgBsgH2UnKjFfRGrWHgnS/EUGl6NqOpR2I0mczrIxkDTOGwpYsWbHQ7u2AcnOfni7sZNN1C4urHUbeW2ErkJIMMgeRgFGB3AzyOOc4HNfY8G8OT4ew9ShT+s1XONJ1KmJk51JyhCML6vsk+i0W11f5binOcPm1alVlWpRjBuNotaRlytNaK+q3tfz2Z7VNZZ0Pw/J8wY61GzHHGFiUHJHAwOSDgE8A8GvkrxFYve+PpYVDENq8+WHOQHOTxuyM8kHPsOGB+qLXxuLzw9pemnTbeO/gv90L+ZnzisY+Y8DbwAeOTyDgsM/JuqeML+x8WXl3NocbyW95dKGjYKgJkcnkgfMCCScYOAO4r73AOvy1Yzgr80pRvpvZLS979VZ6b2Wx8NmkcN/s8qda8Xycz0u7cuy26u6a7bs+y/2T9KEHxghiBOTpN8CSPmPDMMehHOfTPBwDX6y/BC0Zvjn4BjCjg3EeQDuJyxJHY846dzx6n8c/2RvH97e/GSzubfQLi9upNPvYjYWxAeQbG3Sb3GAEznnqAw54r9bv2bPHFpq37QfhG2l0LWbE2moahbTGaMMpmWNpSFILDy1YbS3f6AFeHH0a31fF3irewnopXS0utFZ2urJLbXRodJ0alTCunJNRmrN2Sbi433v18m1ezPWv8AgpAkUfi/4QQFSxW01lDljtGVkUlj6AgDI5BzxjmvjnRBFK3h9VY7F0TUBjbwNgYMT6525529TjkAN9e/8FHriyvPHfwray1SBWh0vWJ5oZ8r5fD/ACDIB+bAUHnceCcAV8V6JdvFHoU6FWP9haqSUIY4KSEMeWOOBn06sQOK8jL6dVZfhtLL3tbXvd2tdej26NPbU9OXJ7ar7yb07u3wttfla2135HMeGrgC61OBeTJZyoRzna+ohQPTJyBjjkZyBjPq/wARtGhtX1Fo41UHwvpE5yg3NIixBmyByTuzxkjLAnFeG+HJ9s8945AMkAY4I3L/AMTBTnHdTyMgdDkDjFfQXxE1S2M95DIxkmm8KaasWCcAnyyMZx1XvyOmc8VtiZzpVaLV1unFapq9NJvTRJPdeWugqKSpzvyt3j8Wv330d9tNdX6Hkmo6FbS6P4llKBJm0zSZy7LgKGCZPA6HJOe/167C6YRdXEaguZfBMaZZQQqLEAAA3OcHPygZHYDru+MbA2+kXp07FxFc+HtHku/LLExgJHuBXGeD1BxhseoFQhRDfyymTfH/AMIfBGzZICb4wADzyy8A+ncYqoYqNZNRfv02oyTtu1DVu6Tt11v0VkjOcPZzXOmo+7eyvZSsuqu/Paz31R52+krDcaQkReJbbwxeXIMTNkSYKhiM4BO7PGOcHnmlW21Ay+CBHcF55rK7cPImSAA2Rk5wdpI5zk456Y7S5snS+jQEso8Jkq20EBXG5hycHOc9gxyT2qjbTRy6v4Ljjxst9Puo1LEAY2ng5IHRjkYzznH3q2o4id+Vu0orWze7V+tvN32s9NdsqkVbS13dap3t7q6q63a02bv2txunXNm8PhyzvLaNo7bxDeQzXONrAySMWwSCc9enT3H3alz4Y8rR9U1OymcQr4rzFCpVlAMg2tkE8HJY5yckcDkm7JYJPFpoKN5Y8XXGcYVTiVvfGDx1JyO1QPBdxw68lvNJHFH4htxHbEkwj5wQ4HHzDAI4569a9GNaUrNTkrXTT1UrSvZbr7XZN30voczScbON9rr+X4bK6eq633TWr0SMu/s5v7X8WPdqZg2nWRV0XYYyFQHcTgspBIHBU+vIqpqHhuwaTw3fSFiG1FkSOPERwETguMYwAcdCBk5GK257+7TUPF63sSyiOwt0aQLgtsCEMR2KgnJyS3DAZAzLdXdrdv4dtAPJ8i+iMgkJCgzIcEZ6A9erdzuKmq54vlc1q7Wd0le0d/LV6u3ndGboOy5ZPXlteya0i0nbSV7tbbd7Gy1p4hXRpJ11QXWjl79BYTYaeK3UxBVSb73UZyCRjHPAryr45ajbWfiKxjuVghcfDrSAnntl0IMnCsMggjb1+bqDhga9601oB4WvkkkVZEW+8jIDK580E7Rg5K7SRzzkDjrXxr+1leuniHQvLbMtz4O06HkcgRbmZcdMHJ4JAxg7c5ysHQ9piUtYqSd+W6t8L01ST6Ky2W9jmxtV0sOpcqlyNWXXbW+72+fTomes/sTXOl6j8RPGVxYxxB28B6gJGA+/Kqgl1I6nggcjnPqa9s/4KS3+mR/8M56tfWsd3Ztodh/aMEkuxZLaB1MsbsTkebHlSSeFIzkAmvlv9hOe5tvG/i0BY1ZfBGoqxPy7iyjcR15+U5HTJwT0A9n/AOCn0m/wH8BpuBK3h0REDBGcvkYI6BcEkbcEAZ5wfGxNC/EEsK5TUatH2SmrpxUqMleL0aadrNNd7pHo0sQnkCrqKXJJzcGvdfLOLSt128/Syu+58fX3wTsdA8AeOfh7oPgzTtQESPb6Rot6s0zxvZrHKdSRmD+Z54digXbkkEdK9J/4Jbw/AvxL8SfjLYfH/wAKeBtYjufDerar4ZfxLJaxQ2N5G91O0Nj9oIQXBBCqqsD9zHAzX4bfCu5vo/FWgI8jyWw1KNZYXlYjZyCAhYqFJzkKMHjp0rpdd12+0rxZqFzaXk9rGmq3JIt5DEwiEjB4yVeNihwQw7g42tnFeHjeBMTLKcXk9PN8eq2IlTq08eqlT6zSUMQqqg5ubbg0nF+8k09Ur2Io5/RqOniZYenGEIunKlFLlbkowcmnG2yT0XS26Pb/AI5T2klhfR6bbWttpK+O/EMVjbW7jyorMapcpaRx448lYFQJjChPQE49v/4J92ltP8XtYtGMaxyeEtQZnKYINuplVsKvDA428cFQTg5r5o8YSy+Ifh5Y6zZpEVbUZJDHG3CiKAZkbBIBdhubg5bgHmvp3/gm9DKfjaiyrt+06G8EgcB1KXRaNhyeu3oCOOPQY+3xVGpQ4eq0aknOdPCck5ytefLGK5m9m5Wv3u27u9zgwri83w9SCXLKrHlk725W4NaJWs1e9ldX6WR0P/BS62U+LPDTxXUV0ftWnhXAGWT+x4uT90EKxZGYE4PUHGB8b2NwI/hf4uhKKGW+sVLIgww2qTjhRyOCcZ4wpyK+qf8AgopDcp4o8AmaVw0lnrKPGAqlmt9Vltrdnx1KQoApOWAIAyPlr5Dtd8fwy8UlX3btTskfOAxIRT6dDnngHBOeScXkqX9kYGEnJL92u6a5rar8ezf3lZkm82x0lHVxd2raWhuk1fWyt1u73bZD8AfG+meB/iNDe65b6hdaLqJ/s6/ttPlNtcT/AGphHCHZCGKpI4cjODt6819l/wDBSCWz0/4kfDbS7a2uFs7L4caPfWcUuAfst7DFcrE+zIeRVYZYEnn5hk1+d/hqdY/Emms8aMP7S07cGOFOLqMZz05Jz6Ae3T9Cf+CklwsvxS+Gjhkfd8JfDWMHIIFjACCCQvy9COCOmR0PLXwmHp8S4LEq7q1sNXhL3vdcacab1j31dtE31vuZUa9WWUV6DaVKlXpyS0veWj3Tvte2usf5Ur95/wAE4NStL7xz42ltrYWs9h8P9SlI+8HMm5NoyMZ2kggYzyeCRit+2AbWfxNoby+Wi2Wn6dLKquV/dCEyMAMjklTnHOWBLHgHH/4JtO6eM/iGYwrGXwLeJwBkDzGJHQL9MDn0JzWb+15e2reOXtbgEK2j6bBGoOdszQHnIzgMAw524HfPVVaEa2e1krR5cPD4Uk03ZK+q95b9NPW578KsYcLtzV1UrRT6Ws4u+mis9+ndn6sfA24+G/w90j9ne88AXn/CEar8S9V0dNSuLDUXkvb+zMAg1YXCROWjM90xdIGwD053ZP7H+KvhBb+IfiDosE3xJ8SroXgnQ9T1TRtTuEH2e312W2a4S0dpcBBIu7A4OCSOScfx0/DH46xeAvE3gTxDJp02pN8NZrS803TZ7p3guJLedZ5F2s5EaOAV3Iu4EkjnFfsref8ABcXwFr+jS6Xq3wV1OMapcC61d7TU2DpNFbtbxrCcq/lsuGIYYAIHIAU/xV41eEHiTjc/4ezHgujVzWEZ41ZziZ1KHt40cRioyp04zrqVRwp0JShDlm1FNpKK0PpOH+J8jp4OvRxM6OFk4040YyVlzRhBOUbdeZN3vrfTW9s8+M7bTNS8QWms3Fjd2l7411yKKSMs7z3MjzR+cyqCFLvhmK4y5wCcV9q/sGeDYrb48/BrV9VVLeO88K+Piss0xG+GG7haOKMA5XaoUMgGSfxFfz1eKf2lbTUfEl9rPhuC4s9PuPEt34i07Rpmil+zQzTGZbWWQtuZuoYkDnO0c5H1X8K/+Crep/DG+8LeJrjwbo17q3hG213T7HT3mKySWuuMr3E5YDarq0a7F9WZemCf0zPvC7ijHcM4vDYSlUlicXlVXDywzrRg1Wq4bk5ZPZ2qO7kna63SbOCvxPllaM6U6kIyvNKbu1y3jJ2aV+bRWV1fZX0P6J/+Cimqv8U/hxo/hXTNOS+1iHW4bDTmFwytZw2jPvmWNicDau4smFYLhTzivy3+E+kQQ6LqGkW91aeI/G9n4+0MJDp8E9zfy29tLsuYVESuxVVypU9CCePvH4u8Vf8ABU+/+OWqw65rUNt4Ok0+5RIbaxmkUTqEkRWcKMKx3YdgVLYySTgL6x+xX+2z8DfgZ8V7fxf4k1i7udQkudR1PUI5oEvLUX07hrV42cMxQ93HzRkccHFfH8KeHfHHBnBlfB4rA4nFZjSlOtGlhoyrTvOpFvlcNXJQS0jduzju9ejDZrkvJCGHq0HGMJxi5TUVKSXNGylZxcpWs5Xtqle2v7MfFe2n1/xtZW+jaBPYW8fhTS7zUdNmtLq1uLm6021KtGpljUPMZH3CPLHPOMcHj7jR57D4d+A4vEngq3g1xPGH2tPtNsbi81Ky3u8TM6RsCgQAMoIIAwRxx4X+2R/wVL/Z1+J1h4C1L4c+K5tF8XR6iJPEt7aSSRQw20jbRHHGAhdYkyzK6jcT2GTXzxF+2N4OW78NSRftFjUItIvmu7OTWbdNts84VzGY/nVkXLqAx5G0gZJFPA5TxxVVHEYnAZjTw0ITjTp1cHj6dWSpp+/NcrjBTk04p+87KysrnVhMZllXBxc54eniZTUqlH6xQm42lZpSu0+ZWau7JS1Wh9q+Gfhb4N+JXjJ9SuPDlhDp1rrOo/2pbDSo3SGVUCjzFeMKDkDkjGMgAZrxH4sfDb4f+Evi1daJpGg6LZWV54TlPmtYwJE87mTLRIIwqTHAywUdDnJ6/RXwG/bI+Bcaa/YXfivw/rc2sakt9f63DeWtgjwzoolIid0CFWJ3BB3564Hzp+0v8T/hh4t+LNhYfDrWtO1G6HhuYyXrXtvNbQvuLqonWRkaRdy/KDk5BwRxXh5fnfHD4sxeBnhs0w+Bp4OSVSosVGjeCg1yOcUtX7t73Tb1sjt+rZRJQlJ4JyVRJJOk201s7NuTd736Pofnl8UvDWh2c8mirpWlzST6TdX0kiWq+aPKZyiq2zAJAwTnGMEfwgfiX8VoIIPE+qxW8axJ5+5UGMDDlSCCM4B+8MY7DGcD96fGHgbxLf8AiW51XUdbsV0y38Mz27XNuqPG1xIrGGAAYYM/3SQB6jGRj8KvjlatY+PNetGQrJDcOhVg8YGGJU4b+8DuCnquMDvX9aeF+PxVelUo4utUqVY0KcpKbm3Fvlt8Tvdeet7Pyf5fxrhqFOdOdCFKCdepG9NRV0+W0vd3W6V/PY/Sf9mKORv2fvDUaldxur9nGMsVyxY5JHT5jxjpwDmvWfHXmrD4dWTOxoWkHHIBiC7ixyQe+TwcZB4+byP9mcmP4E+FFIX95/aUgDZGTlwOeFOAM4xxzkZBr1DxtfKzeHom2sV09yACeuzOAOR9Tg55A+Xgfc1ZN4ppK9qk3K1tVZLX77bu3c5cO2sFCy1lRSv0S91669bpabPTR7WvhtcjbqAG35JonK7jncJuvI9u+OO575d89/OdeuI0llt7K+luBEm1w8mSpAAywwmC3oBg4xynwtnU3s8LqAsssrvu4LLEpIA6jIPqOSM981i+KbzU9ImurjRL4RLeNfm6R4hsEe1wcZB6gZDkcZ4GcZ48TCVXESilZuMNJPTde8kmr2XRtPzvY7aFRQwbqyWijNOzV7vS6Witrqm9N+x8KW2vPBrvitYdkQu9UufNG4owxI7NllwuQOOPvHkD5cVZ8ReC9cj+Htv8QGEP/COXevNpCSbwZZLoRiXcVLBiMAjgdSQcHIrhbK3vLzWtcCNE00moTnB4Zy0hLcds5OxRkgAA4PFdj4j1DxND8PNN0C6mu4fD8euy3NtaT2zxQS3gjIaSFnXbJgDHAJUEHpwfroJU6uEcHSU5zpqakve5ElzKN7OS91Ws72s2+/5TW5aksXJqTSc/ZySagpOa36dGrLyevXxC9DAqUC/ITkHaPvP+HoD1yTx3r6m05LaTRdJNurSz/wBlpukRWAWRFUgyheGAwcdSCDjkcfMV1brJsycDYOp7lsjod3VvYDJOS1fWvheWLT9ChWe2kWOHw87srBRvdxhJASQScd8Zxzya9muoKTjzK/K2tF2XTX106rvt5uFjJSWis5RfT+67/crb3u7Wumjixfam6ErPNHGGw7KxJJcFsDccYHQfnweTELzXJCkcFxcqMS4dnJDKrdyT6H7uew9ybukX9rcwZaSJx5nzA8sgKnCufXGOeTkdSTxs6eYnZt5h2eTOY9rZIO4EY59gG/hAb/ZGfJdRtyTu1ffR72/J7WV27tHsRpxcoyTau7WumlrF2el/Td7+jboFzqsszQyXcykXNurB8lWBiJOBxwevTA9DWxMbwWZXcpdH1CYMeTlTtHDD3I56deQTWZplykmqysCi7J7ZQi/MW2wNzgDn6+pwOamluHYKoKMD9tJjLY3BplwD/eHJHHDcHBIxWE9E2+ZbWtbTvpr0tp2tfobKMuaMY3fM9Gut4pJu91FrVNxs7NXsjzaFLtUlNwDncQdxJY5zkA5BGcjI9fzHQeHYHa8eVnkKrbsxBbbuJZQQcHgDI/ljk11fizwzYaZa6Rf2Ov2N+dWi829slCh9PuF2g27BcjI4Gc8hcnkZODoNnKl9O8k+5RbL8qDjazKACMfe45HbA4z1xp1IVIKST5dU+ZcrTjZNu6V0tV+XVluDpTtUel9JLo0o2fVtL1b6K503iLxBd2lojwbVQoIduCWcW+FUsOgzlsnGBgdhzz8fiaYQM8UcTmVIzMrAkc43nJGeTggDA9yK0NYtVnAVnVA006KCmTHjacvnqMdOCQePu5NUDpcVtESlwjI8Kvkxjkr0wCOM9QOeeSTxXLUjBOXuXu7Jp66pO+ysmlpZ266rQ9GEnJJxd7K8VtfRO6T1vsn33aP08/4JYXan9tH4Yz8RGXwzre8LGcbdgJABAPOBzwMsT3r+tLxjMzaX4uVrqVw3gPxA0SEYKBbG425OOSh6bhwQOTlgf5Hf+CV11v8A22/hTEQZYj4e1qIMFwx2xIAAMDB+XHzLuB6c8H+vLxVbLPpHi8gRwH/hCvEMEZJOdzWNwMEjbwcA4GGGTyfvH+dPEOkq/FWE5anJyQwrd1a8fbNy01umvd0dr7vc/VOH3JZHW5oq05VIxfW/LBdtEtLa6aru1/A74xuZ/tXi/c+d2v6tjjLFV1a6IO7JCqAOpwehxzXSfBP4k2Hw613WdYvNLt9Va88OXmiwNdLuOn3OoR+Sl3CwJ2ypkFSM4xzk/dg8X+DfGo1nxdDbeFtcvo313VxDJb6ReTRThtTu2UwPHE6uCvRgTuxxg5ribLwv4t06z1G5u/BXihUllgiEz6BqChXRh8q5t8ZGBkEdc8Z5r+gqFTBVsDSp1MRSalRpxaVWKs4xg5KyldPvfX5I/Ia9DF0MTOfsaikqk7NwlZ2d9LRs3fu9POxgancGHxnr7wO8ryQxsZB1ZrhxIQQTxjf8uexHPBI6C61S6GnzRyAlR9lQ+YxJIBG3A9DwCeMkngdudNjqFz4r1lRY3JuDBbJ5LwSCRH2qAksYXcjDIzuCnOT97p6Avw78W6lZ3cq6XdLb2Gy41C5VJGjt7eNQ+5wqHkYJxjA57g49qOIw9KFPnxEIWUWk5xWj5VB66PR9O/VaHmuhiK1Rzp0JyunzSUb6295Oy6X0vvb7s3S7mKG4N8hhUbJEZHJCkeUuev3iVGflDAD24H6Tf8ExJGb9rL4X6hFB5UA0vxKrMrkrKxs23EAEtgZHHQeuOa/PLwtZeHVGqWet6Pq+rGa4W3027so5FiBkA81U3IFLYIHXIO7jK1+hP/BN6M6X+1N8N5ILK50iyhg8UWkNrqEhE8+2xYgxKfkK7RyFbG7IyRnHicSYtSyvG04+9P6vU1bhZ2im3o02rJ/OPzfrcOYTELN8HUlHljGtHmjFO8buKelnZ3tZ26q9rH9QHi9LGI2uqxC1gjnhngML4znaTv34GJHYFc45VgByc184fGSRIfgT8YlPmxQXXgXVTboxJQ5t5G4IIJy2cZ4JAOe1ereOr7+07TT1gZYUiE7NFL92SRc4+8TsU9OMDJ6dc+KfEK6+0/AD4xx3QJW38FaqIo58Eq4gkLeUeSVbHyLgYAHAC7j+R4aVeUqU4wjry8ybSjvHmaXR2u9rq+zZ+1VYqFLWXvK3LKzdk+Wyey7PR6PTofzW+CndfC8qAq0s6vO2TyBu8lQcnGTtwMcjGeuTX9KfgjWJdI+CXwotliVD/wAIvpRv4lR9qWhiiPmllBGGAxnIwGwCc1/NX4Khkl8PWzIQokjYMrKMFReEc5wNoHZl5Jz/ALQ6/wAU/tVfH60lk8LJ48v49B097TRbG3tII4TBpsMYVLZpAAxCBVJPGMdjjH5R49+B2ceNGX5Jl+UZjgMullmY1cZiJ49VmnCVGNKMacaUW5ST5m05RvdK50ZZxfheGH7bF4eviFVpxjBUXBPmT5/eu1Za+fp0f9Gl74mtTeNb6dZWQncxypI8SriFlwzFnA3AAg5PBJ9TX5Q/tt3Fne+P9Mnlv9KijTRJwy+fb4nkSQ4ik2P5iP8A3V74xjDEV+c1z8WfjLqE8lxN488VzW6SiGKaLVbiLyrcAOU2xyZwirx/CBuHXcDR0yFvEHi2SXxBrF3rlsunTXtxcalc3Fw++ZC3DSsSpDEMMkdASNwzXxvhB9EXMfDziShn+O4pweKjQw+IpVMJg8HVjze2jGN41KtXSKetnF3srWWpy514q4fNMLUwuFyypCpOcHGpXrpxjaSf8OML7rS8nbW3Yv6n4g0lrU2kd7aIVEzvbQKzBmGR5b4yADnOQSpxwSDWX8NbqHVvGPh6zgmUNFqVs5SFThVE8ZKE8Y45+bnIbcxIqHRfDRfWNcl07TH1XTvsDqtwsQMcMvlkqiNgMZQoPbcRnHTFQfBGO8X4naCJrVLVJNVigIxhyiTofmBwRINoOM98Dn5T/bGFymjgMvxNGjVqTUaM3KTcbxbpc1rKzvdXSet7Wv1/MauY1swx2Gq1YU6bdWCur6pTjot9bvVJLReTt0H7TtrbWPxw8SLJbwCV9K05ldYgJWY26oW3beFAByc9wD0Br+n7/glfeT3n7E3w+lmnlmMGueIrSJpXaRkihulMUYZ84RQSEUHjPA6V/M1+2NEsHx81iNQwEmjaYScYB3QcE/dJBBzjJ469RX9MH/BKJFP7D/gcMAAvirxKuBk9bpTzjnHGOePToa/JPEjC06vBGDmledOthpRen/PuSetvRPa6sm9j7XI6rjnldS0jJyXKtt4u7TttZ69Va7vofoeJJFB+Zhnvxk4AGRtHXtyB3wMVPBdyINoBGcBuSBjHOOmSMDn7ueV4ANVX+UE7eMgkHpge4zkn9Og6csV+u3PXHAB7Y6EcD1B//V/M7dtEt7L8r97ev5XsfpbpU6kWpRjr19OVLZrXRvo13ehupeqCnytt6cdFHqoHfuBk7u/FX1urY5YMAxByc7sEDGATx8x4I6DnJIJrkGeQZ28ZyCc8Z4JAK4+Yg5699w9mNLMG2/PxhcggKCTyOuSB2IHXg8c1m4y6SWt9dNbtNabNXvdWu7X1Zxyy2EnpPltbZtfy3u76u26enfZHVy3MKY2sckk4XOARjdnByR657D16Qi+EfKvkNnO7PU+3bHGDj169a5KVpV6SOSMsMYy2exGM4JJAIPXjIHDV/NnJ+bdtUnq3TGccAjbnqSDjIzj10ipNK8rt73a30vf5rTzu3tdOGVwe9S6kle7Vt463ez30tfTqdmdUkGMFSAT1Ib+IjAJA79unUZyTUR1aUk8ggHAKHJJwSRjtgkeh/I1yAnmOchyT16kEZ+bsevUFsdRkYFP81sHCud2FOFPXpktjOeev3eeScc9EIK13JNvS7a8uz/y6W0NY5ZRstINNK92rp3Xz6p2tpbzOhOqyNuGcKW6lsjJ6cHkZ9Dn2GMVC2py7WBfagIKjnAxwASDg46H1zgZFYJeViMKwAxk54GOMDHGeeQpye561FiUnaynglhnofvE5PJIJPQ8AZwAa0UYWs5LRprXVbdG9/wBN79OqngKELX5PsuzSvZW+7597NNO73W1NiR+8LAAKBwc9SWxng4O09z9FAEY1BAvMhyp3Atk+5xnI9F9+uCcgY3kTZyCeeRgkAA++Mtn1A+XGDxxT/s9xJk/eHygnBOCM8Enr68cHOckDNWoUb/xOqve73tol83tveyexr9Vw7s7x+zbb+7ZNPy0d/wAbs2E1KIk/MSTy3HBOM549DkdMnGSaf/akCgFdzHB3DnAbHfOOOnQnHX0rEWznA+VhgZJGMHGcBSwzx269M4PcjWE/3cnGVPJO7GTxnpxjOMcEEc9KqNPD3V6u13aNr2du6Wl3e3a1tUR9TwjS95d7LTstna76vTvZvZacmr4IO0hQDwMZOTgtxkg45xxwCck0LqxZmG8JnAA5OQMAc4JGSDnnryTng5DWFyQcbtuNucZ7EgAgZIz6Ag+q5qA2VyuNrEjAyNp68eoHIOOQe2OR1znRw80vfSd7Xcm9Pd8721fr07m8MJhNlKHS2q06366J62V16s3W1JQAdwP3jgs2QQcABcgbmA7gfXABrPuNSYgmNhjBY/LnHJwM9cc5PXnPBwtUPsE5YsXxzxkEfxKxAPUYxjJ+8R78tGnzsG3OSCepHHQ8n0AAzk5HI6kVHscNpJ1deyXa3Tpo9Ntrbq5vTw2Fi+a6k09V31i7JJbWto7Wb+Zn3dzM5/1hIAJwM4JJPBOTngjA3A/MWJIrFmkkySSWb7uTuycYznrk5xkZwT0IORXTNpMu3bkFSCQOSDz1IP8ACSMAEZH4YqB9GkZQAcZ4wMAnr2xhj1OTk5B55NduHxOGob6aWvpfTl/yb+49OjWoxXLeCW9rJPl7vfZu3e/dHJtJI275iFIHqenC5O7nIODjI47d65kYYySSQCMZC4BGBk5zkfezjjpzXZHRTtAKrn7vI5YLjccDgE9T2+Y9Dig6JwB5AALfKwwcnge/1wT689q61meFjomn6pf3dtnpay2aXXU6HisO7XlFW00cVdKytb1Tu9b6PocdhyF29SSckDDDkcZyMDJIycg8e9PCysgUfKSNuSQTk+uOnoCCeAc4Brrjop42w7cZzkcAY642n0GAQcDOBg0h0iUbdqkkDhsYxz0IxgluRz168Up5rRbSUlo++ltLPffq07u/rcuniMPBXjOOtnrOOttn06uzWmiuu75NI227dpzkjPAGQDnB7kjIGSBjGM7uX+XNlQOVO3C4IwDwRknoBhmySSfQV1Y0mfafl57ZwMZ75xkdeSAN3I5ycuTSZ8kbeGzyeMjqcA8AA7j6noepFCzKg0td7aLfXlb02S1VravvqraPGUXe84J6bySfT06eurfTRcr9nkZgSpPoxG0ucA+nAxnjBIycEU8WcgHzKcDACgZyexA45AzjByCeMcqexXSpSMFFHUB8nAGRlgCw4x69SCCc9F/smRwvygADBYjOTxjBPRseh7n1yIeYUd+ZLZN6Oy0unv3fndO/RGMsbRTv7SKdtlbraz62d7WtZq3kcesDKDlfmBwp5GcemATz/nrVmKB2wAG3ZGQGPGSAC3r+HQdOevULpMv9wkhf4sAZHct8wyevIBxg8DFWILBw43xgMF4U9CADydp6EA5B455AGCD6/Rs2pX00XdLl+Wq9dF1MZ4ukou04Sa6J3btbRdHum9Nb7K2vPJaTdcHGMkKMkYPc54B4GM85PqRViOJkIUqxwR15xgZyeu7joOvuOM9UlqoZlwW3DoBgDH9498nHAz9MkAWFtUHBUEnjG3JzngHIK8/hn2IzTo4+DkuZaXS1V1y+5e66atJ+XzR5lXMbbJr+69G2rbdbJX7PT0PKPiV+5+G3jOR1+VNInbbj7wEUu4DsO3Oc+461+RH/AATM1nVNW+Mni3ynhmjsPBWuNFJAjKNMth4gvAIJyo/eyuwySSQFbgAlq/ZH4v22z4TfEdo4svB4U1aZOPmEkdo535A5wSOQAMEjHJA/HH/gmhrGj+Cpfiv4i8QahY6RZ3em/wDCLWgG3+0NTvr/AFWa6eW3QnzJVJlEeUGNwOSCRtyxslXpY32cHZ4KklPXmi1WnJuKV229LtKy1SXfnnX9tl+IaXNJ4qMFBpNN1I0opyVnayk230Wqtrb+dD/gpFcS6p/wUi+LN08hkMc1mgOMA7bRBKRkj5eMDrwp6kk18q+JdPS+s7kOjNEJiQEyCWZQVAGeRzypGBwNx7fRX/BQXxDZ/wDDfHxb1GGTyonv0s7b7XG8c3yWapmVT8yncu7kjqSpOTXx5N4yld7y2utUtoIYiyiQIG3McgFcqAcZJDZONoyAMCv7b8Oqc6fBeQQ5bTjlWGjslZ+ypvy7q6fRNbu5/NfGUoS4lzCVk4fWql1dW0cbJt2su197M+3dH/Zz8AeGfhdYeMtQH9q32r6U9xNb3d0sM1i7xb1ZVLlG5xsAKnGAR6/op+z3oEI+HPwxmu0BsY7a6a3tEw/7hZi8eTyDjGWX+EhgM5BH8/Op/ELVLzSJNMu/F+qarpyQtHb2X2qVFiULgeWu7gKDgJkAe+BX9FH7MlnazfAj4SsZJUK6CWSWRsySPIwOC5OTktjqB1GOufzjj3K80wOHpYnHZi8U8VmE3Rp3ly0IOnpGMZaLli7XVle2+5+m8D5jl+Mq1KGCwCwvsMHTVSouW9WopwTk2klq03dO3y39t+MHxA8T+GodH0XwF4bTWxqtrbR3920KrBpkU9wiTqrAALIIixBPXIUN90j8sf8Agob5beCLxTEkajU9LiZAzY85LXEysDgYD5J6nIGeea/YS1s3eOFZ5S4d41kiAViyRsNinGSAMA5Xn2wK/Ib/AIKE2e34d3s6hif+EouAC4LEqitsVjgHKkYGc4BwD2Xy+AnGOcYSEKSjL20FKd581XmkrczvayvZJb/I7uNaajlOLk6jnKVKajGVkopJX5Xum9n1067v8YLS0jujt26fE8SNIHfA3DqC4wcnp0BAyfTFb+i6Emp63ai0vrAssLPdJHGCEERDSqBtOSUBxjIKg8nOa88la4W2gmZNq3DMu4Hll5GBkjnqAO+fTivVPg60NrrOsSyRLIF0/YjMA215R8hHHXORkZxjnORn+qF77g5K60T+5Ws/JJadd3vr/L1Xmim9Y28mmmnHlfa/KrNbPbTp+4f/AASh8f8AwA8CeOPijpvxO8P6L4r1e+8NRT+E7TUtBt9SjRYYx9pSESwSeRI8ik7gAx6nJr9ldb+O/wAMdKsfB2vaF8EbC20jU4NTW2it9C0+1imuLJts0oYQghY2woGS2eOMnP8ALR+yhr9xoXx3a8imRWkto9OuPMASMRzn5wcY2hgcA4GecE9K/pa8CXcHin4Z+AYbuzhuo7DxB4o0u3tmw6n7SyspVeepXd0OSc8jp+WcWV5YTGV684xjGNONRN2aajbTTW7/AK7n3fDeIVanTw65r3cZJapL3Gna3u63XSzW+lz52+LHxuf4uavbWOj/AA9bRLXTdGlWW8jEESxxyX0LDzFgUBoxtCsjZx1AGCa+8E8b/GBfDWj2mk6T4chtIdGso7KSWWcMwWBVQuqjaA+zBxnp+A8Oufh5beDvBvjabUNNitrm50x5YZBGpkRJbuPaFfbuCgqRjIA2kDvX1l4dhjbwt4ccKrI2jWIG/nnyAAegAOP97njjFeBl+bxzKg3HlSjJK0UouyS1suju20t27WVz6LE4OeGnCMk2uVStJt8t0rJvdO3bS720Pkbx7p/xO8SeGfijqnjC70aGztvhj4gSK10+AuPO+yvjcz9AeBnjJ79x/HZGLk3E8cZdFXUL/eRkAFbubHBwOeuWA6cmv7lPizBDZ/Cf4r3AVUEfw98QOzKvT/RHGOnXnnOcZ59B/HZ8A/gprnx3+I1t4D8MPaDWNUvb+4WS9kMdvb2sV5K8085HG2NTkKc9vvZOf0HhvNsJlWBx2MxlVUcLho89epLRRhGCvLq7pLZPpp1Pg+K8FXzCtgcPho81eonGEVZXd421b011benXucz8P1huItQ/tO+nt57W2mFlsfyw7ICQxI4JJOAD0HHbnxjxNa6nLqv2hpLiDaEDS+YV3o0xIbdnJDAY49O2AB/SP4q/4IfeL/B3wf1P4o2Hxe8K6pdaZ4cn8Q3Ph24X7LK8MChr7y3ADH7OAwiyAT2PGR8j/Hj/AIJY+PtB/Z78IftD/D3xfo3j7wlq1raSeIFsXVLrQL+aTbFpm37ruJVZTnJxg8ZUnop+JXBtWtRpvMo0ZYmUFSVRVKam5crg3KStG93a/LdW7HycuFOJKK544eVWMXKLlCcJ6pLSNm7uNt9N3puflJ4uhnttJtxbXtzFm3tJS6zMHLvgPgMdp3AEEj5u/JArzqxF5czFZdV1ASSKNh89s5Pyj5hgkAjkHPQ887q9x+L2g3vhwW2hanZz6fqllp9qLq3lQCWGQR5yy8jLqVb5euQSRlRXiOkBUvYipZvkJwSSOOc4PTr04HoQQK/TsEqGLo0qtGp7SjUgpQnB3jZtOLjbe93Z7bbaHyONxONws3CrFxlTbi42tJNO1mtHdJ/D8rmH4hs7uE2oe/1B1adYXaSeQruUkllIPXqTnp2ANeo6b4NgezjuEutQV28oiRrpz/rVTJA3naCT2J4yD02ryXi6YLb6YsigCS4MgJUqQqkEk+xJyRjjIAxjNeuaXfw3On2cUIVpGhTeBnqIwvXAwRwQM5AwAwBBFVaShJx1SdrWdm21BpLXtvfe290jnlj8RPD0pRbbd72tdtuG+iWl7a6vXTQzpvBVtHbyStdXwkSLd5gunHbIIYEYznsOuMZGccRparp/im6s2kmntfsrsFup3ZS6LuQgEnB3cknk9sEcerO08waHaWUbg43bjtGRnnGOeg45HAryHUmjtfE0rO5QrbNtBGM9ivcDsBz3GNwNS4U2opOT6b76a93fvp566GWGx+KhUk9NV6PRLbvpf79bHASaXrj3dzcnUNUiRr2Z0jS6kMYXe5VEXJATBx8o7DHqL0thrsifJqWqIcqVUXTrgn5Rk7s5IBwTnAAzjJFelQtA6QyuqKskfK7Bgkg45wDz15+b+I9TT5Y4LhgIflKKC5VSc8g4yeRtGSc5zjH8RFONLR2m3zK9uZa6qyWqSdr30tp8i6ma1rpNq8krKN02ly2S+Xf5vVHmDaVq7p++1PUh+7fcftMhBAyeRkDdkcjk9DxjJ1tB8L32pRxyJqGpfeMYC3LDgZXld2frzkAH1OOpukRARvZVZXL5BJIxyQeueo298/KOlaHhZ3jVTaoZiFIcKWHB6g4GcE446ktx1ArJXVSzvyK1lzNNv3Nldd73tbTTuW8ZiJ0m41pJ+7dqzdvdaavfRadn00sZOmeCJb3VRpcmrar51w6xIi3Dlju+8wKnHygkj9CTyMrxj4OufD80+njVL+7WC5jQytcSFBuHRlz1yMZPTop5yewtPEtzY615q2P+nQ3TeQwk2ttAKnBODwcgnJz7/wAVbxJqxvIbm6vBmWe7jkl3gjaQw2rvxhyp6DPUHJAah05yrXikqVr3baafuu13LRt6dlvswo5gvYwjKq5YlNat2912fk1r6JaeduTHhaD7MQbvUJC0cTMBcSfKWUA4JOSoPG1s55B7VBH4VQh1827bBwpaZvkweo+cg5yCewHOemOpTWNOkQhZh8qKMElM4UAqT0+8vPoOSOQTXi1nTlE4Vn3Nktncw564KghcAdTyc5HUEdjpQUY3fvPvJu9mtumreq8r+max2IU03KVm7atvS62te3ez0XmeX+I9KubKKJIpJ/3juCzSEleQQQx4Ax1YAenU4rU8OeHpLu0luJZ59rxrgiUrn5cPk7gffAz1PQHi14gv9PvFt4onIO597EHAOT03DLc46YJzkZFdR4clQaZDHEoyyOC3IXBbJI4zjOcdOx5HXeFGnVjGybScdF3tHS601bvo7vRK+prLG1nySbcVdX+K99NPV36W1WpzmleCjqHiW2sILm5zPMI4xHMwkJ2t0bPqQTuxngZwau6h8ONV02W/gQXl1c290xSMF2KgnGc9OCQcjj1wDXpnw6he28c6GFiVpm1i2jG4kg+a4AAUgk9TgBTnqF5yP1Al/Z6urPwn4t+I+qCKxsrTULPT47a6t2S6nmuDGyyWpkBUxk8ZJyMjcccV8dxfxRlXC+F9piXUp1ZxkqaUZzTmkrJJJ2fNbqlffax9zw3kuOz+pSp0JPlTgqqnJRtF2u1fVpemvqmea/Bn/gmDr3xA+HngzxhqVp46GoeJLX7cttYWyzW/kOP3YjmOSG+Yn5to4zyTTPif/wAErvid4a+yX3hXwz8Q72OS9itbmLUVEG1ifkWFU+8zk4GM4IB4yDX9FX7Pv7YFh8PfhX8LvAOn+AJb+fS9DtopL+KW3ljnYp90ykkJK3dQcgnAHSvdPHX7Ttxf6Wt94g+GF3o9jo11Y6vDPeajDGHDyDhF3gyjBB6HAPy4JyP8oM++kv4vYDizOIYDFwxWAp5hing8vrwSf1f6w6dKlelJTfLHlt7t9FunY/tXLvC3IY5dgKeJ4epOM8NSVTGrEfvakvZQcqrg3a8pO+mya2bZ/G/q3/BPH9prSdYvra3+FHjC6MVvPOyFJS0USxq/nO20A4GQc5yeT159m+Bv/BLv9onxz4dtdVufAWtWP224kWOWSZELRo7A5jLA5GGBJH0BOMf1IfF/9u74GeANcfUPE1lrFnDe/D6S7vEtomyd9ofJihZ4xE25zhn3HjnJ6H86/gJ/wVr8D/am8K3/AIQ15LeDU9QurK9hlJU6e1w7WylQwCHy8McY78qc19Hh/pDfSBz/ACbFYnI+EsPUqUHTXtWqspST+OUY1KkW3dPa9krb2PKqeGvBWAxEZ42LpOo06WHr10oNyavFOKburK193pq2fFlh/wAEd/2iTMLaLRNQt4jGzrvuYCCSvGcSEgk5wcZ6rjOa+dPjt/wS6+P3gq30HTtS0TUpLrW9We30xSY5A4QBmGRkKAOMn7hJPHQf02aR/wAFBvhxq1jBf2uka+n21JVg3XUfyuiEkcSYBOBlTwct2GD8afE/9uGD4rfEH4XWuheH9Xm0/wAPa3qsd3DcZZtSuoowDFCVLMx3LjAypy3OOa+Pyjx6+k3SzipLPMkwuHwFGhia1RVsO6KtToOVKLqTrO6c1HmSV3a177e9hfD3gjEzpUJYWgqM3FOVCu5VLPlvazsm+ui6n4T6J/wTA+NZNuZ/D+pL9kctNEojCERYaTnceGG4E9SAdrFciv1d+F37Buk+MPg1okFp8TbDQvFmkRS6bP4ZubESCG43kCNpFViCezNgFiwAI6fb3/C5dd8SajPb6Z4EvtIPlyJeRTzJEqxshzujB3cggllDbeCScGvbfhR8bfhz8GfAuoDxV4T8NX2oajqBu3vG23l8HeTKwuEWSUsgy2FCcknnoPLqfS38bMZSq4bCQpYDMI1qcYTwNFYuNWEtHzQTqt2suW1lsmz6leEXA+FwlSrg8oea1ZSpx+rTrRg1FtKXvTceWKTvJq7bdkrs/L/4ff8ABKP4oeN/jRH4bt9RsryTSNAF1d3QZYLGSGU7I5I2yJDIG2gqu4HOTtGK+3bL/giV41gtVmu/EF3ancfPYR2k0UUf8TJuYswGCQDyQB3FfQfw3/bu8N23xtv9f0rw9ZRaNqPhcWWnRwiW3vnngkPmbYVj3MnDAHaTwMYxivqLVP2stW1DSkuLfUtS0h7lXuILdredwDyQGaWMfIvGeqlgQeuD9Dh/pEePldwVfMcdhqjoU6nJhsHh4U5uSS9rP2tNuMptSUoRacdraHwGd+HGCWYKjgOGsioYRU6MpLFzq1qkKsre0iuSsnKMbLW1uZN3PzA8V/8ABGO9tfDmuXln8ShdXmnWM1zBpcummKS6dI2fyhIqbULsAgbO0ZB96/Ev4wfs3XvgVdBbxTp8lpIPEstscTeYkC2zmJ45SrFW8wLvIBO1SQeQRX9H3xZ/bL8d6PoHiO0sPG8RvrrT5LWGM2sZuS1wpULECpKhA33lOQcE4OTX4NfHvVNa1rw94VkuNevtWnn8ST3V+bwEGG4nkLuFDHacknBOCBxwDX9XfR3478T+KauNqca46riKD5Y4aFRQVTRSUneEYtw+C6a0010Z+ece8J5TkmWUajwWWUsU60OSWX03Ti6Vo3pyg5NuSld3TbUe6R4Bo+l+Bzc38E+n6VGtm8ggLIxE/JzuyOT1bk9e3TG3p9j4DkuN66do0TqSfL8ncrAjhslce/HAI5HaqeladZT3t+2ETyiyBWjD7jzuO7jOOM5GCM445HT2GkaPHdvN8mGQIAYhgOe+Og47YOOc54Ff0DVqY1412xNR03N396XLunpaT5bfCraLRvsvFwUcujhcPKeDwzbiud8ivflTv6q1ret2eOfFXTPDc7aHJp+l6ZIImuXnto41iR1KPktkZJLAMCRhWyVxnj1P4b+EvBv/AAgttdXGjaTIbu1l3xy28RkhZcnYrbSxBIxjn0AzXk3x2t47Cz0gWDj5ZTDI8atEUEoxyQSCADjn6nrtr0n4cxGDwVYoZllIt5l8z5SMBTk4bGTwMYHIwMZ4H6Tl0qsstpuUE+WK56km9ZNpRWt29G7taXb7H5bnMqMc6xDguSPMkqa0hZqC2ur3XyT9brzf4q/A3xD8RPhx4x1z4b+B9R1bTfD1oI9Xj0KwZoLSHBL3ErqvyKo+Zm5+UZ71+V9n+zt42TTde8TahoWp6Xoem27S/wBrX+nypYXDhtpgSTZ5YcE7SxYDdkkkkZ/Y2w8cfFrQvAvxMPw08bX2hWtxp76bqugafIJf7cRwxmJiYmNnWNWBJHHXNfmt4n/aX+LUHgTVPhnqWux3HhDU76SO60/UYYRcCNJSZkEuN6OBlgg4LKAdoyT8Hj8XxbDF1KtPB5dLAqtCNOftMR9Y+rr+I3FU3BzSVoRUld7tXNXDJKkFH22IjiOT3rxg4e1ajy2ej5W7K9m09ulvhrU/DkUd/JDcugYJlAiJgEDOOOCTxz3BPIJOYLTREZ1t1RTG7Fd4VWxjkDcB0x8uep9MjA+l/jV4P+BlkvgfU/g/8SdS8YNrXhm3vfG1rqlkllceGfEOwfadNtwh2T2yOCInyWYDnHUct4X8JeCHsUuL3xt9juWkJKCFmMYXG/BwQM5wRg8KcEDr9Zk+YUcwwcMS6FampR1hWhKlUUoySacJLm11tbS2q6X+Ox1B0K1SPteZxekqL54u/K1rDRrVXetu90rV/DHgq0No4GyS5yjpxl9zDHlqh68nPcDuOKsWnhNrDVbu21KIB45JCu+NQMnBAYjOMAgDg9skYy3014H0X4DReGPGOp+I/ixdWviLS9MSbwfpemacsn9sX4eIGG4lkULEu3duYHI56np5j4lk0a78RQz6RfPcWNzZ200s0zEMt0yASJ1/hKhT2LfQV6mXZhhsViatKnh6sJUJRjz1ITjTqcyjrGUkudq7vy2t9zPGxtDEUKCqqpzqo3aMZ3lGNvtRTvG9tb7PbcxLfw9ZwBZNiuhfJBjG0e4YjnqCMjBwAeeRn3OlxLcsIBiNJELYjAAJY8Ee4xjHXnBzye0F1GbaZBIgELqwYsDkjHY4Yg5wMA9Tx0rljMZLu4Uso3lZCSxBOwgKRnsSQxOevUEdPanOm0lom9NGrp8q0ve9rq3XXzR4FGWIdS8pT5b6XurXSdr3d9tGu+iXTzP4hWMcWvrEkWWltEbcFG0HGBkYIDFckAHoDjPQcedLRULqgdQowdgG1mIHJ9M9Ac8j0yK9I8e7E8Swuql82cSnO4j5g2McnDbvlycnOeQWC1j2sZlglUqAXZ8KOoAzjB6dO/rgEHqCnCLjzciV9LWVktGrPZrXz76HXicROlOKUm7xW797RLe+mt7WXrotuOi04B7XzUHMisAFGCm4ZzngNjtzjPGCTj2/xToljLp+i3CRhJWiiEjhVxsWMELg8EEdO/Gcjk15vPEFEB2gsHVcHqAWA5JGBnb2yBu/Lv8Ax3qqRWPh+NARIbWNWVXAxlAMsASWPGT2wMYORXHWpuNWElD3YuLeibaajbe2u+j1Tae5dCs6tKoozle0bK76ON7W626avtc5KaG1SFlSOBnDhRGEXeAGwOSACcg5OQDzntnznVbNhq1vHBtXzZIklQ4CIGkO4bR2y2B/ugHIxjq4vOWXzgwZd+4szfKNwJAIz8xyFOTg9sCql3Yvc3tpOixjfNCHY5XA80cgg5I4PIOQAD3zXPja0ZUJSbacV8KV3ok9OybWqvdXR6eV08Q69NSk1dpLmbd1eN3e9r6We/Xqfst/wS9vPht4C/aK0/WPHg0RNHm8LpbmK7sLe9ae4ZcnZBLGwLOScHGSOc1+xv8AwUS8Zfs3eKv2M/EUHw+tNBs/FVx4gghe1j063tLqdFuQ7XEJaNJolKHy9kK7QBgLhq/Ff/gnx8ELP4yfHDwX4V1XXLbQE1rUI9NttYjZjdRlIkbEEZIUyMRjJJ5zg5Ffp9/wVd/Y48Kfs0fCLR9X0fxnqnifU117+zb+0ndDHEGjV47khHLK7OeQ4UKQDyCRX+c3iPLLsb9IThinLN8fh8c8Rlvs8FTpTlhpxpVZzgpVLqC5uVp2vtd6O5/ZHDqo0PDHGQq0qPt/qmOlC3xSjyQjJyfLJRcXtzWu27N2ufhxb6Po6eHJLgRQ2str5IZGChpGXAZyxG7BAYgAhNp6HJavn2PT/t3iXV5bbBEdxDIrA5C7pFBZQAEJ6Ywc++BXaR67Jf6VeWtw7GVmCJGGIIC4XbtJwcjBYlhnAxnjHDaDLLb+Jrm2Vm2yCFpmyOAjBjwScZIIz3zkV/oBkGGxFLDVVXu41Kdqc7O6k4PkutUrProuvQ/kzNq1KrXpyp+4oybb93e1veXrZtWVuySP2K8MfBr4dz/BxdQ1DSkkvZfDcl9LKzqjzXAgLh1PUqrBiAM564JNfCekaB4YvbW72QxFbc3Of3SsVZJCEG/buAZMAn1H0r6Dn+N1ingG30CO43yR6I1kkQlwzO0GwAqOMDCnnrxwc5r4isL3VLOw1cx6lJDPPcSAwFgP3ZbcUByQvAI4yfUjOK8PJMNmdFZhPFVKklVxEvZKV21Fcr0UmlZ7dnppe9+zNMRga0cHHDezUoUI+1lDlTc48r95tpN3v301s2ml9Gf2H4dk0ZIBZwRuYAQroiuw7lW+9yCSMso5weOD4B4g8IaPFLJcwRmQLex4i3KcHzQMdGADHHHXJwcCrtl4r1d7L7NKSyxW4/eyE7wM5RQcZBJzjnOc4AGK5+61kLYXLs+Z/ODg8llw2Q2SOxGVOCO2PX26FOtBTUnzPlb1Vr/DpayWjV9Xr1btc8Oti+apBKfLyw91dNFG/TVLTXra92tTv9T8OaXZRWt5G8SySWxZoGAiSMeWSCWGASMYzyT25r5I1C0SabUZYwsZkvpQCjDBRn4II9Qp7hgMH2r1bWdX1i/t7NPtrzRyFfMDjCqEXCjHJPGB36k9Sa4C1sXe4nhkQu7XOAATtDE4Jx/DjjGQPvDIxnHq5ZQ5XN1E/fbaSVrXt1tbut7dtzHMMUnR0k7NWb21XLvZPTr8zOOj7oYFjVd6qWYYJUgkLk5U5GTngYHJXBBz7t4Z+Fa6tpen3RutIhdYmmRZpFifO3KrlmBDFlzwCVIA4zWFYeGm8suycglFJbCkBCzKT2B/XHHBr91/2Vf+CXWs/Fn9n/wb8Yl/sK+stX1CaeWyub25N1Fbae3mGKKKENlZMsHGB7ZGc/nfixxnlvBmW4bGZhWnhoYjEqhSVOLk51HDmUfd0S5YtuTsknfTp9VwDlDzyriKdNp+zhzt1JcqiuaEU1eO7d7JdNfT8F/E/wAN7u50nXZhDBM9oS8s+/eIlHCIrnJ3sVGGBAYkcYJNfM7+FJVYRskcbkgFdwLYHAyMgH+IHGQADtwOn9kPxW/Z08BL4Cl0Sw+Dvh2F7Pw/e2EjWEU9vdajrEEZiSeSd41aWRJMuituB5ySSM/lR8Mf+CdfijVdTN74h8KvbmW8mmtIp3LILVpmZTId3DKuFAPYLzjFcPhlxViOLY1+TB16UKcqapVat5RqQkotTTgpLayerSbSvdXPZ4myWGU+zn7aEr3UlG6tKLjpZRaeltV53ex+KOhfCTxB4mu0stH0a7vZnOAVgcQgHOCzlQMEjOc4xn6V+lX7N37GPiy4OkTeIXktFtblryK2t0yY33DakjclQfu8MCOTzzj9ufhn+w1pfh6NGm06CJxGAscUARCwAHzSEc4xkEnJ6/X6v0j4VeEfBliq3cljavEoDJGqmcn0bgHIB5Oc9elfvNLJVKEViVCSbu43aX2XbR326uVvzPgKuYSVlh1aS15vtact0ut5aWabfyu38L/DP9mfwtoCSXC6JbvdXJWS4nvYRcO78fMqsvDYHBKkE9Tkc/Wfh3wBDZ26Lb6fDa28SACeSOOCIKMA9Ai4HXgjjrycDf1r4leDPC1pNHp8EEs0CPmedkwSoIHDZY4I6beARkDBr4l+LH7X2naPDPE+sRAjcDbwyABAMlUWNGO4HphhkkA9Mmvdw+FpYSEadKnCEYq8YQim220uzeml1eysvn5044jENVK1Vxu7vnlZ2929l0W/a76qyPuaWfwx4di33Nyl/cRgNJbwMq28eCTkkHBAAGTxnBGBnnyPx7+014S8IWtwJdSt4GjibFskqYjKAkZcEHAGM4PTPUDn8Y/iL+2t4t1aGey8NrLbwsCjXDMVLA8Bhnlj9SOvPPFfFviPxj4q8WSST65rF1KshZmhSZgrqzYCt84U9cHJOBk8kEi6uLqKNqULNWV5bX00UVprbW736W1NqX1OjJc0/bStHbvaLsl5u97u7tt1P1S+KX/BQ+3sPPtNBuPtsxZiq25LgE5ChnUknPGSDlRweQa/P7xr+1L8VfH88ofUX0+G4ztAlctEjFgFVQ2AceoBGcnkgj5yaFIyTGvLg5d/mIK5ycYPHBPTkk9mNUGvpIAWUBmbcByABjODnPucEkYwVryK0p1pxdapKS0vGKfKkrdr6u99L3a0OhZhUjFKhTjT1WtuZ2VtLrS76KzT12dztZLfU9dn8/WtVv8AUHclj51w7IWJLN8rNkLnngLzk4z81aUHh3TYVY/uodgBwArvnOc5YkgDGc/eJGDyRjy3/hK5rfCGUbvuKwcnn8yQAeRnAyMcjIqrN4rkZABI5+biQSHBAzyOTxgHjPVc8E5GcsThqEVeCVt5NJXtZt3e6+emi2dnoljMS4JSnO9m4q8Wr22au/V6O2np6PrFtYWsDurQOuCCWwGJAGc9TuzkAY556nNeMatLAJ3VY2XIAUZU7AOeATwSoBHfoMj5c3LvVJr9OZs7iWHzkqFzwCG+9nI6jAzz1OMOS3kkdmMo56ngjGeB344zk98gjk18zmufYZpwhJt7O2rWqb1tdWfW/e97a/S5VlGKs3O7uk7tJ2bUXJXfR93dsSO5jjTb5mWHDEZV+fUbR1DAEjnjvwKvR32xw4bIIHysMNgAE5zyxGQCeoPXuao/YoS5/eBuMZAADdjhiMDgdMDJPJGAKrOLVCN9wSFIVweAOORkdx0JJJ6GvFhm3M4qEtWl1auvdVr+TV10bWyZ6dTK5Q96Sha+q08uu7tfTZK2y1OttfEK2qK2MsCQpZzkk4UcLzz04GCOlbkHjGaJFKjBU9R8pOMMGxg8dM+nQHAOfOo5rBfmL7s52rs4A65BPJJxweck4GeKspfWQIADMQoyrlsdwOMAZx1x2HUZGemGY4y8XTUnd3drvt2t0W72Ts2cksFhl8fJrZ6vd3iu7u+ydrXdld3XqUXju7X5lZ8kggkjGcZyPmwenHXGTk5HPT2XjnVJB+7nKDOWDAHuNwGRyDjGSevevFYr6FyBHAnPbH3mBySOMAnGSfu9TnsNuyvZy+2NFVcZ2swwO2BkEk9e2eR8uMkelhsxzFWlJTa73a193W19L7dfWzOGvgsE5e9yJSWitG+y2d27W2tprp1PpbRvEWqTLl75lBBZhwSCQMgEEKSOVI5OAAAetdlDf3k4JTUnye2QgPGT17tx0yCe5GK+cdMvtQJQiVYwMjGM5PAA4JyW5PYZOARkCvQLS41Fwoe4JG373OAeOeCMhepPQjouenvUMxxq5XyWT+JuVruVvV3b3XRJvseHiMrwrbcZR3vrZb20SWqV9m9kl6HpVw08oYvdO2R98MCMjIxxkDPBzk89BwRXL38KgLvmKhgGbBJ4GR82eAeQQBjOCQeahU3ICk3CouCSoYqoOM/Q59sZ28AGsLUJSWZWnkyAdxyxVTwcDA6A88AgDAGSBnpli8VK93yq6tqlo7aJ7tW6p2ttsZ08BRhZpJq6vstVy2106a33tqurK9wlvGHBmLLvOCMdgThcE5IBBbODn0xXG6pqFvCjRo4LnJBGSwBJzx0IIJGccY7kVYvJ1AK+bIcsxQZ+QKARyMZJ7EjpyAR34fUnXaWLNypBJVgc7uQecZHXOB2+lYueJk2k2m3HdrayTaeztt31udUqdCEU3FWtbS94rRu2vouyt93H694gBLrGrcH7/J6ZJBz82M5GAAeg6151d+K/L3YWPccLtIbJAA5IIwCcngdM5znap67VLSNy2N7EpwUAUYO7dxjrlcgk88nPFclNoiMwCRs3HJKZwTknPOBwcdeQMDGMB08NjKjTU+VN3V7tJu3XbZ67Wa8tMXisFTWsU2nrZpu2lt+t7u+y7GQ/j+WInZbR7lHGQRjAGcEAnpwMAYyCPmwRWl+JetZBitIfYGN2yCcdlye2cnNdbD4Yt2K5tkJKdWTPJPUYyuAfw+nzGtm18PQpsU2dvtXq+wHliMKRgdsDkfUZxXZSyrGTs3WklbWy5r/C7rRWvr+VkmcssywS0jBX01vZLVa326W6318zzpPiN4skJEMK8hQuIHbjoT9085yR7YzjrViPxn8QLghbeKcYGARbEDkgkYZRjjPXPJyTivZ7TRoY9rRwWoYLxiNSTxjvg+nQHOTtGPmrr7CyUA7zAoBGNsKAhhwAchsc98+ufbup5FVaXNiJ3TuvdtbSLWt9rabbtrzOSec0dYwoxktOu/wpPsr+tle2vT55j1/4p3DYSO6AICjNsVw3Q9hnGDxx24B6XVl+LdwNo+2gtjJEKgBuvBPK57ZGPcYr6eitpFXCzxBww4VVXAzx17jjJHPJ9qsrbXkbL5Vw8gOQAqqAOQD6ZGMAAkAccjHHZTyCrUs/aVpPRaX6ct9ru/VdGlstjB5urpqhTsteayvey1Wt9Lbu17vpt8xw6T8WpyQ0t8pLcBlA6noe+eMZDD0OOla8HhD4tSglr64iHDEtLjkHjjcOnHBHQ46V9V6b4f1++Km3t5Zi4BDFiORwMhRg8D72MGvWfDvwQ8b64UZEWBZVXGVaU5yRk4DgFevOc89uR6uH4PxGJUYxWJk3azT81u7W69dl0tcwqZxyJN+wje11JK7TtbXr6L/gHwLD8OPildk79TnLcnInLBQVJ+6hPUDPQque4IFbFj8DvirqYVbW91G7eUhBFEJmyewVjw2QeOAOO2Of1z8G/sheKrpYprm2v7gtjd5MAQPtyByCpAPIOTwMYHy7q+uPBH7MOvaXHbRyadc20URyzPDl+vAxjpghc5Gcsc8mvqMu8LK2Ia9vVrUk+R2utU1G9noldLVNaXR5VfiZUtYqnUd90o+69LJKKv59LWS6H4KaV+xx8bNW8thBqxEzAIpZg2WIBJJ4AyfY46AcmvbPDf8AwTw+NWolBfJeQow5MkyrsUADBy4O4ZHAHLE5GTX9BGlfBvV7JYzBbTNNGBtZ1CgEHI4wMHrzkY5zkHFdK3w68bpjykuMAEYRVA6njGcnJxyT1wOvX7jA+E2RUVGWJlXqOyunV5btcu9ttL/gulzya3F2Pmmqaox0dny3eiXV97JvZaeTZ+Jfhn/gmbqMiK3iXWryIZBKJJGxi46YZsMeQe2OoGTz7RoX/BPb4b6OTJdy6jdNGE3mSRQGYEHccMeScjGODzk9a/UaT4YeOpFwbOeXcpyfNKEcjO4Dj/0E9c+lVF+DPj6QOU018MARulIBzxyck9PY8dAO/wBPhOA+GcLrSy+lKStrVfO38Nm3LXqlqnfboeVV4hzKrZVMRNK9morlsrryeieuvybufF3h79mb4XeGnxbaBHcyKVzNOVlbJ/iBIOD3GOBjHUYb0+18GeG9HVUsdIs4guQh8qPPAJUkYJznqcHGOK9+X4GfEAEgWUcascndMeCMc5yG7jqC3XBHGA/AXx1vJY2SEEbd07NxjkkbhyQcDJBwowelfRYbK8DhlGOHwdCC05VCEVb4XbSPmnbovx8yrmDm3KrXk72u3KV2tNdb7L/PqeHtGsQEapGo3ceXhAoHHzYIyD/COxHXGKrSNLnaMqFYlMlcEnoQ2T3GevHBHLYr3Q/AnxlvUNPpoPU/vBggg9yeoHpn290l+AXi05U3WnKpbcMuyjbgDgk8jcCWGemMHjNdywUmvdpW69Er+7dXstdr2TdtdDmeZYZayrq2mt9U1yu931a7/Pax4E8o3He25gu0AEEfNnGewIO485GB69GFiNqsXb5hu52/ID6AgfiB+OBmvdJfgJ4iVwzahZNgkny1diASDluDyRtx83TjjJNVZPgdqiMA9yxfdu3JDKdwJOcZA4BHTOSSSCTilHKsbVa5Umr6e9FNarfVX36re9rW053nOEhG/tklpdp76R9bb6WW/RK1vEzIRj7wBOQOABg8kAAE/wDAvfnpiF7hQMDJBU7QSTz1IGw4DY+oB69QR7ynwRuAAJJ7qRxjJWE5wSeTkDHfAPUdvu5JfgbdBjtivZV64SJhjORwCcAAkZBz6+mafD+JmrylTjZbuUVJ7dr6a9W9W/k6fEmDi48k+bVNK70tZWs7dVZ2VrN2Pn558fdyWYE8kA4Ix37dTgZP+zwKqyzYJ4B+XrkZYegPOck8ZI6njjj6Pi+CdxkqbK+wFwVMfIIyTjHJPTtnOMnJwJX+CkwGP7Nu3ygJLLtwe3HUAZPbnnIwOOKfDFeWrqUFZW+PVrS2ln36Ndddjujxbg4tJ3ur6XSX2ddH0vpt+Z8tTTMGOWQALhQOexz69M59+xHOcm4cAnL7jkL83G3Ptx0xz949Rg5wPrNvgugbL28Eecblldi6kgDgKTgY5IJH3iOeBVWf4PWanJkt0YHJVY2c8YHy5UdcdCcjHpXL/qpN3vVp+qTstE+6ezeuttLX1OyjxxgaTjJzatbXST+ytrve3b1tsvkCd1fKsGOc5VFGCfu9M8nA45zj269x8MbXVJNdWysrS8uVmZGRCxCxnqGUFiPl5JBy3TIr6AHwv0u3lVnltm2Akk22SV9vlPTjkDJzxjJrf0zRbPQ7qO5tZLcSxurqUjaNlKZZTuVQwGRjGOSe+StfC8a+FkM9yXGYeVSnOdSlJQ91LlnZOEtdb3vd63vbufv3gj9I+t4acV5dnWX1JKNOpGGJp3tTq0ZWjOMk3HmTi+t7W1Wtj62+FnhXxhLZ2ryWkYVSqlmkYuwGBy2QcjkHnhlGOScfafhLwv4jUQiQqgYjaeCcDAAOeSTg54Kjg55zXyn8GfjTptk8Gm6sLQOpjXL5G9iR8y5AAZgRx3JI5IBr9LPA3ivwpqiW8qzWKLKgdVOMA4x944GQuCCBkbfUYP8AmZxtwBnfDWaYjC4/CzhThVkoVIR92UOZKLjJK1vS23bf/T6r9KrLuM8BTxmF+p2rUouUVKPtIycFdNSt8rbtLbc6Hwr4W1DbH50hDHDFYwWGR2JxjOTj69yK970bwq58sMJCD3KkKSoXLcjGcEHOSS2QeOKPC2oaA+xo57MA4Bw45POTnK88kLxzjGOK9/0AadOkZBgcHgchhj5WPzEHDZx6Z5z618dTy1RfvaWWieut1e+qt1vfz0PxTiPxEnmFSc4xWt2uRLVPl12aXftp8jzyy8KKSCqvgcksuCQAccgBxuyCeSPrgmuhg8IxEZMJHBIIQEnAJ6tjAJI4OMgYxjIX2a1sLJlBCxnjAwoJJ5O0EHk478dCQMAE6yafagEFVyRjHzBcHksAPb3A7NmvYoZa3y35EnbVJNJvldnfRPtv002PzDF8W15SsnNer6+7p0tbre1m2eKReFolwvkofuknYB1A4OB3zyQB+fAur4dgyg8lVAOeEOAcDgnuOMjjbntk8+xmytdxKopOQQyjrjOQQOCvJJAJC8hs9QgtYiAVSPgHBIzjuWzj6n/DnPR/Z0U9ZRS0+FR00Sfy6X16PU82XE9Z/E5vRXbaSu7LZd397ueTr4fiJG2BO2cRgZzjBO7AODj8sVYXQskbY9oBG4hVzwDgYIY9Rz6ZHJB49TW0iC5Ij7ZOzgZ9GI6YHJGB97J9EFvGoJCoc4O3BHA6HgD8wRxgg1SwFNWvJW6q17tNdtPLrfR7uxzyz+rL+bT+85W23t1a+S72PNE0B/lITI6chuCC3UADHTg98YxyAJRoT55RvQjDbR65PscZJ3AcEk9a9GESA9V9clDx1IOMH2OOnbGMEJ5KNkNIAODgjCqAB14+6SCeMEdM9KccHQ6SW7Vle/S7WmrdtHe3oZ/21iHfeytb4r2Vv+Btt6annh0OQj5lYYOO4OAckA5O7AIK8AZOSR0DxoZOchsHAwM5H+1lj36EAHp2yMd21shJAdscHI3fKep57Y75GTkHJzUJtYcEbznnu2eMDqVzke5/I8HeOBoy3ktUrO6126Oz1Xy6JIX9t4lJRUt0u99WtfNLS3Zu1rnEf2EQSpYdjkgkA9f9rk8k4zzwQowBKNIdV3KSSEP90g4B5A6+vPQ8sOldl9kgzyWB6n5m6jORjH0x6cA55JcLSHHUDIZep4LIRjJBI3EjOSDk85FaRoUFopK7tHRp2+HbVX+V9l13X9sV+aN03ZxdtXpFx6rVXa2unZPZn5Rj/Sf2iNOsk06QSDUNRQTKxIkUFmEpGQowMgA85yevFfRPxJ8L6hP4d1QRW000R069Do8pUN8jHavzAckHGACCQQG5AuaHZaLa/GZN+m20l4moXpju9u5lWQYZWcDkcg4HAIOTgLn6R8bXekWfh7V5J4bdljsZX2suFztOM46YzgkryfUnnxanB+An7GDanzz9pUut3OcZWXdPbXa6vofR4jxMxzxGHq08PFfVaEaMbuT0goWeml7q/wB+h+GNppGp6a15bWNlIt3egrJaGSQMqiU8Esu1srgjnsMgEgj9KLLwxfxfCfR4QLhJho1tNIQ20qQFYocfeOMqMfkRXlUfjTwK2oXVxNp1m93DburQR2+N65K5QFQSV/vYOPvA19b6R4t0O38D2F7cQxzQS6O7x2xQlo4wCVUA4GcHoDg59sV9LU4RyjD1sHU9nDRclklaz5G02tEultb+ui8Op4k5zi1KPIv3M1Vpyk21F2V7W1i0+id9L9z5P8QeHdTsPhnrcJWYNqumXksUUqlpZJAr7dhwQq/dOQQcNngcj83tL8ParH/ZjXlpAf8ASJA5RHBjRGxtlYDBc7QQzDJJJzya/Sj4q/G7w5aaTpELfZ4YJre5hMRkI2Lll2bAAMuDjaeQPQ5r4Pvf2gvhpaala2VxAI5I7iRnVVLRkByQzjG3I9SARjOQQa/YuF+GqCwlWNHC8sJ2UZRaUvcUb6NdW32t0eln+X8SeJebwx1FzxEFJP31KMnzSbg7J22s7rZX+9Xbnwbf3kDTGwkKRIHEsQkUIpYlWbIU4PcgDON3PBHEaJok/wBq1OGZF8xJmMZeQs52E8A56d8rkD69fo2X9qb4PvZmFrGUSrbRRsVUJEy4GWJGQU4I/iHAG0k8+Dt+098For7UBDpEhlW5kLSqoIIJOdgAIHJxzjGe4r3MJw7Cq5xr4atenK0eecVzXdna9m9ba62+R4GL8S83pzhOliVOMl7ygp2iopPV6fe9XulsRaLp97JqagqjMbgRwoTubf5gPTdklVLEHpx25z7X8VvB94bXw/PFAZnNnGZAyN94KvBVRsIXjg445HBwflmw/az+ER8U2sUOnXMLxXbESkkIWDDaAOSScYAxg/LjPf2z4m/tn/C2Kx0mKV7mOU2ygPGA4jbaAFIYZzgDII49CDXHmPD9KhicNSjTsptqb5oe7e1rtOya7O/3HVk/iLnlWnPGQrVXOnzOnHlqe9dK9u9n0VtNbdvFtY068sEvGnssoGIGwyoGYtjjjgkZBznkHvzXL+F7+6ufEujaTaWEgkuNRhtgkkr4YyuAysOhxztII4yeuBUWr/tVfDiazunlEuHbcHuU3ROGO4EooIGSVPHXB6cAcx4P/ai+Hdl4q0DWI7fT547PUFmn2xlpCqE4IG3lgDxnkDGOBg+5lmQYOlCvOtUh7SlSlOhSlViueoopxTjo2pNLtfXzRx8QeKPF+Io06OFVe1blp1JxpTlKmpySk9lok27b3S6H3F4m+F/irw9DfeJrOCO3h0h0klhjmkA2Mq5Khzgjcc/Kc8ZAaqWheJYtUu7C2vL9INRZEUWzSNhi2dpDZOdoAJwMjOCemeR+Jv7efww8TeAtc8PWc0NtrF8UhtZSHiWOPgOrkLknC4284Pp1r4msfi94P+1xa0viq0t7vTZvMiEl1PtLADKnac4XJIAXA4J7mvl45JRzhYmeO9nhsRTqP2NnH2bhFKWyl8Sd1e/r3PpOHvFLiLhuhSwsViszw1V81XnozU4OTimveS0Wju1d3V72P1A8SWWuTabrFnBbySi8s3W3ZWkUFoxyU3HBGOh+nXFdbZ+FNbtfgZpFtNDcl7qWSRkLAOrMQqHcACuNpXqcAHoTkfnPo/7bMLw3Fje65o9xDZLKkNx5rs7IRlSWx8p4AyT6j6fQfjL9ta90j9n/AEnVtJ/sW5eSzuX82QyYUJ0c4XaGzx04Oc8cV85ismw+Ep0YzxWGnUnX5eaMm3GLstVbfd+R95hvE/PsxxDVDAVqVCnyYhc0VBylFRuk7rzs1q3vbp82/Fy81fwtqjWGlWpmub6UpKJmVpYWQfMABk455OQGJOc8mvA7Ky8W3Gq3dxdyKbeWN98crNGAwAP7tVJwOD97r0wQCR80+PP2x/EmqapNrJn0qS4MhkLmBmVN5IYbmQkbcDp15JwCBXHn9rbXJLaPzNX0yGWUZbyrTMgyOxIBABHV8g/xcE7v1XJaHCGBwOGjiXSr4iLjOo4pyi5u3w3abu3rfe1k7ar8h4y478UM5zHFPBTr4bC2UMPSVazjFWTctd25Nt66LTY/Xb9nLQtQi0X4ptqrxhJ/CsyWg3OzRLhs44bDdOy8HHauYu9D0u401LG9nHlvpV0rqE3SMShUsQ3GccAkg5BA6g18nfA39ozxTqPgX4t65aawbk6f4XdNq2yRJHIUYcnbypxxySecZANfI+r/ALVviu3GgGfUVilvptTsJm3yFUCwbyXUZBI3k4GB7c4HRgeKuE8DmWdJUqnLz4T2cadJtvloRuk2nZN2ur2vra2355mvDnilmGCyausb7NyVeWKnLFSj8VZOG13L3W76JPZ7XP0jtPh74Hn0u3SzuZVmhg824Rwv79lkY7FV2IwRkZHHqM5Fftp+zNpOgWf7OGh6dHaWS2kCTEwylXyxkdjJhcKGJJOOB3JIGD/F6v7U/iOWHUlPiLULiW0ivLcxW5MWwIXMbBkIOc8899vvX9Cn/BPb4k+JvF/7Fmn65qmrX5kfU9WjSS6nJm2oCY4/MLbmGRwGJA28DOBX4741eKvD+VZHltWGXVpww+a0eZ8kE1z0ppTb8rJ2073sfoPhH4acc5jm+YU8wzynUVfLpxp0lXrzjCaqUtWm0lpfmSv07o/aTWJNCfwX4hsjcWkUB8F6jjywu5Y/srq3HJK5BKkDBycchc/zTeIz4AtJL6K61y1jWPVL12IuVEgQ3Dj7m7APUFgGAAPqxH60eKfFt6NJ8WW8d5MkqfBTV7tIWuDvkuEsZW88gNgEEZBBzk8jGc/xU+Jfiz4ga51w3muziX+0dVjZpJ5ZHMYvZlKrkgZBXtzhs9Atdn0fPHbJZ1uIqlHLq95ywVleKlK8al3bW3Ve91PivpKfR34mzyXDChm1Ci8HTxiqS5Kkk/aSo2irNPRQevfz1P2d1HXfg/FKrN4kty6u5bMoccKQGILcgnOGIIx39Kh8f/CC1naRta0+b9zgBTESMEkMArHBODwSeQflxxX4C3vxDu/PDya1dSbwVEf2iV0+7nJyxHJwSD2yc4xmi3xAuWEO+/nZ5AYyIyykgYK/MrZyD6fqDgf0/iPHjCwpv2eVVbxi/inFPRJLaLb3s13sj+YsL9FziKU406vElGEeeOkKNTdcvxOVRvRu7tvbZan+hj+xz8TPh3efAPwHcadq1q8U0dzHDJGVTJWVgyNtA+YEsvBPJyQM8+9+GPid4VE10baee4CazJCFOfkfcwOMgAAfMCMHIxyOK/Az/gl54nu9U/Zh+Ghubh5I4brWgVnIYttmnI2vyd2M7eg6bORz97/CvxbbP/aC3V8giHi+eJS8wRkk3NtiycggHr83cNgAHH+R3iR4051X4y4tlhssoQhRzvEcvPzSlKFXEyabvZXXdW1VtT/XTw88FsHlvBPDFHE5nWq1oZLl8JuLjGM50cNDmklZ6NpSa1t3sfkD+3B8efAkX7WfxX0y6ivGmTUdPtWcIBIV8jLtvUcLkYwSCTgAV8TXPx+8FWur3MENlqUjWuDAxmBQ4cBcgEMMg8Adc/LgkV5B/wAFBfiJpOmfttfHKw82Vnj1XSv9IeVsAm3UvkrwV4YdT+YDH4p8RfFnSYrrcI0WaPcPMicq7n+Ficgt0zjB/HnP9weH/i1xFR4S4dhToUIJZVgpW5L/AB0INrd23W62Seux/EXHX0euEcw4r4gxuJq4utVxOa4qtUj9YcY88qutlGN+jWr333P1Puv2jNPuIrpbCxudywbtsjSFlLDOTnoMcjvnLcjGfK9T+P16qoy2NxMqSK6BysSDew4AABIJGT97lsAdK/Ouw+NjbZFFxuM0O1lEjbmx/BnHBBxk9AOKw9Y+M8wtUAglEpZRGzSFs4PVQ2ASeuQDzx6ivt/+Io8T1XTjGcaaWjUIxXPdx1bfZap9nq9j4af0buAHOVSvgqtaatGPtas5csXKPupJrra6d3ZfN/qzY/GvXtZt7prK0W0iih2iZ23OrBeUwSCRuIztJOMjgZxmwfHLxFaskT3NuskJjlkEUiETA8gKuVAwBgFdp4BGDtx+Xln8ctU0+0e2MkyGdWYS+cBgy87MA44XgEjIGBjAzWdD8WJHR5DJcNJKyIkvmEtExPzcZwBz6sPcnGIh4hcUNybxVoSbaSVt2vXXS27T6LY2l9H7w9SinlFN/ClLVSVrfC991e+yv06f3H/8E5/2ix4k/ZV8S3UksFxqGi3mtpdWzyBnRFhKx7QedxOMYHQ/Uj3AftkTeGvgL4uWXTkhudE+HGr3cyXcoOUdZlWVI1Lk4LDaqjPA4yK/Bv8A4JWfFS30r4CePItaS78rVL7VDb3EeCk88eFjgYFgCJAcEDr82V619efF7xnZ3vwU+JF3b6W7X0PwuvWkeKNVSGJIX2LIuACMbtwwSzYFfxDxxx9xHPj7MMPTg1zZxh4zq+7G6nKi5PV3bbnfrto11/vfgLwnySj4fZfO18PRyarChS5mvZxo0XGK17cq0b66o/LTwv8AHzxv4/nurvTblp5pv7Tmt47aFVKRtNNIHUvt3FQwyQSy4HTiug0jQvHviXwp4h13XvEsMF9DBvtLC6vfJlMccmTPlX2uwHSJsjI2gdDX4e6N+0f480KNotF1GSxaKa+jiktgEMMbXM2/PQtkADG4henzDmvRPBf7RvivVBJaatrV/dSTjY0QmZYJBJIFdmVTjcBltuMcn14/pnF8RcY4nDUo082lRowow5oRcrtKCUlZWSuna/Tpo7v+YMr8O+BMsxcpU8gw0q0sROSqulBvnlNNyu05Xbd7X9UftP8AF3xnpmn/AAM1I6t4ptze2/g+yEUk1xteZVDCQiMFUZMqRjDcj+Lgj8GPEnx102O9uoYLxJ4/LJEhkd1bb1CAk7c5yoOR1wDkmvr/APaU8Urf/CVIoAyTDw5ZQyFmIDIyuxUHcGOc4bpkAn1NfiPd3U8s0yKoyJAuSS21Q23bgZ4XuR2yO1fPZDi8xpUq/tMVVn7TESm7Sa5pX7K2vybV1bZH6PxFk+VVKuCj9Rw7dLDQjCUqUZNJK1k7O1ne1rLpqpH0XqfxyluUnt7S1CbmJZvMcllBOSSRkDIJLAEY9sY4C/8AjTqojEdsYoJCpACK20fmw9sk4Jw3HJA83uIVtlB81WlnhIKqThSq7sYAPTPfBINXPDXwx8beMpI/7D0W6niYspurhDb2ygnJbz5VCsAMHhhxwMkDPvPNsRD+JiJJattzavrHTV9Fo+tmuh4EOH8FVahTy+jKV9o0YydvdVn7ujte3S9urO/g/aA8YxGKC2ufKVl2uUGXf5en3gQfugEE88e1a1r8aPHt7GbRdQuNoVnCJyxAO47PLOVPzY5wdwPbmu48G/ss2YuIm8YeJY2mEiK+l+H7eS/vSTyYt0SMobPBw3Hr6fd3w8/Zy/dT2ngT4OXjzfZlSLxJ4x3WsLPgfvVgnABB4+6vH1rixPFkMOnF4qpPp/E5YL4Xq5NJ312vfW1tL+7gvD+pjJxl9Rp00mrKNHmk01HRRS06del27Wt8KeB7j4i+IL4XsdtrN1AHUFm86OJ2bpuZuwJJGCQRkMTX1VosHiLTLW+TxBrltpETxozG61BGmVTglUhVy5K5ICbRyCBng19w+Ev2IfG2tR2kXivxhb2NtO6XD6P4Ot0Qx8jdCZlCYPylc545IGa+otB/Y7+C/gofb/EOgWUjCFTNqPjLWIN3y4PmmO8mCkHBYhVAznPqfksw4/owvGFWrVm9EqSlPV8trylZb6JxTWiSPvcv8Ha9aMZ1KeHwtOylKeK5YRSdrvk1a0to2ru2nf8AK/SIbLV7mxstOn8X+MJ9hMUeh6bdC3ZiMhDO0Yj2lsjduGevTkfRegfA74k+II400X4RRaQssUbf2n4u1BhnG0FjCjk7udxUA8hh0JFfamp/Gv8AZS+DriG6+JHhPT0tofLGmeHLSG4mUqAPLjktFdSxK43bwD3zjI8L8cf8FQf2f9IguE8K+GfFHim5hXyYrmYxWti4UHY33lkwxwSSoPHI5IPgvi/ibFf8i/A4hRe063O4u/LtdwinbVW7Lyv9DS8N+BMBH/hXzbBVZxcXKnhuR9FePuuUrt6W0232NXSP2ZPHE1pbLf8AiPS9JkKhXtvC+m27ONoIeMTzKG4AOW68d+QfcPBv7MHhiB0utT0/xX4iulZA91f6nMluzqMEfZQ4gC9PlAwRweCWP5deLf8AgrV4yUSr4M8E+HPD4UOI7i6uGubhCcgFkZdpK5AAyM85r5i8Rf8ABSL9onxKbhJPiLJpUMwcta6PbR26opO3aroFbIONpPzDqSv3hz4nD8Y5tR5cTXjhlJLmUZ2vflW0LtNq32m3o7m9CfhnktRSwOWrFTi0ozlTi7v3W3eW13ffra2yP6VtN0LwL8Ph5Wo+GPC1hbJHK4lvprG3uEJRgks5Zg0vlgA4cHO0YzzXO+HP2sPgR8Jbe8tfEfxM0G2RLq5vLfTNMEE8QmLbl/1QfJCgqAxIBxyecfyfeIfj/wDErxZNNNr3jjxRrDzAgrc6ncFAD03AyMApyCE3DsD0UV5wus6letI+biaZnWIyXDSSkvKxUKpbP3mbAPOMg54rxp8BVMVCUMwzGvKDs6ipyb5kuV/HNydnqtI69LaI7V4j5ZganNlmUUISVlCM1Cy1WyhGN3rrbV+drH9bXjT/AILFfs92MTx6fqev649unkpHY26IrtGMYy6gjcR0Axx3yBXyr4m/4LZaRA8kfhX4W32pOGJik1m4dEcD5SdkZ2gZ5OMnA47GvkH4Bf8ABHX9sD4yaJovjfVdG0L4ffDfVbSw1SLxBrM4e8n0q+jWSK7t7eLe53xuHUOFAycleTX6vfDz/g3X8BQXlnqXxC+NviHXLW5sROtlolpDDBJIIyxRZtyyBTjGcgcc/MePh8w/4hjw9KSxuLeKr05KE4RnOvJyUlFpxppK6trra+mrR9ThM+8Qc6jF4OnTy+hNJRk4RpKzUWpXmpSfqo6u19bH5V/Ef/gsz8eNUjvjoXh/w74YtFTKC3snubiEHB3lpI+AMkKx4zgckkV8DfEH/gpD+0x43edpviNrVkGDDZp5W0AVtxGPJZGwA2R3Xnhe/wDRB+21/wAE7/gR+z/+xb421Dwt4Pij13T7q40mDxNqMrT6tMTIWikk35xhVIyGxyMKp6fyn2/g3TiQgtg8rIoYnOA5yG46E8Bh2HTI4B/Q+DsJwpnmXrMsryuhKg6rgpVqMHK8eXV83M7O6bTfzsmfmnGue8YZPjvqOLzrE1JSgpP2NaUYpNR0TjZta3enlfoZviH9ov4teI0c6x448YamJIyGWXWLwRneeQUEuOvXg88EV5HJ4n8Q6lclpGvLl3mGWubiec5OScmQnjuRwD1xxXvp8IWCgRG2hXarKWVASeABk7ScLxkjpgAtzmrFr4ZsoLmCKOBQpfO5Yl7AYJBHPft3GBk8foVPAYKgrUcLRp2WihThBpJRTV4xXS2nb73+a4jN8xxMr4jG4ipL4rzqzertvzSvslp29T5tex8SzzXHlQyCLzDh0QKMjBYAnnn5j1569wK0LXwj4mvAh/fcKxIDnpzjKjORjkkck8egH1Bpej2rWlyGjR0jvZt5deSMggHaMBe4PPsQMbuhs9Ns0jd4ERRGHwq4AG1RkkcDHv8A1BqqklBXjTW636LRXurK62W3kmlpyRq1Kl1Jt9/e13jdNJr1bsmrLq7P5gsfhlqt3HHLcM4AJJJ3MVUHBLbiT9fmIzz257CP4WaeLC8eXfK8dt5mWyNmM8rk46YIzgDOBkEmvd7RrExqY3jZTneAThSTnax5GCwPJ7jBHWodRntltNSG0hfsrBuoUnHbA2856gjg49M4Sq1G7JctrXTTTvo+z01t56WEoRUrttap/F25X0vZ30VndX6rbyjTfhtoEEFt5tr5/nxxMSQzEFu/IwSDjJ7D9Oqi8BaZAq+VZQx7X24aMMTkdMgYzjB9M5AxwD0thqNotvaPEoykUOVkIHOOSQDnrz2yAevSrt1rUckqRwndO8gUBVYqpbjChVJP5AE+gxnGUq7nbncby2va2qslfS135aW+ZCnKXNpKyu1y7p3skrpvfybW2tijp/huKB3jjghDbVIKoo2gjO75TgHnAA7r34xe1vQktj4eZV80NeOWAAIUhAS2O23BIPfPB5q/ZQ+Ibi8KWek6tdysANtrp9xKX3YwAqxnluMHaMg/dJr2vw18Cfi38RotNj0PwlrEd1ZTy3sy3tq1rugVOQonVMltpUcZzn145Jp05qVSoopSs9bae7d3bXVp+t9eh34XD4mq1Cnh6knu2oPXZ66PXVXV720XY8g0RraTTrwfZk82K4lRnKH5sFvmdSPudSDuzwMdiLiXH2WHb5Me7ft+UHcQwBPG3nAJAHPY5wOfp3Rf2RvjLbi6S80i20hp2dmOp31nBCgLZDMWmU9zySeBjGenRWP7J96sgfxL8Tvh54ddXVZFuNZs3kikB6nbIwIwMDr8xOezVnOthoyaU+dWSVk3ror+6tX5fNnoQynHtRvScNEtZRjbVWu7rvf0ve+y+M9O1WeXVL+E24QYjAJ+WRdpGSwHJxnO4dB9cVb1y7nLOrKGRbGfksSOVbpnB/2RnvgZzyfubRf2Y/gRp15f3ni/9pnwjaNsKyjT3gm3BRkhGjYsSR1BLAgjHoGa/pH/AAT18GaTc3OsfFzUfGeowW7w/Y7BXjaSQ8AQmMkMpOBz3A9K53i6CqRjChiaj0+GjNpOyT3te9ujtbtexvHIsTJt1cThaK926niKd3rFttX1ba29WrdPiLSNSZIbAEKjLawqp3hTt3LuBG4E56cjvz1zXudndy3GmpvV8JLGCEVnxldoDOFIw+c7sYwOvApNQ+NH7JGi2lovgn4eeKNeZGzHdXx3Ru65Ko2TnbkAE4OSQepFeieFP2tbNNKvtO8K/s+aPeWskJkmm1RlLwFvk3ByC4GCMY5AIAXowrEQrzjzwwla2t3Lkho7Ne629nvovevtZo68FlWGp1fZVcxw7k5J8tFSqdtLLRrur2a6JWONtLuwt9Qt4riYwrBc2ErQnLk7bmJs/KSw6Y69eWr+zrwV+0B8INF+FXwlutZ+JPhTTZIvBPhYGO51aANC0VlEkkc8Zk3RyIDtKMuflIx3r+M0fErxV431jT9Mi8F+DPBtnrWo2Gny33lpcXVnBd3cUDzRu6biYN5fDFRwMHnNft/4o/4JS/BvTfh/aeMvFX7RHinVnl8P6ddxwQG3jsDqt1DHNDYQRC4XEW87Y9q5ZOCvNfy94+5Jkmaw4ew/EOLxGWL61Wnh/q9H6zOtJxpJxlZKMOVtatu99E0rn9IeEFBYKrmE8Hz4ucqdODUl7NRve1+a992rrZLTXU+p/hH+2x+zz8NNS+M114k+I+l266v8R9Sv9Pjtz57XtmZHK3MLR5UxNkdOgOTnNbXiH/grr+yrpExjsvE1/qxB4S2hwcqOACynk8Yzye9eF/sNf8E1/wBmL4n/AAqufF3xR0DVPEvia08a+IdGyuqT2Fv/AGbpl35Ni01vDL5QeSLAfIyxHPB5/T3wv/wT7/Ys8J+WNO+A/ha7kiCkPqii/ZwAOX+0I2TkDIYjJJOSSK/m/PMB4aYHN8VDGSzvG4ilyUpRpSoUaD9nCnBKOrnZxim2+Vptqx+1rN8zUUlhKMWla/LOcly26NwX2btq7Wvmz82tS/4LN/CiGcr4f8D+L9dGdq+REjqxIzkFQSM+33T3xyMG4/4LAeJb5kXwn+zl421ASsoDyaRqMwcfKM74YGUkkgHBbr1Jxj9sdG+Af7O/h8qujfBH4b2JVflZfDemSNwckljET9SSCTge9d9baT4K0pFTTPB3hHTliwY47XQ7CMLggKFCRZHTAwDg8Z458/8AtHw3pw5KPC2OxFtFKvj5q7tFJy5I23XTV7LZW5nmGeVZxalSipdqEFG2j+1Kfzdn36XP58fir/wUp/aJ8c/CHx14Yg/Za8TaTo/iDw3qWnazr13perxro2nTxbJL9t0Gxo4VOTuOVBJ5Br+beDwj4Dut+p33xEtLCa5kuQ9jJETJAxkZmySoO4Mzhsgkbc4B4H+g58etQiX4D/GIizskhHw714mKO2gWNgbSRcFSi4UE5AJPYdRz/mzeJoCNZvo4hG0j6tqb/MONpvZmUEYAUbVIyCB1ByOn9hfRexWV4ynmzyfKIZTSp1qEZxhVnVdW8XaUnUbd0m0krJ3+b/njx7dT6hg5YzlqqUppQSUbS9xuVoxiru9vxvbRe73fhH4VW4D3HxPVpUbDGK1B3KRkBSFLEbQeSxGD2xkQXGn/AAEs4Vnn8falM5Qb4Vg2g5BDHIAbPU5OAfT1+f7XSZdRIiaMtIZQGSJBlFyCRu64GO4PHGABxoa94Xs00q+VoxJLBsUP5S+aGAGQVHO3BySew+9/d/uDDUq0mkq1r8qSVr3srN72vfut7n8Y43FYClFyeGg2rNc7TVtL2T3e68tdNGd7dah+zfau6nXNavHU5yQQGBO4gE4wOeoJyTznvgz+Mf2cIiyCw1+9YEkASOMkZPBAHAPTA4XqcZ3fN93pUEMhOxiyg/dVOrYGFwp+UA57d+eqjm7m0iR2KAM3AUAbR+O0ZGMnOB64FexDCYjl9+s7RaveTWjSWqVr6r57aq55NPMsE5e5hKSTkrtq+jcelum1lf1aPqwfFL9na3f914G1i5wjKTLcPg44C7TgHkZOAM9MenOaZ8ZPgtavdm3+HM0jSXMhRXlLsB85XO7lRu5wMBT/ALXFfP8ApeiG/kO0HYu9iB0UgEkZIGQSRkZPyjg9M8rpNmTq2pQHpFcuoJCkgbgGIxgbsdTuJOOOcVyzoTdeknO7cmrczvvFW/Cy1S00el17dHMqMcNVqRoU+WCu4qK97Za7p6Wf4o+u5f2gPh/EwW0+FFjJhS6ieQ/MQcsQOxz1PIOeQN2KrzftF2CgNYfC7QI0BwBLEWAPJwGK8np0ODjuc5+fL63ithGF8vBVQrSKA3OeowDjJJGAOSOSBV2yVLiIMoDc48thgEhRk8gjOMnJAz2IzuHXDAybfLUa1V9218Pm9k9bJ/ovL/t6EYO2FpJX933Y6W5Uto7vvf5bHr1z+0hrBcGy8CeGbfywdqtaQyE5GOSUycZHzH2681UX9orx3HLut/DvhmFmUEEWNvtXK+hXoOQAcHI4zxt8TuVAnOEUBCVXBAxns2OMDqfvHJzySMOsQZJ1QtvAO0AsScAAcjOQQQMhhk8ntQsJJSUXVk7vRWWj01bdnu79ddm9L4y4gfJzwoUk/du1FW+yuyvt21106HvK/tEfFJ7eSSOx0CGIYX5LKHBPfHyjAHQ85z04Izi3f7QnxZkZZEu9ItxygEdpECM8AcIxwD2Bz1Pc1xM0EYsfKjLby2XABPykjgkgk9SQdw4A6855poCx4AUK+3YSSCBxkDoRx6k5II9aqGESfvOV7Lrs9F0V36K2r662Uc+rySUKdPRRbXJFtrTXvp9+6sd/c/HH4xXZkJ123jBAU+VbxqvPGDhR7ctwTk57VBafFn4vkqY/FkkK+ZghET5QepwOygsAcDgde9cjBYq8kirwMgnHAI9sk5PQ8fQHNdBo+kRMtyeSY3DBSDk4I6ZJbORjnJIODnOKc8FTUdZSvZ2Te8lZW7O+vnron0qjneIqVYxXKl1lZRStyqye/R2VlsczqHxS+JVprz26+Kbjeg3tIFUcyEncRxk9OoAwMnIznSm+JvxLvLfY/jPVwhABWKdolU47FWJXjvjAyeQCK8+8RQk+MrkjhPJTau7gKEOOp5/HPH5V0MNhiDcxblAVUY5AAHOP4QeecHjgcgVx4XCc6q2f22tdHbRWbW77X6LTod+ZZnVw/slKpZTpxlo3a/LF3VkrJ7La77sil8VeMZ5GSbxRrkz8bkF7Nls85PzDngHOd2CR14rPkvtfuWjMms6rKd5A827mbYTzxhiGHPHcHPpk6yaehkRkIBHLHBPUkckYJ4yDgDGR1AWp5LMplmUbmTACkBlIAwB2yO4PAGCOmD2LLlZXule9tk721076Wf3J9fFq57OSSjOWm9nfW0W7Na97ea08+Vki1BnYzXt9ICSXLXcjdc46twT2HBHOe1D6fNsUSTXDblCnMr5A9fvDnHowPJz1xXTCxC4LSEiXGTg8HJwB83OOhOOcjHQEBtGDZLOIwDsViQHI7Zz8uMYwc8+h4p/2bC1+Vtu2t99rXXXT5abbIxjndTkdqrdt7PX7O7tdWt89WnY4qfSdkbgB3A3YxIzZB+7wxySDjgg9ckkkVSj0JmKOqcvywfcRgjJxhgQMkAnB445Aye0uIdpKltrFwo2tvUDPCkHjJXA59cZ9HvbSB0ZpCsJwAw2gAgDPQkDBZc/dzzgggis3l1Lmva1rK2m17aavqtGk0tPV7wzqtZXlJ3aV3rr7vTu7ta663utUcNc6XDbxNI6BtwYFcEkFck4IHTIJ68DPUcng763jbVI1SPCMyZHJ5JGOc5OSf4uxwMcivY9RQeRcDEbAAkMuMscDJwPQdCeAAcZyDXl00Zk1O2OAxlxzg9UOQOgOCcdTgkHPA58nH4ZJxp0468yd97rRO+l1222/D6zKMTKtSlKbslB2srq1k7vd76W66+R19lpEDR7jEu7aQAVDZJB6nHZe2D3+pfJoMBIcKnJLMGVGHAx0AzzuK/1PNbVtHL5cQUD5lOVXscgAkA5KnnK5z1zirogOzdtXcQ2SDyByAMEfLz+YOeCPm64YCLpxbS1UdEm3ry7WV/W3TZts8DFYyrCtOMaslZt2TbTV1pu7WbXRvW5zS6PbMd7ImMhVXYobnILbecjkYPy44Axwa0l0K0SEMUQDBGRGM7cZBOB1+nHqelXlhkBVsHJORzkBAfXrwByeu0HJ6ira+eyMEGQCxb58jcwyvc5BBz35z3wa6oYKCspQ2SbbSbekddU1Z66q6231OJ4/ETWk232vZ2Sj39dFr0s+/ORaVbRSlTFGcqu07MkjI6jqSQDgEH0IGK1V0m3d1CQo3yAlfLHyjPPI4xnPBPQHGMnLEV3neQMoZVO4bicYyNo5PpkbcDJKnoavW9wyTZZWZGXHoFOMdcj8M8YBzkdVDD0rNOCSvb4btcvLo29Fa7vdW82bVMTU5I81RrRdenupaXu77fjrqWh4at5IpJFSJCI92Qo2kgZwOfXkkHOQcA9K5xdMjVnRoVIBAY44xk44IOemB3C5rtl1CNbeRQzMShAweAMEZO7oR6egzyMY5kTKrjg7dww3XIJz0Ukg47AE9hxmrlh6aguWCvZWatumlazWu73XrrYxjjKlk1Vcdk05R7p36durvZW0MDXtOWKymZPLGyI4Ixnbj7u0+5xXnmgQBrlmcMAMqo6AFnHVR6g9c/xD8fWNdBbTp5MKAYzjLfNjoDjaPTB+nTOa5DwppxneWYBQOCuBnLK3JPqMjndxz1HNeVUoJ4qF9Et3FNtu6tZK1ra+7bvtax9Hg8Snga05O7tou66d9Xpu9Otr6dhZ6YECARqWYxqQ45IY7hycHGDjrgeoG7bPqNiInwqBOApAVCVG1iOhx368knj2rsbawSU2hkbEgK7iFwF43LjPzE84wTyCOSADWfrNsYruUA5VWCh2U7W+UgjHOODwTn19K9P6vT5d2lpq+XtHpe91qnd6PRXdjwZVpR5m20m+trdFbb03Wq30djmLW38pMEKSq8HIDHPTAUcEDGfQZ4XbzY2SFkwq4C5OMFsAjABOAMnO7PIwPUVcS3ORJw2Q2QMYUAEEkdd2Sc4PvgVKsKmVG3MzbCXJAIyFyAAMHAOBwCxIzxxXRToxUVZ30T5lZJtW62vvbvrvptyTxOurukr3V1e7joumvdbW1vfS7aXtzGBGXJVlOefmCnJ2DoMKFABGDxgHiq6ojy4VNwYA/MOc55yAMY5yRzx1Dc5dFGEOSMFgNxbIGTjBwB83IJwSBnkjtV+JFVgQu4FQox0ySMjqCc9evQY681106SaTUU1otruy5dHprbvdW8tjklXU7zUu63u+llbb5+Tfe96K3YsoABV0xyxGDzkkdgBn5uo6gE5pL2KOKItEMkgKPvq24A5JPQYPGBubkZx26K0sz5u+Qg/uwMEYXaQR82CT37A44z0NZesWwSLAO1SxBYdFyCccDnGDyRnGRnoKudOKg3LS1+qVneK23Vnta13e62vjTrSliLau7STfb3LdtVdXezWq7nm+kgSeLNAhf78muWPzDOP9evHAIz8p7jOWPcA/tlo0EDwLHFv3TzWEDE8lx5cS7TnnswPYlj2Jr8WNJCxeMPDbhcbdcsfcMBIG55BJHRgOn94jFft38Kkk17XbS3kVFgtbiG4YEAkqkcXB6jjjp05Hsfi8wUY19dldt39Om11b7/M+/oO+DpRvdytprdqybt5X3a12fU+BP2wfDNtoXxXnhs4YII5tIs7jZEFw0jRruJB4Dk/Nub6Y7V8gS5EhDABRj5WHBweGPXOD+Bz7kV+gn7funRWnxfinQ4il0K0dVXIHyqQMhsdCTuIJJPIJGa/Py5ZmdQEVRtB3DAJx3we+eME888HPH0WCqRq4Wg1f+HFaLmStZK+lr2sltJ79EfL4unJYypFt2TvbS1mo2d1ra99t99AXMsqRqVG7ZHyOGLsFAx1689cgjIxX3R+z/wCEdX8PajZ6jeAoY3s5reEttYJMQzTDaepXqg5woPPWvhCzcG5t1O8f6RGwOAcbZQenPToRgYOM/ezX6bfC3UTqk+mRqpcW6adGwJwC4VeHP8abWzgjGc8YxV1nJVKWilFtvZd0klrolta2+ru0SuSmnZ3leOt9temlrXS1bvp5WPtyK4aUvIiHa+3LMThiygszbtoGT/FkEjgdc1e2FVG1N4IClQcsDnoWxhj2ydpHAzwQKdpIWO2XbtHJXB2qVA2kH8B6DuO+dEOBhkU4GVwRlWJ5AwMkccgnGByTiupOVl7unld6dfPXdfqj1YVF7sld6p3s+lr9rdraO70TVhmx96FMhTlOFAK8dDg5xz1xkdAO1Vbm4VGEYKl8HCqcgkNzu54+btjjvwTVppASHTG4YGFZgdwAznIG4AcdPugcHmueuiEl8zaSBuXjglmYgIx4IH4njnGM5OV+6rer0vdW6bPqk3pr5pvqdWFkr76Ws3a3K1dN9HpfZu2mp89ftYS5+DeuDGf3sBcMAAu2Rcc9+TgAYXkZPTPZfsubv+FH+CBJhEWO7JDjC4MxI2kZ44HLcjGQcYFee/tYzKfg9qyueWuIFKIepDI21jjJwP4fmOSV6Gu+/ZcmMnwP8FxYCq0V2d7Z+75xJ25PX0HXP5HHlf1n3nb92mlbdXjfe+jta+/3o66E4uHdXWvXXltt91vW+tmfRsQRgwztYNyQxIePttbqOgB5wcAe1OcKwJVgoUNgsDuKkkZPHJXrgL0K4BHAjSKZomAbBUjbgKCw5A246EjrjjOQQOBUhSR0ZXIDFR1AAwAPQLluvJBBGOOtbtLvrdPq2r6Ja9Xa/wB1ynJ/yttra3prK72vd6X7O3V8W8R7kJwxVWlOfmXHuCO+PYdOmKsEy5X5ThfmVSQAVHG4jnnjIz179RmKJmRNgPG3PzAgLtI3OBjqMY9+c5xmpAXZUXI3OWAdsHcpG7OF4XAHYc+o6GZXa+G6ad209tNVfpe+i+a3taT01b0t29dN9fPW7aRAY3YS9SpJwcBgu442qSTjk5znHQdmFSLGWQJEqCVTsOMEsBhixJyF4GVxjAyGbHSTDRq2eVC42k7d5B+8B35OcHGR6EDDcFHQkli2T8h2lCc5zzk4JwR33Z9qUd15Nfp29d3bru98GnFpb6q1/lrp1bVrdW+mlp40lUsX2jcQFLfeG3lgFxwcn8sE9KsKsrByxYb1yFIABA685BXjJHXIzz0qI7THsBIYAks/JdjkgYzjOBjIxznnnAXe+wZ3kFdodiMjGQcjPUcc5Le+OKtJO7tvo9d1o9d9V16vfqgW6vfo/dtddNNt+l+ttru8TLL+82gELHLtDclj5LkFuc4B6YA+h4FfmD+z0rp+1B41cqhP9p6wN/Qo4lB3YHGMkHBHHXjiv08ADKEJYqqTKBllkyYm6BsYHHBycjsOlfmV+z7blf2oPHDDOBqGsDymAYyETHcpz/Fkc/qOa4sRrKg7aKb9H7qs7PVdGtEkrLdK+kI80altuVWv35o6X02289Omjw/iTGT8I/C4iBeT+0WDkA4AyM5B5AAI5xjoeDk18nyWt/ulDqFHP3mBB54GOo9B6c8cYP3ZqcFvF8NPD8l8sUlvFqBDmXLKueCTgEjHuOjdwefHb2Lw3dLJ5baSGU4IB2Hjhd2VPqeQMc88Cvm81bVeDk0peyg/esuiT6NW67PXTQ6sLTiqTtzL95J6J7vkvteys+zta3e3y5cwXDITKiHaCVAUAkE8jIOBgAgAcd+/P1F+z7bPL4b8bKUA26Hc5QDcOI2GGx75PTtnpXnXivT9KXTrua1itxLFGu0wsTw2eehyD029iTjO35vTf2e5pRoPjRUB50mVWIXkZRgcjHUglWAPA44rzKc71I3fNZWsmrXaVrpxS66pfLz9KjH3ZayVt73vur7xi1fXXp0R8eXq/wClT4RQq3E4IOF584qAcDg9MZ9s4xmqUgV+dwHzEDGSAPu5xzggc4z17YK10OqQbbq6Zo5NpubnJVSCSZWHb0Jxt5OeOcc5y2pCiQllDKQVx0OOCQepOeT1Bx7Y0lRTVmkrO+tr3uvNN6rre+3Y8+OKnGqox5XeSVmlqrpXSbTStZ6aJvU+gf2WCifEOwOeA8zE46hExtB5YZ28gD3PPTjfincxn4j+KwVCodanyZAcYJJyMA+54B9AQK6z9mNxH49tCP4DPyVx8rIVGcgnpgDPA5IxzXO/EnTZ7jx/4ofAdJNVkPChioJALDIyOB0HXpnGKwjBSSTkrtpL00vdr5rd7aHuVJf7NSlO3KrXvrbRLp89dXq+p5/JJbk+Wvk4duPkOeRw2ACBgnJGcqMj0rX8LRldVfd8wDQgdgP3i8gZ4AGeg4GBkE5q9P4agjs4pC8okcHlkwQeSuQ3OPTjJHPy5pfCVpINXaNtpIliAJzwpkA5yMDkA+oJ745zxNKMIRbm9ZJN7pWt5LZuya9NdGRhK0J1XGN7pNRelnZJbeaSXNdafefSP7QRVF8GrHMsRPhe2wEJVm4AYEr8w+X0xjB218nyhPkIeRpMk7mkYDJOT1xtGeNxwO2fX6/+P+jXNxJ4OYsAsfhm32MqqCCdoYYJBJ6EHjgdwefmaXw5MVYrIGYocJIn3Tjk9DgHJ5zk+uKzruEnyXWij7z1s0o3fTV+S1e+51wvFuSTjq2nsr6NvlVrWaXV3trZWMTSpZDd6am4HF9EzfMT/wAtFHHUdSMDcfpgDH2N8dmMXw38FFkLh5h8p+UDKH5uQSAe4I5xgHJr4/sLKax1i3jlAJ82DjHQmZemM8gBs59PQE195/EDRote8D+EIrlN8aRx4AJyGRNoBI569x6dutYS93C1NErSSSbSdly7PS/e+u77JmsXKVWlK7Wt3bS6UYpK2uut7rTXbY+DpDG6qhR1+YrgH5VByBn5emc4PYYAA7VLS2SG6t8l932qAjPIG51yCAeOfbOe/XH0kngLRtuZI8OcnAbHQHbknHGcZy3fj0POaz4N0yyht5oIWErXsQDhsqw8wED+LptwQR7968+Em5xu3FWSXW9rNp+bve+l/K912TmuR3d7xfa+q1+b76derPbfEstuPhPpFo+7yTqayMwzwSB2Gec45GcZIyc14A1tYSiUeZHjkDI+ckA45zyWIHQe/fNfQ/iqycfDLS4pFfb/AGii/IhbgIBkkgc4IOBuwACCeteFf2Mkm5jKyoVfZuTOSPXODn0bJPHQkDHfVlTi03KLbSad1b3rW9d77/Pq+GLm9lKzV7rpqrLvdpp7J2e/Rc2NGUXFjKuAou4sbQASCyYPBzyDnoOnavt/x9ZRt+zrBEpTP9t25YsQWRdoUqByeepx34Bx934tSFUvNPgUyHF9ArHc5U/vBtGOx554yT2zzX3x4x0dJPgdbwmJpE/tO3Milm53KcjPXPQZBGMcdOeCUmqsXFpxd7+louy7PS23e927nt4SMZYWpJtpQlHmu++t3om0uvZbH5xT2bRu8alG+cAEYIOe+fQHk45PYHqLmm6fJFKzPkqDFJ8nGD5iEBu4AweTwc5wMHNHxTqdjpWrXmnx2jGWFsghyVUEA7QpGSe+c5xxkmtTQL83VheXGzASNCu9skHIOD1OcjB9Sep7wtdXJJW2Tei0+7ol5t66F8ybSUlfdLRprT797aPqfbPj+SNPgX4amI66qhJPcGNR8x9RtI69Rge/ypHeWRCkH5ssThiPXoOASCuDjJJ4ANfTvxDuPL+AnhlJF+VprS5yR8vzkhs5x1AySM8HHOMV8jw4kcOI4uMqnzYDA4yRx+OCOehB4rLEU+aScUtl5dY9/K8ne+r0vfXbD1lTVtW+dt6bO8Vomvn0fbex0+j3UMl/CgJIHmMpK7sn23Lnjp1J5GcZxX6Da1PDZ/s5RzSWwk8uS3JzyG/eNjO0kjkDrgkHAr85tLmSLULVGkVGww44OCV4H4YyR+BINfof4pZP+GZ5WaTbtW09MNliM5x1IJzgA8HqcVzzgoUZaa9fJ2he2l977Pr626FKM69F66Sj01+wrddbX09LHxmdZsJBt8tkL8hBllHyjHQcZzzj0A6YITRHtjrGnoj4E17E5IXbh0kVlHOM5JxnPPIJJ4HIoVZ4yGyrBMkAjaDgHPQnPQdfy4PT6T9nXV9IUSKGF9CCFHzFd+SpxnkZwMZHJBG414jnZ2/Tf4f00WrPbivdduie7s73W6Tv/S6n2p+0eLV7P4bvlGY6HHvJz18rjA5PXIIwBkZ6Yr5ljeKKSJlCZyqhR6854OBjv3IA9hj6F/aTdLPT/h1KVdkbRUXAG0Z8oAjA4AAIAxxkHOOp+XINXsnMSPI0f7zAZgWwPY4HBPU8nk8ZAz5VRSlJuC91WaSu1o1+L012u15HZh24wgptXstW3e6ce+y30euu257x8CXlk+ILxhciRiOCcYAyB0zkH3yTyQAaqfHq1nX4i69tiOFNs27gnmNcdcceg4znJ+Y5q1+z7cRSfEONo5FdWZjweDtXOckZ5xnIPQ54wcavx1mto/iR4gjmdUk22m3c/O1oVI4/iBHJz0IyM8Y5cXUlCKdt1F2Wr0aWvbs+q8rm+FhF15SbVrNJ9LXV/wBLOya6Hk2l3M8VtOrJyqqe3RQD82OOgOSSR1y3AJ+z/wBl9mkGsA4P+jXTHA5G63kJzkjIPp75J4GPjW2nsvIuEE8ZZ8KPnGSSOFUfUDgZPJ9zX2L+yyVkTXAsgJ+y3Y4bCjbbSYbPIz3JOeMg8g15c5udCspJxvb3rW0Uo9kl89G+uui9CpCMnDW+107Wa5lfve/fS7vs9X4VfX1tB4h1NZVDhNSvgVJ4IW4ddxPHC4zx1wCCeSOpstWW6vbVYkREAiVsdSNwyMcDnPB3ducVx93olpea/qZbVLWF31K8LBmIZMyuCO+CRnB/unruxXeaT4Wtbc2kker2zfMhPK5AVgdoHXJxgEYOTtGCc18lmboRhU3k2nZqLumuVb21drW232ep9PhlZQs0l7tmlfX3E7tJ2v8AL3uutz6r+GEzC50XPyhtXj4wecAsASoIzgd89flyCc/2A/sgz7v2dfBC7flLXpweq/vlJONxGTyeC/JHXoP4+vhxIkUujneH26xGBt53BTnIxx/dA45Gc9sf2Afsfvv/AGdvAz8Dct8cscD75IyMYbHUYABA9Oa/hjx3u6jeqU3OL1d7c8Hrp131/wCG/V4q/D2Eg0lbF0Gk9taU9lrbdt+jfkvod5MOSQCMggMSVzxnIAbkHgehzkioWk6gdVyQQG7nqM4GeDzg5ySeDmlkBBYb8FgRkDO3d90ZH1zx9fpBsZSCCSMZY8c8jAPTBK98c/3s81/JVbl50uVpN2T2T0jqvdWlrPe1/WxyQimrvTRNJrXZO9nrrpd9U9tHawWycDAYBSc/wg44yP4sdRyMkZJwRSs3GWwR1yQMY5G7JACdT9eeeCarlXAzjIOSFJ5wfUkYwMjGfl9MDFL5czAYK4IYBSBz7dAAOMdcdcAmsHTTt7tt9Ntbq/XzSXe3nocjdldWvbXS23bdefyu3s95BtyDjOVI7Ed89T055HGenUCuznCBQPfHGADjaT1yw54GACMY6U8RSMQo2lgRnHTrnGMDtkHrjnGKeLUscljn5c4GSTj0AYj73DZ+UHvmoVK9rK2u+um1/TXXrd99irRitXfW+ifdNdvPRW29Su3zEEYx04yOM/jg5GSByD2GQQENk4wVGMAMcd8k9ev4YHpgVdjtPV2Gcrg/xYGc/d4IHUnOcYzTxZDG0SAA8rjKr0PYAAIOvJzgnOcVm6S0Tvd3as2tdEne60vputE9VsJ6Lfokt7atW266rRPV3WmplMfvEYycNwM5wM/QgdeRzwADjBaxcYUMAwxk4IwD7DKnsOmevAGa2f7OySSRhht4A4AJ9cY9CPcjApn9l5ZgrEjIzwxzk4HGcDI446E+nXN05O7vZ3V3ytWVldPrtffTV2XUIzpJWk76JpXdraLsru706aaeWPuIOQwJIxkDjjpkkdO2ASckHrQGlHCuTg/jzg4+nTjp079NM6bjGzC8j73XHHGQMjA6AY65PJ5adPlJ65AI3ZAOeD3PPABHHP021UINWStr001ei6K+i807d9LaKdLSzS0vdpabXS0ej1euzu9d3nF2A+8AcksCCM5JGc91zyP9rOBnim+bMpHBLcDOSPXAxnOAe3J+pBzrrYSKMgDnndhcY6jGOm0kkYAHOcnFTpYkfMThxkhgvfHQ4GTz054+mTWsVJaKKlro/eT15bptWsrWv2v62n21K2jT26rW1r3str6/K2uqMZbmUYYlgQFxuyTjuOc4IHXrz071ZWeVucucYz1H8wOCRjnv3OMnRFgTyxwfTb36dDzuPqMZ49su+wYVVy2RyCRkHHXI3D68k10RTaX7v1Xvat2V3d7J30vZWbutTKdSjv7qemyvp7rtttfVN97lMTSY4DKTydzAntnGGGR0HTj5h2oE8mActk4UgsVXjPqSxBIB9Rn5e9aB09zkBQvQ4A3HAHODlSRnJYYBxwM5JLm0+Vj13tnAwBnvwSSAoHr6DBHetIpq14RjdrXTRe7pq9Hvfm2WybMPb0Fu48v2bre/Ldvy10sundoo/a3IJ3OnIyTyeO+MZ55yCMjGBjrUouSNu2VmBORg4UqMfNnkdSR/gDmpW06UDOxsjGQR05JGMfeOM45PselR/YpgAvlvjleB83IHTqMjdnkdefat4Qu7ckdUuq1fu63u09H0d3ptuDqUZqNpQV7apJWty2u9bt/etbWRJHdSM3+uYYyAAcgjtyOOTxnHB5Iz1tRXbhQBI7HPBZgTk5yCGIxyOhGAOMYwDQa1dMFVbDf3V+bAycHoOwyPUY96esbHgnkkg7hg+3JxxjBBHoe4IHRCg1bmSu7JNJ2Wqvu+lkr+mjbsplTg9OZOLtbZvo276+bb1XW9npqC8l6kbgeOTlsYByQDhT9e3uRiUXpI2uoIyc4JY5xkYJwefp8oANZ6xuQGzwfT5uRkdeMdsZHoeinM7JkAA85OWCsPQ4J+XHJXp1I5PSuunh6baXKrK2lnukur1v1S9X3RyypRT+GL2tZNNdL6aLol/VtEXSkckqw5IxuJx2IxxwwBGTntkZxYFyBtU85B45B69fuknoDg+gAOTWRHG/RsZOCPY4AbIHOO+VXPUYOc1aA+6FJBBzxjPHPU4HA9iO2BhcdtHCxuvdjbrppG3Lu91p5rzW5hOMVduyS6JOL5nytWto7pXdkrdXa9tNZFxwzEk++Qp5ycnBx0xyemSMmrUb7sbSRg5OTk/MOiZyNw74HbGDgVkAc7h0O0bRhhuwOe+c4P+ycnnGKtxn5TnrkAkY5OTnOOhPU4xjOMmvToYNt2UU9lqtW9LysntvvdJ212RhOLa9et9NXHXVXtbZOzWtrbvbgl5Byc5CnJ5I6kk5G45AJHPXP8JI24XBBbgMcYBYcjg5XGQCcY5OOehzmuagwCCCR0OMYyQOwJ6DOTt6ntgkHbtyCDhv8Aaznn+XTkcYByB8wr6PB4Pl5VypyfvS22skktfS/RWv0R5eJo3Und62s1s17trPu3q/Ru6tr3fhwf6TMpOR9juCR0OTBIAc5zyDznn2IwT/F/+0lJ5Px7+KiA7QfHOoADcBkG5c9e3DDgnkHpzgf2beG5v9JkLHJNpOAG+8B5Mg6nHp3yRg4HXP8AF3+1K2P2gPilFG4UnxzqBXI5Lec7fKRg7gMkDsVJ7iv6S8HY8uY5XBWf76q7296zlRWrXS6dr/pp08JwUafGCereW4Wz7NVJ3Wj879PJvRnz/r+s2tndXSmcpcoqyKN3zNycc9ME8Ed8j1zXmOtatDcNC7jJVR5gZfvl2IyeeevPQYGM8k11PiLQJ7u7uL6RgS7eWQmctjgFQM854IHXBPPfy2+jnNwtuBgENlnJJXaxxnPQ8ZCr8oB+mf8AQfAUeShTSWijFyurX0Wve9tNO133PxPH14yxNRSdpqbSTey5rp6q972V72unfW7fs3geSSC7s3tmjAaCWRieCGIIyCCpBHGMkA5PUfd722eCW4E1zaJti3gSOCWcu2A5Zm5IBAGe3QenmfgeGb+0LONwdhtnIJfIJI+nByDjODzyuTXsVnbS3skFpDCvmAkMcHcVDZBbvnAxjnjuDmsK9Kn7a7g0trtXe0dPLW73W/R3Kw9eUYcvNbdpLVXtHlsrXV3q97O+lyr4lsYIvCfiS4gVlVdD1DDfdHzWz/Q8k9cjntgGvyu8PwrJ4W1lZJN7DXS4LMSFGzsMjADfN7ZA4AAr9cPGGmzr8P8AxQszPGw0i+i+ZQAT5MnCAZBz35B7AnkV+QuggReHNej3Bdus4DEZ3Hpg4BGc4JI69RyTnryeMPrFdrVRty+nKld6va/46kZtKbw9CztqrtvbSN079drddb3V0l7L8IlZf7e8p9qx6dflwgy3/HtKMg5x0PykjPrkYLfL/hq6jXUr5ssr/br0ZwcZM5yWGMZ5yev86+mfg+0ay65GZCFOkaizY43KbeTGAeMMQDnPH0OD8veHGMeq3m0pgX92TwQSPObvjg99wP45NezGpGNfVaJQVt23pqtbKzaX3PtbyZUn9XpvmvfmT2bd1G1vn1d7977fYEd+x+FmqxrhmGlXAclTwCWHPqR06hgeg54+Vvh3BuE5Kgs0owqgEsWY5AI2t8wyT9fbNfTBuEtvhVrMhbJfT5lH+yc889Dwc56n5sdDj53+EcsbyuJim4Nu4YjADAZyPQD3KgEAjt2NwlKLTadtXa9l7qSd/wBHo7rW558aT5ZNpp89t7rlSjdtbp9E9r3Xe/umt6fDF8LfF10chwsIIIAIy4JHbOBkEnoAc8187+B9Jj1HUNNPlgiS45zg4BxgEjqCvOMdOcHOa+ovFMyH4XeLmhAWCRoxlhuDAsDwCvVRzk88ntnPgXwsVH1uxjD5XejDHHMYGflGeN2M4IwDzkZpUn+8aeytG27b93XXXourV2vI1rwjGlS5W3ot99XDz10/Fu9937t8Sfh1pU/wnnuPssa3CaxCvmIoV9pIORj5huyTjcMZwODXxnL8MSZpVjUPGCDH5pXDnAPBPQ57bh9STgfov8QliPwqlLNsb+2IQvzHLHjIHXO4Yzzk59TivlY3Dx6laW6IJITIpYMwPDEFT9D/ABdDwRnB4qlQp4h1nLo2029Wvdtbpbfvb5a5VKrpezcVo4p7O93yrW2iWi1VuvfX5p13wFfaTuWW0aNWbCyAFo2DLwAQMMAOgz1xx1rjp9BMYYP5iMcA7S5Py89COSeuBkL8wxxX3v47s7eTw1ps7CMNNqaxKqKOABtxwMgYySeCOT615Qvh3TJJCzwxkyBgxwoAbJwUGCARnqCO2BXC8HCbklZcsuWyT6OO/wDwz9eZnXCraEW9OZNrTRO+jutdFpdO+tk+p8e3GkyRAkTSIHJ67uAMbgTyAT0OT275FYjxLEQDNIOwIOeuQTjoxx06+vANfW/xC8DWFpaaTPZKR9rjYyMBt5Xr8pzkjJySD1wAeK8gvvAF15Bmh2yZUtwoLBSM8YGOg67vTPU55quHVO6ildaadWra2fnf020abXTSqT5Vp7rWl79oqyv8rped9zyBnMRyL2RQQTgjG0jnHJAxkEngnoRjiohqrxYA1JWJHy7kGOOuTjaB3OTnDdTtra1PQpoDIjDAT5BkNnPQ8tnBPqOBnnqNvE3tow3IUChVODg7vTPPtwDkMB1bnnkVCM99+l7J6WtbTz7pvfuae1krXTV79Wnay6a3tZKy7rsdTF4muItqrcWz8Z+YLgjgAYI6EE8cd+Qa0oPFk67y0NnPng4xkjGMYwRz1yWGTnpXjk+6EgnIGNgG3kY5yeuSeeegyPlJwBnteXKsNkjnJOMYXOTtG3AGcZwPbJyWrKeEpq99tGtE9rdL69urXbvUcTok07dVZu6933ttXo10Xm7n0FF4s2KzNpNrJ0wVCg4784OdwyOxzyMkAVbj8ZWijD+Hbd9w+ZggJB4HGByTyuPQDaOa+cBqt9GQBcOD04OV+X1Az05y2OchV7k3YvE+rwEbZi6qOdwUkkEeuMjb0yDtOcGoeCpyd24u1t21e1ltft1vfRo0WKdkrO1tPLba6duvxI+hx4w07Jz4dhJyMF0wN3TONvJA4B5wewHJtQeLtLVju8MWshcZBKAg89OU4P09COB1+fh441NADiKQhsjcgyCeMZwTyCOhPGMAnGLUXxH1CPBeztpGQnjYCSc/7p5Jxu/IcULL6UlbRaLraz0fa2u130ersmH1qUdk1rZWSldadt7JK26adrpPX6CTxbopDl/CdngYBwgyCTxnI4HOMgcck98POvaNcZKeELAfLtDGMFjjIB+7jaDkcjjtjpXhC/FW7RRu0e0dsklsL1PQNlcZOOhwAPm47XIPjHcQjcdBtiB1KsCMdc5x909/Q57A1byiPuu8dWre8ndNrtt/lf1G8e7aybs0/gS1bjbrqtOlnb717Ymo6W21/wDhD9PZAeQyKAeen3QSuQMAYzn1OBu2XiLQoseb8OtHnAGSDCNrZIxj5BlifwPABxgjxC2+PPlKvmeGrdsABSDzkeoKjB5GM4HrnHOzB8frbG2fwxEpweAV6jkHGOuME88HGMjFarJ6U2k3CyttNq2z6O266PTa9nppHHStfRuyveK974eji1oldO/loz3FPFnh3Cn/AIVZoqMp52Q9sjqdrduMYGCc46ZuReMtAABX4VaEpBOW8lS23PPRDxjoTnv1xx4vD8etL2KreHHjPsQMnj5eSM/+hds9KtJ8cdJkJH9gSxMQQWUIST7tnAU98dRjOc4raHD1CX2oPS+s917qS1ldNd7em5DzJq2nn8Eb3bj/AHX+HS9j2qPx/okY2J8LfD78Y+e3UY6ccoOT34Hp71aj+I+io3Hwn8NDjIDW0ZU9j1Tkkd+pB646+If8Lk0eY7pNJfOM5ZUBHbHyg5wDnqAOc9eLEfxW0NzufTXKlTtTaOGOccdicn3Hy5zjNV/q3h4NWpqWiv8AvJStrH+9316b3e+q/tNuzbs20leEbWajZtbPotVu15HuMfxQ0wKc/CjwwCcD5baElsdOdhXrwMdR1OSSXf8AC0dPd9q/DDwqoIxxaxYOOGH+rAwDjO0E5wTjt4iPiPoxO1bGRVJBxnK5IHYYAz/ECoGTwMcGxF4+0dn/AOPKQcN91QEzjg5POcewyemBWkeHcO7SdK+zvzNJxaWu+mnTsr9DVY6pZax1ttGN2/dV0rXVtd0ktL7K/tf/AAs2zwVHw38MJk4yLVDj3zt65xx1PXikbx/Zg7pPAHhwjggC2QAZ+qgZ9+pA7DGfIV8ZaKy4MMwGc8DIBHTkEZPY9QDxz1Ex8U6Sy5JkycAB/m47ZJ4PPbHHGcCuj/V/CxUb0k3olFSlbt0dtF30XmNYqbekrtWs2o9tL6JbK2+nbdHqY8c6S5y3gPw9GSxwUto+3uFwW69+NvX0cfGmjS/KfCOiREd0t4s7QBkfcyeACMjdkfMTya8tHiDSWTmUg8MuVxyDn5flHbGM4+6epJoXVtJZj+92ZHJZRyTjBIztyBjIzxnPrjSOT4aMlaje/LrdydrJtq/RaJv7rkSrVJqN56XWqWutrbK65W7J769T1UeKPDxO1vDOkqWHLCCMEdSDwvcADrkcEjmq0ureF5wwm0axQMcBY4gWBA5xwowTknJ74x1I82/tHSjx5qHJBznqoPPTGcDIwfvc46ZDv7Q04AFZkLAlRnBwpIB5LE9RjdxtI6cYq/qeHh/y6S8tL/Yflr1t96Wo1qkm2tu938N12vquvz6HevJ4PmUg6VAuDxiFAeMdQByRgjn6Fehqo9h4IuRs/syMFj97aOintxxn3IySQRjFcpHdaeylDNyxPJYg4IOAGGSdwPB4xngYFXPNsF2usufl6BsAnB5HTnP44JwMdRUMOteSKeivpprdrV2uul/NbMuKTspWWqeqd0vKztpda92rb6aUnhnwS6tttY0zhVAHKkZyPujGehAwOeMALWTN4T8JSAmKEjDEEY6decnAycYJJ9Mnk08z2xUETDAzuO4E8E9M4IAHQHaQxJJ6VEbmHqj8gZAJwhIA5JB4VhycZ4wevUlSoJW5IJabNOy0V7p6La9u/S9zZ0qcoprlTaSk723teya1asrW2vq7oz38EeH5FxE+wkngqDgDnO4Z29O57g88Cs+TwHo0nCTHIJXIGQDnqABtyT27/lW2bhGxiTAJ6BuM8kDnHqPcfSmG5OcBwPlwNpwuSMknjcW55yCcDqe2U6FF2aik7L4WrdLaWd12vuu6sjOFCPuuUW9VdJt2fuNO9ujequmk7q9mcpP8P7NcrFc/M3AC43DGWGe3OOeoHXHaqTeBGXBS5UqfvZJOGGRzgk8EnoCf1rsWuGDDZjaAMsDjnHrwcnOOMBepORypuXDLuIzydp4GM4yDnnDdF68gnGOOGrSh8XLZK3bfTqk3rbqultjsp4endXvrbXey0vot2nr0126o4VvBd0gBjkV8FhjjrngEZ644HB+U9c4qE+FtQBysQJXuFTcc4z34wcEDIHp1Ir0iO5DhmO0BemTxnrzwMkfocAgVqJNBtByrYRT0Kk855OAxJPcZJB5x386tNwbSV9d9933S6tW+9LqzqjhKbhe8ldrTRNNONmvmtNr212uvJDoWoxhv9EckYwdpU4B6gnrngEnPbvgVdhs7uAgvbyoCueFPyjIzk46NzgkZOAO4z67HJAwLEo4bnJHIPPIOOCB8rdDySetO3W7ZMg2rnKqQCT82V69cEHPbI4zjjBYhqzcUrNd/L0vq/wDgrpccLFK7k/esr6PT3fd3fV9dtfQ87tJbpVAxMg7DDfNnkAkLgD+RwC1dJaahcqMEzrjAyCSeDjc2CcEd+2Mk4Ga7KygspiVxHliB8yjjjqMHsNxIPGBkZNdfa+F4LkKYYo2kwAQmULA5GTg8+38RPUKVropVqkklBNPm3TdumiWmy7Nb6bDlQpJXlZxVrqy1tZ82m2mt7Wsld6M4zT9avYgNrysQB0JAGCAoPbnHGABg4rtdN8TamkiM8srjIBHm7doxz6ZJz97rk9B23rb4dX0w3QWxyepBYhfTPI4wBx+BxuArXX4caxEVKWQZsE5AJyw5xjAzgDIPGOckdD2whjPdUFUtdLTazcdrX7J2T22ffmnDBLSSSei97R293o1b7raW8raGleMdUBBYuyg54bnGQOWBIOCODjrngnAHoum+Nr3o7SLjbgncxJIxnBOCc5wOe545NecW3hXXbbOdMkADAttyCQD0Yc4GefXjOMHFb0Fnq1ty+nTEKvJAOSCSC2FAyMqDyPUdyK6PrGaU2uVzsurV77W7/PS2moqdPL27Jws7JJ20WjtbTXy276Ox7bpXjlxhZC5IAXByvA6s3T5u3GOcjoSx72x8aQ+XGry4AGQMHaw4GCSORnjJH3jntx862l7ewqpktpVK4DjySPXABwSR17Hg443cb8OsuqIJE2jJOHi2BsHoWAORzj2Byc9Kzea5nTV5c7ta97vtrpdpbq2isvM7aeDwVSyUoLRP0Wl7WbWnmultLu/0Ra+MbBi26RBnAIJYEA+pAG7r1JwO3UGtuLxHYShAtzEwOwrhsHBOeCfu5A+b5ccY4wa+XH1uEKx2oAclh0XaOpAwBznkdCCeOKVNf8pQ4hQ56YfbuAOBgcZHccY9c4q3xFjYpc9NN6W+JdY9e2zvZtPe99NY5PhJRvGq73bTk1o7p9Faya0Sdr+iPriPWLaQqROqjO4ZZWDE/wAKgHK4P5jg96vw3wYko8bg4wAwBUgnODkEk/xY+vU4r49bxXcogKo+Np27ZdoABOOuMHuRg8dudtZ1x471SFVEUtxGOW+WY4BHU8nJ65+pJPu1xRNfHh20rfDNeSu1Za999rabFRyWG8a6SUlurK147u71au9e6fZH3GtyzHblgSB/E3O0dMggkc5zkDuCMg1YVnf70hUj5VU5OC3I4IHTggdM5yeM1+fdz8WvF1orC11CQAthcsGXIIJOWJK9cE84z0A6ZT/tBfETT8rFc2twFx8siAHjOGPv26ZwemeazlxPSbXPRqwu0rqztdxs01ZKzd1qtVa2jNVlVWDupxajFLS+u22nS60ul1vsfo8dwPzEOwQneQWPQ5+Ug7uckA4A69qhwCxJkILAbSchQxwMbehxgHIPA6cnNfnZD+1t48s/+PrSNPuQh5AITdzyDgEknHQ4z24210Vj+2fOpX+1fCMZJOS0Eh4AOTjIBA4wABjvyKzXEWXS+KpNddYtPpe1r9N/S1jX6niEk1FSd0naSWicXZPR6bK71107/eRVwCPNBO4pjds5OST364yD0IyMA1WMcpbdIygEAL8+MEZAHHPQkg+o/Fvkmx/bM8D3e0al4e1O2KlcugDrnvjc2NoB4wDu+nTt9P8A2pvg5eqpl1G8sWbDYuIiFXgkZwGZhnk7eQQASe482y6sl7PEwV+kpuMlblbtdOzbSfXVN3epk6OIWrpz06KPNa9r2cfO93u79ev0CqSKWHJDdQGIAJyeMHOeuAMk5JPamsH3Z2OVGVCnovoQucEnGSOOc471wOl/G/4QaoVaLxlp8ZcDCzkxsWO0AndyGz3B+9+GPQNP8WeCNRVDaeK9Eucn5V+2wxvg9zucNk+4PzfjS9thKj92rTlfT+JFt7cqS0t01cfR2Lj7SNm4zSvZNprezS2WuvXW+2rsNNvsyXVyRhcDIIzjGQOAVPQHryQM1MlrKWLBWU4C7SBwASe3oCQSM5z0ycHsLdNOuQn2e9025UkFCl5byE8c4Ik5Yce+TzxWqmkvISqQqwUEjymBbjqDgHOABwOw9xnXljKyjOnJJJ35lorR00dn57Nt+Roqs01s1bbXbTzel7dFute/ER27Kefl25JdtykDknqOSew9x68WPKYsGJXAXowGRkfe4AOc+vI5ABzXbJozMw82GZFULx5Zxwc9R3JA6DkAg9CTZ/4R4SFX3YIwoBTAAI4yMfLke5Ax68iXh5u9ldb3vvoref4t2t2N413FN3tdK7u7/Zsk7adL2ev3o4uINgZPAPGDyQvXHfqRkZ7egGLYMyneDkkAjJI4AGVwTwFJzkc88da7R/DkyEsI92NqkoMcfxEKQCuF4z7MeMLQ2gTAYRGZjk52444wBkDC9eODgEnGcVw1sLP+Wz0vptbr1dr63vrrsddLE88037vNpbpe0bt3atda31vbR3sclHcThg2SSRgEEggt047Y5ycZwWA71rWupXcZG2VvvHKuxACsMD8ec9zxg9yNGTQZgc+UwbAPG7IC8ZHQDpwAMcbuOtKujuA29Q5LbznIPsBnORuzxwCTzxwfNqYapG7Slay0vy3Xuq3uvTa+mve9ztjXhZXV9U+jSva+1laNttFo9E3cu2+u3wK4nmj25wQzDOMgY55XqD09Mkc10Vr4y1eBkAvJ9vYOxZSexwSxxnocnnsCK5AWEwUYTGC3y8liM9cAZwOD6c9c5pxilUgso4AI7E9sYx65/wB4ZLVzqdeDXLNra62100ae9kt/w0E3RkrSjHXdb310te/Va+lmtr+uWXxI1uFUYTZwd2MnrjAxlvlPOcgDuM4wK7fT/jB4htijrdypggEKzbXBPBLA4zgjAHHvuIr5zjV15K9SDgnkA4xkHPA4I9McZIybkczKdodgCOTliMjleeoOeh43Z6njFLH4yD92vUjZaPnts153tpZfLZaGbwOGqtNwTfuvbZOydtFpo/XqrPT7F0r9o3xDAUQ3lwqowUkOWBAHQZJznAzkckHnvXp2l/tSXCBEuyJwcEtKg7Z4HQc8Ddjqc+x/P1ZtpDZKEqASoxg5xljjBxnnI+vSryzNtADMWPIbAJB/HGRx9PTJzio5/mtJJLFSlta9n2vd+mqab6aa2MZZFgar/hQ0tbRa6Rva1muqWtntqlc/TGx/aR8M3iAX9lZk4OQfkJBAOW4OD3bceeDnkV0lv8Xfh1qm4PC1vnBJjlQAkjOQDyVBHUDJxwAK/LpZiACWLEA9MjODxkHOfc5PB7ZBq3FfTRLvWSXGBnaWUBjnAOGGAByMe5+YGtFxTmEFFVPZTso/HBdGr2s/Lffv5YvhvC3vByg23a0+VfZ1V9Ha+i69up+pi638ONTA8rV4o3fkLLt3DsAc45GOx59DxVefRvDN581trOnzbhkZmRXIPI4J3AdMYJPXOMV+Zi69cptAubgnAIKyMMZOSpySxGMHqp3Hrgca8HifUYgpF/cxlsYbzHBDA9B8y85I9BnGBkih8USkrVsHTlpq4tp3snfdJNX1S62ZP9gShJOOJkvKSv8Ay210bt1a0v31PvTUPB6AO1vJBKrfMBFMpGRsAOAcEENjIBxwTx04LUvDlzAZc2rFMkqT1I6ZGAeD0xjH0GDXzRafEHxNbkMuq3aICpVjIxXCgLwNxwBzgZwcHPt0MHxZ8Txtte6aZc4zIVIIHT1IB56g5zyQMZ8PF5phq6d6U6bXLs07W5U91ZpW6Xdkrdj0MPl2LpNfvIzS6tNdIK/W8nqlu3aOmqPRLux8lgGikXjGOQRjJweGGOeDxngk8VgTQRCQEMR1JA4IJ5+bjkYxxz2wQMisz/haF5KAt1awzZ6kgd+oAK4x1/L6gwSeLrG7B8y28t+i7eD74wBksOw7jv8AdHg16kZpcsm/VNNr3Xq72tt1691r6tGFammpRWllpJPtskk/J3fkkrMlkhK8qVJIycseBxhRwDjr6D7uMHis2SN8ljjaDwMDnrg55IwSMfr1+Z76vp8wykm0bcsrN8wOO5A7YHPKjjHOapvcI5bZKr5I2kSAkAj5cqCcZOcg8g469a8qtRUr6XXVp6u/LffSys7b69Xu/RpzcUk01q1r30vrpHXWzWj76EbkZbk5+udoAxwCOvylgTz2yDio2+6wwvYEjGeO5UjoO5456jIqB2ZMMCSfoOQSMZx3z0wfmBYgkdWFvlYgg5A6jkYwSDjHOepP64482ph2npe3TrZ6S31v3Vk9rPRXOhVGpWjqm+0rp9VbRPo+rs+ml5iw3gsSCAG4J5A+pJIOR2bkrwR0lEgAI4wRgjqck8BuxHGe+DkkMM4pByWY4OGIKhicAdWwRlsDsD+fSgO2VXk4LFsdApJIJHBIwQMcYx0HQ8jpKK3297be/LvbazdktlfzubKatFtap3fa3udNr2i1220vqtlJwCOEyCPlPrkhcY4657ZHPHercVzk5yVAb+EnrjkADPPofddwxWNHGGCkY3dcfXPUnnB4GSOSegOAbaqQNx2kDJAyCfTOeCM4bj264zQoNLSLSdvxs79XZ2dnbpZNq6JqVU007JLva7vZWavbS3S1103OutLsAht6vkDkcKoGDhSepI456gV1FpqSZ+U56NsOPmOCQAScYA5yPxzkV5pCGO7llIA253Yb/d4P0xnBJPFbdq1wHGBuGRlsZAx0HGODk8dCPYZbppyS3vuvd30klpfdtXta93a7W6PPqe87rdPT+7rbW9trvf56M9Xg1AMqgFSGz8pPToQceqnkdCRnrjjorG8LmNBhlJwMtyc8kcY5PoB0GBnnPl1k7/KSsgwxGRkZHGOhx/eAPXAI54rvtDG941xnHzZYMASeOP8AaGDyMkc471tXqqNJ3b2Ts2m1ZR1a13S8+vknjGElO997aczV7WV0tnpda3to+h7J4et0kK7lLLzjI6YGCFGRjAHJJ5GRnJ4+gvC2jRSmJwxU+WuMjLD+7xgryM5OOPfNeReDbRZWjyCRlQN33TjG4qB06dO5H93g/UHhrTY1EbIMlguGXAXDE7sjG4AA4Ocbjnpk5/FeM86lTcoRmnd8rW3bs9tNVbXVnq4eEYRTas7J+miunr7vnorLukd1oGkvuiUkAgjZ8xIxxknjuM8nBxjBB4PsekaZIGQBmUfKSWGEbBGQOuc5wMDBBHQD5eO0ayMYUDdxhQwxgkceuMgng88HpzXr2kREqiMM4AUZ5YEnpxyDgEZ7NkFsCvynD4h4nEc05SXNLTta63WjTv6WvfZnh5zjZU6ejVmnur6qy8rPt16PXfptHgdTGAcgck+3OeePfIIxnHoBXfwSFApYnO3GAcnOSRz35zz259KwNLtcj5jtIAxnOAV4wO2ORnPyjI4xnG82FAGRjoNuSQAAOvYfNjvk+3X7bC4qeGoczfI5Ncq6+6lun1/8Be72Vz8kzOpHEYiWl+j7dHfbZtt33vbdrWbzC2Dkjd0Axzg9ueRng8cHvnJpBMUJzuPUDJOAcDg555+YZ98HAUiqrfeyDj6jDAYwenVTnHPXjOMVGcY5yOgGfTg9e5yMcE4GRn05KubuUrOUk115uZbJ9XbVNfpaxwRoppJJSStstd1azT19d/J9NBbkYwwGCePqcnk47ZH06HilMisoO7A/h5PPIHB75yc9ARzk8Vm7xngEAcjPJOOVBOBjOA27r3PNSKyEgElTwWYHOOy5BPTggghepHJrH+1mnH3lrs76/Z7O+um3XpvYVFK6s2/S+mm60v0b6XenYukjOcjJGSOgHQA54+uB1HpkYFbjPUHIJyRnnDc4GMdgcg46c4qqx2p9/wCbOCe5zjPbABB/2cdcDoW7hnILE553NkYwO2M5BA6Hjn1qKmZuT+NpO1kneySWj0u09db+t73BU+mlnrottt72e9/uV12tBwBwBuzjPT5RywyRySCeOAxA9eWiQcgnB6gEnAxgkA9OeecDGenANVGcEHcTu7cYBJPTPGD15xjpTd2TgMCCTjr1AGSeM/QcZ59DiHmNVOym9bp6p3TUX9nTRPorve3UapaK616Jvb4WntpdO3XXs9rpnAA5AIyepI4wenHc4zgL+poE5yAM9znLDr3wTx26Dr35rPd8H5SCO/HcZ6DhiORnkY9COqMxySDjtk/pgYH3v9nGM4GCc1KzTERldVZJaWs5XSTjbXXZW0fTRbWGqUWrOKeul03pdKz6X220WnoaQnI6MST8py2CPU8nA6nODzUouWHIfGeh+Xr7NntjGD6jFZHcHLE7c5PGOowM88fQ9+RgUoY5xubGBzxgduTkjj0Gck5B7noWe4tNtVqnRt8803drW3Vp6u172dtgeHhpotbaOy6x/u9HbQ2ftsi4ySVz04754zkds+pyenGKeb5+c88dQNvru78gjjjn3z8ow2Zz0ycjk8EAZwSM9xx1B4xknkU3fI33s4yCMkAbgM9ugPRcjnPeuiHE+OhtWqtJWs531vHo/JPtbbrrl9VpPTlgnfV79vK23detr2N0XeDwuQuM9e/Q4JGT79eByOcjXSnpjbgkn5eMjsMgHGMdDjjJySKw/MkUg5wP4j3JPQAgc/XjrnnjEil2IK56gEZ4Bzk8HoD0JzjGOQaT4pxiu3JyXupt2Wj5bq97P5b6LqRLBR5bu1t1qrfZ6b797J6J32Nr7YoCg45HQDdwD1HbPqCM8e5pDdBjyQCeQAMnA4wBt/E5HTvk4OKc5RwT22ljzwST8vGAPyA4BOeV3SclSd2OCdvIIAGO4zkAegwAQSKylxVi5+60+TS0d+127JPT8G97qwRwkI9VpZbf4Vb1tffy9DbWTcMq+eecgEDr1xn06YwO/GMoTnn5cg4PzgAnnDduo5x0PPXFY++cdC4POSMbmx8zDP8A47z1IPXpTFnmCk5fBzkHO5s9CMnqOpwfU7Tupf6xztqp3tbd9eVWSs27/h67uOF21S26vrbfyvbdaPS1zayAMggkYJwwOPbrk85BHHGR3pNp4wy8cYyTnpyzDrxjpgeueozBM33mJ4PPIwMDnoDgY74wRnjJp/nNkfORjJBI5K544xxjp1GOcVDz+6TcZ20erasrxWnaLdtbehf1ZpL3k9ruz2dnZ2d9Oja7Xvs75Q5UgjAGdpzjd0zjJ28Dt1OPSoiNpAJO7nOR6g5GRkemMH0OeKprcP8A3mDcdG4GQccbjwSfl6Y54x1UTNldrHIyDjOcenGPmx6+pGME4wlnivaz230emisnve7fnrpfrPsXtorPRWb0dtH001T8lt1LgJIJ4IPyg4wT2wCMHgA98HJ9RShuMck4HOeVHUjHHGcY6deg5JqMzAA7jtJHJ7E8jgds7QCcE85J5BjaZlJ5JHLZJAHfn7pwM4xgdckjIxUvO1G3Kp6bL5Jp30/L9GNUltd9Lvv8OzenV2XzabsaGWHOQwBxzuxxjHTgckZJ9zk0ZLA5bJ+XBOMD1wSATnB474/h4JyzO+7q3GNxGMDJK9jg4PbBPsKaLlkKjcTngj5Tz93sOpx1BbGcYPAPRS4knDlS57dWnorqPZv12a7pa3Pq17a6+67O17vl6+dtlort6bGuCAQvJGcAqcDAyeM455JwOOOo7uBUH5iVJ7YB69eR6AepyOxPTLF0zYztA7jnOctk984HHHXIGeSal+0sTuGQGJwTnpjPY89FzluQeO4rspcQqVnzSjot20t4/JK+nS3fcmWH0eibvo29Omys7tJXWmvzRpltwOAM7ieeC3ZeNpxg5zjB68HPPh3x+cD4cam/BC3NoPUbvNQHr06HOcHnA5OK9iEzkZ5C9Puk/nzn5sEjOCOy8EV4p+0I7N8MtUKcsLq0wFXH8aMMc5PCjHGRgdCRjor5k8Rg8TFXtLD1VbV3bgrX3aa89Lt6Xdzu4fpOOd5Zt/vlC71drzj92mis+non84+HIFibUpSFyz2kiqEJCh4kAZm55AJxznPRa7ywIh17TUjAI85SzD5QA4zkjkLnHUjII69a8dtfHENlBf2celzPItrbyTzDAUYiTAyTu3DBOB05zjGTa8P+Nb3UvFmjwS2TQrNNFsKuGJUcbnGAQegwx3YJwCDz8xhqThVoOKk2q9OUt1yuM02k9G1Z73e3U/b8VhMXKNeU0lBUZNe+tVGEb2T12V9rWelrtL4p+JlwB8cvGjYDBtQnfLEgl40XGOvTkknkHlRXMvOp1IEsu93UlmJALNgEcY4yQOD2JOM4pPiZqU7fG7xkFKr/AMTK+27uh+UDvweAQOBz06c8Qup6k2oo+YFBJAU4KgAkggY5Y9+cdWHevZqQdWpOScUpT66O/Mtmlq/eTv8AJ7H3OChKOCwiu/dwtFW06QpKVuvNa27fz693c3Umn3L3IMUojuYWVGwVDIy5OCeOc5PJ4PJHFep+J/ip4g13QrPSJrfTkt54Y402BQ4EY2gj5cISCB1XceTnBNfMmranqrLdMWiZVlj3KuOMMMcjJ5/TcOOQ1az6vePHZjEW+KHPUE/cBAyRldzDB5IB5AO3JX9nRrSpNx1g1vd6Xi3q0r62eut762NpUqc5U5TSlyvmi5JXu3f3WtOrWiaZ6fYSzXfh3WXZLdXaSMJIADKAhC4G4NlQy5AwevXnjlre0jt9SZnvW2y2pZkAK/N5eQDgdScEN7jHTjB0HxLqiabeQlLco7uCSQW3E8DAzwc4HOD+FUotb1O8u2jjS3BRGWRmYFuQQF9ASe3PTgda9ilhpUpQjCPuXg3Z22av02d1dtXvu2jhqxuqt5WvNSj5K0d9VJJb7XV1fXfq/j4yH4eeAMTNGvmXKk7ckrtOQDwctwMjtgYOcjxL4OWttN438LxpdybZ9S+cEljyVCsCc5IXIG0DkZHTB9A/aF1C8T4aeBG3ovlz3SjpgfuznAwV54xu53cEcV8/fAXUtTk+Kfg+2llEsLXxbawUDghgAe2OvpyeOeO/EUYfW4qySbprV6K6hqrdE7vdJavRk4KM/wCya7jLltGu3dK/xu1m7uz5dt73emh9JftZacYNV8KwDUbp1jjv1VjKWYbpXbKgkkA5XOO+RivgHxNphN3bRPe3sm2MvnzW3fMcgDBI6Y6jPQ9+fuj9rvUXh8R+G0KElXnQlGORvLbQw7k7sgdPftXwP4s1wW13bs1rMXMMgOWwwwWAbg8diAAQBgYPGfHxtJLE11HW84pb7JQs32V9l23S6+xw/JvAYa7SfJror25ot9PN7fPc7r4M2awfEzwuBJK7faJjtkkLAnymAwPUZAPQHHGTivun9vedk0f4WWIJIGixy7TgEMEPOP4j1XJzjggkdPgb4B6j/aXxf8GQtG8fm3kg3MxJHy/zJ9+uc5Ga+3P+ChN+9jqvwvs0C5j8NmRgc7ThgN2CDxlueOD1yavLo8ma0+ZaewjaOjemr0V9rJq+2ul9+POPezLAxWs0qsui+xBa2slv9z3u0z8+Fg8qBBOHkVRv2gbTyCw529O5754GSeJ/jJqsksvge3ijlZP7A8oEEkK2V28HORgjqD/Q8hrfivUIIlWJbbaIwMYHy5VuQex5yMgjtjPNbfxau3sbP4a3cixyyzeHzMyqRjLurEkkDhe+ScnoOK+1qTp89NRimtFrr9lLVafD59dU1qSqFWM6blrfm15rr3oxS3Xq+qt5avGg0NZNPKTmRZGiYkFdxH7tsAEjGAPmbOckEAAcV2nxASI+H/h/ZK0sslrolyse3JIbzFYEqOQf4fTGMANXnA8TX8lmPs0iiSRW4bLbEKEDquAOPX5ugFdb47vLi3s/h7dEiV5dIlLlRtw+8F+QPUDg5ByMjIqpyUpUmlZJa7WatHTTdpaPt6InkmpQu7r3la+/up9Hq1qlayTtqkrrg2R1gJktmluVkP7xlR3GcMhfOflHPck8nJGa7HxhNOvwm8OA7lb+3LkKqxkhDgDgDqOeByT2BzXJ6p4kto32RWgMzhAyh/vKVy2enGRznknOeOvW+Lb1f+FQ+F7/AMkKX166Hkl/kHIIbacnsD0PIHBrppVYvmto+Ra23acWna2jvrZvte5jOE4ukrX/AHisraX5d2tE32u7v0R8+GHVJZoEBmlJ5jUEDB4JbrwF5A7Y6YHFfSdlfyR+Hbu0Czfa/wDhGGjdSdzPkBcKcEnHOCM447DFfOx8VukiMLWPzRkbkIVlQ4yVI5wOccjOM+mPVvAviaXW7PxQ1wscX9n6E8cUqEM68HnIyc7h2AwcdMZPoQlGVlo5RXndrR+t+20dLbmeIdRRU5RWjjze9e65otWfxJqz1va90rrQ4FtP1m9hfT7SK83MqSkPGxIzjdt3DBBwcH6cnFZUuh6zb3drm2ujFvi82V0KKnOCWzkjHPIJPWvR9Itr2606DULbxBeNcSzNAx27VjQno2cEjDfeJ4GcqBgAvfDniBdRtS+tXM1izI0jMilMnnYwycFuhPPp0ArroQcldXSdlfpb3VHRK19+Z6621RxzrPnkrRvZqOknZe6ldre13zapdFazR2PwN+GviSS88SeIrBIprZ9alhh8gtvZxFGWcnrgFuc8nLYJwK+oLXw14zhbfLFL8jKcyzsVxuxyC2M5OR1GdpxyMeE/AfTNS8e+I/GXhfTvF2qeGIdEvTcCPT8KkzPHGpZlDAKzHHY888cV9Ev8C/E0cZL/ABS8SSHcW2ktkAklR8x7Z9geRjivsMvqOFCMIU3KMW2rTUU5S5L2u09LpX1s77p3PCxtKFWtz1akYt2aShKVkox2sm72ej3/ACPkTwVB4ol+NfxdtdIjSW+W5s3vGcBduUQBQTgFecZyM5z1Ir6PtrD4mySqkkcUahQMOwCY6AABjkDp3I7AHgfNfgTwRe3/AMd/ij4fTxZq1pLaNam41GByk96Rsw0u1v4Tjq2MDgkDn6lt/gtq77nb4i+I8dF3StzxxgE8jvjnHGckGu/AV6tOm4qEpN1JtqM1H7autnr3eibsr2WvHj6NF1YzcopulSs3SnKyjCNm1dW0V7bX0Z8teI7HxpF+1J4NiZYH1abwrdmJ0H7qNB5p+b7pOce+O3dh9IrbfFPeqCKPIch3+UruBPG4k4GD2HoMDmvmnxF4JvLT9p/wpo3/AAmesyTyeHrxV1V5Ge6gCo58uMl+EYDnlR0wR2+o7f4TaxLhU+IfiB1dyWJkYNkngEhm9CAehxkkZOdqNWaqTap1HzTcuWM0ntTWun3vrps1rOJhRVKhJ1KelJJN0Zyvd73Wy3Tvs+VJ2av8vftP2viu20z4bS+IXtd0vxAsBaeXkt9oV4ioJxyucAKoySQOOcfQsMXxSlhR4U/dFY9jIqYVNgIyMlgMbcFsdRjI5r5t/ao+HWoaJbfDiS78W6zrKXHjmwgiS6cn7FIZYwZ4SWLbwCOcA5zknnH2BpHwVu57KExfEDxKGkigdkE7nb5kYbACsMFcgYBYBg2MjBq/bSjXnKMZxclBOLkr6KNnfbWz2s1btoc9anTnh6PNUhZObUnTlr70XpF2a/W7srNp+VfELT/iGPh/41l1baLFPDmpefuQElPJkLbVGdxH69emCeY+FUXjeX4feCxpNxO1mNCtRbxJGudu0D5iSR8voOnHJAyPTPjN8K7rw18MvGOpyeNfEt4LbRJ99rcTO0UwdGUxyAyfdYZDbh0yxPOD5f8ACz4b3l58OvCGrReN/EWmpdaVEyWdvMy29uirtVECnOP4ScexIGVqHVc6sdJr3Ypvnjq+ZXu3ouyXW/da506UaeDunTs6y3py1bjFtJJPXpdPRdOppeNvDvjK+8Pav/aty6QrpuoSOs0Tlj/o8mFYoHUbuRkYPHGPvV+Wf7PngLxRP4+0u8sbYTWiazqMpWJVEqRpK6s7gkEAtnkc5BHQ1+nnjrw7qOi+HdSZfGfiG8U2Ool45biRwxW1mOx0LjaHPDEYyOOSDj8uv2a217Xfivp1lBr2qWUd1qGoWQjtZ3QOHkkO5xkBQoyxIxk8jrSh7SNeHK5qMXF6u7esW/eW1tU7aO9+iRbi/qtT3YX5JNrkaUmlHole1rq2jb87n6s654Z8Wx+GLh4dNmmYoyQiOVd5KDceC+OFBwSQRjaeuB+PV3DPd/EjUU1HSpFK+I5/tBuGXKSRy7SpYnBO4cYJ4B6c1+vvxH+H9/4N8FzaqPGniG6WGWNFRrqZFLSEB9uD90lgB0wDyTivybvYJJviPfpvk8s6hK58zJYuxz5jljksclievJzXv+3qzUm0nBKKV7tc2l7N39dLadbrXwuSMVCKlaT35YtaXTu1JPTo7pvS23MjV8YQQ/2zbIkVvFHG0TtJuG5wZU+XKYzgjjoSc9DxXQ/HmK71LxD4Na1CPDaeFbAudyZKSQrxtJU5ztYfxZ74GVj1fR1MgaSIOdysrMm7cPNQ88nkcAdvm3Z4wanxxth/wnXhxRLLBAvhfSEdUYqDmBRkgHHzEccDsuOgOuHqcylFxS0S5rv3W+VKKVrfK6v1ujmrw5Z05c691TsrqK2ja9luktWls3ZWWvKaX4MvQ4u5YlZJsOiSMigBVIGMMPu7jjkHPA9K9J8UaQzfCvwnBMVjI1vUXUr+8GAdpVdufunr1GMH3PMWisujyee1wfJLGMlzwkYxlhuOMhsdsHOMjBrq9dmB+Fvg4QTtCJfEGpIrIWkKjcoIyQOvdeowTwSGrVP37vlUbO127ybs2tel3b3bPRdEkRRqOXW1ne8VZ6pact7vVfzbXPlc+CrZLu7me9IDtIVjZJMA5yfTjOeRz7Dt7v8ADSyfT/h/8UxFIJoT4fVGZF8tVAztIDYJIBOMdWGewrnrbTJbt5/+Jg0nlFy2+IPt6EB2A+TIz9444PbgepeFrVbLwP8AEmNjDKh0OAZUBR8/BVlHRhyQD0GRjkihTUmleCVk7N2enK76vS2r6q6WttVpKDcXFczTaVrLVOUL63lo73avbT5Hxbpk1uiGBbqZGm+XasbFWY43BcA9C2OOx4Jxk+8/A9YW8a63bxXDStF4D1wx/IdwJtmODjqcqTzznIWvJvs1pFJE7SJICdyCPEfl5XkDBwSBjA6DnkHJrrf2eNUR/iZ4qh3SbV8J69CGdyTj7OQAO3BPQY57LxnvhVnNPlSkoxber2vFrXbW7emmmmlzidBUpaycW5WTs31Taer3vdr7n0PA9Q0u01C+uIrh7mSQTXCoFRimDNJkDIxnnnBxgjkfNlbDwwLPUtKZI7qaOLUbNgrjAXE6YGcg+5JyTx6Gn6gkv22/lj1aaOVLm5MMSqNwAmfCqwBJHG3gntk/drHtdW1Q6tp5k1C4dV1WxRlPA2tPGGBGeM8YG3oOTXpU61S0YuMVppdyTSbj2d7q+1112V0+SpCnzc3NK997aX01trfzd9LfI+rvjnbRXXja8SSC63f2JpCqIjjn7DAAzAck7iMYxg9DzmvFLbRIGjBFneSMoO4TjdGwxzkHBOQOWG7AJxnAFe9/F2xlvvHl46TXMKjR9EKhCR832CEfMTgHcDx9Qea4aPw5Mlou+7u9xJLqGOR0x7cgAgjOFIJPJFJxbb91W326Pl6NppJvRpt7Np8plzQjaXNdxW6Sd7Jab3urrVdNb6nRfG/Srq48FfB+LTreN3GhXAljVS+zE7nPzDaoACkAc9OhwK8EPhfxM+xBGREGVyrRR7SOPlDDjIXPr16dAPpv4ow3DaH8J7SOaZSnhuYZLYeRjfSLjgk5IHOcYHYEHHIafo+peYlr5F1Pg/KvmOW+6OMk8rknjJ9Mc1WHk6NNtzSTbaTsrNuzT1bs01py7W1TeudeUZyjaLk3a/RapWTS1Ss9lfpqlqdp4N06ez+EPxEheExyyxW4CAquQVxvABAAyM4Gc55zgCvkceE7ibymFpciQnLyBh8528MDn5QBnAP44wBX3Jb6ZPpXw68YxXkTxtK1nKV3kusLMuQMZBB7jptyAQK8Ssn0yUbFDgebtVQ0gVF7kEDOSAcjI544XrpQqSqTlaz967s7LaN2pWvtey6p2vogxCSjTk9pR1jfRNOK0v71k1qr216WLf7P+hw2niTxaJw/mv4H1tSZQxGTbyAfMM47jBYg54PAx4OfDkT2kKLtiZHYTNFEzEqXc8nbyPQkcdsZ5+xfh2bDT9T8Riyb55vCGqoFdDISTDLuALAnjJOScgjgDg1812sa/ZAwv52YpIJo9zBVX5gACP4huGW+X8/u6wco1al9LKN3u/h08rdmvmujUVCdKDbaSdumnw6JbN9nv8tB3hTTNMXxd4VjjjVSutaSwmEbDcftkKgs20ABjklsjBxz6bfx6t4IPjp4zLGTmSywyqxJJiViAdpyAQTgkEnJ7CsDSEUeI/DQg1K6Vk1fTSy43Fv9KixyeeR0H4cDmuv+M0U9z8W/Ejy3cymRrIJmJSd4gU5OeCADjjOe5yai9sVCpJxT5Glduyu4NpPTXte2t+oTSeHnF2SUldtveyt26WW+77nFQiBibs+ftCMm1YnUhgpAPyjBPQ59+nWpPjz/AKFH8HXxOVu9Cud4RGBBe4QBmwMjBbB3Dpk55Ir0fS7a3h05N96GmCytvaFQW+Q9FxxgHOT2OOar/GJY7q1+G8kkikQaJdFWaMYBEucrnAHIG0Dr9VzXTKVpxelkmktbtuz3bStttd63ujhpRg1yp2bVrys078q0u1q+q10Vr3MCHw1p0kdpI7Ft8MZdArDgpkBmwSz8gEk5zkYJqL4feHbW38YeJYI2la3k8G65LsVMbQy/IuP7wwFbJJPtgZwE8Q6uCqLcMIAVUNtGPkGcDjORxx0JA9s73w11Wa78WeMJXuSwj8Da4AQoGGWNuoXOCCAPXHQGpliJcskklytJbd0mu7TejurX6vU2pUoQm5RfNbVXstbxtb3nduyVrb6XPn3QYZLBnjt9Lk2gT/PkYJaWTBYbsAdPT+8BXsHwsS4HjzwVFJp80UsniC3Z5SAw2kOQxOeigEHHOelfMGg6tqTXcwW9uWRnnAUuSqjzpMbdxxwASD1PGOuD9CfCG5vJfid4HVrq5Ctr9mjBzlWDBlK8DKodvTaTkdjiqxNeToSglFtwlFOXS6V9E99LXvr6WKpU37WFSN0lJdFdq8b7W0XKrbtXa1Op8bTwx/EvxXFKbhUh128fzQrYLADACnAOFY54LAcgfdz+m3/BJ+/th8VviHGjP5k/hxWZSMD5NwDpheSSd3AyCd2OS1flJ8QbjUX+KvjaAzymKLxBfBCACqZCBcHjIBGCvP0BO2v0t/4JNC6b46eMoXmaRpfCrod4AU/KACMDDBjnavAHoOlfD+IDm+DsfzctoUKctdbqNSlu3pe/yt959XwnKCz+hZtuU53TS0vT1s9vPTv6nx9+0RcPY/tC/G+ARzmCfxde4EcJKliq7SSACQeeOCeeetfPs3iTyV1GKBbyBrh0WQpGVBKgKchcYPHGeOOCQQR7v+1vq+paH+038YtMiktxD/wlNxKwdgGViqsoG4H5m+bgg9wcYOPmqPX9YklkilisyhDShnBBYAHJBwWxkHDDp145x7eQVorJcqk1BqWCwsrt7L2MNFtZ6r8UebmsOfM8bBc6tiay0i93Jtu3eL6pa3aTWhiNq1tLr0ckhncCxkjBO4MHIwSSRzzlv73OAe9YJt7SVJo0lDtNMz7mUF1ZmOFZf9k9w3OeMcY1f7aun12Njp9kAtlISTGCGxuG4cAZB7cZJIIz04S+8TahBNOyWNsDFPtOxAM/M2D93CjPQ4PTPXivo6c4VI7x1Sd46dE2r+bfZfqeLXpezak7yu9ObmdtIpq70vqvXV6nf2UVrDJpkRcI0NxK2/BJcmPGQDwDk5BztHflQR4p4stY2u714ygna8lYNgbjucn5s9OOeMkYwM9D6RoniWXULizaayty4aV2LHk7UPIyBgkntjJ46kmvG/Efi+1bU7yN9MkUJdzK0scmVJR2BAG5iBgYHcZ4PStsFGk6s4ylF6Rd+Z8zvy/K+je272uk1y43SnCcpNxTsrxcWlaN7NKytbfSyva7PrP9hmSS0+M9o/lxl20u8HmcZRiG5HGMckHHIPPav1m/Znldv2gtNdpDmPWtVcKNoA3xOpJ4xkjIzyQOpA2mvyC/Yh1GG7+Mdp5MDxhrG5bO7IEZQjjO3nPXsSvPGK/Xf9mO5tn+OBlVWL29/qCk55XLvtI25O4huvXH41hmMaccPj1dKTw3u82rfTp113a3d2LC1JOWClHZVb9G/ii9X6LVW6dL2fTf8FCrSC7+IXgVZInIGj3hGD/C0jt0PAB+Uk44wfZR8B2tvfadHo1zaahcwxkXkcySMzA20rmNYgMkKnIXAxkMCBkAn9Cf29547j4l+Do1mWMx6BcH5wDkNnOAckFQMDBwW28EGvgqaFW06zKPETAGUeXIC7E3IJBG44AI6kYOT17cWT0ozy3DqTj7q1TSe731Vk7323+enfi8RUjiKrgrN8trN2slG1+nlrZt6a+7bDstQu9Nn1g3lql3DavbwKYvlKQGZZiVGcvIzcEnBzwfU+o6z4u0zUr7UXvXlsZpPDVrHYW12u6VioQDJXdt4wQSScE7eBk+fzadMo1hmjOHktnJABIZiCMnPU/3RwAexC0eJbdmvYpSDvXTLKHcy7jgsgK5PfHHQduBhRWtbAUK07J2la6aW6vD5a8q3tuvNp08ZVjBOyktdGveauraLrZXWlrvRpH0RY3Vg/gTxNM8ttdzT6Rp9tEI5UN1E6qCIigbdjIzyAoYgDJIrgpPNtrXW1eWUSr4XtXQtuJUSKmIyf4dvzYIJ6DHAIryaVbiyPiSW2lmhdoLJYvLkZQAApIKbguCeT04+XowAvvresWttrA+2faPtOjWYdLkbmJCqBGjE5AwDxnHQEYzXjRyGrSqVJQqqSnNSS1i1pBPbS+j+Sa1udrzCFSEOeDTilG3ne3W173638tz1bw5fMb2GO6YlpPCzrHu+fEYjYAjjOcHGOgznIJaiCBvtPg9wqYkhv8ADrkE4L9QFyxxtA5GAMgDoPMrLxTdWOp2s89hmRPDZjIjd9ixGP7wxgK2DwOcFlPIBJ6PRPG+lz3Phn7RI1oltDdyILkYXdIGOFYZLZPGR0DHGetTPAYuk+flk7Rfwu+ii9dF0b1TTSaSXW59ZU/dT93V21TSbi910Vna/K1d6PpdtTbR6Xa+YcS/8JdOVB5wu8nJ+bIHpwD78cW2sECaqzdH1y3fgZ3fODyATx0xjAz1J6DGMkU2lWVwhR/tHiWSVJIip3K0hIbbnjPXJAPOMEnjdiukeS9iZyC2qW4TPIGNoIAGMgHnvgc8cEvmrxS+zv7utl7y1s3vo9Ut2+qM1yybb5XZpX3ulyvlejaWj+TV9ykdOF7qfjeXy8obOFRkYAICbsZA2g44544yTzV268I28l/4fcgiOaxt5ySoIMkMTEkAEAYLAnPIYg9MA6Om3CCbxkTtw0SR5ztBYgYUYC45z1xyTg81s3U0n2vw8idU0yUoFHQ+ScDGepBxnJ2kE9RgRPEzjZSTvo20uyg3fy3Xqnd9TaMVdt3TaV10uuVXS20Xb71ax5+mnSRaHqx8+UiGYGFVOSqzzhZMAEn5sDtwB1718j/tc2N1Jr3hcWqvJINDisysfLK4TcDj1IYgk+hOcAZ+2bRt/hnWI3A3ERkZXJz9pfDfNk8cdSenQ8Y8D+OujW+o61pFxKyCWBdsY3FS2LeMqASTyR904z6+tevl1VqXOkm7p7vqoa9LO3W2ja6PTys2pyeGtF296F7batK9/PRarftZX4T9iHRdUt/iJ4rj1CC9ggPgq9CTSBtjTGMFQCc5BJzz7HPHPv8A/wAFPNOdPAfwLWKKVzFpZVyqkkZjBxtY8ZJzt/iJ5xwaq/sni/g8beKLS5Fu0MfhicqqyI7hHYAAsvfOQB688cGvQf8AgptLGvhP4SswKoluPKAYqNot0AHGehHckk9eTk+PXxDfE9GUo6tRs9WnaD01Vm1vfo+524Ok5cP1I6pNzvrzJaxt1Wnndb9dEfj78MdIvx4z0YtaXCRLfqzHG0HkYzz0PQdO+OMmk8d6JfSeJtVwnlquo3IGcKApkIOcsAxwc5PXrxjj0z4dXwuvFmjLbBnim1S3jkDOcDGeASOV5PBHOCuMZrmPikJU8feI7cLKFTUZPKUFiuSFICheMk8AHg98ZIr7CU4uum/dbgmm7NWU467K2/fo/Q+d9ilhuZXa9rqk9b6Pda3387tq66+l6NosVv8ABe2ae4UTpeXnCnggwnyxgA9OTjGSO3p9Q/8ABOKEr8cIZiXkjh0u3YrjJA81gFI75yMHn36CvBtD0C6m+BdnqBjGRf3gMRDGRj5JBwACSe+cEeoPb6T/AOCbBMvxovYmjjSRNCMio7KHYW0rOQFzngZJB7H0wB5uc1IrLMZHmsnTkna122oqKa0XxN3fyT0PSy2lJ4/Btx1bjLXRcq5Xra97WfZv8XD/AMFF9HvbrxV4KvYY3khaTXYogqbdoF/NKRjIwQT64J9yAfiWxSRPhf4qSZGMi6zZ5JwMEIg4OfmGR3xjAGOa+8/+CiWtXA1zwFFGhhJTVbnKvhXEmoyxEnGcNt4G3nJ5ODx8OyfJ8MPF3DBzq1mW5J5dFOSTjHbGOnT0xjlM/wDhPwUbaJwu9mv3kdVfpa+uz++3ZmcJLMcW4NytG+11flSvt2v10vr1PItCa1h8SaZL9jaZF1CzZ42JO9vPXaRtOcA4Y7eck55zX6C/8FA9UtV+I3wylk06C6C/Crw8drHBXFpCPLzgg7SAOhOcdiK/O/QdTm0zXtOuAgmeK+tP3LfMJMyoQqgHqwAU8EsTxnINfdv/AAUBvTdfEb4azPF9m834VeHGETRhBHmxg3DackDccE+oAbFXiVzZ/lbWn7jGXaeycaV3bzt538+vm0p2ynG3SU3WpWa0Vr6PTfZ333k15+t/8E5NRs7/AMc+Mo7ezt7Jj4J1F2WInaR8xX5sDdgccHqpyBV79onTvDN18YtEh12BH0qaXwuupKHZZZLW4mhhnCuOVLRuQpAJyQSfTz//AIJz3Qg8f+MQrNlvBN+owcKS27ODuBGBj6j0HIh/avvZx8TbMwOolWx8Olc/wurwyE8gfMDxjsfmBIWuDFxqLNcxVJ8s5YNck+sW6e66Jp7JbrTSyPepV6f+reH50pL6x7ytdbxv2Wl9emmlnofqJqP/AATx/ZpvV1C+0q81a3m1m3trrSGt7mWaGzt7qy+0eTI7ZDyRtt3knGM4Ocgflt45/Y6lst+reHPFLTaNH4suPDU8ssTo4uRcFImwgI8uOMAyM2cYzggk1+rI+IXiG3+HmkmHU0t2tNA0oQIgUTyzyaaAWDA7SqjJdi2c4IXPThdHhuk+C+jySCK6vdT8bS6lcyRosxZt7MWc4OSVz04ONxODx/M2R8ccZZFUzKWNzOvjqazRYbDxrRVSNKneo5JSkuiiuW3bXq19NiciybHww6hhoUm6PtJ8l4v7G9paatq6t6Ws1+bup/sda9pMmsPb+MdKnl0rSJ79BJHKjX6xJuaO0BTDSHJ92we1fNlv8J9cv7HVdfjuLKdNBtJLnUYpQY5AobaojXhmcj5j8vpk8Ej94/i34y8DwWupk2cSahH8PLW0s/Kso4x9teBUZ8DGGdhhicdTk5ya/Lh5U03wn8QLeaKKK71TTY445Ni5VmR3wcdGVTyed2eMjgfsnA/HHEGeYD2+NoxU51sPTpp0VD3ZzpqbstZNLZ+aTvHf5DP8jy7CV4U8O5KCpzlJc/MnOCi1dXfvNqzvpZ+evxJ4dhtb3xLplqzJFbTzxLcxooC7N3IyerDBPGMcYyM17CdHstP+IxFkS9pJZeZBA0Axs8sjBwORwDycrxjjOfn7QWI8QaW6ykSi+2M68ZZZCApIwOQSGJ4x35yv0tPdRjxnbyygKYdOEYbkJtWMhcDuWzkcEnA9Mp+40INYilflSdPmbaUo3UoOzvpdXe7V9bd38GnBYSck7SdRpSu72bgtlre2+nldbvJ1TSFuLC9vLe1HnGeNU+TBHztkYPPTgkZx04+Y1g3eiai95ChWJVKRFlIwN5XJ5yu0noCOGwOxr6e8NfDXxT4r8M6lq+g6PNqWl6XY3Gp6vcxB3+xwrIG3OwUANz8qgn+Jj0rkPEvhbUrV7G6l0jUY7KeKFob0wSmKZgpLJHIE2sRjO0E7T94YAFdTzDK51J0HiMKqsJKnVpuVNSU2lKzi9eZ6O1lpfTSz8yWGx8VGap14xmueMkpqLi2ndX3Sul1Sdlq9Dwm20vxDe382n2d5LaJ9mlbNvczRFQnOBtba3TJ4JPHPWjR9P8fabOZbTxTrlrKpcxzR30u89Nqqd5bDMuMZwcYAFdppmbS/nuvst2MQ3EW5o5FIK4BwcY9QwAyBxjHXTxJbi3a7imjWTyZYmKSqrIzMSwBUAg9yMjoeeMV9WympO06dCTcUpNqnZRaWj6tdU18kWli4uM/aVk211aVlyp26p3Ttbe+iTZnH4v8Axf0r7VYyeO9ZYRBC63EzTRkxAlA29jk56c9znnNfPXizxVrnizV7nU9avvt99eETXNy0aq0jRjYCQuMELgDjGOAQOnoPiS7R9Q1FSWzulHXgYTCkgDqMknqcYO0nr4tdBRMNpch4iRnuNxzux1yuWGexYnsBy/UsHhqkpYWjRpqSV5QhCLaUotK8UpPS71uvnqXUqV6kYqdapVSa+ObbTule2t/VW0ex+w/7NwmuPgN4aMZ3m2W9yNyqVaR2wqjj5ufTtwAa9A8XRTGTQJhG+wabJksD8u1cMOMgAcZ54JAOD04/9l2BH+A2jyFAwWeReMYJyzdemenTJHJIwBXfa9PKqaSquHVdPuV2OoZTlmyFJyAducjrjHtXzz5vrNVq1lVlu204qy232a6Nf3uh9lh044Cku9ON73a0jC1m7JXs9Ol721KfwruEOoyM+1/LN2u0HJZfL3ZPTgZA4zkjHArhdb1ya4bW18tmKz39vbrjI2AOW6/LkcHPQdPQV2/w8Eb6lIhjCu8lx86cNhoWBGCTySP1IwDwb3h/w1pc58UvqFtLMYoNUurZNygquyVd5JOdxYYwD05HtlWrRoVpVZpSklS5UrXfvrZK1rX6aM0UZTwagm2nz3eyekbdFZJtJab6ea/OHwzdnRfFj6y9ulzLZ6rJdC0kiDwyNE5ZY5o+jR5xuBznJ4ya9K+L3xk8XfFjR9F0nVtB0bSNH8MzyzWEOj2FvatK8vWSd4gpkJyME5wMYIODXEaXZWk/iu9swskiS312SuSW2q7hUOOcHaR17HnjFX/Fs2lQaXNDbW0lvdo+xt7ELsVivqM5K4OORyQR2+op0cLWxGGxE6fNWhFckr3cLpJq10tU97X22tc/LqtWUPbU4u1OUnzxsrS5Wtu6Vk0tLJX1Z4/J5L7PNJBRkbagPIV8lRjGenJOQevNfUUl7Ff2NtPHtWA+HooPIRyS3loobcD69ecdTkDmvmWGP7V+9LAFGC7QN27cSScsONo4+nIOBx75pSQhrKC4LCGbT4oidwVYt21GbHAKr9856Acc5I9CvJRadm/dlK61elrN+Su3ZPV2WrZlQV9I/acbc11qrJO+itrZ76a66nm9ur2xb7PMBHJclXRWPyq2eCOp/Hofve/odjbI0ULpIhCq+drku2SRypIxntnt14zXVeJPDPw48K3ltbaPrQ8RXM0NrdXkq4EFtNKgea2G0kMyMSoIBOQDxnFY8UmmSz+XYL5auX5bJEfXJ6EnHYDn8s15KrxrRU4RnG+iUouDeqd4qVtNOuvVaHqOk6UuSU6cpXT92d7X5dmrxdmnpzLXVWSZyzMINZuJ4ZGTY8R2BgDuELBskHnqxOema07W4LQQOuFlKzZVlLEgyA5JIHpzn+YxVyz021uNZl+0FWWMxszBT8xEZHIx2JHI4PGOakt1QyvCioEWW4jUsOgWTPX2ABAHfjvUSnaLurpa21TvprsrbPe+i0621irNd27pJ21vFJu219UmrpPyTMLVpZpFCrAWEUju7ITkmTJJzkH8T0PPGa1PCl/bJLc7mYOLMBRIxJLggA5XAyOoH0zwa6vWb3Q20dLeGOD7VEqG4kjGGfIOS7Y5JGCMHGDnHOTyOj20G+7lRgrSWkhTavQDLAg8YPTIA449sYyrRcLqy1S6bXTuk9LaPpZtruatatfE9776WgtGrKXw62Wl00++lqdzPczBTIiB/tJ3h+FB24JIJ56bRgYzx0Aq9rvgXx14a07RtW8Q6NqGmaP4ghSbQdRuF/canEer27KSGHTJBweM5yd3ONAiJEXm3ulvKzgqSSrMMEqc/NkKRkMfU469bd+NvG3iTSdF0TxBr17qmieHIlXQ7G7YyW9jFwGjijJJVc7RgfLgdOoHNXnVcqcqXI4P+I5uXNZpWUUr9ej737nRhlTUJufPzXTguaNnonK9l0s7K11o2r2t+jX/AASptjF+2h8JXKFnXRtbDH+IuYwBlRjnjnnJGO5JP9dvi+90208K+KL2eWNY4PDfiD7QN48xdltcA7g3zYBHb7vPOc5/kC/4JZ30sf7bnwnkBRo/I1YFUYlcNGOxCgEdemOvJGM/1DfFTRJv7H+IOtXGoTR21z4Y8VwwW7SyJaKZYHWKR9pPzKd3y9yTjgGv564+jGpxXh4VJxpQ9hQi5Oybcqmv56aPSztufq3DjnLJ5NNtKc2tL6rl/HTq7tPpofyua5+1r8QPAOtXDeD9W0i407TdV1UwWepaZb3JVbfULkgOXjJYgFdjbTu75PFcWn/BQ/48Ts+B4RuLb7bLeGxn8PWE0W9gBkB48EEFsAgHPOOePEfHnhPUrfxNf2TbJzFc6hdz3EcUgtDDNdzsoaUrgkZGMkZGe2M8BpPwt8da/FfXWg+HLzUraKYJJPaKSoBJ4Qj72ACMnIHAPBOf3DAZJww8JTrYilhLezpuVWfLC9Tlh8bTjq1ryu92r663/Mcdm2d+2qUaU6tlKaUKcX8Kau1Zaaaa31el9WeveAP2lZfC3jfxt4pvfBPh3xRqvieWG8v49QtIVtrbLl3FnGFKwxk8FUAAAP3lxX0VqH7c+qWHh6+0W0+GHgW0GrWbQXd0lnCzrFd8Nu+QF2QHCErkcZAPNfmjpttdaf4o1jSNQtpra8gxBNbSoyyQurbXVxydylc+hHJA5B9R1nRobm2STld1vA24JjcFJGSDxwOo44IGfX3a3DuS4mVOrUw0ai5aapyU52jCmoKFkpKNuVaW6NNJ628ehm+ZYfmpxrODTk5pqClzTd5KStreTS3sr6Jbr6F8PftPajpGl6lptv4H8H3EU9w9zZzz6ZAXt5Co3eWdm4jI3L2yc8HgfoX+zV8TtL+K/wAWf2VtW0XR9C0rWvD9/wCKrTxVbaJpsdu0inTci4uJkVTIcfMdxYjk8V+LdtpkVqMs78yAEbTg7lAJ45OCSQMduMYBr9Yv+Cd3gow+Pvgx44g1oraTeL/E2jXvh+3EK3EofTADezFm88xkZUgKwHTOMg+BxRlGW4TLqmIoUpU6756cJJ1HzSlSerTcko2V9bLb0Pf4azPGYjNKdOvUUqalTnK8YpxtODVrJq70TW7S11Vj+jaTwhb+IYZ7y3v/ADLa4meOKLZk25AO6THDBd5wwYYC4JOBmvnr42aRPpHwb+MsUxlhFv4L1WINgrFOq20oEgAGPmTn156AjJ+pNPtltZrx9Kle3WyWZCI3MsUgdzuMsZGQQNwLFc4G4Yrxn9pK7Vv2fvjA10ixyW/gnUg1yhzHMk1u4G/aufu4A7LyM4r80wym1QVrPnhFNW196PVJ6Puml6aX/VqtV81ROopwaulJJODUVa113b9Nk9j+Zj4c6etx4a0YqmUnjYnIB5W8zjdyARk8dD6dceI+M0MfiHUAQuz+2yCJB8hVCQQSMlT8vIyCew4JH1n8JNNWXwj4alChx9mv5MgcYzIVbB/2lBBBGGII5zXgWveHo9R1fUDMJY4m1sn7WyF4UdyV+6QTnJOQeBkZIzX6Rljp81dS0klGz2S20bs/ud/lofBcQzk6OGW6b17K6Ts/Oy369exkWdsDpty0csFojSuomHMZZonPf5cnPc7RjO45BPA3V1caHrtxAl1JcwS6UPMkhKqmcZ+YqcEAAK3y5GRjoc+z3nh+zstNvbS6vnkt4bjJhgt9rOPL2hk5AJZuM8HHKnqw5fQ/DGiar4kvLWZrsQppMsqwPEuJPLiYqsjsQ0YJUEsDxkf3cV6OHcYe0lJycZRu0tdE4O1nre3fum1oz5Wm4tyTg1JaK/va6Jfk1prZ7Pct+GfFmrQaVqdnphS2iljs7pDboZJnkKrC4RdrHcyk5wMk8Hk4Gd8GPttz8ZNNiuo7tIrXxJDcmS4QgEM4AXaRkMzNlhkAFRwOtdD4dn03SJRaW0FlYXMaQkxtKJrvYJkZSiMfn3YBKn0PTnGT4Q8Rxr8aNOSxNybl/FduZ2kbakitIA48tTtRRzlCemACAVFdFeVP2WLUGkp4So9Vqn7NLs/RN3fqnrWHjL2uEcoyg44mDiuaTvepF7J6WWu97aWuj0n9tfTJI/jffXyrEYJtCsCGU/dCRIFyc9TkD5R947R04/o6/wCCUAWT9h/wWVxlfFviIMBxjF1joB1IIP4nNfzc/tmSSN8ao1kkKQT6FasYhIcbdkeCMHBG7IzyB0BJr+kX/gk/Gq/sT+FwpJUeMPELDOcf8fIIxk9BwfwyTkmvxPjupUlwHhnGKadSgmm1orSTae91rp69Nv0nKIxWf1lJyjZp31vq43tv3/DZan6JvGuzb3PBzjaT0GTxgHuDtwvPoAyKLaPmwQcA8Y9Dk56gH09BwcUs7uAQoB6nr1PpzgjJxg/L19qwLmTUix2MQqj7insCfpkHPHtzmv5plSlPeUVs/iS7K6tr+ur02P06nSnPRVIwTl1d9VbdaaWSWievTe/WeVEcAquD90/lzg9hjgn34HNKbeI4ztUHIJ2jHQdzkcD/AAxnp5ncnVdwInlBPOQxIwCcDHB9MglevBHUWIdW1GAKjTFsKf8AWDdknnBHXoMjBwMDPQms5YCpJP2dWMm2tE2l9jpp26d7K3TWWVVrKVLEQbdna3+G+7s9bpXfr0t3xtI2c8JtAIyV5Oc8jAbOMknGRjOeTUP2OIkhWAxwcKO/bkHOP4vfAHfHE/2/qKMCxUAcdBk9tuMgnAHXnB4GTxU0fiG7V0D7HHVihKsGJ9AvLfUHoRyDgwsDiUvdmnbWykrtXXnpr63et+il5djYrSSdkkve1f3LS3Tq9Nmdn9ji2nBHbBIHI6MCuOgGOePQikFkmD0I+bvgZJ9Bzj0xznO48nGENdt3DECQM3GMkj5epB6cc+oxntVmLWISv7wt1Jyd2SCRx8vpjjJxyTnBOeJ0cbF3SnutLvpy2vb11af3GSw2LSu4zauk9HrqtVorWdum/rZ6BskULggAjkDI5xycfez27dckHApDZoMFMYxt+YdfxIBPfrnPOTxgUF1eAEEtwAAWz3HQA4wMYOOS3AweSKV9WgZgSzNhvVuuQSTyCeD1/LvVKOM1vGWq3trbRddOj7v0L9nibqLjJ6KX2r2fK0rd/O3fV7K59mQEA7eoKgZIyPY575UnJ4J71KIY13ZAxyxLLsHJ46BcjA2gchuSCetYjarEGBCnHI6FWAyM49eMg8Muc/QTR6zAeGJUHGC2R8oxkAenQAnpxkDk1TpYqybpvaL0bv0s7Ls927X3d7lexxNnJU5OyV7KT32W/bX9DZ2RjBI+QZABXruGe2MbSMcj/ErsjbKhVySMk7Wx6ZDfewcqQQSKzX1a2IOW3ndjGVGeepwTjjufxqaK/t2wd6gElTnsx9O3uex5zgms1DEq7cJ69+Zaxs7q7V3trrsmkukShiYq7pySW+krr4W9dtdWttbX87e1QrYjBOcAAhfmJGeMjGCcE465A3Him+Q2594AAXOOMgYzkkAk+megxzSi4gycOuTnHKn5skluMAHsAeBgccCpTNFhWLbsr1yMevPJ4444HsMCs5TqrX3l01v15b2u9Ol7/ctzLnnqnG2mralZ3s1ba3krNa/FdFP7LnHy4z1G3k5GcfwgZGTz1yDycAyfY0OCRjuAMAHkkcZbngEgjGcEGpmljIOSrEYZQO/oAMc9eDkEZOOKge5UHhyAOAA2Tk8kZ56H/AE44n2lR7t9d9NrO3W+6vt6X0KhKq37qfRaprXS1k30slpor662HmwjOSQFOz5RwQeBzkHt97IIPJ65FKLCHIw5yAM7i3JHfJyADjkcZzz3qq17g48wgnA55wOQMADB7dhnJ5HBqH7a7AgvwOTluoJ9+SBjB6nOOCAKajXltfWyeu1+Xz7307JlcmKe07JpJ6dG4v8AXbve/RvWW2iU5HBHP3Dz2z79eMYzzleoqQQKMHavXqfu4GAGCnA4zwcntx/ewVv2B5cDoDk4PQE4w2APfJ9Mc4qRdQG4jdw3IJJBOCeRx1A/vZyG981bo10k9XffqtbK+jvtrbfsrEvD4jrJ6tKyv5dntttrbRI2CluwwQCcE8Hr1Hp7dGGck8EmonjhBG7Y2OcFcAAcnHB4+Y5xxg984GZ9vX5gGUZ6Ajuc89Ooxnn1xk5qF70Y5bcD33Y4U4G3APOSAASM5wCOCHDD1G9U1e/n1iluna93p0d3poVHD17aOelr2v8A3btX+Vkr9b2sbAigJ6Lk87SOmOMZPOSOR0xzgZBpPJt8ngZ6bgRjHcjHIHzdxng4PY4q3YzkuT6gMST0xkEqT6YOAP4QOlWlukwSWAzgsMng9Me46DPb07Vv7CpCOiaeiTs2tOXVPpoktNlouyHTrJpe+/Xfprq/R9EaJSIDG0EEgev0x15zgkdflI4J4dthxgAYBJOQTwPy47Hj73T1NH7RFyNy5OeOpA49R1+bg5AOOVOBkE8Rz+9TAxnOOMnBAYZAwT+fTPQbwozavyS6KyUkuZ8qur33+/QxnTrtq3Orb6tfJr0+dvle65jV8AjAzuXj1BI2ntkZHGCOmDimtHEANoQjBIBXhcjjP028A8D0yaq+bGxB3gK2MYbgHJKgY9CcghvXr3sRsjZwy4yB8pGBnOcc+v3iMc+uBW0aM9Fyyb0auuuitdK19Nk7edhfvIL3ufR73fdX6Lb/AC1ZIBEg3Arg5yWznOeegBBBGMjIwT2JBdEYyxIwFycqei4zjsMgDOc565JGThVjRurZG3HQ4H/Ahk5HGTjJwc881NFEm4AsFP5jp78DHU8/Mcg8cHopUKnMrRejWmmmi2fTXbr52ZlVqPlabnsnd3uttE7a3vdJXSb3ujh/iqkD/C34hpIAsUnhXVkYkADa9pKmCO5B9O3biv57f2LVTT/jp4v0jW9Ki17SPDfhR10q3RlaJdZ1DUpZLG5SInEk6b12SFS0T4wew/fr49XIsvgr8Sp1kEezw1ehXx2MUm5SCcEt7E8dT1z+Ln/BNPwFL4s+KXxF+Juol1sL42+leGLWdD5Utxpzlru4CnKuvyHaSNoYfKwIFeq5PD4XHTqWv9RhRgm371WrWjbzVlzN66JO7Suehl3LPAVHK/L9d9pLVp8tOjB6u63lZfN3bs7fzJ/t3+Fm179un4q6bq95dWt1Nrq3E5Z8zQyG0RvIchvvbQFI64APOAD836r8LNKtoZd99O6lnGZMEHAYlgx5JycZPXk55Ffbf/BQi3jsv+Cinxq83aX/AOEpjJeP5QA9koK4VQMD7o6ZGexr5n8YXemrDPHvljlLEgE/L3zwfoOSPrnBFf2xwLUnHhvIbaxlluFbXa9Ck7JO22q10urdUfz1xRThLNc0qNe99bqJNyve0otKz12bi203vrrY8Pt/hrZXcN7Bb3Ui3CW5MMiKNoAAG4EHqOwwSMgk4Jr+kz4DaSNG+Bfwg0qWZXktNAi3z45JYBwCR2P3hz6YOVFfz+eEL7T4tWhFxJItvK0EM5IOBFM4RmOSMYU5HIySOeBn+i/w7b6Zb/Dr4dTaVcM9gNGhESgFSwjtdwbGMLuYY+UAE4PWvlvE+bqSyrDOL5ZVatRdk4witW1q9dXZ73a0svrvDaPJRzPEL+JGnSg4rrFz5tde65b27LZo9N0m9kbULZoxuRVJyeQW8wKOOflwByOTjjHC1+Zf/BQe2834TaozIodfE1wxGMYHlSEZzzzxzwMnphs19+6HrBH2ZxIcqm4lRknNypO7tnI+b2yOhr4A/b6vDdfDnxLaIQzpqn2sruBIU27KGODkBtwAbAzk4ycZ+R4Qi6OdU0tV7SDtsrpq1tL6a3+5uzR9NxfKVbKJa2vCXNazV3FJ7dkntvrZdD8RbHQ7C/8ACkMc0QN86F7eQTbfLUSbSSpYHoSTwM8gcCn+Gr2Pwze32dq/LBbu+5ir5IAYHqdpAz8rcDBPp5jr+pXlvZWC2dxJA5izJtk2nHHAKsCMt145/iPJxneG31rUNSRFSa8aV4WdGLuqIrLlmzngdQ3AJPGcjP8ASOGrTh+9c7xle0ZbR0Tetn6Wtfz6r+b8ZHWNPTnjotLpvRJ9He99+63W36Vfsi+C7vxt8WNXmdb06fJLYpLqFrC/k2nCyHdKq7Ec7cBSQTyRkiv6Xv2atKtH0v4f6XBJLcwWnxE1m1beTmURAgYJIyW2/MBnnJAyK/Jz9i8+FPgd+zlqPiX4taHq+jHxL4nk1fTNZiiRZNSgs4XSwgV5NreRNuAU5w4zjiuOuv2/PGq6p4I8N+D7iy8M6b4b8cXfiIXtsii7uI9RlPlR3TqMnKYyuTzkbTkAfmufYbHcRYrFUMPTh7GlKUHVnfkfK0pLmd9d1bVba9D6TJqmFymVLEVpy552/dKzl7zTb+K8bN7PTVadv6Ef2tvFPgzwl4I8QaVf6pYaV4j1bSFTR9LkeNry8xewqwWJSXVRkf6wKOMdWrtvB8cv/CG+FUkwWXQtN8w/MDzApwDj+6c54A6ADv8AzeeEfHHj/wCL/jz4q+MPFmp6l4yv7vW7a00KS5eWaLS7OW+tnlFquSkACrlY1Azk45zX9Aem/FPw5Y6Zpmnst+J7HSrGCaJbSYESx2sSyBDtwcMOg4GD17eHluUrLac8O5wdRVF7VxuopuMHyq7vpdXdvVdX9pVxE8ZGlU9nOMZRtFNayirNO11ZOys/Tq3fD/af1b/hGv2evjTqYyFh+HusJI5ONokhK7ixILHB5wR2zyWB/i3+B37SnjH4H/FLTfGngmKyl1ayuJFha8jSWGa1urktLDIrZ3BhtAz0OTjpX9Sf7fnx00e3/ZY+MGn2VvqQl1fw9NpMcjwYjD3AC/MxAKgAHOTzggnJ2n+K5b6eNt0YmRk4MgUrKj5GCG4yFbBABxgkFjjLfoeSZPSzTJ8dhK1ONajiYypzi7uM04pcsrK7WvWzXXY+Fz7FzweY4OpFunOlacZNe9ZyXm0lpvr01fT+vHTf+Cg3xl+Onwu1PQfiD4d0rwTpd5orwrq1gjfatT01Lc7reOGMCFILndls/fxzgZrxvQ/2+bHwn+zdYfs0aVdaTqdifF0ev61fXSYK2guyxgjQ/KEgVVGAPvbsHPFfgB4d+PPxb0nw+NLs/Feovpws2smguMyFbdlKMsQJyMIdoAwMDBwa8/i13WnF3eST3jSthfMDupYSSFiGXOMZJGOwOe4r85o+CtL6xiJYhzVGeKpV8PToyqt01SvFJylKTtaSulp0XQ9+vxpRjh8PCnSjzRg+dyjBXlNRUmlF8rb0963MrWu9398/tmeOfD/xD+JeqeL9AXT7ezvoLTTRDaMvkmSG3jjMgA4BbB3Dggg4yo4+NvDUbTakUkkgKwo4BdwoYrk4DE4IHPOSBxk56ZHiCea6itlbzRGsdvJLtZmYXDgb2cDnGcccY77ciqeg6fL507gTcvtiDAqMcZZiCWUFcAZ9cZA6f0fw9hXlGUYLBQU5/VqMKK5m+a0YxipSUk27WXbor2dz8R4gi8xzHEYmKlGNacptJNpNqMnZNdXddN0k3c6D4k3cMdro8EcYEqM4k24dCCcYDdvlA+Ue5JzWpoeuXEUNsYbC6YRhFY54kKoOQMnIwM87sYJAPQc74nE81rBFcIpkhkDQgR7wQpwCxxwT0Of7pyflyeLfxh4r07UFggEcdtFEoGy0LhiFAwOrHqAT+ea6MwqYhpOGjdm1s9oPW22zfZryuiMty6jWpOlUjJ2knFy0s04XVtGmkurd1purH0DbeKJGLt/ZF4j4Id1kG3OSedxAwSTjLDBbOOK8l8batM94bwWxgWRAiCRvnYK+TtbJA5HzZwPcdqNh488RPHKr2AnkZiQxt2RSDnAKKhyoA57/AF78J4u8Ta1fG2SbTFtwPmAERAO0k87414OC2M5OOnOa8ulWxLajKSScbNJPe6s9lo/K9r6m7yOlCpJx+1J2atbVWd0rbXel363TR6Xa+Jr5LW3b7AflULh5MBl2j5gGP5seCPQ43bUXie5AO2yRXIyQkg5bGQDg4bI7n1IOSBnybSvHap/oV94d+2qUURzb5I0jIjAGMA7QWA4JAyTkcgVYPj+OB0ji8NrviJLbZZW5U4GPvHkckA7h0xT9vjVpy1O/Nay1tpstXa9lZa3N3kNBRU3KGyurXa5VFPS79bK638z0mXU9UlZZWsSQ4dFTduAPTIB2jjpkgdMDOTnQ0TX30iACWyLSu7rgTBWPJIBQnOQfpnPQnivKW+IWpGZJo/D86lVLqu+U4YHjAKscZz68bgOAuaVx4411LuO8HhbzjsLNlZGAdslTgLwQSMkBj1Bxg1VKriVNSqRa1S1u+3RRfn6+t0ZyyKl7HlhUStaV3pbm5b6KL63228j2631ea91Nbk6OrsgO5d25gnOWIDEDncc8ckZ6bqp+JdQmurG5B0426p+9VnICDbjBAHBB6jHLdRnNYvw48VpqPiGI+I9LubGwkt5jNb2aSLPMVRiqghV2lQM89uR7z+LtWvJJ2TQ9LvG0qWOWKFrqCaZvlJ2sSEIBIxhSc9yAfvdMcbVfuqEtf7rV22r2SXbp5NW2OBcOKE4zc4u1mnbVRuknb4leOr21aVk9uZ03VL90VY9LiuA53F1Dnbs3ZByvPTcfT1JJwkl9q6SSH7BBHE6MVCSBAxHzYKDAz75BAJX+IVhaPea5aSyZgvCsbjMRtZlBwhyFIjJ24OMgdM47itq6vrq8VbT+w7zzpZl2SiGcxIpOSpzGCoHOSRjjAABNYVMTieePLzKHuttqybfLpaKtrrdX9Xbb0oZTh4wvKykmuWNnyydoreza+zva93rszKh1TUNUuo4LnTYbaKNHKycKWIJ+bOMk54DZJ4yR0Nez+E7UPpUCHDSSJJ7MozxyOeCwwSecZPBJrzWLQNTaW4eTT7yKGKEushgmEe4pkgfu8heMZGcA55XOOv0PUJbDS4IZIrgS+XKkJWOQktnjPGfRugBzzg4A97AyrexjNS16t7392y0VraK3e/keZiMF+85YQ91SXS19r6dVbZt9bPVH6BfsKfsT+Lv2u/ijreheFvHWkeBpfBcEPiDUdb1bfKLe3glQgWkQBEkyE7gCNhUENjOa6X/gpRdfFb9mv4i6z+z/AHPx2tviXothpOl66l7oZihgku5oU8tJxCxWO4gxsljIXaQCCDyvy58Cv2lvi1+z1e61rHwzvb7S9b8SaJeaJqM505plls7pPL4RgQJFU5Vz8wIyM9/lj4iy+OviJ4pbX/E0viDVdT1PfJf6new3M0s8srszZMgY+WhJ2R5wi4IAXmvy3Mch4izjiXGVcfPC1+HYUVHB4RUozryrtQU5VJSi3ZNycfe193azP0DLsfgcuyzD/U41KeYuyrVVJxgop3dvebclHltoktVd9P1b/Z5/4KMaX4d8G/D/AMFal4Xgk1PwtC0s2s3MktxJqN42NjXCEMHAKhlU5AJGMk13/wASP2tPih+0l4k0vQ/E2vz+F9F1DxXomgaHY6Vus5pLe7vYEaWURgMYFjXKqc4BBHWvxs0DRta0K60+PT9D1KSWGdA8i2L4IVlYkg9m9M5PfgcfV3hPxLrMHxA8NeN763vbJvCOp6fq9jYTaYZo7y6scSRxyxEFDGXADcZIzt4HH4hnn0euGqWZZlnOV5FSWb4yniZQrVU5qNeopSpyhCT5YfvGtUtE7pJ2Z+t5L4s53LDYTA47M5fU8P7OHIrJyhHlj7z3bioJ2b1dluf2kfFj4A/AK2f9nXWfiVqXhi5+Htnomm+CPEaaoLU3OrzHTLd3e+lm/eFSzvluWUkcE4r82/2nP+CYfwjb4ZfFP9qH9lHXW0q38P3t/ef8IrJfrdaDf6TYs7X8ml3ZkaSKaOMBorcKqs3Cjivy1+Nn7c/xF+PHgMeHfE2l6hZahpeqXF9okmlW0kNpDLJGsKO6r5YWWNUUoq8JkcA4rzb4d/t3ftOeAfh5qvwPsLnUZfAuqrHLq9ve2cc4YO7G5EDytlBcI4V0XhsnIHIH4Zwv4C+LnD1SOaYPHUaNWWMTxGVTxjnhqmH9pFykvdcLcrnem4ac11JW0+gzTjrhzGLC06+ZVqtek5x55Qi6fs5zcorl5ueNRJpXvay3fR37OHxOubHxXKde1WKbSL17yzsbK8uWaOC82srvGjkAMkmRnkAj5ia+1vhp4hs/B2k6f438u3v9T0jVfEeqRQFYxK9sql2FuD8xfYBtcEZ3D05/JjxZqs99PfanpGi3Wjagbj7VpiW9jDBbJczY84hVZQu9gSNq9cZK/MRyF18YPjnFpV1oE1tOtlb2jwjUIisMyx3A2ShCnIdweTgAhgMNyB/QfE/hBieKcJhqM6NOk5+wjmEYe7ei1H28VODe6bimunXQ+fyLxFw2TYnFucp1YOE/qzbWk7pxbvLRKyd9bfPT9utU/wCCyXwR0TQ7rSNP+DuuSeNpTJZJqN5ta2e4iLRyTSE43RBv4Rk4wO+BF8L/AIia341+Enjf40+J5oLK5vJo9T0GwMSvDBbNdukcKWxztaQnaNo+fgjdjFfzx6d4b1i98W+FtQ10X0ugW+r2dzrMKBXkbSTOsl/vkchmkePcABnPI2nIr9Uvid+1b8N/EHhuHwp8IvDOtaTpVjaWlnfRsy29s0WkQxsvlwo20tcSxszsMtlsFSxIr8q4r+j9lXDFXKsDwRwvia2Jxk41Myx0nKr7GhRcJciqSsoSnJ6q6bSfqvtOBfFOdeWbYziHN8Ph4UY2wuHVo1atSo01JKLfNGKUbvvr6/qT8JruGf4gfC7xZqumTpe3vh3WLprBrf7KZEjt3mjmEeFLDksCAOMkDPJ9tT46+Lvib4xXwV4V3QpNcDRdLs5YoPtE18zmPyrd5Npyp+YjgjBIO3GfyZ0D/goR4S17WfhRpi+Dtct/GmkaS+h6hdm4VbUwPGLYSwqr8FYSAwC/eHOR19F8A/tAQ/Dv4sxfEC2ttRuYvDetHWbGwl2s8sxP70lyxBIIJUjIyRjkYr5nL/Cbjqlg8a8RkFeVeMKioRjBSc2qkpUkuWVr2lFaOyt2PvH4hcJ4yUq1DNcG6vKuWVSpKEedwhdVL8srOd1NJNfg19x/Hj4S/Ej4PajZP8R7cWdz4ihEumyX0cW4vGxDxgxbgGGGzuxuXaflyCPyq+P2t6yNH0+RblBCnikJEkQRCW+7nK4wj44znHpuJr60/a6/4KH2fx7sfDstxoetWVzpN5NNKLg+cXZ8gJAd5MURBBO04wCeCGr8wfix8UNN1fw7osSQ6osieIoruZpYxsVGORGpb72C23qM9uSCf6H8DuFeJMkwU6+f5diMJVlKolCpDk9xSSg3COibj116d9Px7xK4ly3NsBh6WHxuDq14csqv1SpJ0lNuKSV3d6WbT89NEdhp+p6jFdXnlzbCIzJIokbeWdWPIB6Z/AHrwRWxomtaiyoZJgySzk8S5MZUc9ccDbnBPAyAcLivL9I8aafaai93cWV1PbX0ex45IiCkanDncFJLN1Uc+5Ufd6zTviR4O07UbaNdEu5bRLsvcQvG2+RCx4jcAhTg459eVySx/bnh6karnTwVRx5usdNVHurNNPXazulrZL4OliaH1SnfHU4NJJe91ajo0tG+t3qrWtsWviydRvPCj3SBbhTewx7lVm29AzAgAgd8HkdMZU4d4K8QSaV4VW1fbMxtp4yodiVYjb8o6KuR0DZI6A8V6H4x+OHwo1TwBq3h+38GalZX01zZS2d0gOxCkyhxM56KcFemWyQCeK1oPi78FodHSzn+FGoxXEWnW4hnifZHJcKimSdwSN6yt82DkMWLHua9KjnWLwtL2EcpxNdtyglCMUoxdpXfM1pe6S2T23Z8xiMFhcbi51Z5nhqNnZOTS5ur/mvrdWdt03ZWv8xaZf63a2mr3FlLe2S3E06XHlGRkxKHUNwD0VmJ5wo5yRxXwH8afCb6RpEtxaz/AGySTUJ5pZXVvMQyOxl3EgEqGYDO4DJzyK/b3w1+098H/DlqS/wTttTkgeKaLzUR4ZfLwSk8eCsgfBB3EDGevBr86f2v/ib4X+Neuap4i8IaB4d8Cx6iRYTeGbQ29taWUSZDXJWMLtmlO0sMAgYz0yeSObY+r+4xOT18Nh5XcKtWUHJbN+5FzavblWr8kk9JxGU4GnF1cPmVLEVrRThBOKS91N3dldWstL+i1Py00+c/a5oZFSJRENzqcBn4AJZcHkg4YZOQAOCFN3WGnsYrYW0rRiTygFZiOJOWzjoMfMT3Oc8102oeAJbeQLDrOiqxCxyst3uLHcQWAJOO2MLyORgit6T4XXuuQ24fxH4eQR7VjL3aBsRgZBw/zZ6Z544B3cV04etN0+WnB8ujXuvTVaN2slZO7trbbU8Gphq3Nfkpy0eqnHuly3Wuz3W/e1ms7Q5nGnL8sEjs8imU8sSVzkNnPBHuBk+ua05dblt9NsiCoZC4YqSAQSQNxHJwR6465IyANa1+HV5Z2otU1/QQbeVn3LdZL5Bwu49QABgjkH5W6VTl+H+q3NvDGut6AojmY4a7H3ScAspJ7HKggEfgMepSqRpKMlFpySbsr2slfzau92ujvbY8mWCxkpSi6aa5r6zjL3dLpXtv93VIwE8SXxwi3D7iwYDzOxYdiR149ycj1r0SzmdhHcyuWdo4g2ZP4mIGQORnB5JHJ6Abq5U/Cq/jlMreI/DxH7r5ftYBzlSGGCCBk5yM7hXcQeELqCaDzdf0Fo/KCnbeg5xgDC7vvg8HHJBPA5raliIXvOfu8yTum7tONk97dn831scUsoxnNpSsu6lGzeiukr/ltpdXbMDxnOBrdqxCMgsY8ljuOSTn5ecY3Hnpk7gMGm6ZPEVQZjJJ6McMAcg/Meox6bSOvQ1peJfAV7quoRTw+JNCtGS1VDG92pYjHy4OR164B68kcVkx/DTVcW7r400DIyNpu0Gcg9QRu28A5JPHQnFenRxlDljHmV1G3XRe7b5K++9tdLq3m4vKcZOorR1UUn73upq3drW/e+zYt88Y2OqRsqMqtjPzZfA2gZIIGCCcHjHzZ5yviQ8sltpV7CAFiSKJQjEHeyjuMbQM9DyckeorUn+Hmp26yS/8JloDmJWcK94q5KkfKMMMkcE4yMrk5PVviTwtd6zptpAur6ZGIVWR5GulAuCVALLyDjt6DnGehwxeNprlUJOVmmrRk05e7taLtyvSzVrbG2ByfGQlFSgrSveXMm4ptarW61923k3seaxawqwFGbMjEAqj8qQF+Ygj698Z64zir9lrMt7e2mn+VjM0SKVYbyd4ZslR3OCQADnuSSKsw/C2XYbhvFOjK28FVWdd24dSQM4PBwD3XJGcGug0bwRHpzC5PiXQnuY5llDPcfP8hwFXI5AxuI4wQucV4tbFupGcOSSUovaM23onslpe90lbtqz6GhllWFaE1Lla00mtV7re+qe9kraH6t/sdaCU8T/DTU7nx7H8PraXx7YWqa9FMsOo2JcRLLKXLbkUKN2S2Dn3Ar9jv+CrHg228MfshWOqXXjnU/H97P43WW38R3rMw1WweNEhkExJSYKTxtZsLj1xX8vmpa3qVzpegw6V4p0+yls5zNcyJclFEgYKJo0UkNMm3KtwQRtB2tx+rX7WP7cmjfH79jn4Sfs/aH4lhvdd8GLph1a7vbCCzhMVpaxRyCK4Ql5ZZJkLbnyTndz3/jzjzw44mxfil4fcU5dhcRisLQzqpHNIUsLFQweDSUqeIq1nD2ii7uHK5ayadlqfv+S8R5fHhDOsor4ijQrLBWoqVROdec42cIRumndpuzt9q2iZ+USQXVxIZwQqeflgDsO5nOAdjYbKnknAJ/h5FZFtFcDxLdzoY05WNwXyWBABIyecA9Bjr061XTTL2GOcSa/ZNmXcAt0wJIb5iPm6E9Rjjjt142/8O65danLPY67YRDMbr/phLDC8byTlhgHqvB4O7JFf2lha04YaNP2UuaUFfRq0rJX1T1aTT1vdq3W3834rLqlStU5aloylu5K17bqN3aXS3rfU+nbfS0liR45wW8v7pcbfmAznLgDg4HG5eFOQCKqXeli0jeRhETIoIVZeSy7dxYZyWxwOueecgY8D/sPxo0LsniawRgVwU1BwMKp7cEFsDLYBB46kYm/4RnxjcW4d/FdhIViLhDqBO45GFILcsDjv9eKwUcRJyTpuKdrPSyvazvbXZ6O99NWTDLLSjGM02km7t2s0lfs7a3Sv6XPaLmxNjp82oSXETQDbJIqzgMqA5Kjnkn0HHP0qxJ4B8WS/D8fE6ZLCPwdqGpPp1qXuYDeSyRZDN5AcSiNWAALLyCAOleAW3g/xpqUEqv4gs5I5JBiN74lMr2VHdQV7nKnccjrXa2nhP4hx6MdEPiK3n05p/Ojsmvx9khdjlmigMmxXOclgOPWuGssxcqCwvJCEa0JV3UTk50NOflSdoyelpN2t0toephcswn76WKjOrJ0X7Dknblq+7yud4t8t73StfR3SMz+0DLcxWiSKcTPxvwFC5wFJ44HOAR1IyRk1q6DLZyRX0rmDz0u2ZdzEEgNnrxt7ZxzkdQwq1pfwa8WzyyzNdac0yLuj/wBJjcNvBB6MwyQcHBBGOCuCo9R8B/srfEXxBdNbwzWSQXk6tu37mZC3zMgPG0DPXtjPSvpsBTlL3baVOVW0u5LlSV0ruzd9F3vpqeLWy3ESTXK+VN80pPS3u31a6Pbl0V9zn7LX4HWS1cI6DdsWNtzuxUjarDcQDyDyTjcR61+5n7GP/BRrx98M/gh4a+FVhoTW+m+G7+6aG5hg33ElvcuN/nGTAAK5HOT8x4AAA8E+Bv8AwTG1rVbm1vJr9GM7JJNJdQI6RN0/cr/EBuyDjOQTjGK/Un4f/wDBLeOCGNbnXL6RZIlSRbS3W2iIIIwNpyc5A7gDGcZFZcU+E2W8c4LDYfiHB0cTh8NXjiaMa07ctVR5ee91d8smrWtb4rWuelkXEK4YnVqYbE8tWpD2dWMYKaspRasuluX3d977alnwn+2Lb+KNUaXxdZWqaQHa5jiuY4QoZ+WckHP3uwHfkjt7kv7SPwqS2+2QR6KrKh2RxvGrk9uNq8ZGBkY5IK55q1ov/BK7wPHFGuo6rrRLEFgLiUkDoQNrEgd8c7s9eld7Z/8ABMT4L27Rm8vdZdI8Dab+Vdx53fxBVG7PAHAAGckivsOGvDzJ+HMJDC4FYfCwioQUaS5lZJLRJa25d73d7Pe68fN+MZZjXk5xq1W3zWlH3eZcrTa02dnK+r/P5L8d/tY6RFDKINW0/SbYF2iWN0MhVgQTlSAvHpznnsa+BfiX+2dpMElzFp+oXN/cqCss6ncSVJHB4UDnCgMMHnODz+5o/wCCb/7MyITqttLdBcYE9+xIADLzluduOvA6jPasXUP+Cf37GFiCJvCNndEbt5a4V/MIPLNlgD0A7c9DkEV91hchwEmlOvXqOyuoUZ6X5dE2kle/V6W08vjMdxHjacZfV8JCm7aSlKOt7Wej0/Fq1tLNH8tXjP8AaW8YeJPtMFhKbW1nDfvXkzKd54wd3ykjGeSPmxjtXzbqNze6nPLdXt3JPNK7MxmcOcHk9W5zweeOeCcgV/XtffsZ/sXWm5Yvh1pzFFOBvDc/KQepPrxwc7sdM157rH7H/wCx1IjBPANokmG+SNyGDYwMdOCCcEHPJBAOa9hcL4WslGE5000rTlSlfRJ9H9/rZWd0fLVOKsWta1GrVkt4Qk7aWuk7JNPa/pqtz+SqW3iQNvkgDNuyhcDYozjIyOGPLEYwTgE5wOcvY1jZyZYSGDYVZB8oHbggg578HPUc8/1Ha9+xj+yTN5gj8HJAWDHCzOCCc8hhgcf3enoBkV85eL/2E/2Z7suNO0a+tGCMFaO9ZCOC/QkAlSQwJyRk9wRXDjOAcROMvquNoPX4akJ0735Xd2Uu2qVttXuz0cDxZh5te1wOLpt2TlGMZWvyKzSd0trXVnZ9LH87N1K53KMbFXPzSEAkk9xjJzk7R68gAk1zd0/mx7WYIAGJUEHg8c8nnuMnHT+I8/r78S/2BfAsdvcXHhLVtRtLhGfy4Z38xCwPALFySDyOV27cYwa/PP4gfs5+OfBl1cbrRb2wQk+fCTI+0Hqc4JYDrwDjkt1A/Oc8yHO8nvOvhnWpQV/a0WpxVuVX5Vquu+qStrsfo2UyweZRi8PXcZSUV7Kr7ktOV6ba+90fS22h8zXVnkHEuMkkMynG3HKk9c4JCnOQRnJrmL2b7LlRIzEA7SM4YBQSTk4Cg4B9ecjrnvr/AE67tJpLe582Mpn5JEdSME4B3AZPUYHHOQ2eK54W1s0jA2+9huG44xnaRgjLYGeMZHH3s9B8NVx1GrenOapu70qXi1L3d107K/nbay+vpZfi8N7OSpOaSVnaT093qnbVL/JvpwZ1q4jLRxmVmYYz/CuccgHnjnJHGOSKvW+oanIiiN5OrZIUkhQBkjgnIOCQT97HHQV3MOnacNmLeJSAxdQAe/f5cAc/wnj17m1FbWyErDFHEFBIUD5Tg9RnaCx4HUduoGa8ithcJaUp16STa1Ur3Wjtvfs1012vc9SlicarRhSnZ+TS05Xq1rLbyd/nbjIv7RlAG6YbuSw4DAnGVBIz2B4/I1ei025ZQGWRyzEkEnABPGT1Iwe/Ixwea7aG18zny1GQPlwRk9iMAfocAHnvi4lhKW+SGTa2Mk59uBySDgEkYxyGBPIOMcRk+H5eerSckld88V1SWl/LRvt8y50c0rR5fZVI31vGMvJ7vf8AG6vrqmuUt9G2Y3M5KrkKSVODjnj0IGAWHzDGe1a0OiozAneBheDkEeh+XAzxyMEAdgK6SLS7x2JWGYBcbWCliD09CRngckg9MemhHpmpvj93ICOSo3A4wCoGF7g7VwcfUV6K4gyOilH29BaJWU1rblfR2te3Z3fe7fF/YOdVtfq+IldaWjP+6+yturLVaWMWDSQBuCYByuCduN2ORjIBXoAeDkKAMZrcttLTgqPopBG7B7E+w6A5z0Xk1bTSdUyd0cgGMqpOB375znsASRk9sZq9DpOq7Cu0qGYkgvkjAy2ORz3znPcVP+t2RU73xlFWs3acGrrlvZb31erWq93TRp/6rZ7Nxtg67eiS5ZWv7v4LXr6vY0tOijVgMqhU9T82MHJAP3eTywxnOAGwc12dnMEC/OsfC8AZDL2OQTjGeBgHrt6c8jb6RqKHAMaqVJ3GQEg98DluTzlevQ4xU/2S4Xh7+3iGPmHmhmyMnrk4yNvAJAHIyOjXHPD19cfTsl0lzb8u/Kt1d7+tupu+Cc/lb/Yay105rrT3bvdO1ne10156W7aTU7Eo6k5KkjJJA4HHUYAbBHGcjmuR1PWoFUsiBMgYBcAEjcM4DAjPHbngFfTLmW2TcLvW4EUIRt8wc8r15BOfXg85G0Zrj9T1rwraf8fepmZQQd0cgBBz93kgnAIGTxwM9wdZce8PtxVKvOcrLSFKb5k1FpaxtprdrTTqOXA2f04xboxpxdviqwi9OXRu6lpru76+pJqOvW8TliRk5bcrYxzuI2jOAOMn0xznGPPNR8VQxsQZUJwWAJ9QeCBx9Rxj24FP1Hxv8P7XcJori5cDnDgKck4PBwxPrk8cdlrir74ofDqFyy+FjdFVOPMuXIJA7jlQScHkf1AtcdZe5r2NCu07f8ulrZp63d7N7q/Rab3h8GZg4pVsRQhoub37vS2nuq13romt+6Fn8WQlyrPAB8zAhwf4sgHOAcE5PHBAzggA1T4sjBGGUgDgRIXznnllBJyOCM4zwAeBWJP8bPDVs2+x8B6TuHIa4ZZOCeDyDkgcHAA5POTWTP8AtFXsJUWHhHwxbjb8u7TreZjyD95k5IwM8jIHzc100+PYxfuYStK29+VLpbZvfvurPoc8uCE0ufHUIp72U5dVtdXvsv00PRLfxXNJtjgtZnBGPltJXyODnKx8MTxgE9cnkDPQ22sa1NhYfD2pv8oAK2FxtOeQcGLHPfPt2rxH/hp7xzCSLO08PWg52+RpVrlXJP3cLww45yQcDqcmoH/aj+LMgITWktwTj9zaQKB04xggchQeuBgZ5zXXDxErJWWAm9t5xtvFq7tu9nr108uSXAmWtqVTNGtFe1Jvqtm2r3ve7+56n01Zp4vlCuPCmrMWORusp0AByQVLIMYJ/uhRz2wD2Wmaf4ydtx8N3cY3DYZESEhieSVfaBkngnGcnOMc/Ep/aL+Ld9uX/hMdUH8JWIBTtJJAAUZwOgAyduSMDmtrSPGvxn8UTRx2uteKb5nwAEE7KdxOCAo4zkHgfdyQCNorroceZnWqRVHLXN/C4wcpNq0bbRat07PVtJ6Of9TsjpK88dXna2qhSjde61q5N2Wttb+eh+iWieDPEl2ym80+3hLqrfvZ4VO3AYnCvxjrjcR74OR7n4T8AQyGJryCyVQ6q4Miux4HQJu4znLd25xxmviT4afCD9ovxNc28uPEP2dmUFrxplGCAcZ4O3k4Bz24PJr9JPhp+y78VGNnJqesXVsdqKymSQqOQckHOSOmSOo6npX6Bkmb8SYxQn/YlSEdP3lRcito73mktPPTRWT1PKxORcP0HJU8ZUqSv/DSjN9NLxev+bvpdnuXgPwTogkgRYNOiZdqufLDDaCOWLjgkYGCQPoDmvun4e+FNBtorYLHpDMAoXdHGpLEDOTjAAPGSFz19j88eFv2dtW01EN/r90XKoHlEhVRwDyC4bsCcgkAdsZHsmm/DKDSV2P4ouyQBuK3mCoJAJA3g4PbHPHIGBX6dl2d4nAqMsTGhB3Ta9pB9l0dk7q2/a+54GLyGjXUlQVS1rJuE7raz00e99F+Fz7R0S102zgjH2nSoQvVUkQKcg8gdRzjaM5GMk9a7aKfRtqhtUsEZgCSs4bBHTbg8gEkfzyDmviGLQdGtgBP4rucAgANegnHVgxErEjP3TzzjOQONVL3wXZspl8ROGCkA/a844ALcyYIOD0z90HkkV7f/EQsPQi1J0LqyT9qrqzje7TS0Td9PK76+LV4Lq1W1F1I7XXI+8fetdJb92r+R9jyz6LFvb+2bZuMsVkAPYADGeBxxnOfesmfVNORXKa0pAAI5GBz04Bz06npntgkfK3/AAsP4eWJCS6ykpGM5lZt4VeTweeBz3yBxwDWdffHj4V6SJGFxNcFNxdU3MrY4AJOeDz7nB5FcdTxSwML81ajpulJ62UW7f5o5VwLi4tWlNpNa8ut/dber3t1T2btbS31e/iCNVRI9Yx8pIIUs2euflHPrx2xgY5rPPim7QyiPWp3GCFC2xcEZ68rjjA5/wBrnkGvh/Xf2yfh9okZey0jUbtkTKKkCbSecA++0HJyDkc5NeGa9/wUostNMsem/D28mdSR5kzSRhv4Q22Nemeoz7k55HI/GPJcP/FtJdHFTm0lyvZNWvpvune60G+AsXNtRk9LJ3aim9NUlptrdLV6e7ZH6i3Pi7WRGTFcXVwyrwRaAcdyQRwOpxwQBzgHFY0ni3xZLzDbTTDOSHtUGR0DFgc7TkAMcknbwcAV+Oetf8FRvHips0vwNawcsg3m4kJU/WMA9MEZ4AOSD08p1b/gp38erl2jsNFtrKEgj93YPIF9GUmMEjvknI4J54pf8R94aoNfuMTNrdU6TV17q0bbtfo0rLpqYS8Ncwne1SDvs5VNUrL4rapb7b2Ssz954tT8ezYf+yotpGMyRAZHBGCBkH1wMY7jipRqHiuNGaS3tUfacCWRtmc5wAcAkg/dPTP0Ffzt3n/BQj9qHUyiQX1/bRZ2lbWyIABOdw3KAAewAwCScc5HIaj+17+1DqrSK2peIJlcMdqiWPDHuu3OCScADkY6nHET+kfksIuNHJsdXk5Nq1OEXb3baO/Vb9L2PPxHhNm9azhi8HSTTu3KpJ9NdIee+j10bsf0pDV/Eyqxa50m3+QEqzhcDkkk8jB4GG705PEGtK7CfWNDiJwYwZFJyv3TnI9uwGcDkYr+YiX9oH9p3VAqte+IwoBBDXdzhsnoQMjgdR0zkkc4quvxD/ab1F3Ual4kjLNuwt7chVzzgAngH0G4+h71wP6SDk70uGsXLortLZpav2bXk/W2h4WI8Ds7rt83EeFpQdrL2M5tN8uqbmtl07bdl/UbB4pG8peeJ9CikwFcK8ZYtk/N/EcgHAyeg4NaUHinTzJtbxnpIL/KoVojuIwevPOeSeuCcZBr+WqHVP2lrqQE6xr25cFmN9MPvdySR0GBnggEYyMCuisV+P0jjzvEusxPyxDX9wMk8kE7yQAcnIY8k/StI/SGzCr8HCta1lZuolp7u16dtdN01fXsckfo/Zpa74rhv73Lh7aabfvL7fnu7s/p/XxFpJbzH8Y6QxOcq8scQwO25Tg9RuznkjngVUn8X+GYi0kniTSSXDFs33ynHHAB2nJHTPGW5wOf5u9Pg+NGwC68VauULFjm8mcLhued+RkZJ65Ax12111lYfEWRVS88TajKgJwPtcpKgfLgkucDoMEkAYwAcA6UvG7OsTJKlw97FNqPv1E+zSsoLVPfyvZrY3h4A4y1qvElSSauvZ0Gmlpu3Uavpo99Nu3763Hj/wAFxsZZNd0EhDna5XOAeAGzk9v9rA64UA5tx8V/AFsCX1Dw7IAuWCSx5wx25LZBJHUjO3GfUg/h/BpPia6VRd69qDhSM/6Q7MAME4beMYGemWI9uRpHQJw22fVb2Y4DDEz45HBbD5I4GBz65IJr1KfiTxFi4t/VKNPmS5U27padVZPzd+/y9DD+AuEpNSr5zi6llaTs1e1vs30WvfTS63S/XvUvjl8PYWOH0JiQSQJULDgc9MHnnBOeeCDnPGXnx58BvkKNDQEN1MYY9QPmxgg4OD2JxnGBX5b/ANgW+4Fri6Ynjc8r7cjhhjOTgAd+CCBmny6BaKpdTM5PALu4UgKehJzjtxz90dOudXjLiasnHmw8E1veWt+XbdK2vVdbNan0mC8JMmwTT+uYiTTSd5NrRR9d2r6d73sfpBJ8bvBizrJFcaREylXRlmRGO09CVwenQ5zgAZH8X0B8NP2j9PNzbQWXimz4bcsJvWJQgnKEFgCMAYB9eOlfincaTax4z8qqpbeXbdnaWPLHGOnG4DPA68M0SdbPVLMWjyCc3MXl+UzoWcNwCFOCAuQSMk8ZAOGH5Pxvk2L4mwtarjKsFUhCTjKME7NJN35veSut72vs2rH6hw7l9PIIxhQxdWUE0lGc5Wt7qVtEk9L3SslttY/qu8A/HWedIJG1KzdXxgpNld5IyflPOR0DcAdGOBX218PvjVczmOM6lCmduUEgIBGAACSR8xzk57/eBxX87fwne8XTdN3z3cZaONmDPIcvIvYE4zkkfLnA5y3Jr9G/hS15/o2LmdywHDMenALMSQSOD8uAMDkDPH8S8RZfVwderGNZrknKN4ppNJpXWrWr2W+trI/c+HMbSx0IQnTUm+W/M+bolr62d/lpa5+3Gg/EqSaFD9rgJZVO3zBweOQfVTyOcEAgkDFd9B8QbfaC0kat0J35ycA5BHQe2eTwTXwL4QkkW2jDSSZTauSSC6k8AgkkLg554z1Pces2rybQ292BwMMQcBRgck4yT12nHuMZr5ejmONg+VTlyxas+Z21a11u9d+76KzbPsauR4Gr70oRTf8ALH02VnZO17dbvfY+r1+IFsoAWdM8HBOOc/w8EE8D72D0zySS5fiBZr/y2DDByoztBBOcLnHByTnkAEgjmvmiGdzgswwBjI6nJ6EZ3Z+XOemPerQvQpUsxwV7c56cj8McZ6HBGOa6P7Tx2ynZ/wA1vT0Str+Fubc4Hw9gm37itdPSytZRv2fS2u71Wtj6OPxHscYLKeB948YHrjgA8EDPHHWqsnxLtgwAGcjquR0xweRkYxg9CO1fPQu8gruAI5PGOB044z9Cc+vTAT7UvIZiGOCcgnuQAx6EZHQ45+Xp1zeY5k1/EcU2rdbfDu5P7tNraXaYR4eyyO8G9re9s21ra97W3a6apaHu0nxQjBOIpBgffA5JHAHoQAMDgDg4AOKpv8UmU4RCc4JABA4HQnAzjnpxyCeTivDZLopwGDZBzjaME8575x/eGD2HPApvdpjiTJG3AXGOOD2BGRnpkE8AEVl9dzK7X1h6+SStpe2q6fOOtrdemGS5X7qVKL1s03q37vd3Vul16ab+6n4qS/Ntjw2cnhgD820/J2x2xypHXBBMDfFK6JKbCccEfOMcfKT7YP8AtAZPQ/e8G/tAKGIPIYbQRlu5/vDII4OPwyc4a2quCq7cAryxP3euOuegz1x2GRWNTGZiuVrEVGrry7Ws76bWWi0vtdGn9i5bfTD0rJbydm9IO1tVeyVuyXzPc3+J+oMcrHxwo+Vsnvzz3z+HPSqk3xL1HazLiPajsWPP3VdiyjI3Ec5BAJI6nArxB9UlJCqMEkjnn8OoI7E8Dj8jVnv5jFcsSARa3XQMB/qJCQARkH1wASeg4OOepiMwUZP6zVjJXekuiUbO176u2q2fytpDKMvk4xWHppuUVrG6SbS1vdWXXe93dLc/Mvwr+3r4gT9rk+CLjSI5bb/hI9csILlp8tL9nUjzpFJJVeoA55APc5+3/wBpT9sDUfAvhPxsW0azli0HwPP4jNxISY71jE7LbBVG4sHBGNu0jH/Av52PCclzL/wUG0BR5jRT674kllbgqzieXKnJAOFAAbAORjuDX6i/tu2GsyeA/jBq0VsyWTfCaS00+NU3NJOsbhioI+8MfKeucHAC5r5HFcd59Tx2Aw8K8o03GgptRvp7ZQlKTdnZRhJt767n3WH8PeGqka9WthYuXJXaSqSX7yFKlNe7dNqXM00tOyPgHwL/AMFJfHHjJ/EF5B4e0uzvYLK3lspZAAPKuJwvkxo23eyq3zEjjaMYHFfsd4t+LHxa8M/svS/EyGbS7nUtP8CR6wlv5Jljhhuod8iuqbhvVS2zpjAwATz/ABk/AC/14eJbGTVINXl0x0+x3zrFJ5UEsUxcJI6hQrA4zuIIAOOAM/1V/HH4x/8ACuv2MG0W3jglu/GXgPTdN0lbmVBJJ5tvGsqKrNwUiy7ADgDIHIr7TiXjXNMJmeR0IYy0a2IinCmoylJtUVaad7qV7O3fto/l8q4EymvgcXiaOAveryt1b29mlLmlC/LtZO2u1vNfmR8Yv2sPilq1p8NrvNpa23iHSbjUXXYMJM0hAkwcMGGSQDgjJGd2TX5wftAftdfE/wAA+O4LKGKyntn0mG5z5QzLLIQxlkYZ2qSdxA5bPfFfS3j7VrDXdC+D1rcW8SPaaHJbXbRyciY3O04w2SoPAwQBzkYFfnV+194e1aX4jwwafFHPDBoNmrYwx2EjYmT/ABYxxnO3HoQf6x4Lz2GNyLC1ZYjlrVFUTXMotuM+V3gmnpy6PbS3U/mrjnhn6nnWIp08JCdGm4KElT5kueMW4u+rs72fTU+qfgz+118QfH41hNTextxYwW8gSNN6OkmAUBY4xkjIxwxwM8GvNvil+07498C6nqYgktZQ1xG6Iq7QfOAbaXHC7QwGB1IOMYBryD9nIXtj/wAJJHPpLQI0VvAkiqA5fgfLyAxJGWHHTucV5n8adG8X67qmpwWOk3cub2MxvsVldAoHy5JwCD7ZOMY5r6vEY6nSo+0liYOTcdXUtZ3XRyTd2k+nTur/ACEcsq1JNRwKaS05aTaT0urNLve6XR6tvT6X+GH7RnjTxf4v8P2VxHYwyX98sizKVaQA4JDjvtYA5Y89iSSB6v8AtXfF3xr4J0zw1cxNBc/abqSKSBG8sn5fk3FCDwCRjd13D5ckn4I+B2h+KvDfxM8N32uaLdw2NrMjTOwHlRgAHI9MkYI4PqBk19bfthrc+NfDvhceH9Iu7y5jummaKGPlosfKQwHBO3PUEg4HA58XE4+jWxVGTrRnFJKX7xNJq27Wll0u/h7Lf18HgK2HwtRfVXCS1jF0raOMdly7Xvut9k76/Pmn/tceLoy9pqGlRTQyPsDtduQucgYDdSCenGQeBzXf/D74/wDi3xB400PQ7aG209L6/CrcB2LGM7iSynCuowAd21fm9K+I7/wP43V4o18O6nuQOWjWAl1YkfJwM9VJzzyBzwCfevgZoPiSx+JHhO61bQr6G3tbhPPlmgaNIlZSyljkZOBtO48nCgcc3Ux2FSnatTcuS0b1Fqmn7t7u1tLWatroTRwuLqVIRdCbjzq/7naL5b7RVrKzTut3t0+yfj98UPF/w+0nR9Vs2tLmW6vZbYxFFJJHPnOeTuOMAfdwCRXydbftbeLRDNA2k2Mrh23erk53Er8wOeSDk57k9B7p+1jb6lrenaNFomm3l45v5JJIbaF5GiRcoHIAbhgV7gY+7wSw/PyDwF45W4d4/DOq5DyEMLJ/mxnnOMZAxkeo656vBywXsKUpuHNLmcm5p3vKKTST7a2a9Qx9DGU68oUoVIxja3LTclqoNtNJp3sr6J97bn218Pvjf4g8VQazMVjtmjsZZdiRKB5gAHByPlGBjjnjI9fvDxb4l8Tt+yf4fuI7+4Mkum6gdqEhDuGRkAlcAgYO3I6cbjn8p/hZo3inTLXVorjQdRt7iW1eJFa3bMgIbdkEENzjPBABJbGRX6ratY6nefsq+HrKOyuftQ0S4L25GJAxRwMA8Anjpzz2Y8fOZ9VwtOth3Dk9msRTvyyVk3FXe70u27rR20Wl19dw3HF1KVdSjJz+qybfK0+b3e9rLq0td3qfh1rnxe8bWeyI6jNmSWVTkgjAcoBknjhcdBgDHIwRz8Xxa8XyXUSSavLy+NqgbTubpjIKgdARzkDPYjU8R/CXx7ctHLD4fvWC3ExcP8rIGkYqCCQRnPHXK8EgGuVT4T/EGK7jkbw1dEq4YbQpIAwxJPAxkZK54PHGa9ClicI4pqUE1b7SaTSj266fLe7djxKtHH+0alTquXOtbPVJxeqStrqlv17aftx+yN4h1KL9mX42ane3Mkl1NoKqm04J3bgMEZJBUnvjI4Ar4C8beLLseH9Ku4r2bzIfFF/EzNnI32sWVUfwghgMk7gT2OK+4v2YbHU9L/ZX+KcN/YTW10+lKrxzYJYRF9xK8nBPTPHRv4uPzn8QXM934agVkVQvje8BYR5APkRDHcDGBz/Djpxz8fhqknmOaSdRyTxFNrrGypxsue/a3upW80rn1+YNxy/LKXLy2wrvupKXO9dNddFrvp6CfCnw18TviNd69B4I0XUdcMczvei3j3RwRBmLyPIRxkAnBO4kHqRX9Zf/AATR0y9H7FeleGdck+zXq61rKPGyFHikidleNwVyCrq2cHpgHKgV/O1+xR8TdP8Ah9ceLdAku5rOTWprq4hvYVUr9oVWW0iYnnyzMdrjbjaecggH9ofg18TPF3wu+Hmj+HYHkuH1SxvPEUiyM6/PfXczPLEsIbClGGAFzzg4GWP8zeO+NzfM8LVyeOGoxpQx2FnhajlPnrwjTqSquV3yrl5klrfa/U/ZvCHKMLSrUswp1p1KtXC1Y4iMrONKXtIcsVZ8yclZ37+SP1u1TwpZzR+I7574IP8AhU+saA26M7Q5sJiTnGM4bPXoMe5/g0+KWl6lpmteK7JI7jFt4l14JOzMsckP9o3CKI84DYCg5BIBGdwOQP7cfhv4/wBU8c+DtVsIdMuGv5Ph/rF3cXEzu0XmtaSpkO4UgsONvbHzAGv5P/2uvh1rfw3l8MX/AIgtUaLxbNrV5bxRAAREarcblm2/eYqpK5556E818/8ARwzP+zs1zTL8VOl7fGVaGHoRc1zVJ0I1Jz5UnrywSTaXS3Sz7fGzI6tbB0cZdyjg6ftakrK8YVVThFSa2cpNNXV318/znFrfvDGqrKWwQ21sg5/v5OflJAwSeQD05ro49M1HybP5HDhgGLONwPByBnHHTDc59q2hq9vBPKiWKRquNucHd7ADoepJI55HrWkdcaSQJFbwKMA8kblYDJOOCO5HfPADCv7Qr1qs6c7QjFveWurv20Sd1v0bSbaR/L1GnS5k3Ju7WtuV6uN9Fa70Tv113vY/p3/4JgeHtc1j9l7wLLa63JpFvp+t6mbotIqvJE08qssatxlnbb0xyfXNfoV8LPCmlWkvie3vr6XUpYPFbTCV7koEaRiwJUNndnksvONo7NXxf/wSrtrG7/ZQ8DXN5F9oeTW9XMiwkqu1bqUqWAwGIIyflyxHy+/3t8LtMs7vxD43CquY/EduyRuFCquwHB+bknB4IyM9xg1/mjxtjKr4r4ypOSgo5rUT5YQu2sUrXklzO9+9lZdz+9uFqMFwxw1UvJv+zMO10Ti6K0dtXb8LvdWP5DP+Ch+k+X+3H8corVo2RbvSpUSR9xcvagsSwyeM5wCcYI7YP5/eJtPYX8r+cok8sgRl8gEAAbSeM89ODzx1yf0o/wCCi2n25/bk+N0ZJgdrnSQpXBEZFsN2cE9cE4Yjt8uMCvibUfCml3E0iyPIJC6nzNvVf4s8YG7PJHrxziv734Eh/wAYnw7Nz5ubKcCm7WTSw9KzfX/hr92fxbxhJLiPPeXRvMsXor6r2rts3Z/N6p6p2Z4Tptk0V5Gbq4jWJUdmw4yQNxUEg8EkgKDnrxy2QzXL61vbqCNDNEttAq7gxZXPXj73HPHfGO4GPeF+HmkLcI6vvSZAigoxLuwOFwATkc/dycY5OBUsPwks5rhMyiOaQpHErRgAN5igcADK45IO31Jxgj7CtjaOH5dVHkbbbb96yhbXSyvslpp93yUcLWqvZy5pR91R/wAO93e7v36+SPENch/0fTZLSN8iGHzPMBUkkHJBbGSc9BkcgABqoW1wywpbmGSImUlpOwIbDc8f3jhcE8jiv1L8RfsuadaeCtJv72WxkuDZ2UykMUba8SsEKA9ckAg885JJ4Pz14q+ENlYNE0NoixymOMzIruiSYBJYkfw8ZxnqpIOOPNpcU4Gt7sa0HJtw5NG+ZNJ3to9eqv3a1Z31slxlDlc6MuW0Zar7Nouz0dm9NbtXfc/cT/gjxoukeKPgLqGi3wjnvLbxHrGoJLNEZGjECkqpUjDRnJJG49iQPlNfol8ZvCVifgj8Vb228tIx8NtWimCL5MUrRwSgoFACE7lx6cjB9fzw/wCCUd7oXgT4S+IdIvZ9Tu9f1HW9XuNIi0q0lkMltFGTJbFkjZV3H5TyoPtX6B/EyDxT41+Avi3S9I0XVNOGpeDNagafUlYFLlw4HmpGCyqQrEZC45OVHT+KuM1Wq+I+YYupiZwoPOMJypSsoxjKhrrrdK7dt46W6H9ecHOUOAMFQhBp1MqxCvJxS5nGSslJXTae1rWd+mn8N66ZayT3Cu5jYXt6CiFsKou5cc8ZB57jg9Dk7uz8G29tDrUAtQekagBdwd9/TkDG09cDnI5GMV9neHv2BfifrN1DJFe2CDUru4+z4d3aSR7hwY1QrkksQAACWZl6HNeoWP7Dviz4ZeN7Dw74zaTT9Sng+2pa3Fu8cklsSsqPEsigsjKNwcDJXtjp/WlfjbIKFGGHWYUfb+wVop3lLkhG9klZpO1+Xr5o/mHDcKZvVxym8HONNV7yk+W6Sl8W/bV2Wp4J8eL64X4dzLKJAjaRZRIoXBDYwcZHbHIyevPXNfkejySTXBVZs+cQXA44Y8ZXGDjtnnBPIHP9Bf7Q3wst5vDkOmPPFHCyWttLJsGI1jDL1HB5PJBPHI4FfJfh/wDZE8GRWjX2qa1CHM2RCvRlb5hlxk5IbjA6Eg8Lx5tDjLKMFhovEVlapLmWl3q0t07a6rXo+p9HmPDGY4yvTjQpxfs4JScnZ6WXe2rsmrXunbbT4D8AqLrxDpFlFoSane3V5BbwJOhl3NM6qp8kbtwBYZGMAcHvX9D3wt/ZE+G1h4W0XXvih4m3yXVpDPJ4csZ4NGsLTzYVcRuFZCxH3XJyAcEDOd3yR4J/Zn0jTL+11Pw2thbXNrP51pqDuHmjaM7gyq3AYnBBwvc9Pmrv/HHwp8ZanZT3useOL29U7sW8uoSRxKcYwsSNtCA9FHLDjOBXyeecaZZmNWjh8Nmv1KN5KpanJ1Jc3Kkk7csdLPbXr5fQcP5LWySnVxGLypY+s0nTXNGMIJcurVuvo+jPtt/Gv7IvwRsm8v8A4QnSZ4F3JM3latqjlQSNrr5w81sdyAPocH5K+KH/AAU4+FWi3zReFPDGseM5YEIhe6A03TVaMsIwiQgboiBkKRkg9QM5+ENc+FEsU88ctzDI6khpJpjMxJJAZS5I+bPUhRz0OcnltR/Z/trm3W4l1SAsQM4iAAUjJAIGDjgEjAJBAxwTlg1kMZRqYzMcRim2nerOXK7crttt5X06abdGN4m4hmpQy/B4XAxWyp0486S5ftSXK3p2630Z6P48/wCCpXx88RNLbeFU0T4e6aysiJpdrHcXaoQUUi5kAkV8H73UHJ718YeNP2i/ip47uJJ/Fnj/AMVa+Zc74rrVrkWoBJJVYFk2heeVACjoK9DuP2cpnuXVLxHGTs2jGQckZB4HvjnoTxxVRP2br9S4eeIEFsbwSSM4JIAPGcAjnaTwOQD9jhMVwxCKeHWGjN8tpON5N3jf3pRvey31726L4jMMdxRipf7VicTUik9FUnyJXXu8kXy6JrTlaXyZ82XHiS+uJkMafM2cuS8jnk8ksWJJHcknHXFQxrr2qNJHGtw43Ln74AyRgALwScDHzdQK+rLH4EJp7xSTT28gBA2+WMuxbHlruAzydpwTgepK59y8N/CO2tw04sQUDwNvMHlx5LDKFsZAJOcjIyASC3I7K2cZdSiuSpB3tyqLau3bTVpeujs/uPEjQzCo5XU007u+v8rvpe12kvha6aPV/nZF4F1i680z7o1UfMXDZQHDDIIyGyvGCO5zwa29P8CQpEZriaRhuAG1W24Axn1bkcc8sOTkV9v+N9M0bS7m+glsIbZ3bYFULgsVz5hyBnA5J+UDqTzmvn2+ktbeC4gjlRX8wsFOBtUnIwMAZ6kE9B6muqji5YmEZx91NJrZXbUba+V1pfTpocVX21OTg3K9kuvxaJ3T03u9db3d1ocg2g6XbRKiJEJMRjzCA2/cVJJOCAeO3AwcdQK7Cx06ztr+xhaKPy5bjT5CEQDc4u4gSMDqc5J7nOTgiuakMtw8a2yzSsGVAYoXlJ56/IrHgDgYPqf4lHqvh7wl4y1XUbC4sfCWvajFHLaZCafcKrKs0TtIC0YUKANxPQYJH3cUsS+SlUvOLvTmtXpzWt3e+iW+yLwsMTPEUHGnUnatTd1CXKo88d7Ls3rtZ9D+/b4falFon7E/gi7jBf7H8I/Dl8sPmbTItvpyMkC4Hyg9DjPGcf3h83H9u3WE8O6Ppx8HW1nqsthbQaU1tcTSEJGNjGQBduWON5J656ALXkuoftn/AAh8N/sv+Dfh3qF1qLeJX+F+kaL9gjCRraalDYCKWKVy6jMT7hJknABwMcn8nbj4/WOjy6Y8euWUElmzo+JGupxE7lsCMKy79pHAIXg9DxX8y8L8CUM1r5xiM8y+pK2PqvC+05knTcpO6tZ8t9urbVtkl/TObZ/Vy+lllHA16K5sLCVdRlC8JOEEk7JWatqk01+B97ft7/tBz/F79lr4g+Fb3RbfTX0OxTUL2VZBi51DcvGAfmZ9xbLZAJwCcYH8l0WnQxSzsdqESbykjbVKjhdnIyvPBBGBjqa/cn4i/GT4Z6t8NvHtx4hsfGGt6Rf6fFLrl7aWbRWiWi7TKdwOFYkbVbjhhgADLfndc/tUfshaHHHF4T+AWseJJobWOJbrWbl2SSRF5kZTnO49BznvxxX7nwrhKGR4OeBwGBnChGs2oRilGLai/eu1ZPdbvVrVs/J+LoLNcTQxeLx+GpVJUbt1JPmkm1qlFNNuyV/0uj5Kksg4EcEMksjA48hGmLFsAbQoJznleM98DmtPTfBfizVbm3h03w1r96xOS1vpN0wORwWPlYUHPJ44/I+y6n+3Zcae5bwP8APBGgxhcQzXunwXcyBchTmSPqOBgZwVPJ6jkrr9t/8Aae12YjQz4f8AC0bKVVtK0Wzt1RDu+Uuke4gDB6nkdQDz9c6uNnyuGGjHpedTRXtp7sZPyTvsvQ+Elh8qpyftMfKo00uWjSunZxvrOXXRrRJroxmj/AL4130V2ll8NvECiW6PlzT25toXRzkZ8wIvPPU9CM5r1DTf2OvjZLbT/atO0DQYp4lLNrGt2ETqHHOV887DgZ5AxtG4rnn47179pz9qDxBqE2mah8UtcjDTtG6Wcpt0XGd3ERQgDt6BT07cvNP8Ttdn+0az8RfFd8ZGUTI+qXSqxYNuXy/MI5yw7jnGMGsp0Mye9ShSTtb3ZTava+j5Lbab9ttELE5LRfNyYqrs2pSpwv8ADsoqVvPp3TPvG1/Y607QUL+Mvjn8OvDUb4kmt4dWgupo9mSyARyMDtJOcEc4G3bzVbW/hz+yB4WtL3/hJf2g59euhAqSWOhW3mJJgHcY3XkjpgHp1z2PwjB4CkubkPfTalfEncXu7ueTeQeSSXyB2Ib046gDodT8C6RaadMws4xMyHa6oWbHfLEfnjvwDyM4fUsQ2vaY2paL1VOEIK1kt5KTi/RaWS5rFxzjLYOKo5XTk9LOtVnO9uVK6XLFa3vZWT8j69tvir+wV4MtIG0zwz438cXkMSAvOzRRPLGMhiuB8rEYA5ODgn1tW37Z/wAINMl83wH+y5p95LIVSG51399sZTlXwVPzHjJGGBPQZOfn3w78PtLn02zmjsoIljtwz74BmRtvIYYyR9RnvxXf+HvCVml9bQiG32mfdHEIwFJBxjIBxzwfZq48TRwcIyqVq2IqSprmtKtKMXblT0hypuydra3TtsEeIsQ3yYbDYSgtk6eHhK12vtTTWjtZpaPW2tz2A/tk/HO/JuPCHwm8B+EI5kYRyx6RBNNEuAAxZ4uoGACSTu75AryHxv8AtLftUpqOkNe+ODosmr+ZBGmi2sFlsVt24boguSQccjgDjjp9V6F4IVtOV0s45d+5VXBGCeML09zzkHOc818yftSeFLjw3L8Orl4Tam91CdUXDorEJvO047ZGD68ADKivByvOMBi8xo4GEYc1Ryj7/vzbil1m3LXe9/K99+mtmWZyoyqe2nFJXaglCKta1lG2nS9v71+h4l4m8QfGXxEXuta+KPi27mmLl4zqtzGhJyBtVHwQccgA4HHTAryK50LVppcahrer30jOfMNzeTuQWGSS3mfNk/MxwPQnAr242txcB9ys0QU7NxYkttIZwcZ7nnr147jBn0wBZncEuqZLMcHI44PPGMYyeMdCK/QqWEpQaXs6d9F8KXa7a2Tvp1tu73aPkqmbYmtOTnWqNvbmm3eWlkl2vu3o9XvocX4d8DW1zIyPcTSeYXWUySPLhM5yoLj3yB93qayfFvg/RdNsXlgh3TW9yI/N2fK3HR0YnGDyMHhh6Mc+5+CdPjkuIlIckyIwUYAJOA2MgeuemCcn0NYnxV0yGyt5l8plEurW0bhjhVDkZz6Z43ElTu/uk5ruVGlBP93Fpx6JXT93Vpav5972aWnNh8XiKlaK9o3FSs91bWO3ql3/ABsYVjbpBo+iLBCCHijPyoEG/jcQcZJJ54JPQnpge++AHaHTtVQqC7RdBlWOR91gM8DHfq3GcVw8WmWn9i6aAjDy4wEIXpkDAwOeCCcgZHPHevVPAkdrHZX8ZIlLQ72b+NSAwC/iwHXngc815eKajRm0krNO6StdPRel2+m29z7HKJT+v0ZbtLdu60UdXq222tX28tRNMguhf2YmAgdby0lh7OCs6kEEDI9ceoXOT1/pm+FfhzWfj3efCH4fvNN/wj+g6T4f13xOQ7DzYLW3hCI5B2ne4BO4lmUkY6AfznWFnay3+nSyLgPc2i4wd64lTr6YwSRjuDjnNf1Zf8E2be01HRvGuuBVkltU8M6RbTYBaGBNPTfGrEZAZuoGcZGc4r+UvpGV1h8mwWYRhB1sGqyoTmk+SddUqaktLcyWz1Sa76n9WeD+I9jVzJLXm9la3eL1u029Hppa600b19v/AGQLGHQNK+LOhWyGG10z4pa/BbRLwqQ/aCEUDHDHA5GeoPUYr7C85lDFnfDEnl+RzwRyePukjpggnnNfLP7PUS23iL442yZKxfESeYKSSMzb2OB05Gceox0FfTbkF2YfdOec4y2DgjPPfOMDGOPb+A88qVaua1683ec1Snbe8pU6cm3bW+rlrdWfyP6GVOKUYtL30pNtO7cmpbL1aUeis9NyytwQ4bc+X4ALHAAAHXI56DoBjJPSj7SrSAKdvALH7xyM468EdyfvdeuKx2ZmZQGJGG+YngEkcDrkgDAIweuSOQZFJEqjoCADt7KBzg/7OBnjndjnipoVpSUY2S0tJNvyto+2q2st1e462HioKSS+FbJOz89FbbW/k9bWOV+Ptxu+AXxr3twvw51stnjrauB6jnjv144I4/zm9faNfE97u2sn2u9c5bYdv2yfaVAxzlh3JBHIByB/om/tDzBP2ePjgy/w/DfW8d2wLckc5GOO+Dg8YxX+c1rsxk8RXe7ndc3XGTgkXk33scZycdOcH2z/AHv9Ei7wWdzSSSxWHStpq4tXsnr01Wl35s/k/wCkM0sHgYWu3UqJd0lyO6e17t3d9HbRXVvUdAjQRGWOBEZ9snyriRgFJyrdR2Bbj0GSCK5HXL9msdRkcFHed1B3EsQoYcJ0XI49eCeCQT6ToO5LAs6IkkcSEMBuZlKkY53Ebuvy4wenWvJPFNxFHaXqRMqGS4d33nBDHjAxjnK9gD82OnA/vfKm5VWtfd5XbXRvRvVO2jV7W10voz+GM3knRejSUmu+qtfTppazvrb5ng99duC6DO9pGO9SW+VTkfLxtz3B6Y46cc40+Q24MXJJDd9wxjgjjOcnOAQcjoc6F5MrXOF27iGGRzjoepxkndzgjaOeD0bY2Et9cLHCo8wvsOACGz1OOgGDkkYHAOD1r6T4nyrVWfroo9ullfr2uzwKMqdKnFybbfTeyvF3+TT3d2tdD0Dw1aCLRhdfIGcyMzMD93bzjuOeB9R17+M6U6HX9TY4Um8ldSmeSDnrk85JYqcDkjODX0NJZPY6RDaEhGjhd3UDaCwXv05yWHoCPckfNulI66zqEi9ftcuzI5PzNuI64B6EgnuOgryai/2ukr2d03rdWtFPy+dlo79T6Cg4SwGJlFu8oqzbemkUvR7u9/XSx2+rKkjRMcYC8YYk7ScDOQO+eQOPYDIsWSonl7SxHGFPBwRg5xjhRjHBJ7AnFU785aIO45jXkKOSWI2jHbPXsTyORV/S13FTkHDEYbkAY68kkc4wOOg5216sYTV29Xe3fR22+927Xb2Pl6tSaUYvSF7332kn1uk3o9HZJ76NGJdsEmkxjGTuHdwpPzHPHB3fqCTkZfpsaqpnjO1i2QBxlNxHBb2zgnJ7YxjMesou+cqTliVbg8bT83IwOucjJ49B1zdPMwliQFm3tkLjGRjjHYAex45OB2wm5R3srtWlva7Sbt21V9NJXet7vrwsYVKbcmmtne76Rs9dE9PdvbW+2iXfTyBbQlDlivQKFJYkEkEAgnIHJyBjgkcHh5rxjOsYfbgsCcnJYEjnkEHOccjH4ZOzM915S5JCmQjIPAxxg9e34g5IyPmrk5kYTA7SG3k8YA5YHJPGSDzkZ+X3ORjUqSjZX0aje+ydovXonfRb2StY66EablK2+iSenZu22z3/AA0SPQNKKYXJHMYLt2znIye2TkDHA6c4Oel0y4ZJLldyAbgWbOVGT14Jxn24zu6Z58702ZysgBbqAu0jkAg4HI7HI6YBK8Hgxya8LGeaIbyGYBvmztGNpx8xHXA69OgGBWlSpy04SbWqsr2WqavaySSezvZqzSetmYXDzlipxjpa8tG9b2fntbfYo61bvN4vuZtoMbx53rhgFHIJ/wBkkgDI546ACuoiKpbBVQhlQAkbcA5XGODzx0wM5JPbPKpcNPrzO4GWt1ZfmJUDrhhz64wARkfn3sLQG1w0aqzqgYAKCcjaSSAT8rHgYGQTn0q8tbcKkkl8bvvdu8ZN9Fprfd2+Q+IZShUoQvtRT110Ts9b7J+j1+7MhQblAXbwAVByTnABz39cHncQM1cktVZElYM7ICrjHC56D3ONuTnkgk9eWIVjmIA2hMjPHAPQDg44OenOMHripp7gCLBRjhSQRzzkEMRjngEg9dpBzkEV6yi/Zr3bpeST05UtNEnay10eq11Z8p7SUatnezsrJtWuoWe17dr9Xr5xjT+InVg+Oq5JHOSc9DwBzxwR64BkGmO0aOGbLAhieVQYBw2cE5B4B4IPQ8CscXlxFJtV2xISxG77oJAzwW54GcY5+U8jFXorq5SM7WbawIbJ4Yj+PbnBJzwuMfiamMoPTls2rv3bu/u2vbo1ouml0upsudfC7bqyvrrG+tr2t5art1zbrTgk67iTtcsWyNrKD36kjnjHPGPXMVxGqLGm9cMD/EdoyRxyFwMDt06HI5qO9luPMV8jL7gW5xzgAkYwRjkkA9OM55yZp5cKN4IUEA7icsDgdPu88kZwuMfdAA4atldJLdJXSva6u00tXypXb2va3R9lFVJRW1rpXa1+ztZ72/XS7u2XiIkUydm+UMMFcEhRxnk/NzgdOQetcHcxJDq1psCkJErk9s4yDx975RyAO3AJBrsVEk2EIySwxnLE7upHOM55z2yOueeN8QebBqUhUEMYO44GBuznqvzZIxyeR1zXiYu6alJtNNLdb3VrK3VWul0fd2f3WSVOajKnGTT5Wnq9bqLt1trdu9921bQ9DsZLQwoXkQMyfM+7Zt3Hdkg4OCeOgJOMZzzYnltoY1/fxLGQSx3AMVJOcg5BHXjJGOOMEV4HNqt/Hkee+COcZwR2IyQenBOORjJ4NZ02r3jBVM0jY3D75H8ORxuA6qOOnfOc1jHNY048vLdrrorpWs+Vvmu2tFbdW7J7vIJ15upKt8XZa62vrdWve3azd9We6nULBBgXce1mPO4AbV5G0AnkgfNk5JwBnJpTrOlRgMLuPPJYb8AgDHJ6YHXGPQk4Br5/a+lIXc7Ywc5PCkZOG6KTgjklu2TwKZ9qcgKzOwyM8hsjjkBiD8vQ9DjjJ75yzyXIlGnHR2s272VtVpbdvS6+fS4cMwTfPWkrvTRXTstne6XVuzXXsj2ldd01Wlbz49xJGDk7MliWY4wc5HcAnGMnipv+Er0kRgfaoxJnaxUZJBGMnd1P3v7x5xxkZ8MM+x2AduCMtlsBccj0OM+h3E9ADionlAB5Yt1AzjhupJBwQOSNw6YyeoriebVlfljHu7vTVpPS2/az6/JdS4fozXK5zatG97be7rfbrrbXV+d/eH8XaRGhQXEbFsglQAGB7Nxt+XJIyCDjv1FMeJdID5W4QKxCjPBx69sHPzDooPTGcHwp5W6hiQfmbk8jkDDEgHHc59TikSRiApLE9c54zkjnnueM4+XHsKqOdV09Yx0ts1tpa3W/S76Wt0K/1bwmq5pbK1knq7Lom/616nvOpapp19YSR2l1HITEzcH5m2nGCAeRxn5QRyTxzT/AcKm3maTKgkhARgKxbgHgE5IyecjsfTyrQ0kK3DADasZG5iTgnIIx3JPGTng46rz7H4ED/wBmtJ5f/LU85b5flAPOOeevsD1HNdeGryr1IVXo2lzJ9L2+5pa67J3OXFYWOCwtWnC8o6fE0m7tJbbtWT87bbnp9gS0yRsSAqh1wTksBjnjgc+/J5AKjOJrjOblgisBuUEMcnJBLcnkDB5z7lQB06TRFee4XCY2RtkFjuG1WODx+KgEjjOcYrnNXYNeSAsMiQbif4s5HyjoMN0ODgDJzXt6NRbte6T6e9dPR7tJq/y3smfN6OPvb3W2jWq0er877OzXcxkYRqMgjb8pYHJZTxk4wBzgYyDyOepMwYnLEOMKVAx90ZwMBSSxIxg856cLikfOcKMncDuOBz0OckYHUdT9cDNWFBwCQrHIXHpkZ9AML0wCOxHFaXsrL5ry089tNbW+ehw1o8i6NdHs2/dt1s73Xle3dkpBfCklR8oBAzjA7k4PfB7Hng4rQt4lDpn7hwSSSFUkg8gZ4HJ/Tmq6YBYkjIUEMe7EfLwAPfLHkcdOh1LZE2jJJJIAIJBIznIz1XPT5s88YKmuqhKSWySuraruk1d62W6vtexx8nLF2s21d6LtHTurWsnom+h0sakACMlgdgBGe2CVP4bePTHqTWXrspW3yODkAIAduRu5z1yw6YHAyeOlb6xLEkah8sQmM5GcgHOAuMepXtz6Vz2vhVtmK84b0+XPcEdhnBGATuYYxkVpUcXSkktUr3tvdx6+Wu9+mz3zoJqvT5nZt7X31i01d7a3Sfk79Tz7RP3ni3w7uB2jW7QHqDhZOAOnQ8dd3Yjsf3P/AGfWs7e6vri9aKAM6lpHcKVQKmxRuIABBBPPTOenH4RWE7Wmt6Rdsd5ttQjuioAAOwk4JHByRjouemCAK+7Ph98R/EvifUYNNs5biGK6vreNYLYMrtCWjRssgXAIVhjOCCRwevxGMpOtUqdLJ9dNLX+9dX20dj7+jV9lhqKvdqSaeul1HfTe+mnlvY6T9vLUv7R+K9q8JjaOHQrdFdQHVwAQCeDkYAJBBYAc8cD87ZWkMjFsk5bgknKg9QBnHHZVPTgnLZ+/f20dMGl+PNJgMcqP/wAIvYF2lJ3BzCCx55OCT12kcjAIBPwtLEF2naGk3blbuwyRzxgkDjB7gDPXPtZSo/UqMY6uMd3ulorJ3fbTTomuh4eLrSWMqymrq900mnqoKzd0nvpaPTRtJpUbRy88eFUEOCp+YcKMux4IB2jt/F8p45r9Cf2a9RmutS0sShNk0zq4OCrPCqlAcDpzuOR1xzjp8M6L4f1DWJnNlbPM0KSSkRLvZEAy+QASAAO/IOTz0P23+zNYTx6n4fjkjeNftN11HzM6qATgqeCMluuCORnkd05wk6cE48+isnqr8u/yve91q+2mEouc4SSajdp6aaNJX69f1aP0Xjik3Mqn/WMpOACF5bAyfQAAnggg7RknGg/ygFduWHCqRkFSM9MYJGei85zlutQwosT7WACtuYnLAgksAOMHGONvIXGM5NRzMq4ZNxIyuc5GSehAHbqcDocA8HHV7Kpy3irW0fk1bR6bLVq1l5K56NOcYq10tGru7s1Z2aVtOztd7aWsVJHKOpfBLliMHDDGQQcNjaOh9sDqc1z11OB5rbiTuwEYnjLHH3gOnoDwOMjAroJwAoOQx+8G/h3EFgoHbr04AHGMnNcfPFPLdKckhidyrgKDnCnI9R1P4gkAGrhT+Hmt7yaab6+6tNNd9lo72v1fPUrtPR3b1dtOkVdpO3S3Tv5HzZ+1NLGfhVqe4sXN5Ep3ElW5XOAfTsM8DoDjj1P9mIv/AMKY8EhiDH5F6FReWx5zDOVIOQPu525yMjnNcH+1rpUVt8EtQu1IaSK/t2bA/iygZCx59wT97Iywrvv2ZVKfBbwRIu1T9nuiUAJI3THnkdCD146HocCsJRti5Lf91F6J2s2rrRdLWR6lCqvq0ZO6bqddNG4Xe+/e1u6eh9J28yGPaM7VYDzDuZjgcAEnO7GB9R+SzTIqsxJfd8qA8YbIz9SD06DI/Cq0eFVAsYDSjIAOQW5+btwccA4PB44xTWEjsgkJRGyS3HyseMKcYA+oznk4wc7+zWtl07tK6SV1Z6ea3t5bkcT0Tb1dul9m1rpJ692+vZkscjOSuWD5ABIJ3KFycjBzggjoAM8HOKlMxVSu5mZm2RqC25QrZPC5wBnJB+UZJ/iwJFVQqkBTIqkLtzuPUgsDgk4PXqTkg9DUTxSb4pN2duWDqvClsghkGMjnGBgDIAwc1Lpu19GmtnbfSyfVdd035JI3hiYtLVpad+tl0vfV39Nru5YWcNv3ltwTBkY7tvGCAASM44HfkZFPjeMEHOVcZLE4IKEdsqeuOh47bjkVCwIB3BV3Alh8oIZcDoOrdweNp9QKkjjRn+Zw4dM525CbuTgAhe/PTGBntiVBb2teyvfVp229F6f+S2M54hqTad9PO9ny3/G6u99kXUAkVy5Rt3KNliSM9v4Tgg54BP4gmNnGWYlzuBUbeAzBgvAOBzjAyCenbJISkcfybi2CFbAII4z3zkk4zyc/TNN8wGPLEHChgWOCNv3tvOCR29c4GQaOS1rWu+z79bab+nTe21wrydudW7P0ts/Lt+V7FUy4kbz94JWQHbgYBjYZYDk54+fkADPA4P5vfs8Mkf7TnjiQSbVivNZYFhliPP4YBuC2CCD14xnJUj9HJXVgzs3zBZMNszkCNvrjHUcnjnjrX5r/AABDt+0h48Kqpb7ZrBDOAu0GXGe4IyT6nJ46ZHDXTVTDrrzvppqlbV6bWtpbayfTopSco1GmmuWL06Pmjv8AO9ur89GenPbW974F020uI45YFvSPJfbtcAkDBA4HcegHVjzWDo/gjw7qMz240WxQKSJZm+YR/e4IzlgD0BGPbnIj1LUja+DdPClo3M+8YBwCTnJ4J+U8gfKcjaCOTXHW3iy8sVmWCVHllT523bCDt5JycAjIO3gEj2r8p4yeKnjqaw9WUIKhTVk2tXZvz1vre/ddj9B4e+pww1R16UZt1pS1UXJK6Vvetbtffd7oofGnSNA8O+HrmHTbC1VzFsEsJU/OBxjOWzz930yOAecX9nWRYdA8ZllQGSwdACuTt8twTz2546gEVxnxG1K51PQ5hK0hCy5b5gys5JJ7/TOR6dlFdp+z1A40XxeHwS2nMyl+nKEYHP06YOOmKfD8KsKKVWcpTu25Sd7c1nu/k9eljnzKdGpi5ujBU4KCSjttZvRW7f8AB1PlzV+Lu6UOwxc3LYBOBumkHIwPbGDz71z9xJdRrIokBQYGGB9CTgnj/ZOcLkBgMYz3utaHewXt21wuwpPMVJTlgZHkAGMZCqeOhPf1PHXcAKSmXGCjFVGdwIAwO5yc8L15G0Zr6Kc4xTXMrX6uys7P1dr3b19EfLxo3xDaurTT0drLS6e//B08z2v9mQu3jm33KuMAcICTuYgk5HzcnJ4GBg5wBnpPG2nXDeN/FDhEkVNQkkZ9uACDkYPp/snrnBPFZX7MVpJ/wlhuf+WCBcnJGwbyM87T8x5x0z6Gu78WQsPEnjCdH3J9sbOSAHBOQOvbJzycY4J4Nc1OaspLW+7vrbRqy6p3dttE76LT2sTFxwkVLRvW11ZLTVrR7WVlbrazueW3glktQzKNifL8o3bt2VBxyRgDlhuwe5GawvDyynxEY1UgGaDOAQQCy8jgFccgdeCenNd7H5AtY1lVF3zRoW3AgZPcDOB1HOMAdePmwrdbaDx2yRFijNbcKchuVLLt6jJJHHAx6kVljH+7pp3tdNpdbtLX0td9raWZzZZZ1dbrZ636pJN6aXtdpJrqj6J+NMipH4Ubc0u3Q4YzuJ2kYQhVIUDceSR3xknoT4HIjkPMIXMbRk/eA6L0UY4Ax24Jxz1r6F+LarLbeF/NGEk06MAFQCB8mAxzuzj16rk4BxjyG9WOK3jUupQCRdqrjbkAA+p/lhs59PGxGJlCUFFN3a0Sej06SbdtdXfXVq12e5CnBprmWi27JNRSWuq1d1Zczu1bQ8Xnuy2swKAoKyQY3A7gplTIPO4Y68kYPfjJ+8tceNvBnhYSEINoUl/lUEjrkDIHAIGcdBwOnwlMEl8QRiMD5poFK7QSoSVcsRz16g55zwfT7y1xFfwToYKqwgSJwMZDZiLsOPboBxz9DXXWqOWAnLbWLVrXSaj17JppPTXr1HRpqcoK6abdtei226aPT797nBiKxwNrRSbieFkJJOcHjPc8dQQenvm+I9DeCzsboROI5buHaJDyxEg5CjOc5JGcZ5I9BWt7iCK6VpbdXEjZjUbhgljgMu3GOg2nkgcnnNdt4ymt/wCwdGLI0cn2qEspcErkqQMDoBgAc9QB2GPChVqKUPeTV4xeuv2Xvre1/K60fRnZ7CEudqykleyb01Saez0e+3lpofTnh/4daV4m8A+HU8Q366Jpkmu2EV1f+SJEtLW5YLJcSK3BEKMXIKnBAwuTmv2V8D/8EXv2b/iF4H0rxV4Z+Nd7rzanZG4U2dtZrFNMIgzwJG0gaJg58sfKGBIzjt8XfshxeDG07wnJ8QdIi1/wwmoRSavpt1gW72gt2IdxtYfLwQRnOPTNfZD+LfhDpNqdQ+GniDxn4VFx4pvY7Oy0TXbl9NWy8x1UQ2gcLEI+BIBtHA45OP5q8eM544oZvgsFwnmmaZWo4eE61TDUFWw9RznTglOSSmpxSfJFNLVaaXP6U8HOGeFcxyHGV85jgPrSxFqU8XShVcopJqm+dqylK0ZNWa0toj8Pf26v2UNI/Za+Jug+F9B1W61Wy1aT7UXvkjS7tJoZ0UpIqMw2ndlc8dAOnHp/iHwjqcnwXs4IFVhNPps6ZALEyw5yMk8MQQVAyDnrWb+2bdxal42fVtR8Q+IfEc8uo20NrdeIIpPNj2yfvVtpnJEsZIG4qx+YDJ5Ir3iXVrA/DLw/azTRRSTWul3EQZ1EjGOHChVPAGTzjpz7bv1jw8xefT4Yyf8AtrE1MxzOFBLFYqVL2cq01a05QaVpWaT0fW+58Lxrl+RUc1ziOWU6eFwk3F0KVJfu42jG/JvaLd2t7KyeiR+EPxM0i5sfGurQ3URSVZERlZcFW2jOCcdcew4xg5OL/hqzZdCv3YMpZ1A4Uf3SBy3X2zuAznHAPrv7QtsrfELVJljjkaURu5TB+U55yMZyOoyenbGKpeGtGgPhe6upUaQF/l3D7o4OCPpnqeQOg6V+jxkpKLkuVvlbTSVrtJprXbXRXve5+TUpQjOUIXkr6OUWu17aXs+mnS93dJe7fEYE/ADw0TvchbIAKP7u7JznIG7IHJxjOMYJ+OAkyYYMwVvRiMtj5ScZXIz15zzntX3J45EB+AmhK6hgrwBAAAIwjnKnI79OATnjGTk/J1laxyyKzBfLJbAIzuZQBuKk575xkfe425rprwtyOKuuRN93ta9tevXXe+pmq8oStLW8mrO7lbR31TWmmqT13sYOlRj7faeZnO5QW3HPzYwOvIO4ZGPT0xX6Q+L0jT9my62gK0YsUwxIO4kFvlz82RyAAc5YDqK+JtK03T38ktGpcXkeGCjKordsgDnrweRyRzX3P4kMFx+z/dW7Rnabm2zvHJUYVccgdBnAycfLkcGuSumqM99bPS2qXKmrXd3o1bbRnpYed505tpKye8t3y722d0vL7lf89LYz74hImQqg7gc5AXbyB/B94nJ45PXGN/Swya5pPAGLmFguOVLSpg9+gPA5wMZPr11t4dtBDuY7SduOCDtIHykY6Hj5c5HOQKz59NjtfEeliKY/6yFgWXOGDr8uAAMDjA6846ivnOX300tEvJX1Wumunn1TSWt37lPFwmnCKd9NXtfRX0a0e2vWy3Pqj9piUNofw5djg/2SoODlh+5UjPXkkt9OvfI+PoAGkiRypzIcbuuc8Y4HI4I5xjng4z91fFvwjceLdC8FKl9FF9i0iJ28xBhgYVAQc5DbuT3HHJHFfP8AL8Ir62T7QdXtAtuC+NnzHYCxAAGR3GMEHA3ZOCfNqVaVGrKN1d6cqb0Ta7ry1snZtdVZelRhKdNTunFKzvJ9JLZaaWSt/ele70Ok/Z42D4g2iZjK5k5VSG4UEDPcDGM53dc4zUP7R3ln4p6+EZQClkeRgkiGMEHsBnPJHT17bv7Ptkw+I9isdxC255lG1cDKfKSTnkZxz36/XY+PngXVtY+J+t3FvLaLHL9nQb22niFQvQ8A7enIHJyRnPHiWm4ylLlXKn71rqziknu3ZXba+6ysdWD1lK763Tbst4NW1fW1v+Ht852tsZdzKB8oQZG0ckjB49RnGR1GWGc192fsnRLHb6y7E48m7RkyG58iQdCcZ+8TkHvgjBr5XtvhzrsNuytJanzFBQLKoGFOCeSA2PvKMAkYAz0r7g/ZO8B67aRa7JcRwtEI5dhSQM0hlgdQMcnqeu489eik+PUqL2VVc8ddLp2vZxVrbPaza1ett232ppyVndXSduXTZa7W76pvufEOrlB4p1wNIY1/tjUTt+YEYmfBBPAJ4xgdexI57nQJYJDaJ5zEA5wpZgSCOQSOTk5JOAQfQCqXiPwL4l/4THxFElgsm7Wr/Yofll8x8Mo7Z4CjjHU5I2js9C8B+KbOS0uJdLeNTg7mYbFG0jPOSAAVzjk+vGK8TMabdJzjb4b6Ppo9Hs30vvtfofS4etGLgk47w3dkknCXX01Wq16X0+m/hmoC6KVLE/2opIfuB0zzjHpjd6cdT/Yp+yLIy/s6eAmPCmK8O4E5A3DpnHHUnhgAoPPIH8efgCPyv7FjdQrrqaKeAhZuCSM5wOeQT36dDX9jf7Icar+zh8PQ7Ar9nu+pxz5npgkgbuQQCMnI+8R/CvjvQlOcEov46tkn/ep79W77fqtv1qlUjLI8KtOb63RVl/15k9O1/u+Z7c02eDuO4jGckDn23e3UD2pBcHjO3p0DYzjpzwCeuS3fpzwbUoiO4DZwTjGRx3xzu7DHII7c5zV2QllyoHPUnOeMZ45wRjoOp+6Dyf5YqYJbuL3t1W1rp6K/e2u22xKSaT5X23stElpql/X3qLkgLjB98AnGSTx6g4OACTjG5TT1uiCDsXk5JzzjJ+9xznkMuSRxkknIlWOA4Ai6Dg55OcKNuOOCCMEZ6DPXEn2eLBYxggrgc5xwT1I/8ezt4GDyay+pRbvyu6btK8t762a721XZiXLdc0dbpaJ36W6vu+j76EJveOVXPsTjcRgDJ5Bzg4xwepGKcuoEA/KgPYE87t3cgHHBIyd3rgZ4U28WAPLI79DyecgZAPHOBk4znsTSi3t2CjYSBgtkds9QQM8Z9RkjPA6EcDDdwkku19lZtPdW0/qwmqXSHb7lZd+y/wArEyXuRwEUYHXG7JycY6KeDyRx0Iyc1N9rG7+Hvkg4BDdBk4HbOMZ/CohBahgp64zg59OfoN3GOnXvkVY8i1AGAwP+0STn+6Gzz16Y4A74FH1Cna1p3tr215dVovTTZaK2qM5clrctTvpe17q3+b0Vtt9nxzKMEuCenXJxkgHB568YGDjvgZqxHIhAIYBSCCE4OV64K9zznHQ9Ae9TyrZThTs5z8wJYZHrjGO+D1J9MUqrCvSQAgcYBGSuDu2gkkddw9CPQACwMet3ZrRpavTW1tFte2iXWxi4Qltzb227W30fKrNNO7Vu9kaP7ojdvOSc9jlumA2CePVecjk56hjjxwV5xkBwOp65IHcnAzj39KJaMk/Nu7dc+3GfTpkYz1xmkYqCAHCD1HfHUZB68Ecg4PPQg0/qMVZqLvdNXul9nazSaXfrq1dGcqPZyteNk01fZaJ6q332S6K5oqEU4BQAAAsSADkkBRnoScjHAxgdTRyCFLIWAI4JAAAzkccnkA9xjr3rKJBz87Hpk725wTgYJOCOoIOT7cANMjZwD277cc9gT09+TuPXriq+ovaKtfpvr7uvXvpstrbWUewbbvonvKz0a5VrfvrrdpbdDV8zqcqOM7mJwAOCcDqBhjyep4yc00zEKDnkjGNx46ZPUYJ25Gc8kckkYykkOTg7uTzu9OT2zj0/LsSXbtw3DHAJOTzjjj15yMBc5wODzTjgZJ6Jr56JWVl2sra/grqzbw9tUnK+z8lb8Hro7Na+RrrcYGV2NkgFiDyWyAcnljnjjvgnqKlW7wASAcnAOSMkkgHOT1XIOfujvxmsZSDngZwPlPJHXAHXGO5525wMgAUbpCpCkEfXgk47jvzz657ZOGsDd3cXulu9WvJJ6Jt3btrrpbTP6qpWvB62u+23bfRdE729DeFyMA4UccndnjPGeuQOT9efamidMbeMckDJIHbI+h5UDIOcVi7pQCduABkZ6YPOM56c5A9jyB1TzJWIUAgdSAeBkc4Pr1H5ZPIB1jgebyl0ul5auytfV6t3WquQ8NBLayvd+8+ibvfy13ta9/I2WYYPIOOgOVPJAzg5Jxz16c9c8xlQxU/IqluCASOMA5zjqSM4PHIAxVNWlODkjAyQTkjPQBueo9sHHbNWESYcngcLnPCk4yMc5PGGPUg5OTitY4Oaa1dk0rcq1vZaX0tu2mra2s9BOHIrJpWtbW+ite3nbT4n5LSwqowJ+YHqTx/NQMc54yTjkgZAzKsMrgEjAP8AeIzt55AxxklQDnPPIBwBIFkBGTkLnkLnjAOM89fb6DHe9FuKglCCMEk5JA2nqODgn8en4dUKDSs38Ntl/htey5dtEra7bbc06so9Yvps9X7t3dtLXXbXTdtlQQuuSVzx1IxzkenGfw+gABNOMbEZJPygAlcZ5+Y+nOMnluNuO1aW3eBnAHq3bPU4x+RPvyeajaFgeoGTtGMgH2yevJ7nHqRjA9Kjh27XTWqbTaT15bLS70Wr06O+mpk60pNJ280u2l9Px1+SKsaMOCSTwflHUcjp6dce461cSEqp4I6deRyTjuSB15PI44wRh6hkALYOcBcZBz6DHYd88FuQOFIkGDuHQk5J9sdMYzz1Azt4IGOlexQpNWSa2j2SW3Z2vraT16JdDKVRy0irJW876r7kr+d+mrRNCuCAMEgg88L9T17Dkd+B94Bq0os5J3YVcAjPJLEc5A7DHfn7wIPTPjYjgqWbnAPBKgZ69jz64G0DPPGhFnBzyCN2cknpkDPHuevI7AV7uHglFel29W2rK3K2mlbqkrp9WcVZ3TT8uia7bd7en6nVaC+JpsZJNtN8ueGxDLwOQCMAcDgdOOK/jA/a1uYNP/aD+Jd09vLcIvjPU3MURJc/vJMbAG5YEnDEY9xwa/s20aTE7gcbra4z3A/dP16EZPTI9BnNfxg/tbyxR/tB/Ed5ZAp/4TPUlUEkZLSOmeCASM9MYwQcZ5r938HJ/wDC3goxu1zTulpZ81Oye+tkle3V9Gk/T4UhFUOLXPRPLcPe+iacp318vvvfc+arjx/o1pf7riw1ONNpfy3iLBDn+IHjqxUYB4H0I80vfEtjrOru1vpOoMpLhDsEZfLMdxGMdGz059COav8AjTUre3nk8pklIIZmJUqTkYA4PA6KSxwcjqc1y+jaxBJM8rzW7vG3AZ0UoAATxj34B5wAT04/0CwEq0qUUqtlyrmjdO11BdIvSy++6t1PxfH0KCrTlDD6uTTd5Xd3F3369HsrdFZnqmiahq1vdg2Gk3XlpbMrl3BMWRzsAyCRwe3PBGenbeDfjBZ+HL24tvEukTz3JYtazxsu+MKSQrqMjPBODzk8kiuL8P8AiOwjiuJBdxnP3AjK77wOVO0HH3dvUfTAyPFta8R6XNqtzPLcqL0SyhVLlWChySAuM4A45I5xnoQCtCXtLOo25Rvo+itqlfV2Ttp5ru8MNRg05uMYtNOKbetuW633WqWm7b6Nv7l1H4laP41+H3jCe0sZYhDaXMQabIO54m5UEKDk+h3Z7fNgfjmNSvrfTNbiihDRnW5XxwCcOcckc9O+R7ggA/pD4Xv4z8L/ABA0LRy/aYpy3l4KnERznbgj5gAQBwR3CjP513lxBHp+qozR7hqc7sNwUk7m4xwCSDjv68ZrXLE41avK2nzJP3t1pu27NvWz83qPM4wVGi5U1az0V29Gl073+WvQ9L+Dmo30tx4haWAKo0DUCQOSv7iTPXOQPQDp0x3+V9M1W9ttUuk8pnR727YhiFO0zMeDxyAAuAMnjk7jX1D8GrqHd4hlSRMPot4vlu3zbTA45J5PPynCjnvkivnm3+zNeXTkRCRbicqpIznzGGemPUfTAGDnHsxbjWk73bUXbRXV1pe+nnZaa2s9DyWoulBcumuiur35X1tZ6b2Wvo7fT9lqcl58Hdd3QBttpII2O4BBtOcZUAngcEeuD0z8faB4i1XR3EVnIqmUMWYoCRtH3WIzgcDgfgOtfY+jK8/wW8SOoiMUETMQGAwxADA8En14APU+4+JY41idJUdcgOQqEZGc/KeRwQfvAg5A4PQdGqnvbayXZpNpXfa7Svp63ZjCnHlu0tWk+bslC+7V09XfSy6W0Ptea+u7v9nzV9QnZXuLvDbQpAXypUQNkEcnGTkE8dxlT8xeDfF974e1K1vksVl2liFdsDcOrLnoOCdpOPu8YFfV+lxRzfs3Xkk+2NVt3EauoBdjMhBUgAkA84HJPY9D8g2caIX3tGzAME+bpkZ4PTOAPvbegJ45pxclOTWmt1qukYrTW/5+hcoU5pJRTSVkktG7Qab323Taas2/5j7V8ceKLm//AGe7PXUhWOa61lVaFxvMPIwd5BJJwQvOBnPpXx3N4w1LzoJWhRTG8flOpIZgTjPr3PTvgY6Y+nvEMok/Zps0LnYNaiXa2NpOVAUsvQ85xlicHjFfHweNrmOJSrMs6Eg4ICg56nnO3OMe/XiqpympSUW1eV3Zu32Ve9tklfZvslojlqUqLgmlFpJpJbXuntrrZPW61t3Vvobx1rMh+H/he5UHzrjUyzqDgEgAg5wDzkjHXPUDBA8n/wCElu4kUqBuKsz/ADH5CSOmNv8APO098kV6x47to5Ph94Pwp2i9Zlwp2ljxyRw2cjAI+XqTjGPHpNKAUkkMGBcoFOBhl4XoOMZIzjHPfinzRblezcnppdfCtt3smutm7WujWjCnKMVJJrVWXR3utFo9EtLdXv0734uJqMfh/wCHuoROrNe6e8oiBADHjlufm69/cd+fJoPFD25kgvYmjVYwGdG3A+vGeD0yMY+6c/xH6T+NukwL4Q+EjwklpNDwYwPukDJOMj0GT27cZNfOaWEf2yLfEJS00AmjZQQymRVIyeOVPzAjGOMYxWNOM6nM5tO+tk3ZXts9N9b2Wl7X6Jz5YxSi9uWz6cvl+TStK613sc1qGqaLdvOsyoWJVlLrh9p6sowobIPY+nHNcNqel6He5Nvc+Wzkhs9AM4x2HY5GSxPYnr7z8XPBGmx+I1NtAbCA6VYyPDAAqh5I1ZnCrgAE88ew45xxfh74Z2muTQ2h1GW18+RI43kBJky2NvQ9QQCTyMkccVzVcNVSc6d2kr3fVXvpZLp0333Zop0pRjGbvdW1TW/Vted1ZvVed0eA6p4M85d1nIj4J25I+bKkAKe2eDnjjORxk8BqPg7WrMsfs8zKMMpCtghRuyCA2SOp+97cHA+r/Ffw6vvDutXGjwXcZazKFhvZiVIXadrcLxkjHI64OOYrPSJjCUu9szRJkBhxIAeeu5jjJz0OFIG4/LXLCdR3jKm2klaUdNU12slZa9ddNNzSWFSSlzpL4re7otG9b3T7qyu79LHxXc2V1buytHIrKQXwGw2Wz3GPXI7ZJ4rOYspUMDg4G4nHpj+fTgH+f2zeeE9G1NpI5LaCMmMFwFVXUgDoe/PvuU9RwK871f4OR3Mbzac5J+ZljI+vAwcE5GBwOp98tSjb3ota7vbS11der/Bb7YSpTi3Z812kl6JddbJrp3aW9z5r4LElhxjbnAAHTI9iwwDgc8VIFQjc2CwzyBz1+vPQc56kdQMHtdW+HOuWB4tGZI3ALAMTjqDjBJxwwOTtIPuK5G80rUrNiJIpAVbg4IwucjOdvQjJGTk85UYFJSjfSTXfzva1tr+d7bByTW8Xbq7Xuml20vre912Vmio6DknkPtzgDAwNpLYztA+bac9wCOai2KWYKFKg5+7tO0k4Ge7Hg5B9ScA5LSk0TEsrH8wRkfeYHgDIPYdc9Twws5VZCTgnkDIwo75PoMc9uxyObUrP4naydu21nZPttbW99OjLJWumm7N6LVK3ZX3s+1lJvqPHDsrBcBRg8ZXoM455AwBxx1PFPRUY84BPQ47KMAnA54I5xnOcZ5zGSXOdo3HqDwSOmOAAOMDuM80udrFU5OPl28dssOvAx19xx3q1q07yut7cy7aXeq0/C1ktb3GUWlFdkrNW2UXZ7Ls/N3d3bSWNQH+YnAyFJ9ccbfQDkZ6469DmyJpAwBYgAAAnjtkH6n09gT2qkCMKzDBBHrnB4OMcMAeQvbAzzjMyMWyDydykbTnB5+8P4T6HHGDzitFUcVvJW2fNqrtbtrXprZW6W0tpGnG0rxjpurLpa/rpoXVuJeDlg2dpz29B1BO7BxuGM9Ohq4t7MVCq7KoHXOQSBjIJJPcE+h/8ezlZQoYfNuYg7uDyeCB098kDJPIPewDsVQArNv8AlCguoB+8xwv8PKjsx68EE2q1Vt+/ZLTq+qT9bK+mtn1aViPZU5KL5FdtNJpLzvotVfXy283ppqsqFRjJZQCSdyn3Bboy8dxnkE+u7Drg+UNESu0ZwGVemc4xkHoccdCfujFc5HApBVipIOVYjJHJOOQc++D8uOx5F6CHKiQgOCdrKSAQfy9APxyOQRneni6sbrW2i5tb9Nt38Wmj6XtpY0hh4tv3VF2T2k/5bacr37rrutdext9ctwAVBj+bqQSoHQgK2cYOfyByc4rSOq2swCxzBFCqc7OdwByAQScZOMZ6Z6ciuJEIPAJVcBeVJA7kZxnJGOSeh6dMWxCVUGPBG0YCjJBzyeeQF4J6+54FdUcbO1nJNqzd77tK67/fbd2WppHDNvT3X2bvr7tlbz06a7+T60XcLsB9pUswyVLFUz3OVHYdh3z05qyZjIhEcy7gBz5hKggnI568ccjoeODxyccEqEOoDnjacA5LeufcDj1OcECtyyihBLz8KFwy5wC2OQeoxwxHv1AqpYqTskrO90mmnslponZr+9on2V3Tw8odLJWd4+iVk7t2aXa/mmzQ8y4B+TbwoUk5AZgecMDjPHGSNxBzkEEKt1eYITeowBkHdz3wc/LkDk5Ixn61chi0xowzzyouc+WM4J9AM/Nkc9+PbIq9DbaQ3H9olFywCmM7Q3y7h0I9MnnAHGc4rkqzm/tWWl9d1eN3trutU3vp1NIU7bpq7TvbXWUVfyTTfbRPR62yF1G/UhTuUHplm+XGOTgdOOo6554FXU1XUenzE4A5BAHcc/L6jODnoucZroLXQNIdCza7DHu5wyDcCewOdp+mTj25rUtvDWhv/rfEK5LEBMJ1PYjsOcjGAc8VzuNZ8qjzNJp2u3ZKzu9Ojtqrtq17p2N1TjF2TSa5Xa9m9t7JXV9Ho76NLc5D+0r9eTu2gjHYEnqT1zjAPccZ4zgOGp3YYqC4PqGbJz6c4+X69OADgCu/i8JaA6nPiCMqCfkwoPoCW3ZAGRnOAc4BFXrf4f6JcfLH4jtkBJzvdQw9xljjp1HPJyTyKFSrprmul+Nm4qzvda6aa2d9na1pwTV2le103rHbRJpWWzS7vVXPMBq12oYEtkHIKk4GMnjGd3GOw55+bvINXuhkFnJbByxPTrjBHzdATk44HXJx6u3wrsGTdD4itGOdqjzFBPI5xkc5J4x1Pr0fJ8JGIDJrVjIdo2jzU+b2AwCff8s4o9hiuW9usVZWvbTr531672aNPdWilsrtJa62u7+bt6bHlY1a6BChjjqcnAIOACDyeMjAOORwcZobWpjjy2YAL8+cMOCOcnBB7+vtng+sR/BvU5idt5Zvlt0f7xO47bSxPy8EdhtzjsrfBbxGgYK1u43/ACiPYxYdRzn8e3YDFZTw9e3NJN7JybSVtHtfvo/N3W9zSMl/Ne9tnZvZ6W2vo7PftszyuPWZgCQXTJXBJJBJ7heOTwcqMfiasw63NuO+RuSuDwC/PIAHfdjkHOeTwa9Jb4O+JkUKII2GRhOFJIPJxwOvOBgYxnOCDlT/AAk8VoXb7CTtPBVST74UfeHJ5GB+PFcVTD17N8l0uVppW6xvbV923tZ210OmLhpFSu1az3dvd0XRtJ6WV9Fsc1FrtyQyiQjJDYI5PTkdc8DGPlB4OOwuR6teyH5XPY5IX5fTPzDr2HX+ttvh14oiDvJYzcDjchB6duPfI7YyeQcGmfCfiSEMRZXK7CeDGQcjkAY6kjgY4yOdp4rjlSqKzdN62d7O2jjayd7P5W690ac1o3s+W6acVs/dvbfbfz302NG31XVoyWjBchgQcAkMOVGBwC3OSRyM4IAr0DQPGmtafNE00ZcADnsQuOD1yQDjnBJ554I8mFj4itiXaGeNlIUqUYkFucMoXPBxzjg5HqKVL3XIiVkimBLZwUwrDoxGRkj0OMgj2IpR9rB3jBxk3fRST2Vn5btb7XXdBzRaSmm29L+St+j9NWkj7y8E/GHR4lhXVbEqMgSspGODzt4xnPrwCTjIwa+oPDXxE+GepBRPPbRu4XaJCq7AR15GAQeT7AHjgH8eYdfv4mKeXKoDLgvjG4gEgDnnuWxkDI6dNSLxnf27qRuVyCQRuyAO5HPbAU8+n09PDZzjMI+V04TjppKOttLq62t026Wu1rw18Fh628pRvyrfS/uvq9Gtba3X5/ufp138MtQChL7SiXyC/mRoc9g2OASCd3XIGQBzXUW3hH4fXqYiudPIYAEiWMkHjG0ckKf73APB4xX4TWfxO1SM7ftLpgghxKy4IbHIyO+T0OcYA6V1tl8bfENo6BNVulG4fMs8ikADAZcHgA5J9enGTn3aXF1NWjWwELLRyjra3Je10vJ6pqz6HmzyWe9PE8uiabWl/dXo9N+ia0uft2vwj8HXuVS9tACMkAxkE9ACehx3ycgjjPAFW4+APh+8GyK7t1CkklWVgByc4Bwo7lRwD0Ir8i9M/aW8T2H7tNbvApYKGMrNsI6nJPH1AIA6cZr0jRv2svFNptYa87k4EgkPOATxgFs4GBzxg7jnt3Q4kyWskq2D5G7e9yx6cr17p6/c9LamH9nY+m4qniEuVKz5rOyte93r59rvXv8AordfswWUyN9neOTI+UowRiDgAqo7/McDjIIyM9eY1D9lG62/uTNsH3SpJCAgAsQfpnjrgjsQfmTR/wBs7xJaFJTq8MiADbE52NjAwoGcHJGWzkBiQCp5Ppulft36pu8u6VJFYDJ3KFIHBO488jjlRnI+lafX+Fq695KK0uuWzd+W+qt3W10rr0ekI5tBOMJuUV1Ur3aaestt9Fdu3Rs0NW/Zc8Q26kwXsrDooKsgX64JPzcj1HYHNeZav+z14ttiyMzz4ByIwWYZGeVPpjHHHbpivoXS/wBtrRblY2v7IS5ILhQhCnHPJOcj0zxwvG2uyi/aj+G+qR+dParC7AgspQMGOR84Jbg9iOM88YJrCphOGK7SoVYxbtvK9r2vo9NE/wAL66m1LG51TcbwcoppapJu/KrJWXTbVb7n56az8HvFViJ0lt5GVRkMUYDseeD0ycdO3UivIdW8E6/aOyvazMUGN2H5BJzyfUnjuPTAr9Y5/i/8MdWQs00AaQ7d0pjwM5AJ6cjIO3Jzz3IriNX1D4aaoSVk06VmOQVCDdg5xxyMYHoDyeBXiYrIsucW6OJpyTV2m4vW6169W2tz1cPm2MbXtaTV9E23prHe6vbX5qzPyXvfD2uRbjLbzKn3idrtnHGcgE9uflx1A6cc9PYagrMvlOQBzuXcBk56N93GMgjntu5zX6YeI9E8HzeY9ukHzKSFhZWTBXHYnHuAOpA5IyPnrxJ4a0tBJJDCnzFgDGRhh823cMEAYAwQQR0BxkH43HZXGi241IS6KzVns9Vs7bX31PZoY2c2ub3dNemrcVbRbXvbrr838hPY36FiUZgPu5XauehAwQck8fjyeaqS210hHyLhuApUcjjPYng+vfA6AivbL7S0jdkERXbnBPYnOMkdhzjJwQflzzjCk0xGbG1Q4PzdcADGMk5HIzxnt0z1+fq01BttWcWk7aX2W766636Npq9mvVpzva8k9ny6u+222mqurv0Z5cySgjcCjKSPkB+UHkNnjvjJPXHPap7e9vLfPlXN3GSQQ0c0qYJ46K5HUjHrnAyRmvRZNCDrvEahXOBtAIAJGDnIwOTxwQBxkioR4fTO4KrqCMnDA4AJIbnngZB53LyM5NcjqqKtaSkt3zNXd0/RW9OnV6reKbXfz0V9um6316aXfRGNp3jTxfp2GtPEmtW67gqeXezKFJIKjBcnhcj1IJAIzXoWj/H74s6U4+zeM9X4IIFzO8oKgdMNkkE9T2yT6A4A8Pw9DEGyCcAYCnjk4HbP5dzkAIfDkTfwZIUdecAHGVxn0wMYYHI9RUfX61KzjUqwSbtyzdm+uz0tbVaatX6nRCFOXuygm9N4xd3aN7JJbW0T3s76tHvOh/tj/GawZQ+sQXm1cN9ptUckDIGWOfm4weTxwc5FetaL+3j4/tgi6loukXxDLuIjWEkcMeQDtyO3U5UgcDHxWNBCtlUKucgqq/wnOTkDPtjj34qSPRGbYEiIkA5O3r7ru4wMcg9COuc4FnuYUneGMrJaO0pNpXcUt9Gk92tFfXsavBYWXxUoN2S0TT6a+6tLaJ+XXW5+lWk/t+wYUaz4KUOcbmtpzwDgldpXkewIPfAwBXq2jftyfC/UPLGp6VqdhuXDMIw6jrhVJI4HcEDvgnivyNj0ecDdKTkscqwOOOAOgHAH4HAyO11dIuWxtKlFGMc4yp5/HucDGR1wMgXF+ZU966qJbqUE9lHW8Urq+/axUcnwk3zRg4t6XjJr+V2d3pzW83rou/7baR+0/wDBHWAr/wDCRfYpXwu26QKwPQZUDAAHJyecdR1Ho+m/EP4W60yiz8ZaLKCo/wBZPHF152nJB3YPIUHADc8GvwQXS5yVKbSTgfKOeDzjB4I454z+HOhDaXsa/uriVCDkGOSRTgZJbbuAIOehHJ4xmrjx5iIWVWhRqba2cdrJap6rTXSyfoVHJKd/3dSrHm6OzWrjsrLyd9NtLWP6D4h4Z1BRJaa7pVyrFdix3lv0PI/iyeCMHP0NPbw1DMheF4JQNoJjmibgjPyhWY5HcbSu7uBg1+BVvqvi2zKraavqdsykFPKvJw3qOSwxjHcYzkAV2em/F74s6OEW38UazGqH5QbmR16DOQT+Z5z0zyM9EeOMFUS9rhHBu2sJLZ8r0SS7v4rbu17ErI66kmqrlppzQa0XLezukr2eru7vsft9L4WkC7hAxOcdN3YZweAPzzkjngmq58PMNwEbREnGCCAG55BxzlsEZ4xwSck1+S+j/tY/GbSiqHWZbtQckXEQYsBzww5zzwQTzyDzivXNI/bk8dwbDq2k2d3twrAptJUAAuxwQCxyR8xbqPat48VZNUt7RzpvRJuCaWkNHZt2t/nsN5VjY8vI4yT6X5f5Vs1FPfp23a1P0NOhMeFByVHAUH7o4285BI6jkn3PRDoso2uoJIGA4XIBOMq2cY+UDAzzuJOMc/Jehft26RKVXV/CTKB8zTQSMRyPmwCEwDkjDcZwQMnFeo6Z+2H8Kb9lFza6hp+QCwMZKK5wD0BxklTnpwe4zW0c4yOtdQxlOMpP4XeD6WV2tt7X00euglg8wp74eUk27crU7fD/AC6rr5J300PXTYzqGKqQTuVskbQem4fNgMcgkKM5zweQHG0lxgE7T945JQHJO3HpweuOMdzmua0749/CDVwPL8SQ28juvyTkA8AYDsSOQcAtgcDjvXb2PinwHqkZay8TaVIXbKqbqIZB/ujK8jPZfXnNa+0wM+V08bQlfXSpB9tNH5+fW+u2ijiIpc9GcWu8ZLsktFsru/nZ7IzBbsHwcknJJBJUYJx+eBgDP5VKkZzgAsB/CWYnOOpJ6HPt+vXqoLewnUta3lpOuc/u54mO7LYC7XzhlyBu4JBHQAVZ/sjeNxQsNwI2tkhcY4xn7pO7knuATnjCpSjJtwmndLZp3vbV2d7du1ru3W0ldcztfS32tbO3RJuNmkrap9b255IgECk7RtHzMc8Hk8tnoMnH15AIq7HAQR1wTwOuR03Z4OOM5wMZ6dDV77CwzlXAUgEEENkH1x0A7joMjI4FSpbkZ4JAYbWbhupycdeOMjsOoBxXHKElo9b3Wuqb93bSz9bPV6XWhcZKLi9d/Tbl0fXrt+pHHAufm4znnBIA546Z5HHue/paSJdo4JPAwAQfUE/NwevQYPAPVjUqQP8AMRuKk9CxHryCT9056ckk5U1aSJlPAB2kZxnGOwPOPQdcdvQVz+yV7rz0vf8Aldutkmt297X0etqpJyUr7Pole6t2XmvXXySprAfmOR1PQAFcfpuHGSD6ZA7qkHUjK5x8wIJ6YDbeOnUc8HORxWkkRJbKglflIGT8x6jGOcj154zzkYesEhyQB82COwxxjGADzgds9PXjCrTi0tLXWt+m3nq/np00RpGqmlzK6tpom3onr66aJWvrormWySgrtlkyMk8YA9CeuenJI44AJ7NE12hYEqy85yAQwHBOccdc89sYORW15JydwwOoyMAD1Hy8A4+6Oc44A5EbW+0DAyAfm4ONpJGD67umSOOAGziuGpTik3Z2dl5W931vZW7rbVR3cKqvrvpZ2tva99LeS84u17NGQ+oyxnb9nDEZDMvRfplQOOAMEjIPQdXx61axn50ljzgcZx3wSSORgEjtjIHJC1fNsoOPKA4YjHIPX5hnnOc56YPemCzAH7xEYEAgMqnCkHOCO/Uc4wCDg15dbDTlJOMlvommutrvyvb3U+3dm8aiSldO7ad0/wDBZ+8vLXW211omW4ta0p1A+0ojbR1O0n0zu5GccDGP4ccVdiu7GYDybiJyoBAMn3uPukgnseMN357isVtMtZipkt4iBgDCjIB5z0UFj6ZwBwATwJYNBs/vojJkkkqxGOxPYcHJ6Zx9cjP6tiPhajKKsmr26J6PZ2u15a7j/dNppyXZ6Oz0Tdk9U9b7W0dui7G1KNsIZRx91WLKST1B44OOQCP5iuns7dPlKvgrzyu0McZGCB3znkZJGF9uEs9NWIkQzyZGOCxJzz0/FeoOfY8101p9pjVRHM7AY4OSeBySOpGeMc8bs88DvoUoxgnOFnu9V0tp0vbvo1fomc9RNaxfNfZ2a0stXd6Psuu+ysegWcCZGChJB285HPVSQT90kkc4Pt0r0Xw9aB5kKqNoALZOdzEkAYyCB2P3eOeM8eR2V7cqEB2vg8g/eJJ6ngcNnPGDjnB7emeGdUcSx/LkhhkZAUAkjlQASuBx16nvxXl5viqVDD1LWWmmurula34/17xNKnUnJW1Ta2Wt/c1bXReXS129bfVngzT49sQ2dcEbV5GfQH7oGeB6kZ5zn6V0C0RY02AngDoozu5yFGBjOM46DGcHFfN/gjUVZIXIxuC5x8oPICggkD0OeenPTj6R0TUYdqAgKQBjngZHO7j5WGMDHJPbjj+Y+LsdGvjJRUot3a0asldX7bW9V2PcVBqhpG7SWy3dorte2t1fqvu9X0qJ1xgDkDGTnaOvA7HJyQDyRtAGTXpulI42d+Rgg8cAf7JzyCccdSdzHNeXaTcKxQAMemST97Aye/TuT1wGOMHNer6MWfb8u77vQfLyQMk9T05UcZx2IFfLZfSkqsZNtXas7pdUk1bZtWdtVta/X4jPOaKndK3KlbqrqK+Vnrte3rp6Hp5dYtxACqDksTjP3SDz8uSTt7nIyPSw8jbipxngn1xjJHJyDnjBx8p6dCG2qMIV3Yzg49h1PHzFsgdT37c4pHYFhuOcE7Se3XkDnBxjGeQCR0HP0+Kny06cLydlpqrrb3kn1tbTRvrvZ/l9T360mrWbevkraL9Unv5ajTK2Mcksc4wQcHJ67TnJzuPB5PbFHmcMMkDnHLfjwM91BIwOc9cAVG+NxJO7AIwVxjOQRkc8nrtABHPemryRlgAcEnoOwwMqcEgDPIyfXjPhSjNuWsmmld36Xj5X3t8tlZHRCPuxa5LrolG91Zt2clfRXel1orauzydzABiRxn5R8wGTkdgeemDkAgd8vEg7kYyQAcHI6YI9uOcYOB7ZjB7dSRjGAOuT6+wIJPTrjFOUEKRtXaOnoM4PGPUdwcccnAIEqFRJWXXS7u90r3vu3bbroT7vVJdbrZ7aO1/TrbR9RRKxbBbjOMEdMnIJOec9BxwcHPBqTzGGAWwMHgcDCkg59RnODwRxzUBVgpBIXB68se5ypHJ7YPXAHQimsrAkq2OBxgnPTk+ijOeMk+gNJqat7z1ervrootry0a+6z3uRLlVtEtdI2bs/dtJNLVXut9U9OzlLkjGTgEnJOTgdNw6dupHGTj2Tcw3MTkEDKgn06fXPIOD/ABe1CxttBBVmIILeqDGNx9OpUdBnsaCpONzAdzk89DjuM8gZPPGRzxVxnJJb2u7u/Zx1+e+6V2uwk46JWTlZ673stG9P5t7atMcpKnkr1I4wo3EcD0LH+6eTj3xTi2c4wB6jnB/mQM85I6deuISrcjO7nBwQcHAOCB3xycgMQeSOtIA2TwemcqRnkk9wSBjouST7YydHOeu7fXVPR20S7dLpdPuatpsn59k1bTy9G1d7FgbgAeOmSckBPm6+oUf3vzxkGgu2dpPTIOCcMSflU4BI74yCPmP0EJLDnacHPYDGcHgEjg4+mM00sQDnkrnAYkYY49M8dPUYwee880247pXvre1klZarS70tbq99UTZuzvHTfXe7jZL7r7et7loAEjJ4X5SctwMk8jjnJ4z1Hc5IoxycHGSFGATxkZ9SARgnnt0qvlxzl8k7RzjPTv7A47EdQGNODsB25z9Rjr09eDz0PTA5Ne1ad9dL6/c9OnXS3Za22ze6jp0V3qrWW++m76qz2vvY2kjHX0bcMA8nGB/e6ZJ4wcgcUm3DD5s/xY5AUZGcnoeAcHA5xzzUSs+GwVGSMjOcjAIDAZ/Xt75NOLgHacHKnjdxjnGfbqPbjvgle2TaukndWWlt1bd910svxvMYzbWvnLfpy/jd30dr2ulceAuc4+7zzg8HjnAyMYPB+oI5xIGXaeTkDoBgDB+XBweuScHgcjBzmqokGOMsOuM8Z6c88HgfpnrSG4UYBAOT1HQDuTjv346hQCegBKpBPSyldNvR7JdWrdb2Xe2iK5W0rp6Wvay7O1rNv81oy2WBz03DBxyA2fXngAdQecZ6mkypO7BHIOcDGQDjocHPIIIIAx0ANVROOCRjHQgqCARn7q89c9zjjPGRR5wAIweRwODkA9R6ex75wOSKSraWbXpaKSV07X00aSVn59WiUpJ/C/s2Vtflvp231vurFoOBtAw3QHPXg8HnJzkA5BBHHOTy4kE43BSc8lgR657cjjjoc9cYJoGb+EjGQT15UHpxkHI4wSM9RuxUbz4wORnAznj/AHhk5BIOCfUZxg4rKVRXa5o2Wr2el9LvrbVLa+7XQtQm0ny2TaWttXdNequ0rvTR9LJ6PysSVCqDyx+vGQCMnJ5YdupwCDSEoBlc5zyvIBHUdeo4J6dduOtUPtAIAIyTuAI7kDnjtnsfTPHYxtcjBJB5BIZmwNoOcAgHIycc4x16jFYVMRSVruPTyutN+urt06baq79k300aT3i76rTbfXrbfR99KRxt3FivcjqSFJ6Bc85Prg8+uTUaYAkg5Gf73AHQLlv5jpjpgVSkvCCAM7e+BwBjIyfc4CjnBI55qBp88gcc/KWCjk4GTnJON3A6YOcZweKeLjduLfKuv/gO9/JX1uk3p0Z0U6Ekk2l8S91NaNuNla6s4vpba+/TT3gggkDjHbA4JA5AyDuJPcA+pyDzOhyuQuSSTgY4C5wcDAAHJxk54NZLTgcgc5J4wMA9Mcg85A7Dn0zhRM/fcM8dc8+nByBgkZAbOOT6ZfXHzJ37JLVN2cer3Tt0Vl8nbX2Umk7J3au7PRK11rs7dbv7rGoJCMqRnr1b5Rxx0B+76HOTwemKeZCAVzlTg4PAOD1zg4I68+w56VlmZgBt7ZBUNgc+uF5wc569ACT0KiYjHUZyDznI7A9OmTyfpW9HGyvaTelveu7rSL67Nq22tn2REqKaiuR7aW3umrJJ35r23a0fnqayTFc/NuBG3BbHuSCeMjJI6kDA6DjyH49ygfDbVGIG03Np0A4PmDpyQOhHBJ9eoNempNuO7BJzg5LAkghTgZ5PPI6Hr6V4/wDH+WRfhnqZPAN3agg44BkXOFA65U9ucBs4wa+iweLdSnVgpOzo1bX31hFabv5avS/U7ckw7WcZbdLXGUb9rOa6O+u3zTv3fw3pmn3usavrirqHkww2tu6QgAb8onBA4x0B65z827rXqfhXwXc2niTw9eNfBwszh1EYBDBBlWGc8EgdDtGTgYNcx4RhjXUNVlVQrNpsDMxH8OFDEqOm7JBBHbnHWvdtEQ/2x4eZtoQ3kikEg7sxodxGDkkHGc+gzmvTwUKjr4ZSso+0puy63nCK1S6PfXe6eh+x5pjJ0o1oU5pJUbNRSctad9HZvWz0V+1t7flX8SrWYfHPxPGNjF9V1AKWChTlBgc4B68A5OQegrlTpWptfblhBCOd2CEC7mYDvycg5543eoxXo/xRRI/2gtXjQgeZrl8COCeUXHIwQMg45A6McdseF7h9Qv1VPMSJypGflAEjHrk9WJY9cgE9CK9iouVOyslUlZtXV+dJ2aelk73v+B9VgqjeGwr6ywlFt37RpLbX16PdO6RwWraPqIjuhiMKJItw3buSwAUDGQT9Mc89Rm6mh6ntEqKpMdnudQAQo29WJyCD1OfYZzWp4invYzevFEAsfkH5cH0O0nOeOc/U845ra0y6u5bZ3aPK/wBklmyOvDZGcY4wD3AG3B6mvUwlOdSDduVWvFpO17R/zTfW76LVVOu7RVo3Tas7v3b8t9Gn629Tzaxgu4rS4KlBILoggjBHHQjt15HsCDmqukWGoi9WZ8bZHlL87CVA3EDBIyeSOc49OladpdhllTyWDyXUhbnPIAPO3kHPTpjIq1p7MREwjJdpp0AGc55HQ553E47Y4x1FepToXSerSaT6fainu7t6rb0eq15qtT49Fe62XW8NdbW6bb9b6kPx7hmufhp4PVFDeXd3I25Bz8jEfhxgk9eeCN2PFPgDpsqfEvwnI0YwL4MHyCSflJB7Dtt/HJGFJ9++M1vu+G3g7LbTJqM8ZGc4yrKQRjryOScZ5HHI8t+B9nHF8TPC8AdiTqAxnkHkNj5jng478DPXvdSmlXgkldqk1t3VnZNXd9u1uhFGo1leIV7xtWenm3fZaJXtbvtozsv2tWZvFmmqc5huE5xzl9rbVJ44GTjnjOO1fDfja2WS9tWfYoYT53gjHzn8ON2fUcZGcCvub9rdgvjGMYx5WoRx54xnYh/hbAwSRnsOORXwx8QPMN3ZGKQLmObqQAMEk9PQHkE/7WT28bFw/wBqqaWfNZrRL3bJ6tvS6TaWt1Y9LIJuOCw0dW1TbWtr6was7ab6rpp03679na2Y/GvwCibctqe3jOfu8cYz0JXkZZuScivrv/gojcB/HngGzCkmDwxOG4yAySrk4yOQM9e3pzXyN+zBa3c/x2+HKOWIbWmGdw+fAPVSeApPU9skEEZr6k/4KKSOPin4ZVT8lv4bu49q9QBOoO48EZAJGQSCeRjiscNG+bUZRkl+5fu6WS2t5O11fSy9Axbc85w0UmuXDVJve7bcF663Setr62tdP8y9fkkNxtDAggAEYGPlwOBx7gnuOPbtvjbLL/Y/wwJZRjw6UYjBwFbj155549BnAIPmurlpLkFgzdABk5xkjOeCMYB7A8detehfGiBpfD3w1Iwp/sGfkn5uHBAHOApAHPXHXGefuKcYzdNNJcr3drbRslrbV7vp1RpVk41KKbd3KVne+qjG1uun3a7tKxzmirK+kmTKNIySksepGwnr2yMAZ6+nBJ9H+IIkTQPh0ybVLaPdZzhQSG+bv/kHoBnPjmh3U0ekpCzvnDgHOCfkbhfVcdAc5+XrwT6z8QWJ8NfD7czAjR708ndklgTgg5PA69Rz3rapRjJcySSSW1kteVNdEmt5Nq1uvbhlJqtDVpupZJtdY67bd7vy1dkeJzSsL0EspyYwCemM4IHXqQQOAGA6dj694/mMfwa8OBCqKuvzmNRjGSo5J5zwO3XG3rXgsU/+ktJIxyjYO4kZIJxyQD6YHOGyOele1eNnkl+B3hwgAMmu3JDZycNgjHfOBwcjAJAPYujBNSktbJuzb2XL163W2vR+Rc3KVSh1jKqkmtOloqz2aSfzbPm2CWJ5VEnL8u3XIxu27gclsE4IyRnOeSRXqXwznSHRfiA8Zy50xVVgOED5ABPQjjIBIB5+teL2v2kSliuWZHAwSWK4wM9gASSBjsckc49d+HULr4R+IdzKmwmytlGF6YLnbk/UHG7gg+9dGHi5zte3uNrysldPfW11f5vsXi4JUm3dK8N0rr3o6Nedu1+tmaHhy/lh0AsWmkWO5VhHGWbIzk5GBhicgfTrXRDxtaX4itIJJ4WLSRxwHLSGRFyRg84Lc5zgc8MRzy/w+uAmjyGQIypPuk8wjJVRg8c5BGScZyBtGOtcDc6iI/H1k1pFtglnCKiMTHukZwzEAAELj72fmHPPfvi3F00pb8t9b2j7ut1fbva3z1XmzhF88nC6jqrJXadtnvdfn0Stb7K/Ydivb7x78SNUnD7I28iWTOA8xJG1u2cYySc8Y4IGf0rvWAgIBGFUZKgc4LEjkgYPGR7Enrmvin9jTT7Sx0zxzJEFN1ca+XmlVSCy/IwAIxnG0jHbpjkA/Z97NGYm24BKgEknlcHIwcYA6E8N35xk/UYVNUlDu4vRO9nyrdrtpK1tdtVc+fxUouvKTVlHlVr325FZa2Vlq97v0Pzj+GW1v2mvi67ZPmfZyoGRlgVGSDjHT+8cgZHUivvaCHEQkwB+6T5DjHGfvHHcHAO0575wBXwX8LZY/wDhpT4oHarGVFbcp+X5XOQOxORweR1xwOfu9ZmEW2NeDBnJyeFGT1HvkAemefvV6GCTUXBtq89bfEtY9b97bbK9vPHHcrdOST+CHq2oxv8Ak7b6J+p+fXjgsf2uvCUqMqB9GvtoHHCo4OeMcgjHqCT0xn7c0h1MUCg/dViSMqSckenbr1HGTyea+CvGju37VngqRXH/ACDL9Dg9OGxng8E5IBwRnOe5+5NGaRRHtwwJwxH3V2n/ADyT65B4x0wThXspXTau7aa2u+3XS/VbWbtzVuWeHpNwSbgo9fK+77K2lu6Plb9skg2XwvXGGHj/AE05I4wZYRgY5ABHYAc4+n2tocjw2Fu8XyN9nt8EAY3LGvI5O4kYJ6Y4A7V8OftkF/L+F+4DB8bacWBPB2zxEdsE/UH3Nfa+hMWsLdpD8vkW5RRgnDRqQfcbSCf97AyTiplK1apd3emnWzSV979Pv9bkSUfq9HlTsnK+r2dmu/Zb73ato7+Z/tGXMjfBv4hzXE5d/wDhHrgiPJUDO4hiq4OQB0OGJ5JI4rE/ZK0TSfGvw38AaW2rwrqcmioUsmYhljRcllAHI2gcHHH3fSoP2mmmHwb+I0kf3P8AhHbkDcQTtwe5ycg9vQ8V8rfsw3HjdB8JNW0W6ktLG10pFu3gco20bRvkYEBgeBgjoRuyOnPi5uNOc6cuWSVr300s03e9v6sb0qSlRUJLTmbjq9XZJWS1s3dX7au6TPtD9qD4Zr4N8H6pNbmGV5bG8YPknaJLeVTlDkrycDHA7jOBX4vfsQacdT+OdhuVGt9J1rUBLtXOZGZ/lJIPOTxz8vJxkCv2Q/aU1zXta8D6tPqcwdFjniSRpCzeUYuRt6DcecH5Mk4BySPyZ/YYmttH+KF4Z3Je58W34VVwTgtLy3XAXJ2gADOR14qsBVqTw85VXzyirR2badrJWt3Tf3+Zz4iLhFRitJQfNpZ+6tG9Nel9LbaNH6U/tb67Jonw7uLSCONpGMMihlAWFhKhyRjBI3HHX1wQa/FCwnvr7x5qN1dTpI0l4JGAXaANpwRt5BUkZPB6epx+1X7VFlZ694N1JRMS0MLN5hGQHjIbYAP7xHQgHnnHJH4saVaNH4k1GRJmZ2ulVUHHy5wVxnnAGc8k4653Gvcp88cLF++lJvRXV2nB23V+na/SzPn1ODdR+6nFrbRpWWjbstG+mlvPb3i6tkewF0xiLGNduWy2QynJOecnqRwCcHrXl3x1luG8a6MsKruXw5oZ3uwB+aFcgcZHXkY7YAPSvRZi89jwflVcbQW4yy8AcYx0xyOOleYftFRS2vxB8L+UzpHceFtAJ2nKjEQ3FhxjOdpxyc/MAMYrB1J+9GXMlZ3XNe/wxT3ei131S11MatO9PdauTTSV7tRTeuijvrd2va9iw00q6IY0SNZGidZCz+wY9skkFcY6Y4rspEdvhn4HDeSqnxLfhnJUou4/eyPQkHIB79hXnGoxhdHbY7GQxMR1YsNo5OOAMA9do6AZIOO+ktZZPhH4O2yBGHiC+Yu4APABOOoG4/Lnnr9cdcpt06ijKzS92zWmyaXWWreujdl3M8JSfNH3dOZRb3Tla7a87ej/AAv3fgiDwc9l4m0bVp9OSQWdzc/bQ6o8s6KzRxoWABIbgqpOScZJFeeaPdLJ4P8AigIFiES6LGFCMSGVZGUOeoyyqCcY4x9K8CgN/LrV5BJfubaC8kcwsGUTcncM5GV9ckgD0Jr2HwYmfBfxVBXAOjKFC7mIXLc4JAwQfqeMg14OXUMXHF4mVbEyqwqpSpQeipqLTeqV27K2u+tvP3MRKisPS9nSUHCUYzeju24JPrp0tt3tpf5XWdZbpVkkC7Wj2oDnllHOM8DswwDu6gEHHX/s5hD8VPFq8bD4b1kHHIBa3bg56LnGOccgds15tCkguvOLjIK7Rg9Ap49jwRweCeflIFekfs2RhPiV4yuJCCT4d1IMRjgtASBk9OSSckjnHNfY4LaceZq8N7K901tZ7NPa9kmne7PmMdUUZRai7+0tbXryrXzv9/S99fBfFH2qLU79kn8pI7u8wAMYPnORkd8nkgjnH+zk81pDTy6vpjyTby2p2LMScAA3KD7p64AGB2IxnNdL4sRn1HUixba17dqoAGOZXGOu4dx8uPcYritK/c69pcTMzZ1TTxwSVGbhQvYgjPOM4IBHfB9CPNK1pb2uvdTbfLZ2T38lr36o5Zt2bcbq3XRX0S06/f0v5H6J/E1mPjaZjsMa6Nohb5ip+Wyg68Z4Gcc9c+rVyi35MgCRjyzk5ZtqkgcKOhyOcY5yfrnM+OuvzaL4yvMR+dENC0YkBggx9ggGMj9O55IB4z4Lp3xEnvRLA0EoABMTmXjr2Hdhx36kjPHO/tJRbS0UWtL63SXXV+8lbrtu7s5oYeUowbesrOzv8UbNxW/u2duq0Wz3+vvH6m5tfhTKYjx4fuHKoxDf8fkpzxnnjj0+7jrn2X4U+HdPvYp9a1jQ5r20yUE32hIkiSNcvKxJDYCjHI/lkfNvjbULtvB3wvu43MEx8NXON53Ox+1SEKrE5GBz1xzgEk1ycHxE8RaZoflRXtwFlRo5YopXWIryDlRgE85PXOT3yB5eaUauJw0aNGp7KcpRvLmalyt3dmmtddNVqtLN2OrBUIxk6k4NpK2keZLkajG94tbb6Xunpax9Q+L5ba90D4lnSoibW2azS2QPvCQh16tnBGeOh5x7gfCEmr+I7fW5beERfZ0kWRozsx93gFtxOflXOCOQd3AxXvvgbX7ifwD8RftDuWulslwz5Kb5V7sSMZJPy5yBng5NfIPifS9Wj1+efTjfSxNKpkEEjORhctx82ee2OgxzXdlilhY+yqSc3FRipSu5SajBXbtfXrezs977xj4KrGn7NONuZSSV0ldN20taz0T00atqfZHwnu7y+1vWnnhjBbwhq77VlBH/AB7y5JJ78fy7dPnNb+JXcte26gmQTIs6AiMMdrNjByMc4x3Ix29H/ZyF8/iXxK2oNcnd4H1tIoJmYOjC2mUMcEnPGD3PIPXNfFd9prpPcztcSjfPcKRHvI+WR2xkHJ59e/QcMT6MZxdSbTb5nFKSvraN7rp3fRWe99TlUWqcYrRqSv10cYdLaLdX2s7dk/qDwneJJ4r0ERy2rI2racFzIpLAXUQJx1bGAePqK9P+MkwT4qeJGlNqCi2IUO6qw/0cfMMnvx2JxjnHX46+HaK3jbwlKbidhBrels6FmIINxGQCCR02kYIxkY617n+0jp02rfG7WoIJZrcTQae8ZjlYKh8hAXKgjdjJODj5iMdqcnCU4Pm5bRk22mly80X0vpd2t8u5k41FSqJ6804qPm+bW99LLbS19ltp19nqZEat59u5jRyieauBlSG4B5PTgc9etavxhvvJ0r4Ws5t1iudHu3ILABiJQCFP3iAPTHQDHHHy5YeHLq01X7LLrl4wj8w4LuCw25OAeg4x19cdq9r+OxE2hfBmGJnPl6BdQO4Gd7iRQSTkntz6g56YFNypSkuSpq04q6aTfLCy62svesrW30u2YUqVk3JL3ZK1rrVW/BLtJeSutcF762UBo/J8tzhdpyDjgcL157YBPpwM7nwiUJ4m8bLlJM+BtdY7cbgfLznOMYBUkZHrg8A15vYWTNDGgZg6OXzn8sEkDGRwe3I9h6V8GNPk/wCEh8dSOzF38Ea4i7gVGfLwoznn2OFGB+AxcYJy55O0rJq97XcL66ap2V762fXfsj8bag00nZuzTV1z6q7dpaq669bHyX4ZjzPKNh3+dcDqSOZ5CSBxyB2A6DPOOPpn4OW2/wCK3gBSSqt4gtN2RgZVXP8ACo64XGfXOOmPFfAmhSSXzq6Ow33Bz1GfPkPtjDd1OADzX0r8KdMMHxY8BKHG4a9AxyCACscpBzznqBkA5HQAjlV5Wk4rVtWV9Unurtbt73/p70Y2pOTSWt3pbl0T1v1vd67aaNamV410+a++KvjdLONpJZvE95DGoLfM7FERMAEFiSAOp5Gec1+0n/BOL9mj4ifCH4jWvjXxxpr6Zp/jbwtO2iQSkedNGqrJ50i5yi7cN83Y84wDX426nra6X8XPE989yFEPiu7uhlAQJIZkKZDL90BSMYxkkfMMV+xX7Nf7WviX4k/F3wnouq6vJc22k+G5bKys4ECJbxxRRxuSAOA6gAjH3V4GTkfk3ipLP62R4jC5cqSwTwtSeLlNtVVGKg4KmldK73b6O9t7fY8HUcHDGwr1ZL2/tEoptbSindLvqlvouzPk79pT4YeHNW/ba+IFhq9j9qttWS41pnKMI4mZFjWRiBgbHQ47EHqKX4Mfs5/C7X9U127120+2Lpd4YYrWSfy0e1lkKAq3CnaFLYznnpyRXH/ts/GJ/Af7ZPiXyAty154ctrMB3Kri4Zgx6j58scAkEjHpx6B+zl478E32rX58S3H2TSQIJ71EuDFibbvYkqcsihsYJGCMsMYz8Pj4cU0OE8JicPisVT58nwPJ7GpKUo1IRinyqOqck+VpK7SadtUfbZZDJa+a1o1qOHlUp4yt7R1Ip/E4Wu5X5opqVtm+t2zsNX/Yp+EXibxsw0iSXStIn07UWFpHJGFE0FvuXbLnKqrMM4AznGAa/Gr4ueCrLwd8QdW8HWIZrey1JrRZXIcSJ520Mr8gsVwW5wBxntX7dr8Qfhja+NryfTLvV9Q0WG11icLDey7v3kRTEJ3BWQAAMvBwMAAGvxT+JnjDSNb+Lep6naW8/wDZUGuvJClxkzNGlx8wkcsxbgY+bAJPGDmvc8LMw4or18ZTzfFY2vRpYGm6UMTFxaqJtuScm27rlT8tLWueV4gYHJaVHCywVHD0qtbGcspUt5Q5YOSdtopve73d0jZn8KeCfCupaTLNcyXG+3tmvoijIsZl2l9u44JIJA5GMg5IOa+VfHenaJJ4h12TSYjFp5vnNv5g3HB5IY4z8xBwSc8Div0wTVPAHjnWbfwldaPGt5PpsFxHdogSeMLGowSBnCZBOSc8AA5IHwb8X/CP/CL+MvEOlwSeZaW91GYMgBjG4UjdgnB5JB5A55Jr9a4azJ18ZUo4pVoYl0udRqO6dNTVnF9LXWll57s/POIctdHAQrUFCeHhUjCU4Rs1NqN1JvVKzva7W2+69P8A2HLNYvjDA6EKI9MucYyASVYgAYGMAAgcj1A6V+vX7K9sh+L17cErvOtXCDGAcGRgcnjG7oRnjPPY1+UP7EMG74tuEA+TR7t9zE9EV+cqTnGDu5IyOmCQP1m/ZVEjfFC8YBSU8QyDscbHZnBHTHB2jHAUZJr6jNfZxwuImmpOVFJrs21pZ72tvvppeyT+SwKbrU0k4qM73SSX2dPXW3VW6dTpP25bNJ/iv4aG0OF0C4wDnOVLBflyffjOemcDIP5/Wem4vo4A7p5pZiwY8Hzd3yqMkAkHOeny8Zwa/R39ty0kf4t6KrELs8PzOoHPyuGck4BJAyT0x0Ayc18JxWCw6rbEgtutnbAHXYx5yR+I6+pI4B4MFUjRyug1ZS5U72Wqut+nXVLy2auvQq0eevKzetntskoJ9LaK+mmq2tqQ2GnXN3JrY88vFaiJ8MxzKyyKoBHT5Rnsfu4HJJqHVXklur60kCF4jp8eWA+VSVOAw4yCRnOeRwvXPd+DtOFxB4ikOHZoWK4ByG3bugxjAzg4G3APoTyt5prvqOsO5IIewz3LEBc8jDdOo5x/Fg1ODxs6mJxEJaqmoX/u3jFu7bXVNNaaNt30BwUaVOT0bvbT4rWt8rK+993bUx5pbQx+J4rhVZi1siOmQ+diAcDg7ewGAMHIPVoZ9PtfJuYzyz6Vb4Ykli2Qc8nI916DbxwDnN1O1mR9dETEM0ts2CMDao9OgABwAR047mtGexuZNsaFhINLifIJGdoBPKjG76NggDnoT6cKrTWmt4rlet7qLtZ7uz6K6sSoxTeja32s21pbXfot10XTSpcaWovFwW+XRQhB+6PlIIzkkfLkdiOu08A5o05Rd6QXUYSxuGVGAZU6gZ7ZIOc8cY/2a12ju45HmDM4OmrG5bnKjaSMdQMYA4OB09BFK8rXlo5j2r9kKICcAjHX0zgtwRtJJ7mt1Uv7r5b6Wto9Gl321SfTR+rxlGV7qTW9rd7RfR9LJWs9W7p6mStrLa6TZrBNNGTqpbbHIx2nJwwUsSCM5ztyc/McENUz6trNslzI7pcW9texSlJUKTylWBwWHOAODjA6884q3CqC2jEgZfLvA+7kktk9AMnBBABHOOF61deHz47lAFAa5jO7BycEckE5BwAQemcHjIBVSnTlF80I6aeWsr7pp7bWv2vbeoXhtJ6tN6J63jdqyT0st3bRdkitB4oi36+Z1ltJLxbd44ycxoHHJPUnn7o2+wGeK9Asdaa81LQ4454pXXTJFKhvnDGE4znbztBJ/mCMniX06OefUleEMwto2LhCPuAYORkgZOPwNSQaZGsqX1szrcW1k6GQNhllKnbnJ4A5x8vA4xxiuOrg8PUS5VKErJOzclq4rtvp0SSut+vXQrSi3zNt2snvonFavurXtZXTs3tf0TTXM+i6mhKJmJNwK4yRcNnqRnpwQT9TmvlT9q27vraXRRYTyWryEM5iyHceSoHUqMZGADgcAkCvdtGutYttNMDTGdJEVHDD94oMjHOQMkE/Nw2G2/w448G/ai865l0YDYjiyhIXJB3InOOOCc9ACMnjPSjC4aeGrXdpReltHdJR6NeWqb1Xfplj5qrhpWdvhV9L6KLVr2ej8r2+Z0/7BrTT+L/Gct3dzTzHw5IgEzl2XDDgFuueM46bguc4z9Ff8FPokbwz8L7VBvNrZWrNjJIEtvGQenHz5A9DgdMV8v8A7CKXCeOvE6uc7/D0wIzncdygA+u3k4IIyB2zX03/AMFP5x/YXgFQ5DRaZpqsNoJVxEh2nHQgdAMkcYPIrw8SpvibC+4lBdleMv3bs0u3yS7XPQy+yyDERck52k7X1Tbi22u+11599vyz8A2N3p3ifQp8SJEdRgkVfl5G/wDiHGCRkg8Z4PbNdZ4/8N32q+KtZ1G1mgjSTUBiOTBlMnloNwHzDkH5ckH6iuN8J3N6dS0WRi0qS6hbRgNkFP3mFGeTjBxkHoRxk89L8QbzUbLxXewwyEKJl/dqcj5ohksAVxhTnJGT1Ocha+vq0ZqopqKs4WTS5kvejbe2vW3Rb33PnueEMM4ylaXOnZK9rpX1T0u7u6u9WeuW95c6X8E7a2e4m8+21e6jcxsuw+YgUx4HBwDnJwSckECvsf8AYJ07wvbfEfTbrSo4W1qbwvqk+qTNKzz4MMmFKgEKAwJwOTz1618Dpemf4NsG5mTXpFZmIbJKkYGcEHBI6kgk9cZr6E/4J2313b/HC8iaaUb/AA7d2u1yeEkZ145IHXOf7uNwyefDzjC1HlmL1d1GUmlf3laLs0rdHbW+ttGejl1aDzDBJfC1GKe9r26P5bO51f8AwUK0qafXPAAt2EjRadf+ZyQyMb6WbHVRkKdw4PHOSeR8gw2jz/DXxTBsUym+sJXO5TtOyNQX54478Z3DnJBr66/4KH3rxa7oYjZ4ZkuprJAGIUJ5HHPGSzcluhB79K+FPDDXv/CufiE0lzI81u9jJudzjBnTdj+IgZOM89ieOKyuLeX4KV+VWp7r4veT23vr5bJ+m2Zy5cfi4RvdXcn2Sjr21s/lfY5jQ9Dvh4j094bW3Nxa3trdRNIVeLzLeVZkVkPDbwmNpyOhODivuX9t20PxF8UfDTXNPksUvIfhpp1pqcfnrH/pMEMamJIyw2kYwADjOSfWvzq0rXrq0v0kmu51KuHQlskOASpAxxgjI5HODxxn2j4taxfaj4f8Aaw91PFcXOk3cVxcNKxlmEU+xOMnACKF6jbk8ghq78Vh28dga6fLKmq0Va9rTjFd7XXLpq9LroeBDERlhcTTak1Lkm1qmnGSXmtF531fZW+q/wBgHTdR0j4ieMVuYhGyeCb4bEkRxyxIYFSTjaQAevoc5FU/2nrd774jb2uIrYx6bo0okcjYoj2BixGcKOTwSRjIGAtQf8E6rlJvH/jUzXEszP4NvEHmSFgAzAbQCCpzkHucnj1qT9puCM+M9SBlKj+xbMHaCSxC4OSe4zxgjKn05Hn4ZKrxFiKMtU8PC6Ta0tZtN72Umluj268/ZcKUqiTf+0Oy72atzaK9t9NdFsj1rR/2g/CFnp0+k6zqUt9FHo9pYwPFcN5a3iWohJjBOBkZC9lOfm+6axn/AGvvDnhfwho3hrSYL6S40vWJrm4a4mYxPCwdBsUnkhXOc5GQDwOR7f8AsO/sOfB/48/ss/tGfHT4i6xqUOqfDXT5rfwxp1rO1vANQismuor25fcqsolQR7DgksSQeCPxeuIpZXklmO7F5MoySzGOOSRUwTkKu0KTz3xyevzuT8I8C5/mWcZfSpYitXybHwWMUr04LE1KftEotW5lyzlzaaP0ueHW4mzrD4enVjKnTjUpckJJO6px5XdPW17Lvr0PuDxV+1InivUbu7uQ627aclpDaByrFoiNjO4IwPYZ5PToB4f4s+M1zqVvdWNhaJEL2FIrgnLbgqFN6sRktt4J5BJznjFeO21iZbZmJCkyumSG3gDPAOMAcDHf15waZNZurkKgYeWASTkjht2GI5PbAGBx25r9LwHCuU5bGlTw2EVKnT5eRa3STha/xO/Va2S1b6r5qvn2Y4qfNVrSnObWtk27qKdlr8lto1q1c5y2u7m31OxljcrtuFl3Iv8AEG3ZXkck/wCyRz05r37T9WOs6pY3sxKARCBkLYdwqndyTyuQANxySMYNeE6Zp1/qGp2Vtaw+bIbkxxqTklsnIGQM5IJ4zjPHXFe+eH/CviG31C3a/tvLhYssWEGJGTBCAZw3IBzjkZyCMEepUnQhONOUoxlJe7GTSbb5Ho7qyTbTVm337qj7epTbjGUoaOVoaRbcWm23fvrZNpxu20fpt8H/AIn6f8O/gN4u0qG58rX9d0m+tobGIrm5juTGIVctyV29VGAOc9a87+IX7QXhT/hUnhLw0dCv9P17Spwt/fGYTW80MwYvJBHgiOUH72O2OeK+ZLlPFUluqeTcQpDEIlVUJXykGMnB5AG3HHQcD18Q8VHUkjnWe4kmRJtghkOVTb82NrYwSOwxnOFHIr5CPBWSV8bXx1R1JV62NWNm4VnHmrRgoQ91NJxjG942+TPYlnWMhh6VKMI8kKLow0WkW03bmV7pqzad7976/U/wh+N3gTRNQ3+NtDt9W0hm1EJI8aTzNJcpiNpYyMEDJIbOM9l4x9MeE/iD+zl4+v77S/EuoW3hy0fR2stAkexiYWtwxZklnmOCpjPADEghuuQpX8pfDUls99btcxx7Nrl48ZByRyN2c8ZyGVcZyM4OPbotE0OVJHdI282WJAixlSqkDIVlxggjORg5API4Hbi+EssrTeLjicbQrTUV+6xNVJcrjJS5G+VO6totrpvqY0M0xKp+z9nSnBN6Tpxb2jbWydk2+ujXbQ5H4laXb6V4s8RWlhd2upafb6jcw2Wo2zK0N5b7fkmUJkBWwCx7cnoM14ZfWxzvKnAjIOABgE9CRjHJ46euMkV7TregW3mSC0uZI/LnZFjYkYyeCSSSQBwGPGQOTXOTeE7g+YPMWRViDrkjLAkg9cZPqCck9RjNe4ko06cFK/JCMeaW8nGMVd2dm3b7td2kuBQnKTfK/eblZbLbSz7W012XRb/qP+yxGR8BtNiJxjUZRjG3IwrZwOMAknac9OnJrttdSMT6coYEGzusDqCQTkYJ5xjPIx3xWR+ylZs3wUs7dl3PHq0wwBjaBGDnrztUc859uOen8QaWy6np8hkZkW2vP3e3GMmTjp0J5wP8BXzEJRWKxKbTcajkrXvrZ+XTutndX0Pr4Rc8JhVFaezv16Rjv0bttrfRLtbP+H8Kw66zsvAlU4BAIDqQQOcknkk498A5q3N4m0mwXxJDIrRzSpqVrGy7ixbEjAZ4zySD7Z5q54Etm/t9VKqPmLKpO0tthBCk9yGHOPpyWOfIPEdvObvxKxU7bXUL2SZxyUSTeqc5OAQQBjHueDjGpGFbEqEre7GEk730jODtu272t1ta/TS8VVnhcu54Xd5VFdp2tp212af39LnyBoMsdj4sv76WZUjF1csivj5gxc/K3GTzgkDHdegFM8Y3+m31ur27QSXXmSb0R95ZSzFS4wAW5DHdnnHINTR6LFLqU1xv/dmSf5SueSzFiTnngkAhh2ycZqnqnhm1sEhlE6sbp2d8Rj92CCdnpwG6gk5wBgE19dhlDmg+sVG1r7pLW9mrbpLTXysflNR8zm9VzSbemqvbq/l2u9X5+YQiWOUffSNs5GCqjLA7SwxkZx79ARzXvBt5ZdOtZLePzJP7MzuVg3VMc7iTkdPlU44IzwB5hLbRSYhjkDBOCduMLng5wCAPQcAnG7pXrljbzxWlksLqIRYfM7DGAq7+chR1Bxgg5J4z16a1RpWs0nqr23umrLZa7/dZXutMND3pdLJP53Wqv1WllqtVdNXt5hpltciRzJbudki7jyXO0kdmGeh4IB469a7Swhvmd5I4LgAxlwNvQgj7pJx2689+5yKVrfW0L3RlmiUtIc4fb0bgEEHrg42nK/gteg6LqtlLKYjdQDMBVTvDgcfLn1Y44BK8ZOWAAPHK7a6LrZWeyu79Xp0bs1eydmbRT5nrJP3bX3ktFfm7K6fKm+i15TiJdR1GHUXMCXCExxJISoJIC5LOSenBI6c5G7GMQ2t1qSqrbJQ7XEzuMD95uY42hvmzjGRjJ7dMj0+6t9P+1M29FkuIolyq4UkLneeM9sngAj3+astJbWNZpJhBL5c7pGpGwlTnPQYzx157gliaxfK4S2uld36fDq2u1nZf0+mPPdb3167bXlo76eXkrd/Obu4u0Z5J4ZfmUkrs67RhSeoPUen17U3StQ1NJJAizKkkLLgoWxuGMhunzYXHPpzgnHW39/aTp+7aLEaMHjPQ4A+U/QjrnGPvHkg2fDjwzz7CsW2SHDqxwF2spG3I9eD36BcE4rLljZrSztd7fy6X8tldXTat1NYuSbSbabT0a0ScV8Xpukna3M1scVNNqxklASZisKJggDaGBI3cAHjt/s4GOBWlpp1h4jhpI9qBcleuGGc5Jzk8nbuwCQcAZre1i4tbe7viFCqQoJBK4K46HGcsQxxyOg54NJa6lbQ2rmVoSHiJBU5ILYwfl/DGcAHIzyaxlBbxaS7vztom3ok9rp36t9NYuTVlfVK67Oy9NOib0Sur7n6E/wDBLhpbb9tD4YmcsH8jUiSeB88PDAAHg4IBHOAcEnp/Vv8AGG5V/hD8QrvcT9l8KeIZcKTvJSORm2k9G2/KMcL+IFfyUf8ABMnVgP20vhd5jAqxvY48ufmBiYL2P1AbIxxnHT+r34qMW+DXxObzCVPg/wASllU4wpjmwDnA5x0z/exwM1/NfiDSVTjLDNXt7HDuSd0nF1o+ut+ays/e03sfsPDcpUsg5mr+9JJLXflVvLXXpuj+Pvxb+0BpdxY+IfCV74YjNpf2tzYQ6kJNt9HMlzP86tjcQWGRgn8cDOl8Kv2uvB3wo8N2nh628EavqEqSBbq7lvGbzyrEsM4bg9uQBx+Pyt8UIYrbxHD86/vHvH+Q7sYu5QCcHkn5ieuOSOhrsfgJ8ELL45+NIvCt14xtPCC/Zpr7+0L/AGLFIYU3NCvmsiBjwFbIbAHGen79QyTJ5ZXTeKpVJUJQpVakVUqaztDWybv+fW2h+VVsyzCGOqqlKnGrCpOEZuMPgdtLPS7v6p3T8uZ8Q+J4PHPxQ8ReNLGwk0qDV5prqOyY72gDqFCEkBWOVG5gOOTw2RW5qN7cGyjVTLkWqn7wB4Y5JBPBVQTz0yDg855rxD4ZXwJ8UPEnguHVYtat/D1zdWK6tasPIvY413LJE0eVI7EgnPIOecy3kyvEoDtzEU4JYAnpwMZ5HGMDPQAYNfY0vYwoUKdCLjRjSgqcbbRioqK97VO1k9/O589KNSpUrTnJupKcudx096Ti5Oyuv6skrIjGq3wyu0ZR0ZWL5ONuASpOWJwQTuHpgYNfor/wT91nU9P/AGmPgPNPdy/Z5rzVh9iIf7GzyQlTJLEvylyMAyEKcLznqfzVa0EbGTzuXKgEIRyDjsAMYPQAg+/GPun9kLxXZeD/AIyfA7xBrd+ul6Ho+r3X9q30ifLBaTLtklkySyoqt85wcDjsMeDxFapgJUuVz5oVeVRSbf7qSTikrtpt2s+vVnvcL03DMIzk0oxlTleTsl+8g/edo6L8929bf16R3FsLq7uLaZdNvHuJy8vLWl1nP7psnaFOQCeNvOOSa8K/ail+zfsxfGmW8iFtdP4P1BvMhYSW8hkjmCkHkjOQ3B4zx3x0vhLxj4S8dadJqvgXxbpHibR2vZXc2VxDcuiMxBBiDGRD1yGQAcZKivNf2wrma1/Zc+NrJKv2f/hFGhiQ/wAIkBG3JAPJI+6MDAJJ6V+N5VUnTxtGjWpNJVUpU5RtJarV3W+i6p6LzP2DMYwWGqVKcotcmk462SSW6a03SslZJrfU/ET4KQW4+H/hl3cMx0KRyVJABkYqBgZGcZxyevQjr8T+K/Enia28UeILezvStil7eTxwKilVeGRgjEtzkhckghjg9FJB/Qn4MeGbhvhP4euokBf/AIRt5CwySAFZ8EcDI65AAySvGMN+dOrzWr+KfEf2h0RoZtQWQNjMg86QLgkZ4Jxgj3ycmv0rAwj7TEuCje6Sjy82iaSSevba9t3uj4bHzU6WGjUXRK8l0str6bfO6TXZ8hrvjjxRcKIZLoNMLi1n82JQC6sgXa+DgkZIzhuDxwcDOsdU8WNrdzfm7nja4srxPmkZVOyJ1C7QvBwRt5POB6CtK5n0c28UlvJHHeuAecOqLGoKD5uvQHru549as2Gr6UJhFesRKbCcLOwBUyMh4GOQxznoORXowlNJxhQ95x0klvto9/Ky0t87nkwoUfcnKqo80r8qlZXdrNNWs1quyb1ujI8EaNrGoeMdJluZpS4W1klZyzEoZlP7sn76kMQc4zk89cew+D9LsYfj9Y2/zCQeJkVQwwSQpbA/Hkew7jg+d+DfEFnB4o0Wd53WGD7OkrNxhUlU7QAM4O3rnqACxNemfDu6g1b9o23uIhIxPiT7RboSeY1Ukds4IIOeuO7VtJ1Z0MRKpBpPCVY7W5XZ6vbVLa77dd5hCjTr0Yxbd8VSd7+81eHlbu3vrc7z9s+DZ8XdGlMbZn8PIWB5OYgMgcYyCASMnrzyRj+kf/glChX9i3woDjD+JtccqM8F58nHGBwfxwxPav5zP2xJ7e+8deH7lYibiXTdQtixbIUxuCApx/CFwMkdCMYAWv6Of+CVn7j9jLwUoJAbW9aYgkn/AJbjjP3jkcEkknB7mvwrjOt/xguChHVvEKD11fJOa2aSVktErO/VXs/0XL8O459ipLVclKatuuZQ3jb1va1m27bW/RGSMcnryT0ycY5+UnB4zgew6DIqjJGVAbClt2AcdsdcY4A9Dk9DyRVt7yJN3OBn7vsRnaTnPBx37cc9cya8GGKOCoOApPOc59cAk8Z3Z7jkHP8AO86cnK/LJJ30tvrsnd+rV99ld3f6FQ9o2ly21Sd73ekUkrvRLXtdJO8m2xksKAZdV3fNgL95s8A4wSAFAyMYzwBjIOXLapuZwAewBXAC4wDnjdn2HrknNWZL3AztbkEMS2ASTzgEhhkEYOOv3cDmq0l2vPUjg4ByAO20dCcH+E8gHjINYqFVNWjJX8m1021W+jWlrq9melSVRK65kk2mtXorJu7aS1stb77W3qPbID91cMAc4BBI7c8heeowSO+SKrCBBklFO1gN2OCCCDz659QBnPTBzceYYwVxx0A6cYPPOSSM8HJJJ4AyK3nYJBIwc4Lc88bQcdfbIOCQemcaL2yVtYvSya1+zu7tW0u9+3U7KbqO3xJfLT4V9pWum22ra2eurtCsaj0OOuVHJzkHp8uBgYzzx1OKkKcBlOxQOducYOc4B5B69x1wFyKZ53zHAz6Dn7/pz39Pu9PdQUaf5DhATyu0E9vfOOerZ7ZzjpWqbd+a99U20nfRaWt11em172Z0xjV0TTadtXsnpq7Pzs7/AH6AQQB0yxJ2k9Qc4wOoJOO+M5weKYQwG4ldwO7PKjpgA846deo74GACeY2SeueAc9P73fODwcZ5YE0m9zwVB4xjAIJJ7nj1xzjAGSKn3lZruvdsuqje/wA1dbO767FqEld2XROyte/fW7S0T7Nb9oGEo534I4AGc4ByTnoBljgZ9c47xfv9ww2QWxnOSMHAxj8sfw9ScGrfTcMYYfNgEcnqD0PTjkZwe55wO6oAQuCMDCnJz/Fn0HPHc9enWvayj9htNWfW+q7ap36NXvZeY1zJp8q9Lemqd7rzv11KqtJ8qtllBy25h823v7g/QEE8YzVlJHU4yQwKnODxu5xk9cnHUZGc561XZ8HkAkk4+i4Jx0IHqOQe4zghDO2fug5yygnkY6nB3E8nkDIB5Oe7VTmUU42T2VrrSMXdq1tVa992r+ZXK3o4q2/4q/nrZv5rXQvieRGPzsMbvXAAOM8AYPTJ/UcEyfbZRkLIxJwDk5C9dpxnuDwcDknk1k72IyFJBB3evQc8dfbrxzhgAS5nYbsDg4JwAOmPX27AZOeMnIpujGT15VaOui11Xf4tEmtyHh4SWsYfct0o+XX19bJM2V1CToWOM7c5OABkbcDqT/hyQDiN71wSC5OOvJ6nnBzngbeuQOcknpWN5rfMCxzjJGcYIPfg9gdwGeBwOc0GQsOASO4J5AZto+oGc5yTnkjvULBU278sdNlp1te/ror6K6+ZmsLTbtZaPR2X93Rrs7dfW+qNKS7kbcSzZ5A65OSOpyOnAB54yMDNILtydrMV28fNyDjjopwMHjJx+GMjK3sTjJXPGRkgjBwOnQ9BzjHfFKd7nIHPI3HJBIX1bOCMYz1PKkjPHTTw0IJJxjHRXlbRXaX2X0t5v03No0IR3itNVpdpuz626/hvotNB7hyc7iDnHUknOeTnjHHU9OcdxUf2lyxG45BIJPQD7uW4IHOFHRcjG4jpUDPgliDtx1AGSQQQTjkc9z6kZOaAXJYFeoJUnPQg5Lc9yMDOOoH8JFdEKFLRKEbrdWbStZ9mle9/O60NPZQSWiSVrOy3smtNOnXX0S1L3nycqGJ5Ifr2AA5yDwR+POTxweczAAs3Q4O4jqATjGcYwQBjrnGBgVm/vc4w2G5Jzx6/T/AnHqKeu4AkgnoB3546D1Bxhhjnrk10woUrW5Yp23010StvqtNPJa6vSHTj0jFdNYr9Vv377eavicr/ABf7pJIPHCjIB4OM5IGCAc+k4ndQTknIBbJwQQT35JwDjAGewXjNZwD9jk7RgdwB19s8ZJPYeoNTKemRlSCCuASQOOD6Ej5R9flzjGqowdlyxeqbTXW8bWVrp7Pptd2JlSja6UW1Z2tFtq6XS2ySv162LouHByGJBIDDBJ/PIwO4OMflVhZjxzwCQw4XjtnBJPTIGCM496zxvyCM4xnAXgA9dxPPBPQj72fY1YTcRxznI6nduODjJ4+nccZAwK1jShG91FWt030V7WW6+aXfY5J04xV3a99uXfWK2d9rN6Ld6WNNJSMAnaM5Iz1wOgxjknGR19OTVyORsBULHJJx0wOgOcdQDzg8jpnouXCrDBYsCoA5HJPbB9AuBzg57563kYn6cEkAd+oBznpwOfXNHs4Nr3I7bWe6Sve2ur1++2iZxVLS0slzWXRrdW1a100e+u99jRinkAOGORg5PAJIJx6gAEA5BPcGrcU8pfGTgDggng8fMME8j6gc9fTNjXcxAzgHCjA4wT1wR1OffHOcCrcSlTxljnAbjkk5H15PT9ed1dNDDQlJuUUr6J3S6q1vutovLffirUko6pa+UX0j2bs1p8krOzPI/wBp8XE/7PvxNS2LGeTQpVXaTuPyv3JGDjj6d8jB/Nz/AIJfaxd399Bo8nkJHpNpqkphij2pAzSSo25+ssjuCXcg5yCMgFq/Sf8AaUuUtPgH8S7iRtqJoM5Zt20cK4PuD6Htzzg1+R3/AATd8dQ6T4+1LT1t5LhtX0yWDRo7fZ5io1xI1xPKnIIDMRuIyR29PMzujFZfi+WHMqSo1pz6xjGbTsr62Ulptfbdo0wUVLA4iC5YyqVatOCaVrulTd+ysrpv+n/O1/wUZwv/AAUS+ODnAz4rhZWAwCps4yMdRknIAH4YxXxb4z1S1t9UuI5YmmcqGXf2BB3HBGAp6e+Ae3P2F/wUOv1vf+CgnxtnK5EfiWCLygCHLLaqm7AAznAJPHfIOSK+OfGEdhdahM0rFH5jyy8EgdD3OOnODkDucV/avAMovhbIY8q1yrB2e6X7ik7WvHd2T173bP544mp8ma5qpSUl9aqq7ta6kk3e6Vrbd/mZHh/XLCe4B2JA7S2yhNpOV85Tg4GACc5PAz3J4P8ASZ4KkgHw1+HaOqJB/YVuyKSfnZrAEDgAkn2BPUZPb+bPw/aaZp90qyATGae0yDHhthmQ5XAz0JAAIOSrA4r+he+8QR+Gfhv8Mrnypmt20yzEKBmDfPpY/h6dgOcAYyeBkfMeJcJVMRk0Y253WrLp/JH1TW2tnpulu/q/DdxWHzhzatGlRfu7J+0dtr6a201slc60ahbpI8NlLG0iWUTPDEA5EjzqwyBghs4+inHAr81v20PEV/8A8I942S80uV7GOS3jmnOEZG8rAC8kkscZX0ORuwcfbfwr1Jr648UapDDc3iLDHeS3zh5LezjSUZQNjblTkALggd+5+T/2yFttd8E+NvsqEvdrDcq7BliI8s5lB4IOM8kd8EAmuDgnCUf7ZkqqU3B09L3UZS5HyrqtbOztvstj0+M6so5Op024OSnJRWqajF3a10b7Pb5M/BjUG0XUbaB/JuraRZG35YsFU56Z5AAySM9fXHHsnwS0fw9qWv30FtFqV5cHTSqW9t80rOBlSuWG75tvAH3xgc8jgh4GvWdZTcwLDIG2rJIAN3U4BI55wWHbueMfYX7E3wQb4i/ETVtLPi218J3ljYefZ6kpDSSzRsB9miTO6R3GflIIYn1r9zzSlh8Dl86rXKow5mrvZcr0s7t6vTV9bq93/N+Gx7xuYU6MU3OU+VXi/iVuyS1u793ruj7n+LPiTxV4t+DHhj4eHSNTXTfCekaBq7z6got47awtoClzE7qwV5SWUsmd2MhgMkj400X4Y+KfFF/rnjXwxot1P4B8LC0l1vxDFB/xLbGZCHWCeY7cTMqHbzgDcPmwwr9MP20fgi3wE/Zq8NXuk/EbX9fv9bvY28RXur2hgjW11AljbW8xy8kURXbFHjYQenGa+FfgF+07N4M8JePvgNYst/4a8f20Ivri6QC1tZ4rdz50gxnzQxDJ0ODjAPT5bJsXRr4KtVwUI1YutOMrtxkvejzO2rbT6Nr7rH0OZYf2GMoxrzlTkqcGrSuto2WiejSfRX91J6Jr69+BnxY0DRfC9rL4V+H19r2q6nrSaiz6dcOXurqznjjhS5hVSwt7jk5fA7qSNxH6i2vxs+OHiiU6bpvwEjsL8xwZS5uWjkwIoyGZwhxkYLDIBYc7elflx/wTQ8LWd38XtQs38SQ3Y0u2S+ms32x2roLlCscYlOw5LLwMEbeg4Wv6hf7N0e0v3vo4NLhkljjaSWOWFAMxKoUEMcduh75AwQw8LMqdLDVKypQ1clKbknK7ertZrXRLo/U+3ybFVcRh6Mp3VouMYt2aSUdW09G7aJ2d9bbn86H/AAUI1D49P+zN8TJfFPw207w9osZtzf6jHdtJPbxOGK+XDjksD36Ac4yAf5dNP8Qaw8McUNnaSncmXeFSZFB4dicdQRkcdQOOTX9qf/BXa5tbL9kv4oSLP5wubjSop7aCVXV4pN4wzRswXA/vDOegOAD/ABkafrfg2IDzbO7hWJEDiNz87MASdmR6EEZxnbwelfo/h+/a4CpKXLTUazXK1a8VGGvK27Pa7d7+a0Pz3jv2yzCkqUeeUqSbvNpayT66bN36pa7HXx6z4gg02OaKx06KR8jLWcbYDY6F2wO+TjkjHIzWpb+MPEKWTwRado8jAFpWNhE7kghhyc+nX8xyQLlr4x8AnTh5umX91boVVC0rDa2AGXGQeG6cdV4GTilTxf4HjDvDomoxpInlr+9YYLAAE8ksCM5Vuob3NffOvg7TTunflbUV0avtfRK+t9dNj4evHNI+yUHCMdL8zk+Wzi3ZNu1k021prrokXpfG+t2MUEkulaS8s8aufMsotuNuFwMYOMc52jBGBjOb9r8QdZjk2ppeiHe3zMLSPaucntgcHrjtjHoOU1DxV4JdP9K0rV5EjhAASQhQc8EAHI98gd8Y6HPg8W+AWQ7dK1iMEHB84nBxgY3ZyCTk9c57d1TrYZ8sW+VJPRxTW61d27N30u+9+4So5py80ZUH1bTumnyt301vrr5301R2mpfEPXIhKv8AZGhzJgZZrVMKTn5slcgnt0GcAdxWUvxK1eLBGheH5Fj5OLCJmBIA5JUgZ47nBzjgZGLb+L/ALqy3el6ttyWZjMx34xtxzwCB2wRngnq1yHxD8L2jYvpeuopA3AScEjoVO4AkjGcsBj9U8Rg03NQulazcOb+Xa703WvVPa2osNSzNO0sRRV731s9bbbaNrf7m7I2v+Fw67aqskXh/w2pjG4Z06Alueu0jBPXvg447iuP8TfE7VtblsWudE0LdDOZFjhsYYdxxkh9oBK4B+U9c8LWodV+FUjDzdL8QFCuMlsEjPBHOcsSOc4wR1PAljvfg2X81tI8QiVJflPmcbAAGwM5BAHpkccg5xnUq4NyjONNRk5LmtFbNwu30vddLJXfU3pUcz9u716U420Tm9Xp3dvNdFtrqYU/xR1GDKx+FfDQjKKCf7PhLI4AQkMVBHOSwA6k8HjNY+P76UxyDw/oEZjALSpYxAuX+8W4OSDyNxHPZSAB0h1X4LTuwk0bxHIgBUhnIJClgCMNkYwVByw+97kzHWfgckWI/D/iRkAC83OMHGCDk4+vr3qJYqjovcSaW8UtFstJJtWurrvrrY6alDHOEb1oLZXUmt2tN31bvbtpo9OXu/iFrMCK8VhoyMQSGWxh+XPHy55yBzwSRyMZ4q/b/ABb8RCEeRp3h+QIioXk023JL56OWyQQCRnDA8gkEc78mt/AwSxmbw74gaOOLDjzzkEj5eMk5HAOMDkEYOAXJrnwIRdqeFtf2sc/NM20jHPPf2HIHOOK0oVsPKT55Qiov3bx6u1tV9zbd29elk6lDGUqKUaqd46tu9/has120vrtvucZqXxk8SLOGtrHRrW4jTZ5ltp0CnJAVjvAyM854Iwfbndj+PvjqG0trW3i0R02AFP7Mt3fI5Od20g/LhiCck889NV9X+Am3LeEddDOxId7l8AFSMoeTjufUnletVxrHwVtxA6eGtbUfOE2zMSQeADgcnngqfY4IxQq+FtUXNDmXaMXeL5b8rdtW299NtTGnSx0opuoktE7u0la1/K+973u+nUyLj4y+NZCbgJpEcxjxgaZbp0wCDuz8w4APrjOT0ji+OXjWBDg6VIXYbt2nW4KDGAEYkAADADLwO3pWpb6r8ILouzeHdbZVx1m3EgtkgnvkbSOpHB44NXI9R+Cksoj/AOEV1fcm4FPPb5mB28cg+5GOMEcgZqZVMLJRU3CF9E+VeV72bd/O2nTcxlQxjqNOrFrp7y12Wqva9ntfTv1PTE+KPiHVPChhuxp6yT6cxju0tI4SmeDkjILZA/2h7548ykk8UyWtnO2rLCka+czrHH9wn5eQfmGSCRgEnj7y8dJD4l+HO1rK20bUhbrAYktXlYmNSMgFj33Lycgc9+KiHjLwdDCsM2gXaIFEcS+c5BXONzAnHHJ/ofujpw1XDc00ppQjZPldvdtFOVk0l8tddnoiqtDFxw+srtvRxaWnutJ31Ss7LbW69OZn8V69DNHEniG5DoWVniRFAIU9xgADIHH93gcHEE3jHxQ4jz4g1JmVSQQy7eD1z9fU5wFA4AFdAPFngaW5e1i8LTSTOyhFBPzkgEgEE9MZzx1JB5ILh48+H9qxhufCE4ZdyOGyWDD7wUHAyOe5GfoTWVTEYWMrQrJNybuk1bbWSsrvdbr520vCxxE6cVUShN3V3bVXja929NFqu3W5zy+JvGcCLdf8JNqKowaQKZ/mGM8AAEYODheOAMjHV9t4y8eXhlkh8Q6kGWIeWGucsWY4+QYGT3wODxnPSukX4pfDQBo18H3JRFKqkmNpAwMIGY8YHU4x6ZOKt2vxZ+HDZNv4IddqF5jjBCxnIPHt35Ab0xivIliKLnVTm7QWnNFPn1im7pNaX+W99T2cPhppxtUik7N6q6a5Votet7JderOTbxH8TI7TNx4i1lIykkiKLh2ZuTgEbQFGeAckg8LwABkaB4p+IX9qNPfazrJtZGj8157l8CNWwQeuQV5UDG3GTk8Hrbj42eALgjd4dulWBWHlq24L1AweRkYO4D1zzWJL8XfBEjPLa+H7tt0fzRSMSjD6E5A4wOvPPHSuaWIw3u20askrRd7qNnK19Eru1k90r7Gqw1R1F76002Teiiuut99vPZno0niPUdQkto7fWrmYIu5zLcsuG4BGQME5xx67ckZFY3izxj/Yhgjvb27JuwkJEdy0i5XlSW+bI5JAyCBgYO6uZi+LnhG3t45x4Qcjcd53EgD1ySCAPTgE8HqBVa48d6F4igfVo/C8Mtna3QjlEzjZA5HGxiGLE4AIxlTyDnptRr03JqE4xnO0dHZJWWjVk3dNrRvvYxxFGcZL3ktUm+l7JJWbvbey5r6NrXbQs/GlwA5S7l+wyAIwd2ZinO4DcAwHPoeAenIHTeHtWtLe7MlvefaFuo5yYZCcplA2cHJZjwDuXHGOcHHn0HjDQw5hg0bT25b92sgbaD0HIwBjHI6dMnmuy8P+J9LvNb0qC10SwiYTiOVI/nOCvJYKuWJOCcg4J6Yya9HDOm3ac6Tk1u4xcl7yTtdtNcrvrqravc4K9HENSlCWjta81daxTUbPZq6s9r9nZegfDq60OL4leFNVku3Uw3bi4Uo7fdO4qMKTtyM7cMDjkV9z6t8QPDEs99smiUAujYtpQxGQCS2zOBzgDIPAbqceB/CG58MXPxA01n0q036aZ57hZLMBJUU5G1WBGQAcNyVyDjDCvqPW/HngRHnS30XTcNMy7msow2c/MMhenbOAMYHPFa3pQb5FR5XrflW7/m11s7X06+rOrL6NVUZOpNq92rSTT0ik1qtL6vZK712PGNU8d+HJPJhDRum7azG1kDEkcf8ALJl+p/8ArV59498U6FeaNBDG+5YtStXZRasB8rLxkLnnngnd930wPada8e+DY3gxoemlS4UOLWPOB13DBIPoGbjp6Aed+O/HvhubRbiOz0TT1dLi0fcLeNdwWRckMEJB5xj3A3cZLlVhGE4+0prWPwxez5XfdeV0727d+mpQqSjF3blZaPppFbJq/XV6bt6rRsfj7wtHbW+LZ2IiA2mykxkKC3zGME8ggYGCe56nOX4h+Fw3mfYnWRnO0i0lc98hsx9PQYx93kgYrqoPH+hNbW27wtDIfs0eGFvCwGUUluB/e6HGMcY9MG58d6Ks2f8AhFURi5wzQRhRkEY46ZJJyMMeoPJzosRStrOCajFJqne+3d/g1+JMaNSyVm1ZbyTSvZNvfVbWuch4p8d6TfaPcw2sFyhaa32k2kgjysiEgllG0YB4OCCCMAA12s3jTQp7G3EkN+ZVsYEx9ldo2IRckfIfvkjPzcg/hXJeLPGNnPoN1BbaLBDNK0Ow+VHhMSg5zwc56k4xya6XTvHc62lvAvh2G5dbKFSBChDHaN5A24xkdM5AIHINYQrpVZy9pT1h0g3Z+61az6L7092c9WhJOEUm7zvdO9m+V6db9Va3XR6mRJ4v0OSzKx2N3BtSTzHW2kUlArKO2Bwcnj8z1/Ojxv4E8S6rquqXunW92bO81K4uoTtlLSws+4fdJwB0C5G7ngZ5/S3VPFeqjRtTkXwZIkX2K4AmjgUrG3lseNqnhdoYjABAOB1x+ZPiL4p/EHTbw29tf3UMUk84CG3GI4y5wgAHO0ZBPr09+DHVqdWFLmqKXLpaMeWUbuPbR32XZa20SNHF0U1JWc1HV7prl1SW99FsvVM4Wf4aeIpJRs029MmcHd5oBwPmzuIAAIBGM4+Y9+dez+F/imSeJDp93GMgMoMxBI7g8dQc7QM9MjgYuxfEnx0JxPPqcjKVZhmFCSxXGTzkHH+1z2Fdh4Z8b+PtbvrC1s9U3PdXMcCKUWNy8jhVAUDtwAG+UcZPpjTxGHpUby51Jay0cVZWtKyvbo/O/SzZhGnKc5JzkvaS+FXTaTWqsrpdLq1312tlt8L/ABLaW7SjRtQkJYBmZZGVR8y5XLY4I9B04GeKwk+HnieNxvs7sKTna4YLyS2CVJIIJ7FcjFfUPxV0X4nfDjwhaaveeLIry4v5mzpUMivPZhQu0zIgJVcHII+XCgZPJr5Yl+KfxFkRTDqIkKE7gYAWwwyTzjAJBA5GckHb0OuDzDCYiEpJTly3UXqlK7W2l7L5vtbpz18LKjUTlWqR0UnHnd7tpbaX+d+mpJd/DjxE7F47a6ZAqhtiyFi24kEZOCcH1HH0CitH8OfFbyCQ6XqTRICuf3gY7eRyDweMdDkcc92N8V/iN5Yl/tKIbWCgG3QDKk5wO2M4JB9MYOa2vC/xY+I2pamLKW/EkZJLqkCEleCeOW2gE/NngAnBbg7vF4aFFTUGpppyunZWaet9k9Ul6q/aKVL2lTl9rV1UbXlJ30XdvRvfW6Wuhzt98P8AxW10Cmm6jEfLGVJkb5WyT8xxwQOuRkjJpH+Hni1GjcaZehAPmL+YTnGfXkHv90Zx0Ga9j8SeNvFzXFs9nI65gIcGIAFxnCk4A6jJ7g4PbJ5m68b/ABE2AmYgjaVXyVOeRghQMEcY56Y9OK0w2MoVoRquNnJXWuivyvWy0vZN+StFGGJo1KWIjBVKjUWm7u2jUXd/dqttNu/nN58OvF0scpTTr5CEAwEdVLE/LgllwMc+vpz12k+GvjW4sLRWsJw0EWGbL4IIyBgsCSDjIPbgZJKnbi+IXxFuWljkMy7WUGTyCyYAxg8Hntgt06AisSf4q/E+CSS1ErKIJCoBtsHbu4JyRgHoB0PuCa0qV6cWpckW76pXvb0fRLVtW2WxdpupdVXGNk73drpqyt6Xb81bchi+FPjNQsh028KrjI8s45GSc55J6j179eBvhd4teYTJpl7sQM0qbCC23jGSehyMcZ+uONlPjF8UUCIXVEK4+a2ULjg8t15z15J+hXdch+KnxNlWRhsZDGzO6wA8MfuggnngHJ5OOeaweKpqcbU7JWV02tnH772636dWjW8U4qVeejV2pdra7tpJ28+ltbqjD8P/ABZKbYJpN5EpUhVCklmBySAz9voR6njnfHw78XSCPbY6hwSp3s6BiMkEKpIbAGM+xxxjL4vi58RWgh2LbFoSAD9mXcCSM5ZhwByTt4HYHGKnX42fEkSqjpaqueNtumMjkkqSMnIGSRggZHOcX9bpqcZVKXNzJW5b6fD0tbfTS+99dEbTjF2Xtnq1bZ6NRWrWl9PP5CQ/CXxnebymn30wzhliR3OOT97OFx8xYE9CeQTW3ZfAXxnKwmjsr8FwuVaOQAMB0BB6cDJwGzg4HQ0k+PHxStGY28sUSFGL7LZAMdD9BgHnHGc9CTXo+hfHH4gTaQryTNJdFcrJGgCg7goVhgZIGckcDpzwzZvH004yjTs4vVXl3i0ld2to9NdfNIIwpOVpTqSutXddGrNPbr3drve2mXF8C/GSRGP+x5pC+B5jvIAMnvwBjPXnGc54U4J/gP46RE8rSpcBSGMTvk44OWLDBwOi4PP0Fdba/Ev4u6kiC1v8BnyFWMYAJOAxGAOcE5zgnrxz7j8Ovhr+0j8VruC20q/ntreWSLfcCMiNASCcMBkkfMRyc7Tjtu6cJjo4mrGnCjKUm48sV5tapt2d999kk9NDSpQtBzUnGyTUnbb3W72vorWu7PZJtbfJ6/AX4gGSJUs7qENJnJmdCCeowHGeFzkDp19vcvh5+yP4+8VXkcU51GGJio/cPM7uv4ZHf05zk8nj9y/2fP8AgnhqFumnat8Rde1XXr9lgc2zhxbpnazDZ0bB4yVI25J4Az+rHgH9lPw/owiGkaDbrIqqBKIxvyOBkFeTx2zjBJXAIr6qnk3NHnxcoYaGjtKUZS5bLom9XdabW3PKqZlCjdU3KrJNfZaitVyuzjdXb179ND8KPgj/AME/JoFtZdR03Vb6V403C5aUq3AycZIz35z24zyP1U+EH7H+m6ELczeHI0EaqGdlBOM5C7iBwuOeOc46Ba/THw/8HbzQ4EY6aXZQvyiMkgbeMBUGARyAD16d6tajeLoQMLW4t3XhkO5WGAOvHbOR09TlcmvVwEMqwzSoVaNSSu27xlK7tq0pO2i7dbeT8rFY3McUnGPuQdkkk0raN6X16XfX53OS8D/Dnw74WihkaBIXVExGuFChV5ycc+uCewBORuPrMvxA0nRIPLjVFWPq4bGFUYzjoep4xnjHTivm/wAT/ENrdZirM2DiP5sFevUBgOcH14IYgY5+UfiB8WtYtoJvIglldg/3JO3OCACDwASfQ9K9ypjISglK0krW5bpNWWlkknp2WjTdu/l08vnOadWTjKTbck9LaXTd38k2tG73sfbXiz9paz0qOcW99FGIgzNnaWXGDyRxnGehGOm7PNfHXj39t+6tJHj029R2U4JXPtg5BPGemW9QSOtfmn8VPi34/mmuE03R7h42Mm752KlsH72DyQMDDbhgfWviPxF4u+L15cT7bKW2V2wrKhwvPPOBjHJweOMKOhry8Xn1bA026GD57crTSTWnLr3uu70011sz3cHkeXVVD2leN5LZNLX3e613/wAup+xN9+1l421+4ZYb6aKOQhRtZkGCeoOevXdjnGG786Om/ErxVqxIudeZFkYAZlJIB65JJO7PsB6mvxEsr74xTujJqd7Cgbk7vJ29NuGUnjGeQR9eMHvtMuvirHslk8VX6HcQ6/bZVIxkngHk/wB488dslceE/EDO4TtTwbSVvhpyWis1d69rdPNdX9LT4MyGrTTqVKd305lrrHfVX1XW66bH7k6Pe3t1hrvWkYnbhnnBBXgkkl8jORnknrnjk9Yq2O1C2pW8+D8xE4OBnkjkHAyc+meeDx+Julat8R43Vj4u1FFY7WP2uVgBtxkA9QOOBnudpIOfVNE1rxoFj8/xXfkFxz5sjgjPzfx8HJyARtODnGcnvw3iDm7jepQq2VrJPVarX4fvT07o4a/BGSaeynSut5Wi9W4pKyd9km+u2zR+qF3BodwozcQFuc/vA2cEjpjA6d+pJ6c44nWvC+h3aM32yOPIL4E2QccYHO4HrwQRxuPU5+PtK17XN6RPrc75KkgyEA5GDwWzk5z3B6nnFenWn9qXlsGa8kaTBYHzCNxIIAzkHg9ckdAAB371x/mLV2pR11962nuq1lprrd31t1diqPA2AUVKnyS5lso6XTWz739LrvZNweL/AAXZKszQ3yqGUhfnGMDkEfNyxGFweq4OetfJfjjwruSVC1vLuDq+4KysMcHOQvI+8SPTg85+pNX0XVJLcs0jyEBiAWOeByoGcngYGPfA+bj598VaLqS+ZkMASzbHz0OQegJyPfPcV0Piqrj6bhUs4zja0m3ZNRbun83rrs9jSPDVPATjKDSs07qLTSSjrvZvz+avofnd8TvhZpGopczSWUCyM+PMiVEbPTJ2jcByD15PfOQfiLxT4MsfDs0nmN5SiRmVlJyRjkEckDJIJOQT2PSv1S8YaJNtnCoxBUsRncAOR065z25yMjJzivjL4oeFPtFpOTBvYhwHYYzkHBXOSdox0AOMcgmvyHizIHjqsq+GnLD1EuaXsr6vRt2X36ed2kz9EyPMaGHpKlXpU61kuX2lpOySWl9UrW0W2x8avqnhmGWTfeRZUEOjSEbfp1Jzxz3zgmoV8VeDonDGdGOQCmc8D0YDO45746HI615T468NzaZqE3lqEiZjjcxJJ+YgAZxzk9x0J5xXlcx2naXZdvPA2gnOCM4OSRwe4ORgYNfl1XJ6t5U6uMxDs2rOVk9Y63tffS3W+3U9Wpnkac0qeAw0VdO/IttO/wBq/Tu03ufX8fxO8IWoOEWRWG1cfKQQByW2nJ/yNuaY3xp8MxkCC2LlQSAQD90YJOchT06cseuCa+Np5V2/fYZYbeBwe/Ocr6ZHPbOCRVJ7gwtuBJI4JIJHJB9wT6HODnJ+YfNyy4Zw05XnVxEm1p+8f93otdWrXbskr7WK/wBa8RCLUaWHS0TtTi2tu13962S1Ps0/HPTUYi3s48hT94qp5IxwAefTOAMj3rMufj2wx5dvCgwvU4OCOMHC5ye5ySfTivkL7ftJwo3BTyG592PPOe3J457DNObVJAycADHBY5wfbCjt0yMY5HHNarhTAe63GrJ6O8qjfSN1d9OrSvZu72M/9dcWklenB3umqaW9vK7+WvVa3Pqy7+POpksU+zqDnqeQO3UZ6nGOTjB5zXPXPxs16blbpUPOFQYJA7nk9M4JPTA54GfmuTU5CeEUrySACTxk5IyOeMYxk9xzg1n1abAYKibWO4Z5/EY5B69iOp4znohwvl6a/dRbvq3d6+6lu7Xk7O669nYwqcYY6V/3slrbRKO9k7WS/F666XsfRcvxi8QSj59QlQbSxCyEnA6HsMDgE5yPpWDdfEzWbgljfThsqMBmHAxnB69CQSxON3pgV4K+syt8yYHOMKMkAHJGTjlhwcjuMdMlP7andgd2CABzkg+4G3g9TgZA9c4rePDuDhJKNGmlte1nf3Xs+mvfpo3c56nFmNmtatW6svilb7KtbR67rRrzXX2KfxvqtxlTcTBWzzvZs7fxz16856/7IOBc6/fTg7nJDYHzE4UgbRg89l9MY6d8+dnVLgkKrHLDtgAbtxOeuDk4HHOcDOBhv9oXR4Bck5z0wp5wfvZOOfUjucZJ7qeS0E4uMIppK1ox2fK97X30u1fTs9eapxHVqRXtJTk13k3/AC+b+Td+t+z6W4vbqdiWG4528nIGM4I4bkdc4AAGOe2FNBPK2XbIweR8oJJ5AXPGMDg8dKjiluZPlAckZPzDdyecA8Zz07c45PWrMVtqEjYW3nbOQcKeCTxtODgevOc5GTkEejTytJJKEne1ko3VrJrbW/VpW77nDW4gh1V2rJXatooqyStro9W9+19M97CQ43SEZXJB+cgDqARnII4OMkH+EAcVZLSNcl3yM7sDPIBPUAfMc9MjIAHUGu3svB3iLUXVINOuW3AEkBwvIzgjacckHkj06V6r4b+APibVpYnu4HiVtuV2szbR6YGcjhT93nsBnHsYLh7HYuajh8HUk3a7cGl03dr9dLu/XyPKxHEGFjBurUhBLeN3d/C9lq76qyfX0Z88WGi3Gpzrb2Vu0skj45UgKW4OTggrk8c4Pp0r6s+F37MJ8USQSa3eNDC5RvKjyCMqCVJJ4Kg5HPXsSRX0/wDDP9mGczW5l0yeTBQlvKKk843ZOAR6dcewwR+hfw/+AtvpcUZbT5kChRtxtw2fuk5GAOScgADgcZr9d4S8N8HGUMVnsacopp+wlLlhFJr4u9ld6r5NWPgs64oxNVuhlcZuUrL2ii9HzRXu3ukrXttp5Hgnwr/Y7+E+nx2sl3paajOFXf5+Jdzcc7SCCCcZ6cHdg8bf0D8DfA74faBFbjTPCWk2qhEPmNaRbjwMHOOcDnk+nYjPReHfDFhosMIigQMuFywyy4HQHtxg4wBx1zmu0N66psXdhWwoUAgcY64wR0xz0xznOf1SeI4ayWnGOX4HBxlCNm4Uqd38K1bjd2s3e6f3u3h4LL87zCanj8RWjCUk+Tmm3Z8tn7zeiv0svyOusLPRNFhBjW0iMeNscUEUYAA5XC424x3643H0E1345nt49li6Q8AfKo3OBn5g3O7t6duoAFeazTXM+7JYqGUFQBuOOc88YA/i/MVmymXD7iAQQACSGbHA28AggHn1x7V8dmvEeIxfMqc1h4K6Uafupx0/lStvvZd9D7bL8pp4SEXZ1ptpuUtVtFPqut7b62tfY6fVfG+surD+0pVOwHYr7QcnOQN3pg8k5IAPY1wl34m1mQPuvrlA3yg+YzM2ADjPDDIBycjGSSAQTVS7LuW+YFcsNoO4kgchgec9R6cEcnGeduXkGAHJ5PAYA8cbcE45BA+bHTqT0+SrYipN3qVakrrS8315bt99/Tvuz2FKcElGCSVlaKSe6ffyvdvbZO6G3eu3x8wS3dywBOSJHAHONoAJxkdxjpjI5FYMuuuv35pHBJJ+d2CqQMBhuwWxjrgDJ6U25UscYPLcjdnJyOQOM4446DcffHP3FkxLbflGeQpJA9OOCOuQT0wAcg15dRqUpe9daNKTbtotfXS/nporJmcp1HZW1d7J9dFpa9rJb6t90lvdn1tuF3Pt7vk/Lu5yAMj14PqTwATWbLqsZYqwQ7mBLE5O3Hv1z1PHXd25GdPpN6wfyw+Cc5JILY6cZXHXpwDjnrzmP4a1GRiSHBwTknqT1BwdvGdoJxnBPJxXHUine6ve1r3el0rN3V/Tvy+hly1m72dnZW13020X6Wv166Mt5aNuZvIZCCxV1Bxg8Dgkgc9BkcE8d8S5/sqYhnhthklgPKjJOTgDcAM7hnryfUdabJ4T1OUlWLAKv3iSxJP3gTuwM45PAPXFN/4Q7VSdpdihYZPJGADjgjnsOnXPpgcbpQ1XJGT9b83Xrre6d7dNdEEaVWNk4yWitq09lrrtey6u2t9dSNLfw+8oWTTrRiMf8sIzgcjOQOhwTjq2Oelb1npPhpsb7KxQlgApt4/4unQHPoQOCO+MA1rbwbfR4ZpCNucYIyDwckHqTzjjjH4VsweHLqMkkruJ5DYyGJHYHtjkZPYcAZp06FJNc1OFl0cVdbaPfforpaXd1vT9rZ+7LZXer6K9rvy6L72jotL8OeGDtIhscMOVEKBgwyMAAZA5+nB7V3FlofhaIB/s9oSyAMxhj6keoHfPPUkA5ODXEWmkzIVLsvyYZgAeSeVOOoAHcDb3GOh6WO0SNRuYEg4wCMJwf9rkcj5WIBJ4IIOfqcull9Ne9RpNqyd0nrpv83vdpWstGcNWlirpR59Xum32/Bea29WdKtl4UQDMVoWQHgwJkYGcghQCcgYGPm6HnkQyxeFhkJ5KMMHKxJuPTpkZz+XB9jWI8EaoSXQcYOzBLZ7YXPcNyc9dpIINY8ttGxkfzcMB/EvIPU857d8cnggcDPv08TgeW0aVJLS3uW6rZJenZLfRXOd4PGylf30r931UdWk1a9+3TR7Jb00WhM26O58vGfmXYuQuD83Az3HQZBOOgNZkkekEkpJG7FfvuRuJ4yPTHvz7E85wJoIwgYyqecN8vXOUBxuAx6Z6jkZ4rCunWMMAGkKkZw2FwOu0Hqv+8Bzj61UsVQ+zThdW2Vv5emtruys77Naa26aOAxCkuepyxut9XG1r2u1rfXy07M6q4axjTaJo1U5AAk4AOR0BzwOMKPQ9QDWDJf2FuzK10rKBlcSbSR2BHOO54AwTnnGBzFxfWqYaW3PllgSTIM4HUZzkcn24zjpWTc+JPCluWNzamRm5DCbPyjOSDkk5A5P51EMTTck1FRT0TX2WuXR3e3XorW3d0e5QoRhG7nGVlZuW1/d06+my73sdPceKdKtsq11t/hPlMW3cdTlSAwxwe+enzA1jzfEDSYSQtzKzNkYXJ3cEEHIH6YyK5d/GPw03FZrWYkj5jltoznhMHODnja3HGOOahPib4RS8sLhNpJCjkj1bG08EnJJPOMYOcV7GHxkE1eopcrSs+V66aWWu7b7LXV6GOKm2rQlS2bTu9Phb6p7dW3tfbU3z8RLNvutM/wA3BOBnHqSABwemSTwOOpY/jwSswjjlJJUEltueBk4OBnnt6noCK5mTWPhXIMW8k6/MCCchh6Nn1P4Ak84zisu51LwbkfYWuHJAVSWyTgDgAkZ5OQDnpjPcexTxeHcV76TaS97TZLVvZrdao+axk8TTV4yi9HdxWmy63e3l5q21+ru/FskpCojYwQV3ZweByRgMC2eBxk++a9X+CfhjU/GXia2vXRhY2bpKGABDupBC5JPqAPm98AAZ8f8AB3he68bavb6fo2nzzRyzIksu1ysagkHLAYLcn1HBPBr9ffgt8KbDwjpFpbrZfvtieY4XBZ9qnpjJAPPXnAzkE1+fceca5bk2X1MNCtTqYvERcOSMlzQjLRyla+60S01s10brKcFmmaVVGPOqMZLmk4tJ2taK6b6Pp5d/a/h5pU8QtYBGfkMeSygjkKCcDoe+SAOM8ZzX6K/CrRXH2ZjHnGBk5AIbHIAx6kcc8f3cg/NHw+8KSzzwmC1IZmXd8ucIenbAA6DJPuRjNfoj8NfBlykVs0kJVQqnJ65JBzzxnHfqBjH3sD+MuIc2p4ytPkV73va2t7Xlp2e/X8T+hOE8ongqKqVe3VdkrWuvVKzvuex+GrLyoEaUH7vAA42joQR1JGCO45HGa7eJ9oHbG1s7sEgKcc4OQRnIPtwR0q22nTxIscagDjHK8YBH155OMdj1BNWvstyQMkgYyQASCQeuf4iT16YzjHSvmaXJHdK+je1k7xb66Pvpptbc+4q1W4qyuraK/vK6Wq8tGrJa6ddrCzuAP4WyOQ3OPdefQ89eSVPQhhupASG47g7sZ6EcHPIyAD1JyT2yz7FOSCXA5JPGCRg9fQcc+3pjJX7DMSMsDgDHAIPOTt5GCcnj1B5442UYtJtRtpa6dr7X6K/V99+mnLzzbd3ZXWju49NtX9197jftD4++2eMLknJ+uPxAwfrxQLiQ43OwHI6lsgcDrjnp7deOlTLZykEkrnkjAweufu5POcZPII/Ek+xT5DKV6YAAyR+P3vw6Hjr0Fcis7+XR9038ur92WzVhc6V3dNX013Vk0ululr6X3a3ImuFABJJU44Vj6DgcZKjgdwMjjGcVmkAJGMHnOR0z9B24KjAwMjI4xfXT5MHnBBycjpux0yRkHnvjGTjtUn9muc+Y4UjqMZ69B15BA+vB6ZqHTheN+VWs0ldtaReqS10aXa6k2XGokrrr1utrK+3XV6dbNW0MV2VsYwODkDPQkEHPYjuOCAQepJppJZh9D8xGcDLE44xxjnoO2D0rd/s1VYhmZRnpjAGeVI4bqceuD365eNLUgneflGOADge3PYYye5Jz2Aj2UXdqVr28tPdXS6fVtpt723uV7Zb3967TstU/d1t0t2Vk7GDgFlV1+8NvJHy45HORx2PGcjIHUUTR7ba6JAG2zvG+oW3c85wF9OpGeDydtbR02LdyzsCc454A545PTGSOntzxm6/FDY+H/EF4CT9j0PVLglyRgLbyM3OMge2MdaidFck1F/FFpK1vspJWvp2tZr11S0o4iPtYJ2spQ0V0tJJ3tdbLd2e2r00/mo+FmkXmoft06Jdsy7RrXiSaHKE7ohdTISCuR6jKdxzwcD9ZP2xFv5/hj8QYoWDQwfD/AFGZIo8sWktraR8e2GGMYOcEd+Pxq8JfH/4a/C39prwX4l8fapNo1gi+J5L258h5lglfULowkmNJFYuCOS2Mc4I6/c/xx/bz/Z7+IXgP4kaV4a1HX9VuLPwPqMME1rpVysOoz3lq6QxRO8ahg7EB2UnbkY75/FM4yLOauKwkqGExfK50YqrGjNQcY13JJzjG2t9XdXvc/acHmWWR/eTr4dqnRqSlH2kVUi3SpJpwvzNvlurJ3s1ofjJ+x3p2u63oniuHU/Dl7JYXmqummXqR7ke9M26QqArZQIQu0HA6+9ftj+1z8NbLVP2a/Cmr3sSx3Xg3wnHcwxyXTrunmtBbqjxj5TsPLBTwRkcZJ/E39m/9pbxH4St9B0Hw18LNeuraLULmPU5LqOX7OWvnKJdYZAEKK65Kn0HIII/eX4wvpPjf4C3enXutww6na+ABe3FlE5uEhuJrQSpBKVOAYGbBByQQe3TpzXLM7o8VZdXxOEnGl9ZpvDNVFKD5PZqcpKLdnbVLS7V99CcFj8or8Pqjg8WnOiqksTJx5HafvQjeUbPWTi9NOVao/HLxvb6PpEXwmhMNtK8/hy1aZI2yqSSyK0jg4GTuLcnv0wwr5Y+O0unt8S9Rt1jsnCWFltWWVN2xYlLAHII6EkD7wBboV29h8ctTu7RPAqW+rGSPSdNtLWa6ttibFMqswVd2c9QSDjscEED8t/jjpfxL8U/FfWdV0S71p9MmitYbGaCZvnEMAV1bDDBDjKgHNf13wjgcXLKMJKTnCUI1LqKd2p1L6JbLXXm+W93/ACxxrm2Gp5viY8vtVOVNQ5XB2ShHdq71baTdtWtT9C/AlxYr/assdtbRs0CBVhKqFcAkEfwtnAI4DcdSOnC6lPKNRu7mSUSEXbhomlXapySMknHrzng8nJHPgnw70j4g6JpVrZ6zDrU0t15YkmMrkKj4CbypPIYgn0wBhc15Tp3g3XNR8d+JLbx58VYfAGlx3GpXFums3syPemGKV4YreMA7dxwgc4wcLxnn7DE4CvUoRc6j5bK79nK17pWbu3e1+/ytr8VDOKUa38J+9ok2o2ejV9FZLS130v1PuTwzdNqHijRRLDbvam8jjkRZUfeOCwIU8ggHORz6npX0t8WltdL0fRrqySC2DTbf3kqIqJt6ZY4UDGApPJ6cDJ/JP9lnWL68+IaIPEN3r1rba7LbwsbiWaCS3ichZ1VyCBIoVkAAyDxzwfvn9r43D/Cy0ntp57WRtQSKN1Yqc8FsHORwM4GeME+/lrCVIVlg1Vi/auLcuVxcXJJ7OycdO9lr3Z6scfSr4SWLVP4U3KOjbsopWaSVt/Ozu9dTe0zWYtjm4tbB5cLskE0DOSxIB+Vj1zkkdAfQ4qtf6jqFvcx3VvLAwkmDCGIoSigbVBIAKjp07nnBr8lbzXvEem/ZZYPEurvkFpVjvZkClTggglsAHgAjoMeuPX/hR4h8Qan4v0T7Vr2p3EM1zCJrOe7kdHj2gHIOAAcqACFxu5z36p5FWpTjL6xGTjaSjy7u6tK3M77Wa1t1OCnxBRk/ZfV3GTtty6XSd/hTejs93be5+pNk73OnQTzq8tyYGPBLneeFQqBxxkD0Xu3G4Q3zwWluulmKVjIfOb5RwMqScAjABAAPzbRxyTXz58V9Y8UeGdNsb3w3q8+niOOeaVVKsu1MMu7PAAyc46D8K+NH/aP+L5u1h/4SfzCjSIFaFSTtyAck4x6EAHtkHgbvLcY3GUatOPMlZarmTcE29HrpZNdVZLYtZ5gKfuVKVRziknaMd24e9rfVr06qx+krm+iaaNoVimVptjqxUNtwH528jBIOTn1PGD9nWs1xJ8B9Ot2jR3bTpV3h87SxIwCF4yeB7AbhjIr8Xfg/8SviB4zur1PEGrvcxR3bKAqCMgEHCqy44PRgOpxnIxX7AuzWv7O9k8MzJcpotywkJBKMAeefvNzkHnp6Zz4WcUq1J4ajOUZS9pDVbarTm6vpfZp+S1+p4fxeGxCrYinTkoPDy5lJJP3XHS6VrytZq1rXtornyRe6ZfWyzmWztZWMqEmQ75CnYEkYc4PJzkkr9DyWojM58yG3t5GwgiBwVY5weAcZ555OSFBy1fn740+K/wARofEus2jeKNTEEN5JFGgchUQOQqBScDAB56nAwT1ryO++KXj6e8YjxRqUpBcYM7ArtBXrngfXkelerTyLFzpxf1iirpP4Hd6Rfm9nZ62/A8LE8S5eqvLHCTbhJxb5IJXUt7pX1XnbfbVH79/D0NF8B/iFbsxZptIuydpwhEAYtuBGTg7eQCeWB9a+BvB1lp03ws8WXWo6dazTWfjiYQTSoGeNZ4UBKk5xyARjOD1/iJ+iP2eNa1a8/ZQ1i51O7lubu50DWZJLid2Z3wjEZYYyRwMAfeBA9K+Y/hnBfah8HPiTczSv5Vp4qtJ0zuIHmsyMF43chc/TIHapyujKjisVTlabuoyklpaEIptX1V0t29L7nJn+I9tQwFeKcE6cJwitlGTglF2Wj95tPvdqx454Q1pfDviWzuo9/kSalLvhhkI8xfPwARwMAEEZK8DooANftP8AGn4yHQfhJ8KfEPgUWra62mpYai8Erv5FvHCjJHKWG0/vCQ67uDkHIr8TPBltby+O/CFrcIbmC88Uafa3ETrkSQ3WpLHIp3HkMhIGTj+HK8Z/rv8A+Ch/ws+E/wALf2NPAMvhPwF4esL/AFa58DKki6fFHdRtcWdnJcoLgfMRcyOxkH8RbJHCmvxnxXxmW4bOOFsJisJLEVcfi68IQTioO0IwftE7uVpTi0rq9vQ/R/DOtj54LNvYYh0GoUeWUYtuDi4zbTT926TittOvQ93+AX2yT9lNfFV3FLYarN8Gta12a6hXbLc3KWs0whaTGNrEYC5PPUEsM/ySftEftBeIv2iU8K6FqGlR6WfAV9qtlC8aEyXe6/lQTzNjLZVeQBjODggGv7N/hKbGb9iWOJrbYy/BvX40Nuh2R/8AEvnAiVgAoCMAu3grkgDHT+I3QrFG8d+KPLj3PHe6xJGJiAqul9MyDaQcnIByANrY7A1+ceB2Dy6vnnE+ZTwdN4rLsxU8FJ3X1Z1XXp1FBKyu43d2nZbdz6HxXzDNHg8vwKxM/YY2nCli1ZSVdUY0p022k2veV7XVu3fxy68OSRPIZVLS+Zt+aJtuQMjtnPfpyPXcQaw0OSN0lCEsxIVVUqSTkHO4cYJ5PYZ28c19y/BbwPa/EjxtpnhvxVqemaLZ3sV/cJdyonmPcQRM0EEoIXBlwuBk7QehJrqP2gP2XbT4QL4Wv9T8S295F4lF3e28ECbHtEjdvKhcqDvSUEFXGVAKggd/3vF+IGWYbNqeRV3Uhj61JVKMOSo4zT1bU1Hk2jdpy7Puj8lwvBOY4nL/AO1aM6TwkJqM25JTjJOnzNptuz5kr2trsfsD/wAExbhfDX7Kfgi/117yw09Ne1MRRwxO4uA1w+duwMxOeoxgH6kV9teCPEmjrqfirVraDV5IpvEkU6Lbx3OZbcN5bPICgw6sQMdiMcY3V41/wSs8PWfiD9k7w5eXN1ui0zXNXhtreRFkiQpNMQ5DA87gWXIwPlOM4r748DR6fp1pctP9iW2fVrtWk2BCSJSMMCvJMmCADgk8Amv4P4pzDBR4w4rlXoVE62b1bOdTkV3iFNWVnJ7bOSaTP7D4ejWXDGSUqM5SeGy/DQlyxSTfs4rSTi9kr/JXufxUf8FCdduJP21fjVPbtMiT3umtAlzuNztNuMFtxXkEFiCQwHGFPNfFWpeLdViupkZslQqgsASCce+Tn72Bk+pB219+f8FH7FNS/bf+NhthEii608rOvC7RbLggqAMEZ6YOeQBzu+Eb3w0rSOZJ0Mu6NgDGctwBkkgEAfKd369BX+gnBeLwq4R4dWsU8pwLS1dl7ClZaLVdbu3fq0fxPxZh63+sud6N/wDCjir7NP8AeO99I21d11e10rn0F+zXoqfEn4lfDTwtrGoPaWviTxXYaPdykZ+zWlzKiTTYJA3KpJBOMcE9yP6Bv2pv2Cv2Zf2f9G8Kan4G1zUPFHijUNUjtNUsprwXcCI+yV7wKCREFfIaMhccjJAyf58vgrfx+CPG/grW4LqBXstT/tBZpvkgSW3XdGcn7gDAHI98Z4r7Y139rrxR4v1S9g1/xFp0FraXc93bNCTI10wkA2F2JIUKgAxgkA7s1+UeJEeKMfxBgaeR18XSwKoKeIqUq9SlBSVVe6qUUo1XUiop87dotta7fe8DxyTC5PVq5nGjLFQxEowpVaFKftlOnBRlKrOSnTjTs5LlXvN6vZr6D8SWnhuTSrnR5I557yG+T7CrO4hjs4YXJi2n5ccfKc4AGMEGvnzxo9nafDm61OOzsRLFd+RbwGRTJtiLiRm3fd4wc5HYfKTkeK/Er9o7xDqHmL4ZniupQ0SDy7cCRQY2WQqwGejZIycjkkEgH4z8ZeOfiHfD7Gby8ksXbz2ttzx2yvIxL7gSRuO4t09eowT0cLcL5vUnTqY3FOK9rGbjN+9ra8eVJatO19bO+ttTl4mz7LeSUMJQi17LkUoRioqXupW1baVmr77ddv6b/wDgjd8QvAl94T8X6XrV1odpr9healeabbz3ECXL2kkiiZ7dXBYqeM7c8ZznILftR8WdV8OWHwx8cXujnTo7eDwBqeoTrEY0Kg2zhn5CjezNkH+I5OOx/kh/4JSfCrVfiL4p+IGvw+Il8PXHhrQzpFrsYypdXupqNrlA6gPERneOCcYbsf2J/aXfxZ8Nf2c/iP4ev/Emu3N7o3wruJrzXZWYvqHnsu2JCHYiKNSQmM8dcCvybjbJ6GF4/nhaOKhUniswwCrU5Rnz03iZUV8VnGTSs0lbTR3sj9e4UhUxfAGHzOr7Sl9VwGMcIpe7OGFUtbJJLms0r7+mh+RXhP4+6b4a+I3hHVJPENw2j6brcNxeWIvWLCI6ixkV0YFVj9gMDAHpX19+2b+0f4X8c/tN/DvVdLnTyLrwlaW0ZnlUbohaII2wODuIKrn0HTNfzhafrs7+IUnS7nuIZLiBd0o3KjyTqxzzlcZySuCScnODn6E+KHiy/X4vfDS7+3T3ZtNK0yJHwVUKsL5j+8MgEdT7DIABr+m8z8Ocsq4fD434Z4XDTpy5VH35zhBKTaWrvfb13R/NuT8Y4yGYzhK83VrO0nJ+7BTXNFLVNPT7t119x/al+Oklj4Zvb2MrKdO1c26Rk7RKySNyxB5AJAJAIOehHX85B+2JrccckKRRqu4yMHJZQwb5DwMkDAG3pkbR0r0D9pHUpb34daleSuyNL4gkJXJBAL9CB1Iz26/eHTn8zxayPIYlzggEfKRuOS3HXoGxzhuR1OCph+EcplQo08Rh41eRWi5rd+67b211v572V7+nmXEuZ08TJ0a06fPq0no2n+Fk+l+l9Fc+5rf9s7xvbyl7a6lQZYqiSsqAkkcqOdoAPYkcjryS5/bG8d6mDFd6hP8AZ9/zBnY5yMnkZ5B5IXccE98GviAWM8bYZnKggghTgliCCVPTGMZXnA7jr0ml6DfahKtrarvuJZAoV3CruJ4YsxCgDIBJwABzwAa6f9TuHUlNZbhlJLmUnBOyVne7T6PTz89vL/1kzuacHjq8k1bl5nZrRJLTr2flqfS//DROrT3ebu6uJo2z+7Y4GcnaWORnknBB475JNevWvxu1g6BZXn2ZzaTsI0cEvISvYcfNjBxyMck5xkfLcPwfisIoL3xL438M6Kr4Mlubn7RfohX/AJ5IHUv/AAgM3Qn2z9I+FviF8BvBXhiHQJNG1z4k38MomS4mjGn2UUwA4Roy5eMtySwUsuNygk1zYvh3LFGmqGAVZqUbqEEkl7tnzNKMbXu9fkzpwWYYyTnLEYyNFKO8ppt/CknG8m7+av0XRlnR/jBq2saxbadplrd3N9cXAjht4w8k0nQYVY1Jwd4HH93HIFfVfgv4YfHjxmZp7TwpqmnWylf9J1GOWCBlbI4aUIRlT0wATXx3pPx51/TtVk1D4efDzw14du47tmtr2Szjvbq1z91kmkGQ4JGSCTuJGOK6vW/2iP2oPENrcHUviXrljaAqDbac/wBhjKngKoi2gBcdc4AxkjaSeHE8LYmrywwOGwVBcsbzrzlNp8qvaFJavveS1Tatrb0aGeZZh4yeNrYrFTenJQ5IRaVk7yld6vpyu1nfRo/Qfw5+y/8AEPUNY0+Lxfrvhnw5ZLfQCae/1SyhaKJiN0iI82WZVOSGAz3HBB+1l+Bn7KnhazuV8eftR+GbR7eKKR7WxnhuJJpEBLQkQs+WB4xkbsK3AGa/nR0jWfGni7WoV8R+LPEOoobkhxc6pcSliACxP7zjODwBgdM9K+mdF+HvhyTTJtQnQzTSJhHuHmnYZIUli7EB+T/ER1JOa+czXgTNMR7JYjPp4anG3uYDCU4czTX/AC8qzqyVm97bN7pM9PB8Y5NSjNYfI1WnLl9/F4icopWWjhCMbXVlq30aex9AfFq1/YitvF2pzWnxW8beOLAsZY00vThCiyxjDRxS5B8oMuCcA4LHjHHjP/Czv2WdHuIk8OfBzxB4nnkIWG51zVZ4lkbgKzQqGH3RllyRjAJDAVDe+C/DNvpSBtOhBm0y8Mc0EYWQyoHKuSFy2CANw56gACvlKysbmz1HSJY45pEa7lUKobYpWUAB8rjKqT16Yx259/LMojRpQo1Mwx9Z0oxjzVa3JzWjGzapRhZNa7t66efg4/Pp1Kkp0suy+h7RuV40HOSfu7Oo5O3S6to99T6l179pZ/DarH4T+EHgTw1DtMqSXenR390ifdRt0yAsynBPH168X9B+NXxc8U6TdamviGHSoIZYAlvpFnDZwpDKQNqiNchVB28EgFuDuwD80eN7gXVxbwNG3yxybi4G4jzMhevOGAIHUg+uMfQnw/sI7bwU4UODNBbTPwfkVZEAJ+XHU+uSBx0yPQxOGwuHpQl7OLk3GMedym38LTbne7Wnzu72aPOp5tjq83H2zjBRk7UkoJaRsrRSs9VorL8Uft/pf7CXh3xV8EvDvxc1jxZ4h1DUbjwxb61dWctxIYTPNbLK6xKpICg/KxwAC3AAzXgngv4UeCbS5snn0eC4kmuCN11H5uAjFBncx67QNxAzwNo4z99+Gfjwuifsy+EvCltp+b2/8IWWmi9dgUSF7dQ7CPjDAAjPBGfl+8K+QdHusTx7ZC0iSkAyHHLNlsDoBkH37gZJri4bw2Zr+0p5hGCpPEylgrKDfstNLLaKa01bd1s7H12b4nAzWWfU6k3WeFpvFXb1q+5zJqTW/vO6XX5Ha/HrQPD2i/stfFuwstM06FZ/DchbyrSJH2+YjIoZRnGQcAEkc/Wv5t7bRbSNbRY7eONHiTP7pWyQSMggfe98noeDX9F37R16037OnxKj3sTJ4eCKA3LZljJJxgnLDnnjHPHT8E9M0ae7WwWNM7YhuKgFR8oA5HzcY2kDuRnGAB7WVUoQqYttq8qyfR7qN9U7aLV/imz5Ti6tNVMCoNaYePrZz110afXrZfh51e6JDhU8tHBdgGKkgA4Ldeg4wTgcgEk16P4f8NWo0qKdYIt4DAbQSSQCM8A56ZxyMd+tXp/Ct3IxWIbVjmPMnUBu+OpyexwcdTgV7vofgE2XhKPUrqRQqwTssajlWMbEEnGMZwCPXnPFd+IxMKaprmtzyUdNOsdNE7at3d7cvU+Vo0KtaMmm1yR5m1fRWi+tm15u3TzPzpfQ5ZvFszKxVZNRnwg4IwxyORgqAQeh6gFe9e56d4UkMSgoysQXX5cbzkbskbj79OT6EZriBYRnxhCwlLGW+uWK8kZMpxjAPXHGMHp3GT9BxQSQwQKu4BgAJGxsUYHXK4AGPmIPbjknG9dpqFpdI81tG9Ip3vok/lpozgxNScJRfPzJJLyfwx2T211e6butTnLXwyNrBlIkA2DqAzFeikLnpg4x64NdTd/CLxReeANX+IkWmu/g/Sb630S+1PBaKLVbpwIYDhQFJbjLfe5Ix1N+3RIFlZmaVV2thT3A+Ygnrj8cAE8da+1PhP4u0Wb9jT9pn4faipl1B7vw54t0USlCsT2d07XJXnIbaR0B3EjAH3a+YzvE4jBYenVoRU+bEYenNO7ap1K0KcpLltsnvpd23OjKOXE4l06rslTqSjFN/FCLab0V02radX93zZ4c8ExvoGjvgAzWfmPkH5goBIGQuckHGCeBweTno7b4embxZodvbIRHOqiRUQlkJGcjgFfXoBn1AFdj4OMdx4d8LidolV9Ginb5wvLICRkZ5H97B6ge1exeGr7w/aeMNDvJbu1ghjGxnmZfnZVyVGWzhgSuTnr3zivy3Os7xsZYuEXP3YVnFRTd+VK1kl1d+ut+tnb38uwsXi6cZWSlOKfNolH3b3u3bRrt63St9J+BfhJpkel2CyQ7yIgZHdAQp5JO0rk4GTjkhuo7n4D/AOCknhq30m0+DohRQP7cvEDLGIyAIlPOAenHJ6AEnOQK/Uqy+MHgewtoIoHhuJxEQogKsu5RgkkHGP7vYAdjyPyy/wCCkHjey8VaX8LruzgKR6f4hu97EgBmMSk4x1Hp0ySTnmvzrw+q51iON8trYulWhh5VKqcqiaWsG1o9bN9EuvRs+9znD4GjlFeNGUJVfZqyXdcmztrZX67Hwylv5KxRxHe5baQGOAG5IBwAB7E44J6nFR6lYFIL1pQGbyyeuMZAwFGOMcE4zj8RXnM/xJtLGRke3neRZuCMkqRnPJIyO54JznHWsPXPi35kVxDDp7s8kQzI7bSV2jGQCO+D2PODxiv7HjB6aNLl3strNdXdrt3vpZn4ysPVvpG/W3rZdX3e6tve1z3L4fxK19AAATHtIOcDO4fTJOPTrxwOKzPjNEDbzo2wZ1ewI6cDdHnP4jGeRgk8jFcT8IPF99q97KTarEkITY6kkbi68MeOcn5Sc8E+ua3/AIqz3t3PeR4TYtzYSMRnPMsajsT9S3zY5+tTbi0204pdr2Vlquu3l+Ni8NRnCvy2S5ZKT1V2+VWs1pZ6PTZbLVnUHULa3igssxufIQiMYIB8scYCkZGcEkE46ZYtXcfDyVi+oyTDAFvjy9oX+Lg44HTGC2COmeuPO/C2mxy6jcG8wZFt1KlgG/gH3QSNhxjaQf5c+waDHaxR3i2q7XMbB367h1IJI3fe4OP9kA54bxMfVgoyi18WlmtHqm0lLfXT89Er/eZHQm8TSqO9opqys1oote60nfXyS9EbqXqQ6jZyROCy3VqFVFyAfMXb7FhnByADyM8mv6mv+CTt1LffCnxreyjDy+KdPgxjAVYbfYFAz0XB47Hiv5VbGMpqlgu1WLXdsdxIGOVGCT1ySCeOOmeeP6wf+CU9qIPgdrcxVVa58W73I4yYwApyO4HXrnjGcCv5S+kxOMeDIuKXO8ZhoJttpJzTfS93bounZ3P6d8IOaePxmjilRu1ve8la/S/W3S12mfSXwD+bxl8eV5G3x5GCCeBmOQnn7owfccnr3r6ZmRlyQM44B6DO05BHQfpz9MH5d/Z8lD+M/j4O6+P4wDkZ/wBVIRjr6HIB69+c19VsrMMklgSCRknpkfxdD3yM855A5r+CM4j/ALW0rqUaGHtJXt/ApatPZ9Y/d1P6Wpxd6btd2jpd9Iwb312X4vqYhUjBCnjOcFupI45yevQfTNPij/fnK7ixHGfUYPcY9RkHcevPW0wBYjAABB4PQe56du/U+uTl0ZRZc4XbgYPXkZbPGecEg56c56CuTCwcp04yTXw3ejVrR7bv7Vla1r+nTiGlRlveySsr9ku2ttPNfM8g/aQcx/s8fG5QTl/h3rQHY4NueT8vYZ5+voQf87i4FlNr1z9odUb7dOMsQoUC7m5IJ52qCe/GcYODX+h/+0wf+MePjYo+83w+1rv0P2duOOvGM98c5PSv85LVo3n8T3oBXeL67AVj6XcwxnGMBecfUE56/wChf0R4xWBz299cRhXZ2as4NR6X8n2t1R/If0g4x+pZfzJpyrVb6bNQpWtfqtn1Pp238ReFtE02YLPFd3LQLtxlssAQwZSCABz9AMjIr578cXKXdvcNEEiWZmmGD8wSTBOTgc+gxwfUYrfsNBllwirlPlMjhC2wYydxPLE5I5zz1OM48/8AiFN9ne7gSUFIoUjKj5VBx6DJByCe4wDz6f3Llkkq/KrrTV31utWtH269V0V7H8R55RjDC3SbvJprs5Jv9Oja7KyueO3B/eBkfhRt+XnLZx1LYzjk5PLH05r0LwFawT6luOSy8gyNwSoBbccY4xzgH65zjyPzmL7QfkLKxwcgkenIPPyk8jjAxwK7nwxczRGVoJGXEbcDAJLAgkEEEbeOfUHLccfSxmnd63tb8I6dna1tt/W58xOnyqlzQ3skr/De3S2ivdPyv00PUfFepE2k6R+VuUlGePBwuW3KCDzwcA9SfQV87aAjfb7l9oz9olwc53Ek9Aed2eNvOSeSRk16HqE7HTJzIzZLsSVLEgfN944AGT1HBxnnArzrw+GM8ki5JM0m1c5Gc5A6/QbiOx5GSR5rcliqbbvaz2Vum97PfbXTy3PoKUUsuq6NXSt1TiuTv0d0tullbc6jUBKZYxgjbGCAox6Ek4GME/TB4PQ51NLWRpE2j5c84wCW28gkdQBxyeB684y3k825Ac8hfmIbOMDBXGc984GOAfXI3dL2KSQCRvJC5HUAjdnAwcZJJz0Oe9ezByaWqTbWzTTbUflvqm9LJa6XfxeKmueyVrLZ3Vr8u2mqt67P5ZWrW4ZJV25Lc7V5O4Nznr7j8epxVawsTG0ZkG0qqsMgByoweWPPJwDwARyOTxv3cISTzEZdzNuZeoXacAZwTtOB054yAeTVc3SvPKzIB8nlqBnA45IHXG7r6/QCplFt3avsm320atbr62e/yqhXlBJK1nyp6adE+rt623STsW1gie1JOGDuNoOQfm3DcR7cH0+8Pu9OQlsg0koI3IHwMEsFDHj2JyfXPPocHq2d/skKjB3nJK8YGePXOSeAT6Y45ODJ5gdgFYFSxwGJ3DB5xwOctjA/nmplTi5Lnve11a26UdGn6dL27dV0U6zTvFyTWlkne75E+ZpLVNO7tu77Is6fZLHDKQoYLlt46ocYUDnG5hyM9ByCMAnz7Uowb2Y8gNOFUdCcMN2ePXv78GvT9FgLQyNJuA6L/FhyCRkA9sfxHHAx7cJqNoTqYZPmCzjJJYLuzkkhuhJHJ5JP044MVG8Y6taqy23Seltdr9NO3f18rqv63UU25NRurvo0k/zfe2naxVtUI1pkUsR9mTAJyexY8AjIOTnHQc+/oNvv+zIGY4wgyp5BwM5OeuP7zfXiuQtLeX+3naQKCbcgKMnIAwB0HJDA9PViRXd7QkEa7SCVU7V+8XHY8dR93ODzyTyK6sojenUd4t+0krNu124WV3vv8uzZnxTUSxFBJR/gRdmnZtW5m2ulm+i5uibKCFBdOMOQSwGTwccE7fvDHGcg9Rjk1vpBbeQN/JKEjfyeQVGMk5HXkHO7kE44xlXfdPlRncNuBgkgDIGOOpOefm/lptL8qAYVQhAyRxg4GOoGce5xjOK9iLce1rta+q2u5J6ppN+qW9/k6yvUhytJtJtq+91brqlbd38tLoz5dNgZo5oyBwz4bOARgHOccZyc9ecgDdw9LYkyjLEKm1cn5Q2Op7A8DHXIxyc07ziyog5JBQDdjaD+J9Mjjjkj0pV3RpKyqTtCnk4Jx1wSMk8EDOeDkkEjdLUYq+j5lHXXqkr2T02+XloXB1F8fw2S66u0NOr0002bb12OeubbDshYnbuA7AkkZJ5yT1LHOMDjKjnNa2XIyMbunGDkYwowwwTg8+hxjGM9G8MlwwyqkMCQcjg4wMkj0XuSQDis64tn3BTlcNnnjOD1B6deOBjpznNcVaLtdN22a+61rdLL5dPLvw83GUVra7s7LS9k7P7+vn5GZFCDKWKhtqSHPcELjAGepP5c+uK4DxEzz6lGvBzbgDaoO1QfvEYyMHGAcZJz3OPUo7fyoLmZicRxMcAEk8EAZHzEZ57dMDmvJtYMaah0Yj7Pkbc5B56YzgLxjqSeSSTXj49xagm1vq1a9rx69Gtb+b17n23D8JWxEmulkrd1HVduq6b+ZxN5FsRl4JUunGAcgbuRgHggjrtwB6Vz0kmWZHKnaOCDgKT/AHiF6YJGcY788V0OqO0YZs7i+9iBtwAVI9APwGOScHkg8sQctxvyQMtxkknnqcYwBye2McV8viZRjNx2Sinotnpfo2+ZtOy2PtsLb2abTV0rO1tPd0ttu76W36JCEDsRgEE9W3ZIHBGcDnGF5H81XLHPPHzZHAHTb16DPqTx+GWBXB+UYJOQFz90kcc846njA/E09VYqzAYBBDDdhvVeoxwefUDoRjA5k+bbZWd+lvdffaztd6RtfodHLfa60W9rpe7ZO9tLWe/fS1rxkFScneGPORyGwcHaOOO4B4xjGM5a2BjKkkjhs85OQRgEDrjjocjHHJUhiN4B+Y7QFz1GRg9ByDwSOSRzkU0g7iTkMcDByR97J5PPHXGDycAgDmLNWi9dr3tZNWdkopWV2lrdaJW1lZar8PLdx10fRO3ZWt5DSDtyD90kNgZPHJ+mOcdcjOOFoUjcFxgccknAOT07n0BJ9cAnFTMpUELnlsZBJGMD7y4xjgjAySeSTzlBGSRgYPTpkEqMgAnpnsccED3BE3zLo0rN6a7fLdW0110tqh38tdL6rTa73bs/x22Z2GixMUugFX/VAnJxnAPPDcEgkfd+YEjqK+hfhnpkdzo4E33fPZQoHX5Cd2duMgEZz0+hJr5+0WOQw3XBH7nJJOMkHPJ74AxzwBz1Ga+pPhHA8uhiNTtKSmXzCM8YwBkDGDwD6jcDkgAe/l75FCTu01t06XWjvfzb03vuj5zNrck1Ju91ZJXu21o/uStbQ7630q30vR7i/dSWKSIpOSdmCEzxuPc55PB6nNeRTSJcStIzqN7bo8/N2ztHPDEDIPTvzzXqvxE1FdJ8PRRQShmnBbcOQcoQ2wH5gAOOR68gV8vS6jfJGrrP8rsSFDYPBODzuOTgggcjA5yBj1JYmMVG6aty35Xp7vKrLfXV72tZq+rR4UcE69P3W9FazWl3ZvVaO191po7LWz9JMSyAldgYsCxx0A6bR6YyM57KTjnLygz8pUsCvGc4ABzhiPQjt6ZPAx5fH4i1RAAsgAG5RlcnHIy27AyFGBwAvPGBgC+ItVAbEqYIBB2jJbpt+9njORk989FxVRx1O3vc+ui0326p73v6taJWZjPJazSftI2vrrppa22jT00+7Q9VGHZtp429SSBkAYHOQPfHA7cEVbt5iHAz8wCkYOcLu6dehA46kZyOBXka+JtTiJUMCCORhQckfMO+T94seOMZ6in2/iLUnYMZVOD14BwG4HGOCeARkjPTJyNKeY0leylsl11+Hr2V7X0enTUxqZLWaSU4/wB5ppLXld2ra9fS12fQ8U3zbizsUVdoyD0A6LkY5ycAk87uM1nazIn2RgXQlmBZSQGzg44GTwQByT0JzxXjR8S6vhnSbkbQVA+bIPUHIHTO4cnk96Rtb1O7UCaZipY5JO04HQ9h15wWJPHGM5uWZRa+GXvJp3St0atr89NO7ehEckrQnGUpQai0029dHG/onpb0vfQ0rlv+Jhax5GN6YK4JUM4Bzhh82Gxnpg8dRX7Xfsq/Brw++nWHi+W2Bu7W0tmSOUZjaVgr+YQeMggYOMjrzzj8MbeWZ9Qt97sFaeIM7cAfvU2hcEEZI5B+6cDHev6E/gJ4gS38E6dp7k24m02xLtvVPk2LhiNwZsgckDjI4Pb57GNy55QbVrXcd2ruy0s/Xbqr9T6SEYQp0YTinLW261iknf52fXt3Pkn/AIKASwXfxH0yV1hEkegW6GNG+UIqsoLYPQbQcY9MD1/N24CmUBST02gHnHDHGc8DGOBgjIOCBX6DftwWazfEfTns5WnjbQoC0pZXUMA5KE7iMdOvIJ6dq+B2splZZHQhtzLk7eM56gHpgkDgcHuDmvWypyjhad022rNO71TjulrsrK2l3qeFj/ZvFTbV7tJtr7S5U7+W3la9+l/SPg94qs/DPiVpNRiL2d7by2srcEKZFKhtvHViAcgDA6Dv9pfA77FceJtLa1f92Li+dMYVQrkHKKvU4zjoBk8ED5fzx0+xkW6RgPmMiqBH1Oc4PXrkEcbjkYx2r7m/ZuiCa9brIs6mCORzI6ssSNg4ALAfMzcc5OfwFdawyli4V4uSb5VLmfaz66J68t/Jqz6uliJezdHkvFNSTSu0vdS1SfRprz7s/QiSPBeMFlkYjkE4+8cZIHfjO3kncccgVHOiq0bAk4UDaF4LAdGB4IyMjrjPJHAqGOdd2fOGQoLbyBtO7DYLHnAHbPHcnOYJtWtoSgMqFQrF1EisD75BJycjqM5z7Z9yN0mpOLvZWTtraFr2er7Pl7K1tSWptJ8smtUvddvstX79bNt3/InSRFEvP3TuyAPmJ2lDgENtHcZPQbuprlIXdtTSNj8ryEn5sBRyc/KcFcZ5x1GPQHbk1S3kBUSIEY52tKFPTqFyeM5yODnPGenMwSQLqbM0yohy3JJySdxw2ScbSc8Y7HptqeaC1ckrJW1W3u3srXtt63fe5l7CrOStTqatXspW1a8lpZa6drHlP7XsiP8AA7VUO1FTUIMAAkMARyABwO5AxznkV2f7NFqg+Dngdssc2UzAPwuWkyO+Dy3fOOOAK8//AGsr+01H4Q6hp1m7XE73UEnkwxncY02bmI56kAAgAZ7fNivVf2drzS7D4ReCra9vbe3kg05vMhnZVdcsCAVJycd+fT0rhlVpfXObn932MIv3rpyvF6p3s7e8l0fWx7mHw1Z4PkVOXM6jktHezUbet1vvp9x7jHBtA4DEAksTwq5PAx1GMEgcccLg4MMgYOoCkBsFFDkfd6nB6k4GSTxjPpSyeKfC4BSTW9OCBXY5mTIA427ieenQ9Djj1x5vG3g6HDP4h0zEeesyEgZycck4x1xk8ZGTWrxNJWtUirbN8m946p2Wtt/O10uhDA4lpx9jKyd2mmlrytdHfs76PVLQ3IkZssygtIzbM9funHck8nkAcg+vWYpJtUYO7kEK2BkHgKowG45OAOB1BIrkX+JPgK3Bl/4SPTmKDjbMC3J5wCR0z1HOeDkmqf8AwuT4cRgyTeJbMbGYKRyVzzzzySRyOcN25zULF0NpVoJ7t3Vntf5t833u9mjR5fi4rSlJ3vZ6rT3fVLXR/m+vaFHcSbw2CSFYgZGDn7p75IJIwQThs4psLBZBuJf5hhT8u0jvjoQ3GSCTtHbtwk3xx+FcZEkniOJztzmOPnJGRkEct0xwT0Ax0rFn+P8A8LY98x1oSkgsrpEAyZPTGOfc+p+hpLF4aO9eLvteUd7LTe/fd+Wu5lHL8W3ZU29LtWbeiWz7fLW+jPYyJSHyoIYcMGOIiD3IB69+Pl4B4PLTFM6yDZhcKYyMgMcgEE7cEY3HIwDxya8UH7SXwtiUhdSupCQQQsAHJySAvXBAOeehB571H/af+GCLIi3mohgSEQQgqMD5hkgEEc4xnbyCvUlPG4V/FWj0T1T002/Db79FbdZditG4WV1ou/u733SVnrp23Z7RLGVMqcqV8w4wCBiOTAwRgjqSQPvAc84r81vgKSv7QvxFYxb3FxqzIAdjAtPkLkfw9SQRkD0GK+ob39p74fGKRo31Ly/nXzBBuaTepXbgc5GcZA3DsTgEfDvgHx3o3hf4p+MvFzyXf2fVpLw20cUZacLcurh3AGSQThsgZz90c446uMwsquHtUv7Obcnrqmlb3dnr1Wl/LfengcVRjV5o/FFJLRXacbdb9tdO+up6ZrNyB4Y0skoYjJuZWbkryOnHqemexwMGsDSLTRLqO4uLuOZQhOVZh8xbkHA5IPPAGAvHPSuX+IN5dXXw90xtK8xJXkCRhDiX7zEYI+YggkDpwMDAAr5ngbx9bzSuLrVEJUMELMR04yv4YwQT2wO/wHEWBniK8anOo3pw+fKlo9Pylrqrn12W4uGFpyU4Kp77uk0klfS3Vb97Pq+p9FfEOy05PDF3cWsbRKkvyF2IJBJ29CMgkcEhuhIPBNdz+z5aRNo/iUyEKP7Ga5OJB0RS3TjGcZHoQR0IA+I9a1bxnLCRq17eG3RggSTcsbEHOWBOMjpjr1yOa+sf2e7nOheJTPIXeTw7d7AHwQQhwBk46gcYI6cHisMsw06NKUJSu0m+bZON0rdddEtPmkmjSrXp4mq5QpOKcVFJ9+/e/TfR/h5j428RW/2ucRK5fzJQ2MOigPtDAj5fQ9e2eMc5/wAM9O0rxR4007TdVt1ns5SSyA4GARxKTt2dSGwQdoyP7teY63cX4vZ08qZFeeYKHRnyPMfvggjBJHXOQMY5qjp+q6rol1Fd2F3NaXUb7vMRHUqp4wSdozgfdyAAMD2eIc6tOdKM+WTTipK2j91J63T26K918zlwWGhQxUK04uUPaKcoNp81nHT3nbWyWm1uu5+pml+FfDHhbWbe20TS7azWOKPzZYmBWZ2bKAkAgsOMnGBwedxI+a/HOpx2+q+KA0sUbS3x2orBTgkng/eznGPoQQOM8N8HvHPiPV/FTRahqk97AypIEmclW2sG2pnoM9SenI5KmuE+JU15N401wsziM3BZQgJAyAckA8+g6ZPToAcsPRq4PBUlOfPU52nJ2d0+7euibteXlvq/WxtSjjKknShyU2rKFo2VopNdYtLVPZu+51ukPLrF/p+i2uZLy+u4re3iDBg7yMFXgZJ25BA55z1GK9Vn+FeoeGfG4hv7iFruH7PK23JDMyrmIowGx0J29COD9K+X9Av9Y0K/s9Z028MWqafOl3ZXBUnypYn3Dk8AjG7GD931Fe1aH8W/FfijxAbvxTcLcXt3PbmadYxHLIRLsUkjGAACc8DkEknmues8dWxFBwnS+rJc01b33PTls3pZJWt32ub5fSy2nhasakZ/XFNSoz93kUIRXMpavXmt1d1fq2fWPxG8Lz6xDoK28TS3NrZALEhyzME3DjCjDlcEbx1GFwSD8reIZbvTLmWw1KB7aRAB5TIxZWzz87HHQjA7HryQD9H/ABI+I03hHTdLvrZk850iXdc/Mo/d9FHXI5U8HkdCAMfJ/jj4t/8ACYz2jX1vbWrWh+a4s0UyzAlT+9YbQScDJOfbAznixVPGvHKKoRlh+SPv8y5r6X0TV0k7fLW+5pCjQqUXOM0sQm0o6JSi7NN2aS363+/blFCnxDbqg2BmjLO/U7SGX3JI445JyOBX6EwtEng/Q5bl4gjxow89wqECLkMzDjbwAOgA5wFr84rbUYL/AF+1uIpGMZkTajfeYKcZwMZyQB1J5yOwP118abuSH4MaHNbNJC8nkhmRirAbRxwQQp2kd+pJBBJHqOl7fAV6T/dykkoyfR2i1ezfXXVtvV9UcdOao1qV1eEKjlK102rRb6269Lvv3NfWNR0qzlgnim0m4y+4QRyoSCGOclipwMkFW7Dj1XmfEWv2Op2YaOS386O9g8uKKVZGVA65IAOFXtx39NtfBjalfiRh9tugMAn96+QepUDcVBB9GIOOvTOz4f1TUV1RQl1MY2lhaXdIcPtlXuSd2e+D35zzXiUMrq03BSrqTi037uu3z1Vr9b28zuq1qFVz5Y8nOr6O32Fdpaaq17Po2le6v/RR8HdXRfhpNdQQ3EstrZWCGCA7WlaSEKUBx8pfdtAA+bjPBIr5E+O0Pxq+CXiXSvETya74c8K+Ilu9S0e0eR3tGluCXKbWICuQxJ2k8+wxWbD8f9X+EHwq0vWbCwi1I6nLZWzQXfyxI0UZKyHuSGUEZAGcHkcH58+MX7YfxA+OtlomkeOLyC60rw95g0iytFVPs0bD5ULqAx2A7VwOBn0NfP55lOOxOeYOtDD4WvgY0+XF+1SlNv3XDki1JO7ab1Vt+tz6vK8zw+FyPFUVia9PGOanQVN2i5NwfNJ3T1jfRJp2u9rvrdP+Lnjr40La6H4t1MXX9h/aLnSzJapHMybwx3v8rMWxk5yeoGK+x9ds7y8t/hJppjlllvLe0tpY7dwvzXE8cEbP0G1GcMScAY6jGR+VPgjxtbWGvteR+bG32YwEA5Lb2AJx6nI6nJIPRQAP2C8N22h+I7/4JW+pX93Y2Fxp9ldahe2zESwW8MizysG42kbCScg9CBwAPSryWU5TjK1OjGFOhRnVj7ON/hg2kopNqTkrcvW217orJqeIzrFU8K6yrVMRKnSaqy0acoRi3za/Eulnoutj7K/bO/4I1fCP4H/Bbw5+0B45+OWvrqvi7wzBqUGkWunQSWf9r3FuJodLjdZXlZQW2bynBBJHAx+KFnpml6f8NL+S0gYyW1/LAJ58CSWPO2N8cbMr82OCCSDhsV95/wDBTT9pPU9T8U+GvC/gj4la74v8F6P4Vs4bbQtRvpb2w0uaGERPKLeQlFlJUkNtyCR8xyGr8stF8cXeqeErvS7oiN5LsSsG5aQk84HUEEdDxg8HHI+Z4HedY7DSzXM8VKpSx041sNh5Q9msPT0Sjqk3zNN6/DflTdtdM+wmEyrF1MsdGi8VhJVqdavTVlUk5LkcWpyi+WL3Vnpd2S19x8Y3LSfBHR4yp5mQgcFQQ+cc45BYbiCCD3xXzVabA6guQRglQMEZAwAOFweeTnGBX0X4ucf8KK0mRiSyXiICoyVw2cEDqo4Yn8ua+X4JsuJPO3fdBG0g8Y5J4+71znr0OCcfpGLT54QV17kdLvVpRfRPbXr32W/wOIuqrt71p6Xu9LxatbqvuUVbTZ9tpc+24tQSdhu1fOSCfm4GOOMEDoR7AmvvPX1I+AF0fkDsLJwB1GWKg85J7Yz2PQ9/zz0x/nt33sSblVyTkZLArtHQAkHoSTjOB0r9CvEK7vgNdyHqsWm/x9GDbivQHOCCR+YPbhq/wZSdrq0VGyulypXfvf3fk723PTwyfLCyuuRd5JWSura2s09E30emrPkyynmZEWRhtCDBc7QDjg54PTGMD3PIJrC1KVP+En0hGlbDOmT1B3PlRgenOeo4PAwTWhDJG0X3/nCDGNxIXaM7VAz9Rnng9+OYv5P+Km0pi5YBowCckN8yjqCVJOcAfdJAB4OK8WMFdSdtLNc2tn0T9Pyv2PQwsmm5W0tHps1y9XrdX6W3ttdn6Mamsc2j+Fw8iMqaYm/IJ3Hy0wAWw3BTIHrgjJHHmnisLYaZdXETQuiWly7bhtGSDtGCeQAOuOMHFdRqs0kWh+GFedo/MsUIcBgQ3lKdoCnJ4AyCM4968L+JOrSJo90pllYALCrJu2kErkkAbjkMMYB3ZwCe/wA/jqMXjkk1bmTumr3Vna/X11v66H0OGrJYblbkr3aV+ujavrqt7tNJbeWl+ztflvHunyyqqHE4Qqed3LZGBwQTy2Vye3SvYPirfQt461fKlSWgwzZJXEQwR6nOQPTGTjnHzn8AZQnjjT0jViokypY4JYouVGTkfMc5wMrj6D2L4rXMi+N9VDAkt5OATwCsag9ARgZIIPI5U4J5jHUItRl1UYq11qouOnS6uk3+ReGcuWVpaqSu79G9tltp339LZ9vewPZyiWUOVyiuDyilzk5PB+XPTnA9civtT9mLWrKz0zVibxXlBKeW7nc6mMjGN3IBI57HJwea/PG2uQNPvQzMRgsGBJ3fMBnscd/QjB5zX0v+z5PKkeqSFwNpjMY5JKlcZGGILEYz1JzzXh1cNOUZXja2ist99bdNForfPQ7aE489nvHRvTouq012dn83qi9fxR3XjbW7hLyJidUu2ESy4k2s7EkL9ORjk4I4613czzC3sI1L7WDKCzcEAEkgEZOTxz0xng7jXzpqTTQ+NdbvkkOU1GfMKOY3O9jkqp98HHXGeOWr3Nrqd9K0mTYW2xiSUS9QpIABxxj5gCS309vLxOGk4fFdK/uq7W1tNEv8SSa01Vr29WEr1KTUk2pRbXdKSjdbWdtXu+2kjovDErJdaURvAXWIwrkHBy/BB4wOg6HaeOjHH9if7I8zj9m/4eMGKf6Ndjb06SA4xjJxxjkjoTwM1/Hn4TvY5bjSQ5iAXX7ZDggk7iAAfrngHg5BJYA4/sT/AGV/Kb9nrwIsIAEME4IUZAYsoxt24A+6cYB7njBH8WeOtCcHBPVKc1dJe970L6KyvZJ20v5XP2vLeapleEjJLlVei3aySXs5pN9Fulto79mj2ma6JLYHrj1BJ7nrk85O09MnAqMXTrgqCOeevTOB09AQCOAPaiWFt5Y8ZP065P3icA9MnoOSMgYMH2c53YIxxjBJwcdTgDIyDnqQTxziv5idOTS91bPpq17vR9tOm+vme2qcduRW6N2+K60t6btadO5cW+fGNuNx25Y4G456n0IPIz0HTk4edQkwQWYjkEqRgYIPBz2+UcfiScms8xsGIAHGTnjIxnOM8gkjpwfX3XawxwM+mAny5IBwQc8YBxjHBx2rFYRyfwt9dNHdNJrtpddVe2l1uPD093FJu19ZXtaLtbZvVddNfUv/ANoSZ4ydxA5xkg5yOPr9QQDjsHi+dgSVwD0GPlHUbm565Axjk9cEcjP2uORhsEZGBjB9Rk4Hp6A5zg0Z2nao7cgMWPPqSOScZ5PqPaj6olb3G3bWz8k/Ttb522I9jTSsoK2l7XtuvPRbeho/b5SRzheTjpyAowAck8ZJPbPGecOF5KTgsBxlT1HPOBnOQRuORkg5yMVnDBAznjByxySfb6diQPfrTgME/NkYA4Xgk9Ttxgdef7xx1wKqOE1SVN3Tbs72fw2vZNWW/nrqgVKCtZLS29n2td9dOl+2tjQF27AbskKN3B5IGRyR6ZA4YjIPapRcOy5YE7cD5mAJyM5xjjHBx2wcg9KoZ2kgEensM4A56Lzg542/e5FSLhsZUH3zjO0Yweh/Eg+x5Aa1g3peDWmvXW8bRXW/Le7fV3trYl04XT5YNvbRWWq12v0tp2v0srqznIBBB478A43Z4A+YZzgEAAnPYh5uSFB2kZyBgsGO48g8ZxjBOcjg9qqhCVGOfQc/LyehOckn17Y6Y5CuPbjkZz3Pb06c+uOuOK+puTVlporON76rz8lforeiJcIt/DFbPb/D3T3VvO12idpS+7PHqQSFAB546YHJB46diDURkZlZUPOOgPByepIO3HXjp70oQHAbn5eckkYPttzkEkdeevJyaVYQT94EAttzjI75PrkkbTk9OQTlTTwtnpHpFWtezXK7PW9rq9r6XezsZexi/iiujbTdnd7JO70sl001vpoK7DC/MPU8Z9eRyORgYLH3xmpi+CpGcZzzxnsADjr6jsT3wKYIMsxDEbiAScDG3gfU8g4wDj03Zp3lqCOSR1yAQOpBbjjnqxzjkkf3aI4bmklyrord3ZNv72nq7L3erbMbRg7Ne9aO+0dVdLR626txT3S0iSibA29CBnAJOMdTkDLEdv1OdwZ6y7sksygEn+6xJIHIB4z1xkY74HSHyyCCNvPC8DdgZwCfQHGMj1AJPJnCE7uAcDORhefoeCO54OO+Sa6FgZRs3FN6LSLaTtG9m1fV66u/ysnE5JrRW2bsrWvy7aN9X5+trqQSHgkkKRjb0PqD/tHI6Z7jGQTUivjBB5bkLnJHvkELkZJIzxz1xzGImyM9MADOOoyM5/Hr9SBxilELEnv2IywxjvjHUYwSCMk4Ap/UmpK8Wk30Ttf3b2S1e+2m9k9jFfK2mvR21tZ2v0v/AMFsnWckYyR1+bgk7e/UkqSSTycHOMAEVNFO3IO49c56ZOB6gkjPPHHHHOagWAkdvbAz9R1HTuB7HqMVOifMABxjJ9lGOmOOeq8DA657bxwCaj7ktbW0a0svlfbS1vvZDUHeLitlq436rpdpq17Pby0LiTuuDkMMqMDpjgnjuR2Kn3GOosJeuoMZIOW4xk5447kE4YA8nI6nHWmAAAMDt8uceoPc5x1GQRx0PGGlwhIOCMkAkYwenbuB1wDjJPPe1l9nrFpNWej8lffay1Wu/XQ5p0aTvamm32i7393r6PXRtt+TRqC7mYABsE5AycnI4JyPTHJ59qsLPK4G4kjBOcYznIIwOc4Y5wRzjg1jxzgYwCSMnI9ySeOAvbPIPT0zWhHdpgHaD1xnC47DIPHH5g9wcmuqngm7Xja/Lbolt16evVu2mhxzpWTtT2bv027f1foWgzA9Wx3Az68E5O7PoQeccA5OZo2b+6zYwAAMMD0wSMEMAcHsB0PFV0uo9u5gpB55+U59SeevB/iI+vIsx3McfLspztJAGDnuCeSTyPX1zXbSwUoq7TaTu3ql0UbuTbatv3+RyThJbQs7p35XveK6366X1va3a16NySGKkDbhjgHGcZxyPTr1z1APW8r5JK4PYjA7ZOSeeM47HbhhzuIOKt3H0zgZHO4Y3YHHGe2R06AcZ6zx3aZ+UnHpnryAOexz7nkcg4r0oYecacXaSTa1SumtNkru1ndWXpa5yVKM7Nxg3o31+K6d1utNdFvfbdnU6cxEknI/49rjI69YnyCc8gDvn3OeCf4qv2w4hffH/wCIMDOsIfxlqZLliCo85iCcHB3Egn3HQ8Af2laZKrzTlflP2W5PHOD9nYZ57gnPPJz05Ir+K/8AauZJf2jPHCOw58YapkYB3ATv1HTJ547k8EkV+4eCNCT4hwib92XPbRq2tPqna1rarVabPb1+HWqWX8WTnFWjl+Gu2n1qydpJ3b00bt+R8feJdCuBMWjubFIXDoY5JCS2zI3kEY6/NnBIyck/erzdPB96txKbm9s0a4KlXWQgeWD9Tg4JVunXHGAB6f8AESUx6zEiosUKQgkEFVPz43KCAC4xzn5j2JGc4kV1ZiEhgjiNUw4yWDZyQq7htH4g/mcf6BYPBxhGClOUuZLRqzu0rp+Vn7vZ3s72PxfMcdOUZtUoJpO91fdRvdd1or3sr6K5b8E+H7221eG2trqyQz3CxRq7GXz3kG0AqSF788c89eAa/wARfglrthq17fPe2n2kosxSOMYdZDyYxgjIBxt6c+mDV7wrfQyavYyI4S4iv1MeF2scNjcNpBzjHPJPQ5Ar2LxdrlxdXlus3JliYyyOSQCjkrgHkDaAv4EZzg08Th3CrB05Sbab0aa3SStqly377PujiwGO9rFxkoJXXLZae9ZL3UtEtFpola+9zjfh7aXmn/C7W452IMTXEAR0AB2ocsCT+mAMdMgkH89Ncikmn1S0Zohuv53VOhOJH5PI4xklT2x6HH6j28Bg+GGqXnlxbZ72XKggDDrtxgqAyED5SBgHgY4FflZ4jdZPEupIZPLWK7nK7Bx8zMRknAOMbc4HtkitMviuero007K19Xo722vot+25vmSThRtZpXbXRO6eqd9LKyWjfzPYPgtpssDeKI5TBKE0K6MW1lHWIksTuwMAnrgcH1wPCdO00X2qfZ9pJa5nVnjwQf3pPToOM+hzx/eFfS/wkhto7DxHIiF5X8P3ZdwAOTG+Mg56nliOpzgd6+evDO4a+pfdGkl1MpYNklmlZec8rxtY4BGSFyBy3rxp2mrbvlvpaysl2WqdvK1+2nk1JqNNe7t2i730tsrp3aTd7q2y6fbl3pulaZ8BNas7exhjlawjknnD/vJZSVC7l9R65Pcd+fgvSNLtLu6tYnjV5pblEkIJYKC2DkY4O3BO3qCcgHOftnUZWufhf4oVmfZbWsMa87ldlC7sp0PXpgcYGOefkLw79ntzLOZMO1wjruXJAD9iOhxznqQc5xurpVOPOlrva/pa9lrfay831sec6jaTjFpxXLZp7+69LrRWVvO6R9lapp8Nv8CNS0+OONUtx5EIQgMd0iFsAcZOSTnPc9zXyJa+D0kMMi+aUypnIO4J25PUYH8SgnJ6HrX2PqpUfAy6ud6NcPLG+Qo3FGddrHjgENyc4HOQMZb570xljtpfM3zmeAuwUkbSwLE4OMbc5yRkHv1rujhYTkoylZuzvayStFpb3WqV0tt+rOT6xUS0T3e+9nytb67tLRdbrc9p8UaOYv2aLeMRxiFddRAdwYnZkAgnDBm7jj7wwa+NLTw5G0jyvJKhDiRAU5cAdnA5HpkjuM8V9s6zeJcfs1yK0cirBrA8uMsSN2/aZMDIAx2PueCCR8kabqMUjmAF1mZmUu7DaB1UAgcYHOMY9881EMOvaTim3GOt2tVom7Xtddlut72egsRKVNLq1a2+nu7d91yp9dF1b9o8fRC0+F3gveC7JcFhyC2FbjIIXAPXjAz3OMnxkXDmHJCgMFcB05wxBbAOCcdjg5xk7eAfbPiNaxTfC/wjtc+bukLZGdwBHyoTnkkdsgZIGAOfADc/uhF87yRcAPjbgFeM5yT6cZPGemaVSCTs7PRO2j2S17XXZLRK5WFnLlfNok5euj1vbVduifTU+jvjvbiLwT8IrpCjGXRGkJ6BWAB4PTOMjHBVgTgHBPzClxO11HsQLGZrfaxA6+auCW56sTycYAxivpf4+TyHwB8IS8OyJ9G2khsbvl5II+YgcnOByGHpXzRZyJLItu4QLHJblSXA4EycLxn09uuMnms4RUH7sbLZq3fpqm7vW/XTY2c20kkrWdo7J7XWq62Wjei+R6p8VGuxr9kjIrCTQ9OaQlBgr5ajcSecYGAMKC2SSMZPP+FdNuU1PTWiKtGb+2Ebxr8y7pNpKjjA5+pyPUV1fxjnWDV9Pm8sR58M6eFBYAOEjUbl9cHI6eo6Gofhbcxz3Gk3ExWUnVLSIgfO6DfkHJwRnPpk98Cqu1SlFpWcXZu3SyTd1daWXZdt26pQ55QTbinaSd1dWklbR7Jva72vsR/Ffw7AnjfUys7pcNBbM2/Ku8hjXdxnJ5HHGQQDgcVz2heANQ12b7DpzLJdyQNMqM+Y1AzuJYgAEc4UcbSOQOmt+0tq89n8UNTjs5nhhFlasUKYJJiHzcZ5IIB4OSByScDq/wBmrW7m/wDF8Md6BcxSadMiSvjcrBTyQTjOCATnI5HA5HPSpQnRTcYqVk+ZJ7pq7Wrvp1238kbV/a06ripe5F3S6fZvvd2jftZXep83eLPDOreG9Zn026gm+0+aqHyizYIAIOOMbs8D73PXPXT0rSPEkTx+dpN+0B2pGTG5LZwSRjdnG4McnkHJODz6h8e72HTfiLqLoWGyW2YKEGM/KdzLlgcgjH+HFfQvwh1DTdUsreSWKWfUlmhKxzBXidGCrxxjG0qBgZzhfvZJ9nA5HTx1CrWnNxcIc1uVPRW+eu9loumlreHj83nhq1KFOCblPXe6b5U7Pd63bWmr01PgbX7yfS9VltbywkkBKqT5blVJOSjDYTkA8/kwxkVXuvDfh3WLTzTbRx3DgKd0LJycfKxZQFwCCCcDByOK+sNfsrO6+J3iK1mtICUuklWFokdYiuCQuRjLZ56A9T04+nfhl8O/BviGEJqmhafcCSaTzEa3QbgFOCpAG1uhAzw3AB4x4ayVVlVmqvKqcntFty5WkrPyT6rz30PZeaQoRpOpTUvaKN32b5X7qezS1d116tJH4p+L/h1p1mWlsXUyumAgKn3+UgnjPBIIxgkAc14hqOjS2TskyuigdADgtjqARnk5wT04A6Zr9H/HvgDQYPiBrukxrPDaPq81raRJn/R1MhwFB7A8KD+pGa35f2QofEV7axWWsi1jutOmvPNu4N+9reIyNGpYkglQwJHygk4ABrnp4CrySajzKLS829E9bu+tlp92rb0r4rDc0ejmk0lqteXR2s77d92kflB5bIzllI2hVUjPOTjJGcegB54wRg806OPjewJO3ByQCRg8sMn3z04yOCa++rr9ke31ISS2niNBOjzxPD5eFEsLEbQQcZyCckEjJOTwK4SH9jrxzqC6rdabfWc8Wjwvc3i5KukSkHdgKckgA5yMDr0C1E8NWjG7h7q1b30XK+mtnbbXstGSqlJS+K0tNr/3bLfTVpW1t+B8irGAqkYyGJPZvQcckrznndzz0p8cS5dmAIBbjJzg85PI+bjBzz6174P2f/FUzBrW7s53AYtGr8IAQu1hjBIIwRgcjkdqkg/Zw+Jd8l3cWenJd/YYWnvEgYl4YVAHmEDOEPXB3HrjA4rLkrLeL6Pbtbdru90rdVYvnir+9qu11p1162ur28zwZQofBBIwDjuOo+7ydvHHuOTyKkRAn3jx16EcsT19OnQnpjOCDn0ab4TeNI5UU2Cs5OA6uCMZPynJIDZJ6gDJ4Oc4uv8ABP4lSQNeReGb25tYh5kksSMyKgB3SO4yABgjJxjP3geKfJVbS5ZdNo69N+i1dvzXQI1IpL3uy1urtdH9+qv+h51GUSMhmLMMEBTkEY4PYY525yCDjgDNaUQfJ3OSvyk4YAHccqVHopwOhzn1HG7/AMK48c8GPw9fOAQF2QsxZee/GRxgk8k/TJlvvAnjGziS4u9A1mGPIzO1lN5ZZQeNwVgq8/eyMnqxyCeqGHk78yauldu6ey2TdtPd6q+3QtYuMdbq7cdLq+6atr63vf16PLj80YVQSVIcByT1yfunAYDPBzyCenfTgjaMt5uBwCxY7chjnBAGNoyCOrHknvlLbRNdBNwdJ1ABQeVtJzvXHXhSoBwxBIySMEHAq22m6njfNpuowqGAUvbTEk5H8RUEAHjnGD64pum420l56PyV/PtrZ3Xma08Um027c1nyppbcumzdldLu11d9bUSxFdoJUufmbdjAIODxkNk8jr7DtVlVXLIpJGQT82TwckD075G7GTnqcCpFDdOMi1ulwwUt5MuQeoBBQ9cEEZxzkkZ5uGKeFifLuEwu0loJFB3cA5ZdowW+hJHB5BHsrJ20Saur6JO19L730fodjrwsrS5l7tk73X8yXy/va/LWYlRtGQrAkgcHjgLnOP7vQ5IzwDU8cYDAAiTJJ4HIyeirgjIHGM/U81UWJxIBhs4PybTyAfXse2AB344Jq5A8iESbGLBioVSeMk45x1zhu3UdOtT7NyaafLbv1WknzK0db3tt1tvc2crpNrVWXu7bJestddu+mtlZRFAwQWIJIGw4UjIHHTrwc9MnA2/KXpb9HMhGMEqCQSSSoHGFBGeWwMADdnCg2EnkUhnVMcgHOQuexXBJPB6ZPHbmrcYuZH/cxplsE4xh+5UjOCeckc9B2NawfLdNRs+W26u7xVlrdpR1W9nol35p2lqlrqpLVOO2stN7JLZq+iu0mU1sZ5GBR3CqMM53EndjGcbu+B39e/F2KzvN2+Ms4AA43DG08knJG7jIwPTK/wAQvQXd3H8i2j5LEH5dwwAQGHBGcDP5dMirUep3AVlW1ZDk85IyMZPXPoMEkjrmqlyNJc/RJv5JaKzeu+9lbXS955eVru9vXRpJO6eqt1V3u2rmSbbV8EqbgYztwXyQT/vcEc4znrzkGo0m1yMkrJcghgAys4Ax2xnggAEgDndkY7dVHr7MhLWzqAACR1AyOwGSSBngAnPHI5Z/atqzhTHIm75iRwGxkkngg7icEkk9WPHNOMrJJVdkt3ba23MkvLpdL1G42teTV9fitfZX1tp33XbY56LW/EtuD5d/eK6EgHzZCFzjOAB9ed33snLcZ0ovH/i+zYH+1rs7CAVJcncAezYGB0znPX5ewnOq2cbAmN3VmO5WUZBAGQPTOQc4BwcAg5zXGo6fcMy+XGAzk4fCk8nBIC9VxjPPYEYPMyq9FPmWul07S02XVat9U7aaNlQjJu0W+a3WS27+dl08nbRXNaL4seNUUn+1JiBwodFBBJHGSSCcZ7DOPc4sp8ZfGZ3Ibvdk7RujXsPmPXA6Y44zhRzzXNSJpzEbVQb9xLHoCO+QOnTbnsOuKoSWem71LSCNscuHONwBJOCAMgAgfoSOKwlUkkk5Rv56Ppqn0Sa0uktUtDRQnFczm7q1kmuZXUbtWbSVtlbpZ3sz0OL4yeK4wGIglYADay85BIJIxnOM5xkcc5Bq9H8avEwUs9lZyZDZDRqCcZ6kqRnjPIOAP90Dx6S3tFdmWdxtzySpL57/AHieMsScHgcnk5dnbgpIGQcMCd2Cf4cD1Azx+HcjmdSXSz0d1p/du79bO22qVlo7JaxnVb+NrRuy5U7WVltd9nZW2V9dPbI/jRebGW58OWUxK/My+WCQwJIzjk7eM9SPSpE+LmhS5N94Qtzg5JUISM7i2MgdSctnAySepxXhrSSRsqrtw+cnOcYzjrycgjr93JzxgVFJMUyxCEjcCc8MSehXHf1OeAOpAqfayfSNrbpLTSPbdta36a7Nlp1GtW/JNK6bSba1StfR93e3KkkfQq/Eb4cXAH2vw1JF5mGfYnyr1w2euSc8A56dM4pzeI/hPdDc1rc2gPDKY9wO7jOMcgADjP54xXzrG0ciuGEecdsDYeRjP97144465zULvEVKl1ZVGNrDcfmxwMnBH3ccEFgRjIJOEqsU3JxjbS3lbtu9lr2tr2NHTqcsFJpPupW25LJ6672aT6u22v0mlp8JL3LRa8loepWWMKBwVwRxjBycjAGeuOambwL8Or5h9j8X2IYbRgyqpclsADJGAB35468EV8veUrByZFIyDt5UgZ5+bBweM7fqe1QMPLOU3HaMAktt4GVIw4GT0+6Me4xWEqtJR1pR1d9dt4q9rv7m9fNKzuKnaz0iuild83u9m3fdxvu7d3f6el+E2kXLA2PiiwZckAtNG27n1Y9McAnHY8d6rfCXUIyUtNYspVGRlblBx0AxkgbSCD1zjnrx85w3FyoBE80fGFCzSblLDJ5z68DpjnIzwNGDVNYiZRDqN7EuV+cTyAEDn5uTjg9Oc49OkPEYVL3qS0Xknf3Vrb569ku5Xsp6OL6Wu0uiWq1Suu3yaep9AxfCzxKivm4t5l4ClJACfXBBxyTyAMY4GetE3gHxPAFVYmJCk/JMSOQOAADySTgnnkkkkEnx238VeKISI4da1A7cov7xmGD3GecAjkcNgdARx0th428aW7HGrXEwLBSZBvyo+8QSWxjnOM88c5xWLq4SabjFp3/mitPdTVtNX+a2KjTnB2eq/wAOqva6vfumtb289Ld5B4d8VWbMPJuhsGOWfb2YcgkcnGV59DknFalsPEtqxD2twS4wCPMYDjPOOOce2Mhj2zytr8S/FkBZZJIp2JCkyx5JxtwM5OcADkcDgdMV0dh8Yddtn8u8023uI34OAiAKepBKkgjvtzjv8uMReil7tW2it+Gj8td7vSzdrmsKba1VrfE0330buu1r/wDAZ0EOv6rb5inhmi2ADJWTkZJz0GSOcZPt71uWnje6REHnSo2MZIkyQ2QcgnH4DjPTBqvY/GfQ5Syap4d5KhWkVEdTnIJYEjPGScjAAIIBIroYPHXwwv1VbqxNvJuBZRbjCq3UZUnB9T0GN3BrOTb0jWb91ddrcu73a7bbq62RrGmtdu2rSv8AC2tXFbb6vW6Vt1dsvG2UxPeuMgDKOcgnsRkjn2BBA64HOvFrlpcCJTcLMshOTISoGOdy5+UDr0Ye/OQaEMvwnvwzR3X2ZiCcmUodzAgccg468HHYHnNX4/Dnga8RVtPEIfhvk80KVJGB3xjd8x5J4GOOW4ajqNc0ailqnrJrpHS78rO+633tbppwhFqzSatqrpp6Savd72dlyp8qd7q7de9trS/I8m5jTJOQzgqWGeARkgcMM9wcdyKzJPDN4xxbPAynbuAkUHbznPXnOMdOCDk5O7fi8D6SzssHiO3A2cKZADyAByG6jpw2O4OKvw+BLguPsniC1XaOhnXdgt0YbjngHLHO3BA4IFefUp1G9Up7y920mnZbWfV2WqVle3Y7I3ik72dkujvayW19/kt9NGzj5fC+rW6Pvs5mjTklQGXJ6sAODk9z1BzVBrO5iTdNbzIAQQSjAlc/MWIXkd/XHGTXtdt4L8SLtNtr1vOo2lVEy7XABx0yduQO/O4/dzW7H4d8SxxETQ6feAnCjCMBjJ3AdCMEjBwSCRnNcksFzauFnpe3TZ3226W877o6YV+6Vkl1ejSV9r9tu70et189xrEGLMwXI27c4YYPBOT79SD6dMZvRWKl3KPtXAGD8v1IycEnOSMc9j8uK9xh8EwXzFL/AEA28vzM00JKgHqDtUheB0yTyCcGtaP4SWWopEtpc3Vs5wx86IsnBwfmPIIGSCAcYz8uBjnll83qoXV0rtLW1t/VrVX73bLWJcHGTk03ZpavtprZ73eidt9WzwL7BGP3ihVwwyS+Gbdjcck4wfXoQRTo7BidyKOSQB1YnA+bOcA9MjnkscZ6e+Tfs/8AiO4KHTNQsLoyL+7iMpRyAQqsQy7s57E8noOeM+f4FfEjT41SXTpZCSWzAfMBQ5w2Bz1OenHpjr51fK8Q07UZu1tErt7WTsttXo+t9HodEcwUpRTmkrXbUuV7q19F23163sro8SktpsEBMLkbsAtyCc4ODu4GMg4GD9AqwbSAuVVSoLKcgEDucYyRxkZ6ivTLj4c+O7IMkuiXjqhZt3kEjGOu7G4Y/LOOBmsqXwzr9uqCfSp+STgRNj7uPm3KPmBOABnqeQfmHkV8trx3pST03jttbtfz8+zPQo4+m7Xemi873jZxa1stkk7Xt8+Qhibac5Z05ypKjk4HUZ7YPc9/fSS0ZtpkQjCAFT1Of4jjBzzx1OAMnit620i6yY57OeF1BMmYmZsZPoMZyQOQOcke+3BoDz4CFlOMfMpAAUrjlhzuGPfg5IwSPLq4CteyhLS2lmnq03b5PV+Wr6Ho0sXTevMt0rN6JKzbafZ2WjT/ALqWhxaBN4bBByQcsWwBkAgdzkqSOu33qURqQCw55KknsBhW+hHJIHGAOeg7+LwddyECOLLnDgKuRndyePuk5BzwPpnFaifD/UJgAsBLELnKk8DoeTnBPTPOBzwAa4amBrRSk4TT0fXTXbpbZea3sehDFK0dYpWu7at6x5XbS6ejtor623PK1hRCS4GNu4FsqRkcjbg4HOQTkkn14ClY0UuiqyKQFUcE+uSclhk8HuQMZIyfWJPhrqbqv7mRyVGSVPQHqMHBUZ4GfYAHAqv/AMK81Q4DQsAGyq7SCMA5JBAU85OD6DHOBXHUoVLtNSST95WbSbcbWst29LXvdu1jpVe6TTSeuvuuy91Jbavzu1bmevu28tEceCBEinPJA5AJI9MYbOQMMMnBIPzUqOyA7Ix1A+Uk8LwAOSB0BJ7dc5Ar0oeAdQLbpIJgAzKcROcnqpHJwemQvXjAOTmWHwRdxuAYGxuIw6HBG0DccYIHGD1xnPynpg6dRLmSnfzvq1Z63a731drvrZo0Va6a5tLW0aT2jZ2Wyve6Tsru1zzeGd1ffsHfA5zk8gBgQSRnPr06Zrbs9UvYtrxSXVuwwBsmlTd64AbHIyo+XjtjrXbP4QMALMrFtoXKxkgE9iR2AHIycAHA20JoiKQqwuHxgDHByc5B7gjsDwT35A5J1a8NI+0Wid02tmlfe+ja03tpfWxvCUJKza1a2Sdr2Wt93trol5jNN+IHi/Tnjaz17V4BG33VupMDHOepBy2fTgEDnk+laT+0J8UtMK+R4guJl7LdIJAwUY6k8BepBwTlSB1rhf8AhHyBuMCIQcHJLNkjGcY3Age4yfTmg6PEDgp8uCWKHgj2BHoRg88HtgCs/wC18ww0WqeJrwaX800kvddtNH6pafdevq9Co488IPbeCd7WWml7+eySd+t/ofSf2tfH1iUOpWtnqCqBuzH5bMeACOSeeDz1zkcZx6pon7YtpOU/tnwyyLkeY8L7mXJC8AMozjA5HbGMDNfFUWixuyh48BcD5s5JHPBHJGehByeMe19NFhBAEbKCSSCGwRk8eh6jnHUdqdPjDN6D1xcpLS6m1O9mkneV+zTu18usrLMLNpOnGztZpcunurv5vfVJdtv0f0f9qL4ZakAtyt9YEnB3oNpYHOSewB7DsSSRhc+n6T8VfhrrAAtvE1lG0uD5c8ioRnnacsCeBg54HGc/Nj8oo9Ht1zhNjkgE7S2D97gY9PvdMEnuedO00sxE7H4J6jeCcdcHJweQT6ZzjPXpjx/mNNL2kKNVdlZN3sne0rPfRWt2L/1eo1LOEpQulZqUWk7xXVO9rWtrt8Vj9g7PUNCvU3WWs6dcB8FRHcxD7x+UHcTnJ5PH13cA7Udn5ozHLFIoOAElVwwPYFWIBBHcnIHfOK/IeyutRtnX7PfXcOCAjxyyrwOFYAycc8DAxnsCK7nSfHvjLTmX7PrupIqkMC8zsmByCM8hSRwQcLg8gjNdcPESDS9tg3dJpuE/OF/daWl7/O+uxhLheo7uGIWtmuaL02STs9bW6O1rXVt/1GaxcbcoSemWGVBwfmxxyBz+ILc81E1nIQdinIIB+UEEc85P3SM5457cCvgPTPjj4+tOP7U+0qpH+tUkt7YBz6HkdORk16LpX7RniJAI7+1tpwMBhkKWIPJy34knoAeMAGvSoceZPVilWVWi7u6lFSSvy+au9L207t7M5KnDmPhdQlCadtE2m37l2uZNvRbbrW3l9YtAeFA+9uAK/dwDnJyQeBgYz+R6sFuEPIBx9SBjnjPG4HoueuCO1fP1t+0hpwKre6UyA5YuhyACOowSueRuznvjsK3rX4/eDLs4kE1u2esmQAwxkjA5BHU/hzjA9GHFOR1rOGLhHmSSTTT15e97LbZ36vscksqzCF+ahNpW+G0tred9Vv8APQ9jWHBO4hSTwMZwdo+YgDAznp75JwBU8apjAIILhcE4Hf5scZIxk8DAyOted2nxX8GX4Bj1CONj8oJYAkYwCcgduSevQ5zW5D4v0O6H+j3sLjqrK6HnGMctnP8ACTgHHuRVyznLZr93iqb03U0rL3VG+/5adyHgsZH4qFRPTaMlreOlmtVqlve+x20LKp3qflfnaucAA8AEnnuTj0G3nFasM6YznBUbiA3znPIHPXPr6H0NcFHr1s7KEnQkYGCVBOQAAOpCnBznvgda0o9YjLqN67iQr4ZWC+nI4C9f59SBXNPN8Mk7YiDXk07q0esWk1r2tZ9Xcf1SttKEk01fR3sktLf5fgd3C+587uSQo5JAxznHcnsevpnivRfDQ/eRqNxPy5JHOcggAA8jHXHHXdxgHyPTr5JGB3rgc8fOWJxjjrzx26HPrXvfgez+1zQswAwUIz13EL/ED1wMkEEAZxySK/NOMeJqVHDzjCqrqLu4y72urp97ppX033PXwGBnd80H0TbX+FW2183rbTa59K+CVKwwnjAUEE5OCOMrg+vJJzjjrzj6H0AuFQgkn+IhTlufTIDEDHU8H5sjt5B4TsQkMRbdhSRkKMZwArHI3Fs9uoxivc9Bs9qoSMEleijIwOQTjOeTtOfToa/mXMM2qYzEzlzN8076ta+9G1r+nbW9rrQ9evShSptf3bWWlkrJvW/Vdbfgz1LQyQVUZ3fJ93gfNwTwB/eXg9cEE4wB7d4cG7yyQSWGCwypwT7noFyPoo7kE+QaJa8p8uWOCTwCQSdobgkEdfTdzjOBXtfh61KFGOSxDZ9CfmznOevAPp24zn6XIpynODbvyuL1eyXKt72Setnte9rn5ZxPWpqFRLWVnqrbtq27u9/+BZneAokYAA4HBB/hXH4Y7ZB+Un6VTZwCxxjgHsR83GepwTzxjAJ256io5ZXClAA2cAheOpGVyMctkbj3zkc4qhLK8eCUcbRjPUANhs8gqQOTjJPOegr2cyxMXNqDT5Vr7ujlZJqOlt0ulk7aH5pCDk76e89LWXWPNdrS61fXbXaz0S/yk5HLEAluhJGAM5IA78DJxj3ZyeCcjgbhgDv168MMgA47HnkVkG5nBG0uAvIJU4yc/UY5IyDx24FM+1SfNub67sDOO54wMcknjGSK8h4iy95PtfTRqzutn/wO6evQsLKXvKaW1knbVWejWqav537Pd7anr1B/3sjPQkHr6jg5BUAnjmTlRjJAK8YJxzwfwznj146CsNL6VQSCcDBHcEnjaBjI6fNgjj3pDfudw3EDJJGTk4wcA4IwM8jkjHPUGmsVFqyvrbzj8S2Wr017bOxP1SqmrJNXu1f0Tsltpp12tpZI39xyeSByewOMEnv3GT1GeTjkU0j1PQY6k9+PwxyD37d8YAv5AejHcDyM9+evXsME8emSDSi/bI5I/hPcjk9RjqT6HqRnvWU8VFL4W7PaOvLqtG9tk/xS6NWsHUdm9+r100Wz3v29NtDccFdvzAdyQcnJ6nHPUYyBgfxZJFBk3dDjnBAOSccDJAwf7wzkdO+cc+b1yQCxGAOoz+AwM5HOfTBx2oNy2QoLMCM56LkdRnkj09+/asnjIpaJ+ael/h/FX2b79mxfUp3u2k9HfZ6cvVpXta7u923a6N4ONud23AwdzAZ9MjOccfMQcdAc0pcYB8xeQOCeOAeD0JP4n7v1zzpmY/NuJxkEZbaRwCCOnJwR0IHOR3QzvhiSSQQQPb37YODzyBzyzDBh46Vlok27pX1Ufdtd32ba7dLK+qtYFJW5mrSV/O9l/wAHt6306QyKT8zc9uQAP9r0OMADI/pRuUn7ynGP4gen6Y9Oo/nXM+a5wc47kgg8DqB1yM9en49CokY4IY/Mcehzjp1x/LHXPzU3jrO/S17pvrbTtrrf0VhLA6pOTt0s77W3XRJ6dbefXpDIqjORuAXHI6ZPHbIGT3yBwBzwiyJkgEDjAJbaOM+nTqQD6HJ9K59pSRwQMc7sngYxx3wfpnjORlqqtIR83mFRnGMZ7YDbm7n3zjHORzWUsbzaJJLe9/NWvZ7a+V152H9Qv9qzfVJN30TtZPfWzd2rbo6gSKpJDck52k/NgDjj2+9jntk9iNNGxB+Un+L5gw4HU8kZOc/NjPOByccr9qPQSMTkjv1xnHTJOCSO2frTDO5JIZgDjnK7TjqDggZGeBjnJB5NYvGtu14p+fXVK60V16X9So5fZRTku60lq/du2r6q6WlrfN6dUZkI+8q4wRhtu7ntjvxkEDj3bgxG5iO3JVeccse2Pm+g9PxxurmDM7ZG4jJ3HJySccHB/LsR2IwKTzXwSD0XJ5Gcj6jKnpgDnPOM1EsXJW1stEvnyrvsk7u62v8ALZYLSylb16N2/Ftt63bt3udOtzGWwCCc5J7HqQAAeAAATxxgnNSG8jOeQc8ZBGOODgjocYx6D+8DXKGQ4OWYg4zgYIPGFY+pyRwT2HcAxlyOmRkZPPqOD0PX1Bxkj0BOf12cvtJaK7vbsrJta6dUvxWsfU1FWu7aaRXLraN3sra30W27Ome4TrknOByRgj0OSWHTJ54xgEA8wtequCuAFOMDpgnaT7EknJ7Y4GTxzwmI5ALH1zjB/iHuOx756UnmjnGOcFQSTyeT16jPXpx1OM1lLEy0Tk3F2630929331tZq9/vL+q8q1vvu0mn8L0dtrNvro0+1943seT2XuOMEnA3ZwDxjjA59AMimG7Qj5STuzgtkYAO7J64yoGecdecgVgl3yQOMt82CehAPHTse2BngZXBDDJIDx7gEZ57YAJBBY4/In6ZSqz1TfRNyTW1trq9nfS97arbpqsEuVXjZtq6dlreOrW7u36Ly0Ns3IIIHzFT1P3Rz1UEg4POR6YzTTOcnaASQMZLDBB6YGR6j3OAOB8uJ5rYPv8AxE8kjqcDoc8Ee1BmbjkY24HPADd+2Bgk7cZJ4rncp9NYtrTVp7fg7W/w7u2pusNZpJWtd7a/Z0eut0r99dja84jcQVYd1PA9wTnJx14+XGOD1phuFB+U9NuP9jg5wBj2GPUc5wayPNbaQCqnIJOScEjpxnJP8IIB5J4wCV83axySOATgkDPI6/MeoJyAf4s4b5g6cnaPP5JaaLWOjaTtZNOOvfmeqRSozSVove603ty7/K99vNtPXbWYEA5JOSBnrj+Hj1J5z0HY55qQSYIJY5A5B77eSOueemTgZwTkZxhrORgtkY56k8jjB4JGe5wMk9h1tpcK3IIGQOpx3PHXk9efqfc9dGzaaa3jq27X0s+6vtbsttTL2MotaN7N3itNY6Le1r3u2vyvspJk5Pfk8ckH16jA9SDke/NeTfH6Qf8ACsdQHPzXlqOCDja2T07f3WGe+f4q9PWQsQoAC4x15Ixgjk5I4/PPBGa8n+Phz8NNQzx/plmMcDGW4yMnjIyQD+uK+tymMeduSX8Od079o2dk3+Nmr6673laSznLnZpfW6PR6PnS8ra329EfIvh3xPpekXWqR3ryb59Lhji2oZAJABgEY4JYYx6EbgcceiaB490y48Q+FrSOaf7Q+ouhR4tqKHjVV3ZweikgY45bnkV83SRao11dvYwLKhtrGJsMu/dMcIEJ4yduSQD0U8ZwfRPCWk6pb+OPDDahHGhS/QhNwYgCNTluDhuTuyc54xzX0MasaVXCQjdP28Gtk3acN9Hpdpv8AHa5+v43BUHDEVZLmlKlUdlJaqNLotXtt59rHx/8AFHVC3x712dY9zReIbxV3LjsoAC9BwMjHGeTwOOag8Q3cGoa0qWrMHmcsdwBK7ySEB5+bduODg8ckcm18Uy6/HrX0J4bxNdKNg/hYrkd+efQkfoOclhkXUdTASRt07A4yMkMGHykDqSDkckg4Bxx68lejLS0lOSb2V1OLdtm+tvXfa30WFUY4bDp2V8LR5VZJpqEfJb6pb976oj13xFcQyTh7WTbcGEYMm7C4GcN835H889ej03XpU8N3F35TMwiuYdoIB8tYyeecgg4GD/7KCeA8Q2t8ZrZnguFiLAFAhbnae5B+X5s8ZGRk1uWsd4vhuRIPMASGZnjPLN5pZQMZGQMNjJ3dc9wfVwc5qFNRhokr/wB33Ypzd73fS2+mtzKpGDVnJR/eX89XBt76W0ureWhneGdSW8DTi2lDI9xLLkkjaiE5z3ORjAz3BLc5ND8RWl3cCFLW5/0aWRsMOG3ME6cHgngkZ6cdqb4X068s7G8vHjkKfYrhArZAEmCpLcnqAF4Iyee1cp4V0zVF1W8uAJfJ8wMMELG2SHIH38ADJPGO/HIPf9YrKnycijdppJatNqV207pfza20u76mE6dPnnNSurQSTel9G3pft6bdz1j40X8a/DbwYRBK5/tO4ztBz907cDOA+SCep6kdTnzL4A3q3fxW8JQyQTBzqaqWkG3bggjcOcAIBy3c4O4cjtPjILx/h34I2Bxv1a4IZWxwFyW2jB7ZOfqfQ+bfBGLUF+Lvg17fzFWbU/nckAHAGdx4zl8fMeT6jOS4VJSr0moNNOje70snGTT306+V9FuhU4RWAxKumnCvulb3rrro0nba0k9E3oekfthKsXjS7zyyazAuOfmBRSWwv8J6jqxHuBj4l+ItvbQ3OlGSMKTbySP82CNzY5GBkkHsM49RmvrL9qptR/4TzUnnmecxa9EERnL42r/CrYzwOgzyABxyfkT4m6zMtzpLSWiktazEs+AWxIAOR0AHdsHgd858/GfvcTKSjy80pW1irpNX3tre6899LK3p5NTcMHho8yd4K9uvuw0s9bpPv5u2x6v+yKLKf9on4axxxhj/AGxJgcj5hDgcHg5xnHocjFe2f8FImW3+N1vZlgq2nhwysC2ADcskoB6A7Q2Qf9knHevEP2LdTN1+0d8ObZrOFd2qSYZcb8LAxJU4xnBGcklgR128enf8FFdTs779ozxDbXEErNZ6Hp0ShGxuDQjcDhuM8nkHByOpGcMPBrMKXwqXu6ac1uR6Kz62st/kzGpGa4hw7kvcWXVnJ6b+2pxto9N7fm3Y/NV7qKW4kYnlQ2MkHGCOnI4YfMMd+o4r0r4tzeZ4d+HEgbdnRbkKu4gKBKMkd/l6FSOg5Hy8eaXo0izmYrazFnJKZlJC/L0I9/p16EHAPqnxGFifDnw9ee1Roxo8zKJZdmxGdS3TJ4HBySMdCRX2tFctOcrJ8qjq7XWtO219rP779Wa4z+PhYq9nKd1bvG9k99NLWv6I870+2eXTVMZQOA5UlxuOV4UDjr6nkcDkggeteOreR/Dvw6V8ZbSLxWZsfeVhkHPQ5B5bjGcYxmsXwpJ4YexZrq1tlCxyeXvnOflHPJHAwDycYXnBrsPHN5pqaD4UmjghliNhcLDGW4jH95GOeDkHP3c8HjgaxSnCTckuWKvf1jq7q/rbd6PuebWnNYmiuV39o027paQsnbu2ldWem2mp8uarA8V28KLGMYZjlcZUsQcAgntu+7jBOWUA16p4onlk+Bvh5nfkeIp0ADALhWAOW6Z+g69z1HG3ur6S9wySaVAF2H94ZnBPUEA46nrnvg5PJz3Piu+09Pgx4fZdOjeD+3pz9nL7ghJ3Btx6hmwQMk7mPQ8C6EItTbd3y2T30XK9H2+K2+tux0znJOho9KqW9rWimuVSSu76X7+R4VoNvFJdqJcFgjNgPn5SOmDldxxz0Krg49fZ/BEEKeCviM2wKBBAEy2OQTz7jjnGcg9D38w8NanpM17GX0aKNSSdzTkKRwQuMnnB2gHH1xxXvOlPptv4N8aX1vp8MECLapNC0hxIGJOCx7YP3uRzjOTiurDJRqaL7Mm5WVtVZt76Xs9fPcWMcpRjZNPnhKO3LLWHa+q0SutXd90eMaTdpZ+Hby5WMBFlG4KcEjAG38z79xU3giWw1PUr5/7GW6ubWzea3c4LQttY5zkkMCA2euG6963/AA/e6Df29xZX9pYwWk0yuF8wLuVRnaGwQMgk8ZIJ/E9J4TPhHTNS1OGws3jmuLdmE8UgkAjiGWjBYj5WHXG4dNo4rspQjUqwTd27NX5WndR00S8ld23bVznrqcKVV8j23st3ZXvJbdN7p23Ppn9j3xXolh4d8WJrepWOl3U2uSFILyZIZpIweWVWwWGemOg6lga+u7zxl4TeJreLX9Jkcg/ILuLewAbuXxyD2P44NfmL8P8Awd4T1+w1PWLuWaK4/tG5RE+1NGQgc4LKjDk9cnkcY4DV6XZfDbwXmK9S7uLiVZQXjfUpFUjuQCwwByCOd3Jx90V9lhsHUlShOLgkldXau0nFX3tu9Frbd67fOYiNGdWpb2l73typp/DdK8ld3vy7Wa3MH4Z6zbwftFeP7gzwxQXMbiOWSRVhZQ3RXYhWLHgYOM8g4Jr72TV7EQbvtlmAYsAi5h3M2wFdoEmOh9Pmxu4BwPyd0LStMuPjD4osLl7mDTLdmS3MM7M5Axwsqnc3XOOucHGDmvoRvCXhNjGBrGtE4GIlvJ1wrKFA67cnJ/Tsd1FKlXUnO/MnJ2TTV0nFX2fZJd076a3eIhSnGEW5KapxunDqkovZq/p3a+fn/iWWW8/ao8IyxFTbW9ldrJOZUMA3FzgzEhAWOSMkYPU9cff+i3OnQ27K+o2IkLsxU3kG5cHOR8/QqRjnnPQCvzL8YaBZ2XxO8P6NazagbGe1O6Qyu1ziRjkiQHeCP4sEYYYz1z7hD8H9DkjdjrGswbvLZV+2yk4YABAScbue4GAGHXkd9GFSVXSC5lZNX0i20r3b1SV31ujhnCl7CEHOUZKOjcNU7rVe9ZaaWv8AiJ+2TfWu34ZvHcwzBvGFi/7qWOXaFliGTsdgEPU525wc9Mn7H0XWLQaXZlr21VGtLXexuoAFYQphSC/BOMd+455r8rPj54Lh8OweG5ILzVLjd4gtoh9qunnCxhk2vHuchGweeOOgOMge4+F/B2i6tHDa3FxrSo0cDyzrqEqoWePLBDn5M5yB2GWIIqJYepKtLZyk7WTvZ6Xvr21b8vS6fs1SppyajFyt7mr2srXSTbV72dj6A/aSvbe5+EXjyK2u4JPM8P3C7IbmJmfcrZAVHJbIJAAUYIPpXlX7KlkY/h34EmkeONTZETvJKsbQrG3AYMwIVt2dpHUHjhicf4gfDfQdO8FeK7uGbVLgxaLceWst/JIhYI5BMZyrDcPmGG49cDPOfB/wDBqfgrw1N/ausWjXdgGZba6eKGLH8KopADH1HJIP94VEsHUlKUHH4rtpbu3Krp6aJq+zW8r6F08RS5G1OSlGVlLl0d1FWvzbS0d9Vq0fVP7Qk8cnwz1aK0MUsgjYsUmjYtkFWbhyxBGWz6jJ7Z/KH9lnz9G8fyapFaxRwWXiW6kvJbmRI8rJvGVVmxyWVgV3cZBHXH3540+HNnaeGNZdtU1i8SLSLt0828lMYkhhZ1ZlLc/MAcE8HpkAE/kTe3MPh3VtKa71W/0pb+4nybRnhZ2M5RZHKkBiN28nliBn0NaYTCujGUGpc0pq0bN2S5W07X20u3a7Vr9THETjUi0qiS5LOTVuVt9ZNvSzV9ddbaqz/cf4yWsWo/DO71GKJCJba4vJnieOWMLJGzKzFTgAnkAdO46mvxEsblotbvpXQbXunIbaGJwXxgdztUn6cemf0d8NmCD4ZtoNt4zn1hr/AEdb26+06gZpESaPKQpE/QbW2lQcAgjPTP5ky+Ix4f8AEWsWK2kVwINTmhSSYA8Izd3HynnIGMHjkgce1GnP2DUpctktHo7+7oouN/W7undM+edNU5yjCPO3ZuSTtslZXfvbW0tZt6pnptvrjLG3mu6pI20LjBB3gDcCcjnBzxk8jrVT9plEg8Y+B5Y3kJuPB+is7FQSqrEoYEjkE85/FTxkVw8nxEPyk6bpsq+aFK7lEhfzAR0IwUODknJ5X2He/tDeJbm3n8EXEem6fcy3XhSzcLIm94dsa4CsOQADnnHBwAcAiKUFTkne3No7aOztza93bXva6a1JlScop2lFpO2vdRdrb3urW8+j25S6nj+whmYOsts4j2sGJLAfNtOcE8nIGScEjnNegyNn4OeFJCzlI/El8pO7DbS3QBcsFJyARyPUg14RB491EWyebo2lELujAIHygA8lSS3QHI4xzgjOa9s1HxpLoHwS8O69b2FhcXQ12crZzQq9rtfILlMclc4wM9eMAZrolGLdoST0XNqlbbr00duu6VrbOjSlTVNSjZucXHXfayTfl1fT8fIp4BHPNdB0QSidImK/PvbHB6ZIJ7nPQE4HPceA33+D/iqpkLGLw/GJHDHAfJJ78j5vm6njuMCvHp/j/dXkuJvDnho+UzhkSBU3y5J+YD06t1wR6AV6j8N/Hsuv+EfipdHRNJ0w2+jxnyrdAI5wQSBIMDIJGSSCMKSSMknlw8HTq88bNu0Um0/5bvr5q76XbXbtxdRToum6eq5G7NNuzi0npfomk/O582WFsLtgHkG75PL/AHmMg5zknO4LgBtx7dRxXpnwM0mTTvHfjKUsjr/YNzvIboDES4PBAJUknHXkk5IA840r4h6n87J4e0JjD0DQKqqqtglexO3nGce55r1n4U+JZvEGqeMJm0rT7CWz8N3UjGzIjFy4jYrvOeSUG09uPfFe5gKNWNX7KTjZ2ltzJLtpd/Fpo+p4eN5PY83JKL5otSbTd24ddVbXrZu1n2PmHxCfN1PUWDKY11G5IG7Od0zqD6ckcBc984Nclp8bt4g0tyEVP7WsBkAAgi4UjnPXAHPIxwOMg+nXWr2Mk8xbwzbNIJ3d3Mw/eMJCCx2jGWA7DnA6EVHaX+myatppHhy2jZr+0YSCUMEbzk5C8/yBBPJwMH1lSlzRkrcretrPXT7vJPXVa3sjinVjKDiryXfRK6SW72S27vf09Q/aZdIfHd3G7KQ+gaKdsjEbgLKDOFA555yec47dPmezlhSWIRNAkaEM5DjJHB2knqOMZ4zg446/Xnx/1KKLxhcgeHbDU5P7F0k+fOAXQm1iwi9eMHCkcA9fb5zbXYoIXDeCNJB3KSSQC57rwMY+mdoJ75JupRm3J2trd6rpq1a/VK++ttlrbLD12oU3OF/d1acdHZN/asra7K+nXdfS/j2aG28B/By7dXEM+jXReRB5iCNbhy2RjncMgA4zwcc846eMvCY8G61oA0dJNT1B0l0zU5YirW6qRuAGMANhiPl3HhsE5Fbvj3Xtvw5+EQjsbCDzNIuVNuyeYkKtPIAFBU5AHoQCfcV5wdVvUtITFZ6dNgNh/s4JAzgk8EAAYPHPXAwMjzMXgIYmdGcpzXsXGUYRqyhGTVk1JK3MrK+rs2tVvf2MvzCeHw+IoKlTkq3tIyqShGc1Gbs1G6utOqtZpWO38E+Qvwy+IV5M7IbebT4t4Rh8+9AQBtyepBIDADn6efwajokTSy+ajSgb5HIbcdynJI29N3AI6ngHg16toniK6g+GPjWcWmn+bLe2EYtzGrxsoZSXIwOeNvPfDDnmvFH17WGmE0elaIYJHAJFuozg5y4xxjA7EnGMqMA9uGoylKbu3aWydk9I376t933V9mcFeqoRSkrPmTT0va61STs2t3fe19j1T4NapZXXjDVls5AY28Ja4sm4sgINpMSSSgGCwwB1xk/LwD8YXLWqPcbp4lUXVwGUucj96w5UjPfIzjqe5r7U+El5cTeJ9W+02GnQIPDGrf8AHrEibg1s4KMQAzZAJ4OcE8cgV81a5Csj+daeD7SeFZJizq5UygStlypAPXgg7TyR3xXo06fLFRs23KLundq6V9JW1XXe2jtdnnuo+aTat7q91qyb01VrNeafTTe5zngZo/8AhNfC5t2iMcmt6avEqqzAXEZzgYOMnr257Zr3b9oPVbHQvjLrd3cQoSllp4i3SgOD5SZKZycDkkcZ543dfPPC92bTxb4az4ItbcrqFgYpd5LRE3MR3jA+8Mn7wOBzzjNdr+0tfXz/ABT1HZ4estRaSxsWaaTBPMK/IpPfHHXnqD6TKm5VI8yTXK46SV5JuGm+/M9d101JjXiuaSs4JJtaX5vdTatK6j7yfbRaaq/geq+OJZ7i51KBrZSd2xVKhyFVj1ODnJPAHOOAR19u+KOomfwP8Er+Yfv7rRr9pMEYUtIp3EElcLjjg14VeLdlCJvB1lDgMFJkHOVOAMLhQRnjkggkEYzX0r45tpx8MvhA0Wj2d1dTWt5CttMQwt08wArGxztIGff5eOc1s6fI6SjGKTlFN3V/h6b2do2bTT0btsYOpRfNUu11tdpN3jry9O19bbvoebeGr23uZ2hkmR3WIuhJwrMF7kjJ5LAE9T15bn1b4VXCjXfGqmQBB4F1twE5OSnB4yCAeeh69AM15noOnatbX779DsBCQyoQcbGyWwWPcZ64JYZO0YBr2T4SyXZ1Pxv5+l2kBg8EayqSRlT5ilSAT/ezjqAMHk4wMVUws5Xm5RVtHFyTsrxbut79W9tXommVhsZR/hpaq61au37t73ba0XMl026Hzl8OLuKS5uCXcuDOAWyBxLJgDC8HHORu6jgcV9A/CzUbOT4teBSjvG0etorGRR94RSjryc9dp9hyBivMfATySQSS/wBm2ERRZ1jcxqDIFkbccjgsckEnAHXHTHpng9pLf4h+CHhs7aBjrkIYouSTsk54BCseuSB1PXgVnLBKcubmskru9tL22Vm38S+fqaLG04UpwS5pvmsns5b2V3fVuz79Dwv4na19n+JnjCFJWUp4jv2LCMkgeaWycYHPoeCMcc5H13/wTz8XRn9o7Qkn1UvNfaffWFtayRhC7sFVf4QMYOT3GMHODn5N+IkKP8QPFjyz2kT/APCQXoIdELsQxJ3NyQSDjtwSeM5r6E/YgGn2f7S3w5nhu7Se4n1CW3VI0UOrybeDjGTngKCO3rXmcU4CjU4ZzbmjtgK8lLl1uoa/O6fV69ysmx9enm+DTlZPEU1y6qycopJ2bva+1n0bsrnqP/BSH4bw2P7VltqZu7c/2l4X0+/ZJuS06yP+7HPXC9j0GcjBFfE2qePdS8HyatHpoH7+RLedUO5AjoAwBDZ3EtgYzjJOASCP0r/4KzaeNH+PXge71C4gt0vPBtnuABiLmKZ2bLfNggN94DOQvfNflV4403TWjvNS0jVLGS1ne2xD5wlcTEAOueDlTnnB5x0ycfN8FwoY3Icnp14Sq0vqcKavByinTltJ6q/uetlZ7H0Wc1q2HxONnQqqlWddzcoyUZyTS1adradt7/I7Lwl8VtYS7hWV5LWMWtxEhjBAdJkIYPyAVOSc9Ow56+I+JZI7vWBdxsA02p73CqcgNLncx/i9SMAFTjk16b8PPBmn+JNRtIfEHi2x0GyZCrStKoYRqMhONoDuP4Qc45OT184+MieHvB3jS50HwZrDa1pkCQvJqLgMq3GBvWNudwHJJwoJ4wR936zCwy2hmFXB4fDOnU9mnOaoyjDlSWjnZRv1Vnf1PncRLGVMLRxWKxUalOnVSjCVVSqJtws+W97aavZHvPhnUYdO+JOnXu+Rbc6PbiWeJflGyP503ZAwRwOBjpjivA/jJ4wsPEnjbxDd28rNCJI4El6CQxYTnnBwVxkZ5AHpXPL4q8S28Rmhu2kWKBmL7AN0TIAUVvvFRw3fk+4FeG6vrl9dyXM0sMQLu7ZVcbyzk54J78ck4I7cmuvBZJh44+OMikpqi6TUU2nG/Ne72t30uRmGeVVlrwbTlCrX9tKXLzP4UrXaaVvPdNXep+g37DDxv8VWZXDB9GvCxB+7hJAd2Ac+oyDyMjbiv1g/ZMUN8TLtwQBN4lvUB3EE7S/8Bxnk8ZHIIPHNfi9+wVe6zf8AxYvorIxpcQ+GtRkgWVd0XmCGTYxY4xzjHHzdOuBX6U/sjeI/iPbfFYK9hY30Y8U38bFSID9o2uVbbzmMY9OoA68t15thOajWhBxjJU1dOVub3U+rto9u7s7M8bLMTTlUpSlCXvSUU7pJLTdPo7O99fXY+y/24Y40+NOmxKxH2fwrAW3EAElDjjAwSR6dODz0+E5GCa3bqGO1dPlO5W2g7gXPG3LZ3cdePTAx7X+298TNfX4zuNY0aWCe38OWsEj2jb1fIwXBGFAHy9jhgDjnj49sPGdpqVwWS4eKcQtbiOcMrcryVbr97Kgeu3lQefMw2BrLL6Slyyl7NWSs1d8ujeuq1tb8HoevVqfv7Rukkm17uqtBtXuu1lrrsn0PobwA8Q0/XJGkRWZJcBiCw+VuDngnOCMZBxluma5q5DD+1LgghmNkSxwM4C88A8KDu4zxwMZBrmvBGqk6dq6pIrSEsud4wRu2kEZyTwWIwMk5DDg12fiF1gLW3yKs+mWU25Wypyq4PbJzwT2JrzcNTlRzLEKzTm4tLZNxUelne2u1+i2taqqXsYNJWi7pOz0bVvzu7XV9noZ/hjw5b+J9S1yzkl2kQrNnucAbQuMDHAJz1A68cbuoeHBo2p3FhJ85j0Ayh26D5TjAKnoBjHcjIGDXE+CvGkWl+KruPaFguYRbyXAAJTygVZtoILEtwST269j2niHxVp+s6zqFzZzh1Xw+0CkHDPJEu1icMRzj5cZI9u01/wC0KeayScnhfZxcbXtze5ffVtNa9Xt3NaXsfYXUouXOk31V7OyvrdPTrq+5iWelxSWYLIo8zTiwb1JcIDxnnrgZ5455G3r/APhBrS51jw/aiP8AdnSlnmcLySVB+baoBfPX+EHOfWsnSCsmlWeSA7aai45OPnTg9MY6nJGRwepx7Loe1/E9ggO5IdHjXJ5GPLJHJ74A3Y5zj6Vhjcwr0VdTaaTafknHR97pKz11VkaUqdKXLHRxfKtddHZrz101u7edj551LwxLbtrL24LRWF4qqCOeW+UjnGD1IOeOM4OKoPoWoweU2wyfbJI5QORtwCdoUdenKkntye3sbQ/aNO8Yzqqt/wATXywcZ4Dkcd9pBG0jCgjjHQXJ9Lz/AGIkaIXeFmxsyR8nUDnnaevPynocDPRRzuajD2nLJKy11bVoNtPfutbmX1SDtZ2vaz/u6JpX80/LSy7vw8KLe5nYg+ZOvltkdwNoycc4GR1I6kHnFR2Me0amzDDAF1XGflCkjgd+Qwz68YOK6zUbCOOyurqSM+bHd3MSnP3SHAVQuMglSeAOOcnPBy9JVWbWXMYGIlQZzkHYxOcjuSe3PXrjH0eFxMa+H9pG0XZWSWzvBN3at0VrWvre725nTcJKOj22S0TcYt2u19z6+tqunKj20OWXedq8AknBYk8Yzt56gHgA9Ofn79ojTbq+fSbiztb27ItSHNrDJMygDGdsSMSMgcdOoJ717zp7SmG1EUZ3+fIpAAO5VJxjgAK3G48g8cdc5Gv/ABpf4RanbXkunabqAvLOSF/7RgjljtlBJZkR1ZSw7beMDtgkziHio4adWjT9vVi7qDaUZNctk2l97tpbvoFRRcHGo+WN4pt20so2dtN02tOunQ81/YX0q9t/iN4gS6sr62EmgyuovLeW3AG5SSvmou5cjJABGRjcRwfeP+CloSXRPAdwCT5siI56gCG3iAHAGQpBIzkEnsMZp/s5/HnUfi58WdTF7Z6XZ2dl4dnjtG0vT4rNZYpWwjSNCAWIb7zE5yTk9c+n/tx+KdD8D3Pwn1LxF4Ys/FulQwMJdEvG2w3jPGhDyEg8gMBk9O2SePkq2KxqzPC16mFbxEY3+r05xlKTUWlFSlyrXq3Za33vf1MDRpwyjEKFROnJyTqSTaTXJazu7Lbz+Wp+Mfhy4J1jSLeOWQBtTsxGRyXdpSoC4zkDcQCDyD6mup+JUckfjPUNsN4XingEgWGbDKYlViGKMMA4z0AX1xX2r4R/ai+DUmu6Vp9r+zV4TiM+oW2y4JR2spRKWXYSm4bScEkkjHfPJ8S/2wNL1TxPqtjZ/BvwVaQRXqWqzLYQNJKsACbWcJkjaMMRnAHHORXqPPs8qVoJZDXpw5buVTEUlb3o2SinJP56q54ksFhZU7SxsG5NcvJCbe68tNU076Wb1Wt/l61sw3wXnniSQuvijgAHfhxjOCTlVI288Kx65BA9n/4J+zTt8fwrh0eS1ubfbt6BN2Msw7jDcE4OB8uOU1bXrDxJ4F1LUDpFhoNvd+JLWP7Fp22KCJ3KMvlooHyncQTjnGOeg9y/ZE0XTLT45K9tYQ20lrp+6OZX4kNzGVMp5HLbh82Qeo6ZNejjsZVqZXiHXpOnUlSfNG/M02ox5W9d2916rsbZfh4Rx+Fu01GpZWsr2abduknZ6fJXOG/4KJRibX9GaEku2ty7XAZhiK3CHG3kEMp5XgY5AJr4v8OwCL4cfElCH84Wti8jcrnE69M88fQ4xnqSK+2P26/ETaZrPh6WW2ilEWpajuWUAh3DuApdhnIGFIPqPWvknwl4i0rUfC3jqfUdOENkbG3+2JEWLPmUMhAGAF/h+bHIBHQGtMubll2FahdKML/DprC76N9b3em+10XmLUcyxTctWpRs9E04x1731d1va3kz5Id5PtCnYeMEZJHBXP3gScc8YzxuwDjFfSXxXsHs/ht8JbqI+aL3Sb/kNkDM5yu45BOM8YOcEgdM8vear8NQixwW0aGYwgLGvnOsbYBD55SQZyxyR055wfp7xnc+D7f4b/C83lta3FgbS/hs1kG1YU3PkqpyN+5v4c5PGcnFepiarjPC/uZL39NNbOPR3a1e/Sz8zwMPTTjibzjJOK2te/OtVZp+T/4J0n/BOKLf8QfGEchUkeEp8nAByx28joB07jkce2h+03eGPx7qdj5a8abaDzDwVCqQyjrjlup79OcitP8AYLTTo/i34zFhEI4JPDLBABj5ZJM5PYEjJHf8ia4L9tSaaz+J+qw27sh/s62HyBs/KBjLEDHDY5ORgnHGT4+FipcS1Z2s3hlqt02lq0vP5q/zPoMYn/qrSh0WIt67enbVv1V2zc8A/GX4n+F/hd4u+FHgnxfPpXg3xkscnibRLSMRnU5I4igUPlTswMOc4YDH8Jr5d1j4fa9osNveXElnHaTySyxKXAfCksxdWP3vYZyeATgivP7LxDryMBFqE8HkxEI6tggEEbCVGSScEHk/LgA8g894j8U+KtS+y2t1q13cR26OYlc5VS57DIHOGxx2PPymvdy/LI4LF4rFYOnQw08ZWVbFSjSXtK1RezhGdSUdZSUVZOV7LTdnxdStQqUYUq0ZS9nHljeUrX5oLbVO/vX0s7bo988CfD7W/HWv6P4Z0e/0oalrc7RWMV9OtrbeaTgGSaTCIOOQWBOT1HT6h1v/AIJ5ftKWGgaj4iW08LalY6VbzTXttY+I9NN0sMKkmVY/tOWVVyQFHKjOCBivzN03Utd861mi1W7Wa3cGIwSvHLGwPDLIhVlODkkEEDjkjj1vR/FnxAaGWN/GXiiKKVSkiPq980boV+dHQzgMrHAwwyV9QcGc0wvFdXFUqmV5rhMNhoOLr0cRg3XlU+FtQqRqw5G1ayadle92y8J/YsYyjisFWnVduSpCsoRi0otOScJJ6ttdLb6XsumW1x4b8RWiXsEj3FlePFNDEMiKdGKHDqSrYYEk7sEDrkDPvOneL9OuNQt7WbUis8U8jCKWTaY2JUbCCDwckAZPIOeOB4nZ39xb3VuZVF7LGXkLEEiUsOrsclmySdxJ5yOmDWHrJnGqPqsaGMER/u4Vz5cm7JZsY5yMHPYAnvXVXwFTF1aFWrfnpU7OUW0ub3XJ77abPZWu31tYyhg8LUhTaXtJpJT1cYqzSbStps13XY/QP+0o4Wh+yKksa2LyTM7jaBsPy9t7DPHJ/AV8qfEizuJbV9VZwvnXTMYUbBYbiCQqnqARggYwM8HBrP1LxZ4rksLN4ppIES3iUGFcMYynSU/w4AyQcADPOea5LWdY1K/s4ob0yTlWDhkb7gAYHCLx8oJBBxj8d1d2Gy6dKbrOd48rcY30cny669rN21u/LU8p4qFaj7NwXMndyaVk7Rta9uXRa6pbqy1tnaFNFbz2sgSSRnZwrOjlW5UkB8YJXPIU5A9Og9xs9eU26pDGgJljyF3OdyDJ47YGDjnI688Uknxh8JX/AMG9F+HreALG08VaNqT3EXjK3CrcyWpIEsc6qNzSSAAOSeOmACcct4NZdRmkj2BQoZzJK2EVASQxHqWydoyM8k4IobqVIudWm6ShPkUdHeK5Up6X+K7dpW1drs1pNQ5I0pKqpRi3yxUbP3bq7ve63u/R3LpvWuPOZ1UySXbOGAUnqTjaT07DIBHpk11V5ZF7Pztu0iGPnAGQcnggYOfTlsckdM8LrckWlSRwJsaR5w5kibK4ZwTk88kYzg55ycjFesZhuNAEzYUGOMBVOSxAUk89MkYAz14B6gceLqSgoW3lZc2mmsZWbstU9Gr300Wh1UY3cuZ9E3zWvvr2V9/x3P0F/ZRIHwwlhjLAQ6ncyE8nJFvk4xwTnj0wCw+YlT2uvbxf2W1ly1nKcADBBcs24E4yM885LdTnOOI/ZfmSz+HF864ZEvpzuPABaFcnoD0znAPPOPTtfEL41O2kQIwNkSORsAzkjHHOCevoc+lfMU4zeMryk3dtqTVnb4bXTb106JPysfY0GnhaEVZKzV0ldfDr36+jtoupB4EkRvEce8qjFnUEE9lOMg8dAcjqe55NeX+OL+x0ez8aRPFCbrUdSkiWR3KyKhYngYIK87jnHOcjivT/AALCZPE6bnCkrIwwueoPGABk8cn6ZGOa+b/jVp1/LeeInihvZ0t71mL2trNPHDGcgvO0alYkI4LN0wDmtIqj9ei61SFNKEWpOfKnJVIpK7la8r6XV3fTSyODOHUjk/7qDlKU5RdlJ3TS5pWt7qtre3Sz0ujwO1jkF+224t0iYykqzblU/MMqDgnnPGcc8kkDPM+LLi+22sMYMiJI3zAEI2T/ALOcj7p5yowRVuKGG1lWWa5mDtGGWMgow3AKox9cZGM9Pap9Ssdtik0sjyb5EIIAJjV+ckkYGc8k4IyfbP1sG4OMua+sdU1K0WotbXdvLXqlZn5S1JNqWiWmrTcdul7rs1ror9DzaGG7E4Mm4pK7KYxxzxg8dhxu7EgY4GD7ZEjtogWGUqI7FUdQxDsxIUqrELkHnlcnqCABxwmk2L3j3EpC/unwjNwVXIB6Dk8HjOdwGAQM19VfB39nT4m/Gi8/szwPp5v7uzEhkgMkVvH5Wwyq4MjqshKAts5GMd+DyZnnOByvDzxePrww+Hp25qlWXLFXcUrtpXalstLvZ6tnfgKNSvP2WHi6lR6q11ZO115vRNaP7z5Gs9EWY3SudjzzkRsSWKEEYJGO2CeuCAOtdXpGhpFcSgs8iDbEZE+TY3C5YkAA9cNx6cnNfpZp3/BMP47wR3F/rMug2YFi2pw29rqFtLeXDK2xraOIvgzqxw6cEOPQ8fT/AMEv+CSOseOp9Tg8Q/EKx0W4FrZ3UNjL9njeaS62tNBMfN2xS26FsYJLMgzgZr8wzjxn4GyunOdXN4VpRkl7PDwqVpbx0UYwasm1q27d9NPpsPwrmdZKdSlGlBP3pVJpcrdr6721s209LatpH40QIkl7JHcsyizVNrNJzIiq3MYPO48jrx6evN3TBp/LiUmAyyzMsrYcAnIIU4yDg4x/e4OBX7z+Of8Agj5oOh+KLvSofih5cNhpDXi3c0cIXV7ltogt7V/OIAQnDckDA5IFeYx/8EqdE16zn3fFa10vW9IhRf7KuTbifUnyRKI2MwVUjA7cHOCARk/O0vHrgTERTWYYmLfKpQeCxKknJRajyqm1p5aPq7HpR4PzFwVSnKg4qMZJqpTtKLtrrra/Syd7Lpr+IV2YhdQmKXfvdz5eNoAJAKsc44xzu5BXHbIm0q5uI76RmTEYKhQH27iCOOByCSCWIAOACTjJ/X3xD/wSkh0HxBplvffFnTE0S8t5Ly/v4ks86SAjMsE4+0guSRjd15LHLdd7Tv8AglR4UlRblfjTY3tjd2Ml0psYrNp42jICJs+04Cv8pLkg4ByTjFdX/EcfD6HLGWa1nOai1BYHGN6tJp/ubKzSbfazWhH+qWbxTk4U1HXVVoav3OX7Tej67Pqj8i/EVtp/9kTXy3LS6pPM3m2RYExQqR87ZABIAJ3AkkYIVTXlNzO7EfZ/MCbiGUHsO7E/eAwcEjAyMnuf2h17/gmfov2O3fTfjDYy2d7dXFhqGp3EdktrobW6t5UdwxudztJwOBjPXvn5U8QfsLaho1p5tr8SfDEk73N3a2z315Z2ljKLQvtkaUSlv3yrlF2Ek4yQwr3sB4pcHZo6ccNmFT35RhH2mFxMHeXLa/NTbV9Wm9/IwqcOZpQhKVSEJKKd5KpTezUrJXV3rfs7k/8AwTfvhaftZfCe4VwjxXlwktxksVbynb5hn5gSoyAcDj5QM1+7Wqf8FK/hB4k1X4sfAPUdI1rw/wCJdOstZ8LS6trMTQaNd3Ukphkuknb5o7fbJv3DhgMZPSvwY/Yk0fUfDH7T3g/Skkt7q+sdfkgW+siJbcvDHL88bINrRsRweARg89R+4n7aP7JFv8R/hj8MPGPgDwhoGkfEHxLdy2nibxFFbiO51OLUJpkMt8YxkpbiPiQn+IliCBXyvFccmr8TqeP9pClPLqFWli6dT2Sw/wC+bVSSnF88dF7tk03eydm/tMllio5Dho4bk53i6tJ05JL2nLTjJpXejjyuzV7tddz8Zf2/fhT8Jvhv4i+Gr/DDxJpniI6r4ThvfEkukasmp26axcM00m50z9mTL7VixnIJwcDHwLbatqNskzWuozaZJbF0Sa0maCXdKp2gOh3kEZHByB1JHTrfiN4M13wN4v8AE3hDWcm78N6tLpl780zgNA+WaMzMcR8kgKBgEZ28A+QXCodYuLNJCqy+WiKCSvzKMnkAZA4zzu59K/beHMJ7LK8LTliZ45ShGcK9RpOpGa56be9ly2indPlXTY/LM8rOpj60o0lQk3y8kXy2krJtaWu2mmtL+VrLrPDiXb6hJdXVzJM7208sskzM0jyEcs7kliWGCdw689gB18+o28FtBiXho+gJJ3BskYxnGeTzzjnqM5/gXwxqGvz39vpLLc3VpYSCTzZAowuQ2ASAwOVzznjsBxoXXwt+JN5pcut6d4d1DVtJ0p0g1HUNOgaa1sppH2Rxyv8Ac3NkIME/N8o6169Srh4X9pVjThDkSbaS15Ule9rpqVt97rXfz6FCrODnShKtJq7UVzSV7OT0u7rvpbW71uq1vrCltjMSQykKx++GbJK+4z9RnDY6D6N8Fm6ktNGeKKFme1kEa8EYnkaM5AA5AA64B7kmvmlvh34+t/P1C+8NanbWtkscs8ktv5YjjkAKlxu3AMB8pI9W9a+tPhbp8si6VIvzgaXbtsMZ3QN9oODg4Iz37ckbe9cGOeHkqEqVSNVXsrSvokr7XVm21bp17nr5JGqqtdVIzhJQekouKVpRezts7JPy37+m/C34hfET4M+LLbXfh94h1HSJ7C7Nxd6WJ5W0vUVUiQxXNq0hjkRyGTJUbSxOOa/Vjx1+3L4c+PH7J3xP8K+ILCfQ/ijdaRZ266ZaxGWw1H/SRG9xby4AiBALNHyF5HAPH5W3FkFv71mjBlV3Ziq4YIyFRnBOADk56jk5x0+tf2YvAdtr+h+P7mextrpYYYI42lRZJUTIfKkglBkY6nk7sHg18zm+CwtTlxToQVajOlNThaM2ny/E0leL3V9trp3R9tl9avaeHVVuEoyum07SaWqTTaV9dNNb6JH0/wDAvw3JbfDHR7C5gCyDwmoxgqqMLQblxxgkhsgklTnJFfiT48hj0vxLr8jlCt1reqWwIcqwCXciY9T0ztwCBwSa/om8GaQLDw1eAq0NvBo9xHChBACx2D4247ccgdSDk9K/nf8AiF4a1/xHqHibWtDtHu7fw94h1WXVMTfMqTalLHGyRfeYliAcDIH3hgDO2VVsPTjiK9apClSvCPPN2inUajFX2Wu21/kcOa0cRN0KNGE6s+VyjCF5ScYqLk1bV2Wrsr79zyy9uIRcyxqbfEcKBV3gFQDtAA4KvgjcQckkAjsLJe1vvs8UKLGPLkxO0bHJVScDpu9iSc5zngZ5WTS7qa5d5UjjlMrq24lWVo+fLIIAwGGCSeGxx0zp293NaXUMLRoUEDSA+aqje6lSo/hJBIBAPXORxX08FBJSSXI/tpX5l7trNK9nu73XS7uj5xxkvdlzRs9YtO91yp+iSsmraaIlg1S3sNVtHls3VraS3JYRkK5DhckZwSeTjB7/AFH13+zP4VbxD8Wr7xS5CR6QTfKCNoLuoIUYGVIBxgn3IUV8aXrTreN9qwEaKFxLvztKsPQdRwOeTz3yB+g37HcsEV74wljHnzHR5Jg8oG0EWhKNyDwDgZ6huQQBXLj3y4OuorX2MopX3clFK99UvNpPr3NMJF/WKClJ6VYu7S+zZ7N9lvbt11Lv7Xum2QvfCeqW8aiSeDUpWZX3DIZtxx/Dz6ADI/Gv6Ev+CXcrJ+xl4DOc7tU1dwBnDfvwM/NxkZORzjBPAr+Z74mave6/4f0qfU51uLq0bxEqsh5REumVUPb5F4G3HU4z1r+l/wD4JgqF/Y0+HeAPnv8AVnyeQczjLYPHQjHP15Ffz7xjSq4fhahQrWdSOZ1lZ/Co89Vxs0r2ScVv12STP2DKKkK+cVZ07OM8LhZ3a1uqcVJtbbp7enr9+zuXG05YA4Gc8Hjnpk98fw8H3qpJIAMMeQSFJAIyDyMcY77gAB2xjBqZ/mU4JABwBzjoOeoyMcH3zwM4FJwTnBGcY46kDg/r19fY9fxKooJ22dktVffld7JNXtfp66n6FRpctm2rWXrZW182+yXm+topJVYEEZOM5U/LnHTGc4HIHG707GqpkIIXOME+w6EnGeV4OBu98EVMwAIC8Fs556ADv7Yx7YwPaoTt5GMkcEEYznPUHj1OcdM1x1JRvKy5lZaaJuyTu3Z2vdRsmlutN36FGMUvn52bVrpu7T73W7Te92Rs5A24YZ7cKTwQuCRkex6E5IAAzUG4t3GfXjHBbA9Mc9fmyec84EjYYgnk9Pu8YBJHQ9OcdT0HXk1GwHJUDuRt5Xkc5PJyOc9x16YxnFq66N8qTTtbVa313dn08tDbT17669OnTddLa3EDjGCPX5e2QQ3A4BzkfMcAjPy8bQolOScbt2Dk4AHGPryB+oJwekZOSfXA7EnPrz26YA4yGx0wGjIznBOeucDnA5GeM9hz/LLirppR89rys3Hyu15JRers2roI+89ZWTte73a5bvRtJX3ST21Jy4UY28DnBPfrn1LDr68DjjAb5ozjAJ9Dg5wfcc45yBz34OKb1xkg8/XB/hB6d8fge/cKchgAc42kdW5AyMcgjH6demY5by0vu7tpqL+FpLv621tdWSTWqtZN9dt73uru+2/Tey+Q15ScAgLwQMEk8EZzngAcngHPTtuqLduO4kk4JGT0PTOfYdx1yOtOkVsBg2G5JwD0zz6kjJOSBkc9uKiOOcnoMkc9RxjHRgSO44bkDOMa2grRsurUdb6pd3fs1eyWlvOrX2eve626pb9Nuui36IxYkE55GD0xkg+pBPoR04APUZeACSMkYOMgD3APORgdcZHXOOhpNy4IyBzznrkZ6fUdMc8ZBBHCA43Hg4+7yO4xyFIP14UHOSTk1k05OMVFLmtZyT/uryV7t3dtdNtwirW7ffva19O3qku6LKnGAwAyOASecL2yDgeuDnPQEig7Rg8ZPYtzzyF646jgDHqMcCq4fIOeo69Mk8A45AA5Ocdc5+iswzj5GAUE88Hgck8+h29/QV1ww1+VtXsrONlvpbdJ9kt9bvfUNL2bt1uvVaadXfVdvNi/KeAcnOMYxn8ccnnqT0GBkAUMPlB3Abc9OSc8c/TnnuM8gZzGWByFwBzyegJIJB44OMEH1PGD1XH3QSBgtnHJ+cc8D9e2BwDltuvsJxcXZ7pPTvbWzs+3futhcqdm+ZPTRrXZNNbKz69d2lrYcxVMqQCSPlB4yACRkcbuQMnK7T0Ao3YOQp6LuBwFwDkkMB0yPXPXIznJsycdx/48MHBGMDpj5fr2xl23cPmwcAgBsZPbjueTwPQEE563GDvt1XN5vTS13e6t/SLTt/mr7uy07fLfrdDPM3cgcY3dQAQTnDdMdcgDPckgcUvnbQoIyc45PT1JA7EAdD2yMjo0rnnPPYDP5njnHr/Dg49ShG3PIU5+6CCeeg5A5yemevpnjRRtZrtZtbdN7/LbTzFe61Wjd7bW2/K3a1uhOGTBAAHQEkntkkHjoMgc5HX6U4EHk9DgYHzAAHAzwMZ98H0IGAIV652kE8ZGAcnqM9u2SBk5we+JkBG4HJ6beeuOmOxHIbOCeMKRmpUWno3fRX2XTq7v9Ol1YTfnZv8AJ2T7+SXT5NgCc4wSv1647k8kAgkA9yOwNPHGQVJKnGSCdqk5wRnjpwOTj7vcUE7scNkZbnJ+TPPfJzjIb5jjJxxyvzbgMDnIZs5IJGF4GCSOcZJA/DbWqk3bR6PXz0XXv0vd728iZSslZJ6d+vqumj2S6pvWxOj84Ayp5XPO7A5OAc9+cnJ5xgVLE5baCvzdduB7YGQO/JJ4GMYPTEBP3Rgbs7eoznuR9QAcZPX2ybCMvGO2Mc5z1PpjHqMH2JHSlNtapq1/031f422t1Zzys1b13VraJ9vRer1u7l1M4XA2jHfB5JPHc9h2C8joBirEWGIJJ+YEAEY/wywyDng4IyD0qjHIDwP7owOCeeCDwMng8YI6Y9TcUkE4AA68AZ4B6KAAT7d+vFCk779mtGmr27N33762utlfknGLsklu3unro1q+z66a38y9E2chiQTjPUHr6EE5ORwOx9xjStfm5HIBHPb06g847jrnHpWPDjp1ULjJJ57j8Sc8gEg8DnitW3dd2B0znj1GB6cYHBHXqO3G9KrKGqjo02ldRS0Wtrvvay6WUk9Dy8SrR3b0u2k+j97d32fzPD/2uWEH7M/xWk+XI8PyjnPAww45AAyWGfck4xX52f8ABKH4OWM15afFbUTBdz+IdJvdA0iwRsJYTWc0s0t2owcTFDtyAMcY5C4/Rr9qy1Go/s4/FixLKgm8NXQDvjCkRSZboMEE5GDweema+Sv+CXaS6H8NPg/bSCJll1TxYztG2SyxwTYkfuQQMgYBwe5HPznFGYTwmAp2qckcVjcHh6qS0lSlKTlDfRbX6PlszOMan9h5jUhf2kPrFSDV1JOFCm46xafvO69G1q2fyY/8FF9FXSv+Cifx3t0dXSHxZb7gzbQGe3QsS2D0bOeBk9AwIr5V1fSrG9vrkzT26SW8u9leRSpU9DnacoQDy3Ppt/h/Sn9svw3pfi7/AIKleOrTULS1vdG174nWVtqcc04hja0RELCR3YBdyDA3YJ6YxgjiP+Ch3g34WeEviB4T0/4a+HdJ0rTbnw+41qPSbqK4aWa2uDGzzNC5EcpVD8hO5sFgp7f1Zwfxvh8LDhHhlYPF1cRj8jpYuOJjT5sLRp0KNNJVJNq0p2921/lrb8mz/hyvPD5nnU69CMKOLpwlRlK1Scqyg3JJ2urt33dtj4YsdA0+4kt7ldQ0aCNri1Xa9wolCrNH8684KqeWHbPPfH7j+J9Bt7vwH8NXkuFlsJY9D06CeOVRZubiyjgkmQ7imFDZbHyDBzg4Ffml+z/8NPg/4w8B+LNf1zT45tQ8PMZo47vUFhZLKNSxCROymVpZF2sy4Kg9woFfaWpa9p3xR8IeAfDngy6ns7PSbASXNsC7W0AtgYYI7Vs5Z1Rcs5PD4b1Ay4wzWpmebYXD06GIpyy+vONStVhy0pOcFy+zfNeVnvolbTY9/gXLqeEy/F1p1KNRY6jSlGlTl+8jGnOzvFKySk7K2/Y/Rz48at8F/wBmv4B+HPDHhHT9P1DxN4o0a2W5gtDFdX9zPcyx/ar27aIsywpIzRorkdBtwRivxN/at8R3x8B+LhHZojTaRamGCNPnRTFkOMdMZ+bHHfoCK+9L74cMIn82C8vpLDwGiNcX8r3Ui3JmSbMZlYmIEKSioBwQARjj4O/ajM1h4V1i1eFDJd6HbxDad0hZbZ2LZwAMYyTgHjOBXo+H9GFHFzjVquria1eNSvV1fvucUopNtqKSWl92Y8cKp/Z8nDShHDyjCMotWbjd37tvdadFrfT8NPtuuSRRZW/ZAz7gru3zDIGBk8jscjJz0NfRfwE8Y3vgF9b8SWOvx+HvElrGtxpYvo/MluHiIfy0DZAEgXZlieuAATkeGJLPHFL++kUb3C4wGU723EZyeAM88clecYH6g/8ABM34BeEPjvrHxwg8a6bYajbeGPhlqGp6de38InGnaiiiSO7UZB3LxgcjoOvX954goxw+UVa+IXtafLFSWjdpOEbL1ulqrNLddP5vyNvE5vSo0oxjUbkoytpeOr8k7LR663v1t9ZftFft5fDf45fsc+EfBninTNM1bxzp9hC+t2tpdt9vkvbKRI7abYI1McMsYYOASVOAPujH4uXfxG0E6jOPD3gm/wBGeSGIv5UsjOrRxlN28qjL1PUAcgZIOa958LeCNG03U/FulNBp+uX/ANp1mytpIowrRW9pcyG2eMZO1lEYyQAOcEHnHynr2sa/pfiXVILuOKEghTFIqI5G7ahzgEHCgYOTwB6A+Nk2RYfK8JH6vB06OJqOs7vm96oovlbd7J9tu1tl25lnn1zHTw9RRlXwsVTm1GLvGOl20909+/VW39y+EXjz4lX/AIk0zw98P59Y0DXvE2owWEF9aX0ttMZDKBGkkyAMke4qWcjIIyc5xX7F6f8Asw/8FIZrMx3XxSv54Jwqo3/CUTmWMFARt5I4yCSQDwCOOR8U/wDBP/4N+NPiV4/u/FegaRpl5Y+F9AuNRkubrGy31G3CXESxuAwWdxHhMbmbBAOScf0a/BXxXrPi7w5Dq2smS3vg8ttNbxTOY1ltm8kGMMcgnacdDk+mcfK8T51HLsS6OGjh6soJRqqUVKUJNK3N6q33q9lqfc8K4GrmWGbrOtSg7ui4NxjOGidmrpb3vuvwPwZ/ag1X4nfBT9nT4gfAb9oHxNNrPj/4ganY6n4c1O/1qXUVawtSXkVRKP3SKOgDfLzg8YH4dWnhewYKbjULFfMVUzuDpIyKEO0DoSQCAM5PqcZ/Z7/guZrUukfFz4WwNBHdpL4Zupf9IjBYEhgAGJypyT/hk5r8FrXxrdIzxnSbLy8uI3ZeYypyGUk4BGQBjAyDjtX3XBkpVcshipclKWJk58sU+VStGLjyqLVtOlr76PV/I8V03SzWeGXNJYZRppuTu01Ftya16vVWtonZaH1HoHwqmvdF+0CeBVMryKJQVHlqu7dH1G3HPI/iAPPzHStfhqJZEi+12BQK0nlhs52nnljyufunn2OBxheDfEGranoFlMdQuE+0JIghjYmNAF2jC4Py9wOeB75PTW+mapPc2b2813KryrB5SucSNIxBUHOcevB5wcHnLxWaww1avCU3ZTk3JbaNaWWl7K9utrM5o4JV40f3ak9NN2ublsm03dq7TVttbWKmufD4pmMrZgG3TlZh13EZIz3HGTxzxkgEef3HgcQsUjltJDlcI06nD55XHGMZycAZzj0NfXmh/CnxHq/iG50+XRrqV4LWKVknkwscbRqRhic43E44yTwMYr5h17w0NG+JmpeHZ3ZDbTSb4Ru3RMVzsLEjgHoemBz2royXO8HmM6tKjUhVqQXPJJxvy+7dffpvf0ZhmGV1MFGLq0nTjLRNxdm42bW29mtOj6b35G+8CagsbSRva+XlBsE0YbcWGeMnPQAYBHUdTV6PwfMYV85IVTapMYmGS2PYgEEEjO0k4zxyBveLbZbSW0hhJClVJAkcguHIBbHOWUDPoSeOBUlvol1qFs17DdJHFGVQxvKQMgDOdwXaRzxjAKnDEV7suWEHUkrxdrLqneO7vtb7Nte6Vj5qlUhLEOio3nay5nZaJafLtbpp3M8+B7+SJRDDAokRV2+YDk9jg5OQvIIIGPQ8Vh/8IbfWF4v2nytoRgx8xWLbjgHrwflA9u/SustBLJqlrZwagXkadYzGkjFFBAVsNjBwAeMcZ5xwK0dd0sxLffaEwYdoSQOxIAfGT2xkk5x1bk/eFEpUp0Ye603qpJS6OO9nor62vbVI7XKnRqqUo3duV63tZ3vo2mumrTe1uj4tfC0sswUJbRqrEOfOXccqSAV5JByM/kFIJzai8F3UUc0ZhttrkMA8qg7S2QRg89f05wMZz/AkcknjcWt2z3Ucis627OfKcGPKgA9NoGRyM5BwSeO+8X2t499+5tWgCZXy0YhFCsQuMYDM38Q2gEHjtXHVinOCUZOyV23vtezV7bXdrPWz01RUxVGKvFc19OXV22utG+iTa0vvdpnFN4HumlnRPIJZRgtMp2Y5IBznAyADgdRjPSnR+B7lvJVprUlvlUbxgEZXqMr2II9MZwOtfTodbu7+eJFmKq7oyISN6quAOuRj1OQcnjHWk1p4nhvY0El/Gm+TZGoYgYZiQT03dcnnrnsuOj2KioOKlaVua13dpp31bur6J3tfta4PHUVQfKl0VpKWnw3T2v13bs/htqdMngGaV1ha4tTtGCM9/QHJwcHHGTkjj0tP8O5XEYN1aqIg5C7lACknjJJKng8npznpWdZ6Z4ouLea4h/tPeHxu2kELnrnr1zzkYGOWzuNybQ/EjQF54bwu8bktJIyMuMncO+3HJB5B+gpOjGM7uLd9nvdXW9m99bdPvOehmNCStNxdmkt03sklotvve+t2amm+ArQqwa/slb5A+yVByCMBzngAnHQjJ49RsL4F0mMPIuo2G9TgbZAWXLA9jk+hbvjB7AcH8Mvh/wCJPGupaxa6fOF+wSkzJLKx3lj0bJ4A65OAANxYHC17GnwI8baYsjNc24DEkAEvtVSfmyTyevrwORwK87GZnl+GrKhVxEKU42U4y+K3u626cyaa6X/H0KeFqVZc9KhOUJWfOotpaRXpr0dt+ltDlR4V0mwuJrqTWbCSZyoWFnG4gg884+UH0Bxk9B1yLzw1Y3jxNJq9jiI5WEygEBiCFBLehxnAAAP8Vdhc/BzXpp4pby4SU7sY2OA5JAA3DI6DjIwBj8fMbzwNqFvrrWrqwWG6EbAuxAxnBLA/Nnk7cZI6AcivSyrGYDFTl9WqRqvljzRTUlayV5O+ibs108u2eOk8PTjGvSnGN0k5Rsn8Lu73d07K3WysdF4astO0zxnZ3ElxY3FpC/zJG+9t4Q7QBzkg5ycZ4wDnFU/Enhyz1HXLrUUuoIYpbqZ44SANqN046ncAc4GAdwBLZqPR/CVxp3jaEyq32dSshdEZk6EFsHg8jrjqRnjaDh+OZdQ0/W71YzIkVtuaEcxhlfqFBBz2B/rkE3iJQVRxjTTd0nFdGrb69E37u110M6FejyxdmoOzV00lJNJa2vZ7ta6rRoiuvBto80Mj6hAAC26MDA5OMFeO/Q+vbqKH8NxWUdxHa3cAa8UxLuUYVTkHBLAjI4LE/XOcV55Lq+q3JaRzMEVeMSkYJJHGVBGQMZBPc8DArHutVmIlWS8uWlRgUUSHhQOR0xxgAnpgYwckjz5p88nGno0ldJq97K1tN7N20e+9j1aWJw9o2krq29k3a2tntqtrp3eh2UXw6ETS7dSt2aYZbaUGzdyep/XqMngDpd034dnTZ2uG1OzkDR7QsrR4+YEY27jnv2wQOOhzyGj251SGe5fUrkFUlIRpmUr5Yz1AxgjBHYcnoSK464vdRWfCXFwwBZFZHkc8EAMSSAOOe+OdxBxnF0nBv3bOWq2Vm+X3rp9mrXV1p87jjKSelnytKyata8dXZ9mtrfkj27VfBou7GGOK+sYzExkcqyLvAU53AY4PTpjgcVXsRDYeDr/wyEi+03msC4jvlClY41xgKRjO73B7DAABHhNze6xFiRr69MTOCF3sRtB4JGfQ4wcZA5IHTqNLn1C7shdvNM4EhURZIdcD5mHI2nGMEZx0zzgVSpxhJy11TUtLrTlvfdrorq8vxOfEVoYiXKouL5o/DL+Vre17XT7O979DrodDW1eab7UWJVhtRcOxAI64IKnsc8dvWvdf2e7WCb4jaG1zZy3CL5haObBR22EKSrDJAOBwMg/Njiuv/Zh/Z98X/tL+OdH+Gvg6TSbTV9Qhkuhca7dCGARxkllLBSS4HTALtnA7Y/T7xb/wTR+Mn7Jer/Dbxd8SLTRNe07VdTgjsrDwxehry+hWVTJDIgC/NNHhV3Z5LDpnHxGd+JfCPDma08mxmcYWjnNSk61HL6k1CtVgoOScE1y6xjJ3vdrorI+pyrgfOM4w9PE08LWeDnJRdemm0uWUedpXcnyvR2i97s4bRPB0Met2WpWOjQQG9N0k00MYUhX3LlmHQ85HYEntWxqfwwhmjjb7PK2+SR3IZztO9s5woY9OCAB1Ir9mZ/2afAsnwh0L42n4Y+N/Btre6pY6Y/h+WQyxvCkiG6vHkYjyI5QXxkbQOc8YP1J4N/Zi/Y/8Y+B11yT4m6d4W1RbJ3k0S5lie5guQ7AQPI7Bi7Y2sQpC5IGRX5lW+k9wvhYycsrzHFN4ipQthaCqwTpW5pKcZcvvNaJpczTtdqz++j4PYmnhva08wp8ilGLShXlKM58jacYwdrNpT/k66XZ/Lt4s+HNjBCi+VKJMuxyjAZGexG3gYycDHIzwK8f8Y+EbS30CZykhk863UFcqCu9SOMjIz3+XgZPUCv1c/bW8EeBfA/jhNH+HusLq3h9LNTJcxkTMLsAeaUlB5UkFgQQAueDjj84PHAtn0K9JlmYB4NuQcbwVJJHGDye3PIIzgr/QXCXE+B4tyLDZ3hcJVoUsZRhVhRxMfZVqe1ozg5NppLVdOh+acQ5JWyPMauAq1Y1J0HGMpwdoPaS1etrPS2+hsaB8PNNudKsJtsxL2cEhYO2MvGCOc84PHGccAA4Nakvwy0mZgiZ3KVLbt0ihsqSOQMd89ec9M8eieEoZrnQ9EtbRGkE1nbpkEllLhVXnuS2ATxgknnkH7K0r9k74lTrpt7PaW1jb6lp8V+qztmaKCRRKkkwIzh0IYEAjIKkA8Vln3FWScPKk82xVDCKs7U41JfHJcrajd+9a62T00etysv4fzLNYt4GjUrKCjz8i0jeyu29lLe2norXPzK8bfDqz03QdUv8AYkiW8UTOyjlMsDk8Hbkkgt2yfc16J4F0nw7/AGLZzyrbzTPpsLEtHkgeXnqSACSRySDzwoPX7p+Of7MkGifA7xFry+L9AW8jtYxLb3DJDNNIkyqYLNWwZnB++AMqRxnaK+AdHspdD0mNBrlkyG2jgUoQBuAAYDHJIJ5AxknJHGKrJ+KMozrC4ivgKka1OLdL2iTXvcsduZK+69X87Z5nkONyzEYenilKEnH2ttG7XSvdJ6afaafRrY7fVNZ0Ky8I65DFaIWjsrqQBFGGZYpFDdPlHXOT2x6g/jz488Q+FLmSGeSzC3Ltdo7hcCRhKQCgIIJAHUdSd3XNfp94ndLDwtrU66pDcST6VeDywASx8tjjIBy5XsDjjpg5P5J65ox8SNZlYbjz4JpyIYIHMnlCXJfy1UswJxyBgkkjBJzlicwoQpQhKcKai0nKUktbq2rbXNZ3SevlucU6NdzjCMPaSUVaKjdtNRad1e71WvR6NOxm2F14blvdlzCRbGParSs4Ayeq45J+Y8gjOScHBr1XwnZ+El1GGWK9S0+zkzpMpw5cHcgQcBDx8xGSTjBHNcja+CkWOKe7sdUdSyiNTZ3CSSKrAO4zFh4+QSQSq9ehwPRYNA0+3aG8trR44xiJFmhI3sFAJJHOcghhjjn1rzp46k6ajDEwUXfVShJOL5d3slor7ei0HDD1YN3pO8WtJRfMtYrl1S0S1te9ir8QvFdlqlpMo1G6v5lYI6zsZAyRjCiPdwBjGT1zj0rxOz1rQLkmBtMmSXncyknzNmTnqPU9OOvOSK9f1fQ2tZfPmtbcxsSV2nnfLyAcgcAdOCO/oa+kv2aPgz4Z1e21rWvE2gWeoI04jt5bkBY4wcHbGCMkOSMkY4J6ciuPMOI8FkGVVMVO1WMLR9nStzuU2lG19t7vv37OjlFfMsXGilyNp+/UUlGPKk7p2b1u3pe6tdPp8S6Lpdn4jubfS7HRrh5bmcxRJKGy3PJDDoOB8pJP3hjaa+kPCvgrRPBr3DXXhQXF8igiQs3yAj51XI+Yr1BIJ5GAetfd114V8A6LqngaHQfB2k2U1z4ls7a6kjeMyCKUuJGyRna/BwegA5GMn3PxL8IvCk179pOjwqX3bhE4G7ODuIJ4Az7+3GRX5xmHi7hMNLCxqYStChi41Je805JwlGL63XXVNP7mj6HDcEYicJOOJpurRcFJxvyv3U18SXlf8drH5aal4p8H+dFbz+ExlYmXcAQd+G4yQNxB53fKM4Bx0PHT+N/AViJTfaCIWiYMpuCQSgOQcgZC+n8JPOT1r6z+Lfwt8NabqWnTWMbRSSPdyyRAEj5U3LwcA4bn2Oeo6fm78R0tE1fUbVpGkiQlEVsgrtdshsdjwcc57YPJ/RuHeIKed4OjXwylClUjeKcndJOOjab/AJdrX9LK3yea5VUwOJnCtPmqwtqmrS+F6Jq1vTvbc77Ufix4FMjafp2jh5r2WPY1rjbndgIoK/efB2gFiOOoIxUvL+z1G7L/APCJaoJDguFhPzABTu56k8/e4xyDjNeE+CNLh1bxv4Qtn3MZ/EFlbJGoOTmQbBwOTzxgnp09P12HwZu4rr5NP1DKorklApI29uOF6gcAeozXn8Uca0uF6+Ho1nGTrwc6bqVHFe611u3ffpZrTrp25VwxWzylOrRc17OUIyUNdZJStbTVK99et72Z8GNHp0qqr+EdaYABRmEkdCT1UdOQDnnG3qa1YrW2NqY4PB+uRb4ypCwsFKjkkkjBXvnqc9fvV91t8L76LaG0y/ITaTlVGASADnbu5BJwcdMYPFdBb/D65gt5SdNuwfszlBjlW2Hlm2EAdwx4HvivjKnjPShP3aWHd2lrVdvsqz0vfbW+l9j2oeHlSTi5Vqqty2ajffl31ut0rX6r0PzwhsLJQjN4T11oPmBWO3bDMMgtgLwc8ZPBwMdzXqXg/wCFlj4slcQeEtYjeKDzRHLAUlcEYyFYZJzkgKCMjv3+udO8H3CmyEOm3jK+cHywQXBGSSy8gMSeoyPfivoD4LeFrqHx7paX9heFJrkRLCiYeQMAAiooO9tzDAHtjjO3zcz8bKtDDVa1HD4ZzowlJr2sveSim4prXVbWSWl2up62X+HnPiKcKtafJKUYytC7SfLeT1fw3TSW6V9ND4Ht/gTbiC5mk8CeI5EtomLO9o+wEZ4PyjjjgZ6YPPzYueHPh3pF3butr4K1qcLMlqIILORv3ucFVAXLOp+9g8t244/pz0/4Ifs4aF4Q1LWPiX8SNe8N67JZTzQaFDpdzPE+oeQZ7a1kdYNnz4VXUsQCQD83A/Nf4beIPF3hPWNZvLP4Y694stYPElxqnhm+stDeeE2a3jJC8lv5R8wOigsrdPTAIr5Th/x+zrOcNjKzyjDU4Yfk9i6lX2ar8za1lUskkop66NPZanr4rw5y6niKVOOOq/E4SapQlGEvdSV4Pq9He26Wlz53+C37IfxP8Tapbrp/wK8c3umBluDOuj3CpLHn5fmdANp+6MEAkZwOlftZ8Ff2cvif4LtbUWX7Pvim3EKR8yacyncApUlcd+c9eTjnPP138G/+Cp954B0LSLT4gfAvXdBs7SzRLrU5fDMtioWCPb5jAWZVEyoPLDrkE5r6s0D/AILWfswTxK+pTJo5CnIuIUQBeh2kxBwwOOMcAAE/dNfo3Dvi069NYmThTrtLnpxSqQp2a0U6cndJ3958t2krWR4+b8C4yjTcKCdagnZShOHvJKO6duXTo9Ol9jwbwt4e+M1oI3uPg34jjRADGG09tyqOTn5TznscgcDgg7vpzwDP4tWQDxF8N/EOmoApBNg6gkYGWAB75zjkcHAxmoLn/gtr+x7axM7+Joi6rk+XAsrFecFQFUNk8nHc45xmuB8Q/wDBdr9knTYGexOra1Jj/V2+nRrvbHG09hjBBwfvEkZzX2sfEnGZlBU4UMVX5uVJ0qVdreKVpcqW/n+iPiq/B88KnKvVjR1vJTlTTV2tHeV77JJfmfb+mazpIQC40PVLchQHWWxfByAenl/Kw9Wwfx6/M/x6i8Jalo2oPaWd3Zan5crJcCFoMuv8UjsFVlySTk55weNuPhzx7/wXe0DW45rP4YfCuSaSQFI7/VpIYgjYyHMYiYsOV4J4zz3J+B/iP+3T8b/jLNcDWNQttE025/d/YtLSOILGykeXuXa3THOeOO1e7kMM8xeMpYhUKuDpc8Xz4ipZyinFu1NN2X+K3XoeNicNh6VOVOlWVae3uxfKnZfaSS0b6edk7F74g+N9e0zWdQsEv/PSOWRVbzMoqK2OxIz1wCckk4IAxXiOreLddvFKtcBgwyG44/PtyQQDwp6cHbyz6vJcbpLqd55XJ3ySsWkcqeSxzuyc8nPU844zEbpJA/ORgAKepBJy3POPTB9wF4r9tpYuSpQpz5ZWUeaT0baUbt6a6NddFax4dPASV+dt3V09dE0tlpvq0jI1CS+u9/mSKSSN425DA4ByQuSB0HB+lcle6E8ykFQFcAEhVOCxOT1OCOoHBPX0Fegjyy3UDLbsZ7HgdsEZwRzjc2duFUU944TsJIUNktgZwR+J6EAcHggAADOHVqSq8t0nolfW3T8nbdb6aNHRTwPLa13ZppJtLVxSdrX30v0aPJ28NRrhTGCN3ysAQ3y9zwCfQA/p1IPD0SAEISrE4YIOOMZPt2bp+mB6VNBGcEsGUrkZUnr3HQkn14J6Z9KjRRrsyAyncCc/KMcE4PXAwCByeuDkZ86onBr3orR7tdOVLWz0TW/pvbT06VOfLa7tvu3/ACtJdNPW91onozj4dEjUYVcFMHA5BPBGeinPsAASfTNdLaWKxhIljXIIJxk9sgkdipIHAyTznB5upGoYsc7WBwFI6E9c45BPuOnvVtGiiCcqMDBA6kcE5yOM8jPY49q4Z35lpG2m1lZtx0d9VZ9/wtc9CjCV07y6au103byaaVnbZdehuaTZRM6BsKQwYnAJOCOCQeMhuRgA8EcGvZNHeGOONVY4DZBXOMHuOM8dM8ZJH1rxCLUVgY7Mk8swzkAY+UknBHBGCB/OtaDxSYV2AyKRg4AODnGADwMHj1xn0FYVXGXLF7aNJWWullptZ7ar5JHtYWt7NKLd3fS6V5e9Hayurvot2j3G7vEjSVRgja2HJ5Ckk4XAx6DoeRwMGvFvEs0Nx5qyIBjIAAOT3JLd+pPGffOMCC48UTyoMySAfdO4MeQSDn6cHHOOijHTidS1Rmdi0rMxIwcEAdBnAHXqxJPAG3HFOhVVOpzNtNW1s11hda7vbS6u9m9U+nEUpYhLlaSs3ZuybdnbR7dnq+6S2838UaZFJ5ojgUnDAYyvB3YO3OSD7Y45OGr5i8Z+F1uknhkgBUKeQuRySQSNo6HbyD2z2yfsaP8As27nK6hdiNd2GbB6Zyefm6jGDwOn1rqLTwl8MLza93dRSuSN29wA2DyvJIAPvnaCCVyBXv4eOFxfKqsoQbTu5Puo23tq+vS67s+fxEcThJXpxqVGre7BOXa3ktPNabK5+EvxT+Dkt3DcT20DSyKXYbAMjOMDbgn3z/eByxPzV8H+K/AHifRZZI/sFy8Qc4dYZGZge4wuQOCM7eDgjjGf68Y/hj8FrhAJrHSJmbjE06kqSDkFe4PHcdsg1HL8EvgPMrGbR/DGQcFZIYZCC2QM7sgj8856cLjhxfBuTYmbq/2hRotqz5WpWu1e6bsrvpFfMylnGYShyrL69RrVy+F9N+m9r7tt6JH8Z02jaycImn3xyzH/AI9Ju57fJnnkge+OODTk8M+IJWCJpOqycjGLGdhknBHCjA+9kkDOCR0r+xqX4A/AGNnd9K8MoCAQos7cJnPBJ5PU54z6dSSaLfBz4BWjDbZaGGGceVaWyn6cL8y8EA57fhXG+C8hp6yzm70VoQu38KvrJ6WTWt/K/WIYzNqiu8umnokpT6Xja7s9ul+ttdz+QFfAHi+5IEPhvWX34CFbG4wSABg/KMZ6emeSeObsfwe+Il0QIfCmsYJOM2ci9jnJOM5Unk7QT0PQD+uiTwF8ELNAIrXTFK87lt4OPwC9Poe5XHGKqHRvgvaLn7DpTgAjPlRBmJyBnCgLz7jJzgHFJcN8M0vjzLFT0VuSnBXendu/r991cuCzibSjg6cbJbzm+sddIpdd29PTU/k3t/2d/iteHEXhTVDnoZImXIP14GM4wVHP0retv2TfjBeAH/hF5ozuxmSNhgnkZ4yDgk9SOea/qd3fCaFiYtN0shS2CY0GTyO4UcZOO464HNNk1v4ZwndDpelHBxny0cg5z0AJBHuCBkjBAFOOV8JU2nKeNrWtdOpCPvJx1SUVbvu9Wu+u31TOZJK9CnJ6r3JSt8Nrq6vvt17aH8xdj+xR8WLkjztPS3JG5g4YY9D93acDd3/LJrtNP/YM+IN1IBcTLGpADAQuTjHOflyPfPJPru4/o5m8beAYCPJ0jTWK947eMn5epJbtxj+vGDmN8TPC6SEwaRZqMYOYYuSDnGcfdyBjI4O7PY11UsJwdB/8i/EVbW+PEqyWm9kmvT07HPUyvOpNf7XTh35KCb6NuzlfqrXv1tc/CHRf+CeesTOpv7+fAAyEtXAIOMn1XnA7ZPY4r2LQ/wDgndoCMv2xtRnOASFgkGeQOu3Hbrnjrnmv11l+K2mI+YdPtFCgDiCEEepzgE4PpnGOc9aqH4zRRnalvGqlQflhiGGGOc44ORjOeMDFdsMRwlh3F08jjN+6+adZzutG9Ha/n2ez1scz4ezWqv3maVIN2+GEIXbsmrpLV28r7W1Pz40X/gn34FtniL6JqVyQFJ/dkbgTxkYIK88k+5xjIr2TQ/2HPh3YhDJ4Pu3wBzJEGORjGM/NnvkAnjJPJz9Rj42yhgsaZzkHEanIA552gDB6kAnIIOTSH433rKcIQWPUuFODnGcDaBlc7T36DArqXEOSYdc2HyjBRaTabgp21ju7fFq27t22RnHg+pUf77McZNO3N78o30WqV7621sm7W1S0PPtG/ZI+HlgsajwdJkAceShAB5GMgD1HK5GcHGOPUdL+AHg3TtjWng5VMeSC8CkAsD1JyeQOvTsCDis4fHDVgRhiq7RgZDFzk5JYgYAA7AYz1wTtl/4XhrbDEUnlhjnLMJFG3qPu5AGOfxycAUv9cVZulQpUI6JqlBR6JbvVJfEk7Wd01ZHdR4NwVJLmq1K0lZp1G5X+HdNNa6aPfXZ7eh2Pw6sbLi38NR2+1jjZEAABzuG0HhjwATjOecYNbqeFrtUIi0sIAcKBgL0xnPO4kdfmGc8E5xXkR+M/iM8Jeru28AJnk4GM5HQcnHXJPAxUqfGPxKUwbtQd3Tb8zZ6kD+6efxH4Vw1OJp1b3xNbX4Um0re7db+b/Hs2vShkOGo6RpU1dpt21ulHRXWl1f0vqent4ZvxhRZyKM8hUBXOckk57DPIPTjAUYqu+hzwqS1tJkng8Hc3pjqRyRnPOeM5GfNW+KfiKYl/tjKCzZCrtULkktwME4y2MbexOScZ03xD19zvN5KSuQRgbclmAwehPseorilnMZbVJu+rck7u9l5aW9fOz0XRHLaat7qVulldbPbld+nd3vrqeiXVhJFuPlSAcsG2gMM5GBjJwBzjkDABHAxyd4fLDsEcdhuXqAdxyCcAjIP3eeD0GK5W48Z6sVAa8mckA4GSeWJK9eSMkckdh7VSk1vULtcec5YjAG0ZZcbicEBRnbjGfxIGRlPMVKzu27a2b8nst9/v+42WBiknqlorLXsr6WT777PzstC5kO85D8knhf8AZ3YPIAIPXkE552k1zl1hidqFRzgHliCSxweduOOSSNuQo4yHzPfSBS7SBTkHaCd2OuDgBTkduuMDI6ZdwZ9jEs+FABU5Eh4yAxOPu9B7lSDxzzvFNvRytbXRrbltq3bqldNb6vczlhIRWzuurjd9L9+2zSVmrbFaRsGR9iqBxukOe2DgcY4xyCcg56ZxXMkK7dqplj8wGMt3yfUZOcH+fJzrqfrnKleCA2cnjHTOSc7hjHYjvnMNwSXbcQd2FyfmHX074BB64z17lKvNt3i0kkrvlaW2mjbVk9Lq2nUxdCLfwbXsr7qybfR79u1rd+lFyqkAeWBknG0cKOOWJPHfp3/4CJWuUY5bZgHOMDJzzgdyBx14PPAxXHPcuRJ8zbQSD/tHJz9B04GcH8AHRys3IcggAA55XPBA6/MpOM88dwM4Ivmervdq6d3p7u3fWKfXdrsLkS7Xuuqd9tG/tJffa19WdW00YYlZAGbkDPQHoOehAXkeoJzihJ41yS2AW4IYnJHJxjOW56Z79Wya5p5jgfOSwXJBGC3sR0zjPIOPlyeKEmLByHAGOAeCCPvAc549+TnnqMw0k99tbXbe8fet5a338mtbRzJPSN1ezs+ZdtLtJPTXfRdNzqRcRgli47sedoXGMAnOTk5I+6ew5ppngOW83a45POQzHHfkAYxhs/McDANc4sxdhliFGBl+c8clieo7nPXn1p5J5w3UDGADtH8OTjjnpjB4zn+GtYJ78vZb6vZ/g38ne1rJkp8z+FJN6N3VtU2nte2jvsrfdurdxqQRLg7huVmIB9AMEnOWxyOfX0urfQEBg6ru++CwL5OOMduoBHcL3xXGs6lxluQ2CWXrgYPPGemfU+ozUqSxoz8jIxjI5XHbjO3tj2YZroptp3asm0r63+ze6u9kt7Xtq2rq7aTS0vbV31002066bX0tZnUT3YAVlfdgY2jJ2jnqSD39Opx7kYN3qJTJbJO4cAHGDtzznOcZPbJz0Hy1TluyiEktuKgbQQMrkjLEc+/YgbT6YwL67kdXZy+FBIUZyoOMMfXIGMjIIGc11xrSXnsvXVaJvTyTtrtZpsFZ8traJppd1y231tu3fW173sW7rWlAIA2nqp3EEdhk8gZPcEdRxwc8ZqOvqokYsD1UFWwehyf4jkDHrk5z0AOffyfL5kshjO125cdCOMkkAtn5s8DA5wOnHXd7p4Obm+t0UDndPGCvOCTlh3/I5HrXTGtdJN7pKzabXw22t2e7fonq8pOSezWqXR3+G/Lqu++vWyLF/rE0u5QxZXbCbSSADx8oAJ3fTv09+VuLUzgecHMm4kk5JGTjk89D/IAlRmi68U+FNPG+fVbPIzj9+mEAz6k9yM4BPJxjOa4PWfjF4L08OsOrW8pX+CNlfd3AyMHkjoPcZHJreGJoqKTnGLT2ctbKS630S0T3ulr2M2rq71i9e+ul01vo09Lq/wA2dFPp1oA+5huUZYlCASrHgdduCAcgEnHOcmucu1soS4Z0Cjg/MNwyB26k8f8AAtteOa18eLO53Jp0TybiVLqgJOckAICT6DHynvzg41vAnh34i/FnUba18P6LeJbzyKkl7NHII1jJAJ3bcDAycAjGMZAIxTzHCUYyq1KsVGGrleyV+XW7dtFptvfRHFWUtEoWTslurt8tratt6uy2V9lfXt0vNOEgQybznaqg5JJH8O3ceSNuMZOccV9J/Cb4T6r43urWZrSW201ipMzocuBjIBIxuIIAyQDwM8cfSvwH/YYgt2tdQ8TwSatfv5b+XIu6FZDghQCDyCcDg+oJGM/qt8Of2XJovskVrpq2tuAqqsUO0KuAMH5RkH1B54AwcGvzPirxRwWAhPD5dVg6jVnV5nZL3V7ivq+j16fd6uVcL47MppujL2ellZ2aurXvbo76rzW54T8FvhLofhW1tobLT1NxtQSXAQea7HBzvxkEH3xkg9MZ/Qj4feAJdRe3C2pVRsbPl/Lzj7oIIOTyeoOc9FIr2T4c/s0pZJDJPau+Cp5XkgYI3ZPIB3Y44yM5IFfZ3hH4Z6doUcZaGMbAAoCAAdCMEDJJHI3EnIPPHP8AOub8R4rN8RUqKU6kqru6s5SbafLdLV+dtU1Z2S3P2DJeFqWCpw9rGMFFK8Uktkmvm7NXS16pdOM+G3wsgso4Zp7dVOAxLJtPrkYxjkjII446np9SaZZ2tjCkUEaIERfugDPGce46YJ5II9ayYEWBRHGoRAAqgALnHBB54xggjnGPQVcWYgYLEYwAD8wXBGfQ9hxzxx2OPHhSmm3JXlfV3220Xp6P9D62MYQjGMFZK1kn008lot9lv0udGtwE42qzY9Ae3UcdD9cAZ5HUO+0jcNxU/eOAOBgEcHIJwM4OOV9DWElwjEnfgEe/bI69WzgZPYbcgcky+cCSeCQcnOR3wCck8/TjqOgrbkd3eDuu6S001astL6a2Sd723JbbtbfZuys/K9t/n0VuxtNdLj5gBu5wBzgMTzjqCDjkep70NdA/whQWA35znn68Dgeh56cVi+YSADgcbcngHoQOMEMMYLYx9T0eXUHk9Ad3UZAxgk88dMk4HPXIrSNPr3VnZqyaeq3tv5va10tsJc/2Umt07q/Te6d9dbrVrs9Xsi5J6hQDxk4IIzwQDjGeD156Z4xTjdr1ABGCfcZ6jHX5eBn6kdCaw/MA5YjgYxjHGcHJ6EA5PQng9sVIsvOGJyvIJPQDkLgnnaD3Gc544Jpqk9FZWvo7eaTfn0038jFqbS1au1fmbd37qTeltNE1vo7p8psfagcH/eG0Z6jpk9Pbvg5AwQTTDcbgCAuD1OQD26A/TGDnkn2NZuWycnJ6YIxgehIz9SBgnqTxy0O7AEg8ElecDr3zkgA8j1yQBtArWNJp2fxJa3SVr8rWjv2W6b13JvJtJRd9rJNW+Gz1utbq6dlypW30v/aCDsPy575PYDAGT0x15GORnrhPtGz5txJXrg9T0wMcADrngH161nl/lHKkdyOMgHkc8gHHIxt5z15Klzg/LxkkZ6AHpuJ6jI68fzNNUklezezTaVtbaev+T6Mlq11K91HRdNXF69LNa+u5Y+1OTnocjnqTz15Oc+3P1rz/AOL2rT6d8JviTqUQd5LPwZrkyRJzI+21clIwPm3E5AA+8TgZJrtVG5wpOMg9s4OT+JbuOwxyc4Fc98QLRJ/h746hdVdH8K6uHXjDKbVsjB+9gjns2CATxWipOybS0ae2jS5e1ui8r+iHSb9pFJpNyitbarmXfz8/zsfxf/Gz9orwH4L161std+HLzai+nzTQtqFjHdMFllLTTeZJkx5YlgmDjOc5robP4w+KvEHws1Xxj4d0qzsfDml6QL6O0fRrWN7uO3YlrdnUBpETaRzgbelfMX7c1laRfEWxnuI5ZI5LK6XygxwVS4kRVUAAbRtGRknJJB43V9reDdJ0tv2O9QvLbT4bNIvh/MXzwZZSXUyAdCeSN+cKQDyc1ONowpZdgMVCjF1K+KpwnzSlJKPtE5cqba131tp8z3soxFTFZlm2CnVbhhsFVqwjH3ZOVoJyct7K6+7S2x8caT+2z4/sLScWHhrSbKa9iDr5dlbjy1JATEWCDg4JOMgkYJIzX7E/BbRvibrn7Nvi74l+KtVlN1rnhebULaxgj2WzWXkFY+rHaVYBfLyAAMgggk/z6+DNKTWfFtnpP9nRMTp8T73k3MU2qzPtx2GMgDPIySCK/qj+G2mm2/Yv1eEhRFa/D5oYwqkgKoZSAMHJyuMKSct1OOVnEqNKvgKcMPSTnVU5TVOLnGMLSvG6b1a1t0Vrd8cpjWnhsbUqYifLFqnFO7jKU5KOvwttJ3T3t31R/LX8b/E+r6T4u8rU9YkiiubYPDbyzM0UAD/8so+gGQCr9QTgY4NecaP4lvbq7sraPWmuDcXcIXywN6+Y6xkIxPACs3QcAgEZFdn+1PpmnXHjrS/Pl8gTWPLu23dhiSUxxgdMcsTkYwOPFPDSaZb6ppDCdUMd9bRxbHb5mW4A3MSO4H5dSRzX7xkFabyzCyjBKM4LayXTmd72t3vv+f8APvEUXHNsZBzcrVrXl7zVmm+ltLq3S9raWP0g1bSB4Jk0Bp/7T1C11CwglRmKH98YhIWByclH9T0GNx5r5U+IXgez8WalealqXhdNRd7h3Se4kCzKjE/IDuyBg4HGCO+dpr62+KV9Inhnw3qRYkQ2dvbW5Dsf4EY4BGB8g+YA88kcjn8uvjB8SfFem+I9di0/ULiKGJLZoYknZUhDxklgDlSSeoHvnmvXxNGviKUY0q0oQilKUOZqzst7dLP3b6XejRw0cTQo2jWoKbl8Da12TWjVrX1tZd07o+kvhh4c0zwN4gt7vRvD9tpciESvslV3kcIR8qgDgHg4+bJxg8tXv3xf1q98f+B9P0O+txZiG6M63U7lIS6g7d7kHaDggLxnHUda+Ifgv4h1jXZNCvNSvJprid3VneVjkKQACORyD2wSRg8V9c/GTUksvhwAyxyOhh2kgjOSm/cRzhsHcc8HB6ivlq/t6WMi3VvPmhGM5Xaabg1Hpy2Tukpa62s7s+mw1ShVwM5Ojy0bNzppNXT5Jcqeydlo9m01bXXyTwx+zb4g8bwXr6BHZX8luFLiMPIgUjcG3Km3kgk/NyTyOBnQsP2ffGnw18Q6XrOuzWGn2AulMcse5gu0Y2OdvlqD0ALht3Ra8f8ADf7ZfxK+CDamnhfUtO8mR4YrexltYpLcqoCsHds7lXJyTyOM8gAfZCfHXxT8ZfDvhOz1q+8NTR3qR6prmmafZoLy0mkAZZHlTBCSbnPAAweVGMHwMZmvG9HO6FJ4bLZ5HKolLFRc44inFw1co3tfm0Vr3utkz08NhOBsTlVWpGrmVHO4U26dCXspYadRyUUrq0kvtPmSe+lkew2Xwz8OfFDw9P8A2h4tt9NOn24U2/kpJJdmRTuUb8AgEAhlyWHOc4FfFnxD/ZZsfBeoXF7F4jefTRFJdxym2QOATuIwhPC8/ewDj8vS/iJ8QpfBms6Pp1nZF9Nubb999knNrIRwqFiqsSMsAS3v3Bryhf2sfDdje63oPiPwVeaiNPf7NcXL6mXEUEgKhUVlJyCwyOwBO7pj6n6zmlSlCpTheHNaElKN3ZxurPXZ36Ldo+ZlRylV3GrOUKllKfu80U/ds20r9F1equ7MxPhUmi+F9TnsYry5vPtJ8xJ2hZUDFgBgHAA28j8ffP7Fy6isvwS06wVZNj6Yqsy870lwArAZwWO5R1PCkY3Zr8itI1mx1O9tL3TLKOzs7yIXMFswDSW0U0iskbyEDlQRk4weeTwK/UGfVbiw+E9kYw0inS7MFAcYBB6Y+6QCTvzxjJ9R42b1K9b2Ht6UoThVtKWt1OKVm9dul07XXkkfU8POhRjiFTn7Sk6dla6VnZXtvZ2Wt29WeL+Gv2H/AIA/Gj+3JdU+LN38OfFccct9Omrqi6VcXBjd4bWFmYEB3UKzAjOc4INfnXrH7Ks+k6vrNlLrTX8VpqF7bwX2nW4mtrq2hldIrmKbOdsqgHtyQefu19ReN/2qfhp4QvLrwxP4YuLzV7NYjqF7LCZZBMFDMsVyHBIIIAGCD3J4FeO6r+1r4MvZIltNG1Kzg+aNUjUKjlgOSpPLZDc89T1Ga83K8PxbQx2Jq1Mbi6uCrOLoUK0KPLRimrqM42ny22U229vXqzapwdWw1CFPC4ejjqUn7apSnWvWeibqQcuVNNNtxdt/K32d8JtGk8N/sya9okbyOtjoOsRiWYYd9sTYLDHynk4IweoJwTn5j+DEt7/wo34ryOHmtYdR06dlULhSbmVRuPJAwOOOvTmvrTwJq0Otfs3+J9ZRZFgvfDmp3MSSEB1jkjYDPRQeeenJBPHFfH/wb1JbX4E/F6CKOYh77TCSGOwqtzJlSen3uhAxnPFfX5W5SniJzvzq/O9m5NJN6Wsm7Xf49T5TPnGEMDTpxapOlBwV/s80HGztqlZb66tX2Z5R4Qv7eXxz4PwIraVPFeglTtJbJ1GPBJIXaRnPbkHJ6Af19f8ABVpxb/scfBp5LuaUS3/geR3TG/bHp1izFBnLFVyAB2wcgc1/Hj4dvJF8a+GBDahv+Kl0AqygH5jfwsMcLggnDHuM9D0/r8/4Ka6HqvjP9mr9njRNBuoC9hfeB7jV/Okt5GhWbTbAQqYxKWdRIzA71G3aWPPT+e/GOl/xlvAFecX7Oli8bOpK7UUlGm+l73aW60+Z+leGtSpLL87hTtGbVBKSi22pJp7t+T6Xem17/Wnwe8Y6HN+xDp9ppkd6PN+EXiR/MvYJIBO8dncLIImdAXJckDjABJ5zx/FtpmxvFuubbd4nu9T1cSSluY1a+n64BJ4GQDzxz/tf21+DL3T7H9kTRfCGoRStrGmfDLxRGJYIY4odkenXEkgwoI2lT8g55xjIxX8S914z0nRfEGsiGwZjNrWrxzzBx5oC6hNtIzyuAOBxnoMZ4+V8DakcRmfGToJuMsXSmk27rmq1tL2jbp0TX3Hu+K3Nh8Jksq0Z0p89ZyU9edKNOKnF20TV7JJNc2miOa8QeJ9Q8F+IUvdOnuRcwyhbWWEspjygHykco5JPsG64/i0Nd+Nvj3xxp+m2vizVbvVl0vfbabLqLFjZQMWbyoyWwTk9TkqCoBwMVwnxA1+0vpl1F4ZWgM6vEAwBA2gE54PBBJB5OOOSDWh4Ma21bT4ZWthKgunKmaTIyu4qACOeOu7g+gBAr+icRkuDfJj62DovEUYvlrypxdSEWkmozs2lvs7PVn4xhM1xqlLA0sZVjhqsk5UVKSg7Si/ejdJ3drN9flf+n3/gky+oX/7Lton/AAkkWmxw+INXl+wpOqvKQs7LgEhkDH2znp7fox8PtIivtIiTWb7DNe6gys1yB58gum8vaw+UN0IJ5yRjgGviT/glT4S8OXn7K8Wo/YLe31GPWNXL3bvlQMTqqrFuAZmAyegGTjtu/Rrwh4X8OyeHNJkkuLcSW95eSW6rGVWabzCwD/MCWB6cduhr/PDjaVOXGHEySilPNqjalGLVoySt0Ub2tZNt3v3P7g4Xqxjwrk1K81KGCw8bxgm23TTeqvqtr3el2j+Mf9vjRrqb9s34zW+nkrL9rgZ97McRx2xcsTt6YyQxzjgjk5r4VuTqMmpC3eUSExCNAGRQ7fcABU8ktnB3Hngc9f0m/bb8UQeEv20vjje3Gkx6oJ5oLPY5CxoJrcpvBYHaVByrDBB4OMkn4ssvFPhHQ9VXxHd+Dk1S2gcotpLJlPtQYSCQuCdwDgfL05Poc/3zwVGq+FsgVOlzx/sjAqL0t/u1J2eq6b2vtZK6dv4p4w9nR4kzlyqtNZlipST3S9qtez3/ACVur8vltNdWMR3c0lutojhUWNm8svuO0vtwvynseM88ivIr3XdZsbvy2uZ0WC5aMPllJBYZLZPzZIzkr0w3Xg/TXjr4+Ta81xbab4O0nRIr21EZW2hRpEGeJVJXKuRyR7AbQMA/K+v3L3l9KkoVQxSQtjB3nrwQcDnkkg8dQRmvuMuwEqsZyxtClGf2PtSlorKTtZLT110etj4/G5hSi408LXqNNLmu5Qu0lZKzSa7XtdppWVr+6eGvFOPs6osIlKMWmcbjKzo2C24Hk7sLzk4x90852v6jfy6Fq0lyziYPm2mEf3kGQVBHIIHHQEAAjHWuK8H6tZae9pcapYz3thFOwuEh+V2TBVSj4+ULkEE9QDxxz6/rPj3wE3hW0g0fw9fQaot7NPeSXcxmtpoMMIwiNwCcrkDrk7i2Qa0qYaFCunRwzaaacoqKUVpd6vSys00rvXrdGFPE1K9KTliPhk/cavdrkW/zum3fzuj9x/8Agin8C/E8nwi8c/F6y1CWa08U6pJo8dgtt5k0c2lo6SXCFyDuZyMHBx1z6/a37X+g/EiT9mb436xq8jBx8Prmy0+1uYE+0z2NpKqzOMsSRkgg9eDnOCV+cv8Agjb8ZVj+AMvhS3votJePxxqtxfWwkSN1trguyCFGIKl8ZUA/N24xXoX7bXxi8cp8Cvi3byTQT2M+la/pVnFdoqXcOmCeNWkWMltxkwChBzj5ulfxvnVLG43xZn7SMVKnxBgacYTSUZUqVejGm1Jx1tBJ6O979D+08khXw3hOlH6usJLh2vXjOUX7ZVJ0purGMvhu53SW3VWP5GLa5vl1OFY/Mixcwh0AGxnWX5iMcjH8Q/h6dia948aXl2/xG+HwmYOxt9PQKUAXiKQHKnHLH16kEmvna91Ka11MSIzpuubefYFIGfNUkbSQUzkgnPzAlTyMn3/xLenVPH/wzudnlqYtPJUrt34jk3Mc8HcQdvPqTg4r+5c0bhls1yq3uuSd+trbaNK3ktVdH8OZZK+bUGnJ3qTjyd/3keZ29fxW2rRzn7R2+2+F8jNtO7X5flCggsGyc8nr1z0zgcLX55RaofMX5EVgowxTBHHU5zkc4B4PGMkdf0I/aWuUPwoUqB8/ii8UZfDEK4GOp6Hj6HdxxX5pNdp5gdmXdjnJKnjgc8jPGNoOTz1xz8zh3elBu1nqlutVC/zTvbp5X2+vzCSeIVlbRXutfsuV01s/JK2ljrhqDTSLucZ3AFwFAGOnvg9yBx14zU0l1Lbxu0VxMhPSRSVOSoBAKjcDzkn6ewHJW1+qMuCMbshc475Bzg8duhBAx0JrRm1GMwMuBvyAc7SOBkEDgjHc9e54znpvFxWkbWSS00tbTe11bXs+lzzuZWV0r201a7Xtdpeeu50+jWraiPOnMspEg3NKXmckkDCli2DjqCMjHSvd9D8PQfZopEjWPaq7g6qpbJPJAO04HIyx6DjnJ8C0nxEum2ixhEcuMj+FeoB52kngZI9+TkV3UPjPULm22JNsUHgoQnYZGcdAScHHI5681vFJxSVruSTvv9mzTVuVKztv1S3MJJybu3bTVfc20rvqr6bejPo/wxNoumI4uDalluQcSGNOFx1BDcKfz4OOaseJ9e0ue3nitLmIM0RVUjYEEhie+OenIx055YGvkufUbqeUyGVz90Y3k5ORyenJyO3XqB26Zp7hYcgk4t1bI3HB5z39c9+M4GelXGlGTc25Ju3urbS3q/K+nrdK+E+W0Um3dp327a6W0d+76dtPSfCOstaa4A5CQwuHLj+IsCCM9sjIGduPWvsvTPiFpFr4OZ40jdyxjERJZmwdwO3HJyAM9ACO3Ffnr4fmvLjVRC/3GiVjyQRtGQOuBkfUjAUEHiv17+Hnwc8D6p+zRLrd7ZPH4lne5mN8ZgRCiROY2SNv4Sep4x0XHOPmOJMzweWUsHPEQq1FicZSwsOSKlJTqytzN9Ipat99t7L2Mny+tmFWvClUjCNHDVMRJ1LpONNJOCbbT30Tvve+6Pi/xP8AHWSK3igtLMOba2uoVVBlUVsg5/hzt5xnA/GvFfDnjzxRrN9Y2thFE0X2xwkZhBbfM3y4ODxgn0PXnB59L1rwRbWVhfNbeRN5ljcyySEBgGR2AKg5JYt1wQVAYDGQRzPhG20fw3YadfyyRSTy3KSOYyFnTbgFAuThic8nG09AeK1pU6Di/ZUeaSSeqbd2o2Ss7X6373+eLlO3K5cyV4vVvZRtbVaabLtfVHtXiTwsbC2s9T1WGO4mksFlkH3fJlZlLAIM5IJI54JUc9M+g2vii30jwT5kEKM00dvalCg243ggKSM5HrgZxyD38e8T/EOzngaWdZngNu8cCSNvIw2QMEgY4xk/iM9eG8Q/FNo9At7GCxjETPFIFZlPl7U4YAkj5tu4HOWx92ueeX1cTGkpxSjGonaTtu42a1VlZd3fR3vYxjWjTlNp2lNKKWrd/dXmlfXXfX0P6BfCeuyal8JvBjGMeeui2DLvPyqphBKqnGAckEA8YwCBisbT9SddTgFwYyjzZIQgKpDZx9WJ5UcE8YBxXgPwy8Yahrfwk8F37SywsdDtY1iVztVY4wuSc4bK/wAOenBrpLQzh4ZWuHO5t5wTkNnqM4yTgc49Cec17+Gyz2eHUHJJy5la17JuK3ta/pqtPNHqPE2dKpZtKMb66e7yq+i2vq9LXtbdI9p/aD1kj4I+PICYjGNEXeNykrmSPAHPBPzLg4xkjtX47aNr2m6VDHLM1oU+zIWHmplCSMZxySeuBjnBwcV98/Hu9uG+AvxJYzztINNHlvvfGA6HB5429wD7fezX4x2KvLYqzyzSNLHGG3MxXAByWweRjOVYjqw29j5OGyv2FbEUp1rqVTnT3avFWW+jtfRu6vsic9xdOu8LVcXpScbPVaNWaW/RJaX7X2Pftb+JWhJd3DfbYwPMjZY42AHqwUHIwQDjOcg9jkn0i++O2mXHgmfTrB5DFHYMCUX5t7oyhc8YOe5yApBJzkD4H8S28cV9tRmK+WuQFOC+Dw3LHGDx6knPv6j4et5LrwRdTLFny7WYSvgFuCdvc4O5evU8+rV2zyvDv2cpc03TkpJt2V207vvZ/K77beRTrOMLwdlNWaXSN4prS99WraW06XZzFt4ys7bxDp91OkhXEshwv33ZsjJwQDnPI6fNg17ba+Prm/t28m0YooHll8gsO2BlSAT34Oencn5IvbZv7X0UYABYdvVuhAyTwfXr6Zr6e0Gx26dJLIEO5cEADcAFHAJ+XjBIz6ng1danThaTinKSsvRKOyT62Sa3Vtrs8nFRjHlVr6O2mlrXfyT1V2tPU6lPE2pFW3xxJ5kRwMcLxkbd2PmOMknIHQdRXo/wmvbvUfCfxzhlvJCg8IoyRIxCZDcsVB24DYIxx0zjgV405idHjjZvlQ5Y4wCegzwQPQ8+2Ote8fs+aLLqnhz9oDyQCLD4ey3TqQd2IjuBIAbjJOSSedvOSc+Bn86NHLatScIRSnRtJ2+L21KN02u9rL5LVG+Tw5sbTjBP3lNK13fSLbT++9vnc73QNIuovD/hNjd3B87Q4MkHopReuDknnJ7Yx0wcXbvS3h1PRt93MALxEzvOGBIboCWHGcAcAN93pXUaRp8sfh7wWsgAZ/C9rMfmIK5iXJ756dTwelUbixNxqehl5AnmaskeSTzztHBx8w4z1wPm5xg/itfGQnisSrppSrWta1l0be+199la2yX09DDz+s01d35otq/KrNR1vp59k/Q920DTQVQGR9gR9nJAOQSc5YgEZwAAB0AGQAfmH9sfSGbwv4Eby3Zf+ElkX5yNpyqYQDGDuBwTweODjBr9BvCnhCG4toomZV8rDksM+YVAbjPIHUjHXB44JHy/+3rpFrpvw/8AA80Dxny/FAIVcIFby1DDcBwcZPbknGCefnuFMzhPi/LaCUlKdeUNE2vh93XWy2T11WzPp8bl1aOXVq0n7kKfM922nyJq7vdrS3zt0v8AlNeeDILzWntJUWLzZIwrkYRN7Agn0HbORnP0rY1D4XaPZ2WrTMYrl7e3DLLvC7TtJIRevPtycD2Iy9UutQfUrt0lKphSh37iSAMKuem3GQSR9AeKVLq/vbS9hurqYL5GGyxLysq8LjvgY9SADjHO3+lsVKu5QlGpKME4vS2yXRaWflayS6HxVBUoRlzwcpWlZ9nZ6aXurv0WrdntrfBzS7eBtQeGJVdGHC8gqMMWOOmeuAOcACrnxK82XU7tUXaN+nthRgYWdAAwOeoO4DH5gDPRfBu0jhtNSniYSTSSBShYBtg4zzwFPQY5DEdqi+JsflXt3IyIrn7AF6nkzJwcYBOO+DjqRjNTKtN1Lc0pRXKrPrdR1dtL3tf5pamfs0qimo25pK/ezSSu7tPTdrVXfy3dO0i6kT7dZoWOyGJ2BYFgUG44C8qeRjp9ORXpHhjTZ1sNRllDRuD5aM4wGxyWXjAG5TuyODzntXnlj4r1uCSOysvs8cHlRNvKAgsIlypPcnb1Bxzgnoa67wrqOr39lqU15M0i/aG2xqeASDkKoA5J7YxgjmvMxiqzcqjUFBOOrb57txS1aS1T6aa7JWPusop4ZVKUoOo6ii3ytXi7pWvo31T02a02u963QDVLLzCx/wBMtRkMeCJUB4IPQfd6hskc4JP9Yn/BLJk/4UFqLqwIHiyZevOcAHncevbuMZ6V/KRpthdS6lYuySZF1akYUHhmUc8npk4/xr+qf/glreRR/ATWrYyKjweMHDB22/63LLgtjJwTwBjPfn5f5f8ApM0qlXgim6UeaUcfhbWu7K7S0W1na36JH9D+EHNHM8VGVoKdPZvdc0dNfl367tH0X+zsVbx1+0CoOdvjq2JHQjfFIRg4Ax0HJwPQfNj6ufOSM8YJUAkHJHHp3Jx0zk4PJx8Xfs6eINItfiT+0lFeanYWvk+N9NAS4uoYs7raQsVDup4PJIGOuDgEV9PX/wARfAthn7Z4r0GEgMf3moQfLjqOHJyPwIHHrX8O5ll+Nq4tOGExE5PD4R+7Tm9Pq9J7JX36+V2f0jGpTu06kVFJK6TaaUY3Wzba+Vmm9HqdIQd5weM9Qc4AOV4BHJ4zzjk9c4EeSGUkna3IGOnXt1wOmRwcZwBkV5LqPx/+D2m7nu/iB4eUJkkLchyCu4chQQ2AcEnjg+uRwmpfthfs76WGa5+INhKyfPiFd5YAZOAo2k44J3Ag9T0ArL+Hc6rVIcmWYySdnf2NRLVrZ8tlpf53XmVXxeGhS5fawb0Si5JOy5dLOzvZa6dr9zsv2jlLfAL4xpuyD8PtaxjBGDbsCoHOMY5GCcjnjGP85nWZY4PFl+soOU1C8xtOCFW6lAH5cHnng85Jr+5/48/t6/s+6v8ACP4k+GdJ1PVNS1HWfCOrafYvDaKtu80sLRRLvYgspcknCkjvxwP4g7vwP401bxNf3kPhfWJIZtRvGQ/Y5SrRm6lkQqWAJUq4Iz1zx1Ff3/8ARcyjMMrwmc/XcLVw7qVaDjGpBwck022k0rpLd76pan8m/SBxMauHyulBxlJVq0pKLjJ8rjTSk2npdrS9uvodbBroj09I7GB4nk/dysecqMktjbg7h7gqenYn538f6tJNd3q4AXCK4HyqWwerAZ3c9B3OM8k19Sp4B8cS2wjg8MahDtIBV4AjbgPvDncpx3wB/tA4z5F4i+AHxc1W6l+xeELoxzzZEkrogxnqcv1OAAxOM4A6gD+yMvfLiJOS5V3ey20V79rb3s9bM/jvOcHUr0YxhByfNC8UtklulvrzaNL5XevzAN3BjXcDhRsP3sEktgnr0zzjHpXe+GSkQl37d7qxGTyc4yCBhSARyNuB19K9Ft/2XPjSbjym8NRW4DYLS3tuiHB6r+9B3HI/Ht0x2Gk/ss/F+3l2zWOkwlg6hpNVtwFVwOCS+ACDnOMAk4DEYr6F4inTUf3kGpWablFvp03d9Pl0ve3g1Msxk4x5aEpSSVtmk7Q31v1evR36Oy8D1S5k/sy6ICjdI2NuRkgknI52j2AyCc+meI0CZwS2NpErjbnH164z644bjkjv9dar+y18T106WDzfDsc7PuUtq9vsAHQFt/G7GDjOT17VzGlfsnfEa2lBvNa8H2o2ZJOtWzYJJyW+fIYfxEjPILZauSeKpPEwlzU3BR3TiraRetmrtNvy/N9dDLsY8BVpzpTjVnJ6NLbRq2rS2a2t5Lc8XVNkwMeHVlBZuoAzkncMDIB6ZP0wBjY01mV2ILEsTtHGBxwQecjbgnIGQBj+IH6Btf2YPEq3ES3PjnwLbgJznWLfGSd27AbsTuIOevArRH7OFxbzSR3PxN8CQYDM0n9pREEcAhSOrYGR7447nsp5jh1vJWulbddEnpZ2V7a2TvseFX4ZzCrtBKXS8oK+z0vJW66Wvt1Pm6aZi67yxxuzggjOT1XuDgls9wR6VQY4k2g8YcllUDg54OM+oIGO+QNwr6lX9nHRhLCLr4x+CoxhyxS7jY8jpnjoDyCDyccYzVyL9njwJbSbr343eFBCAzAJJEeMkf3gBkZA6Dtxwap5jh78t3Zu11FvXRbpJ21b+/1SpcL5hBJSjTTdk1KcNE7O7XNtp5+h80CNGtFLEllCMAG4AAwBjjD9znaeOcAisdwCHJGOu5iOMZB456kkbu+eOxFfVp+D/wAGoFe3u/jboysWOTEARjGTwrEcZ4zjOdvQAiNfhl+zhFHm8+MkTyo+WMEZA7ZIJPHHUde3pRLMMLJfFJtLX3ZXulGySsn+d9nfY0o8K5jGblzUUnLX95C7T5d+t9Wvl5M+dtKJSwmmbcxyQrcAICO2QBuYNnIGRz7GuFKyyagC4DM11gfMBtOfmPY7h1I2gZx07fcdr4X/AGUtPtmjm+Jd1dqSpcJuAweCQBgEDlgACMjjBqFdJ/YutZkluPGWrTy+dvbyi+0gk4yORkY56Z9iTXNUx1CagnzpRs7uErNu2mllrd302und2PSwPDmMo1qlSdXDtzSX8RNx+Fdt2rdtVrtY+OYbYLrm/em8wNhif4hjJGTgnGM/QHPPHV4jZIUDZkIwWLbs45Pryfbr156V71Fqf7JNv4kmmS+1m+gjJWIAuEkUgbSB/eBGTgAjknkba6N/H/7Jun4h/snU7mRDv8wh9wBPQ8fLk4IHVQT2zVYLG06NOa9nUm5VXL3YtJP3bX1Vm/Jap+ROd8MYnHV6E4YrD01TpKD55NPmVr2sndLo7rVeVj5figQSnJyWZslWB2jJAIAIwSDkgZABBx1w+e3KxARjgIzBgOFIOOeMYY8E46kjIY/L9PJ8af2XrSSV7TwXfXDBdpDxZLMB1GR078A9wck8PH7Rf7P8YiW2+GkzxFCGSSHcWJO4jOclc4xgH9Oe7+1IJJewnumneL1vG2zeqvrs+iPH/wBUakeWU8fQTjyq8eZ6XjpqktLvRdXr0v8AJJiKmJRvBOdx2ty3PcZ5HXrnIxxiurstGubqweUwTlWAwxhdt5BwSCAcgZGeRjvx09xuf2jfgypP2T4VqxSX5VeJSSDuGASd2Gz905zzwBjF64/aq8EWENrbWPwzjiiKecsbxIoAPJ2ZBPzEDHPsTg1KzBW92lNpb6qy0W2t72V9U0l23N1wvFpc2PpJ+UXbW11+DfXp2sfOTaFeRSBXguABztWGTAA6McqD3wckDlsZzUr+Hb64dESC5dUOSRbyEAEZbG5Tx0UkjtXtM/7XWjM8rQfDPTirJhfOWM4CkgADacgc8fUEcEjJP7XMyK32X4faMm4YUEQjaMgjpHypHqcfnipePi/+XUuW1leW3TZKz67vy9d6fDeGinzY5S12Uet47K7vo9r21a00R51c+GrkaZOkdhdszQtvHkStngYb7o2jDHnngYz1I+c/EOi6u2qmODSr+VRbhSI7KdsZZtykhCBg4xnAOfpX2B/w1/r2JI4PAmhFpF24MUR+TptI2cLg8dNwPTbiuL1T9rTxRpt/Iy+DPDdvI0KqI/ssHHGd3KEHJOTzzyTXkYyvCVnK8Y69273i9XbS1nvtptc+pyrLKdBOMcRzqUdfdSXSz3d2ktdNL/f8nT+DvEVxs26JqrsflJWwuNvIOBkJjOPwGPqRHH8MfGMjpHD4X1t3Y8YsJhwSQCcIcE/3c5LD2Y19Lz/th/EEqqW2i+G4QQSxj02A7TknPMfODg+pHJ64NT/hsT4so+Y4dDiDNsXbpluNo4I2jZwQM5bPynqSCDXjzVCTbak3ptpe9tNF0trZaa+R78KcKat7Ta3RNpO1tbdHq+z2PDYPgt8RJiY08H605ZcjNpKo2jjklBgn8+M5IArTg+AHxMnJC+D9aO0clbORl54OCBnGOMgZAzjmvYX/AGv/AIySFj9r01C4+UpYwgrnI4IHBHBx0OB2HOZJ+1d8bmMgTXo4M5GY7dBjb052nufoM8jBNEVQja1OTW1uZ2v7qvor7209NgbjHeqlurpLRWW11rp5pNLc5Cx/Zi+KdyVUeE9WUMobJtynHLZLErnbjnOOfXrXRwfsmfFJx83hG9BJODJgZPY43HntjJH3cbQc1Xk/ah+OUgGfF1yigMMoEXb1HAGO3HAznvxzVP7R/wAbZVYf8JpqC9SQHwxJHHOMA8cc55B44zbdKyX1dtO2rct016aq3Zrq2Rei7XrytpeyWluX3rXd9Xdeeitqjp7b9kD4qSR5fwxKoLKWLvGTnG0HBIKnjkEqOuVYE11Gn/sS/E+ZS7aEkQxlQ88Sbs88Zbnktw3fIyK8z/4Xb8bZbZLyTxnri27nasomcAkEH7yE5wSCeAOAcjOKrSfGz4syp5f/AAneulhlioupVwAxYDhiCGPYcHGe+2mnSTv9XjpbTlbd7xW11Z3ers+o26K0VWbdr6q2jS0++11Z36dGe2av+xj8UNA0e6vzYWRDBFECXUPmgsQAcCQ5B6Nk9/YE9/4A/Z2+Ium6HAHbSbSVxKXgmu4A4UjIyPN6HHJ6AcZB6/HV98WfifeQTR3XjXX5l8kiVHvpmXAJOfvEZIwwxjbjOPTA/wCE/wDGJihaTxb4gDjgf6fOpC5PC/PnrnnPHAz0rphi4wulSVnpy2cVZW2abu09dLWWjdjllhsLV92blJNp3b3vy38lu0lrHp3PuvxB+y98Q/Evl+frXh2COLI2SanbL5anhQUaT72AAByOnUDniLn9jfxRFH+98XeEoyrFW3anbDezAkDIfHQnkkENj1r48uPF/iWVnYeJtecuwLbtQuORkbgQGHc8g9s9ASRANV1mc4l1vV3JYEB72fIzjbj5wTgjvk9eDxjb27qJJYeyaW7euiV1ra9rO1u+rsL2OCirJStFpJq3LZcu9tkrWvdbdUz7Fi/Y71GFC1z8QvB0ZA/1Yv7csvOSM78HkDkgADoe9S/8Mn2KZa5+JvhSArh2WS7t2znJOMPnnlgep9SK+P4YtQlkQnUtSkZsZBvLnOQQxIO/AC9c46joeK02sJ3zuvr0spBO+5l3AA44UyEkcYA756gdBSn8PJCNmlr7z+yrrRbrpHf8+edXLlZPnbVtHJa2cW2uq7WSelt2z62X9l7wkqkzfFrwnbdyr3MGSvAzgkkD0z2+pzctf2ZfhphjJ8aPC2UYgqkiNk9MJkjP6+nOa+PX0vzHRDPcP8oGxpZd+7Bzks4ABIAxnPJ6cZ1bPw+8SxyHcwMqgIzS7ckDDYDjg/QcnP00jGsrtxilffli39i1k1fq93vZ9TmeKy2Lsqbdrfbs38OjSvo9PW7tufWTfAP4JWbNFf8Axo0hChOfICdxwcDGcsevBxyOOqx/Bb9nqMymf4x2UiRKSEjUbmyASwYjIPGMqDhc4BzmvlS/8MwNO7shyWTeoYnLkY4+f5gD+eMZXmr1h4Vt9jjywSX/ALrfKP7u7ndnGeMKM5HYB2xk24pQsrLSNrbNp6K7tdWve+y6EvMMuirxoPyje/Va92t72t9rrt9Nt8K/2coXhmj+J019OdvkWdtEzu8yFSijPJBIP8JGcBQT09/0S51O5s44fClh40vYbWBLWHZFLbRTiIbVVXOAAcqEPBwQcHINfntpljBpnibwq5t4Vhk1y0VhzjBlUYB6EHKtt44AznOB+8fw31J5bzTtB0+Ky3JZC+lOxF3IFiYMoA5wvv74658TNsficuhKThB3XNOLWl7Ra1S672fd2dz0MHVw+LjTkqSXM4xTaTabaS2vdNp3/BKx8Y+JfBXiy5njXxX4D1Q381qsls+sah5Uq2rJkEl2O7cCMAHjAJC8iuFi8DQx7kk8L6HbsHOPtOoo4VgfQhlGQcnkHgjrzX25+2rJqWp654Ta2mMAtvDyKUtHKNNKEGWbYQSVyCeuMNjJr86buw1knZPNdFS28hzJt3HJxncPQrkjcBgcA4Ht5J7fG5fh8X7V03Wi5KEY6Rs0rX0unZW06ebPnM2zPD4TG1cN9SpVHB2UnHe9ry8t1dbebPQrTwWLa8hlTS/CKNHIGX/So2QZxhckHLZ+XgDBPU9K9V02HxdBE76V/wAItZgOBvt2UM5B4+bAGQeBubg89OK+Z9I0vULy8VRLKSrE7XaQjjHzBdxIBOepH1NfW/gLwdqjadbT3ilYJJBuVVJDpn+Iljgkc4xhgANvavRlRmpQ5qtTW17J94rfok3fWy3WreuOX5mq8ly4anCNk+ZQ5tFy2TvJaq+j7La6THQL8RL8ljr+mF1JURxjlT32gen8h0IxmWbwf8RLqNnbW7WMEqWAjJLDIBOTgcEfMGz04BJNejLptrpbSyxAAiQArtwRnIbJO7kjHAyF6AZxTG8VqhWIKxCkoW3EgsCcYG0H1A55x6VssFFq8qlST0vL2knfa17PfbTt5HrrHwi3GShC2/uLokne6dr6/iebt4E8cOgDeI05C4xCxIzyQuGADdVxj5uh7EWLb4f+Mnwj+KZ8N8o2xL8ijaMKegAGc9xjJwTkelWusy3cyRtGQm4ZDEfdI65yPlyQVHIBxjrkdhp9zAuFZgSxBTaecAn5QCCSeeevfPPTR4Cnb4ZealNyWijfpd3t33d3shf2jFWtKDtaz5Yav3db293bXzfofGvxn8OeJvCng6+12XX3vY7do4TbXEHyEM23cQQcnOeccEAjPNVfA3w41vxN4Z0jVJfF99a/2lbCeO0gD+VCmANqbW+VQOcKFPzdK9r/AGpRj4Qaw6iMl7m2B4BbaZEzgfn36Ag43ZrZ+C1uj+BPCSiNUYaYm526jgfdz8pOD3Izk8GuRYWlLEez2tBO129OaKkk7uy1VndtPfVm8sZWhTjJO3M7P3Vt7tml1dn0dt9DzI/AG4liAfxlqznbwNsh9BhcOD355xxgegyH/Z7WNiJNd1iQs4B2iQZ4zj5mwh9QOeMnGWz9t2cEQJdtpdCQu5AQQ3AwMEDcB156A9RisrWJYY94QjK7s7ScbhkZyR06c44GBgcgW8Dh7aR6dZOVttrv+VX63V9FZIqOOrp6z2tddHtZ93rttd3v5fH1l8CtF/tBLa41bVjltrR5fJO08AhzjJUjOCM5znv6hD+zX4M8oPJeavIzbdyNI4JxtGMYwMY5PbHXivRbaZG1WBkZSY0DMoAZiWwACxOd2ScnrnHWvT1Z8RvubaBkDGAq8fKxBPf8R1OOacMvw+l4q6Xm1o46N32XW+935WU8wqu6Wz+W/K732vbd97NrU+dl/Zx8CpnMeoMozxLOTyMZyMEdvlIbggcVNB+z58Pow5NnducbQDMSGyOMHB7jgnnHbrXvMhQ+Yd+0qclAzNuyWJGeDgEAY69Mc5xQluERxtd9qHc/O3CgMAMEcDgAEjB9hzWywWGV1GlBdXbz5X5Wslr/AJI56mNrrlftJK70d1bRRV9LL8L+jPIIvgT8O4ihbTZc9QHlyQwGSvIJ6dfUHPXArUt/g98O0JYaHBJkHLyEO3PcYAz0z159K9AnuGZMg7cqWByTz0AG4HnHTJ/HjksWZwxfkKAqFzyTuOMDoOSRk9cYPA+XSOHw9rOnD3d/di9Pc3um9Ouln3uc31uvKaTnJ6pNN3T0Vu+t10111tucjD8JPh/HHn+wLBwGIwYBgggkckkggKORxnqQBz8afDbwloV98UfibpxsbdbWwvpYrZJUWRbdNxwsYYHaOTg9s+hOP0S3rEoDHJ3fM/owHJA65yeR1AI45FfAHw7uFt/i78WXXad2pTkKw2iTJPy7sEY6n1xgDHSuevRgnh+WnBc1Rp2SV7x0TbWzTWj0dtEr6dtCcpe0UpyulHRu70cb3v8AOzWjTvex5p4iiGn/AA/0K9uncxxzKWaFfmYhtrA8c/Ljk4PPXPzDyJvGehpI+43hCjaGZDjAxxkL0x8vDcDJr2zVbdbvwBpdjK5MQkG4YLBsNksOcAg8g5zzwcYr531Pw3bxSEfaGCOSxBBIC4GONvfbjHAycDpXzeaUoOdJTlFSdJNatrZdmk1e6u133OmlWqRg+VScVLS+jVraaeV0t7O97rQoeLfEmiajYvbQXJV2ZHEbxBQBjL5bvkdeQQABznj3z4A2tpNo2vsXKImiyqxUYD8Hpg5Iwc988kcZz8p65pUNs0ZQoc5LfIfmUADuc4PTPQdRmvsH9nWwFxpGv28MeUfQZSC2QFDKQQOBnHJHzAHgHkZPHh6Sc3TUk1yNQ63dk0rqzS6226Hp0KlSUW3GySilfXW8X0vdN9LLV200POZpdEZmEk+ntJHJKg3iMkEO3DAjj1ztK59MVVvrXR7yzuIVTTDK9vLl1eNSrKMqQMdRx0IPRj2K8lrvhdZL+7jjmVTBNNwVbDNvYZB3Yz1GeD65FcbqGjy26EiVi6geZtLgABerEEYG3v24GDwTwTwyjNy10vt1s1e1r39fLcwjmFqnJK9m7XSd+idn73R+XyWp6V8EIEHjSNBGnlQ+YGwcghSQpHQZ9+cE+nXsPGfhCG+8Ta3c/aUtZJZ/liDoX5BGdpIIyWzxt5OB0xWP+z/p8DeI3nEmZo7fOACcbeuSRnOO/Oec5AJqP4u/abfx3qcsTSoqpEQBu2htoy2VI3H/AGgTx3Nay5fYQv7yUlurv7OrT67Oz23fU9SLapc0Wk0k3om2vd1emiTb3Xfre0T+ALiK1XGpRBAWJXYNwPJwcHAywwxUhfx4HLaDaNZ+Ibe0kdSY3Zi6Ddnym3DB5BzjH5dcjGamq6l5YL3NwECt0ZjkMMc4GMdQCeRjrV7wncNc+IbRpHckqyHcOMyZVeCO5OOeRwc55ON4ucWoqyadvd29zXd219EttycPUk6iSd4vdNK9rx06va7sno/lf3z48tBP4a0DDSNJPFE6nZuQbYQDnHUAjuRkc18byWUjfMuGLFg4UMBncAD7AfePPbpya++vi5Pbaf4a8NMLaG4JsghjmQFFbZh9xA4wD7A5wMV8qvq+kyr++0aHAIYsgwGbcSdu3grnAzkFTg/3qK8G5a3SSjZ2s3qmtW9rXvdoUa04TaTd11vZJtpvrfS976fPY4/QrS4jvtNcIxU3EeQAcE7weBk5J6/UEjsK+2/jRZXN18G9Bt7eB3lLRjAHIxnPHPVlAPHBb0xj4xsrp5PElqtv+5txdwOsW77gZlHI55BPIwR17ncftb42393pvwm0W4tWCMGh+cYYEkDIPXgA8Yx05zUwuqVWLSv0T11XL1Selt7X09dd3OUpQcldK7ejS0UU3pfTrql7ytfqfBTeHNYWMEafJnDKfkyQvPXkcA9MgnJ6dak0/Q7+1mguJ7WWCIzRKXKADeZATg5z2OcqSTj1FTt4w1tAqxzLksd2I+pz0PHfGDj1571qW3ifUtRSK0uhCyrcxsSFKlV34z2UE45Ix1Jx64wppt3WjWmltdHe3RNW6u/RPrt7WNmuvL7t76fDbW19Ytp3d766Ws/qb4tuLj4JaLzIdl3CRGdxC4jOTwM85OM/45+L42WONWVv3nJwoI6DABAJzg9uSTk57j7w8bWn9pfBTTkYADzUVXUBiAACuSOB0I4HAGCAeK+S4/AokkL/ANoFQ5wx2HdyRyQCepHX8c9BWOJo/vFy2ulF2a2V4pPV2101W++y0qniKdOLUm3fXq0lePS+j5ldaW+RzWgTlbzeHIcqM9S2N447Dt1x61+uugeJZU8I+ALt2uUFlootjPGcOq+XwqkncCwOMDqM4OM4/JqXT30zXbS0jkWXc8S7wmC4LrkbcZOffHYDkNj9R9fsJz8A9ElsNtnfwGIC5XPmIQoAGefvfMBxzxwRnOGJwbrYHEU21yctp6Jxala70vfVtNbWbutT6PhvMJYfGU69J2dJuSte6atJWf8ANzbrXpbWx8ffHS88R6/4mm1LTrW+Fn5JtpGc5YmJuWIBOVPGCcf4eVaBc63bXIM6TJBsUOHQlS4OFyCcZJHBx65zk5n8V6x4rs72S3u9TuijkqPM4WQ5OSNwwOQAMYAI+uOW0zWNTkuxbyzySowUyF2AA2kE/L82CfViAc4ySeebB4enhsPTp0rctNRSUbqF4pW0V7XtZ6bK/py5hjquKzCvWrSfPVqylJttvmlJPVXSavZat6Xsl0+7dcluG+A9goBaV73dsMeSAdrZXnGcHOAxz/DyuK+ZrO3uNxjwqPI27DqFC8DpyxPP3fTnHrX034ln8r4A6VOhbe93HtcuAVABPJPoQ3tkDjjNfIkWpX+9ZEvo9wUjDEHA465xzyM46jgYAruxScp03ZJckb666qL66W13tfstUedVhKcm1J6p2d9Um1e13vtrq7aqzudvp/mi4tIJNpZrtDtVs5COucKDjttJyOnHTNfefiQzv8BtTFszs/2m2Pz5ChE2EgfT7u0E/KBjjr+d2hT3lxrFgZ5Y5N1yCBGASuPbk9s4PzHociv0X8RW91a/s8i7M8bLc3KMEkU4BBIAOOw4HPHTBPIrzMTCSoScduaPluou7TvffXdpvfv6eC51GELRty6u99Pdvu7etl1XVXPiaKa/DjY6lkVdxDgADAyW4wfbORgE+lNupJ38Q6S26NkDRKpQZLuXwSMDqDkDH1x0B5N77VwZZISjOWK5RDhgSOCdy5AHABGcDoTxVqwuNQm1nSXutyMZEGRGUA+cZBJ65YkDnnjivJjF3UdHbTybVk7aL7tOl9Dvipxg2+VNyTbSumrxTve3lfe76s++fib4mi8K+FvBlxc28lzLdacgiWPKlXEKlv73JBxySAOODxXzhrHxH0vVEFvdaVIkZlRtm/KykFSfMJ2jIzk8cknPWvTf2gd6eEfh7KryufsijOMoAYFxjA+UnOeh7HHavlXMZmgQRn946tMXJG1idxbPQknjH3cDpjOfPqYeE6vPJa3SbT1Xw2bTel20l73M0r20d/UT5aMVaykl63utdVZPa6TVtOh9Q/COCxHxD0SaxhkjjuHScIOFXgfIAB8yj7w9AR7rXq/xn17wfp+v65Y6jLdwa20QlgESYj+eE7A+M7QxCk88EdB28k+Bs8dx420JmLhYt8SsCCAVHAyOp287eBheBjkRftJpt+JWpECRi1lAxbsMYAxgDPOPbgntXPiqMJShF86io30bundPWVpNK7s/1Z3YVqMJNaXas1o+l9Nba6bP0et+SsvEOk/Zkie52yOFW4G9iuGYDO72znGMEZIz2+vv2eLm0nOtNDIkkUOzy33tgIqEgg4OQoyMgHkHHBOfhCx8N3V5aXd3FLFtATCsoEmVCk4UZyVAHOMdCAMmvsX9meRooNeiIy4tH/gxgJC6k8njJ4wTk4I6ivOxNKC5kpSTXL2103a2u7p6q7tfpY2pSalGyXK2/ev23a1et92rPR9LWs6nr/hFfGUstzLE8a3tw12wkCsCsjKVKggMBjHHI4IAANd/4h8baA1vaW+i6jALaW2VGZiCUUsAoGAcMCNoBIwewIOfiDxFdbNf1xSCkh1W8KHYT/y1YEZzn/ZxzgDkDmu00nX7WHTILeaINIIlCM0ZbLlwcHnA55/h59TwfOxGBXI5qU5NLSKtpeyfTW99rfkerQqQlNXfK1ZPlfK7rlv16631d99D628GXkM95o5hulYDxJYlpckLjzVIOTjgnGevJwcjBr+tT9nv9pT4NfC34NeFtC+I3jS00LUSHe3t3BkaaKQK3mLtG0ZyeuQcYwDjH8Y3hPXJ2ttFjhIAk8WaQso6Ab7iJSFZQD068DGQRkbq/e3xh4FXUfBvhLUZUtnht7KBYFnTzSGliTJckYRQR/FtOF3Egba/nbj7w/hxJilSxDqUqTqzqRdNK8mnDRqSktdbN3tvp1/YeHcZhq+BWGnOajD2UpTg+WSa5tm4tK93zXT02Z+2sX7Zn7K9zby3UHxY0krCQsqvuDqzAbRtAwMj/Edakh/a3/ZluSnlfF3wxA0xIiS4m8p3HJ3ElBjnk84xk55FfzuT+DNHhtpbc2ttDPNJgyRARq+CWy24HjrkAcrgjg5rzvXvCcDTQIJbRXgPlo0kIUDaeF3sF3cdyOvGegP5bV8CcFKTaxGKpx5YuKUYNdNXoumyur6NW1R9VCGCVNOOKrym7J3qQel1dWUVZbWvey2fQ/qKg+PnwMv4jNafFbwdLHuiUyf2lGBvmIWFfmwd8hIUA/MSee9eqxtHPFFPCySwTxxywyphlkikG+ORCDyrqQVwQGH0Of5JNG8GrP58dzchfMvNNMSwySqrkX0GOVfAPOV6+6seB/WR4J09rbwP4LhLbgnhfRk3HAY7bSMB8nvzkgbiMZ7nH5hxt4dx4V+pypYmtXWKnOElUpKEYqCg1Zxeru2nf7tiq7pUVS5K0qrndSU3HRpRa5ZK17pq97L8jTC9QefQZ28AkgdSeTnuM4FMMRPzcksPlycBW65O4YyTktxwcc5HOo1tsHy/MScDp6kEZzjcAQcjoRwRg1G0TADcCMY6jJK89Cc7RjIyBj5jjFfALA2tdNtWbb1d2o28rXv0XT5YqopaRvstWrNp7Ws2uV20t3aWl0UkiJ4J24GRkEZA7e3Py8988beam8tsZxg5IyVO4KOpAyPX3HoOeJjjHHPqGxjGQCc5yBk8Eg+uNvRG5zw3Uqc5JwTkD7oHB+YHHXqRgmtFgvJrolyry+Vl3T7qzaHaVtItXS32bvHvZq71vb5bkOxuQx4JwRgdOuRyeenqCcA8gZfGjEfMflJ6dx6ZGR94gKT7E+pMgVs5DYUj+9ySD29Mg9eAB25yFDEnL/cLYzk88HcVKgnHdsY7FhuBrR4F2vpo9lv012baVttFpuRJSVnyXvZ9OnLvZq3n1bXUcAMAbhgFVwAc/wAIBJJ2jpjvwcHPUqY9oJLHIxhVbGMkLkcgEkg8YOeBzzh/ygZGDnGMEYC465xyMdOTxk5xTlwq8DgkZGepJx7nOegyNucAbQamOAaa0b2u1bTZP1t03lbRtXM7puLcbvZPd3tGzSastlrfT56xAHJwW9iSdvqxIyDxwMH0PQU9Gb7+eARjsARg4z6epOAMk4YZqTIbAwMg45wOcjg4xz0Gckk9wcgPVFIwTxk8YOByOg9Oh4zzk4PWtoZXdczjJLfrpstbb3fy22vq+Zu6SaevW6+z56KzVrWtd6dRUbPK52knoMHPXOcdzwOScZAGAd0qnIAZNww2O/JJweADzk9W4z2yTSonJIIwMewxnPHOPbjuRk+lmNUIznkHuSoPfJGOuccZ57gGumnkilKLV0m04u3S0b9PJLu03pY46s2nqtNNG3ovddte7vaz2v00IRGcvwGQ5AG7I5yQcA8EAHHUYOTgCpvI55bjjnadp5yDuAzjjB5BH4VYSMkDCgnIGSRx1GSWwcZPQ4wDnkkAfnJ+1X/wUKT9m74k3Xwy0/4XXPjTVLTTLXUbjUjqQsbRftKh0hCFWDkKyh3z7EAjn6LL+EsdmU3RwGHqYmrCn7WUYvaCcE23KySV0tN09rHOnWr1FSo2lUklZXSvFcqbs2lZXs7tdltZ/ozHByTuxkc5bGe+MZIOAOvHQDjIBtpbhRk7SvQjGcDjA9T26Hk8A8Yr8GLr/gsR8SZGYWPwH0O1TkK9zraSleP4sIAcdxj0I4JrAuP+CvPx3l3/AGP4Z+CrNdyqjSXSzAAkE/wjc3tg56HivbpeGvE0kpf2Zyra861O7fu3duZ221elrbDnl2aXd4wXa9SzV1HTbS9tNWlbVtJH9By25Hzbl5HrzkdeuMY29FGSTjsaeLTIAD43YJxk5x6MccjIxxkZPHNfz02f/BWT9o6RL5W8KeAo3KB7ZpVRVjIH3CucyAjGOex7cG/p/wDwVy/aBjsmh1DwR4HuLzc5M8GI1RD/AKsIgYliO578n+Kto+HPEii75c9LJpzg76R0jdq/Rcuj6+ah5VmaejoW0etZbXV7+701TvuldX0P6CjaMA2QXAUnjnHRgTgE4J/DBODycVDbZ6ouSM9RgHkdCD0GOR6jByTj+fXVP+Ctfx6v7bS4LHwt4T0q7tNRtbvUbmNkY6tYxf8AHxYdMQmfOBJjAHOAcY9/+FP/AAVT8aePfHHhrw1rnwn8P6TaeJPElro4mt9bDTWtpcYT7TFB5eZ5A2CUyv3sAmipwDnFCmqlfBSjFRblrF25XF3dmrrlWun3WsSstzOCc2sPNKEpy5K0bqMbO/vW6Xa0unrvt+xQtiDnB27SdyqCOOCT07H0yoBPUmnCDHGScdiM/jjP6/rW7d2/lFAu7aQrjI6eYiyYLZOBtYjbkHliOTg1wqkA7SePmBx2zkj06g8qO3HPzeJLJIwlZtxdlvdbNbWV1ppd9t7XOCGKU48zata97Xbvbsl1a7tLoZTRMSAMkdyMNjp1B9Dnqw5xk05Izk5cjp8uDjuAOS3Qr7k4HU9dTyt5PylcjPHXnv0x1/3hyeRgCp4rTLAbSAT0xyQTwAMAnrng45+8Ca66WROaVryS0sla0dG76q7u76pddzKpioq9lp10V91rsru9n27PRlBY2wctnrtAPRQDyMkkHscAnnpxgzxxfL8rEFsdO2ASFGOmSSC2eeCd3GNRbJwQHAXHAy8SHOCAAHZCenGc9xgcio1Nisq25v7KO5ZmVbVrq2Wdsd1j80E43dSR04IBJPoLIK1o8uGnLVJXUl/LblVtX0W++l9L831qLi+VN99G1ZWfa9rXs7LTbrbV0VcTzEkkm1ulyTznyXxnbyMA59ewJAAH8XX7VEJb9pjx1bpjP/CYakfmbv8AaH7+nB57EYwc4r+x3XfHvhLwFaXl74n1WGxa0triSSAMstyYzC53rHGzZUZJOcf3iwPJ/i2/aX8feHdY+P8A418R6Vdx3ljeeJr6+thDIDK9rJcMqOVJypDbtwJDAjOeAT+0eDOUSo8QYLlg5eylUlXSd+RNw5Yz0vF+69HrdeSNsLVVHJOK69dSpU8Vg8LTw9Sa5I1JqpOTVN3XNaLvpdpNdT52+KCJda55LERPDAuDktlQxIDYwOSCRhQB07ivObVY90qljt3KzZGFJXgHnBHzDglcdGrs/Fty+r63cSW+4+dCjId0exRndtDZwW7Z56DnpnCgtALZ5JzsdHTKh03Y+UHB3YOcE8g5J2nJPH9wRjFK7StGySbtsl1TsmtPVeR+GSmnBqT53b4nqmlyJp+82v8AwHVacrdmQeFrl5PEVqqCOPbqEQBxywLgHt8uAOQeTjBGOvpnjbXJoRfWcbbriNiySeXkqm75lU8dRntwD7YrzvRUtbTWoLl54bWG1voppzLPErlSQQCAflxyRnI7810PjHxLpDag8kF9YNM8Lh1N1EwZGOQ5+bBJXOBnv/umqqSTcJc3NaLi9Pu5dLu17J9eV2vqjLC0+WUrJKySemju3pa97LZW10eh3o1+a5+EGpEsyqiShVWMKN6RE7sgZG5hnAP1DDAr8xNfuDLq7zKAiTg5ABZz82GJOABkgkHhuoOeRX6W2UqT/CC/G6BkkM6+bC6uc+WWxhSwJYZ5PQEd81+Xmv3U8d4BaTJGWluQWkGMDziF2nnPsCDz9K58HFwrVJLVykmlre14pt3adnfRp6rra9uzFPnp01ey5fPe8Va/V+9e6t20td/W3wj8lNH8R4WTzBodwxeQkAxGA8HJOQTt479BwM18oLq2n2eoT3M1y8TpcuyqrZV1WVskHoGOe/AJz0r3j4D3t9Mvii3vLo3UI0O7HlsqhUkMUgjLHGdnAbHGTkE9BXzJe6PcS391A8sKBrm52qQCAfMcgrzk98+vJHGDXfN1Oe9nFPSLS1StFrVrTXzv66W4OVSS5lFttqN9H0S1bS0t3vo3Z3VvuTw1e2OqfBDxhdJc/aHYo0bs5O1SpwrAgfMOhBJPHQgLn42u9ZurO2eW2jjBb5S4YOCRnaVHQuOCD159GNfUngGJbb4F+KtMYITI6FZljOXfaQCG+8RngcEgHOAua+QdY0S7tbqJJLzfG8Zby0TCRlV6MAAAzHG48dAVXGTXTG9oSulfa6Wrul131ulo9dkclRK8otK/okltbfqtLrVvt3+3NL1u6uv2eJbm5m3zu6BkCEsqROoUMMjAOMZI9QODz4Bb+IplZIJUkWKcZ3n5SidlXOMr9ScqR0FeyeFbVn+CT226Rokjd5grBgWMi9SSQMAE8nOO3NeEzJFJc/ZCiedFIBCHkXcseCA2AcYIHGCAeQNp6dsZ8rTbtdK/eySV9XbVLZXb18jkjTg+dae69NldNKWvm1dO27dux9VM4uv2brzbIrB9UcxMVJxh8YGcnPYcbQRgHJr5atLOCFraQIBIykzErhfu87mzjPfOADgHnAz9dtGtt+zSbPbE0r35kk8sKsio7L2IyMjjB6kE84BHyxbX1gsE0UkirMqvAqSMAJAFwd2QMH1J6nGCD11rVYtU/ZxtJRhzWet/dd7teX2t7vuznw9Fc1Tnmk+a8LtJJe7fTTS8fx27+vePp4F+FPgyZ5NxF1IoWPhR5bfdJwRyCAWx3HGSCPC5VtZrdZ/NKM4BcksxJZ1zggg5XPXPfspwfWfHNxJJ8JfCKvCi26Xsqggj95uYZA9skHIyMnpuwK8MGqxiFLfahkBZUj3DlRtbgAdAACPfBOCMlVI3SdrPkjZ/C+a0dNdL276u1thUXGPNZJpN3WutmvO+q2snfXRan1r+0LZWMXw3+D8ZnZ2k8Pl7eQHcFLLnJUDkgttPXrng9Pj1LBbQb1l3yxSwCQ4dlH71DvHAxj+JeSD1Pr9JfHzW2n8FfB2MAJHFobKvzZXK4JyTyMY5BGMDOD2+bkuJCwkzv86WHcigsAPNToqgE5BOT2IyByBXPG610k+q6atWa10abtvfra1ynWV9G0rKzsklvq1to72WrvdeZ7P8ZorWbWvDsfmtM0vhWwAZuI1kaIYJAO0gcZwM85JODnnfhnKmneItBsZJN2NatjMqfcKu4xu5yPRemCCTwtavx3lFprPhx1EgUeEdMJVRtCt5YB+XqSGHORnPAWuE8DSSR+IdHuhIZfNv7NmIGSCJRjPbA79wccc5qarboz3TUX1Vlsrau9lb5J7WevXQmpTpwS1TSe92ny/Dff4dH567O3pH7U8NhJ8UrpYwmJdJsirKcENtUEA5PPODjaAcMCMDNb9nSJLfx5ZQ+bIEW1lAdFOwBkIOAM5PHTJxnJA4rn/2m7+4vPitcYYJs0nTtuRs4SFMfM3oARnrzgjvXQ/s6XVtbeOLO4nkBENnKZFlbAZiuAAePm6AHlQR05FY4OalRgt5KL6WVkuq3t1SW9tEmjbF2dSppqm0tOjtd/LR3v1Oa/aQurcfE/WY+TGq2mC4IBYAAbc9CeSDj3wV4r2n4bapBZ6PpU6/unZYAstvyQwbq7Ads4AJ+nbHkPxxtNP134v3onaSKG8e0RgSIo40yqglm4wQDjH97kYANfTvgbSNF0fRLewSO1MVq0UyGSRJWnBXGOfuHPzKBySSMHkV9lksr4au76ShbrbSKdtNUktF1+8+IzNcmJp3j7yqJ+aV4tNt6Jb21WvZHz9rOrk/FLX7l5WwJ42OCQzgKu44I5HPTOfccV91fA7WreNNOmD5We++aNl3HBBJHIA6HoD2OD0z+fviiV4/ifrqpAqJNPHlCQpSMKPu56DGPTHOK+2vgbf2cOraFpwNtEsd8kgMsqFJGC8gHOMdQSo6ggg458zDOMYYlLvPVK9tE09dbdWrW001Z7FWcJKhdr4VbXq1Fx301s+11bfY+QPiPfr/AMLm8SblQQN4hfyhtI2uZiAFBwQVTnAzyAMDkV9Y+Er+SfUbSCEqUt9Jv4leXJIeS1YpwcHcSWwMZz2wBXxj8X9UtU+M/ieZmjihi8WOxw42KEmOTjByueR2+Y4XPB+iPh74qstVnvLxbiExLLJbQyRyZyptyDgZGMYOPdQOa4KDTpV16SSe9rx3XTpa97XXay6KripUk/hfKk218Nk+3ZK2mnZnkuj+IUg1rUtPlkkVo9QuH3KRjcjsGVVH8JY45HOB8wBFez/CXWRqemfFpnyBHoN5tMY+chYyBnjo3X64xXx7rutQaJ4g1SaB5GkGqXaFiTtbfKwUbjnAJz8oGBjp3r6H/Z71tTpvxIUGEyXfh29yBgggxktwCSSpBHByelYQqPSEls/XR8rintru9PJqx6rp00lUildON3azesLdFfV2du++58n2+q3umzzyQvOib3ZX8w4ZzIzbCDkjkDA75PGOv1V8BNVu9VsPiDJMwikTwtcyNHzu3eWQpzztz1IA7HjPX5PupYQ7MFjYJcTqw34DMZHBODwNvrnaSAAepr6m/Z9vo7bTfG0UccMzXXhjUELkg4VUPGeSu3gYzg47d8aXPNyjFJ9LNK2rTvo727J6/gbVHShq20kldrz5V536K+/fRpny/NrGJ47bewle6TeysXKgynlhxwBnngc8Y6j7/wDh1JDJ4E8WbVgkMGgrIrnaVIEQZ22kfKSOc/3lP8XFfmlNdXFvq9yyQxvmZhuVVYYSfA74Xbgcegx2r7u+Bt1cal4H+I1xLIFji0CVApO7a6xHDR8AYBXcBkYUk+9dNO7q2vZJLVJad1d3bV91007nJK3I3pytq7tZ2XW9ldvd6JtWsjyzRNSQahEUA8o7UJYggO0hU4GCOR8wBx09cCvsPx1oVnafCHU7m3jtppx4ca73OsJkjYBCShKFg/JXOcgZIJr8y9P8S39rqipHLvhjmUkEEoCs3IwRwADyPcDPGK+59Z8SXOt/C3xH542fZ/Cv7ry2J358sZZQdowOCCDyvHqXWm17NRfuqS500l1itLN3T7K33K5goU5Rn8XtFbl5bJ3vBvo1qtdbX10W439m/wAL6v4/tLgJo2lahHaQoghkgiaQp/z0kJQhQAvfqDkdcn6B+O3w70vwh8JdS1Y+EdDtNStlgCOtpFIxLErvMYQElgD82SOGJ4+Wvln9l34+wfCuG+0+Pw9e6vfX8SbbqCXaYyODG6bSCBuz2z05Ne2fHX9ozVfiR8Mtb0S58HXOkQ2rW7y6vJLuPlIS2xYwvVhgHkAHvtJry8ZVxarQ9nphk05ttNtKS0tum9dNFpo7no0YYWVBttOvq1s0tVZb320dkru67M+XvhMia1r8EN/4a0a8inf5reSxjwQy58xVx65xxgE++D3Hxe8Kac3wz1nWLfwxo1tJYeIEsN1vZxxzJGzFSrycE4wNoJDdBu71wvwQ8XaZZeKtPnuBc+VEqbtqlgVVchgQAOQTg5PcH39y+M2uaNL8D/Ey21w6XWr+L7e6swy4/dI/7xJMkc7T+vOMsCV6snRotXUXJN2WvK7NXa0T0St1u0tLnoZbToVHX9o05Ri5RXdpJq3S+iv6vqz4V+G2i2XibXoYb/TFaKMZAitNyDy2UbZXAIEZGDnIxjuBmvr340/DjwVo3gfw1e6X4X061lutQhjmvobcRtIoRA0RY/fBJ5IHfpkCsj4Q+K/COnwQ2726QmfQmtphFZqJnvX487zcAgMRwc44POOB658cr6wf4W+EBNMwRNbglaNEChI8DAOcgsFAPDElskbgARxYio0qDpuSTk1Jt8qk/durJvTfdK7SWl2z08LCDw9Z1LNp+69GrXjZ9bbvZp6dEmfO/hP4b+E9R1C2j1LQbbyWngWOPoWSXapZu55+YEjleDnoftn4afsK+FfiRfazb2Uljp9ppjLI7xxo00SGJX8pBuG44OOG6jkCvmr4f3dlqniTRHtN89qLiFZgxUgeWfukEg5APOeuc4yCa/RP4OfH/wCGPws8XeLdH8c65Npsl6z/AGeFMLG0jW6iFJAOwfoCB78V8D4hYvPMLkk6uSTqQxdOUPZujFzlZyhzO2t1a+6dk9rHvZHh8BVqqOIjCUXe7kkl0jdave/4ab69Bon/AASR+GmpWnnT+LtcE1xbi4iEEKk7QWMm1RnAUcg5PT1NeU+OP+CVXw50T4d6x8R9I+KFtqMGj3s1lP4cv3ht7tmjbYdsm8uGDAthUJIC9RwPuPwp+178J9IV4ZviDBFNJp9yYXmul2RKwkdI0+bklcKOhAPYAGvzE8U/Fe08TS+IJh4jaHSn8RXl2trHqJ2XiNcOwmkhEmwfK24ZGPmxkZ2t+PcN5n4mY2vVqY7NcVSpUnRkqdTCwUZxk71Ka9yNmla/m17y1t7WZYTJqNOLp4ehKUtEk7uLaTfNyvS177d3fQ4lP2Hfh4V0uA6lfG41YI0a2Myyom8AjJx/Cx567jyM4OG6n/wT78KTzSPYeKb2L7IwhmjePzCrMdo3t8vAJ7YHGM9j9L+A9e8PsbTVDq3mrBbwTWkAuFAjRWAk4Z+rAZIAGc969Y8N+LNKu9P1XVkvLV4LjUnZY5LiIyM0bsSpUOSdgAzn5TySSCQft58U8S4fmipVJ+z5U5SpfGlyt2sndJ2v66efzVTB4XlclBLnu+X+XTSzV72bXZ66vv8AnS3/AATZudW1Q2Og+Kr3UJk2mUQ2W6OIP90yMGG3rjIwRnBzkiqmof8ABLb4gWk00dvrKy3EMg/0aS1EUzknHclQORg5A56dK+lvG/7TeseF/GOrQeB9bXTbQJD9rnVVczzxtlkRtrqFRlGG9cADJJPZeAf2+fF/hvVoZfF2hp40sL65tzJcEJBJFEpwRlsl8BSTzyeuc8eVjeNePqdT2mBw+EnSaTca1OTmotLRxSbu3p7uz8z1sBkWVVKNOeKrVacpq7UHFv3rKN0oymk9NUlpr0Pi+6/4JX/HuLTHvbPRby4iignu5PtIFvG1vCpd3jfneNicMV5I7YxXzhJ+yHrlwTG+s2ttdJJNbvC4LeVPAzJMrMPvbTkEc55OehP9FPiP/gpj8MtQ8Fa3YQaRrVjq02kXunRQBVW3Sa7geKFYmD9ELZOM+wxzX5n+HtUS8sJL5rSZ7ie4mv8A96nDC7ct82RuAbdk8dcnk8j7Xw84i4i4jrY2HEeEpYKNL2UcN7JOEptpubcpSbcVo1a1no7204c9y3A5bTpTwk/aubfMpvmsly9rdL9Elu1ufm3qv7J/imxilmh1XTp2jUnYCFPy/KRgkdf72SMnI6V57ffAH4hWiu8UKTqPnxbuGxnpwCTk5yeo545FfrffaRdzx3802mAyzWUjW6xxmQBiC0Y2jGScgt7+gw1eW6LbyXVhcJ/Zc1rqCXBt5ZbtHWCRjwxUEEfIQPl+mASMD9aeW0pSjGE2ultXdWj3SXn+vQ+X+sxgk+SFlo1FtNaK99LXsttt/n+V978MfHNihL6ZesQdrBI2I3jILdOfcfdOOCa5248NeKLJwtxpF+CxyS0D7QOcA7VKnpjPY4wBnj9WPEvhrUrSO1uIBG7RXnkXEAJCStKCVZUKAFVGSSAwxjbgA45q40DVY/EdrpUrWhgljjmIa13KrhQ3kiQxAswOFYKT2BOCa4K2ClCoouS0Wzd72atfvZXu3a19QjiOe0orRKzfZrlXlZuyu1tZp6LT8uWh1KBmiuNPmgQsAymGRWJwTxlc4BOSOMj5l6io/Mjic+ZGxBbJypUALkbTu6bec/Mwxx2xX6i3ng6a9vBHqGiaPLHNNLFbq8SRuvlEgyOMBsZA4A656nNef6j8MvDtk8/9seF7GdrppRaG3YqzbWAYIqgcEkYXI44IA6edPDVG9Jtt3SurJJW10ezV7abu6sbKvZJzu0mkm1fld1d62Vnp6eR+fLXdmTg274Y5JVshuCOCS2QRkkAZzgYHBML3FoSQ0MygZCgMQMHGB0LdO2cHORX1jrvwg0CW4uZhp8+kxwIrLbl3XKvjoSoXOP4c4X5hnoBgW3wZ8P37FrR7/wAuNV82RlJQPwMAdOMHnHy9PWvOqQcJOMpNNWT1bdtLW7q1ltfXVvZ9cJwlHmT5tLWs99PXTVvV/wCZ85wz2JkCnzQC3A544BOCR+Oeh6Z4Na0M+nb0Deayl/4c44zj0yR0/Dn0r2O/+DOli6+z2moXKlHUTeZGSEDYwQAcEDqccAEcd6afguySMtvqYli2k+bsbblckgkZGADyc98ZziuaeHcveblZdrrtvZrr1V7Xet1rosRCyTlFWlo7p7uNt9Ek1v01a0d15fDcWIkYKG2uQC+Rg7QMZz8x4xkAMMYz82FrVju4I2ARhtLE/Kc5AXIGRn5iSTkZAJBHNelab8B9b1OFrjTbiG5QMUU/MHeQcHbxtPqT19sc1Un+D3iLT3ZLqGRBGWAYIwVio5IbBwMjkhSOw4rklCUdI83Kr31Sitrp7932NoTpyu3OPMnbdafC2r6dHe3Xyu78d/aMbMFKjaGJO4gdDgfMM8EYJxwQfTBNpdRsyyqEizu+8csMNxkEgYx6DuOK24/hvr0z7FQSZGdpbBUngZG0E464OcZ7kYNtPhX4mQhRbRjepCcffYdQM8E+gyMnrwQayc6kdbXejs9mvdWlrLX1v6WRSnTjb95p0T1d/d66ddu9tLtXdWG60o43LExzkkkAtnjGBkc5AbnjIwe1aUCafKxcCLawIKlemDwQfVjyT1Bwc5HE1p8KPFDPMDZgPEocq0gj98qp4x6c88jjBz19n8E/ihdQxvZeF9TvLeTBgntbYyJIpO0FCMFh1wRwQT2FYvEyTelu95O19Nru/T5rSV9UdFKmqtmnzct9m3FLRWdnta+iTTu7p6o5wWWnThSGESlsbiSFOBg4AI/DPAPA55q5HosGR9mvTHuOcqTuPQYBJXPfIPHXoMmu6PwC+MtqqRP8PPE0keDJ5yadNIFBAyQw3Z7kc5UZ/hGTxOq+GfEugXH2HV7HUdJukyzWt7byw3AUZy3lld23k8gcE54BrnnipWSdlotbyT+zb8bbPVbWOinhYRd+WXNdJp3jyv3fhbfd30d9e2qvwaDeBt0WrNubHO8kADjIJIycYA6DsCCavxaRr8TB7fVSSDkgykAgE8EZx2yM84wTxyeUR7xVCrdSLjJ3FXB45wc4Y8joPm7AjANWFuL5iV+3H5VwMlgO2du3r/COcgY5JPI5/rmukn6Kzv8ADd6PW17662vudKoxS+FJ27xS3XK/iev8rd9vM7e31HxhYykpqTnjACzsqkg9gzE89yc9xxkmtmHxx41sWAN5MQcYJcvtJAJON3GSMdMDIPcCvOIrm8ZQDdllCsQc8bhkDaedoBA5AwdvJ5wZ1urtMHzuSuDgkBucgcsewHQDueOlDzRRtzO8lrHfTWLaXK+na1uttbgsPF9OVf3bK7dl3v362eyurX9ht/if4ygkIa7bG3+MAKQeSCDxwPunPPPTII27X40eLYJEBlTaoHLr97JHAJx69eR3zxivE4765kLB5QuOoPUY4AJHTK5O7ODgDnPNxXMoHmIjoSP4irEAjOeAcEZGTgDockGsp5zJXcW4pu7etlZrTS/6dfQ1WHg3vdpuz12dr7arbqnprp1+lNL/AGg9at3Um2ikljB2yL8j5GQCGyMbT1PPU45GK7fTf2pNfhlImhlmYR7MtKGBHOMKV2/iD16qRivkq0W0Epd4WbaDxEWHbKjOCdq9GwxBIPI/h6K2h0ooZJYL1WJ2gBmY44ATOB6dM44AJxWDzusnpPRNN6X25XK+7Te/Xo9LopYKD3irt6W+Xy1Wvz+Z9dWH7Uk7r5Vzp0Ui5ZmaUKS2c8dPmBz16c9Ccmt6z/aB8Mak0a6r4et/IUuMiNAQ7DqMc884znJJNfINjpvhy6ZgRqRlH30jglldQDySsak4Bz1HGc9WU13Wm+H/AAa6qJ9Q1GML8rq9ncI6MrZPBXqfTgDnnGBWUs9ipfvZRbdk04u9k4u97dWvlv2Z0Qy2btKkmrWtZ8q6aW6vRadrPufVcPxT+FssiyT6XCI2QbnSAFgxGApJXsSeMccjp0nh8X/CK9ujvsPs6qgPMRVWxzkcHLN2JzjkcZArxKy8MfDCaLfPrWogL122sg+ZAOC20Z5x75A9q6jTvD3wnLqDrOpKCgw4ikGee/yrjcc5GcfMehFNZ3gVyucaOqvZxu+i1tvta2120illWM0tKa20cubR2slo+630tffZ+26fq/wfLJKJGtwWJyfkIVui4bHAHfOR9eT2umXPwnu51Kao8SFABukRQSOg5AHA4GMHkdgTXhEHhb4X3MiQpr2quqgDaIXJGcbeBg5HGOeSSc4znpIPB3wxM8cI8QarG+BxJBKuAM5z82SOh4AJII9xnLO8uldyjhkm1fmavZNJvdPS2m19bO5pDKsffSdZWtqm2vNbdPmttT6WtPDPw9voC8GtBd5BUu8RP4HI7D5T+Q9Z5vhloE5DW2qwoCu0OY0C4dh0Jy3X05HTvXluj+C/CE0Il07xPeskZGWFvcEjbkksRuAUD7xJwozlsnI7BdB0qGOM2/iq+O5CUMcczL8gOVIxgYwMggAc45xWLxmUVo3SwrbS+Gav06tu2itoltbudKweZw+J17K28G1ut72XTfrpfS5r3XwbDqWs9Xs5DsO1SoYkn+IA59QO+BnIyK527+CWvhTPaRpcOFCjy1G1s7iBuHXtjoOeMc1Yuf7RtY4mtPEl823lR9nkLFBjJAIBPYglsnB4HbIj+IGu21y9nb+JrxZEbaQ9s4BBHHDD72TwAQRuHysK8ytUyuTspQjfRpSjK7srWd/n566Wsjvo0sZtJN3SsmmktYq+/wCultXcwtT+EXjOGLP9hztlTho4C+SFwfm55IJ6+o9QK4C9+HPiS2YmfRr6KUuck2rqBt6kccLnqTjpkHpX0Po/xf8AEUMkVpJqEupyySeWkZHkPuzsXb8pDBmBHv3Ne5W2t/EC4shcal8PNTuoZPLWKVFUkgj5TygJyCowduVyccYrx6tDL6jdsROLtfSKaSdkn7tvVPyeuh3QeIgkpQvfR3k1262ei10d10Pz2fwZqMJZri0uAxUltsL4wAR/zzH1zjn8DhqeEZGAzA6B+QHjbJHJOMqeV7Hv6cV9833xC/sx/set+A309t4TzrzTw6gAZUklADjOAP581paP438D6iR9s0PSIdxEaCawVcMcHfnjAzjkn2J+6K+YzB5VR9pGeYU6dSMW+SonFvRSS16a7b7eR6NF4+SXJhqk4ya96LU0tFZvVvrZpO9n8z4Et/BksjDyonLY6hS4JKj2+U9TgtzjI9Tu2/gG7kKJHBKDt+ZWgbg9eWC8A9sducdx+sPws8AfB/x34hstNudTstLkvnQzLZQLEI2DE7UDNgjbyRwSB0r9HfB//BPf4ceJbKXWPD/jGO6hRtu6SwWWPzF4aJsOdxViQSucnJwOh/LsRxTlc8bPA0qdatWhzP8AdKL0S96ScpJNNa3Sb/BHZjcbTyelTq5hUdGMlFpqnKaUm4JJyjGSTadrebdup/MaPh5dAHdAVcHGChHHB4yoAAORnvng5OKY3gG9GSIZcJ1HlkBuwwQOR269h17/ANOWsf8ABNm3m802ms6JcFySu+xEICheVAUkZzwO3QkY5Hk+tf8ABOPxPbxy/ZrTTL0gMIhbXSoRnoSjKcYznOce/Brj/t/LpSSm61H3rN1Kb3Vna6VutnfTW17bZ0OJcpqKPs8fQk2vhnLkey35lFX327PbS388Mngy/QD9xKuACSY2PJwBt4yB04GR3xwaqnw9fQllMMmQeQV4OM4xn73YYAPPFft54g/YW8f6LBIX8H6jdY3KPsmJwWBJLDCkFRnr6HbxmvnvxH+ztrmg+cur+CdahSBWaZ2s5gBgHBBww6Z6EjkdRye6nicLXSlRxEJPTRPWzalqnu9Vo1fdt339ehm2FnGPs61Kovh9ypGV7tW1Te11ZW1tppZn5jf2TdLwbd25BGRjaOpI9OmeecnpyMRnT5wQPKO3OQOQfRhuxyMcc4JwCe4r7b1DwJ4QsI/N1WO80pWbZ5k9u/lxsCQVYEdRjgHnk4wDXH6z4a+HEUeLfxPFJI6BogkGMf7J5B3Hg4AAxlsgFQZrVJU4KXPFrrazve1rO0b7t7PVvrv6FLE89lGnUim1d8spJt8qV3a3ltrrqfJbWEhEjMFK44yDlMHjHHI7HgnGOT3pPbOrbWClW49DgAn5VHJ9gM9PlzmvZNX03RkMiWd2sqx5X5VUeYMcHjOSeSuARwCM81y40dJvmXbtVQVODlT2ABOS2PlOeCT7Vz08XJpNPbRa9nHTX16bW08upRk1flduvuvW6Tuk29LPa1vxOPt4SXAjDDLDbtLDBAGMDvg4JJ9OODXqHh+wuIURjdTAvhghZgM8Ajgn/d+gbaeONHwz4UjuZAzosuCpClcEHkbsHvnnr0I4ODj2rR/AIkZQA4Hy4Cgk5IGApAHyj+IgHPfPOOqnUqSbnKpyx2a5mm9nr6dG1slrZI5as6UbRcV2slzbct9Er9dUtuzdjkbAXUboq3kmRyc7iB05zzjB7Z7dq7LT5r9XKfaJXLA42hs4zwWA45/T2GK9N0f4XSykbVO04BGxt25j90YGOR3bdkjjuB7Z4X+C3mvG0kSk5XIaPuOwBBBIIJALYJByc8jixma0cKnzV2n/ACxmnfa19d3ZPR2slddDONNVWmoJJNXfKluk78zWvd6e6rbnlfgmx1K8uIWYSvgqvKnbtLHB3HAyBgEgbgPccfcngHSZohBviOQoYnk4IwPvbSOMgk8j0zji94Q+FFvZCL/R0XIGWEZx656cnOd2SOvuTX0t4Z8CrCsaiFT0AJUg5HcgdP04AHPFfl+f53VxknGn7RwvrzN3ktLXb6X7eXYU1Tw6cpTgtb20sn7uum33fNFzw1bBY4wwPG0AkZAJxnqMjA4HTPFe16RBkL8o4ZQex3dzgDB+XOOQTnPrmrovhQRqhKjcG6lW5b+LGBjIJzwDyMkjnHqGleHCNo8t+FX5iARkHPA45HGThcfiQflKFOvOXM0tbNKzW7TXR3Tbe1r9LbHy2a5th6akvaRbV9b9uW+ltFe6fdNaaGtoFuWZQMkDGCrcheh68ck/QEtyeRXsumobeEMwBCoFCnHBBBB/utk8keuD3Irj9K06OzRcgF1xg7cEc5z1Ix0xkZBAOF6Hea4k2KNwAGCQvXbg/M/9BgdOWJzX1WExiwNG8nJ1LJWXR6at9O6Wt799/wAlzjEfXq7VP+Hfdu76O6Xna7131bStfRk1BssSg+XGBknBJI6dPY9z6DAqL+0ZAAuzKlRwCvqcnnB2jpwcngkE81lM+cZw3Q8Hj/ZHTtxgfT6VExHLYGeir0HUc8fePHcemMVnHNq0pNym7Po0t3y/lZ6eWl7o86OEoqKvFXuvNfZvtrvrftZ3ujdF8uCPLBX3wx46seM9euPTPfiKS7tznMXDf3eRj6AgjOAcHHUkDGM425+FILDoRzz8oOQccEEZznoORxyEt0XAyCAuOV5454BUEHkkYAyevNPMZT91zTtZ3cVq3Z6aaeXf1YLDwjZxbS025krWXn5K+yW/TW+80HQAgcjjO3jPQdcDg5B55PzFhmAlCNoJJBPQKAM9c5weB04PfJ5Wq3I4IwQSDjv1AxwQAD6d26YPLAxyHO4nr+PQcZznB5yQBgDjIxm8XK262bVlpZcru76Wd9bXXW62VcsU/dbastNXrpa7eu1ou2vS6aRaLqqlhnocANjaM4PT3GSM44ODnBpomCrkHbzjocflnPI+mM54Iqp5hYBQBhew7Ekde+R784yenVS5HYsR2OSp6fl6nHUjoBgCFjW+i6X3t9l2snr6ard6lODTsot2S6t32vaz2dnvsnrvYsrc/wCzk9Rz0AGcd+MHJx3PBOBUizsA2CB0GMkHOT05Oe44IHrnkVSyGXI+VuSAM5IyCTjaw2gDoc5ODjFP+VmGcjIzkk8AEY4AwCCRzlieg6cr63CXKnzaK6V0+1r9dle/+bG4SttbZa3TfwpJJrV6vyjs09EW/OO0/JjB2qPvE9CT1bIORkKegOeoBa87c7QBx1OBkcnGMjJPcYOSB8uM4iXO7ABOV5O4npnjoMAkjqeTngKDTG+b5eh6sc9sE8deMHHLHJOD3rOWKVtJK9nr8l5u13for2vurg4ctrJ2vbl1bteNr+fw6Oy95Llu2J5rr6ntgDnHU+pzxnjHIHHFSLMx2sf1OOnBJ9MdcnnqSelVAJGbYykc/wDfW7+E44HcY/mNtKQRnP3vTdk4UnDH7oIyTnOcZwc9Di8V7tpNvZ3WrWkXpolbbs1f5mqpcz101V31tpeztZu2vXa29kTvcEhfmKndgjIPHH97Ocjjnp3BPFRGfPJfjtgZwcc5yec+g/wNViozzk5AIwf4sDIz0x7/ACnoOlMLAZBUn7pwDnntxjryNxPQZzmsXiY9Wna1+brs9nZP7n011uP2N7WbaVtOXXdN7q/dXtZ6N7tOcznPA9TnOF6dcY4OO5IPOcCk84gqGA4yCQOeRjgdcHPUdTzx3rlhkEr3IznlV4yMdwxAAGOpI9qkViTyBjnB/Lj9R6Vn9ZXNfSMdGoq/lve73ba+fRB7NNWS1dldO+l0n5Xavy+7eyTdm0iczv1IbI6c8dud55H+7jnkjpgOEjHqD3PqeuTjHU9O/uegqq7FSMZI5yeccHj36kAdz3BGCQuQchSvXjuCWBGeoODgt6/jmpeKu37y063t2bsnppp/wLlKkot9m9tFZq2nM5db3s16Po7G9iMYPLNxk7SAMcDpkrncOeDx05TzGyB2C5GAcDOFHPoCCcc8jpgiq+7BLbsgE98c4+ZcHJGOh4J9jSeaxHQk5yBk7QOR2znoTgcD3JFSsXG172u1ZJ3f2Wr9ba2WiSd2ilTuk0uqeyvdLrZqzt11d7XuSOzHaQfu9MYH8RPT6sRgAdfzPmJxjqMgnnk85yOAME4J69aYrA54GCTtJwMjPfAA4wO3I2kdc07JGQVOSQeMcnBPfsTjPPAGcjoT65DROV77uza6WV1t2enRaCVBpxtey1S0393XV31srrXtp1f5hPbOM45xk5xwRz0yeOAeOmMBY8ZOSTleOQSCSD6beg5XOQegGa5Y4JODtxlc4B3HOPU44JOQcgE44y/JJ6ZPBJGDuODjoeMHOT9cY3GqWLpWTcvl16avZ9NvuXbZUpJK9/V7a67pJfLWzatpsrjdyTg45IAHJJxnrnt+nBHINgI5LfMB34GMemPyPvjFOJAwCBgDBP8AIdye/HXnvSKyjOQSCO2M+vPzdR1Jx1zjOSa0ji6bdo1E7Lvorpafy3a+9pdLsLTWiTvpZOy35bb76/hZdbCFASACxBHPQgDjLdOCRkDPX/gOaPLG4EZwRk5HORgc9unA7jBxyeJAygBsYGCSMHjIHTBORx0xznpyadlRtI3YJ6ZPHJPXjI/u9OmemcaU8RB+6pWW1l1fur00ul06at3L5ZKzd07O71vry6Xb3dummmw3kHpn/Zzj9c8YHbHX3qZVwF47blwSCCcYHGR0549x3FRtx0zgnJyeB6H0/vfhgduHq+cDByCASOcHkL06bh+OenGa7sPKLdk99dXpsktW91tfWydu1s3FWvq7uzVr9lt26apaW2LkTsHVcsBgDO7B77jnvjAznGScdTg+W/HyVY/hvdlj8rahajrjIBLEc5OSc8c5BPzYr1OEgv2PB2nHQ49ScdcAjGQfWvJ/2giv/Ctbjd1GpWy4PGQCSPXJ4Py46+uM19dkyfO7yvzQel72vGD66ro7XtvsRlqvnGXpq7eLpXa6tSWrskknur97O9rnxzoccDrqMw5aOXQcZO0EtI5OOQSV46AA4Zj6n0a2uFbxp4eRFCyG/lG4DLEhF5YsT8w5z0PQ5rzPQZ7O3i1BnuYIy7aCwimlVHZUlfeV3c4QAgsBhd24Zr0hLmxfxf4ZNtcWjTNflgIpVkJjaNcMMdAe5znkYzwa9mdKpPEYO8n/ABaUb2toqiXMtrK1t10TtayX6jiHNPEJxbXs6tk00rOlBK/R3u9E+lrX1Pzs+KNyU+PuuqTuP/CU3CkHkZITr7ct9Cc5x0toyTa1fRtwrXIAAHUMec57/KepyOozXI/F+/lh+PniJVXcw8VS7sZBblf4u+fTvx6VVfxNcWetaqGtN7RyxuZEYhUQAZ46gEc4A6nsK+qjSUYyj7zXPJvfW8lZavV/5tH0dGlfDYZKy/2Omkm7WvGPS+uj5bru3e1jvPEFwI7uGEgGJCQGfnIMe3jABJx0BAIwe3BoRwPbabqMrbhDE1srugwCryMdoxyRyAOMH0IFee3fjZr6dHns3fZOEX5yMKVQZ2kBgcDG7B2/Tg9rqHiy1tPC2oXMsDvA91axNEHAkJAQg468E4GME5PIJJPsUFGFGCTak5w5W0rq7WnROzWurbvZ+fLKjVUlFx1VmrWla/KtXe2+rb7X2Lazwf2HrO1pREEEcTdOW6lCAMcjBHGT1zVDwxGqW7rErSZLhiTxymOMgnPXoRgcjGM1laF4nttW8N62r2piW2UhC7kDbkuDwBk/NgnLZ4B6E1neD/F1rdz6hZJBMv2RS4MROH+Taf4Rgc7vlz69SRXbOdNVlzJJtRSe9pNK8U23ba6bs7W2RyqFZRqaNSU9Fpsnd2fRaOySutPl1vxiTHgP4fwnzFMurXZkIOeCmDuwpXkEgHg+uK5X4F2x/wCFreFU2nZBfTHLgHGdpGc428g+38IGAK2vi3q1uPCHw7kfzV/4mk7KpBIzg446ZOcHOSc4yTio/gbqkNx8U9BgS2xKb2TczEE4Med3HBBGB1wCpzx0mDvWp8jfKpQs7N3SsnfS/ZO7SXUtqUcvqJp6xqvv0dk1a2m72s1ez64v7Vplbx3f+R5ZDawpDE4GUgBBJ4AwBxnoPbGfi34mQxTPo5eeEsbKV2jZ+eXA+Ttg84yOAccc19e/tVXJ/wCE81GLYoV9bijJ3HAEkG1iOfQ+3bHFfE/xOsQbjTVjkkCx2kkY8vJJG4HBJJwMjplh361zY1ezqPmsm5S5tLyjG6cdLr4rWvfq7re3q5I+ehhk23amnF76qNP71a61TfbSx7p+xJbhv2lPhkkb25X+05cBXLyH9wScEnKkH05HJGAQx639vXN/+1B46kiMe23sdPtwXf8AiW2UHAzjPGQpxkjqBmuA/YHsg37U/wAM1xKT9vu2yzHHy2sjcKxGGIbDHkEkkDHFJ+23dSXv7S/xO/fGNob6JAUzn5UOFB3cYA6YyOMZPI5cE4VMxg3G7S/iWtd2TSa6LtfTXeyRGJjJZ9rL4MtUlGytHnrxSt3vyPdPXsfIep6FqlzNIypGHCMQ24DcMYUYB6rwQc5xnpjFd78Tbe8n8OfD61jVGuINEmSYg9WLK3ABwcdMduhzznzXVL0W+S1zcFyoAKyPgjaflAz0Gc8dfT07r4qxJF4Y+HksN28bzaNLO8hyG2lhgkk8kcgjGRx65r7JKCpVObRcsU0202rwtonr2uuvfoqs26+Du7vnktFK7bgtGnpbvbXTq7nDaRYatFDJCCqqsEuAyhQS4Kg43jH+1jcMjkHFemeLU1GXwn4OggVWnh064VpXcLEzZUkDJ9lGM5OTjgYrwC11O4BYLeXEqtDIpCyH+FWHUn8weD1YErXq/j+7Nl4A8A3S+YzS2d0STKRllbJZiWUsSCFwxORjvmlSjF06nLdrlirtNX23Wz626fmZ4u6r0b8ranZWvFL3FaLd3svn5Lc81fQfEE4aaVICu4fIZU7FgFK5BwByeeQeccV6L4stL6b4O6BpqeR9sTW52YGRQqrgAENnB6rksCcZOBkmvEIPFPmOlulq8gkwCfNcnnOWxkY5HIGT3wOcen+MGaP4L6DcRIyN/wAJHOBL5jeYV4whOc5+9jBwAcHHJrfDxjGM9LyULO92r3i9NtEraLbZaMqpZzop2t7WLbUZXbtZvW9lbVLVdb7HBaH4Y1pL+FS1l5YIfY1yoH3skFSeBzx75wT1r6BttDvW+H3jaIy2xnlm09IUW4UxAjO4OQFAHTksDj6Zr4+g1QtPG8dw4kGFwru7YVh1+YZ5IJzz1FfRegXQf4S/ESSSSXcs2njdl2YHkghiSVGfTnqMYxjenJNu1r8nnZKybW71WqtbfVixSXuNPRThbr9qLTvzO+12/v3OI0vwrrDyeRItqERWICXacHHQndg5468ZOST82ev8P+FtWstVE9wbeO0FlcICl0hP3G6jJOCeuQNpxkggV4FomqFbxXN1c+ScRsjTSKQdp+YtnjG0fjggnv6/4KmNzrNxGvmXEJ0a/wAK8zugZoz82WY8gDBwPvc8AEjXDSlHEUuW7d462dkrqz87LTrZXvezFiWlQqSc1Zw1ut1aKTeuqtdWWi36WPa/hTpM9nol6l1q+kWbXGoXTwl5VkLwlzgkAfe6989VLZANdVqNlFalbd9d00q7eY8sDfMqlic8FRjGMkjI6MfXwP8AZ+1fS4fEF7a69FHdWMQnjVb2VkhjnedgqqzHDEnC5GD/ALWOB9gavH8OL2/trC1i0aG+MSySxm6TDxfKW2Et948DAyTnPXFfpGApzqYXmlUhCKbVm1a91eLXl0t0TStc+TxWIjGr7kZS5mlaKT0uuZPpf87+WnxrpbmP4qapawanHFE7lhqDjK7AB/GxAIPQE/XBHNfV9ppVnPbM7+MbNidu5lKBkIxwRnKDPQ+oLV87aVB4bb45a7pt2tvHpkUJMSXMwitQCmAyvkApnA4J4xjg8fSx8K+AX89bfWtGs3lhBjCSecshUDKoyyEMf4fl56cDkHow1pQnzKL/AHnLdtJbp25bNW03bWul3bTDFVbVIWc7zhFu0bq3u21Wiauknd3t10R4Z4qtbdvifoNp/aaXQNqudSjkA8o7sEl+RwM5BJ6dOor3WLQLYDbL4ylVSFyzXS46kjqwIPIyPw6ZI8G1a20eP4n6DBK1tHpjWzI8p3R28vl5BYSNkBSTyQWBJ5OM19HWuieANYaSzgg09rpVTHlXjTbYwCTIVUnnAz0wTk54BrKgoutJLlScla8nZ7aK19tXfr6uzxryaowb53eKduW97NXbu7aataq7vu1Z/NPx+sNPjtvClvDrcmqvL4ks45GWVZCiMygt8p4HGPmAIyOwNe2aZ4Pjhs823iSS2zHCSvnINuUDAY8wEAYAB46dsA15l8aPBfh7Q9I8P3dkIDJP4qtYXmViYwjzImd7MdpwTg84ABB6E93o3gzwZqV+9jNrrwSgwPJm+JXaygMFAYAEtk5JOcAAHHPWqbjXcnKNpK1k9Fol00V/N3skk3ay5pV+akrRk2k18HV200va+6t3/l1TvGejyW3g3xM7+I57yOLR7ljEsyMrlYnyMeYTkg8f3iT2rB+EWmahc+EvDU1v4oSyQ2QZLaRo42UnoCrOvbIJ/Huao/FzwboWh6Zrtlpt7fTLHoV3cSGOeSRlby3ZTIGbBUnhRnBGTntXzX4d05r/AOHWo31vqU8Or6Zp9p5Mkl1IscEDbGdniBG+XAIBGOWyTjiipyxrpxkpJL3leSeyva13pZ2SWurtoZxk5UeVxt7605bN7X0u72W3XRvs190+Mrm4sPDWqx3GvQ6gDpN8JUhkiaTcYHwGCSO3zDaRtGSe3avyn8Q+BNZ8bLos9mtqj2rAyG4miSaxt3ugRdNE5XftzkKMknrt4r1n4cWeqaj4k8U3f2+71KwsPC9y0hlnkkt/tbwEDMbuy5+YEKQeg5JJFeGfFzRtRt7rQZ7C7nsI7rTLc3zRTSR/McbSUQgYLcjAxx2Ap0uS7nezbjbfZJNNXfVa2er62sKXMnOPu1FaKbV1FpxTV+jaaW3e+5+jlv8ACGTw74As9UiiF3fraWSzatFdQCO4to4Q5C2qy8FmUBVxyM8GvzL8WeFzqvibW9RnW/jWbVLg+XFHgNmRhuI3DZk5ycAHkjJHNb4b+IPGp+IvhzQLzxV4iutMOq2we1lvLg6e1uAG8qWNmKeWw4AwD8x4B4FH4m3upr8Q/FcFteXFvA2rXCRpE58uFNxGVxgbDngcEdCMsc9VWcvZwqRacNLt3V5aK7t3b7/Pa3n0YRjWdOtbmSi1y3s1zJLRPV79Uno3ZXMZfAarcbUlmhd5AyvcqBEMupzndncRnacA4GQQcGva/jPov21fAYW8tIBY+GrW2nachTKBEoLKrEkqo6EZxn2Ar56N1qaz2qHUbuUiaKNmMmQB5qjcQ3TcFyQRwSe21j61+0nHtT4eKskrGbw5ArOGK7R5a5JC43ZwGz7+wFc8Zc84Wf8ANok9bpd7ap/LzWpvVjFK0Y2UU7SskteVK7bezT2126Xt53L4K8uSKWPV7FxIrkCadUjG4Eg4UnOOgzk8ZOAOPWPFttPF8C9BsIZ7OSdNdcCfzAsD4JXCvyuMqOB7+mD8vfaI4YYvOZ7hBuj8su47MA4+Ynpk46jbnqMH670rRNI8U/BLwTpGqavH4esdQ8QXML6xf5NpZyHO15v4nUsflGSBjkhVIHdCknCpKMr2g21btb1bWjejWtvNHm1cS6dTDxklZ1I6uysrN+jvu3rbqj4Km8Ha0l29/P8AYnhEkk423CAEEkgBQeQSARwcjnjk19MfCC3J8C/FTcLdd2lIGZHDxx5BU7nHIwcE5JPJ29eOP8V/CHwZomsSaYPjVoWoRLlhc2KvLAodmZopgCm1wVAwcbSxIx1ruvhPodlongL4wRaVq9vrtm+j4F3EjAOVViMBgcKcEAZ5AzgA8+bQnOVXltK8ZJaxaXxK7u7JbfP1PRqzgqU2oxvPlm3FXcXp0S29fW2tn4fpPhhpYbhX8QaG0TRZWJLpVmBckqhYZIIIIbJBBAwMGva/gN4TWDVvFyyanptxHL4VvFQWs3mFf3bjdJg5UIV+YnpjnB4PyT4dshefbQY3ARXJBZiS25tvIbAHGCMt74wc/R/7Nhe38TeL4oQqD/hEtSWQON6lmjwygnBwQAOMjhh/EMfU4eTjJKUnpo/dSv8AD1vvotk99j57FyqSoya1i9o8trNSinve93Z3vv5HmWu+GZopJo01jTWiMkpUxyfN/rCcbwcAjPzDABwMHoKydJ0N4L/Sd2p2UhXUbT5Q5aQk3C5ySOckjAIxgnkAYr1+6sNN8xnZLYCOSRpFZQxLFiWPPQ+uc9fasaeLSo9QspIIIVf7fZsxRUbG2ZcYAGcnPA6HHHv61OpGSUb6Lo0uijot763+/qr28iLlFa7NW66LTRaNbvXbdvRK51nx/isR8QJkn1SCzU6NpCYfK7pDZwlWUY+8B15BOB1HTw2aHTJD5Ueq6ZIwO0Byd7NgHdnPO/2zj5gdo6+0/tHWlnqHjwmRf3r6XpBEjKCAFtoOGC9BwACDyCBkYGPmLULNV12zEaR+RHKm4qNpkA2ggcc5HfrnHJ6VFWrzO17O9oppNbpJ2012vZ+X2nfahSvSi0ltHR2teVk2+q2816dPrD4k2cth4N+FJL2kSJpU7CeXAif53YbAegOcjr244rhrO8v2tFdNS0nEgYKp8slCQRjJIPLZ55xnBHIr1P4928Fx8P8A4NQPFy2lvHsReMO/A+UgkjoCCD6Z4rxL/hGLKHT4phkloyjISylVBOAOQNxxg5OevckDDnSaUlq+vLd7pO/S2610XVLr001OnCUlPRSbStbeSXmmujV3pr1O/sftsfwx8bu97aCY31p5cyoGi2gqeuSA5IGMEA9Dx08at7nVL/8AdwahasIs8JEAzMOWG0sOARyfunucgget6Lp1pe/CXxtZB5YohqloylA4fcgGFznJG4nHJx04AIPnWieCrS1YXMl9qCmZWUkyOEXaeDwrYIxjgZOAd2QAO+g6dNtu3vbprmbXLF3du1/v0S004p1PbJx50mnvKyWjjdJqW1kmlrs9D1r4MRaoviPVZb8o2fDGsLFGkYLuwt5eoz0AwcfLjoeck+SWWhatfs5ltr2FJJJxHNHJhMeaxyqYwBnqc8Zzn5cn3n4P6Rbaf4ovTBNcXIfwvrJLPIcg/ZpiduehOAM445HHOfn2Pxc1mLi133ztbyTupEmEBEjDYCRnGQNx4YkE8DmuuDfM+SCd0rq1m20ltq0mnvumvd314akW01Ko1ay2TadktX1T1vpotna6Om0TRJYPFeiRSwX8hGoWbRysVYf65EO7+6B25zz2zivVPjF4Vv7/AMf6o9rpgvPJsbMJLNIFYOsC5wpOcbhjnA+UEZAxXz94X8fz33jbw2UhuRHNrFjbzs8vAXz4txPGOnbPHoP4fffjz421nSfibq1to1mk9nHbWCbxKEdpHiXIkzjcxY8YOB6HHKlGqpRfsov+Vt26x3vH01Serad2ZU1GS/ibL3tGrr3VtZ6XVuqstls/K7jwX4kvYHFzpNlEygrGyy5PC5U4O0A98emevQem+NvDmsD4d/DCBfISa1e+SZkOGU7wMKP4mwqk4BB+Y8DgeN6p478deQ8LWFtb+bkIXmD7OPlKhR8vfOWPPHIzj23x2dTuvhh8GpUvBBdy3F21+8LHDs7/ADHBByVPU9PvAgjOXyV5zoymopc8W9fed4rS7avq1a/bfqZ1akYQnGL5rwSv10t0SX5X81YxvDPhe5e1aW7uI5Z9zFo3yoPykAbsrlh1Jyfqc1v/AA+8Pi21Xxxm+tj5ng3VItokBMRdQQzgHKgfdJBxg59aztFjka1cSajOSS+FyV3DB5Uc5PPqeRx6LqfCvS4G1T4hSSs8wk8G6tGBJuLBghJbOep5wSSfbIr0K6hGindXSV3Zq2kb3/Dz1bSZ5uFnWddJrTVp2d7e67u9k7pLR7avR2b8Q8KeFBa2u6DxPbSREStJFG4Ozc7swCk9VIyQN2Tkr6n07wboNh/wlnhzU7bX4p5LTVYNtuSGkcgEHAzwD8xxg4yQBgYPnngXw/p40zzWjM0sk08bLKzfKhlfIyM8HII+vQdvWvCug6Xo3iLw9eogMg1S2YBd5C7iQ24ElcKc5fjAHbOaVSWHjScpXvyXdm7xa23Ta9La27GUZYmWJfK27y2cUkneKVre83fWz666bPx74i/Ds6n4+8S3iXUSxT61cSbduGUkZPzAgnnBxxjOOqivX/2M/hve6H+0j8NtWlxcW8fiFAgjXEmWcgDPoARhsc8Z2ngeh+IvhT4r1vWdX1LR9PDafe6nLNFexlhEAFDOGG3ACjA4BPQ/3seufs0eE30L48fDFri9R521+OKWHzGZUKvgvtIUjn5uM9BnOBXyfEWZ4GtkGb4elXUpxwWIjyRleSbpK6s37ru3e2v3XPpsvy3MaWZ4KvWw84UXXpz57NR1lC7T67t2Wtu9tN//AILb6NGnxA+EmokGV7zwtc2w2xMWUopYg4643YHQnGCckivwrttHupNOlRLe7kLXGQfKlKg7jyQflx688YOMZr+kf/gtP4fvm1T4BXthEbuW7tdTtImFuXMjhVCBCBktuYcHGeCMg8+VfsMf8EzfFn7Uml6pc6z4hi8EaZpyCDLaas11e6lMN6Kibk8qNAULyHChScZIwfgeF+N8j4W4Hy7E5vXVGCnKhBpOU51J1WowhCPvSb00S01eqTb+nzjJMTmGY4qrScowhTjKrJ3jCMeWEbyd7vV2dkvLq3+FlhocsEO25jnMqFXUbWDKSAMn5shQDxkDPBHJqLUPCVipW4ucv57q+7aPMBzypJbcRjjJzkHC4yRX6GftXfs3+I/2Y/iL4k8CeJtPsb9dP1BrW11m2uVdLuBSFSZwB+7kkG3KE7skjORg/Eeu6pplpeRW72kpYRcCOVGUZHGc9ucjGBye4Gf1TI8+yzPcDQzPLqkMTh8RTjOnUhzWa0Tunpf4k7u6elloj43MsrxmW1nQxN4tKMoqTk000mmlazUlaz2OY1rT9ItbZYipEb27JsjGzjZhmYnqB9QAeM54rxW40fw64dEjmY/OcyNhVIYkNx82MYz7d+9ez+ML7SXNnFLJNAfs+7YQASWGMHgEADtjk4yO9ee3UNnFYXK2kQ5RmM+7Lgtk/OGBwCAMKccdSDgV7eFkufmdNpPaVtPsJxT0V18r38tfLxrTpRjKd+VXvp/LHotndS3V9L2PrL/gn1YWtp8YryeK3jEX9gXMY3ENneHUliBzkAnHORkkEV+mP7LkcUfxnmKlAYfGOoSbNowSi7umSOM4Bx0zjAya/NX9gGBB8ViTMTv0q6V1U55YMVIGMDJOOecEgHrX6l/spRQP8adQjMW4R+JtTUuRyAIGI5IHIPTBOc+lcGbycI4mXPyv6vezesXtdJvrpa/lrob5O4TdF2tZtu6vva3RfN9dtLGH+3TFE/x8aL5iJNFgcLjnLjftI54G4dORzjgYr45h020V42kggaZYbhg4jUFWUk9up4OSckc4wRx9wft2yW7/ALQcwVFR4NA01SPunIjRSBkHaVXJwTjGCMhsD5Hghjl2Mu0ErcRoXAyfkJZsKOc8dMcjO0E1hltW+Bwrm23KEL97e7d+qS93tvfY7sVUiq8uVO6cbtO1leLt0dla/dJ2SbZ5+irBZTS20c9q/kzNvidkErh+CydBjkE4+bdj/du6PrevSETTXbXiJEqMt2AzqEiJVF5I2gDIJz+RxW1PHEumMrqiYjlUEjDNl8Y2gH5ecDpgHBzg1X0jTI5TI4csRsZYyOOEJyTgZH1XvxnBz1Rp4eVTnko3bTuk07u10+rV1qlfey2FGrzx5U3tHRyaS7qytdq26tdtdHc4+31iSG7jlewAaae5eWUMRuVmPyjr04GCc5G3AI5t6j4iitUd7SURySwyRMChG0M65LEdFJ474yy5J+Y25tPlF5GNvloJZtjLgqTnI4IB68cAgdeQQaNRsLUwossCSbkYSfLjIZwc59cHqBkgg9afJSqSu+t97LS0PK27u/K9tdrjKC+1a93ZO3K1yt8qVtG++jv5adxofjvyLWyglMMhayjRQki7nZSvCjtkDJ4GOc8mvbtH+IlraeINLv5bfzIZbARyIjjbGVUqPMYDnax6EZyDxxhvkHUdG05ZrFokktcRlQUYqAhHy/MWwOw5PbGR20JrGWNtNW11C8hPlFmbeWRgQAAck5JHBzjJznJGTxYrKaGIdmrxaafKl8TcU9VbS7/Nb2R2UsTKn6qzTfokrvdp3t8WzvufUcPiOK78N+KLyBWEUmsGRTGQAymb5cZxkIRzj5fmyDyTW5B4ns31DQeWxDAwlBGcPsG4cDkHK9Qcrkgjt8j2PinXNL0K+0lpFltry/wMkB1AlIIGckkkZGRweSTg1raf4xuLbUbIXEV0sKO+XX94zbgM5OM4wOOenc5ryVkT9rJRgnGbbikm7LkSi7abNO7va2rVlrr9bhyxadveV9NdWrPaySu1ftp6+86vcW13ZFo5VMcmvTeYpIU+WWYnBA5O3APX5gar+HoYnXxI0TxvErFF4yBtVgMkfMe+evPAHXPjtv4p0+4mW2W5Y7r6eUxysVVGJOGwx9eygDI4znnrPCmrGGz1vE8bCW4Yny2HCKGJLYOTlSfb6dDvh8JiMLRlSS+KXfazWyvpZa2Wu3UVapTnUjK8tFZ8r6Nx6tbbPTe+jSOm0C2Rra2dgqus9wWOAcBCQM8lSo45P6YFfK37UtvCLHT2b5jLLNFnbksuGxggj045PPQH5s/QmjawyWcTh+v2yQ7SP4mwoYkduO2Mc88ivm/9pvUU/sjw3NlS3nSSHcdxI+bGecHvgkcdycYPrUJ1oQmpaq9+neKT0311s3e3R635cX7J4dqL96923pJv3Ek9XZpPdaOy17av7Bs0UPjzVTEpLf2KY3LAbgRIApPALZHBx05PrX0x/wAFPY3TS/h6fmVoIoWBX5vklhjCH73HTOOp6cdD8nfsLX4PjzWbkDG21hGFIxh5uRt44PYHAAHG08H67/4Kjus9h4WWIfvI7LS3iVWLEoYEJBUDpnB7g85HGa8KcKjzzCzdP3LWUrJcz5He7XXXV73Tvpv24GpFZBio8ybSbtFWe8dGk1rr069tz8s/BgjTW/D8nmFJI9STzsggykuSC/J7HjOODye9P8by+TrmpSoAqSX9wyNjDfQLk5GQCo6ZBz7cx4FnuW8UaJJKGdZb6NfKZud8ZwcjjHYhc5p3jS4kn1nUNzMix6jccBshQH44H1xznI/vHBP1c6Ek1aOjjeLa84pt6WV91q3pfRnzCrRjC0br3VaLunbmWreyutVrrZXPXL++1TSPhi0MyyxLe39nqVtK6liQSse5GHYbSAB3ODjqPon9grxJqGo/GG+XULqaeRbOA25dyW2+Z0YYOFXggKWOOwAOPnbxZr1pf/CO102RWN7Z2mmiGTcNqRC6LyEtjuGwBxkjnJyT6f8AsH6nHb/Gy8kwFVNFuJGCkNlootwcnkn5iOSMjjAAGD5+ZUH/AGfXTjfnUk9PONtUtXGST628z0csrJ5pQi5XSnGz0V07fE+8X8mn6Hon/BQiWKS78KkkDfqGqSSYB+bE8gViMgYOMZxk9COePjrwQc+A/iQFZAh0y12qR6sAByfU4A7ZGQOK+oP2/L1rq58EOTs8xL+TdnCHzJ5CG65O4Y5JBBLegz8heFLl5PA/j+IHJTTrRSwbA4kUZzlc5BPOD34BJroyyk5YDD20atZX1smnutLu2vmuzMM5r8maYuzsrWXk3FNadHur9Nu54nGqh8MFWUkBCF+VcowU8EEEZ5HJHBFfUHxTvZIvhX8JLSWTfIttdsg28DMh7nOWz0IJx0zgYPyxbZe5YyuwVYzt+bowUckKBgAZ5PJGcetfVnxT09YvhH8GroTpdzy2OpNJlgWQLcEqMDOMAHqM8A9TXdio/vMMmneE21t8Kjrtu7bPW1noeNgnJ0sS4yteFtdG/ei27K95Xu4tJN7+n0N/wT2uro/E7X0kb943hpSzMAGIWZOTj0HA4OcnHesn9thi/wAWdVEY3NJp8DAhM5G0c8fwnPUYyPQdYP8AgnzdsPizq5mYgP4bcMudxxvUL6EEAYKkjjIxkgjR/bKlz8WLqQ7UB0qAfMByuAM8gnODnjnnccda8XDRT4inJNpOjFbNvWy/HXbS/mfUV3KXDFO6bSrWTfR9Lvq91rrY+JrKHZCrSIBnepZjgkYPGADjjnpjJz0xWLfKs06b1RUVG2nGTyOMg9yc4zwD0Izk9PctZxbUimWRzhiu7I2kZYEnjJ9eOgXIxyn2WCS3iuXjA3TBVZTnkHaBjbzt7DjJHrxX2VN8knZpJNbrpzR8mrNWT01XkfHSjG217RXfW0oN26JPq+7aWrKXgjw7DrOuWOmPci2N3OyCRyPlyei5ONzYAGSMn34r2/xb8Pv+ERto2ivTMkiyAiSaJXjIAOUBbcxyeARx2xwa8otLMWF8t2jyQtHiWFkBWVCVJUqwPykEBgFIyvfBwec1g+IdQuxc3WrXk8PmFokllklwpbCqyk4BI2kkJwA2OOa5qn1qNWMo1eWhdKUbavWN9dFZ+l02RCNGPuum3K1m7vZWT8rtve7s7b3NKGbUXZhFJK5DZUpyFVDwAeev91uM8ZI5rYktZ3iLtPIWPllozwO5BGeSRnH3sDIPfnpNC06zh0W5jnjJu5AH8xDkYIBCknkjk8jt1OMCmyxRt5cSk7dqYwcLkdDyOR2PYY9K9ChVUouOr0Vm73Tva6bt03vum1ft5+LS5Utb9Em3qmlpbayeqfmuzU0ElybCOLe8sm5BgkhlTsGXALdeecDsQcV6N4V+GOr+JPDXjvxQbiLTNJ8H6Ut1LcXw2peTyY8q0tXYBWmb7u1SWGAOWFcLbQrEA8juuYjk9VzjtyPTOMHnIzjgfXvi7xxo/hf9j3w54Rt7eI674w8VXN/dzkq08trAVykoHzrEPuoGypJOATkjnznF4mhTwMMIrzr4uhRb0ahTb5pzlru4Rbu7q7t1ulgKVKbrTq+7GlSc1zSWsvdSW71k2n029T4Yhtf3axR7MyIJcryQW5IyuMjpnAwcZ+UZFey/DbTrBpLxrgJhIVEm5wuSxIJzxnliAp68jI4ryCCZIbpWchVMfAVlx0AAG3uBjn0z0zXqHgpZyLuO3DzeeUSVNpAj38bmcKQu0c564z16V142PLhOaT5bq0k10XK7ry01u9tVceD5/ae7zK+tmk4rpotbPZWaXu/I4zx9dwR6ksNsu1In2sybmEg3kj5u20A88nHbqa9D0jWWuPDkUe5WBwCScsxRQCDwTkYwDzyOTnFedfESzurTUdk0cTRQMEDoBk7sn0DALuzu5yehzkVv+C2M+junlhvLEgVjgAErkKuTknA7Dr/d3NXj11FwWt0ratf4U9HzaXv5PZpWZ6dDn9rJNWbWq9bLp3Wmu7fqfqp+zGEuPhZqNt8u+bVDEkh5CF406Z6LgnrnJ7DrW94hnvI9ZigjLyItq0IO3CgIWXIPTaMZ45K+hxXMfstxtJ8MpCCFL63k57bUQDIXbwoUg4+Ykgc9/QdbjWPU42cgMIJA3GODI3zcqct0PGc+vBr5mm08TXj9p3cXfdWStd72Vm9ba+Wv1sI/7NSk5uCUV7yvrtptta66PX5Ox4Huo49cglYKr+Uw3HJ+6CCwXopJAzn1685rG8QfHjWvh8/jjwtomh6HqEHi1JdP1C41bTYrl7dZogqywyyKTGQWLIV5J5GcAC94dSGHULZ1J/eRy7dp5GSc5OTtOQcseAMnAxXifxalgstR8RpJoWpatKghuBLpdtPcm0BUbpJ/JV2VAeSzkAEbcgg58bNcFg8XXpwzCEHh06VTlqTcIKdOpTlSlJpq1pJNK9tk9zoxWJq0cnqTw69/n5FaKbcXHW1lZaXV2tNz5x1Lw54mvTe3UOjX2oLbDeZrGzaVMEh8YjywCjg9MYPIGK5DVdQvoYI7a8guIZYzGzRSW8kDKo2jDiRQDz1Gc4BPI67Gh/FH4g+FZ7s6Dqet6bDLJJm3NnI5kjk+UI4eJgm1Tj5iPmBOeKn8SePPGHibQLuHxDpzXCSSIE1WbTHtrneNpw12kCgADHyknOSBzivrMPiqyq0qTng3hOWEVNV7VfhjZ8jTT05dVK9k9Op+VV8O6inJUsR7RtuSdN8mtk9Vdq109lr5MoeG7k3AnCw5RnHygljuyckhckhepHHQ99wr1nw9488c+E7tZvDHirW/D92kfkrLpVzJavIjA5CtEQT8nBzk9iRXx5pnjHxJod07aWWjZXkjjS4t5JElKg5G4qVkU+xzjDdDiv1K+O/7N/hPwB+zP+z5+0X4M8cXOr6r8XYJbbxV4QuyI59C1azTFzcWalt32KSTcUwoAwBkkCvSxlHL8TTp0sRGjWjXkoRpzUZwm+VS5bNO70dovVWT6M58Iq9OcpU+enKFm2k4O2itutunVWW+h4VH8fPjcJ2iHxJ8YSOsm0TvqVwxUs24lQWJALdf9oelakf7R37QWjztcWXxU8X2xuHaS4aK/mWRmRWjBYli6kDIC89OnIx89RXwCxzs8iyGcZ8tshmGSd3of4c88YbkYVbNpfSy6jcObO4vXVHfycM6qmwhiygkAD1XJye5Ga8irwhw3WhJTyjLakXZtSwVB3vrq+TXXo+vRrU9SGa5hGUF9arLa3vSdr2T0WrWmu17rvp7dqv7Tvx/8SGOK6+J3i6eOBEhWaW+mJVfvZDBgQ+eoLYPIAHfzq7+MnxhuJnlm+I3iw3JSRFuRqlwJfLZvmG8P068kgjBIx1rktK+2Tyaqi2k8CLH5nlkHbEChySSvYYAAOOPQAVki1neGNB5peXzM78gHLDvjlSOT2GcdgawocJ8O0ZJUslyyC00jgqC1Vuip66rT8UtzqnmuPdNXxeIas/tSVn7q1TaW7t8T+aN2f4i/FPUrhrS9+Ini66inWNZfO1W6dfLXoCDJgrjPbH05xqxeKviNbqqW3xB8Wwp5YjiWDVLpQqLgGLHnDAI6qvHP/fXqf7MfwBl/aE+LOlfCtfE0PgtdS0+a7ufEd1atdw2Ij+SINEMMzySlFAyCSR65r9VviN/wQw+M/hKw0MaB8W/DevarqOn3Oow299aDTLaSOGEzLbw3hklUXUwVRsKDaSMjJBrhzCpwflWIWGxmEy6jVjBVXH6nTkoQ2TbVNtXaer1ve+mr6sPDMsXShUhWrtTkoxftpfFFQbgru6066d272PxVu7/AOJ1zZSWkXjDxPPa3UnnSRtrFyFlds5Z4/MGZOmOpJGCRjny++m8StJ9gvNa1mdklO2CW9uiqsh52hpPvEngdTgAmv6F/wBin/gl14N+Ifh7xP4g/aP8S694e1rwj4kGlxaPoF+0cEkFpvS8aedRtfLAGIjOQRkAZI9U+Jn/AARp+DfirR/Eeu/Cr4heIk8YJdXM3hnTb4+faTQxxuwhvpSVVJSV2iXBIZhx3PIuIeEqNT2dGlhKSTS5oYalCOnK7xcYcz0u7rXW+6udVfKM0SUZSqykmoyp87la/K73u7p3u9bc26ep+PP/AAT5kktPjppc1zuD6XKupGaUs7lY1Mb5Yg9TKVYnvzySQ39OPxg+N/hD4B6/8CdE+J+szaP4U8TeFtZ1C5vnj+0W1q1sn2mIlMfI7rJjcSce2TX83f7J3gvWPAH7SXiTwV4igit9e8O2d7pOoQxyCUJdwX0KM3mLjfkYcnGdxwT2r91v2+vhDD8Zvil+z18Jb7xHD4cj8W/D3UbeLWr23FzDpXmabbCWeNNwbeAMgLgcjtX5xxXPLsXxLVq4upKOC+o0HKcFdKlKUpaxakmmrNJJ67a2PucqpVaWRYGlThzYiFbGtRk3f2nsoxXVO9m0nrZ3vc/mo/ak+JXhz4kfH34z+KvCl011ofiHxPc3OgTsFt1ntQEiWZIyOdwQuR2zkDnjk/hx+z74l+KOlnXtE8WeDNJax1KDT70a9qUVnMJ5iAGEbkM0UYXLSA7QSARggH9TPiN/wSN+EPw58VeGdH8V/tbeGNHs9WtZ5pdRv7GCKOF0YgEBLlvMZjgNuA46dQK8o8SfsQfA7wN4E8Qatp/7Tug3mqQyXw0eKKEw2mstbB/LdGW4/wBZNgGMMhyTgiv0/LOK8iqYfB5ZleMxNOSo0qNOpHBYionGMacFeXs+RSd17ydk3oup8FiMmx0atfGY6hSlTcpz5JYiFOa1uly86l10srvVLz5648Lfso/Df4Kazp1t4om1348ywLp90+kXmzTjqEkjrIYwo2zWyYUpyA/BzwTXxDdfE34ieFfDeu6Lo/jXUtN8P6jfWi3ulW7KkMk9uynzDmM5+Y8dQc424Bzh+ENM0+TxEba4u4bqS2ku2S5KFnmeJm2zbs5KvjcuTkDHXkV738Jf2UvH/wC0JrGt6RY6jo2jWVisesPPqcyQNc2TS+Xus1Y/v5QoJWIMfqMnH3FalluT5XVx2bYn22HjarVq4lKShrFKPLFbX2STe6fn81CricVi5RwNJ0ZpNclKTUbJJP3m/JN62PmeT4j/ABJ1qXUribxbfXgnWBLiGWceTLBDsRBKu0A4UDgEZIA4wMfoH8G7TdZadJcBJ7240OzlaWBlZVZpgQNi/KAueM+mRjOa+tfC/wDwRdns/GOmS6h8aNEn0C+8INrskMenw747iOESGxlIuQHlJXaCQDnbnry/xB+zjp/7PHiLRLDTvF9r4og1zTo7iVBAIn01YLpohaNFvYKSBuDZ2kYwMCvgaPHnCecZpRyjKsTz4iDnL2ccPVpxajGLclKUIQcUmmrNbpJvZfTZVleZ4eOIxONjKUJwXvOqqj1lFc1k5SSaVt/PXS3z+qm41LXUcAGKMqu4ANuBII2ncP8AaOMH0AJavt79jqzmfwz46CSfupDGGKqdxkUdM56HGMenQkj5vmG6sLRNR1O8aNYzcTXCyDByQU+Tg4GAQTg8gHlu1fef7DejWcvhjxA0yLPBd6jIHVB8+FVj83+7jO3t1OCOfXzdqWGk4tpuUVe1rq8Wm99H1dujsnZ3+iy1R+sJJKUnFrZt292z66Wdne6t2sj6l05J28I3KeQyCTSr5Uc4JdY7R1YgHknI446nuc1/ND4p1/VtI1TxC2mXpskvfEWsQXQHKyGPV5GXcoJBJIzg9sCv6pjpmnyWevWlm00Vpb6VdtEHT5SzWjh1UluSDklSfXDY5r+U7xzpVxJqeuC1QzMnxB1+Er1YqmoTu/B46LuGCcgZPIOccoo0K1OpTq041KEnTuqlpxk4NPbq7rXRW10Ssc2dVKuHr0KlOUqdVKdpR+NR92+2y6P7TX3HGahdf2rfXRuZ4leJwQIgsfmyTJtYttx8zcsehOVHT5q+vvgV8Ff2afHHwz8feKviv4r1rRfEHgSazfStL0mWQz6hZzKrTTPDGpLKk52hSQqqQMjkn4ynglF3KHhVP9LG7IXKmMZK/LjIxgA8Ecccce2fCX4rXPw8t/GlrBoOn63b+MdKfTb2PUYUlFvCkgYz27MCEkXHylew2jjcT18QYXHVsujSyudShVVbDOPsZezk6UalP2sIylsnC6eltNNNH5mVVsLHGueNUKtKUKl+dOVpuF4vlTT+Plu187vbxXW7jw2Nc1C30OO4vNKbUb2OwluM+ZJp0bkWsspPIfYAXUg7TkH0P3R+xksd4vjCZSNw0C/BUYH+pRkXjggkEDnr65zXxJe2lktzNqdrYsivczSIOcKZwWKKo4AQHIXGMY4zivtj9iNXmg8bTI+QumXkbBUYEhwSTgjJx09+uAMV6NanNYGqpNtqlG8ptcz1ppt9G73enVPXqc0JxeOp25EnUk0oxsuWy1T69V10+aPnW81Sa503VUkbzBH4g8Q6cFUDESGaV2HXIOV49cHPSv6sP+CY0bL+xn8NF55m1IgY6HzyemfmGOMjnPU1/JYLxbfWPFWlEEra634iunHIG9ppAM8YB+YnLYIGDyor+uH/AIJmEP8Asa/DTAxiXUT2JBMwYkZ9Twc9T65OfxnxTp+xyLDyUVG+YRa215qTloltffrt8j9G4SqqpjptSTUcOqba1s4yikn17tbaPTQ+6GBboMANnOMqcghV47DPJx0UHIwRVExNk4BxkkhflU5BIyCASR1HBA9cZrZMY2ngE5PBHOOucDAHcZPQHjGc0mw4YYAPcjIOP9oZ79Bxx1Hc1/MeMxbi0/RNKyW0bvruru7S10Z+oRruKirWaSXWzty7a+dr7302vfBML8DkHn33YBGcn1BxjHA75G4R+S2WABPIAY4z6j5sdhwcYXjB6EV0ZhQ5Yjc2QMgYbAxheAegAz7ccY5Ty0GSFJHOAAAccjORz9ewPOcgV5317Vpx1ejffbTy7O1trbOxqsU1FNLXfdK0ny7qy00tr0aWupzQhcKCFJ2hjxyqgLk7hyAvU8ds5AINRmBgQRjPI2gdd3JAOMDHOBnjJ4OBnqvJjyc8rlSSMAkEYG5cEdcZHzdckAZAaLWIn5lXI5BxzgcY5Ax9QckHsOsSxnK1JJ7PTtt815r53XW44tq/Mra3crp3bt3ulHR2tol1Ryphb5iWOT0UADgg5PbgYwR3wQSMKaZJG+7BGMgAE8AgHJPJIHBBxkBffkDppbYYOEC4JyMdiRzzwO5yCfpjINd7c4CqpBYgH5Wz2yBjp0wCcZOPxuGYaq83e3no7RatvtZvTskm91vDFRlZtb20ei1S69t9fV7Ky57y2KscYI6ZxyMcFeScD0O3/gVKIxxyMjHIGOvX5mHb2Hpx3G81qjYJAB9x1UYJzx0znHTBx1Ippt4sdOec8e3HI/XjPQZ3ZwfXm9bptNJK/vXfKrvS/wDKr672vZo1WJT2T1erTev9b23180c9JEWP8QAAx8o7sMYyOc+3U8gd6ryQSBiACMcEkn72MFs84/AddxOc4rpWjQhSAMYOd3QEDgdODnp3PTtUDIvysgxwMbScj1AA7ngdO4JOBwRxrla27tu1f7N1fW+t3t36avWOIvo47JL1enXZ3v30OfFu+NoBzlhkjsD3Prw3OFxkZOKGhbgBTxuI5wDxyT0BPf24JGM1tsEJ5C5C84wTjHJX6jIYYPPHfAicKeDgAc/McEjHfPLLuxjIBxk/Xuw+IXNFyuo316W5uXSzStb8E32d37ZuStHzT1du+1+zva7Sv10eK0BDdSCOP7xJIJPJJXOTkc89SDzSiJ8cAsSu0kfL7N8vfI4wep5O7GKvnqAOcZyvAALZx/iAemTjPdjqMMvJPHHfB5BB5yccnjgE+hx7cKyla0klZXb1drJ+VrL5PToWpN2tbVWejb3i7NvbVppNq60fYp7GAzztU/KT06jJ7498k9uBzTgoDEncTnkcj6Agk/KFOR3yT7ASFCOi7R2IYkHqMcg9uoAGScE88tIYnHI5IA+XGBzwOpUcYx3x3rVz00lorXta62ttq1/T3NLS6v1Vku1+7vvs9+yQ5ecEBsE46joRk/TA9jk54Hd2zBUZ5PPHB28Hd9B6gH0z0yIhJIz0I5IJBwDwcDr0xx+manVAFIJPTIzkEnPPCjq3PX3zuGcxe70bbdnZ9tLu/R67N93Zjfo90tuun5N/IiMYxkA46E8HGeh4IyDkfMO3ambELHnHocZHPY8EnI+76jqOcCzwRyGOAuTnkEdQCMZ2455B7EAVE21iVBwBgADpjPPsAB05wOnHFPmdr6u60V9dl03/ADVl5AtbK9u73tprv1enm9PlEQvy4wCDnGcZJHQnGQFXoeQeMYPVfMUAAtyBweeoHUqBjOeg3Y6g9spzyBjBySeuMH1OBgDufXtTCNvJGcg5z3K9884IOPQ9c5rNTs/edr2Svpe7Vuva9klrpve6bgkm9rWb1s7uzb726O22hYLKSw4zkKPTqOe5I65HfJJPqBG3ZznIGCPTg85xnqdx7YGAc8tQZABHBweRnB/i6j8CBycdjyJQOOpKgk5ycHbjGe4GOxPTtwKr2kVdXtZWu0+8bettPOzd/LNxVkl2Wu+3L0vZbaKzulq9UNIxuDN1BIyPY5wepHTv2wvrU6MpGckMVIIPPAzjIyATxnAHcZ94iCcAnK/TggZOCcdOPu9fTjkIi8YP3scLznJAIJHXJ5GPb8FtTUlo+zaVutmvJ6br8bs552sk1fo1fzTj59H3u0XEZeBkgjIXAyWznI45znt7dauxHBBB25wdpY7+BkdyeOh9g3sRRhjY8FfmDDB5JyoHJIySRnrjuMZGK1IIGwCBk9z1weDnAB/vAH8uB00VtE5Wdt3391326u3rv1OSpNRWit6WWzV+t10d7P5LUsxKWOc7T6njqeAM9umOv860oEO5cFs5JycDnGeQSTn255yO/DYbcgKQvPBO0E8NkEH0U989DwSOlbdpaF2VjjufmBIHBO0A55IPXAyOD052hD2jSUlok3o7293bVfPXte9zxsXXiovmsktox7311fTfXXpbY8G/agWU/s8fFZdzLnwtfEkEZAEMjMdvOAMAZIwSPz/Jz/gm/wDFS4uPiP8ACL4fWV06WVn4L8Ua7d2ruWke4kmurZJUiIOEfYAenPGM4r9iv2j9N+1/AL4qwqo3Hwfq7gYJUOlnIy7dxzgEHAxgAE4+YV+T/wDwSk8BeCprSfxhewC5+I+n+H7y2sb1mJNjosuq3EbRjOcZbqoGN2ARgEV4PEGCo4rB1qFWHPOjUpVqTSvyzUZJSen2U7paa6WWlurLa6WT492vGbnSkuVS92pCEG0ttpJ+ib6n8sv/AAU58e+II/24PjeukajdWEtv41JjnsQ8V3HKkP31ZDuAX+HBHIBJGRn4Wl8QeOdUkE99rOr38ryEzXF6ZpZHBbkFpXZlVgclVI98HIr73/bo8PT67/wUK+OmnW7HdceNplmkMPmbES2DO4GMrgN3yTzg1543wMsJLywsJNduCbxZ5vOhJVIlRmGxwAdoJB5IIXggZzX9rcGzyvCcMcOurCn7eGU4NKp7OLqW9hSb9/Rq+9k+Xms7u7P524io5ni82zJQq1PYRxc48jm/Z2jKKi+VSte1rq1l8kfNFjqGvW5uobfU7+xW6iCTpbzvbW8wHJ80K+0ggDAZWycjLE8/0Qfs0+G9Kj+BngG9sre2OonRAuoXiqu64Y3SscNnl8EZwc5B7DI/ILUvgn4P03T9UuJb6+uprW3OAsrEsMdTgZx78ZbGeK/Z39mGySH4EeCbe2XbbrpE4iMjZZkjnDdxnJxnnvz0GK8DxBzHC1cvw0sJHknDE3nU5eWTXJZe8rttJtbp3vu7H3Xhnl+Jo43E08VNyjPDLlhfmSXPF22tdNW01tppdn11d6cotNeIjRseEoo8hAeDCGwCORz346AZAOR+Un7Sfhi01G5+wXDlRc6PJKxQcAJYSnafp7dya/W0vv03WgeQ3hSNiVPIHkgZ5xzwf9oEdCQa/M/41aWs2rtM48xU8OXjH5C6grYzEYYcjBGAfc18t4fZhP8AtCo5zbk+Vp3vZ+40299tXb5n1nH2CpxytpR0Vk4xWyaSfVXT3a7W8j8FbP4fz3V9cwQzRlFnuAqt8+xVldQxHHXp7egwTX2T+yr8Wte/Zn0L453GmSW8WseMPBr6FZb4zIkiTDbIsgXAUFCcN/COODkn540aWX7XqN9FKYkhurxHiQBWY+a4BYDjIPbHPbGc1D4gh16S1vZdOt765lv7QhjDC86ogLZMgjDMiknhjjCnk4O4fvjzHEY6LwmNqxlhZundOyvyzhJXbs2/dSXTXTsfyvRisFinXwdOXtYOfwpyk09Lrd731srddNuo+H2tarJ4jvNWn+yLJc2s9y6wsPnnuMtKVO44JZvmPIwAuOlX9T+G/hfxLeXeva3bTPcLCksqpOIt7sxEe2MKN4yQWYen0z5v8LrLUINVV79jGos5h5SbnYBQSxJxlCo52sQew5PEvinWJ5L6VbHV5YUtlGSHbgqxypwcEDoADw2Tjrt+tq05YjK4Qw84KXwwV1ZPRKS5WtF1SsujZ8fFTXEFWrWpzUZUlOpFOOsm023ZrW7bt01R+tH7K3xH8N/sX+GvEt34oNxf2finQI9Z0bT9GYSTlrmEpBHNGCXYxI53rgnAOQMnP68fs0ana+K/hfo3imBnS18Sm51e1SRUjlSG4YyIsijgEZIZRgcDnnFfyo+Gdb8TfEHxboWkz31xdS6Zo8sSylzJGLWFNgURH5QApOCQCRzx1r+rj9lTw2mi/A/4d28UbIsHha2YLNlS0mXLEA9NzZPYDkHpk/jXFeSrBc9avepjq8lKrNSfs/ZpJJqPTdLvpu9j934Ix/t+WnRio4WjFwipX+Nyg7NpK9m+176J9v5+/wDguxaJdfGT4XxyGOT7P4QmOGOGUsBtOev16AEg9Oa/BLSPC0+tXkFla3MKTXF0sFsrkbS7tg7iSAFGTk9CDk4JGP3S/wCC5V1cyfHrwEBwI/B+0Kp3AFlYc4z6Y68+o7/i/wCDEi/t7RCzszDUrdyVGSfn+bOOgH5dOOc1+l8HL2fDOBkm21Sk3eTjtJK6tZvprd9ra6fD8XSn/rHi7R054J92rQ95arpo29n2Pp7wv4T/AOEX06HSr54nubAqjvCAULSKpIB9ASehznPJzx6Hp8YtTpM8RUOdWtWAK4x+8B7AgDI9OnVQDkVtTiM17qE6YWFTb7UAx84Rc7s8A9sHOQVJ6Zqa4leCTQkZwVn1W2JC84HmLzjqDtG4ZHAxzjBPyebVpSeJvNK8aj5o780lvdWa1S10fldnoZXFQqYduF1F02r77xta3muWzj16p6ffGmQzL4gs9Qgmk+131vZI8cIyrIEQGNtoGQSoJx+IBAz+Y/xMM4/aB8VB4188X82cZJVSo2ggcAsCyjjjpnHI/SC48QaX4Us7PXdQaeJLZ7c+YnAVfIQneSflzk43Y/DJr8tPF3izTtd+N/ifxPG0qaffXUk9u74zt+6pYNyu4g84Py9O1eJ4W0K6x2YYirNqnOkqa7XUrtpvdtPW2rfU9jjicJ0sLShTSnz87svhvCN5X6N22st99rVvFqyDUYVZVDgKV3AqwwzZYrjkA53AdRg1jSf2kbJljeaKKSRQVjUhZBk5Y/MNwIy3HOcetP8AGl5Jcask9uwMMcKNkuC7BjkbQOSuDls5zkDIzVqLU7eTTl81XDLIowhDLkrnccdckAMpYEFevYfus42wqTTcrJxVld6JXuulkn0stXe9j8SlCrHMJaypKN/eko635dVurtL7tnbbR8HaIZtd07c8gIcyfd5zjnJyeRxz39xkV0/i95hJrFsieZ5JRWOM4bdycEdsdBx0z1Fb3w4sheXkWqq8UUEchhBJVmY7OBjtnPuoJHTGK4nxd4m0y21zWNJuNweWaZpLkttCBQdq8EbQSMjpyQCcYB56T92arJxcY3Td03e3Lre3d9Fa2p21YVK06Ps5KTk0nJ2tL4bL8eulk1d2ds/whp+mz+JbI6nex6LDLErT37bGeAthVMYAyAc8sDtwQCSCK9p+JngmHTH0yHwdrb+MIJbRLqZtNjkvL6NSivJ5kUSOyLnd17k854r40+Id3qWmpoVxYzG3tNSs3Kyxnc7woTnIwDy2eucZPJA3V9M/sS/taWP7OXjfUvGepaBD4uWfR5dHfT9aSK7gh8wMv2u2inWQb4xyNo68d818/nFfG4bL6+NwFOWLxNKk5UMG3Gn7VxatHnadne++itotT3sNgMNUq0qWJSpQk6aqVU3eN2tbaqSsldJa99r2/B3hS4GqRPcJc6fJNNHvt9QgltZ2LqGwIpVVwvJGSM8mvoH4CfAH4j/tFfGSx+D3wt0G31/xbrc08OmRTSrDDCIiWuJ55WHyxKu4kkHIyAeSW8z+N37Wmk/Hv41W/jDw/wCH7Tw7ZTxWViLC0tY7SJpbWBYZblkhCopkI3AgD15+bO1+zp+1re/szfGIfE/QdcutK8TaVqiDT57SVVkeEuPtMO/JJSWPKEdSxx23Hz55lxJiuEq+LwuFhguIJYGVShg6s4VKVPEuCcYOfKoytLTVWv0et96mXZZSxkaFSftcF7ZKVWKlHnjeC5rOzSejejWl1ufpR+1d/wAE2fjp+xj4Z8N6x8V/DOnT6V4k228Os+F7kajp2makseZbPV540K2s24Z2ylBwTkYJr81PFWk3lnp80ksEAZbeeRJFkV2xsYLwM4yOTzz6kmv2G/a0/wCC7Pw//aV/Z31H4HQ+A9Vtde8QC1PiLxLqN6t2iX0UcZa906N1ZoJGkHLRsGKsfx/n51LxZcajBO66tcz28SyJFFJIS0qlsAkE55B6L1OOMHFcfAuZ8VY/AL/WbCyoY2lPk5rQh7SHLCTlyxbjZSvFSsk0r2dzgzzK8uw7oPLnB3i3UhCcpxg1JONnNJtyjrorp6LfT0f9lW/gtdb8cTXGVdtwDHndgt29iegIz35BNfbMuvaG0dkoSAOysJNz5yMchgRt3tliDxj8K/Or9nPUIrfVfFRlvra1jZ9pEsiq5UuQNpb+IHPGGzkHjmvorU/FXh+yR2l1e0geCQ4Z5423qcY2sGAXdkgZHJI5wcj5ri2nXrZvXUKVS9opOKellHV622dtWvLoj7bh6jRWCpe0qRu0tHa7+F7P002ae63T+sIZ/C13p8UbW9ujBJHDjaTlVILAjJD7sHAJ53ZNfCOu20MvinU5oAXiXUpWbJwoVHYZX/eyu4cEEg5wefYLLxDp8lgl9Zags0CxYJV1di0gLEoRnGMYAA9xyRjw66uZLnVdQmhOEFxIzEsAX3N0IHPdvvZIHI9D7/hvhq1HFYx1nNvkhFqWq3Wke2umzu9D5zjupTVDCwpKKip35or4l7lr2W2726+Z1sE9lDd3jywJKEthltwMi9CqplSQTgZHf1BJz8//ABO1qLXdXJs9GvltbQLazbLaRw7EHaSUjYjdjknHQFsDBPbR6lqFt4ztYItkUE6oCHwyDIYeZIvQ7ecL054Ixmv1L+Fvxu+E/wANPgDr3g7Vvhh4G1vx1r08klj4p1izhubtY7iGZWZ2kVtkalgYwMFWUc54r3OL84xGRToYnCYOpjJV8TGhKnGShyRk481RymrNR7att7pamPDOVUM3oTo4issN7Om5RnKLmpSio8qTbj8WrW6be10fhN/ZN5NIPIsrpUZHfaUYcjJHJweOvBGMgnJ6Y8mhuGuZLi3dYygUu33AzfKDu65LDJOc45AOeP1I/Z2n8BDxxqGofELwfpvijRrd7uaOyaZba0cyT52Q5TlV3EKueUCgdRnrP+CkHiv9na+ufhpZ/AH4c6V4CgbQ428VwQsjf2hfsgLtEB99VLE7+CN3OMiuGlxgp5lgsA8FWc8TCU3V91QppRTab0vppZbbpaIc+HpUaeIxSrR9nh5Ll+L3pS5Ekk3um22nd2ta6PzN8I+A9Y1LR75dK0m9vW+xyshsbO4uZCCDuYJBG7MozkscAY54PHPyfDbX7CwJmtXE2HJSUFZolJON6lQyvnIAIyCc4DAY/oS/4Iu/tmfse/sxax8U739qPw5Za1aax4UTTfCEtx4eg1lbS/EMy3NuY5gRH9p3IgkxuQgtncuW/LP9oH4meCPGfxP8ZeIvCTxadoeueLNWvtGsIYFt4rfSbi+lltLYxA4VhGwOxRlQQFwRiqrcR4mvmmMwCwFSnTwtGE6eJlGSp1ZTjCUlFuMYOybVlJtcrcktL8OHy/ljTrOon7SryuMbX5Xyp6SdrJKLbsru9rvV/K9l8F9aubDT7jUxPYRXgknhlnhYRsiqW4LDB3FeMAgnIOa8wNlPYahdWsbbRaXEq7gxVGCEqCFIAUNgZ9jjkV+hPiX4j6Vq+keErCAxSQafpTwSgwqpknEe0LwpDEM2Qeh7ZAr4R1/ZNrWryKw+a4doowMEAMSd20HpgnpjIBIANc+S5vmGNdd4qmqfs24whF3fLGyTu9W7Jt73u9T28ZgsLg50Fh5OblGEnJq/K0qem3duN1u7u+1/1M/4JGQvJ+1j4Il+1lSUugisCwjYKoAUcBto/hOQeNo5Nf0lf8FFfjH4T8ETfCbSvFcdxfaposba3Zpfvsh+Wc7JHORthUj5AAeApzyQf5nP+CU+pz6X+0t4Pu28uNIRK/mvgAKzhGYkcABeck45x71+j3/Bc3x4+t/HzwJoWjXcUdtY/DbTzMquQrPKyO7YBGTggYA4BHI5z/H3H/Bk+MfpFZBgpzqU6EcgxFWtKKauuWrBNtPdSmkmrPW2uy/obhrPY8P+GqzVQjUqUcTWpRg93Kt7KNld2sk5Wutr3ba0/TD4ift0+D/in4O8P+AdI1zStH8KL4bszqqWmpxsE1C6hS3Ihhwu2XzNzEryD6kjHkPw+0Xwsvi27tNXibWNGjk0h7C2gMomvpHeNg5AYF45A2GYg/OSc7Qxr+ZLRfE0zahoViLiaCK0v9NE1xbTyLHIvnx5WQBz6fxFsA4OAOP7SP2MtF8C+JPGY8ReJND0i9sIfhd4f+wf8tkgvobKFWvFVQweVWXeT68gZANdnH3AeXeEmTKdCVXE08wnU5r6yp1G4Walb3Yw51q9bI9fgzjFcUUcdKOD+rLAU1WcKU23iHUlJuL0sm3bV3WvZI/NP9uDwlpOkeKNCh0fw4NBhurBpprOSNsyo7AK6jBOQDtIwGHcbjX5VfEPTlh0jUVS3iXbcxKMBSAFI+nBA6de+DyB+7X/AAVTv/B9z8TfBKeGSWhi8LKt0UVo1E3nHlkY5GADgEYHXpX4WfElJRpl4VlGJLtV5JxxjHQ4HTJwOMgnsK/pfwNxtXG8D5VVnOSVSjNxfNfmhGfutc2rTXyaez6/j3iSozzipWjScJyjTlKm7OcW6cXZtqzvfd2vbRvS/s/gGFk0/wAPY2RbLawnYoBkssqMVG1TwQBjkAsTjk1/Uz8Jbf4eXngzwP4m8YGwjjl8O2WmvdazeRWyK/2NRGHVyoWIv8q7gD25INfzEfDCOWSw8KW0cMJmuTptqWkKhAZZYgpeRiAqnI+YkKq5JOK/e79qrQPhfB+yNp2naV468Oaf450XT/D2ozaTFq8ct5dXVtDE72cENvLuEZKkEArkHGDgGvyf6RNCrmGacK4CMq8J1sXVh7WlCTcYy9jFyailflbTsrOyvtt9d4ZqFLB4tyi7SjSbaV2tE2tmo7u63e97aGB8WP2Tpv2lfDV4ml2emaVb6J4lv00u6juGh0S50iJpJXecx/JO8uAySknAwOnT809a/YZ8R6/Z6pbeCfDltrFzpGs3GmBdPladbiaEssk0KKo3RIVyxwcDnnGK/XD/AIJs/tPeIPGnw11j4d+MfDFjN/wiS3V7cX6ZETaPczHas05RkEsduWZVd9+wMRwua9Lvf2sf2Ovgd4pvJv8AhbPhLR7+XW7q7tNHt7qK5xLskFxbXES52ztIxG4k53YGDgV+M4Tj7jngvG43hzLMHiMwp4OqlVrRw1bEOTnCEqVo0uaS54e9e+jSTskj6/GZPkOYTq4jMsLF1FSprCL20aKlBcqblObtdXbaVpb+VvwG8E/sq+BrTVr3wl+0Jqmm+E7n+x9al0nN99hjlu7IlQl3K4ZgAAUCkAljjhlwO2+AX7PH7OD+BNc1dvhfrPip473WNOsPGtjpX263ka3dza2dpcYCMjiIB3xux1weK+i/GfxT/Z8+O/7RkPiz4l3/AIL0Lwpb2GrzeH5tRv4Vs9bOoTBU+12yuoTdIyycjG0EYwOfUvBHxa+C3wv+CnjD4T+FPHXhw3Vp4k1jxHY3miXENzpttYTzG4K20cSsIlEWVUlwRkjjpXyXibx9xxjqWDoRo8QU8Ri44CrXwlCli8NgqXPUlGrD2lFKo6kY8jmpySi3Zv3TfKckyLCVK1XD0MBL2afJKbp1akbRi025PVJ63tG9m7n4j+OPizNqfxy0z4XReDvBvhvw7F4fvtLuPP8ADEK6nYWyWc77mdQx+3ho1LSkMynB24NftN/wTa/4J4/su6r+zho3if41W+ieJ/FfjXVtV1yyv9YtSzWWkSXbfZIYMgKojTPTp06ZFfgI3j3wb4//AGsPFd7Y6o+oW13b6vPb6lIFijYTW0yuscjYCu0gAUDoDjgHNf0vfs+/FTRNE/Zu+DPh6afw5aW+n+FUhunl1WGG+TY0rSIQAWRpF6j5uASCM4r1vFHM8+yXhHI8HlFbMMFiq9PLamIVCtiHVk/YznVhUnGaqNOUlzNzSurNvW/xOCw9DMM0xtSp7GUFVqxhUhBSikp07qCina3K3fXdu71ZrfHf9lH/AIJ2eA7dtK/4RTwEZ5NLuLxL2WCIS77aMsIo0L/K7uAC/Y4GM9fwE8J+GvD9/wCLviAnh600qy8NWmrytpGlwuPLhtFkcIwYYBjZFDAYyN2O/P6lftbeNPgf8R/AV/caRb2kOv2cT6baT6XfzTzzyKGMgMqLgI7BQ5IwecAHaV/I39nbVvCVnqPjWx1xr2PVr4K1tE7zpGkfmMjMr+WSI1A6gepx941pwLVzWfC+PxmYZpmmMxNSNB/VcVWq1FSl7r5YRqVJttXSu3tboa4jC0aeLo0YUYQhGUn7aUIRc4uNk1ZaqLVtk9W3e9yL4s+Eria48GaroVjYWdlY+K9Jjv7iGTIJMjjcRwTtzkn68A816zr17FZXuy4uofJiijO8XQCMTGpYsM989x9Mg86XxMk8A/8ACNeFrfRtWsjcnxjpi6hB/bcQYxpITMxib5gFyAGIGMNg8ZXC+Ill4QGoag1paabe6eYrc/av7SEkQPlDILIxDEHqB8zdAQAMfR1KmIxtDKVisNXpKP1im3OlyuznTbd5WXLa60vzdGrGdOhSw0sW6dSlLn5G+Wzjdxs1FKO+93pql0sfNvxbvrO5vNNNrJaO0dtdSOqTI7BShIzzkkAnP8WRyBwK/ID4lNs8Ras0rDJuGcKn8K+Y34YAPvjcBg4Ffo58V7KztfEWmy6NcF4LuxmZ5IA8tuoQcpG2SrYAwTzlQc5G2vzL+JMqnxHqSksfNdm3FCMbXIBKtyOmWyBzxg9D/WPhzhqNHK8KoT517NfFvZuOrtp10aa62b0PxvierUrY6tenZqWzejSUdU7WV7Jp6X763Lfwfhhf4pfDs/Nsj8U2MzhcHKpKCcDBBwCMcfQZGB++dz8SPD0F/Kvk6rOY40jcQwOT8i8kBYyvTgAY6c8Zr8Lv2bp9LPxv+F8+r28l5o9r4mtH1K2tnWOaSKKRDIisc7SUx85JI4Bz2/XH9qb4q6H4K8V2A+DtrcW0Or6c1/OL28huo7aUs0fkOpjGyTKklCcfdIbBNfm3jBhP7U4pyXKVRrzqVMDVqxlGfs6EVGcW+epa62ask3rrpt914e4mOAybMMVVcOSOKpwklZyf7qNuWPZd7NaLVaHtsXxC8O3aboNI1uQ/KvzQyLtxg8kqB6np8q4X0NbMuv29/pN8lhol8J3spkjlmKoEOCQTkYJHTj5vbGBX5yeEvjX8ffEE940tzt06wngF5LZWMbJDDM2wB5ERgryD7n+0wbBIzXhPj79o74r+Hb7UDF4ovYY7fVZbaK0I2hI93BkHyktyFyCT1J4IFfm+F8M8xx2Nnh8LXw0J0lCc1PEVZpaxsnaOr+01ponfS1vsK3FmX0KMatSnV5JOyl7OMXdWu0t7/Fta++6bX666VF4rurOzNrowZIIgAJCEkLA9htDNlgSOxBIwBXpHwt12+0f4i+Eb7xDJbeHItN8QWNxe6jelfKgsmuUWaTY+A6oobGc4OOB1r8PdJ/bJ+MunTwyWviqS6RVR5Igm1UOAPnJABCk9/f2Nf0A/8Ej4vhz+1N4S+Mfij9oODTfEeu+BLvSjoum3+pRW1jJYTyRvdSXELOjSmTcYwF3bcDOODXmcb8EZpwpkWNzbN3Rnl9OKp1/qUZzrJVpQpxlFTjHla5ldt6K61urrKOJ8FmeKWHwUKrru7pwnCNptRTt7rvdqNknbtft+uv7R37Y37Mt34c8GeBNJ8TeB7mysNXsL3xPrcdrZ3Oo3kQt0M0YmEZZWch93JCgcFgCDwv7MP7UPwR8NeJPiHfa7qmm2Xhy6vFTwZ5Kx3j+S7b1kNqLZyQPlYIuAAOSMZrz/APau+Hn7F3/CH6hf/DP4f+A9CnsNQ0G11FrG4W8ljE0kMdyIUEshMj/MCSflUj2DfLH7NPjj4YfCTx34s1bVvDWkeIPD1vcTT2EN7bAw21oiNDF5EcisCwICkgNtI5wcCvzfL8NkON4PxeLwzzWE8HH2cZ+zVOVbllHl5YpPm0lZNRUna73OqbzOjmUMLKnTjSry9rOm3zqnOXK5e0d1JWfRSWq+LRn6k/Ej/gor8PfEGm654V0/T/CXizSIrKW0afUfDkVrNMyLxDFGbYBsnChtyjdgZ5JP48+Fvjr+z5Y+IPHtx8RPgfHr51C4up9NiC7BaGR2KCKFECRwfN8oDA45+Wvufxf+0x8FJfDGt3eifD3wjCdStpFhVrS2W4W8ut2wZESnKhgA4xjrycmvy+8D6zot94q1yPWNH0w6Zd6pLLIpKyBUZndId5LFYwOew9PQ3wpCh/ZuOnKGbRb9g5SniKkKrjGatyyiouK15pJK1nqd9SpiKE4QTw6jzWfLC8JX5FZ86k+is/LurnzB+0F4h8EeIvFUuqfD/wAGS+DNEmgUrpcrGaMNu2s28KDGh42jkKpGOuD4TZ31xbyRbxGVwWRRtyQSMDaD6HIweMewz9S/G3W/CUni0W2h6PAkDM6PCjFIW8tvkVCRgquOACORjI6VT8IfDrwj43i1C4vpLLRDptqkrPNdqjuyrvIjGeSRngYwSTwVr+o+E+KqOUZLgpTo15U4U6ahKc5VKjS5Y+9OScpvV6t33v3Phs9yOGZYmbdWHtG1zKNox5mlpa1ul9kt7db8j4R1e5i2MsBbIDbd3tgZUN3BOSOM9emK+idG8QSrFCsoCHaCRkLwMZ3dPwAzxjIBzXxl488Y+Efh9rb6boGo3eoQLCpa6yTslU4ZBjIKqQG6gYzjjJqnpHx006cKkt6wQso+Y4ZAw4yf4gVI6emMEqwr9xyTjWnXw1Koqc1CSjKMXo0mou9ns+j8vw+PrcI8lT2bnDm2TdkmtLbLrbRpu/ZbH6EQ68zqh3Zxk4LBcqepz0IwfvHIyCAc8DYg1csTtYAYCg4JwCOu444znA5HTnGDXxTpnxaspljWK7WYksMFwpHrgZ7gDBOBnjONoPo+jfES1lbZ9o+Y8hSR0OScEdhjAC4BGRx0r9CyziXBYuEZOoqcvdUYzaXVaWfW3TvtseNjOGa1C8lFzSW8W7bdle9t7uz+Wj+pIL4Hd8xICADgngjrjAGfXPTuS2Ksm9IGPvN5eFK8hQRznoNvqTkj0wBXi9h4vglP+sbL5VVBypJAIK5Jxjr37jI+UjprXxDB8+6U7iAGwuABzlsqTnOcFT1PQHANfXYfFUK0IuNVPvqviuul/Tr0S2PBnhp0U1KnJPrfd7X16J722v2aO6N0+1UyxLcHgBRjkEdAx7AcZwD9Kct4vzK7soUDDNnAPUng9Qc44/nWImsRyr8rKSVGzORweMnK47jJ+mOQaoXmowhMll3fNhl6t7sDkZ4yOOAeRjGMcXZWkppSVkndbpW80r3tqtNzNJpLS6bTfW2q1b2+5edzbbV4ED5kDKq7QNxBJwuNvBHPJznByD1JqmfENumXNxyADweVA4I6EZPUkjjAHQEVxMuqWZc5wWUHercZ53AqMDk4AwPl7EAk1nyahYyKSoQDgkspAI6+p4B44I6DBHzV5VSVRxVrO6Stdczeive+l9GrpPfe2vXSnFxdkrp2b913ScbpLa3ZW762Z6Oni3TkJdpUBbGSXJbBJDdunORxnJ6d617LxfoTYWUwjJwGJ4wMkke5JxnHfrngeGS3Vk5ZUhIYBi2ASOhwVJBxnrwcbscnnNFnt9oYCVdo3EjJI7gY7AgjOCDzjuBXPJuEo8ySajq276y5Ul/VtfVnbSrWaaindq97t7pWT00Vn111uz6kXX9DmjTaYWQg4IbDHnJG0kHDHAGcZJwD6Urq50mddybGOCTsGCMD+I84yMc+w56Y+cbe/KFnW4kXagIRmwVOcDIPI6YHHTk5KgHRHiiSOMGW6jRQG3MZUQAA8sdzjGP4iTwc/e78FWvLmlyS0v5N7rVO3pbe6u3ZntUKtOW9lpFq1mtLLR3Sts+q01Teh6jd2Om3G5FcIwGWO7LAkcYz2BO4HOc8bRkA8hfeHRIXMOqyoF2/Lu4GTkHIGcZ7HJ7HOK5RvGemwkvcaxYQDoC93AOMA7yN5YqNvYjHr2qhP8RPCFugkuvGOgwFjku2oW6gqMHGd54HOPQ44xzXP9dqLeoklHRpx6cumnV2d+2utrHSnRcleKutHtZ3s9HfrZPo79zcn8Oagjs0WsuAMEkyEPwOCORn1wQScYB45zXsdejGRq0sgDDkysuByc5LAFQMjB6jjkcHi7741/C+1yb34h+HVABLf8TGFtuF4PynJbOO5PHIOa5S5/aS+BlogN38S9BIySDFdBiDxtOwYIAGewyD6DFS8XUaV6rV3Zq61bSe176aWtqtrFqGHdm3FP3XbRbct07NtrXo7K1ntc9Zl/tojH9pXDYbP+tOMgHAXBGAOmO3qSOKkp1fBRr2UtgZJlckkgYHXHY/w9h6Zrw+5/az/ZztgVm+IlnJty+IcyDjgheh5GRjkE9Qa5+8/bU/Zptef+Evu7kpxugsyQSOijcct0GcE9MnOah4paXq3dkvibVly2Xytu7Xtq1Y0jLDJJKpSSjZNt2ktVsvz6dtj6FkTUlbLSzyfKAC7v39QSB8uT2Ibr2xWbPHdj5vMYbhzy/cE5Xknv0GcdD83I+aLn9vr9nKFiRfeIb0gc7LLAJzgdCSOh78EjIwMnAuf+CjHwEtcrBofiS+I4UGEop57Ekn2Oc5/i5znGeKiru7aVk9900tNfTuuxLqYZSs61OzWjTVntuk97tWTvfRO12fUrRXTOVDTsvOQEcrn2GSxPBJ4P07UkcN5goLa5ckngZ7g4DDj/eHfJ56AD44vf8AgpT8Koy5sPA2uTOwODJIqKQDg9j04yO/cg5A5C8/4KbaGnNj8ObyQkAKZbrAwOm7Ck9wTycgFSDxWTxcPhUJOT1Wz7dW7eXXola2uUq+FT1qxtononr7r01a9d/S7aPvH+ztRcYNtcgljnG4du7cEYIAHqOmOaVNMu8ANbz5wc4JPI9TtHJ/T0NfnTd/8FONYcsNP+G0QQDEYmuw3JzjP7sZwORjB6kjuePvv+CkfxKmZlsPBGj2qsCQWAfk4555LDgAgYHAxjGHHG2bSjPVJ20tf3eivo9Ld9t3ZR9ZwT+09tfceluXy0urL576M/UgaddgAfY52YMRjDNnJJ7dvTHA+6OMVOul3eARYTtu5BwRnHblfTJ45xnHSvyEuv8AgoP8dbqU+TpmjWgK4TbZAgD5uvbjg8AAnj687eft0ftE3G4JqdpbcHJgsACuOchgGGB7j17jifrkna0JP77W002fXt0t1MpYrBrZvTpyx2VnfRatJt/52P2mi0a9yv8AoUpUgkDBwBkZ4IIwe68jjGPSwdD1Dbk2hUEjJIIz3LZLDBUkHnOfTtX4ZXX7X37SN+SV8XX8ZIwpgtdv3j22p1HOO+CABmsCb9o39pC+8wSeN/EaqTnEZdeSM/LgHHU4AI5xzjFEcTVlKyg+Wyvbu+XsrabyXqnsNYnDRWkKkm2tYpJW91apK6S6X0tvc/fYaHqBGfIhCjGN0sYGfUZbPqMdjjGADVg6Rdxn52tIlABy1zboAduDn98N2QeewGB24/nqk+Lfx9v2/f8AjTxfIpyf+PiVeh9FPfPc8Zqu3iz4z3TbrjxP4umBU58y8uQASDgH58ZIxxz6L6nVYiskrK3MlpyvX4X3S0e/Vq702T+uUdP3c9dHrFdteyW9+uj3W/8AQ4qwQfPc32mIw5JN9bpjaRwP3rYxjIA6Z69KmXU9DTDza7osWzcdsl/b5zgHcWMnX19+M7QK/nZ8/wCJ907GXWPEeXJBD310c9ck5dc5I5weOpCij+xviFcKzvqerOC+W83UbgMOTx/rRkk9CQDwMDNVDEVt+RNJfaW9+XtL1Tetm1bQh4umtXSqWbVnePW1r2d12e9kte6/ohk8T+CrZ18/xZ4fTI3YfUYcc+nOMDPIGAQSeehqy/EP4bWiP5/jjw6mGztW+iOV4IGATn8QO/DZBP8APLD4b8ZTtia8uXABXc19OTwCcsPNx0BHYKRkeg0ofB3iLfumnbDBciS4lcY+5nLScjGVOQM5GMjir9rWa2ir2s0u/Kndu6fXTS22pm8VaN1Rle691tXburLS626q727WP3wn+MPwitSzz+PvD2UzgC6QsF6DAxjcBjk8kdCMDGef2gPgxaqzDx7pYIO4ujhjyfu9DnIHIJHT8/wtTwhqTsyySq3J+UCRsj2IY46+2CB36buneCLyeKQ+W0oRh8uxlZjgYUMRtxxg84J6c4pyr14JOPLayV3om3ypy0bs1e6t06IPrUp2XsJJ30u2rPRXbSv3el7etk/2fk/aa+CkbEyeOLVtvygR4OeSeB/vD5gM8H7uDisa5/am+B0aSZ8UCYhgMKo5GSSc8gDPsRjH1r8j4/h7cSSKTaPHGOGDozsGYDpzng98HGDjjINpPh5GW3TQoCCQQ48vKDJJzk9BnPH+6COlLE4hpWlHSySu32s7Pf53/DU9pVasqKs2nrzWvdaa31stkr+R+lt5+1T8EjJlNbkIVmONhYAqxOOhyT90nnIY855HOzftafBpGJS/uvkyAViOC2BhgSeeM8nOfXB4/OW68F6dD5jFIpNrcCNVLAZBPPBOTnnv39uem8OWTMiQaXeXDyAhVitppDkd8RoSR7jjtSnjMVSS1pJW967W7s3vZ66X1vsrapCVKpO6VJXbsrRnps7NJWTs9/nofpNJ+2J8IFYIj30mCSWEDevHIzzzzjPXjpzjXP7aHw0jcLDp2pzJlju8sjI6jPIznIAbr15Azj4IsPhn4p1WeOHR/h74n1FyBt+x6Ney7s9CdsA+Y8fhw2c8egaZ+y/8eNZV5dP+BnxAvI+TmLQL0cDnHMY5OOoP51xVeIqWG0rYzBUm7fHWpxa+G+8lb5u1mtH16aeR5jimlSwNerflS5KFWWjts4xvbfZp211ufVEv7angoMgh0LUHXa3zNkY9Px9gOnGOBWZc/treHVUiHw3dsWycs5OcgYHQ+2QCf6V853X7Ofxk0aSAa/8ABXxzokL/ACm4vdCvkjUKcM/ELfKMZB4DDGD0zJZ/BWyuGmOq3t7o7R7R5V7ZT27KwO5k/eooUHGeclvvZ5zUUeJ8NWfLRx2DrPRP2dWnVavy/wAr0u997bWudi4Oz3lVR5biIKzs6tGrG8fdurySta77LfTc9xuv22rcBTa+FXfYpO15CMcnaQCBzxk8/KMnnqMqb9uLUAri28KxBtgXBk3KWA6gAHAGByc9xwSc+fW37O9pchp7fWLae1bBYeftkDFQFXdwBk9RjkDGeeK7/AHT7OWaGe+VpMfuzHJkKjZBYnIyQOcY3c+mC3rUsdiasYqOIoq9uVJx5vste70TW77WPNxGR5hhrurhZQtppdrp5ta3+fzZ09x+2/4qkJWHwxZRrkMGLjIyOpJXOcfN7Z5xiuavf2zviFMrm20uwtyuQ2FBOCSFHQdjnI6jk8kYoD4MeHIZYnlvDJG2UJ34yy8HcMkhQQBnkZzgDOar3Hww8OW7hI0M5ZyMF2wgHIyQcEHJBzk9gBgVu6uKV3LFUktObZaK3W9r6/5+fAsBiJaKlK7at7rbWq2s27Py17u6Mu7/AGwPixOpSOSzhB+U4g6Z+VuQ3A6DGD9RgVyd9+0n8XNQ3I2tSREghRFCRnJ9M4z2GP5ncPSbX4WxXMqpp/hm81JwTtS0tZp95wu0fJGc7iB1yPxNe6eA/wBmHxxrbrPY/BbXtUkLI4V7GdFK5Gd5eMcYznA6dCMmvNxme4PAxvisypQ5dk60Ia6WvzSVrXvru+lj3Mu4PznMJRVDCYhxaScvYVJLVxTd+Vra+zS73vr8OXHxU+LWsHyf7a1e6yCoWCJzweMDywcnphfmxzkc10vh/wCHP7RnxBkQaFofjTVTMQv7iyvPL5OBztVTk4BODkHvjbX7nfCD9lD42adFBLo/7MunSSl42ik1WxDP5nGCd8RxgHceqj1OQa/Uj4SfCb9sDRre0trX4NeFdGgDoW8uwtkaNSRkDEIPzdTk5JHHGa+EzXxQwuEThg3TxM0l7zxcHHTl+zT5mtkmm72663P0bKvB2tXjGpmeNrYaOjlTjh3BpS5dHKpbXo2lbvdJM/l08Lf8E1/2zfGwSZPBHiSGGUgg3oniB3YHyjO4kjIIPTncMbsfWnw4/wCCJX7T2s3EEvibQ57K3k2ErNIUJDAAqzcbABkBmBHJ68mv60vBnw3/AGqbkQm/sdB0ZVYFlVIgAeAfuoOgHU8Dt0r6q8J/DL4qo0LeI/EdmdqgvFDEMZz046YznJx3HdgPiq/ipnle8cNQow0SUoxnPS8Ve8pW+fLq9WfS/wDEMOEMDrWxNSs4a8sq9m9Vpy072137vRuyd/5ffhx/wRP8f6N9nkutD0GZ4WUsbxhcuWGOu7aMYz69Tn0r9Lfgr/wTT1vwvJbrqUWnWgiCgRadaxxpEAV3cgcqRyc8g/dYHJH7g6Z4NktVDXV80jE5kwMAncS3PTt9OeABxXX21pBZqEhjJxkEkgnHQksM7vxGQRwfXxa/GHEmPhKlWxTp03rPlVpPRO3xOyS0ffffQ8zEcIcJU6samHwsqk6bXK5zk43XK78rd29FZrTo73sfGngb9kbQvDkML3JjeaPZnciE8AevXjnv0wc9vo/RPhr4e0VIlitY5XUDBKjO4EEtnAPIXkADGe/f0tUDFWPQcgZwBhRyTwQT/D1xjhs8UpRWDkAb9vBbA4BLkA4wBgEjuB1J5Y+Lye2lGdaUqk2170231i07edui03s+vTCFHD8tPD06dKCVvcilo7W16LRXXz1MyKxtrZCkUSIBhRhQcKclsbTx16Ekjn8JNpXjBGRyQSSCBkYIPy5HfjK8N1AWw+MlR/dwR3yeepzzjGTk9ew6tZDkjkEknGOOeMbSRwTzjnuOeh66dGFvdTSXW1m9rS1/O2rdulgc73u733b31stNdfJaerICWHyqCeM7m5JyckNggjGSDg54x9FAYgMT3Py568nnoQFAOACRyRkAZxMIyoIIbnrnrnPHIwPb09OlH14Pv05xjqVGT06/xZCnvukkrNO9t+VK60u9XfXs7X3u0Rt669vLt8umllbpZFUAcgbgxyOgyOT6AnoMDpg800SegwM8ggk8dcZHzDgdTx055xMSMheQWUE8gAMBye+Txgk4xjkc5oUD5hg8KCADgY6c8cDPBwO2OeKpJNpKXe/yXZdV17Xsr6g7t/m/u6db9/XW7EVjweARyOeAfTHv6kD35zh+9jlTz2O45BJ7Y6dscfe4PY1GFAG7gjkYxznPTA6qe/XkgdSMIH+YcHjORnocf3upzjPJyOmapQ26dvuX63VtNNemsuajr/LrZWd7fP8A4OnbUsEsBkgYwDjnIzgk8DHHvjj6cSFwOSQuDkLg5xyMAHgjPHJGPXHSuvHUnAwFUnPXnbzgFlAJ4GfTvTzgkgYBwB8o5P3d2OmCp4Ocnvk551ikm1Fq9k+9ldbWXr30ab63zddbJdne+97X3/PvurKxYSXKr2yfm3Zx04GRg4OOTgEA5AI4Cb9obkEDgjOCS2TjBJKhcHB+pGeAYTxtAXG7PAI4Udc8crnp06c01WfGeSBzzgZ6FT0+bG04OOueSTWip7WdrW0d3pZJ23s3ba1tFdmKqpWW1luuifLprZa8qV2+7joklIZSW3YY4XaCdp6t375XGMdM8HjBCGXjByc56Yxn8R9MgHnnpniNjn7pPB52nGCBwTnqQcYGM5yOOoRV38joMjBHJHQdD6kjn346iqjTvdW7Jy3dm19yvp579CW4WTW/W7t2129F89tizHJtKjJGVB+hGevTnOORx1HRSDl+NpMeA/G2DkHwrrB65BzasOoPB4GeOvI45rVjiJYlieAM5zzx+XOeSc59xms3xlE3/CB+NQo3N/wjOrBflxwbdgMjnOe/BPUetbcsVBq2qTWifaN2+99u9t9NDOEr1aXKlf2kEtH/ADxttfrppdbtKx/Db+2t4d1bVviDo32XRdT1APYag4Wxtnlfi6lADBQQoJ5+bGVw2CgFfZmjaHc2v7J1xo80kVrqNx8MJlj0m5mRbxbiSSTZGbVXL+YFIwpXdyMgZBO78YPjL8A/hz4yudH8Zr4q/wCEkazmeKTTNPF1A0ZldnjtpSf3QAJycZPfqxrzPRNX0vV9M1b4x+BdA1y78P23h7UNQtYfETSBr9dOVzNDBA5MaBSjHhCuT0UHNfN4/MMTWy3CYeODrU4UcTCdKtJWhiJKa5YxctLXulvdH3OTZXh8JmmYYr69QrVMVhZ06lGLbqUIezjeUo3d7aO2j1abb0fxv4H+C0GkXmjeNm8TKl3b6THDf2MlpcxTG4ZFUxINmNqDhjgDgDIHNf0R/DbxFpFz+x/4o0y0uJLlrPwubFnkRovMkeBpCFRlViquypnlT3yOK/nrm/bq8b+JrqLRtC8F6Bo93d5W3F3Bb3TcMFLKghUhsDvnJyGGea/bX4QaJ4lb9lTxrrniPXF1XX7/AEmC9lighFta2sM1spNusS4VXjZtgIXkLk9gZxFPMZYvC1cbTpwnqqdP20ZS5fc5pOEIx0Saerd9dLioVMrjgcRRwFSVSKqQnOp7KUV7S6sk5N3k1Z/Cr3ezWn81X7UNhr2u+PLGew0y5u4bS0eCV4x8sTeYVCgbl7cnA754IIrxvQ/CfiYajopj0mZIINTs5ZpGUHYA6FzuznIUnGDyecZIA+o/j/4s07wn4o8q7tbqaS5jMgjth8uSxBDkEYJ5LED1JwRmvM/DPxI0jUtT03T7ay1VGuLuCKSRshI/OcJkkHHy7j1w3ByDzn+gMjqYhZZhXSpXpKnFRl10au2r3d92n20srH848Q0cL/a+O9pWftHVbcLWd/dcYvSyurN91G+7SXu3xB8V6lPZaBoe2eWxhmjkAWIKRGFCMAQeeRnG4jBIJ618N/FPwvpOuaxqF619eWZuvkkUWxZIzCpRVP3Q28gnPQbsemP0G+IGnaXpUGgBjPPvIXzFGHLOOVLHsCTnJOOT1OD4J8Yk8JfC7V9JsvFUN5FceINLTWrWCKBbgNazAMsjtkkZyM59fmA6V6+MxWIpSVOEXKU0udpOVvhsr3TUVdq1/h5r2dreTQwtDExU6tVQUW4wvKKta2zbu1a1tlrqeP8AwTtLWwOk20U9xcva3MmZGhaNMFgQBuHQ7SRkAAMR6ivqH486u0HwyZpdPeZbiNYICvy5lJGGGOfUDkZI65rwn4eeJvDnijVY7bw5BdQL9o3FpoBBGTtJyG4Uk5PTLDuD96vrHxXptnceGdPXxI0EWk2qm4nkuCzxxbf43GOF3Zzu4znHU58GrUftVOrTtUjZ8vV/CknpK11qrNas+hwtGm8JOhRqpwcFHnTtG6UU73vZaK7Vk/y/PweD/DGr+HLTULzw88k0Xkq4kkLOzuAZSyjBIJAxyece5rofA+sXvhnxVA+kWFxa2k0UVnsbPlLEqkAAAnAQLxnJA4HVRX0zp2p/B5IZLaXUtIaMZG4OyKqgkjCkE84ySeRz82BzyviSf4Y3cljB4Y1O0OoPMojSCRnWR8rtXcozjuAvQ5HWm8VzON48sWrNSk37y25brW9/TbY4YYGEHFxrQlOLg7QkuZuPLrdX0a1vqt7+fGfFrUdY1u+0oabAbidLYeYq4Uqco3Jbn+Fsg5GO5+6Pn1/hB8RNe1LWtSitrGNdWkiYie6CsApXduUZ288gZI6568/VV/p2iaVewjxJrlnp97LarLBFOzI0kQXJYEDooKls56dQcUW2p/DSaSGC28dW7XkxYJbWtw8jl1P3FAGS/PKA/j8pqo1sZGhBU6V4Rd4SSbbbcVstLp3V7arXsZ1MLhKtecqlflnZKUXJJaqKvqtNOm3vbLYb4e8P6xpdvpkF9DaRvaWNrazNFMp3Sx7ckY5boOoGOo4+U/o5fLfSfCQiTcqHRLfyj8v8MY2/OSMD3zyM9q+BrTT9MvVW7sNbF3FayxJPhHGwtKBtkOcBs8/Nk/3uRx+nVpYQT/DW2sJo0ngfw+3mBgpBH2YlTu5YAbsg4HQcjBxwYmVarNOvGUJRd7SjbVtbxbvrq793ddj6DKaVGjCrGjJSg42ummldLTbRON9f10X4i/En4HeOfEfi++1m0utAaC+2Mm7U41IAwMSKSMPgYk3HKkEHtnkP+GcfiAssW648O8feJ1OJU55BLFsAjA9CTklgM17z4wstF8Mh9T1LX7e1gu9VvLeGFnlIVkkf5Sd+cDG1ex/2gxrzS98ReA5mKf8ACYxgyEqArz7l5XG3D5IJ+UYIBGc4wMezTr46UUqXvRUErqhJ3XuXbd3e1lqmtPOyPn8TgsFGtOU5uDnUUpRlUj1lFpW30u7JvzfU/TXwTpt34a/Zb1rS9Rmtpbux8JahHObaVZIRII2yFZeHUL0Pvwew+PPgsLSf4DfGQC/aOZV06WK12khwtzJvcSbcLgcAHkngknNfUXhAQr+zF4j+z3fn2w8LXiRT/OftKyIfnJJbgg5yB6Zr5S+BV9aW3wT+MtlPdCO5uodKW0tZIFYXDi4kZmWbGUIJB2gFcDgHBzGUzaeMnWVruSW8fffL0vfVuyT2a1T678QUVFZYqd7LDRtfblvB6Ptb729L9PF/Dpnj8RaM8MspZ9U0rG3IZX85AGUnPzA854xxgmv181Dxl8QofiTb+D9f8Ra7q+hLp3ha7t21vUJ7iO0REtiq2kbNsjC5wpAB2AAAHBH5geBYAfFnhOxvbW1kivfEWhWkpZ1Uoj3UQZg4OFCgnJOApzuwfu/qr+1XFonhb9oHR7DSmkS1uPBfhJpY7O8S9igkVbYSTyyISFJA3sCSACR0BA/OuNcVh6uOw2CnRVSs8BjasJypxk6bg6SThK14Sadrqy7u71+24HwmIp4DF42OIjTjHHYGnKCm4yk5Nuzi2k42SVu/zP6hH02zm+Elrp9vFDCV+Emq3PnAEq8Vz4c2j5gc5aUsxBOSW6c7j/At4m8qHxX4vgaZSy+ItciT5c4KanOrHqAMEDgZxnJHBNf3kS+OvDV38EIbDRrttR1SL4X6HFJNYypLHDaPpUaTNIVwQQ24MMctnJJya/gb8ZTXUnjrxyYjL5cfjDxKRlOGUarc+nYZJ4Pvmvxn6OeGnRx3GCnzXeLotSlG2nPWW7u31vLvZH1/jXGawfD85OycaqSdndRp0mpJO715kvVPS+9HxVHHb6RbRTHeDIhLrn5QQDwpyeBjkHGSM87TXa/DWOxbw+kfnyAfbnwcttVe2QOmcDOT2IwBg15b4hmv5tKt5JMcyqVViDnZgDcCCM/4jnGMdr8PZZYPDTb3ZGW9csq8tkngMQCVBPcYLZz8wNf1RjUnhJwc7bO2ieyTelrpNXTs7dVqfgeXKEcVSmoJtySV07q7i9teqdmrvof2Cf8ABJm3WT9kQfZxaXUseuavH5jzBcJ++yzDGM8Ec/Lwc4yQf0V8J2McHh7TTHbwXN1ZzXU0cUdwsod5Lkhl2ZxuUndtwVUAHA6j8Yv+CZPiyxsP2NdYbUJbzS7eDxBq4m1CC6NvuYwTukSuu44lfCMABkAgtk4H3z+zxq2p638OIdfh8UGZba9vFMrWj27xWw1AAWUDyEmc+WPmuMDJznaev+b3HOVShxNxFiE70/7YlGSlzyc5TlzRaaVtLXfSyjdq5/eXCkFU4cyaXNyc2CoNJRsrRpxja9+61un1v0b/AJXv+Cid7Ne/tjfHeGVIoDFfWjTIGVShW3BReMDgeh5z0PAPwu1+BpH2eJYiDPiPzGEgd3RskZYEHJz6Z4AGcV9Of8FE9Vnn/bA+PctuxcTavYxeYWIYqYFBYjPLMQOuTnjPYfAcl7fOWgtndRbTRkMN2VYcgBc/MSTuwT0xng4H+gnA1Jx4U4fgpJf8JWCu7rR+wp6a9N322T1ufwxxvXf+tOe80XKSzLFJJa3tWeqXVJJve10t7nQ+KrOaC/t3hMaF4IlZUcAl9oc5Uk4O3PDZ3KAcgdPMtVuWa9mLOQ+xcBTuJ5A4AGQfXk+uSSM9ALDxPrV9JNcF4zE20yOCDhRlADnaGJxgqCSPvctkRz+CddmuYJokjfzI22ITuaRohluMcn0ySSO4Nfb0GklCU9X7u9lLb3t9+2unn0+JnRlKXPCDSlZyT0t8K7q2remu+vc6TR7qePw/evLZIY9kYUyLtfyyMGQAjIDBiGPygkA9xXIavNbyQo9vK0QJTbEHJBJ5OQDjClcdMZ6kniuqvb/xfPp/2W4slit2tPsjiK2K5jgXA+6pJYDlmGQeSM5APmtxa6nLCZ9krCMom1VII2kr0KDAztxjB5B46U4qLlKbd1ZpNb208lpdrS1k9LvVlc3Jy6Xb5W20k03ZuzSTtdre+t9T+hz/AII/WuiXnwv8S3OrraJd2XjETuWvRBM9vGC2xEBBJYfNwOGBIB6jsv25/FOq2Xw9+INnAJ5nvbq4udOiExu1t9DuZOC2B+7R8EkkcHBIABB8P/4JPfC3xZ4j8B6z4j0i4gthF4tNu1jLE073G0N5032fcPN2IThSp65/vbvVv2xfgp8StEsfil4hvdauIvDc2iNPYQtZuYRbxEFrdFy7RFic4woXBOcg1/LNeGBp+LGNxFXGYduGaYWr7Grfmi1Vw6SSatzttW0te93oj+0KOIxMvBfLcPTw9eVSvk2KpqpT6RXtJOTdmrcqd7taN6dD+c2+nvf7R8xrcb1mhKiQgB1MnyggkZB5UEHuCec19u/Ev4eeKtC1L4DeKPEOmWOlxeIfD1tdWVnZ3Uc0oghjfF1cRpnymnTBUHknjGV4+D/EmpzXeoXEtsl0rW2wJmCQiTY3MoAGAuQOOdxXIJNe+/Dzxz4q8Rtob+JNcu9Xh0UrY6bBfM0rababSBb2+8uI4QMgKDkMTzwBX9UZ26k8Hei4Kkrzno3zxcVy8rWyi5O/N3211/jrJadOOYQU1ecZtQs1ZNSXM3ZPXo/wu2jmv2lJl/4VTZwtkE+KtQY4HzYLjBJPcg4A549WFfnG9n+/MbOQoXPOcr0I7nGD1B9QOABX6I/tJ30H/Ct9OgHzO/iS9LMwGNpIJ5xkHaBnnJA4GK/PK5uP3hCht3G455A68DAAJB6AgY5GBtr5yldUYpvRNWvZ6csbWsrN6K3pe/U+jx6X1lt2ldRbcXurR66L5dth8VgWbcJGJBIU4BAKnBB6HGMZ+7nB65xU32ScJI4+7nPII5YEZAyQT0GeDxnPYttbgIyH5j1JB3HkEksM8BeAcnrwBnoNR9VUo8YXDN8uzG7pyTgDAwOR14xwOcN8y5Wo3vLo7fy2uu9vm7ehwp05Rd00+jVndtLf5pa62va3Uz3cC3gVmPD4wuQOO2B3z34zlRgcE7+i3LtGSpJUSPuU52gBV65PXPHfAIwMdM26jiOnWkhBXdIxx1OATk5yCQx+7zx1xzWtpUttDauyoTGJF+UqMsTzyeTk56AYx8pCgtXdHXlT3SV1d9ldvVfO9uuiRCknGVo6vRv3t0lq72u1a3lKz9d6N5hcRgorJsUnAx91jg8Hvnv6jj07xY53iAVUO6ADaxyc9O+RyOncdT0rzC81trW5XyrT5GjJXLYbA/iGQeg6EnnknOBWs/ia9ghhnSNV8xAjA/eUNtx149ORjI4AINdFOas2+lm9lZ6f9vbJN3266bck6bTg7uz2V1teN1eyWt76/FbZPR+jeHorm18RRPcRAxrCp6gICdu0HqCOM7SQQeh4xX1VdfFHxVpfh+08P22qzppMtrIktmJmSHayk8ruwRzg8D3Lbjt+MtC1+51TxBYq5CJKkSgJITwuGJzjJ5zgevU4Fex+IniMemxiVjIxmU5Y8g5DADpgnCn0GccGuTEYWjiqaVSnTmoSdSPPFSUZpx1jdP3k3dNWfoy6VapQqXhUnBzjyy5JOPNGXKuW6Sco7Xva3ax7fNr+h6f4PuZ9Q1C2vdQu9MaGK3Rx5lu0mQFCg5yQc7hyTkDnNfOlndQMiJ87KbmLbKzHhmYZVRuwCMgnA9Bnisdo3eC7kfjywERSxchVOBgEnsAcjKhgoAPUN0kjyIZCSVTUYQyM2ckOvXOeuCOmASMg8issNh6dBzUm5c8lLZtKySsl2St1eu2pc6ylytJLkaTTW9klJpWbu+tr7aNno3ibSw2kKIndcRs373nIZ8rsbB2qFBz8vJwfevLtctY7WytWku/McuihSc4BQcc9lzw319QF9u8XatZtojYyHSHG1SAM5AIB9eeOc4bkfKCfmzxFdtdSoVZ1RURgv/ASM4JxkgAEDGOxzkV10rNptKykrNXbcdPv6Xu9La+WU3eScXf3Va7b10tom1uk7P8ANH7ofBSaNfg34LRMM40qNMldx5IPTGDzjAHOe/TPqFnd5ZIywzhx3GCMZI67eeOevGCCOfCPgfqAX4Q+DxuQFNJhYkkEjCpu4GWLA4+bGOee4PqNvqaRyoplj3TA4YyIq5wPQHkHOCWGRwORz7MIJKOlr6yurNap2V0l3SW9u+ifZCd1FOXNZK+t+ibt22XZfMl+NtzCfgP8RYmYEjSkBTgjIcD7wC4BIzxz3OTyfyQ0a3tYtOSaRI5DLbJtUMA0bEhjgZ6nrwc89u36bfHLVBB8FvHUKSiUz2ESlIkaRzudCAiqSSRxwATgE7fT8qdG0XxJqSwRWGh67qH7kNi2069YNjbgAJD7DPJ4Axn5jXkYiMKWIqyqNKM1Bq7UUnyq9m2tmr3vffXS5pjKdTEKhGnSnUcabXuxlupLpZt6W27dLGB4qigN+wyrDyckBgQrE4w23P45HHAP8Qr1zwdbWifDzUTKxMklvdABScEphkBA4wB3wMcHvxStvgX8YfEc7Ppvwy8WzmaJSjHSbgKwweNzovuep4AGDivqHwT+yV8fZ/A+sxSfDzU9Pn8pxbpqKrbrJ5wXJBdhtCgDI6njPJNcGIzLAU4cs8ZQi1yu0qsG91daO+l309dyaGU5jWtGlgsRUvdtqjUb1cdW+VJNaWeu6sfnwbOKfXdEVyxRWJYqdwwGyME/QcgcYyBjp9FaeqNYyKrsiFVbywTuGDjb0/iA6nkjPNe1eHf2A/jlfanpl5qP/CKeH47aNTMmqazaROhYls7GkOMgNuBYEdMFcE/Q2j/sUS6cbj/hK/jF8PtEjbBJXUrWbyyMZBAc4AKnG3n1ORmvFxfEGU0XGMsXCbaVlDmm25Wuvd5k7Jq67PS7sztXB2e4iPN/Z9SMUviqypwtok21UlFX11urJWvuz4LWLPn+WzogQfKQQwbAPB7k5ySfwOa+s/2S4pF8PftMl42zJ8J7sx78EqwyASoB56EFvmxxkZJr1KT9nb9nPQIrn/hKv2jvDjuARnSSH3ADkYTO4kjA5xkDPJ47/wCHOq/sZfCjQPiNHY/EzxN4hh8V+GjoWu3dlpkjRW1nL8pa0JbDySHgHI4zxjAHyfE2b4XMsqr4TCQxdarKVFxcMPVsnCtSm1dRS15XbXfbse3kHB+Ow2PoVsRiMvw8YKfP7XGUOe04OCTUJSa96S66W7rXyy3vhDpHg2WR1cjwfZKwLYUNsCdCAGHyjphmPOciufvNbR7/AEKRVdkj1mIRhBtycoWycnrz2xnjoMn3CH47/sV6fYaJZ6f4H+JXi99J0xLO3d7ae1S5gQHbvOGAY4Azgk/nSQ/tI/BqKKF/DX7IviDWWhnNxbT6tqjxIhVsK7oUJ4Pvjsec1+YPD4iMqkvqdaKfPd1ZUKKtLVt+1qqS1fRaa673+xp8IUlVhOrnOX2upWoRrYiTS5bpOnSk3bTVP5ntXg/XrucuIfP2KpJIVyeVACrhSrE9x909CDyK+f8A9tnSvEfiT4c+FLfTtD1jVvL8Shgljp9xM6KyKAxMcZIVSRk9Punvz7vof7WvxYubRv8AhCP2V/DOkRvG4in1FhcugRRsZz5eCQoyTjPzDoBg+VfGn9sr9rDwh4Z0jUNW0L4f+F4Z7p0s7OHRLW5uU2fMyEOhAYqdu7aCOANpBz5GQ5Zi8PxFgsVh6eClVo1XOEJ4yjKc7x2apKdrXv3W/k/cxuVZFTy6vGtmOPlGVNx56eX1Y01fke9XlTUns9fTU/Ne2+A/xg1edxp/wz8XXkXnKZJotKuCFV8YLjYAMdM4yMcjjFerad+xl+0TqgdLT4Z6zBFNblo5ruHyApKkYYuVwcEKQcjqeOlelaZ+2T+1/wCKrGSXTvG9poEVwD5aaZpFrA4Bc9/KYAAc5PGF54zjkfE/xb/ap1JBLqnxr8VyCXAmTT5mgC/L82VRVGOexUoMnAJwf3SGZZxKcIVVgKO1/wB5VqyaTj0UI7bPV+R8Kst4appyjPM8TFq6bpUaS6b2bdn3aT0vqdl8Ov2E/wBorTI5ReeG7HSIw6iWW/1OzgUxltxZQ8obb0OPvA5AyMmuy8T/ALCvjDUTdS+IfHvw+8PZltnH2/XLJmSKJ1Z1yJSOMYYDJHGOuR86eF3+JPjSXULfVviF46v3QksbjXbxELbgQGCyqBubPBAUj8SfPPjv4S1jw3oNhPdalqjXNxfxRNJNqt5P5q7cjIaQbcg4OOSAR3BqnWx9XERp/W6EHJJr2dBvXTrKb6WaWm/RO6SpcO04Op/Z2KqNX0qYlRT2V7Rje76dfXp94t+zF8J9BtR/b3x9+GlrLAFEsVveRXUpUR7XKJGc5yTgAH5gOOc1T0z4f/sm+HI5YtT/AGgY75GaRlh0fTWcly+QN+TuPYHI65OOo/PzQfAOo3mhRanJEcC18wJKZJGkUsPnLuTlzzjou0kkkYr2/wAPfCmxfTbS7MKrM9sHdIoUxGT0Yk5J47jB9Aazr4PFST9pmVW23LGFON7W1vyydldq9tXZtdvawGYYGNRLDZTRi0k4upOpJpaJ6OSW3V9Uref08us/se6Rcbk8YeP9a8tlkV7HTjGGZMEKmDyAQozgjBPRskffX7O/hH9oz4meDH1f9kLRtWj+HGrak8MupeKvEbaM76pav5UsqQlG5Ug7juwSMjAxX5IQ+CNOtGNxJBGyxRDazRAEsuQRxtHBI65A64Lct/Vt/wAEg9KSP9kLw3MiGNJvF2vsqjII23hAIAOCvJPTGcA9ePxTxixEsi4YhjoOOYupj8NQ9jmFOFehHn5mqipJU4uUXFct72bbtoj9b8O8e8bmlehOnDB8mGnUUsMnCpKUZQik5NtcrveyV/PZP80/g5+zv+1Z8aNX+JE9rrPhzwZq3hrxZN4a8XXE+oSXlxqup2ZMb3e9WjE4HIRwADubPzc19Dp/wTN+OGrbW17492NqCQZUtNNllHJGQp+1DJ+q89TX2n+yHCDq/wC0bMBhv+F0a6JC3T5LhgASOcHO488AHbgdftBpMscfKwwTkEcAZ+U5OcA9OOR94E4r+U8+4zzqhmFWlg6WDw9OMaSjy4Ki5L91TbSnKMpWTbt2itLLb+hcDlWElhqUqlSvVcldudWel1GWyklrdq9unY/HWD/gk9cTktr/AO0B4kuVfaZIrWxaFec8cyMQQDgH5s8cnNdVZ/8ABJv4RwKp1f4j+PdRkKqrGO+NvnccdCny7sEZySfTccD9WJZQ+QpC8EnBGOBzjoevbHtis55WcjkkYJAZxknpkEcYOCAOeMkHOa8WPHXFMvd/tBwT0ap0aULbavlgldW6bK/Tfu/sPLmlN0dElu5WSTjbWT1vq7auyS12Pyk+Kn/BNb4A+F/hH8Q9Z0y98Y3Ou6F4U1K/0m6vtYaSKK8hgZ0d41jAeMMBuQ5Hvjg/xq+KPiR8XNI8Q6jpdv45vYIba5uoYhGkY2pFPKifMF6Mijr1yPqf9DL45lP+FKfFXflSfA2snj+ENbt0P/1sAAYPSv8AOv8AiX8ni/XdjHd/aN7jacHAvJuR6DB546c9jn+xfou5tmebTzqGZYqrieRUXB1JXlBPdR00W17dfLU/mL6R2Go4HKsqxGFpqlP6zUp8yiryh7OLSa7rS6tbdWs0czqHxL+L8izynx/rDruCuUl2kAbieR7c4A3bu2ODwzfEz4qXcjRN4/8AEpUs2T9skVV2knbhDwdxB+Xit+CMzQsJcEhiQN2Aue4HAIz97OTjr8oAGRa6ar3JSIYLb2lYYCIoOcj1DYHbgfLnJxX9nQoJR5YOzer6O6stbPVu2nXa3n/FlTMMQ5OVSfuu+9tNY6W0u1bW/k9di3P4h8c/8I+L+58b+J3up7gpFu1GfJUEZY4cZHAIAOB0zuwa45PE/iy6uSH8W+IWCjBDajOSf4SQA+AQTwMcDpnBNdd4iuUfT7OCMYitiY0UgAMRwznoBlcHgDJyeecef26IhmlRgo+YDvgg9AB0Oc5GScdSeSdo02+TmatZJNvWzSd9Xo/JqV3po7teZLH1pTko16ib5XZOSSXuvTZLord38n6Jpuj6vqnhrWNTn8Sa/wDabeN5It+o3G0lFPzHL9SSMnBxgDrg14do0+tapePFPrurPsD7m+23BwVbGR+8BGcYxwPyJr3q0nnh8EXhDbTcR3CAk8PlM/IOSSSMkD1OK+ftB3215I6ZEm6TK5+YgkjOMkcnkk9utc7gnVpXSSk0nZt66WtvfV3fo7nuYWvVnhZydSTnyppuTvr1S102XvWt81fqpNNuBOobU79hgBZDd3BAJyCWO/gk4I6dc4Nc3dW9wzToby8YCQoHa5uHC88f8tBzkduQOQAOB2qJIJFeUf62XqD93A4wCDkgnkcn8CRXM3Q2vcFSSDMeSQDncV3Ec5B3DHJxnIAA57nRjy8qik1ra9m9E0t2ndWcm7K91bW547xFeNSV5yab0XM7N3TS8rppOysYMlpIqrunuGYrlf8ASJjuIbB4L5PHJGenGM1opZj7I8zyyMVCnBmcEHrgEN3Gc4HJP3cgipzbsmXf7pQnPOF3YPUqVIJPOOM5U5wavhgbBlA4LKWOPujIVQRnJwTlcYGSMAcZVPDxT2urvva6cdNNbvXTSyvLpc0q4mbUbyafMr67K8bLV6Pqk+m99jnZYIR5bMpJYHC5fjOOAe4xkg8de2OWGKFRlIo8BTlWG3Jzj7xJBxnsAckjkYFX5hl0AyVUAAtgBj97JPzYJ45A5/unG6mSRMADgcdQFJJyOvHbJ4HPUEY6VfsKbu0r7eabdrpee+ur06o0+sKFrybV463srO2q6JN6J9VbazG2aw7WzGgQFcAjOckDgnGB29sdCeBchtIJ7hRtQxq3y4UElmyQhIxxztxkcDoSuKrMoiRgvOSS+BkgZzzxkgADAx1wQOlaVivmTL5ZOQybgSRxgED0Ge5GOBzn71Z1VTXLHskmrap219LXtu7227b0a3v8zdk7WWqbT0b62S/roO0u0gj1+BWjjCgOcFBjeMnkHsMeo9e3F7W9sd1KIki6MdxULwSO+0ZBHHv25BptlFnX4mcZbLDaOc45BwMjOCeODznvzr6vYzNN5m3dvVyoK8bQxCjI44IPcYKnHQg64SMXSkkve57ax2jo9Lq1rb33W9lc580xDpVaFvgnFNtOSdrRtfzt3e91a9jGsVicsW8sr8qlQAAxJXq3U4HUY9u2T0clmsE0CpHGVZNwGNir6kAZyBnPB46+5raPpUry/ODsUodpGNxyvyj1+UnaScHg4PfodXgCTgM5Ijt+VQAFDgYUgbRnDAEfiCTXb7Jcqbi4r3XorJNWu9dOyXRvZO1zxp4qU5K0+a0lezbbTkk1bXRWte+uu+y4VpA9zKqqFjEqrKzPk8Nt4OSeOcHHIOee3cava2kosZI8ShbRBuIDmIbR2x0zzkD8hzXIRaWAZXMgLblK7eW55BJB6HgEc5z1ByK6145UgYgMEW2CtySpYjjB56YHHQ9u+6IRa5ZWXxRclKzvp93lZ6ptaq1zWdaMlZOSfKmkr6Sur3176X00u7X0OHk2gupRSrFg23qQvQhQBjHJK89AVzgmnrBHNGiqq5V9gYKcckE5YgezccjIyQRwSQ4bcS24AtjBHJOeMccHoTz26irUaOFhIDAEkkrxgEAZPpkDn2yT1JqnT5lok1ZJuyfxOPpd3bce+rvaxmqkoJe9dXv6P3Unto3s3s7ddxIoIbaR94Vg21RIB8yAkE7cHlsgZGBg4OAOK868VMDqMpyXZVVFLDkKeRyBjheM8ceoGB6ZIoWUsxZtrDbkjDEcH8c4APtjnOa888SqJr6V0RlZkPOOBjngYAz049ORXBjqUHTV07uWsbq+jS6NvX730ulp72U4uTqcsnf3W7deX3fJWs+/a+2q5EzBQvyJkj3HQ4Y98njGOBwDjPFRNcbtwZAu3G0c43dSe2OOAccnupAA6KHSmnjUkYOweWWBwWPzcNj1wuMkL044NI+ioCGIYkZLbEyGA4GeByMcqGHXtgVwvCTSjKMG4trV9NVbZLdvqtN/T1fr9GU+V1OVp2unZJ2i9rapq+kk7bXszmGuHBUKzlQ+SVwrckcqDkHAAJBBA9DTzcyBjwzDOMluBj5eOuPbAK8k4yWNdBHpSSfwsADk/KTgFv4gcgEBemSO/XpKNMVN3y/MjZDFSSx4xlQOWC8L7MODVrDTdueLcb20T1ta2uttU31ezbZm8XRW81JK63fVLre1to3Vk+y6c8WkC5+b7wIQMd2QoyckZ5OOoPXp0JEimd3Yq/BB2huhyRnnBJ7AEcDAxnFdELGZ8EoSQd2NpG0nHXjnH3sYHoPU2RYOxyw2kMMADDYAOODxjvzjgA5yRTWDm9eVrvbVPVeWlvw3W2mbxdJJaq9tbuyWi2a3avs7dNdUjSl11xocOmxhEYJsZSQxBAB3AZyrHGQctzkAZFcqHkDMymQmT5WIHJKejYPRs5BH945FdB/Zz8YUKdw27QGIyBk44GAD3O707K1hdPnQFXhUbvQjk5yem7Awcg89cAdAL+pya2bSd27662S1v5LTrdrYtY+i0ryTVlazd9Ere7ra3dN9bJu9+XTd5czujBnjYAuSQecdARwBgDPHQewqiDcYwc4YYGASMnIICgYyAc8AepycV29xpRigmZUJYopK8Mu08f8AoQyR3AI7ZEmn6aHSBUQMwZS5cLgZI4AIwFwB1B2k4HUZUcMlOMNm0rRlZNu61u29tLra9la9rRLHQjRlOKurpW1a3XvP0XTTra5zNro9zLgohZVBO912gd+vGMcnI4I+hzqrpEsbAs/zBc5B7DJ29M9uR6kEdCK9Ljs4YYCpVEcHCgEAMcdyBhufU9V/PHvLZnchCN3VjxzweF7A7QATgcgMMAZHYqPIoxcVdqys1smtFu/W7/F3POnj51HaNoqyuuutvXTo7Pre198TTYV86JixVgzHJ69yuOAOeM4Gcjr67MkeZXY9MYBGQNw/iwTjkYPBwM9sk1UhtmSUruIwuRjbgchvwP07j6itNtrkbmbJ2luh6DgAZ7gH5eMgHg9S/ZK69219o380lZPVK6t5tXTOGtVlKWj6dt7WWyStZW6p216kcKqLhmOWTaM5GDgEDIJHbrzndg8da6m2cPapgKCJd29gWZvTg/dC9gBwWrDMG6TKsCo2qV4yFAyRgtjnbyDggcZxit61kU25VMIN4yzYypHQ4weC23vx29K6aceWLUklq1ZqyesWn53Setr6N30ZzuLdrLfvpfWLS18lbW+vrZPuI8hWX7zSjOTycE898gZ4HOM5AzmtlYmiikKJsYomVQ5JJ6E4HQ99vUdzznGulK7WVmwux2Yc8jjBB6A4xwFBBJ69dRJ1ZckkyMF25UgFR1J4x6DA/wBrnBFbQS2Vr3vvbpq9e9+lk9HuYSVTS6erejdu3mlu3dd01sjl9dkaK/0aRAq+TfW7IRywkEgU9CCuCSRjO4knjpX6c/Azxnq8Fw+oz3kr3NnZeXlQWbyHSPbES2D0PHXO0An+KvzC1UM1/o6BZJ2fUogqIrbs71427Vz93HI9ACa/Sn4S6ZqqvcrbafcB7ixhQM0D7G2IpcktgjhhtBB5weWr5rOsMqyqqa5lZJJO9rxXkndJJLTS76H1GXVJU8Ph+VNNz1VrvRpt+qdmvN2d9TvPjv46udX1HRruaBmih08R2+/G88HzGYn1ySAOM5AwRXzXd65DO+weWV25MZbJDA5wCOuOAQSR0Oed1fQnxW8J6tqkemzWVtcNLDaJA6LAVX5gd3J4J+XOOdwJOeAa+ZR4P8Swzsh0+XzPmOTEcDJ44zzjjjsOh7V9BkcaOHyvB004RcKfLKLkvdaei3vZpXs3a787HzGbUsVXx+Il7KTU5J8yhJ3uo6Np2tpfSzu7NX0XR6NqkaXcZgiiAZBvZgOmSSMkcei5xg8noAftHwnrFvJodlFCURWSMMd4wHC7jwSBkYA4PHGcDp8Q6f4V8SQTMrWFyodMktEQMAnPGTgnkcEfdPPevddMl1Sz0S1sorWSKVWGXYrlzj7xDNkEbcZ4+XqBjFdlRwlK3NTbu09baJwT6yd3Gy937rovLqdai5RlTmrpr3ovX3o9LaXSeuve27PUPEmuxRtPFG6ZXCOcgjPOTuU/eON3Qk9Owxxdtew/aFfCldu47sAEgliee/QAdyAO1cjc22sSxvvjkYtJyJGUAjnbty3PXg9PUHg1EdO1MmPBjjUKNpknjAOPlOBuz16A+nGc5rdTopJOpBL3Xuk1flbu3bytpdW6WudUqGIqyk1Tk1dvrez5WtOrTdul76PY9h064jlIKFXcfxgZIBwQpOOeSx46e5JxPHqq29wmZSGG773QYyPpliecfw9RjJrjNJaTT0CTahaRqU3NmaLJJG3b99iGBzjB6ng7hk5WoazpEBbz9Ys4nzlC1xHtAJ6EhmyT6/8A6haq0Iq7qxkrbtq2lvTW7t+Hdh9Wrvk/czc002rN78vRN67NpJa97O+V+0x4h+0fCy8gVg6yXdoFI+YnbJHvyAe+ARkdM9c133wY1EjwP4bfzCpXT40jBA6cZP3cBgRjP1/D5b+Nfiuw1nwsdGs9Tsri5F1FL5cT5dYotjfdHByEOCSAQcnAzj1H4cfEbwjoXhXQrDUNftIZ7SwRZYg4VhIwDhXBxySQMcck5HSvOlisLDFVW5RScIcrvZ30vrrstdPntr7KweLq4WkrSvzu8bO6Vo8ttb77bXfd3Pr/APtcoAqsQScvuG4fdG3OcYOOuG/nXF6vrMjkKoySzEkDOQCScegGeWBLEHJGASPMF+NHgYN5R8QWhVyzE8Fu+B15HHTHJ68ZIwtR+M/gMOZF1VpWTKnykDcHP3fm+U4YZHOQe3FDxmCSXNVSvsldfZTv0v53fezsifqOJ918s/dcX9pfy/PZJJ9rbW09Y0mW6OprOzPscZVFGC2PlxjB3LnJyTnGCBzXrSX2Y0AYlim3YCPvgDrnOeckgnsT15Hybb/HjwFBNG63l0zxpyBCMkYxxycnBORnIwPTFXG/aS8DwASIdRKrnJ2HGeevsRyvH5YGFHMsHC0faLV9nd/DtZ63XS3T5PT+z8U3eMWtI2uk7W5Wu19d7b2be7v9QPPK3mBQGMg3KRxg8AgDOCQPoTwecDFIvJh22KxClXbHXcRnI5HXqD0JznI5+Zj+1F4H2oWttSZt+Sqo5BJwQw4wTx0B4Y5HAFOH7UngzZIsWl6nkMBjY218nAJ5yGPX5iOo7nl/2lg0rqrdq1koq93Za2Vt7JXd+/RieW4uTXMmuu/fl13T2avbe2+iPoiV2MyoCN6gry2EAHToOhBxnjvycVrW0xAOxFHlqNzdctnJI2nB24PRcgryM5FfJEn7S+gSTSpaaLebkbf+/wB68DqdwGAByTwOeM9hA37TsAEiRaFK0hwVbzJNpHGQV2DlgTg7ecEnrWTzTBK0uaV9G7Rk30cbaN2vrba6abvoXDKsRdPmira3cotra1rNuy3eh9jtc/JLI2WIB2sxwrZ9B656455wM44/PDwrdD/haHxQdUZZG1WQphsbRuO0nlskg5zkZPcEcdPqn7S+rOGFtoYYICcEyH52AxwFIJy2edw7968j8BalNdeI/FfiKfTdYuJtan+0TpZQyOkTN/dyFJ27doUj5cAg4IrKpmeFnKjFKcVCXO24tWVu291dJLdddkzqpZbiqSqNcs3OMUo8y11Tu23orJ6v0Re8S3Mtv8ObCOwkHni5+Ubdz45IGMjBxyDxn5ieMZ+d7m98UXCymaGVgAwDNBgvjONvqP8AgIzgk4J5978SwzaT4ZW1vPNDW12IMhCrKwbkk8Dvxxxkgc5FeVv4isWjmh8q7MqJsEm5dpwo+ZuCA2cgnBGenAJrwsybVakkruNOMZPX4tn5LVu2ml7LQ2pKPJNv3feaSV2r2St1Ssnur7/I8d1e41IBVvQyyBk2qYyu1SxzljgZKjBB68YwK+0f2eLhxo/iFombMOjMp46/LuCjAySc8H9OQB8c+J5lumjmdnG75Ru4JC/dOR9eO/HKnmvsT9nN7ZdF1pA7ln0cszDPy7VY8+/17e2a4sM5e2dlo4O3q1unq9+Xfd62O/DyvStdaRWytqpXdk7va173f6+D67q7JeXDPDdhjczgkLkSASNyWAyRn179zjJ5C91SMo7BLkySRsp3qxwT13HAB5J6YOe2ME9zr9w4v7secrIlzcBV2jOPNO0AFffjPcAfxVzDpcXzmGJN9xISkaBB87NwoC4xnOPvfLx6ipkpPmT6Xavq2m09Ho97J6b7q6Z48eVYrSPvcyt1u9LabrVqOmqdtOp6l+z1KJfFEULRlVPlBnAxlWYlug6Z3ZxzknAHJbsviVrOiWXjTW4b7SZrt0dCswUEqiIOduOjcg8A46DOTXNfAOzubfxLeWzK0VzbyRvNG0bB1XK7sZA4Az04Pc4HHpPjP4b+JPGXjLUzoWm3l/cyorxxWq5aRQAAXHJXBA25ByQG9BXLia9LDYJVaso04Rlzc85WilaKbcm1FJaXu0r+a0+mw+GxGK5KNCEp1JpctKCk5t6fCo30WvfXdPS/iN74r8IzQGOGxltjtZWUQkMxI25PGQARkD5cjpk81x/hGeKTxPAIUdk+1QBGYYZVaZSDjgkAHJAOOoGT19H8afCvxr4NsYrvXPDl5piBwrSXcYCO6g8ElFwRxgdTwBk1534JjkHiW0uCgUPLhtozhg2AMZwpyAVAAGRnHXHDQxtLEKNSlWpVocytKm1KNmlorXW9/NefTV4HE4WvGniKM6M27tVFKLaatez2a72Wup9Z/HdIINC0O2xK/mxrteMF2XMQVh8uWIZsN2x94E818aS2zM4ji8zYoBZmRsdSWOO+Cf72Ovrmvu/4wLdQWHhWNLNL2M6XFPJtA3BtijLnBIG4ZwCMjOOM18sapd3EEV3JFaW8EqIWwxQ8MCSAu3ggZ55HJbPSuvF1pc0baJRimna+y26Pvrrpok2c9TDclRtuV389PdlZPs3fV69La2XlFjasviCyKybVa5hycYyS44PfOD+A45PT7i+NOm3d58HtGitE+0yBocxxgO5O3JKgEH5ehzn6jOF+F9Nku5teh3hmMtzA2BhUU+Yp6ew4PJBPqea/R3XLCS48FaOlx9oXckWY7eMs20IASoHBOSAT0PYdRWMakKVKrVnJKKim7u1lpptfW/3WtZo6aVGdTlVFOU27cqV3dJJJp2u3va3lo0kfmudB1RQVksrxXzy3kkBsg/KOTg44Azzg/SmadYXUNyFeG6R2mhB3oQNu8ZyfTsRjvxX19c+HrWQzCP8AtXerFiDbk7QvBJ+XIySTjAP1HFeda9aWunTIiNOsks0GYp0Cudx4I4yFwSCRwCc85xXPSx9Go4RpVIybV0k073tHRJtatpbaXT1WyqYXG0U5VKMoRWl2rNXsk+llrvrd9Xue9a5gfB7T7aNAWQxPJvJ2rlR1xyARnPGMEg84A+d7QzQTMyrA2EJXDgAKwBz34/ADJyDzmvpHxpAw+E1u6t9n3m1VZFO1S5jG47QAPQHk5JODnp8q/wBl3sxLLraKPlyxAC552jGcfiSOmQBxjqrOKnHnmtl7qsmrW2u9/RPVX9eaSlZXTTt0Tt8tLaL1v1srGf4hUx6za3bLCDmHJU7yjF1JI6MOOcDHPOPT9MLqYRfAjQZ5ZWnllMR8tcnO5RjAIPAPPQDAJJyDj83Y9MddXtILi5kvPtSwqr7N8akyABiACBtPJGRtPHIBB/ULxbDJ4Y+AHhq4git7i8trmFZFKbgQADhkwflI9gOMEEhRXFisRCGFxMVOPNKPKo3V+bR3snbXTSztr03+k4eoSc51JLlhBc0m1qlpqlb3r3002un3X5w/GSyhhWxeH7T+83PKzIwWN3zhMlRk/Kc8/KOw+UHyLRiqXMayfvGKcZBJ6qfmBz1PbAA6HHFfWXj/AMUSano8b3FhpMtxch43hEaFo8AFSMDIK4yMDKn3Jz84LcxRzwg2kXnu6EmPggBwCpA7enHbocccOXOo6ChUjyyX96+i5Wnvvrouj1utAzV4NY1yo1VKPuu9npLRtW0ab0Wl9Xs7n2h4sRV+AemSMSFW4idQCNiMNpCEYIGBn5TkDPzD0+M2urfO5YYwQSTtfOVUDIHvxkeue5wB9reLLi3g+B2mPeWrtaPdwr5IYKoZgoUHcfuAE5749+a+Pp00ZZndLWFklOFCSZYZAGOmMryTx8uM88tXdi42nC6kuWMb27Wir7N28uum1jgk6dJtKTcm23e8rczi7tNp9mrPS/3SeEbsnXNPYkIFnypX5SV49Sfm9DzkkjkDj9MPHmpSj9mK1WEKVWYSA7NpJDPtGQehJI546dcZr83dGOnwavYyR2oTY4I/e7gTnHAx1J68A5x1wM/op4ymVv2araK8AiiM0SMxO3ywzZBYkHPXngdeQcjHLiIp4bRtPm1VrO7UG9LPS/RX6XuejgZc82776K91qlB9VfW6XVLe9tvzmW/u1iA3S7ix+UEZ5+YsRg/KDz13dh0JrpdCu7u4vtK83c+LlAVZQOjg7cnaNvPOe+BjgEZ6Q6OAZTdLEysUAWQMADxuBPQkc4APsRya3PDUNu2rwiK6WWGO5iKH5mJZnUZAXGOTjbjoB3xXibO9rJJavW9rPaT3dmtrLotD0k3yxV9XZOz0Wqeifmraq7fVq1/tb4/g2Pgj4fXElvDIstmFSMgkZ8lc4HqcDPv7818iTeIYQqi30tWZVAYshYdeVUkcHodvXt9frj9oi5X/AIQr4dKhRdtvsO5xhj9nUE7SR35z0zt+7xXx/bxspZcxvuZmEbDaCpHJPAOBwcdM8c5Irhs4tyaldt+9du+qV2k1ZO62euyWrZ6LmrwhdNWj30d4p6Lzu9bdX1d/fPgLqKz+MNJKWxjjE7AqVOC7AbjnsVPUHngA5zx1X7Qep6dbfEPUVvbI3DG2tjuUFRHwPlzkA5OSQDkDIB29eJ+Bcn2bxXpkhYIPtjsY0Gd2QADkg9+3GB68mun/AGgbOfU/H2pzKA0P2e1I3OqkZQHHYjkZ+vPQmorRTUZzXLaKvZtLeN1d69raa6rXc78PKKTUpJRSto3pot1q7P5K+yjueZjxhpMEbRWlnNA7BVQgnaC4CEt2IK5HK+h6A19S/s33Pny6kFXIl066djkfNgOeSONwxwO64AxjA+OJtDvIYy5jhRV2bWY5JBIxjOO2DkkYPQEAZ+tP2dZVhuZ1Qs8hsLtXKqQNwRwOeFyRyPfJyBhTwzVKotF195NWb16JXWj0XSzvZtm1bkio8tlG9tHJXvy7Lq99VfzT1a8o18WJ8QaoJYYcm8uxnIGWErcEEE56YYjjB4xxWVEIftcSRhHjdMLg52YznqfmIPOepbO3s1dTr2l29xq1+JEQTS3l4WkE6hh+8Y89CGIAwCM4HORnbQTRNOR7LK3CsuVJDkhvTGDkBiecnrkEcZOdVwUVFJrbWzvdct1a9l3btro9Nh4eolJSbk9VFqzTveOlr3el/VO1tbHZ+FlZINIkjDOU8V6UwA4Hy3cLHOOeRgH0GOmCR/SlretXWmfCnQRatZ3bXuk6ZdSoEEs0CiBA4IHIyw6Y7kntn+cHRrJLS00hY2eIP4gsyQ/OR56d85UjHI+UV/S/4Q+GN5r/AMLtB1jTLzyp4tB0y2+yyr5015cTwxlI4YWbndkBQo3FuMdx8Hm9PDUsZhqmIclFSmmn7qimoPRJWk3bW9krXu9D9N4Xqynh8TCkvejCD96NrK2rbe+l78zVkn1PnK88R6fPHZG7WzsWkIx50YjaJ/8Alo4U/fA7jPTO6vpTRvjr8KdO8EWmneKvhX8MvFP9mRT2b3ssi2msXReN1ivJCJAfMVzuZsAZUHGK5Hx98EP7Is9P1P4grJ4Ru4Lm1sv7A120a2v9Sgu4t0Wq2IJUNaqQDLgFQCGLdz8n+Mfh5pK34eztIJ7SK98t1guHPnxlsBlQPwuOu7gkdwMjmqYXL8xsqdatShTlFbSp8zvFty5o3cXdpJXWjs9T21jKlOnapSp1tb89OTajJNJO8HpZXVmmlbVO+m2LHXbqPV9Zjt7PTdBXVYdS0q308CZo7JbtLpbRXV84VF8tXOTt6gYr9MdP/wCCqWj6TYaTo4+D+rT22j6VYaZJdvqG155bSBIpJkBiOxZGUsFzxnGWNfn5JAbDRo9P0q3aK2h01fLtHV5FkkRQAASeucDOQcnb0AJ8z0W51DX/ABHYeGWE+nXl3Ji5kNiWsrdFBYF22/LgAfMT1II718zxPwbk+d06H9oUY1oYWMpwtOUG00k3JKzlf3d2vO2h25dmNOcVKtRlPlqSUFUlN8ikoJL3Wvkm33tdH6kQ/wDBVm6n1JI4vglc/wBlSSQp9obV1SUJNKkW/iPkoGOVwN3fAFfrZoGqxeIvDmgeIoojbR63pVnqccLksYVuolkMBY4BMe7G5gORn1r+WHUrNtLnurSSeOZ0vrcLLFwpSO5jG5ORgsR/CMZHoMD+oT4VAT/Cf4bydFbwnpQPBJz5Chj2ycjoC38XXOD+B+IPBeS5RgsHXy7BqjUqTkpTjOcnNe60vfclo72skumuh9FKrDkozpwUHObjLl5mmlFOK95tdHZ6tJ6vc6d8cnCkZ2gcZOTgADvuJxjP04qLL4A25LHgKcbj0IAz1yCec5ALYxkVoNbhywwDjjAyd3vkHO5WAHfHXHOKga3B42hNoboMZUnnjnucn7xyOuVGPyGWCim04q+i2j5dtH01e1notinXqLVPZWfwrrGy+K6Su9WtG07WdyowIHVRtJyFw2fyJ3fXAPoo5ynzADA39Q2RgZIIGOnTIz6kflb+zkHdjOcMRt+YHBHA68gDk/4U5bcszYQ8EZXkY6j03cZPYEMDx6SsGr6RXSO2n2Ve609W3fTttpHFOUbStur3V725Lt6a2s7K6uVAzbgChIPAIzxyeAOCDjoeQOmOBU64OABgEk8E5IJ4zkY7ccYHPbmrRgY7gEDHaVIP972JBwcHceO5PcZmWIlsEHHJUDIxxg7TyCOgwoAABHUk1vTwFPRu2rV3ZaWa3vbrddkuvQyqV4pP3U2krWW+3q0uq06b21bFhJAyuBknbjBxtJ5J5+h7cAZ5xN9lOcAjI5z2/E9MA4GAeh4yTXi/x7/aG8Afs1eE9P8AF/j6PUprTVtQ/szS7TTbdri4ubsKWdSV2+WqKQSxI6kDOa+Grj/grl8LLbVhZx/CnxtcabIVWLVUKqrIMGRzDtDKEXk5JyMAnLFh7mD4Zx+Npxq4fDTqUrPlnb3W4WTStpddfP5tc8Fjq8HVo0JTp3tzXhFN6JrWV30u7WvofqkLZuhIAHTHHpk/UcDjr1JzmrUdt1G7Pzc7Vzkc4C5HGOg46EnHOK+NfCH/AAUE/Zq8YXul6eutavos+qxCUza3YPZafZSY/eJc3chIQI2QWIwwAJHQ19AaV+0N8Br+4+z2fxa8FSThhHsGpxDJYg7QzcHeCAGU4zyOnHfR4exFKCliMLXpxj7spShKybt1klo3Z7NWu9nc8/EPG03aeFxCdtEqcql7cu7imr2b33632frkNucrxuJYEdzncPlBwDjgEDnnjnnP86H/AAUk0+2k/aq8SrNM8Tnw3pI2FvKDf6Mu3affJ3YGenO6vvf9tv8Abj8W/CPU9M8DfA6Lw1reratpDaje+JxKuqwaaS+2OCOGJtomdcOuc4IDYGTn8M/iD4j+M3xq8VX3jj4j3Uuva7fxJDJcHFqkcUJ2JCqqASkahVUZwFAO44yP2jwz4VxdKus2cYQwdfDzpxU3aUtVyyUX05o6N9Nl3wjUr4SUMRV5YOpSk4UbyVVczg05q1oe7F3i9U2rp6W5uPS9GjCCeWNmkYDLXCjJPQY649+hG0Fc81uJoGgsAwS2b5gP9eCAwwWwCcdeOAu0YAPaudh+GOrXX725gggTEYVWndnLgnPIcndggZwcdt2Aa6e08J30cyxrpUbwR8bmnbDuo5PXn5l6E9OOmBX7pRyyhGcFNQs11SkteV9L307K3S7asuLF5tivZKULN7NKT195WadrWtbdfN6W1Y/CWhzIoaK2LsMf8fCKM5znGec9OB+BrYtvAmjL86Wls6uQAFkG4YwpJYMTkgYII29gOMHzbxDdR+H7dr670+283eIY7f7TIrBkYEYJbn5MZAwAAenSvQ9B8VeEdYsdOFkbZJ3hDXMKXZZ4Z1UrICN5JDN04+XOORjd2TyqDi5KnFrn5VyxXklzWtbTVK/VbbHnwzavL3XOaSjd2k9/dvFuyS3d9X6J3Rqx+BtIJ3Lp1uxBAIJUkLjpwRz05IH5EGrnh3wwdL+IPw51rSbaOxlsfGOibpFcE7GvIRJtGc8rnnHPHSuN1G400aq1paajdRTshwEuHVVBBbcuQQ2Aefl688citfwtZSWuoWOvHxFLcx6HepqkStciZVu7GUT26vGpJKCRFDqeCAQeSc+PmmQrFYLF4WjGKq1aE6cZcloqo4Lleys773bdranRhM0nTkpVZTcW3FqU01y6ap72d7Peyvrsz+xC4s99rZysuWksrKQ5GT81rESMEYBOeec9B2qn9j2gkhexLjPQkgjAzznGDgEbeCeAfwY8F/8ABUL49ahOLPXl8C/YreHyra4NmYZLpbVVSGMszkB3RACMcMck4r06H/gp58WJZVdfA3ha5t43aOWOBgXmQcq6kMQm4AsSccYPGCa/Aq/hjnka9pYeNnZtpxfM+29vO+jb0S0ZwUlio0koyw8l7zdqii1rppKK1s3v0XqfsyLYrgYXJIbKnnv168kHHG4DHOOK86+NGt3/AIS+EXxG8S6ZI8GpaN4U1K7sZ4yFkt7oRbYZUY90YqwI74BHevzEtf8AgqV4rbyY7v4X6VHNvZZi2oRxD6jPIJAB6HnGeATT/iL/AMFCPDPxQ+DXjvwRf+Db3SPFHiLS7nTLB7K8S6shuCnfM0fKn1z6YAyM1NPw/wA2o4inF4a8E487jOOsfd5lZPzdtLLpe2mkKWLVShOpGEqXtqTdqikuWMouV02m7R0l5dG9H+WOq+PP2j/E09rf6l+0H8QYpy0k32e01IoIo3kdo48KmMRo4VT1wNvQCl07QfiprF4urXnxp+JDa3HE0UOqf2rcrJGGO4sEBEZYgY5BbjcccGprA6k0cEUdtEojt44/OyA4IGCGHJPzc4Iy3BzlsH07RobuC3ET3abjtfAJDBsAsoIYY5J65zuABA4H6bR4KwrpQfsnGUVGy5Y2TiorWTvrbqtdrPS59a89lTqTjThh1Hl5dKNPWKSSumr9L3sn0vta34Z0z4t6U+p3+s/GDxP4mtr3SL60uLTXJxdPcI0DKVBkD7Bt4UjBzjHGa/AH4oWE2p/ErxFbRaleacI7i+D/AGSUlmK3MgBbqAQScjOCOgHIP9EguZ57OdZZHEUdhdjg4L4hYHGMYOCOvJz2bp/OH4+uNYb4n+J/7Gt7m+lbUNQj8mG3MsroLqXcxUbm4GGJB5yAe1fccAZDSy/NqkaNKMeaCvyxs21ZXel797uz3vfb4/jjNJ1sjk5ztFSitLQhGKjG6SXu231XRHG6to2q25MJ8VasoMarA7zMCS2clmGecYPUkccndg+i/Db4cx+IrW/i1fxPqUktrPEsZ+1OwKvhSz/MwIAJIHXI4BBNcfqOheMJ4RLL4c8QchTvNjKI0J5zkgjtj26NmvW/gs11pFr4knvdH1uR0WAq4s5SqOvJRlbGScfKFwR0BwVr9kxNGVKlKdpXut7pLZPXorWtba/V3Pw3A4inXrqCq05e621Gom72u1a97tbbJaKz3PNfFPw8tNF8W3mjw6reXMEcaXnmSSzGSRAASo+cfKMEZwcDke/nPjPwvaWlwt9ay3QSaEYiMspkI6EAl8gk54OcenzDPsGu+LtX1Px3e6mfDGpggfYreF4fLLRhMbvL2gruAzwDnhjwQDzvja31zVWtWg0K+iSKICECIA+aCSU75QEYyCMd1yM1NNe5FKE23ZtpP4mul9Wnfe9tVdHTUnTU376T5m7Xtr7qvZ+q+ffc7v4N6xd2Xw01yOZbqeCa5uIIo7h3kjhDRMg2bxwcZOSeGPbnHyL4gFss8nmiPzEvrgMS3K5dj5eei7sdscjnJwa+vfh9HdRfD7Vbe/gntJDdzMYXXA8xIy2AxUZbIBI6jp718W66JpptUZVd5Ir+ZlCKXZfnbDMB8wxkbd3J54+7Tw0LVZbav4WopppR0Vtei32Wy79FepH2NNL3203fRXVo3V1oknay6XtvofQPwHT/AEvxQm5RE2hzkhHJYKyMQCehABPTt6YwfELyONLy5KyLlbm4DHqXbzCBzkEHtySMqO5Ir1v9npnOo+IobjfI7eH7hsFSFHytsB9AOpI/LGc+Ham11Hql9Gi7vMvrjaFYMEXzSDnggc57jPHDE5runBttuUuVqKa6pqzu09rNtaWtZ7LR8jmoKPw2a6ptx+Gz+V1ba27dj6f8C63s+GHiKBA0pguIWYbshSDkkjHoO5KnGMgY2+FX+rxX5vZWjhV2dgoZ1DBgcZUEcZzjHTAwMGvXvhvpOoS/CLx/d/Z8Ok6BXbJ8xhGSdgHBBHp32jpXy7dw3S3oSSUwqyrKwUMfnzuYEjGSOQB7Vs1FQg2/ee6a2aaUbX22buvlpdrgcpTrSV77PTqrWXa3W+lrq99mfW2iret8B9Rit7oRTSX2GkVv3qKHUleTkrndhcDp+J800b4eNq8n206ndxSRxK4kkVjvfAAy2RwGyBwOmSeMV1dhEdK+CtxPd3c6mfU4jgqwHlyMCH7YGPvfN2OeCRV3wTrlnqtxa6TY3byXVzJDagFPkkyVHmNww2juM5y2cgk1rTpuUXaMny6Llae9krWejTd9Vr5bmN4xm7Sa0V02t/dV7Npr/NX00Z7frMP9j/APUbG5u5Xv7WW1VZCOZIyp3cdNvzDGSCNvevhye6jEiSxt57lWdzIcFtyg5B46fkRjJFfop8dPC114b8GXOgkwGW50LS9ReWJflCyxDoT0JJ565IyB2P5qXkV3HcJZqEdk3rI/PCsCQScDGAdo4zgHqK1qOKdPlWvKlJW3kmk3dq176Xd1a/e5ycjvKSnpzaa6NtpK/S7d720tqfR/ia9lvPgp4RUKhA1CXaWbOCpwArcEYDYIOe5GQ1eDfYSHtGihEkxkBdVJbJJxhgDlR1GDkkY/u8+teJZJtN+Dvgi2cGMzancuXUlt0auGGAN3GNo45JOTwFNYmgaHHeRm+NzApmRSjNcIu1uB8w4YM2MgYXGPxW5tT5U2/sJ2SsnJX3tp0vvZX2dr6UYWu23ey7aNOL7K/wAr/E10Z6r8fLUw+CfhGVhAH9iMJV+/gAAZIGMAHOCp6Dkg5r5z0udop0U25kJkh8pQMAASoAy/MQBkAn5ieM5wa+k/jjeTHw38OrOVk2Q6U6BgNqMNowFc9ckDcV47c7QB8wx3MUNwoDuZkliGFIbKebHwWzz1474yARtBrFU1CpGzcl1l095rRO61s7q17dtFdPlmrxSSa8mk1pa1u17W2d2noezfHh3l1bw+85MfmeFtMSEMBwwjwcEDoGPLH0IAIPHA+AgU8S6BCZGkzqlkkiruUlRIp3FQw/hyd3UdSQSSe8+P10G1Hws/kkTjwjprKCwYgbeuOcDOMY/A9DXl/ga9uP8AhJdGm+zfM+qWSHcQMAvgkkhSB0HPQYzjGaK0W6UlJXvFtNxe2mjtpvtdarrdM0wqnCpSkpJrRp26Np2b1v169XbdnpP7T0Cp8S5TFGjxrpti+eCxUxpgO3dsDBIJxwTnOBzfw01C4h8RaU+n25d5bq0t5kSPOIJJArAkcsCo6nBHIGOtb/7RsjxfEm4EltlW0myAGSQqNGhLDHpwSMY7Hu1P+B1s95rc5MSxQw3WnESdZEUyjaUPXB5DHOCDnFcmDpXpxS0vF9LWsnrunZpX1VrX3ueji6kYynOVtZRva++lrd7Ld2Mf4/3MbfFS+kCysltZ2blVGwo6KgKt16AHAGeWJHpW38M9fvL7VrcG9uWh8+3RbV5CRgsoRsn7wA4IwMgjjnAwvjvbCf4paoiSbY5WSJnzjeBEuMgjI6H1IxxkkUz4bWkcPiizsjdFIzcQfdDNlQwwSwBwqjkE4BwCoPUe9ldTkU4zlywSaevKm7dW79NW3r1s27v5nM1GpU5oQu/d2V3eyVvJLV7/AH7jfjG9x/wnuvCJZYJ2SACSFjnYYgADgYAOAfl68bSOMez/ALOVnqt14i8NAwXUssN4JBJPIzRSgDHlsSRnn+FcY4BxyT458UCY/idrMaS+dE72qlnfG6JY0G4bs42hc5xgjp7/AGT+zu+lS674bijaJTBdh1SJi29I0yxIT5sjBON2Bk8cYE0JU1HE1FK/xJJ2kpaJJ26aeTW/mjWrh5SlQi0lFqne9nZWj0ve/b73o2fAXxltb3U/in4vM6GzYeIp/wB2BuG5JmQIDn5uQTtOCTkjIJNfRvwd+HPiGyv7a4bUbd9LuLeS4lsYxyz/AGdioclgUcZDEg5UjGB0HjfxolSb4n+MZLNmk2+J7qZWJw6r57EKqEZOCMZySTjivqD4e3+qq9pbSSOsUum+aVTG8ObPku4AGT0PTvg4rjpOKp1HeKlKK80+azdrd7Pa6VlojerBe0jFxTtJOLS0TstV8rptPay0Z8c+KLVZ9e1WKdOV1W+UMvzEuJmVc9ffnI6ZxkCvefgDp09tb+MgIFyvh295J7NGzbiufx5zkkHnJWvFb23lvdb1aJHVWj1a9kmYsrspE5ySDzjnsc8jnkV9VfBXTGstP8XXe1JEm8M321hKCPkicEvnpyDjA7/UVjh6CqVFd8rtdu3lHRXvbp0Wv3noybiuifuparXWKbtvdNLXfVXPhy8C3F/chgVjEso2BWBMikqzeoBPXj5fTufpf9n2yaH/AIS9nkLxHwvegQAMHXcrfOfm7cnPbIyK8IeVJLlnRICPtcoyGGeJGyCO+ccgg88/X6b+DgEC+LpYzAw/4Ri7R2hwNoMfK54+YE8k9cgDAIxFCKVbTTzUWk7tarddr6a6tNo1qJqF3a7s7uN2lJx6d3pq733utEfKd5p0CXk8kMitE8zxyAgFlbzWDYYZAJIyMAH5RkYOV+wvgXZbfAfxLNrOBEmgyq6FXLSAQkEJgglsn5gSeCSxFfH08kst3dw2q4QSu4L9d245bO08tkn9B2r7Q/Z/kuYvBfxNEZj2ReGZPPjkwTuMW1mQ9Cx4yRjAJI6tV0o/vOVR5mua7Wj3vN20ut3Za2SXcielJ6te6ndaWaaV1bV6XvZ21eitdfEGmaZqV5qqW9vGf3swUKUIJbziMKemTyejfTPA+973wV4i0L4VeIdQvbK4t7aXwy0QAAcP9zLv2XjjjG0cfNwB8reEERvFukrBGHZ7mOQLydsglYkj1A5BAzgnDGv0S+Kmt3tv8INftlkQQy+HnVo3bzHLExh1QYGCcZwR05znAOVeMoKMtHFzstW9bqzj63/FaPrWGp+0jV7xV3srXcWmuj1Wjeq7HwT8FLOW81pfs8ZfEK70RTyckk5xjBYDcQCDg+1fVnxO067tfhL4qup7ZYJJIId6NwGVjgOmeeNxBK+65wRXzB+z3rUVt4lNtN5hi+zAMI4zuDYbPAQk8j1IA9Oc/V/xiv59S+Efi3Ecxt7eCEJLIxTKbuMggDPGNuOGPJyRWeLlFUKaULyulJ9b3i7aLXR7dNbp9XgaEn7ac3rq0remrXq299Nb67fL/wAFbeS4uYZo44x5UkKzN5XmbIiBkEkk9McFuuCcda+nv2jvC+lQfBG0vrWEW7S63HISow0+/JLAbj09BtyCMg8Z+afgNrNnpqyx3cVzKs3kkRxqSUPAUsRyQ275cdenSvsn9pRJW/Z68PTxWYhhk1mPLSHE7naApKkZGQQOv0wKykozw6sm0nFzaWzXLbTZJ6PbXfodWCTjUrtyWsW7J6q9tXta6e60aR458Hvgvc+IvDuk67Z3UVvDJHHFKZo97ykNmQoQOAAOOnGO9eh/tC+Hoz4H0Hw4hjjS21dRDcRplSyxhWL85wpHQkqT9Bu9Z/Zhn1aH4R6a0UmnhUunURzBHuffYhIOBnO4HHuflxyH7QKNa6X4buL69hc6h4mnhWG2UBVBAywHIVsnDDrhQRk8DzsTJJ00rcnuNJro1FO72vfW8mt9u30uHjGWDa5lzShHm973mpcrbfW19L7qzavdNfLvwM0K903x/pcF/cqLLzZWWOMkrIQxKNgE4LEduxAwMVzn7SGn4+LniguzQnfbTQo24bkES5Kg52jHzcc/QDn3PwJa6dp2uW0rt5lyb6HynV8kI02CgyD1QfMRg4HXsfJ/2pdL1O5+LeovpkhuJp7Kyk2qyoY1KJ8jBl3HAOCe/PGeTzYr2LUPactnFtp2dtY9XfZN28rWLw8eTDp86TU1o3qruOnS1mnyvRJ+Wp8ySQ3DsJku3+UhAhkkzgZAAJbjgnBznHU44qKGO9nDQx3dzH8xbCyybSRyxwGwAQMhTyT1J72tQ0DxfYiY3UCmIyj94MsOgyq4xluT37HpmuaktfFGmlp3tLyCDBczvGxj2kDDHnGOQMZwcY9MeU/YReijZuzaa11Sevne6TenXqzoUpPeSlJaWbs7aLv56NO272dz0y01PWrGxxba/eK0YVSEuZUCKeWjOWwcZ5GehyeMUy18b+IbdWgj8U6jbxBnYwrcSKsjMSGZhuBw3BI59gTkV47JrN5IPKa5LZJbJyM9TnBIwzH1PUA444oS6hcJ5joQSwIyp35wRnnqDzk4zjGCDisakMPJ2dGGrjdOCbsrd0m3dO6fRd9GJyUkpPmje2l9EuXdXeqatoldPfY9jn8S6lLGAt7cTSyE7pXIZ3JOWbewJHXOTnI4DcZJNrWrSRKBqd6NijciSFVUqQCAAQcjGB1A55NeRRardI0ShmyAxBLFQASOADkE4yTzgDgdhSSavcyCT53VMYKKSNwzyQxJGcggc/KTj2rBUaWt6EWnZO8I32jpZrXS6tfZdzpjKXLG85pJJWu735U9Eu+vr2u7no9vrOp3N7axtqN4W+1xEeZMxWVjIoww4JOPUjOMMc9f0ls9M8RahZ6BDo0txCH0a1E3kr5qM/lA7m6FTnnvwcnoAfyt8OXbz6tpxnTKJe26gHgkmRTx3J9QPmOPxr9RNV+Md78MT4RgtdGj1Cwu9MtmnfhZYk8pM7HIJYrkkZOemT8tb0LUXKUFGnotVFJO1nZ6aLbfdeVzGtCVZKHMp3d7Pe11ey6aXXn1TZ0Sy/EjSLe9Uy75LJSyPdKEZY1BHyKQSWwOoyCeDj5a8dn+IHjiOV41jQqLzzZ8WgaPzNx+cMAAQe45PfnjP07qXiKbxfpllqlposv2LVLRCXbPmksvKvs6AknaxHzHrwMVwcGibQ0B0aWEvJtJZTtdeSezHJ6bsZztPJG09tPNZK6eJty6RfNe1lFW922q0d356bHFPJaztKNFuMnezjJ82kddLWT2ervq7HiOq/EvxZqBjeaxhC2Vyk67bLCytFkYfGflJ/HgDuBV24+MGrSXum6oNIt45NMRS8S2XmJMzAbtzbcqRjHzHOSe+K9d/wCEatUE6jTrmIBlO1Y2KkZ+Uk4yS3oCV5Odx6U4tBgkM4fTnwhwFW1wGA6FxtOSOcYOPxqZ451HeeJV7K7vq3o7pp3t1adr69tBZZioJqOGl0V1CT2ael9d1rrrZuzueB6z8StZ1jWP7ZawWGSAtLaRw2kgiDMdzFlG3JPTO0+/NVbj4leINTvoZ7jTbYNDHGLeT7AcxSA/6wjODuIJJHB69s19Iw+EbFld5dLjZWUsf3ewYBA24AYMWHpj88kC+DdERPObSowCxyNpyPUZ289NvIOMg8kCoWOV1bEJtW1ck7JcvR7r1S0t2bFLL8U1aeGdpNKT5JLqrt3emmunlZu+vzd4p8da14j027s7vS7UO4h2z21kIZpWj3ZUSYITeNm/g556FhXnml61rVjfxiTRLqa2mCpc2qEAPtAwcgZG7JJAA/HOK+zv+EH0G43MdNRQrZUEuCW4xuAAK569M+g55zLnwLoocNb2c0cm45eMlsH3G3IAAOO4/izya55YhTnd1ISb1cuZK6Tj0emr87W3Vlpf1WtCLUaUlzK13GTTvyuLs9Ens9fPQ+cE1KC41G2lm8JyR2KOTeRbmWR1Y7cF8EkADPYZPPA5v3d9pKNMdP0S/trMiYzRk/J5bgjagYYwSByOV5IB4x7nL8PrWZSBJeAuGB2jJxnjoASDweSD9Ka3wntpIo909/hkK8ZPUchuclSOpwcYP46VMap0lTc6UbLTVK2q7v4Va1kt7tHP/Zda7ahKVmnrzJ+6lZa3SSd3a2nZI+cPCuueIdKtbmCxsLpbT7Q01sXQNiKRifKV+CGI4YkY4PHOa3Z/FOstKsc+j3cksqycSBXALkg/KBk9MkHHDDpXuEXwc+VI472/iiZsDAIGB7HJHIxngcEDrxZb4ISsyyfbdT3q+Q+5udo6A5yeMc5+mcYrzp1KTUUqkbppp3Wrdr3a7q9r7rV6s1p4CtduMJp3s7X1fup9300u2rPprb54ie9cPIum3MFx9oQnZGoVwDkKVDDAyAxH4bu9dnb2uuSzaVJd6StzAGyioioy5YnJ7AqOAT6E4BxXqo+Bt8ZWkF1qWWYMpyRjsxYZVTkZyTlQTljxXZ2XwZvBYoP7TvPMQFgWkMbIw4G0N82c4BOc8j5QRg4OpS5nDmi0lF76trket+a7kk1e21l5HRHL8Razi01ZbO9lJN3Tbu3or232S2PFLyy1Ka5vIbbShHAyAuZDhkKjOBICDndngk+lfTHw7n8UXHhnw/ejVodGSO2ubJWmljMURtnkZCYSAC7jnGcjJ7njzzUvhF4ojt3mtrm+2Mybzl3bbwHKkEFlPXn7w9RjH1H+z7+y144+PvgnV/C3hvVbCyn8Kakhnu7xm+1z3FwdwhkhDqyRkEIJjkFuvU48jMcwwmXUaeIxEkqcaiTbV1zTa3Wtla+rSXLro9D2cmwFarWnCMWm03Z6axfNZOW7a3svLyPd/hx4i8UXvg+zvW8QxXlzb/aIj5VvDJ50SMyMyuV45yEGTg9wWwfkL4r6V/wmnxPefVdEt9SuBaxWiFreJdqSMNzugQBmDbhz9OK9X0uL4gfBCy17wfceCdY12TwlrU1lrN3ZFnht/mI85XUFhC4+Zc8EMWxjk/PI+OnhMeKtR1i80rV4b/7RsKM+4RMj527SMEAA5AA5G7HGK8yOeYDG+9hpqasvdjLmSuklZSd9ei3dvJH1ayqrCNNV1ySi4t3um9rrVPsr2tzbdTx74y/AWa0003OkaLKl5BMw8mxtvllhI3EMigknHPGTjOAelfIN74G8S2Kln0W9hRi2TNBIrKoy3JIK54BBycEelfqu37Rvg6bMgF+J5HIdZ7bzowpXB5xhRj1yTk991Xf+FwfCnU4ohqUlofMj8toJdPVFILHoQOM8Z4BUHcDxtriqY5JzcYppaOVlaztZfFa61atro+juXLKYSknGSV1zK/LZK8bX97RW+FWV3pa7Px6bTdVi3AWlyY8lQfJkUD5hwOCG557cZHrV+20PW7hkWLTruRW+6PLYKzZHqAc8/dH8hX62PrvwTuVaO3ttDSLIkVXWLa2RkqMjIzyAcfKAOnSrNtH8JboxS2sGjCUSNIUQxjywM4IACjGSSeOgYcg8cMszhJO9GSadrKLt0u00m35X9169WrJZDObbjXi20ur3vHRc13dd9nd22R+UTaFrUGRJYOCowymIlwR/slVJPIJ69R682otM1XYu6xlVQduXhZeecNxnkjA9uCSD8w/Vm58K+DtXEkqHQXjlkBCgxCRgmDx90joAOOevJyCr/DPwldpGyW1jC+RgJPCR8gIAIJAOcAk5JySD/FjmlmlC9pJxelny6Wulva6e7d2+tkzVZBiI7SjLduMd7tJpq61vp137WPzA0qyvA6o1o4c5LEptJxk9+MnIwecEd816TpFndsC5smRomTYrINpJIUE8cBsngjAxwOoP3Snwn0K4dnk06ykkD4MiOi4UZ2j5OMk4PAI55A+ZRdg+FlrCJo1isMtEcFgSY1PKsR0IHPqR244rmnmGH6OVrvbW70tZRttfvs3dpbaxyTERSbi5arVLZ2va9/dd+qd3bR6HM/D3Tl8DQaVrGn6Hol1rF7b77i6vrAXcLRzqD5ZV8ruQdwBxg9ABVLx/4g/tOa0muNF0qzvonlZ20zTY7e2YuwCiVFT5/lJxlvl/ixgk+xpo1xbaJDam2SQW6eVBLG4WNQuQpHIyTkH1GcE8YbyvxHoHiV0WC1sVlkjdZC33w25mY57sQMAYICnGRk5Hl1vZVlz81+q95q1+VL0tvotde+vowhUpwjBUtla6jf3kop2aa33Uk15678pYapLo90ovdM0/UraazzFDLZxlUkbIDt0OULe2C2BgnjvbHxBoUvhm2F54T0eC9/tJBJeC2RS9vuy0W0A5JzgEdM9ea84vNI8Uvch7nTrlQirFsiRtgUjnAHXB4XBPBwRyca2lwXb6SbW4tLtZkvAY1lhcgxhgTjAG1sDP488YI45Rhyu93LminK71Tcdu+nV7O/XU2hTqSaSi079U1de77t7O/pdWvbrr9feF7/4M6xoq2h8AS6X4gV2zf2sq7BGqAq4VkO0FiTnnsOOK9D0fwF8CdWt/B99Lrn9kakNftIvEdtNCly82lCfNy8zADCFcLtKrxgc5IHyzo8fkRzXEH2uJ1WONVZXHBBDKT1wrHJz94YJ469PosEbXunNuwZi/2vKsARnL5Y5BJxnAAwQWwea8PMMA69JxhXrU5J3Uo1LpK6TWt1s7662Wmtjuw8J05Xls1K65Y6qWmmmjTd99NHfqft744vP2T/CS+FNc8Gt4Hn0uxsYNL1Pw5Y2kEs+pS3EAjlubl8FoyufNZj0Y8Yxkee+BvC3wP1P4cfE7W72z8Nx6rdau8+iW6zW5vLPTRIHW0tYzgBXU7WAyxBIzwCfyZ8RauNOvSLSOKSBYwjozbgm4bQWIyM88EdFIXvxkQ+J79QqW3nw4RnYpcyCJ1zyWUHJKjJBxzycdRXzMcnxVJONPF1W5NNxbkldWScbNO730erbV90dkKEI0o03VrO0otT0lLSUZqMpPeMmmn8022z+jHwd4A/Z11vw/4Y1RvDvhK5v1+yQSQg2yrEgt0VobiNsEEsQ0hJJLHaDjJHyZ+0x8Dfgxpvw/8eeLNB8O6PYapb61DJZ3ulSQF0V5QptI41c/u2zgMBwcYPANflCPiPr1nFGLa+1W3wvS2vLhU3kAbtvmcnIz09weCDffx94i1PTHsL7xFqU1lO6vLaXk8zxSOPmDsrNyRnf0OR8xyQTUU8tzWnUjNYuTSlFv+I5JRUd7u2q+d9fIilhKUKrq+2qSbnf2clLl3i7XaWmuy6abnp/h34TXNv8AFTwlo+q2dqljqS6XqUQi2yiONjHNGGdeSxOBIOoIYZyCD+oup6JbW9kkcCRolpPBHiOMBWVMKCeD0CgDjuOBxX5e/A/xDNN8UfCdxqWoXN4yXcdpEJZHdIYAVWMLvJIjUYZQfYDH3m/XbWtQ0UWboJwHaeCNwQFVmLDcxf8AhG4HIxjjLEA4r9K4ejOpgassQ71IyUXJtv7Kasujvo73dnbqeBnN4YulGL92cHK0LJJuzemrdvdez21R8vftF+G7eT4eXd6LOFpBd2xWdYlDorGNQCwG9icgna2cMVYdAfh2fwnFa2ltdC3TZIYhhV+6fL3cnHGe3Tp1yBj9Hf2hLqyl+Gt3BBcxSSte2gwCoOFKcAn7yjBzjPOMnkgfKmtWFrL4bhlIUCCK35i2sCzDDNkEYcj73J/MEn8s8Spyp49RptRvQp35d23fm0Vu2nbzsfYcLJTw3var2sm1LXVcve/wq9rXPLPDHm6Vd3F3A7xvGu5HjLRyIynGVdWUqRgrgAc9umf6OP2DdQk1L4L2ksjvLMXkeSRiWZnJA3MSeWIPzDCnJJ5wc/zjWyApeshY/Ky/NhgQePmzxk4z6EDPvX9EP/BO+Qv8D4R1CzbR05OwkkYzjnjjnj0CgfkmWUefNqFSz5nGre1tVyWb5v8AgJ7eafk+JcVHh6UklpiaVt3ezV7dUtdl1W1z7RupXjJ2ngHGOcYBIyeemCT65A56CqI1B04wcg4JAznjHUEEct2JwQM572LzO45OME5zgAkknjnkgA+oHJxWU5B3H14GDg5yM8HHPHQ9W7cVx5vOpRqycJyWr2dkl7r19N+2mmrPxjB06c6UVKKb0u9E/s3vtfbzet9jQTUCQd53DphjnHrncMEkY6D36ZAr3tjpGpwSQX9ha3MUqFGWW1hYlSCSuTGTkklgwyONw4yazyWUOVBJGDyfxA2g5zjnGM+hzyEW5k6kgAjAG0ADOOo4zz3xnPuK8H+18RQbaqTtppvopJ3fa1lt5+R1PDcjU6MnC0k002nf3WtIu6vZtvve1tD5s8e/sbfBD4hJdDVNIntGuWaVjZusCCRiTvEapyec7cenAFfJev8A/BKr4WX7P/ZPiG5so2eQoJoPOdQSwChty8joSApJGVHev1PFyy88ZwD93g47EFRjPUgZI9OKaZyWwyqCSSSQDg7iRhR69Dn7p7A4I7Y8X5hGmoKfPGC928btWatpv0XR20Svoz2MLn2eYOPLQx1XlVopT5Jxtoklzxb1atvdJp+v463n/BJTw4zg2XjNyozlTan5z0G75wOobrkkkgcYzjXH/BJQxOz2XjCF4xgiOW2K5YHIBXdjnsScdyOeP2jVj8uXIyTgA7QACQeeTjB/HPfNSCRsghnJyc8nnHqDkYGOOO+D1NTHi7FW1TjayfK1dr3Vdqz1utem7fU9FcYZ/CzlXoz2+KlDW1n0tZ/a2tp5WX43aX/wS/13SpEeLX9PZVO7BjIJIAAXjIxyPQDJwOgr1LTP2ANb08r/AMTKwYoBj5VyCM8r0wenJz0PTrX6jCWUj5ZzxwwwpxnGTk8DtuJ7jAJINSedccES7s47cDspOFHAAGQCMDJ3ZyB2LirEVYKLqVYpxWzjbVRv0TvZ7X2T1ZzVOMM7crp4VtvrSat8Oy5nvbo/n2/PTTf2MtcsWRnurFzldpG0NxjkdCD3PBB7Z4z6VpH7Mmo2W0TPZnaSx+6eVOOTn0zk5z6cYr7IWacZOFYkDB7AchjzxtIAAGOp56GnrO6gsY1znPTsMkgnDZDcntjA9wfOr5lSqqXPVq82ju29Va3RWtr0em7sjnlxjn0rpzors4wdnblXWTSsr6v3nsjwfSvgs9mqgm26j5QBxjGQpJIyByewztbGCa7zT/h39mC4aDttBVAR0XjGNuQRx/ETn7zV6It3CdrNGUOSCVPCH7q8kkk8k5xzzkZ21O1xbn/lo/QADaOCOpJJDAkduwLEc5NckKuFf2nO0Y687utI3uuX5fjfW542I4izqu7yqybTV17O3VXstLrtvf8APBtfCiQDIWJyCMBQPo2OBzn0wcfQCt9NNaJf3cSqUxnG0nHspGMjOeBz3xzVfz4mwiyuoX+IgYLH5sjrg5H6c1KLxgPkd3ZcDORx0/E+36ZBrWOMwsL8r5bJJOMle+l9dHr2t0VtWeJWxGNxDbqVJTb+G6lFa8t7tPXTSz3dtR4t7gLuMZGepCnOQSQcc9BjHBPr3zE0boCSrAD/AGDjB6Z68nPqOxqUapMCCyOBwBg7ucck4HI9ck88FTggu/tUsfmj4AGSNh3fdPbK5OT6EgHnvXNPEYaevtpRTenMrvptovW9u2u7FD6xG16SdrXcdeiutU9mnfre+ia1osSTnGP4QSMAHJwCDnIPIJzxjHXFKrDI3YJy3UYAHbBB5AzwTjH4Zq//AGnFlgbdTkHqvPJxkdBxg5+XAAJHWmC+tNx3QLjb1Kk5HPTnGCeCRnoRjAAKjWw7dvrEd7XatrZOy7vXS2vRlyqVko3oS2VkpJtXUHbp1VtNfVN3pnG5jux0A6gjPQMcc+wwM0045UcsepJ6nJwR1xkk84785rS+06bsOYwM8kbQSSPlPzdCDnKnpg5OTgFnmaWwyF2sRjGSCcDt2BOc89AQe5FWp0pStDEUuism77x6d/8AO72BVJy+KnUSsley391b363turb9SkqsVwwBznnAxyeMEcEgDJGM5wBgACm4UEg4JOScc46YHoMfKMjkHrk53aX2exdcRyiPAHO/P125IyO3HHUknqIGsjltk0W0k4JwCv44IJHuOTjOeKdSU1blcJcyveMo+Tsr6XVvXp2JjKD5VLmjZ3vaSs/du23fVrZd3q7KxVJAUZABAGMAZwOpb+LPOd3fPUDijfkZK4wOvXgYBHA49ASBxgDg5qX7FPtJVQwBJBU53frznpzjjtVdoJlJJQgngjBAByOSTweByD0PoK5+apr7smrLlem7a1dn2vf7vTpjOEXpNdFdq+ySt8T0e+y6J3Vh29WIwuCFzgAZOQM8jn8cHAI+gFKsQzDBPIOOgH8JXpzxg87QD/skHJwSpHPUc9CBnI/HJPXnjio9xGeM+g5B+p46H2Ax79Kxdaopap3sk730V1ol1SdvyVkXzU5NNP4bK13pfl0vfrbrffW60LhkVQoUBgc5GOv1z36Z69c80x33cYIPGSMgAY4B4PbOM9CAMdAYfMxl2ypOQSRjr1zgfxexHPXqKQn+E4GOAuOoOexwMds5wcd+lKNao2rJWdmlfSyS7O710u2tNbaFOUFe1pSvd67/AAp2va1kk7dWgLHaCCSQx46DGeQoxx0OQc7hULOG6DByxGc8k8H5upHY+mechhl5Pyr25+7jJbnoOD0PYjPXOeTUPlt2OD1+7gcjnGMHknBGQBnvya6LNt6WslezWycU1q1pez31t6XUZRaTat8Ot9r8rs2ne2lns21Z3RGzYGMdDjAPBLencYxnBBC8nqDSN8mCcYCkdf4hnnOB6DkgYwFxyRSspUgYwDk55IXAAPGRgHHGfmz68ZUQsSvQ5JJIJzggDBzgAgnGRnA54xzne6tZtPVp69IbqN/mr6rR9inVSTcbN7NXeruvd1trfV3fMtLXVrwggE/KCcE8DOeCRk9M5wVz6dBxh4AI5O05wB16Hkg45z1wfvHpkZqYxkYGPugKWPIwQcZbGcnBI44547FrKEyVPzHoeDjqMHjkjOD3GMqM8HGUbt+/70Uknffraybe7W1rd0nrKq2Wt1Z3to9fd832skrOzsiPA5OAW4IwMdhnJHXgck9OelR4kCsxIbAJKgYJJ44wMjbxjk+oPFSYIXk84z7be5HcgEbSWGM8+lSBcghiSFIPrwMZ6c46ck8kjHpXL7OcbbtK1le6veO713t5ed7XekZqaXd2XNrrtdRut7N3V72uymVO08HG4Eg85GMYOTkdDjpnkjBNNcZAIJyMLyeB74BBP5jsenAu7CTj7oOOoyO/XBORg8HgnGM4xUTRqG2qOTz3Gep5JJOOvTvxkd2oTi1q7uKbadrW5b9+u9tGrdPh0U1azT02tZ7pa32e/T02Id2CO6gAdRnPUgnGOc4J44yOCaVnUAgHlhk9M45Ax1IHfvgYx15kKE5ON3TsR/CfqCcjp0K9epqMRjJJA5wQOB3wBjaflI6lVDbsDruxHLLRp/au4x00tF666bWvps9NS41VdJpLa7S722XmvNdOxGzEhsAM3HXI4688ZGO3BH04o3tgndjnJAJJBxyCPXJAPBzw3GeU2BSR06Fj15LcDABA7nA6ZI9QQKmQDkLtbjGc8ZYEMM4ySMZ456nmoemiauldtdHZOyeqb6WV3v2TNOfrZ62SWnM78ujXS17p3S31Y7zWwCWXGM4znPy854/iIznjA4NS7zjjGR0H54Pt+vsODUAUDBU8nG1SOCpxuDDPYdO/GeOyMSAWDdBwDgZPXGOQM5LZ7jPXFVThOTUUmotRvrpry929evTbbvd09ne1tlvt5fL1fdplkyAc7jg9cEZJHOCMDHTocsAM5weXjDBQSdoH3RyDkdR78ggZA4IUDrVRVJO44OcEEfnx14PHftjp1tor8kZwAOCfY8Dkc+meexLd+6gpuS0so8t3rf7KXZXVtrPbZamcm7Ozu76rRXtonq+yW3du2ti2sQwflznhcgkHBBJx6NwM9OcDOSDIIwMZAIIOCoBxnOCSDjp0PfIAAORUIMhHXpggenGOBgY9+CPb1kzKD/EOF9SD07kYxwM9+nTFevRnK6bUoppaq3N9ltNNeu66dTllJrRSTaaulLVJ8utna10r3W/zV7kUbA8ZAHJ6BsjGDnHPYAcnP5nwz9pW5Nt8MJWBHz6paKSecHLDnJA9+Scd+eK9yRnLBcMM9Op6gbuvYgjgYxxkmvCf2nIWl+F7jGFGrWjbuem5zk/XGcH+62eMmvtMhqf7TCEeZ+5JK9rp2hdvXVJb7W7dTfJmpZxlvNZ3xdPztfVPa2/TS2qatv8Am9q17Jc2l8IopGdLKz3zLkbCWICkDsxAXcDnbwOW47n4b6R4k/4TDwhd3CTW1pJqUaBir4eIKMKgYn+HkdORwM4yy3s9tnqkCxRAPpulOzMFAKmYjGSOM428Hb0B7Y9/8LqE1TwmssXlr/b0EAcD5AGhT5UyMYwSQR6n3r7WVNqtg27J1KlO+nM0vaLsnyvztZ218v1nMMbGOHxNOFON3SqxjJ9P3OyV13S8rO1j8yfi/aiP9oDxRGzMzSeKMIBnIKYLHGSVwpA9SeOvWjqmiakviTXCLe4Nu8KupERK8KMlh94gHB6H8eldH8W3iP7TniGIHEcXiuYfMckqoiZjjkntgck4J6cH7X1bw94Wm8AaNq+n/YG1jUWu47zE6NI6LFx5ykFlCY4HyrxgHkE+5OpOk5xjKmlGUm4zkk2lJKyWjk9baLrdbHQ8WsPh8q5qc39Yw9CneEW+R8sG3J9Fvrqr6H5g3gvLXWVilEwhaWEhViKow3AFioxyMHHAIABzjgegeIolPhS7QxMtq97b5+TDZxGfwOSWPcjGfU6mrwx/2urXAjUvIiQxkr83l3BH7vpxgHaO+eOOT6b8S/DX9n+D9NnuIRFb6vdWkcSmQIPM2KVUjHU5JxnPOe9ek6tL2VBzqQjKbjOEEop6pNJ63afXrd7a3XROdSVamlBxi+W82rJqz666N2urWfzTXgPh+3i/sLVIYZmVPsLyMhbBDB2w7cfMQPlHY55x0GN4CiNzc6s1mJXnDRRukaF2eMkByWAHyAcMCR8uepPPqs3gW/0Y6hYQtE73ugm722wMgjh27yc9CApJY44I9iBs/s4aJZjxFriTMJIXtFt2lZkURSSJg5BGEZWyfXgEAfep4rGUaOH+syjB8vKpN3besYppP0vo1tayscqUkq0bymnZys3dNqDVrtW2d+9+1jgvje4i8KfDS2XaP+JlOTuAAXGVK9gvIPXIHIHBwG/AKMr8Y9BkWT5TLLjAOCBFg4POBkYOCPXlhzt/H/SHQfDjTYmISfVtQWN5HDAk3jIp3DquD7c54GSTL8FtHbRvjNoemNIk01uLpWdWDjLRmX5QvbGBkk+oGSQOmhi6GKdCdLkUaqg1Fa2aSUr2f8yve++qbsYTi6WEq8zcrRqyV30vdK/S6unrZ7djyj9qe4z8QdY+ZTs14YycYItyQACcnDAdOevFfKHjy5Am00DB3WAYkNx820sx3AnqPUDqO1fQX7VN2w8fa+Mk7deIGMY/1ATgc4wcj1+XpXyn4zvbpLmxVozhdPjxgf3lXd1HTkA/w9DyME8mPhOTbk025vXW61ioryTbtftvZ7+vlEowpYflX/LvbXTSnu1a17r1vdLt9cf8E97Z7v8Aaw+HgCptgXULh8AgAC0lH95gBkYPr2Oevm37XNlfar+0b8WpbfULO3A164iVZyFZhG7jALEj37jBwByMetf8E0PMuv2pvDcrA/6Lo2pzHvgLbzDkD2zyc4Gfx8B/ad1JLv48fFC4BAZvF+oqGILBhFPJw3c4wOSfpzjdhlVqeN1Sk4c7lFvpyU9dHppfX+ny15SqZ/immoqOW4ZXtreVeu3be7i10ulZX2ufPt14P1Rrdp2ks55ecHzlVOjAYGckbcAnI7gjHA634zGS38LfDmBjF9oXRZklZWG0tnaEVsnOA2funGRzxmuYm1m2iRormZ5I2Y7Qp4Xcp4XB9cc9gD3rd+OFpbjQfhu6SsFm0uWTBJ/ibGRg9ydx45PIznj7OMo1ozTXIlGN463b5o30vZ9LNNNaK97MpudOvhPaSVSSlK9kopNxtrbTVNaqzeum54l4fs5jM73JVIhFLgbeGO05+7gck55wCcY6kj2b4oQtF8MPAL4Eu62v9g2jB+dQMcnI2kEYzgYzjAryzT5beBGQuoVrdymW4J2cgkng55+h4BHX2b4orBH8L/hulxIR/od06ngAbpFALYyeDycjGGPXBNdMKaUJ2a+G92l05FaK6ra+l9/MMVUlPEYVWVvat+nud1fR6aPe1nbZfLWkRg3EIEZErHIIRicAHOMfTjpjHO417j4zZ1+BuilQXLeJLgBWGAcDByMYG7KgZ3E4yDwM+YaRPY2joZ3y5K7XUh8jDHaAeQOvJIx1yAOfUvG00MnwY0ORJmdX8STlVUHCggZY446Hj1yTzU4eHxtqSfLZeto31tZW23bbWuq0VeTU6PutP2qvzate7fXlS2crO61vfU+XdNW7W/hHlYVySMggKGb5j23E9DjGK+p9DwfhL8RVCD5bnT2wVI3Y3EDHc5AKkg46HPf5utgJrhHikZ0Qoq4Y5xuOSxHTaCScdxzkYz9MeG5Gm+FHxLX5VaJtMO48lQC+Bg/XowAAHQg4rooLlm46pKMkk0nf3Vd3aTsmvLXsrGeKk2ocsv8Al7T1Wq+KF1o3e2ra81a7PlLyz54MA27gCQPvE4JBJIyMDk+55yTk+u/C64kh105d/LGkakCXOAWEDEjHXJ3HAIOcnAwBXkFvBJLeNcG7VYwQpK85OcH1wRxngngdyQPXPhraMPEkX78TI9hqGVGeSYicZAxnGQw5wx7DJrqwkVLEU1q7tL0V4/qklZra2zsY42Tjh6jTu1DRNqz96Cutbq+lrPp8x3hmAXOmeIFIWEF5J1nRws+RO5KR9GO4DJIbqCDng1pWHgnW/iLqmjaf4Rh1T+24zE15LazvO0FlE2JZZ9rghCo+bccgEDBGa8S1ebVA+orZ3rQR2t88BjhLAuDcOcMAQpAGeobnn0NfWv7FWuSRfEvV4bWa/WS40oRz3zqxtbUj70TEgKjS4ZFBIHQHHIP0kcXVinQpxdotN6+89VZK1227vRu3VvRnjKjD2bxEtZSVnFpXd2pK1uvNt5Ju9jx/42+FNV8LeO9UCCW4GmabZWs2x3F1LK8SrI8gQlgyMSQpJJIGTnJrz3S/GmtWaWelHzYWdJJRcSiXz4B/Du3PuODyeDkdAQNtfZ/xH8jUfj3r1lvimeW8soX3RhkmRVTfuDEjPXJB65yTuxXi3xy8BSaV430680DTLi5t9UsysyWg3RwOTtckKpVAqgEkAgcEjufWw+tFvm5pOSvZ63k027b2vpZbXutVc4XVftIRnBJckd9G37qttzdF6JvbrzfxN1rUE0rwlJK8tzJNpkSvLGCjOrTKruJFO4ZGQMHGT0zgjmPDXiXXdC1xLvR76/08TSxW0guZHeJ432xt87MwxtPGQenA6Y7H4kwRyWHgnS55obdH0yGNrppNiwNFPly7kLgZVgOhz05PPrXhfXPgn4etrO31+yg1qaBUeS6TdfI1wIVKMTGyhQp+ZecdM5IUCqloTXJ8Wjb7PTu7JWTd23v6IcIpxvPmcdUrWvfmWl1slo91pppuVvj3ctY+CfDdnb37Xt3calaXZm37kV5Yo3dlY8ZDk4PBGBgnIJ8z8M6P4t1ObUbnQ9QupHlW3VNlwzsZ1YfN82SBGw5GSDjGQOD3/wAd20bWPCOi67oN2GsX1iFFgZWiS2QqnlpGCfuhdoypxngjJr6c+Bnwx0bRvCS3d3cxXH9r2gvzIozIsjR7xHG56hWxuPcg89j0v95Vpx5uROKer0Ta00TV4taXs+60evJKcaVJ8sFrPlSaWidlrfeK966d/NnB+OfCeq6H4TvNX1vVbrVL2/8ABjreFV+VZUtyVSRR8pCjALHOSDkgmviXTL/V2g0mwtprmKHVtPgtmt44iBes0yqFwepCsMscsAen8Vfo/wCN4mf4e+Lbu5NysNroV/a2ZkG+NoxvAKn+HJG3nkYPzEdfir4b6NL4q8ReBZ7RENv4bW3l1AuwBUjEiBl4zx82CMkegPM1Lc9O89JuN0lbS2rTutXe+qV1pZ7OKa9pSqS5X7tpqNlFv3YSbSTtdWfTTXrY+0bD4EaB4H+EviDXtJRo9U1Hw0brVJrlizi48gkwouMxquGBGByMgda+Vfi58O7f/hUvhvxoslvJqJ0yBJ43ZFhjhWRVXKEcuQd+QThVBx6/o74nnnm+Ffi6ZolEL6BeEMFOxAkLY2qcAqMZzgA8k+h/Pv4+WV6f2dfh/c2cxeK7MMVwIg2DGQWO4DPGQMcjoSdoGa9CrSTou0rJrWSTulZWmtFe6827XTXR+Thqs1iVzOU1KolJO2rcUou1ttrrsnbfTxTwtpumeZoLw6fYyXi3Vpcy39vs3lnUZjZ8bvlOTjhRt6f3vlH4j39zD4+8X7IxhdYuMEv8u1JMfKCDnA5Od3TgV7x8MJLvT7/TNNuQwWbVonUOHD+WEO0EMenOcHjoSeePEfGdn9s+IHiqTHyxatenLcqT5irzjpyeBnjPA5qaM3HAcs3flqLlk73snbr1XdO3k7nViop49ShFQbowTd7ONn8ul900+qfXkrdd11Y3ElwCLiWLdGHACkyAnBI5Y9G4wc9gWz7J+0Ipli8AyrCzsmhpHGoJcYWMDHA4Oe4yV6AZ5rF8IeAtM1zxPoVl4g1NPD+j3bZudcljLxWYUEq0cWfmc4AB3YBJPGOOw+N6aBLqHh6y0TULi9sNGtpdPgu58o+oxwYiF5DG3IjlyWXqNp5yDmuSliaNXERpxspxV3dPT3Y31ta+raSfXe+hpUo1IUpNtS5trt9o3bbVru7au922tLt/LsMk0mI/sitIjMHQpuQbs4YnAB4GD0OTk5AyfqO/uZ7H9nvwPdyWMN3Hb+LLh2spEzG4QHG/1GMHAB5AHYCvn/ToYnvZo45SA0pyW6nAz0OOvOTwfb5hXvfiCZR8CfC0DSkIus6xO7ZGAtuAOh6DLAY465BPyivWjX5YtR5m52i7NWenld27rTo7HjVcNzTpOd0o1dG2mly6Xdn06rbyPhDVb22vtW1eSOzhtjPeSN5KRh1jZmyoXjCqvpkcZyeuPqX4BsIfhp8ZIzgFNDDAqgHO18jHQDt3z0618kC2h+3XrtM4klZpUXIG3e5yx/vAjHOR1BPWvq/4FFV+HnxnCNuC6Ag+bPzYDDn5TkjryOueueOanKTxEXBT+JOzTSTtFWas7dWmlta531lBYaUo72STv8XvRaa7O121o/ePnXwajGPUWLBQ0bkAA9S7nnqc/wB7HOckDtXuPwBeKHxN4xBdn8zwvqjLt4y3kjHPYLgkdMnjPp4v4Obz7fUAsagJCwXH1bkevUDoOPpz638CjdL4n8SxxRJ5o8J6n5hYZCgRkgsOxK9wSQRzwDX1NK7m+aEVpZydrttrTTRta3Wu1ldq583Vl+7aWqS5nZa6uPRdbK/nZ6LQ5jVjcxSzGO6YLK0hcKCHVRI2FyTzwf7x4GO9cJbXcseuWKSXErZ1GzJBZgpBnTg4JIyMA8Hnjpiu21MTzRXDvgFPN254ckORnHXtgEYz0IxkV5vDHI2qWTvJ+9Op2SgEHp5y4+vOMYOeBkHkHrW67Wve3Trut+iv127nCoqW22r1XSyT0er1aS8790l9S/HiKF/GDyoFlkfQ9GKBRkoRbQg87sHhcfM3Q5B4IPy9qjyx6kvmRKqphkJQEhwATg8HqcdM/LuPU19R/HCFYPFMrTE+ZH4e0iVSGxn/AEWJgvQnnGOTluQQQQK+Wbu7jvJHnkUBVkAGDknIwCckHPXB7ZzzwaxaTqOSu20nqk9FZ7t/O7Sd7arY7aSjCjBO8LJNJatqL1uml0s1ff1sfUXxovZE8DfBqWWRy7WBChRggbuwPfIJAycZ6d68q1PXJrbS2EZ3koXVSp4yxVgDjrwQe4xivR/jRMq+Cfg4sm0xnTSUGcEZfoScZwM5wcAHGTxXkWrI8mjPKpiKrE5Xj7oBJJwAAT8pA425GSBtAqNeaCS+0unf7m09Hv0M2v3TV9HfTVbta7J630etrtp9T0/wXdSXPwn8WXTKihNQt/MVQAW+Uc45H4nvk9FrgrXxlBBL9ne1uBAg+QhM84IIB2kHtyM9u2CN7wLMZPg34zbJRV1G13sGK54HTPOCcggdeewrxu6vWj2+Q25DhQQxJDsDnkqMknkcY4PJ6V6sYpqMpRfbdJbLSys12s9U1pom35VKMOad5auabWt0ly6W66b6Oz0a3PqP4MeJYtW8Y38cMUkSR+F9cP7xcZ22038QGMkfKc7fmwcdc/EWoeJFF/qFqPO4nvCzY+ZmEz/ICAGx1PGQQBuGRX1B8BriQ+MNRWQhc+D9eIABALfY5zknAyQf59jkD5W0+K2nutRjmEck0ovSXfCtHmVyp5IBJAyDnJ+UZIJNdmCpc1RLWS921tWkltd26WWj2S1OTFONLsrtbybbta2i8nZd7u9kle14G1q3Pi3w1BE0sZbXtO3KVO1WaeMggsMnJPzHqvQ43c+9/HnxLHYfFrVLSRpdwi0/bgsF/wBUmHk6nhW+XIOOcYxz86fDqJn8daCphQxrrenxIWwCpW7j2vg5J5GAx/h6dse3fH+0jvvjVrcMpRHjXTgTznaY4yOBjA6cAjsRiu6tpXpxcLx9m7K+7Thb1vs7LR6vucsKn7ic+fXmjFt9nbRPV3urtflsua8TeKdMaeCNrwl/LVgA/XKjOQpwOOOQO/TGK9x8ceJbS3+HPwYd5nSGae8YsG42JIFb6kZznrnJ6V4F4u+Gs8v2bW7GaD7CyLCEAJLsqHcVI4JPQEHOcZOBz6d8TdIuW+GXwWtYbcMtu1+21gVLBZhxgckcc88g8dzWVlOVNr3WpOSu22tI6aJLXXZaN7HLKu7u693mjq07NLltZrW++v6b9to/jbRXQWcN0hKh2AZP3hAVsDHHOSNpP0PU46/4b+JI5NS8eJCI9sfg/UXLKAMgRMSenGSxzt455AGcfN9lo2oWsy6nBZS+WqBZSkRIGFywU5ZSQR83HB29DgV6N8Hrt7m++IruvlsPAmrkb0KZkWM4ABBBJJ4xgLz1IraVOnOm99bWu978ll1XMrWd9dL6p2ekKkPaJQlG/K3dJp2tHTvpfp09ThPA/wASbERvaJt8+3Wd/vL+8laRyV2YzgYzgEcY716V4Y+IN8fEehw3VjE6z6pbxxHII2sSA2B1UA7m7nkHOMn4v+F1rPPLql1LE7Sxz3Cq2wkbTPJjnPTLDGB2x9PoTw5HcQ6po+oXYdVs9UtXOQQNofYpy3HORgYB5xwD8208LB0nJKPwydrJuy6NNXs+rtu32Jp4hqvTUWovm0VlLbrqnq38rdHrb6Otf2lvi34L8T+IdB0ptO1fQ21S6tLazmtxttRKoQsJOCNu772GBwccnNepfs7+M/G2r/tO/DO41lLO1tbLWFaZ7SENBIsvzNuYHBf5uScEdeorww6JHYf8JNr17BDLc3OpXhs4pAyupkRXUgk8nkEE9hwRxXd/snavrcnxi+GqXkChJ/GVnbyTYLO0M0xV1LH+HHQHAGB1PNfIZ/k2BpZJmtejh6ca9XL8TacY21lSdnrteVpJ7tJo9vCZ/jquZYPCTrznQhiaNoSXNyx56at0duztpbpfX9Sf+CxOutpXh39mXW7czSSQSaxcoiqASw2FASRyCB0PAAGTy1fO3wJ/4KFax8HtASbSbrUNPuYZop9Q8hsrOXVUMYUHhkwoJAJbHOTkj6D/AOC2ljcWvgT9ngxiOK3t7nWYhINpALwROAcE9MngZAwQMnr/ADlX+q6hb200bXcwV5huXkKVycZHGR8oIz0PJORivx3hrgPK+MeC8DhM2pupCjiK0rJ8rjKNXRxkneLV1Zxs1tHu/tsfxNismzbEexjTnSrUoKdOpBThKyi9Ytaq6Wl9fNn1T+2B+0tqXx58ZatrNybxYr68F8808zNNIzHLEsckAdgBgYBGDjHwzq0q3mtQCF2CrAiksfvdOcsRuJGOMfiSBi9rd1LMCzzNITEhTLfMV3ZI3YBIPXj2wR3xUt2fWbXoFMClV55PYgdAcc8qQ27Hbcf2/hnh/LuGcsw+V4GkqOGw0FCnFK9tnbm1d3K7b1u2/M+Cz7M8TnONnjK01GcnHliuWKjGKSjGKT0iktEtPLRmH46m/wCJ1BATgJZx5YnJwcAAZGeeBkDPHqQKr2yeZpcjM75ELgZ/uqCVPccZIPOd1P8AHlrK3iOQOcKlpENrYOQRkYx2AIJ4xkjBOTWjZ2Ep0EvHtwLdySe+4N9PqM5wf7ozn6qg04w6bWTjdJ6ei7NXfz0PnayqRfLK7ilfzaXKn673067t7H1N+wJsT4maq5DN5NjDtYgkjzJTvx1IDDGOTnHQEE1+qv7IMjXPxr1dVAKr4t1XHyjPMbDjkDcAVwevU5A4r8tP2DrV4/iRqEYGHudHabPUD7KzSZOSAMkYOBzuHQGv1M/YkDXPxo1RsD954n1U8cAFo3GOORz3P6cmvDzyUXRxUlZSVFKzW6dl9+t+979dX62UOMVSWqTb6Ws1pZ66KK08tmtTA/bkZX/aU1xHHyxaVpi/992qE5wNw5PPcnBOelfNunxNHHCwC42XLgEc5KtgrznAGODnk5Br6X/bZsXk/aS8TksAws9OUgEbvktY2+UY6kcYPPXoeB8320ANlLIW2+TBL0PUlmHDdiWb0z1HTpw4GbWBwqtZqnBpKya1it9n0fmrLQ6MRK9SpLmva1ul9IaXem2199vI5m7imurVlCKAkDtnacH5wQTgjgLg/wC1nrzkw6ZNOr3BQhTHBGcKMA/Lg5HbPRuOSOMc56BRE1uYi5RjaMuSQCQQe3X7q8gEepOASDTdML2KXaBRG8DITwzbo3VNzemeuDwBweVyOv2kFyuTsnJXeis9EtPK7v0sZxkla90pWd7bqLSSVrWs272V7Ruk09OHN/eC9iwplTzpUVCuAHBPGTwRx04zkA8HjVv7aG4hSaZjCxj3bGIKkk5GNoHQEcdzkMBllqL7Og1Ozt2XrdTgZPQc7SAMlgCCcemMZzmtnVLHduiG50ETueCMbTnPIHGB0zwTnrgVtKpGnZJqe2it7uqtb4bK13a9ns0r67043SlK9rRsm9m3GyTVtNna+t0mk0jmNR0lJLaKTz1Z/JyN2cEA8bSSMY6Z4IOOeTjSNhGJNMDPjEA3MMEcKOAR0AwBtAbI454NLr0M0fh+3ukDE+UEOPvLllweM7cE5OTweaSxeZX0mMqjo9ru+cjAyFYZPbB2nHXPXBOCQrud+W+mjeqWqi09G9dE9OiV29y/hlr0itbvTmSsmlffXWMnt5WOavdJlkV5Ag2R3bNvZSOCzMcHkdSMnHqCOppY4yXVIySfMdSWXcV4+8pPPHHqDg544rfub3ZHPGVLA3IDhSCoyeeNv3hxyvGVyegKuSe3juIH8sxRlZWy3HJH8QPUHsRkA9SRiumjUqKV01d8qb0btdO62Sst7X1ZLd1GXKr3i1o9HdXa/lSXW71tayOWttOgMrO6r5h80OxQLvzjBXABU4HGOOTknrWnZabKY7sWk81ussm4jJCs5U4XOeOQSp5yMDOMkbWlrb3k8jybPLzP5YwAQ24AdMEDAx83PH4DRgtGWG9MYDKJgVyeVwvp64JAHqeMcGrlGUpJcigmo82qWj5fea5r2te9vz0Uwbct7Rjy2T3ekXd9UkraK123tsczpa6lZxlJpCf3Uwjy3BKnl+27OcEcHjAHXPgn7SG+50LwxLiV0Sdlmfy2ZVIUnnaG49SR3BPv9GPE32aznkLIHmdH2cEYLDcSTgHaFyDkEdDjaB9cfsra38FtA8SX1/8AHXwFaeN/AS6ZPaiK/gWeCzunH+u8snLSAHJwwYnjjt8/xJm8shynEY6GDq494eClHDYZXq1ubk9yMW0nJXu7vZdNn1UcO8XJ0ZVFBPabvLdRaVlrpJN+qPzG/YfIXxP4iuF3KqQgZwVP7uRduMhSME8jaQAcHJNfXf8AwUYnOoW3hp4fOlKaTo7tHFHJLK37tF2oiBncgjkKO3AyK+jvinL+z3qPxWtr34A/DlPh94fufDMrXEFtbtbw6je+Yv8ApKROWwjAgqwOOx614j+0546v/A/i34f+KdOttMv77TILOCG01W3WeyleCNHCzwSKUkHPQn5s4ycGvmMJn+JzTCYHNsPgKuHxFSjKrDL8VKNKqqiTap1ZLmjF813zKLst0+np4bB08NhsVhp1VODjHnqxWqu462bWuvX5dz8ivAVhenxdoTy2epopv5WSWTT7tIU25I8wtGoHzYwSf72MfNnP8SRXr69qRkivds+p3CIzWd15bgyHDK3lsj7jkZLBcdTmv2Fuf2lPF2oeD1M3g34ex/adNv7+6ubbw3ZQ3lnK6sVaLZGHVBk8hsYIPvXo37On7eugeHYovCvi79nD4R/E5IYo4lvNR0G1gv43mY5l80pliQ4y2cj1DCuXHcbcWYXAzxNLhVYmdKUVKjRzKnzNXV5R5qKjez11trfY4FkmDlKMIYxqUrcvPSaTUnFNN3fS7vtulqz8afE0kcnw7u0RZxdQXdlalRDJEfLTYzKFdFYgMcsxGM9wOvtn7EVmI/irq9+tw7LH4cuQ8bffBaEqecfMA3YY56EE1+hf7RnxV8I/GgaTHon7P/w+8KwQXNydQsvDenCCWW0TLBbiSLCu6Jhs4GMZHAwOY8A2nwxjs9GvvB3h2w8I+IJLldDvLe2jO6+iU75ZXmJ5X+EqBwwPPC1hhvETF5jSwuExuQYrL8TjHySjKtQrRoJ8srylTls1q9Fftsd2H4bp4fErExxkJ+zcZ8qjZyfuNK791vVXWkv1+Uv24tJvtak8F22mW0t3Np1i4ljhQvLukcTAlBknIYcZHyjIIJGflbwvomq2fgrxtb3OnXcN9c2NtstXgcTkCQMGCFQxDADbgHIIwDmvtf8AaR8S6j4c8YJeW7qktuJYEBjDruEWFYhtwwEG3ADZ4x1rxHwl8QtW1G/vdf1NIppLZrDyYEt4/IuWilR0iuFI+ZcqPlOARntzX6FhsXiMNl6rUoKp7Om5wp81nN6NR2aSl8LerV99TxMwwtCtmFRzm4uo4xlLlukrJNpW3tddGlpe2/yVpXgXxpqd4kdp4U168dIvNEEOl3jyeWEHzECLlSBkcfdy3PNfXvxD+DvxX8RfDH4VTeGvhv4y1aG10+/tr2507RLqS3trvzWcQOUjwHCAs5GMD73rX6A6L+2z4g0qRLXQPAHhiw1GOwkWfUH0qxk3RGwNvIu0QDag3FkwwCtgjHymvc/hJ/wVK+IPwq8EeE9An8GeGvG2kf2nqM+qp/Ztnb3Qt7qV/OjjZoWVZVRiFkOcKOOOa/Ls+478Q6VGNbKeDcvxlSniYxjRq5p7OU6co+9K6w8eW1opLmau72ex6+X5BkrhVhLMqkZuClrTSV04txWnM2lr1XfbX8yf2CvCmq6X8WtftNX0m806/tNFkgngu4JraWKZeSjJOiEbWyPl4OD1rH/bZimi+IN3JOG3f2ZFtKk7w6kJgYx8rDGDwQBgda/TTTf2itP/AGhvjneeKrL4f6T4FuE0qa3WDSYbeJr61yfJlv5LdESW4WMhGfGX5c5Oa+Av22bTTrjxhqj3BkWaKwthCGIU7uAcnuoxyM84z1GR9hwjmmZ5piMLjM2y7+yswrYdPEYKFaNeNGeicY1oqKmrpu9lba25tnmCw+CySpQoV1iKUJc0Knw3WjTcenpbRJ3d9F+dFqbXdGS292jIl3DLLnptAxgAHk5zgZ7muu0y60qVbW0csqQEt8+VUyZ9PUdd2cZxjnOcCLTIBKWR22tH8qrwSCB82OD19/l6Z61dt9OiWRJQAiqpJ3AjJ4wcKePug9cFufmziv1SEZPRJNPR3t0lFN7WSsrvu0rW1PyylXk5ct07WTW2zjotPJXS6aqx6HPHZ3VuI4nVpBsOSwG0AEcH0yMbgcjGMAnApWlhC1+yzLBNHs+UmYY3A9ueWB6jAAI2nPNW/DqWn23Tp7+Ka6s47uJ7u2iIiN5bRMDLbq5yR5iKUB7Fgc8kV+t3w3/aE/4J3x2OgWXjX9izXl+wL9m1LWbDxC11danOQsf2gxxjMYd+Qp6E5B5JPzPE2e4rIqUJ0MpxmZwb99YaVBOkvcs5KtOmpJ3btG7e9mlc9zLMAswm4uvSoyVlBTUm52tokoNNtNb/AC2PyfuJTHGY4bcLFKwDYPTbwxLcAEkgnqTgEZPJpzTQqoCBTu2HIcBi24ZI9ccg/dOMEDkE/XP7Vei/DS+1/UPFXwL8G+K/DHgC8glmt9N16CUwaY5GVto7tlWNmUNwoOTtXsxNfmzqGrajbXXyb2TYQTlvvE8gc/KecnGOR0zmu/I84p5vgqOMpUpUXNJToz5FUpT0U4TjFzipR1u09LK3aXNmWAlgas6NWSk7K04p25Xvy6ap3e1nfyPpe00p7iGJE2bzAs3mMw2hcZwDlQehIB6jB55NcB441Oe/e10y3mkcabCkcUTSFokaQkSmFc7VY4HCYyAQBxXnul+KfEfnw273E/2cR7AFyGAYgY3HGNgY8kdeOpC16Lb2EN1NGZCBI6KwYA84+Ygnk7iR8xzjrnqBX1EeSpGKnGL5batWcX7qvrdp200avdPZHiuKjfkvfVWcbJ/Do7/Fpfve99EjEsdNnhiRriQvIrbjHtJbacbQf7w9M8cnGa9Z8L+NZPCMV3FDDHMb1Y33tEGAK8hccnaDndyOMk53cc3BZpI5dju58vYxGeAQCWxk44xk8nOeorK1ODyJUSFssOM7h8uSflOcYXC46HnnAI4561KFenKnO8oppWi91a2ruryv/V9VVKTptTTSV1ro9VZW7Xau5Pvtdb6njHWH8TTXGpzrGXkaMNHEuyNduANq9NxIHzAbuT6cbPhhls9NREI3u6kIOoz3z68DBPQdQCMjk7eES2wd2BVnIK427SBkZOQpyfungbeeRwt7T9Qa1KxrtyQ42hgS3XG49gcE9OMDrgZ8qvCEb04XVou2j2dtnu3tfTV6XstPTp3c+fm1km27btuLadt07q+zve6Wjf6m/syXslt8Oldc7Rq0rFSPl+UZBIGCM5ABypbjHIr1bXLhJdcRZBlRamTJwqlmJYqB6DdhhjqOPWvIP2a4WPwu+0Pnab93KZJ5IBKg8HnOMng9ScfKfUvEFtIupW0qnPmL/CuQBsBXJ9vmx2JznjgfMU4xp4mcru7lK973uuR9V17/ADXS/wBZBTlgY+7eMeVpPs2m9Vr3a7NX62HeHZfL1K0d23IouBgkDkFhtwPyxjgcHkEV6P8ACn9rz4WfsteOfiqfiB4Cm8ey+OfC0dlYWp+zyW9rNCzTIsq3EMuIpGx5nllGKZ5xyfJNMjeS7s8OQ+LgtyR/fGTwD7EZ6fNzyK+Iv2ozcQfEfLyeUkunRBQCRvGAO+75j2zyxBx0zXLmXD+B4hcstxzqvDYil+89nUlSqP2dSnNR54WmlflTUfiV1szixuPrYPKJVqdueniYxTkrpXUW279Uujflotvr7Vf2/fhdqN38REf9n7QIYfHkFtDbCyNtAdAW1QJusQYWaOWbYXdhtLOW6HmoPGH/AAUJ+HeueGvC3hew+AfhyKx0I2x1O3vxbSxa1LZwJBG8+yOOTc4XdKQ5LknI7j8sbW3nvbqNbeEyOcpsRhuYqDnB4LE5zg5ByBgZGaGpWM9q/mSpNAvmGMGRJFy467CQFdl44XOMAfLzXVDw/wCHIyoKUcRKVG3so/XMRpyQjBSsqqvLlXVfPU+QXEmZRjOUZR5ZO7fsoPWTju+X521Sb7an3R4z/a38FeLfC+o+G7T4G+BPDlxc3MslhrNjYodQ06OUndDZuDxkEqCS5AABORk+SeO/j/4g8WeEPCPg69uZJdI8GWc1toMG5gtstxIJJAIlIRcE5ycnjrkGvl6CK7ubmJUiklYuVRIY5ZGLFgQB5akg5OTgjdkntitqSz1CGeGJ9OvEkJZfLmglieTO45CzICcZwNu7OOM5r3cBlGUZdyUKEo3hNVIqdeVSpBuKXM/azlJWV07WVmebWzDG4n3qsGuZJOUaaimrp291RV9bpvf7zt4PGNpbiF5oZ5AoVpACNrO3Q9CATlcE8Y6jggem+FviZ4e0qW4nTTJvNubZYJJMgtuLqZHKsDnPPYdcAEdfAYfDmvyeco0LW5gpWQgWE7qEJXDswjACkbcMzEED5RjBNu107UrYxk6VqkUd1MYVmltpo4TIg3ModhtYrjPXjGc5Oa9RToyVSNOpTskudpp8uzXdq7s/nppq4TqRdPnoyvNaJxkm7ctm7JaXt162trZfRUnxJ0Nm1SRraWOS8VYQUUIpjCcDbjAIzkjG44xnPNcX/wAJ5pkbxo1u+ELpGTJtAQtkckEkYxjccHt1LUt7+z78aLXwG/xRvPhz4wh+HrP8vi+TTp/7DKqcGQXeNhRWO0k4AJAyc14iqzXUoit7aWaQMxjKI8jS5zwiKGZm47DgdgciuGhXwtdVZUcTRqQpTaquNVTUJRtzwm02qck7aaW662R0VnXg4U50ppzXNBOLaktLK2q3VlZX/X7u+Bf7WN3+z/4o1Lxh4Y0HTNV1O/8AD8+kwvqESSrYM8iyrdwFsESCQD8M4+YCvpax/wCCv37T9j4t0TxNqeuW+vaTp0F6p8N31uzaaGvUZH8hWy0SKpxHk/KwDFRnj8ybD4OfE++8NQeLYfA/iA+Hnm8htTa0njtlO7bl96KyoCVC/KwyecdTnv4F8deZd2j+DvEjGxhE0pGk3IAhwCJh8nzREYKvgAg8DpXl4nL+Fszq/Wca8BiKsoKk60qtOTajZqN1O2j+zGzTu272Z00MfnGEgqNCNaFOLU+X2d1zS5VdJxbjdKza1/M/dnwj/wAFuG8K+GtP0+0+C1u1+r3k+tXX29Rbapc3jM8kskRQtnODhmLYACkAHHCP/wAFrviBZbbnSfh9axxw6ldXsdrLdD7OEu1YNAdqpujAbCKeRtXGQxFfiJLoWvwqIZ9E1WFsZa3ksrpJkTnBIKDapUE7iNo/vHkVk3dhqltbuJrC7gtghYmSGRT+DEYIXgkruHOSfTD/AFT4TqyU40cNU5UuVqo2topLSWl9t7b3VkaTz/P4WjKVSEpWuvZ2dm03fmWibt1W+x+mv7OHxmk8a/tF+M/i5q2npZXXiO5m1DUbCJmkSN7y5jleK3YkE7QnyjIZfl3EEA1+lv8AwU7/AGxvCPia0+FniL4Q63fWPxF8GeHr7Q77Ypgu9Hhl0+3hdo5SrKzybSQcHb1zwCfw5/ZOWeTxdcRRecGeG3YMhbIAkQliOScDOTgEZ6nrXtn7RmkpqPxrstGIvriPWI9OtYrGxj33V7dXyLEI4Y1yZZJXACqOWOADxx8rjuHMsr8TQlXglhaWHpOUJOPspwpKPKp8yd4R3adou+vY+2wmaYmHDca0ZS+tOrWgpJNSjOtypyStfmVtLd21bQ+P/Efjvxj4puI7/wAVeItZ1u8upGnSTUr67uzE0khZhGxmARSzElVG0E+taa6hf3en3RuJ3kWxRDCjyzssbcchGYqp+o5x34r0L4mfCG4+FXiGXw/8Q9B8TeCdXgS3vrHSvEenz2d1d6dcDfBdxo4BaB1xhlOML275NrpGkX8d/b2ms2sZvUhkdpomQRIhwrMxG1SV4I9ep5wf1LLaGVqhSrYOnhYYdwSpOjGmoOKVk48qs7NJJr9T81xdXGynUjWdeU+b33Jzeurs3a7s0tdbpu+555pmp3qTz3kLGKdM4aNcNtwoODjGCQDngA9wcEepeHPix458LwQTaN4n1bTJlEkStZzNFI0bnLI7gHci5+QcFTgjJwKt6V8NNOSO6m/4TDQxEUQEMwGQ3yhhzggdCRz8vfs/VPhvoUaWqQeL9Nku0cboYMyq6n5t8YQkuCpxlAQO2SK9PFYajVoujiFGrSspShUUXCWqSbUk07aPu3fzIw3taM4zpc8ZNauDs76Kyt1sldt62tp07TT/ANpn4s2kEsE3xA8WyAnzI2bVbgFVwWaIN5m4RnJG3GPUAcj7E+HHxG13xPoPg/W9YvrzV9S1W1vIDPfTG5ulETOVU5J4zyAAOo5IxX55x+DNLkmmVtWuS9uC+2OwuDuZRygymcNyARg89Ac19i/Ao28Wm+D4bJXkis7i8hka6VkcSP5m5grhSRngYACgFiTyK+Nq5Nk1DEUsTgcLhI1oTacsPClCoovSSvBJ8q00b6Xep9TlWOxspVaVadSVOUOVe01e8NL+8r76dFrok2vapPEVxLqeqQ3tu+IIndCqsoEpi2vuHPIB3c8Y9elfox+w+8q+ANXnDyDOoS3MZhB3bNpUoxXOCSCMHBI9RjH546xFC2sXYAQPtmeRgp5zEV+b3HXPAB6gZwP0n/YWUW3w+vol2lJ7y4JD8FQhkbbg54YfKeeM9uBXJnacsG7RafMk5Xsujs3d2tZxW+6Z9PlCtj4uTuuWUYp25rv2b0e+9+m997n26t9EdHuBbSAC6sL2SaBxlo2S0kVmZuuCQeDlcABK/la8bX76f4o19lbao8f6/lghKj/TJ+D075znOfTvX9TEV+7HXHjst1pNYSw25Lgosi27F1G0YQEAnp0BIAHNfyu/ENlu/EviyJ0+RfiJryKysAFH224HynABAHJ7seDwBXNw3JVIVk2moOCtfS973bvdXtd6NPTpYz4phySw0nbnkpO7bVuXlVumnX521Z5/c3djeXUrfaESUTSyuW4VvnYNsyeQBnAH6cCp9Ia0iunheeNglncOo8zaGViXQdSTkAZO4dzgZxWU3h6Bp3aE7gktwZAzZYoGPGc8Angknr07rWxZ+FZLqV7qItboLcxldrMzRmInJIDDbkZXPPTHUCvqpOnCNpXs46Kzsm7Wu921boraLW92fJU+aU0lG+zt/NdRfTSzvv0+bL9vPLLpMwgRGne4jjiCuGyHRlX5SDyV44wCdvQivt/9iZpbS08bwX0IhMNq9uWEeze0zc5A77eARxgc+g+RfDmg2Fjptzc3MsUjRT2zIqswlQHGWC5yc9gVBHGAMnH2R+yFLHKfHSgvJ9o1NIUO4lgvlmTIUYO3AB2jIyMjg8ZV1F4SvJyXuximnrdc0dNNdOVa93rub0VL67Ri42lzS16JLe77bdL3T3vc+I/EIig8d/FJIlKrb6jqgQcEgyXOM44A6jJ5HBHYY/ro/wCCYS7/ANjf4c858qa+UnIzneD29CfpxkHgV/IV41maP4k/FtQTsbU74DkA5a7UZOcHBIycAEfUc/14f8EvM/8ADHvgbPRb7UAS3QjKDLckYJxxgfh1r8f8XY/8Y3h5JXviYNpPS/sWuu1mnr5rumfecFpxxWNTSulFRbtfWpay662032dn2+/ipHIYgsMDGCMfMcgE8buOMngDIGDUYzgHaMHPzNkcgngHJ4bHpj1GM1O46DJAI+bBDZ5GMjGARgZAyAMjgAgMKtgFfmAPQ4wAMDHUjnkEE59gSa/kCupOo3Z207O9uXbW29lbXprpc/VYXte76W3VrKL7L7vPW4uRyc/L8pGe5PbjI+U/xHj25pQdp5HbgDqechu+QeNrLhcZzk80xgOWB68kkYJHXqcggHJz04BXuajZueWII6Llvmye5BHT8z36GsGm2k7q7TS6WbWrdlfRX30e2u96pXs0rp2fXa17br8NG1pdk6uBkKMAHA98ZGefcnPOcdCQQSfaFByBzhgoLDkZ5HY7sgc5ByTnk4rPILOqjIGDkgnk8lSBwQRk5Azgkc8Uza2OO3yq4Ofmxzj1xkcdOOvSk6auuZvlTak23bRLbTr17rToxct+jbT0XVbWb6vbyXV6vW55wzn65ywBOOQc4zgZ6/h1INRhwTv3Bj944yM5xn2HAGOzZ7HioCpO7JYHOeoIOOQADwQTwcD3zxkQlWJOHyPQgEn0YAYBUEdM9vTpnKEN1rLfS+iVrXsrPVeXS97K21NaK6Sbtdtemmn56dbvqWGlQk5ACnjLep6H+HggDgZ4B7YNNaSI5IxxwDnp/Ccc9/ukDgfQ4FZw55IyPXjn+HPp1zknnuO5NdhISeD17cZPX1/l1HXinCmtGmk3rs72tG1rLRvX56ry6aaX8y07bJaabaXT2fo1rrbYRyKeFA3Z6ADqCfl9Dk7snBwDVd4lBbBByASA2PmzgeoXOScgZ5I4wcsIdl4wpyM8nJA56dcDn9cHHNMIkcnLHAyBnIJ4I7duepBxwRk5Naqly2tJJN2W71kldtJW1i9E7PSW5vGDSWuje+r0ain3dnp563T1sI8Ck5DA4yOoJA7kAEg4PHGeeDwBiN4CoBzlduc55yCB+BHHJHU+nJeFkwMsBkEdB0/hzye2ByC38JPXKtG7cMwJwMHbjA6nt1JHryAOfug9lKXI0nK/Klqm7bLZffb82rGq5lZJpW3a3torS7u+979mralQwc/KMkqCCR19ge+OcH0J4qJonI6nIB5JXDDkE5yAQCvJHynpkD5qveVkLhiCQOgxzkcNyOQM8Z9aPKjHVmIAPXjuMN3BP04GOOK7aeI5bJQUtLrdO7t02SsreSWjCTd1ZpPRNpXT+Fvut29tddkUkict224IB+XB/wAj+HHIHvgPWBS2Cck4yME8n6gYzlcAkfhV/bGARnqOnQAD7vP4/hww54EgSDJx1I5G7oefQ8MAM845J4waaxU7t20tol9m1rO+l9tb/fqxe3qx7SWyv8Td0ttrfJL79c8RBM8AZOMEgAe2MZyWA7k9RkUrRtxjDYGQqjng8cZwOO4BwQehrRCId4AXHJ4wTjnJzwQdx56dOvUiyqYyQFYE4Iztxt7DPKg89cHgZ6gVSxc1a93tbX0eu97q/Xp62Sxc2l7rTSvrs7pWa6a2b6tdd0YRgcZJU7foT+BPOB0HHX6mmNaynGFYjt2ZeuAvTjPLYIJxnBxXQKIxlcgHvkhieMk/dA6njnDZz0GREwC5xz1JA4wOq5yeowG4GOTkEkik8XVd7ct7W2StovN6/jquug1im7KyumtGmr3tbfW972b63WjVjnmhlwdysAOhG0YOQDnkDvnrgYPXiojFI2Aw6AYbj1Iwfp3+UD0GBW1K3GQN2DkkHPGRhiOB1I9AR6d4GA68Acg5bqDyPvZ654J6jaeecY+3q3V25LRetuVLq2rarTbR9dNFiJWV4xvpZJtJW5ba667fp3WYNwyxz2yByfYjIXIOTkk8DPYmpQoYqDtyMjJHOQeCRxz1yMDPOWyBm0IVIYgYLE5APr0HGNw68Ko4BIweKd5SlcbiCoxnAbGAcnA4HPJ54GTgnGNFipKSle2m1kr6R0aSu7JbXd7egniFa8Y2eitu7LlW93um7N6O2lrIrFSduBkZwp7AAZ4GCT6Y/LoDViKINzk8EY7Nknp1GSCccYxwCexiupbSygee9ureyt4xukubqeC3hQc4DPKyKMZOcnOO3UVy8/xI+HNnc29tN8QvCMd1dOq29uddsPNuGdtqxxKJvmcnCgAHPAPBrro4irP4KU6iT15FpZcvLdpW0XRa2sr2uctTFK/K01qrLzsrK+ieu6fXdnexQup6MCQCWJwSOpUEdsDnGeCT2xW3bQsQGO7PRRt4PY5ICknAGDnOABjjNZdnLC74WaB9wV02XNs5KOFKMFViSGU5XAIPocYro4IkUpjAxtznrnd7EnA7nBOOAwzz206zqzSUOVqyXM9rKKs79ej7O91bV+NjMXKEZNpJpJrXVL3Vp28/xPnL4h/tWfBj4UePP+FeeOfEV1o+tjTIdUuGksy9nHazNiJfO3FRI78GPBOSMD04+z/4KH/sqpeiwHi/VTL5zRCVdKmeFth2lt2ThWyWzxnJGRxX5Yf8FGNJef8Aajv7tcSI3haxQgqJY1ZGPLrzjA44xjGdp6j5Ag0eGK3ilNvbvIqlwyxopLfKc42H09OhIycc/omV8LVp0KOJc7OrTjKUOVO3wvSTvbvq7epyyp4TFUKbqTrQm1Fz5JQSk2021eLaT06tfm/33+Kn7cn7MXiH4Y+PdHtvHEvn6j4Y1iytop7CVfNnltHSNBuY4yx45ON2DlhmvhP/AIJReKotX8QeIY7KOaGxsfh7LEsqoVhvRL4nu5EnXPG8RkAkDpketfm740txb+DtVuGigBksrpFdo0LK8kTKpGAMEnKjjuQOa/Qj/gj+/wDxLdbxGmLX4frCZhhtsh8QTMVdgMAqOcEZwSc7a8PizJo5fgauJSqSrTnTpysvdS0kny6a9PR7dT0MNRoYfBYqhRnUlTqRjUtOcZWlzU4q3Ko3eqevnvc/nj/ay1RLL/go58cXWJfOk8W3McZkBIZpLMKAFP3iSc+nSvMviL4z8QeDLnwtPZ2lgJZ3vRIbhAVKvubDDqAoK7Rgk46dBWr+3Drtrpn/AAUS+Luq3MrC1h8ZSGYxrzkWoUna2ON3U4HfjFfLnxu+I2neJrjRBpN1dzfZZbhpmZGQLKx2hUwBkbeccEE57ED+muFMvqYnKOG3GEp0HlOF5nqoxfsKaUXdJX2V79nbt+DZ7i3Rxmcwc1GosdUlTs788XKnZr3dLPSyXR38vUNV+J2q6hpuoSMbOE6javHP+7KbpFBAEJYfd2/ebHHBA4xX7hfs0srfAH4YSkqbiTSrpXCnhtwLYIwCQDgLx0OeBzX8zcHiG/uNOe1kikJigc+bISNnUABsDB4z0GfckA/0ffswyyP+z18LZi2ALC4R2ySCRGcKp6ZY429z/tY58fxMy+OCyzCRpUl7+Ks7N78tnrdJq/T7vL6vwsxdTFZnjJVarfs8JFuL6e/C/bS99U92tbn2ZNfRWekazNLIBGPBjNkEE5VSODznpkDgnIHOCD+cXxR8Y6dfx34t90jWvhu6NyVVS0aCwlXOQV25yATkEMWHAJB+pPjN45TwX8PL24tZluNX1Pw9JZWdqpDyySPySFHOUB5zkZByDxX5tapDdQ+FfEl5qM00N7e+E7i6mZ2zIoe1kIj244wR1JA/2eAK8ngDJYxmsVVThJuPKm0r35ddemjV22n1Pd8Qs4lGgsNBxleLcpfEk4pe62nq9Nk9z8ydEv7I3l+qspE13dO0azKSCZmIaQAnaQBjqR6HoK/Xr/gmR4x/Zi8Ca38Ytb+Oc1tqmoah8P8AUdJ8F6TqFmNSs3vJrWQHy7dgypceaR5cowVDdiDX8+rzNY3d5cLPfRNJczoCqybcNK2MEc45HTvtPB6/pf8AsMfsy+Pv2govGviDwr470/wxpfgHRpdT1W41G2Ms1zdJbSTQ2UKuCx81FJLggA9T0x+x5tkVCWAqVK+JnRp2g3ODUXGTqQ5Wmmlvo1sl0ez/AJ4yTFVJ5rGNGkqk06j5G4yTuve6pJWV3fZ7dEeieEfhtBrHhT41eNfDth4btobHUtZu9Kgu76KK+tLJ5pZAkUMhycR4HkrjaCoHIUL+c16mqahdT3ENskyzOY3S3AI84OyvtAPAB5AIGOBX63fsMfsx3X7VHxU8a/B3xF48u9OSx0zU7uZtFikEU7x3IiE06xFN4Kb3cMcAA7iDkD46/aT+Atz+zl8a/HPwni1q3vtP8L3jvZatbIUnvLeTLQTOrElS3zZDFsEdQarJ83wUMxnkrx0qlaFKGI9jJNclNxhHmUrSUnJavVvVPuzvzHhnESw/9sOlGnTq1J0nJcvM5XXKmlfRO6vZ9NdNcv8AZu8GeKtQ+I1vbaZZx2d4dDmbzrt0SJl8xR5amQhTIeVA3A9Mda/pv8BfE3UvBvw/8N6Nc6JJLJoGiWum388U9sIknxguAJOACwIwRgDqSef54P2IvD9j8Xfjn8Pvh1rGp6ldWuu6q0GorZtNbakbJASwtp0MZVVZVJYthRjkcCv6ONS/4J4fC3T5b6wudb8cpFePv2Lrt5IVhGQu/ZLjIwdxGO4xivF4zrYfE46jRqYicI8kUuWLnpfS65uV6q+mumquj6/hGg8Hl1SpRhCTctFLTWPK2k07b2d01db2tc/Af/gqX8PvFfx1+O/g+TwRDDdPH4TRZFnurdI/OKszxiR5AgK54Xdkk45yAfzx0z9jz41eA7W08deJvDtjaeHLK6864uv7QtTLEtu3zN5QlLANnAOMtkHOc4/R/wD4Ka/Aiz+FnxZ8MeHfhpqPiA2J8MrcXct3qF3JOLoqfnScSlkBYFioKjJ7Alq/Ka/g+Josrm11TW/FNxahmAsLi/1Ce2kZjwvlNM6soAG0nkgcnNfZcP4DHRynAwoTpvCOna7pvncW7XupWT3e1r233Pic+x2WVM1xksRh6qxUp3jKM4qnGXLCOsXGSasr2Ule1rqyZ9HLpVrLHcXL6xpaQ3vkzlDcKxhjIVQTzkdBkDPXpnAPSaR4c8IXuoaTHqviLTYhb3kd0kgmQptiIbYGJwNxGMbQehBYHj5N0nQdUu7FHls9QZ5FMZ2mUKpXHUFgMADAI4OScY4rvrPwtNBZgppt5M6lHSSSRlIJ6qwLnHfqOvfANa4vg6livaP61Kk5RafuRb95K+7v1btrZ99jy8PxTRwMoqWFVRxlG13vFSi9brz7+avofaXxoi8O694MEOla7pRklWBILcXqBXZRtzKMgorAA7iWAzy3HP5yal8LdUtfEs13NrnhtYZog4hW+RzsCgqgHXIIwAOSecDnHstxpGo32lTRNp7tdG3Hks0uI4lQ4BceYCMbjlgOh9Ovn934C1NmV5bSF7iMAmYXSkL0GCpkJHcAZOTjAx06OGOE6GRxlh4YiVX2kpScpqKa5lqrLVa6pXs1u+3TmnE6zSCxMsMoKEY2XM3qkk93po+yT021OdfwHHLdpdah4m0iFXzEYFdXwV5C7c4AwBtJIPGMdTXfr4f8D21kkV34msrcNEA0UdoZAXxtL7t2CSRndxzk+lcZ/wAIhrDzRzXK2jRiRshZ41Klfu7WLEbgBwfm5Hc10N14HuZoh5jWoUBQjG6iGz5cnvnBIO7OB0OcV9pSpUqbcZy0ioqN3BN2aV3o2lfa3TfS58JWxtfEV3Uo4bnT+LmSSlqrLmutnZ2+TW7Oh8OReBtGUL/wls4VZPNiijs22s6kkuFDBf7pBwccnoRjxHxJo2la3q3iHUl1uOG2uZGWGeeIrICSV34J2pvBwSCcA45zx6Snw8KmGVtS0/8AdRs4Z72FQhUtkEfxHjGFJLHBz2PnOo+E724lu7WTXNNjguG8xEjlQgYfGMjCljg5zgEdSGJFc9alh04Wek01Kz5ny3SSeiS0v30t0R2YeeK0k6Eabg421VndxvfXo793q7d1geKPCljqmjaDbQeLdKsZtLtHjhkuyF+0q8hypDE7cZBA6E7h3rzv/hV0K3Voz+MdJwAGdVY+W5PzNgoSDnPHOCOQBwT6ff8AwovtUitori4sJBCrLHNLqMMIZCC0YAJGAflOWxycYIJFWrT4U6wHsIDeeGY4baQbw9/C8siddrHcxIAyD1ye3Izxwp4KWGlTbcXTnaHNdSd2nZ3jZRV3Z7Weivc9yoq37uSgpJxTaUk09YrW7sknrv8AelpzPg/wXpdh4gguo/FulPFBcF2tS5VpDjOS2SVA3LjGegx8xAHOeLvhZea1rF1qNv4y0OBRfSPbxNcbSscjbmBOcHacEHoD0OCFr1KX4d3dpcSTWt34YSYysAWu4SBnPUbgRnOOwOfWrDfDzVTC2+/8LCVjGyObuIkk4BBy2DjnGOnI44zlKhh6SjCMlPnSTUXdRV7JPS/3abdQjWlOlepQSau1O99Omutr9GrM8n0H4Z3+i6oL+48T6VeQRoTJC1wCsrFSobc3Uq2CAM5HPuvQSeHdXvZoQuvaLFHFJJiN71I9ykkqpBbJUY4yFPI6kivUYvh1qdzHbmTVfCnlxqFaNbyJGkYEbsYbpgZ4IAOeAcg8pqXwv1GTUBJHq/hqJS0m5Wv4yAB0JCuAcYAGPUHPGK1jhIYflcZJKSduW7Uk+V3d9tU7aq2plCrGrC7oWtZNNa2XLa2ureive1tLa2PPH8Da9bzS/YPEuiW8lxMZXeLUwhbDH5HAbnuRnHXrzU8vgPXLmYrceLdKfzABI0motIA4IJZcsMHI4JPJGTjv30HwylVlA1nw19oQgIz3qbRnOedzZ+YgZIY85GeK3n8BlQkJ8SeFLdju3Fp4uSCdxz8xwRjI4yTjOcEYVMFgZq84Kc5NttRTb28mtE9b9NtbpUsTWUbQXIkl2a2WitLdOy1tvtpc7Hw3qA0PSNP0sa3ooIgEU8xufMDsBgSAEDBGPU+55Bplu1is1xKviHTp3mlYyBGyF6EEYIyflwG/LgGqC+C9HjFol54m8PAtAVVkkVlXAGHUg43gdSDyW4ydtNt/Bei2IlK+L9KZZd5DJtIwAeh56Aj0xnjBGDeX5bhMJUnVw8ZU3Ud201feN000tFfzsn3sjgzCrPFRpxrr2ihZJWTadktb309OnfUuS2FhNrUGrSeJ7GMW0IkNqEL5VcAIcNjsM89B1657H/hI9Ev9OjsL7xFZ+VvMonWEs9uMsUjIUhgi9CMdByAMA8VYeHfDUMUty/jDTZXaF4pCVUhFC43E8fd5KnHQAEjAIx08O+D4XdIPH2mubrGBtQ7GLEspAHGOmBuIyOM9NMxy7CY1U44qMpKEua7fvO7i7tqNndLRR23OjAV54VN0HGKcVGcWk3ZWsmk3Z6dPhaW2p6Z4f8UeCdMVLO68ZxIlvcSyJGkTB5QDkqzAk7WIAOTkjGRjGML4lP4T+It/pGvJ4pt7d7CJ7YxLA/kpHEvyKdzAGRxjOAckbsVxMfgzwSJ5JZfHWniViRnyFck4ydpGORx1B9T146ePw94Ci0KK0k8YWslvJdtIJEiWN94OSN47ZPQYYknrgCvKjw9ltPFQxUY3qU04QTd2l7ujW+qVtNNOuqO1ZjiJUKlGo1KE2pWt8VrNfa6PRWb0v0252x8P/D9Ei+0eLLmB/t0ZuDbWplKxF/3sqxk4LKpJCkFjxnrXq/j/AME/sv2lnb3ngL4neLNZ1hLS1e4tNU0J4LaO8kXN2EkZiP3bFhGfunHYYFebXHhr4amIs3iGNpxu2ut0F5H8W0AEHoWGfTk4BrJPhLwERE48WQLuYFUeXfkMcADBXI5HbkHGByK9H+xMJWnTquqoq1pQUl9pJbWv3smrX72dvMhjZ03KEaVOWsWm1qmmrNJWWr6apu3mdVt+HlsmmBfiFKJo4X/cnRy3ls4XMeA/LMWOX3c8bgOSfNtS8I+BWuJrpfHMzXM9y7eQdNdW2yHOQ+4jgZOB2A7c1103gbwGohupfE9nEUk+WeMjBwOAWJwD2bjHJJzk1Qn8G+ApbiOaHxlE0ocHeybtp6gMd3OMZyR068itsJlGX0ZVIRpqV7XabVvhvqktb/ffTW14rZhipyg3FXg1FJpWs+W6TV5XWjVlva91a3p3wT8XaR8HvFVr4v8ACvjFl1OzjSOO3n09tku4jdHwQDuA5JwOWOck16p8ePiv4z/aZ8bweP8Axff2Y1C10e30O2S2t3jgFhbkJGSCxzIQNx+Y9hyBgeDaN4B8KarepGfiJZWeGjfa1qhLkELgsCSS+MD67smvq2z0Dwrovh9LS71u3uY7KBZTLbwhZZkB3hmcH5sqMkg54IOMEnj/ANUOHoZpDPP7Pw6zSFOeHp45x566oyabgp6uMbp6aJ7u99O6fEGd1MtllixU/qKm6qw17UvaJXUuVu/No7JPXVWfTwTT/hzFYSRTx60saNJBJIQpLcOMbXOeQRnk5474wP2m/Zi/bS+K3wL8K22l6NPoup+XpJ0+z1HXLP7RIbcHeUEpOHCp8oH8JwB0wv5gazr3gnVLHSNO0u9jW9mvLfKGLawhVlU+Y4O75zkgk4JOQMV7rDq/huHTo7Rr9klt1jUQRjagCgBii4zhmBOeTnoecVXEvBXDnFGFhhc5wGHx2Hp2qQhJcyi9HupOUW1Z202WlnpWQ8U55kE61TL8TUw9StHlm4NOM4JpuMk299+nK2raH0N8Xfj14o+LvjKTxV4wlN1eXEIiSHTofIsYImUArCmcKoOW4YnGScjJr5F+JutQ/ZbhDFfJGk8L+bsbYxYom3dwN3ALAHlhkDkGvRLvxX4Hjt4Re6iUKiNItrAEM+FG7kEZ+Uk+2eAawfH114Fn8Py+ReyTq7W8gYN+6Z1ZWYbupfAJC5yeQeD8t5Vw3leRYGlgMuoQwmGowjTo0aXNGMKfu2Vr3Vld7q9no0a5jxBmeaSeIxVR16tRw55zdpOWis72lutrrbZJJqSz8aXq6Lo9vbtqMUb28ZAS3ZJAIdoV43BUhsLkEHIOGGcAEtPF8k2qyPPdeKbkiUF5bu6urhQVBBKLK7AY9MEBQCB1z0kWreDbiw0mONr1JYdPQIYYTyBGAOig4L7SGySCuTnrWPaXWhhp4dusSMnmO7iA4JI3AnoAQOmScZIzzXNjeH8nzDE0auJpU8ROm705VY8zi/dvytq6u0no15vdHfgOJc4wmHlRw9X2CmlG9NtXtZtX5ou+6snbtpt7Jp/7b3xY+CvwJ+JPwm+GNzqelx/Eq/ilvvF32dH1ezgjgeJrOzuNnmxKwygEZVQSCwJBz+dun+NtW8UazpkniPwPqGvX1nFK19fXKSvNfXDH/j8uXOD5sjkuXC8ZPBHJ9y8W+IfDGnR6ZFfNqbW73RbymXa2cjnAGCO2DnjORk4rzfVvif4Th1t7LSLq+tmkUIyhVB27MN8208nHODx1II4ryqfCOR4XG4rEYXA0qVTGShUxFVU4uVSailHmk2tYqNkr7dFuaTz3NcRCmsRi5TVNrlUpp3uot3u0umiu0729PCPjnY+Kp/Emkz+F9E1u7s2sFe9tzJctDYkHPkwhZB5aAcEj+IZyRXPfDnxR8cfD15fQ6LHrtho2pwz2uoxNbPMZIypHlBpTIcMMDClTgegAHbfEP4yJ4d121s7bVL6G11GwCyExhy0rEfOzsNxAHUZ7d8UmofEWbT/CFrqOleIEubhpsyXEU0SFGTaSrw4JDKODyvIOAamrwvl2MjKNbDYaUILVTpwerceVWd5bttt7a7WOannGLpTbpYmum0+bkqS2urJOzupX11sl0W59VfsF+KP2eIPHXjqH9qWxk0KbUdEn0zw7qosJUk0+6Nym24ZYmX99KgkIJ45bd3z+o2vftI/sn6F4c8R+FND1a4uYLCbS9L8O38GlzpcTaNGVW5ZZvOMdtLLGTmUgnO3jgY/mvl8b6dcyy6pd69azajNcJI0r24klBPJz2wccAAkEZ4610K/FPTIQYbjxKcMhziyznI2gbgSVUj5QRjgKelflnE/gBk/FWbSzTFZ1meGhy0YwweFr044el7KMeW0ZRbT3sk9b+Z7GW+IOKyihKhDCUq1RXk6tTmc5JuNm+V6u/VWfRrU/pT+NP7bH7F3g74X+HfCfwa8FWWpaotvaXfiHUtVuY5L/APtEw5nMTOvzGWQsGUdhz7/mBYfts+C9Cn8Sa9H4BtG17WrGfT7Joo4FtrJhuEUnlvGd27cCQMEkAg8A1+W2o+LvBd4XM2tzhlOd0FpKpLcbSQGwT1BPIxjHHAzYtY8FPEBJq9+4JGWW3fecEAEHd7ZGM4HzA5r08g+j/wAGZTh50Z1sdi3OcZ1Z1sZUvPl5XFOKaSjs2o2Wm+54+N8T+Iq9WXs6dKlCEXGny0lNqMkr+9KzutbJ6xfRPU+itU+Jel3t9e6zfabd3mpX1wt8jNdyGGxm80uwhgjYKEwSFxkgHBYDgewaV+094f063XTb/wAIfadKvYUjvG8mYzCQIF3xyM52ljyT82Fz9V+E317wQshUa1qSpGo6WrkEgHj75xz1BKjB5GeKdH4s8ESMol1/VQFJ/wCXduNrYCgj0+UEemMivv8AE+F3CmPoU41abfs0o03GrKDgkoK1lJOzSfW/R2ep4WF41z6NScoNK7Tk3TUldtatapxadmtV6n3pqXx5+G0Vp4XWHSfMFvqFxJqkUlizTQWkqgxQI5YhxjquM984r4g8e3vhnXfFWsanFoM01pqF7JJZyw2ZSOCGRyUh8sEE4HJK5HPHcmK48QfD/wAva2vaoHMqsP3JGQMeo79yMgD1HJi/4SfwK7qg8R6osQ29IP4gMHGF9c9eD27V6uTcGZVkNNUcFUmqKSUeeo52jdNJN7att7NK3R2fLj+Icwx9ZTrpKWibhDlTVop3tfRb/hcj8FX+l+BvGfhzxbp+gwTnw/qUOotY6rZubK9KvuKXBVlJhbbyAVyN2RknH1x8Vfjp4V+Mur2PiK/8IeGPDs9lbx2p0jwzA1pp8kapnfMWkb94SWY5w2SwJBya+NtV8ReCJ42VNf1SdCEjYGAkxsxxzkEHJ44xxj8aFhc+CCjMdVu3GSSHtnU4Cg5BV1z0PByCcYyQcY5jwRkWaY6lmGKg6uJw9N0qVX2k4yhCSV42i7Pmdt7vWy2Z04HibM8FSnhqDUaEpKpKnKHNeasuZO75Xvo1bo0fcPgb9oHwz4F0vxho1t4NhuoteSzEDRzq0MElufvSkhi7A9SGBz9a+aPiBJ4P8WT3Ex0zUMXF7/aEyxkDbLIuHVXwcRryAPQAcZzXG6dqPw2RZDLqeo7twzktbR7Tnhi24MehyDyc4AJrPi8ZfD+Ga4sodU1ISNK2xo186MJk8B+ATgjJxjoOTissLwHkWAxFbFYaFSnUqxvVkpzm5cqSVlLVtK/a9l302lxRm+NhGlV5KkYv3VyqKV9tdOrT7WW2ho/2R4Ds2CpouqyGaJVkLyYKnj7uBxyOhyRnoeDXsfw2+KC/Ce7kuvCkPiLTbLUBH/bNlp+oXFqmoBMCJLjY+JEB4ClcdTjrjjrOH4V3lp9ou/iXHbsLYubd7J5ZGuFQsIjyNuWwN33QcdOp43/hJvCwguVGoOyh2jjmDgM0YJCuITnbwAfUEgZHIp4rhfI81pVcJi6NbEUJJKVKrTlKEleLtytWlrZrrs73Q8Pn2aZbUVel7GlVTvGdOS5k9E7uLdkm9brXZH2la/twalaaFF4DtvBK21le+MbPxBquvT3ss2r38FvIshsDPKzgwELkLtIDDoBg17bN+2PrC3t8ugeFbK302S2EttHqbxtsEsu9xISuJBubgYBAIJ/un8tzqPgiZFnbWnfygpM6wGSVWYgkFt2OCME4Izkf3c+k+C9T+Gera94Xh8QeLNT/ALHGtaYmsrEpgKaUbyNb7dKTiMfZfM2vyqkcDg4+YxXhHwhDD1UspXs4RlWWHg5RVRxipJOClFScrK2jV7ddD1MPxxxFWxmHg8eoyqyp0/azcVGEZOKb5mrJR6NXdtXqe+ap+1x8W7/Xb+3uNM0G50e3neWO0tVTajSLhB8hBKqcbeByc7eRXN2v7R3xY0XULu6ttL0+yt70NLOHQyhfMXAwzNheGGADxjkGv09/4KWXH/BPDwv8OvgWP2QdG0C+8R3WkWTeO77RtT+23NzCtmDLNqwWRiNRF0MsQFxnKgc1+NsfjzwdepPa32msgdyEjSUmZto+VcemccYJB6DGRXBwtwTwfmeXLFR4deAjOrVofVsTSlGo1SnGDk4tO0ZtXTfTZq9zt4h4hzvK8X9XWaRxclGFRVKU1Ui+blklzJWVrbRlouzVje1f4x/EvWpGnuliJBkaDNuULCU5G192eAchs5zwAoOVt+H/AI4+KdIsJ7HUVNw1zuVgFYzEdPL3hiduCT2IIwc8Z8q1HxV4fkMFtZ22qgq7blMmRj+HvuAHPy8ZAGTnAOQ+p2kkgFvp2oRujgtMAxyDk5xjuMZwuD1AOQa+7/1I4X9hHDSwNKlGCXLypLlT5Xppo7JaLZdEfP0+Ms9lXjU9rNyUk3KbeqajprfVapX6X1VtfoePxXpPi23todRtUsJpfkeWSIsoyeCznBzwdxzxksSAcm23ws1O7j+1aDf6bfxL9yBZEWRlPRMbs5wXGeu4DHJ4+ZZdQ1fOy1tdQeJXO9GVuMZI6Dp7qevYNgnetL3xdAgk0601a3mBVw0csyFgRwQN4Xp1yp9wQOPDxXAlGCcslzB4dt2jRqr2lJNpNLe8Vvqm920krn2WW8duq40s2warxSX7yk/Z1ErRTk3Zrto1rbzsvUr3QvG+jSbm0m/hjhJVpbfew3DHTaSCOw5zgY47Q2vxE8VaJKBI07LgM6XKyIyIBjuOCM5ycDgnjmszT/iH8U9Et4pLhb6ezjcNJHeweeZB1IZiBgEgHHtx3Nd5oHxVtdZMv/CU+FLJxIMJI8KxGVTnIGQMEjr0Gf4sZr5nF5dxHlLvXw9LFRik+fDVHGTS5X8MmndJb3fa2tl9Th8yyTME3h8ZWwsmlaFeF4rVfaV7q9tbeXoth+0bq9iZDLE5EZAXZKxUAehIyMdMkZ4x2xXY2P7YEtrvU2E0zhQuGLOpPJ5B455z83zfiKy5YPhDrySqNPOi3TIQVjI2vIcZwoydoJzx1JznHB8x1fwJ4Ojl3aZq6OgVmdJQCGdiCEbgcDnHJxweRmvQyfiLMZS9l7LF0Jpqympcjel0pXs229U201az2Z5eZ4CMKftYYnC14Sd04W5ldReqdnunddHstD323/bckVGDaCMpgAb8eo+bgDHPXOBzx2FS7/bYnlUsNBREwWwZDluOCBt5APfnHp0YfOKeGdAjeRJbqzRthBZY8tu6AjJ56DPP1yeDFFaaH5n2cxW08aK0aTSFBvPXdjbuDYzlQQCDzkgGvqJ5vnEoLm52tNbvm05dLXT872S6NK1n8dKnT5neUN1f3W1ZtPS17JXtfTV2sj2C9/bQ1ppZDFoMJDBvLYnBz0ydy9sENjnPG3Irl7r9sjxq8apBo9uGZSoyrEKOzHgZxgnB5Hc9zxC2vht42TbZB4V+T9yNx+8dwweMAevYn1ApSDRo3KLBCxPyxyCELjnkhiCH5yCvcdTSWYZ01GTjOycbSfXryuzTvpbXbbe17VLCxglzQtu7J9HFpaJdL3T/AB678/7XfxUcyLa2ttG2MA+QzfKB6DHBzwOc8HmuC1j9qP42XEhdNQ+yqTkiO0cHAUdvukg46jqSema2/tWm20rn7GzKwK7xbhSx5wCpTsechuwIB3HMyX2nSJG7aL55G5W3wgIBwMlQnAPY+uSRgVsq+cVXdqbSS+L/ALcV9He/3rTrbSb0YxVpN2aV1FLT3d/vvt89NfINQ/aC+Ol/5jL4j1JVILDyYWTtjB9Bxk5xg8cjBrgdU+Knxl1CNkuvFHiEBslgty6gEkZwgOR3HOP73POfrjR7bw9qDRrcaJdxhi4zbwjYzc/Jlht29M5wMFSMnpBqVl8Nra4YS6POrKfKnRlJd5M8kDGMAdCoGOcYFbQw2OnrUc1dqzcnayUdNGtNbu7eq2sP2lGMf4jvZdLJN2a219EtdLeR8H3PiD4iXxaO51zXro7QSXvrgbs5OSN+F7KwwBwMVkSweLbiMCefUJd+QBJeXDse+Rhhz9MYP419zqPhnHcTeXoLKiFjiYNGzgKSFGecHHBPBHBz2xNS8V+A7XbBpvg5Cpj2yyTtuCTbtgKN6c7sjJ7EDIFaLAXSvUldOOi1vdxWr1dr3SVunYzdeN9JyUdG3eyu7aPv0v5Wdrqy+K4/C/iaYsWivZQBgszTyAk44+ZyD17jOcdOCdO1+HfiW7VCdPnAPAVonBPqeW+U5zg5I5IxgZH1Emu6INywaUsZEqumflQFgCFUYO4Z7jIzwAa7jTzPNAki2McRf5kaQhdyngjHABJBPocZx0z3UcvhKNpNuV7R00Wzd1Z6OztdehKrp2s22raXTslZp6J9F8NtdLWVj41h+FPiN1ydOK/Ng7o9+TkcE4yuCOpHP06a0Xwb8QuiE2Aw7EBViDttHO4DHTHIxtyecivrr+0EtpDbyW5Kg7iIJAW4yc4w3Tv7E44NOTV/PnxBHNGu0fLJKkeDkLuGRk/TI5wcAgA39QpRa7KyavZprlu7aLfv318nGvT1Updt7q6XL1fW2i1S363Ple2+Bmtyqu6AoGbp5JDHqMHByPplcZ7jNdNY/s96hKAXG0EFgQpIJIzjAPQHCkbs4BIH3a+lLWDV5iGXzAhJ2kTKeORuIIz1A46/UqMbdgNUhuYUeK8mQSIsqrJwiM6g47Z56c8k5AqpYanG9qTburN3tpy6Xjfy073761GtQhJOavdJ2lrfSLe1rO73ttr10+coP2c3C/vpWxkD5V4UnB7noR9e33sHPQR/s7adCMSz5Lf7JG3jPAwOM5GcDHpnivrS+069uLxmWHULewiWJFmETOvmBRncQvLEnHQ5OCciqWo+HvEVlZvqwi1F7eEnzBJbugihxlZWz/CQOTnp25rGNKnFxXst2optafZ11abXTbXW3n1PE4NRba92Pm72druy0d2lonq1rur/ADZB8B/DkUiefu2hc5DZBHQ5wpxgZJyRx97gVvWvwP8ACMfzCISIDje5/i/hxgcfeyckcHgY69RB4gnlneH7Vm4uAUiXyysYGSoDnA5OeDgcAg8k16JOup6TYukk1s8cEaXDXDKCpZxxGMgHcuRtOSeDyOM1JU470LWW6irN3StrKy33bjbpbrxPNMBB21u1pvuuXS99U7NyfKrdGmeOf8Kq8L2rNG1rbkrllkKkE8dOV9Ac8+xyGIqFfh1oAQiOxtGYsfLx0BB53N82TgA/3uuOOK9L17T/ABDJaLf6be2srixN7NFLGqqqYA2gAYUqTkE9cN2Brx86t4s8uZBrGnxSplnjWMZClto5HA5A3HPoQoU1PtYqK5aTSaVnbV3SSs7NWd32a116JrN8BZWUeaNk3azteOkm73vprd+eqLc3g+xjDQW+mokmBmSJV2ITxuXKnJ65OeecjrVFvDLD5BahCxGSzKBgY5Hyjocc4HPfFet+D/B2v+JIZJ7jxNDBsjTCBQm6R87dshwpXoMjgfMMdqz/ABp4H1nwzoOp6+NZa8kshH5lrA6sFR3Kq/mgHA4JbjklR2GCMatlOKmk72j7qtbl6buW/l6bjWeZfGSTdru1lG27Vrvlt2a/q3mf/COXUaAqyxkED76Nu98BcZP5+3NaQ8MXsqZEmB8uR5ygnnAALA5wOSe3THrzXhfV7nVtc03Sp7qewhvbmMTX0+DBEsmPvKx27AATnoODk5JH0FqPwsvvE+pWem+CdXmuJRZPf6jLPfRLbSGFyHNpIQAcjkJnKkkHJwKFCpUjJqEmtEk5JPpq9b23vZP5dJee5bB2SkrWStrrdJ2aWuu9+jW9keXDwnKR5cgAIAyGuUGB0HAHG0898g9MCtKPwnYRRkzCBsEFd12oXPcnBAwOTz0JB4B51vFHw2l8IX95p3iq81W2uobSC5hiS4MytHMuEkZ0IXa7HIx39TyXW3w30I2dobnXzMb9YZY1jkk8yJmbcFd2Y5wuCRjqOe1Q8NWnLZxaTirNNJKyd1fVPV3Wi6nNV4jwdO75Lq1orS+vLv0tfq1dbFE+GtCi2bUtJHcguBc9BkDJGThcenHIzxgHTj0/wtEAJltEBIVcy7iZMgBe+M5X1Hc5wK8v0QWenfEOysLm2kvbOPVmtFEjyJFMudiM2SCcE5B685PJr6u8S+HNDttK0xT4etIry91UGOVGH+q3EqrqDwOgOPlGBnNbLBy5JS59NE1ZJK3Kr6JpXvfSy2CXFGHpzhCNC7kotbJa8q3Wt9X16adD6G/ZF/ZB1X9q74gx/DvwDYafb6oLdbi4v73DWkMGwO82SMMGXIAJLE9yRiv2Isf+Dfvxw0RXVfix4c0ovgtHBpKy7SBk7SHXJ+YY9+SO9d9/wQJ8I2KeMfifr89lCb6w02BICqgm1QvsGxyBlSu0AADByMnBr+l3WBCJPmQBzySenJ456cFiMcDAHvn8T4q4pznAZriMLgcRTp0aPJG3JGcudqMp/Em7aq1lpa7WqZ+4ZBgMtxmVYXEV8LGVStBzlJ8ye8UkrNJqyve3ZeZ/MLY/8G9ulkr/AG18em3HHmCy0URjaOuPnwT1KkZGSfmORn0zRP8Ag3s+AqPHJ4h+LXinU8DMkdrGbbzDkkhepwwznGcdDuGa/oHYW3zL5ag56Z4IyRkA5O0kYIJ4yc5qNZ4UY4iGBj7xyAe2SSMbs8EZB44yTn5Z8TcUz2zOrC+loqnF68uqajfTW2ttNLHuRyjJ4JOGCoSe6c4ueqSeqk3fTvfy0aPyH8B/8EKf2HvCssdxqdh4l8VScO8Wqahm2kPfMWxCAwK8ZJP5Y+yPCP8AwTk/Yk8DxxLpPwQ8IzvAI/LlvLKK5lBjA2glxjICkkkYHJ4wc/XHnghBwoz/ALxGO2cLj/DpjC4Y0wJC7s5zx1x6dyPzGM46AnPk4vFZ3jWvrOZYyo+ieJqJWdnbljPld+lkuz0udlGODw7XssPRppPXlowT05deblb6+nm9Dh9G+BnwG8MFG0H4T+CbFlUqCmhWO5FXA4JhIAGBzn1xXZW+ieE7TAsvCmgQR8fLBo9mnODjGIAMcjGcbie2Bl7Nj7zYGBkc4wCcnGRng5bHTr1waiDqCRnIJJ4O0DJwAc+uBtPy5AwfbxZ5RXqPmq1ZTct3OcpN3tu5N9NU1fbsejDH2a5ZTsmnFxk4rZfK3R2VvMqar4V8D65AbbV/CHhy+hkVgUuNIsH+VgFbGbf5ePQg8dyK+TfiR+wd+y98SVuBqvwx8NRtcFg7wadDA5ZuCQYlQ5U9Ow4yME19gbhjIIHbnHUdvUkfiPbriNznuOvXvwRyAcgd89Op+hyp5JOlNVKOIqUppp81OcoNNW0vGXl303tqelhuIMVQuo1Jckre5N88dkrcstHta1nbRvdH4s+O/wDgij+zTr/2g6DHq3h55SzKthcMkKk4OVGMAAsOBjnoeefmDW/+CCvhSW48zSviFrcCc7YpgZG4zjJ3crjgZz36DNf0hDeT1OMhV6YAI6jPbIBIGeo6ZoMakggM5BJKk8AAdRxgAHJU/iPWvpsJjs9waiqWb4tWSspVZVFdW6TT16fr3qvneHxUbYvK8vraNKUsPTU07L+VRe++nzvdn83Oh/8ABA7wZDcJNrHxD1S5QNloVGzO3GUAycZwOcZBNfRvhD/giV+ztokkEuqy3+rPGUYee24NjBIIIIJO3t69OK/bwwINu4Dd94gg4B5wOAQD97A6HP3cE4DEoIIw2cDPPPH3WwThunQ4Hb1HVVzLP8V7tfN8ZytpNKtyLo3fkaVm+/T0OKnmGAoNyoZTl1N6N8uGhJ30/mUmrW2Wseq1Ph34efsAfs5+AY4U0zwVpFxJAAsclzZxTSArjDklCS2ASemRk9q+l9K+Dnw40VPLsPC2iw7DlTHYQR9MdNiDuBxkDjIr05QvOVwF5yOoxzyOc4JY9SBgGpEO4A4BGPQrjBPOOc9BgHj37V5dTAupJzr1J15OSu6lSU735Vq25NdPmtNjrlxJi+WMacvYxSso04qnGK03UUtN2/ib666vnrfw3otmAtrpdpCqLhNsEaEEYxjCDI7AZ/4FnC1qJbpHgLGqgAbQq4wMZAP3SQCecEMMDtWkV75CscnP8Wf4cDPXvz/s8EGomBBUhTuIIyQeTjnOSPmwRxnoenataWApRS/dR+zbRJ2Vrt35W9U/+CrJebXzfFVnedWpJvVuUna9lrpv5WenkiNc7SRyMkdhwBkcgFjznP8AdyeoPLQzEr0C4Ytn7ygenfaemc5zjA4zUwJUYAwP4icBT9Ovrzx7elIVUlhnGdzIM4XGeOoPpkDOMjnHSuuOHgkvdS2067fOPb1PNniak5Pmm2u+rautd7u/XT9SIMuSoAZs/wARJAHQ54YYycD5sdAAccSdA5yMYBJ28EcYwcHIHp34Gfm5VEBJCnIwdzbcEjB4x36jBxg8Hty8DKHceNp4PByCefTIGO2MDOOQTsqUY3tBXuuivol3tZa/f8jB1E3ZKUmrL5rkTtft7vlfm0dtXYPBwCpGMck4GTnAySeCeoIOMt6Hy4JO0KQAR0456jgkjOMdPQZGC0lgFwcg9CMLxycZJ5ODgnPfsBTJC3JwMEj/AGsr6cdMYIOM5z1IxW0IJL4VZWWqvrypaN7qy0fl3MlU1s4yWqvazttq9dF62TWvexkYOB/ESH3cMRkD3I2rgc/Nj1NRljxjHU/XGMfgQOhHHb1whzlACCeSQOcclh25BypGQCvUcYpvIxn5nwc8gcnjnHPQED8Qe+b5Va1lbr57XTt3XW3fe1i1PS6i18PM9OqWuqdne2na17MYXPPzZxnHQ5J5J4Azz9ecn2Kls9MjjrkEKM984BJz0xxj1JwhBLEHJ+UjptwSB0JGR14ySRnoRzUYyD06EnPXn065xnB69vfJNHdWXS/W+i3vfe3pp31D2kNOui0V3vq2+q/rorOfeM4OAACeeFGeSvUkjHXqCD3yQHqxY4ABJHUDr688jtyPTp7USWDYyPu5xzgcgY6Y5PA7hQepwC6ORhxubCls5xgY+UL7Z9M5GCDnAp8trJe7tbrvZ+qTTX6eU86fdf8ADb/f6loDaBkjcMjGOcjn15/iJwD69zRtzlhwG65wcYyNvv8A+yn5sEcGFWKqVJzxnJAODnjGR1HPJPGenSguwUj3GAOvoME8gEYJIJHHSlaV9oqN7Xv/AIdEurd7321suxm5dLJxXJZvuklrprbaySj2s73mZiQA3OOScYH049M9TngHPX5Uye2ThQMYBznPA4z8uO/JJBzjOIS7cEMOSMg9hgEt0GBzx6enFKrE4y2ckgEjByemDycnPB54PIraMUtXpto+l7P73aPb0tYzbhe9tLeWtradn3sndWtdk25ueRuzgEHGO/ucjGccDnr1pNxJ4bBzhgGzjHXB4zzyBjJ+8c5OGAYGGzjuBnOSVA5A7Z9D3ODjAa3yFhnnHGDknJOeRwDyMkndnPpWkU5dO35q+9m9+mu2xjJPZt37bOzsu2y09E+zLkeXBJxk+/GOmOgzycg984xgA1KuwZwcMPxAOMn19QDnJz79aCscjkY5AJ54C4xx/CSDyCPqCCasK4zgnOVJJ7H2bgcEY5zzg46c6qOunpa176K/S723/Dci10ru70tqtrpLdXflpbdWuy8hAcEZYkgHA9O/GMnn8Rz05Gd4rIHgzxcD8pPhzVcgE8YtnHfj8MA55AHSrsLgMFU5/DByeckYHJJGMZ7ZIzms7xgxXwT4vIIU/wDCM6t3HUW7Z689uemeOeQa15FGEm0vhbsn0+Ttq7aJXvrvtFNfvaaW7nFJadZQjt13XdadG0z+Hr9uKCKb4v2rvKYlOm3ojkXKnaJZgwxjOB0JJ53EjOMV9p/CPS47f9ju1Mc7Pj4deLZ43IG0s0dwpU7QFY5APQ8jJ7E/IP7WvhDxZ46+Lpg8KJaTvp+l3gu3u5PIhRmuZQFEuwqTwCBuJB3Hg9frv4beLINA/Zhj+GjaPL4m8X6d4B13T7yx0Mm4aC/1AzpbA52+agZ1LqCARk4HWvAzOtReSZZh6bh7aOLoylG75oRVRu8tlFNNXctNdXtf6zIcNiVxDm9epGoofUqsYydObUpWp/BZPmdloreWvX8YvhtoAuPih4aWa8Co8bMxaJsFWbmMHbjGRjqMEdeM1/VF4B02K3/Zs+IVpG52ReEbTYGPJIt1OVz04J5644xzk/h58OvBnxXS30CK5+BepW19p1sLWG/+xpASHkybqcspbeB90FuAOMAc/t94NFxa/Bv4iaXqBkhul8F2q3FtJgtFP9kCyoegGxgYzxwR1zXFmGNnic1wbtRhGnCUG41qdRyu4p3UG+XpZaJ/n6OAy7DYfJsUozqyqzxNKclUpVKXI76L30nLVpefS+h/Ll+1PGLvxzaBAsgELg5bYBj1z1wM9MdidoJrx74ZQGLxfoNsUQibV7bcGYEHDpjI64UkfNyOBz6e0/tLeG9R13x0y212LT7IWUfuywZSzYG4A4zxwwwMZbqK8f8AC/gHxBoWvaPrUOowTT2t5HcRIsbOzMMYULyGbOMDhSAMAEmv6F4dxVOllOAuk3aPNdr4W47r0bSV99nfQ/m3ibA1a2c46aTivaSSkna1kk3bVt6ter37fdnx4ZIbDw5FbJAZFnVXZXHDHjBOOxOFIyemOvHwL+0pqNt4r8W6VJLqcn2rTNK0/RfKkuDKtrCsS7sDGRl8EKOvT6/XXiCfVfEem2EmtTIl79uLiNoym1FUufkJz1HPYMeCSa+VvFvwm1jWNfvdWt9XsvKmuEmWJrcs6eThV9QR04B43ZOSDXo4rE0Via0ppQjUgnTjZcyvy2lp1Svfda6vY8ZYStUw9J0YTmlJx0S0vyq8vhellez8vJ9t8IPBsPha50ZRfJf+ZJDdb1UKy+eobDr/ABAHA5GAQADhsV9W/Hy/bSPhF4olRI1R9JtwrbVZyryRtIEZlJGSCDjnnGQckfKPhKfWNEvbYandxTrC0FsBFC0Z2RcBgMHBAAU4HTGRmvbvj9aaz4w+HunaRp7XZj1OKKK5MUDMywnDKSoPIBVRwecgcgnHhYmpSnWpSpv3I1IOTb6Jp3d223JLXVrfZHt4OjXo4TEQlzKpKHLGP8rcbRatJtN6XXk9UfnfN4rubiWzS1tkjjlsvLkUpH82EwxJCnkgA5znGeOx+4fgoPhDF8GtHGuJZy/Ey98SXD2jJFuv7e2V8QfPkgxBSPlxkH7v8VfMujfCHV7BsXmn6jqHkRqqBbKRG+7ggEnKjufvA/w5xV+00PVPDGq6Zq0unajptpZ3TGESqQsqlhlYuPlY46dBkexLx9DD5jCjetKj7OrGuvZtRcnCycHaycJSfvb32V9Ec2WyxWX1Zznh/a+1pSouNSKkoqfJeV9oyVk730bSsz0v417rTxJp0whSYrpGoRxmVVchfKx1I+90GevZs18S/DfxFDo3xD8L6nqAH2e112V5RhGAR2kBAVgFwoI4IYZHTtX2/wCLlsvGl7p1zPPeQNb2TooUFSyTRhXEjYbggkE7QAAM5GSfI/8AhR/gtZkvIbjUd8Uryjy5S+2RsEnheCCMjlc9O5J7qOPwtGhQppSbpNcyadnrB6u3Nrazvre/XfmxGAxVbEVakdIVI2g3KzStHSyd9GtbrS3Xc+h/DvifSdQ0XxDPphKWs2qfaAsgVS7GdGBBVVO0NkgAEDgbTX6S2utOfh9btHIAq6DEqKCMnNocA8ZOGAz0HB6GvyYstO/svTY9H0ZpXjeaF3EsJWcnzVLbmIyS3qecADGMY/ULTLe4T4aQLtAmHhxWYMCW3LbdNpU8/dxkdSc4FefmVWniq1KtGUktOaNmtlF6J9te11fzPfySjUw9GrSk7z5bXV9LpOyXVpu7ervfpt+Qv7Qc7z6NpizY2/27fuvK4JaRgSc5yDxgZbqRk/Nj5O0+3hm1aFJGQR/aEJyq4KhsENkZI7jljzxz1+//ABP4e0PxJHBba5o09+LW4uJcx3BtsO0r5+Qg7mIBzxgDGBzgcBP8NfAEUglg8F6owTLfJqB3ZXO3B2nPToBkjOORuPs4bH4anSVJVH1u2rWb5U1rrpZX8tND5/GZXjald1XTck5Qa7tpx2va7SXdaPZ7n6DeCAifsqX5VwVbwpfLsIHChWIwMggZA47j24Px78ILWzvPhF8T5rmYRXEMulvbqZNpKCd1bavykhgNowSwxwOK+w9Cgjtv2XNcWytHs7eLw3qKQwXDkzwoqNgMTgluOrcH024r48+BeiN4m+EHxDhS5gtbmK2trxHJ+bybW5kM5OAwYgDgYOCeufmrzcucOXGzk3KManO/O8opOyu3q1a+9teh7udwcY5XF2jL6ooNS6OPJo2nvffe9kzldBkI8QaWqyStFNq2kxl03ZiWS4jQvC/VJAOVbPHJLYr+kL9pP9jH4QeB/g14T+LOhjxL/wAJXrQ8FaZHqmr6nJeW13Ffw2c17FLC5LKA8rLHyAAFA4GK/mn0gxWniPSreS+aQf2vo+CFwrj7ZCHkBOOMHIGAcnngc/1xft1z6bpf7JXwfvdB8QS6hK03geOXSXuI08qQabp7eYAwKMVbOCOOO5yD+N+KGMxWFzzhaOCrTpfW62Jw9WKbTqU7U3ySfVNxTeuisj77w5o0a2AziNeHNGk8PUg2pPkmpSXNo91um79O7v8Adj/Cjwp4U+H9rb6VYNHrV/8ADHQLoXVg0v2SXT106OWeOSLepV2bO8nHck8gV/C945smXx54+FvGFQ+NvFO5E5AQavc7S2RwOoJ7n0yQf7xfCHjXw7rfwp8J3t7exS6tqPwfmt1K3i7olsNKYSgDaBIw2lcKFOc4xwD/AAfeMbuIePPHTmacLL4x8TGMkYDD+17kruwOhGD90k9SPX4nwFqSq5rxfByl7lfDvmk27S9pWUopyavaSaW2lrau57fjIpLLOG1UupRVdR5tOaDhRtJXe2iSV7Xe12YUekR6ja3SSxKVtYxMF3YO5VzkdMA4ySe3XivpL9mXwJ4U8T3C2viO0STT/wC27azlgE6wybZgqmQ8E7UJBBBIwMA4PHzpFqOLO8EcRVpVKFwSpwVx1+Xd1JBHIXg1D4e8R+IPDs0d5p+qXdgxlG0wFgfNXlWJ7ttGFJHYD0Ff0Bn2ExeMy7EYfDYiWHrSi1Ctr7rfK07p8y00bu/JWPxzhzGYLL83wuLx2H+tYenOLnSdnzJWWqeiVnp6W8z+0n9mP4U/Df4b/sgI3hjRLK6gg1/UZryK/kE9vdNLcSRpNIGyriNCD0+bBx0xXT/speMbjVvh7qcdxpC3MFh4k1rT7CK00k21nHanVnRQDjEhQH5JCSdo2nnp+WH7Ov7Vd9L+wH9gL+IrrxfoGvlrkCzkmXU7GO9a5vJGnXCpFDbIzyMykYBY46D7q/4J8fGWz8VfDHT4jqEYtPEt94jv2V7mN720jTVpBCiIIx5ZLEbBgkgAiv4R4lyfMsHPPq2Kk8RUoZxQw863NKbnJOcp1Gm37z91NtLS7s7H9v5HjMPiMvy+GGjGjTxmGljcNSlJRVHDqNJKmkm7crbVu+66n80v/BQHQ7Vv2y/jhLMIoLddfs2aJ1CkoYAQAu/5cNjqRgHnghq+O/sfha1u7hCbSbzGEiGGRQFOf4mJxuPcds9N2a98/wCComuef+1n8Xn0qSbzm8QxW4lEhYXCxQNFIcqFZ23kggHjAUnkAfmJHqmqQzTW/mTBl+YnLh+ozgkkDGR1Pyjjnmv7w4IoSqcJ8PNScP8AhKwfRJJqhTunf3btJ3u007PW5/CvGEow4rzyE1GbWZYq7buleo9N9bq97Oy0dz6m1fxDpWmTusKReSsqE4I2qdn3ieM+rDnqp4Ga67wZBq/jjVvD2g+DtNn1vX9SumS30zT0M93c7j8yxxqCSFUEnavQZyOAPjO91C8nuorWTzHSbyZC+8tgEgMT7D64PAB9Pq/9mD42r+z18YfD/wARrOxXV73w1Bci3s5SCplnRl81TyodQTjg4A5zg19RVwuJdCqsKva1+STpwnLli5r3owve9tvP3n1PmZYyhSqxeI5oULxUpR1lFc0W2k/7sVbd208z3+HwXo/hnWtQ0b4rajd+Db7Tbe8S3068tAs/22QMIkmVjkxSZBRtpxgnIUDPyV4g0Wxg8RXa2+t2txpSrHNG8RVY5lJICOBjD+3Y4Lc5z6t8fPjuvxo8Y6v451iOUahrcxnVCVC2OFbZCjJt3AF8ZHAB6ZGK+ZzrEEGnvGF+0XD3G4SyxliAWJEZIJGDzwDtydwOCVrXBZVi1S569RwqTpxlVp6csaijHmjCyTau7Kzd16u3lYnO8JOryYenGdKnVfJU1UnG65VN6bq2trae9e9z+gf/AIJe/H3wt8G/htNPe6fdbdS+I0Om2F7bHda+Zdt5TxyLsYEsSdxHBwQThef0s/aG8Vn4m/CL42avbadpyQWlhfaHZSsUuIrgiAzyusLAjevQqEypY5wRx+LX/BOn4ea78YPhobHSL/S/D8Hhz4m2GsT31+E2PJbiSUxxoxCsSAUxg4JGea/Rf4leJbXwP8JvGC+JtbSz0rV9Z8X6itzlIg9xa232aOGKPeoaKV2BBAOMA1/J3GGT4Sjx3iMVg5SrZlPNsK8RTj7WcrKvQaSjFJK0Yt9dNe5/cXB+PrYrw2wEcXTjSwcMkrxo1pWSf7qtHV6fbtFN2d20r6H8nHizxH4gbUrib7P9hg33dkuy0SJWjjmkiX+HkkAncMcHr0z6r8F7OeTT7uafBeO+tGaQjnbMJGXHPIHTaR1456V5V4p1awvLe5huryYzDUb24hkBGw273UkisMBcMVYEeowOgY17h8Cjb3Wj67NBKZYIb7S+WOMArJywAyOvqRngnOCP64x05rLEpRbl7OmrN7K0bry7bqyT6s/jbLlbMbv4vaSs2vds2r6dWt9vkcf+0vp8S/DnQ5FB3z+IL0nBwGGAM9zjjnHp1zivz+ubQqQ6spY8HZx04YDOQDxyO+Mr6D9EP2pDHF8PvDIEgDf2tellzhlHzYyMZHI6nk9Np4I/O+eQrKY/MOMHIxhehYDgbge2SM5wD2r56lGTpRvKzberWyXLstbPTfdtK9917GPlfE+Vop9ekb2XmtO78ukQjcsEXHPJZsNkg8YPQcjpxgnvharzQOWyu07c7ixx8x+UfN0PsNvPAA5FMa5ADH5jg7cD3Ydz6An3x3qm9y4BBZ9rseM54JAC4AyWJAAIySSMY7aJbK7vppb/AA2av5t9L9/Pk5oK14N3+T+zZq3pp917Hd3UKPpFkuxcx7SVyOcnluVz1yF7YPUbsm/Ywr/Ztw0axKA4x1PIJ3Yx128k98kD1zs+Efh7478dWdvF4b8Ja3q4CKPPgspRCBuwMs+xcYHXPYhQxya990P9lD4sTadMNZj8P+EomIJbxHrVpYlV4PmMjMTgchgfQcmtvrGHp29pWpJtLSU4qV3yp+5e7a2s1ou2hvSy/GYj+Bhqrj8Tkk1HZNNuVkv19EfKWsZNzbeVku0KFh13EkgnrwBjoOe+G610EtuV0mF3BDDCE44Jwc+ijGevY89Cwr6duP2ePh1pF1ZyeOPj14Q06S3iVbi10AjWpm5+YJ5JBBxwME9cYPWuguYv2OfD9qLe68R+OfG7w7ciwsXsIJdiqDh5A2AzDHUjr7AZvG0E2oRrVZOK5VTpVHFbXV2orXp71u+ytt/Y2KsnVrYShytN+1r04ySbjf3U5u762j0+T+S/DUkcHiHTiJFVjtAIIIGOTnG7kew4HPpXtOszyXT6asEM0z+ZKAIrWaVjnPA8uMk9ueAcqO/Hq2lfGX9m3QJrW88H/s+X2q3FvMFF14k1JZ43IXAJjUKRvwpOQQO56GvVJf2uvEUaSL4Q+Cvw38L7Ejkhu30qO5kgO0bTvkVgD3YFT26HIHP/AGjVg5cmCqyvbldSpTglflvpeTT01stOu5SyrA3Tr5rRio2uqFKpVk/h2bjBX89tHpufL2jeDPHGsi6TS/CHiXUSz7U8jS7oK5J65eMKec9WB4J47+peH/2Xvj7rFij2fw41m3LXccwe+jjs0KKQchpJFOOpLbcqO+QQNvU/2tf2oNSuW0yw8T6ZoMd2AsNvo+j2VsACuCY2W3DnaudrbsDk5I2gVtUf9o7WtAtvEviD4k+JX066uFt1K31xbLuZtjMqQui7Q5I+Xp3x82MpY/GJwk4YSgpNpOc51Lyum1ypQu3bvZW08uilgsjUl+8zHE8q5n7OnSpK10780nN9OsbJ3SS6dtqX7I3xaurIN4i1jwR4URkG+PVvEVnHKhG370e9iSmD3zzgYBIGFefsofDvTYBceNP2jvBGnMYgsltpLpqU0TJt3KgRwCc5CnGSQMkZGOF8deB1tYNKa+8W63q17PZrNdJcajdyoZGZdww8x45xg8E5x0xXLxeD/D//AAjuoXItonuIb2BEmnlMrsrOoKjcSdzEH1zjDdK1p1sZVSl9YpQUmv4NBJLWKunKU2tE2m1Z97bTUllFGbjSy+tUklf/AGjFNp35WrqnGLeqel7X0Z+nPgHxD+z74N8J6F4dh8X+LPGgs7FYY7jSNHlt4rkjHIbJVckbcg8biGzjJ76x+K3wuhlzovwZ8Z6xLCmVn1S9aGB2yu2Qp5edp/iHTBOOGArwDwRNo2k6X4age3ggLaVaLEIoo0JlKqA7MF+Zs8novO7PIr6r0m1tPs8Eouk3TxRkogXI3ActyT90gngYPAAGK9N4SrVhCVXHY2cbxk+SqqdlZNXdOMFst+q9Drw2JjUf7jB4KioqzbpKpLTlbTlUbtpa2ju9erPLviT+1FrPhLwfq2o2HwC8JQ2UTxxlNWYXhk5AAkhYYY5HIIGMDPFfOg/b7+PkCQJ4Y8E/D3wsk0CrAtp4dtGlRdvy4Z49y4GR1IPBPJIP07+0HomhL8IPFEkpja822/ly9/MaZdrFSQBt3EY4Gc+wP5zaloa6dqWiiecBGtYXPlbuVZFJBJGCOSSOc+gOFr5zOMLhaNSCqQlVlKO9ac6stLaS5pPXq76P8tsRm+ZYep7OliFTShHSlSpQa5nr8MdNNtdOvW/v7/tc/tgeJbc+X48tNKVtqmLStLtbdogzEkLsjGMDvkgcYBGQMh/Hn7Tnig3Sat8X/GLQtGQ8cVw8KSMQNyqIwNuB0I564XNWfA1vZyzPtaFoBIhWOZhEzNtILYbJwD04IIKnBNevXVzolgIJTPHDvmdfKhkRySGAA3AFRhskk88D04+Pr16UKnLTwdFWcbNUYvrHZtO97+r0btqzOGY4+qlOePxHM1qnWnGOtk9mvJ73tb3bWPhzxLL44svHWkabrPxA8VX9tcxwyXT3mr3gzvJ+XaJgqr2Jx7cCvoVvC+gCztZbo3F69xARm41S6naRhgjerSsGViTwO3cAYPj3xNsrbU/jDp0Mdykka2lrK56oi5L7AFJ6ZBbA5yMnjB+odC8J6ZPHY3Ul0iJDArxogJxgANhtxXnBOCvynjgHnpzCUIYfC1JL2blBNxhHW9ovTl0i/mrra1zCliMTUc4utKolNJuc5TveSTbUpSS6JJeSuefXGjeG7WzQQ6HYxmTfCPPzI4Jx8+HZiSC2SpJIBI4zXReHdH0/T/BXjVLy3sri1kbT0YJBHGIUeUZIO0bAFY5OeBuBxnj0+fwrod7LAltIgSGLznkuQGLsx5CKADnuSAwwoG3HNc58TrbStJ8BeJ4NMuESWW3tBLHHuG9ixLMwBJIzg/XHcZrzcPXhiHGhH2idScUpSi1ZaJNq+tmnLdbLdb6RqTw9SNWTTUNeW9vd91NON9U7fyq11Z9/rb4caB8LLaQ74tGuLSPw3Y3McttJbytAzWyNIZMDJcNndkDoeSVNevaZ4++ClhaNZWcmnzTXCLEEWGNnlmDsCinAG44xhe2eQAa/GH4W+J7/AEttctnuJDFPpoiWd7h8onljLRgsR3AwAMY6jmsqPx3rEOpWbWt5OUtLhihhXqyyEA9BkEEEg5YEk/T5vG+GVbG1qk6+cYlxcnNU4Plj77TSvd/DzJdFqtWrN/dYXxGeDpwhQyzDKUYckpTV3o4apuzu7vT3r2R+/ej/ABe8BQW/9mWenCyNuhSZ5dscIBQfMSRuBA6crjJB46/CP7cyaR4ssvhvNoWs295Hcay8V3DHIskcIKg4k24HX5RnkgEjmvk+y+K2vX93HC1xcI0paO4Jl2hg6gDcPmOepOTkDBGRmp/i7ql1Y+BvB9y2pxvPc669wiR8umFQbARyMjOAOgBx7c2R+HlPI85wmNhi61WcJyXLNtr3o8t9XdJKzau9r9UzPHccY7OsHiMLUoU405RTXJBRkrOFopRt00e7u997bGiTWnh67l01I45GtbXgpheNwZiBkDpk8A7QR2rL1nx+Z72G3tNMEo34WUnCu6qBhsYBw23k56dehHjlr4wvr7U9SkEUkmYVXISRiNqhccKWGTkkMSMcE5qrJfa/NJb/AGWxlkUSkL5VtM7qHUlgfkyQrEEA4JxxgjFfqUMtpKop1JOU9byuk943V3pto0lvq+58dKtjHBQpUqnIm0+WnKT5U01pa2yto7Ju+90ey/DrxDe3Wp66bvy7IwSM4EbCNMoeB0IPyheenHIG7A4/9ofV21fwzpYYrLMmsRKGEochcKCzdslQcLwABkcVy3hyDx7FdanBpug6vdC8KtJt06ch2dgpG9gCvqFGTjrj5av+NfhR8Zdb0/Q1h8C6+sV3qUflothL5gZcZkKseUwCSxP3egyCK1VHC08V7WVWlF+6kpTX93XdPpa6b9Tn9jmddKEcNipc3M5ONKT0fLbXls/v1v6W9N0652+ELK1icRhbC33zGUDgRCRw4+UnHIbHPOM4Oa9p0HVdOGhWlxFcxIHsliOJlYlwqqSwzklupyeO2ABXjGlfs6fHm4sLiBvC1zCkkCRf6Q5iChUCgAMTtJ6FeSWJwecV6D4U/ZO+OzQ2sMlrpmnwRlmP23V4Uyp/2CwLHnleoI5G0E1GKq5ekufGYbVp6VYPXTSyu7Xum+3Vrf38rwOewfuZbiZXUVedOUdnFLRq8rrV7bN67rpBf20m+EuJEWMkAOPmyGI4GWOCV5B59D1H9Yf/AASe0oWv7G3gd2AUy+IvEEvTBKm8Y7ccZGeCWyOc5yNtfzB6X+zX44090XV/E3hu1bbtfyrqCdkUg/NgPzt5yMkt6iv2w/Zi/b08B/sw/Afwv8KLvQ28S634dvL6W+1AalbadY3T3k4YNCXZghQ8Nng8nHOT+G+MmV1uIeHKGXZOli6yzGhVkqclaNOnGSbvJpKN2ldvRP5n7J4eUMXgMyrYnMKTwsHhpQi6rjG8pShpe7d0o+735b9T7F/ZFtmjvv2iTkFZPjX4hOM4zi6k555AxjGMAc46Ka+vpVwflO04yVzkg8jcfQ54wMDPQlgDX8+fg3/goZP8I734j3Gnp4FlsvGvjfUvFaLdeIbeS509dQlaYWbKo3SeUMhnGN3BOABV/UP+CwF4qNJLc+BLdTkK1tdfbGTnkbEX65+uOuTX87Zj4W8VY3GVqlLAw5KkaXI1KLelOnF6a6xaevW2q0R/QOA4s4fw9CEauPpUpRXJJSvbRpXTWnTdd0rH72yqu75GBGzIXaRk49Rg+uSDjIGN2RVcKS5k5J24UJjIGRk5AOc54BGARyM1/PNef8FhLpUHlaxpbybiVSy0O4nBPPCMq4YZODx6MTXOXX/BXfXVkEss2sTxG2klkS18PXMCMoDZ2TMCsbNwVbBz83PrjR8EONa3K44ajDVO0qkOduSjflT1d9tHrddDWt4kcJUE4yzSm1yttxpzmlZJSu0nHo7X3d99UfvP8fGWP4IfFSSTIUeB9ZDHGCM2zYz12ngjPTn7vU1/nb/EMRS+KtXYSEk3t8eoI+W7n2rkkY/ujOdpJz7ftx8Tv+CwnxK8X6dr3g3RPC/iKfSPEmkXGl3F5dhkf7Lc5WXFuYs7uAqnPTPcDH5dXN14d1a4kuZ/htqdxMdzXLizl3u8jl2kaQHG4uxAIx6jOeP6w8BPD3OuBVmdTN4whLGexcIxlGUo8vxcyi9LXTSbfw630R/L3jjxfkvGWGwOAybFSrrDVqtWpUlTlGD5koxUebVv3XrbZbp6nyekTAMx27FblcgEucADI6rhuRnnnjOMXLmIWNgXKAT3J25U4eNCCcY28Dae5Hbkjg/UMFj4fkmLW/wr1IxA5K+S6gkgD5mJAUqf1zk9azNT0201K6jjHwu1JY1YRopGzeFPz9SO7Dk8nj+HNf07TxMIvZ62V7qzfu6atOyerta3R2P5bq5HUlH+KtVqrapOya1s7NrppazvufH+qPE1soUmRFcKqg87gATknqPp756knm7IW32i2jukY2rzL9oZQN+wMSVXgElgMBl6E8g8V92v4A0WSLcfhdqC89DOEw5xktgnkknByepHWqjfDTRGCMPhndx7W3gPeIME+oHIyehyO5OeK3+tUpRcZJpR5U7R80tLvr0tto97HNHh+rTk5OrHWy96F3b3dLtNPzS6pLXc+NNf1aS8nkg0uLy9KtIGjt7ZjtOVUhpXBIJcgHGcnJOc9vMtHtZzcuzqUDSSAS7SV6nAAGfmK8+pIHXt+iVx8OtJtLW4Y/DZeYpXZ5NQUSRxgEk7T1Cghhj+LPIIIHN+HPDHh6Sxhli+HgfE0v7/AO3IFlIdsbAeMDAUknsTuJJBh1aLnTaTajrbe13HS9tL673Z6VLK6sKU4KolzyutG1G9vyfnp1Pkm0jZ5YIpTISjMwOxgMAYHUZIxgdCTj0xjPvbEh5EUN+8diCYnznPf5QduDkHHP14P3/B4QtVcyr4BjAzvTdqEOUG0DaBsBIODkDr0HGatf8ACM3IUsPh1YMCAytLewFePmGf3Q2jHQ/Meh5roWNpq6cFZ6Wclzbw+aSVo6q9nZtXuef/AKv1uZ3xCjtrZu6dk7q92/8AEnZfM/O6GzYOVkSYquF2iJyCBjttycnG3tj+IkVrf2MZLRwsM53NlMQPhQf7wCk+3b8DX6DW3hjUCJCPh5onIBXM0BI5Xr8vGOx9e2a6Ow0LV9iRHwLpUPBA8mS3DA8BSSUKke/v6ZFXDHUU0lTbT68y7x1duum+l33uOfD9aVrYlbq3u3sk49PPzWlmld2PzJfRJgAptLkvg7WW3kGMdgNqg56n5h7Aip7fw3ezBWWyvSzMQAtrIcDGeuCMfyJ6Zr9MH8D+JJJVmHheyVt7AAXNqAY89v3TA8nPpkfNxgVpR+CvFizR/Z9AtYAB8qm8tSC2RjH7nAXjPXt3JxR9egneNKKTcVq22r8rimk7pb3ei1s1pYt8PSm48+Kk0rPSKXM7rs9973b6XbZ+Yh8D6tI4A0rVGZ2A2i1lUckZOWxk4A6dwP4ea07fwL4ghkXytE1BixGQ0BAIHyqeN2MHjjGAenp+mtz4O8bsEYaXp9sCFDG4ngniJBHzFY4wQMcjOOQBzimP4E8dKkM0d74btCrBtgsWkbaW5yQcKRkYz94DucEc8sTGUl7sLpXertLRd7q/SztstNjtWVwhBL2kpW5f5U1s/ei3te/9aL807bwN4vj8QvKPD95IsSKzhY2Kx7lO0llHyjIywOAo454Fd9cfD/x/qKQxxeHZmzGAGSMuRvUHDttO0nuvcbeCBX1XceCPiDe6zrgtPFGl2EqLD5qpYnyp0ZRyANxRlJ4A9sdOev0j4PfE+eC3KfE2O3QEF1isyQoYDbnoe2OQGyemRgVSxjgnyezWt9W01dq2vu9Oq6N7t3TxGT4bEODqc8lGKVotJW0evXVaX7rW58d23wd+JCp5n9gFFYplmDKVbJCkkD5Qpzk8EA98Gkufg18QriS4RtLRGyAWd1xjjq2SCCPX7wHBwTj7ku/gp8TGXY3xXkkWZslfsYC/LxyAffIGSPUYzVe1+Anjku6zfFOcKW+dPs2eOBknkjDehJ7jqa2eNqyau6aTtZLms9FZa+q1ut97WRlHJcDTs1RndtfE010f83XXSzd16o+JrT4EePWds2dpEQgxmcKDnoc8rjkd8DnqcCupT4B+N2RI2OmpLJCSFN0rbvl5U525bCk54A6nsB9eQ/s9eLC0oPxTvsOCMCAkYOePmPCkAE8noWAych//AAz54mWSLf8AE7UmCZ2yCEnaB/dPqexyDxwetE8c+WMXKmtU37sm1Zq93e297rSzv0Qf2Rg3Nt0pRaVk+ZJbx10fVXtpZdUtU/hy4/Zz8dRy7Q2lsQ7Aj7QvU9Rk8HAIAJA5wB7ub9nHx0BbtJLpMSsWILXiAKeByONoOeGAxkDOcV9p3H7P2uJI7f8ACydVlJcFysZxjoTnkAZwdpxnOeobFh/2fb7ykZviDqTuiE9wck9cMNpYjPGB7ZyDRHHyW0qeqSuo3TTa1lrZ23Wm7COSYPf2c7p30qJ21j02s7PfvZa6v4pT9mzxW07pJrPh+EKpcvJdghc44XkAjBzznng478/e/s5OPE1ppOr+LNNgSS1N3NNAySDygcsBhlUuc8AnnOAOBj7if4AT+WQ3jDV52y74UsCFA6E8AAng5Pyj6Vww+CWjXPjO30zUtV1fUEFi0js0rCWNgD8rSfeVCRkYx2HfNc9WtUqJXmuVtPZXTbgk3r5pu6Wi06368PluHoScoUmpcj3eltNu33vfbc8SsfgJ8LIbVo7r4iyefCNpSOFSVKnJAG7lgvXHzYwOCc1cPwb+BAhiEvjzVTMMLJ5dtg5I4yN2RnnnuOTxX1xafsyeBYIwZILy4ecZV2uGlC7gOZAhVivHPfjuc53Yf2bvhrbQxs1nFNKhDPtWUs3YAjdyMjHPbr7J4vEKKh9YkrRV4pU+XRqyu47287eXUccrotyl9Up8z1bc5XSbVnZu1vNK26V9z4fHwp+AcMkqSeLtTmXAAIkEbMeedm0kk9MZ56dKB8M/2fBIv/FQarMhQq2+78ts9MfcIOSMDOMnaRlev3nD8APAWC6aVpiBgxTz7cl4/wDfYsef9o+5ye+pD8DvCKRx7NH0BwrFQZLVSDtPH3j1z26H16AZPE1Wv4k7bWvFa3j5bJXelrd++/8AZFOTbdCinZbttv4dL336pvtoj88Zvh5+z0quYdU1yVkQLhLssGYjoCsWX5+UY9uT3yH8GfA1ZCQniKUJsJ2tIBkc7uYycc9O3BOMkD9M/wDhTvhaHySun+Fk3sPNH2aEMMEY7jPIGSBkcjIGRVqT4TeF96lk8LwkElsRwDK4O0MCcAHpyep69cEcRW2U5dLaqyejtflTsrde3yL/ALEozSbpUou+q5XbdbJtrTbTyurXt+ZcHhn4Ithv7J8RybSGwolAPzAgECPoc8NzzkjPNTSeH/g4029PD/igohySpmLYAGMEx8cg8YIx1A4r9QIvhb4VLssV14ctlKAMsK2pDEAHILZwWPJOMdTj01Yfhl4QtYl83UdHKgsrqJLJMEDOApGR27YGTwQchrE1Vde0ajo3760ataT/ALr1e1+2+kf2LQTT5aaV1okractltol1TW/lY/JrWdF+E1zpN1Hp+geKYLyRVEUzpK6oVfHzZjCAEdAQOmT602x8O/DWK28qDwX4vvpo4YWnm3PGpnKjJBKABN2SpBAwGzX6X/EXwd4U0/wRrVzp2qaQtyqQ/MUtD8jSqrgbTx8oyWHGPqCaeg6L8NvsWnx6hrGkCRtNtTIqTQpHLujUv5oB3fKMndnIOegAAxq4updXnd8vxJprVJpXbtd7PSytuaf2ThlBQ9nG3M7rS2qjro+q116d2fn/AAeHPB93bQyJ8OvE0sauFO+fDdB/EUU4Ufw9BtByMfLej8C+GJZhKPhnrjRM20Brv5gxP3idm7HY5JxngZOa/R9NC+EsRWOHW9JQq6uFXUYNm04+UHf8pOOeCfTrmrs0HwotgUXWtNJUBnjXUICDGRkg4YcMeCSck9Pu8ZxxlRcv76VlZOza7X1cemj2ut9dbNZVh/dtToXaVnFf4VoktNL9X530Pzht/Avhhp5gnwv1JxglCb4FQUBHIA3EDvjGRzjioJ/BugxvHEPh0LaQfMftN7tzxwOBySQfXjcQvFfos2p/By1VmF1o2/aFx/aEROTyd48zkepGMdgeKiOvfBiMB5bnwuGEZAd76JmLHlSQzHaQT29MUPFV7pqvO9klLmbWrjo7pWXb9UW8tw2i9lRtZJ2ina9u6VtLOTutr+n532/hLTHmHl+BdJV1JYia9dx8uNu7KqB8ucDu3JBwM6cXhezldIP+EM8MW6hmPzvJsyMct8ufYkde5yePv6w8ZfB+F2MuseDEQDGWntQ8g6D3JGAMn3+lWZPiB8DlTdL4g8F5R8IBJaEgd8nHOBk4Oc8nr1lYrEWadWV27tbW+Fpry+V9norERyyh/wA+qNvsycFumr3W1vO727WPgX/hEku0e3GheFIlJJ8xYpHYhfugfKOBhQM8g89t1UI/h9q32ktGfDcMIUgBtNcsoHB28jOTwB04PXNffLfE74B28rBfFHhJWCZ+RrYqGHGQQuDnpg5HpjNU3+Nn7Ptsf3ninwu7ZyRGsDEMM4xgE7R6d8cZGKtYutHTnk0ndNt7JRundJd9NVe9uho8twyt7lK+jbUUtrbXS069W27dT8zPGXgfxFY6hoz293pzXb3rvZtp+mlJIHjwT5iYcup6A44GMjGRXqnguT40XiGLTvE+u23lM4cQaYcbgMYBAUnAHHHfHrjuPiz8avhtJ4x8G6voGtaVNZ6bdXT36wwRCMRuG2bxtKuXAB5yPqTVnw7+1b8MtKkm82+axZ3lw8EkTJI5f5SqBeBjoDkLnHued4idW/NUkr3k072b91K65l+lnru2ntSwdKGnLFJafDDRXvpra99dHbVPXWwPDnxmv4GN/wCPvESIHOQdOIxtPQYByT3PAzweeRVb4bePLrZM/jPxIdp2u405h3746n7x6ccZ5xXoUP7X/wAKY7YPJql/JIzE/wCqVs7vXKEFQe2DjOKI/wBtT4UW6bVm1KQclQsCNzySThRkHOBz9RxhnTrVY6c7u02vTS2vPZXWl7a6+r1lhMGnzWu9E1aOr00WtrWtfa/VrU4yT4TeMrgjPi/xXJtCBitmy8HI2ngckDvjcOO2alT4KeLJXXd4n8YOoDOSEdAM9QAOhJAwDwQW5wBXUL+3F8Mo1KpBq0xds7RCoIGCR24GPbp09Kybn9ufwBCZFttO1hwQNxbAI56DIBzjB4wOemeGr63Ui9ZtqSSlaTTfwu6Sl3S7fJNGbwmGdmoxeyT0utY/3mlto/V27lr8B9cuY8S6z4ykXJIPnMpbH93AGPqD6g89Kd78ANWiC/v/ABbciRyqlruRep5Q4I49OQc9D1NPf9vXwdbugg0HVpMIORKNrHB+baVPJ5GQucHg9DWDqn7eOj3VxaLbaBqUawy+aQZ1/fMP4SMZIPBPGBge1YOrJuMuebd1duo7bRta6asmrJa+d9C1RoQ+xBaJNc0ey2fK/W3XysjYP7POouqPLba6dv3vN1GYZCrkk7iRz/h2YVBL+znJK8cjafdPnblJNQZ95yccMSMHODgfMMdsinzft4ac0RSTwlelWG4qZ1CnKnqCPcnGQR7Hgc3cftxae7IYfCUxcfMQ9wCMFjyQB8uFPccAc46Vsq8dFL2lm1fVq/w9lu9007aJ6LRKUMP8S9nHs077KO7t387ffrp6n+zjFDY6nftp8MJsrOWUFbpWkyiE/eLHDZBAH8ODk566Wkfsz6E2n6XqF8LmRtRsorl83IwGdcksAMjAIAxzxnJrybxL+22brTtT09fCaAXkElskq3AYxGUY3gAD5hnv0PXIOa5yx/bX8UtY2VlBpVgkWm2sdooz5jMsKBA5IU85HI44HQYNS50rpqU5O6+a08nf9NloOEqSmk+VRsrJK605dVda37dO7Pqqx/Zt8EmZCLKR9mRI7XI+UrngHbyc+/fqOa6JP2bvApdG/suF2LFSkkrMTgnrjoQDxyQRwTk8fG0f7ZXjyMsILfTYEdhJu+zM5X1yAOATlsYPUdMElP8AhsX4jZd0lsQCMAjT2+VyRjCgA4HAzzwO54LlVXuv4k7XVtW/d68vvN3fVdk76jlOh1nBvSzTaW8dNFvto7K66o+3F+AngKFwn9hWYkjDB2L/AHAoK5AHb72Qcj24pD8EPBEe2I6BYP5hb94xOMc9QTg89Dxjp718My/tdfEslXE9sHIPIsX+bOTjAU5wPboSAfSE/tS/FS8iyLyFMgICLKQMpPICk+2e2Bk7epwKtBWbT02srcusUruytdN63fk3Yz5qN7RlCN7Nrfblvra11fTqm1rrp94D4MeAofKU+HtPbGSQEZiGXAUlhkhTnrk429AcE6L/AAh8DxxO0egaUdhWR/3RLEDGFzntxn256ivz0f8AaU+LTMoXUsMWATZZt0PHdeSeQRg4IyM5qpdftEfF+RJVGpXAWVtrlLRxjIxliAOM54I64yDjNNYqMdI0ZWtreLu9FHrzPS/T7iJ+yvpWW21lZK0dHrbd9u7S3P0lt/h14NRSw0HSreSRUVSLfdkAYBJ+ZQflOc5PrgYqdfBHheFn3aLprBUCqVs49uAeSPl5Lc/TpgZr8uj8dvjEFMSatqOGcsv+jMAoGeASPUAeuMZ4AzVn+M/xtusomr64+35gixHBHLEjAG0nn1IbJ7ZrWOKV23TlolyqMXpql5LW7dt9Oi1EpUFZqrG61fnt3a69umnS7/U8+CPDkaxzR6PpbB2YrEbeJCCcjaxIIIOPlJUgE9+McR4P06BNX8TW8FrBDFBfBAtskalXBI8tflxnOOBkqexzx+cx+J3x2uIlZNR8QbxnDhdoLdOQAei85AO05OccVxGj/Fv4s6fd6naW+v6lDcz3ObwupaRbnpuOADxjocjJHpWXtZz0jTmnZWbV03Zet72W9l8zaOLw8HdyTta/w2b0Wq1ukm9L638mfWvxmu1OhI6CNvtv2e8LAKP3khIbb/dAKgnt37lq+Ro3iDSqSWY5yd2cd8nA4UjOeMYxnpX0f8ZJm/4Rbw9yR5sEaFjjPyEhSWOc4zzn+WMfKu51a4WNy0gVuACecYBGck46nnAHQ16ObJfWUkrJJXaWuvK9V3WiXV/cfNUZN0ndJptv1Wm+nZbab7jde5t4SiLsUsgyw4Jx0HoePc8YyK+x/wBnEwromtFwm5tGK4UZyCrcn159eAAMAYOfiC7lleBUnRpAjt/EAFbIAO3IGMHO1hgZxkgA19x/s6mBNA1+XMjhdFcj5ACGCnA54+nQegNefQtGo27L3d3021+XR9fkkehg5qdN2jZKN0rLTWN0tLNXvZuW22m3gWv7/wC1LtmGUF3cHgYU4kPY9eSSTgZzznnNXTJWi1CyuVQKI7mJieBgZI/i6nHsRk89OZdbnEmo3eSQhupyrZ2nl25xwMYxwDxjjoScQ3SQZYF2EQ3RjnBKEHgg852+uexPQUpK8Z2b3bunbW/w7XSd1d3s3bTqeVCoo4uN07Oono9U24tr0dkrp2e+9z7R+Gnhia81+48V215BbrcRNbS2W1N8hVVxIcZLFv4cjBIPbivoXwt400Lwl8UbW1nfU5Lu8toEjjsYg0pmAB2bAuCr7sE55Y4HpXyT+z74pk8QeIDBMZEW2aBjGGJRyGVclVI6qMD5eW3HIrrfi1dXdp8UlutIvGsLqBYJIZ4ywkSQyKEKclQemADgdz6fN8S4GGPyDG4WrJRjOE483NZaJPmVmmrtJNaKy823+l8OY9YHM8DjKcOfkqw0V3dtx5mlayukkvPXc+vP2lDZeN/BeqyRW+vR/Z4xeym8tDDFD5a/Nlio25YMAAfTB6gflZ4RubG214Fk3xm5hCMRwoMoz055J6k5IPpmvtP4s3PxQ0n4dHUtT8XTXtlqVjFHcwOm2SSKf7qPjHBB5YjIySc9a+DfDsBfWoypDIs0GYwCVB8xScNjJBHPUYwD05r4jw8wsqOAq0frMMRThiJRg4Oc7L3YtO92mnru99z6fxAxVOvmuGrRoSo1KlGM5qSSupNtNayst76rRat2s/sb49+Lp9J0Lw9Jp4hilutMWBWwrkRooAJzkg464GRuBr4ln1Ke8V5rqUyyTIWyM4yCdwwuM45HQYzg+tfTP7RAlttK8HL8qxvYxkADJUGMblxzjg59wSemRXzzbabp32A3NxKCzxyAqmQ0Z5ABGc8nqR1BJJzzX6ZjFToqmnC94xeq195RbV9bvW6fovJfm1ecqtWVm3y7q+qVo6q+ysrdd9Xc5nQp2OsWx8nLNdQjHogYFWGCCDnPHfniv0403VPI8KW17cTpCLMwIhdFccxLtXkEHe5IJw2AwzyMH8vdMlSPW4Rbu0g+0QgFjjjep3dRyvpwBjJ56fqZo2iDXPAEGlwiJdQla1khuJ3EUKuUUruZsAKOT8xwenUgV4mZ1KSwGIlL3YRipSbs0ld6Np7vV7Lt0sevkaryxNJQi3JTSV0nzPokn1bbtddLtpWv554S0fxl401zVGstX0+1tFmYyK8MeVRnJQbMA/MowO3POTxXgPxUtdQ8P+MbnSNSuYbqeGaDy3CBdsW7k4GOpAx74GO4+wPh94X8WfD3XNW1nUI9E1KG6ikR1ivY/LQLwsjYJAYtjCgEk5AwQK+L/jBqbav8QrzUruOOCaSRVWOJy6gJL8vOCuOcjHbqQeR8Bw3jamLzx06coPCwp3jKKaXM3HV210asraXS76fXcSYSOGyiNSqprEzqvmg2+VRtZb6Xd1ouqP0h+EH7OPij9pXw/wCGvhr4T1PRND1nXEt57a98QyLBp6IiqP3kshVVO4YxkZBzk5Ir6Im/4IH/ALW72t7ft4z+FMunWyyzRS2+s2kj3AgBYhVWYtvYDanBySOoGa+efhH8e9M+BfhTwt481XQZ/EkGm21vFHZQTPbEkBW5kVsj7pBKjHXgCvqG5/4LB6Xqcka6X8L7zShcRmKBzr1w0Nu0ylC7RCbaSCc9MEjJBbCn8+8XcT4z4XimEeBaeEnkn1ShKU61OEqka7aVXSTXNFK1opprq7vT7TgTKvD/ABWQ4ern2Kp08c60lVhUVXmlS91Rt7PmjzXSunZ2td2Tt4TqX/BODxf8O/hP4l+JureOPAlx4i8J6smgTeC7e4hub6UGdUMzOshZZBtLIoXdgDAHAFH4paNrN18EtH0TSdNWTV7a6jMhKhmmZVUsgjI/1akkAgHt2BFfXPww0H4M/HT9nX4wfGDxH8YrXwT8R9C1qbU9I8ANdyhtWkMm4PcRTTf6a1yC0iFUKxgY5Gd3iNlv1jSPCy208l/eXt00ISE4YuxwrqpGAOjEDt9cju4BzzPa+XZ7/rDjamNzHLq9qqnhXhIU5qnGbhTgnKMoJp2kpSi1re7uerneS5G8ZgMPkdKFHD4qEaUXSlze0bslNOV5JvS6tdNba3Pxj8T6F4tgvbxr7R9Rjlhn2hIoX8tASA5C4x0BBIAIXgdAB5/Laytfxl1MckLxFwUww/eKSMccnnOdxPsM4/aj4y/C/VNH0vULt4xHc21jJdSSyxxokkaoWKMGXIIyAWOC3UAYGfx/8RWt3JqYu3QbZJyjLER8xWcKTwOc8cDPoBX6pwpnlPO8OqkY2dKUVOyaTaS16d1fu+qPyfjHhXFcNY2nTxKknWXtIKSs3G6d3u95R36q+ujX1F48iDfA2xEkrMsU9pMEJYg+aM4IB7Acnk4JPJ4r5AjhhHzOg5dSuA2RuHI7ntnpnoM5yK+xfHoZPgzDGse9YRpYYMTkbsk445GSD1xgE4FfJ0To0mHRQvlq4G4YJwAxySeTjg8cqOSc19Rj1aqktdL99FZLW9k1bbTb5r4vEt3jeKbdtdf7u2vpd7K2j3NTwraW9xfRRSRozC9iC7jghS4464ByOBndkdAMiv0A+KjJP8ASkKqsEEFsCp5Uyp8rEMMFjheeOoI75r4N8HEHWIUAHltqESucYA+YZ+Zhnvngdsc5r7n+IzRr8D7uzBLIgUN8wVd3Udc5xxwMfxADd14p3lS91NWupbJ8ztbVpWSvrfWy001PRy6dktL3so23eqVr22sr2dt9dUfm4Z4UBjZQWPl4YqSASQCe2TjofQDnGK7bwhM0WobQ/We12Hbtx+8Trx1ByPTocc4HHtFauhIAVlKKDuz0A5x2Bzznv7dev8GmM6ttLGVTcWOFIAGTKq5UEZ25GO56+mR5fLrq7K123a75U9l2bTXu7b9m/WhUu09nps/sqMt1unZW2urq99Evs79odZJvA/w6ZixcxOC7YUFfIXBHRcgc9AejfX4/vpp7faUkMJwq8srE5IUsQM7SOuAeM49a+3f2irZZPh98M2VVjby5FbJ+YZgUgADOejdRgnCgYPPxnd2iONxKEqoHIJxhjyOBux75xjPtXLUSUkr8z03Svo1qtX01aaT+6511avJUiuslFK2m9ru6s2tEmm+ra1Pcf2fpGm8Q6VJJc79t1IgUrndwBuPBJIBwdw44OOQK774139ivj/VoLiXZmK2+cuAVby0IBQdOMBc59cnIxyf7P8ESaxo833jHfSZygweFOCR0Ge+fpwOD47Rm4+KessyIFdLU4IAG37OoRsDOCTzg8nJIODmufFWlTV7uN101Xw7X5tNd09rtNbHpUKlqTmnFt8tk3dW0vf7rJ63tpro/PL3WFurW5SG+iCwDCgyDdIQ2AMEcKAAMcc9flNfU37Nkwdb+R2SZxBMcoAo/492zgrwOnXkcn1r4vbSYBFdsJEBaTjIIwMk8noTkcHjOc9cE/Zf7NKrbW+oxAqwNpKF2KDnMLZPJBxkeo56YJwOGFKKi7Su9F9z3tvf1v1texvGpKcoS1SSSd9Ur6NpW0slp5d72PHfE9xCmr6rKFmRxe3ezEjAZ85unYgf3T3wc9gtrMLh7JVubhW8sFSWLKHH8WTkHAGOnJ4J53VneJzE+qat5jlMX90FD9/8ASG54OOoC55AJzk81vaKIXutNhlWMoYgA5+UjjAOMAEknGcjr64xjKCa0u27dE1smk9mnpbaye/VPenU100btba7d4tXsn1ute6bv19W0/wA6CDQlZ5JZZdUgmUSR5TKSqxYHvjGSAWJOcADBP9Pfwu8Rz2Pw18Iy3Ala4Ph7R7rTriNHxbzwRIY5h5ZAYqwXllIA3AgfKR/NPHNaH/hGbeIR+ZHfRBix3KUDgN647Dk5IJ6kc/1GfD7QbC5+C3gC7tbe5a+PhewRBEm6Fo1tg7s3ysQpxjPTkYz1Pw/E8KSp4d1If8vXbVWtyxTTWi03adtbdT9P4MqJxxCaThyU+ZWTXROLvo73e9rataaHhn7QnxE8c/GzU/D9/wCKNRvNffwnC2nrNp9sI49OtYlxDJflFIYgKDliRkk7uBXwxd+K9QTxDDbrcai8MN+8LqsEhVjuC4BKhSOv3QB8ox1xX094o8T/ABB8ParqFl4YZNK07XbyWC/EFrHcySCJiNksJR2AbAJ5GMnbjrXmd58Qr+e9svD2qaJLJqC3cka6na6bFbsFbjJVIRubPBJxsGSOQM82XUXQpvRVIyTnCbm+az5bxel7q1201bZXW/s4yrho1lChT9jFSUXGkrLVR1cY2tZtNt2ve61PRIZp3srWNEeSI2CM7llSZSQCQqsNzNu4GDnpz3ryue98SQ65bjQv7agle9MdzKLOOYPDIdrKXCkoBycEqepHBwe38Q6Tq1vZacsLT/abqJgktyHRIyBuRQyYDABW+Ug7SOBXjularrUHiMWEXiCey1Br9MZWQ224E7i5OQuAMEZx9cjDqJVsPdU4SkueLTu7JWTSaWrVlpfVLW92Rh26dSUfaJRurdXqou7bs76bXuu+h6N4ggKXMSYLM6Wxl3JtbzPOj3FlPBIJycDnkcYbH9O/wfhJ+D/wydu/hHTMAbfmxAufXBwe5IzkelfzdeKNHubWDSru8e3nuLuG3ka5gYeXP/pESlyMZBPXAPHTGeK/pT+EcLD4QfDMHjb4R0z6YECEjk8BQByRgenNfhPijBzy3BJx5HGpP3UmtbQTXp6dHo3pf6OVWSpYdRle9Z2a0d1BO2nz/rU6t4mLsACB1DD8cDAwOf4j1yckE5yzyZFxgDIPJ6gkgkduvTI4JyeQAK1Cm0hduMDI+YZIzyMZGBjOMdTn1Ao28Ag5PAIyM5I6EbQCRg9evPXnH4G6ErqybTd7PRLbXr0srN+W50RquSV0rtaJ2V9Fd36a3V+umrsZwhJ5LAEgfL1O4HAJ5x6tkgegPIAesYQgKSxYkEf7QA/zz6571ZaFs7huI+8CO2CeMZ4JB5we3BwaCjjDEEZ6YI6nruyRnsSVxjqTgU1Qk9tHey5r9bdL7eS6q9tQ5k7apare7t8G79Vovnpe7g2NgjD5BY9PUcfLxjOAd3TORnFLGjEkEFiBtGcjoGPTP3iTjIHfntiwobd909vmzjAGAcj0Occc8DOOlSrGWIJXGCvckt04A3DoM4ycYHXIxXTSoXlezV7WfRRaVn3e999NNE0mZTrLlu30va2r23V7vr8N9tVsfnB/wVD8PWes/s/aE11AJJLLxRFLbuDh4mkAVijA8fKMMARkexGf5+LXQrOB7h7ma7MNvGxVRK7KVJO5VGckOODkdM+or+jr/gpFCH/Z9s2IP/IyWoORg4JX1HAAzjJ68HPb8BreBFluhIhIkMke4gFQWyD8xBwFJyCDxgNkV/QPhvho1MlinHmSxVSyteyfJKVtL2bb2uk35DoYlxwcLSkk6lRaN2T5t7aJdFsk9H3vh6b/AGVJbW0sdtMVbcqmRXIGM/ezz64POcnOcELq288UVyGSJUCt8ojgZXLAZADJhsqw4Bx8wz8vbzrV/EaaTLHaW+v2YEVwYzE2w7DuyIwBnthc9sAjPUW7LxUYp7e9vtUt2gzI7xR7d5VBnKgqcnCn1zgdQRj9Slk2HqpqVCnJXVouNm78tmk7rSy66X6HLHN6lKt71WpbRufMuVWto1F6q+y18tT13QpGvZZbiSOaWRpDETcySSzcnPytIzMoUchSdoHXgV3Sac6INipEu7DHluoJOQTjkDIIzwB35PnPgbV4NbT7ZbMTbtPJJGSNrEhyuWxjrjHTHdeenp80jtKF/eYPIyeM7cHAAyQvfPAAI9q9PDYZUIQowiqUYWjyRXIrpJ2S0S1STdl6N3b4sVi1iZupNuXNtJJuTeiXR3SaT12fR2dnLpkAiUhldpHG5VUk9tpC5wccYyTu9a4if4gfD3QX1Wx17xBJb32ms5mtvs7uB5hOwJtA3Eg5OB268kV2gkljxJuYhcYRQAMr7568HPAGfUivmzxF8OdK8T63rGtXusWcDXAmggshNGlwLkbxGZFbqDgfMRxnjBwD6+Fw0KtS1Wc4pJLRvl15bX3dl8+1j53HzdGnei1KV7tOVk7211lrra7d3dW6s5zx74++HPj61tdE0/WbhJzdEwPBatHMWyVEZc5OWB6k+vUEYh0H4b2OiX1lcRahqDxKyzSMqMsjEkOIz2OejDuxOQeM+RaP8Mo9H1Vbu71zR1mstVb/AEFZlNw/7wlGIXJPygAbVxkg/LX1pYW7G2hmF8pJYmJAB02kEDI5HGOp4GDnNe1UpQpqFKnOU48qa1iv5Vzaq2rtbZ327rlw1SVSDlWpRi0vihbmdnHWV3bW+q5X3KR1j4e6hq9r5GpahbeJnklt/IuEWOIYQoF3Ou0Aj5jnPQY9uu+C/wAHJNY1HxZqsWv2l5oWnadqM1xYm7P2qO8xuViS20qMEbdvOSQMnI8LsfD9zN8QrC4ubCW2RprqRr+aImCUbGKYypxj5cbT2XAzyO1+E9h40sfGeu6fHJrOn6de2Wp3rTeU9vpl5FHKWiTzWGxsr1UHk/wnODlUpySqKDaSpxlKPVtvVtpb2Sduuq1uXUqNwptxl/LFxvt7u7enM+u17NFS/utB09gt66WbwahLCgaXYRiRlU7f7pzk7eSMkdc19KfB2LRtSsbyC5RZ3Fyri5aRlDxyD5EQFs46Ed8nJ4NfFvj7SL7X0fU0t282HWpfPWIjfIFlAB27fu8c8KO4xgCvq74Dpe39nLYeW1pMZLYI8mAzCBfnAIGMAjn1bB7kUYmlF4aU4+/L3XF8jXMkk9NXZ2XWyT93Y5KFTmxDheUU1a8VK0018NteWSf/AJNomrpGhq/wptdZ8TXtn/wkd1ClzehjZ27FpreAj5BEQ2TkcnBwPUHqeCvh7ovgvxLqGh3euSateXkc88NtfOwaKGQgIVRySz5yGxjHBIrpbDVB4R+IviO8v7e+1fzc21tgKsdpIQCHicg5wQeQSfm59Kqf2lpd148s/FFzY3U95eadNHHEm1ntiuRhwoHIIySfXPHAryoUnUqtNxi5RjPVRSirK93Fay1Tsn173PSrYjlUeR1GvOLvaVm5tvXXRcsXaz1K3xCtvFOlx6Uvgm2spblJ0F292jBRBuztyTg8c9hwDzwKbpup/E2R902l6UYUO24ljUrGWAGBG2eTknIyDn1PFbnxO8fDwRomjXtzpxuZtUBkSNWAfYhwNxwNrA8sp45IHpXnWm/tCeay6VH4blaOVkZbmN1ChmUEq5AxhWPJzjGegYY6Y4eLheaVlfkdknJ+6kpJN8urWr0Vn6vGFZKalFa63UvWNrO+l7q7ae97H0ToF5c3GmT/ANpwpb3j212skCglQvkyAMvXBJ56E5zg4GT+FGj6nJoXx08X6jbpG0gvdUjCSqpXabiTO0MCM4PXbk9OOlfth8PvGC+L11acWDW0lhBcRKshBSUeSw3Kcgkg4OATjB4IyK/DC9uIv+Fv+MWkyZDrGqxhVz8qi4lwoyPukngcYPPGPl9zgrD2zycrW5VCz31uvi0ejd9Ffa/U+Y8Q8X/xjdSEXy83MrrTRKLa0Sd3rddFfVrRfTWofFm6ghS0tLe0mDBDIJo4G8t8knHyjnIB+YYHIPB56/wM2q+K/wC2p544RDKbdGFlFHFtcsuZGCJg7epJwWGODjB+UhBdSXR3AKgIBByMAMSpJzzg98njPtj7g/Z5hSz0nXnckxCaFnZgOUVTnYzYwBzxwD0HbH7FmlGlUwFZTcY2ScbK12mkt1qt0uiu9dFy/wAx5Pia9PN8LKjeSbcZ+9qk0uib2V9NLNaXtr8g+NLyTSvFmsuYPPns9Q8g3G0BgqxhdoGMccchQccDqK4e+1+/uWRJIHAMm+J2IDKnQkbVAywOPxz0Ix6v4wt7XUvFfipY0RkfWZmTc3zOFY89euByPcnrXEX2mpOyKkIQxHaW5JABIA44HA4DY9ueB4FONNYWCSV1GNrK+to3V93ypLfprfofdVKlV4r39IuaVv8AE03068q1Wr8ra6Okwu/w8ublQjmXVbhF3kEqWVgeep2PzycHGRgkV8V6TcxjXtesZYot0moTjz5VUqArMThWGTn1yvcEKARX3Na2otvhVIU5lGr3GCCRjqpBzndnPp6HqMH8/IYN3ibWDJOIpI724YZbLAFmyD26kgZ47+x8zDxtiasWlfm6tNe843t3er6t9Grn1VW/1PDuMn8CVu6bV+y1uvTt2+i/hHbumt6/P5Vv5DaLcRh4kCnaA4ByOcsQcnODkGvnm9gsl1XUI/JjWaS8u1yXJfJmYD5Qc8YBJAHIzjDc+5/BuXfqmsqZJismmTq458tlQscLgEE468j7x5xgj54nVB4t1WVJP3EWo3Q+Z8NzM20EHgE9jg92A6MPVpQTnFVFdSsltfVq7S3tom7PffZnjYmVZUrwlJvT4ZWurpXSsnbd30V7XbR9e+BZ7bTPg94pWR2MZCYjQZHmMChZgT82MgnHH4EZ8IsfDN5renz6hZ6bJcT2rOyzsiMsiHJBCEcsRkqM/KMgcCvftN+yxfB/XLVbcebdJES+8Z+cbg5AwOGYsWHr0OCTlfC3UbOLSxZPNAfIfYxjnj7KdwZWwSV6ZPI6jIFYY6Cp1HCKjKKdtE7Nvls/8t0ul7lZdOpo56tqzvfqlpKWtmk1olyro7HE+KzPafBq+tLy3SOVL+zZk8raUj2gFO56dccHjB6Vx/wTaJvHvhzbsW2GpWxVDHtLsWA2k8lhjt2I28Dr6B8V5IX+Hfid4bh2/wCJrbEKMsNrOMHIGMHHUHbjg5IwPKvgtfIfGfheHEjPFqcRk4UYUhRliRyGJzgc9Bhh09XLWlStKCvbdtWdlFct7r1t5PdNo4cfLlr89+VqSel9/cutHtdt9Oz7L9If2rriWOSzjEUYE/guCRghULst41CKQc5I5PTHoMV+Rst3dXepTHaqQSyENg4IbBBVXJweQcggZ+9uHFfqX+1OTd3mnJFIWVPApYBnO5lVEJ+UEdVXOc88nJHX8rbbT47i6kV7poS8kjRJucMWbf8AKpJIKsTnI65444rGlBNybSejvdpq66Ky1S1v1t10JdSUo03FtJ2trvJJPW1k93duz1a3Pf8A4iwtF8JPh7Eibd8t2Udzu2lnXDAgDABwPw6DpXzzbWVxO9tBHd3CSSyhG8qZzGGDBl3op+VQMnGMkMCOa+i/iZbtYfBj4d+ZeZMV7dqsihm8xWZSULEkgjBOMkH0XAFePeGvCc2pXEM4vdjTyRESorYiRmBJkIOFHAznGODkZGMpct04y0bScWrLVxvF2a2taz0SeuyOuknKPK+fpve9nKPu67a3TaV22tban078cNOC+B/hYFnSV4fDywAuAC0qqvQg5bk8ncePQ5r5ci00uWY7FmEsClwSTuMigjaMFTgnABHb5cjNfXH7RiJZeBvhnbW8pkex0MgyBQfOdFXJGMnpkck8nOAGNfGMN3eieCWRpHWWSJSqgAgmVMHB6nPQkcADB4GdKto1LaNrllaytq97N9LpNfcr75wlJp9Er2tFP7S1d9Va+3/BT91+PtjHBe+F5lm5Twhpxd8kPuWMDau77wHAxkcA4HNeXeBIbi58QaVcNJ5caXtmyOwPz/OM88AnPQgfxegr1b9pBWEng9SXDP4QsGLkYJPlhlIHG0jsT2IIxxXnXw7jee80eJsqwu7MKXIBfa54AOADxyePujoOK55tpPm/lg2unS8W3qtHps9GknuuvD+84qN4vR3vpJ3tppo7NNJb363O1/aOMf8Awn5R5ZDJLotkQzHIDBFGCRxggdeMjr2rs/2adNg1C51dxMHlsP7OneMyBdyCZiyEckADocE4PPArjf2lbaSTx9CkMYEzeH7PcMDOVQBj27DtnjjjJqz+zTLrmm+LWhRALS70+R76IoQWEQbYxzyeeSwyDngc8cdC7cUmoqV1u9Fbdt9Fd2XXvds68VG1OTdnJRS5tnstn30T0WttTS+Ndjby/Fy7gmgR498Vw6REktD5IYjKn7uDlj1B5yOa9P8Ahvp2g29xbX1npllG9wVtsyx+ZICW2hwxBwRwxKjhT715H8Y9Ra0+LlzcXR8tJLO33x7goETADPz/ADDKDJIwMHH19u+F89rOunN+5jga7RkY4LbSSARnHHCkg4ORtGSOPZoUeahUTSbScrpPXSLveP2Xr1626o+dq1WsRFvTm5VZt315Wrq7TTbau1o777ngnxrsIk+LGrpkoklvAoVRtRSYowAoABwCMY4C5U445+i/2XdN/s7xbock9w255LgpDsO0qYjydwJDDg84z+teP/GyG3f4w3ypIGMsVptUDOXaOMKiA5BYnAUdSTyPX7y+CXwm8U2V14O8SXfhu6tdCksbmd9QliKSKBAcyvGQDtCnIYE8YHXNeN/bGW5e3SxmKo0Z1m6dKNWpGLnOXLGKipNczu0klZ308n708FisX7OpQo1JwpRi5ygm4qLjBWk7NbX62tpdbn5kfF+za38c+Jbm2RZJLjxLqKu6AlgrXL7SFGcKWI4I+g4xX094Hsb6wjt7WdWnvG0qO6y5w6wtY5C5B+UYx1IO7PGOW8r8TaRc6p8S9f02OGWVJfE87LOLdmTadQbbJISMKu0gnkYxz1Ffd83wv8S6XYXfiibS5G02DRorZ7ogJIscVrnfDFgMYiozvGcZPOM1xzzrLsNVjSrYqjF1XyU05xV3dXUVveWiVruzdrt661MtxkkqlKlUtGzneNrLS+rtq7K19tbM/HPxFd31p4h1SW3uTaO+qXgaNDuYAyvkEnIP/AeQQeBwD9m/AAXDaF4tS5vJrhz4O1CYJ1Ub4pMLnsfUDjJOOOnxp4juIT4o1AJsaKTVb2RHIGR+9cAMWxyx7N/dJwMkj7Q+CE1q9r4sAm2I/gW/XAK7GcRNwCNuMEjryDx649jCTbk2tYyi9Vp8VtfR6NrS99b3sc9R7pvVW0297miuu17rr3drWPhO9kmgvJ0ieVJBO7xqnRWMjnr0z157nnrnP2J+zjZ3DWPjhrjzJGfw9dbN/GJHgd1AIz90bjjvgk9FNfIdxaMNQnMhAfzTsw3IQMxHfaPlBxz75r7S/ZtQ3K+J2kkJgl0O+KjeMFo7Z0AJyCcAHIxjv3rOnJRqaJb6u97O9ru6st7Lz+TBtqLk73vZR05Vqld7Lot9VfZ6HyxYabqeoahLa2lre3E/26TyorGKS4ndBK4wkUalygOADgeh9a+7PhJ4d1jw/wCE/iNb3+i63pb3Pg65mDahp89tE2FUAvJJGqgtwVBKk8Y65qP9hLx9oHws/aBt/EfiDw1feLrcNPZJo9rp8WoSbpr0KZY4ZI5VMig5Py5x6EV/Rp+1dH4Q8Wfs0fEPxJ4e8JW+iafqvhG4lcTW1lb6tZTxBMReVGiTKdxO8Bj0bAxjH4rxX4q4zhbjXJOHJZO8Ths5nSg8wVdRdLnqKnN+z5XdRbV23dtvXRJfZ5Xw5RzDJcTj3VnGrQjN8ii7XglJXab0aTX4WtZH8jXw7uFsvEumGVW3i+cmYRl+BIcRhQCSxyAFX73YHt9j/FXxDu+HOtxXNlqNs19YPa2Au7WaC1LgBQ0byoqsWOCoU5OQe1Z37CWh+GdQ/ah+FsXjHTrXUvDaave3N7p+omOO1uDAsrxLJ5uQdrqpAIYE/L1yK/TD/grH4x8OeLvgNpdr4Zs9C01dM8XRoYNL062tbrT9NiZkRrqa3ijLLMAnlhz8wwemcfRZ5x0su4pyjhyOX1a0Mwp+1+uXtTo3+HTaWq1+HWxzZVkNWvleKzCFZJUHKLp2fNNLlbV03eya383sfjx+yr4Y1KbUNWuTb2l1fxgRWplUM0TAZLFfulV4BJA54zk19J/GfR/EGnfCrxYNVaFUmtEka3tYwFZSWKtuU4GCfm9OoA4A+fvgv4u0/wCG1+ksrXFyNRtYbiV4Fw481cnaTgBQdp4AzlcDivoX4j/E/S/GHwr8XWYhuxcNY5WW5jIVYwx27CvzYPbJ5ydvYn7906tXD05QjGVNXbbaumrO61TXW1rp6Wa2PPpONKE4TSVTVWe9nZpN26pvvdnyj+zf4Y8U+MfE0WgeGNFv9cup4UmNrYwfaLkpEM7gEUlVUDlj90D0ANfan7VeheJvDvwZ8L6Z4lsr/S72bW9rWt3EY44zCpGxcj5iMfNjnrnjr1X/AASJ0Px/H8QvHXjHwFoWgaxd6XokOnhtcuY4YrZrtCFeNHwNz7c7lI2DJxmn/wDBQbxb8XPEVpqA+KWj6Do0egeJp4NLs9DmSW2PnMqvKzrkszLyBu4O3oOD8vQ4kUs6xOQ+zio06MKjmm07zSdrWtqtVrrp8vc/sGrSyWlm1pctac6a1aXu2b5bdut9rO/Y80/Zv8GX2vfD4XE2o3ggivpfIhhv1tkXaMsRlgSducDHOexPOH+0Lo1rouleE47GK7Mi+IJpJnmvPtW5VVSxXJO0lhhiOuRgcAj0f9jfTtG1X4dzx3TmSddRmCM0zxopKgkhd5y3OQvU8E9hWP8AtRaJpOl6LoMuntcB7fVbxrkvuaJW2kjDN03Zx1PfORXo41KnRg5zfLJ+4t2ruGmiS06NteezKwco1KVlFJqmk3pypRcFvy28tW7rds8C8Daok3irQURAY5L+2DRKwbObggbsbjxjscL0I29V/anuY9G+NkuItyPolixQAqELJGAfqODgfNn/AGgQeb+E1sq67ol7LMpc6zbhAoOcGY4YAjoCw4PB7gk1b/a6uI7n41XAZ2k/4ktlnPy7SsaFT68YDEcE4+hrjqx9pBXs3yy5fJtRva/e6Vtn9zNItfVZ3Vn7SPLqndaLd6Kz8tHzXueVa54105bPyrmF0BkjxEFDgkBCWUEMfmGMbuuOOaxtc+IFpqdhc2dnCq2xs/s37yNX3SheQpIypweM/L2POAON8Q/ZpLB5g3myLLGVDscDGM4OOnPYk/Lhj0qglobfRZruExGPcTIM/ddxwcHoV3DJAIGAMbua8ipQhTqJXlZctm3bd318lvpfR7q6FQhzNNSV7JLbS1rO631cr9OjWqtwk0LqwKIoLAnkbsEE5J2n7wxkjJP1GaypLcxuA2fmXk8qUOMn2OBgYGRxjJFapZlkDNISuwnameFb2YZU5B9eox3rPuzJIzsdyqyrsByMoMdOnUkY4wfxp8sWkrt3drJpPZWtfXZ6b282bVNOuqa03umlr03tbrr6NGNM0hkVsHapCkHg55wQcEgL3Pcb+ecU3zQGILOwUltwBGO+COOCe55HGCc8W0jWWOYyZ2DaCzYQjHTGeqkkAqOD35zWcGSMyIF3RsznnAyAMKynGdrcjodueCR0r2bdru++nnpbW66ejVm2mtCHVaW7V3ZtrrZW2119F3dzrfDVyE1jTXkXcGuozs4Ubt4IGTjJB3NkDHTgDNfefxciubm18LKiyStHoNpJGqAsyNIibSSD0+Y55A2gAjvX576FOo1PT2dio+0wiIjnb+9Uk7gAp/i/M5YE5P6PeIZoWvvDsbysd/huxCszfJGTEhJJOQDz2HcAV0RoxqJQd1e1trbQ0803s0lvd9DCWKVCLqe82knHe2qinbotk/O/dadt4K/aIuPC/hew8PXvgK+1C5sI/IN3CCRLEFB37QrZX5M46Z54yAUH7aPhWC/8uXwLqVslu2ydNgIDLjjJXglgAOCASQR2rC8OkNNdxyKxiEKxiR2QFVReWj3AZyMnvwcheleZeKrGyudN1drOzhmmW885blkUNgPg4IU7l4PIwRntk5byHC8nPKVVN8r663aS5dGmu/S1rdb1DinGtQp0lTaiuV3jdtJxXa713d7dz6Us/wBs34f3M4hn8IaxBAyK8jtAWG3AbaSY857naBg4IyBg6S/ti/CEs6nQtXiVSVnb7EznZgkbiFIBGCc+m3gEZPyjb3cjrbqNOtLlzYosqxwrsRFABkLlcDA6k464Gc5PQQx6EJdTjOk2cLHR45FASIxvKycu+V4ctg8dDxjOAfPxPD+FcU44isr3esnppvpurLstXvpp1YfizHJuMqVNtSWsqa68u9kmtte13bz+xdA/ar+CmvmK3s9J1uVVQGUx6TNOYCeD5uyJtowo5cAHtu4r0q3+O/wSmhR7y0vbaBTuRpdEuQWKNyWJhJJzg4yP0ru/+CQ/hzwxrGrfFqLWvDGh3bPZWMudRsLa88oLvx5ImiYxK6kElcAgrknBr9yT8KvhPqlu9u/w+8FukMIZt+j6ePMYYJxi34BA5IPAY4Iwa/nPi/jyjw9nmMytwrOOFjG1X2ripXpxm1yqL01tfbd3SR+rZK6mOwGHxMoUXOq0+T2OiScU1d2ad+ut1e3Y/AaL4z/Aa5k8sPFEJSjKZNMniZt2VwFK/OS3I2jgjJ4LZevxM+AEs00EmtaTbyhhujlQxOuRwMOVIA4z67iAO1fqL8e/hV8LINb+Gi2Xw48L2pk8QgTLb2FrH9ot4VYiM7YxvQDPBHTGFAwa8Z+PX7KvwQ1f4Y+LvHa/D/SLDVNQsLmXTtQs0WFrGa0DZdVTaCrcAqB7ZHQfJ5d4t4PFYrB0J/XYyxVZUoKnU54RfPyJt6O10m1u13Z9BiMtcqPtFhsN8N/4bi72j7vV3dm1f1ufGFv4t+CTgumq6MUfbtc3KgDPABUnCHgcH8zgCrLeJfg4ShGtaHgAbV+3Q7AD8xOc/KOefqDkAnP5keMdAs9FjtIbNIzJIZYC6u4QyAsFcDPUAcL0zyMHmvJL/wA2G1jRpsSKsiPtd8Fgc4U5AygYADg8fMMg1+/YLCVMVRp1o4utyyUWk9Va8ZaK+/a7fXufnePzelhakqTwVG8ZWduXV3jrZx62t0Wi3P2ei1T4SXflmLxFoUWD8v8AxMoc47YySSS3PPscD7tddp1l8OLhYDD4k0QkN1XVIG3HPOMkDA9zx1HpX4KrfsCEeaWPYPL8wTODk5P3dwOQcjnJGOqnArWtL+XmNdTu4xC6kFbqdSVY8kASDG0Fd2QSTz6g71Mpr6yeLq9O710ezfS3RXeqs2zgp8Q0m3fA0rt6W5f7uusbXXVPXdI/fOPR/Blw0n2fW9NCgbM/2hAy56bRkt159SDxnrViLwz4Zk3QjVLNiqryl3buztyQqgHPII4O3setfhhp+pOsxhXXtSTd+9DLfXKFcDcB/rjuByOmOcDvk9Tb6hqMWnLqMPjDUoWW5KMBfznCAcEgyE57Y4xhueoHFLBYyH/MXJyTS1hp9lWSW3r8tbHUs6w8nrhIK7Xwysk0opuyjZJaa37rdtH7TP4e0llFq0oc7wqlLiFiQO3ysck4A4zgkL6g+C+K/iR4x+A/xHtZPht4h1DwmmsQw3upyWjK0NyLdwGE0I4fgDDtwCeh5r87NL8WeJbiIzQePNWjlhuAEAvJXbGeOrYJxyDgg9exr6h8G+B9Q8beGfD/AIg1rU9T1/UdSub7TknuZXZoIUjJUEnIIBx8uQSOOwNedi8NWnQqYfFP2sZ2WqfK0rK1pN6NvfpfzPVwGLo1qqlSpqnKKjNTvGSt7q5dEm73Sezt2td/pT+zN8X9A+IHhX4rweNPFmmf8JX4o1dXW81G4gie5glhEfmypICuze3B6AYAwcV+MXxj0FPDXxA8RadbXSXdtHrl+sN7DIrwXCPM8mYpF4KggKMEjHAPWv0n/ZB+A/hjxFpnxA1DVrUzS6PqH9mQTz+YpHkFt2SrKSQw2jOApwRnG6uF/bd+A/hrw7f/AA4g8LxQaZLrBMd/JE7Obt5GyJCrZYMC3Uk7s4xwMeNlXD9XCYzEV6EpOlWStSVuWNmvwu2rLRPfW56+OzWnUw8ISsp03eUtm7tK11aXkrXSS0drH5mGZoVRopT8zMGy4JGRwwB646YwTwcDOQNKzkQhRc7JSSdqEKpGDycEZJ4z7DOABzX0Bqv7NV7Y29pMdTlLvKpd1hYqVIzz0HfByMHqTzXj8+liw8VjSJ0SVbe4jtTICB5hDj7w6YYYGOMgHI4zX0FfAVYKKqRcee1lZ2vpZNbN+b73v28pY6Mk5Racly2vezvr6aJOzsla12txDJanKiGGIoAQ5xgnAHGCPX+RPfbo6VPbMCsqIXAbayMyKBlsA7SBlgCQM8kYUE8V6L4s8I2EVjcXUcGxY7MSAxIVBcKdwJGQc89xk444FecrpMj/ANjmOcQRX6+WB1ZiTtG49SSTjBHA4wcYrjeXuLUW5Xk/h76xSVlbVSd7/wCWu8cdK6bSsmk2rJLVJNpt3te7a2XZmmt3FGxW2aRV8sldlxJw5B5yGB5PX36AAbTFHq2oxsjxalexAHaUW4lGOMsy7sbiccBRg8YHSvX7P4EeIPs6ynULFI5YVkQDlgXwQu7oWPf5sHOB1AHMN8M9butXl0OAxTXtrGJGYOojABPQcDvwMAgknpnPPXyfEUeVzpSSqNWum023F2V1Z3u+u2l23Y76WaQd0nbkVrXSWnK3fe67O939m1zHj8X+I7fi3127iVF+VGkLncOB1GThSecHqMAk/LpRfErxkm1/7dctjb+8AO70JwFySB1yCAcE9zLf/CnxdZzQtdRxJHLG/lys6jJUE7cnB6A7Quc7uMZry+5W+SW5txZzzPZySiWZE3ohj+8HZewxwOOAcEgkjy6uCqU5tTg09GubRacuystbO+uq6dn0UszhNXjK6Wmst7KOrUbtKzsurta3Ve1p8aPHCw/ZRNZzQ7skyR88DIPB4JwT057YHXTtPjV4gi2teaZbTKpZRsLId2Bxls9uACOnBbIyPGNGtL++skuIoWmRmZdxGzDDJIUEDeVwQBuOQCTyBVqXS9ViTyhbzKxwxAwWGSMnBDcHt7dO9cM6XTWLVre67J6KzTV2rLS3V6Wud8K0KlpXWiVlHrfl0dlrf08z3NPjnctIi3Gh4XADGMgluON+TzjJ4yeMAEYq/F8adPuJFiuNKkhZXLCRVUkHAP3VHB4HRcjA4J5PgMlhqkUaGWzvUVtuJJVZF4GdwYjoex7DofSSCIr5bm2mEpZlBAySo64GMEH17d8bjjkknHS70S7d1orLdNrX5a9LhVimuZ6uys0tlayi4K6a0ttay0dj6o0z4z+HyfLkSSFnOWMkO5duAd21V4J4zyMZHqRXZWHxW8GsIUadN6uzHNuRvbj1PY5J6EfU8/HkLqjLI6BT9xlZQuOoPBUE469flxgE8VtW0cDSZSCP5VxvJBU7s4YADJB5PUcgnmvNm5pNJ396zervs1ZO631b0v5Lbug4tvmjze6tXztNNrpdW6XbXpfZfY0XjLwPquXlksI2kkG7zWBYrzj+IEfTb8oPuWroBN8OrpVVLywaR9uGSfaAe/y5IH4/nzivjqO1tYyP3a5IBGxhswTtIyCcEE8liOc54HGraWVuwbLFJQ2QgO8YGCQAo6YwSSevYAAVw1K1SMr2u0k7PZpWXdWfLf8AR994wp1FZrtddLLlu1dJLS/urVWvfq/stdG8F3MCeVd2+1lRCqXcec7iA2CCMDgg++QOSBO3gfw9csrQagm2NFP/AB9Rnk4/PGc9skduDXypZW7MDskkZDIFPzujZUdAwcgEE9B3wPU1uQQXMaSNFdz7QQMLcyAn5gecscheeOOe46nlnj60bqNNOKtdPdtcrutGn1ejvola1marC05uylZ3i0tP7rfR6bbNbW20PtH4eeFtN0PxboOsJeC4i0zUIbqZXKsWVWBKoQcMBwcfgfmwT+kd1468IazYRxwTWMf+lRSTCTajqgAypOTuwOQMnoSTk5P4Y6LqmrxEJb6ldIRLkYuJWYbeMkZLdRnAI7jANeo6XrvidckavcALhsStg44AODknHIwWzwB0wBeG4nrYCnUpU6dNxqWbUmrq1ttbu1rNbaaab81fh6OOqU6s6jTinBKKXLZ2aV07216tPs9NP1Z+M9loHizwjDp2gT2EbR3EFxLciUeWyxquYioyd2RnB6DnKtuA+X9a05dG8N3emvKZyuxt+cISBjah3HgfdAOSQM/LwtfPdh428ULLBA+sTS2UzjdG24oSv8LHACk4HPHXOcDFeuXE9zd6ZKJm8xpIkdTuJQIVyqgHqBgDkgkck96+C4pzFZvXddx5Z8kYWTula21uaylf1unor2PayvLnlsFR5+aKldNa253HRyu7fDa3Vb2T04KCZkjmCgqjJgNwwzyCeM8dgMAKSOlf0M/8E5LhZfgYuOdl9LHg5zxgH0AzkAdBz0r+eKC0mVhb7MvM+EOSQfmPJONoAA68kAk57V/Qp/wTmt3tPglPE3ysupSA8AjBxzn+IDI6dAD6V8Jl0FHNqEdfhrP09y7dmvn69Xe5834kNPhyXM0msRh2+iTlKN11s7P/AILR9v3r5kY55znB4Bzk5A6An2OB35yTksdxBH3QQeuMjno2MHjBzjk9OOa0brDMwHTJxkg9CMcgnOSPX05POM5skkDJJwSTkDHUDnA65579M8GvPzi0qsvd0bemt9EtLrXbT1a3PxfDWjGGujUbtWVrqO79d7NW31tYgJJIJznBOTzwTnb3645x0x0xnDTuY/KCPlOSThWGQCB69OOnOeBjNSsrDkggH29R6Dnj098jpwBXwMcA9ABkjjHORkgnHqevGOvy9TD8zi5Jqy05bK2uqbt07bHZzJe8tdbcqtfVJrW691Ky2erertcjUHJyOc9gcjB7gnPqCepxnGOWVhuHHytk9hg84OQM9BgdMdc/LxT9pAZmXgnIAJCknqcd8EcDlgCeAaaA/wDvFgccck5PT3AxhecfN2wRyTwqakk27rRO2vwr1Xrtay2IVVu14paK73Su1dvZra9r36u6SG5ZCOO/Jxls8de+M464weDjOamjcgADIbueQQMk8ZPPfknsOOtRbXbgjAH+yDgg4LHH6k5zu9DUixt1APuMZCjkjnuBzk4x9BjOawbW9ruyv2+G7vZXvZbvVp23JnOL2va8VvotvPd2069N00pFAByBn5cHBOQccnj2yTkHHTB6VZTcTnPJwV55GRjJ4OWPIz0PHJHSJFY92GBnnsemQehHHbncByDVlQeuMnjHrkFeDyOMHk9+SCTnIsMm2la1r7at3jtu9LW+FJrysc05K+uulrtPTa99L6J7p6767jsbcDJA67scng89sckjb3yR24ZhgWBB46MMlTwOoyM4OfTH85vLJIY/KM885JHoBnrnBBPHGMAHNBiO7ORlTkgjuGPTJzgdPXPA5rVYdvV3u9FdvZ2Tv0vu91a9mloYXfMrR0Td7u17JPS+92381a4g4BbAHB4BOR1GRgYycA+3HXkU0MxwABwcHoCQMYHbOD0YA59c04q4JyuMjGexYYznjIXoD256jrSqr9ABkngA8YPU9O+epIGeBmiNBpNNtRum9XdtctkvK9ktb6O1lqqjK2so2vyvbXSzekbuye3rs9LrtYgDacDk43Dr7egOOeDnr2FAbHKtg9wDyCO3UY9QSO46c04545I9+xz9BkEDGMgYzjoSpYy8F4zk7scjpwBnp8wyAMY45P8AdrndKKlaV9FrdJ+97qtv13bevZ6EX962it1em7TfVW79+93cXcz8NuBBO3HAB6np1GAAGP052k0Nnq33mJypwCduccc8e55GevTLAjdS2GHJC8kEYyOo5wOnXGOnZuCnO4knOeTg87c5z93B74xkZGOawqU+a9pS6XdrRtdOyle13t3u9LM1Ub2t5aRaf8i0tp9m/XWzuurzk9t2SN3I49Cc9cE55z16c1EGGSAOQSD8uMgtkZ9evHX2xjAUhlAC5PfdyAwxwR04z0JJUZ9CAQqQowCeTuK5yB1IOTjtzn0PTnPBOnJuNpSsnoryfZp216X0/Jpm0XyxtJKWis3pK/u6Le+zSWlumqEJ24zgBRnlixyD09MkjsAfpzS5wWLbc5woxg85+nrxjByAewBUjk8Y4BPHOOPYE46Enk8dxkNPHAAPOCfTPPUdQcnPcjBwegnkmpSkm7X0STve60W2103va70uRKcWoXVr21t8+XtdaX6vbfeTzTzk4AJwq9CQcHoDnHqPY5xS/aXUEbzg9M5+mSvboOBjjjNQlRjORnPB6EjgYPf5j82R14PzAthsiqQDzuB7jPIzyRnoPc9d3TgVUHVjJNy1Wyu76Nb3aWlmum932JcacmtFr872t89dVZ7rv10Ev5kCgMc+46AgAn15z14x16mkF9J1LFmB7ZyR0A2kj685OOAQSKzSck7WJBB68Hkc8Drj68duBkKPl2bV5IY53c4J9cdT3zz8w55rSWIrqUPfnbTrfrFWWlraN38nfoTLDUXf3Yp20W2z20S6JK++qXVm2uoFMExq4J6bQe3BxyMYA796euoW7ffhVWxgAdxxgHbxgA9mIHTJzk4i+Y2WJO4K2OSPqTnIHA7+pG4DFIAQcYHONxHv+WD34yfbkitVi66nFc/u3SipJabK32tvx6X0M3hIczSVlom+ay6aa3a22dvlc6BbqyKqrR7MnG0AZ4BPOM8dQSD19eTTWSxkI+YpkYwGBA9MYwe+TycAcEHOeeG5eAcAA5Ixjnvn0wexzjHYYp6FiT2baCTxnvk9M9j2yACeldf1yaa5lCXvJX5bLSzte66W8lpdtCeC5Wmpy6au9m3bXmvbpd76dHozoEtbZm/4+QCM4I/iU5+Xls4OOR159s0C1iy2Z+OcnA6DPQksoYDqOc5B7ZrCBZTuzyT2BOducHuD6cemOcCnfaJB8rEMcHAGBjsOM5z6Y68+mDt9fhe0qcGnb3rvyu3t0163bvYTw1VJWqN6W2S7XW23n2v1djY+woxXy51wOxA5J6nk8HgbucZwR6UCwmACq0YAy2WxwOcAnIxnrkkg/wAJGTWZGzFuuC3bJ9Bu/ixkdecDj+IZzcS4cYCyZ5yQedw5zyTkEY5HOQcex6qVehObUoJOK3UrLVJ/as1stra32e2LoVVZc6bXpfZJ3ej1/LqWWsJEAKtGR3BYBvduvI579MDAPGa5sbgMchSCc8MDxnjjnBwc5IHGMDPFP+2SbhgBgc9Sfu9xnJ7++AcA5zTftUhbd0JBwORnjBBPAwfxJJ7E8VJ4aTvGMorqtX1jfV/jrf5bkKWIf8vS7a06LZ2V9Lvdro30BZsBh2jGSCGJyMk4ycE5yRx159TThZTEHaIwOgxwceucAjgZwcf1pjXMwwCVXd945zz0ABHQ/wB3phQQfcF4yKfvHI+Ug4LN0JwxGAcDOeRnIAPNSvqzveMkrb8zT6bLr1737Ciqqbs46NJJpqyvFbt+9du1v6SG2nUBTEPX2ODzwCM5xuJ9MnjJJrSxSKCShUjAyV42nPI6ck47EHGfQVdW8djudiu35RlxngZOV57enTrjFT/aEZfmIYkHuOM5GOfc57dMcDil7PDSVoOSuna7V76XTej6fd0NIVKsX7yjJaarVtO352Teulr974bBgODkHGTyMlSNzDA49+cDGMdahYMAvy4PGeCQAec8kAnGCOg47Ka13WNgNyDAXPvk8jGQMnIBGOuRxzwoSEcDkYOcEHnp/F83GT1LYGRkZxWTw8WtKkVorXaa7aJ+umu22parOLTUJXWt7enl166+XUw9rHAIOSMbsYz8o4+vUemT6cmMIwIG0+hyDx64YLjkcEj/AGcA8mug8iBuQcEepBJw2CMZ42nI6DnucAGvJagt8rA4OQCcY64GcKMAke/3eMNXNPCPV6SWllFpvW1/TW2lktGt99o19Javz5l0vHRe67db2d1e/VGSNw9OOMZVcZGSSMZII4XAx0/i6m2TJbAG3acMFC4K89CMccD2Gei1eNu3O5RkenUjnk85A5HQnjgZPNOWBwANuSo4Ytkk4A27RnJAIU9uOQBgGlh5811de7G+i6W6J9bfLR7bU6lld26aaX1trZtPTt3fSzKcYb7zYyR0AHAySSTn5ufYtzjuALaKGIJJA6kAHAJ9MHIIyMZ6+p6VYWJhglUPBAwcHPJ6jn5Tx1GBxxkA2Y41Xj5cnGcADgAcYHLAfUt6816uFwl7N1NF0S1V1DRrZvTVNtabLZ5TxCV1ZvzWjvo9E1a3bqtHa90QIrhQQpK46kcnOMDJx69QSOvI5q4kB2guOnQHqCcAe/BI4PJxkdOJlZQAMoD2GMqVx8uACM8DPGMY+YZ6y53bcbTyTuLEbTngnqcngAFSCecjnPr4ejTi4ptybS1WltYu3rpp112TscVSs9PdUbtXdrvda9W9PhT0VtEkNSE8kjJJI3DCjOR0wcnAI+7xnOMkV4J+02DH8LLg7iSup2nODn5mfAx83I4zjHQ8E5A+gVYk5Zio5IOAdrAZG0DjJxgfnnivBf2mYnm+Ft7GmWc6laMBj7zZOTgYxz+IOeTX2eR4eEa6nTTdqU3t/dj1endp67el+3I5v+28sjdP/bKWuvRq+vRarTZp3slofnrc63p9ra6j5lwRO2jaXlVXIJSVyVO3GOeOck/UV6rpHxK8PSXfgGyFzMZ5fFNpLInlOu2PYiZYgA53AgEn5hgjrz4M2maq6XskNvbvFDpdqHaUgEoXOOD0JxnGOeOMjjo/DehPF4k8GSS/ZiT4ksyyhfmVzghBkn5AcHngnHGOv1NFupXoRcOZKpTUXyu3x03q7W1u7vq97W1/a8Zg8LKhOc5Pn9lUk4xas37J6STi7JWV3dO7tofKPximQftN+KbmIFoP+EpmZckncpVGJ65+YHHbvxXvvgr4sfDDSUhi16dkuba9voL6K6DPbC3lTaEt13BS2704GSecV4D8a7dY/wBo3xIschUnxK/yoMA7kRQQTjA55HBGRj1ryjVvC0suq6nMkykWt80nluGd3MjcYUHBAwDkZ5OB2z7OIwcatV86sqdWat3vOzVt2kt/JJ30V++NOliMvwdGUpwSw1FtwajNLlh8Ojb2SsvNJ669b4y1i01PVpdZ0ycHT7bVbiS0jjyAtks2+HPJIdlAGCMgkgcYYej/ABE+J9n4w8C6bPHK1qulX1oEhJ3/AL+KONDLlhjICAgHdyMg9K8LbSLg6JEgDKzvcGQIhGeuMgnGD3BAJJySOTTpNKlm8DSW+HUJqSnaIyTtAGSecclc5YZ65z29Cpl9HlwcmpXhODbTabSUUr6/DteLWut7WZim4Sk1JPlfKnJXb0ilu027JXbvqtFoe3+EfiFbiW6mvr971x4WubVHKFmUOrDBGOVG7O7k5HJ6VxPwi8eaR4f8c3kOpXUj6XfXkHnRxKQzlnDBWxghcnGM9CAO9cz4a057YairRsP+JHMqlo2XllJHrg89jxnHTFeU6Tol7DrTzFJAxvLQr+7bBBkVdx6hQDnkcEHk4yRpPAUakKlFwlOHs4z5ZXcb2u1vqm7aX/K5lTmn7WcuWDkoxlytJqy1XVSukr3Sv66H0V+0P4t0Wa/+HUjbltbXUb1/LWbY4tGvHkjZT/CxDEZK5G5QSSVJX9njU7a8+NlpeJcB7eaS9e3V3LusQt2Mas7clhkYzyewPBryr48aJcz33gqKKEuoljt1kwzgvMEcgnnu3I+XJA55LHsf2f8ATn0n4uaZBOPLdFuwNqFdo+yHB6kqvoMMMDjgAiMvw6jRo2hLmpxcd7PSpdK+i2tbvrZsMYqf1SSU9JUWvfa5ubS+vZpXd9Fa9r3PJP2o7yCXx3rhUkl9edkIZcsBGVJAJ6ZH3iCM5GSM18xeN5yb2yCpM23ToRlOV3YB65I4+6cEkY7DkewftRzWQ+IZVkllaWa8HDlQJBeZLEA/3TjOOBxxmvn3xpftFqcSW8kqx/YLcBM/eIUdSR3OMc984IHOmJUpNRS95yd7yasvdtot3rd6ppq17O53YKCpUcPK+jp2euibUNP7y1t83rY/Qv8A4JZ2bT/tMQzyJMoh8LatJudQEBMT7QDkDGQCeSMc4618k/tDqH+M3xRco+xvGGubGXJyTeSAYYAgfLn3xgZwTn7K/wCCT1zNN8etYnmkeRLbwZq8mGYcEowzkYORknnHBzjBr4K+OOpPJ8WfiRcSTs0TeL9fEaggjIvJQGbnrjC8ggqCc5OBx5ZRcs0n73vSjNNLW3L7Jervfd+fdX8vmlLP8dJL3Y4HAqNr9Z13ql0eisePSWRuJ0y7mRioQlSeAvBzk8DkEA8BV79fW/jnbSr4f+GMaLJIV0SUFlUc8gcD14I9QCpwQc14zZ6pHJMNzyBldipzyozlf4dvII4J74yuRXtXxsdJ9D+HKo5jJ0GV1LEjl2OD3xnr7gHpkBfuY0FTSfMm79dLu8bKzbvr2tbrvc1qTbxFG92ottPWy0Vk073eqasrdj57htLt4y/2a5Z3SRQBH0UA44G0HhuWHGMkAkgV7v8AFO0nuPht8MbVbd5ZF0q6yh/dsH3jClW644OMjqMn08s0W4S1hVZpS2AxLo77vunGQSdwAyQcZPXqRXrPxTuLc+EfhvPLJIwFjencrkNsVlIYBSMEfQdT97muhuKjJRvzcqbTWlrwT07Lp6amM6tSWIo83LGKm2lfpbd2WiSu9n2V9D5lttG1RJPOnsGYxqUCqck5GMYBx+ZBBXBya9x8SaVfXPwK0C2hspHuE8RTsUUFiqHGOc43HDHgkYwMD5a84s7iwuwziWVYxtAzMxJwCC2CxORjoT65INe0+I5orf4GaO9rK6412U+asj+Y4POcknClgT0OBxkcYMP9vku/cb1vrdxTbv6JLXv3VnXqSnKlHS6qx9671XK73i9LeS2aejPmSz8Pa3bSqq6dcqpZWIKZOTjJDA8bRnIx6diQfoHw3pupR/Cz4nKbOcSSpYBI5FJeRgXDdMAY6EHPQZG4GvGY9Ru7iRZIry4QhlVw0rEkKOTjI6nqVOQM8g4r3nwPqNxc/DT4ms805aAadh3kOQXLBinzHG7GAWJC4A44rpw0Oeb0v7strp2VrtXSe+7110WhjjJTSp6q3PTSSbe8oqyV7WdrtLv93xYtnrlpctBJYXEcLMpUCMjDNycHJHB6Annpng59n+Fw1CPxJZRzWlxEjWV+EeWM87ogep5wWGOueSAADmufuDb6hcKj6lKJFZAo3jtgk/KPmJLAdfQN0zXd/D5Gt9dhMl9czyJDdJFCvzBEaMjg9uc84K9z6juweH/ewnbSLTsutmm1dJfJWvprvY5cXVvTnGT0ce91Zcqas+qtbp0S6NefWKMPEV6kukXGo6et1cPdIkeVaRJncK788tgYXv3GM16L8EfFF14Y8U65baXZazp9n4imSW8C2h/0GK1k3RqkpBfY/K5DAnuMVxFrq1lper6rayandW6Xc9xMWJwBMJGAUk9DkgN6g9utd7o93Po2q6ZL/bFzdfb57UpLbIjois4PkSkLgqVwrA5JxxnGR77pxu2o8s27XTaaTSjbdWSX3+tzgjN8lpP91FWdtFzcqjbR39W7pbW0uVvFXjlfD/xb1zU71btovttpJueMm4WLahyMgEDHJyASD+Fen3fxo0PU7h55oNViNrZTRWzR2TEPFOmC77oz7qT1UjOQMkfPvx3eMfEu9kSW4Yztp5lZQNpfyo2ZWVlOMgEdAB7gHPpWm6/4fihsprq9bJtfsz2yCATKPKHyyIVO8cc4APTJx09LCr2cZqcXzJJNq+jailb3l17O6u+lkcFZuVWi7yVk9nayTjvaSasrL5N3u2R/Ee30HWdL8L2LRXvlXekPcxstmxugouGkYP3UM2ABxkA84JNdN4Q8QfB2Czt/DWo+BNTu0hSPztQW1eNp7jygoMpY7nUNwVVuf9k1478WvEc1t/wi93p2oTwxtpsypM8YysJlZVVNvRV4GPbqec8zYatewKtyfEJZZY4mZASd5O0k9iMk56jP0xlcrvd8tnZ6tLS6Si1fRWTuoyb6eTb0hGzSau2k7Jwuk4yvbTRt220Sep9PfFLVvBuu/D+20u10+TRILLVoUsWmhKRqq7A7lQNzsoGOScfQ1s+DviUNO8OWOkv4xEUelkRRldMnklmtyBjBVeU28kYGMDqOvgHiTU7vUPh/pRW4WaY6xIHmkTcWUjcvynPyryencg5xiuy8FeMNU06H7e8eiTWdtCseLmC1XcyoImPlyRsQ4YHJ6cVcY87jzSa5Xu9LxXLdX091ddN9rmLjaLXLreTV77S5G+Z3b0vq3pok2mfQF98Q9I8RfD3xlCfELywJpd1awxPp8sMZndWZZCzYXoflHVWIJ6bhzPwrs/hjp+m+G3j1+8g1W7hs21uKGLcGupIwiJtGGZMEDqRx3xluX1XxZLJ8PfFkk8WlJa3+n3FxBHaRwsyyFtnWMcEqcDJwF6ZGRXg/hjxT4rg1nwVBoyx29jPLp00k8dqjsksbID5pKvldgZijAnjrSqQSmpRvJKy66WUbNN31630Vm1bqZ0U+ScZSkm7S913dmoJbp6N2ejikm09E2frr4svNDHw28TaRaXWoME8O3iqrW74dXgcIAcAgksvU55zj5TXyL8QNP0iX9nXw3BcW2p3MkVlElrFFF+8inDAI7KcbgV4B46qQe1dn4n8ca9qGk+JBf6iYrM6ROgkhgEYeWOIhnBAAUEjGBwGPGAa+JvjF8RtRf4d+GtHh1i4BnEQZdzRpHCi4H3CCBuwSS3Ug9Dz11FP2LUHrJNKzb0sktL66Jrbqr33fn0I041256ShKTSbu7JerT0bWqs9dknfhNP8ANj8XeHG+yXkKRXMSys6jMLIpC+ZgbSzDkj0B2kjBrxHWDPJ468SQ+RcSR3Gt3QLLHngPuJPA56ZHfLdia9Q8EQmTWPD8j6pJM91exNKC8siygDALM7tn8DnsAAcV5D4r1bVNL+KevWdlK8dudTnAQx5TcxwDkqSMYyRnkE88itYxlHL1zRS/eWfdyfKrSV9LLr566l1JqrmL5Xq6MXZJNNcyWuqTWuttFo1rdL2BbaG5jsIGt90MMAIR1Ku204+T0II5BGQOfXEHxlt7ZNV8JeTZRQINGjGyPC7VVFw7YwoPXkY5x754V9Y1FZogb5iyKCSgO0kHLJzjA5JIPy9znit344PqCSeCWtbh457vQFd3YDhNinA+XoSG45PTBBUCuWjgve9unafbTqotafgurtu0kdEq3LanJt3b1dt0oOK69dHumrrs15K8Bgvl8mEgySSk7Iy4IYHDbhkbSQScZB6gjpXqWvRTv8DPDdr85d9Y16IDY25TI6NnHy9l5JA5OPXHkeg3HiHUDI63csf2NlVmMK/MqjlUbbliVODzwDjnNfQ+pNdN8EtAnRglwNd1eJZHROAeSdrLgk856HOWYjgV6GGhytt+97ybfX7KetrK/VNJ777Hm4rnlJWi4q91ePLzXSu0lbs7WtrqnqfBd3p8Qv5mSN1U2sapiI5LAkO2CDwuOew4yOtfQHwcimi8A/GGJBIQ2hj/AJZsrOSDwo2gvlSeME5AIBHA8Qj1XUH1KaCS7dZlkkiVmgTBVXO4jI3KFGPrkE+/018G7mQeDPipHczGYroDGKUoqgMAwDNgBWOTk5zjGeuK9GhSU8VzLls3FrS2iUW9m+/ZWsr9jLEV74aVN2v7q5tEtHGzeraXyV9nrofMHgJLt3uYWtJ0ja3Ys3lHBIY/LnGfmzuHGOoz/e90+B9ndp4t8USSwXEJl8MaoqExFNzNGAIgTjKkqvQ4Lc9OnlXhO61OO4u1uLwNG0TOQGUk7XZkwcZGejcjpzkGva/ghqdxdeLdbS6lln8rw1qzKr4Vl/ctsOAAARgjk4AHXJwPd9mr6RV2722s9L7aJ9b6bddT51TacnJx5XstVeV43jotE13dmnfY4GbQdbmuXVNMumLPIZo1RMFfMYqUORkEHt0DcVzc/g/XX1S0nGjX0UFvqFrI0wQFEAlQMWcHAVeueCO+cc52s6vq6zXMtrqt/HJ590CqXLhsJK4VdoPAAwozkHnIx1xbLxL4idrSGXVdSTN/bJKpndi6NKM7yWKgHPpwMDkA51jT1XM0no+rbso6O+27+/zMZttOUEpO+q1bdmrp2Tad7abO/ZWPevjvczT+O5bdILmZI9A0mJhtzuItoQUAI+8cYwRkc9MA18wjTdR+0XRksbxIhJlMxYTJwqgjGMgHHPHb5h1+gfjbdC0+IVjL586CPQ9Kkdd53SSfZ4j5jLyxHI+p6Hk14+L7Ub2e7nW/njgMzOsRIySPucEfKoA4Gc/d6ng7KhJtNOKXT4r3Vnt+GvnshSxSjCnFpPqk2+0W+99u1t0mtT3r4227nwZ8GVaOR/L05w6eWzFcuzcqAcH6YOM9wa8j1qV7bw7dOEZAkO0IInJAJOA2AcDGCen8q+hPildXEXwx+Flzbybr828imV0XcTkkDDAheu0gDbjI4PNfK3i7xb4kh0Vbb7YCbgSR3Ua26Esq5bn5MADHVQMt3xmsoYecppR1UWm9dbtq+y8rvd269SquJVOk00/eS26NqGvRpx01et7pdj1D4eTPd/BnxhEkbktqdtkqhG4bMsxz2z1Azz0GMGqHgfwZba/rUVhq81vpdgdjG6uZY7ZpAwUELIxG1gGDE8ZIPPQVB4I1K9h/Z78d3KtKty2q2qRvGoUplRnaQDtOW3fKVz9ME/L883iHU499xq16yBnKxmWVWXghQDGVwCRwcAHG3Ir06mFm4e5JRunq05X+FO13ZdNW76LqebSrU03zR5rtNNJJaKNuZ2s9ZXvfRxV2fpVoPw00bwj4ulvNB1m31Szn8N+IIZozeQPMh+wTEEbMsVOAVHRiOoya+MNH8DxzpJcyaLfyy3D3KiVHIBTe5DqCAcH5RycL1wR11v2bbfUB48uUuby9nVfDGvSAyyTyoGWxnAysjkcHBHIHoCa8qh8UeJLWaWFNavViF1cwIAWCRgTN1AJPTP4dMZNXhI1MPJqFTna5XrFrTffW97WTTu7bGeNcK0ebXleytbVWSv5Xs9bP1R674d8BrZ+L/D1zDo97bmDWdOaV5JQVCmeIhupOPTtjpgcDQ+Pn2mL41eKJY7IzbYrNHbcBtzbxopY9yT2OMHp0Jrz7wzq2rN408MmTVb6cPrOmBwJT5Tg3KcH5jkjG3BHPP49X+0RbSXHxi8TM91PCohsiRvKlg0CnO4HaNoAA4yTgjpmuiVWpPFRckn+7dk794fEnFq2t7aa9LpnDCD+rNSenMrtW8v5k/wCZK3ob03iGe48LWGlQ6ZK8kQIlyV2gupJKuc8jsQWwSRnABr0L4qRww/D34QLJdNaMYbxiZOQT5qs4WQYGFBIJBwegB4r5CJFoqQpdX00flvlxcOBGzq2W2gnJxxznjIC4yK+pPiYtqPhL8DppRLcDbex7ZHyWEkpDZc8ngcgkEA/lpVgozhNKKtLVd7xTtouiSulpo0jnjh4ypyg5uz1V0tNNrLq07u2raR12h+IPDdhoLySXsEqFWeLK+aC2whxjBGc4JLDP5gHmPhn4hs9U1/xtBb2cys3grWpBMIvKjeNFOFUdCCCT0w3XGAMZWnafHPoiwRi2tbZHcxxnbISpHODyxbOemT2yD02vhP4cvIdX8WSG+MsTeCNaRY0XaFJXgE8YAPReuO3PLlUXs0m3Fu1r2S3SVu1tLN/kyMNgXCs3zSd4pO8UrJyilG/m3u9dFukeEeA4Lg2c00GkBVNzKgYMo80+bJ80gOB/sjqACCc9D6BeyX4ktEGnT28cl/Yg4IZTidMkcg46ng4HPAFc34C8MSR6XINQ1K4gEpuXwkx2IpncqSNw6jJzgdOuASPQ4dLsbXUNGifUrmd3v7ERBpWkRh5oGOpI6Z+brjHc46qdSEqUtb2Uk7tSu+q1STvqrLrpoZPDVI4qDu/iTeiT1cdXZW10Tt/N1Z2vj/xLdW+r3+jQxRqkMkLu1xKkexpbeLGA3Jxgn244wQDJ8A9dn8P/ABg+Hs8+sWggXxPp1yIIZleQEXK5TAyyEhgFxkEcEAcjyj44HT7H4la9HcxzSM4sS37xgBuhQ7SocDcRxyRyDnkZqj8JNQ063+KHhKW004rJFqtk/mM+7YPtMZL4bcPl5JYEt+PFZZhSp4jI8ZCa3wdVONk9JUrb2bdl2s763bsOhGpTzinPm0+tUm49VecVdO2y6p6bM/oD/wCC1Uceo/CT9n65tt7s9xdTrsTeymWyt3LED+83bqCSRX82+pWdzcSRRi0umDghyIGKllJAOQpyDwc88ZPHRv6N/wDgsTrlxZ/Af9mnV7KQRGaJg7FBIhZtPtgO23JyeQAeBgen88Z+IGpWtxCn2gSbmLyIIIwBkZ+UkHb3z39T6fnHhdTkuHYwjZqnisVF9UrV7d77b7rXR9D6niqulmMd26lKk77btabXt0sujsrrV+YalaXEF2qPa3MihdhzbybAxOOcZwc859CPTNXTZ7tX092hmCiFM7LdkIcAdyMYUjAGAOpzjrNrXxNu5bueOKRklMrMWeKFlVQT1wgJzyOPmA4HauRvfHviG4vo/wDTcxfIF2QKuRnLYIUEnGeSO6g5wSf0NTmudJLlbSSbTSem6dn2tvr0ufPzjBx5rqWqTtKNl8LsveXZLVq3boO8aWpfxDOfIuJB5KKGSNmAOPUY47YPQ9MYzVtI5bTQi7W9yo8rYMxHLtnJwDnHoD178n5a5TVfE3iWPUpWivtscgUhSkbO+4Yb+E4Yemcc4yTijU/FfieTQBC9+c7hh1RFKqDjYoK85xngjB74rpw6qScUtbJ6LpqtNI313tfV2b21mvKjClJt2ajZWXNso6d77a3Vr/M+xv2H3Np8Sb2effEB4f1DaZAYxgpIf4sAZOAOR157Z/U7/gn7bLd/GPVcfMRfalfKwYFVIeUZLDIUMOMnHpyARX4y/sl3Gq6x421eO8vJ3CeFtQIZSUKsYXCkquMDcAScnvg55P6Wf8E19L8RxfGuae28QSQabFZ6sb6CXc/nyl51gQliSq7wBjgHHQE4ryc+p3wmKfMoNU0ktXZ6b2Ts7qy31eup15PXpvkWsld9H/Krt9U+1rt/idn+2VrCT/tJeNXD4FvDZIRuDAMbYLwRndk8DA3HHOOK+d478Lp94Aq5WFULZXBLneOhxwRhiMcdCK3/ANqLxBql/wDtDeOJbm2hkKXaWzCNgmfs0RUEhscZ5OS3OMnnjymy1KaXSdSE9ncK+6PcYiJQAcFTkY5xtyOvXGM8c2Bw81hKF5X5acG7a3ajF63vp0e+uy6vrrQTqzUUoRcrpXV72TTfVJO60W3XRHSzSbxE6MoBtWU8ggjbk5I55UHnjK5B4XNa2l6kYdKt7VDGVKupcdUDSD5T1POQeSAM4561wh1G1SykfzriOSMxIwmiZFCshzj3wcjn3wRwG6XrcYs5lEiEfaBGgb5WABOO/Iyec56cgHptVoTqRSSUXdO9m9Uo20jeytq337Gc1GjZqybWr3skot6J2Sb67q51NpaiXxBYbv4JJySSDvDE/O3bqenI4+8eM7+oIiSTqrB2W3nztAAY54XgDjuTyT93p043TNUVdZtkZw8recQxfKjJJAJPUj0POD1yDnbk1RojfJdIpItZtrIQWzIfl5GecdMc44zwQeWWGrcys2nZLmbu09LqWl1dKysrX0dtU7i24qy25ZWtrFrl0bst0rq61Tu3syp4tm8nw1aqoH72JTgnncpUltv8IyTnHTr3xWbZIXOhbHJZ7dg5XJzkHK9AevbIGSoDdTWBr+v2k2nQ2UkzCcRoiRPlQQw3HAPAK7TyfXpzmu88NmJ28P8AmKgjNo58wldoGzg5HUkjC85H541hGph6LlKS1tZNrT4fLRpt6ea02Znzc7i+WSvZWtommk02lu7t26aPrczpbJWs7lihD/2gIyxU4AJGCTg9CCCecY4yRlaGoWbG7gTaCyq4+6Av3Fzhcddx7fr26e6lhNhcIGJZ9ZKdPl27iTyR046EkcgnByRWjRDrUUDOrEedtZg20AqCOvOQNwA4UButczxdZ6x001a0V7qy79Lu29tE0tdNrar3uVWvazbs2022rXu+7vvuc34bgdbq6iOXMEMjleTySSc8HHUjAzg/jjoba4mE2xVOJPPuWULlTGq/xAZyRjIycnqd3SjQBAmta8gZCRBJkducE4H5cA/wtmuis7BLe7QMFZRpJfcO28NnH1zn1OMAYGK66eMc0lUm4Oys1dP7PldX3T/4CZFK8U1po21s7cqWulno/KyTb104T7Wkq2ttccQtdyfOOAPmPUHGTuyMDkdjgivTdB1n4Z6d4T1fTPiNr17o9jqNzcx6abONmknuUTMK7V/vHqMgDgMcV51d6bGr26khStxM67Rk5OCi464B6YJx6DIx4J8fBcx+A9PkjEqz2viFtjRo8kx8zC5AAYgcBiRn8QQDzZvhaeOwsKM63soOcOapFqLsnBvfS2tr20Wh1YerOiqklT5mo/Dre9otrTZ66NNW3V1e31R4N8beG9Z8Z6Xp/hTVrvVLSx0N7TzL3iVHVxlMFQdg2kjcc4B7nI5X9tlohceBluJxbi4vvKe4ZgBGFgjJbbt4wR+uT2J+bf2Obya8+Is1vcSyTmSeKKMyI6MyBiZAAwBz2bI554wMD2n/AIKCadqEkXgVYkZ2uLy9uEQkqBEgChSR90jaQATnHOTwa54ZXhsNUwVOnUc4Ri7zbV3ole+zvd7ab9NAWLq1cvxVVQfNzJKNm5NRcWlrd9L3bWr33GXb+FoPALtp+q2r6jF4buPtEn2lXFwxBGQAehGBgev1NfN3w/8AEdjpPij7Ve30VnCrW2+QEABcBTnGBnOT+uPlBritEs9W1Hw/fz2ML3Fx9ljtEtrd5JHEjuU2qgyfnIA6cN1ypxVHUPh148MMV1/wjWqxL58EdwVsbrIIC4OTCSQQQeN2CBnOTn0vq2WUqUqVXEUoKpL7c4R5na1ldrVpLXp6o8uWLxUo0pxw82oqO0ZNOyW7sld6dVun0PtvQfi34Q065vCmq273HlXSMJJAqy/aAVQ8jksTjjnvk5qL4c+Ml1Pxl4a0G08rzLXWbjUWaIgsIpP3pDgjJG08Yz0PTnH54+I7PUNP1aSJYLlbqOayEqeQ6S7lkTMYQgEOSoBUgE8KMdvr/wDZ68L+Lh8c9Oub/wAO67punHQlu1e90+4gQrPGEWdWkVVKMxwjAtu+X5vTycVkmTYOrDFe2pudSEnSUqkE5OytyLmu72T0b09dezCZjj8VXp0ZQlGEakfacsZK0LxvzK1lblTu38+/R/tT2/2nxkS0mYzeYYbgMB4+vJGTgkDA7e+K8O8F6ZAukeMb8zMF09bcRB8qkj+YucE7gPunt0JPcsPZ/wBsDStQj8bLa6fZapOzmE7rS2nnAZ4FTcVhRmOWO1icjkbsZYV4JoB1u18FeLNIu7W9tLufyLiK3ksLhLiRIJArsMxhguBwSSCB2wM+vhJYepg6dJ16SnJRTTmrtXTVtdFZWi7Wv11Vs8fzLMKjjCcopaNJyjJKK23tZu73Td76ben6PrVvaH7YwSOZ7OWOYGXduzEQu4EnGQBgcckk+tdTYSKdI8MyPFaiK4g1E7fOVAzeYxLEqPvAHCg8EZySQBXx7FeauJpFUTiNocshhudwwu1crtyvI4285OTjNdYsmv3Xh3SotPkuZTby3G5lW5BjDZPlKdh5OTj3AHqK562UUp2i8VTXLNPlTjfTk0eru+rta1nqrWMKGZqjOV8PUk3FLVWTs4u92nfS6SstXd2ufox+yndI/wASL827IN2jz7drBydhKsT8xAwQMjnkA8GvDP21IWm8c3Miu7lrCHKnJQFW+8VAGTyeucg9eeOp/YYnuW+IWoiYM1xDodysquX+V95BUByCWHVgCB1OSWqv+1pYz3/j+G1hQPcXcEUSRIDulkchUijGOXdmCgKDu6ckk1y5fGngs3kqk4yjCjGbnoraJPXVXW/prorn0GPc8Zw85Qg4uT0g01LdK9tbrW99L+h8F6fbscO6MAYyMtxwOuMjHH0wSOgIq/DChDlmO1yyKSOgVT1H06dBznpgj6QT9mb43tBHMvwr8ayRraLdfutEupDJbMu9JgFj5jKHerdAoB9q8b8T+CvGPhcBPEPhnW/D6O0hgfV9NmtI5SDhkieWNVcgHDYyFYk9SQPqcLxNkmJxEaFDMsFWq3dqVPEUZ1G7L7MZN2WqdvN6vQ/OVlGOoxdaWHrckXeUuR8qvZWcuzvZaX1T6WObhujbxrHGzM43bTvIVD8wB6L1xzyc5JzkAD9a/wBjP4w/s++E/BdtpHxB+F2l+K/El6063msao4ZYB56C2uIS2VDQqSWAGcddvU/jsJpYwUkj3YOS2NgUHIByS2Tnof8A6xPfaRqqx6dBbQR3PnW26WaWFpGAjkwSWEZztIO7BG3IUNjmvA49yKHFGSTy6ONxOCUpxl7bC15UKiaWicoNSkot6rmV+iSSv7OQYyeX46NZ0uZcvLySV7XtGy0ldro9PSyVv6sv2vvh18P/AIq/sSTWfwXsPBFrrN8bDVlsNOu7DzsQIPOkQqfOSdw2HUybSQQFJr8Hz/wT/sPD+gW3iX4s/EzQPC0Wr2El3p+mWN3DdXUUqqDsuwjZjH3iEU7iewr57sPiX420rT4otH8R6tFYLbm3+zC8vY7fEvysRGZQrYPGAOoyRgA1zniHxd4w8WJFaeINcvL21tIiLSO4kkKRIOdincCecDnp1+bB2/mvh54dcY8K4KeWYXihYjATzGpjJV6uHlWxkqdRQvR56tScU/dTcrN3baWp72a59lNapz18BKrVdO1pPlipae9eNtFfS/4XTfE+IvCfh7wzruo2GjX/APbllZ3EsNtqYOz7ZCowJgpYlc8E4OCTkdCBRgu5knSMR4Co2NowcAnGQeVxkEEbh94HvVya1Xz0jZeUj++uQpUYIUZYjccZJ5B9T96qYMT3PmZZGOUYFjkAAggdyDjg9+i8V/RNGM6dKlTqTc5wjFTnLkTduVyb2V297bW2R8HVrU5VJOKjTjJ8yirNJXWiut9bNaXs27IvrqjxEOc4A2sFXBySQOR0xkAkknGck81l3F60xKMfLDrnLDLEjncR1+g7EHOVJYSSAyQsSokjWQgAA5OMg5xjke546YPNRS+W53eWQgXa+Ny9c/dPC8dehxjAXk4fNJWa2TWun2mrtd0o6f1c542lLRrlTTWveSi2tdVotnbr1NK2HmaYY28wB3wsgXbtXoGXjqewwSOp5JrEhtQs4ZZZBt3K7Pkc54YFjwMg9OecElsY6iK6jayhtipYQnCkALlmAbHIzwD3yByRjOKqW9vLK+BFuRfMbcFHGCCOF6AHGDxnI3YwN3m1m2pXauk9Nr3Ub7Kz72v9ysdcb3jZt3u3rbqrppW37bappdD9UP2aJSfhEqk5Rbl9znG5sKu04wOTgZHc9QTkn1bX7xFvNPjLDcyEhSQXKiMfNt4yO5HJxzweniv7NMrn4TSpsAInmxkD5TwBwcsdvXPfODggmu28R2skWp6XKzu4MDbiCQdxQdCWxgfhxgAYxXy1GnzYmtGTs1Um0+mqWnyXXpr53+4otQwVFpX56cbu+ujjZLo9Fp56+Rt2V1Et1aMh+55u8pgc5PDHjOM7cHOOeRwK+Lv2o9Qil8dRPJEGC6bFiQkBlzgAjryOOcfgfvV9RabPKfspzhDdypJnO7ZnBBPG7OMjAI5x1r44/aS0rUrrx3ekBlggtYCi5YHawVsEbgduc8jByFzx09DBxSzWgr3XsZNO61d4J33v3fbydmeHnk0sgq9L4qD11WsV+F09XppZb2Ov+D3i/wDZa0DwPI3jzwt4p1X4kJe3Lw3VtcmOxS38s+UFUpgfMRuLDBBzjHTnPjp8TPBHjzTvBmmeEtNg0jT/AA7bSNeObZFv555ZCQs0yKplEYZVywJzk5HWvm5dIvIZ7ZiyBpVOIwcAADPf7uMA8Y2g4BPNc/qwuLSXyA+0NvMiryoIJ6tnIJPfseOpJr14ZPhoYuWNdXETqubkoSqzcIuUYr3aatFK2yt5rsvgHmFX2MaKjTUNLvlim2rNNtXvfS9l2u9Gl+sv7Jf7Z3wP+DPg6Pw74v8A2c/B3jbV7Gee8TxLewRSancPgmMO0odFUNj5cHII4bnPm37V37TfhT9orxno/jnwr8MdA+HkuiWCQ2mn6fFBBa3UyOu6e4SBI43OBgZXnGMHv+cNpJKvlASsrSZV9rPgZHfn0AxznBI4zivRNF0+e+0qdQzNIsyojHJAG7+E8nJ5JGBz24r5/B8B5Dhc/wARxFGOLlmOIVTnlUxuJqU0qiXPGFCdX2cFJaL3El01R6cs+xlTCU8JL2KpQSStSpqT5WmtUk79nd77vRH1Fb/tuePbaC50y58M+D/Jv7Ky0i7ax0u0juGs7BBErKzRuyzuFG6UEEnkggBh5p4t+P8ArvinTofDUel2mk6Ra3dzdwSx2sBvC06SKAsyR5UK7ZQHB5yCSK8/sPh5JqBe4Ro1eGUKVydzOfvD1AzuI7AY6Dk9lpfw42vM1yi3ABRRGSUbnBY8gnC5wO/APFe/RyjLMM6sqVJU5VXzSvKTbatfmbbs0ne3Ra2TVznlj8dUlTu21T92MuVLltZtcz1a069d9j9X/Ef/AAUv8Ba1/wAEzh+x7Z+G9XT4jw6fHpU2tSwxNpz2sk6XElwsgiG2Q7GBIYnnqDXwf+wh8Qvgp8G/i6vjb49+G7vxN4ZtdGuBplm1p9sig1YYMVz9mKOJIwvy9GXc2drHOOBbwXLbPcxxafGbYRRkpnc53LlFV1JJGFPAPIzgnOah/wCEanulKQaR5TLCylHwVbaME4x2PDYwBjlRk5+X/wBRsnWWZ1lFGpjKNDPKtWrjKlHE1YV4yrNKao1VaVKNrpKLdk2tUel/bGJWIw2JnGnKph1aEZQTTcmr83dt80t+vU+zP25v+Civhv4p3Wh+FvgLoS+E/AmnWQlLvYR2t9caiZo5HjMMEccJtQ0Y2Bo2IGBuCsTXygP23visLuDVru4s5rqTT7TS76KGwtIo7/TbRAqQXC+TtDEBSzrtZiPmOcVyMnwbvNRt5Lk2MPmC2kkULIFEQUEjdnI5K5AA5PTHbyuL4ZX808ccrxW4MrRAhmKfI2M5J6jp1xxnBxijK/DvhXK8qweU08Gq2GwqkqbxM51aznJxlUnUqzlzuUnK+rstUlZJDxGfZjUrOtGaUppLlhBLRKKtyrTd+T3utz6yk/a/m1q/l1fVPCtv9u1Lw83huaWG2sQltbFGjW4jjWHBuQuT5gG4kEhty1w4+Nvgj+xbDTNZ8FXOv3GjTytazXEkMUVzG8obZcqsSvID0bcxBUnaeBXm8Hwv1Q7rWC6BWFAeMANnhhnkjHB/hG0EY5xVW/8Ahtq4JKrG6RAyNIpKhiM43clTgk5x90g4wDz2Lg/h+lCVKip0IO11SxFWF2uVR5Wp6a3XRvZdbp5tmjnCo6cZuLXvTpxkpbfZnGzTutbXVnZ6n07+z/4g0rxn8Z59d0XQrfwvpZsJAdDtCPs8GxAoaNc8FmJO0g85OOQR3H7QniDUPBXxx8GeLNPtIH1rw4+iavYrMBIgu7KUzQNMhU+YpO3cvQZPXofPP2SNAudO+IUzTr8z6TcFVX7m8DIfPXdlQSfmIxjGBXV/tSpcz/EjRj809xdafYNmEGQqrNsAVQC3UAAY6nBUYAryKmEoU8+o4T3nhKeBdOfPOc+aDjGLUpyk5PRpNvVn1lCrVfDNWvyR9vLGJpKNmpO3LaCSSd0rK1tz0j4u/t2eI/jr8SdO+Jfxp+HvhHxt4j0XQbfw7aafNY+TpaabaKiRB4xgtceWuS5Y4YkDkEG14s/a1+DvibwZ4v8ACtj+zP4H8Pal4g0WKzsda0xCsuk3SpzdRHduVyw+5kKQDxzXyJ4i+H3ivTFuNV1Hw1r9jZyLG0Wp3dhcW9oyyLlA0pXaN4O5SeuR9TwU+hXltKsssp23aJhVJYHOQQMZLZx1QjOcdAa+lwPD+SVFh5YBycMLJckcPiKipQcZJqLhGpyvWzad+mjW/wAniMxzGl7SGIpQg6kHzc9CCbjJKF1Jxvqm7NWktLbXdnToopIoraVljMreUZFRinlhlHlsNw28Z59Tj7or9KvCPxe/ZJ+GWl/BXUtM+Hdr428V+GJPM8dNqEDLHcsxIe2kWXckqqcgMRgAr3HP5z2fhq6gihmYsQmZHjO5GGDnnPYg/RflO3GAz5bSVbczC2AE0q5MYZ8KDwSEBPPUEjBPYkgH6LOMnpZngJ4PFSr0qVSNpzo1ZUqji4q6VSMk4pXvdWtJKx5eCxdbDV41aKvOF3GM1zpu0XrFprr5W3u7H7Qa9/wUZ/Z61C/1GTRP2Z/C2k29xbSwBxp1ozxl02LIu6Hb8vOAQpBGQQxzXgtx4r8P+NvFmj+J/Dej23h3S9WtRcRaRaRLa21k0T5kdY0wu6TGCRktuyQcYP5qQWV8Z54khumYoSFW2nZm4x8o8sk+gK/0r7K8C2V6+neCBDFPC0mj3ZkjnV4pQRuXLK2CADg4xyAMg818FlPBOScPYl4jAYjFSr1ozhOOIx1bEaO0m7TqSWjV7xV2fTYfNcbjOdYijCEFqnCjGD1tdc8Yp2Sdvva1Wvt+pXEcmrzOsiuZDIqsp3A7oQQDjHGMgnPJwPTP6U/sYu3/AArtSVHlyavPDIc7WCbGVmBGDnrjJzzuU5xj8cdHt/EujeKpLPWZWkgvpHnjVpAcQgkRkc5HQA7RxyCAeD+wv7I1tIvw9giRGCT6hcvIyltyZZ2DHBxn0OWBxzz17s80wiXNf3k7X0cvdt6LR3vbr2ufQ5RU58Ym4OFo3vu4z/dpaNaKVt3otbp9Ptma0t7ddTt4rgQxC1vXEalmyDZuQ55xktnB45ySPu1/KD4uv5YvEfi2JSrlfiL4gIypYvtv7gAFTnI53cnrz6Cv6tytys2raetuJkGiSy+a7hnINsxCq2d393uM7hz0I/lE8aWep2fjLxNNc2U1ta3Pj3xM9tIqHErw3s67Vz1GVyQThgRnnFcnC9OMIYpPeTjy9dpWa1072drsnid87w0vevHnVlfRJwTutVdWS0ST00WiOQW71R7tXSJ4xJcTKyAAAjJ3NgjoOODyOMnFdhp2r6xHcXItJo1RbAgtModCdu0he5IbvnIwepNcJquvRiaxEJlLgXXnBRhlI3AgqOcqSRzjGSOBSaXqhEU8iSsUisZXkRgWJ3OcBhx1J6dcZr6iVJTUk5RXlGzs04q77pbba2dt7HysKqpTjZOSte6snH4G+qv1vudZYW/iWXU0WS5XyZjbySMpUQOpdQV3AkbgAF4zyQeK/Qn9kC1Nuviy88tVZPEEcTscnn7M2VPTHzAc+oGc4xX5zeFNfuTqsUFyBLFKbYQoxCIpLoVwT1JDHJJOewFfqJ+yYkFzofiuNovLmk8TwsrxgEFVgZs4HJORycHHA+nPjP3OCrW5W+WCjdWu+Za7W6N7drvodGFlGpjabje/vabWVk3bZ63e26v31/NX4hs8PxS+KC7CEn1q6iJxgFpb0MqrkDDFQSR8px171/X3/wAEumx+yB4PjbO5dW1RMN2AdAOo+XGTnqMAnGDx/Ij8XYnh+Mfja36I3ixrhlJBJjEhQOMHIAbHUcDHpx/XF/wS+Jj/AGRfCqFssmvayCcnkLMgGcdRjgjp0wOlflHi4lHhahNfF7SnO3RuVNRu7J7NvvppdI+74MTni8c725ZKLsnupq97Xaaum9NdrJXR+hUh9MjGD3PbHGcYwcHPX8xTFbaCCQpwQD3znt2z146nqPeJyW+bHpwBjg9scnHPXk4444pPMy2NvPfJxk4BwQBxwBx26+gH8fz5m77JqyWtujtbe7Tjp093sfq8FJ2Ss9LJLtovxXy12eiT3ZiSN4A+UDgHJwSSSM888dMjseKhzjrkEnJ5B5x2ByOcEeuO44w1pywwEwcYJ/ntGMgDgEZyT0461GeTsPpkDnGOh64z1Pbgk5HHO95N7R2crtW91rrpbW1ultFubwoz+JweiVtLvW1rN77dNd3skWvMxkhSSMnA9+MccHnv1OOxBw0knICgkclRwMnqf+A9cnk9Mgiq4fK5IIKgjHp15AzlQec5zwcknNN3HkFSNvQE8j0JOR97nOOv6CbOySXR2SSa15bba3t09NVZJ3GnJK1nqtNmndrRpuyWvqrpvuTuXCnoABjHTr3JOOnGFPfjPTKBjkZwMDIOME59emMkHoDzyPeIsWDLg7iBgnpngkcAcHuAMcgjJJzGzyHA2kEZycEjAJ75C+mOpwDnPNYcsl3bejfR/C3trrd2s9u7tfoVNuPwWtpZJPR8u2tnrazbul7urdydpHORnKnr0HTJHTHU88Ec855qN26Mpz1bAyCRjjrzggkHnnk8ioXkOGJU4CkZzjd6ZAU8cnJHYZxnNRF2J+ZW244BGOmCBnuDyR2PAzxzUI+7dvVbLbmty2vZW2WjaukmtGWoKNrrlasvW23n10X4agXbnOBhemCO+e+eev4cd+U3sDlcnIxlgeoA5JGOM7eARjgZJAwhcjtndg+gHcc8AegA7dO1IWVTuGSCMZAHXv8AN3IHGMd+uRW3M5WVle+j33SVui3T328jZOCacr/Zsl5cqu3orPokm9X2V5Sw5AbBOMdQD0BHfkHPGAc4HVSaiLuTgHsQG/2cntzg5GCfX86YzsMBRhcHPdsEYyc+uSSOcfNnI5po3g7cD8cA55ye5xgcAdxzkVtTjHrbfbVPS1092ndpLXRspuN4pJd3bVaPdPbR9lor9eZkmWJxkkAcEg85zzzjJHXGMngkY5pSxDAYJ4AzxwOcZ/HH557U0bmIHc5yMZAwDnJBAz0J6gnC/V24g8gk4O1gDgdsD1PY/RsEDmtXJp8qtd21S0iotfC2lq/eel1q3r0ThHlUuZ+XRa8uvd22s767vW7cB1x82M57jg4POc4zx2x7YpVByTgf3lzkYwDwD39ffmgHdgbcM34Hr0x90difT27BBOFJAYdMkjKj5TjjPfHJzg5yTgVrGL310VrPd9NL9l332M4xae999b3V9LJqS3a6dG9+ilTBxlRk5JGTyc9iSTjOCuBj9KfuUcZIAHQYOc4yT7ZA6jGB7VEC/TaTjjOeqjIyeTyTwDk5HqBSgDPTbwec574x0yTxkDHTnGOapcqetvuWm211du3+ejaY9FdSSaXpdarXfZ7J39LreTcADtUZxjn16kDPuOR2x82ezCJOCd2HAJIBHAAAzjjsOo4I7DNKpOAcYA52555/Qk9/qcDk1KXYrtOcAZBxyeeD1x7Ajoe9ZX10uu2q8tX+fbfyMXy305Ve+tne2ndfK+r26lYDGRyN2B3A3Zzk+oGOoye4Pao2j5Dk59Spz07kdW4+XA4BwT3IskNjcTnIGO/XGCTnIGOnHt2pq9RxkkEsBntuHLHheeRnB6D2Cb1bu0972fRJLpr0/wA0HNpsmnb8lbTbZbpWas+jREsKtgjK8ckkZ6cZGex6A4/hPGRhyooJIJLYySyjB9CV55+714PTPXMygfTZ0znOThiCf4u5wCck9BlSJtqEEAKHK43E4bPPOOdwGAc4OAM57nnndrdWbWuvltorP59FfQxqVpJ25VZWu+rXuybV2rPVJWuvJaH45f8ABYN/HWu/Cz4dfDnwDqOpaXqni3xJJNc3VhqM2lrLb2Kh/IuLiFo3EUgYBlLgdM9c1/N1p37Nf7UMWum9ig1trW2uvs1nq6+I9QuprJ4pMtc2yNcsHIPKkd8cscV/Up/wU/023ufh/wCAb1Lx7K/0vVry6t5YiPOkRAvmRocbhuwM7Tn2HUfgD4q+LPjrwfpN3qNt4hvL2FZJnS2inEK2zIoKOeOSDgYwclSSvBFf0H4TYenicreFWGw2IqVZ1YpVoe9zzcWnKet01dJNaJXXW/zvEap0sDQx1SrWocjvKcZS5ZKNRRatfW6v381ZHufwF8D/ALWlr8UPh9rmrfHrx5pmmaZ4k0VdRtNdW8OlT6VbyxieOaWSQxyJKgKhSB945LHr/VGvj+0t7a38qezv2NtCFnS5jQTyLEm9grMD+9bc4XqC2MjAJ/kN+Ev7QvxT8b+GdR1qHW9XuLTR5FgktfI8+RZ4yT5scu3ZsjAHzY2jAbn5cer3Px/+Md9awTJeeJBPaqpjlN40cbhVypZVYA46LxxgDIo4i8O8+zrNHSyypgcCsGnTqwoU3G792ac3FO8knZXSsk9rtHVgsbkMsvwuKxlas/rMeam6sub2iurpK7tdaJaXsz6a/bZ8bzS/tA+K73Uo3hxa2y26pMjFLcKuFVQSSSc4Uc7c45KlfkeH4waLbsbeWxvXkSM7XC8nhu2CCDz2AySMk4I4jW/Euq+NNbTVPFlvNe6nO8cdxdXN8JbiSQsFUMck4AOCAMcHgdBB41svCfgeGz1fXIWZdQbbGsExkdFKAuFVTk4z1+7j1Oa/WuG+FpYLK8HhsYniK+GpU6VacNVNwSUpWbV7tN6q7u+jSPnMwzOh7aX1OqqdFuKg+W6UWo3utbO235pMPiP8abO/8Basun6LdT3UMqBI8YVxkqxZQu7jqQCCR0OCa9W/4JJ/FD4+69458G+G/Ams6XZ+CrrXvEUXxEt5tNe41FtCs/NvIIXm3fuozOWjUqMqSzYNJpPwd0HxT4Msry3spNI0vxNpl5exatdfOViihd1mEYOQysv3m5I7lev3N/wR4/Z//wCFV+BF8Rf27Dq154m8S+Lr+C4VE87+zY5J7dIWcDcUJQttyDkjpgY+H8Tq+BybKKsI4enVqVatChy1I81SLk0nUimmuaKa1WrfZ2PRyqjiMVVU6laThRw9WrdX5JOHs5R5lZp3Tu9dLH8z3/BRZoX/AG7Pj5PhVtoPEiyJh/KUHyd2cHGck8528dfb4Xu0lkvZJjOi24dXRjNHtXcQCQOCeCQ2OcD0r9Ff25dO07XP2/vi/p+rRCSw1Lx1b215Gn7pngDKJEjbou9Rxk/eIFe+3Xwv/Ym+HnhjUfFnjD4f32tadYxW3+jvqReY3O1WlDRIwLK5yAFx97uQK/ScDxxguHMh4Zwk8vx2OrYzLcPOlTwNGM78tGlaLcpRim76Rb372PynMOGMVm2ZZxiY4ihQo0MXU9pOrOcUuaSSvyxlokvv2R+O9zfLtuYVuIpIntiX2Sqc4AXgKOQPqRgADGOP34/Z88WM3wE+GGjwST2cNvps8zXikmMFUJChgBlmIxyCcHHc15tb/Fb/AIJyaZ4QbxPpHwW8PaXcW2nQTnTNYjub+/vlzt2pFHIDDuyZCzg8Y+8dwr03wb4n8MeONF8EHwxpcXh/wvJfSX6afbIYYI9Kubn93CsbZKhEZUUE/MOuCvPzGe8Y1uJatDDYjhvMssoUa/PDEZhGnCFVuN1CMYuTur3bvbe59ZwPkUcqljK1LM8Niak6CUqVCUm4wU1Zyckuzfpd2semWKDxHqaTarJJfpY+HNUuYXuQzReYsciRmONuMLkBmIYeZg4FfNHxEuRDofiMxxxzEeEJ9zuQQH8l8AH7oCnnAPUABc4x9Xa75Gjx61PaItrbrYXmnrcStsS2sXYyI5JIA8xeFH8XVW718ZfEjV9Pj8L+Ll0uObUR/wAIvN5dyI2MSgW7l5CRgbEYdDgHJII4r2+HXKeLk4RcKcfZU1uoxt7NuMU7JJt62utbPrfn4v8AdwsFPldTklOSbV5XirWvfTztpdbbn42WWras+o3CNa2l1bKZhGJLTdGCXJJyRywIOe3zEZPOfsP9mb9sj4ofsxzeKLLQdH0WfRvHWkT6XrNnfWiiCOKaOSBbqDoTcJGxKEcoM8f3vhXSdS1G7aSO0vWO6ebzEjQjy8Ow4ByCcjac+2fb76+EXgbwzcfs7fEj4g+OPBWtajqdhaunhHxObuOHTbS6gYI0MyOp8wu+GADcck9Tn9kxlOlWwMKVdOpTk6ceSeqlLmhZNq7WtrJvl0fSVl+F5Q8TTx86uGnGlUhGclN2kknZyjdXV7dL2PoL9iL9t7Rv2Qfi/wCL/iHdeGF8XzeJtIuRDbWE32T7BLdyLPIjyMHIhOWQBiV2sdhANeW/tWftPaT+0J8YPEXxftPAcXhm+8UfZLePSLqT9xJaQqQxjLqA5fBcsODzggEVzv7Ovh/WfG3w3+M3im2+Dmj+OIdG8JIt34jurxbefwxLGVZZraMbRJKqqSSo+YKSMcgeG6j4j1j4kXNgs+k6dDFoWnpaWcqxiLzPswZCCYwgmkUE/PjBxuJxXzuGyrL6eeV8yhh4LGRw0KM5KTceVxpuK5L20itZK+yW+p9ZUzPHPKqOCnUjKjWqutFWV25NObUr3tf3ko6JuzfQ+8/2WfiH4vuDr/jT4T/Cjwtpnin4aaJNqFr4tciJbC3stpvIxyPPvrnBZFXDFVbauDXtHhz/AIKlftIalq73Go6/oaRX18mmpby2LbUMsggZlZmGQrZbGPugZOcV8O/Av47/ABH+CuleJtB8L+HvDNxoHi2EQ6+up/PNI0QMbNZsWwGaJnDA5BPPPFe5weFfEni3wl/wlvh39nBdSsLaWK+0+7025zHczRyCR28tRuKvJnjkEAYIwAfNr4jLMHjsXic5lg4QqShHByqunFtuKjye9JXlde7ZWW6ud0fr9fL8LQy6Vbng+bFRpx0S0d24pdG1d+rfbxf/AIKMeP8A4wD4u+HLnVfFn2y71jwjZ3ySafADaww3cZlEC/KwXbuGcngE5wflP5wah44+Ib70k1rUppAFUn7MFUZxyT5fYHG0dB05Br7t/aB+OvjPxh4n06XxP8P7DwxcaHYQ+Gk0iSKMXNqLALGXkeVGZSwwACcAjp0rzB9R1WS2a/tvCMRtmMMcss0MRhLFgc+YY8AZ6jGMEdAc19zlme4bBZbh6ccRTgo03JJVIKPLJXi4rVSTTVrWXbz/AD3Ncrx+LzOtOlGcqbnBX5W5XSjF303clrquu/Twe2m8ZS2dvJLqt9bhgzsp4yrjrgIPvcjjkH2xVeU+KNh36pqyp8oUI0zBsk/MGHYjBxgY74zivrth8Q7i0Z7b4dJPbiKLy5E0wyeZCu3bIgWP/VY4DDjqRyFz3OieAfiXr9iJ7fwBpqGTaEiljSJzxhSY2XKAE4PcbcE8EV5/+vOTQTlVx2HaUmm/rFOSvdJre907pq7aa26Gs+B87xTXLh6tuWDX7pu6Sj133s9Vv6n596nF4hMZjh1HWFdojg75wDzls8nGc5HTHtwDzMNvrZVmuNU1VgCUYCSYfNgYGcgYBx8uc++en6G+LvB/jfw3pF1fat4S0m2ksIWkljPlmWQcDahwCR6ckZU464Px9efF2aKadI/BenFY5HWRWEYVmXgnO31JJwB36jivoMk4iy7N1KeEtWjFpc8JJpOy6p6u2+r/ABPMx2R4nK7UsXJ0pNXUJXTu0ktL30Ssrt30bPNraw1R7qFYrjVnBYrJva4IPPLDLAE45DdRjOSDg93LpUssH759QTAVV3SylWIGCW+b5SCO5PU8das6b8YdUkuDEvhbS4dxfZkRZAJwNu1CSCSQSuOO393r7jxl4iaBB/wjun+Uyo+FjTq/OOmW4HpwATXqVMZThdSjZ76LfVaaK6enyvfS7v4zwXJTbp4l2tZN6W1jfXZdeq7+R5rd+Frjyw5urg/unZFWSbLDrg/MOgI9MnKng5Hll/p19Ha3ZEUrukgVJPNlUId3RiSDuY4I556DpX0z/wAJV4hk8tY/D2nMoVs7kXAyN21WAG7pkjA77h1rkrzXPEF3CYB4b0iKKe8Me9Yx80iYO0qMdB1/HHU1MMbSV276J295NdFa7ulbpvbT1NKWHnUi7YlycWrrmvty2tdO2qTs91u0t/nN9E8RXkBaWa8i5UptmnG0EYBI3cqRkYDfLg9+mXLoes209tM11qErIwDGN7hh8jdWw5HqR2HqeDX0tL4j1u08yC50rTY3UhUDWo2kAhATx3wMHsAPSuQv/iLrulssP9laLJvOR/oqvsHvtG05yQTg4z3GcT9doyg70nLm1Um1umraWV9L7PbtZM6ZVJTtTdd6K3MmujirSXqlZbq+p4fe2WrXd1dmMampbkFvPIIxk7cEBQx5B3dQMqTjDm0fW2t9pmvy+Fbcz3JVABjnDkcYx/Cd33cYOPdbf4i6sJkjfR9DZrsLl1tgFjGOVPBwT23cjaTyN2cnUvitrFhPLbJpWjSKqkiNIFbeQwA5Ix1IGN2SctkYwMY4qg4vlpSculpWXKmtVulp38/K7pNxfK8ReNrOz1aVl3bW9tNbM8vXRNajjidf7TZkBL7DdZZlwSV5+U5AwBz69ahGgeIpbuKYWOqCEryx8/5uCSd+75c4BPykDgdTXssPxb8WzWmyLQNIRmVAMwKSw6jaMZ/2sjAA9cZBN8afFyFLNtL0hVjQh8QIMED5hyoPGQDnpgKeARSeYw5HGNJJxs1eSa5rRXXTWz6L8HfWnGlq/rLV0n6bLVPz0bSV9F6+TyeFPEOUuFtdSCoCcAT5K5xnfu5OR6dumakHhzxDcwzFLO/TYGbc6yscc5O7cuG6ZBAzjv0r0C4+MnjFyhj0uxZRkkCFSrKpI54xtz0H3vx5OWnxo8ZuLgDTtOUbiWAgIBHTaPUnOevpkEdZhi7qDVJ21c9VbSzbVkmkktkm7+YqcIwUoutzNpvl73trHra19NHayXUgufD+vSWmlLJa3KiK12FjHJuL5BJYZxkke46gg84adF16KOMJDPGNhUBEYlxkcHIyudpwfrnOK9v+Hem/E34qWA1S3kstKgt7hrbcbfPmJzg/MuDtzywH8RzkYx0mtfDr4h6bcJHdazbCJcL532fhiMEkEL36evB4AqFmOCdblqVJxatzJfEtY7K1lu7t2afU56uHqyimlJrRqactUmujTs76Pprs2rnzpZ6LrP2PUYVtHUSopy6NvIP3gi8buh+7gZwB7wWng+4d1JgeORVGWaB8BudwBOeMnpxjqOgNe2/2J4xhuLi2k1W2EsuVhdoedo5yvydzz+WOVGLg8O+KEs2kfWbTzUUhiYfmDA5wAyDDZ4549hya1rYzCNx5ak3FJNXe2iTemqd1pv1bV7mMaeKjFpRdm9FqklaK1etntdba720PGJ/Ck8REv2Z5Ei3O2IZAWAGOxwAMDhgPyFYk1tdtai2jt5pPs94JWthGw2Kx4YkZySBj6ccdva5NF8aPDJHHq1pMMkHMWCOQR8oUYGPXjse+fONdHizw3IPK1DT2e+BJZoCSNozliw5JPGD6YHc1zfXKDajCTu7N3b20u09bu3W2rTfU7MPhsSoTdV8qkk0+Zqzdk7LbbS9m+vY5qO0dmna4spJABlVEMgA45wT179eS2doAIxWMQIJGlyKq5bJMgPA4wSrA9ckDnjjJxjUbxd45aEqZtLwqja5gUFgMA5OAGyP+BEY5Bp0fjDxkYVhJ0pjtC7hAMEkHoepx7cgc55reOLpwsottKPxWV3JNJRd/va0b3RlHDKLcva25rtrTpypJybdr66pK3RaJKbU9Pml0KyKI7brlnWJI5C0YxgK5+9jORn1ycNk0zRNLwZnnsp5nVBnEciRljxncQcHHAJPB9eTVqPxV47WJI0is3hifBcWpMQOO7EYwRz82RyGBNdNoPjbxVBFew3lvbTNuQRNFFEQoJJLMNpLKMcAYI56gZrWji6jq80FbmvbmV1stFdaXb+69tEiLwuk3e0krc1lG9urTdtErvrfdalRo47WWC4tbNoZ1aNwBHJIXVSCcsAQCRg/kc4yR66nxCubm1u7SZ2TzrRImPkuCNihQFJGFz1ySDyQMcGuOtvFHiJLtGkjtJYGVUIazUbQ2Sckr1UgZY53AHnNew+FtU8IXl7aL4gltbbcWW6At1QSgAbQrsp4ACthiOmODgj0KXNWUVNqNnZXfWWm6esbPp2t0ObEV4x92EmndRfvN31SundJp38kk3r28p0XVZY9c0hIGdIoriBp5DGx2nzd4MjEY5Xpn05+Uc/St94ktEuZ3jvRIGjHmZQllO0ABdmAFBOejEgY3HDVyXhDStK1n4oNp+iWrano8l6iRo0YCDYVKsWAK7AdwGGGe/PB+ytD+HOg6zc6zM9vpcQspHtzCVRmjkHylXzwDkY5yT0BzjHVh2qcZQbTakviu1DRbO792yeieva5rToVJUlUU5a2s2+yW2rsmnrfR79UfE2qa/qGqRLHaQM8UVxHL8sL5KKRu3dSOByST9OcV2XiDxtJqPhRNOisxbzQNbKuyE5yhAdmYgBiWBJOeM8jrj60l+ENnDMu+20+JZEJRUUKHB2hT8pAznsB2xtPWuZ8afDTw1H4fa2tbeKO+85A3lkhiVA3EgksQWzluQSc8YJFU3Tlzq/POVviT2XLpHdq2t7q7v8ya0a8aKnzN/DzLZ2urJLva7srNp3T2PEdG+JGsWMdm7K22K0hhA+zZAZQF28hiwwCGOMkcAYxjoJvitroaZ/uwyptwLYbst2xgE9MnqOh5HX3Dwf8ADLQNQ0nTzJpSysyeX5hYnfKhC8nnqAevQHk9K9cs/wBnvRdQnjjbQWVNgY5cBc9cqW7cgkZ9RnBrzatWhSm9YKUZWfxOz91NbO6V27q2m3Q7cLRxs6cLt2kk07u15JW5tG7JWfzWp+YfxD8Qa9rDWsixyS/Zn3KTGxYCQbyxwei8jGM98E5ryiyh1AeJLeWaEF7kRs8joWEauVDHdwATyFyB1yTnIH7A+KP2eNA0TS7nVLnTo1WNja+Sz45fhCDnrggDH8JyMZzXz74p+FfhPwj438CRtpzTR6oYJLy1WUNvSQh41Zf4gSRwCMDk5PTCpiKKUakXpJx30snaMZJO7afnrZNKzZ6FPC1oK09nZu17JNJRdr31Wi15tN3ofEnxa8HaLdR6XqN8GaCC2aBJbSNt5kBUkPkZbnqFA2jsRivJodF0qLRbuCNXljwwhSSTYYlkUlpDGRw2SOozzwetfoP+054VFjqWjWekQppmmzQTStahIyqkruyfl+8Rk7snknPTdXwTqen6s2otYWOpyRRvCyzTGBWijVTyS23aCOOSD9ecjhxlRUpxqRl/Kna6TlyxaS/mitErpNbvsTTUYSnFwaa0bcXu7bt3uleKtZaLZ6I8t03wxc3Oq6bai0iihndQ8jkbCqvnkgYyy9M8clcAmtrxl4UmGrSJpunwLAgiDHzAFkZfvlSBjGc5AGeOhB5kuLPxLYyCAeJPtBRHeDyURmQZwAAq7lPX2OTjBArn5J/FFxGY7jXJ43yWBeEBiOuTgMTn3xuAwc84dPMYU6fs7Xk5Xu+W61i+XvZX07ps4Jw5+aTjyuSbinG38unk017r5tnYyrvwhrzqHt9KiI8xcspzlAV3e5HXnOerdASehs/Cd+toijSP3wyDIXJB7EbSemB09ehAIFYKz+JJJltzr9xtxnzNpVRnKgsyjo2OM88DHJFTR2fin7VHanXbpEdWLyFiFC4yzZ6jHGCSTjaBtHS/7WweHjapCV0k5Sco2e11tffd6N2Svor89PL5VpXjVUk/dS5bWk+W1pa+nR6XvdGtH4G1h2Lf2dENy5YMw+TB4YfNjAJyB3yeODU1n4B1MyjzbWxXl9paRSc8sMgtjI5P9c8V6T45/Z8+LXgz4e+Dfijd6pNP4V8d/a4dGure9JMctpt8xLhWJ+ZScgHaT8oGD1+eks/Esk4tpNS1FH5DSee5A+bDAKDk44BIJGScdqnK+IspzSE5YGosRCNapRlKMlJRq058lWL3ScJRcWrPVbl4nKMVlzi8S1SclGac4tOUZRjJSu7pqWru3bV30tb0S58Faw8sRkaxEccYUDagJwPl53HPGcN+pzlqaeBNYU/KullmZnJYxjgAY43DK+3Hpgnrkz+E9bihVn1nUGYuuWDylRux1YsQODyOBwQfWlm8JaoUM7eIr47YxkLK6E5PPJboCB9DkYY4FfQuMWk40+a1nrJXaSjq9dVdXdrLe61ueJUxNGlKX79Nyafw3bvy8z37+fS+ly2PA2pLFdLNHpe+RtobcFCjc2QpVsDqMHA5HJ5NNt/Bd2kQT7Pp7HzCFP2jBPbBO/A5wPbqc5qrYeENQ1CeW0TWNQ34VjJLOUw3BwuSMkkE8Z78cjM9t8P9auL230qDUb2W8ubnyIYzclFlYkkHzGO37wHOMHjOOM81TH4PDRm6vJTtd3nON0lZtu9ru/pdJdm1VGnWxM17JSqcy5U4wdpJtPV6qTv+An/CGXCh1FpphOScvcBxg4GcFyMdO/XGOCa5G88C3yzPOItOjYSbX8u5VMLkDhd3AO5evTnIK17Bdfs8/EmxRp7iCdYZEZopDqi8lBkj7w+bHAUZ4JOAcCvFNV8E+JbeK8bbNmCV1kLXUjcx5LFSGG0cnB4zyVDcAcMOI8orpqniITcXryzjK1uWyuujd9Ol97u569LKcZh5c04VIxkk0pRa25bWUtb66u1rrqmdTbeAJN0b+RprlkDH/S4gQ2COSzAZPHJznAPB6Wn8DTRCMtb6bsYZI+3xAlm4+Yh+cdSeRx1IGK5m2+HPiy/0+2u7OG9ZZk/dyC9kG5APm28k7c8kjOAOgHSC4+F/jFmWKZrmJ0VTse9f+IlgQN5yMnJx+eStZvP8uVVWxFGm0lZc0etlK6te/kmvwZnPJsW9YqcuZpuTWiUrPS7Wul7Xd3bQ3X8HXMMphxpSQzsTg3inlRwch+Meo5OMY64ktvBV+08CW91oqqXfd/piqSAWzv8AnAAOAMZ4+mQeJufh14qs54N/mSGWXyUH2uR0DgZIcZG7gEAqQOAK1rP4aeMLoFrdUUxXCxs7XEmTubawI3fKAfmz3GMdzW1biDLLe0rY2nGKi7KNmnBKLs5XdtdtElr0tfT+x8aoxjTp80tE7rls7xVkrp91e2+2j09OPg/XIEjli1XSohG3l7LW8jLgYJIVd7KV28nGMEHseK8/gPVXlS4n8RWsb4Z+JIy6gZ+UnI7ZBIwc9h1r6Qt/2APH2qeC9M8Q2Xj/AMPpfahbRXkGkxXh+1gnDPbyjzNquM/MWXj5s5+UD5n8ffBP4ieBiq6zaXbWttKbaa9S7eRfOX5Rt2MF2McFfckZGBn5XA+InB+aYqrgMtzOlXxNCo4TpQk4S54tKTSlGN1d7q6erfc9rEcJZ/l9Kni8dhqkMNUhCUajalFprm1cXJrlTWktlbq2TQeEbpJUmGs28jqSCxcszbh2AdfUqTjA7V0mnWc+nTRy/wBsyOqMzSQRxiTLDggZYn5s8Hjqc88V5rF4H1SzmtVkvrp/tEQmCiZ025Ukj5n+fGedozyRk819D/DP9nnXviJC40JdZvLy1tJriWK2E8z7Y9wLnBJCr8u7I5HHWvo6ucZdRpqpWrSjZattKKvy6KWmrvrq72V/LyXRrRqctKlzvbSKun7vwtq9nulfXRt9Tn08aabbO8Zub5pA2XUwKAeecEp0GPc9fTAsP8TdPWT5Jr0bdqqCqgZzkFQACSOu0A85OOaqeMPgjf8AhCRVv7qQ3K4FxHP5glhcsV/eKWyjKSQcgDqOTuz5FdaRHp95JAt0zzF08vGWRSxwu/OSPQdBjqRWdKtDFQjVozboztJTi1qrK32rPRu7S0aXmi44lUqqjUpuFVcujtoviV43Su9bO1tdHbU9juvi9ZiMCaS9nhjJBi8sBQCO25c5BC455HcAkVRb4v6fAqSppkkygFohchBFjOMDPBAJyD6Bu3A8t1LQL2BXh89nD7CxKZJZx8pQkKxQllDc4JA6dukg+FPjC9iixHEbfyFkCswCFHAIOTgb8ep46+x8zMsflmFlGOMruDnpH2j92TTimrtvRW2sn5WPYw31qrG+HjJq2qir2ldNX95q1ld66vS3U6lvi/DKgni02wWba5YSOrMABzyf4ex5XPJotviB4g1ONLm10ewlt8hZRHHuRPm4LMON3IAAPGD03VVsf2aPibqkD3dh4fSa3bDoyzDLq3YKCrEnIznPB7YJrb03wtq/w8t5/D/ibTbmw1KPM8tsnzBRKPkJOGz6jHI7tyCOHL83yLG4h4bCV8HVr005TpU6kJVIpNJSlFO/KtnfZ6InMf7YwWG9vXoV6dN6Kc4zhB3UdNYpNu26d7+qZZm8XakxUXGgWK4IMk4jwQowc54GMHJJ5AwMkV658PdV8H+J7qXS59CtJr60sJbzcsnlrthBMkiocMWAB2qcA/TNeVQXFjPFIr288jRW8rOkmCrZQ/LgbsDgc54zx/EB0vwJkguPGNyba0W3MunXse/AYRABtyY9SM5ByOuCOtfQJwqJ6KSaXLa6a5eXRWa3vrfr8j52jj6yjKUp3a1sm9046aKz3S11Td9ketWOufB+KfE/hmZ2DFLlir/NIrH5s8HbkE89jkDOc3rjxP8ACxiqaf4ZtwqOXTzkPJHIRWOOT24x169uQ1RdIuIry2NiqXFo8pefcsZkeOVyzYwMufmxnjLEcnOPNRqKi+ASJfJEnlorqMICMMwODn3KndkcNxXdSlFQs4xs9m2221y3btd6Wtr8tGE82rSko8sbWV/iV9YxfbZ9bWbtbY9cuvFGnahHcf2P4Js7qK3y+/yw/wAq4B+YDGRnn0BPrXAap8V7bRUWI+EbFGAbfA0KkDp225UdcBs/7PcV6T4K0uS98L6utrNJA0NzMJrlV27ElBAUH73J4I7LnGDjHgfxT8Jz6ItrObw3jsshZnbkowDgsSQW4xt6sWGM5PNUcVGc2lJc0NrJdErflbVNWWxlHGV/awje8ZaO2tpJpW6tWtbW9rb6ouL8aZZBIsGmWluHIYRRwgRxhsgsSB9wDjI4PXHp9Zfs4fs8T/tD+GNY8ZTeLdM0Oey1j+zora6tQ8bkqG81gWBKqBwDyAM55Jr857CSO3UHyUG1lLFiDvRj0Gc7uSRt6YwckE1+h37Ovxv0X4WeAH0zUXvbVdR1WS7VrOIlWygHJwVLDG0YIAI5rhzrHYqhhVPAwjOqpx0stpSV5NO10rLq276aWZ9XkdPDV8ZGGPqJUXFy3aey5dXunq9EvK90e+3f/BPB5Lpll+J/hyUSHaYobMKVJ6j7/QgkE8ZFZVz/AME59NSUJceONDaIFSx+ylTkE8j5yOuMnGM4xzgGVv2sfBU73EtvJrUmxSZCUIyc9TkEgnp8vTpjODWDc/teeBYmYTWusSD5TmR3LFwpICEHaBj6c9zkV8nHM+JJ2kqELys9aUX2XXv+HTpf7R4LhqF9XyqyUueV2tOqbV3az0+WiYmrfsE6FaMyJ420nzEAMRis3bnnBOH5wQeQQSwJ74rzT452/h79mrQvDmmnw/oPj4ajFsk1B4pIZ4rhWOYy29ixAxkrjBz+HZQ/tieD5p47aCw1RmupxCodcruZsAEEZCnPJUg5OdxHX5//AGx/Fw8W+HvCS2lobMpcvcbJFLzLv5XIGSu7jC55HJrpw2OzqpiacMbBU8O/idOMYbJNO8ddX26X0srnJjcNktHC1a2B96tFLlu3JauOrTTTte23TTVnkFz+0b4VEvnzfCbQldztYtMRtPpjcc8HAznGM5I25ybn45eFZgJIvhzoyb2ACiV/lAbO1f3nAbIIwcE524HX5omtrg/LJbyu6SI0rMp4zgDqPulsnIB59OSdWbTJbmNI7e2dfmUkhcHOM5wM7VJyD06DgZNfTRqKSXLUu0lopSb+zpa78tm0+3VfHVa8lq4QvppyWf2U1ppfvZtaeR9Fn47aLbRXAtfCWnRtcRCONTIxEEnd03OQCucgZ46jJIJraf8AGy/M1ta2ulWKQTS28dy8mC6FplBdGySNuWOM9ccjg14QvhfVZpkjS1kJKZB2M2CFJBbaDgEj7zA49SODt6T4S1dLuzeWBkjF3bo8hVlUASpgnPJ/2cc8YxzQ8Q6crKoo3eqvzt3cb7vyWiS06aMylz1Jpzi1FbyUbXV021uttt9L/L90dI/Zw8YeKfDmjappHxB0jT7LWdJ03VWtJtM80wO8SyLhwQWcncHP09Di5qn7N/jrWoTpmtfErSJrOOJ4VS30hohMu3YElww3D0LfyOV8k0f9ozx54U0TTtKgtbKW10PRLK3jMgx5sMUKbGI+8Sf5cetYV1+2p4ljgluLm10SB0PzqUJdQ/3SBwM/7OMnPHNeY8TmEpWUFJJ3i1GD91W5VqtktrN63uj2Yz4fcYRlOXtHCMZxbkkpaJ2WqbTdr7X10Okf9hK/murWS28c6ZEYEIYx6Y4dlZw4BO/jZ0z05OO9dhdfsQ32szxx3XxBtUhWKGOQR2DqGaMEKzqXC54PUY3Dp8uD4in7bfjCK7gh26ZA7RiRWa1cLJFIVKlTnDfeHJ4AIGSCRXZ2v7YXjOVcQ3egG6eQAW627tMMjghAdxBzub8sn5al4nMprSk5LRN8sUlblvqo+9J+W72XRZyo8PwavC0nZ+/JxbVo9HbfTaz8mtT2+L9i6z+w6pYz+Mg7XWmtpscq2OCkQXb5iDOARyRnOBzgMK8qi/4J46FFJLb3Pju7fz4VRpU0/wDfFQwbZk5HIGSV6jO3GTjAvv23PGFqtwrX2jpPboyzILJ9ybTjLE8DrnHYchiDWSn7ani+UR3C6xaK8u0BGtGxgsQWAI5AJ9NvGOM4rH6xj1aMoTWqfwJR+z7qST6N7ab+q1jQ4al73s43kk21O177Naq9k3por29V7fD+w9ptpFa6ePHV+lkkcUYSOzaJwsf3SZF2lmJJLc9uCOao61+w34dvPDOpaAfG+peXcy75JnhkZiM7kzknckeThQQM9BwM8bF+1n43uI1mh16wlhBAJWyZgCASVB6kgHhemQegGK5zWv2wPHNtbX1wNZ0+KKECMNLYsFDMSCSSCowfQdzwDxQsVmEbuNOs4r+6uqje1vPXZX32atH1bhrmUXCmpXuk5+9f3V0lskt31S12L11/wT/8KXMdm8fjS+WWxgSzWRLUqowMGUlduZCDjJJxxxxmuhT9iPStPht4rP4j6tYuIBAHskkQgk8sDksC/IYZIbpjg5820j9rTx1rGlajLZa9odzDph866lWzZMDAJMZP3wM8kHgjI4IJt6R+154n1K6MEeu6AWSAOZZYDGpAAJUFjgY5zzkntk5FrGZpJR5KVW97J8iSdmraLey3/PqdCwXDjcpKNLmShdOTunZf3nrLyWt3ukj03U/2LtB1hnl1j4ha7e3LW0MDXDRNLNIkSqEVmfceBkheAecYPBj/AOGN/CVvp6x23inXppIpkJeW0Y7VQgBV2qGCscEjIGO3auLvP2vfEcBbyvEnhpmjQBgsIYhlOGBxzkFsc4wQuCDkAuf2n/iRNoOoa5pep6VdWunwi5uZILMmKNRkncQpGT79QemcVjPF5wpPljUgpJKV4JO7UVpdbX2V+uttSZ4Lhuzc4UpWtrzNpWaSvZ97LSz6Xs0Om/Ym8Iy6xb3tz4i8QLqEV4LlSLbZGCMbWAC5AHUjLAk46fLXb/8ADLGipmO88V69evazCe0YwMsaEtkISckBcnvgnLd8j580b9tL4k6vcpBbf2VPdTuShntXXK7cgq3TAPGBwOuDzXZxftM/FnZNHNFoKM4LDcmcseuBknPbtypyD21p1M6mo8rqyj8T92LWyVnZJXe7atqr22TJQ4Wg4udOipRatL3k1ZLRWdt1d/0l+qn/AATk+PXjX9kT4pW3gzSNEsPEug/E/wAT6T4a1m+1GdTeafZ3l3HHFcWcg4Roy4Yq245BHQEj+t3WCrSllbAKg7yMghgDx2O7/Zz6EZAA/j5/4JjeCPEn7V/x20q18Uatp2h6d8Pr3TfGUkenWrGbU5bS5jljtTKCRGjMgLM3TcSGPFf2DatGEmZA2FUBUBwMYAXHGMkDAzn6Y61+QcYwpvNFFxUMSop4ve7nLllByTT5nZpuyemjV9D9g4ajFZZRqU7/AFacf3F22vZqytqk/iv62bWlznyQSCVJIOGGRjgZHsc4GBnIzyB2kOxuduOF3YII4zjPGCD19ieSeSIyxXhtx+XJODwTjntnAAGBkDnjihXYnnBOPl5PoecZyeBz+HSvmPYuTVpO600tbdK2/wAuytqe86qS0TWiuno7aXto+6Wmqv1XMTBVHpj5SQTjHA+X5jnjOM8ememUcqobaQcdyOucnPTGMZGcZ7iovMfG05wSMY9APU5wpHYdjwPVm7hgQSee4J+8CBwNuOgGB054PyjqpYdXTcpJ7K61e1rNrf1VrdlqYyqqVr2S0k3a3bTyfTotLdmk3Hlt+G+ZRnPAx+u4Z4AHOTjphoLMw3DBOeR/EBk9DgYPc4xhhnoMOIzuP3cgDoSe2e+Mt2HYk9MbVjKlgOO2M56/dyPY4BwMnjPIPTZ0YqOqvfXm8m1ZvV7WT3Xla7vUakLJ3bd02krt7OzumrXs99e+tnOGZiMDexBAI4257jA54OAfQ5GCaeRwS33QT29RyMc9MYx+PQVEiYCDdgA98jkcnjI56Ece/wBJGJyc4+U4BJ4xxwegxkfmCe+ay9jF76JtXbtp8Ld03fTa9tdN7K1c1nLl20al7trOMXba/W/XuxQGIGOACMjsCMAA9QCc8fpxxSg9eduQTkHkHI6/UH1XnPHNRMRt3ZxkEg5GBk4JOeRydoHHGR1GS9fugblyQACex6nnuQOeeBlT6ZPYq2+u6sua3vbuz31t6+bsWmpJu93bVa3Wi0Wu3pdPvoPBA+YZJOcAnnAxjnqfU4xjAAPPEbEg+49fmIPbOMHjrgZ9Ru6FNxIA3fKCM8jHTbjPYEcnqff1NxCs3QD5h29xnk4B4xgZ9wSNseyt8Ovw3T+S0tr0X32vrYfux20utLa72069la+nbZjl6kjJHZjg5z6jsRk8Zbdx7VIhJKg9x1GMck5PYnr82cAHjODVZgwPTJAPTsCcgkZHOewHJ68cUqyHIznPrgDPqOg5xxjB5PTpnSFN6cyXROVls7a23e+tui1S1Fzxvq303VtXp3el3vt80XcnA5AAJBGRggcdwc89SCMHrkA1GWLYYcAZxk53deB6nPTk98cjbUKyE4OTyQdu04Az/u49ccknpjg4dvGB3AIAJyc46lgegB4A5/8AidXG17b7dLatKyd3frrt59spSto2k7bPfaO+1tk7OzH5bcBwSAeoB9ySAOODkZOCMZoL7gW288AsDkk8ZO04445wRjqc1CXbaBy2MgZw3QE/KeBg8fXFQFmYjIHfv/ESRjkcnpkDnHvT5F7rSs1r1391v0u+2ras3y35pdVK1lbZtbdY9U97abytJ39bTSHK85JBGQGIC9+Oucc+ozlhmozK3IOACox8vJ46HnncQTu4wQQARUW4HrnAxwCegO7PJ5wPveinPGBQX2jjB3ZGDxgdgCSO5/2RgE5651UHp1u7atLblb8uujXS76syc73teztdavdJN7b6X73t1SY7c3TJBC7l6gHgAk9B8vHPHQDJzkAkY55J68dAepz68cjHHH4VCXIXLjIzjJwM/KMHOAMY6LnB4OeuUyWIySCMg5XIHoAPlGSD1HYnj0rk0j7vKvdUdVrZRd/RpPTXdq2gua1r6Xtpvdq3Trr+OpOXZTuGSMY6cZOBkd8gZGOg6jJGabvY+nX0z9BxjrxnH4DGBTATwvOOc5Bxjn17kEluOx65OE2t0OFHbHJIxjOcAYz6elJQb3e2+lu23fr/AMFahzbWd+3ls+u2tvnte5IS5AyOjHBJyBjGOcHoQD3A5z8xFRlyQVXnnORjkHjAwOCOeOmOecA0mGwOQR37jnvzye+MgA46ZpBznIwAc/NkYbkcnkfMeeODjggc01BaPpe/Z7JdnrfVbrZa3bI1bu3K9k7u6Tty6WteWqXm7LrqM2ueccHOAAf4euRnrjoTz6k9AMGYHb024GCMnHoQOQAMk53DtjgCUsepGeg6EHOPUjJ/DB5GQeDTdw5+YnOeBySDwc4I24H3sH15GBVcut9eZpX6X+7RX8vLpuc8UtLu2miu9luvn2AEjHJbIyPbA6Z65yOe/PTNKzsCTknjB6ADJyQOTyPfnHqAAzQF6kleeM5J+p7/AI89Mck5oJ+Y7T8owM8DIXpjoRnkgAcd6aST0S6eeySW/lp/ndkufnrZdVd+ia0d++n4MQswJyenORjqM9hn7p7fyNKHYAL0BAxuPYfUZA5GAOBjJxzmPdjqCR9MgE8YyO/HfipBkA9OSFODkgd/6E9h+HG6imleL331volfS6Wl9F5adTm5rt3791pe17dNdE7pK2lkmPLkKSB/Gfl3ctgnIIwOOQDn7w5wTk0pODyckgKTyORnjngYOTgZJJz16xqQOTjrkAHoDxnb6E57fwcHIIp4ZSeegJ9BnsGYfd4I+QjGRx60JJPr8726d/Rf0tB2/mu/w13/AOD+Tvo4dVPcZBJ9z9707DjPualA3cltr4PJxgdTgDpnaTwejc4XOagBIwDgnJI4IAz256nHIx1GO3NLvZSSASc4U98HG7BI7dTjPXHvW0Ytx5r2Wqad9mla1r77LVXaVmQ9E202uul100/rqy5GckMrbWYDPDE/KSMqc4zjtwflOBg5rL8a7/8AhAPGpViJD4W1kKw7EWxxuPBz0ByccEd8Vbickqc7SDwQpHAzwc9cfnjuDgVR8bNnwB40YEEjwvq5OeODbsc9ccD6H8iBUtac7W+CWifZJq2nRPmV9LrtqLD3lWpNpRvVh/6XSbe7d0k7rS+9rn8mXxp/anm+Cvii28LxfDbw14xudUtLy4N/fJDC/mLcSfLcyOpaRsZx8wGOBn7w978Ka+nij4B3nxltvCnh7wt4o1HwjrupRWemwlLaC40+OY2zylGUyoGQHbuxgZ6HFfmp+2kV/wCFr6UdiuE0++bGfuqZJc474yAQT6cnjNfpD8OEt4f2Jftd2BEG+GWvmFR0aV1uFQAH728kDPG4nbncQD8bmmV4Wlk+X4uMUsTiMXTjWfPUcKkZT973W3GPMklZW02v1/RMmzbG4rO80wMpuWGwmClOilCCcKkVBxfPGKk7uT0cn5PY/Kg/tN/tHa/4k8N+GYPiLZWD+IcgzabbSK9oS+ECZJBIAC4OVwRkjIFfv58NNNvNN+DHim313UrnWdWm+HS3F5qVwD51zdMrB53yTwzFiFxgDaASK/nU+FHhTWb/AOIXgi/fw7ftaaeqyi+NlKlsUlcFXM5G05bKqDyTu4xg1/TtZRWNj4N8T6WVAuW+FdoTEeGV5IQ/Qg4JHUcdDyeg1xtPBU8fltChChT92dSp7OEU5PTlUnG7b0SSe3YzwP8AaNXLsfiMZOrO1WEaft3NxUVytcsW9He9mlo1q9T+Tr9p/wAUa/4Z8TXS6RcWqb3Mk0l1B5jEmUgBehPyYyoyOuAO3k3w/wDiF4y8QeJfD2mPqGnwxNfxB3WzxI6ZBbB9MZGe3pg4r0n9rZraHxdcvMpdRLIjKCBjE5Ubl64ABIzz065Arxj4S63o9p8QfDT/AGeSbF2kaR7FBZ2UAEEk5w3Yejcjq39D5DRw0sowTqKnH3IK7T5muZa3i02k1p10a7H808RVsVHOsdGEnZVHFKTdls7NJ26JpbX6H6D+PoxaQ+G5YraK5aa8WKRpE8lW3gbixA4ByTycDseOfF/2hviDe/CTxJpuiaX4Y0O8sr3w/Z6ukkjF5mkuEDSoSGAxubhSOBkYAzXsvxW1RG0HQpAjWMo1AsgO3YjFCQxAGCAxJwcZAGScYr8/f2gNV1y88axwalq51SS10G0jtriOIsEgeJXSFAMBRHjZ36DoOD0YnD0a+Lk5LmhGGjSaSaUbJptNN6pp3btrazZ58MTiMPhY8snCbmm1FR5bvlbTTd0276a3e70PXPC/ie88apo15qOi2mlG8mLBbYgIFRxtOcgk9SCTkZHy4FfV3xa8Rv8ADf4bWuv2enQanPFHaQiKVvlVWVC3JBAwORzjp9K+Lvharmw8KmeWUIHLMXQp/wAtQTwenzck4HJ5x2+t/wBp2406f4MkWriQRWVtJPtIbDL5a8rkc5Ofu8Be+BXiVKEfrKptWg5xive3i2lderd73cktmj3cPXqPBVa8nGdSNJSUpWUrtJ3STd0mte3a58p/8NS6/HbzX0fg2PyInVZHinTaS5wW5U4Geo4AwMHph1j8QNW+Nln9kTQ4tM+w6lBDI4kDuzzNkMqrgA/MAchhyfXnwG2jsB4L1UtcSeYESSOIhSzOwGcLyQN3IUk+5bjPoH7NmpJp1xq1xqTSLFFPaThUwXIUg+ZgEEZGQQejfjXXisJSo0Jzp6uLjyvmcmlzRu7a6NO1t7303ODC4zE169OlWd6c029I2suV6tK99OvVdj6G8b+I9F+CZ0TT9T8OW2vyanbeXLdPMIvs7RgBlCuMfMWwRt3ZBGQAc8PcftV+DNHWXTx4Jt4pJCpYxz2wKhyMEBkLcAg5OMnj2Cftaa/o+vp4SvtMiIjG9HJHz5UoCxGCTkjO7qARnGMD4J8TFbrWPOihZ1aOELtjdkbawDKGA4zzwQeRkdMm6OEw9TDQqTScrtcylK8ldK+600Sdl8+qzxePxVDGTo0ZJ04ONmldR5lq07Wbdk93vq9D9HIPF6au1tex6FJZ2OorZ3lneu0ZQK7owXKooZckAgMCec46j9LrOaGHwRFOAN3/AAj3m9C0efIBAIHIQkYxzwcdtx/LXS/FVkfBXhzRStuZVsNO+aPaXjKOmYmIGY8HOQcc8YKjn9IrO+L/AA3JcFFXw0pVgM/KIOcHGeB2HQkjPPHNm+Fo0K+GhhkuWdOLklKTUW7XT5m2mttHbttY9fI8XWxFDEzrWU4StBWtpeybXfTsrp693+Z/xd+L3iHwdDp2p6fp+i3Zv7i5tRA9qoEYhkb5mbK/M6ggsSeSWYdx4JL+1X4sfev/AAjvh8yIR8ph45xlsoRgk9z14Bwa6T48FH0PQjbmaVmv7jcio0jYErlsbc7Qc46HOPqK+RzaXC3FxK1heAF8KptZDyWHRQvOD74zwuea78JluFVCMqkIe1k5Xcm7tNRt1s9Xo/NX2PFx2bZisRKEKkowjypWSs27P000vorp3Xn+42ga/c69+y9rGr3MEUVzqHhG9vJoocrDG8sThljU5Cr3/mDgCvhn4NeMdY8LfDTxjNpS284urWPT7hbiFnUQ3VxIjBC3CkLyT1DDPUDP2R4TkiP7JV4iiSBk8FXIZHQxuS0eNrKQCMEZ5GBn15r4e+HIH/CoPHfks6NbXWlMSI87t9w5Pzc4HqO+PXBHLl1J3xdJWUFO/Lra0Gml0fq7Lrpoern1STp5ZUbfP9VTas73kouWmmtl6u2zMKx1W8fX9LLWkQWLVtIUNvAwDdwlgdwHyEkgckAEZHHH9h37dVv4JP7J3wDsIotN03VbiXwLcuJ7gmedF0uxllZMOC6jJzjI2nBI4r+NTTSbvX9Ng3sfO1PS4/3gaNgwu4cgZ65K9RxgZ6V/Wr+3vb+GdB+Ef7GUt9qmkaai6BaXt2dV1CKWC5ntvD1ibeKZQ5xHJKCu48LxlhggfkHirhqtbOODXShK1PFYycnTi3NclBNJJO/TV2Wz0tc+/wDDCvShhM9dWoklDCcinJRg5OpZc7vqle7T6pJvdH6ffDe08B6b8BvhvqV3pVnNeR/DjxE9lJBE7xKPsVyJjM27guoYqW+X5s4wvP8ADR4xu7G88Y+NrmKwKq3jPxOyFC2Ah1S62cbuFAyMN2AHUg1/a/4T8XeFrz9mvwZoRudLOsXHwj8QX2km0vFbzUltrlppIdhBaNAQMgkFAOmVNfw56q0y694uVLpcHxP4iB6tuP8Aac+TznGc9jknJzkcfGeAWFnTzXjBzU1/tVOznzat1Kzas27yTulbdPdOyPZ8Z5t5fw3LmlKdSNZ6y5o8iVKMWtUmrNbdLWaR698G/hvovxX8Y2fhLWPGFr4Mtbm2mm/te+KMm9FIFske5d0rkBVG4clVHPNW/jR8JNI+EHi0eFLPxbbeL7dLZbr+09PZFQBwG8to9z7ZYycsNx77ccEfPczfZo4pFvTDOJF2yJLJHJG3VdkikMoOcFgRux3YYrV0HzNcuMXN1LctFMBNPJPJJK0ecYLyOzcDkAlgueAODX9CYqjilXqVPrDdCVJJYdwXIpaPm5tZa9r2dmtOn4nha+HVGlRlh74j2kX7dSbfI1G8HG7WyWna+p+vHg+18e/DH9ifV/iFHrniTQvCuuaVc6XpmmXmgFbTWJruZrd7iO+ZDtj+baGU5YZJ4zT/APgkr8UfGdn8a9a0688QQnw9pvg261a00K+iIUXNtM0twYoiMr5hQgYxknpnGN74CfGjxJ+0j4Ktv2UfHN+LT4X+A9DF/YTwJHLdlreXz1icqmAmVwWJ468GvubSvDn7OH7K/wAILr4gaH/wiun/ABObw/qg0oG5hvtd8T2l60ttHE8CNtijgZ1O3YGyOqkCv5ez7NYYGvnnDuOyz69nGdZh7TDrCUVOFKjXcHhqk5v7UKcJNpXa26s/rHJsqrYzLsg4mwuZQwmUZZgFh60K1acZ1atGK9tGKba5Jt20tfQ/nW/b5lvPEHx58U+K2SONfEOsazqcUcTqGiT7dKNpHVVG0gBjwAAK+IYLWzlE08ys0zJlljYHIBGdx7A9cAewxk19G/tg+K5tc+IwvVyr32n/AGyRYg8ccdxeMZZ0VDypDOeANoHTqdvx9FfvaTSAyTZO1SASwbcc9T1JJyBnHcAdD/WPCmH+q5DlWHqR5ZUsHQpSS3Uo04q+vVLSysrfefxtxfiPb8R5tiKMnKFXHV6ikmnzNzvFpuya2a73S3dj2GTwz4cvraG7gW4gvGt41UKSyqVYK4IA/iz8uOn45rGutDhtNQMiTFiEVRuyrbwM7mIx1xkdQSGzxgG3oniG1tre6juWAnltkWDdImQTghSuSVfuSe2CRyua2o6os92qkEv5aMzh1wXC9AyjBOBnkZJ+or7PB0qcaiUmvV3XVPTXpbRdL9kz4XN6uIlhZOKcm3G900tGrp20vdXSvs9L7OlqNpcfZIwITy5+bcc47+vp6/QenPlQu2Fg4LOOHBwOc9+hJwT0557Cu2trwvaRtKDKPMI+d1BxnO4g5I5AC525yc/dFU7qCyuJ1mGyPaMMN2WyoB4AyB29znk9c+rVo81nCSVkotOz0tG+tm1ZLq7/AInzGBxU4tU61KTbfu+61p7t77arv2fof0F/8Ed9D8MeK/gb448Pam0drrr+O4p7CeSZrePyoopGKM4IyHxggnnOBWZ+3db6L4ks4PAViLmPU9N0fxvNcWsDzvZNNE0HkXCBW2k8OzZJHJGMCvIf+CYdz8R08CePn8BWFlfw6fqwkvPtkqQmCV4JTFNCWKkkbSQRkgjPIOT0HxE8U6/P4mjl8Wx2razH4K8brLLbiMxQJcHDPNLgCSb5SEUjPA6fKW/k6eV1YeKmcY14yE4xxXPHDKT5taVNJuKjpZt+8tNLn96UM4px8FuHsHHDVYe2wcqdSvpyJRqS1vv1sla+jutT+dbUrdrcT20znz4Z5IiWUnb5chQqec5yMZGAeWGORX1Z8BI1XwD46kgGHhk0iVXAwQwkPPsTlucYAwSBxXheujw/N4ivI55nMDSXO52ZUxI07ksQuMkEnBwc5Jx0C/TvwNs7FfAPxOFh+8gjbSfLdjkBPNOSe/GOM9s5x1r+g80XJgZNSjLm5IuzT+1HpunZ79z+YctqqpmChySiuaesk1dxkpO1ly7arW6Stc8v/amtpofCHh9FwN+qTSDK5I3woTjPqSeNue5x3/P+WOfduypOOSRhgATxye/zYPDcYHof0t/a9tkg8HeDniwDPKWPIBBMEZ5xzz2boRjjFfm5cby5QLkncMAqRkE/j9Oxx9ceDRd6NNtWetnZX7PZdXru92tLa+1jk1iZJtWtFPvqov7l0fle6ejyJFl3H/VhWA3Nt43cgjJPBLY6dQOS1VUlns7qO4jWF3jO9TKm5MggoSMndhsd+oAJ9NUqwba277pY7iNx68EjomQwz36454qyQPuw6MQVbAHG3PQZzg9iDnvxx00sn933bJX0ta36/wAzOaLaacZNONmrK0o35Ve9tberT0do6HvOn/GT4wX2kW+kW3ji90vTUjWOGz0qKCwRIlQIAJII1kZtuFBZyTnccnAODc2PifVoJr3VvEWvamxcAfbtSvJg5ySThpmQDIHVevQDBBoeGCiQQ7osLtwTgYJIxuAIxnOenOQCM7a9IjRTosuJG3mXCRnBO0kc9M9M88j8RTVKnGF4whF6WcYpNXst99tW3o3fcKmMxM58kq9ea0VudtJJRdrdN27baWtZHEeHPDmm6hrn2SSFWkSLcWlDSZYL1BYk56j15Gehz2Oq+FrG0t7mJH2f6O7BkXbgrnhsAADkj0Iz15Ir+CpjZeI5J2i3SLbyhcruw3zckEYII4JyMnAyCcn0HVG/tLTLoRwNLcsrRnywoEYYkbeSDkDqDkEHgt24qkpKomnFRbjo79bJyb2vomvK6a1SBNSVmm27a3k97d97u1l6u5wehRWUGjwN5iMwlUfN1HzjOPujkHjoOrYyePd9OuNHS2ZEgi3S2kYYOe+AS3zAg4OfbAG3GRnxDRfD2rDR3VbOWRmvSASh3ZQ9OmdoPoME5zwDXp1l4X8T3wzDo+o3YW3UYtbeSU5XAKkIowoPbdz8vNKtKmnrUSu3u7a6bt2+5dN07mtPD1m7wo1Zp8u0ZyXTdpdVtpsvNktx9jGtWFxC8QmDKgVWDBCxCgY5J4wQcEcZ44NfXHi/xFEvwW0HR1izdRagqmVxgEbwwKg4zng5PfAyCDn5X0P4W/Ea91u1uLfw3qvlefH80tlKI4lADZJcDoSRwMgnBANfWl78FfiV4m0LS9Pksf7PjguFkiadxFDzgh5gzAYJ5HAznnOS1ePj62F/cN4in+7nzaVI7W3a5rt3s9F8nc9vL8szSSrRp4HEP2tNJS9m1e7TTu9Lry076PX5e8f3Fwt9aySK5A06EDngA4Py9iTnjqTjHqR5Td3l2dOngjeQq97DIy8hOHUgHPUD6dSe2a+/tZ/ZZ17XLm3OteK9H0sQWccTq80bJtXaCwCyYJyOAcZyMe0X/DIngWG0ddT+KmmIMxzzNBKXIKsMgqpYqu7OCePz56MNnOWU6ahLExbTV4xjOb3inblTXTR31/EuXC+d1akpfVHCLe9arGm1ay2cu9na3l0uZ/hEvPZeHWuQ80kWlWrIASV4RRlucg/U9TzkYJ+ntK1hLK3tnZmVnRCqo2/BUqAuMgqMkcenOSRkZGl+A/hfosOmxt44u9QktrOKGBNM0+ecSCOPaBlB87HaBkdOvoK7ODT/AAAksKW2jeO9al2gBYNJuI435UYBbrkEDPHIzjAr2Z8U5VSpxSnUm4qDV6Tjr7tr89tbbN2XV6s78JwtnELzlGknpde0T7NNqKk20ui0fTY8l+P3igr8LfE8kr748WgDumUTM8RHUZZsfdx+RJr84/EHxMvb3UdPtbdUcWyookMBaQrtXAXbnIxkH1GCMLjH7AeItF0bW9JuNIt/gn4q1iyuJohPa6wzRQ3BXBG4FQcZxkKcqecZzjGs/hbqdtC8+l/sv+GFeMIIZtQmG+MAbUOxlLblUFcEHJB4718xmnE2V4mrGo0koR056tGCu3G7V53b1vqru9rLp3z4PzLETjLmlBOKu4YevJ9Fb3Ya9fysr2Pyz0Lxf4iN8s8NrdzksFjijtJ2AU5UOdqAZznCg8gjgng+naDdeP70Swx+G9ZuI3laV5F027chdwbCEqcEgYIHTv8AKDX6i+HvBHxjWJrjSPhJ8N9EKKpU3ENvIVwCMEPGcuu5iCOehyTknvLLwD+0pqRWWO+8BaEET54bTT7dmTOBtIEfBHRc5yOhr57EcT5XGLa+qxWivLERbWsG23CMn0TstbXWh10PD3HycXL69K+lo4Rw5k+W7/eShdWSu/K+h+Qk/wALfi7r/j+y8QaZ8PfEU1ittbRtP/Z1wi7EALgFl/MYOSO1favhj4a/Fp7SK0bwbNbrHGiGS5RY8buoZmPBz94YHP3cZIr6sl+F3xxe58jVvjFBpUQVDLDpemqmC55VSqgBh0U4KgjGAOKsad+zz4z1e9M2ofFzxrq1qLlY7h7WUW8EaBlO4FVBxxtHJOc56gV4+M4sy2vGMKtbDqNOKS5I1akkrK/2Y3VlptduzejPfwvh1io6/V8V7yjzXnRp66XvaTcdvwdtNX89TfBL4rSTwTBdJ0yNYxuL3tum0E8Axlug56tgY6dK4nxv8APF+saXqmjX3ivwvp51B7cy3N1qECvtQ5K8SEBACV6ZPY44b9AY/wBkDwfeOsl94u8XagzuFeO51qZS7jBZdolXGST06DJJPIp+v/sjfCXT57RJrS6up5H/AHn2nV5JslAMJLvuAM5IBJXAGMDBrz6fGOXYeouSMnK/u8mHur2jreVXSyabv1R63/EM5VIp1KMYOTTl7TGb25bpJRemzV2rd7H5haJ+y94R0OEvrHxf8JoEjWO6ihuPMl2x8tht5P45yeQwbitvS/hP+zxp8oS88cSajIhY5tLlQkshzny8Kx5Oeu77oAOASf010/8AZ6+BOk2yNf8AhbQGddyTtfapbkEnpvBmJOenI4IIz2Ovp/w7/Z20WVLhD8M9JWBFdYLi8spXUxtuHzSM3JI5+9kY5Iyoqpx9CrJ8kMfJR3UKMIpp21vG9npf/g2PQpeGuX0YxdSWXwa95OrXcnf3dXeUdO+na3W351aX4U/Zz09nkg0/xNrF4cL5a2lzco5BUKUaNFB3Y5xx1yB0ru5NF+Gl9b6fFB8HfEevwW5D20V1pN4lvAeMyKXAIyfmY5A4zX6E/wDCwv2a9HcJeeMvhjYTrDtV4J9NhaHywxRmULlyQB0JBx6Fqzpf2uf2WNHWW31L4p+D5YrZHjVbUQMxwuMK0OFLDnaMMDnGTgV5GI4rxtaf+z5fmFZt/u3eteLvF39ymmrp2vqveb6a+rR4RyHCe9Ux2U0WormadGTfw7c82tXZ7NLV6HxhYeH0spQnh/8AZ4s45blQrPfKqHaSQGkDKxUHoeSSRgjjLdxpHhT4pTysth8IPA2kwod8T3McEmTg84KklhxweBggDHB9Au/+Cg37HHhrXXmg8ZzX0c9sBKbTT5blt4ch1UlmQAj7uAehHA5Wjq3/AAVZ/ZCtoibX/hIr94923yNJMScAqMhlYYwBkjIBODxkVnPNOJa1pUshxtRuN1KccTZP3dFzNdN7dfU6aeF4VoWdXPMHCKdlGKw0d7Xu1GTfn6WVnqYP/Cvv2kLmOW60zQ/AeigHh4rSAS/JkkqSNxK4AHfpgkgirt38Kv2l9eg06y1TxhYabc20b3EU2m2cZeNQTsjKouQMYIGCO3TJrkNQ/wCCyf7PVjbvFpngTXtSWINsMuy3y23jgx7gScHkEHIKn08W1f8A4LP+Cp9ZXVdI+Et0sUdoLVDNfIkYYEgOQFAZhnaVx04XrWVGPG1eUnHJvYxcHyurTpOSd4tL36l7u8v8tbmlXGcDUlByzmVZ3TlGlJqLV07WpwS2t16b31Ppj/hmb46apBJNqvxn1WLzmWMxwWRjZCeh2rtIDdeRwQeOMVq6Z+w14w1O3ePWvjT4svJ1IcJa/aImRGzw43HGAc8EAnnB5x8gX3/BaiaSArpvwb0pboA7J574OQV/iIB+ZSecAYAbt8tcPrX/AAWZ+NMyNL4d8E+FdHcxqpmFs88gABwzDLDop5weeeGGTUsD4gVklGjhKCa5W5LDRa5uXW6i2r3Wzelnaxn/AG54eU3KTq4mqk9ueu725U+W0kvRebs9df0Qt/2A/D0DsmteN/HeokkMrfbbiLziVzgEtnBHBweSfbl1/wDsE/CPQrW61bWF8U6raWsCzGObWbgnecY8xNwHByCF6j8q/JjWf+CrP7VXiQK8OrabYEktiw04owPbBaM4wCRwQecD72Bz0P7UP7b/AMZLC6XStd8d65YvIFu08P6LLPACSP3ZeGDGQP4VIwc8HvlVyPi+FOFTH5xhsJSU43n7VRST5fduoxV9+sf1HhuKeDqtSVPAZNi8dV5eZQVOVR6JauMpS0Wuvfax+smhfsZ/CG+gn1H/AIQoXltclpIDcXx8zajqAHiaVSPvY7A5OcZ56iw/ZZ+E9iDDbfD3w5ZPFuZXu5IJGBTgZR3IIYcknAH3t3U1+O3h9v20fFLzQaTN8X782TC0u4NO0zUZEtpQwHkT+UoEU2MBozz1znAFehwfAP8Abq12YuPB3xxvfOQEBtM1aFWDDJ/eDZgE9eSVxkLjOcK2X4uE71+LcJRSsnzYht68tk71Vo00+ySvY7KOe4KcZKhwZiqkpaxvRjF9OZNuDe62Tb6K1z9TJfhL4D0u4Szl8PeCrXyow4lY6fFGpI4JBzuGcDIxk/QmvIvixpXgTRfCXiJkvPA6P/ZUgC2s1mtwWJ+5bBWJMozgBevJ5zz8RR/sOft1+JpB/wAWw+LBZtoZ76TU48LjAwxfhSOOSQOoxzXVW3/BJz9uPxFtM/w18Rxo6blGo6vMgBfr5iyMcZJzkg8DJABFduB/sfBYihXx3G2Dn7KpCo6X1ml7/LKLs26zaUrNK622TPPzDG5pjMPWw+D4Mq0nWpyhGbpfDzKyaapK7s+6Ta1tozodK1b4ZtoWkt5vhuC4GnhVE0tluL8ZMp278lvm+Y5wDwTuqWzvvhwmI7nUPCxl+diI72CIBWyQBhxuyMZ5wAM4NeQfGT/gkR+1v8Lvhj4p+I3ifQJNN0XwlpUusaldx60Jzb2sZDbVt0fdnGM7DgdzlufxeZvEfmuo1G+Z0Z43KXM7klGI4BfA6fNg5XoODX7vw9xHlOf0qtTKMZRxsaMo06tTDzjUjGTUXZtaXas0k3p+H4NxHkmY5C6bzTA1MK8RepT9rDlclor6rZX0un11s7H77nxB8LLWUwyXHhxlIfayalFtBPQkh1IxjgY5JIPbHF6zr/wskvYpE1XQYo442wiasiliOrfK/Veud2Tk1+HNza+ITtd9Ru2YlNrfabglt3IBO8ZJHB75Jz3NULvRdXMbF7+4aQRByWuJ2IAySoAc4xz7YyPevpIwq7uDSTvG8V1s+qV+ui+Vlt8e8dQtvBNPXRN9Hqnou1tV8tT9qrvxX8KhE+Nc0UMJCfm1lSX67t2HLFeR/FzwehG7Cu/G/wAJinOuaOpycE6r0wQcnDgYHYcnP14/E57DUAArXc28kuR5kx4PIxlwWz9DyOuCKz5bS7UMnmysW5AMkrFuTwAWPGTnI2gDIOQcVovarVUbvSMnyp31V9OXS118ra3VzCWNpOa96NmuihZXaemj7pJryTsfs/rfxI+FIsL3y9b0YzJZSogXUA5ZypAADMdwJwM56tgqep888H/ED4VW+i2EF7q2jwXBM8rbr0bFcyyEZG7rgHgemBgZr8l5bOYRSSPK37oZKs8m7jBxw69ee2BggjGc0bCKKddzLPI+5jjewUjr06DIH93npjilJz5l7iUml7vuq6vFWWjs7d7P7jWOIpyi5R5Xa1naPXyslp3R+1cvxh+EUEir/bmjOqgqWW9UHPQNndgDIO05O3PcVUv/AI7fCNVaBdc0tQycuLrK5H93DdSBjjBA46DNfjqbCzXJaKYZAIUuTycAkkkD6Yb9c02e2tI1LLas52KN2TgYwDn5sADv9P7uTVe0qxbvTVrvTR7cuj0v5vXqt7pk/WYX0SSbuuj+ymtfw3/Nn682/wC0T8HbZCJdVs5NjNuCXHBBHG3B55HQEkcsu3u5f2mvgpBIrtrC8ZxHGXYAYPGQQc9MEHpwc5Nfj6IIApRraJdy7hjDcAZxgAZOBjjgfoW+VbIFzbBsdSF2lTj5c5GMkYIbIIywIz1pV6iSShFLta9n7uiTXu2ei0V/NlPEU7Rb5dlrfdtx369/JWulbf8AXW4/ax+D6sDHq16ojY7UjicKwGcMMtg4zg4JBz2xy4ftifCSB0kea/mIXari3kwCODg7gD3PJPzZIAOSfyUjsraQKXTG9Qfk7KAcBuPvZPIyW43d8Fv2WDnCS/IxAy3G0cZxwTyvUenUDJques7e4re7dLr8PTVdtVZ9H2Mnio7JLpqpW7a/h29D9bn/AG3PhXFuUw6pMpCgZt2PC9hlT6juehyeeaF5+218NFj3x6Vqcis2GUxgYUnoDswvYDHQ9Djg/lEttE6s3z8DAAJDDnnkE5HbPODyRnIEhtCIlcB225KqxIJyQR8x6gjOOcZYe2VKdbouVNK27aVkl5Prda2V9H1zeKi7K6v35r30Xmvlrsn3Z+idz+2p4IXUtZuIPD14yXghW3CqqOvlqc5yDgnA7An16VsWv7e/h+xjSO38GXjMoUyFpUBdgOGYbSOcdc4JydvSvy58uVdSjDQs3mcqi5JycgDvySflI69PevTde8MpZ6bo8kNu8VzdwmSbdk8E/ePzduOPQjjtSpRrzU2n8NotNa2028naz32NpYmNKEdE4tN3tbTTu7qO22nrqffk/wDwUDs5gr2vgi53Jyd0wHLEZz8mPu+pABxgcms0/wDBQC5QSGDwOC75XMl0hyoxncfLJzkckEHgDPPP5uy2d3GQu5lDFuQDtAXoQM46kjI5G31FVX0+7d8NIwwQxbcc4IGRjBO48EZ54arSxLaim0ovS6ulotd/O211r13xeNpb3i79U0t0r99tX5N99T9JV/4KD69HE623gaw+ccNJMpyeeTgZJ7KO5DZ5Gapz/wDBQXxnNGUj8H6QoAKKCwwCT2Xkc4OQea/OU2dwo/1ztnheOgXnB/XsT9c5DGt50CHzHJG7I9zjJJ6A8nPT361o6GIdn5d0rXtfS3a19O/mTHG0ZSteL1Wt0l0+/vZb6a3Z+gh/bz+IEizCLw3ose8fMWTdj1GAQRgcbeMfhWJcftvfE2ZnWPStEiY8jERYDpwSrcdCQpyATjjGa+E47e4JOGk3EkAHaMD68EkDvkYz09X/AGWZWcGVwD97dnK8gHkd84BJGOOnIFZuhiUno5J9FZ3vZJuye6Wr9bD+vUVZRkr6NaK+jXle93Z9lbpZL7YuP20Pi5cqVRdIiCKQNluQWGFHLDPB65yM4Pzda86vv2n/AIpNra6sL2xttQliEJeOPCtCc5THQnOPfJ7V86w2lzIrIJZRxjq2MDndx8wxk55xxjkcnCvYbiO6RJCd25VDMW55Odv8IHBIx1yM8AVlUjXpuLd9dFs7rTS19NH063e220cTGpH3Wna7V7bK19bW21S8110PrRP2q/jnJvEHiURKFKjbCqgKMEeWSM4yQOBgH1yAc6X9qL47O758XTBmwDsjiUE9SQdpyB1yDySCRxXzxFa3DxhN0qlYv3jkk8HBB53Y5JAyPbkA1A1g+WXfISgLd/mxhuvGMev8gpI3VGa+KUtrr3temyb2WvqkmluZSx8Y3Sm1q72fXRPXo7bdHsz6Bl/aa+OjGTd44u1DjbtUp7Z28AgkY9Oc4x0rJl/aD+N1ynlnx3qYC4yBKqgEnsc4A7Aj2ycZNeHPaSllkLEjIOAGJU5IweTk8kDocDuc5kjtZNpYlyQDuVQcjKggMCQCfvNzk8Y5OKTo1ndq7tZc3NZXbS381b709erWOjp+8dtFo5JpPk7LzTtonZu56bc/Gf4wzFvP8c6qWU5BF0QeeGA5BO4Y79cn64kvxb+Kj5aTxnrDNITu/wBLcMVHzEZLsBnHAGBnBBBGBwUkMpVTuk2hiVC5B9Bk8E8jDHkjkcA09LMuqli7NuLFT8owMfL1z8wwOcgjOGwMVn7Gq1a0uW/fS+iT0W70676aq9q+uwjr7R7LRy1+zfXbr2+fQ7OH4lfEWRs/8JbrBPUj7fNu4GMEhwGz/eI7c7c1a/4WJ49mT974o1lzkk5v58Z43EjzMDbjnjkDHA6cMlizOSMrkfdBGRjrkjG4HPXGcjrg1fS1bO0GRU254y3J6k84LHHqM5HQiqjhakmuZt3VrJ3sul7XdvK1lfq7tctTMIactSWr772s7qyVrau21lq+pa1zxz4yljdJ/EmsSxMgUwNf3DRvkjhsvtIx2Kjnjtism08TeJ3jWQ65qYGNqqLufAQDGMmTO3AxjsD6DNbGteFpbbRE1WQ4juQE2YIbCEFX+bjORntwxBBzxlaXp7S2SOmF2hs8b278DgnHTJ4HXjGTQ8LL2qhK+i5r6y7JLTdOzVtd07dTaWKiqSqSm13V0mkrWadn3fnfdblpPEGu7zI2vak+4/N/p1weT1Pyv1BPTqCSucniwNZ1eQF31rVCGJ3AXlzyBkj+PpnPJI7jnrTY9IICN5ZJLc5PJIAbHI24wD2B7k5Ixv2ukNMrEoiHJI3HAYgcFevt2AHfGa1WDjJRbfLbR79lZ6Rd380t1vtyyzCEbNTVtFu1q0tL33vZ2b07JnP/ANpX7A7tR1VmbcQDeT56kDdliRk9yR0PQYNMa6vSpU3WoOwxtzdzEDdksCC/brjk4PQV0q6M6Ln7xOU8tdoHJHcjjHY9efYULpDxyHu5T7xB4GMkDjg8YHAHA9M1awOitPdq/ktOl97JLW909k7iWaQjJXba06r+67q+lmlpdrTV6mAJrh+fPuUBVhhp58nDD/bI56HHQe9KpufLIDzu2ActJK3JPGMtlhz+YPXjG2umsuQqszBs425+RjzgYyAANxz2z1JrpbaytEVA6ZbG7zFzz3C7cgheh6cgEc8U/qCS5lK7urau6Xu6tJadVZbaq7sE82joviTsnrbt0TfL110+88/a3vl24aQFiBj5zlmH8W7JIHT04zwRmntp8jvnzhGANzDBCk5HXPc9MDtjGa9OgtYpoyXjDDew2PgFR7nAOQe4H4cnbXm0mKVSsacdAdw4IzgE55YY7ZxgdDkk+pJ20WjTk5XVr21TWuyv3XkxQzGMmrNrXul2e7b1eyV3+NzybULSSOP92+8PKq8FskA5PU4J69unfNOttDNydoJypC4GN2eScfMdx7HtyR0FamsWlzFIsbJhBMpUIfmAySOOhJwMHr05xkDe0izmaQoiOQSpUJgszNwAAuOinGR8o9c4JnC4NVq8qdrqL0fMrO9m2720a6b6jzDG1KGHhVhLWV+trqys9Xfda38tD2Hwf8MvDuo+H4Ly7urhbl1KyKjfKCARtAxkYxk54wASPmqxN8L/AA/BKqq903mZAGc5bOOgI78kYB3ewJr0/wAIyppmgW1pJYEzkhmbywN6lQTuBABJzgnGCVJHXFaUtx5+qWgW0KqFUKgCZXJIxwCCRjABOSG6dMfQwyqgkvaUYyastF/h0+W2quraXb0+Or8R42cvcqyio3Ule9rct/J/cr+d3fzS0+DuiSuXD3QQZXJJ+8QOCenXPbPOO+Kp6l8LdEs0Dubhj5nzEyjAUEgHOAMnB64HHPJ5+kbe0VEl2q6hMnOQQCeSc4YZyTnPfOeciuf1fS0ntrgyk/MgIIwV+gGcEZBPHJ5AJJBpSy3C8yaowT0SvHR2cba3b+z27JrW5m8+xsuV+3nFXV2nuly6paa2W2m92uq8Lg+HXhecxkSupYY2/aPvAHBYDPGenzY5z0YCtnS/ht4Liu1kmUzOmcRvPmMHnkEdSSD9Pqcnt7Pw/amaAtFuQgIN5IJPBIyvGFU5A5Y5OFPOet0rQNKa6hV40CiQ+avJbHJOD6HnPc9TWkcroKV3SpaNK3Luvd633669e+tt55vjJKPLiKj5rdVvaF77PVPvtq+tuQ/4QnwUxiRrFGYMAzNIcY7A4bpg46ge/TFdvB3gqCUIulo+WzwzOFXHc85XC5Yn3PQNX0LaeGtGki+0JHBLErkAAEM2D0PPXjbzzjI4PNPXwzojkyPHAAGZdhXHB4wct0zg5BGW6dqHhaUbRVKmnpqoX0SgrX07X111dl3wWYYxyi3iKjvunJ7Wik+z6bX3dmrHxD8XND0Kz8NRz6bp0Njci6UeZHkO8WQMlgVJBxnYCS2Pumtz4J+CdJ1XwrJe3drBNdzXRUySxglVHXJOcA8kjcSDn5s12/7QdjZW3hJBZpGWF8hjIVcqAUGCffDKB1YZ9QTc+ATRjwaFx+9Ny/mAlcH6ccMAwyMdW49B5c6EJYqSVNKKpqystWuVJ7aX3e7s29dL+tUxVf8As2M1Vm6jqJcyk3aKs0r66qy6q77aHan4eaKCqLo1llduZRCpTg4RW4xkknC5zj5gMEUjeDdKgcRyaRaEknBSJcFV2/KeBg4C8DkDk8V63BbqQv7x2Qr8xIB5K4Az0GOnYD6gUjaQSdwRmdhuwGBBGckNycHHHfkHoa6vqtPlX7tXVteVLlenTW2vTrZ2218iOLr6/vqrbd370nr7u2trK9rtrTmV2eTp4V0rcMadZMC2UIiTjjbtLFeOhzjjqCDuqR/C9g5DR29rGyYLAW8Y3sc5wNuDjp6HOCcAGvT00N5HDsAqh22jG0jr17EHA+YnBwDjpVn/AIRyVAwZwochlyQSi7cYYgAkkjOeCMnrUrCQd3yXflFJdLN9b6aXXk9tK+uV9HKrUXbVq1kl9/m1brbRHlCeG7UMNttBw+QTAijHJxnaFJ4GOpGemOBfGkQoPLe1gKOwbIjjwQMdAFOc4BGR6njAFenDw1OAmxlwAWYKwBIBAzz37FgcnHY9GHwzMBv8xA3DR4YE8nJBwDknuAByeduKUcKoq3Js9+Wy1t0elr6u+z2dlctV6zelWeqTaTvzJpbK/onpZb3WiPL20WJSDHDb7Sd20RIGXGTsJIAPU5A46nGcGopbJVbCxhB0D+WpzjGcHaOMY6ZHUHGMV6a+jpuZGZwVQE5UjqPXA4GRkA8c5FSro0LhWmjUqvYEZ7fMccLgc55zgZ61pTwvPe8VGWlm7N3ulo001d9vO7sylWrXilOVtI77bW6trq3v16O551HbzMESJ8DYWB8sYyASQTj69OQO9fJsFpK3iTxay489dRcLHtBkJDn7hI6luc/NgcnkV99/2XZkSNFHuZUYRqrLhNsbELnPXn72ScADgHj4b8NrKvjfxPOCjPBrExMbhX34dsdN31H0znHFdlLDxVSjFpNybWrTjpGKTe60102dk9LHTRq1VSxM3Uk0oxTd3K3vRXfV3u0u667P174zXEI8HeDCnPmWrEY5AOe5PU5OM98djkV8zKLQLLI1xsLxhuSNylj0I5PHt1z0yM19A/FOGSXwt4Gt2yQlm8WV5BbIyMnqAWGcEjGPpXiI8KPK8k0ssaxqFIhGWPPAAJI3cHkevPOa+azOpKWJ5touMG27p35Yp6t76a9r6dL/AEGGhJxdrO8nv0bsnZ3torv9Voca8MLlt0/mI75TLj7+Ou3OeR2J56DuK+4/2f7cHwzroWWOOFNEmDlTkFgrYGM8enJ69q+PtQ0Ozs1Vy5EykssYX5dw2lSACW5BGC3Qd+tfXXwLWT/hCfEzFcg6RIuUyuMI/JAOd2evXuDxgryU1zK71XLra6f5Lq9bXWz1PWw0ORS0UXyLa17WTez06OzV7NanzxrRRr2baFKJPLk7xuJMjEscfLyR2GffnnDnjEiHy9mSjsxJBBBGdoYdywGSMcntVDVFi+1XCmZzKZpgpLFQP3h4wWzhepPcZwMrTIbaKOIM86yI0RKrHJhQB1ODgnB7cD6Y+YtJJt35W3q9bNySe7Wml0lG927WszxVTbxC5Vf94nt2a1vtZ2T0269D6T/ZXsDP4pu0DbGUiQnLDdscEquRk5xtHOOuPU+x/FaEN8Q3uvLVLW1Ns1xO5XcArqQR1IOMkgZKqRxxXk/7L0ltB4wjCv5xaWMEbjnbvGOd3IIBznPA7DGXfG271CT4peIRbXi20ImRI4XcsgUKPn2ggcdcFeoHXGK8bMaE8RhZ0FLSp7rs9bNWej7JrondL0PtcBiY4ShRryXM4zjNPZ3i07tNW33t566Jr3f9or4v+HdV+HumeGNPaO8u1tLQOY0AKiIKH5XKuAyngYG0bsDJFfEPge5W41t2kRY8SRMAhxlVYMCoIHYc4J6jnJJqvrY1W7imea7WbyI2BdgRvUBvkVtoGMZyBggY6nBrlPAVxJJryB5CGW4hTb8w3BnCkYPJAB+b3x6A14vDmR0Mjw/sKUnLnrSqy5rXcpNOWuunkummjOnOc8rZ5j6WJrWSp04U4JJJKNNa7N6+r10PrP8AaLSRtN8G3DlTELBWCM4GNqcEEZ6KM9MjngZr5st9RiudPmjgSNtkUruzMhKthhgHAbac5HJIzknsPoT9paSWHSfBEUARWXTVDZ6keWM5APUjP1A6da+OjdXkIaIRoN8bbvLVgGB67tpwcDJII4JyNvWvo8e41JQildQjFSfd2jdvT8H2tc8hyjTqyaV29G1ZW0W3S621utHa6L2jXDPqsA2BZGngw59RKikDPUZB4zt6dBmv1x8HaMde8KWmnCS6d5rWzAW3GGjPloN5YYO0YAwpPJxnnj8g9FjlGraYm1ubpGRtpAIEinBLc84zkdc8+/6pwfFKX4Z/Cy08TQW8V3fXTR2MMIypBRAFZjg/KGALdOh4PSvBznD16+T4+jhIRlialNQopuLTbsm3005ne7vo1vc+l4bxOHoY2hVxk3GhTmpVWktUrSa7u909Gne/a79wtvh54J8H+Hr3U/EV/cXLpFIWtJbiRcYG7cVZ/mYv0UAbT0PGT+U3xCuoLvxnqV3ZhFspdQkFpukJKQNJujPJPIAAAHY8dSKteNPjl428U3l1Nqeozm3uJJAtrG0ggjLZBBCldwA5C8BsEHODXjkOo3FxqQeefeGljbGSc5YAAE5OBnH3hwMdq+S4L4ZxuTzeJzLEKrXqcqlFL3aaUk7K1tOu1nbrY9PjDiXL85VLD5dSlSoUpauXxTtZN63dmruy20Z+nvhnwRL8S/hZaeGorr7JuQMZshlTYOAehAP06ZyxBwPjH4p/DrXPhdqcdvdXcd1aTFhazRSEmQR8HIBOCD0GDzjHGc/Y2i+INW8HfBG41fSJVgvoYFeKQ4LhJABjgHOcjPQHJyOuPgrxn4z8S+NboS67cyXjQFmUt8qruOQETGenc9cdsYr9IzKjTqTg2lJuEUtL/wAi5dNdNbvW/wAj46OKlRo+zV1J8tmm2kvdurK9r217v5FjSviZr1m9nFAZY1S4hEyLNKizojBU85NwDAA/ecE4yAATx+vXww8cf2r4Q8JFry10C8iu1kXVHYLFbuFyAxyCQxyFwTyACMZFfh0bzy51YxFtpVcnHyEMp3Arkbh1HB7/AHua/QPwxMw+GOnXLzz/AGVXhkdg5U4DBiUyfT5TyvHAwADXzeKyilWwWPpYaiqVXE0pQlNU4rmfKkpSSWr6prV2asrWPuuCuIp4XM8NiMa54ilhKlOpGnKTkuWDTSX8t1fWO29j6Y/aH8VfES60W4u9W8U2Wp6KzzWZaxbE0kSj5S23O4YwQcZYkZwRX5iT2d2LuzacX8UFxeAW3nW0qLKrSA7lLoFfI6sOgODzX2ppV7dePtLbRdNuPN0+1uGeaS+O6MNGhcRLt+9vCnJzgZxuHOaHxx/aP0Px34T8E/Diz8E6H4bvPAcC2c2tWdlDFdalLbsY13yogkZ5CNxeQ7mGOuFr4vh5Y3I6uEyylg44lTr8uLxMJ+zdGD5bVJLR1LtWtdWSu9GfoHHEMr4qhj+IqmPqYKFPD05Zfha3NV+sVeaKq06c7rkiklK70Wq1Tucv8Q3k/wCFT3USszosmmxHcQpLKApXq20gnGOAeRgEV8ixYMQPl4l4+XdkgYHBPJxnG4kY6H1FfU/i+8F78J52V95mnhmyBsGGO3GOvXv0PIGCMV8rvaymTBYRp5Yzkgl8gY2nGDxx827J7dK/TsYk6sLqycVpp15W+9mr322SW5+A1W2rtNxjdJ9HZryun2v3tsd34FiWS/YYwxvLYqA3AG7np82Bxk+vUV9sfFF2g+DuoxGPn9y2DxnKrn5uSGHHPbIBGDXxv8N7O5fVrgLGH8tYpWdiMIqOpznn5mGSAAc8dOAfsT4v2lwPg7cPJ8istq2d2dwdQAcdTg4H446CuapyKjOKet42TWv4db7eV/l3YWM/dkoyjCztbZ6rS70vpe9/LayPzqYDJCIuCF3kkEHnJ3MBhWGSDjGeuPTsPCTRjWBt2Liaz27j3EozweBnjI6HjIOeOO8gpGyiVSSV6MCEHy4JHXA754xj041/C8kw1hFQCXFzagEgsTiQcDjI9CVPPfJBNeWocyu7287Wty62drpJNN2vpfd7elSmorVNp2utLrT1TWjTafmtrM/Qr9oAJ/wr74deTIGkEZBLMMcwoCQM4JJOST2OOeq/I7IXdAUDgqTINyjJxznI5OCT6kk88ZH05+0BJIPh58PxIkakxqd2Nu0GIZJ5HIGPpg5OMY+SC0jCPy7hlCKxBySCQSSB2LNzwRnGOQRXFWpXndNKy6dddNbPzv087HRVbdSOjaSi1bdtOKa1fl06Wu1s/qL4Dxx/atPKxDnVSpwcHG1c8KOoPTHuOe9P43qqfE7WQq7MrbDLjcpQqo5Y/dHGCA2M9RjpU+At3JHPpqkv5j6rIzHAxwvHygMRjv06fk74yXsJ+IusK85DMIeZOCdiq2ATggYyDznPfvSq04OhHmaavbSytrG11Z/J+t1qejTnLkhFRtdJNae7s4pvS7s07aK7tdO9vKZbKaS21KRJIj5cq4BxkE8nHXHQ8/TIOTn62/Z2haK1vXcxhzbyZI4+UwMRgg9wecV8oeba3Gk6tKJUVw6BEJKsxQHccjsfqcD5cZ6fUv7Pd4YNMuFQpJ+6cluoI+zkmNeSfU8kY+b0wOOMIqajpyva9tfduk9Fq5a3vt0sjaFScXq/tJK0r31tt89NbuzfRnjXjO3FrquqSzwFlfUJxH5eSpzMSTz1JBJJOTjvnrrW7QyXGnLEBGVtkchsr91QwA44JPQZAABGDkVX8Z6nJeT36yxmMLfyiNYsEECR+QPfnJ4P0C1mxXAhu9PKzHe0CBwcNgBcYJ6AgHpj72MHG3bxu/POEVe8tddldcyT0d9NNbtbdluuZST00+y7J6u++mq0t8V1p1Z7Kl67X/hzaoCrPEzrtADbpVU89T2wSBkkY6DP9Pvwl+I8/hv4e+CbMyXBhi8J6cGtmTzIwXt1ACsBhVJ7EjcSM+/8t9i0cl9oKNNjbNa5YHG8tcR4C8n5sHqAAccYPFf1E/D2w02T4VeFJbu1Vkbw5pQScttkyLZMZzkjnBA6YxySa+W4iw8JUqCqw5/fvf4VFWjdaK7u2vJ/l+jcGV582KV7JU4O678qVvJbXvp0ej935l8TfEjVNP8AGOqX+iXEcN5BPPM0d3arNFulb5ooY3UoCBnDAbmO3qa7nwp8RrO7m0mOyu/Bs1zqes2za8fE9tF9o0951Mcs9s6bHEUTOSqKwKY5zg4858afDTWPF/iW8tvDs1qCjSSzq06x3EkSvuZYzuG99ikgYJwMnBwa8n8N/De1m8fqolWS20y6jXULK6uFeS5eJT5yqUbaRuBB64PX5unF9Uw9SjG01CdOndJOLduSzl1d1ZJ6XtbVNo9uWKrRxDvFOE3yq6js3q46XbVktd727o/RPxppejeH9EsL3VLe5v8AwZBqVxYan4s0OW3udMmvWR5bZNOdhI8RkIIeNiduPTmvmX/hNfhJrkwWLwtrEEdncTR32pRT2puLkRsVifPl5Ukcv83JyM9RXb+Ib/RbjwWnhW2ub3T/AA2uqNc3ujR3xaJbtUOyaG3dixOQzF1B2jscg15hofgL4d6kzW1h4xTS3l3Nei/VwpZydqBVKnIyQeSMdPfyqNKFKhyVXViuaThKKmlNOSts2ldpvW7aur7Gzc4VJy5o+9K1nouX3bKzurRdtdHumzSvdUi1W0tJLZpJLOJ1SyjkZS8dulwm1G2cbtpAJzxyBwVB/pr+EkWfhH8NxgqD4S0vBxkAmEckDp356dlr+YR9Lh02YaTaXsN1Bp99BaRXVuD5VykswIkDFiRkrwmWPAzya/qK+EqBfhH8NvmDEeFNNGR0GIFHX65IHTPQ5ytfk/iThlPA4ZRu4Oq3d6tL3bXbtq772v2PVnXfscKuZp+0Wl7291aLpp08mux0hiKlhjcGO3OSBk8HJPABPAxg5Zc5PJhSIrxt4JyPRQMdQRyQRzyAMds8akkRLHIPTPOOSflAxj/EAg4waiMTBhnPBHAI5ABzgjn6kZP4Cvw+WCV3tZ2VtdFda6ro09tNEmrJnTHGONk9beS1Wl16dLx07dyuiEkg5ByAQAevOcDueeT6nGPRzW+4DJz1wQd2OeuVOMke3HOADVtYiA3BLE4U7tuMZOcY4wvJ6FsD+8RT1iJ4IyRgYCsMkDoQcgMG+p4zjPIzWDtbTrro72dtNO3Tp06Ezxl7tRatZpbW0S102fa72t3M8pt4UEDaAACABn0wORntgY9PUCNuBHtjp3wCN2cAnPGeoHQ81rR2+7IAOQAck4HcE/pkjntwOMvFsAcEKCOwB3AeuTwTyQAenNbRw1npbo7O99o20frrv+NjB4ndOyukrpW6X0vfV+l+/d/AP/BRpFP7PEJcgY8S2fp13KSuenU9sex61/PxKyZuwSdrNIFVPvksMYA6k5IA69e3Gf6Ff+CkEbJ+zkj7S4TxPYMQAchTIMbicY3ZIXJ69D0Nfz06nsEw8mO5e489WxDCz7CxwjuI1PAPUEHGewOD+/eGVFvLI04pPmr1GoybV2lDvprpZXeu6aNKdRPAe1k9FUqqT5ktHJK7u7Xe9u63W6+ZfEfwc8TOuqa1FdfZba0l+1GTUJ44ZyZZGKskDjdIFBUZXJ2gE4INY93ZXGnXOlWl7crcSJZyvJPHykm+InI56DkYPIOCuCBnsfjjc+J5tV028iuLp4p7ZLbyI0lPzQsAXeFfl3YUjDJxnHOMjldKs1uJLdtUlvo5pbWd2SePaybIiFJ3cqpbnAyOOOSMftVChiG1OtTpqNntGKa0jZN8127LppufL4upTdZQoTnFqKcr7Si0na7ert0Wq+4+iPgeXfRYFDmTdLKh3AYC7y3APQDAbr6nKg19HTRxx4jZVTChlGcbsgqCCc9QqjJbGSDjJJr55+CUUcdjFDCwKCVgHzhSu7HJ6c5J5POSGPOT9B31unmxyGTcYyNgBYjbjpknPUAhcdc5weBhWilXkktb7222ve3V7q3yPSws3LD0+XV6K7SutY6vXXzXSyeyaULx/uSuwY+fJZioPyscYJxjgcdSTywyAPhXxT4d8TN4znaNpILC7vppVu1dyIogTwQCCeO427iB1zX3OZHmj2NzlZSwfGCCpzgEjJBwfVv93Ar4g8X6z4t0/wAS6lFpFy12N0zxRtCZYo/nYsqgZXcoySD1APUAV35Y7zmny3cVrLsnsk0+tnZO67Hk5q4xpwlL2js9VG99OVWfdXslHR262PF7Lw1e2vi0Xt1qTSyJq8gjRmZpJE3/ACFoySz7gMhcEjDAccV9baOutiRGMwSHdmOOWPavAG4YxxkYwCR0Yr1r5Bh1bVx4gg1i5VZJ7fUt8kQjblw+SDCOcZGAdvY5r6XsfiVrmqRpbNpFtCwPyv5ZVtqggNggY3c474PBGefVxMGlTvGF1G/KrXnZw+K7TVtLRd1fq2efgcRBwqpKbcn7qk171+TV66Jdvn2v1lrqus6t4gstGu3ligSS4ZLhAqAKuTgswDYOCM5OR2PUfXdl4Y8d6l4A03V7a9WPRHguLCwVrMR3D3MBJkWS7Cr5kbKvGWAOTwcV8VeBta1LxJ4nt7S4s442h+0s8uxo1ZUVspk4HPbnPr3r6t0v4v61oHhyHwvfxz3fh+G8QaTHExWGO7mysuXIIZlbBJBx78CuCtSc5Jyje6i23pKUeVWi2tGo2aW7bt0PRlWc6K5JQk7xjzShdtWheL5U7qCu0+7jsz5U8f6/rPh+9iiu9KtobWSSDzRErMzEk73O3aA0hHzbueO46e3fBfxlcXl5a22i2MCXdy032aGdWUeUoBuDuY8g7VKkqdpyME1y3inUfBOp3Wrya3dTm2W8iW4ijhLGyfDfIsu3OWzkAcHoSBmu9+Bl54C0jXrLVdFiuLwW811b2JJ3PtmXLhoiGKgbOW75PXoXiJQlSfLSnT5klqtYuyfN03tp2mknzGNCEY1GnKM5PdcqU3dq76JLs7Xukuh2dv4ovdf8S3GnxeHYRex6lc2d1eKrFGjQBWYKcksgLcjkdD6j2Ofwbp/hrVdBuXsra6GoacZJXiSRngdiS2QD8jE4Bz1wOmQK47/hZXgvQdWimuLG+t7zW726W1McEYTz2k2Od6pzgvlucZPPNey+IvFfhzwneeGIdemmSTxBAbfTUMStE0pUOWkmKkRqAy/I2ARjHOTXmzgoulJU5JyXMpPmafLyNtpO75ut3az1XVdVaU3U3Tin7rtpG/K0mu8rct30d10R86fHFtKstM0W+1XTxd6bcXyQQRBcNEqORJsY7igYcs2Mc84zg81H/wAK6TSZbrS9KsjAhjZHFygO/aAy/MfvJgg449Mnp3Hx5h07UNI0AXk4fSpdRCwmF1UAMW3OXJ2qGBPJ28jsvNYvhrwJ4AbR47G2lglsxcCXz5p926RlztyhC7d2QeByOdxBx0uUFQheThGUmpLlvLpzJSf2U9Vd7LyMqMuRt+zTkuZWcrvdPlvzXalulrZLpdG38JNT8Na7c6rp3hyxMEthFOt9smDpukgkAYnO44JwQSRg/jX4o6j4Z2fGrxvLcyRW0NvrepbvNlVDM5uJCChYngcADkdfUY/d7wF4J8N+ENTv7jwtBBBJq0Nw164uDIWdImxtTedijaSBnknscmvwb+MOix6r8VPGsMl3cWk1tr+o/PbyOhI8xnwACvUg8884I9B7vCVSNLNq0qalVioQcHLTms422bV1v1b62PjvECHt8ohGc/Z89Sz0vFaXsnezeidr66tXPTZ4rCERxoLbDKpkZpYyVUkNuLZJJ7dcHjA7D6q+Ed3ojeCvE0ratp1vbxvAhIvIlkO1cOMbt2QOcAEgA47E/li/g2+vbkRW2vXaJKmDvuZtwCnof3hOAN3t27Yr3H4d/A7XLvw4LibXb6KwfVSt2YJpwWXAKtP8+x1b7oyCT/Ecdf0rMsfKrhakXRsrRi5RezVradHrfZ9Nun4XleS0KWYUqyxLm07qHJa73sm3pvd91p5m9feIfDMviLxHdy6xYWsJ1R1gY3EYVo1JRnwegLZznjOe+K0ZdS8F26boNd0yZp1XP+mQk88527uScZUDHIGea4nQPgl4b13xHrMOqypJaWtzcr5SSOjTpCDhslgctsGWbBGSeuK8h8YeCfCljf3lvpAl8q2EiB2lcmBllZflCMMgDjBBOBkse/m04T+r0tuRrfq37tna7Wu3W3bv9PiJ0liXFqTalvpe65U7NtPbdapWVu59FXN1Yj4fgWd3DcvNqk8iLFKrjy1zhiFG1cDHJHUkjivy58R+K77S/FOtRWGmLf77+581l4OA7Axg9AcjqByOxxkfZ/gq2ubbwnKiStLBFezlwXZzIFUgEKcYAwSAuCeSff4j8Rx3C+JNVuY3VD/aExCr3/eHIYD7w989BzkdfPilHEVd0002+ivy63Tb01TWm9rXtf6Osl9Vwu6i4xvpa6UVqt/v3dttbHv37PesaxqHibV0v7M2dgdEuDEGYBfO2udmeGYKDyQeo6gcjwG+1bVbDX9Yih04XofVbto5BGzY2TbgV7spHscj8q+hP2f5t2r6lFdsCxsblok+YmNTE5IPI5LdM9CDk9z5nNHG2r6tLuVWi1C727eoUzOSFHIIIOD1yASM4y3oRrP3bNSnZXV+jaTTeztfmdlqrromcihHlik/dab115k91ZuzsrLorebR718OPF+seLPh74+j1nRIbUaRopFmY28ovJ5R2uATkkYByMAZ6dK+HYdW1yxupDB9uiBZpiILiVd7FmAcgMARyykDOQfotfcfw+tftfg/4hmMkJB4fMzjftBcIq4PQEc545O7gnjHxjNKgn+ViqxqSCCGVsMwwc7iMHd64wPeic5Tkua0vknzS917NNPfTTyWrMuTk1VlrdWSd00ns7cvSzXZXdrH1TcTfaP2f7+4upZGu2ltpZUk/eXBY7CCWIJK7Tk55PyknBrjPgs+mw+KdFuJZrjYmoW3mNsOd7kAKMhcgcA4O48nGcV1Wn3q6l8EvE7JGoMMFqhO4M2QygyLnOCce2Ac9s1kfCGY/b9MuTbxmLTrq0mkZdmZQrrw3ABJOG5yBt/2cjshVqU7JxUfdsnsrJxV0uiS1a77bIwdOnXnaSUtOnXRXdttne2iXS19fu79ppUgewu0mPlnwAycqxYMyLtBz0YDAPTvu4Nflfa3UEtwJ/tG14d5cuFOSpOMcKFA5HJ3YxgcnP6gftI68L3TopJLdktp/BjmDzFVWR2VAgDH5h3IUNwT1Aw1flRbXAS6WDyAwdisqnaQcbyCzLydwHUkjHTOBnGnU5VyqTcW3GXm+kt/R22367FalCEaaS/mXw9U4rv0VnZatXtqfS3xMvJLv4MeAoLaAMRqE7u4UupyQcjPU8fwnHOANwzWL8MbdgubqYxh18oKrKFidc8sD03A8A9cHjpXS+NUSL4HeCpAphVNUlO4NwPmBxkjkE9QPXjIBry7w9/bflW88JdI7hwyiBdxc7sKWwvIPUgc54NawUYyi5Wd2rK2iba2Tei130V3s0kKlKXLJ21SVnbZpxb31jv1a632uvpb9o+5hGgfDNTlo0024WQ7gN5ChVzkcAYByc9MA7a+M4StzqSLHceUiTIwLnKswkRhgjA4z3P0HXH0R+0VqdzF4a+GSXErGddGuGkUKwKkgcOCpOTzx16Cvl7TJ2vpoizrEqmPaw+UAiVBz6dgTjgDHXrlWa9u03e7i+Zf9u3Wj0Wy1dn8iFNcluR33tde9rG/fdNfFe/4r6g/aKjzd+A3kYPu8GWJkdnBVgEIVlAz25AGTjqBzjzH4fTqfEGlxoQVXUbZkLN8pBYcAnqScqG3BRyOmK6f9odwf+EKt/OLTHwhYea7FipCqcDg/LyOV5AwGPTB8c8BTgeIdIt/tEgA1G1ZduMli/3QeCpLHoenXAxuqMRzRfLzXstdVrdJq6f2l1ffXS7NcPJpQlrur+qfwvTTXrprbbVHuH7S+riH4hWbCIrOuh2ysY+hIGM4OMgjqRgDGR0rtv2c2stQ8VrNcXhDLo1wShO1twTcqY4JwR6gEEZPSvJP2mC0PjzTZJ5GhkfQLVgGO49FweAcAjGB6nAPy1ufs5XTXHjWwt4AHdrSdJml+XdlAcLwMjBHBPUcnOBWeEinHlScpfDFpPR6a6Xem70tZ2ZtjOf2sk3pJRbTV3q4O6ttpe60TV7PZO78ebR5fiTdvEPOeS1tY0Dk5I3AKoXtxgg4+nODXsXwqtbyBLFLy1jNtbTQAIjjzN7OCM5GT1yMjAIwc5BHgn7QmpXi/Ei8ktsLPHZwSRum4hDG4QgAfKzDGMtuGAM5OTW18MtS8R6hcQXk11dm3iaA3DKCqhxIAGwB1VRjI54zk9K9OhKcVKKlf925Ste7W7V22k72vfy2ueHVtKtGPNreNnbVdbW+a3aW71eh9meA/hNY/Fv9pa60y5u4tOu7SztbrTIHKP8Aar1IwLZDGwBJDhSxweBzkZr9dPhf8N/ip4T0DWLP4s3KXNnb2GtWehQxLF5KxCCXyGWSICIFVC7U5JOR7n+cf4m+OPEfgT44weIfCev32ja1Y2thd2WowSFHjk8tHZWVjtkViuCrHG3I4xk/oX8KP20/jh8S9W8KeGfiB4sl1bRts7XFvbQrDLJthIR5JERTzgFz0PI46D8U4v4HzvP85oYzCV6EsHTlRmoVJONWg6clObpJaNzsr3tb0sfoWTcRYTL8FLD1qUlVcZRco7T5owSTs0ujd2t9jC+Mnh+z8OW2leINOiazn1V7y2uWREeSS4g1Jikz7RvxgA7hgdwcNmv0Fk06TUfgVbTTKkmonwoCvmMwWZJ9PwrOMkOGJwM4w4xjIJr8NPid8XfiHqHjLWtFXXmbSrTWdUi021eFZEto2uZAI1LLw5yAxzwcEMK+kv2cvjD8YdQ8Qad4d13xLd6l4Qu9Mu7O5025jUpGtvE7xQQkruQbgpGSB2K8mtZcDZrJ08TiK9Gf1Wr7dS99ycFKGidtXZap322VrlVc+wmImqVKNWn7SMYJL4Lrl16u7dmrtK11omrfmV4xjutO8SatC8A82DV7yN4zGSPMEz52jGSoxtBGctgD1H1f8CZ/N0jxESzLKPCeomSMxlQgMb8cYyOcYJJ6nngjw/4iTB/iL4llULltev1xKEby0EzqFAHHI+bjHIPrk/Q3wNjiePxfEj7i3he8GEUFMeSxbJIwoyeT2yTgbcD9SwE5QhTTXNelGD0V3dR1VtLr8LvyPmqtJc1RtrSWuiX2oPmaTWysn01Pi281dYXk2wNJKk8oDMoIK7mOBzkYXkk7QoGT0r6i/Zz8QzK3iGFWWKJfD2oyYCbWWQxSZwDkdcc578djXz3f6JDHc3Tx+VsLzBUO4AN5jlgPUknjHY4GDwfoD9nW0lW68RwfZojJ/wAI7qcm9xtwnluSMkZYYOQPTOdqgVpzKF3KK1Vrbt6pb2et3bR/Zeu1x0p1EldapO+3LZxerXR3trb9DoP2XfiRN4L+L+la0b220yKG8uFGp6lEk1vA73IUGSJsnaM5U9BgE8V+8nxA1Lw5rnwU8XeKNN+IQ8Ua1qOgahJqujnUgdIillAKtaWisdq8EiNgTkHnBr+ZnwzHbtqF5K8nmTRahcfuixEYRJ2Ycf3RjAXGRnOOc1+ivwi8VOPBvj+CN98EvhO5ikgBdlQCPBKKdyhsYOcZA3cg4r8v4v8ADXD8S5rlvEP1yph62U1IVKdOCjKM+WpCajKTu463TXRPa2p9Pk3EMsBg8RlbjzxxCknPm2vFwbaWito7PXW3a/mH7PWheIfGnxu8EW3ge6jsdbtNSeWLzFxFmN2MrSyH7kJAwWZtvOT3NfqN+098IvHtn+zT8YdS+JEGk6tfalqWmalpsOkqjS2ljayJE1yblfkEOWDFF6nnnv8Ain8NfHmr+DfFltrXhfVpdH1SzlZLe+hAaVDNL++Ri2SVYZBXkEDOeDX6c+NfjJ8Rvi7+z1478P694iW6s/DWiRX4uE/dT3UU8sXm28pTaHj3EHY2VB+6McHz+KeFs+xOcZVnWErYaOX4GWHjiU43xN/aR5uSVmuRp2t3vzbHr5DnWBw+X4vLJqf1iu6ko2vyttRUd2lve9lfRPpY/MCLUNKTxXb2CFfsVpptnDHIzqqFwg+V9o5IJA9zx7j3nUZ4LrwB4jgjRJWTTjvOV2pgYUkrjJ254PXOf7uPj/WtNtdP1u9aC8ebElu/Vy33FJz0IBY8EcKMjIxg/RvhS1ln+Hfi6bzJ3VtHMp3FlG4DoCRnbjDDbgYUda/Ystpx/s/kbtJU+Z7N2avZ2urqStr5nxOIqN4yT1TU5N2vyqN0rNa63t1tZv5/af8AwS58cf8ACC6x8QBO2m20d/ZWjKLu+W2LldwJjXcBJtz1A4z24x0//BQzULfUfAN1fJDbTC616GcSRTCcsGO52BBY7egBJU8AKQRk/n3+zT4N13xj8Q9I0nSNc/sSe8BKXRkfaqxNuKtGGAdWxkA5BbAxzX2J+1r8FvFvgv4P6xqeteLpdaUX9qqQOm1o1JO14gQMKQvUcno2QMn8+xOV4TCZ9LMnU5a+KUI8jim2lGME1JJ9HZp6vve1/wBEw2ZYnF8M/UfZp0KDm3NpXjezbTSTStK2tr7Hy1+yt8U9b0GyvtH0y60iCCK+W5zqTqjDzGCbkDFSwjwMgdl9evuPx88U6lq/gjxBeX95o+p/2fPZ3EI07Cx24nbDsxJLSeafvEEDOM18QfAvwvFrWs6gjSJFthiIY7tq7iMkAdSwYkAZOeDgLivvv4x/C2w0H4KavLCwgmvNIstRQurh7o2rFptzNxgdQo+UAZBOePcxdnhYcy19pFRT5VeN4q1+qd0rd13seDl9WTjOEY2UY6tLtolzJ22V2n2vfVX+JPhh41lGt6NZm1iMcGp2su7AVnDyjGA2DgE4ABJH3ieCRq/tc6mlt8YBLOvEuiWBYxZyA8aFQSQw4J5PcLjvx5Z4KDQeKtFmkh+UXmn5CZ2tulXaMDjcAecZHJAyK9D/AGr7R9W+K8NthAP7C0142ZthVREjc5PQfkSMEDJxE6fLSU1o7PfW1mrXTXr62T6XOtziqEoWu3N8rab6xWt07bbq36nz3q+v2Mlqbe3AdnZcIUO5TgAn6kkjHXH0zVWTxZHFoV1Yi2AeYogGwnDKBmQnI74IHbABzmtmXwWPLjuRcxIuQfLUgEjaCzc5JwMkEdRjrwBz+taJp6Qi1t7nMjbCSzbgSThifm5A+6B1+Xdt5FeTVftJ6621i9NV3W3Vpavf5GcJyprlW28b21Wlra7N37LVdHZctbTs7BZIxs2kdSB06lvqSQMjjjkDIu3+1o4V8vOUUO3oOo5B7Nzydw24xjIF2z0GBD5U0xwoBL/MEJKngsG5yeR68E8gGtCWwt44CIpSzKu0Ko3LuBHQkEHOMfoc1Ps7tWWq91/CmrON+t2layXolqrNyqvmSfkrJxumnFu+1+y11u7a6nANIjIbcHa4YBRuXDbWyBz1/E9MZJ6Vk3AErMMmMoxVEYjpkE428Z/A8YyMYrrH0YSzh1dllkcliUKqpIJ3fNgrgHAxgE++DUN34bEMPnCRyQTuIcfMxxkqMBh7cj1wRxXVCm2o9ulu3LFXdr6q97JtPRbrTKU9Fbq9E29VaNuZ291pX3vHVrrYz9ARm1GxXa0jx3UOFA4T98m4L6gjkA8AZ6Y4/SrXdJnv7zQvItpHP/CP6YisMmJHMSfNKwx8u457A5HIPX84NKhOn3lpN9o5aeHceN2fMHy9SSRnAPQt9Sa/UTwpcXtwNHNjM0/n6PZh1kj3IrrChCscNs5G3JwP4dpHSnUVBKTirLu0+yTerlZ+7s072dm0zmdOeIpypqMm24pfDaysl1Tu9LtJu1rJXMKytF0Ke+XWZysqq7xRRuNrKyFcAYBCZJySQo6EKQa5O7vFPg7V5/3aeXctboAFZnWSVcfOSRwpzhgw65wcV6B4v8FeL9Uku7q3jt0luLdo3ViDtQnICYIIO3PK4OexPFeXJ8KvGM9jPYLOht5WWRoizhfMByWJJznI9uf4iATXVUzShWpRjFxTiorRWbknFKTu9bPZWsnucNLLMfQqNqm5Jydmk7uN42Wl7pJrT8O/SjUNN0bTLGaAQiW7sIkckq5Z3Clg6nLZGT8qnsARiuesNSs7yTxE1w8SzeQkUEfyqGK42soOXBJweTgAYxwKVvhf4zzar5MUiwLsyzEpuUjkKTjkgEYxk9TnAqmfhd4ztpry5SzVpJ1yuHON3y/MclgcegGBzwc15s8bBqUbwckn91kvdStZ+V7Xu/I7VhMY5KXsJcqtpyNX0tZqzfXft1aP0n/4Jh/EO+8JeMPiVbS3FjZR6hoMCCe62mNZEAUA4IO4AYKnkjIOM5r9qbn4heLrbw9JrGnvpWoWwtk33CbU3hyFDgE52KO4wACeMjj+aP4Df8LI+Fur63quneF7HXpNYszavHfSssNrIykC4QDHzBsnnoRjIAr0vXPin+2JrWny6S2qyabpkaTQW1nYPFDE1q53eQSFywUBVBLb8EsOox/KXH/hXnXFPFGKzPD4ylRwdWEEoSkrycVDnTS1vvtrpZPSx+wcO8S4fK8qo4WvhKlWtBSi7Q5nFNxabctFo9XFK1tGfrX8Q/i1qHiXxf8AD7R4Gsr7WrOS/vwLedZYUMNs7vFJhiUdFAGTgZ6Dqa8t+PXxU+Odr+zno2p23h6wXw34gk1ywZoVM13CkNwUkkaJf3kaE8lyArDJ56V+V/g7xP8AHLwn410vxZdaFNfT6RHLA8Jedor1rlWjleRtxBZs8kcdcrnr9KzftFfHCHQIfDlv4QS80S50rUrGWwv42uI7dtU3GWW3QgrG6E5RgOgJDZrwMN4RY/KsflNeiqWJp4KtTq1btK9p3aXM3e71d1fS/Y+hpcVYXF0cRGcJ0nJONKL3Wlk479bp+b0R8F+N7y7uI9MuJbZFumBdfIj3Qs5zkgYJVjn5SSOc5JwSPK9ahvZtFs5WtGgka5mWWUbQSxIyAOeAv8XQ7SCTkGvePEmj/Ei7vNPLeGp4lsQzMqW+PNUgsRwmDjJUHkEgDIIBrkrnRPGT2E8A8MXjxyNJLmW3dpIXc8gKRgDIwMgZwD6Ef01lzhRw9OFRKDUUnFNWTtHa2rVly9e/R2/MMyp1K1aUoQck2276O14vVvtpF6K3Xql86SW0gZCyMWaT94DkBznB5zgYBIxj6HGDWxaaXcSPLtQgBCxJXOOMrluCeevRlyD6GvR5vBXiyRbd28L3wEZy5Fo+F5+8cDgEcntkjj7q11Oi6JrdhDtvvD98yy+Yyn7Kd2NvAfcuNu3BJAHTPPIPRPEq3PdNRtZOyV9LXd27Wd7XV3otE7ebDCTbtKErtp+7Fva27Wy180+mx5XpGiXl5e29rblGurlmji3EKhc/dJY4GAeqk+vzYIrp/GPw+8VeDdP02bWVtmg1RJHtxBKHG4ZIZ1UnawOOq59gcmvU/AWkWkXi2wu/EGkXw0yASSNFDbSq6vk7MgAbgSBjHBGRnpjvPjBcafq9voUPhvR9SktbZbprlrq2ncxSNkBEDA/IOBx0OMkjivKrYq9WMVytNJuSbdrcqt16WbTlfr3R2UsG4wvJNyTXJa+mkOZcrXfbX0SPljwxb3MW2d1cSySrsAUBGIyCQW4HHB68/Wv2B/ZU+GnxN8VfCnTdd0bTrK40nQtXv7uOa6bYbmWKJnktlyQNo5GeRycV+akWmsdMsMaVdQOrkSO1tIqgnuAFBGS303Y57n9q/wBj74r+GvAX7L8eiXmqx22qTa1qnnWcw3XEcE0TR7xEw8xSAOCuA3JwCBjnrKlXTVWTXuPkcXZqT5Wlpdau70Sbcfu9vKoVY1Eqa0lbm5k7pScHZRWt9t3a6100PN/g98dtU+G8PinQYvB6XR8Ra/fm9uI7lI0hvVd0MEe/gkuMAjnODzwDj/tZeKtS8TT/AAg1HUPD82lNbS5lthIsr/KcCRyoGHKZ2j+7z6kea6BAus3d3dQXksMEPiq91V3dTGGtvtTSJJgjB3j0PGeWXqOv+N+qwa/qXh9bTU1ufsViJypJKxShAiqu7cocqpPGMnOQOlLDzpUklzJzha15La6e0m7vmfLt9paW1PoamWSqR5mtZpXd+ZrXrF2SafZXSavd7bk2v6XPaWrO0YE9ssSwSIwKuBgnkncfugEAZB9MhfhH4haNa6R8QWuI33PPeQ3cmFZoEjJ/h9ABkfeHUkc8n6L07Ub2RoWu0E62sYaNGTAcoAc5AAzkcgc5I5xxXMeNNPm1tWv7TRLg3TPGqXIjDBUGC6HG4lcMWXHPbHIFd+MxMcVClCMIxcXztt2vpHmvulzPRJvRN33POWXPDSbkpSu9I2atpHW12km9NWopO3XTkfEWr2+o6JqNtYM13OtiUEMcbGRCVJYN3KjvknBOCMjJ898FaVc67qPh+xuLaWJrAmV2aFwiESfLv3fMMkZ3DjIHOMmvc/DumQaVp804gjF9LG0U4KjeQCBhw4OOhO0ABSOO9WIY4bXUxd20LoVt1V1UKgZy24E7R8wDHAx8p4AB78ns4urCcpU7pq6TWi5klay6W26aJX1N44aThJJXi780W76SastL3VkuZPVemp63JetbWD29z86QsqK/l4BVEyoUjHfGNxyCQcHOD5X4X1q1tfiPcPd+dI95bDylRDnJ5wV2knuRjjIxzjNdhHqPm6cXu/NeTz14dguADkZHy7hxkj5QeATjrwDz28fjuLUg5VI4VRWhT5WdhsOcKcck4GCQM962zetCrPCqlOP7vlco6X15bJ+as3bW+l77nO6bp05qS1nFpW0ai311jey23XTqm++8XeLbB9V0mAWV1PAkjo5liZUExygIAGDgk4244HHTJ8ZuBY241e2FpIJrvULhpnWMKoSVXZQ2VyB3yMHjINeg+Kb0t/Z7wbpZYrstMWjZlQsS3DBeSeSFPPYdieKnhbUr7WIopEEu2OYs4K/MI2GAMjBHpkAjPAxiuHHQlLllKMKjlGKt1iko36b7ddbWODDynGFlzRs43clpa0UtNne1vK63MbwB4fhu9JiUSHcL+Z9nOECktgFcMTwMcj1Jz11bOzE3jz+zjGqobUYOQY16ncQW7BcbdwwSV6EkbHgvT5dH0iESSQmSW7m3bQWbDFhk8kK3bp0AwM4NcPqcl3aeKNRmtpcyQqMSEtuCY3AIQfukA5xgc8EDOPAxGFSjGThq2rq23uxsrbpyje7e1tVY9fBYtpzi+ZWWq1fu+607tO90mtNU1ok9D1T4hxR2fhC4RQrNtgRGOzejA7DjbtcgYOSTkDJDdM8Z4WsYJbnw3K0MDWyXBN2JdpWRQAxRmbONxDcZGTwTmuR1vUb3UNPklkuZHt5JEHkOJGVAvUkZ7nBBAA7ccGun8I2812umWXnEGe82wrtYIQwAJYkgjBzuyRg+3K+LisNJKainrHS17q9mmm1fa1tGuierR6+HxUJyhaUlyuL1btZOLVm1rey/E+2LjVfgnqnh/Q7B/AukDWIzNBqE0cqo5jVWUOduNzOSuAeeD15NfK8+i6fB4umsoraFLSO2lmji4+VGd9iFgfm8tNuG6Ak5yTx2OkeC5NP1G4imvPMijDvkDLGSTlQjcsQpGSxOQBx1rmmikXxdPIBkfYgDIctgKcHJ4AG0fl3r5ill88HKTm6klUSk/aTcuWzhHbotOjel29EmvXWJdX3k1FQSTatZJcid+WySbWrfnre7Nyfwlam2kSCBFka1a4EpGQgX5iMcnI+XlcHPT2i0rwjbPaWVwrsk99NJAc87QAfmKkMSD1IGTjGT6aesXl7HZPc2IwEtooXdQSQrswcADjBH3uM5znOOdXSbieDT9Ju7mMrG98VTaAAqbF3HA4G4hiRgY4x2xFSl78YRi76XfTVJ3stVbVPV3vZdjelVUdU72s3roo3jfTo73TdvtN7XRNoPgC5uzdW8d0EEFwIgoG5XcNjLN/Dg5J4z6jJOdJPh9qiRT5uIC0VwI1QNs8xS2AxPAC98jnPAPWuv8EatDC9+8kvlxSXm5S3GQxOck8kkZIxwMHnqa7Oe5tLjR9Qnju41c3SRxghd+wSMQwA5wSTnnAI9sVzTw02/4d0tIvoknFNp6b233vr5GqxLjLm5k2laN5Japx3b0dltp1emrML4S/C19V1vVINcj22MNlLdWrROFMssasx+Z8lgCOcY5GAD1P2bpH7LuhXmg2ms31/fw/bYopQFCqsUe7G1ieMsv3T687W/i8f+Gk6XF9axCQRp/Z8sTSZ27vvDjAwc5IOOTwCeK/RDT9Qhk0fQNHjkEhXTUZlbaF2wKCrFQPmyBg89OvAzXo5ZkGDxftJV6Sla7Sel23G680lou9ut9PMxudYuhOmqFRpSnaySd7WdlZNtapeln0aPkDxH+z74Z07RJL+DUb1Li1ieS3MmAjKjEAtjGSxAzxg8g7QMHzWW3e00Y+bNu8soqFcZ25UAHscgE4JwPzz9c+ONUSXwbrGGjeSFpYwNvyoN59u4PIxjgZyQDXyLrE8Y8NSEsisHTLKwOQSNwz25IyeDkDiviuLstweCqRhh4Rg5Ur+7poraW11vfW9lon1Posjx1fF0pTxEnKSdkrJqyinbRW0183a26LHg+0ttW1bStPZY5Jb++isVeRgI4hOwUu7EjBAOMEgg8YBFf0S/sg+Ch4G+Hd9oYGVhvd6SbxJ5u9AzOCOi84Ud/XGM/wAyGjapNaul3a3DRyW10ksbgkMHjbIYYyMpj/gPB9Af6Nv+Ce/iLU/E/wAI72+1a8uL65+2qDNO2SyIhwBuyQqAED2UE5GM/nGV0qbzqlCUfelSqqLeybp2dml00Wul121XheJEKn+r3tYySpQr0E4NK8nzLVN6e7tJWfT0PsW5O13GDnnHBJx78Ak8ndzxk5wOKzyVzwBk8A59eCMeufqQcc9RWzexfMwHDZIyMjucgZ54GeQMHp6AZTxAEHtyPYMDjgZHvgkY9OvHNmmBvXkkuV3t200Wy2v+Otk2z8aw9T93Fb3W2qulZdE3fdxvfRpapkBYE4PJ9B05B46jAA44PHPQ4FOAwGHzFf4clscAgA84xnA6ememDIsS+mCAD6Y4789MjOR+ucUvlHPLDoRuOCT0IJGfQYB425JANfPzy/3laLfa+l7b+vptqtHdHSpN63a8m29uW19PVW0sl1In6KoAJbO3jaV46DnHAIwDyOMHpUABHzFtpB4HOfTuABnHAzzt4yK0DEVB2ruHJJGTjPUdPpnAx0x6U3YMfdxjAJI4B9AOW6AZUcYGAK5Xl8ndqEnZb2Widt/nd7rVaidRJRd+ZO7a6300V156r11KQy/8WWOcfw49R7k8+mOh6cyquNx+Y4ODxjcBgH3GBnr15IBGKsBAu3ABJA5GMHA2qem3HTAABwewzhhDbsdjxwcnnuecDoQuM47jPRLAtXXJqkm3Zu6bVtLNdfPXXpYmU09VayS07WavfS+z0dr21tsPAA5XrjA5z/Ichs4xkdcg/KcSJ91QQd2SC2epXvt+6QcE9D1xz1LPLJJJVt2VJ5zggepIGTzwM9jn71SLG4OcjjoCMYAPzZ6huMD0GTjJzUvA+63GLlLRfDpo1e9lrq7p9PxMEnKWy7d9Lryb01TW2mjuTEgEEE855zjbjrz83qWB9O+SKBMGGQVxxnjn1B3AZIzjJOMrxjAIKBBgZyQx6g9MnPQjjk4P9DjCiM4yAQCRkkgZxyV5wVAz6ZGMZJPGn1KXLG9NppJ/C7bq2+uqt5373Ik6kZWtazTjdJ7Jfa16v19LscJTwQd2B6AHk9M88e/GRkcHBoDtzjAGQcnaRnnG4noQMAKOcZPUct8tSfvMeCeBnjryRwMEjHHQ9McGQR8N8w52gYIxyOhwwycjLZ6HsO8PAVHzPkfldWs24pP5a6atJIm8nPVxUWtVpvypta9G3Zuz00TTGtyN2Q2Scnj5cnIzjrxjGM9TnIPK8EEEgnAyxwNpx229cH6ZzyMgihkwCevByV4DdRnHTsBjIzkE0MuSecZ6g8ckEDr0HP0z044rGWW1XG3L2buk27tWV+mmi1t52DljZNNJR1u7OSbcb33stZaPluldbjCnG4DnsDk8d+M9+2cgehwBUbbhweuOwC56kHheGGMdjjA6FhUrRuACpYkAdDnqO3cnBHX7p4PXmJw4BxuYDnoQRuK5zjnOewzwSRycVl/Zjkn7m1kotdXy7vTvrspcve5pRemkm9lq3o/d0vbW22lk1dpbkQPPAxk+i9OnH3R16HB555A5lUgn5ex755I6D/aJzxnrnOckZi2tjGMYIbpzkHcPyPbt0A44Xa4wOgycD/gRznkEZ+bv34zjNZPKZ8r5oJa2t7t3Zxat9pdNVa+vc0k5uOqSWmzS0ulurPR/jp1sTFWwCvpyScHkEHoQMZx6EYOCRgFpTJXnIXJB4AJ7jHfIzkc5UZPGTQDKMcnGAo4/MkFc5JOegB4565cA3+024FgD25B4B79gORg9BnFNZS43bhF6qSuuZJ6NrRO+7bvs+1kY3el7LbRu6Xw3Ubapa73aT1fch4UHC5z3Oc/ljPfjBIBOB1FJgHHTr0xyOenY/ic8ZHBxmYxnGSdoG7oCdpz1yMZBzk8nqoB6gGzAwoGGJAzjPPAIJOcHktkdcHI4zjPKpWuqdpPV+5GSd3DVaNrXS9vxGp3tZX0T+xprF3dno0rW766PrCVA5GckEkE9+OvX5RjsMEjoOGpMYyPy/h9xnP5/jTypVgTljjJC/wB48cgqOeBgjGQeTkAqeVnknBByc87R35wCTwc8Y6N2xXJLK583vJxs07JJWVlZvlVne+lktvu0VZ6OSSSacvh3TWl01slfRdFqpKxGoIbr34zyQSeR9M9fxzz1ceuSM7Tj247Z9Tznjn9ArRnA5O0Z9MluOh+U9+cYznp6ImQu7BLZJXCsO2eD1IHqeR0GeM5zyucUmo3erbae7tpbz62elnaxftI7p6tX5U2t+Xda7X67etyMx5IBbAGfunHX7qkke2cnnoQe9KyluQQpPB+bbkenJ6D0PAGasBVG48tnptycY4wMHkEkdfoOhprIhIwHAwRhhnk+p44yOOoBzkd6h4CrZNJNPbfuul2rdF1+e7VV8qTd7JXd7KzUb2T2TvHTXXrveBFwOHHzEZABbJHvnIOOmPpjAxTgF43ZOOvXtjHfH9ev1LypAGQCckZxkgBQDjgcjjj65AwDRu7qvAxztIJx74GD345wNx6HEvBVIOPu3bcbO139lO11rfVJ9ra9QU00rPey3tvbTdN3vp3fyHALkHcO/faQDjGRjGeoOM8cjHWl3k87gw/AYyQMeq9+DngYxk4pqjJyR8v8I6jHP45JHbkZx2zTvLJP+znBUAqpxyeo744DZPYEfMR0QwknL4Fd/ClHRbd7rRK2lrp7dTN3fLrdadrfZ2vpte69LtvVS5RcHnBGCBjODkYJwMAc/nkjAFM8sPkgsO65yRyCRnk5Hftj7oOaQRsCAE6EgYOQC2cL05zx069fWnjeBlQ3I6hcgAgjJH8uPfit44Wq1yuC0V9Y2e0b2Stbq7X6WQ/aK9tN99ErqWz31u9b7X3TTYpRwMkDcOxwRnjGAMk85+mOelIuS3zAY/3scDjgAgY4yee52/xAMeQjAJPT7oDEEgc88jOcYJ7dc9aAjMVP8GBgYbdzz6Zzznjgngnk0oYOs2rQei2tdP4dXdW6tt+qWl2obp+VtXfROK00Sd1ZvmdtbXvpe4jbQCFXsMjPHbB6jg9Dt5z0BpNpKgndweMEYHQEY6g8dz0/KpljJOAu088kEk8cEZJGWHUEc579aeYWPTAUYLEDoOoO0k45wB9ePWq/s+tK/up30bttpD0XfVa97pIuMqcVHV62VtG1pBdErW5dna9tno3WLFQQQe+Mk/LzgDHI6A7cDnABPGaTzCcjaBg5BzyB3I5wMdWHHc7iQDUrRAEc5LHBz064wM9DweOCMEnjgJ9lY5KjIGD6nBzyc8gY42knHJx3rCWBr8tknLla92+z91K2t3dJq6te7aV3cbqU92+XXSTVuyur91ZXta113IGkJIwMkf3s8k9SSCMe+AG45G0EF/mZY7sDA/v4bOCSducgccA+vG3sphYrgkYB+XA/unBySMAjnIJ9VxnkxGIbslWJJzwpyDtHTnJGTjg9NpA6VDwleN1aad7Nt3WySfS1mrNfjuUnTVrWTa1sr3SUbX9NItp6Lo+r/NKjG5lBHHzZz6N1GQeuBtwD2PQa4IKjeeclMAnBByQe3OODzgHaPu1EYjgbQQOcsO23B+jDjnqc8n3asZPtk8AZ4BOeT+GCceo57io1k0rOOitZyutFqlrorOydtHurKzvTa95R9eWTtay7Nf8AD9NC0t27cMMqOFJGD9Bzgev8Xy4K5HSdbgN0DBsdG+YKT1HYfmAMkHjoKyptB5boeAcn6DPIPYYI6LUbSMr7dpAP3eMH2yduAc9QemORziu2jGt7sVJttqOt7a26rZ6N9f1OacKTl7quvdV1Jb6Lprrr1l6GitzjqCegB6YIGAMdSD0BJIA6k9KmW5+6zZGCPx6jnI2nkZ49OQAecd5gueD6YZeuRg5yOAB03cAgD0FSKSSD5bZYAgnOB8vQ+u3pgdhgdjXpUMNi5SSjJpJqytJt7bJ27+Sf33zdGDvdW1V3fSzSSS2d07ttWs9VozfFzGASG5XnBweT0B4xxzkZ6fTdXhv7RNyP+FcXDgkkX1uxweM4YdDknkYBGN2B1Ir2OPcAR5RyQR8pBOBwMnkemOhAGecivB/2kZDF8MrltoCjUIAwB+YBQQCRwQPbGTk4z0H6DkNLEQq2qKKTw80vdVrtJPpq9b3t3u7XR0ZNCMc5y5K95Yqi1a+6cbvT5Ja67XWjPz70/UEe01wTAkLpFm6gOQcmVwM4+YZJ656DgnPPR6FO66/4O37dv/CU2SZGcgMI8c856ZJ5I98mvHI9biSHVfIjluDLpWnjKgFVeGVzIM9QBlc5IOO3etrQvHkD+MfB+ly2UybvFGlsoO37rhVGTgEHIIGcAEYP3sD6nBySr4dRa9yrTtdPZVEm3fS2y12Vld6H7Xi6M5UsR7u9KVn5Kil8Pq7+S3vqfPHxvuwP2j9fdXLk+KXAB+bICICTg8DGCAPcA44rCv7m9Os6usS4VrhWLrHkx9/mIAzk9mPA9DmpvjZcRD9pjxGTwi+JztHcDYhyxHHQjvz94KdvPFaj4ztbTxHr1oZBJmZNoV1AJGCpCscHjByCQGyRnv8ATJRlXqOV7+0m4p3cW/aRd2+l3yrW1+2jZvhuZ4XCKEbuOEo63d0rRvrbRW2fZ7HXzecNOso/nWXfMW+XPmKScAfMR82BjIz75FX0vHXRdQhSFQSyFg38I6fKMH5iDz8u1cDgEbq4zxD4qgsrLw/dqjHzkJKbsEtn5iSQvy8nOQOo9TWtaamkuj6rfeSGy0eVJGAJFzg88hcjBC9sc4wfRp0uelTcpvWpF310i5aOzvolpZatrQxrOackotX9bX0V7a8r3TeifbWy6DT7i6mkvIwijbohYk7d3yrx046nrnbj0zXCQy6s1zdbYwSqQSYYKVURkEDIGQeOMZPOSe41PCGutqSavKUQGLS5UPzdFV3XGRgE4B75xj3rnbTxCLrxveaGjbIRpUczqHU8hM9QcnkAEDPX6Y7VGMKk7LmSpxim9kmoW31d7yvuulzhbqSi1bls4OSeq6b9X2eltdDsfijPOqfD4znMs1/alPLOctIq4xwRkHIAwfU89O7+E0UsvxosY3iIlVbnaCoDMq2ec85GcnnoBnHY1wHxSvLfzfhqXm2wwX9i1w6qWaOFJkWZlABLMEy2DksemASa9w+G974buP2hrK90e/a70aTS7gwTXVsbcvINNKSrGCcyKkqspcE8kiuGMPZwTi+X95flb1abTul2TTvK1lptoYVaknRacXJvDzbdm4JprRSaSTTdo6d/n+f/AO0jp0snjW1laJXd7/V1JdgNxS8fHcEKnTGeMYyM186+MbK4bULc7YCBZRKwMyAhto7cN97jJ6n5lGMY96/aUvJJvGNqsQJH/CQ6pAGLEDa91IQAAeBySB91c4Gc8eAeMtwvoRhT/oyrtJxwg2888nGMAkHueM1yVuZzh7qjeLs9NLKKlJ2V76O1ne+63PoMFK+HpRunGMbdNLON7tK/ZPXbVJqzP06/4JN6Vcf8LV8c37xoI7XwFqsm9XBIBjP3l7AgnHQjGcjJJ/Nr4t6bPefErx3KLuzjU+KtdlG+cKx3XjnDDPQYyc5Gc8Yr9O/+CTcccHiL4v6ichrbwBqihmJO0+Q+Tznjtz0yOBya/K74nagp8X+Lr9oopwfEWr5JX5233bkHJ+UgjoAAQAMHuDKVRWM54WdSXtudtXul7FRejSS0tqvToeXCpOWdZrK+kMLl0U7Loqzns9FqtUk07aaXOEttEYkSG+0xSjqHP2lBhRgg4znHPHAyO2QDXt3xuigXSPhyPtllG0Hh9g7ll2SA7SWUkkHkk5HJ65PWvn5Lm1vAIoLFIpSI2fHKlcBiBgjHOMDpnpg9fXPjrH/xKfhtGwTaPD5VEI6AbVYgbicDHHYYI5zkfWTbvGSSasnolbaOu7utlqk9e6sW7OtTcnrd7ddElvrZa/PY8ut5rUq0sl/p5RlKlUkGAQpxjn5scZHA4+avYfiTZm+8GfDWOGa0X/iX3jLJJIEikjZucMcgfKCB1x7bcH5rbR2Nq0MFukkoDHcMDIxkDGRuIODjHQDoBkfRHxHZofh98K45oBGItCvQoA/iB5LHqcZBG4luOnYUpxkpJt87S1a0u3FtNqy0sla+yaW5M4t1aNmnafbZqK3tpJ2ST1207M8Yg0h0mx/aOlxxru3Rm5jzIQCpBGehJ5XbkdM9c+yeKoivwR8Pg3NmoXX5wZ45laIqDlRxkcEcjpgAY6E/M9oIpZWkfbJ8+wKF+6pLdAMZx1xyQeOOa9y8SSofgJpcIxtTxLMAMdN2CRzkhSOMd8VpQmk5Q3vC6em65bPZWuk/Pe12OpF89PVpxqRbbvZppK71bV7ray08zxi5ZEuIwmq2MceQWw4Gcg7uhJ9Oc9egGBXtfgMRH4WfFpRqdq42abIkkbFwuGbO4AkjJ6E4HUDmvmKW3ErLIkCmNHBCtwSSRlfmGcj3BA59q+iPhbZn/hV3xiia3UH7Hp7DjqSzMBuUYIwfvdOOcbTjpw3uuVn9lvTW+iu9dt3o9V1eqROLTqRiu04O9laylC9r+Suknpv1VvKvB+mHU9et1+32rwkDzrhxlI2UDORux1zg9zz14P0j4f8AD2g6TqVk9vdrLq0zTxybpUVTG6PjZG3AH3RwD65NeF/CyCK11KOae3jZWYoUbGDvACnJOPl6gcEkDI6ivdZpLGfxVoNxAY4nhmEUqqgOX2svJXA4BAwPTd1AFe7l0E2puVrSVldK93F631Wid7W623R5WYuShOCa1g5NJJPVRv73Sy6pdWr2sfJ/iLTbeTUNbk3wLcx6rcoDNMANgmbnkgA5Gdny9cj36Pw1b2riznOtwR3cdzB5MKzO0YKsDgbmI3nA25GH6MwIzXYw+CI/Eet3Fnplib/UNQ8RSWpR8hWaadlUAZGWzjAGBzgZHX6vt/2LvGnhRoIpfD9pNcXAtbsTld8Vp5hDhXb5lRnJxtJUbsArx82+KzTCYDEU6eKqxpSqNqlzStz3aVop6t2tdau+q625qKnPC2hZtJSb6tOKezWtuVp76b66nwd8SZLZvG+pRaheu891NZtFKUciHbBGx34yPmyeTjsOO2BdT6PHew3SX0cjeUV8oGTO5FVfmJPBYDIJwPl28gcfao+AHiX4gfFfxT4LgtrQeJbOa0ExAj8mCGKCMyEgrgbUODkY4OSAOfoSy/4Ja/Fy9sp7/wCxaFKkUJYJOyxy3CuuVlQZBPzAgDjjrtzgYYnizI8uqxo4rGQpTq2lBSdtHaz3tq290ra9NuKdOa5JylTilFNOd1e/Kk0pT1aei7c3Xp+Y3i6WO7tPBkclvHJHLpU20yuPKB818EEg45Oeh5PU5xWFpNvqV1dQo1rp8tpbsqHE6/MvmYBOBzxjjOfyr6h8afA7VD4q8DfDy41G20vUpb9/DJbYrRWl4920TK5I+ZFyGDckAcHGQPtyD/gkh48s9Cu5YPiTpUqeSlwFWxnZZC8Yc7HRix2ElhsOfc5UVrmHFGSYCWHjisQqca8VKm1G6ktNW0paN666a7dDNe0hFc84xTaUXJxV1tZe7JWb63dz8vvFFrcp4LiFsqRmLWwmBcL5W0qOFIOMnGOuST3GBVHUdN06LSY90Ct5lmreWl8MNcKRuJQN3OSCQRtGD616P+0T8Kte+A+gXPgXWL621uaLVYL63vbcPH9qWTZGwUOWdI42DIQW+8MAV8czjXtS1hwbLV7OKKzRkEEc01smApUEjrvGRn3H1r3cPWpYyjRq4Ne0p1kpRmtU7qDVrKySWu2vU5o4iNOpJ1Zxs27O8bWaXK17vKtt7LmXa+n0RZ3ckHgrxfavbF3bQ1aBEnLiH5wCACxUF/vE9icd+OV+Hj6/FfeGlS4PkXFxaNKz3MSm2QqoVcH7mcjk8evOTXZeAPAXia68CePdZ1uO+02M6TDFaR6lbvbm8gyCJoRIFygJG4jjGOh6eSW/wa+Imq2kl5o9yiTQtaORFfMiiBwpjKR7lLvtwflwcqTycY6/qtSXLBRSm5bXSdrRd3t6Pa3pe/HLMKNOdSqqkXTTUElyq2kb3cV5pcrtZXd+/wCjvjyW6/4V/rEIWLMOkXmHW4iJlEcbM53hsqWAyCTkjoSeT+bfjjXrO50LRXuNPkeWexRbOGCZZH2pxIwTPAZuckMR1yte5+G/h38Vn8L61Y63b63qFjb2t6Jbgi6COi2srBLeaRisqoQQ5GdqrkdSR87aJ8EvGPjn7DqHhvw74u10aJEIZItNtrm5iEu8ExJIhZAzAchgBg5KkDI63RlThGD3TSu2rp2t1Vrq+qvrvocTxdKNSVVyum++lpK3ZpuzfW19Xsdx8PNb0291HQbSOG8XUYby2SO2aMAKpHzDcACpA4znJIyOTXl/juKyj+I/iSc3ssU8eryB45pEiRDk5wWHLcAdzgCvrTQ/gP4u8GLp3i+bwF4osDBLbNe32oWk6WthkbWeRyFDbD97phjyeOfiv4kA3XxN1wtD9oE2qSB5AGVXcnAPzZGCTkEE5wccZrWtRn9UhCUnaUk4rR31io36puyvd27WReGxVGti3Vp6/u4wc2+ZWutE9dlq76XujuX/ALNkhtmuZLaVXQPuS9i8wnPdV5O443AjnsTljWp8czZw3Pw8W/uJrS3m8PoY2Rw58sKMBQB0IJG4HGRnk5J8zj024Z4ozaRJFDIBuKkERgj0HzfyUZ7jNe3/AB60Q6lB8IpobNCYfDqpKxOSFAQZYZ5AHHPJJPH93jpUpU3fnfK1dXW2lk9n8N21qnZ32aO2dTmqQulKN7tu9paRu9kui389NNfJvDEGkWsVzcQ3l/LaJMjMVgdlZnJwu8AgHuTwACM4PI9q1w6cfgtokbyTpCPE1+fLAJkZXI57ABjkgDJweeS1bXwi8RaL4O0HxppOpeHINZuvEGnPaaC1zBEbWzncYachxuV15KMCCpByQSKr+KbSS0+DGhK8aKf+EmuHzjLB3bLIrHkAZJA5HbH8ImEqlKrKNpOMmmpN8ycrJuyXW+nvJ6b2ukOrONVwXIo8srJq0rvdqK0emlru7SSufFt1aeE4ruZDcSpM0knIjYTKCwYDPQrj7pwDyQS3GPbvhZaacvhP4pNY3Mz2UWg7rpmRxIEAGQm7qxBzgA454wMV89a5geJLhQwXZISF2jGFI/iKty4JzztyBkckV9CfCFQfDPxPVRlJPD6GQnG3aQASQMA9eSAoHryQfawUpXU/eXR7N7JJWSXV2tr5K2q83Fqmoyi9HzJbNp2s7O3ku7tpY8E07X/h5pu9he6gJGUK7i3c8bjvxuQqMk889fUjFev/AAW1fwxqfjLXW0Rrqd38L6s7ySjYyxi3IfG4YY/KSuCTkdSTzxdroOlNAz/ZbNzLGu1QinLFQO4yOM9MddxNekfB3S9PsPGV+lnaR2zP4Z1aOYIQMj7MSenXJYnH1JB4avcw8W3fnlK6vrJav3X01ei08lbW54mKnTdlFLRq1kldpxsm3p0utvktvnt5PDo1G4lae/MYuJ1kAgZyMzMGz8pXbwcZJ5JGBgA6Np/whd3qVlHJNqpae8tVjH2Zgu8zIq/wAHkd24z2HNemaNbafLc3i/ZrYJFPMHJ8tmY+e/U4+nPcjpgcv1u20uO60w2wjtyupWjEJHHjiZNpBUDGDkAH3zkEV6MKCqXbbTV21or231iuvRbqzseXXxnsnGCi1fpoveVk07aNabWbW+4z9orTtFsviHDDfS3iSL4e0iSFI4HIMRtoTk4XlyMdCMk9OMDwu+ufC8KJJ52qKJJAxxbuE2qAvJwBxg9j0xg9D9hfHl9OXxtFdXMUc4bQtIUvNsyqi2iHVj8q4ByBnjJC56eB6hDp97EfMt7eW3YuYApjO0ngYKgYGezA+w61pGhJ8zVSUW37tmtNUr2a0drJpvXve5yzxUFyqcOd2Wvzjvouml3Z9LvlTPRfijqehD4VfCS8urm6Wyube7MBihYykRMwJkUAjd8ucKM7TtJ6GvlzUtV8ATBTNPrrsxP3baTHLFS2SjFhjrwTjnOBx9JfEWWNvh38KbfyQlrbPexgOVZM+YSVJcEDtwDghSAOK81uLO3it8T2tuqPG0kYZIVCK3KkdCT0PXPHy8kYijSkm17VxtLpJWbVt3y6P13e1tjpxNf93CUIXi0nZb/ZfqtXbr0unY6fwrD4Zg+AfjCSNdQk0h9ftUfCkTGQoGAC7QdvI5IwexA4Pz+f+EJQjyrfWsPlVbYxVAc8k7SCOfTAPUfw19L+GRazfBnxdYFE2LrkEshLAAIQFygAXtjHHQ4x1NeFXdjbQRuEkItwXCoVUEYTIYM3J7DIGOVHXAHbOpFOMXJ7LZ3V7xve6SstO+tnZnJh4Tkm3FRTk5JPRp3i7tX22jor31ttf0/9nlPDs3ja/j0ptQE8XhjW/ONwgx5RtZS4UFVJONxAyODuHQA/Olz/AMIOl7fq/wDaoZLm63NhiBKJmJCqB0yfc444IxXvP7PEkUXjvVpE8wIfCusqVOAWJtZQG7Z6EjHy8+nT5x1bSdQlu5ntIpQsl9dFxsyXDTsSM8gg9yedo78mijGM6suWcrKMLK7vdNO3yTtvrd31VjOtVcElKKtzS916p2SSt6p3fn1Oo8KX3g+Pxd4bVBqhLa1pv2YnO1pDcxqC4Kcc4JJxkHgdceyftCt4NsPirri6jbapNdyQWDyyQk+TloEKIowwHyAL1OOxJAB8T0HRrq317w3cTovmxa1pQVQpUgLdREjgAHIXJI6kc+le9fH2KGf4p6tLc20bn+z9OlAaRY8t9mQgYP3iTzzknnHGANvq8ZVqcJVJxvF7aSteDa2s46O93dnFUxSp0pWj7qs2lrq+XRq1t+vWy7o+eLzUvBTMyR6frESxhmdmDbdoGSrZHJxkd+OvGa+mfiPLo0vwc+CV09tdyW8r6isCxg+YsQkIG4YzkkjGTk+hOK8fntNKm0hrmWKBbmUybUDb3XaCAGjH3kHyjlevP09o8a3FvB8JPg0bqITW8NxfiKBV2DifICn05PGQc5HBOa7K+DsqcYSlN2uru6V7JXVtm7Pd7+ZxUsdTm1PSKi7u+yWz01srbWSW1+hxWivaR2EBGlapLCZWWMqJFYDkNjOATycHsDwua9i+E93Zzah48t0sr+2jsvBWqzMs8ZP7sRguFYKDvLFQwB547Zrz+y8WqLQzxWzLbxOyoQV2pxk447Ybg5HU9c13Xwp8RW+t3/jMQbQ//CIaibhvMUPsC/NvC44PABIxj1Fcs8vrKLlOT0s0tOjjpt6etuXZadkMzjOpaMFJWWqik7R5G23pdp69dtE3v4L4bvtAnWXdZaq6+RICWSQpkSMCBsx8vTGSc9iDkV0On32iDU9Ilj0vUVlOqWSQGRXUK6zoAy7sgjnJ9TjIXBLdBoU+mWdna3rRwpbhZIjtaP5sSOGYk5DEfNjO4DPG4muktb3Sbi80uSNkKPqNoYG2ISW89VbyiPT8+vB5A9GGFUaMpSm1JQctXu2lb3e1npZb2WjaRwyzeUsXCKhFtySba6Xj72ll3ta+qOK+NNx4bT4pa+mr6XqNxPJb6eQyBtqloUIbaoweDjBXp06DOX4C1HwuniXTbjStIlhltry1UXUx/wBURcxg7hnKqQMZHy9OCc17p8UvD+k3njrXLm4Ef2vFkglmBVmjNvGQvbJwQM9RjqMgVwUejabproLW3iikNxaO0qOcEG4iPIzn35PpxwQ1VcJL+y6k1UvSnhpaXvvBWXR9LN7+u5cscnmEYOmlKNaLvbe0ovTWzt03016n7Nf8FYbVNX/ZB/ZlupV2u7xGNj9395YQDqcfKcrjJHQ9e/8AOnqfhOeO0aYSxmVXKnYGLYLdAOvHOMdOeua/pA/4KfwzS/sG/sxalblRJFLpoEoQsczWsIAPsSMcevXrX8793/wlc1uEWzMkkkoaMRoDIQuADgqcjBOAwwBnGTX5t4WP/hBxFNt3p5ljqei3tXv83reysnfuj3OKpP67h5twgvq9Heyu1aXfdNvVX7Jp3PHJ/BeoPdKUhcho2YyPDIM7ucDOQW4AxkrjvkHCReG9SF7DG1o74XywTCVAA43ZYcADBB56Z57+q3D+NrcRt9guRGEOQEUkbQO5XkggA4K4Jbv1pf27rNo1vJPo0iuRh5pwQpzgHPAC9yMY+XgDvX6BKMlJtpxjvay2VrRSvazd23dpJr1PG9rCSpR5oNtpOz0a5oq1k2nrrd3WyueVa/4M1CO7iMZg+WIybpJAuCMnOCeTwdu3qAecVzGt6BfGwijQxkxpuZxLgHLbtoPcryTychTyetekeL9Zmub1A1vAN8SLlA21ADgj5CBlv4j16ntmuZ1S9037AvnqI2CqEktixbzMkFSHY7hnIJ6noDnFRhak4ydpJq8o2vraySeysldW1v03SS2xVCEqLTjJN72duZXjtr2tvrbXq2vpT9ivSEfx34jRziWPwhes2SGGPLJBBzyM8AE5z2PSv1X/AOCb2iQP4x8ZT8eZHcrHHnkgG8bfjIGF5zgEnnkDt+YH7Fioni3xHOlwzvceFb2NWdRuUBHIU4zyATjnGckng1+uP/BNS1kHiLx2/liRhfxrvIHyf6UwfPHsGPK4ORXj8SVpU8JXvZ+5Tbta7TktF26J6rv2v15JSp80VHS0ZO71d7J66t6K3lutbHxT+1LbNb/Hrx6yqpX+27pWckg5CyYyM8c8HO08gkdx5ZbfaotMvNjsyz20Ep2Bio2hepG5cA5xwSR1yeK9t/atjJ+OXxAdnVU/4SWdH5BIGyTOM9cjpg8k4yOtec2zwLokwYAf8S5iowAGYPhfzHPYAKWHJNdOFm3gsI1ZKdKDtvvCG9/V9ra3KqOSqVIvV81k+z92yu1y7XTeiv0OHivrs21xHNIzQnySUmizuYMvqMkAdcDGemOTVGzSJ4bwRRombgAnBVvmIbKg5G0EjJwNvJ4wK3oEWSFnlYOCkRAOGwA/B9OAcHp1+hp9tbZe+dFVUWaNs7QTjGfchsjkY53dq6HKyTd5bLd3s+6ba0smr2TvZ6bRNqTTStdefV3/AJrJK172tq3ZdcCG3iTUbZkkkjYtIpDs2eSc7TkAt+n4cVqia5Q3iQXmBhIysuWZiT8xJPOBzypOCOnIqtc731eyKRIo3soU7ecMclhgEEnOfQ9B1pbxJ45NScRkAbADsGDkA8NyDgY9wepPa1FOKd90ru19dOa27uv61SN6cuWL06K2j95pxabe+13ayTV9zO1XTp7qaGeWO3ujFCwba3lttQFFbDHbuxzz/ezwevZ2N5Hp2n6E9yLm2VI5FBQlw5HH8IyAc4BboOenzVy5tZjEsoDbvspPyhuQQDyf9oAYz7nIA56qGGa40/QIzvPE6gMFYYGQPl+8MAkHnPXuM1FWnCajGST97d2u9FZN3vfTRaWd7vtanC6urSk7WVu0ZbpJrdO176ttuytLHqkLabP5V5bzeTeiYrI6h1G8YiPPBJGCTtGTg47349VlN/c3HlRytHHCVERDENIcHGDnkcAAZ75Irz2W1YNqFkka5N0MkgRtISS20cADOOpYdTwDjdBHYzwSR3MU06yT3ARljdvL+TCp+AOduOMjqCTWX1Km1zqzteNmtldXTVndXu9u9tdoqyTaSaUlrF7vdXjt0st1t3SPQtDuQmsa0ZYmhZ4TnptUvtAJJAGeeOMgjrnFehm7t1uZ0WTc0Ol26k4UgA7t3G7seMgZ6D5hjHzRa3niG28QXNs9xK0VxIqksMqF5IycZYHjORn34Jrrj4n1DTZLw30MUyy2wiBjwpAhXn5jweCOvQHgAjjKeCi2nFJNxiru6V1y/Z7XVk9+iSerdKUnHmcrWdlJaO7UV5Xae3q97pHo2rFLmS1aBlTdIWJAADEY5BPGRjGMYGBj2/T3/gln8Jfhp8VPjD4ssPip4T0jxd4b0jwo93Haa6sL28V7KCVuo45flZ0xhSewyRnGfyXsfElrerZpJaXAUKCybRiNWDbHZhjjjBHJHTHGRW8U/Fvxr8GNJh8UeD/FGp+HX1KWSx1CbSrqS1unsRnbDNtYHBB6E9ScANmvlOOuHsx4j4ZzHJcqxry7G4qjGlRxcJSi6T54NtuDUldJxvFp2dtDrw2Ip0Zyq1G1CX2lZ8t0lfW7u35O7Wt9T9mv23vgp+zh8M/2jPBF98E/Dmg+GUu9FL6xYeHnha3+07irTSRRlhHPIQQy8YGQPflR8A/AXxU8RaTo/jey0y4ttO0m4urZNVkSKF1mG5kT5kcTBSWQhsEjv0r8cv2W/ipqvxE+IGp6rrXiHVtdvEmikjm1S6muZf39wwdMyu+Dz8qggZyMfw19Q/tzfGDUPhp4u8Gz6dJqLONDjdoLa6mtQHNuhDkxMpfaQcqSRjt0z8NDhPiDCcM4HhCWeYmebUsKqf8AacZzVdyVpNxk5Smk17sXzXSs7vU97CYzBQw9XGOEXQTs+eKnd3ipNxS+6yutraWP2i/Zs/Za/Y78LfEDxdbf8Ix4Tex8N+F7a+tl1CWOSVdWVlcuY5pGSRg/3dysCOevJ/eH4ffA74BeLfA3h6+s/hh4B1CK7so7ozW+kaTc8pGVDSOsLAyOOWDEsMgEKBiv4M/gj+1T8NLjxFqWpeMbrxZBcav4QubPUbmC+u5BHqcsRjimVY5VGV+UJnIBA7gGvv34Vf8ABVnT/wBmL4T6L8O/DEXxH1q4t9eubxtdfVhJJeaddAyJHtuzI0YjL4RAdqgADua/MM18N+LKGJt9fzXOK7jGj7LEVKqpRUtXWjUdSzlF6W5UrOVnocmOq0Myw3Nha9LCU1JSSp2St7tlyq0lpe91fRnxn/wUX8IeC9H/AG1/izpWm+Gbfw/4e0LxxY3q2unQxW0CpatHNNBCiKI1RwrHaqhOcbcZB/VnxF8avgV8fvhvo0/gg2eheIfCui+FfD62o02yttUvGs7eCO7Zp7eKN5YuHwdzc5c5IFfzy/tBfH3UfjP4t8e/ELUPtj3XiLXbnURLeOpuVilUpFFLIm1XdEA3nIBIJJ54779jLxRqMvxE0LTLuSRraWxubj5JHKOIwTG0iEjdtKrnIGB/eGM/r2M4ErYvK+GswxuLxsMZw7hoP2dOrLkqSlRpQqRrxXMqlnDRyfdX3TxwGZYeGN+rxjzSqKEXVio3k0oRd+W+rve+z1trqfvT+wb4H8IeLf2v/F/hfxfZ6Xq+lzeDxLBDqumW19HBOr5WWJbqKVY5SRywAYHoeMV+gP7ZHwc+EPwf0/wp8TNN+GPgzVre61iz8M6/A+k6XBAujSuv2u4G2EJ53llz5rDgnjjOf58vFH7WvjX9lT4u6D488D3Wm2ur69YX2m6hcX1uZ43tXLQoo+Vm+TIwwPHUc8VB8Wv+Cp3xc+MHh3Tfh/428UaMdI0fUoL8pZWgWbUluZEV7YSMNvyRMUXOTxu4r88zrw842z/ivCZzl2ZujkkqFGFejHGV6Va1OPLVjThCSS5r80XGau16HuVcfhMJiOWfI+SK5qTSs+ZJ3W622SXb0P2i+B+vf8E5vjZ8ab74X6b8K/h5oOtaJo97cO+pw2cq61LFC0ojt5lRYJJ12lvKUBxjB5Br6l8Rfswfsoab4x+Dnh2z+FXw50LTvFOi+JL+e+uLS1hS7kt2mKzCKTAaVQCUBOOeOtfyLJ8VbfwD411nxj4AtLXR9U1KIpbajPNi/sZrmPc88DbsxsS4BAxkewNe3/ED9trx549+Dvw80nWfFF5feMvBMuq2P/CSi+kguEs7lndLSMwOhjAzx0LcBsgnM47wd4mw2YQeU8TZxHB4yEaeIhisdi6tSjieWUnVpSdRKUbpJJ6rZu2hxrF4WtW+sVHSiqHO401Be9FxtFXfxO7utHZrS2qf6d/tC/Ab4YfDX43aDc/DzwbpHh2HUfCWtTpeaOES21l4Lt0a9kVCwV8Lt2n5ecY55/C/9rLXLrQPi54e1W28uOTTmttQxIoMTG0uUlVGDBlwzR4cdccHaMZ94/ZE+Mnj/wAd/Ea+svFniLWNfttN8OXkVidTuZbn7LFLIT5VuZSzKh3c4+8TuOeTXzP+3Q4j+IUbISETTl3q2flaRhkevI45wAp68kH9W4N4exmUeyybNMdUzKtDCuFbE1ZTnOtGat705Pm+FuOrd3borLpzXGUsRkDxWGiqahUSSS5VeLjrZNWTXy627/vF+yT/AMFB/CXxr1TwnoPia8s/h9FZ+E5rDxB4ivn04WmqXen22y2trZJYtsXmIhUDk4OTzxXm37aGl/Cb9q628D+EPhn470jVfEXh+4vbzVdLlt7K1htbaOcRELPBHG10t2T5mQWA/wCBAH+cjwzc3dppkUlncyIHmIEMcksYRyhVjhTwSSQxyCQcHivqj4H/ABAu/AfxD8KavMHQ8217cRzqFEFwQiyXTykqFiD7vnJBOSM9a+RzLwRweR5rX4q4fx2Mw2Ow9OrWwWDUpVKCrShJ+9d88oSc2+WTdradEeNl3FUsQqWCxdCl7KXLSqTTXLytpczS0drppS6o+kNU/YJZVurP7PZRXcVxHEbh1k+ynPVVlDbSpBwT1BIPABB90/Y9/Zc8KeDfG/xAsvij4N0XX9C1rRv7H0JLxh9nivwAzzw3DAxowVWILZA5AOOmpe/tC6po+j+ItFXx5pl3dLfRy6HMZ7CW2lE7ByJ5GjLKUJC+gweRkEZGk/FX4kXoUt4x0C58qWNzBZiCRZbi5xGiCSIBIwC43OTgDPNfJZnmPiJj8rr4LE4h4enWh7N1lGvTr0nCUG5xlGN1dK26i18L3PpaFLh+liFKnClGorSg1Km73tfmjzSWi1d27q2munkn7afwm8H+CtH1NfCGhaPo+i2OqQC0msiJJmnuATLbtIPmKKVG1cgBQeCDx+ZUsaiUM6KItoUgk8MQCAD90jJ55zx+X7Vfti/B3xx4G/Zxt/FPjXUvCF/Freo2F/bW2j6vb3uoF7xDIHlRZJGIhBCyIB8hJBA7fiFqsjs7W8TkgEPu3Zwp5HHDZySM9eoJBOD+9+DGNxNXhl08diKuNrUMTVpyrVfaOc7OL3qK7Su7aPu9D8740o4aWYxqYeMFCdNO0GnG+2vJor632suqlY0JIrOcR5xJMQfkLAYUZUE465yATgYGOea4GSNIr2ZGVRsDDcHzgk5AYg9Aecj5ck5521tKHZh5UxVkjKuASMkgAkEnIGDyQT0P0OBc27yF5YHkZ0cRsCvLsWJJJycjJIbqRk7TjFfrtWtTlZ6LppZqySaautbO10k72W+lvioUnONrNtNpW95bRb35r2erts7pWu73IlbcEeRNuCxCkAlegzk5zz6k/dzwAaZJceWgSQblZlVQ5HOCBnAHIIwOPTnIrIvTdWkqidvLaJUDhCHyrj5fqCTyCAQc5wOTV8yZkYyBpTkPGQ2Sq5z8wB5GeueuBjHbOeIpcsUne9neSl05ddtFuuuurM/Y1k7JSvfXW3u6LVLs9ktrNu6sdrZb5bdFWFSxlVTn65JPTBGeCe2cHg5+gfCnwN+I+u+C9U+IWk+CfEF/4O0tpY9T8QWljNNZWzIhd90qoV2rkFm5wvXjkfNmnXnKJcS7FMTlPL6hyuPvZABPHBOffuf6nP2RvjX4Gl/YasPBGh6r4cmTS/BPiKDxzY3l1p9vcS3slvKQZLaYGSaUfLtkALngKxIZq/JvE7jDM+EsHluLyvLZZjHE5jhsJiElJxo0ajSnU/dptNaWvpdu59Lw7l9HMqlSliKrpOnSTSbiry92LunbbdrfruflR+zrDLH8OLmNZMkXUoEYOG2LjJw3AIB3E9QQenAr0TxVcpE1qxI3iGEAEhhhiA3UfKclj64PGc5rmvgMYJPD+sPGFW3udW1hbdYuB5ZmkMaoBxtKEEY5wTgdTU3jKKWOS0lUMzNGoAOW5WRlBbOf7ox1yM5PYerl1aWIqxqSvGdSKm4rTlc4wdpLfRu3fskz6apGNDDRppOUYJQUlbRRsk1zPre+2osTJDNp+8KkbebJJgjsWZWHXHAHI47Z9fFfjDpUWq+LLq7AV4za20ce6QDqu0M+OoBK9gck9iK9PuTP59hGQSWEKjsiq5AJ64BwwDMCMnjsDXyz8bfEmq2vjbUbeznEKW0cUZiJYAlYlAGw53Ejngg+pB4r1MFHkzam3JXVCaV3u1KDdle1raW8k2rnzuf3lks4KL97FQbdrJJR3d7qNnv6OyWy5f8A4R2cXYSea2UpKY4ixU7UxnnByOOADxxxXJeKPBskcSXSyQFJJTCSpB8xixOQMk55I7ccDsK4mXxTrNvOsz3rkSMWx94g5xgZOQf6EnnjGXfeI9emeOO4upnt2kMixgAKuWJH3cDO7kk9uDwvzfVxTnPn5rJ9O2y1f3q610d9D88tyU0pJLVe9buoW132vda97aXX0l8C/wBmXx98eNX1XR/h5Fpk974c0u41jVTqt7b6fHFZWyOztG1w6rK+1GbC8kY6drXh7w7Lpz6npUslnFJpV7JZ3Z3rJG11bSmGby5AdrReYrBSMggAdDivnjQvFvinQ7ieXQ9f1fR7i5T7NNJpt7c2kk9vICrwzvBIpkjIJBR8gjIIHWvpnwh8OfH95oFxr0/hzWrTRhsknv7yzuore7LIJDIl5Iu1y7MG4Zi+RliSQPAxGY1cqzCtPMcywdLB4hUqWAw87UaynZc6lOc/3zm2uRQinFXve+nr0MPTxOHpLB4XETxNNt15puULXi04xjG6ejb3vq+jNmy0S8sZZRNqVjELiXeIkkRSEYFgygHgE8ggg84yOplZdRtXmFpqlvIZEfEjuo44GATjJGcYHsOcmuJ/snX5JHvf7Mv0itJSil7a5CNkjaFcjDqBwuSQR0bBAqa9sdRkgRp4btdwIi8u1n2q7YySQoBJHA57ms557gruP1ug3J63q03q1HqmnflumrX++5q8BipKEvq1ezev7tt6uO3uqzto7b9Uru3p2lLrMSrc3eqQNarbF7jy5kLltpKKc7s7W7AY45GTuqq8t5dlJIdZRXzKdse0/u8kBTzs3/3ckc4JznI5fTtA8U3UUUEemajIJkUII7S5YCNR1ZVXDlgAcn0IxgVZg0LXra4ltUs7wSTEgqbK4DIoIXAUpnaM4JGOmCOeOOPEeBlJ0o47CucbXUa8Lp3jfRSurWW9t+ux1SyvFRjGc8HX5GopOVOVr+47bdUvXV73ufQfgj4S+MvGWjS3WleJtLslMTxra6rqEFrc3O9GZiiSFWZTt+UjIxgDIGK5Of4P+M9Dhsri+bSvs0motZqZdQt5gJvMVEPyNlY2OCGORgDtkVw9knjO3uUt7e51CI2xCiOOKcOinJwg2hic5wBkBQegwaydSvfEBmljvby/kRLkFY5Jbn/X5OSY2IyRyCQDk8ngA15/17FYmrPkzHD+zk3yU0ouUV7uqcZ6uz1aT0002PQp4fCwhS58BXVVNXnJyim/d1s1orq2mu2yP1H+GH7M3hnVNH8KWWo+PvCGj694jubuz1aTULu2mtrABS0cpZJBt+UADJxySPfhfiT+ydbeG/h3408Vr8Xvh/M/hG8uLW00e0uoZdR8RKHYKLVRKWKNjdkA4yRngmvhTTZPEU0TSvNqYFuwVGhkvGxs6EeWxCsV4yckAjmoL2zv7hknu7jWo4Jpyircm5Mckznb8xf5Fb5gSSucgV86sLjKONbnxFGK9spuhJU0+W8Zezs53SaTSslZN3voz2a2JhUoQhDKmk6bhGdpK7aXvbWbuk9V0s9Hc9B/Z0u5bH4iol+QYf7NukmZGCpEU3EIhySPmJJ+cgZwBnrW+MGqpH8XPC+rSF5bGyuNMkeJSHaWC2uxK0ZVlIkRlTnCkDuSMA+fWMv/AAhHiB4JLiRZ5LB3LhyoQy553ZyRtOc53YGQK5zxNqz6t4k0+dJXuIo1EaFySWKgd2Yg8kjnPtnJFfaYTL1i8a69STlSqYT2Lmt7SilLVXt7rvq7pu+mz4JZn9Wy1YZL95HExm1K3utSg9tHa/dvdJ6H7TftYf8ABSL4K/Eb9nj/AIVL4K+GtsuvmDR7a71S4020jkWSytI4bhlljt43BdhwVbDZB6jJ/GbUPiRpepw6fbyeHWtW00x+W8QUbmz84fIy/I4Oe3rybfiPwF4mt/A2nePrzT47bw9qetSWEV20m2VrmPgptOCAeNu4Y6Ec53c1JpY8qxae38pG8hojKrRtICwwQzY3c4+YHHI25xx6nDGTZXkGFq0MBVqSjWxE3N1KjnKVS6Uld7ctrWS0s73Z4ua4/G5jivaVaUV7OjGyhFRSi4xacrN6vpq9HfyNO58aLcyTRC2RA6MQfL+dFKqAhI4wVGM847123wt+L1n8ONS1G/n8H6X4rtNQ082r2mrRiSO2kJys8O7dtkVs7TjrgcjGPKLu3hS/ulQ7CQoKnITG3g5BwAckHBJ6H1IpajCkFsPLlVSHRCqkkkcdVyeDnHpxzjv9fi8GsbhJ4avGc6E4WmoylCTT5b3lBqSb6210XVnztPEzw9dVaaSqQnezimru19H5a7dU9bO33OP207BGsNRtPg34XivLB4wJjZ2pSWKMBVDr5RV1wpLEjJ4yex7h/HY8ca14R8UXGn2eiNqWj3l09nYBIbeAPK/7uKJVRQhyo4AXqMEAE/nLpVp9q3W/2ggIC5BwOoHc5IHpyOMENX2xo0MVtL4FtVKuq+HGU/N1aWSQKAQSuCTj6ADBGK+Qlw7lOWVoVsJTlCrUhOm5OrUnJpxjp78pNaq97Lvc+qwub4zEwksQ4zpwcbWpwS5tLfCk3ddNtnudd4qu7B/G1oYJ45QmnQHAc8MpU7RknktyF54/2iRX62fsjJcy/DbT7m0nWBTcXKy7lBUElgvBJ6rwACMHHc1+KGu6Xqdp4wa+kiKRAqkZbcEztUlFboSOwzyw4wTkfuD+wqI734QWbXgjjT7ReOjSEgM6yOAvJIAwQ3POQBjtXm59angqUI2nJzhFN3vdWd9bbrbRLpfQ+jyOt7fGVJSi4JQ0TbSfw723u1d9+qe575D4uGmvqsXiW7h028sY5yb+5YQWd3YNDILeON2yhcSYXaxGCcdASf5p/HHiXQ9Ut/FdhJFqMnin/hZ+v3FjqkM6GyXSDqc7ywwRsCuJUBG/upIBr+nHxZoHhfxdHeaBqVrBf2UkLvNCc5GyNmAjnDAjbIAAAeSOAQDn+T3x/pz6b4v8cWmmJMkGn+P9dsrVQ5JigS/nEajJzhQijnBJGe5J4chowxMq0JSqwkp05e5JxatZW5mm0m9429LWua5/inh5UZ8sWpKUffUZR3g1ZNNp6K7avrq+0fiq68NXUWjnQ9AvdKvrOO9j1a8ZzMupTtMTG6ggiMBQFJPBPfnIwLbUNPtbW8RLOaMHT9jCQfL5rHDEkqcAkcA4GcDntTWfXMtDIGdN7MjAjCso53EgcdmAxzkZBHOxHpd3eiXz1gkMloPmVwAuSTkgHBPCncQfXnJr7WlhKdGnaEpz63qTcpatNrVtvXXps9tj4ypiJYio5LlVrX5VGH8qVoK3Tfo99DK8NXTSXkFyYXZVmhjTdgbckcL6qOOR6c98frN+xpibw34tmnZUaPXIwjKxJQvEVUuB/CC6lj2OOVAJH5jeEtBspvEWjabruorYaTeajZW9/e265eytnbEk5wdoeJCTu4DAbQCRiv2g+EvgD4b/AA3i8U6X8MPGS+PtHvLKy1G61JpVZ7a7ZFL25RTlXUtjB5yM4GK8rOMTSpUHRlCcpSjdP2blFOLjdSkrJX5klHt0OvJ6NeriFUlOEYwn1klLs1yrV6dbdOmh+R/xqsvsvx48YwrMZUN9GWkzkM0twjk+3IPJH59/63f+CY8Jg/ZQ8Ko2Gx4g1skDqMyr1OCMAc9M9R/dJ/k5+NFkE+OniRmcB59TscoMgBZHRipPGOR07Hpjqf61v+CZ8Qj/AGVvDyg58vxFrKA+u6Vemcgc46ZPGMgfNX5j4qwjPhTCTl1lTSj0tyJa6rX+ttD73gaTjjc0S1tVi22768++vor69fW/3mYcFmB6lSAw7A9fTuOCOD19DXYLncFGeeuQDgYxk9Scnr/vc5rScYDqCc+oI+YHao4O3J7jAI55Ix8tV1UL1PcgkdTxn09+T6d+lfyDVUFN8iaSas7Wvs9bPZrzu1b1P12Em9ea17dtHaNtLNv5/hu85w3UjA65POWwWPPOMA/NztJwQcYqqx2n75OWBAGMcgZHAPJA5BB/DPGq8Q28nJx13ZBDLxkdgDnOT9DjNU5IxkfNtPPoSSOvPXPHTP0HWueUItt7uVnvq/hsk7qy29G/RHRCtVvq0+mqXZdrd9XzdbbFZmzlMZ7+mBj0PP1x1AAI24FLuDHALHOBxyABk5BAHzHjpz7A7QXsqhsgjgEc8gD1A4HJOOvqQeSGhbC4Abgd1BJUkElST14BOSMfKAPUCpfy302tpZddV127X26nQq0nH3Yuy0VtW2uXVpLo7au+920rimRVKhuARlcc8HBzgHkDGSSQSc+2U3HDDBOCCDg4BHzZPO0YHXk59Mc0gAbDqQTnaT0baOvBGB7HGRkj5SeHlQc4YEHrkkHqf6dSOucdqiVJuLXvXukt17qStp5K270b6M1jVtZO6cbd0t1a9tvhet+r2RASQSR0IJx0Yn5cBcgBhxgg47HtUbuPcjHXHfGeffjA6nI56VYIVR8xx0DEFs56Z9+f4RwOPlPIpoU4yGUDqMbeT16ZyOOHIAAz3IJE+xdur2Wne8W1rut+nW7s0JS59ZOydk0223t+KV7Xs9nboV/NVieSzcnPvnGMY6/l6HnNP3YUA55Bzx8x2g4/AYwfpznOaa3yMUCAqeSxJz0wxAwMgcDqoOcZ4prXBPAQ4I68Ej5j056dR/F94ZySaXsZa8sZPq9l0W342dnttqNLRJWdrbN/3ba/Z1237PuPZ1OM5xwpwuOf4STyCpCg8Zzg8gnNLlCF2gluSrN3XAJwMjI+9n5ueo5FQpMZPuxnBbAI4HQEt7ccYPTGD0yJ8mQjKAjJUMThiFz3H3T7qpXp1B46KdCVk5RfNumm9G7XWklq1dvzvvs6Sny6R0sk1d9ouyvq9feV76PfW6N5wCqBeOAvOc57YyMcnpg/iCXAgjIGGyxBPrgg8HC4xnn1+6ewQkEZxg4IGTnCjA5GctnuBnuO2KjcIduN2S3Qkgn5ScdgABnB/vY7c10Rw7dkoN3sldX1Vkl+Gqb1vuZuVm4t2lpa/nrr23bdr7O2pKVJxhhuOOuOckZOQcnHI4z2/vAAA25OcAHHJ9OmFyCec8Dgck55qDdkLkYOc5BOCRwpABxliAwyBngHgE0mGznnpk5ywweeeCMqMHAwADuAPFbrCV5t7xTs2nt00vZva+luqtskCfNpda2TSv3jd2s7rok7a33RYRlIfPB6DGGHp2PIJ6ccDljSB1JzkjHGPQk+meCAPmGMHOfTNcZwQATkYIz1x0AODzjjHIIJyRinAEAEgLkMeMAcjB3MByeoI4IAzxk1f1Cp3STWtr+Ttaza690mlqXybX35UpO7/upJ3ajfqut7aXXMWN6c5YHqB05J6E987uvYnHHOaUTIBja2BnpnqcZ47HjkcDp07Vfmxk8DhhnGDt6ZPbPHpyOc9l2sSD0HOcZzk9Bj8DnHXjn1FgJp25trWasuiv2v12+driVNW2eluXlfV8v4LutPTpZMuAuAeOo+o6nHUg9MYIHfpmIyOSMfmeG446kgZI79cA5pAvQDORxx1Oe3I78fQ8ZoVdxOSSu72IPJ+7gZUDPPAHQYIOaj6lNP3lddbx0tdPX3lZfhp5AorunpbddNU77db+fqPEnJGSM8nDA9fu9Pm4KkZOWJzwF5p+5m3AdM4UnjH3eec5yBxwQOhx1MYRASckA8984wQAcbs9OAeh6YxipQNoOeFHHTJzyCeDyQeWBxhfQkV1wwUGlzwV1aKtfo4q2+ui1t95yzd+a1lZLRrZ6K/a2vW2q+R+ZX/BTOezj8G+BnuJljNpPqV0xlbC+WiKWLAg5U5wB90Y5Jxmv5r/i8t1qHhS+udJjgmAnmnk8g7w0BYkFwp4BxgrgjjDDk4/oR/wCCqyTXOjeC7IL5iNomuSFdxCBliQhiDgEjJKjv6A5x/PJrdg9j8M9RJuwt1N9p3bWYuoTdiNskgKvHX15Yg1/SvgnlWGjRq1ZNuSxDajqre6m3fTdbO6XRu58J4gV6scmwlCMbRnSqym1e7aqvRL0s+itd6bHv/wCyBHcw/sx/EvVLqJdPvItR1RILmKBWleJIhvKttPIQEjGACMmvFL3xh8LEs2t7z4n+OVupLBri7j8txBHdbmDxQMqj5A/TqCAMnPT6E/ZSuJZ/2PviOFk+1SQXmvgyEbShNqF9yTxjOSD97Jya/L/x4ZymkhbcBDp0plZSAz/vpNzPtxzg9ycAYJJFfqeRUnPPuIXFycfrkUnZO0ZU4xaad18N1fS610R8ZnNf2fDXDttHDDNpuTTb543v0u29dLWtbqe/eB/EPgq48U6Lb2XjHXdT1T+145YYLsSi2e3JUqzlzhmAwcnAzk/X1f8AaRkj+zeFvLuRlnuG2yMW3IcFx5YGGycgDAxnGB2+Nvg9bR/8LI8NhYAzzS24jBbdtGQfvdz3OWXIOTzyPrX9qG3v0m8FQQ2hkWRLkAANnAAJfI2gYIJPbavJ4NfVSw9ONSEIcyio+9Kz95+6ldxVle+ui0VtFc8jCYqcssrVJtOUakUkk24+9CyfKn5aPR6aa2PvO0+NujfDn9nPw48+iR6k6eGbm2N0cl7SKWAq7hHzjbuyGAGCAQR39/8A+Ccv7V2i6r48+E/wk0/SLyPRrfwpr13b6mEEbXdxcTXF1KskagbyjOUDnsQQSck/CfxB0q5h/ZcF5NADFF4UjLlU8wxNtKt84BAJGQwzgHj1r2T/AIJF/BnxTqvjvwn8ZkjMnhTQPD+oWCR3WY2M95vhUQLwSu7ILZ65yc8D8S8TMqyStha1fHu06NRexUqjjeunHl0irSldyvd7LVs/T8gxmYzUMPTjF0quFVWrNxd4wfJGWvvOzWmm/XVXPxL/AOCgHi2S1/bY+OWu6aUEmmeNpbq2iaMkmRCcKMDOQRg4xj8TXyp4r+Pvi/xpo0/hzV1VbO5Zp5/ItZBM7jKxpvPZQCw4A5HAbgfRX7eETj9tf43Ri3Ry/jm4Kp/C3LEryMsAScluMKMLjr5pp+iWhjiku7OzD3L4d0EK+WoJVc5H3QR97sc8bVFfqfDuT5diMjyOvOFOdXD4HDqnKcbuF6UFaN+tui18uh+OZ1mOPpZtm2FpVnTo1cVVVSKk1GSUopO219Vvvdq63Pk641m6imC3L6i8Plx2iI1tJ8qfKpOAoLKMFsfKQDx0Ff0Hfsh6b/anwp8AX86yzwyGO1I8rLR20Vwu0yd1IYDILZIzjGBX45yKyaxqDbdOe1jBijWYQlgudqleD0yRn8e2R++H7Dklq/wJ04xxK/8ApsUStIqfKy3Cfc67UJxnHBGfTB+T8TKlPD4HAToQSksYkvdd3aDW+qto9ndaPW2v3HhVQdXHZjCpL2kHhfev5TS7tdHt0vqtbbPx1vLi8t/H2k2cXk2mm2dkZGiRkknd4h+7VwOAAegHLDt2+YdS042Xws8YNGiu8fhWNvnXJVJ4ChQnrhiwzzjIzknivvf4laJa3Nz46je3TN/9nBVTkuy2G4rz94AjJ7AjPXg/FfjK0ey+FfiuZ18sT+HntmViQM28oiXJzwShz0AAGG6VjwrUj9Uptpuc6tKTcbtptQTb21b3d9fU141pSjiqrbtCnhJvlvZe7ay6avTfzb8/wY1LRda8La7It2v2ayvH82Oa3iLApMXIAdcDcd3zZP0PGD+qXwgt9Z1f9hXx/FcXH2vQtN8RJD9mlhcyzNOxPyKCBy2SSBjPUHA3fNmu6do+vWFpoV3CCjW8F5FNCEeQPFHllEmNwUldpOCPQV9U/DPUNN8Kfsk+MNIea5t4r/xIr29qQSSUBb1CsSUzyMkYIz3/AF3FuLo4eMeZxc6Vu0X7radnZpabWbdraH4RlFSjLE1788UoVdXJ2SVlJdna66Jaq+ur+qf2D/h9eWP7K37Rms2PhCa70TUtNlstQ1IrPGunAWMhJkjVgjHIAG5e/TvX5KeDPD2rT3U1ppOn6lcaRbnUXnura0kZYwJJSUL4fBPJBBHHIJAOP3B/YR+JWmR/slftL/DiPVrmLUNQ8LX3iNoXBCtH9ldFQZPGNwwSMjPB53V+aXwW8RxeHfAOuG71B7ZbnVJm81Y0fzIVM6Mhcgt82cYBweoHSvi6WIxeGxmbyjCUm61Kzb05HCCsne/KlFXV73dtbn3bwuGq4TK7yUYujPTmWrThppok7axfyT0PkXT7S5kOq2Ust75wuTJaCUOBGA7A9CCPTGdvJ69/6w/2QfB9xB+yZ4N1HyYpbg6JGk7PECwiCOodtoHzIxGXADYOCScV/L88lq+v3/2GQRx3CmUvKQA292YjBIbLHHTGM5ABwa/rl/ZOWNP2OfCkhO8f8I7HG5GAGcjk+5BwCOpwRhT0/nT6QmZYqjl2RuEpUnPM6UZcjkuZ8l7N3u29Vd9Hp2X6H4eUqUnmSXvP2DgpO1knP3Xd3bbsn5J2v2/nB+L2h6JN8d/Fs/ie0sruGHVjBPFcBU3XDSEGVQy4G4BQoHIwR0NW/F2geHtI8LX4jh06OO9lsZrKyU7yD5qsI1VcZeQDAAHRtpGSBTP2kLe3vfjb8RxEUWSDXhIEYPuY5z1ByMDkHH937u048P13U7y81DRbdn+1wQX+ku0fmFYo/wDSoxjYTlhgY69CQMZr6BvF4vK8trLEVoulgKM5QhKUXPkpQbTXVNJpWu1o9tFx4Klh6GKxUZQptyxDUZtJ2bm07aXsui3Wjaex+qGm/EDS9a8P6Lpeg/AzW9K1OHw3bWc+qNb+VBKYrdFSdUkiCmKRvnAyTnPOW2ngLLR/ifLqzXK+BNUeAqIUX/j2gPzHG0qigkgg5ABbKj3r7esNbH2LRY1too1sfDmmtgZXzFW0iIU4PzdSATncGyBg8Vx8XrKJWga1kgjjeMjywGdjnBZdw7EHPG08gnHB/mReImOwuKxWHwuVUqsYYqUXOtWrVHKfPZu3LaNt3q7vZbo/WVklKrSozqY1q9JP93CKsvd2SjbTXV3bvrfVn5bftC6b4/svC3iI6x4Yj06wSzIM0kiSzxq+WIICkgqG5J4y3PWvw81Cxna9ncFpUZpdpCkZbJwQPpk5yOAAeMtX9BP7U3xBtfEnhb4gNayTFobcoy3A2BSATwmQrFugHTPrxX4QyTIbmZsAM8pHGBgMecLzyemdvAzya/ujwMzXGZhkFTFYzDRw86lRWhTTUbNRaV5Xu+7b1ta62P5m8WMDSwuZ0o0K8p/u3JymmmrSty2W9r2a0+Wxx9tbXFneRswOXQAKqfMec4JOcbQM9vxJ593uZI7bTrH94WLxRHAA+ZcAE4DHBXJB5/CvJLy4VbwoCSMoBkqMZYHAySc46rnAXk8LXq+sPAmkWJIAk+zxDcMDBbGeMdx1HHGR1NftmKnf7KSu1fyvG+z1ejd3o7JaH4xONRRnHnTur2WmqeySsttFv30sjPbWpLTyyigEBgA2W7nn1Ax07nqTxmuVtNavTKs08gFsNQlTYECgbgcOMggEDnJwD1zyDUfniVxuk3qJGXBzuAxjHqQP6AnANZ6G3W2CySZVb5yoBOd+MJkEndjgEYJwPYkcTqXha+iat0vrHR7NpdLu17LY9HJ6b55OfNFXWmtmlyr0Wra7a7aHbeI/LF+CGEsRtInDMmQGZR1IBAwfl4PP4c+Ja3FvvYTLEChkkKcMAFLcEMcAjByFIxnGM8V9DeIbAfYdO8hPNkk0+Es0R3ZAw3zAYxgYznCgdBxmvEvEcJ8+DcqMkLgMVbDEgZOePXOQeSd3I61dGtGUYpuzfR7XfKuV33a9N2raWuV8O4V5OLlZN21aXvOLs9XqtX5tvozlzvFxCkIUmNsOACRtI4IIzlumOvcDHFY2q2ot76IzwMY3DOzMjbwrEkbjjoDg44x0PbHW6aFk1N7VmBV237wQAMBjkHGTkqoGTg7sgknBzvE00bzRxI3mud0TE4AVVPUZ7YxxnJB3Ac1pN8s1bbSyaT2aUk2vJJ21TvdJPYpU+aSTd3ay15raJOLXm7a20t8itpmo2gu41wCilVWVuFXy8Bl56k8E8YIPK9hLfhLq7fZAm0qxVxhd43AnGB1HXJ5POAM4rj4Lzy3lTy8mGTcXVSNmCcnJ6qOMYy3/AAIgV02kxS6jNau8zmN5Co2jafLyxIkx64IGScjr1556sowTnJO0dWru9rpPv13a1a0NXh9UoyvJSSS1W/IrPR3vfR38tOmraWEVzHDHbwy3MzAqLeKNmZsLwF2jd/vZOTwSePm9D8N/BbXvEqWzyWSaNa3E22Se9Ijk2k87I2YHheejYx1PGfq7wTo/h3wL8NdM8SnQ7WTxBq1zLDaX13GkqpEBtBEbAgjB3EkDDDgDbuGDN4xtpmRL1jPdRzSNGYMrHGeoAjUqAAeCTkEYOO6/PrPKtd1aeGVqcJcjqSu43i4p6O+rSdrvW1lYqrhK1CtQvdX5W1a6SvBK3vXVk+rtq7dD2H4Q+DrDwTpNhoaSyTrDcu7XDDbHMWYFsMQQw6Z5Jw2epBrr/iLaQXqgwqqxQSMHYIuCzYLAFQAACPvcAgA88Gvq/wDY1+DNv8ddHs4Li2mvL8XKQ2cMICyASzKvmSDGdo3AHgkA9cDFfQX7aX7Kt38A9HMV34Xm02VRZm5uZBmGdJYg4dHYEB+QSoKEdT3A/P8AEcZ4LD59TyqtiF9bqTiviS1kk1F76v8AH7rfrWB4PrYnJIZhKVGKlQlXjTk7VXCMVeaXbRtvVW+d/wAPoNOgn8VwwBZpnEoiSMRl8vIPl2qoOeTxtBzjaOcGvZE+F+q5cN4e1e4hcecWXTLhtwZug/dnIOQBgEjofSvW/wBmrwrp19+038KrS8tLS4g1rxfpkTwXKq8DxtKFy6SfKwBOcHIGcD1H9v8AP+y18D7Lw9fazrOgaWi6T4euLm5ntoNM3rewWLzxMiBM7MqpCt1HOTkV5nG3iRU4Xx+AwcMLTrSxVL2iq1K8aUVeSpqLTUnLa1lo09LJ2OLLOG8HisLOtiK1aDVb2cYUaTqNu63imrKzV29u9z/P51H4V+I/tTmHQtcs7XePMnm02aGGNDg/MzIBgL9304zivjz4w6RLpuvW+lTHzFi3lWCgk57kdhnPBz39a/or+If7RF/qWr+PvDl0+kS6MutajZaLD/ZVnBcx2UE80MSu8UCkhlUZIyODjFfg7+0pDDF41tJ41UrNHLK8YAXJLMwVeBkKMBSODyc45r6bhHiLMs5rRWKw0cPCcFUg4Tc207PVuKS3vdN76pHhcQ5Xhctpv6viJ1OWXLJTSi+Z20VnLS/murXY+aEtGlRYSdpIZWLAEBeRyOSM8YyPUnJyTbi0dhbSlZAREcrtUFjg8gDgjODhgDzjAOeNBpLeOMSn5WOWOWGQARk4OSeNp6dD1pYHZ1nmafywyZ2jBwcdWx0z1yM4LZPXB/SEpacy912StbRPls5L100d7eW3wt5N6u7tby5XGOt/L0W1u1928P8AZvhWyNvHtuLhyZHJDFt+MkhgSFUe+cHk5bNZvh21knlvJWdyu2NmAK4JBzx+p4weQCwwVo1O8D6LaRSSM4MjIHX5iucADOQx4ByScA9xzW74KhVbe9kdyY96IN5UA46qpbjGPvZBIxwAM17OG+GLVnZLdaL106XTdtdE/M8+vztylFu1017y0aS3d/NN9Nn6bX2XKjyVb5twC56EDPI64yCMc5IOSR1PsL7tk0DSy4YIcZxhRjnr15GepPGMVryzQiVEiKueowygBQoJzsHOfULg8Y4Ga0ba6ge7tQ0fl7pwrEDcTjBYKSuNpHX5ewABGWr0vaKCu7NWtZpNata3V0rK+mlunRHBCnUqVIKSdueF7Xas5K/K9Votunk9Gvs79h7wnaar4gu11W0iAktWdJXxvQq7CNQwOUYsMbuDhskAHIzXvtc8PfEfxxotpdOkE2t3Ia3UswVVnk8oksMgBcHcuCeMckg+rfsIQ2l78TtV05Zg9slmSqyKx2EDd5gOflAbO5hnG35q5LxTpElj8aPH00/lp/xNboomMGRDIwV1GR8rKqlTjkcnoa5cBXWIxEot2VrR06Xs79LJed9baH1+MpOhl1Nw1bVm9E7WjzNt6b3aW+yb3v0kGta3cX9tdfa52WLEWwhioCABmUHPDHrwBwSexqLxFf3ckAutrlpJJGy4ALEo2SAeOmTk+uOep6XRrEXu8xqCkcYYkdT8uCc8DHIxgEncQQOAMfx5EbTTohHDjc6qMt6qFOCcdBlvpgYB6e5h6cfbSi42snNSs97RScXfTouvbbb5HGYjEKhBym3Fyg1Z6PWCutN7Lz/I94+A1nb6j4Z0v7c4Lx3FzOgbZgYmIXcdqj2Ukgrkn3r65jktrGJp5VDRxwght+CNoUjBPAGMYA53LnPTPxr8HHOm+DNNnyhdnuQuw/MEMm4Ekg9GGSBx7iu78YeOZY47Sz+2Mn2kImV44YYwB7cBiOecdxn4/F0qk8XWUrq02k+bS148ret3b3b6fK9j9DwNWNPA4bma53Tptybs27Rik29N2nbtpq7Hull4Ol+KH9swxXIhs44ftMa7TKFMRA2RhTy7888kdOOK8m8T/s43msfHT4a+G/EV3JYSa3ZWtxoE0yeWiRW+FeWVlIGAMALx82CRyK7r4R+KrjTrdbW21FY5BeBZZiMbo3+YqxycgnOck4Pc18b/ABN/ab+Jeo/tHeGBJrhltvDPiy28NaSQ0Syx2Mt2rzhWO3Ck4Xv1IPWvz/iKvndH29TAzisPhsNXnJNt3rKF4pb/AAycvJNbn2OVwy+cKX1qLlOrVgrS1TvKHNHyau3F7qV3ZamR+234Nvvh74h/sm98+aa31C5s7a7lgZYJoIvkDRMRyo4PGeOcjt8O+J/CmpeHfDdvcvbwsdV02W5MzW+0pFIMgliuS2DjBPOBgV+nf/BTX4s+HvGdr4CiguYJNb0qU2epQQmEXCPMBIZZvKALg7TtZgT2OBXwZ8X9ftrrwN4dWykZo7TQobafdhfnaLdjJznBzgHKkYJBJyPgcv4tzjMcvyOpX5o1cVXnTqNKXvQpy5btO2rW/lp0R7mL4eyyhic2dHlcKOHhUgrppOcYtq/Vx6u7tre7Vz4O0Oze51aVis0qyrsQsOd5fAUkpwCTx8uTjODXtWn/AAlvta1m00+30zU7/Ub1I1jsrK1Nw8kjrhQjKpVu2SNxx29OE8LXcSXduv2YTM0ykRl1UszTIsaluwJOCckAg4JGK/pu/Zb/AOCZ/wAW/EGgeCPidq3xT8BfDfQPEelWusWPnXdpfavYQTRhklba4Nu4GCQ5ypwSABXi+KXiXT4Ayqlja+Lhhq+ITjhozhWqqrUjGLsqdCnUnKzdrqNldbJnh8M8OUc6xM6EqfPSp8spyior2Sm9LKbinZrS3m/X+e/xt+zp4/8ABK+F7G/8CazY6n4p1hNO0SO5sHFxeTM6qIkg2l2bcwYrjJz0GAB9b6X/AME2vjNdeEfF3jbUG0fTrLwXof8AaWvadqlnJYXyx/Z/Oe3iE20mQKRggnGcAYya/aX9rb4OfDr9m/xX+yf4vm+Nc3xs1bTPi1b3fiGSK60/ULbTIIzkhYoPMEMfOAk3JwQB8oNbP7bP7eHw/wDFHh3xX4D8I+HzoUniHSJrSa9eKC3/ALQe7iAhmeMIsjiXYVIAwvBxwCP5xx/j54h59iOEqXDmDU8NmNass2xDw8+VUqWKjR5YKq4+zSpNzk5Jyb0SWh+kYTgXhzCwxs683+7jH2MZ1OSSfs1K75VaS9pouju97n5A+HvgRqfx4+BXwz8N3fjPSbLw94Yg8VakvhqS9gsr23NhHuMsTSMu5ZWT5QQxdehAyK/HfU9Mg07xHq1nHuYWeoXtmGLh94gmaFZQemG2jBGdy4PQmv6kf2bf2PvgN8V/2MfE/wAbNX+IOr+EPib4fsfE9touhWM8gsr2OzhZliZI22+ZcEnzCFCHjnIr+XrxNB/xU+piWYh01G8tjgj5zHdSLvY7cksBuZSx5B3ZBzX9IeB+eVsbnfEeCeKlUpYXFe0WGVBUo0qlbEVXXkpJ/vHOopJt20Sutbn5f4pYajQwGXzpwgp8ipSqRk9VClScIpuyTUX0utXbsWZzixi+0MUbzVJzjG1e+dvPGCCeTjjk8sQRPJJCqLIdow+5QF6kYOOnYDvz2OA/WrN4dLV2mRtrI565UHBwfmIA6Z5zgjsuK5K0mmcbRLwH2HBxjJwvPGcfeUEnrjJ6D+tY1rQa1d4rTe9ktLPbXZq+2nS/8+unecHNacyvqndLlSVm9FvdpP3dlc+uvg74H8P6v4b1PV77To7m9tL1By4UCMkYyMkHOc56kAkkYNdd4k+HvhXQLywvRpsSXMwNxb4vBG6vJyCCrjbtwDjI5wSvArn/ANnye4vPDviKxt5GFzBcJNLuZQiwoNxZxjOF+vzdvmBz0njWC/8AFl3aRwrbvbR2rRLdIxCJJACJFyOBgLnbxkE44yK/nXiLFY2Wf5hTqY2tToyquMKbm0uSSWkY3tvpa61d35ft2SUsPDKsJUpYaFSXsqbuoQclJS1asnfZXbta61JNQn8P3lhp9pHZkyQxzPJKdUkZZJdp3EgSEkg4BXo3A5Br4z12ySW38XyKHRVknWAiTOAGYEbc8AgZyc9c17Bpvh27F7PFDexym0aeRlMjH5UU8Bcn5QcDAwQAfeuHfw3Pc6Rr91NIYyyz3AjK4Vo2kZCRnAK8Eg+4GAM4nLVRy+8XiZS53DSUvtNwatey2v2021saYqvVxap2otcjk3aNrJKFkrJbNbXT00N3wfo0h8JaFeQzvIY4FRU3YBLMqkkEdFJJ5HOBhiKh12Rpr2aNLPdJB5MTSZBBAOTyoC4bPoBgHGDxXsHg3whPJ4O0d0XzUNlETGMLlgV5XGGBA5yvQg/d4rmtU8O/2Y180kpkMh3hVGQMPjDseRyRgsQcbSOOnmRzahUx9ekqr5lUmtX1Vlpd+d9Oq276yw9aOHpyUWocsW2ldcyj3+J3utLvtZpo8h1G2Mp0qdViwmosCoUgISgyrnOTtyQOxIxwOK9C8A2dtNNfQvaJcyNeBg+7aFYSEk45xzgDPJA5GOmHqOmTQrYPKVtoHvwUXjlWjK9eQ2Qe+Pwr0f4Y2yHVDYQW8kt5NfAQmMebLIzSYRUgUFpHckBFGck5UAdevMsXGGAqVXU0p0535mrJfFJtvpZpXdtu2prgqfta9Gk025TVtNWm4ctk331enp1R7nZR69C1oll9ohiiXAEkjqkagZIiwcqiqMAAKNvPXivN/i9pHijUdClQWGq32ntdrJcXFvp13cW0TRgOGnuAjRICFb5yVAzknAAr9E/AvwZ+LV3BbTp8JvHGpW7RZuLr/hFb50htyrSfaATAAkOwbt54AHJxX75fBrXvhVL/AME3vizpyeAPA+neI/DvhTxNpmotq2kafd6zc3v2SfF7LcSQtPBPAwYJGZFeI7OAQM/z5X8R8s4dzbCV6OCpYiVbGRoOdBptVJSjG0vZxb5qknaLdlzat6q/6lLhrFY/L5QliKnIuSM4SbvCnOMVzNOyainsumt9LP8AhYuYodQ1GyjMrRJaIkeW29QMMC2B0K4xn075NfoH+yl+0Hp37PV3qGtajp1tqcVzpt1arFLErIyuCqksVOfvKTjBGPevi2Tw7c6vqM0GnrFiW4nmV41ChVW4bKqCcYBPHOAcegr7E8JfsRfE/wAb+Ar/AMX22taLaaVY2Tzi3u7yJZpVELSgBGYbMqp6gFiSPlxg/wBXYnEYDFZbh3mNaVGliFSkk5SjJuUYtR01bT3tuk9L2R+EY2OIwONqKjBT9nUlDmsmtLK7Ur+61e+1tL+XzX8ZPis3xG8U+ItegtYIo9UlnuYoYV8uO2jaRnVNg43KDwMqDtOOwr5FkuxNqEkhVWlS7QAEEAEMPYgNgY57svTk16Treh3Hh/U9SsLqdxNAZYhsYNFK0MhRijKCCpx8mM5GBzya8yjnEWoThokUi5TAONxYOCQN3qMjPX1bvX6Vk1GlTyyjToq9OEIqKSbbjyqz3bXurqtb7nys5SrYupUqaOUU9ErLRrRLZr10SSsunqWrWQuzphYpB5ixj5D1Iww3YyCOm4fMQAFGBmvtXRtDsV+HsV5GbiWR7S2DTCBmikcYDhZSuHePkHDE5BPODXx6JXV9PDQq75Z1RyCCSqgcf3T+HGD/AAmv6NPEHg/wHJ/wTC+FtxpfhGe18dSa7pss+s2MFu0EkVzIPPRrhEEzPINpSJmxkHA5FfgXjbxLS4fxHD8K9Gs/7RxzwsalNe7SqOnzKU72WrT0vf0V2v03gPASx9PGyhVjKVCMJNtNyacoq0Vokk2m72VtD4u8FXGjaN4d0Jf7KvJJntYS82x9u47fmPYBCMk45LA47D4c/aaud/xO1GcQyrt0+2fayKqspACBhgk5IIJ6ctnmv0yt/B2s2dnokT6frFvZSJYpbvPaFNxKpuydvKn6Y742gV+df7XlsulfF7ULOWZw40eyLAjaFymTuUDoBjqCSRjk8j8r8Es1weL8RMwjRq+2nVweKlJqrzqNq0H0k7W7W+Z9X4iYbFUuFaXPT5YRrUY3UVC8nB72bvezXr0PllJ4UhnJUJJJBMZMMeMLwpAI+XGMEeucg8m38Ab6WHxfdhJUBkt75UBOQow2MEk5IHJ657gjk8reyMv20wygg2soXI/hCckAdjxxwO5yRUPwCmkfxbKPOUEW91Jk4xyGUqDg/TBwPcV/alBy95rfXXyt3Xnro976N6r+f6UJSi2m009NU7q8O2i7+q1Pc/FFhfSwtNbpdlfOma5uYoWkgwJGJ3yJnseQecdcLkV5raxm51GBIpS0ZcZQq3zMpGQB1ySD6AcdcjPua/FDUdB0efQ47S0vYJLq4doZINzEkuChkZSNhyN2Cew6g15ktyNR1GyvIrSG0bZPOY4SgC/MzYKgDDfMw6ZwB06h0a0py5N0mrNXei5b3ei2ezWtujFVo8idRRbUeXmV73TcUnoor1u1rds91+Ft/a2vg/xJFdssclzfvDFGXAYkDg7Scng468HpwBnwH4yXj3720ZfKxxvEoXGPlGAXXvk4wOTnPJIIHEa/4j1fSZ4nt2mSCeaScqHIjdl4IIVvvN0HB4BOMgbuC8SeKxdxW800sqytltrMWJk79zwWGAOeeDkAilhqTeIqOD0ja7vr9lq99dG5Xas7732NYYdtUql23JRkm1q78rS6W3te++i63v6dp4lt41VlMykvgguVAP3WUngZwCw9eMlcV66Waz8D6OCgLSXku35STkkoDjDBSOOG7DOABivCtD1uKHzJzPkSrsAyN6MV6lSDkH+IjI+hxXtNr/bmr+E9LGk6JrOqpDdv5k1rp9xc24Zs5QSxqV3gEHbnI4GOST1YmCcFKo1FXjfmata8Um097/K+177enh44l1YqmnL3deVXejim9m2mrpq99r6qxL4NjWS28RLcMxGMIQenOSSRjaAT6AdSMcGuf1A24v5EaQSRQiPCjAByAMn8M5ySBjknIrY0nTPEunWOsxS+FfEaz3bFkCaTdhtufQpjbuOQAQFPJ4Axx0egeL2up8eGfEK5UMVOkXZJKjsShGRwDz15AycUoSoKEW6lN25VfRWSa3baem/S3bqeryYrlcXTndqLu03/ACu9rre13fok7WK+nRwR6/C7MwjW/tzGqsTtbzA3qMccfNk4GBkivqz4zeItI8O6b4XN5pUOrvqMEV0vmBWKmNEUdQTx97GOSSDya+VrXwz4tS8tLyXw7r0UTXsTStJplygCiTaSSyYAA5PGc4PCtx6n8b559vhMOsyxwadzDPG6y7gR94Ngjcfbpgc1w4inSrK6aaTclyzV21bXR3s0rdLeerO6hUnQw1SNWElKfL8UWuqel+jTSS6dVppmeD9J034meN7WwvdOlt9OuFknmj0+AF1jihZl88qh2RqcEk4HcH16hPhdBYaq9mttLb6LdX7wR6vcyotqFRjlIrhl2FioIIH3X4AyMVT+FHjCf4fNe+KdN06z1C6urU2e24P7pYpFAYDcQVwMruGCcc81leJfjb418UPDo1zFp9to+nXUt1a2MVuI4vNlYswjYKC+CcKcknufXzJ4bMJV4xor2eGUOWTTfO5OKbasm9G0rvTV99eqlLKlhlPExlPEc/NHl0jay0b6LSS0u7vZN3PqnQbv4beHtNu4NG8KSXOurZy2drNevDN/aNyx8lJIIWjZnjZmB3qMY5PTNfP+seGfF0Wu/wDE1tIbGPzraeSzCrEttE0yMrRgj94204OPukgtXO6R8WNW8L+IbTxFPo9jdyWln5MUNyknloC2C6K3CMQTtI+oODW14h+PF58Qtb01tUsoLARPb29r9m4eRTLHiE7AC+4gBS2cf7XBrGll+Nw2IhGMXOnJ3q16tWUpv4Xy8spe6tdFHbTXRHo4vHZFisE9JYfE0ko0qFOklCd4xu5zV7tpOytrdva7PaPGdwlpHfYKsF0uDaGOAxEJyQOhHU8gjk+ma+J9av57q4lDsD5xQqoPQLuOeQBjGMjjnjnjH2j440PxZe211c2/hHxH5E2lW62zDSrp45leIYMZVOVO7KsCARwWGM18n3fgLxzJdK6eDPEqFYXGTpN1jeP+AYz044weeMkn6ODgkuWScnpJXi7apX1b3Tb0s+jVt/zeWGxU68v3FVRck01CWqcktHbVWkvm273MiPxMmr2I054Yo76B4bWG6yFcwxZDKAOd2QRxk5GBxxXV+HtP26vY3IvZUfeqsC7M27B3c5Bx25z6DjAHH6b4D8b21/bTt4L8Rgrebmzo90OC2GJ+QA5GMkdME8fNX0d4X+HniDUJru+fwxrsItGUq8el3AG4xsx3ZUENuOMH5ieAB26sNy8rjOpTj711eW7dpXvottNXbRWvYjMaOLcqbVCc24pO0JXu0rPRJJ6WTaauvJM8rkSGPUNcmuEMsTi5XazZLMTwxHPPOcc4BzjtXRaZ4fhht7fVCYpESCMvFt5jjcMV3c+/b0HQ9ca+8GeOHkvJI/C/iNQ13LGHk0q6+eMufmK7ApUgLn+Lr7CumPhn4jT2SWqeE/EhxCi4j0qcb40UjD4QEgAjHTOeRnop1KSdpSj05W3FXat1Tvrp16+RhDC45KHLh61vdspQm9EldPrbrt3e7V+t8DXFsPDN5cxyRs0epXBRZeCQchVBHQenGfqTXl/jrVJG8KX0V7OI/t2pBItkaghFk9SMbcHoDnGCCeCPQvD/AIB8eReEvs7eEfEttczai7+SNMut235iGI2ElW4ORkkcFvTz7xF8JvihqWlw248G+KppTeu4RdIuWVEzksVWMkZG7j1we+TftKSoK1WF2r3Uo2vZJp3d9L2X42F9UxzxOmGrpRnZWhU5bPk672SbfTV+WtL4dwwad4a8WQR3P2hZ7cDcu0EblBwzdFAJ547DI5Fcvp1sbeVQIosEMrMOQqnDdSScjOONozkDgYr2DwB8H/ijaaN4vhn8C+JLcyWkcdmJdKuUFzMy4CxsUxk4wDknoOxAo6b8DfjVFKyr8PfEqq0ZZ0l0ycncwwcEowIGeACSAfTApUpUOSnzVYJx0aU6ba+Gys2m127aPV7+g8JjuaS9hX15UrU5PZLWWmqTs9NbK6u7286XR7ZJpFkdCHQsAPug8sQRyT+GCPTmvq/wfDcaD8DPHxvbPyhfaatxYuVDGZGDJjZgsIwBnJIxu9M58ytvgj8Z5CJG+HeuNOJFQB9OmwYyRkhSv3QoJOOc4AwBX2N4z8MazcfA6fQ9A8B65D4tNnaaVPbCwuHZ40KvPIpIKKpY4CgA4xgmlOVKU4qNWm4uVpaxd07We7XrotVvvbmng8x5JXw2I0V4tU5tLbVqS1trZaPRNpn5nfD3VLjUPFmk2ZQ2qQxOQQqqrBUD47HOPlzkjgnBFfWi2CM1rJvBV0ldgSMscnPQYOBzwOOScda858IfAT4n6d4ksr7UfBuuxQR27gFNOnQ+YyYCv8gzhuCT1HDdePZLbwJ8RrSdrWfwbr22CJz5sdnK23cxKgkA/eGBt69R9O/CVcLTi3Uq0o2suXnhfTk+zd2vayXVrRnFXweaKdNLCYmSfK3L2U+Vu8W72SSTSd7666dT92/+CCaxD44+L4xEisfDGQwOC22diQASeB0PY9FwAK/qk1cbZXAGXYHHOcYzxnnnHGQeme/T+Tj/AIIk+LNI+G/x51ay+IEepeGLnWtLi0rw++p2EtvFqWp3EpP2WN3Ay21gBk8k8DncP6ydYX/SZGx8uQQo+Y9Q2OwGARycYPPXp/PHF6lV4jzKpyP2bnT5JtO01GlTV4taSV09dbO+nb+luF5unw1lEHJqrHDv2kX8UZc73i9VdJPVXt0tqctLgYBXg8nnOAOc59ycgDg4AAyaixsAwQCRzkjcPfhjjHOBxkZzzjFx48sSScDjHGMEZCkjsCOD0IbOc5xD5QUENgjoMc/KcYGDnHT1PX6V40KdPS6StZq111StyrXpstd97XXuxm2teZ3d02tNbJvfq01520RFtByCxwVxkHk9wQPY4Ax0zz0xSqAOCCByME5xnPJHOf1x2Pq8qSBg9zz1wOoAIx83U4wD0yMdGhc7iMEk9Tke2QpPTjnHqPqduVWvFX0SW+miu2paWve3R+lyr3Wt9le1klovm9O19+uwZByMHrx14AHTnrzzuxxyec03cAcgFiOAScAA5yR82MqT+f4VII2II3KQobnrnuSMY47ZOOwzxioSNuVX5sddxGPXOOozz1wwJ5DbeJak7Nvor6K/Zbb2XfX0dxOpG6SXdX0evWz36beTaH/LkMSMjlQcjtgnsN3PAxjrgDJWml1K4AGTjjPBJPHXkfXB5OBnrTShPtj5SCBnJ64JJAJ4IzxkH1o2YPBznOSe/bjjGcDn0xzjpUezfZLfTTX4dbelvL9XCtutUu99d4v3WldNq2tnotU7JgzLwcjPQHleCF5JHYkLk8ewxQrJkKxyAQM4OCe5A7dfvcdeOpJQAZIC8EYyCeckhiMnAHPY9OopSAuQFzk9cDC/TjgZ5GeVPPA5p+zVnZXfe9r6q1tNVbzt20VnXtY81763v1e3K7Xd5K992722dm7qpUZAYevGMDjjHt7ZP0wOE38Ec4zwT6gcMR6Z7DH+7iowNpwvc54IO4469/rgYz1IpQGOME5z1GeSMZ47+pAzwRRyPrrfbstVe916tP7rjdZu95aO35JXW7u+vz2H5B2kg47YIJ44x1PzE4J9P7pHVpIPIOR1AJOdxOD8uFIyMHp0xz3p21mIXAGM7uMDDeh6YxgA9DkgnOAVYFRxgLhTkkkYPXJ/2s5Hc9iRihU7bu35Xe7317av00+KZVL2u+bpdaWVla92l5Xtfe7dhcqCeeeSACD1555yOME4HPBwAcg3Z6EE4yeVHcjOM9MjnAOPbpTNrZDbRuYdSckg8KGUc8ZJAIAweKAgUn6jaT69sem0nnHBU4IrWNPZ2b+1ffTTp879/PQydZK2mvXTd76dFv8ALtbVhAOVORlcjkccAdF7kdjnGDx1ygBBwQDzgkNkfQZC5JHUnkHoBxhGU4OWAIHy5BGRgH1OeRnAJyMjHANM3NsBO47T0xjALcnHOOOTkD688XyWd3tezsnrdxfTXW2tuzu3ch1E3vta3W23f013tr1ZMSAowOQcJjHTkNnPdRnOeeD16VGcMoU5XBBwOnHU9c9MDHPHGehpMkAN/CQcnHY5wMdf06j60uMcg9Qfwz9RnAwODge3OSPRdfLum1F2drLbyvpvqxOo9FF9trK67d/nrba+rI8BQozkBs9CcHDZ4zwTz9OPQ5QMASwBIbqGOCNx459Se3BCkjg5whBAxwMHGB7dT+hHPTkcEUxyTge446YyTz7c4PA/TihKUt3bRb6vpbbyv1W7eqvde1ukne19Nb6u2qS7/jrvreYkDG7JHY5x9cAbjx6k569yKUvgMFPy4B3DnaQRnnJPGCPUnJJwOKw3g84BPynA9CDkHIBZe/P04Bwpzkck556Z5XoTjt654/mB01e91bfZ94u99tLL7t97NT2et9tk9mrf5qzejJtxDHkbTkcYz16jJPJ+gPORUZLEZDYPPvgDgnPvjJ649qAW6cYHOMZwRkZz9DycZ9evDOVA4AAPGMk4455IwM7vUnI5zxRyPbS/fo9Oi30/X1E56L7XpdW20XXfys1p0Y8Nhd3JGQ3B7gkY6DC+/wBM53Ypu4AEEnIBzj1LHp3+XOe5OSeADSlTgg8Dg5468nODzg8HoM0MeTxjAzyOMjHA9D3+gI55pqDbWzvayv0ul27barci/onvdXV9FpfW3XpZO2grEAdeDgHOe3XI469hg4746UwsM8AkdD+Z4HuQTye/GO9LvJOAMnqwGCV4zjoeckDA9sEcEIH7AE4zuBP+c9frg01Brs+93/h26vrZd1fQSauk1+LXVa79Pwb16C/KQoxkew9D1Pp9f0604exJ3YJ4/Afp079R60LkIFwNpGegIz65B69eM880oAAAwQMBgM847g9evHPY9quK23bv83e129uy63slqDd9kl06K603tp0vt6+SKfmKsOV5wdo/3SxwBz2BweOvIzKPm/5abcZHzHcAvvwA2TwOw78HiDbuGMjJAPIOM8njAOSfqPcjqRGZc7RgKMg8DaxyuME4wcDnOQeR6DSMXp1ez7PZpprS6etk77Jb3J1Svy6aWtq7OzWi2T31ettiyQQFPYgEYOcjPctzkdc/hxwaTaVbkltvTnGcjkbicgjuTyTwPWowWI4OR1wecDuMH5gAQeR3BOe1TLksuecjJOc5wPu8Yxjscn6kZxpBW/DdrdcvW+yXTV22WxhOdmlGT0vpzbWstNW7Lfvordh0SYcfdZQR1zznIPHOOx6jOMYIwRkePJFi+HfjmRmwo8L6uM+5tnIGew5ByA3QDrxWyNwIAGSSc4x6cZOByf7oJx175bnviIR/wrXx0vBVvC+rkqeOFt3HJPGe3ft171NP2NS90/ZvukneKs7WWr10s31uaYZyeIorde1ptW6e/C73b3TV1HZLc/lF+LX7KuufGDxsdfudM1gaZbWFxBazaZf28LzhpXYuVly2CCCMDIGOmRXrPg/RfF2j/DnV/gtqlhfeHvB9p4afSY9c1TZfTQ2rO8005aHCKRkliRjB9q/Pb9trxj498MeONCTwj408T6CmqebBeR6bqlxBHtDkARxLJtU/MDlQOmd2AK+/fhTY6hP+xDqd/rOrarqmtTfD7xNdX2q313NNe3G9bhIi87Mzq4yACGwAO/U/DZpQzFZZga061N4Spio08PTUZ/uZyk0pNSfK2kn6vayP0zJ8VlX9r5lh8Ph6kcZDCOriqsppwqwaheKS1va13pbbc8z0rwF4U8PaTDp9r+0XYWcMCpDZyTR2MEiiJhsSNXXzDhuhJyW5yea/Qb4KXDz+FPiHeX/iWfxljwQbeDV50CtMsEThGjCjHk7VXYyjaTjBwc1/Mb4c0NNY1bwbBJpd1PbJeWj3U0+oXErT7rhdxcGTGMfNtIwOgBzx/WV8J9Hs7TwNr9vZabawRD4WQKyRRJGrBbDaXIAGGKjcWIyeSTzULAVsJmGCVWu606qqzv7CnTcXBxtfljeTad2npbfuUszw2Ly7GulRdCnRnSjb2lWrfmav7s01HX+W/T3rXv8Ayt/H3wjbeJfG2rPqNubi3W9u3iEcoiZc3Mn+sLEgD0GCOpPBrzzwr8LPD9jrekalaadc/bLO6SS22XUZUSKN3PzEndhiRnjnBOcnpf2xS9t4qultLu6sGF3eB0tZXj83/SmA3kMMhR1xzk8EDivIfgHHd3fxL8OQX+q31xE85k8k3UrxbdvG5WLZGeckHIHGCQa/onJMNXq5Vg6tOouRwheC6NNdb22Tsu8vPT+ZeIMbhqOdZhTlTjKXtHJybu9dm9L6Wskt2r9LH3Frnhm78VRaNpGq/aVe5u3kgRUMoVUjyMmMDgEYyCCTz0IA8o8UfCG9i1u7CQxB4LZIFkmtC6lVTau7cHYbRjBzg9dpxk/QnxumutP0jwx/Y+qz6ZdSX7Qrd2oSO5QAEDaxB6gnkDOTyeSK+OP2u/GPi3wN4r8MQeG/F+tpZ3vg7T7y9lnCPLdag0S+bIxVdoy2cEcdSTnkdONpYl4mCpVFC0Gpc125JcjlfdN7ataapNbnHhMThFh+bE0XUftF72l3F23TvrotVayLFj4e13RtSs0vZ4jZwz+UkMcSRqqFhnCqBgDgkYAyCT2NfRfjnwJD4r8I2OmRSM1tLFbreJKzMsquoO1iCuNpyB8x785zXxv8P9c8Sas/hq81bWp9UXU1BnjuFVdm2ZQAoUK3fJYdSQeckV9ffHG8vtL+FWqTaPdzafdwWls8N1bvtdZE8tX69MDrknvk9a8qtTrwq04TmpTbXJPVNSfKlro7Xs2rLbve3q4aphZYerUhF+ygm3B2vbS6Tts3vZ7JPueQw/s2WJSW1SCNYZQqlzKwCgDJ+Vm55GGGPqeBWPdfCC38BXMUVhbKxv5FWdkkOCqkjHJJVecAc85PBOD8xWnxY+JsMJCeMtTkYg9WRiADgDdgg+oJwG5J3AZr9Ffhn8F/Gtxongr4keMfFDa1puupDeR6XMyI9vFsJAmYkpIZOCqr8w2kNjpWtWhjYQk5z9rGNnLlvZxTi9bpfJvS63dzmpY7ATqU1Soyp1JOMabaW6autG3tHW3RWT2R4fd/DufxE8f2iOFobHcIo7lSUG8DgbjjknocjIOOBgPX4JTyW+YtO0ggdGMce7g8HcRnJwOBg84yOM9N+0JLqNh4ugXSdavtA082O9orERhZCm0KzBlOGI7jHOAOSDXwwPjT4oOs6rpcnjXXo1srkwwiQJtciRVBc7MgNk8jB9yPvXSweInQpVo1eWnVuormaas0mmtbWtpbuc1XMcFTxE6VSjzVaaTlJcqVmkrXbbbVrW0b/P6vvPh83hxYs2ts5lki3GIlzFiVMfdYgKpxzxzkg5BFfo3Z6ct58NrazTCtL4bCF2+XJ8oY25I5POfTHtivzk0G+1C5tY3v9TutQW5trSQNMyEozlCRuVehzwMg4JHJwR+mWhlx4HtAvzKnh7aS3OGNseh7k9D24IBU5NZ4/D1cI6cKtRTcr8qjeVl7turvd6+uyserlGIpV/bOhF04NJSi7K6TV9ns97vXe2u35w33gXVWvhbpb6UEt3ZlS+eObl2Y7wHJCk8EjhhxjuTBeeBdcLRGK08NiUnOY4YCFYd2GNo9OuRzg9q8o+OyapbaNJqmn6pc2l82tNE8sV3Io+yvM2yNQjgKV6ZPBGMMOc/JVr4g8VTXV1A/iLVpBEoZSL6clmBXjIkwuCehxyT6ZrbD5di50oVI1XGM9tJP4enxeWtlpe97nDiM5wFGvOjPCqUoSUW9Ervlcbbt2s9E7bfP9mbmD7H+zn4ttb0J9vg0C9842oxEysjYEYXChBg4CjaecYJNfnz8NbpYPhP4xBkukWTUtMh2IgZGCTux39SMHgZwM8jcGr7l0fzj+yzqEl3M8skvguXLu2ZJGAJdncgs7AE8545wORj4V+G9xJbfC/xTb7TLBda9p5dHI+Yo5ONxzt9CEYA4JAPGNMtXLKu5StKLabXVpxTurp26/O7vfW+JKkJLLnBcqnh1KNtHFO1tFrZXd3q/WyOY0aeK68RaazyAW8Otab5nmjYQgu4Q2GUDBx3469PT+hX/AIK26Fp1v8Lv2UtR0jTLmazuPBtmogubuadXh/sG0xcQx71EZMhZlYA44HPBP89mmtC2vQ4sx5Q1WwZlJBIX7ZDkLtyCGwMk8ZPUk8f0U/8ABUmfSZPhZ+ypHAmpLLbfDnTri3jJLwqh0i1RtmOAAQcA88YycAH4XjO8+IeFKnPypVccpXbT1w0VfTdq2yd0tvP6LgucVk/EMXFyfs8HJNNp+7iIXtqm7u+19mrbn3b8AZVH7LXwm1qWxuY9T034HeJ7OxuZbctbLaC0uC6sSMl9p2hyTzlhX8gmvau41zxBLb7iW8R69JONoZfm1Gc/dPRSSDgDnoAeNv8AaF8Fr6zP7DngyS5u4s2/wU8RMkJVIp0jfT7j94QRvwW6qMEMemBk/wAS1/Oset+IHDkxza5rGwgEYBv5iWYHPBGMjGAc+uK+I8GItZzxs5OU4rM0oOWisqlRpptau17vVaK+jSPqfGSvGWWcJKMVF/UOZqLs1Llo6vqrtXu9dV5l26vJ54ZZJwqKxX5mP3QccqGyR1Bz1yMnvXe/Cq3kmUuZI3T+0irBh8zx455zkZxjvwOnOK80nhMtsQJQEkQsNoZssiY3MM4BJ55+7nj5QSew+F1/BbyXUctyY0t3WdRjDGVcjcAckgYIO0e3vX7tjIuVKcbJSSfvO17pJ6eVvvT0u0j8PwVVKrByva8b6pPo2+X+Vd3e19Gfrd/wTqsJNd+L3xZ0u2FraKvg66jMk68KGLn5TwUUD5jgjpnPNeiftjfCbw/4b8Y/B69t7+O+TVPBurwXcsGos9qLxJ2cGK1aQsjBwQQe4AA6V41+wBrmuaL4o+L3ivSFlO7R7HSY7iTTpLm2lk1O4jtiGdVIXaspIG4kDO7HFdF+2SvjS0+Kvw70HVnhX+yfD82oWrmGSCIW80olljRCRvDDcDnBwADjPP8AMmIhW/4iriKirUZU44OK9m7OXNSwmu13Gzmmnpt3P67w0aFXwbwNCaqU3PGP3+a3u1MRFXS5rpJXTvZX3e9/x7/aKsJo/GgikEoYWIDNMzBjgjYyh8EKVxz0JI4FeBWtnCYVedFaQsqK+/CjDDAJ9e3BIPXknA+t/wBvfV7C7+Kmhy6C6NHJ4J0n7RDbR+TEt19lRZEIABZicHOSSSMHGSPgNLrXSWgVpd6ZkCMhKABgT1yQFzjnqRxxnP8AUWT1o1crwNVwlGc6MG4Wa1SWnK7tK2t7XXomfx3n+Cjh83x1CFaNSnTrSjGUXdSXuNWerdldWTV3fWx2muAQy7IQVnyiq3mZDLgfMuc9weh68cY21d0ezvtSEdvYi6vLx5TD5cYZjuf7gUAbiw+705x3GK8xu9SvhdRmdnDlx5g2ncVXjI49OMZAz8xB5B9m+G2ox6Te6Xq0huDDFrFpdlEBVplgmV/JLkZCzqmxiMjax5Oa9F1px5p07znGN1GLXvKytpdLV2V9bNLyPCq0aaUYza5ZSV3bZXVnrdtau/Zr7ugbwjrkFrFFcvJZSCdYnS4Lo0cnT5wwUA9cnjng57GoeFNZ08wyPcwmNmVfNWQfMx+bqSR0GBxkjPTNfrt8YP2w/wBmjx58LL/wbpv7OGl2Hj+58KWVpa+LFeOM6brMEKLNqEUcYRnaZwzsZAwYsAcsCa/ILVtf1q9uItPunL2sPlk7FCKwXtvOBngKvcKM8EjHJlObZtjqdZ43L62Wypz9lGNepCo6qTS54unKXu63s+Vv8RZhlmV4OrRhhcZTxvtIwk3CM4ezkmr05c8V7yW7Tt1uz90f+CUvwtj8f/Dzx/Cvi7xJ4d1qHxLZw2ttoUqRwXtuYZDcSXSkfNtTJ6gKvUDt9i/tgfsM6H4J+BWrfF3wp4u8T6jqqeGNZil06+C+XevI6/appZdhMaKclEUgggc84r5p/wCCKc8+ow+M7K3V7SHTteW7vbkzrG7wCynPlJlhuyM89j1OSa/WD9sLxNNJ+wn4nurMSKNP0vxL509y+7fbJcbV29pCA3zFRt3AY7LX8rcS5znWA8VZwwmK5aNTNsuozioU2p08RKjTqU5c0G37vXddH2/uThbJssxng7lv1nDRqNZNmVeU3NrlqYeFedOcdUk1KMd+1m1qz+EzV9HupNRuv3WHEz8O24gb2LbuCSMk9ewLDcBkfZX7PekzW/wy+JskzmQStpUUWzkKRNypGc8ZOcnOC2MZJr5I8R6hctq89zDMypK3HyFcF3Bz2HfjJPHTjg/b37Nsan4RfFC4uXka4a800wA8hl835ipKgE/RQexyCa/q3MotYGc47r2TbduV3nBbdXJN+Wq7n8eZND22Z0lJJJyqt20V73Xm7qNkn59NTkP2p9B1XxB4U8F22mWf2qSKNJmjQ4kC+QobA5IO3PQHuuQcV8IQ/CbxpeM4s9IeZ1faVjcbgT2BzzjOG6cZ6ZBr7t/ab1PUIrLw8NFuLi3uIdPh+SAgsxeIBht9upBOD+YHxIutfEuFWNpf6vEwfexhjckM3QFlUEEYwM5wMY9/nY1KipU7SpJWdnK+rbTdunV2/wA7H0OOo0PrUlKNRyUYfw7acsUn9l66X106b6FWL4F/EmW6WCPwxeSTkHYgIBbJJ68YH59cgDGa7LRv2Tvjrrjg2fgXUCqk5eaWOGFVGMszMQABk8k8kAqMc1z9j4w+LcUsuNS15pQmGbMqSKvGTwRt4wc46Dnpx+pH7Jf7P3xB+KvhG18WeJ/Hfie2tL+WSBdKbU7m0K26jBldjKiYDHAXB4UDrmvGzjO55Rhnia1TD8iahH3Jzk5PVK0XduTv2S112t63D/D1HO8bDCUaeK5nFyk3KNOKinG7bknbdaK+u+m3yv4a/YQ+MUlnFPq994T0CHbk/bNdtXdGzuIaNX3bgcjaehHTIJr2jSf2JrW1tYH174maSGaRTMmk2kt6FJA3BXjLAjPv9Tyuf2M8A/AP4VeB7KK01qSwvWjBee51rWPtMjNjlmWed1G7ptAxkZ6kkdjqXjD9mnwlCsF14i8DadFbcPC9xYucKeTkDccgbiOM85zxX5jiPEXNqtR08LTrzg3ZOlhkmtY2s5OpKy2s1b02P1TD+F+SUI+1xlehTnGzlGtirtSVr3V4b63tda6bq/48aJ+yf8GNF1FFuNf8aeIb6RgDFYaHcoJSecB2TZsYnj5uT3617lo37OPgiAiLR/g34w1tW2OzahN9ljkc9HZWQFVP3gAMZJBIGS31T4q/bL/ZS8MT5j8WaFNJbbvKfTLWKWQkBshWiG1mA4UkHB59a8s17/gqT+z/AKO5bRo9c1YgKGMVusKyFBwCWBQBgB2+Xceh+9j/AG5xVikp0sBmNS7STlzwitltGFONkla7utWvTsWQcFYFp18dltNpJ+6qVWVvdukpOo+l1t19CvZ/s+azaaWbnSPgx4U0G383Dz6vdC4kQM2ASoYEt2Yc853ccj1bSf2fviA1v50c3hHw9bPBEJDY6KX2owXO2QlhkckEfex1OSa+MPiJ/wAFcPD+r6Vcab4Z+Gl47b1KXV9eKiBt+8uVXBPH3gc8AdB18U13/grX8Y9T09dJ0jwtomn2qIsK7wZH2om0ZKYZj8u5SSDwMEjmtqeD4zxai5YaNK87t1Zxbirxab55uSu77q2l9eqq5zwFgU4rFOvGKikqNBpt6XsoQhbZJauzfRn6O2vwFmv9ah03UfiRq4Ml3saDTbaGBWGedp2Bgm4nPJwCRkcE/S0n7Efgq20mK71Hxh4k1J0gF1IransTBG7yzGDHxk4BHA5wTjNfzfS/t5fH661I3tlq9tpc63DzRGCE5iZycshYFsbgR15GMHkVk6/+3D+07r7NbXvxP1tUdNnlWreSCoGQpKouMEn1444HFei+GeJa3s/9to0lyrntKzjLRPlUY6rfd+fW55/+vvCOHi1Ry/F1bNcnMkk7tL31KpezV3aytv0P6G7P4EfBFLe7S70ySe7ileJJ9R1hgpaPIcEPNu2sVwRwOx4q9a+CvgnodtKZIfh7pjRwtGf7S1CzmDAE5JEkrMGG08HnuM5OP5Zde+JPxn1WCXUr/wAceLZIWkZ5idVu4w8krDB+SQAnk88AAEnuBy+jWnxB8Uzz28uveILqQ7nLXWr3rfLsJO0mfA+XOCPXjjr2U+BsxrWlWz2pFq6lCnGbVrx3Uppdfie97pWR59TxNyyndUOH4uzS/eTprdq917NvmTurp90f1f2Xjn9mnw+2zWPGPw3sXhIaMWl3pqhBghtu/ccg4wAcc4zxio9S/ak/ZG0B/Nk+KGgu6oVZNPktnAIJIC+WrAdcAgjvjI5H8zelfs8eKtVtba8u72SVJoyVEtzPJkHkhtz9QPToQc4IxXpukfsmy3MUb3d9bI0gBAwzEDuByckDggdT3xk12/8AEPHUUY1c1xlRWTfLGEU/hS1lKW/a197I4ZeKmIhph8lwdPRWUpSl2tso67Lbrrsj9svHn/BQL9lrTPsT6Z4oF+ltciSVYLaV2bYVyxZeHB6ADOOMEVzlx/wVc/ZesY51S01a9lAUhoLKUfMoOD8ysCMA5AwcE4Bxivx4+JH7MGleCfA1z4g+2m4uI7m2hSKPAUmRhuBBydwDH0wevHFfMzfD5VliUTonnzYUYKsFIGM5OD6E+/Xg4ir4d5NFRjia+MnKOrtWUb35ficYOy1313s7o4peLGfwqv2NDAUnJKydKU7NpNbtWaW+luz0Z+6urf8ABX/4LwF5NM8F69eqhbCMiQq5PTdujB+9yDgcdc5zXmk//BYnw/bi6fRfhbfGSRtwe4uYypYElRtZcbVx2GOMkdSPyFT4boZDGJtxDEMT2YAckDnGepHfGBimw/Da4muZobaOSQANtOGxleME9geOc8d8cVcOBuGqKSdGtUSSS9riZNv4e1vPvum9LnLV8UeLKjTjicPT8qeHprblsruLs7PTTRrufoX4y/4K1fEfVr2G58OeBtBsVUMZEv42uHkdhhcmPavyDoDxwD6Y8/m/4Kf/ALSk8Lw6dqGjaCkzhytjZlWGf7vmB0JGeBjp0PevizUfh1qenXtpb3MIRZoBLlEZg2AQCTkbRnuCB3xnk37X4Z6ldW/mwxZG/AGCHIycZ4JGc9AR64+YmvRpcNcNUYwVPAYZtKyc17XdrmV5Sl0W7u9tY6nmVePuKK/Mp5pXjzJNqFqfbZQim73v7tnfS7R9C6l+3T+0pq9w09x8TdVhZ3yyWixRAb+u3C5UnGB0PuOTXBa7+0V8ZvEU0k998RPFEzbJBn+05oy2VxwI5FALYPOMkYUnAxXFQ/CzVXlRTEV3MuWbJQBfvc8kYB5AI6cZxit7UvhtfaZa3l1KoCwWjuCGY/dUDJ5OP7w56EjsM91DKckpzUaWFwcWraRpUu6u0+V+S+93PIr8RZzXV6uY4yopO/vV6jd21fra2jb667NHMXPxL+IV5D/pfjDxTctJkkvrmoEDGeflnGc7skHJwce9Q6Zq/iTUpGR9U1u5cR5JfU759ykliArzfe55GQPocmtnwz4ejvLCKbyllXad7EEnJJyATkDGPT6jHC+zeDPCNsr3Fx9kRFhVFG4jeOmCuT8xwMAjuoOQc1tiMNgsNFyjQpK1mlGnFSe11onfe69634GdPMMXW0q4qqpWjaUqtR9urbWy123u1ujwvUtM1t5bd5vtkfnRHDTyXDEgd2LuRjPBxwOCOMkYreHrlnEe7ezyorjaXOGOMk498H2yMYIx943Gg+GblLWK7CSsYiuJNoERK9RgYJyeAe+0cV5n488L+HvDtrZXGlzsJpru2W4GAwUeYDuBByFPUDOcgcjivOo4vDyqKmsNKDbvdQVlpG0Xtrtt0vfTfOUq3M28TKaTe1SV7uKtvo7N3u39+qXic/w38iOBhBIZmBZmVeCrJuDDBUgDK/jjDE1pWfw9gFncyy7w1ugLljhvm5BKe2cduuDjoPfpLzS4pLVmugRLCACwUlMRBW/8eOADnisX+1/Dn2HXITdFZZowYiFGJChYBUzxgfKc4AOOQRhqfta85L2dJ3urNR2TSXMnay00slrd66a0q3K5OU42s2ldqz0a15lZt2tay3WiSR4YPBsAD+RCXTccu3JCBeTyM8YGOMgcn0EOsfD0WmhnUNpAS7hTYgKhlkIByBnpnGfTvzg+s6BPa3180bKGRIBtBIAkATg8fic8genaus8XWtvceClZmWCY6hbLsDgDYrrgYBGMZBPqSeBnJ76MaqnBTUmnJLS23ure9rO+zb1vvcUMXpLVWSdo3s3ZK1nd7tr3bvVPW9z5zPhuzt7qC1+zqHMSuwypcggMuFGSvOCcgZznK9B6/wCHPDVnP4S1a4ksIpJRKkSuRkxrnvkccg9C2ARjGSDkahpkcWoQSCQmUxxKpG0qcRHjOAw5AHXGCeDXrHhvS5B4G1QvL5Ukl4vyAnLYIPU9uQSeAASRg8m8bScaSlFO3NGzejabjdN6XTb1to7W1SRGDxdR4lp80lyzXKmrJKMddbRd+u+rvfQ6D4b+CNHa1E13p1u6rC7KWVTuJwQQGHYdwRyB1ziv7NP+CZPwg8IeCP2WvAL23hvRGvteurzVrm5uNKtJrmUTygxLJNLG7lFXhR9wDGRiv5CvASC0tLSHKzOYSW3EEBSOMHocHg8kZJyOpr+1v9j2RNN/Zq+EX/LEp4fs55FT5SgaMMdw44Oc8cYPB5zX83+PdbEwyPLKFKtUpqtj7zUJOLko007PltdLmdru10up/THgNh4YnMM3q+zjKcMFBQc4JuPtJrm1e1+VKTVlbTW6NL9ihtNmb9otTo2jM2n/ABd1OJGj06z3j95JtVG8r92qBdqqCAAABxX1JrHiWazlkSG3ghK/KPLgjVe4VflVQMYzkYGOg+XA/P8A/Yn8VxWT/tLMrSP9r+MmrNG2G5AkcHB7+nYdcHGDX1df6zHdsXd9rEkhy2CwGcFhlmJzx36gE8V/MHElLFRx8qca9dKEKMmlKbetGlo/eS63atqvNJn9E5JlMa1evia1CnKFScuVWVklyxaSWiuotbdFdG1d+MNVMhYXLIqkA7UIJ9cY4wD198HgGs2XxvqTD/j7mCA7TuySe2AD27g/Qgdxy1zfQkgs5KjHfbyT67uvX5cc/jxlPPHICqqWjz2yOB3HBHqWHr1+bg/OPB1pJydStOT0bcpX6Po+mm3Ty1Pr1hMvjKN8NRSTW0I7Wjqt9XqrdG03a1jyf9sHWbjX/wBmT44ac7G6t5fAGq+as5IVgIy5wucNgrk4zggdsZ/zxLLRLe61bVmlAjxdXZEaYAANzIuFVuQBwuFA6deAa/0Hv2mrhV/Z0+M7eWXiPgHVg5IIIHkNwMdcEjHU8KcAA1/n96dPGdZ1VycMbu72hQxxi6mPORk/zPrX9r/RThUp5fntOo5PlxlGS5tWm6T3bfkulm72SP5B+lNGlCGTSw8Yx/cYh2g7Na00tF5fN/gTP4VtydyoNuQOvT5SScEdwFPqQO2DnGufDSS3BTzQVeMq4GC3X5VbI5zzn9c5Irt5LmR9oUnJXJYISvYjOBndjt0OTketF2UXCsHIwhyAhGW5zyeuCAeGxk89MV/ZUafOknbV6N+bW+jV/wC9ZW0VtXf+FJYirGbSb0/vNq/u6p6tu3R6X33SXkt74PZG3o+NuRtbHXBxg+jYAGc84OcEVyt94TvIXSVGZg44Koc9cEYIJBAHJAIwD1xivbr4li+7fkjcCU+X5WxhVABBBxjjOD8vTbWNM4coXVgoGUbC54bIBGAN2cjaMj5T3rdUYwXvJNaWXR3a7aaWTfbpfczVfFc3uylfmjvdprmi2rvZ7XV0rW9T5+1bR5ra3nMrZAXeoCjA4ywbA4yQVIKgdDnJxWDoFuDGXcYQuwIU7WOAOhBJ+UgcAEkemePX/FEKm1mIB8vyHzuRgWySAMkenHpxk9iPO9Btl+zEgso83B+Usv3hkkAE4IypwDt7jrXHUpxeIhaK2ktLtpe7Ztp32s7pJn0GEr1JYGpNtpqaVrO90ultVd7fd2LLWyyCMLGuedmSSWUc4yFJPUgBsDI6Z6zPpnmAo0S5MeRwFOT2IXtgYweyjHABrWMKGSLIXYqn5grcYJwM42g+nXkDg8GtRoMt5iBgBFjpuZicAEHBI5OccdzkdDrGlB3k7Nde6tZtd97aWeu6bPNrYqs5RScrpqySdt4vTrZW2fd/Lg20uNXVjGm3B3bSeDyCRnOOmMYyD0ycYnOmp8oMbYBBO4ZO1jnJbgDg9/bpk43WspQWwJtzgsVMTnJyT12AHOTgHqOgrYsLVvmSW3uW3KCSIJOQBxjC42nOOgxz0XIpfVoSs0tFbe3Tl8trLbs+r36p166gpJTurNtXu22unlfX5NrVI5UaUDs+ZFB3YAIPK44PBGc4B4HAPXjBJopCkk/Lgk4wSUyeBtPfcTk5IOAOpx6DHppZD/o04ZVXaq28mFHOQw2EkkDnB4yOTkVI2lytJGjW9xhFHDW0oycZ7IPkwec4Pykn2v6u9FdWdkvhs0+Wza6ddF8tbX4pYvFXtab0Tuk2km4pau+3o+js9LcHa6EsnyqVI+UnJPcjgrngjJ6D6jBOdG60JEBjHBaNQq4DMCf7p6sM7iRnHBIwWye0s9Oli84pbXDYIBBtpRjnAzlR068nt34rSuNLm8yKRbW4LCPOBbyfMQOf4c8HkBsg464FU6EYxV5JNtaX1S1te60tp3u+t7IxWIxjafJUd7K1m2ruNmlb3r7taPt3PHrDQ0XxhodvMjOkkiO6n5UOwhweT0O48HsOeK9l+JVosV7YQKAqpbhkVGT5QwUKvYLhRgk7enpXAXcWqReLbD7PYXbTCMHCW0jNzjB+6vc5weB16Liuq1a28Q6tJE7aPq0uxBCzm0mblcqcnlVB9NxYHdjPNc9GMUqzulaokt9ko36vd6vZbv192VTEPD0bwk24LmaTbjqvdel9VbdbXbt080lt4w0YCbmLMAHIIUZ7HoQM4BPrnPQ1X+yxb2xwwbODz0B6HB69ecYHBx1Pcv4R8SSNGyeHtVYHcFYWUx684J2ZUjOMgZAPuMNHgXxZnenhjWTuYjiylOSc8gYGeMjoVIxx1zsowbvzR89Va+nRrTdP579Djarys+Sbt15La3S2ts7uzei1eqbZwptTJg+Uo2Fjg85GcdRkAg4J6+o4Jpf7N3qmETcCQSduG9woHY/7WeTj39Fj+HnjedQI/CutOc7QDZTHJyCCBt4yCe/U8djUw+GHxCChx4T1oYzx9kmypGMhQFJI5A7jHpV/u46c67aNWveK77WtrrfyaRHJirvlp1Ena14yindRv9y3SX37HnNvpCoGd1VpCvy7WAKYPJwcfeBPPBU5zwTnMuLOPzJSxJbJAJA5JJA6Ag55wTjoDnpj2IfCr4lyRiT/AIRLWMMFEchtZFbnGdw25yO+SBkYycinH4H/ABRn+aPwhqThlLbzGwycEDII/utwARyAMj7omThpaUW0k2rpO+m6Tffz2vuaU44tNXoz0tdpXd0laLsrpO10k+t9zx2xjVBIGJCqpABIyucgZGB1yPXA/hxnHMan/wAfy5U5WVCA2PkUnk4OSvGDzxnnGeK+irX4A/FR2dj4SvdxVgoYhABxgk4HXoCcDOAMjmucuf2fvipdatPajw3NHcCNHPmzxqCFwPlJwrNnA4JzyO+K4MRG9mnG7lFP3r6Jru9EtV5edtfSoxruTUqcoLkb2d5Xskto7XT1X6NYdjplq+mPMPnnePnJGeTwWUkgZwe2ecAgZNc5PZKHmIVix69RhgASQMH5eMKMe/1+idL/AGfviuscMLeH44w8IGZLuIM5TrwGAx07HPrUjfs3fFR3Jk0yxj81v3hlvYVYDJwCAw44AJGT2INdC5IuKcrSdlbmT3SbWurTvvpstGkc3sMTzycaUpXbSfK9HdN323ejt6raz+Y/skjKCCwYHcQQFOF9Og45HP8AFnHzYzJDao0jK+8Hb945AJYdSeORtBx26Zwc19If8M2/EppCuzRoxkqS19CNgJz1LdcnJyTjPXAFJH+zT8QRNsbUNAjJIVm+3QMFC9cnzBgbRzjoRjLDmqXIrSata2rktNlok+y7K21ug/YYzlXNTtzJPmvtrFaXdrdLXWr36L5ieyCuRyAGyrIeWI7jCkkg4444wTkYJcLWTfvA4YMAAOVx93IAIPb0IySCa+r/APhlrxk5JbX/AAwgUiQk6jb5IyQWA39DyQO5HIBBxMf2W/EZWOSXxd4UiXdnJv4R06/L5nPfk8bT6EYFCm03eKtZv3lvps19/TS77CWGx1vgk/VrTZff10S0VmlsfKdtZqDukOMqwY8ZBxx8vYnjj8xySduys4drHaCrkAE5J2rjcqqCGB5zyTj2FfSzfswaksh8zxz4SiCAEk38OOcYxuYAsCMbsdvQnMn/AAzqliImvfH/AIXdWYj9zeRNszuGG2yL/dzwwCkfUVXPBJ+8nZ25m9HeyX6a29dCXg8W2uam9mruS0Wis1ey8+q3erPG/Gxgm8J2YtApihaOJA2M7igjYgYOQG4PGMcjNeXaQsix+UIdn/LNiQOQTk57++0EccZHBH0n4n+DWmaZaQRXXxG0JoJJCYVhuFZFY42K2WbGCRzxnIPfBNL+BWjjyTdfFDwyiSosv+vXKAjI37X6gEAjjGOeea5HVpe0vK6+FPW9vh5V5Xv3vZ9DvlhsVOhyOPvJLRcullFKz0au7ybvay76HiCwxRKqtncXUcMCCWznHU8Djpnr7AbUIiRV2KSAWCgEZIHXqSQCcZyOT9Dj3A/BbwYszK3xX8ObQQ7NvLZxgEg7wFPJ6njgd+bsfws+HEDMk3xa0dgoPMQLemQMMV4+71OCc46mt1Xw8lzJxa215r72vfRvza0621ZwvLMZJq8L9b8yXa2rdtn93yt8+ySEEjZ+7JGSoBJPU4xwSpHX0yBnHLGlGTsLE8E7sAAE9iVOeAeAQfXpx9ER/Db4R7CsnxXsgwBJPyADJ67Scjk845GTz0FMX4ffBGOPZN8U7cSbskblXgZPBB56jGO3POauGJwySXOpO6suWTd1y35rabdH91ndX/ZGKaSThF6XfOlZ3ik99e1vNfL5/JiDAoNoXhzkMTkgEYG7IPOcAnGRjJwJoyDJkoDGF2gj5Np5xnv243deCDjp79L4L/Z/iBB+Jzgqqszgh/mXnauCSMk59eg47sfw5+z2AoX4lTl8Deqxg5Bx8xOVHrkdckjGKr61R1dmrf3ZLtbdbLp169CHk+MT/iQem7ndfZ0ad1s97b9G9Tw1CQNocjneCqjDA5JGcH5h/Fz7jtVkSqI8byPMYHaepA64PTHfr19zXuL6B+zpEsefiVeMMKjqsJ+Xr83oCcEYPbpyahOk/s1RiQH4has6IuQ6xdGJ+6BtzjuBkjHPfiniaDSXLJPppJJX5ddF1u+y+aKhlOMg1apTTWtudNt+70b0Wtn0e2+h8ua/snuoYwjKuY2zzuOGwAV69+vPYZ55+kPhv4MsJLeC6kgNzI6lyXXaQ20Mq5wNxAwTgqB15yapanof7NsxeWLx9q6N5cYT/Ry7yOCpwwP3Q2MdyobafmGR6x4f8RfDDTrO1t9N1fVJbeFUMc6wOrS/LjJ3AhSQcgnccNnnjLy+dONerNQblJxceVN7OKu156fLW1tQzfA4qthcNTjWpL2d/ac00k78tkn127JLVeZciS3glkDJFmNvJWJnTejEYDAZwNoO3ON2BzgYqRNOhivYJFjj3EBmZ2XCFiSACSTnBB2gjseeayZ7v4bXc7T/AGnxHJLLcNJII9+AeCpRtoBB5z7cc4rQh1j4fRlc6d4kvCW+YSO2cDptye2MdQcAgZG6vYeKqcqXsajS1vu7+7f8dLpafKSPnlkbV28TQg5b++pe97rk7JNatp7K+i12PQreC1W3Kt5QlALyMZR8wOcEZxkNxkAjkcHBzXK38sTQzI4iChSYyrZJ+Yjjb1UcMCBjlu+cUbjxH4RkZmt/DmvSBhsQNLJkqByeDz06Dv6kkVUfWPDuVK+DdWkRUK7JJ3GHx1PzAEdDnGfmx0GamNepJv8AcTsmtra7Jabpavs21YayOlZc2PoKyto11s1fRWumtbr5GW008M29Sj7VGArAndjaADuODjA5x0yTnIPV6BY293dJK1yBlSZV3qr+YRwuV5GOgxgHkD5hxkvq+jRIwt/Alzh13EyXD9euSMg4wcAYyDnng5SLxOFi22Pgko5HLCZyckEE8k9hzx1IBydwrT21RbYeeneyStyXta3pa11pfqnay3Dw5VLH0W0k7cyVmnDSNrX0stLX69T0lWewtJrdJkHz70WNxnYSBuJzkHOSSMgkc4FZc+qxxvEUuGdVwJTuG8MSCQcYzxnPTvjJ+WuMm8S+J4YN1t4Mt5yUwFmnYlgfmBxkE4JOCcDJGRismXx34/hQRD4faYkZGWZsM7545YqeuRzgDdk9Bxz1a1eK93CVW7K1veWrT7W1vq29V2bOulluBk1zY+lFpJW1d1daLor6O7WvW5jfGMrq3hryFjPFwJ4txKySAEEkjCgKBwW4yBg4BzXhfh2417TNNEOmX01oiXDyyZDqrkjBAJ4PqDnjkcggV7T4z8ZeILfQjqeo+G9LgWJ0Bh4dnBYHYyMDtx2AyQueMgZ850T4utcwyxnw5o0aiT5klVcKMcKP5MD34HUEeW6uJ9s5Sw0oytZe8k2ly2vfW/S9rHt0MNl8MP7FYqMoRlzOTjze9aPSz6rpfTyRuaD8UPGWlEW73Zu4/NJkWeJipGMBRIFJxheOcelegw/HDXj5LNb26gFh8sMkkjKVByVQYAA/DA7AGuFj+IlyZonXwvoCRuBghY2jY8HONh2n5eeo3DvkmtBfiNfxSqo8LaCyrkl0hTk9tx246/iemcmr+tYiCV6PWzbcWlblsk3a3dXfXoYPBZZfTEQ3tdR1bfJbfl0s7723PQV+NuuLGAlhHOXIYt9lmOMHGGOw8jpwCAPoK3IfjhqR2RNoYmcqoZmiaMfLnIyyjI9QeQcZOTx57D8UdUjIlt/D+iqyKox5MZViTnptzkZ5I9T2yDXn+NPiJVlKaB4edwcBWtoiy9xxsB/u+2Mc84pfW697Rgl3vy7eiv8Aknrp5jwGV3UvaqXbRtKyj+K2suzdk7I9Wi+NGqSyGP8AsJSXfavlghQP9ogEdcgccnGPlwT01l8VnkR47vR5rc/KFeCF7j5ieo2qQMficdAM189W/wC0B42t5AIPDHhuMnC4ksYgGGOvMYb0J4ABz+Fuf49fE6RGMOg6EqMCw8rT4xncSAd20MOQdvGMcjjOKWJruKbTf8y6aWtst+9mmm3cJYDLUm/aKKVrSTaaa5d1ZWs73S2s9tT6HfxpZ3rkmO9VWMYI+xSKWDYByCqqRzyTg4OAOcHai8T6WAUdrsYwiKbVxkHkqwC5IyOeg9ACQa+TZ/jF8WZkRxpOlhW5RltApyASGAKnoCTnHHsMVE3xJ+MFwgkFtpiqn7zaIUUhiQMHAJGOTtz0GQKuOIruN1C7dteWerut9tk2uy1vsjNYHL3K/tpN2Wl7uXwu9tdFvfTztufT+p+JIEWWKxS7Yv5i7Y7OTexZCEVeM7i4GCcDnocCvj/wn4Z8VDxN4iu77QtWtob29meCXyH3yvI5KLFkfMcYyQT0I69ejHxN+KsA89hpMYjQu6tFzJhNxUYJwc+hAwRjOcVR8G/Hf4ieINRubErp0Sxyt5chiberoSrCHPLkg98n0OMEx9bxTr0nCmueDlKMXfllpFu6WvXVOy00On6rl1OjUhOrNxmlFyT+GK5X+bu+i9Eei/GBIT8KvCmoRAR3ViqhijYHzt8zAryR6nvgEY+7XxvLrGoF2Ed3IFIBzvJDNgHPBOCOegIwOCMnH278QILax+HGgSX8aSWxl2SI/KOAxAwScZBI6cHaxwAa8Bi1DwVslU6PYLIsZUHzAVJJ6gjHOAeMnHy888ZZlh6c8RGUakYxVOK1T5m7Jtuy+W/bzMKVecYOLhNSc5e8rpK1lZ2T7a/d0PHl1WWSVDJcSyEH5wwLADaMkE9AeMdMEc8Yr7d+CF27+BvFBG4KNJm27VIIXY4zjJySd3P8I2jrXyFrBsJpoms7K1tVdihWKRSXU4UOzf3hngH6cjBr6z+COyPwf4ltyWRF02SKQAkkHBLsMdxu4656HA6+XGMKcpRdmnFpb9LPROz03dtlfXRI9fASlOMm3NXVndvryp2VnpZa7PpZWd/knVtTtGnlH2WV3M8x8xtwBxI3b6k5weuQcGsNr2PDCNHiAyNpLEY7jg/e5xycDOPUV6lcaV4HlnmzqVwjebIsiuh2mXechSTwQ2TwCGJJz2qFNC+HzkKdVuo2BGSdw5PPyng84wcZOfXOTjyzkvd5WuzsusY3WndLmcb/ADTuZ0oR9q1KTTcvdbSTd7d1q2m76K+2m56r+y/qIHjK1RUUkvEJcqc8OAPQk/d3epHJyayvj7rV3afFTxPBHhd0yGM7HIwFBG0E5wTkHJ7nnFdL8ALPSrHxsW0y4+0wefEqPI2CCXXC5yMg8joV+b2xVj486JoU/j/Wrm51BoL9zGWjXkAbASykEY6AgjjIPPBzlOC9mpNXbktbX2snvpr2662R7U0nhIJSe+ujV0uRadV101tfTY+e4vFOoJFGs7Rum7G1o8BsjHJYdcDtgE9c92+DmkPie3k2pGjX0UpOMKQ0q/KPwIPIOccZwRXe+D/hxceOtdh8OeG54ru/mQyRtdERQKkYzI7SEgLwOc455OeVp1p4Qm0Pxbe6TqLwxX2j3SJMlvIrxF4nGSMZG0KDjAx39a404SrRp2TacW4u97aWbaVktl2XVWZNLDVlShX5JcjlyKT6yUYq0nfZ6W1X3ux65+1FcSJoXgeVCpZ7Xh41JxtGCh4ADYGAcjt6YPxULqZHZjI2RnIxhumDg9MdcjGcqR2wf0L+M8Ph+bwj4VOuTTEfYibNreEMyOUzlsgnPIxwQffqPi19K0SR5GXUJ2clmRHgwxB+7u7YOM9MgHAJIrTFWVZxUbxSVnpbZL3nfW7elt1orCnGbd3KKd7NN2as1o9dfJrddehkeHbp7nUrFpHk/dyfICAvLsFGCR2IJz32knO3NfdvxaW6X4CaMsVuPLt7qHzZVHzZZcglsDqSAeuM4OBXxLplra2+uaf9jc3EZljDlwUI/eBsbQR8pJB6DgsSPmyP0H8bot98DNK06Mqbq4u4/JJKeW5wAivk42qAw3EnpwKmEI+yqSkko3j7172Vk722Ss7d+nXXtopvD1I80W2le3dxjZ2032XN23ufnG12Y1aHYXAyx3EOA7ZIJXaeQTgk5wd2Dzzn21zcm/t42RQjTW7OwQ5UK6Y5wcDsQGPHfHFev6j8KvGdtEb+DTo7yObcMWpWUKCc4IDEg8AAHIJ49jwZ8N61BeRR3tpJa3CzxkpcKY2KqwLKo4yMAgduATkYBhVcNJxjGSb0T81o7O9t7230u7I8uMZxk1JNX2Vrq3uvfre+u1vuT/Q7UbiOL4B31wZDsNpEsasCSAiDk5wVz1x04PTkV8BGdZpwiTFM7jIxYMNr/dAJ6DB4GMD36V+iukeHJPEnwbtNChuILeTUEjhDzkhQ5IAZvUdeQevFeOL+zjc6brOn213ax6+L+YQR2eiSH7U8iEEBg5yu5sZI4GeffDOMdhcJKlJxk4+zUnZSbv7jd7Xaastvlse3l2U4nM5whRnTTcowvUnyrmk0l9+mvR+Wp4x8Pvg3P8Tm8RxWHiXR9E1Lw/ZJqFvpuqy+XNrcbFQ8dhIHVfPO4MEIYnBwOCK+v4/Db6V8Ib7RblRHc6fbiNyJAC0qDkZz8pBJ5DdW68ZHn3i34EeI/hF4l8F+ItXsYdPh8RXTy6dp/wBuQ3dhDZHa8N/Gj/eP93PJA4JGB7tr9lda/wDDLXbixge8vL0yLDFCC0ivgAhFjI3dM4AOFXjk1ll2Mo46nKrTmo0p0203FptJa3u90tl0dutj6CGU1srli8PWpJYmjGXPytSUlyqVrpu7aataKabXdnk/7JmsaJcfF6w8G66JF0XUonBilmKxzX8cbLEoJYfMx3d+eDjkV4R8a4IdE+L/AIy0axg8q1s/Et2ltFKwd1g3nCscn5VzxjkAgAjqeb0yPX9D8T2s9vBc22s6bcIYXiaWG5juQ5wCvBDbiowO+TnsDxnoviqTXjrHiWyuYdS1WdpWlu3JmuGbaBMm4bmB6sTnPIPIxXmwwtGnjnXhKCc4Ri7KzbhKLjq9uVPa6s7vrcwq5xiq+SLLqlOdqFd1Izaa5YSsnB6O1nsrWu27O9z23xBHLP8ABoGPakxEICKTv2qQSQPQgA5Hp3GDXyq76rHlE3MQExnoDjuGyc9+wPtwa+0dR0p3+C+IgDcpBAVVcl8gtkAZJBPfggdcDIFfHV1b6pFcjNvchgi5O1TkjocYPbG75cnPA559nEtc9JvkfNTXne7jdK7Wq20b62WzPmKjnZuzSe78r6K7s1r0S10fc6/wB4o1rRNWl8yGKZb2AW7+eGUKGZVLoF/jHYHkkAdhX3v8Vbs6l8C/N2JHMY7OHLMOiqh5BJ4O7I+XHoc9fzl0tL6S6ieeOdR9piVWZSuPnAxkdeMkYOB07V92eOY7xfgfd3e0ssAs+JGO3IXjbg4yeAcYwcZ5yBzTp05UaknyqStpGNr9m273+Wq0toz0MHVqyg46cqT1a1et7t6K1117dT4abTbyUExSx7yFWTgAAgYyT0yPQrgnHXJx0nhSzlsdesJrm4iMbFTsRQxkZWyufU55GCT0/HnI9YuwFAjtssOVxyRgYIwMDttXgDnsBWvo+oT3WvacJUii+dB8n3twPIxzzjOMA9SDtyprzrJpJrR2vro37trr/CrrZvTqtd6U6nOtVZOLa6OV02tmrpK68+VptNH2l+0lvu/hz4BuELdAvyksQRAuMhV5A68c9yQRmviFUuxgmaZNpLIoEhB5J+csSeCMgDd6kEqK+2/jXqsunfDPwNLF5Vw6T+WI5lVgu2EPuY7cDqcFh0XJ+Y18jN4uumP/ACB7RwsjEsqrjIJIHHXnpjvnI65xrWi7O2jXm9lLa3zVm9FZnfKVaUlyrZRaaX+GXRaN2Tvd2a1PZ/2fDev4isJZbuQKt4+I9p5yACwRh0GDg4z7kgCmftF3t5D8RtRa0lkGyGBXPlZGSpyAwHBIBx/e/hPGBa/Z+1Q3/ipJnsjCPOwEB+QOQMBQcc5wSeeODit34+anpth471C2utMe4mkigZ5kK5dTtwCCTgr7D+E5z3mdnSjL2UW+ukU3dJxl31Sv8tUddJ1XCzlJXSV7rR3jto3Z7J/fpdv5w/tvWMeWZhiUIZIRABnBPzfdO0kA5JyOMHuR9v8AwBuJYtHvGbAZ4XaQ7cAHyCwCjHB455OR0wcmvkZtU8MSMT/ZNxGyR7fvFiGz1bnI5PcnP1zX2H+zpZQ61p2pQQGSOJEkYl2w3ywsdo9RgY3cY29lGKwTpyekLNp3aSasku7fXTXt5a6U1Wi05S5rNWV+t07u9/xet3azPFPFGp6lb6jemKRDAtxctiRAcMJXzgEMSRgH2GO1ZKa/qTyWbJBCcqEZjFgglQflABweeOeMAnOcnpvE91oiaxfxTRSs1rdXUUnDbHcSFQQAMMScHndycEc4rOs7jw2oWZJP3sjoLdSHCxOBzkfMMHcQcc9BtA2qfMdOMXKytaTafLbtzWv3T1t5t2bO5VZ88YqzSUdfSyasnptZ3V9b6o9M025kkn8NLMFGbqy5RcbZDPEp3DPQ8jBXBOBX9SngPV9Xtfhp4Xjns/t9ufD+lbYoodyp/oyjlgCM5z8u7II+71z/AC36Sts+r+HfKliZDf2HmgK3Ja8h3KARg8cADjPAyc4/rB+GGtaPB4U8NaNFI0ET+HtJeR51GzItkyFJGf8AdAOOe3U/J8RuUYUGoyfvyS2V3aKs7XUlZJXfwvXrZfofBsknik5KKkoRtom3p16q/XW2zR4BY+BrDxTr/iC81rxdqPhG/wBOWe40LS7c/Z59SvZI3MdozgA+U4JBwTgHcfWvmzRPA/jXw54n+0CKWCO61ad572SY3bwje25pWjJWNGUgbH9T7Y+tviZ4N8aeMtV1rVfhzp9/rUnh60mudfubOONIdKsVRvKvTMwJ3Ko6JzjnO3OPBvhdH42VI9OvfEdvqa+JLyZpLYqpkthbud6NcNyrMq85YYIOOwHg4epKTnONRWaUXBtJ03ZLl3V+Zu691vqm2nf6XGKKnaMZScZxXNF2UW7ayUtbydrJeS16dH4p+H2peIBpSjWorH7FI9y1xFHJELhWAJWR12pt7A4IHrgiuHPw88R2OqRx2194fms76VXlea6MUrxqcs0cjOAj8cc9TgdiPo3xFNNb6QwiQyKiSW6wKEYCROM5ABWPILNgljn05HzEvi621TUJrHU9E1S5mtZmiiuLSF44okQbiRtAygHyl+T1I71vTlOpBJK6hsmrfy21e211bq9bOxFSUKfvTTk5Shd6/EnG2rvur62Tv57+im1trS3git7PyUbW7dJAJzLv8uVFMkT7iCN2fukrz8uc4r+o/wCE8K/8Ki+G+0bAPC2msFZRk/uU6+2Sf/1HFfyuWmpC5ttCRIAtsNRjEMTEidVW4iUGbIBOcHhstwePX+r74aw/8Wt+HQCFR/wiuljCrgY+zIOcEexOOpxnPf8AJ/EOCnhqKkrtTl/KtlT0W2llql0s9zvr1YxoYOS1TqW2/ubdvk2tk+htlGDAZyqnqOu7PA7/ADDoRwABwO9NEWR8xII5JxgDrnBwQMD29fY1peWckqDkkc9RxwNxXj6EnI4PBpTEMZznGSQSOpIIOAPQDjPOeCCBn8Xnh5XbWlrJ3btvFt7PROz10e7srXpYiKWri9tnd68qd7K/Vb67vYzhArEtzuBPU5UnAA6ZwvQg+pPHQGYQkFGODjgYxx2GSBkgnB7Y55AyDZ8okBtvQAcDnORjqBnPtkDIOeRTlUjAOCcZxgqDlsBQB69wAWxnBx1lUHpZX2e2t7J2uk11vba1urspliY2T36bd7Jq92tbaLord2Rohyc4XgEnG4jqFPH1HJPXGB1AckWSDkZzgEnBXPOFzzwccH2zUiKwJwvBPPfgdufrjJwSR74EiqQ5bcBljkcHGfUe4xuBHUbRxxWtPCJyje6vrZOyTtCy6tbvfXra615qlZu7VlbW3W3urTTdv5R6ba/C3/BRm2z+zXdsei+IdOPTOB5vzNnBUEnGMgrjIwcmv5/rTVNV0GW61LQxCdQdQhW5tkuwY0+dlWIqxBOCAQDjBDHJGf6Ev+Cim1P2ZtSYDGfEGmEZGTnzs8cHHTOMdWI6mvwB0PXIvDmopqz2a3vkGRBC4jYEtHgsQ42gKM5zkdup4/beAqaoYKlCLs5T5lK+vvKGmmt7K7V9fK56eGip5NUc1GSdesmmtNXFarZ+7td63S0ufDnxH8Y+LZtch1OC2lke51CWSdZbVkiRlcoyRwlFEacHGBjqOpIrKl167uL2OTVvLWaSGUMkausiIYS3lleMDOTk9ScfeOT7Z8aPiboGs6/piG2GmNBFcrI9pbRvFJMzF9uETa0gOQTndwOfTxe5j0LVr211SC9uC5s7gXKyqqAMsbruwFIVAAc56AZycEV+04WrTnTV4z92KjzPa9k99lbm1TXo7aHzeIj7JqMXF7Ll5Yx5U4xdtLJ2va7XR20R9D/A2RX0hHBCnkoTnON5559QM4xgMo64r36eWRm3c43gNwR/DweBwMn2GMg8kkeFfAuCM6PGsZVkQyZIxnbvLADpkEc55Jx/eBr6HuIo9juMhFIycjuoXBLZyO+exLDNcGMkvbSsmkm3ru9Frd2Vltfut+/oYJyVGnFW0vJu/wATVrrq9Eneztr9+PLIZBhIyOGXOTkhVOegBwcnaOgJ54Oa+HPEXxWn8LeI9asZtFS7tUubgrI0Ra4WRnZWfcR91VJIzjOMncea++E0+SaJbi2YbCGUODgkKDvJXIAHuQRyD15r448QS+C/tPinTdX02O41q5N2sN68hCKWdtgyTwSSMAHoecda6sv9m3Nzg5fC1uusdYW0fS++1+p5ubSq8sOXlV3eUm9HdJq2iu3orPV3W2t/nbSPEehz+JLHU7madoX1VXngMO4bWYuRtG0sF565z8vXofrC68e/DndaXOn3Alv/AJvMt/siqECoOAoUdOeW56/Njp8taZ4P0Kx1XTXm1Wztc3Cy3UfmjeYdxAC7mZTkfeOR8w4wDz6zJ4P8GQ6nHdabqRBuS6u7XMLRxh+GIJJAyT3wcYB5xXr1Y0vdXvxSjHaLlJS5oNSjdPVbNWaTu9bpnkYSVVRqK9NpNOzfvK/Kk463bWq1tborWt6H4W8feHptdiGmxyyXpe581YrdRsUhs7FC5Kgdecg9s8H6Kj+JXw3Hgix0m7kca1pt6+rNZSaeWlklSQbFLhVIikLHAb05+9gfPPgjw94O8Navaahplx9r1crOJfLnSUkOCCVjBOevPynBGOnX2N/B/gW9uJtWimvY/EFxZfZ3hkUC2VpEYFmZgVRS5HJOB1XB5PNL2bqtzlUTUYpSdlFXa01tGUmnblS3utEdlSpVVKKgoNpx5o6KKT5dHprJ7Wj6PRM+YPFviTRNZ1XUtSivZYLO91c3F1YpCI4vkOBDgDacLgDPfnk19T/Aj/hBZmtNYsbkG5juJ4m0+FizgFNu5hED1BOMjAxkBTXx9q3gC/gfUYby5sord7+UJiUOg+diHaRSAVXHIycYwORXvX7Pnh+bwyUuo7qK8efVZNgtQGYoUIO4nIxg5OQOOpGABWKVFUGlUldtXV7OCVve5ba33tfVr5LHCVKtSvapFRUd5J+9F3tdXV9XvG9nqtz6Z17SPBHiXWPD6Tamlrd6fNdTWlkrhDK/nFgHjJDHc3Ug9hjcTg+oePfDnh7xVceA7vX9VOnzaU7y6ZbNOkP2mR0C7GWQ5dGVFGAGG0+9eSSfDXUn8a2WuRrbC3gslulaSRXbcz5YIQRh/mPoMYwOQK9B+K3w81bxdqvwvudCiRYdFlMt+81zsYoMOWCB1LgFSCMNweMYNebUiuakvatJU5apxv8ADHWKXL5K99bXeu3pOSUvej73WKspS5VC8l0Vtf8AKzdvOfjfaxSaZ4Y0tpvJsxePGZC0aoAHIyWPHAO7rjHqAa2tC8G6Ba+Fv7Ms9YWQSOJRdRTwB0dlySCSQSCcdSf4eM8c9+0pYlrbwvaCKQtLcvDIkbqqK/yRq6kYBJIJzznGScMRWD/wq3XtS8LxaHZ60dPkzHdxSxtIHCOqt5ckqnIPRcEtyQBggGtoKCoQc6is0/f5XK2sbRS395dXZ3VupChKpUvBtv3Umnbe101Z2vayvonfbmOq+GPg+Lwp41vb5PFl7rf23T73NjczGWO0laJ8iJATtUAjHOOCDxgV+JXxb8Tmz+KvjqcqSP8AhI9RjX5OA29xyTxtOSBgAkd+or9tPg/8NdZ8D6xNqWq6sdSS4huodr+ZK8ZaFlz+8PzAkZAz6nnNfjX8SNG0TUfib4sa8jLiTxZqMfk8orM85wXOV4B5xnoOOK9fhl82YVXF80nTj7yXKnZq14qzurtN9dba3Pl+OIRjltFVItJVbyUm3J6JLVuz+T11WljyG08XSQ3LSS2oKiLcPJXG0N/F3HuSc4GSMD5h9f8AwF+KMN5pfiLTNVntINNtUW5tYLiQLLPMVwYgRwxwBgnkHnjkjPX4XeDoNM86PSYJ5IbETPIJWwx2qWQ5bqByc8kEHqa6H4ZaP4OgSWaTwzbODKxV5CSiZQfOAOG3MCRuJHJ6Yr7euqtRTpTlFXVtZJ9na1utrLz7bH5dRp4WnOnWjCSlF20snZ8sddXtqu911TaXmNp8S9LsNR1Z41S3mlu7+NXYKVKSMwBOBuPHCkZyozjNeWXU1tPo+uXoRJJLiSXY44f53ZgQuCcZYEngADOMZx98+DNP+CuoxTnWfDGjNcw3s6PHK4EkjqT8zHPAXoAcHjHYY7P+x/gzB58MHhjSYIHUeWGjaVeTlhyGUg8jcDjp612KnWnhKULKKirJ3S3ir3at20enddDz69ajSxTqXb5n/KnZ2WurXS22t7vQ/Nf4d2cyeFriSXdIiT3OFAbbhomIYBsHK5yTjPoCOa+I/EcEkuuavPEko8u+n+VRkMDIwOfl+XgjBOTk1+xvxF0zw1a6dr954dsbXT7dJI4YYraPaoBj2sAgOMsQwOBzu6AV+T2vmK21nUQCfOOoSPNHjA8p5jwQRztPC8nA6HJArw6ilTrVY2bcW7tNNaWW/e9pemt+h9pGoquDwrSbSp/DbVpabXvrbo73XQ9H+BNnMutTTSW0kRbS7rmVDmQGN8bsDadq/gSSxycV45q92ltrmoKWdV+33nAXCEidsHBGWBIxjHPPPKg/Zfw7tbWS60lLeZSZNKmMhQIWXdCcLlfTOM5Jyu0r6eIWvg2y1fxRqcNxH5kUd9eKAzBAT5rHDZCnJAyQD1/AnqozU4w91qTkru2r2ae7dtbt/fuzjq05JJJNciVla120nfRq7f3K3Vs6L4SNrGpeFfietrp9xPCvhrcVjVgpBKksQq8sTjAboRz7fK+peGNV05Y576yaKO5QGFJAY3AY8kow3ccjJGe2QTX6Y+DodG+HHhHxPcz5t9L1bSktHWFSWLq4Vi7nIJJXPB69a+NPi3r1hrUukpp93FcJAxjd0AVokPMETAY/eKoGQcksCaqpJRrUow66y7r3lbXZLyS+ehlRc5UpTlfTRNt6/Ck1bS13vpr7ve3ReGbaSD4OeNBLDtVLS3lRFHIO4YJ5Oc8E8jpxgCvW/wBnn4aab4m0izvbp5oZbopJF5G1IwYBwZOgyxXHQdTgV59oSsnwl8YJJN8402E7SF5AwBgnqAe+MHr0AJ474Tat4pkktNL0zX7uxgncbYYDIoj4xtwmNqvx0wOvUkV3V5pOCg4ytGzu7u7a6JaaXT0SV3ulczo05OUre7Llum9WlaOjtd6rS1tebXTU+pf2p0lTwaZUklR9KitdPTn5HhYASKxHfCjAJOcdxxX5oW7wiYFJzHJKrhizZ+YZHJ5xg8AY55Izjj9IfjRFPN8H9TWdGubi1W2S7uppS/mzxgBn+YthvYkbuvHWvzSs4URy80G8MZHwGyyrghSME4JPQYzwTjrXJTbUnpZ32d9VpaWzSW+tnZp9RT+GHM3Jr4papJ+7fsuu6aVnqfV3jS5t0+AHgaKSUyT/ANrTHcPmVlUjIxycAn8xg5zXQfB3QHv9KtJ5AZJWjke2jVlXy0TPJVxzu4IIx/FkHPHIeL5k/wCGfvA06oIY4NVuimRueQ5yQABndkY+bg/3uePJNE+K3inRrU2+l3sVtHArLCdn70KVI2Lxhs56EYyQMc4J7STqJNN2SS1d0k1rdvrbfTzVlqKHNSjytLpdtJbxunrfTRNpdW7ux7t+0wss1v4Fhk3xtDa3VuX2KQ7bgu3ao2kKchgODjqvWrHgD9lnxf4hs7TWILzTxbXtpHfCJsF44FKScrlfmYLgnB7dB05H4ranfax8Pfhvrd3MzahOmoSSyvyWfAZSi+h578Y46tjK8G/HH4maLaQ6fp/iKWG2hRII4miQOIy4Ro9xUsRg5HOANuQOtY4x1een7F2vyuV97Xi+qeu/Rs6MLRgqTdRXlrHm3SS8m1vbr6na/tR6X/Z+ueD7RYjE1r4Yt7SRmxtllgyjlSSflJHTnAODkk48j8AaEBr+m3klupt4r61kMgYKud3RcklgThc+5IOTx7F+1ZPcX0Pwy1G6mLXt54XWW4d/kDyyKSxUHHcn+HpnPYV4p4P1O78yytC7yJHNalWT5ANsykgYOfvM3I28c981dRylyye7j711ZNpK6s9vy313JwtB83LZr3m07Lq73d9r6eXTRI9G/aOshqnj/R4vmiZvD9oi5XdnJwgHGcnj0OSOBXWfBz4beIfD3ibQtfnMYtUy0rIctGsibY/MRSCCwGTknoc8gEc/8fhNpnjfwxqMIBkHhyxuVM2XZ3RQ23BHIyMkcjjGDgV6f8KPjneeIdR0zwrN4diie6NtbT30KhdhD7VkKlemSTkdu5HIeEnJxU1Z6+8nfpLZJWu1pby0T7a42nKMpK3NLRdG9Laq3RdWvLXVo8c/aAeZfiSGCF3ewTzRFGQ0yNOwHByAW4AGOPWvZPh0kenabZSmzaKO6giGxwQqPuX5mzjc5J+7g8HA9K4n9oGOBPjRYQbCgNpYxFNysnmCTkn/AHupBJ9eOcew6RaxPZWtou/zIr2B2bcBsjyOR1wOBjjGCCCVr2abjyzklZ8iSSvdOyVm3qr6q+qunfU+fkn7aLdlJOLtbaUUrJ6XWzWt9telvEfj/ptunxWiEqIvm6NYucq20syIRtHH/ASQcdevX6L+A2l29jrmhX7iMSF2iUKCCimP+IjHByQQTwOuBkHxb9pD7PH8V7GW4fdFFoGnltoXhkjj2kAcEHA6DryO1e7fCOeHU9Q8OyWcbtbvcRxzMw2Av5Q+VThRg4GCDwc4BJqcJHkpzfLzNJ6Na3drdW+VW32s7PdM3r8spJXs04tWTve0bN2VraOzbaeqdj5U8dRFPH2sw2pM0kniW9H7sAjc9y2M9WAOSCcdjgnqPun4VeAtQ0HV/C+r/bUuIZbS8a6ijwgjkmtHcIecF1YkYBLD73Br4X8UC6g+KGrssKK0Hia7SJWIZ8JckqX7sARg5yCOR1FfXfw08d6rrvim10e/ukSC2E3lLApiXcLYj5+nAGMnIJz+FefialWdOrSpKHLJPmT3SutFpu7u17eVj1MGqUZxlUu5JxcFytaWjr31vrtouquz4Z8VxJL468VCQAM2vaiInbkFhcMRtOeThiG7ZAHpj6w+BOkm2svE9ywRnbwvehlCk4VomxyOQSoA5JIIJyQcn5d8R3O3x74hYwJcC11rUJD8uNzC4Zg2Qo3ZJyc5BxnOM19l/AXUovEuleKoGsxZy2fh2+aR4QFMpaN8FsAHgHnkYU5Oe8YOfs6tLmjFpWTWmrXKpWvu730b6Pub4ijKdOrKMmm5KMejs5Qvbpp2a7X03+HBPE9/dIyvIftkyeWVHylnYAnGSeSMDDEnoTg5+mPgxpeoW+sa5HFbl1l8I6m6ytE6Rx7LaUsnQDPXIwT2OM15n8PvDmkat4ymt71crHd3DMGBJZxKxQEgdh1GcfUnNfoL4I0vTtOnls7d499zoOqLsWGPDRC2djGHCngFSCD05GAAa1qVYQd5U4uEnJJvVJ8y1vpbf0u9FbQmnByptJ+8kldNa8so38223rolu9b3X5U+GojHqN9NIpANxchlGQwImYEhM4xlc5OQwAHIr7W+CU0i6B8Qo2VBE/hW9KHGOiEkoCe5Yk8EhsDAGS3m/gvS9E1TUtZhawtheR3N3ukkKjdidlA2Y/h9cDvzg8fXHgTw1osGkeKLW3ihgnPhO/km2DcceUSW9AGIyV4I6k8hTMK8PqtWC0bV011amk+j3TenXp0CnF08RBqL97mbeibk7Jp6rS13q01bSz0PzV8MfaBqFybS3lkla5CqPLLg4mb51wARjIxk+v8AtV+j3he11S2+C/xQjkglt5L7wtAI4vJdTIxlgXOWBCocknPy9Wxu6fH/AMN9Q0fTNfaXUDCLVJGhzM8UZV/OchjuwRkjIJ5zyw61+guteK7BPhF49uLC6iMi+Ho0j4SRDb7o2beUztBwMZ5zkKQMVx41zqZZVhFaNw7fZnGSW3Vdr6WutzowjVPG0ZVLqPNytu2iunJ79m7vbZK+p+YuoeHn/wCEsuLW8hMbTQ20incGQZjUDkf6wgryEzjI4wwI+sNK8KPo3wz8UOlyrLNoLOIsDAXAB2juxyzN/dxyfvV4db/EFfiH4q0w2+lWtlDoltb6aklvGiG6KqA08+RlnPIBJYnJGTzX03OY0+HnjPfcsRbaJMGLIMFCBhFbkdQDkenHQgdWWzmsrU6sLVEpJuLTs0k0rqykrX92zSW9tjpxMaCxlSFGLlDmUlPbR2nyt3s09U7q6tfd6+M/ss+L9N8GfFjwpqWpyTmxtbkm7aCHdttmwA+Np3hQSDlRgd81+lv7bfxR8D/EX9nvXk8N6nBcX9rfWS+T9naKQRRsclmIGOo4GAvOQMivB/2D/gd4L+IVxe6z4n02W5vIdOSTRpVmWNEceYHklj3L91QDhlyT97Ne8ftdfD/w14T+A+uLplvCkw1i3iZxHCTJ87B9zJtZlJABUsccEZOTXxePr4GvmND27qLE05RjThZqD1i1bbdJPTfpvZfWYKOPoZNXdLkeGnGfO00pKyimlrdtJ27bdT8e/wBn/VLDRfF87alcyJZvAsj7I2bLqBgbcHIU9gOSMHPWv0a/aE+KmheI/hVbaHYPaSTW/g/U4o3kjZJG8uDgCMKCzqG68Yyc8DFVP2Avgl4R+I3h/wAea3rGk6bJd6TdwwW91dAO0EI++oXdwGGAMjjIyRxj0f8AbE8AeGvC2j+G4tB0yzhz4V8UxuojQSSstpksrr97aFVhnJxjpW1bF4etiaeEk5qcLTjZWjJpxVuuia6Xbs2ZYLA1qOXvF88HCtFpRuudNyja6l+mvofjZ4Iu5Z9W0ePLCT7fp23OMkK8ZyFHOcnjqowcE/xb/wC2Sb2x+J+n3VrJLmfw5p28rlSqrGgIUA5I4/EdelZ3w6e1k8X6CYljDR3lok4dkI3tKFU88nbzjjH64+h/2vPC2l3nxL8GDUpkgguPD9pLNIHRFVCi4TLZznjBztGOfb0qtWkqVOm4PmcZybV+nK976PWzWnyZyzh/stSpKzUZu1n0bT3s9ddd1pvufmhc+KNfbA+2XMkcTBeCQqggLg/3sDPHOeeM9I5vEGqSHaJXfKhS+3HlkDI6qTuJ4wR6H2r2/wCJXw/0bw9p8N/plzEHkuSv2OOaKVnTG5ZPlOR1Aw3rg5HFeX3mh2lt4ft9RWbE8zgyRo4O3LEFcfKcjg4GOfQAV5jpwlJySsvdtzJprbZ2Wm676Oz0uclGq3Hmu2tLp20XurTXpezT1S2bs7Ytv4h1dY233DkghcOg6gLxnG3oARx1zgeltfEmqCQYmOduSFG0D5T2PHbPIGc5XOcUsUULwBTwgePLEKCQRySSMjk/LzyAOh4rK2xebcGNt0asRFgjLHGOQDn6HBGew61FoqSck07pXk+2uya7au+9vI7G0kpye9lFuzba1WvXWOutr2e290+ItTcSOZgFDkgY5BHcDuMjt1X5hkNSSeJr+4UBpl+UKowMAsM5Ygj04JOTknAyQKynjdFVQE8uQl34OCemHb39ODnrjNU3G1XxH3BXGT8oOMdvyH49STpBJR93fRa32TTaVl3dtVpdGMJJ2TTba1T5ltrteySvdXs9EnHVW6PTr65ubuEEB9tzESWAwGeVRkbQCTyOBnAJ7V9s698W9e+H0+gWmkrbKbzQ7YzGZCAhEa4IOPl2sc43Ant0FfC+gCQ6naAFsyXcCqBnGTIrY656DBwMexr6e+NcAa60B0/dmHQ7MNGw3F28uMHOSzYz0ODnqAOgyqQlKDU7NPZPo7Ra69LK+6eml9tKdScainHlXKtdFfRpt2213e3VpdD9avhlpWseN/hz4d8RXEdrJf6larI5woyqhWLxk43B84B6g8f7J7Kz8BamwmP2SIKrA/JbgnjqBgAOfoRweTX45+EPjr8YfC2k2ml6F4uvLbTbMLDZWqwoVtwwAKLuBO0L2K8AZIzjPrFt+0t+0BY2y3S+N5wiqxKvawhQ24DJBQHGOSwOMcY9flMVQxycnFwUebTV3V2klbS9lre7tqt7n1GHzDBOMXVhJyUVzLTVppa63a329W7H6n2vgHUZlkKWNr8jZAceWTkejDqAc45BPy8Vvn4dag9uEOnWYkkjIVwm4bsj5+ANuARncD15GBgfmF4Q/an/AGh9TMsdp4ps5V8wI0txYxMrcc/MI8DAzzn6nndXrenftMftM2NnczjWtHuILdXmbzrBQXij5PlEp83PzdfX0zXlVIY2DUeeN21dX21jpbXXpa/dvpf0aeNy5x5lTnZNacsXFv3brffZN3XnqtPtjTfh3rtlclbrTrd4htCrbsAWUD7zBckk8qARkDjHNdOngvUw8Y/si72E5ZQ24DJ7HBKngDOeevIya/P7Sv21vj5IyzlvDU4aFiPMtSgd0wpRPlBYZAbAwcjnHStmw/bv+M63P2a80jwzczgoWUJJGUzkFz0OOMkn5QW9xWNWnmUVrDRW15unu3tby3bu9dH1fRTx2WTsk5J2vZwWnw6XjzN6ap+ujvp93S+FbqFk8vS7lELnI2jACjJyMHgckN0APBJGDPH4YnaUSNp1x+8GduAQmBhdqjI2nOT6kHk9viW7/bo+KkMRuJvC/hqUJJtbZJJymRvAUbSVODz644yebNp/wUF8as6Qy/D3SnTCqsiSSIGOMnBJHBbIHXaOhPU8UpY6ctYJrRpKpHpbpe9m9Htpra10dEauBi/4lmkrtw66XWi02ae61ufazeG7h5JXk065ZuQrBVyFJ6HcuCeO/HPB7GlF4QRHk+1aRNJvbakm1QDnnOACpI7jHGPTNfIj/wDBQzWLItFd/D63AeQq5S5HCjBIJLDGBg9GzjHoa0bH/goVYom+98B3RLvuCxXEZVFxzgkdOBzgHGMDtSn9eSVqbfVy5lZPRWVved9NVd23vYUquBcU/ap3et42ab5OrSu/6dtz6vfwzZxqySafNwAqD7OuGxkEZIwB1AIJHYHPNZ1z4VsXRVFi6s+5ULWy4Xr6pkjIzxgnBHXmvnpP+Cg3hi4aM3PgvUdgG7ajxkjHBJKpnIyQuRz6AHi3/wAPA/AKvGLvwlq0Sk/uiFiwAOTk7ecdzj65FcjePbkvYTUb92+ZPl0tv/lZ9NF00qmXxSbqxbS1fK3yqy9Nenktb3PYj4KtYpCTaMWVSEaO1XkDbkY2dh1UnnHQ5AqQ6FZCAwGxMjDK4NomAp78pjBI5+XHHQ9D5RB+358K55mzpGsRnaxBEMRy5Bz0T6ggZ49cVq2/7cnwaBWW8sdZQz4Qk2qbQSSeoXBxzwCMdTk8lwjimp3oyUldJtJpq8V3u+ydtHZXWxftsFKVlVjZ7XjZXfVp7Oyt313bO/Twfa48uTT4p1XDJE1nGEJ6nLbARjrx1BIzySPkb9pBm8F+K9Fn0W6vNMW70oyyWiu1vZvPGzYXyk2K4OOeDnJ9a+k4v21vgtIHnj/tZtpARTZAAggLtztAxnuCeOnpXjnirxXafFD4jeGfiPp3w/1fxt8PPD7KL6xFlLOWWEia5GIkIVQudwYBscY6rWMq1WnBupTlBO1rtK7uvPS72d9fS6fbg4UalaMqNRNq2seZuzaV7K7STurpvpvax896J+0Z4/0LTdqW+lSwzEwSb1LOVLFiHc5KAnjJKnJHy8VDL+0Vr9zKHv8ARrMhc7jE20hQMjG7qOcnOD1xwTj9GPDGkfs1eJfhX8b4G8Nx6Dr/AInsxrPhLRf7Lkk1XTrmMslvY28ksbC3aS4VQ4U5KNyDkrX5D+IfBXibw1IJ/Efh/V9KjmeWNFvIHiVtrERAFlGcoAV43Y5xzXFhKn1qpUfLVpuErJVHruk5K101pzLW6TT0uj08a6+DUWqnNFpu6W1lFu91fXRvS9rvRrT260/aInCN/wASmRIwygCKVX25IOAckk9ivBPUjOK7mw/agtLOA20+kXxjcjldhKvhRwQDnByeo3dCu018g2eh3FxDNNa2F3tiCv5gRtqZww3EDPHXI+6TzxSXcd9blYTDcKXQSIWTk4BJK5B5G0juOgDV66pVpRioylr1jK7fwrRvo7262vfXc8hZnzxcpu8k7J2a2tG1mr2v57teq+vp/wBobw1dEqLK+tllkDSMIctuI55K+vJA4JByADkyr8cPBruha5u4jgKSYQwCjBwcL2yA393sAOD8iRWeoT2qzLZXLRKSzT7H+VQQWLEAKpzgDPXODnkBI1ZmiiS2mZiQy7Y2bdyBgfKdxJOeBx6jrWNShiISS5pt7pPvJxd3ZNX3admr32sk2sfGVm1Dk0d1FpPRJarRXd7apLTS97/b3/C5fClwgX+2FiRmUESwsCB6ZJGflB6jJIyOTWpB8QPCFxJvi1nTisjoNz4VgVOcqS3UgAZ49eDmvia40nUFYm5066WJQr4NqynDerbckHjtye3IFdVbeC9SuLa3mhtQkUq+YsciGOUqOFYKQPl+Yck5XJPGDXn4j61TlzVHNNtNXbuvh6y1Wm+ut3tdo3jWpV3pCLaitLttrTa7trbVab6LVn2S/jPwvcfu1vLJvmEjkXaAMV6sDngjtxwT1JHNG31fQptUurh7uw8iaFABFcxh9wHG4j7w69O3zDBJx8hXvhqaxTzpLSYYVQfLdmwXXGRgj36+mCBn5shtPCKGDX8TeYo2K8mEAGTlgTx17jcM1z/W8VFpOpKTaXRvTTS3nta61u07WT3jSwjXvUlfrrdbpbW2W+lnvu9X9/w3ulB4o4ZoPswVWG25hJD5BBBJBJ+uSQeRzkUJNA8PXV5LMyzPPdIBI0cpYgs3B7gjpjJGMqBwM18SJZ6izJ5F/eJECAGWeYZIOOQWABHUj1yO2D0mnL4ggn3Q65fKuMFmnkIYHHHLZBHTjHsM1lPMakWnJXSk7cyXxJLumtEtbPZ/N6xwWEbuoSi76u3XR6vrazVm76+TZ9Zp8PtHlUW63U6Qs5ZzI6r8w6Bd3IwR7g4+YnJFdRoXgmDSb3T7mC7eRbOcyurPHhhxtVTjjgEkg5BIJHDCvlaHWvFVtICNauTGFUln+ZeB6HPp0HXHynjFXE8ceObRhFBq0zg/vlDRggDjnOMdAR+PzDAxXBVxmInqoQWtk7uytZxWvney7dNkb08uwsIpwukrJRbVlZJqy3tppdO1ran6G/ale7Z47S3MT22zJK8yKjBTnoGDMc5IwVPSvPbHwjqdteXWok2sv2tZk8tj8yK7FwBzhRhlxheORyeT8tWnxX+IEUYH9oW07I4wDEMcgcHYpx6HcMEgBlB69dB8ZfGoUNPFZShNgIUEEqP4SoGT0wTggZOMZwvnYjE1nZ1IRk07xadkk7XV7K2m107ts76OCgr2loldvda2bV/dT22u1u/J++/8I9qUETR3UKPazIoMcb453cc5OM545HAIB5wb0mg6tLbwQxWhW1gl3BS3zfMp+5ghcqO4JBycccV41B8b9el2i40W2lAUrtDshduoPYjGdxwvQcZPXqNO+OV66Kk+g5RThmSYjG3OACQDg4OTuOcZI6MOL61GM9aL0+F6f3U9bqyd10v6GywST92onza3tLR2irXdvd0ukr6ad7dnZaXqNjDKGt5kYzll6sDluflzk5BzkckjPQ5rft1vFhZUt5QTMpMTIxZvVlyRjnJJ546DIzXE23xxtZVRbjw/KApY/LJkkZ46kDIPTOM9+5O3b/G7Q3JVtNu4TuIGVQgbcYUEjJCgEbhngdSeaX9oRXMnStHeyTbtaK/4Cez2t0Jjls73U79bPmbTVk7K/npzKz10PY/DHiCTR5rKTYyCMlZFKu2A/wArEnBwTngcA8YXivuex+JUVtNo19BHm2t9GWGaQwSNiSVAFGQMMMuMDAPPOCePzWsfiv4duX8mS1uDkqWPlrkr1wMDP+7gfxcA816ppvxy0cWq2hluoIk2R7XjVjsQfKOB2O05LZLHqMk0Us8p4dSfwxnZO6d01bZK1tl9yvoZVMonU5Xyxk0rrXZWhG/e1orbq3q+n1n428aW9/8AD3U5YIkgmd3iniMEiyTu0xYyqCSVBRhjgeoAIr5av74yeF5laU5SRAN4ZDjCsCA21uMY/iAJ74q/B8XdBu3+ztqE0pLcxPbgpjvkBdpG04Jyec9TyIfFF2uv6RcNZmCOLMLIRGI3faFAO0DgEDHbJAIHGK+L4kxdHMZKtTn71ODhJW1k1bVJu2t77a2d11PZyjDVcHGUJQtzTck7p6WSs0m3olzardNvqef6fcbvOjjDONqtgdyQvB2npnJO09RznIr+kb/gmm274KXgCBSl4i7cZIyg56kHcScevoT1/mitpmtZ5oQMObXDYOB09ckkH5s44UlcZ7/0nf8ABMNpm+CWpGZgW+3wgE5JAMYPJ6E8nvg8dxivisjwvtc8pzWvLTr2SsrWh53v3fW/Y8XxL93hepZb4ihtsv3kXp+umjT2dz9ArzGSTgMGOPy5zjjkcYHPt1rJYZPLN6jORnJA+6RyM9s9+cn5q3LpMuQVGSTycZJDHnkDpjkDI55HAznSDAx26kn2zhT9c5x1ycjHAPp47B81aXNTdk3pb+8ujXnbo3dWa2Pwmg7U42f2Y799NF2vdPeyaslrpU28BemR6e4JJwScfLwPQg4FKqMcqR/s9F45GOSOCT+I5J56ToApI+8fQcjoeM5znBxk+vqDUm3g8tnJ7LxgcgYHQnvg9gMda8qeW3kvdtdK2l0k+W+77ruk930Rt7T3d3Zv4b63utvJrXR9dtLlbkYDDn0Hpz3x2Hf8OnFOMbHGAeCCF4OMeo5wBgDnGfpVpVUZBB65zkcA54OOcY6n6k5ApduNvGMg7QMc9QQCMEY6gd89sYqP7KlaTavFpXitraJL7t09UuutiYzupLn+dknokr6vd7bPe6dyrszyw5DcHI+oc+hB6AHsDxmowhzwM8Ekr93JOSc87s/7LHnHuKvbNoJ3c55B7DqDxgZxzyAMgjHFOWPIC989MgbT6847k9eORk9RVRydzs4uMdtLSTTTSSskk+ujstnstUqtklzX21Wu3KrvTR2S0e6eje6rqC38O0EZJOefbHQD73OOevXgtIwM4wVJ4PcZP44AwRwB0wMjjA+IXiyPwF4N1zxZcWb30WkW/nmziIElw46IrdATnk9hkH0r5G0z9tTw7fg/afBus277VOISsiDPUBgo7Y3Z5BrzsTgqeFqqnOag5Je84tprS13Fczvay09Nz18ryTOM4o1MRl+GnXpQmqU3CUFabjB2d5KWqa1Sa5dd2fbW75iAoGFGRkAY7HHX19TyMZ4w8AYyu7B6ZGOh6YIAOeMA4xjJPavjlf2wfCMkUgPhbXopWVhGVjGNxG0EkAdzyM8DPLEYLrL9rrw7Fb28EnhrXZrhc+cWCLncxwQWA6Z+b5gRkgdweWKp81nVtG13Llnb7KX2U2+rVtnvqr93+qPEjVlgK91JL4oa6J3XvXtzJb2V9Olz7DU7cgbABnJUMDknpnoTg8cjoc9CakTaxJALMT1yTg8AZGCuT/gAK+PLr9rHS2Ura+ENSVySA0sqY3MCAxAGeuMjPQlc9TXJW/7Uvi9TJ53h23eJrklGZZA62xbhMDhmOQNwPbqOcclXEUqdRxjKUl/MoNpuysoppPXrZ2SW+xtR4I4jrpv6tGm0opRq16cJatbLmSe7W+ml+h96CPp6EklSODwM5I6LxjaMZB6g5o2Lnn7wzg/oOAcYJJI5zjAJya8m+DPxKufibpGp3t5pZ0qbTLz7MsQZts0R5WVMnORlgxycexyT7V5QO5iuQD1O3BBAzz06duODxgMK9HC4OeKpqtGDcGrpuLT0fK24vWysvz2Z8rmNHEZbi62CxUFGvSly1I3Ulz2Ut4t3UlbbZPVdFnbCcDnb1HTnLHIPYYbr1IHbrUfknlsnIBx05I9cH1yQMjBzznmrslxaQKfOnt4lznEs0a7s5H8R6cg/L2yMkEg0Z9U0qNCx1OwRUG4s11ErFB1JBY8YGASSDjg5yRr/AGbCLm2k5aNvZXdr2XbW/nvtq8KarT96FOpLmta0Jav3eyb3d9rvvuN2DpgEdQcFskdcAccdT6DPBzkOEG4jkHHZRgkDnBB4OBtxwCRgNxmuVX4h+BmvUsI/E+jm6lkMSQrdxMS64GwksVXA4KjgYB/i57i1uLa5jWS3uYZ0cfI0UqMpAPYrnPTG70GRjPE0svpVpOMHGUotLRRdnpq9dEvO269DWtRxtCMXWo4ijGaTj7SlKHMklZpuKut9euhClvxnAHovJIwfp6enPHan+Su4ccgD5uqkc5OecE5HUKRg4rRRAqtkHcCTjbncpOWwTjAUd2556dxJsjaPPl9STnPIGAOnrjAPbnHbB3WUOPWGtlsnr7t7Xj2VnbSydu64Pb20bb2Wq/FaK9rK9tl9xjmIMG/dscAkdAcYzj1J3E89CPrTPL+8XTjoBjHXsW5AA5yc8dT3FawAIC4wBwpXGT6EcnqCcg9AB8wwM12ubBZntpLy0S4QbmheaJZQpySzRkhsYxnIIGORSeV6LRNRunayVrpabX1V03vuaQxE535ITlazfInLS8fiSXVvdq7WuuiKQh45Q4yOe64PPJxkg47fQ88SGJThdn4nblgBldxB6gjjGe5OcBqgfxB4bjme3Ou6Us8I3SxNdwhlHykbv3mRg5HPfscVpwiO4RZoX82IgFTEwIZWA2lGVuQVxhlPTrgVyyy+lN+zjyOTsnyxg2ttNLu60u/i30vcuc68FD2tOpGLSac4ygm21ZrmjFO6d+r0a1b1o+Ru6Rg8nkjbg8YOeAecEr06ADOaYLdgeUyQCM8AAnk9ecc4Ocn8sVrCMhQPmzkk5JwCe2CePf6DB5o2MRyuSeTn+LuCRz65A98c4GJeUR2crttJJp6X5d+jt5W3S8xwrJ2aad0tLaq6Vlf5f1YyzbkADaB0Hzf0zg4J6DGQTjrmmvEwH3F7YBweehGM4B6kHPT05FaDKwbGCDgYAyVbrnOeARgE8cZ4YdKkEZ4Bzj5iRjPQYwOcgE8dDzk43Uo5PBpJNOy2S0ureWm3SzW6TVmqdbkWrjZpWXVx938ey37rTTJ2ZwGGeSCBjHAwRjBYYznI7ZAPek8llIDRrs5xgj+JcZ5AwSe55OOASCTtCFAMDIzy3GM9ADjjGMeoz2I5NKI1AO0N3I56gcgcccfhkcjIPEzyRWh8N1fa10rRWt/n1v31bZn9air2V3Jq+my02V1q7PvsYvl7TzGCpHAIX5jwOcZAIUduByMimGNtxGFUMcs23BJ54wcY+pyQeeBnG0YlBzlgp5DFlIyM9TnAOfYdjwc5iZMkDcWHAw23LHOMjaTkEZBGOc+wAwnlkYNae8rduy1tbZa3SVvLVmkaqavd9+a1knppdJ6rXbR7bvTMaI8YYkYwQq9x/D/ET19QSCR6Uoj2KeTyfmbA3Y4ztyc45HAABOMEc1oiNQQBuG4nPUAnHTGQTuGemT0BpDbkjJJzgLs9SDjKkDJxwMEDpziqjlibXup993bZ9rPsr9dlqiZTTaTnq3e6vvprdW1V93e/yZnbQQWAXC55IAJZvlHAA55wxHK8YxinEdNqgkDDHI6YGQq45GQO+CeuRWl5AH8GAv3uSe5PAPGTjIGRxwByAXC325xnk98cYODyODnqCeTnr1rphk7jaairLq7Ja8ujul02a22M5Vo3sm29Hpa+vKtbtPV66rTm02Zl7GJZgF3DqAOnOMgHuOOM7TzwTkl+wkbsgZ7YxwCcZz269VB5OepzrCBNp4beDnIycjng8AHkkrg4HQ80htxgnB5HzKpxgntgHqTznggjAxwDvHI3JX06Nxd9U+X+7r1vdvS/zX1mKlaTl0Wu+yeuuj87efS5iSRAqTkY77RyCOOOdpxj6E8kZxhFiHDKxJz0B5BJxnjOecD6k+lbMltGeMMCQPlGduD2B5GQMcMARg9xTWtY1QkKVY47kkngc4yQQM8dvp1tZBe11CNrdGm2rP7tXt19BrFQSS5mr6pNeS11VlppfZJPYzFjBG3cSp5YnC/7wI69scHIPqeqm1Vs4JAIIBxxjGSPm68DB+Xb3BDcjWSEEY28YHIJORjAJB/vDnuwOMgAHNhrfhcIMADJG3jHYc7iCRz90tht3Q5f9g05XVoyWlrO6v7tl07Xv220Vw+uq8UrpvTddeVvr0vZ2u1ZvyOaa0YLvR9w+VQDjknOcZIwRnueTyCcYCCF142buxzyCy5PJUdweFPcAHNdI8cagDy1z93gDDHjPT7o579SOO2GmEZBA25wxHXkqDu7DPIODyOpPasXw5BtcqV21d6NLZ7NXv6N6bFLF3SbTa5utr/Z2177efndLnPKGCCpIGMg8DOB16YJGSOnvk8BhhCEgKmcEKGPIHIYDPTIYDkjG4nheT0otwcKkec8tnZgcnJHJXk9PcA5xyKtzFFAryTPHDHkZlldURcrggsRhAeV7Z45xw29Lhdpp2Ts079d077K99n5XCOJjOSirtt6Jatu8baLma16Ky7djHGw9UBbjqB0xz3wfu8jnOeasorHPygHOM7l528DAOcemMHoOcYzYQWsoIhmtpWI3ARSh8KR1AUkgYxtJOMqMnIOeD+JPifXfBuiw61oek2mpwx3CpqK3cnlGC3bG14/m5YduSCTg98fSYLh+SipSpXsr83JokuVcz0urK/R2WtjajCtisTSwlGPLXrTjCnGpL2alJuLSbk7R5rWXXZdjuo4SSwLk5xndjnOOAABuGAD1PHBJ4A+d/2oVUfDDUFMuwNewgMc/wB1s85P0K85+70rnLD9pHXtRuBFbfDu6uYY54raS4gYNEgdgrSs6jasa5z8zc4HSt39pi2uNQ+Fct0bcLKotb+SPzBIsSNGWZWAKglScD5cDGAc8V9BDIKtPCYjFUaXtI0KXNOUYzjFQnZNqTteyT+Fr8Lns4HKsflOf5T/AGiqdLnxdOMUqtOpezjdOMJNp3aXvJd7SbTPyAiv5NMt7xEnJWSxYqm7JbZMck7v4eTxwe20nArA0jU7if4lfD9gwEsvi3TVfBOSCy7Qx7kYyMLgZ6ZFWbspGlwHTDJp8jEMeB5kpK45zjA45PrxVTw0kc3xI+GTIuyOXxlpZc5A3bHQkZI57ZBwBzyMnHk4CDVejprKpTUUtXeUoLVttfL0ukj90xSgqGJkkuVUaje92lRask+itq+r7rU8z+N7zR/tLeKI38wgeJ8jkfMDFEevGDg5x0IzxzXgmv75fG+sth1TzmAG0gEjoATnJyMADnv0r6d/aGthb/tRa7HEAyTeIgxHBOTCm7k/MAccDqSMAk14h4gMA1zV2mhCSi8lHmAD7wbgsT6YBzjIDY55r6Vz9nPEJxTcakk042S5Ja+8rpa2dttN9TkwdRSwuEauubCUtUn7yUYNXa1vor3trfSzGeM5p/7J0lVyTb28EikKP42Csc9WxjoBw3qMmuusLudfA2rSsDu8yIjIOcKijoQpzkZz0B69BUmrf2ZdaRGJCzXSW1kikKNqszjaNxyqnkAZbAJ6HOBpaZNHHYXtjcL5qx7nkTCEHbCCpIyeTkfhyR1K+hSqc2Gpu3M3JJKOtryTV+2+j/xXuYVXeor8y5UlZrTvsvlr1u3c4T4X6lMlj4heXezNplyRuUjAaVjtGQW5JBGRnI6cVznh27mk+LEkqK+JtKjjIVWbrGBgdTnpkj1544r0fwzbJJPq1raxbEbRbqcggBWQM74O3bn5hnrlcAkHiqfgLX9A0X4mxR3Fm93cXNrZW1usUag2rSFRIzrJlmG04JyAM7gQBmtcRUq06NWUKEqlWChammrqLUWn2Xw7Wd3okc65ZO6mlFxU27Xbsl8t9rbb2ZufF28Ni3g5WQloLu3R8gjG8qxzyMYJ4BBz2HHPpvwzuZB8W9BCSBYv7KuWhUKgCeZCS38OTk8/KOeBycZwP2gBbtFp92IICp1aFgEIBREVRgldoz1J6qRgdOBd+FsyzfFXQJ0OMaJOqqOVXdHkHJOQVA/hIAxjJGcTUca9GjOMXTlKNmmrO9knfZN30s156bnEuaNOqpXaXMlpZcvP2a5dVZX2+5nxZ8fBdn4iOd7EW/ii7VVGSNrFpMHHAyx+9gZzXh/jC6nOqQ7y+BECMA7WJG8qc7h0AB5yc4xyQfoP454f4hakVHKeJJFxlepj79CCS2Mk5J5G7t85+NUl/tRdrDKqCMMMkYxx/e5IBwWHGSa8mtRqqcbyk3FO3a0lDa19X27dLHu4GSlSjZWta6Vm3pGyV0pb62Wl30R+t3/BLuZYNK+PGoHCfZ/h/qpB9D9llxjGTjA5GcZXNfkF421D7Vq2vN97ztY1GXgnHN0/IJ59T37kjJOf1p/4JpyNF8Pf2j7tl2mD4f6qAxB6m0cEZ/hz6EjP5V+QOsS+fd6rNIgzJdX5GMYGblwSCegB9cn0O45p5Kv9sqN3lbm7pK89Vur6q3b0sjz6MebMs2k/dblg6erSSUKSdmunK5XejetrtanOWt0I7yLYOGCqQGJPTHPOMZ4B4PHGe3rfxq1R/wCzfh+xL4j0NwAV3ZAOGIPGQQffn8a8Ws2R7klsrsUFScc4/iOOc8Z7kkfjXqXxoikOjeBGRwxOhSlVJwQCw7DGc9T13Hqea+udpNSk5+Ub6fZ3ut+tm73OlKLr0kkpJ8zbeu0YpNJ3un6pLfV6HnmjaqLjzZcFXEDt1+7gHB6AAncPpyc+nuPxZuHfwB8M2JYn+w74nJB3BnGMYHPpxyMZ7ivmLQ5J40mzGFzby8t1zt45yeGbHPuTwOK+i/ioX/4V/wDC13kwh0C5Y4BIGGOSvBHGMY6DaOgrSLg4y1d7XTs9L8qu+27081raxE4yWIoO6tKTeqa0stbNLVJNeV3uz5z0qdV2sSSZCVPTkgkAgk4HXpjP0wMe56/hvgVppCEr/wAJNMSVPuOM4JBxgjHTtwBjwHSWiMoVpNwRnYbuMndk8k54yMevGFGOff8AXgP+FBacwZVP/CTXDDaTjG5iAc8ZUcHgYyfYmsMm5TVtIxeq73i2976O297Pe7dgnFLkWnxJd02ldp2fXR+XToj53Eo80RxZIyWZeqjaOeQeT0AI+bvgHcU+jvhXOW+FvxfJyD9k08EZ6YZupUnjnrgDjBGRXyzHdNCnmGTcd7KRxkZ4Gcgfw57gr7AjH0l8KLjPws+MLDvaacQDzlSWIA6DtznBORg88dVGTjNya+zK9972j3snbRO2iburaHJiXpC2rVSGis18UdbW06uzV9W0u/nnhq/WNBEsnl3DSKyEuORyOCT6cnPHT5QMY9f8M3cU+taCrqjSPq6KS7q2CqnlTx6Dr8xAI3ZY18qrLOs8TwuFcCPJy3yn5jnk7e3B7c9uvq3w1v5JPFWhIztI7aizMHcNtZI2IcAsSASTzwe+Rnn0cuxP76FNysm4rW1re7a/Z2bTtr16GGNpuVKdTlvJQas7+9omrR7q+j879D6M+HFw+n/Erwm1vCMXXjyGGdwyY2/bNokIbO3b0BIOAQMY4H9DvxS1LQPDOj2+n6ld2Fprut2+jGzguZ7dDcR7YyzpkqQyA87ecdeMEfzM+DdcuNF8caTqlySbW18TrKSSzbXhv87lHIU4xgnPpjkV/Q38cfBPgn4l/CTQPiNf3ch8V2dpottoaS3BiKLJFE1yYY4nHmlk4UlWwQSD0r858R6dSrnOSfvKypupNN0ouXK4uFpO1l1VraXvZLrwYdxVOl7S8E5cj5Vdt2Su2krJprdWu/I+WPgPc+F9E/bU+Ir6rNbw2Ulkst5dXbxLbZSzhcRxyMcBnIwdpAPccEH758d/tu/C/wAG+JrHw+lteXxuLM2MUqWhbT0Z1ZAzTxqUaONRkFCOvzFu/wCVXhL9mvxd+0B8RfiLpXgbxTb+Hr/QI7GabUpvtL3E4aKNGtyUOZACuGDbhjHIPAz/AI9fAn47fBuHTovFvijTNR0i109LZdQjsTut7iUCOCN5NgJlZsMSX3Ec4OOPJzTAZPmec4Sli8TKGIdKhSjBqcXzwSajqnF8zd9Ouq1sclXCUcRNqrOnN04XVJVOR2tFu0Vq9bWezbv118V+N+q2sHxj8EeLNNeW8gvPGi+IGWEZOZNRKmJNxcgbAQOdoIJyM8fr38IP2yvCvxR8Q3Pw60rQtTgn0aP7Pc38xAjXybcGVX2gMMMCCWOOo46D8N/iadRt/Fvwt08uZLqb+yow8eEEtzLcBg8ajpl2wVPILfNjHPvv7NGl+NvDHxP8YahHp97Ffte36XG8FLZw0b7BNL8q7nUj5euCMDAFfXcRZDQq4OjOtzRlhMPCNJ3tzNzjGPNdNu/yd79TmdSlWpqHLdxS5U5O6tLlTu97aNaX03uYP/BTK0trXxL4RvfsoEN69ypCkSGWMXBdCud2eSCOuw/dBWqngvTvDtjqXgKbUdCD6Pr/AIetrSCJLKCd5L9UQtPIFjLsFJJ+YdccAVxX7bOt674tuvB76rBb288d7JZRx+blI5EmJJwTjHGW5POflAIryf4dePvFv/CWaBGl1Ym102MaJbGaaRobW+kfy45yjMQiqNrvgDcBgc5z+qcGKWFynL4xhzpUoJ3esYpqzbd03Jbp+qtufH5zTlWoun7R0+W8U1dJyuuVSad7O+q1sn0W/wBd/Hr4geF/EHhnxf4Q8LaOtvqHhTw3FBqry23krIA+IxGoVVHPJ2g5IOOpz7d+zt4G8G6n8C/C17caFYzazd2c82oTSRxebI8Mf7pi5XcQjAbAPlBzxg5r408VaLrbXvxgubq/0u6ik8NWIu57HzP9LvhIgfZI2WKKcgouSMHd6nutH+NHib4EfCbwhcHRbPXLXX7NtP0KIzgNFcGIFmfJyxLhRjk4Prk17+Jm54mnKjNxi+a6tG60VnqlsrLmvrv1svGVGVPAKlyynP2sbq907QjZ3astrtve+llY9Z8dwt4S0Dw7ZRC7NlrLeKop4ozujiIs7gx7iASqjoMnoOAAa5H9hbWbzRPhnqF/YpsWfxvLY3cimJ/MBZ1RQxXKfIcNyATyMBeeG+HnxE8ffGXQNU8VX2i6Zp2neGIte0660ueVjNc3l1YznfZI7YDJnGQD6c8muJ/ZO8T32g+A9U8OytDaRXnjqWVkkkJmiZWk3s3OQUPyhQfQ4rwuJ8RiKGUynTnKnWi4vmg7yv7qT0bvzSTurO2u6PWynDwrU5UakVON4Jv4kpON0pPVXvdX0t1R+jHx28Vahc/DrxbpMYVrGOJWlRim1lYqdqhRjOSCSc855J6/y/8Aiy7kbx/rs5BAGvzRxgYwu2QhVXOeACdoBxxkckkfv/8AETV2fwN4gRtUEy3v2gAq2/KwwvJk47A9euFGcEdf5ytd1G4k8WarPJJ8smtXEw55Li4CEA5zk/xcjr1xXLwzisRjMqqVK9WrOpGbinJ35VaOjbbdorR23tuz1sLQpYXESpwpRhFKDUYKKTad76WulZJrV9NOnqV/fSWzQKrSMX3b9pAyCygkgc5JHHGOO1e0fFjVpBF8NA6kxp4fQth8EoyD5jhgNpzg5HBHUnIr5l17UZUv4oWV1jECOHAAIZgu3qMYOQDxnnrnmvVvjFezG1+H6ZZ5H8MReTyQGLIpycckfLkd889envUlKS1k3076rlu76u2nzdru1z0KsE5waShd2airu9oppp9G/wBbrc37LVIppLWMSMuzf5SrIOMAgbmByoPYnlgSAT0HovxCkdPgx4cmZWVX8RyElXGMlhuI5XJIxluGPA6g4+I9K1zU7S8kVnKpI7KHkaQKi4bIJY/KoIyAMDtytfWXiC9lvP2fPCdw7maVfE06SAHcu1cKrHO7K+hwMjoeppPnk9bpRu7xtq9OnZLlts97amDioSh5ybcXe6sopdNrbJatX21v8Z68p/4SS7kGQp+cEthuQOVAHc4yO+cA5xX0H8IsxeFvie29kz4X3/LywxgDb9MHJIwdpwehrwPW4ZbrXZ3EQTCqcKc8jBbAJwAfTAb9a+hvhcsi+E/ihJ5RA/4RTDEgYAVeSc5yCMDIHZgw9fSweIjGUIp3sttuZWTd9dU+xjioqSk5LmTaWi2bcbvfRWtp56vt89W2twBFeW7mjZduxSNoO0jJOMZIPJPHAzk9K9q+BmoWuoeP7t7e988Hwxq6sGBJMv2baSBg5IbB4HfrnlfnKeXT/JG5UcyLtd/MXCkEBsZyAwBwB1PXPTHu/wCzKbFviUYYbcAHwzrDNKAXXCW53YHKsSFOM9TgsMYNexhcU4yu+ZRS0W6vZWsn8rWaVlt0PAxkKcVaEE5K3R2vpJWvbo76W/BXz9B8F+Jbqe/ltJY4TLd3TxhmxJIv2iTb8rcegyWUY65wDW7cfD3xPDLZSXf2abF/bbnLjjEiMAFDEABSBwBnkjkACbR/j14b8OazdQT6BczeTe3Vq0i7SkwiuXDNhgCp2jPGOuMV2l58ffCPiLULCEeH7q1he6t4yy7QDLLIijcE+YlSMg8c89xXrUcenFxlCS0VrdVda31Xldt9La2Pl8XRxnteaFFezirO+9n9pPVWV3rbZpq2tub/AGl9FuL3xtCnny2yr4c0uNY4y215FgiyTjqAcjkZHPTNfPFr4WurSJTdajMyFjtVHbAbB28N0GQfb34NfoR8WdG07UPG0d2UE0Meh6U7RybAyq0EbALuySVHUAMflHGQc+V+I9C0SHT1ltLOOWRJwXC7WVAVySzhSBxzgngcgLnI4sVnEMOqraqLlXM7X0SUXLltq9LpLXrp29ChgKlenSnKKV7acq6cq66u71tbrd7WPNvixoM1p8Dvg9ektPJLrd7BKwk+ZkGWAbByMA8FuRyAcg18/eM9KN2tg9rqNxmOECaJZwEQLkYUAg5UKMZxk9OSa/aH9pD4EeFfCf7CnwV8Y29skWt6prMl+bp5Fkh8qctm3iJyokAIyqgHH8JJ5/GLxxaL/aDyWk7RWzIi7Uw7K3lqzlip/vZB4HPLZAzXl8L8U0OIqeJq0KM6ao4irh5OemtKSXMr3VpNp369GlZvtzPK6mBVPlqKalGN7Lro1a99U21LTz1ueh+BoYrX4W+LlW5maQanaZWRzIQVA4cktwcDAJ5BO3rg8DrEX2qDbGFVxuZypAJAXA6YBz045B+tdd8Pleb4X+NLZVkmkXU7TMwXovy8kj+8eMdDjjGKx3s5Y7aRFjfeIzhmRiSOT0K5yOx9/QgV91Ra5Lez3721u4tPzsu6ad3a/X5udSvCd5NJSukktb3VtbO22qWmuxu/AiGKHxtqLfdiPhbVA4DZKg28pb5jweCT0B55JxkcpbxW6yTOXCQebPtDsgIbzGJ4wTg9uhxyemD9Ffs4fBvx14wTxV4y8O6PJqOg+H9B1Sz1m9jhcrDey2kssFsrbTukZcE4J46kda/PjXtV8Sadql5EM2xtNQuYLqLeX8uWOVw0TL04IIIA+mOlRgsbg6letTpSi6tC3tVGylF2SSte+y/TdaZYnCYl04Tk3y1EpRu3ppG8Wrbe9stnvY+lbQKdR0qaRFdF1LTyhAVnyblCBgZI2gfKRjHGTwK9K+L2h2WsfEG/uLmLa6WWmhQ0m0sPIUFSMjgAFTjPUkfxE/IPhzxhr1xrugpJMVtptV01dqR5YsLiIM4HVVJJxkjk8c817Z8fviHqvh34mapZwQR3Cmx0sIXI3gNbry3GVGeSTjnHsa9X2lKc48kVzp2k7K+8bKOivrtdt9t9fGqYatCM025RfvJ66crjrd+Xk7Xu3uXZfCWnxrM5gYbRIoRZMgExtkKAcYxjgeucCvRPiJoKal8MfhJp0cnkrbT6ieGOcGYZO4DkAEnGQeRzXx1e/GvXYN0Ys4mYCRkZfmCna25eB94jIAJGM85HB+n/ABh4yurD4KfCHxM9p59xfHUw0SgFg5kwEUHqAVJ+6Pz2kXUlOEqXTmlaWuttJWSu36ry7WMaNCo1Ncru1du+ltNtbrWz720tqZkPgcnT1t4tTdInfaixFjuypDDP3tobru9eCCdtdl8GvBp8La747D3AnW58FanGCpYsoaPksMk8dyO56DOK8m8N/FS6k06/d9KIubZTKAPLRY1+/s+c5L9V46nkHgGvcPgn4rHi/WPGd1d6e9m8PgbVCcEBW/dDaWAGBnp16EjBpYrESnSlebloktbKN3FaNKyaXRX7s2wUJwxEYyhKKcWtXdJ2V7NrSzv1bfrofNdppV9qFrcxxanLHZpDc+XAgYMHSV8uxABAyATyAccgcVv+FNJ1Cyl0M3OoSXJi1ewliw+xEiedcqQTnd2xwuQOqk1X8C3Lvp2r3ckTCLzNTgRgBxtdgBjB4+8eT2xkYFULHWJ5F0y6RSkceq2MSqHJLNHcKMjB2nsAPu4B4zXbS5HRUm+Zyp/DKzetn0SejSd13tZ6mVSKjiLwVoqW1vspwb1to9utujSTPqL4m39knxL1yG6YsDb2TLIX2oGa2jxwcDI2kggEtjHrXHalf20yQfZkVmRoCSGAI8uZCAQDyOhB4yMfeIBrnfizd3DeO9VuCvmM9pp0rOXGUJt0AUAHGc+mCCenSuI0rV7k20qOpDiQSBjwdsTKwAPUr0xjgnjpkDobkstnR5IpOjJLTf3Vontey0d1s3fQh0ZzxsKqktaqcfd3s4ve1762Wl9z+if/AIKCpFqX/BND9nu/dUaW1n8O5YKpwJCVJBB6jYATnJA54r8LtGFmb3TpXhXIsmZyG5LhcHC5HPAY844IOMCv25/ayupdc/4JK/CPVl2ySWF14ZV3PzlSszgLt54I6gYJ7kE1+ALeKLvTo/NltlMMVqqb1ZFyXA2gNwQTntg85xX5V4U1Y4fL81pzjrRzjGq2jsvaqSW9knp27n0HGdKdWtgLSu5Yam5NaK8XFv8ABLR/Pa57Bql3pv8AoCSzLGshfkBM+XuOQexzgDB5IJ5OCa9w8A/D34U+MfDU8vi+5022sXs7+K3upJhHdJfRRO8cpAIIy20gN1JB6gZ+G38UaffJFLe2U8nko5jAuMFW57B1YZyc5UHGT2UnNl+JUaRRWFpp86wNII2i85grFyBuVN2CwGSCQOnOeo+qzLE4uvUccMvZQcdHu7RVPVLzu/wfTXxcFllOHsZVazcoyhJJNvZUm76WabWibTvbY8x8eaNaaNreo2GnzmeO1vJ4bV3yfMgW5dI3AJOQ6hTu6Z6dqrjw/pTfDfVtUvrdZNVGppBatGxV4oyQSPLJGSSeWye2CCcG/wCOdVsJ/EUV1ERAkEFuJoW2kg5DZLYIcliScAjIGSM83priO++HOow2cfmzw6r51wwIKrG6DysFBnJIzjPoAQeayoVK1L6smm26sIy6pq6V7aXbS1ve2/Rs+sxKpOlWSkvcpPlvrdtJuVrXukmrd15XPYv2JrR08Z6+JHCovhq6AUZOFO8ZDc84wDx2bocAfsv/AMEytNSbWPiGvmsrSaqEQl8qwW8Ykk9BgEkZ71+P37GEJj8V65vi5fwxeEvzu4SQjKnDDGDxgY444yP2a/4JfQmTU/HrOo2DUGkVQOuLl+TznbgbR6Ag4Fc3FEovCV7LTlpPXW/vx9fVaX37HJkSd4uT1tJ9r3UUt9HdWVldr7z4G/aw0ueP47/EhAyvGviidsA7gVCEgkBiARjIIxzk59OFjsC2iO5Qso0yMINuBneoYnscsMggn5efevYf2sEJ+OHxOmXYhXxBIflK7vm3KTk46knDADAxjBA28XCUh8PXKSbHZdOtlQngANt+Xn39T05JB63QqqGX4P3rv2VOL7JuMVba9mk0rabrqbVHF1Ki5dVLV9fs3s9dbfK9lqebx2W20JeME4iUY4UDg45HtwCO3AGKpwtKlzqG0MqKyEgchiF64OcjPf13AA10t38lmiKeJVRuCCMggDGDkAbu54UnI5GMWO3D3VzHlgoEe8n+LKj5ec5BxlgDglTk85rojUvq5PotNlK63Wjvbda79bHPJWktHt/wUr7re78lazOQmmP9oWUhZt7yyjOegA4AI79sdj27DbvbuZIZJHIKSQKChwTuVguWJGcnIOCBnPG3OKztRgEOq6aFTMTTyfMOM8sMdCCMckdhweuKv3ETylUx+7BcADlflbjgAd+B0BOeegPVo4RSnppdf3m4u701Vuq6buxpC/LZJbJLrtKD1VtVq0nZ82y0RBa6uJPMLJ8yweVtUgYJXIAIOTkdcNnHcV0FnerFDorSqyYdwqplhknjljncR6Ln1GDXJWMUUklyNoL5lZiQc4UkfjyQRtAwQcd67l4bZLXQlcAuMMgVchtuRyR74z1B6nJyDjNNTik3LVO+tm+6S67K1m9upaVpc1ubZtWSTbcNrXTfw7eXXbmbqWKee8nSPa5vQGYMchRkZIP8R6kHhRxjPWMLbxiGMSMF8/OcZG7IHAGMDpwTnnqBxVedtraihVUU3iksOwB2kKdpwQeuSBnjI4wx5E8+2jChkMzMHOT8w5A/iz69yDhsZOF6I2slzu9rdVqml70bvVdd7vfW7RNxVnyq7VlbfmaV27NNpNO+2+uqGWy282u3GZWZVmQBSOcgc4PI46DjAXcegFP1lQ5vYljQxwklTjLBpduAfYFc4PP4E4ZpPlS63O5GNkzM7AHkYwu3IYfKOvc5zgmrdyyGbUI2Xcsk6/MeMccMQQOCGB5GBxgdMPmjdKTu7Le6dvdtzK91tq1ez6Ntmd4tW5OVN2SXNd2UWlrd3vpdNbXtZO+npjJa2bToo3tZoG2jIznAyTyBxtOMEkkCvCf2iNRub3wJJHMU8xr5XAUZIKgbRtGAGOcZBJyOecivdbeSNLSSP7ytBGrAdDgkgFhnBI+Y8gdADgZHiHxriiPhoB1xE94CQRknAAUAkkEllAJ55PHAzW1CLlVjGKbXNrbVJvd9Hpo15t+izxklTw0lbolo7Wu0r+vTbX1ML9hi5VPHd1ApVpDLpDMu3AVVuTuXBHQkkcZyewBr6j/4KiO7eLvCMYCoToSlWRtpK/Z0baTxjrxzyOorwP8AYusbaP4l3MdtAoX7DbTzMoyd0UqsCGIIOTgN0A5z0Gfoj/gqjbH/AIS/wWwQRh/DkMnQtuLWic8EDHG3cBnuDnAr5rESceL8LTk006MnJdLSVuqWumqv06Jq3oYeaXDNXS0nPVO6fxR8nrfe73fnc/MnwbcGHUZIpb2O2V7K32oHUeYwcHHzEkEjHGeDnoeD6x4y8TWMN/HbSak++OG3EcZYMsasiKxzjvk4Awc4zyMHwfw/o0tzq9sWkjQulsqk7/4nVecYwcDHr3GMA12/xG0lYPEMk2IyIre0RlGSWYIvUdcEnPHHc7RyPr6+GpzrQk1pyvlbtbRq60201fw7Wvd2PnqVerTws+VS0klrdNq6btrpvfRdFp30riVX8HX8kUqTJJqrRhycnLqMnoM9cA84wADyM/QP7EN9dSfGewhY4Ftot9tJBIIClcAj5cnAPIxz9MfOVi0Z8CXC7BEo1kMeOASFzjv0B5z146V9N/sPBB8ZIWRQAdFvlC4DKQ2csrAHAIxnGMHgjIBrhzaMaeV4xf8ATpv0dotu7Sdr91by2R1ZVKU8fg3ZxfPG9tWldLdtysvS77M9T/bnud/iHwKHWMKLR5GyrKpJl3EcEEjJIJycAZ7CvhTUgGgt9WZoQravbwK0ZO4Ijqw2jjgYx1JzjGK+9f294dmteBmiGxXsJo1yoYFnYhguTk4ycAZwcZ5r4gfQ5DoGmQyTDbJqBYlkYAOCCGJOAMD8O2c9eThxU3l+Ek7NWajpu7pJN7JJ66bX2O7O+eWMrpK7tHXVNPljZvta/fysM8a+N4LfV5reKG4mKw2hEhkYE7YVBwAOvUZORyMlQNx7bwxNFqvwyu9Wijdni1wh13/N80DAFiOScjIJOMkjHY+b+MvCJk1NrlblCXgtUIQMVCiFQZBg9CRnIBHI9q9u+D2j6Lp/g2aPxVFcXmiPrSySxWzNG8qrGS+XPBdlAAB7cYHBr0MxqU8NSVR0lO1WCUYRXMm3tF+eq0d2rbt3PLwDq1q84SklzU3dtaR7dLrqnq3o/I+nv2DJJrj4j61I8MigeHphHnOfkkUEAjIOMegxwOciuf8A26NKu/8AhIodYjWOWG4MNso25JSPLOcdcKw5KnAGBnoK90/Y10/w/F8W/E83hm2vbTSD4cuZLW2v9rSRxSHcACODg8kkHgE56k8P+2sxt10QSAL5321w4PzkmQj5sndkBjgAHHHUA7vk8vxEK/Es7qUFKhGyatJNpb79JNaaNp7Nn19aDhwx7NNSipttrWXNeKutt1qrtWb69Pzf0/X5dKhYeUs0U21dmzARgcMRxkFlLdDwSPm+XNd8vxJ8PrayRx6NNb3xtBCZzK6o2F2kMN2ORyrYG0c49eFmsbWTTBK8hwEZ0UEbkkwRtI5OOPmJAJGOeOeMugkknl78fKOWbhlOPoRgZ5AIU/MFAFfoCp+0dpxbS2Tts1G27/7eVum+jPzaU502vZtx5nqkrNtu7s3a2rbutPO10eqL4v06aBVExU7mctPMzYIOQFYEDjjBznqCcgka1l8STpNu0dnf3Cz5L+dFeSopODtDKJASAQcZOBwfevAnhjhj2qxOJNqqMbACOxx1BByMj2HFQvaPHkKPvlSxHG7I28npgA8gckjvjFEcswk1apQpzu7WcYtab3jy9tVrp5gq9ZyUuefMkldSbavtffs7Ndejue6y/Erxd4raDSbvxLq2rWcLPJHY3mqXV1ZxLuX/AFVvNO6oy4yoCqAFzgdKzbtL2PUJwUMallXPykcqMYJ7DJwAepHTbiuG8H6e9lqhmJU7oWwFB3F3ZRxtzyMnIwRg7vl4Ndlqz3MurzQ/P5QSLAUkBVIBDEHkn1PJGcjOMnWhgcPhU6WHpwoaczjTileTtFtpJJ9rtave9zkxNWpKDlUqSlJaptt7baryeumrtpq27MqTxwyXHl7VSIl2ygYs2Dkcgc9xtGckZrkJtVRH2RSzLJG4mDhPlOCCyhcYwcgc5yMnHQnvb6yQ6dOokYZiUhRkA5O4q+QDj1I7c9M15jeQtDKX8w7goQgYJKsOCpzuwOR0HXlgQRW9TDwtrJ3vqt1Z8q089NL2XXuZ4PET5dYpvvdJa2VklZ33tZ69+hFq159qujeSS7lYRrIAMjKrkHaTgryASMtknORwLfh/V9Psr+R9Qs5LqGaGSKNAW3AlRhwCRwMjBOBwecFTXNzRSzgsxHlghcgZIwcgngEYOPl5+pBFNht3SZDv+6xKkDO1COc5685yfZjzyaiWGjKKhFyaerabbbXLtre2/TX0ujpVapGXOop6Xeqs9r2u7ra/mul0jV1ZRA9w1lP+6Lh4gzsGCvlgmCMDqRwBjtnG2l0vxXrOkBI7DVNTsI5Cyzw2WoXMEEytwwuIopAsqnIJ354zk7eubeq8scjSMVwy7MjGEAzkfKM8AgYGc9OM1TWBkmV3ZWGAF4JAwMjgdM8L9MnJzUVsBhq1NRq041FHpUjGUW42adpK91Z666pWfQmlVnCp7SnJxlze84uyT0dtLNd7O7fmfsX+zBqAj+HOiXdw5Z7i9lU5zw0q7ckndz905yepJ5zXovivbOvmAbliufJ2feIPms3HOejcKevJwDjPh/7OGoK/wt8OI5IdNYKlSvQcNyGycjHQckjqeM+tanraw3t9BcIJI2unCAJjbIyBVLEgHIIzg85B5zXx1PD8mNxDVlGM5K+iWrSS3tom102XmfbzqR+r4WMnbnoq8m7u9o3euvXXe71djN1NR51q3zBI0gaU7stneGUhuSCMnGTgcA8179+2j8O/gjrHgD9n+fw7p0OleKPEjW9nreoac0a39/cS20aeXqDHKhfNYtuPz4IyeWJ+cbzUEit47hw0itJCm0hc4WUcdweR9R06AGs/9pf4n6LZ6Z4S8Itp80usWkEWvWd8ZGQWYe3VI1QowwN4BXkEHBFfOcQ5VmuNzTJq2V4ith6lGpXdR0pcsVzUOWDqJaTpqTUnB819NFe50SrYOhluIni4QqU70/cmuZNqUWkmlvJaJp9b7XPqvwb/AMEgPBOsSW9n4t/aC8MeFdV1OKyu7XSbloxciHUIkmgjQs+HkHmCNnU43A4GK+Kv22f2OfCf7KfxT034daD41fx39r0OLUry+Oxo7K4k48jzICUAYNvUZzjk5PX5/uPi9431O9gvdV13WprxPJS1vW1S68+2htwqxRRM0u5UQABMD+HIPAqt4p8Z6trd/FrGsXmqa1dTRrHLc6peT3lw4QbFUSzySSBFTG0Buw6jJPRwlwrx3gc6hj8+4xlmmBdCrGWWRwdGhTjObhyS54x5n7JKzlvpfY+RzbMsgxWElQwWUPC1b0n7dzlJqzjzaO6XM7XavpfyOy+BHwMsfiDr0s1ze2NnZ+H7m1vNQjvZtovbeOZQ0EQVlPzgHOAWxx0Wv6fxqXhjxn+zhceGPB+neELfwl4a0zSbPW1Frayaml3bJFFKLMshnJKIzlnyMg4JyCP5KdD8b6h4f1cX+jy3Gnz7/MUCRhDK6SbgtxHlgyEgDacggjIx1+4/A37Tvxi8K6HqCabqelNaa7bhrq3aIBSvAI8sLsLtn5WIyMcHIFfCeM3hXxHxtmGVYvCZkqVHLcRCph6PtKtKEHzwdWUuVWlOSTim3dO9tW2/Y4R4jyzKaNSlOinUlbnk4qSdlHRX7rRrts3Y/qd/Zt8Cfs+/EP4LTalrfgXwlrFt4fnhsoIm0qytb+6NoPLlmuGMSu8jSDO0ZzuPfBPvc/7Nn7LmteE7+6i+Efg5JY9F1S7tbcRWSiOWG3kdZ5mwrCWM7cKDgnAAJJr+OXw3+2v+0n4Wnkt/COvXlhYG7knk0+0iC28kpJ+Z0cYY4bhmDEkZwedm3qf7dX7Vt+377W9daCcSrcRxyzW8ckMmRJCRAVGx8srYPzKTnABI/mDNPoweKuLzbEYjB8XKjgZ1pToxnmGOdRUZyUuV8s1Hmgm4Q1s49LKx9TU4yyKajUcsRCblCbpwpx9nHktdJptuLdradz+pz9ivwL8EPHvgC+kn+H3habUNE8V6zpEl3Lp1kj3ItriRLWOFLiPe0UUK7CRkMSGwcZPofiD4EfADxJ4q1Gyh8DeFbDWdKtbiaZvstlGtrAH2yTIqoElYp/AclScY4Ir+R7wv+19+0X4Zkii8JavquhK1zJdSWdlMyW5uLglnkYBlYzHktuyTuGcnBPS/8Nx/tSafqi6iniu7tr9o5/tErHc1ysufMEzzAlixbkAgflz5eI+iv4o0c5x2Y4LiijSpV8Qq1Fyx+YqtCL5E4ScZNWvd3Ta2XLpc9H/XjJK0pVG8RacYpUfZQcKck17yTeytZ6Lo09bn7ifta/CX4ffDD4VJ4y8HeGvD9zBpXi+wiudf/s+F7i4tbq5QSWDtEmPlQuinAwM884rxf/goh+y74E0j4BfAv4veEPD1roJ12exm1uXSrNYo7hdWgjngjnONxkT5vmwCcnANfjx4v/az/aE8beGZ/C3i/wAQX8vhe/uUvhZMrJaSXcbB/tJCKMlW5RlOCQCDmm+K/wBsL9oPxt4R0H4beJvHF5rXgfRHt10nR7pWa3t3s08q2dWIDExISAOvy9T3/TODvA7xOyHF8PYzE8VfW6mXZvjcRmMamNxdWNfA4mjTpxoWmmpunJSceZPl5k0zjzHjLIsTGNGGFaUUkpexi3Nuz5W7rlu3zXV3o011P21/4J0eGPg9LoOq6H400HwtqF5JqkM9uNat7Zry54baokuFICDGWAIU5A5JyP0r+Jv7OX7PHjDwjNpqeA/BsdrPNcSCayt7GKa0uktpDDJFLCFYbZVU7cgEjGOgr+N3TfjD8WdNuUj0XWJoRDch/MtjLE6buMGSPDhQAe+ewyc47GT9ob9pBYEh034g6uqJepdCGPUrtw7wSCQxyB5CCjY2sMjg8gAjFcXeAnG+bcTV8/y/i2pg1XqUqsaE62KapSp+zsouEuVRk4v3XHTmtfTXCHFuTShCHsa8I07JxjCLg78ul3tfzsk9bJo8n+P2lN4a+LnjXw6z7p9D1vU9KRQNoW2gncW2MYBCxkKoztPOcEAHh9Fs5LvWdHhWJpWxuGTtXjrk5AAAYcsfoDg5+mY/h34g/aW8Ral4glntoPiNPbxX+p2UZEFrfWtqm24u2c7VNw20ZJG6Qkn0B87g+H/iHwL4zXTvEYj0qeCaWMQXT5fyFB2SKwODHIMlSD1wGGRgf2Dw5inhsrwWBxNeE8ywuDowxOutSdKEFOouZ3alJXu7Wb1Wp+fZlhK9WvWxtOlUlgq+I/dy5dLSa5U7LR2Svb7XTZnDa1408WjHg69vnk8N2mqi5tNIuSstpBd5Xa6AlgpBVcDgHbg5wTWp4t8Q63r1nYNqZ09F0ayhjtFtLdIGaOPcP3mwAEjAGccbQecZr0n40+Gvhdp/hfwJrfw/OqXXiLWLt18bfaiTax3sDZT7I7AlY3LZJUYI9wK8U8ZS/Z1ihVhEq2oEsaMGKgqpySBweWJJP1AYkV9Zl/1XGKlWjGC5Ztuny8rU20m2klduWqbvbzR41X63hfb06vN78VFSSbfLK3Jd2V4qyt0TTPPrrWJHuLh5HbzCM/dAC4GV5xtz6cAHOMHs+1ne9YMG82R3iQI5wFLuE3EnjABySSRtUk8DNZs1vZtBc3oupMjhkI3NjAIdkI3FCcgFeOCcEZpluI47eKaO4U5JkZDIykouSBgdARzj5Tz3ORX0UpVfZyhGVm43g5a2TUUno9dXe3prtbwZqbnGXK3ytXd9G2tb76Lf5vRI/a34Yf8ABK3xT4s8J6Z44Hxe+GSRax4di1ibRv7XtmurUPB58VlLKlyqwzMf3bbh8rnaxBJr531GyOg+NPCuhvHbM2nQT6UZLaVJoZTp9/LAZIpFJDRsUGx14KEEZ7/Cvh2+8WX2m6qdO8aeI9OtDBKRaWuuajbI5hXcsSRx3AXbwAFAIbJG3IGfprwPMLZvhQ001zd3Mvh+7muJLuV5ZXnFw+XZ25dieSWLk5LE8Zr4Gll+a0MZWxGYZj9cpTUvYUlRjTVFNprZ63jZb9G76u32GDx+GnQhSo4ZUZrlc5uXN7RWitmtFo7K7+ep9F+N4onsIplALCSZsfLlWVSQVOMjGQFAHGOeua/T39jadrb4MaNAQAJ7+5UAttf94xIxnHcgfKTk5wCOD+Q3i3W9QfUrfT2jU2okBG0n/lom5gCOOCeRnGDg8kV+tn7JdrFqHwm0u3IlikjuLhraaHpHIGYqXOQAVx935eVHIHFY51GH1WCdk3KOrT1SW99ejvtbq1bV/RZLU58VUv0p2Vk0n8CeiXRbaeWx9hRWq2mpXFxBKqp9imVkbkGQQsSuSeoPJ79jkDI/lH+ItxcS+O/iEIlcGT4k64MRqQvN9OW+c4BDHJ55JOc8gV/VB/adxY2N3Y6lBI8kNpKv9pW6iSKQyROAX2jKNtByT1xx3J/lb8c3SL4z+IEe7AXx/rF2JAWz5X26VSc7scH72QMEk57GuGoJTxFuW3LTfOku6sr20va+rsnd+uPE8rww0Z8ytKbfLdp+7CyWjstLWeyZzD2V4JSWUxwt5nyO5GW5LtywDc8cNnGOnALZEuY/MMKyRobXaSocnf2AOcYYcgYBHQnOMV7vUb+S/wDKXdJaxBSjZB5nbqT1OQc55JOK61pltLC7aTezLJahVUA5VgrFgfvAN1J6Y6YPI+pmrK94t7X1T2Xw6eqWr6HyFKMZTum0mkm7u6aine+qa0d99H335eGW5hs2lmik81HiDPIG3ScAhRtwWA9xgc4yc1+lP7DWoSR+HPiNdtGGDPbKI1BJACqehJwFA5bABGOwr87L3U3ZiqRSNE88DLGyjbgqBtGMdyCQCMZz2Ir9GP2Jyltonj0TQiNJXSZz6oId21SSORkEKFIH15HmZr72BrJU1zPkXRpXnFXu7dVq3q7J3vq/WyuKpY6m3JySu2rbX2ltrfZXs7WfmfGPxpunb45+I7uYAfaNV06GFQwYKXdGBHHVdvfpkccg1/Wr/wAEypd/7KuhsrDA8T6wAMDAxKi4JB6c9R7ryRuP8ifxpgkPxrkuUJNvd+IbKZAeGCE8Lj2PrznHTIr+ur/gl6PO/ZR0zjHl+K9Z/hAVSJVIwByMEg446YJNfmfinTi+FMLGULaU7R/majFN6aNPXbbV33Pu+B6l8XmbUFB+3V7pK653Z6p3d316q/U+/ZZHGSOATu6exznn69f73IGTin5jISCCc5bk9ckHsD+GcfTiteWNckEEHdgHB6DO0nocep25A/EVnvEGJADFge5wCB90ZOF9zxjqcda/kqeGjKaXIrJ6J6WV02na91a1r790z9cgnJpX10vdrVWXZba6td1ay2qmdjxkDGeMHjIwDyCO+4jkDGCTzUDy4zuIY/xAjg5PXOCeSM9ic8gH5qtNbjIIXPYlT3Yg55OSc5PIyC2eM5qMwqf4cjI5HXjoBxgdvftjisvqMbtt92rL/Dvp5u1ldd9DphCKaWrk2lZNdur873stW100KDMoOQDnp1z1GDnHHseOw7c0xiw7g9+MD0U4wBzhR/LPJq95KA4IwMgMcdQc4AGNoHPTPfsTULquNoOeCeSeCehHZuhwAT2zjitY4enD7PNpZLrf3XfXbyTW/wAjdSkopJp35FFcy5uja0W2ut7NLut6wC7Ths9RgcdCOhBHBzx2IHQdaRmbJwW2kDqARyOQe+e2duOeAOgkYKoLKAcDJ+XIxnrtHI6dOuTk1SadEKbiyeYG2k8cKPmOWGO4HJ7Z/vEkqMJNXp23tolb4dvlvbTR73LgouKb5ndLdu93y6vV9Vb3XazSbZMZHI24BUDC8jkAcBiByeu48k8d+A4ONuSQW5JOMH8c5B+pHPsSGLC5GTwOhPK/Nk5OOc4BYn+R4UBu5TkDOOnQHnkjkYHBxkjIyO/fGWBb2sknfRLq1vb8V0vrsiuW+2iTv2001WlvJWtfTdgWJYMBwANznnvgEjGMAcHPfgcUA7hhCTtPJzt5GDwwzgMMEY9ufR3yMPmwB67hnpg5AIIzjk9eRjJy1NLKOrEYIGDjBH3QGXupPOOcAkHJ5q6eEULJrXdy0d1pZbpL0Wnlsi1dWSaUeq6qzXWzeqVlbTdvUVVPQghRuI46BuoJxn5jgn68cHNSKjZGQCR6EjCnnpx1xknp09gGbiCSxJPbGCMDk9DjODjO48YPAPMqMcktnAAxgdjjuQOB0zjJyOfXpp4VNx0sr3S01Xu7dk1o+lr6PYSlom2lrtfXXls9rrey6em7cVHf354GDj0AI4GcAct7jLUrYwPlOMHHY4UcHOemcADHOQSRjBUDBLcnuO/Gc4OfQ9Bn+op6qAzMCMDBHVue+Ogyckhcdycg9OuFKCTsruz33teK6WV+i3fRboyla14uL0Ssuu2r+TvLR/c7KE5CkElckfew2CMZAxzkfj1GV6CnKh3bgDnG4AHjPUgdCcHnkfLz26zCPfhgTgrwfQfdzg5b6+h9hirSpjbxgbfXsANq9D7kA9hnJHFaKlrvG61Wr0vyqzfrZfhbdmbnypq92tdHotVfX11Xbf1omI8AgYxnAyD0PHTqOgGensSKPKGMKvHABI3e/AHAyMnAzk8n5lzV8jAJ+7wDgDkjgcDgAD13cfyjyxG4KTzxnkbsepzg9v7wHGKI0rvRatO+6003SVtrLRX/ABJ9q3tdt7Ntu0rpcz76tJet/SoEOMZ2nPB4wucg5G3GDjsT0xkY4DExYBR/Dk4PzDJ9Pu9eAQevXirnIbdtIAPBKkk5GMAYHHOOuMdM9aa2SNoHGT8w49eM+nTJ3DkjBFDpSaultrbzVrXt2vtvo10sX7SSV29E0nfdX5fW2+iT0u7260/LOB0POCRwcHkcZOOOmD+FTBAuFHX0zkDvn0II5A4/GpGUjsDz14wDg+vTd1GTyenPNKqHqQQcHHoAPVv90498HPvl9Xk9ZX0avolrZNqy20tok3tbqifbwjtJq76XWumrtb5Lo15EQQqGXO7PG04JwTnPA47EYOAAOeOT7oLHlTktg5Iz8oycjkjGBzxuxzVlYXfkDHcc9D3yM/Mcdh7ZJHFO8jdlSOueSCBwOPXg5GMj8OSRaotRtqknrdWeu7d9lZLTyukznVWCd+ZNvW66tNO3V9F1V+/Q/H3/AIKhysf+EQiBUxx+HtZlKsTkbUQjGMEZGfc5x0JJ/mk+IHj++hsL3RINLinilklH2hVIATG1lUkYBbJyeBnce4r+mD/gqJbpv8Mb8ceF9Y+6pJUtErAgAZwdpGeevP3cD+ZPxnFa53CR4z58ymMsg39tuT0Vsjjp371/Svg1GFPBV2+Z2le/WL929lb3mltZeTtbT4PxFqy/s/K4QtacZp7refm09NX6pLc+zv2XLyKL9kX4ovDAYS15rKSRQsZXaaWBQAI1AOeowPpjjI+Bb/4ffEzxJFp02jeCfFGoRvYzRA/2Nd/N+9cgoBH86uDkE446DOc/pD+w6mnp8BPH92+mz3H2PXtTvpIf9ZBOllGJjCyvmNUkCBSGHcduK7qX/gq1oNo+laZpXwQ0mO+02BrCT57SLctmxthIRAirudo2Y8DqTyVr7jAY/FYTOs6hgsFHEzni6UqsnUjBQvGG6bTbbu99Unby8DH4LDYjh3JJVq0qHs8POMUo3TanFu9+z1Se6Xnp+d/wk+DHxN0zx94an1L4f+JLaGOW382UaTdL9nG8bpJcoNqgZOWK45JIHT60/aG+G3jnVZvBP/CP+G/EWsMouo5207SLm6kgY7tqFY0Zl3cg54B4PWuz8Qf8FQ/EV3cz3Hhn4SaJZXRJNybiUuvkouSgAGMHJGQST1+bPH3f4b/bEk8C+A/gp8S9R+HcOo3/AI4nd7vTNO2yJaMZSpILBlKkgnaQxGOg7+1mGaZphlTqPAUouranT/fLrZttK9mlrbpY4ckweX18PUw6xLaTUpvlaStKNm/dS31tZ8t9Dy3/AIUP458Wfsg3OlXOj6jp2oT+DtQe9tdSgNjcWcOnpLPM7pchW8zywCqjHUcbq+kP+CT1rZ6V8HtJtLWaW4srX7bo0hfobuxeWWWRiByFIZQcEqQdx61L+0J+2ZYz/stan8SJNGnsbrxXqmqeC7DRo2hU2j3ySW3nFYwNu3JLKTt4rgf+CW3xR0GH4U6d4W86STUpNe8QB3eFVCSPHLLKw2rgquSCxOCR1Jbj+XPErE5rjsDjMTKEo4alm1CMlf8Ahyp3hOyX2eZpNWTu1c/c+GKODp044OPLPEvL6ihbWTpPkcZNpJXau7JaO13ax/LF+3tctc/tp/GiJ55beX/hOb8xSICRs3yEH24ICkjp15UgfPj6ddNbsX1u8+cMSqSH91ywOcNkDqDweuTxyPev28J4H/bc+McJcSwL4zuSxHyvllJ3dBgbSAQT2Awc140tzpVvCzMZkQrJ5owXfJBKjJyB7gHOemOlf1fwNB1eGcplKHM/qGFTu7tXo0dLJO66tvVbvY/k7i72kOIs0UbpLG1o6Nbc6X32undd76I4U2tjB50t5fTyiRTGjpK7Zk6BnBbsBzk47jGRX9D37A88Ev7OmiRrcF4zqaCKbq7MLtNykkc5GVwxboSBxz/PDqEukSoYrUORIrsxYsHLkMFKgfwncO5Udyc4r+gr/gn6YV/Z28KWmwRRNqV7cbtuQwgnMhGc9ScdO5wN2DXxfinBLLsG+WOmLpK91o2uu26dvJbn3vhDWqPM8fGTfL9SlJq9r2nB232d7rZ/efZviaSJb7xM0gWRjIQmScALYMF45+Y/dPpxxzX51fHTUJLb4LeLpDP5H/ErvijngY+0HIBIHI4CgYPPGBzX3V4z1WztTrk085VW06a8Vtpx5jgxxk4HB2kDnIwpBLY5/OH9pXX9Oufgtr2h2589ptOuIo5kYIPtU7GZYycjLAY67h0OOMV5fC9OrCngotaTrU3dbSi1TeunM9Xpd3Stdu59FxfOjVWOaUko4eUW2nZNxXXr3XRW26H5QeFvFaS6laXE2oPbxQ27RzM8wZthyqsATgBlyMAYHOVA6/WT+IY0+BRsZNXDWM2vSzrOhBZgwJVCV6DkYyMZIHUGvzWg8Paxp8dtcywOz3R2MYnMq+VklSVU8cEk5HAOQeSa+nNP8YrD8OdM8E3ejahDGdSaZryOItHcgn5AC4LkKcjIJHXA5bP7VeKVNOCaTTd297KySdlbVW2tfTdpfz5g44eFSq2lFyUtm2/elGya0Si3FPbR9eh+h/8AwTsur3xbq3x78K2k2o3tzc/B7XFsbK0SSV55YomYRqseSR1O77vXJ648E8KeHr638CalperaddadPBqV+rR3DujedFJMqoykKdwKjCgE7hx3C+y/8E7f2ovDP7K/xL8U+KvEXha61J9b8H6p4e0x7O3Qy2r3HCecJlKMGAO4H5gpIU85riviH+0lZ61rt/Jd+H3tbHVfEd5rLC1s4YfKju5meKFEaPAJDDK9DyFBPJ+PxMsbPMcdCOHtSqRpKnNKKU2oxum3qmnprZNLRa6/oGG/s/8AsnA1Klb99CdSMoyuuVScUk7u+6utdbbWR80aJpMlyt5dSWuovqUFx5UESrK4kjVyQABk7Rt9wBndX9aH7Ifie7tf2JfCjX6yRz7Hh8srllj3KipIMAqAM5LLxzjpkfy4w/FvSdE1CS7stAvdPvNTvSbd7oxLE0TcKypIvyx4YtwMZPHcH9h/gh+3PLo3wI0/4f6R8JfGnjL7F9ol1W50G1S+tZZ0ZWaKBoo3MUjLkGPcoVQcZABH4N4zcIZtxDlWWPDUqUJYXM6VWpKpUpwgoNSV7zlFc+tkltF6dT7TgfMcFhcRjaUZzk6mHkkqdOUr6qSlZJ+8k7NtW5ftan54/tJ+K7Cx+PPxSmV0hZdbIJlwEbKc7MYy2SFAGfyBNfAXi74q3S65Zrp5e2EOp2BcqHw6pdxk8EgEe/Xr0yM+1fHv4oeFfHPxf8Zapf8AhzWdAs9Y1Y3LaXczxJcabOpVfskxchvNBb94pyV5BUda8t1a5+Fdlq0LazoV7INkMltLHeRj/SEZWjaU5+bJGcc5HTtX6llHCtbD5HhPrGHdSbwFOjJQfM+b2MItqzateT95Wute1/k6+Yxni69OniFThDFtylJNOL9ot9E01fe7s7v1/oE8J/FOGfw3pOq3DiVB4T08To5RWRhZIhIRiT8pyTnBySeAwJ6Dwl4p8G/2ZdX2qXVjBcXJSaG5lkicwQM7mRGhz8oVCRk5wemOcfmpZ/EvwWPDFnc3C68t3b+H45IBBqEItbiNYlEcUoDEbdqABSM59cnd5Da/HXwlcXL2yaJ4hF5KgdraS6At2iBYFAAynaSM8npg84FfzU/BLG4zEYurSp1aPNi5Vb2SVvac1t23e+u6d99dP1mXF+DwVGhKrWhP93CKTUnq1Fu1le10rp3Wr2O8/au8eaLY/wDCbaZoN2Lyyu7w5mY7VbzFJZlcYDg/MUXOcYPIzn8o4tWeYPtRSxmJDNgBQh4GCeTx94HBOTnHB+iviz8UPBTavdW2saFrd9aXkfnpbQ3Ee2ErngsvXbjkvg9ec9fC7Lxp8JvKmP8AwhOuMd/A+2qWAPABUjGRjkEjkk9en9d+G/DVfh7JaWEcZTso3baT5uWEJJ6vtfb5Nn8+cfZhTzvNXVhXhCMYcqjdxSjdSSs9d3frq1bexzlxeu2ochGAeLIOOSWB65G7HXPdcHHcep65OZLO0UyFCIIcqBxjgqxAHQkEnAx8pwOMVhf8JT8LDcRTL4J1lFdEkAa5JIZDgHccEZb2JH3gOpHaal4/+HDRwK3gvVyqwxKSZgWGQQoG4ZHJwf7uQCCTx+gVaOImmlSkrX0ut1bZp2vr87JHwSy2MmpfW6dnbm1u2tLWaT7ta76bbHn0gVZUCSEEjLEpgE4GeMYyeP54JHFAwK1mzeaxX7dycZwQMLtOOcYC4wM8H1rtT4++G6bEPgbV3IR/n8whdvOCc547Z/Xqaba/ED4cjT5Qvge/ljNzjBuAGVs+hPftjtwM9ByfU8TaPNSkr2fR7WfdddHbzt0v6WEw9Khq60J+XNpe8Xe+17brXrtozXuvEeoaXNYW9jBHciTT0jlHliQhSOQQQdrbcjpjPU9xwnjmWA2VtdWsQgFw8ZZeGZ5fuyfKp4AwQeVycAdSo9Gn+IXgq2aK5t/h/qBl+yjbI05fYNh4cAkdAMhuMEe1ctqHxC8FT2kJn+H91LtbfuaZgA27BAwcAEkdBx1wTyVDCYh1YuNCfLDta0UpRvbV3utXf1ultpiHQimpVIRctrtJ3026u+72Wvnp5Lo9wk160u0xBY2hLqo3BlXqBjjgd+nAFZOsRreT2zCYCNZZBI4yCG3cfMu0Zzg89AeTxXq0fjL4fK1xcW/gG8WQBWIW5wCXznAJ67SMYxzk9cgZo8dfDPdKj/DfU3WTcTtutzBx8uRjAAyR0I7cbjgdMsNXUlzRly3SV7Xfw3W+qbWuiu9rnLGlh6b5nWp7Ru7u7V4uz1W9umqaav1PGjbRBLsJLGoVwAwILvyOGAP3TkjccZ7Zxiur8ITx2TvNcyMBFI3lBstGDjBH0IztB7AHg8DuIfEvwgy0Uvw31VJZWLGVr7aoJ9Bu5APbA5bk4BFZ1xq3w/juY4dO8IakEmzLIrXYlQcZCgq3BHI69BkgY3VdTAzqU07Xck1bTeVnbW1klokvPzJjGHPzKvTvFttRd29U/eWlnotE/LXp9K638T7PUPh94R0FFit5NPllmeVzu35YfKiZyM9erH2HAHmya1CskUtuEklnLs+51zj2AwQD1x2BXI67vPzrGg3KRW3/AAit0ERdtqslyQyqcFsAv26EYBJKkYwc6ltqfhyGWNW8KzM0Cgsi3bAkjscNjHHIGe4HqPApZBXpuoqUIxTlzXcrWcnGzdrq+i1V9LrzXRVnCtUpyqV1eKgrf4eS3mtF28vT+oT/AII568mgwaXrcunRanKdWsrR1G0JHDPKCSWJ2Bl7hRgY+YA81+pP/BY/V9B8c/BPVrmOCfT7rS77ToVuk2yQEmD5ozOinc6n7qggjkBdvX+Of4X/ALXfxK+FWiDTvhzdp4Wt7SeK8SBXkebzAeDuOcqCQACD1B4xivQvGP7fv7Q/xL8GSeFPHXjO81TQRf8A2+fTJ4dzTyKxwzSupcheGUAtjqRnOP55z3wa41zLjihn2FxmEpZbDHUMRUpOUnVcaDVuiS5o7pNemt3+24PjLhPDZTgqWIeKqYzDZbVwaUUvZzdRJSbfMttXrrq202e7fAiy06f42/DBv7blsPsviHTrM30QHmQSSSDLq4yVaPAIOAxPcHk/1YaD+zz49vNL8X65d/E/xRqPhDU9KvZrFba6uzeyzWmnu5FzDLKyfZHyf9XGPlUjIBAr+FKw+OWqaLrUWu6Zc3VjfWF9Fqds6xgi3mgYOJFUABmB5AIwTgk9z9xeHP8Agsh+1Fp1jNolv441y706ez+x4jjjRTGImhkjC7DtDplX2/8AoOa4fF3wU474vzDJcbk2IwsaGCppV4Va06MpSVSEk1JQk2tHdJxXTZ3NuFOPuGMBl+Lws6n1bEV6ylzSw6xCcGlFxTbbhJ2Sv9/Y7zxn4ctW17xhcyalIs9lrOoRRhxtMrQ3kyOcdSwJ+frgkZI4r8uv2p759K8U6X5UAuHjsGZsnLnIB3Yyc+vGN3IGM5r6ztf2hfGPxC0xrqPwoJft2rXEj3sNlNNcz6jdOzmArChMzzynCqoznOO4PzB8Ub7Wr/xVGvjbwRLBfwwi3ubXUIZbCeAHcYlmimVHiyuHAJUMTkdcH9g4SybNcn+rYfGqg68aFOnNQmm3KMYRla6T0s93167nwXEdXL8ycquFqNUp1ebmcZWSlKLSd9rLVX0VraHxj/wmF2+1pLAAOCoOMKMfkFwMdSM/exkClt/Fl5mdfs0WzYyq5Py4xjCngNkDBAI5zk4Br1LUZ9N0guJfA9tNbyXEmwicyYQgsMAHJx3xjd26Zpbd9LuPDmoTx+CLeOWBTJbzNKQF3dIwDkkggdsAgYzkZ/QqksRTUI1KNuZq1uVtXcYq9r6N6p733Pk4ZfhHdxknOKV7JfZtdaJtr0u9fVHmF94+mfTLexht7d5oZA8g2uBgHBPIByRkjGDywHIre0nx5qFjoYkihgfz7xVEJQh1UnkMTgAAj5eO5J54GLLeR2rxXcnhWIzO2HBPyZAwAAM4HGTxjqCd2Fr03RtW0saI0k3hC1mSMiQ72EbZLHIHQkH69B1B3V3UqddWWqbXS2kbJ6vr5ppq3yMo4TCLmUnBXaT91PRK12tL31ukn01scX/wnmryXE00scdugYCNxGxwem3IXnk8cAdM84B2fDvjLWL3UooZpgwjlDuyoQFiGWYgkgcKM4Hp908iuht/FWnwRuqeBtPlj3CRBM7NtQgsfmJ+Yjr0zzyGGMrp/iKzu5b26s/DFlbSoQAyZCIrDByoHOVxgenUEnNVKGJXLrK0r3i3bZ832bJrTR9mtGZzoYGm1JSgrNPZLRcrbfRp6Ws0297NH6Q/sieOYvAfiGLxPDJEX1O3ms3F2Apld9xXZuH3Wzt9Dt7dB1/x58TWWk+Pn1TVBHHf6wyXarbKCkglhV44mCjGASOgBOMk5+78X2PxAbQo/BqvokYtBtl2xOyM75BLLj5lHGRnkgEHcBz7b498aab8VNK0q8udNa1utHjkhjkUosszRgeXucncxAAC88YAPOa9DLsJVUlUjB6W92/uu8k3utHpo72TVlpvWYZllzwaw6mnNpNRakrt8l7Po0ldataW7np3hD4qaSbfyZWNtdSuyIHIRZMD356cYbC9xzxUHjzx5pt9ZQW63AlkHmIVXnYxQgEFeM5XIJOMY56Z8K8c6x4Z8JaX4PZdEM+oG3M11EbgM8jsCRM5BPVsBRyACCRgnODqHiC21DQY7yHS3SK4Z3jIcmVJHHAY5ztH3QeQQMkEE4+nw8YPmnKM+dR5UmmtFyyV7NpNtPte19j4DFzoudKmqj5JSgtYtNpODbkrKN27q/TS2mh94/DvxZa6b4G0bM0UguDJGULFjuLlTjp83Y5HbOc5zh+PfF95FqttaW1ksoNussT5DLGU+dslSRnAwM4Ixx0wfj7w38UdZtNOttGj08n+z08+F2iLITuBIJyS2B1IyDn3rUk+J2ta1cyXDWswmg/dlSAieWSU+UEbj1+Y9cE9Op+aqUeavUny6c91ZJuyfvptp6PV7bdbn38KlGGFoxjUXuQhGOzbtGPMtbq+t1pdXWm5+gHw1+IsOl+Fp7u7hja8uL1Ci53SqAQCuwZJHORtGODweK/NT4ieObOD48WvisylrfTfG0WoCzmJjjnaCbzJFfauPmOBjjAG7gnNeiWPxG8VaIy2kekRzwGN5kRFaRkcqT5hZQRhScY9CTuA4r5r8ReIbbUdYmv7vwzZz3NxdTySrdyso+1b+ZlGcpg5wCRnjjCmvIxuSPHU8RTp8kYTSi02lumm77ttza+Ud7HbTzWlQp4f2jvOk4yT0bupcz1td3clbdWtodx+0z8dtC+LHi6+1zT7KLQpjeWURs4bhpQ5gCpLMgGBhmA4Pygk88EHm/G+vSTeCrZob0yxG3t0ECuA2Ei+ZivXBycnAOMcDNcVf3ugtCt3ceD9BN3CSzn7Uy7zkMMoXA3HHykeh6naayNX+Kr6ZayTWfhbw/EWjW3W2uHedNpztZUJIXIznOCOuT2+Wj4feyp4FU6tOEMHPnSs7pOylok1rJO6sveu7Wsj1f8AW6Mni3OEnPF0+V7RV+r5bpJ3bTWm17235TwtrxF4cxr80caRyOHVUk8xduCAuWJwBzkkfKSwBr9YfBHj3wjouq+DtF+JPxs+KUOlXHhuzluNL0O81gQ6c0kBZLK3ijcxnoFGE2kE/KM8/j/N8XdeFzLHB4Y0GLciyIbe0Jjhkiberj5fmwVySTn+vqfh/wDbD+Na3Gkxm/0H/iTeZHZC88O6bKyx42qjzSWxklUAfuxITt4xjBx8zxz4V1eLKeFo08RTp+xclKbhCM/3ihG8ZypVeS3Ld8qTemtzLhvjGnlFavOdCc+ZpXcrr3Wrc0U43Wt7XfXezP1y/ar+NXwh0X4UfBPUfhB4f8Y203h7xt/aXiLW/GNvqhfX3gYtG7tdoElilAwTGCndgOlfKXjn9rrT/im2rX99oNna6qbKOaG58skRJbwtGIoIVUMN2TjbyuQDjIr5b+Jn7Y3x5+Iei6JoXjXxFpOpaPoNzJNpNnb6NYxw2+9gSHW3t1DqoYqA+7APXndXhcnxU8bR77y3GjRFwEkC6dbZcdvlWPADE/NxtUkAA15HDXgFl+UYahSxbhicThK9etCvKUpTtXqKq4ydkpWe+lu2mh1Zlx/iMdXnOi5UKc404SpKMYxThFRVoq+jSVmn1u29D9vPgl/wVfuPgv8AsrL8BdJ+GPhLxFcazBrtveeJtSt5BqNh/aysodEbkyRZyrkYJ5UYJz+PeoajbapqV1qNwhDz6hc3bGKBsO91K0u1dw5RS5wPQZ2nAFc7B8Y/GNxbbZ7Pw0CWVAw023RhtC7ePLGMY3DI4wc4AFA+NHitrd7a4stAcKc5isIt20kZ2uqZJxkAg9QcY6199wr4ZZTwnjcwx+W0FDFZrUVbGVXUnNzqXc0lGbapxvN2jGyd27XZ8pxDn2IzunhcLi60XSoxUKS5IpqypxvOyUpNqMdX5tPY7fXZYZ9FLmQIpkRVGwiTCg8/d5xnGAOx/iGa4BZrSNhF0BG8kxt82FGACB1zuA78ngVv3XxW1eTSY3Oi6M/mnYF+z/PuUDMhXbxnOFyCeQADiuUg+KWuPIRJoejo5yAz2oCgAZABdMY4GSCOQRkcmv0WhRqJ2qNXva0bPTbbTtrfTTR3Z8tiMBhrRtUjFvT1+Hv2V+x618MPiPN4Hk1B7OBLhNRjuEmQl8soQDknA3c8HABA2nHf+prTvhN+y1qn/BHTw18bNE8OeG7L4ttZm81rV11OCXXl1L7bOly72O8zLEbcKCpiAGAQATX8jNp8VtetoLhFsNDVkOIyljFIyhs+qHJIxyNvU9SBXXWf7SXxF0bRl0Gy1O8h0x4pd2lfabw6MzyAlidNLC1JJbgeSVJI68V+Tcb+HVfiavRr4PGfUqtPF0q86i5pOdOnOHPTaTWsuXli2mkndrt97wzn1HJ6Kw9ZOrTVGUEmlZ7K60uk3a+2ttz6y8L6z4Et7rXZZLtIriXw/qFx9ouIm8rzTG7DYCuFdicIfbqCePPvEnxC+EqfC6x0/SI76PxebOWPUppYnkgkLXchBJC8DYQEQcY2kd6+e7b9oPxtNp1wl1baC8Xky2ssT6bBHNNG4YD5liBwmN2QxHGeTwOC0/4teIIbaWM6TolxEkkhIubSMANk7UDbMts/hU5AweRjNVQ8N3z0nWxEp2lTmkp2TcEkk0lJvbbTZbXOiXEeHV3CnCMZKUWrK65+SX96zV7aa205Xrf6m0X9ovw94e0bTrVNC1Wa606JYCVR/JlYpjeigYIIYk5PGRxjArJ8YfH7Q9b0oHTfDWp2t2jIZmkiYi7ywd1wFXCKTgLn6bgRXgcnxo8V3Fstu+j+Gox8pQGziBIUDGcR7hxwOeSO56j/ABr8XvB5D6Z4dZsArssIywAO3Hyx5PC5P0JJ5BPoUvC7LI1niuR+1k+a7qTfvNpyeiSXXe99V1RzT4mn7JUnOKp8qUfdjdNNXe3NF2/rWx6FdfFXSbvSFN5o2oxXX22B4YDG5EUaBQWTK5IJyQDk9MgHiv0H/wCCa2qeGvF37XPwW0nU9JSZ5vGFpqE63tt5libaxK3GLpJQYmiQR/OGbaCCNvFflfJ8WvFFxMksmnaFGvl7f+PJF7YyA8ZyQ3IKjIOMYGRWxo/xt8e+HtUtNZ8O6n/Yur2kZW1vdJBs7qDzAQfKnhEboSuckMAefXNcvEXhnTzTJ8yyzCYh4WtjsJWw9Ku05+xqVafIqiSs5OMmpWv0snuVlnFFLB47C4qrB1qdGrTnOkrL2kYyjJpNpWbV0nra6votP9SHW/2mvh94Km1uAf8ACBNczaXqFvYWkUul2ts9rb2j/LKFwqDCgeWcFl+UYGcfxMfFL/gpb4q8Cf8AC/8A4R6HoGj/APCO+NvHPi2W5kS0mBgg1C5uIvMtZkxG9uyyHyguUAKnGK/G+9/ak+NOoIqXHjjxFczJK5eabVL+Ryz7t4JeQsdxyxVsDoO5xwGq/G7xvMty91f291cO+5pLiwtpZQCc/M7xlmZs8luRwxIwTX43wD9GF8OVcRV4jzpcSKpVp1sNSqYb2UMNUpVI1OaLcpSlJySbu0ly6Xuz7DOfFPDVoKGS5dPLue0a9Sdb2kqqjBQS1j7qinLu7307eyaP4vsrPXIb3ybtbbynI+zwShXZmOfMGBwScc4GdueOa94Hxj8UjQTo2kar4ktLG9jYy20Ml0qSJtKLEyD5VXDEcjBXqegHxLZ/tA/EOxiRoLvSlCbCvmaPZs7DBHy5i+6Cp6r15OcLnrY/2nPiWixyC/0syiAoFi0ezBZSOQoEG0Ec5JHynpya/oqfCqVKnB06c1TUeTnjdKygla6d3dbpJ3d+h+WYnHvE1JVZVGlNpyfa9nJrlTu7LW67vrp02qQPfSXN89vdebBE6ypNFLIWLMDndjO4c7iOc9+CR4JqImTUXZba5LtfJ83kTYwMHJIGcnA5A29ecDA7cftDfEK4jmiN5YICxb99pdtgHOTkrFz8wHB+g5+7y918e/HiLKpbSWAkByNJtSSATgq3lEleeQPukAnnJr3cDhMThqCpyguWKW2usbaNOPR7O/Za2Z58I0ZS5vaazi03ra+m/W7e9rfgd/NqM0q2Di2ugyHasnky5AC8ADAPGcc7unUkEj9ovg/8ZJrz9kzwL4c1LxRdyw6f40tzd6JGkk8kdpYyqY5ZISrbSgLE5AzknBya/BC4/aB+IK+UwnsFVkJfZplsGCkYwd0RHIxjHAxnJOc3NK/aM+LGmwJFouvixgM5ufJFpCsZdsnO1o9rFgeM85OeOSPznxE4ApcdYfBYevJUp4DGQxdKpypyUownTcYu102qjd1bVbWdz6rhjO6vDtarUpP2irQ5ZRUmrrmpu6SSvtbbvbuf1Kan8f8A4fahbWtpHqF/fyWaxNaRvp8scUZ2xKqkhc7kIPBODyfQV+NX7ZF+viP45axfWltPLBcaNY4eKGTBcDBRCQQdoA4OBnOCMV8Jp+1J8cJmuZB4wlQ5IcR2UK4YcYBVB6HkE5I4OOK5rVPj98VdXnaefxFJdXCopeWWzR5jg5AEhUuqgAdGwo6HHFfm3hz4BYXgDiOrxFhsyrYipXoVaE6FZXX72UHzJ90076ddFdn0/FHHVfiXKaeWVaEKMVVhUU4ybbcE0rppv7T9bHtk+j3ENtqFx9lumWGwcASWzdWXBU4Xk5zyOoycE1znwPVrfxU/2vTr22ea2lRSttIoUyOxJJI4XBHOCDmvIbn41/E+SJlOtHawUSoLGM7sY5YiPcTkDHU9sjk1Ppvxf+IseqQSLrqwmRoUdY7CGJnQ4XGREDkk4wOMYBIHJ/oiNCpG/LeSaSfu31dm7X5Xa23vLsfmlHDxpQmueMm1e1trtX3UdXZJe8rafP6D8daxeW13ewxhoSLiaOBvKKs6YzvY8YHGTggruBI5rjfB2o3S6pG91essb28nmM7fIhAY7RkY3HJHB7c8HI9Xswmsae9zr1wZLyC0LRzCJD58jpvY9DkYYA9ST1AIrCvNHWCzspNPtYriKS2mM0kkezEnO4LgDccbWx69fl4BTo8klO+nZPbWmvhUn00ej03Zyc/PF05KV27N3lspU07q/u311s7xW5Bqdn4f8R6YIzqKW90t0RE7yoI4RnncByd3J4PG7JHIx4x4x8F/2OLaRdRtr5CSCyyhmxwVZcHOD8vUADkc7cnubmXR1sMvpiKEJin2yGMzOM/MBlTkHJH8IGBnqB574l1fQBp5SHTJRdQ7hboZZHQbRncT14PUgjJznnBEYZclSTlNrmttdJ7X11000TV03fsejR5eSmk3yqMHfS2um8tkl21TVvN09FsNPE8TC8iZlkZnDPuUsRhUAB45OMN3PHav29/Y9+Nnwj8C/BPTfDvinWfDVjq/9uT3EkN7bW8s6K4bbKzuhZlIIU4baMZHTJ/BCz12VoAINLhVmKl3UMWXLAZJBwAB17DIPIK49otNEuJ/C2n3rxpHPM07AksXZACcHOeFYdeeeRkYFa5lhHmGEdH2koJOMnKGj0acVqkne11p1Svqj2Mqxv8AZuKWJShU0aUJWcXezbs9G9P6sz+juD9or4BSMZH8SeCJiQxQJZWRYjG3GSpJwckZHJ28cHMsf7SH7PBV4/tfhIsTzcNFpiEHoDnYCOMdfvdBya/nH0jRdRvIJfsjRQPa2ksrvhiZAoOQivxvPBbAIGSOOFHntyNTDPCLhpJWm+aYvtA4DMoHQAMdp6Z7EDBr5VcPxfNTWMq80LJqMns7LRt2fbyt6n1S4rkuWr9UoWla3urfTyV+2nZ79f6a7n4+/s83imJtT8JzFW4Hk6cIy5+6XVUyQPu8FQeSMncK+Afjz8PrL9oP4jaY3w01LRo0tYDbX6lYrSwiEkoKOobaH+XJ+RiOmAowR+X3gYX9xLdpcu86QyoFQk/Kysq7sjBIGOg4bpjoB+jXgLTfEukaJoer+FvD91JfTzpMt8GYW9wYU3tCVBIkIK8KueFAHbHi55hsZkeBlXwOLft6keWi68r01J6Rc11WnNa+y1O3C5lRzuqqGIwadNPmn7G8ZJKyeqVrp7dPK2pwXxt/ZG+I3wX8FzeI9Z1zSLzS7Qxebb6ZJtfbMwMTZLEMMDkKCSAcliAB8Kvrl4swdVhZ7WUSIZACWVSGGeMEdM8gYGcdM/of+0Z8Z/iJ4w8ARaP4l077LbR3Jgn/AOWc1xJCdsURQEFBGQDyuRgk45B/PO68O6qdKOoSRLEjuxxjbJgqc8Afd6EDp616XAmMzrF5ZKrnlajWxkasrSw0HGm4LlcU7XTeybTXVO58zxLTwWFxvs8FSq0aChFuFW7lzOz1tfTa3pfqdJdfEi81OBrGfTdNYzxqjyqg81VAK5RhyM+3TuccVq6FaWEupeH73yI4gurae/znKhY50dsAnGTjHTnIB7ivI7fS9R8mIw2zEjq+NxCHdzkenTHrz05HoOj2t8X0hJQ8cUV9auZNrKCxmRcfwsCf4jndn0zX2tVySaajztK2musouyeySSbdvLtp4Lm1yyS2s7JXWvK7Juyf2m3bVt69/wCgm3/ax+D/AIc0zSdG1y7lW5t9IsY5l/swTqoSKNcIfLO5QO4JA596zn/bH/Z9lVgdRiwpJ2nRkDZBGFyYhzjGSQR8zcnII/ODxNpYn1O0llSOX/iUwABkJDDycZxghgBxnHHcV826tqOnWmr3NqLIMBtjDKBlWL4OAV547/ewOnOB48cojKamqs48yvZPTVq6Ss92+177bnsUuLa1N8k6NBezio6037yVt7Nu99dUk352R+1yfti/s65D/aYnVFLZGjR7h1zg+V35yOMnIyMVNB+2P+zwIHmt7uRUd/3yRaQiq3Q5kURckqCT8p4GeAM1+JFvCv2e4mWFRCZXjBLHcFbG5RnjKsBgc4B+YHPNKeeS0QWdqzbZfLZyQgGGByCzA44OeAfQZ+7WzyROzdabe93bRuyfRNpLW2l9U76M5a3GtWLcXh8Okt2oJPpyJWad73u1bXToft9d/tofs5okZL+ZHvUfNosYGWPYiMDPfJJOOMHrVh/23P2crbb5EkirgI5XSoyB8pP/ADx3BR0HuRkZ6/kn4L8FaX4t8L6obsO99aTMLNVcIImALBiCQZM8ZPLDI56VycHg6wl1nTNNXMiQruvfMmQFtzkYXnJwV4x8wXhuCMuXD8XUpxliJPn0T0SVnG9r+uu/XzZVLjjEOEpQw1D3ZJc3s72so6pdnd38l03P2pn/AG3/ANnua2Hk3rxIpUMx0g8E9lYRe+e2OuRwain/AG1fgAkUcsesvHuIH/IJJAJ4JyEA9DkgnGTg8g/mjoPwu8E3A1Q6nLJFFHfwqkRkARYioz0OCGI+XOSRgDkjHnHjzwp4Y06xa20a5Nwk2tQQRIxG4I0iqF3g9BnHPAHBwM51nw5RUJSWIlJxfK1H3NUkvdTVne1+2t+5pLjrF88YujhG56XdO1pabttPXpdWu/M/Ymf9tP8AZ/hspQdVmWOO3WaVjYHd0JDR/uiw55yOBg4PODzsf7cfwDd/tEnim8WGQ+XFt0+ZnbAOP4Rj0HGCOnavzS8WfDmLwrpGoS3KrcJPomlyxwvFkKkg3MElx95s/NkkkcZHAryGaw8K3GjFGsYoryS7t1jKFCU+ZMqFABUHkk4GeO+KVDIsLUSbxE/dbdm9G/dTV1FWV10erfmjKlx3i7NzwmHTjtBxd2ny+9o+9+tk5H7KP+238BEuY45PEV4FVNwdrCYArwT/AAA57gY53KMk1FN+3H8AFdtmrXr+WFkwmnTMX3Fgr/cJAAA5JIKivy61TQPC9r4fnFxpsElwunxC3lQ/vFmdQDuBIOSCe7Y6g5+U934C8HWXiDw9qE9noliJtBsLf7VdyohZEyGbKkZ3MrHHUdSCCK3hw9RlV9lDETd4uV1eWiUXZK2zXq2n5K0f6+4qUJ1HhaCUZRiuWDv9nZJtbq/W9032X33dft1fs+hJCdS1CWVWBcppsw2E7TkEoeRkDqo559q8P7bfwNlV3srrU2dwu7dYykMQOoLow2qCckHC4Cn2/NPwl4A8OReI/EDT20WqRG8gZopDhUWRg8gUYwi5O1QOdoA5O2tDxbo2iab4n0620axjtLOWFxcQRlHV3JC7STyQAwDYOTzwOKwnw1TS9rOvKydlHm6pxS1a16335fKyN48cYidSNNUaF0vfvTb/AJXfXo72f8t3poz9pf2V/Hsf7Qn7SXwn8PfC2O+nvtM8Q6Zrl5NLarFFHp1jcpNdysSuAxiRlDdcj+8d1f2FauCZG3YztQFhzkhQpYdB94kdDjkHJFfyYf8ABD3QYJP2mRcvFHHPZeG7gqYgg2K0boq5AwAUOSeNxPHWv63dWQrI+5gOSCByByANv4cZ5OSSehFfl3E9GFHMFh4rmjCMGm3r7yTd3dbWSVlorWSdr/qmQ4ueNy+liKijGU23yQTSSvFbPpvdW0u79L8fMDnEeWPKscfLhe4wF47Zx+PWqhyFwTnB4HsD0xjk4PHBPXls4OnLiMOMA8ljjB+b+EcnJOMZGec9sGs9mBycYckEDvjA7gjqACR0BGM5yK+eSSStFa623W+l/NdXZterue77RqyT6bO1mrxt2dtfPW2qK7En5mO0ZJQDIz69QeR3wO+MAkBlG44J4OPlG48898njI75ye3YU9slctwMkFSBg5PBGM/gMehHPQMoYINoyRg9BgDt146Yz9OBj5XbS1le+r6J6J22dnHdq17+elOUmvi2T3tbSyurK/VXt5W1sh+D82CMHGP0Bz2244wMk85GOowI/gHB9OcHjpx2APfPXjmm7gABt4IJwCSe5PB9Oh5wOnWkZhySTx3OOp6j6epOR+H3ocGmk1vtdrys3vb79PyFLa13eyvazvZfza9bpba3u+iMrA7gqkkYxzz/vkcE5xg47YHWmHqNwHBBOeB90k46YK9D1AyOvSkeVtxA5I2gYAzj5s4OMHgkknGeg5xTG27mJLEsCdp+bIxjIwRwMcDADAEkDpVKC6tPS63bXwu9tbq7t2dnbYrntbomtfN+75fit7Pyu4gkfIpJOTg5wAexycjPIIIGeeSMmkXL8HcR90nGASBgehbg9M455GcEqDhclj0xgkckHj05JPr0xwSaPlxnIBI9e+RzjpwfTaB7U1C+t9b6cuq/z+77wc1fbstHrp59dlpomreiiw+cEDJBYdO5IJ2jOCcE9RwMcE07J+XHQ/wB3IyRkdRjk85GMkcetPOMAZJPryASATk9sck8c4PHFOKkDAbGCuc8gA4+U8ZBx0x/+p8qS8l2ut++rte2ttlcl1HtddOnp3bvvZPztuOBYnqec5JAGARgf3ScYzjOepPQUjHIbAJBOAMkY9gOcgdSOfYfMKjBZSck5OCcDH3uc8Hkg88LjGCeeQ8bj6kkZH5nOBnG7gg546ccVHJzu66bJX201aTtez66vVbAptLdvXW781bz7q3n8iPDj1BIGFIweDgcY+Y43ZJwBjjPBLsEnlsFckHp0zxjA7jBboOR82OEZsZ4PGedwH1OSeQB1JzgjOBjNNLNkkjaoIAJwR29Mjrg5zz1ySKpKcVa+ne2y91Kyu29dLW+0tbGTl83om1eys+urts+vroKRzzkkhiRnht3pjkY5z3OOCpqJQ2ck5OMEA5zyDnnGcfiepNSjcBk85GDyM9MDPAPfPTmg7iqk52ksRnr2BGOmQPpwSM9haT0fzdvu1Vr29ddgU9rq3Xut0l+eulrat2sQndld3GSMKOgy3fLHsBnk4789UZ8E9eoJwPQcgDH5Hj0qbIXBBIAAzgdeu73I/wA5wKadp5wcH5lHXHOMH8z+XOetGl/N7tLtb5rdPy3NIzitPmtbtK0dNdfed9+69VExBbjkEE8dcc9en4hfUetR7R15HOc5AP4c5J5+6PmHp1xYAG4kDqACcZPB5wP5eo454w3amOR2JBPUkeuefc8EH8aErJdtvPS3XXv5/wCabXTy301/TyRD0xzk84Jwc9uw6dOc9e9OA79WwQcDHGeAB79OM+55pGYZwOg6cepyT0A5/iU8ADOMYNJn+6Bk8Y44APBJ5GMYbPHUrgcElne+n4f3b9bvy0/BC5k+qe2rlor2V/xW3dN6DwCvOe3GRkt09sYHqeT6ZzTcMoIwG9cepOc56Y5xjjPrT+TjA4B5J5HAOAfYLjB4z9BkpySWJ+8BnJIzjkcdN2OB6ryRkYAv6+5Pbp6MjmSd7ab9L2tfo97v7r6XTQ1wQB2HBXtnGSxbt8x5OMdxxgGg5J2gcDoOvzAZxx1ZucZ78gHqVJIYfMSSDjI5Jz79+hxgEZOaUYPBXpggEkg/NyvoOTjnP144bsrX12ffqrba3vuvuKi+bT0l3dny7ct7W7db72ZEMkjAyCc9PQtkfLznp14Izzk4p/3eMA5GDjkEHAzzngDBGMepxTvlU8D5Tjpyecepx/C2QAOM5GeoAG52hgT8oJww5IB4IwemBgZBPBA4dk+WWyveybejinbo99/RaC5kkrtXvq99NNbadXp3WuoAg4zjAwOOhx39RknPQ8Z5zR07KRgdT6kbgD0ByB05PSgZAOV6gDpn5uxPJwQccEdRyMYNAPIXbwwAA5LDg87ud2DnIySM57mtYRXe8dOurs15S11+SS3ZCqNtWktb2d9Y26tJO26Uddld2EI5G0HGOgzwOeT2wMd8+xyMU0Akkd+S3IA4UdM4AB+YY65AI6fK/IJGB8oGc4z/ALWAO2Sfmycn5gSA2Kft6nDYIGRyN3cfeI69hkE4HUHl+lkttdO3/DLrdbPQFKy0eunM76u3K4pJxsuXyvs+nLeNIySG3khTgAZy3AAyT/CoyQpGR0x1qcLuIIwDkgEg/jkDqMZyO2ecVIAwBA5Ixk4GB2PbqR/PP1lCsoIUHKjIxg5LHHYAjtye2OlWlpdarWyWjbem2t91e299+ih3d3d+avs3b1fz1316ESIxZcZyCMAD1xjA7nj29znOOX+JbeV8M/HzYBx4U1jbwTtP2Zz6cDgHoPTHcdeoOcnr8o65GMkjGeM9QDxyeo6VynxS+T4WfEBwu4/8IrqykAEEq1sxIA4+6rH15UY9aznU9nSqat2g7RvZaLqkrN2Svs9e22mGfLiKD0T9tTVr2TvUi30el9etr3et7fw3/t0X0Y8Z+GriVmRY4rucEAkYidtuTgjGQMZxkEYxX6g/Ci/05v2DtREd9b/aL34X6oheeVI2jM8kxRRv2kM7NjkbjjBHK15t460L9nGPWor34n/FjR9IvfImEFjrehmeKFnZiYoklQmULyCyZDHPvjvdA8P+ELP4TeMfFNr44tfF3wfttGa8mFtpE9pZto8Uj+dBbW0aLII1ZZCwQAHk4yefjMzzaFbLMFg4UK0fY4qL9o6M7VJc1lGldcspatW2vdprRL9JyTKIYbOMxxlTEYec8ThXTVJVFKpTjaFpVYxm5KOmsmtE72uj8wvhN8KYorDT9Yl8caPPK99ZXElvNfW8CWFpDKrzRsZGJeQ4IG3bk8cgAV/Rd8N/F1tcaBr9to1xDeWUfwvhje6t5BKjhbYRuQQTuztJBxtI4FfhvbfGT9h+2Nta2fgy81GTUHRba2trTVYklD4KERswOOgLEbcH5hgAH9cfgNp86+HfF2oaboLaJokvw+EmnadKXEkentGZoTucswBjK8Ekgkg9q5Y4itUzPB1cQsZSkudUo4ilGinFcik4Wk7vW21raXPReEw9LKsVRw0cFKLcJSlhasqsnJ7OalZx11S1d1bVan8xP7X2rT3/AI31GK0tJJxbahfLJtieUAi6buCSB0BDDIHzYz18Y+Dnii78M/EXQ9WvNKkMMLlVRoJNpYgKMAYGFPpz2IHBr6Q+P8+g6F8Q9e/tzUvsU1zqF5LFF5TOTE91KVwu5cnHXPB2qeTgDzjwvdeF/EWtWNlo+sTXN+kschht7NjKI9yq3YkAKMk9gAehzX9H5Pi6lLK8JTpxnyqFOUZKL1u0735fVctnrfpofzDnuBozzjG1KtWnzqq04PS3JLRbpu6ezV++up9ZfEzxJd+L9F8KahaQwxzf2g2yHYwVSM/e3Ac7vXryGJHJ+Qv2k/iJrnjHxRp2mTaBarJ4e8PWmkb4rNnFwI1UmVnCkF2Izle5BVRnJ+6fHek6TomheEIZLiG286RGhmlQo7SGPcVZVJJkZscjHOMkgEV4L4zm+GGh6tLb+MNdt9O1iaCK5aKaKQT+RKu6OXL5yjDJUEHIPAHIrqxeLlTm4+zlOpJXc0mlqo3SSWkns2tNNUebSw1OtSvKvTpQcrNNq0mnHz9yTtdNaNPqfPPw/uby71nwtay2ktsLVYw+ITHECGRiFUgY3Y+YjGTxkgkn7K+MlzBqXw4ubERyIbm2iiDBS6lyydOCTgDdkg9DXj+mah8OtbvbKz8IeJU1G7j+ZYYY8MFXhvnPqxzkZ4/hAOa998VxaHZeFbC48VzyW+l2iwyXM5B2ICAFDsCD85OFA6Yx1zXjV8TUlNTcJKceWUVa/Nbla89GtravyuexhMPShRnRVSMqdWynNWa2je0tbWTabVm110SPjnwd8E/A+oaZfXut+LbyzurUCaGEQFI5WwWMTZxtAYAcHIBG3k4rr/A/jTxNaeLNG0y81rVJvDmiy/YrC286ZbQW0LbYj5RIjBI4BAwAOuck+ixa/wDAS4jYR65b4JIJWYqhYdAVLgscjnoT1BPJrJki+F2pXlpZeFdT8/UjMs6ww+YN4UjILMSoVepKk5wBuGSDcMfWmmqsaihJNSTVlL4bKVknaOuj6236xLLsNS5JU3RvTlzXUk5Ne7ok9VbprfXS2qG/GPxRb+JPE9k9vYmVILPyZycL8zLjO0/eIIIJXjuenHw9rPwb8RT6xqOr2lxZ+Te3guI4TA4lRd4JG7gnoMYOduSRjGf0FvfDfw7tDFP4s1mPTriZd0PnXSwNLux90yMASuQCOwOCeQBOun/A7yV3+JbJSACC+pRfMeechjz6Af3hnqAa/tDERo06Eaa9nTu42jbqnuk997aX1tqzjrZThateWIqVYxnOylHnjF2VlaWmzvvreztZniGg6gtjBZ6fcE+eltaxy7oSIy8flgBGYHhgeBkcnrwdv6kaLJOfhtFOq5Q+HwcYySBbMAAM8kck5A4IJ6Gvhe48PeA5Hhu9C1K1u3S6tw+ZxOpjLgZBDcgA9ecdsAmv0ZsdMt4fBQiBxb/2CMRqSFCi3OSe2Mt1z2GM44jGY2piHT9tT5JQjouVxb0jZ6q9tO+j2drW9DK8HSwrqxpvnjNRV1JNK672tbvd3v22PxP+Lt9ba74fbQxdmyvl1Y3BItJZF8sTy4XcAMk4XABOOncV8wweD0sLqa5l11UR5FBC2c+5lH3xyMYJGMZzjPTGK/RXxR4l+F3hK7kbxG0kY82UGV9PEkYZ5HYLHJsweSQTntnqcDhrv4s/AWZlaG6gJXBbfpIKdehHlck/L/CcDsB16qGa4n2UIRoTlCCcYaPW9lffX8dNGnqjz8TkuAqYiU5YmlCU5KTU2m/svqo9Hp6Wt1PoPSbmM/sq3EhnYwjwpewLI6lTIqqcHBPA2g4yMZ4z3r4U+HhtpfhjqiPcsI7vX42UjGB5e0gHJ6EEdTwMZ9a++9Vu9M1j9njXNR0Xa2j3OgXrWcfliGNY2QjKQYxGM5IGMA+vDV8E/DMQP8P7eznWKOObxUguJWQ4WHcMlj0xtPfjGAccGunKZQlHFyqRtKzkk9+ZuLs9tXqn283dmPE8JL+yoQmnCNNQUk9JRVkn5R1VtbJp630MfRLWG48U2lvApdJdRtY3Hnjd81zEBgg4IBAbAUEZPIyTX9d2g/BP4DftG+C/D3g345eINSsNS8G+FPBtl4VuoLhrNJkvYIFawjnn+SWVwwQpGTwQuCpFfywaf4e8OyeKYoILuxiS717TrGwnt5WIYyXMW4ygEFXDMM+mMAkV/SJ4+f4geF/DXgKPUdb8P6ToXgXW/h/fLP8AYWa5103cFiiWi3e3En2ZQJGjd8gkHHzDH5F4p1K7pZVHBV54PHKtX9lWi3Gak6cU4KXLJxT2lZptLfXT9H8LMJSlLNXieWpR9nQ54tpxd6qkt3p8L1afVrdnvnxh8A2fwn+E8fgnTPEsekeDfDl9deDY9I1C9UeI9btNUtGFvFYzIQohYSAsj/IT0G7r/G94otINL8WeKbTym8qz8Ua5bpFI4MkcEWoTqm4qAu8hRvbkEnPRsV/cX8Y/gi/jzSrz4l+M9SstQ0jVWttW0PRpIZYZtO1ODSE+y3cDJiNg7IG2kAckY+YMf4cPiFb3kXjvx6twPNlPjHxNEcsNoVNSuAmxR3wQTxkDrnNeT4HYuOJoZtTnWVXGU5wliptJKVWU5XnKTUXJu7vddG9Vqd/jZhZUaWSTjGHsbVoUXBu0YqNK8LvX3fd6WaVtkrxTXFtPbwfZJQgIZZFZsEAAnYCflwRwCDgHk/McVY8KWk95rGnadpMbNfajfpbRIzgRNIzhVV2Y7QhbBYkgDPPrXBg3VvBEkkSxKSVQucHaw+XI/i5OB3ODjOBV6yudQ06WOWAyRtHIrxzQlw8cpIO+NxjDcdRyCFPPb95qxU4VLONuXVqz5W7WSjfZNa6NNPR3dl+C0XyTptx0urqzvpyXUU1pezWlrProm/6bv2CvA3jv4e/BTxXrmqRaL9k17xpa2+rWMFql9eafZ6XbfaDeeaiuGjZ4xhQCA545G6vHf+Cg+uX9j41+HvjbUZluZ9Q8KaqNLhltDEi2rTsITMWXAdk52ZO3IAxtrlv2XvHPxatf2QvDy6XqN8EvfibZWiSC3ludQuYrmZUmSdk3STRNkh0JI25GMdfCP21/j/qfxL1XRPAWp6QNMuPhxNfaJc6iB5ct8ZJ2kAZJBujAwVRBkcgdRg/yxkOT5riPE3M8wqVKOIpUsXjKdWEJJOFKnTp0oKUHq7txXe6beiP7AzzH5bgfCjKcKqdShVxODws6E5KTU51J06ko3WnMmpW8rJX1PzA+Ml9qfijW7HWdWtUN9NZMFKrsRLeJwsQA5wMbSp68j+9x49HaeXOWWNmYoC/3QDnru+XOP7pX8iCa9r+N93a2/iyysbF5PKi0PTgY2woEtxAjORnH8RB46KRz6+PW8jwSMrOWLAjh8lshj3HQY2nHXqcjNf1Lg9MLRUUmuSK0aSSTV7PRXadktOp/GeYSkswrXfM3O8pbe9/N1vdact7JaK6347xBBENQiWSFVSOPGEADMNpOMgdQQCSecfdycVcs9VtYbGGGO48qdJQY4y6jyjn0GCTnpk45+XvWH4ov0jvwrswMYwD6h0+8ecdSDke3Q5rz/wC2M9w627F3D7iGGSCWyTnAyDwMqT1JPWvRoSS5b32teS3vyt6q937r37a2aaOKpCNdKO6Ss7t3s7e6rbtNNaaW621PoefxBPBbPPbzT3FyUSJ3yRtVhkHg54PGPUnntU2kp4g12zCQ2bSs0iJvYZdgD0GepAzgctznqTXkI1y7XTXhl2xh3RfNUHOFBAAwOQcdQM8kDsD7P4E+JtnpVlZQiOWaRThk2ZAcZVZFYAsxyMn5s9OByD1zqJx91qTavZ6X1W63v5u+t3occMLFVGndRb3Xe8brdvvu9mtGkz+mf/gjv8DND1z4P+J/FOq6zP4X8QweKXszpaajFBLq8IhkG6UO6lkxuwqYIBI5ORWH/wAFHfjl4w8P/CHT/hP4d1Wxn8OrqniTQ9aitXWVvsiSqyQ3Milg0khzyvJOSD0z8E/sa+F/jf8AFrSbC9+GNxr0dlYeKpU1Kew1OSwhlmmBMMOwSIrNsyC2CcA8EEUftX/Bn4zfDfw4sfxMvGv7TXNa1m5s447kTS29zCRuW7kyzvOA3zZJyR3INfg+F4fy+v4j1cZj8xwGIqyx8KtLATUZV41KMVKjeKvyypx5W7JXSV1ff+q6uf5thfCShgsBl+YUaNLLPZLHO0cO4Tmo1pQt9mo5OMn/AHuqaPyG1LSdS1DM6RRpCJWTYwIBKk4IOflGc9hz+GPpr4WxeIvD3wq8R3c85Fhf63ZWqxIQu10lyASDko24eoz714DfSzxMYI5JdoKiRWXAfDMM842kjOB/F1JC9PqLRvLsfgHcS3DyGW58U2jQq3VkEg+UchSQPXoT75r9vzNp4WpCK0m0ndJqNpJrXTZq6ers7Xex/OWQYipUxtKUuWLSlNvR63VuWWvV3s9LvbWy5v4767pmhaz4WutcaQ2IsbR5fLjBbEkYJCAjBHUHoOcdsVw7ftGfCPTrCe3i8Oy3crFVjdYIlJKrgMcx9QQxPbryQRVD9sG4iI8HF9yiXTYjsOVH+p+TIwCcY45OMdTt4+BJpELeWhwxJz82VIz2yQencAcHqMmvjPqkcTShKcppx91JScE02nZpb2u1o1Zo+sxONq4fFVFSUHzKHvSjGT1Sva6W/lbfyPpvxH+0FY3d5NdaRoUcMZXaokVFxkk4bGS5CkDGMn6dKUf7WXxj0zSotF0DxZd6BpFsxWC107dHtEmeCQAxwW/vYHXp81fMoaMgxkBjuPzBuDkkAEEY656nbnkZoUxtG4VASCDuznLcfjn3x9AOKJ5ZhasVCtSp1oJpxVWPtIqSslvf3tJa9nfunlRzTHUJupQxE6MpLlbpScZWfK3FuLWl462fRbI9vl+NnxQ1+d/7S8deKL5pWO9f7SulGDg7VCSjA+o9OSelV08Q6uwkmudSvdwBzcXVxLnq2S0jtnuSc89eR04fw3CrNI7qA4AAIGSoyCTk84z93OfTnpX074VsbeTTkdpFR1KBS2P48A5J6+/XB9aSyvC0FzU6FKEb6KFOCS21dktF8/PsuavmuOr1XGria81f3m6knu1vdtu3Vvrtur+D3PhvUELsyBcIG9XHqxJzj6+vTvjT07wdeXcLPE5YIu9wc7ehPOCOOOMd+OBkj3bUtMid5lKgRmMKz7cYJJxuK53A85APyg/N2rR0DS7fT9NummeMwyxqjAKGYkkjjggjA5wehOB0rpVKMYrkhFy0TbjpH4Vez18+mq7M51iJuTUufte7d9r68359LeR8+Wng/wC2LK0cnmeW7B13MyoFOW4JPPuPbjtXTWPw8uJbe4n27U8sMpAKllUdQScEDoVz7gcc+l+GdMtpLnUIV2eVM8gBwA0YjO8n5iBkgdOPTgmvVZb3R7TSIImeIySRiBQyAANnnO0E9CMe/XHGJqRcbcqXT10teys+v5dOl87leyen8z002tdu+9t1trY+ffDfgA3d/aRSwExyyYG84aVcdRnGMd+COnI3ZrU134bywXw+xQOZEuGhCqu8qW3KN2zIwRnt+oOfXvD+pWCatpIcF2iuJASFJ2jJwMckg7RyRnCnHIruNP1lxe6i8OlPOj6qrI4gd2Izxklc4xjAXg5+7gDMNzjaXMrWWnVaR+1pp82rXsy4QnL3VCcnppyN/ZTTsnv012fR2R4P4x8J3Og+DYBMBIrSwBtqqp3DBZWwMkqflJOACeuCQOK8EXJsdSuLhkeI+TL5QYg5UptAKnC7VB5z83U/xE19H/FXR/EOv6Uttpfh3XNQdyzxpa6bO6hjIM4VUyx6dcjB9DXl2i/CH4sSSR3MPw98TSKtowQS6bOuXZflByucck7jzhfqK1oVKMX+9q0uZu951Iuzdkr3fRa2eiuncPq+LlJOFCvKy2jTqNK1lfSP4O6vdvu/rbwSYbjwto006Nl4GJAY8ZOBgDBILD5sjvwM/KO6srpvNihUS7EdhjaMcuDnJUfU855yV3U34d/Cn4uf8IhoZ/4Qa+WSO2IkF00ULxOG4DK5JGexI9M84z2lr8JvjFJIry6JpenIHZvMudTs4igG4c5kGQe4PPAAOMMfW/tHLYxgpYmgndJKMovROKs2m7Xab9O2jOlZXmM7SWDxD1/59tJr3esrWT1+9rueG/tC6jMfh1LGUfy/7TtEJbjlMYAyOh74GDzxtytfGglie4sJpYyCZXC5AVRjaMnA4Jx3HHo3f9J/H/7OHjrxr4TuNL1Dxj4B0R0vobpWvfEFmCojwxQqswAxjJ689OMCvENS/ZNs7NLKPVvjh8NLNkO6VYtUidd5wTykoxgg5IPHOfWvGxmZZdKrPkqKcXyv3VJ2dls0tFbVrS7Vr9x5FmspJ/VpxjdPmnKnFaNLVufbR3vy6+SPA/C8GhXOqO2o3f2SOQPGrhVIMm3kNkY6hsHpxweSK+jtM8MfDu302zlOoySPIri6CqofGTkFcEpyCdw6k7lwcGsC1+AXwn0edm1X9orwVFIsm/bayPcdN2SB5pTIJYgnjoOcbqs3Hg79nnSZJXuP2jYLsGNxIllbTyBe42KoxkYxyWzwAeCK+dxtKnipc1Otioqy92nSmlb3e0d7aWvo767HdhsoxsdJrBxen8XFUk18Oy5ldu2trddbM4f4nTeDdJ1bTBa3hdWsSGRogzQRnG1m4JU4CgseOOeQc8rbeKPD4t3hhuR5cUocvHGMlcYwHwOg4zz2PB5PTavY/sgSXsTa78ZvEWpTeUy/6Jp0oDgdQSwwCRjbnIzgDHJrasNT/YW0+IQjxB491YKo8zyrbYZOck4GPm44BAzkNkZFKnhaUKcIShiqjgnqoS1d4tavdO/Tr2FUyio5pzxWAp6Xf+0QaTtHZKTStzLq9VsZVv4k8NPZwSearBY2LSFB8rckGQkHOfUHb1BPy5Hn3xC8f6PJYXtnbPDK9zpzpEqrgL8pDEtnGTjI9ic+h94i+Jn7FOn2xjs/CnjfVEOI9s4dVkU5ALAAEAA8kYKklv4eOL8TfHT9j62s5Y7D4F6/e3VqispuLookiZy5Y5yAQeQQNo685rfD4eMaynDC4pW1V4pJvSy1klvayfkZyy2gklPM8DF/atKUrLS+0WmtrLe+uqsjw/4dW7nRrLy4j+8ZyykAiVSxPAweDg5Gc+uTivWg2oWUbxx2sgDShW8qNjLtwCBhQeCB1YcHAyeK7jw1+3F8ENIsbKz8M/s027raKixi7mEibgeSCCSSSMnO4cZ65z00v7eN6ZXm8Pfs7eD7aOVSQbuASsm3hCwMZyQTznpzxjNaYieNnJxjganKpauU4LT3el2+rSWnpuzopZdlEVGdTPKV2rONOhWla9tL2Xr0X4nl0iancujQ6feSojKHK2szleFwpIXaxJ6kdWI2kHiuc8T6L4pvoLaOLwxrFxHPexFzHp1w58tWDAr8pYBu2MjkdADXrrftw/GG5hn/ALN+F/gXTmdyfl0uB8KACAS0XbgcgH868v8AiN+2r+0dGli9mfC3h9JosBLLR7ZjuTIAkDQlQ3PJznBUdTSoUMXKom8PCCVtJTUpN3iukXp1vt+KM5YXJI80v7TrVZXuoww0lzXsmved9vJXLb/Dzx1rFuJNN8Ga9Nt/coBplydi7NuTlQC2ehIJGcDGCKh0j9nz4wXLOX+H+sPuUrEsls8RyScZDgcE88g49BmsnT/2j/2ldTsEmb4kpYyTwrNLHaWVvCULjgAJFnocjGOc8HK1y2qfFv8AaAuQZ7v4v68XMhH7iZoWVSRlj5bKQGbnHIyRg55b1KVDGKSSp0PitZyk9NFskru1/taPXZ2OWayOF1GtjJOyafLThqlG696T2a1ue3aX+zj8aoZmkHgW5tXKBWeaWOMkZwCuWUDC5wchuoA4wOz8R/sz/GGbw3awnRNNtpJdQtztutYs4dowCSS8m0dyQBzgcHGG+Qk8Y/FzWCHuvip4vmDShTt1G7AwMFvuyrhTyM/w5xg8Az+K5PG8Wm6bLc+OfFV0Jr+KMmfVb0p8wHIUznPB5x90YyM8jplhcWpXkqXLp9m+rUdN2t+yu+4oVsmSs1iZPpepDstnFXWl7728z7Btv2SviTcP9p1DXfAunIgiytz4h09njwoUnCzZwOcZ+9z1OQfXNG/ZtvLDQJtMv/ir8NbISymRp5NZtpCrbWXaVExICndgk8DOOeK/OG60fVEaY3Ou63ct5auvnajd/O20bjkSZPOVOGHY4zXs/gTwXbX3hs3l0s80rRS5NxcTTHcSDvJdjyBnaeCTjIOa8/HYfExgnKrFKUkuVU9ea6TTu3d33e+2l1c9XKJ5PWrzjDB1JSUJSvKve8Uo6O3fVP8A4Nz6dj+Edn4UjmZPjh8O28mM7jDcecck5Ai2SnOD6AZwAa/Tf4af8FNPiN8Nfh74T+G+h+Dr7x2fD1lFZW+r6V4d1W5t9RhhUIhjliVkkQgcFW5HQkGvw103w/ZveRWosIXxNaoWKhlPmSLlWHK5JxkjH8IOQdp/s7/Zz0TwzoHwn+Fccfhnw3BJ/wAInoiCVNFshMZDbIS8knkF2Z8EsxJYnJGCFavwzxkznLMgy/KZZvlUM4hicU404OXsY0ZRhF87lGM+a9+VR+96JH9J+BGSYriDF54skxryaeFwtL20re39tGc7KHLNxjFaPX4unc/Gn4PftaftcQHx5P8ACr4HeKNQsvFHi661zVmh0DUSlpqdzKX+zHfEfLI3fccBiB7A17eP2mP+CmFwoNp8ANdIPQS6RcL2PUGPIPzdTjnGRxmv1/8A2ZvFMGnz/GJbgafp8EHjousMKw2+1XVzuMSrGOQMDhenQ19NL8SvDcmVj8RWXnMSPJ+0xtIB0KgKw2nPAyM8A+1fhWM4qwtfFznh+EMDWg4Upc9WFSpKzpwaXPomuWyV9bJPe5+wxyXHYFTw9XPsbenVnFulUp005cyvaLjKz123Vne2t/51bn9o7/gqOI2C/AfUCOT5baTM3bABwgJ7ANyOozgg1zsv7Uf/AAVJtSTL8A9RWEZJI0abAOcjG1AwYcEdN2Biv6WoPE9peR+ZBfJIG6t5wK44wOGwcDqepI6AYqGXULNmVZNQQLneVM8eMnoOWI7kN2A55GMZx4ow8KblPgzKpWWidGqtray9bvv5ba8lXKq0nFf2/m0U2tVVg0/h39x3V/m1bpt/NF4y+O3/AAUi8YfCjxzp/iT4MfY/Cd74a1G38UXdzaNaT2mlmMtcTRrKAdyKOo75yMEiv539I8ZfCuxmuLa68N30+pLcXJuXAOd6zN5nTOcENjGMkAcniv78f2stTs7P9nL4zTW18iSDwHq5AimU7iYGQIyhiTkHBHcflX+eDaxOfEuqyrGHLz3WMYAJa4lJcZGScHIz0wCoHQf059HnMYZzTzWVPKMJk8KWIpRdPCQlFVOaPxvmu20lZWs0m9O/8x/SFi8rpZVOpjcTmHPSq/71NSlHllDSLila93dPse4L8TfhTbTKB4TvXKkDcYmG3g4J3Dv0yR0PGQc1K3xt+ElvIQ3ga8baAN4VQDxgfeUDBHXjIB455Ph15MRIIVjzxvdmIJBUE4BHqM46DOOBXMNbvPl2O5BISARjJ57KOgxglcD+v9WfU6jSUZtPRtL1Tauum133tulZfx5VzylGbcsNBX1d022lyvfok7K7tZaap3Pou4+PPwhcMzfDu7OAQM4GDnbu4GDkfN1B9ATzXLXPx4+FlqyZ+Gs00Q5UEhG5PqwGcbsei4OCprxCKyErEbCYlYg7hgsR3XjLZYY28k5Az2rB8QrFJKIFRFVY13KPvAZLEDAzjIPDDdn02ipnhKsYNud5Wsmk+ttna/kne60Hh87p16kVGlTtfVOO1nF2emrVv5dd3eyPdNX/AGivhncRSRQ/CWBw9u8SmdkOSRlWBxnIPUjLYwegw3H+Hvj/AOAdOtBbv8HtLupUuJGLMw+dCc7SBx8uPToCRtIJrwqaOBkUoFBUkCMEk5ORu5yOWHAzkZI44Nczpsghv51ZOTKSu3OA2cgbemDjnA56HnArxqtOSr003K2qum7u/Lpe6tZd+17a3X1WGzFSw85KEJ8qi0rJdYu/r018la59cz/tF+CNxMHwO0WEKFLFi5BUsc5zwNxOMDBPHUdEk/ab0URstt8E/DmwKQvmRsxAXjkKCCOMA5yMYArxGzQ3FteT3EAJG0REY+QA5ywJAJKkE8AEc8jFdhpGhWsULTXgCtcrG6k4KhGKgjBBBJHzEAA7eDwoFdcMC2pOM5NNN6t6axta70krddHtZbHlvPXKbi8PSUruSfIls1fu7p9Xe10kmdXL+1DACjx/B7wogAIXfb52kAnIyATtIJ5ycZ6ZFSyftR6xDBHPF8KPB8MTABZHsyQ53YHsccjHtjPavL/FujW1rLDJbxBIpI2WQnhQw+62BgDK9unGNp7v1G2tm0DSbQOju3LjAGE3AgFhz7Mc8g5JwACLCzu487XLFPRvd8uur1fdN6XunsjoecxUYS9nB3lyySitEuR99e2norXaPT4f2qPFEvmeT8N/ByZYAMunqwBC8AMUPTABAx06g9K837UHjRnLr4F8IRnac40xTkjucjbxg9uTwGycHzKxW1tQ6xpFtUq38BJIUK2d2SfXA56HPTEN15MnnMsK7ZCCVOASDzng+px164zknA3WAfuydRPRXWuytZWenM3133tpZrgefyc/cox5U7tKCdrNLVrW66PXfS+56FH+018QCZDF4S8Jxl8jaNMQ8nJyFKsc8jrgHHuap3X7SHxJlKgaD4bjbbhUj0yNSpHBBO0kHrgc57npXK6Na2897GNqRhIw+07Cz4HGR13YHPCjrnsa1JdOtmmnZYQjnOx8rjGevTC9c8gY6cqKqWCsr8ydkrrySV9bNvS+mltOo1n9ZyVoKOkUvdST+FaLz1XXz01KF/8AtMeP9L1WOaTRfDIna32r/wAS+LcoYAblcJuDd8ZJJySO1Xov2tPibFAwhsPDse/DHdpyMxOM4/1ZIPXkYwMY5avFvHNmkXiG1B2vthUFdvGTjuAdvA5PB65wM1pWGnRvEp8hGxGBswCSTgjd3PY5YZOAPr5SoTqVKkeZKMZcqXKm7aXat0/W2uh9FPMXTw9GcrNygpuyStflb6NdLbrXdN2v64P2tvi95ZWGLQlz0I0xGC54JBaIAZz3yc5AwMZq3P7WXxpmVYo5tKjI+6YtOTKEA44ZMHGMYycnkA5wOGg0e32yb4oxgA46EsOfYbRkZOe/bGQ59LtQFdYyrMV3FcFs5wTwN3TJBzg4yDg4Gn9mtr40ttXfpy3eyTW3XXVd0caz2Mfije1rrVp6rulZ6pL5u13rvv8AtRfHmSRPK16JGLEFY7GEAEZxwYxtYdyePrkU5/2kfj3O8bv4kKkDJK20K9RkhgEGSDnPU4PBI68qNKaKcyNEFUsCoIILY/vkEgcEYI+mccVYXTwd7KgARiRnk7jktgAEnGF68nOO+KccuSTcpyfw3t7tneLdl00W2miXV2Mnn6ulGmrJ9trct3rpd67tPS7XbUn/AGg/j1LuV/FtwiElsRwoeuOchPwxx159oE+Onxzkdkk8aaioIAXaq8Z6gYHQDOMZxgHjdxVOnk4ym/KjgHbsIwGyMnJIJySMgHJ6AVELOUSDK4CngADGD1AJzxj3HqOM1Ty+CWkprRa33+HVu7030fR+jY88batHS6s07N/Dpa60SS7u99L77UXxd+NoJEnjbVn3MFUckZyc8L6+2ex5HFctq/xX+KMmpCWTxlqv2uTMLssuDkA4CqCu1sZOfvBiVBzxXUW1g4lRjlcEkcqyjnILHHA6gNyecDpg+ReI28rXGwp3PcuQPulcAYI4B5POCB1JGCCG48ZhnRgnGUruSv7z0WnTtrbv+B6WX4/65OS6LbRN8z5bd3pe2qWyvs79uPHfxPnKPJ461n5Bkn7XIojPXna2VIGDjHHTI5qCbxJ4+upGMvjbWXdiMf6bOD0/hG7ngcbQMgH8PL7rXNTtHZYgoWViAcbuF/vE5GD33HjgggGqDeJ9RVeSqsgIyFAx2BIUZxzxjr0OCATyRq0o/E5aNN69Fbq15Xv176I7pQxHM3TlBLTS7SeiW929tbO1nu3ueqnUvF8ikN4p1xnHIIvLgZ29ANsmcnnI5UdOelJHe+IVCk+IdZLksGZ72cjBH8QLhgffJY8Dr08rPizUQiqZWBBI3ADd75PqBjnv8xxn7rP+EmvM7/Ok3Ox3AN2/E8E84PHYHB5rVYijbWNS60TWmlovVat7dW9zklRxq1dSNrcum9tGrdHbXRapWatpf1yG/wBajuCJ9Y1QwtGSzG+mX5TydoMgPYZHXA55zVWbUrgPg65f4L9BezZUc43YcgYJ6LnsQOory7/hIpmnR2aWRFABRnYj/aPBOA3tuxjpVyTVVkQMsMa5LFDu5x0GAc9+pwSfQ4OLhiKT6y5U7W1dtrvfur2beqexMqOMcUoyhfm6N7vl3Vlotrt7vom797JfoBl9Uv3xyc3UpDdeg3nnkjkAHPA4zThd2rRqPtV07KRkvdynIzwXwwxx1ODwM+uPK5tZu/mUeWjZUsvlHO0jGMj5Txgn+LPJPWr9hrMrRyK8CO84ZFkwo2qv90BSAT1GBnP1OdPrFCStK97WV3bmVk9d/X53W6tj9VxsXzympRslNXtZe7e3fb0TXdadDrcKSW8s8dzLMY3XhppHRVIGMHcQAfQjPGemQX6VpNzc2kMrTy/vDtXdJKSFJ4By2AM9+gGWPBBqGKFj4cld12ySyl9x4DbVLYBI7cnr1xgBAK6LwzI/2OFSW2rwAQGJZieSAcjjpnjgDGDznhqEa1dJrR2bTfXTe9ldaX0637o3xNWVHDKSklJXSfWySvfdXWtr2tva29Obw1MGw00gPyjCSSFCBknnceemcck5OfmGYv8AhE3ZgFuJgsm1cs7jgYAYYI6dMkdx0616cImKqzoGXOCR8pGcHJGcZyp4G0r0I4qUHLkJGPug4J4HHJJwOe4x146/MR7kctodYrpeydtbaP7npG9t7728OOcVEmm2rW3T8tlbr117XT3fl48Hb5TmSUk5BYtIVyBgqGJAzg9M8+vcP/4QkNtKByMbTvLZGDkkZJB5zxzwSPceoxMJYwGGSCeBhSWY4I7lhkkDnkjAGMirXkSsPJViONxJCgc9Vz3J45J4PXoMw8Bhk7cmz0aatpbqlv8ANr1M5ZxV2creSbto4vzVrX6+Ssrnmf8Awg0LhwQu5F3EHcCMDIB52k5GQeoJKjGafD4MtnbLKq/u+TjBYjOBkhSVPHOe2STkgejyLIilCv8AdUY2MdpBLZOQSM4JJPOc5JNIdoAbBAHAwOCQAOnJ+YjBznvxjFWsDh+byv213jv00S1uveVtNWjKWbVr2cmtlu9dvRrTVuz/ABOBXwnbq2wxocZY5BA/4FyefrjuQe1Rf8IparGzGNCCRhT1C5PG0ZwVAwQef93BFehBiRtZGLFsbsYIHY5GO3Q9h1x1qlMq+YVUkM0YPy4GMdQM4yecDOcZI65oeDoWdoa2td2vfS1093o79E7PVErMa/NFc7ak7NXaeltF36fPaytbyPVNMhtr9IIwuHiAGUO5ShGSQcqSODk455JyK+vvCKW9n4f0dZYLectaKCGRSFbGQzthskDODkcgYz2+ZPEAUXtlti5YbT8wUgEgEnjkDOOh6Ak8AV9jeDjYLoGmJNbgoEVWJKE/KgP3mHPPQZzjHI4NdmQ4aFTE4nTSmoKO1krptu9lqr3/AMkY5/iKlPB4WftHeU22m32hbT56eq1TelQasInLJbwqihgDGYyWbJxnhQAcgsRgdhkDlz6xe5DIkYCqqgbecd24wueo7cjsuM9Uy6TlmWG1EKucJty7bTneSB6jcFGeOuMVTvLyzMnl20AZCqksYVBKgcAEjg54Ge4yCB0+zp5fGyula8VZpLV2d7pbaWuui2tZP4/65Vu71LaqzUnu2u+r2av53drNrFPiK+gYSeXEqbcEEsTnBPHzfLnoAwUnt1FKfFGqupbfb7emwq2Qp5znOCCQBnJPGFHQBsoFyHcQxlC23yiADwBycY5OcHOSc9RUTeQGC/ZgY8ZJIHLD7vJHByOByc10Qy2m7uySurNWXb4mlto/NO9yJYuru3utHzOzvy2elrKy0k+raaZZXxDqBy0sCMT83mAlAQD2yehB5+vGRkVt6XrGoPIWFplmUEeXucnPY9QMcckcDHrzhFrVo1Jg3khcIrAgAHG4hSxVsAnhcbc5zzjp/DMsK3wihBAZPmRhljtzkAgHbgZ6HHHIJxglgIRT1s7a3VndvdNq7s+ul7W73xhiavtoqTVm0rylZtXum1u7NWsknr1W/d2d7KqRSS6W8vyAn5ixBPpjp1zgdOcY5qhe+J7HebeRIrebeUAlcFup4xncowep4zx1ArrLYKdka5iwMlc7uAfYnOR2HGa8E8WadNFql3dRcrO7kAjdz90Zb+HoCTkA56dhxYmhCnSjJS3aVkorW0fKz83a6tfQ9ejXet9UtmrWTfImnttdtPmVn80c/wDGm7trjwqj25QPJfJuCHduYYxnBB3cZzyOmfU/Nvh3TEltWvruVVie5kXyc7JG5IwPmzg4xyOduO7GvV/iJNM3hq2jkJj23gHy8gsq8lscAcEY79V9K8g8PXBkiSF5N4WeQIhwEC5bJJ5OSW25zk8ZxjbXyOM5Xi1FvaKWjTs7K6d7XTu7219LWPpMIqksKppNJytbXtDV31u7vbb7j0my1jS4UCCBZAn7tQyllIGeQWPfkZ5Hv2HSxa7o7KJFihj2RhRkjhskncvB7nPXqe9eejT45YZfKZlnbLKikMCSR0J5GTknrnHqwxyE6zQPIj7kYOxGCDkhtoUgZPXk5Jzkndgg1yThy8rcua+llGO90k23te/ey30Wq6ownGN+W60ey1as7vd66dulktUeuyXdtCWum8sxuWdAjD5cnP3eh65BAAHQ+hgk1rSlaMtuZJOZWC4PI6EZOSP8DxXJ6RC1ykcMxaQOUCoeB5ZxuOcnIz0I5zxweBc17TIoIxLbh0IXYyDlVKkBWyT1BGSQTzgY601GmvdbWtuZOzvLS6dlbstHptsYr2/LzRppJJWe7bslr3T0ez0urK6Z2WnnStSffCyOI3ABcsWAznkEbsLnjOPlDbcHFdRc3Vpo9qXklOyQqqgcjPCgD0U/TAyS2RXgOl302m3Ue2QnJw6AHDAEjqeDkAkgZ6YBxgn0vUtUh1HSREQHdIQyqcZRsL94nHQ85xz6ZwBVNwUk3om+VKV7atNNLV+73a12VrJmsYyqUZvk99K92mru8et+357XtbpYfG2lRLGjSOxVihRlQruJwCMDCnnjnrz3BrttL1nR5It6MgDZEm9lJDZBwVOVGex7jIxzz8s4YvgcybyTz9wg8EZI9CSCOcfjXR6VemGd9zkMpGXZvlyu3hhuAPbGfoSrDB7ITTTtbdJKyteyVk3130tbruzz4zr05L3Gr2eqbtolvfVXto7W7p2Z6v4h1I3k0ltbQo0axz/MgwzFUZuQACOeSOM5OCQefDPA93JaaxKyy+RKLtnQkfu4m3SZycAhScEYCgE7RkjNeuQzxtBPdTFYXkhkEB3HDHY2cY6k59Ou7HSvIPCqRHU7hpyHZ5ZSAdxypkcsCR83PIGSPYHGKxjb6xCzTet0+ifLb3rXbaTa6W77nfKdT6pJzTvKUba2Tta2jbt1dmmmuVX3Prr4sObj4M+HiWLsLlCw4x987euTySSR14x1r40EPySOYQcqGwpA29F7gjOAOSGGPXHH198RYJpfgxox/jju0DDcQcl+/TnPTnPpwRXyetpIbaQtMp3oDxkEDd3yM5GOF4OM/KeDXi5jTcqlOUpW/dRbsr3VopLXve93bXW90z16M1GLc4X97aUU1a+zj0S6/wCaRz6yhZkbJUxyxgISWyoIIz0HTt65B9a+2fg9dt/wi/iERKA8ltdBum3Ai4AIHU5YkZyD0xtJPxsNMQSRvvIzICVKkhiMcgsOVx+p6Zzj7D+CqSnw3qaog3Nb6g8meTtSLOT25PO4/qM151JcrlKV7KMly7XT5dbvR2dtbrt0Z6+BnTqKcYWTSv8ACotJcvS/n5bvsfIms3VxDf3YiJOLyclQhO3EjA8nkqSTz2PHPbMa/aY4kk2uoycxgDPLYUgAEgL8pODxz3zs6pMZNQ1AxEKou7jKFVbpNJwB16gkk59eea5i9MuzergnzG3AKpPPGCQD057nrWPNuo25Xbd31bV9mteu2u2+/Ko03VleTu5XtfezVnurPa7SbW173t9Pfs5XEg19pXAaQ3MCphTktv4OOpHPI5XA475tfHu+ni+I+rmSJWYonmjacbSoKnI5Bx/dBwQRnOKz/wBm9pI9eVmVtzXsAYnBUBnUgknnIA5zgDHrlqv/ALRm9viHqx2AEpCFIJPy4HXoMYPPRj0HUY0atShdtqVnbbW6f/B7t6bHsVJJYRJNe7LvvyuLd3rvtZu33s4Pwj4/1XwjqFtqukTx2V1A0gE3lht0LrjYwIzjqME5xxjHBd4d8RT6v4yvtQup98upXIeVmz80k8g3EbuigkbMdiOnSvNpAzKEYAbBuJz1I+bg5HOMgcckEcV0PgdWl1+NhGuI5YWcqMHhxk4/Hn8MEYxWDpU5TjLl10jzN62Sje7tZa97d01Zo5qOJnNRoufLTjK8Y3fLout3ZWfLq3stG29Prv42SSf8Iv4WhhffsjG1lAYnbGTtGW57g+gyevFfIFxd3cc0gCs8ZGCdsYOcHcFbg8DPfOenpX1R8V4rn/hGvC08qFY5XkSJdx5Ug4IGBnjJHUk8YxkV8zTxqHliYnCszYLDnBIwp5AOT1bHXBGevRVjFNWjdtattSdlZ6dkkr6XVktTnxFWMK9ud230lLf3Wtr7q+tm3vdaNUNJdW1W0ePKYALgNuYAnHJ5647DO7ORnNffnimwlg+Bui6jDMBLE8coLkh1yeCADuJOcnaOBnnnj4N0O2N14gtYUYIrx8txhhgMehIOAemTyMY4zX6D+PYtv7PumGNdhiMaFiQVwrKDw+ByFGBnj9Dy2iqdRN2UujVtuW72l5NpJ21ei1PXwSTo1Hz2ahe7en2L30e1l6rXZHyrF418WW1u0dtr6xJkHbsUHaPm4GCQp4Geh6EZ6cxqWt6hquo2b6hfJcXCzx5Yr8z7yThiCDgdM9T164rLKtcYAlUE4LK2w7VyAB6E+3TrxxWbeBItUs1WQfK0eSQAeWGccZHTu3OSDgdeanQpxs1BczavKyX8ui3WrtZ9mvR8FWrUUrN8yXKrNtNt2s1dp/NXST1bZ9+eJPEt54M+C9prOli3We1ZDGJRvVm44ABPORxkZ3DJxwR4VoH7UvjKO9sbnzdLs7+1k86G8giPnRyDlcnGSWyoyPQjk5r0r4kxj/hmqGZUBJmjIZjkEEg5AwMDAH5cngivz70xImvY3DR7mJBT5uMKTkjvnsCfbBFPE4SlXnH2kE3aN1a6teH4av5qyWqZ2VMXVw1OnOjJxfLGSUW1eUeVprXV6Xumt9NLW+ufGvx08QfEG8tbnX7ganqUV1vW63OpiSRhwsRYKhwoyVA3epIyfsfwt8QLLwb8KT4xeJ5hpUxkaCKNXkdnTDAK4K4O7IDcYPr1/LPTED6iilgCiIxZcgcEFVJwRwPX8ulfc8QeT4A67DjejzBuckFcKQQW6gcnPQd8jkqlg8PRhKnTgoxUXZRSSg1b3laKteSSaaWy12v1ZTm+Lryr16lWc6soyanOTlLmila903r5u9rangmtfEXwnr3iiTxYDq8V1LqJvJF8qNPJhLBmUIq7S6jIwQMDGQNoFdf8Tfi94c+IuoeFINCtrq3TSIGgla9EQkncqoJ3L8z/ADAkBgcDGCCMn5luLRkmdElAQkNhVYdByuWHUjnpg5/NdBTbr1g7udvnKpyOjDtg4Azn6H+8AAB5zwkFONR8zkno3LTVx1s77W66vrZ73HNcVONWhKS5K0o83upNvmi73Wr2V/l0Z9+yTGL4NXF0iBHRUUEkZyGLEDcD0GSVx+XQ/JNxqjNM2LopIyktu2smOBgbQc9cEjgcDtX03fwTP8GLzMjBPtpAzyoHyjDHqB0OCB17jivkia1SCZ3QkkhFACswPGMncT8x6kYHQk55roxS5XTat8Cd3vf3W7t7eSsclaXvpatWavtq5K7fVJpXTemupsLdI0kMbXRH76F9uMbm3/NjA6E8ZU5J44x83274yntx8AbuGdpGL/YimGXJwq4z359CWz0DDJB+DjbMs9mVYeY09tuyMkguOQAccAdzkZJyck193eJ9MeT4IXZ3JuMdoCzg9di42A/wseOMnis17tGpdX926u2+yXfo3orfe2duDcpRqcreiS2u+1ndPRX3T7Lpr8INHaJscQZICquQcHKk9SMZzwePywa1fDrWyeJNLJiDbZVdxkfd3dj+jdcDPcA1JLaxrGVkfBUKeFyo4AIPbv1HRecjmqGiv5fijT1EBbEgJBUkHkDPTOOhzkjjp2rzIT57K3ZdtmmrK7Tb7JL1OqhOzgqko3drW7pp9O1k9l2sfanx1hjuPhp4PeMLj7WPlUZZVaFScDoO5DFecZxXxZcRSwyqm2RoG+ZiPlByTgZGGyM4yB0zzwK+8Pi7GH+GXhI+UULTIRsX5h+5X2AIGCc9T0Of4vinVogJ/JaUhXXdn5RllJwNwGRzlSOuQOerVxYlWqaaqye+kdY37baa+l9D2FF8nMpJKVtPOytFXWl1ra+6v019e+ALNF4siT5olWXKDcSXZupIBPTp+GB3Nb37QNsk3xB1Jnd/Oa1ttvPB+Uceg5HHI9gDkjC+AkRj8YfvQWCbNu5gSr5DKFYsOSeBzg45wM1s/Hx1f4g6oWYxEQW2AGBJOxfcYPUccA4PsaqcyoRd27NK2t9LLqtrdEla1+wsPKfNK6jJK/xXVl0vorLRPS1n968bayRBtEbAuiktknnOffbnOOuSCCegB+2f2ZLo2FjfhIyc216XZ2BUEQSADtk98ZIB5zjFfEvknErtOoyisNzEgYPygnrx6ZUYGDyyrX15+zp5kljd7Jt8aWV4XxnG9onIztJ6j3IOMelc+HlLmdottXX97RpdOzd7N2t2TOyo2lF2V1JJbOSinHZ/Pbqro8f8SQx3eo6nMsrAyXt0zFvlDEzkkdT2HTuAedxBGNa2e50hWSMqkwkBBOTjLcEkH+HqeoJ289eg1WSMXl9bksGe9uNrMihT++OTg+p45JOD0yKzlQ2kX2hZULo5DKFBJVlK5yF7ccDrkkkkccs3e+ttdbrfa/530XS+t9cKVZRqRTjJ3avva11dvVNaa9Hddmker+HkC6z4eTdGwa/sJBgZw5u4WOdo9sc89jnGa/qb8CSpdeC9CmuIxHcpoGmxQr5W47Ps64bGME54yARkZByK/lu8HTwnUPDTnHmnUdOUkhVAzeQnCkqRtB4zzzxjPFf1WeEri2n8HaCzsLe6GgaUkSkICyi3Rd20YyTjPIPAJyCCo+S4g5nGkpbOU3GKejXup66WkpXtf4ru+p+m8Jctq8t7wg1G9kklte6tJPRa2e13Z28k8RfHTx58KNY8SxeDdWstM03WdAksfFtpdRiQ6lZtEyFVhIHzsDjKgYGM7a+dvhf8YfEN/dpa+HvD2l3eoXl3JYaZAtqZJJhdSEyOgVcq+9j+8GevJHf0D4oeJPh/4c8XXVx4x0afXbl5LKG4tYklUTaVK4FxJGEJBlQZUbgVxk9Aa6rxf8b/AIb+EvFOj6v8CfCdjbWaaDp9pJDqlpbi4tbzagdbOOJDIsqHIE7fvGxkE9R4UaEeWKp4WpUrTjBuTkqaslaMm7uzTvdLVt76n0tR1I1pN1OSMm0/di7uKioqbv0dtm3zJO5ga/4i+IGk6jLofiLwjPZRR3IiuFMU1vskm3MypO6hHyPvYbKgbQCACOb0vxc+ny3FpbaFPqMMtyUmVDDJJCuGyhmA8xVUEjl88E9sn6J8Q/HSx8VeDbTRvF/hzUPsd9qB1OXUoLXfdx3mw7lW6lUXHlE8rHvAB+UDrjwHR9N+Hl1cSDS9c1fRP7ZupVkvLtJfJidSWXcXUhPl7NyeeO1dEXH2EHWoyhLlatS5p6rl3lFapK6u04u91sYtYqTb9zdOz9U9Fb3ktle+mtjKsLy41PVrO6h02Swt7PVo4zHtcps+0w/xchmwCG5565DAGv67Phou/wCFfw8IH/Mr6WclecNbR5zjoMHkHPJHINfywaOlhZQ2Olx6jHqcK6pG1teJsLXK/aoQXkYA5JJJwSegOeM1/Vb8PYlj+GXgOMdV8M6WBjGFH2ZOvQnnOfbAHHI/MuN6cZ04NX5VGVlNO6bdO7d9Vu79fxOvHSnDCYH2iSl7dt2dlpTsrWta6vd9bdNjYEeDkDIPykDIUkg9z0PJIGAOoyclqasYHJByc9PTjrjjKjp1IHTNW2XB6HrkZXv2wAfmxnIPXkehpfLwTuQHhe5GMnnOMcepBBGM8gGvyaWGT6ct7XS7O39X177LXk9rBpWa06ab3jpone/o7O3xIqYDDAA29hg8HPqcZX1Ge3TNSBF4woyASTn0HPGfToAQMkj1qcxE4AGS/G4jjAzjgEADAHIwSe+cYljt8YwM8D5jycg9emBg9OASevc1msPG/KldJ63veyUdErd9OmqSJlWdktEtNNk9vN9tVfWK8yqsQUEkADGc55O4jHYsf7uOcdNucULCM79vBJJ5zxxjOPTLEdeD1540jCpBxg4IJz27jqevfA/vccdXpFzweMYGF7+o7eucjP6kqWGu1bRJPe6bfu8qtfTXzt1bI9upPV2ej/K67Xei7dH0v8E/8FGoT/wzHqZUYP8AwkGmsPXibsM89+mD35HNfz8eFbeDUtZtrO8tUuLQySGdWkEQcKpym4kbT34IGeOBX9Df/BRuEL+zNqIUfe1zTVUHBJxKee5UdVJIOOnFfzoHwy+u2d1ZxajPpU5maRLm1LiZ2C8ouwgkMcDg4wMYyAK/WeBqbjQpuSuoVEnezSShB7bJXW70etlbR/QYGq55E+XWUsRiEtOqnDXV2uu7dmtnvbz39oGP4eWcGiafoz6RZXr3V0b6PEb3FopyvE3BdgOVJJO4dAc18u6NpulaXcyRWGqSanbyWF000s4Qgtl2VVJXhFX+6cAYODzXqXxg+AvjLSl0DUNYjhtLK/juLzTNQurpJJ9QiQs2WSNmdGBBJWQZzgtxzXkmn6dLatNDdyW/lW+nSKvljBLZwdwGDg8YIGA3FfsmClF05qMou77WhZOC+HdXla9tNNFqeBiHUlNe0pp2glGV7tpcqvJaWu733T8kfVnwHX/iTqQMq24blx0LE478DjPOB15OMfQtzEvlshGY27ZJOdoOeOoJ7c4ORgY4+ePgGjLoQdpAFTeEIJYEM2GJ4+YYz1JIB+6QSK+kJ5bZCiuskqGNd23I2tkA8d+AScYwFzgDiuLFu9ZtptXVrXV9V+F0r9EvK56WCUVRhd2W92923G67tWvfVWVtHbTIjk2IkayGFQJAFXcNx2nBA5wMAg8LkDHPIr5WttF8GazffEBvFFwtvqFitw+iMZFj3yFmYEKSPOYPgYAOPXBGPqmfbKZAsf7olhkffCFM7cg4bAGDg8cc5xj4T8dfDPXdZvfEGr2M1xDb2bXNxHiQKJCrNlOGBBJyvOcEAdea6svhCo6ijUdOT5LSs1omrfKy3VlorpbnmZvzRhDkj7RNz5rXV0kuj1Vt007XX3+Nz+E7nU/FGmw28rYuLqJJp5EYokO7B4AAUHOD05A6nmvpKX4OabaadLKskrRQEN9oS5jA3suV285zkccY7EDnPy94ZsvF767Y6V51/GlwQs9xIVxEA3LNIPmXAHByrDPJJJFfRmo+EdchsWsY9ZvLgSTAlpLtzG8ZwfuhvvAE8HgDGMGvbrSnenGNdNqGrjzbtRbur+8m9W3rdJJo8PCRh7OUnBpxd38Tb0SUbXa6K9lo1bRXRoeAfBMXh3xDaXRvZrn7YkypGNzGNTk5Jzgkf3h05xgmvrbRodLt/DHia3vbNLy+1CACxufNP2i3Zo3VSoHzhMnJGD0HQYz8tfD/AEu60LXLazvNRmu5QkrJ5rSSeWpPABkzwRgZGfr3r3VfBnxCn1M+JvDNlc3ejxWaLeFJIxE787gscpOQpIJC575OMkc7i3UlF1IuUYLWaW7ilNpbSk9Wr63t1aNp1IU6MZtT5eaMUt5JtRXM+Z2dt2nrHTXc+QNZ8F+J0tbize6L+TfzTZNxIzbJHZl3oHJACkDBJAycnaK+kPgRplzYafumnjur8T3MKQI+0OrKFVgoIO9CT8wXJ5Xjmvn/AMUeIvGFhqviC/8AMSJ7e9mtrmNodyxFflKhQpDOMDkAY6cnivef2btTvtTsDrLyRx6hby3fktLGpilYNnaqEZPzcA43KM/NjONMU6ypRfuNNwS5rcyUXGK1afNdXajeya36hg5UnX932nNGzjzNuKSlG2t9W7uy2b06nq994f8AHFj4h8KXa3l02mzRztd26XEzPh5F2JJGGJCYwOAVwvB6V3vxh8N/EHU/Fvga78HNqMWmWNgr6kLe6khi8wlMs0e4Fh1OCCB0A6Guh1PxJ4lg1/wxDcQWC/2vYZnkniWEKqOqskEm1VLkEbVByx6A9T6543bxJpp0q40yS0aMCCCYSkI7i5Ck8OM4XnkAkH0JOPGqOalQtGF4wkldJ3jpdtpau2rXR76qx6EXCaTUm4uSbd7uLSVtU9rK7SfXRHzX+0vo+qy6X4NOmpNJcBGebe7LMJVRAScEEjzMnJ7Y56AcFLYfExfCqP4du7063JbwEyPIrRKg+V48SHbnYcgZHJIbBJJ90/aKupLZfCJgxHf+XmSTduhEhVSxBLbeT8oBBBGAe9ecTX3xQ07QNPl0PS9P1lpLd5JWaXyWUDG0HBwXXjcuDnOM8kHalUapQuqatLVtt2baskrXvd6aWWt3oJRi23Kc6d9Lxb0+HRJa3TV9tNdTU+CrfE+LV7mLx5eLd2EyymwgCxfaI5I4D55cISQp5CgnDHA6c1+OvxNkifx/40e1+S4Hi3VTExUkgrM2fpjAznBz9c1+1fwu1DxpqWpwX/iXQItHijkuIFZHR1naSB1JAHzZ5PJxnvnNfi945sZ7n4neM7e2iZyvinVp5gvISMTuAWIB5AOB0HcZ6D3+F1KeZVuaNNKVOm2qfwq7jZ63a0s9F59bv43jipGGU0eSdWp+9Ws3Jy6K2r0t2/Ddm3LqGvto0QecxRrpj+Y5BBlQJ0APDkdCOuM4+Ygnb8AeKbGXw/mykWSS1aVLpWPJeJd4wM9W/PB4BySbd7f2lnoxN1GrCPTH2BwCp2xYbIPTJGeoJ985Pw1/wtPVvDV5dppqRx2Mr3LP+63l0kdhwCvyuijjoSBjPTH3uYUYp0XSSUuvmmoq6a0um233t33/AC7LuStCt7SclFNO15La1mtbbq+/ZO1z7B8K3Y1hbu5U+RPNq0rBhkEr5hyMZxjBAXpzkbiDgfQ91aJHa2bJMjYSIMxdixI24wucEZOCCCWzlsY5+Ffh78YvCml6THDqUl0LqWWSZysQJLyYI2uFwOTyqn7w6DnHoCftF+HI08l4b6QxFfKd0KhxubGOxBxjnO7nkE1qqlNUoxuk4xXMr/aXLry69Xe6SvZJbIithJucuWMp897N76KL2u7aPe1nyrrt7l4rmH/CK623lhna/jIYrjcFAbJwAPQ9R0yAQcn8jPHLM3ibVSZDEtxcyMShb5CJGDZVTnLdx6euCD+lq/EHSPGnhjVItMuZHkExldHiKeSyxZZDgckhT97jAPXjP5p6/PYS+KtRa4jmkkiubksqjKyYdsKRgFeBgeuDx1rwVeVer7q5ZSbT8+Zb2e7TurpdGz62k5U8Hhou7SjZ30ad9bJX+y/LVX01PpD9nrUYrvVIbKG4e4uYY5UQyjpGYG3KDwQMq2GJHTPTNaOliFfF19aXMGGk1W9bzY3VcqsjAgnA7jkk5xjqTkcn8DNb0+z8QRC10+eC4e0upmfGFZUikBAzkrgA47joAPvHmNV8feHzreoXJa/t5Yb25DIgbBxIcnfxg5yNx9VB99fg5IpbNSdle6VmtZXt9/yb1Np2cFOb0aird0uV2aezto/N66n1N8YorW0+F9hDboYmuJmV1LsQ8ZVnHckYK8tjj5Rnrn827aeRxf5jLst9uVm+ZQFZgoViCSSBngtwcd6+ub/xW3j/AMFauNNkujbeHtME0q3Rw2/OAYjtzwrdSCDjOCBz8raTpzm3maXcxmuPMxgYC7txJPv2x046dRCV6/NJttWS0ukrJ9dFrrdHPUcXRUYRdrK9trNJ7vu36Jn0voUckvw08UzSRcf2ZGDuI5G3qeQOOg4A6cA1w/wRuFfxRDZq4hMzQiFiAVQZGXDAAKF6cHrg8Yr0nw6T/wAK38YRfNLGNIUqAAV3AqGz6EHg/wAR5OcDjzb4KX1npfi+xu72KIW0MLeYzGJAGAYgEthRtAOBnO4jbnoLrTad4dk7W1v7l9tdbd7WWgsPT5lfm5Yxa967u/hTslry23tvvbqfUHxns1tPhB4yQ3v2hheRFNh3K25eQQAR8pIH3iRg++fzL0wFYpjOjMWwkbb8kYDNu9AoxjnAAOcDoP0W+Kmo2eu/Czxlc6bc/wCgR30XyD5g7BvnAZeozkE+/P8ADj4M0vQ45dPvLh7gZdWaFd5HlgHkEblO49zwcHrgEmIyk2nPq7J3bVnZ6bN9bXSvv0uKUYS92CXu83Mn1sl52ad+u/oe8ayzXPwM8JQSW58qLU7hyCwJUMQQQScAdAMkcHrXzZLpavdebC42xM7kbnbepwMv5ZxnkAk44HB3Dn6b1bTS3wQ8MQSXkcZXU5m83zCFYEj5DwOnBIyMD1yCPCtJ0pY5pYP7RiSSRiiRkDbtPU7m68dMseM5ANXVdqiacrtR1S9LLX011V+l3dN4RL2Np2+O199mraXV9dLPW/4+4/FPTltPhh8JArHfLbXTStu+VWJVsANxnBBAIznjH3iPnmzyl/CzyskCTLg7lA+WRehB5HQHHTpknp9W/F3TTqHw1+GFtA0EKWdrcRNcOxVZGwoJBIxuAA6YwOny8D5kj8L3KSRg3Fq6PLGIkWUknL54OcbSeSe2CBgcAlzTkuaX2YtrVJv3bq19N02u33G8ZqEE4wXXbRNprr2k731et+iPpb9qJI7ix+D7q+9f+EMhkd2IAXKkDaScFjgFTnAJBIPIHz74WO7UIvKuMJDc2zIFK5ysq8HoR1OQCcEnGSM19DftCabLqOkfChN8MC2nhGOBGlchJXVcbFyecA4znA685NeDeGNHv7DULNgtlLHNJE8uyQNhVlUY9mIDdwOMADAFTyrlcU+a7bunJJuzsr9727K3TYWFUnOMn7vM7vdOLbj6K93ffe1utvXP2mJI4vEfhBTIc/8ACJ2RcMVY5ZMlt2cAcbiffHfFYHwql0jStdsL4XjyXLxxqh8wHy53YbRgA54OA2OCp54Aqz+0onn+KfC7oBGo8KWKP5gY4O0AhQeTj24BBwBnNW/hD8GvFeponi5BpiaFYG3uZxNdKbq4CvkJFAjK4ZiCoIxxnJz1mFWnQpQlO0XUeibejckrJLV37a+nU2qKU6lVWU4q95N+9ZJK9r2d+nRJJ7NC/GXUbeD4y6fqGozv5Ntb2E1wW+cBSF74IAxkd+V45Jr2Pwr8QfDl9qIitJTMl28aiUqqhGjIwoOFH3l2t7kjBbAPgnx10a51X4kS2VsfLuJrGxCxuSoiX5cbiTgcY6nGP16v4bfDvVbSa3S7Ns8drcwSMUkLPMAwLKmDkgA9ye3TJr1aNWEUlPaTTTSva3R6Xd0tG9uyvr87OlebktLSUk3JJ6WSTb6a63d99dWW/wBpks3xJsGDfM+gWUjCIbl2EqcEDj7uOuDjByR81fRX7PkNnqU2g6fYzX0s5kF3FbrbN8/kRbnVW2cv944XGCQvU4Hzj+0HLCfitYvcl7aC207TbeZQM/uV2B35ONoU8ZI6EdhX3X8H9d+FNz4j+HGrWXixrnXtMmhit9D0m2aCB7QRCOVbswhRI4bO9m4OWO7GK8fNM5xOWunDCYP617eUo8yUlCkkk+abino72S5Wn31R9nwvw/gM2p4ytjcwpYOODpRqRpz96pX5mrqCc4Xa2d3Kyd31Pz38Wvdt8W9WlkFzFnxBfCSCeJopkVLtxvkjKjCg8bmGOPQ8+ufCeWRviHIIneRZZrhRGh5H7lsshPHtjOcggkdup+Kninw7q3xz8fHURpmmRxS3NvA8dtGjeSC00cpYABpzL8pP3guRgg5Pn/wYlaT4g2e25Ad7i9dGCrl4NrbHAIYcggjvjjLdKzynMMRmSquvhpYWcZOLUk7STiryi2lo1r9yeyt08TZPgMkq4P6lj6GYUsTRWIUqdr4eXLG9GSTeq6JrfoeM+IvMg8Xa8Nu1/wC2L1pDyx8vzW4bjqCfvHuMj0r6v/ZonYHx35DAZ8MXrBCxAZBAQcgnPU4yPQEZ6V8i+L763tPG/ihXumIl1m8jJ2DCkysTklcnDAHoMLu68Gvov9mjVduqeMIrWMSmbwtex5BBLDyWBIUnODkngkA88ZOfQpwtVjZNpST5ld2vyq+n3t2W+/U8KVWEoSvJ2bTS30tHVWb0vZ9b6p2djgvh1qZtPFtzOluDKLq8L5K4ZWkIU5OQMcnrj0PPH3L4NniudSsrhXaWWTSNWDJG+PLBtJs8Ag4GcHPVeuO/5vaXqKaTrGpXrSAeVd3gkQNtZSJGJ4J5BIye2ele4fA74qSXnxH0zTpoHa2m07VUTYxwzNbS/M+egHPGD8wxgjbWuIpqrTTe3M209LXcdlZtWsk7vTsnocdPEck2pJtczta2i5o623vor79rJnnml6qNH8TzxW8kkRl1O9SR2YJgGZyeucggcZzjIA7Gvs/4Z+IkurvxLHDK5VvBeoRPH8snzmE/ebJxnnIP3WzjO0kfnL40mmGvaoLdpFePV7xwytjy8zOyqSmDnB5wflI6kbhX0t+yzczXF/4wa5upJGj8KaluimZmxKYTkgcDd6AYOCByTxzwjGMZwenPa0tUoyi1Zu13d317r01qNZuq3G7ad4+dpR6XWujur6rW19/J5/Dq3TvdLOiJ9omMoEjeYXjlY7QN3LMvAAzjkADANfXumW9q/wAGfGsVvJKrHQYIxFLId0gQoG4JBKnnLbRxg5xnPwje+LooprjT2vXiaG+uHkIi+4qTMdgPAJHv69D1r6n8FeKdN1H4e+MXtdQlYr4VlhXz4yEWVdp+XIKglgcMPb5jggUo1ZUa0ItSXJzPZXSkmmlvZdVffs9ESrVPaQlyWXMtmn5vZt23fZNnOfAfwiL+LW9Qmt1cQajFHvjXcxTOGRMA4O3GWJ4OTxjFfcfxLsdJ0f4K+JX03SPLd/DrG5kkUhlfAAlzjcex2k5z2r5f/ZU8WeFtD8Ma2ut6okV3e6gxkVo2eRY3LBZIxt3KASQwAznoPT2H41ePLC9+G/izSNKvp7tm0wIX8iRIhbkhg2WGBwcFfUcYzXzn1nMJYhUOWpDCxl7zVlG/MtW0rS69U+nTT66nTwUcvVVqEsRKLUkknJO+l2mrW9dNuxy//BOK/wBS8RfGyz0TUdR1ZNEk0i5S5tLK8lgilCLugOxCCvJyxXGRx3r6d/4KG2P/AAjPg7TbbTrjUrYaj4jkLQzTzPaypEf3bhXLI20AA5zk8nqa+K/+Cf3jvQfAvxostX8SagtjZSaTLbpclcIs7KFjQkdNz5UnjIIBU8V9s/8ABRnx74e8ZeB/Bb6RqNhe3MGryPNDA6u0MDg/PJjIywIIA68dCAa8XGYXEyz3DVYwnOknGUpqF4WSSblJp+8t9Xftserg8ZSXDuKw8mvay5lH3kmtYeV27J+vkfIX7EVlrGtP45B17xJp2mpewC6stIup7aO5JZ1LMEZB8uQe/U8NgCvYf2i9Ga1utOb+2fEFxDH4T8Rsq6hdy3AQpbhfLVGLY3gDe2ASAG5yRXmH7GvxC8KfD/T/ABrJrWsQ2lxfakjJFKMh4ckkqTnv0HAHOeBgd3+0F8Q/Dvi2a1bRdQhkig8L6+s00cbhB9ptwI0dm+RWfkA57Z967/YunmUaqi5qSd3y6K/ImlK3nq7+SMKdeLySFJtwnHonZuLlF3XTXd900z86fANnHF4x0N7e1kdDfWrXDHIUSeeGLZITI5yTgjj0r3n9ti5M/j3wdEE3KnhizO1c5yqAYLDOCccHua8w8HXei2l/pMr6gsNwlxaKsRwWZllJ+YjnAB+UnnuTnOfSv2tHWfx94PQSxATeFLSUuPl+RkLDaTjJIPHPJz2PPq2lOStTezu+VK6tFcum22mlnrZanm1pWwUqcHzc84XWmmsO2/mm909NdPjTxbtmjtbeWN4ndPMMskrks4QBFOSABjAG30wcAA1i6hbpF4bi2xByLpFLsSQ/AwVyMdyT1z0yOg2fGOl3c1xbAum6GNCwyWUqxIUgHIJ2n5gc9+3NZ2swXUmgInlBY4JE+bBUOSAMoOAcHJOST0yemeOrTqqTcYvRr7MU3flbs7eV27Jq611duLD+4lpFvmTst2/durcrUWt2tG7WV7JnGvI0tnKzAIEYLwpUkKMAEjjG3PqeevrSsWWNZXOHYuSqnIIDBhnJH4Egcg5GK6S4tkfRpmQFWGwAKc7nwN55PORwSCSD04JzxywSkhySoXO4Hk5xsXocYKjGF43YJyemEoyupNbbvySSvbpa7tpvrrc7nVei92UvW1kkld623evknZq5pTNH9m3Y3ZkIA/h4JBwBnIPY8+m7OM4jOd2MZByQBkcHPAz0K9T/AHuCowcVqyIwsckHKv8AeJILAEjIBIP+J7ZJrLY5BOeVyFYA8hiQBng4xwCQcZ65Nb04xcV5a80dG17r3aS3VtrvtuZucrpWiua1+XRe8k97X7p6rXzSNDRXePU7Mh9gjvbZs4y27zRzyoxnPJBA5b+9x9Y/FyUS3mhsxEqtolqX+6ScomQMHPXGcdc84618q6TGHureRlPyXVvypzk+YOcEjI7YA6noRX1P8RY5Zp9AgWHJbRrYB1A3FVjUlsc4xxn68dBnKrBqKbk7bx22000s2notU0kla3S4RTu+aUb2ta+jezVktHe1u3RNHI6bAWgZ1j2qAiqzHI+g3cbvcDJ5989/qASTw3LGgLzCFRtbggHBJyCQQcDqMEjgcYrL0WJX0cExhpI7qGAI4ABywGQ2OTnO75iuB0Ar1zUNCg0zSVMvzXN5Z+Z5TKrhiQDGsewkYAbb2PQjqK82o4O6d9nfTe9ndO70utNHJpbrRHR7PkUZSqSsknKzbvdrW3NZWdv1ueZ/D+9utP0q7LiTZFc+aqRKQwKkghXI5GCeuee/TH0Da+MIdS8PfYIop1luLaaPMkYDohUksrAAnnA9Mg56k1wnhe00y9sJbRont541bKJkbptpIfbkEBQOR0ySTnjF3wveTSatI21Y7SyiltJWkULIDtYbxGVyOe5Azya+bxrVGftHCbbnG3uyd7tXdtHZXS6LRvrY97A0aWMjyQqxjyQUpqTaUneL195JNJWS176WOZ0xDbmzjUzbreWYNuG5QAxznIUBSO5z8wPGQKo3d1JFrjSybUFyjQ4QKG2qMA5OOwXAH58gHrlltgZ0SVjI8sqx7ox8y7j8wzgkYJGPQHlTisoNZrrEH2q1+0CPy0yseFOd2T052cBhnGQe447sVJTw0bpx5oqW+9lG6+09duln6s5aFOPtXFNNKSSldv4FFX0crrtsn3ucnqOsx2KPZu8kySysWK7W4Azjq2044x8pb04Oc228Su08UUIcwrMiqJVQLjICryM4GR9Tk44xXsGo+A9P1F7a4jihWMq0hjhfEqlsZBTIxyST2x6/eHn914XgstZW3gfKLcxqBJjapJHDMCA568YxyQcnr89TqQUrpNvs9Hok9dE9Gl1+9HoujLRKpZK1kmt2l10dk3bq729CHWx5tzbk5ZSvz4yoJIBJPTpnGckD65xnrARBIgQFlzt3NkAEnPzDgD1zyc4969M13wpcSBZk8pUjtzIArhchUO7kE9Tk9cYPQcGuUsNJnEW4kBHLRtghyu0HBb5cjODuwTjr8pPPRTlCa6Rto12bSstX0ulsthzXs7Lmv8NtbtaxVkn15pKz+enXB0yJ1uoVmVijlBIhYdC2c8/dHYHpxzyQTv8AirSEW2tmhAjZgQozn8FxgEknOMZ9qmtPDt0buKZgoDOAMyYJVc++C3TjgkkYJHI6HWrTNtG20hYg6ox+YE4Lc5BPXnrgcAcnFZ1Lqyirq2tmmvsu++y73W920bpv2ckldtb3s1dK72ajZJPo12SseP2NpNDeiMlgGOwAHJZmGCcdSBngHJAJ+g7TVrBYtHsgjGSYTYYtndglsggchRgcn1bvyYLO2L3cd0dv7kh2C9OCFQkuAdzcgcD6kV1+u2P2W0tp5ImR23SMzOCrFhuUKOnPB4z74IyMudu0Wt30vZ3tyvu9Vre7/IKDkrqS2sovTVPlsl0VnHyffscppLN9mkHlgMeHLZ7/AJkkAg//AFt2P2w/4J5+J9LsfhjrelX81oZ7zV5rf/SHgiWOOaAKWPndVCgryBkdBzg/inCSLZXUBPMf51yM4YnJIUdFAzknOcdM4r9bP2FvgdonxO+GPjXX77VtRtZNIa7t7W2s53i3Sx2jSieTDAEZG0DrjJHrXFmWF+sUI007Sc4u+3MuayVr9U3e7vda+ftZNiXQxjkkmlSevde7Z23WnKnfz63PoHwFJ4Z/4SX4lC+isGabxVo0ekCOKJZJbGO/SG5aCQrjyMIxPlkKepzyTxP7e+h6TNf6LZW0MMejLqEF2zp5BKqtshdFkQHIIBIGRg+5GPB9Btr9dZ0V7e5mJl8QyaEh8+V3C2l8yCSUhjiTKlixLEY5OMmrv7XVvq7eEbbTY7y7vtSi1iTMokeWV4DbYCx8kjYflB+6QuBgk4zq5FUhQ9rdwbjTiuXRtJJqz29+L19F00PWWdwq88JKFSMJSST+Gz15d3ZNXXTRbPc+cfDjaLDbapAk0E9tdrIbdVMZKxIxUKxXB3Egjnnk4GOFg8ReH9NkfTALeB0NgxVwANjdSM464G3qCNuR7eReE9P1bRo7pLm3uXYWpYM0cm2Pcd23acqHOfUA5HzEA16bqOs7rDRiRIJZbWRJSyNiHaCNpGCNzDjIGDghiT17ctwkqcbVHOSioyvLW13HR31cVJ9bd+h4WLxcKy5VGMJN3ShtvFOzstLtXe22u52Gh2tjH4dmge3RYYbCUsVRGVmBPBJBPJ7ZyM556t5D4d1HR7nxLYRyFY4Yb4RMrRoC4aQNxxzgggZ69cgg1uXGt3FtobWdvITLdwSRlwxAQksfmBP8XPoCemSRjyTTrWW31ESyEvcRvHcK+GwXXnJK9GwOcZOcgsM5HTiaShXo1FFtJRsrKz+GSjfpslro7fJcsMTejKna0lo77Wai0m09HZKzs7+dz7G1i9s7x9YiEEDwwWsaxYjj5YZAbcFzx6cg7eMEHHPa54mttPGmRBYUeLSfmLhMHcoAwOD1yM5HIOcd/ME8QSuJ4VnlD3EKpISrYBJUdcA45ABPTjODWTrthfajLBdeeWW2gFuwYM27avsozkkEjOB0PescwpRxNvcvzLmdrK1mrddHt0v2t0vA16tB8yfMrtNtpWTafe/TTfRO97nW2ms2eowzyuYzMVd1+dSgEZzwh4Knndx0I9chum3FjLperiaBDdyt5sI+RuSGwIs/N0PJBA4zjgV5jp2garc6lDYtMIEuEkw/zJGinOCxJG7kHCjGOnPNdl/wj8uk2lpE18Zrm5ll8uQFvLRVB/duQfv9sDjjdyBXy9XA1HLlSldpLR6Nu11ay2Tun127Hv4fMLwXPF635paWTaiktbN6O6a03e7Z6F4f8Lz3PgvUNemieNLAuUkCKVcgMZCxAz8vH3TwDk9AKxfCt5YaleQ2gjR3WKSSVX2qGYksuMjAGByB97mvRPAfi6wtPAOseGb2dtxjusq6EpI7YVV385JJO0c4zhRwuPAIJW0fWRcxvtBgCgxghgrM3UMeM54wOmcYw1efXwatKLTbTd2/PlbS0s1ZWv8ALW136UMbFpN6ptXbV76wvu/5Ulu0tfl7brVzYQaddEW4WSOAIpQLhJM7QwI+XGF7ZIHUniuX0q1t7i+0h5X82C5nWO5CumPJA3FB1xx0xg9ABgg1nXlzHqGlzxm+G6WF2kRsq29RlTxjnPGBkk/73PL6PdytdWNpFPJ5e/duAKbJFZQfmwpOcDjOOuVyCa4Hh5uFoxacUtet/dv06v0S3d9S1iI2iuZtNRcdVdN8rezvZvRqy0fme0+NdC07S5LO60WJoYLqR0eASLkFcBiQcnBABG4HPAyKp+GfDGqeILi4tYlCPbrvZpcquwfMQSBySD/ETnngZJqn4neOJbJmllZysPybnYg4IZlGcYYrg5xn+HPJr1D4Y3pfXY2V3SKaIwrGFV0kkCjG45IOCf4jnp6EVwThXp4ecpJTlBXs3pvpe+y013au1q7HfRqxnVpxU7Rlpql15U2tkkmrt7+9y2vtymt+HdS8O3EC3eY4JMCOVSuJMggjbwRxjOWOR94fNSaXam7IXzj5PmMqNwpLn+HOCApOcHgcHA4r074nWlzDZaXPezW7y3F3MtuEJISJMgoyfdV17EcHHcA45XSxBbQorxRNGxMjBVJYMFAxjkdySATxyCDuNeZ7WcoRm6UL2u+W1ouy1kmrLmWtt1pd3uj0VGamkqkUm093y6cujTVk2uyvs76ath0tEmHmPvKr82CMKVJ5K8A9j0PPU5GA86MLiSKSOVQu/ZgEbidxGSB90YzjPBHoMivc9T8A+HNL8IaB4ri1SWa/1pJjJYBAdjAMcDqQP4s88YwMmvM9NjS5vorUJtR5GYjIAyCcNu+Xp1OMZIPB4rmpqOKjJxg17zjreKck4qyVrtXvvZO/Vst1lRnGnKouaSTsm5N83J207XSSur2sbHhbwjqmr6jBa6faXF3MWH7uJAWaJOS6jacgAHkjHGB0Jr3Ffgx4teyv78eFtWzDF5kJEJ+cDOX8sAZUsAvygcDAOAcdT+z3Zww+PLFWmdY3trq2c4BO5kbgDgDrtGOxPJ3A1+pMBVLCwWKWUodMmATyhgtDkLuByTyAec8g5689+EyKnmKabcZJ+9Fa6csUr3sl2t37tK/Ljc5eBcUoxlzKLV3rf3U1tZPZWeqeu5+H2hWU9n4pitNUt72wuYGBngngcMrfw7128e2egPPfH0giR/2dcRJKJONyjGNobAAwAcY5B5xgEdev0H8TdC0tbzV9TNlbLcS6Ykxne1iEkkxfazBtuQdpPQjjHOOvgvihre28J301ssUVwtmp3oNrg56kc4564GOpPqfjs9ySWCdeDqJpXa5VbRK3K7N66LW63dlqe7luZLHQpz5GpOzavdczsttLWTXRNPXWzT8su5WGpShUU+ZH5A6sAVOO3HzlSRnBHXsa/pR/4JcRyP8AArUTISGGphGG4Ersjxg5IGM8YbIAz/FyP5ktA1PzoZzcM0kkAimaUhT3B4PJPOOTuzgDqcn+mv8A4JS6jbal8BdTdflb+23WTcwIOxSSc4wF4PPUY/iIOfK4QwEsRm8IxSvGlWel10V72v1uklr8tD5nxOqSXDNXlXM1isPtul7SK0Vrbq1tu+5+i08bmRxznJIOc/NnOevXJx1OewIAqk0JbcMZUHJJ3HJGRznrnn+EnPGDzngdc+PPwi0nVL7SLzxfYR32n3AtryNd0ggnkZU8t2TI3KcBiQSvUkDp6dZ3FnfQW97azJPaXkMc9vOjDy5opEVo3VuSMjknkdeMcn6nEZfT+sTi6kG07yV07Wte/wA07/8AgOmp+Dyp4vCUaU8Thq9GnWinTlVpTpxnG0fgclG61TbW6/DPW3BUtjk7ueMrkHvwo4wc8AZO0cczLbqSAwyD2zx0zyQT9ev446aypCcneuAdoLMAD25OQCRgdOmfQ5p4jQblXaxbJBBVlb15U47+pIyR7DCOWUpzXK4yf8yfW8dEtGl6LVu1+ph9ZSs+WSS+G/RtRsk9L2vZa99btmP9mGcADIBI5AwB6/RsdQAQDgDFM+zFdrOQOSWYkAcEcsWOMjsS3JwcDtuCIKGZ9oRFeR3wAVRQWY4HPHPHXH14/Jj9on9qTxLrmr6x4I8JXEmj6Pp2qy20mqWTOLq8Fs21496ZZFZgDhCG+XkE4IzxOAp4TkSTm6zajCyadknrfbR7pPXS57fD+T4ziPEyw+EcKdOkozxFao7RpU5NRWiu5Nu6UVZ2V2r6n6lKsbqxSSCYDJYpKshUN8oBCk84BPI54I9vPfE/xQ8IeDtVg0jWbqQXlzF53lwRNL5ChespQMQWwRwAcg+zH8g/DHxS+JGjLmz8R6wI7352klmnlCAZ4G5mwCCDnjB44r0Pw94s1fXGlvtYvJr+9XKte3LZlGc4RQ5ydozjHAOQCBwdMDlKxU4wqU3S1u0k/e+FuNrLSS05ntrvpb62fA/1OpN4vGKvQgtFRXs5uVotXvzWSXVN7pXSTR9k+M/jR4A+IFlfeBZ/7S06zvLiOCTUXAjSUKzYRd+FAcgAB+ACMnoR8t+I7Xwp4a1608O284nhuYkZL+FbaSNYiSArSxgLlVAJGc8n0rzH4lane29rbyQP5W+cmSRUxuyM5/uqxB6jkH0AOOWsZJ9U0u0vJY5ZJoYnS3cybCSuQGYE/MCc+vOQevPDnOX4bC1eSVGnVnHkaqTik1C8ZOCW17JpuV3rvrc+34cy+OXULYSpVhh613KlKfPzVPc/eXumnZWXnZddffYLXw4C8K38AxuUM0luWYsWw2DyD0xjAB4BGPl821aaTT/EL2txeW39mrLE/noEabyGI3HKZUnGBnkjA4GRnJ8OeCvF3iW6J0qwgknRiJRNKYITlcja5ZVZhzuClsE8dsclr66xpV1NYXNtC1wDJDK6sJSJIyyskJXO8KFGBk5PHJOT8xmeD5cPCosFKlCUlL2sUlFx0io+baas9FFpXaW31mXyg69aDxMZy9moyp3jzU+ZxUW43tHvsttb3R9Dw6z4Dt42SLUA7oqmTEZdjnk5yNoI4yFwCRzipI9c8MXoMdtKrlAT/pGI48dsYGSDwenGfbJ+TLq71LTls5bgSWouB5kiTII5ZIl+7hCMjtgbehB6HFdppsHiS+ia7tIoBBOq+SJikTyKw5IDEH5gCBjPPHcV8wqmFrKUI4dupDSypu6WiVm3e6aaas77rXfpeVqDjUliZck3o3KLXdPrZq3LZ3Xpc/QP4KfEHwr4JttYj1rVrNPt08b2EEJZgqA4IY5wCRjgEEc7c9a2vjr8ZtIvPCtpB4I8RS/2wl8juLEugaELlo3K4xsHBGccEd81+dFne6g86W0n2dHgkeOZg2TGQcZ25OMN05JAx6ZG9osE0g1C5kYzMiSmKVXO3cMhhtBIJCDudvGTlRx6GDxldUZYKFKnCm6coOTUvaR5mptqV/i1vZq1tHqfNYngjK6ubwzyvXq1KsatKpKj7kqE3yRhFSi4tyVknrpzJO5sXfiTxz4iaeSXXPEE8JlcgW0tywhcDBztJwg65H3c5GB0ypF1pRFLd6trwV1ClJ7y5VioIOSjvuYEAgDGTnoeK9H8DeLY/D1k0V2pltbkvvSKOE3G8nbnBGdoHUZ4LcgDps+KfFnh/WLZLSysZ1u7fZILyWOJZAmAdnAGTndnvg5H8WM3gsBUw7nLHfv1qqMoNt8r2bu+zWy638/b5pUMUqFPKqX1dyXLWp06UVFWi23FR7qySts3e6Z4ja2yRXjSvcSqu5T57FxcIzEncHyDlsknJxnvg7R7BoHjjW/Cl3b6rpevari3j8uO2upJZLVmKEZMbs6kHgjjPZe+eHk1OzlmEMlq7hmU7iiq24EdMjJ5ByQefvHJNdYlzpt1p15cXZKDSzDIkCKhMqqF3ZUDJUAY4ztz0FctKhBS5oVYJ72haLUlZ6tNJW1d9e2+pvjKdDEUlTxGEjWoyXI4SpqScZ8qilfmau1olok7+Z6xD+0p8QmaCSW8tsKrK0SW5AnBJOWG35Sd2AAAPlHXOD23/DV2tRweW3hu3d1t0Afc4UyD/loQW5G7cccZORnPI+arXxL4e1QtstZIotu1AYVUgr1IKgHPp16kk4qlctaSorwG4MSMcPszu7cYGCoBGc5PUjgYG862JhZ08RKelurT219+63bemmx87PhTh2vNRq5TTpODdnFShF3cVq4tJ3te22yaTue36h+0V8QNZhuIre6g0tZtozbxESR8cCMy/NliAfyA5xjzS61XXr67bVLrU9Wlu7kAT3YuZ4jIBl9nl7ztA5OFxwPXJGVbh5okZIv3iyoyOwRQ208Ajbwp46569+TXqWi395PHLDc2dpNHHtDuI41YKoAKYwOmCCQCefUCvLr0q1ZR56tTmlJqzc2lr0SlZXvv1ta9jthlmW5ZBPBZdhYRklF8sIKUkkvilJSblsrPTTex54UnkkaQ3NwzyYMku+Us2efmYkFunQ4PHPOMfVXwk+KXjHUNU8O+DRBbSafCqwTTlJGuWtkGA29h1TbgkjpjPIWuFP8AY4i8xdMhZVVSwBj4OCT8x9PmU85yxxnkHvfhBrPh2Dx3pS29mLee53wLM8i7A7gnYmeCCQcKvIOBzk1tluXunjsK1jo0VVrUqc2m4tpzhdX0vd6K9r9WfN8SOhicpxk6mVqtPDYarUouUE/ZVIwtzrlS1jfZ3dk9D7Re2LAkKzd8nIGR3HIOTg4IxnscGoZbd0UlslQpOc8qFHPPIOAOm7HPAwcnphETlcAHgHK7uCSxO09jznHABHamyxJsZWwFKSBtxBG0o6tgnAG7nOBjjPJNfrUuHoVveU7S3bcfJXlvba+mjd1Y/m2njZe0Ss7Xja2l9Yq6st92nbfZvQ8Gv/ix4Jsnmil1hWkgkaGXETfJIrbSowD8oyFPXsM9ayNV+MXhOLS7u60rVLae9iif7PBIrBnlC9SCQSOT2BHQEngfDXxKuDp/jbxJBZoWjGrThFEiqiqSGwQSFOM5yRnbgAiuKGq3ts4uIrOMYBUqHDF2OckIzYIGeM9hu4PX8qxOYYqlXq0oUo2hOpT9pyNWUZcqqRs993bXTXff+hMD4eZRXwmDxTxGJk6lOjWdOcqSUlJU5uLtG/K9Fe+iTTufTkv7QXiRfPuoNQt5mjwPsclttjyzgFVYBTwOBnI9z27fxH8ZfENzpmkr4ft7a31C7s0kvJd4do3Kgkqo5A+XIDAkcAAYIPxdDql/eNBAbFAonjkuHSIsywl/3m7YoA2DnHUDOcEEV6/rN/pmjaNc+ItNuLYLaWUSQ224SSSOVwwCnc4IbOQcYzlhkZPXl1LEYnD4pzxNS6jGScpPmd25N007y0UbNReraS0PTzDhnJKVbA8mX0HUU5xcYJOnK6goKooySaV+a8k9et9TrfH/AMQvG17p3hz7LezWccsDJey2kgVrq5UgMXAIKIpGewHTIAAPpPwL8Y6pfJrFt4h1r7U9uUNot0+1goA3BGcqWAVQc9W5wcV8c6d47v8AV4keaa32lW8i3RSfL4BJCkEhsn7oHX5Qo5xMfFV7BI80cM8LxDDSlJYlBPByqDHPBBbHG7r81ePUhVjjVioqpVpq16cuZczUIxbej7OSvpe17noYrhPC1snnlf1fC4arKfOsRCFNzT9op2TdpP3bxXvJWdtLH6NWXxZ8D3V7PYJrEa3FsxSVpY2REKNtIDkBWyTtDKTnjHUGvQIryzlg+1pcRGDyjN5jOoXyNqtvAJztwTluSSe2BX5P2Xia4tdQa8ha2nupUZZEdSV+f5jhMH7pyMDvxznA9SHxe8YXNhHAZLJoEtzA0cOQzxYKhCFOApAwD3x09PXwmMpxT+sQ5XtTVODd3dW5nzuNrO+qXe99D47MvDB81BZdiGotRVd4ipCy2UnTil5t2u0tm73v9s2XxV8E32qS6PDq0JnjR2aUgiFthIcByMYB6cngZPSvJPjZ471u0uNHg8FavFGJAWuWhYNknhdzliqg9lyueg7V8y2XiK4t7Xzjp9hbvNIxeV8eYA5yQGOCMkngZGSDkEEV0DaloVzHEL1Zw00YkeaKUKMJuB2gnAKnpjkAE44q51Z42j9XblBSlGTqU4zpyjFOMuTmb0Vou8mtelzrwvAuX5RmGHxiVTE06cXB0K0KdenUm4JNpNRW/wAKs7NK6b1PUvh78XfGVpq9rZeLnivLOeX7OJECI9u2MLI8owhX1HXLcZ7fRGu/ETQNFgJuryFZ5YHmtowzNvdEyoJ6AE4PYcjdkZz+bl74o0C0vWit7TVZQ1wVt7gzMNzqVwCckEEjsMYwMEAVd1v4ja4YzaXOl28Zgg8mGSfM1wIpUAQnGSpwchi2eCQcit6U5YajKnCu6t2lCU1OpOOiUk33/ld7Jp6aNLfMeB8FmWPw+IhhlhIOK9tSpqNGM+WzTjHWztvZO9+lmfRNn+0vdRau0OowWstgkkgkW2VzMqqWVFVj8jFgoLehHB4AP0L4N+J/hbxtNLZabcN9qjtxcTRTgQiOIjOd/AJHJIGOACff8n5b5Hy88RZ3yS0D7SGJ3bWUHPy8DPOfu4BIrb0Dx9qOhteC1tHR7lBbiRWnjkRB2DgZbqCeSByfetMLiZ0qlP2tV1KMpfvIyjeSS5Y2UrNx107XSdjozTw9yvG0JxwVGWDxMIRjTlGadOUkoO849WlbWLV736n61aj4i0PS1j+26xYWjyMEjSS4jyykkZUqxJABG7jjGGxkEGneMfDWpG4FnrNm5tPknJmjRQ2MKFLMCVJHUcDOckcn8orzx2bq3E2oWF1c/ZBgNLNOxDMwLYJPGewIAyAeetc9a/ESJHuI49NvY1CPMximnUNGh5Ep3YHygg4J2noeRXqwxGHVSPs4RUZL4bybslFK8raa6tNWslrY+cXhglRlz42q60UmpRhTUHJNNqzmpJWve8t3rro/2jgMFzEHgljuFIBJjkVlOckZKHbgjpwcDGT0zMIRhcD5ifnDHnA3dDk+mDyM9McjP57fAj41anp2ganIbdLuOXUoUtGurh5mSJ1Ysp3FsCMHb1A4xhhxX1j4I+KNx4m1620me0tUS4SRlmiY7kZQSEIIAPQ8Y5PXg8fU4PJq2LwccbTjH2bXNpJPqk27JLTl0eyVr7HwGc8N5hlOIxVNx9rRwvvOpzJSlFRjJyUdVonZ632Wh6zzhgBgAYJA+9g8D2JHvgDGMd/m/wCOnjD+yo5PDM0IS31TTpZo7hbh4ZluFIVAjhtwAJBIyFI4BzX1E0KMclTk54BAGeRnGck5A68g/McdB8HftW2rP4p0PaBsGlyMVLHAYOMYC9AD3HsScYzt/Z1RRg0nb2kINJKzU+VOLT3TV1tfTS+4+DY0MXn2Hp1opxjTq1op7KdNKUHbTZ9LNfceE+EPGvizwZf3Oqw6wLqWIGA29zdPPBs3EKCkjsAQeD15PGcYr0PxP488YePtB/s6+vLaOzulEjQwEJ86kHJdcYGexznGF718uzWaTXF2LyWdNjAJFbljvPP3gS2Qc85xkkHAI49r0O9tINMsoY1nQCMAiSPLswwN5O0nvzu4HpxX0+TYCnerTqQfs1GyTbvKV4pu19UuutuyfX9czjDYWFTD46nRw88QpK1RUYKcXFx5ZLpdaWb/AOAt/wALePtS8Badc6Aun2V/BdlfNmkSQsNuMsZByVzjvjg8HIA7zxH4p1/xH8EvGN3rdtALSWOSPT5IxueKCIcIDk/KoPGRkA9QcA+Aave3kl9cRJbO8AUgHIUkEEjGDkFgueQCT65OPoDa0v7OWsrOhj32l46RHkjkc5Kg527sf7Pc9K9vEYepXy3HYelUlCjRwWIcYLays3B7XT3jdNprSz0fgYyOGji8DiqlCnKvWx+FXtmpKd+aD913tf3Vr1s76Ox+Vmr3NkzSglcS6eYg2GLb4D8w4A68846A45ytc74W1qw/4WH8MU85Q3/CW2LoqocAGUIFyM5J25O7juQelW/FNzLBf2MEMQKyxXQjOFG9XT5WJAGCCSeQCMYHAIrgvCHmH4t/C2JoVTPinTAoAB3YnbcTjIG7P06jOTmvyHC0XCVKS15asWpW1i7wa381pa17NWR+j1XGdDEQ1S9hUWtrSvTd9VfRtvVq1l3uVv2j/EEI/af1WUSldmvAsSDwEijBxkLxnBOcEDgZzgfPureILS68Raq5uN23U3wmCQ+XXdwTyBwRyfXnFe2ftM2Kt+1Fry7VCJ4hZWXGAcRR4B4GOBy3OMHqSK+bJ7BH8TakI4M7NTmEeOgCkHBzj5e46jqME8V7ypyqSrVJU04OVRymm7tuSequtdrv7325MJKEKWEhzpWwtGEYW95Rsntt5b69XZnpeq+KrTdc2EcoVJm05tqwhlDROCdz4yT3+XByc45wO3XxPpSw3jiVUee0dWeSPBDJECMY4Jzx0wRjpyK8f1LSrlEu55IQAtzYR78HeWldQpyoxyTyORgAex7LV/Dd3psEaXISOaSzll2NyXV7ZWU5xnJGA2Bx6jnPZh4KlQppJ801peSa3jK666O9mv8ANqKvs51373w2unZ3ls/PS+yfl0N34Yazp9xfazMbws40C8hfKHAVgy4I5+UgZBbjjGcDB890a8sR8R9K1GG7B86WKJGxj5opNpBB5wSMjOT7465vwxkeKTxJjORo9yu4AgEbmGSwztwx68D+82Mk8z4Rs7mbxVpUmzcltqqM7nLLtkZTg5yACfXgkHnJr06L96vFU+dunTUpNtyvyq63Vr9lbe9u3NKEE027RsrK2kXyq9ndaJXvbz3tp9PfG2/t5PDOn3Ml0yk6mSSQTkBhgDuAQPl2465ycVX+CviOC78c6ffW8juLGwW2fcoY5fEWcgABcEN+I5HOcX422z/8IZZEBQx1SQbcHcp5YDngcD5Tz9eavfsyWcE+s6q06fcjtSsiAZBLKSDnOO54zjI5J5HCnaClKErRduV3dvPVva17aJtJbIicV9Xk043tbbRydt097W+Tdl2fzx8a72OT4ia4XlVVHidyAwIYgIeW9Bndlu/fjkfPvje6VNYiKsCoi3EqCQAxBBzjqRyODz9RX0d8a44rbxnrU8CRHf4plTdKqytheArBu2RtJx97jk8H5y8fa4q6qFRIEKxoHLwxkZxu443EEgt3wSRnPWKsHOpFpNtqyu4vRxXazXa297Wv09DBSgox912UbuzS1tHVLW7vbTXc/VT/AIJ8XSWnwV/aduw5fPge9QBlIK7rQ5zwOSep4xztHGa/Iqazup9Lv77ZK+29niQpGxU+ZK7MOBknPJycg4Ofu7f1X/YmvZV/Zh/aW1rMaA6BPbqUAjUF7IkKSuCcjIAPToQa/MO0v7mHwW0kUqo7akSykbsCQsSe+eemeh9gK87I6UVjsfed1TqRgld+67OTUWuju7Ly+/jUKjxePmuWKq16CVru9qNK7va97rp66M4O0sbhpfMazmRV2jasT5OeCM7eAM5OSQwHYDFevfG+1A0v4dCMSR58PEvtiZiTkZzkEjvuP3eTzgAnk7HW72WAIk6yOJCWAjRd2TjI+Ukjtjnvj0Hp3xj1S4tbTwSqBR53h3eTOqMAxCKSikEjkdBnHJAz0+rk9Y2srtvV3vorbrr5vvddDSNGXt4NxWz+1e3uw8l0V1vdr7vnKztHkBYJIwMEi/6lslgGOflAXb0IwQe4AOK9v+MLmD4f/CwsjMD4euY8JG+4EOMgKR8vBwQOe5HSsHwj4g1AxtEfsLIIZlDPBGGDEHcVLDsOBuJGCeTXo/xqvZp/Cnw9igWASLol28i+WmwAucsi44z1xtA6dsZdGCftJOV+VN7rvDRrbbVX0be2tk5turQjZp87V5PV+7Htpq0+97300PkKwNquDHHIXPLPIrng5DKMdGByAvUcY4PP0P4hjiH7PGkTANGsviSZcMjAtgjLDIB2gDHJGATzkq1eK29ze+UMJEOcMTABgD7uDswcjr29zX0H4j1eRvgDoimKMSHxFKhBhCqEGApQbSQSSQ3HJ4wSQB24WcIya+G8LO/m1/ds7u176bE4hNOk1ZpzTaj6Lzku2ll3Z8cSqhPlJyrNuYbHKkDB5wM4/u9wR0Oa+g/hDPCfhl8X4pJdqvaWWMxkLuVn4HHQHjGM54xjOfJBd3bT+XGsJcqqt+5RSvcn5lxgjJ5PJAB4ww92+HE0qfDn4rMy24ktLOzZUECFXZiwyygbTzgAEDHPrluylSpNuSld22btq1DSyu2+tuj2s9uLESdlol78LWstpRfnp5ab/I+a4rG5uJd5mjCqiAKHCsVA4G046+65POcmvQvh9Zzw+LdBdgqp9qmYbCWYny+BkZwTz6j3yRXHf2pdrAJtloJGZS2IkLKMDIxtIwPQjJ6nuteofDme6n8U6MJTCIHeRiI4gp3rHwAVXO7PcYU7upwTWtClCNWD5VzK1/O/K02tfvte/TXQxMr4eai48zhd+TaXROWi3vq7d0iX/TbTU5/9CmuLeO6vLjISUlZvOfaAwGARw2QMDK56GvWNO+InxUub3w813qvji+0y2lWSDT1nuzYWKx7UU8t5ZiUDDFsgAKMjFeQavfa3G+orBemOJNSufLVAWkUGZyQQOTnockEjB4Br16x+IHiT+ytJS1kntxaWAt7hdkYS4VyAeW55HDbhk4A4PNetDCYWvUjLEUqc3Td4c8VLl1SduZXvb5W8jxaqqxpp0rNpaX6P3U3to9GlfyfTXU8W/tBfEz4T+MNQvfAPi+68LXWq2drNeX5llSe7Z9pdJQSqSANkBsALgZ6g15b8QP2mPjj8T7P7P4n+Kdv4ggRd729ze7UMqYMRCLIA8iHnc3TkHBwK5n4yXsV54jaO7t/tUaaRZyNFL5edzsu5V5yASfug8gegNeG22m6XB5Jh0SNJJ/MmyXywyeDtOBwAvAIHpg4FU8vyx46Nf6hQlWj7PlruiuZNWVlLle2i6aNa2dzijRrxoRqOoo1FBRaafNokrczhJtXS3adk7ps+itQ8V+JdNufhn4l1e3l8QXfh2az1m7RnLRyRWFwJ0ihKhnIkRAowM8Yznivvn4Nft5fDfw0nj2Lxf4f1WzfxZrEfiK2ntbBbsaSiWywyWCyMjyAORlQSE3FQcV+ZfxRvJo7PwbDZzPZMdKAKKzhSRGBh9h7DJPXBxn0Pi2mWmuSPKkPiN1iuWZbhZXPQn7o3nJ5A2kdTx3GO7H5ZgcXOFPFQk4ci0i7RezV72SunazvbdapJ+RSo1q1KMlLVTcXJaS3umr6ySu76tX1TWx9v/tc/FDwv4/sI/F/hA6snhyz1ZbizN/aNBdTSTKolwAqqqq+4qFwpABGCTj4t8I/FjTvDNjfQO2qm91C8W+hmEDO0EkbgoVZlJHTjn5snp26/xvf6pZ/COx0vUdUkuDDrDCHMYw0O0Yj3EfMvGdp3ED24HHaJYXGo6ZBqCJYStHEEijaA52qpGWZVAByCeoA64J6b0HSwVKnTo+7Sg1GC5k2kuW8Xu3ouqb3e9zaGCU4SjUjGUk27uzTfup3ad09la2u6R9eeFv2gV8W/D/xrZnT7m3XQNBjN/qHlxCfUPPulZmdMea7Jk9sAA+nG7+0X8evgrqvwG+FOl+BfE1zrPifw9qdjca14dSyaO7sIjZj7ZN9pMYwhlLLhSAOinBIHgnhaxj0n4e/FCSeCCK6udGhkMkD7iw80EgBSSADnoOO/Tn47s9X0+G7KnRWmmu/LRpVlYNLCDg/U87jzjaMZCg16uGqpwk3GNmlG6fvR0i77N31ino07vZo8+tl0OZWny+zmpWSTUvdjFKV4u6tbor3vpdW+7/gj+154e8OX1v4E0vw7quo6drzald3C3Uio0d59mm+YysoYomSSc598c1514f8A2k18G6dr2m+H9Ot2v7vxdd6xPNq0qvApEzp5dsVIlWIB9rBWw4BIHGR598LvDOnT/EK0mttPMK29hqE8R835YpGspmcOAeehxj0zn08B1zSxealqMv2m0tzb3t6nlltu4ic/NgYBzgFm9sH+EGMRhaGIpqnWp8ym7yUvestH1ejj020d/Mugo0qlRQir8ilyx0cpXtpbtZ77X9T7/k/a98ZeJ57Hw7JpfhqK01mdbJ3thK0kSzxmKaSPJILnJI6nGOcYFfCXibTrC38ealYvqXkCHV7pArIcbUmDNufAwSwK7WyegJyOOr8FaAtvrnhi7F3bXDR6nbswhLOI9xGANuOSTjp97tjmuU8WaZp178UfEEV/dGGVtbulkLllUKZAQxJ+XLEDIYAeuD93uw+AwmFwE1QhGmnUimlG17pO7tf5S2d767GbqVHjYRaunRjLXde8tLt7u/WWrttex0GvWGmz3MEx1iQNNEiJGI2KhQRtO5R8oK5IIOM4xnmu/wDjRFA58AWv9piBo/ClsI3eMgBDGMkEgEkjBzuHTPIGKwZ/CXhpFtZf7RuSI7cEv56lCVGQuCwwAcYHTHtljb+NcNpLqPgtZJVCQeE7NUWZ+VUINrnGQQwxxknJGM81zUqagm1JtdNFdpKOistfPrq7apnW6ylOCu3Zu7d1d+773r09e+x4tPDZSY2+IkYQoRIhiYl2wR14OQehyGwF4wK+rkkDfs5eGCL9PKTxLdF53TapZT8qFjySp6ZGTu5xivmhfDOiPFFKZFUzDMr+egQkDqQGL7CcY53YznPb6Ju7e2h/Z80awZ0W0h8SSuJFLGMEscegOR945B4xnPTphSUovZJ7qy30V/RddtrXOevWUK1Jbrnsr63bira+XSytdadj5wlke41G5uBeWJCsw+d9jMuRjO0k/Uj6AcV9C/DPy5PAnxXkt7iJkbwqVmeM+ZhyAPujO3uD15PPDDPzVJYaak8nnLATcuyo8c3yqpYAMQWDEAfMcDoSOcV9B/C02Wi+EfirbWiwmGbw4pmZWeQOmM4QnOS3Kkjdgkc4bIvBUKUq8ZPeOi1Se1ktH2tf9bixdepCm5PW7jdptvVxst1a6u27bPyR8RyW0VytwGuG2xDCAlkTOTliQAMjgY4x3Dda+h/2XpvsHxEWUzmONPDeuI8r8oxa2OFUHo3cY6n/AGc58wWTSXkSWTTCsJjw7Mx2Ox7kbiMZ6gjgHAIr1L4J6ZFN8QZJYoHgtX0LVpEHmcBfs5yfl47Zxxg44zg171HDU19tXadlJXT1i72S+V9bWvfa/i4rFqMNYWd1qla93Fpt2S1f2tk76HiF1CLzWtbllu1jH9p37RKpVPvXMvOTg578ccEqOub2nmS2vbL7OZJdmoWZDkM4DCZcHH3SSDgjgcn1ybtx4ZW51G5y8EazX12A5lZXKm4fGSxwrHGBnGPautstAt9KuLDc0jRrf2XlMXUq8nnLu3BWxjHUnJzxwCK9WnhaXJdyTaau15pWVrprR6bp3W55dbGVY3Xs248rvNbLROzWjs09X5p9D6M+KHiZdT8VNFdas1pPHoml2qhiYY/+PSBd8vIICscgYDdgeAT4pqmrT6Zp8sFx4pt5EvGKQGCcuVkIARmYsTtB5I445+vT/HC9trTxZqJlijnk/s3TOBhRsW0iYhSAAT/AQDnB4GTk/M+r6jaaibURaWsccbhR8+35zzvYknA75PXnOMVxYjA4dqTqJSvdOPK72fKm9no0lfbvbY0wWNnyQ5fdlHXmUbrRxT/mTTT1V10emx+kHxl+Lvizx5+yv8CPg7rXjLTP7B8O3d9ftdKrQyrI8jLGrSg4lCADKliRyMjv8ZD4c2MQ8g/EnRGe8DOhdxIFLHA3lyxBCdcFcnIUY4PZfF2dtP8Agl8GB5NrESL5jKqZWZTI5w7jOSowp5J/ImvlmS8uJczILVvNIVDtHy5O0YBU7MqWIzjA478eZkeXYXLoVo4OnGjTnWqVeWnBL3pSSk5N6tvVXbS6rTU9HF4iripU+b3nFRT0aXLZRurvdpW1e7vdo+uPCmm6Z4M+Gfj5ZPEtnrlstxbS3l1YReYbfDBRHGmwklyAcehyei14fffFTQTb3FvayX00hQ+S5tSCBtKfNhMkjaQcY79Bk13nw+hmPwb+KCeTBFvmsmmnI+9llJYDnI6YPzDhs47/ADq8qWzND9rtwSirHHsQ4DKAQGYE9STk5IyQDxX0OArzjKpGdSUoqaSTaUVpHbstb9Xf1PFxuHjLkfJqrSTV99NdGr7aLTVvayv9afs5/Gfxromn+OPCPh/xnrGl+H7/AEO/1fUdNtE8oXF4sDosrnaGBWMhBkk4zzhhj4b1iG21XULy9n15IJbi6uZbhJG/ePJJM5d5DkZkYneSxJznI5AP1F8CIYTqnjFNiGV/CN+TLEzMTmJ+TgbQAWBIHA29RXzmmnaa08ytZQT5lnM77wxJEp4AZjhvbuD14zXRh6WHhiK06NKMKk3CVSSUbzej1aV31TXW+u6ZwzddU4qpJyULRim9vdi76Jyt3W6V7vQTwzptlaeI/DyQaykzLq+msAcnzibuI/LuJUHOB8vzY5IwOfW/2i9F0q7+KutXOo6rJaO9jpiDYjFS5t0IGRyQCMsQS3fk5B47w5baQfEmghdL8uSLVdNMbg/IjfaYQBtXkkHkDgZQ9RX0B8ZbrTl+I+rpqelW148EGmONwXKBYUKqFfBfPTJOD1YgdeicpQtJTtK6SSsuzdrpvbV91ZW78sb1JcsqfNFLRbJNNWWru10tt5HxLcaH4diiuY01uZZlDsWaJ8BQDyMjcSScqQfruAwPq3xgtnN8DfgzA2si3htX1A27SIcSOkgIdgc/Ic+vHBw26uC8ZX2g37h7Lw/awySQlJgqRjagQ4GADhu+7knGD1xXqXxKtrGb4NfB21+wRGUQan5MSkIMGUkb8nkjHJzgc89q35pVFScpydmuqe8VLVd9Vd2bTWhLdOlNp00k3yqzWt+WSaW97adU9r7nzuILMZkbxVFG0sjCTywI0ycYB5wV4XI5wcjtmvpX9mY2tjqHxKk/4SWLUt3gvUYyoPFshjAJJBOeSo5Axngg5z84WvhfTZLPEunFZ1WRmIcFNwyNhOMk5ONvA4HQZr2D9nTTpbF/ilvsY4Xk8FajtYFsN8nyknHfBzzgA565J0rxpxo80ZSlJ2VnFpJ3WjSu79brR7tPcypuMq6sldS3s+ydt7K/o+jV+nC6Cwi02+gj8U2IhnmvCsJOGjDSv87HuRz3yT/wHFOwjitbywT/AISLTmghvbOQxx7mM0hnQ4K/dDE9wu09wTiuM8M6Vp1zp88twgjZJrxriZZBvaMSvnCEgYz14xgA8DJqCy06zluLS7t0iaFNStERldnZ2S4U7ioJCkj7o4OR36jenKu6afK+RNJNWSSSjs79NE7a33RNaEU0+VOWt9U7PS9tbPS192tm+p9KfFnUrM+OLsza3bWJfTbKdrdo3HmYgT7nA6DnKk7jksehrzGG+sWVZl8VWhWOXIjjBJZRz5bjvnA4LdfU10vxd0a0ufGEuozrFKTo2m2+15NoQtEAGUE4IGfmXuQuFBJNeWaT4PtrOGdrg2jQTSZJDMzQg7iWDKcZAJxkgDBPciuyLq/VpOUnZwald30aV7atvXe92zj5EqsGou11rdJJrld9GrJuy7J7ef8ARV8SvGVj4h/4I26HePfrNDpfiHSNPVo03MrW87ncwx8uOMFjxyBjof577vxBpk8BjGro8O2IHzeAZDtBwABxnGMjnrnjFfvbYaVa3f8AwRj8R20UNvLBp/iiF4pcBlBicEFxxjlgSTjjJ69P56NT0a3SzEkVvA5CwMWRcqSyoPLGCQMcZ5HbGBkV+a+GlJxXEkGrxpZ9jNL62lJS1teyV9npax7fFXspvLnzOLeEpyvttCLb10a36aOz3Z0QvdDUKF1KBk27nJdlDsQM87gOmSM9jjqK6vTbDwncrDc3Wr6eiCGVgnmMJBOq5iJ55O5eAflJ9RwOMtfhzNLpovLp7eMSoJFVSAwV8FAwbDd85XLEZGAOvK/8Izdp5zpCpS1EkkSh2y+zpgEklOQe2Rn8PvcTglWcpKUqb392OsWnB27pNKXT5I+fw2KpQnTV+bonZt3Uobtu92rdE7+iRieJJY7jVLu6Rw0XmMGUlj8oYhWBycjAVuSV3fKvJr0f4fX9g3gnxpHdXSWzRvbyWqkDdMynodwBwO5BByBk46c/cmI2dnA9hD9ouLNjJLIBsR1JxluSMYzgDPPYkVq2h0u08B3qtY/8TW4ullWYEEXEUTHMYRTkICG+bbkDaTnt5k60acqEPZucnUhFNXvunzNvVW3bvdttX7e5PCVK0alZVIxgqTqO7lqmk+2jt5Pze59JfsgXEK+K/EU0tzGA3hrUCod0UAsrkKu7gjk4GO5xziv2c/4JgXlrHJ8Q7hZExFOVZi6cM1wWHUj5e+QMYPOB0/EX9lCwtNX1/wAXRXUEkRXwpeyReSWXy2KuQPlxg9PfjIzwK/WX/gmn4QsL2T4mCS61ONo0hEMUFxMqSATESGXDAN8uSDywxgVzcRxUsHV5oWuqd7ttv3o3ejilJJ9L3s9rBkr9+KUtotKyb2UVK6une3Tfo+y+ZP2mdbju/jH8UJkTep11hvyDnbK+CDuPy5Ix2wQMc5Pn8F7JLpN0kkYBa2hYZYDEYQAEg4zjpnBztycAcWPjhpoHxQ+IFrFeSNnxBdRRs7M5AikfGcsWJULhmOcjJHBFcbjUksJBb3McoexWNjIuApQ7WVRjrkHOe+Dg5FdFDCOpgcKtXanC0Wt0oxXT0atbTsa1be1rXerba+Vle/zlvta66ss3V5JJDAOQnmxqpCnJHGe33R15JJxjGTlkglK318VYMEVOABgHbwDkknkZHJPYGueaTVltI43ijcJNES6N0AzgdMZJC5AwCcjAzim2s063WpfuZkZjGAWU7MYALcc4ycAHnGcVTw8oJaNu6d76ra1ujutbNd7a742lbS7cWm9feXa1lrom9VqW7z97eaa7MwVZpSc7cbg3zYyQCQfUHOOCAa2ktinlsc+WwlkycNngkcjIz0OPYDHJxys+BNYM1whK3EmQ7bAMhiQBwSCRu6HBOD935epjZrkhVbaI7djgSICSyFRgEHCHLHJxyTljnFOKlTitLvS3bmXLZ7uyvsvn1HFzSW61TTSSTacN3dO2l2r26mDYIoM7xkHclwWwN38WQCSDgMe+fw6V0kkoc6IcEOsTYByAOTycYHfnv6LisGwhljjmjYkO6ykLtOMA/wB4dR0JJz0zjmugvYXthosjfM32UnaoBGT93rnI69Bz2JHIG1KSTjot7Wf8t2nZu+zS+Wzu7T11eitps/sxdnda3Sa0etl0s+cuYxKNV27crNl2yeSD3HPccH6sCwINIFtwdJJQFiWfGfmJPc/MeCTyOOflGMClSbMerYjUSbsOCc43uBwCckn+8D/EG43fLHKRDJpx2/MkRLgtnC9CTk9BnHJ4bPXAJ6FJQcU7O63srK3La21721SV01Z62Kcoyj9lyau3Z7JJK2mjadrJLa+lm2/T41W/uWVQDK8ik56qCo78DGQO/pkVYvrENNdxovzPLESRgsQAeMA5xgHkDv1FVdPl3Xt0CpUIJnIHOQNpHXvgDuM8jmtYSEXD3auGVoUl2HGQqjB4x/FxggcHPQ1UrNppatLdNpLRu2jvvr1urK7s3EWujckuXmvp7ujlp1Sdm9nftcq21rss8sfnMTJjBHK/dB6dz1x+ZyK8Z+NoZfBSo7bZjflsjCnCgcHnIyeenOQADur3ISeXHA+GJnEg2leRvBYegwpHJJ65yc4B8O+OFjrOp+DLaLSbKW/vP7TZmt7aMyz+WB98qoztUdWI6BSSc5PRhnGjV5pSio7O+zvypN32+JtX/A5sYlKi1GKdt7O/M0oO6vZtvS1tEvvLn7Ern/hYl2yzqzf2OmF2j5HMqgbsjggqQf4c5+bBr6Q/4Kg7LnxZ4DQMHYeErfOZAcOLZRg4IBP8OB0I65r5p/Yh07UE+I2uW09tLBdDw9NJIsqhFRomDFj8owExnI6EEE/xV69/wUq+2r4j+Hlzlo1fw/GFuC5dZvKgVmwWPQE4Ix23f3Qfl8TyT4uws1JO1HR30futtK1r6K/XW9ntbtw7n/q7UhbWNS0k76p8jdney033T9Xr+eOiQyxXdo0n7swSWwYqQ2cybQCOWHUYGMZGMdAei8dzXF/r91szJ+6tdvygD5VUcMcg8A5weMEcV5jp99qTahE4eV0nmgUYQjKsyDcGIPcHOCMZHHOa6TxINSg1i4HnOq7YHU7WckcEcncQSc8EnqcAjIP2EouVRNt6RtdX7rW+i6Xd3r2s2fOqbVCyi7OTu7a9lpa1mlft5O2nRRRFPA2oq0uDDqsZaPKjOWUYPHJ7HIxgkgda+qP2IYFPxctMEqW8P3jDkdRuAA5yQWBBA4JGCAMg/N3h3w7qXibwTqkdk9t50eoSXF093IlvGsVsqySHe5Xc20ZVRksenJwPo39j6xu9P+Mnh9ZwRHc6DeyxhSrB40Z0B3IcBXIBAPJHUDjPm53KP9l42HMnalLdXlql01bW3R66nqZO39ew0pLTmha2rSdSOttfsu7vpfby9/8A2+bSEW3gG8STdKEdCNwJUgk4XJJwMcHOTxjnGfg3U7iWPw5pql9xN4zEADOSvyhgACGPyr8v3iQSDjI+4v28r+b7J4AE0ARUmkUuqkFlBwoYYzjscZyG785+INe1PSJfDMRjhuILhL6ERkKu0BlTLYGDwQGGCOi4wDXHwzH/AITcKoy+1K701elm12SaTtpfTc9DPZr65iXa3uRtdOzbinqtumt/uVzK1PUJ59vmAs+2KPaFAOFUKCTyQepIJHHHGBn0zQJ0X4arFctIgk8SoQQ4GAIyCTyQFAI4zjA5APX5l1bUb2O/lWG6lw20KpUk4xgt06AEkjAx15HzDsNMl1p/CZUSTz239qGXy1WQhT5eN52DI69eBgHBwAa+hxuH54QvKyjUg23bVwtvq79m320tc+ZwuInGrNKLk5QkrWTe8dNHdp6p26dOp+rH7Dt5n4jeI3a7S4hPhqeKJQQTtUhQcgngAgHPcLk8157+3al3HN4fmjjcxot5JIXO5UXewOVB4Bz04APcHFQ/8E/5508ba5HO5Mg8NTsI2UxsqiQHkHawJByRjOCCR1xwP7bXiTW7TVtOU3P+hFr0LC6lwytKVBOcsCD2IwoyMDpXxNKlGPFV01y+zi0k9XZRSk+sVffey7bH3UpxlwpOSUk+ZpLS8daej2tdr8ur0+KItYs1tmR3G8wMHV1+VDwAADjk7c/ebgZJBOK5r7SkzyNgMuAAQOoB54PXA4z06g+tUvPgmx59yAfK8wgQgYzggEY/u9McYGP7pqsk1gqgreqAxIO9GDEEYIVSMY78gMTjGRjb+kUpwk4rlXKuX3rPXSO2679V3ufnXNFpN8vnd6rSNml01TvZ979UbDFZgyqqjcQ25iRnb6BeR247YGA3dJI5EVC0xCtJggHeMDp147nPI+vSpbGFZ282KWEpjaJGYlWYE84OAAOmMdNuPlq1cWO22djeWowxAJYZyrfQlcnPXbzjJzwOiMoKf96zaSbUfds3u9b9urutkQpSbb3bsrrS1rW66t7Xtbouxp+F7kR6lAySNKy3IVcYz8y8grjnOc4P8yRXXXEcz6u85bgxo7AsNuwEYBzxxj+IcHtkYrhPDdheC8FxCjXFqrpE1zCheFbmU/IjSqNqMTnAPUBsCvS9Q0Y6cY31C6CSSynKRsHYRlQQGALYIyT0ODgHipdWhGS1Tk76aJp3VttXF6aWut9Ls5cRSlOEvdbh26J3729699fNdbmpcNG1hcy4w7RbhkjKJgEFQQdwPtjjB+YkY8o1KUool2kuwAByoJUckgdgDjPJIUnqQWrtrlg1rculwxhWBkRMnJ2ngkdl/QDqScV5TqMtwJEXflADn5RjPOEHYfmAMkdjROTlZu9nZr4d776r7uq1emxlRShG0U1dXd+V63WurvZO9rK+/R6rFfKkscTHggsV+Xk4yR0wck85A5PPQirSBXmicyhgxJ4KqBg/dJzweoGcZ4wQTWXb2chnSMRmWZ2bYABhy2MrkjPBzg9xk9QDW1d6ZeabDEJ7byJFdjuc5BVsYwVyq5znAA7cdcuMoxajLRu2ik9LOFk+m176W1eqZ0ylpd2TTTaV0l8G/wB97ctl33M29JZGiDghZBjpliG65xgKAOTyMMNuG5pyJvMfYADJPXBH5e/GQeDxjJoXSyJAXjYnc452k5Iz04JIwBz7cjn5a/2q8jeNQcrIOhU8DjJwBxg45J7r15FN296/VLV2dlZb26Pvr8zmVdOpGzs20mm22vh20b66PmSabWvT9VP2a7eOT4Z6XuJwmsByDj7uVGSAeQc5Pzd884Nej6zIh1W7WQBlW7kwQcBSFJXOeuSxHXtnkcHzb9nKC6b4O2l5bwtPcw6k0ixb/mcKQeMYHAHQgZHo3A7q6ma7drmWEwyy3LB4NwBTAwSGJBPI9SccnnJr4/3VisSo2kvaNO/Vtx00v5q9mr7dT7dO+Gw8pO8lTi1FrS94pap9rK6Vmrabpw6ntOixE/KPtMJVhuGF8/DAgnkADJ5P3gMjqfAv2lpkPxB8OxFmkx4YtQ5LD5RhQB82OB2HUcAcivedXKSaSkSNhhPCSeAAPPGAcHB5yG9B0OSK+WP2pWux430RlUw48OWqK3d8DA2nOT9eQOvSvRy6kquLox2klUs2rXuoPS2z5dm9la+uq5M2qKllU5fFCNSg3d6bJfot/NI5HztONzpxuIl8pXjEwDAuVBAypHA3AkdSCRxkn5u916Xw7f2GnyWSFZUZ43LEBVQBgivH3dsdWUHHUjv82Wk+ob4N6zMGYZZi5Ylcj29Mj0G48DFb4e/bc2Jdhkxj5uXwRjkDpzzjCn14I+no5c4VoVXVm1Fu0GrdI6y11ej7rVK58LXzuhKnOjDDQTkknK3vXSjd7K2lulnd3uzorwWoleKNFLq/Mm7oS3DZ5UqVI4J2gdACBj3qxnjg0OxjRIpWWGIvKpBZR8px25A5HAwMYA4r5PgurozyIzM2+VUYFGC845JIOS3T688YwPd0e9t9F8mKE/vLeJlY7uDgZUkZOT2BBPuO1YunCSUeW6XVq8l1S2fa2rW6tq0jgwlSXvS5mvLsrLTZ9t2/dfqrek6HfM17deXeIo37UjAQFW2sP4umB6DpxwRztjXb9ZZoxK8giUCORsFeG69cBWBySucA4xivAtOvtS0+d/8ARpGLugXCSFhlMZJIyFJ6dvmOcitJNd1VneEiYGR2UokRIwxPIJGTngHt19RjzvYwTbkrW1srPstdbNqy7vTS+p1OtOTSTUW3Z6rR6JavT1fRb7Hsek6ncR6hePJIzPGyTg8BVQgZ28dTnqccZI+8RWXrusm9LtJM7HMiRFSMkg5AO3GOmBlc4HPPNclbXl5aGYlLiSWW2jfZtJ4IG4EkZOOmecdetc1c6jdtdR+ZHNGhkkOwRsSSDgdfbHOcjPfANcVSlCT5lFuz1V/ONrtOz0vqtU+iR1utKEIR0vLrtZvlupNdLvmb373u2ep3Xii81LTbXTbiZBBBAkERZAHOcHGQM+nynPUegrnp70QTW0ZkaJUkcsww2MA9MY2kkj14JB9ax1LGCKZRcCQDcd8bZznjGRjIB5wcD5sD7xrMNwxuvMnErfvirKYzgK/O5s447rgDaRx1y0qlFU5aWbWjT0avsnfRpLp0d1onco1ZyqQTUbpqPMpaNPXTe6sraKy0d9T2nw/qVgkT4uGSRo43aRyAGwuHGGzgjg89c4A4zVm0vLeMuVkLbzM24OOCeQVXptIPUYyQccV5NFHbx4mR7na1q7fMrhFZccEYAb2KgnA4JIANRdTu0RwjkmRWddoZWAGc5YgduTwAMAE4Ga8h0nU0aaUW2rvW75Xou3d819utj1K9RU+XlSblyy0b01jpquy00etrXaZ+i/7HN+T8WZrjKlYfDd8ZA5DeYoXjK9wcYPXkDBJr23VvA3hLxp+2l8NNI8eWsF74W8V3GkRask98llaw6fM7JKjzs6LHu2gbyU2gkkjdmvkX9i2/8z4j3zmQu/8Awjl7wC2MhM7Ru6n3HGT83Aqr+2br+oWvxH8PXOnz3lrdzeHLJIJYJ5LaSFxIwWWGRXBRlIzx14PBwR8jicsxWKzrF4ahWlhauIy6dKjiISadOU0l7SPdxdmraXV9ND7vC42FHhTDVKsPaKnjlNxspOS0STutna1trrRas/qn+Iv/AATq/wCCdGoeFpbKW58L+GzZW8N/aw23jKDKyqNzOkr3e1y2Pu8jJPXPH88/7fH7N37P3wv1SHUPhJrQv9OvrCWKCwXWrXUTIYRh7kyQyuVEuDtRiDwuOox+ZWs/Ezx3J4flstQ17xLOzTiKGW61m/kYw/dHll5j5kZIOCvqSOhzwk2uapc21pJd3+oXW792PNupphG3QKvmSMcZboe4O4MBV8HcBZ/kWY0cZieKcZjMPBSU8FLnlSqyqSvzzdSpJ3WsvdSWiXp8xmef4WrhatCODdapVUXGtVjCMqdrJRjyQXuq1lrrruei6JoWmP4Z125vLINIIWSycuBIvk5ZgRkMfQcZI6gHkO0r4P8Ai3WfANx8TNL0uMeFtNu49Ovbl7mMNHPuG5TGXDYK4PrkYGSK4Rbq+iguQstwVMbtECziNsxj5iASpDYI54OB3ri5fiV8Q9K0ifw9Ya5fWmgXl4JbnRUybG4ljxiRogQv0yDk5PU1+uYunjJQpLC1KfMqsHU9pHmXsoyXOopbN7p69ND5ONbCU5NYulJxcWocjinGdoqLk7Jcqv8Aj6s+pPhR4b0641Cxh1K3WaG+kuoI4EZgju8e1Gf5ipQN16cZO3FepaS13pfiXwVYTRp5VrZ6vawrGC3lxJdSqq9fuquDjOe+3IYj52+AXiDXJ/EejPqUjy27akfIATCrvGWA4xgdsH1ZcZOPorTLxL7xd4dExBEV7rcYUcMVE0u1cqcYzg5GATgAgisKlK85c805WVoq2j5U9X3S20WnTU68NPWEqcEou+8U2kre62lqrfL9O28RBBd2snmsZpXDxFWLYBG0LgsdoOQCMk8HBHFfsz+xXbTL8LNKWSZBhri4njdgPMBZlCo2ehB5AxnJJ68/jj4k0iFY1v4HlAhlKxg5IGFBI3DIIB655VT2A5/YX9jMxt8K7D7VhpDbyFHEhXaDISTz3wccdMZIGa+Zz+CVGkpK15Ll30dk3rpu7q6vfS/dfWcO1U8VUiltTva2jfuu6dr73V7aWa8j7JulitYb+2W2bN3aTuV3LKqokDEblbPBPBIOc4Hy9/5a9euNCHiH4sJe2cQvpvFPiFImbbtX/iaT4QZA2HdtbjORwNvIP9QsljBdQy3MF48c0ttcQxB5i+6JISWGB9055IYDAGfY/wAqvjRC/jT4jWUTB5m8Z+IUeRwOiX0zksSFB+fnGOew4IOXDMYt4hK6ilTsm5a63drNPmu7eWq8lfFU2o4dRjduUr3b2fIkr736PTtp1OXubbT5JI40ljjmkjtvMQybUVMADaCTk9eQenzdeT2Zi0k2lxBL5e0tbfvDIMSgBRtB7ED5icn7pzzXCzeHLm4lju2kgUokIYFs70yFZgAcgehwM8Yzgk3ZNOupITmWEwfbEjiUEnLBTjJGCVz3AI455Ir66dKnJK03fVJJt32UdtVfVv5dWfGLS791K6T/AO3rpLe6bd9baprZvTbn0/TmS6BmWFXkTy3Vgy4wdiKTypJKgkEEkgdBiv0J/Yw0drvwj8RVW6UNYW3nEsckv5BIG4nnaoJwB/e4HGfzlt9NvdrRuI5Ue6QCPOTGqjJIIPPAyAWPP+z0+1v2VPiZY+HoPFvhINEtxrUUrtcKyYEMSGLynBbd5pweB2HCgCuDG03HCVVFyk1CLas9VzKysv5dLvfv5engLrFUpxbfNKMZKXMrp30s7pWXLbl63bPmf43W1unxW0cxTiVnu7C4k2kZDK2CNo67Rjk5HpzwP62/+CXMaL+yzZKpyD4p1Z+n/TYdSOc45zwvOPev5Jvjvp19p/xZ0maW1aGzuUtZbSZuDKvmgs6jg4DE9eAeDjJr+tH/AIJUyGf9le0bOf8Aip9VUbup+dBk5GeQCfXPQkmvzjxMTr8KYRyja1WEFp3jJ30em2qWz0aPu+EJyhj8xi7RV01Z7rnve27t5769Gz9DZELO2cpjtjnAGMngtg9BjnkelV2hJPvkbhk545PCngtnGcY69wMa8yEsxIVMHIZQSPfHTPpgAcY46A1JIsDggKQdxJz3z/Dng89RjPQ9QP5drYWXNtzapaLs1su+1163ta5+qU6kkotvotLvry3T6X7R09ehQdV+XPqOfTGSDx3OOuO1RspGeAQDyp55PIKkKPTJ3c5JxgZq6VIUtt3hcADoD68jg85Gc+ueeKZsL4HlqB1YMSTkkYO4kYX14xwMYxXP9VnJ2UH0eva9l3s9+ul2bxxCS1ab9LO3u330TV5dU7paJMpPHv4wDu5429B/EDyW55Azx1PbOdcW+MMA2Pm6ZwcbSMEenOO3PQZFbUqi3ikmcDbDC8pLHYuFUleeylsAnGAM9T1/mO+Mf7dP7YPhv9pLx74U0fxJJHoeheKby103SLTSDd2UWixFTEPOjjYSOwwSx7kAHdkV9JkPCeLz2pVo4WdGnVo0VXkq0uRSheEZctk1dXveTVl0vvjXzT6pBVZwqTpc6p3px53zyV4pqOiuoy3XS9j+kx4m2S7VYlkIHyjDFjjAHAOO7dcnOW5NMl03zBb+YWBhQYBX5S23LKxHJPbkn2IH3v59fCv7cP7Wfj+w1FLjxRp3hCC21KO3TU9VsLWziaMEBtonRSFyeXZQgx1xyPpb4c/8FBp/g7rNxov7Sfj7SvGlhc6et1p2oeFrVJXtbqcEW9lLJEpjkB43nJbJxz2+i/4hlm1SlUnQnh8XUpNxeHwvPVqqfuN6xg4pq+icu61aZw1+JqNCcFXhUwyn70ZV+WnCz00UnzarRaee2p+tk8Lu6BVVRsZmbIC/KcBeSDgAZ6+x967bsjLAD3IGMDqTgfKOnI5PfPT8n/Gf/BWv4NrHocvhLQtdu4ZtbW38Q3N7BIlvZaVG4Ml1aKoDSSxoWYK2QCNuSBX2/wDDf9rf9m34n6Haa14f+K3ha3FzCZ/sGtX8Gl6jbrGP3gkguZI2+QnAIUZGCWJzn5/MuCuIMthSqYnLcTRp1G4xboybUocl3JR1i2npzbtO3W3sYPP8rxUeWOLoynG10qkL30vdp22d9NlutdffgScruHPvzyMjvnOOCfTtwKf8uQMg+oAJzjOTnIOQTn3Ax1PzeT6z+0V8AfDdja6nqvxb8DxWF67pbTQ6xa3TSSJ98LFDKXU/LtUlcFlwBXlh/bx/ZGWKCeX4xaDFFd3NxaQHZIGNxb/K6lV+ZYy33XK7WycdMV5kOHM4rJTp4DG1Y3SvTw1Sav7ujfK1fR66NLV9TpqZtl1NvnxdGNrO0qibs+W+vMls309VZs+sVAI3NnGB1BHGe+Oeeg5/QA1OnTnoFb1IweMYU9gM/d6fMcAEV534I+Lvwo+JCungPx/4a8V3MMS3E9hpWowz6jBA670kmslkaeNRg7iyDBDA8jFelIEKrlHAZdykjGRxwByDzj5iOOg6GuOrgcTg6kqOIpVKFVKN4VYOE099pJPba636PVG9KvQxFONSjONSL+GcJXV0020030S6LVW6ksaDpkkbeANuc7ckHIPJxgADkZz2FTpGp6rj0xycDuD6nryB64HSkiRW4AB2gAnPQHnqM8BQRxgDHOegsqY/ukLjudrYIxkDB4x06DJJ5zjJIQvFO/VK2q2s1dNq600fo/XKXVR33V01o3bWzS0s7W9d9BgQAgYwM84JGQ2dpPQ455II3ZXgjFT7AWXGC2CMEEBfxOB9R3IGM45kABz8vIwQQM4PJydxyMDt65BxmpViXKkqCxHJ+bnP8jjrzjjJwOa6YUnHSybdm21ty8r3Ts9LvfTZ9TndRwVt+W3nty2vrbVqyv32dysyBgFJHIwcdMDHBz0BAPfjjOBTBFjqMK33cc4yTkDPGR6dugIrUWDIzsAxkKQTn6lSeR65U/jyatxWnALR4I5wuOCenXIAPOc8Y+Xqa6oYeUlfkurLok9bPtfeXTrsYVcUle9r3TvZbO1r20u7t7P/ADwfLHP3VOQACDk8EZ4BwM568/xEjgU5bbeRkg9yCM5HXsTuy2AQeoPA456QWOcMFwRg5ON3APIwAf4s8dPmwMHjI1TWfDOgSQRa94j0bRZLpgtvFqeoW1nLOT8qiJZ5FZ16AFS2Senr008snNK0W3a0YxXNtbWzT2V7u3VN6rTmlmMUuV6JW0um7vl+z3v62313IfsY/hVsDj+LnOcjjoeO5z3HfE6WBH3lIAx1ZSR14J9RkZ5B456V0djBaXil7O7tLoNGJA8NxDKPLZV2sux87CoyCCQeoyet37HDGdrzWayAcQvNGHJJwGCGQE9RjHBORyea3hklapZexqPmto4yk3flvbTWyS3v17nJPM6MXbS8bJ3fV2tbXXezT1evexyaWYyCoAJI6AY4yAMsDkZByRt7/wC9UwstxK4DbQDgAjjH1GB06jcQcDI5Mt34t8A6ZqP9j6p448LabqyRNM+nXWs2NtdJEqktJJC86ugwTkFeP4jkYOlpGueD9eGNA8U+HtddgzeXpep2d5MNuQWaOKZmAyDwwwMYBzjO0sil1jKPKldOL0Tta7UXrdvRefmzmq5mm1dNQtvJSUXs73Ss720vezs1ofkD/wAFKPDcmsah4Yt43VGbw3qCfvSFTYyKGUHPDEknHOMsdvFfzAfEnwjNpWqXzTxW/wBitb+WN0M37122/wAI3EgEZ68YPUkcf1Uf8FML6zt9W8I6e04tr19GuSqkbWkV0CgDoDuwcc84JP3QK/le+P8AfoPE2rW0rylbO8WQ44DswA+YKBnrzgEEHv0r9r8MoVMLQr0owvBvmu01dp73a01WrW601T18LjGqsVlWW1Gk2ovVtXSvdtNrR3V33V/U/RP/AIJ42dpqf7P3xGjiRltLnxJrVtOhxJIUNsTIFZ1P3lDAAkjvweKPCfxC/wCCf2kaMtx4i+CGp3Wr6Xc3+l6rqXlys95qFrdSfablCi7UjdwCBwMnjPIq9/wTLkhm/Z7+JKTmONv+Ep1hrZQQjl3tGCfKTuGd2MjHqcivieT4M/Fy8k1K1tdPVbS91bXLyKJ7y3VJo7i8mMcisz7kypHBGd3QEA19RlGGhiuIc6+sTq0YKtTcFGo6fNJRik2k73v8N33tuzgzCtWo8OZHyQhNzhUUuZKXLdwSSjt6p9vu/QXwr8SP+Cd3xH1saBoXwnuoNVltpJtssNzGMRght5RVz6gY/wBohgTXp/xi+K/7N3wrsPA/hTxf4V1tdN0BLPVfDun6SiLZ2to8qmQzyhCxKxkttZiR+Ffmp8L/AIO/E3wn4rtvEOr6Vp2nWltZm1ne2vYmuH3MADtSTlyMjg7Tk844r0j9rmS31DTvDzaxfSRAyW1pMjKfMa1MEQaIzcOY+CSAVUAk47H3cXh1HHUaKrzq01GT5pVG+ZuKTV27c0Ve/Vd9TnwKqUcBVr8kYV9lGPupxk4rVJPZSber7pb294/a6TRfEH7MWk6p4Ps7ix8K618SdM1DQLW4t5dzWN/5bGVDGm4jzHZWbDFnB7HNez/sNfCS10DWLi0sNQENkPCf9pRm1mDvb6tfSNHcNIhYSLMyHAGCSCBjHXp9c+MPgT4Vfsq/s8yXHhAeKLEz2UKNLa291EqRSLte6jvVaEJGTuLkbgBlCSQR7X+yjK+t+OPGPiO2g0Sysr7ws+sWdvo3ltHDHLcu0YlC5jSWIHlFwFOFGPun+avEXFYzC5bmGFhhZywrzSc3Xk01KUq0XyOMU2+t5Xtpvff9X4PUJY2GMqzjCv8A2c6aou7fKoq8ldJNPVWv28mfx0fts6Zc6d+2/wDF+yvd8sqeKJJGLcyOEhwjN33MMM3qSRywzXieoSsbK6jWIJuZ2YkZYZU5I4xx0wcHJPoRX2N+3vosc/8AwUD+LckdyhWa6S4LtgBpXs42cYHy5ByuVAGME+tfPGo+Dr7ULC78iWBo3Bw2cMCBhjxyQPUDbwM4yAP6n8P8QpcK5POyjKWXYa3vaq1GCt5O62drp97I/mTjVShxLm8dV/t1dW9Z8ysul7rtva+yfz5tSKBbpbkvIUePkglSckgEnjnqDhs59a/oy/4J9xb/ANmzwvNKUeSO/wBTjUKyqQC7nLHIwOB2GfY1+GWhfBq41ppbX+19JhEChsSzBNksnCsxLA4HDHkZ5UEZ4/YH9nTwr478DfA/wp4UtpYliutZucajZTNJ51vLIweSONSWWNA3GByCM8AtXy/iJThjqOX4RzjGdTGQfL3UV70tE22n/wAHR6fXeGVWpgMVj8U6d4RwEuZ6Wc+anutbvq1urOysz6Y+Lmt6XdJf6ZpTFpbXSVGqSLlk4bJjVkIXcSCCCTjOQOoPxR8aIbaTwDPHDp0cen29oJ7hJFJmeQwsnmA9VyzDk8HAwTwK+0/Gdj4e8JeHNUGpajZWc13Y2aTTXLq19f3LyooSFGYyOxfGAmTjpjHHxj8fNTWTwn4lt3i+yeZo0ECYYjbHHE0gmZFAA3r0ZhnJ96yyXC+yrUaEW0qSpqMne82nG3Le9lsttbvtp7GeYr63g8ViG4p1KdS0U7W0dk97aaW+66R+X+k6VBfajJI8nkafb20shhkkjDRzYOwAHOQSAVI6/MGOSSLt94vsZTYaTM0wk0mAsJ44EAlOQVBIQ88DDdSM7QDgV44GnuL7fHJN9nnkCnZO+4rCSCX7AAjPJ9MY6D6G0H4E/FLxDa6F4i03Q1utF1qVra2eC6tzdXKRnawdWbMYb+8cE5GO+f1CdWhhqdOpiJqEbqDU0vek+W2ulrSs929Wr2Z+EUVVnVnGlCMrSSbTTla8Uk72aSdpWTdndXXTqPhpcQ+JbgNJD5qoJkjmZhAWmIO1mQEEFQMZ4HI5qz5GnXerfYtUjW5WyuHmkX7QhcxxTAKgIbL4UthQd2M8Dt5pJZx+FfEGr6Ld6bf6bfWYmslgjvnZU1BgcEvE4BZSTnB4B7CvKdJj1IazLFNeTrc72di9zN5pXfkbiWzlUAyB6dM4J56saE2q9KopupDlaSaUUrWlbl01d172uzv19j69SjSp0JRvKElzK9ua3KtvN30fW9rLf9CPita+AvEmnaBH4Y0W3hvrW1tVMzTo8qFUImR0H3QCP4hkEbVJxgfsZ/wSQ+IHwg8M/BX4keFvijr/AIQ8NalFqeo6lpCaxc2tnfzuttKsb2805R2QOwCxowDZAJBGB/NtMk2lwXV/Bq1wLjYCghlkkJ3dSSSSx65G3npxtrufhJ4F8TfFWLU5LWS6lg0W1vLi7upZp7aQoqM+yPlUdzxkDPp/FXw/F3C2X5/k6yzHYutQUcTQrqtTbUpOnKLipa7S5ttz6rhTiSrgsynisPg1OU8LUpqnayUORXk0tIv3dbxfk7aGT8bPAGteM/jr8S9T0eW0Oiy+Oda1C0m+0RvFcWj3ZaOaFmbBjZMlCOME9c4HJeK/gxrl0Xu7Sa0uEhW0JF3eRhwwI3bUEmNpIA6E8DJ7DyLU9d1my16+gSXW5FsL+5smBadfuSbCvy8svyjBLHJPPyjiHXNX1+6hlMU+uKpaEDBuigCkHjrjryWz6gV+i4bK1RwmDw1KblSoYelSXMm5S5adOKkm7x6JtWd276as+MrZ/R+s4uU8NKUp4mc5a2tzTutWraXto+mmzt9k6P4GvJfDVxai9gW8jt4Ldo5rtfKTywpcRFZDlCCCQSFAGOcYDbb4T6ymrabLBeaYPtsSw7vtKsV/vtnIVScHgcgfTj588Narrq6ZbpJDqsuN6vI4uS8nygZKg5wDzz1ycHJLVsWuv+NdNv0e2k1OZUgJgj+yTOkL5+XKlTggZ+ZSM9AQOK8KeRVqHtfZVFrUlq42a5rWbv211Se3R3PWqZ5h6sKDqUajjHlSSaT1UWuuq32vfd6No6X4o/DXwtomsga/4jttImljVYVVTchw5YO+S2QM54wQR3JHPj9p4Z+HEP2lYPHluxDEuz6c75xhsAbOVHQEbeTnBB45/wCIcvjrxNqKy6xBfXMkZKBmtJsrGoLYGUwCB1B+XHJBJFeX2/hzxLMzpDa3qZLZBtJVJ7jAKjI78c4xnoK+oyZSw+EpUZP34v3pJq8vh7tdb3bt26HyGeVY18Y6tClNRklyRum01yu172btdddm91c9/n0PwJOtkq+PLYbEwu2xkVm7hXBUEgkDIOfYKc43LnRPAU8Yin8dRoQkRINm6higHcKDkdOwHb0Pgln4U8UvPbN9huQEjKiQW0nD8gDoe5BG7n5SOa6G48LeJXTzptH1JjhRGy25VSQ2CT8qg9M4GdxxjPNexOuo21u3yyfMoLlvyt6tv7lo3v1PIcaqp/wZWjZ2ave3Ldat72vvr1dtD0G40LwMY1jHjlY4/LZXP2KQbuDn5ypIJ3Y4xzjvwebg8N/D1I9g8bMF852O6KTDODgdupOMNwD3wCpPLz+E/FjRNjSr90ETEKIGbcecZBAGe/XA25JwRXNnwn4rMUKnSLlYyWILRHKMCGyQo+ckY4/DnjN1JqdNNzSaUk2uT+7ayvZb2Vt9L7GlCpNO7oSdpXV07XuntdWts9mfS2nWHgXyVjh8WKivbbGlmgdwwUZOCwOM88dhyPUcTqWh+FLxZja+NraOCF2j2mEjdzjeAcsOM8r1I5zzmtonhDU5Y4be/sLmUC0Y5SNk2tgnBAGeCMEYyf1rjbzwxdWzTRxaVdMwmYufKkKlA2RtO3Ixgk8jgg4GAa5sM1Si1DEO8+a/Ny3vaO1k7Jtuyvd79EZ4zFXcYzwjelk1dOMm4J7a9enz6W63R9E8KQTXMf8Awl1rchU3PI1v90beVAYE5zntyMDg1ZHhTwcrO8HimBd8ZkJaAkbickDIwOc46DHPXca82tPDlwl3cSG0ukGCTEkcihsg85PU8kgH7wxzgEVsGz1RBFAmnTMG/dhpIGLkM3faox8uOvAOMDBJDqVasnC1VO9lpGndX5Un8Kavstraeg/a/u01hmkrLZ9bRtZPT1bvdabo3ZvDXgx0leTxdGGcOQRasdpBGQML8qkcAdOPcYn0vwn4HtTBOPFkTyOvyuY3CqSCcEEgjqDjI9wOQMZfDuoBdr6cy+cHRi4AYk5IYZHBPTuc+vQLaeGnVVs3QszSlyjIFwF3fKWYYZc5IwTgdCpxh89WyfPS5oXd3yJp+6lpZaW8+y7JdNCCSTeHd2k/hvreNm7u70bWv3227n+zPBURhb/hK7XepILGMEqxYD5QOcgE842gHA4GK0o7LwJG8rt4st2LABmMKnB4wcnsMc8EgEg9zXnreEfMuEQaepAJB+YAN3yPmOBwT15GcZPWvd+B7iMSbbFSJ1bCoRu4ycNjOPY4GCeoxxnTxFVXv7KX2U3JJ/Z6K197X6LZ33idCDqNunVi7pe69Fe3SN9Nbv5dbHqqnwDHPLcN4liJ8qARkRoFZVHzYGMNznGCSOeuDnUdvh9eRwxP4ni+cMoEaKm4nGBuATp0B6kkAZPNeCf8I3NdypbCzkQW8Ox1UHgt0LZGSRjknLdQozwHS+FJbNYjFBcGZGyd8LbWxjnAHoOAD6D+6a2jCVSMpJRjHmTb5o7Jp20Td9bWvq11s74YmcaaSvNR036/DpZ6pq6SXlpdHt2o6T4AtLC6uBrzyqtu3mLb7GlGcjIBzzgnn73GOQSa8pWb4e26KltrOtoDkuwhAxnOcHZnGM5Oc88E55u/2RO2lSqLJ2laEGbELjJOc4+VTjkEKv0xg4PKxeEL597mKcKQSkYiYNs5OASvQbgAe/uAK6oc1ScYScbKKk9EvdfLZJ6drNatu931UYatBtpc7el3fo7btW+7y7aH0X8L/j5pvwo1bQ9a8HeJb2K98Pataatp9tqdhFf2Mt5ayGRHubaeJ4pFZgCw29ORzXe/tFftG+Dv2h/GWrfEX4gy6ivjHXLa2TU5vD9lb6bpDNbxqgljtII440dsD5gq7jnrkV8Vy+BdUJLw2U7RbgTmGQEjdglT16AZ4xkcgZyZ/wDhEvEHl3Cx2l0+9Aiq0LgkEDG3jp06d8e1eTPKMHPF/XakXGvBOnGabfuSs2uXmtZ2jrre6tpt6UMfWjReGjUl7OTvyvXVb3vsmkl0smuuhtSaj8J7qTYL3xCohDAGR+rEnBwOemDx/EOh5zHNd/DeOxaJdT1xYGfypU3ckfeUhPlGQWB6ZGMYAwK5SLwHrCCZ5LCdZWUMP3cg3HOOcDHAC5OT15xjFLJ4H1aW2uBLp87ShVP3ZQMg9VGDlscDHf0zVywtOXKptu92k3/Layso7rV2/PUyp4mvBuKUraWS+SfTXbzel3Zau8D8L7iMiTUNfBi4Rc5UqOzLtxnGTx1IGRjGNBl+HsVrsGpa35LZRghbkMpI44HU9OhOCTxWBZeBNWghZ00+4YyIVZmhkIz0JHBJA6naMggZyCc2ZvBmtGxCG3nLK6uq+TJjdk5BIUEEdsYzgA8c1fsPZqMnduyb1av8Ls31VuV9rtLS6YRxFSU3zSa01T2d9neWt7O1rLztd2Yw+Hk8bQLqfiGMDKoULZwRgHaATgDAPqMA102jaD4MjtllGvawkUsqI5aMhiqlePu4OcDGc45BAri7Pwhq1o4mltbgOVJcGBiVIyyg5BADYGeOOmCcgdbY6HrFxYx74Z4/Jdn+WFyhYMWA7LuwQfp1wDiuu1GUIK37xR3v1vFP7k9bvpvqYV5VJTej0Wi0a0UebVppa3bSXldO56D4rn8KJD4egtNZv2kVCIo2jYeWmMIVGMjLjOOR6DI59e8N6Hpuv+HoUk8X2+hRwtHIJLxJBJMxbayKV4JxjGfm6DIOQPk/xXBqdleaVLc2cyRxxxurvFJhlVvmY4GAON20nA6/XoW8WG7s1tvNlhitmjk3BRsbAGVwApHPODtweCQMCu3CxnLnhBOLekVZrR68zvdW2b02bv2XzmJxNSnjaPtKcZRT95NrW1uvM7Sd3rfpo9j6h8X/AAz8D3thDqVx8TXnlswjGNoZCAqAq0UTtgFWIB+b5cn3xXIw22j2mkHyPEZurOG5RW3EIzRE4woONpwQc4Occ9zXjvijxZenSNKFpG01tNDIjb41HmMuccAEg++0bsdzisfRbu4vdJ1Ke4jcRRvBugQqAjApyAADyF4z8p3YIBxnsjCcL07tTSk5OzjF2drvWUXHduy5m23e5WKqQrYilyU4NOUEmotWs49b/Ctm03fdtdPpk6jo+iWaXdteL9nlEgzujlYgAtgry3Xgjkgdsg55u08YeC9QiSE61c/bpJlbykRYt4EgUchFOB16kdz90Y8rsbwy3jwJhrdIAIorpcQ/vAN2GPHO7kkjGOOM1mXljZWF7CbWO0jvImcOwB24fnAJPDAkZxnPJ56V5E6kffjK1tVs7XaXw2UVfok7973PopUakqUOTaKV43vFaK/K1Z3Wm6++2n1/b6toOm/JHqM7SSWjFE+SUyl0yBk52jngDquT1r5C8RaJ4du9Wu7qfV9ageXUJJGCiQxIGZiQuAQOcn5eSeD2qG48T3ttP5EcqMyRbBIJFDIp+9jORjAyCuOpznhqgs7q41dTZwSGaSR2ZplVZSrEn72AWAycE9PXPdQq4enzRbWrbs7uzai7XbSTWvpbSyVzOUMXKMVyu6ldLlvo+Vta9raW7aKxUn8MeCZIGafxDrHlrLkyhZGBxgjkjqBn0HfGa5XVLH4aBZGOtatcESKiAx7gQMj+JSAT1wM8ADrXqD6BfwaalrOksm6coqeTkzLnblGIDZIyOOjE9Qprx7XfCGuC5u7Sx0a6khjJlJET+YoycHO3sxByDx69axjjqMeeCjCV+Vu7TbbSskuvKtbt6vVWRvLC4h01JQlHTZRvq7WVtW7Xd/N66OxrxH4c2kibZdWlhkCh3ChmPHBPy5HUnjA+mCwdFffCO2ui5stcYlT+8XGM4w2QSfmIJx1Y/KOe3Hp4Y8WGzRItNuVaWTcEaJw6gZwF3jkde4xz1Gc72ieGfFM8aWb6QrSRyOczQFZH5I27mXuc4IzuXBBA4q54iPLzJxjdRtZXavZKOj0fbX01Z5Ko4qFaS/eNaO3Nypp2umra6dHbptc3/wC3/gs6JAthrm4FnYkjacglMLjhc8ZGMZyM4BDV8QfB2Vto07U96k5U55C4wCQucnOMAjnAx/d5LUvhn40W/meHw9cR7h8pUttViRxjJA/vAYPHbsK0HgXxpHcyx/2C5DRkO5UZzypYYHHHOR79zgxTxTi5KVmrW/meiSWvd73atZu29hzwcm4P34PnTa5pO6jyvqtH17a7Pp3Y8SfBq12pNoGplTlztYZGTgdicnrnB/EE5dbeK/gvOfLi8OaiZC/UkkhQdxYAMpycnrwcnJU15zcfDzxRLPGo0K88xUwXLYDA8gj/AL646jGenJq3o/gTxZpdzvfQJhkkRmUqyRkkFSpb+M9cZG3HGOa2p4j92pw5dFrKzleVo6XendaNaJWtdswq0l7eKlGq2nGKtJtWXKk7WsrtbvVW63u/Z5fEXwWgjNs2i3omEYkMZLdW6AHAKnnoTyeScnFZtx4k+Ds8Rj/sK9ZmUKp3kbQvBYnIAwBwSw5BAPzA15nqnw88Y3F9LeQ6LOqiOMEFz8uQSeMkY74GBhQuRzhYfhd4uMYLaTPumI2q77Rxg8DIzwCSD6njjgoVpStO6jNpOfNe13y9LWt0vpqnqrazmVacKtGEYt2UbO+stEr7a7JJd7Oye3oBn+FTASW2g3kioSrCOcMSGA/usOBnJGOAcintrHwfKQB/D+rCWMMpcPwpI2hR2xgjI5ABGAf4eL0/wP4wspHsrexaCdmOYmdWZ4hncVH3skEkg8fd7HAZL8O/HTT/AGdtFmZCzMCWIJZgCOOADjkgkjrwTirliKUJ3cottptOyi/ha1TWjtq3b0u23pB4mc48sZwg7dXo7x63TV1fddFbTR9GmpfBaWXzX0fWFKiRAkTjah5UEDDfNk5JPGcheMist5vhIs8cDadrLWszvLKse3cvzArjK4B5ww5H8RIxmsV/hr8QnjmiTQJAqOW3ZCMFBPOSM7QOp4zjj5SSaEPw++IkgdU0WbziSgdjsOEOPlJGDtO7r3HzY4NU8RR51JJ3VnpFNrVXV1JaOyWlt99RzhiJTUU59227ptKKa621stHo+qPR45vgqQrDRdfyGCMXKfLEFPzDAByTgDJweCecYEk+D0ly8tvpGsCOLKqGdFLbsKGJ+XGOOD+QAKryDeBPiC1usk2iSbkKLGysBkqBnoMYJXn72cgHGM1lN4A8cykMNLmh3MQzK4RPv5Ktj05BxkkYJBwM7SxeHlBNtuWlktOyVnzJpa21u9u5lWw+J5E3OVkk01dy2XTa176W6dtu/wDO+EsswWXS9TYoH8mUTooIGRjLEBhkEEAnGCD3xait/hQ2ZV0vVyF2hcTQggYO4oBgEcnB544yTyPOJPhT48uCi/2TIdgLqyTFgAcnB5yDgnocnJ65rdi+HHj6WGGJNFkwkQWMh8H5cbjlQM5A7jI/DjKpXp01FqSSbsk9ZWbV7q+ju+u66psqhRq1KL9+ablZtbacq315XftukjqpLX4UJHKVstXjUkbP38TOxPY8ZyMD+IEH0wRWJPZfCjfO7W+tlHRXAdoy27gMpI9GOAD26e3NH4WfEFHkd9JnV3ctGDcfIBnPc8DGeeOcnPLEVF+H3xAjiuXXS23bgG3TBsAkDAydxHGW57nd2zpPEUo0VNyve2llJX0vfVW3u7Xa36tvNYKvOLaq1F2XM5NJNb8trPy827G8R8IV8sPZay7qxXy2eMAKBxtzzwBnpxx6gjQhn+EqspXStUZVQ+SZJkUhgOQQfm4+7jJz2G04Hndz8MPHRP2gaTKWwzl1nXaA3BJ5+XcWzyAMjjpUVx8M/HgEEjadcBlUH/WIFBHQkA8k9DzjDAAnqOR5knFJwilvzNJae7536Np9NNLnTRyyt7OUfaVbtaXej1WqbXXR9dL36noVxq3wlhi3f2BfgsW3MJgS7KSeOo6d8nPYDBNZJ134SSKobw7qLO75YLImFwSBj+IcgbgTggEg9q83v/h/4/zHJPpcyxrIdv74BRk8k7c9RkgjHBPAPFQwfDTx39pD/YSFZgXKzqSoK8fKxzztI/8Ar9cP7QUJttxUdFrayScdUnK7W/o769Tow+V1YxTc6rt1TatJWae6vda6Luk1Y9VGq/CeJEkfw5cSs5Mbo8mcKTgYVW6DnGMDd+jW1v4ZLDiHwxlIiVWOSbaxLEBTyxOMdc8YGTnJNcKfhh45YLP/AGbLLsO5FEqnKAgMQAewO7jnODnqaVfht41kmI/sWRCNkuWfOAGPOfoSPp6AKQlmdByjzKnbe8kt1a93f+Zfh5q9SwWJ5vddTdWd2tlG17aWb1WnVJ+XQz+Kfh5aM4/4RYuW2lNkjAOOc8H5WxkqxyVGTg4PMEXjj4cmV2Pg07goRDHMyjcergK5DZOeADz0xxjtPiD4NvfEXhjwrZ6D4Wjs9T0uIQ39xGoje9ZhiT5uAQCM7jz37GvFX+E/jqBYpRolyUVjvYSD5fm4OSTn5c54/iznAJojmmDrRj+6prVxaaSlulF3ut7Jrv3vqLEYfE0oJJyklGMk05X+zo7W9Xa/W97Ho6ePvh9brIk3gnfkbUYy7csMEHC8HIIP94/gCdDSfHHwyvNSs0XwKUfIO7zn5lGSBjIK8jgn3GOAR4/cfDrxsFjkk0a7CGRijFgQR0JGBhhwd3XHQHpjc8M+C/E1trlrLPpflrGyhlaVPmZ8Ybk/e/iJxxknIAq5Yug4OEVFaLVN/wB38FZ9tOu97oQrOknNyUtk7ttt2av8la222trs+tdO8aeEktoVHhuRhDKfNjknbG0/w5BJJwB7jj0zXYw+PPh/PYpFe+F777OJWYNBIVMagHO3HUep56YJ4OPnWfTNT03y0Sz8wtMTMpu48ISeM4Y/ex6jsecVtafNqM1xFYXNnAwYlYE+1xRjZIh3AncucdQoJOc8muSnVoK/NZSVlZqTu3y6r7rpNWuh0qVR/wDLuzdujfxOKv8ACl0T6rmvpZNG54l8VfBy5twltpusQyPOx8tCpWMFjkk43b85yCBu64BAA8p1TU/AUytaR2N+EG8RyuqlmDHOS3XgcnK49fSr+peAopZbx1uvs8kUzyG3hV7hkBJPDRgg8k4yD0xzzXmuu2N1YStDbpdTKsZYSNayquSORhlLZHfrkk9KmjOlKTk4RdrW5XFu2ltNG7p2atpujqpqpCoo+9BSSs35WXW270tvr00S6eDTPAkVokra1JpqTSoGVIWcpg5+ds5Jz/dHB6d8eti60w+H9Gh0m5N7ZwyPGkzJtZ1LHLEHLHcCCQdx6D2r5OhsL273EtOVB37CjCMkE5ABGOeCQR1OfTH62/sc/sh+Dvi98LLXxd4t8W3mjzf2rNbW2nRbEjWGMg72LlAcspBw2NrHqSarMMVRwdBVa0XCl7iTipSk23FJOK9Oy10bPQwuBq46r7Ck+aTSd5SStZq93dJN9OqTtc+e/hzZ2z3muPdSW8K2umXbWizmJVmlkjbCFH5YEj5dpzuBx3r5yv8ARdfvNRmT7A6QJLPIwgX5QfMYo5BBOCpB5JOD0xX7pXn7AfwalICeNdSD8LviuYlLDH3cq43DcCwwep+hET/sGfB2AyL/AMJjrjTNGqMyzptIAIUnD5IGPXgjkZBFfJ0s6wEcVKcfatVNGnTsr6Wdm1byv+F9fdWQZh7KELUk4tWfOrOzW+r2vZ/JOx+LfgfTL+wnjiu4Zo2uL2ONkYYZkLgnPJwTnnlh0PJJA/UDSfj/AOHPh98OfC3h66gnbVNGvLm4jWOKNzCssbbXZtmWHIyCTkA7RxivTm/Yc+E1kXlXxlrodNvlys8TkbcNnliA3GBk5x/eOK/OP9sLwhefCjxtpmj+FrzUdb0O/wBL837XdjMjzA7HVip3KAM9AM5xisMZSy7iPkwdd1OWnJVHBKUbcrSu7yu76uy919bs7qUcyyGnPEwdJSlGMXa0rfD06a21Ta118ut+JfxX8L+KvBV3dXEW+/uNblvZ5ZHCqsbSMVVQcABhjhcYJAx/d+aNS+JGiTafJptvsKckl1y0YC4AToCT6qMcHHPFeEX154h1fT57SSKVIVLSmMblUOGJxzgHOD1GSSepBrmU03Ud4kaCVQu0ksGfHoccgdz908McHB5+hyvKsLlWHjQwykqaf2lbRcqa3TtfVO2mqsm7v5zMMXWzGsq+IcZTsk7Xim1y72t20tpe2jsfSGi63pEVmDLKxcbwygAgDdwcDHXIz/d4HSuqbXdIlstJjt7v/S5NRtTHGdqZAmT5QQMHPv8AgRkCvAINL1m002K+VD5ErNGWZgSQRuOVySARjGRz1xgVa0t7ptQ0g71JGoWRXK4EebqMcDOcknHf8RzXoVKNNqVRuV7bJva8Xe7flovwOK0pSVOKSTtFPWyu4pPR72u0ku7fU/TzxBumvtPjJCOdItyVBDZzECDySBxyMgDHc818heJ1x4iureOIKwniCyAjIIyTnn1GMk8EEDPFftNo37PPgTxF4X8M61dWt8dTudC06SWaO5IDO9qpYqC3AJPGc8EZ9+MuP2KfhTJcDULnT9XkkecyOv2w/MxG7s5yhyPlUAEcAYHHlRzjB01y/vLp8r926bTj3a26aLdXOmHCOY1JutGtS5ai5lH2lmk1Fu6atdJq76N9z8rND8k2VwLl90QuxvAyehwCBng5A+YA854OdxsatDbqkklvGrgMrxI5G4rkgMeAcYwcEY4zjAAH6s2/7FnwsaOXZp+qQwyTbgi3hDepzh+ME4GTgn5uDmpJv2NvhJJOVSy1VpFhKKZLwhFOCPmxIAcjIHQ5OeBydXxJg4JQ9nNv3bNwV9d9XKzS2vZfJ6HLPgTNqlTndTD6yVm6mtny2eq3slrur6bM/NTwxM1t4RnmtJJYZZLqXfJExXcuCGVfXjIGfzPWvL9QWMX0F3Be3ccyFCzB3yzGVdxZs42nBYbeCCPTFfsPZ/sl/Ciy04acLPVY4Y5izBbppPnY5LcMcLwSBkE8jHQ1Bc/sYfB3UAHe11eNvlHyTsoPODuIbOSPUEEjB7EOrneDqxpyhCcWl7zdNK7010mrX1u73dlfQ1w3AuawqVL1cM4zu42qOyvy22XTd7fmfnzY6g//AAjOqXH2tpWa/hQyFlZ1CRoMHJJx8x69/wCIjivL9Wuz5dgquZGOopcoHUFm8uVCdp5IJySQQRkDHX5v1zH7G3wsjtFtYJNUjt2cPNE1wx82QcbiGbP48ZBAxwTWZdfsR/CmVomeXUR5GGhLXLAKSVYHh8n5lGSAOijPIFZS4gwjumq+yTfI5NapJpXV9G7JrTTvro+BsxVaMnVoStbR1ZOz92+77uzV/Japs+Zfi/Jqlh8KI9av76w1KLVtP0W0isIYV+12W0DaGdfmVsEB89Rkk8DHwza3UZ1q1jeJ4h5oLR7SVLbV2k5ABII4A4+lfstN+yZ4Fv7d7TUdW1W5tXaPMT3jmBDAMRgK0gCkYxwMevGc89ffsUfCiVkkefUUmRsrIJ1ycAYxhjlhwCxGeOo61lSzzAwioxVa3Om5ezS5r8t18V19nVp79mbR4Kx3NKU6uH5pJJXlzLlulZN3au3ezenbZH5z63qkEcJtpSGcWcTiMgD51IKbzjhQNuScgAk8Kefe/wBn/wCIOgaFoHxCudf0q41AXyW9pGsCkRRgRlcseFxnndjkr2Ayfpqb9jr4WO7tNdalKzQrE266LEhQD1LnjqWzyeMdsbtj+zX8N9IsJ9JsZL+3sr0Kb1BKCZSMqhYl+OFz0wTnjkmurD8UYChjYYicKzpxpyio+z5nzSiknJc3zV9Et1dGNHgbMY0Z0/bUOaVRS5rtxs5Jt2aa2v1S7ao+DvCfifTvtGuXuk2SXlxqOqCBLCRczIROdiqcEnEZAIAPI57ipoNX07VvHlpp99pKpfCCdZLIqYzFIrHBzIRgg7ePoAa+1NN/Zh+FegTx3WnrqHnx3bXKSG5cHex56PgHPQA59smpr39mz4ZXd9LrF5Z6idTKFlvor+WKU7xuHzK6tu2ngknA/MKfFGX1aHKqdXmU+Zx9mlBJ2lZN2k5OysrNW6WaZVPgXH08S63tKFuRJRUpSi/hd7NNp31s7x+8/Rv/AIIkRyD9p7xBE8DW7WXhcvLE5AAhZpI4mZs45Hrjvjg4P9U2uSKkjE/MzEHAHTngBhxg5BGOOhFfw6eGbK++DMs+v/DLxF4l8Ma/evYWb39nqk63NzElwm2B5GkDFTwNpPOWGME1/Zl8PNWv9V+Gfw51DVJpJtSu/A/h251CeYkz3N3LpkDzTSktlneTc7N/ebPC5r8s4hnGvjpYiNTmjV5bK3vLlUbJ6Wa1Xw2R+ucPYaphcBSw84x5qV48ydk+aULd76NdF5X1R000g3c4wTlhxjjsMenbkDr0HJqmRN2QScgk5JyW68Z44HDYIBGMkHqshJJyrDbgAZBxkc5bJ569+c9ThQICByGUDv1/4DyMZGSOxPHXINeCm/utr62batt01T8vX3lHaTu73ceZdNLK6d7tK9lzO93ytpMV3+ZipHXjA6jp1+mM9cDv1NIPmzkcs3OODzg5I/ujJPfGeBT/AC+hA3ccjg856Add3OT2xxgHrPGg6hTn15Pbk9c4HcY4bgAin/X4r+vx6CcpP3XtezTV1b3baaPS12/dactOV7NUA5YkKx4VT2xgYHbcMZPOPqBQUBOCMjDHJOATx68DPvjPpxUwAUHcuXbAycDHuAOeOcen1+WpMKV5UDAGCSRnHrxjJPcYwevpUNWs9brt8uu77O9766LcjltvJLTs+8bWat011238ygynIJHIBGccdD045B7jj5snBGKaAoABK46EYzk4Azz75GfwPSrh2gDKkMBngbj6DcDkZwT34xmoDHnkYBySucYBJ+YdDkfe6j2GRjBGDu7X0ta9n+aaSv5dfU01skndbNpq7blGy7WV9VfRtJ76QqBnIHsOwBcchu2SRzgYxyBjJpwVVIzyO2cjcOQTg56dzgdOWycBfLAUEH7mTjkgKfQ5ycH3J4P8NKELYYEnHGCowc+vQqeMY9Cc8CtGreemum3W3yvvpvbveoNct21o01y2i7JpbaJq97vs2tHdJAg7kZHbpk4GeM4zgZx17Y60MAcZ/vcc4Hf17e3WpVjyDuGPmY5B4PORxxt9hjqpGOaAmVBYdBwBjr3IHByDnjoB2zUuzWvdLtvbT59SmorVO+2nf5+n3P7iLCkkn+HryMgA9Rz69+x9Dmn4BBYHgAnkdvlGPrk4I6k44pDGxOAdoOR0xkkc84+bjqSeMk8DAKCNhwuCufmB5xj1znIAwc9eoOe+aS3Uuq127X6f1dJ7k2ja7d2mtErb2T36q/e1tfRWxgfMeQQRjOSc856gdOME5zgHIqPZtGHPT2424yeOSo568d8AE8WNjDJHzAHJ6ZOeh9ePXGOpYdKRlLA7gD+fAwOn1HHfPPTAzpGS97d7Lrd7ay287+l/SUluo6NK90tdU9EpPTTtpd81yuQAuMc45H3m46ZIHPX1yPSo3YgbDkAgdv7wyCMKc7txGCDxnBUDNWQp5PTsOmTwOeenPy9/5YTZhSGAYEEqcAg8EA+uMYOeGzwOhyXslbqrNaLez018rNX763ViVf3bNaa3tforJ7XWraT7sqnkBQ3II6HCjnocgH1yCOcAcngv524PIGemD8xxn2wfrjp1qXZ91ivQd847c5HBz0weoPbFKy5wTjue2B2B57hcZznr7E0KSb2SetrbqzjbXs7Xun9+oWd27paq9o2v8On4WW/bpYizwowAPzI42++BjBHyjA9xw3AGTjrwec554AzyO/r78ZNSkZBwDz94cZ/vHnPUducDt0zTHUZ6EADjA3DkdD6ZyODgZqr76X0/yWut/u/LQSg5NSU7axtzLp7qdtb3e66atP7V4HCgDAYHIAHXOcYGM4OMHrgHkCm4DccsQDwQR34OAcgYPbnGcg81YMbfdYZxyeNv6c4Ykk4XjrzzgoQBnGe2RxxkDJJ4PvySeee1Gl+y/wCG821+PlfZU6NrXn791rv72ism7tX0b91rtZIiG7IyARjGOAQeuCOhHpgnHX3pWGSTnk8kZ5GB0IwR83rzj3zTjknA4/DnI7g8g59PTOQeimNp47/Lxyceueu3HU9uOcUWas9+l3qnttffyVummmylTeyd4rlaT6/Jp3+7ffzYy84xjuo685OcHtt4OcnBPXuRUwD04H3gRk5+8Qccd8gnB56k8O2gHBJIPTr9Tn0IOOR1OO1KFz6/N0xnHsSOAD+QP4DA9d7W91a9lbW3XTZ9+vfSENNXaTjaVm2mujWyVk7K9+Wy03IsZxjBBIBPUfLwMg49CQPU8jG0AVlBI5BzkngDjrnBI6H15PXnhplXb3BGRuHQg5B7jr2HZRyQetBQgAFRgEAkgHpnGCDwCecjgcY74aSSSve9k/T3WtNOt02npbZaEuDSbaWtklZXWsU5Ozv03Td73927ugwQQvOTzzg/qevAOV4z0xkYeVwCCTjGAQMEbiRgDGRn5gQR83zAE5JpUCcED1+YEAbT9f4XOcdScc98OBViBtx82CGyARwB14UgMAAQQeTxnJra+l1HXTulHo0/k79/Uxs/yvbXs2r3Wq0b7pMiCDHTOO4Jx/vdRt6Ywc/lyJAeDhchQF9AoBwQAc56ZGRn5cegL1wQPYltoPGe5x249ewAGTwWhQM4G05ye4PGfXnqeDzjPABABHms+aLTVtbaJtLppZJ9r6721stL6+Tf4Py+Xy3WpMmzOGLZJYlV746A889QBg4+YHIxgPGFIZTnGc9QSWJ9W5A45AA6ZB5xCo2A5xnjAJwAAQeABnngnA4wOc8mY89QCWAYnocc98DHr0IPAz0q9f8Ah/l/wfmUkm7X30s+q06a66vr8tmn7uQQAC2Cx67cc5HPfpwO2TnPHIfE5wPhp48IH/Ms6oT6Y+zMMHrnjOeMHHJJzjrAu/AbA2gBQOmDnqRnOeOp449Mjk/ieAPhn4+C4Cjwrq2AM4wLSTHr3wcHr+BFOcoxo1L9YSWiV1dK+ra367pW0erNMNC2JoPRr21N6Lb34NXvbpy6LRJeWv8ADj+38I774geEjIsO2O5cRoIk2mMsMhhj5gfmBz1JG7Nfph8JbdD+wb4whSFI7eL4aaqSojVY1aWSZckYwD1IGOvzEZJA/MH9uq31G+8eeFhZ2txeeRFcySrb280zKyS/J8satljyOS2c4x0Wv00+GGtQ2v7DfiqyvLaS3kj+Hb2U1jIGW/e4uJpNqm04mfIIJVV3BT8vOA3zeYKm8gyZR3hjYTdkrpKUmlLVNLZtys9E1sj6/Kak/wDWTPOfmjfBuKbTSsoQ5uXo7aJpKV2nZXPw/wDBfhu2/wCE98KP/aiyujWG6BmXKb5UG0AcYboQQMA4ORyv9bPw+s4o/CGtLG+wR/CyAYyOQLE8Eg49hjjkEccD+bTwnoPhWO48O6y2iajBdWj6ZJezw6LqLSvDbyxs6xRiEs8mxSM4IO45xxj+hP4f+LrHxVpniZdAiuo9OHw2soIDdxvBcBzbBGEkDgFDklSpxjpwDxxZniZV81y2Tw69lTp1VzyaV5PkX2XZdNbvT529bKsNChlWYRhiJTqTr05OMVPmhFOOjulZNvV3021R/Lj+1z5c/wAX7+OaCCVYopggdFb5jKcttIwPmzjk4BP0HH/s9wW1r8QUkgs4RLJabRtQBlJIJAYDhiMjcCDkVoftW/23cfGXxAILZnggmniSXypGGYpHTAZRnqOCee5wVyPIvh74s8SeDPES6kLJczwNDG0tvKUBznI+U4PKjPA/Fjn+jMhnTpZRliqVI+7RpNtOL5PdjdXbt1S33183/M/ElOrUzvNGoySeKqRTcXumle19n0t/MtrWP0P/AGgJxZ6H4Hm+zmW5W8LqrBZAGCEpjdgbQOAAS2MAZxX54ftQ61c+JfiK1/qVlCt7/wAIxpFqI1hUAx29uqI4UggMVA34AH1619SeN9b8T+MvCHhDVNSDwkag628cALKy4bDqOW6gZBHA6jnNfPnjjQl8W+PJNS1OS6Swj0i00+QwW7eaJIIBGQGwB94YJ+X0x1zvVnSninJuMIyUuWNRpcyXIlN2bS+V/wBDyHSr/VlGEajTmtottvRNu2qa33as9Dd+FGk6dpknhGSy06KzuprVTNcqqLIxkZTy3J+bPHoSB1yR9L/tCeZ/wq+5t5D5yzC1UxYAG3aoCkAKu3ufTsMYYfMWj3p0/wAQeH9KtTdiyt44oEmkhYkbDlW3Y4JIKkkn1Ge/0p8ZrDUNT+HkFlDIkk920BUyI3+r8tQclQcEDByAMH7uBgDxMbGLxNOd7U3KKk4tKFouN+t9Vontd2Xl72Xwn9RrwSmqrVldW5JJJbPV3a0era7aH51eJ9D8QeC9B0nxTdeEJLXw7rLSLYX9xE/2e9ntXAkWCVsK7MG3KBnOcgkGvoz4SXmm6v4l8M6jpumCzNxpChkAU/ORh8kAAsSM4yTzg85LL4tsvH/xI+H/AIZ+GniPUrU+G/CEhutJigiaOWKdgBl2RcyYUkHfnnB+YgbdLwD4WuPh5qGmXf2hru2sraSFVdHzvcE8kj5cHoPTjtW2JqYWVGSpOHNaOt0ptNq/Kk7NarrftbU5MJQxVOvF1YtQfvNpW2cbW2a0fbouyML9p9D9t8OmeMKqPPHGDgAIDg5JIBz95SPmzwvqPmfWUsYotMFrApkljCzHzM5yVwRljg84H1GexH1B8cdK1P4ky6LNaL5KWUc7yfuZirPJyV+XqAc455/ixkZ8lsfh5e2sHkzWy3U6KixMYJztwQc/d4JIznuD6Z3a4Wth6eHUJSg5Lq9GtbpLR80ntZb99jHGYXEVsVVqU1UdOSSTs0rXi3ZbO92t+61tc+g/AkcEOi6Pd/ZhbyFdPidFXkjzEG58k5ZuME5JwTkcY/WdrmMeBTKGOIvDaswByT/o6kKeCc4H4kkj0r8mtEvbn7LpumixuVeF7ESsYmVBskQZTjCgY284B5IwTgfqnPC5+H92IVZpl8MrtGeXb7MoGM5BPK4yGye/pyZrKhXqUZUrckYx5rLd6Nu6b0XVN7X9V62TRr0qVWFRScnezkn9q1kum2ltlby1/HL9oPXdM1jwmtg8RjnTVw6EQKZn2yuWzJjdgAE7OMjgryK+PtOsbSV7szR3ChCAgEOAvQAj5QDnBzk/dPSvrf4heGvF2pJHDZeH76UJfvcSuICRgTMw3KwOBnheMN3GDXl954U8arvI8N6mvmOCVS1AUlCqnaduTng/n33V6VDEYGlRppTjzRTurxau7WWkovdpeXS9jwsTgswq4ic3SnZuO0JO+itZprdJPfyfU/QTw7BFD+yXelBnHhyVMMBwpJ4xg4JxjrkdcDBr448B2sUfwi1W5kgAaHxMgWRtwKoAowCMEZOR0z0x2B+0NPsLuy/ZO1iK9jltLxdCkaS2lTy5IcB8K4YKQuG3AYI+pr45+H04HwT1yO6BCnXo5o2OArjAUfOMnqMdxwRnPNZZYlU+tyWibk07rVJxbva9tNE+/fVHdxB7kcspyTuqMVLTZ21Ut7JtWvvfbU80bXb3TfEVq+n+VHHa6nbX8X7k7hPDPE6MNy7S2TnH19RX9B/x+/aIsL74R/Bbwn4q1tY9P8TW+mavqN4lmIr2x1LTtPtRaIZCoYIGRVxnBOCQeCf5z9f1AwXcd1BbqWivIGVlO7IWRCoIBIIJHII+6Dz0r9BP2qfilqtz8K/hddy2mn/a2s7G1jnEO54FFhAiZTB2427iQqlhkYOAT42d8PYbN6mXTq8rnRnVaTtpGdNJWTeyflbqrtHRk3EGIyTD46NCUousqKbi3tGpCUlu0ly3S0Vl2aP6z9I8aah4y/Zr8Calarb3WhxeEzcXV5dTxtKfJsDb2spYEOGlKKAQQATjnof4VPHt1aXPxB8dvIrRF/GnigxlGyhY6pcAbSPXb14A6jjIr99f2fvip8evHn7JHh7UdDTTodBsbP8A4Q0yXMt7AmqQW5kluryGQ4tQ8ERKoinduAGK/nM8cWdyvirxIguNmzxLrSyBWYhpPts/mOzfeYF8gHOe+QTz+feGPDdPh/NOKKKqwnKWKjFpS5moqpLl5tI8vxK29t9NUfc+J+c/2xkfClfklCEsPOpJyWk5zjRi1dWTaabum7L5HosOreD7Xw7fW2rQumoxrG9pIuyQTzllIRm2ttRV5baQMAnOOnn411Li9kQgx2u6PZs24UjjJwM8ccAjt68cLPpGo3aFjcF4zkR/PJtLAHDk5O0dySQBwMio7PQ9Qtx5bXKF2kXzFZ2wke4ZGM8cAktkHuOlfrioRpOprNupdy55Oydkly3ella/LZ23eh+QKpUqOndpQg4pWjFO2l1LZyvd2b3V9NLr+lr/AIJ/fErwX4T+DXwk0zxtqU1ppeo/EeaeK/e08yzSVFYRRzyuCi7mIYD73BB7V+cv7VesaB4u/ai8frpEIn0TUvG6wW0sSyJHI8uoJA8wzgbpifkIUAKQQck5w/hX8XvEemfBfw54Kh8NXOpReCfENv4p0fVTFK9lLfLdBjDc4XMyYAJTcVYDlSOT5Hf/ABCvPEfxP1LxPq9gZ2n8SWOr3VpZWhi8u4jvY5TDFGFCxxbxjDAbeCP4q/I8l4Wnl/EOfZzzuMsZ9bVKDqRblKdX2kWkm2rpJWk9Lpdj9z4j4qwmacNcLZHTnObwawarN0XG0YUoxkrtK9pO6e1mvIyv26PA1l8OP2gtS8OWMLWlpB4N8H6hDbu4lcS3mkRTSueWXDud2OTxg52kV8l6c02oXES5EZfOWZCi7OhdmyfTkgjtwe32r+3f8T/C3xZ+Ox8UeGtPlsIIPB3h3TNSjvP+PiTULGwSK5Qsw/1SOpSLBI28rnBx8jWWp2KRSyR2+JWG1RgFdhPRcDIHIJ24z16YFfqfDv1p5Fl7xUHGu6EJVI1FaSm/RvVWtZPq+a+tvwzihYaOf5hHBuM8O8RN0pLZrRp2vdKNnFerv1vyXjfwrZLdQmKYm4FmZm2tuErBc9ffBKjBORxt2ivC7MXkdzMxidV3NH5gjck4+UcHPOAuB1J+YZzmvdPEmu3f9pQwi3ULJbqh2qpcRAY25YfeOc4HORjsM8dqjXehx2xvbZ4oNQ/f27bUZmVcMGx2YcZJORz2YivfpOMYLmSg02rO3vXUbetk35Wur63PChGupc0Itq2j6KyjGzvprrfTRabmLd293DpUB2TmQvl4yhIAbJUZXjIGBzyM46c1c0TMYWQLJE0ZUcqQd5PIBORt459fXvWhF4qiubEhlllw4QDYgIAPBOBlffBwxzxg/KyC8EpEUSSsshRizAAhgRwzAjnjHBA57850jyuUnHS0bRWqtZJ9bq+rat0d+1plKrFWlGyTv1a3V9Pvej06Jbv+gX/glT8dfDPws8G2tvql7dPq0nxMtJ4dPjOYZlkjkSOS4jXhkDsNwYFQASxBBr6G/wCChWuaX4v8N+E9UutVglvbnxB41vrqO3uFNrG5kgMEQQEIrKDyuCNxbH3efxy/ZJ03xXHFLrugwNL9i8Q2yCSTBhjkKsQWDHG4AEDI+YkAHsfpT9prxFqQ+Bnhm+1Vroa9d+PvEkEzSo0awQ+YmQUYArFIQTlsFsH1wfyt8NYHC8bUc3pScsTicaqmI5ndRbp2jFR3jeyd7eqZ/RFHivG4vwvrZTiIKnh8NlvsMPLkUXOKxEJttpatyX5Wdrn52eJ7SWTVGmdYoVLbFjRgC0YJZSNpKg45wOCD25x7ztB+AmhtJMxaXxTIu0DaAEljCkjHzDnqQSckDqMfLN9qd3dXaSTT+YysD8o3DaqngkfLwMj8sAdK+obiCe0+A3hye43Dd4kimjUDjbPKgjbqTk4OfTocn7v6fj2uSy6zV09N1dO6002s3e6Vup+D5HR5cU5a25G483m43dl0tr6t3XQ8V/bJO4eB+BxpEXHQkCBcgdzznkjGOgyBXwfJGhuBgDZtJGCRjC8gHGOpOfRcYyBmvuP9se5ZrnwcrBjjSolAA7mBSf4Tnj3wAPxHwo8pUEltjZJAALB1A6cex54xkYHYr4VOPLTj1Tu7pbpNva19NPQ+ix1/rMmr3cKe3/XuPz6dUvQgeM+Yy4BCgNwe5xtJAOFIz6DkZz1Bmt7aaQiGPc7OSyouCxwRhSQc4B55weBkkMpqmbg7Xzkk88DZ1BwTk46HJ4wFHPJBpqXEqSRtDI8UgH+sjJDrnkfMMEHJx1BGSTVWv0vpbd9bL1u36nLF3avey3s7Oztp16+u+i0R9ffCz9m34r+L9Ml1q10CGy0tyohutTv7ezWReMMomdWKkfXk7gxAIr6r0L9mbxHpdiG1rxt4E0RY/KZkuddsHdTlWztWYk8dQMk891Br87tE8S+M7jSzayeLfEZs4XCRWqardJAg4wuwSbdoGfujjjGcrj03w9oT6tp0t3qF5f3jeauPPu55flXI2/M569SeSOw5OeKphsfUv/tdOnDooUbveLTbnNd3Z8tt3aybO76zktCKlLBV61VK0nPE8sW0lf3IU7rXVJy09bH2c/wl+EsM0i+I/wBoXwpYzZIaOwWW6PA+dSI2ZQeg469eBzSW3h/9lDShImp/GXWdaMLDMOk6dcBJcNyQWQjAOBknjI9a+ItG8P6X/wAJfJaywRSRRSv8sgJzlNygluvBGfQdOCK9c0TRNKk1V7e1tYECgMAsSEhg2G5xnaAB0OCM96wnl+Ia97H4iz1fLGnC6VtPgk9LW381uXHO8DTajSybCczUXGVSVWq9bWunNXum09E7NvR6n0roni39irw7eebHaePvEM4d3AZTDFNnqShUfKTjv82cnk4G7efHf9mq2Bg0j4C6xqbI6yxTaleSIrgsTyqkEAnBGduB07mvkfxdpsWlahp7xqsAaGUsyoPn5J3ADkEDleOe2eMX9LuDfJOWTeYIYQrbgh25AGDx+PO7I5x2iWV05JOeJxc3zKzeImm7W0fLZLRPsltujdZ/UUY+zweX0lvHlwsLpaa/vOZyeu+3dn0/pP7Qmhz6sLPwd+zt4Ytblt7wPeyy3DqVQnI3DauCCTnAz2yc1i6x+178S9Lvm0vT/h/4B0KcO4EaaVFO5ZcjcS8RyRjuoyee2a8x+G93LbeNvnUfIj8M5IVGQnknAIOSB1+YegOOW8axmb4iSoInDSuCiou4srZCkEjIJyfXOc4IPMwy7C+15JwlO0FK9SpUmt4tby5bWe1tb7a3Q+Icw9h7SFSFNufL+7o0oPZK3uwvq20vy3PQfFP7Wv7QYs/Mg1fRdJDLkCw0W0jKKSBhXaHgjspzg8dMV4hrX7S37QWojE/xI1lFZSD9lRLdQpHIXywrAEjp2AGM9+g+Iemy2dhaxXMYtlaFHKgbWAJ6OGBIDEYbPTdzyDXkV1BbQW4klYMWAMakjAXjO8cA7gCrdM5J2gACuyll+DUYyhhqLXRqnDfTdvXp53dlY4amd5lOUlPF1423XO4q7UVsnqlbe2rdlrdL9Dvg54l+IPiD4e6Neat478T3NzM9wZHF/PllLYXJV+fvdSTgHPGDWlrtrrFwHhu/EHiScOz5MmqXgUrnBAHmjgYOT2AOQck0vwGubdPhxo2I0B3zKgXB+XccZ3EDb0BB6gA55yPQb54ZGkeaNcBiFZmGBuOPlJ454PGMnjJyBX0VHL8FGlGX1ahGTV1+7j1to3ayb1t1b0a1KlmeImkpYqs7R2c5tdN22lpq7W6eR8afF7wFPB4M8Qa3Dq2riW2txPCTqN58pHBzmTGec45J478D4St4p7m3je5vbyeR4yf3l1cSYZTg5Bc8EAcDgAZJyAB+uHxstbeT4UeJQkiKPsChY1IJI+XjPzZOQMj/AGSCRjn8y9C8Pie2t5DsUFTjf0DE8Z9VBz24B6YrkxeHw8ZrkpxUVbRJau0b6W37JJ77O9zhr4qq5xvN3klqpSa95xT2ev36em+Jp/hyGdYxMScoSkjs7EKDk9ehxk8jHHPeuw8M+CrK5kuWa2jkRFYBTvBPIKnByMEcA4yV6ep9C0vw5ZGGDziuEDEEMCS5PQA89yACDxyAAM16L4d07SNOjvzK8e5kIZmKgKMAjgHcB07ZPOPfyKslG6hTas1bTZprVWXTS+22j6GfPUdpKT5uq5ml8K03fXm+V92j5j8aeGdP0/xFpMEEMaCa0DlAg2hjjklevGc8dvXNem+E/CthJbgvHDGSi+Y+xWIJPQ5B/DAUZGCDgVm/EGKAeJ9CaKWGTfbsRggrszgLkHPzZx1HQ846ekeFo7GBHlnmjQOgYkMpEeeuQSQQvLYAHbGAADNSMpQi1Fq6u77LZ9L2vZ7LVO/YwnXnF+812d9krRd3Z67JN7a3Xky58JwW9sTDhi0bGMqqnBxwTsyMYI+9yAflPUV5R4m8PzW/25ZIWcyadNJkrxhQcEEc5PQ4785xX0k+raPC67ryJ4WAQbV6HB6HH3R24JJHAGDXnnxBm0lNPNyl0RutJ4ZCAM5kU7AByeR0HUkYwOczQ9pGcfccrtJ3Xu62TautfL8dLChUdW1nGycdr31cfdXRtadL727Hzp4KS4SOALEVxMV+XaQRuOdwPdTnAxnJDDjNfSekRILWJijjJ2SYYMXz65+bHPAA4968B8FXOn4QtMQiTnKv3Jcg52j5QevQEng4yMe5Q67o1iIh9qw2QR8rbFAXgAEc5wRkDg5J3LxXbVpyajyxtp1S97Z6W0eu6S3313yqTlCU4ryUY7c1orps09/Pa3btYNNOWKI6Bm3YBA3Aj+Lk4zjjPGeleS/GPSy1lpzJGUEZXftIZmMjbVOM44APTrivSYPF+jSfZ5DcvIu4AjaQMjpxnDKD3xz34FecfF/xJp11pyT2xeRYHgMx4AGJMhACB0GCcfNgZIXkVhGnUi07Sirq7emj5ZJ31vrsl07WFQqJ1eW7uraO6eqi0/LV+ltk+mt4d0GWCysjLNuaS0iYbic8gdSSQSATtHJ6EccVZ1LTIRIQXVsZLjAznBznOQWYZI+9k5yDxXFS/FCCzsdPisrFpNlumTJtzuVBwOTngHPsOuK5O7+IesXjq6WtvCC7FcAk89emSQOmcdyOmDXpQ5rq65Wl021cWkkndre9nr2drNShUlezteV73aSV479EtVfbSVuh7t4VsIGtnZjudJGZQRtUAEHeePu59cckhlJzVn4iGL+x9CjEmSmr2/CnhRkHqDxjOMZ5GG7HPDeDdY1W/wBMmkZmVv3m0KoBAyRwQB8p6AA5zyDxU2vm7k0ywE8jDGr23D4PGQAAvJHrgdPoauVN8sbyV1bq3eyW9ut3orrl5n0d1jTjJVVBtPS75pPS1t7rl05l2fa10dvqM4ji3htzEhODwVWP7u05xt9evHOK+kfh3Cj+CIJWwjMspZAx3EbSw6kkdAMAjtXzNqLrHaIOAySqG+XlgRkFSVIweQM4HQn0P1F8PHhbwLDJHGTMBOWR+gABAzkEYDY5GB9MivJzT4Kb3/eR01/u7dbx+eiS0uj6fhiaeJxF0rKjPVXT2V3e1nd7pK2nazOb04PDfqyACI3luxJyW+W4QEjByAFzjHTvjFf1nfDr4j6D4Y+Hvwdl17WbSwhu/DuiQwi9kigjllNrGFDO5UKBgZxjaoIBGTX8kCXkiXcjKTGUeSSIDkZSQtnB4xg8A8ZPQ7RX2VffGjVvivpHhuwkvtQXSvC2kWOjQ23nyKqXkARGnj8sgbmC9skKMfxfL+TeJnAM+OKOUYTndOlhqk61WpbmlBckHFKPVSkraW09D9+8GvEfA+H8+IMTiIOtXxVLD0sNQUrc0o1XKTu017sZbavS/Rn7CaR8XGvfHPxftfCJTUIh4tthc31ndNJYT/u3EkMZiYRnaeGIJyfmGOK008S+K4tVd5nghsmYZSEyNIFY72VZCdxYZ2jnLHgknmvhL9hK4J0T4mo5klmHi2JnlmZmYt5bfMSxLE4POT6jLdB94MsRkfc3Jw4bOAWAIyoPQnBxwO/PTKyrgjK8swNHDSoUq1alThSqVpU4c8nCMY80nZ2btot3d201d5v4hZrmOYYvGUK86NGtXnWp0YStGnzzUuVa2a975rpa1/YtJ+J1xbQx26G/WFMsoFxIWJAz8x3duQBzgcCrZ+I15NvYTXpYsGUG6l5RT8wwCDySM54HOMDBPicLbZSd+cKcLkhgTgE8nAPYk4wOwJwdJJFG0rIdxVPlJO7DbickYGM45JbHoMECanBmTrmf1aLcmr3jF220V0rL57WXUVLj7OlCCdZNxcVd8rcn7tnur72ult0VjV+PPji4u/gd8UreaSctP4M1QMGmd0U+SdoAZzkAZyMc9cE1/GPpEgGt38juQGku2aRcMVDTy9Bxn32k+n8QNf1y/G9PM+C/xOELF2Pg3VG44PEJJJYegyBjG0eucn+Prw/HcXesX8asSvm3YdQCACs0ncEdOQcnpwM1+n+GeS4PKauJhhqUaXtqkZyjCNtUkk2ktbLZa/NM/H/GPiDF5xgsJPFtzdGnOMW7pbxbu11Xq9tkdzHo1jfpPfC7ZQFkBUOdzOOAXXoQTkcKCDz6ZxZ7a0tLZt1wqoWUADO4t6nIJ9BnIPbHHHV2umS21sVUliW5ZULDb025IK5AGOBnIIJOCKxdc0d54nKkhBgKpTYx4JODtzg5I6gAhs46V+1pcui3d200tX7qSvpokrWTs3ufy/KcasJzs79b6Xu4979OiXvdOy4i7uLK3DNFdjy1KnJYlwQRkrkYHOMnAGAMntXnl/cQG+llaQ7OSjk53ccdckcnOMAdMbsZG7f6TciR7fYyqBuAZCGPXI+XJ4ORnn+Zrm9Q0W5kKNGDlY2JUjKYH8Sk8Ek9c5POOvIwrqo4NJr0V2uZJK+qeuvrpum0dWWyw3Mm2rNK/Mle+l7q+1+ur8rmRDIXuI2RFKtIwGOjZyQScHGOmMYI45yaw0khttSupHRfklJKqAAu7vgAfdyDk+uO1bFjaSCdImLLsdiAgJxkDk8L3yAeOeTiuXnVzf3SKGOZm3c85Xuep9D97gc9znw63MpJy1fMk0lF+asls3u7/f0PuMDCMqU0muVpK8VF3Ta63st/JWezszvbXVdMCSRtdyxqXV3TJ+Yrg7eP4QwBOB94Z5ycv1XxekAjhtLqWeFERdpJU54I4xxs425xkg8DjPCQRssNxOU5iGASDiQsOBgnkAjHUkHjk7c4jmSUsXyVLEYUEk8ZxnGBt3Y/iAwAfQw8XVg1FNXVrKN3tbVu1uqta+t77thQyyhNyc1Ll03urttbNPs7XXkulz0G88eSXsJtbmIzBcZduWIXOAoXIIBGCQSewxgCoJvGW/yT9mIW3QRohwAUA4IzjkfewDngAchRXnyRyiN5iCfKOADnPXHynoDt9uO3QkE08cgXeoXI3AknoBydowRnnPOQTnrkifr9Vy191Pvq7rl0el0uvX9DsWWYRaKF10bbevu6NPV+t9U97I7MeLCH2m3Ijbn5cqRzn5mwAQu3nk/8CFTS+L1KL/o5242ZOdwG7sMYOD689OTkZ4FnaQ7SONpCtkgYwDgkHGWGSSBwcjju+WQ/ZzxkodqnJAAIwMDup7HqD7gCoePr7XutLadlB/h0e+ve9h5RhL35Gm1q073+G22l9lvfXY9EsvG1tZzITBIxPVwPmAK4IJICn+7gnryOODtp8RbR5FLW8jcMVxgDBJwGUAMD/tDPc56E+JGRQeRndyMnGcnpkgYx0IA789iJLeZzIFZSyg4H8PAGSO42kjJHUbR160LMK2ze737qyWvbvfW2t2TUyXBySspKzT91u20VZX7K2r66avfudb1GHU9VtbtkwrqB5ecsAp+UknPUEdO/HBOa7XSdpiY+WTtRDkNxt5wBnAyoHbn+LgkY8uld45LJtvzbevU4PA6Z9c8d+eRkn1vw9pss1qZGZUVlU9SCcjOBnpxk8+uB0Y1thJOcpta63vbso99nrs3uvu58yj7GjThG9oxUV1bSt829NHq7rTXVW1C52lCqk5YgjIA54HRgR/EMEcHB5w9IH3h4iF+cBfujOMkLyOp/hz/d65rXS1h3IeMQgB2yBxjkdWycAc9DwVPrYKWzMuB8iktvbC89cbMZyvGMjtweCD68acbJuWvRLqmo36Lb/wABvt3PkZ1pSbs210srPVx2trpa2m69LPPmjDRgHdu2bQNqhQc8sCBz0AIzkrjgEAVlBJot3IYFgpKqpwM9OB9PmPTJGQBx1btZymPG5CAQSOVYgAkcLjknkMAc4PViS2K3s2kfKty4CsM4Yd8AEkqMHqR154yav2akrJrd9Xdv3W169Ne/VWMfbVLrq3ZX96yvy66Jq7v17b9DnFVlOHYAJjcAoBweeeOQc5znjGFAxUv3TtjJHyMfmG7CtkYGMMDgH3ycnIya6ZrOIE4wASfvAEqOgJJ/hPY4PHTJ650qwxO+TuV+AFXt6A9x09CeeBxUOCgtOmmt30ik7Xtr0dt9la7LjVm24pSXrrf4bSvfS99O9/JkNmoAXLlcgiQEgZU524GOMYOO+OmeM/OvjWZrbWZpiTsS4l2gA8524GQc9GwBxx90Z5r6KiUF92cISFXuxAzw2D0AzjPGcdDxXzV8RGJ1GRS3Bu35GSCuDyRzkfThSSR1rxc0mlTvd99Nb6w6puy0d1a7d9LNH1vDUpOrLmT92Cav9q1n23W931/HkXvvNwDIdoLE5wSOuMDH4N0/PFZzuS7YY/OeORnAzwc92wMDoBUKqF3ckk/McHGPT8QDzn/x4Yqu/wAr4yAuepHDYPrnr2GB0yevNfMKok76WbTWr1a5b9NLxcbLv8XVn16buk00vVb6N6a7pPX5pJKxaEqrvBOVx8qfeIYlgdxA+YdCeeCcjinxyAADC5YEYIBAJyMkgDnI5A65PrmqAKsA24d85JB6HGQCDk4JyRt9R1zIrA5wV6DceQcdcDJUBjnBOCPem6slslvulvs38WjS0stHsk1qxN3ff1ae7j0v189drNXLRcInGA33Tn5u/wCIJ4Jz075zmpROvlqCdzj5uW2gZzgZHA25J75x0OcVQcncSSMAjnrt2jIHA4BycAdeDnNMDfxcH5vu7twzgH7vBHHIxg49eDVRquzTaacraWV1dXvrFLRPTZPfe6cVey6b3SSu7rTo+XR22f8Aesy9JNvJJPBI3MXI3YONo7dcjPPOeB30LV9j5V9oyNuCCCThThiCNwGTjDcHn1rBQt1zkHIAA4JySS3bOecd8Z/2qtxSMNoJPykHIAyDk8A8A+hB644IGSu0JQlJWnaWnrpyuz6aLV9Hr20qUFy2SvdbXf8Ada0el31aW+tnqe2XPkL4TgaJg7rKqZ3ZO5gdx2hjwCcnOCOSR8wFX/DMZMCKxKFD7DJ3Ej3OBj+7k89sHh7B4lsrdElLM7s7xtllTCnopJGMjII+YHqRW7pXiSy0zct2sjPuBQIA43ZAXPBJwM8jGccHjFejg6kYVlOc0tlZ6LdbO3lb07rU8bMKFStRlTpQu0trW1sndX2ey+67R6y+4rtw5yQcgbhjIzhsZyCRnrnBz0O5GiYM/lGQ8EYwAzYIJ3nvxngA8/L0JriW+JGkKhT7POSpyGXALNg7fl4PQ8DgjGRUP/CzdNWPYba4bccAkAYByMkjALAnIzx055yfcWYYZJL2ye3drddtFo5K9ntppZHy8cozBW/db6763dnazd09Lczuuux3eyUYAXKKQxyCrEjaCFIwOnXn6HBFaCyuoVQSDguGI3DaOQDjJbnPPU8Z6HHmA+JungLELCdwMkEEYyejE5yPoDznB601fiVbKWRLCUkAlgxyrBuchicEY2kgHHXjA+ZfXsI1rW2tbTvbRW2t1clbR3aerv8AsjMHbmpNbJ67NtOy5ba66WdktD1QSRl8klmIYlAWK7DkqQc8YCnjIIxjK44jRInG/GEBIAJGQQcgkZJKlcgLnn0bPPlS/EqOOQ7dO5KELmTbgkAcHn1+7lc98AE1CnxMLMYxpyq6q+W35UgHlwN3J6YJwfQdaFmGCiv4q1u/hvf4bPe7tZt6222KeSY2W8LWa3d91pdK66rSzdvU9iMcLPIYm3EKQCScfdwQASV4JwAPunJ5zzlXcWwFosghM4Byynn5gQfUjIPTHXgV5xB8Q1R9v2XjaWCBz1Ock7trbeOc9SDwCM1M3xE2pj7EcuCuCxLdcLjAzjjg4IwCMg8lPMMJy/xN7OyV7vXu923vd6WFHJsbFpuK+LVNpWs1d+W/W17rTqVvEU3/ABMLVPMJbCgHkAbWXcFGMYIyQBkg5BPUj6w8O8aHYfvC5EEbFQSAWKqWJJzhjgDjgYGFAwB8Z3mpJrl/DKkDQtEq5XOByycfeAOT2xn0Jya+ydIM9pomnrHah3e1hdvM+UDcoJIJGckcquc54OMED0uGqilXxdWPwyjBLrrfSyWieyvquurPP4phOGEwMJr3lKSet0tIb9PVaKy3TsdDaz3RkTZEgBBJDLkDd0JfAUHHABJwc45wBPILuTCYiVHzy5GRjpgrhguAQBjbg9wRnNtfEF5DEsTaZA4BYgFwD7sQDkjk4Yj3A9ac/iHUjvxYWaldoXJ4QAk57ZGenQ8A9VwftKWKp095T5tNur9xapJp2srJro9ddPkVTXLbmSuk3Hm/w3tbpuraXW1mrl6SO4giIOwjcOFcbmJIOQcbi2CDkdRzgZzUP2iEgIZ9qkbiCQWyvJBXIPsOucY64zyNx4l1lnZVs7chSTjIIPy7QwwRg47ZGMdehGQtxfz3HmCCMPhsiNnIVucncPlU5OSOcdvQaPMYJaKWsle/Ne9ot6xXm/KzXZJV7ONk0007LWT+fW2l9bHoMRXJy+CxIV2JCKuRjOPpwoGck/j1Xh+4S3vo5GIV2BXzAdqbANp54BBIyBn5h0OcV5HGLuGVS88iA5fEjIy5OBhQCWdh/s4PGOpOLcd3fptMd4WJO3aEYhWzjGAMA7ehxyc8nnObx6lzRcGm7dUpW0vZN201s932skc04KNSD5kkmnrq3blvo7W7cyu7+iPrO0kRlEhdMsHOQ/KIAOGxwGP3s5B5BHcnx3X72Pzr9yBJiRxksAD16Dnjqc9scc8HK0/WvEMYWAutwkgxz8hC4xtY4ySAM8Z6ZNcRrl5qJmlguUVPMk3KASdq5bdjuQeNuCeTzwa4MXXi4RUbxWqs09L29L7u9m7vVJHfCo4pcqb3afS/u6u2rSvp10OT+KF1G/hi1HlFGe8ZpDuJJAyVwAcY4yTjGRn6+G6DdiOFtsYYrMTnIJYlvlI7ZGAe2R1GTXo3jx5/7Ecyv8y3C7VcnCqMEkA9cjaOSCOwGM15joIVrchkwRMfmOADkg5z8pP1A9gAMAfE41/7ba7vyRe17WUFZaNWvq1e93a+iv8AfZak8tjOUVdtK26WkLWd1pe72T16uzPWrDUt8UaJaqcHa5X7zHON/GMZ9yAe65znH1O8slvES7syrcsxViSQSMEjOCf4snGMZz6aujIqxqgQ7pGyMHHY4zn+HOAMDBJ564HPeIoy13GhADFW3EMSeCSMnPOFDeo6cnIFEk5KNmm7xbTbu37qaUt+nfV6taXNOZuN/S6W7va7+dr6vXR9Xbq9KuLMETpF8iKGj+bop/2WODjnGOPwzUl/rVsQqzQB4zLtVEyQVzzk8lsHGCSQOueQTg20JW2iYthTEACONuGA+YjPJbr6AnoDuNPV7d0hQBgE+U7ssT8w+Zc/wjPByTk85521pFXTbTerb33ly7Xa6Xa1tt5mM61WGiXS9rOy+HW7utls/P0NE6no7SFRYglQ5Qk/MCcch+QPoCBkjvydeDWNNijCfZd5eP51Zt2cZwD6Y6DvzznJrzu1gLsBvJ3vtBbIAG05+bIGCcnIyfcdBrRWrAzKHCgITnJ5xj7pPOMd/wASeRnZQjN3suTon0b5bJJu2m26Wq31bw+tV1F6JeltNIva/T/N23tr/bNIMsjm02tvyi7sgjnjaDnHrgHqAfSrlrfaIiyM+nt5m4DlyByRxtz04H3ckZyM4xXELlH3bxl2IBBzyDtJJIJ5HX5sgnnIFSZKvhmYYYk8ZBI7kdBu5II5HXuQdIwjG90nvqmkteVp6ySvZ6NO3Z9sJYusnG6i7XTvGOt7dElbfXVq2lmkerCVbzypYIAkMcUqxwltxXahG4jIAyDknk+45FeceGJUS/uS8QLNK6gA4JG9sgAgHHqDzkV6F4aKyQM6SEyC0nDbgTjKMFyo5yeOWB+7nHNeaaJKBqTeUN0nnznLYA2h2PyLwFODx6HnsCc4L/aFu5NWUWt78qupap66NN6eup2VqvPhot/C+VtaPZJu3ZprZu19ep9s+PNifBmzQxpIftEZyuzchLjHynlSMDdxhudrY6/ITSLJHLtTy/LRVbC9cAjK4wNxwc54IBJJr628WNPefCP7ULcF5ZE3qeCjFgq7UHQgHsM+mdxr5RnmmSyeJ4hHLIo4VAudvJLAheQWwfUj5v4a8nHwmpxTbaVOPS7suVJX110011va56bqQ5d1Zt2b0TjpZ+rfy72M9p18pMKzlFbK7cHgghgR7AnoQwz3r7D+ATkaVrm6MKE8OXrASkEM3lOCw6fMeMgc5AJyOnxs9tcKqMpYuQQcqWI4BI4+UquOPQH3r7S/Z68uXQ9cOz7RJ/YVyjZ6BisnBPBz83T0JbsDXn0o89a0k3Hlu+nRXfTqm9d9NFc9nJoQtVTfvNN6NN2SjazTenXa9tk3Y+Ibso+oao5Ayt9c4AAH/LeRhgH+L6A55zjBzi3Kho5jGpEauGLLtAyTyAQcY/lgg4JArrta0XU4dT1KSTTZ4VF5cu7FWUNG8z7WBI5A45AxzwW4rkJ2kW3mwgjjJ2hc5YnPQgdAQOxzyB0xjh5W+ZKXupvfVtp21Wifl63a6rkqU4Rr6K0eaTbSd9VZvXR9n1ulbTQ+l/2fJmTUozCjF3urcZwDj5urBs4HHQ56dcnnp/j1CkfjPUnlyWkgiydofe21cKCMkHnI2ghsZ6CuT/Z1G7VoGeUKrTQAjsSJAAoHYBcnPBPHPU1658ZrS6m8YXLWsFtLGohkk84AlPlCktkEheOT3JLDiuqcUo0Y6+9G9no272/XXV9FdNnor97hKjv8MuV3110a1Tdttl2R8bXUb7iwGwMQhjCHPpzlT8pXJJ9+wyR0fgrnVmBXZGHgSSUK24DzMEjgEH+IjByckVsasWe7n8yKEEnYREi4Rv7wPBIHt1HtUfhS3zrLgSnaJLcNgZ3KZFyCPlwR1z1HBxnrk4S3SdrpXtu9rO3R69nbVu1zlw0P3ivJq1923qk1Zt310u9Ett73PqX41Txt4L8EWsYBEaMVl2kOylRgHBB6EYI5z6ZNfI9yu1pmZCDljgbfl6nscjgEDHuSMDFfXnxttTbeGvCsUYQxJHEyyMTkZiBwXJIzkn17ehFfIt4jefJIS2wkjq3Q554+Uj+9nqSCuCQDrVg1JJ9klp2SV9L3Vkl5bdDnx1vbvlSb0Tve+0UrO9l2bWzd0tGm3wxMU8S2O5QQYiu45GT0Gc8Djg4J79cA19+/EyYt+ztYRr5a5mhbCEblwwOCM5/ibI5zkEEHAHwBo9rONZsZwoCyvHEpLdFMgBYA9Mr1POT145r7/wDiTp1xH+zzbOsShI5olWXIJILLlhggkEegI4JGAuK5mk41Or0adruz5LteW1na6v16+1gm3hZdLQSt6qN76a6K19bX1sj4g0ez86QvvBTqVDEZ6ZAA564PU8Y9AaytaTydbgPlkIpUZIyeRgHnjOTwc/TFbmhGTBiRk3pyQQQNuWyVYgDI4xnjPAPODzviAyNrFu37xvnjzjjdtPPXO4ds9MHOO9RyytF22as7aK1rJ7WW/o0eXzyc7O7d9NLrdLt1benRrtv9yfEFV/4ZXh+QK6mFsnJbAIxwSTnHTPPcbSa/OvRkLXluSylyxznHYDb2wQBgkgnbjPHQfoz4wU3f7LrHYxkKRFck/IoIAyO4xnBGcYCnkLXwN4W0S9vNVtbdLJ3Z3CxkHYhKkAZPGR05wRx78a1UlUhdNXjG19vspJ6/P00T6HfiacpU4KLvLlSSelkrWfNfRtqy27K7R02h23nagoLAcyozYCYVSGADYxxzgdRngZPH3bFAD8A9QjG4MDgkEZI4GGAOSOMnHGAeAeny/c+EbjwvDbz30MKXEswK+WwZShPKYYfKSv3sA/3skDFfVYhkm+COorAmxncrkfMqqQpIJYYAGcYJIy3GeKxbj7/LtypNrS2sW0ra6bW01b7JDyqnOkq3OkpSi15tNRsn1urX31vbVI+I3t4gzQ78MR95ihBBHBGSNpznvn0OAaztMs1j8RaYpIdPPj+bcdwBI68nODjj2Y5BJFaFzbGOM3DQsWVivyHHyjgEoARgk5GRk9COoXO0ku+taeXDBxcAlQu0bRIvJz8pxt9COMgkHJ8yPxRS3vHTy5l0b87O2r9UaU42nFvRc0bbrrHv12vu3vbdP7y1S0gh+CN0DLh21EcjoxONvfkZ6j369M/I0lkpuGQnLPtYE5AXA9h1J9OpyTnv9g66of4M3GVKxjUo2wEwc/ITyMDbkKT3I688V8uqYJJHDFfNH3flGCo6Dax+UnJHPJ5IzjicfN06tNPWyi1fsuW/4rRtX2s3qb4q142bWn3q6SWy1a16b3vscjOzW91Yx7FLLPEWIBwV80BSOBwMHHB688Fa+8PF900XwOuVDKztDbFsoQu0xpt5685PoBtr4mu4I5bqznMipm6gQBSMlfMycjjJPcHjnuBz9xeNUiX4JzLjcjrb5kwATlIwAAemMN+IOSetUrTws3JWbjzWS6NJ9Ekm3u9dXd2b16sDL93KNm1pd9Wvd9LdLt9ddz4TaeSaIBRmTAJ+UkbFAIwQM7RjgnsM+lV9HkdvE+n4YqoA3fuwNwGC3ocHJx0GBnnjPYaTY2boXmLEFMA7gNgGPvE5A5Hr39KyFSCHxdAlvIXRYwFAQHB7kkZGBkHJxz19a8ek/eUVde8lv1uld+8mtN9La77tbxhyzjLmavJXV76+61K11Zd3ax95fEeP7T8MfBwUBizoQBHkjEWCM9QSV5xzznqcD4e1/Rrqe7kc2l4Io92Ctu5UPG5O0sqY5bkbc57AZr7i8dahDZ/DjwWzzFclGfC5CqUGCpySceoAH6YTwBLomq6RJGkljdvJM+4TRRtIPnOSVPzEDodyjIORUzw7lXcpXaUXd2u3rHo5X23vrok+h6tWqoYeDT6JyV7vaPTmXR301S1t1Pm34IW4TxFaTSpMkrXWwJMjIcIBtfBALBT0JJI555NVPjxEF+I+pCRgqyRW5J3KDlUA6MMk88juMk5Jyfrv/hHdOtPFmi3sEFtEC2DFHGkaZUfMxKhVO7gjPPK9Cecjx/4P8Oa94jvZb3SrW5uysY8/ftbbtBIJA6YBxnjGADjFa1KDVOMErPSOqv0j0V97X33V9Uc1CvztqLeltNG7rl5lo72fk1d3u9Wz4BhLsk7go8KR7QyYPU5DEHPQjGR3PQcCvsn9m0eXaXaxMVgkjlWRiPmcvE+eMZHII5OOOM4zVi0+FfgG6k8k6M8URX9+0c8hBboASPu4OD3xnGDk1r/DXRLHwtqHiKxtDP8AZAZxDufJQCJtoQcsSF43cDAOepFczwsqac3JP3bKyas3ZvbWzdru+lvM9ClWVSUINuyaV222neO2t7bry0TaW3DeIvD9sdTu5obZ3toryZJWLgfO8m4EAHgEkHBOCxwOTk8ZqkMdvbS232QBZWLK3A+UMoJY54BB+Yg87s5Fa+sC9Se/ZNRdYpriZo4i28MVY5D8kA98ZzgDuVrk9Snumhso7i5DecHV2CgAKrbgvT5WBXnlcEZIFeP7P3nd2buulk3a++/Tezu76nZOlGLjJKzsm7Wad7J3b3T0aV21dPW+vfaMXTUfDKooiC6hpZTZ82cXcBI4z0zjLD3bjJP9S3gO5W/8NaBfSM26z0DS1Iyo8zbahcqnJJOSRwSW5Bz97+Wjw/J5l34fbzV8yO+08BSAP+XmP5lyPUDHDdz0r+qbwh4Ga5+HvhLVdJvI7YyaBowuvMuB5ksrW8TuYkBHAAO7euSQADkgn53PVFxo3lopNpKL3XK7rpeOstbXV73ufoXCLcYV9E7qm7dVpG22l1o9Ul+B5f438N+APEuq6vqfiPVbVPENraW8OnWN1cR2sTRSEZ89SysxVRlcLjOMcgV4nPpfgLwt450K107WNIubPzrK7vL15Gn8u5Ee+S3YvnIVsgbiVYjjIIrF+NHgS4vviXdRWk93fareXtjDZyu7R2ITy2MsTMCFDqV+Xgg9O+a4Xwr8LfEF18QG028a2i+16ra2cE04Y6fbTTMsYmuLggqkCMQXyQB82c5IrzcJQcOas8TKcFSbcXGLUbxu721TSta13qe/isW41IU3Q3mrtbyenvSba1V46J7ddz9KG8SfDe80C1vNP1Gxu9Z33iG1n+zJYMzRMsUkUL4UE4yCepGcnOa+StW+HGr63dLqlrrOnw2CzokulNeQx5ldnYmNIn3gDcCcD0xnoPXPjH+zVB8LLLws0XjHQvFGsX1xKl/puhTM8GnyFFeKYzqSDEwYhQTk4xjGWHxvL4Q1K71fUWk1y70u5t76MQQxz3Qt5AWwSzAhdqA4yD3wABmsMugqidSNZzUlPlU2042UX1Wi3dmrtXd+oYmvG0bRk4ScHeF7t+62rq/bbVNX1ue26NG2hX2l6O5VZodQhQsGDq6m7iBZWJPyMMYye2egJr+vX4cgt8N/ApJJP/CLaMRjBBY2seTjgjkdO3Q44x/HRoekXmka9olpd3jarO+o2xNwWlcbTdQ4HmOMDjdgZH44r+yT4dwOnw68CqVIZPC2ig844+yR4H4noFbrjBPFfnXHcIwpUW9bqeytdp033d/u7NdDXHVr4PBpvRVpK0rpq0I3dr2ejvotLK3c6Foi3QDIww6AkduOmDx1A/hx0wQxqQM85BUcfqBz19TjOCQCcY0RH/s8+4+vTPbr+XXNSCFcDKcE8HPBPQ46cDup4weeCK/L2o8qSu12etnpfdOyWuq+S1aPL9rFO99E7K13qmrvtbZp63V15POCDJDYb8sDJ9uWHBxngbTkjIqUp7KFJ+Uccg4GAR0yOh7EjsObwt0/hXafl7Y24xgDAyxHbpxgH1DhCcdlwAcYPbGMNjrnI5PUsfU1l7KWrstbarR672iraPZ97X10F7eNld3dld6W6J2Wj0bdlp5dL0FQ+gwSckZ6cjnPLH8uOMcHMyxKoKgfdyD1AAIOMHHTI5xng8HOAbYjC4GD1JKkA9DxuPboTkdfTilMYySvr6nkrkAcsRnPYDkjBz30VJaaXbS0/wDAbtronq+b72Q6sJXs0l1s3Zbdtlp1v69vg3/go/Gy/s1XG3JI1zTd3PGPPA9uBg9QO+eSMfzzWV7d6e817p5Rr6zkNxbxFPNDyoudpQAlwzDBBGeSTnoP6I/+Cj/y/s1Xe4rk61p2AD2E2M8cHb0OOPmPoxH84cepapaTJLovlC/86UoZVDIckgZ3AKM4BOcAYII6Gv1DgqCcZxSbUZwi01pzckNlazd7WT2dk7Kyf02V1LZJT97l5sRiLdWn7SKV977tW7qz0ufMv7RXjP4s+JJtGku7iVL+2knWzsmtjb2sFqzMX8pGUIN4JLHGSCRtPfxHQbXXvslxqXiKSMG7tJoUitxlty5YgqBgA4PUZPYivff2gvGfjiytbdtaaxk1GKURQPHarsW3kAZtzIm3cBkg5GVyMjAFeDeFr3V9e0e+vNXjI0tJJ4Ibi0woMnlFymAFIAPBz7YBAr9dw6cKKUacYxTV725k7x1mklaT1vbRe7dni4lxjiWlUqXUH7v2NOVu8dFF7p6WV4vRb/V/7P0m7w0g35Te8SsCpA+fP+1jgA+v4EZ+knT90AXHz8AAgDcowMEnrzk5Iz1OMg184/s326SeGJIlZQkdxIyg5343nbkk9SRjByOScHivpmWFWUtEEYKy5H3Sq4+YqeoOMsQflyCSCACfKxcoOpNt68z0tfX3e2r2006nrZfP9xBtLW6V1ez0vppq720at1035xwY1cM/lNknucrtOATnIPTg8Z3ds5+HPGlz47+1eJ7bSkuxYTG4EksTSkFFc48tOcAZ6jjnOAoAr7zv4YzDHNFcJcJJ5iuEzmMqDu3nGAQOhHG04zzXwp4w+OWoeBdc1/Q59EsL6zP2lbKaQss4MysfM3beQDxhuCce2PQylQnUlaMZpRja7vaLcejv10dru2+qR52czUKcFdwTdlLV2vy30WlrbNPbr2+cfDHi/wAY6f4htNOhaNoGZ7a4doneVmyQd0jkshBGG+YYOT2r3jXfiL4m0NLW2u7SyWaAwtDIkbSG481dwXOCpbGMkgDg5ycgeKaD8RYNU1W3Wz0WP7TeXrylgqcBg+9PlG75UJwT1PJI4Nez6v428Pwmw+1+GxfNHJEFLy+YwuEG7aygkkBhjGOB9MV7danedN/V43jBJxg4qy54uMbqylbS7Vru7vY+fw1SKpT5asm+a6m0kk7RahZaPp2s776s9d+GV/P4nu7XXNSh+zXMkVyghICKQnCsgwHUEHIJzzk55BP0X/bXxZ0fw/c2XhK0mm0y4iCiNkhfKuT5gRpPmBwWIUEZ64JBI+cfh341j8aanZpYaHHpMtrBciYEGKEohAGFAGGODkgKx44+U5+oIfjNZeFbX+yb3SJboWdtHNLLFIPKO0EDZkht2OnB4wMkCuKSbqO0Hpd7RfNdJ3vzXT0s1ttd2sdE5TdKNqilq/ea913UL+mralo9dHZN2+MNS8SaRomra0fEOmz3N814GvbKUiRRcMcuXTGwjIyAwPUDvg+x/BbWIZrq51fRtLMtut4ijTCyKkSMP3h2rwpOByB2BBwDjyXxX4n+HfiO91zWX07UTNqerSXE2ntEQ8ZQ5zFImWZBnk/dzwNwAr379nMeHppTfwp9n0MGfzIA2LkhSM7yQMqhOMZDDO057GKhTdOL9lWSTgk7yXLJJe+mn8Kvfa3ZGmDk41XHnhK7WijqknpdrV2TWz6o+kfFviHwpe6n4Ttde068F79nim037LKPJtpiwUCQg8qG47Y78fKe88e2sGrSafFc309mIns9qrcgGRWCsmRuBbIA6ZA9uSfP/Es3w8ufEOgm8hvoljtY59JljwscjGVQiyJjeVLD72MdS3eu48c6bok+p6JJqd9PaSPPY/YoogmJQQOJGJJYDGBjJJIGRmvDrJ+41zptNczb020vd33bT33Stu/Vg4SjqoxVr8uyXlJuz06aO1n0tby/9op5NLtfCr2jJeQxxnYsw8x5HVMAnjc2085+bGMcgZHkeo/FvxX4W0nw7bxeGP7Uj1C1dpJIYbgG1VSQFfapywHOCQMdOMmvWf2utVuPD1n4IvdJsI7iWISLcQkGRmREQK21Qc5BJ+7lix5454+P4l+ENE0zw9Hr1xFa3mp2CXX2ZoJHMCMoyh3qQFBOdwyRnG306YR5aVOU4Ocldvl5m0m4JSW7bb0atdatX1OfmlU51TmoqOqutF8KW99G01Zq6u99ToPhp8W31nUNF0jUvDOo6fc6tJcSW8zKxtSkUbksd4BVsZA6EAgnPOPwu+NF5q//AAub4jQaZrj6LFaeINTJjaRUe48ydgSpYhjnO1gfurlgODn93PCfjHwF4u13SLXRb2IarbXFwLKIRtCNrI3mmEBQCrA5OSAvXpkV/Pf+034a1KX45fEmBIpGYeJboxtHIwJj3knlSMg5yTzzgfT6Phnlhj6k/ZShD2cJPve8La/PqtfI+S4rhOpllFNxqTVVapK3M1HTa7W/SzWnXTHntPFFxbIZ/FyyQCE+bEb51O0qRtcBvmG04IIwQRkVh6f4It7wmK61RJjKGkHkyxuq9sEux2gkgnGM9Qc1weoeG9Qs4zLK91CgtyA5nkw5UHI4JJAyc4JAG7I7VzVqNRso2EV5Kkp5QCaTIXJ4xnlevXHp04r9Cp1cPVVrX5fibabVrbr3d2ui01Z+XToV6FlTja+rVrK3uWaikt11W26b6e8RfD/T9OkSa6uJJrYOjMLdtxBbABb0wcHAYckDkYrG1vTNNS6iWC7nSJAWIfjcA2CEP8Y2tkEYAwvHOa4w69r6WggutVkjhYqdmQTtwBksCScHBy3Oe+RisS/1HUmlgunvS8EIwpZckqP4gSOcZB4JJ6HHbSX1Z0/djr7vvNJN/Dd2ulayurr3vK5lRlilNKUrR0Tuo3tpra90krWbevTSx9YfCoR2nhbxBd20gnLXbqh3LlUZGQ7uikAkjnnI56V8mzLZv4+26gXe3m1l47pEIUeW0pyhb0bkHAPGRivov4Sag914D8RFhs8u7L7whUEABsrjqpXls5wWOMEV8s3d1BH4uR7mXdbnWBLN8uS0Uc+Gxx2AySSBj9fnEpKtWs7JNNLo3000aemjTtbq9D65u9DDvfRXfS947LR6201sfVWj6RoukeNrf+xbmRIptMvJmhJb9yCjKkKsMHBQ5J+8csSMEV8ra9E39s6k6uoj+3XQZfmGcTtg8DJPQg4OcMccivsLQL/Sdf8AFljeWFsJIU0ieGOVQirIYoCoXywwyyDKsWxuHPrn5M8Uwzf2pqsYjwFvrsBRgYHmnK5+8cHp0I6ZIrWjzTXvuKfu6Set00u2/a6vvpbZYq0acY2d1fu1otOiWqvd7XPcPg+lm3gP4k+cxmaPSw+zJ5O3GCOpIxnB4zzzjI+aYr4rKY/MlSOZiWw5AVQ3pnOD6gADHXkivoT4SusHgr4iW/lTGWbSTtPy5GFy29lzxxkH8OoIr5tazmnPnJG5VQ+GRvlOGIPHQnAIJPQt1AOa0klGSfKtVFvR2fV2bu7W0vq7X6nHTqTcVZqWui16ct7/ACsnpqlre6b+r/hnEk/w0+J0kkjyvFpebTEudnGQccgkZJGATknv0+PrN7p5EVLmWLa5Lss0gdsMVIGCB90nu3J6gHA+tvhPbTN8NviPmCRSukkptyCFVCeRkYJOCTypPTk8/J9nDKxB4QKpIYDnOTgcZy2B/ERyAAcgLXTSgpON1F6XTtvd6rdPRXSb0StuzKtWrQ5eVW1fLbdr3dOmu9tGleyfU+s9NnZf2dfEcr3Tzxx6kiOjcszNjGX4bPU556YPfHynZ38gcQpmK3cybwQMlMc4AHQcHHYnIHcfT2nyIn7M/iyLaxmGs253+XhQpOSeVHb059c8gfLcKLcCMrLgxRKS2QckKSQAvQ+3AOG4Oc0p0XGaUoJpRVrJ6q0Vp01bd7d0Y061ZO9lzOz3fM7cl07K+jsnvfs9WfRni6aO3+A/hiSKPzlbV5QkhOCGOOAOCcYAHJyM5HGa+cbG4RbmCQkt5h2sjk7zkgFkw2UI7dc9flzX0X46eE/s++DoUiczHVpyJVG1WZCMgD5TnaefbkZyCfmO3HmtHtkETxKzOzgMTxuIGDkZA4789TziZwSavG11F7enltt1enXtpTrzTcWr2a0t5q1ndO9+63uruyS+wPjRMi/Cj4Vx26kM8E7BeA3O3kngtweBnP8ACSOlfMmjTym9s1kkKnzljIYb1UbgAwJycgHjBG0EjnofdvjhdyP8MvgvHEzljY3RYgYWQqycDd6BeSSR83rxXhnhu1lmuBcTxv5ce6QFSSQQQwIHA44AAOWOccAEYyVo32vbZWbWiV3prqvLa1kmdUK0nPljFpaWu9LJpW1bsrbvol1Ppj9pTUEfQ/hFAjb0Xw2zKqZBY7cZGwDg4I7Yx0ANfN2j3lybmFI1eJY5YdpWVgzFXU7QBjJ7ZJ9c4PNex/tGapFd6P8ACX7OrgweGmBJUL5hXowGB02gk/xYbDZNfP8ApNy80tpmR49s0BJ28ktIuTg8knncCdueT/CaqjFcrvK909LW00sr291q/V+l72NI1HOovdvJPVJWUldLRv4ddOmq21R9JftISpdX3giUxss3/CKWgYZOWAXGWXnoS2T1zjJI6cJ8L9f1Gx17TbKDUb8WMt1bRyWq3MiW0gaRMK0YJUqrAnBUbckjjp1v7Qsjf2x4JiIJB8KWSmRjksCoOQT1IVj0zwcZHNcD8PxDB4i05TG21L21bOAxASRMqBnnjJ5AzwMHrWUYqVNe6puN4rS95JrvvdWvZa3bvqmbyc412rOKnZNpbp20draatWWja6npv7QN1HYfFHU5RzIdH0//AFRYbSYkYMCvTbnkjB6HODzn/CfxLqFx4ks4pb50t4LuB1iLMUdZHCsC5J3ZGMKc5Jzz1qT9pOYD4l6nKIwm/RdNUDozqbeM7sY4PODjADfdJ4NeefDGUvr1kIFaDN3ag7g2R846H5T1GQOB1HSumh7yTqJ3avbba2zXdvW/TVb2OKrCHO18KTTenRatX083uravXVvt/wBpfVml+KmoST5VRptpHFtJCkCFMnAH3SODwAe5xxXX/stXbQfEjwxfWsy5V5o5I1BwA0QJIz1HPUc7uQDyD5p+0PBn4m6h50jzY06zBIxwTAmA3AxnHOe+Tx8wHWfsyPIfiL4WgVT5UlxPhlUKxGwg5Tvs7g8HHuatwhyuMoXknpdPmTXK9dWrd799ddXWH51J+zfL7r1va8vdavZ8ri1d66Prrq8/4yeZL8U/GdwWJ3ahK5XeS2WycnJzjOc5BBI9ATXV/s/XUk/xB0IrLhdlxGd6/McI2T67Rk4PPQY61wPxaaf/AIWl4sjfeVGszJuJAO07xgszAncBwOSDnIwCR6L8AI4rT4jaOgjklMcVy6/ISQ4jcnGByMD147kc06SUFaKUYqyatqnaOll09N9O925e0nK0k7JpOV7Wl7rbiraL3bR238jx34pw28fj/wAUxwkhV1S4YHceXkJLEgY5z09OM819Afsiukfi/W1lkCFvC2p43ZAI8l+o55HbjB4HTr88/EFmk8f+KZZBkvq9yMDjHzyHoB174zgbQOpUV71+y9bzQ+L9XuEG4HwxqhX5CQqm3mzzwPXnocAewUHKVRRpq0nJWUbppXjfp06pX3eu7WcWvaKUlaKk1s7xUeVarWySteyWrd+lvBtcS0l8Q69EGYRi+u9rLIFEjmUjb1HcnAIJ4AHXn1T9nTRIrn4tadCGkKxaXevuRySD5En3iSByeDjgMoxyQB4nqayza3qrE7CNRun5XlgJmOMfUEnBHJx3xX0L+zGs5+IP2obm/wCJTeqxAKFcqyAdFPJJOc8kk/NwRaunGLik+ZLRLa+u3T7L81e99+enFqpKVnZSck7NJpNNvRN2vonbbpueH+LVkh8V67a+XIBDrV4CS2cjzWGTlj16Z5B7defqT9mOREvPGE0Fvjb4cu1LMRgfuSOcHd6gHkbskdK+ZvGtleHxb4haKOV92s3QQjkMWkfI5BOSTy2CB39B9L/sx6ZewN478+CdGTwveS7XBEZcxk43EDcQSTtJJGOucmsYxpyqyg99W9tOqeqa+S62Z1QpN1OZJpRm/eSvZNq1m00m9tbfPr8k6tZRyatqkhTk3t4fvAYJlIOzu27jOQSOufT7G+EPge/174N+PtS0yPdBo3h+9utSZwcFVXKruA3b+OB2IPA3E18l6lDNJdXDGIiQ30wJXBG0ysBuAycA9G5zn5QRiv1g/Zl8Mz2H7I3xn16WFI01GzudKZpMlljEDESIjEbsMQrZGDuHXJxwYvHxyzD1K7g6kW402tre1qRi5N9ErptNa9GrM9XL8veYYp4eNRQbhKom07twSair93FJ7Wu7p6N/nd8ELuA/2glzIsbtGskcrchUidsKF4DE7RkgkdOua+vbw2uqfCfxrePdRG5l0qfsuDHEVABU/MrbemOM8DGcn5Q+AmkRxNdzaza3ELywXEMDNFuBiWWTDbCCdpDcEL1OBgcH6F8Qg6Z4D8XWunxPJHcaRK26aKRGwW+Z4xtC4UbcnOPTpxCxNFpWUW2l8L1TlypLVru0+2j2Z1UsHKNGUpSacbrlk3o04pWV+99X2TbskfL/AMJ1jXxTp6sHe1LQo4RtoZi4Ay3GCecbeQBxnBr7k/aT8LQWPgbwvqMVq6ie8j80+aSsm6LcgPJ2lcDII3Z4YcV+f3w3vLi18S6bAuCJJbaZipBUlJB355PCkH5geOAGr9Bv2jp9Rv8A4ceFod8sTef5qwthRiKEMHCg5HyktngE45AIJ1hGUqUvZuO60sk7XSer36ebu30Jp35ZfE17tldqMrNJ7+Vlqno+jWvj/wCyvpHh3X08Uxa3YW8rJdyLC0/zMqLISyIhyCX6AkZ544xX2R8ZPBXh63+B3jG807RrK2kj0aBYLq3gWGfaHwUDHGCcYJAyxHzEnOPhn9lPV7XSbrUZb64+aTUpYZBGA5VZnKhj1X73TkDI6ZIFfoh8R7lNY+C3xAsre7aeOx0pBEAoUZJLfKccthsEEHBI6ZzXj1qdVV6Xs5JpTV7OyveL2vy6xvtu1uenS5ZYJqcUnqo3k93JOKSbVra/dv3/ABP0WxkTV9LdIXK/aLMMzsdykOpAyTwSDg/3euOefob9r66jh8T/AA+uWjdCvhCxjUoNzAxxgcjILDI54BHJPc15VpOmXq6xZWP2SYEz207bVJICuhJA7Lhs8dyF6ivXP20tKlsdS+Gl2q3CeZ4XtY3k2swVzGpAbGc9eMYPQHOeO6piYwhHl5XeLUmrXcuaOib7W1W13vYhUOfDTb7pttPW0oPTm2SWvxdGm2fMC6nY31zDHfG9eEBUYqgDggKw+bAO3JPynnJBwBXQ67q+k3WhfYLG3ldotsf7yFQQFcfODt+Yk/KT2684IrzUxX09u0kElyVUqC/kuAOMEklWyRg8A8dOgFULi8v4UNut0TJ8v3g4bgDDHIUccAEjB7ZHFcksUptaJNNadXez11b8+135XOaOHkk3Ceqs3LTR3i9uZttuOnS1773WoY3J8opEkAOMH5SCFyMKeA+TggfLyx6802+03Sn09zHEUkChnmDBsMAARjt/FhflyT1UCuXn1S9ZJIRKjtyD0wCBkHOOMckdScHHzHNU5Ly9CmKRwoYlzyFAIxgkYKnIyQcdfrWftYNST10eis9fdskvPoruKvrroXGhKyfNJu97p/zcrskrJNtNJX9299WWPJDFbfc3kADLMvTAIHDAnBwOM59jitJNLs2h3lCrNhg5KhCc5OB0CnHAweuck8DmHvrpcRmQZKj5sDgDIHIBOACckAZ4zgdLI1G5VEjl/eptBKLgZXaQfmXk89AWxnIwvOeS6c1KPurzTvHWLs3zXvputEtVq2bRp3d5J2V15rSKtu2tbvSOzur3TWzZ2yQ3Vq0AaUG4iLgEFeJQMDqq85PUcE9eQP0RX4a6T4isPDmo3cF1JO+l2igRyFdqhAHA69VBzxyeeSCa/OLSbh5L3TdiPHDJdwh/90zKOmAc9weoI5CkgV9z/FzX9b8K6R4Jk0bVrixWbSbdpyhwXAiXC7ScDjg444LNwDm6vwJ8y3WibaSaitU23s9b63tsQ4y0UXKkrpXTSsny2ur7Wd773Tvpv6nbfBbQbpNltBqSQI6s0Ibbl1xlhjALZGSSeM4HO7HXN8JdPv1SN49TLwQpFC8khPlAYAXBPUYH16/LnNeo/BzRb3xP4D0PWJtRlvHv4VMzqYkMciqBgtlSxbJ3HjHVg2a9lsfAUofymkugZCJA7OowBzg5fPzDjlSMYzivAqZpRpylTdOLabv7qbTTXR3snbR6s9mjk2JlTjNTk1NJ+801dqOmuml77Wvrr1+SNN+BaW8k09rf3tvcu55dkI2EckZYYJ5/MdMg0g+AKRvcTya7cwySSEsyjAcEH5T5bYyRtPJ5zjng19oH4fIN7F7tS6n5vM3LjJ/uHLL1PGeSCOTmtO3+FEtzGjR3JkViCxMjnbkHBIyNxJHOOQDgL1Nc1THYaquaVKMktfejG3TVWW+vbdv1OiGU4ym0oSSk4q/LJax9xPTSz16a3uj4eX4BW7iMrrk7OiMFxEQDhuWU4Vs4b7xzk88nNMg+AMEdyJ/7fuA8H3UkQnPJLY3dcdRkHBwOwz96r8J7yOMAX2MAou2MkKcjjJG4J+RGDjIHD3+FN9HC0ovot6hiC8ZcZzjJODnGBheAMYwABXFUzTCSUlKm2lbZKyS5dH0e3ezs/Q7KWU4lNe9Ztq9nrpZ6vRt2i5W6vst/iGH4LSLNII/EF2gK7gVt8bQRyEOehz6Zwc8HmqUnwDd5GuP7bldllDossByXz24BHbOSeM4PJNffNl8MdWAgLX9o3BPIAyp5BJOD2JAzjHXuToSfD2+R0Ans5FD/ADMQpUN15x6/UHOe/FcE8fl8kmoKOtlZWu7Rsm+bpfXpe217L0qWV4hLVt76O21oq7s2mvPXp3svz+vPg1rgtNg1mNo2coNyru2MMFRkZAx22qwxzxXOj4C68sSpDqcSrIzYIXadh6ltvB6gd8dPr+i954DvtrEfYJNpITkHngksoOQCQP8AZyPU8tTwLqQh3A2G4JyFwACfmBA67jyenUZwDwIVfBNaStZJ/wDpN3fa7va+91pYl5diFo432ba1tstL6W000vpfRo/OlPgv4lhDwPeROYATCwQtkq3JZgvyjBGGyeoJBwQS6+EPjCUICbVooOG3qQXVsElgduSOh5655PQfoiPAmqlZADZsChLHcqkEg8D37k8Y55wBnOm8D6oCqmK2dS23eJyMgZ4yGyR6Y5yBx1NUq2BaXNUtftv01dn0auvdXo9LVDB14tPll71ldKyTutE1K7WujsmrJJWdn+difBnxK8zywx2EYKnERVkDsrA5AOBkHlQOGznBzU+pfDLxfqNvDaXkdi32X7oUkBm5Ct1wMDAOcAgj+HkfoNP4T1a3KhbG1cAMQfMjJwepGDnA6ZIGO/Wox4SvpohIdNt2dgQcFTknIwQGZQc54HbPHAqVicDBcrqJtW126L7P3bW2Wzem31HEacsHe6bdnpfld2tlrZq3ZdGfnJB8J/FRLQm20/5EbbICcOx4JXkkE8joMc4AJr7z/Zf+N2l/s4eAvFXg/wAVabcvca5Ncy201pGdjy3UBgSMSMOApIZgPU5BOWHWQeArt2UjToUO75ySpZXbucH6HBGePQV5X8btC0vwlbeD7nxTHcS6Ze6sY54LRU81NihwwZSWyOh5wNwXPY5VquBqU7QqXnHllBb3aaaTd7q66dLXtsdGDwuKp14c8LQn7t2kk4y5W07279U3rurFrwNr+lCK3v3lKvb67favbQlGDHzp3nCHI3bhuYZUYORnPFafxJ8dQeNdS0WSCx+xx6cJvtBMe5ppGc4kYMpyxyV+YkKO5OK+X/iL471AeC4/E/gCyv7LS9M1iTR7q7urVUhRAB5X7zBYtIAOWIOBliTkj56svjX4/R5fN1CDJBVdyKSwPQKQOc9iMYG30rGpm2MqRjT5YunBpJNpv3VBq2is1rFb6X8z0Y5Xg6akvaVLzs5NWsvhfWzVnotb9+t/u2LS7JZZLp2R0uEZ5E8pSATkBSMHnI9MkkEYAwKA0A3+TItmgtlcxRS26IAjO2AQFGCeGJHPOa+PtP8Ajt4yRikk1ox+9saLk7SMAgeuOwwMDr0rfX4/eL2VZHtrBwXHDLsLbeuMqDgjoAOvBJ75RzfExkv3SUXa6jLVu0WtfVXV79tLiWVYOaShUcZJq6jdN7LV9H1trqrJaH0VP4IF7bCOJbFZV3SSHAAB6YBwOecYHZuPlBFYtz4A2TAR21oxCxiXyyNyDkNgqc5xnGM8t1PGfEE/aI8ReYxOk2YTOG2ttJABHHHHIAH3TwcY4zIv7SWpxsUk0KAlkXeySMSwBGckA5A64BG0ryQeaX9rVZxc5UbuLUVspaJJON7tab3snfbqZvKsLzJe0cXZXko21Vuji3fW7bsrXVr2Pd9U8A2rxxNpm2BlSKKQM8ZyTt3YYkn35JIxj/aGkvg1obOOCAxyvvQyeaEIJYDcQQeeR2ORj2NeGWn7QbXW1ZdB45cojk8AfLkj5juPPJyOncEdLa/tDWqxrCnh655BLsMMQOeQWJIBA45HTnjpk84m3f6vKzskle28Vtfv1WvTzfRDK6N7xrq1m7O+1435Uk7X6/do1r6BqPw+1S6nEUQtYhHbkRMjbW3nDZJDDPIAI7jnrkixL4N1Ka10u3vLeGV7VpfM2OqlmYcZYH72TxjLHpk5NcfH+0XpaRRbtDvFYFgCVVm7Fsnrj+I5PY9BzWnbftE+GjbqZtMvRucyMSi5BB5YE9F64OcZHTINczzKDlJ1KUuZPRqPbl0eqta2/k7uzsXHBRTUY1YpaXV/8L2utmml5OyLqeCzDptxamzubeWa6ZzKmGwD3wMcAMOmTjrzwMaf4erNeEXEt0yrEcN5Eg3Yxt3FQCMdO/Rc4rpIv2iPB0+7dFdqRkkmJONvQABCRt4PIIOAWywrSt/j94GZAzXFwkjqSQ0A3AZ5H3B0YAHAyDk9655Y6jKDfsb2tq4367PTe+q2a32RssHP3ddIpK7aWvRW36+W2j91nD2nw/dr22Uh5oCXEh2TDC8dM8Ej6kYxzxzb/wCFb21pdQTW14ZS07SFHDr5agg7DnBG4/Ke/PvXoFr8c/A5CBL7YDn71sOhA3HAB5ORyeCPrit+H4o/De5gHmapb+dv3sGgA6j5g2McdMjJxjHIGK4atelyOTpuLavdX0do7Pdqy1Uvlob0cLVtJu0+WW2n926vzXd7XWjS3t0fnGu+H3uIogZR9oXyujMI9i8DB6DGAT/e+5kZwNz4dpPoniPTYC++Qyyv5bqWViUXHPPOAMY4OTzzz20Pj74fXMbf6bYSEELmSLacZxkA/L0XoMDp2Fb+leJ/ARuoruO/06O4hOUeMIGUYYbcAEdTjI4zg54IHm150Z4epCC5eZWvZu10mtm05dF2sk9jroYefPGUrvld0n0ScG9E+Vu6Tur32tsY3xNe5uYNGMqQIz3dxMgiVj5aEYAY9iD1xg45IJznlLFSfKDhXdYienJPUHpuw2M5GDn8K9mfW/CWqBXudVspfLlLxgrERHkE7QrEAkjIPqRjjmrlraeCrlyVvrFsjaC0kceBnOV2NkDvjJ2npgYx87CFKlo5OVtXpo9m7prXRaPXTXRrXvnSqTceRu7SsnpolHzTvpo7O9+ut+Yub2+ls9FswJTDa2bssZkygMgA3YHAO3pgemMADMFvoUxvbaaCCRVwC7Z6FzzgewIyOeo5H8PpVrpnhKXBNwH2jy4jHdpgKRgYBcEnpwOBk8kgmtqHQvDCsq29/NvDAlftSEDAGPlLYxjoBkgbmPanSrYelFxjFuN9fdafNo9tG0la9tDD6jipVISc5c3Kkr2bSi4vRPXW2uutt+p2vwQWK28d6EjSyBJbx1k3A5LNtAHpyo2gk4B7Nwo/U6K3E66RbxO8aTWeohiXAKhA5yMt1OMj1Jx8xwR+U3huLTPDuq2utWWqlLmzuRPGssiYZ9ynjLEDGAcZPAGc9/qLSvjTq8iQQLqVqbxFlCEqjfJMDvA2g7QQeSME5JOSK9DLc4w+Cm1UhaNSzTir8usG4vbez7LW1+/LmeVYnFxpzircmju2k2nF2sr7pSd3bfyN34qtHbHUTJM8kK6CFDZBAdZiueCORjknjv04r5N8U3EKeFtYXzMmS0hdSWViR3AbJxg5xjqVySw5r3T4ia3L4o0OJJL60tZY7fyZDbRgidWfexlIGTk8lcZGScgjNfKPjWSbR/DeorJcpdRXHlxRsDtZBg4wCMEZI29uh5r5ziXE4bGupPDtuLheXMmndqzW2ttrO/zPo8gw9bB0YQrpRlzLlWrtotG+2i2b/RcJoDOltfKSdklo0hKnlgpwAGADAkg59T6Cv6Hv+CYniyHQf2avF0k11DaPDcahMjSyrFI3+jSbHjTIY4YDJAPsACa/nJ8O3LT2GobRzHbbFZeGIOGIKkrx3OSOM+pr9XvgJp+vWnwx8Ox6RdtFBfWkrXlstxJFHMHdWO9FIDFumeeON2CK8/gqn7LMqk+T4KMle9m+dRja918Lu3pfdXs7nRxRg6WZYGOFnJRhKvSmm7yv7OSlKKtrq1a7ulfpbX6Jmh0vWbjXdUulQ3t7fyXC3HmFkldpXcyvhiTkjo3IP3QcZr6r+EP7Vtz4b1XRPA3juSzi8NwWwig1mMEmzihVUgjlC5BQAKN3B4yRgHPwquh+IYnkaOJNispeJLkgf98gg9DjgjgnGS3OXq9hrM0M0ctk8YWHEexoyT/eG4nnPAHOCMHOTg/U5jk6qU5ypqUKrjZzimtHytqV94trbdJ9HY8vF4LAZrhFg8bGE6UEo0pRtGpSkoqMZU7pWe6V1Zp6xte33J+0Z+09pXibxLo/hzwD4hvoNE09fN1PWNLnltY7yWYAiJSNjDygXVieN53Djmvfv2cPj54St/h81h438aWdrqun6ncxWyarcl7u509mzBI0jndIdoJxnPAJHIA/E5tOu99vH9nuELy/N5TDIXnlhnAx15IznoRXVateaFHZackovl1C3kWJQF3o3AyzN36k4Y4BJAAzXzOXZPXwVepipV3Vb5koSuoLn5dEr30suVNt3V7nFjeFMoxGUYTJ6UZ0YUZxqfW4qEsRUcXGU/aVOVW9pz2fRJPayt+1Hjf9tT4OeHrK6i0q+vPFGpDzLU2Wm28ioDKjJvaWRdjKCeQCenT7tfn3ZX/gzUG1jVZrSe3l1jUrnUQl1al3jM8m8qjMpwsecHHA4xwa8T+Fuj3Wo3WoaqJYJ4bWdUWO6RcGR+NxXliV65IUfLx1Fe1aubqDTp3Bt50iAiHkRIVh8zod2BwueQQxbAwVFfSYWjKvKNbERhN04yUEoLljdJSd9dGluuq26HHgMhwHD8qtHAzxKqYhQjWq1at3NK7jGyskldtLz1NSWfw6tsIoL+3jaRCE/coAoBz8xOSCNxB44yCQRWVYXLQX9vDBPFd2zFUbyIxk7hnBKjqM+x/3ScHnku7CyspfOC3M+HkjAiQAFlyFYsNoUHGM4PXJ4zXS+D9WF/LLm2htXhSJmWJE+bPIJKHOcdc8dcYxk+lTlCdWlGMIU9knFbK60aSt0er1ttZo6ZQqRp1pScpx0teXNZOz1Ssm90r7qzs9jP8AioSmmWSuu0POx2BmLAAA4OPu5yFHGM9DnBrnra7to/DNm7CeLYHVdvzMWJB3EJhgCeD7YOTnFaPxd1OMtZwKxUIGn4GTltoYZ5AJHAGRz/dwSOH0u+Fzp0jrukRTtVXbaqbsZIHQkkDdg8dj0z8RxbTg8ROXNorJJNrVOPvX1dle2mjfU9jLIuOFpS2V2/NbPZLa6V91qnds9U0TxVd2mnrbWV5fwKWklCQoZHLbCWk3AFlyGx2I6nBya8+l1fUxO9419ayspne3WVBJcq+4gs6kk7i27djIJAB5GD3fg6WzWGK2YS4n877Yw2FliZCW2uxwOGBX5iR04NeT6tH4ah1u4Ngt6sVv5mPMfJWcyHJOzIdODtAxlcZA+bHz+MoSp5dRnzOalFJxvpG7Wzd3br9npbXU9XLWp4jEfu1dSu2kuaSSha7UW5Wvs9FdNNJsteKtVutYm0yfVJInaGySNXjtzE5d225O5QSFI5yCCOcdq9P0K7vrTTdOv3utPu4oLcGCHy23opGCGCj+6TtyPlOeCDXk/i/UEvZrBlaSWOPTrcKwXyxtUElG4BLLg4OMrngDNd/4d0i2utHnv4G2rFp277NJM+5i25S21cjbngHBUcjoAT8vl1CLxGJco3k4tubTi90oyaTfNaTVotpLfoehXblhaF0knJ9PeS5rXacmnrZuz0bun0DfmXUbm3SMtdI027YRhnJJCfLkDJ743EZOSMnf8HeabHUopEBeOF2BbtvUjgA87eCAMgfTrx2ltdyvcQBSXW2YCNnZFUDDLgnAyFIJBOGPC/ezXTeFDc28WsTs0LlYFaMeaSUccAsO6AnAzleBxjBOtKhCNanLl3vHZJWk1dbSV0kt9bpaWFOpFUZpSV4ezSVmlZOGy02dnZtPvvr0Nl4MluY4pdQ1xYFcCSFYInR0BbBU8DLe5zgAEdQa6yL4bwzwiRtZuXlOCJDkLtUjB5PJOAecdyeop+l3+pT2UE+oJZynylWERbS6jIALbMkZHRhjAwDnJFejaY8ktnEUiG0h8l2LAjLqSMjOflJ4yRuPUCvssr4byrF1IOVD2kpQ5pNuXNq46ySbs+Zys7PToj5rHZvjqPNFVuVKTivdgnpytJtxb0Vm9U1ocMnw9sMx+bf3DSRD5tgVVbOepyeDnnnnCk5rG1LwjbWNzLbQTziK8t2813cFkQjOFzk8tkHJIPb0HsQyMRrGpBIPAIX7uCoJAyTn35+UAA8cbryyi/mOxUAtiST8xCkdDyTk9hnPXZwMH0s14ZyvDYOU6eGjTqJx960uazSTb11VtPK9rXsceCzjHV8RGnOs5Qtfl5Yr3rw1tZ32te97vzR4npWjW8d8lrBqm6O2ZnlWRiMhWwyhk68Ekbl6knnmvQpraSC122l7aulyVEMEi52MSCGZjypxwVYc55PBrgNIv7CHUriEJM00xmDgQKOVfCgNt4Bwc9cjqcjB7mC3aWFN1pmIvvcrKFfAOCccDgZwoIPHXGc/DYTC0pxkuSMuWo4pRu5QVklq0nblfXW+rvY+hxk6nPFqUr8kZStFSeqjfs3zXau76u9tLqaddWhjt5JntmRWxIsALBlHHysg+9tG37yqoyw568DqOqfEiLULq30+NoNPuCj2jrtKIpcAtMx3OWPJYcYbIGRzXo6No0Z80T3MUEJZRG7hwJGGS2EB6sQOBjqMkYAzdOu4r/z02zOY5Xj8x22qkWWwoySMnA4Y5A/ukZrlx2V0alWMI1pRbcWuWfNayjHlunG1+nut83TSxlRxkouUqlOnUi1ZqcW3d8iXKr6t2um1ZauybC71y6Fnpem3moNDqHAv5o5dkfzjarBVcZVSQdx4bJzgYw+x1u78PzQNZXsst9ZMLmzvVZ22SBwwcEHByCFwQc8/Ws7UtL0yKc3N1YzSSKojUeYzg4DYbGfXOeOM+mBXU6dY6NqHhm+upLK8t9SiiDIE3RQeVGyjG2TZlX4zjkj0JFcjyubdRQqR5oQcuabalyU1HVPS07pNO3NzJtNXLrYmiqcYzpN06r5JU1CPK1UsrSi1t0bs9m23Y9y0P4wfEa40yJ7rxA6QyyD/AEiRF80BcE7O5UkYxxnJ4Oa++PCOqS6r4U0q+uJvPluNNEk0xA/eOI2JdgRgbmO7pgBsEAgY/LbTb+J7C3t0gLx+Sm9JChK7RtbrnqRkZ6cntz+lfw2lR/AWiBFKoNKIUHGdoiYDk46/wgZyMZ5Xn9I4OhUnVqwnXnV5sH7SXtZym4tcmkVqkndttLqvl+JcfYHB0aWEnh8HQwr+tzi3SoxpOUWo2u4pJ2eq637aW/L74hSXEvjXxO8G0RS6teFmZGOW34AViMEnado4yCRkYGOJt0vTIWeUxwqGId1ZIhkYUAPgkdMYPAwOccer+Kor6bxDr6WcsDsNYupW85ogEAkOQQS2CcDIBJGORjIrmNTGq3dsfttrZtaRGND5I+Z2TOSvlEjaMgcdj1XHHwMsqTrYipKVS0qlWpFRilG/tG7N+XMrtO3WyP13A42UcFg4RhR9zD0IJudpNKnC/Zro3qrtpknhicafZ6oEb7VMQMtIFWMwynbkMTkBeeRwABkgdL40zS7mO1gay3o3zTEXWIJHb5yMF8MOcjJyTyOpBpaPawSQasdgUJagrbuXBYdSCCSSM+nbJxjium0z59Ftj9htVjS4ZWOQJFQ5BzuwwI55J/i6ACvawWEpSpU4ygopU5PVXWsopvRXb6u99+mt+bE1pKpUnH4pVaaVppJXjdWdmtGl13+5cpBo1lpesRSJFYWirEzohcyhkPRyASNwwAcjIHbpjfbV4wsyPd6dcRsM+W8CcMflQbsbvl4IBYngH2Ms5WLUYhb6VZSrLakQGaRHKAk8/M3Pzdc7uMjrnKSqkqtvtdJiSR0R0V0DiQEE7iMlQueAvB6425qpYLD0k4QtGLa51yrVy1bbbSs+yXr2Ini61VwnLmcuSKb57qyavpdp3aV1bbtY5Sw0tjqUc6z6Yz3ErQyxEDEcbn5pArYOQjAD1wB1BatDW9ONvqMgsZ7ZbZIl5DeWzuSwPA2HGfXjBznINaulCyW9SSPTLSSVb1FMizZ6EDgE4JB+9kYPUgkE1P43fT4NXZDZxCVoIyvlhxGhbO4P5YAB5zgHA46CtcPk2EnQnV9nH3aqXNZpu9r8tkkt22k0lrd7EzzPEfWaNLnn/CkrN9rWdrpfPXX1ucbc6e7WryvcBjGQzFpdyEtgkgEnBJHTP93gEc7uk6Dc31hPdRSrDbW1m8sszhyNmSWWJW6kjIyFJGTtBwMZVzqL2Ni6R29iyySjeWDEoCByGccEDnnJHIORkV1ttrdwPDjQXE6LYy2Lq8lnGNw+Y7IycEBt33stnGAOwrShlmChWnZWSpSbVlrJcrs5dNG9ot7pa6l4nFYuVKgotSk68Y8yUbxTlBuVk7dXrt2dtHQtB8P1SGTyNTl1G2ZLjzHUm3LBRubY427QRjJAHTAO7Nad3GPElhqOoafFazGL/URYgW4l8mMFlfIChAqrkhQwGSBnpxccGnXUU5mtL6SVrdBELafbvTGMkoeC3yg8LhjjGag06/0XS9Gv/s+n6pbSPclFdzcFvMGUMSPjBDn7xzgZxjGALhhsPKHK6VOEZxeqSvdNJNJKXv8AM27t63210mcsQqqnCrWnVjVpKPtJ+7aTTkoxvp1srW6XSevKzR6pJKFj063jUHfvJQEHjdglsnBPGPr/ALsEWm+J7mdIrO3aRyfMjhijSWVkHP7pIwWPUjowAIHPFdjc2llKtvcT6JqcaeUoRLeaRi+4jczYPLPkjBwcAA4K12fwhMSfEK1lht7uxMFtNtivC8jeWofcQGyAxXOT3xu4+YNOUcN4fMMxwmFnXnCGIrRpycbKUYyacpRi107XS3Vz0sbn9XB4HE11hqcpYejKai18Ukk9bSbSb0a3trrrfxnVtN8TWcU1vdBLSUhGkt7oRrIAxyoKZBHLY249BkZAOEmn65ZQXNzPf6U1q2m3IeJQHkKktjcwOQRwRgsMArnjdXuHxe1nw5qXjW71uNNRdEMdjLDDaR+UssabWO3ChiNu7OODg89vKrPU9GN5JbiO+db0tEyXFvbooiZWBA3dwGznG4YPU124rIcDgMbiMPDEOoqFapRpylK7mo/BKSV9JaNx6WtfoZ4bN6+LwdCtLDUoOtSp1alOKSjryN2lJpvRPTe6v5LpfgrIx0u9YLGY4ZoJQG3BAoXBZQAO/AxjLYOSflr7E+CdwX8caeDD94zgFclVwrHJ6HOMlT0IHQ44+fvgholvqTeI4dPKRRp5dvCsrKUwDgNhSQMBWzgEn6E5+ofhxpOpaV4zsVWXToIbJJ5LqVmCBo2zuKlj6gAAE/xHgKSfvshwnsuH6Emm1JSgktXL3r2iru97t2XRWR+e8X4qNSvmlJcsZOhzWu950o6LR3Unr6pad/sYxdXDFmzwuB3znOeRjJ4AyB03crXwn+1Fv/4S3SxGqtt0tg4YgdW9OQMZByCTwOuAK+0n8Q6XGT52qaYqqvy7bhCWyemQ3fHXk85PJOfjL4+ka34zWSxe3uraHSxvnWQPGW2bjGGU4DYHUfjTpYKco0oxo1FF1oSv7OTilFSd5O2y0T3SfXVH59wbzUM6VapFxUcLWUXKNotvk5U20otu70319WfF1lNbQa1Ok0M91M0uxY41ZY13c7iRgMOdxIPIPXPNe06WJGs4c6dGAw/ibDKvHGN2QBwOCBkkjoTXz/a6pqLeJbmCJIY4RcuHdlGFCHA2vgHI/hA65xjnI9p0zUbxIoRJd24BVieA3Qk44yeMfj16Yz7eW+xSnvZSltGN9HFptu7bevotLas/TcxVWq6fK1aSjKT5pPlb5NLNtu7V3sv0xda0iKbVJpDqEls4OWgjlUrkAZHJHBOccc5xzX0DchYP2ctUdJftAaK8gMuQfncALHu46DB6ck565FfNWt3Gl3GryC7W4ZwQoe2XCbio6YKnOD33cKTk9D9QX1la2f7LGpta7zG0lxcZkILLhWJ65OAOQDg5f0GK6VT5sJm8qaX+44htr4re5o076NXWmqdjy80lKnUyaM5Sd8xwtklZXTjrq7r5emx+P3iOUvdadIELLFaXPQA48vILA9uTjPGAxPOMHkvBSGf4ufCpnDq3/CT6fwduRiY+WDySQcegBJyPSu51mO1gt7NnuQkx0+6ZkbA5LsVOTx0Y9QRwpGRnHKeC7m1/4XH8JZDLCinxDpgdiyA/6044HAzyeMHI4ySMfjlGH7ylF3S9pTUu1nOLe+ml97aXs/L9Jbk8NXd0/wDZal7p3V6bejdr6q2miu+5zH7ShjX9qjxDGAGLeIOQQBkiKLdu4BAznHAI4BABNeJS2rv4j1FIoyPM1GddyDc4bcqnAxkllyuOwyuSMZ9Z/aW1Oz/4av8AEM6TqEbxMVGBnCpDESeTg7s8kZB9twB8h0jxjoWmfEyFdSu2Fm2usbhkXeY1Z1wwUggjAAI69duO3r1eaFHGSpxlK3tZxjBrVKV0vO/l52OTDc7pYK7s1QpKT0bTSjo7rXW7ve29zZ+Imqmz1+w8MCAKJJdEu5WMBikBSZCQ+QPnPOcnOONvU19DfEa0tH8QaUn2Z2gfwx52UjBDkWK/MwwQeoBOVGPTpXg/xw8QaN4k8VXur2MqC3sjYx2txHH5cs0dsysVOFAB2pzjk8kGun8ffFrSLu08J6xbrqlsieGW02WJkjAluVh8lnyDkoAuc9TyeRk1xUKVWtTyurOnVhzUpKULtOMpRjpNNppp3bemjdtzSpCV61nC8dnZO/LKOju10u93fV7aHafs7Q+E38E/GS71fT4ZNTtdDnTS5ZIBJ5SGSQszHaQq56YGRnGeMD5q8Dzx3Hil/KiZFTU7ZgFACbd64wHDfKRyqgD+HPPFej/B7x9puj+EfiBZSJcu+q2rRT3QiVlFpIWdyM8FkBB5zyDg+nkXwy1nTrnxW6JdOES9Uwq8YG+P7QQGkI4yYwMe2eVIr0aeHqUMbjZe1moVFSv79+WXs4+7K+q/lsnbTRtrXONVSotyi3NNRamlayio2S2jHm89baX6+0/Hi/WDwpZKUYA6tOc4GDmI+2RgHrjpyAMirf7K1wH1HXpioEcMdmxyOAN6D6A5xkZPO4YAGDQ+OkEN14f0tjeoscmpyMGIwAhjK47Ak468ZPrzS/suPbwSeKkW6WX/AFMa55HyTqBndnBAGQG6gYJGTWtJOScXKcpOVvee8ebW77NPTR6LbYwrNOg9Et9pJacytvb7nq7W01PBfjY8s/jLWtjRlX8UXLJh9vDF+AeCQVxnODyeeQB8seN7K9/th5DFvj3RhSHzzg5GcgjAHPTnnOBX0f8AGBRJ4x1Yq2CfEtwCUznkMQRt2kcYYADB5Oeefnzxpbg3wU3DAeagBDsApK8M3cjOTnAwOD7dFeKjUj7jSUf0jdpa9f8AO2l31YJtU0k+bbdrdOLTs+jWid+ltWfqJ+yBCbb9iL9pC7KNG0qPFGTnccwEAAd9x4GMj1boT+aOmoD4TYvE283y74UjYnGwgMR2BHqOOOWIzX6m/suWv2T/AIJ6/HW6acyS3V3KiS+vlkKAzdCCDnqfY8nH5m2MGo2ngy5lhkMVyl5DK02FdVtyCPmIBJByowRgklRgZFeBktWlDHZpKbSisTGz6N8qXZ6aa26b66NU/aznilFf8xMIvfX91TavZNdPSyd7W15mKGWN2MNm8UPDbmhfcGweuFGe+eeVAOTkV2Xxrncx+BSoLkaEikGNlC52Z47A455A7g4JxzttceI5dtxJfRbGcJlQBuTHyts2nGd2MgAEkepNemfFuK7jHg9onjMr+HopGM0AZM4ziMEEElhngcDPpX0LxOHqNqLhJp3STba+Hysnot+tu6RvKFanXpe0SXMpbJXvGMUkla2jWlvm9jxTR5H+07QgAKEsBERgbc4yFweRggY+YccYA9W+Ktwq6R4CLNtK6LKNgjIYRlhlRgDGQP4uAc/dxkcfo2ualAwSSO0ErZQE2a/MvIKj5cjJwATxknjnj1P4rMkEXgCUxLIbvw65KNFHsRm5cqrcAZ64Hf3rfDTj7LESdntL3Wm03yJRaVveezS63vpdmVaL+s4ZNySlKb6XXuRSW/bz18uvz3LdW0oVLZmRdyl2aIBUIHI4BPJGQF4/A4ru/F107fBfQWWQMh8TXMaqUwDsI+bAwByCO2M5AJzixGtva2qRyQQM0m11Cx27DDgnOMk5UdQACM8AYIrqvGrKnwZ8MzxW9uQ/iy9UCSNVBIKkgqAFHU8cdyT94Ap14qaS928VezTas42T10a0301smtbaV6XK6bcJxbmkrq3vWemjd+9rPfqz5Nmkm81diOJDsKsUJXK5yN4Az9N2fXpg/QPw9iP/AArb4tSiKT5LDTC6+WcytuJJTIy2SSTgHqSeME0vB1vd6hrmh2V1Z6fb2s91GZbwwxSCKFieWUr8xVdx9c4BJzgfZuh+CbL+yPijpWjSTahZR6Lp2q3N5a6Xus4LeNj57OUjOxVGcK5BAXgdTXVHMKOFknVlCMWpcspOKX2U76rXtrql3dzycXzLmXvJQlC7asm+aK0baWjejv8AM/L1JY4pVuTY3EkGIt6i0YgMVAI8zaFUg85OCWBwq4wfTfhtK0/ivRJUSa2j8ycp5luQG+QhV3hAvPQ52kHhsc4/UD4D/Cz4Pa+8s/jTxFoP9gTWzvaWZjtob1Jo4gBPcLIUJj3hgFAOc8DrXsOnan8DLjwd4v8AC+iQeE7y88Lfa7DR7uLSYI9Uu5rpXQyrcJGdxgVVKsG69Mc5+cr8cUoZrhcvw2CxNf21ZUp4hU5xpUveir89rW1vdO3RvY3qYWf1OpVeqjFOz6t8rtdb25ltp0SvdL8abmNotU1F7i6toYf7Quk2jaXDlycnI5BHBbOODz0zmXeq3cEqxxX8P2fao3Fl243ckY4xuz7g5Iz33b0aIdV8Vw3g3zabcXEsShH2yTRzSEK+0AnIAGMc7sHByR9m/s4a1+zSvwluPEXxZ0fw5eeKZNXOlx2M8kqzizLxrFNFCq7QinJYsAxBOSQq4+yzriKOR4anifq1fF81SMJQw655KUre9JXTjFaJt3SexwYTCzxSklNRcVJrV62tdKz02W+lnrrofnZ8RNPXWfFks0U8s0P9nWCiWEFkdtibgNoIJGCPYg4Iwa5qTwheQTxSWpvDFHFgtJBKC6nA2gbec5OccMCAc9/2dEvwNt/j74wey0jwrZ+EU8MeHm8Opf20H9mvPMkTTvGrx7yeW5OcnO7IHP3v4T8e/sjyaGW1M/CiOTT4YxO0ml2cj+dGNsikGPcqjbk8HgZOc5PxubeK08rxuHw8eHswxLrRpVHUpxlyx57XjeKaXLpe/k9ypZNN4VVnUcteXkjun7qltJabb6X1e5/ML8XLO5Fp4PMcLu39nKkhIMRG47TgEZ+hPXHYnFc7ofgKG5ljEl5b200jxvunmDbMryRhiM9wDu29D14+zP229R8FXXxYtr3wq1lN4T1Kymns10q3SC08ozuQbVVUBYxjaoXgADGBXyqf7E8sXdpYXBAMSxSlmHzDAwckKARgcjPHOa/XaWYRzClhcRyOj9YoUajpyS5oc0IycJW3ab5Xfqmu589hqUsPCon77jJ2ja7Sbi+l/Kzta9009S38WvCcVp8NtJgS9Sd7TXXXeWVlm8yPcMEHkHI+VySRk+oHnHgbQ/HN14fuZNLGnixhuGRUdo1mba2WA3sMkjjgHiuw+IF7c3Hw60x5wYE/4SCRVJHBIjGA2TjK4Jx1x7bSOK8Jm+n0uK0sb2XD3TNMVZo0Do+RhlbqwXBxzyQMA4r0ZQjFwi9Uo37Xvy9NbJWX4q+rM3UklJxbUm2k2rO94q7Vrv0dlo3rdHqmladrdp4F+J41aC3SaXRI/JKup8omQMwO0/KG7Z45OK+QdA8I6zq11bTQR25kjRpA3nKN+DgDYDyflxg57A8YNfWEd81p4C+K6S3MjP8A2TaqyMzSEFpVztcgnJBHAIyc9uvz/wDDS6hu9UtIYJHSRoWWRSowM5Ac5GAoPBwrHHPtW9Oco6ws9Ve3TSHnfXTXfSytc5pK0aknptLR2TaUNbbrVbaWbVvP1P4Q6Jrei+LpLrU7eJLV9N1WVyZcndHaTKGUA9ASPRTxn5ea+aNX0M6lfXt3/aNnHaS3l0zLnHJuCcbgQQcHJ4PcYxmvtjQPDUVvrFjJFqs9xcTaZrpuLVWMmxBYzgBTkr5eQCynJXselfDV7ol+kd5bx6jbQpPdXDLGQMpsnZcMccE9D3yW79OyU2qcJXSfa17WStZXatuu99+xx4VJSqPpyp6bXVtLNr3Xfv52sepeAfDNpZa74euU123MEWr2DeVFKD5rGRflbc2TzgHnBzgf3a87+JdsG+LnieRYmniOuXQdlYKqh5OQQMAY55wcnGCSOeq8G6BqMGs+HA15aSxW+o2M7kDG8ecnybhjJGB369Rjg5/jW0udQ+Kniu1tJEje71vywrLhVaSQBWBIB4J5AwSMHIwK7ZVY0sBUnUSlGLU5X3SjGN09X3s9b3W5k1KrjYRp3TmlBbd4abtNK3f57E5ktVtfIhs5pfKTZJtZWPOMOT3xj6EDiuh+OVtCb3wZcXNnMtung3Tg4QgEb4/lZsHkkEnBPJA46GvuP4ff8E1vjr4v8O2Gu6ReaXLaa1BBcRytMUNsk+0oJu4JU7sDpxnsD6Fp/wDwT++I/wAbfip4n+Fjazpeka98LPDeg22pzTkz2t2skBKrGEyRkDJLjHTJ4NfnK8S+FKaxsP7QpKeDjevu+TllGF7JapyaStrv5o9mpk2MjKi5yhFK7abSUV7tuZRjdLVK+j30SR+NdlaWM6zs32ry0+aJBKRkKowoXOWwCQAAeo654+g5byKb4EWWnOs0MKeKGwjsCwB3bcbz1cZGMkc898/d3xF/4JF/tE+GTPcaXc6Fq0FpHLcRRWriKa6VEDssIk2KTtBJzzgd2wT+f/i7QfEnhjwNqOjaxEBd6J4zNhdW+ATFdQsyyRtj5H2lDyCVJUckgiu7h3jbJuIqtanlmNp15UkuanF2lFPb3Wr22303Wl7ix+UVcPToVeWM4OcHzU7Stzcq6a63trZ31T6nkdta6Jeyv5sUqy2+EhUyAK5HG8qMEYz82evQEDk+9fDy0tYPCPxBS2iLSPoLRyjzP3W0jA2buQ3PAHXBBHAz4TpyortdzQGOSVXDE4x067clQR1PABGT05r6g+Eeiy6p4U8dwLEVaTSoo41hTdK/mHKhVGSWOfugFmx0GOfqMNilRrOpOcXGMXJrmsmo2tdNuzt3ve7Xm/Ox1Nyw6tCSlKUYq0WtLws2rXe9lofIZ0OOaMiRJYzEpbG44ZnIOAM8Y3cA9zXun7PWlb/H8rNJK0EPhvWFRJAMEfZj90kHkcE89AK661+BHiC8mhhGk+KS8xRd0eh38odHUbR8sJ57kjcSMEgEg19HfBP9n3XvDPjux/tOx123tdUspNPWfUNJuLNM3rLFJHE08Sq0gUnIXkDOQQOOL/XTKadSUI4ulKrGNR+zhUg5vkTk1yxb+FJ2b7eTOSWW1qsFKVN8kbKUtFaOjSa7W79dbtn5y6v4Z1aa/wBSWGymYC+u5bdQdi5Nw7E5XacYxjOF47CrGk+HNYMtiLtbjdHeWYCcug2zqfvNkDAwAQMZwOwx/WpoX/BH74A3+l6XqN/e+I/tF7YQXd2y3Cgme8RZnEYLghAzvwcEAEKMHnoYv+COn7O5GbTVfE0DpteJHkWU+ZGS6EAuVJLhRyORnAP3W/M/+JhMijivYOjjXGFd05zVH3LRmo3vzJO9uZWV7bao655FhFQd8THmnC/Lyzdm4ppaRUW02tU316qx/Kn8dtDuJvG1yvkTtFJpulxHy1Iy4s4FxkDJO0EEDtjj+GvCrjwNcvApisrwtuPy7WBZhyM5bAAIOTkHB7nJH9PXhr/gllpnxM1rxvqmqeKtT02LRfFcmh2EcVsJXa0s41Ecs5cbd7IAP3ZYcEcnNegt/wAEbfDe4EeP9WdW6q9isaKpGDkrjBIyMgng56mvWxv0heD6WIlhr4ipUSi5NYebjzcsW0n6tJ/O9tziw3ClaEG6mKowsk1G137yja1ldO0rvfsz+bL42aXs+BXwWtLsGGW2fUQU4Ygl3ADHqf4Rgn72OM4NfGvl6jGz26QsscYzuFuzAAYII+UYBAxx2LHIIr93f+Cg37HOs/BPWvhf8KPBr3ni+TULS+1mF7i2KyosZkNxEHYFAkSDILEZxkEHivxv1rUb3StSv9Okjjie1uZbGWExKTDNExSZWOCpCsCuQOmOgzX6ZwvxRluf4Oli8DOM4VoKpytvmjGTWso3T3WzjdtW8zizDA4jAuLmuaEtIVUnyySdtm07JK3dvyR6h8NLgv8AB74nRF2lMsNsqJIm0rIGBBwy5wSPvHHQEkZr5muNBvpwkwW2E5G5wTtYKFJUKDgjIA9Rng9ePrf4W6aJ/hp8UZprja32a3Kqi7Y/vAkHIwCRnLHDHO7g5x4NJBoUbFZNUKyNEpbKqxUFAQgbJB4JIzggAY9B9lgm5VKmicXJNOy2snre99bO6tZfaVmeLipy5U1F7JcvKrb6vW+um7k+3VHoX7PdpNa6v4zEixl5fBmoh9jKQG8t8Bc8J/iAOwNeBHwteXJM8PmIZ7iYsokRfl81iRnJzyDg/wAWDnjgfRfwUsohrniuOyuRNB/wh2oOWyyuylXPXkgYwMnGcg9q+s/2a/2OtA+MPw+fxbql9qNtdC+uLaFLZ4zEkSsx3NuYYbgHA7nB5zXm55xNgOG6TxeYT9jQnUhTUkk/eaunazd/devz0skpwuXYvMLKjHmkknaV7rSLfTv1SdtX0VvzZ0DQ9RsvFOgGJrgEaxpfmNJgxEC6jz8x4YAA8H5iMkgYJPov7RUF1e/FrXmtJCrLa6b5rCXBAW3XdtA6ncOmDx8xz90/rLbf8E+PCCfZZP7f1VEivLZ/NzH5iyxzK4AAYEquMbgG5GQTkV+Zvx9+H95Y/GnxT4ftZZ2Gn6lb6aL2TBd4CVhjabqeQQfQhex68ORceZBnzxLwdf2ssNHnq3i48sdNr3TXVWV99LMzxeQ5nhZU4ztFVLRjGOnvNq120rqzXm2fLNzpl/El1Ki3F0jRMo2CQk8N35U7e4Uk9x8vX6R+I1jeP8GPgoLe0na4W01IOwb97GWm5yDyCMjk8YPuCf1g8A/8EiPEPib4faL4kHxThhi1LQ7fVmRbHcIvtcPmGNPlDN5G7a7cg9eTivF9R/ZLu/FXx00T9l++8UywQeEfBkurpr1lEpe7aU7g3lKMqJCM7icLgnPp4VHxj4QxM8wpYPGOU8sp1qmLbhNezhSajOS096zXKlq1rynR/qfmq9g6nJJVZpLW8le261s79Nd18/yn03RpILVTLNqCgMzSb1L/ADY6ZJJPK8Dk47ZGR7P8G5JYrf4juDMETwbqOwtGFZlWMqen3s5Oc9SB14r9VB/wSjeGBJh8T5vLjlLNAYR5uwHrgkk5GMrwCfu55B86k/Y5g8GfFbT/AIO6Hrt9q+p+P9HnskuGtvLkjW5TlUjUfN90gMc8tngdPGwfjhwpmMqtCjjnL2NOVWfuSio06fK5OTdm+VK9t77LVX9WfBWY4dwn7OCUmre8tbpWel7W1ab3011Pxl8MLo39nM1xZXLGea5gkIyAyySyZK4I4yeQcc56d7NtY2NtqVhZaUkscUupWDNF8pdWedeSCcnnGMZHLDOOT+7+m/8ABGXVtL09oNQHi2WSOWRg0NqWVmkJOExuyp44HPUHkV5R4v8A+CZ958H7J/GmsJ4lt7Sy1XTxatfaefIkDTptDOwIXGBgfxZ4FZv6QPBNR+xo5lNu7jyunKKk1Z29G0rXVldG0PD/ADKTTlPDy51t7aMmk2vspr4lvbpfufmt8b9P2eKkjvopYRDp9huw4TOY8glRtIPIIB7HJOSAPMtPtbZbd1hEsjuxZUlmBTKglV4YA7iCQDyeev3T+6vj7/gmevxUZ/GU3iDVtJkudMsp7W2FrJ5ckK2quJGVlCqMgHYQByCBxmvy9vf2Xb3RLnxbZW+q718MTXeDMXEt0LR2EpRAT90DkY9h6V9Xwp4x8K8V4fEwy3G+1qYS1PEppxUJO0dG7JpNO9r6LV7nkZjwJmmXThOcKcoSa5XTm2/djFvvtd3sr3XTc/WH4cQvc/8ABGD4oRsuDb+I7uRQj5CBAmQT0BBO4kYAB5HHy/zyyxXclqltGPlkt7eUlnAVdqoSeDkkDOQRkHjlRX9Of7NfgCfxH/wSC+NWg2zJLP8AbdbuFeUsqI8Sx45HTa3BPoASM5r8qfBP/BLL9oL4gaRoeuaPLpUVvrOmR3Nok00yYgZOXZ+EwAMsM55wV+XFeVwbxzw/w/W4lnm2PpYWFfOq0qTqyt7RSUW0t1J2fnZb9EZ57kOYZjHBxw9G8qNCNKa0TTtHSLstdW297a90vz4j/tVjFFLqUZREUBGmICKPVd5yF78BuBnd8uLDPdwjZ9utGLRsp2lA5JztAHUnODjnkYIFfpy3/BGf9paERXV3qfgqG3bILSauUk+UjcSocEAA84Gfpwa8++Jn/BNL4ufCzwvq3jPWtU8NX9hoyQPPBpV6094UlkEYMYyQSW+8Tjhid3HH3FPxe4IqzhClm+GlKpJRilKScnLT4uW13t93mfPLgnPNJRw0007vmkruyTutNb7JW6Wex+c2tWN9LJYMbWfyo1aMup2hm+/0UHjDAHOMA8cCoLTSlksi0808ckMN0YYOiKoXPIHHJ4JIBPXOcCv1Wh/4Jh/tO+IPCun6jovh7T5bXVLWy1G2kfUY1lSC7topoRIrOCreXIrNzjccdzjKvP8Agl9+1Tp2kvd3uleH7S2s7S8muZZ7+EuYoI2lmRcN8zFAQvdm4/vEeBHxX8P6mJVCHEeWSxDrckaTxNJzVRTjHlcVJSTTWy1unY92pwtxDGnGTw1X2ao2k4xbjZcr1d01a3e9/vPlT9ixZbrxR4thdXA/4RTUFLDIDbEk2hewPBwBgAAnOMkfst/wTBsp5pfiWqYV0TIfoQgnbryMnaMdW7k5Jr8vP2QPB15pnxA8f6XeNGlxpnhnXoZkjG9Fks1mWTaewLKMYPocYHH6z/8ABK6xaS6+JLE7l8uVTk4yDcSFc+24gjHfoMdfruIcVCtlNTEU25qUaEozT0cXKm+Zaa3ve+7v5XPGyak6OKdOo2qlNtS5k1dp7eVrv8Nj81fjLaSf8Lt8eRybsDxPqZLlsISJ5QQc+vBPORjk9q5KxtPOjji8xV3GcFV4AUFmGOCSN3A5I9WFe+/FXwbe6r8aPHMFvNAkj+JNWcRyFS4WOWXkHnOR8vHccg4zXKQ+GH0G2+0ahHuK2V49uEwxkkUsGxjltwHAyduV6Diu7BZrRjhcPS9pGMvZRbet+XlpJ2avorN9Oa51VaN6k5aNOppq0rc0W1bTRJPbvo29DyB7dVtJyxYhG5G7GXRmHTocjIUbTk9RxgRWxlWSZmYgeTG4RlBwoI2g7gCePbAJ55wT38uhmfw9JepaSCWdkkOU27QTnIUKAAfUgj1PTPLXmnzQ3UKvE7B7eJZCMEBjggEBu/BHU56cZx208VTrNpTjaPKrp22Ss7tK9rrT9duVxlBp2092+66Na7Wa0slby0evJapJHcy27m3hKLJJ5ZACEMScPuByCCcfhnbmrItlRpGTdEz2IKfvDheOWYAkFTzwM/8AfJxVibR9Qu9y21hJKlnK7SuilljQnILnouCfUA46VIokjuGE8OD9kMIxjGSvYH02nJ6c96tVISTSlHmTjdaaPRbWu72Wt+t0CjKVknf4PeaWmy1T89NevVOxzVnDfugW1vJFdkf5nIKhlbGV3ZADDjAIAHY5AqebVtcnESGeOQ2ii2jYoBtlBCk8cjGBnIBxzz1rbtYwYVKxkNGkgUZwWUnpgEdzg/ocVTFq8IjIIAmuRlQMANwBuHUhsY7nhcElQauKhb3rWu22km+VOOy6Ju6vq0n9z5ZxSkndPqkle3Lfez3une+i0utuanu9ZtIL9LiCCaaWQOhUEM5zy3BOccEYJY85yDtq6+rNK+nG506aNmiCkp8xaQYJJUfwZGcYGR0U4OdXVY5YNTtwI1JYvtXcxGWGC3H3cjkEqORjK44bBC0d5Zq8JZ5AWwHJwxzjbx1Ax0CgchuATVONJ6RsrJbv4Ze61qrat+WiS8wj7ROzSeys19p25ddNXq15XadrmVZ6taSareD7PcReaxiEjJlBxhiwwMdCCBjjI4FbWn3Gm3CyCOcGSFhCqv8AKGXcchR1/i5GSOMdzVNdyT3CLbgStcszHAbeiZ5zgnPOGxjPqBgLYjit7ad2+zIZpDG4wAy7ieuB2wcEdySe+Kr2UWk+ZrRWejV213128m9VfuU43XwXd7K1mlblbtbVy0WmtlzebXRzxxPbxvHMirFI5VC4ByF5XrgAdcc554458s8d+NL/AME6Ba6lpcdtJe6hLd2MhkDyBIZ1Kuy/wowA4YNkHb6c93I0UeFmiKlps4B4bd2UcFRyQcDHsMmvKPjG9pD4Z0lbpQIJr6RolyMlmA2gNk5HOTwTjkE8VlKiqjjBvmi3abf91xs7drKyuumq1usqyahLlglZN7Nxs+Trd6e7ZNbpo9D/AGIbdLr4meJbme4M0lx4Q1GQqSSdzNuI3EgncT8o6ZO4DBzXrH/BTqztruD4OQRxLFMPDTpkYLM5jGC2eSRkcEd856g+K/sUX8UHxL1K2yEL+FdQVsAsCoG4ZP8AujnPOfu+/o//AAUevpv7S+Ero25P+EfLoGy24qNv8XyjoMkA8/KeOK+UqwqQ4rwjinywp8sklf3eSz2016W9Op6dGS/sKtGWnNNc3reLSs76/K9kvM/O3w74Lu3WwaKeJpS/mBXbGPLYHJycbsZ4PAJG7nOet13QzHrskN/JH86W6nG0McBAWBGcg5OMcZHOOGq14Dm1C4urJI7FJN0czt5jiNWA+Y9xycDIXqdo5JFVfFmrSxeLrqS4tkQQtboBv3EBQAdvPGWGcYOBznA4+wVabxTpuNoqF1pdJ+7ZyuvTTRu99TwKkaUMMmnZtpRkk7aqPTrd222t8NtToLTTdNtfBniKCF5MJeybVjfAB8r5g2SSRycggcHGSucfR/7JGgTWXxP8MXNzLC9vceErq4tlDANHGXI27gSd2c4A5yRjHC18lw61E/h3xLHtMYkuWZW92Tb+GexI6gZByBX0Z+yt49S5+IXhfTGi/f22jTabDKuACrSGTc+MFjzyOwHYnJ5c8pVHlWOlFPWjNxV9G1GKS36PWz892kzTKq1P+0MKlLRTinFLTRw6N+rVkr3fofSn7c+j2Oq6L4RuJCUezuBFEAcJIzR7wXYDlQBjPPYAZr8zNX0/z7RoC/EN/ByCTlsAZ7cduOB7dK/S79tnX7GDRfCdq6Msz3RbayrhwiFWPPuCOckLzjk1+bFxqFtcwF4ZSjNejcNyBf3fyqDnqQAp6Y9M8CvP4MdVZZhvawlOSlKy7rmt5d1fWz/FdnErjPG1opq3JG+tuZ2hvb1Xe7XzOP8AEGhCK7JEibg0SglsZAjBAx79AOMkg555+2/2b/D+mr8PdT1XVre2nRNdiUmaETMFVd2xVfKBDzw2MevPPxhruqhLo+YquUkj3HgKVKg5BHIzyOfyA6/Unwq8Yo3wv1mztwbcx6irMyuAuSAMkYOWPXdwcjgZr1uKHWqYGMaKlTlKtRhond3aTSeqaVtb7b+ni5SoU8Y5ySajCTtLVS67NbJuzvZ3tqfY37PKWNr+0V4qtdOtbe1tLjwx58cVuiJGolw3CqBtA5+UHKnj3Pz5+3jpE66pHIsDC2iaMZKjaBKSzAFcfeYBmI5BODzzXp/7J888/wAdLqaeTe1z4UKb2fczgEEkkEkjaMluvUH0rgf2+tduB4tg0KFR9lXTobmQxnIDgqAS2Mg4yR0yCflwa+Uy2NWnxDRjVjzRWEim2/ecuVPZWvq0nbV6W00X12Jqp8MYlxaV6spJpWeso9O1rq9u12j83ls0J+VR5jRFWbbkcAAAk8ZPPAPPGe4NK502BDApiWTK5PC7mYEMcYPAU/jn03A1qLdSu7HY2SuR8oxt2kgHjp7jHTv3oebcS3QBbASHpg7RuwScjHoAMEADPfk/pUEtGtrpKyulZra783zO19baWsvzBVLyV5NXf2U2n8KWja0aTu27K79XHcvJZWc72sflhBmOMAMwZvlHQZJGM4Geey548/uLue4wrmbzi4LLl1UDI4XGRkgc9DxkjB59HYCPfuw/3QMMT78dyOO447jtUKxQufNZIQokzkAcsB0A6Yx6g4I9RmtHB1Gm21LSXKltqvu211e7XXTdtzSjdqVm+VO6jG61vzadOr0vud78OtYuNOsF0JpIzaahqNvezRMmCZLZcKVYfN8xOeCOoznIrY1W8lvNTvJJS0kZnITb8qrtGAAcj0wc8AYyMVxPh64T+0rYt8qxXDKmMfOTjGe4K43epx+I6q+y93cGJt5VgzknGAT1xjqPlGCM5253HrhHDr6y3vHl5lpzJ6xVlffS9vJXVrM0lzfVlC6d5PRapq0WtLpu3VK3rrc0rVMWsytG3mMkoAcdFIwc59uOfUjJ4rk9QsYy0X7kjzFDIM8KVJGcbh3H0JPcA10lnNPKu53G1VdGXkdR8oHJztxznkHB5zxiX8rGWNUbdtibcCFIXPXAwMZJzxkcdeRXa0rL3dLJXsl1jbZtO6vd9GrtM5IWcbtaWvqo2afKrNaq7TbV97W6a8/AJo5QyA+bvJVlyNm05AXA65A78Y7DIHSahqF1cWMEV2ySHzA3IyxAX7uevG3JIyd24HnisS2zswMkmU5fCgr1wc8Z7kHHGcnHaxNJEoiQqzBMsw6kN0Oc7l4PQYIGCMDGDzzWsZKWtlyprZuULptt7bNX7tXW2sZaK0rrs9ErtK7tfvun8npZl1DHFBEFX5TtJUIWGSx2jOOAOPm9VJ+9VQQxmHzTCC3mhAWPOOo2jAPXOcnI9+lbUskU6RxkFUUKpAYDco5AznjpxzyOg5rJmuFjlECrvXhwwAAJOQPmzlcccjjHPoaEqii3d8vLo3b4ny2SV9Le9o2+92r2UaVOLTlGOrXRJqTtbv8Adbfpufq1+zJbovwltdo2qt055KghimdwGBnPOOSSD1A4q/c27NdXRKHC3b5PDbdwPQEbT0yxGep55NZX7M19Cnwpl85SojlJCkYVOAM+hIxwM9QM812N3CJZLtY2ID3qMoAI+VkU5JGODyeRzwMZBJ+Rg5LF4ty1tUsne7bTut9Oi/Nn20YRlhsMlZNwVtbLTpfopNa7v3nvZJczd2ymyThii3UbEL0ZfNGCx5BGTgYBPQD7teC/tYREeJPDUiwYj/sGBY3ii3ScjG07c45YgZwenI4z7p4pvLu10u1+yqUZtShhlcqMtGJEJVeSCp+bLEHnp90Z8n/aX8URaVr2gILdJVOg27NHKis4chRlMrkLuyCMdRgkA172TqUsbhkuVcyqtvR3SUdF5J76JXf3eJn8nSyfExk22p0e9teXrf8A4dfJnyrpkLvcQ+c8+0gFUMJUpkL94EHuMZPbI5zXTXiyQrCiBzDuYvuhIbHPOQoOAM4B9xmsh/GpuLiCOGIIW2lpBHGG/hyvAwVwADjlu+cnEev+IblYbZbacsXDoTJGQBxnAIHIPTaMgnB6nn7aSm5OKmlZaJay3Wm7i7eS30V+v5RFQ51zJ/EtU+9mk9d1ezto+lkrnYweG7EeFz4ne7DTG98uC1IXK7mHDoSX3Y3MCBsAx2BI9Ht7uK20SIkPNuEOHMSkI2ASuWXACnGCCMHJ69flax1DVJrlLaV55ImkJZQ7+SjAYBK4K46FiF6ZB5Ar3+/vrpfD9nbQO04ljheUx7QyEADORyT0HygnIO7I5rzZqcHzSkpRcrtcremmltFZvrrq9Lao9ijCCTcIqMVBJvXrbdNp2d1te177XOmXU7MwmYpMkyzBXHlxkbVI9s8Dk4yMAnqDmKTU4Zb9JLeGX93FvDeWgWRmIG7G3oMHOMZ6kEktXmOzUViYRxXzF5AQXSXac9ChVSrY653YPH46tvdahPBhIrrzYlVAnllSw/iOSuRjnjcCMnODnPNVUoxk2t481no29OqaSfV9fU1glzJy0atazv0V9Ul0fTdWundnp2n6na317M0wZHtxHENqoACq5LAYG4EjoTnPI7VMwtJ5kuwGOyVwFEanIYHB5HboPYc9Nw8mtV1O1uZZGiuE3s0xRmKs4yVyoJGVOS24dOnYVoR6/q0NyIoo5SFb/VkJ8zEHjIJ+YAccEjBzk5B5IOTjU92Oy6puWy5kvdvG3nq+lzqUW+VuVrd0m3orPSytdO/X0PYENpFbwXEjP5aFmK+UBtAYZHAHf+9juOhrPgu9JvL1o5Iy0UlwOigfKQSCSQM9T6AYyc8Y8wvNa1d7eRGWcGRHYIzADaT/AAhO/Xgc9TnrWPbazqEiyfuZka3VSdu3AK5U8nk9Qc8kEHI6GsZRm4KMYu6v0WrutLt9Fdtf8AqlDlrK0r2aeru3tZa30T1s720s7nu17Pptmsiw23mIYZYxlgwXjAH3s/dx1z9egriYhbOFIiTftkMisQSEyv3cAZBBUDtx6jNeaXviPUTbhRHM+SzHG9SQG6AoB9QcnGRt4ytc0fFWp2tytxCkiBwoYSB2yo2lxhhtOcdSfvewyc6GFk+d2i3a9no1pHTV77r87WuPFV0qkLuTTWiTe1l1bs7X6Nvo7o/TH9kGK2tPiZdJDEkTP4T1CQqGUMAYyC2D2PGQOg5xnBqt+2J4fk1Pxh4OXT5d2ozeFbVrZFR5ZGuHlkWJFjjyxyT0CkkZHZQeR/Y+8UNq3xQuLsxMm3wXfRspwCcQEEkKSAM9xxkHPArQ/aq8bah4d+I/g/UNJnjS807w5YTW7SRq22SKV3VfmByOc9CflH0r5qnCpPiZU1DWGFltomlazXZav1u9LtpfdqpCHBzlKXMliYWiv+3feu1vZXfR7+Rb8VeB9L8bfB4ar4g1fQvCniL4Q6XbaUdIg02WC98T3s2ZGlmlaNUZoQwyZDvLA4DDO34rn06ONbCV7mIrcMr7A52h2HQ46Ek57YI646/Q2vftEeINW+Guq+EtZ0rRry38Ra2us6jq6W8I1M3CoAtuLjaJFtyQP3avjGWIHAr5Su9Tila2cxupWYrDHjhVLfKc/wAR4yx+6MZzX1mVUMXT9qsTZ2rSlSUZ6qDUEk3Jd7tJ6W01vp8hi8ThqrpOkpLljHmurXdlqktH3+T72fousOmnwR26yfaJp7PcyKy7QPbnjg4OevHT5SfKtZlsoJIlu5J4o2OZCiBihIGWGcZyPfjOck8Vt6hNcSNEDMWY25YvgkhdxIAI4xz/AA8DsMHdXHawnmsnnsXjbLqWODwB8zYyNuRyG5HYkbc+7QWiV3a2i3tfa77t3u0rXfoeHjaivF2Ss1bd7NXejTvqm22t23rofQ/wYnt7nVtBjsZnkjh1UKhI2gq/Q8dW5yccZ4HyivoHw1b58Y6BGRvYajruSW5GJJyCc9OAR06E8180fAbUrK01/RTMVSGLUPMLLGWZwQSOvXae3HJyeOv0H4L1ee78baXcRWrCyTWtbhinxjc7mRlBznAwcHIOSRgE8Hjq04qtOTs2kp63Ss9He19dbdPJdD08BOThRUUlqk1/27v1d+i8vmj37X7y1Wzn0/zQs3mMwCjBGEOSDjcDncOqnnBzgV+tH7Htu9z8K9FitrmIPGs0kodV/wBXll2lsluvupz1zwK/GzxLK8dy7GIiaaZ1JOcOuMHdgDB9VBIz34yP2b/Yq0Nrv4VaDcAMHdbmFVR2TOHfAcErnGM9+TgDBOPleIpVPZU5OGisldL4bKz8rW899EfY5BzxxNRaa093a6V00uy3102PqcQ39vqFyoWyezGnXLKqk743EGW2jIywz83GSM54Jr+Vzx3NPH45+IHkbS7eO/EOfl3cm9mG3I4GenHcYBAxn+sybT5bHbFd2MblLS9LXEb5J3WzlQzE/e9QcYIwAD0/k88deXH8R/HDYKFfH+vOFIZkx9vnYKcZUnACj5uB6do4Um6lTGcyVuWGyimlpdLp5ddR8W83ssG9EnKWsXZ2tBaW03Sd7PtpocbPqV4t0kpzHCIEt2jERZQ2VHIK4JOMnOCGBAH8Rlm1iS0t2tY3HkJOjLJ5QLhm5VRldxOSMj37niusuL63lluYojbTRpGrMHjRSJCQxC9t33uexxyD1r6i2nm3wLKMvthlCeYMYHy7gAckk9RyNpyPb7JQhJ25EpJN3sttH0t29d7PY+JcbRjJOavbvsl1s38TV1bX8BvhfWJb+UQ3BhXZJKokZNrynyztZiB1BAAA7nODyTt/AbzT8SL9RMWbz5l8tVYZD3GGfHYBSQMZHT05qaStnaae1+loqRG+zK5KlgSm3Yh9Fz8uT6cZwa6P4NLYv40im0+J4ZLm5vFlkLhTJGrlwylTxkAcjoMkEnGeepCbjiIygmlSSW+qtZWSetmrpW3b2PQw1apGphYwSfvpO903blVk3e/y16a6npv7V19Hd+PvA1nbmIiw0mON3WPaykyoeXUdee3b64r+oP8A4JPrj9lCwOc58UaoDkfeIkXDZOecgdORgjPNfy3ftJS283j3wi1ruP8AxKIVlJHBkMiFmLDOSexJzyc4Ff1Lf8Enef2TLEgZx4p1Pac5BKzAHgYx168NwOd2a/M/EWk48J4Z/wDUVTs0rL3lPW1+9lvp+J95wvVbzbFxklFezV3e+nuxXyWl1r3Vtz9IpVbacjqdwIOdzEk8jgA5PfPGRgd6xUnjG4c5AG71+Yccjgk4wRz2xV5sHBzgZ4wMYxwQBweozjA6EZ4IqP7wz1HO3B5x3OB93PoPfPTn+c3QTavF76aK+6u73W+/S3lpf9LT2SlJW0s76rRX3VrJWWlvTUpbQAcDOMk8Yxgnn3JAxwODxjqaNi4G0A9c8ZI6YOcAgE8A+3PGKviIZPGevJHAPfPOevAzkZx0OVEnlAAkYCkHlvmGepOcdeMHkEE46HA0jhFfRSdrX0Wt7PRq2q0226K7JnNx15trdNOnzd2td1q7+fmHxXtb2f4Y/EGPTbmWzv5PCuq/ZJ4ZNktvOluzRyJIDkMGXcDknnJOea/lZsfHms+DzPf+KLW9v/EU13qDXWoxQWt888UtyyQtPcnfI0xCbdpYkHIGMYr+sj4g25b4f+NTwwPhnVgDjCjNs+c8Z4GR1z04Oc1/JB4o0+7S4upkgtHgN3O8cKXFw0srreynzniQkoi43FSAOMYr9C4HwFKs8ZDE04Tp81J3a5KnVOKqJ8yTajeLTvo+1ubEY7EYbD3oVHGTnK/KlOLajGzlGV1ezfL21SZzvxV+KGo+PfB1x4attIv9IsbbU47i51FNPWCe4RgCYmljjUYHdWbHYHOMeYjwZc6lofh3S44RPd6pf2iR6nqTbYIIZpBHG140jb4oYx8xcYKA8EGvY9V1dxo0ul6jLFZrPe2zk29vJK0kTDO4tKhLAEEHH3iOADxWNr9+bjTjbWcBuBDp0cFtMylHkUnh1jX5QycnJ5DccjOf3PhmnTwOGrYXC0fYqdWclUi3O3PGFpylJXk7tOz2SfVH53xHXli8XSxOJq+3caVNSi48nwyi5RtB2ba20X3kfxx+B3hXwnd6H4W8OeO7XUtRh0WO68U2tq0bafBqEsQcxWt1GxMkQyQcszHHI44+YLb4MxW4kml8U2cEr+YkbW9y/mlWb/VnD4AY4HGAQOSQMV9T6L4buI/DFtr93HFq9zqV/wD2fFaXflrMh2gBmkZvM2A5xn5AOuQBjjrr+zzcTsuhadbvbTSW1wJJX/1ilgxQgFTz0IBH3SBkKa+kwNOH1aFPFVnjq1OUoVKlSEE5S51dNKKSSWlld2W9j53Gcyq88Kf1anJQdOEJO0bpNO6lr33u182eJXHwuKpBDLrsFzHBF8sU9xIQpAJBjUsdrHIJIB7nOeufN8JNLVI5ZLu1hlj/AHqFpXeMMxBDIrMy7iOfmGCTu7k17bPqMICRrZ6VHI+5VaQE4jTockAZ4AyeeD2ziKe6vBEIvI0V9+wIHjQEJ0LKuRlfUAc8dMmvQjhsNJWeFp0k46LlhFX91Xdkrt7O6e/ayOB1JLl9+Td1fVvtrrd626er0avy3gY+Ifhhq48S+AfH1/4Z8QvbLBcahpsjW7zwqM+U6xsqzI2CAHLDGeua/oz/AOCZPxP+InxW+DHifW/iL4sn8YanY+LTp9jfXcKxy2tlFbgC2IXAIyMk8kn5uOlfz0z6xcRQyRpb6AHwYxmNQ49WXKsRg/72CO+MV+9n/BJFGPwG8aSsIwH8cuzLECsfNsM7cckE4IHt16V+Q+L2T4Cnw3Ux1PBYdYx4nDweJUKbq8iduWM7cyT7X6u6kmfoPAGYYr+0JYeWIqOgqMpeycrwunDVLutnpt3tc/VRVxzg5yQVJwCOcNwPcEZHJ5PGAZlHULx0wcZPHY/LjnIzjHToeDS45wQAAenJI/HgjPbHGCSelXIoVUKQ3JAzkAnPXJ64OOD8vqP4Qa/lmMOWyUHdJN67q6u76enS93vpf9dnXcn8Ss9Fe9n8L7PW7fKla+i9Yo1IAVvmzyQBtyQRyQR37Y6jPfOL8calQdoyTnI646c84OMYOcdeuRgOjijZgQCCc4B2gEcA5HORwV6E9+gxV62jbzEAHyBgBwpwM9DwfXdnggAAngivVoUYys+XS2vNa+rjuo7XXbyTSujgrVOVN8zk+Xvbey1S++3VaNaXfPeIfFXhbwVpr6z4v17TfDulxyLHLqGpzR21tG7j92jSOwXec5xnIznHcUvD/wAVvhj4limn0Dx14Z1WO2aJJWtdRt5AJJ/9UnyyksX6Iq8nt7/zEftc/Fr4ieI/2h/il4E17xJqOpeCLDxFNHFol7cSf2fD9nd1hEMKt5YVQAAwwSRkjufOtI+JniPw7bWttoN3BosaCHZ9gj2tJNa828k2ApZo8fK3O3PRs8fqWB8PcXXy2hi4VaXtsTThWpJaU1TnGDjzK3M5LdpdeWybPBxWbYKhiJUa1eqlC0ZOFK7bXJdR961m7K71b1stj+pH4m/tK/Bb4M6jY6R8RvF9toGo6naveWVqYJp5Z7ZAWaZVhV8qRyMhR1K5A5/Cv9tT4r6R+0l8W7LxH8P9c1GfwXomm29hYX0M15Zh5yQZ5lgjdFDJIgKPt3HCkEkivm/xdrHjD4q3Vl4i+Imr3PibVILKK202d5R5sEBwpRcPkLgbSnP0U4I7LwVp+naZb3mklZLC2gETbW8tyXJJzvOCxxjgZJPfmvr+HOEKeWYihiK8vbY6lCUakUk6ClO10rpP4bq7S6t9Txs0xUJUHKk5KlVcFCTbU73i+m13q9HZK/W741tZ+JvhSOa5tPiv49hjdY7dI4td1PZGigAIuZyAgA+UH7oJAyOmWvxN+JOo3pml+KXjtrizUKGbxFehmZeFI/f5yenzDHA5z09a8Y2emyeGb2GW5cbJkliZVjMswABAypZlBB5BP90jgEV5FpHwxvtYZr61dliMsRZJniSaRXGVWNdwLEYySeMEDOa/RYUMvVNznhaEZK8ZP2VPSyhd3abV09Ho27tbI+UqTxSqRjSnVd/e5ed3dop3upaWXKnspX0fUp341HxBdSaxrOr+INS1SaJoZtSu9VuJL10wAVNwZTI6kdjn6HkVY+G3xS1n4JePNN8VeFfFnijSL7TElhMUd019Ayyht/m2c7PBPk7SDIvGSQAOa+gPDnwh8O3WmvLqWpPa36pKWhNxAkMEyD935mXOc7SrdyenfHhM/wAJtc1DxPcQaO1jcW8l3LFDNcSo25B0ZghIC8HawPTg9Bi/7NyvEU5Qr0KPs5qKb9nGKktnrbyV1vq3e+0SxePjGDjOU25crjKTkrRcd4vR6Oz73b6a+kfE/wCMfjb44Q+GfFfjLxHdeItRj1CfT4Jru2js2jsUcmGLyrfamQG+Z1UZwMgAYP5CfH+0RPHnigzXBDrIskZYsIkIXG7gYJ7c+hznFfqRqfhi88M2Gh6NfeV9pg1i4Y+RJujOcdMHAPI5zg55r8s/2jf9H+IHiTzlLxbd0ibiAcqCCAx/hGQRjBPOBkivDyrA4fAZhUhhIqFDlcYxjomuaPXd7tenyPVzjE1q2T4aVS3MuW6Vly3snZLRW3+Wibvf7r/YAEJ+Bfjm6gvJ0uBrGsBwjSBPMFo211UMPmyAQccAbl5xj8+PFfjjxbpOiXF5b+IdbW6Ova8jTy6pOIhDFdzFIo8SEoqjJACjgAblwCP0G/4J4XVtJ8EfGkMdsyCTWtXBZl+X/j0b5lXgHaMdfQkHjJ/ObxS+nvpl3Z3lub2OLxR4gWVMom2J7ubLD5s55OS2MbcMSOanJITqZ7nMlFJ+3p8yatzaR16Pzvd9d9DXOKso8N5Ck2p+zmm9Uk709b9Wnv0TT3TNb4S+PPF/iXxHoUd54n1KWGXXNMgkg/tG5kEsb3Kb1kRn5BUg49RjI+6ftf8AbZSe30vw0IonuAJkGD94hLSEjOSMjJHOR1z94CvkP4JP4bk8U+GYdL0cQMNZ0eKSQsjSKwugAwXkszEchVJ4Ukcc/aX7eUsthZ+E1h8yJ5LqVRmPG5haRBQcbuOeBzg88cV7+NjH+08NCbUo+xlKKVr3b6tRSdnbptbXU48uqTeTY2o5tz5qdpN8zj78dV0vtu+ifr9E/GnSDffsTfBGSOO4EkkdmZUEgXZlwDtycDC84yCT8oXBAr1T/gnp4zu9NtfiJ/aCqtvofh5bBU2/PNG8jlVBQnJxwTwRk45xnn/it4J8Q61+wp8DTo0RuL68bSYyjytDsa5uBFGpLEYJIC5Hbk88H2D9iX4Q6l4I8J+KNP8AGOjXOneLJzq15fSrIbq2m0y0sWns1cnPzO3zAHqxAGQM1/P3iZPB/UcXhKsoQq1McnCk178m61N6Pa8lzNaWbTV1c/XOD1VWIw9eSdWj9QnCcl/No7J+7Z3t1vfS2p/KZ+1d8VtM8d/trfE3xNpltJb2c+vT6Qts64MclmgtJmJOMq0kWR1Jz13GrUGradbaLcQTvBbNJFLl5iitkqQuzGDuPQFiCTn5j281/aZ0W30n9rX4h20ETpav42vLuQgeXua6leaQ5xuXG8gDAAAxS6noln4k1zTNBhvjapdXcaM80hEao68gPkjeXPyqSBng1+7cL1qOX8O5bCMZctPBYaNOK2UVRpJ6u7u3tb0W5/OnEOHr4/iLM25Xm8dWjd6X/eJJX0Ssk92tV03I/AfjLwH4Y1vXh420i91q1uo7ePTTbXcsbxSvMn7w+W2JEHK4Y8Dnjt+0/g/xpe+Ffg74A8W6ToNxrumT3G3R9JsF8y7ljlcBUlIBbYrbVkz6knmvy28Cfs7+C9avvEsOq6jqTnSJ4BGgmhVNiMGaQNvGdxXaoUnqee9frh8E7nSrf4VeCtGspklttMvdTtLIHAeFI2dEYuM5IwDxgnGc/MSPhuNM2oYivllSjGqnQxDlUUk4xSfupRb3blfppr6n6LwPk2LwuGzCnXq0ZQr0OWm4VOeacZx5lJ+q12ttra55xpWl6p8YPFfi7xp8QrCXT7vQdDmudC8Kq0gs9Nktp1aGaZCNkszJgnOSh6MOa8S+PElwPB/iV5LdZLm88PxuMAsEXYy8YbcgGABg/d+or9B9Xsba3vPFT2sUcZm8H753RcPNJ5X33IXJLAHJbO4k9CQa/PX42rL/AMIrrGJDg+GtnDEvzG/bsMBTuOCAc8817WS4t4rFUqjcVb2SSta3wtvZ+803snqtLann51h1g8FiKbtdwleydk2k7pSvvtrot1sfjHa3V41zBbxW24hndQoYZZX+ck4zhuQRkg5yBnNfUF/rvxr8E+CtC1O5s/EXhjw5qEi/2DNOs1rZXanAeS0mYRt+868EjHA7keRfD/whN4j1a1torlIprnUFt0lnkKohZ8iNSDuLSMAOeMDBr9bP+ChnhbxJ4X/Zz/Zvs9T17Rb+1m06GG306zB83TWt4QrfaW4Yz5OQOQynJOOn2+YZtDD4rLsBOlTq/WpNfvFF8sYpSbWj1be7s7Xvdn4xSw1WdPE4mnNwVPl0jvK7V4tX03vez3S6JL8tbPUvEGo+Iftt49m5uUead7qfzZHnKk+Y8jEl5mYg5z179TXKXWv69pHiCaW40/TZHnRdpMQkxEWOJAyZySMZ77gARk4qteRtpWlaRcfbFmNxdO7tt+dUPVCcZXoAQMY3Zxxx7b8HvEXg+OLWdN1zRYdXuNQguIrG9utryWzAHYsZkyVIJG056AAN6d2YYiGHoQnTowTtFtRte75dHy3vorWvb4u5xR9rUbb9xppp3WtuVa8vV3sr6K73W3B6f4m8SXGoi3Gl2TWgQMZRas0KgE7iz7eTtOCCMcccdfrjwv4j8T+Fvh5quqeE9bsdPf8As3UJ72xTT42mkDoN2AV3AHDDcc8E/WvLbq3i0nTpLC4Mdol5IJopERNqRncwG4cjKrg7jj0wCQPRPCfj7wfpPgPxVDfGKXVbzw/fWNqGiDLJtiZYwBg7WPdhnoQBnNfJ4qtWxjoOnSUoe2g5XT0fNHSybXu93966fU5DWdD6w3JRl7Cp72t4twdop3vdaLWyd+58Bz/H3xVdyyzTJoySKZhltJtTI0iSNueRig3SMSCcknqSeMET45eLp4pGmXT+VDIBp9qoB42kDHGSMA4J9QSMV8x6pfEtfvGTubULoAgkKkZmduQOq44z6AHjjMNtf3BdE85sPEpVSCRjnOeMYVf4jhhkZBAJr9WoVnaknOz9nBXST192yt0Xptb1Z8HVdWdapJJRfPd2Sd7y1Tjbye2urdrKx94+BviT4k1u1nnmvraGWPegAtYBGOFVVCKuN3PUjg4wOhPp0Oq+JUubbbqIIuUikeVLeFlRclieAO+BtAxx04IPzD8IdRsoYLsToZAImk4AKszjb0Oe/Q5xjgnNfRsV4r6hYSGTybeazBRFySRgcEHjP8uuCcV83nGLnSlVi5pdU7tdr2ey1e903rvpf6jDU5To0G0naSUlyptbXa0b10SfTc8a+KXi/wAZaX4leO31cwxSQCYFoImZtwIJIAOOAAMDgEjnBz5tpvj7xvMwmGvfKsnzFrSEEgkhexJGCDn3Azwau/GO+mTxne7izQwwRpGCx4DLgAbSDnJJOBnvhsfLwOnzcoC+0F1dlQgjLfXox5HGAehJ4xnl1WcsNGfM3onZSvrZPV39W+vSzOPG1JQrPlSUU7NaJxbtbZX17b9tEr+hz+PPG0V/b26a8w37QFFvGA3mtySB06DHPXjjv393qPxDjhUr4kkeKQqyKIEbAK9xt4AzjOMqBjjmvHnlVtXsuFAzB8xYHG1hkg8j88gn8c/RcYAU5lDt5UTRoOdpIHXOeoIGckEdRkc+xQkpqUZvmaVuZ3d1po7u7ta6t57p2PCzPGVaMYOnZatNNJ3ta7euyez323bsuHuJ/iI6qyeJpEVlG4iEAEEdCMYxtxkgDJ+XdgV57qPiDxvpxmWTxBdSS2kx4CR+WFLdQMAlucN0xycV9C7keMNOmWJAABG1gDgjAGCT3xkDIAwM15H4zggaLVpSqxszKQFxls9QQDx65GTkjuODEK0Ixgvk0tmot/glf089OLL8diKlRqbi46XVkuivurW0T13t8zr/AAPJ8SNegjvNP1gzLKJHmUQeb5aLkENtVsHgHBzznj5jnornRviEm9G1+3R5ssGa1jG1t4GGLKGxzgjkdsg5JqfBHxhfeDtHumUWssVyzFUkkTzSPLIwdxB6ncc4J+6MZJrtpPFZ16cyziC1Dc7VkR8kvuO07jjtzjvmooU1ywlKajfZNcrb0u7vd63t0TS0IxWOzJVaip4e8E/dk4JaaJu6Wrd76+VtHY8pl0r4gTy38Sa5bCW2YedIII1Q5ySQQoCnjHqecZPylE0nx0vkb9fhEvGC0UWCuODgAA+pAwckc4PHeadqVkk+uMJTIokBb5F6K20ckkN82OBx0JGTzu2slnfLHO4jiEfypnaSWz8rYBHT0wMHPHTFShT95qbbSv7s1pZrXT5Wv8tdub+18bFRUoKLbSa5OilG92lbRWtffVPV2P3A/wCCeH/BMj9n79qH9lHxL8aPjB8Qde0rxl4dvtWtXismgi06Bbe3kks5JELK7CRlUSqVHysSDu5r6N+Bn/BHn9iTVfDcGq/Ff4t3M2szzT3NmNG1NIrU6a7MI0mWRw4nB2l26AhgoxjPXf8ABJTR9d1r9jjx5pnh26s2mv8AxPeLcpeW4mtliS3l2iZSCOcYGQOM5xgivte8+GHjDRdO8Pf2nd+Bo4ZNMgV0sNBtVZ43Ktt/dxDLDaAzuuCd2Mda/wA0/FPxc41yjjDibJ8BxHj8Jh8JmkoYeFOs+WFBJNKn7t4x5pWtG2ttWf2TwLwlkma8N5ZjsVhsPVq4jDUaknOjFyjLltK7a+02nZ3atvrp832n/BIL/gm1BPE0PjXVtQWJG3s3iBUAbkZO2YHA6kZzxxniuH8Uf8El/wBgm98aaFo/hjxZqcGmyIzardweIUkeKVgNqqZJyqsdpIUAFhkgYAr7Ef4bxWhaVvEXhK1lu1KCCWwtIyN5AGxAPmIAbIA46ngkVwGh/C+Kz+NMkd7r3gm/8O2WnW2oXFrPOlk11ctERtjKkb5c5+XnrnGa/NKHiv4kShOUeLs6i4QlUg41qk3PlcW4NOOjd/wu+iX2lPgfhiEpOpluFmrXalRhZO0Ve6TfnbT1te34hf8ABRX9gn4F/sueC9S8afBPxvf6zrsep28Emn3Vza3UEVhICXuTh2cMrEKc/wARyDnBP4ZP4o8Ts8xm1ZP3mxx/osZyh+UMDtzjpkYOAMAAZA/pa/4Khp4IPw68dWmj6ba2uuC7tfOFrPNNCLVH2B0Z2IWN+rLgAZ6c4P8ANbqEUMduqpGBJHHGoKoCNpHPIA4wAOeOM/NgGv7/APo7cUZ1xJwj9azrH4rG4uFecJ1cS3zuPuSS+FfDdr4U3bddf5t8YsqwGV5rRpZdg6WGpSw6lKNONot3/l05W7ptK+qXldlv4o8T3V3aWkep5Se5htiq2yAkuwUtnbygyScnPfAABr6iT4NeKnC3Uvi23t4JrVZFaRbeJ2YoCyRiT723J3BsE4wM5OPlzSIEfW9OVCImjv7SQdl++ASeoXgAkc8DFfqf8MrTwP4suY9P8Vabd6jHBAFjaKVwBM0ShDGVYD5s52jA+7zk5r77jvi/HcOTws6Tn7OpK9XkSk7XSvrzaq7XX/PzvD7h7BZ/HEU8TGmqkHGNFu8U5dnJJt66p26KyXX82PFuv6z4Tv59Hh8QQ6h9naSIzpHE6KegBZCepzwCFZlyBzxzegeOPFV6Lh5dWt4ltgBG0sCrv56c9iOc7e+fUV9NfEL4FaTpXxB8bxwWF6NESKfUIfPZS8Shd0cSq7hhjk8btxGcEHbXxXqGk6hb3dzJaRu1nNcPDbqXUOVBK/Ng442hc+2OCM16uWZ48dhaOJ+s3lVpRqav+aMHrbbZJ39EtzyM1yl5fj69FUYpU61SClv8HKklZO6b8m76NLU9bPifxDG6PJrFk5dQCVjj+UHAHTkgZyTxx0J4xWu/FusWqXBn1aEoyM0TRxxcuFyRzgYJxk4OM8YryK3tbu2ld763lVI3UIAxYgEHI29OM8846Y4wRans7nVA5hS6eAt5UOIjsEjADG7jAJGT0X7zHFd8MZP2l/brpo3pqop63tre+vK+2h5U46J+yXNq7RUrtLlundRbTild730d1cv6h8UvFVku0ahAF8whVMcZZo85GWAPJHIycZ7GsJ/jd4rhYw/aFNuzJvbyIsBQeSrFSe+OOgxzyDXC6no2o2ZuxdBS8OcqSTszu7DORjgtjggHnHPKtbSTw7D86oGbcpwQCDgdsnk7j25HUGvcjiKk6UItpycVyyte97L7ST5bu2if5HNGlOUndPZOzT5tldPSyjZ7r8T3M/F/W5IpD/a1snnACNHhiysh+XBwvHGP15HIp9n8UPFl1b2tsL+J2kuVhhW3toi7HpltqngnJwewPOQK+Yp4JSxQRP8AunxvAbIHBIyDwexJ4UdemK9b0KT+zNOk8m3zebRcxzOzBYFjVSfLDYLOeRkdCCcnGBpRnTcnH3U9I9db8rd7x/uy1TXRN6s569OpF80UtVyqN5JNNp6prum1Z9drH1rq2uXNjoNp/wAJNfWM0+r2yK1ubSKaWzVG2qwfYzROyjGMYzjr1rj9ZtdHntbaW0kt2twUZt8YglkCqM/cwSMcgleOMk4GfHdF1G71K2afU5p7ncWEbSSeYxkLEqAGJIVVIAxkHpggE101rBc3DmOdjHFHtRFd2GNwK4Bzwoz8w/iwck8gfZZfGn7GM0otvbWzi7rSTenK99tb8p+fZvUrQx9rtpNOMOsZNxum72cdP5VrfbS3cTp4P8jRYdfaYWc/mtaxxSPEscmcKGk5XaepJIOARyc13uk+H/Bk+jzx6W8f2qe8jiOLmRlaLdtHmDLDJxjJ75ABwK8d+I2l3E3hLQbuOED7JO0G7nBUFcMwBHUj5uQScc9DWl8LBNMZo5QojYxrCoVsGZFA3HgjIxyAQDwOOK19rSnKvS5VzKM2pt306xV9VZ/KKltbU6qzqueDq02+Sc4xfLpq2tW/X5K+qPrH4WeEPDd+93FqGnWdyYLkWcJmckpKzbt+4E5AAwv3hkdOtevXHw48P2moSwjwrpd9gZEhQYBKZPOCMjgY6HkDpz5l8HLaW2S683MrXGqlUAA3hgThweAwA28DgZ/E/Ucun6uLS6EcUjzowkG1VAVSO7DO44IIX1Xg4Jx8biq9JTfM4xXMlGL1aaaut2tbNrqkvM+uf1hxg6blG0Yt2u7WWqas+kW097LzR8V/FTTtG8NT6XDB4X0S3n1Vmt5JZIyUVGcAEbQeeQGz689Qa+ZPiQ0Xw+8U6XY6VfwW6X1rDNcRWkSMIpJGVnJkIOUIY4y2cAckYr6X/aVsL6KTw5BJK66giTXPkSEr8gDFXQAbiOhGOQe/aviOTSL3x3rz6a10ZbyOBZmurp3wi26MWhVzuK5A+Xk9Q3BFedieayte0rKNnvez23T0d7/lY78vrVZzUJu7S3bu3dxva2qd9GvPXRs6zXPFbHULI23iS+lsZHjVv3sW+3uMLvIIIwN2Ae2c5wBg8brvjfUIZNbmi8W3sTW9sy2zAxn7VJjIEjqcZ6dRkg/TPm8lpHBq9/psu2VLZ5AoEhGJhlR3ALBucgsSO+eDl6L4ae+1DUNIvRMZJbW7uIBuIiZ4vmRnLkguNpGFbsOcYrzm5q7T1umr2SVrWXMldPa2z3V7WPfjzuyaWtktn73u2Wiunfp02SWqMSb4k+PZW2zeK7x1VGMahtpTcDgKRghcnkDOeAOmayY/iJ47jlAXxXqQZfuOszj5uuQ2cjHBByDxgDgVp2/w18caiBew+Gr/AOyMJFgvxbubWVIG2ORKV8vC/dzuO3PQ5BrAvtFu9PYw3VhJBKkpRhINrb+vI7rgYBz07gAVrCVd0lL3pRuuWXRtNXb0d+mna5wVJUVXUJOEaibupL3n8C95OzVk+t1bXXY6aD4n/EFi8T+MdWdnB2N5zE7gowCxbjBGQWOR2x1q7pnjXx9ezx28nirUzNNuQyeaSu3IGG+bOB0xkkD5cZ5rzvT7WdrkrBbiWbMgMQUyNjHJYAfKMDBztxt4XOc6ul3IsbtbmZV/dzMJEBbAcEbhkjC7cEEHBB645xft5xlTi72sk766uz0fwtLbTTey2uShCUXyJSmo+6rttN8truz1Tul2WjT3PXY4PiLOTOnizU8K2wB7qVDyOTyQu30HXnPOMGazHjiadbe48Vaq8hm24+0TNs75zk7Rg8YwCQeBSS/E3SVja3+yyyZRcFVC4deMAnBbkDA69gOuKenfE3TLe7W5GnTPliZojglyGyu3pgjGT0JzxzxXrU6tJQXNpqvdi1a+i2W17X0adm7u2/z06eYKrK8I8qel0u0U3rbZa79G0up2Udx4tWWaGbxFqwFu22RnupCSAcDhW5GecHbgEHAzWvNc+IngVv8AhJNVYKF2MJ3O0dl253AjjIyMemcVxtp4hOp6nfXcEMkSXJEvlk7/AC0yCI2DEDBBHZfTg4z0sF1PcoPlcJuKnGAXAwR15XDDg5yFxkZFehQjRnTTlo2tXrr8LbVuiT006N7tM+ex9XEuvCMnyuLglZX1vHVNJaO929X0TM+2vfEB1QSDXtQWdIXPmPcOXGBkEZK8ngHOMj25OzBr/iuT98/im9U5kDD7SwbgYBO5hgnGMjoeueDXaeD/AIXePPFHhvxh470Twtf6p4W8JWWdd1mCJpLbTjMWWMzT7WSNgQMozBz/AHdoNfNF94guIp1RYcOodsCUBXyT8zAkADGCOMZ46148sVgnUnTVRTlTkoyimm1K6unu03vbReelz3FhcynSpTjFxjUpxcbppTeifRXfR20+y7ntD6/4qklV18W6miSIEcNcHLDOCBlgOcevQ45PFc94g8Q+LbexjltvE+rYguCCRKUVQW52/MQeOgBYAluxzXmE3jK7DxBbdN4ChmVgQoY8AEfKM9/mPPDH0s6jrl9qGhPcCMQ4ulXhyRxyRs6HJAyeOoGDwRFWtC8nTesrLa2qcb9PS633euiXTgMNjoTg8QlKKabvr/LurWWt3trordtkeM/H8sTp/wAJZqKLvOFeZgcYIGPm/u8E8e2M1mt4w8bMrwv4o1J2VzgLM23IIzkqeuQM9dxGDxXI3eqalIyxhIuY1JYBeMd+QQpHsM5bpUejahqDXRtwoZmDszsFA+UcDnngDIORu7jkg8qnUaspttrRdd03b+Vuy3v0vsz25wp2+CN9FZpW15VZvS6vb4bq9rabegw+KPG7eWr+KtUT5S20XMilhggLyRjPYHkKV9BXQLqXji6t7QR+JtcheQkjN3IPl3DptYEDOCTk5+vNeWya7cQMYJYY3cuRvUKWjXpuxyOCMg7sHBz6H0nw5rT23kC6ZvLNuHLbcsikcANkgdCccDJx7GlWk4ycuactNekUuW2qs46Jp7KTtro2/MrRlRilGKim19lcv2emj2vfTTZu6Zpi1+ILIZJ/FmqrGGCozXcnzA84BL8cYBHPPPJ5rNli8YQGVJPFWqOG6YuZTyxwAdrHHBIBZcAHJwK9psrrQH0iKTMrzMvm72O9c5JIKZG1cE8kfNgkcEZy7u50yS4iWK0UROo5KgjcpyGI5AIzgZ9cYXmtqMvaxVOcJW0s3LTVJ67O2iXfboePWx1WjLZe7y3fL0kla7UUrOyWt3s1o2ecaNL4smt7ppPEmpM0M8MAhF0xLhiMkkvx1yAMnOSB/CfSVsdYmhSN9e1PzUSIAPK+yMsAGDlSxyORuzgg5GRtI5fSrP7VqEkFqrKLnVI42YghQATtwwBwBwODxjsBX0LF4d+wlY3jjl82JQyscgPhfmZv4QN24dxyCcHn0cNCk04VI3Sspc3NJJ6W7NXdu6tppuebjc1rJxVOfKpW53v8SiktNbt6Xu0rebt5Frmk6jZ6PeXbazfzNHbE/wCvcpvXaBnLEAHIwQOeTzXlthJrEstsza1qQF0R5wWeRgDyB0LDueOMnkcdfpXxzpjad4U1TbCq+fAZWdC20At68/Kc4xnHXrk18/aGYTHbI6hSEUxkYAz1clW7Y7sQPr0NulSlVUXTTelk16aJ9ettdU1sdFHHYlYVzdSSlzx5U5Xs1yu0dtGpPyd7dLLutRkv9N8LTzQ6nfrcRRsgmNxID3ycbvXA5xnuQ20n5/l8aeMxLceT4h1FERVRQZjvYc8fMecjg/yzXvHiWUnwxdgcI5BLdycj5SQT8pOBwfQEZBz4Jpug3XiDVbTTbUgz30qxxJwCSTgM2MYA4BJAPII9Dx4yhSjJKNOKb20jfVpJ6rr0Tv2TO7LMbVkpSq1ajs18TekVa73W91ZX0sle6Io/iF4vRUjfxBqJ8tHKESkMHOcoG3ZGOhIxnA+gz5PiF408srJ4g1Rkk8zcBKw2YJxkKwweRg4x6da9I1P4KeJNKkZrlbf/AEVkBYOWDM2SRx6cZ4Hfg5JrynxJoV3pNxPZ3ESholzK6HKgvgABu5456cgDtXnqHI0uWKs9WopO9o6bav3Xq1sr7aHu08RRr2UZqWiXf3V00vZb30f5snh8f+KJmghn1jUZIFz8puJBgj+Lg9Oe+OuOMGu00rxVray29wZppwlwjZeZyyxkgMAWbLKBn7xbHJ+VmxXkdpbFmCFAREVdXBIyv8QBJBycEZ9AfrXpukxJLDtV9mwHAbgg7RmPjqGycnP6Djuw8acr+0UHJ2eqTkopRS6aLZK22liMU3CKUYtbXXL/AIbqz1XS1rNvRaJM+wLbTdKu9Pt9Yig+1x3Fkr3G64DuJiMEnLEnDAqRjnkeoXj9VvNVstTiawjiW3AR03adHJ5SccFyGO4E4y2Dnp0NJ4JW50vw5a3EIE6XcqxlLg/uwUYnbgnoxXg568jBHHr7u97ayGayghSSGPY/yr91T93I6dQAuMeoIxXQ8LTU3yximvetFXvpzWvov/ttNtvn/rdajXtzyUJS03tdWur+6mnayWtrteZ8561rfiaNby9hvmgBUg7LaKIOBwcAAD5TnPBAXp6ny7UPFPiOcRST6mzEEIyNCmWGOE4ByMBu/wA31wD9G+N7C3t9IkzhpE3RiPaBGQw4wwByATkE5xjHUHHzncWcJMe4KCzksCTls527X5HsPmAG1uhAFcUZShUcYpJtttctk1eLunr/AElotn78KnPThNWcmlpr1s903pto9rXaWpJFqV/PsQ3EYDNy4iUAZHKcDDbsnoSMEg8cn6e8LfEbx14Y8HaHa+HPEl1p1iLqUG1hkZYRIfmMhCnHJ6DuMFj0r5ttoYdnksh3I+6Ncgdsk56sD6EYznt1+hdGFj/wgujxmIC4W7mfdgEHCkDbgcnJwD6gggd+rHp/VoRklOMpQupJu3Ktlo1e97X6N6IUcTUoNzpScZtWT5mm1dR1tdefolppY9Wg+KXxomsH1CLxZdeTDGSzoT3wMg7iSe7ZOBjBx/FzM/x3+LcSP/xV9/vUBGxKzIrcEAY5BHHsAvJJxWvp+qWVr4BvwzxpKYHVEkCAnczDgdTk8cdORyQSPn++ujICiE5LRsWUfeJODjvgc8N0B3Dnr5mCwlGtKrKpQg3FpRfs46rljr8Lvd9Fe1rtvcwqZxjoOnbEVJKab0m2k7J6rVp2Vtl5nrkvx1+LRwknirUyGWJiRIVySwAODg4OcdB9B0bI+P114oeDw3dahr91qd3qWlRXjicbntw5UiNWIJVTgh24GS2R/FXn11DLJexEs6KiW2TkqG5XI9COnJOOBnPUen/HfXdOm/4Q6FI3RovDcEE+cAOyomCCTjC7cZHA44550qUKNHFUVRp04OTmtIxjKy5b3tZ22T09Oy9vD4ypisHWdSpKfJypJyvf4e71Wr3tZ2Ss9T5EmvdXivRA8xdZgMJGo+YSNyB+Wck43DBrro9N1ho98carDIwjCyH5iOCAD1GcnAGc9hnmslDb3OowsrLiOMP5jAAMyHIIxkMfZQV5PDc47GfVIo1SOOYY3RMZGAwrDk9Ad2ePqpAHt3q9rWd7vW2z93ru9b9tX6HnVJO0Wlr1bSe3Lfva8tHtd36WZjap/blnYQ2N+REqvmMZJ3oQdpY8ng8YI5OD1JJ5uwe6h1CyaSQ+YLizYZU4G2ZNvBAIbGOAAOPTr6st3o2sLEL+533CMVBZtqsFHGMhQTj7uMnDcjk4g1DR9EeaK4jukjeN7cKCyhpGEq/LwTjGeOcc/Ke9bqk6i5VZKybu1Zqybba0utNne+nXTCOIcJR913uopxSSSlZptK6UlbXWy7dD7uuPi78WtPh0zTdH8X3sNumi2hhWLDxwhYQFQchht28kkbeRnjnznU/j/wDHG1VIpfG+okvceUojTLBhnOcsB06k85+Yds6Or7tPl0tY3XfcaBaugUBlI8gspOSTgnkdenHGa8Ivr+8jlgluS/z3khAZQQAvXAIPUZByM89ea46OW4V04TnRhra8uWLW6V3o7Pf572PIrZ5m0MZVpwxVVU6c3GMed6bPRbax1WqfTomez2Xx8+OU8U4XxnqyCLK5ONvJOeC2Ac8c5AyFGACA0/Gb46zsk9v411T7pZhhdx2tyo+bnrgcFhkjGa8fsvETSi+QBgV3yJlUG4g7uRjAOD8xyd2TyRyM/V9f1KztNPksZ5IzcsRKyqoGC4+ULgAdc5BIHXuMdX9mZeoxk6FNq8bXjG+koxTXW9r931tqc8s7zudZr65XV0m7VJKzTXS/R2Xmna2x9yfAXVfjt8VvFujeFh8ULjQ01bUEglvtRjh8uCMsocfOfvsDlFI5OFwWxW1+0frHxn+Cvxa1z4faf8VbrxPZ6daWl5HqMEMUfmsw/eIVX7roQQVAwBjAORj528L63eaBodpqcGoS2OqG5jlhuYZGjmibAKMjKcqwOSSpyOdvaub17xFq+r63f6lreqXWqajOsYkvbieSaRwxGEd5SWcBcYGDyM4AyB4k+G8a+IqOLWJpQyVYGVKWAVK8p4tyUo1+azsox93l2ve19zsjxZjaeWVsPOrWeNeIjy4mNaouWnCNnT5E3FXb5r6XfVde7m+O3x389SfGF/5MrxqvKbiD3C9iSMdScgYAWsSb49fHm4kvGj8W6sY7ZxCX3AEFiRk/NjrkcdAM5GMVwN7eSrqVrG8hVEgWQZZQgIGexwDk4GcY6AnjNLStZgjstQ8+5C+ddsCCyliCTtOd3XOCRjOCSM9T7jyzBxk06NNa6r2au1Za7NLWyu3b8Tz48R5s3zPF1pXcL3nKzaavt3vdNaPVNaI9fsPib8cdR8P3OpTeNdV/dJcyxeXMFB8gbiWJPPIOBnDbRg4+YeYx/tFfGZ5fLl8barght5eUhcglVCMrHoRg568nHJx1EGpwR/DW88i4XzHjvNoBAZlPGcg7iAVBJDA4OMHaAfkO4vbjDvHK7ZADYwRndzjrtOTn0zjBzwcp4DCQlFLDws0pNuMesVpe2ttU2uqXmd2BzzMqs63tMTXVmlFKT5Yqyejvtpqkrq3Zn0qPj/8AF+4mktj441BZkCqAJnAILdcg/LwTu+bBHUDdk9HYfFT4xajpeqX3/Cb6vmxtnZFWUli0YbIySUIAyeTuPAGc8/J1vc3ESXU8LkypHFvJTdIrE54AJyOeTkdM/Ka9S8O3F/F4O1eZ71hDcW9yVQfK+dnIwCOjDtwQMepEQy7CTqS/2Wm1bmb5E2uVpLRpJrvZvX536ambZjT1WLxCu1e029OZK7V+lmno97q6Z0Wg/Hz4v32r21pceOtTW2nkkXiQFlKAjJXd2Py9sEM2TnNdbL8bPiW0/wBnm8e6yVMjINkqg7FyOQHyd3TjnHXJyB8r+CJnk8S2O4PNEGlIAAADsp5HGTjK5PT0IIrvYomGsb5LZljaWbYM9/MYcjqoJycN97tkdcfqGD5bywtG7uvhVr3WraWy73Tvex3xzjHc0Y/WqybV1FzndXtrJpaK+t7x69mf0Ef8EgvAun/Hz9o228P/ABZudR8Z+GLfQzqcGm39xLHbrfwb5IJiFIJKyKp2nIcnDY6H+0KPT7aw06006xiWGy060t7C0gBwsNrbRrFBEpzwqRhUI64HqK/jz/4IWzPH+09Y+aTDFJ4ZuFi6ZciN8btvPfqQOSMd8f2QSqfKdcZ5IO4BgecEcYxzyGOc8gADgfkPFns6ebVKdGPJThTpLlWmtleXLfd3VmuqR+18LyqVMowspydSdRyblPeWsU1rfppd97NW1eA0eNwXIOBz1HHBPU8dAPc44BzTVRgpDDJJ+v3eAe55HPJPPPHIGm0Pz8DGFwxOP7o9eAMe2M8AY6NSL5yAFIwcnng565Y4AznAOOvbk187Go9Or3fl8Onb56vV7H0kqc1FWveXa+l0m9ndfPqui1dVF+buBnK8dBjpgdDnOOcAbvrViNCSTg9eOMAdvrxnoPYgsMVOsYUkEEKXC/dB469Bxj19cYJ5GLCRAA5wAWJBPpkc84xjI4OCc4GAAK0U4tb2v632Tt1afzd113OeacbOTd3q9W9Y2to47pO28vx1qCEnOSOvBK8ZIySAAPXPJA6kg1L5TEZO47QAOe/ODjpgE47Y9qtpGGK4wPQttwcDJbHGcjkDn8BkmURhoiw5DdOVPI65HJ9j0x2ParhNN7u+ktrXTa0d2u6fbdvoZauzXK1rd7W206r8d2u+mZ5BJPAAzk9cnuQMgcZxz04PekNuAcgZHXryDz2zgY6HoOvStfygPTqM84PHQKcHk/gPqcUGBgwA5yehHcdB6dO5z7nOc1zOK0el1o10uvPrfp2v1sVGTjqmm077bW7p+7rda9NNuuMYdxwpwPQkYBzkkemQcYx78cU0w5bIzuzuAzz65GCMY6dO/atRrZskADdnGCQNx4OR8w4xwfcjvnFqDTLqdSYoXIVNxYDA2jJOMDP0HIPBzzmpcoqKfZJ3be6Xk1e78/na1qipNrRt6Ws3a1rq2ktO2vlumYQiJ5PUdRxgkE88Dr9f5dUK5Cgcckkjv6cdD046cjGPXVa0dcKVIOc/MMHAIGPUDJGc98elR/Z9qMwU8qRyBgHoM8j1zkfqOkc0JbNa6J2vrp1t6XXbR6b3q3JbfLV6JJ66LVNWa1sntvn7AecE98DocngjjGOM88k9j2Z8vIKnB3DCnbnGOeMH8B79s1daNguSBkjk9+OQfQY4yAOuclucV2DKQShyRwQeCBgkjngkZ4x23YwOCMbPX5W1T+Hd2T1eqs+mg3ypWTta13q725bpaPVJ2avfrpqyuzEEkjpxjvwc9OvPqOnGD1y0H5SeRwMgrznr1OOOMjjnj0zUpyCdytyMAj+6ecY6knnOQMAD+IZqPBHByeeATknIBwW6gYIIPXPPB5OnLe9mum2vWKtbytZb2smt0Q5vpZ9Fvvpe/Xrp+TG7sKSOBgDpyMkgAdscdyCegGAaYGyoOcY4HfHJx24HXgDqT3zmUqSdwGO+TyMDIxj6884DcNTtm7gA4A3Dk9eTwD+eO/c8gkdvu0002e+q6rTv6bCTkrSurbNbPTblV7ddXZdu1oD1U4IH93OOnQcDqfpg/TNDk8lVIGQem7kAbgO2RyevX0q1sbjA4G3qehOckbc57cgHGc8doypVgCrZIz2YDPrxnA+mc9OKSt0272Wz7f5J2uaOS21u0rNK6fwpv4rrV3s0n00ZAQ3HBDYyx4A+YlcYPIJHUdeRnHdpTqWwGwO2G5ODnPb1z175BqUgls4IUjk+u0e4BGD6deMcc0Zy2RgjGN3ck7cA9M55yOh6Gjt3+789r77jje60b2v56x1S0vHVNvRddtVEq/h6nDHPbPTuOg6jIz60yQAZHJ3YxnrwSvGOQePbAxnHe0CVXbz82OQvIYk555Gcc9cDqCOabsAHTChhgD0PHOfU8DH3T7E07uz32tq+l1qvu2+fkk5bWabbUdH92179PwKY6AAMSck9AF6dPfufUgYajyyMg4POR6Ekk9eny+nXOD0BqyIwpB/Udj+PH5euMdqckeSV25GMbemTk5OQcnOexxz3xQvm10t1/pXt/wAON3STtptu+1+zb/yu+liuYzwrbQeBtG0kHB+9z1Pp9OTmjymAyCAQQcE4HBx16cn1HsN3Iq2Y1Py4wckn7q4xnPfk+3HU9aChBJABBOPm5Ptxx/eXqeCF6YOXFN7a29619L6Lrbra/e3zTjKWttrpL121vbRJX0fw62SVysqEng9TnnA25Hc+vr7feyQTSqoA+8QevBzyevUjADAcDA9sc1bWLrx16jB4xwAM9e3rz0OaXyhg4XGeR1zn+XHABB4z+NPa1+msvwdm7Xsn11T3XRKea7dmpa3d7NatXT3eijaN9NF20zinJwP4Rj5mBzk9T1Ix0HY8njFIEIOM4JG7kgAcZ6g7dw57Dp6k5uurEAbSCMk7vvY45I6fUj/GowgAHBJJ5JJIB4zgEnGDnnOc8Z5OVdJq/Rq7T6aWTXlpstd9tVFnF3t8NmnttyW5l5cyvom79GmysFLYHQ9cjOTz0zjv1B4z0z2qdRuyMZ5DEjAyvOc4BGOO+3pkHHFTGE5UEYOdp3cDsfoO/HXv35kWMnjGOhPYEA5HPGD3+hPbrUZXV76aXbk3q2t723a7JrfTROElfXT/AINuvRdb/mQ7S4yRjPy8r14+8cZwpwAPfIwac0e5T1XIAwcEYJ74BGMHnHfuMkGzjAHPAPBAHUYB+hPcdckZ5OakXIKgYO0H0JBIbIwSRkZHbjI6VS2Wt9tfmuun+frsEoJRTS1Xnrf3beW8Wm3fRorrFzkf7JxyBgYGBx16Ejpg89cVyfxJiMvw38dRL1bwxqijH+1buMdh0OOvUge9dnjBLnGVIz+GM8ZBHbkjBOeoGK5D4jMR4A8ZnKqD4c1DJXGMGBgOgP8ACfYZHbqFUUpUKt9LU3pdKTSSs9tdGnZvvvZN64Nt4iglZ2q0rXWvxU9r6NWvp0T7NH8q3xp/as+FHwT8Vjwr4p+Et74o1L7A93HqNvY6bcB49xViJrhGlU9ckEAckdq988KXlj4l+DN38efDXg9PD+hW/hbUfFLeHdTkN5cXdrYJJIYzZOPsuX2YVWTaOD1BNflb/wAFBEig+MFm20sP7DZgwYgHc5OD0YgnPHT6mv1i+FFzMn7B2p3jxqsf/ClNZSPcwAAMcykrlSDkc9OSR718TmWT4elleU4yNXFKrjMRGFVe2qSgk9W4RbstmtNVqtD9Cy7OsVVzbNsJKFB0sDRdSjahBVHLmjb2k0k5WT2lpp56fm8v/BSrXFkg/sn4NQXMt4M24XQ9NRfJD7dsIhhHzBe4BwevANfsT8ENJ1jVdC1bxpqKz2l54w8C2uqnS5UEEenCeDzzAsUYX7oYgkg7STxyTX87/wANPsM154OljgJnitZHfcVYFt+A2BkBQCDjt0AOcV/T/wCDZFi8J6Q0uIVl+F0BAwF5FqNpXpwOMcdyfYcmLwWDwuMwcaDqRnzT5+ecpOSTSi1zNpK76LfR7no4TG4/EYHFVMTGjOElFU5QpwhyuLi3zciTae2701Ss2fymftC+LbPS/il4o0iay1W7u/7T1GXz7aOKS22LdS/KC4banoCefQ14joni+38Uarp+hxaPqxa4ufsYYQwr+8YYyWC7Qoyc5wcZOeAR6L+0Jq0Nn8Z/FJn8xomvNV3eXtLYS8m6luQMc5BBHI/vCvL/AIU+L/D8Hi3SUW2u3mn1Z9u5QVPUBgexzjoMDt1r+ksjwVGWUYCclKLqUKaqNylaStTd0v0V/N6H8w8QZnio51mEFOHJHE1UvdVnFSjo/d311fTVtbW+wdS0Sfwx4Z8JQahaXMv/ABMHihhR1JSRzhQQ525DYyQCMHPJIFeI/FT4x+Ffhp4juvCXiPwhq0mrQ2tpqE8lqIHV4L2ITQlpEDKXMZBODxuAPIY19PfEu+s7vQ/CtxK0sa/2pghpFXBC5C7iwwTkDGc5Axkhifzu/aavLe7+KGoM0ckyvomkxhywMhC26KgZhkgYztGG4IbIzgdFbAxrV4wvOMYU3ypyesVy9LXu03Z6LTRKxwRzGrRwznH2bk5ptyhdWfKmrWd9vddvl1PXvBHxS8M+PdVttM0/wxqGlPcFZbW8vljA3ABiEZRv/wBn0IwcHrX0n8U9fsPAfgfT/Emp21xqVpaNbwtbQBGcl1B5VuG2554AHoTXx58MYIIdd8IJbwtFG8UIZiem/blgcjGQTlcjkDAIAavp79oqOI/D+K2llxAb6BGIAZQuxV7fLnnOe+M46CvHr0IxrwopTafLCybTvdNWb106pK6bt109nCV6lTCVsQ+RVIRXLypRV7Jq6t0tbZx11ujxu2/aq+GkR3S+FtSiZ8gF7eIEkcnB24OOmAOD9DXd6V8RfDfxEs7KLSdOurBNTuRFbyTxKu4jcGIZQchTjIPTtyST82+PPhP4E0n4L6D45TU9Vm1i78RyWEsUQQQC2ILA7c71IOF5GD7gmvQ/hHf6VaaB4RMcEyrb38kcbSkbnYEbm7ZDEZUnHcKCMVpXwUaVFzi6l1PlUZtvl2vd9Xfa1ut1e1+bC5hia9ZU6vseVxbdkr2vFS2u3rre62fofRl14j0b4fz2GiXmhyaxcX8IkW4hEGIvK52FJOQSD2GT69K318WW17Estr4C8xVgeZw6W6MYhlnbKjgjHIBJHTvmvC/ih41svDut6Lr1/psl6sMs/lwAqGx0DE5IIHdTxnr2z5hB+05ZWT30sOgXchlmkSJGnYJDFJjcgXPA+bOcc8Kd3Nehg8rw2IwkK1Sc1OTV0r2STVn87Jb73W9jzcbmuKw2JnQpcqpxilF2TlduN1qm9bJdbXdmro+io/HekeJGubKDw4NJktLyCMzB1LFvOVQpYcEZ6nBBzjoBj9GdMSEeFrNZMbX0QO4OQMpb4UHJJIwe5GSBkjJFfj38O/F1r4ri1O+tdNktP+JnbmVGwGMks6EFeex3YAGCcjb3P672Dr/wh0bzPtdtCQRAqCFLW3zeuBhcnPPU8gV5Oa0VhJwjTVozSjd3asuW7vq7u+l9Op7uS4ipiqXPWlFyTT0aT+y1fa+7ivlpufmR4v8A2h7rw/ret2p8Dm6g066mhW68yRI5YVkZVk3Y8s7+cYOe3OCT5pqH7Uyhopj4QjCnawC3J5KkfKQScEFgRnpyQME19cfFPx78HYfgJrPgKLTjN48Y391PdHSISZNQldvsxGqmMyJHGQQYt+M/w8Cvynj01oLSKS7sZGkMrIeS2NzAgqDgAA/wjJOAf4RW2FwWErUlNXi17slOSVpKzb6uzurPyWuivw43OczoYiVOLSg2+VxhF6KSWrdmrvfRarzufrP4o1P+3/2ZvEGvm2a0Gq+FXuRCzAiHenKY2gcNwGPIOTjvX5keDdc1Cb4WeIdOlMTWenSQSoF2iR5C5LbiCT90jjrgr7Cv0u1GWFv2Tb8RKqxx+EQMEDOFVlIAx274A4wOnFfmr4P8P6o3wz8W3q2TLZ3EcVzBct8qzeWWDLEcfPtIBIAOQfvCvUyqkqft4xknBxaW6Ukmkl2bbT7Jvz1OfPqk6jwVWpFc0qEZO+ju1u9kmm7307JnlNz4nhiuIIZ7DLvd6eqYYY+edOqkAkEFs57nnB6/pV+1vcadZ/CLwILDRo1e0h0qWZpdrgmXTrf5CTyFDH5eMDjkYr8qb4tBc2s00IkLahpgVlBO3bcR9Dj5RgkkAg8Zbmv0o/anST/hVvh+WW7k2TporpH8xCodMtsBSPcE+23nOQK6YRlOvDS9k9bJKKlba9r9WrPQ+axNZQoztJaJJrRbSsm9LpN28kfrv/wTs+MWmfFP9iLxN8EtU8O6fp3/AAqq81HxDcarHNHDczW2o2zi0eJUKyOouGKyYU5ThjwMfzZeLreNvFvjGNmRyfE+tiHczbGX+0LjBUsRnKY6sPTGOD9+/sleK/F/wp8Jf8Jb4Ut7a6h8R2WqaJrVlPNM322yFrJ5c89uhZGjtWbzA7LnOc5INfnRrk0l74g1q5jTfK+uapeSjOVaSW7llKptyQoY/KMcAdRzXy+U5RLLeIs/xHPCVLGvD1owv70J8tqkeW+t3Zx0d7x6n1WeZ3HMOF+HML7NqrgFiYzbfxwk6bg92rpRa22si5FF9htC0sifKSoVMMMkZ+YZB79uO+cdcyMyXF27OyJE6qOEAJ3DGQTyMkjjIAGMc1f+z3dzZCSSHytzZZwMksBwMcY5xyctyRjmq0drNdyQKImXlI3lztQFWyS+0gAZI3A4OK+sqRilZtbL12TWr8nslb16fIUKs/cVk1zQcXpzNuyXRWstdFb8T9b/ANk3wzrnjDwb8P8AwP4cfS7nUPF3iwwwtfW7PHAlqhaeIvGpB8yINt3NjfggDHPpH7THw18CfB7xn8VvBuiWITW7fQ9Pv7p2sY82d61sLi6NhcBAyhrpTgswKqQBkk1v/sIQ+I9B8E/Ce70iwSTVH8X6rbaXe2sMRFvf3dnLb2rS3Mw8pEXOeWHK8D05/wDby8U6t4c+KnjbRvEcqXfiy+0nTor24KRETSfZVFyheLqqsxUnJDYJGRnH4Ph8ZiMRxrisFKc44O2KqWhJtN08VTg+aPXl1Sbtvorp3/onGUcNhODcFjHh6cMQ6FCn7SpGKa56aWkn711o18mttPxI8c3c99rc+oXe95Ly1jYh9hJYfKwJHD7eN3UjPpkHk7aFliE4UhGBAUZYlh83Xrj1wRk54r6R/aU8NeDPCdr8MX8Karb6hLr/AIVfUtfjt3Mv2DU3lUNauzZCEHOUBB4Py9TXzdHeJDAsPmjeVDEYUEEqQCcDJyTkHndnG3Jr9uyrE0cTg4VqSqRjedOCnBwlem1D4ZWlZ8ra35rp66o/nPO8FUweZTpVKsarbjUlUpy5oWq04VFHmTa2krrZST7WOS8WzP8A2jaOiqpEQYsSfvKDgZIOf90dSxycVd+K073nhvwjIipvjs2WUouGbP8AEcgH5QB0AJIOR2rjvE2pwzaskayuwtwkjBgCGVeoAPGR/d7AAD1rrvGd7bX3hvRJoonRPKK72HygBSHXAyuG4x7jgA9OxOMqlFPVuXvRbva8YvTtt3076pjoy5Kbbt70Fduys2oaJ9GrJWbW/oeHW9xPHC6q7BNnTkFmGMnsAOTjB+8p7V6H4cMkvklwWXCD0JYnOe3y9NxI3egwc15o7tFISh+VhgcZLYbk4JxyezccdOFA9G0CY7bbBKkhck7Qq8nAA7e3ynJGCOBXdSXvtKzskrX3bu31aaskr9NLu2i5sYuaEO7eys2721V7p7b21fW+p+pf7I2pXB8FaxoFu/2Z5fE0V19r3lXSSEMyKNjHOSpUhu+QBzitv4wfFXUdEsdH8P8AinTtP8SabL4n1W+lt9Qjb/lmNqDzApZAwKlgpG7bk9MVF+wBb6Tf2PiFtUdpSniSBIAibpGZ43+4O7FgBnnkgj0qr+3J4R1rw1Z+E9YvdNEOlatrOtPZzoAJIxHIvyXO3hHII2KWBweMd/gYVaMuKJUJwTqSrqSbbX2G4pNNNu19tF10Wn6/Uo4iPh1h8TTlanHDqE/8KrQTb3vdt20b1dz4l8Savp99cXjW2kWlkk8011EloWRIYASVjXdhsKCFGcjA+gP0xrJM3wD8HKIyom1TRVQMxJKi4OHbByRlcbR908jgc/EWqXc32N5l3KygxLg5IUgknAyANpGAR3Ocda+zVuZJvgh8O45H4k1bRSCwOTi4PU8DChsDnJPPQ19ljUoKMY31a15rXtFWadujbt10S32/MclTliJym22oJJXXvJyT9H66nzz+2VEkWq+FgzMdmnxDaGA6W6YOTgZHPqMYzwCa+FpFw2GKNHtGCCep5GDwQwPoRz2zX3Z+2syp4k8PoGZ3WzQkAABSIEB46ADIzkDnPPPPwbIsjg9Dk5CnjHXr/CTjtk8ZHsvlQXLTguiV732btfTXRrW3d9rp+ljnfFTTaa5YdbL4Ivztr31+8jn4jIwOAOc8Bc8g889Rk4PBznmmxYPI44UEAsMMTjPUdOecHr6qKHjZm25wpABAGccnI4znHtnGSOOadDE2yQgggOBkg8gdSODlhjGQSeQAVIBFL3X0urPW7bVrtJNJdn72zV03qc173a+fytdO10+muvkemeGdxsZ1zuJkA4JypJXBC8fT+Lv64P0p4DCr4fw6Ft020nHQgk9znDckkdeBk8Y+cPCMLPBcZJ5IXOCQTgHJJwMgkHgDtnqCPpTwSobw86DOVm5YHrhumDg9s8c5A78HqhaUYxSezSva/Lppd2XXVLTz008/FSkm9NebRNpfypX++yV9E776HE2zqnjWRsgF55GI9lBXBxgg4AyeAB6mvTvDl9aWWtztcSiIGGQoSwXf8xYAEkdcgA4PAOcDNePSTpB4wj8z5F+0sGPIJBHB5x1PTpt5zg4Bb4wuja6pb7JW2+TI2AWDBSzMMgENgjPUEKACcdypT9ouW2j95207bLuvK199boz5X7SDva8bWdla7Sb5eq32ad9O6PUvH/ibTdR1HT1jkDCC3cSFMEg7TxkcEAdeRwOelcbpvi1LWC5hWMssiDa3yqCEYEHJwRx8pAxk4APGK82GoLPKhdz/AKuQAnJJ+Q5BJz19eeOud1W7MwyfZ9xVj5cmPT+LbgHHRgenbJx2Kjh4JcrjdJK99PeuvJ9dVZ66W1Z1xfu+89Vre7UnfkTTs7K67776Wlf37wH4ilutV1S/iCq9rpzTbQrYAjGQSTkg4xzySOBjIIzNG8WtrXj+z1a8Kx7WA2hNyDys7XBKgkgjOCOSOhOCNH4YafarpnivUGk2SxaTJGqHJ3ZjJwcZz0JxgAH36+V+F5g2t+czhNnn9funlhgdR1OR6fSs1CjKpUioq9lF73Sab1103622t0Q1UkopJNxbUo2k7ycZXv11bT6K1/v9n+OPiU6q9qYY42hht0UMo2PIepzjk/NyRnPOByOPmm/vpZzFE5KIq/LtXpjgAggkAE5wScDdyC3y+s+Pg0lnBMkplLpFzjIC4Hbac8849BnkdfFrmGaQ+dkABxH65IyCBhsDBP49e/F0qUIRjCKVl3Sbd9Xt11873W73tSjUSc0+ZqLcXq1rFrW17baXsm+rP0r+C88kPws0t4z5j7ZhEqZyG3DDEZzkc5Pp0yCa6ue21C7O+4vJ1c7WaNCwULxleDnPoOmAScHNc58BLOZ/hppDZCQvI4kyCXxkDKj6844HAz1FeoS2jJcYy2wkjJTJIB6dD8wwABwMZzj7te04r2VO7V1FWfyTurWvdb3skr9N83SXM+S+7Xn0vZvS1krOyVrq7SucB8WIjD8LNexvPl6ewG4ZBIXDZ4JznHoCe2CMfmzbaldpY2XlyiJdjnIAyck98DOOCc8Z+9jgD9OPjLbn/hVniEqxx/Zk/BzzjGCeCcnPXGFxnvx+XlmF+zWaMFdhGcZGASW56g47Fsngcc/LXn4nWUOVK/LaWm7vHfR7eVu92Z1OeM7P3rKKv1bfKuZK2iSvdLtvbbdi1W8YIPt0ybQ2BGSo3KQCdowf++idoPGMZHWaVcm5S8eaeaVvsx2jzWGXwCGJ3d8ZPHXAC4HHIQwjAYIMnIwW5JY+gBI6j1wO/Wuq01fJW4CqCfs5wQRjG1h3zwTnGTldvYkY5eTRXjG+l9LrVq7t03d7O34Wm7TuuVaQ77tpbPSPayktb31evLak6XGraCjsQwicMzEnuCSSTwAOgGBjaMYr0yCFRGvlMoIXL/McED0yMAn+LgAnJbB5rye7mxruhoQpzE5JA9SeMY6jPJ4x6nmvXLSWIQ7SoLmNflBGGLAcg9Bn+6PqMgnESS/kXRLRJ2Vnb/FbRbau2pyYi7lBXtok7XTd7NaWfpeyv5Xu0mkVvKixjbLuLAYztwCeAAxycBQB1HQdcT4hSSrpE8bAYZ7crJjc3OQeMfLwPmAJGT+NX7s4eB1cIRMSQCT6DhsnjjrxkHgZ6874/luG0ednEhVmtwGBKg9T0wMc5GMcDqDziW+ZqK5Vs2lfSyemltFbXW+zWiLws+SpF3vze60r3Xuq7a1utW+9+iWh5Z4FhDy3C+YoLXRVckZBL7ix64XIPH+1ntXrmoaanlq24FwwVjnGcjjIAJAPvjGCCDXlPw7dWmuw5IP2oDjGVw4JBBI444xwBnHUY9yuYTLGqqAyg5AVcFiF+XIwcg4BPtk+9ac2id7RfL1s1s3a+ujetr6WW1zbEyvX0TezUXKzTvHVvXfbbra9zmtLRzGse8BEmOASQCAT3xnk4HUngHrmuR+IMgTQriQnhrtFOD02Eepz9Bnknp2HregeFtY1h/JsrQuROuGMZRVy3B/hzuI6Y471xPxt8KX/AIV0iG2vkCS3N15gVDkMAAT65x90gDsQehrleLoymqKmud2ajFtyVuVp7vTXptvZrU3w+GqqXt3Tl7N7zt0suW26ukmrbpd5HhX9pvIsIkkI8qJVRRnDZUAZI6EAYzgHnHsdSxuxhWz86hzksO4IwBnnIOc4wB0OSRWHFaqY0d0IEkYyD8owqjBHOflUc428dqnhjK79igLjHU52jBB+9xn7p9c5yTyOpNaXV9ennbT52+d3ro0+iXK/hu2tUm3ay5H31Wivpunpe59QfDsO+hq2QoKucDG/JZhyW6g8YIPGMkcZrY8SOP7M0rJLF9Zt93QsCCg68nAJzgAHBIzzxz3w73ro9szlijROCMcHAztO0E84xnDHbx6Y3vFbqumaMgVT/wATqFjtJ6Agg5BGe/B6jjmuyUI8l+W/Mm2/Ntcrd/1eh5EZc2Ja3spLbeyjpaySen4HW69EpsQ8fy7pl+bHPy4AAzlugPBHGADnjP0d8NFP/CEDdOVzHMH6k7WGVxzzzjJPA7EcV876wvmabEVDBPM7n+EHJOCR24GOhGSOePoL4cRSSeFMqh2xxTMATwwwR0zggLyd3fA4JzXj5rCMadP+7KL1v5JvS61t5u1tNme9w1O2JqvZOlJNq+t7a9eis/S2iOaezHmtPvLxqJE+UnLPglsZYABQemME9+SK9W+DT7dCuJouQutKu0kE4Vmycf3tpAOflH555HTNE1PUEukjtXZFE8yOVCLwG+XcDgv3645weOa7f4NwCx0PVIriMGSPU7lcFhgOEcLweAQzAjGew6cVz1ZRjh4tJPmitUrNaRW/r079m3bshJ/W77JT5ut7JxdtUnzX8n666ffv7DF7JLF8VlOFWLxZDIqjB3KySc8gYGMjKn654z+gcsi7iRtVuhyOPl3YxwQQM8EdM5PevzB/YburqPWfFcJDfZtRuL+6myQfMns5wiNwS2QpOVKjn5ccgH9LWcgchsbvlRthLZ7n5ckkAE8cnk5618/Nyv8ADyr5ty1V+jVrS6O+ytoz7Sg+aEW9rRdr9Wob7Ne62tXb79bCXBEinJPGcbV5PcZHG0DkE5zjr3rRsy7ODne2Sv8AdAVssDg5GB0yRwPTAxkxjbLu+6SAvGDuJx8oIGRjnJOMEHPoNAb1dXjBwMLlckk5APC9Qf8ADHAIrmqSiktFfm2a11cfN2Vnomuj6q77KfNZ235lv2TT1Tu1ddrJPbpbnfjBMsPwg+J6l1VR4M1bjBOT5BGSCCMeuemem3p/H14O1Axa9qIVtqSz3pZiCGGbmUnGc5ZiecEjsRjJH9e/xjmQfCT4lebCwQeCdXADDdyYG5H+6Dnn5Scjg1/Hv4ReD+2r0MrOzXd8ylT0AuJAA4OAcZyMgYwcdq+04Pi1iZWja8ou6Vtuv3XVu34/nHiVKby2GyUac1Hrty7vbsn59tj6QtbqwSwSNsHzCCpyuW5+YrjoWIAPTJ4HSoPEE5ksxHbRRAEKm4gAq2CWK4UkgDHqxOcZ7crHEHiULudg6bMkgJz8ynaBjoR2I65xhq0daiubXSVcEzGN97ur9S3C5GSSV9uNpBz0Nfr8aF4pppe7C73eiWqtbz8u3U/munjK65ocjta13a1tFvZtPZqzvbpc851GC6Eu/KsXDBlKA7W3Hg9fU88HsDxg5sGlXStuDxskgyy4GcPxhtwACjuOOuc54GtNdAyxq6soKcheRvbqc/xHIJBYevJPVTcMEYDd9wAkD5hkcKuT9c8Zx7E1fsab5mrPRvddOVPdab3063aW5yrE4ilUSk2lKSta12vdu3ZadXa/R6tanCDRy2oSjy1V9zopQDHALHOVG3JIABB6gEk145JCyaxfI8e8rNISp9VIIxjPoPUe3THutoXlupzlysbSb2yCWbBwQDuyDnsM49jXiE+99bvTyQbqRQd2NoB5DEeuMD5mIAO3qK+WzCChVhpZNt2TWmqav/W3nc/V+HqsquFk5OV7Rd9Xu46fPbyTd9N7t9aG20WW5ki8uSVwIxggEd84yc5PByDjPOOK5y0uLXCxtCG3Ah24A3EdQc8Dduzjr1xzgdv4xvG/sSxtwChkZd4J2goEUYB7g8juevTGD57Zxp5wDMpAGRznAwCeTjIPJ4PUdB8oPk1WnVSVrWTbWt78rs7b826Wz80fSYdWV3o3rZXSS91N20uvN6aXsW7qe1W28pYxvdzwV27VHYMed2TgDJ5JOMZxz9xEu8K0Ywqls7eeTkZYEE8cAE5xng5yNG+MbukaOsgzhuCAOe5AwPr1I3cYrJnZnaVmYqQNqgdMAgkjI6Kc9fQ/SsJqV9H1t5te7Zy6tqy3/TTqVt9G7er1srvqtLPtfe+5AFbhdrFAoBBwevTBGDj19u1WXBEO0n5duMEAgZZW447Yz3JPUjNRb2C4bJJADdCFUDsfwABGCBwQTU4G1CrRkh1yOQT1GQdoJIxnjIyPYcZKEou8pK/S7drWTvbaydradujsaXdvd+FJau917ys+Zb20aTuk3p0MqSE7lw2VyS2Bg5J3bemABjngDnBwOl+3jkWWJWVisgUkEY+T5WHIOACe4OTnBpjsi+Wm1iGLFgeckYA+Y/QYwc5xwDV+3jc3ES/Oo2jaOThQOevGME5JBI3fSq5W2tE7tJNNLd9HdJLvo+r6axJu262je2n8u7vZLS3V3vfV2H3txJBcWLrGpCuQu4ZztPc8g9eOxyDXZzeJdVisiyNDEEiT5QBxkbuMck898c54Od1cZexlrmyU/NtkdSoB+YAjkE4JwCOcc5zuJNWdUkaOw2gbRux0ySO2T2/766DjJIrWl7WDmo3SSTaVr3fLbW9tb37q2vnjOlSqxi5QUk0lqm7J2ta3Xze2kr6Wbj4z11vMb7VjooXyx8wHoD2/U/Q5FOfxT4gaVG+2PiQLtCgfIT0BBPDc4z1Pr2rm3YgqQCCMHJP4AYPGe46dMY6YSTduGNxwm4nIG30OAMFuuMH5gWBxW6nWaX7yae7TbSXuxtrzLRSttu9LPYyWCw2/sKa1191Pp7vbtd23bau9zpz4s18OAL3Y6jn5VGW65zk8+pGMk5GT0mXxr4h3BUuidrY4XBGcY4bnaeueTxzjtye/IQEZK8hwBgZJOGGclic9ckDOT2EyzpHI8gVixUFdp44U/NjIHPbBwQMkcCpVWupNqbatHW7j/Lq29m9XZXasla24sHhXa2HpNNKz5fielvwV7a7eZ20fjjXUJWa7yCdh+UfKAOpJzkDnjng4xnFaUXiy7uoljkvDHK3KvwQS3PPIb0zjtzyMV5Y0jt80pyWbtwOSDkBc98Dnnjrg0ySeVWCKSFVgSep9sH5SM9Qce2MEkx9Zqu3POTina6ctfhTs7drOzSurpu5nHBYdaxo0991Gy0te67d3bva1nbu9Q8S67YXQiS/Db/8AVlQGXZgnBJwMjLZxkjHXJGeD8S3Nxe/Z57iVXmlLMWHIZicZJPy5IJ6Z4GeMVcNykqKkqFjuUISwzjAzndluuScnbjPB5FSeJIokh0/5VTEWM84I2glgRgnJzwBzn245MRKTjK75otq2+mq0vfVrSyfSO9meng6dGk2404031cUrWa1eiT6a37eevClThWUBSMF8ck7Sc5AGe4wDnH0qvIxJBGSQMjKgDByOAQT7emAOhAJ1kRFzlchhgNhSAeMDkgg993T0xxWdcRlpJcjaeNzDJz/d+UZx3+76DPPFeZOlHRpaLrZ3S089NG9VfddGztfK7aeb0dl8O+r1XN/wyKmSdoAxu4GcjIGc46/8C6njsRRuPykDHBBJxnC7uW7Z7jH1H8WX/KAoO4lQRkkEZ4HHOQwxjIxjkHthnOEwSvXHB6HgjGRg47gZ5A+ua/4ZdvK2zt/XnFtNV67abXtqrLf+tGAnqc5IIIz0yTjpnv0IxjIHA4pVLAKRjK5A7gbjgZOD82TnkEgdDxxLHFK+90jZ1VQXcAsFXAzuIznvjp7cVGTyGIOOeAeeOAB0C+/TJBJ6inqrP7tFa1/PfTe+68nYNrNeT2vdO3V+ul+n4PQnYctjks2Txznb2xg/nntwRU8Ry46klhjOV25xwSCuSQOMducc1WD4JYLycYUfNxuPqOmMAk5P3qmt3IljKhvvAnGO3y468cEAcZIyMc81C+rT5bct9enNFfK71vfRJ3Wthxck100tv5x0bffbvvr1O50RSoZ3ZVCghRjoSNxPIG44wCOg4Bx1KX0Ya6eTgEJlCOCMLkMVGQcgg7QrAfmaTTX8yN2zwkqtgkYYH7wGMZ7f7Pb3NqaJLu5dyCwjGWXhVwB+JZeSMZPUgYBFdCV4xla9mrN66K2is3drR+uuvWVJKa1j8PNZdX7qT2Wz0b5vVXTtysqlmEgYltxZt5wSTx8qrgdO44HoRiowwJVWwSzhsc5HTPA6tj1IwPzOpcrEhYKh+ZiQm3ONw5xxwM4wPyIzxUEYWTcecYRlAbIz3B28HOA3zMO+TyaWik3y6tK0m3Z/C7avSzSetnsHtU7px620TXWNk0ul1dvVLddwuhGMLGGHKgANuxkHnsG4ycZ7YIoQMHAEmMjgEcnfgHrhc5J4PQ9B/CLJgaSYxqoVQFYAtj5h93BA65OSQQMj/aAqb7K8UfzjIU7gRtxkZYBWAzkdTz25GTTim/haST269Nvu210TXdic/davstr2tpHZpX33t57bEEUZwVYKACdznduDOPlAOT7rt6HJ9DSrZ5EeyRQSSrEZDjBzk4xgEkDAzgE44IzPHIWRiV4ZlKnA7YBJBBzznnk8dRwauWqjPm8BcnOMEbSOAoI5HfPQHOAM86ezTaVu17LyWr79/LRXMXVtHe9urdnKyV0pJ310fdu67XYbdWjLg7DkZOcMcMeF6/KR16npjAAqGaIBhIjEAhQSScjPcHqehA289+etaccavGQoyDKW3dX4IwduOm7BxlsbsexJUBBYJk528kbQeQzBQ3Gd3oSScjpWqpKya0Wl29N7W6P5LzvqYud1qop6W6K2zelldqz67LpoN0gF7xBE3zGSIkkkEHeueMdOmM568cc190rO1rotjLMySqIIFEfzDDIg4wDnIHXGOgPbn4Z0dQt/Ai5AMsROBgg70yvpgn7uBkkcDnFfa9wJI9Fs5JMEmOLCqF3bfLGOD8uQACSMH8gD9Xw1JQjiebf3L3astba6tdtO2ujSPjeLIOUMNvZuV1fRP3Fd281v5voU01lg7NHaqXw3OCV+XI24OQOOvODzmobjUL+8kSMQwRhkI2ooOQBuwx5UZ9RwMZ5waz0mTsjZ+YkDuByR0yBycEDB5655hyrBmBZATtBEh+UZOcqCDuIyMDBxjsQB9Vfmsk1pbqkrNJpNrR6Wd0rt7nxnIlZJWvvbay++z28rsvtHLaHzL2WPOCBBCRuc8NhmXj3OT1A55+aF9SnQMLRIoUZlymwMxzySSy9O57cgc9ax3lOX+bAL5ySC7YOCwY/eyP1xkHFHnF1wGYcgFunIXk8HLAjOc8AsSfdcyVlz+Ss7u211f+tNSZRa2Xd201lpsltdW89uiJItVdJWkmDu0bltvlqACM4HTjB5/IDrkb1l4hjjVw8XluWDACNdpBI6AEHB47HkEY6beaWSMxspIKh8ls4YlRz052jg8Zzzxg09ZoCNuSGJ/i2nGO5bqADjtxnncalNq7vultu7/Nu+llqru/qJ05NKys0lbTbRa69fRp3v0PR7LxJZyP5rtKkijjgccAk424OTnAOTgnOc1neINStru5tz5alijFWVQvUkjPHyseOuMHnI61ysBtoyWjfY64I3HeHLfeIHbIyMHGDwB0FZWq3fnXIjWRxsi+QY4Y98d+Dk9yMcjvXNVquUUmnv71l5q1ttX5Lqro6KEJytzWbVna2rtbW35XTd7Kztrz/xGuWk0aPbCfmnQhweRgAc9sZHTPJJODjFea6BEXhD/ME81gV+Y5JODgYIwD06MCc9a7DxvLINJhUyHOEALFiAdxLHB4wf/wBYyTXMeHpD9niQbiDIc5AAznOc9OeeSTgg9yCfnMYr42S0soR6JN6RfM1rs/Lq+mp9zgeZ5ZHmvfmbXyjFNNp79e1m1qeoaZGEjRhliAUGcLsAA6E8ggkg8dcY6EDlNcmZbvy3Vt+W+YgcjcMY6cZ9ucksRwG661nCQZ5CBPmJIJZs4yDyD8w/DBNchrJM86yISCxKbiSw25wdxAzgDPGcHOD3rO6vZqV9LaLW9ldNW0f6216a03GMdHdJe8lu42jeS6uz7WvtY6GwaG6sNnR0RACxKg9ycZ56njKgcnByDVPWnKwJEAHcqpzncBtwOCMZUDHPBwBn1FWBxBDIqrlRGpyCR82MnkYIyRx6A5wM1m3Urykbn8slNq7iSAMg88gZODyPfgkGuhxaduVttpX0lqn0WyaVkr7bJb2yxE7xUVu9N7S0aSWz1S0Xpp0LNh5R3NJgOGXYoO1clT+WRkEdicYPQ6P2iAecFjUOA3klSCDyAcgjI7cgHjBH8JPNRP5KgMxJYA7ckkkc/eAOMDjr19ecPE27zcZQ4PAP3R1BQKefck9STyM1fK2op6aKz00a5dls9FZPT8zklLli02+a3e2rSSa0Sb8rK97kbLveU5VCrkoCdvynOdo4z0H64wellY41RnkO4uDsAbaAPcHHPzcAdMHPBFU2ygWVmDk5LE5O08AEgckqCccEHGSSeKN7Mi7kIG3IwA2Qp3AkYBzk4HTp+FbwVoKWl2orVJK+mvRbu19PW5y8l05b21s7t7K9rXVraJq2t9rI9F8IyhpShUgPZzqgDAZIRhlh3xgHHBHXnIFee6eVjv5QpCyJcTqWYkbBuJB3EjnkcMDnPfrXTeFpmF8rFwpNvcfLgDB8t88HgHg8DocHjC45OymjS8uHZd7LPJkYABUtzg9s9gOhJAI61hTb+sRX91NbNq/K9NdL6WStslvt1zu8GmukratdEuqevW+zatpufcet3zv8KYNyLJcPebSVLIGIb7p6A7c8HpnnPSvnG5+3TvIpsYnKxhOJU+YnBz1GGz+WTntXuXiGOWT4UQW3zJNJeDJB/wBWWYAFQASCOSTgn1ya+cz4T1VJWA1AjzcEbZ3wCwBUHJzx3yfUn0HkY/HKjODlHm9pThJPqtE09lre9/8AgHtrLamLjKMKlkpWtbfVNNaq1/VaJ6anTaLMqfaFu7BHnaGYFpZU8sDHCgk4BPAAA5zjGev0D+z/AHKjSPEaxZWQ2NwVKtiOMjeQm7uM4IIzwegJwPkHWNCv9OjHn3bNu3fMk7EBlGcfqB1JODkc19Nfs6XWNA8RI6M7NZTBACSzsFOXyOTycHrgYBHUHho4r6zVgoxUYqMlJ6Wd+XXTZJq1+/rr6+U4SeClUhOblzRfxbr4ba3vq0rJLZ6bnFa5dyXdw4v54bhHklhZYZFUph2GGBIyQBgZ543c8A40nwf1jVPDmp+JtLWwOl20bSyJJcotwVQMWIQtvDcccc9dpxzwepwTHVb9klYS/wBoTuIt7hVAkbaCx3L8vHAwCBtJyN1dxZyzjSJLUXdziWGRp4Yrh1gk2AnayA/MMqSSOpxv7iuWMJXnJu65ne+t3fW2l/O6V1f7tfaQc5KcPeSdmveV7pvW2rfZ3trptfqv2doQfENtaSIsbtcQKoVudwlwOmC2dvJ4OcYJ6V6/8Z7y20bxpqltdzbTJbIFQIzbyVULuJHO3OPUcgHrjyT9nmVI/iDZwrGCZbldxdvueSw6HcQO+Soz2xknPpvx2vEm8e6k7QwPsjSPfKoYqcArye4OSARx7dBo17V05c3LyR5UrJLRrrbttu9+i06qUsPDBVFZKc6qS2bvonzfKzdkz58vpbF/35eM5LLKxXDYIbAAx6beRz/sjmofCc9vHrcy5QRyTWwQA5YkSj5gMHCgYPTdjHA6joruSF7WNVsoZME78RKFc5ODuHIwOD6cgHoK4nw6j/8ACQS7YAN15Cqlf4cSjhPUc4z6HHFbKcVGMVLXmUW927pPT710v59Dgp0+WspXdpO6T0Suk9L300XnolfU+yfjxe2g8D+G7ZDCHUQuN4O9wYQCG/2QeBu9RgkcV8WTyx7jIt0iuxIVTxtABChRnpy2Dz1OMAAD62+MgZ/DHhZJrMSmSAO+RywRAAeRjBA+77ZNfK93Ywzp5qWMYjQtwWAcEM24nkcA4JJxg5wuBmtcVbmj70V7kVZyV9YxWqs9t7+rtsZVoylWk+WTtJWdk1bR2et9Xddrq+l2RaZeBNV0gB/MYToJCpGxgXAIxzg8gHrnpnKjH33461vd8CU0yRk8hnjCAjLopIIZRg5I3cj098Z/PywjRNY0h9kUSi4TeAQRlGAwemGOc8+uOO33P482xfCCC4RI3MkkRQscqBuB5XG0DBwcc5454rz3ZKUmlaNldPVJ8q16O/wrpqraHsYRv2U1y2tC1tNV7vdr11S+9a/HlmsFnJPtum8tx8u6I8lg3yjAPIPcHGQOeMVh35MmpRyNOfKiUMW8tjtIB6gjoTjjqevFdTa3epOxWO1inUHKp5eMAsfnUlfU8jOc9M9awvE+pXsETRm1jhaXKyiJAxAz1zjjkgfe5zjthqjKPLGW9tXd6vVPa1mm1du60sedOMVJNRavJNvay0a11utFs9tdz7D1fVlm/ZySATk7VQDaD8w3Lxlhxnv37EcZr5U0JzHJHdtK6S2w3RMjqmwE5GRu5I+8QCTuxwc19E2Eclz8BRBOpk3ReaMnkrkZAAxyD6A8nnPJPzA+kq290S5CkhAqv0wAuDhs/UAjnGffmxus4XlZuKbUXbona9tdX5O17u17+lOyp0tG7wW9ldXT00fk03bpqkelXmsXmox20s8wlQzIu6eQSOOnKKGJUHHQddo4JOK+sUmaH4GamsRZx5gG8Jx8yAK2TnABx6KBgngV8DwobOeOzLTANGsiu7kquWGDjcQrHp05JycA199R2slx8Ab1ELR+YIomYlgPlxhxgrhcHJOTxlcAZJnDpRpTTaaSTd93qk1d26v8Ea4SPN7RpNSaVk91Kyuui7NPyPiW/kvnYwyNbR7MscsMuvUDCnHcMeMZ645rDsEvZNUtZpCrSCaPGxgAybuWwMDkquevQdRXR3HhmSOU4uwTkndkOuw9txOTjBGSAAOR61n2enRWeoW04uizpOqhCBknfywGOQRkr36sMnNcaq0pVEo2u5JKy6prt2+1/kRClL2kW4uykraX0TV9tL2d3ve2qte33Pr0kz/BPy5Ywsn2uJdkTEZ3BQCx/unPLfxE44Jr5IneUyvB9mPmjBdt5OFBBIOO4HB6Ag85zmvrHWbdJ/gvOIpJkuTNGIvnBPzbOvOBlj6ActyW6/FGpRX2nSSyy3EyuCAGV8gggDknOM8ZB4z0zxjbGRhGpByj9mKba1s+S/S12rafh1NMbT9+Nm4+6rtb2fLrbfXS6OjBl822xbu0a3UAWQ5LZMnzL3AbJGcc4GRxX2d43Lx/B1hiQ+aLYrGGzsBSNQDzgcdQNpxgnGefgfTJr77bYLPdStFPdRbVDMw5IOWPTkcnggA9AK+5viFOkfwZuoklYSbLZmZWzkhFxjOTx8p475J7isnyTpVHFqK5bWty2krW66p9mnez10NMDFRjK7bVrNvTVqKtq9nbTf1vofL1nOsdq0bwEHHzNuwcdkGM9gq9OAOMDmsK0kb/AISeF2tyoxGEGSD8pAJJ6D1x09OeDz1rDfO8aNqDq8q7oxvJCjHBIHf26gdPWrulxzJ4it43vGkO5MsTuJIdcIVO7G446djg5rxoxcZ25le6SfXXlalZ27t7b2ata51O1ldpveOl+2l2+mr0XVd7r72+JlwieAfAyyW4MYWIMpbCsGQcEntkHryCSckgY8wn0vxV4DuLbWtPgthYagiSwiKcSRbZQC8bpkkNhs7lzgAdM4rZ+OaXEnw68FLbTSmTagYIzKQDFwMjOT8wHfBxgEmvj1tT8Tn/AEe71bVDBCwRIpp53hQD7uxWyFwAFAxjpnqN3S37ObvK7skr8urdntqui0XV3t37KtNVIxVn9l6WV72dmtlpdab7+R+ingzxrb+J7vSYjZ/Zr21nKzK0g2v8p3MuSSRn5hg4OTwAQB0niu3uB4hv5Emt4N6xmEmVFJLKF+cMwbGCQCo5HXAr4d+Ddxqc/jfSFlu7lkEpUuZJVVxuA4A2nDDAyf4QQVxmuw/aWvNWtPHiNY3l9bImnRbhDO8a787QSEIBwOhIz044JB7R+zc3yyakldW3XJq9d0nZrvq3rplQpqFS0Uow5bXutWlHRa2vvd9dD6p0qG7tQwmkikMkoJWFkdip6YUEkkdT97/ZJOKi0mIx6rr1vHAd8kM8+/uB5bEnPQHJAIJxnAyDha/N5PFXiqzkSSLxDqavhcKbqTA5HC7jnIJHQ4ORzzz9r/APWNQ1JdaOp3U96X0eWRpJiWYM0WOSSSvIBJHBxz6iatdTpqMVbRJ+lk3dq+rcdF01erbZ30o2nGV3ZfPRpJXaetm0l6X7s8u1S/FqbsSO6zefPtJO9QpkOcDOB1yM7cHgsFrk7y4aW1tZGmYyMzKsRIDgF8k4HOByOw5K5wQDjeIra6fU9RRb11V7q62KzSZVfOYdsgNjHP5k5weZtk1COaJvtMk0kMhAV920oM9QeGOc9TyB7AnwXQ6KSV33e9499dE29N2ku5tPFNtR5bWsubXolra6u0lfRaWtfTT6U8PgreeH5IsTy/a7Bdrg4+a4iX6HHQnJ9Bnt/U94M8P68vw98L6hpl/MlvJ4d0YTxMcgMLePfHbRkHIBICuRjkgHPA/lS8KzSpcaS90T81zp7SBCVKA3MW3YuOh7EZIB7EZH9Tfh3VNVk+HHhG90qZzZ2XhXRUdGdlZphbR7S+FwwXA7cnP4fP53hpuNFpxajKVubVSjyrXa1kk73dlp5s/QODsTFvEJzabUWurSSdt2rrq+z0Wup5Jq3hH4gX2ta/rbTC30231COPTpLpEml+2CJmVCgJkXeAcSfdBwGbBJrkfE/hL9onwPpOm6v4h8J6lonhvxhGbjStdubJng1HYw2S28iKcebwygDA+8AcAV5r8SfiR4y0f4g67FHqFyIJ7K2d44pp1gjacZMixL8glAIAON2OoAwK+mvC/7Rmu3h+F+gfFvx7rPiHwF4dhA0vQltTdi1cgNCm2VdzgSbQd38OMnBWvKccVhqfN7KnVpRi04K0W24xsru8LN6W1ab6Lb6CtUVfEqmpcvLNubcFZxXKrQkpJpxlq2rq11fSx43p/ir4ox6ddfameWSwmSWKTUdPm2SnG6Mb5I/m45ABLEYXHQVFqnxP8AiNDbabq+o6H4deyuZkjljg0kmZpIBjcXVNwLcHJAyACeev3948+Lfwy8d/CZ7Xwx4f1Sx8fWfiaEMl1o8dvpp0ULKEkSUhUZ2i2sq5DfxAHAr5IvdV0u3s9Oa48WaTpwfUpT9ivIonVCCxdAiAqp3HC+4JI7nnweIjiFJSwjo+9JSSbd0lHd8t09eV672WpvVoOnTi1XakqvLed1GUU4pT1SvdaJJ6aXvdmt4WnuPEV14Y1O+02KxuLu7s5Ps0UQhiCteQkOAyhwxwcj3Jxgcf12+CojH4F8JJtBK+GdHGAARzaxjnnCjnK4znGCRyR/Jhpeo6bPrnhT7DrFtqym8tCTZhQkRa6hygVB93PC5GRkBuc1/XF4KhY+C/CnDBh4a0jKnAwPskXBPJ4HXPAGOBnB/O+NcPKdOhFRtCMm2num1T0b0Sv/AJbdZzOpbDYPmnGXLVndpppv2cbpctt3daaXfXroKhz0JwSMYzlhjpyPX7v0zgEAzCLPLZO3p2/MDOOcY6gj3PEUWraNNNJBDqdi80bvHJH9pjV45hnKMpIIdfvBefQ+2ukSsFKlCG5DhtwICjHA+U5yQAO3X1r87WXSsn8K0d7bpcvzs767J/fbyJVHTS54TjdK3NFptaPrbdPRq/M3ddnSKYwcLz6YOANwxkAc4Oc+mR0BFR+dEoA8yPJwoIKMSSxAUhTkElcAN+A4BD9dhu/7D1hrJgt8unXT2rKAuJhE2wjONoB+7kg9D0r8/Phf8QfGOjX90+qW95qpl1hIby2cSztCi3bq1zG0g2qgXrtwMYx0IrKphlSUXKb9520hzJWte7Xr2d+x62VZVWzfD43EUKkFLBKLlTlo5qoruz5lqlFJOz10tc/QZoThmkXAzg9gOASAd2Tx2+uaYsDEZWMkc4AxtGeQeeCc8kg457g8/nj+0/8AtD/EbwV8XvDWh/DrVbGLRJNCs7vVLW7t450a+uSA3muSQCiEZGQM5JBAbPi3hn48/GW08faLq3ijxtt8ON4itI9SgtoAdOh0iScNOzbSQAqMTkqG44GOvsUckrunGtzU5U2lyyu223ypctlaz7L3r3ux4bIsbXwixLlTpudF1Y05qftJWV1BxSfvvlst7trfQ9//AOClyOn7N068qX17T1OOv+uzwOc+uBnOTkYwK/nD0i7hsJbq81GCee3R3gj8pgNsmctgBsnAJGSMjjPTA/e//gpT8aPA+v8A7N943g/W7TxDPb+INPAW03GJQXBZ3Zl2jywcsOTnO09x/PH4K1ZvEBvRqKsLZJmcxo5jHzsQxzkDhT83PIXOV7/oHB+ElQp4hTgleo4xlrZqNOGuzatfule2+p6GWyrU8rw1KrTlRm61eShUg4tLnTtJNcyVtW7Jaa7O3BfFfxp4O1E2kf8AZk8kkBmBhvHVo7l0BBIDZLDjbgbuM8jkH568P+MbTVI9RsLHRk06ztVuLhraNvkZ2Z4yxjAGACOoAyMMSNoz9E/G3wn8O3ttHfTJI/7RtY55po2vtsihyd2A0gAJZiRjJP3Tg9Pn/Q7Dw3YJdPoyNLf3GnTG63yiRcBmPOPlPGCNo+XnB5yP0ajyShJtSm3y8r1cW04K8W7XelpKy1TujgxtSqq8l+6ty3vGz1cYK0U1o02lZJJ8r6pn1D+zlIB4cmCoq7r5uScZBJ3c5ABwxxkrgYY47/SdyACdh5xjBJJYMMHPHBznPYAY4OK+Xv2c7jb4dlMsYVjqTgAnIIw4I6ZBGOwA9hkCvqaRQ0by7dowy4ypBA5xtzlMEHHqcKRwceVj4t1mox1b1fVWtu9Fe+2z63W56OXSk6EOWzd+llZLlaeuzvbotU7swZodkeFKxI2d6oucllOTxjPqecg8g18WeJbf4c3mt+JB4mkEuoWoljiLRI0TKAQoDFceYO/POR+H23ukmG3ylAZmHYfLgjPPoPyPAboa+LtX8IeDtf8AE/iO11jxZYeFow9xJHLeRtM9xPvIKM4VmWPgkhcMuABtyc9mWRjTlOdSDUVGL5oqWr92OiSfVvXT8XfhztzlGC93vJtaaJXjrp18tlpc+ebWfwho/iDR77R0to7GK+xfSBS0ggO5pCFIwZduAAoIweele26541+DN5bWsOj2dy7vMzzzfZwkkcqnDMCADyR8uO5GGxzXilh4c0G18Y6faW+oWeo6bDfzW8mpfMlrMVJRZgGU4jZfnC+vcjOfZ2+H/wANrRzeReKLG5udQkeBYll2xQO7jcVQEKVxxzgDnqNxr3K0qbdOU3VfLTVmnLRtxbSfK+Vy0TSTfN1R85hXVXNZU0oyV1Lla6X5U1o3bl0Unq9ep6t4V8V+FNQ/4Rqy8G2UkNxIk0N1cTQRxlyRk+YyrvcEjIZs9SCQxNe+eF9W+EU+oQT+L9XjgvdNSddU0/8As/zIGjjwkI3FCHD5LOTnBGRkDFeIeGPCnhzw5c6Fqel6rp11JFDJbx2lvL5srSuCHlKLk575VSeccEYPrVp8OPD/AIvvYNRvPE+n6JPNZzLc6S3kxyXBiXGZWfDZcsp3AHvx3HLCNP2sJOcoWimrptN+6480bLa15btx7PU3xClOk4qPvNpNU0rbJXWj2fe90vNnhXi3Rvh3b6rrevWmtWz2VxqlwdMiURwrDatx5fkIcg7T8u5OF7jFd58G7nTYWhsYvIGlLNIY5rdWeVo7kFmcjnco28tgHAIBGCa+d/GvwzsfDviRYD4htNZh1C/uRHbQTsrWylyqrMzkIxPAIQjBJ4+Y19TfALRbHSpPs1/EhdVuYo5klDpCjIyLlmJDMFYkY5GM9uJxVvYvlrylGUk3dWs3ytJuKslopWTv00Sd7wjUal50oxb91ydpON1F2nZW1TTWz922tme3eKvEPw31vUfCkzatCZdPtk0izSGFkY3cbgbZiqgOxb2JDEe4XtPH2u+E9Mn8L3viy9axja5tIdOIg3PLdRbAqBsYIkOODyC3OO3znq/wqsLDUdF8jxVbtFFrUuuiGW4iVmaSYv5Ebo5YkkYX9QAefe/iL4F8P/EBfCw8Q6k+mw6RNBqVkFnSIXE8QTEI3Opw5QZODnGM9682VGMpUo+0l8LbUlo/dj8OjWmmu7R30ZVGpWpq+mjtrom731aTaslZPdLoYH7U2pWlmvg6+vWBsJ1YosQXftaJHiLKeMYIJUA5yRz1ryK30jwl41t9G1PxRc2S26WbRWytLFbv5Kg4IKnLDBxg46bvm2gHoP2r7yxMnhEXbNNZpbEQ2sJ3PIsUKqHBXhiwXIAPOTxmvNPCnwxtPihomjzpfXWmQWsVxHZxxoqs7hcEv8x3cYGSBz168awpwVJSc5u12ruzesLSezUbJtLvZbpChU1cOSD934XZNX5XzaaWSTtbW7S66+v+DPAXw/0fWrLUvDV1bPf2srwWoW9ErlbgFXfaDzt6lsZPBI4zX42/HmxNn+0F45m1JJXtIfEji6COTvDgYC+xByeAMEZ9K/Yf4WfAiPwd4lt9RvNWu9SW1FzEsBOxY2lUbd/JMpQ5Kk7sMBtNfkh+0FYrqPx6+Ienw3DqBrDy/OSCAiqBlsHLcMFPYemc16OV1GsTNxnOUXSUeZq0r8ysldJN9E7vW6Tuzxs4g6lCnDkjzOorRjZq/u+Sv2dtFa10nc8t8Z6hoOuyWWmabYxQ29laSBpWi2PPkEFTtA3FcH5mGQeScjFcl4T8L6HqAnnu9OWRrbESqo+QEscN82BxwB345Pp2GqaM2mT+cCHBsGZQwLZyjbipx15PB3YAP4s8JXVlAs8G52M4WUqqkfOWbIJABA4GBwcYB5Ar6WhVbnyqTUdFa7u5e70b011dl0e+58ziMHGlGCmk203eabs3GLSu3e/Nu+mnXb2fwH8KPh9ruixjW9ESe6eWYGXeUCqhJRRjgY29uhyRxydzV/gJ8NPsJt4tDKSSRSKsomZthXLA4BwCTkZ75BOOtdD8Op2tvDUMjWqkpey4ZwWJ3MeehzgdBwMgk4OcdxdRXBTzNp2SiR8BmGxChIAAXP0zjgdWwa+4p4anHBwq2j/DXM3Fc3K0mr3V2201d6t9VofmOMxFVZhVhGTUVUcbRVrQbha99LXT31XofM8Hw40Tw74B8Q3GhR3CLLNdxtAzMQpghYbvoxUtwf4T0+8Pzk16M2V6J2XbMVdkDKWyyyHnHPXaCR26seRn9cdRiCfCrWJlZS7X2oI53b+WVh0JBwAQOcdWG7FflX4qTytQWRJFfylkMquFzhpduEVj3yBxzxkDGc/He2X1qcVH7Sv1TXuWcb7ddm+r22+9w6dXA0b83PGC1s1aTcLOy20d7bpatHqvwM8TarfeMLPTnWzhtxY3bKF27omSFwSSeQCSSVP3sknjmvF/E2rRP4j1qO580+Xqd5GpiDKuRK5IY4wQ3B4yc7QSOh9U/Z+tFl+IFv8AuMyTWd3IhLjAiMLAgkNjdj5sEsADxxxXJa94a0+98Ta7GsjJKmo3iYDBVDCRwTnAIxwFzuPUAZ4GimnVaWloXunpe6VrWWqdtbt2a6vV1YVHRhzK8nJx1at9nTVdk9b9fM93+EmnaLd/DDxtewpcnUjp0yyM0oREiEDEMykk43D/AGSVB9gPlGynhWS1tI5mUz5EyttAUFs7hhu4znByCM55zX2X8MvDyaH8NPG4jkE73WkzSs+9iBiCT5SC2eAOMZztxyBXxRpGkyX2q2YBAYsI8EMSw3EhRgnqBtGcgZGcZq3Jy1cvdto7t+7Zbt7dWrPz6WM4xULe6pSb1W6vaKuul2vW/bRW+uPhuZk8DfEK1j83yV0GUkjnzFVScbxyFPODkZHIB4rz74b+FtJvbGCS+tBOLp/vHaWGxyCgDHIJ9hk9Oea9u8GeF73SPh/42u3XzBe+H502RuzNCI1x844wwwMA9BngcgeMfCawu7hAFuDH5coNurs+GbcSW6EYwG9twJ54rainLlSqdF10d3BO9tdb7dH5nPiISTjvJp8ve/w7PW11Zfo7o9a8a+HYLP4S+LtP0+CSGxjkhuGRG4JRSQpwcgknIJB7+prxX4P/AA80LxHCY9Ss5PPncAypJtMSFep6AEgD5iOewGK+kfGllInwl8dma8JmjFsjDGNxYqv3R93Jx1AGPqceP/AKeSNpoFm+0Xb7IljAHOQQCG6AD1OSOevUX7Sb05+a3Ol5RVrK+j3utr6aE06Ck4u9nq7N79ra3bVtVu/O5rfHfwrZ+G/h/wCEtEtFnSzttYnZfOckNuccq2efQ9hnBGMVieCPg9oWr2Ec81qG+1QpIzqxEh3AsdgIwVGQDg5z04xXpX7S8dyPA/hGOVtl1HqM2+NypypdDt6EnAGcY/2SepO74G1GOPw9o5jCvMbNEZFCgrhQCwK5YAE8tj6Z28VKfMoXe6itbX1svw/Hd33MaFOSnUTWkX7ret/h+6zvp2Wtzw79ozRFsPC/w2sbYtFb2L39lbJIwGRGVUk8/KCSDwx6t3FN8B/Dq1uNJ02a4jlkkvY8TSRuSAjAHIUEkcAkZwDtyK2v2jftMvh7wFPIjFG1DVQrSE4LhoyoAB2gDqeM9Djoa6j4T6jF/Y1ql3LsljtmA5jCpnG0E53c46HHPIOMAcleUoyjyp30S0Vl8KXR9G15Jp63R0UaUpQlJJJpvVvVe9H5pbq62stLtnJftCeEYJZvhbpCiS1gXTJbKOZwP4WwXJ6FQrZLYJIHfCgedR/B1bUxXS3s8kVq0RwFwJH3qcqRgDg8k89NwKivf/2hFMd38JJ5bpXDQTYYAEbNyspPJyGyVHXcM98ip7+SX+zodrrHBciIKEUHDBlAYjkKSMdCBjqORT5qkY3knra97dUtWld2Ttpr0uaUVJyirXa6tbXlGze9ntt2s2eOftMi3i1zwRbF8yx+FLGNV2gMjbVUBumD0GT6DBwtYvw08Gz3d/aX80nkBbm1aIKzAygyg4UMTjvg8++7pWz+1HbS23jLwX5m0s/hrT8HHJDHknjk8knOcEEY9PVPh1ZRS22kI00KzRy2OwKFyVMgyScDDY6kZJx0zms41XCFLlSvN2teyWqSvpdWilbVXlfSyOx05ValWTT9xX1unblV13uk3Z9G+m78o/aE0qXUPi3LYqXMkun6XbIW6lmiiUFg2315xktjcTxke1/C79mue2v7bV73VN8NvFDeJbxgIzSKVcIN20uo6ADdnBBxXj/7SbyQfF+98i6K3MNtppikTghzHENwxnDDOc5B554xXvfw3tPEV0vheS58RalJ57xCZY5m2JCjKQhyc7COoPQEjp0WIqVqEoOMuVc8E76tt6aPpd3t3sr3TbJw1GNeNZNJyV25WvbRevR7u7drvrbwj9oTRoU+Kep70AZ7WzhMco2k5RFDAbTnjJ6gk9BzX1n+zv8ABHRLe58N+LIIp2vbWTJWOUtHKXjBwoHIAHBOQxbd26fNX7TjJa/FnWsT+asNpp7AOAXyEjY8DPOeDgnnJ6rX33+y9eajquneDzDBttZIX82ONgWkZUwrFRkgjBJ6ADnnFOtVcWpSqxg7xWu92oapLSydrrW1r7N3mjhZKnUVK7aSTSi5NJOOvXdb7adH0/Nj4n6XF/wvTxNp2oRtHbTa+5cGRV2KzHAJcna+Mn6ZHJ5H1L8NvB/hSx8S6JqmmRzpfxW9wssPmqyhGVlRgqNtbeccjIG4YIHT5C/akSSH45eOUN1LbyLrBCgMVZSAQrbhnDZ9B1OeSa9N/Z31C6tfGWkrcale3UUlh5KCUuyNMf3hjG/OdqZwQTgc9OQ6UnNqSqJuFpbJc+ieuui7b26+cqEqas4yXNaMpJbSaj1umra3vdWdt9Dx/wAZaDPe/EbX7JbY7zrdy5BYgKjSs3zZIIJHvyw619yfAn4f2uiQT6sjSNcXvh/U4XU7cRqttKcBQenQAY/kK+NvGjtJ8XvEatPJGf7Z3FtwTERJ3c5wGIO1QDuJPvz9x/COW0W5W0sLiaWGTw7q4cTS7zGTaS7ioDHBLeoAOVwfvUoYuTxNNJJOVSL5kmr8zj0Wy12SVunU3eEjCFSs2tl7rerUuXVeW+jVra2Pz+fw8upeJLmIzlFfVboM4GQieew2tgclt2MHB+uCa+v/AIXfDd/BWq2urNdC5GpafeRBEQoLZAhddxAGXJIGMZ5yehr4gm1/U7HxDqsFtIipFrF0wLfe3RXOQSSc5Iydpxn73pX3N4F8TS6snhbTLjVWD6ktxKx8lso0VtIzIGBwQQNw4wDg8ZyKqTrxxUZRleF1zapb732dmnZeuiuZ06dN0ZNL3m3Z2tvZ2e976K/Xrbp8r395p1x4wvEu9Rjslk1yeOVXVRhVuANzMwDdMnLYzuyckYH6E/DDR9E/4QT4galp15HJDZ+GLkCeLad0kcYXczr94OcEqemMbR2/K/4naQdL8U38zS/aEuNSu7iNhIQxQTcbwPw9CFLdhgfoL+z3f7Pgd8QCskcckvhrUS8TEkqCgCMCMYJBGMsfcEA1jVs5uaquMr3TukmrrR316217OyunbeinyyhZJPlbbs9+VrvrdadrrTc+UNI1DwXqF2bO/W8kvTI80hgjwJpDL8iKFyc7RjAAyQTwMV+mFr4mi8KfstfE3w/pLyol14bS7EEkaoYBOYhI7khWDqGADjOCWXnPH5UfAtYrr4oaJHfaha2sKid0kv4TJDvEjhWkByzeqrg8jsK/T340tDo/wS8X21pd2erXGp+FGF5cQRSWwjPmJsYK6qrJjAUDgj5j2xzVqOHxFCVKtLmtKNRwlO6k1KNtHZ9ddFZ2fQ7cPKvRrwr0Yq6jKHMnblvyPdbNqSvorWbtufEnw48c6XH4q0vSTbOZ5NLhtopWK+VO+zlnBIHXJJBLNkA/xV9xeK0tdc+FvjOGHTIWurLwfdyC4jESvHherFDkFeeCcEHrjOPyU8Kzxaf8QfCN5eTSKsa2+RFudMbSOuCpAJGQdvbJzjH6Z6Vr+nah4J+ItvDfTRfavCF8rAxPFFLjYI0TOMByc5G0ntjIyqdGm6fuU7STUbtqzTcHrs79rWWz7o0lOpLm9pN6x095J3fI03frf5vXqeL/ALE/wW0H4l+J9UbxFZ3cw0izWeySO4EJnutxKsVYjMcZB6EjaCcAndX3j+1n8JrbTPhZp2q6dvgbSNNv5GMk0MgklSMBIRlt5JHABzgA8EjJ/O/9li91G2+JulaPHqN5YNcRywyNaXLwiSDlo4mwyhiw+6xzknAFfUf7WEWoW3w/8QgavrCrDJb+TbXV3O8fl7mDlFLlcvjnI2sCSSOtc1bA46Vf2tLEunSXK3S11tyuT3Vtna62tYzhiaEaPJyc0vetLbW8JP1dl1vskuh49+yZ8MvD3iLwzqGo6xqg0vXLvWUijgiuIFby9xfdJHIylA5ON2NoI+9ivuLx74Y/sf4Q/EWGG7t7sWttbW1sUkw7SAhcTOp2tuBGHPByM5A5/Iz4F3t0uralvmunZooZUSGeRXEoAAO4suAMEkkDHfGPm/SpfEEV3+z38TIrq9Mk4iilV1lLXClSoWOVslvlIzjPGMHIODlPDYmD9rKtzKUopRs+WzaWvm23rutN3tvCvTq04UnGyh70veVn162avfy6d0z5cu/hlqWiW3hbxPIfMW+kt7a4aOWBhG7iNoxtV9xC7huDLjPIJ4x798cPh7aeMtQ8BWF/qVvYf2f4XN3JLdi32XDR25MccZnYK7AhRhQWLMBnOBXw/omrajc63ommT6nqNxavfWUsMLXErQxOXTIRSduSAOQPUEDt9Gft+XFzpOn/AAkk0954rl9KSCd45HjzGLdW+ZgRkBj8xIGeoxyK4MdGvThFUq1qjUmm7pNpLZdXfVK/RW6nq4WtGWHqc0V7NOK926krLVWWiet99dXoeXXvgNvDn9l2llrvhW6sNTkuvtkE0dss0LjIj3sScA9sE9MjhRXkfxD+HVtYaHLq63Fje39zcLDttUhU27B8IiKrbmiKYw+MHI74NfP+o6xqE80ck1zcSPHtCK08jbCOSyHd3PUDIPHHJFeseGLCfX/AXiK/uJb6TUYpf9CLSsVjSBQzgKx7JznqMcYIrzaeIxjnTdWSckop2i0m7Ru1dpatczurNvTQwUKcVLlctXZc13bSKkuz1u0vO2nTyiTwVqQuFQWkQWVQxkJJ25A3EL0+bJA5OCDwBmsTXvCV3pVsbiRJJIt4RHyAo6ZAA52hsnnGeuRnlZtd1Vrvy4L+9WONN4LM5+ZMDIIJPLAk84J6jgZvW9zqOsJILq7luYY23yLIxA7jAAOMBhzgYxznufTc3KMVyp3auravZ7pRvpukna66J2zjGN7pt81tNV2u1ayvHRtpJ6q2i04ZrQ7QuRyAMkDhl+b9VyDggk8c9Q02soeM5yNoymTtG5enAwCyng+oXByDj0jw/ZWH2rVGuo1mggsZpYzgMBIWO3hvlyDxgDkYzkkUot7F7JnWEAkhpQ6gFDtyCpxkA8HHAGPzWisrvm91a3un7mmklddWldXd+lgk4wlrKXwpXu2ktHffXd3dvv0OI0mNTqVgMtEovIWUk8E+aAc528EngE456EZr67+PVy4j8EWRxJt0G3ZHycKHiUhiVyMEcZ5wcYHNfMtrbRtqFg4IVBeRYDAAnMy8DB4B45BzwSf4a+t/jbYrMPBqvEPNPh60WIqQcny4yScAfeAx0xwSMnAF3jUSjrF2d1e/Mra6976Lvfuc7rwjFybbVoryTtBvVt2ulo2lqvdszwXSPib498O2SWekeJtV02wtXby7a3upUiAbp5akgA59umBgHr1UPxp+L6GK4i8a628e3cS9zKQqjpuO7aOozk8c8nkVxepaetssdu8PEvzE7lOAoOc55yGHQkEZGDivQ9B06zn0N3CYWK2lJwgYM47nPUZ6ADPXLA5zxVMLRjOXNCEpScbtwTbem6s72733vvdnfh8ZXnCPLVlyx0tzWaa5XZRTavsk+60u1patf2gfjHA5WTxrqYWWN2QGRmGAM4JJIz1OMrzwOTx2/hz9ov4vJb3d1/wl+sRi0jjd925lfA+9yeQM9M9eo4wOc+Hfhqx8Q6kDf2SyQQW8xRPlBLqrbS+RxnGQOpwByMgeoeIvB+mab4MS5s4hFPOt2rxpGMvGkgC/MByFBPDcZyecYGdXCUfZqLpQvdPWLta1N7pJ9bWd9d9DpoYyvKacq0tlb3m19hb8y2bvZK266au079qr413cksem+KJ3QQZKz24dzwPnIxkksG6nkD0Gafe/tY/HbThZJeeI8/aWCxotqpBIOGDArwRnAzyM8EnJrnPhVo0NxrOqObfclppKlZSigoSAeFbaGYkn72Mjjd0ByfifDbReIvDVjD9nBvTHujACbSWALsCRtbnJPoDuwBur4XHZhDD5lVwKwyUY03UlJRaT5YxklvZtpWf4dT6jC0qtbDxxDxMuiSU2loopJXeuq11at3Z7HZftQfH50mFprdu527j5lkjDLDKxj5cYBHI65z1Fc/dfthftCafPJa3F/polDBdjWahiDyZCu0EZz1HTt6V6p4L8O6PZB1uxbhEjjKMSH+cqSc5HzdcYJIIzj0rwb4m2Wl/8J9cW0dxbhBaxEeWiANOTxkA8HgEg8cYbtXkZdnNPHY2ph3g1ywUmpOFk1GSbs2ravr11u+h14rDVaVGNSGLmnNqLXNez91Le1trJP/gHRn9sv432yp5t/pO6U7dxt0xjuCDuAByCBnI6Vp237bnxht0jM0+iTMzqoUxgFQDkAgZYZ6HtnB6gCvnfW/DXltPLO6YMfmRbQhwT3wMYJOc4BJHpivN7qzDCXygHEDFy4yQSO2B3B7YGeSSBjH2tHL6GIUZOjTiopvZqTfu62Xo1ZvXfTQ+erY7G0J8ixE5dLuTellZrrd2vva1ux94D9uj4qIrSTWvh4NvCHCkFs4HOAR7jJB5JOKuj9uD4jLEkctl4XZyHyj7wQQBg5PbnlckDjPavz0S3luZAzuyh5YUIUMQWLbQMdBncpO372M8Dr6V4h8CX2lacusXPlGC4hjSJEYgxgpuGSvzAtnB6Yz14zWLy7CRqOm6MeeSdm72V2rJdOitZX08x08fmFnNVOZLVp7vXy03Xpb1ufZlh+2z4/mleOXS/DLzLGSoE0mGz0AIztUY5A7cds1cuf23vH2nShJPDvh8pGgkfy55RvyOMAKS3BA9cBfXFfA3hbRprzVYyEUmWMqUBZgFVRyTjIJ5/iA5zwAa2dc0e5XxC9qdiqqxxlSCwCnG489uCCPfOcc1xVcvwarKj7KN0k03ff3PubT0V1ZdNDtpZljHT9o5t3aVk7atRa6Ppfrf5aL7itf29/E0knmyeFtLbaV3eXcXGGXGSxUAKTg5yNvAGD1FSav8AG3Uv2gdS8GaPqmlDw/Y22upI08MzSGUPgY/enaU2joCRgcY+bPwxaaYtqkzRbVka48og5fchzyuR2AyM9R2Ga+0vhZ8EfFus/D9fiPoRsru38Pah5ttpksrxXV3JCPMcgAgFFVeucBRjrk1zTyuhSk6lGCjUV3u3dadLvZdVrdKysztweaYmpUhGpVbipLok30spLW+iXTW3c+lvhZ8LtH8Z6d418A69qE974b/tu4uYYY5RBHHJbIzrIzqRvkk2gYz8uQOg4+Rf2jvgr4a+Esvh2fw1e3LQ6rLcia0u3WRoHUnaImLMxTBBGe4B7c/Q3wo+JWu6ZLrOmyeFfL1DURPeT7Z9jW9wXMbSO24jZt4AHXJIzmvM/wBqm61fWD4GTVdLjtZktJWSNJDKZFkchZnI3ng8gksducE4U1cqNOeFfuqMobNNtvSNnfez1flfVJqy9erWqU5Xm5ezly2k+ay5uTR9UlvFu19U1sfL3h3wvdalZT6ruwkO5TIOSXXLZCkHIOCCcd8nIOKNT0W9GnWl7I6RwecULjHABJDt6EjA4GMdD2P60/sn/sGePvjb8H/C/inw1d+H7Cx8R67c6Nb22qtO15dXEMcjSPMIVcQWxZSplkKj5snkHHx/+0T4D0zwJNqvgKS801vFfhrxBeaPqtrp0nm2cc9lKY5GWVCwkQlC2Oo5OCcV4OHqutWqUYQnL2berVotRcVe9rO1+qv0W7Zy0MTR9vUjDFwlUtGU6Tk04uSjbRv5Jb6rfc+Rmti1urCaNkEpVmygbGcZ27lJGDu5JGP0qx6PPJM0FsDIXKsNqgYz16jv8vAHuM9R+4X7EHw6/ZA8afC7S9E+Ken6JN8RdS1OZZzqN29pGbVQRF5TlV8tQpDYGD6AGvjT4w/CLw74J/aCuvC/he4tL7wsfFNtHZT6ZKstvFZTXCn7J5/JlCqdpYkk9cA8n5+lxPCWNxuBlhcRGtg1UcpypzSlGmoq8ZNcr5kotXet9T6SWTV3ThXdWmoTVPlkm7/vOVtxd7NR2atdO1raNfGB8KeILKP7V/Zt5HbCJXknkgYIozklgRgLtJwWAIyBnK02zDFzIkqxoQYdrbdzHIUAKSBjOADye+Dmv3D+LXgPwdZ+AfEenaRp1msw8Ko7NPEjSo8VuGMkbAlg24jkHknIzxn8NmsJxGogXc7XbICVVlJDsARxuGNow2BjOPTOvDecVc+p4mrUwlTDxo1XSgpKV6kbq0trK6vdK6TbXkPH5e8vnCEMQql03Jx0cXFq6unp3t3uvJbiaVPHLiZxloyyFSMhSCyqRkZUKecgkHjBPNY9wGjmW2jcH5S0gIUAZPzDuB3Hy8jnOOa9Cg8O6lHEZ7kedCloXZ0K7IiE4QtncBgAsCO7ZHY8jBot5qFw1xBFxCQrKpOWbd8ijfjHBwSFYNgkZzXvfV4xlOMrWi9VJ2k42jd6b9Vr666s4q9KrB05L7VtVJu2sdOZJ39Gmrp6p3C1to3gO1CWLhCAV3Mp6DOckcdDyBngtVptHdiG2MiFQFKt0cZPQnHcDp0wRnivqL9mP4IyfFjxv/YOpWj29jHia+u2V44oYlAzGrhQqysDkLkFs8ZFb3xU+F+leC/i3ffDzRJbS9hS4jt7OSSQmIPNgsJGLHlemOeDnIyK+UqcR5ZDM8RlCv8AWaVJV6ijH3YQut5JWVkm7XbXZrf6GlkuOlgqWNbiqdWShFX96TurNqzsny67J22u7HyAmmiAYdTlAW8zfwCeFzg4ycEjsM9s4W7bWuws0g8wFlOFGNofplj1AGAc8ZOSBwK9X1P4fa9eeNbjwVp9hG2qLcpbRwo6skrAbiQcY2kcqRgMDweeV0bwPeyeK4PCd9ax2t//AGnFp0qzP8qyBsSK2C3A5OVyQSK6KuPws4OSnFctF1nG+sabWk3dXtZW23673xw+ExEZOLTalU9neSfLzJxulfqtL3XlfocRYpGHG6MhApYFWPQjCEfNwTzkDjjgEiun02Mm8hji2eW6/NuYhsnG4Dr1wvc8njkfN6P8V/BNn4C8TjQIYIm3WUM5AbcBJjnDMASpJBwRjnkEZxkeF/Dt7qtn/aNvDbp9mL/6zI+cAkY65GOo5PK9eK56MqONw1OtTdqdSClCSdnbTdPaKTeltFozdwnhqsqNSzqRdnr1vZxvZ9HfVeu2mxDplt5J+SVC20gLL94c4IyepYHKjJA7c1ONMZE3Kt4u5sbRIwxnPB5PUkZ6bumc1kWMuty38VhCm+7ublbe1g8v/luXKhctwAxPLZP1A4PU+JIPGPhu/bT9Ss3t72FY3EJiDKVcDBVkC5AHXrxj/aJ8mcaMajpe2ipyvKMN5S1S0V9uj3X3u3bGUm4zjT9yKipOy0b5ZPe7v2e6jrZFUvPaNGRPeoirt2i4ZXUkAYK7ieB16HvxW3aXdzJMgh1C5DMAXDXTh/unA3KRz0JUDqp6DAFDxNDMmmeHrhNNmimu7cvfTsDsd8sqsuMgDPTIJPQkEgVo6DZTXGlX18sMTi0uYYGfcwIMhAUbuc7T1x6k/TCUafKnKdo8yje2qk7JbK6urvqtOuttPaSclGMb6JtNWcE0nZNK/W1+601PSPCtvJrGq2uk3WoXQW4ZiZDNnYUAIwWOASeemQoIx8xq8niLWdLv9QtbDUJmazuHhSQklmVWK/LxjCrtJIJyQTyB8vM+FtNmfXLW3WeRHuLnyvMhJLI0gCr8vphgDyvI5PevuTwv+yhoPiTT57yHWtYW9W5gWdUiDK8s6hnKOWIwS+QMkbsA89cqOUYrE4l+ykpxcdI3Wruu+3k3oou24YnNMHhsNzVko8rXNom23y2t5pq6vbey1PmjQvF/ie+vCtzqTCzyQ5O4DeFHG085OOSSMKT7lmeNdXml0mQyTGUCdIxHtO0kAfN0xzjdjjIxwK6n40fDW5+CviDS7a0uL+903VZSPMvYkRlEeFlU43AYIPIJzjgnknh/GbWr6DBc20gCSTQZU4zkqGP3cknt7HleQ2PKx9CthpVqFSHvwdpLRt7X7ppatrTs7tWfbh8XRrwpVqWsJJSTbs7e7dq/a1mui2dzF8HTlxdRqro0yPgIcA8ZPBGcdhjpk4Hr+1nwXtNSh+Ffhe5t2tRFa2IJ83aJCX/hGTjB65IOcD1NfiP4QlSSa5ZSwMNu7Ebshju7YBGc5PQZGc8nn9tfg07n4beFYoY4mW702FnErMEUDaeB90Nke2c4HOAPQ4RpJYvEuyv7HST5ddVq033Svvd2XSxw5ziOWlRWjTqW5rpJqy0te9k29LaPXU9d0z+1J1uxNHp0cjsjIfPQMUIzkAMc4GDjH3jnIJIqTT5tKi1Er4iuES0aNoS3ytCgA4YNGf4eNuRnJwMEADlZ4XSSSZNKEriRVZo5yqqAowGGQAFX7xxn16HPovwzufhFbNqY+JmkajePOsz6clnLIsNsypt+cDAdix2o3O3k/wB0D6nNa7oYeKjJQnN8rk07LlaSuuVNO7tf3nt1ueQ5SjGdRQq1krJU6EU6jUmrWT5YtrrJvS2jvvyXjex8P3E9nD4QurUefBAs1z5TbYnLYJkJQAHux4Bxyc9ek8Q/s5JcaBp+rWnjLR9U1T7K1/f2lpKF8qFYTIThmA3gjaVHzbuM+nmOpeKbW31K9i8M6c8GlG5lNsLiESyfZBLiJXZgS524APTHUg17ppQ09vh3fa26uL24DIHDNGsbMSpACkhoyMZTgZxnkVxZRGniqdf21NTlycybfLy2tdwsrNu/VWV9dNnmFXE4Wlg/q9WcE6kYz54RnKanytwlzNtW+FtPe97o85+CmmSWlvr1s0aqolCiSYMxZwxXClsgjrjAJJ2nvgeva/osdj4cuxGh86eWNpiCApGRyMjIGPcfTOAed+FUySWepwS7JCl8oDooGNoOAGwuc7c5PPOcnqPRfE6mfRrxBIVIHUnIGMAHOCTjOMZxwcYIr6XBYGmsBKcYJydOfvNvry316XStfVq/mePi8ZVeOUZNtc0dEml9m/XS7212fTc+X9bUhJYEwodCueSwDZwcjPXn2GCFHG2um+Edm8c2q20sqltiEOZGZuxwSRkAZAAIGeevGeO1iV/tbKkqsEkKknjj0J+8SPrwOMgYrrvg9IDqGuRs24LtAOQQSzchTzkAdumRn6fOUdMZCN1e7u3a1k+/e/q72s77+xWU3hqk0rq0b6q/Tr2ffdWSW5V+NMDWdxYMYwI2icbhkllILMQF3Yz1529cjGSBxehSQR6KJQAwbzGZSWJPzZHXngbhz25A25Nek/HCZI5dLEmChtz1xnBB6H+LnkHnpz1JPlGiyY0mQjDKpkwrEBSp44xyD7g4wMDgkV8NxpNQqySV3KrHW7Ti+WN7vZp3bta+vkr+7lMfaYKjKS6dLpptrWNru2q/xWZ6R4X1KSS3kiWCIbi6xlhyu8Fcscc8DO0gngd8GuV17xc1xOmlvpGn2ws43t7m+trcC5njVvvs7LgygH73IPU5G01q+DpftMDEIFxMCzM+CQw4VcbgzZz90nHX+LNc5qq6wbq+jTT7b7N9omKyO0XmAdQcud2Mc4PAGMdMV5eLn/wl4SXJJtxXw3d4rl0ldu3a6V7Jrqehl9GCxVe70tde9Z68rs9U1dpK7WquvSTxfpdhazeHPsl7cT2t3pkU7h3j3xZbDxNtZgQCpAHpz93p3OiahaW2m6vbQXQEMFvHFDuVTK/yhmBYD7uSc5PXb2wK8e13Un09tMhv7W3eRrNXV42LJGm5gNuwFRkkN2z1wcgj0Hw3FZx+Hpb0CMpd274dmJIKsXyFYAFgP4jj0B7V4WCm3iK69k4qcPtWvBRt1eju7O+kbWu9DtrU5/VaKjKTtPVrllZc92ne10lu1ZbdU7dVociXMs2JmLTWjvJlVUqQoAxnA5x0GSQSOCCKm0BYY4dfS2coslqRlmBJdSQTkEldxwcnIUMOmcHC8PzQzJdS7tzJZlNwBjHyg85TBI5PUc4z9ZfCpjY66i4eE2TEMSwZSCCenIJYEEeoOSTg1q9XRlytLmerS2TTbvok72vq9UnotHyyt+9baa913aS1fLtbq3e+slqr3Os8L3F5axsTK0cJQKrMrsrAnayo5G04GSNpJ4J7nH0VoRaXS7VhKzlgANoCkcnnk42jOSCflHBBOK8PsdSuL3RNHspI7f7NaB/LaEATMwLYMjhQQueTkkgHABGK9z8PRt/ZFpnAJjJDZPGSOSP4vce5YcDI+34Zv9d9nFuUXQTd0kk24XVl0i7621tpbVHyOe1JOmnKCh+9aspc10lo3orOTt96umzcRZNzL8xXg8EueRyQCcgjJ9zkdq4jxAmb64GW3C2AAyfmJA2jrkcY5IA47twe1UOoc7xtYc8YJOPl9yCSQwP07c8LrUg/tO5UM7HyRt25wMqMbS2APpjORux/DX1OdUlPAvmStdW1el15Lb1SWmtjxsucliVZp6Rvo7pe69+1luk1ZO/U8h0K3up9ZmtBaT783DsyJGXChjxvbgcEEYPB5BHfrg1pboWkS+gKs6TBmfBb5hxhuST/ALpwRz0Fc3pD6omsOsbrEjTSuJWnwzIWKEAAg7SCcgA4IzwRXRXUF21vIUkiZI7gmORpmOcsSSSSWJPJ788cdB+SU06SmoQv77k22mkrRSulrdWadkrp6N6n2lepKpOHNNWcKfV8y0i3e691Ozu07NW80VY7y3bbbrbyvAzqWcx4fABPL4GO/Kgnpx0A0dLa2MF5HaxFY2nclMo8gYHgktlgM+p3Dgjmsh47iRN89zFFEGGAjkPkLwWADEDoCQTxkdjiDQmkSHUFUpKzTPtZS4dWwxDnjJyOhB6g/M2a42pSqKaWrTtaMYrottrO9ry7+eqVNezl73Kk4JttyTXNFq6skr+lmttblndprSFLi9vBMgaRxtyuSSAvGQBgY6E4Iz1rbe/fU7ZbOO/mgighyquUiWZFjOEOzllXAGGI5JOfTi5rPUUWK4WFUMjhWkMoYOqkgZBOOSMH2J5znPRwWd0omnk+xuBZPhEYF8MMZ+Qc4Awpx2+lc1q06lpRaummk3tpu7uyW+it0SR0VfZJRfNFuDi7atKzil1drLra0W3a6u1PoqXBT7Q0o8tFeKRvNK7iucAYAwcZJz931yeP1S+F11FL8NNFuQ2VTSZTlySPkiYjc6tgjO0ZByfzr8oNOhkhspYppRFG1u0yrECxLsGK4H3h0ORyQQM1+p3wSVbv4S6DEwLx/wBmTCQHgsNhwcg5GMnPQ8Ec1+hcEYabx9WnCylLA1N9Vdukt3f3bu/p0PzDxMUY4HB1U1yrHRXu2vaUVrpZ6u9rrX4tT47u/EmhNcakjeDI7yf+0rmSa7YTA3C+aQCu1M43ZBGecknGMV5xq88Uks9xb2T6ZG1wCLBWlIVSQNqDljwOdw4GCCOg+u7uytoJLlYYIo4klnVP3Ue4kljkkjJBPfORzg8V8n+JpyL/AFZpLgr5N0xQ7VI2pztxg5AI9yAMDFdWdZFWy/DUZ18RGpzuT5adKFJqyT+KK5p7/aettddvSyTG0sU5xpUpwap0nedeU3LSGqjpGNrJ2srbLZFfRGtrptRISSNZLfasrnGCgyygnGc9uT78VPaQRrokglLpAbhVEsL+bIW3ENv5JC5A7qfmzyMGsTRLySW3kZ082EpcbmAC7iRgjg5wNp6jPODgnAl0iSyl094ZZZ0iknYzCNioj2g5I5O4DjAA+bJ4HAr53DuMfZ7e9Cau00pOUo6NJJ2d0tHfdry9upzKU7ppqpSdlG7ate7WidrvbWz12d9HUrawtrrTpboTj/RMwLGQ+/J43hATyM4B7cH0GTaPoE1zbRJZ37u07M7sCFMvUBmbAKbuepIB5ztqpqcmm2l7aSyapdJCLZhBlS52gkZbcMKTxggE9gelULfVdGM9rB/aF45+0/dSLAZiOCHwDkZwWYYx7cVx1Zv2lkqSWnKpJuV1a9m7pOzSje2mzZ1Qp81CLftE1T13Su2rJtLdW01+dzubS1MOoWTGzitoWvgUMbKzzcgKWycKGJwR0GOM8CrHji5tzqzpcRTMY4ov+PZAEKsxJViBgk88EnBIxwwFc9ZQyDW7FmuBHA88Ulus0zM5HmEnMecAsOMdsYHOc6nj4+Xq5b7esLyRxFYUjyrsCcbzzjAJ5GMcYYck/Q4CMpYKd373tUndrblina1k7adep49aFsZSfM1ei9nql7t1vr8Kto7pt3ZzOoJpAshMdOu5EMpLIZiHbaowpj3KSOM8AVcvHS48LoTp0+kacIVKtHMoe4/efxoSGXoMkAZOAOBzz17FfWqQyLeWkrh3kDOzSAblGPkIIyFbBB+YkgYBU42tU1Kz1jw3cLqGoo1xEkFq0FtD5S4yp4cDaznvkDpu4ziuLFU406sl7qTWmlm1pe7b+9c3TV9Dvo1JOFFpNp1E225WS91a9bemtn2NDwxDceXfwZgiiNnGbZUktzLcquSDLJuHlEEclNvQZPQUSWms3egMs+l2jTpdXC2QTVFjIhGd7Eb+XHLk4JyOO1Y/g+xFncXcNtDH5P2JfLlvrgyEowLBcZYKxPQZ568dapz6fBDpEzX8NxdXk13dGF9Nu2WK2j+cYYFlKnGG4zuIOc4IMRS9jBOWtm/dfKuW8VbWL0X2el9mVJt4qbVv4uHadm7PVvRNWV3o7Lsm2dFDYtbWgNvBqLTQ2yt818XQS7snBZiCCcgYIIHUEAY0/h5dXY8a2G62nhna3uVmaWXzGJKv8yhCwAGCoGCCQD3yMS30eebw8ZtOhu57WCNEZ57sRyCdxu3by24hCcgEEfL83ZasfCyyvNP8Z2DOHTz4LrMs1x5pZkVs7QGwBgYx0Iz06n2+FoT/ALawCaaiqsZLVO97Wsm3rre9tb23OXM3GWWZg3OMpRhUjazTUly921dJtaa/ccz44iiOtauy22q3RfUXDhZRFCrFiDtBOSMHrjvjI4Nc1aW11HeWRttBS4RlmXdeXSsUGGDEAvwwycDG7jPJ5W38QbcT+KNVVtentSdQkAh3lEDByd2V3ED6fTHFcpBZ6Ul1YPP4g1Aus0o/dGQo7LnBJBJCk4DE8FiCR692b4dPGYhtJXxM7e9BaqautpNdOybffU6csa+qUffdvq8dOWT05YWjo7Rd+jW59A/s5xyjVtciVliIunV7dSHCyBiMLnjAOQSPXIAyBXt3jfUb3QtH8SahBL5E0Fq5hlVNzkM5DdOQMEA9wMEjPI8Z/Z1jWXVtXERVwbyUiYYGVVm5kAGQx7dsNknbXqHxSiuYfDniV4XjlaK0ZWWRyAQx3HavQkEbiQCc+hIz9hkbcMgpJ6cs6kbLVppq2jTba32fl0PiM3UXn9SMtYThSvC26tT05d23Z31e2ivc5b4fa/ceJNB+334Pm+b5fLvkheN2CSAWJHHIyPbNdRqcSLZ3bADK207o2AScIR1JONvJz06r0zXnfwW/eeFmIGCszFjyRubOcZPIHGDx8p5IOSPS9UV/sF8g+YmzuFIx0GxieCCSOpBODk4GOK+8w9OMsti7KUnhtJJatqK66dr2d7euh4VWcaeYThBcqVeMUk7JRcobbNq/Tu+9mfHWkfZW1i4N5KTJ9pLxwoAMglwSzbRznAI6EHnHNesafcaPGkQlhmZ1kIBGHIOflUjkckkfMQMeh4rw/QonfX7g7Wkk3zKqAtyVdjjqFwMnkHn24K+0aLpGtXcG61jto8Pli8ypJknHJYgjA5yCdw6AdD8RlkJzc0oX96ondXbUZRSVm1qnfW92rabn1+ZKEXTbquPuQcUp2vH3NLa6rTW+nnojC1u78Prqkvnm7jcjCorKiD5e6gfKTj2yc4HY/UfiG4hg/ZN1KWByInR4kJOWEcmepLE5AAOfoOR1+R/EcN7baxLHJbaaXVW3Su4kywAGd3OW9hnbg9Op+nPGUzr+yBqjHbvHlqwjGEB4yQBjAPGDjnPeut1HRwmbrlUf9gxCVklvFXXn0s7K7etk0eRmcVOpksudy/4UcLZcya3i1bqm07376rqfkV40D3NrECu5otIkIKliwJbOQe5xggEAtkEV5H4DeST4u/DCMxsqR+MdMiBO4HCSZxnqWOe69Mg5ANexa27iwnYghV0aMKWwSS2TkdeeTnOM8YzzXmvw+Ib4w/DQKNuPGumFSwPzEOrE84HYnjg8YNfktOFlB62bTe11ZrVW9L93rfRM/RvatUq61v7KairrX93dr1btfbo5djgv2kIWi/af8Vq8f+q8SSOoY5CIYovmAGSu4dDxn19PnHVXRfGkksUamb+01IJDdyvGG4POc9uh5619n/tBWNne/tXeJYbkKEl8T2y3LAiMiPYgPJOckFvReMZyMjwnxh4Y0hPiBrENg/lQadqkRiRmy1wzldyBtwJwQTu+bnAycDHoYavGM1h7q8o3jNq7aUo363dtne+r+aik7YalVaf8Gm+VWTi+WC+Lu7tJprX8eZ8UNczNJGVZlLsx2rnYDGnUgEDAOSScYI4NafilDJ4Z8LRsu7ZC24AcFW3DaR1wxJyRwvBAxive/AOg6ZqmmfEC4u4YCLKwISS4QP5brGASjFflOAASABjjPJqzffC1fEHwyHirT7m2SHT2Flbx7gJnlizJJIEKhSmPu4yW4GBwK6IY/DwqTo1Fb2MqcIz/AJpyS0SWl7Xdle3mtVnUjUl7OUU2pyV7tq0bK+q3drWbel3dux4T8O2mk8KeIYvK8sSrfCSV1IDIsWFQMcgHocAnkE981wXwstNniq+kWRAqzQALkBgElUkLnOOpyBySQfu8V9DeF47VPgzq2ol0Sa0uNUhkdo1DyMm9H5GeAR3689CRXA/DD4da5ceHLn4hwWsZ0b+3IbKWZpFS4kmYBwkcO4tsHOCF54BJ2jPVVrYelNSqKFqs4RhOTXvSkkoxS11snpffS2unPTk5U6kVKzjPd7xSUU9npfW2u9tbWOu+OV1s8H+H18pSr3kjjCklwpfOcDnByc568HGRiX9lzaJ/FbLFlRJaMFCghS0gYkFgpxnsDz3z0F34vQR3HhHw3HKFQxXdxuUYLKA7ORnjgL0HUdMVo/sxRwR3HjTBygNsVLYwNzD0wOSOPQEYHcZRi4zgm1eUm1azUE3zJWt66rrtexjOoqmGk1ZpOzV7XalezV7Xbtura+h8w/E2Xf4018vECo8UyZbPPzKWxznJ3D5uehJ6mvnnx5Ip1nYXVYxKgwMnkp1OQOOo47j0PP0R8SpIz4x1wMry58VyEMvAOQSBk8nH8XHA75OR86+PTCusyOYSVW4RSRhuMcAg8YwemD7elOvO9ZJNtqLbVrdI9emu+treia9DBXjBTdtl5buKWytstlr0e5+s/wABpxYf8E3/AIs/KVS4v58OnGQJ1VjyBnkDttHU9a/NTSpZJfA+uTef/osd1ZJwF3AKFypyfu9zk4AA6cGv0s+G6mH/AIJjeOrgRMkV1fToMHaWZb0YIOckZXoMZAHbGPzA0G0mn+EPjidQqGK+slILFmVNvzHPUAgc9egJ6rn5fK6Ma08zmr2+uKL1V0lyq9tVv5O+vkb4at7KrWaavLEp6q93GnCNk+9nZdLEWmajpiTyGS6WSPhAAyKsbEBQSobDEfez17sSx49S+MU1sG8EeZebd3h5GVw6YxgbUBLdGBxwcnPpmvj20Ma3jK7jb5qJtjOwg5U7iOpOBj0Jxx1Nez/H27WCHwAdzGJvDEeFDkE4CqGOSPbHUkeuTn6ahkUL88Ks3Ke/NorO10rPS9tHbRWZticzl7ehGai+SU3flS6JpOz2V7N6/cy/ps0E9xHLLcRsCpSNS0fzbQduGBB65PrnJzk5PsHxEtob0/D1Jo98f/CPzIpaQKDzhQjE4AyRjPr14r4y0XUFa3RSXkZcuBubcgUEkkZIGSoPBx2OSM19G/Fm9lXQfhtIsjwh/C7vvEjKd67SoyDkA4wc4Bxja2TXq08qlRo1FGo5ylGOklpzWT1beyvvq7a23Rw18y9viMJL2ekZO927t8sFZ621bXyvda3Ot8N/DSy8SCeNp7mK/t5M7YmVkggj53hgecLlgFyS3Ppj0HxJ8HJ9a+EnhDQNK1kwg+OtQjkvryNnjV5CrKpKjeCdpBJAXHU8mvifw/8AEjxHprXE2najdWrSJ9kcJLliWDKrZYjnHUjIx1B+YV6FqnxP8c6X8JdNu7TW7w3sHimaUEsSkTSEnzgmeGYYDYAwO/O0/HrhviVYnEVqWPpexcZRpQlGTUJSs4ycVo0rWdte3RH0mOzfK54XBwjQaqwr0/ayWl4xi00ltdta7X7u7P0A+D/7DVtr9vBeax8QxvW+SyjgsI2JMgYBjEzYxKu7btB/iBwMEj9Wfg18BPC/w28F/tI+GLSa4v5bv4ewQT3WqQq8kbJbyHZG3KKJDhjtONzA7uOP57Pg1+3j8W/h5/Z+mXOn6f4jsbV5tTbzIminM4DENJKiks3cEsDnpX2p8Mv25/jLqtxr8uq2tjZ+G/iPYXEerG4k8yWxstypDHHM4BwFOBkKAMqMda+RxGQ8a4bMKmOzOrDE4DD0a0o06cklUlLDyhFxp6O8ZyjJXelujav85nkqeYUYUMDUp04zq4V2laE/cxNCpOLklonCElpfmbtpdsPD/wAFINWleKDSJ7aeCymQX8zyR2p2lwApTA3HjjgDPJPWvNfCfhTQPCWsrY29z52svc6m2pwLcs8RaNWETKGOAFOSAR1yMnOD+s+m+IfAOmfDtNOi1nw096+lPfpO9xbB2EtsWKu5bPmRljhScZzjHJr8R49fhX4iarqMOq28ssup6pEqoyuzQbnUMgGcggYDcjAGc8Ac3h1i80zPNqlDGUZxhSUeWbpuztNX5m4r32oLV3Wrud+dVsNTwNWVKPsnC8ZJNWlbkcnFJpa21uu+j6+N+GLTTdQ+I/jS01i3Is3TUpF2SBGa5VnMal2IO1c54PB+YgnrJJ4S+Fk0kemxagbW7SE3t1byzs/m34mLgK+4BB2C5wcAn5hXk0muzW3jnXrhmdoBqF+yqDs3sxbAJyuc+h4BOGwTzlaGtz4im1rUbeyK3OnESpskwZEEwYDjg7umV6kHBYmv3XGZM8TiFzVpxhFRSjFtRasm7rVWe62f3ng4HMYUcKuWN3O7u4pNJqLeqsr6aXer+V/0J+H/AMIrD4xfE3VfDtxeDT3sfB+j3trPHJteOCPbGAglZY3cgAnIwcjGDXtz/sD+GoLbW7B/iDf27XNvJPCGS0852kBaTdukAKYOMgtgDjstfmt428f+K/D3ia1v9C1K/wBJ1Wbw1pkNxJY3Etu/kqijyXKFSyAdQcgnPXII4HU/jr8Qbi+gM/jzxIXEDIQ19chsKcNHkvnawBHQgrkEc5Hx2bcIcR4zM4zwGZwwmDhGlHkVPmk+VxUmrrr3T87XuzvwOZ4WnhIOo5yk05dl9lJ31u1Zt6NPRX6Hr37SPgmz8K+KvB/hyJ7jUbPTdCaziu5gEaTyp5EZkVSAd5AYspxyTkZNcdomhabe2+DbMbceWiRhwPnACsQM4GDnOfvY991U/j34kmvrP4Y6jc6lcGebw+FaaZ2eSRg5JYueXZ2JBbPAODgjJ858M+MrwwDT4ZhIzOdrzLt2BTkZYDOSTnB45wCK/UMBl9ejRw1HEVFKrCnTjOdlaUoxi9tWr9Ndb21Pj6uKjUcpUrpOpNpXXvO8bRe7Sfn227dX8Z/DD23w40pLeJliPiR1w7EgkxgYAB6diRu4+bPY838NfB1i/hW5u9SZre+e8aKySGYBdrHl2BKs245GcdOfUV0vjbU5NQ+F1gmpXDNJF4lZg2CQFWP5vmJzgdsjnAOOBWP4OuA/h6XERJgmLQux5VS4OSDgHjr6DB4BxXsVYuEY2bula7V7v3G1otGt1Za3uujONSnyuWqbldXV5L4W7ppJWs2unvddjW1Pw+bbwT8VYvKVmj0mzAk3hiWEqkgkHAJAOewIHQMa+bPhRorP4giVkKl7dvm3bTwCoAORxuzwD3Gc5GfqjU7i2PgX4lOWkZpNHtHYgkAuJEBBIwOM4CjJ59Fy3y58PJ5V8Q6cYY5FNwnl/eCj5icMCACMHBB4G0Dr2KcneMVZNvuov4obJJX6WTvrrpbV1VFwqSuube7tezta7trb4d76rWyPpzwXo/2TxVHHLOFI0jXWYNMWKZs7ggdd2COu7g44Ixz8QX7xxX4sJLVZvNurphLjDndMTnIyeigBiMk/d4wB9xeC3J8Yy2zwcw6JrQM8jAlgbSc5J3fdB4xlsBsZ2nB+Ir+3ni8QLdmUGIT3C5VdwULKwI6Ht0PQnGCASK9Lk54R5p6JxTUdXtFN7qOzs3bzWqR5dGXuzS5tYxTdtGnbvutN7NaXvc9C8LyRy6tosSWBAi1GxiwoADH7QmGY4JOO5PHJJ7k2tQ0WbVvj7daLarDHcXviW3RN69JpHRYhg/MVDkbuSCPUc1D4TZ31jTZkmKKdWscLsGGPnx/MOMZwf9o4znnkey+CNJ+3ftR6bI1n9r83xdYIijGS5dDlmHQDLFuM8D5Rk45c+rywuQY+uvedPDVZcsVvaPu7JvVb2v06vXTLoc+aYeN78s4NvZWU4PddbdumvQ/pS+Dfw8/aJ8N+BvBtlp114RuNPg060LRtvWSRQE2xTBRycHG4AgEHrXk3wG0H4j6l+1t+0NDY6vpWh+K30/SE1lo0M9nLGsbLGIg2ShVcrnOOc4HOP0b8OSaV4Z8KeHptTP8AZ1tb2MG6aW+hhi8wRo7M4lkGFABORxgce/5e+Bv2kfA3wy/an/aE8Y3tjc6jo+pWlvBZ32kyRTO8lrvVnQby06qVwNmR1JOa/wA/8BTzXMZ5+/qNWEqsKs4uMJrnUq0JJRd1ZvfVJvXS2i/Q5YqVSeJjRhQqShStT/dpty9pTSUuaXvLlTfnfZLRfoLqnwo+M+owTLeePtLcCOX7PttULp5ineGLLjaQTuGcZ5x1A/E39qX/AIJ+6vc/EDw94CsfE9ne678TtRvvEqSvB9jsraa1DSXAZkC7mJfIOctjOD0r9ObH/go38Jr3VLXTxpfiaKW4tGlha401olJKkkuQAFUKD8wOCQRnFfnv+11+11eeKPiP8MPHXwq1JpD4bt9WsLaTUIYlQ6lKAslqIicOsR2jJBU8ZOTg+14b4bijL84q0qGFxGEnVpVY+1qQl7KcoRUoJyle13tquu+xliZZhKnTjiVhY4ZJtxhThF86iuVykru12tmrrp2+Y9B/4JEfFvW45ZofFPhlrSzZ1cyyyRuWRyo8tSQzfOMg4weR8xIA9P8ACn7DvjD9my/0zXvGWu6Nqelax4p8O6Z9n07fcskTTsZPMgKvldqgk/MDwCOATw/wV/aw/bk8bfGTUNItLCXVZG0K/uNP0iw0qzj0+SGAO8F1M5CxI5+ZlDEFgoxnjP0B8K/2ivij8VdEu/C3xYsIv+Es0X4taFa272dnHF5EVndy+daSsy7N5OFJXKn5sHqT+lVc/wCM8PmmKwGJx+GrYeOGbxFOjOM60VUpNx5VfmUk1rKN0pWtrYzqYKFShSq1FShF1Iq6ioyavFNpSdtNLSsrd27J/q7Y/GX9njSmg055tGsr6xhhWaR/DBWTz4oI12q/2YKwLKQduSSeuQQfnr9pP4pfDbx9oVhH4Z1KwN3olhrerJcadafY7uC4gtx9ndozGhBLgbR2IHIzX1Po9+lzJGdS+Eej3UENtJFHdG3015JJlhAE0rSEDL4JDZ3ewI+X8ff2jPjFomo/GDXNI0bStH8N2ugeE9YstRfT47dI7u+AYyQyLH8nnquFJHU8g4r4bgHLcTmHFDxCljpOjSr1Jqbbp2d46KUbvmcul9731Zy4yGFoYW/s5p00velXhUjd8vxRir3fa33nmuk/tDeLhYQ2mo/FfxzbTQqyZi1WYrCiO3loY1YsihTgKcAKMZwSa9J8MftCeKf7Q0qJPi144uUnv4IFke7nYMxdQIn3vgh8gEcntkjNcL4Iu/2Qbrw/ZS+KNYtbfxFrlvbWzOL0RzDUZpGRo3TcqoVJJ3g4HQEHmu48DeBfglbfFnRvBFjq0+vPL4l0x4Y7S4M8VqkpSVC84cpsZSoDsVGcgfLkV9nmGQYChPESeXYhP21TmqfV0ktr3fLZJvW9ltfSzLhmNKoowcaP8JyjeNNOXKl7uq1crdL7X6M+mPC/7QfiXQdQ8W6bqfjTVtINpqou5bOBLSKWSFraNjfzPKVZndG3McZIPTBwcTX/ANr5bC4hns/iX471GwuH8vNmtlNGHOMpuSQ4+b5QOuccdBVrw38O/hV4h+Nnxu8J+LbWKWN9VstLs9V1XV7W1WztpYVicRGadUfYu0Ag4HOOa6ew+AX7L2meHfGfhm3g06a+8KT3lxpdxD4ggZ76URF4TuS4LSkTAtgkrjIxhs18VjMpy1VZ1ngMTOTULunGKUUo072Skrptqzto7+duuli6UZRjL2ajKEJ80YRbUnCGkrq11f8AmfXVN2OM8VaND8TvGHwl8W674j1zWLvxF4M8UiystWjjW8s4IoJws8MmcYKjIClhx0yBX8t3xV8HLovxJ8aae8km638RaqD5rfNsN3Ky7xnBLKRnvnHXpX9hfwP+B2g/GXWPAOoWetalFY+AfBWr6fPHpNyt0Irq9mnjFsHDY3hGXcqnG88Dk4/l2/bN8HJ4B/aT+KfhdoLgNpGuzqJLwqJJYpGLLM4z94qdzYJ5LDHHH734KzqUsViMM6NWnh/qdJUFVUk241ZNpXe6UlfZa6X2PkeJsdhq8fq6qU5V6Mr1IQVlGM5Nxta6en2b6PdWVzjfhnZra/Cz4rhIyw/s6JtpYsA3K5BzkHAzjIxu44Jr41u7VfJil8ljKflkyykkY474IHPbsflJr7N+Hkry/DH4pxwXUTKNNtsjdkjLgFeQeMA56kAZ6V8h6raSwSRslxEUZVb74IUBQCDnHXI7jGOuAc/1Ng4rlbjFxvZPW17pO600dl6q91dK5+aYmtJTfxWuknp7t0r9NWm217r11bdj3f8AZ1QHWfFgZSXPgbUQDwcY3hQCW54wDkE8ZAr9SP2Jp5rT4LtFql9dabYHUrsq8GI23HeV3OGB7noSBwB2YflB8D3mttV8VtHMoJ8I3zSOFJxGdx6jIyAThcfn2/aH9if4ZXuu/A7TNRgvrL7NeXVzPGl1KoO1GdGZoXIGGbBTI+UflX4x4z80cnpNwqVL4qldRi5Ne605cqu+j+emzsfV8LYpU6k5e7BrlSk7O6cI7q/ptqtbPY9j01oJ7vRYrbV9Tlik1WzDtLcDLI06HlC2SrgnPBOMkgcgfkr8Z9CGuftNfEy3W6ZPI8U6fFFvIKyE3EaD5c8hcnrgdgODn9nk+HdppGp28s19pTzW9zaTFftkaARxuCxRCwUk98cZwBjJJ/GX4ozyWv7UPje/SWBLSbxZYFQHBSZVvYuQzYBXaMluuNuGzX5z4V4WTocQKiq1Nzw9l7SMk9Y7pvVNXvp97sj2c7x0alfBc1pJT97RaXUVF9LPS/mmt9D+tr4TeDPEVh8MvAOmNdacbVvCGk27FYFO6NrNflB28HHys2AeBkEjA/G/QLTxPqv/AAUK8YHwuLDTtbj8Katphuru2aaBbPS5kik2Argb+SuSdrccZGP3Y+FWs2i/DbwPJc3MGJ/DGlGEwvCVANopwW3YCnkYUZ+XjjJr8qPhLf6X/wAN2+K557qzjEegeLzPLhFdFN/HgSO2BllIwQ2eMj5eB+AZZgcTl+M4tjSVetPE4XGKcqkJO16t9Fazd9d3dpabn0mExMaz560af+zqFSmrK0kuRKW+9tElo7u97n0hY+BPifrdk8c/i3TdPmRipnt9Egdyyt8zDeoGDyO/GercV8z+JfhL4h0X9tH4FT6r48ubrV9agkjs9RttJtLdtMWFSGKxqNkpcEAFwMqfl+UZP3z43+OPwn8CWUuqa9410DS9Ot0ZpBLdQeY7x72ZAkbmQMccjbnpy2Mj8hPH/wC3p8K/FX7X3wR8e+DHvvEHhbwbLdWWqzWqE/arl38gC1j4cxq5GH2gHpzkVycCcPcUYurjKiy6tKi6OIjUqqhKMHCUZWTlJK7fupNX3T20NszzOhJKMXCDUUowg4q8mlFaNtdVf7u5/RZF8G/E8uUm+LHiN8tub/QrZQHbk4AYEY5HA9enb42/bo+FWs6T8ENQ1PUfH2u61a22vaIo02e3gSJnkvYUVzIrBiUByVJIIIBzkY9l8C/tueBPHV6dJ0DRPEU2sqjyTWU1u8bLGqhsxySAKSqkAjdj7vTg157+2549j8R/s56rFJptxpsc+v6CDLfSxxiNmvIwVJDB927GAQM4+XoQXy5PhcXDLq+Hk8y9q1CDjUclUbXLd3sle27atpY8LDRzuOKwtSTVOg6keabhTXuPe87K60e7t163MX4y+GPGPgv4T6T400HWLF/DOm+FNOi1W3urWKO/uZ7zTkaNYGA2skXILZG09Ca/nDv9btL/AMT+IZms1dNW0zxDcOWCkiZ0mLBs9SpAwBnBbuTiv6bvHPhDx18RfhN4c8H/APCSeHrHR10rTLp4pLiKS4vNO/s+NRbHLAvc/MGCngFgMjkn8Bfi58KNO+FPjzXNCvFWWPT/AA/q5S7k+zpBPJfRyssQJYqJU6bAW4wGGeB9f4P4nL8HmmaZfSw1ShPEWnKMlL3pRlaXLLlWkZO+rfLdWulc9Sp9cqZfz4jFUKlSFSTio6NQlZR5nd3dlZq7fTrc+1P2AHtdX/4Jf/Hm38pS8Fz4sVAxXapTBj3DOGUcA5wAvrgV9y/s0fCXTLj9nz4W+JfE93rKn+w4bmdNLnS3tIrEgqMsrqihVBLs+B3GABj87/8AgnReTz/8E6P2n9OFlsCL4xmtgrlQ7eWW5PUEYU4AJOc9Bx+eurftS/FGx+CXhLQh468SeGLKON/Dmmabp2sFLS8gMrRySXDpKHhVidojyNpGRg19pU4SzHinM84oUeeNHDZlLmVpJxc480Xpbp1Vrq3TQ+axuOjg6bTrKjKpUU3UspJrkhF8t9PiXdLpZn0h+1PrfiXQ/i54sGheNdUXwfY38i6TbW+uTOzWj5y0ixylPlOc7COh7kmvn/wJ8SNV1vwv8V9G8R67d6pa3OkwHSor2aS4QeVcKzCMyktuUckgep4r5/vPEt1psqDX7u51C+MCK1xLeNdxzJIC+1jI3zyEk5dcnJyQcE1h6B8S9NS71Wxj0mdZ76wazgjXCxopmAM7rkZBAJBx1yOtfYPgKvgMknTjh6aq4eEZU5uCUr0+V87k1dv3ertsnZl4LiLAVa9KjGryyajFr+a1leTUUlJtuyWztqkz+oG38Zat4I+CnhbXPDHhOLxPfm08IaWlszGKGRLrTLVMs2B5Yj3fM3AIBySeng3i/wDaF8e+INH8UaNffBvS2h+w6xpct1pt280emTJZyF7mWVd0ZkiHzBNwJOTgYBPungvXJW+EPhvQrGzjvL6bSvCN/FEzoFcrZQIyFmOMkLtP8QIPI5A5fwT4R1ax0D4nr4k0eKyS9udcvbHT7SRZDG01nITLKFOSrdTu+6eq8Yr+TMkWWYfM5V62Dli8U+IKlJVH7VRio4hJ8qi2mk1rdNW397Q/Snh3Vwdb2jpU6caEfZ3mo1LySldxvflS0jddXfs/5y/2Y9OH/C1/itMAFd/DPiuSVXGSGZrkEMGySAeB2GOhwRX6Lf8ABLaRI9U+IVvEilTatjJwCwuZOR7jHAPBOPQ18Ifs2izPxg+M5TaijRfGUQUsDsMU90p5zwcDpnGc7RjBr7g/4JaSBvEHxEC7Tst5HORgFVu5OQQDz6de+fWv9QMbCX+qtCSTip4TCtPqlyU3az2ve3fTS3X+bMLZ5rjI2T5Zz1X8yla+nySW3zZ8u+Ko1uP2j/GamVgU8Q6tHIAPlVPNlJBPQlmYngDIHTpWhdaJa6hruhWd0QbeZruJkLY3Rs2NmFJzknDYx0xyODn+JEa8/aP8fLAQjr4l1RmJBCsVeT7rEYwTnBGRljgkCsrxH4jm8P8Aifwq94uRHc3LO24fMpnIXgkDJAwCzdOxxx4kY1Z+xVNtyWFg7q+yhHdLXW29lbr3Oia5Iyk1/wAvLaJqybjqnZ7fK1tD2C4+F+m32keL4LcCNtKsbbyACQI0ZOnAyT2J4/iAGK+Z/EHgddKlubWeZg0NhaTRuDkZlCOBvPORgj256c5+3dE1AXXh34laj9nkAn06xkiJyWKyRBxgAn5ecAKQPm49D8w/FgzW11EiqyG58O6dc/vF+YBkTJYEH5csdvOMds8rzZZmeMp4udGTcoqS2drrkhqvRvXW3UupQi6ak20+WOru9bLffS1tF0sknY8/8FeHI59P8Vxfb3QfuI9qjBlVgu4Ek/3uDx0wecAjzWfwpHJr0enC4bBe4CthciNTkDdkAFsAYBBPVehJ9j+HsyTaZ4ycRjNstsVAJyzBRnAGMk44yCe/HfhJ7lJfFltsKK4tLpyoONrKSAGbk5GeckjIwAetfSYXFV/rGJbnJJcsktbXXLtu3uk+l7epy8qhy6p3avfquZLdvTXS6v08msgeBb3y5niIb7LbmeUBSG+zswKtkrtyVOTyBg8EEg1za6TK7XCkbkt7uGOP5DkPI2MZHABLc46YAyRX1N4YgSfSPE1zcx8to1tHCFcH5gFYDdxgluCAMdBk9a8gsLcg6hE8BMjatbtg7tgEblyRgZ+6DyA3UEYOK3w+a1ZfWOeX8NpJ31ulbyV7rbS+liqtJJxvJNNJ6pb7e8tU9ttG2r62SfF+I/Aur6ZbWGqXSI0d1dzQwsAMBkHAXJz8v904IwpyOCOcbQdVgv7ZzCrSqsG4A5CrIGwdo+7nBJwo4xwBg19yfFzw/bw+AvCMiw7ZmurXUTtXlodQj8zPp+7KbSQuACo4OceExaTKusXCyp872ungqGzsUxuR17njI4BAAGCC1c+X5/OtT55NOXtZxf8A27Oyuns7a/O12tSqtBRfNFaWTT82k03dq8tXZvW7b6XPAZLF4riSV4gZWNyDjJO8DOFULxjtjjHuCa0dGsluHElzEu8WHnxjA+UKSASGJJPcgjjBBwAAeklsEe8Efzb5L69hIIyBnjaDnnI5B469etaH2BtPiikdcA6VcIfcxlyqjkcDAGPUYIr6OeYL91FStzWvZ9+Va93fXW3pd2OalByjzObSV0uVtae7dNX31dr7PVP7RxM8dvN8zwrkPK4PCs3HPPQn656e1fLH7ScsltofhuRZVSJryXETEsAc4BbqccLg46/gB9M3c7qunkZVJRJlcZ+98oJJIxnAweuB/dLZytS+H/hv4iap4a8PeJ7Z5rG4vFH7mQrIodgCQ6ldrAHcSMHgZzgVvXxtHL8JWx1dy9lQg6ktG3aEY7NWb2lZPT11vnWw1WrH2UJJOVkk27XfJbVaWSWl213PM/2JLvz/AIm3Cv5TXH/CJ6hwu3JYpkHjABbIz65z6V7P/wAFHF2f8KYnM20y+HJQuDuZXDMGB5yAPvYKjgEAfKcfR+g/Aj4WfBTxZ4Yg8FafN/bOraXeQ3t9PctMs0MsXyrg52FTkEDAKqOmRjyb9u/StOmj+Ec+qQtNa2+k38MkKY3eWrHdsbG7cATgE8EEZB5r5HBcRYXN8XQzvDQnHD8lSDVRKNS8E+zd7tWXXr3a9FZbXoZVWw9ScZyck1Nt8sW+RW6affs30s/zA8HS3JuU33t0jW0e9Vi8zKqz/Mx2KcIRnJJyA2DkcibxtJJeeKrx0WR1jtLaQuVKKwCIA2SAHJK57npjOBX7J/CD9nj9j3WPD/8AaB1y8s726+Gd3qJhlluS0viOGAyyRb9v3IsKcDKj2AxXzX4s174XX1vo+k6N4JtrpfC/hi7sri9kgSO6v72K4l8m7eZR5lzsO3BkYnaACe9YYPxBhmOYV6WCyzGVHRkqdWU1CDTb5YpObs4u12ub3e19Dx55VGGHjCrWjFtJqSV00lG2ulu6TS/E/Oe4d7fw9rbMZVklmgYqUkACkjB5UdAckjjoTmvcv2QoZp/i/oeF+ciVljbdnb5II2qRlh1APGDkdRXVN460O10DxNb6t4M06a8vhaPZuLaMLFDDIDtBIzl1GGH1UjBFfXf7Ous/DPxH4i0rV9J8L2ui63aR2lsskcKxhyESOfyyihSSBlicnk5A4r38y4iq1MvxVOpgZr93KN/aU5KLaST5Y30Wj76Lq1fDK8tUcxw0o1YPlqJpWadua+/d21V0mt77Hmn7fK3Fvpvgq4uHKnzbkKq5XaoJZS546cdeR3zjJ/N6wulewhO5NzXu9dvJPzD0PA4G0kg5HTBwP2n/AG0NO8Py3Hg2PVLGO70+aK8KxSbdgc5O8OcAAZ+YBgeMelfGGi+CfB0Vtvfw3ZG1l1TTLO2uIygWFbq5TeXJwDlW2n+58xz0J4ci4mp5dlNN1aNSUoqpJ8qWtmrWT6pa2tq3ZWO/PsDLEZlU5ZxhzRimnor8sUrrzSUnZK71PhTV5JprmV2UswkCbOSz/wC6FByeD8vtwuCM+2/C+9Nr4E8Rh0eKRtQXasyumflyQAcE4wDg+vQE5P7bfFj9lH4SeEvAS+LtD0HSUudM8P2Wp3YeG1uEie6tIyA7hnaaaScq4xnaCATzk/CFtoum6hqtppWh22ktavp66tfrNaQxRGRBhowMbWOSV4G4dQB283DeJGD4hw1eWHwWJpxw9dRbrpRk5Q1vGLivi0t6t+vPhclVCTn7eM5STjKLj1ly3erVvv26h+yFrSX3xeaWKQPIvhaWN9p2+XJGwTaR6A8Dt3HNcl+2TKNQ8cujMJmXSgGIOCDvViGOMAdOAOxwuOB9e/CDRPB9t4n0u70fT9M0/WxpF8upR6dEFySWxvICnbwMYJAOCR1FeWaroHg7xX+1X4A8O/EGKBvCGs6nDZ62bm4+yQJbSZC+dPkCKIOcyEEHrjJqaPEcILEZ+8NV5MHhatSdBLnrzhRjeSglZc00kkt23e9j6OrlreS/Uo1YN1qkLVLpxXM47vVaNpOyTtc/Lb+zIVKhH27gqYEinDHltxJ5GDgA8YBIJ4wj6ZDExbzCThlLE8YJ4B3ED5fYdDwMCv6Nfjv+zf8AsqfD/wAJ+IdT8H6X8PtT1/RruyGkafBrMtw9/ZuU8x1QjDeSmScgo2D3rz+X4d/sqXP7M/if4kHwl4ZtviRpZmWwsPtM00FyEfY6i2YbEJyCrAHg+3HzeC8f8txeHw2KhkWcxhiMbTwFONWjGlJV6jjHmcZyT9mmrOVt1pd3t474Br0/eeMwzSg6ilFNpJWu9rXWm+131aPwCaxiEY3lCxyw+ZQSO2ADgjrjp1z0NVjYxLGGMsJAlwEDqCcnABOepLADOBx17V+kU3i34N22hWRj+E3h2/8AENm0F3f3rTSrbTWksivLFHEE2LJGDswBg8cHpXXax45+A8VlPruifBzwt9nZbKEWN4zPItw+3z7lR5ZIRSGwMAjqMgYP3n/ERq8UmuHcwm5PljyToapRjdq8r/Lq7dNDzo8N00m1mOHhaN3pNu0eVaaatcuttdntc/Mbw9p6DVoo2ZAFczMoYA8DKjBI6d/lAOevQ1tXYUX0rq+xGIQ/LhgxODxgcc5HDZxx6V+v0uk/sX/EHXfDXhfw/wCC7XwtrnjLR9NtLvxdJfzx2nh3WZ4y1zKLc4heEOAsYJAweh5FfMugfA3QtQ/aBn+DFtqOl+IJrzxQnhzRdXLJHaT+YR5d2zfKpVlHyAcFjj0NerkHiBgs1qYilWwONy3E4ak60qeNgk3SjLllOE4tppWVlo0tbNI48ZkNWjCnKGIo4inUkoqVNv3NrqV7NOyWiT001sz4r8to49kRDBiu5iMcnJY8g8A9j36H0xL2ycTElgAEwSuC2Rg4AyOMDGfujPGMg1+rPxw/Z70f4F+NtY8A+L9GVdY0mOyuIVNvEkVzZXa/u5RJG2FJBGEkIDDDDOK+Utb0jwlp3i220+TRSba4hLCIRqRkjcju3O1SSARkg9OTg17dDiXC43DTr4de0p3vB8yUbRt5Ky33u27JvRnI8pnSmo1JJKcYpLWyV1vp1baV+a2ysrI+TjYOuRHtKlYy27qOTg44z3PTnIGecU24sYhE4DK7K/C7+Sc8t9P4ee+TyMqPu7xv8J9Gh0DwNf6bYRW914kvLGC5Ro1MTw3U4jXaV3EFNuSzEFccHODX2xc/sl/CTRYtB0oeEYbm+nsor+5vZLxtkiPAjuuN2A24sVXjBwACCa+HzvxWyXIY4f61GrUnXnWpwhT5ZS5qMkpt3a3b6Xuuh6GB4WxmOnKNGcYQgoycpc0l71uW2u97Ppoldd/wvuEbysRoqOMdSGYAdzjoM9/bHYg5MsbAqqurt8u7Py4IPbgbcHnjOTgnuK/Wn9pv9m74c+Cvg/J438O6bDp2qyarDBA8c7yswd2VomibcqlQFxnIzkHBJI83+HP7Mfw4174f6b4r1+XUft8+k3d/MsXEcU6pmHaobJQsOQQRzleQTXqZf4nZJmGUUs0UK9OjVxEsLCEoJ1HV91W5U7Wbd+a+qd3tryYjh3GYXFfVakoycIKpKcZWjytRumklsr3urW0tomdX+zzZt/wp25DSMJNzsMYySEX73I+UjkDOeOld3cia2JKOcf6M+S2csVGc5yMnrkgce/XF+Btqtl8OPEVtAfMitbm/jtmJ3SGJGZEDIO+FXnJOWxjqRspeWtysMDbnuHihLnGBujbGO2cAYG3rnjHIrtw9R4iWIqRVo1JucW7aXipK6vuk+l7fI92LhTo4Wm2rxgorZ3eivr0u/wAPvydatxc22lCSVSJLyWd1yCN0Z3KeNwJGAQOe3BwK8u/aH8JQ+J9b0S6gLRyw6DGqImAHVVIy2TgZBJPTjou3FevajCJ9Ntgse2SLUl+c8kLJKFYISecgbewz7A58n/aD1m90e/09YI1iFvpcIeXCZaIHBHJ7hfmyOhC9K9bJqtX6/hoxvp7TSzte0dEr6WWur7LY83iKEXlGIcle9Wk9Fe9rapO3ba6eraVz5A0vwnJBfxCa2kxHcnMjH5GVDkrwxKkgDBOR6EV6X4q0nS10dZYNLYGNkZi/QEqMvHx90nrzyQSMkceYS65q2sazALTEMUkqpGNwRTIQAWIBKk/NjcOowT8vTvPGmvXf9j6fprTAXAURSqFCoBH8pLOBli3HJGSx3dCcffRc1ODlLtdpJXd42snrvdrXpbSyPy/2UHFe7Z30koqzaas0n3v3svLr5zY3Nv5qwn93IZWGQPl2YPG4AnJzj1GRxnmvXILoSaIhaEI0ZiiQjcD5ZCsSeCMHBPU+3NfO0l/LZTQmMLI5nfKfLnOSS3PQHIxxg+nG2voSLUZJ/DEFwkDCdvJRlVRsyFUbmAwcbsdflP3iTjaOfEOfNGWl+fRWvfRO3LdLeK6aa9kzswdNJNaPTZLe6Tvq2pJNWuraHTXnjC7ttIisna0hW2ZZLaRYIzcNGy7cMzgnB3DLbuePU55yXXY7prNkncFGxP5MYUFnOMkKu0jBxjkZ5JGTXnviHVLp5I8wY8lEDE72TfkErgZ4I7DHHAwcCqml6zeQ3Cu0BSEurFSjEtuBA2gqN2C2QfU/UVlXvJJdLLo5W+FttJpLWydrv7lZylCm+W3NonZxbtK6Wmtnd2TtfsekXOpXTXySRkuqQSxxgoS7KAeOQOQCSWzkc4zjFcwk9wghk8yaK5W4LOJUbYFJIUgH5SCO3DMM5rQhu5pbySRCU8qMMquSD+8HTGONpOSMjsM4FRXN/PfCSOVgwi2hmCKpbZkfJyCc4GcDJyRnBFcEVPmbjbVJaNLXTb0u7X2V273Z0QqRdLlaad7RStdfDJWtro0tHdPfS92tzqPnSOwdy8UJjyAQokHXAGAwYkEg5JOe3NaOh29zqVxZ2Nujy3mpkwRRois8rnhETAJLscbQMdePU8iLuGF2dZT8zu3lFQW43DGeAeB3IHJHFb2iaxc6ZLp2r2cvk3VrcNPaSiQJJA4OUlwCdpRwCvBPG7j+G6nP7KXs7c1m7bWb5VdtK/Wya1Sv02zw7i6q5ruKmlK100vdu7662Tta2l7Lt6jP4LurZp9O1lzoF/pkcb3NvqCRQTOkuW+SJ9rOCMbcrwDg9zXlGsWdvNM1vbzpcxW7OjXEewEKMYJCjoBuBA7jjsKp+L9f8T+Kry41nWtYfUdUvTiS5uJ3klZFIWNMZwAoBC4HQkDPSudtFv4IpGaSBRjHAy/Od5Pv78YOTyAAOKhQr2cqtRKVru17LRWSa63V227vey1OrEVKUqi5KcpQdkm99GmntZdm1o+rV9fvT9izw/O3xJ1e7gdprYeFLwFl5CM8e085xjOM7TnoQQeRu/ta/DLxTq/xK8K21no95dz3Hh2zSK0jIFxdbmYosShjwwwcgAYUn2Oj+wdqGPFniWKVUKReD7x0Mf3dwCkEjld2QScDg8YOSB3H7TXx51/wl8X/AAZ4n0CSwk1Lw34fsGtftNpHcQl4wyrG8bqyStgkgkZJ7kgA/H0K2MlxZiI0kn7LBNQ0ejlGPLd9r2e3lfdH6AqWG/1Qw3tZW9ri7yjqrWcbrrdK1rvT9PQvEH7E3wJ0v9jzU/iLrXxEt9D+Luj6fba0fCF7qdp9sutSnaRDpDWqy+bGsARcYGdzDI5r8hrbSpPtFrDcRkySFHRkZmQBicg8nI6cEAg5PAIA/Zj4zftIfsa/Ej9mODw3dfC3xTrP7Q2taCl7c+LbSBNM0vR/EsLPLM00VvIBdWsrONqSISQuTwRX44RQ6lFLZzMkgICoylZf3bDI2j5e3U4+UHjIOQfc4W/tWnHHPNK9adWpipTpqqlGMKbatCC1vFX3Wu9t7r5DN1hHVoLCU1TjCCU+Vp8zXK3PVNWau0tba389/VNOgsBEpZlzanLMysXIODtznA6fdGeAecYry3V5xdOIguIECqjE4BAY7juI4wSclQRznqMjtNTtNRuBBLcSS5cmH94SSidxtY5AGTkFR14JIOOS1m0ZVEccJJgIRiNoGc5zwCO+Tg9fXOB9vhI8tJuU1K6Tad05Xa00Wluj3V00ndny2Jk6k/di1yuN3Z63UW0o6aN3u9Fe2z0ftfwTigbW9OhdF8oXPzSbhuAVeitzgjkE8HJ5GeK920iCXT/GnhlbKcJaXOuXbzR+YHQFpXUYIIBY84B69Rz08K+FFvdIsU9pbtJJA0j+Y27CskZIwUyCeeF74ABFeueHkv31/wAE3U8flx3GuTMy8hmkEhDHnaQOowQQTjHPB5MZGLjz8+mmi33jf3r202bPVyuU7+zttqm7OySj2d9Nm9vlv9X6/DBK2wRRPKjy/MVHO4liwPJBONoAx24znH6//sdwrN8G9GjiupIJorycZRsFRlidozy2DjgjJxyor8hPELR2so3FVeVpGwxz3K8jgY28AgbffoK/R/8AZA+JuiWPhOx8Nz3qW+pRXE0iiUfu2TBAJx8vUgHuD8ucZr5niCNSeDTgubl5dOvK7JNKySava2nuq+mx9Tw86sMe4yabnBpOUratxei1V2m3bTo0rn6LyabcPfeYNSMsC2MzMZJCTIfszBgY8lQeTyBwpzuznH8qXxB0sXHjzx5IWYgfELXUygwcDUJgTnjptIyOOpPXNf1H2Hie1usQ213DJctbXk33AqMvkuMJIwwQvPIxg5I9T/Lh8RvOk8a+PGRgGPj/AFsnEmODqExyMcnOB0JbjOcgA8PBs37fGLWyhByXnzLd6atXe3menxdFwoYNVUornm13lpBrZX2120bv3Rxa2CHV9QR1laKKNgmMDc6px0PzDHTG4jA5FWW0qyLRMj3k7pbxtLEvysmZAN4PICKOW6Y64OKwdctngibUrS+KzvdmIwrJKxysZyeAerY5x0yepycVdR1KLT0db0lpSVkdml3MA2SpyoOMDHJHVcg8V986UWnKHvcy35dLvl2V7XjbRXd7q76HwlOrBTS5HNQab0bUtIK3u9Fay1u7/FsfQ3xT8BaR4At9DtND1WfW9P1nw9a65cMksLpa384jeW3m8p2UGLcyruwcZJ6VqfBjR5la1uWs4or2C4lbzVBJW1uFLozEADJXJUdev8OQfDJfFWqjT7i0uDavby2kSqpBeVEUEAIWBIByDgeh4XIr6b+D2oRRzXql3dpbTTCoK5C5ssbQONvT03HtiuGVKtQw8Y1KjdSd4Tk3bmSd72V7bRVtElotzuo1I4jFqVKn7KCcdE3ZO6ulpdNTs+yv2M39odLFvG/gtbJ2WVNNtxOshCxiZ5EP3idzEgkg7scDPIFf1Qf8EooGg/ZStFwpH/CUal8uflP7wEkYAyCc59SD3LCv5K/jq8h8beGmDNKZY4NsTMQVQOjcYPylsAcZx9M1/XF/wSbkjuf2ULNhF5LJ4mvkaJjjbh1AzzznrlsAEcdxXxfH+ElW4ToQvblxVN2fpPXe+t/Ly1R9Zw3iFTzbFuUW04Qvpo2uSTV31stNk728n+iTpyxGAT/COAOMEYPYj0456806JUxnBP1PbJx1zgqBnGAMAADOMaElurFpANoL465IByFAGO525P06kisabUtOs7620+a4EV9czNBBbkEO5wTnbkAZGTuOOo2tyBX87VMG6clGUXa8feirqzcd9u6376Nn6fDExqRvFpWu2k77Wu79XrbffvpfSQDGFXqT0Oc5I+Y5+n3T6ngcVOsO7BIUYxgbiM9M9OBj1Y9jVhIcAknkA5BUHGO/HAxjBOOO2cZNtIwSuRnsAuM85GMEY9lwpB/U9EMHd2aW2is7X93e/wB1r6NvY5Z4rmTd09rau1+yV1unr1bT3Ujg/iJCq/D/AMZuRgL4Z1VsYLAH7LJg56MQR157da/k31m800y3FxcX97BPFeXNsYINPCgwPeTiQCQKRJIAQ7NnK5zwCK/rd+IkAb4e+NRkYPhvVtgxj/l0lxgcc5z1Axn2r+VDU9P1BEuYLg3UJh1C5urSM29uUdZLu4WSVZGO5mdQPLU55z7V9twhTVKeMi23/Bdk9er5X7strXd30b1689arKpQXLJK1Rp378kGl1a1XzdrbnO6LoPhPXdTvZvFj6s0VrpG/SQjwW0dzId6xRMjMuHLY2jqWDKVzhj5uvhuUXF613cy2jac5RbeV4yIonZjGjbWwSIipYrkj5sdK9nHwy8SeLEjstLvNKsYJAlzPPqk+y4t2jHmAEKQFLEkRxjgHIPBr5/8AFq65p2tX1pdna2m3v2e6lIKfajEoTewONyMFG0n5SCFyOtfrPDrpfWsTGGIU5OnFyoqTvTS5Umk2kk+qSstLNnyXEEKrwuFrTwzpwU5xVeMUlUejs3ZN8qXMk3G9rXurr1rRLC3GheH5pmeWGz1S7dhbwLO3llOJiHyHKEKVUnsSRxXz5rD2ovdRuIXcmTUrgIs9uIhtEhw7KAFRmGBg4GchRwuPd/D0t2PCehXltE92W1lrcwRTGESF02hOc4jU/eYgDpuK5rxTxNbyWupalFNbyRXDakWmjaaOeKEs2REPnwQM5LDOARnotfT5dGLnWk7NrETi2nv7yurbadW7a9FbXwcylKNPD3Sa9lSl5puC6Wlolpvo1oefajaee0MyGPepeJ8bh8zEnKq2FAwenfrgcCr/ANjnkt5JoYg7R2oMTSbFVjHkMAS3QkDC9RjJAORUt35ksKOCYx9sx/BldgB2jBznGVDYG3GD74V9K7S2+95kjRJhxJIA5DNgOqDGzP3sDgE5Oa+iSTlG9uW1odHoovmvHRNu3rt2Pn6jUIx5p/E1eSjdtLldnbW70jd62bd0ZVxp1xJcI62cbb43MjfaMKjtzuCgjBB4A6MDn0z/AEZf8ElLZYv2efEpUY/4rVlxlXLEWwGSw5HzAjHbjpkY/nhvI4ZXQiIrcARlWheURbCBu3lRxnnJBIwx5yK/o0/4JKW+39nDxHsjKE+N58HDFWBtiCQWAJOR2zj8Ca/MPFaPPwjWi3eX1vDdGlpLVNuUut7a3622PtuCpKOZ1JR0SoSu9e9PXXfovO7XS6/TuOIDJKjk/LjOcH5h34GemAPT0NXI0UYZVz1B5bkgc4U9frjnp6ULG+4EngNjPTk7cgZ4zuxzk445Ha9HCPoDjjGDkHJGD3HYjgD5iT1P8rLCSTb5OtrKPbl1eltLfm1ufrn1iSUWt7We13bl1atovK1/XYqDO4kdMZAGCWz6ZbA45I/Abj00rP8A1sQ7ZyQeDycdSMZzkkDPX64akWCBjjjORgElTjPb8OOhyTV+2g3SRYG3LZJIxnkbc5wQMnkEgg8sCea9bB4Re7eMXreS/wDAVa+11qv89zkrYhcruuW6tb4dWtb6dErrS19Fur/yXftL2kUn7UHxgcrEzjxNdMfNYlSBJIRxyoI24ztwcDkda8mltY4ZraSWG3AaN3VFZsnccLjAxgEjcuemTnaAB7n+0SIV/ag+NQnyAuv3GSIBKARM2AM5wSvBOBwc4OFrzDUbyzOo6ZCI98X2VyH8mON/uFcMpAII4K4G07s8E1/TuVUorKcvSg1bC0V5K0IOz9LWa63+74HN2p5hW01U423SduXTpe3Vr1b1Ox0db0aTa26wweU0dw4u2WYkLEQzKGUHBZFYLj0z3we18A+OvBmpa1c6bD4avbq6RIHkmuZpPIkljB84EOFK7toGcgDpx8udfw/ZW914OS5leWMW9zYwiCJ4Ii0UynezFmBCsflLDkjlsnJPAaFp+nWnjfV2tYmtUK3KsPtIdUkdg6glCSS2CAoGRj0xnow1KnUlWlOTjJXkmpSTsnFL4Wurtf8A4YrHzrwp4aFOPuyVkpJdOXa6emtlt+B7H451Pwxqeizi00KC1fzZA0EUlzukaJgNpkAwoA+YAEggY4xVP4beHNJ1TVpItWkkhmi0Vb7Sre3nvdglj5Xzdq424454Ugj2OfrRsbrw8gt7mKylaa6wJXuA7uj7TsCoM7gSQDkD73ORj2v4b+IfDSS2ekXF1pEkr+HVhbU7ZbuO5jlC4NvKfKGZGORyeoBBHFYYtxUJwuopO61nrJ8ujl6q2tkno+pz4etXhWpueHVVN8tko3ivc1bbTtayXZ6HAXF1pC22rW2pWVvFPDc3nkyJ9rBfyVIJkMaEuehVQG2kkk9DXLfDDVpj4hke2srOUNCYkjlhunAJ3BHwyEhiBknIJAYZ649JvZLPRpdQuZIlnhLag8Nxvurlo0I5d4ijRkhQenHU4HJDvgh4ksNY8YG1iuJpWlVFR10yKJEG5iyMZVTaCAcAnJYDrkE60K8vqlRzfM6cVZycm+WyaWi773eqW9rBjoy+tU3CioqT5pJq0ou6S5rX1ervotb7NHm/jyCS91Czme3hiaPWL2PYgkj+ZUzld+CQMZ4PTPUYr8av2pdNvx441SSJbdYp4Q0jMwLmMMwd85JzgYBxgcAYIxX7g/G6VYtbuZI5HKx+IJoE3LGrbZFAYhUO3AxyeSOvdcfiP+1HHJdePJrcEgSWH3VCtuZnbhiTwByGOOAFyetcOBlKeM5m3G8ZXa0vZxezVrK9tU9vma5rTX9jQvaMlUSaTvZ3tbb9LPW+m/3n/wAE9NIt7f4CeJriC9guDceIdWDRiTdIqJbEyIApJB2ggYxlh6gZ8O0z4l/sc6LNqVl4n+FPiDVdTtNT1WDWbtb6cxT3a3U3nyxRZKImWA4xkHHOAD9M/sFfC3WfDf7PWqX+oC3ktdX13WLrT306cSyLGLMsVudpBjYZJYYViPTAx+eGo/BfxFqOpeLL/NoLS41nWntxBf2wnLtcTFTMkkqFU9WwTyORgZzyKEKmf5s/azT9pBKMJJKTXLHmVuqs/wC7bezFmyqUuHclk4qdozTTala6i0ldp/ik0tXofWPgX43/ALD0fizQrXQfg54mtNTn1awTTJI7uQpHeGUCCRyCOVcjAJHTocgHrP28PF3w01yLwPc6ppniGwgae5ZYrQjMAWFFSN5Dgs5IAkbOSpx3NfB/w2+EfifQ/GXhW41W3t3gi8TaXcG6j1K1lZVNyu1UjjlZmBzgEg4zyFHNfVn7f2n6adE8HC61V7IreylVRQSNsEbKxZTk57854x6E+5jqKpZhQalKbVOTk5y13irXvaPy02ei1MMsrzrZZiVKKirw92K5YySnFJtPRN9HfXvufpr46+Iej+Hf2QfhLAYTFo2mnw3d2st1B5s8lqkkM6qny/fBHJJ5Y8n1+wPgF8WPBfxF+HeuXPhzULK41m30TUdUvImjjS8htRavaeROFHOWXCgnHqMnn8xfj/dof2BPhrdLfzbYfD9m8cyoSxa0gXy2JJJGH5I7nBGSST2f/BPqa40TwNrV3dQRTy6t8JZbyKaOMpLNHJdSkS3BAG6Xc2AcAhQcksBX8/8AiDkcMZg6mb1KlWNehj+WjaUZQfNUikp7p8qbas/vep+t8KYpSrwyyMIxozwrrSmrKUZJxbakm7puz6Xbavoz+Xz9sK1i1b9rT4n20N99mZ/EEk6svykMFZisYHIA+7kDb2GcgHxp9CkDpObzVJ5RKrpJAzrtdeNytwRtxxzyRnOCa9t/alujc/te/EKUWixk6um1McKHjUYI2gYLHJ4BzkE96rSaXPFaTXW8RhGBKKAFVcdFyMnPGR1yRjGVr+hOFsIq+QZbLl539Uw8ZJLRv2UGm09Fs++19NEfzdxViamG4lzSFNpJ43EK662k9bWtd6/euqPPJdaudBOTceIIBcoDIy3sy/aHQAgSEMCy5bLdcgYGMYr9bv2I/Eknin4Q6PNfJ+703Xr+FJXbfPJ5hZgZCQGYjPsemeuK/JfxNKt80ZExRICqEOqndlTxzjhuep45PTkfqJ+wU/kfCy68yNY7W28Q3O1sDBkdGKkAZBBOPUEegPHzviLgKVDLKNWNCEZQxNG7tFOz5bttXvrfs03a3b6rw7xWJr5rVpTqzcJ4eraLeja9m767e8m7u9tUm9z9Eb618+58VM0m1F8HFlA4JbyhtBzyMEdQDz6csPzf+OFs6eGtYIJcv4ekHmbs7RsY7SPU47+nA4Br7s8V+JnspdXEbBmufDggXhcvuABCqeDgYxznsa+EvjRDO3hDUwzMZLnQZGHJ2qAjAgZ5LdM4GMnjjr43DKjOpRqRi02oXWju0oJWbtr0StdWfvaXPZ4mnJUatKbv7sr3Wulkk7rV22S10vufk/8ADHxNFoviTRDJMgWw8QW965nQmJhbXIkMbnByJCpU8knLeuB+gv7cX7UGjfHP4d/DqGy0DStGtvCNzNZvJaSN515PsCmYxkAKisT8g4HQ1+U9i5g1JbaV1Dw3sksiZYllSQswyBhWwDgHjOMDHA9B+IPizR9W8O6TotvapBJDO91JMpYZXOMOFGQ5J468egAA/R8Xl8MRisHiqkHz4Ztxcnok0l1TV1ez11Wq2PxhYh0qdejZ2qSWn2tGmrLW/lr2XUk8TBj4O8M3KFGEtwR8i4YqW5528g4IORk4YE9AYfD7tbX5ngIRI4UcbixwQASQBwMkc84PIBGCR3d14H1m5+F/h3xAQHs5pStohRgVODtJjAy27seAc9Rk44jQdF1a0iee7jmhLO8bR+TKXDDmPKBMqpJ4xwCcBsZauvHxU6MP3TjDSLbV7NWjJ3b6301tq9VoctKm+eSbbTb5elttrvRNJbaJdV07Pxb48nvtGS3EavdFkVpgDvCqMKR90YCqSpLHsCTivOrHVZpLfUMXjPEumzho2fJWVkO4gfNgMwB4wMdSC1bV5o+q38Eqxadc+WgBMq28yklQ2GXCZYHPTHc9ia4m30LUtPsdVdrW6a4NrdH/AI95vlQ9C3y9D1xjPYVhg6VKUYctNJ3jH4Vy6crutevmrNq3S77KalQpybctdG9V0i30fNu0+7W6R8s3W6eK6blAs1wSpIG7Mp5PGSe/TC85xkYrw+YJI3XftESndww5OMDBzyP7oPynAHHOzJourPaTztaT7Wmni3C2myhZ2y2NgJGBjAx0JBPWoYdK1aGeCI2s4Vo1wFgmO45yMgoAD67j8xABJ619V7OcYQm1aKUUnZ2urdFdLe3Nfbr2+Zcqs61oRbXNe/KknLmSjdd3fyskkfRPwntvPt76Vsqot12IzYYlR25yRjng5HGBzz9K6JZSvfaZI7J5b22GVpMhADnKfN7qcZ6YGMnjwv4W6Ff28JluUljcCUC3MMhLkKAG2lRgPg4GAAw7V7zoAee6ghuIZI7mNJUhRYpdqAMSryAgAEjr2JABwDX5xxDjPa4qpTi0+VWtfm1Vuz0d3btfTc+xy/D4lUaXtIuPM10feG+nXpq162ufKPxjeW38e6shL+SgjCMSDzg7cAkkAdfXngAcjz7SNQSeQAbTt7k43BSD/CM4z0PvjoCD6P8AFzTtVu/G+qBbC5uo8AZjt5nRjGFOQyIQCTnO4ke/evM7HQ9S88zJpGpJECA6JZ3IJLEKeDHgAkHIUEjk9M17+TJ/VKCcWrwSSel3ZN2eq0v11b01PLzGjUjWmt7Sfe/2dVq9Fou12+2nVvdgavZKExl4QTk4HzAHgn1Gfw9eK+k7i8itWtViwJZLeFiCRkhQpyeuANoxxnJGMda+bF0/VTrFlt0jUGRRGctY3AyBtwcCPJPQgnHJzx1r2vVrDUTJE62GoExW0RyLa5CHAG4H5MKAByD156gnHrxl7NuGzbutLOy5b2ldpNpq7afX5/OY+lUk4+7zJXbTjbt3S2V3svyOj/tYxyRiUFlYjamFAXdgYA5wcAjgjHcZ68X4muIZ1v1YCI741IP3ivGSM9SRgcZJ54zgVMI9T2rNJpl+TlQpa1n4AIIIOzIGQM/dPGPU1iaxZ6lI0zR6bfSB7mPJFtM2BtAJ5HuSR0IBPpXXGN4wlu9LR33S13dtbu6T8+x5+CjWWIT9m1C/xW21tum76uzvtpZ7HmVnJOlzLLDNNIltI5W3jmKhjghcqSEDEhfTK5JwBX7paD/wTM06x/ZU8O/tQ+MvigPDDax4QvPEWl+HrqCM21zeRBmh0z7UDseab5WA3bsEYAxkfiLa+GtRW4SWTTL8JLeMJFFvcIGjZw5LNszgrggAH15IxX0fr/7QPxw1vwLoPwn1jxT4t1HwRoDyxaJ4UuHvBpFtA0bIpWIjaQAQqggDHPJJJ/LeOMr4yzLEZNT4ZzeGUUqOY062bynSdaeIwUeVyoUU4yUZTs1fTRpt6JP9U4axmQYOjj5Z3gHjalTDRjgoR0jCto1KV7WTsr6Sel+p9I/s+fsfeNP2j/CnjzxV4M8TaXBceCrWfVNS0UORc3lpDbtMwi2ZBeQLhVOcZGO5r5viSGy1C40m6S5trrT7iayuIGk3Ml1A7LIHIOM7wcjjpkdeem/Z4+PPxS+COmeLT4NurzS21uJtN1eEQTgXMDqyBVGOcKQNwHPQk9uP1Sy1W7ub3XHe587U5p9Tul+yyrK13cOZXwNu4AluSPcZ54xwX+tmFzfNKeOxEK+WuNF5fyQkqlO0Eqsar5bNOVmm3130R1ZnguFsdk+WV8vwc6GYqdRY9SlGUJR5oum6bV9VHdWV1rq7n9JX/BO/4jxeGv2I10Twvq934e8Y+IPH2p2V20FxEHktTBMscpV3BIx3z8wPQ5ArzGT4+fHe68bXGit8Sb02uly3OmMtwUlCrasybwsZYKzA/KTwOMEGvhP9ifWtesfCMlyjyyrpepX13/Z1zLMkIJt5GMjbgESThiqld2NpFdB8O/H9tBrPibxDq0gS41DXb5IzCzXC+X5rqyAnKq6sw6ck8A8g1/IvE3B1bGcX8VZhXwcMRKeKhVXtMPGVmlFqSk01d8t7LTS7VrH73wzj6OB4aybD0aioqWHipOMlGV4uK7JJNrRPvbzPoXxb44+K1pq6XuofEPVtUju5Wa3gtp33R7ZAQI1V8rn5gMZGVAr53+Jnxc+JWhq3iRte8RWeo2Wv6Qtte3N1dSCe2adN0BiLbWQjk5B4wpx0b2LVLTU0Sw8WjStcuLMRteWiW+mSXAu4WblowiNjAILA4wB1448O+I/xy8HXXhDU9J1Tw9e30s+vaeJr9rLfLpKQXEfmAqy8MmC7KDncOhyQy4eyGFSoqX9j06ujpytRg0ubdyajdO7Xkmjrx2PVKjOU8aqNlzX5+aTTad3K90nayV9NHd7nsv7Td7ceKfhH4p8RS393fjUdF0ae6kuF2u95JDE0m2POUjDZKgAj1wCVP5Yj4cNqenpcWqTMRYRTuMYQBVyU3ccglgOhzk9q+zvj18YNL1P4a3cHhS51DVJ7uLTrRLB7R4YTYxRDbO6bRiQYPBHGfU1xfwm0/wARa54aku28N3k5l02KKENbNHH8qEkksgIUdcjg7cDJNf1N4L5RiMkyrG4apQ+rynjKlSnCUeWPK3G1nou6tbZbn4n4i1cNnWYUJ0qntlTw0IuSbknJLVpxumu6enda6fD2i6NDH4rs7W4DKBqsEW3aUYYJUhiOmBwSpA7ggHn9LPhlpF9o2rWciyWtnpcr7vtFwAVHlrvBZmBwcggHAGeuAAT8L32geL7HxddXNv4R1C5W31wuJks5Whfa5O3eqFSvB3HnGM46Z920Pxd4q12LWPD+paXqumrHbyrZG1tLtp5bh48RRwgoACWwCxC4xkAg17PiDlOJzSvhqUVomozmk9FKUFZyd9Nel2t7bIw8OISwMcbW5J81KTcEk43kkmk5K6Sey0utL20P39/Yq/4Jj/Bb9t/4W+N/jR8TfiZrenXy+I9W0BNL8KXCTW+m22hp8l1qGxi6m84HlN8pCsOgr4o/bC/4JafAv4F/BLV/jZoPjHxE81r4vn0zSIbtI/7Kvo4ZGjLiL7yzOFBIK7SxP3RXyx+yB+1F+0P+yJ4V8ceEfAuua/4eg8S6pNf6pot3Y3F9FqTzbwX2ujrFLLG4DBCCejZ6Vyn7Q37Vf7Q/jfwRpnh34i6lNqHg6+v7zVLLRVgngiXUJXDqZYfLADK3RcbSSckYFfmP+pviF/rFhqmV5nKjkGEnTVWkqkpSxNNKDtyODVNJKUPsNuzaadz6WWY5HVwmPrZlQp1sTWnKVKm6UE8PJLlknUdpTUpcsm7Jq6dru7+qv+CfP/BIXw3+3f8ADjxb8QX+JN94f1HwvrJjudK+yKtlLYxEFsswDedIpARVGMgZOOK/Wb4Pf8EOf2Yvh54D+M/jvV9b1z4nX/hfwj4mhh8NXMSWdno+qQaezwaik0QJaWGUCSJW44wNvFfzvfAP9u74z/s/eGtd8M+Fdc1fw/oXi6WO6vbfQQ8M9tNH8h3OAhXcijKnjknPTPrFt/wVq/af0rwx8R/BHhzxtqFtoHj60uLfVpbyFpdRaK4h8m4BlKkmSaPcNxYFieB96vEzXhLxoq8WPEYbNJR4djWssG6qp88JcijO/s73pe9KzlyzaWmuvjyxnC88tqKEsPRxdT2bVqKdSMIyg6kedys3UinHmVkr26M/JLXPhzf63488ReF/C0C31yutarp9pYFlluZ3W/uLe2tkXJJZFVUYKOMdwAa83+I3wW8bfC448baedFnuNkKwqVOyUjd5JGd6ssZUsvHIHXJz9G+BPEWkeDfFUXjW3OqjxZc6m19C8sUkqQ3EkzTtcPncB50pZyfugFVBOBXnHx++Ivi/4na1c3Hib7Vqt1JfPLHOttJ5CggBWjjVCGwvy7sHgZJxgV/WuXYTEUsBS9s26saVOE5Xb95RjvbROTV21q+qSVz8wq16br1IwUeVznKL5la11aOl7XTs9099tvjSaOe2N0hmBi37cnDEjPBXp0B5JPB3cYrsrLU0khih81nWGyl2fKCGLK3A6Z6jP9eBWFfaLqKXE27Trx8MCqLbzMrLyTztPOOQevIBPYdTo2lXz2if8Sq6VxBNvf7NOAoKkABto52nIXoT35FaUk1KUuRt3TV777tLTTV7PW67swnFTlG0lo4t7ydlyuzsl1t0b0afQ7XwRbWDaG073Sm7jkeXy2dFKRhs7ipIxyMcdhkjjA3pb9bh1MDrlHDeY5AJCDnAzt5xx1znPY4810bwlrt5DdzQWepqxQqEW0uMSHccLuCfNxkhf7xzkYwdSTSPE+nWUCHSr3fvZHZ7O4R1zjruiyQRg8HGc/NjIH1GBxM1QhGzUbJPW+6ik+rTbvdtK9nZ20PjM4yp1cQ6keaz5XZW5fs23fxN6v56aWPYfGEzXfw2snhcvcpeAuqbQduSBkZwSTgk45BIx1zU+G17JHEzyt5DWavI6goGZmXCuATgHGAQM5A6mqOr2Wpp8N7FhBcR3Dz4aAwyCY/PnLKygjgA4K8rkAjAxy+nyanosEt4sF04mt1DLJbSAnAGQf3YwD68Z4616FHlVerKr7ylTfNbbVLW71unrJLe1vTz8RCsqWHV0pRnFvaUUk15781nJLTbfS36HfDzXtM0fRtL1m7kEsMV+s15sjDSGENulbgdQNxzkjI7YFfpBP8AtX/suax8NprGwSw03Wf7Ke2uJL2O3W5uLmCMKkls6DzQ8kq45HKlcnqp/F3wx4ilvvh/c2sTtaTXlhLBGoSR5Y5nG3dsxnaM7dx4GWxg9PDdF+EWuPewtqmpSQRXiySLcR+e8m4MzRqU2nyyzqA2F4z9K+UxWW08XV95OPLWbilJxXK2rSadr3dtbXtdX6n1TzGWFw9NwhCTlTjGSa0d0k33V/klez207H44fGfUPGHj1NSiijW20mO5sLS3DiQyW53BJWzx867SON2DzznHB/DbfqOo6vrULKt8NNupJbdiCsSgYAVRyxZecqMg9CeQPLtd8D+LdN8T6mjW902xXK3MvmussZ3ASMQMLgYyDgDoM5q38PrbWNG8SztJ9qNo1m4vDEsxV0f76qQCCGyCeoGMdRXNVwtRPkSk+WTs7L3WlFc6euyS5tLOz0N8trwlONWUkufo5L4vdbaXR9WttNr6nKayypqd9NGF85rgyk4w3mbmZ8klj1yepzjPAyV9p+Enw78Q/F3xN4I8K+FbcTeIvEmoXOm2xc+XF/q3ldpXUjACRsR8wJPBBHXg/Evh+eW7untbGba8glixHIC0TFiAflyCOep3c9B2+2/2PPHGjfCcSeNryO2i8VeF7+TVPDMNxbu63O2ymhmSPK5MjO4PK8joMGvLq4TFOjiVTi3L2bdNNN87vFJLZ3ttdeS7r6rDYnCrFUHXqxVJyTmr62XK2kk9NtH0dltoanjHR9d+FOsXXwkvb22ubHSNBgF7EqRj7NqF0QbxYZSAzbZFweegHHOK+GfjNpVxdauE0W0luo4/s4eVIZGkB2nKMyoC24EA5OcnPSvZvG/i7xt8Q/FWqeNtStNTfUde1W6u7rbBLJEkM9wXSKIAY2Iv3QMbcsAN2DU9xcXtvGssGjXzXCyQFpZbZmVwpAYMGABIwwH17V9bkeBUckp4XETisQlFzqStzJaNqO19Xa1/Lpr+f8R5hKGf18Zg6Mp4bncaUU9fZ6JPTW7S03V9E+i+cPh5ocuiatqF/qemTxBbF1jSaEkSSupBwHXIJY5QgAk/XFeY+JYkj1i8jVFto3czmJQECvI24qAm0rgcAjGTxkY+b7V1mW8uriC/m026ikSIZRLZhG8hQ4VwVBYhiAB82Sc529PkvxF4P8U61rV/qVro96UeWUCP7LPwYzwAAm0jHXPBUbj8xwfMzTLYUoQdGftWpJNx31tJ3SVle7uu61d2elkeOxGLnVniKSoRsuTWysmmtXps7ytaz73PNATLJsZiFBJzjbyWOB0AxwMlsgdSRzT442WVSCQpcdMsWJ598nqcEDP1OK6RPA3i9kD/APCP6kV+dCpt5huGDywZOAWzxg9lA4BqSLwb4uuDGToGooI5VQgWs6/dYjcCFIyeuBgk8AnNebDC4hxjJXUU1bfZcu6votNLXvfS1z3HUopyjzJySvvHVWTWiaeje+jd32Z1Xh2Xyprl2lVgVjUgcEDHYjBwDweCMnnvXoGnTFZEjebYhDHcoOAP4S3rwcn+IDHGMmuD0bw14itL27V9B1MbowoL2sxHygsc7lOD6jDcbcfMK6yHSvEHmRAaRqe1gCVW1mI+UkkYCccHoDjbxz29jDJqkozunZp+89ra3utWnv8AdtZnxOaxnLFy9nFtXg003t7vNd2V9L+702t1Pvn4Fftb3/wo/Zq+NnwIstO0y50f4m/arjU9Tugj3lu8MPypCzhmAGcKmQNxI2k4z+R95cS3RnkBO8yOsY+UbU3EKuRkkBccHj+8SAM+mXml+Kw+qRR6Rq6qyzpEBbXADErhhgJtJUMp6/QEg157H4N8XuYMaBq4yrMX+x3W4sd2QMxhQ2Sep6euBXz1XL6WGr1KlGm1LEVOeo9WpSslfW6irLVWd35Kx9NlmJxVajThiqn7uhCEaUNI2ira3Su223rr66mSb1ogkZdt7AHYASTg8kHkgjAGc7icAc4x6h4Qt7bW9Pgjvsx2325I5VXl5DIQuc8EMeB1xgDPeuI/4RDxQZURfDWrP8jKWNlch14JJ3eXk5IB56di33a9I8K6Xq+j6GTcaBqa3ceoJKFayuSNiuuCT5ZJJwwJwANy4xyTvTpTdRRlBxsk9rL7Ppffp63szfHVJxpSdCS5knZKz97S1tGlru1r5aNnr3iz4RaF4e8M3+qpaztctbpPbyCYkIko4DYO3djk+nPYYbm/AXgXTdW0Oe4ktEF9HIkcctxIV+VyM8AZOOcYPQ45ODXYeJ/FWua94ZuLUaJqkbBbaMKtnd7diKv8DR5PQHgcH5ueK8y0nXvGmkWEVjbaHeyRpK0+4WNwHKA7lDOIwcqSfwyQQAAPUpwoxk1KF4qEldJX3Su203b5Ju2ytY+a583lTbhOSm5r3Zct3FtJ6tN6O1rt38kjzz4i6SmgeLrvSo4xbrHDAw2klAXwzAFhkg5PU7ctnDc4pXGotpj20Ku0nmWyllLHBBwAW54AJycAg4I961/FWleMPE+tTavc6PqBluY4sA2lwAVQ4IDGMcj5eDxjJyD0par4R8TPPaxpol8y/ZVBZbeYZyMsFOBtK4wvPsAeMeTJuFWTjGTjztrdL7LV1reKbdtk1du+p9RTjzYei6so+0cVzttJXSV7q6Vumzu+nbodK8bCztHiLNHkYcn5y4HTqCMZHbgnr1Nael+I5b+9t1e42QyuzgBeQAcMDgHAyfmzlQAM8iuCg8G+KijCTQL5RuA3tC3QcLnjgA85O0E474r1z4W+G5bDXbiTxFpE0dolo8cLSx5CyupKsSQRnBJ2nkFuTkivQpVZOK5aXLpuovlWkUk7Oy2d3pdW0ey8jF0MOoybaTteyd3a0bLf3bNrbt2segeCJrWS8UC7gWOG++0eZKwR2YKBhC231Y5IwD+de2TeJbE/uPMillkDbGMibhgjuGJ2Dn+LJAGARmvlXWvB98t9M1jLcmGR5ntkj+RowXJ2vgjaQCACO2flyCTHoGna1FfMNQtbp4bVCqFpSxdxkKQ2eQxIYg/d4xgE57aCnJOTTSvfV3XTa2yS1s+u17o+ZxOFp1ZLlkrqz3dpNJbqztbR93dNq9z668YwXGp/DfXbiFNkdraxM5Yqd6uASUOSeeM4OF9e1fJmnRxxQ27oxaXy8Mpfndkfd6Agj15PBJr6S8OSXOs/DHxNpE0tw+rSSRRWVgGUM64yqFskMMdRkcrk/erxpvA3i61SGRfDd4BEpLllDBXJ3LgqfmBIyByVAG3Geeimo+2SUW7xs3dNxfLHWyslbVPWzu7LUpUqkcM4u3xWSlNX0UbtKKtZ2W/XfWyG69Mq+HJFZUxJGuQTkAn2yRjOCRj0JFcv8LL/AEzSfG+h6nqaj7LbybjwuEc5wHV8ZB9zjgHJYDPa6j4X8T3GkNA+gXhkkRHfMbABQcADjb90jp83UjpXCf8ACu/GM88X2XQ78K7gqoQKQwHUE9V65xjJ6E45xx0Oea5ItpNbev5ptLV9GrOzOnBU5qjJX3TbWi1Tjrv3W3yZ9LalqDa3qV/f28ivYSySlIABtQD/AJaAEYI6bQR1Oe2a+QPidaSQ61qYdn2Sxh4gQMEcBS3HHPyjBIGCOpBr6m0jQ/FWk6Pa6cfC+oSzNbyRzNtw4kIySSOSob7xByAM5OQa+ffFHgjx/r2pX8j+G9TkBlWKPCHYsQ+U4bnLd+/vwQK4pUbWaTcnrazvHS2jurJ3897o6Mq9tTxMo1FaEZW958u6a3unytPW2l9E7XPAIbl4VSJzkMAgIxnCkEkN1PUDPGO+Tiu90S8VYNm0OMN5Y+UkE468e5JP4kCrM3wl8cgJ/wAUtqTBMqGCHIPykZG3nrz3J7Z4rpNJ+HXjG2EIbw1fFg3CFOQQMZLZJAK46HOSFA4p4ZSXMpQb0XLKyb+ytfRJapXtbY9/FSi4JRnFXt1Vr6b3b730+Wh9H+FtOub/AMC6dPbQCWeISNIzMoVVBAPHA3Y/i6/eIPSvUPC2i6j4gtYrCG2uNQvWxBHaQgFkkC8BeoIIIA6kkYAHJrkNI0vWNI8D2MMen3ULvHMLobim18EbB0Az90k+hx3yaGvxKC2jeC9M1s6pDMLiJtKjkuLlAnLeaqA5QgHBPBxhcDJNVMQ4KctnZrXSL2V7tJq71vrqnpax84qEsViIwfvR5rOMLOTs1blWjvbve35dx4m+C/jK+0G+u20K9gs9PhaO7ndhsgm8whfNPAA+XG4HI5J5FfGXi3w5qPhW9isNRjZboASsrDIETklCr5OUYY3dxjPavurWv2pfjhp+hnwV4g8INFZPbRxXv2nSpIL29Eb/ADyz7IgztjO5yW5PHBK18l/F7xfq3j/WbHUr7QzpBjtYrGGC2tSiSQRBdkr5CszsVPUEqcHuRXFhlVnVcqsY91NSevwNNPR2eq7Xb7nuOEaE6dKm5ctleLsmvdirJNu2y0d/efVLXzeyZHKsQGmdvLKOAoO7jCnqAoHBGfu8YAFfX/w2+A/xb+KHgSDWPA2hxahpem6jJYystxHGTeYZzHgsuQoPUcEkgDAAr5IsY1jjjc2U7ushWRnjdV4G3rjI4ABbkHAPHSv0j/Zl/ao0D4I/Du78I3+jX9/eXmtvqCvE2IRG8QTYpYjDnBPQdiOvO+aV6tLBKdGKnUjUh7rv5XcrJO9462lZanr5Vg8Hi8cqONqyp0Zxbbg9VJcvKr2tdq97cyutbnlN7+yR+1Eu62/4QqSSBlOI/tcLgsGJHBkxwOmR93oOap2/7Hf7SsB86XwFOVJTO+5hwCpHIAkI/D2HGAK+97P9vTw9ckyr4X1dY13Fm85BkbmyRlucEbWAB5BJ9oG/4KDeGpJDanSdUjiVmBjby8bgduA27Gc9ywPQAZwB4tPNsxjG8cJTTla3LdttJaWbT313b26ns1uF+H4yV8ZVjHaMm4K7tG6TcV99na+vQ+Jbv9ln47wgtdeDnGwo4VJ4ySwHABDElchsjp8uTwK8M/ap8N634YvfDVnq1vJYajDoiR3MRcBFaPCGNSpHzLk7iQNzD0xn9P7v9vbwi4ZDomqKsO0FmUNhnAVTljnBJxnHXtjp+dP7aXiO5+I2v6N4isrKWztZNMEqRXA2uySsG8zBKhQ3rkE9x2O1DFV8ViKcsTRVFxv7yTV2+XRXelno9vwZFfLMswGFnPBYl1W+Xmi2m2nbRS6PfovJdT4PivrmKWP/AEh+UKhckhe/IBGMDHJ6Db1xitU38/mKHvGYEAjDE8kYbPTGDjkHkkkcZrLXRtVZp5Rby+TFCX8wIOFA6rkYI/z2y1WC3nLZYKrAgDf8rY/u4yRwRuB5Oc+5P0EOSSUU02rWbbTVuXV9He66aXd9NvAkk9Fa7s+r25ddrPXpe1/kzvNH0rV9ZMhsN0zwsxeTfhPUqCxGDtOeM4wTjOa3ZNB8Qadd6eL+KRop7m1IHmK6lTPHkknJHVc54BPHUiuc0TVtT0qF4bPILygvjBbG08jA9c4APT161tnX77Ub6yhuLyQYurPaB91B58QIGeCwye/JyQc80TcYw3fM7JK7s20r+em3W9rtLYiLTqQg1C14PtJN2ffor+d7aan60XH7Pfxc8W6doer+HvCk17Ynw5p6212ksaBi9uhAwzKScnHTORgg8VxN5+xz8f72Gyll8Eyr5MkjNGbq3G4FiCf9Yv8APqc+1fU+g/tpx/DHw94c8HXnhW7v103w3pjm+jlCpKi242lwT6H6kcjqc1bv/gozp9w/kweE9QCspdkE4cleuQCTxxx06ZHGceBDMswptUlh4unFtJ+87pSVm3fo9db6W80ds8i4fqVZVp42pCrPllOKaSU7xb05Xdq1rdrnyzp/7F/xqjvLma78KC3gkhIAN1GdueASPMOW+oIyemaqaj+x98YrgWdmdBht7eEu6SS3MYLYbIDAOfvAAYJ6nG05AP0Fd/8ABQq0dGmXwzeq2/bhpN2AMZXY3XgDJwSOnpWJP+31ZXqtJJ4avGK7kISQAIDgqSBjBJJ3HHJwMgcndZpmPLy/VqelrWT96zi2m7ppNrZaX36GX9i8PRm5LHVW7fanGzu43s1HRX18u668Df8A7Kvxi1LSbCwsbPT45bWRSQbrax6LjcHJOMFh689jUS/scfHOWdWe20dyq7SGus5KgcnD8tu75JBGee3dWH7ful2eyB/CtzNMcuwLJkDBCkHrhuOScEZ4GON6L/goXp0UDiTwRO0hIZQJsMVbODwS3qOOBk8qTzq84zFpT+rpNJc0UpPltaztdJv7tVpronHIOHJRalibptNv2lnf3b3VrN6aW0v6niOq/sgfHCa4lkis9JJRAoRro9cFcDBOFOeSoGRxXJN+xj8b4o5Faw0pyys+PtPAkYnIPzHpgEnqc8cdfoy4/wCCh+jRRB7nwBeYAZ5HM4UBR0ILYPOSQD2xjgiq5/4KF+G/7Oa9Hge7aMShN7XKZYjDbQrOAxUEZy2M56cVxyzjMZSblh43er5oPry6W5nrte17WtqddHhrhpfDXqSSs2ru6so7e7qmnrqtF5XPJdP/AGS/jPD4Tm0m4stMS6kSdF/0lmVY5B8rDD8BTyB39MCvNh+wr8aZH/dnRlXy9zEzyBA2euN3vxjv3NfUFv8A8FDdF1JLmfT/AALd3MdrEBLidd8Sncp3fNgAEHqCefu8k1Naft76TfkWtp4EuzMzMBGk4EhCqrEgAgEDvtOeQOADWdTNsxco3o00l05Lt2Sd37293d7bHZQyLhulKXLWqq753aTbbfLf7MVrta77evz9pH7BnxlkN1/pGiRmZERnknb94FABJA+70x6k9cYzXaQ/sQfFuz02+0tLzRpPNtDEsjTuYonckt05Vs5w3bsew93T9u60tpY7VfhvqMjGPczLMrtwpJJw2cnlfmGcr0B4qt4k/b7s9K8PT65/wru+jtY2WCXfcIpZ2zxjJwQxxzgk4IPYxDNc0TbjTirLV8qTu7aK8tFrrbydr3NXkfDVRy/fTfK09XJXel1a2lur62S2sj5d8M/sM/FHRtVtdQm1DQXNsXVoEkkBkdgQHHOBj73Vc4PTHPS3v7HXxQku2ntr/R2maQvJAJH2pmQEkD7oGevI4xtGBk9Vo3/BQuy1m4KaT8P5bi9bzJAj3LFfKClnIP8AsZPcYwM9s6Fv+3tK0VyZPBUPnNuZEW5KyYVjnd0YFCMYO7JweuGqoZhm81yeyTi7tpQSa5kut7XstbXt1SaG8r4bTUvbTvaKjJSlytbrVOyu3Z2TuldK590/sL+KvGX7Gfxds/ibq+h2PiawtdKj0m90W3kcXEgm/dtc2e09Y8liem4YIP3h/YvqXxm0HSvgJF8b7uCaLSX8IxeI1sNjySEywCcWTMgI3iQiJSAAW5JPWv4bPgb8SPGP7TXiuLS/DVpYeEdL0WOGfxLqF/dAN9gmcIy27O25pWYlVVT1IOBwK/oo1D4q+Irr4P6N8FdO8VrqXw/i8OwaRciWBItUvDCq+dbwTS4BAcHYwc54Jya+J4kw08ViqEo07V6kkqyim5+ztG0rbWinJaPe2y1P0Xh2FGOESo1bYWnJOlOUtJXtzLVp25k4u+zutFZn1N4W/wCCmXwe8aeK/hr4K8PaDqupa347MVrfvG8Sw+Hryb7kFwm7zGOcZ3KXC5JGK/RcvsDPKFt1UtkzOq52gEBiSFxjpk5PpwDX883w3/Zx+E/hbV9K8TeHtP1XS/FNtfLeWuqvfndZTug/ecSbBKBnnK4GOOpP0t8RfGevWHhvUtR/4TrxNdNpsAmuwb1xapHECkkkrxuQSw+UA5JwoOQa8WXDeIdenHC1YrDySU5VFL2kZuWtko25dkt979dfenmeAhSfO7VYO75UnGSSSdpX023as29trfYPxs/aCvvC2oXGgaPe2mlR2rxXE2t201veOuQHFusTOygS4AbAO0k45wa8Qk/b41+PSpIrPwZa397A7W8l3dvOpu1iYRrMixqVBcbmbaSAeDyCD+bVz8SNE1yDfczT3ZuQ832ndLP5kjN8vmtIA2cjo52gtgDBAb0DRp5hZ2QYCFWhSW3jVY3LI5Uo52nqynOBjPIBFfUYPw+ty1MZmVSak0nTpU407KXK9ZW5rK/xaO+m58pmHGWGt7PB5fCco+66tWUnrdWty2S0u0mmndptNH6SfBH9ta++K3xF0H4daj4OttEOp3BhGqRSzySK6xs7xxwsFI3lTlgCApyxJzX154q+Lvwy+G2p/wDCPeN/GmleHtRxJdfZrzPnG0Zv3ThRukbeCCMj0J4AFfhDo/xQv/g74xf4iaHAp13QYpJNPubmBJrYTOrxsfKwQWAY7ivKjHBGKb4i+IHxy/aZj1Lx9Z+CIvEt5ZW00Or60dLt1it7FI2kAtmk2g+SoBOzLKSox0rHH8GRwOLhXji4UctlCMFVr1UqjrNqKh7yUddEk35LdsrA55PMKDpwwkp42LdSVHDwlNKnFxvJqPvN23uraJX2P1+i/bk/Zph1rU9JuvH9raRaeyj7fLazi0uZSSAkLsgyc9SCQGGMDIavpnwj468F+OdLg1jwlr+n61ZXMUcyS2kgLqkigx+ZGx3qGwfvAEnOCRkV/JJpQufFthrx1XQo9VOjNc20ohkNi0M6lgxKpgPJGwycEgEDnnj7p/Y9/ag+GfwS0bVtP8T+KFspNtsb3TbqeW7viqBtq2gw6ARqWACsN3HTPHzvF+S4nJMPh8Vlsa2OUqkFXpQh7WSpVHHmqp01dKO6SjJP7z6bhuVHOni6WJqUsJXpU3LD89SMFNw5f3bVS1m9eXVu6Wj3f9A+r61onhuxutX16/tbDSbGOSe8vblxHDDFEjSfO5yAzqCqgkklgMcivw0+Mn/BX3x1pXibxLo/wj8N6VZ6Xo2q3Gn2Go3aNdT6ra2pMbXbQyKUjSUgMh4wGVs52591+Nv7Q+h/tR/DmXwR8F7m7fQtQvbG58UeJbqdLeTTLZA5khEDEPMrbSSg69GPRm/HC++D/grSPHmsRar48ivrBprmFZbcQRG5UMiyMI3IVBGwPmEAMMHGCDXl8HVMtzXHY2nmymqmGpx+r4JwrKU24JynKKilZO3s05J6vTRHXxDlWa5TgcFiKEKXJiq1qmJlVoyjShzQjGMUpSTbUm3o9Xbuf1E/s4/E3VvjB8EvAHxH8TxQ2uueJ9IW91SCBNkf2hiwJjG0HaSo+6dpzk88D1PUPEPhvS5Ej1TWdN05pJFii+3XUdqJJDwI1aZkV2bgFeSPQHr+Cln+3f8ADj4G/D/wh4I1Lx3f22neGrN7PSH0i1Wdbp4SHgjuJsgFXZishyxXJGQOvfal+1p8H/2lfBVnB4w0LxnP4diEV6/i3RPLspNGvWRxHdI8ciCRshSYWJGchu+OeGCzmpXrwpZZWoYKlXqL61VhLkhR5n7O0b8zbVlHVX0V9WdEsPlNONJ1M1o1cTUpQqPDUJwdTn5IyajaVkovm5r30va/X9sf7T0l41kTUrJo2QvvSaNlaJT98urFQiKNzOCFUEFuuaxbLxR4T1i6ew0nxT4e1O+XI+x2Oq2VzdKynaw8qKdpM8ndtTIIwQMCv5vfBf7e3wZ+F/8AaPwn1WX4m+LfDcMmtxQ+KXv2bVpYLoNHHYeaspCogYfcclcDaCK+YdB+Nnh74P8AjnQfHvwM1Pxfe6tcX97fRr4vu7iWPT5LyV5BYyxK7reQIGAUzKcHOQBgj3cBwvxJiqeIqTwkaXs1GWHjZ2xUZW1k5NKj7trp35dj53HZ3w7g50YLG1p8/OqzUOZUZ8sFGPLF+8pN2XLayS1Vz+vZrQk7VDEggbgCecHPY5ByAM8ZGPmGajNkecgkY9BnHYfK3r3GD0J7V/Lv45/4Kdftf37xHQvFeg6dPauhltrTSopZJ1jYNI8ysmUWUHyzs5CgdDgn9xP2ef22fhF8Rfhn4OvfFXj7w9B8QbjSIB4o0ASiK9t9TiQfaHSFuTE3zOAgypYjoKWbZNmWSYfD4rH04qnWbj+5brezlGMW+dxjZK7avrqmmtjny3MsJm1erQwVWVWdNxaUkoOadruKk/ebs09E1u09l9hG2xnIPQdienU544z0yCAc98inLAoAAU5A5Oe5JwMkgds4PQ5xyDWbpXjjwpq+pafbQalEtpq+nSX+n3U0sUMV1HGWGMysqoSRgFsbjjGQRnbsde8LapKbSz1azlvjHczG2iuIpFCWwZWbdG5RuVDHLfNjHpn5aeb4WL5eZuSkoNNWUXpa+vVysk92r3Tuj31lmKat7GaSjzNuLvyvlV27Ppd3W2rS3uxbWRl3bG7ZxknBZecEZyOh46n0wCyS0dT8wwQvyhgVbrtIOcdh04xx7kfF37fX7Xmj/st/ALUdZsWhl+IPi+3n0PwPZpIplW8mR45dRAXcC9khEwQ5zjgnJA8Q/wCCT/7Suv8Ax9+COu6b8QPE6a5478Fa/Nb3k+q3MCavfWF6WuBc+Qz+a8McriCNlzhUI6Yx7lLC16uXf2pTg3hFVVHms2+dpX1SaSi3yt3td2PFliaVLGrL6lRrESi6ignqknFXknbXbS17Xa0aP05+zBgCQM5ZevzcdTjG08cAnJHTg5FMNqB0UckDk45OOcgkZOTnqMZ6YFbRgO1X4KE/KRhgepPIxxzglu2foWsg3bduSuW4K7cYHzYHPy8knGCSM5wDXBOultNa2T3TV7fmnbd6387egocy25rW1Sv1W+vVu/Xe9n1zPsyhQpBBAPQ7snPXHQZ3HcMnGeCRk1E9vtUMeTyecHaDyOcEgctkdz09tJ0RGRpmjiV8qkkrrFGSOD87hVJUEHjJ56c18hftgftGeJP2dvAOn+KPCHhfSfFV3damtleNqGoNbabptqVbN48ycuu4BAI8jd7cnOni6cq0KCqRdScoxUeZaylZ2eravpbve+jujSOHnNK0JO93dp2Sj56aJaL73q7v6jaNQcZAzj3Az6DIP0HfAxgcF6xEkAAtuJPHJBz2PJPHTp3x/tfz5XH/AAVl/aCuoLu9svBfw6t7W2nuIBHDqE93Ptj3YlVGj3tnAwAo6jGBwP0D/YQ/bt0H9pHQ9c034j3eleGPG+hySvexzTfYLC4spciA2LSiMySLnDgKw64znn0cZQr4DDPF14J0IuMZyhNSUHJpJy5VdXbs3olotzSlQqV5QpU25VeVSVNKXO0rX5U7t2Wve123c/RMRBlwFw2e3JGR1wc8kDHUcZ79HtbrkEIRg/NkAcnjOcdM8HAA9ugr4J8VftHfFD4eax4hh1DT/CWreE01K5j0XUYdQeS9WyKvJFcTiEMQDtCkuVA3ADkhT8MeKv8Agqj8QfD+m6/qt74dgsVtLmWw0iOzha5WeXzQkbTrNGJFgdfmWREI8vJwSDnz8HipZhb6nRnWbcVy+7F3l/ilay76vVaa3PQxeR4nBwdTFVqOHpKPNzNydlaMtVGLlFx1XTXTfQ/bfWPGPg3QJo4Na8VeH9IuJW2xRX+p2lu7fMF2hJZUZjlgCME7u3IrdjkguIkuraeGeCZd8U0UiSRSocFJI3QlGjIxtK5ByDxwK/jz+O/x38S/Fh7zxDq1z9m8RXl2mrQBL26SCC1kPmvBAi4EYBVThRlW4C4FfRvhb/gsP8S/h34L8M+D7f4faLqKeHdHstHt9Qn1C7muL9oEVRcTYQ7nPGfmPTrkgH7KvwnnFPC4StRp+1rYhN1sO5Rh7K0YtXk5cru001vdbbHxtHP8rqYnE0alfkp0Jfu60lJwqcsrPlUU7NPdSV7NLvf+nzgrt3BmOOpIGCSCytg8YPJzk9fczLCpVhkqWU54DEcADjkHGemADjHpX80d1/wWu+MMFuBH8PPCyybEZC09wDggkYDRZ9j/AIDNd18Jv+C0PxI8Sa9o+keKfhfojabqd8ttqGt2N1OF0u2aaONrmRdgRfLR9zByDgcZrhrcL5/Qo1K9XBJQhTlOclWpyaUUnLSMtLLVNO6aXU6qedZRXrUqFPF+1q1Z8sI+yqu8m4K13Dl9X28rN/0WwWKvbxnDF8sC7HGe27HOQCPfOe4NSGwPABHYbicg5x/DjsPTnjpivmqX9sj4DWHkWV1410+S7+zWk2+0bzoma5iWRVZhk7lYlW6fdwec1UT9tb4FG7a2i8V2MwDASzIJDDEw4Ks20YZR1U5wRwDXxf8AaNSKTVKq1fS0JuN3y9VG1r3V7tO2mp9OssqSinGEE9L+/GMtUnZ+8rXvaz07n039lkBKEYI5IXBHQEEEA+ox644BxxWkiEW9mO1QAdzfIFAOfmY4VVXIO7OCcg5AzXx94x/bq+C+kzXSwa9sbSbVdSlvxFKbC4gjyHt95U/vWLKQCMYGCcc1+DP7X37Tv7Y9x4h1nUPCHxPE/wAPby+F/pUmhP8AYX07SNTwbK0u/LKyyyBSVaRAQuQB1Ar28p9rmdZUKVqVWbtBVozhGbi4u0XZXna8rdUna2p5mZUKuW0ZYitF+zhy3hBxlJRb0lbmei017b+f9U6PBNuWGaCQgnKJMkhA9yhPQAt83OeuK4z4nKo+HfjXbw3/AAjmogBeekLdwG6gficLxjFfzG/sXft8/EHwN4zk0H4ka/rPiK11NLazFlcSzz3X9rSP8k6TTtvSA5CsmQCoHUjK/sr8Rf2xdKuPAms6AnhXUTd+I4IdAjv45oWS0n1BFEkxVXL4hRw/ACjnnlq1zSliMrji6OISjyUJyjNKXLJuOy6pp2Td3ZWaa3U5Qo4+rg62ElzqeIopwlaM4e/FuMr3e17au6vrqmfz9/tQfso+Jvjl49h17S9efQLey0iSyaCaxkuDO4dm3ROgI27c43fTvz9K+G4tQ0T9nW7+BF4mqfb5PBdx4Qj8RSWjx2yyXRcG68mNCzBd5xkZJxkHrXwF+2R8V/jp8HvjHeaD4J+LV5p+gDQ4tQSxa2hdmkm5cB3bdkZDEfiBkGv0k+FMniTxF+xRqnxAvPEdxN8QV+G99rtv4iniSUpqySzi3uDDygCAKGOSABnvx+dYypnLy3KqlSvh5YadWEsHSs+aEmrrnbg78t7tu6TT+X6bhI5JHM80VLC4pYmUJU8bUdROE03TVoJSaTbs01Z6K1tD89PBv7F/ijw1LaSHxkkjWEBhRzpN5llUgsFHlY3OAR8x2gnPU7q/Xj4efEK88UG48L3Wn/YB4U+G8OlJcFXje9e2jMTTsjKCvmbS3IAHIAHIr+d6y+Ln7U2seKvC2nan8b9UmsdR1vRYL+OztktfNhu7uNJ4wwCkqEYjIPAJ4z0/pEt9A0nw3fNDatKbi9+G9rJe3kjF57mY2o8yVnbkb3DNjG0kkE8cxi1mNPF4KpjauHrubai6MXFppwSjJ8sG1fay1XXW50YapgKmCxlDCUcVRjT5b+3leLkrKTguaVku9tdfJP8Alk+Pfg1dX+K/i27e4kWNdW1OKPyWJbDXcu7duKocA5AwCcf3jXm/h34b2Xh3WdH1uC/u5hY3y3Rt2WFhKQwJRiWO0ZIxjGSeAOK7r9r7VdW8N+L9YutB1f8As8SalqD3MRs4pxI5vHUEFgWHAwcDB4HOSK+ffhv4h8beMfFOg6T/AMJHAIri4V5lk0+FVeOIhnReONwBXJGCMgg1/S+RfXq2T4OdOpeKo01BaJwceW616aL5n8ucQVcDRznHRqwm6n1iblp7t3JO+j1Wy3vdel/t3xjDq/jDw/oc9pFFaxWmseaYmlkJdFG4sApI5AzxkKRjPr86/E34T3njXxVd+JIze2waxsrIwW4byUe0iEXmEMQxDFSTgMwJ9c4+vvFuoyeEPDfhOPT2t31G51UW0jvDGYiLgCIsQeiq3zYwcYyOeviH7SXiz4j/AAY+JFj4J0260TWoNR8KaZ4kS8NusUIN/biZ4NrKDJ5BbyywU5I75NXXr41YmNKEuao6bk5JxcU7we6T0tbROyV76s56MMA8KqlWLcJTT5bPR2ShtazSe11d63bVn594V8D+IPDmq6TqU1zG1vYBEET72dgi4B2tkIc4y3UkZznBP0T458OX3xB8E2umRyC3knukuJHLOqrsAGzJG1Qf0IxgEGvmL4ZfFbx3431CKHxJDpa6dJeyWyPaIqyeYoIK7gAdoYdBz0yN2MfSHxV8Z6t4G+E8mqeHHhTU7W5ijjM6LIjKSobO4EHGe49GwMVwVniXVjzNe2drPrKb5ddlve7drW21uz0sO8IsNKdNSWHtapF6yd7XtdR+6LeqaS1PMR8CtdvtMTQr29SbSreQXCWj3jmATqADIELYDOR14PfJBaov+Fbap4ROn3JltV06xvPMitEmd9rkNknccEHaCPrkAZDHxax/aq+KEl0LeSw0OQhCZJHHlrwVyx2KMNkjK8YzwCea9q8B/EDxj8YfFPhTwPLZaTav4l1S106O7jy8UIl5eeT5fux4+pAOR0pV6mY0oS+scrpq7kvclf4f7qurd3r3VjPDyyyrOCw/tFVekOZaXbSV7Xsuuu+mlk76vijwLqPj8abdxCBYbaKSSS3kZmUBwOeCcBeo475zxXHL+zrqDW7Ktlp0jSyFlWOWRZM5zkhiBnB3DkDkluDkfT/xos9f/Z31Wz8M2U+lazdzSyQ3kyndblINoBhc5xyw3jGeO4FfNviH9orx7ozxSw6foIRhJuIJc7VAGSSgAyWAYdep6ZrfB1Myr4dVMMm6CurtQsn7qtZp2Wmz73WzZx43+y6OKcMVF+2dudp8ya0t0S2Wt9Fd6uzZp+HPhhqngR0jM9tbWd9d28jxxs8j+aki4DZ4UEhs8hT7dT+rekSmTwnYp8r40JUZ8naheAqG6jjgkY5BB46Cvyq8GfEbxf8AEKxlvdZsdPgtBqVtFAbTcXctKoZiSq4x0bGM5+tfqDZTf2f4Vt1mkyo0eJQgA3NsgDnIXnJb6jkk5BIrizKWJapwr8qnoovdWdrXTSSWj1t18kevlUcK1OWHUlSum3J3sko2urqPTS3X5nw94w/Z48TeJILuBNSmSHUbg3cLW2x2VS7Mocs24k54GOme+c+VS/sia/Ki2qeINRimSQbGu4WWFHGDudowMjPUAgjOQMYruPiL8aPiR4Y0yLXfC2t2N61xq1zp8Hh+3097nUbOGGUASyxrExEbgg/KDnv97A8d/wCGqPjxdSrFNPBAVdS6S6WIj8zANlZIlHfBX65yTXFSwGZpRaqqEXrG8tHD3ZKy+5q6vqugVs0yV1lGpSlKUeSEnF3WrjZ6N3s221ZO+uy1+zPHHho+Ef2aNe8LXVyt3daZ4Ylt7m9jRkWaQLIwwNox1A5Hb2xXwR4J1Nbf4I2cU8zTQrJewCIx/Kdu7AbnGBnpnJ457198fEDVdQ1n9nLxLqeqvvu73wi09wVVUHnvExYqB06djt6cV+a/hzVbWL4JWtm1zHHKL28ZYgcSuwQN82CWAycjGTgtkV9TlcajpRjJ+9G113leN+uibVlfrezueNxNUpxdGVNacnucz2T5eW91ok9Vfrro0jye+tdN1HU7eOe3eCCTUbDYYiFUN58ZLMB2xjAz1zz0x9+ftP6EJvhh4bSO6SWPytPWHZIXdNlhCArgEkhmAAxzjJzjNfnkl1cSX9jPEm5DfWm4E71KpKhAAxgHHH3cdc/NX6SfG6WLWvh/4NFlZC3RhYq4kO1pJRZRBiOpKFhgdwDwMZz7EYuFSEkrp3beyd0rau6sr+XVbaP4KvWjyNzScm00mrSlG6el0lJW7LR9y3+y38IvHTfC7UfiGfFGnaX4ZsNJ1q1h0e7hlknvZUtnMpg3rgMy5VWU5DZPOePzsuLcnULmeO28oSapes7qHV2VrhyWbjkMMAEnr82OCR+23wbsLXUP2aW8PvPdLqcFprt5bWlswVMJauX3qCP3eeHYEggnAJ6fkJHbiG4uYZguft12sm7YxUpO/Ck9dzcHnqPXp8/ga1TEZjmSny3jVhG/LraySTavdO1pWez7HsZhUjHLMvUFbnpc17WtJuDtvtZe9ve13uUle1tIImf5IVDKRKCwZ2BIwDwOPu5788AVW07WrT7HqWnQ2sIM8mfPkjG7L5UGI4JJBbO3gEHjHQw+KGggjjUXCtmQERsOVjA4UKvX/vkt1OScZxLAJKy3RlWFWduNwB3bTgnIxnIyASORjpxXsVaLqaW05UppdIvlTu+iTeist3smeXhq07XUtmlay20Tt2Sttpqte6/VHwV+3joXh/4D+CvhB4Z8A2ml618OLu31uPxHHLJDca3rsN+Ji0xhAaSMxAxSKx2lSRk4Ir49+MXxk1v4s+Otf8b+K2Musa5ukZYpWaG1DAokUCtkoiAgDA7cjHFeQ+DY5po9XMaefMiuoYgptVnPOSBnORz0AJwM81la1aSWt1JcvKYzt2sGB4Y5bkcA/N1Pzcgknqa+Zy7hXKMtxdTGYai1ia05ynVnJzk/bVFUnFOblZOd3yxsr23sfS5rxbmmYYDD4OtiObD0I04QpwjGC/dQjCLdtJNRTV03e193rxXi+Fb+2SGaOYvbsdj+YxILkYUMS2xe7BeMjjpXl1hp7rc3K3DNJyVjALFg2QcksoGzA6dzkgevofiOa4ii2tcDzrlEPJK7WHI5zwcdc98gc1wkU0iXLqZQShUHByWJwCxBySOucjk9iOB9TKhGlBQjFWVmkrLV2b6pXSt0bTdtUrnyca0q3vScpNO3vSvLlVkk3zWbs+2mmm7OevdKt5r+4Yw+bJsYBgNpDg4zkdxgcjBBJyDggdRqGmLrPh7S7FMRPbb1wfkjK4A246EkDjJORk9RWJcOBdv5c5y0gxnJBVyd3IJ6/KQD8xxz2z0CSSD7PZiT++QQAyqSMq+4gHBA4XB6/dzmnTpXSbcuZNK6bSeqaTd97J+t7N7BUrVYxVm3ZLRO+rlBpJ6u6SS7+ujPMpvA7nIWQKUDbA2UDMBnbkjDHIPPU9OByWW+n3OnsoclApUJkkgjIGV69SMtgED5vXjvL+/NujwNMWMZXbgLgsARjcQME9P4QRg5OeORu5pBcKsruwdkbAHAJOduSemMkjON2fauineN5JtaWu0tGrb9VZp2s72to9iVXdRJSadkkttHZLVq7Vm/m9bs/WL9gDxBo3g7Q9S8R6ktvcS2/ie2mgW4jdoDiOVdrhQSCWYADBHLHIrI/bw+LPgHxRoGieG9C1XVpfF8fiTVtb8RaXdNIdM02K6cNZpZl8YUpk7cKBnHFZv7GkbXPgLUbJrcCC58Sxt57gMIPLBYPgg8A7cjOCcc46/Kf7VFus3xV8QmKYSgrB5sqgKfMTII2gHCbflIyOSTnufisNl9CvxRWxUnWhWw7VWMYy5YN8qhyySvpab0v6LqfqeY5/iMHwLgcvjKl9XxClRqXj+8SbU9Hul7q1S2vfz+eL/UtyyqbnKmFuBkqXIweBkZzkjcc/8AfRJ+6XlMXwO+EpJ3PdaxokYPABXzmzkkgnn0yfm5+bBH59TaZNHE02UYmNlCHJIUggMwyATwOcqSo5wMGvuu4kY/Cn4E2zNmObXtMUjnbmO4BIUjkHGQeu3AGDnn6vFuTcUrptO1+mjdn53btv5HxORVKTqScZKWsF3+Kav3006aXstnr4d+2w7Q+LtKjMnzrbru7bB5KZwASBjPU9uAcjNfDzzsF2BgTvyR1bGB145BHA5bjrk4r7V/bmfHxFt44wQEiQISTg/6LECcsMY4JB9ScngZ+GjuB3FgoYgEYwdoALEdScjBB5PHAHAHm03alTWukVtbfmjfV7aK66c17HoY+P8AtNXvot72tGN729fLrvpa2JWB3ZPyqed3T5T0654GST04xyM01LhiNu/Adst3O45I6H5s8Ek469eM1RkZhgq68Y69Sec9f4QM/U5A+YA1BHLyDzlW298MAST7djjoDjg9Kbtyu6i73vbSWtrtatWWutvNdWc9Nrltbq/WyUb27etnv6ntXg+ci3uwGyF8sZxtIb5VGOnQgEEdc9eBX0H4RvGi8OyjcM/aduTgBSSR7E5JyOuAffA+a/BzsILp8YIx/tYyB3yAcsQeDkH0J3V9BeFl3+HbokElZlKjB+9kdQeq59PX1wa6YWiod+XW1v7nyez1T172OCtFc076rmsla/8AKtPNWvune3mcfqkyHxGJGYHNym7J6H5QMEknB5OR7fdAwYPHaqmp2hDBhJbfO3P3iMqccg8nbx1AxjrVTWpFTWQTEVImiZgBkE5BccDPrjueSBkius8VaZJeWVtqPklTDbIcAKR5ZwAfUZzzkYB7BRmtXO6lZve/W10kr69Xo7va+mpcYQ5qUvdb5XHz+NW6t2tr06JvVHA2tkZSgV0Vmt5DnHGAM5API9ODtJUHBzmtGxgELWhyGyHLdAONwxwc4JIIznHrSaXBeTmLy1JCxzZwuCFweAMgHOOR3BPGAat2sJ8xfMALJuC7sYAJ5HqO5JHA/i28mlGVrN6rS/eycXp8lZa2tfU1qKLsra3WrVo7Rd27+ettVq+l37p8ML+zNh4nt5FxNJaS7VIBVkSLkhSeeeBweMc54Hh2nzCO/umVtkZllVSRgHMpHHHXtg98H1B7PwRC76zJCLt4luLe4EixggOhDZjxggk9zxnOSMhQbR07RbKV4Es2ublrguNzkBFD8sex+bgE85K5bHFcUqtOlVm1Bu6i3y6JtJJ6u1r/ACtdqzRSi5pbK3u3aV200+miu9La6676PtPEOjLL4dt7lxuWPTUlO1QMZUBd2AuSTzz6cAcV86u4S3VSAS1wG4xydxweOcDoWBxwRxg19Z+OVnXwpG6qIi+mQKIkB2qgQD5mUbQST1IxnnnpXyMyO0XCbnW4ZQGBG3nnnv1ySowMjDdw6MpzTk00uZuKdn7t46J6J6Wd++2+lNJTTWq5bNr1g0/P5Lq+5+nPwBuGX4a6dCXXDTynoMrtI4GTgD+EjOCRgAmvXWmhaRULhid2WRdrHoTtBxwD6ZI9eefCPgVI9v8ADewLx5kEs7Bj0IBHY4PJ64HJHucemXGqzAhwoiIBwMZ645OBkE/eJAx0wew95uUqVPzhG290+VK/S+r322WruxQb5nezfvapX0drp203W+r7W6O+LcSy/DHxDGpy50u4yDtJ24XBwD14OehAznrX5gWGnARWQZQP3TE5OWBznkdDjkDGP61+knjq6uZ/h74mMrJhdIl2qDyQcDOB0HoOcjnnHP5+6eVRbFWEZYQZXIBySTgZ7557nIOegAPnVoy5oqT2ta71cfd1fVbX7p3Wr1OSvGTq6XSVul9uR7q2lkr20TafQlstMSTbucHAAQYALccnJUcYPTBHYA9B1FppSNbXrGPASFtpJAwVUj5SGPON2cHqOCQDTLHU7O2ystvGXJXZgqR97kEnovO76HBxyx3v7XtRZ3yfuUcxMFjVgcbhxubsOARgFsds9MJOVt09L7pXfu6aLzbT+bdncS5uVWir2Tuk/K2nTTa23e23h+q26R6zoBVMf6NKxIHcOeevoAenXrg5K+k21r5sUcglDYjBKliPmwSOgAzkDHoANwAzXG63Go1bQSNgxaSD7x/jzgbsHHuTjHO0HBrubC8t1gKrsLKBGQSOqgkHGeWOfc4453DESk5LSS9121em6s7pu909tHq9NbpSpzbXNDm2a0e2jt89lvfXTSysjT0doYpGBDEMXYj8hjgemD+ArnPiJZsuhyKJCP38ACk7iMep4/hH1HXBHNdA+pIrLujVpASqhQenOABjPB5A49xjpyfjC6uLzRb0JDKBDJDuxDISX3cAcZOeh78Hg1zNtauUVs7aWast0mtrbN6XtvtdOlNTi/Yy6X5Y2e63stFpqmu1rN6+W/DCOGfU7y3YPvkvM7Q3VA2G4GfmAxxjJLZxggV9r6fo2lJaQTwxKxERTY2C2doAAO3qeTnOd3Prj5M+FGkXUOvymWwmxLcRsA1vMoYE7g27bnA3EEHqRgZ6n78t7G0WxiVLKZZIoXLItvIVY7clgwVj0I9+gOMc+bj8Y6XJTUlbq4u23Lo3rra/z6NanrYfAyrSnUdOUZWSvyS1tbVXunonqu2nYn+G1hLFPI4jRViIYhlUqisSegB3HB3DvkDHBFfN/wC13aOsmkOJPME808gC4IRChyvUYGR2z+BOK+ufAtqV+2+ZYX2+Rcqq21zgp90ZGwHcCR0yCOByoFfMH7UXh3X9ROkNYaLrN8iNKpNrp17KkRIIVfliJwRgsSDznB5BryMHNTzGM5SXLpq5JLRRa7q1ttd2+yv7dXD1KWWqKpVHfVWi20tNWlHdp2dr2s9UfIenaYssELPHKSsKkD5ckbVJGCSOpI9c9MmnT6Yo8xlJQsABGMHcR1Cnt8uTyPwPb0PTfAfxCubO2Fv4O8RvutwI9ukXysxKgZbMIYnAI6kgg4PORfi+EHxau1RYPAPimRkLF2/sq9VgWyoH+oAb9DjHYc/X/WKEbc1alqk1+8hqkuza01d9e+lrngxwWLnbkwtZ3t8NOWvfp1vv8+9+s8AWkz6LFGqsPLiYtwMnJPC9/dh0B4q542jSHSNDyW8w6zCD25ztJweudw9+2cYNd54L+EHxkg0+O2Pw78UxeWmwzHTLkFmbDYy0YyPrwD125IrqPGP7Onx11LR9Elsvhp4jmjj1SCacm1YMyAgGRgSoUcA+2MHGSDpPNMHGMYPEUnJJKzqQta8b6Xvtdb9ejvflhkuZvEKosDiLXacvZS00Xlurvbb8Dn9QQLp8I+ZwAMAHcSXQg577ckZJAPTHWvp34X6fE3hKF5QTGlu54IU7ieQQeo7D1wQMHFcNF+zR+0HqsS29r8OdSjjVI8GeSJGLFMAs3yleedrZHGORivfvC37Nn7RtjpkFg3hOG1EFsVLSXqojvjdkqXxk52tuwfTrXk5pmmAqwjGGKouSlFW9pC689H10Temq67n0vD2Q5rTqzlPA4lRcWtaTSafK9L9Xbp0vvsbNrcaPofhh52gfCpPIVIx83kv8zMMNjHAzwc56ZA8H8BeNNNittWVh5Ty6tPcRg8iQOXwEXu2CCBzxwB0De1+Iv2c/2i7nQprS8sNLgjCSL5Md/GGlVlwBlG2jbkZO7ccD6nzjwN+yz8WNP/calZaM3lmW5Z5NUhXyiykIJA0gJIJHqoIPOAc+d/auCjR9nGpCU1FcyTUrtKK0sm727aa3dnqdz4ezSWKjN4ecISmtXFpRV431eje/W2mx9I/sKa6lz4n1qWe6EFs9zrEKCUiOPzJbgOFDN8m7C5GDnoQcYx+qcepaWyKDqFsSNxw80YYFSVHIblQOcZ45BIr83vhL8KLv4W+C9MN5odnq+pXOr31/qi2niC0j2tNKwhaJvtIcKFZiUYYLDIJINel3Xi/WNLUwWfgi2lEZLwyy+I7Hbh+drlrhieoXg4PUZ6V41PMaGInUi5xpxUmoSbdmnGPSzsr3e+vZJn2kMlq4fDUVyupJ04qaTUlzWi7XvbXbRbqytfT7lttT0oqCuoWjkBsqZEGMADdjdkjkkHA5HY9NbT7mznYGG6tmAJG8Sxso3AYJXOMEHrgbcD0OPz8svGutRkXMnhLTop3jdWjfxNYmNW5wNv2nbxznAJ9OhrRtvil4tsFL2ml+E7IlkKpP4lteSq4IKtMwKt19cLgBRjMyq0L2lUinFq0lZOSck++nbZvX5AsDXglam9G10i1ZR9El0WvuvyPr34zmKT4V/EyNbpDt8EauTjDBj5DYA2k8sR2684HY/wAefgRYZ/Eeph3IiiubwkDahJ+1SgHcSc7R82O4Jr+jvxx8YPGmpeBvGmmifwFZxX/hfULW4zrsE0oSSBlYoBId8hIwAc5bnaODX8+Pgj4Ma3q1zfagvizw5p8M1zesFm1KOGYHz3Y5jLBthZsgHK5HPcV9rwjiqVPEc6lzRjJNvsrJpapXtbSzv+B+e+ImCq4nAUqMKfs5yhNRdlazcL3su11aySv31PVEfT4FMSj5QQQqyISWx19VO7Bxk88dMVFdMhhaJrgFS24xykjAJLDAzgt8x5OcknHGMOb4G6wrIw8feGmQ4AK6vFuXHXIEozjnocnn5arv8GtVYsZPiB4bEa/KANTVvukcj5+eMgjrk4AOSR+pxzWlKOi1XKuidtmnd6W8lp8nf+d5cJZg5pqah7zta/8Ad3vftbbbVa6vCnttJ8l3KYm3nYd4AJJPTHYnp6k8AjNYV/Fbi2eO0kYysyEhiB838RduCM54HfI75J7CP4LvIrbviV4ViXdgNLqTfMcg42k7R1IDdcZ9DWmvwISVYy3xX8EAOQWB1JieDzjn6qOm3IyapZnRUfh0tayetm4yT3V1dabb/IwfB2YyqKXtG3FReifdabq60239N14haQzxu7TFowFkdFTPKAHk7RwCeVByAuRkdK8LTdJql4QGCC8nJPHJ3HbkHoDgDvxyRzivvJfgXYqZEHxV8HMzW7qCNQBVepKkkgkHk5HT1AFcFY/swWS+dcz/ABW8HgzXEmPL1CMlUY5ywLKMnnIBJ9OAxrw8dXp4ipDl0jG7lzWV1Zfk31Svv6ffZHlmKwWHdOtZyumktXdRS1vstr6Xvs+h8n+J7xJYIIcF2jVQXCkKFAxtwAcYVcZwB+tcZLvKt5a4CqAfXsRgADIO7gcA554NffU/7LHhx8LP8YfCi525H2iFjknP98DHPckg8gjun/DJngSWTb/wurw2gx8xSa2GCMdVaQYIyO3rjHSvMkoOV3NK1tHduzUba23a8u7PoIU6q3ptNWu20002rbyvffRrsnvc+CER2ULzj0GeeD3I689W4AB6DIqtNBIFb90xDMSrbGwQDjaSO/HJBGR0bOa/QBv2UvAVvICPjZoU2xQAI5rbPzAHODKOPmyM5PGRjGakf9mD4erIgb40aIQFJYl7YgMePkAkIzuA9Bnn6Vy0U+V1LN20Sve9t7W6dN9FoS6eI5k4wXK9Gmld6K/NZ999mvM/P+OzmmdFVG9DhSBnHckDvjkA5yOOM1K1nKhZNrk5GM7uMH7q4x+GByOpY5Nfe5/Zs+HFtLGp+M+jOJCDmNrc7QTj5h5gA+U5I3Y/u5bgtT9nf4Xs7Rt8XtPYI+1pN9oABkgrhnBLA4OVwMZx0OIcaa/5eN3stVbVW1VvXVba3Y+TFNr3Ul9+nV2V7fN9Xpqj4IW1DEK4YnPQjIU9j90cex6HGOK6Sx0e5kEt0iFooIgXbdyCQOmRyeTjgjgE+g+3V/Zy+E7l3Pxj09UQNhi1nwQSO8gLYIGW5LHPTtbtPgL8G7UGOX40WQinA8wCSDkIMHhHIJyOBhsAnHAoUKSa9/qmlr5bpq2+l76rbsKrSxLj7sb30bvvtq1d33vpv30TfwLf27LeWSA7SRnBABBJ+bJx16kdRgYGTTdcjKRwKQxUj5xgZA6Z4wuB0B4J5zmvrvVf2f8A4f3HiqOCw+L2jf2e0TPHLJJEHUYzglnC8gjj5SAMdquah+zb8PJAFf4w6Sx8sgnzrfb24x5jHkD5cscN/ECc0rJKfvWvJJdNI8tru115Wtbpqh+wrqMLJ/Ck5czWvu7pN7aLVtO+iTufADs5mKtkAEjAGGYkZw2cH0A69cYxkVIoPms24gYBL7SDjnGc4zjjn1z8uTx9vj9l34bzJJJ/wuDTF2MCX8213HAwcbpeeuegIBwCR1un9l/4Wx26lvi/p24x9VmszyeAcCTI65AOTx154uPLZNzS2VrtaLlTtaL8tvTzdujVUUowldpayk9NFqurWnZLT4bOx8InJKjJ25OGZcEcfTJJAO7Pcc4I4QoZFwVJBHylcgBc/ewNgIOfbA3Hg4Ffc5/Zk+F5jQf8Lg00HB+dprYDOcnJEn5g45OMZxVlv2avhJHCwk+LdhK6pyy3ECjpgYUSHG3nAX0yexAowck/aRtdWd3umt9NN2t1fbVGPsMQ5NxWrXR+8r8q331311u7X1PhKNOTvHyqRswORg888AgZx0O3Ixlicsa2kkl2okg3HhSCSTjOWzkjIAIPBB+boQB95f8ADNXwjaHevxg00ELnHnwE89QcOAMjPqDz2xUkX7NfwljKyf8AC59KgJOSZJYGAA4zhZDg/N8xOOR9KUqVGyXPZu13G70XK7Ws+2r0u29OhtDD4iyfIr6faS/levurRd09b7ux8LR6XL8mza0h7Z3tuGQMc5z0zk8encu8SW1wItNilyZBDjZtK+27OBnHAwMjI9hj7utPgB8J0lk8z41aCYwGKSK0e/0Un5sAEHby3U/N6Vzus/BX4VSa9bWknxg0mezhjUtKpUNGzYAwxba+BgnlipOMAHNY1KNCUWlUad1bdq+mrbSbvr3t3VtNaNPEJ80qceW+ict07LXZ730vs3bSx8HppWpShhFBLjaCpI2kDglhnPB29DnI/h6CmroeqOXbyHAYZHQ5A+8MEZ5IyOM8cdK/RFfgr8C1jZpvjNY4QBThk3Ar3AU5K9ie54GTgUL8HfgD5QdvjNaxkA/OpXLZJ5wSCB03Hb/FjnIrNYTCSajOrO9rp8rtdqPZI0k8Y9I0acWldLmWzsrX8tdNH0Z+ef8AwjOpMrt9mcnbkDAyOxznpk8ccevANZ50W/UlmtZuAwIIbIGMduxJzwVwecg8j9G0+E/7P8Yd2+MSSIQAioyEt833uoC+wzkk+4NWH+G37N8Kx+Z8VS5IGcJEc4xnBz8y/KRkcHHQ5JqHg8J0qz0abfJzdY28vW9rd+0p4tWvCD0TfvLS9rdHdO/b10uz88bW2voLGe3gtpUa4UmUmPJGW6bsbtr5xz0H0GcVdF1IkgWcxAPoRx1PYHpxyDnG3k8H9H5PA37MEOB/wsySVuQ4AZR2IAABVuo59ScEnrFJ4Y/ZbiVXj8eSys/LqxkxgYJUFBkHPHYk556Ajw2GXLGVSejj9iSWqV+2t9Er6Xtpq1cZYl2UqUOy99P+Xy0tay6dlofncuhXxyPs0nIPRc8ZJPIGQBwR69MDrViDQL0Sput5ACVHzB8nv6D0IHPbjqC338ul/su28shPi+dlAXeymWRgB0wCvJPA6fgKmin/AGW4JUDeL9SkiU7dq2fmcNnOCwJIIGSeRjqB0qo4bD3v7SbS0jeDfLrF2Un2d0u19LO4r4p6clNPTXmvreLV9NL6bNemuvxNa6XLZQZnjwGlU7gRnJ6ck4yA2W7AAcdMTW8MqNPiMOSHJOTgljyOei5wQuRz39PtnxF4i/Zjh0K7t9Ca41G/aSN4Jb2Mw7BEPnceWCpUrnCnBzgDHfFsvHX7LsFvC13Y6g9wYkaYxwHb5w4fHQFSR2z0GdvOLjDCxfLKb93ltaOjta/V9tLvTe1tTGdPEOW0W0mm1K1tIvdLW/TtZ9dT4rudPlZy3y53qeT2UcqBlfoCf4geRziNdNYsQXRiPmALHjIIwRgdO3UdweOfuA/Ez9lsTEnRrt1+UZa1BJA5JJI5J9voPlFOk+K37LKt5kXh+7Y5CnNsowB1+UHGe5zzyQKtQwSTvUldvs0r2S2T216ea3DlxHVReydpataW2S2367pddfiRNNuA2FwzcMSW6Ac4JzyQwzkEdeSelSmzuXRGONwYrjGVwf73XD9c7uMcgivtV/jD+y/bMZIPCV3LkhWBhUYBzkrzgZzwSB8xxzipYvjX+zBHIxk8EXZjb7qrGhYN6tnAIIPBx1J4xUOOCTaVW222q6aaaLTv66vcUa93rbWz7bxvvr9zunsu/wAQrYsSQwUbQ37sHG3cepxnOeenrt9S08FkdgJ2CPJwQQWIBAz64GMAA9QPavt//hdn7LiSsV8D3LI4LLi3QkMeoy204yQMbjgZ+XPIqJ8df2aY5So8ATBCCFP2aPdgnJ4BAyQTxxls88VovqfupVWk5O+mt0oqyV7NavVWvfotDOpTrJK2rule+jSstN9Fo7t7Xt5fH1vZN5asNgBYnI7YGQQSMhgD685yc1eOlgr5a7Su4HAOGLckkZOQPQ54OcZJIr7BX49/s2hQIvAVyAvUGyhkVgME5x0OQD93k884NTD49/s9M6lfh1O6BSCRaopLZxkKMgceh+U89eK1i8K00qnMrpLTRrTdXto79zP2Vayu4ra+tmn7t2+j0XZXvqkfFtjprxXdsfkGbyEbg2Q6hwR3CqR1wQOTkjPT65u5VbS7W2aVXCBM7SAQ2xfvfdwOemcgE8ZArN8Q/Gf4I6ha2sOl/Due1l+3RSPKRtwqvlgrDB5yTge3tXo8Pxj+FEltEV8B3kiI0eXwAGCKM7icbiRz7nO4Zr0srrQw7rRpqVVVFFtLpqpa66LW97pXfXr5GbZcsWqPtMVCDi2km7qV3F623a7WS7b6+VywtgmJAvQHLEMAoyzcE8dxgAEngYxhgtXyBGUZSCcliMMRySfmA79iO23k59nX41/CtHDr8Orto9pB4DEkk9Bk55B6ZIxjPSox8ePhRFC8X/Cs7ocnDGMY+UAHDDGOMZz0BGODhfbWYwSTeHqbau8Fd2i9VbW/d+vZngvIKN1/t1PySWvRPay679Lrq2eMvaoHJbylVRkuHVi2Ow5xuHOQ2CMdPWsLdQxBdWj+bL5KuW568dMcsAAD0HUgetD49/DF0KH4anar7zuiXJBII55bk8E5+6MEDIFaI/aL+FxRQnwojIj25LRAFmxjkgE47EnI54JHTL+0V0oSasm9Ypttxdt1bt3b3djRcPUWlfHU07avlfdL53308vl4Y1vgOcDBbGcMe5HA79ctxjpuHAwCwYcqpddoQ5Dt97k4bBPXLY5PAwTxj37/AIaS+HRKGL4S2e3YAwaFMY5IBGCA2dx/vH7vXAqw/wC1N4KSJVi+E2ltnMmTbxjIUcZBGdwGMdTncx+c5prMYqLX1ee14tOHS3Ry1tuult72CXDtBSSeY00motx5HdbNO7ldq7tdrdaXPAYdPlJVmV9uflOx2zjAwQRjAxgcHP15qF9One7Rvs9wAUYkrDM23rngovHcZ28nn0r6E/4ay8NsI4YfhTo+0cMxt0Dgg5wflbHQDqeuScdYpf2udI3ERfCfRlXG1nEMZdUB6fMo4OSQT7Y5Axi8feKf1d6SvrJXduTdpt3033u9u+1LIMLGS/2+Mr3XN7N6ptWW97K10152Vtvk/wAZ6PfyaW0i2t0VSXapaB9igZO5iFCkFjtB3dMDIPTC0LQtQWzRvsN58pDvm2k2gjgfwjqpXGB14YZGa+n/ABv+07Z3/hyVE+G+nWieYirKsUYTaCDtHygdW9Tjg/exjB0T9qUW9lH5fw30u4jjCKWdY9xKoFIOY/m5OcdiDxzivKrVnUxXP7N8zheza0Xu+r0076pJnvUMBRo4RU3i4yhz2UlG2suRWf426P8APze20fVmgI/s+9OcMEFtKVIyCTkLjGfpkg9cVm3Ph/WmPnJpl6VXcwT7NOzEMTyAF564xjj25A9wX9rm7AKxfDfSFQgqpCqGGCePu4AJ7DO3HfKioT+2FqnCr8O9FTy22FxEvTsB8uCTwAMY470vaTlZuMoxVr6q71im9nbt0036CWDwraSxKlbS6TT1a3vZvbTvs7anhn9g+IFjbdouoFZMHItJwuABgHCAnHQ7fT15qJ/DWuy+WG0fUtu0gAWM5JGMgDKAnscMD3OdpGffJP20PEckawj4f+H1WNQoYwruIB+8CUznOBjpzjJLVG37ZHiqYLs8EeH1MQADrChPJAwfkwc5wccY6HgVssRNapSsrJXf+Fu7stm27dWkTPA4WW+Jte2jjZ9G/tX01unqvz8Sg8G+IpkTZomps20GNRZzKWG4csuwenOAenXpSL4L8SSTyhdC1DchBx9lnOMDt+7wVGe3Qnryce4v+2J41leN4fBuhxSRAKDGiBTnAJKhARjjGRuOOeMGlm/a+8czbyPCWhwyKoUPFGScLgEsAmCWHykgkEDBb1HWr2uo31Tl07be7vf00M/qWAsubEXSSa0T2Sf+SadvvaR4v/wgfitlDR+HdUVShO8WcxDHcM8MoIzhucDOE+bkU6L4eeLZFJTQNVPyEndayD5cjpheMEcAnocYJ5Pt7/tifEKWCKJfDOhiMRNGXW2AyxBA5EQJJ5xzjjPIqrD+158T444Ft/D2iqiSEOzWgdmJJwjM0PBGc4PX3LGrjiMQlZU1y6NLd3917qOrv5WavtsEcLlvK4/WZO71skv5b2V7dbvzXkmcV4c+GHjKKZZ28N6jseGdVLQTDqrAAMUOWPIIJ5U4GeBXFW3w08ZxXlz9s8K6vGnmygslrMCSzMVUfKBkgZ5ByOevNfQg/bI+LMkoRdB0ZQp3rH9lXaq45GBHzkemOgw3FZ8H7XHxUu0u3+xaOirIQAbaM7JM9QoQZbOT0+UDjFKFbERqcypJzSSim3FNJJvTlu9Lba67sv6rlqpcjxNTk5tZcqvfS2qTt5JK3ldXNrXLqWP4a2UwUiRrlWLYwAd33ivRh6+p4yK+f28RXzNNvWFAGyWZcEKMfoP4iMjb2PFfT/iHTWvfh9ZRRxsXkvCqxp3AIICjIHAG3qCc4HPX5/uvCGsSLdQx6aWZckO7AHGD94AnpnOBnnBx3ry84pwhOjGTV5U42S15n7q3eqte6a0dnc6sFLFXm4Rkoqo0731fdaPR+ndHAa9rB1KKCJYo8qTuaNjkkA89ecnIPPt3AP0r+zc0n9jeISIQZItNunViMkK4I/HHBAyMsQAcHNfMepaHd6b5avCIZvnfLEEYUclSC27JHT5dozjnr9O/s8+bHoPiKQktJJpV55WwcrsVjyM/MCemenAwcA1w4CKhUdlo6bd09rKNul3e3XWy73PUhUqX5ppqVrbaactrNW9dvPseI+Jby4iuZZV04puupy8pUAsS7DO0bmJBzjKr9TyDjL4mKW7wJaiNvLYbsPlWP3sgBeSTkk4JBGODUmp6vqk17dq80RMVxPneoEg/eOu05wGUAdMHDcnsKp6c1tdXsMGpXK+SZF89owFfaWHCuQDnsQfu9uOQ3O7naO7aV7O1rWavs10tvbXVnHdubSt70te7aa26d3p1fc9d/Z9laTxjbTxqFlWVSrcZZpWCt1xj1yfXODmup+MmopD401iK4cM6kHJxjOM8n3wMZ7Hpxmtn4NWehJ42tLXR0WS2RoTJI7EyhiwwHI4IY5wBjI4PY1B8arXTn8ea0Zo03q8YVWKqrAgZztGM+u7Ixkd+IpTUoWf2XZXVr9X0V73SbXXrZnTUpqNDS1217yto9Lu7tdtpeT6efz9feKCYEgREhBDASqxwPcrxkkk7R90DI7g03wdqEl3r1lGzoR55k8wbVJ8vBG7Gcg9c9DnrXYvpfh77Mrz20BkyQGDqUBIbqCw4JIGcfL2GTzztpa2dl4lsUsEiWORwrGJg4AYruAPBxz1xgc/inH95F3dpSjZWslqt/O9/10FRl70LttrlWrbuny6NbLbR/pdH2H8R7vSrbw94IvNdjkns5Yn+1JG7CUx5OVTaMKCOTkEde2a8A8XjwldW0M/g4XEMeCbiO6IyiMxOFyVDEHABAyR+JPqvxde6bwX4JiRBGWhlSJ3GVdQGXD5OBwf+A9emc/JcmlamZnUyF0KkKI5NpxjthiMAnABwfQHBxlj6UniITjKS5Yxej3TUd1ols/x8kdDrOCnBQi1KzUmnzatWs1drve172u0jYsrSNdb0yMh3Q3MDGRiMDcwJHHA29RjPQZPSvv34gaUzfBS3e3iNypeBIwAGP8JLAD+XHIPrX586et1b31lHdM26O5hDRryVAYEHeBz759ua+8/FPiLUNN+B8MIt2xNPHHaSxIXdWBBU42nJJz83I7AEcVy1p+zpvmmoRvFu6dm1y2uuzaur7N62ep25fyyhWvFyko6JRbSStdNRtfsm7P8AM+adO03V4bdZXs5I4WBQfugGByfvq4HHGMEYJyQSdtct4xspri3YGMjyRulkXCsAE7gEKRnA744yOMHXPiHxXPbrHPHqGFDbHW1k2sMHDcL0BPXB45Oea47WNS1M2k1tNHP5kgJkfyWVtv8AtMV6Z457+3SaeKw8koqrBvls7NXWivfWzV1bpotzmlBtpezlZWabSXZ9L63XZ6WWzPr3wRbG8+DxgnlWDNi4RpNoVBvA53EAAAg5ycgkgfeA81tfh3NO8ckeqWS2jkAuskJdWY4Z2XdhU5yTgH2GAa7zRLa+b4EXJjgdpmsGYYTaVQNw3YgnO5jxuzwc8nwDRbO4SFXu49TgEqygIsz7ZWBBHBPGCMY5+90FXip0oezi+VucFJNtXvLlfXd2T2tZPodlaU3ToKEOZqKvdN2aavrZ32b03TV335vX7MW3iK706G+S6ayZAZIwApUSDcQ3IIIIKZ4Oc4AAr9A7a3d/2ept8oi37NudoBGxV5ycYU5bPc5wcZU/AdzoN6NWlvtzxxzvEjLOPnwzA5z129i+cEgcen3HewXR+A89su540jJVg5+baACFHBwOg5ByPQ5rKjVh7OvHmjZpap62urd3b02tqa4CE5Sm5RaTjd+7re6stuqe11u9NrfG2pTfZ7swtfRRLEmA2Fw55z8yEgnHUZyRyfu1Ttms7m+tLhbqJkimiVYyNodgeuMDgnJGSeQTnvVH+zJDdSGWxuHLrmNVZnXkcOvUnPUrjJPck8QWmlm2vYzNbXEbedGyRurfKA3JHuSSOWXGSORkV58JUlOEvaRvzfzW2at6Ppdp2u1zLYn2lZ1G/ZytdJJLazjZuVrvTXu9kfdl9NBL8H7i9EioYLiNYrdVI5Vcd/vDO0jgj5s44FfIkjvqE9yk1uS82SFwERQq8M3J4PGMHIJGAMZP0bqNylz8H9SjQyRJE6LGm0Bi6KpOSOvIxkg89uOPky2k1KOcsnnnzY95JAYAEcd8AjHAzySeQciuzGy9o4OUlblVn30jd7rXlTjZK+u+5tiJyjOP7q6aT9b8qtbldn06XvfbborbTLmC6sna3AEc8RjVcFFXzBnPYnA+YdMjnrX194+CzfB2VVhLuzwBtpDAghQACRwACMcgn1bDV8XWVzqouD9oEscJkhUHb8oO9cLjgD3wD2AHevs7x0Jk+BTSRyYceQwI5PyqmWz1AAHfccjjBrmhGCo1LTT92LTXL3W+7eqT320fW5Qc/eai0pJczW/3OzurLfW3fY+TdKtFVrZ5rQLKGxlWXIjGNpIOBkk9zgA9gSap6fblPFAklt3VGuQYyQFyCygNycYBBH45z0riFn1ZYGkW+lVy2BiY8buSACcnkgHGR2APNdHoM19Nqumm5uGmm81BuLAhl+Uhsk+h/iw2QTyK89RSafMm7x0euia/PS3lptqaqN3HR6OMk7O9rRivdV23otna+6smz70+JVrGPBPhB41ZmcIwLkHkQqeFJ5G3bwcD5m6jIr5S19nuIzEkYMiylXZURcHd1DA5JHXaRg5OQB0+hPjZqd5YeE/BMUK7hNbISXAI3CIEEEHgkgY4BI6HivlA6lqzxyq0asXlJVSBvb0Y8g5U4G455JJ4p1HHn1mr2jpdt7LtbrZq1klY9CE/Z2VnrG1ua7vZNdLve/kt9z1f4RIyeMdFB3gxXBZ8KM5wuQDwWOCSV3EccAAnPon7Slp5vixJIrYyKbCFmBfk8g/dA6rjOCCcsAM15f8ACGa9fxlpCS7EYXZDqUIJzjAJb73BI6/hyDXpH7Ql7dP4z8nCfurGFXVBkFeoAAxwPfk859TnUnyxsmuja1s9rWV90uvy30RGFOzm3LmutLvS6V1rtZdFe+p8zXlrvKF7CQbVUqQWOBu7jDDk8jLE46E19Z/s/wAuxtfRo5CP7FlAAz8mIiPmY9MY54z6+o+Zbu7n2rGXKuyr0QcYxgcDbkDjnA55x2+l/wBnxsXGtl5d3m6JeFwFGSfKcDhj8pPUEE9hnqKyhO/N71rK97JWtvdPe93deq7mlOdNSinJvZu9lorJJWve7b6p6pbHiOpTONQvGBwHu7rbv2sSTKyjIY9VBPIzzg9GO6rEJ0eEeUCZmBYgjoCGOBnjr1Bwc461iauLuPVr/LbYhf3hDMp6iVgATjliMcdCOMt2ct5cyGKQSEbQB93AJOOBweMHgFee3Xjl54vRdPR72vo0trtJr7yG3FyfLpr1vta6s+++yWi3vZ+46Tczf2lo7kELHNZlVchVfbNEdrEDofbO3BwcEBf6gvA+uW9j4B8JW81+1tDd+D9JuTD5RePzRbRlUJAK7WYAKSQT8uecgfyyaJOHvNHSSXfiazYDbuLATRlh6t3xycnjJ6H+o74Xvpt/8O/DNl5aXUs3hrQzHJKI2lgRbaPzFVGKtsXbwFGM4HQiuDM4wdOEpt+7KTtZ6vlvZ2960klHTTVN3PteE6rlUrpJLSLvd3lZNtXTur7bpa8zTuj568e+P9Lh17VIdUsdDtnilssT38Gy4njcDYwYqCUK4HUAdcHFepwv8OdSufC2oXEtqZpLa3khis7q2WJpFCkKkCPuwWwclfm5OOmfDPjn8Lz4r1/Vbm116G4juJLKCO1D28V3btArBh+8kRgqgZwMEEEAEnFcD4Y+CGjabq+i6heeJtQh1LTblGS38+MxTKgZgABO2ACMYAORnjdkV4bpKrTdqs9lJxVor3ZL7TTWq7LU+tlVq0cT/DjNVIqPPKask53WqTjqktk72b6s/RTX/iR4YPhFtGuYvszfb/NivJYkSKAxIQBceWP3wRQ2GdmA6LjOa+WYrj4KXNrrEmueLbS+a5mmltnisi0tlcv0EQ27QCxPcbcAjGMVs69ax6r4eubG/uBp6XUjww3byEqw3KpZXBKglQCMEc8nBOB4Iv7P96Lqa08PazHdQ3s255b2VIrdWO4kLtdsDJLbvvgkHPOBGGowglO7Vr8klvJuy95WXM7PVu/R3uVjasmoKPLJc0U+Z+8nomuRtOVnzXuvNdD3bwUfDvgjWfD15pt19t0K4u7C4a6dwblo1u4XJVASqFlwVHBwPmAwa/p7t/20dJ0bw/oNpovhSbULVfD+lpb3VzL5ZkT7HGkjMEOMKQcdQM8DHFfyhT+FbnwBe6Bo97NBdSW6W6TLDO9xC7NNGQ6MSVAGeAO/HOCK/dLSLCK58JeE5VQlX8MWLABgApaFSd2TnGD3GMDbwRg+Jj8sw+MqRWIcql+ZKLdtLxeut3otNt73NUoYijTVWmrUWnGHM1FNqP8AK1e+i18tz1LXPjHZavc6hLa6Bf2k9xqD6ob+01K4hLzOCRGUQlTEpbkDkjg9RT9F/ac+LHh+BodPv0kgR3eOPUA13IqAArEryZIXjgkg+uT08+tdKWNIVjgLbhtbdIp3f7PBA+nfPX7pzK2kKZJW8tU4JG6YY5OCNuRjoRzwfY8DgfDWXOFlQTabtzJysrq1rp22s1ey87q3rU8ZKrD2NWlTqU4RSSlBSaS5VaKcW2klZNd3otD1Zv2z/i+9vNDImkzLKhikVrZVJWQkMM4yoC8A5zkcn1j8MftUavosckeoeDrG9VnYNPEGjl2SsWlU4Uhg2SMNwNwI28EeOXHh8PdRvmCNmdCoLjaxGWLFcccnb1LfN0xk0+fQXlknCTxlFXDbAAcnpyMkEd/y7gV5tbhrAzemHUeVNKSvdJ7tX0V76rTV9nZduEr0KNKdOnRpUo1nF1I04qN+VpJyaa1tbR/er2XXeNfEmhfFPxU/ia3mj0S6ubOC0i068jBSFl+UMspUHdu5yy8nI+uR4m0B7DwPqlqJ0mlMgmjmhdWVzCNxKlMsAfu84z6YzWA3hvECFgjM7Dc4zuDAjDZABB+XHXPXOcA1ftdJvLRU+z3LSQb2j8i4dpI/n5yUYHqOjbc8kk9RU0sm9ioU6c3ypr3HaVlHl17p6pLVNdOh6Cx6UIxS5IwSUUkrpKMbJNt972+S11fyT+0Fp04/Zu1BIrgwS/2tZSyxAOqndOAzyZ5weh3D8c18IfDzRzf2bxJOhnMjp8rsqsCp5LDIJzjG4jjoM8t+qP7TmnRS/AvxbaCNY5pLjT0ZY41Ea7ZVJ2E4284GByfU9D+angfw1Joem7Q+JJEMu/zcOjMpAHyg9Qc5zjIyeoI9nA0fYucFV5Xzap2t9lWXa9r8ydl2aZxYmo6rjK3NBXvJvZ3jZ7O7erulZap2advm/wCOnwr1FNZttQmv7WES2LIIRc+X1bAwN6nBBwSM4yw5615PoHh+78NgvmK6aTTZ1d0IdVQEsDuJJJ9cdcDI6CvS/wBoXwn4z1bXNPniF5Pp6WjLHMZ3VUZ2JIChsY64HAwRjgc8HoGi6neWek6alxJbNHZ38c8szNsk2KxCMz4XPTBz3BIzivp8PGXsabU4tackXbmveDv0W32tN312+VxMYRr1uWnJOzd5NP3rxd9WrczX430dz6G/ZwYzaBcMzB2F+7lWypRtzZGAcEngkAYYYzwOfqqaYtGxwqx5UZwSvTn5cAc+vc4OeTn5e/ZxtJINGuLUgmWK8cyktlnw7AkgcnJ4yM9c8DOfqq6aGOMmXcqCRQ7BSwXO3kDGTjGO2BxgDgeVj7OtLS7Td1G/xKKeumzb7/d09TK21hYJzVnpdXvda212ttu7LWzsZhlWeaIwxFW2kOWG0bQMEKFwCSc5H4g8DHxn4h+FkvinW/FWoXMy6fp9mLu4tt00Szz3G5g0ZikdTtY5AwMjkEZBx9l29wby42QBzHbbzHIilRJtHRmPLDPAwT1B9x8P/FHwx4r1nW9U1DRjqF0bZrk3drZh0jgTeRmUAhWA2hjxxjOM5rrymUuealaKt/y8Wis1t8KvzJbN8z8jlziMYqLs5NNaLdu0Lp/i9Frq7WueL+HPh7e3XibS9LnuUs7B5pJC0lwjO+0sSSpcKC3RQMYyRnFfR138AIbHTIL0TWlpFPPI0Yup40diQ371XRmOCT0yGyeB0NfH+leF/G2p+ILKwt5bxb97krDLLctGsWBtfa6MSpGAc54I6McivqSLwp480jSbSw1O/bVCszbRJfPcbBhsYUthcMT0/XjPuYjmSUo1VFqC1cXa6ce10lfV2aeyd1qeFhWpRqc1KVru6lGWj93eStZt3atLV/M7jwl8ItU8GahofiG71GwksC8zhoboXU7BsgP5W5yFHRV29TkgqTX0xbfBK38Z6hH4ng12207S4dIzK7XMYv8A7ZMrbPLtpHVfIYjDEAEErjJFfKnw/wBE8e2/iPSl8SR3E2g/vvJeNtturyfLCrMrMDwwyMA7ckleo978UfDDxuYZrjTbyV7RkjaKCC+miZ5QN0aeWpCGPHBHqp75Fcqko1Ie0dOa5bPmVoqTUX7zV3aSu01ra2prUp81GUYTq0tU1ZNu7UbrVtptrdLZWumfK/xH8ES6frC2Ed9Hf6xYahL5itLhWi3kxDCkoCRjJBLEE7cjk+sfCWy16Z49MvJ7eK2nknNxGZiHjwhCjzSdwVmK89QQR0Ga8S8R6z4t8OXck9zbWFxq1tqTx3MU6m4ljjibaGlbBZjgH5ifXg17T8F9fuvF09zIlqEvLu4aJZEjKRwNGh3qFKjcrHlNuf7oAFViIydKVnTak1LljonFOPKndpy0Vn2u31Kw6Sq2vUU7KL0spcqb11T5pWV46pNvVWR3Vx8LPG93ruh3X9oaZd22nTPPGgdhsszKr7ZGGRLKF6Zwoww+VhXtXxi+HGufEG88KXGg3cVjb6SkX26U3c0EfmOITlETKvgq3Lf3sngGvJrnUPjPDr+k/wBkaXMujx7tPuU+zRszIsoRrndneFKlm55O08kba97+IekeLruHw9aaDqL6bDDPpz3twqYEyNhnjZUYk7D5gbHQEEHmvOrtxq4ZWim6eiSi9XCNk73avbrptfXQ2oumqVSKqTV5LWSvLSMdFbW99L3v8nY8Q/aYtbS8g8DW01xEk9hbPZb4pGVnZYkjMwYkmVQ2Tnk5OeDzWV4X+EvjfT7SxudB8c3FpbNY7/sqrlUllVTlTyA2DjOc84ByRXf/ALQfhY6rbeEbjTfs8+paZFNHIZB5UDKFBaRUB+YkjcWOSSckZ4rPs9W+KkPhfRE8OabpRvm3/a1kbC+XGoG5VZQc4QZXJ78c4puE/Zxsoq+6bSTV4p6Lfomulm3ptdJRi3Kc3OM46NXT91w2u9WtpK+u6Vy/4W8PeNdF17Rr/WvGF/d29vcyNqUMqDy5jtbyVUrliGOAwOQc/hX5GfFe7tbz49/EO6mOCuvXvmvgIiAICiyEn5d3OPm656YGf1V8LJ8bL7xBYnxOdITQBNLcX8cShZ1KjEUSSEBtxJJUjg8HJHB/A79pnxDrNh+0L8TbTSr2S2tx4glleJjuJBQfeOMYxjj7pYnI5Oe7J6FSpiJxclL92rcunWKTur31W6S8l28XO8XRwdChWSny+0je9m9LNvS13prv5t6n0N41a3ubOzeKWJiulSmQwqGYDaRyecYyoJPVhwSMZ4Dw9b29v57RK7yTWsbo7jcEw+GkB6ArxwACQCQwxz8uXHxH8WRb0N+7RG2EKqsQ2hSCoA3Hcvvgt65xkVkW/jzxlbs8f9qzRwyIoIVEyM8YB3YAPcY5GR/dz9Rh8vqwqKTcd1fr/Kr20s9teit5M+axmd4TERh8V0vieyVknd9FfunvfTZfrD8LF+1+GbVJbkujSzHIHylw7EcZUjHAJIDDJ/4F6XcRt5Eskkj7YkkQLhCGBUjGQc5789cdT1P4y6Z8QPH9q629v4s1Cxhy8qIlyVG5vmJ2ZG0k9RnGT0BzjpJfHPxQjQeb4z1OSOfD4F1K4AYnrgEEspGc++TjgfWRxaWFVHkk+WCjdO7dkt38TSe19fXQ+CrZe6mJliVUXLOpKTWt7Xja6fZWtpprrd6/oxNKsvwx1uKKMnN/qIbdyFKhgTxnpjg9CfUkV+Vnj6GKfXVhKOIBH+8ZG256qeDgDJwDkYzyRX3D8OtZ1ZPhzqttrd+bspHcSpL5m4FpoS3zAc7skFucjgHAwK+C/iLeGXXQEAjLQkA7iob5s5xnB9eAeBkgkDHyns5fW6iaSu2npfT3Wneytu1a6ve92fa0KsaeChdXVkoq2v2dNdbX2vrola57R+z3ZPY+PLe5EZaOKwumUuxc7nhk2LjnqpIIHUdMCudvxNe+LNWaKKEwjVL4SvvEZYvMQAuWXpnGe3rgGk/Z4uGk8cwRSXEvyWN4NgY8EQv1b5c5UjjPONuN2RXnuuvL/wAJFr3lyTp/xNL3mOVlAPmsoJAOctx/dx3ArWFFKtbyi+ltLa21tZKz077lVK9OVGm4tJc70slb4VdLVvW3RWtax93+E/KtPh14nieKKB5dNlhcB1cbRA53HBPL5znOSCQ3Oc/IvgKyhn1+GS7miitILmMmQsFbYX27lJIzycnPoc+h9S+Da3N74T8cLcTXMzppUoUXEhK8QtztYHGACBjgc7Twa+cBefYpVsJY382VXCOjFQB5h+7g/lnHB49raVpKOtrNbdY6rRJXd+idvTQwUuWdOT1i2rb2VuXR2S1btqt9Fd7H6baZZQ23w8+IDWl9a3ET6PcCJBJG7LG8TEuxDEjgdMfwjpivijwL430bQYI1uL9UmgkKxFYuCVdmYZwDg4wDyQM4r1/4cTSN8MPiF9nil3xaAfMknlYkAxjPlnHzDAZhzwCQCOjfHukKbrYZFUiHcUwCMncSQf4iD0GeT8p56mMPGbvFKSVkldrT7TXRq0kku1nbsXiWm4PlaclfbVp2k1G6T0s7KzVklu1b7x1TV7HxX8F/Huq6dJHdRKIBLIw8tg64O1QcY68g44OSK8S+C503SriKe+u47U3MsTpKk6DywVY4bDAjIIxnjJ6g9er0yZ7f9nXxo8Ft5Ymu4Q5V9oQZGQQMA54yMnjoORn4lhluIZAzG5VJA7KqyyYAAO0jDYAb7w45OQwzjO8INykk7NtXdm91HW619b/5tYVJxp+zk03eNtXtdq76Jab263V0fdX7SN7Hf+EvC01szXFomqyol0JRJ5zFwcKVYgnPBxz06YGOk+HotRoulrcCKNhZhhIZ1VlBQhVLEgh84bBO7JwOuT4t4znkm+AfgiZ4ZA8epzfvmYscsw5JOSc449+mSDj55ttX1sSpCdT1EQSkLHHFcSeWoXnOMgjjBAPBK4BOCDcKalJe9dRau7S2TjpbR+7pZvXXfTWVLllK1n7RRau20neOj67vddLdFr9Y/tIMp8J+AFVQypfaqQRJvBEjIVYsCwG7rkHnueCD4R4QlvlRokvZwxbayGdhFsVlKjOeo6DIwTnntXsnxZsfK+DnwzYzSGeR7ljLKQzkvjcWdhwP1zk18rW73dtcKEuZVSaQA7C3dhjJB4GSeTgdfU060JKaUXfl5XpZr7Onu6W2XR7/ADVKq6alGaa5m10SSdraN3VrfL0av9mftA3Vrpuk/Bu8vlZo7bSpHn2MXlfZtJZjyeTjB5A5HPfi4fifo2oQ29kn2hIjLblX2AeUvmqOWXkknOSOPlIz2F/4/v53gf4PxiLzGXSHSaYOS0gIGfnI7gkDOeOPQnwDSJ4Y5IIWC/up4QAAuUAlU5JGCwGATngAjnHR2jUjJylZKN9L6NWXLstbOyS/KzKpVfZz5bfZT1ja+ur08n0/4J9FftcJA2s+AdStl81m8NWiKvzZIjjWRGPGSSTxwADjrxnjfhf8Tbx9f0TR00i1ijmvrC3mmkmIdU81QWAPqOSoGPU8Gur/AGnvtEE/gKXzkl8zw3blEAX5IjCo2kAZGe3TGDwAAT85+ELxoPFehSmM+adUswSWJIXevXA28fiMnHOc1jTpxcE2m3F2s/la1m4p9Vazt6HU6zjUmrpRaad7q7slf5q3bS91sfQH7Tf2YfFe4vBCqxpbWGCuGErxpGXwRn7vHcjk/wAJr6P+C+u6H/Y1hcS3NqZVVCokmhjMDOQFRwW7kdccducV8d/tDXlxP41j3OymWONid5wo+zoApJHHQ5HuOxOPMPDMlzDrFjGLq7WBrm0BEc0ioQJlJDYwDuxkAjPTjjkxNF1o3b5HFqWtt7Llvd3StfVd7pozwldUZ1YRXNz6dFq7Po9rryfd63Poz9pO8tZ/ixrhCb1uINOTK4IETJFukVuw64boASRkjn9L/wBlW18L6RpXhmCzvo0ux5RW2N3G08iTRAs+A5KoJCcqeAvOOlflF8efMPji7cFzJJoemKrKThVW1j+Zm6hmGCOME98jNegfs2SatB438HztcX/kxSykE3MmyT5MeT5bHAjz29eg4bPFPAyxVN1HNxdNKVlrdx011T1SXfzO7CYyOGlOm4tuo0lPRtXd7Pbe6fn17lL4+aRp2pftE+LoL4LLA3iVHmkEgUGNSS6KxPII6hjyeuc4r6G8JWvg1vF/hgaIkNrcafJ5VwqOgVVa3KRlwh2s/Odx6sOSMV8gfGueW7+MviOaWKaLdr4IVXZWPI+8SRyeMnGcducV13wt1oR/EyW0EZX5Idm52YB02liSRgscY54AGehp4GhPli07pLlSacfe5Y8qX3Lp02d1YxmKhFKPLabacul2knd6adlfv12PFPjpc3Gn/FbxesFxKFTVdwaNmBDAMd2VAIxjjHc9dvI+iP2OvEF3J4v1JL++e5jPhvV3VZpGYKzW8g2orZGBjr1BUZK8GvAvirPb3HxI8WySwF2mvlVzjJTKkZBY4HLDJ64OegzXqH7N7rZ+KtTFvDk/8I9qiJIXwG3W8pwTknG7jhQR90jJOPUhFQhC0ItpqL015lay0V9l0trr0ZwKpzptS92TXu30fwJJ6duz3tbfXzODRItX8U6yrFVSXVb5/MDbCF+0OdsYZgMsBtGC27POOcfenw/0vQor/wACw2KmO+isrxWgnZH/AHS2sm8/ePzMw6gjtjOQK/OW81K7XVL9YSFkjv7t96OVZcTMCMjrnPHHy/QCvo/9mbX7zUfiNplpeyXNy0em6rIvmyMyxlLabG0nOMEfd2j7v3s8DglQrSrKfM1bZa7pp62XTotbdNmbutSdJ0o/FforrTlbV73011fozwL4rpqh8ZajJPbqlvHqd8tuR8wESXBBwOcg/TjdwTX2r+z1rdvN8JvikHCwLF4XlBWQE7cRheDjdtbdnnuATxXxP8Qb651HxFrUG5B5Gq3wwZCWT/SCAM4wM4PqDg85GD9JfAaGVvht8Ydk3mCDws5aPeQVICDgDqeDxyenIBxWlOhBuSqptatXtZ2cUttdWlor+em/NUq1I87g21Jxvqny8vLfazVrXtq9Utzg/wBnGbQ0+KWmy69apeWkazSDdtjQsZG8pS7FSdp2kEkjOCRyK/TH42y6Hq3wt8VDS7Uym18KzGeMzlkiK7fLDAFsBQAAhxwAeBxX4o6fqt/aXUN1bJKtxCIyXgZkKxLJ3PBVjzk84yRg/dH3n4J8Q6hqPwv+JtxeG9ZrnwodiySu+GAQBzk8jIOcjoO+CK5HgFVnKtF8qpw1Sum9Va90k7y73dtfM9GGNisOqKm1Kdm7KzfwXTdmviunvvbZNLw34G+HtF8ReMtKs9ZtBK1vbS3GWkWFC53GNQxP3VUDIJyQCCoBAP6L6xbeF7LwX4pijtIDNH4ZnjklDL5Sou1VPynb5iAAY53fKfSvy5+GWmagb0avaXjmWFY4kQTlHJOc45GExkA5OevQ8fWq6nev4O8eQ3Ucm2PwvczQh5nkYTgKVJI4wCGBB46Z7GtadDkpTq2blFq0bXTT5fNpptW172shqs6jUXJtqKVnf4bRs9Lq91b1bd7M5P4RXtnpXxf8K3NrCVTzoWVmIGcZyCxKjaQAMjAGcZ5r7a/apW31f4XeItVhaOfENu0xJT9wWY4GBnnJ555yeuTX4+ab4t106hbm3uxFdW8aLbyxExyw7T95JB82AvdSAcnBwePr7RPEup638B/iO2r391dzebbRhruZplBQhd0YbOWOeOBjuB0rWrKVS078qWqiu+i3bto01azTWxzRqRgpQd+aUpX6NO0Ve7vZJLZ73T1OT/Z48PQ3r61qtycGFI4IRFIilty9SGwdgHGMkEEcBgC30ho2pWsfwr+MdpGAdkUMfmtKGKsr4JAGSD3G04BGck4x8PfDC8vbVtRS3uJ/K+zxuI4ZjGXbaAN4X/gW7g5z1Ga970+FYfhl8UZkupfOeGwkaLzGyMzfMXJPzEHJyeo965qkJyo3aSV4vZPS6vda+89H6XS2saUZc0rXS913u72a5U9dntp5226cX4Pjt31rw/cCIzA32nxszMp2yiRGO0HsMenPCjnk/Y37dekWmvr8K9PkgYRrpcbJKhCeWTaqp3FgCWwcEHOTnpnJ/P7wBe6iniPQYhKUje8sniQAuN3mqGZjjrxzx0GCeDX2l+3jqktpF8MRBd4ddLjMwZ2UeYbVcFduMAknHJyRnH8J4KtOKdGVSF173MmraqzcV1s9PNadEz1KDksNX5Z2uorlt2au73utWreWjv0+I9T+Hujx6eJIxeQagkyRpuw4MecblHIOeCpyccAcEV0Unh6Lw94MnNpPdxJe3KRNI0nySeYoSaMAsMFjlCe2eMkYry288Tay8amfUQ6pKHG1zlQABt+XO/IyMk474xkViaz4n1W602LT5NVd7VJ/tKQB2xGx5yfl67s8nA4x3xSrU6DUXTpRVmm7q1rNWu02+bpdK1uj1vjSnUs/aSbbs3pa9rWe6fu97e8n01OovfA+mJNAtp50ZnjCncysFLjLnJJHPJAByTznOMZw8PW+hWtyGVmUtkybwBt3Hg8jDd8AnjrxzXCy6vqxjB/tWUuCNgEr5GVAw2MHIXgcDuPug4o3OoX8sRhmvJpFbbucyOV3FsdDjkYGQ2eDnsRWElBRS5Ula99tGopq26d7PVWtpomaJzTUnta17XsrpNW6P1stdDo9GubWK51VGiJSa3kSEg4BYuRuIBGV9CRjIIHHFSgRPAyonKojEkqXchdpwB/CBzyGHrkDbXEQo7TKBOp2gpncfmyN2QNuMH6dxjNXjezxo8mY8xoYyQctg4DccA569eAQo+Yc80qcWrqyd0ktL301Ttfo9W2urWjv0wakuVRv015Nlyt2cU1oum130NHTyG1O3/dFkW6gKjGfmEy8j1x168YNfYXxfM8o8HPFC7umhWwVYonkJxCgIbAIBfGQeOehHNfF2i3kg1G1ZiWbzVKDkAESBsEEAjIHTk8gdlNfqf4U0e31rTfD95fJuuG06ARGWNWhVVRTyX4wQcgYHoeSFpc0KXLN2drJ/hu9G7NpJfncyjSdWNSnGC0cWk0ktWtNt1fTrZnwdrGn6lfeUU0q8jaNM+YYJQeO33QBuyACCCPm9TndsbnVtM0l7KPTbpBJAysZYpBhpCBkfKSSO3HAznDCv0ml8Dy+TuitrJhKBt2xI3BUY3ZRiMD1OM++ScGfwBI4bz7NCwGM/Z1Me4jkYAGV6cHacZ7YrSNbBVGnKrBNPV6K1mvNa7t9fxFLB46jFKNJ6uytt9nZpLRrVWet9bbv4E8HeI7/AMP3VzFLbTNauu95Ficup2EcEqCSAck98sATzXoWofE5TpqadcW8r2cFrN5INsQWeU7hG52jkEYyeoB+tfUKfDa0d322aCZvlINuFVj0Py7fuggcHkHbk1Su/hXbCLbcWkDoyHIFure2MBSMZ3D8+K6Kaws4W9tFbW1WtnG6d5e70vfy1exzRpY6M+ZRq6Wuve5Wk4vXXbq9HtrofD1l8Q9R0q7vbmwC2yahZmJ1wy42cKDgcHgZODnGepyPOvFfi7VdV1rRr4oZJLYrvnIcsZFcZKkgbVUBiMew4GRX3xN8M9FOyI6bbySNkBGtggCknvtySBgnPPXPaoj8K9JGAdDtGIG35YskAE5xlcc9vTqBzz5M8ny+piJYmp7J1JxcJT0blFqK1d9F+jO+lj8yhTUIwmoRVrq76pvS/fV9Vd67HzPp3xRv4xLHb3kvy+WWMwYYIRcsMduvHUgYUZyTyx1iLUPE1zql7cmQvKhSYswGR0yoxtTJOcE4xnoDX2RF8JdHJcJoVvtbmQNGqjJ/iGCWPXO4DJY5+8KfH8INIL4Gi22GdWHygN1zgEE428gjoe/HFc0ckyvDycqapRctHK2q1i38L6vpuzSOYZlWaVRVGlaScuZpbWaVt12Xz2Pli7vItStrqOMgNG4Cl5MlYixBVFyPf+uc4rkX0+5E9yFltI1dY8cqSyHGSR7AZOQuCAep4+5E+EeiwsyR6XB5kgIMeG+8fmOCMZAxjOTnHYYIY3wa0eVyV0WIyDaWVi4BzyMcEkHGcE5B4Hy8HSFPD0pqHtbR02aSt0fe/K0tbJ9TqqVq04qbhLm00s03qrvbe7u3b8Fr8QQWsNtIWnaJkimgkVYnBYsrZJ4PPIBGT6EYJ59y1jXrDV/DE9k0VuZPLgNqXcBnVVAbaOgPXIOGKnnnke3N8FNDk3JLpCKzN1Ungj+LIwSDk4xnjt0NTx/BrQpAoFhJ5dsuwgNypJwSMFs54OD0OQK5sThKdScKnt9abutW3v3ta1nord7vdG1CtUj7vI/eSurXtunq1o0m23p69H8s+C/sWl6hc3crpGqQER/KWjD4wQW5AOT1yQVzjGBW1rN1aX+v/aUjVInsgDKAm13KH5ucbSecDsBjkZr6Ll+C+gxrhLW5RXfcUVyFAY8+vH8XBzz6jAoXfwW0WQSbIbtWIQKDKcDIxtABJBBzwST3yOtclXCQnV9r7eDk0lZO27T9LpaX+R10cQ4p0vZySUuZLV3as7W0WrW91ba1tD5wsLWFLQMIRJN9tDbcDcytlgAOCVI4zkZBHI5z+o/7P2tronwIvkmsCyTjUdrqOYnaBwWJ4A46k8noDzz8ZS/CKy08PMguhIChiVmYxqwHAyOckDGeuBj3Prvwwk8Yv4T8aaPZbZdA0G2d5kluvKZZblWWQEORlVVhkEHgcEYrnr0Y0oybqKaaS0bVtVq1fW6WtvNvSx35bUXt42g4tNJKS0dnHVru1v6X30J/AF3PqHiPUBDsjZbC4kwsZmZ18xmAcrkkYwDkZ4J5AYVzXx91Qy6x4NE8cl0Y7FTIEj2mNElUFfmXgfKMnt1ycYHrfwb1Wy8FzXF/q9la5vtJlt4lWWGaR/MYkvknIOCQccYGeDmsXx7YaV4y1mC/S6EK2FubaKHMRysrZJ4YD5T15JA5GeteXGvh4ypRe2qnK3fld9Wm9L93prqm19XicO61Cd52qPlSTa93+G11s1o+mnS2503wi/aB+MvgbR28N/DrxpqXhjRSJZ4LOEPttjJCySvaSEgxPJuOSm0HOeuRXnniPw+140WoapZLqWua/dXuoXmpzuZrm5vJi7S3MrsSzSlyzE5OWw316bRLX+zXgt7ee3lW0tjCoKxodrcEllPzMwAyc5PTBUcdDe2q6hFpkTT+W1mJArwAEZm3EjPXcCecjcB+FezSx+Swp2dGMZtqMpRhFX1g30e65tdr20e7+ZeVYilUlUpqKcnHVJN/Y0dr9LpPo420PKPBGhf2WIrwJIzpdsIzHK4mh2AiXYwYbRj8AcHPGa6LxDozw6/pmtxCdrR9RtGiRZyZfPV1Jk3E7iVJP3jyeWyMg9JZaFHpkbQ/bV3mWRlUR7uXDEHqT3Uj/vrBxkOfTryZ4IEvYpFtWE0QePhXL54yOSBxyox1Hc1nbhrENyqU6alJWnLkSnd8t1Kyu0lzNpvpd3OpvO6cIpVK0o7xjzu0Zcto2V+jv/d0Tv1PctW1mfVbW501p7q5vNTt1srmPzCwjtWhG4AhivJGOh7Hr0+XtA+FegW02rTTabPJJDqYgUsxKpGWO9kXJAdjgk4UgnqScj2XTry4tbhSJ7eWZnWTzn3qUOApG4g5GCSFwMcg7vvVd0+CSzuL9vt1vN/aDyOQW+VJJGDbxkEAggckhs9xk5+gy+nwbgKdGnR+rxhGV5e5Fa2Wr3bvfXf1tY8Go+JK05zqTrynOXKpXfdee70va17O1j418X6Jqmk6jqlho4uUsvtgJR8uZEcFip3ZOzAxjoc/lkx6fqcF0q2kCgmKCSRQmwRSL/EDg8L1UjPy55xwfr/VfAqXs887ajAHuJF3OGD49MZGMEnAPGDkZPQRy/CtZVBOp2sbkxlWG1d/X5T9SB05LHJG3ivnM0p5HVxdSVOrTUJNuKVopKSVlfbyS08utvao184jh6UZxqOpBRb5rvbvdu2utr212vtlfBX42a18GYdfj07RLTV73UZYLhbi7dl8mZeAMYy6jPKchiCxGM1xXizxTe+KPF9744ure1j1q81CHVHxlYY5FwfJRdqjy1wAVHDDPrz6Vd/CtpHDRX1q06BSFXgHaOT/AA/MWznGfXGNoMFz8N9ScrG0tgfuknIXeFGQPqPpngdiTXwlThrhqnjMTj4U6X1jELlq1b3c43Xu3Tdr6Oye9ktWfWU+IM7qYahhZp+yotSV4pJe8vtJXuve3b0d73Z55F4q1Wz8WjxwsFo2tiSC5DjiMhFVDEFxgBl5J7c4HJzW/tW7k8ZN4reO3OqT341cRg/uhMSGKhSCACRyc846n7x9Lm+GmoOjIv2EExgKwYZUg8YJHU45wMcfKcircPwyv4pYHxZuVgEQCtkcfxYYDB5JPTpnNc88nyqLc4qnzSpKi7vV0n9hpaWXNf8AJbHQs0x9RKN5pKftGlG653JJy0T3vzX7J63u15R8Qdc1bx1ro1/VLe3N2beC3KQDKrGvyFcDgHAOSR3+XtnrPDkwsLCIRxoLYygPFtGTJtwRwcZyPYAnnFdRJ8Pb4ygf6MigEttYAtnK/gD1z04Izk09fBmoWVstmiwuzsZPM8wBlA5BxwepGPl4x16Cs6WDwlCkqFGcKVKnGCjBaJJWVktNHfXTdXfVNPFYqrN1qilOo9XJ81+ZW966W7tZ39banm13drBqb3lvGYGgcukiZVopg5KuhBGCDhgD3wTXS3fiS+1FBPqEsuoXMjRKtxMFd/lACoCckLjgYPBGB1OdOPwPcGGWO4iuPmkZsxKXXJOWOTznpn1U9GFWP+EMSJI7eN7iM7w43Qt0xjGQCONpCkemeM5Hm1sFhqlVVXGjKUNIyfKpNXWnp5dWtNEdtPH1Y0/Z81S073SV3e6vo/hulo9Xpv0OL/te5vILmwuJmkt45gQWCnyhncFTI+UDgY6dORjNelaXqNta+A9S0qDSYme51K3mjvcAOdmDtOOTjHPXHXGK5+PwKsP2hvteDNMGZXgdiQGyBkqMNnoCCOeOcV1UHh1hY/ZRfFUR0kSMKyLuA6g4BB+nTOCDxXHXy6lUp8suV8slNWei5WuVN3a0urP+a2ulzop42pCV481mlFp3vyp21b062Wi1RsfDEQ3HibS2uDFHJ/akO/cdoCIygMhPAbAJPJU7Semc/sX8I9V8OW/g/XJrrXLWC+OrQpAmUQP5bDaAG2nJ6ELgAEE8cH8gtD8My2WpWF4t2jMtzHIFWU7i4wRk8HI6gDJHJ7mvqbQmvZNCunleNZV1CIxOGwQQwJYquQSDz6nHTse/L5Twk1OKTdkmm9rqOvTla09X1toedmMYYmnyS50k+aXKtZNK9t3q21tu9HZHUf8ABQKzurqbwJNpcf28mFml+yZmZTKOGZY1YL8xPIJBBySQDn4V8XKsPgvT1aIQzR3cccqNjcjKiA7gW3DBB4PY9CcCvuz4i3l3Lpti9xOJ54bW3ETsPN2qCpIUMTggDGcH13DAx8E/E3WnvLVrKOw8gR6m7SzNhQ8jKM4UMPmx83AHHUgYB8jPMM6rxGJaX7zlbitU/hu7K+1nfyva57GUVIRw9GhreCsru9no0lbre2vXzbMfwGDdXOquoIW3sJZSoCgkBiQScjrxj1Ofmxiv3C+BtxLP8M/CSRWpud2mRgBUDFNoUkgg5wApPPPHJzjH4M+FtUuYZb9beTyzJp80cpTJVlXJySCA2VUAdvQ84r9wv2StcnvPhp4eumdfMis0iXeoERCOuMjkE8nJAOTuyCeRzcGUufMsTStvSjdyelrxd03ZOPTo+t7i4jnKGFpVErxjVV0/d5m4xSera9Vs76NI9ZvFbF/LM19bBWVlSOFkQ4JOAFJz14JPIHBAJri769kuUaOO5ubWKGNlEjwuXfPXopYFsHggYAyRnBr6Fn8YTC7ezl/sIzXKMI0u4Iisaqm3lWXlyRkA57dMZXktZ8b3EPhuXTYNG0m61dJJJlks9MjlZ4EZiQzQqzgEEnlRz8wwDg/RZzgVFpSfMlzXi3faasrLW9nzf4VfS1zz8Bi6qppqk7NrmlGcUrJp3d2nqnfluntbqeQwRxh9OZdRkuJnUo0KxeW+M9Du25yRk5xx1GAWr6l8PXM8/gKfTJrVHihjkzmFV3Dco3Ccjbvzj5FJY4AAPSvkl59Sv9Ttb+7s/sruA8kYVoRHkcFYyoK9snbg8nA7fXeleJLs/Duz8MQWVm9hJc/aLi+PyXitjc8YlYBm289D1HYHFcuURhCVe/w+zslZNydorltbS9tb2ta++2mcVq01hlTjGUnWgmpTa920eaSTvdu212nZa2MnwDHHAmqxWqmKL7bllJGRyRwe4GfvdsAA85Pfa42NIu1Izm3yCSoO4A8n7p+Xg5+g5I54HwA4ZdXcqFAvSoUnIwnA54zwp4z1PII5rsvEDgaVejOSbdxgk8YB4H0OR69uSRX1GEbeXVHGO1Ooou29uq10vdaq6vqeBiZNY6Ot2pxje70XNFetnay89Xsz5Q8QyCK92xAu4dshpAEOc/MT7g8dO/piuq+ClwW1XXEaNQY2V1xkKTzkHIOfUcEnHNef+ILmU3L/AOjw5Q7gxYA7ASMkEjJPXgls56EV1vwNnluNb14kjCiP5VXKAAZxwM9ugwo5HBGa+DoLmx0OVu3NNLstYt6bLTz6O9un104KWDm+XVQi7Xb0l7NN7WuuVK2n2uyNf48TF73SmkJVRAxKqeAQBj0Oc8Efgc9vJtLv2TRXYbGI3qik5LHpuGBz1OVLEkgY4Oa9I/aIEiSafcLuI2OoXJ2rswNxUc44wM4GMdD18g0K9S30WK5dAxDNkKpYs24BiQQVAAx0GeCM8ivieNnNV0rO7qRvqtVyxt6Jfjvu7n0GTwX1Ck7X03d7JqSs2n/Klb7tGew+B53ls/PlRTGsgAjVCrEkHJIPUAY56dz2xx3iDStTutU1K6S9hhhMzeWj3hVVJC5V1yAR1wG+6eCT1HSeCLhrm1ecMdiyM3lEFDx0BRRjCjAPcqOuDxyXinw+Y9Sv55NY09BdbZVgMzb4QzfdcA4DHOFBC9eBxzyVv+RThFaSdo3Tcvest7uzab06NLW6Tub4GS+u14XSaaV7XTast7bP4Wns910I9YmuNNOmQQ2cWpP/AGfE0rSrHIq/MSQjF8kEHGc/KcnmvSdKhv7nQoBHFCsL2kssqLsUIpyRGjAhlYDsAegGRk14r4ohufM0qO2vYXYaYiZjm2LwwBckEhicckE7sgk5r0nQNH1K/wBDgEGo2sL2dlLLc+bcmIOoX7kYJG92C9BgZAAyWrw6EHKs2m46WSu7NXSlFNtOzS8+vc9CqoqjSu+VczSd3HRyiuVW392299jofD0cUqXaeXIiC3YAJIpPUr19+cd+PUczeFpoLfUPEFsWcQpp0uwhs7mYM4JBIztxwNpxznuw57w9K4tNU24EkdsxL7mA64PzbOoPJAzzkjjFQeCN88+rzF0ZvsUys7sx7uAcc9OVJOeAR3Gda79nKhBJJ3baVrWdm436xdk+lurOSUFeva9lyK6d48rcdOj22V12v29j8KWsa6LbziSaR3dyR5gwoyflIViwOecY4zx22/R3h9h/ZNkjKR+6ALEBiMk85xxjOce+e1fJvhRJotKhkaZSpnlARHchdrEcjdgcgDAGem49q+pPDsg/sWz2sM+SSTyQxY4JwOeSSSPwAGDn7Pg/95jKqa5bUGm+qipqzXW7u7226XPj+Il7sLfaq6r5fq0v10OrwI1yXA3ZABGe3zEnPJbPJ7dMZznzLxG6pq86Fv3jQLhUbrgc8ds8DA3AYyW4475WZflkbcAPl+UBc89ye/p25HUYrzHX7lG124UEK6W64KAkFRjJJOMggkAEjjOepz9nndlgpRi3Zyir9u7S07W+9Xtv4eW/7x1soNtWbs24p2bdra2S0WttGrnmumxNFrCyyPFOM3D+U053xKScoUJ+c5+bGOCCfWulkFtJakxLJK0kheSMPtAAYn7oJJUEgY7D3Xni7awnuNXkn0uBGuFadpmuHAj2FiMqC2M4zwMcgkk4rutOtL6O1uZHhsYmt7d2ky255Hc7tsanOSRwcDpwPf8AHJVJKdWHLdc0kpLVWXLs21Zrqm21tvv9pWlCMYSck/cpu1lKz5YptbbdU77aGNcRwsDJK0ltGAuD8oyQCcZyPYH73I5HBzf8NNZOl7JHM+xpJEknYgbSAduFJHXtkYJ6AjphSTPJbq8kayqJsSI/yhAoOFAb5iWGMY455xjm94YW1ubXUQbcwJJLJvkP3V27iBswDtwSCPlOcevKw8WpK8btxd01bm1i923Gyu77PyTCbboycb7xV7Lbmi9XrHdXe3ztpbl0qFQgl1yNY3DPHGWLAgtgZXkA/eA59jmuj0qy021a6e21D7Xc/YWVomAVUBUAgL6EdcY9M7axbqSwZbdZY7FlWHCkOY5HdflGSBjq2Acc+5AFa2lXul7byOHTfLnFlhp45NyMpwMZfAJxjjJ3Hk9K0jSi6ia5XyrTmWqfu3Ufdsult776swqyqctuadvdS92mlo42XNG7XSzd07v50bOFpXnCRlmFq4A8xlAwpJIJAGMjgA9s+lfpP8Jbm3074PaNueYX0ttJHF5chIUktxgEjbhevHJ554r86Elt2tsLd7JPL2LGUK5GCdrN19Mk8Dn5snFfcPwzku08BaJHOYzGYpdoiOVK5IVsnPQZBHTIGOAM/ovA1JRzKq7czeEqJN2aTdSF2n0tbe6ve6XU+G47hHE5fhIyk0qeNhUcbfFZO19+uurbaemlktW4jOyVmyRuYkNyWJBbJJHAIYH+9xn5RxXyL4kmt49T1oOqria4Xase8sS3UHnByQe4OSDwcj7DunBXauTlsvyCOM5ySe+MnJPLE5PWvj/xVciPV9XZJV3R3MqrH5QZm37i2RjBwV7ZBONx4Ne5xrRisJhvf+1JLS+igm7bPbf5LZWfn8Kzcq1ZNO6hTd02lGzhZL5Nadb672WB4daF4QRG2wLOGBBVWO0Ejyzx7EjAxk5weJoJJ5LOOGGxtolNxIwZwAZEVi3AGAxwDk8D6jg0NLl3RJuc7izkgjaOhyCFPAPOewzwcU6zubk2cLRGB0E8saKw2tGgPJIPJKnqflbH8Kmvy6hO6hCWy0slFreN7X1itndarpdJn3Ek7zlHdyg3q3eyV7LV2trs9et9Stqd1CJreOawW6k8hsCZVSGNuR8rNgYAHAI5OccKDVS2ubhZrBf7P0uzaa7GyWd4jL5RGNwIJJK5OM5z05wKdqs0kpSIwpqUrRhwgmEQQqxG08gZwRjPQnpwDWZEl08tsk3hy1WKGZSs0t2rMq85QDex7nvgAHg9uSvJKpG3u83u2iul1dNpu1nZ3T89Fc7Kcf3K1js1rU12T78q1d+3e1tOkGo2q+IrKCOeC+nhZZGAi2rEEkYsBtGMg9B3yfQZh8fXNoNcke6F2zvbxsqxvsQbs4UjI7dOB0PqMMtxBH4isTc2MVpJJtH+iOGYlmwgYDACjGSd3HXuM3PGc0FrqqSXNrDeu9vhMuSwIJ2jIBGAvQc88emfewMan1SpJNKPtYu7WnwpXs7NppPdtO1+uni1LLFUUou6pa+8n8XKmm77pLR37PVaHKX8+lQ29qgguD5hXAEoyG2j7/PHGev0xnmtzUdS8Pz+E7iC2tJYV8+FZ5mjV7l3BwTFLnPXqx2jJDAYrmL7U4bSOP7To1uyNG0wJZmcMx4+bafXoDwe2cCrl94khv8AwpIDpUGn20UsdvI67onlXIbdu2kg89zkjGa48VJ+1mp2fupt8l217rtu4xXeV1pezuj1KVJ8tGXJNWqR3mtdrrfbf1V9ze8Hx21rPO9rbSXUQtIzHBdyqxmG/nAUnGCWwOg6ZOSa5vUJtDuorxtRvNT0u6W8uFS0s1cWyCQnncuQSGPfOQD2zl/gP+xn1S6/s8XRlitY8STyyGFY2OCsTEYJ54Pv1A6VNVGjrb6gHW9SU38hlVXnmYEbkDR5VRtJwc7h3ySACRQTo0nddUtX2grc2mqeyWl7v3r2VLljiKl1NSTopJWslzb6PXXS3S2m50kNrbvpMVnZatqEVu0MTOj70W4c52szE4BIwB06k/Md1aPwnju7TxzaJczRyoBdFB5/nPEihgBhs4PPUfLnkDPTlVOmf2cryPqckC2yY8yXy3DcndtJB2k4wBkADqTg0fB8wxfEW2mg+0eVLHchWnkMjMQWGBknGOgIPU89a9jhZ8ud5erc160bu/NZJr7L103t/lY4c0TeWY+XNr7Obs4KLbfK276X736Oz2uSeOri7PizVY7bT9PnRb2YtNO0avzvwuGGQRkkEDGQM988vpOo6kt1aRQaRpc7RSv/AK3YPl2knDZ+6OSM5+6cA8Eb/jqzluPEmrOmnPOgviWm88RsQWIIVSRwOc9ORz7cdaadcRXtk62EiAXEpZlueFGGwGAYngA9QAAM55FezmnPHH12lJr6zU2SVk5LS9tO6evr2eVRU8HRuo39hCyu037q63utr9dt7n01+zhMZdW1tjbxxSGa4kmRCCodXYExHrgKSD6gZAyQK9P+K8kq6F4puHslRUsR5LqNyMxxksoOACSRz15I6nHkX7NjOuqa9kHzA90YwXJA/fDcD1ycHOOMcde3qvxkMq+FvEEhlUb9NJ8vzDgurDPG7Bx0JxxyoJ4r7LKYcvD0Zy0tKXlf4e/m09N/JHwucN/6yOmldclG95NWVoW6t31v0evm0cT8F5BceGJJWiELmX7qqABt5zgdQRgY+bGe2cV6Bqjs1rqBiCiZbS53BunKPz0z747Y9K8q+CUs3/CKurvvZpQVYEEjr/ETnI5HPOCexwPUNUkT7JfRtIY99nchpFXlR5bEk+uCdxHcAcHpX2+DnfK6LcXrQ3s73cdXs7O6Svffe9zwcTG2a1FzaKvFtO7T9+La8776tt22PijRGL65LuYIXmlQuCyhAXfc3GBnK4HB69c4r1KCGFVCw6kwcyYKeY5AOTgluc4OQCME4GMnAry7To7VNZVIblp0a7cOgUMzfMwGOmCDkbuhx2617NHaWEkKiLT7pcODI4Yg88nhgPVjjAXJx6V8Tl8ZP23LaylJv3m7c1r6ra/yV7+Z9fmE1emnzawVlZWbSi2rvfstldaatHC6/DctfP5V7YFY4yS8ijOTjruwST1JJGF4GcZP0X4xY/8ADH2rGWSOR12sWj+6SGXIUgkDqP7oHuc181eKhoMF+yyWl6hfIbYX3EBWYAuc98c8HI2jB4PvHiy6hk/ZA1hbYtHAPMjjWQHcQHXlslju2r35JPykiniGoYTN+dpP6hXUUm7c0klbVaK73t+tuPGpynk7SbX9oYdttWsumidldJ9Fomr7H5Q+NNWEWk3oUrGbXSbZJWwMkN83Gd3bJxyCc8DofPvhvqKXPxV+GLqGBj8V6XIzFNpOSmGPTr2PG48g9an8daukGi62pKSSXVlZhAQvyJkIVx3wcM3fHA7k8r8H5Wf4sfDos4Jm8TaWAg+6ApVsDvnuRgHv0PP5VSvypq13tZX0XLZWbundNNeer2PvpXVKfMnbld+8XbVrW+i3VttmmXP2idatl/ah8ZXE07CCPxJbGRkxuOFTdyOAccDHuOc15L4k8ReGk8Z6rcT/AGjzmu7V7IAsq8lQzygHLADHOMnkV2X7SNsJ/wBovxvN9xh4lhUDojn5AflPTGeex79xXzh40RB43vIyASbi1GAAMAgbivHQ/X5hz0BNd9OgqnsqlrOKequm5Nx7dt3G9tFZqzTdKfJQjC906UUtr2cY/wDb19Vayuns9NPp238e6Z4Z8IfEaOe4EcWqQ2cEDQnMgknAO8nJZU5C7Rg/pXpXw6+Iuk2nwk0rSXuFuJ0F9e+S6Eq6iJvmZiMMwXBLnk8Y56/FPjuUweGfEEbptWWTTl+8wOAQFPJ5JyMYxgfdwevZ+FryWHwppxRCEj0S7QKQASPKPzdQCOcgnA77Tyo7PqFGo5zkknKrCo21qpRhGKV7tPS93e7ejfU55zqWo04Sbi246LVJWTfR2Vrr19DrPDXjJL34Z+JdIMES2wv9ZmVkyMl5JWA4xwoO3sCM5XA43/g78VY5vh5qPgKKxgQWuuW9/wD2lJK4dY2CoUjT7ud2eeh3fL3z4X4DuWb4ea628IxutSGSuGIKuBzkgE9z1Az1+7WZ8Fp0Eeuwz3AHnXNq6NjLECbBAIGeOOAQTkc+vXisFSr0VOqrqnVjWptaWnBR5bW10Tau779jGnFQlUj8V227/ZSjFJW11T0u0tvm/q34pAv4T01yATFNcgkc4aRGK9Tli3VR3wOMdXfs2kwt4uXySHKWhbzOBwVwcYz94EqM49+mPMvj3f3OmeBru5sLmUtaXVkLdELAhnjTL9TnAxgDk4PUk1m/sZ6zq+rw/EOfUpbm4e1hhkiMgKZVSGYL6qoBHbHPAIJOtGEZYunzNKPLbVrm1Vlo1pZuz9XbdHNVhL6jVlGycal/72tRK6tutb36X0aujivG6G78baurSxRMvieRgpk4+UE7cE46ZDc4JB4xk186/EFYxq15MdSgSNLwcFxlQo5JToQPxwOSuQc+t+LIpX+JerKVbB1ozEs+4bZ0bbnJwFBY4OCPQ9FPzd8RtMml1fVNxXEV05Cq4LEFCcZGGyeMjO4ZGDkik8NGpWqtR5YwbtKNr7rrrpbpru9rnoYaaVKneprKKaXnZaW3S0etns11V/2l0N4LD/glvrCy6hbxrfX80scu4KJc320BW4+bp8vXK5PfP5jaJe2dp8HvHdi17aQ3Go3FgNPWSZfOvZFUBhH8wwADk4OMY6H5q+6/Es66d/wSz0iyaIJLdTl0VyVDyC9UjaO+RkcknB78Gvx31iWWHwN4dmyRcy6nKCd7DOc4Byeigjg8HBz1xXzWQYKU45jPmcFPNJx5Wo3caUo3TvK+qs/TbfXopRh7SWvNeo6ias7fArJ30Wm7v09FvWVjNIyyA2ocTLvYyqxXBwRzknIPOME5/CvaPj/YSXEfw4zNbRIvhhQpZ9m7G0ZHIBAwAcN2zjIBHy7pPnLIN7sGkIZxuJIKsCSFxkHGRk89PmyTXv37QF2s6/DGMncsfhNMh16bsHPGe2ee3I96+4hTnTUHGba5ndWuvs2urPyu+lvQwrOE60FJd27p3Ssk9bb9XbW+x5npMDwMZRd2oAXZgShj83BO1jtC+/c/wgg7foP41SRQ6D8OYrq8t4N/hRmAIOTuwQ6kcHORzyAMjIyAflC38iK4iCopDlVxuJwwIzkAjJ6nkk4wME4r6M/aLmtzpnwqdQrMPByxiPaOANq4BIPIALE55BGSckV20pPlnz3cvTr7r7JLTo7W6to5J8jxFJRaVnJu9rO8Y67a6flr5+HW4tGt4lh1O1Mizb2wxUkKCRuOA3HOOhx0I6V7VfNbp8HLPVppoJYB4jZJIxtkJVTgKoPODkg7STgkAEcH5nH2WKP7OluTNLtKbmIz3bB3MAPm4GSOec9K951hBF+ztYNBCY2PiWRVY84bHOCcc9cHB7YxxXTBc14tJWg3ppZK21m13bVtXp2tGLafsVeV1VinZLXay7tvS+y1XQ4EeOvD8Nzb3FvbSwLIVhmWO3TCQkhWOMYxk8j06Z4FfW3hHWdPvPhF4u1yCZbq2057e0gkkJjNsm4Fwdp+XJOTjryTjOK/ORbidIAk43uZACTgMTncQCBgnoMnttwMYr7R+HVwn/DMvxMihhY77xCrkydSRwMAkOO6nAyRkcZA6cJxcZwU0rOzSlG2jd7ys03o0nvaydzkxFFWUoSlBucZNtvurq13a6u1t5KzRxl38Sr271R7S38XlbVrdIhG2pXIjhTaoKRKGXIwApHT7o+l/wCHYT/hMbG8TWrW+JW6DQQ3LO8ShWO51ODlgTyOevYHPyjpWlXt/MI47OJrhnDhWLh8KFbJYAHaPwHOOa9p+CujyaV41iub+NY3kS6TGZFBIi4wpwCCT1x8xHY4U9uXZdg6dRSo4ejRlLW8acY3d4u7aSvbZu6bvZHJmFWu6MlKq5eTstHyN3XVJ76bNmL40Mn9peJHXUjbn+27gIQ5J8t2+cZAB3Efd+XORnPau++CbaMsl/cat4mktLWOJxFHtYtcyRjKiU45TecAdSccYznzzxDq0Fpc+LWura1mkOuTm3SX72DIR8oIycAZODzzwSci54P1ZJ9NeKxsrTc7yPLtj5QgjOGx06rnv1HC5G9WF8VaLvedmtdrxWie7V3rv6aBRf8As0ea6ko3i9dGlHVXlb5K+lne7PYPijqd7J4qgmtltrs32jWwhLOsYWAfcc7mDK5GGwF56npXiGpWM6RteCK2MiLIsmbpHZWJ5KgNwoyMqDzxgVc+NGova6vpcgjInTRLONcMyqCSAQQuMAZBDcdCehzXiS31+L2GIbPJlDSPlmYHIBOCcliOBnqp5713QpQjVSd18K6XesVblab066rd9TKnK2HUVP7NlG6stUla8b+t35n0/wDGe2N94a+GMpuYo0tdBYMXfqw6EEnlg3zDjj5gc9/KfDKRrKqT6xaJcvIBCfOxgbQctgY3BcgAsc8YBPJ7/wCKd8B4O+GkiwwSp/Zk0ZVzlDgkDqeePVcA84wcnxvT7KWV1nksrUZJZCG27V27ugyfl47HkDFXioKFVWu4pLvrZRtqrPS2138+uOBipUFFNXcpNr1a6K9rJaO1tD6E8XWzH4W2EJvIXDa00kcm8Hzi5CFg3TG7krnnHbqOe8JyXsml3FkLy1L+aqnbKuQiD5jnJbOAeT7jvxZ8WRBvhJ4bSONY0GoSF5O7seTjv9488ZAPJwTjxnwnDcRz3dtbxie7mmlEK+YQFG0kkglQwK8fxEEjqeK092cYe43dJXbSbVo9Gt1qltfXzOdtpyTnFtyaTbTvpHRpRb8k9L77b/RVrFPceCviSn2mH7P/AGdbRhophIoCzKACc4AyDnB4O0Hua+cdEeLQ7+y1OHVkkjtVAdSAUV2UgqoDYzjOCNvQkDNe/wChQNp/w7+IoaySC4lsYY5Cr741j3KX5PBYtlvlJzkDpnHhvhvR7DUtOuCLZpWUKqodqANj7xIOSc/e4BA45yazd/aQjCLXwtbX05X0tfRpNO710T2BpSo1Lz1d0lrfaEmkkle12td9NVoz234V6v8A2x4vuVe8SWWbSdWaEIx8tYzaTMys3c8ZZeBkZDYO2vmLW7/S0vb2OWeWAWssyEIjbCxkLMQQpyegzgA9f72fpX4TaXZ6Hr3nW9pIupvpWqqoDecm02sww3JOFBOWPHQnG7nxv4haNF/ZX9oWlqUfEn2j90gDytMXKpIDvIO0rkZyTz92vSjTlKCbX2ea91u1Hdbq2/rZKxwU5Qi5WWihFXe6ulZNX01Te19rNdaPg/xnoL634csbeeWWQ6pYxhXg2+ZIZk5J2jgdSwAyOcjOK3PGvj/UfB/xO8SXukh476HVnlivLWZoZbSRRlGgZQNrKNxUbiAcE8ZrynwPZBPFfhedrORS+tWJJYfL8sydSDgDK/TrgZGKtfGya5j+Ini1oI5GMmouY1jUkNhQTuIU8ZOc8nnOMgCup4ajisNOjXpqcJSipRkrxala9021ytb+b6q6ORupTxcatObjLl5rpO6+G1lrtbvtou57Fe/td/HfWktNMuPHfiy9sRJBCkF9qtxLHGjSLGT5JcKw2HABBAGQQcfN23jX4+a78LPH+kazYadaalfweHdNkmtb0kWd7LcwjzJriHmJ5C7EszfxAHOQM/A2nXurG9hmmt5lZrm0REIl4VbhMtwoUAAArnryQD1r3b9o5Jz4n0K2jYj7b4W0nezZbL/Z0JYk85A4+vJFeS+F8jjSlQWBw8YzWqhSjC8W4reMU18W212trG7x+YSrQlGs7K12vdTbtZ2slfbvaNm9eU+jrn/gop8T5bVLePw94JiEZfbI+kQS3VvC+Q0Kz+WS0KqSoXpgAbS1M8YfGW41r4V+GPiVqmm6VDLH4kvYLK006I2kRlkbMrsqLtJZu44x3PGfzstLY2dxsnuDMpJVI9rNkYHqDx3yOgVTx1r638TWUMv7LfhOFZhEkPi26ldTwZcMclSQCVIOAepPoMY0wnCOQ4a1WODpUaijywlFNTd7XSs3um22nsupzV8xx3NCEa06l6ilKLbaT3WjbST7WS0vfXX2z4Ff8FFL/wCCmuz6xpHg2HWDqEUcM6Xd1IbvdCJAUSfBZLdi5zGpC4x8uD8unp37SGo/Eub4qeOtHmv/AArqFksni82WnzNHBb6ortJCYyMMWiORnaM5zwRivyelnU38qW11IvksxgUqQeOWz0yE7g53E+vFfUPwJulm8FfGZvOLyR+F0DOEwwyCCc5IIJ6nqOvABqcv8OuGqGZVMyjhYzr4nSrObnUVRe7pJSco6O6aS/RKcz4izSeD9gmvdUYxlFJNpSileXvN23tdXv3Z12rftzfHmOL/AEf4ueMreF5C9xAdSuk3hgcqmxvu5U4GRwSApUmqHwm+NfiLxr4vuLDVLptSTU9N1i/vdQu5XlvZ5xblmMskmWkZ+S2TnknnrXxrqNzZNBL5hZJDGY97j5Wbn+HkHkjJGMdc7q9U/ZmuBH8ToLaSVHjGha0egGSbZmAxk8jOST16jHNfX4bhbJMF++wmX4WjO3vSo0YxurxbUmkn8nfSOtrHzc83zKrTlTq15zhK2l5LblWqe11pdp6q7ert0Vz8UbvUi9g1rpEEek6jcS2lwy4naSO5dV3yFgWA2LgEnHOcjp9D/Cz9qH4kWHjrwzDpl/oumm51TSLLUby3sImu5LVJgoYTkl0kVcDzASTkY6CvgzVNO1XU9U1VbKyxDHql8RKp2AhruZSSc/LzngDnHtivV/hkZdI8TaMNRhWJI9VsGLDc0m9ZkGN+09QOozlfmGcmtquQZXWVT2uFoy54tSi4rdq6TTikvtRbW2q01S545hi4OEvaT0Vk1J2dkrRaeyVmnutXd9T6i/a9/ai8a+Hvif4l8P6fcNMFuLLUX1J5JYr2bfEjuJZkIaRSWLIGPA6EgHEnhD41aofDmi6vLPqf9papBJPcMt/chJHYEHzcOQyKgO0MxIAycgBa+YP2zBBcfG7Xne5CNeaXpSwIedubWEjec7snI5z0+8eMDd0i7ttK8KeH9JubpIpRp5IdgWOGUMSGYY7gDJ5xwOtefW4UyWlTpxp4HDRjdNP2MLtNRdpaN3207NdT0cJnGNqc05VJXiop3lorWa7O9tk9NLPqfe/iz9q3x78HPAXw6n8F+LfGHhJ/EVvfXWqXHh7WLm2F3slYIAEPBB+Yk5xngdc/nf42+Jd78RPEOpeL9VvtW13xBqkrTX+oa3cy3N3ctjaWuHYlpGPU8EckLwcV6B8erqOX4a/B5DPvtRY36xOudxLSuGZmxnaTjaOPqQAa+YdKvIba5NrHKsuY9oPBPzE5bJ+YA89+cD1NdOXZHgMLWdShh6VOXKoqUYRTu7Wj7sY6Nrs+l1prlPFVakJOq25SnKTdk5e9LRNvV2VnFPRs+sPh1qU0Xwn+KN7FZQAvDawyRDhgN4JfJwdvPTHTOCM4r5Zm1m7vLqaL+x7WRFiyFRtq8ISHDEAHLAscckgAGvo7wTfQf8Ki+KcUckkUdvDZmQOp+ZmZflGOentkAdSSBXy4NauUGIoo2tyiqmEJPIxw2MnnI5wQDwAvFfQQ5Yt30Skkovokl00bTel+6fo+WqoTSTsrpOUlHXVpb9Gmnpp2Xc+kP2eTFqWseKo7qyW3c+DtUjjijkbDlI5SMAgdME5IONoAAyRXnOi/GD4peD4G0zSfG/ifRtHSSeCCw0/U7iK3jHmED5FZVVSMY4J7tgV1/wCzs95N4w12IuqufCGrblb5QP8ARpDgMQCMjHAxkdRjIrw4/YLqa4trx7lXiubmTcm5l3eacAH7wwMdsZ6+h562Aw+N9zFYWlXhzRcVUgpRbSS91TTSertfy7KyhN4dNU6nLdpc0ZWbso672V7LTrZNn1B8JfiF8QPFnxK8HWGpePvEF9aX2t6fBcxTaxcnKNMm6NtzhXRgcFGJwMEhsCuf/aSvb0/Gfxta6be3VrPpetvAhN2wQCAHYVfJYsrLlT97OPXNcr8H9Z0bR/HvgyOJXkX/AISHT9krQsHE3nRgbmwCQGPYgAYPPJqp8d9RupfjJ49Mihy2uyklIyzZYnawyoPPrkcZPPQ5UMnwdKtNUMLQowcEnGFOnDeySdt11+1ddumk8TJwp81WVk1fmd7SXLZJ720uutvVn0X8Jv2nf2g9M0M6Tc/FPxSdP04pDp8a6tNIYY1T5YArSArGsYwABgLtAzxUfxZ+M/jrRNC0DxXo/ibV9O8VeIbm/XUdatr2RL25smkHmRGaNlYh2AyATk9+ePA/AUdnZWgvLywupizyCQDftY7DtUKMhjx0GcDHQgCum+Oet6ZpHgb4Wyy2I8q6fVDGqqTKsbyfLuXGdwPGd2cj7pGVr5rGcLZXDFw9ll2Fiqk37VqlTtPmSvzWgubVvRtq9vQ9HC5lWdGfPiZ2cUoty+FJRjFK9na7032S1dy1P4+8Q+K9CiXxDqGu6rcOHnka+vriVXZl3AsZCVGcZYAH1HYDb/Zs1i903UPifrMNtbfafDHhO81LQd8Yka2v0ZCkoDAhRnnIGNwGMbQa8m0bWYpdKtTGJzHLGrFPKy3l9dhyAM5PBUDIOB1r1H4PTW234wtGXtHk8FXW7fkBYyqkoAcZJJX6HaMc17GGyTB0qLprCUoQlyp04U4xUoysrJJJN2uraO9u7POqYupOo2qsnJaxk27WsrWbvbRNdPJW0PSPDH/BQf44afqOnXb+O10fUtP8wPJZaZDHviLjMc0igGQsE27mGSduD8xI9K+Kv/BSL4x/FHwxP4J1vxLBfaFcXFjezotr5Vy9zayJ5QikGNpyd27I5AA55r847Gw8PSLbXErzFnZlnJZSC4c7MDlsN7DPHPHTor2DSYYZMQNKsnkrHsCrIB5gC8qSSOpY4HTBx0rhn4Y8GVsbTzGpkmC+uxkqirulFTUlytSdk9Vprbfds0q8Q5xGiqLxU+RRSirt3ilHfRJatK6trv1Z9YfHf9ov4q+HLzwcPDnxd8f6et54dttTvI5PEV6lvHNJEoEVoFk2iNFX5UXAJOOeMfN9p8U/HXxN1WRPEHxB8VazctMJxLqGpXFwsyxrlg7klm5yNvTBwean/aESykv/AAIt8JPsqeDrLZEqfMi7Dgu3zAY43ZIJBI561wfwefSI9fis7a2lAla4cTEZLQ7CW2lzjkDnk56ggYA+kwfB3DGCTr4bK8DCsoWdWGGpxqSdk7tqN3r31f4LxVnObSUIzxFZxcknH2krWava2iaeqW9mfut/wS/+Juvw/AH9rrwhNdSX+lW3hXWpLa3nUpHbSXVvIkjRBQwaRyn3m55HAP3vxPh+LHhW5tYfDviG11hbSw1W/maWKZ5ytwl5MEMQyPLGV+6MA4JyM1+yv/BK+3im8KftgaV5BeO48I3BQycnMsNyQQcN0H0OTjHGB+CF9Y28Wp61HJDmSLxFrEYywB+TUbgKhXPbHoARkHkEV8twRleBlxRxfBwpcrxOFqRSSSinQipaW1i2rqyXbozt4pxdaOVZXJRtKUanM3duVrWWl76aW7re9j6M1b4s/Da/1CyniuPEWLKOCKOJ9xhdVXYJGBBO8FlwOmAFHTApX3xS8IW0xk0979p5gGFywZZIoldXeJjg5UgELySCTycZHgVzYWjfvLlBEyhGUq6bfmyQSCeR3ySeOvYmjf7JLMzrdKCCiYCDIQt82B8uRjGAOozxjNfpGL4dyzFUq1KpG8asJRkoyaTi0k01rZ9n33s02fEYTNsZh8TTqUoy92UZpyTtdOL1T10sumr20P2H/ae/4Ke+B/Gn7P3gL4b/AAOl8Z+FvH/h4aRa6/4pjmeyIisLaJHit7iE+ZKHmRzyAcHnGRn4W079tj42WCSvdfGLx5ILu0liu1fVbiRp/Mj8uQMXbAjKEgj1zgctn4hmnWHVry3+9GuHVIwIwxMZJYlRyeSQOeSSWJ4GvaafZFklvpJYYnjkkVi+1FBwdpJA5AOcZP4EmvznJPCfg7IaU8LhctpVoVMZWxcqmJpxr1PbVpqU5KdSLko3SUUmlFdmfd4vjDOMRFVKmInD92qbhTvGFo8q1SdpPo2m3a700a/S39h7WZdY8TfE/VLi+luGfwPrV9JPKxM0styJmd5G3HLsSSwOck5wD0/QT/glr420/SvGnj21vpzD9r0e9nt2kiZoFSKeZ5HlIyVChSwAzn5eMnNfm1/wTyFo7fGRkkRxZeC79AX2giN1dlXjdjIPIwPUdOP0d/4Jn6dbTeJ/Hp2RME8PaizB1DYV5J8lCQRtK53A4zgkj0+zz+hRjlbwsoKFJQhGLhpyJ8qjFJqy7WVtk7Hh5NiJyxFavF+9Ntz5m220lJ9XZttvXyufOfxO+Kfw20Tx7438QaLrOo6l4vk8b6g72McZSxlsllk87y5TyFLZBBwfY5JPzhrfjjTPFEc+sX15qIvhqjTW9qZ222kHniQRR4JyBkNzjgHAziqPxEs7MeOPHTpbRM0XjjWY2dUHCNeSjGcgYBwFHTtnqKyf7KsGtLpfJSJTGZF2hdxcHkZAHpngfNwcYrnyzJ8Lh4xanOcp0oRvJ68vKnGK0SSdrd3o76699bGVKjt7sYqV1HRW95Wbslo5J7dd/P6gg+M09v4cubTRvEE1qt5Z2sN2s5EpmaGNQFO9s7QFC8jgAkfdwaGrePdT8QyWl1qmo2l7NLpkFghBjQJDbBNinBPzbQRjnJO0dwPm99JsitjFsBEtu7yfMSpZQ23JGTuH3iB64yav2WkW00FozXMkQFwqCNGOVATIyc4wVUcf3ckdTULIMHCs66XK7tuTV76xTvrb181buTLGVaiVPmtp9l22cb3SaV7fO2nWx6xY+KL7SNG1+bT40U3V2iSSA71MYIIyMnPUEYBAGMnBqppt8LvWXuHiBmj0qWZgpGWebdu246hiemcknPBHHAy2iwWNxZxahKGuLohB5hKlEySy9WzxyRjcMjIzw7TElguLorqEoCWkbK7HfLwM7AAc4JOAM+2OFq1lsYqpKFm5rWVnJq1k3ZLRp6aLpqlqDfM4uUmkradG009rbvR266d7n2N4Y19p/DOo20NohmbTImaTB+RYsA56fN6gjg/Lg43V5db6snnSyGQKsWr/AOlPsG1VIZQpzxjjHbnBxnJrzTT9Z1fT7O+e11mW3juUSSRWAbhvvRryBtOcHoBn+LqKNvqGqKl1aS3sSLezR3CZjAO8sGDFsA7VAOQQdpPGAQBx0sodNVndPna1aum9LapLa9nvbu0aOu3OGvuqMVfXdPS99O2tru6vtJn6CfFvXNOuvB3he0CK7WfhWxnZlIYMqFGQ45YnABxklS2AQSQPn4+J7K51O5uPshhkvrSwgts4+8kLDftboM9SFwCOeMV43rPjzxXqT2+nzX1u4ht00yAbVX/RYk5BwcAcDB9c9yaxpPEOspqGnyPJbMYYghBHyhlG0MTjClBj29DxXBguG50otS1vUlO6u1eTXpqru/Xz006J4ynU5VF30UW/dabSSeq/lu3d6vztc7VZI2vLRWZRN/at0hznO5sgHHGPVSATxwMmtbXLq2/s5Ixske0tryKZlI4ZhnjpyQcc5OMduK8fm1q/iu4bhUgl3X0lxlupZicjaM7VzwDxxgcngVdS13UMBlsmeSSeZ7iNZAUAYcEjP3flBwR0UZGOa9qeXNSptKS9mlzO/S8NfPWzba17q2vPTaivj39U0vc0d10tro9Fd3syAym9t4Ah2m3jLAE5xkkKRgjIXrgYxyMkDIwNc+IMvga50zWYLZb66j1BbeMMcRqzjapJJ4IIwpz1IPIBxe068LW7skG0FDtdugZ2O4AZ5AI57+nUmvnv9oC4ntPDMD28zpJ/aabVDlSrMRnBXpnrkYP1OK7q+Chi8NUw01enUg4VE9E4tJNW6bu6bV1ZrczxeInh8OqlOT54pSdmru1mml2Td3vofZvgD46ap8RPHWi6RqGlxWE2kaZcTi6jlLtKZM7csM4HQAAkAY9ad+3veyLa/Cy2t2JnjsJiylsho32NI+NvKkFgwxjAI5Ar4m/Y9v8AVbr4owreXkkiJo0y7S2XBcg7ZM8kqQeMAYxjPBP0L/wUTvL2DWPhmkEzxqdFIBEuz7yhdvbpwCOMr7c18/hsjwuD+r4DDxjGHLKyjay5kk/K92nqt0dVPMK9XJK+KqXfJNR7Nq8UtnbyvZ2/E+2bn4mfAbwr4Q+BCaJqmlXN3e+A9U0rxqtlZ20jWFxd2ZjcyhSW+0eZwZHJZQAMnBLfJ9l4K8T+FfFGlSat4SWbQfEWmaj4t02/upEWG78IW88zvcKFfdzAhJQAt8wXHJx+XunarqljdrB9rkSI20ocJLIQfM3dWJ5yxwMAEkDlcYHe3/xd+JU8tnZT+K9auYdB8Pvo2krLqErxWWlT5MtpFGzKBC4Ygp9w9enTlwPAtXLa1SWExV4V5SnVdVPm96Tlem4O0ZLmduZu76aXPG/1ho1Kf72m1JaLRaNKMXtdW001sndJH7RfC3xV+w3qv7NPxzuPGtlYt8TptRin8F6WySrPJaQMGil024MZO1ZuJ4mKo6cHAbj55+Guo+D7H4haLP4M1TT7yG805L2bT7QoqafKIQJbcxhx+9jbJZm/iwAQ1fmLpvibUp1uITcYVNHuI3CqAMsGJZepG4kE4xggnJzXqH7HTyyfFdXM0jxxaZcsAXb7+9i3BbGSVHTONo7ZpQ4I/s2pmeYSzPF4iOLaq/V61RzpU5csE1Ti9YrTbybsaZfnUK+Kw1FU4pupH37RjK7cXpy301s105Vs0fdv7XWvNeXngKHVLmVIp0uIlTcECqzEbw2VAXqc5I2nIOMCvAbXU9Lj0C60xZWNt/aliistwBIu2RCrQPn74OCQpxnGBwKvft3310j/AA/lid12WrNkHbjbyR8v3h/vZ9SAOa+KtM1m+NrbMbiTC6hBIV8x9pIxggYyMYx0PY4459HL+HqeIy6i+dRSu+V6p6pS3TWl9FpdXa1Ns3x8IZjWjKPNJKCTel1KMdHrbre//bvkfXlx8cPFrP4j8P6n4w1RtHunGmQw3WozSm3toBsjUwu4VvlGxTk4z8p6kc5qfiuTSNC0a40q6uXmlF3BLdGfDtFuLZ3hiSeThSTzgA8ivjzVdUlu9S1J5HKTNfs/mHLHLZ5YHA4ycnkk/XNdxq93cyeDPD6QvI8okuRuViMgbzyBnuMck9e2cn0KfDOCwsIRowpRjKpeShCMVO6Td4pJNtdWrvujyP7TnUVWN5rS6ls9GumvVdF19Ufot+xh4mfWfiRqFv8AbJbsReGryaRbly7qSSTtYZJUcgdNw7kcHzP9qfXv7O+IsdxAMvbWq3ICOVbdG4bAZdpXIGMcZ5yQeDz37BGq/Yfi1rYkUBm8K3KnliDuODkEgbsnoPQds45L9rW9834k3SozIn9nYYkDA3MwHQrkDIIHAzgDJrlw2V0f7Vq4VQiqE8PZw5U1qlf3XfR/Jat9re+8XWXDEa/NJ1Pbuzvro4v7rpt9OitZs7Xwv8XNN1e3tr+8SaTUkgaKUXVw7I6jAVIkZyDhAQT69sV2HiX40adb+ANb0TT7aAQXNskapHJlhcytl5I13bj1JJxwOnY18F6U7W8MHmySSK6kDy1xtZvugk7ec4A64bHAGSsxs5hbzS3F1KmHIEZLEDcrEZGduSuOCCCM9epxqeHuUVMTTrOEYqlXjXUFGnyqcXGSdmml1aS83pfTyYcT4z6s4O7lOnKm3onqlfVppXV3o+9nbU9Pi8aLHZxiCcrIYnSVJG3khjuAGcnAwAB7Hv09hl0AReArDxtc6zaXNteRPHLpNtODdWTJxHNcxK/AkzuHTOMhQcY+QNMsJfPMazo5MZyzk4QE55Y4UnIBAbgepyK+kb3xxor/AA9t/A1l4Us7OeMxXN94jS6d7i9dF/1bqQQgzxt5Uce2Pbx+TuP1WOFVOKVWPtU1F+4rq99bLZvW2yVrNnNgcZGdKtLETlL3fcV27SuraK+mylF2TvvdmZp/iVY7rTwk7GW3vbe6t1EzD5Y23bS2SQCDjrg9CAM57NfHk9t8UI/GViZ9M1LS5INRsLmzlKzQX1ptaOQMHDBtyDOCWbHPyg5+c7SbGpea8TRFI8Keg54BXaCenT0LDHzUuNRW/kmE0xZUL7tzgncT/ECTzjABxjAUAV20MgwnPKrKEJOdGVKcoxjflly3Uo2uk2tY3euz1sc6x01Fx55WjUjUUU00rWUdHdx2eqt066P+pD9nr4c/s2/to/AXxL47+Mfxhsz+0j4jS50u2hu9fjtb7Q/7OhP9jX11Y3kscM9lF5W2YqWcbsqu4Aj8o/h18CJvG/x21vwHqerPro8J3GsQT3thPHFFdWulrIsc1nO7pHKJsgrhiGBwM8E/m7aajqtni7sry6sLpDhZ7a5uLeUA4DDKMhOcEsQOmVJ243dfZePPHGmTLqGl+JtW0y+aMqbuzvJobiRGBDq8ww77xw+evp1J+FpcA5nl9TOf7Pz2rHDZhFvCYarTUoYCpJq8qTUuZR5XZRW2jSet/V/tzDz9l9YoupKnbmaajzQSirSVlonr7199T9cPC/gzRj4EBv21EX/h74gJpNk18Y7mKGG3uyscUSqzMzBeMqCoz1LZNfohrGg+J5dCGqWfw21m+/su2sIBqv2Lcslu0AJKIRkJKjDc/G0DtX8yejfFL4jaVPC9t4s1YRrdrqKwy3U0lu96kgl+0SRMdrOSu5iTknqckk/YVp/wUb/a1i0waIPiSG09kS3eIWEW5oUjEaJIwUN8q4GcEng53MTX5Dxd4NcU5rWwtXCZjl2I9nWq1ZrEyxNPl9p7O7h7NPdxba01krWPp8q4xy3DU3GVCtB8sFFxUZJpWTerTTvpftfXVH2T+2BHqo/Z5uJdW8G32j2C+ILNrKdo/kmlaYlt7/dxknIOSBn6VyXhiXw3pXwJ8LLfi9sdQvPCl/coFXZA7IkhjRmyA0YJ4JK59OlfAPxJ/aS+NfxE8OL4a8Y+M7rVfDsdyL6HSXQLarcbi3mlQMbgWO0gDrgdwfMH+IfjeezsNMvPEmpTaVZoILbTvPbyY7Zs5iRWBATDNkcggcgfNn7Ph3w0zTAcP4LK8dicKq9DHyxtR0PaVKfK+RckXUSlzKz3e/zPJzDiHD4nHVMRTp1IwnSVL3oparl1tHRLtr99j7i+BU7P8PvEEse4C4vNQAYlguA7EYIwVJXIXGDgjkYIp1uMTo8Uo+eEqGOCBJuIAGDkc5Az0xyCOKb8DJov+FWyR8obma9ck9fusPVe/BKgHqPlzgy2cKm0E4I2BwBgfOCJW5GeAx6epJG3IXj9PwcPZRqQvdRairPpFRTdl8lb/Iy+Klh5O3wtt3vbVOz+W9k7PTprv3s2zSrBlXzH/tC1iY5yEPnhmJCn73I6g47n18E/ags01XXdMRbl4oVsokkUHCsWIBTaANwyOMnCkA5Hf2C4S/1JdMsbZ/KUX7O3O0v5RDryvoc5I79xg14J+0ZqdxZ+IdJaGEHFmqOHIPmOuFkYBiO+TkYxyQa9fJrrHUUnaVpyvbXaKulfWytfv67+dxE28prSi3ZTpJe67dE2lpe3w2a8l0t4vovgBLK4huhetdBZRIqCRQsJxlc45JDFR6AHINdP4l8MRGztb0yNcszP50ZYblYEsNoY84HXg5HrgCsLQNZu7+/hjWOGOHeitiQBSVw7IWGACPuk+2OMjPe+OdRk0/SYZxZ2zB28uEJKGbayksxTPBBOQOAxHJDHJ+xftPbpXfLom3srOOyXS8UtV5aH5ipNQ5m0nZd9rx26taOy5bb3PmLU7ZVvIFjRVYyyLkMSQqk5JAzyOcY9yea+jdFuIbTwvJDMiTSvFAUDDKlcAYyeQwJy2368cV4BIjTyrvhIaW5YeYrZCE89c/K2TzjaOMY5w3tcZEeiQxGMuyRRbW4yDld3OcgMRgEZyOc8UsXolKDae6dvtcquu6b36Wd2rt6duCm4xbaunHolZXhHS2my5u2unpjamPtbXE0Igh2NErRYTb8q9QDgbgeg2nI9OtbWl6c0qCeTySIREdiIjA4IO7afp0ycf+O1xeoR+XLsaZl85/N5K7VGPubicZ6genXtxftdVkt7Z4YXJYmNWAK8LxhiwJODjnPAIxn05Jyai21Jvd+bvd3ST1+eyT2CTUpXe+71Vm7t6K1tLpWb/A7iaOC5lvhBB5ciBF3BV+ZlwDgcYyVIOMDOSCDXP3enRxqj+XksSHy3PylWzgEndkHAOeeM9TVW1vZXlvEWVQGaMs2curbfmOepxzx35znkVn6hPe2N7E8Uqyh2YlZPvYHO7DEYJxgFScYwMDpzRneTi02nFvRPbTZK1m/LomjeUfc6xd7P4dLSV3ZWflo9VZ+a0BpVpcQxloJV8yR8yK2DGoIB4wNv+1xyOvIApun6LA17Dpyljby3E7b3wMBB3IOVXAx7kAYrAuNbupIWVGRCuwsytghmySoK5Jb1OBkcg44qSw1aWHU7aVJElOFKqcFVO0+ZkDJJLEA8AAnPPQqpVbhZRcWotc2zaSivn0vva66EYe0Kq57yTb2b00jqk1dvz0s7a9+/g8I2SsstzCJI41lktyjAqoQ/xZwSeBnGCSPmbNYraJaXTZhhEYTzXdCx+cZ4OCeVPPBz14OBmnan4kuY4Y5d6RKY2DJGxwWB5zgZ2n7xAB4/TNsdYuJVeUMiBo1I6MY8nkEA5UHHHGCexGRXLGFZtO8nFJXjbf4fefXTVW2Xnc6ZVaKk0r2b6pc17w1va6Vr7LW73umfZv7GV0+neOPFKQxjyk8J36zphiMGPttGeuG+bPXjvjzr9pW6F/460iWWTCvZ26mFDtJiWQltrdjjGTk+vPSvU/2MrixXxV4ymuJPmufCV+sBkyC7tHgcMOCRwSecjOSSSfI/2hSt34ygH2dN0GnQwIqnDEGTHnD3VWLHOMbTjsDx5THk4gx1WULt4aCT6rSL6atNKyTT7LbT6PF1akuG8FTg/djiJ21eusddO66O6eumiPNLbWLq3vJGgmkW1e3kMYYRuSAoAUndlQefm44zxjr0Njq+m/Z7H7ZKkd1GkszLLGmW+/0J27mPGGyD65AFfsT8Mv2GP+Cbd58LPhf4x8f/ALSOqHxz4k0K3u/Fvhy1vY4bfTbuUr51izrIGhFuDkNtBY7sDA4/ND9sD4ffBb4bfHTXPBfwA1m58WfDfT7OyGja9eXTXhuruZFaZRMx+ZY3JQeuAfvZ265VxDlua5hicBRw2MjVw8p89SthqlOg/ZyjG8Zzioy95WivtW0vdHh43CYrB0aderKk4VUlFKcZSV1BpSje8dnZu99tVe/k0Nx4Z1WC0sr6ZIpZ9a/0m4yRLBZyZy0eBjAXOBkgnGM7a8e8V2q2N7qVrZNJcWi37hLjGQ1up/cs7KSAWGODgnJUZYMB0M+jajaXcjXdtGkcAinkRZgQVfnlVJ3FuWxtJwMcECsnWLwx6TdrFGgkurlCQMuyqpBG3Iz930PGfwP1MKLheSqPla5eRuyilKLbStzXesXZ9W/Tx3PmhZx95NPntq0rWVrdkk7W1voz6J+CljGNNtby7Jitkill2KQGmZEOCwHzYJ7ZGfQHgdxJf2t1rfw9e0VlRNdkUgg/M5nIHy9CPlxnvgHPUHzL4W/bpLO2hQNcfuTAsAJ2hXXAeTPTDE9QT36AGvYdL0W3sbvwJM8kT3sXioLdRh0IiUOG2RjdkkjBORgDgHndXDjOSlGHNL35TTUEtU0lq1s1rZpXWmnU9DKnOVSVrWtZtrX7O1nd630tay2PZfFWmape+JlLW85tdoCMoKqRgEnjqC2exyMnua9l+EtxP4dunvndleJSIk4YgbiAHA4Cv0yeSBkHjNP8UTWhvrMI2VMJ8wkABc/w9Qeh6rw3QYzg0dEvYrWaZi6i3bCsFyWZQeQDjtyDgjBHUEGvHzCo6uGlGUEk1bre9oWeu2+iV1stNT3sFKVPMaUubl977N7pWhu7Xet7Wel9F0P0l8I/FLU7rRoNQvNO0ePTrW0msGu45lS4WV4GxI0HLHORliNobrz0/BPxtqSp4s8WXixpcQSeNNUnBwT5m67lcDaefmzjt068Yr9ZfA3jLw5DYSaU2mNM8lvcXEchUlFBt8AMT8pywyCSTk/LgDn8j/FnkvqmvqZRBv8AE+pzRjGQFE0koXPLEj5Qcnd3wecc3BmGSrY5uNuZwvfpZuyt1vbW++nqetxlXcoYGK1S5mr9XGMU9H1tqr7pb63MPUNfha62GwsgUljnijJIYmRApLAA9M5Jz65Gc4rx67YiFGubKwZRNMvlNkgHnBY7MZLYwcHuuOMVjPBcXWo3FxYj7diCAvGkJkZASAzNsB2JkAZJGDkHqao3enX7bNsNog+0OSPM6ENmRWUnOclsg8joMYGP0OFOim48qTjaybkr/DZp3SfW/wCqPgXUqdILXl15XK6916a2dns/+Be/qevxXUd3m0sYlEBVGiTa4CjCnIAIOQD1O0YO4nFfRvwiVFuy8shRWs9NcFJNxw1pkKe2CcAnPPbvt+VdRtpXWfzUt0VIDwkgJbjk7QCCBjKj+Lj0xX1z8I4IUmLyAFW8PWTxAsDtdI0UMRjGQOOvXHciuLHQpQpJQacrylrdrVx6PVtaJa66aX1O3L5VFWd17t3u9/h16PRNLR3trbQ4f4/35Xxt4RRI41ZbMyK+QCwQqSCw4U4AJOQckeua/ff9hn9rmX9nz4JaX4cv/A2peKdO1NZPEJ1PTpHY2rORugdAChPPcdhxxz/Px+0E6f8ACe+EgoQMNLkJwOCcgdcDGVbnnBwCG9P2N+A13bQ/CbwXERNHaxaKv9pRxBd00OBuQF+dvJIAwe+cGuDNctoZrleHw2JhKdKVSEmlKUG2lo1KLv8Aabd2tE7rXT18sx1TD5jipU7N2jo1zdIrbVu3VX9Hdq36K61/wVt8HILm2t/hbrzTpGGRTIyfvFU7DIyhgMMASATxjPJIPw5Z/wDBRn4xxeJPEXiX+yV1BtT16PUNMXVZXQ6Pp0DErYWqkFNpjLK7g7mbB6g4rXHgb4aa5Ncajo11c2m91ie3maEFHYZZ2LMPlyOx4PzADjPl2u/C/RRdy2klzJLbxIXeRWjMYZxwTh8EZzkfNnjgZGfkqvB+Q0E6VTDOcqyirupUkrPltaV4cu176tLrbf6Wjn2aq86LopWs7QTUrNLXmi337PfY+pPid/wV5+KZ0TRIvBfgS10a7S4hfWtTbzr5Z4tw8xEUqYkDbW5z8uTgMMhfsLwL/wAFVfhfdeEdBuvE2i63deIHsIW1pbCGMW8V+ynzUgLEHBcDgkkdtxHPx74M+GnhDSPhW9hf6Laasl/Y3T/bDawtPEzhjGBO2XTpgbT685Br5Nt/APhi21a20qxtb23hutQgkRQQ5MxkJEYDdRldpHTjt1rN8G8O16SjChVpfVqkueUaj56r5VaLm7uSXK3F3vZ+rM6me5rCcKU1RarKKUFS5ZU5O12mrJp32u1eNj9dfEv/AAVR+DXiPw94i8NweEfGVrc6vpd/pdrcS2iiNLieJkjllfHyx7ny2DuIBIyRz+Pd5cRa7atNAdRkvU1GYxmS7McMsLTNLDHChYY25+YhcEHOBwa+nLzQ9Ni8SaBbro9rFqcfnQHR7jS4Et7pYoh5U0jkBJGcZY7iDnHynoeZ+NXh/wAI6NaeF76dP7KnliuDqNlp1tFGttJIzHzQUYlgCwwSBjIxXFhsiy3L41a+FhUh7blXNOftE2mlFe8tLa31e711O+lmWKcnQrODTcXK0eRR0hq220tF2vfmWqOK0X/hPNG0fVr7RdG0K8dLKK4vbfU7uKe4Vovuzx73LEYwSEzkjoTjHyh468T3/iXW9Qv9RhgW5lMK6hDZRqkSui7FSMEKQcLycdy3J6fQo15rbT7eawFjeRQooWedzHIkDMyos3IMr5KkAkgtjjOcfN154Y1fVvEeozWFtqNy0kj3F+gtriO3gidgTNv2BDEoICMB054wAfeyLC0MLi6mLqQowqVKSjGfwys3F2m2+W91dJWd1dJaX5s0x9bFYOjhoylKnTq83Lq9dIp7WV1zaJ63vfv9ZeGvB/ivwL8LPCniTxNoCaLomt3FxqHhvVLm2N4uogKNkbKAyoW+VXAIOQfrXzF46lmufE19dSwaeftwFyy29sbeKAEZxGAuAxzkjqe4AIr6PXxR4nv/AAjpngfUtd1TVtM0t4U0XSL++JtNOMgG424LbUGOABgZyCODXzv4303ULLxBLHNvMMSKuyO5WUyM3DCV92VK5O1Nu7aAcYHze3lNKcKtSWIdD2lbEVaidHmaVOVROKlzPV2sk7PsvLxsxqSq0qfJF8kI0o3duZWik07KzSd2tLu9rM8duSzRRovlpF9rkwEV2yCCMsrdTnpgnnpkCmNCs6xxlQIo4JXaQF0BO5uM4GS3PYAYwVweNu7gDQxuEdUW52eXvUybycY5x8uT1ODkEDJFXN0NrZQiAIbh7e4Dwyr56lCCA3CkA8cc5zjggV9RCSsno7ysneyS0WnS9rJaO+yPn5u0lF3iou7ejtbl1a0d7artd32ucvLZRgxBpJVJt42SG3k3BzwBvLYwQByB6kZ7V/SN/wAEmYN37N2sjy3VR4yuDhlywPkEZbBIz09e9fzqIJAI28tOLZFYCJAAccEkEsckcAAAAfwjp/Qd/wAEr/H3hXwz+z54ktNf1O1sbuHxdLJHbXE0UNxcxGDJe3iZsycHB4YE56cAfCeJGGliuHHThSc74ug1GCbaadrWSvdN22eqT2PreEcROWYTUYKTdB8qVr6Spy83tq23d+aP1aFlnJKkEt0IK4GepH0I44IBHqAJFhIGMdgc9ckZODjGMcEc8EfMBgmvJ/AH7Rfwm+J/iS/8J+FdZnOs6cJ3uIL1FgTbbsUmdJJSEYAqTkMeMEDgmvdlgjkw8UiSoQCskbI6kHPKuhIOSuBzjIJOedv884jKKuCajiMNUoS5YySqQcW1PlaklKKVtFs9beSb/SVipt3va+tuyutUk0t1t3Tu7aGIsLEgAbR0Occ45HToARg4/iGOSQK1LOImWEccOO33uRknOMYOcYHVuvWri2oHJAPHIAPPoM4GeTksPToeKv21qFljUAFg4OB2I2nHJGCO3X1Az0eGwivFWtG+6SfZ66JPe12+vc5cRiG7qUlzbK2trpJt9NX26NPzP5RPjzogu/2qvjR5kNxJB/b8+8QMEck3DEhd2BtGOR3GMHGc+D+L9IitdfsxDwBHKNkrl3QAABX2gqAp4IBb5QOSK+lP2hbSS6/aV+MIgSQtJ4hu1PlTGPkXBGdw65PH3u2RktmvmPxZFqNnq9qtxGY9jOCr3BY7SyjLHJLFumBnsMHmv6Fy2io5fgFzqP8AslO6le1lCLTbva789rNdWfJY6rfGVKid4qUU7LZqUE92+qe2ur0Wx7/4esdPl8N20F/PDaBr7TEZnWSVmxA7CNYgNrA7RjJGDgjOQayPA+n6ZP8AEp7a1kS5guLq6kcXFuYWQ28bh0CKrZITlAQeVXAAIBls7KeTRrORmAV73T50/wBKki5S2kxjYGIJJAIIAJ+6CCMZfwftrqb4nNczSRiN7rUS7yXExAwJAhHmKMswXI2gnI55wBnR9yWJvJrni0rXvrbVed136Pa7PUxDk/qbb5kkrpK7tJRkrabqyV+3k7HuHxQ0z4WeG/Bfh2507U9a/wCEs1O+mLW88Ze0WMMftLA4zGqkYGADgjkAVw/w7XQbnxPpNvZXc86Xkbm5uEuXCxyorAhxKF4Uk/KpbPPTjG58U9BsP+EZ8P6hdl7iZNUuYkeC+YTtEZCDGInKhF56lsgA4JAWuO8FaZp1p4m0ySK2FpCIbjbFdX53HCHa6bSQWJ+bKhmbPPGTWUop0KkHF1pK/vSacfs2vdxba630jt5GcasoYiClyxjKcFypJSu2k7t9ZN2sr2SW1j2XUIF09dbW2NxcWotL2OS4ku2eIFyVygQOwZcg42ggDAChRXlvwg0O2tfF84i1W4eO7s5p1CXt4GWZNzZIdBjYDgYGMEEc5Nbt9e68NN1yL7DElsYbhrMxTRQtKJCQXnlVvMCjjblclcnGSSeD+EUOsxeMLN7+W3gVrG/YINVacsGztCquQcNwwyTk5HQ1pR9p9XrRdOF/ZQWjV0nFNxWunr5X8ycbOrKpRbSirySbemjSSdnqrJPXo720K3xPnms2ETXTSmTxVcSeZM7zOVIAADOc9DgjHUgY6CvyA/aY1mSx+IS3iJG7JpsmTLgIcE5Cggk8nA5I7dga/WD4svcNHb+ZIvmHxRc4AkZgY89SzZPI4PU4689fx3/ar1BrDx3Ghihlb+zZARI24HliSM7iRgkZ68dOSK58LGUcZCVlFSi7R6WbhZ3ena/RrXqGcNQyZKLV4VINNXd3zRu01ZX+eqbT3Vv1D/4J4/EnUpP2dNV0+6u7eSztvEeuusflAzYltj+7JbPyjGAoHOWyO9fmr4z1mNtQ8WSWM+o/a7vWdbLr9peGIRC5kCeVGGAU5wTuADEjvjH2R/wT21qGT4DeIRbwLHdWet67NJ5inyDm1f5VH3WYAbck5OcEcAV574J8Nfsx6hY3+q/E/wAT2tv4hv8AVtXkmszqV5avbQfa5QzeXFGY8AjpuBABHNZ5DJUM5zWUYNt1kk1Ho0pXT7XTTXVv5JZzevw9kdO9mqXMnqk0+RS0utForPvro7nzF8Jb67l+IHgtZku0VNf0ZCZrxnWffcqNpQuQwOABjg9CFzmvtr/gonBbDSPCdvJJIswvSGjiUZVZbeHGXIOeWzk55wD2rtfAvhr/AIJ42niXRpG8ZbdUtbyxn0pk1nUTm+SQG22xiICRBKVKo24Er6YNZ3/BRH/hBRB4T1Gz1/Wb2Lzor2CEac/2KexPloixTSBWkkVV3PlQOcsSAa9LMpTeOoynBxU4SSva7Ss23Fapdd76dDjyinP+zcZBPn5nD3o3cYtNNpu2/TXfe2p9T/GXwxc63+wr8N9BsriSa4bS9L06G2QDe0t1bRFE25B3FWG7ODkkAnANex/sqeC/Gngj4ZteeK9In0i0j+Elzpti0uyVpEgu5cvJsyFJwcKSGAOTnPHn3xB8ceHbD9l/4bzWjeRLcaZputWCSW+4pLYWEBVFxwGcpkLzhmw3dj7h4e+P2q6v8PfCvw1g02zkt734X3muatq4WFL+I3Esm2F0Rm2hgSoGRgHO3BzX4dxXLNsyoTwWEwqqYJZhOpVqrm9xwnCyik7Wsm29Ul0sfrnDksPga2Hr1ZcuJqYSNKMZaxcGoNO3Mmn17PTyt/I7+0vOsn7VXxBumfA/tSFkl25DjykIyAAANwA5OM9Fwc0up6/anSjbptmluHjEh24KEsBgjngru5+pOeM537SM0SftJeP3ikLRDU4ioYKS2EHG1h3xkMPTGa5dbmCSJpyufMljQqT90qwBbGeSDjHU4yOOlf0XwulTyfA0/haw9KL6xXLThfWNr3+HlSejZ/LvF1RT4jzKpzNJ42u/dT0XNJvyatay9XZ9NPxFoUYWF0ZCjxxyH5ztJEe5VxzuyVA5PJ56nFfo3+wd4w8GaT4G1XRfFOvabp9zPr0c9lpt26xG5AfYwiLbRkn6D0ya+GdShtLjT4g6qi+Sr7m2jIEO7KnPX8WJwQB3P0h+zz8NvDGt+BpvGt+hvdU0nW4o9EtINrIJLeQTk3MO4echKlWBBwM7jxXneIWBo4zKPYzqSg5VKcouK1Uk42tG6dl369LH0fh9j6mFzZ1KEYzUaNXmUrO0Wot7vppZaau2+36VfH++0bw1rFpe6U2nXdrPosMlpAZ0eQz3MCqIWWNjgc5UMN2ccE5A+HvihfS6l8P7u9uozHdjSLuN7RQUEXluQAcjK8HtzuxyATXe+MdY0i88RxSapBP/AGndtpd8qRny7OD7O8aCFYAxRM7SNoByME44rN+NS2f/AAj3ie7uFaxtFso7gQpGFJimgLOAAP4jkhu5yDzXyXDmBqYOlh6T9+ScUnJOL1cNW+6WjV38T9V7/EGNWLrYiaso6txelnZa201TV7apJrWysfjvaaxdzXq2kOj6cLi0Z3hddPSWe7IbcBJIw+YMAASSRkcjmrOveOde0a5ii1bwX4aSPUUhEUs2lw+YsIcHdEvIDbhztyc84JY41IfF3w70rUR9kudWjmXeLpzaq7oXf5hHnqMZxzj/AIDxUGq6/wCBPEFzH5uqaxdmBWjsjLZp5cWTnZkt8ueeV7YBwev6bBVnGUXTnJaa2utbd23tZKy11vufkddXqxcasF70u2t7JN63u27X01W7sdjr/wC0F4stfDmlaBYWeleTHJHLCkmmQJAsTgELGu3avl8k8YU8Ek5NYeg/GHxKurXlzdwadKxhQNG+mRSwrISFVYhjGc/N1A59a5rXbTwFP9jS+1DV4drRKgjjG9UCjK4Vhg9MYx2PpXUeHp/hlpyXFrNc6y0E0gK3TWytPJjGCrE7hjoQSAeCemQYqVT6vGHs5Sm/hjZO91F9NU763er7LUVJvnblOmoPrfRbPS9mlbVXld3W626p/jf4401Lw3MWjWljhnhlGi2jlZJBhFHBxnnnnHTNeV6j8cvGENrf3EX9k3sbIqsv9j28ZIbOQwKjKjrtOQo469Og1y9+F7NM8k/iK8tYpIx5QXCSoMMV27iFIUDrnbnjvXPTa38Jo9OuLiLQtfaz8zEULPgvwc7yGyQDg4HA9sYrHLaVaFSMp0JwjFxuuXfZX+JK1mknq73d3rbatODg/wB9FOTsmr6XSa0Tslb5p2PMB8evFJANzpHh5bdJJFH/ABJbYFiQcZ2ptPPJIIAwTzk0o+OfikXcLRaF4alCwbww0e2YoVYFWIdPugMM9D3wWq4uufCGaF45fCWuSIruxTzmUcMDhTnGQMZXGCeWPRTtQeJvg/mG5j8H6sqRIsTRNOVEgxht2AoPODkg4I55JNfY15QnRguV2dulmrJXuk0rJ7318zx6SlTqK1enum+XVtJxWqulbW7vtd6XPpL4W+OfEniHTtP1S20vQWvZHntWQ6fBE0mY+JPLIH7pBkDp1zknptW/inXtPvmnMFpeXk9xdwyW8Gmopt5BnCRvjGAeYyWGP97Nee+Efij4G0xNOn0HwtqO+CRoyjSsIyJOGwAdu5RknuerZzXdWPxu8I2A1hP+EU1CaL7UZyZG/epcSgrlJD84jBOeB3znjcPxnMcuxzzLFzpYf2tOVW8JJpWXMpd1p1ej1a0tt+j4fMsHDB4aFSrGM4Q1926bSWtlbVOzau9k33fyx4t+LnjLTvEF9b2X2Uyi8nMiz6bGxjzn92SVy4BGDjIwGJPSuet/jh8S4LkqBpTJxtUaREcZ6sfky2AMn7uc4PUg9pr3xK8Ey6reifwzcvPNcSXEzBUklTeSQokyWHy8dgQMewqRfEr4bNKp/wCEWvoiyLtcKuWI6huc446cA45wpJr7/LKVeFChB0pJRjG9lFWtGN92ldvy9dbnyuPxFOpUqSjiFaTlJOyT1StLtq+6/C5JYfHL4iNqkSk6YsIt/mkXR4SyjYDgZjPpjOAAfXAxuy/Gj4kXMV3JBd2oZowqNJpVsqlAxBxnacbRgDttHynBxWsvin4AuLpgug3Ko0DQnZbxB2IUqASecfLhnz7jnAOsfix8MxbpZyeGbouiEMRbqW3AnBzkbiGHXI7kgjGfQlF+1lJYWTi+totu7VtW7NPTotnt08etaUY/7VGKurPRJ3s2rXavZ3V/W7PJ7n9ob4jmC6tGurQyQNs3rp1uqABsY4A6jJA556c8iez+OXj/AOwu8VxDLKjxvuGnQsu8jkfdxjpyQF59zXQ3vi/4WSwSE+FLl5Zv9YgtkTOWJ3Apj6McDgjI61r6f4n+FrWECp4fvY9kkYYIioCBg7XwTvYccnPDZOOSdZQrJr9xJWs4rli3yrlttLutLtbbodFUr6YmF3Z3cY3bXLZu1vPulfpZkGi/E7xp4linWe8htWWRMAabEm6ViMhRt6deScYznIqx4k8beNLJLQ3Op2Uc53xf8ekAcqASDkDnOQTg8E84IJPWW/jD4T6bNuj0PUWWby3cqQdrrjJwOnIAHA+g4NZfiHxb8ItRaN5/D2sCJFcRbGYlpSCAck5zkdD6HqKqVCt7anJ0+VSSvKVlZtKyaWt76at6aaaGmJlS9lyqvFzuvLtpo13erat8kN8K+M/E2p6bcTC5gFxEypEVtIijygDc75zvY4BPUnJBByQaN/8AGDx7FqMcH9pab5ux7VidOiCbVOw/wjc2V65OSSDz1rx+NPh5o6RRRaJqsdvKpkjRJmVtwXaHJ3ZJP8QIyM5yc8Z0viv4aylZrjw3q0siuWLrOVIDHOcAjkkHJHX1xUuladWLSTla7dm7Ky113d3y6aebF7dqnBRnorS5b6Oyjrby6XVmrtq51fhf4/fFXwrHfWOh67bWVrczTvfxPaR+XOzoyZVSMK2wlVOMjA+91rltB+MXj23u7m4ttZit4g9xLNbmFDEXmbJmVGG0MWJO4MDnnI5pI/GHwvYyK/hTWG8wHCG5fnBwSOoBH0GcAc9QyLxb8J4pLgR+DdTGQiuv2t/ugFWDEc4xyeQcHqBnPjw4fyypVqzlgqFSVV3nelTcqu1lLq7W6tq1/M7YZ1jfZQhDGVYRpJKmozkuRXTajFNpXaS079tX7TZftm/tGaFo1rpGnfERobS2SSKKJrWOTyoHUqUVmBIDAsO3OCuNorw7UPiV451CaW61LxJM0eoXLXd3Ep/dTXMj72lZMY3k5PrzwccHVPjP4V3KNEvgvU8ooABuW4yORy3zDkjk9skEVGnib4V3DKj+DNRxGpJ/0xhuAPVcnB5zjr6cnpvhOHMlw8pOjluFoSbUrRw9KKcvdX2Un1d9na/lfirZvmdepGNTH16q0SUqk56WVrtyd7ve1tNdNGaHgvxH4w8T+KIrObX7u40tURp4txKLDGdqrt5A2hvujg8ADs3ofiX4kfE/Q9bfS9E8a6zZaRBEIFhimeCIKgwEIXCkgY6k5HpjJ57wp8SvhtodxdXWh+DdRguVVUcvdNLvVeD1BwARkjoR171vXfxe+HM8sp1PwffXNxIS7ymQklick47kYP4Hk8fL6WEwlLD45yVCDoKP2IwUU2ot6Oy6taJ2b6Bia9RYJr6zKNdvSV2rq6vHW++lrP776+fyfFr4opqcNpD401YwzXsKSiOdiwLviRguD2BLEAnjknkV1fiL4tePtK8WxT6b4u1OIWzW0M077lZQEH74RgYYknLZ4HfgkHj734o/DOG9WSPwZdwyJcgwuJCpDqQVfA7BiM+2OAcg7c3xe+HbxPPf+CJ7mecIfPZssCRwBu+U8AkZbrheDiljMLQrYilV9nGUEnKUJRi7PmSjvbWydu2l3sjXJ80xODw1aCxM4OUruUZWu9HraWrs5b2vq+qtsX37SnxK0+4j+z+MJL+drxZS9xaxszAMCcvt3HIOTjkYyCSOe8+NfxIk1nwD4Yv4vGMmp6xNNbXmowqoAsp5w3mxqoXCBBjgY4wcYGa8buPi38K0SIr4Dk3ZL7yitgjhiT6DjqCAeVOAQca7+J/w5nAH/CL3oh8ws8ZZijsf4sFsDGcjG0c5HGaUZRoz5adOMIdUla3u33vrbTp57araGNnKnUdSq5yqPmTbvZ20s010l32V+qPNJ/F3iN5rsrrV9sbd8yKTnfnPIUBc5bABXg8ntWZa+I9fLzq2tXsaohzv8wbj98cYI+Y/Lgjjnn09ft/GPww2F28L3yi4JON/yrtHUZIAJ4BycnAA61PZa38Mbt3MHh2/HmRSE5fP3BhiCTjPAAIHXgcjNWuWa0k27N2drXXLfr1u7ej0PItKUp3m466e8pN6pba6O6a62tZb38dg8X+I7W+tj/bs8vm7A2RuYIGJMag5wcHOQvJ57nGpqPjfXJbs+XqFy0cDhSXgRnCsANp+XnB5zjjjJAHPWS+J/hVHMqf8IzqHmQzKqyI5XJBYnknkjaM/KCeo5IzoXesfDhooLpfDmoN5zAyYkIBx/AVBwcYG485AwDgiuylKXsnFycrK7V07LSySctNr6XtcXsXGSftIrtLS9rrXWV79eqt9x5pdeN9URG8q9d5CTuzbIeo5xwT3OeCec8nrsaV418SrA/lXsRgt7di4NpEzMzocYHGcHgsPlzzjitO78QfDYTknwtfLGQxx5vJYjGGwQcHoAOfqBxf07xf8LraOTzPC2pbhGA+ZGAkBPJALAYGeB09zkY5btSS5U09LRUd9N1zO+mrs9dU7bjhTbd41oXaXw7293bW97Neq8tDc8J/FbxfaWJii1C2VHwIt2mws27exJY7M7h2PzZHB5NdDqXxN8dXKCS/vNNKJKCkg063ByqcBl2hirEY5HXqM4FO0rxH8LzZWssHhfU/LTc65lwxIByCwIHBGOAcnIHIIp0/jD4Z3aSs3hvUvkcMAZSpOBzke2W4IH4Dr6+EnBpRlRfMno0oWbSvf4m3a1la17W0aPNzGnVsksRCLutHeN/hV3d68rukkk09FojC1v4geJ2srSaSW0kuGu43jiSzQxFMA42bSBwfmGDg9CTwNdvF2p3OiSyXv2MT3EbIkaWMYCurbgoGBhXx0A5X1DGrjeJvhu2lwSHQLtYFkLAtIC4cOSoB35IBxnAOBgZ6ASXXjLwFHBum0K8VS0TRhHwGAVS5Azgkr1Jz0bGAwFd1OzlUUrxtdc11ppu7SV72ur9umiXj16E70n7ZSScUrbNPlfxN31u1e/wB9rLlrDxJrCOty06WyywpHFHDaoFUpgEhAoAJHUng/ewM5N2Dxx4os5pWuL5RGS4heS3jLxkjO0Yzg4IxtHoflBrrbPxv8NZYDIdEuy6DzFCuSAQdxHBIBzwNwOMkY9IJPGXw61CRg/hu6UAGTOCWJ24DcnOccYAz29q5Ur1FHdtuSdl5bu9mmnZLt10OvER9pSj78U0ntdX2bTadrJNuKT0XKtdDzi88f61Olxtmhmlug8TvJaRnORgfw5GcdPzzjJwfDPiS8sLiaK/eAB9zMi2ykyYOdhOAVBGAp4OQAB6epjxL8NEuYVk0K4CXHyOzDIAJIJUHocHJIH0yRmuslg+FEyG8j029VCh3SchxgdjgkgjgZHy5xgZzXJiPcq8qvKVuW0Vde9yu7tJPW6v10s9AwdC8ItyiuVaPmdve5b296/rdrfW+x51/wkNncWs8kEcbZZmQTQRrsAByMvjcRggKM9iM81U8HeM9DbVILW809mgh+0efMj7ChbIVkHRF5wQp5PbkkdzqGs/Cew0+KS3068kTeUfzGOM/MG6kfNk8feORyAd1Y2iaj8LLv7bd22kzs0Z8vasoDFWYFiecnacEccHnHakpRcGmlFxWi5V7z3097S2yaf43OqGFm6spxldNWb11SUXorvZJ73vez2PNvGfiS7h1k2/hi/wBUsdPiXeYUuWZQ55dl3dQ2Cf8Ae9D04W58aeJZEKHWNYaRXJXdJ8pC5A+9tz25GPUYPNe2eJPEXwv0i8R08P3cqSxhTJ5jMFOMhTg4zu6AE4BGT6+eX3xL+GViEaPw1cyNlgwkO7BbPOCRhQMnoR0zRTanG7vGy95XWj91p8rkku+z1Vu6ecqcoylFxUre7FSSb0S2u99dd1rt0PMtR+IHi9La4E+s6huQxmFMKd+CCvPJAAzgbs9Tnnktvif4kis3ubjXL63ut7CNEhUKwKkAn5Wycdj6nJLYx383xL+FxVt/hKR3ljVlBUEMSc9zkEZHGMZPX1qXXjv4eBUz4OkXzCrRrtQLjbj5TnjdjOBx0IB61z1JxjJpzUktX7sdW9Xez6dLX6edu/DSapfCua+mkFdK1vhV1ZeflazPNIvin4zuHWOfxFdIiI7K3lLuJJIHQZJHtn5vmOBxTYfiF40Z0iTX73Yzu5IjjHzA8ckjoecAZ49s16OPH/wzz5g8DyZcFAAoAXjAbCngkYycc5HpgVz8Q/hvDsH/AAg0u4lyTuyCc9sEjBHGcZ6ngdcoSUY25k42u9FZ6xaS95+u2zW+hqou97K8krvlvfRNNJbcuj0smvPRcdJ8R/Gi3L48QX43wcHy1YDIKnI2kZIwctwxwOCxFVR8S/HsBjI8QXnlKef3QLAt0GMbevY5zjsOvoF545+HnyzL4GdVk2AKJACCwJYAAnce2SAcngZ5ME/xB+HYgOPBUx2MrAGTIJyOMcHjI3d89hmnCcFFppq214wtd21tdSV0u7vrqcVSlVdVyVSKSsuVpJ3und6JrVadLpK9jz+H4k+PJprvPiC8wFk8vMS7w2BjkqFC88DvnPJ4InxR+I/yRLrt4JNu75o4z+HIHzHGeOB0HTJ9DT4geApbe8eHwMAqrE0m9wjDk5OeDnGenzEnBHNUW+IPgSSVPJ8BqXXCh2mI4HK+pHODuJx3BFYTSbXuSnyydnKMNPh681r3ei2+W/VSdSMVzVIX0Vna7+F6X1fV/h0ZxsvxL+IKypI/iC6X5TuVY4wT1HAGTtBzk9d2eTniSL4l/EFbSWeTXrnykmGQYoQSM8AKDyuPY4xwMjjrD8QfBZkjmHgCIqu5JGNw2Mk8MQFbqD+OBjo1Je/ELwcNN8tPAMEbCbIfzWyUznbjaMkdTjrljjnB0cU5c3K9Uub3Y6K0deyveyTX4kOU3Hl5lq1so21tZ626u1rtruzEX4t+PZIZGGvXJUso2iCHkDBBI5yMttORnOfQVnD4o+PyJiuvSxYJXc8Ee3DMxIUY5BB+6RgcZByQOkh+IPhTeuzwHblSMgmVgPu53HcOTk9C3bjqSsK/EPw0SIP+EFtQGZjksc57jcQMjn5jnHUgk8FS5fbczTaa6qDeu60uu+trXS0uzOr7RSpvmXK5RvbqnZNKy7We/wCTMFviz44b7NAdZnfkq+baLaQFzx0O3IbOBzk88gVdv/iH4zuTti1i4nHloMiBEEZ4JG4IGwMYPHXJrRl+IfhuCBp08C2mYHIJkI24cnjIXryD93jjoBU8XxR8OyIzDwZa7G+UgNtIO3ocgEbjxkA54xyeFT5eZp09Er7R5ns22r8t97aWXl06qqqSpxaaWibb5ZP7PTmez3vovnYxZfEviV4S0muXZOFLQK/VgBkj5fvA5ySMdB81Tx6zrbqr3GpXkiMgeYs53qVHy5HXIwM4I24JHeuji+JnhqVSP+EIt1UL8y+ZlsqckjI+6MHpgZ7HpTZ/jF4fiAUeCLQqgeNWdVGExtzjaSx7ZJ6YGWFb4aTje0LR0TSjFPdaNd7bpLS97Kxyeycm+drWKta3vX3utHs9E+vpc4eLW76W42G8vXiaRijCV2kx6c8Dg8cYx0x1q/8A2ncAFI570tMeS8kh5Dcc85+7k45zz3FdrafErwsvkynwTalTgkleQXAYcYG7qc84weBjGNSH4peFhPtHgm1YhyVBGACGGM4XA4H8JwD1JwK7qcpKDahq21pyt8r5dbOW2r0v3+XHUw8Yuy0V9Ho3ZKO93da3V7qySa1dzg49d1WwhzbajfRXLSqGSKeVACAQCCM/PwcHhjgHoVItQ+KPFpiZ21/XFRcM6fa2IIxuAHzDJ4wOO+CMcD0Kb4l+FblWkHgm0Vo503BeTggnaTgDn3yOMA5JAsQ/FLwr5kkX/CEWWZPkDMwBBHXA2ADOAB1xnJBPQhOWrlTl/LFLlXbfVNW9NtjNRkmouSsnv7r95pPXXXZX3V7W2RxP/CYeMJLd9msawyRDJd7t/mQcBCPQLwQM9DjnIKTeK/FCw2rjWNZheNQ6sk7hFUcbUxgjdyckg+g7V6Afi94Zsra5gXwPp5MkoX5grFVBPI4GMHHbBAxxjihefFzw+hgmk8Fac+yHKRoyKmMAAsMYBI+8AMZHJrllUkm+Wm9kpXs7K8U3fZWWrvdvbV3T6KMYyV+ZaJXs0ktY36LV9fJa7NnBnx/4xZ5C/iPXWSM4H+mybmDcYBwFycrjHHqOM1Uj8ceLVlmxr+tpErFztvJC7DHIIwqkkEtksxA5IzgV6APjB4UMbN/wr+wxtDOQVBPPJBZeTnvjPqMUn/C2vCjoWTwHZL50bLgIpKkDGeVAB3d2xwcgnvPtk/ecHtvFK7ckk7Xfn6vq7u53wovT3k3pa7i781rWbb76a6666nmEnjjxiWiC6/re13JLG7ckjcSvByuezYxzzuNK3jXxcrCWPXtZdjKQD9pZe2Cc4zk5JP3ee4GRXVP8WvDWUQeB7IbCyDO0FVbcASQrAnHY4C88qc1nN8UNHS5DJ4NsCocGNHK4GSePunOTjPQA8HHQEJcqcuV6tJv3bLa7a9Hbbba5bottK8bJLR2vd2u2tfRd9mup0th4t1u40SCO51nUH5lZ/MnkY+aeArD06knj0HTFexfBj4ieLvDmoazdaZr1/YyjRLom5id5JdyI/ltCCCAE6s/JGBjgGuM8P6zo3ibw9Ler4cgt0gllV4IsJhiAQUbALAMcbQDz0HGW+kvBEuh+CPC0+pan4UsrhfEWmtbWUpnUSW8TK3nSSMw/d7gQCMA8dycHzMe17GcXzJ1LRg1Hq5R00e2j9H30MctjGGPvJ/A221FW1sul5JW0vru30svlzU/it4x1LVY7m+8VX+ps7SiW8vk85jvkYugLqcKCdv5k15/4j17WtSv5JJr2Vo3jCWpcLGhyRgKRyASTg5XGDg467GteIdAttUu4f+EcIt7eWcw+VetjEjlyQf4gQflx0BG0DIFZEfxC8PrMkA8MW8iLtUG6uJJTGVIOQxTODwSDnuOnXXDRk4wjJ2ut/S2lr9Lqz7621SOrEUfa4n2kI6t+7e2jTV4tXvaOjulukytpZ1VZXW8v4o43MUYLFCGLEZBwSOO5Hzc8E7vl+hX8C2N/o/hy4jaTdcI6yTrJtBnzsVhzgKBgAEBh0NeNjx3ot9IkaeHtMSS3cSrGhOJCAMfw9cDoxIIyDzzXqq+O5JtD0eLSNIYSRSl5QsU80KSEkBAVQhccHbk9R2PGOYKcaHJeyUlZya1W6teyt3v6rax0YCnNYtyqKbUVa2rvdrtfo35Jeeh6h4I+BEmt+G/iJqjnUJU8JaQ91BPb3A8lJGBkYTKzBuBkA9s8Z4r5k0y3jkaCO5JkViEjUN8zSedlt5bvjvnBHfgV9DaL8VPFWlaHr+i2ui39rbeIbCa31a6ghvVMgkUqB5Yi2uCp2gHjIPH8VfOgtL61kjW007UZAjNMvmWd0HJyeGAi5bOAAfwI6nw8BSrLE16lWpGcJzpOlBO6pxUYxlzXSTu02t0tOh9LnVfCVsLgqeCpTVelTtiHK/vzlKNr6J6Ruk0mlbds19ctoYrtEtndTLc20Twq2f4lbIAJBPsRwehGMV+iPjnw74Hu/g9carrejWt1rVp4ZsLeySVAZgGt1HmQtjG7dyy9NoGDkE1+aTSa9cXUFw2kagoF/bbmWxuiyASKDgGLJxjORjGDnNfZfxi+OFt4L8PWvh+/003h1zwrZW1tJNCYXhPkBHbBXcrZGPUnuTXoV6XtakIwlZqzuu75e92lbvpvpbQ8KhGtCjJThJxnp76fKlfRuTenV3ejvfor/PV/4I8I2fwsm8R4v4tXdvskgDL9kieWYbUXqSfLJOFyQU5xxjzC4+Gvh6HSm1GO6nubh4lOcgoP3W85zzweMkYHAOQ2K8/1X4j6vdaOfDq3RXSxdvcrbK7bVdtxVmOAcqcDOCAQwOeQOc/4TLWIojAbyQxMEQxB2AK4C5B4zx8pAOTjJ6g110qMqVR+9OScrt62TaSS+JrSzS1Svq1fbgrQryUVFciv3ulG8Ur7J3t0tbpue8fC34c6V4xmuYriScrFHKSYmCAsn3VBHXA5A/DIxirfjX4V6V4X1G0kt7i4ba1rIvmDpKs6cMQOVzwMDPcDoK8h8L/FHX/B1u6aYY8zMzNI+d4Ln5ird/lPcZHO3nmtXWvin4h8TCxgunRZPPgUMQT5jGUHc7FCRwCAMhQTyec12VJQlCzTbWiu9b3St5X1tay77HB7DMPrinCp+5jKN4Xv1hHVbXdrXvra12fcXxEt7e5t9LlkkEtyPDWmDETBdqpBwPXGPlJyQSQG5wa+UNQupLTU5JopfIQxE7GbDcDO1sFcg98cEHsAa+hPFd9fPBpcx07Upol8M6eJJoNOuZUEzW6gqrJGysATu49j97IHyL4lTxBa6p9oXRtYu7eSP7zaXfbFEhwAB5PygY4Xbnb14avPp1IxpwTac7trVX3WulndOy01vfRo0rYfFVMVVtCpyvS6T1fureyeu10t39+5a3lxJG08itKTNu6qqkHPAI4B5x/eJ45q5afajZX0jRmJPOiG1YyWCk5UbeBj5h8wGMfXI5q01i/srZYT4d1WRYnDuo028LrnnIJhHysCMcHHXsM9xpHimW5tbyIeHtURpZIlBfTrxjEDgEtiFvlGc4KqDjkY67+0gmm5RWtlpbVpN2b/APAnZLVaW0RyVcNjNvZTfmlK7Vlfotn0v892YF3M66yIhE3zQxBiWzsyAxYkkH5R1A9c4PIroJ7QpcoISoMsSKOd2MjO5V4xyMA4O0nJxzXMa4+qJrd9NFoWqz2rwxiG5XTL0KOBllPlDnOTySG6YXJxctNW1iydL2Pw/q10VhKbTpl4MAqRuC+SQoY56cfKeQMVcJJ3u4JLV2tbSztsnPSzv11eljWOHxappunUSSTekvd1V9Ek22rJNPstNUXtfDQ2gkkiMqSQtCSyghpYxkFRg4ZTk7sk5bOc14jrep3scFrYhWgh3NPlSw3HOV3EcMfrg5OBgCvZtYuda1e2tbf+xdVs42ZZVZ7G7xvk5brCDgcE44wc89ai0H4YWfi2PUzrN/qOhT2jxQ2Ly6deGOQsSHlJEIJVAQSR2I7Yzz1kpRvFxezbunppo29V3Tut9LvQ9TAxrpe9GcXokmnzaOOuvVpXWtrPYq/C64jj8P8AirUJ7fetr5TuwX5XA4Kt2+Y8EE8nJxyM+t6be2epWXhzXtL0y3sJbFLi1vZHwxuZ3BZZShOTuB2gkeuMjIHIX3heTwZ4Q8U6Ro95ca6bxre3jnttMuwZHjAaSQgw4CFQFBHXaS3J3VzOm6x4l07SrS0bTbuH7OYzO4sLovwCB8ghxkA4J7HnoRtyqYeGIpQ9lUipQXvJpNO3nHWNlre2q1d9Gd/PVpczlTnKLbaag0/s3bejXdaa29657d8O7u71nWtRa8JCWcM8krbURCodwFU87QuCcAZIAJI5x1Pxc0Sz/wCFJapfhFR/t9sEwThw8hG/A4OeclcdfTp8v+HPEXifQ/EVze6Xb32o2s1rcJcw3FjeQxP5xOSV8naSpb5egByeucepfEH4t654u+F1t4THhprK5W8iEj21rdErFCRgNmIZYsNxI5wyj1B5405RVrxlbR9U1eN7PXRb73v5owU6yjJqE1qmk25c2sXultFO/Vt3Vn08r+CliH8T2qSTsgEV4ioBkEeUTxnquDnvz8pHJrfvtKNleXRdX/e3FwI5C5zt85hkgHgdgADjnhulZ/wx07VLDxfpnn2N7Zwm1nLzm0nCo7RE5dimFLEgAdRx14rbnOsrd30txpOoXiJfTRwObK7ZSjSlldSIiMHOc8nJ5IwMddFOMYvmVtU7t6ax13TV07q1tbp31OSX1pwcfZzskrStKVtV0s7PtrutX0f6s/8ABOfwBD4l1bxHaXkGozWaW1hPKmlyNbTXJMqgRtLlT5akqTtzhs4HPH6dfG/wd45mvfB9n4a106EdCjnlg0dtXkjN3DGWKG5lVgC4ACEMSS+Tz8tfmT/wTiuvE3iv4pnwVpdxNoMraF9rZ7h7nTY5xbEy/ZGdkQO8uMR85yccA5P66fH+w0bTdR02w8SeHtVtb1NEeeN9GvLm7V5AhRp5rqNSUZj82GIwSCMgjPbltOlVzJOdONSMYWUuSDuko3WrTvF/9vN20krtfSUsViYZHCHtatNqooNJST0lHW14trv0aWvVLlv2ddR8Z/8ACf6tbeNPFH9raR/ZU1wdA0/U7y4urS8SBlUlnwS4IDqiMVZcYGen1dqF94eXwX4vsfD93rrSXenRNqUPiBS0QErqsnlJcbeASAm3dtOACWHPw9+y/deCZfivq9r4Sl12XU20Oe9vz4huLpjA0ds8T/ZiykKq9QcgsSMjPzV9Sa//AGnc+E/E19qj2t4BYxR2c8F2xdYUvQpjli+UFlGSzMMludx4FcGbUIPNUqdLli3QUVFqnFSU48za15nrrdNPVb3PocqqyeWSlUxDm3Kbbl70nZxuk221yp3cbNK977p/Gnj610Ky15rBJdetLVNJheaKy1EW0LO+0tIq715EjdBk4ztPSqera7e+DYdL+2eMdW0oXunxrpi3OpTXMjxLjbxGXG7GMZ5LHnqRXmnx3S7n8R3UkOzy4NO07YqTPkMyqwQhSCw65yOQOvGK5nXvGkUV54GXUWtZlTTzZeQ1mLmSGQR7EIaUYVgcfNkEHgkCvccVTjS5oNyndPmkuVWjG1k1ey6Lq2eDVcJ1pJ1+WEXoo9XpporNOX3PW3fv9R+J+l6jZyWF9418S3TtcqrC3s7iUsScldzLlgwBIyO+TkAV+8f7EvxI8MfDL9nbT7D4hXN9DY+IZtWuNLdNBvZp7i1ngdY3vZY7Y7xJkbw/yhT25av56tJXUbO9sL671SGCCfU2dLSOwjlupIuqbSqsoU5ULjr3Y5r9A9K8Y/tA+D/B9h4ktfHWo6n4KtLeR18NRjT7lLPSJxtlVbbeZlcRswdPLO04Ga+P4ty7EZpl9DC8kafLiqdVe0lKEfc5tUlCXVtp2Ssr9Nft+C8bhsqx1fFVJSmpYSVOSpxcprmcff5XLZNauKv8ro0fH+r6X4Y8I/FXxx4aNlPbNqV81vaSWLWjtFdXDsjxJsQsdrbW2qeDjjJz+ZsfiRfGuuW51KCLSIr+VxLcadauswVwRHtJQYZcnLLyCeuMg/b3jf4waL4z8I+KdOilv20qPTrKdHk0WO1uIZ5FBuFkAwrYcHYTy4wTgAk/JdrpN7rWtaLHo7RvatcWkdlNN5djLJIHRAGRSGOT8pLAZ5YgZOKwdROjWVanaWHtSu3zx5o0ou6lZc0U7OOlvJtXOHNpxpZnh/q9RqniHGo46x5pVZq397bSzXKrInt7LxR8PYNVTwZ8QfE1rFJbtfXFitxLbNKuDtBQlF2lTwBwQeMcV5Le39xqcKXF3qmpy6tKJHcyXTsfMnOGMjqWK72OSOSwJ4wSK+qPjpo2v+GPD+pat4g0/T7S58q10yAWl950wURoF89FVQQ4+YHpk5zXx3pF7cx3SXP2ezZJYd6R5LFmADISR0LEc+vT3rLh2lhasKuK9lQlUnWs6sYRU3BKK96SSlol1ejvvdmHF1fE4evh8F9Yr+yhRhUjRnOUlCUmrOMb+7rskrdVZntHiD4GhfDXhVfHXiGUnxBaf2hoVtBKgjht3wZDOxcMHO4DkZyOBwRX018Orfw74H+DPiHTJdW1Kx023Euhpi7Z45p5YyYbowgne5ziM4AXt2I+cPFXiXWvFNv4SOrxWMB0zTY4bOBIyWEIZRu4GAdo5xwSBx0I9s0v7Avw78RrexxS2dvq2l3F1cTxjbEzq4VYkJ+cMRtIIAUADIJIr26mEpVaWJhiKj5Y/vIQivdajJOCkkk5Wdt/J66M8vDZjLDVsPKjCXNycspTu3rG0mk/eTvppZpb9WfB2l6bLq/jmDRdPvg9rLqtwsKySMJEUtkTMWO45BLkH1IznNfWnhTwV4fbUWtrTxALvX9LtJ55oXmMUMFzAhIHlsRGycAFTjJIJ9a+efBLaNB8V5tSM4ljWe8ltgYVRI2CllLqSAAFxnAwvfFe86T4v8OXN1qb2FtBHqTw6it9dzRpGGQKQzxGM5PTCgjBPXG6vWyxQhRlzXkn0d7uKtqnpd9Y9la99L/OZl++qyldXc3JvdtylFqUbNu93o7u3XrbH1XQ9U1ZrnW7TxBpb6vHZyw3kcEkNvBZyK7qqt5LbndlClsgHHGMCuV8H2Oq6L4r0m71rWbbSnvm+yNrulTGS5igbHmyKEYIC64yzDGef4eOn+Hsfw40uTX7jU9WeQ6vblnieNpRbF3bzCyg7tzAkq6g4XHUgkYPjiz0LS9a8MS+AtQjvdOnu1My3rlhKxIcRKsuCoVjzxzkjkdejFYanKg3OcKvtk17J00+VyfK7RlfZayVrJ3XkY4TFVsLWpzpqpCVFxk5xbXM1y6t3Ts3vZppuzdtD6+0bxz46l1K7sT8TvE+peHNPs1ttPuItYlW9t40LFYY4nlVY97HkAkMGGcZBr1j4ZfGz4qfC2G4hstT1PX4dYtri1tJNV1Aefb/AGiSRkm84MxQksFfOFJJBPzZH5f/ABd1bxJY+H7mTSp4NL1CWYO0llcNHIIkCnquCOByMDJ6gAVV/Zj8ceMrvWtegv8AVG8QW9npnmQW2pSySss794BJnBBB5BX6AAAfGQ4JyjE4n6tUjhqkMVOM5ynRg48yvOya5Za3e1mtLOx9uuPc3p01VTqRnSgow5atR8ybjG0oydmurVnZeun0p+27+0X4l+Lth4W8N/EjXtI0vU/h1bSvp+n6ewuLiaa5feJp5VZw0mwjex529umPz38NfEjxL4HvZdY8AfFDxH4S1fUCgup9B1K4055ljIOyZoXUuv8AEQVbBA7nFZvxnsryT4i+IJr7K3N2UuJIzK7iIOoARCTggZxtAOOxHNcT4a0G81u5ttN0u0t7i4kYviWUKpSMEsS74A5yCDkkYPJwK+uy3h3BYLCLLadOH1aM5NUVTXs3JyUr8tpXTb6X2+/4/NM+xePxs8dUbjWlyrmg5KaaUErOLUtE7adl21/Vz9kD/go18f8A4M/EXQrbxl8W7/xn8Ndc1K1tfFkXiaabWb3S9NaUGe70+4mLvDJGpfIUZKjPGMV/WH8L/wBon4J/Fu00/VvAHxK0PxTHfRgjTbK5UanFCxIBntZCJI2DnDZQLncMnBB/g0tfD134c1yx0/U9OiiuGuFLLbTJJDOrKrIpBypTYeQBjg5PIz+lv/BLjUp4/wBpbW7eKcwLDpcwSBCyxRKtxvZREjBAFxkHaMHnIBBr808ReFcFDAYvMcDNYarhMNz8lOnGMKzjKK1S5eV6tXsm0tb6n6JwBn1WviMPgMVevTxFZQU5yl7SDlFWXvXbWl2mr27bH6b/ALSPx7+NEvxI8S+F4/iB/YXhvS/EUlto+n2MDz3aWEgMcrO8QKFlV94LkFSM/X4g/bg+LnivTPhD4d0DQvHereLorq+hj1KLxBAscSBh5ght1LFiXfncBkjdz0r2L4h/EZ5PFnj2xsbO1Mq+JdQ36lOvmTgq8iBBIVLAHk7fUHI3A5/On9p3UL7U/D2nNeTi5mi1iHygwbYmVyoCgYO04J4DEfd4FfmXDGWyeb5T7elRaU6Tqe7Tcp+7Btydrv3lZOTemyP13PMRSo5NmH1dzU1QnyS5rKm48qaVvKO/KrpaM+JrfxF8TLDU5p7IW0BmYyNG5TaqkZICsdgGG4AADDDHvXpnwy+K/wAYvDfiFb6wMBnJAaUqq2pjMyHbN5bAvt4wWBIAIyeleMzeK/E76ne6ZFFpUv2bO0yRKsmwAceZjLYGQ2Cduct1r3/9k3w74i+IPxTj0S2g064ul0y8lmtbqQ/2fGoypkZCCu9GYMhOQDt5zX73meDyujlmLqV8JQlTpUJVKsalNOEuRJtNP8b/AHH4ZlOYZpiczwtHD43EQrVKvJTfPJNTbjezvoru7s1ZI+jta/aT+MetaqumanfxgXFuGlOnsphuCuFEblyFCADBXj0HJFeF+OvjL4lOrNb6lqGmIDbmKaGVUnfztoWPzBjaHznaVJIPQjOa7P4++ANd8G+FNauNOk0241Cz8RQ6cjWExS/jyxE2xRg+QHAUMG98dRXxJr8V5b3r2euaW8cs8cMr3stzvkTCBywJPzswAPXOcY6CvDyPB5FisIsVgsFh4Q9ooJwppKMoySaTitXp07pp6NL1OJ844gwFd5fi8bVrVHTTu5ykmna12rpXas27rXbSz+2ft/8AangCO9146dHd29k0wnhjAe7gYfuVQqoyVyAeQOMgCvma38Qa7bXkUdlax3ioD/Z8IsXuZZyz8CKJEcySEADCKTkggHBI+ttOu/B158D1jAkW8g0eO109vKVvOuCp8zzJTjLhuRuztBwevHpn7CHxE+Efwck8XeNfiZ4efxX44t7ZI/h9bXenWuoaPZSo3743Edx+7STcF/e43IOeO/2lecIUo1KVGVScIQjGnFtSlL3I+83ok2r2tra7erT+Bozqym1NuHPOUueLTaV1dTd0m9rJW1V7bmP+zb+z549+OkF9e3fhaTQtT+0i0sE8U6Z/Yml3KBCZXSa9WBywIDIACrA5DHGK+yfhx+xH8VdLvfEOhaFYfDXU7S50rULfUjbapBfSWU3A8/8AcNIyPEw4yMZ4JyRjxz9pz9sj4p/Ge5jl1Gbw/wCFfC+mpZyaRpnhSSLR54m2mN5rmSzWNpAVI+Q8ccFuAPGvhjf+N/hl4n8P3XhP4wXVhN4xmnk8SXC67PdzJYXeJUjMUrkLIWUBgPmb/aI58bGZZiq9Ko8VVjhXWhJxoRlKcWrJONRqSvzKzaStpdanq4LM1hqsZUYuq6cryqOKp1N4tuN97WdrvXR30Z+jT/sxfGXw94YtLQ6X4GtNYgu136vc/aJ557dVIQvbMrZTaQN4O1VAyc4Nc/Y/AT9qHSNGuludL+GC6Ol417ba7cRxQtdTXL4gid3w5RiGGJBge/SvCE/aR+MUHi6/1KH426Nd6V9in0Y2uqsk92iINpmSMhjEyAErIoDAlhkZ+XzLR/id8UfiN4xtNP1f4uxal4RttTSHUdIXWJ7X7bsZyixQptG2NmyoGDjjIzmvmFwzQoQrU6v1CfPSjWhzYapPk5XGW7ktNG7puy16pn0P+s2KxFSnavjYapPkrqKkmkrO1tEuqV7H6W+Bf2WviR45TxXF8S/E3wztdB1Twy9osWizWjvbX8sZ+zyyMjkIqOmWBOThsANxVC3/AOCePhLW9E0z/hOP2gtJLRslobbSLvSY7ZrO1dvIgkU3W/fFgL8wBBBwP4R+fGst8R/hxDrFnonxv0C8h1+9glOg2sssuo2li0shEEm5iyTKmVJHOdpPOK+EfFXjO/8AD2r+IpU1zxFLv1do7OCTWb2RI96gyZj8zKlpSzKrDAXaOCAa4/8AVPESxHPgM1oYWTjTq2o4WPLBKMV7rlJ2bTb0vc7XxJR9jOGNwuIxSTUE6mJlJqDs3eys1o7aNq62uf0CaZ/wT2/Y+8N62viPXPjO9zrMDI0avrmmwIxi+6AIrkAkdEJPy9QAeut8Ufgz8D/A3gw+KPh18QYPEXiy31W3d9OvfFy6lK8Fy6xJJHpyzyJ8ijJbHAxmv5zdQ8VJdWzXl9d6p54hiZHm1C6eMsTgdJMnJPOR7Y6V9Pfs36jZaprkyah5Q1DVDo9pp14JJpFtc3ILfaVZygLLgEnnB6jFebxFwlmMcvx2PxWeVsVGnQk/ZezilZJ6O0tHdpabq7eiPQ4b4kwX9q4HC4XLY0XUxNNKSq3lq4xvK60a1st99dziv26vDa698Vrm9uxZXN1F4Wsnd47iOMJu4b5d4I2g5IJHGccCv1o+C/hmW2/YM1jSbZ7ZriT4RXaQ5nRVUSNMVG5mX5c5A5w3PQ4FfHvx8/Y0+G/xR8b6x4i1n4qzaLqsmmQW1zYWerWcENoiKAx8ie7jcByP7igHGARkj6G8E+DFl+DWu/A2z8bRQeHh4VtdGi8UW2oQyXkNijMZJmlExhCkZDHzNgHfgivxTMMxwry7LMKuZVMLO03KEoxgnHkcoPlSlaV3Zavp3X7fgctxH17MsVONNUqyUoKFaMpzlGUZKFSKXu+bd7PrfQ/HWw+FviTSvFXg2+u76zkRde8PE26SrLJzeREldrEDrlzkYHXFf0KeKbg2/iO2hVgRH8NrdSFYE7jbgH7pO70xxjqff8y2/Yk+HMCxw3H7SYtRahVhu11bSxNE8ZyjoVv2YSqwG0qMhgDjkAfbvhfw/P4YurfSJfEV74sisfABs4dfvpPNk1CGKMtFcF1d1cuu3LBiGHQ9AOCtONTE4OXt5Vm6jiualKmox9yzTe+9/XXrY9mDUcJim8PToyjSsnCSqczvG97Xte1ldt7q6P5pf2wLRtT8Ua3axMiTtqF9sMrhIyTeufmBGFOFORuHRsknmvmL4Yya34O8daDqUwsmt7Mt5m6YEFZk2FgMHOMgjvkEHBwT9mftF+HbHXvHevvd3ktoiajfL5YMO1z9rcqdskigZ+Vd2DjC5z28Mj+GugrNZTf2vcRsGViyrbjOwh9ufNB2kYztzkHuDX9OZLmGHpZPgqS9qpRowU3FNXlZPTTXs9076NOx/JvEGAxFTOsdWvSs8RK15Lmtzt3cdb300bV7aJLU+hfjN4nlm8F+GNQtBGLxL4TQkgmMysu9G2hQCASD2HqcmvCfE118R/jL8SNP8ReK7rS1fTfC9no0d3LblIRY21osMUUcaKC02Mbm7468GvcfHOkR6t4V8OWTMLYW9zb+VNcskUJCIoVmfdja4CsScL1BODuputeAPFeg3lqkXivwZazT6bBdCC51O2SQW0kKvG5JcEjaNx5OTwADWmIzGnCvCdKHNeHK24vmlflTurLWye+t3dq1jLDYGVWjKFWcUozg7c0Yq6cb2jJrVd9H958+/DvwZeeCdSsoNS1KK4X+2Z5olgUbVieQlSQRktwR82ODkZNe8ftA3ltJ8Ib8KSrtqEQRVOWIIUF1AB4OcgHpu/Pxu78RzaX4q0fw/rV5otxPd3ZeKbTbhbh5QDgECMkKhPAJIJGDgHr9BeKNDtvE/heCyupRa25uUdzIyKhKgBQ3mMikdTtJOeAMHAPPGulKOIxEOazUl7rUm48qdlLa2/S76nbDDqVGthaEoe9FRUm3JqXuptu9ra/N6rY+PP2ep/BFh8R9NvPHukvrPh6O0uDNYiFmE05QhA2QBguQOpOSQNo5r6T0Xxt4V0b49+HvFvhDQm0TwxoeoQXMGmKhXMtujCUMxHyB8jaB34zzg0rL4V+HraVZl1uKKQMwVoGtkYZ68rJyGxkjoeeOc1leJdGsNEtS2m6gk9x56xuBJFJIyyMqttCHcD8xwQOoGB1JWIx+GxNOVKKny1I2u0tLKKSTWzd3fda9WjmwuV4nCTjWc6c3DVqLTuoyjbs9bavVaXu2eiftPfFOy+IGt6NrFnYva3DS3TfZN3mOiynmV8HcQQO/rwemfjfxNNNdJBFHayhUD7/3LHcCSTk7Ry2ccjqBwK+s7D4M2WsNp+r3OqTiZLKKUo0ijBdcmM+Y4+6cA4BwMEZPNa8XwdgmZ2GqRJCMn5zCW+Yg9d5BJ79xnG44Jrty3NcJg8FHDcrXvSu+racbu7tp39OvXizTKcXjca8SnFKdtOZJ392zfw6J7pPptqeYfBB5F0R49rwY1SBQjggf61cMM4IHHBA9ue360R2gbw5C8rEN/ZKnJGR8to2Wzjkk5B68jI4r85YfBtv4XvLaSC7aeIXUHmIsqCIM8qENhG+bk5GM+jAkHP6cW8RuPC9ruwqx6GhIBClka3VTnjgKCcEAksBgnk15ubYyjXdGtFP3W001bRcrTf42s7pet17mRYSrQVShKUXJpJNO6u0rL+n3u7WPxuk1Dxn4X8b3XiTQZVdINaujEt4i3VqAbgiQG2lJXAjLYyM7sY28Y9R+PHjvT/HNn4Ni8MaZa2dxpNrt1vUVsbOwlurqYI8yy+Thp0STdtdwcAjGNtezX/wg8B391IbnU54Gnea4ktzqkUAEkjlmKgygg545xggdcnHNf8KU+G1ncoJtQS6gaUeZG2tRsSN2cMTJzyAMEnGMHqcZf23SnGEI0qmi5L6K0vdT7tJry699uSvwzVliXVVejFOTkv3ivZ2TTSad0mtG3q9kz0PxpKi/s2a3HKdzHwcoBHCEmM5CleGGccBumBjnj8eoNTaDw5YWxcLGlzK7xgAsEZcDA5wrHIyegBGCDiv2W+KdpBB8DvFllpgiXTLLw5JFbKHEp8pV4w/IcYwN2S3yg49PzO0zwbpGqfDx9XiRBPZ20DzFlBeYiRtwQNgDjGSCNw/AV7+VTUqEppOXLq01/ha3T7Wd0tN7I83iWlyzw0HJe7DV9PdtfV2fRPZu3S6Z4PBqC/bYkt5GVIriCdh5eWIWRSQoXPXBAHPI5OM1+nnxS8SeEZ/A3gS2bUZTfXWn2l2ii2KRWrR2kaESHbt4Kt2POSQOtfEHhiHw9pWoWt1qclrEEu7Rlt5LVZGmQyr+7bAwAwzkDqDwOgr9Gfi6/h+fwTY6o+l2MjXOm2FvplvHZpAYSYEOUYqNhkB6Arjdg43U8djcTQq4aEIvlqSbaTSsk0tE9Fpd62+6yXzNPC4evGqqjXNFWi2/RJJXbjrtdJdWu/DeHv2jPDPwx8Ea5pFvqF3qniRdJubXTbeGz32z2+qQvHLvkCFlKb8nACkcHGBX5st4wuUuZ5TGskt3d3EjJ87BRLMzFcBcggHAP8PbjOP0R1vxT8PNG8MaHpVz4Mjh1p7FrDU5V06KRjE8ZkWYXIy6H5/lbPT5uK+LtSk8KW5uZ7awEQiupniiMSyP5ZcgFjgbhjoSQF46455svlJ18VVjQqU5TmpTbknzWSfNFJ2ba0as/O6sjXE04fV6EPrEZxpx5Y3T934bqVopNp33i2ttEebXesGZy1zGrzEkBDn5d6YA+qk9xknv1Fa2mWiSNZoZJArzDzC3KxDcvL5+XGDkYO4k5O04NbUg8L6nGZZYJIHlYM8iYAjGcAhAck4wcc8joO3QeHP+EKt3tAbi7vFgvEmljcuofY2RGSCMxvgKc46kEHG4ejVrVIUZzVKTlqop/E5aO1rpO+73WnTYww2FpSlGDqQte97Ncybjveyu1a9tNGktWey/Cb4d6t4luNYsNMjW4muCi28qPs3AfM+0sQjukYztByAOh6HV+J/wautJs7+/W7a7XT44o7lI0DyQXTKB83lhnAXnL469G3A57X4Z/FCW7eSy0bRLPRzDqUk0U8aBJZUCGNVLYypYLyeoOO4YV32vfFKHw1pvinwvqPhyC7bxLbpJc6sZTJd2m4YcRSMuWLLkYHIyOeK+BlmHESzB1adGMqEalP3JTjf2bcedPVq9tdOqs3qr/WPA8NSwMaVWvNYhxm1PkfKp2SgnbVJ3cbtPTy0Py88T2zfaZIpJA8lt5RJwSMEYHQbcZ/Ekk5GAa4ZoS1w0ojDvuVeHA3EA5PdiOwyGyD77R94a9Y/DDTPFeg3uneH7290Q2GnT6va6mzia5dpI2uBArr84fdgHBwpG0fNkT6vffAK28ZXzx+Bbj/hH726s90LTGK50+A7WuXhVsYXBIwQDg4Ge/wBpPNnGFOUsLXnempycFTaS0TXvS1enS58esDGDlGOJpRbmoxUuZNp2tK9lbZX30a1Pz/ey824ViyoG2qC2AFIdQwy2AcfXHHccHttK02waZp7q7gYRqIgvnRoRLn5SVJAK/wAXbnpzX1Zqvgb9nnxZ4017StNj8VaJpt3pl1L4VFtbvOf7aETNaw3APzeVIw44IK/N14r8/Na8A+M7S7u7aWCeGaO+mgxJKUdUikZUaRCwKFlAyGAbqByOXhM4w2KbjGnUozUIVHGqlB2k9HFXknZ3WjsmmnZ6LarlVanT1qU5xlJx5qbUlzKys7pWvzddbbWOg8Ty6cL+WAXFsCkiL+7kGJAoOTgZOWYDBBGTn2zwl7f2mwH7bGkokVQjMOEHQktzjocjjr0xVLV/A/iGGGaa4EIeIIS73GWduSFHPJB55zjHcg54SbwvqUjAnbvQKZP3uSOpI5Zc5x09ee4I7I4lwT5VzJu2uzu4rZLR32aW71v0wjlsU/fk1tsnqrxcrvZvrqr9NLWP2B/Y9u7ZvhhqDf2mmxPE0XmmOSNWVAQMKGYHBIGCo2jIJ+8K+Y/2iYobn4p+JGt5Glge+ijEoIyYgAcsCepAyTyMHH94juv2RPhlr3jTwbLomj6mdP1u41Z5rSxR5P8ATRAPNeRxGDtCIhznGcDjBwfP/wBoT4ceKPB+ty6pqt/LenW57hA4sryCOJ7Uqjh7meCONnJGF2uVbqGP3q8PL8XhaefYn2lWKrThZUm+WV3yuK1tdy5ZW76vzPsM2yzF4nhPBcmHm6FKTl9ZUbx5U7NyaXRyin8rpM8j8RxWMTRraMnEMYlLFDhdhDYwevbIxj+8OtfoPpPwi1nxH8Dfgf4i0iWykstI8Q213f8A2q6ihnMHnLu8hJHDTBDgEKGyOOea/LX7PdorPNFLIWyCDISBHhvfHb5cjAHA54P6U61d3tt8M/2X9OinuLa3+3pLLCk7oswklGBKinDj5BwQR+FernGJqJUHTio+0qOLWt+X2bba2Vr2vrp2aZ4PCeW03VxPPObVOFOS5bp80qtOCVnZta99PWx8oftzov8Awswwljm3SNcMUAw0KDd1wR6Hrn3wK+FnjjG5PMThjkqAN/TC5zk5PAOSOOowa+zP24WkuPineI/yhYYWHzHkGNM8jrjGBjoQcHFfEP2RSmWLj5vvK5ZecEAjhmbOcHIHPGOlclH3sPRab96nBp7Xbs7O7ut9E3dJ97HoZjy/XsTFv4Kjgr6JqL15bO7fu+9bRteqLFxEwB5Q5AO49xnryOTjvyM8D2dY6VqGoTiGxsry+nIDLDZwTTOzNwcLErHK4xjhRznqaqyW+VLiRhjAALnHA4HQcHaDkY7HkYJ3/C/jDxP4RvGuvD2ofYLhgT5oRXK5GAQWHGeOhx74BB0mnyuyTlZW5tFe1nzNforO+ySbOemqakvaXdO65nBe8l7vMldpN66J3urWex9FeBfg18UbjTbm4j+HviVop/KMMjWc6IynBJUui5J5OSCQONpwSfoHw78CvjMdNltYvAOqJlkOZpUhCLuByd8gIYnJIOCCDkjFeGaR+0L8db7S5Ld/iPrcUEcEZSK3kEaY7BduSuCQCAenI9a7LR/iB8WtUijmu/iN4mIeRAcahcLuXAyVAJ3YyT69MggAVwVK2aRUVH6pBKyu1Vk/s7JuPb0drdbnZGGRtydVZhUdk2oujBW0bbTT6W9de7v2F5+yh8ddV1VLmPw3aWce8H/S9UtI8EDHzBpVyOB1wCDnBFepv+yr8atQsIrO7k8L2SmKO3/e6zZrjYB97E+dh/EZwOmcfJfiTxV4+TULuOTxp4lmWJiAW1S6BYtjOAjEYGePmJx25xWx4ZtPFvicLu8S6/IwG6Qz6pdYAAyQDuLc4PUjJJz1xWLq5q4v/a8PFXs1GhKVrta3dTf/ACv1N4vIoW5cJjZ7Nc2IitbRTSfs2/Prr2uj6o8P/sa+O4nC3vi7wPaBFlRmk1y03KzDB4MxHG498jryDgdRZfsTar5LS3PxT+HdsybgWm1ezZhuJz/y0OME/KNoIxn1NfIN94S1Kztrua41TWTPEdwDX9y643FcZDEjd1Ue+ARztjtfD1zNaebc3N20TtGDm9naRFKg7ifMOSep7jdyARisXDNZWazKC7pYaLv8NrqU9LtL1vtayfTHGZHCyeT1qjjs54uW1o6+7FWu7ennZn21on7IOlaLqDXt38cfhzE8cDowXUonxvHzMoVsbgCePUjIqaP9lT4dCVJrz9o7wPEwkZnRZgz4LbiowcnGT1AyAScgV8X6H4SS8v7yFXlmjTODJNOWYjgA/OWPODk5xngHveXwIgZR5WTHOwKl5WABYDH3sBRjnse3HAzlhsyfxZo03ZtrDUtFdWaWt0tdXdd+pqsyyWLTjkNJq208TWd3eOitu1rfXVpJO7P0K1f4F/BS60qHTNS/aL8LwQC1SN5II/NLIqhchhGRkFfugnHAzXlCfs5fsdWcf/Ey/aftZ3jkdmFtZtwckNtIj55GRnCnPTB48duvD1jaWNnGLSBytg6MQOd20/MQ2TkZJOc8Fh6CvnT+wbWS4vk8mI4eULgZ5y3Rey7TjPOevPFOnhsySa/tXEO7atGjQi07Rd7unJLTz1W1mgeb5TFLlyDB3sl79bESS+FaLnSa6eXz1/ZLwL4U/Y+8O+ErLTrL4vaprVlCpZbiGzm/eFyCQpEf3ck55J5A7c7N5J+yHbmMjxT4svGChcQ2chRgD1yY8Ecbum3vjsPlj4T6Rp48E6DClrbHbA7yFolyW4AAyDkZB74GBg4r0xrG0zEqQwGRc7YxEnAUgYyAT7dsV6sMsx8oK+b42SSVk3CO/LtaC0V+nlormH9vYFNqnkuXxacVdqpJP4e9RLq3dNPXV6NnrGseIf2RX8L6/a3kPjO707+z2S+ljtpkYW6gEvv2gBsctjAznnIJr5Ug8ef8E+LQQJB4X8cX2xCqPJNK2QB94jGDk9FOBznOQAPV/FEFuvw58ao0CKW0a6DAIgHKnhTjPBA9+R2OD+amm6PALfTwluoeRGySAOjNz+PZSRlvTGRzYjK6kZRc8xx0pWV2q3Lso6JRW/Req0uVLPacVCVPKssTcdZSwyk7Pl2cm3dOSSv28rn3BF8Yv2E7ZzGnww8VXwTOx5ZHDFgc8nIOAScDBOfvDitiD4+/sTyFxa/A3xFIwCoxaWRgTnIJVgQcjqpxxyScDd8PDQbVJsgiN23biwUgZAwQuSB1GAAfqPmx3nhDR7VobgSeWoGG84qjEsHGBwBj2OQp7McGvPqZdaLlLGY53ereJno/deii3e1tuu12rtyuJK+lsDlkUlt9Sp2W1t0301uup9PXH7Sn7HNrdxLH8ANTnuIEjjjiuQrbM8Ac9BgA8dMjPtvW/wC0d+zrGDNY/syeaGUPEZFAyMYVmwADnGOMjJ4AHFfAfizS9viq7khQeSFgGVHfcBkAcHOMf0G4V9DaDbSLpNrIIZiZYY0QLACvbkcZyOcnv2JJyeOthKVOEG6+KfNZ3deqnuklpJbK9lpdLqbLiTFt2jh8DDolHCUUkkkk0nHXXTotkvP3O5/ap+EMUjPB+y5pYbAMb3EKAJt9tp5AGSTjPucVl6z+2R4HtLK5kX9mPwr9nhCNItxCioTxtZwsfPoOckclcDA8K1SDVbq5WCKBxHCxOfK2EoWAzkgDGeOM5J5HXHEeMbGWbStVUI8Xk26mQsRtLKMNjGOgAJOeMnHPJdHCUZyi5yrXlZfx6jtqk7+8red9u+itD4lx17RhhVZq3+yUL30/ubWTv8n0V/oyD9tiw2R3Wi/s0eCLZmRWjnMQJYADb0jXgcYAHXHUgVtR/t1+OvJH2D4F/Dy3XACM9lE7YOR1KA5Hfn73TnIPxzoMxXSrC3ZCFWAqJUCsDnOO2AgPJA7Zx1Ar0nS9KfUrRXSKR44ShMqKF4DZ4BIIwQAcc9ckAZrSrgMLF3cZPq+apNu/u6ay6dV1d7d01xLmbkoxlRvptQoxW0dVaDf3+bv2+ko/20vjVc2zva/Dn4dWKNGSuzTIFbao6Z2chewx7H0rzjxV+3J8e9OtY7o+GfAMEUdwsJP9iWky/ORjOY8ZLEglhnA4x2xJ7OYww2cce0rGfmJCyqCgBGRg/wC0ARz164z5V8QtD8rw/cRzuEMd1bSou0Zbc4wCckk5xkkHBHBGciKGFwzmv3ELXS3ld3tfVvRu2qVr6WvaKFis+zOXLBYhqys7Rgk/hbaskr6a2XW6vZW9+s/22f2lLu1tXtIfBFmpUyBE8OWG6Mcn5cxjjHK8HgnnANK37YX7Ut+Gii8SaDaEsxYWvh+yjYjspKr83AztDNwcHrmvINBsSNNVxCJXMERjwq7lXaMk5bPOM8dRwSACK1LS+tI0USRssgYxEpCVUscAfNgc4IBznHf2U8Ph+a/sKbd7LRKy0t9y/rUVPNc0kr/W6qTSaafLZ+6n8PVu10ulrN629Yh/aK/ao1O0dpPiOtsm0tIkGnW0WcAfKpwB93jggA4zk8V5R4//AGmv2mtMGgWq/FLVRHd6jFbSJFEsSrvwAh2gAqPQYAHXI6+hWVpdS2LwxQkuISykhQQrDduLA4BwDjOME54Jwfn74t6dPaJ4Rle4LyP4htww4LBg6jaeehxz0HAOMZJ0wdDDSmm8PS63XIpaPRd+u9vx2MauZ5ndf7VXd0271JLW6TW9rbb3a2Tsen6h8XP2hmm85vi14jVHeJWEM7wxg4Bc/KVwCe35Y4r0ZPGPxfu7WI3HxU8WuskS786jOrFnXdx8/K5JyQARj6Z8m1SF5bSRmBDLNb4VVBGAFJY9yeRxkjBPqK9ts7B5NN0pzGRuggcOV5ZVUHCrgkDAGQSASTzk89tbC4SEor6tSu73fJDo0tFJPXV/LQ7MrzDM6zmnjcRa3SrPVOysve0d72Vt0+1njDUfiNd2yrc/EPxbKC2CH1W5288Z4bJPcZAPQYIODc0nwr4kvLuI3XjHxZL9osb92zrN2q+ZFbyOpkwxyAUBIPBwFAA4PXS6e32W1lS3IjaYktgZJBzlcY7AgngDnPcG1cvPbm0ukmZGFrfgRLgBt1tMg+6SM7SSTzjaDg5K1eGw+GvJqjSWid1GOkW46J26rTa9nda6OMbisfSqxX1zENO2iq1L39y/Xa23XVnknwR8J+JfEk91PqnivX7uya/ubIQyatdFVZZiFcDzOMKpwMA8ZHXj7Sj+BXh+VSst/rU+Au8PqtyAPlyMAvkA9eOCeSM9PnH9l7xBpMV/NpWomONFvrm73FlXfJ5xUL82ADypPr6V94at4i0uzO22mtXDNGqIzoj4ORhsHBHTH8XYjgiubH4enCcfZUoK6SvGKutFdaJveyT1103R6OUZhXlScq1eppJpJ1Jbrl6Jt+Xq+2/m2nfAjwVLEEmt9Wky4Ad9UuGRhk7SuZO2OfrxXrPw6/ZO+Gni+9uLPUbC6dLVQXlkv7gAbiAQCGyzZ5x0+bg84HOzeNRaQxp5VqWMgKlJEZQFUtktuyeFIGA2cnturuvhf8dYdMGs+eI5ZDKNgiCk5AYAtnGRknHTgZ6HnzJYetySUYatfE420fL/ADdtddHq/Ve/Sx9FTjz15NJrSTlZ2UXd3e6TV+qtqr7ejfET9kj4LeD/AIceNryx8LxXF3Z+FdSnhuGup5XSSK2cq/LN90jIPqOQGzj+UGx0yOXUtQJubiJTf6hHsW4lXCJdSKiYDDoMD5c7gMkHGa/qh+Inxxe5+Gfjy1ujtl1HwpqkVsqFBjdAwG75iensOe+Bx/KxaSznVryYHcBdXjYUBssLiVmzjG7jGDwMjOeMD67g3B1VOq68F7zjGPNfRd977du+91c+G8Qsc5YWlPC1JLkhO7i3Fp+7p+K062ve53Fv4WV0FwbidUVgpBu5cgDGG5fIOCc9OgGfW+NBsoAzT3MrRMp8o/anyS4JGRu/vYIx0754rBm1O8cmGMMCyqxAXG0D73PLYz9AMYzyKzZLq7uGXzN/y4wFDBVABPIyclsHaRgdQRnNfpLoUUklTV7Ja38lazbeyVumrtsfgn9o5jKV3iJJJvWU2ne8dF10727ryI9X07TYCEMty5cblVLiQjIbHPIBGDgAnacbunFczd2FrHlwboYUHKzynG70G7OB9euME9T0N75s10gaIoCoXAHKjaM8ck+m49MDqKxbtWeUrsOxdqnnAOCeij06sOOnSs3QouN/ZR0aS0d9o33a0bSur7LfRt9FDMsWqsKbrt6Jt8za6K2rvpo/mulrvs9Hiu4pwJZ8w2rSAtcy5ZiCQdoYAjqGyD8pznHNcHZRSfvA89zxO0YC3EwAbJGV+bJAPUgDA75xnvbK9e1S8CIWDxGMMANyDB545woGS3fp941xWnQTSeYFLMv2iR23HGMMTyRjnPPQ89scDgxFCl7WlFRUXZu3Ns+ZK++6WuiWqtofW4HEV5YWpU9rKpaSS6tWSsk7t6tNu2/oi3qVgsSRt9puCCF3YuZi+7qCo3HgHgADPtmuWaGUTlRNOQxLZE8uMAnHAYHqCRjncSOgArr9Tlw0KOAFVN2RknkgHPThcf8AAjzwBzzjsxkMiMWAXAwDnkBh1yME8nPfJGSMVzVcPTm0lpZ3TV3ppd20Wl7tNa6pM0pYyrGo05SeqVr3S2et3rytPbdW1vqQwwyIGZpZySfkb7TIwwMfKTuPIB6dckdTgiX7NIAV86VlkBJPnynHXjIbI7g9M+hqRIpuJPLbG4AHbkgNkHjoTk857ZJ7ZmUSkkgbAnTpxgnJOOoI6jgj8RhRowUVrzf4nstO3RPVNPe9mr3O14ibTcXpdNK72912bd/JPstdGQxae7RTPLNMAoG1VmkyNp6sS2cKeMAqc5yMjbWTJAcOqSykkAFzNIAc465YDbgjcCSVyGUnAz0wEkwb5GJ4VQAQDjnuMsdvBHY5yccVRa3dFkRkZxk/w4xk92YdB0wMnOOfVOindOKlFrSzf91b6Xva7va/ysTTr1FL35aaWXNa1+VK7avay1tdvVW2Rgtbtsw0khJzkedJg889zypBOBjPOcgZp8Nh++iUsxBGW/eyZYYIO7nj6fTnpWw1pIMAxE7xu7sQcDaB97t3BGSTgngCxaRHzowUOT8uEBGAc8E4HHbJDMoyenAhUKfMns01eLWmri7Wa1SXXey06NdMsU3CXLJt6JJt21W7TXTeysm9LXsjE1CyWPULVIiyI8Wf9bKp2gnAB4IyOD2ORj5RgMuLWPoHnUrHtB8+TGcjO4lwcHBxjgcHbwK0tWDrqEGDkhCuAMkDnBIGeMn7x5bAGDuqrPGz5LK2AhHH3cjnIIPO0gAHJHAyckUSpRvUtGDtNJX1W0W1a97a3762atdNwry9nTcpNOUYtXk7WTW1tdE1ZO13pvvmpaoV2eZKxJVMC4kKrnPBAYB8gcA9eD2NSGwjQurF2UYziabgAZH8Xb5V9Bj2q7FGD5QVGzlQwK8nC4yTk/LkkA4JJOOnAdLHIRKdpGSQcL9Dnd1IUc5AAHcqRkOFFSjblW695NpW935paR699TOeJldKLck0tW5cq2t/e3t8r7NpvPWziAckybcfKolkJIyFI5bHc9uQcHrVaSGJWChpFIK4BlfgHnkZ5x069OcdMapjlaNEX7y4H3QM7j684H8JHJ6Z9RTnt2B+6SwY5yvBwAQcHBBPYFc59e8vDwV7xje8W93ouXfS7vts+u2o44m7UVJ2vbW7snyuy172Vm0r77EAgtIyxkMuDjBWWTAGQTwWzjnHOTnGaaI7TLYEuw525lkwARg5Bb26dPTjq77PJtRtvmY5PHAyOQOv8jwPQcO+zMVV1jwQCcc4BBBzjBHJwOp5HcVDoK91aztays9ElZtNa9WktbdmkaKvNuynfa1m9XZdFvZcrbV3r00Za06ztpXkWUEL5Y2DzZOcc4xnPXpz35ArL1GyjS9SOIkROoYAyOCvOGOc7icZ4545rZ06KRZ2yhPybQMZKs2QNuAOMEHpkDtkVW1NJGvoEJYEKQCVCg+hBGMjr2xyeMgYmpRSikrNqSWj3bcba7c1t7aRSXdJ6ObUebmktHqm7Nu1tOlrfm2c5cW0akguSCSOr5x0BGT0ycHgngZzVZbaMqQy5BHykMxIHOAfTk8fL+VdTLYl40fyicc/KeuOMsByc855x3xwFqoLZiZECADgY4BGcDjjL8DIJPBJwARxl7FqVnotEm1srR0XVaq+/nu0RTxDkovmelk1d+7tvbdX/D0Rz5tlZQoQHbz99sEY/hJP4njoOueaXZGqlSjbsfLkkAkjAxknA5AIOcYPGDW81oERQ8TBiQFGA3ygZHOc9e/OB68gwPZZY4RmdgAVI4w3HXp0J69jnIGSBwtayTtpvd7x6a2S0f3t+VxqRk9ZS0dmveWqimru+3e1k1ezW5iLDG2AqAtncQzE4HAJDdsAdiwJB4JINN+zjezMnBYAYz65GeOvOQByP4uMY21tGg3AqA2ABgZG0kMd2cAcMMA8DHPIFOaASMQiFCqqxBXAYnpj1HHt2xk5qpUm4ttvVXSivetFxV9NNG3qtrX9W6qST53fdq+60S306Ws7/D5GMIVLltoC5BYEkHv97GM9DtJ6jgnrTxCDgKVCA88EtkndnoOgIA9QAc9q0TbMzb/4eT03H5RxuGcEDAOTjBxk8nMv2Znwy7vLZwSNoPI28BTggdx7HIx0OX1fRq2ml730afe1vK1ui1S5TOVdX0u77au6uo7fn18m25JwGJkilZhkOjhDuLHadxG4g4wc8eh5wQcVQhSNkBZAJCu5QTlcbm9R7nGeDgDHp000JFpMZFLBkKrs6LjnJ7/NyT37YJ4rEjjdljBRssu0ngkg9CvXnHGPbPBoVJ+0UeVO11e1nb3Um1pr1V7aW0djWE3Ztu6urJro7aX6Pt3Tb8nV8uHgsBgjHBAIOeuOnBBHPP1HBd9liJHyq69cbucgd84HXt19ehq5JYvGjKIzgMuM8NyOTkqQQSQDhuuARyBUf2eWPajLjBLMRuBww9xgY+bgevbjN+zSdmo3ersrtLTS9tPPZXWpnzyu3zNXte99/d6RTUXZWbad9Ul0USRwMAzRIwyQQcZXkckDoCSMckZ5ABxUqpZiLYbZMls4JXOBySMd+f4umPoQqWcg3DaFXOGZgTuVuRjtknBJ6D0zVw2zpIgMWQYuGyeVAzuGMjgd8jaADjnmY0qbs2krvXS+rt8r7JtXaula1zRT2d0pWTejd27JK2t+rem/fS1WWCLAYQL0wSgBDAg9MD5WAwTuGCck5GdzDbQhctEMZBXay56Z3A8468nI5HGe+hHEzg5VghXIGMZIPDf0znpk4ORTzZuCqrEASA3zEjAHJZe+cfLt79AMDm1CCekdezT5WrpJNWVle27tpumzOVST829r7vTTbW7t5u3dWII7eFTjIUMgJUgA84B+YZ4Hfg8kYyQK6iz0+ONEbIBOSATkENnHJz07kn1B7GsWGweWRRj5mUKBkgDpx2GeeG9/evQ7TSpPs6RgDzY0UYK5BUgk5JwCSvcH39cbUoXb9xJX/lfk726La17/ADOerUmrJK7bS2b0fKtUnsrX6I4Oa3JkjV2Hy3ShT93IaUehAyCcDjoOpIFfQDXFrpOnWzCKOd/Li2xNko3yDkj1ODnPPQ5IwK8SvY1S6VZQQRcxgbhgfK+SuM4+XPXv8uPQe1XtslxZWbIwV0SMBCMBRsJ5UYySCASR2A969TLVaVZW0tFKVrNSTtd6O9r3ju+ltLnjZyounh5SlJWk/wC62rx1ey1s9EtL39Oi0rxtosiRwX2jRQu24bolXYVxtBIwORgYwMgj610j3fhNY332YYOu4HzFKkNz8pH3WI3dM7ePu7c14dJZXCMsobcikj1/vZ+Tv0HQcckdMGzZXEluXEyySQjKqcYK7hglMntx1GOD7GvbpyVoqVrptapbNJa6LXa3re+p404ppOEn9ltO+l3HbqtLrvtod7c6p4OEjfZ9NlZQwV9pY7c8lgSCcH689+hrbsbfwhqRWGCAjcm5gX8tl7kAkAHn7wycj2xjyqS3CiYw7pId6kAt8yknPHzBiQMKTzjHIOSKljuPJaMw71dV3Dkgr0B3FSMqSMcEemeeXor3hG6a05UnGzV1dX81tvZXdyr81leztF2vZ3STbSvrpbyTWmh9EQ+HvClvHEYrUOZYyFVgsqhiAOUYglgQWJyMZ9cg+bajpfhi1vJo7nUobVk3FYNqlRuJAXA3ZGcdz1ORjArDXxXqKx+UqpvERVJOhAAI3ZI+9jJY85BxnPTgrp2lkkad3mklbc0jNndyDhsnjBBIw3QDjpWEp8qUnGKjGzbsl0j1Xnbdr4teiKp06VW15OLSVnFvVrld35X37W1T1PWE8C2l7Cby0vIpYZCu3yiqquADyVO4DB5yB6njbV20+HzyTlJ1jdQoKiMBXccA5YDJAA6kngZyOBXlOk69qOlTRG1ndY9wLQsSYZF6YK9MgA8/jnqR6Ne/EK8m06b7NGYrlQse5RjaMf8ALMgZIP14HLdecvaQTbs00lrurK131uvTbbsbrDcr0qzcdLXve632vZNpb/h0wPjDpVjo2hw6baSLLM4WSaIOWMQAx654z69c8HJrxvRAE0xS7YcDKIDw+SCA2Bg85A3EgcY3E4Gr4ovLm8t5pr2aZ5JIQTJI5dmO8fKxODtQ8DHrk4qlodq0tlGCUdcDYG4J7lj05YDoDjAzwFrhm4/W72bThbRW6RTTvu3bRPo09VY9OLjHCqF9pSSu0ktU77p6JdmtLW1NWy0q5u4ZJ0COAzN5SuAy4+Ynlc5zyRwc9ecVVlsHtwAGddxBKuBuLD68YHA4IxjJyeR1GlMbHIdDskd2Yr8xXG7uT146AkHHHvqy6jpkoiSa3EgUFXcRANyCDgjGD0JxnqR1OK6nGEoRWqdrNtp2el007aJ72OCVZQm0pX0XTq5JX6O1nqldaX3vfzZ7efzFEjsFYsy4AOCT0GfY7h6D+HHVUhLebjedgJDcDJJGScd9wAzge+CDXbvDo11KmwXEB3sq8BkKEgbeo5Y84zxjB7GrcOg2ro0STh5GkG2PChgD1y2emDg4GOc9WY0ckUm0212etlZLVu97Xu9V0V1ZhGpzys5au+lrWXupWe91d6Wb6WTSvyGmwO0gZnK5+abgrgKucjoBnA5PGBu963G1CGPzEhQyLsKtkAkk4/i/HBPOeoJ5z1X9jW9taSRj77IdxbJJ24O1TgkZ/mRnpXLLp8crPHErht4QDJXkEElcZ6Y5JA55GSOXGbaspXULPXr81vrpq76LYqrGEIpNuWite99OW+m1r9rrVdLFVb2b92NoChiQqop9ucdSMAZ9OuK1LXVHZmikiwm9SzbBnIxnaQQBgZBPyg7TnpztR6BJFCg2xjERJfILKxHyj15znOTtY45BGI20S5aMEpljkAoFwzEnr3GBwckcYzgk1cZuCk7q6XW1lZRVlt9r10vbXUygrctk7xTbvd3XLGKW/n26PY6HT/sUwIiyspDsGk2thAhzuzz06YORkYAwSPPdLdYnu5GlDBrucEBQ2BuI4jORjgjcMknr611tvpFxZI0hkAkZZW4bcQoQ5QD+HI5LAbs4GcjcPPvDzI+oS+axUR3NwJGOAmWZuWU8YGCTkZ6jPXOPNP29P3k+ZS1adrpRvfWzaXR7WXz3dTmoTtBxacHd6Xu1rq0tHvumlZaWR9jeOtbdPh6t3pjmIvqEjwBWAZISV+73wO3HAODyRXy1ZeMfEsNxM7anNLtflZGYhlABAYkEHPfnGOpBr3/xFpmo3fw0062tEM9zK4URLncxZss2MAAjPU/xde+PF4vBlxYMG8R3UGn27AMYSwkuGBGduATyc9AQecDnOfCzicVWpRq3k3Rhbe13ZLfo3fRaPZPc9/Be3rKpyOUIe0d0lpZ8uq6+ito9b2MXWPEV3r8MBuRBbmIsiyooDMSvHCc4Y8E45OQRnivpv9n9JI9H1kcssuj3IQqNuHVW3ZBA+YbiCe44wK8e0rxH4J0KN7aDw0NTYhgLy9YbSy9HRSeMnGBgEsQCc5FfQPwWlN7aa1cQRR2dvJp185hVQscSyqwCrkYAGeMHoOQuOOHASkq8k4rlUO11f3bO2l1t21vbuevGlyW5prntFavTTkukm1Zba7Le1j5O1XTLtrzUphsGLm5KSMRkkyuTkjJ79OcEHqTk4Emm3RCsuyRxuLKGGMjkkhSVHA7k4Yj75Nei6tHaRT380mpWTIs86mIN824SucN0zk5wedxznsK5Rbre0xR7ZY2Awd/OOM43cc4PygDvkkis6U1Oc1KySc9Otk1Z+V31tpbzVsJ0knBJxu5NtWvK1l0tZq9t9W7O+p7l+zol1/wm1rHIu7dAdqKCSZVJEbZzgkenf6Amsz4/TXMHxH1iKV9koVQykMRyoICjnaxzycnpuPHy12X7MToPiBYKjrLxHJlCWdTuGQVbB5HAGOOOmKv/ALQSaZcePteubi2LMG2ySKVV1IAyvGDjJPXpuGMjFOjZ80Ho7qSTu7bXs9Frtr+Wp04ikvqkZKWvPqk7O6S3sl129b3Z8lz3TmKMPI6ZDFWVyQSQcbsBjgEg5C/qDjY8DPcyeI7NHK7ROhIILD5m27sn/ZwcZ4z/AN9SS6j4fhjMc2nyqsWSkh3ZkI6bv73ocHI5K+9/w1q2nDXtOewgmWSaeJZAwLAKz4wqnORg9cYOM5x06HGDlBJx91xvsuqbTvdb9Vfq9rM8ugpRkpybu2tfVx3va7XmtdW22fVfxzaTT/B3giTzkOIbhUBHC7t/zBVAHUkfXIyQAa+WdCxcyujThlYPI0mMbCedrZBxg/eG3OQxHOM/VfxtFpB4V8CRahbvJDKJXfax8xlPzYX07AnqTgdACPB7C/8ACenmVrTS5XuGQ8ytujGRkLnLZABGDjJx9awxkpOu1HSKSVtX9mN+vVu1unbXXuqKCkpyly6e8tV0V97J3Xuvqt1a1zk7fzE123w29ZbqBA5UHKh1IIUemRg89sYPB/pJ/wCCdP7H/wAHP2qdJ8SeHfi94sm8PaN4Y0WLVdOm+0R2yS3zFCEldmXcqqSSmc5HXIwf50hq9je6zaGKy+zKs8CoExjcGx5hPUAY47kDPOTX9I3/AATs1WDTfAnj658/wpp88OhpBBeeL5fK06aR4AxTnAZvl3g5+8ceufxfxtxeYYPgHNq2V42rgcbyU4UMRR5o1ITnVpr3Xe6bTa0u0nb1+98PcNhsVndKnWhCvRlGcnCS5lJKN7We/fbXQ/TqH/gkR+xKvhxru0+LNrEIJIoHu5NTtbkAT4VysbuFG0E7W3YB6bflz+R/x3/YV/Zl8I+Mvir4N0D4kT3Ungzw/ca/ol1NBaTDxDcRqZxYxssjMEYAnau45GM8CvYta+NXjS7j1TwppGrfCqZYJo557iG4e3iKIRlYWzyu49R1xkZXg/EPiLxbfP8AGzUNb8Vf8IzIq+Hryzb7BcPJay7rSSKPywBgtkBuRyeeozX8ueGuD8QKcq2NzrjDMa9NKFWjSqV3JzanGXLUjOOilFNWTslq9WfqueLKYzWGw+V4aSleLUaEIuN1FcylGN09VLVpLTXY9C/ZX/Zg8D/GrUvhz4M8T+JZ9I0X4hPJp13FZbLeSytoZjGpjGQA82CeSuMnOK/S74v/APBFj9mP4Z+AfiD4hj8UeKtQv/A2nw3+lQ21+k1rcm6dNj3TiTcqDcwYclWOc4zX5/fs561eaK/gDVv7PvdNtbPWrlLPUtKsRf3ZjZ2IW1tdyrPJI3CgESfNzyOfuHxT4/8AE2pN8SrTWdA+L40HUfDETTDWEubCxRhtMN7dpveNbNm+YRbioUgDBwDt4o8U8erinJoZPxTWy3L1Rg62EhUhFYhqtGMrOTTcmmk9NL3utUdWQcP5JWy6csRltGtUjKV+am+bRRbtJWWj1fWzPjD9q/8A4J2/B34E/APw38YtIm8R3Oq6/p2kt9m1C4iubFptTXzHCKkj7VhVT5TMA5JBwATXx5Fomnn4Y6JaPAIbe6vfJbzxlPJUqWDgZBOAeMc8Y6A1+x37UvgD4nXv7DunXfiK60m68MWMXh/WNKe1kke98pyFt4JWZcjCkblGAMEgtkgfmdrPhuU/DPwHHBCftN7rEkZQEGMyMUQKRwcFmyTtxtVhjGSft/B/jPNszybO/wC2M7lmOMw+Y4ugqzqKSo04JONPprCLvtpvskjw+I8nwmHxmD+pYOFKE6cG4who5NpemrVtd1a/VHu3w/8A2f8A9gvU9D0O+8XeJ7uDxDcaXBcajFardRrDcuuGhWKOFggyCQQef9kAE+EftEfs+/soaV4c8V698PPFV0+paVbB9Htrs3KyS3LcCPdLEu9sEkZ24xkcZJ/S34f/ALDP7WmreGfDF/p3hLwA+m6ppmn31m/kWhvBaSKzQtcTMu5ZHXBIG5lJwwIHPln7RH/BPv8AaZ0vwL4/1XUfB3h66j0zQ59avzb6mGNla2ib5biGEIo81QSQiH6jOK/P8t8RsNT4uhhqvHE5R/tJU/qssypyVR+0S9m6bik468tlJa2XZn0lfh3DTyydSGX4VVnh05S9moz5uT7Lu1v2W6vqfironhL+1/hq2ny3bxi91eC0BA5DTSKqksTgkZ5BYDAySATX0d4B/YP8Map4y0TwhrHjG9hvdVWzNr5cahJmvowyQqRlQEY5kcFVUd+Dt888LWPk/C3T3aAXF1a+JEL24IUyPbTqPKxkli7rtwD64HQV+jPgaT48a/8AEH4f/E21+BM0eh6Db2GnW9v9qFva6qbaFVjkckADzgAxbjsAe4/YvFXjPOsowGFq5XmlLBKeGrKM6telR9rWVODoqMqrUXzOyS10bbsj5XhXIcvxmKksZg3iOScEoqEpJR5kpN2TSUdOnofHn7c37Btj+yJ4K+H2tSa/dalf+O9TvRHauivax2loEeGe3nUuXLbirg45BKkjmvIdW0W3u/gjC84le3hjgkuo0jzngb16EZ24PPTgkdc/e/8AwVN+P2p/FjwD8K/Cvib4ezeB9e8B6tqcbJNcRzLexTKgEdttZv3MTfxAHJznpXhPgXRode/Zs1lpoQssuRHKEUmJCnHzEkAqB3AJAJB659Tww4lzurwFhMw4lxP1nMq+KqQlWUovnhKtamlKDdOSUXypxVrXeurPM4oyrCU+I6mEwFGNGlHDwm4Ri4pNQXNpK1rvt1e5+Wbr4OtIZw+nShlJkVHjyNvIQZyGJznjIAyCc8Vydnc6TN4gtJLWylgTeDFEoPABBIGRu5C8nB4HSvZpNHsTeXirAZhGzQlZEVnaRZGQ4Y5JBYdAO56Y54PUtOW18daZapZNDgQsyKNoKsVycfwg8BjnGDgKT1/WqOMpShFt6yip2b966s03vdpX00TtZ66v4v6vU9o0kuVTSTs3zSuop312V209LWu07n2t4i8BW/jLRPBC6jFfRQzW6RwohLFnaNFAjBwSxJwBkA8kjpX0V4M/YH+G15bf2z4qsPig+nwWsYnm0XSHvFSaeIPEJTFkoj5KggH5cEnPFdf4L+EPib4iv8IfDNrF/Z899LE2m3jyNBDIyRxvu37SSAv8ODlhxw2R+4XxU8JeLf2Ufgb4T8VeDfFksjX7WVn4nt9XtodQtIrhisE8kLuGkLkcxgp8vynAwxr+YvE/xXnledZflOT5i4YrEVJxqUYO0uWNSNNSk0mo+/dJXs7q2zv+w8L8G0K2BnisfhYVFKKnTlKLd7RjKTlG8dLW1ut7n8nt/wCDdI8DfGeTR9Ig1OPTLHVzDZQavbvbalHAhCK11EVDK7YG1SMNg561ofEnwjZeLPiRaWU2rnS21I2djay3KOsfnzSCMFmIIKocElc+nBDKfaPjNq9t4q/aE1Pxkt6b0aj4j0yW5lihWIT7pkWaOOJQQuWDLtwvBJxyAfRfjxqegS/Gn4WHSPDUUy6P/YN1eaatlHnUdt1DI0YQMDLJLkqdwDfMdoOcV+sLiLG0sly6pKEp4mvlk60ptq6r06EJq7d1q9feSVl2R8lDIsLVzDGU7qNKni40owjs4OfKkn5a9vPz4fxh/wAE6fE/hbwXqvjhvHOkXljpelNqs1uvE0sax7iIA2CSMnkAZHc4FfOf7PFjJJrGsRW0M1666VdcJn51RnXaQAcHAAOQPm6lRkn95v2l/jFaeLfhzd6LF8H77wrJP4RltlnWCa3hjRLQqJbiJY9ig9i2CMnJJwR+Ln7L8K6X4k8RTkSYg0y7U7F8wP8AvX3EZGcANtPXGAOtfO+GXGOfZ/lWc4vOnRjVw9dwoKPs7OjbTWEnG6dkr2aV7K+/bxPw7gMqzHKqODhLlxMXz8zck3em9NnbVtrpbU8U8Z+ELS2vpVnsr+3luZZZnUAkB/MLfKTzgA9AoHAPU1wUuh2kZEwjvTBEjFztIAUfxEMPXBGeeO2MD6M+NGqR2LpPBKVkuGnKmRBuQu2cE8MBk5UZHy84BNeJR3Ut3YypcXSnzdMkYlQBkb+pAAwwwM9Ae/Sv1HLZSxFKNabs56pJ30fL6WV3ayXfqrv5HOaMMNiHTgru0fLdQfy1b0sl37Bok0E2qaRa2Yl897i2ZHkBAZBMmfbjb0HIDehxX9Mfw10i8u/BnhjVY1nh1KPw9o0Fu0EuVWEQIrzGMMFPy8jI6HqRjP8AMpojxw6zoTKzOxa1jQqfnUmaMMR1OSvXOTjrz1/pd+Hlhq+o+FPBkenT3VmIfDulfa2EjK5gaJMgZ+UkpkAHkqPau3MOV4eL1drW5rWT5UuZ7ptXutU+6PT4WhL2tZrSyVkne1o9NGuZa2u+iS2s/lX4n+DNVs/GXijVG1PV9QMd7FLEyPshct88iKVb5NmAGXbgYzkcivXF/ZY+L+heFvB3xf8AEujRjwV4lmifRrmLWlkuHaYZjW6gMu8I2QThcg5BGea8Z+Jmj+LbDx34uuLTxSo0+S4jjgsbxzxuIVsBhtyR8uS20sW4yOett4vj54duPB1t4o1jUtS8G3stq3hzRLjVp7zS7SCVR+8SxB2QnLZUBSFwp4O0V4dVVFBxi6ck0m3FN8trbJK1nbyvfToj6z2reJjdSUYy95Si5KaT05f5Xrdb9kraH0Z4p8GWd/4NsIWku2kR1E1taXAZI5MruZGBJDZUHng4xhhk18wan8LfHsmrTS+HfGt3ZWpuYzb6fcSsgRh8pBIJXYobrnBzgqRk17h8Qkv5PDcml6Lc3VlqZDSyCCSRRPNlWXbIR8qtzkDggAjpx80WM3xc0zV7eN7pXV9RtUW0um87zoy4L5kHJTn5u/ODwKrDwmnDlqwTdOfuf3rJJJtLXXZtejs71WlTUVOrTqRSmlzLZ2tyvW32tbXV3ok7Xfr174W8S+EpdFTxFfSapfTrbb5RL58LsJoyShLMyAAlcYyOCeScfvZ4dtvM8H+C3i2sG8J2PmLu2gDyQRwPX1HGO/Svwu8TQ+K/EN1BquradHpFjp89rbpNbT5t5Ji8R+UZyquQeMHnqflFful4YSW18G/D+Xasgm8H6ezeYSwAaID5QDywAB6ehHHB4KkXKd2lfm1ktN3FJpPpo01d7b6JG1OpaMFFySbTjfq7JbPbVL5t/ZNaOEDYPJQiJMkmX+Lk+uTx3GOvGc8JKqHe7Wvyhzz5pAJbB2kZI5/vHI4HGTioBeRxSbTKASHjYmAnB+9ks3Vgx6AKBgk4wDRJeIFYLcRhTInBgOefQ+gwSM9MEntQ6au1aPK0k9LPSzWtu972utdUzupOoknKNlZOT2Wlm3dR1+TfXzL4Fr9qjJtFZYCp+ZnIXeCOWxyeMFcnrjkgUyA+XdTsFjjjkmAIKMxCknlAwAOAeM57dDip7O6ZriTN6hjJjdVELZITjPTPTj342jri9Pdu0s0QeIxqyMT5YWQEkYAHGMZJx2zwOMVzygk2nra1rXu72tdNfDovNXsd0ZPRLRq1rXvfTpok9e2zXygkQCC2WJosNMdrsMHrjLA4HTAweN3OTxRFDM0k4zD8zALIrbfmPGc9QMYxwRyQc5JDr+3luYYVEiRokvyF2CfLgHlQTnnk9Sc8nApYbKaaKSCKW3IEq75MlCvAAAJzyccEEDj5V5zXOoR5rtLqlf0s0lfRa3tp0dm7sUqslFdG+mtr6RbevW9lbZ6s+ff2rxLJ8BPFUcUjLcfbrCPMZG9iJBlt+4nHJB2nr/DnOfzD+GtrrNvok4vNQEkkkjmN3zPsAUkoWbBAHOFA4bOMDIr9Nf2uBJp/wD8SzKYBLDqNkQ25syv5nCgdSOAMEYJ6E9B+Z/w7udX1PwyLtkhtXDSI8ezy4yoyw6hdxPGT1Gc425zNOLjVly041E3qmlrsne6t9/XbXV9CqxnSi3OXMk3FK1nazfNdqz1S0Tba02PmX9oTxt440XX4tMsrpLrTkskkVhbtInnb1wjOARkdRlehPbFcdpHiHWtR0rRHZkjmmgvWvsW5j2HynwAQFwxABBB4yQGyCT2Pxq8a6hpPiltLNhYzxRW0UzPKgZguRuAZhhiWIPYjGeec8V4Z8SSeJBHbrbxRRPFe8wwgJEyxMWKvwCWHXjoSMnJWveo026EGqUUrRs1ve8dForpfC3vbpsfL16sHiJ2r1Jf3Nle0YuzTu2nZeitq9T6Z/ZoDyaRcucM5knDsTzhZWwSAWb1GOW+nOPqyYfumxH5i4G5Wyc5UA9QMYAC88dh/FXzD+zJYyRaXdYI2b7hck/exMRnkEBucck4bg4HFfXEsUUcQZjuYKQUbCliRjIbkAgcBeuWBz1rxcbCMq8m0k1JNu6i3dR1j33+5NW1V/dwDTw1P3nbW93ytNOK09Lq/l1105W0j+4tuwjKlmCgkEkqWYHA+6Cefm44GTmvjPVvilrHgrxJ4mEdkuo6dPLdQ31s0hVpGDPhMBCVjAyCV4K557V9uW0YEoaNEZgx4IAwrDOO/XrlckkZznkfA3xY+IGjabrWv6VJ4LhF8XnWK+MrKX+dszOMbSXJODhm4JB2gY68roU6tSpBxbi4xaV9FpDl7673V9b7aI5c1qqlSjJSbs/XS0dr812tlZWs7XZ4taeONT1PxLaXun6dFp4k1F50tEDh1iLZaMMANyt8wBweCRjrX03ZfFK7bS5bWXwhCjTTSKL6SKRniwhCyKWUkk8cA/MOuCTXyV4X8V29x4g0+VLIQSrNh5GOUVRk7F+XlyBxg5ZiCScZr6wg+IdjcafYsNCMT2byI4ud0YudoOWQFRnp8oIOT7HbXt4igoOnag9KaUdUk4p004p91FvRW00vdWPGwWIvTnJzSlsvdSvJ8qtqlbRt22drptifDvxv4m1jxNo+h6k0w0VryZsR2hhMSo/yFnPXJ28E4AAHIJI+6bHV9entLu0FtJc2JkRY5gMSqGVmQK/bdjOM4xuA53V8WeA/ibous+I9M02LR57cXmoFJJ2AHlAZJctgYQgluM/NzjJOPoqb4qXGi+ILzwbZabBc6e0C3q3YlZZmCjG1JCv3VGeBuwcEAEE1zSg5yS9mkowjFwTTltyxi03dx1upLZu3mdVKsowfvOSVkpptq9koRfM772d9rtad/jvx58Q10fX/EjX2i2EdxDrM8NuzxLNJO8bAMk6Ec8Y3kj8OQG6z4PeJNX165XUbextLGJdQdnhsofsyRfKWPzBeY2IU7TgDkDPUcB8RfF/hbUdbv7298PxRxDWJsmBy05nRgTLKCBv3ENkHIYnjjr6f8IPGFjq1jMml2f2EG9EImECIhyrDJUdHIXBJ5JzuPp0V8PBYZNUHFtJ2T5nJ3Tejlde69NLO+q0MaWIk8VZTUoyesEk3JKz+G/ZdU737Rs/ofw98T9Wt7yWe4gVpY5pbVYFaRw0YcKsyoV2knOWbHPzEHOK9j8V+Mr/Trnwyv2WBftb2gmVUMskrXQbAClQAVDDdk4BxwcV4PZfFHwbp/jHTPCUmiztrclpEBdJbRm2keV9xkkbr75PocnPFfR3xA8beD/DR8I2etWn2i6157NbC5tbdXELNxHudclAHKqMZB29K8OvTvVpWpuEkryknvdRau1s72TVrLqrandTqxtJNRdpy97lSUHZWTVtHeyT2tbXvyPxhnSws/D5Nsj3riSXc+BGqn5iGHQHHOMEtjgYwG8juviJ4i0vw7bX2n6BBe3sc5iMaJIFSIhhvIC/xAE5yc5BwDVj47+M7jQdU8MW99Z+ZEVmkd5SWYR/K3lBOmdpG1T0PBGDWjD8VfCln4Zk1eeyuYdNg8lZmEMe4O4GQQ3zYLE46HGe2DW1OnKMH+6qSTjok/eUla9720ildt6LbbQdKcJOHO+RLWXVqWjd7XV1bVu2nzPOpvjb4pum8NWM2m28I1jUltLmL7PIj2kasQW3bACRkbSWx68GvwB/ajnmg+PfxOuopvMYeIHEjbSch+MfMQSCPxPXJ6H+gG8+NPw38T3+kaVplvPBq+pX+zTZLi0i8tSAMvDIvIVu/Q4BAOK/BH9oW3Wb9oj4i2rzrKq6zO04HBZlUnjI/vHC4ycZJ6ivoMiiqdSTlScZezhom2nqrPXdyfvWT6+jfyPF04ywUFGamlUSv0V0lrfzd7K9lsuh8ua1f6ndyqIw6xiJCCI2VTtIJ5KgEHqep98nNU4572WJtj3LSkoqqqSOTnIJG1SRjjrwR0719JeJbG0t9Cs5QkAe7toxGvljIKdWLY64x7feyOle2/B/wzo0egWmv3mhJfq9wHkuvsyyRxLEA2zGCGZgM85HBJNfTxrpzemtn12Wmis1bW2/TZ9F+cTpQjQ9pKet3ZXb973XdeWqfVXv5nwlK99ZPbNIHe4KfNBLG+4RsMjCMoJUDBxyRjqM19C+Clt9Q0y5e7uIEdbWONUuFGEkPACGQr0bGW6DPJBHPonxWfw3e+M3vbbR7W0iWGKAr9mSFw5UbWWIYA44zkEntnNXvhzpng2+1FT4gS1XTYAySRxY8ySQElAyFhlWPA25AyACcGojjoxqOnG7lzWUrpRd2lrdP77/K52/UU8PHEKrJR5VJWbVk0ruzi07rfZOyNb4Z2d3beHPFdvqMwK+XcNAmd6H5HKNGMlckHA65H6fEXxBmlGvr8xcohCqFZsMHI2gAHBIAAJOduOOCD+kl/p+l6XF4gn0aFYbGZoRFGXJCwvEMbQ33cgZI446joa/PDW7+ay8bTstil9A81yFhEXm7iZCCehIIbI6DtySMnjc5Qr1Jy1ta9t3fk132TTa7P0Z7eHjCrg6MU7p2ts5fZ1au1ZXd/TTS1vQP2cHjPj2IyyATHTb1mVgArHyXO0bgcE8HGQPvc8gLzuq6c1z4g1nypkTzdRvHKNgEDzmP3sgY75/AEggV33g+zvF8VaZDY6P8A2fd6hBtieGMoT5yEEOxPCkenygHAJxX7bfAD9jT9lDxr8NbDxL8QNRj03xfFIyaks2swwBrlpcsJbVpVIhkBKhiNxBywGDXxfFnHeC4Vw1PFYvD4ioqlRUlHDw9rJtq95KPwpJau9tUj6fKOG55pJ04Tp03TSk5TbjfVL4tr2Wr6tPfU/Jb4VKdM8NeLUaIObnSpgSdpG37O2WbqcZHH3jweADmvmqa1tpIxetFM93BHI4bYWUKZCoAHTIBIA687gTnj9iP2n/gj4D+D3iHUtP8Ah2tvL4avtAmvZZbW/W+VHFuVVTJGSMSbg/l5JAIGK/KHQ5ln+zQLLG7TzzxMrKjbVErbVwc5BXHrznrX0HDmb0+IcBh8yowqxhiYRnCFWKhUjGSVoyXRtrXy3ex4+f4N5TiZYa8Jyptaws07pXa0TvfW/Zp7NHuvwz1KTUfh58QY5X+zInhtoyvlsgkwhUE5XG7GfXqDg4Br5K0jzCYFjOR8/mOEIwokJw2CQeMkAgdMHAya/Rjwdp9q3gXxbEqWsePD10kqLGo3tHEwDkgZOQARznPToDXzj8INM068kvILm0tZQzYeRo1k2p5pGFBHHy8EjcehIODj6SFFxqKKvbS9rp69Hvq387tr08Grim4Upp3ajfpzN2jp2s3o9HdWdtkdHbXSn9njxtGZ0Cfb7ZE4xvbLAJnGBjrweQGx1zXxbbRzXAc+aAsKlGJRsAKoO0cc7gcg5GF9s1+j/jnSdLsfhZ4wsbG2h8j7RbyiGEbYkcY/eMAMNjqSfQ59K8u+Ceh+HtZ0eaLVdLsp5FuTHKWg3yTIwwArdsYByM8ehyaqnBuc4pXaeuuqvy6Xelut+3VbFVKsatKlKV17utnFdtOi21vtpfXc5DxMJpf2f/BsUs8ahtYlEQGDkKw4fBG3A2luxIwGzmvANNhl3vN5gH2TdgEdVwQOMncBglSASMZBAwa+wvjBYafofgPSdMWwjgtB4lbyIlOFWIMN6RqQME5CjpyTxiup+H/w+8Matb29xNo9o8F1bxMnm9SSh3FiOC2TnOSec991b0aDqNxVlZ2kr67x3va938PSz0WrMpYiMJQvJ2i1HT4lqviSunrs1prZJ6J+afFq4af4L/ClZZVYz/azvVSSNpX7xx0z35P3c8HNfMmnQNlpd6MqsqqCpwWLDnOOeAMHqcZ7V+g/xr8Jafb6N8KtMW2gTTBrktqbRQAnks6703Y4J7g4yB0HQ+naJ8G/AckcazaBZwoXLIzIHUYiBzITycsAUBBC8AZ6nCq0qsadOMVJckG2+qtdvfu3fo1Ycqip01UqSlZ6LVJ2urX0d7P8na9lb4z+PiyQ+FvhOBKNh0XzCqKMIduSR/vD19Ceua+crBysvmqC7CaGRWZH4AlU5IAJ4HJXpjJHUkfYX7QNhDbP4LtQIXt4dWvLGIMo2LaRFdkag8AYOCcng85ya4zTNK05JHVbW0bzGRYlaMErtYEOCB3znnIHIHTFVy++oKNrqN+trpNtbW96/bV3JU1NRqLbS2t7O6a8tetlpt2RD+03Jum+HTMyjzPB9mQFU7Q3lgHO3jIwSSBtBBJJwRXgvgmFx4i0V3lUs2o2jANGSFKyA5LYwBk8fMOMkY619a/tC6YiS/D6aWKJ2fw/FBGrDCkDBIDEELwAM7cenA56nwx4N0EaNbaiLCyWdbGJ0KwKJIpgAdyuFB3A4OcYJJPsZhBXUIppqW6bTbT6vVK29rL5pO20lKm5VJXXNZcur10V3q1tu0r+aaZ82ftFiZfHkMSrky6bbyqVUFQzRqByecMFxjk56gDBHC+GNH1l7iyC2szMLq2lIELlSokU5JAyAoJJyOTjGeg9Z+O8Sx+PdAdUzH/ZNmSx+YyYkALHPJUgY9Mqex3V9A+FYdOGlLcOI47zyYCgEKcqwGEAOenXkHJx0xitK02nGElZNRW+my10Su+3Z7XSdjB3lzSk27K/RX2b1t0tu3rZryPnz9oNWTxlDKFEcx0HS1bC5VisUakL9CTuPPQcdBXc/AK+lk8XeCbRZgkjXixMjwsioGP32k2gA5J5zjnGRwRzX7Re6Px5YK6ZDaNZSbwpXCkJnYuOcAdByBx0r6w+Cek2sFp4d1ZdMsneVbXypCimdDGQxdWA4yQVOCPbAzU04L2FZq9rWk1pZO2uiSW9vNs0ddrEU+7lBuytZ6e9bZO9tFt2T2+OPizBPqPx18TacX3GDWi7vHgF9m7nAJ56sSMjgHqRXTfDLw9Mvju61DZIcTRrG3G37wyGPIyQG4yOxxjpHJYN4t/aM8SWojEEsmsXe5WbbhImwwzxjO0gHoM545r6R0DwtFoHiNbOBlBl1OIspJdwGG4kkjduBKqTx2HTg+dha/JKMGpJ3unqtFypaPquj1SfTt2YiCqPmm01zN631doqze6e710v9x8HfEbRLq8+IXitUSaZ/wC0ADsDEhtnBJUnjHBPbkDHNe1/s6eHr6LxXd280LRlNC1PJKNkgQSEqSQM5HrjHsOKs2l3p9t8XfHtvqMsXzamiwlkWUIxXAA4ODgnnJPB5ycH6x+HsWmrqcgt4YIZTomsGS4WMRPIi2kpVwMDAzgcnLDJ6c1p9aft4U2nFSmk7N3u3G/o3o73731NKVCHsHUUVe3M29EtV919011u7a6flvqto0OrakYdyyNqV4jApuOPNYbzjIOevJGAcryCa+jv2ZbSVviPYtuCOmj6mSzoVZsW8uCSQMey84DHk8E+ZeF0in8T+IopkW8P22+KnYrlEM8mOTy3Rhg9MnrggfVnwU020s/H0TRQqgXw/qMihxt2AwSg/N/FkjhM9MgdOdnNwktnBys90lZrd367qyeiW5xxpSkpTS1V9LW1VnpvZ6pqyT/E+EfGZaPxT4gEcG9v7YuxuHIZmmbccBSAMlsLk4HOTtNfXP7OdqH8F/Fe3ZVjebwjNNcbwcfu1DKAeR1ycdO5xzXzVqmsWV/4y8QWogwjavdLD5QyTItwcNuwOGJI28DqccgH7R+DWnS2Gg/EWBbUPLdeDbl8ADChYgMY4+VevsAQDxxEpq7i7PZu+26durV9tVd366taqk3Cc7Jt2Tjrpeautdn9+jtufnakkxv5GjkRYnfY4SPJ4kc5xj7oyckeuTk8D7y8C/a5/hv49t7d1kiXwJNIWZdhZUUZwOCSuTnA5wBzyK+adH0eNz9rW0iXkxMCqOGIlwZHUkgBTwzAck85HT9CNE0jSrL4V65cxWyO974F1GC5ceWqgxqpCLt+8DzggjtxzxkqsZKVKPu3TbaT1SaaWrdt0uv6lujyRVXq3Gyvs3KL76d3pdaa22+BvhnpWtXNtILMpHbywbmmY7CsqlgNrE8ckkt1J4AIIave9CstUsPBnxDi1S5JiPhq5jUF98jMSNpViSUQk7lxnpx1OU+EnhfwxfeE7fUbi4uLeWW6nglWN1KRQJISu5QRhcqRntjgHOR6tr+k6ZYfDz4hX2m3MF6i6AYWlYZfaCMYyd2QD8pIHrnkVPtW6Uot8qi0l2ac07abrptfd6WsdCi4OLcry5dFZNNtxSaelnzJdFZvpZW/OPT7aeO+aSO2klcKphZAQ23H8RGckdf1PGAfrbwwwT4GfEZZrcsWmtQwYOZFdiQcjBwDzxg4Gc8ZrzLwJpfh+5057zUtQezmRkjyCAkcJ6MAfmIPU+xGeor6c0zStMHwH+Jc+kX638K6jaKJCingse5HAB6dB/EByCLk4umtHrZWWurtrfdvXXt1OWLvU32vK1r2va/m302tZux8qfCuzv3vZ2gsp/IMSjzkgllBdBkJ6ZIwSD16c8Z+j9J0m8f4efFRbu3uInbTraXdJAyYCyN8wyMBQB8x4PHBxxXtX7MOj203gWzC2tvJdSXkheSa3jbZ8oADMSX6YweO3AAr3n4h+F7d/BPjSysvs8M154bnNxHFCB86A7iSowMs31wRxu4rzKuOjTcqMmtNuz+Fdd3prfvqrHXSpOMFUUtNHLs72vZNNXs+19ZX0en5c/DXSZJ9R025WVHFpdaeo2puy3mICqqFJIUA7inYNuxgY9z/AOCgE0kFx8PRLMBIuiQsyk/LG32ZAgYKSMkjOQMgnKgnkfdP7BnwE+HOu2Nzc+K7zSW1e1iaeGC+VVDKFUgIH4eUtwr5yvfjmvn3/gpR4T0g/Fu18M2ttHDb22hWUlpFGcpDGigs4OeS6jqOeg6c18hlPFeGz7M82yqhTrRnk/K6s2moTcrfw3o3ytav0Xkd9WUMDQoSlJP60+Vq7XLrGy1VnvpZ+Ti0fjT/AGldFGbzwBvOMjnbkA5wcc5yB1OOmKrm8Y4LszHoSp4APT7xx1LEcDHI78+ww/D1b8GS0tmEXmtAzv8Au+VyNwOTyAABjt1AyBVLxF4N0zT/AA9eXkcTxT20ojBYghyu0MRk8BSDyeOnfJr1fbykm1JpaaPvo9tUum+ySWmppBQcrXTTjfd2cnbo+va+9zyVb5I2LYkDE8AjK8duSck9hnHAI7ilj1M7xu3BP7pUdRknb1HUnIAxznjOWz2TLpkMzEerbMAZGQMgHIwOBjjaarsrKwOCuAxIJyAc8gDnLZONvbkEqeBSnKW7XS62b2te2ndO2t+2jOn2Oi5XZaa3ab0jfms0rPpZPZpNM1mv1Zg4QLsOOQBkNzuKqDzkAkEnpzx1atykpY+YFIfKqFKhhnJ2jkYHqffouSMtGOyVwCFLYO77xII6dj1HYAHg4xT0ABLovBfaN/UkjkcZ24GTjrgdCOC248tvtWv+MXveyutW1qrN6KyKjFJrrZtt30sly3ct726u97rVaHUaU5bU7OVXziZBwOoaQA424LdeM9a/QPWfiEvh8eCPD8kk62c+lWssrQHErFlQAbsHCgkMwHYHle3536OzjUrMZwrXCAgZ+b94ME4CkZIzzxwMZr6g+LkpGo+EZEl2yQ6BagAuQF/dqAc+megH8RyMnrhKLkuV93oteif4adb6dLk0p8kpT5lpKN4pPVtxTvfW6WiV1qrWTTP128Ia34ZbQNEH9oWqyy2MLSC4miLMTGAR8zZyvRiwPHQ5Bx1iX+hySYivLRlJIdhcQcdcjbvBBI43YI5644r8Ox4k1Q2akarqMTQqoQJdSLGisoLYKNgDBwMdOcDmp38Ua7HaFx4h1SMhGMbR30gGQcDd85IJ78HuMYxXzlTJqs6spRqyUZS5nG1krNWvrbray13s1pf6eOf4SnSjTdC7iopyajuuXR6b36Xd7+jP22up9Gz+5ksJCnzOfMg8xtx6nDAjnv1Htt4p3F/4fihRZWtYmCFuXh2knGd43E9MtgY6cjAFfiXp3jPxSZRLceINUaONogVF9LvkUnAydw7ZHrzj62dZ+IGuvcTxwarq/kIAMtdyksshAwMEcJk4bH97jOaf9l4uny/7Woysvdal7qTjrdXk9F53duhf9t4FwTlhlsm1pZrR3Ts2lZdbeWh+wVzdaC7xyxS6ZKUTcQZIBgc5bKtkDoDz1wMgnFNtTo97NjdZwyZUhUeHBDZ7l1PTJGCcFcY5r8gxrWqJpN1fR+INXULHFw13LgOxwwznJA5BI65Oe4rStL/xTLpiX6eLdQtporeSdUW7lYFUI2IXDYzjOcgA5JxzitoYDGTjf6xz2t8XNa/utWd79G23s1rdnHLN8BB8yor3mrRvHltorbXu/wA+iP2Dj03RJpWiFzaoZCAHzENqheQw3gAkKevXuBkVrL4f8PogP2mzLQjIKtEWJwSqthmJB6bQCDnnPU/idB8R/HNtY3Un/CR3hd94+e6lLh1+6VJwVJIJOCOAeRgmu68S+NfFOn6V4Ou9L8YX91JrWneZqaQ3bO8V2h5idN+5QuQS2BnGDz14qmBx6m/fbu3rZvS0Xda21u2td9kdFDOcvq3UcPGyad3a6fu6paKzlu7t23um2frlPpukL5ciyW8buTtwqMOehBU9CcfM3XHWrMWg2cwilkkEwfaCLcAEbTk5xg9O+MdcV+M974/+JFrZC5PjLUww2AIbpyELElSDjgAYzgnBJJJPShb/ABq+Jluu2HxnqcRDk4+0uUzjpzwc7h8pyO5yBg5rAYtyX7x8ulm23K65U09bPbu3+ZrLMcJyp+wu20nskleKb33au29Oy0sftJf+GbJl/cRzuVdd7rjdtAx0DA5PcnkAZ5zVeHwdaiYKFuFVyHdwQc8hgCAxORnkAA7uvfH5H6R8V/i7qlheX0Xi/VWgsCGunFwykkE5ZVVugH8JwOgz2FNfjZ8V4QZIvG2pqfM5TzmLbeoGDkKwAywyQeQrYGSlg8TKco+31TV9bW0TSabb1svusuxqsbgUoSWGte12l5Ru762V9Oqvqlpp+yA8E2kkryItyykHgr2UdDxkEcEcZGO3GMm68Bbpt3l3JjJUqAhDZHYf3sYx0+9gbgev5OWH7Q/xds/NjHjC9Z2wI03FiWzuwc8gjG0kEHrggMKnm/aY+MJRHfxldJNG5WM4+UKuTluSAVb0zyDgZBxP1HFJfxdb9b2dmtHrrdaq/wDmafXMDdT9hG2l7K2jav7219XZaebWx+qV14FjYgBbgCIhmDRk4JBYdsnOOrAgZXjG6vlH9oDw9qPhHwzqmpaDqep2R1K/ij1e2tneGGa3IUoJApC/MWAx0IyOMGvlGy/ag+MzSSf8VfLIUG4GRAxlCtnLDuTjAU5AbqO9eg/8LQ+JnxE8E3uk3+mXfiGPUL6FnvILMlYGhORGXVcZySQBjAB6nFYSpYui4utOMoXtJKV9Ekle6XS2npfR3fTDEYKqmsPBwm7rVczVuWLsr7tKys29dXoeNnXvEnlCSC/1bbaoVPlzTvHCG6HzFBVVboVZgo5bFSR+KvFEcYmOqakxlHP+kyMTjJOPmz90cegJGBg4+m/gT440fwLD4r8L+K/BdlrseuqsarLaiW6spFbHlsXUMisTtJz8o46nB808T+EJ1XWtVttHisbcXk81lBEjN5Vu7uVjC4CkRqcE/ewMkcEVo8HGunJRS5Wm5JLa0bu63drWvp03untPERopRnJycdr2s7crTs5PXRb3u9tGeZJ4/wDFUTYi1rUYd2xSz3EmSpGMDr1bg4JwBjg10MPxF8bLGiR6/qDODuwjs3fjkDPueAeTwSeEsfD1pq+lFYlkivoQssjtASqkyBCT2BPoDgZ6HAr2vw/4M0DT4rSRbu1ml+yiW+82BGdZHAZRt6jk5XJwpweeMc88tkrpWV7apfZbjfRLfm0b9C4Yu6i7Jxm0m2vhbcVayaSalbmV1vrezPM4viD46Chptcusgo2ZHYk5OQMnDHj36EBv4sa1v8RvHPmFV1yUh1BIJBwPmycHnngDoOvc5rsfEWiabN9nMFvHiO5iE8iwhN64X5QuBlSOhHbkdAKZ4i8N6ZZ6dBew2LEXMiQxuI9pj2kFienBAyOT1981yPLq6TcW7O1lqm3eKbtG97P3Xrrpv09GGKUXFNq/S8rO0Um9vu8n02M2H4neNw5jXVhIBHuIZRliByu4gZJwQOeRxyc43tP+LHjSOALFdwMwYtlox8qjJJLEgHqOnXnocGr994Z0Q6QZ7KwmWY2MLxygNhp2UNJnoG4JxwMYOcgCtS2+H1nd6XpssJaJrpUSSZlBUF0IdCoxgBgMEDOMbvWuSphMVBKTbUWlHW+3u3s27LonZXt0OulXpTk/cjJrVtt6rRaNJWaXq9ktVpVtPi/44RmnEtowYYClBtGMAE88Z5xnjg47Z0m+M/jc/PmxcIwGFRdoIPGApPy/Tt26V5xqHh6TTHvIftEb/YpdgUcI4+8C21gAB/FnJztIHJrtPBXha11bSJ9SuZ7eFwz4UssipGoOSVzkNlRt6Y6jrXm18JifhlO2vXmdm3FdG9vmt279Oj6zSsk6K5U7Wa0VrX2UmldWevneyub8nx08aKY939n4ZRysXO3gYJz049PX6V0Efx28SiNTLbWDg4J25JHqDgcMTnj6ZJGRXPX/AIMgtdDa+lZGLJKLaaOMGPAPA6jllHX0xkc4rz3R7a1vrtI1ZlUxsrMqYyyAkgE9+3GSODtwa86thMQ0kpSd2rvmau20kmtdE/TdJq52U6tFtXim2lpfW91ZfNrTyadnZo99T48ay8TFbKyyYsc7uB3JHGCf8cVo6b8cNTljxJY22dzAAsQXPy5GSRxztGcnHI7Z8HbT7OG3mkUzo4lihEbbctliGdScA4H3jz1HYHHZx+EIDe6ekXmCO8VVyXx820MzKNxUnkAHhR93HBrnnhavIlKb1aa16aeW2j2XXfqtqdSkteVXvb7NnqrtK2ydl11tuz1d/jTeLEz/ANkxZAUByzH5mP8Ae5JHzZzjAXjFCfFi6nuInOmQeWFKt+9w2SMkZPPJ5IwO/Bzz5vrHhv8As7eFMnlExqAWKsrbtpJ+bnC85HbgEjBpE0eP7IjKVXZIP3qsQXJCDoTyD0wcYwOc4rgqYerFqXNKTVrf+SpNqzTTto2rtW1TN6NWnJNOnFRut7OTbe2q2bVr7Pbuj2i1+MrwXEavZuirk4XEqgdwOcAYUfU8EA81qt8aoJArGFkKsoDfZlwRwx5GAe+MnkDjJOa8R0bQG1GRlWRMRiUuxGGbaM4AI5AGcnOD78EuGnpDOU81miiD7zjAzkhQRnk5Hbv94r0Pm16FRRXNOactfdl0fI27779Plex0KtRcUuWKTto4q6Xu3batbls3dPyse8f8Lj0+RSPs5ZQq7s26APjBPTB45xyTn5vc3ovi7osifvbJSPl3K1uoOBgZwB6e3JyvTr4JDpYUeash2GUDGQCegOCeCuG7YPGMVYW2hgUOqKwLAFmQE7gxz/eXJH4HOOoIHKqVa/NGpJeXM7dL99r36389b9UZUHFtxj91/wCW8lp1tbZNrotz6Htfi/4RDxyf2dKrRH5T5ZXJUckkfMTyehySN2O47zSfjn4ZjjNuq3McTSrKytDnkkcggcAHGB0JBORklvmfwz4Wj17U7WxVxFcXtwIV3N9zcM78HA75+XBPc54Poq/BzxMtnrGoWkb3Nlol41ncPwssrK3KRIvVSDnOQAAec4FbU6WOkuaEpyemibd3ZN3020Tuui8jnk8HqqihCLs029XHlbvfRK66vtbXY+mX+N3gu/tlF6k100ZTy8wgKFBA2OMADOMHBJAxnnr88fFfxBoGvQTPpek/YoxOs4myxV2YAAorKFByQrHJXBAwT18X13+1dFvRFd2N9pzq2EjuVZCyYBVwCMOp424yMkdO2x4m1iS48LWzHeCBEm4DB7ZLAHvhgSBj+6D2urXxfJPD1ldNaxaTb7Xurq+iTu9Ir5ONHDU3CrSd7RunGSfMm0r23u3t0S66o5bwtdub++D7gos7oDGFBBD4OckEgcgnBJ55r9vP2O3z8JdEnija4ASVfLdsc+YDkc9QOSRySSMcHP4SeF7ln1G9YPlFtpgCSBk4I6g4zk5OMgBjx8uK/bz9iRnPwz0WSW8WBA9yYxLllYiTjgqQQMEfw9/w14VvTziom1Fuk1dvZNxbdnbTa+q66qxx5xLnwMGk5ONW6TabbdtWrta7K+3pofVN54e1maS61IaF9rjTdsZH/wBWCM7BgkjjrnAXOBg9dXwH8Q9T+Hur3WqL4LsdSN9psls1rfIJljx92VC6kIeMEjbnHJyc1XvNZ1Wa4vja6hHHaRho9lvMIC5CkOQnGewySCeOxNGgW7Xq3UP9pQWt7d2mbSW9vEaA5x5scrE/uyVDBRzkg8cGvqs8g24VITjG0rX0fNJOLTu2m767t9PU87CuH1WdKpThOnNxU1FSUnB2S6307X0809c7xL4/vvGniU602i6JprXUENo1jZxxxwwxxjBdlRRiU4JY4D5IB2jIHfyNrNx4c0m3+wQpZW9xIzzWzhZI7cAkyPtIyzddxOSuT93JrxN7VdH1SW2hgtJ3knGLlHDxsyn5nRlJwuVO0dG6jB4r1BLTXrvTFNvdQ20UqEyRLKqNLFGvz7Y84OMHd26EAc58PBucIYicpXk4vm5UldvlbbaaWst7apXtqzbEQpqWGpwcYRg4qMXzOy9zZy30T+bdtjovh048nVXhcyRtfFcOCTuUtknrgt0PHII7CvRddIbSb18Dizk4BzkAEEY4xkrjr8pwQT0ryL4UOiW+pbJVdP7Rdfl4bgkAEHoOOgBz27A+oeIZAukXz4GGs5SVLEHO0DA5A569SRknoAB9Plk5Syu7erpyUtPJvTra/S+t3208bGQi8cna/wC8pt7tR0Wq6O6aW9mnfyPi/wARXka3wL5VXOGXaW2opxwMkY4wM8DGQfX0b9n9nn13xHIi5jEMbIPuZXscA454559SMAGvMtY1JI7u6dYoSvldJRu+bPBXAORntwwPynoa9R/Z81NbnXtdBjiSUWUTERJtQgZwT0wfbOO56c/E4dWx0FdO0pNLe6Vk91o7PVNWauttT6msrYOfK0/cTet0l7qty2tdJu131evev+0AJ0nt2ZsI/mSIhLEbOM4GMfTBwAPUmvItBL/2LEGA8p1Ytlu7Z6ZwcgEHkEkH0PHun7TCqtvpMytiVoJCxOACABnB5I4IGCNpI4K54+eNLuHi0y0BzMpVt6L6cZBI6Y4x1I6jnmvkeL6XPio8yb5Wm7XfSLi3otFq3u1fzSPdyWpfAU0uiafpJrW2jtrrb7OzV1b3DwGmnWthfzSXk0cpkCb8h0VSBxGB1KgFTkcDHBrzLxXDosmtarc3WozwrMUCMIwwdMAb15JHIA6DbyBnt3Xw9v8AQltrg6ss0KTyiKJIsMSzgjIUDbznqBxz9K8y8Y6t4fttYuVutLkaKFJIURZjuba29XYrkBmDAkEg7jjkgY82u08vwcU+WUFaySSaSSu20tL9ldpu93t24Km/rddpSXwtWtZX5Vdvd3Tvdeu4zxTFp9tDoslveE2r6YQGWPMjJnBZ9p+XBJx/CMZwOCfT9A07w9daQiQa/dCO008yEPH/AKxnDNtAJB2kkq2RkAd8DPh/jDWLW+g0CK2tDZwHTyUZmwZYwMFcEgk5+XHIJ7H+L1jw9ceHLjSLKHTo71b+PR9paRttuzc5beWGCGzjII2gYyMZ8TDxhGre7blFqOrSaUo3irLWytvdu1vNetXjL6tT5nJO7u0o/wA6urdNV876NK50GiGIQ3kayyOs0DxIUCorbM4C9Oe5znrgkiqvgiV0utbJVtqWsqiM4O/aWAxkjnOcYI7jpis3R0uFN2zMFaKNin73cA2CN3TI6HrkYHPeo/AczS32vSSOfMisrliA+RnLZJXAZjzuPUMSSTk5GuIoylOjKLfxPlTTjolHV30TjZ+7dp3u+553NZ1k20rRd5Jar3b30bTUvs3tZ2Z6b4a1GKGwhURujNLIfLkj4CliRsPQAnv0BG7pwfqrwzcF9GsHIBHlFi+Oe4475JHGMjkN93Br4t8K6n59gMzvK4nlR1aMK+wE4Cqec8E7h94HOQcY+xvChZtC05vmC+QTnOWC52nnJwOg9xwAc5P2nCEZLF1W/wDn1bRW05o6tJu10ndRa36X1+S4ihFU4O//AC8u07LVpt2S2181r6u/WrKZspwVAB/u8jORkgfXtnnk5ry7xIy/2/dRqCCbYFjnqCoz229cjryfUFa9LUK2SCQcgjdjOFGM9eg7cnoCexryzxNcomu3qny9y2n3sfMRtxjjr2yfw54r7HO4r6nBPZyjbonou9rW+/ReTPn8ta+sySbXutLbW7grPr/e6pJ6WZ5Si6pFdSTabCHwJRK8z4BXcyj5S3P3jjGSPzNbNheajEIX8nN2km9t8u6MY52hWO0jjO3nGcnnrBBZ6RfBL6/15dN8pyjW8a/PjfwzoDkgg5ye2M45q5c2tl5UiWmqR3SRyfucKYzIGViCHPPqcZYkjr1A/Iq1KUZN30c27X0VpJt8qtJJ2WurulufXudOVlKMZNJKzi7O1rO3KmnrvdttbO1yvqF1qGoqxvbX7Ni4Zt0ACGYjkAgccfKDyxORgZPGt4S5humIeYPI5ETtksADhduRyTnocZDdOlc/d2Je0zPqvkzR4kaESseF4UKedzOcbiMHJI9hu+CoJpre4ZPLjlMkiQTsxwXOR5jk4wQDnPzc4BHWurCUFUqRcUndJtuVpStyp2dm1bbVK7abdndOpUjGhJK1nJatyWt4aXu2mtt1dtdtd6e5SSOAt4dImBaOMMQBsJGGVSOWySScdjW7azXskF3bnRIbeJbPcZ0Kq20kKpLDOSccjnkMTxk1iSaZrKxxNNqFjPL5jqGa53oEJOGAyCCG79QCQcHca3dOs9UEUxlv9PlshbODHHLukkYDkLg5wSOSPcd812xwko1LNPz5Yrmt7vxe9ZNJ3dtvmcNStG0oxS5rR5m3O9/dS5k9L9NH6IzArW1mhitPtKs6MCzB5G4LYIIJHBbHHUjkZwfuDwHeyp4K0WNoBBILYs8bZKoh6Z7Z4PTHBPIGTXyb4J0TQNcu7yPxDrR0C3ig3QyJkvK+CNyZxjvgAZJ+bDEHP1voE+k2mgafbaPePqFlawLDHdShi0xXhmO7kNkDGewHtX3/AAThmsZUrOpBRnRnGKVSDm3GcLtwV5JWsn01XXf4ji2up0qND2c5NV4ylPkl7JRcWly1HZNt2sk9LarcsXd4cHyV2kAszYJUnByDnByBkj+I9uwPyN4imhm1jVrj9+4FxOHaPG1SMk/eO4++AeO2Qc/WtzPG5AUPub7ytwCNpypPA52kE8njCtg8fHHiGCzl8Qa3HFNcRss1w/2ZN2PQ4IzjjGN3RcEnnNetxhhpyw+EslNe1la6d9YpqW66X0umtldNW5eF5RjVr6NXhBJpX05ovvZ3dlbzbtbfL06RQAsRkXb5mXfJzwQRu4x06/ioI6WbSWB7e2hiSXYZXMzGLecljudCSDg7emfXkck4FjNtgjQsAQ8gwWG/uWVuuCw529wQOpzU1tqUNzFYhJXt5EeVGiCCJp442DNl/cBsAkgnpjOK/J4qjFOM01JWtZWvqrpNrS1le93JaWW595GLkrxTaUoJ2+KyWy6rdvRe9qttTa1vyYoIpoYEFu115RufL3TYXhlCJklsjgZA6MQCcDnLWLSZtSgt7iTWJ2KvcCKOFolO0BvmIKgLxwvOQCMDirN5fWNrplnPNezWVveahI48tWml3ocktkYAY5OQCSMc8msWw1Cyu9QTytV1O8Sad4ZRbRFJyzDCxjABCg53lQSQcEZxjz8QoRacVe9rJ62d46R0Wn8ra6pnVTg3GUL2UVO7aurLltqop62k/lbdHc2Ei22qW0sdnJHa3EkJR7zEkiqrFCVbJZB8rEA+hYZGKm8VXupR37LbaZazW/kkq8yqSRk42MxDA4OQBg46AACuU0MTW+uWyLdSXCC7aP7NdMzPCkbbgxV1AViM5G484OCRmtLxnBf3uoNPbTA26RExgytCQxZgSqcAqCMbsDGCeBX0eDUnlqSTTUlpu1om9V9nTXrF9rtHj1VGOPi3yuKpaOTkrJ20clfRtPppp0bMa7u9RCWjJpImeQqDGFLR7gdwXy2XaRk8n6kdjWpqV3qU3hZRcaTGl+97tSy+zR+W0SEMXcFuSCcc446E81hzab4h+zIW1NsxRRtEIWRvLYk4LSA8dACSeo9VIqa7h1638JyWeo3azagb1ZoniZZpXjfBSMz5+XjB2gjnkckGvLxKftJ2blzcqW/KtrJtve/w/ZtzX1Z6mH5XCnGLou1aCaUp76aa+63oratJJs3/AAYS1zeW95aPZs8UchS2iECoVYfu0mXAJP3iB+YPBxdUv5bC21i2tba7FxcyySoZvKuT5aMclAc7c7SMDA75IyKXwnD4hNzdnU4mMBgRLWGS5BbcADncOWwPmAPIBGSeMZM5vpXurWO3gF4En8uVQ73CqHYuFJUAsBwAxGcE5PIp07+yhe8bJRVo8z1trZ3jzNpOOt7PokRJQ9vV5uV/wd5tX1T1bW6Wqd43W6SvfotP1zwl/ZXn+KNM1KS9KwrGyKyKU2jIKKAq5wcdeBxkdH/DyXTJfiLZzaNZPaWMiTeSskhLEHIJZQSUPIO3HPPOBXH/APCO+LpNPuJJ4dTltVjidGa2T5mJURoBzgdApBHUHBPFXvhjqMkHj7S9Ou7U2N1DHOWiK7nwAwDSFSPmIHzArnPIx0r1OF41I5zgnNShGNZWvGz2Xa7lvbqt9VocWZ0qMsDjpUajk3Sknao3ZpRuuXonut1ZLRbmN8Qp1XxTramW8XbfjeLaVgm0scAjIHYnGGAGOcg1zFhd7dQ07Es/ly3p5lmfLoFJyVJI9STkE4JwM5r6J8Y3HgddTvob+5SG+M6vdM9jvUh+VxLznOfugZAA5wVrnjfeA2uLS1DWU0sE8DCNLIeYY3AAw3JCyEYYELwRnAOK+vx2U1KuMrS+tUVzV5TcG2mrzvyvXSyTT6qSa2OXBZjGGEpp0Kvu4aC50lbSKV76WTUd/VPc9E/ZnZG1bxBNC6lftFxGCTvORL36DGAxwNoPNekfG25ht/D2ufaZo/3+lTeUApwCJOoAOATnjqTggDJzVb4Oabofh3V9YuWNlp1hcJJcRLcyx2quZGJJhV3G8LkAk8ZyTknFX/jjp9hf+FdS1HStZsbpnsJYxaLJA8rmSQbViXzCOFY5IPOMY/hr3W1gsh+rurSlVhNyUVJOVnKKTjDSUlbsrcr1ukmfHYmTxHEVOsoSVKUaUVNxla8Yw7Kzta2uzt5nknwLvUbwrlSHPnbfu7SNoIUg4G715zzk4wMj0/W5x9luVViXazuQVBBOXQtknjgD8OeuSSPLfg9FHaeElt8BZo53WdgqowOAAcjqRxkjJOG42811utzTJFeTIqEQ2k5DEjG3aRkkZB4B+YZHXk19fgKt8mw038Lw6aSbbtypy0Wqtf13Xr5taknm9bS3+0JR7WclfTrZPv8AifKmlpdQ62GikhWX7W4Tnp8+Tn169CRzx7n21E1x4941C2Xayl8MCO2Vxk5BB5wenPevBtIuba51nz2mGTcyBkC4JO/O1T1DZBO8cgj7xNew/atOiQKIbjqoZ2ZsKVYEZALY6FurEHPXNfH5e9KqbaTqOzTt2SfLdXe9/m7I+tzKi1OlZRTVOKTcVLWytLV3Wr1fTfazMXxHaX73TMdS0+R2CswmKg7tpJRScnbzz33EHivYPElrMP2Q9eWR1eRbmcHynJjI4wFwSCMtk8jBycnOT86eK7rTH1NGNjcz5AVTHLKA5IwSxOcknhs4789APo/VnDfsi6wiRGMG5nKxs25gARgEkhskYz9fwLxsIvDY5KPLzYSstXzK7Sbfz6WVkcldzjLL258/LjsPdRUVy25dmtUt3bZ39Efjd4u0gz6VOxDSPLpyuFHKr5JHU8c9+mO3GKzvgXpvn/Gb4bWxG138U2WIwvzcBexwNwJxgngflXovi69+zaQFaONXTTJtwABbDDIzyMZPI9zx3FU/gNdadB8bfhDPL5a/afEGnvNI+ABJK+C7E9sLkE89yRjNfm0Kcb0aaas5QUmtVFOSWqaaur+dnvc+vqVJKjiZxTbVCo1F639yy0strpaeWt9DjP2hND3/ALRHjZJdy7fFEI55JYuE45yTnt74weK+b/H3h0W3xMvoFjeQpc2pZxwq7lQrk4yMkYwcH5RwK+uvj54t0DS/2nfG13cRf2pDa+MYHmtlj3CSKOVTwWO0ckDnOB79fMfix4c1PxB8RdW1zSbK10i2jsdP164jeZObGQL5QRAxZnYKFMaruJ54GMn1l4WsoyTUIObUusoqcI2vLRtpqyV5O90tFfXD05Tw9Ceik6FNtSdmmowutfd9168t7212TPMta+HGp+Obu08K6Y8Q1HxDqVnaWqXDiGFRGVO6WViFA6kEkYx05r1fQPgrq660/wANEnt217TbS80xlifzbd5Tb7mdXQEGNARkjJPp3ryzx3rF5HDoV1pd5NaXgkjmkuYSyyQyr8paMqoKkAZ9SQSckkr6BpXxQ8PaF8ML/wAd2PibUoviLBqeoWiziQmeWQWqxQiMk4GZCTI4xweCDXRiZ4uPs/q8nJV7KCab96dmru60tHVb7bq44RainJpyi1HlUW3OTkldP+V3btbfraxR8KfBLUdK+FPizVZJZLu10y+1e0mmjAVDewSyRTxhV6RAKQrMACRgckgeQfC3SLOym1ZUgd232pTcc4ZpA2Dnk5JPbqenWu6+C/xavJfhB8StN1XxBcSXOraq11NHdNuCNcsZbp06Ku5i3QKG3DGCcVxPwr1VJ9V1yNrlREtxCsbMnykbxsKk84IKnJ746KQK9XCqvJTpYqSlyVEk4xXK/cjLZJ9emnW/c5qj9+pJKzu7uNnsovo+uvZ7WbTPWfjS0T+ArmSSONXbU7GMDbvAHlRcEcdCfbqMHGc5n7J7i2t/ibMsblY9NBcLgAIFIByPUHr9AuQeaPxp1GA+DL9TKgVdVtiSe4VVGeM9B7jJ544rQ/ZDkS70v4rlZVOdOCxnvwASMYByOM45xgeleu6UFXp2SS5bXsk720uvR+r77HBKc1gqt23eouj2co307Xe99XbVHhuv3NrdfEvxCUt55Ggit5wWJx8gUsGOMFlVc+gLHpgY+e/HWq2h1y7Bs3YtKZPlOAwKHhhgDaSc47fln6B1NI4/iD4nKSqQ2msTkAZC8NnacZyOOvJPJ5FfLHxBlf8At6bywRiJSgLYH+rJBPILEnnPfoccY5lF051Nb3s1qrbq6un1enlqtLo7cOlOnG8bO0bu1mnZPpq97p3T+V2fq38cboL/AME4vASxR7VkvIH2ZIJBcSAcZPG1uygkDoMivyJ1G6sP+EY0H+2NOulhe7ma38pyMuM/M2cEZJ4XjHTIB4/XH42Oln/wTw+E0sygyXF3AG5B+5hlG1uGBPJA5GR6c/k/8Qljfwp4QljTbLc3dwwIXowJAKqOn3vugdATz28fIKnPHFtuzlj6929NVZJq+jau3f0TvY6KKUXyx1bk9U73Tklv3afda23sYVjf+G4g039m6gWZhH/rDlSCAB8pHBwp6cr1CnNevfGJdLu4vA1ze22olU8NotqluS7BBsyZOxA45JDHnoea+frVb1BGkiyQiWVdjSRsN7IdzkcDA46gdNuOeD7/APFCfUDp/gpopFJTw6FHcDAUfd5569OmPXIr62nGLpynzX9nu1a15cjTV79W21fWyXa/NieZYihBqd5uXKuqajFq7ejtfZ3u7N9TyvTR4aURTNa6sJAcKXU4ByCpPToRkd2xyD8wr2z43SaZ5Xw7TUorloR4VRrdYgw/dMqjawOMNtUdT1Iz148J0W7v7pjaSuobKyDAGB84DbiQOR2XPPA4zXv/AO0VayWy/C1SRmfwejE4HTaCTt4APJHHqR0zRHE0rSStzJJuN9G21ra2+2zetvlg8PVjiKbvNpqWt9vdjZK1+mi13263+eom8Ik7o49T8wECPAOUJBAxwRgAHnJ7jHFe9eJbG1T9nLR7rzJxp8niiXmQAShs8kt2wCSCp7Dr2+aI5FhkMQlUtkbcgc4zz75GMA5HHTufp/xZIR+yporu/A8VuuANvy9RgK3Bzyeh+YcA5xvTrPT3bLXRLR7R10XRX13b3dnaKlJOpBOb/ixve9rJJvpe6sl2d7qz2+UYz4eS7V5GvXgTZuwOWbgAgnq2O59Cc5r7P+HcOlzfs8/ENNNkmjtJtQLOZsmQMAGbapGDnnI/LBr4bgufNt87fMVXBZioznPY8dD7nJOCe1fcvweQyfs9eNd6Fk/tdvbgrgEjkEEjGPfnj5htTrJNqzi7Ldqzb5eu2199LNeRvi6F6ULOT/e0mn00strXs7Pu+rdz5P8ADN7YWGqTTxaioG5UE0ydF5DkAjb16jvggDIAr3PwHqMGs+NtNMd1aXECQXMXyoqu7iJs4Re4B2g4x7nFfPml6TbSTOtxHIfnebAAAC+YxA256/hnPTINex/C3Sbe18Z6OttCVe4NyqOH2tyhwcjjIz+OeAOld+Er8vL11V18K1s2rdb3XdNdeq8zGYbni5XesW5LVLppq3d3eul7eh1nhzw94d1C48QDVvDLapKmq33lO7ITlC7I2S2SD1GMk/iBV6w0fw5aW+pQ2PhG6s5vJ3I8cwCGQt95s/e4HyqO+Px6rwL8G77xbca7qNt4lutLWPU79XXzDy8chUlYwTxjCjBbr05yextfgBqtnep9o8ZXMtu8KPIFyXYySAKMZywzktyQO5ODnxMTm2Hw2Obq1VHlq25Um7q6vGy9b/LW9lfaODq1MOlTTacXe70typaWitU7LdX26nyj4/0F9X11WnsLu5S2sLWOQL/yzcAHawPqOnTsO+RjL4c8OWthPezaZdJLCgjgDgsm45DDIBw3p82M4IIxX61fsx/sk+Evjt8QvHnhjXda1W2OgyWEMdzasVeSNo49zycr90NgDp82AAa+8YP+CPvwsuYdQtrfxb4guYWjZo84YrINw3H5ht29Tj5j64xn5/PPEzJMnzOGFxNWsqzVJtU6TqWi+Rx1V3pa7sm1po3t5Lo0qFOMMRVVLlUU3q9bxs9uZXvqm99HZ7/zg+PDZQ+GPAAltGnim025eNXTJiHmsowDjOFwOSe2fm6+dabqWnzvDF9mIKuyf6jjaN2AMcE56Ek4A6Zya/U/9or9lm0+E8FhLdCW90vRNbu/C2lyurXMM5jYyN5quQUlIfJUDG7dhgRkesaB/wAErfG/iK30XUdM1zSLWHxBoltrNnDLZqsv+lwLOkSBSxJVZMbj0x0wMV6uK8QuH5UKGNqYpQpVoqNN8kndx5Yydkm023s7PW3c6cHlsqFN/vaUabbkpzkopxtGT3badmm/LbsvzI8U6eh+HXhHerC1l1OYABeqhmGSvAckEnJyPQ4BrhNA0/QtLurq8a0uzcrLvR/s7FSgI3ABQBhhjgY4POQcn9mvFP8AwTs8faN4s+E/we1u8s5zry3d3bajHGDDFsUyOJSwUFkIK7TjoRkck/XMH/BJfVoVFrPr+ji2eGKJj9giM5yFVnXPIz1U+xz3rDGeJWRYZ0Uq05qdNTXLTnJxV+Vc1o3i3ZvWzVlfseZUpYVStWx2Hpqbc4OU+aM483I3FqysnHT3r3Vlufzwaje2+o+BPHNzZWM0Q+yxI6BfKiP7xfmZATknjA28cjjt4/4R8MaxfQ2B0/Srw2rKpupLdjy/JAyOpKgkgtyQR1zj9rf2uf2BJ/gV4Wlki197618RTwaa9tFCsAjkDqwMpBI2uMkcnOcgjitr4Wf8Ewtf1rwVYalpXxF/s1L6ytbtYDACY3njD5VycuULAM4ODtAyo4HLi/EvJcJg6GYOvJ0qtWVKFqcpSc4KHMrS1VtFrv8An10sCq1O8a9N0pu0akWrSaUU1FzWutr2srN6WSR+VHw40W7tvFeprLp97bG00LV1V5wVaRntJgChYn50zngjgHByMj5Z8Q2Ie6WyfXbtYZN8jxltyB3d2ZccYIbgEAZPOSMk/vj4s/YF8TfCiK817U/F0euzf2Jq0cLbmjIzbSbnZGBVto6D1x2GD4L8Lf8Agkt8XPjl4Sg8c+Htc8N2VhdPItot++24fDtuLLhgOWwuDwTjoSK78D4o5BVwMMbPF8tCdV0o80J8/Ol70VFR5rpX6aLbuY1MA6UXOVakqacY87fLG7s7PVJPRJq7028vxw8M2Rg8TaKqahJOIdbsyI8AkYkA5bnjIJOO3GAa6jxvYXF94w8US27lZE1KUjzEBGAdpAyT6Dj5gQM8dK/Qr40/8E6Pif8As+6tpF74jm0a9WDU7X99pjswdhtZi2FIxgZB5J43fd5xPhT+wl8Wv2hH8S+KPCFxpNpptv4gu7KV72XZKZkYhwhGQVVhhjkgljkBjX09HjvIamTyzSlj6Sw0aqjKq3JKMk1Hls9U+llrpY4amBnUqwk2pRdOynB+678vLZtvXRcttr6JXPz3g8NXKrbNJeQuXlhDL5UYfmZPlBznPGRgHvyKu/tIQwaf4w8OSXUk+2Hwvp5WPo21IAMrkHr2CEZ5J9v1M1z/AIJf/HHwj4e1LxJqOpeGHttCglvrvFzm5a3tB5sgjXaP3uFO05HXivzL/abtmufEfhtriWF5X8P28RCBSEWFTGBkcAgg4HGBjuePRyPinAZ5GpVwGIhioUbRlKMm7SaUkum9rpd0RWwjouno7t33b1sktXJ2u76d1bsj5xXXPCjIjPb3bOu4ghcuXZSTluWK5X09AOor6V8QzWb/ALMfhK9dJTD/AMJTdmIsMbjnAUDgFcZwOnAzk9PkC4tFhuAW+cbnBUcAnacZOeowAMjgk4zxj7H13T729/ZX8BW1hbyXlw/im7eO2jjM0km1iMbQfqCSMcnJyNtfRrGtxh7S1r8qbbbT92y9Ffzeuu1jzZ0JOvFX967drbv3Wk3d67Wu11Td27fGK2ehSG6mVbgTSM5YD5AgByxGRkgnI+XIHBzg5r374E2mnr4Q+NS2zXKRHwoGlySW2jJIGGyM4OTyBkHuK8E1Twf4vHmXLaPqttCJGRwbV0VSeWTOVAB6Agn6HOK+kPgBoOpJ4U+NUElpJZyT+EVjD3RKBtwPORjaATuB9D69PQweJozl7sopRWrUrp7dO9rppWbstmm3y4vD1lTacUrNPXS6bWrf39tdE7Ky+T5NN8P3EaqBcyOiB33SEDcefl5AzjsRx2zjj0b4CQabB8U7P7IsxH9jauCd3XbbfMjf3s8DaO64PSsa78BXaxWwbVNEi85MOVuk3BTyVYZbDZJzhQTjJTA47T4EeE5NM+Ltgkl5Zz2qaPrDube4WR3Y25xxkdWwTyBg4O0Dn1aOKhUk4Rm9Er31T0Vlq7Lpe2qa6aW8zEUZUaPO1C7ad1b+7uumnmvU4DS7yzXXNXjurm5WNtSvAYkBwqfaZDt6ckAZzwcnOcBq9Z0QaFHreihHuJRLrNhGxKH5czKAvcbgc8544O7OQPJ0j/sfWdbuJrHUHB1K/wBim2EilftTkFScEcDgZGR05FdhoGuC91jQAlhexxJrlgzyNaHC/wCkx53MqgqByB0YjGOAc+pCrR5JSnule7etotNX6a63VktdtLvwaka8pxjFK8klbRv/AC7e6lZPRq5rftm6dpVl8fL2ORJWjOj6K4Ytypa0tTjdg5OTgEAEcjOateKYdHbS9Al2TGJdKhjQIwyg8hfmfAGDuBwT3BPAxn0j9r74W/EHxl8bbi98KeDtY8RWz+HdCaOTT7N5sSGyt/lJTJUqTkszHr1OVx4L4l0vxTZLZaZq+lz6be2Fp9kutOuZRHPDOkYUpNGTkMnBwR14PWuKGOwOMm6dGdNzhZ8kZRc7WikpRV5Jb2+fc9COFxeEownOm4Rmo81RwbT0Ts311ut07eTPS/i59jk+H3wZtJUla3GkX0i5dQ2DcSgN0PTGSSDnoM9K8Hjt9BjnkVI1ikaMASMsZIIXGdxOSR068gqSAMZ9k+K1lfy+B/g7BFDGJk8NXYdZJ1RdxvZeAzMB36HA45bBxXg1/wCE/ENxHGEt7NFTDOVvIgxAycZ3BsZGFPHfsCD1UIKDTceV2ula2kYxavvbu3Za7PdnHOtVXK007ys9O1lZu+yd9bJq7a3d/obwVo+nn4J/FfUEvro+TPYx3RJUxKhZGVWCnqw4HPPy57Y+aItR0lfLijuwIgyBT9nBKsw5z3By3cDJ655NfUXww0S6l+DHxR0iZra1e+uLJy011utohEBhpiu4YyDn7xGMkHOB4/D4TgtFiibWPB7tEFzN9oU7/lDc4XJbnBOMg8AgjmpyoptXdr2bTv0jq92tHv11ejOiCqVLzUlZJJJ3u/h21SV9b/etU7+ofs9R2t74w1eCzuS1wPCWsSNI0YXdHHbTFs7uBhcKAACcnLcYr5vuPFWj2V7dWsLB3N1cQzfuEJVvPKscnAIHpzxxknFfYP7PVjaaL411iY3+gapJc+ENbiWCwlLPEHtpQHcsAEwWyOq+h7V8X634G1iTUbow6TbyCS+u54pPtUSmRZJmK7mDE9GAG4hs9cMQaiFa1RpN8q5Ut09l2S3tvdWat2L+rOacm9dJNJtq++lnpfW+umiV2d74D8SWjeO/B1vHG7pLr2nCNlRVKzG5QAhhnIGMhfbsBXb/ABiSK2+MHiqG+YpJPqyMS+CXVh8pfvwMBj0wenavH/BnhTXNO8a+FLq5sXigs9d02WV4pkZVJuYhwMgHCnqOeowTwPcfjVYNrPxE8RXkFtczXialGoEMPmO6JGMliMEZA3MOPbJpzqKnFzlOy0tZt3Tad2u61td9N7Cjh4TajJNNJuLb3ScdO7tfS+2qStc7jQk0+LTEHyMoEh2Mygj5SODyMn5TuPryBg1w/wAere2uvCvw2WYxsqS33lIXACKZQS3sMA5z6Z9a7Lwb4YmOjRzXVrqckpRsqYDtiBXg9SQMgAnkKAAcDIqr8T9NtrnS/BVpcWRnRYb4QIwAJd5MAnngocfxA5yc56eTCsq1ZOFS8YSbTaTurRs27tei272sbwoUaei3lolq90t9W00m2na2t3qk35Zot7p0drHEJbcmFFRV80AiNQCCT0J6deD1z6978PdQ09oviW9ocmbwrOJ3kcFMcbiBzn+HGORjHUA1zmn+ANJjt2kn0+cyhc4V+MkEgEFs4X6j69M9P8M9H0jTLzxykUMv7/wvdebHIdyIg27goDfeBUHJKnnJNepGsnFJO9kr83xe6ot/O/Xrrr35auHnCc5SXIml3b+ynpp31fVXSWll4pp9tpuoxRQafpt1qM0XzSQW8LswcEkkOq5CsSCo2jg5Hauz1TwhqtjYDUdR8P32m2xhiaJ5CwWNDIpB5JwzAZIJ/vHAHA90+Ei6L4Y0q5uLXT5bq5vxK4vGiWWRQOdqbgSTxxkjGMAMQAea+IvjHVdasLrTZPtLRbhIQY9iqkbgRqAM4UlsEtu3cZGOD5lXNcVPHRw9Om/ZKSjObvrrBWSXupbJfdY9L6jh44R1KlT964tqK6OyUbq91vpt2eq08++N6aFd3fgxtV1G4ty3hOyWExhmBXDEBiByT6AnnIyBiuM+Hem+GYvEFjNY65JNcfvIIoZcooLLhfu8HOCCRkdiRjA6z436eGm8AzX8TrGPCVouQ+DwGADe/PY5IAPHy15x4CtNNg8U6WSfJYyTgEnzAoIbGBkYc+pGRjg5Ar66hNug4cju4OLkkt0lvbV3eq2S0u2rnzDveLUtpK60SavFb6tWe+/ZvXT97f8AgkraW1ze/tPaVHNJ5lz4LlnmQZZQVtroALkcgkcjPAHrgD8CvFmj2kXi7xhBL5y+V4s10KQ20EDU7k9N2QM4Hp6Z5B/f/wD4I1vBc/ET4/aYok33XgG5ZpG5ExSC8KhSe4Cgn9ff8Kfidd6Zp3xG+IFpdxbp4/G2voTsGGA1K4wACcAbcAHOcYHPWvzjg+fLxtxPSdlzQwdS2vw8kVeyf62te3RnscR+9kmWzjFtRvG9tNUm0m3vzJvXXT7vKdQsrU3AV5bowkJukwxGQ3IB6Y2gA8AemMGm3On6ZHbSyeZOohUPGJWIQsMtyGAznIAzxj5u9dTf6/ocJVZIHeMFG3R5AJxjbgqTxzz8ue/XaMDxH4i0iXT3WOFy7pEBnYuzDccA4x6nP3cH1r9eULrSa92zervbd72bvfdLXRbnw8akItJxV002tNLNLa6vto126WPJNZiie/uboTPEHaIbQWLAFFGVBHIYDByeOKo6hcpLaGM3MsqxxKArO4XJJIB+XBPy/L0PBJA5rpdcvIDehY4F2vbws4IGVGwZKkgEduP73HPArn7v7ELKVxCyqyg4JGd27OTng9BkfMORk9M81Ne+7ysk9bbb3euuzt/n39HEVIulF8u8E3pbR2bs3dO+7TW+3U/SP/gnI7CD43BYwNvga4JySwC+Ux+8MHgknsOoI6V+on/BM07PEXxKeNwu3w3OuFGSC0kh49Bg9cntx2r8yv8AgmrEksXx5aNGIXwHcEghSV3IQWG7vkjgc4J9Of05/wCCZ0RXWfi0VjeRovDbMGB+YDMinoTxkkEc/XtXhcVu2D0W6o+9Z2a56d9Ou33PfvrkjSdWS01l0V03CNrdHZ2ellrfsfmB4/kP/CbfEMb/AJT481c4z94nUJDj/ZGSOMDKg5zgCqskoNhOqqg+TBKtuP3znvzkHnqc46kDOd4tuBJ4x+IjSRuzH4gaxyRzhdQmJBIJ7ZLDH5dBDPNEdNmZY3QyCTDHIxmXPY4PQHn0IzzmvQwkYSpUXZLmp073k/dtGNuW6evd726732XVvX3tU35pXd0+6v1WurNK4kk36eiMoZbWU/KBjJUnvwRwOpyCOw3CtLTYLuTT5WXojxuF/iLFAF47H0IODnrk4rlbyBmXT2EpRfs52qrDI4JO7jOT3P4YIrroJ5re3EJlZFNvbMoT5slQByevP8PbO3I4NVXShFWhdXtpJu7aW66Nu1npdK/Sy1g1GV39lWWvlpdd3ppZXfVorTQ3rLAyRMZBNMNzHOTluPTHA57dc54qK0+1LesuRvlt/LdWBwPlJIHGFIxyeSRnIGFzbmvrjylRC+5bgbR2O4E5YjA75yScdxjFZVpd3SX5XLMzF9wKqSiAEEKSO3bHzDPQnisYQSSSlyxle3VbQ6q3VSur73uu2sppwVt21Z7pfDp3eqXZW6s3o0mh0uaRmxujdQCc7TGduW9zu5ye5HcVSttQZNVsElYSk2vKYBAJA2kfTbtzzxnJAIqJrmSaxu1+Y43MY1UgFmbIb2znGOnOR05xorpRqVn5sbKxtWCiMk/dHJJz1OOg4A5NbYemp2b0b112d1G6fZt7Xs/IxdSWitbmS663tG71W90tG+9joZriSaaSZIwjW8k7hgSCAXAXJCgHHXsBjOcYy6W5mlFwX2uyQRBTtPGQdw3DuBjgDHAAzkYppcAQ3b8lHhfKqASSzDByvdiDtPJyOe1aFnPHAiwsjBZ44TwoYZCkHIbByW57H5Rz2rSyScVpJ6PbS/K1bdXaatda6WejY0k0ne1mlZ6K7afdXS01S+++j0WNBaSbimQNyHljwMgrk4BIPAx06YGQKhG6cybTI8iMuWAClcgAYyCQRnn8CCDU8UkRdVdQRC0hOAobrjLY5B7qeM5FCTQliAA22SRskBRtxk9cbsn0GeOmM1LbattFuKXdtcvvKy0vdLXTm0NKfK3d9baq6t8N2ls9L2S0et7FGxgdLJy0o2ET+V098hhnIyD6+/PGMC7+AGvfH650vwb4f1XT9Kvvtg1GW51CVYoBbR87fm/jYgfL3Oe5NdVCqC1jZAS0rzAxv91csB1zyQBjJ46kiu3+HGtW+j+L9GluJzarcu1pdvA4SYRYbYtuZCg8wYyWJBHXHOa+c4nxOPwmS46rlbUcdCi5UJSi5rmbpyTSSvJ8rt0u7re7OyFKjimqc3HkcUpK9la0eurejXe669F5R8G/2cvF/wAF/jS8Pi2/0u6gls54op9Ol8xZEQlFm67VVtvIBIBDdxW1/wAFE9Me4u/h1cqm4w6RKUwQNxVdwAGVJGCMqOx287a9j0X4l6J41+KOoaXZRhptBmvNOMzEO81pDIGV2IJG4tu3FWbkEnGBXOft8ixhvPhhJIFaB7KRXGM5UxR5H12njnOeT0wPByPF5p7LLsRmlqmNnQ5qiUXC/NFSty/ZdktGu977LsqUKEcnxVCi17PmV38SUr21ta1t7Wvp13f5QaP4X1DWb5EhkiDzWzkxMVV1CAE55JG3BIUAHnBA7/TfhD9jj4q/EW+gbwxot3qdteaFFfvexKPKtrYuIRJMiEvtMi4BKgnC8dK+ptC+F/wgu9B8F3tlZNYXd/Yyy6jdtJHGC5iYqsjh22h3BPG0EMAcYNfoL+wT8evh78MfEWv6b4qsH8yPwysOn3CzR/Z5zb30wijjEzBSvlhTgD75JXOc15XFvHedZfl2IxOTYCdXE4e6VGpTnLmfNGN0optpX5rWva2z0PFynJMHWlOGKalFK8WpWvJqMlLRafE73Sfmfknr37BPxE+GvmXnxCSXwto11om631SRXdL24uG8uBI1dRsDSELn0BwOxm+C/wAE7n4R/E+ztJdZs9dS+0CW5lubdVEto0pLpAUADCTa25yenJGeCP2C/wCCg3xt034waBcWPhdja6VY6FYazPI0kM7240+5EpgRIsmIsFPOcbeo65/Mr4OGHXfG9p43i1eK/t9ZZ7COxkeP7Wi29kiNIYd+Vj3oUBIXdt65GR4fCfGPE2fYKNbOKcsP7RTp1qMaM4qGkVF3ldptXe6+VtPVeS5dhMTSlQilOPJOL502r8sZWV7uzsrqzV0tmzD/AGvPBc/iy6+HNpHKbcT28sKPKpEaNgfMzEEjb1IOSSCMHGK8n0f9ky5l8MapqUnimJJtKmt5DEsQJut4UqsPtnq2OO5HWvqj9ojN3ffDSBri2tlk1KW3fzyqokZwhdySF2qBld3XkZIAzT1W/wBLsPA/ijVLPWWuZtAlWG7s7edBC0Zi2K7bWbguFMeCcHOQDgj3sdnmdYJ4HB5fKUadZuLfsnOL96ybk7tK6bez0b31FisvwtXEVqtZKUnGPvXs1ZK65W7vlWtumqeiE8f/APBInxX4D+COnfHbxF8ZfBkdl4hGnX1j4ZtLiK51OSHUljZYmSNi8dzEJF82NlGCCeoG3X+DH/BMDX/jb4S0l9I+LPhezisZ79r2JjGtzYpErSMDHIy+bII1LFMEr8wxmvlDxF+0F4jfw/aaX/wmOrzWcc0Eqade3ktxaRKiqUSGGVioCAcYUYIxxxj3f4T/ABy8QeDfBNjd6R4lj0+5urq+1CNt7Ry3EkiMrQuAwO2RiF5z948EcV5eMqeJGHy91nmWGlXnj/3Cjh4xjHDyWkXeN3JWvzNNdNE9Vh8JkUrUFTbkqd6lbnb95SipLlUnurpabtNpF34e/sveIP2cvj7qGm6jr1n4i0648MXstvq1iGEFxHHP5e4KQMPkAkEcdRk4r59+Lvg+38cfH/w54avbiWCx8Savp+lXFzGBvgguJ1SV4txxvVWLIG6hVzjgV9R/CP406/8AFf4g+JD4mninudF8OyJGUUBI4ZHBwDwckklh8wY7iCSN1fOHjbUJ1/aN8CtZmN5h4o0gRCRtse43MeC55G1eCckHpkmvqstxWcU8uxGJxs1PNaOWVJzqQSV60abmmorTdK6snfpqduNoYGGXUKVB3wtXFQST1SvKKlf8tem77fXnjn/gml4S8HW2tIfEfiOOO1S3utCDRITqIlEb/Pl+CQWYqCSANpGCM50f7B3wSn0/Rp7r4geMINTeBp9as0sY5REEGMqwOABk4OcLk1+mvi/xdceJvFegeFfEt7oTyaLo73128d7ChEKWhERZg4DMgKjbjGAecV8tfDTU9Q8YS+MZdDNrfW2jX2qWlzdtNDHZx2kE5UeXIz7nGBwxI6rwc4H89R8RPEXFZbi+eri6FfDVacva06STcKk5RgruNrppOSV21fTU+gp8M8PwVOMoUJupe15X1TUrK0r+63Z20s7Wu7ngN1+wF8D/ALG2q2Xj/wAUWOnWUUUl3NcWUYc7yBsKs2QGypB2liOmM8+g+Gf+Cd/wI8WabepZfFHWrFliQG7ubONIo3kQlY1YuAzyHLYDEhiOmSR2FzqP/CRDX7SXUba00jStPInd7+NUnuUU7RhHxIUbJAwQSBycmn+CvFOm6Z4Rk0WbUI7m2e7i1C4vftKnYoYn5MOpAjU4+UMAp47Z0xHGPiJPAU69LNcasXGdOPspUY8rjKF5Tl+7t8Vk+Wyvd+jwnD3D8FUhOFH2cpuV/aW5eijHV2WiWu1rpq58v/Fb9gPwR4Cu9Xi8P/Em41a58LeDZvFl+s0EKpdxQuBHaRMZWIkkDDaFyzNwBjivnH4Y/s3a58TfiDong+21AeH7jxJaLeWV1rsf2S0t7Z+Fmlmb5WDLyi7snPRRivo39ob4mrNq3je902RFsovCNhbaQ5ux/prxlGkWQKw85dyj92c5IAwTzXynon7Sviy513wtqer6jbwXOkRR2kHlRrG8FsihItzrtYmPjgnbyMgc1+y8LY7jvGcOTqzxKnj5Ya9OrXp/DW9kn78LRv77S10a0W6Pkcxw3DeCzBU+W1PmT5YycotOailfS1rXe92092j9aNf/AOCD3xm8PeCm8dXnxi8ANo0lhHfWwjnR2kDrvSMAEggDC53bgcjOCAPijwx+wP4r8WX2rR2vjDSIdB8PanrGk6rrBVB5d7o8Ia6aKA9bfBCq7qMnC9jX0/B+2x8Sdb+FK6VF4w1DUtO8PS2MclgLlhFOAzYhKEktH8xDYxuwOD34f9nH9pu08Hn4xa54qs49estd1XUVTRw4jNs2qWwSd7eMkEvlVDMq5GMnpivi8LxP4qU8JmtXGTpVK+GqUKdCEKMZOTlUjCpJpRT5W2mlaSSvrda9sso4bl7JaSdVylGSlOKjT5E0tJSTs/dbS+R82+D/ANjPW/FfxF8O/D3R/Fdjd3niWG/udN1BE3WqW9mzLLJPgHYy7GIQjO7AKkZr7z0T/gjN48vPCGpeJH+IukmW0kjMcQgQr+8dkZJdxDLICjOVx93BAYnNYn7KHxw8I+HP2hPhj4xurGC08OwaPri3eltEZZ7eXdLIJpsgbQwZAfmwcMD0AP61+Df2uPBmnTeI/wC3oZv7E1mDVtW0m3gE8kXllnWCWYbAC0e8FY1yADhR2r4Xj/xN8UspxmXU8ppKFOrhKVTFr6vTm4VZVJqUouT2UYRdltrd9u3LuHMir0qjioStOPLNzk9Govlvu1q9eXpZ9n+D3xk/4J6+Mfhz4F8YfEBvGmjato3g1LYXscLKJrwzvsDwJkhgj/K5UArtOSO3NeDP+CeXxV8efDiz+IemeIPD0NpfeG7nxXbWV1Ptll020iaQxMwBxOWRsRseuAcYy367ftWa58M9O/Zf+IUWhXs2sz+NNHsdVjubmCW3t9MnmuZZGsAzjazDeeQR8x4yBXE/DL4jaP4R/Y18I2tzc6XFeXHw61mGO5nvYYvKYQS7Ldcy+Y8jNyiYyx6+/wBVkfiRxnjuG8FjZWnjKucwwFWbw1r0nTpyk1CPw+85Wk7u3TocGJyPKqWNnCMYxprDyqRi53d00lbZacrav000e35l/CC1uLX4bJptyqLdWc2pwzGL7rPAXiYArhcKylugyMnAxmrItjDpFrIJTteSMtGoIGRK3XjkbSp5OM52gVi/B3VH1DwDqd9/qmW/1lVRQG8xXkkbcP4iHyNuM444FdHI+PDNpKzbMSR8nBO7zCQf1B7Hpwa/obAuq6cJ1LKpJQdS6SvNxi5aeV3ZO2yWttfGSg6UVF25Ytx9E0oqLXTRu7s3rsrDfDIaXXNFScsUOrzKSeVChcDJJB6EgZOT0znAr5v/AGuLWW61W2Ww8xJLJZCoiGGZTMeNwIOOByTj5uecV9B6MZBe6NcCbKjVHYEH7xYgDj5sc9jg9R7N8+/tI61bWWuXFvcyIs0SJlApaTbJJuOB1K8rkH0B5BbH0OT4ec80pqKf8OX/AIDaKWveyT0fd7aLzM9qzWRV0rtupBxTXazvt3Xlfq9Lv4+8MW3iO11mFYRNseTc6yF2UEqCWYHuDnaCT3HU5ru9f03V7iJp5NRchc4iaUjymEhyEXOFChcZ24A5qlo3xFhi1G0RrMeTHcBJJETdI8bfu9wTb820YYZP8OM5GK6rxdrfhi8tLl7KeSOVQCqCIhmkYhmI4GQRldvAUZyOSK+1qU6lOajGDa6S+WqTs20tL6/fuflqcXFObSd3aN9U5ct3F2ta1726rRu+nnUkWo2tnbTKjyQNcFjIWJXduCsynLFFLAgtyBzkHofZLG50zVdLWG71M2kkdsqAIdpLhNxAYnDZXJyO5614a3jKO9sbTSlgMKQGRDNs/wBZtY43DoC2MFueCwGOQfXNCnsL6C2SezMsghV0MaDZgYBLYwCSpBJP59mxnBOcLxvZp7W1stb3S3Vr638tUdVB/u5JO67ta6KO17vXpfa/Q838TW8rTtHb6i8sYRVh3SFSdvB3Ac9B1/Qn5jF4VtdVvJLmOCWWYRLG8iruc4UgFdxPTOeAOmDxio/Fmprb6nc/Z7UPFbSkRs0e0YPJCLzkDpzgnr2ql4d8R6pbLfPZoI4phtclAroMg7lIGQQCuc5B6g5PG9WhTlFqSV+W9lq72ildLTffsn56ZwqWbct00rtdLpNcytZX2XRyj5s9hsfDur38d5cWZjD5CsJCFkSRR82FBJyMHPBJA6rzjN1jwl4gL2k0sgZmVS7mdicHgkA4A6nII4IIxwCeX8G+OdY0y9vIRKkgnuHGHffJu2v+8BYgk4YAnGMg8bSxru73xVqMxgeRFmcljwoITOc8gknO4npzkdh8vn+xpKLXJqtdH0vF3b11e11qummj61K8W2m+a2ju7XtK91fVv+W9tY9ThRpmp2bSwlR5TvnzC5cnDD5l56nkdOC3AxjG1oui3wvJLjyW8mB0CzHLAtIu3bhsEhycc84AzgAii/1CeIrd+bGjEPK6Mq5OXGAM7gQBgYOcnnjgDHl8VanbKJomMUc1zC5Uru3BOVbaDlAARyTyec8DE+wp+zk+T3uW8PlbpfZt3Wid91bR5wbU03eyesXfdJWe/dq97Pyvc9NfwVqswdLhoVnYTSpCWCAQ8sd3zE5Cn5cEnr93g1xMVvdwSiOBWGCY5tr7+EbBYHPCj5hwMc8EGu5i8QX93p1rqNw1rJItvKxw2yR8rtVTznqQBnocA8jceOs7y8WXzvJhRZklLqGGWUtkdQMMM8dM9A3JNY4WhWUG6kVC1+VpXfLZWu7aP4uq3VjSvZyhyqVny3vfWXut6tba2te6b73b+0P2RYpU8aa4ruVibw3fNEuTnf5LNtBI55yWB65DZHbg/jPb3Nz4oSV2BkaDaqs/8AlYEZ446AADnA7g59D/AGYRJD4i1OZ7gKf+EWuXjOF+Qup2gkDOAeCT1GcYY1xXxrjkm8a2gdmVRHCsrQpvD7nc4UKwzuLYJyAQMjNeVg5OOa4qqoq1OmlLTqnGy2ukl0Wje+1z6atGcckw1KT1lUulfVcyi+2jT6q9+bXc8VaJ4vtaHzAqqVEYnuDyR8oVFPJOONqgE4AxnFU423DfL5ymJA0SyMxfIYkElvm65IJUcYGByF/o5/Y4/ZKufhz4O+F/inxF4c+EHxWsPjHFda2bXxQLW41XQILSPzYbURgvIkgxl0ZBuzggA4r8oP2vf7H8Q/Fr4h67YeGvDHhCOx1m40RdE8L20drpMI0uVo5GghTAVmRV3cEsd27AJJ4sp4tweZ5vXyujg5J0Y1JSxFlGEnCqqbSTjd3adnez3tezOXHZDicNgYYyrXhKDcV7NSbl7yWru5LZqzWnTS1z4autWcvMTNIzSIN3mFmLBedoyTkAj8DtxzxWfIVnsyTJ+8d0G3HK5OMjtkD0ByMk4IWl1ZLWOeR43VUkIjiLBVAfjIwDnBJwcAH16c8+WuDvWORdsRUdScsGzgcdPfqB09D9rNJ007JbJX0XTXSy/Na77HznM4NxbbXyeun563tvrc+ufhrqkPh/R4Le2VJtSvcLI74bYAc7h/uqeQCAMdcHFbnh7TWv/EehXst7LGR4waJhksoAQMwj5OAT97IAyDluAR418P3uwLfzSkZ80AzMWZY0YcfMOC2CBgEgdR79/wCCb26Tx/Y21yt1HbWGvR3jmeGeFJfOdYwY96YfIG4bTgJjg8mvHxFGMVzyqKcnJct3zS+y7JptdOzej21t6OX1pyqx0aik76NJ2Sd3dW9W9dN9j7Z8a/abaS1e2eeePy3jjYbiBjkZyOQcjqfUEnGKztAv5hp6PesYfJZtzlDmXuR15PJBOAAeQAcVteLNdsZ57ZUEg8qJ2wfuhvmxkHqSMHpyB0BOay7LUbc2ELyRh2y4Ee1QrjlsnnHUdMcemRmubF0lKjrZtwTdvhu1Tvbd6O1tNvuPbo1JLFQkmrRcbJatW9n1u+ttNNPU+gPCPiPw7/ZUn2e4L3J06486G5lZZWYI2AuRxkZxzyvPcV+ceq39omt373EAkD67qB2H7jCR5ADkfLkZznpzX2BpuveGza3jR6VPHqR064jYqWESHDbSvygKSSSSSOT8w6V+f3iLVJIbxnLAFtWuH8sncVAlbAOM4BOSckdepzV8LU40Z4qahJNuDb0aeju91dPVWWqu9G9t+JMROqsInZuMW07XStyL4dHe1m7vp1uek6H43uPCcdyfDltpcU91b3OnXz3cC3DTrNMWQKZV+R0DAb1O4AAZHNefaze3MdwsdzbWpeWczP5G4YluN0gUBeMbiSABtAwDgZzy0+ut5koZlUC5VwmBt6Z6jJbqRjIOADxzVKTxLNPMJFdQ3mkjdENu2NduMHhhnnAPU/UV9P8AVqSm5v3XLWye/WyXVX6WW66I+XnVkkotpqNtFez0ile/TV9Om3fa1C5llkmjWCKNlgGWAY/w9BnDBufmwcZ4A7j6f+Hd/PpWv6VpTQrNHqvhm0fzNzN5KZTLKAB93GRnKkDrkCvkOXWnmmP7wDzoQHbaFLPwBxjoT0A7HnPWvrzwnf8A2Txz4SuBt8yLwZbt84BQhkDEEcdOCOxxknGa5cYlT5GoKXu1OytaMWtFu2nqnvr3V+7Lrzc05JWlFX162vdX2eidk79Fe1uU/aIs7i38feFFUF92nPJE4bcTECBnDY4wCMj0Gema/X34P6elp8JvBerOrFDpUVuRPOsVtFLJHnE6sw+Vsc8EYBHIGK/IP9pXU1u/Gvg24ikOW0lw7IoCq4bLBc+mCOMfKRt44r9H4pri5/Z98HTLNcbY7DT1ZI3KRTjYBglWGWPHJ59yQFrnxU5/2bRcXKL57pvVppX6WV+mm3nY9LLYxeZ4iEneLSi7KzekWtXa93vd7Xu73PWP+E0h1LVJdLurDwvptvErwLc2t6Ue4uxxGXcAAbiwJPTjjnrx+pXV5o93eNrFxp0UkUqIFt9SaeC4tZG+UKvIaQKeecg5B5FfO9vEjuTLHKSyiRiJHTOPugE5I29Ack7gTgkVelljvry3tLqR4rMmMh95Z0ZTwQ5LMVJGGHJzxkcgfOSr16kadOUo1JKTjzWSla0Uo3bbjrbW+l+tz6T2OHpznODnTSUfcv7l1b3nrpdvW/d9Ln7O6Nqvg+z+BcF5Pc21vBJpTNbPJMJJ2nRQNqoPmYkthQQvQHlc18OzarYazqegy6PNJH9iu0mnuUjCSRqkvLnJ+bAwowBz3BbdW2gXTPhlpdhPqyJps00Dxyur3MhmmGxYyeRGAecdlyBg8DjNa8CaJ4J03SfEeqeNrO7l1C5Fuum6VcNNc2xmZTH9otwAdmcZyAQc46V10KcIUqlK7ftFO6cZXU1ZO0rPRSdk9W9NLXOXFVHVr0a/wqk6cpxtrZSjtrqmtNG+z6H1fq8mi+Ib1Ne0XX7i8Tw/o4fU4L+OO0cagY9skkVyp81z6jBIPXJ6fPfjbVbCe68JjVAl5a3EV3Ne/bGkldbcOWYB2UbgAMBsc54wBgdDZy6MsVsk+vyXFvOyvcmz0kbik8YMcNwAQZMfwkFuWYgcV5H8ZPENjZr4Yv8ATIpfsulLc2NxHqIkhlmCEHb5JQN5Z4wOwBAHIFeX9VxMMFCnUhF8spqFrKUnZWdmormitXddLt3serOrh6uNVelfmlGn7VOK91JRStp7ysuvbpe79Ys7P4X3mjeIHN9m41Gygu9LhGmhbaw8gg/Z/NbC72dQQ7sCQD1IyfgP4i/Hb4n2fiPVtEsdSs9Ot4pvsMUmn2sKK+mhEjFvcOmdxkTG7du+9gZHI90f4oLey2NrNosUFjLDFNdabZyTrbXMcHPl/u4V8pwPnwclicDcK+QPiBqWkXni7xDc2+mpZ215eo1rbw7pGtwuwMryPhiQSM5C8kY756uHMsqxnVeKVSs5R54+2lCpCm7r3YJaW1ajeN038V9+PiTGU5UKCoWotStN04ODnpa97q19E93eWp9qaQLnUdL8L3L4W8lt7Oa4lRdyyuwBkZic7mYfN5bfxMeozXmes2UTa5q7JPLJE95LIySxo7h4u5PmEKhbICgnIPvivUPDU0N5oehW0Qm2rY2g2qQjkmPjYx+62QQeRxzya8b1K3Sz1LU9siEfbLqQWrl5Logbj+8fJ4LAHGSG/wBrJr3sPTh7ee8bXvyx0s5K3fRWSWyW7318OvOUqFN8zs+Vu7bldRWq7ra+9tGtbX5a/toksYLyRT5k15JtAjARlQk42hickjgnPYcZIqT+zi0qi38xpJLWSTylkSNQMlie3Kg4PTucDtW1OSVLXT0khAWQySBAznO8nbnj5D93ABO7g9SBV+32m5T96kcwtpY44fJModkiBKhyQM8AZ9ThTjr7kYJRj7rfvaO/R21fK7vVNt2va/k148v3kpLn0S77yUU07a7tK/d/NLFmtLlYIFa2JRkdfNZirZGSAChO7nAUnAOMgAkkfUXwNvvI8PX080t7DPaXyNZG3u5olQ7VBaQKQGJIK5IBBViGNfNbxSCOyXIjZ0kJXziDgtz8oJVT3PzcnPHy8/RXwemFv4e1FZiR5l4CoVRIGKk53E7eBwevBJ9OScYSpyVTlkrwspJyi7ONpe87aNPVX7XexrhJ1qNbmo1JQlyNcyk4ytaKte+2lr/C+6PaLNvF1pq7aloutzadNc28nmz2l+1rO0UjEtmSPazOwPz9uua+1PAv7afxS8B+HdM8OQtpeq2WlWMiLPqAN1fzkjH724bc8jJIdy5HOMHnivjzS9MW/uZZb+4tNOizDFFcFixhjfqxgUHdgHv1Y4zgHOjKsek3lwtlcw38EMbxwXUduVViWwWKnqr54AGfrXHisqyzM3GOKwlDEcjjL3oXT0Tsmmm1FX9y+7R6dLNMwwzUoV6i5kk7ydRLWKfKpWavZyut9LO9r/qT8FP2ufHPjya3tdQk09r4XsEN0JbIQxGK5mVBHBnALojZLgklgQOQcfplBJKIxISCSm4NxgYjJwB6Zxzk5Bzxya/n8+C/jE2OoZuI4Q51DTpVlS3WJYYY5UaRyBySqZPJx8oJPOB+8Ph3xFomt+HrbUNP1Wyu4W09MSx3KKWk+znepDMCrDnOc4x8uWBNfkvGuRU8DicK8BhIUaTlJuNCEkk/caU17yTV273a8j7PJsxWNoTeJnBzi0k2+VtNW95Nq17X7PS+1j+Wj4rXF5e/HH4uzh/38ni3Vws7AEhIrtgBvLAgdQD045HUDzbSvGPgWx8Qwah46sLjUpdNllhghhtFeGZdrKTMM8/MQ4b7w4PJGK9F8eZk+LnxUZ4DKs3i/XVWTJbYBdysrZUHhsZTOQSOO9fOt7pkV9qxjkbzU+1yB1ZmyMv6HkYGeOcnPXPP2eHjCpgqFOpzwtQoJuDcXpFX5ra6dUuis9W7cnt508VKUFCcpVJJKaUo8vMlFtt7K9736NXtqe96Lqr6xF5+nJ5el3us/bbSFY0MsFhFII44lDthSgYFQCACCATiuz8EaVf2PxVs4biIHT5lv5IZJYLdHIaNiJHCSEgj7wJGHGQcgnHmPhG1WOa305Whhggsb9EEjuiu6OHRQyAkvlVJwMEc5AwKk8I6v4gb4o2iXP2aaKG1AVFEyKym2l3AyFMvkgZJOOAOCawpxi6c5JaRpSjFvVtfDFN3u1ot9tddT15ylz4dSaV5JSa72jLS/wBnZPXS1l0PW/jPpsEPgnQUaZ1ju9cvBPci0j8xtkzFIom3hgBxkg5xkr03V5X8OLRrjxXYx3omVbZLjyJpYUVdmwbFCs53FQMZIByQSemZPitHf6j4X0yaG4bybPUgAk17JHBbPNIzSGMuuC2AVQgEr0HesX4cs6eIrJry4jl8uG5NvtunlPyqMFz6AE4yOeAetUuf6vU96MXaScNbWk1q/klbtfa6KqezeIhaCck4OMns/eV3d6rbl7PZqx69rukXItdYuImeVJ7C5ihUWiOmQT820vgEk8EBeeMgjjjPgvpF6vitJJllxBYtHtfTYI1V59wLKwkY4BUdP4TnPeum1GY3On6rK14kP/EruvKtzeTRIQNwEoKxnafvFmznkMMVw/wQlW08XPG91azq8KiQHVb65GfnPyq8KrgqMsc8c9eAc6MqscJiIwk/egpXteSXLHZ3Xpd6oeLcpVcM1FaK6TbUU/dTulve+7V7tXu1cyPjFbSGPTwzBSPEmoBgVQYVSCMbW69jjjr3wa/Fn9r2OQePLZY2BI0piWUgPgEn5SAfmAGeRxz1+UN+zPxcIJhdPIEY8Q6gVUO5Q/3lBkHIHGM9WPQkkj8Xf2shJ/wsKzRAsmdJ2lUzu2MXLBecFvcA54xXLg5t4qnJ80m43XN7trOFtr3W1r23VlprzZ62somklpVhdKSercfwXdK3ofbP/BPHU/8AiyXivT/MhEzaxrjqzJkqps3xucDPzEYPOAeeAa/PK7X+0bPxAr6lDJMmt+JBJC0W+4EaXc2AshBIRcEqvToeMHP6Uf8ABPpbaf8AZ31m3WxRHbXvELyXvl7blwLWTYis2Cdo4UZGNw49fzg/4QvVdYtdYTSbXUoNQn8R+Iok821uUEwe9mCbGWIg7jyedpzn0I6OH5QjnOZtzjpWpvmlyp3XLdNtLX7KTdnpo9TmzXnlw/kdoOXuST5b7PkburWve6WrW3Z3zvh3p2lnxb4DcvMk/wDwkGkK00i+buzdhQBGAzMPUgcAL3Iz+r/7fVnZ/wBgeALDUL2do5NPN3aNEmxFUWUI8vbtJVSQcEgAE5B9PnL9h3Q1+CHxp8JeOfi94L03xn4VsIDFLol3Yvfzi7vD5cNz5MiBVltG/eoxIK8AY5r7G/4KRfGTwL4xv/B1xp3g46Xpo0XUFgngtVtXWWTcYofKC7R5KbB5YOGC5OMVrxBUqYjOsCqaVvZVIyjHZNpWcmtHotGmnd3sa8O1I08vxkKtOcOd00pytGN242Ts23va+y6o7z4gQeHdH+APwLHiu5EGk3HhC4ayV5XBnuH09RbK20EkmRVyoIyvTPGfLPgr8WPDuveJH0/RbedJrHwPc6RJO8jFZ1jmkGCHJYKpIVVAwQN2OuPS/H2m+F/E3wp/Zn0rxj/aX9i22i2V7NJbymEmBIVfY277mF4YcgA4PJArO1Pwd8GvhrqWga34R+0WWsfEGzvdPe0upEuVhggZ2hniZC3lCXK7srkgAHBJNfn+BxFCGFzHAyjWlXqYjESpytanG1T7TvbW1l1akml0X204Vli8vxKklQjQpqSUrSXMo3ThZX1cUmu+lz+dH9o+CW7/AGifHwihcTC/DbUyQSEG3ABA3H5eMHPQY5rmotB8QraRXkthefZnxI7/AGaURQlXHzTOyhIyeyllHTGeK7z4q3Ekn7S/i+7EsFy1hrTTGKQApcG3bKIQc7w7LgISMHI5UYPtfxm+K3jDUvh3oejReELLw9puqRNBeahbQRRHUIwxMbOygEOpwdxOSOxJzX3Mc8xWWLK8JSwlOpSrwputVlU5XC0Y7RUW211u1oro/HMblOXY/G5viq9erCrSxNWVKnCnzRqNzVru/upXs3ezXS9jxC6F1e20NnEYopkjiR5ZZl8pVZNpJw20dgQAOrHkdPsn4ALoVj4C03SNL1pLnxXHqOpXGqW0LEQW0apIsQXnblkGQylsnOegx+dEUbrYzRu9yZXxGzIxcM24FSrDLEjIAwfTg5yPvH9hf4bap468Qx6TEjDfrEf2iaTeuYRGC0Pmtg7mBHGBjOeoArXiHMVi8PTniakY0aLjP3HFu65Uo3urvpqn1tqjq4Yw1GhiXHD0+etVhKLnN7K6dklZbpXeqe9tz1Gx8N6j4g1e1vZr6TzFeYTtPKCVNs7SiNFwcgBQMc9DnBrsvj9bzT+CNSuXl85rzw5H5aDkM1sipgnhTke/VjxjAr2Lxl4Ns/Cep69pkUMVubHWL22ikViznFs5IPAbkAEkf3sluK8r+NYSX4VWahgCfDlwpnUBFTLAkkjOT0I+8enquePKK0K0qFWN5U1OCp3aUbXj+Ftdn8930ZvQnQ9vCTTqezcppO6btHS38qTe260ttb8U7fwR4kur9ZbTS42a5kkBkldCjoZCAQpO0AKcgNkexOMdYPhvq4liT+x5kdCzSPHLGY2kGcAENgenBAA9Ocz6fZXkcu5r+d0lV1iVZ3BjUOx4AKhWwSMAjOBzkmsXVNU1m01aGwt9Tv0tRAZHRrht7FyCdoxu3EnkKxIGcKMcfpX1uMaCSpJydle70s4rolbvfs7H45KnGrXnzTmo3bcVfS7S025r26aaX6ax6v8ADzxbc3Be20VnOFdX89PkwQu4HcvB6ngdOmCanTwf40t7MQNoyvIrM7GSaN3UhcZUhuDnBwMEn6ivNda17Xk1GaOPxJqcESAAQ/aXWRgDkoMnnaCMkk56k9c+neGND1zWdJS8Gu6o0kxOMXLnKgfKSd6kknIzx6HJFZxxCi1KVJy5rN9r2ja3Xd7PSyRlXcFRcadWcbP4ntdWsrdk7uzfbY5dfAfjdy08mmTNvLgQ+fFhgSdp++SSN3X1wfSlm8A+Kxp6wPprqwmZxD56gEfMpY5YAAdCeOSM42/Lp3ekeJR4k0vSLHU9YuJ9QkFvGnnSHEg+8ABnOOh5B5z0C46Lx74c1rwzZWb3V7qsMokkhuzLM0bB2UZCqCcD6dDn2Na/X8O5KnCm41J8rs3e9uW7Wi0u097euhzRU1RjJzlKm7J6StryXldPzWl7X8meK3PgbxlCmyLSPkZslvMiYrlsMCxb1xjJIUAjOQaiPw88W3MscUWlSMuF3bbhNgbqVILbdpx0OABz6mq891qqh1fVb5YZNzqRduevK4zz164IC9B7YB1/WYVkhi1u5wQHI85t5IIBO7d2GBxxgEYzlR6bxkXCEXTtG0b9b7PlSukk7at6vToc8UpVbKU0lK6unok02kn0fdO79LH1J4H+G3iWwto57nTEhlikIFu9zEqkHG0/eZctzuJJ5OcGp/Efw38W319KbTTo7aIKr3CLdQL5jDJ+fEgyR17+59OZ+HeqT6lpttDd395d7pSGm8+Qn5RnBye3rnnBx059F1C28uzuJ/tM4EMhwWuGbcoHyhl3kYI6556nAIzXyGKxUqeJqtR0lN20cUo3T0tfolr1S2tv9M+X2VNXn7sV7u7b5U9WtbNfattdaPU+aL34Z+Mlvnc2NoGlaRVke6gO5M7eSXyWGADgMMd+MHNb4P8AjhLgF7BCjD5THdx7RuBOR8xIGMHp0POK7rxBEJdSszLdyDzFwFjkdfn3cNnI7+vY4+ujb2xXd5upXQKuoAW4kfjggH5+SCe2Omc8MD9Hl9ZVMJGVneLSWrUfd5Gk0ratLS63v2seLi6sYtKSelvS6ae3ora6tvbTXziP4V+M7aePfBaxoyuqyfaU3YA6f6zg4HTAGR1NdFb/AAn8VzRIwtrMREFWmN1Hv6kg53cHOODj1C7c1X1s3H9qwQ/2lcvGZYiE85yMsQMnk46jJ468qeK7xtDvJbYKt7dBSUZiLqQKQyg7mCkgDrjqfXGSR6NOpGa5pRfNFWte7duW7b6X1vts1pseRia9NwUU53d9HfRJ6NbJX776adGcrF8IvE6urGC1fI2Kxu4gcsCARh+Vw3qQQTgHOWhh+Hnia3MtqYbJlik/1QuYsk56ZLjnnjHI5HqR0t5oV5HF/wAhK6RggxtupGG3BBHXOSQSehGTjpgcloOh3bXNz5uo3Jb7eqwq8shH3sENltxxycemcHvWlavGKjPkkkkrtNXdrPZK2urs/wCV33MsLWjqnKT1jZWer93R63s3d/jtqWYvhp4oEsk8ttBHGJGJC3kJ4IYcYdQMZweAfQAcitdeBPEc+IdkCBFLR5uYhvIPDcsNwHHIzkZOOADU8X6bcabrNzbp4iuvMUJIkETTCPcyjIKgsBtPHXnGR1yeTvdH1+eMSS67OgCh0xcysSCR8oGR2z6j8q4JZvhYpx9lJ6W1mvtNX12jsrLdWWtt/Yp4WdVQspLZuKjZtPl3129GldLbVnYH4Y+LbwxTfZ7eY20YQg3ceFJ7YD45UHnHoSOubk/wr8Xxw+ZJaWy/ulVI0vIiDg4xjf06Ffr6E1zcEOp2SJbRa1c7LiBS7q0pYyBQCAck5zyOnXB5FNtzq4gme51nVHVXKqFeZtwyTkk5wcEAYxgD3OOKWb4RztKlLV3bc00tt3rzaapXSfqeh9Tm4uKbUrX1XVNPW7bd/LTd3Zvy/DLxg0cbx2UCttHW7iyDkZOdy5xyTnjk8FuuPZ/DPxrPNdmOzhwsgWUm8h6Ek85kGGJGeg4w2OOcq2GuX9wttBqWovJcTrawJLPMgV5GwhB984/EY5Ar3s/s+/ETShpUF5KyzeIERrctfvGrb0yMkOCWYNnaQew+nlYzirK8trQjXlGl7TmcFOpBOSjFczirvRauT1sn0OvA5DmGLU5YenUqwVlJxg2otpJJbKOr0Te76HmqfC3x5DG0iaZCY8ZLm8tsjkbf+WhwM88jbhe/UxSfDHxqAZf7PiLBGJP2yEqAe5xIcHd78nng19Ht+yX8ZRCgh0u+uI5IkcmO/kOVcA5AD4JIOeoOB0AArz7xl+zx8V/BOjXOqaxY3cNmivJIy6g7NGqY3KRuzuIHAIxnqT1ryKPidw3iMXLD0MdhKlWT5FS+sU3NyfLolZvmfq3zXtqehPg/OKbVSrgsSoxT972M3FX5btuzUdL6t+Wuz8x0vwT4r0ppGksoIhcAPuN5EQdoOV/1mAOi9QAMDdgfK7UfCPiy8njiWytYy5yWju4VBRuNxJc7hj72T3zzwDn+I/AfjdPD2j69NY6vYaRcZSK8aeYJNnGGUk7TkZBI4B5PYnOsfAfiC8tmll1u4iUrG0QN3KxAOOGG7I78fTkV9bl+d4bGJui41ISdpOMou048t4N30a2d7NO99dDxM4y7FYeEIVIVItKM1Fwd7WjZ2b0ur2+/0lvPh14iR7dWtLMo1wFMj3cag45Zc7+c9uemcHue6l+D/jk2JuzZWlxbbEkhC3UWFjzndkOS3Cjb2wc4HBryfxBp/iKwLWT3zy29tbySLKDISZEGVO5W+YjHOSeOnOCH6JrGu3Phm6kbVNYnuYogkAhuZhEoUnMb5bBAwQeMLgd67sTjcPS9i+V6WT7OyV0/5t7Po3pa7VuPLcPUqUqjeiUpRScZJfZb5m92r6WW6fy6e5+EfjSd7hhp0SBQDGsV3FgkkcE+Zwufbnjgmqb/AAq8aPGI5NLjCrIiAvdQqWOOTu3c9sZ4IwenB5LT7nxizM5k1QCVlIaS/l2huv3iw4IOQM5z1wK0ptL8cTQNI1/eeSsxmGdRcnAJyD8wXkDggjaT0yCK82WY0JOd6TvLZRd3rytuXZLXRK1vNM7Y4SunHWNtXK0JXb0e7i7ars0t11t36fCzxXFBDb/ZIFLxtjfdwEDpgIVk2kdScMTz1J+UbWk/CTxjblhc21qkZi2xsb2I7S+cZxKWIzjjJz9K4eztPEk0cA+03QlaMqG/tF1Ubc4AYyH5u4yeenY11GjeC/HUs/nJeXF4XUbbcag8u1eesYcdDx7ZXnGMZrNsHRTlU92O0pXSUV7t731dtGvhsuumt08BUlVcYRlPVOMYptrRay0aa300+XWW7+Detl2mkewUQyByRfQKx7fdD/TIAHPBB+7UF18MvEIS3US2Crncv+mx7CB8xJAbBJOeeAwzzwwHKS6TfR+IXsbzUryG4+17bqE3MiqgztwcnG3JxyMY9DyfZI/CunQ+DNYvZJ7t7iJHW3me4kwi4JBA3Bs56dDjt1z6uAxWHxVOU6aXI17sk9X8OqkullpZpWWz68eIpxoT9nW54ybXuqPK7+7eyT0at2VttDy2++G2soqyE6b52/AU3kQJ4wBjfg88gnkZ6DvnXHws8TztG6NYB3ZX2LexAEFQfvbs85zhgeOm3tw15BOHMrahdkCQFQk0gO3vwWJw2T2BBOQOTnTtNJ1TUPLlivLtY5BgM11KrZUjB27gQN3PBxxgcAihJKUdE25RT9LrW6ktktUt/W5nSjByThzWstElJ3+XyVubXW61afuejfCzxidNtITa248tiX2XsJQBiRyd+QW6DJxuJ4BaotT+Ffi5ZZI4LS3jUAyMwvYSdoUEg4c5wvT+8eODzUPhqykjtbe0l1LUN8ibJ189wgaNs5Ri+C2eQOoBOCeKveMNKt9OWI2usX0czpho5blyz/Ip6Bznccnk8HscAHro1J+2nFWlGNm3yttK0dE00tbq+itqrSvdxjKNKcYylGo3ez5fijfl012bbu2ttUm9TFuvh7rsem2cEsFosksoC4u0KnJ4LAsRnOR19gTwtdcvw11WbREDRW8twkcp2vICMBWACMQMDOQCOTwR154S9s9QXRdMmNzcMzSM+3zpDnDcFec9QDwMggnjrX0roDPN4W0hZ9xkNpIWYMd5YxtwxJzk5JIyemeRgj26MVUdSUmoK0Lpq6adld3V1K929d3a2lz5zERjFrkv7r+0rK2lk7ptPfv1PnDRfht40lgaO0t7SICVsCSbh03MpwS2R6Hk8DOBwTvw/CvxtHdSKY7QM6EsTNuUADgKAx56c8HOfSvoH4eeHLvxHq2maNaSpBNf6iYt8wO1YjIVYtgnavOcgcY9K/Tnwz+w9NfaXrfiK68U6e9tpGmpcMgjDBpnjz5ZOQCACBuPJPoTmvgOLOO+HeD50IZxj44SpXadGDUnKcXKMbxUU3a7tL1Vj08vyzMc0s8NSjOEbdrWspXs7bry3tazdz8Ob/4WeK7aWzNx9k3eb5kTGXIwpB+YZ+6AG68dwTjm/N4W8arcKtvNaMrxGMw+avlswB5KZ4zjCnoepGeT+5rf8E/4tT8Jx+KLjxRa25S0+1lGj3JOs2DFCgOGVlJXpnDAYzjbXPfDP/glf4j+KXj6TwTpHxG0XRLptMj1V7/UBvjijuiCkUSqWZpFDYI6DrkE18NDxx8N62GxOMefUoUsJzPE1JRmo01Bwi27wd0nJK1m9fQ9OlwznzqRoww6lJySSirWT5WrN6vm12e+/U/BjXfht4+v2eE28c1sh8wpFcINjg44w3AOVyG6YJDYHHLaX8OPiNp10yx6TJHazIytKtxDiQswXcD5mQeQfu5PXoBX25+198B/FX7LnxX8X/B/UfEi+JL3wxJFJca1pUzwW8yXKlolVQSclc7hjIzxya+KCdcv2Wf+19St4FflftspbAYA/Jnc2MsCQTnPAAFfoeAzjL83wOFzTAVPa4XGYeliMNXjtVpVYxlCd2r8sovTRdFdN2Jo062Er1sLibQq0pclSDT5lOPKmr6aJppqyvrZ/CbOt/DrxnLp1ukVosrpIS5lnh3CT7zZG/JGCNp75I+9XCX3wQ+IN8ftYsbd1kZSqfbLcYA5YnE3IGCQDwBn0zXYSaJc3dtdXsWsa1NHbsglC3EwJJHJ++PXjHUHk46crc2Go2t/aRW2talbhog4S5uJiXMjBfkXeMnJ6qD2we1dlLE0pxabcmrWUbKLs1bm97ZaK2rvp3OapNSrSjduMkvsN2tb3lq1beyastr6lofAPxzDALu50uNYgIwJHu4NqFsAH7+cHpk8cfxYArppvgP4yvoY3htLM7Ckag30KiAhQDsYOF2txjqBnJLV6t4i8Hx2Hgq6ePxJqSalDpdtezpdzyeXISuTFCC3zZJyAo4B+9g88j4aj06+0vTo59VvGme3fzlF1IqtPkAHBZiGAxnocZI4PN0I/WpcsEkkubRadLfa11dlutkrGVWtRwdJ1Kk5OzWqjZ7LVLm1W+ltkjhv+GfPH8MTA21hOylicahCcDORkiTjb/Fj1x7DAl+A3jz55Wj0/wAmMEbP7QgBQ5BwAZB64OACT3IzX0gPBVvFbbVv755SVl+S+mHyNkqAdxU4GAygk9yfu15Vr/hWwjS8lh1LVEaK0nk2LdzFVcDIL/MOvGSAMjkEHkXiMJUoS+G91d6WSdotdV5p2fR6onA5phMVyxi5qySs1Z/Yd+6S11a1stehxF38DfiJPb23l2emACRijHUbUsx2gNuHm9MkfMSecjoMVir8CfiQPMSS0sUIY4A1O3ZeCTyFlOGB5XAB9RknOjolhHNpVhLPqGpvcyCYvJ9unEYCuwOfm44wOOSOcmtU6DaBnEd9qquQHLPfTspGMnBLgEemF45xg8DFUK846Wa6WXaz11ttte72fc3q4vB05yUlOTVlpZrVxT3d7d7J/Lc5M/CD4gQRzpcWlmrSuqDZqFupYLjCYEpyT1Ofl7qMU4fB/wCICSxmTS7dVKEL5V7CCwwPvASDJyACPr26zWWjHUdc02zXU9SjF1qRt2f7XMzKjDGeTjORwSRxgd8V9E6X8CkvX3vrOsxqsuxWa4nyQCcMoL5ALEHcG/Lv5mMzSllsowxL5dnq1otHqm0uz32aXY7adCniqPtaPMr2u7K7aS63V03e3Tl3S0Pm+f4V+P4onV9JQoGxgXkAypOAwJk3KenqSRlgOcVpfhT48ZXYaNJiMrwLmMhSw4IUO33uQRgewAIr7Y8O/stHxTq1jo8Xi3VrKXUb6306KaSeVkiaeRUEsnzksATuPGABwM9Papf+Ce/jHRv2qvCH7L8XxAvtQ1PxxY2F/ZeJ1aVNPsorpEd2miBywiXhQRhiPQk18nj/ABKyDLK1WjjMXGnOnhauOak37uGwyTrVZO0tIJp269NrHvZfwvjsxoRq4ek5x9pTo83KrKdRNRjvo738rfj+Y6fCb4gu8UX/AAjt4d6hwIpN3VcDngcnPy8tzyOtWJfhB8RCyD/hGb4AYAOQuOT3UnqBktyB1OcjH9W1l/wQF8bJbuJPjvqn2uIrEkMFpsiuFjOzzY5jJuVXYAqSACMdfv14/oX/AASr0m48ReKfB2o/FrxnFr3hTVYNMuzdwi3spmkIIMU5kO8YPBwMkYycbj+XP6UnhdUq4hUM3eJnhknWVGjVfJDmjG/waq+mjs9le59PT8KOKa/LaFKF2nFzmltZ2aV3ZX2W5/M9dfB/x2kTrJo08Sb9zb5MYcHI3YJwBznPHBBHTCr8LvGkflg2VoECbsGWME/KAufmGMZ5HBBAHcV/Xp4b/wCCHvw08X6TrJf44eJJ77R42e+hgnjZ4CYWZgdk25wuNwXrgeua/l5+OHw4Hwy+Knj/AMCW3iXWtS0/wj4n1DRbO+Fw8bXVrbXEkSSOm4rvO0Fv7pyvAr6/w98cOEfEfH5hgOHJYypictpUquJ9vQqUIezqS5YOEpq01dPReTutjzOJeBs54WwtHE5jUo+zrT5E6U3JqaUXaS0tez1ttfzPE0+FfiiJGkktLb95kgtcoRuLE5C7uODgjoCex4qST4SeK5fIlkjsURSNu67hAIfHBXcd2D82Txjn69hZ+Dp7+JpF1LWzCY1dt13JnaepwWAGCAQODjuSQAR/D2O61DSbFNY1gyalfC1G+5lwoxjeAGwSvQAk9Sc4GR+v069X3mo2cktb7O6fR697+t1pr8Aq0FVa55JWasoPWUWrtvS+99Nn9xip8MvF7IIXjsUWFuHW5hUnBICkK65GOAT2IJxjJYPhj4nkMwnWw2xsdrrdQgqC3Ifa5J7D7xHXpxXt9z8ALbTxdx3usa8jLbzTI5uJDGxjQkMW3/dJxxjGDg5OK+ftF8M3T3d5bnVL10hu5Iiy3coLoh4LqG4yAME4yMjGM42jjKsU7vdWv1Wy76bNt93d6IwUqOJnJRnNSetuXS1layWq0vr11T3Ontfhn4qktp4IRZgTSrt/0uLcWHIGSx3KMcgA9WyetWpfg9458sbdNs5CELmRLqFW6HJ4cMTwBkcEHtyKw/E2hXnh/SNMv7bVdSWW5vJI3LXMwTavRk59MZAJIGRnHFafhDXwo+zajfak8QljWSYXUhYqcAAHd3A9zxjHTOtCtOeqlZa+aabjbd76/Fppp0OXFNUo3v3WsWm0ktdJbu++m2zVmRH4P+MRbPJJZ2yhz+88y6jXBTqMlsBuCcnGfXHFS2HwZ8TajE00EVnIEh2un2uMBOv8RYg7cZJHYAnb0HV+KrnSk0jUHsdTv2lRMxo9xKcs2CC6gjON2MHk9Gz1rQ+G1haalo8Fzd3d608pZJY4Z5I18pBjHXBZupyRnsM9Sr7RNQinqvd0W+nq1v1T322ZnhsXRjS55Jxs1G6V22+Vt7pWtdu6fnZ2ZyA+AvjGSJH8nT/LKnBS7iBAJ4LMXHQg7sD6k8gXz8DfEljE6y/2ejtbszM11GwwwOGQ7jg4HHvjHANe3adommmV4re7v/Ly6zB7l1IUA42j5gSBkemAPauC1TU4bG/1i0E0n2WONgsk0sjhNoOEAPCsfmG7+W7nmdPFSivhTeiXKmlqrrTXXRXtvo+x20sxw9WooQveySurpttJ6pfddpXWqZ5HN8GPEsbBQ2nkyKcMbiIM4I+XILdTnkjqDz6mp/wpvxCHZVFj5hZQW+1x7lbkYGW7gevXjO3mr0l9c3ckc8NxdbGdgmJ5NqKrY5AI4HKr2Iye/FlReLIrS3NxLIrxfKkr7Rgg5JyDkAcngtxkcc9NHD4mUWnZRSXo7KN11tzNvpfZp7HY8RFSspJNJPVPVJJ2TtpfV9+3RnV+G/BviLw/YnSLjyAktyXMwn+RTgMVJVjuDfd4PGeMcY+kfHlpeeIfhl4a0zSLOIXtlbSx3K2c2XmKhlLyYIIJ4wO/vxWf4N8E2njG5s9NuNUi03dHCVkmIUJI6fM8pLA4OTyCB1yCeR7zrvwps/hh4G1DxBP4rs9T0uSf7BD9kCTXnmgEuyKrEpgnaD68HIOB5mPqwguWcXKUZpxfKmtHqr23ab7eltlQhKdapKFSmrxs++0W9E07ed03za+X5ta54F1m2s5J7rTZUk8oGYyOqnAztbG45BwcjOSOeck15bP4e1dHdmtC6SplDvXoMc9gOwwR152iv0B0v4b2nxMvLo6L4gNhDZwJc6hJrlwYVCEEhYoSdrtwDjJA78k4+XvGrWmkajdaEkgumsbua0e9tQFjlEZwzowIypHQgAYxtPes8PjITly8luVed38Nkna+qa0tdtd07+nScoqPNyt2SbjfV6WV9d+bVNXum73POdD0GeMx3M2LRizRh5DuA4JbjgfMBtBboxAz3r9vf2K9V+EGifBK2svG8ngwa2+v3EztrFvBLfmIrtjLeYC6RYxtx0HQEV+OGjRWN9KtsZbnaSDH8zZD8/KQMLgnJ5wcdMZ47nUdSOhSWMbI+wRAy4kJMihuAQGABGAMjDZozPDTxuGVOm3Bpwakr3a0f479Or6JnflGZRwePUpwVSSg17OXw8z5XqrbbtO6vd9T+ge58d/AuFkhiuvAHkAn/VWtqcjO3BwvGADx04IOeDXM3/jT4A+a7NN4Iy5I3fYrclcAjhduMegHAJIPNfiDZeI4ruzjuLeKZH2SuhLO4ATJBYFuOO3tnuScBPiAt5eJY+awbzUSIEMAZDwUyGPVeMDGPqa+Zp5Nim+RYuolzJczvumnunq1d2td9EtT6qnxHTdWX+xUJcqWqinbWK2tq7taPrvo7n7mv41+AcRCi98FrtcMHFlAoU7sCThCQVJIHHUAZxyfyB/4KC6joupfEPR7vw/d2t1p0uk/uDZKq2o2uQDGowACuOCRk+gbI8V17xrdy6imnKAqtcwwOUG1tpwANwIJ2nnOAwG0ZPbpP2kPC2rX8vgcaVazXgTQIGkjtk86VGYIxZ/9kgbhnOBuYH17sLl9TBYiMquJnV5rpqfTRNNb31vpzed7MxxmaLMMJOMMPSo8sovmhHV6R01Stvfqt1sj4yaJ2IlYMrch9x2r0OOByc9QThQCM1JbQeZE28/OpyobIBKnoTxkAdh19RjFdfL4I8UAiSXTbiKAuAZJUCp5mVXaWzgHjDKSCG4NJL4O15cbrB0C/O43qNqqQQMZ4P0O3r/DX0ad1zJyeiT7vRXcWutnppdu6Vr3XystLpt9d7Ju1ndea+6/lqZ6ab9pAQSr5ww4yQq7QCevBOenI5AB5FXU09YpdNkM6NKby3UqrLjaZkPG3pnGcj+Lk9s3TpGpWyiVrYRsESN84bkqeM56kDrhfastLC8S9smnhYg3EBDKCNp+0RA+oXGGIK/e4PrUStJPXme2jdt42vv0un5t7dOenNyndNrlemjtvT5W776K2mnN0Wp/RP8ADn4l/BzR/AvhbSvEWueHLa8h8PaaJoLy3iM4KwIAGyjZPqTzgrwM4ropvit8AJ1aMa/4KkCZCiSygYYIyOfL5J45J9R9fys8eaVaPaaNO6eU6+F7Fwqrw7rbD5mYEHOM8dT3Pp4BqRt7S0S4gkaP5l80O2Wfhi55IPIA46c9OgPzcctdVqosTODk20kk3FXV47rZ/q3orn0MuI1h5qg8HSqOmoLmai3L4fK/Ttp87n7gQfED9nti8n9reCDM4+ZDaW4DBTnugP1yVx6em1aeNf2doFmvBrPgOJZCiuBaWwHHUFdg4yDg9BweBgj8FbTU0kgbU4juVcwmMqQOcKp2g4JYDBZskkHj1vvqV4XW1OmK9tNGkgSLd5jsScHcGwCVxlRnHJ6YFayyarLlaxjcbJpWbu7Kz+J2vvffyLXFVOCfNgaKTUbtKOmkba2dlute+u6S/d+58ffs9qJSPEPgmWEq+IltbQqSBwB8uMA8YzjA5PQ1FD8QvgaGia2vvBcsLxqjnyLTYpbA2kFAMYAz6HtwDX8+8mvQG9nsGtZ4QJXhRVkcuj8Z3HJJVeODx+LVq2sutTONNsUluvLiNywXPyou4udwcEkEfMcYCqPYCI5TUmuV4uXKrJuK9FbWTVnvbtpa5c+KoJwjHBUW5JNe6m0/dsm2uybtpsla2j/oTufF/wADZoYonvPAM2NoXK2QCgc9ONuDkYJwOpI4Jpv4l+CKXbM+o+CHQxEBYI9P27sKMcsuMcAE85Geciv53otf829t7S8iuUaS5Mc0iPICmDsIwJAAwYZOCTt64FP1y806ysmvbfVbgNDeNbyxl5iVC5JOVcnqSMHB46c0/wCxasbuOIm0nF6dNrp3b11u/L0ZX+s8YypyeCpRcmrJ2umuXdWunbW66O99mf0LaX4r+B9q7xXd34LETM8sZW3sJYlBzkyEDCnnv8uMnOWq2fEfwDa4laK48DsZwS+bWyCEckNwDwD/AHhyMg8MTX89ngy4vNX07xPqFvfStFa6aQ5d3OwkEqUy5GRgcjoCAOQRWNp3i5LT55rq8cQqI3QzSEMpwAygNjcAMgnOQM9hjF5VVkoqGKnHbfS/uxu7qXX7rWeut+tcTJQSeBpO7WslFa2SfLJ7p+fz21/opTWPgGit5kvgNdyn7sFidwyOC3BzySepLA8Zpq67+zZApe5ufA2Ac4FtaHDEnGSAeTlcA8HPXvX88beOY7qK4SIXbIM7G3urBMjJID5Jz/DgkjgckGu08I21/rtrqVybuVbSzs/tHzu/mb+QoJLc4XBxnjPPJ5JZFiOVSWMqPS9o83da35l1T9HqrHNV4ppUYSlPLaCTS96yunLljb4Umt7tLqj9438Wfsx2czE3HhFQy7yY7a3PBAwBsQEZwwyGwMHOMFjC/wASP2dbbYlpqPhFYDhlje0gYB8ngbk6+2T+AOK/DjTtPnuFkuptVQlrCd0h8x5ADGrhQyh8qxOCSAeQfUmuAjv5FaOKW/DM0wDIWYtjftwDkfUk8dCTnJohkNWKTliqmrTur33V+snvd9lreybT56fGVOKlyYCj7qTd4JR05eW/uq9rN3s7W7WP6O/hZ8TvhePiBpGpeHdS8PWE9tI+/VrG2QiCMp5Y8+GIAyr6A8Ac8AV9ZfGLV7S/TUpLXxxbapZyeH4HuJtPnMN9P5x3Ysbd1yNmeVQkjGcHBz+Qn/BN3SdOj+Lk19qdha61aDQ/JTS5IRfSM90pjS4ht33CaZHYMo6AhcDIxX7FfGSPRPBup6daaXZ6PqMkWgyi/g8ReHhZ3emz3cebVNwBBw7KqbgDgA4wAa+hyfByweLVBzlKTi6l5u3vWTS8nZN3unbpfU3xeaLMcujiXQhRTqKnaCSTfPFOVrNOyeiVnq20tDyH9mbWtF03x9qsCabe3AsfDU0c2sPMDfOl0xYC4CgM3zsFwqklT9c+9eJvibYXPgzxNBdaSmizQyQaXp80Njcul6n2sPvunaJUjdkBJdmHU7iOK+a/2QdXutS+Jvie1u0sINTBRpdTjsVa1hgS6I2hHwJUiwp4+9gdBmv0K+JcS3OkxaBJqln4h0/xDrghl0+wsI7GRRDEXEguBGojwVJ2ByTtGOMA45hKEsxbk37saTi1Nx5VFxeq5Wm0r3jKV7tdEz0cuozeVxcIxUZ+1TT0urRSd0nZ8ul3q7XTaR+SfxWukuPGGpKLmGFIbDTZHWCPejs8aEL0JyMjI6+xOceiReGPhy+h2Wpajpz39zBDBLDdSXKLGLiWHMsQXdnduIIUDcO44yfPfjJFa6FrHjGW0u47f9y9ultOokli+xt5O1XZcElhuU8jCnnHJ810Wxg1H4e/8JJe6rqkUkU0c6QO8gtn8o4meNQ2ZGJ4VQpGc5PHP0NSDrQo0+acbpS5opOe2iT6trvt17v5+hiY4avVnKiqujXJNX0UldJ9Wr3ty3drH0vB8S/Bfh+yWG08HR372JMMbTrGMMx2FklG7O0Fj0yByQARX2x8PPg78QD8E/EPxbXwfa6ZpEukXl7bprF1czSajp9xIriSwhZSgRVIB27c4yMcmvyNi/sF/wCz5ob7UpLm+R7o2t6J4Y3UAkYO0gDJOw98jAHBr+o3wjrWr6x+w5oOmW0KTvJ8NmtLaI3ColvFHCpZ2YKeflbJ4I7hsHHz2fKdDAxTqc0lK3vucp3tGV9ZavVd10S1uvWyzNKlXHUY06FOCqVYRvFJJRk4q+2qXMkk7LRLufhx4n8ITR/DvxhrkF5bzQ6kdDeKGC4KjTrmVGMkD4TPlK33icHAzz2+d9ButRsvEmgW19DpE7QX9psmheR3VVZA7kqvzNyDtJ52nuMj6s8Y+E77Sfg/4qeC9w+qXOnTRBb1pI99q0kd3tBX7schCnuBkDHAPz14GSGDxP4U0641LTWuk1CL7Q4hiaXLyKeXOS5xyOMHDEDGAPnsDUvl2OqRcbOVRtJbtUoppLbdadtFqfQ51h1LO8BBpq0MMm1blu6l2tdNeZW2sm+x7p+0hfaBrngXWnF9Dd6pZxaaklrDp8saODGFV0mZfmZeQwznOM4Nfndoel6rqd7awWOl6ku1miDWVjNdTsu3AJiijeRmJwfu5AHrkD9PfjzoNz4iGl+AvDniGx1LVPEAllsdN0q1hbV7q7QR/Z7FUHztPI5UKMbjz05r9M/2NfFH7JX7MPgXRdB+OHg6fwl8breKLWNbn8baCk+pXyOpYvYrKji3tIFVSNqkNu9Mk/FVuMJ8JcPUq2EyfGZ9jcTivcwGDd60YSS5sRUilKfslyvmcINtyVl1O7ibKK2a57JOrDDUMPhqUfbzV1Umoq1OEuZR59etSPLdtJpH4223wU8fT+CvDd/oHgrxb4l1TULVraRG8P3Sz2ZZ1WMKksIcYJAzj0BwQM/Y37Pf7EvxG+Ikfjzwz8TPAHxI8N2MPhqz1C0vk08R219raIWtoAruuQzED0GSpwDX7Gp/wUb/AGULjxrp7eA7DxR4mu1sp7uaDQfDgntbe1tgxluY4ooAPLAUlXVQDjIPBNe5fs6/tn+EP2g/iDqfhrwpoviKxsXht9QSbXdO8szxM7IYpI8D7PtZDtjY7wuMdOPynM/Gnj+FHFe34Nnk1CMnH6ziHXqOlScoOE505qm/3j93VNq+qsejg+Dsoap4qniZ4p0aCnWpKrTSco254e5ztNxad3J3Wnkfy3t/wTO/an074ga5Pofwg8Q3Wlx3b/ZdTvjHFavZOGDlFLjMojAZiTgHgZzXgl58Lj4V17WNAv8ARtVsNdsINQi1yGS3uHijuI2YTQiSONlU5JAw3PAweCf7ivjz+0D8M/gHp+i3nxN1SHT7LxJrcehaFbQQNLNd6pdgxwQqkcZZssw3jJxk9eAfxB+Jfx8tfh14v1q18Q/CDwrqmn+J/Feqarcanqlna2WsR6DFGLhZDEQ0vkyROCueW75JIr6rgHxh4rzTFOhicmwuNhKi3Rlh3LDSlKjyqpaVVzjUaTTago8t+py47grKsTg6mMp1K2XQU4tSqyjXpzTfNyppU5QStZN811bVpa/z06XosVve6w8GiaoLGTTWSO4ksrrIwWDeSzRY37gSGAyOO3FczNpAudX8LpYW058rUkjkXUXZJVwQSAj4HfIDL29+f2C0z9tm08S+PvGGmaT8J/hv/wAIf4ctUtrFL7S7WOQm5kIiu2JjVZfJD5LZ6AMRgkV5V8bPAXwq+Muv+CtU+HeseFfC/wARhqkl745jaeOx8N21hFArqbRFHlq5fj+EsxIwB1/dMPxHja9WlSx+UVcFGpFP2yqRqwpuSTSlaKsntdJq9r9z4bEZBTpU5zw2MhieV8rhKDpyb934FKTi07uya1SvZH5tfGjSb2TTpoLXTnFyWmLTxyMyhRHjAO7bu7cfzHHjPwhXxFpl9ci1n+w30ixRxrIdzTJvG7cR82NvQYyW2hVY8V9tePvhh468Y65H4a8KQwXt1b6yNNlvLYSHTpVLBFuWvNvkRxTLyA0gLDBxnNdr8Pf2H/G/jDx/f6X4f1bRdP13wPHZ6z4gOpXsWn6SIbJkuZ7e1uZWWK7nkVSvl7ju4BPQC8RxHlWAdVSxuH+sUKMpxoyqJTckrJOy5o3bSV1u7aq4YPhfN8Y6NSGAxCo1Z04Oo6aUGpOPM4SlyxlKMVe1169T4D+KfhPxdHq99resaLqUouLaIx3o024itCzLtVTNJEoLP1UEnf1Byaw/hJDpuk+NtKn8TI2mWaW92sqSxF0lLRFo0mVASu9srnGRkDBwtfuH8f8A40+AvGXh2x+H3j2+0/RtJ0q903R9YbStH0+G4k+wwRIt2lxA5d0V12rICd7fNnB49i+BHw//AGX9V8FWVtc+Evhzfi9Q2lh4w1nVbRtWRRcEx3F3FIdyyNGQpyMBcjOBX5LjPpBYjKMljmGd8KY6niXiamFjQwbqVoSpJpU68qsqEVFSSWnK4q127H6jh/A6nmePlQwGeUJUo4elWnGvGm63tJKEpU1Sp1p6xdrSck9Gt0k/wC8aaxBffESCS1srvTdIgu4Ft/8AR5hE0PlKDPFJIARG2QQSBncpA4OP0U/4JU6Na3P7Svi3VLRpJYIdDu5vMKvzGkrLIQMEMR1PA6g9SK/Sn4o/B79h/wANa3pXiqHxX4RfxNpyPY6vp2p38Oo+HxAbIpHLHZBREnlthkZSSDxgEYrxP9goeBbf44+Pv+EeutD+yR6ZqwsNS06SCztLq3ub2QwxW0W5TJGAQiYy20DAHArnwfi5DxDy7McHh8hzDAxjhKXNiMTG1JynOC9nBqmlNxtq099l36X4bR4IWDx8s1w2IqfWZunh42hXi4Qb5pU2+aKeqWjT6Honib9ma2l1rxDrL6xrb23iPXtR1Qpb2m+OINO8iqXBPGCF3ADgZ+v5x/txfDS28AaDo9rZ3V6y3N7b6lLcXkZjESs6wYQchiGY8EkEAHr0/obm8U+H7W0/sq61Gwe4iS4DAMjmF97ElgueSeMk9c/NyRX4rf8ABSrxDpmq6d4SmTUbb7NNqEWlkRxhn2xziRn2Y5XK4ByOcDIBxXs5XgoYbMsskqk5TdalHkeig1BN3W6dru763eyOavmmKxmAzClKmo0XQq8rulquXlvdauXTXrrpqfi1dx6Db6rfgeI0ku1jXfusGk2sy7ipYKC204Hy5JHGOoP1p+wfqcVj8Y4prFrG5lGl3Tz3BjMMjxCQMYXUYB8xhjucHjua+crrxdomka9rVoqWlxCyBBcSaLE7FimfkkIwG4AJJHQ+5P2d/wAE4rjw/wCIP2hNOjuLeKWI6NqbCD7GkIaaINIhdAMkDbktkkE8gjNfpHEVTkyHNbuTvg6zfNKNrximmrX6pWf3nw/DOHl/rBlzjG6ji1eKfvfEkr6vXrtrq9S7+07reoeNrPxPPpPh/wDs67uPHNpp0y6bFPI/2W3VxNcJCqdVIDllBJA5Axx8E+NvCdyl/Lp0NvrfiCeFraUyx21zNJHDswxYRxFwiknO3JGORxX78X+ufBvQ/jXfaR421gad4S1OQRI9hZeXLB4j1BWhVHmRD5aoZNrnIIQswxiuA0z9pf8AZP8A2aPH+q2XhP4PeIPjL4z0fVJtM1EXMv2rQLxL6YNC1pJNEWzGzKrYj+VhnkYFfFcOZ/jKOCeCwGTyxdZcuI5lUUIOMlTbcuZcqaTTvyu/RK1j67jHh/C18TDHY7HRwntH7HldNubfM5JRSSjJtK6d+tt0fl9rsEmn/BrQdPv7HVPDDxzERrqEM9lcXxZCY2SKWNJdkqn5X2hXHzKTwa8m8E6lFDaC2vGvZEiFz+6hMrybdxG8oqElcdTjGOcYOD+zOq/tNfC39o742x2Pxt+G/hz4a2mnwx/2VoU9lHPbafbxbfsj6ndRxoiRqrZIK5ONuemftr4Z6F+yP4j1fUNN8EaH8K/EGpaVITqN3p2m20qpGydWhIOUbJAxgk8nBxn6z/XHFYelRljcpnGq4RdWNKanTXM4uKTcYrRWvt1TufCS4YoVJSlhcxhOnf8AducOWpL4ZO8FJW5VdaaPfSzP5kry5ttb1VFla4tdPSzaN2uJZI9zrkoAr7N2GA6jjjqDXpmi6nodp4s+H1jDLbSX95LbHc7vI37iGXBlGcbCAPkJwflJztBP6Tftt/8ADPvh34lxeGdX8J2mi3A8N/arQeEtFhNldPjIkvpUZQjkDJwCT90jvXw/ofxP/ZvTWvB01tBcx+JtEe6xPcaSkVvLHtaKCJyWId90gCyMQeMjkjPd/bU8bTjJZbiXGrBzjVlHmir2jZarl0ejV9Lvc5P7Go0Z2lmWF5ouzptSjJu8PdUUnZpPvrra6ueVWWqaEPE2sXd9p0rsl5fIJoy4j+0GcKCV7gDIC4x0z0NegeHNZ0vSvjL4PgtNABjnu7a4lgw6b5JI2w8qDHyszLwwxkHiuh8D/Bm08R6v4l1jxRaeKNNsFu73Vbc2cH+iSh5PtNlErhwQJQAcqCuPlbgYP3l+yd+yToX7Vnimy8faXfar4e0X4fXcNh4ktpLVBf6hICYbdrN3KkeWIwWA+Zd3QZozHNKWAwM8TioqNONCMIuUfealFLSOzd/m09b9OXA5fPFYv6vRmlUhVbab0XI4/mtbNaq+97L8/PE2s6XH4x1a9Syng1kattZXDvDHGty3ysoB2qFPJJPyjkA4C2NS+GHhDxjrOvw3L6rpd5b6QfE094theNaXtz5YZraOZISqKcAIRzz2xX3R+0J+yn4e+D3xs1V77x1DL4UvdStLy9tJre2Opx6ZdSIDA4aQNHOoRi7YJxg9Tg/cPiP9p39m7wN4QtdI+HXhvQvG40nw7DDdW99pdja3Euy3RWgub2QsZ/3m7HU5x16V8bmfGNbD0cBPKMqxOZVKqUaqownTjGDVNR/eckozm9bpWS1967SPtsq4Wo1XioZpmGHwMbv2fNODfNL3lJx9pFxXVJJvpa+h/PM2g+CUSLTtat9Utry8EItIVEiSTx7yhkCyhWYsBknBHbORX1H+z/pWgaZ4ym0PRLK6mZ3srpHunBYJZusznnJBUEjaG5AAOcV+gXhT9ob9lD44XWrDxt8I/DHhjxz4ctbebTVstJiu1gso+XZ5YkEe0LyFJOc46HNc/o3iL4K3niPW9F8BeHVs/Etx4htJtK1gaMlhBc6e4QXaW0xba0SqMOgyPvckEAcOacZ4vF5bjsBX4fzDCzq4aUXVrRj7OCdNqTk9NYu7sknZLfU9HJ+EMNhM1wWOp51gMVSo4un7ONOUlWqcru48r+1rs9Hbrc/EH/goTbT2n7SXiW50+fUbWO+0CyLxw311bxCVlUM4iibaXIO7Bzk55wBX7O/s/wDwy8MN+w/PrH2CeS6uvghrLXV0bib7S06LcOJzMfn81SQFfeWGByDwPzi/bB8TfDu1/aE8Zab4ltJL2+s9Mggy1oHSKQIrkKzAjpyOSMDqua/Y/wCDviHwNqP7Dc7aTqVvYaTL8JdZtBcSlFSOWVZ4vLK7sqwfcNuPQLw2B+UZ4ovJcnk3ThGE6T5uRJzajHbS72bd+u99D9MyK6zjOox55uV1ZN8tNOcbuzXLo31VrPrrb+YTQPC2lan4w8MaVepqj2l5q1jbzA6pfHzIpbxVcMTIFOUJBIz1B/3v6f00qw8PR+HrDTbYw2EHw3itoY2O/CW9qFXLNydyqOWbJYZ4ztr8CvD/AIH8Mab4v8KaufHNhfRW2s6VMbRItjALdIWiGMkkg4B/E5OK/oW8VXmmpfaPb2s0MhT4dRTFFYFo0ubYtGcqQQdpU9mzjI615GaYmGIxWXKnVhyQb0UUre9Ti2tm7bbJO+iR9JltB4bB5h7SEotqT55Wf2VazUraPt5LTZfyg/tk2TzfESeSOVrd3u751Mdy0AmH22Xl8EgkEglsZIHI6Y+fNF8K6hfXuleVrBQrdWzyI+ouQV81cIibjksBjAJJ4B6g19Dft02L/wDCaRzxsAGvr5CAWxk3b7eEDAd+mM8nHBWvkLw1BLb+INClunlMS39lxG02c+cmDkrgg4GQcAAD3Nf0xw/TgskwanGnL9xFbxTT0tzbuyffXo+p/KHEkqn9vY5p1dMQ9Itu65lqnr0S2+97H6E/GrSzH8PPDvkx+dLHcQRFIpWG5UgAG4ryckZbJzgdzux+eHx8muNS8cJNL9rs3t/DekQLDFPOEHl26qSArbQWOcjvkFvb9BPjpqIs/AOgS2soYS6jbwiIS4x5karuJI5wTknJxnaRuryzxd8G9F8Z+ItMvv7SubJZfDWlPehikzTTrbIwVGLgKvGDgnjn+HJ76McNTqyhUnSUuVSSkk06jaaaatvrdp6JbJ2OHERxdaEXShUlqlJbN3UUnpbmbau1fR3equfLXwh8Nxah468IXUmn6nOluRKbx0maDemCu6SQFMKcEqCMEdMkhfuj44MifCfW5RJc2z200bxtbuY5CQwG3ehGAc87SehGQBuGH4N1vQ/Dkej+DLbLXdlc3NqsrQRjzC7/ACsJwAScg4LH3HJyfbfEXwy1D4q+G4PAum30Fje+JL+1sLe5n+WJZ2KszPtzheCQcD0HGSvnYycKmKguaE6d4PSKSV5RupavVbO7SVn3dvUwkKtLL6/xqpKDk27xkpJRsuazd/LTp5n5h6deXb6CNR/tHWmkEkmUW8mJ8tFySFLHthcA5zkZPAr651z9lvxv4J+GHwx+PWqa9JN4d+IGoWcVjpRNxJPA7OHjN7JIPKQTqpdVyxyOQBgDybxt8K7r4W+Jte+GupXpudS0T7Va3Mzp5MZkDbPMiBLExsSShYAkNwv971LWvjR8W9b8B/DT4W+J/Gdrq3w68KXMH9ieF4Y0Wa1vY2VIpbiVfnkaME7d2PlBB6nMYuhTa5qKgows21ypqyimrXu1frrpqcWBrV41KaqSnL3oOV22nZq+t9m3u7trSzdjH+Nuqa08ekXGj6zeaaYISk8drdvBBJ5YVRuKEA+uMHkYPINeSeIPEHiCx0rSpbDxHqVxdTRKb+I6i6rERtztAJ3KXIGSBgYPQEj1L456FeX0eg6dZQm1e4id5ZG8wRuCA+CVBw+CBk5644B48DtPBymSaLVr17YxRrDHLGZJcsuMLtIOAMdenAweN1dOXUcPPCQ5qVKcnvN2SUk1dJy6u6V2rP7iMzqV442fLOok1Be65RWqjqnypKytd6J30vY+tPAGj3M+laXrsur3V7cXDacL21urlpYUeWVDiMEkEAAdMdBla/XG0uCvhvC7SIdEjVBglSptu+RgjKkAnIyQOcc/kP4JeLTdJ0PSrGZLtWntGnZiwlzHLGdxx2xkZP3R/sg1+siNjwwNkmN2jIwG7H3LUkDpzuIGPUgkDANeTxJRpwVD2MIpW15PhTdmktFsnZ27vbc+k4arc/tnUc5TXL8d1o1dWu3b5ab38vy8/ad+Beo+FPCGh/F2y8cazLN4t8Sz2UuiCZorfTYJJD5TRssm4kYOV2gDoTngfFcmleI3jupf+Ek1ArDNHEA1/MS5JU4AZvugehIPHOTx9S/FTxTq2sB9E1MajqVlb6jNcWsEjXD21pLHM2CkKxmPc3VWC8DJzk147L9glh8lNIuRtcSySeRcEl/l2naIhuAxkkg5JHbkdeFeE+qUudQdVKzk0ld6JK3Le+93t1Ttv5eOp4h46o4uo4OSlGPvJtO11pffVKVne2runb9GrmKWD9le/E0jTzf8IYVaWRtzOdhJ3MerZHOSSa+EfDVpd3/w2vikgVIdJQiKKUoWkEkoDHkZwRk+hJyBkZ+/NTBP7Md+u0/P4NuGEZTY6hY8jchAIxwB367u9fAPhqOA/ClLj97FPdJcWpKYVUWIll3fd6lj17Y6MAW7crSlRraJR57pPteNrdvTtf0fNxPOzwd9GqKVnp0S3d7Po9e/Q8Os7a9tNV0pLgyfPfWUjrNmUlROmQAcgD0Oeo6Y3Gv18+KMumy+AvDEP2CKWKSPSiH27WTFvCGZUXBOCDwRg5Ocg4P5OrM2n6xYwyXDThbixZ2aPdjEqtgnB5XI4AHpnsP05+IXi3T4PDPhOGbyJVli050cqOY/ssQZNmMZ6qRnn+9hjnTNIytQ5YK93o1zOLsrXet029NtdOiZ8lh6qanGTsudJ3vda2s2rpXu9bJXeltEfVHw+/Zj+IvxK+EPxL8X+FfAXhrWtAg8Hz3a6tqbINYit7O2b7TLplsu6QvEqMAeBx8xr8Lbnw5NDc6hArEbJbmFw4KMs0MjK8bE8/KwIwO3Q56f1L/CzVray/Yi13xdoPxm034f6wfCWuWdt4Tisguq6jaRRTNPbebuJZbhdykKvAbJbqK/mM1a6OrXM08c4ike7uLmXaFR2LyszyNyAGdss2OcnoM8/mPhpxFnue51xnTzX6r9UyrOHgMuhQoYilVVGnBuoq8q6jCrKTaanSvC2zvofQZ7l2CwmCyqphpN1cXQ+sV17RTjFtx0g43cVLrGVmmtFbbx690ye0HllgkolKsSxYhSTgAnjHJI6Yz24Na2k2zwxwpDLmaS6jXgfJglVJJOQcAbe54znjDa1ysNzq8VurRyu0yF1IBY5GDj13YzyQCc5AINfrb+wv8Asp/ATx/NBq/xa8XxWavdxXGnafI8NvaDUFlCpp96zurCJ1ALkjCqSQDgg/R8f8a5dwRkuIzbMKeKr04NUo08JRliK0pytZRhTV1fVuUmorq9bPu4O4SxfFOZUsDhKuHpVOTmnPEVFCKhom1dvmdmlomzxT9nT4a+FNZ8Rw6R4x19fDennS7nV49RR0Cy3YtWNtA0pPHmTkKEByc8dRXk/j2yKeIdX2TveWUFy1taSyS+YJ2tpQu9QpJZXjTdk4B4Nf0Rfs4fsR/Bfxd8WPib/bWgabr/AIR0PVrHSdF/s3U/+JdC8iLMSpX72AcKMAcADOCD+PX/AAUZ+H3hv4R/tN+NvB3w+059P8O6SttPaWgkMiQyTQh5yXbIYMWJAIA7HHyk/i/h74wZLxpx9j+FcFDM4YunlOHzGosRShTw9GnVVKSp35+f26jVg5xasmrPVWf6Bxv4d4nhTIKGZ4ithJKGJ9hNUXKdSbbtGck0ouKUG1rfVXva5xPxt0rwx4i174b6tot/osZ/4QDTIri10y3ijRb6zgjSS3uVGA1ySpaQ5zu5JJNfLvjHwXe6b4mt9Rv7a2v7a8Nk5ht3DkxFkdgVTO0FMr2wT14xW14BvHufE0MF2ZboLol/dwRSuzxwzPC8atliBGqFhn7qgrwRgEbHjjQm8M2vh3ztcabxBqE1pLera5mgtrS6QvCiyEsF2xH94AOG6rkHH7lXqQwFTDZa6lWonCXvNSc5KTbd5JO1tk29NFc/GnQ+sSq42E4KSlSXJ8MYr92m+WTerTS0srK7srmP4x+I2gzfFLwfq3hLRE0W20FtL+32cagm+ms4VhKsNgXdj5W6c8n1Ph/xKvTrfjPxJrsdo9umo6lPOLbcCsPmHJO0AKDkFs7V57gV7ldfD6DR9abVZbq31rS4Ehka+t5FEkeoXgEy27oOWaIE7iRkAYHTI8g1+3UavqRKM2+Z2IYg4VgfxGOAc8YIx3p5dQwrnTqUXJunQVJRmpNtKUb+Utduu7XRHVicRWpUeWo4XlUVRuNtJ2irqKVuW2tk7NptLc+cfF9jcXKWEMYIDMryqC2WCMFJJx1AHyjJBJ4IFcZd6etvuCqHZtqhDycHIJByMHg55KluevX6Ov8Awyt8+6NVUW9o0pIcBgTzkAEDgkAA4HPSvGtRtUikeDCyyAKxcHBUZOec8HHGcYx2BO2vqcPSi4qyV1ZLqtUtVpd3b1aTWurvY8t4zmkovmd2tU7JW5dtFZtuT663R9F/s1fFLxp8GdQ0fxj4Ogs5r3SbuWWOHUYjc2kxZGSSF4WBV9yll24JAwMZIB+m/wBrP/gob4t/aR+C+ifBDXfgn4B8IyaRfyatP4y0myjXxBqMzMWaBJVhV7e3kLEvGCRnr0FfOHwY0u1m0OzjlcqpvrgmRjlCEU8nOOAePUAcDPFQ+NtHS88QRLHc2sJWyfdIyptZVBACjjp8pJyQcHA458SllOX4vO1iZ0IvFUJqUKyclK0HCymk4pqLk7cye+x9xWzrMsLwzHCwxL+qVk4yotRdo1fZqfLdXS22+Ky1PjS5hvYZZGaQ26CJVEbfMMMcAYbIx7gHk5IHOf0k8Y4Twt+ywi7H3myDY7AuAWIPduWPGe+ME18u23wjl1y6Yw6nY7rhHcGeZYUiZcnplgRjoMYzxwK+vfiLosmkz/s2aC7QyPpgtN3lkFZH3khkILKwPzYBIxg9TmvXzWm70Kd1vUavu+Wl1srK2iWttdL2PJ4UxEZSxLjdP9zG71Tbqwk79NY30i77a7I+GP23SD8YdUjxxFBbcA5wREOgJGSD1wM88dK+Iz8+doLAkjAUcn3ORwM55weM+lfa37ZqyXvxl8QY24EduChONo2AcbiCTuHbr3424+OhpF4QxSNAwfbxIvQ9QcsxUfnk4x1xXHQa+rUGlZeygkr9bLTVu2j62169SsyT/tHFvSzrSvppfSySXbZ6Xd1d6FBmQgckBkz8yjO5SeT83UYBByP7wAqjagtPyCVJYMPlYDn2PPX34APTgazaXe48swozk5+8N2eyjnknIz1GVwO4r1zwZ+zh8ZvFwjvtH8CazPYSRiSO7eFlieNjlWUsBuXIIDDcM42sDUVsRQocsqtWnSTlpKcoxUnZXSu1fprq7vRO1jKjRrVpONCjUqTV3anFya20aS22u/N2epQ8JzRm3ui/mcW6gDH3ucBSp7Y5545BxnNe/wDhZA0FkXKlVRGxhQBknBxnC4HGMc4xnrVXQf2a/jMDeWY8GX0VxEEi2soAYluS2TwC3AzjaR2wK+o/BX7F/wAfpba1nm0K0s451jdYrm6VHKKAeF3EjqD0AxzgHpw4jNMpg48+Owyur8qqQt9lr7X5vVK9tbm9HKM0qNuOBxU/WjUVm1Fa2urdHsrJa22+M9dLDxFfu+4x+YBwAQQRgA8BQQxx36Y6V698PbiKzACjEsjb1coCAM/dAIwAcgEDjpg8V9E3P/BPj43ahqM84v8AQITdShhBLeFZIsEHncMcZGCGGeg5zXbaT+wH8ZbQJG/iDw5DkpvcXYaREU/KdoAz0yfmGB6YzXBPOsk5HF46jdWvaTau+XXS/Z7rvpds748P53fmWBrarZpLdrTftonufOGvMLjSdW1BpUjQuE8llHy84yFHXnOM49uvHF3lxDY+H7bZKGFx5cm8puIGQCABye+QOv1xX21qn7AXxYurGeD/AITfw4DPIpET3aomF7MQMZ4GOOnFVH/4J5fFqeyjhbxf4WcxRoqxteR4UjGWzkE5Pbjpj+IgZxzzJUkljqVt1rLS9ull06LqtCnw7nk5XWAqXtrZxfbX4uvn+PT488A6tbtq97Mx2KsAK8bVO04cnJzu75weeR057jT9bspnu1Yj/XExgjBfBIHLYwOvK9cjHBJP0Gn/AATs+Kdj55i8X+HRJOnyol6iruOcqX4HJHbH3hx0B2bH/gnx8VEVGu/E/h5GjYELDf27EhhySCwzgE7c8DnHPBp51k8ldY6ir2Td33i9rXVr6d3d3XVrh3O07PBTad39npZWbv56a36o+ata1lJD5kX3I7Moo4wZGBUZwed2QMAknjOK800jwxqV21xdNZyQKhkmkZlO4QENkhTgYGVXcOMg84Ir9CrH9gTxNDJFJe+MdNZfMUtCbu3ySCDtQNNhgD94dBk55yK725/ZF12KO4tk8X6BA01obRZDc2wZEQfx7XyvA6ADoueBURz/ACmk1bGx1t8Kk1e8Vty30d7d076XadS4Yzu7ksFNta6yi9HytWbd9nddtdDwHwJK2m+EtHhBDK8bquAGdQWBBb5vqCCeOnTp6Ek4jEMgdSwQMCVBLEFSQADxjoQeOMHJ5Ppuj/svavpNlaW0vjHw84tY9m9bhGDs33iQd+CAc9tvXgjB6GL9n94ZFE/jXRtgXJEbPIcKcbeFySc5zg52k8lcV7S4vyKNOMfrHM4xirqDvdW1+FPV6N313et0cH+qmfObtgZNNq13FOOqW7lqnpd38rnz94uvlm8E+Lg0gUy6TcBVY8EhSCT0yTjkL2wCPT4d0uyZdA064jUSTLksvAZYw7E9+AcnGFPB56Gv1V8R/BLSJtK1Oyn8Y208N3CIJUgtZ2lCOeXTEe4nHPGQMDgVx2k/sy/C60gS3m166uo4rdQW8m8jLMRk8rCSPm5Pckd68vF8V5TUlGdOrNq1rqErXfLq9G15pq52w4Q4grQ5Fhmmns5JOMXy9rrTa62Wr8vzM8iS9ubjz1MSo+I12kKxHbdnOATj0GcDgnPofhXT7lraaOOBBvdPmZvlQBgOWIHXrjpg5OSMD9A4P2cPg6AJjNPK3mg4Z9QIYgADI8gqcDGOBwSOCa9F0/4S/C3RbS3i03SoriQOpkW4W+YHLLhvmg4xg8HO48HnAryq3FGAtpzNWb0Svry6K/m7fkmbx4Iz20VKhGLtrrrql8TcdLX30e+lkfkj4mLWXiq5imCLsgtiY2CEGRSApZeMBiOccY6jFejQeMtSSCGKOe1tVSNFRV2srEgjIyuFIA3Y6feJ6Gv0O1f4A/CfWtUutTu9MgTULoRRqqpfLCip0C4g4YZPU5OTnC8DTtf2fPhOtuwOkW3mwbdrKL9yzYBVtrQfMB05Ix34zXM+JssnGCkpt2VrpW2VrfNtrRW2e1lUuCs+lOKUYqyXM3Juz92+y3s9traX6n5+aRrN7eXVrBJdwTSzvswIw2C5VQSB8xB5XJY/L05Jq38XfBEOkeF73UYrgXDXEEguljBjRCw3IqgZJO4dzyAABxx+k+i/B34X6ZsvhpsMdxDtaMrpNxNgp9wEvCMc5HAz3UkVc8T+D/CviKGPSrrQbm4tPKZilroEjxzErjEm5cqcYwcjGDweowjxHglUg4X5b3krxvtFfC9L3Wjut+i30XAmdOSlJpWcdE5NPReSS3tslo7WPxF0maSPSbGK1ULMIm3hwWVlxglVOMnnn6gZxXodtqXiZbWwgtY4bZdoZ2UBfMUZJdguMADoMfhwRX6hw/A74bJDth8Ea+LhUAQw+H/3anruX0JwRgDB4PGDUk/wk8KrElvF4D8RPIBsD/2GBkAE5PO4HJU8AccDqM9kuJcA2k4N3SSvKOl7a3cmr3Svpy+W5ouBc651P3UktVd305dlZrbre9m9WfmM+oeJo5WlkaCTay75XUArH1ZhnbkAZYYGQT0zWf4tun1XwtfS71vLk3trGoSMq6qjKx2jAJxyB1B6HAr9Qbn4Q+FJ7FbcfDTxW80wKySJpAU4IIDK28HGOQfX1PFZ2m/BXwbpaPbH4T+NbqUhZZfMiKxthgQyAnAcj5c9evUYFKPEOBUrqCvdN25Lt6J7SsvWLev3OYcGZu53k42uuW6k99FZWS/F20SsmfllH4w1HREjkj00XkcMMULLLGYgMIBmRTnOGB6Bs4J7jOavxK1y5uXC6dp5iSdZY4FTqd2Sudp/DJJABOehr9dh8NPA6LJ5/wAB/Ed5u2gmePdvBGAXXbgleAPukHHUHiSy8AeALdj5P7PGsJIm3cg0qKRt2exLDPXng+pOBxcuIMrurUp3ajaTlBP7GifNtprppod0ODs1jF81eMEltGE72stNlpotE7aXa1Pzu0H4lRzRSfabOKKXywXSJWPluBnbjC5GfvEdPmIHavLfi1qg1G28MyrbOZW8QQS5jSTCIjgjcApIGByCOT1AyRX67w+FvCcJl2fs9ayiq/mE/wBhW4J284c7+p7dxn1NTatpWjyLYvF+zxrSxkmWInRLdjujHDLlzgfKFJADKBxgnAWG4jwVOV4UYvR2vUppa8t3vbT79G7bCXCGPdnLESk9dFRqNWbV76Po+266Pb8qZdSa9yAksYWSAsEt5mL7QoBJ2buMHj+Ln15+l9K1y0TTbSFILmYRWMWSLKUESFCCFBjHy5zzjr0PAr6yT7PBDNIn7PWuMHYkldMtk2MDxnDnpgkgA5w2PfTtNZ1Joy8fwI8URZUo221tlCBeFC5IPGMfQ4wCQaqpxNhasot04pJPX2sN9L3169LXfR769WC4VxmHlLkqVFKSV/3U7q1ne/Zt6v12smfHEmrXr2kbx2OpCOInbELCbZtIIJJ29TkDnO04JBI4xbufXJ0/caTq37nT72VUFjMApMLhUJCZDHIxkcMcA+n37b6z4pmto4bb4G+JVVJFCK0Vvlj8oyTnJ3ZzgnaeRkdsnVPG/i4atPocXwg1eG/WzAli22yEwv8AxMEbCtuOAAcnknByKmjxRQhKXLSjJR0b9pF2Tabk1forJ7pX8jfEcI4mvJSlWqNrlSSozXvPlej6O11/k0z8ifAPhr4iXOq2S2PhjXo2e+mldhDcQlk80knLKgGOMKOo+gFfXcXhH4uh/wB54c1GRCU2S3Dys4A5GDk7SQM4wASeCwzn7Ag1L4jQTQRv4B1yyiSIOHi0ixleMnDbFYSgt1wSeeuQCTjF1jxZ8XYbgxW3h7xSoWQAf8SKz2qDnAY+eehOCWIwAc8AA0+KcPUStRo6yXve1he/u30ez3vdX0XqZw4QqYeMnKVflerXs3uuW/lon8n53Pn3/hBvihN5aTaDqAIUuxVpSDkcA9cAKSQQTnFTWngj4iWfmJa6JdRSPIhdzM6b/UHPy8nspwPfivebjW/jdLIjN4L8TajA4UMD5GjNgqCQHikJI6DPPGDuIY4pXl58U9Otby+uvhH4hnS3tZLxi/ieQgrCpdhgYDEqcgdQOMcLnNcQ0XL2ajTU5tL442V3FWTUr3e2yu30RvDhm0Pae0q2Ubr3ZqOnLra3Va817vXax4X46sPijH4X8Q2d/pmnRWdjoV69zLLfxLcw2/lHDbfMzISCeOvPB3V+NPh7TJJLq6mZiqme6CDkkHz3BIPTsTwenzepP3R8QfiT4r8c67rGov4A8T2drcRSWf2Gx1SZ4MRsVaOdAwE7ZBViQVJbByMFeR0SwvrSFFg+Derp5pLh3tkcksclidxbLMCSTgZySRkZ/Rckrxw0VVqK/NFPlVla6jo3fp1ab10Z+Z8Q0P7QVTC0asoKLcVKSvdJpO6T/K2+2h89HTVSRpBISduCzKSxbsD8mcNjnONpzxzVKW0aJg5CZP3vlOepIJUqeCM5IyvPLKOK+w1s9acLt+EOojcRgSWUWCMHnJYduh9STx0q9caDruxZf+FN3bFiMM3kAdm+6HxjOABxj7w9/poZ1hlduErpppJpK+l3u739dr+af5/U4PrPRYqVm7/A203y769N2nZrpfQ+LdSgiO2WKEh4ogsjcjLkZOSueAef9kY6k5rjY7SYSnfnB3SAFWwSxBwSQMAcgkg5/wB0iv0GtPDus3MZZ/g+UXaxIcxZHGOAz5xx93nHpTl8F6jdSKh+FtvCFBDeY0KbhxyWxjHXufx+XBUzvDtKShpdJR5kndtLbTR2trtdWd9AocIYiE1au3LTX2bSs7WSak/knq23p2/O6e1aO1nmQqjFyu4scttIJAGOmO3HPHuMLw9CoSeVpCQsz5AByd2PUYzkDK5OQcYJya/R/UvACIvl3Hg/Q9PcxPtSQtcPkqcfuwjAnGMYPGTjHNeceHfhhZQLdLJf+HLaU3spe0ntZGMIcliG2qcLjAVT27gNXn1MxoVcRGUo8q5bWbT1fKtPJveyfW72Z9Ph8qrYbBexhaU7q7dlrZb6Pva/lonc+JtSsluJS6xHHAGAwUAlh0GQeDwPmxnqegiTSY9u0EhuDzliQCu4A4xnuN3bjOM5/RxPhrpACbtW8Kjdj5f7Ikkz36+Xxge54Xjsavn4Y+HmjAOr+FwzLj5dFcnAIy3+rHueM9s5yK0eMwidm7rSzUZNWdtu3a/fpbbinkmMqPm54xaWsb92tdFZ32++1tL/AJtxaepddxyqq/I3E4OOoxgdckkjPODg5q4dOR9q8AHI3qWBAB3H+HB465xgEc1+jq/DHwsF3f2z4d/uZGhscZyWG0RjPXIJyAvA4Aqc/CrwaFCN4g0FZJMHaNDkxjrhR5RAJ53DoVyeO1LFYN9WvO19Pd08tH+lkx/2VmCS5akHbo3JP7O931b6eu1j85k0tQ8cathD8xddzED7vOQeWxjOc9ec1buNMUwsFjViMqDghsEjjlck9T3z0PHFfoWfhh4PcM3/AAkmiR7couzRZCCRgkgbOR15wT0+lRn4Z+E2kVT4l0kgLwU0N8E+pG3JGO49/QVt9bwaS10a91SVpK/Kvmrt2uvlveHk+Yu15w0tbVu+17p3W219VrZn5xy6RKoUIoACgtgMSOCNvTOFwAMDkYGORU9ropZt7q5O1lBVX++Bhj0+VSCDjjnjA6V+jrfDnwfGyKPEGmEqMAnQMhjjHOV4PBIH5nrnTsvh14O8oSSeItMQxMWKroJBw+MgnaQAAN2OSehwBUPE4NtO7Tunb5xu7tL1S0T9E7XDKcy+FTp20vzN+Wmtns3ounS9kvyn1HS7o69a24gZXaIbC4ZSV7FgSMA5GDkA9e/HdWfgC6u4vMd4gPlLMJFB+blgo3L0PoevQDpX3Z4g+GXw/vPFtnDd+JLdIo9Ma4F3BozAM25f9Hwqg/dyN2AR8vY1vRfCf4SRQgp4rnY3Cr8o0uYAMVJOPk6H0Gcjo3UnCnXwsnUb5pJyukkle9ru127d+p2TyzHulSj7WmlThaT1d7W1Vld3Vlp+Gtvz0/4V+8Rk3SwKeqESqeAQCTgDLYIxj7oIzxzVdvBExWSQywnug84ZIB56nqWHA4HpX6ON8MvhGgVG12UooAlX+y5ySCMk58tdoOehPJ4qwfhp8G1TYuqzsyjcqDSpmBzgnqvOR0B45yetbrE4VaOM7JK3Tt27rorW6K23JLKsfe6xEJNdEnZLTfR2W3y7I/Nh/BRigeVpoDIVQxx+Zg7/AOIgqWyOeSeD8p/h4wJPCt6ZnJePl8KNw2nH04b1PGBtAOMCv1MtfA3wXJm3zXzvGAoRNBkZSR/EuAM5z8wP6c1of8IP8H2eFhFOVxuLP4cPYjA5BJzk/wBBzzDxeEbuudJpJ3b0b5b2Wr72fXdjhl+ZwuvaU5apa819HHya7LdXPybk8L3ysoUwZLMSNxAJ5PIBAGN3QjJAOOmalXwteOFDtCpjHO0vtJLYGNoPbjk8EYU84r9aX8K/CaA5itbRxGSoM3hraxZgBxwwyMHBJBPJA4AGnB4Y+FiwF4rC3WTarDb4cyp6cHIwVJBGPzqHiMJK7jKTs17rbV7OOl+W99+t9DZZfmUW3zQtpd3atblvd7rs7Pddj8g/+Efu4pQQNzbyQESUj24KAZbsc+n0OVcaS76pb+bb3TsqMzLHbyF+DkgKEBOCDuGDz97O7n9kZdL+HcCJM+jyTMCVK2vhpQNpAHyt3IH0+brzmvLfFmm+GrLxh4Wv9K8OatNb3MF1AqRaFDFJJLJ9zMRYBzGQctkY4yMAk5OtQaTtJ+/G2m2zbfw3ur69tbXsbxwGNimqkoSi47atrSLWr110vbda9z8xrnSLt9gjs7tUbI3/AGSdWA5BzmPHHGW5POCflzVQ6DfZUjTrqXLEh/InDHBPBO3AweAQcc/Qj9abiwsXRBF4V8QF8BZGbQLUcEsMZ34AGRyCxI6fKQKbHoVksJl/4RPxAzrz+70S0OxgT95TJnHvhc84PBrWNXDSk7z1erTSs17vW9la1npzd3siYYTEQTSUXs9O+mydk1vo9Vuux+Tp0PUHAVtOuSy9WFvOdqkZwfkIwOnr1z6hv/CO6gGGLG+yWU8QTE4GD90xgY54xk561+stppUDyzsfCWuFdpII0WzBJB6YEgOSDnqfT5eKgbTUWVlh8I62oRWGW0S2Yjj5chZOmMgdOMgA9A+bC3upNp7Ky0+Hp1XTXV321Zn9VxWrTs097vVe5f7TfRJ6/ck7/lG/h++VZlFhdMSMHfbzbgSeGZRHznHXoR1xiqSeGdRyGXTbsvg7820wBZQecFM8AjGeBjJBwc/rRHpsZQoPCurRyqpKudCtzuIPA5bk4xnngHvwKi/sy48tyfDGrAsQcDQbYjgYJbODjGM5BIPQ4wKI1aLVuePNrZWSVrrW8dtHtv001L9jVSSabbV3Zc1nu+vfpfRS3V7L8pYfC966MBZ3qnYR/wAes2BnqB8hUDDA8nuOTxT08L3ysR9lvVSPDDNnNwcHjJi5weQBgDjnoD+sVhY3YDIvhfUOVOEbQ7ZR1yAD1UDGQOMdMntefT9SQbIfCuoYPUHRLcgcY+8CeM4VsHvySKcZUr3504taNWTu7avW6a8m7r8CNCrpupelusdrSWutnfbVrQ/IefQr+K3mLWV2EaBsFrOdkJLbcktHwTyRxtGSe3GTp+iXrJGZLDUCeDGRbTEKAcA52cgnpyRx7V+tPiOyvjot8kng27Ja1fdK2jwxxxFed7cfL90dB755Fc3pes3UmkWKS+CmjEdusMDrpVqzuyfIJMkkkHgg4GAM9Kx5qUaqaldJNq9rv4dGr3ilfTRtXVzqpYWtJO9207Wa2VlZq0t/V9N9Fb82Rot+6lPsNxLhzkPbSqwJHOcJ1BI6dQPqQ5tAu1QAafcueP8AljNkHGMqdhzxg888c8A4/Ty1sL6/RFXwjdMz/M2zSLPepU5GSXXPI74GcZGMZvjQdbkhMkXg6QGF8MkmkWeSMnG5vM5UkjPHHQgjdi4ujL3lJPRe7K2mi6Wd0tddnp3F9TrJ31atstraed27J9XZvTdn5anQr4fI1hMqEAFvJlDYLA9Cg5HG0DPGD2WluPC19ceUIrO4QKCCfJmIZQcrhVTI6nOCOu0nmv1Ti8PeIrk7/wDhDrIkL8qS6XawqTg4LMjMRwy9AzZ57EFD4P8AERV5T4R0SJAp6XkUeWPPzRouEJPJOSOQprS+yUI26PnWytrsrPVbX73QlScXfqnd3im1sr63t2vdr9fyli8I6sX2m0u2WNflxBNyxbPQR5IBA46EZJBFai+F9bcpINKvizDaoFu3Kjpkbc5OME8n9K/Tu28D+JZ52EPhnQI3dMjOp7SFGDjBj7A/iFwSTVp/APi5JiRoOg7UG1CdVIG8g9DsI4HQYHGRx2SdNtNx0Wj99J7p303Sv1b1+ST9m5KPvJaqzSVvsu1o3u3Z381s7q/5kQeC9d8sSHRtQyzgAeSwHyk57cADJIGRjBxyM9VaeFvEbR7H0q9RcZwUZW2rwuTnGGBJOT9PWv0Ut/h146laSQaboSIBwh1LgFckYwnPPbt0z1J07X4aePJsu1t4R6cGWcEgAkjcCmTwMZ2jpngjjVWsrat2taStZWV5O3TstN29DGWHvKLjKXK3yuyV5Nct9L+mjvq767H5P+IPCmuWzxXdxpd4tu11EglZCEUrICQTgkHkY4G7v1APtVt4c1K5tLfGmXRZoYmDBOGjVVxknHTgEBuBjNfT3xc8OeJk8O2tvdweGIIZdSt7YNZJvdZFbCzZ2KcjjnnJI9c1Z0L4VeMLh4YV8Z6faxpaQ4jS0V/4FP7tiQWPOD1z6YbFTh8XLD16kVFNSSumtO7s1bWy6fdta8TlFDGUaTqyklDZ6at2e1nfZPqk7rs18xN4N1uSbyk0a4G6MOBsOC3Yj5s5OO568/7Nc9N4D8SPO0SaReFWHLIjnABOCAAeQMHIJ7YPp+hkfwY10qskvjcsyqEPk6fFgsMZKkycY5OepwODiiH4K6yys7eOr5SRtUraRDBDEZPzcA5HQ46855PoxzKV1+6Sas9G3quXd2va69bbW1OH+wMPHWMpdO92/d8ujva766Wasfn5b+B/ESQzAaReIdwBYROwIIIOcqRk+oIH5ctk8AeIsiWLSLsPtGcIw575UjBBHAwOwHIzX6EL8CtTeEo/xFvU3OSRsC4OfunBYA8nnkngcYzTJfgZs+/461yZdu1ngiVgeCNvJHBOAR39xim8zvGzptxVnruvhS39Nl6WepH9gUm7876Ndui+/pZ72t3Pz3ufh94oZAq6PcA7AFOG3kZ43YyfTBGAOD6Vl3Hw38ZKV36HeFV+UKy4AJxznoQffIGM4+9X6O/8KNt1aNz4s8TO4Q4xGoX5eeF8z5Rg5APIzgcDAmT4IwNCTLrXiu4d33hPtARQMgqYwCMYznAbOevQ4iWPck4+z1aTWqW3LpJLe6vdJab6pHRSyKjF6yk+rS2eiT0TV7u2ttlqj800+GnjWZxGNFuAqsQuCAMdQOPUDIG4ckDPY7lp8LPHM0cp/sudCPmVXKFSB75wWxwAAwB+gNfoSPgTaxyiT7R4qkfBIzqJQjOeXIfPGeBgD1wME1v+FHlXVEm8UpG7FiV1QlioPAxu5XJ56Y4GMDnB4vT4N3Z8qnfZfDvfXv8AK+66f7Ipe7ZuNrXbW7dkuq6+rW1r6r8xPEPw/wDF9tb3sk+iXJSFGLH76RpuzkgHG4sowM9s9Kv+Gvh74tvLGzeHRbp0kj8yN/LKtwON2CD1J5zz0wSePv8A8U/BqCx0LWbwz+IoxFbuU869Mkb7AciTcSCWyVI6bc5GBWF4H8AtfnS7ZfE2qWBms1LRxxhkiUgDywejHGOeMcHrk1kq6VZScGm0rXbSbburO109GvW17O6H/Y1OVP2bk9ZJv3dW3a9t3vf7+17fI1v8NPGLyojaJeK+W+VVbYSByRgY5HUcn9afL8N/Ffyh9HuUUFslQVPORyB05HXPPTJ4r9ILL4IRXMiGPxtrjooMeRGinOOU5YZHX13deCKfdfAKEo3/ABWXiJt7NwEjClc78g78qFIwFIBwR97Jx1PETiotQT3VlJOyTjsk29e2llsluZSyKgkr8127qSd01pr+Db+eis0fnCfhr4qDW4/sSfhflLKTlTnBI684OM4/2h3rb0/4b+KIFMz6NNvWVSrNkjAY5XpgcHPoQSMZ6/oIvwAUywKni/X2VV53Y3YHYYbIPcjOevamP8CUUXIPivxCYgwwoC53dQzDcM5wAqgdSPm3E0vrUnpKHLzfC7WXS7bk7KyT76eRCyagpe7zXvdJ268uq1s9ElbW19HdtnxH/wAILrwhlkbSpHaSNuFBVUIBzxkAH16jkZ4LEc3a+AfEy3W/+xpQxYNwrHaDnA9wTljntx3yfvaP4KLO4UeJ/EphjUq4IVH3Nk8Lv6HjGCOcEZxU6/Ay0t3jabxB4plbaxQxzEEhcnDKGOBg4P0zz3UMTyW0ve3NpdJuybXvNvV+uui0Llk9N8t02rx5XZNK3L2e+un57nw8vg7xOWkQ6Synaoz5bbewyeBlMgDjHPGOhqjP4S8Xx/JHo8rPHlgQh2sOmACMhQOMnk5yQ3Ffd1t8GY5FnP2/xTIjOo/eTEMFBOOh/AEEHHc/NUsXwSid5xJea8gc7WZ79tyjA4KZyBtwTjpkgE44arybu4S62dne2jV7b30u7rbdWI/smmtPeV97J3WkbOPTXW76L7z89ZvDni6USKNJugyoV2rGBvcgjgjkdQFA6jBzjmvPfD3gDxPJqF6brSL5FilkaYLGW3M5yAqgnJA4xkABuBmv05f4IWv2loxqmuxqXURFr8gKehZ844CnGSTzkADofO9K+H0Fnr/iHTpNb1OKS3nAhdboyN8xLea+0HBUjjp1x6heepiXCUJtqPI5e7aWraWyvvs3qktb31vtDKsPOE4vmfPo207vbZNpyt56XT3Wp5zd3NnF4Ds7i4JhVBP5rI21kUMobYOgYDAXnHOPumvBLvWfCF01wwuL26mTCJ9olcnaNuQpYklsDsdpBwSACa9U1xzL8LYPMY73+1fMepOATt54O3OSCemQMDj43uJAskiB3J34YAAYB7KwweccsOwPFYZvCjVqUXySt7OLcl7uyi7X33s7aq+6OXAYhUlVhFp2qPrZPbbrfr63toemX+oeDkt9kdldSXO5snfuXeSQD8vHAx0zz97Cgmvqz9nz7JLo3iMpE6250WfALElQysTwT8pHYHOMdcnj8+4ZTGzK27axIALgklue+Mg/dzx09BX35+zK0Y8N+Jhg5OkT7y+TtLRtjrkjqMgknK8ds8mHpKElyX1jaza2sr39bK9rO/lv6FKr7Spra6V9FotVa1ktXfW3yXQ+TtZ0zT/7R1MJLK5e8uOr4jyZnypJPp1wCckcc8R2/h3TpbWSVbh0nRCAjuFhBBPBPdj8vGCecGsrX/NOraiFPmRpf3Q/uggzNwM9D0wc8YOOlZiTqhZWaXLAAKjtg4Hy5xx8oX3IPYGsVFRnKS0bupLqtm7N7Pdeuq3MHiJqXLytvmurdOlvntq3dn01+y7C1v8AFrSoVcLGIpBIwcuCdoO7I4ABPAI4yoBwBVz45vCnxI8TrO8kiJdbRIGO3BAHCj07HpkjpwDn/syalaR/EnTyAsayBEIPzMXORnOCBk8cnv26Vk/Hm5kf4neKDubykuyU7jHBGVB6Y9Twcj73TOny3k3dq9k1bvF9rW5XfvdHXiK0/qlO19Z3bb3V4p2S/wCC73tueZ30Xh+a0kWUz+aFLhiN2GAwuOQTzg9gTn0qDwXDHH4hsChMpaeLyVIABG/GMDIznnr6855rOeTzYAWKc7hle5IYcjOTyR0woHGNpIrc8Eo8fiLR2dwS1zHtCjkDdtByuOQQAMZ9+1aOmlKOiSune7aV3BK1m7W25rtu/U46FeNSpFNLSUbLdfZS6t9N7aLyufWvx3Sabwv4FX7OXciWEbmOFBGCqj5cY5BxyMAknpXzHBZNavOrMq7QQUPLLxnHJ5JzjBOD6V9e/E2KaXS/AzykqiNdEI2X6IwBxztI+8SOOT1JzXzdewRTT3Uu0BjJIRkAZTGAxAOT0OcA8d+9cWInL2sl3lJJvR3916NNNXTtfZ9e50Y/li6beyXRPWyjbsuuz6b6HFQwyJrdoyvgNJbn5QAQQ6gZxgAc5GOMnLDrX9OP/BN/4O+G/ix4E8b6Z411i303StP0RLuxN20SQXV/PbeXGrpLLDvAZw4UMcAZweBX8yx8xdYhK5YJ5IyhI2ksAPfA5Of4R9DX9Nv/AATd+AHh/wDaJ0jWvB3iTWvE+iadp3ha01r7T4evZbK6e8h8sJG7RMu+EnB2lumc9M1+F/SAqxo+GmeVZ4yrgVShSrSxNOm6s6ShVpNSjTb96WnlbW1tz9K8L5/8ZBhVCmqnNGS5ZaJpx1b0dttLJdPQ9fX/AIJreEz4wthffELRo9N1kQpJqNrq8Vr9hZpVPlrZpMYyY0JLlpeCOexr0/4ef8E4/gZb/FzxxpHifxWnizSfDnhPUdU0q6N7bWUUl7Hp8xV3nErmeFWwCmAWIyBnFfSF/wD8EzPhgPBV3qNz8UvH0ktpdqqI3ia5hBkmH7uMkMfLlXIDfNltp54wPmT9qr9heL9nTwa3j/wd8RvGer3Fn4TTVNQs5fE11LHMt9LHEIbmUsQ0aiQr5ecMcnJGc/wRk3Gc88ll2VYXjjNU8T7OCl/ZvsVNqpC/NOM7wTacW7q8d00f0ZPL6FGricRLL6F4RnJxc1e1otuKas2k+ZbdrX1PDvgxFoPg/wAT/C7ShqOkWmnaX8ULm3IuLiBbK00+K5dYried2IVHABy4ZT29B+0P7XHxA+HfiL4OfEmLwj498EX1wfA0VnLp+nT2H2+9u7cw/uLTymLTEkEkhs7jkccD8Ifgn8F/DPir4meHvDPjCDUb221y00TU7iyhv5C0n2oxlikwYGMOGLOykkgDcelftx8Tf+Ce/wCzv4I8DeJte0TwlqNtqth4Xm1bT2j1+ea3STyfMka7jMrbm39FYcHAGOo9LxfpZPS4k4TxGZZtmEcZh6FOdGnhqMJwrqOIo/xHOrF+9LRq+3cwyWpU+r11GhFU6lWaVldxva7fRu2u7tpZ2Pmv40fFDwRqn/BPrSPBkvi/wxe+KW8KaVPcaHcywrrfm2MqJ9iitQ33l3ZCgg4XPrX44+O72PRfBXw2ubj93v1q4kyg2AIpR/IZEyu7CsATgcDpk5/enx1+zZ8CLT9i2++Id34I0rTfF6fDYajZ6hqMYlvJtQa4i3XNo3mjYxwSmUIxnkkE1+LHxK8M2178Ivh47Qb4dQ1t1SXZtdBK2zaHz8gO4EYwQcZOBtr7TwQxWVwhxJQw/wBdVOrmeIqV5YunCHNUrU1zKlGDl7qirJuV7voeRxFRr1J4f2fIpQceVysn7rUVK1vhT13tuz9jvgl/wUC0zT/h18PrDTfh/qF7DpOhwWV7cXOp24Ny1mmx5FBnBRV4KFlGBjjOcr8Tv28NB8W+BPi1pOp+A7y3j1DwJrMFnJ/aUDvG1zC8ccpAkZpIk3HcACcA5HINfO3wD/4Ju/B3XfBfg7UvEHirxNoGpaxbXN1c28mrSLCd6q6rEBOAiSbwAFXI49OfJv2gf2JvC/wk8CfE7xDpGv32oX3h7wpqer6RbnWZbyGTTMEYufnZXkAxiM5x74Ir8wocP+HmJ40UaNTGPGyziLop0q3I6scQm0puXKlzKzvFLZ6XPo5yx6ytyq06CjHDc0pRfM5JQu5XVrXWlmr6aNK1vyA0W0lTwNp4hsldZ/GEkkTI5IbfdvMPnBwQu4KTgj0BJw39EHw507RtZ/Z48Fao/iKSbWV1C1hudGttYtoSlsI0QwtE0qyCRgDggAqThu1fzt+FNRYfDPwuPs0h3+Jy6LvIVt0o+UnJIGWJ5GctnjBav6O/2ef2W/hH428DfDzWvEGj6okmoy+bfzR61PaiTUTbqYjBCsoVY1baSoXOenJyP2T6SUsFhci4dljMRicNSpYq3PQpqpLl5KdlJSnBctknfTR7dD5zw1br4jMZRUXyqUrO7057q3Knrpb5d3c/Hz/gqho/wuj0fwLe+F11RfEw1q+i1e1vtRF3JbwiOJSp2u+E3E7MllA/iIxXnPgoWkX7H3iN7C7nguoRLJGCMl2EYyqHg8gZAA5P3elfVP8AwWU/Zk8EfBnw58Jde8N2GoWl14q13Vor+S5v3vRcRQbDDsMhzGyg/ORnOfTBryn4K+D9O1b9mLxRDf2okhTSryeFGbG2aK2LxsQQM4YYzyMA56gj9C8Oswyyt4V5NXo4mtWwv12MVWqpQnKUa8Fa3M0kpOyab0tuz5jO6M6/FuKtFc08HKSSi04x5El3a1jfZ3stuv5EWFzavefahqybMJ5qTDaxuGOf3mMqQGJJyTk8nniuZ8V38Vz8QrGRLqBoY47aOSaAAgOWAAGMn5mwMBsHHHFdbb+C7VYb8JCDLLfTFUMmAVEzcqPvL3ycDhQcgEmuJuNC+y+PNMshbwqZZbZ2CyZy0brtGCRyDtHTGV6DkV++4SOGlCMo1W3Khflb0ty3ei26bNaPSy1PzmTrwmoOFousm3yyVnzPRttq6S2Vnbz2/ejSPjt4Y+F+k/BDxXBBZ67qngWwtrw6I10sE2oGaBEkIibHyoPmZieOOpBx7X48/bW134z+H7Sx8b/De50XwNqN9NeaUlhq8MzXKxjzCfKaQkLHyWD4GMhTgYP5xfET4N634nX4aLp2mxNea3osVnYia48lCdih23jAAx3I4HUcEV+qP7PP7G9pJ4E1yDx14As7658JaALayuo9TmlWS6u7YytdFS+3KBguVwAAR0ya/knxHwHA+U5phs3zCUa+PniZqmlUlGqpOqndKMpRdm7K6smrp7H73w3is7xWAnRp04U6MKKSqShdKPJCOzhK0pJxTtJK+vR3/DXxDYPe+K9V1TTX+xWcni1prB5XVpY4ftO6HewwAqZUM2MEgk89fUNb0H4h+Evip8KvF/jU2s3/AAkOvaPN4YurYC6ee1guYkhS4XKkM0ighSv3TnpjFTXPC0Gl+I/G+nKoH2HxK0EFuGBjgiju2jUJ0O0DIZuSSBk8mvpP4/WkVnffs1oLuK51CN9HeyVISyWtybqExhxk7hlsHJGW5xjcD+v4vM75Llro0oywtfLcQp1JRv7KH1Tmgm1teytbVNHweBwsv7Tx0ZTftIYmlPkbvGTdZX5tdbN2j132R+iX7Qviv4jSeBdXh17wu0L6n4Puo1mtdLt5bc2JsztkkK7mjYY3FlIYZKgDaBX49fsR6VFP438V3E+jwasljot08tjcFVjuc3T8bDnOcYGRnJHXg1+0/wC0N8PvjLpvwf1jxPrc0awy+DJbmH7JcugisJLL7skTLtBbOSN2B0GBnH41fsJxXt54t8cKl4sVw+lN8wONga4ZiCfvE9+VIz2xxX5f4R4qniuFuK1ha0GlX5b4eb54yUndS10krNpJ2evovq+MY+yzjIZygnFuVm9m7wTTdtJJrVPdp3218B/aNtft3jDUBb+HYtNMt1dyjS1cFbQJIwRBgn5FUhuh256kEV86WthM0qxvabS9hOhB4UfeIwN2DuxjAXuR0r6l/aa0rUT4v1BbCVftkTXrT3DTESSFpHGV54Dc4wc5YnAr5Wt01MXVjHds0gFnN5zrNgYKkgEDnPQEZ/PBr+mOEpJ5Thb1HWcacbttpXfLKzu27p676a7JK/5PxNGKzGs+XkTm3zK6TTcXo3fW/RadtHpZ0G2S11nRJbyFcST2yw7GDEFLmMZ25JOQT2PXtiv6dfh7rfiO18HeGIdJ0rS9Q0weHdKe9a4lEd6FECFQjhcggdQAACSGGBkfy36DPI+uaW10VW3t9QhMKuGLZF0mMFvbjGc/eIyOR/UF8N9V0u08E6BHFI0k9z4f0ZjEwZt26BMouOBnGB6ZPU4I+lxvL7GO7utt3rC/4tJJaWW2u2nCs0qtbW2kFdvsk/nrpbftqfL3xW+NE9t4h1/w5c/DTTLq5a6SWDU2jlmGIfnRGkVSH+ZTxkMT07Z6hv2nvFk9p8P9I1LwDoNjIZYNOtpGtnkmNtMoSOUsyERtGrAqRjb9OToeNPjN8MNC1fXPD+u2j2dxFMpkuBp63EqzNuCoJH+b5mGfvcDvwRWnp3xl+D+qjwzYogurq2mJi8zS0MjyKp2YkOSCmOECgqcYyQK8RUrwfLSlGyTT1/mjHklzS05bqSnba9lo2/rW6bqvlrQc7XT1Tg+aKUGm7pq7adtVtotfUfHK3uieGBq7/ZLqKS3858W8Zb7QpVvs8THBwwbg89MDnNfJv/DQlpPq0Fle+BbaOe3m+zQAO6zSzRghZCdvBfHb1BznkfSXiXxFYajpclvqCXcelSMbqF3gKp5BYFAAzEAMdpwckHO7Iya8qGtfCe0kt21O30mK6WcPDdyxIZ9wGN7KM/MRyeVZiTyGDYWGjR5k4UZq8FdybadmntfRXb5Xa7d2npY5sRWq+yjFVIpOUFadrSV43Wmyu047q+hZ1vxxPqfhrTyts9uurXUMr2hTHkSwyqFUHOdo54PcZ64Nfu74Fne68AfDxpAC0fgzTOAvIxHgg5IxznAJGO4zX8++varpKXNtc6dcx31hdzSCxghiKhCZEBMfoy4yBgY2+2B++XgF2T4V/Du5SIuJfBunly7FShCHuuME+nOcE8duWonGa5YTSUvejZvROLVnbVPdO500pWjBykpP3dFZ3SirtJ30d7qz630dmurMkpaUosAVZAHd0UZJPzADqf8AZJB6qec1C0k7yOuIChlQFkGCvfkYyoAIJAzzwAF+9TtrmEyxm8smELgOXjcltoySxAHUkAkA8dDkddSM6UxaWGSYq6O5jmXIRlGRGenzEnBIHzHkHJolHk96ck5OytazTaj59E+mm6tc9CFSNWUYLmjyxSbabu3y2tqlbXolfV76Gnpkl0l4AFilKoR5YjVgynng4IHBzk/N6tnrZuhI1/cBowihFfaV+YsoBA4wOcZx2Az3OMzTtQlScS28SKWKQhmAU/NwRtPy/QnGM4477t5dCe+mDRRhkj3HsGwADyByT127TgZx94AckkpOyaadvd2W+iWnk3fql06eikotNNPS+l0m9NFfTo2/JLa5FdXEcNpDLPaB42nBUudi4QAFQADwcYJIyc8bhxUdvrdtFMWi0+EKshdlJyGXHA4ABHQfU/Lmk1O/+2xWsckEcUaOp27T82AFyBjPYY9x0HfPZAmZEDYYlcsuAPlGBnIJHT2wMHrxEaV5RbezTum7WVn6K+i8yL3Vnflum9ZLz3SWq0SSvdNLa587/tc6rbap8EfEVsbRbVrjULUj5sbwkuSEAGFJAwMYyMHNfmt8PNehk0GGzTzoY7aSWLbNEwaTH3mD7eQSDg4wOuMdf0V/avjSD4RagzJG27UrVmLMTgbgc5wfbGSN2MDsB8H+C77Szoe2O8slwxWXcoUI7HBBbaASf4jjGV9CKznTjTm05yScVzKDcbSW3bXdq90+y0NYp+ytpu03f3krRtZ62tu+9tGunzV8bNc8FvrRs721SK6FsnnXMluZHcbsjDY46nB+U5AOODnzDwrqfhaKGSLQ4pmwl6Hds7FJhYEpxzwcEDHHAONtesfG7w94Uu9dmu4dTtpLpLBPtcbTgCEMSS65Xg5zgEc4I4IxXlHw68OaLc2l09vf28n2eS+3zGfChjAwWNhgEnI5IwBg56jPuYb3qVO8pKXKkr3UUlyqySXLps9d+uqZ8viJzWKneFN6yWltvdWllZXcU29G3d33PqD9mi8B0x4ogxgLTu7Mo6+aQBjPTdzjGDgkD1+sLgK5QEFh03AnJG3knAOdoJwM5xggMq4r5P8A2cQYLKG1BDFbqeNmADho1clT8v8ADu3YAOPzxX1vflVbYrEOTgELxnbnlumAMcY9ckDivHxkUsU+qi0vR+5tpeyba6pPXZ2fvYOX+yQk9Feys9n7u9nfTW26elzLELDaVXaqsxDk9W25zhT1AIH+1gn7or468ea58NobjxCfEYgfVJPtEduZbYNh0LLlTjgg5yD82VOORX2YZHjADNuQAqGAzkkHA6AkZ4Jx949ea+MfG/gbwNrVz4iur/VJpdbY3BjsVZVFtKzkock7QrDBxkZHsOevAcvtpWk0rJKSWn2Vrps/s9b90jjzKTdL7ErXd5JaaJaKz1t2V03utj5d0a+8Gf25pVx9phe2ivFkkMUJUqqNuUFRy4AGCcZPZeePqXU/Hvw61DQrZoprX7SJ5YhILTy2hU92G0BwQB1xkj3yPmzTPhjb2us6c9zcwWyBi0R+0RGJ3JATcu7AySNwzz+GR7PdfDGyijhefU7aOSWZWEcJheJThuW+YAH5skEA5Gele5WULQvOd1CKk3orpxs5dFa3upq9ndbXPAwk5qE1ywTulbRp25WtHZLq0mtb7pIveDNR8KXnifR49CZbu8jnkimYwmBCZN25iQOTgcH+HovJr6Oj8WfDc350xjBB4ltI5ba6aSB9wiGFJjcjdIRknGcbeev3fCvA/wANx4N8TWGtw6jBqJuZ5NsCPF8hbgEqpJGMZ6Z4I56H27Uvhpouoa1dePZtWhsNStbSNTpuyLbdzOjIQoYjnGCCASzc9DmuSUISqu9SUGqbtZ6qEeVtqVnqra6NtfI7rVFG0IQi3b3HZKMPc96MtWmlG7Su7aLc+UPGtr8L4db1IX2rzL5dzLMJYhmN5JGJ+5gBSu4jkggrgHA43fhmmjWKLBoUk13pl1qCSNOy4YoR8zh8/wAI5PHAI5PfgPiP8K2Gn6yReyPe/wBoteJDIyxYhnYv95mzsC/wgYxjsRnrfg/YLZ2uk6TG5kedp3ZhJuUPjGNwOAFPJwRn+Hnk9c6dNYRP282mk43XvO9kofDutL6Xfu+hw4epWeLtKFOFpfFFrms2k19zUWt7dep9a2elfCgeILfVLy8sYNYjsxHaSzXgW5MsQHyrGTlm3NgBS2QSTjNd/wDEK48EyTeBU8S6lDpoUpJp0vLNJPAUeJS+OEJwCc4LPxgmvCtY+Cll4k1fQ9Yub9rK40u1BS3gB23MokV2aVhIAOQQMj17MBXqPxf+HMfj2LwnZy6q2jS6ZbD7LdCEPGZCE3opLH52WMgZ55OQTwPBqxhz02pvSMoydu9na2j01ilu1Z6o9hKet6cVeWitHlkpcrd1FO0rNpbLrry3OO/aZ1bTo5PBt66wSRXCNOZLht7yQBV/eAYwwKAMR3J6daw/D0vw/wDF+jT2UjrcWEsqCclxBD5iIPlIYxqBuJHUnA4HYVP2kbSJJ/hxpdwRPBa2SWcku4xO0YjSMysWG1cgHIZsD6k1kXnwtsfFPgafwzoGorpkE0wuI7+B0EwYIrMFkR1dlJ4PUMc8nmt4xjKjG9aSfMlFxWsr2unsrtO9312VrEUpyU5RhRjJJJa2u3baWjV3tqrrfuWNY8L/AA90fUfD2p6FDpo1LRb37DaRwXMUzE3BwSYFLMex3EHH1xt/D74/2qxftJfEB2i3SXGqyGRc4Ad0GQCMHAzz3HOehx+u9h+znF4D8V+HvGkviS/1GWwubPztODyNbSzllDzuGlYOuNuRggkA9ABX5U/tITo37Snjy7xGkE2oNMRhQqsyLgAHB5PHA4H4ge3k8I+0ko1nUtTi7W3d0rLe+yVkr6dGj5vie88JT56EaU3VSUU9G1pzNLppbZd9DlfEUCXGiaM0ihVt1kDAnACIDndyAR8rDocA8jDAj68+F+j6vD8HdO1HTpbWOzlYskRjWQy5kO1mHO3OMN97IOflJFfGfijVbVdJ0yJZI8G3ufMDMuRvU7RtH8bY68deWwMD7T+Dni2xi+DNhppmjMyQSKrYBXcrZ2r8wwTjBPoVHOAtfR5fSjVxE1O6jyNpuyd1y9VveOm9rrvt+c5tF0cuhKL972kXbyaTs7dEvdTutU3bq/lr4wS3mm6tcvqNvG93cJC4kiAVADjDLwcD+7wuB7jNeKaLqc8Wu6aPPZBPqEDnL5XHmgbSOOOo5OD3JGK91+Mskeoa0Ekm85G0+MuFOCHUgqMYDHdxnBB6kYPNfPMMcc1/ZyQxmNLK6gEsjAqABMCcjJyMDOeD6+/HV9nHFyjGna0laWrvrHRuNvle+1ldq56NBynllGVRpN07JJvmb30tdPTVXa10vdXPvnUYHTSNWe5QOjLZ7SpUbQ0K4ZQOMnJ4AyQPUYr4f8P+RJ8SZhIokjW/kiRZFVkUSM2ScjAwSOoBOeoxg/ZEl6114cnkDPPDcCzjimzwWWED7pzwccdQobPXaB+fGs+KZvDni7WpIbaOR479gq7sEEOWyvG4DtwTznrlqnEwlOdWMNJOKUdN07XTa81rfa90l09PC1Y0sJhpttQU3zSa1tdWTXySvrbprY+4dEu4bH4g+Fo1RJl+1okhMQYeWsnIPTCKcAg54BPvX7X/AA1/Zv8A2ePHXwRvfH/ifWrnTvEd7qFxFJJbarNZoZIJ8+TDYI/zkRBmBYBjIOP4a/nP+Ffj3UdV8f8Ah4MEjWS5N0/nOHA2rkop2jbjBBQkgZyeoNfbngL9qzwv4Iu9T0nUjrdxc22v3NysTzPPpDkM6uv2RiEKnDDp17Y6/iviTw7n2My+j/ZSqPFUq8JuFNKTcLpNau1teqfpuj9L4XzXK3Wk8TXjRpuNlKT5ddFFJr8b2fd2dj1346+GdB8EHXtM8OXuoa1ozaTeXlje3tzNdFoI7d4xAwkGV8kkcArk9O+fyF8PSg3EV2vytHdTYjLH7zTHnGQW7/L2Knk1+nfxD+Neg/FyTXb7w2hjhg8K3az2hgEKQymFy7xKMnYTkEDJLZyTyR+VWhalaW1xcC8uo4RFcO0auud7JId5zjkKRxz/ABFSWzX6RwHh8XhMjy+njIShioUoe2U4pS9ryx5pWilezWi23dkfG8XVKWJzOrOhU56c5NU5LVSSa5XfW17Kyvvu9NP0d8DbIfBPiR5mj23Xh26kyRnDeUT0OQSD6EEdcdAPmf4RQvc387QTeWiM6SlHwcNKc7VPc4GQM/LjtivXfhb4ls/EXhvxjaWdzHNFp/hW7d0ZCoU+S3C8/eLYPYdTgkV8z/DLxxoHhq4uv7VvkgkmnO5Cu4Ha7cZzkHA5AAJPHHOfv6c4vE8z0jotrN3320tfdb76dD4+VFez9nrZaKVnZv3Xo10dub0d1ZNJfYXjiAxfCfx0Inlby3t2EhUMdpwSoORkHGckD0IA6cR+zPYpd6TLLMZGlM5ChSA4AyPmDYPPqecAdeg2tZ8Rab4u+E/jq58P332mCCG3nuVjTaIhgERsOMnIAyc9vSuE/Z78UafounXEt7e2sJkuc7JZVSUIucuFJznnJAxxz1FZwly4qpJNJX3SbbVk+jTunfX17626fJSpqzvG7dnpzXTf3p2ts1bfZ9B+0fYv/wAIZZGUFFj8UokLO2Tt37WUHqAD1GCCcdzk+kfCOP7VoulW0U0bBLWJixGduFIPzbhkkHoehOeoxXC/H+4h1/4XR61p95BfWMPimMtLGAVQsTyGAADKcbjnqPUmue+Gvxc8EeGdLs4tQ1Jmlt4USZIoizhioPBDDOM4BBOe4INa4etH207qyk2npa/LJd912vrbS7sRUoOcYtRV7PXVX5WnbWySS1s03teyPo/46RQx6F8LYAqmYeKCpOAxbdJGoYDcS3JH3s9ccZ3H33StCZPJlZ/M3opMPyjAEIIJG7oARngk4Py4xn5C+NXjjSpPAPwv8bWatd6WviK5uVilLJNOtu6k7QcgZI4JY4yAMnkR2n7cXheAJF/wh18ZmTykPnDH3AhJJGDyFwB1GVHUmuCUKksW5RTcZSWqSUdOVX0s7pfe9bvdb1KaqUKMJP3oxs47Xflpbdff0s7nCftL/M/hSCJVUxeJNS3HGATuQ7ckEkA88dO2R15/SdMdo7OVGXz2UAg8gEMDg8nDYODkcA5Pal+OviWzvtC8C+IriMpbajqd3qphxl1SUqwQHvhRgk/eJxkda5Pw18XfBltO5ngu3R1xEUiZihOFJOMcg9BnJ6gZNazjKNaKS0Vk73VttHe99nr1vfV2KpxjyKLai0lZJ3+Hr5r3bX/C7R7B+0qYltvhzEZFW4i0UKBjOSEDHOPTIwMYAGARhRXSeDZpG8Owu1zF/wAeEYIPcY5Chup7d84xnNeVftK6vbvD8L9WWUx2F5ou+LKkzrDkcuhBYMVGRk4GQM5xVTwj8V/B6WdraPqaSNFAsBiaEqzFmCqQD6EAsTgkfMcLgVcFaq5ct7rrur8ur0sn3S3aulvaptTpJTuqkbRlHRuUbxSvF+Ts2r3a11bZzH7QSqvjPQGG6RpNHsyQo28LKeACBywAAyMY6nPX3jw1axWmh2l07vHdzWQKGVQ0SgRqQNzcAlgBnPB9GwK+ev2mryex8T+FNRth5kY0C2uYsrhcBjJGpTad2Rt4IA54xya8Uufi/wCN9Q+xxrd3NvaxvBEltbwFYzl1C5AGdpGMjj2PFRVg6kXLW6s16Llva2vdX0u/Jtl4SpTpKzSvJQjyu97aJ7Lr1b0u9btHt37RF3OvjPRZZpVlkl0KzGMYGzeBwMc8c9OAa+1fglqiXXh7QrW2tTPJiFomVdhUiPLqr/dySMDkZJHPBr4X/aKmZPEfg2WeZWmuvB+kzMQmwRsypvGNoG/Ock57sff62/Z/8Z6MLHRNEi1G0a/ieDySuS7b8K28kAhgScAjJ2/kqM70alNcz54uyf69m7f+BfMHTSruTldpqylvrum+l+nZ21vc+aPD+p3Vh+0vrMptncv4ivIbiRxvaNDIxO4jgnPAIAByQcCvru0vLa58a+e0gYx6hGEO1lBVsrgdCck85Gcew214J4biS2/aQ8WQThLhDfXMjzMgAV5VZmYZwATu4wQAvQjIr6AS1gtPF+mGMSSpc6mkm8oOMDLMMDawBzweMjk46+VeMKnKlrFX/wDSdPye2j0W56jSnTUrq122no9l3Wq2bdtNeuh8TTz3y/Hrxaba1t7gPrrrItwx8pUR87iWAAIxnnn2Nfd3hzU7meUsbW1R10DVlWe3ABbFnKCgAGCVA5Ix8oJyK/Ovxh4ml0n4ueOzCIiH1mYKXIUhg7EFcE8kHH3c8j0IP0/+z142vfEniK4067lby4PDmtSCIoCFH2OYBVcjnAxnoSOvNaRw1SpKFSNk04tt9bct9LbK3lureajXpxoTgndfe7Jpp6W0fyfbR6/Lfha+1C21/WPsNtDPOZ75nV8k4MzMASOhwQcNkAnjgCvqD4C6xf6l44XT9XMFuq6PqLxrEC0qq0TERsTzwc4JznPoOPmjwFK9v4t18SOgR7u9AZwGXaJyMYJJ3LgHaTznPQ5r6N+Dl1a3HxTlJljTy9GuwWVSAwWCRuoP49iTjk5FbzpNuLbUtZKytdPmXntbZO/pYxpVOSm7qyk2mrJtq8b2b0uraX33V3c+LdQm1dfiLr9vp8NvIE8Q3RRGTDKonPzMOysoJOAOcn6fov8AAy6up9O8dW+pG3SVvBN+I2j+9gQEhejAhSCoz16854+FtGiSb4peKpWYNCdUv23hgCFMrYK9s8AZBG447cV9m/CC6thqvii0jKJ5ng7VFUZ+9iF+NwJz784J+78oxWVSjO8VdX5mr3V76NWtpe9/S3mmbUpr2c7xbXM4qKtq/cabfTX1ejsfnyuoX51OaGLUJ4bVbi5jKCZhyJmYfL7nBzx1+pr9M/DtpNp/wFsL2a5uJZNS0TVonmZi8IgWM4GOcdByfXPUivy3uxs1C6UxKjLf3SCQZUszTOTkDjB79wQCODlf0v8AB+pvrXwgsNBWJ0gsfButTyGN90cjiPKEjkKf7x4LcD1pulLmg4uySs2tNpRWtrJWXS9tOlwhOm6M+d63jyxuk73jZNOzXR6d+vX5w+D94J/DcubiWGAalcQ4jdy0n71hubBGO2c9Qcnoa+nZd0vwq+KS/ZZFeLQYgjZLbgoA398fLhgBzk4z3Px78HtQbTPCM8c7xRuuqXZSN8M8gEjmMgnJAznjPAzuxkmvqfwhrE2qfCf4wm4uoPMi0Lc6YBZIgOeeCTjGMk8dM4rGXO1JJKya6KTaUk3dWerT6PvoapxlTi29XfR2dtrq2vw6PZPs1Y+ItJvEaxKuj/NIELbm3EjkYwB6dT908FcEmvr3wU239nH4lOsk7yR6vZcR5VNhYkJgAAjgDPYkHIxXxzpuq2cNvBAl3CZpGVmWRehzkjDH5SegOMYOBjOK+svBWro3wA+Jy28jyRJc280qAKmBEVJbPUcEkDAPuelazm3RjaLVuVJ20Wq1303vZNNaLY56Cpqo3Kd7ppJW69U73bs+rVrO/U+pP2Q7MXfgqJRdOXa4eZwTgLsAKr1yCTnjknbk9M19K+PLqHTdH1tpJIlS78NajEMoSTJHEcMxHPoOg+vFfl/8Dv2sPhz8NPCj6FqdrrlxqH2h5xJb229BlQdiyBh8pySO3c5BzXsv/DWGi/Fqy8V6do+gXenW2ieGr6Z7i9PzTpLGw+VQTtcEA5DZ9Pb5zGYStVre05dE463bTV10cm0kk9F0butD0adWlyezi4t6apNqMk0rN36JSemmvkfT3wKnit9Ih16yu7tprQWiObVmQ7WuCDv2YyGwAMcjPPBGfOv26boXPx6s7qdZpVuPBOnkGYFmYNapjBPIxk5PcE+ma8f+BH7R3hvw74ah0ee/U3l7dqskTRncmyVSilsYIPRO+c+1eqfty67pd/8AED4beIhdRQxa14P0xGuZV8uIbI1Zhlv4cMATk8gnb2r5Xg7JsZl+bcUZhicO40cTCEaMnGyla+iaWu+9302ODO0q9PLadConOFVOWrvvT1td2T217rsfH+oWt1Z+HbR7SzRDb3gkuWAyWWQ5UOOAwxwefUE4xnx3xfL53hnVjPCY2lmyqnIH3sEgHbgZzkcDHJIzX0J4r17SZ/D+sNYX9lMIIYdojmjBeZVVWVQpJIwAc4PQgjOTXzb4pv5r7wu0zICrSRRylZFKkccqAeOmGJOc+vb38Kn7OXNG75no1ftb4tWlZJtJXvd2d2vThGSnBJpxSh0bTtZdPR30Wr1R4VFZMxkYbnMaZAQngYODja3PJGCRt5JHNZDQMrEupKZ38LkgH5c9csxIJboQPrz2ulO1usqybVSVmGSu7Cjpyw3biOMnryMjABx70JLLIqFQqF+FUjcN3A569uRngkE56P2bunfqrr1Svu2nqm1ut1ZaX75Nx5G21d3UX1dlG1r2ur9G1vrZNHMNuUEBNyPIdzNwAByDtzwSR7k46U/94hL7QqMCxzzhcYHXA3HsCSeOlabgM0Sl1A3EnhflwcD5vQjlffPHNWpkBi8tsEMpyVAJGcAZI6HGOmfU9KpRaS5Xo1q9Eklyu9r63d1o7P3bbWTdSMElfpHRW0Wmra+J3d3bvs1q4NCffqVmjHe8tzEAcHC4lBwx5BIBJwcdeAAK+pPjFGs3/CPKkaiRdEtVJJGWwsZwD1wD970PXg5r5s0GBG1CyWNGDR3MYJIPXzl6gDr1PQjB5Jr6s+LNqrz+HDGpQf2NbKVMZZlBhXnjPzNnk9RzyegE3omr+Td9LJOzdtU9Gn0dtkYqcffk1dNQT/8AJVK212rq7SX4nhEbz/ZwGk/dBlCqQSD1HJHOOc47naeAAa6e10xrjTZJixdArxxqmSSQCchSMjjqQQcDGM1iPayJAIvLZtznDlWDDHYADAJIHXGQeT1J9A068Eek2lq1uqypHKwcBgF3jAZvl7jAAPGcYHatKcHJpyS3Sd7tp3XlJWu/s2etvI5pSc5RVk3dJX1v70XJPTbVtWt/KraHmd1E6GBlLqB1Vs7tyt2Izn5sAZA79yQcua5uGkJdjsc7TwM4B4yeoPAC4/i5z0FdJcRzJOpZ2YEsWBjYbMkjHIGCAeO/41Rlt3ZvlR8I3mNhWCtkfLtGOzYJA54Hy9CMpxvJLlaSSukt2uS3pe7Wl9trpnRyzdOKTtdJPp9mFltdpu6/NtI6q8j8/wAOrbxwOrOLdn8s43ICBuZV6AgHg/ezjHWtPw5Z+fdNYtKQjsqSRyfdWNUJZST0DALj0A7HpmWGshbeeGYEP9mWNFVHA3EgoQwXKnr+v4SaHrT2N4ryxpI8lzkZ3AMgBVi/HTBBXIHOcZBrTDLklLnSs9L76X9NHd3u073ez34MZRnKF6erulrZq8Wrq8bW67rWzWt7n6hfsu/8E1rD9o/4GePvjLq3jS70Kw8P3eoQaPp+n2vnbp9OhlllFxg7trmMLu525OBjAb8oNZ8OjTbm8WC5vZpdH1e70uKNmcAx2txJCzxrnB3hQcDgZHHQV+rnwC/4KO+LvgJ8EvEPwa8O+E9Lu7HW11kJrLyhJEm1eJ4mMkbIAwiDsyuWJJzgZJr8tlkvta1dFupUQXGu3NzdShinF9cPM4U9NgL43NwAo5I6/NZfLNPr+Zyx8o/VnWTwcEuZqn1avaycWr3e99Ohw4CnjKVecq7/AHbS9n3i7py1vZLZ2abfzZb1u12aFo6nzG83DSAnJBPzAEZHQcgsxOCQv3jXn9wUt5JCUyVbIznngAY64HTHbnrXv3jDw9aWejqltqNvMLe6CRQRsJHkRxuALAHoWYk5wMYPGK8LktGkN2JTtl3lUXcfm/ujJ6+5z0GenA9aEZT1UbJvbtbbstNlovVWPppzkowSd00ve0eqav367RTV9UrX07TwFqskGm61ZFEJvlVIlkyOG/iOGGf72TjDY6ck8rI0guJN5KH7W3AVWA2naQOTkdOenTPPFdd8P9PS0a6k1AwsjwgRea/3DhgHUYy20ngHqwAxzmsaKxzeX/zrGqyvsLZOfmJByMjkYweewwO3H7FRxFRySjdJ/PRNb2vby06Kx6LqxdGk205JWasuqs20raq6aXTXfW9K9mkVI2jAjPmAGTAGflGOhJJI79MdTziopVeWBBK+VCMVJ/dkk5xzwCMnOTxngkgZpt/bzOVUFgqzJ1Y5YgjcSAB9B0yO/HHd6vb2l1plkUjRZVt2EYRQSoEe19wABXvjJ64xgEUThqmm5WXWzW61sm1fS+y6K2pMKsJJRvZO1uZ+7dW1aS2vay1fM9XuzzuwhCGKRQgLSBT0Icg8HoNvUE5Bz1IHWv1q/ZWvUsfhSImNmjPqFxMLh4Y2ZpBGQsasQX+bkZ4Poc5I/KaCzERRnY+TlAzlGUhjgngZY8FlbONuRyea/Tb9l2LT5fh1JBLLJGyai4jlZl8rIGQx3MMAD7xI5zjqRXDi6SlD37xWjV2oqUko307Napt2T0a1PTy2TjUXIo3tpfRfZWmqVna6d97GJZWFxdeLfE+orFB5oeSSeQQhduJ/lIU8AkcqQMHG08Hnq9Vf7RpMyKigLbzb2MYwWMXzEHPU5BPAC5zk9DlaZO8OueNI4bg3C/ajAzR4UEFyAQSOx9D16H1u6kZotMvoy+1YrV2VVyxBZG4yo+b36t7YOB05fCMcPK9ryl18rJe8nZ3abb17HVipN4mEHLlTtzNbJpqyesldq93zO1nrqcD4Q8N28tjDKsqEus8tysZVX2K5Kggg8E9ifvZHcVc0ixtD4s1eKKGR4I7SIncQyl8AKSBkHgbhjGe/JwDwot5baXDvg3NeO0SyAMrKjSEszbgMZ5z0x+eJdES4GreJ5eQY5I4kOTgqFAyPlB6jPTHOMDrTqSbUeVqfNt3iumrbWsdbJtat3bsj1eWjGlTdrWtJtyfZWbu7K8bO/Xv0LGrQ2j3+kW7xBBdX1uWKtwVVgG44yBjGMkjBzjFeifF7QtPsfDsBsomKReTjBGVldFOUxuyApGQOhB6ngeE6xrjjxRpqSSKsVnPAG3ZKgtyRg9xt6+vQEHI7nxn4pm1bSp7cXKFbV4toYcsCAFA6k4A5PtwoNKjCLhKMmmlLdPW6s3o++t79t+/PiJpziotrm5UmlrF25m9bJ31u+tr7Ns7/AELQLW48N6VMwkZTbopjd8BjJHknLE525OD1A6EcgeNa58QL3w9c3+iW8ETpY3Wy3dzzHkHDH168DHXGTxke76BNHN4d0OOW5jSRxDGiICBIFA288E9Ru6dCe3HzZ8QtHZPE2rB5Y1DSLN+7BYsxAAYcZz6+3OOpOeYUYvDwnyrSysrb2Vly68tt/ktGbYebpJxjK7motylZdFu29Gul1q1e3e1ayNqWl31xcQbrm8MsxcHhWbqOcYPUDrgDGN2RXJWN7dWsj20NzNBE8QSSMMPLfBB5A4JJGcHp04wM9zo9uV0RYTcKpIfGCGcqQM89iMjI6jOByMjlRpstnctNIfMUodrcMcN/wLAOQeDg5yB0OPnp027WjdXbleK29297PmfvKzflrc7IVJuyk3a/xWWi91u9vetur6Ly7ex6lrSXvgWwijkCiFtrY45CBSCBhiG6DjDc+9ecWuxbHdCWWeIyElWwQvLFjjnrnHUc44xzaltbl9BgiSfYpnBWNXGGG4k5z/EFwCBx9B81Nt9LuoonJEp81mjBRiV+YYY+ueRkYwcEnOGrzK8JSnbl2a+G7vrG1lvrdaO2h1KvKPL76ikldu22lmmuui0elr+py6XM0lsxM8rSL5jEOSON+QPvdTg85OcAgd69L8O65eXmraHA04ZYPKMcbEttLD5gW4BA5wOueOgIrj4vDk6LN5u5mMMjpj+HcCdjEE9cjhsfgOTpeG7C8ivrGW2WQSw7mkLYVsKeNvbpkqe47Hg15NeLjJN7Jq/dqPIrO1ndrdJOz1tZ6d0JtxV3vFXvZ8zvG/Kk27vR7N2SPa/F94BcGOdfMjYRFcZUEc+g9Sfxxj1GA1wRYZSPZi4wC3OV45wACA3bOBwRjb0r+IpdQv7hCYJsLHCVVQCVAADEgBsDIIzwO/cGtiyh+0aLKhDQyiYfIyb2c8jjbk9c5AOcFhgmuCtFXlKy5Wkotavpo7/yuyto9r3vY0pznFaPeyukk1d33emju1fTTZp6anhzUIkkdkClpFdSDlednHy8HaM4GAc5Ge61TuoHkuJYo2U+dEzFzjPDFuMcZHuDnvjoMjT1ntnBkikyhkZR5eCzAkN/dBGMEDkEggEDON3TnmFxdedC8Ya2Z42eNmweSAAAPvZJAwQccZGM8FSk5QV0krq7s0tbN2033S16X1R0KvJRVmm2ldq9r2V10Su01dbW67iTC4TTl8tkwkyIDwHyAASM44Jzk9c9c9aiaWVIkGwExyKxIDHAIB5PfJyMcYwTkZNSwWt5d6M7RRmWSO6JY7SpXLN2JyB6AEdMdBmtOUSQW0TSAIzxxg/u93OcEZHfAySf97BrhrUryTimotpXjru4JLytte17q+upvTxEuR87cU1unor23d0r37K/Y9E+G91AviPRp1XJS+jZmYEbTwcfdxtU8DcW688ivvPwjcWM1td6Z5kKSalqsk7xMv3gOQxx8pUAhSSTxggc18A+BZ00/WtMSZ1ZJbmNiFKsw3soHBHBJYck8c8Z5P2wbc6F4u8OYYRW09oZ2MmW/wBeC/PTJydvfnC7sDNfScP4a8Jylzc0ZR5ou+nM4rdq1rNu+yXU8LNq7UVDmkpShJy5r2VmnbROy19LM8J/a00+K1vvDk0skCy+W8WY0Cb0BG0HHy7BnGT16ZAXI+RfEWoSN4YjDSAKtwqYGCSAfcZHHB24DckdVr6h/ayv59T1bQU+0RGKGGTyFUjcUBxuK4yNrH7pHzd818kXZjudMW1uFcIkqBtoIGMFWbOfvEktkA8DoG5HkZ9CMcxxMYaJKFk7p35Y6uzvbTyXV66ntZS5SwFHmnJtxbUm3q7qzbu9FveyX2raaUfClysl1O6L8i20u7sMEMMHB6Z55yfUE8D90P2H9XMfwo0mNYbe4haa6jLXGFZGLk4VscA5yGPQrzzwPwt0ZIba5uGg3Mu2SJQDtLZUkZwASc4BPHK46Yz+2/7E5Q/CDTzHbNNKJ7tirfcUhxyGyDwAeoPXgjIrz8gUf7Xmmm+ak1dWS1cPW11fR76fPtx8WsJT1Ur1G9Ho7pWXk328rn1Z4kTSzb3bpuhu7iUoNk5VFJOM/LgAkdenQ5INfOMGoW0XiuXTLjU9UhCuWYrPI0X3eFVxnbuB7AAKRkZOD9C+Ib1bGwjuBpgukQO0kbIQVIO5QGKksPQ9R9a+XJNcv9S8XILfQRZq0nmRSFcZQLjcxIy45GDgYH6+1n1Sypwvoknbe/w67vy38lY5sGm03dq8LpXTStGLV7O2rla7b1923U9n0260s3drbeZcuY3w8m9pGERbhcnHOMcnnHPAOD6ZLPZtGkSalPbiISfZ2YsRtCkuCSRjcBgjJGCSewPkmkzRQ6hbO8YhVm/fFow4bHBK9B2wAOMY4Ndrqtzp89rO8kp8q3jlEYRPLG/jCsc4GcEDuTntnHjwqOOFq2s21b70nq+vr3XXY65UbzpWd0mmtY3lbkerafSzdmrWvtqegfBydHt9VxKGf+1X2MCNpCswz1OCw+bv2wTkZ9u14f8AEh1FmOALWRc4+7ntjJ6Y7Yxz1BGPnb4IXUM2nagyosTNqkgwCCT8zcE+mDnryCD/AA19BeIZFHhrV3+8BaOTuBHAXnJOD83G4du3QZ+qymd8rgnd3py6Jqza6O3VO9+qdtj5/HNLH/8Ab8b3t2W6S1baabv0fY+E9Wx/aVyVuogqF0RZE4+XcMluQecjpkY45Fes/s9TqfEOtj927JYqWaL5VI6AY7kZ6846ex8T1K6QXtySVJUuy5XKjluAeOgwTkHPoCTn2P8AZ1mW48Q62UH/AC4op2rt5IPJwCBnPfGeOM4x8nTpwWaU7J6t2fS1ltbpr6K7PcryTwNR82toXSV03eG79bp6dbdzZ/aQYy2+kPIWMeyRMMSSA2OSc8DcATwRjHOOa+dbOR0061RHCI4YdPl284AwT9CenYgHp9GftKRn+zdKZcqVmdCNwzhuueOT0GSMkckc8/MWmi9azYwRo0drGPOdmYFUbJIUH72OvAyoI445+b4tjyYpx3tKPvatv4XotdHbp17Hu5BZ4Kl2u935xuuZPbTX8bnt3w11S2060u2uLP8AtGeS5RY42gMiQqSRvDHKrjjPTGMDI4ryrxjqb6drWpGPTYNQea5nkczQlvLD4YBeDwpO0Y4Ygg4bp33w0j1iTT9VksZIhaLNm681gWyFJCRkrw3X36Zx24zxVqGv2eqgaTaG7i+yMySTQLKWZnO8sSBynTJHByRjrXzlVp4WhGzTWi62V02k2k2tL3u7PRW3PfwqSxFRx5eaKimk9l7rfwt+7frffRWT05vxZqzyWvh6Y6Iq/wChCVAVYJIw42BQQVXJyF3Hk9yM17X4c1+C50KNZtNisbuXSiGSOyJTCk7dr9U45dssCMkt1x5B401HW0svDc6wsLyewcOhiUQxSZ2qFAJA554AIBOARXqXh+88WQ+HYBf2UTNJpoaadUiysQJCqWX5cPkAhT33dBXBhaMZVXdWSjpdNuza0V1eL9FaySeyvtiJuWGprlj8bi9ZPTmvo7Rbb16PbW+iNPw3cxXs9wrRBcQZKRodrBW5JBx94gZHJIOSBWx8LZtHtte8SX2pWLXlnHY6gstqjCMqzrIiOMEnKHLKc5yOmTiuT0K8kNxNBbwlVUZ37wsuGGGVm4LKCTgAnH0GRp/DuQfaPFodduLS5VihJYfOxGemc9+MetehFqLpuME5Re+nLze7FdFFpX1sraLTVHmVfep1YqTvJRV4tpqV4395RW213aP6dN4U1PRTDewQWcks63E0qpIrZSKRyESNxzvQYy3UjGOcmvr7wtJ/xIdMG0oDCTgqcrkcLnIB29CRg9eOlfEPg6+hnluookJRAymRUWOTIctgkEnpwckdAcgCvtPwnxoOnASYQW52o5ycZ+XLfo2cZxg+31vCX++VVKKfuNX00vJPRrdvula9+yv8xxFC8IWvbnT1d18Nut3tbXX8zs0IQjOApG3LEnbuAJI6cHnHt9K8p8Ttu8QXq+WpWO3jy2VG48E92OCNo6DJOCcV6VHIoLFs/dADDkDKn6A5HbOevOcY8g8SzSDxNfgJJsEEBdwxLHG0LkDOA3JPynPsATX1eepSwqtouZJ9ZbXV90r9bfkrnzuXRksRJpOzjd66Ne6lZra9vk7+R5OdJvJ755ZLm0s7J7iT97NIMZ8wqVkQjdyAADzyPfA6K58OXa2Ml3HrWlXFnE6+VGk2yQnABCZ54IAxyS3C5rmW1mxTWo5td06WfSra5kVzbSGKSU5yFbbyQTxnjHBBPfpb648HSWf2jSrHU2e7bzDbO52WabgA4IY9BkFiA3Y9c1+TVYQVSrKXLJxk377fNZ8qTS6q7StvfXQ+xcpr2cLT5WoNSVKMle0Umveu9d42v1+HfLkt/tFogn1KFJEYtNtBBI4Kx7ySWJPAP1Peux8E3Smxvbdj5cbmVFlYlwjMclwc5HA5JIOckA854fUodF+wO081zBmSPbHgDAIypbDHPJ+bPXJLDnjqfBDWq6deLCkiWwdvPlOPmiAYHy8k92wMk5xjnbtrpy9rm9xJNxs9L8yVlaydord6XQ8TFrDuTcubnjvCKk0muW8YuS0163fVaK/VxeH9L8lfN8UWvlyI5CqNzq467859WCnjjOQW6b3h/QfD6tLdr4ut0FrbSERONqvJ2JyeR7EY6Y6VyFrp/gZVSeG61LzZElSQzSBYwzckAbsHOPlPGDgY7Vf02y+GAS4j1DWNRtbprWQpE8hETMcckgAEMfTOMc5GQPYeHUopuNNJWtebiraS92Ss7JbfFtu9LeRUnU1jGde3u6qhFxteN0p3vbolur2tsy7PcQTaoIZNSRlitWMUsQCRykA4IxgHkYGM9uMYB+uPhlJt8I6WHYyZ847s9RweBjGeBgd+cd6+K4YrCC/leJXms7e3zbs0m4BMfI4PBIwOoAHBxzwfsX4XzxzeD9LZRtQrMyH7ucnqeT0HUkgYO3GQTX0XAkYf2xXu7tYafJZvT34eqabWjXnfdI8Di2UVltLl5ta0NWuWTVrNyXw3Su1a+t7aHpUvzqxzhWLDGMHJBHVclhnoOMc8cV8p63rtrp2q6lCtnG80d7NFJcSRh9yyHkOSRnGRgnPGMA4NfU0khWLbuBBGflAyvBPJJPOMHGTzjoeB8h+IreK41bUovNQO+pScup5CsvGVznA54yQRn2r7DiqclQoumlzKpKzabtdLX1torbN6W3PA4cpwq1KqmpW5I6puLVpK1mk7dLNdL6W3zYL3Qn8+FLNUuWE5eUKSiyFQVK5+VMZ+XjcTjnPNc7o97YrpUlk8Be6N7II764iVlCksCiuSxUMvCgE7jnI7VV8/TrCPXI7i4Ikt5ZptrqUeYJghYieoUsQQMgjpyRipY6vBfaHaWkRS3MF1uSXYuHZmyAWwGJGeSRk4BFfj+JnesvaKndc1lFOLkrq6d1ZSvdqT67Ldn6HTo8kJRhzSTdPeUru8dk0ltvfW7vqrq27cXkUtpZW9hDby3cN5MIbWeICEBRlpcSErluuWPQevC0tJl1WC8smuItK0UPeSMl1H5WJ3wwwV3H5iehLEZ9MAjC1m9spY4YrnVI47qMtMz26bXaNtqhFddvzA56EkkZ7GsPTT4btr2wW5u9W1JhekrbszCPc65VTliDkn7x7AjBGWHk1ORz91Kzasm0lZ8rfTdeWmlrd+5U7UX8SupN3infmabV5Ws7PWz1flY9o0yVJtf0qOWazvY/Omklls0VZZJctlXYfe+Xbu7MDyNoqv8SLG1h1chtRms1W3ytvksg3klUbGMAjrwvtjFZ/hu+06HXtMtbWB7W3kaaZ/MX/SFlYlXI3HOwYxznPU9wLvxD1CyfX7mC5QNMEhCO0YK4AyA4B6ZGDwCMk85BP1mAhF5dO/K37SLWttbJ6Pdro7pa7q+3zVeUo4+nbm5VRi0nyttpJpvfXR20s7+R53eMHggT+3TaQyIiSRorAFckhmA6e5BLcjoKvXNhZxeDprOHxCs13LfxuHZ9qoBgLG7fMYlCr1HpgZH3s3VNU0Wa38lniklKbSI4QsgCMMlSMKCoIJOct1wAOIzceEJvCl9bafBdeel4j3cl0dztIVU7IWJUKRtPA7Yx2NeBiYc1SWsN48rbs+l1BW1la7bduXc+goNypUmozbVSO0IJvbbRXbVu1tLpmt4DN6mo6gBqy6jJFFHF5DyeaLUnAMkZbAO0EgsccDvkZ07uTVY2v3TU9MaUrNHtR1jnhDEne7D5l4+UD1OSRkmsfwNLoj3lxBo1rPZy/Z42upZx5jSlHwQrZAAzknkngnHeucvrrwub3VF8nUP7VnnnjZYpCkTRoCWZckjBwSTkAdh0AIpRpQd46WSu1Jacqajur6q6tvsk1cznHnrVE07tQSShHsk2k29f8AElZeR1GnN4wuLK5t4fFNvKGSM+U94oWBCQvmM20Dg5AwcngYO0E5Pw+tbu3+JNlBqFxHc3xS5D3ML58wZbknI3HoQc5yTwOAcHT/ABL4b0q01WytdJkvi0Mcs9zfTEPAY+dm8EkgEBvlPGABnHK/BzUIdW+Kem3UMqHfBcAWwVisY3PtAc8sDnAyBwDx1r3+HJKebYBPV+3jC921bmjs3pdO2u6vfSxx5hSnDBY+XIowVKdmqcYtpRs7pSffTa3keifEu0mbxDexoFEWyGaU5BfCqOT3JH93Oec9eBw2lCJddlYZdZFso03Elg3mR8dCWBweQcgEEHdwfWviqdCg8TGO9vTZz3EURmDRl1ZCAiqMY4J25UfKcAnGMjy2yv8AQV1ZbeXVIori2vLVbSGOEbrpAQVy2VJOCTzuyBkcCvt8fRoxx9aLrwjNVlyq/pvfRNJt62vKyT1PEy+tWeBptQm4uik5OLtaMdpS5bLS7S7pq+52XxNhuL6/0SzM0ttD5EjShbt7cbWIztKEAtjqMEHnjCgjz+50+606yvLt7m4SxFs8NlczahJcwt5R2sTGWPKnI+7nJ74yOw+Ll/u1DTII/shuJLImMzSFG5wQc4wTt3fd555OQTXn0WrJdWdvaS2EEkFmWW6xchkZnGGO3owVjuIxnI4PNeLjY0vrdbmnzNKDjo1zO0Urappptt3s9rdj0sJGTwtB8vuu8puyvFKXommrt2b0utdT6M+C995/hCOMSCaT7TKHn2lS2MFXBbgjA4II4zntXpWpOslpcr8pkW0uOCAFI2njOTxxk568MDwSfPPhfFBB4ddLVSIhcsykARgb+QMEgEc4JU8c9MYrsNRLxWd86xNO/kTMvJI2FSHXnaAGz6nJx0zkfpmVpvJ8Pe3+78rS0aXKtdG3d6Wfk+tkfDY2mnmlZxvrXunezunC6VubrvZ66X6J/KelRxf27GQqqy3Mu9AC0ed7YCRkAEgg9zgknAyK9mhku0hPk6Ys0bscZQKSVAyeTxlfTOMdAQMeRWV/EdYhkFqtsVkkdl3LsO1j+JbkjnOCTnA4HcyeM5oAsMduzBpCoaJyXYdNpIGADg8Z5XkEDOPlcFGEIVWpW99q6Tu3ePTezT8teZ9mvosc5SnSbinFU1zSk1orRTerejW7a3v3usnV9SujPK66dbxSK5TZMsYQqMkbgTy3GevXJySMt7xqk7P+yjrtw/kq6zXLtHGcRx5IbaOcFuQTznk5xyK+cdevgs0Ut1oE04mLyNKZWBGeei4GBnIH4jpX0DNPbXH7LHiFhCYYs3JS3ZSdoV1xwcbsbcZ5J6DaAcRms5Rw1dc+qoTutftpO8tb9NEm1fa5584x5sLJx5f9rpSSj765vdSduiX91Wv63f5S+MZ4ZNL1Izxgvb6akb4G35myMgcZ4PA9yelcP8G0Z/jJ8P0M5hiXXtLECg5Yb8ngEZ54Pp7gHI6/xe8Q0rWZGUM89nbnCgZUEgEenYYyOnsdo5r4Q7D8bPh2egOuacixnqoiUMeBnOckf7QxnAzn8/pwXs3JON7c0rJpttrrd83ddNXbY+uVW9OqpRduScbu/wDLby0s7pW3ulsed/tDySRfH/x7tLSM3iSOLeDtcAyKScrkd8Lj0GNvQ+R+O/EGvWPjO5kttQlB8jT7cGSRmxAqqRHgk5QZ4BAHt3r1P9oV2n+Pvj5t6ov/AAliBR0+YMmenqPr3+leafECztl8YXRl+fdDpwUBSxBKx9uuADktkDoTnrXfRUJUoSmk1GFknbRPkbd2tW7P772012imoUYJNN0o2d9E+WCdr6p76+nTUv8AiCZpItLaSeNiYpC6gYyWjV2I7qCTwB2JC4xx5BcWdxffD65tbd1R38STso3AtgE5yT82SO5HJHvg/Rvifwu+7QrPTrZ3muEV4YZMBpy8CgKgJLEs2AoAGCOCRgDmb74V+MdA8HWsmt+H7rRZdUu9Q1HTFvI/L+1QRL/r4wQdwXGQOpbjnPGkMXhufDw5oLrHW17W1V9brstruz6F0o1Le87+87JadY6RvqmrJvfS/S7fh3gaBV8FeNbdpVimW6wzHqvlgAHd8uASMYxndznJBHSfC+SZb+4RJFlSW5sFAC8tgrnBwMnAJO727Zz6z4D/AGevG3iD4P8AxI+INjFaf2BpjsZWlcRTzXQBkkCRjJ2gcqWKnI4wSRXB/CLTpNO1PFzEBKZbORVJzjG0kk8/fAHTnoc8mt8PiaWIxFdQqLmhNKbitL8id7JNX01a10SMq6UKVSy5nonb7L5E7SW19U1fXax6F8YNLt7j4aX13N5qs2vQLtQ/wKyBto759c8DI6HFdN+xnZw2+i/EoFXHnLLGhYkllS2ZlJOBjOOQcEDpzVP4wFG+FVxKqctrzcMBjKzAg55HYjnBzj1ONz9l9zZeGfGEu9UMs7q3Uf8ALkcnpxkE5GTwNvfj1l71eEWuaPLzKXfZt67LrZeXoeNKolgKre/tY31uvjimnffWz1/DVnzbqSxjx3rwRTuOj3rBTgklLlxyefoBjAOcZGCflDx9LMmvm4EZ8sRqr4U4+5y2QuOOODzk47mvqTUpg3jnXm3jI0nUFzkAj/SHbg9GPy5/Dg8DPyr421m7t7iWziMAMzxlpJVDkZwoyxGcDHO0c+2TnncZc1R3imldpqyuu/VpaN6db63uephnH2cWnvGN72tzWh57bef5n6oftR3U2mfsJ/AfRxGQ18be8hYhlDRGDeWcEYXABGSeTjAHWvzf8U20b+FfhayxMzT6k5kPI3ZYMcZ6KDnAIIA54yMfqL+3TJc6d+yH+y1pQNu76v4asriWQKqjIsDtKkD5FGTkYwTx9fzK8ZeZp/hX4MLuV3mu3JUAfwsEIIGPlwevTBGeeR87kDcsur1paN43GuLUrtbtbqzXW+q6dDfCSXtKFl7lSbjK+vLy1Nba62t+iTIPGFjENMhMUamWK5IyiKpQEksDjPHTk5BU9gSa+jdD+EKfFNvDOky6g2nG38Iz3sUiwec7iKMMdoLA4YDBOcrjIBzivEvHVpJpumCRUUi4uI3Llh95kJI5JJGeORnGM4zg+z2vi3XPDVx4NbR7w2V7c+EGSORZNn7qdVRwBgcFCeMezHIGW8VjnkmL+qycMVN/u6jd4RkpRd2rPRxtprq1a9kj38dhaKzbBOok6cISU0tm3GDT87vv3v5HzB4e8HXkvjpPDVoonvZNf/siAyK0ayutwI8lhuxvzyAfukjNe2ftQeF/Emn+JvAfh/WLMxX9hpd7p1utvl42itwgBXcFPy5yDwSRzjGBJ8M7VT8ePBw+0xTSDxHb6hMXVd0koLTSE4JO8sMn25yBk19O/teX1mnxl8C6lqX2ZbWTS9UvGEwUiOJtihhn3Q4Py+wr5zHZ7jcPnuV4JQ55VcDWqVEtp1oKFrLTS97X63vomd9LAYepQrVUk/ZzXLJO9k3Faa2Td9bWStfTU/Iq5sLm21i4tZSwkt5CpBzlSpyUIx16jB79ODmvqPxesp/ZR0EMWMreK5sjGSw6ccDoeRx0zngEnzfxLrnhjVPGN6mnWqtE1zlJYkAWUjJPOTwWJGe/ccmvoXx7aRv+zHoK2+xGHiNmSMAKOcnJzkHaBnpzt445r9RwDqVqVKdSDpS9mpSUr+62o32bu0r66d7rp8Nj3GliORLmTqtJq2qTWvNotHbVPa29rHwhaxSi3dhFJFH5iiQqCS3y8ADPYZB6H2PQ/dXwXLD9nrxohLbTqdxKCcnAjTIPIz1ydwJ5K8k7cfJNspXTZVdkLJJnoOSMkHPXjnAAXrkgGvr/AOEOZPgJ4lTAHn3F7HgDHzHjpnr25GD14yBXXTSUpNvSz02Vkkl3Xyerez1FXq2oUoxWrnDTpZSW9umza+7qz4ftftSXMr/a3UeayGP7zFGmbGAvJU9gR06AHIH0D8HbO7n8eeGCx8wvcyRxo6OAQYj94tgcgE9Bx8xHGTi/DbwEvjPxzo2iRQNu1HWILSSRVLGOEzbWkVO5HPHcEgnBIP8AQP8ADf8AZJ+F3hDS74apYRvqNnYJdaLfTQJ9qlna1dp3Rx0GcDHJVc/Lzivk8dxfhMqzbA5bNTdXF1Ixjb4INuKi5ttLW1rLffex3VsrqPLK+Nk7KFOUoxjq5WV/S+uz/vW8/wAcNC8b+L/Co12z0bT7a6SfXtUhkkKNI0W6Z9wJPAIzyegHTFS3nxT8ezX2goLKGMyX1nbz7IWJMYnXKjAKjIBUHIJycD5sjobHSPEsel/EHUdLhsGsNK8YajEnmtG0jPLfSxJFkkEsTjBB4YEY549N8FfDb4iWtzoUeqaTo8dvqNzYajO95cQ+YlpLKHAtyfmLqrZCDrnFZ5nj8FHE1JVXRlOc7KM5JVJSbjblWu7T6N3td6MWHw+JqYFcsKitC/Psmku+ur5XbfqrbHvv7LHjbxpovxX+Kk3hSK6u7+8vtLt7iCC23uGNpAQdoI2ou7JY8dAcgc/cvin9oH9ov4b+FfEGszadqMVnanZHOmmvMBJdN5YUscEBSBnJbOOuSK+O/wBijxfaeDv2gPjvq2swQ3FhZ6hbRxtC8TurQxxoPLQn5jkYAQAlR3Oa/TT4zfFLXfEnwU1Gf4Z+BJvGviTUr6K3tfDU1rHtljVw73MwcZ8uMNuLBVIUcHqa/G+Nav8AxlGHoSy6jNSWGnKvXi4xcJKMmnPRJJNLrpd20uePOEZRhKpQhVUuZSlOLbuuV77OySvvLrufmt8TPiJ438b6R4H8FfFfwvHa3Wszan4tgvzGsU88stsrWIdQWwZuDg7WAycAYr9zfhN/wmkPhHwfq1t4GikXQPCOjW8EjXADTxNYwgsiEYJKAtzk9SeFAr+fT9onU/iFHefA7W/iVaaV4Z121t9Uk1fTNPYuY7a2ULbwTlQuJIgqxrGNwXGAc7jX7yeA/wBpTw0fDngzwjpclxqGoz+FNAuZVsQpkgtmsIPNEqhg67FzneuCASAOM9Gaww9TB5bOcHh6FF1pWw69pCbjJaKy6WUm+ttt0vHznD4yWBpQwlOnXU6k3UT5lGMHGCesZLp7i1s2n3OP+NvxPgk/aD+BeoxeHdQTU9KttRD6erL/AKdPcRPG8MCA5l8t2xjHGCOp5+qNV+MSWUYmv9B1TTr21hSWZJNPkeNEK7trSjIMi5BAA7DnBzX55/E7xb4L1f8AaO+AWuPqc2nR2Wq6lYZmfbIbpy7BZPmwB0JZ9vBwByCf0q8Q+LNDvtKWF5rSdLi5ispGtZreeWb5l2khCzbiRuJ+78wxxwPDxspVISxc1KmpUnOMZPldWEZSipxXKuSStHRXVm3u9fl8bgIUFk9CtgZ1kqUlUarzTpp1pO91fR3bSk3a2+yPyT/4KJ/FfSPHHgS20TS4btb6x1i01i6mntJII0t5EjjVDKcEFyd23IIBzjPXz3wB+11FoXhjw5pACWq6ZpllYzNLp90YJZY4lRVilSMiVmAJJGRk59q9P/4KAQ6doHw+u3hUGfVPEUEMsM4jW5SKGBZIzG235kAGfKGAeehNe4/s3WXgbxb8M/CUWq+FNNuLqKw03ZK+l2xYbbZW8yRwpDM+M7mLcfUGnip4SXC+W1MXQq1VPGVoU4qTTU7J2lKMXru3eye3p93RjhsJl9GVOhzUVdcjleUVaD1lFJ6X6Jaqx81/En43WHxU8GeKbczSQXeh+Gru5g8uwnihleZGQo0kkaIQQ3GSepyepOb+zl+2N4Z+DnwY0fwvd6Rr11qloHa4EGmTXtsTPLmMRSxAqhwQQoznA4Hf6b/aUvvCfhr4P/EuWzg8Oxtb6d/Z7xR2lvBdASyhVjaSJVJdByABnuMZBHzv+yb8TvgbD+zdqWo+JNQ8PaVeaVqk1ql1qenRyzXOpJKohjgeRGaUIuVjjU5zhgvykGqVPB1Mgp1aeGr06FPGq8VfmVSSjGVpcmvNGyslrLTdnNOUMTT5JYZ1ITqwlChFrmaailJ2Wqvq90t3omzz/wCM37T3w9+NuveFvDF/pur6Zeu95eIl7YNbid1t3PlXKzbWKA4K5xjapJPSvFf2Qv2htI+EfhLxx4UPgvVdauD4+1u+E9m37kW1xds0McbZ2goOg6YGSOx4H4h/Ejwf48+KvinxR4b8N6pJosdrc6dDrV1YMiW+q2VnLC72U2yNbeG6bM0ceFygJGSq499/4JjeEvCHjTw744XxPpFvrvleJ3Z7yaFnUO/mBbcOzDBOSDhskgdjX2FX+ysLwZWg6GIVJ1sPUlRlUvPnqOEm+ZK6d73ur30t0RXw0sPUXuJU4U4ONJTvbVqyst4p7curaOh+KX7Y2kal4L8Y6Tc/DzXrGLUNGvbVL2edRBC00TRiVgHbcilhng9wRiv5tf2lYom8U+FRHEsZk8PQyA/KwffuKsTnBypGeOSDgDNf1T/tpfBn4Z6B8DfG2t6L4cSy1eyDtG0SurRWzuu+N2DFQhBBXPP8IPp/LH+1EkcHifwettbSQo3hi0jTzMjcixjDAE5zzxnnr2OD+g+ELwNXAYutgoVKMKlZRlTqSc25QUXzJvbSStovPfTzMdVjy03TjypvVauzThdJcujv1Wt1fVLT47ubZhdXQBUMoYJkED7p6nHzDG7oS3XAr7cn1fUNG/ZK+H+s6bOltfW/i2/t47gAeYm5sMyg8fKSAck8gDJyN3xhdxstxE7FMPO+M8nAVh1IHYkDJAJ5wMnH23qNtZy/sW+CSzqjRePNTV96jBYEhQOBnIzgnp16nn9ZxtanR+rwnOynXhFRbu5Xtpa+ttbu/wBm68+DDJ1KvuRu0n7z6XSkpXu9Ve/+S0Pi3xH8SPH2pRzWV34ills7hyGUBFcsDkNuC5U84xngnOQcGvXPgFq2qz+C/jrHf3klwV8ICKKSVyWACHgHjH93OV6855r5v1OMySMEKlRM+WXATaOWGFzkE8c4PGPUH6I/Z+tSfB3xwYuAG8MYzwAp2tgcE4IxyBnrgcc19TldKk5RcVGPNrol1SaTdtV6ae8edjpzUbKTaTglr3ae61duluv3L4nmtpnjlZ5ZdqBmB82Usxy3P3tvPA4HsCa9m/ZXlZPi9HGS8yR+HdbEZZ2ck/Zshjk9VbhSM5xzjivN7uBhA8bugVVYZIGQvPJ5PYcAAnnOc9PSv2UfIX412ETFhDLpmqW7smC+2eIRl8d/vE8dsjHNfQP2dClUrSXuU4Sm2kr+6k2n7tmkulnq/u8GqqlWUKak3OcoxV3fRuKW99Nb9Xf8PP8AU/EHjL+3tXitJr6S2/tLUFJMW4KouZRsywJIznH5c4yeo8Ia14rfxD4etkl1CWJda04XMSQLgsZ4woAUHGORkE4G4gcV+zuifsD/AAlvdMTUJviNPYy6kF1C8aUwrHFLdys7QJl8iRHYghiOcHjofSF/4Jx+DPh5a2XxAn+INxFoNrf6bqNmbmG3kh1JoponRGmMm6MzkbF7ZHIyBj8vxnjBwpSVfC/v3WhJ0ZRWFqKSmrQumo/zXXNs9bs9+jwPm/NSrSqRVOfvQvJO6ioz1tZP3d1e7fV7rwLxf+2F8TP2W/jneeHNN+HGg+L01Dw34e1O4sNVZZLsW76fbuJFmeNikTA/OoGMBlOMEH8o/j58TvHnxj+Lnijx/L4ctfDx8QzvejR9CYpY2AwEKoVADEKD5mQoyCcDiv6f/HfgT4HeM/i6/wC68Gaj49b4bPa6jpWsQQm8hs4tHX7FcCZmKxnhZg2RgFSOCc/gnqHwR8XQ+EdT8a6VpNgmnN421jQraaG4Us8qahNFnac4so4wNhIKlAcHFfPcMcY8PxzjG1lhpYXFRjSjUr1ZSj7b2tmnGE209ktFay0s72+mxXDuY4vL8NHn932cJcjSVuWKWt1pa+t9n6Hzb+0FNfQeCPgtDci+t5E8KSvKFaRTvkuXO5mGM8k89uozn5vlU6nfJMEjubxlYx7n+0y8cZBOCwGc98ntjJwf6rNH/wCCR2k/tJfDX4XeJdX8X6npwsvAbtqcNhAJFs5mkdkaEcCdS5ywUcr0zjNfgv8AGX9kL4hfC741eM/hHoukX3idvDMplhu9OtTm5sMloJpATmN2hKmRWHDFkxknP6NlHiPkWZZvWyWnVnHG4aCnUjUpyhFxvFe5VklGTty3s20rXutT4qvwvilRdWlKNZwk4yjTak6c+aS1Ss1ez+75nd/AONbr9n74zTuz3EuIFWSZiXSQKCNrEBtpP3uOOhxyK+VJtPHkQyuzeYGJcM7ckEAKwIA2ngAct0ORjn7p+CvhnU/DHwZ+K2i65o9xpt7JNZs1rMMzKSF3s6/wrwcjqTnB4xXyr4w0Zo75UthGyKY2YAAKAFB2sAcjowIx0JA4Ar751qNaMakHeMkpJ33elnfa1lpo09+x826VelOcJtqUJJON2mm7Ws9O19dWn2PQf2ZWNt4+1uZolYN4H8QFFJYjcLKc9+jDrnswBwMc/Lrz3zTXNy95exZubsxqlw7kjzHKqo3AqCB2z0zjBNfUfwBhuh491dIjGS3gjxAOCDx9jm3DIOM5yCACBnGfX508EaZN4h8XaLpJCzfa/EEdoyAlXSGW5KysgHzEgHIGOuD9PPxmIhhMLXxcrSVGEp6atqnDmb0T+J82zu1a+i19PLqE8RioYVu/tKlOCk07LncU35b3023W5f8ACs2t3Gv6Fco2tG0XXtJWSXybmW3dPtcWfMcIwCgZ3scdfc19l6hoXji5+LfiaDw7oGqaqlwLZ7VdO024vWkZrdWLIEjYBegLkgZO0nnbX6uaUvwo+HHwx8I/Df4feGPCPijxV4hksLPW7LVtOt31TTEm1C2ilvZLx0MyOxcmIkAqMgdzX3n+x38QfB/w3+M3xp0HVfBGiT6zoum6UNDUaba3LFba2V7mGOWZdwiLAlnGcngHmv5iz7x3zGhluZYyjkc6dHCVZQhUrzcY1KcakaftmowbUU3e0bp2u5Wen7J/xDnCYaMZxrSxmJWHdeOGpOMJzfuXu5NpJc2r7Jqx/P7HoX7Q1hodykPwy8WRpGHie7udBvIY4wUICugiO2MDDNJztGSOnNG5+An7QnxD0HwTL4a8DX2p6rJLqCwW0ASS5u5opMyJbQOysyxKDvGFK9+2f7CPj5+0fqFn4W8IaHoXwjhhvfiXp9613qtzp1pb2kGnRwSCR0AhyWCEsnIO3ac9DX5c/DzxFZ6P4t+Ceo2kMWixJ4y8T2l3NDMUhb/TX+RRjAJIKtxkg9M5NfJYDx7zv+zs1xdHLsHiPqGF+sxnCdVKbcHU5HCWt+VL3ldPbRba5TwFg8zwtLF4ujUwLqYieHo0HXp1XUdO95OSjFRd4OOl9ne+x/O58Tfhx8Z/hRcW+l/FHw7rPgvUtTge5sbS/h8p7qFQQJYgGOEJPzMCR16Ahjy/wSivZLr4hte3JnL+E75YmeTzNpYLzweCCCMds5C9M/rd/wAFqLrxLrvxc8OSxaHOulweFoZNIvQMI6uo85o2Bw6yfePRQcZ6DP5OfAi38mP4hG9Ro5/+EQvHKswLbwqHOMcHcehxzkYHGP6V8L+Ka3F/C2W57i6VOjXx+G9rOFPSMLvZJtyUrJaNX1fU/LuM8rhk+PnhaDnyU0mnU1bva8eZbqL7K179z1X4bXqW+g28U1xEZraO5MaYGFGSv97BwBwMEH5sHuPN/Fl5JdPfTJMmWZ4zGqqCAjqV4GcZz6kEBWPOcafgTULOK2ilnRo42hmhAyCA5Y/MQf72RnOT3xwc8xr0kKPqH2V1MoJO8sPuSEsQRyM/KO3BAyBjn7KCksT8D5XUWl2vtL0vbXf56I8KdRfV0nJ35Nfed2rLp2bvp+DWhc/aDnt7bQvAU91C9wX0GwBKr8xA3DaGGCowDnPp1PGPCfAl3pU3iLSJ4YZUmeaRREWyQMMAAOeABzwSOgr1z9oSS4l0LwAHRpG/sOzG1XDZVjIDhe+CTyOh6+o8X+H1jDZ+JtHSS1n803Ez5DFlAdRggkAAg8E85AHHr9dSi1RjGz96N01byTWnR6PXfvfVfMQklJuSb163vfmj9176Ky21P3n/AOCMuuKn7QPxL0YIAt94D1ZXR3LHMdvcYHQ8EnPOeDk5Ar8h/jRZ6JH8ZPiTaXlijlfiFrsbshGeb6ZgDyMDJGRkdee2f1M/4I131rB+1lrtum6MXXgzX7d/MAIlcQTAkEg9A2cc/QgivzG/aShisvj38Z7W4RpFX4jauUaIAFC1y7bRjBBOTg9gTyc5r8y4dSh4hcQRv8WDwsndaXXL20s9nputT6HOP3nD2BcYtNVG97pdk+1tm9Oz88nw74d8Bah5mn6ppcbSLPJIZY252BQ0akg7Qoxz7jkcHGhqPgr4Zw2bPLo7+URNCJBL1lORFlQGBw3IGR0xz1ryPRb2S01S8mZ5UDK22NjuyqgDnoc/+Pc4BxXS+IdRux4djkVHQebHOMtwcyEA7CBg4xn/AGRyeDn9gVaLTiorRaeaja1312ae+716P86qYWtzxkpySUryTurq60d99rLtsfNvjTTYLLxLfW8UbrbWxWOIbiWEbKAELHqQRgg989DXKXttH/ZMzFJC4I2kg4IBwcFgM+oI5OcEHk10PjK5ubnVb4+YHlcQyOOhwVGAPYDnPAAxyRjPO3lxLLosn7xU2IE5BLkhieeoG3ncQNp5PeuKjdu7d1fRWWza03t03+T7nsYm6hCKTtyLXdNWje+t3otV3dlrqfqP/wAExlDW/wAfztKBfAEzBScMD5TbcnJOeuOc89sE1+l//BNN2h1z4wDdgDwtKzc8cmT+LlfToc9Dnb0/M7/gmRJm1+PQwrsPAEpY5wWJjYE9/lIyMHoQcdTj9Mf+Ccoij1L4wzCMDPha5OM5OESXLDkNnA29OR0z0rwOKajlhpXjL3HRj0sryhZ2XTW9tL29DsyK0FVT1b5nfy5F218n822fkxr2ZfGPxBZmyv8Awm/iV+vJxdzkMfxYEZwODyTwITCh0SIyOT/o7uvPrLnOPvcAnIOQCMgEnFQeJZ8eKfHLJhVHinxFcMvAAR7ycdeCxJLdT25xwRGLmM6PbqV/5cCQcjDFpM4wOMljzzn8RivboxjDD0G1vTprfR+5Hpbby127KwlNSqOKklZvRrVXtqu+2/Tp3WtIkUdtakg4FkHQ9TuyORwf4STgcZx2NdDNHt8jkkNaQlif+AEEY47g4XjJwARxXJXkyvbWhX5QtlHwe7bl4GMnjOR1xwa6p7gTSWy8bYbKABhkbskdB1JyAcHAxjHJxWVSbdlHZ7LVrXV7Wsl3a303OiFls1JtK+q1urK7ttdaaWunbbSOR9kcnylSbpQpPqOMg4JYj0xjJ9qSUJFNDIsZdn84HnnOCN2fQHOQSM5weOKgndHgkZhuLXqAkdtrbcDsOnOAcnGc8ipLo5ls1R9oUyjcRgAckKBjryM4J5xwMcZy55uKTWrVvvg9u9m9bdl10qV002kr2s+uk43tHo0tn873ZZt1zYXJydzAbiDtwcsQoPLY68dBgDAxWTc26yXen4Yo/ltvYnB57cA4yML7Doe5uxF2tJ425UJnIUDfgkHJPbJGD3BHI4qnuha+sDtJAiOSykZKqPXoM4IHzAMCfcdNCKjZKSd4rR6Wae6V2l0Vlta7d94skrvrq76a6X0T6aXXV2ui2iKlpPFgZNyqAg5IXORuP8Q9ATg5PTgnQkUb7VQoJDEB2YYAX6ZzjopxzknAzmqkZxBcv8u2SdfZh82BgckcZH4HAGTi2xHnQK5VUw4z17A5bk8noR0+meKau7XX2E1dXSvHVb797vpomx8yslF9na+utkn377+Vr6hapHuv94DHpuU9yQNoPbGCOmcHPYg2jbKHtiEbDQSMQGGCSDluMEEYJI7d2qtbEOl1KMYbsD3OcMR2PoW6jAI54uTuzLb+XwBbuxbHHCncDwcZyPvEA/z55SbS6KMlZXtdXjq431s9E79720tUWl11fKk9HfWC3um139NNBLNFRIDxg+YAi/MpJ6EEAgY+X2Ud85rwv43Xd1YadpNzaXs1lMt6/wC8gYpJEMkAhlKnv8pz6ccE17ZbSFLezBIIaQ5A6tzztHDAHOc9TzxwMeefFzwfqvizSLC10O3S4uRqSIke/azk4IGCcgZIyM9ODnNcOOxOHw9FzxDjCjFqU3O3KlaF73eiXKurez31NeWToyjC/PNe7a3Ne0X52tyrX5K6TOK/ZJv5v+E+1aS5laaX7Mm6SQs7vJJIoZndjlnZdu7ncenqT9O/8FCj51v8OlfK50ucnYADk28frjABGeO3bNeE/ALwR4h8C/EDUotdt7eF54bdo0ibzPmd1HDL/ApxyCNuTjpx9G/t7aPqWr3fwr0jR4Dc6hqOltHaxDGGmlgjC+gKknBx2HUjFeNPG4OtjsDiKVWDw3s23NNezUVG7d+iS3tt0319ChQrQyLFRs51b3S3k3Ky0u9d9N/wZ+akXiPW7OzsrPTdY1Y26m1R0Fw4WLfKA6KCQORz8vX3O6uv8ReI9Z0/WLkR6pqSy2dnbrbeVPLGyLLErlSVIYq2TnIO48npmur0v9m/4vLLp8R0SK2iuL/TbW4nlcCGGea4VAGJ6Ku4EgHkL68D7M8f/wDBLv8AacuPG+o6foOn6drlqdA0jVYdTgu08hkvLOKUW5VNzKyk7VDAksM8c1lmXGHBmX1IRx2Z5dRhKnOXtKlSmqfuuCfNJNxum7crs2rtPofPYTLM4rU5exo176LlTad+VWe92klolqvmz8+P+Fg6/pmj68RrWryPqumCCWOa5eZPKYENGQ7NgEDuoGMjpgLsfsoXV0vxe0Flubr7MdPvW8h5naJZHVs/u8gHsflAONp3YyR9FfEb/gnH+018OvCk2veMvDUVlplwI7eKf7Qz+TISMCUhCEDcEEkZzycbjXmH7Ovwu8VeD/i5oC6/Zva/ubyKIsc+aqox3oRkhCeh9P4cgk64HiLhHN8DXlkuZZdjOeLUXhatKbU4pfC4Xu42vLra227uhl+a0cfhniaVaMadSLUpaJWkr3u7q6vod9+2reXVvaeDJYbqeN3upSTE7JgZzx8wZWIPB9GPGMZ+G9L8X601v4hshqOoC1uYR5luZmMUjp0Mqncr4OO27k4OGNfox+2V4E1bxPN8PdE0OJZNR1K6a3to2YoHlkyEDO3QHI527uVODjFeBwfsU/GXTLTVL/UNHaOFIgk5t2M7bXXIkbO0bCOpHQ5BHGK6MJnXD+W4PCUs0xmCw9eak6UMRKEakknZ8nPq3e+3W9jrzHCZjXzCq8NRnOFoqTinypcsU7NWbaTb/VI+NtUvpLnR7C4ed2uUly2/gExsNqnnb93Az+fPXvbP4iazaaBpFu1vbNBatM8bspLNnJXIAJ57D1IHGCa+nL79hDxxZ+EtU16813TLS10jTo7+WzuPkndZyCqx5OC6KQSAeDxgYqxYfsh6hBonhea+1+Ax6vBJNGI4xIIA6ZRHAydxBBYNjHzY6YrSXGPCOIoykswwdWnQr+yk4yjJRrKKbi7J+8k76XfTe5wrK83oVL+xqQ9pTi+ZSSbSko+8r6a2f47Dv2LtWvdU8dePLycDNz4aZyANuAZVO0NnofXgYBAwCK8w/aB1S70z4lJqFlJNBc211BLBPC5R4ZEBdXibqjDHB5bgDngH7A/Zj+ETeBfGHjKE38d+f+EduEdo4wqoVuBhdvoAMc+4yeleO/Fn4WS+Ovi/4a8I6ZcQ22oeK/EGnaTZXFxxDDPeOsSPKxGdiGRd2TwAeCTmsMPnGVPE4vGqrTWXwwvtZVXH3VSpQ5pyktVaMbuW+i7b+/jcFi48P0KSi3XdTSzSalJq1m7a381d79z5nl+MHjyTVbnUJ/E2tPeSxeS1y1/M0zQsoQxlwc+Xt425wR05LU/w78YPHHh6z1O00jxLrFhbal5kd7Bb3ssSXKysTK0oBJYuep+Vsd/T9c5v+CHHxzilDt8QfCUi3l7DYwNuCDzHAfeylThBgcgBTnJyKd4Q/wCCHHxw8Y6z400Ox+IvhC1m8FXdja38z42TzX0Zlh8vcoGwBTvkJ2q2RyeV+Mh41+C/JUUeIsmnycsqsI0JSlZTUFKUfYu9p6X3Td9G0eFHhXi2dnGFWKS5ver20kknvPd9tr6JK+v5HR/EzxQtqbaPWdQRJWCzKbqYrNgnb5oBJcE8HcDknqflIe/xE8TSWptk1m+gV0CPDFcSRROp4A2gce5zzu6jBNfb/jX/AIJxePfh/L4htdS8eeGbm58NeIl8O3wtSs0LX0jlIjFKqkOrDltgYA5wQav23/BNX4lyST3N3418P2aWunjU5NyAo8Kp5wSNzlWk25yvHPAUjp70fEXw0qUqVanmeXcmIcI0n9XknJyceVRjKinqpK1+7texP+rnFUFyyhWtFK7VaOsdGnfnael389Uz4TvLrVtX0S6e61K9mu4ykdvC85dQsYJ5JK56Z2kADocda8tZZRKJn8xnUjlSeWBOR046Y9COuF4r7R1r9mbXdKsdPuF8YWTx6tqx0qzQRKpFyJPL3SKvKoTkgnop597Uv7FHjpLm504+KdHjuoIhcAMPllV1yBEB94gkA4OAScnJzX0mH4w4Uw9OLnj8NSo1JNU/clGMuTlUuVcqVopWk9l2vY87EZDnVRxaw8qlSDSm2+Z3srPWTafLqls909D598M/ErXvCkF1DYCN7e7jVnhmXzFaYA7WO4kgdcBieQcDgYzV8a62movqFtL9muLmVriZYw4i3yD5j5anZ8vfIJBycLxj6oX9hL4mp/ZsVx4j0K2a/tnu4XmkCRxwRqGzKWBGcAALlunPTFfOWv8Aw9n8Oa7f6Jc6va3T6VdtaTXMABikkQAFo8j7hbODkAEHAHSujLM04XzmddZXXw+LkuWVb2UU7q8bOV4rs07J6vZ9cK+GznB0qf1uFSlFNKDnJR95JN210W3Zdu5r+Gfip4u0nVbfUrLUjHcQsyKyrnML8vEVwMxPyHGR36E8fQtt+1v8W7GyW2j1Oye2gBhtY7iyjZYoZDh4UO0kRSZAZcdMjtmt39jT9hTxp+2J421fwb4D8U6Ro9/othJqd1NqY/dtCBlYogcZZwMDHGcAgg19W+O/+CPfxt8C614X8P3PxB8ITX3iq5uILCIyojq1qcMZlBY4Y/dxwBnnuvwfFHFnhXgc3qZJn+Ky2nm1GjCpKhiaN5wpyjGUbz9nKK5ou9oyvbXyPey3AcRTwtOvhHUdOo7wcZxXNqovTmvfZXtpp13+Q/iR+2F8Zvid4Kh8C+JNU0keGIktw9jYWUds8iwn92skiAEgE5C++RySR80X/jbxDd6XBpM2uau+m2xYWumG9l+xwIRh0RN20cckKMEnIOea/SDx7/wSy+M3gjwp4m8X6r428JnTPCunz3+pwJOPPdbVdzwwoUG6V9pCAemeRyOO8Gf8Exvjr8Rvh7ovxP8ADWt+FptF1vS7jU7C0kvViuTHaKzSrOnl7Y5GVGCBm5PGc8lZVxt4W4bLoYjL80yill31uNBVIRjGj9blFWgvdSVVpLfW3XtjXyziGrVbrQrurya80rtxTjdK2qV7tdOiWljF+Ak+fhjLEEzJM92wAyuzMTZLdcYGR6YGByDXZ3cxbwxYxg7FW72SAkkkbsk8ryA3Uc4GewwMP4RaZN4d8I6noOpuINQ0e+1HT7sZB/fWxeOUxnIym5WCkgEjkHFWrtnn0a2hhfci3QcZI/eDzCgIA6Z54wT3HAyPv6NaniL16E1OjUlCVKUdVKMowlCSd9mmmnZ76M76UfZYWnCV1Lk5Wnd2acVvdX1067+aZr6IjR3WlbyChuoyhH8JE4LEjgZAI4A7jOMAD49/ajVv+FtSkNuiktYyoJBRAwA+ZCAuASByO+FzzX1vZXbR6hosbwHaZHLFQCcqQchjwMkHnk8nOcZHyl+03p803xIe6SN0iWztypLcuM5O4cH0K8dP73f6DJ58mJclKyjB2srPpZu7Wl3rdb317ePn84f2TKMW9KsJNarX3VpqnbXR6rXraxyWi6DYtFbTNbxSSna26KFAQQo6kjLA/h1PQ1l+JNOinTy0shbqzfvHjwrvh+nAPGM88nBHbIrotB1MR+RApwfs4KqFGQyru4BPYDBJ4JG4E4JGNd3k1yb12dXWOQmQOo+UBui857ckZztwOOa+iWKqttPmkr6WbSdraq7SvbV7PU/OHShKUW2opK/R6qz1d+nNp22fZ+eJ4UEt2YrRX2xxPMzOQozgsR1z05JGQMcmvSNH0/7FpiTRtcB5IWUsCx2kOoYg87V/DoCR0xXI2/i2K1vhC8Ecsb+bGqqcMRtZfmYDgdCQG7YHTnt5ZpodLje3ZgJYd6w8jaHdcnpwF9R15AHUilVm6ib5uVLWTT0do2tda6bba6vU7aUaUKSjFptrre1/dtq3drpve9t7acQ2iWOuz3cc19PDOkkixKFyZSAWYN2cA9CdoGPfnvfh18E7vxrfHSdIv3bUJInkWLAQRLBkEySAld7AnAcgN0J5rzkTXFp9qnhVHmWdmDE/Ouc5ABAOFBGctyMdRwPVfhl8Tdd8DyXt5pMdtILqAwXQnO8h3HJjJUMuD8wIPJzk44Hm5uswlh6ksvquNZxSppp8trwvKTu00rPTRJ2sj1cr/syNeH9oUnKktZ8rlFuK5d0nbdW0Wzb6Nnoll+zFoFvqyxap44is7uBHjuYhbpJIt8EOYWO4BtzAgMe549RwOo/Cq+03U5NKtryS+86SWO2MbiIRqsgAklIJ24A3YOQo68NmppPidqs97c3MkVtM08zzTsSQWlyzK+WyVwTyc4JPcE1b0nxPqlneSaw1rb3BmLM8c0hYFJAcgKT9/O0g7l57kcV8pShxHh7zr4r2vNFR5XCyU/du7xu2norJXeqXU+grV+G60VChhPYKMr86lNymrRurPmi7q7SV02rvayr+KvhVdeD0ij8Q3Ct9q0+G4tVglWXzI5FDY8wHcrAkKQwI5AIIJrnY/AlgLWG7ea4ktxsZoiwGwYz03EgjHpw3QZIz0Hi3VNS12W1vbsARrbCJYVndlt4gwb5AxPQbsdMAKc55OfoVteX981nZmW4RzGwicfIQoYglgTwMHdjqMZB5A9nCvMVhovFVm6m75bx3acbJ2ckltouuz0PJxf8AZMatqFFqn7qSlJ82qWvvcrkum2i3870XhzSZ7OPBuECrIqAuQoYYxu5wQQR04JHI7jj77Q0ARbRppTGH83e+NpXOSoyM7vTAHBOMmvVtVsby2s90lmFlj817eGFvlmVB8xH3QQMbdgXJyQoHArzC68Ri1giluNPiyTJEuGwzN8wLEdPl54OeRg9yPVwjrzhJe050lbtp7mvlreyerTV7WPKryw7s6a5VzLlW9rOndpXdvK7/AMz6s/ZouTZ3+ridllP/AAjdwuW6LtwdgOckjqTu6DbwCSeO+LXiWzsvFkNzOZG2WoEaxsCHIyAgJHOOq5BJxwARitD4C6raXD6kMmEjQrvMmw43uAFU/wB48AA9T7ZxXkfxplVtftFeQBY4IyAwyCMnByDlRxz7d9vB5Mvw8lisdUmm78iWu+kW232WjTvq1ax6GOxKeBwcYv4Yq6e17Re291vZ6XVt9F2eh/tD/FPwteaBN4P+IHiPRjprSLp//EzuGj01ZziZbeJ2dIo2UkEIq4GAFJHFvV/Ec2saZe3eu376nqOq6rcXd7enJmuru7w0lzI5wW3sxLsOowvTFec/CWz8DX2qXl546TVJNLtITPbW+kH9/LcMNqbyeqZzuTDZzyOx6nWpfDUctrp+lNqSWsdzL5UNym6Vo2bfGDnkMFO0gjI5AxnNaYXAYKjj/a0sLCM2vfqRpqLd5JtcySbWrlbrvqeZXxmInhuSVd8jatB6x0Vk0m1orK1mrPXXRH0j+zdrf7Iel6N4u0f9ojwxruuarfXEL+GdR0XdH/Z0SDExZwThirEg4IU4B45bzb4/WP7PWk69pkv7Pzatf+FrzTWm1c+JJC11bak7nfFbufvIiYCjCnkZ28V4lc2+nLLc3Cm5B2yHldoUgHKkHjodpI6575rzjUZXRI3jaQQmU4VwWDAjJ+TIABHO49BznndX0WIhGtSpxT5KcE/gsnZxSbe/e6tu10PHjJQnJucp3SVnK8VZQs0tUk3va3XV6n6V/Bf9p/8AZ6+H+j6Nod98EIPFd1HBbSatd6hMZ0ku4n3SSW/7vMSuMBl7jHOOBp/E/wCPngv4s6vp9p4O8B2Xgq0j8U2t9BdF0kulj2qn9nj93GxgiwSqnO0jt1r40+C/w28R+NbPxL4l0WezS08ORxyzW8q5lnZOXSNACzlcFmxgYYD3r2S3+GHjOY6J4st9OhudF0/UbG51C/tGxHBd3E/lJBIMABmwN2TuXjJIOK+PeXZPhcZKp7evPERmvcniKk1eavZxm3FJtvlSXkj6bD4zHVoQjGlTVKSiuaNOKfLFKPxJJt6Ntu2rV30PoPWA09/dBpsyGBCEHyqSQMYJOc5+91JGRzjmlFOun20DTRtKY5hwjndyCdo6YGMcDnPfAqzdRy3WrtKUZTGIllVgMtgYIHIBIJAAJ9w2ax9evEsr0CeVYLZZk3EJuJzgEAHowGTyOuCS2fm7sTKLo+6l7ySjfV2bi9VZaq3K2+21tD0KMZ+1UrN8sl078rv72t1y26a9tDuk8T28Oj3wWzDNc2VycNCAYcKw3GQLkgcbSAAckk4Br4butQ0d2v2v1y8ctzLblBlPMEp4ByC6k9jtJAOTxX2Otzp1zplw1lJJcCWwuQ2E4wEYncuCu7BByOjDdxxn4U1jTiLrUYZLhYik52RFB8omkbAwRwcMBwOvbjNPIIP2eJfNytSSsn1et01o38TWrs7W2sGeVPew2ibUJWutLtRe66rVq+1vQ3Zbzw3utpAkDmaPzpSRhQ4UgAoVO0nqc5BYgemWWb+FpYEmkkSNiZV2hv3aEEnGAD8uMEgD5gQOKp/8I8kUwi+0RhI7NMAxr1kBJ/iPzZJx16nnpViHwfCgihXUIlPzSyJLGvKupPy/NjdjtwORjIHPuJwjJ+/UnblTTk203yaJWTW3rba70PCcKrlzezi9rX63cNE7eTs3Z672SIdQ1Pw4crAts08dvhAqbIyf7wPVmzgck+oORXv2i34Txf4bd1UAeDbYjblgAycYwDnszDqOvHFfMus6JpFuzBNRhMqWxKxGHa5J6kYIOfUDaAcgAHAr6k8AR21z430JJFLFPBFosQOPLZhEhUspGMnGehx0OccxOcX7NO7d5q876e5FPV9bNWvvq9zrwnNeUWkpNwty6Xs4pt22du9k3bq7vkP2g0kTXPA87S+b5+m3BAUFQuJFIG0gbs45B7Arng1+lVndXEX7PvgVoyTFJZWaum4kfLGCDgKQBkDO0ZwcEgcn83/2mRfDXfAaStEoFlcBBGMBEEg4JU45JzkDnGeRX6XeEr+0i+AvgewvJoYZhawsvmx+YJtyYBHB288lhjHt0p5pZZVTnCPu88dFotrPVu6Xa/kup1ZYnHNqqk3rCy1eukG73bdr6PdrU8tguRcERyfK+DuCnZkDAHQjJyRkHk4I6EgzyIJbqENEQzvGilWOUUkncRwMjr0GORjpWrDp9qZjIt3DIxLMyRqqqoyMKCR93BHzYGOcYHNWUs4GvoZFQgpLGx+Y8/7oIwTkZwR1PHGQPi4VIzmrRkpPrJJaprpe+z8rvW59PUcVBuWtlo7J3tvZNXdla9rWWullf7T0E+HLX4UWFj4h1aa1zqsP2ZIrNbia4Y7QFMg+aIDBKlhgHBOa84+JkfwnEluth/b8evQ3FhHEpYy25LMplnIBZCWA4YY8sHDEVuw2l3d+B9LisTG841WPyFuZlhWWRjsWPeVIWM5y3QAEnGSCfNfi7pOrWWt+HbO+s9K0qSCwiFzPpd2LqCSRGVjGxVSA5DDJOGDNxkZr1acVDllKUtHK0OdJSV4Waurr0bate2mh51bGe0hFQgrXUYya10cdE9HaLdknZWSWzPqvTLDQ7UeEbu++02SXkolNw7qttILeNShmjAYlgeQc/MG5HJx4j8d9Rt7240i5SOwkujqN1tEY8y3uY1IVBJtUKpYABgVznG5sjNer+C7HWrR/Dr3nh+HU7BY5LpG1G68+VbRoRulggfPIGSMA5GAQDyPNvi9babqltoENksun2cmq3rSZhEd1Flm8yQc5ZFwQAOAAMHkiuapUp+wh7uiqu3O+be179GtbXsrXvqt++hzSxFoWUnCLabts46N2W7bd9Vbe+h5j4T8Rarb295C9volncGJZil9aRoUt4mYMtpc7WKuwOdvAA6t2r4u8bWq3vivWnjTY02oPMFDMdqsyluNgwC/XkD24zX3N4E+HGka/qRsfEnjSfw54claaRfEEgS4mVLQF2he3LAxxsVC7gST/AHQK+XfiBpml2HinxImga9F4qsk1GSCw1eK3+ytJbRFFMjKwzjsT2Oema9DIq2F+tVqcdZewhJ/u5KKu02lUaUHd6aa3eujaHn2Gx1TLsJialKlGh7TlU4zi6jtFX5opXiklZNqzb11tb6R8FQ+XpejSu+1YbC23AEsSpTC4BGeCPmyQfmwDxXAavdQyS6iPNszNHeXTLHFEYrhE6t58m07mORsTcrehyAD6D4VM0OnaLkMC2nxsfnIUsIlZRnoBzw3BIxnvjzPUJ1V9VjErFkvZ5XiSIT4LEhi9ydjFlxlU5ALEDjBHfBR9pPluotpPqlaV3Zaq21k/I8Kcr0YK97Wbv30a9UnpZ+e60WVrE0EcOnwxxq/mQrKRJzLv3AlmJwdpBACkAdPpWGJCEgACrG004aVpSJTuRhsUBc7T/Dht2ewq3q8iM1iBIxX7OMyupDlmOAChxhQMjr0A4zjNe1USfZR5jSbrlwnloNyJzhvmII/Eg85969anGSoxd5PV2UX7zSktW15L+9r8LR49RpVFaEZJpO19V8KTSaXTVq1td11zZXTFmD5C7RLHhgzsQDnBZhyehGT0OeBzX1H8CbgWmgau5sob/fcEYa38wRBgAXG4gqFXliT1AOMEV813QVUjXzZ3KXMigPHGu3kgkhepJ6EMQOehOa+l/ghaPceHdXYTyRFJZXUtIkUcvyf6tQOd2RyFznt0wdakrUU2ru9NaaXlJw11S317ap9LI7cHZzinZaK9ndK/LtorppvV7a6NHtlyNPnuLZIXlgEsSeb5EXlgMo5BJPO7uOpyTn1tKmkxoWZ9QAAKnkBWJkwckY+XIPPqMn+IHnpdbtpodNgSBEMClJZBCVdpVGOWBGQe5OCcE45GJVuI2t2MpJBJ8pWXHIbryQB2P07nOKwozm3aMmk78yb92ys3dWT7a3tdt2NpypqomopvSzb0VlF63dr62Vrva2l7fWPwv+H1tJol34quJbs29xaTmx8oB8GJGX96ARzluCewzjkivsb4f28MvwgnngeVbmHTtVfzxcSRSIYYJRHsRWJyCBk45ABGFPPy98Kb6dfg9i0KSlbi6SRcFmWNoWIVmCkhQvABwCB3PNfSvwns7uf4P6nersMEen6yX2AswIt5y24cYwecZ64yMjFfPZhWm6WI9pFzUMVGmm9XGLjDVu2qvbVJK1j2MLhourRceaClTTaV7yk5RbbsrWslZ2sle92j8TrDU7t/EfiVjMss0+rai0kk/wC93lXfc8pxyx4KknqSM8gnyG9ud+qyuGQyJeyZ8s4jzvzgfKv1xkYOB9PofwhcWNpf+MWne1WCa+v45HngSVo2Msh+RSQ+11PLA7gxGMEceH3P2N7zVZbYx+Ut1LNCwRVZj82BgkEdSxAI7NxXFeblOnCMbezTum23FJStezV+r+drNnpe/GvTfs18bWt79Fpo/LS+vXqejeDkM2o6a6SBZDFqTr+82D5FIPOzPTgnGOgNbWh3Qj8f287DattpJaRxdsA8uxogsb+VnJztJPGTz61ynhSDUrxNPfS7O5u5rewv7mZIhsAhYncxbpgA/dbqcMMkrWnoy6hJ4stZDFKx/sJneJypICuC4aHIzgHrk54Iyea5aSVmtF7srp3WujWmnfZpPf5erXrNqndyi4unLRON1aLbjvvtbpYofFPVbvT/AAlYJewQ2tu2vOIRd3BuYTsk/dt5Sj5htxwcYJOMYrP+GN5aah4gto7aSGVpIrppDBaiFdwXhY3cglAW242kEDrn5q3vijeT2/hrT2SGyvxLr0xltU00XNxApDZJDkCMnBJcZCDjuK5L4ciGHXrO5EjANZ3zBPsYha2LId0bKrZIz0AHUE+latKWHq80U7KUruVtVy6JNN2f3X7o0Ul7emlUlZ8jStfdq68lbS9tLp2se43llNFo+rzA3282LJ81rDLFtBKt5e5hjPVVxkleffl/hRbSt40jRp9VRhaq77rC1iQABhnKOWAAHQjHGehJHUX8lzdeFr5rvTrcwf2dMLaZ7o2qOCx3Gdw27qM5wCMnPXNcJ8JJxD4ruHe00yER6LIweDWHnkPXAwcDIyc9ScnGdq1lh4qNDFS3sox1cdLqD2ve7vZu3qrWv0YycVUoXi7qLte17L8ElpfW/wCvG/GgtZNCu6WbGvXyKtygRc5ySoBOAQMZ+UZOAp6j8VP2ttUW38dwTAIkr6RhmQkCMncBjjGM4OBjrkV+0fxeuYLyK3KiNWbxBfZBmMshyFIwSMYPqR1wMc5r8fv2mtFsdR+IWgpfK8tvJaP50asImdUyThsnJ7bR1zj0VubCW+uU+a7Sgoq1nty72d7aXe76NXWnLnLU8qlGKX8WH33j96T3fR66X0+y/wBgvWL+L9nsRb7UIPFGtSJIApeVmti6xyMB8yHAV8g7lPAzivBtU/ak+KtlZeJV0y38AaYPCmqXVnYMmh24nkJvJl3yOVDSyFMF3O3rgnufoX9g7TbX/hSOoR2CTvby+MddSFZh/qYltyuUJLZCqRnHtkjkV8m+MfhR4St9H8W6peePDAl94j1oXcMdoZnsnSUugODzuJIz94Yxwc4jJPq8s3zTnhzqU4pKSbTd1ZqKWvVXa00uRmCxSyLKPYvVUno5aOygla7te+q3emutzsfA37RXxa8TeLvC+n61q3hZbHW9V0u3vf7P0qNZgJ7hEkIcDCuOewHII54P2z+3j8AfF/jbwJ4Em+G9sus3VpqhW8a61C1sp5POtoWMcKSvGXVQd2AuAMEgk8/mL8L9O8BaJ4y8LNZ+P7zU55Nc0RoLN9PMUc0iXEe1RIzELuOOehx1+bNfd/8AwUA1uWKx8DzQ3d9azo9ykf2a/ubVR5enwSLKyRMilznhiSRjHOSD05snDMcKsPBU17KpJ3i4pbLy5tPXa25y5XOVXB4n6zOSu6cZWd2nzxXR6apWTb26HsXx/sNQsPg/8F9K1E3MMsHg+LT7kxOGhtbuC3WCcCZPlYhkK7gcc5BGBj598AWt3L8RPBmn3E02p6VpmlztbrdzNK5uTESRE5dsq3CqvGc+oIP0N8edKkm/Zs+Bd4l80LS+DRJO08rTeZI9sruzE9Zd5LbicsSMmvnz4G+C/Fsfijwv4h1CC9Hhm605l0fUbpikc86MwnWNfmJCEc7gOCCcgrXzGFqUMPl+Ik3B1J1q0IyajrOU29G7X1bsnvo/T61wxFXNMLTU6jpwoU52Ta9xKmk3qk0tG3bWyXVH47fGC+TQ/wBpfx9qkmnR3UNpr8r/AGBjtVlMrAI3TA4KnnknkDJKz+Lvjdca7pqWN3oKw6bbM4t7V5i8cLMDkxIcspAJ4PpkHsOc+PF1Iv7SXxNuZZVEY8RXSAttdGKTlMsOMnjCsCOWxjuONv7nTLt5ovM8xslpJY1Hy8AYweMg8YGMA8AZzX3mGyHB5jhcFia0ZOrSowUWpcqXuQd7ReqfRXsrfI/G8xzKthcwzGjQlaFTE1OZ2V5Wkr6WbV+ybVvx3NI+J2jWyOX0aNRHtJiWMOH2jBYsRleuQRxjBJyCD+wH/BNnxdpdxcjW1s0t4W8TRIY5SoK74tpIYEMRzg7jgEE9K/Ci6htLSZmiuIyrkRASclcnBOcYBG4njJJ74PH69/8ABOu7tNL0Z3lMTWdv4hinZjID5hVAWJI7DGQFLADOfSvC4wybD4TKKs6bk53grSk3a7Wtu3VK2mjWrZ7vBWNq4nOKdGpbkUZ2aSTTXvJrWyVk1+Olz7d+NE8Vz438WyIqGCbWryWNgeQn2aQ8DOehx07DGcDPzt8aGRvhBaFVG06BeAhRzgMI8k8jnHH4kjk49r+LlyLzxBrF3aHZDc3FxcxqASPLa2JViOuMHp69x1r59+MUzj4L2bZUGPQb3GOFOJW64IJAOeQDjj0Brl4cio4XBJXWtK+t9LQdru93dq+6VvmetxDaWJxzdnaM4vVP+R2Wj003bvdb6a/mZpekwtZRzRF1YT7pHfG1STxjjsdxOOCVwR2NXXvAkGq6mdWXUXDWdn5jW8AAkmUZBdc4wn44JJx61zVvrGox2aiOELHvyTuOxtrbsHrnAzyRyTnrkil4k8dS2c0EYdYWnsPKdoVAIDbVYtg8IvABB64A6kH76t7apTiqTcFeK9262cdWtntts9dX0/FIyhHE1L7PRaWTd03Zuyeuna3XRnkOq6dZzaleTPI0kkc7rtkbYNgOE+7kZxxnPOSc1714At4f7EikZrhfLLhEjkbbwMDgFT69PdhivmvUtU02K+l8uYSh5EkcyPhwoILPwAep5428g4wGz6lpHxA0CxtIraDUIAqBQAR91yuWDZJOCM4PBxnG3FazhWShG3vqyd72bsm36vb4rb6nPiKcJwleD0k29VZbK7erdvJ6btJb+ieBdTeT4w+CvPleGC31wIiSDcZQS20HH38kgkNn+HpXoX7TJh1DW5tItp44J01B57mKSQ7QkuCCxYKAMYG3oAcDgV8vWvj+x0Hx54X8TtqUBj0fVFvHVVVxySyhhkhsE45OeAQMGur+IXxLT4heKr7XoHRzfl9zBFiiddqhAgHA/iBIxnJHIwK5qeCrvFRrPZQs4u6s207xtKyVrK2nVvsa01GWHjTalFRs9lqtLfa9FokrLQ86n8H3tyy28d3auUBJKN95eRyRkDcMEdcHnFYb+AJ43EUssETsB8+/zAVycrjIHIGBjOCCCuMZ6yy1Z7GKZhJH5ipNgBc5J4UZJ78jcCQOh7VzE+uX5EkjTjJX5FI3dCQTyeccAYz0JHt6k4ThTTm94q1uloq6bbum1e1n+Y1To80XCylHdWTvG0btu99LOzT3S0ep7V4F0VrCzFmtwkjCcKuwLlmPXaQTgYA47Dvjp6Ld+G9b+xSxzWd5Z20xJhup7eWKCfuRHMyiOQHjAjY7q85+Es8mo6lp9tMFlIuklkBHOWPCgnjtggHDHg85C/rP8aPGFv4x+B3wz+Hz+H9O0a60KUONQgs44bm7icBVaaVQJJV5yWkJGCMMOAfzfifO8ZlmOy+lRwv1qjiq7hiarqKH1ekoqXtGnFuo3LSya30Z9pk+S4XMsNi6lXEezq0KSdGnyJqtNON4N7pa76/y9Vb8ePF+hzWVzbM0qs0UYUhThgZDgE+oJycnB+bkcmsOztZGu94mYhVwzbzjPoBnAPPy5zx0wQa99+L3huHw3AEuJkurs30YDKmSYiqlcEdlJI46EcHHJ8IaVVuG8oAKcFsjAwDkDBGT2b69eScfonDtanjcuhXg7czbs1s0lvve1rO2r2ejdvjc7wyweJdGrFPlSbWzd7cra2833vbrd8/exGPXoCZMgzRP8wGWwwClieh3fN8uMnBI7H6KttJYacs7SZ8zYNisFwhCtjPcd+eQcZ5yT806rcIddicsCTJDtYZGDuUc5J+ueuMZOa+mk1iGHQI7fjfiMs2AxHyLgkkkdTuzk8EHBwQPXpqUXNKWlt+j+S201+SSuj5PGexha0Wt7NtLZq63sr3lZWWvTc5u7tfLEreb9zjAyScc87iGz2x6fe+X7vB22oNb21zOkW6WHVAyl+QTnGGHVgeo/hxkDJ4rqtT1GKICRHjOUYsRySzAqMYwe3TGFPTtjyq3vi8F1Lv/AOYsvyZUZxgYwSRxn1655rKo3OLi5taaJXbtvzdbtJ62vshUpRj70YuN5xd73unbladt1ot9LrUdr/jS7g1eaGax0ySWcI7SzRKWjQABUVj04B+YHnOcMQAecuvGjSyiE2FiCoQbkQchpF42kDkANnpjg7ejVzvj6YXGrFgdh8tCzHjOGXIXoevGOeR71xbTiaWHypEAjKBm6ZwwBwRxnjkgcnPQ9POp4KlOMr6z5ld7t6pN2eumnva2V+1j6vD13yUnb+W3vb3UVbXSyWrez28j3fVdYuLWW3ktDbgvZxOIjGrIhYDOTzubn7zYGMkE986TxVqDBYme2V5ODti4wDgjjBAOCV5zyMHqKpahKIJLOUnegsbcsCPvHCjnBbjJB6c49M1jxlZ5kmVhgSMMZAH3snC5wD1J78gA7Rx5NWlGFTl5VZP3dL2V1rqnfy827effCs3a3W3u2s9XH3teyvtot2nqeg+DdSub7xfolvctF5T6nbbl24bcJB1GCeTycd+CDyD+hfxt1Wa0k+Gcyo0T2l0qRrHIyKCm1VMmFyRyWODg9iAOfzo+HzIfH3hzCuUOsWwc/wAAy4HGD2Az1HHToTX358cr9ZLvwIjBjb/2iqbtoZmAAUgNwAcgjrjGRn1/EfEFVKnEeUU7v2f1bFe7Z+9zRSba7We+ul1ofqXB0lDJsxqr4lXoxbWrtzRaV+urukttfJH234I8embw6Jb24kF1FbW6oYMlWIQAA85zkjj+8DjPNeLfGrxHBrngzxDFqc5jZ7W4Fqm7ywzlurZOCeuDhT39RVPwfqUItreG3dxFEAZdwAViAOCCQOOm3nPqORXk/wAcdXs10PU3QgRS286GR2IVZgwIAG4gMxyCckcbh05/D8u4djR4khVpynGSxHOmpNK6kpp7rRN6262VrI/ScTmTeUNyinalazS95qMVfe7ava70+8k/aBii039k/wCEhURrLuw88Y+aSE8AMQAWOSCucgdAM5r4U0DVXbSZLhozOkcSJvYEAd+eSCQc9iBnkDJC/dH7QOyT9k/4aDkRrpYkEjHcDIWXAU4KjOeCMZ55zxX5p2OuXVpobWcD7mkn8qTagwqkBV5HGSMnkY9egFf0/wCGU5vLsTCdRz5cfiY3cua9ql1r+F7Xs99z8e46lCeKw6cOX/YcO0tFd8kd9NfJ6tq7TuzstRJ1lIi6mBpvNiCxnKBdnJPHOT1Ax0YY5zUPw/8ACl1r0M2hW159k2XF0ZZSisI4kILEkEjJ4HtkAEYBFLTZ7iSSyhldlkAkyQMDGw46/LnIwCRg+oPB6D4NapJZeIdajeFriF7145WBz5UThmYjHIyVzjHQ/n97xDWq4PATqxm1KMbKSv05L3vJ/E3q1ZLV33Pksjp062KhRlC0ZzSla/VRck1010lbXue9eH/2Q/EmuadHfW3ieEQXAVo0ePzAVJKrgcBDgHK4IGcHpis74h/s3eJfh3oa6rqes2t3pazwWjpGu12eZgAWKkH5R1P3cjDYGAP0k+EGqWV/4H0O4t4RFZyW5iYkAs5hc9cZIyM8k88HgkY86/auNp/wr1yrxrC+p2WQxwwYPkkAEYA4OBgt0OCDn+WaPiVxJU4m/sxzUsN9alQfLTSfs4y5b9XrpZrXruftEuEMiWX08SoNVJUoT/iaJyUbu2itfTfby0Pz6k+DlwdKsp/7aEcMseVaCFjtLLuHzKcEAEjPc8HrWj8GdI1Lw/401WC5J1C3is5IQ12zMoLAhHRWJVDggEj1zjGRX1RpL6ZP4J0xIp7U+TpqMCfL3eZ5Z467sKepI68dSSPJtBvrax1fWrjzreYSr5ZRQodpM8IDxj5upyccdun1j4kzTH08TQxDk43UYtK3uqcbJNJLSzVtdLvYeE4cyrDV6GIoqKkoxbu1LpHo21ZW6Lbvd2+ZPGEUb+O9XkhKx7ZyxCcjIKt8re7AdORn8a73V7g23gm9jEq+W8EcjDGSGbqScZPtwBxj6+deMJHPjPUyFW3R5ARg5O5sHbkduSS3HQdATXUeJBM/gu4AuUwttGZDwAMAkBeRzjg9M7cZPf8Aorg2S/sak6kW2qEHdLmd+WN+qatZ+Vm9tE/wPiumpZxWhBtXrzXurvO0Uk7bpa9GvU+f7qVGEKxiPzPNBcsAPvYIOM8twfbqeSDXUJds0McEL22yF13Z2q6k4LBTn1x35x68HzGSMLPm4mRhKyCArI205JGHAY7QC24nqQcc4GWavpuq6VOpmZmt7yMyRTQEmMFcFYw5O1iuMELycc56DqqZpRhVVJx1k7Ru1d7Wta11fW7aW/XQ3weUVVSdbWSXKpWteN7b2vpJ3bbW7d90fSGkXN3FbwYghu0SXfveYfKjj5ivO5QvPJ3cccjBGH4pea5u1lEzTBJUAhVlcR8DAXDf3jjPRuF9K8Bh1HUo4glvdXaoFw4SZsYPOMbjxyOwyc9jg2tMvtQnmaOCa4EwaNg7yEkncMgbsk98DGRnrgHHdSzOClGPLpaLb91pSXK1ayu7NO172e29zLE5dUkr8yaupRW6TSTVpJ3fa0r2001svsZfC2q3eleGRAHuZriCWT7JHGPMGdwHDHGRxjI4BJ4Ir0/RGnsbG10y8t2ims/MSSJwN0ZZTwWxkgY5IAH3iAPujij4n1bQdH8HPp8Y+2x6eGnkuUDlhkMxAOCDt6AcZzk5zXQ+HNTuteluL+6JSS5MryEDapABDKqkgg5Ocgg+nY17uBxUar+NTU9UldWSel073e103prbufIZpQlTUvdSlGSbe117vTW/vaOL2XldnW/CHXpLP4p+GILcFRc3stsnys6mSVtgwMdFznOOuTjHNft3F45i8O/BjxNAX/0u71nStId/mEwmlmiibCkZ2hWwMk4GcHmvww+FviHw94P+JGh+IvFs01roWjak07T2kH2q4SQ8piPgN84BPI9yQMn7a8cftZfBTxB4f0nRdJufE8UkHjO11zXtRawZIbm2t5FcCOIN1KqSV5Xk91GP5O8duH844i4jynC4XLsVi8HQj7WriaUP3dPkfMoc2zbtHR6vZH2/CUqWGwNXESqKM2klTk0pSXKk3FPRpNt/Z0Vl0P1O8V+MbPTPA+maT5xlkvn0W0aNchlP7osW5+XcpJODkAHGTla93/ZauNLT9p+/QSOBbeF7AqGclFkdY8AAHGTkk+pBHOOfzCvfjd4M+MS+Ex8KBd61O2q6e17p16i6bHbRRSpD9ouJizbVcjgnC7sgDq1fo5+y7pXjjQv2pdW1S7+Ht1fadN4GW4+1w3aSWcTWPlea0LM584JtK/KCOcgZr+PeLsgfDHB/EWHxqWExtTLsdVp0cTONKc5+0ozhyptNtpNefQ/RskU8XmGGlSbqU1VpKc4XcUtI3bina2t38+h+GX/BW/T7nTP2wPi/MVMv2xdLuHyxdUia3ZxxnPA+U5zz6V+Qg8V6dZNLE1luZwjRqF4ABJZwMgYJzjjkjoDiv28/4LGeHdftP2n/ABn4ku9Lk0228VeEdD1LT7ZvveStsyyEtz0JwCOmF7EGv52fGF3cw6mY1ZkxGgU5IJGACO/sMYIzlR8uAP7s8HcynjvCzgealZyyDLoztqlKFCnTku7s073v1elj4POMFRjxDmq5G7YqdnJatc+m71066dPQ93g+ItlaWd1FFZxyRzMGMThVbfyQ270GMnjoM815zr/i/wC063pmrrHH/oXlvHbRuDEzo4YRtn5Tjbgg85CgYxg+SwXV1IfLYklhnJJyfbgkYwBk44PTOK9u8P8AwL+IHiv4SeKvjPounG48E+B9TstK1+8U5lt7y/UmEiInLxgKQz5AXPUc1+j+3+rKEpzUeeUYrmejlJ3ikm7N30S132vtxRy6lUqPlg5NQb5U3tHW9l0S6rrZbq6zvFfxW8ReMtVSeWQQWUccVmljGzeVtUKuXAIJUY4Xk9uTXe+FGeKwjinIYrMGl2ABsSFTtU87eTyRwMcBu3jfhvR1vtQtoPILKZQz78AlQQQFPp0JzxkjvmvftHt/sbXtpgjDjawXcBhePm4GR0Iz82cDIHP12Q8825TS9UutlJO3nbWzdtbtHxnE8KVOnGklyOaa368vS+t20tnu1pseyRapp6WckS4YpbJtMrMJUbaQvc57k9jxyeDXiuqSM9rqc63QUmC5DpkjCBThVyOc5x7Z9BXTaaXKSTvICpzERIQWUcjIViemT3yR34yeI1JAkWpyFxKht7qNCMYHA5IGMnngH1x2493HNzipaXcW20tY66StZ97W1Ttvc+Ryi0cUm20nZJL3Uk5JKWne+uju+py2jjOjWUiziOMbwVPKqCSDnsGPQk9gMnOTWozGUBzICqxOAM7eQDzgkZ7YH8utcvps6rpNpa4PJZmcJjbuY/KSD37ZxntgdNMSqArD7io65YEKSFBwMZ5IGVPJ5znnjkppRhBJ291d2k3a7Vn217a36WfsV3B4mV/eTklttLmVuqdrN3W27t1Wh4M8s+KNBUItww1uPavHyksDgn+LPPHqPlHWv0I0jzYbx1ePMYcbU2B1UsexPzZUDqAe/bp+eHw9ZG8UaPMjAldZUsxHC4ZTgd8DkZPIyR2U19tDXdfvdTaCyRLaNSIxNgR5CnAGemD82cnGckBetfj/ABunLF00pqP7pt62Xa701fT5Pdn3eSxX1SLi370rbaL3VbbV2++/mz7N+BXhyDXPiB4Zt4YpLiSTxDp0jjG1QEnVnK9c4A5+9g9cg5P6g3fhzQW/4KrfCXUV1M20WneC7Ms0jx+Sk0FogaN2YqFJcYGWzkcDjdX5n/soyyaf8RvC93q2qb7ez1BZ7gwBQIigVsSEFcrnK5PHPBGMj6U+JHirSNS/4KDeHLuWS5OiSaVbmWfTrhluGhWIBmSRCCi5ALDAwVIAA5r+KvEWnjsbxJmVHD1K3sqfC2Z05yjGVoqrGCurNXur2W3ZXdj+guBI0aWTU5VIw56mZ4ZJXs2oq97N3Su7X6dOh/UJq/xFi068llOv2FpaSrPGJLm5tooxs42xt5mdx/hHbIGMV+U/xI+IOrad8S/iBezaalxo+tX2mtaXTW8scM7RqhNybtVAKSFeCCSw46EgeVeIvCug+KPDGr+INK8R+IpNP0Xxhpd1fve65NJDHYPdxxNZQW2/5A4/1pzzksQe/wBJ/Gz4veB/EHg6x0LwvFaNbadb6NbSSmOF1MsMcUbJ5335CCCzDk5BznINfx/kuT0shxXtlDFZp/aVSph60J0ZUlQlTnSlZ39o5ayTT0Wm2p+z1pQqUZRjKnS9klK7lZyutbWu27are+2h47+z38UNH0nxP8Vf7Xu9YTUdaa9TTbW3uZxZhY7CSTzFiYEYQ8LJk7gAAuCtfyW/HmKxvfjX8S726v2l+3eMdZmaTzFLKzXkzgSbjkfex19Acc1/TPZeMfDcPjXxnZ2+oxy65Dps32KOziEYi3aWS0bLtHzA7ssx3BV3HOcj+RX486tIPij44n8+RpJfE2rNKm5gDJ9tfnB45Dfd287eDjNf259GbATwvF3EtenR+rqvlWXT5ObRKTk2rtJacuvuq19L9Pxvxblh55BlsozjVlLE1E5RkraLW7aV7X0lb3U9rXO9t73ToXa2l1YIrqFRI2AYAcBc7jkFeCfTkHH3r2m6jbL4g8OW2m38Rni1RWhllmB8okjmXpkEHPOQD+Jr5R+2PMWmd3DL/EZCOC2eDyTzx2OCARxXT+Crrf4o01pTsCO53ZLnhSeM988H0PXGDu/uGNetCS9+99PW9ktdrP73d37n8zVKFOMKkrXcIyaej/l0V+y6dttj9D9f0vxIZBLPq/2y0uoZzcpA0LBI1UsCh3Fgh24HAO3A54r5K0qGIeI79LVwQLufzGkOSQS/CjOCOgzjgk/KwAA0rh9XJuZo9ZuiLhykVsZXgdVODh8ll2Beg6MOOeBWXoljLpeqyX0rJsk3OoB3l2c7W6EZK5yOGzgkcYr0KUqk01N2i5aPdxTSs9vJe61q9nrr4NGcoTlJNpN7WtJbPR6Jrr53V2kzqvi5p0EXgnwnOmSsl7Isu1gcEklueCMnkd+p9BXhtjutgEQqUd9rDIJHzY7D1A/DB4r3H4rzxyeBvDMSTJxqLhuACrEkkkc4PvgY6A5rw7T9gZkKl3EgClV4HJx1OegzzwoAY/Ma9vCRVOmnb3nslfRJQTW3Vu7XR262LxM5Vqd3dKUdLttXSim/lptrdWv0Or1aMLo9zKxDs8S7wWyN3BIBI6Dvjrn6Y9V+G+ntfeFbGSN5BLJLJEoiAAMjY3bsHkYB/hwpB56V5HrJT+xplZwgETkbl5LdSByPlI49h2xjPpnwm+I+keHNGtLA6bHf3CSpJKJZNhjAzlkzjKvgE9DwCDxiscbiJ0ZRnCF/dSUV1a5b9NUtbq3W/UywmEVXDTV2veT6NtpJuyT16vV/dqz1dtJ1CwEDgXEZRis7nawUgMDk579OWwc8HmvEvHMcUJ1aQzlVkjDBWwC5JIycDGCOrAAc9Ow7Xxv8Wrm7ivW06xt7S3uiPLRZN77o+nRRsJzwME9wSOa8V1nXhq+l3Lai0aXbwoFAI3YU8qFGCuDndzjkE8EmtqFedaEU42lZOUbWir2Tttra94u6dmmtbG2EwsqWIu03GLi09bP4d3tslu9XdkmjW88lgjxkOoVCqA/OA3Vm+UEcY55OM84q/ElzHcPvV/vJgA7uGYZJ5GSPXuRkdic7RZ5ILOGNMSCeHaoVNyjBAGSMYx34wOue1dFBcSsDHKyIwkjKFlB3NuAwjDqBnPQdztxjPo056JN2bjq7q3Npor9LapP5+dVKlVYhqMXyqS3T8krNq1l2Wl002epTXt1p8kclpJN501tbkEMypkqCAduODgdB/UV0OjeJZ9StX0HW9Tmay8qS4itFmYxm6IJG4Meeoyp4OOFHUWrvRL02p1JYVltv7LhKtsDAsU42qecZzgjPIxjHI+b9RW/XU5hGJlaGcs7IxRgrE/KQD8oAwMd8Zx0J8v2dKtUbqWcLu7SeluVdLrXV7W0TvsgpzqPGSUKns5KPM9bP7C/HptZaPY9a1Lxeumx3enWqyQ3eoqsDS20xDRwxlVGSDySoVcKV5PPLEnwjWbaZr+8MqyDdueLzS29u5cHkncchjuJIzjsa9A8JaFP4m1eytUt3klhLXNwzHnyY2yx5X5s9ffPHpVv4qWkNhqzPC+x7ezQGHYB82F7YGFIJz3DYzkAY4KscPSxMaVNJc1rSturR+K1ruLXW3rdHtYZVVZ8/M7O8rq8tI36atPyu9GurPP8AwlYywT+ZI3lmXKx4wW3g/KST9zocZ49x1HS+Mbed2sNoeXZF5cjxAkb2ycEg89eeCTnOMfLXmenaxdLPGysFXeSUIIU8ZB49+mTjPsAB+t/7MP7I3hH43fB2y8f67rGq2WqS65PapFa7vsot4VwHK8lpdy5OeT7kcaY+rDCYRVZybilFcyTduZpJWXvWu9WlY7ssy3FZhmSpUXFVJK6u7J25VZ6WS1tfRK+mi1+AbDwl4pj0rS5bbTpBb3dvcM2wknywrAvy2Qc8AHgc464Hh/2a6sdZhIVo5YL2QTJMeVdHIy/HfA6NySfm7H96Jf2H/DVo6CHxz4jFvDugWEl9qJIQDsAHy5Xg9+M8ciuRvf8AgnV8LLiWW7u/EXiJpJW8xzFOyFiRncQMkE9R3bAxXy9LN6EqsXzy92V09ZRaVn0V9V2V/wAT62lwnm1Gc3JQ993s5r3X7u2mqvrd322srv8AEeOaS68URM7EibUbbaMDD5mXpz1P97PrkDofpz9pHxTqXg+/8HLpczWty+hWzSvHtJ2bFUodw+Uj6bgMdc1973H/AAT8+DtiYbyDXfEPm2ky3C77pjl4W82MNxnbmPOOODjvX51ftuLbab4x0PSY5C1tp+li2hlOS8iQv5YZ+44HzcDoGJwK61jKONxFJ03dJtyXLptD+ZWd9df+De6+WYrLsLWdeKSajGMk1PeUHbstNdPS99/lPVPibrREtpc3s9xG9ybghsFdzHcQQvDZK8gEDg47k0x8Q9UvJ0maeNUdkt3QDaDEXw25cHaQCW3DBz93HWvOL1RJOwCjaWUqwbGenPfJK56Hbg985E0bxRARmHIRi+4jqQR14PI6+mBwRXqxly+7GyjeyVt9rrzv537O1z56ShJNu93tfXborPazSXk7rRH2zpWq/CptFjGqX7f2t5aPLAshCOwGVbP3sAdQPcZK5Fcp428R+CH0+xh0OeKS4WaBZFRQGjxKpyWXGSByv94gdTXzBNMeJHLEuI8DkblABx+eTnnnOehqzZjfd2+c+Wbi03DOR/rkGWY8H5SQOMAA4DYFVFKKdm9d1dWWqbev4pvazWtjnjTm5RSa5W05W0trFxb76N30Vr/Jfpn4+3zaZ4TiDFkufB1nKTtBY/uQc9QRn5STw3TgAsa+XvEMcM2nWVooQuZX8whiGAXON3Tjg5H+1wOVz+vvh39lvwP8RfAvgjX9T1jWLW8k8LaZCRZXDpAsbwJuAUA7gM9COAR+GQ/7AHwnYszeIfETFZGf5pJfvcjqwAzzz8q5OMEk5ryo5hgoU1SlJqcZNN8radpKyuldu34aatI7pcOZhia/1mny8k1FKPOk2rQ5bp21a10a3PyQ8O2VrcWzW00iQoJPkCkjLbgAx5JbbjJ+UcD6mvb9es9H03T9E1CDVNOlnilis/KhjXfJGFAMkqhvvgnBJ5AOVXOM/oBafsEfCq1nVhqviGRlUhAJnXr8y5A7n1PPJ3E5pZ/2DPhp5jM2q+IlDP50Zed32SdN4XBA57ew61nVx+Dm6Mo16sfZ2TiotKfwu8tNdW7Pe9r9Tsjw3j4UqtOVKk5Tsoz51dW5WrO1t3ZJfKx+NWqRRt4h1SaOF43F7Iy43BcMSchlwBu6gFu5HUkV2ngHX4NF1SWK+ngR79BH5k68JFtYMAx+6PQdcNn+HNfq3efsH/DhYLjdq2sMbsxs0zsTMGwQrIcbiTgDHIx0Oc1z8/8AwTu+HN2qSza94gjkjICyRyMGKgfd4+YEk9fbA71KzDAxdo1ZtSabj7NpNaO17vXrd9l2Zy/6q5lzwnJQTjZpqSTabUdVrfTrbT5s/HHXtTiTW76VBELcajIYAh+UoW45AJ+YjI64z6Yzl3l5DdaabGWIp9o1JpX2ndIpIDKxOCAAAMkA9upyx/Zeb/gnJ8Lptnl634hH70szO7Fsr6ZAIAPOTknrn71Ur7/gnD8OiFa11/X2jSQNKArs27ONqjJwuByMHH6jqlm+AVOUY1W+eKUouDvZKOibTfR31v5bG3+r2YylG8ItRaeslr8Kkna9731dtdW+tvy6+GZkg8LfEGKMq0KWGcg4YjkcZ9c44BPYc7mPnlvA12giUrhhvYqMPwo+XPJHc553Y4wM1+x2mf8ABPrwUjX9na+KNfs7LU4vs96BGctEh3BQfXJJJGM5PzE8HoYP+CcnwntljaPxRrrqrKJTtYZCpyAckgcfNhSOgzxk88czy+Nr1Ho3vGUtGo3tdbaPTTTfQ6KmRZjKEVGMbq6s5pNrRXXw6X16vzVz8ZrDS5X1GwtI1VDfyJAkkmDhpW2EnAxkZUZI+mDwPo+18Lah4K8E+KINVlU3JhTyHhAEcaSMwRDKrfecHc2emc4O0Cv0Vtv+Cf8A8Ljdi8tvEeuyJBKjRIFb5GjOUYMcDIbGSMAY+XPGOuuf2I/BM+n3ek3/AIj8RXNhfusk4kmckEfc2Mw4CjOFBI4PB5qpZ5l8U3Gc2rb8jsldN9Ffq07aarZs48RwtmuJilaH2X/ESTT5W7qyVtHbXR3dmr2/GvwLZXEstxdpfArHYXKSxvu6vG2eCcZwwAztyT6muce2tI54nYOZPN3yhyQuBKcFCAQFPB2446cZ5/aa1/YE+FGls6W+reIBDJE3nxi4cu/y7SxIGQpGNy/Kuc55GKrS/wDBPv4NXMv7rUvEGFVTg3TEEg7y2CuR82Rgddo6GqhnmXuEE3NyTV24Oz2aklrbRpadWr9Lcv8AqfnClOSjTUZq1nNNXVle1tLq+ur3L3/BNWyubv4pKdMEdtqkui2r2d9G4L2P2dhI08CsdkkgUZVDgHB6k8frt+0jpS6jLqcQ8Wan4rsr4W6674leK3sbnTtSt7ISJppZGZiu9BngKQM49fgX9nr4K6D8D/iZ4VPgq81fWLrWrmW3m06cvNNdxQRfLaWrBg0RYjGR1z+B+uf2hvFWj3U/iGzuvCB+HeqLp41DT9IuNSkWXVb+3t/s0013bKGBkYguFfBc5OcE7vTwleni8VHE0VeErRTkkpXTirK+qVm9dHbqeusDXwOWrCV0vaKftGvdl7rcdVd3bT6pJtW9H4l+xrpt1afFHXpLqR9VMSk23lXJZTi6wVuQBgoqjDlmIB3HjFfpJ8Y/Dep6pp+gWy2v2Oxt/F1hqV0ulav5N21s0X7wW0ojVVG1irI0ilt2OTyfy8/YyvFb4k3Empy3GnzX+mzmRLMMkVwvnsfLGM7ZJNxxwD8w6cGv1p8ef8I1qPwk1xLa38Qx2VhrmkteWitJHf8AnDYgmhvGO8QB+WRScLu5rz86j7LE2glGM1S+zzSs5Jau8Wk79dejT6+xkVSdTCKMm3GMpJqUbpK6afxednfrfVH5OftB6bp8kvju4mivkXT5p7bTkudnniJ2Dqbhx/riejS87sZPVlrG+H663pXwiS9m0rS9csn0y4+wW3kRXMtoBOpNxNlwUbcoAJVuCeMjjd+P9peW0HxBYW7Narb2c0TXcyySJC0amMu4b/WBSC4ySWyckkY+f9DvNR0z4f295DfSmK5sJYmtre4aJIw0qtlxuwy5+bB7Y68V9DFScKM1JNqnRd1o78sbNrqld6dNzwa0LV66mr3ck9k2m1Zu3xK2ltLX0fU2tU8YeMr2ysZ9Y8P6RZ/uriHT5bTT4VmW1DERRyRRueQp5OBznHTNf04/B3S7m9/YY8NT+S8l1L4DuWIhiAMf+jgMjjcAnzHrnI6Y4FfyO6NJqd5cvJDqN7NcvdzqkP2tmVEckkxqwwAB6k88gZwT/WL8MLbXL3/gnzollplxc2uoxeCJv9KFwY2QqsZYMQC7Eg9wBjcCDgA+BxPU5sHFySTl7yk2rL3b3benvWW/Ttqjo4filj8PZtqNWm1Ft6yU6dore7bWlvK+zPz08d+CNVi+CXh6GCxurq/1uHxFbQwJbL5ks39oRlHILYPyEfMSFBP3vTzr4ffsMePYdT8O+OPiDrfhX4caJfXtidG1nX9Uto/PuZlysP2dJXBdXCqwLDByOpOf018JeAfiL4R/ZZGr654d8O+KIbjwJ4k1LT9R1S5FzqNr9pcBPsgZQ63C58xQoDKEJwTk1/P98TfH3xB1Gfwv4O1fVL3UPC2gynWYopLq8a3gvnkaUo9zKw5gIEargAKCoODX4/leY55m9TGZbluPwmX06OKqU6terh3ias3NN8tKm5U6cYctot3m+bY/Zs2p5PhZ4XMcZhcRjZuhS9lTp1PZU6TjZfvZKLk7Nttpprls7pn7A/HX4OeG/wBivw74e/aAa70P4ifEXV72BvAWvG5jTS9G1WCMi4vo9PjLpeQqXQxuxVSTxnBx+VXxm/aO+IHx38WwfEb4m+JbKfxXd240wyWdqlvZjTYjshtIo0+VAykIxByRjJznb0fxh/aI1r4v/D7wjpPiBorbSvCWgHSdOsBIzRS3FsBH9riZmO2aQZLEjLHJ3YY18ja1eaHeaLoZtruOyjimYXMswCuGT5gRu6hmA+YncCRyAQB9DwjwzVwNCeMziccbnTrV6P1mpCMHDCKp+4o0YpKEKfLaaUNG21KTVj5Hi3O44mvGjg5xhgvZRnGnHmp89W0XJyTl79RaLmT1teytY/dv9jL9s74Cfsy/CY+PPiXo2iav4rivNU8OPoWnaNA2uTaFPB5dnKl6yOZIZGb95wSvXOGJH1Z/wS4/aP8ACvxN+M3jm68O6bPo2n+I9U1DXbax1C1jM1lpxleSyt0ucDbGMnCD5QCRjIav5TbrxJ4mvo4dMso5NXsormZMRQhmCsMblfblsgE55JXODtPP3D+xP+1V4i/Zs15tZt3tEsbUXSeIopVMuoCxkIKRWi7cyNCynIUkgjp1x87xxwFhsTk3EOIwU69bMse4V4wqTk1CdGrTqKjTinZQfI0oq6Tb01u9eFs8li8wwuBxMXh8HLDzw05cjUeZwcYTm03F2bTck3onzdz+nf8A4KVeKfDOpfEb9kzwj4k8N3N/omtfGLTZbm+tkAktpoZkaIqSCoR2IYDocZ4FeX/8FUv2afA+p/BHWfiXpNxD4d8W+Hj/AGkNYeRpr2+0S3iX7RpvkKQoeeBUUNg4xgAgGvzT/aJ/bfH7R0f7OHifSvFFpLa+FviCuv6okUP2PUtEs4ZoVSe6TaxkCKrErncQpJxnn9ZPjh+0b+yX43+Dt5p/i74q2mtanZ+E7ySDT4Gkkj1a/k0wPBY3sKxsGZ5wEEZ5BUgc5A/E8nwvEXDNTh7FQoYmGJVbGSqQjCzp03i6cZ01HZOtSfu817qztbb73GZdhsTRp4KFeVXDYZxp1nQbnSnzwc4VJStrCEpWutY6q9kfyd+C9U13+ydXvlsZJoNShUpeG0mQXBDMsaq4QByOCdpYDj+8Qem8O+Eb7WJteu9Xlm0qFNLy01u00bPNtyIySMgEDBxj7pHTFfY3gb4oLqvwStNUXwf4fMmjW/ihNFiSGC2e6tEupxaF7d0DNKIQioZAOhXONteVWvivWPEXhXxJc6roNt4ZdfC9xdAyBIzIwVisyp1yPukjjofev7DwGOnicLCU6er5YTTlzuPw2u1G8d7PondXsmfkGKw0aVdxp1JOMVeKcZJyUXBK2nVaNt99HZn3x+yl8RP2edC+Ckfgzxtpmq319qs0s/iDUBeRW8gutNQy2U8cr/vrZSQqnbIu/GTkMVr4X/aG15fF3w18SeJvAni3UrO2sPGl5FqFnoN2bW8Hh+MGKP7ZfRyRz3KbVBdMkE5OOhP5Ta/8QvEVrrN/bjxFcm0vphIVtbxoopFjG0BFRhyD97A+ZcDHJrqtE8ax3thHpxvrv7K0chv7NLp1t7zcMMZwGXczDqWBJ5HHAHy2H4CcM4xGcvMJzdbEqtUw9SMJ05RlUjUlSakvesrcklqlFR1Vj66v4jU55OsmeWqDhRjRjiFWlzKcYqCnTha0LrWaWjbb328yn1Ntdv8AUDqGqarOgkxb3FzfSlGRMhCzMWywwGIwSByecV0vgc6zJrunaRbeKrmC3uJ4obZI57ibMs8qpteNZAG45ChQSfQkGu+i+G3gTW7BNQkkvtN87egSCYGPOSVO0EeuGxg5HfJFSeBPBNr8PvHeheJHuPtlho+t6XeeTcSBXMUd1GxZoyGDrjk7gQFJ4GAtfeVcrwLw8qVajQnF0nyydKnKMJKN0nTlDd2ajdJ6O21z4DA5rjaeLo1KdevFe2hdxqzT5eaN+ZxV2mla9r6a23Pqb9rf4UeDPhzpfw00zwX4p1LVbvxJ4NS/8ZyamsytBqzSgssBd9yKrYQbiMLxjqR4p8C4/E+i6lqk3hTWZ7PXNM0xpIL9r14rdI0ImzIqsquMjIB7jk9a+h/22PFmm/E7xf4cPgbVLTVLN/DUEV7FbwiOO0vyFme1VlUbti8FvlG7rjkD5L8O6m/gjQPGE2pD7PqkNhDHDDG7rLco7ok0ce1SSQpy236E8DPi5JhadDKcPSnCnOom3UbpRg6kZVua1lovc2bVleytse9nOKqVszxFVVKjp+zi4tTqNKShC/K7t6u7u7NtvrY/WL4H/ttWV0ll4Z8X6FocOs6ZZPZX/iu6uj5OsX88n35t+QjIp++M7QM+w8W/b81/SPiNB4FPguO1vZvD9he6jrkejM1xYvLGHMZ3wqy7lbu23J9sZ/MSD4heCr7alvbX9pcvJGzRIs+xpkw5LNhc5Ykk8d8jGa+0Pgr+0J4LTRtf8MTR6fpetDw9f29ml1YG9Gu39wSttbtLIpMJVirKw4bBx3xzZtldChi45lg8PKtUjVTlRjNRpQ50k2r25WtNLrmeq0aOrJ8ynWoywOMrwp0nBRhNpuVVqUWkk7NOVvtdOZK1z9TfhZ+wZ+xh47+AXwn8T+JNaa08SeJPD6+IPiG8HiKAanp12LfeBHZMA8YjcbXiJJI4AJBz8a+Afg9P8JPiZc+Pv2cY4fFerW3iO+8O+G11e9jgtb7RnkeN2nt87RKQAI5chX+boCBX59xfHnxr4dvtT02+0i6juLWNkuJLee5gtXjYk+VHGn7sRhQAyqAGwR0xXPx/tF+NLCxuJ9ALaPBeXWVEElwJrabdiSWF1/1R+8d2VPUEZrzIZHndb6062PVbD1br2FeUqlKUKkleM4vWyXurk91LfU9+GaZHhVS5VVWJp2lGtSoxp1Kco0+W8GoxuuZc+vM3LyVj7g+Ln7UXjLStc8S+BvHngTwHousXNzcrq+qRwQXd7o+rxHNvc2AUk/aSoJVkJCjcAemfmz4X+I9V1f4kw65Dex36pCZ57h7UJvlXkkq4w88jAFA2SucqOBmh8L9X0PxNc6p4k8cWUV/dX11BajWNTd7m5hu5CA904mGZEXJ+Yk9g2DzXQeNb23+F/i1LLSb3T9YTUXt7yzm02OO2ihF1GwRXYcExlgHVyQh6A8mvo8vweEy9/ucLChOWH5KtSjzKF3GC0b95LmbcUl1Z8dmGLx2ZVLVcXVr0qddzoqvKTkouXu3bSV0r6pWTuloeT/EPx7rV78TPFmq3l1cBbuSOyuoEiBlEMfBUSDO0ooGSCOoGCcGvrv8AYO+I2ieEviH42nubi10ew1Tw85F1fuwkurrKbRAWb/XPk9DnIPy4Br4CbU9QtfHWtLrk9vDBqHm3F1cSlbhUMvz79wBwv3RuyflODuFXdI1ix02+XVYdZR7W3ngWFop1RYpopFZXKLtDQqyjdkkAAcYrpxEW8NOnClCfPQVPmkrrmio3vdXS2bcVfmv6EUXCM4OrUs4VFLlUmpRdkna+tmuyd7O70V/uP9tPxpqWq/E7TNQ0SG/1XR18MR/adSTS554TJtcmFpvKbYD8pGWBfBwNvDflBqniW7l8ZWJfTZ7VzfWUccRikUqXu0wxhCBgp4PIAIHOckV+73wP+OuifEXwrqnhjxB4h8PvrN3Na6esKWVpcBYmUJBcvIV+XhR5mWHzdVLcDw3xVqHwO8J+NvF2n+MNL0c6voNveSWvihdHilS7uAFe3ijCHYsicGKQY2EZ4yK8nCZ1iqTWXzwEoyoKNJzg7xtsrcyuk9dbvW+2y7MVw/hpw+vQzGnyVFzqnVglNOMbcqac7vmVr3S3drOx7x4X13xNeeH5tFa7tIVGnadL9rMaqqo1vH5okJ2ksIyBtyTyTgc5/W/9lfxx8Bfg/wDBKF9B8U2EvibUb2bVvEyw3sERF+MDy5kZ02FHDOQMj8Miv5xdf/aD+H3iOxS3sNZ1u51KOzhEUelp9kgmCZVxJGrDmOMAZznj5eteYeG/EvgTVvFEun2es+LLCaHTLu7uLS9upotOuL4gMI5X8xVVJX74wvUgcAdWdZLLOcFTwlSvUowjKNVRhyy5rK0YXbS916tXTa3VmeXlONhlWNniI06WJlL3EpOzTclqtNXZJd++iPrf/goZ4ttviF+0H4mvNM1jUbjTb3SrKZL61vHNlLJGxcW8WyQqWG4Asn3s9QDivgy61RtJshBcazqLO6H915lxt2AcoCAScDGc8Hk88mvTo/2mdFSYeGp/h34ZvNR0y3CnUbyYXLyeS5U7pH5LFSpwc5BGMGugj/ah0l7ux0fW/hx8P0tp9/mXcGjQXN3HAyNwGYqA2DlcHjAI9aWXYXF5dg8PhKOFjXoUKcYxqSqQjK6cU3JNL3m721ta1tLk5hiMNj8ZiMVVxEqM6s2/ZxjNwi7x93mT3jdr5W31Xz18O/ip4j0/xXdWmi35s4rvT5ba6dVJlnhGQVd2BckjIIBHU85wa/Uv4Ba5qus+OPhk9xm+s0guo1gkADyyOgBfgLwDwOWOcbVr8odAg0qH4ly6lbSvFp9/Ne3UcTWbRwwpJI7LArFRGqqCpA3KFUkZIFfp9+zrdawPH3wxkMSwWD6k8Mc0RMm6NSGwQq7VyNuQT6E7hnPncXRtlOOly25cFVk1FKTi+S9tHolt626vX2uE+V5pl0fbOS+uUVG+qd50lfSTSd1Zu219ep7l+0d8X/2RfAPxO1Xw38TPhrdar4vutLhvbrUY/DsV8t1FIgTDXbNvADcDOSOmBwa+jPh0fAEnwfbWLDwDeaf8MH8KXfiKfTlst8MOg22+W63WAcRlWUM/l55yTk43D8f/APgpBcQp+0vqsE0s6snh+2Cug+8jTBsH688jAxgEKOR+4XwsheH9jXzUH7pvgDrcZDANlzp82OMDrwQDwxPsRX8z5pl7/s3KMQquKcsVKHOnUk6cFK1pQhtFW6rS19T+gMszaf8AaObUOTDpYS6puNGMasmpRTU5J3adlu7drdfzM1f9qL9g6BXHh7wA7ag7bdKkPhPyQl0XKwyIwLFcSNuQg9emc19Y+EtL1268S3viK+W8Nhrfw8s59KW5RkEdvJD5kMSRucLtTaoUYIIIBByK/FXwx4Y+0+O/AcZ06Roptb0cOrQoIJA96jbGBUYJBGeMjGCO9f0q+K9IWz1PQLdUWJIfh5hI1UIiBYWCqAFIGANqjAAGe3BxngsPgcfgYRnVmqjbnKrLmtK8EuVdE9b3urrTW56mHx2KzDL8dOpCnGVOL5I04KClpHm5tVe9t/xa0X8rH7Qfivw1pHxK1rTvE9m11Kby/ltxNbrcxIovGBAzkhhznHQfr41J4/8AAEMkUkOlwKAAY86cAy91IchcbSByCCSOetdt+13La6b8VdYuTp6X80r6tKxkZVMTR3bncvXkjnABJ3Fvu9PkHw/8QIr/AFTS7G88PpOLy8S1wX3CMPIAHKhOq5OWJ24H3R1r+mspw8XlWEcaj5ZUYSTbkle0dLJba2+9n8oZ1jasc3xkZQhb6xNNPlu0pq93bme9ttF5n3Tq1xoeqeE9AvPE0sFt4bMv2kyXqiKMO8e+MOSxKZIAwOADj2LvEGsfDTRJtPTWdf0fSmudLt57JJbyRPPsCiCCaHj5oWjI27c8YGQCKx/jdYWEPwi0SGe1jWzlvYrXyuVDN5AC7R14bjpyT65r5h/aC8LaxPP4X1Wbw7e6laW3w6sYbR4kLrbRQRoiuxwpCgDC5JOD2Jrq/s9YiMJynOFrpSbfKrWaimlpe9o31Wuia15p5rUw0nThThK9m1JJuOlN6635Vzaap62dun0ppy/DbWdQJ8OahZalqSkXMDWlyXJyB84BXfnkZJK91Bya90uvE1t4T0XTNbvNXfQ00y6tLhdRjcpJbzIFxIr9AwJHJ6HAGeAPz6/Z7vbX+0NCKaVJZXf2JopQyFWYbhyw4wRgk8A49K+l/j4A3wo1vzCrKs8RCY3ZGV2nvwAB6jjPXp59bDclT2NOc7y5Vzq7acre8r21fTtp5nrYTGueEnip06bcKbfJ9mTai1dLRvunrquzOo1/WPhZ4y16+8V614i0zW9V1Xabu+vrxXuLljjy5CeGBA9PUkcgGufsdE+GNzq0UUH9my36XML2YikZ3NyGyoiAyHJwG28hSOSRivg74b+FrXxRrVyb6S7sNO0+1ivrm5hjkcLbQyIZyiBhlzFv2c4z0xgCv0S8beOfgT4huvhLpXwg8NyRXGl2UVtrPiSaFrSfUL2EKkjSxNy0rtklwMHbjviuargq1KTSr1akYq7cnpsla2ttk1ZK+z3M8NmdGtNc2Fw9KUp8qsrycrq7tyrycX67NI9Fub/RAzQa1HpbSwqLe3/tPyoX5CjEe9gD15IIBFZ8ui+AFKpqFr4e2zZkY+dA0nPPZssctlckk9R0NfOX7SVqhtNDnul2mO9clopJFl3NgjcyOpY8ZO7BCjjPIHx74h1m4v57E2InhNtAyMRcyhSYwFBYByCx65w2Cec447cFl1WvhY1liJ09Wo02315ebra1rb31s1pocmYZtHD4p0Z4aNSzhaTs371rprld0lZJNOzWiP0vurLwtazQzaFJZRSW93CgjQxtI8bTp90KxBUYwCecdjwR+gVuV/sG0RCWM2jxEFgDtK2wLZDDI3DIIOOyjB6/j78GrGS40HSL68Rp5TPGDOsjs7N5yBQ3zckDOMnnoSep/YGyUNo9s4IQR6PGqFs/xWxy20/7vOCclT9T5ub4aph1QjUrTqXbaUm7r4bvVu26t007WPcyTGU8TKpKFGFNRUdIq17q7TVu23k9LbHxJrHx/wDgZoGqXela5YM9/pk8lvcumlRyq8yuQ+5z94Y549eTzmsc/tKfABXNxBZFIi2Xzo0TA7iAu4YwACCMkjHBzwa5P46XnwMj8BJprac0nxGPiq7u9S1CwshDI9rvfIuLvkSQggAoR0yc1+fur3doljsih2hrnCEADdEZFAToSRt28gZyDjOeO2jk1GdGlVeIk3KKm0p+9FtRdrbpb6bu3kebXz+vDE1KToU1CE+WPPT1ajy2kpX1jbv1utGfs/471fT9c+CXibVtKBFhqHhSe7sQEWFEgki3KBGoAG0cnHGeOgr8lH1eSHwNbWovZoSguHe3V+GDEqpGcBV4yOh9+uP02nlx+zPcCJdqnwGOSwx80OWAA7jpx8wx15r8tNHjgudIe1vFLvcRqluyKGYDe2cHOMbuSRgHt1FexksZKnWgnpGXKn6cvo23e673W+x5XFLU1hHK3v04yaWyuk1r1u2lpe/UwNO1OQNZlZPNZJ7d3M8eWb96B3JJC8kAZI5r74+IGoXTeGfCTzWP7nybSRJ1DdBBGSUAHIG3GNvykdmBr5O0fwlYyzpHZRC5ntTDJM0xAbarK2QeVIHOMnknBwc7vrHxlr1zcabpmmRwmSOz0uB9rKI40/ciMiMBTnkNjBBznIPGfRr0qi5HUu9XFLW+lvLv0Teut7HyMYUqtN8l4STsubZ25b6N6N2Sb11tok1f6r8F+Nzc/ATU9N+yXOozQ+H9XjtLxgXj0yMwPvRoxhcvnAY889+DX5IpITLctKkvmN5rbh8gBDknA4I9eBkZI6Hn7U8H6zrtn4T8S2lhqs9jp0/h64UweaPKlkkRjMgjwcuwLBWwOcgLgc/DUt1NNM6B3jihkYNLtwSWkAZSucliccHG0nI5zXkZVgFg8TjqnLyLEVlUUoWvJuMfek7Kzdnq7a63fNYupGap006s6jjZWnJzSatZRu9EknouvLbW5mvdLHq8c1quZVeLe2SSpG0liM43dT1B7+tfdf7PDaT4k1Kwh8UXs1noEF79p1G/jv3sXjaBQ8YKqykKXUAsADtwCK/P22WcaxOkL7y8sY+Y4whYZZmztBOSvGCO2civadEF3ZzraRC5KvCxlWKd0WVWB3FgpUMQOo+hJ5xXncW5NDPctr5fKSh7VOKnyqUoNpe8k+bW17bu7ufUcJ5w8izKhjXBTjBrmpufLF2tZPlurNu7Teiuup/RR+xf+1d8FPhLp3xX8P8AinxsdJvZ9ch1DQrqWV7hdSjj/cWscEzH5mQFWZs/Mwzkjp+RP7afxO1Dx38dvGPiyaS4ktdZnSK0v7hXK3lkqH7PKgcKAWUqcgsoz97nFfP82ga/qd7psOjwNfmaWwiW0YgPEZLiNIyZeiq8mBuJyOcDgGvXP2h9L8Ytpmmv4tW1tJdFex0lrKAJ9st2+yr5YlkUYkBUcHLZGD7H8b4I8JMh4L8RMZxfhcTiJ5pneChg6lCrKPs4KkqPv0oxipXmqS5rvTaNtWfoPGnH+YcT8L08qqYOhSo4XFLEqrHSpUjNtRhNt2cY8zUdLu1+7Pmyz8WvozSanAjB5LGWxXa5Vishwx3EDoNxBAPONw6g0rzx/Je3NtHqk8htLZ7d4NjmSZvLAXY8h5IA6DPy8KCWrA8TBrHR44hKFeOYBVIAYq4I3E8nJ5X+Lkg9M14vLqV1DcvulYhcFVcAkAnlssBg46Zx64Bzn+jKuEpVKka1SEVPRKXKm0rK3W+6dtVtrpv+HQ5pRcYScYy1aSTV/d3ad3srW1aWz6/TsPjfTILvUBLeXCWksqXkVszO0ckqD5NyknOF+Xaf97plhx/iLxhZNPPqERRxMwYqQA+1hz8qnlc4AzjB4Bx08Yg1Fr26lMkrsRGwXAIAJXOcEHAzznoQPwrLvrt4LchZFYs+GAORtI4Bx2xkntkA89rw+X4eFRuMd03ePKusHd62a1e3VNX0TMqlSXK6cpydm7JbpK1nq3fRu19ktOz9DufGllqDT/ZJZo3NpJCgAMZJUbQvbA6Nk5zjqBjPk1w5O+QtL9oaQLuc5XYScc5Xg989ueuBWLayst0YEmUuAxUkBeXIDYPrg84znPXoa0l0+aCXzJ5BIwYBS0pZHGDn5f4jkDt9D1FekqNOELpaab3d2uVPS/brfv3VsaUGm3KUrXTT6K/LdKzloknbre9lofX/AMDrYSaLZO7l4lvbgTMRhR8mAMNwOq8cgEEEGsPx1dKmvC8gjiuI7WG6geMowZ0UlQVUEnAzg/gQSOatfCTU9Oi8MRWceoR2+pJey3DpnO6GMFmxwQcjPGT1x6V9/fsA/Hf9k/4W/Fb4kXX7S/grTPHdl4p8N/2b4Nn1+wW70TQ72cmG6kuVY7bdnVi6Tc7NuQKz4Xyj+08/nhnVp4fnbtUqtRhJrlsoyk1H7CVrx3XRpnocYZ1LJOEKmPp4LEZjLCwjNYTCRdTEVEpR+CMU5PltdrlbfZ7H5n+EtQtNQ8yNLWeW4aYsrQucJEJV3qNpwDgFCMEgkcYFfZfxy0ZbTxp+ztc21vcpZLpOk3dwpdhsLBupBydxBOD179Aa6T9t/Tv2XfC/xq0cfsb31he+CtR0Oy1XxfBBe/a7TSvEF9KJL22013RdtsjuqLGBtQDA+XkeW/tZeItV034n/s/6TZ3Ihs5/DfhNrmMuXyJ3cPjnGGJzxnrgYOKfGeVyy7HUsNzwmoxqpVKXK4yajGz5ot3Tb1Sb1Xcjw4zdZpkscznhMXg5YmVCTwuKo+yr0X7RNRnCSjJWfX+W11ufKH7SngjTfFPxf8RX019cxsWhQLuwuAuBgZAI5PO3dwexJPkdp8DtFCln1O8Ys24gSZAyAem4knO7ABIGNw5zjqf2pvG2p+GPi/r9nZRQSRgwOC+HZdsKFsNjADE56ZGCACD8vz6nxv8AFUSMiwWfythSRkhQfYAHHTnn5Qc84r5aHNGjCFvhpxV76bJfK9rL5NNH1mNknjK8pXu6jejd76PS3S91va3bS/sF18AoY0e8tdUuYpQnmwKTuy65YfLuyCSAcbSQMnPavuz4C6B8Q9X0aGC++KutaXHYwx2cNhp6LhYGAjRXZQvKgHGAMYySK/L5v2hfGpWNUSxXaGyQnLIO2OThgOcY7jk4xNbftOfE/S0kGh6wmk+YCsot12kDHIA5GO4OBgdeOnkZvgK+YYb2dJ04VVrCc0pKLa1dnFtO/ZXul027ckzPDZbinWr06lSk0o1KcJODlHR2dmm7abuzf93f+izRvgNpVlCLrUPiP40vLy7hjkmkW+8sszKCSuCCFBJ56546EZ6yH4XadJZhF+IHjhkiZFUf2wUCovGFLEYCgD3xjqa/mzX9qD48XCs4+IOtiMKEIS5cKASAFU4AwOeAAAOmMnO5ZfHT45ahCQvxB8SELtB8u/lUDABJ44JJBGT756cfDvgzOKjcqmaUvi6UrtaxaVuRbO+217+Z9+uO8gSvDKKsdk37TRuyv8Ur3031769P6K2+EmiX1wWT4g+PnkGEBXxAwwoAJVsHkE44478kEhrEfwP0BbgySeN/iAsgUgE+JAPcMfmHJ7c9uhNfznD40fGq0mYHx/4qU7cnGozKzFsqCeBgk9segJ6itm1+K3xsvzIq+PvFsr/KVX+07gnkZxwduCxyeOhwMcZ0XBubWXLmtLZOyp6fZaurW+a09OmL47yRp/8ACRUkusedrqrO9+mrXrb0/oP1X4E6DHZLK3j7xrguHYN4mG4EsAo2+ZjAHvxj5csDW3b/AAQ8JJaof+E48XzOYkJL+KlXkAbifnDYznB4GCDjvX85uqeP/jSIYhceOPFxVgXI/tK42MFJ4yDk4wc8jBx1zgY9r8QvizOz58beKWyTuJ1W6AAwPl65wMZxngZz2xpDgzNHFKWawsnd/uraNR8ls7X0ve9tWT/r3lCTayeaukleou0d3qru71s9Lvc/peX4R+A3tkjbxf4heQFQz3Hi1VUEZ3EMJAc84zkZGcDqa6zSvhj8K7BfObWb+4mjVAGufFYmUqgAb7069/m4HfI6Zr+Xm68ZfE2OASzeMPEjpgsM6rckcMADguM9eT6nPJ6bdte/Eu509r3/AIS3xAU2DaBqd2W2YIJ2hxxlsgnqCPlB5qnwZj7JPM3bTVU32W/K97fhffrkuPMBGzjlfXdzV3ZrRe69vJXfex/UGPC/wrspFmumtJYTmRS+vRSMR/CWX7RkPwMj0IySTk6KWnwbaQSW2n6JKyr+8FzqsA5x94FrjngdB69Dg5/lrkufiFJatcDxXr4jiQZzqlxktyW6yZyO+R0OOOSOek1nxwCobxJrhX52ONUud7AdB98Z6/TkAexHgjE7yzFvXrB6aJ3Wqa7aO/oi14g4dPXK09teeLvrF2d4R1Wm99d7o/rcsJfhZBbH/iWeFArsBGG1G0YsCckHM5xggjoASD7Z1I9a+F9isgbTPDZJI2mO8siQOu4MJm45PPQ8V/KZoKeNdS02G7i1zWym/DM+p3QztxwF8w9OAc+uSScVqXR8YWoTzNe1o53lmGqXfGDx0k7e4Axj0yX/AKhYhuMnj5NWvH3ZdeVNfHa6u7NJL0sX/wARHw0LJZZytPW9SNlfk0tZJ31101a0elv6qz4h+GyskhTQIo3AZwb/AE4vgHgYMhOT0AOcjp0q/J4l+FYieSCXR0d0+b/TNM5Bz9wA7QRkYx1x9Fr+UGWXxg6I39t61sZdzEaldE4JJDf6zjGMZwfXJI5o2+oeMTPcxtrWrKsBU/NqV2MjOFXPmY3HnLYyScdODhW8P6q2xsul1yy3stvefbS7enZvTopeJ9Gm4r+zYvZ/xIrS0b7xu72el9Ffqf1eJ42+EcfyS6xpUCwseEutPyWHUkKcnHQ8f7XXDVetPiP8JJFnDa1pLJGMITPp4BVSQNuRkr1OTgEY68V/Jzdv4sgdfM1jVCroJMG/uWyW+kh7E57dmORiq8dz4k2jbq2qMG5P/EwucgDG5T+8wc8AjPf3yM34eydr46VkklaL7rvN3e2m2zNH4qLZZZFJtXfOnppfZbaX03ezP6zk+JXwrM8csniXw7EuT5cRk0+RyBjaSS33h3yOhPPGatf8LS+ELPJv8V6KCem2409VJOeVXn0zwB27V/Jc0WvLZRXb3movvn8sD7fclhggAAGU4JPXBGemOM1r29vrzLvE9/gLwPttyxbI4B+ftngZHynp0NYy8P4xlZ46pfTRq2vutL4kr6K23yaZS8TotKTy+ndW3nvL3UteXVJ6Lp5aXP6th8YfhKrG1PibSCdwCt9o08KCWxyeOCeD1I59yJpPix8MIr0XX/Ca+G4oljCeUdRsQc44OB8q4+mc54z93+UJ11cycSaipRlUk3tyMliAMncBxg4PPBz2Ap89nrzMf3t6Nw4L3tyVOBz/AMtO3Uc9R2AFNcAxfK1jaiStpyrq4tLWbXZWtpt3Jl4nXSX9n0lzWTXM+ji3q4+dltu15n9Xc3xw+E1s8RXx54UIBJfN/asQMnjIj7Hrg8gn8KU3x/8AhK0kip4+8JMcE83tvlTjGSxXA46jAyAAepr+VfTLLWprbe9zMCzyRENNPlRuzkAt6ZOfx7AipeaNqturP9pu2bcwAW5mGcjGAfMBPfJUcDHHTdUeBqW31urra9o77dOZa22te/Ts834lyuuXAUnfRXk1sl01vZdtttXY/qql+P8A8KpLdl/4WD4RDYwrR6jbBg2eGAxyO5GTjGQDjFQQ/Hv4VwXCx3PxE8HvFJEqoHv4WdmJz8+ASAAODyDgEnJzX8nh0nXvNZUluMhlIBnnDLlsZOH55PTPAOOMc7N54c8QwWUl07zMVEZ81JJ2MYIHy4MgJ4ySOpHfg1ouBaSaax9TRJWUbJbW+09X2srWvq9CF4kzS1wFHRJXUn0ceyVktdetl/dZ/Vfd/Hb4Ss6svxF8ICLeMKl9bnaVAJyzcY7gnPTBNcvq37RPwmt7h44/iN4QQqwMjR3cJLICAV5H3xxz7HBySa/l107QdbvYpN8k5WJgGzLOjsWAxyJMgduQcj5T0qFvDOqSzzpLLMqR8DbPKZAMHqS43dPUZzwa1hwLTm7SxlV3trya6cul22+jutLW0toZT8TKkbNYGiu+rtdqOnn100W1r3sf1Jw/tL/B6G0edviT4WcOh2xtPE7Es3Unjk9OCQM55wFOBrP7TPwcN5po/wCFpeGY7ZYP30STxExtISoQjgYO7oD8uenTP8xDeH7yNBAzXBwchzcOu3kHdguejt93OTk85zVabwpdnTdTuWuS01qsDRKJHZnWSRUCqS5w3LHopyTjO4Z1XAdFJc2MrKLSTSgk9027q3V+lvlbOn4n1+e0cDQbejvJ946ba9tNdtUf06T/ALSHwaEyxQfEDwnPAQ3ytcqu5hnaSd2MYIAI5HcnoJof2jvgy9mY28ceFYWLH5kvFbOOMqcg5yRlc5zwc4zX8vuk6TePcvFN5wWEIFCzSh2yApzljuxwMAZ6rkgmuzuNAuI4GaOViMhVXLswDcY4ZcBiOnQnr0qXwPhVF2xVR3STbgnb4X3dvnb0szqpeJeLm5N4HDqy2u9btb99ul3skr2Z/SYf2lfhFb2rhPHvhfYFJBW6QPnaSWVSSQCMHOORnGcGvIrb9oz4Naf41uPEdx4r8PPp93aiCea6vy88Vwo4cIRkQPjrngH5Twcfz/R6Pfk/ZmE4b5sOXkU4AyMHcBgdBlSSQBzxVa98PzJZXbyySiSO2mcM8jsWCq5BIIxwc89TnABAyNsNwLhIJ82Km+Zcj92KbXu3abd1bS+vkzKt4iYua5vqVCKTTWttUk1y3Xl87aa7/wBL1p+1t+zldGOSXxf4ZRowASl4xWR1O0ENtB4PYdeM7hiuJ8d/tQ/Ai9Ecmi+OPDtq8cqO/l3LMZiq/dwEA+Yk5IJLY6LkV/N14E027vdNbzC8zCSRtzMxwqt90HqOSMckDJG3Fel2/hJ7tFJRUChgWw2VYY5JYd8jHHHIbtWkOBcFQlzOvXm76v3eW142sl5dX231Ma3iJjp01F4ei7pXaVtfd166t6XcrPp2P2ruP2t/hc5is77x3oKRM/yvbyu0kZBwM/KNqkbT3bBKnmud8Wfte/CebS9R08ePdMuYZdNuYVjgMiTyu0ZCxo+NwLnYDwOe2cCvxxn+H6yRRSDCyCQh2YMwwvOcDAzu4Azg4HcZOdF4Ee6fcwjjBJRWRNj4GQNh4xkdQMjBXBHbaHCmDp1I1HKo3FxcbWaunB2stPea3f47nE+OMXUpSh7GkrrllupWfLHRJ9rrrZPue/2f7Rfwy0W8uLrUL+6hKT3LvG0LSxmEyEoVUqAzSZBLHk455ya9Itf2u/gnN5bpq140e1SDHA26Nhg+UVwMdO/0PXNfGWr/AAsK6Nq9yIxdSxabcPsYBioRQRIGblW9c45ySVyRXyH4T067mEsaxFjFNMu0DgFZCCG4JzgDPQZzxySfvMGpVYqDVvhSik07Kz11v32a1V7dX8VXrRc3V5ItSfPre6baeuqSTXS78+t/2ei/a++CoYk6nessZGEmtyy8E5BAG4KTyG4AHTio4/2wPgnOzStqkyNkosTQScL93+In7wPBA3Y6EjOfyZk0TUlBEdkFVwD8yjcU+oBGPfB9etYl3ouo27+YlnLtdSA7JkehyvQ+g/HHpXX/AGfJtNt2WrWq6xtsteun5pmP16KWtKHnHlavtqlt33fy0ufrvL+1r8ERJhdUkRdvyr5TABzgtuGQQRkfMcZB6gZWtOP9q/4EuI9+sw5ZAjM8T5RiCAxJB985x64wSK/Fp7d9xE0LlgSAAAcgEsSTggZPAGRjnBFI8EhwPKIUgE5AyScEEfKSR0GBgY+gpvAtRaim7vVpPS1nty3T0WnTXXUj+1KSuuWK1+5q2rs9ddrbfn+1Q/ad+B088YXxPppjTlWktuOMsQzuCwUghQOvGRwzA+VaX8fPhVNrXiC8bXNEtra51Nntx5KsZYgAPMT5cAE8FTkcdN2WH5QPbSrGVSAbfnLZX0zghQDzyDnPfBGc5wdMLyvOpiRikny5wAFB5x0A5JLHpx1PU5Ki6biuWTlLRJ3V2nF2vu1pvtu/NP67CcW9GnJX8naOmjdl57yaWrbP2yb9oP4PRyR7fFOkYVc4FvGeo2jBZARjPI4zzjtiAftDfB4ylp/E9iCv3BHFGE2tkZIMQ9sfKSO3YV+OEtpIwjYwqCeNq9OMDhc4Y9gc5OMHoQImtJWUEhRgYHBIKejDkndjrx7f7XSlPm1pXS5d07bLta17rfT7kc88VBJawet1e22m9tfVLbZXW37Dy/tF/B+QASeIrUqHwRFCikjJ5yUBZmIJJOQ2SBnANXW/aU+DaYWDXrbcqARmW3iY5zhiSU4PUckc/MOea/GgWcpQkq5GegzgAccADge/UHqOlN+zyFwuwnIIwMBgvOOCQ3A7+owCcZo95WSppardO6tb5W89PXcn65ZXcINNLqrO1layW9ttWrvWysfsjH+0f8GlUsNft/OLncrQRGMZBBKqFGBjnjHzY75yh/aK+DDyLIfEUDSJ8uwQxIuevZSGU8ELkj3IG6vx0NoVIAiOCWPXGOuCeMjPIAwO5wORSmxcMjlTjBHOMkdDtAIH0wSM8nJFR762jqrJqz3XK+3X9bgsamtYxVtEr+jatZu2t+nT5/skv7QfwUXf/wAVBaSFkHysE4JxjaAq4I56kY7/ADHFJH+0p8FoIWiTV4Hdm2nzIom5GAGyUOVJA7gdA2BxX42/ZWVlby8jLA7sZGBwSRwOcDA5HPsWvx2CeWshjbKgnnoSW5z3zjOAeo3D0BaVSzSUbvpZ3tp36b7arq9Qlior3mopvd3v/Kuq7Wta3dPe362TfHr4OzeK/wC0X8RWUUS6OYvMWFGgM+8FYzEUIVwB94EBucKCcVrP+0j8FQN8/iSIsoXYLe3hKKV6ZCoSSfXA6kcgV+LmpqU1CONCwjKLuQZ64wdw45zjGeRz+O/daG9vp8FykjAMEyoBCkyAdCRhsdCCMhiOikkRFV/fUIqSjbmvd63ja3yj5v8AG7liopQ57JS5eVNvpy22k1bd+nU/Xp/2o/g40kol16ExHaF22UeSeANx2cEY5zgDj0FVj+1H8I0n3L4ghEZYAf6BEGChcY4jxlFGT+OeOn4/RWc0Z8wkZZ+B8j9B3J49Of8A69PME7FyNmFxyUUjt0JBBz34DE8CojKslZ0U3pttpypK9+3XW/VbsuOIppJpx7WT0d+V7J9dNkn6XufsKv7V3wjjZ3i1wh1yVxYx7ZGPy4A2HgDjYMeuQDxLH+1n8GzJFNPq0sneREtI0HJDDauzII49Pu8nrn8dlt7phIUVApABO1TnJ5xkjBxgngNjuM077LcgYPRQATjGMnHAAIOcEYJGOM9eNLVZNOVOKfW6dndLe1/RPZ6X2FLF0uiT3u9Gr3Td9+ml7ra9u37BXv7W3wdmDGC9mQoxkQtbRnJbgFxsOMEDgcAE5zxieH9rz4Nx2ywG5unklGWkWGMBTgg4IQ4UnpkDB5z0Ffjz9kdgwVWIGTnbz1ADewIJ45zuG7nApn2U/LGqN8rHkHgAdTkHBPU9x0Oe9JKrdr3Vrbrpdra9km3+NneyEsZF68sWn52b+Hdb7N67W6n7Az/tl/Ca3trmOKe6d0yICYUHH94FVOc+4IPDY5rz3xB+1x8LtS1zwtqDahdqunNK92ETHll1UxhUUAH7rZ6dQCBX5mW2mCRJDIuFGdhPGMkZB5O1cdT378HnjtUtHt9RMafKN68FQPv4JPTgY6f7J5z0q5OvCMZPZWtpo76Xbtq72S76W62UcXGporfCrJdLW6rfe19et2lqftLB+2h8G2Qme5vjtT5fKh3ZwerjbndxnGc5OenXSH7avwQEXBv9wVeRan5nyeoyAV4Axn2IFfjNZ2EwAKowEqfKCvJA7jKjGT8obPpwM86qaSTH80cmSrsx28bv4RwAOOOfTj2JBVdPdi0tbuKTTVkruMb6tpXd0+tzB42Ebq8bp2avayuktdU/d1d3p6H64y/ttfBgCQeXeBpCAfLtCuAuNxXB+bIAbbgcnv3qTftr/Bx2UqNQXZtKmK1KNI3TEmGyFHJOcntnkbfyU/s0jn7OTvIXOAd3oM443EjDduxPWlGlbV/1T/Lls4+8RkY/4D79eBk44pe2Tuow1SSSV1bTa9+mvVr1sL67T8tlopRSvp3S2+/tax+rsX7bfwjEkpKasrOOSIs7BwQVGO5zt7gMM9Kf/wANxfCUx7BHrJkBJXELHHJHznA9M/LnBOTheK/J6PTUPPlMXK4DEAYJPGBtznuRg4HI7VOulByR5L7iyglFGB34G3nn2PXOfVv2stOWFtHpBc32W+mmuvqvPUeLp2vLk0sm07O2jdnba3pt5H6tJ+298KI52eOHWApC4DWhcFhj5yCTx1zgDJbrwAJh+3H8LPtDPImuhQQyLDbbY8KDhcZ4yedoJ59zz+XkfhxvKR5IDhiQAAW/3QcAEehDZGeB7ul0Fcb3j24K5Cgeo27Se/OeoOcZOeaXLXTuuW+mnKlba3Ty720vfYj6/S7J2e+2/K+qSvrvtu76a/p/r37aXws1DRdStwurCO7tJEjWeMLumYbQpPZQcDA4JBryjwx+1P8ACvT4bMait3crAh3RzRMyqzHOI+BhR0AwfqOTX53eIWaO3+yABfKDNuICsqnOCCB0PQY6YznHTlrW3DQRFh8wXdnJIYjnAA4B6buvbK4wK5p+05rd9XaO/wAK00026LRpJW0PRo4xRg3GMWpWTb1193RNvRWTs27Wetlt+wdr+2j8FrNz9n064wy4DNbNuUtncOSBzng9Rj5SMjNkftsfCB5WD2l0kRDfMkEnzsdwIIz0ySDk4ByOu3H5AGLcDuRsjOMY5Y8AHIyAOhPOQRjAJw8REKoKSAhuMYweM9cAkHA68453HIqlOro0o7XV0ra2ve/W22ny0M3iVaztbe76WaVm2rX31b9b6n6+w/tn/B3zArQ3ogwT81uzNzglSQQTu5x6duCDVSf9sb4LySbltL3ymcF1Fu7cqTyAX+62T06ccHFfkWrMzFvLYHBA2ngMDjJwBjd0yPUn0InUyBMMOA2WIVdxJGRgnBXhScZPf8WnVla0tL82zVndW10t5fPXQzeIdlpF3dttErrRtJbrVaWd3q0frc37ZPwWySml3QfhTILVlBQcYHIw2DwcYq5H+2n8E0ttg0a8kXJB3QNuQg9RzknnAH589PyGjkwNpjbILnJONwyAASAO+MdR9OtTqQrbWi3Od2MkElcn5TwOec4xgHAwCc1fta103Z2sl56Wd/ldO/WzT2Gqysvdj366Xts1u/vX5n6+Wv7a/wAGIREBpN6AAQ6m2Y4JA+bO5t/udpOc4HcaR/bT+CbNlNMvVC8EG2boQeVGcHGMkAAkY6cEfjrCBvykB2kEbQMEE9dpIznPPTvzg8VaRWIKfZywODkjcx4wQSQFGevbO3+7kio1arXuyWmvvLS/upaO++u2l3a/cVdWWkd2m73stLWTWl1stNer6fpP8WP2rvhF4j8Nw6Zpenzpdrqdtc7xBtJiifLMXJGDklsHgjJNZ2lftV/Dq2uUc2Ny0aW8UaSCA4JVAN+3PDZ7jAB5x0B/L/VxIWh+TylWTAC4XID5+YHPPJznJGRyOK7iwsoxDE5WT503My7R8oGOdwIwTgdjmlF15TbTUmmtbPd2VrrRpa2202ejRc8VGlTjKXJytK3a+nXprp3082fp3bftj/DlIyv9nXe8thSbchduTzgEAHGRuxk5HJ6Vcf8AbH+HkDLs0u4ZSCP9U/3mBBPPJB9z/wABGePzQgsm3bvJDpyuTyQxxhicZHTA+YH17U8WylzGsBc7WYhznbjn5TgdPXBAxW0ViY/DKyvfXe+murvre9+nyZyvNaDlaSTbe9m/ne2q9Ou70P0uj/bG+HvmnGlzrwSAbckMWzkHJyOeOTgcknsa0n7Z3geON1GkyvlsFPIBGBnkEnIwMHHQj6jP5vvbpCBN5TLgBQGUEHkKcHHOR0xjGSAOlUJYnYsWCKcDC7BgjIz8uSORxkEAij2mKTXv2dtUle+iS02ul1eujStup/tOk27RS2vorPba+u3R697H6Rx/tqeDowCdFuGySQyxFsbiMLwccrjsOvHrUx/bZ8G7kI0W7VFXG7y2OCMchRj16H0zX5wrZgxMZSxkZSUKKMAAcKRx1xjpkAjHGQIHt5FKIV3AjcAyLuOAcYxg+pPHfnjAqLYmWkqlndX93VW5enS/e2tn0BZpFWXJG9k1onq7add+u9117fpWf21vCEsiB9JvUx/y1WJssv8ADkk9cNkANzxk81Um/bR8GM/mPp1+hibCKsRCkZAO4A+mMqRzgcADNfnClnNvjKEh3zgMpIGSAOPunrjGBxnoBmqt3ZyDAXcHcttGzHzAsS2Gx8pBxzkAjPqBap4nRxm7JpJqOmnKle+nm7/PuP8AtOEpJcsF306Ll19FfZemup98eKf2xPA+oaNqWnNY6gn2q2lWEFGCtJIPlYjnAUnpkAEenJ5Twj+1f4C0y10uKbTbmaWztxG7tBkOwPR3GSSPlwQeccnjj8/9ft51QbyCyqNxUfdUk4yNvJIPJ7jgjOQaulQuqL8gcCQYBAx8wBJ5DDIP1BwOp4GE41/aWc22uV8ybWmn+Wq8nodtPF8vLOKirtbq/upJ6p3k1rbpa67H6yaf+254AjjcjRp1VM7FKSAknHVsDIbOcnBPHI61f/4bc8ByKFGlzhA2XG1yQ2AcA9OCCcDnPygYNflSYJAJNi4AA3BxuAJPBGRjoeQMdsZwCNK3tpfLUxKSG27y3IGFwcDHT0689uKfLXXK/aNWdtLu6urtXstOvVJaee/16Tik4U2n2jf+XVXb3tZ30Wm1rH6hxftseBPPBbT7gHJAKRMTt5XGM44xyOMcgjGBUp/bW8Bfvv8AiXXm/I2bEYggDIJA+XIyATt9CRxz+XYt33F1jcMhJfcuU3Z5OQCD1xtGfmGAO1asdoZLcOsRL7kA4+U7jg9skEj6Dpk4ol7dpXqSaSbd723iuqu+uu3zWrWITabhHm2+FdbNu617u0lZ99z9K4v22PAjyJnSb3YSBIBDk5AIX5QSCCPXHzHk5zUN7+2r4JKq1vp18GV2AxEQyKQcsCSBx6dBxz6fmwlmIi7Y2yLl9qrvUnHBGRwFG4ZyQMZ+khszMpMiYU42bQRncehyc8nIxjPrnPC5q8UpczXR6WW6aV11ba6L1uiZV2000l8kk78qejtZ21elujurM/Sm1/be8E26xr9g1VmOC7FWZSAcBsdRznA/75BAqS5/bh8Dkf8AIJvnZ+HfySG5wMhcjJHQFjwTwD2/NI2BUlmRsoMphScEArk46YPsMgcZzyqWDyr88b5xkMqkADgDcOwJXucHOMgGtovE20qWvbdNrpo5O+mjvu79NUY+2UtoReiskuqtve1tb27u1r3P0hk/bX8ByJBG+i35iVvnl8orI38RHX0B7kk55ryGP9p7wpceJfEWpxaZetb6hInkxbMyeWMg9BwxwcZBBU9TgV8dS2nkpBmFymWVVbaAeBwVHPfqWGBzgA5Efhy2i8+7WTCFpQPMyMxnqu3kHHUdT1wRnJq6VOtWqRjOa956NbrRWs7aX00dm9emphVxcaUZckI3SWjs0tu6btJ9n5rz+v8AVDGfhDYHglrydHYHG5WGMfwkDPJxjoQRkAD43lt3aWR1LDMrYLADJBIJJ7fLxnDcdSR0+vbzzE+EFnvCk/amDdTgscD6kdOeOM8gEn5hutGnnuJ3jMShG3YD7QeCCApOeOvJ545wSa9PG+0Sot6/u42dk7Lli72V33ei27pa+BQlTVWpLlS/eNqzd1tZ+TV3vaz8t+cjtrjzC8jAKMkHGRkAY4+ucHgHoO5H37+y2qr4f8TySFJPN0mZQcAgkpIFO3PT1GDwegIJPwnJYTxEgvGQisWCHacEkbeuDjJ4BGMADPOfuD9lmdW0rxWFjLpBpkqMuepMRBYe5OMcnGPxrCk5c8VytNJXbV7W3btsrWvptyns4SanKysvd3e+8bOzfRK7d1vvfR/JHiOBRrmqbHLbL65yVGOk8hHXBwOrYz0ODgDPMXCqq/KxdmY52hQV6dcdRnkkkYA25PGOn8QWc76xqkgGA1/dhQWIzunfGR8uMDscMeO2SOfbS7gR7SArbONrDjj+IFuRjpjnjkgVg6F23fS7b0XWz6N3eqeybs7a3R59XFU4VXBtqXPa6SaVmk7rS++id76vse7/ALOEAX4g2EgDCIKJS24bi8eSAcjn5skgd+pycDJ+O07xfEvxAZ2aMS3Cuu4EZXbwxA6DOecZJ7ZOK1/2ffKtPGUIuGKiKAkOjFm8xeVVjngnjI5B5AOM1n/tEoZ/iLfzmORAYIjwhXcNqgErnjI5HHJ6c4AxjFwi3zqzkrKyum7J21clbRJ+bZ6kuSrhIbtN33d7Pl+5dLtpdL66+R/bLMwhGkRtpYKQPmJOcEgcd8nPIHcAc9b4GlifXtGZASPtUYBGAAAwOR1zjkZxyeM45rzcWj7A6xllO5jnbnaQFy3Jx/CB04Ixy1dx4B8uHxLpYdGyt1BhTnlgy7sjoQR644GPp0RSdotxu7b6bNO627NaWfyPPoxpxrRktbyirWs/s7v5cr1b666H3l8UrkLoHgqWSSJSUu8DgcbGxjptz2Ocdq+bNsKpJM24hy3XBAUlmILAcfKRyCOnfJA9m/aAmd/C3gtoleBvMdOH4IKnJHHyjPIByBnmvmFbh5YRBvkMqs37sudp4PJ4BA3H1OfbFeZWpOVXzT0b3le33K6+emuh6GPn7sVZtKKTSa3fJb1a1e1tb7onZGOrxsjEI0kGF+8SDIuMgHoOckZxnjPGP6ZP+CaN/wDGO4vtO8FfBu70C38VeNtBjs5LvWJ4re3tbW3eJpMzyuioxjQgAHOOv3s1/MRZXEw1iCMlATLCNpbLH94oJJ5zgH5T0PbFff8Ar3xX8Z/C/wAD6Brng3xBq3h/V7YwpDqel3cllcW6yxglY5YyrgBSWIGSfu5wSD8L4h8KS4u4VzbIoqg6mOw8qcHiIe0oxm0nF1KcX70VJJtJu7/D6Tg/N45LmOHx8lNqg7uK3asuvNbR3X2Vb53/AK+/iR8D/wBsvwj4S12/1/4g/DGDQrKI6vd2sesWYM720TGV4gbkl2RlLBRkk9RkYP5leNv2mPiD8RrDXfAnirxb4N1LwfHptppupXMt5DBJcfZ5o2EUGZNx8sqQ2Mr2PPI/nC1z9s344+K7aTTfFHxZ8e6vagPG0Fzr140bI+QUJEoBTacEEAd+ed3jrfEvUGmlt11PVnjuTh/MvZhtZm37yd4yd/JyCM5zxnP8ycF/Rjq5TN1M0xWV1qsKilh3hMBGj7G8ot2babbfle3XS5+q5n4rRxKjDDUZQclyTnKSjzJqKd4xvppq22+j7H9OX7Oviqyb486Heak8UNjHqmn6Dot3Y3SNFJYRMiJI87MAiIqjbIzFf93t++nxdvPCy+A/HF5pXizUZpp/Ct1ZRabfazbMZpDDtm8lBMSybiPKwGJx34r+Gzwp438QaJ8M11ay1m/jvre1MkrC8lVwrYaFo33B0IABDKdynjIztHn8f7W3jnyIoLnxZ4oubyB3dPM1+8eMhlK7CHkIKEcFCCAOw7d/iN9GKrxhnGR5lTzOFFZZRjBQnTneco1IVOZON0ruPK1JOyur72jLfE2nl2FnTr0JzlVlKa5WklflVtIyXa2yfTU/ej9orxp43ufhrpy6F8U/E8vgzw94YNlrug6jL/o/2yS4VlsoYwwEtqmD8wBwoGBliK8g8d+JLCb9nf4YWaXYmu01K1vWubIhtiO4lkwM7v3ZUFgecgbu7H8UNQ/ak8e68IPDVzr+qSaVeXSC7tpLovHIJn5WQEfMqkEr1xjjvj6L8SeL/EWn/CCaeDULhpdMWNrIeaTHCjKAAO2cMN/0A4Oa+74e8GXktB0FVoOSq+1nKFFK7cUm5NJXvdu++ljir8ewx8p1IU5xj7NpczfMm7S91LZNNpdrN63ufoZofxo+KvijxB4U0jw78SZLW1tdYtrGzjcyLHZafKUS6nlLSqjMAMBSy84GCOT73+1z4w+JPg3RvGmi6F4w0LXdA1D4f/YNVmuLiJLuVpoUaeC0iaeRpJHdjkLkD3IwP5noPjl44sJXt49bu4ghdgyXBidHY7uHQBuo6hiMgjtirkHxs8Z+KNTh0/WtWvb2MoyZnvLmZ3XacCQvIQVHHDKQQOAVGa8yt4I4StnGX5jS+q4f6liFXlGnh4p1pucJXm1Fa3Ttq9W364R8Q68MPXwzVSp9Ypqkm5tKCtybWfxJuy6Jarc+6dJuNSPw88Iww3J81tfhaSOL5vLcyIWCFQQSScAjuMEHINf06fsueMpT4a+E2j6rZ6oEstTsrq9kdykEkSQoTgEqAuOSCdwGBjBGP5TYvFcun/DXTJorlbd7ZxcFowNySAsyOhOR5i4PIzgDtnnI0D9uj40eH4bbTbb4oeIEs7SSTyIRuU2qgBR5T8HhVCrg5HAHauDxt8Hsx8QsnwmWYOtRwypKd6la7jeUYxjKKjfbTddkj2fD7jbLuH6uJqY72klWslGKjJLmaabUmrNuVk1qnfY/o+/4L/a3oF98K/2b30mYyvP4q1595kVwERYf3WQ2SUwd3ygEdec5+Kv2e/FHhu3/AGePGqaprNtaTDQr+O2hnKgSObfhQpYEuTnBABB7ZwB+N/xV/al+J3xut/C2meMfG+reJ7Dw3fSPpNpqTs0VibrCzyRq5b5pFHJyGHPIJzXo/jvXLvw78F49Qgv5I1muoA0azOikSBcllQgMAAQMkr91u9ej4d+EOLyHw4wnCOY4qnPE4PEyryr0YPkf79VYpKVndJa6t30slY4s34wwj4hnmuChKeHeH9lFT+K0opOWjd0unna76mDbajaLqlxKs6r5clwwjOcMXnb5lOcEMDgYyCBjg1w+pahbXHxM0ZzG67ZbaRmXglI5AXQgjHzDgYJ6g4yCK8UtviEhTy0eY3BJcOZjjJJ3ZbHIB+YAHbjoR0rU8O+I5Na8WaPM7/vEuI1cBgW8tWXLDgnud27IBycY6fqeH4elR5IzqOSVNQt8lHVytytLW3VXWp8nPOKeIsopKUqqnbpurxbdrNXb03tbV6P905P2gdE8Mt8OtYfwfF4kk8JaFcr/AGbNc+V9oa4thGkqheVaEgMCuCc5G08V+rv7I37Yfw98X/CTx9qPiTxB4b8F30kF1GPDWramF1IJDY7gITMFaRGHEfBbqK/m5+J/jG38Naf4cm/tM6ebnT1TzfJ85nVYwSpI4AzzgAA8DO4V4Fq/xT0y8livIvE7vKYXVo0ieBZmCkHzFiaNTkDgsDgDHUjP5Hx54D5VxbGl7SrUw9eFaFaOIglJ2jNScXB8sWntf7Pmt/0LIvETEZTSnSqRhVpyp2dO8Yp/DFNNK+lo6LR7Oy1X2FqXxB8N6r8R/GssLiWDU9c1Ge2dWaSOVVv5nR19VK7cEjvk5xmuu+JPjZ7zxh8KZLzU3S00/UNCeyAiI8mO3vIXcuxB2hVU8ZHXgmvhT4TeIodc8baREk8c7TXhjmCRbcxM+4rgZJJySSSCcEhhxj6g+N3jbT9B1qPTjp8M0uk2ET2rMFSSN3VdgUBeoPIyQM4OeCK+yr8FqlklHKoXnGhhXhoX0l71CNLndn2vJWW/qfO4PiiLzSrjpqK9pVVSSSaXLzRko6N/Z1V1vdbn9Q/7ZPx6+G15+xve2Vj4h0HUNWk+HlrZqYLmI3cl3Lp67oWRWLfKeDxnLY6jNfzPfsNeKtO0PW/GOqzXKQPJafZ9rsSpYszfIePmJbHHOM5HXHyD4v8A2lPFOp+HYtBuoi4VmjQNPIQykGPMqbmQlUOFBGAT90ZNav7M+uXU0fiaSG3Rooi8s0e8gmQBnQA5BYh8ANhQSSByCT8N4XeD74IynO8DLFzxE83xEqzlJJezTVkknK10m3e+vVa2PZ4p43w2c47K6mHpyUMFeTUnd88pRm9XtqtOtkj6Q/aD13TbqTU9TM0JuL2e4iVeEkRfOJDqQSxIGQMDk8HrmvkSaexbVLKWyuzKTp7tKqAglypLZVjg8jJGMg+tZXij4n2tzrOoLq1lLLc2d7cRBDK0kSIzlSGQ5XgHdnOMjGetc6viXTBqkd9bqUSS38qOExgCOVkJ4AOcDODgfXnNfreR5LLKqFPD3lKMbJO7XVa72albVNStt3Pks7zalmFb2trOXJF2TutYvmvs23fTXRdtuj0f/iY6rpkThkW1vklcnjciXabgeME/LnHUcevH9NfwrttIvvAvhy6kuDBdR+H9K8lGkWLcggUdG452gjjjvzgD+Z/SbuGa70FYXSGeS4DSsEC4/e7uTjGOPvHO7kHJzj+kj4baFpGs+C/Cd3feeJ08M6MEWOXyxIBAuOFZTtYDpyD6Zwa9PMGqdFK61a3t0ikte8W+6u3ax18NRvVqyir+5Fu71aUVZtu/m91za22aPGfiJ8JvhTr2v32oa142+yX814slxprSpnIcfN5hPBB6ZYHdg4Gc1S8LfArwvD4n0RfCWuCWWTVUnhk1GcRRS7QxdMyAIYipO7BGQO4+avFfjV8LfE6ePNbuLG8uJrTVL+2+xadbKZRE7yKFTIO4BiVwpPOOgGQPpXxR8KvjMPDfgmJ/D8+iaZpjaYk2rgLbziQwhsSKGWQ7x/e5YgeleYqvs6MYOpFqTUnLlvJ3sn7z1g3dbvu7a6+9GE6uKnN0OXkTSd4pt82sl5W7PZXSu0z3b4h+HxpemPp+pQ2s4S2URG1kjeDkjILA4Ck7ccn1HTn4q1X4OyyamPEK+JNJi0w6jDeT6bK6STCNW3NACWzz0O3g9e5r6C8YJc3fhtLCK7muLgWlvaT7XY4vFGN7kliO5YjJwMc4218x6r8L/G0Vxb3bamjwS6jDKYIZXZo4VZWdWQNghgMkbV3Hg5GaihUW/toxtFp3jeUXaPK3N35u1mlu3srCx9CMqcHGk5uLveMknG9nHmd3fVKyaXZpXPoEeGfDUlhZatYXdr9o06aSaPT1nQo+7YqqsZGUGRkg5JPRicmv3y+EixXHwa8AfaxDBPdeFLVFikVSqkAgbTnOMZwwz1IyBnP83Fr4J1+18SatrczXLaM9nF9kJlaJQ/yfM0O4KF3DJyPmyTznNfvV8GviZpdp8IvB1vqenyXt3omg2+6UsRA6hSFVGDZIXaTxuBbPJLYTrjh4VZJKvzWs3yxSU3aPvb6XV2lHTfSxjSrVaUE40ZqUZJJp30ta9+jcY6aW8rHrEtpAp+zpdQIQzIzLjCkD7pyMgtnIKkr3YHnFj7Db20SrLLagtE+0uQRIxG0HcGx82Rg56hvYDlJvir4UaxhupvDvlwPG8q3BJCsQcFQchjjnnjghsjFQx/GPwrqBmt5NJsrOK1szLHcoDcOACNodeGDMT3JwQM80VMHh7XmuZWUYvRWl7vdWst23ZNvpY7KWaVk0o0XePouZ+6uuztZxk7+vfuNItNk22W7tY0jEbKFYHg5IKnaeRk554GcgE5rp59PnkmkaGWKdpQF/crucrgEkHoMAjGe/UkjFeUW/xES3t7OeHw1bT204JjuWUr9oiPCsowSrDqOBz6BTj3rwF4y8Ha5b+V4rtG8PyzRrFpt1YgqrFmKAz4IK9txbGdvTBIrjWX0OZ8tVpK29/del73SS0Tsk3v1Z3/X8SqSqqlNqEW7Jc0l8PNorJ2V7LVbpbmefBt/PaQTw2ctwEUu4Z13YyByGOVC98DPQnHAGVN4Z1SSR4jazKFIdVRgxOFAJ25GQo9O455GB7RqPhvwvo1/psJ8YS3Md5KDAtoSyyRMqssMrqxVHOdoJJ6nIyDXU614I0XT4bTVXuNUR5YnbyomOFAyEdnBO5TwSSPQcHNNZdTlNKM2o9Wlrut2tNEr2lq31scc8/cYpypuN9ly2btKKd4uztffaySVj8yv2qNEku/g9r0V4stslreWx3MAcuHAG4j7uCMDjkjHcmvz78AeE9MXwvsu2jdri5aQu4HCjaQQwIPO0HJyCSAB1J/VH9tXT4dP+Buvf2TcpcGea0kn3zh35l+84IyrHkY7kZJJ5P5E+DLm3XQHiubmcThZCsPmsqKTuB2kZCkkg9cZ6DJ487FYeVCtKm7PS7ldpNOza0b+y29LW10vc9vA4x4rC+1guVybVm3FKzi7NK99He12/PRnhnxt+F8U+qXWoJdmztNRK28M0YzuSIbiVwSMcYOByRkdOfDPC/gi50C1ljimmltne886dwy5zG4H8WChBJ56kY+vqfxt0Dx7qeq2kukatPBotrbAm2kuQjNK3zswUg5G08MBjpxxXk3hmDxbFBBJqV/cGxMt7beX5olaR0jdgzZXhCAB05B6YBJ78MmqFnL3WrxUrpu7i210UbvTRadDxsXyLEytGpzNu7d7Xbi5Oz05W1e9lo9W+v2D+zhEosF8sKXjRw75yWHnfMTu4BAHUYPGeOa+rb94k4ikZixHDZAA245I7gcjIGRxnsPk39nmQx6UoKqkkss0UnzAfKrEgjn5Tn0zkkdTX01c7kIcuGAIALHIwRjBA5IPrjJz0xwfGxSbxU3F80k7O2tm+Wytppstne1lrqvcwiX1SG73te+1o6aaq/W672u9rEcrRxgvIpbJ4YkhRgA8noAM8kgcde1fAvxV8HajPe+KtSt9RuonlE0ttFGSryuHOI1YMGIABUsB83AHavulMALI2JATggkAjAPGM9vmx1JA6gkV8C/ErSvHLa94kv7B7s6dbNMyBH3R7MsQirwAcHAxnqR647cug/bSjzKPup+/vLaVrXbTW7ad72V9Dzs0jzUIpKV+ijotOV3VmkktW9nvr0PC/A/grxN4i8Q2emX019ZQeXLOLi7klJLrypQ7iFy20jsDjnNfUGl/BjxAmiXr3uoX0YaZGgnkZ2DqA2NuHyoZjjooGTgjJA+Z/BuueK5vEENotxcrK8E6iZyQYGzn5QVHOF+UjcSMEHJAPuVjq/wAS73SbnSdM1y/nvpbiOFUfKoEJIOx2BACgDPTnHHavbrcycIvkSVOOsL2d0lZ30dr3vHXVb9PBwkYwoyb52+bdX6pKyd9X1vFPf0N74eeDPFXhTxnZXmtz3D6XLPcLCZbhpVdiG8thHuIXIAOBj2Gea+mvGHgG68UaFD4gW6lsotNuLed0jeSAXCwEbwCCM8DkMMnaBz0Pzb8OtM8d6Xr97B47u7q6jt7q3fT/ADpN6qzEeYV4xzkYwRuHIBIFe3ancfEmP4iR6dYSX7fDa5sFM7mAzW63bRMzozAfJmQD5fm2nquRtHI6cva2coP3U1GTcVdNau91o90+i7Oz7VVi6cV76TbTs7ST01bbdo3+LttbXX4g+LWm+L9T1zWp7A6ncWcEsSWflTEBFA2lWxgsRycspBO0gEc16f8AAqyudLh0hdQilXUpHuEnhuGLksFAD7icqdzZ7DIAA61y3j3W/G+m32uXtrZB7d72a0YvEUCqku2Ehcj5mA54JGA2T0r0P4KXF7dS2tzrEeNReWYeXuBKEpmIgHJBOR0bBHueOrEOawyfuKVl7121rOOqvZK7SUbKySbWhw4NQnjm4zqObb0k3aL57t9Lt3il0STtvp7vrPhPxyqWl9pU11PNO7bYUvSojt3lXBeMthty7sAZCqCOO3tHxG8PeIbm38DDRxcF7JbW41hkuAVTKoHZgc7/AJi2SuQe4OAw8V1+6+I9jbaO2jRz3T3MGorcM1qzNBGJE+zqjBsHcPung4wRnnb3Pj+48azWXw9XTIbmW5lsoBqxtGeORmLrv80ZOI1B5DDHA2gqa+cqy1pSai4u9krqXwxdnfdu6WrezV1Y+ipxjGFuaa5bJ3tdK0Ph0d99dL20va5xn7TlnFqmreFrB0YolikZJkIdJGiGPmGCSWJBweQSa86l+FHjzVvA+jWXg3VW0e6tLmeWS8F64a5hcgqj8nAXHBx15I5Br0n9o21mi1bwzEtv5V7Hp8bu0j9SIlyCeBvBYtuORgduCOAurv4jweFtNsPCF7FZXVvZz3E4P7ySVmGUVSxYOSONmeB1GAc9sZTlCL9xWa3SdkrNRTs7X0ejW26OalGKlJuU56XfK05JXjZaa3W1vz3Me98B/FHR7rwhd6h4gkv7DT7yyl8RmS6MqyFZXDKI8LuBzgkd+g4NfiZ+1it5f/tB/ESexeQRDVlMZjcxkoEBVUXPQtxnHUE9en7P6h4p+LbSeBbG733VnfygeKWa1AEKxksreZk7SzfdOfqein8Uf2pbqe3+PvjuWBwgTVFVC2B5amNBuKgFcZ6cnHAAGK97Iqb5pX5L2XNy6pXlGyja9466pq/NdWtofKcUVL4Sm4qpZVI7trorNau+j1Vt7pJnlWp+H/EL2kc9xBeSRJbeYVWYSMqqCwZ+RtHKnkHnpgHbXXeEvFnjnTvDhtLOR4dLiulEIQhpfMwpKFWOQh256cKBzjpzU/iHV5bFWF0VVoVtyUJxKpxuViSVIIOMYyCcYxisi3vLy0ZVW4mWFSJTH5h2bhjPTIIwvI4Oc5JxX1XsJRcpQdnZq6Stq09dtbp7abWbPiaWIpSi4Vqamo6Pmu4J6LmfMla1nfl3bTb2Oq8SeJ9f1O9knuriKS5WOKNlbKsihQ3QgruPp6k5AJY1zMr35dHS8AWQq8yqxGBuyflBOcYbByAcdMHFb8mj/wBqIZY+JrpVkQvnLMy/MSewBzgEHofVawptAvLPzIJcvMyZVUJAGG+ZSxJJA7EE9Bxk8bU8JTlFzmlJ6Xl53VtFZO/bT3bCeMScaVNcsOW8YvZbNKKWmqVlvdWve139Z/CPUbm/8JavFeXpvEtbmMQhjuKKEUfKMZBGFGTgggV8SePY2bxbrbSM20XUhT3O7j2BGAck56dDzX1p8Hma38P65Hj99FJHmNSxXITHPXLHvwSTjHOc/IfjcyXHinW3eORVF87BQeAoYjAPTBOcZ4yB0+6PJkksTNJKVtFa9uXRq/xaq1rXVkr6309yo/8AhPpWju1K21kmklptayv/AME7j4Eq/wDwsLRA0jqxmkKBycEKjDI+8o6dM5JGRkHaLPjKaVPEniCRZZQBql3tVRhd4lbJXGOeVYrz2z/CKzvgbGW+JnhsShl3TzKo/ix5ZIJHJPODnJGO4xkQeNhcjxf4jCq+BrF8qgchsSNyRngqSmcg88k85p1KSlJXjf3b7deZavt8tNnpsc9OrWhQi17vvWXxapWs7X81bs/Pf3f4GahcunjJnu2IfwvdRMr7QQWiYAhccgAkY4LEkGvljU45DdM6nzEWSXcwbGG8xgSy4GMHGVHUEZB6V9H/AAHspBJ4rurpbhIX8N36iQnCtII3wMYwQSP4ePlwfWvnPUVljuJoEXczvMyMoIOWclcfKcEZHUckgdRiqpw5G9OVaJLZ7JqWy0fS9tfNlSlVrQi5NuScW7t31s49G9dEntvvZH1d+zNdSm0+JOLlFYeELwumAMEW7DHJxnucAjnvmvlgWwllkkILsZJC5BGCTLuzg547hTj1ycmvo39mq2uVPxAXYHVvB2oB0LYYMscmD77VHfHQjpg181xRXKSSKYiqySyjc7MD/rHGV9/TJORjIJGRvTalJtvSy6t62sna+r1eib2ehbjaNO76O6butlZ3vbZu/wCOp9qfCaB5Pgh8VVgmyzWEJKRhQWfarHJ4AAz1z2OcV8eW7XcN1B+/kHzYlzKw2MpwSQD1XtyMnqcjDfZHwZDwfBz4mLIHVmtYo1BxyNuckdgWHQkEHqeefje9gltr7OFHnyO53MD8pbhV7AkfMuQM5Bxziopp885tptJ2ba6paWvdWs9OyvsTNNxpeSd2u+lr2+5vpY+zEER/ZQ1cTX5ZIfE6zRtyzPJvAEYc7mCgkgDJ5Y/Vvjq2lZHVo5E2vuLhgrYGMAHPA4IIOSOw6V9JI87fsvavBbpIIx4nQux5RQWBPU/LyRgjIHIJOMV8pxrNGQisrCRCAfvH7nQYPBHUDuCMYxznQjOU5a29/wB5u/k9U902r7vrfbV1uaDpJK3uqyi7tSdm0090uv3u+p9ufEy7Y/s7/CdCySq19fcAY2lSuMLg8e3fB5PNfHd0ztJu2ttjdmVgcdCCMkZBI43AEk/SvqrxzILn9n74VWoQSSJfahk9cNlBxt259D7j5u9fPEeh3Nws8kx2QxRu2DLtcnAY5T+4eDwd2CT0DAdtOmvhdaK5uV3a0Tlrbe91a6st7WVjnqym5QfLa7jppe7tdbdJJNta6Ky1uvefjNbyv8J/g9eyTDyprO4yqYzwBww4x3GSDweua8G0GFFuAwcLFK6KvmIDu+YYGeoycjp1PHrX0j8QPDOo+J/hR8LbbR0M72dtMsqSzbI23ElVXd0PG7I/3hyTXhtn8NvGayiOTTwqRMrhUuFwyhxyDu+7kYwBnGOpySqs6MKijzc3uq8rrWTV3tqk7vzT2TKpOrPklyxvva+zurX2ai03fVW00Wx7p+0pA7aP8K4p5Tsbw5iNYyMBguFK+gJGcj3+XPB+VtPtidQt/Jk+zMLq3BcqhIxIozkeoGSCOwB5r6k/aahuE8O/CNxEVa08N+XMCxbdKgKt3yQDkA84x2zivlOwiuJr223RtieaFkC7gSfMUAt8nA69e3UHoXSpRk1y1L3aad/sy1smpLl+6zdrvQKzftFJaxTSbu1dK10tekra7aeTPp34/NHLrngwz3LPGvhKzQbkBQuIwBkEYPJ68KTzn5a8q0pIVezkEtuXM8aYeJSqKXHT0bn125IA6YPfftH2lxFc+AcNtU+E7ZmUnI3BMsqkZJJHbOSMnBPX5/025vPtEZVkSNJYT8/I3hlAJ68eg4LAAkkZFdVGcKEalOfLKTT1d79G0le/deeplNTdWLjtaOvm7atX0W6vdLVJaJn0r+02kUvifwZFMcAeD7FYzEAgL4AU5xyAfcY59RjnfgreS6V418NhZ442OoQRtERu3hpAQznn/ZHYj7wJGKuftJGeTXfAkkhR9vgnT5FycjJGcYHPIyPX14GDhfBT7PeeO/DDTb939owkqobCqrqAw/2SRyOAR71hhIxdCVo2lK/LJpX0a0dtnsum7snZ21qzl9ZTu9OWyV/eslzPW9ra2u7O9rPQ7L43avdaD8VPEV5pGpPYagbuGSW4tyV+SSH5vug5IBwAfXsTz0f7PfjHxH4g+KGh2Os69dalHEtxIsd2S0ZjZSyFM556EdSGA59eA/aHUj4r+LI7eIsI1hABjJGPK4c4yVwemTnGfc1D+zWl0fiv4ceXcGmE0TJuZQuEYLtJCkA/KcH73UY5B46lCPsnLlXtFdWT3fuq91vffZ7qzdjenOpOsoczVOTSsmmrXW979rvrr3OL+MCWOn/EzxeZvPaRtblk74kDktwAvOBng9sMCcZb3f8AZX1PTr7xvPDb+ck83hvV4znO0AWkp59OOp4PPrXinxlSUfFTxmjIlww1VowF+Z8/MAEIBDZ3Ek5HTPzZAr1/9kywnsviRcs0ExYaBqa7HXCKr20nAPcgnGOcEnOTxRRpy9hyxajdJ3klfm00vfTRb2avZa2ZcoKE5uzaSUUtdko2166p33u7NJangCa7Y+H/ABDrkk0k7MNQ1BGQqSHCzsdoxjaxBznHuQMYHv8A+z3q9n4l+JYW0NxCZdBvzhgcKqQPlicHJwoGcHP0NfNXieGQ+KPEIaIvu1jUUVNuGB89shcAgk5xzjAx06j6J/ZGtmsvid506SKw8PasFhfA4FvIShBUDJyCBwcdyOrUFTp+0vKTdk0ub4rxWy06PW1+13oRGcqn7v7N3qrq92nb87O6tfZnjd7qth4c8TeIZt0krjVb2N0KnLlpXyVI+Y9BxwB3K5yfevgB4oGveKNWt7R3gll8L6qdpBYKiwPuycZY4PXI5x2Oa+ctYWbU/FnidoLYyNJq+obYimSirOckNt2jIJHQdMnjr75+zDpc9l491NpVWIt4Z1QCNl+4j28jbWbGOnGCTnp1xmOWVuZq6e/W13qltpdK27b2TTOii3e17Lms0t004JWd00npre+t7HzxqOpWEd5eQSPA0kV/dByU5kYTNnlhnOT1/h47Yr7B/Z112W+0Tx3aSyF47PwfqHkQ8ukSSwsxKnsOhI6A5x6n4U1+0km8R61tt9zLqN2u2PoV85uBgYyCcAfeC56c19b/ALMGn3EMXxJWZJYzL4Ru/KhJO0DydvLDjOfcdwRlRRTg6j5XLkTfvN7vlcXdK1umt7tvdGFSrJNtQ+1o76Kzir90tF9rV+jS+dLPxpBpAls/su9IrmaVSrEEu00hKvnAIbPIznnAALc/V3wo18at8MPjCsdr5DTaArvhif3eAeM/ewMkc8kfiPhi50+7W5uC8M4C3c2FCAhj57gHfg5yeCctuHX7ox9c/A57qH4f/FyHBHmeHCRGcsEABySf4QRnOOpBxxwc4whFuPJzJuzabulzaPVdkvPzfTSneUvek1FXtZJppWbfe2m7s+r2bPluC60xZFV4rg3S7HRgeysVwASMdcDI4+UZycH7G+EN7b6h8I/ibYGEfZY7YySvKSQUb/Wb8bS3PGM/LwMkEmvhq4laOVnfLStwCuQhXJ4wMc8kY+XjpX2H8DJ2Hwp+LpVXCro0r7d24ABByS2ckdcdc9s5pygqkFGKsk4OTUveaTjd28rb2vZejbgktU7ytrLq9bpcu2j8vN3seVaP8OfB/iSN7pdaurOQ7okgiQKEKgkMckAJlQMkd+fukj0j4PaDFoafEqwjuZ7ny/DF8Glk4EqxxvswwAyvI45G7k4HNfLmla3fLdJEssimRT5flMyuCzDB4O3qScYxnqRnFfV3wcdZrP4lpKH82PwbdMGkJ3h2hboWwQSchQBj73QgYMXSw7oR5ItW0lf0jdO769vwKwUpubcnGV+ZR7rRNLWyvdaLRfJ3Xzb4U1Kc6vHGJRChu0UsWwQRcBVZST8uPQHnHXtX6Eft0Wmof8IX8Ert5JpEfw3bRmWNju2iBdg+X5mIJ5AHGc4ByK/NPR5GGpQlGQKt3DkvxjFyDntnA79BtwDxz+kv7dup4+HH7PzWcrszeHoWkyNycWqc4xnGduQeeh5OMefJezw9SKatPlSjor81m3ZaaLda2a7bdFNKVWDbdoqUm3vbS+ia67bbadz86oLbXQknkfayhcFgk8hUkZ27gW5wAAQc+gBAJrTkttbjsnika7MPEvlhiyF8ZKgHIGcE4zzkqcdK5i28U6hbAxxSJ5jlySqsRyx5J5XqM56jvjCmr7eJNTMYjMw3um5T1TrkEk5JIB9PlI4xjnzJ0mla2r3+ajv5u9tEtU9ej9SE1HXmb6rWyveMuurbtps+vrLGbuNmaRHiC5DRMDlwRtD4H3eOcd8/MT0qvd3KAsVK5CgEcKMk4IYgHHUBR8vbBPUutNZvbqUK7pIxyHJQBlUDoOPmAXkH3xyBzRvzHHvUMrSSZYAjaRhiTuyxwFHHAC5x0yK5J0GrcvT77cys99brlW+lr20Oj2ikkrtJq13Z9I7Wau3dLS7TSVtETxzQx7TgMVw21hwWdck5GDgDHI4HX6XnnilQ+UFD8KDjbjcSQATkNtIBB+meOa4prs+YjM+WAYBFDKc5yd3GMZOST7AEZGJxdquMEgEliWBKlv4Tk4wBnHQ4bIyM4qlBKKaWr20srpLa1u/r13sJ20Ult7qa62UU9N9WrPd6X21XV2c8lpdWckM22488O27kDDY+UjgjnIJPPfpX6jeANH0TxRomkavrUNvcvY6faxPHOisZMxrhyrHcyjgZ5+XqMZNfkjZ3Jkmw8n8alNpxgh1+82D2wOeeTjA4r6/svGN7pGo+C7H+0ZLK2vLSxidhMywCMvGH81QcEFckk8jGDk9OatJ0qbmk2kt3veKjJWWvrdayvv1e9G05ct9JKNnq1zaK7fno3p20Pum9+G/ghF85bPTTuHmhDCvPOAMAHGM5OOeSMbjWUvgjw2qO62Wm7dwUr5AYIgI43cKOo4HoOeSD7/pUHw0ubCzkk8Q+H1dLK33GXUIwDKYwW3EuM/Nxg49gcc6tvD8NVyq674al3EM2y+i46jIAOCOp9l46V4f+sNKEnF0KrSdmrXi3GyvdJddXur6qzVz6FZApKMlVppNXd5K2ri0rNWave97b3t2+aR8PvC0ryy/ZNOfJK7DbhVxwTgkZxjkdTgEYApI/hn4ZZ5ilrpgJZQVNugGTnIxjP5dcY4ySPpqWb4X2SOZte8OMjgn/AI+41Cj0OS2SGOCMgnGQQekUV18JjuuF1/RQfvMhvo0RiCPcfKvHGMZ4J6VpHiKEo3jhqmjd7xe2l2k7paX7uVmlZpC/sWC3q036Sjfmera8t9U7726HzQfhdoLSs0Wm6U6gDzCsCgkg8dAT3OSMfoMOT4U6D5xkl0XTMKRllRVwoyMAdwQQSD17dCB9X2l38MTG32XUdFk3AKS19EOTkZU5OcjGBwAuOTxU5h8DyGR4r3SAu1RJuu0IQ9VwNwDNwO3ZgMGsZ8UUaSjKrCNNvpJ8t720tvfV301Wmm5S4cnXdoTUrcrlZt2eivppe9rtq99H5/J9x8LfDTgINFs3BcN8nA789VIPUA57jBIxWfL8J/C8ch26EhZ2GSseCvJLbWzkDjPQnC8Hg19eRx+CoZI92saASTgebeQxHg8LktkexbGT9eXra+CZjLI2q6HzyuzUI8AEDIznac9xx34HbJcSYWfvQpRbdruKUlvFWb1s79kvkaR4blSTUpxf+J7Wt1vd/F59Er20+TE+F/g+R9j6CZFCjeHDtyMc8uQfw5xx9LifCDwqMOvhmzljyxDMMtgdO3zDHygE+pye/wBWQweC/LYRa7oi8HcHu4WKknoCHAwDxtGAeOcDm5Dp/g2VEim8QaUwk3BRbXcIY5BGCC5yfy98cVss6pWU4wklovhsrvlsutrN+nUiWRxlKMG4tR1spK2jjs77K3bqrWPlK3+EvhYqu3wzCqg78j5ScDnCg46fiNvHerKfCLwYMsfDcIEj7mdzjABOQeQeOcE9enINfVj6F4QhTd/b1j5ePlX+0IPMHoGTce/VSc5GPatCDTfCBiWNNT0a5coXYSXkEbrkcEkswY9OAeOSAah5rGS+BtpKSdlt7qts7q2q2Vk3e7NI5TGMVFSja1lZrf3etm9db6drnxzd/CXwQCWGgWbEsCMknG09x6lR6dD1zkjJuvhh4bG14tGt1jC/whmwMYYYAxg5IxyGHX0r7fGi+D5oio1PRYygbfm5t3yW7Z8wHHHPAPTg8CqH9l+EY4wq6pokmEPCzQbce58w8bi34/MMZFTDNoXdqd4vTVX1vF2V1deWr20SMllNptJxXW6kulttVq+rvdaa7o+DNV8AeHI7Uomi27KXH34RHgAEH5ieBgLj39QQRS8J6/ZeEbqbQIby3treW5ia3tkG2NWZz874IIVfug5UjnpzX0z410jRbpZLO21TTG+RpVaK4iXDFeI+HPU4yMdD8vevj34j6LZ2Wq6DFaizke4ije+mgulfYkEwZyzKwKOQCMZ69AeMY4vGRxEIpU7J2Xaz9291Z9976rbfTuweFeHm7zUr8qs27bwTjffZ31bXW/Q+lLSz8L28Ut5FdlbjUHaS42uipLKOflzjIz0OeQCcdqkhn0i6SWNruFvlK+WXjAOCRzlj0YnLdh64NfP/AMavFGh3nhnw83huaztRpUdtDOLJ2FxdARIsjy7SSCj7y7/eGc9Ca+ZD44ntJ2ZDfNtYZImk5zypB6EHOe3PPtXm4erilH3ZNJtppNrRNK/R6NN9mnpe57Ff6nGUZTSckk+bVPW2t+VtJatdHvppb9M7NdKto44lntUWE5ijJjcZYnOGyARnPbHcjAIqCW20eNLwxmES3MhaXygh8xmBCEAMScZyTg9xg4YH835PiTciRP3t6i71X5biT5sgcEFjhgO5+UHj1qyPiTqKXA8q+1JMFWBWV/m4x1LbAdp6EDkjk5wLf1uTTjLVWsnq2mlo1p0tfayv5sf1vCSUY8t0rWurt3S7paWSejTt96+8LfwJ4bupftk6zNOJPNbJByQc5wuSpUHg+mAVPIroI/AmgTQPI8czRSuGdD/FtAwxGcjAB+Y55H3Rzn4DX4tawkjmPWNTUMmAu84Yj5TwcjAwTyD2wM5B0bf4z+I1j2R6tqRLLwAwICjOSBwMHHXHU4yeBWXPj4WUbyi07uMr22u1pZ6KzTe2t1ctVcBeKlFJpb6XWkN020la1733vdPf9BWsfD0UNrbxyXC/Z2CwAbVEQ5wMHjAwMnrgflFJ4I8MX93JcyCOaaSLlnmBMgHHzj1GAAc8g888V8FL8S/E8sLZ1C9cv8yuVZVJwTtLHJAHOcZ4JwS2SN7R/i/r9jGvnKsrEEF3kJJ3MvzZ9icZxx6DNYV8Vj+WCs5NO/KtUrWXRSeqUdbJd/PqoRy+pUvfltZ3i0rNcq0Wu9vSOqs7Wf3Db+CPC1phJ4MKOBtfzFyQOG44yBjoDyfSll+H3g+9PlxQMHMfA3FFyOevO5WyccgdCcj5a+RYfjdrizACSCJcYwFLnO0jAzjt68YPIyRR/wALf8UXMzCDVpkVE8wBIgMc52jPJwBxyeuR7eX9cxkG4zpu7StdpaWi9+VP006W06d6o4Nyi00rKKV7NvSN76q7st2t7fP7F0/4a+HltxBd29yo3yFVBOA5xgnGNpGOfQ8jJyRsQ/DrwzGgiMN3zgja4JyfQlQPwPABA4zg/HUfxh8RXMUQfXLxWQnccKANoxgcdeuCDnPXByTMvxa1oSFm1++IIAHzEKp7cAcAYyCD6HAGc8U8RiuZSVOfa97ytaL1bS6vTdaXNpUMFOSvUWys3aOtlva3W3M7vTuj61/4Vroe2SNYbvzWjdQZJRswCMHPO3IB2qOgPIxkVsaX8NvDsNpaxtHcQzh3bdlSWXndtYEHZx3zuBHOMLXyRH8Vtf8ANTbrd3IMZO9cjBDYzleRx06df4jzZT4peK2vYlh1SV0ERKrISAFOck+o6fKDwDzgAmuKrXr8sualK3Vtq1m02u+trLrrqdVOhh1ZRrRbso2bvdNxeivZW2TV7bXeif2DF8M9JkaS5NxcCQExpG0i7dnYdT90YI6ZycjkVrWPws0pFUxvOq+aW3iSPcGwflxuHt6devNfI0PxE8ZRJj7arglXAJbgnIGDuOMemOccnJ41ofiL42ysMd+0ZYeYCrEfgCSSfXG0kk44FeZVxU+WypSVvs93feWlrprTXTsum9HDUY3Tmn13V1Ky8r7p22133TPqqX4U29yvlrczCQTFwPPQHAJ+8O3QMcHJGc810sfw4t4iNzkuERQx8qRSCu0klQPlGD7kdjXyHF8RPGUcuX1dQWXhuWJPJ4x8pPHRePfNSx/EHxx5oU65Kd2WUbgOucZBH3VGcenfOMVyzxt0uaE7JpSdrK+lr931X4FLDU4qfvxUr73v1VlbfRfm9dXf67h+Gli8WxHfc8jOyELsGCCcDcBzg888HrxVwfDjSdpW5hXLZyVjUgAc5U7sBiRyOcjHBr46HxC8bLJtbXJwpHH73njODtABOS2MdBx6HA3xG8YpIpOr3Ug6YRycnoedvGcqQvA4xzzXNPFX19m9Hdpq6t7umqXztq2t+hvToUWknNNKyej1+G91d72t6vdn2PpXw30WC/tr1DcK9vdwuDwVCxuGClSRySADjGDk4OM19Ka9pKa9quk6jHeCD7FaxIIygCvsQbhgEDOFOCQMEjvtFflVD8R/GDOAmq36ESgJGrEktkZUAZOeSVxg44wDgnqYPiH44jEk02q6xHBGAA8jOAjHsASMjJzgEEk+mTW+GzfEYVONGElz2drWTaad2lvsvv3W4Vcow2ISlKaajG1rP4ZWve7XVO+nRXWx9V/Ez4G6p401WPUj4jtLeKPckVvNGhK5YspXDdiT36g/j8u/ET4Qan4H0l7+61W1vrQ3awqkK/OpJGGIByQG2jjnP95uKht/iB4rvrr7MPFWoPI7KEiLHLORkqFJzn0H1HXpzXjfxD4gubX+ztV1W+nBuUJgudwKsoBBCEA9Ocg56ng4zyVcTUxdadatCXPKycnFq7tZWV0rN27+StqXDD0sNSjTpT0g7RSa3srJapfFy3T287s830iXbfXCDOESQgkHDcEBhjP3erYDYA28Gv2y/Yqj1Cb4UaZJBO6Rx3VyWVAN7ru6BAQC27Oepz6Divw+8PTPLd3hdgwxMjEAZJBLjDc+2Djjrycg/up+wtDNP8HtMEbLDvuboiQLliqSMdww3ynjHHHcYHNacP3ebzjGK1pN6vVfDyrto9fvM8dZ4Km1KydZaJLS7irdfS6snd6XZ9O+Jpr5bELHI28LII4niChxyArknPBPVjnPU9cfJbTeJ08YxS3UJVI0fYryL5RRyQT8uTwp65LZ5znGfq/xNDqsMdwy3UEkJD5D4knIKnhFU7gOrBTjOM+hr5Ce11dvF0NzG924WVk8mQFIlViSXwScDHHOCDjOcCvVz+m04PXW7bTS/limkravTRbWem18sCk4tXVuV6Jvok4vreytazVtktz23T9Qna7tvMs0aNH3bw20NyDgHkjHOAwBzg5JxnstVZHsZ2NhhJGEm4KQqAqcbCAQdp46jnn1FcTpD6jDc2z3CKVEwAQqZAcFflwMgg552lefwJ7TUNQ1CSC5ilhMNvMHJLL0ZVIXC4+QHrjPBPJ7jx4R5cPUbm7Ssl1s1GKafRWdldq7210Z2Nvng7yto223pflte2klJq1ndvRp6M2vgPOP7N1QRKXb+15QxbPyjcxIGPXoB6Z5B4H0zrpjXwlrBeRQGspWZmBGz5W4AJJxyemeQMk9vmn4AxBtO1aMAkDWpFZyMHAZjg44/ML6DoM/RvjGMjwfriqcD7BMpLAnaArAZPQ8NnOC2SF75H1mTpyytWV3Gm77WvdX3b01e7fdWPmswknjd/twTu3/AHdV3Xo3d3u76H593jQy6g0SSA753VSAMsWYgZyeBg4OM+gJwBX0H+z3ZJY+IPEAEjuVtoQS+AAxxgjbkgfdz7HPevlS6lBvGKOqPEzyFiduQjHJzk87sDqDkFRg4r339m3UrufxR4jjnCrus4pI+S2UxuyeoycE4znk5JBr5rD2ebUOVq8W3JNW7XVr6X6b9baqx7ddRWBqpyaTjHe6V04XfpdNv5vax6H+0e4XS9NywJ+0844JzwCSeRjkk9Ouc8mvlyCbzLKNIZmhOwtOYwo3KpJABYjdlcjjIPzZ4r6N/aPmH9k6e7Nx9p7EnnJPT6joPUfMR1+VreaOTTkYNECUZcN8m457+uOwHJHQdq+c4xi3mD97Tlja0d2o9Uk9dO267H0PDsb5fBxTaTcvN2cHdbvpfv5NM9v+Hdhq9zoWuNpt19ngjl3uTIqmQ/LkFSA2Qo+YcgdOe/J+L7TVf7SLadqRAWyActMsQLnO9QuMHJ68Z5BI5xW/8NrGK88M67LNqbWEdu2ZCgbZKcEkhiRnadxwOR06CuR8e2Onz3NgTq8NpFLp42FN4aUg4MhweWbliSScc57V8zXi/q+G91XurNRV+W0WrdVZ6O/X0PewOuKqxk0nPT4btNxi272V+qs1bbW2hgeJ7bXpLfRozqcM8/2J1aAzqgj7blfoW4HKnIIOa9Q0bSdTtPCkcketG5D6cGuovtYLQsC37ocncT6jnGW6A58V8S6PZ3lt4eVtbjsYktpdlxLuV7gDI3khhkMeeWXkc8HFeueE9L0yLwajQamxukhO+5lDeTc+WznESlsMxGBkDjqMEADnwcHKpLlTbalq3ZaWvZ/ktN77O50YlctGlaSkvaSTtC27SfLrpd7p/eul3w812WhQOI4g0pE3mLvJEfRzgFgeQp4Py4wSTW18P5Jo7nxbuVZYzZ3JYBw28727geh9f6Z5jSYl+3yXP2hpIHYqirwu9owHBQEEAHIyoCjpk/LW18OmK3PjQkmHNjN5YRs5IdsYJPAGOg6cgH5cjvdGTlHR6p9LPVxslFtxStp0btZ3R5VVW9prrFQVtPtSgk+qV7NLysavgq4hea+V7LyXQlWChjuDMSXc5AyNwBBGev4/a/hIgeH9PZR8htyFyORweM5OMg8/XPQV8TeB7q8nl1JSYcQhSXwHbaGDHceS5bnd1xzjGMV9n+E5N3h/TCzAAx5PYgbj2/h56d8/iK+o4XgoYuoknJ+yu3bVXlHZp27q1/Prp8xn03KnC917/WyWkVd22s9NtL9FY6xJi5K54ODgAgYGcE4PGMcnPPJ4OBXj3iu7mTxXqCWzFs20IZiD8gIHABPIAAJAA6kgjkH1oMpbcNwDNgdMNt9cY6HPJHIHr08X8Tw3F14z1Exu0Ki3hJORkkIMJtPByQMg55PNfQ53KbwyVr/vEtLX2aS0vtZ819mrtas8fLmlWdrP3F11tzK1n1um/npve3l323w9/awPiR55rSG6Y3MFmWSR0JJLEgNnPTAH06HGrqOqeBz5CeF21SC2uZGW5WbLMEYnaEOOV6ZIyp78jBw9S8MazbalPeXFujadKr3EhEiPNtyRhdxDDJ+ULjjsCRgyaN4i0PwvMNQt/Dq6mk0T27i+fKxs+QzohUjdg9QWUbT3+avzDE0nGrO8JXevblvZXVumqvtvo31+whTUoQqU5VeeMI2jGVk3ZK92mnprLWP3m1qUmg6fZRJd2k14yyRt5krHe6sowoP3gpx06g9cEZro/CtzZNpeo3aWbvp6SqZbcBkaOEMvyIf4mbOcEfgeteb3Pi/SmF9e/wBnJPI9wvlW2HkjhyMBCmNuPmADc8gErXdeB9Ull0nVdQ/s+OTy7gMLFj5cZR23GNl43BmBK8cDAxxW+W2i05RcXbpZt2aWslurptR1btd3epyV/aKlJNTaU6a1l72rVo3Wmm6Vnve92dHHrHg6aCUR+Hr/AA8rYJZhjg8r8wO09RznGCeKvaZ4s8C2oNrL4Ne8uDBNFHcyCSSVHPKswAb7vQZYAFc471kHxzZJLLu8JxJOuAUh3BFUoSXHyEDgFWA5BY9etXPDfj6P7aYbHwraSztDcbcR5mQMGBkLOpPCknBOcdAcCvUc3pzT5VZ2Ti2mm4/Y19ErXjom7b8FSEkptwrNXTu66tq4apJ3ttputtiFJ4Li+nZIzDB9nL+R5ZR4YwOE25+YEEEDB6hhknJ+xvha4TwhpAVvMV0lYZPAXcAAO/JIAPbB5Oa+Jrlb26vLuQTpaSSxMfK3geSpVy0YUBcgkkKAoxzjOOPsD4UTyf8ACG6PkMGWKWMs+AWO5drY7k9QevTpk5+k4FV84rpPfD/E7XtzwVtLW0s7WXfsfPcVxi8uoXvZ1YNpvm1cEtt2lre9+57OzrjKruPG457YIOcYOPQAnqewGPlbVJtOg1zU5bkyK9vfyPDsIZcjBIcYO7PAAJPBPHBr6YE+FVd65ZjgMMEHBzzjJHTpyM5VjkivkvxhdWtvqWtPJPGiR6gWGUyCxIwMDAPPZuhJ9AK+w4rptYWi9mqkummi5rarVdNVa+9+vz3DdNyq1o6v3Yqydr3cb7K+8b3bWqtZ3MTXbi3uG1DUhp9rLJFYO7BtuSCCMkNjlgAe/BB74rzex1Czu9MhFtZRxyLMTOySEAMGyXVeygHjHHHXvXXXeqQT2up3cTxzpb2DmXPyRvhRgFABuOOOV6hjzzXn+ma9C+myXenR25dI0hmt0h+VDI5UksRgvjG5scDjoK/HsVT5q7d7Sau9Pi96N5R6aNLS192fpODpN0pRV3yzglq3bTRpvV2as1a7Sb06ddqdhEsamHRJNQbyYpY3cZYxEjedxBAjB+6VA7HocCzYwahFqOmNbeG9PjTzQ3nSSRs0ZVBkAl+WHcNtI646GnXUj6toM9xba21lfQrDbQwiRbfCAASx7s5A2k5PcE8Cubtra0s7/TJZtfa8hSYyGKG6kEpumULtIyQQGBJcjB5O0g5Pk1Eqc0mm9Xa2qVuVW95Nu70aa00u9kt2puny3atzJr32mrRs76J3807cvS7PQ9HnT/hMLB/tUlxPcCVTH5G2GGQs2UUkYK5yFYZ4XdnBNanxCGmjWrhprYSyLBEZmVtu3aoO0gAkAkdcHnPKkCuT0kTz+JdElN+juZdscEZAYhpWGHZThztPIOQp+9wah+I93c2XiK8lgksRNPIsDQ3Em75VUNkglRg8gnoMjoen1GX1eXL5K+9RX2WslHWPS6/lWi7WPAr0V9dw8ry1oJWuotO6e6vd33V03rZNGDPcaZevGttoUbObeR1Ksy7tuSd3BGSO+cHIGfRt5rmhTeDnRfDEdlcC+CBTvVJniUfO8gwS5H3ecceoBpsuo6tK0kcN3pNn/oJlS5QoFj4UMgPcE9s4wBnqwqvf6pqg8Cwza1qenmz+2TR211ZwRvMr7DtLBAjZLAAkjJXvjFeNiXKdSaWz5YtNSa2ST3une6urp/aeh9BhoNUaSknZ1Ka1qTabuu2zXdqzvdtWNrwReR3d5PCdPTTTHbQlI1DO8ytjH+1g9dzY+UncAcYwdV1rSBqVxbL4d8q7N1Kv2kM3mzIBtKogU4DFeQDg5IO3JIq+Ar1Hup5I9SfU2FojSzr8nkqrgtxx90HG0gseh5Jp9z4vtPsuqNbvaAWWpnfdS2ha/G8jIDYyVB6EBcDGD2pR92lFSSdnG11dte618K3jvdaLdu22dWm1ialk2uWmrKctrJO7W1mnqtLb3MCXxNZ6dLO8XhiEu8WyS1ZZGeVQ4Ulht44JJHJJwcY6XPghefb/AIxWV3FbJZLLBcgWMZ+S3CiQBVTbkHvggHBySa5dfiDfeH5Xjhgj1Ca6llu4p7nTvNcqQ22NGxkL0O05y3G05rb+A18+ofFqx1KVHivLqO4mnhaLykQne2I48AIoGMjgZ44PT1sgbWa4KzemIptpppxvKOt3FJNp7X0Wq6mWZQSy/GcyUb0H/wAvHN35Y82jW/m3bXR6a+4/F+fTD4umh1GZQjWySeYIwZYdnKkSsSUGep45HoOPHXt/D8etaDJMi+dNP5sNy8oZ7hycwu0ajJVcKAxI65A5r0/4tSu/jC6hjsbfUTcRQ25jlKjaWyWycg5ON249CqjPJYeWvfh9Y023/wCEWjt4rO+t4U1F/mSBgMHHOSpcDaMcg5HBAP2GcJPGVZJQuq93pdt3g9ZbdJWbWjdnZI8XK3y4OlFOUovDpO8korRNK2/R6rbvbbrPinJaXGq6RNeO097HYotvBFF5kcjAKCuAwO7BI6nnKjHIrB0jTdGFsJb3TNREdxIxvngVkEEakg7OSVduPw44613HjO50uK+sftuh3V/draZt9RgbYLdmkXbKeoCgNhcrgD1AAOj8IdWtdLfx/caz4fvfGEU2i3f9nW0RM9vpTs4QXNyFUiLbw3OOPu4zmvPlTlVxyTkldXu1KXI1FO70vJyenu+7quqLliHRy7njTlLk5YtRlFc3NUhFNttWsmtreavo/VvB8drHpHl6askdkiRfZ0uAGlEZxt3kE5fAIYk56ZwQRW9eanbGKSKacQhIXSVtm5WUrtKnB54xwDkggdMVyXglZU0uI5URMwmWGJwdm8s2xuuTGONvb5uoxjbmtkke8kddqtGxAkIZQMj59uMnkrjHUD6gfpeEqcuWYeL05qaWraSsuijte600dnvrc+Jrw58fWbbSVWz5m3d3i9GrXs7aK2yR4nrzeBtOh1qQ3ciawto39lwJZuIpZHb5pZHBIXrycYz6c483s7zXJVtXSeHb1KwoGcKORkPt2DuOp5rsPHernRv7QNt4j0PUdSnFvbmxeyQy2UMnykeYV42jAPGTnq2cDyq5nur15HnuoW2RqGS1cQMrOMthgVyNxzjHOc45yfgsfmksJiJQpKMGrqXLpe8k0m05JyT08lvfVH1+EwrrU4zk5ST5U3OzdoxiuWKs3a99NXsr9X1l9qmsShHjku52hlYNbKqBTuwCMlmAHYA8EN/s5r6jt2ml/ZT8UvcrKl2qXrmJ2Usikg/w9QOWzt69yM18SWEdvPJcWTalPbOVaVZJFeRlCYIxJvyQRxnocEjtX2Nph+zfsueL2Z5LuNre+eO7kYEtsUFsAfMAABwOPrWcMTPGUKzrSvL2M33Sty6JL9bddDhzChCjLCxSSbxdLSzejadr20drNp/Oy1Pyv8RxPc6FeyqsziezB9OIXAOG4GQCcAeuCAOmT8Fdp+OnghCx3Q6zpxETDJJZOST7EZP0xUev6vJHo8QVnRLixu/LjT5RlWHPHPJAJI5OeeAayPgrPPbfHnwFPIzNNcajp86pvz8qhgMjgEkZ56jtnINfP0YR5XC1k3rJK6Ubp3287pW1uvl7tTSnUbekaUrq61bhvfvrdXtbz6+f/HyWKT49ePw0ilj4uXCDAJ/fIueMjORnn7vY7Rzyvja3E3xAmt0VvNFpp0hJwcRhYi59BwcHPs3fAm+Nc0d58cvHt3KjhpPGW885IxcEMCcKcEDOeAck45GeJ+J11L/wn129tNLGBYWg3LIQwxCnyZHTjrj8MZyeunDmpOCXNFvlvy73t6WbT2vo9O5fuuVCd7SVFXjzbX5Ou+/VbX0SW/0x41d5NV8Kz6MJ31Gwt40tGV1y80UEbK4HRwrkZ4B45OOa0vjbqXxi1T4a+B9f8cmH7JHBf2GiGxkj86O3BfzBcJGWO44KuTgA7s57/NnjTXL+30/wfLbX1zBPHaktKJSso/dgkhh1IHA59sjcSLB8aa7q3wpMV7quoX8dvqN3a28VzKzRW0Ui8iJWyVctjJ4G7gfxZ445fXjUwkm4SipPmvG8pJpJWei0tazVuz011p16Thzcvv8AOkpNO93KKcl2lZWaeyvovhfp/wAMfGfjSz+Dvxb8OQX9xHoEltZTmzRiUkeSTbKWY8HKEggDJ3DIOOfL/h79qi14eejKBaW9z+9GSyIwO4nqoA6n1+6eQTm/DzUbxPCPxRt01GRrdNDt5BErHazqwI3EAknIHIzuIANeb+BPEWqv4jkjmv5pGbQXcMSQMDftTnA2AccHr3J4HoYPDuGLxXLFQTnCUrLVN04c1krXu3vp6J6mlZxdGUrpuer5Vq7cnLzWWrVlrZ3va3b6Q+LkzP8ACeb92VB14Z46iRwwyp6jqCOuDyRjNbv7OkhTwP4gk8h1WfULiJSgLAmOyOQBknJxk56dvby34iahqMnwthD3TssmrWzMGUnjapLEkDGB8vIGeBwSAfZP2ef7dsfhDbahYvBt1TXNV88zRglFS3ZNybskZXp1yTngGvoKcHTr05ym5RUdpaWs1pp2X3M+cxMm8LVioJOVeNk3o0qiV9VvKNmk9r73sj5FvpCfGfiF/KfEelXoO7/ZncgtnJHfOeOAcHivlHxbqdnPf2vmWYLvfwRsW3DKGRY9pJBOCQQck+vUgn6yuYNRi8aeN2aYgQWd2FZ8EEyu0h/3VZjwABxg7jg18majBf3niWzt7hYyG1bTY41EW4sHu41wAOucgnAOVPvkJU4yjiat07wfutLRcqs7WvHpu+ifVHoUp6UqXKlaEErK13ZaNq73V7vdLs7H62f8FINaTR/gj+y34dktIyn/AAgOlXduyu2+NHsFUoCM4w7Drkcc4Nfmj8QvEyaT4X+D8hsYrqTTrW41FY3lX50SZcxsCCQxyBnPc9Dg1+jv/BT+WKHw5+z1oc0JS5sfhnpXllBu2gWcecDhgc8cj5cZ/vAfl34+eOTQ/h6jQOwXRZ4y7clsz9enXpzsxk5J714XCmEjPJ6Tlze9XxUp35tVKclbRWtro2r2Vru111uqqEsPolKKvFv7Lbu3JWvo223v0vfUva98UpPGWkxq2iiyia6D4jlLSBd+FwABhBxnOBnjnv2XxN+IU3hzUPCCLpkc89j4VsWR2mK/uJkV3BwOScdB1B5xlSfHdNhijMib2hieKMIrL15BGB8xz0boAT3BAra+PKJa+LPCglSS5DeENNLhc4UGAHJGSB64OcDr049+GU4aEY0oU+Wm370Vdq7UbO/vNvS+iS2uy62YVKlWEpy5pqLim4xvpyq6VtXs1dX00dnY9N+CXjCfxF8bvAOqQaUkK3OsKWijm3MqRxv5jHJABIyEyRweOM497/bZ8RXvifx/4WOkWKzBdD1DTbZd+1wYmRdo9153HHJ5ySa+CPDWpP4fWy13S7q6s7u2mcwzxOY5ISwOSmM9MgHHGARzkivo7xNqV1qR+E+pX93c3F3Lp+p3E91IxMkzM6nfnGGLcliB9eMmvn8dwu559l+Zx5FSw9CpQcLW5nK0rqXw212a1dkz08Pn9Oll2Jw7s8ROUGpR093S/Tuuy7a2uvmqTQ9Z8Pur3tjNbXW/zNwkJUBidn3u+4EMOT27mvqfxn4he0/Zq8JPexI0kviGWJ1V2DZUcMxyTlsksBgZPcNXi/iyafVteCmS4W2TYV6BC6gkcE4JPAOCDgdDzXa/E/zR+zl4dlaVf3fimYjPG7kDkkEDBOeDgADnGcfa0KHN7l7KCTbjbWyje91a9npolZ7bHyeKxC9pSck7zqLkcU2nLlvdprTXS+lr7ngOl6zbNdWttdy/ZrS5u44ri5jzM8EEj4dxGPvBAeR2IAycYP2l4b1jRdB+Ffi/T9AvLrWdI06eW6GpSxGFnZ41Zowh3bVVic4OMk45JK/nVbzTyzxhplTaVdim3t02ngE5bHXjrwcV9jfD13f4DfEHzZB5gNwFfjGCBj0HAxgEnAHrXVHBxmmm2o2TasknrG66tu3dq1lukcuKxHLCLUnrONr20va6vq3bW19paRKPwh+J2h+FfGHh3xYtxdO+lagks8YjzGu9yVyuDu2AkknGcADnAr9W3/a903xTrnh7w/4Y8QaldJJHf3OqT3ULQoYxabvsMDH7u0kpuOdxxkgH5fwQ8H34sb6D7XcQLakI+Cqne2SACDkdcccYyBn1+zfhRqEM3inS5rOe3YtZ6ifLVACge32nhGPT5V5JzyD/ABEfOVuB8rzPNcPmGIhKpVw7UqcXdQjJNNSaT11SemvVJXZ6eI4mxWGyuphYcjU6coO8U2uZRjdc0m031evK9kk2y/4a+OcOjeIfGOgNoVjqml6lqOssRfyuBFeSXEhiucZIZ4Sd6nPBxtXrVqP9qPWtRvfDfg+TSbWW7sNYtgmpw3UqSvbecEjtt2R+7iGTtB7YAG418oX2spY+Itfn8tTJ/a+ooH25DM0sijA9zzu6enrUHg+/hl8V6FfTSRRzSaxaxhJE2sy+dn5c5yeoBH94HnpXvS4RyapXVSthYVKzknKUk/sqLWj0umrrS13ueGs/zKGF5I1XGDi7K1lKNldO8VfXVXu272eyPoXXPi/47+F3xc8bDwwLIvrFzbX1+1zKWUTKkcsbEFgSisQGG3BAwSFzX0Lp3/BS345aOltLp8+h6frdvC0AuLa2ZYZFMKxs0kYIQMY169Dk8EnLfD/xk8S2GifFfxANSgVoLpbQs5GXK+VGflByTkDOeMD06GJvEXhbVLNbiyiUtFEqRlYVBkIUZEgOS2CevBz6d4zDg/JcbiI/Wsuo1pQUY+0lHVKEUo22fur4bNqzV/PzqGY4n2SlKampJPklbZqOqVtHy7StfSz6I+uvip+1x478eaN4O8T+OLXRL+5u9O1XS7LMQiBkugyvfEPkb4nYsvOFHQ8ccr8N/wBr348+AfE9z4qtNW0W/wBStdFj0exlumDQPYxp5cUMi7wpYR4TO0HOMYGDXz98djE/gH4SmNDbxzWl5KVi2pgmQ8gAcMeCeOMivnXRpRIGs/tVw7O4DEysARngZz1x9Oc45C10U+DsnhSjh5YOjKkmrQlBOzTi/dutL6atq/W6diFmOIqU1Ln0u04x2smrJ21310vyvofr94q/au8T+IvCmj/FTVYtKTxgniBbOGG3kEWk28otlWSWO3LcksCGdGHBDbqoaF+3R8fvB3iePxVo/ijw/JFDHHcS6PdStPYM7KFZlSSbA4JLYzjAIBIIHwdrMsdv8ENLiaMskPiqXcwdsjMA4DcFgep45J3YPGfKZrmxmtyggmVmhjjT53xhgCWPzf3uDwFUsCflGKMVwJw/XdGniMFQnCMbwg4K0W7N8qs7Xaei31vucVLN8R+8XMnyzlyqa5mruLaW/fVOy10XQ/Wj4n/tkfEr9oPw/qsXjy9067tvDttFq2nroCiGIXkzKkq3UoJ3RrGSoDMSBwDxXM/CP9v39oH4WWNx4e0LWvD95pRmU2ltqsyTSrEqFY4kk3gqsaYzyPmHAORXw78Ir6FvA/xat4hLEbbREUEuzkkNywOcgggnjIA7DAFfHl69xFMZTdXqySlZIminkYJkjkAEYyp5BJ9DyK6v9ScghhKOGeXYSdCE3UhCVNNU5NpNrmTau7Jt62dt2rXDGYrEe2jKo4QikuWDtG3Kr3TVtHpukluu36/ax+0x8aPiv49i03XdejTw34ja5uNV0a0mLWEs8FvIRI0XzFlEgBXkkADnPI+aovjP4v0yPWPDUnj1rDStJ8TS39toKWyCAzwzuI7ojq8qhcLnIODwec4vwBvC3ivw+DPIyw6VcPIJfmfeY3y53E9+DnsBn1r5q8buB4t8RTB38v8Ate+y0bAMd0zE98dOc9sdM812T4WySGDjRp5dhVRc1J01RhyJq3vKPLpK9nfXZ2a0POo4zFLGNKtJckFa0nGKTt0TVrN3eqXfRH3p4e/aE1tvF2jaJa+OdQ8Qabrt6brU9Hms0trH7Y9o6M7lUU5GeXBxjJ5Fdv8AB79tzx58B7rXvCfg3X9K0jSrzXNRutYSSw87dciRxGIZAygeXnA5wD/eXAP59fCyVbz4geFkVpn26isbIdqhxsIBJAOWI49z3bgnG8fRTW3jHxXboYooo9dvc4IDAGQnYOc9BzzkHr05lcHZJi8O8LWy+g6DcOej7NKDae7S6X13vfZdta+aYqFeyrc75Y3U25K107dHu3pfstOn6NfE79vP42/ELRb/AMK618Ura50HVbnz7jT1sk3XSLKu22kk3biSvReOflz3r5t/ajuG17Wvh9NZxreSP4Rs8TBVjbzzGm5Ng/hjOQDk9T82ea+L7W4Zb9g8ZfdIhVi5KgmRMZJLHgHjHOSMHivpf4xatPput/DS6lSIonhO3Ai3FicxLlvTJABGVOSBzkYPoZfwrlOVunQy7DwwlNyalGiuVJvkT0V03bvrotWkYVszxE4uVRqSin3aT91uyd0np0SdrfPwa68PatKwDWbKkZkkkKAvtZEI3HPOM44IHGcBiAD9h3M+hN+w54Z0251AJrtp8RNQmt7dYSJLhXLDZI5B+QDtjC4xnJUn5juvGtri4+zafOJQHEhUnY27gEryQo6ei+/Ne23+teT+zHoGopbIVbxncpHHNEJDHyS7KB1DAE5I+Xr3rvzDhzDYmeDmqsm6NaFVWejsktbLW17vZp30Rng88r05VFKlBOUL3er+zaz10stXorW6NHxI/nM1zus5HcyOSqKSseHPJUg9cH5R2HTGa+mP2fFhfwJ8cJYhk23hmNpfOOwMSH3gZHJGCAD1x92vHpvF1rN9qhjs2Dx78zJbBSu48hhzvA5Kn0HPHNfRv7PeoQ3ngL44lrRFS28MQucxBRcb1c/MODweecA5P1H0NDK4UYLlkm1GK3ezUOu/dvS19NWjzqmPnVqu+i1b02as15dHbo+tkj4I1PxJoShRPp1wpk/dloCWG1WYE7goAYnIye2eBtIPp/7NbaVJ8ZtOvtMXUIl/sbV9sZUiTzBbkBiMBVUDB3HuMjkmuW1G9MaMyaHaiJRuOY12h1YsuMqTz2Qk9lwCOPXv2cbz7Z8UNIddNW1Y6Zqqs8Kqm8fZ2wuAM88ZJwrZOQQcH1PqcHR5ZcslKKTTad17qau7prXVW187aeRPGT55tOzjZxktJRd46rRK3Nq9Va77Ixofi54l0TxBcyal4m8V6xpUGrXi6jpcN3cwlbWK6k/dwEMQuxV2qVAA4HpX09rX7bcfjvw/ZfDTTLHxYNM1G40i3hl1jVJymnvBcRhUgVgFLMwBySB3I6AfGes6itvrOvJeKts7anqIi2xIxcC6k5zjnOcnvnrkda/hq6kvdX0bykTdDrenSM+1Y3YeeuAqkcjdgHnqc44zXzmI4B4axVeGLq4Cg66banGEYpt2b5oqzequuZdHrq2epS4wzilRVKOI54wT5VJXcVZK6k3daN6WV+h9Q/G743eJfhB8fbvX9NaW81NvDuiW93HfXckqS6SLCBJLZmBz++TAYZXKscZwK4ux/bNu7nw/rPgu78Nada6JrV5NqFu8Vy4OjtcZklEMfIMsjOTuwCAc5I4PN/tVyxXnxJ1C4nR5LldH0xUkaPfhEtYuqkfNkHHAznnoDXyiDAbc4s95lO0v5YUjoSAxGBjqcZ5GOuMxU8P+G5YiOIlgqTrRUUpp8ukErXSaTtrZ2fVem2F40z2nQVKOJcqb2jJptbeTlFva7St36n7U/Eb/AIKRftGfBrwJ8GrL4X+JLTR9F1HwQI7OznxcsWt52jV526sjld21hgknPBxX59T/ALcnxul+JGvfETWX0nVfFnieKOPW757ZXjuIQAGVYgQqBV6HkZGDnpV34rfYG8G/ByK5snuIE8JS+SHX5o8TyZEZJ+VNwJJ7NwNxAx4LnRbqRli0yS1kSEoXVVPmEqQMkkseOg5yCe2K6Mt4D4doYuWNp5fQ+tTVnXcffklrZyej8kmr9HdHm1eKs1UZUoVHR9pKXNGCS5nKTnd2Scpb+8227200Psnw78Z9T8aeAfjD4qutPsv7V+yWTSwWzYhkBYAuiYIQgZ6AfNuIx/D8O6h8VHa5lNxolvGJYwm4XG4u5ABI+XjHcjB6decfQvwkSS2+HPxfhhtXMM+nWiuoYErvlwpJJwAobOccDjsa+atR07SYykE9iwlQgmSPa24vyCc+wGeowQD05+phgKNOKhCyhBpRhso/Al/ntot7aI8z69WnKVSbfPN3k5J/E+VK907czTVt91d3Poz9mDWIda8ba9s02OKa38Da852zfKRJaTA5J3ZABDAFsc7cV4d4O8daN8NfGOkeMLfRDqOo6BrE13FBcN/okziZ927KnIHDAAHpmvc/2YrW0g8YeIPs9tIrHwVruCqlXkH2SXcGwc4Bx82RjGAMmvmTUYZZ5JNsaRRC6uVxgPgecwJx13cDJ4PHeorZZSxNOeHqRc6VVezlG75XGUeWSvrZatPureq3w2ZYjD1I1oS5atKSlFtbNWaad9F3atfdI+//AIaftT+FdU8RfEHxZ4j0bUk8Y+JYtOm8M3dkzw2Wk3kF1DJHbsoG0xF4xuYbfvEnOOPsHVf2qIPgp8TrXxh4o069vPEninQNG1O8ubG7YR/YpI4nmilRV2F5YcqQe5GemT+Lnhu5ltrmGFYklt/tVkjFQqPnz4+FK4I/h5yADjBJyT9b/tQ3so1jR3KNvi8F6KsTuwZkUWkfyhmBJDZGcAYHTkCvg808KeGswwOJy2rhF9VxNOVOrTjJ2cZOLSUteVXjdNPe99T63CeI+e4XERxP1mMqkYSpS5opqVN2Ti02r/Dut33R+x3xn/4LJfCT4haH8Prbwn4T8QWmreEYpdOlGsSGPTobSS3MUmxdgM0hwdrBvugjdwBXhmu/td+GvDHgX4I+O5/D1tc248b6zrsdpNcYi1QJK5e0AX/UQsz5BIwSORjp+E9tqNzOnlDa5UO/EWQAFxzkHJ46+m7jsPrX4iObr4B/BuFIWUx3mqsJHfAUvKWbYSPkJx2+8BjBODXzeXeBnCGWYWthcPh6rp4qPsq7q1HNypqKioLpZRla9l0fmbS8Ts8X1aNH2NOlh606sKcIWXNNN1G0m+ZylNtrq3rvc+gf2ov23R+1Fq2jXerW9t4aHh0XsGnaZbuJ3ezmYeTFLKQfkjUbQuDhSSCvWvlz4U38jp8TbhJLV1TwtqTtKmBjOwqMgckA44PcZ5FeIwabpYulnzMJo0IaQ8jewPc4HJ/pjqRXsfwmhtzo3xEENvKxHhjUftD8BZA7gBvlxgDpkkDjjkGv0Thfg/LuGMvo5ZldJ0sLRi1CCk52vytpOV+sm321Sdz53PuJMbntf6zi4U4zsl+7SSsuRaK2jte90rO9k9UeJjx9qNvo8jWxt0khkKoGIBcb23MBwO2eeOSec/Lgr8Q7qfz3ntraXcoVmVmDGUkDceh4brnAHIBB3V0iaHp7QxRwW0k7eWzSq44UsScq2c/LwRw2eCccA5h8KaXardMscsbC3aRPNUOgfKkkE8EnOBxg8joSR9THAqCUuVO7TaWuqt0eiVtGrX7s8WpjLqz0kkk10bStbou69LO97J+pfGi/Sfw58OG1G7+wo+gRzebbqZDgszBXwR93nBB5Kg9MY8r8K3GkHW9NuYfENxIUn2Rp5ZWSPcpAYjJyjdAxYY5zxxXrHxd02C/8M/De1nbYkOgIS4VQzgg9iVwQV24zxyuT1PjvhHQbaDXNOdWOyOdnDSFckDIVtpwNozj1I46YrvpRqe7GScU4pJJf4Va2uy1VvV7nluo2nNW5u/X7Ktb8XfS21kj9jP8AgkPq1rYftjWGlpJJLcX2geI3laTIQ+ZbMqBBnjrnjOSeQe/5/fthz22n/tQ/G7TZXeCOL4g6ozeUmcszgghgMBee44PORjFfYf8AwSovDYfty+D4ZZImk1Cw1xImQjmJ4SsY46ZzyeRjJ5PFfKv7e2nwW37XXx8sJFKMPHd3JvUZILBW2/KBtBJXk9zg5BC1+d5Xh+TxFzPlWtXLaN/s3tOMbW3trvbZLue9isRJ8PUXJX5KrS10SklZWVu/dXvfzPkq313SY9WMs+o3ihHYI4jLRkKMBWDYVgMAHjJ45Pftr/xHY6hocmL9sRGNoI3hZBJ85wOSc89sMCSTuGMV53qMOnSweUyMhikU+bEPmbIHB2qATgjnHOQAOMjT1C70/wDs2ys4IizAQJCVjYMSrk5dSDliByeM57V+oLCzTk2nZdW2mk7JPvfXTTq+x8jPGScItWcr263e2j06fjfTs/L/ABVq2nza5dRXJlilkCZMSbcgJxgZwvUHOPcYxVCXWdDOmzW6291cM0awF1yGUhs88cnOcP6EcfeBPFFrHNql5dPuilikiAUnAIVR1OD3yF+U85HIzUejwCewnSaMmRnkcbFG4qBuGfl7EDoBu+bqMU8PhLNu6TSbSlLquVp20u29/Nb6WNK2LlUo6wi1ZrR6v4Ur7O/ls9Xq2fp1/wAE3NSsNKg+OTPBdtb3Hgfyw4Viqbg4VWzkKRgZwAMdhkZ/S7/gnnf2y3nxgHnlZZvCGpzR5R8pEkc4O4gAgjjIJbvnGcV+eX/BOeFm8MfHlniLq3hLYFKqZBtDY5wWXPPQ8HHA7fph/wAE5reOSH44+ZaxMV8FakUlZArRAwTnjAUgD06nqc818zxTFLL8RNyXMpUYpq7t71NXe2t2/PW1jsySblVUUrp3aXyjdLRfeuysfiz4s1O1h17xsxuYGFxresqm5jmST+0ZmYL93BUMOMEY4IwaqQ6naNZwxGeHctmiBBIC2WbPQnLDg/QkEjrUuu6ZZ3Ws+IZpbaOWc+Ltcjywwmw3koOAp4APXORnPBwKVtGs4tOEnlRecInUNs/uy4AwD2B79iv1r1sNCvVw9C1rRpQ6J3XLHV3tt8NtL2Y6ihGtJcrcnPmuuystL62TVrfK7uat3dW5ktYFmiBls4wcSD5QmGycAAcjjHfOCBmt5b+KO5AWRfLa1TBZwPlQcEfNknIHGOQBkjBrkTpNkI4JZoE3mS3VSMn5WGGGN3dSTkdTjI442IbC0l+2N9kWSOOaJFbLKyquBgAH7o9uMZ5wBhvC1pPaKWq0jyyV7b6R0aba31tdtK50QUINKLs21srO9lZXd1sm9+1uh0ccsUtlv3oztcxuxDAhQRu6+pHY/icZq/Ksck9kiEFt0hYFlBxjDNkHJBZvTP1HFc09vbwWSQpBgXNwORuBVVICj72RgHgkDAxxxwx5oY760kkjaNYleIYdsEgEBiQwJPfJxxgjHNZ/U6ylFaTV1ukv5GveW2iSW/VbsqU02r6tWTdk9Hy3uraP5vS/Y6hpGWB4lRduyQEqVycMBg4JwR0AA544XGA37MGubDYoYBCCT82Rjk+g6jsfXBJNc+gRVnEjSlrpHKBXJxvb5OO+Ry3A6j2FQBpy1lAlxJDKJXhUK/8AB6tuHzNjuQMH65Fww1SnaUt7NO+ltklttrtbVPXuQneyd3ol10V42XfbXXVt9d12CIiW1yXB4nUjhcKNw+VckAjGOAODzjvUh2ySxRMGCqJNgOSTkd1HIPH1xnHB55pYJ2tpGW+mLRTpCVJAUAEkuSTlj2xznqADgVbdJpFZhdyq0COzvyCWwANvHIzgYPHPfmpjTm523S5dX1V1pqtLPR66Wt5FSklor3aja27trptqm2rbXvqkmblngwzrjjBGem4hj3znOenUZPQ5Jq07HbGPmRTaygAnHzAdOAc4BPXjkHAzzzemwXssUiS3MmJUXySvUlSfmboASTj8eAavyQ3RjjkW7dvskcquMcEIAQucY5BAwOQM856VKHw6K6dr9XeSVnpfS9/Szd7XKg4qzber7JW1V0+297XX6O6gCx6YpTJyWbPGAWbnpkZ6EHIPQ9q9e0H4Y+NvGehQ674L8I6t4gj0XVUTU57SJjbwMx2nzGXAUKAoLE8HBz1x41pUN9cCynadQo3YBHCqoII/I/zBIGBWx4g/aZ+LnwH0e00H4e+KrrStL8VXLy6np8SLIl1JH9wlscZYZLZHB25bFfIcX4HGY3KauHy/2KqycHavzKDjamm/dvJJ6vZdLaHfhqlKm+epqvd31SVoWsr63e/XVWZ1ul+F/EGifGy703xVo99ot4unwymz1CNkYodrrLbh8Bojk7WXO4845GfQP2t7y30/4kfAuZyCYoYyqdGJEcQXPOSCB1HOeRkivk74VfHf4kfFv4yy+IviLrkuuapHZQ6S805TzI7dH228MewAKiJxnBwM5JOQfbf2/dfh0Dxh8FtYlCSW9lpMd1Ki87lhjVnJXBDfT+LHPPNfI4LLMZTpYLA15U3VqYOpT/dt8jnKnytxTs+W70066NK9vdw+IpPKcXWpxlyxqpt6aJyj2d7b+a8z6uu761m0OOZVWOSO3F9vjcYF1EBJGz4/iVwCRx255yNj9nf47fF3TfjXpOoy+Lr/AFTSfFmoaZor6bcyyXECW8MscIRVZtiJGgBBGNoA+Y1+XWu/tQ3NrpVtHpl7bP8A2smLW1kiMZiUna6O2SBlRgEY6dAcVueGPjrq1pF4e1G31VNJuLac3QmsVVJ7R42z58TZzgYDZByPcHI+Ox3hhjMVleYYfFYejWeKpVoU3NKcqTnHljON03Fpy5k42bsmnscGGz2lRrQnTnKKhOMpq6s78qs7Np6Nv06X2/p6/bi8Zsnwg1HSbmddov8ATp7tJEQhUcJgKSWJVmIUAD5c9vu1+A8fiPTn+LvhaJkWGY2d7IE4C7QpVWVTu428jGcZyxwK8q+LX7T3ijxv4f11734oa34he3iso4bC5umaOUo4AmZABuaPIVR1XGDgnnxbwF4xnvPiz4Be+mluG/s2ffNI+S3nLna2c/dJCjHJ69F+bz/DDwtx/BuDtisQ6koTr1HpJRipK6jrdt62bVrdbnoY3iPD4uvGlSt8VNOT5Xq5JbqTTsra9bPa9j7d+NcsD+O/g/bJH5sr6zA8bD7wLsu0EkgDBwAefukgkcj9Idc8NSN4R1hrgyxCPRo5tiSIsW5YAf3jbmYnAJB656kd/wAWP2ovHA0zXfAF/BLNaizfzPtET7JUeJgcoRn5xtJBUjkE5OTXC3f7X+u2lleWkfivxLMJEjhMM88jwbCAAkilsMvzHg9QSATnJ9rjTw6zjiurk+Ky/EewhhIzVS6a5uaaej201XZO79eOpn1HBVqtOUkpXg90tHG19d73Savb7z9iPjH8T/gLZ/s8T+GJdS0RPHk+jWkMFtcThL65mWRRLKwYBn2AFOBgLkDBxUn7Hn7PngT9qLwV4l1lfinofgK08GwRWVvYSiCfUb/UzbmPzYEuJo2a1DjLLGML9/58c/zzfEf4vah4t8SaXrmrQxXb2ZtoIFaJreM2iBWPmYJIZj1JBJH0Jr2q2+IXjH4b2GgeL9a8K65oPhvV7lb3SZLK9udNttYtxhW2NC4E2RnbuGdpJye/D/xBivl2QvAZfm9fC5rjse8ZGtVcKl6zUeelCnU1kpQTu0nKOrSd7GUuI1KrOoo81KMEpTUfeitGm7c9mm2rpu9tr6n6y+IPg7F8EPi7408GR+KdH8XtbeEIrxtY0meGWOd7siULL5bMI51UgSRZOw8Y5GPz08T65b6T+0z8JL65lFrbWXjjQbq6lxwkMVxFvdh/dGCX59AeOTc/Zw+M0XxA+JPxF1CNb2CO90Zvs9pdzyXEsARuR57kkk5IGASQR0UZrxn4567o2k/FfRL7XtSmsLOCD7QLm0iM0sMyL8jonBzuAHbOD82BtH3WS8M43C5dVyHMsQ8ViJ5ZUw9euqcY+0nWpODaimuW/NbRtaK9lZHXmebRq5Rh8ZRiko4mDd7WtCcXdXslfz11ve+j/rj+Hvx/0bx/431yKw1rTLjR/DF3YXKNPLHb7w8ccR8vzHUH588AE+pXPHwn8ffjn8QNM+K3xv8ADfw38X3mkweJUsd8+mSqElkjtmD+VcRthFjb5eDuwc5B21+HmiftS+DNIsYy/ibxTcSXZMN1cWkc1lI0YdWQzIrDfgD5S3PTO3muuX9p74SSpcX7ax4qS4kj2pdsZGmlCgZDsXLMwXkbicc8cgV/O2VfRullOdYjFxwtbGYarQVKnSrYZOnGUa1Oqqrs7Ntx000Tvd9PVlxjha2EgpVacanLraVpKLs7K2mndNWtZn0jHo/xJudGtkvvEM9zq0+tNql1FfX4f7bcRzCT7Rcl+rHJwGJ64wDuz9H2Xi/xZeaL4jl1mABIdBa0hWKRUDXS27J56IeTCwBJwQCByWA4/NGP9qn4MyWDQx6n4wutRV5JUaRXULtJ+UOSTtHHB7cYxgivaftp/DqOzurczeJpru5hNs7tIxgihA8skoCuW8tiABnjHLcmv0rFeGObYpUIvLlGNGrSlBxoqm4qLhdJcyT2s0l6OzPOXE+X00v9oV5w1tNu+i332b30S8rWOg8R3Xim58O+HJSshTTvEzG18pi8hJuCxZlC9STgEnIHIGea900688V6h4ojvZbG5ffp0duHZRHHA3kgk4OSZG+8e2M9cba+KdS+OHw9s3sn0/Utc+y+b9ohtpYyyw3QO8zMOhQueF6np97mte6/bCsh5K2uqSwSq/76SOzIWTChAHOc7gActj24FfdY/wAP85xOEoUqGEot01UX7xtP97yOydvd+aTfVXPHo8TZdRxEnWqTalZpX5knFxSb2V2rPW2lrNX0+0Pi18RfEOkaL4bZLWW7k02xuzchU2oyxI4AdwAGRS25s54HKjAr8g/Eviq71W+n1iWPEl/qEs043Egv5zYRWAAIA4HH8iT9O+L/ANphNd0ZNPt9RivDc6fdWsiizKmFbhQGO/PJx1PcjjIGT8ktLDFHDArNcxM7ThwMhQzGRhwMgAYAwD1zyeR9h4ecI4vhzC4iOOw9OjXquK/d2ndJRer9W1ptfZbnzXFGb0s0r044SrOVKEU5J9J+5aSV3dNXTst7Pex+jv7D/wAaPEfwev8Axj4v8JeIH8N6w9na2SOkhTzobgbZQx53MoIK9CM4zt4H6GXn7TnijU/GPwv17xJ4si1O50SO4uJpmLyyK9wu8MGBwwUnkY4OeowD+FHw5+LPhrwTDqFvq9rLfpdyrOi+TuA8okCJmzkDPcjpjr82PaLb9pLwHc2llcLaX8F7pzSG3RYC0cYOCqyZOXHGAORjquOnwfGnhZHiHiPGZs8qhWq16apLEJR53T9lGMVdvmSTV7aJ27aHp5Pn9PCYOhQlivZyg+Zwa2tOMtGr9Em7NXul5H77fHr4z6f4o/Zu8fJNqNvd6nrOiy3eLdDHKIRv3BuBkEFSdy85KtnmvMv2cfjTpnhb9mzwHoSaqwdtM1QXFu9xskjDQy7UG4khDklduCS3JPf8btc/bMn1jwxdeH3mdIbuybTJNll5WLNsh13kEE7MfdwR1GQBnwm9+PNwmhwabZ63fw21kPs9lbQ74ykbMA+4qQGDDOc4BDcE85+Ly3wBxMcheTVabw8f7bp5nCSjzPlhBRUXZu2/ZPTU9CvxjhViVWjUjJex5JvVXb5eqb31aVlpu3bX7m8OXFvqMfje5hLE3uu63cAk7vkaeQgqwJ67shurDvxWKx+zaVBgZYbMcknJk7D7x9D37kHPGJ8EtQ/tH4cPdZc3Fw11K0khBkwUH324+Zjhmz15PzV17WbHRIHcOXIjwSPlwZCfcsRwMHBOMZUGv6MyzCxy/C0sJLV4enSou+yVOMI6pN6+7dJL71quNTeLpKrHmcZpz02abg7aPSWullbtsU9PupzqmjqX2l1fGR1LNg9chRnnJ4U5OCMCvmn9pLxGLLxvcWV1bpMRZ27mZnYEICvyKFJOec4AHoTjp9TpYhNQ8PSp1IkG7IyMHdjkrtz0z1zjA44+Tf2pNPRfHMlykiytLp9uTHs3jII+VuDjGM4BGT719BlClPFPlilaLbs7JxvHVK+6d0rW+fTwuIaco5ZKy09pBNWeqaV9L3S2Ta06abnhlv4uZLuBbeFoiY9sLgO21WX5mPQEnnPOcENg9T9BeAPgd8b/AIsaFfa74F+H2qaxoloJzqWqpA0duqRRtI7o7FA+FBJKbuQQDzXyKuoSK5Pl7FUtF5hwNoKlcgYG059NpGMV+gPwt/b9+Lvwx+Hun/DXw5b6OdCtdPutP854FSby7yMo5kZNpaT5sozliDgAcYrTiOrxBQw9D/VvDYPE4qWIpKt9dqTp0oULpzkuW0nO2iV1brsfK5LSympVqRzitiKNGEJOl9XgpTlU91RjdqyjZWutLd9L/DmvaFrdvqkllJa/Z7nT7ie1nQSbWimhkIdJVCgbgVKnJBJ5Hda9khjvotKtJLtJHMNlFleqlRgnzODkcdCehOTyccu2sS+IdSur27t2+03t/JNdSrljNPcSmRn5AwCz8kAZ+Y8GvQfEFvc6ZpUsZkKmWCFY0BBKxNjI3L6HJ6jAHpXv051PZ0I1eWNWUIe2ULckajhHmUU7PlTT5ebV21texxeyUfaSpSbpqTUOZJS5bpK9klsr+W17WRwd3qWlPLcm3tmld1RHbBwsh2ghUJxt3ZAHJ55yARU1jq0djFLI1pDEqKpMUzrGXGVG5Qc7Sc4IAOfbBrltPs3+3yOzK6RTbnXcclBnG45wTlQewJIzjAWv0H/Zf+J37LHhDRPEGl/tA/CJ/HzalHdNpurWkmJ7MtBJHDHlcbWWcqQWPJAz8uM8WcZjVyzC/WKOXYjMZqUIrDYbl9o1Ook5++4xajdyave2yeltsHQliaipyrww1ozlz1eZQ0Sesop2u76PTu9j4kuNYEkFxONOhgE2CgxkMOuQyk7QwHyk8Ec5Gc1jnxBfFYY0hVVBYFRkhuuAAODjrjt1yDiu7v8AV9AbxR4hm0jTVtvC02r3j6HpEmXvLTS3d2tYZXIw8kUZUEge3atJvFPhVoYLWLw3DFPbsm24IXLAjOHUnGTtyDhscDpjG6q+2hSlLDuDnCLlFpXhKSjJxaV1dP3X9lva5nyzvaMrtXV0nadrarlV9d+itv58JDq2pSPtkjRYmjUMGJIVe+AQc4HbC5AwBzuPe+D/ABV/YOoNfpbC7+yIxkilYiNohggg7fvEccHcBnpnnJbWdLkubiJoY4VnyI8RoREAMYBPG3glsd+fYRxTwvaXUaoqo8UiCYbdzDOFYqA3TnGGB68AMTVSp+0g4uHLDZ6WaV4rZXUb6Na9bWvojnlFa9L76faiuWyVk2tt7a9rvf174rXGp6kt5DpdvBbhpVit0YssZdSnm4HfrkZIJyewx5dfSSX8sjYRykkkrhmJ5dt4KjpgEBgMbtox8oLYitITBcSpuDrLMTGApcqRnHONqlcBvTBORirMWyxlnjutrmVxGAikMASQQADnBAIBHqccZrahh6dOm0n0adrWvaNrt2u5Wi012ZwTnKbd9JJ6NvSNuW6vbW9otXTelt9D6F+CUU9vFrlxE5lzpQQxBhkZONijOc5yBjoQM/wisT4h+EvEfiDXdNtbHQ9WvJrqKJEW2s7i6uFMrMAVhhikfYecFgUyByckHrfgbFb3Vze20l/a6NbxQ3Uz3NxgGRYgWWJdxIZg3Xg9jjOTX09+zR+3lqv7NXxyufH/APwhPhf4i6QfD914bn0zWtPt7gGIKY0u7J7iJ1guY9gKzBC/J25Ga5KMK0frksPT9rO6cIXSUpWjo3ZtLXW+jtpqenOa9hQjVmlGOj/W3M1Z33WnRrrb46sfhr4v8NzJpK6Nr8evCJ1hsJNIvBe3QID5jt2i8yTOcIyoQTkZGSK3rPwJ8SLaS+vtT8K+JYZoFFxEL3w9eQEqQcMPOhQHO0gqM5PyjPGfu/4p/wDBT/W/Gn7TPw+/aS0n4e+HvDf/AAhOmW2nw+DJrOxksb+Kxd38y6RLYRSyzbgC0iFgARyABXffG7/gslrnx501LHX/AIbeHfDtvbNbNbHwzYafb3DtBKZSlxJDaoXV8gOCTlfavDxeL4pw1fDPDZJSrRqRUq1R4n2fs3zNKMbxbdo7WVlfVdT0MHhsjxEH9YzKrh7P4VR53eyUUvfUbN3Wu1k1q9Pz68O/BT4qfEm8Sy8NeDfEWr3ksbS39jpumSfabaCRcpM8LFZCjbWILLg9gc8+beIPgl8T9L8yKTwN4qhs7K/uLKaeXSLsKlxbs4lidlicBxyrBQ3pytfevg3/AIKY6n4I+IM3jz4f+A7Vda1HTbHTL0XxV43gtQUZ44kjVFzySqrkk5bOOOvn/wCCtXxk0m5V7z4W6F/ZB1ifUGW+0aJbaSe4wzSiSe0CFWOcAsQQeRkADfE5nxWnD2WT4eVOSipuWLUZp3i5JPld0pX2Wtk9LO7jl2QShUlLMqznF+7JUHJyScVZvmavZKWzt10vfyz9kHxv4m+B2heK1m/Z98U/ECPxIk+nWV82jXn2WxudRiNqoLGAgsjkFQSCQBjB5rr11n9oDSvDOleD9f8Agp4j8KeFm8Svda9rNx4fu4Y3gluzd2YupdmI1t1kXazbVCjJGOB6n4J/4LO/F3TIbzQ7Hwj4EttOm1mDU1gfRtPcgpN5hijIgPU5GQcDacHoK67xh/wV7+MHxJ03xt4XurDQJND8Y/Z9I1SzfSLOJdNgnVYDLYTiIFZAp2qyFSnqucj5ucuIamN9tVyOlBVKlKU6ixKqJcvLHmSUUrxSbV/Nbo9Oi8to0aSoZhKahCyg6fJJ3cdHZ21a0u397s/mrxRrE2lam72YiuFu1aXnlVRcqoJGOd3Qc4PODxXOLfx6oge/tnnaSdCAfuA4AO04OMYPqRjkcADtvEehQ3NzpbREIJbOFnRCBgSIDngYfGccY9jniua1G1h0lYoVYuFnAGFG9c9RtX3ySecEcnB5+xlTvTTqJK0E7dpPluovvrdXb3SstxSlJTg1O0W02vJ2e6t5t28r+fonh+xGpabNpumW3lzSRzQWxRf3sktwCsUYGMkmQhQT7A4OBWBrP/BNn9se5is/EEnwh1mSw1ZzqFrJ9oiWW7sT/pEM6I7LjdGQ6ruBII65GOo0fV49K0C41W0eWO40+B7uF48K7TwAyxMDg8o4BzjOQQeQTXA+Iv8AgpJ+0Hq9jb6bqvxF8Vz2ukZtLC0t7ya2EEEURjSNXQgSKqqoIIAI7kkkeXh3mkZTjlscO4qcfaSrNqHSySTSTSvd66q2p1Y5ZfKNF46pVu4Wiqd7tXjdp2sknfTdq/e58zeJfCWoeA9dvNF+IHh3W9EvdKlktb9Z1fbFLHuIjLqXjJRfmOHOCMEAcV9ffsp/sXeJ/wBsi28YXfwr1nw1otx4JtUmvY/GGsw6ZJfQtHlPsS3LDzSxKgMuVLYBAwQPmPUvjX4g+LGkmw1iyutQshdz6nPfXTK95cTMCkgluHXzJBkkYZjgknjBrH8LeL9f8PyA+D9W8SeGImWS3ul0i/ms2ukV/MEcvkOvmIr4wXXoMdsV9DWo4uWBUY1qFDHya1i3OF3JbJq7SundrS7szwZzw8MRzQ9pPBr4V7qk17tkmk9N1f7l2++Lb/gk98Ydf1vWPC1p8RvhPF4t0u3S5l0KfxBAuoNA7hcW65LTuGII2g8HgZ5rofiV+xd8RP2XfFHhbU/HuseFtXttT8JJb2I8O6kl7Mk9mqw3Ed3Gg3wSRsWGw/e4OcDj8+7b9oDx3Y+Mn8VaZ4w8S2njWBLWwh1h72b7VsgZQkQmyVJAXgupyByemfrbwv8AFfxz498O6fq/jrxPqHiDU5tR1CNrnWJjO8QcsXVCdoVHIywQBWJ9+fKo4LO6NalLE4/D4ii7wcYUVFtvlu1Z2urX3vvdK9z0aFbAV+aNHD1KVRRTTc3JWTj8V9NWrtJ9Lp3R86ftOIF1b4eTRwMgks7olmOQ+JVVcHJOFGM9O3Bzmv0S8KW7z/BnwOZYVnaHTYHVZAMKrQkqR2LADjjJYEsBzj8+P2nLeU3Xw8mEhZHsrooRlVIM4ztXB4xwcenQ54/RPwN5zfCDwmXlARdAjkVs53FIlABGMA4OQcADAOK+lxH/ACKWpxu4y1ve1o3tfbra/XTdXMMG2s4qW6qDv1tamn8Ldr7v5qx57pbuZWDRxqSZdpQbSTk5B3fjwSSTzx1rZdnNzbfdOHXjGD8pAznI464bHzcg475sDAtGVZmY7s4BHBbI78dM4b3bHGKdNcNDd220EMzIDuPvg47DjnP8RGMdM/DQhKVZNwSTUea1+8eqav0fdK+q2X1GJTjQbTT0s5J9dGn1vd+T10s9l9faLewR+D9EW7EEds2rxhridGkWL5SCxjUhiepxk8gZO45rzj4n3iWOtaXbwSNdabc2SytcLauDM7uCsytIWdGzgFRgALyPu12HhyQN4Y0BXnhtVGsKHvLpfNt7fPRpI2GGUcYwT7D14T4tXd0deszd6pHfeRbWsNlJbwLb2txFLIPmRI9y7BtOCeo6Z4z7lkqlJLdwlZtXSf7u924tr8fktX40KjsouKupO3RWvC2tr6O2rbd7H1D4R8VW+ltBcX72c8dv4bWNY5oJHubcSIAHt1DFcqcbzj0z1ryj44arbPH4SmCwwtOJZZLyKNjCImJDMyLjDBTlwO4GSADjtfBOp2NrrMEa3EE1xc+GVhNpOFlkuXMeNkJYELjP3h6ZG0nA8n+OEstxH4UiS2lim2zILLzF8vYzkMpJXHzcAg8EZwcbRXnVaK9jBNO8pO6vurJppNWvorp3tvqj18PNyqcqkklGHRc11yWurp632fy0evHudJskuYbHVdP+xBLZ117UYpDaWjTn98zBm2bHB2SKRt4yCBkHwX4meNdGtfEN9pMOn+H7nyvJtLbVvD6KllIqRozyxIoAlklLEyMQDuBU5Ir6h0jQdBu7q7k8VaXqTWcWl2qpo2nXsLWF9JGCxhuECA5fgKMkgkjJPI+X/G/wo1HWvEuvaz4Y8J3mjaBcXME2k2vnqw06CIoJQ8ZOHZ9pZfmI+bALYwNMolh/rkqlZzp8lPlpyqVIcsk5QbjdyXNaztdJp3a0N82rYt5dDC0IxqqdZupCFOcmuVJ3tKOis9Gmmnpqj6G8MzNJpei5RTiyt1IaPG5ZELZ25ydowxOMYJGMHNcBrm7fqWHkliF7N5OLVYhEy85+Vm8yNeVDMMcAYzzXoujPZ29lplpG0ge1tLaBluYzGZpY0CyKhLHHzcAr1x3JyPF9XeVbjUphZG3Wa7mUubwtlgcouw5IjOPmOVLDII4YD2cNJTqScWmlJNPmSi7ySvvurW/FX0R4FeLhTpqUbSajdNWadoLW/XvfXtvZ5+r58yyLqWbyRuy4G8tuAxxj5AentnJwRWeFtoo7WbaDOt0yymWcqiJnI+VccZPB557c4qS8l3NZPgELGvIyYyAedueoGDknucDByWitJ1jNvNDDZzf6aRMs4BD4HypsPOCCQcfQ8dPepNKkk481tbJpOOqelnfVPVb29Vbwq0oqbva/LFL3XsuVe7qr30uk9Fdrzo3GzzbYJIiiSWaTesplYgFuqkA8n7pzlhx14r9TP2Pv2U5/i78FPHPxEt/FFjoMPhOW6na0vLyOKXVmt7ZppYkjkdWhLKuEcBg0h24GBX5bahfpI6pD5KyefK7CK3B8s5OELZGY1B42jt64x9K/C3xXqFppFvpdz4svfD2jXsU81zDaNOsVxMqlQlxFDIqMXxsLMG4JG08ZwzGFSeFhGlV9lUdSD5vjcuW0mlazd07p220a3OvKpKdaacU4qndNpyV0otpa+em1k27NHqup2yQQKYJZdyXRiVAQdqoSBscD5lO3BJyDwfvYAgecrZESAsV3feccYY85APqM9RgYxg5HMTec1lazR3KTJNPM8M0TsB5KueSjAlS3JPUDdx3Yytct9jYM3UE7ixLYyBk9euMdOpJx2DpQlyxfNqlFSatZ7Kzi17vnrrd7XN5t8z5Yt395W2eqaWt+W+7vum13R9afDnx9qvh7QI9ItniGk6grz3EbModiyFWw7ZxuB424wBjAABH0V4Z+Neu6V4In8LaXaaVHpdxZ6lHNIU33KrcRSK5JGN3BJ3c5OCa+K/CeoW629ksivNElqdyR4GcjcACxAyCSe/cdxXvWj3+kHRRDDZ3kE72k5llmYCI5VtpB54bkYHHqSQa8zGYbn9qnBSTcqieurXKr3X3Wur+r09KniK8VRto7xSt8UYpQulrZRbT0slo7M/PxIWl1/XxHOYv9PvMIiuS5IkO4842s2SSQQSfvLivLzYMt5OGyPMmuGaWRyA2M4GMgBiGX5TxkD3z6XM6/8JH4jZZZVEd1dsqQuM5M5AIGMkHnJJPy+nBrzMTytqcha1kkXfclSxzn72GPIIZBlSR369cV5dOLaloouy91q1o+6m/dWm0eXW2/Sx7zlFuE5Nu0m110vG9+VaXa6vR31aPbvBHjObwj4YmaCC3uTrMM+lSiW3M7wZYfvUIZWTEeQzBhk4yDk46VNMdvGWlXNnKJ/M8LxTlo7fYHDYcxABxgg8E7snk4Arzrw5HBJ4fs5J5fIUPeFZWdY9kuGC7SQQ3XAxkgn+LOKtQyXI8X6Rb291JEreHIN0qXpYsMllJbg/NjpgEHAyQBjjp0KUJykklKTk29PetyOOq+0t9E9NjtxGJcqUE5JR/d8vdWtrzX73duuq6G98V7O9m0TRXtEvbW9OrzlbW1RLaOXAORLOxOBj169M8Vxfgiwni122lurNtMY6bdB2luhcGSbbgvIikj5t2CDjjHOOB0vxJN/eeG9IiSAXp/ta48yNr5oSAoP7wzcH5iF+RRyetY/gOLUk1qyU2trEJ9FugkFtefaLlyqnazFi4WRgoBzjGOcc4ibj7OorRs73StzLbZXWnfRpW8xwqKNak4zvLmglKSVuV26Xvbvayd1u7t+sz2V6vgy5L2zXBawumicWhkhILZOV84AFsjJ45Iz1FcD8J9Iu38XyebYxQLJoUhBGnLblSc5xtlYkEDhup6YUEk+nXNqD4MYPaXc08+n3TNbyagI4xsOMFMAAnAG3cOMnleR598KWnsPGzC60kaejaBMok8w3LHvhMynbgAg8HJ454zhGc/YYpQjy8+i1T25UnrK/n8lZLZ92Lm/aUbyTcorlasmnom7c136b901Y8w+J+n3VpuSRZHSLX7wmYYSOPIwoCjO3OCOWJxgdDx+Qf7UkbSeN/DatIU3RTM0287wFzjcVIJAPBHT1AHT9m/iXqFvc+HdRnJG5PGOws8WxmDHbg5LDA7Hthc4HA/Hf8AaeEE/i7SUjQM269iOB82Nhwqn5lAyW6jO4Z5wM82CjKGNpuTTutEuqVl0aeujvo721drHLmijUymq1dPnV33fMna+nXbS9vQ+4f+CfRuk+BUrMyTL/wl/iAHYc5AtyTkBi2CuDnHAx1JJHw38QNM1DWYvGemWXiC3sZP+Eh1+4m0p08tijSsFkfg5YgFUPT9cfZ/7BkT23wCuo4BPHI3i3xFHvZiqqzW5JO5uAeTwevQk448Zb9pfwL8NbPX9O1D4M6D4lv7O/uk1PxLdXEZnnke+nXY+5Sct3x8uOMkbTXPlk61POc1dGlKpNVYyUYyiuiu05NK8tJW+9XWu2NlhocPZP8AWa6pRdKzm7v4lG/Xvu3uu2rPkf4a+DpNH8c+D577xBbXMUOt6JIio5eTzRdJmIrsUhsggkk45+boT+hX/BQ+4tLfSPBkzYaQ3cyFvMwQkmmWw3AAdQeD3zg4PU+P6B+1X4P8YeKtD0XTvgn4a0saxfafHDrCWsc8+mlpgRNDINo3rkcDcep6Z3d9/wAFDbkXfh/wSBJ5rNqU67lTAZI9Ot9oKkcjjB64IxkcZ9DEyxNXNcKsRT9ny0aijFyUtNLaJfgrpbtnkYV4SGXYueFrOtCNSk3JXsmpRa83dW11eunn9i/Hq6t7X9lD4Av5Aff4Pihy56h7NBuBx95QAcdj1JIxSfBrxjpHif4ceDfCVhpbpe+FtNvbubUpnJ3TXgkhCKOqouQw68k5AGMcv8er0j9lv9naBsvt0PTVdcEgLNbICoJwFG38hzkDrifs0tCdO8S/ZiIrq1gggJXDAK0rlCxHCEFgM7RnBBIIAX4mtRjPKa0m2pU8wquybW9blbS63vfyTv0ufoODqSlnFCHImnlsG5Xa5VKnB2s97vXf3VZt6H883xzdYvjt8SCAz3CeJbxCpyVdlnbeWHIJGDj2zz0I8k1SO7jvJxAHi3RB5CIyMFx8pBDbmxnHTIXuTivZPjHavd/tB/ESK5khieTxJqoV3JI3ieXbt28sS3C8cD5jnPOCPh54vmmF/aXFtcxTISFZ1ARVYKN0bDIbgEdeOQcjFfsOU11TwOGTulKjBKNtYpQprmd3qtbtJbK9nufzznEJPM8de1vrVbZaq00nv7zs5NO3f5rynStF1zXdkOm6XdapKZlj3QKwCyMQiq5YkBi2AN2N2fQnH69/sb6JdeAPCv2Txmw0W+vdYVmsbiQIRbMhy4bqjFSCASBnABPGfgLQdA8S+G45iNTisJXlFxKYShTKZlCscZ5YcHGDgDptI+8PgZOnxD8HfaNTuRqOpwanLE3lSeUywQxNgtIW77c7QegIyBjHz3FkZ4jBezmuaE6kNY6yaUlJ2V1e6SvrofQ8GctPHupC3tIU5rW7TbdndaO/frb739ffEvxh4UGs3CaZqllNaxaTIWImV38z7OyBWC8nqMtnjrjC14T8WfEGkap8H4bGwu1e4j0G586QAiNGL7jGAexwMkjnHHSuw1Twvoo1FHSwgWFvDkhiwhIkljhKOW+YbtvOW6Hrx0rzX4g2NuPhvPbWdpAs0Hhq8LBAMMkjHa2DgBhnPI6jpgGuDK4qjRw0d1T5FyaJr4LppX1tfrbzvY9nNOetUxF0oykpyu1dPSK0306vfyskj8wbC4tQ0dncapYCF2JZhNsCZcDY55AJzyBnJxwRU3iX4cf8JLLbX1h4m0W1t7eBo2jjulcybcFsqOVZjwpyRzyeM15c3w58SXVzdiETLFMXlzsIA3H5SBnLdscA8nBGRU+geBfFWiXzxCOe+aRRkEuY4wzKSwUsdzLjBAHALH3P6BhcRhJuEZ0562SalZL4d7LmauldRd16H5NUwNWNapNTco80rKSt7ztZX+J37W7K+lh2t/BPU2hll0/VtLMkjqiTS3gUckFxsJxgnGCewHYEVxUnwT8bRxMkF3pN1MkgB8u5UsT2Mb5IHHUggEkk9cV6z4j8GeL7vH+izQ7jEFjjkKKQBkZwepI4x0Gc47dp4G8K+J7ezw2nfarlJpC8U0xbCYO3cWGV9cgAZ6E8buidTD+0b5ZLkagpXSvey91XfW7av5vpbOFLET9ypKFtNouK6Ne6m+73bfn2+U0+CXxLvLoW0GnQzypNHvka6AhC7gmM8qfvHr3wMDIr6RHwH1rw7pWmyaxf6TpsxTbOrTq0MAkUFd0gypLbvmyfl5yAOa9NstL8Y2VrcB9EhXzrnIkWdvMUBsgLnnHYYAGOcV0XiLRtf1bw5BZX0UsgM4Z4GYgIgXCiSXdk9sjjaQWyOtcNevyzhChOSTlebcb2u1olKzXS7bfTyv3UMNFKXPHmStayta1tLN636tJ3a83bxPTfg3cak0X2Xxb4ekjmMiqHukDK3TLbsfLjaQSev3R1q/qv7NPxA09beRIodRtJYxKLqwRp7aO2ZhiZriNTHtUjcwLfKDjg81E3w41LTY5ZLVbySZoztgDFYwrEjG5T3HQhewyB2/TH9lD9q6/+F3wk8TfCD4mfCy08XaFqIdNE1dGgbWLNbtTH9nmuXRpTDG+2TAYbQDls5r5ni7GcSZdgaWKyLBQzOpGrTVTDylyS9jKUFOcHezcF71pWbVz3uHcvyLG4qWHzetPL4uEpU60IqS5oqPLGb6KXLZNrdtve553+xv8AsM+PPH2v3Wuyz6fJ4X0bUrKDVL5bqOFY53IKwgswBjj3ZcjcBtIbHf7M/bF+EEfwftNMa4udMv8ASNMtY7a511NRj8mzkuVxCMrnOAMAAE8c5GQPMv2XfjtL8Dh8SF8UeFtQ13wzrl5Jd+HtPttUKIt2zM6hogQXEaSKhJ4yvAPbxX9r3xp4p+Pnh7TtD8MaJdeGLaJkmu7e51R7j+1g0jyACMg8xKQMEkAgD0J/E8VR8Q8246owx1D2fDkI0W5RglJOVO9RczvdqTtJSas7uN1ofp8lwllPDjq4Op7TM2pJKU023GS5bwcfha1+K7d1F3SPmj4rw+CvEOg6ZHo/j7w3PfR3vm3d5dXo3hGRMRMDn90vIXODjqK+eB4Lg82Qr418Jvktl/tyIpJ9AeoORwOQvBPIFZXiT4AePY9Pjt9Lsbu7mEm50W3KqCoO5RKCd4yMKc89eAM1ykXwL+JSKzz6S6yKQCssvAXAB+UY7gfN6/Umv6Y4bwNLBYFYaLlyxk3zyabvNRe17W1fna+7Z+I53iHj8V9YqQS5oxj7kbq8Uoprr+fonv0F98N3nvYp4fGvhFhuQ7RqEechgSMnPGD95e4AI7nvp/Cl3JEtrD4y8LqFhQOP7UTBYAKSBjODyMZ6rjAJzXjtr8EPiQ89vMujLMiPIxKSEAKMnBXPJz0JPHIBbBqC4+CPxLkDSjSJEJkcLiVlwu7cB97O3jg8D8DXuuMINKLaU76NW0SW6b210810PncRhaNSKn7KTUVq+TV23aWjfd/Ox65L4Au5lMa+KvC5LKCf+JijEAAZxzgeo+vpk1zq/C+6trFv+Kn8OM82pB9yajERhSDg5JA57c5UHrnFecXPwV+Jplj2abcqwUBvKnlUYPXPzHIA4J4xjOelNk+BHxNk0/e2nXyrBfAHF7IzONu4gDd15BB9VHUYNDw8IxfvJt2X2dm47Xld2v306FQwtD2cV7GbSUWmrdLWt182trr1Oh1/4OXupav5n/CUeHFBiHzHVIiAOq7huU8nBwMYJyMjOcNPgTfM0YHjLwnEofO9r+EKCrbsHBIOe5OOvOMADDl+B3xJS/TzdH1XyynQXMrEKehJDBRgnPTHbjBrNf4IfEd5WRNMvWMeW2/a5VYtnO0DnJxkHjPfk4xGHw3NzKO/MrtqOlratXvd2T2Wr1e50xqxpujGNCeySclovhsk1Z6PXbrpue5ah8J5JJrcN418LLHHZRLIrajCOUAzs55JIyMYBBPPFc5b/DCOMSyN438JqI5Afm1CPIyQPuk4w2cc8kHvXGah8CviXfyRCPQr/izjiMNvPIzIyLkuzBvQDrzkg5OeeaHwH+JiRyCTwzrA2vtx5r4YKTzzxg4zuPIJ6AEg+biMuviI043am2/sJdNtbrVW220Z6NKr7vPKhKNktHoun4b6P9T3fQPAMOl63pOsL478IJFZagk8sS6nF5hVSDgqcnGBtGTxz36fRniSfT/Gup6GsnjvwraWukyPLPG2rKGi6lJIxglmJ6qG2gk4J4NfndH8F/idHcJJF4W1MRpOCRIXYuqgYVhkYXnGcAkkjjnHXWHws+I/2lb5PCeo+ckoEsao/lBVXoybjndt64Pue9fI5zwPhc0xtLFVZ1IV6EHShJJS5YyScmlt5uzbfmj6TLM+xGBw8qNGipUakoTnB8y5nHld7pp201Vn3W2n6keFdV8J6Qwt5vHfh25heNZDO9+oRmVdu1Tkbcck8fiRUyX/AMDPEuoalo3i3xhpLWb2k4Rm1FVg89if3iyYIbnJCqOx7Zx+amo/DT4iyW5nbwzrETiM7I7eKREXcT1IY7ge+ADkYHG6sKTwB46S3jWfwnqAZ42j8x4pdxHYg5zkfxZx7k818lV8GcHUre2p51jcPOTcuenGlFpPlbs7/wDB33buvfj4gYyEI0nlmHq01y2jU9o0/hsrXTXS2r3vrqfqb+0r4h+EviD4JeB/h58PfGmhajc6c0VtMkV6u62t4zl2lJGOGA3Ht0OQMD89o/hO+nwXMn/CQ6NdoGE0fk6hG4OO4XkhgFXknHUAdq57SPhV4mmslEmiarB5QDSsqMZMOWIUKMEgdAxJGVHQDJsQeAtesTcQxaFq90A+MSpOpXBxwoPK8+gPcnjj9A4L4JwPDGCngYYutjL1ZVXWrSpurKdVqUk4p3e76O11e58hxHxBi85xcMVWwsMOo0o0oU6UZNRUElFW5m/K3a22huWHhuWOSG5mvtNWON5EfzLxFCKRwwYdQVPGGHtt6V6P8E/A1jbX/ia+1Dxd4S06K/SYWsepaxHDlHjk/fqNrYZMjA98fKM14LceA/E15exxJoeopF5jB7UvMrHjPyLwCRjA547jkiqUfw28UxvMx0TVdkTtsXbISuDwMkdQMEkkZPTJ6/SZvk2Fx+F+qz5uWatKScLxa5G9G1tt3vvonb57Lcfi8HWliIU3KUZ3heHkrtpNa21a6NNeZ+l/wX+IGiaR4Qj0C58eeGrG40rU7+zhS41JZDdL5rFLgOQNsMgwVJHUL6HGN8U/E9j470lvC8njPwlcltQS6kuDqaIkEEDbmEb4KksAOuNx2jrwfzyPgrxTDLF5fh7Uj5hUyCSCVmBGOjAgqDg5A+YBgSx43XL3wX4int5/K8N6gkygqrxxyqqqRtYEg5c+uMdxxzX5FR8JMloZrXzVe2liJVZVYQahyKbSbskrtu7dnpdOx9pLjTOK1GjhlCnGlCKjK8ZPrFpX52lbRH2Db6RpzNBpVt480JrOGGOJ4LO4aWZoz8sXllCd8uWwAAC2eO+e11j9mH4o+FNTt77XvD3inTtMvbO01azv5NNmFvPZX2TZT/KGb/SDgREr0wSAea+TPAsnirwzFEI/DUrXcRguY7mW1aSWKW3kDoAjKQwDKCcnHy447fo7pH/BRv8AaMt9Rs7vxD4es/Flxa+Frfw1bW+o6XH9kisrWNUs2aAxlHmt9oMb4BDdMg5Hzmf8MZ/hcVFZFltPFQTftlXfs5Ss4pcjSa5nd2ulb03+qyjiDBSpSeaYh0G48sfZxu02lyvm50kk99LWbSaueGT/ALKenXc8t14q+IWmeENdQPetpGuv5FzJboglgd4ptpVZFIIJ+8MjkjjxfxT4E0a30250keL9Iu7a4/dTX6TKLe2KSso8sKcMrhQw6YzycDNXPj78TPi3+0N40ufG3iHwxPY6tLpcVgY9PtzaW62trkRlUjCoGKfLwCx4BJIrwyXwV49vNBNja+HtQmifYXzDJLIrhsHd0IwegycZIwOcftPB31vD5LClj8GqOMlRTrRi24xlaPuRbceZLZyStpa2mv5fn3s6+aurh8RKrR9q3CXJFOSTT5pLVq7130V3vvWvPg3o8zk23jzw2xt1ATN4sec8Esc/OQScZxyAQc4zevvhTLf2lnZSePvCkllaRCWEnUUEi54dCQMg7TgDB7ZwDmuPX4R+OYnmMnhvVlYoAqfZndSevHIIPGTwScHuedDTvhN49Z5ftHh7VIohEdmbSQJjB6ZPYHqOp4PcUq+WTry9oqbpyTvCSjFpXsrK6802rXfmjrpZjOlGVOMrJpKSSWqjZu/vK22vMuisnsbw+AYSLzI/H/g+NLlA8YGpxDaeMibONp4GCfYkDmm6Z8EJLW6a7bxx4Tdop40RhqSMp2tyy8jccDjg7TySOCMq/wDhb44VobZfDuoSwLGu51hdWOG3HDA53ZIBz6kAAg1X034XeOo3u4h4b1YrnejSLKxUAnlACSHPrnJ5xkdOmjldRayquDjFO/KrK6T2clbXZqzet9boynmEppJcr952Vlq0k0kua2j1umnpaztdfVnibw5ZXUPheCHxN4bFxa6d5TmO9Xa7JwZZGGASxHAGcrkAEdE0DToNKgljm1fS7hpXlVJEuI/lIVhhAowQRkkD7x68E7fBNd8CeLoU0eNPDurxF7RRNuRwd5ZeePunqw56HOCcgdJovh/WrHTwl1o97uxKXlkEmUOGwCcE5J78nOcnIGPXy1ToRt7eMopPVwj7ybTsrSV7LddO1nc+azepOq3FYaXv8t+Vb6x6230vtvZM7HVPD011cT7dV0lA7xyfvL1FUqeMEHg5+YkAYzyPu1Rn8G37l1h1/Q0j2nKC+jAYAHAA24IxgZ+XJJHPArjG8Oa9JctK+mXZUorIoikG5cgnGSAQMdeQCTnHFS/8IprlxfYj028jjRMuhjkBK7AD0bueACAD78kcmNWHxFafO4tWWzV9o6/FpHbR9NNTvwtPEUMNS9nRd1G7XIm1dJ6q603vaz8knp9L/CHVbz4ZWWr6j/amjyXOp2kNq8SagiNEkMyskluUYbSAuQo6tz6Afvn8Gf2xPhRaabovinXPibpXh+18N/DuPQi8Ut1Je2utXaxlrjUZoo2VoGc5k83gYxyDg/y+XmieIobywtrXw/fSW625ZmeKVdxH3s5LE4YggkkgYr234X/Ff4r/AAx8PeKfDWkeE9N1HQvGVvJaazba5osepSCMkAtavLHuikCZClMbfU4BH4X4oeC/CfiBhnTzL6wqjVlPC1Y05tSUE4tyjLmVrWT09UfV8N8TZrktSbjCnyyVvehope6rtN9NtGtX2P1//wCCiut/D79p7xf4a8b/AA9+J/gnxbBpHwos9F1uaDVobaMarBEBstkk2vNKzccA4bHPHy/zjeJ/gJ4ov9bv3GpaBHBA5jUy6nbqy5YqDw2ckdtvTHBBGfaNTt/Ed3fXtzp/gO/RHtwiW9oZ7aCJ1HDRxREKBnACkkAkAjPFeIX3ww+Jl/qF1cP4e8QxefibykNxhSeqliwGACDjtjCgV9p4ecIZfwdw1l3DuGqVq+Fyyj7PD+2cfaxpppxU5q0ZcvNZaJJLbe/l5lmWKx+Z1sY4Ri675pcqdueyd1ru3rrt3V7kUf7PGvwSwyTa54ZBI+cpqcJIJGQv3lAOCBkk+hyDmvpbwVb+JvAfwS+Ifwqi8SaSNE8dXdneapAmqxsga3OEl2HAYKCD1yR1J6n5guvhb8R5Tx4e8RArjaSZxvC9Ry5BOAMZH07mp/8AhA/iVHFLA3hbXHSaBUZ5UnaQHAAK4Oc84yBxyQew+/qYbLMRSpxnQbcJxlF82ilFxa0ezUtn39Dz1iMbCq506qimrJcqbaaimrp3fVdFv6nTaF8NVtrlbg+KvDQELGFGOoRjI4wGUHkAgqGBznA7HPaTeFYop7iT/hKfDobClymoISwC7WORlSenrwSpwxrwKX4VfEZCsUXhPW9jfMzNFK2GLHkNkcdcjA4wD7a+nfCr4gFbsvoWpyFQQElhkABYZZsl+AOAOG3Y45HHr5dVhQvCnSsmnq3eysraq136aOzWmh42Py946XPXk2k037kUtUrq73a6tX31S6eoJp1jDDIP+Eo8PIwb5vMvkw0YyeOOpJ5JzkY6dK5mbQLS/guhB4r8NBZ4J4whv1yGYE7gNvVsgHOSCOcnpxM3wc8b7C9xod8rFdxQMRvGCVzxx0/75ywwOnPw/Bv4hCRpoNCuhAEkADLvwdxA3YbJ9cnGD9CKupia0k5cj5GtZNq7Vkuju10V935nDhcqwcK7lBy5o291qPePnsl16W8tOstvA8ljZQRzeKfDytksCL9ZVKBmIAPGD0BAIK/xHkgPtfB6zKc+LPDcaAudkl8hJAHHB5PTIPTgjBHTj7j4I/EtPIuI/DuqujRsTtkOwdTlM4G08dTjnHAxWcPgp8UJJwyeHdSC7GOx2DK3HIYbhnPoByP7pJzxVK9VRjaEoxWl2732ejb+HZa3X3XPThlmEnVcpJ80ndq0V/LtaV+u17rc9f8ACHgODT9W0vUJvGXhpoYtQMsqnUkQBeMbicbR6AcnJJx1r6lsm0CG5llPjzw1GFcAwvqkZCgHPTIz1xgnmvgD/hUnxNg09Y/+EXu1Q3XMjByWPJ2/eB+XgkA4BB7U+H4WfEyNHkfwtfswfaXKsyDhsADcSRgc5Hy9q+XzXJsPmtRVa05qUYKPuuKXfVJ6vddL20PYwrjhafLCNo3Vr8qSdtW1fe+ySv1XRL9VvBvjHw/ot4LiD4g+EIHQKA66ksW/LjduP3uVUc8bQAQB2sT/ABitLP8Aaa0rxOnjTw9Hp1v4fXTTqMF4tzYvczwiNIEZtoDuzgkAfe4GDmvy3svhN8VpIp5YPCV421sNuhbbg8k8ycfeADEKOTnI4qfUPhp8T7D7JcxeENRmuxNBMiltyK8LB0ZVBB+VwQRg5718VjvDnKcQsViKdGUsRXw1XDuU0neFRJOLTvLWVnbR6rTc+lwee43BwowpzcacJxrKKfLbklG2qafd2Sdt9Hv/AFvaB4I+Iekfs6675Fxa65N4wt18R21xo0xlu1tv+PhZBHuwRGmG2kAYwc55PxmfjzpuhWy6Hqus6V5kEaSPNqmrxWN0bu34kWeDJKMjqVweg9K+AfD3/BQL9tzQvDtl4V0/wnaQ2WmaEmh+abEl2s0txbqMk7Q/l4UkKDk5znkfAPjXQ/jR421DUPEGqeGr+3v765mmcxGdI/MnkaR22eZwSztgA8Z6MBX4fwl4D4iOKzSPFOEoOhUx08Tl1XCySnCEpJOMlyJRtFUrdW07to+zzbj+pOhhv7PquNSMLYiNWKs/djd83M1N3vdtp9rvb9p/BHx28CaH8TPFXiDxJ410W5g1u3nFslrrCf6LNLZSW6q7beUQsMA/xAgg8ivyC+J/w20zVfHPiXWIvG3h+e21XWb7UrZkvEkIinnZ4lfnG4qykk44OQDyK8ff4bfF1YMN4dvCJVH7xkcvycEK+7IG3g5I5zgcEVXk+DXxPeLa2galK7KsrKkhXauMkH5m4x7YPbg5r984R8Osh4Xx+LxmBpYhYjFUKFCqptcip0FeCSSjqru+609WfDZ3xFmecYKhh8RVpexoVJVYuFNJ80uW6u24rRaJX6JbWejc/DmwgcofFuhvuOQftKMQN2RjGPT72OT2GcK7/hE10xReWHirQjeWwZoIxdooO8HLEZYDAJz2PJHGQ2e3wM+Js8QDeG9SA8tcFWwMLwTjJOM+p7++azJfg58U0EgTwjfFY22mRgWOBkEkk98cnA9cAkAfo31GlyOqqUrJ2Urp2fuvXZ9Hd73+8+Ng1zzhKspczTSko3d7O1m29dLX0uulz07R7Rmt4n1nxvojXbuGaP7WkihCSQGIT5SFOAOD0ByTkbKQaOt2u7xjoEuCfIAuFUISckEdPcZBPrkivMIPgz8T2hVv+EPvmJjBDBPmOcALySAMZJz6BujYqeb4G/E5I1um8I6kzAHqqbQx4xyeQRn06E4PBrspUIO0eSWkYyfvWaWne7u07trd7djGphqHNzcqVkrv3bJXjrvZ3777W0PTvGFnpOuaTYWUfjHw8Li2ujPO5vAqKgBGUXGC3A6HoDk4zWZovgXQzbPJL8Q/DsYj8t8CcNIR265I919s5AxngJ/gt8SQsYuvCN3H9oZD12qwKqFBBz1yOnLZXniuo0z4FeOniVT4elgjUKlwxcB1bjaMBsZxkEYwTxwQa6YRVOL5E4pWT5nFO91fVN9E/P3tdkTWpUPZKPKnaLSu4qzfLZ2T3stNNLtdLHS694M0F9JZl+IOgSu4bKiUGRVz1Veo5Cgnp1HejQPhp4Va3t5JPif4asmdofOLyBXCcE/IMZA5zyMbeM4rm9d+CHjazWF7XSXukEhRwu1EUY+ZZBkl2HBbJA4OCQ1YUXwi8b3RRBocWVYRkLKijdkEglj0wR6Yxt6YNcuJpxqSUKlm0k1JSjfVRu7rS67u97a3ubYKnTpUXyxTutU7W+zqna1rK2y0fyXs/wAQfh14atrLTX8N/E/wbqLu5WeNLxY5dpHMjDBCHI5Uc89cEmvLLH4fJdTXsU/jHwiyiAiB5NVTcWQFsEFSAWIx9QDgmtmT9nb4kXFsZYNAKRxMGMiXEeR36AnCkY4HHbnNcw3wF8eo0t3caLexiGUhWUrIjlc9ArLkZyehI47AVEVGmklJSje+6t9l3a0tq7a2v0a3HGrSg+X3UpSTSskntdJtRfd2s1fpqWYPDeqRTWkMHifwvCvzJtGpBUIUkZ3bSeeoONuTjtmuls/CGpG4VZvF/hVVeaFc/wBrI5Uu4AIXbjB+UHJ5JOSO3nSfA34g3Ki5GjTMiyMwEcjLuXJYkJuIBxg5GDu6ZG41ch+DnjeNy0ej3ZaJkZg8mBlGVgQGI+ZSoIJ5J5PsnKUpxtNq+qSaW9tY62VtvNWs1qdEYYabU3ySlZWSSWlk/Tztbby1P058afD7UfBfhzwhY+IPEXhrSH13w7b3Fk76hEDd2wj3iYHkEsDwDnjkgHr8sXng7SJ7i7uj4w8OwgyFZJRqUOZAMgsMZxkAdCM8YyTioPiz4c+JfxI0XwHazWwSbwzoI0+2Y3jFQqxBMTbn+T5RhVZuMYxXhifAT4oLaSS/YYWhKgPm7xzk7m5JzjpyO2c8EU6dWhSjJTmk7ySi5R5k7ro3olr0Wlt9TGtlEZ1vbUJTi5JtcsYy5dI31T87tLW7s7K1/qfwZa+GvD+rLdReLPDc19PD9mWJb5XXY/yllCjrheeMc5zWV8WvCmj6jNPqMHiTSIYngVbiVrhZVaTBOUJG304GMMCORkH5fsfgt8Rbe6M8EMMTQDcrtdqxGzkgHceRg4Hbrgc13Wp+CPG+p6TFY3D20MYj2yBrmMB5egYkt97PJycEcc5yeWpWwc6sZppzTVrNWbfLurpLrftqu5hDAYyg0o1ZyU23d001dWTV1LS60e+u/U4G58O2enS+YniXTrmFXVUMUg3O5Jzxg9MkE8DHHQkD7a+Fv7V/xC+EPw30rwZ4alsBo8N9cX8c9xH5m+Y53DI52kcjOARkHk7q+J7n4S+J4VigVLa5lDfdiuoxuPUc8bvrnbnIHFen6dp82n+GdJ0nU7dILi2aeOUsBIiNhsAuBycemNpDYByM3joUcVh1QbvGTheK110fxJ3023u+/Q9LA4jE4GvHEwqfvItq692Svy3S1v8AypNu7s2kfZC/t7/F6WyYtceGwJOcSQpvALcrgnIJ4HU9scmufb9uj4ubpLpItNmjLFGEcDSxBVzuxyMZxwM59iAK/OfXYwNRuY1YrFFMQjhiIyV5yAAOCRx2HOemT3mlTmPw6skUi72SZXAXOWAPIY55wOTwAfUcV8//AGJhYzUVGXKrPTW17bNdL3e9u/W/vVOKMxUIVPbNSbjFXd+y+W12k3vbtb7F/wCG5/iZfXBxbaHvlaGJY5bYq7B5AmQpfGWyMHJwDjvmvDf2u9JuPE3iLwtrc0khutQ0eG5vUSPbFFLMvmuqA4G0A8MOq8g4ya+Y7bUbiXUrOTG901C2LMcqCizIFGAOBtGTjqD0yMV9T/HvxVYz6l4XEyx3Aj8O2qrDG+1ywiQOWGAThdwBwB+RrKOFpYXFUlQVk+Zzcm27WjvzN63V367NHqUsdicyyzFvF1Oezpcre6Td21Z36K6s9LLrp8bnwZaNAzfapHZAXKMpDAg7lGMgkHC469MDuBmXWhpHGCJgjlgGUxbSQx6kc57fXHXjJ9g1/wAR+ChpNtbaLps0V7DADJNcSDesrFS6yNkeaAc+WOCBjrwR58b0m8We4UNHLghSoxgKAOecZJHcjAYkHPPtwkk1pbmslo9Nldq+iukvi2a8z5mso02lGT10b12bjZvW6urXV/PfQisPAer6vB9qs41mgR1jEmTgkIdwCnHQc8HBI+UnGQ4eC9Ys9RtkntndRLAWZeY0XzEyzHjG3n3yOhPFew+BNX+02Qs1kis4WuHw7fKW3AkE8jocdxjJ4IORla3q9zba0llFPbOhmt0eVTwymdBjcSeccnrjk471pabje6abSvqt0raXej13SXW2unNGtapC2z5Wnrrdx03b0tf3lZ7n6NJ8b/i34S0rw9ovhi+sBpdj4a0xoftNuC6FIF3KwYrkL2bnJXjtXn15+2b8b4bieCbUNHAglQbltFLOjk8Bc5wMHGSvJz3yOb+Ieova3ejW8UrPFJ4W0lCI92XMsMYYDA9T17nPIAJHxx4xlvLXXL2JxcW5i2YO6QHamSmSGAzg98ggnivGw+Ew9WvWhUpJpJyTSs2+dJpW6drb9D6XHYnFYTC4erSrTg3yJpSaS5lBJXV18KXTW2tt197L+1/8bNRg82y1LS5fJkEbbbBdwZCSw7k4H3tu7kHOc4rs/Cn7R3x68WalBpmm3VpLfXdu8tusliBEDCSZA53EqqqDg4OTgZOTj80NH12/toxcxXUsW2VtwUHB3LnPdWPB3Hj5s5+ZlFfUn7Musa9P8RbSS31WSLdpeqbfMwxVPKwUCkEDswOBjPPTnStlOHjRnOMEpxjzRXdpKz6WWj062s7XTOXB5pjK1aEJ1puLaUrTbi17quno7Jtp9mtD6MvP2qvjFbtqNvPqOhC50+4Nu6XNkFAlQsGZcyZYbgRkdeo9KxNK/a7+PfiG+fT9LHh25uonSCNVsiElds7WGHwANpG70xg4HPwl8Wdc1abxFrCvLPH5WsXcM0hcgTtHMxV2AA3YORzjjJX5RXqv7Ms8ms+L7mxvJ5CJbOLymjwjLLgc7s8HqRkYHB6jnz5YGlSS5oOUuRS2eraTsku3TX1Op5lXlWcY16ihGbjdyadk97pp62a+fyPpzUP2wPjhYXlxY3D+HY7yyaSG4T7IqskqAHacNgMT0bOc9STiuRuP27PjHYQywzS+HIpiA6g2yhgMkAH5jw2CQQM9AAACa8P+Jdo+heLPF2ntDJNJa6wxjkkYtJKXVG+ZwSPlJACnOARzivlPxIbp/EEkdzI2FjUBWDMQCdwAAxwCcbcjH5Guj6hh3GMnBczcfR3tdPtbVbXureb5J5vi4zlCFabtJx1na17Jare1rbWWu6Z+kdr+2j8c7qwvtYtzoT2VjJHHMYbMbGebADc5GB3Yn1z2rJg/bs+LMV40Es+g4ZdzOLYthmBO0AsQT27EfKeR0+fPhlpE+o/B74hlzIjwXtqqFVIwGkAjHmMPlXoxPBK4/wB2vKNT8E3un2hkncC4ZYpEjV929GA6SDo+3qOeuAwGSOull2FlTusOpRTs5SSVrOLaXXW9tN93e+nNiM2xtOUObETSaTS5raqys29Xq7LTRLbc+10/bv8Ai9BKsX2rQHgZ2KolorbsE4AZSu1gT2bHXJ6Z7O//AGwfj1pfhoeILpdN+xedEqDyAQ6yZKMqkgkYOOo+6TmvzK0+ymR2HlSSvvICLuJDB8nIywBAwTxycHnivsrx3ok7fBrQ5Y5ZTNNPaRzrI5XrsIyOmFBAznn37a08mwVaFaXsYxdKKaTbbV3FW0tdPyvZau1tOTEZ/mFH2VsRUaqSXKuZtpLl32T1+FLom2et+Hv24fjdr9/Fp1vbaOtxcSP5YNvvU7VyxwWbbhQcAn61Fqf7a/xp0u7Fk50bz1aVWUWpHzbmUgZJDjI5HUjqa+Z/hZpE2meII0ZjMy29xOsaY3HbG27DkllAGTxkHqFDEU/xXOtzrlrMbZYPNBwNmXJSYnJIHqSeQRzjjgU5ZRgYU4T9hd6XejWjirLXlT913b1fbVs2oZ9mFTmUsTJOKikrvVNxSXZNNWV7t32P1b/Yt+Lfxx+L/wAZfD0JOi2ep6CX1WwklhS3tUZowY2nkb5iZJANicbiTwM/N+lH7Qp+LV74k0GTX/hn4dvNR1LRdW+3eI3UQG4by3D3cRdyG8o58sAAkYOB3/PT/gmpZm8+KWorAIkuDpGmKuo3A/d2TGdSkpXjO09VyvA/4Cf09/a/+HHivTPGnhq3m8a6xfw6hpdzqIuJpDZaLpjNCdwtkjZvNhuFBUqcLzngde3AqGHrwoU4KMdeW6dk0/tJNJPW107eWjPac6tfAutWnKpN3Wl2+WLS2TSfZ63VrrsfHf7G0Gsj4pzExRz3UMlzZ21lLcJxdRyNJ5hZhiOLAAXBxwF54z+v3xQ0PXLX4O6xb6hDqRv31Gzv3SCZGsbMSOpDtNGB50CZyyEdBkdjX5Afsl2F+PibrFpbywaxdC+vbdVtpTaSQYViZvPzhhwNgG0k7VyQoNfrL4x1zQrH4PapZG/8Swf6fYR3d3qEjXNq16rpFJZKzEr5TnIAHylcY5BNednqnPG4bl5b89GKbu0/fjo72e13o3a+t9j1MhjbA1nLmknGWjejsoK17WXWyutV7up+afxltlur3WtMke3mh1LTtJSWS2iaVPKKRpLKg7uCTnhskkg15pcfDjwmui3mh+ENd13xBeWmnwTSaZJp8lrGEl2tMcsCQsMuUyowRyAK+jPjDdaNd/EfwadOsWgsoJNEt9TtrRRGs6IsUrkJlgTNsJdeSQTznAr1H4j/ABw0lJ9K0zSPhdY6J4gFyLaDUrXSBBc6lplq4IR51UL5kgTCuysCOoBYg+/QhUl7JXaajFtxfutJQUoppfEo3+J2voeJmDjGT92TdnZxS51zcq0TfvPo7t7xSPzei8AaY3nR6fHp2l6zpkDzah5mqhp4pXA2r5JUHc2MMCG2kjdnk1/S38EPid4V+F/7JHgqTxdEt9pcvhT7JemL/S2LMqCV1jXGcj+EjAJHOen4f/E7UPhj4Yn0/wCIXhr4X63c+Otc+1zeJbLXbhp9JuCVKb4LZF2xkbjIOMKwBHDV+kvw7aLxb+ynplzFYvapc6LcNcWc8haOydyrPFCsig+XGxCp6AHOe3gcXYdzyyrRlUly+8lKmmnCKjdWfWXLa7sne97tnpcJcss0wzcGnGpB8s9r+0gk3y2962sktmfbGr/tx/AzS/hr4Ys9Y8E3J8Ji1Sy0qUW2y3u1CN5wktN2VRuSyEAHnoK+X/jz4t/Zy8b/AAA8T/Efw38H/B82l2kL3UUS2ostRlEDbZUDIBJFhiCw6dx1GPmD4l22mWXwy8K6fJo0+tS2lhKLMRSBzaXO7cLhRwpKLlSCpHGMHbtFxDHqH7HXi1ksZFkFrqKeXIoCYjkHLgYGQQQDgZHHHFfzVRwNLCywGMw+JxkK080p0asVXnrQ9sk/gtrbRt6taJq5/Rc6cJLMcLPDUJQWXzxFN25rVHTWuvNZJttadE93c/P61+LfwX16yCL8Khb+TteG3tr4m2i2cOrKRkgjHJwCc5xjI5HxB4x+COvrFp3/AAqeSGGy33bNb6l5UJ2tk7xjGFPLZOcHpgDPi+lHwzGJ7/WlvrCOK1mgEdufLSVgdrOmOCcHcF+9xg84NbVpa+A7axuJ9GvJr6NtPlmuYr53aVI3G58RsCWYZO1QQWABB6Y/eYVFClJQVeSap8zU6sobw0s20m7NX8uzPxeth1Xi1VhQlFqScZRTfI7JuzinffVWa0tpZL6A+DHxF+BOvfFHwd4c034bOo1G7h04kakLm3Mzkp5skG3c6pnLc4OAOcZH6LftAa5+y3+zDqvguPX/AID6f4nHjeGcSXem2wQxmNQ8zyruY8h+UYDjt6fib+y/4g8FzftGfDuw0vS7yDUW8VRLb3RJEXlxyHPyk4B3Zx8pAx83v+tv7cHgDwh8RvHXw1sfHnxFg8C2+m2t3LaNPOYBfu6LvijbICuONygADPBFfJZ/Om+IsrhXq4qGErYec69GlVqpTmmuR8tNyldO13bVdVqfVcOqceHcyq4WGEWLo4inGjUnCiow9+leLlONtYt6PdtXOTb9tH9hfw+9pHD8C5rOMTvGYLaw8uB3bO8OMnO1gTggAsASATmvYvF/7Qn7M3gT4ReGfirqfwtWXwd4z1sJpVvb2K3GsWtxkrD5rsRthZgyrkbWHGCSCfgjXv2Yf2ZxPpSH402ZeWZ5HkTU4wjSkkPuZidjHg4wOvTdkn1n4zfC3wV4k/Zf8J+CrHx5Z2PhrQPFFrDaeKhP9otpAkhIjDgAb5G64wAT1GK1rZXldbE4BYdYyfPiIxre1niLOEqblaLnrGTnbbXs7rXneY5xSweMniZYOEo0VKjKh7G/tEk7TUGo25W/iSSfzPbrf4nfAb4jfCvxJ8bfCnw6vbHw14QW+srzQYd9nPcvEDJcSxwphAHDckJ16ZzXl3w++MPwG+MXgnxv4mT4deJtP0HwLpLr4hW8lcz/ANm+WXlitFCjzF8vcFUcqSDuJHLfgj4W07Q/2WfiX4O0zxVYaro13e6razeJVQG3hVrdFaSYkYVkGCwPOPrmuL+Anw90jQPg78dfCui+PdN8RNr/AIdeCfVrcxPbadJcxlFNxtJ2pGOXbk7QQQe/tUsHCnDFqNTEU1Rr0owj7WorU5Onzc8XJXlrJ3dpOy0PmfrdWrUw8pwoSVbDznV5qVJ3qL4OTryt7u7Vt3qmZ/wr8EfsU/tCXl5b/Dv4e+I4rvTbI3c6aq72+3fIygxlwcqzAkLwV6gg5xxWt3X7F3grx9c/C/V/ht4nXxDBqVrpEtxbSyfZPtl0ybWMhA3qUcEjIGR0GSK7b9iD4fw/Cfxf4kLeOPD/AIwur/w/bxvbaNMkv2FY5HbLhOFYsFBGWweAxK184fGf4e3et/tI6t4ybxz4X0mzTxpot2dIu7uOPU5PKeEMiwH5mLhcA9uuDnI9rDStOcFiMT7H2ScFKcnaWybd72Xuu3Vv0Z5mITlSpVHhqEarrKM1GnDk5W0nZ7N6ebT0tsn9H/EDWv2QvhBrUPg7xB4L8RNepYwapALfzJYVgudvlNnufmwV6kgk56VX8XfFP9lLwBrOnWWrfDrWLu6u9EstctwkTNG1hOiugkBGGl2MNw9enPFeRftXeBtM8b/FPTtZn+JGgeE3s/DumRJpupuI576ONkKTxqwJeKQjapJ4LZ5zxw/7QXgS28V+LNGx8RPDvhqXTvBOk26wajKsZu4Y7aEC6jUj/USj50GfmUgBT0rohCM4YR1MRin7SEnVXtKiUnaNkuVu61aTfVq+l78/t6lOWIhTo0EqcoKm3CEW72bWjbUk3ZX3W2lmfoXrOu/s4+Dfhj4X+Ll/4GkGieK7vZYQiwM+oRM4DBXTGVCIcA8kYyOcGraX/wCzL4k+FFx8b7jwVbJ4W0q6FleWdxp3mX0zm58lXaI/PJlzjkY5yB1FeO/EjSdKvf2YPhF4Y1zxXp+i6bbXUCnxIAstpMdip5sRwVMbYBViSDnPHBNm207wzY/sfeIfDVh4qsdU8PReILaC78SKoESOb4SMzAjBBHrnPUEZ48bF040qLnGtXjJY1U01Um0qHMlaydr6R5Xo29k2e3ha2Ini1F0qcqc8MpWlCLj7VKNrpp3i7db2IT8Yf2D1muUl8J6Xp17bAT3KtoKo9rHIodCygkfOMknORnP3c1o+Cvix+w14u8TaTpHhnTNKufEOo3AtdJK6IIVW4UhwFkBABwC7MSMjdnB6/J2mfsx/BjxBJ4lvJvjTYSnWtPgS9dLqNfsyCIFUUMcllA2/KQduAcsBUvwv/Zi+D3w88W+F9a0D4v2Oq3el6sbq00uSeJrrUZ3BUIhVsgAchQQMfdGSM89X6nPBzqfWcwc5xmvZyVXlVSKVnK6Scb7Nt+eh7WH/ALR+s04zwmWOipwU5c1Jz5XKKtGKkpczi09L2d+yR9u/GXx3+z58MdVsNC8VeCbC/vtZsZ7uG4tNFSdEhRlDGaQKeQpbC559eFFeCW/xl/ZDnhuksfBS3D2sYuJoI/DwMQVVy7fxcqTtCgZ3DOQRiuV/atuCfFOgWs6o8c2iXcf2lpF8xFkkDFI2cA7mzx6HBwK+Q9H0ew0u6vmg1JfLurHyZILnYVSHGSAVADliQ24HjG0f3jjlkeWhCdTEYqU/ZO69rJxlJSSSSd3dK19vNaF5pGbxKpU6dGMaco3fs43ScYtvmbXu3erb6q12j6xk/aH/AGY1mSO38EXcUNwWaCFNHaBVKAl5Vi6yMhGQ3BY4Oe1dp8JvHv7Mfxm8Ux+FJfBt5e6hqW+0sNSu7eS3hhkjbhXYkmKVFBVSMq2Qrdc1+bur6Tr9zr2mXi63oNpotjZ3MH2crE9w28kKfkCsrAnIzkkfLur339k631ez+JvhAX01hCo19mtJrYIGvY/nyJVUfNtBHXOeAevHVjOWGDqOGIxCqKEpR993UnFSas9JK9tbdb77eTgoTeZQhVo0pUZVlTm/Z02pRbjdK0pednvurXbv+knxD0f9h34Ra/D4Y8f+E1GuXGkresy2T3QmsSM+Y1xuCqxBOB7HOBivLp/En/BNNbFXHhSaGGV1LRG1lCMZWJWQEPjJ5GOgOD9K37W/wdsviV8R4dRvPiDo3hqSLwytg1jfmJJ7gYH7yHftYIOMgEjgDqMV8/zfsh+FpvDWlC6+L+giQtbx+YJLeLf5RBVRJ5mFGR1bnBIPBFcGBca2CoSq5ljlUlTXPGMpyirtaKycdNPtNdzuzKE6OLrxoZfgpUYSfJKcafNy2grSbd03fVWtbtc+5fhAf2H/ABFL4ki+EvhCUXfhzS5dY8RBoZYHltIYnlTy5Gy28qp2hQDnBB6CvN/h38Tf2Sfj/wCMY/AOgfDi9bxDfxaoxfWLFvs1xDYMRI0ly5J3BUID4POB1rI/Zp+EUXw9134tQ2Xi7QNfi1nwk1kk+l3MNwLFDZyx7r6SHgls7m4IUjPJyK85/Y7+AE/gL4w2XjWPx/oPiQrp/iGEaNp0sUl5bNczvhgq5ZQmeemSCc4OAKlTTzCaxWK56FOEqMnKopOTjFtyS1aukryXXRLpze0rp4CHsqEfbyqRrQhGHJFRnBe4rtNb7fPc2P8AhJ/2LrXx5ceDf+FS6jZ+IYNdk8LJdW9i6Wz6gJBFu3KwCxFsdyCDnjAFV/H2u/sg+DPGmp+ANY+GGuHxFp0kEN5cWUT+WXvTGLfdOm0bMMN5yqgZGeA1YupfCTTU+L2q+IP+FmeGhdf8LFTUm0GRE/tKOdZkkFlE5Cn7Q33TnqCMY5rY+N/wvsvEPxV8VeNP+E+8N6Dd3a6L52g6js/tBxbGHaPmyxeUqNg65IHIHPpwlTqVKUXjcd7Opg3UnFVaiTqp07JXet1e9t7WTscvPXhGry4fC80MVGEU6NL+HdtykrtOSsvPV6bpbnxg8Lfsm/BEeH9Q8Y+C5LeXxXYLcaU9vayXcphWJJ3FwVwUZY5QcZBBwD2xm+AvDf7J/wAQfD3iP4kaJ4dKaH4MBl1a5vLCVJbeCIAzPFA2DNtU5BxnIOQcHO5+2B4e07xfL8J7S88T6LoKafoy+VHq0Slb5jYwxs8W4D90dnXk4I6isP4D+FtK034MfGzQ/wDhMfD99bapb6hDNqdlGgsdJjlhUHz1AxhcZPAJB25HOc6MassrpVVjcX7WdeEG1UlyuLrxhu5LaGvdNJ9y6tSMcyrUVhcK6UaKlG9KCcp8kZKyu2lzOzatpq7JM9K8GP8AsheOdG12/wDC0V9f2PhPTxqupx3NgIfKsSFKyImwOyMyEBVbOAfSvQ/hF+0P+z/ea3pnhD4aaOW1579RpiyaM0UaeRtNxJDcSMfLcxrgFcA46Ek18dfBTwJpHhfQPiRpOnfETw7r66p4QiSe5spI4ltIcuTNcYUDykByc5zhupIzb/ZR8A2ugfGDwi//AAmfhrxIIRqEkVvpUqSXMEUisQ0rKoYqOmTn5jjiufPcJFZZnHNisROMMHUjFTlL3k6V7S0abu7b9dVax0cP4uo80yxxw9GHNioe0UYRjy8s4K0dGtVfW+lyn+2r8BPj98YvjtrHi/wf8N9c1LQv7KtrW2vB8kM8iOrSKkmBuKsCu04yOMjO4/qr4Q8eavoP7NVx8Or3wF4lj8VQfCWfwuln5DFf7XntWg8tR0fDnCsTz1xkEV8M/tcftU/H34P/ABcuPCfw+8S6JYeHY/Dkd9HaalYm5YXUhwTG4YAEjnpknJ5+Wv0P+Dni7xx4l/ZnHxK1mfSdQ8cRfDnVPEqzGAJYy39nHNLbmWPjK5CBlzjHAOK/nrPMRmFHK8mhOND2FOpThQjBzdSScY8qqJ76LppfvsfumR4fKqma51Vpe3depByxCqcrpRvKKvSa63dlzX22tdH4u6V4A/aE0rU9A1CH4Wa7cy+H7yxvo4ZdNIR5LOZZRHMQcMpIwcY6jI61+x3w8+I/jP4kW/8AaPjzw6nhXXtO8FXcdxpTKVeJY9yx5XkRnbg9SpBHHQj8xZ/22P2wVfT3tR8OIo7+9tYZI000Cbyri5WJgjZPKg5yDyRwMkk/rlpsF5dwahqmrLbRaxefDOC9vTbKPs73dxZebOyICePNY4GeBkYyawm8VPHZa8XRoRUqqUZU5uV7uF1Lpe7TSt873v6OHngoYLM6eEqVW4wTkqsbKLaV+W0ns7u9tkfypftoWOof8LSuVsNJu75mbUJXkt4HlTEt1KVDgAclSTycHPAHQfLehaJrkOt6NcJ4YvIxb3VrM7HT24AkXzc9eAOSxye5AwCfur9sf4nQ/Db4mqs2kzak2o2xkkltnUJHtlxsYFT85AwFznB6cGvmC0/ag0cXCK3hTUSZnSMkMCcM2BgbN2QPmPPPXkD5v6TyvE4qOW4aNOilTVKnCNuqSV27apbaLW23Q/lrOMPgf7XxU6ldqTruUo20u5RajdX8tNNe59S/EWKz17wT4bstUgkFk+tWryLaxbp4wyKNzRkHhSSGBBAOc4ANZv7QbxXk+m2Phy2urrTx4Fs9GFxBalnjlEaDLqAQJAFKsSM5zjmtjx/rEmm/DXRfFtpYzvLdXNi8Nm5VCiXKIwjIOcEK2GPY56cg+FeOf2mrb4e66/hvUvB73lzDolnqUlz9uUjy7qBJlQsUKgLk8A8YOc849H6zj5KnTw8U4Rs3bVczst9G4tvTs15q/nVf7OU39ZlNOSSjJa8y91JXSWlu9rNJdjyL4W6RrHhzxDBJqWk6ksEZlt/PuImVMEllYN2OQG46j8a+kPiL4bufGHgo2EaXk8d9PGJks4nllhRAMOApyRjgseM7jnAxXkXhT9oOD4k6/pmkW/hh9Mt79ZXW4a4VwpGR8gKD5ckZzjIPphj9Y3vxh0X4K+Cjruq6JLrMMlzFaGKMruRnQoHLFSVUE5IIGeODXl4yrj4t80L10v3cY6y5rxu3qr37O/Xfp6eWxyx0+X2k1hFpOU4tvVR2S3jt0W6Xp8o+Fvh7e+Fo7+PSLPXrj7RbtBdRtal5ZYVUB4xlRheCcYwSuO2BxWjS6hpvj7QLk6dqWm6FY3ux4J7by/3yyfvGBCjlmzwM8EZ9/eNU/bV8DRi1vIfCGtxHUFeBJMLGHc5VlUquGxu/HOMZIrjNE8eWfxL1uzm03T7qxsbDWEeaG6hGXaZgwy5GG56nqcH+LJrDDPM5XeMhKFNxtJNp/wAtlp3u1ZW0Wm9zpr08k/drAVVOrGWzi77Qad5PW6u3a+kdLanVfGLTrf4iwabp2h3AN7bTfaZomRhJHG+cBlAGCMgjIzz65FeC/wDCh9aAaCe7jiZg2xlUkHeeRnAHfHzA+xxgj6G+Jd1490HxxoV18K9Cg1F2idNftTZCYTQiPcuZD8ibVVsEgYPHULVHT/2h7jW7j+xW8DWtrq9u62s2++hVTeDKyRqDH8p3B/lJGMcEk5rupYnEUIRhh2qkdXKKs7OTSa6Su032Sb0T3PMxWHweIxEpYlunVvGK0VptKOz01ey3XS5e+HmhX/hbTtN0N03rayRM9yU+VwZEYngbjkgEc8ZyDgmv1OspIp9At3RdyjRwMngA/ZSAB94HnrkgZ65FfmRL4x1GeUR3Wg/2TK0lqPPVxKjbplBAAGGHBwQcHI5PJH6NWNyyeG7aR2UINHEkidmaO0Dr2GBuHI5Gc8Y5rhzerXrLDqrFXUvd21+FcvXstbNX80etktPD0faqjJzj7nPytaNWs01qvP0a7n5leNvhf4w1jUNWuP8AhHprxLm6vGt2ecKro8jFCBt3EYIPX5vYGvANR+B/xFvHMa+E2iZJl8qNbnhxuBViMAbRyQMfd65J49r8WftZ+N9A1ybT7DwrY3whuLyKCJI3nkEEMzqsjJGH2lgMk9PmAwcZrg739szx5M0kkvg7ToGhZT5bRvG7AEKSEZQ2CQBkg9PlPAzy0Z5nFqMYwSekVePvK0Wra307ap3tvvdenkcpylOVRSU0pPlvFv3Xq0r9bLfbe9z7t8R2Fxpf7Ot1pt8q29zZeCpIbuNWyqTJDt8sY4yoGOQSTgccE/i5rHiK80K2tprFt2YnXLMGUnJ3DaPujsAdpU5561+ymveJrnxh+zFqnia+t0tbvV/CNxcywRqRHbysh+4cZ6ABmHVsgDtX4m+IVjlsrKHy2JkRgGBwcsCM88DoRtJxwAccivqshqSjRq+0XvqdmlraSUHvrpd2Wi1XlY8LiujSbwXs5NwdKLg3rouVpdbJ2SXrr0Cw+IfilZ2+wXzCa4KIzwnYyhjhV4zuHYdzx3r6u0vVvF+reFLO71W4ujcJZ+TC65BVEySJWwp3EKcH0GcY4X4t0QJZataxBGLJd2wLjqVDdOhG3IOWzkYGcDp99R3rDwpd2ykI0MQcbCMnfCCTuGSBnk57DjIGR606inCHNe+qbdulm1HVJvS7va/95XR8bUhGMXCKS/mXdLltrpZ6XffoyvoOo+J00bVLP7bIsLaZIVwfMd2KtuRCQAc55zz90kDPPzWR4hWabcZIVluGLlyCMKSCc4JHOSAOfXjivpDwneXcmi6jCwCounylXXDOW+bjdjqSTwMjCgcc58btb8t5kcnIRpVLOilw5ZlHBBJwvbABODjODWPM7abtre7XSyel7pbO2213qk4RjCEVFN6bq9rWlZ21fXV9Lu+iON0uHW49QuvOVmjc+YZGXkKjFuCMHjHru92AyfeNHub+Z7NwwEMsXlqSoDqdu3kjnA53HA6Ahh0Pm9hcw/arrzpQ6pFlkxjPy4wATkY4zjrg98V6j8Pdc0+e5ljvI40toIikJKkkO7ZwCOeQdpOc554GTXLiFJJuN9VfXfdPfzXNp8vTehJpwfwq6ju1s1o3tbV3v10t0XaXeqXnh26K/wBpyxxvYwurxHaTPHIskAZlOfkkCspzjjOcAY4jxN488e+P5VGuakt9H5yIsBcHP2dNkc7ZJZ5NoAJJPXHTFfXnw9+G/wANPibfa/pfjXxPB4NttK0iLUNJmDAvqd7GAy23zYLIQoLqD93PVgCfh7xjYw6P4nureyvUSOz1S5it2jDIk0EUhWC4Ck4AkQBxnHB5Y8CvIy+vhsTmE6XsJLEYbkk5yptLlqWScKkopPfVRlo29Nz2M0weIpZfQxDmnQxLtCEKilL3WlLmjq4paJXs3d2VjifE/wDaDRILlZJGSbawbI2kEfcHB2lR15Pr1OPOr+yuZJHIIRiygLjL44BDABiCOpzk85C9BXqOs3jOiu1x506TAZwG8wuc7+RgLztA4wD6cnlZjK80jkl5/vBQVAGByQcYGNoxx784xX2S5Z8sUm29NVpZJJa2dtm5at66LqvlryhC8Ve261u7WXTXo2022m31uVIdDW0sr+8eVluo7BntoQFIl+TJz0+Y9TnkDJGDzXgWoeItQMkkXlIPLywYkg5LHr65/U8cL0+gtMuJp2vUuYxLMLK5Mah2JAw24HPHyjJPABwTwK+fL10SaZSpUM7dSNwBYgqAQw4IwNwIOOnPONKcoVpRk9I8qit9HstdV01V72vojqjFSp06jptuTs04u7vbWzSturtXsu97nPRalqkt4s2BvJ6BSq7VIIOVPXgE9vbAOfRba61K6gSSUosROxgNxGVBG4ZzjBPPOAO2fvczFcw2hBRgCABgqOAcZ2gY9sAYxu4xiuyi1O2ezijhdMyhASUwqnaCRu42gEg4PB+7jtXbCbV7xevV2dndLTa/3bPa+2dSMnF8qS16pdHFK3fv3tunc9N+HkdxBZ3F+9yCtvIbdQnLFZsg4GckAkZYnv8AhX158C/2Mv2iv2o4PFN38DfAVz4z03wg1gvii+3QxxWE14+62t1DsCXn25Rfl6Ag/dr5B8BtvsNRhjuAPLmjl2oOuCCFwQcnAOCOeMH1r7m/Zp/4KI/GH9iS58fWnwuGmy2fxG0y3tdcsNXLNHBcWilLXUbVFZQtzEGLRuwIHPBBxXfw79S/tyCx1f6rh5L36rUnyytF3/d+87u13vrrorHjcXVM/ocMVqvDuHw+LzWPs/YYfFzUKVROcVNc0mopqOydrvfV3Nab/gmr+2xpmqa+f+FG6/p9z4PhOp61aXJRC+k27Rzz36or/voo4VZwgzgDoPmrzL9ryXzPjP8ABByjh7fwz4Ot5IQNpiuLad4p4yMnBSVXQn1HfLZ+nNf/AOC237V2q6NL4f0ybw9Hf6/pZ0PXPEksD3Gs3tnfOIZYhMJAE2xSFI8g4XjnoPlH9o2SXUfi18Hbm5VjcTaV4XuJ2Yhnea4maeVj0ADSysQO2CCSMV6XiE+H3VwEMmxE8VOEZ+2qSU4wUnGF4wckm1u+y0tdNs4vCnE8cYqhmD4twGX5a4VcK8HSwVX2jkpTbqOryuUYqHuqNpNzbeiufG/7ZFs6fG3X12YzDaSAjBIJt48EkDOcnJ478HCivkya3OQo5HU5AxnjAPBJOM9B1x6Zr7W/bAgS4+NniMlcbYrZOvOFtYwDnHbg5+b8BxXyTd2sIcsqs2cA5yCpI5yeevv9eTgV+ZqPuxbV00tn5LurdGnd211tufpeOa+s197e0WvWycYt6tttJPbS2nVHJvFyFBbITHT5sg8c8ZHcAtkgZGc4rHeJmdypAGCW9VJJH5Y4z1zkE9TXYNagqwWMsSMghjgHPfI6Bec85yPSl0jw5d61dm2sQJZQSCAwUkD3OQ3OQeec5weMy7pJy+FaqzVtknrbS2qS36a215VHmaUbyldWV7t/D0316aPztsnadAxsHZFBC7dxwDg4xkHOR0OVzu9gOnr3gq2EmnhyAP3yLIQPvDjpnnkYBY5yevHT0rwt+yv8Wda8KHVbPRbMWsu1raaS/hjeQDOMgsCCAfukLkcnGAK9L8M/sn/GiCFgdKsItxSSHGpW5JGMZOJMD73c9DxkHBxqYzB6xlVhHRXvKzVrNPs7b/r1OiOV5hNOUMPVtvfkezUWtHf0uk73e1zwXxLBGurRIrA7rdMbUxwoUnjgKcZ4JBI5BPbt/BMCCd0EYYNgBmXJzgEDJ3YIbIxgdiRivY9R/Y/+N1/qm+30XT3BiTDDVbb72Bk5LZ4HPHUAY713Hhb9kT436fK5uNE04LzuYalASGHAJUNndkDn/gI5zhfW8CopfWKdl050278q0s7bK3fe97u9yyfNElbC15LmTb9lvfpo7aLV6r80/LtR0a3dYEddyGOVj8o5baxHVcLz26dCdtcLpmlxC4aFowocswfy1IIB4B7BsjnA9x619oXH7L/xmuIrNF0ewKHzY3zqMO4B1wD94EYyDk8bj/tGsL/hkj402xRV0axlIDKCmoREkFsBWG7qM5BPAwdvIwCljsHFN+3hZWb95Wa00Sb9dPW2hjLJs2k4v6riLvlbXJJbKGrT679bdd2fGXiXQ3isbpy42JJgIFAypOeOhyMZGDznI9B6f4H0d9S8KNOAQURVg2pjftXktuJPX5WJHJwQNvNe96v+yB8a73T1tYtEtC0kZODewKQ+NxDZY8AZGSG5OenI9M8G/stfFzSPDkGnz6Pp0N0m92Md5EQFKnAJDAZJ+YnJ9QO5t4/AtL9/TeySutPhV9tOvZWvdvrrh8kzeyTwlZK63g920k97LbVeR8sHw1FH4NubudAk5mdcSJhgAcHZyCc4x0GOc/dxXhfiW0W2W1kVuCrdFII4bgnqeSFJ56nhuK/SjUv2XvjDe6L/AGYmlWXnOzyxkXsWcAF/3jAkAfr1JxmvnnxV+x18ebh7cQeH4rgquyQLeQqoYAn5SSAwxnDYGOoPqo5hg3a1aHNZJPmS18rN2vpbVtdN0bf2HmsdfqdaySd+TVtWV3rfsnq31TuecfDiRJPDiylwoilcBCBu5Jyx6DkHvkDnjjjZ1C4s4t+4qxAdiGUMAc4J2np1AwfQnORz6L4W/ZF/aB0/QXjk8NxicTsY0jvoWZoj0DAOdpAwceoBIyOJ7n9kf4/zNI0nhfKhC64u4SGGeFxvyT6A8DHqBXUsxwcYpe2o3Vndzi3ry363Wvno9/Lnq5Lm0pvlwld81krU3o2o9L3vbTfdelvnu/1qMXMQhKqjYVwqYVjwTg9sDr14ODzjOrpY0+Wz1WSdlMjsqruUFcg/Lg8HgfRhj2Br0C8/ZK+Pcb28p8JSogkO7bcRthQwJON+eT07c91GKgh/Zj+PK3eP+EQu2geRWwJwAFQbQRgFQSQSASe3BFYVsdg6q1xFPV6ONRNaWeuut+m3zWhl/YubQkk8FX0stacmrNK+llun3V7b6HENYmQMxZDuiVYkXDKqjgdT1AHPRuh7kizb2VtGsWRt3ArIxUHjByAw7cZHp1HBxXqEP7M/xvguYC/ha92YyVWYMRkFssA2NuT0/AHNXZv2avjmJhjwteGNS0m0zLtxjnAyPxB4OOgNYvE4aKi/rFO1uk09G18SvtbbR76LS5q8ozXlu8HWVkvsSS5XyrS1n7zu1a9lba9zxnWoPLs7XYAkX21SpIILYIXnJ/EHHJyOB07HSEmkgbzEUARgB/JB3JkHJ5xyB8pJzjHOOD3c37OnxsvrazhPhGcLbTeZKCwG75jgtknnjtnnJHfPWw/AD40okNunhOdRKArRpJgKp4B4HGQNwXAAJ47iuapiMK1f21NX5XzOUVZ3inZWX6LV2VnppTyjNFHXC13q3fkl5WSb1a+W3Rnz1eTSwXrbgFgLA4aPIO3kkc9Onp0IxluJNO1O3nnkWV1ZYyzBSpxtPBAVsnOTgAZOM/KBXuGofsyfGm7mKHwvcjeVI3SfKB3AIHLfp3OK47Uv2ZPjfpd6rJ4L1F45Adnk5csw+7uPRfrjnnqMAa0sRhpp2qU21ZfGrq6Wjs9Ne9l6bEVcszOK/wB0rvR3tTlu7K91FK6+4zdF02CbTXuUiMrSXEoEZQE9MDGCBwfT+EYPKnPFawuoPcNB5cdv5EuUjcAE9VJwRz8uGPXjI+YgbfffBfwc+NejWU0epeAdZYySssa+WwCqd24qApwB0HoRwKo618EvjDqmoGRfh9rcsZyF2wPuAIwGJAHU/UdB3rCEoe3mlUgoN6XcXe9relt77addS/7OxyhB/Va/NomvZtLeP929rW6dLevE+DtLj1GdFuTG7xxo2EjUjcr4PXOSFyTzn3Ir0jxrpltFpEsMVssZaKBmnEaqFO8Ft6985wOcEBskhaZ4Y+Cnxk0V2WT4e69GwfKyCJt4LYyAe4IIxngH72cV3fi34dfFSfR7i2bwR4jkmMcA2paO+UypYbhjLcnPTaOODUqpRlUt7SDne/8AEur2SXbTWzVr6vfRilgswSTeFr+93pzdtLNXaS6dPv0PAfC+jzu+oKGJjSWPMnlhsgqMMMgAAcfTByCcZ5XWS1veTwoEVmmANwyjbgDjHJUnHI5xx71754Y+GPxPgtr+G58E+JImkZRGPscgfy2UKcnG7AHQ52g8EA9fM/EHwn+JY1O5C+C/EzoJFZALCZskdR05/Ae9enhlTlU1nBXa0lJNybsnq5aPla/rbzsbQxziuXCV1a7k+SXeP93z0dtuie/ktwbpbhj5nmKdyFwgIAUYOMMR0HBOcevBFXNHT7RZarBND5iM9ijTYO5Fa7jXgEbsfNj1zk5FdHcfDz4jRyyQ/wDCD+JYmUbiRps5JA65+TBHXknI4z2FXtL8FeP47a/EXg3xODJJYjjSbgIxiuUdg2E4Che55JHtnpxDoxg7zhdapc8XqnG6tdNWV93vdrZHLgsPjpV4XoVkuZu/s21qo6JNabXvbdaNbDr7wzFZa2be0UshhWQBhyVK7nIPpngE8j9Tv22gobZHMbBpD8wdcqD977xPX5uM9AABXVXvh7xk2qQXc3gzxNHlUQB9MutmAgBVSsYG0n6ZBOSOauT6V4nWNVfwp4iiBkBZE025wecYB2ZU4AOT16gc5ryZVItWjJLXVqUdEra7t6Wet29reX0sMFiYylz4esk7Jfu5f3bfne2mnV2SfDv4cbzzMHUocKQAcjB6gYB5BOOe3X0zPEumW62N0hUHZp85DbcEAoSc47Hd054J9yfRZtN8SZVR4X8QROGQhm026AYHr96IDH5n6dDV1jwh4nurS/8AL8Ma6zHT5toGnXP7xmUgAHYe2TzgDIHJ6xQrxVVe0lG1krSatf3He7Xkul7rdu7IxGExKhJxoVXdxbbhN2s1e2i3srWirNO7s0fPPw4g+z6cHHy4MgwyAqwLkKRntzg9+cjPSvbrW0Q2sbfK3zsSQuArY45xjhs4wOVAz2Bg+HXgPWrXT4YtR8MazC0iyApLp1wJARKeQGQZAI24BHOcH7xHpk3grVLVXjTSdXADhgkllOMx7ckgBcc49fUZzjPbVxNFpxjOFn/eWt3F37NdLdNrXsYwwmKcLyoVUrrWVOSd/d1V09+nXqnucN9nX7NEuw5LncQmBySSeenGeOOe3AUZy2sS3ewRk5dWztzkrzk49h7c8dTXo0uh6gsSkaXqAywBBsrjC9cEjZjOOD/F69KxotIvorpt2n6hnLt89lcADJxkBowScE5IzjBzjk1zxcLpxnB6WvzR10jv+b72V2tSJUqqVnRm2lo+VvW+2nrZLWz38qVxZC50jxM6Hy1XQbs42D5iIm4HPvwQeSepNfm78PIZxcaqiYCG+mG5h8ynzXwRyCMkk85ATpzjH6cavp99beH9edbW8ilbRbvMk0MsUeDG2F3MigKfUkDgYbI+b84/h1p08k+ql0YKt5NkhWIYiViDwBuA74I5wBwDX0GS01VxCULSUm7pd2o3s07rVNLrZX6tnmZpWr0MJKXs5xnF6JxavdK7222dtbperPRxppLqPPLAqMkAZ6/MAPTqMeuTk949RS0jJijj89li24bAUMQTkgf3cHouCcYPORuR2M7LuKMqjncI3GDwADkZHUgEenPYVnvp8se5pUmO4kDETkMD6nbnvgn1AHAzX2MMA30TT1/8BtpvdarqtWtHZHxv9tVY70530WraXTs+/RX8rN2PJW0NN0k2xt7uw2naV5J7E/dAGCDnIOegAqCPRip3Pn/WEEHBUHkLwDkhsgkE8ZxXo8uny7lQRTnOXx5bnpyMlVGD9P4uarrp7h1Lxz8sTgxyDgcfeZRtI7ZIBHtkhSwDTV+VadVq9Y9OqezTvprfRozWbTnrKDUnZX3ir8qWve7du++iuefyaQnI8oEqjKzjBHTnA4Bz079eFrzLQNOaS+v1U4AnkRuAQCrZwQeCc8jOOgPIFfRr2DeXL+4myscpUiKQkbgf9nAIJxg4545FeO+GtM1A3uoTLp9y6Lcz4PkynJ3HIIVcYAHfp83GQa83E4OSrUEnq+d9N7Rj/wAG3ffSx6OCxVWrRxDs04qK0WvvW279U9Ffe+tiWXSygDbRjYBnpgnA4HTjgc9ecAgVq2OliWNy0ZlKgHG1SFHRSOhxkYJxzjjtt2mtLwbFbTLvB3EL5EuQ3I5OwjA/ukDvjira2WoBAY7G8Vym1isUmeem4FQVJGRgjcSM98VX1Oor6rTprpotuit01810Ijip6c0Xfe7UtI6O70tv3vq736PmZdOhEqxm3CDYSSoz82TnGeAN36dG61BNpMRKhIyzleGPUZOeQDwAT1Hqcggc9C1lfg4ezud6jAZklyQGByDs5I6Hgep6kG0LK68xG+x3m0oAD5Mx7DOMLk4zgY2gkgcdKn6lKybS0Ss7WXRq6Vl52tvbTQmWKmtIqTd1ZqLfVbO3TSysrqV3fc4j+zI1VVMTYMgBz329uoGByQefl44xmlGlOXUhCpO4oAoZSGGMHB78jIzjBG7PNdQtjehmY2V2drH5fs8pAzxwRHhTzntxwale0vk8siyukCqWVjbTYAbIYqNg5JZuehwc4BqPYximnFLp8Db2iu9ttV9+xXtcRaLjGV7LSzlp7ut0vK/S9t7nKjQnIcscKSABt4HQnAIz2xnkng9KdFpjsZdznAYAdMMVOBnn8Np6g9cc1vOt3HuP2G82q2TtglCtkHBI2nqep65J5z1rwmaR0VbK6KySr8ogm6gjjcFGO2QR0+Uf3az5G7PlvfrbzSXRJ3stbvW2t9tnXxMY6xk9LNNvra2nTVbb7annGqWB/wCEkhtyD80kCsOMEsykjdkYHIx256Dt6/4h0eG306wiRMsGUghuMADGcEdv++unIAzwuoWV1J4vgVbO4JFzCpIhlKgjnBygGBgDg9u+BXrPiS0u44rHdaXEgAYnEMpUA8DgLyMYOc4/2eBmMNSv7eT0998ytrb3dlfRX3vvrubYqtVdKglF83JfrdO6b0S3dla+vz0PLJNKUMrBNykNkMOCT9BjqQTkcEngHpHb6cVZ1aParOcnAK4HXv3AwMYHBPTmuk8m5Lrts7pSCc7reVs5IXj5AvGegI5bpTjb3TumLa9Ub23AWs7J8uTvB27cYByFPGevGK29jd6JdtLNPSN79rbpX11sravh+sYiyXLLVrRJ+7a2/vemq36XbMf7DCI8CPhlJyy4BYc5PHT0HvnjvJHYRjGIwwZQcEAqTk4OODwRjPQ4PtWyttOynNrdHy84xbTY6jI+ZDjjqRgDrk5NO+zXOwBra6CkEHFvMCuWyesYJzk8d8jPpT9hbVpenLftbVPTTRrTfTUydXEXTUJ+attqlq7uzdrtK+ltEm7YL6cjDd5QCsGLMBhsD7pA4Ht/IZ4qFdMRsIqlmLEKQOgzk5OSR16DPXsK6n7PMFx9mutyqQ2LaYHgk/eKc9ScAH6rjlDb3CKpFrO4VWJIglyD6sdvzDBJYDpg9+KXsEneybt2V1az3V1dfOz1W6vtTrVlpabvte9/svvbZ2V0vxV8vTdKjUPFIFDDcFyN4Z2OSWLEE4zwTxk9W7+beK7ELrxQBQU8sEKuAMNg4A6kc8HcMA5xk17BDFclQ7WlySnz5EMwGT2JC7mH8vrtx5vrun313ru5LK6kctEVVYJCxCkE/Lt3Fcd8ewOSRXPXpxUU3pdrTWyta3W/le/46nbhKlaU2nBpKN72erstFbo21bXra9zsNP0vfbR4+dQkTHKBuWxkKc9Bz0PcEjcDjW/sqNRt+YpjcVblskAEbiRkAnBA4UcDI6XbKO7ht0VrC8XdEu4NaTAqRk8YHHX7wAAHOCSQL5iuZAjizvTvK5Js5cKAcYH7sZPH456EiumFOPLHbVKTeyvv8/zueTXjinOUlGo7vWyem21t7ejvqn1vzr6dEilShBX7mAMA8k9ePoP4epJzxWbTgcEKUVm4VQSOFyxJ4x1z3zzkdBXUPb3KOf8AQ70FTuybOc7s855Q8YAz0OTk5HBhZbg4Asb0OHL/APHpOELAHsyDOfpjr6YOzoQte6s99t3y2u+it0dtHo2jnj9cUl7tR+Vnqk1679La/fpzy6MZGVthz5g24O05+gzk9B04Bz0HPUWvhqLaA+/zAwbbgAMcZCgbQxx/F6nqCwqL+0LmBRv069YMwXixnBVlGcklcYwcgEjHQdKmHiCWNm32WoORt2g28wI/i4PljgdevTpngVEqbjZJK7fuuzWitZN303W1r3+a3j9a5leNRpu2vRq3S9mlo3pu2ru2uxNo5RBGoUsoDFdo3AAfewR1+oznkisy702IQsrouMFkLkhsjPHTtwwPP14OGHxRMTIBYXY+UAH7PKXHAHOB1PTGMY56HJyJfEczOyyWd8yqhAVraZs565bZ3yOcYyBgZ4rF0XZOWjb0VvNNq6TVnZX33adtDpi67aapzbVnpzNLZ2fVq/z6O255r4p0wSQXl18/yxY2YI6HAOR3O0H/AGgfxrG02xEtpbjbtZY9xGMlsksSxJ9xkZxx6E56XxHcvJbXpW3u1aSNQivBNt27hnGUI3YJClex9cYqaXZ3LWNs4tbwgptWT7PPktkkqcJyF5HA46cHmuZ0r1FZX92+qu1qtfwT07aLqepTnVhhU3Fxlz2e+rsrvTu+3XW9r2ovYlz8oUsSGIChSB6sBkZ9ApGPU0qafn5irEfMoyMkZPBPqcD72T3zkVvC0u4lw1jdk/3jazBiWU84MfPbgHj8DmeO2u1Gw2t1gZZWNpNkA5B6Ic5B6gYPbPSqjh9Nl2Wl/wCX030f39DNVarfwvy3X8vXr/knfS1+SksPk6chlyAMEAZ7YOT3689s81ILAEDcpCnnkEE5GeCw54OMdeei4rp106fcV+zXR43gG2mDEkHIX5NvTng8AcE9KjWxuFbDW05+T5VMEwK54B+4c9e3XHA6U3hr6KHVW08lvayW6s/P5FKtUT1UrK2z1vprte3Vevqc9HpqqxjK8AFgF5BPYnpuAzwCRge3NXFs0+XKhPlUhgMk9QAScn0yvHArfgspVLqYZjhD1hk3NwxIBKEgDHPrjggZqQaezSbjDMBswv7qUkDJHBKgnnqOg+tXGjFKzjFvRXau949Nm9f8vPN4qpe0k1a1nrFN+67Lp5WdnZ6dWYVtYB5AiRnPOSCSwAGeAeMHGNp+Y5GBzW4mnRpAzA5BJzkAEvyOGyMMMZxjPzdcE1q29q0aMJElA3hgxt5QxDZyCfLyQONuQTwfrViS1V4WO2YBWJ2iGTAyWJPCnkDq2DkHqd2SOhsmknZaJO9/detl1e/ra+iZk8XUTjyqXLo9U9H7q7Nu107X31tqmeNeJrVIkhIQgtOMnODjeNwxznb+pLDlTz6bHZoNPsw33miiIYDGNwzjcv3ThsEdMeprjfFMTEWyrHIAZi20wyAhSwGfuDnA6ZIyRjJ5PqVnBD9ht/MSZtsEJB8iYFflycArkgdCOcn8cvD0oqdZW1XIk+rdo3btdrrrfe+tkjbEVKzwlFtNtt6O/NdW0uuuqa/HzztO0yUkRkbcliSMEEEdjngtk8gDPGBgVffSGWRdowQBjfg9T1HIyD7nI/StWyQW0xIWYgJhVeKRQyYOSPlwpJ9zjr6rU012iygyQTEKpwpR8j2BCDIyRx0J6jjjtjSikm11/K3363V9bHiTnUcny05dO+m3k0t3677IwDpLyIyHJkLAhW4JAP8ACeT1OenQgEHmlbQpFdDKrOhXGBhgWxx6cZGMnqe2MVuxXSQyAeRMwJYjckgYAg5AbaMAZxxzz17iu2rFWVVtpuC7D922/B7ZK4x0G0jjPFLko6W5b2Tatfqt79XF9e3zIjLEt25J7rVpvs0mnq73110toUoNHZpAiDOcsdx528gEDIA9gecgY6gGwdDaQKqghmZsFgMYU5JBJ6enY4OPumnxausUi77e5bcWZsxSJg8jkhSCuAflIBOD1ya0o9ZglMbNHOu3OxWhlIAJGckJhiccfp7kaVOTjbpqla1tYu/RWb183sU3ioq3LN626pJPlutHotfJt7PRpZcWgMnyg/vmLIhPIbnjlQPlHAPbpzziquraG9q6SsXICDEm3KhuAR0wOTwMk45JHU9VBqdtuJWGVSGUqWhk4HXA+TIBH3QeQM9SMmpq98lxF5SJME2F1TyJCSFIJXdswGHzcYPTOMEVbpxUXZrXS2vS23ddX0/S6FbEOcFKlJ7WXK38Vlrrbu7p3vZ9Gl4b4qRVkCcFyg5VQen3snjcOQBkDB6kk5XS8N6fb3Fq6tECxKc4HLED5QOAvXdnOSOxBNQeJoJZZw8dtOVKEljDPkYI5J2EcDOD0zwRkcdJ4YiaKyjBhmJJjZWEUgJHHJJXleOMZPXJBwa81qMqtRNJKy1tbrHW9+nVW01VrbfT0HUdOne6TezvzW92y9Nev+QqaNETcZRhsIwMccHYueeq9OTznIYknO1/ZsFvGhMZZNgODxznjBC8Entg447njahge4MqNG3mSShflhlX5QoI3HHAGQT2JA45xV57BwY8xyOseQR5UigYPUbl69+vI6nmolBTs7JpaJ+Wmqata+lnaST6WPVSUYpOP3K2/S2jXTe73Rx0dlE5kbaVwx2qBlcg9SehHOenU5+uyLFBCCi5wqsAnC9AMkZOScc89exFaLaXMWBWKbgmRgI5O5woAC8gk8/QE4wRWiuny7ETyZAgGXZEkKngnIUrtDc4HGMjBzj5VKmrJXtda30W60t1Sv8A5dnUHe7aaa1b6W0bV2kle/RficfNBC4YKimVx8wwRj02tzwPunGck5ye81rZRgDKuAGCKXG5QQSpBBGSMZIzxnvxkdA+iFJGkkyySsG5jkB6nAHdQOBgewJzgi5pujyO+8xuIo5gzxsHJOM4IBGMDrkdf9oYrWNBOPMktLW96/3u2l29Hpd+VrRUqpSS0W+qs+sdbN6Wvo/kvLFl06KSV8g/IgbG0KrHjuATg+nAyK1rTS7ZUVihXcASMHAxlWBzkqOc9BknIycmuom0RRIzIJCTGHKmNlAfBZedu1dobuBnOeTjL4dOKRyZjY4C7lAJKnngAjIBBJ69cjPQVooJtRt1V103W+nRNNu70WvlKlG+9++qe+m6vprulvtbRnmXiO0ijhgZYmVWl5ULgFhjaQBkdcEDOMD5ehzwOiCKa/nhdGjRrnLMQQcZywz1/i59gST3r17xFZySrAqQzKUlZ9hRiMAnLKMHJH457kHmvKtNzFqtysiPAqzlmZopMAnO0YK9T83H97j1FEHyzire9Fu1o2T2aV0k7X66+bvqefiaanKUuZ6xV0lo0nF2bT0vfpol20v9ftbrc/C9YVZSqXJcKQcsAQdo6jPrgcZyD1zyn/DPXxHvvAer/FOy0i0fwXp7R/br2O9j+1QI5I3fZ96ybuOTt+bjnoa27u6Fv8LpCvmh0utuBjoducsQCAecZOMKcdq8usfHPiaDRtQ0ga1qsOgagY2uNHjvpU0652EcyRbvLZgCMAqMtjA6Y8jiqpj6LwEcFOMLQpyrOrGUlUpqynGPK42nJaKV01bVMvKaGFrKu8TGUvflyNe6r2jZv3dl1S++10ecCzs42llikEsJwGMuc4YDLYPOeMEYA/SvtH9mSKGPS/GIso1KDT5HaRuDjY5OfUDJAIyOSM7s4828ZaH8LL74daFr/gzUxaeJImWHxHot2QXllySZ7VQQSoGc9gB94c16b+zPOLKz8bLKqPG+nMABnABjO0HHOehPGARjCnr52UZvVxc5U3GcHHmhNTi46qzTWusW9LrfpotPWWEp4aceWKfNCEoSUk7KajZXbVt7NO2u9m2fI3jK+jg1u/iFmGSO8uGVgGXzEMjckY+7kHBJz8ueoFcbc6q42gW4DHLL85IAxjGQecc5HPp1AJ/QC21X4YaP4A8Z2/ivw/o2p+Ibu6nSxZmQapEshYReU44VFYgnAzz7Zr4bvptHhDlbURndKPs7KWeNSxKqGbgMgIHcHGCQcCihm+IxFbEUpUJ0406nIpNL3knvHSyV9L3/ABZzYvLMNCUKkZwcqnvNJaxasmnrJPuuV7dEtF61+z1C2peNl2tCv7pFKZyXMmVUDPBbI4UZzgYwcV6L8fPh9qV34n1fX7eZptOsobaCcxqGdHKKDGRlckHd1BGR9DXE/s4G1X4gWKIjLCZraV5FyhX98DtIJLDI4IJ7MQAcA+nfH3xZdQeKvEei2islrdajG6+W2ySTbEuM9imc9OxIxgEV01qtV0YKmuVufvN6JvV3tr1fLbbrudtOjh6eXvmhfVxXa9tXdLa6S6aq62Z4F4a0PwzeXNrol9O0FxqN3FbnUZR8tkshA8yVdx27cjv2yGxxXqOr/C2x+HniLRpbTV49eguZo3S4WIqp+cOEjIJDgHuMkZA4xXzdcc3VwzF4H3MzESHO9OQcj3xyCfXPWvS/DfjTV9V1LQNJ1C+e4ttMliSzRwHCIXA5f7zYyfmbJOcYUE1m/rDr0pqd6fuqUW1u+X4eqd9X1a7I48PPDyjKHskptp05W2aaunok291o327n0z8cZYF8D+ErqSIMxeUbNpyhIPA+9grzwRggfe7V8g/2hBFLIGlhDOvQjawByNrAtgEZAzyCcjB4r7R+M1tBceEdAhuZYzCZlHzHkRlC7beCVcEErgHnHOK+Xr3SfBkth5sNlem4VCjT+YOHznJzngYGAOoORmuvE1FSlFtN3imt3raPN7y8/v6aWJr4Z1JL32mknrfX4b3d/VWSel9r6cHY3sE2t2k8cXKzwqGLbvn3pt3cHg/eB4AAJHU4+0PizaQXnw48NLfXy2aXflhjt+RSoyGIwAchevfOcdAPjeGzt7PU7d4LkNCs9sdjYGGLjKscjJHRmwAWJOMGvr/47Xkf/CrfCUwWJWQW6ogQsCTECWAwAeSDxnuRkYqHJzpSaWraa6WUrO93tZKzVtX9xpSpOlBqTvpfbSzad/u02Wt1Y+WJfCfh3gr4mtkZ2G5ViyeoLYyM84HPfjBwQKdd+FdFtUjl/t+NyQrqEiyZQPm5ORxkAA4bK5zjArim1ufaYrf7PvDEszRYIVTnAOPyGc54zgnNm11y8vX2XT27COEqmFUGPjbuBAXuMHI6dsdFCGl1a9007Leyv2166bb6GXtI8zioytpZuPX3U1rK1972s1prqfe1pDpsXwjgu7mZUt57Vd8hQkmKJdhOwEkgKcdMbj3xXyxdWvwvkum8vVL9SELYSJkXewLMAcE4z0GefbFfR8wMnwHtoiVJFm435GME5IH17jn3ya+NX0meeZ/s21VVDhyyYBwQwwckeozzjnPWrcpTcUkpONm0+raV7X03e6d9vntiq8adOm5RdnFXWj3UXrru1q/L711CWXhO4vbJtK1O4mvVukItmTYGVGUhSwXk7SQCcjkd+n2Pr9/bN8G7iSaRo7cvHFcMsmXIG1QAcdfTHHTGBivh/wAOaRc6frNhe3bK8Iudm1WXkMepwMg9PzIByePujxBpRl+CV5AIkhjMytk8sq4U7scEjBGRjGABzuXLcYpVZTfLaHMl20g046aNtXdnZptt9TfA1lUhaKleS3vqrRjZ7d929H+XxJe2HgWUSyf2jeoxkyUAI25BxtAHIGVGTknjkZJODpiaVBrOm/Ybq4uDLcoh3LsPzHbgk8kEZ4OfyAx3MngdmjaWK6iZZscEAOQByQD93AHcYJHcmsuz8NW2mahp9yLktKl/CfLkRQNobn1zg9Occ9uteLKvTlJQjHdpu1m7uUeV3du7vba+rvoazp1Ity5eXa2utlJO97O/la70S839eXulI3wru5ZYnjjtpVgVicELgMMjJOct35OeSAefkya10MXG4tKoCkkgqAxPGemcZJ9DkevJ+59Tjju/hBcKk5XztQwdyADBRFJbHPzc4zyOm7rXwfP4USWaTbfFnV3G3cyDAJwQzcMASSMKM9ADitca4J0kly+5F23u1yq1lot20t72fRlU5TS95au7u1ZcqcXtaz6+iW1tCeGPTY7i0Nr5jEXsTSHPQCQrnA7Agjvt+bAwa++fF2i6JrHwVSbUA8dtDJb4UNtLMFUsQDwCc8Kc5PPvXwdpfhdLOe2lN4rSfbIQysSyqu5TwQcHkHnB4x24r9CPHGjve/AS5EVyq2sbWjOVHzFwi5VQDnGOcYHXrtwKeFSjSqyauuXVb3TtaV976XklfvsdsLOM7xTXKtLa2VrJLRX1blfro0rq3wxJ4c8KxSSOr3AXG1clAQqqMKAOM9eep5PY1Y8KR6ZY+MbCKxtzIGlXy3YjJyRg4OAQepAJb3Ga52Xw4qxOhvZ3OdycsMhgGYD5sgjAB/ung5xUnhA3MfirR4xvRY51wdvO1GAOSc5JwQxBO088VyxlSdRQctXKLTaVv70Xttq1fe1tUjnjJwnH921drdXT11T0SaW6Wu/ZXX3P8fJdCh0PwqmrqkQl04eWTGC4kMIOUJHGDyeOMYJ5r49ik8DzRvm5nMsYYL+6wBycEfKTuxxkYJ4HINfUf7SFpJrGjeCJHl8hILIJjaCWzAoJxjqM5HHGc8V8ZyeGDAPOj1BSFlLbdo/i9cjseGwx2knPTJ0rVqanGPMpRjHZaXcnCzT69+v466zdWbfLG9kru9k0+VXtfX5X9dWj2H4BtBD8RdNNj50sS34dWON5UsAq8Acr1PYdcDqfe/2idcjg+I18rhnIsbZpRNGGwfJTaEPHAGANoP64Pg37PMEtv8QLBGlWTN8qAjaMl2BUjHQggAnI9Pmr2L9qLw3qDeP9SKTs4azs2EnmBAgaNQEwOo+9xk4xjgYrCcKU6Upyk1rGy3tayVm/O/TRb7I0o+0VO3K3aSb376Was2mnqt/R3Pl3WNbtHM2bWNk37kJhHLZxjIBIUHtwcj73Y/Rv7NcsDDxA3k+VbGEzSnbt3OULLn/ZL8Y7jGTtwK+XNX8PaxF5YMsflGMZ3SDDHII4HY9eMjv14r6X/Z4tr20bWrOaRWe7tW6MpUBIs5U8gkY28nAyBu9McMoOfLfm311WqT5dN7O+q6X3HJyUk2rWbvstlt53ulvf70z5m8ZzSHxZr7pakRnVbvawGdqiVsFePusAGBwQeCMcleetZro3Eedw3MSqvnIIGOeO3uD0wSDxXuusWV4NWvY1tYZv9NuWZ5NjE7XdSDkYycZyQMY+9nGOavLWQOpltljlVW2BFQgkdCQqgFcdwQAazklrpZqVutrtq9non0vZ3v6ilB+7K1rtWVmtW1e+yWnTrfS50ejCX7XpPkMhcpbq235sM0q7+/XaV6YPXJAr+ln4bn7P4O8IzK5ZoPB2irswxIb7LGp8vB5bqenfpjNfzQ6AzRzaSzsVYuC+4gNGqyqcgnHcHkgYzk+p/o1+E+oeJtP8P+DYYfDz6roWpeFtFni1szZeFhbqJIwhHG08DBOeSRxmvKzRqGHjPljLVNX1SfKraauzk1eVmvPW59Zww37ad3JNxi7K1ndJNPZ2u9nfVq7Sdj5p8d3nxOb4n6l9nm1ZLNdQsG0uCO3YyzTPMBAlupBLszgbQFblsdMgew/EPUf2j9K13TdM+JFt4x0OG6TT7yw03XjPaJeWvlAx3UUR2+Ym0jhRwpXPfFjx/wCNtT0L4u2mu6Rp895feHJdL1G3s7qFWsvtdnNHNEssYGJY22DMe1jyq/MOD6b+0F+2F8Sf2pPG/hfV/iX4QttHu/CllFpGkw6XpUthbzW6RRr57Bo0EwbauCC2znHPTxXiqrr06fsEoTp3k1KKu7RaXLu0t766XPo5znCvy06ykpVGpRlpJWcdY2cvd11vdNq1zjPEMOo2vhS6v4zKl3NbwyhYWcuXIG8jnOWJyCB3468/JNv4p+I1z4kTTY5dZW1mvhG2+NyixEHLbgBjHI5OSMHOSQ32jrN5qkehmV7WSOG3097kA8AbAGCgkAgcFgWHGM1866N8YobjULqwu7CKD7OjTtdRRxzuoUlQWKAMHIyWJPGO4yK6KErN2w6l2vs2+VuNlr96sreQsfC7hevOimlypLRv3W+ZvVXT0fm9WzqPAes+N73xDr2j+ITO+lW9iosFuUA81gepO4ZAz0APu3Bz+xvww8c+FdE8B+GNN1y0M0qWMMLhNOkngdJAwzJIo2nac/ePGBnaK/HPwx40g8V+I7/T4LWcPp9kXadMo8yNtwWJOQDng4OcMMDHH7T/AAg8EeK9V+Gnhtk1PwhFp1zb2zCDUTC1/HGAxIfcQ54OOSDnv8tdMZ04STqU7XasktkktHD3W1qtU7eTWhOGp1JU7Qq+0tqpTafw2STu+a2qs9V37Lj9e+LXhCzuv7OlsohbhrlbRxbyGOP+JUZM4DE/wk8fewAcHp/APjHwx4zkvIodPttOW3sPMkvRZsI7woSUXB3cuAQcBh93JyRXpV78A9P1GL7QL7wus6NJJKw8qZW3DaSAHBByRjGCMADGaxvBvwji8D3GpSPrttqS6kp+zW8McawW5Ri3lZJxgDjOegJOcHKq1qLpzjGHNLXkfM2rNxunflduism1fdaHsYTDyjVpynGHJdOUbt81uRNbRun5WautWddbeK7S20u1SaKCQRuba2aOAMFjUbfmUgAYBJHOM++Qe6sPElhJY2jy6VNPA/EUxhLrGyEFiFQZA44O4HJ5zjny24gtrnz4JC9r9naR1ZUUIWVV5U8K3IOSpyenOCR7n8PYpF8Nafb211ayI4mDtNGrYdj0CsN2Tx8x5HIy3fyaanVnFubVOLtKzd21a7km23raOuqsnfQ+mniKGHo8sMPTm3Peyb1te6u5NLSNt07dVYoR61p+s6gluyavBFDLHsjt96gOvCONykx/MBwfbAHBO5efEK4sppbM6prl6uloEu4pHaRYLbJOG9VAGGz8w9MVtW+lyWLXFyktpdAzKXVY498YVdzZPVMHJAy3GMkrxXFxeENK8T6pq2tR6pLYTzkQS2SZW3ujFncs4BIOAMnBxkjkcEZYrEYnBx/2ZOpOU4vklJxag5Lm5XdqTXVNpNX6mOFw2W4+q1jaUaNLkuvZpKXPzJJa2evbfyufE/7VP7Q3hnxT4F1rwjpNjdLdzXEby35d1iWK1lG5WUfLucg/L1Bxivg/Q/El7aaFbR2mj2V6kygJM7hZMZzyRg4bjPOOufSvbfjbpel6S/jXw89zao1vqkxM0ceOXbcIo2PYZ+7nHU968q8G3Gi6Ro8Zubb+0I3t2/fiMnY6nOB3G3OB3IAPAznlp4meLTlVdpvmg1ayjeyaaXTf3raX1a1tjUweDwT9jRnKMHJyjd/zJJKS6Ls+Va2bufOvxz+K0lhq9tYf8I99nv7TT4ZcPOTaNwuQY+C2P7uRnqM815X4d8Yalqmm219MttbwTTXoFrGmBuEb4KkgY4I4CnnHXIA9V+NfiHwPB4hF3q+iLeXE1jCYlaUB0i3KoBj+8exJPUnA6sR5dY6xoeoW9pZaVpbWbPNcG2RI2ZI2aFsF2KgAgH34yD7+zQg1RThCy0s3bflsr62XNdbWT6KzPn66csRJ+1Uk38NrXk0rXXnfdKzaS3Z9U/s5uzaatywIx57GM9vnODzyRt688Yxkmvp+afexkyFQKVPzZB4P3lJ454zjJ55AXFfL37PC3UWkzxXGRJC0qqOMlfPO5iDxxtPH97nPY/TkvlSABQSSQAyrjHy7QejHpnaOenQDNeJiWqdabejUruPVy0ts+lrNu67bnvYaMlhaSdtFftq1HRvTZt39fmq6t5m1hIMkkAKQMkdhkkDIwByOAVPNfBXxJ+I/jTQ9f8Q6dYaYlxpSTTrMzRM4C9cyP05HPzY474yD9/vZrAismCr5X5iNwBGW43ZU7uBgjPBIPBHwh8Qfil4d0zWPFGhaxoKM7tNGtyrfvLjY5RWcAEhCSx3DnIJAwCK9DLHGdWzipe6u102ujTVuZO2rs07N3PNzKpakvf5HZu+9r2urvRp7W0Wq0ueI+FfiBeavr+nW13Z6fZgiZjNbwYlIAZtjMuTvbhcZyAMnqQfSY/jP4g8NXt4DoOnvAAgsZDbHzDIQQrMy8DGeSSTn1AzXnPh3xt4Rm1S2Sw8PxWkrQyhbzfuRSAfnGc5PTDdjzyTmvUU+K/gGMWceoaPLcmKUI8rwozblP31JX5unA78dAa+gqRi5puin+7hZu9o25dHdpNq+qil6vU+chzKm+Wq0/dd+V8v2Lq91qru3KraJXdnfufhv8VvE/j7xBBp+v6TZ2C2tyt009vCyyyQmRRGN75BYBhjIOTg99x+opPiJrmneLrHwEmmxv4cnilun1aSEvMrGMuFMi4x8wCk/7YC8YNfPfhf4geEPEusWum6FpctleyzQYlWNITJGpABMiqpCggcAgcH8fc5viTaeEvFo+HF74fS9u72zF6NbTbNLaw3ODnBBfAAK8FcH2rirK1b+E5rlSbejduT927N/E9G7ptXbvqzrpuPsbyqOT0XOo3Um3G1NrRapWv5NPXU+Efib8UvEsWu65Bc6VYR26a3LbwRSwGMzQRy4jl2+rLyrHkkjPJNeu/BuW41fULjWRbRqsVss8aRkCOOeKFmaPZnB5GOAuPoCa4T41+I/CsPi66nNot3JDfrbzJcW53IIshgAMBi3Bz2OfmJI29J8GPE9jf313Np9vKmkRpcvMsabPLIUqyYJPyYyTn6c1pi4J4bWhL7Ccerk+XXf4U3q1e1ovW5jgU/rabmleztZXls09HblV2tOiW2lvS/F/wC0b4s8MWmhC107SWmvnmgmtpo2Zo4YZ1iRlDfxyAk5Hpwrcke0/FH4ha74d8PeANY0YWR1DWJbFLuORMhI7zyzKiDIUBQ2AMZ4467q8t8Uav8ACvTLnQ7fXPDy6hNNp4uLVxCWeBZJAwZmyAWDHJ6gcAEdB7J8UdR8H6T4W8D6jrugT3thqt1pkGjCOQRtA+AITIueegyACCFGeTivGnSpN4a9JxbUm5W00UW2rXe1n81c9aEqtqjdRSUWldrRLlWr1u7331TdtL7eRftOeLbyC70KaCMT3jaLE8haIkb3iRm8v5snaWwCB8oJwMc15XdfFvXfA3h7wld6f4ak1y+1+1k89RuYW4UKuDtBKgDOMgdTgkALW9+1LdPpt14U1GKFm36O8pt928IFjDJG/YBUxuBIPvyTUXgr4qaHoWi+CNN1Tw8tzqHiKwne1YiOU26IuWxvQhCeyjHTJA5xsoJUqbhT5pNu6ejV+TTTZvSL9b+mMKlqlS6VOMUuVxvZXUNbpdb8u73u9bFS8+K3iKTxL4d8K6n4VNpbeIxYypeRs2bUOcyGRimAASS2cED0IFfjp+0xYwXP7Rnj3TpV2x/2qqSSbsttREIxuJABHQrgj15r9qJfih4e8Y6smm22lyQ3VnqFnBHcvAMxyCUr5ayBQyKTxwduPu1+P37Rlrb/APDSnjR2YRW4vQJ2dSXDCFVbPOBkgc8/lXu5LFxqy5YKk/ZpWcrpu/W7vulta17PufOcTOMsLSaqqa543s7W2vuterfTd6Na8NqXw+tG0v7PYSiGOGKK482Z1cPuALDH8IGcbc8cZ5xjCb4d6ncQu+nmC8WARo7p8uNxA46joOW5+XJxjFeganNKkNsixMbZrdUaTd8su47EyBgY5BPQnOBlsivQfAmoWcOkaxZtGuGlgVmZQSobPRicqA2cEEEDJHrX0dKpWnOScttLWtp7topO2nRvpe77v4v2cKdOUnqmru+uj5bJPTrf5au12fP3iHw9q3heysrW4gdL2RI2imhBkBVm3hSQSCQMcdMjOR0rnYbLXJCWFrNNOZERZponAwzA4+bg5JwOOpHHAr7R1TSLXXNZ0GIQBltrR5cEgh/LUMMhgc5weSWGCM+2frOm26wRPNbRq6zKqJEqqGAmGGwAPmPQsTjp8xPNZvEVKcZwdkrPls+um+luZaJNq71tpoTGGGc4SUb8zT1en2fPe+22mhzfgPQHsNF1w30CpeqLYvFGAFLPGHHIGCWBHHUE4Oa+F/HYeLxhrEbI0Ja8b5gpI+ducjORuA7gnqBniv0q0u1YaH4wu9pDQXll5YAJYqIVIAx15yCM5JIPpj899ciF/wCPX8/gXmqrD86naRvKnfnpgYxkdOR/dryY1WqlebbTScr2tdJu1+z7av0ex9TiqVNYbDRjpFpaaPmV9pXa1ut+qPSvhTpehWfivw3fx3chuYwzlDgSNI0ZDKABwpY9Mg5557cZfDTtS8d+IIrm7mtfN1q8DEAlRukbCoTnaxb0HuAcnP2L4V+CumWTaZ4oFzclYbhDKI4cxtI6cGFgBlN3G045weTivm68+Hzat4t8Sw2k0jXP9t3DW8SxfvZWkmc7SDtbgZzkcHOAOKxoY+NbD1qiqNOE7La/uqOlteqfTVXs9LhWw8aU6MOWKvGLtuntbyvvrol8lf3PwT4a0nQdC1kQ6m7yXnh3UGkiuVDCNfJdgy4HAcc7iepPNfB1/cOmoRRhWZF3BJgPvKGIODjnIxjOTjHBJBr9LvD/AIAtvD3g7U7rUbq4l1u48MahbiG6RzBAFUjIYnjABGMjJwOARX536j4N1tj50VzCsUiOELFQWYMQNnUqMA5IUn1Pca4TGxnT96pdyas5bOPLHRro/PTS7e7vnWw0k7wirtRa0W1oWTV9l52sn3vb6Y/Z6mtBP4wtnby93hLUHLgZZv3Dthj2z3YkYJyeBk/MMupRzTzQrCrNC8qQsqnhDKw5YNhu2GwA3I6EGvp39m/Q72xu/Fq6iI7qdvCOp4ZpcEK0DlVbAIIOFweR93npXzTcaJfLO6RCNfMknkRsqrgCV225zzgY69+feu2nOPvS5rxfpa1krWdtdU7/AOenPKM7wXIr7NOytto3bVu+lrrvrqfU3wtvsfCf4hSlXZI7eJJlI4O3IbHT1x0wQcHLYr5juri0url4zhpSV8gKAAufuruJ5I4ywHtuxivp/wCG2jaj/wAKa+IqSRRrC+npIJjKNzELzkbQWJwAM8ZPUgYPybp2g6tdXEFxFaxnyXUInmZMuScOw3LkBdrHqOOp5zdNxjzNtWaeru7NWdo27LVaWbVnfUylzudOC1t3+09O/dO9rWv07/W+nG0T9mnVoi00hi8QhZ4mX5N5JIL5ABC8gc+g+9jPz94ZtvD8l232x1MTON5iQkhSuSVOTt53Zbg55IBNfQl2JLf9mjxJbpbsk/8AbitdMnKI+7C/MQGx1yAeDjJyOPlDQpZhBCkaMHdJFaRWDMRgZPpgDB9sZwN1c9D2k3O07JTbTV9LKOm++qvtez3OnEOMXTcrOSgr2bvdcq0t1tbyvotz7V+NNjplp+z98PrjR5/syQalOLUYwz+YVDl+OxIwTxyQMH5q+L7bUtTktrlPPQrHGd7sfnY54KnOSP8AeGOp5Jr6n+LCmP8AZq+Gy4a5kXVLppCzjhS/A29cgnv06YGDXxZAZ4LW5CxBUuASCztwFYEj/ZA7AjsB6Cu2FNxer1Vno7vVRvZvW7sorX3dFdnn1ZJtctvh1aS30VktLt7ad9b3Z9ifFW9uNM+CfwuuLKae3eaFnuJ7d/L55DAFTkjB6YHXI9a+edN8YXieTLJr2oO5KIi+a6lCWUbWDHcA24Z4J5x3r2v4zGWT4EfCMLJ+7e1cyc8ocYx3xjPoMjaSDt2j5D0rS5pdQTBZovOUjD8n51wF+nUDIPCgjIFaV6UXNPktdQvorbJa73W3pu07NrGFafNGKTsrKy23Wqavpp0Ta010Z9z/ALROvQ2vhn4Pyywo8smhFpN/70TFk+9gY+Zj83IxnA+bPPi2g61ZXZtjb26NMjp5qPGg2guMhSAAMe5zjgEZyfSP2i7drjwv8HhDC37rQFVix4BVMEZOfmVhg9ORgY7eFeEPDurT34KSvDHK27JYDcoYHYqkDIJGDyffsa0oqPtLaKzSXZOys7d3otG31drabTk3J2S5Y2s7Wdvdet7Ppbq73dt2/qn40JpH2rwMdaRXjn8NwPjZkIvQbMcAZGSc9S2Qeq8FpOi+FrhRcWumxT7iqoq5BUKwxIUJJLDaM9D9c83f2h3lhk8AwCOWSWLwnDFNM75KgbskH7pIOfU5YjqawPAV/HNp0VnAwS6j2P5hVgxUkZ3NuKseny4AODk85O1FQ1i221zWcW7va8Xqm9+llfu7ozlL3lZ2V+bt/KrO2t731vbXbqdL+0G9pD4i8JIYQAvhWzjkjdcsE3YVUzgBcZHA4BxkkcO+EltYDxhoE1sHine/tYiAgVY1LrghSMYDHHJUEHI5xlP2jMWfjDwnLNNFIP8AhE7FnZlLBRuyMjjk4LE4xu44zWX8JtdgXxnpMsMayedf2UMTqpG1vOTLFMcAgAhhn26cmGlGNCcUndNppJO1lfTlu3dWXqKsm6kZLVJxerd1orO6bUrp2s736u9r+nfEPw5aX/xv8U2d3dxuRDbn94FKyu0ShVYkgMFJzgHG0YHGMd18PPCFnpfjLSJYksmvIbtBP9mRTIseMAjaWK8Zzww+U5APNfOH7RerXOmfF7xBcxXLpNGLSYMjmPP7pdq8ctg843Hjng1v/sx+J7rVvidYPeXs7yXUwRklkZ4wqLlQuSRyAADzk9cgrXDKNSTVRycYwt+7sno1F2bd/tb3tr269NKtCK9nyvnctJLdaRba3vbS+j67XssD4zSWmmfFXxfcLAFJv12xugcsdjfMBnk574yD93PSvav2YLg3vjJWt2TfJpN874QA48lx5bE91zjqR179fHfjQq3PxR8ZTSSxuj6hsB2ZZWIbCjjgYOTkDbnBxyB7p+yGkNr4wMMs0TyPpd6wbaPkQxSZx8uOec5HTpW12qXMoSd4ptRT1a5FZW0s0+mq69TSNSM4uPM07W5mnF6OEb3Xe949Hru1Z/J+sSW48c66t5JGiR6/qXzOikNKs74D4GABnAxyPvcnIr6a+BN7aXfjm2jtZLUTy6NqaSTwxqsn+ocqCABuB5AOTu3YIOM18k+OXX/hNvF6RzIQPEmpBCFJbYZ3yUx8uW6AMODjgngfQv7LctpH47tYVJeZ9H1QiSUbXUi3kORkAlckDGBwScjaCMXVfLGLhJpyTdm+rjZNbpt72eifQikk7tSV07NptO9423euuz08tDz/AMPRWyeI/FvmSo8y6tfqDJGu4r5zB2BycEnDYyMDvkYr6f8AgXBbX/ijVUtoImkj8OagC5UJJhbaXk/3ucA4yWJ4OSRXyHbXcv8Awk/i6IGN5H1q/fchClV8987ei5+bnncR0yBz9d/sxukfiLWY3lVn/wCEa1F9wHzOTCxIGeCVzt68/TGNeZexfMmmt000370dLapt36dk/NlLm50ufRtqTu1s1ve61e3RXbTvt8Z3Tx2euaokkCSMuqXsjjyskr5zhkBIyOc4IHA5yQMj6L+AtylzJ4+W1t1jX/hDb6YozlCpjixjPJOTzleAR24x4fqdoh1fWJfM+VtTvlZnXBTMzDjPIZjkg8jqe5r3H9nm1VF+IJljLyHwfqRD5bPlmMFRjHOBjHQAgZyeVykpWTSstLuyb6bNLbXW63T6l0pXqSi9t9bO9rJbaa6N6dL3PkoeKVe9e2lt4gLaaYB1tySSZTlWPUnPU8Bjk4zzX1H8H5IpvBvxXnC+Qp8OGWZRHlZI9vyhDnchbJBHHBGQcAV8/PoFqb6S8VJFWSV42wvAYTNuxwejEkHuSevNfS/wrsJrbwb8X4ohkSeGSFyVYKWj4cjAyRwcADpgDpWNRTSa5Xulpo7NpX/u6dkvPrbohGMuZJrutW3orp2i1ul1SWut9T4lu9S0d8JIYFnGcoI8YIY4cjAyV43DqeCOvP1r8HmtW+FnxS8uKRrdvDksjSQxspklZcKzAY+UYDEY2nAwACTXxjJ4WvZ5XuFZCfMKscrkkSHqc9BkYIOFGOOa+5vgzp9xY/Bn4rN5qi5fRDCsRKlNu3llXHTGMn1GcdDVU1KHvOMlHS/M/NWezvf7r7GajGo5x5krxunaztdb73Vuul2uh8I6XMUvkCK8jmQCLbGSwBYrtypztUAAjgkgjkHJ+xvhGALL4nhmbzf+EMud6FRv4tySOcZAwODnJIBbK8fPXh3SNUmWaS2SxYh1ZZ5FHmKyDeVQ4JCkrtIXgkhsg5r6T+BWi6rqVv8AFLUbmK3KQ+DtRjuZUcq/mLEQCAQVIHHfGfUGuesq0qclZqDV923ut9E7q/l5WuaYSNKMrXvOV7Xu76Wv3vrr1trc+MdPt3N9EyqCscy715BLeeuP9kN05wfQbSa/Qz9ua3ml+HP7O80bKM+FkD28fBDfZh875wdowDnGSPQnj4l8OTG3Z7KK3tri4nuhKssvzOgW5xt5zjjk4xkEenP6TftgeCdW8WeGf2dNPtIoV83w1BFLJGrMI99qpclEwcc4xtIGPl5znnhTniKlPC06bqV6zjGhCP2p83wptLdWa6WfkdE54fBwq43E1o0sJQp1KlepU0jTjFKV3NuygrNvmXw3Te5+QsMEkZWTJYkNhCm7jJHTHPIAOOOOnNa1tD51zC20MSmfKAYZAGWY5YkBQMdckdCBgn9NtY/4J2fErwD8BLn4+eJPsv8AZMk4g07SdPia8uri2uGPl3MsSfNAwBDkMMAMSQM8/Gum+BNQgvrebVtDvLC1msLiS3uZI3DOSGMbBOQEbgMw6Y45Ga9zh3KaGaZnicsrzjTxWDly4mjzL2lOp7vuzerV9W+m68jNYqhjMFQzLLsRRxeBxMebD16NRShUi5RTfMt+a176PokeQ2NvMGuJ4ImlSNmaTAKGJVyAQRj7xXgAkEk/LggnP1DU38wB445MRkBsYZVKnHAPXqcDryAehrspJ5beK9sbcYIWaMuAAHQSN8pbHJUdDggjoTkGvM77zGPzfK33B0yVzg7iN3UgAHI5yPmPFeXxBg6GCxk6GHbag+WV7WUk4qz3d/npsnsdOHqScU5NKSs2un2bXvt36K27WqKqlWmjbMihmc4Xjkk8AA8deOmCB36EzbfMDE4IIjBbGRkA4HJXBAHTPcYzmqzSZeLnMmSuenHIJHPPQDI6HsO8k3JBfcQy7Xb3zx6YAwOD6Z714Cu0k0m+m6Wqim9PXbtpdJHY5xTsmklvvpdJW0vdbK/S8U76om0rLzxqSgXzQe43BTkDO05C8ZAIHPIOa/VD4F/s/wCi/GPVvDVtrrzR276KrwrbMRIfK+TeWAGwkg89uMk5Jr8rtLRHurbAO0yYYEgAjdyQSOvUY65IzzX7xfsWXIg1vwOqIYlm0CePzmGFc+YTjJyCSRgjqSw3cYA/M/FTOMfkXCWNxuX1XRxUKcnTkknZxgm7JqVrpPfbps0/p+EMJh8dmlOnXipU3GKkm9G+aOkb72vrbd231PdrH/gm94Sv7W9WDWNSRrexF0ka38qlY41zJkqQCxVSFAAGcckZNflB8ZvCNt8LPFdzomnXV9dwG8uba3aS6mEkawyGLDEN8zYOS4ORtB9q/qc8IPC8viRLk+WsXhi6MbDAYkW7H5QTxkgsBwTjKnBwP5mv2shcy/Em/SK2861tZruWKYkKxeS53Mcd+eMYJHPXGa/CvAzjXiDijOsxw2c4t4qnQpxnTjKMUotODbVknq5Na323STR97xtlWEy/BUpYWn7JylGN4tvVpOSdruyWz1103uzwPQ559Ui1OzZrqV7OSNpJTNLlY+DsUbxwScsfTopzga0OkzXLTrIL1Yo8CLZNMAFY8FiX2jd3+6R7dq/w806/g1TUEki3tfJE4RyXbYWGCOoC85JOOh7k17LHZNDc6rbPhBDb7wCmFDKAyoOM5UDGcdTg8YNf17RwVPEUG+RRaS2Wrsr63t9m19H+R+O1cXVo1owVSTV0lZ6qTdlrfW6Svq972szkvB/g7Ub/AFqwgjvJ3ik1SzgMH2qflZJk3Nkyk42lgScAgjHfH9IH7Lf7Efwe+IF5JpnjPSQGi0ywunaC6lZ3DRK8pJ3nLyAfgw3A44P4MfDVPs2tWNxcPFHHd3luTOQT5WJl+fA+7gAE/dyDxjv+png79tH4ofBvxLrMHhjSNL1fRLXT7W3Oo3aEyMoiUKQ4ZipHAUEksNwORgV/KvjllOfY6phMJkOIq4WrCMqsnCt7CMkr2i5JaSldW1b0b7M/XOC8XSpYWvUxCi3Ujy03NKfK3Fvm1WnR3aumnZLr6T/wVj/Ys+An7P3wa8IeL/hhZappfiHVddjtbhpL6aRJbGXO5Nm4bWXHU4PIOcnj8CdI+0GGZnubzMZVY0N5INwY43EeZ97OeOoHcZIr9Yv2zP2vfHP7Tfwt8N+HvEul2VlHo2oHUIbq0wz3kyZCwlSCV4JU4GACM8cj8oYrG6iv4YZYpoWeVgYgrKGU7Tk5HGMkDI784HFep4R4DNMBw7DCZ7VnVxscTUk51K0q8lCUouC9pLmukvs3sr2bXTnzqup1YSptStBczp2Sbskm1bTbay3a168T4hfVbO98uDULkBmMrhLqYAxgjjHmfLtwQcdwcZ4Jz7K/1qYXE0OpakghXJZb6cGMj5cZLZ2/Kef8eep8cWUsGrW8kMeyOeJeSMfKBhj1556E4zgZyc4i8LWcb6X4h+ZHYQSMHP3+F6Ajvngj0GR3x+2RwtNxWyXLF7R1ty2a7+nl2R8w6r5no3Z2u5O1tLW11V+q2aaWupk2mp6pcs+7VdSIjjPmN9vnYnOM4Jl7fKcEDPIPcmodc1W3uLg/2rqRRAuFF/cbiMEBSwkHzDnOCR2wOoq6eoSKRk+RyhUjBXzCScvnkkHvkDOSR15565LJJPuYF3kVCckMN2Ao+bjPUHk9OSRipeHhFvTu7pJbactnpdPRebtpoR7WW6lJJappu2iTtrs+lm77X1d31qa7rCfvl1XUvLfI2m/uBt4ONv73apI44HzDHTpU0OsawymRdT1Fgclk+2zkFV5cHL5XGMdwTgAZzXN26mLyYZgCSMhc/PgkYwQCCMH5io77eua0lkk8t4UAQoGLMq4IDAED3zgZzySOSDwNadCDu3FaW6JtNWu+n/A7aERqyctZNO+ybbuu76Xju2nta3UnuPEGpKjSQ6hfl2dUAa6mLDsSCZMk9MDgnGQDg1u+H9P1fVYZrtZNQu1ijcuVlkldGJb5sknHAyB7ce3Htb7bRCoLs8hYtjGMHLEE4OMjqDknHIOQfqz4J2cS+Gr8TsIhKVkM4XeQ5YExk9QMckn1PHWsMTSpwgpJNWcbWV0tVayvo9ErXfRXVrnbh5Oco3k46J2+LVtNO7d9m+u9lZI800Lw7rVytyZ9PnfTrXZ501wrD5y+7y5N4IAb0zg5PRa9O8HXHgi10/V9M1/RbZ9WeQvbu8Al2xqSBGDjCjA7AfKMn7uK9z1aWy02x1nSbG9tblb3+yrlUVAZJX/deaduMhQdwOFGWB5Izn518QxWsOt3lyZIYo5kZGA+XcypnBOSQBt65x9eKxlThUSS5o3UW2kls3HR7WslZaWT6a37qT95Rm3JNyim0ns7O2qTSSTi3tfQg8e6Z4HurSXVtDsLPT2tYYo50UhleQMC7IvHLYB474Ax0OfpqeELbT7L/Q4LuZyJJUuEAmVWjyxY913fMvHHy+ua5q6aG/0m9solSCNyJUkJ3CRw5AUEAEhvUscjJA713Hh7whbafBDd6rIpnu7BlhiJ8yAIU+Uls4DFTkkYbnp1rKhF875I1JbRbb1eq2uvPTRb2vrc6nQwcVGVSvy3mmrO0V7z0Xk1azstPmcHY6d4e1KLUJvKCzw6j5YSIgLDbyvtG09GY5AwBgYBPQV3l14B8OxQXM9ks0v2az85XLEBZGXcd+0DA4445wSBgFR5ZDJFa6rLGECWj6kEk2OCXRWC/Ko6ggNgHGTjr1r2eXUoHtrtLacQwyWxhEZGJHYL93BA4AGd2DjkZGDt9ChSlO65XeUl7ut1qrpXs19jrfR22OHFxwqqx5K19Er8y1Tdra9Lcru3fS/RHWaZ4E0278JabqXyuDbzvIjLtyyIzYyOvGQCSQeuAeB5N4QTwt5uqQ6vbmQxTyJF8rlVRZCNqjPLAdCpwMdeMV7d4d1/TV8FWultOgvoobgCLB3PuDAEcYDY68YwOFAJFeIWng/WbfVWuCn+hTsblsOm5kd97joSccKoH94deTXPjcFUbg3FqWibju7KMVdLs7t366q97u6GJoUn8T2SfVKVlGyvZ2WjfW1rX1S6y88M+GpbW8utLjmMVsFlJYncQw6OeD3wAOo43HHEfgyLRhe3hvApLKiQrIMosbkAgAMMMASc5DDoevE00FxFb36WcbQw3cnknLblwg+bIz064BODkA4BrnJtIlR41jaVpnjjwFJCMOMHcpBOCCckZC+pznxMRhJ3vaS9NbJNPR6aPS1lt9x6NLHYZzV6qV2mvea0T0V7XtZpp6vornp+o+DNIW0v2sZlHl3EZExC7GjlAxsOcYXOAMZ4/Gua1bwhFY2MV1BcyXUYn2uFAI3Y3EqwJJGDkYHf6guVNSihmilEs0aRxqbbzSRvAAUnBP3SM9wQcEnAFXprm7lsorQQSQeXLu8vdkyAj753DgleTyemB2rhr0pKSShJ/FZ7WV1ZJpW0TXxO/daHWsRhXdupHVNJOTctGnZJaW6Nt6pNabDPCPh2TxFe2NkZQhvryGwiO07kkuXWNXI44jOWGeCxCnivcfFXwM1bwV8RdM8Bi7TU7++t9Pez2xgGSXUTGYI3w3BBYYycZznuK878GzR6Hrei3uRGlrfWd5N52RxDPGXIGT0Vif4SQCFJIr65/aM8f6Vr3xc8LeO/CrwTWumeGtCl3xN5RGoWCI43EYZmV1xgnIAIIOTjzs0oYh5ViZYGCljvZtUIzuoOpGD5G7fZ5lG7tfz1JweIoxx1KNSqvq+0rSvZOVNpq2tktXtZ6bI+jNc/4Jc/HPw7F4YudQn8OyL4lsEu7eA3cMTxTywCWC1c7gDMynBA5DDbtGRXyfZ/A3XofEfifwze2bx634Rlu4NUhSRdsLWwOVRgSrDjjHDDnI6j3Xxv/wAFA/jP8Q7PQlvrlQvhwWn9lG3d7b7PJbxiLzGOf3rMg54IJHTJJHlHw++LWtaZ4o8W+LdatU1m48SGZtQDzEySXE0bbXJ74JG4ZJJxwOtfk3A+G8Qa1XFy4to4KnRcv9lVHWoveSlzyguXlW8Wtfe1Z9disTklKjTlRxSrV3N87p86jytpx0krppWWjaunbU8D1Gwjs9UW0mDFkxGxBIYFpChDYwVIIPVic45Nad5p1vbbpI/MPlmJQTkgBsZAHTJGSOuM5x6c54n1l5PEF1eNaGFtQu1ljhZ/mgjadzsAGcjGAOOMepAGtqk9yljM0UbtM/ksAEcj5sAFWG4DBJJCnPXuQa+8lRg5OCjpFptJXV3ZWffa/fWz8vLWJpKWk0+bVK+vKrpLrrs/uTejth3symYqyopIGxCdpBDYxgYXGADgZ9OB02oX8m3ctsPl+W+AAeoDDAPOPYHknng1yM1tf3d9atDbyzlYiHKJgArliGGM4ByMdTxjjJrqJY5irslrOSqwhozGwViMZAKg5PcE8ALzwfl5qmH5VpTsl178v4Pl93RdmuhpDE2b1su6er3ae6V46NpXXVK10t/wkyy+K/D00kEj20+pQ+ZHkMv3hkBSCvze5x9a+67b4a2fjLw9BZztHZWH9py3lzcwoq34jaUxrGxAyyrxweBjg8A18J+GYrweItEkgt7jEeo27mPaQAeMjJ4yR1+YY5wcc1+ovw10gzWrS3UQCzW8hS3SQ4BV94LA56E4I9iwBJNellGW08ZiYwqJ2WrTStduPraMrW7rZrdix+YLC4VzhN8zik3fTXl1Tu7JtX7/AKfF3xp8HaF8IfG3gq60vzJIZRHf3wn+dpkik2h1HG0yRgE8jn1UZry74reKNE8WXH27R7WRIonV3MhVHkZxyoCqpOM4zgBQOQckV7b+19b3I8Y+HknyAdIRYE6lVVuh5bpkLu6kdfQ/LsUBOnzSyBFMUgUJsGFAG0YGec8Zx+IFcucxhhcRisNGMYxvG1opPRReiS8k+9vuOnL5yxNKjXbk3KF+Zvf1SSu1pJdVbucR4dmSOe8XaV3GUFhkkFlOFGOmTyeSR6DOB+5f7COpA/B3T7aVFjj+33q+eWYOMyEBVAA2ngZPQE9DX4j2kCJJcXEe3kyLg4C8qw4XnOc9MnqccE4/cb9gyBIvg9YGa3kkU3N07yFQwi/eYBQHhjyvI5OeRxmuLh+nFZi6jjr7Nq6vflbjZ9Nnd972Te5tj5tYaMLtR509P5W4vftpe+6a0s7M+nPEX9kGB2trqQXoZgoaYBC5DcrnIYDJzjPRvTA+PLyLxKPGcZju3mga7wdsoaJE5yHVQAcj1OMA9Mk19e+LIdGiWWZrkBz5sixzIW5GV+XBGCOTgjnqM8Y+V7q1vZfEwbR7lDavJHLKxJRlGGOcnJUkcDAJ6ZJPNelnsXKUFZ6Ppo9FG3Nra+2tnq9rE4GdoSaa1Wq5dbtLVb36JtbfM9S0k38V7EfNErLP9xVPrwoySeMDGBgnJPc1293/AGm0NzOEEsKhnn8xgBHwdwGR6cbemec5ArhdP0+/XULedbtSznIBkGUAGNx5xwecDk9Mk9erIvo7DU53ZJLdFkRyJAzSMDhm2g43DGOmM4z1rwlC9NwU042va1rtKN3d666XW6WsdjvTckpb6Lunpa7aetrW03Vkt9H3P7O9xG+m68wmVtmuSEqvJGSTz0+U9uemeuOPpvXWhbw3rInIaM2MoO4YyHAxwQQPqOc96+Tv2eTCtl4gaBHUS6wSynOFAcgEr74yNuDkEH0H0l4suCvhrXFXlhZy4UtuwFUYBxkEZGBn19Oa+1yVwjld0tVB6Lrq9Vv0t3au0fLZhf8AtBdb1INJNWWiu1a+lrb67Xsfnrc2dhbeJjJdhrzTI7idZ7VXEfmqzFlAOAcAlePXAHJBPuf7OyWo8UeIpYAgiNsPs8O7c0MLEMiSNnLMFGM9s5yMkj5w1a6ki1KSV3CurtK2/kZ3MMYXgE8ZP3TwO7V77+zZcxXHiHWZDgu1mrNhdq4I/i5xzxwQcY46V8lhKHNncJq7d5Ld20Sd7LZ7K/bq27H0mNqRjllZJO3s4xu7JaODb69NG3tJPa51P7STGPRbTOBi6JCk8Yxnjkcc9R718kWd/potLXzTcPLhysag7CeOvBJxxgjqOhxyPqz9ptyukWjHrIJJEzwQcrjhuf4Rxkk5r5S0+a0h02yecxxkghmePgZHG0gDJ7bgRnJxjrXz3GVNwxrktUuS2/eL/Xvb5O693hn3sug0+W0ndppbumr3+G6Wqt6dD2zwDNosvhnVH1KW6tbbz3RLdXIjO8ZPQAktxhSvHAHcVxvxCn8K3UuiSwXF5HZf2c0cZUAuxUkM54BB5x93p6Ebq3PBOqaVJ4f1GD7A18sF7ulY7hGBLnZwcjqT3/hPYZrj/H2s6FaXOkQNpCzpHZOQsbgRANklRnnO4MO4BBOcmvnZNyw1J2tpFNtKUk/dik3e9m7t6W01PfwlNrFSd6jXPveLTTjDq3qmm7WVtFslc57xDL4Zez8M/wBo3V7FZLayi1lVSGlHIYsMfKAOfYZGDivU9Ci0q58JaeYmuxZQNIY2LMHniBLcEduuVPJGVxjr5D4h1XQobLw5Ne6G08EkMptrdZCPLjJzsbAxkEggjbnPT7qn2Pw3cWc3g/TblLFUsXMrRWe52lRgSvYj15yAP4uuaywdN+0bdr8rvGycmvda5rPRJ2SWt1bTU3xdSKp04tTu6m8nG6as2pWd/Rdu5HYXdhaahE0CzSAzYMcjFc71KptXHO0kEnkAjBxzjpvhqUkl8fzsozDZTPtMhG0b2Ozr7NkgYIHIHGOZh1W0TVmiTS4vMV4AkkYMjqDt6qBwCOuPu9OnA3vAUourj4iyRBoPL06VmQRkJ/FncSCDnJyMDGTz1A9CMHOcHFuV09EuWSs4ttvTVKzS2tbrv5lWp7lVqPSGmlneVNJ3vq1vZ7Ls3ZbPw91OLUZ9Qmt4YrQxFQUznzHD4JGRjacdGB5J5I5H3H4QSJtAsHbPMT5JAI3ZyQAAowcYGM4B57ivgT4dXMdy983lLAY8KphQBWYNyzZ25YHBJzg+2a+8fBzL/wAI5pmX3Aocg/7ROcZxg5Gc5xwAR0z9JwzFRxdXmtJ+zlqr8vxWbta6e+i103Pks95nSjs/fS3vd2snays2la1tOmu/VBTvYhsr8oByMEjA+7yOOhP4D38P8XXskPi7VEEQkcRQ4kDEfdAJPfAU+gyfbFe3uqEhgGPzcKeMc4yevPTqDkDC89fIdfhC+KNVnaCOQmKJyGIIAChmHbHAIxj7vTqce9nMW8PFRdm5w6dbb2Vm7vp8Oi9TxsDNxqSk9uW3nd2a00Tu9Vo+rfn4Rb+I1Gq3tzeXcl5KI7tRpMzO8ZwzBAOQME/MBgAY4IyCKH/CV3wtERNGt498pWKOSBnR1bcQ6sVGSvUjOcr1yeJb/wAR+B7jVtQlnF3b6g8rQMkEeI4kWTY3I6ljjLAEEdcEEjuL/wAR6/c6PaRadBo82lW9qbeyeWGGK+AdsbnYruc4xycYPbtX5xiKclKqm25czlFR12aXNLqkuu6vZO2x9lh68lKnGNFOPLFubk42SUd0ou7dm3ZpJu2lrnHm6aXSR/ZtkRevchmYWhCCQfKy7jjIDYAznr3zXZ+Fr/ULfR7uaWFnvobgz/Z1ibZJKpXaHC53HOBtbO3ocHOfP7iLxL9mx9oitnEkbFVmREZcg5wAPm4yD1GMAECuw8NajfW2m3ckMIu9ThuVS3hmfP2iQkFgwGAQCMqB8x/AEZ4Ck3J8z92yTT0s3K/u/wB62qWl12TDGJOnpGDc5x0Umud31cbrTbva2mj32T8RdcSdo7zQrKMuwMg+z4mOVJ+ZdpYYGF4wpGTjBOdXR/iJrQnitrbwrpuJ45zJcxW5WVIgPvMyqNoXk/N17kA8YA8T+Mjflrrw3ZRz3CyAqtsp54Ct8wJGDznJzkdM8bek638QkmdbXw1bBPIlWeVrNVUR45ZZGwoUAjOe3cAYr0JJp2hKTdlry3knpa61aSvZrlXL1e7XFKmkm50qbk7a+11TTi1dXb0ve0tb3S88xdRDalLNIrTysm9NqMqKwRiUfBJ2KTgkgZ598fbPwo1B7rwZo9xOsaSmOVCqAbcK/wAuVIGSQQDwMY5U5OPheG7ddVuJZiA7xM00SMg2yFG3BUVcKFI6dSeuOMfZ/wAJ5y/gnS5QChKycHjgvwWUYJJAwMnIwMc8n6jgXTN610k3h23vd+/TSbvpfVaXVux8xxVFLAUbLT2sHo7/AGUm7a33e11Z2e9l7C7hyC5G1VyoGMAkNgKQc4JGG2kdPwr458bXssWr6tGlsLof2hIAhQszKSADwRnOcZGDxj7pr6x8wFVIAHQFvTIxlecfdBAHO7g+gr5yurzTZNWv7K7u7ayil1G4M1xIm6ZSoyvlk7sEt19yc5PX7XiqKqUMPCU1GKqNpuyXNyxSel3yve9rq+t9WeDw9NUp15pKT5IqyvZ3as+qa1b91WXbQ8ye2v2sL900Wa2tF06U3EzI3lo/XDJxuXBHGTg4HAOK42CaEaJHBZ6YDM0kAwE8n7XIJDubPPBHU8Z4xjJ29Dq3jXxDZjWdGt3mutKngvUju1IYvCMAbWA2qCOo64zt4wK898N6xdXdnALidoUhudkIV1DbgThWGASWxjufpjI/IcfGnTrJQV9bK7bXOrJ2fRNWad9+yP0fBxqTi5NRScoNxU5WTUVa8mlZ7PbXXbZ7WqTRC5MN3pt7aotusoW1ZyrT4ActgYGB95iD+lamlT6H9t0mE2WpGA3YknnCYYOQB5eSuMZOCARjORkkGtfWrHxNqWkaVe2dxaW8YSaKVBNCLh7ZeshLjcyngZ+voCOV0a08UmSwia4hTTZLw75mmTewGMbcAkA9T13d+dwbwakVeMpRunytOWradr6Wsr3s29dL30OvnjOjfnim4yVm3FOWmvkt4vba97anpekajbP4k0IixOmLFdTQWjmJ2a5RZCVlzjG4jGW6qTkEZbGV8T9R0y41wxNpXmyQwyeddBnQuxJOeeCx4JJ7EDFUNOk8Qr4o0yLUZP8AiXW93NFaTh43cR4JJQKuS2DkdSpAwRj5tLxtc6pb3Edta20dxBOJJTczxoXAJYKCcY5Azj2HGOK9+hyfU5KN43nFq/k4rVK0V5TS1jvd6njTptYzDy92V6ST/eNK/NC17XS8pL4lq9lfz/8AtyE27wxeHWuYlsT5pUyMix84YnaxDMcjIyQBkFeAZbzUrWXwhdCfw4YLaOOK70+2w7wZyFlmlYcBDg+xJ9+NfTvE3jDS4nNjpkO26s2tLlmtEdnTBAwvRegwf7owO9V7zXPGb+HLgXOmLIyWBhgtRbxlGRpnYmRMDC8k5yp5Ptjy67SkmuZO9lZKydtLO12pdrpX6Xav7NKTUYJQppKpCS/fSu0rXbs9ru3Ld/Ntoo/D27try6uprbTfsETWKsILT5oZnBOVPBLbyM9e/XPFaCareXCXltP4Vt7dJZrny2hsSZLgwg7JJGB52EDf8v6fereCL+7knlGo2w024j0/KQQJsXzAzAHanQE4x07cjtTig8ZvcGC1e4YXT3bx3ckqxQQqWbMYDnAJXtxgnkdc24ylQpJJuTSvGybWkfddkrO19dm9JLvjJKWIquUY2ap/FOSi1pZSfSXS72WvY5sa940iWR4fDiT+Sr+VM2nK+wxsQqqSRkDCqw3DODnrmul+B13qt18XLCbVbc213JaTPJEYBAqMyMdsYJHQsMEccZAGOK3h7wT8U/FNvqg0bxNo9hb6K063seq6va2ckpVDI32dZAWlDADG3O4nOFzirnwHtdTh+KemNqd2l9MkV3E1ysomR2iDq20rkYHRSMggZ9M+tkdKrHMMvlUjKMZ1qbg5tWaUoxfJb4rPRvpr3ucuPdCeBx0KcqXPSouM4wbbg5RVnru76dVpY9G+Kt5BF4q1d5ZPs6pFERMyOz+YOAAflwCcHJA+UcHoD53FqMR1DTlGpy3E87QSrB5Za3aQsACcgjAG7JPOeeTXb/Fszr4k1+WC1F4QIYyj48sEneG56Ac5PXOcE4GPOpUvWudDKxWaIUjNwICoe3AYZAYcgk9ecZ49K+ozaVsXVSlq6iv0btKL6bparXW+u2h5eWRj9Souyt7JLZaW5bvz0fa663buuz8XeI9Kju7qx1ObUElWGLzWgBEIUKP3SkKdoPU9ySRwa7T4c+MrbQrDXdO8OyyQ2niHSjb6nLf2/myvGeAqSEZUMcAEEgkD2rx3xFda6+tXFtY2+n3FmXtVf7ZsaUu+0bhv2ngHIAYDjnNdR4Uu70ajq9jLBb3BtbLMJyot45Bg4G1VD7eeN3GDyPlxwxnUjVpVVJpe0hBSfuyXM1ontJNNptJX1vY0q4enLCyjyxknCMuWSknpJNNJp3akrq1rvXTS30N4XF3a6WkC2KrGdpjYAlpFfJDBOSAfvcOeOoyVB6K6utLt4kS+kFp5odGeRGI3ZLEcMe4Ocdcfw9Dzeh3mpxadbpd+VE7QoyFCWCBRx5YwSFwMAEkLu546z30t8ZbYxw22oeYWLC5ZUKBiSGO7ACqDkjpjBPHI/SaTUMFBWb/dqykkuVNK10ve7arp6XPgKi5sXNuytO7jpbeLbajaW91+u584/EPXND1GHVxZ+HtOFraTwWkuuW6OLyV4yf4Tkhpecc9ADgDr5Y8ugxW0kmbxP3MZVXVwFBU5DdSXPJLZA42/dOD7D411nxJaeHvENjd6X4cttIbVY1Waye3a9abJ2khELBQcAyfd4PqBXiF5NqdxaTmNLa5IEeZht2EY+VAPlDBQQOp75xg4/J8zbeOquT5tLL3VHW19tG3tqk7t38j7zLnalGKWnNypOV3ZQg02viu77Jba30uV7DUPD39pJJcxXT2wgKp5crCUvgqC2QSULHlQTnoemB9daXqouv2XvHLRBYYLOHUIYogSQwfB3MGJJcj7wBAJPHJAr47trm8jmVJLWDKxsk0giVlVcDgEdD2yc+hHJz9KabeTzfswePGSFYhAt6gWPCiQOANxUY3ZO0demPcB4OvKdOtCN9aVSyS5WklDmvbolv3d9Xs8s0heWHlZt+3pXu30cLvbp+b0fQ/LDWtdjOl2sRdD5FndgHktGS3QnI55we3HAHOdz4H3Elz8b/hm++JWaazIJO44Xedx5zkjlQR74PU+Y311G+k3jMpEtpb3AkLRnDCQ9MnAGOcdDgnbjjd6D+z0kd18bfhcwBiUmIsxO/5kR3OckkbuoB7EdDkB4VSUYttP3krW3vy2atvbVK60la3c6sQoxo1Vb/l1Jtp7e4lZ6t+69OnvPoeXfFSWV/jD8QDnf/xWUgyQv/P2VwG5xwR064OCeccV8SlYePLhSrbfsFqx5UKf3SAZx90bux55OBjNbHxOuDH8YfHgdnmMnjGQnaT/AA3zj6Z5PHI424IJrC+I7zN47uRGuANNtGJkbKkCNc9TjGOM+oGPf2cJSTpzXI7OpF3snqnHd7fE9367o4qk2quHs/8Alwtd73UdGn9y36PY1fH8LnTPCLpDvY25O0sMN8v3s7SM45HQ446sCM6wtJ5fhffIhCOusTOYg46gZGOgKj368/jY8eyTLpHhEAoWMACAucLxg9TgjvuzgYxx1qLSkcfDm5Y8yvrM7ALkB9q8g4OAMcHnB44+bnonS96m+WV4uL1skvhvblV+++33kRqSVNK/KnN3d1pqldO1tLPe6fbS62/hno1xN4L+KjKwDjQIXclgQGycgdTnhs9eD24ryvwJp7w+JY/tEbOG0GQBsg7gN2CRyDgqQO+eOME17F8NXKeGviuSkqkeH42aND8mXIwQAf4cY6nPQnrXBeBHhudXQJhZI9GeJmfAw7Z/iOB0wB2B3FR1y8JBLG1rtKMkrR25laOt1bstbLs2r2NKuKaoyUbtRaV1qnpHVaa30T8ttz0X4h+T/wAK109fLwJNVhUdeSsI3YIJ46bQPrnmvdfg7erovwU8LAQ+Z513rUojLAbvmkj35OPu45wSc/dwevhPxIdF+GegOZFbzNcdCoPJKpsye+3gj2B7CvoDwNaw2fwc+H+9QBLbaw7Z5IzLJ39wAOBnJyRydvs+zpOahJR1p3T2fM3Cz0vffXTbXZWPDqVKvsoyd7OvLRq6smraa7XXffzZ8Y6tqEo8T+OZW8oI8fAIy4UpkIGGSSBycnOOBgZI8l8Nab/afj/wrCXhSNvEOhbmljzmM3kOVGRzkAZH0Felausb6740YBhubaAwJwAhYgknIwOT0J56DGM/4Z6el78UPA9qxV0ute0QL8obLC6iYpwTgkBgO/PbBWuCvCFPDYpxhyqMJ67ybSt69NbbtM9ajUtOlzSvZRfLZ3t7uifa1nZq/X1+w/8Agq3e2F54i+GelW99ax3eieBLWIxQrh1jMKbG4xkHhQBx0w3evzG8c6Lcz6J4CBvki8vQJXXpk75QTn5cqSRkHB4I6A5r9Bv+CoDw/wDC99JtGSJWtfCenWxiBwP9RGBzkDK/NwMcnp3r5M8Z2lskfgVJEiCf8I4uIwisSGZOeMYx3zjP3q4eHKbp5Tg0lZvnlK/eTvorrZO13ra/e6vEVV7WDu5JJWu9X7qa1v0Tt5bu+x4HZaDqH2dLuS/gdx5caoRwQHGR1OX59D6DkV037RWlXQ8UeEVS8jieXwZpuThT8zW/GCAcgt6DHUHJBB9SttG01LZ0EEZjCqVLYBVzjoepAOAFyOOuTxWD+0PHZjxr4JiaMEHwnpajHzfdiHXnLA42nnt0Azj6Jc8ZRbUb2b81PRPrqrd79Dk+st1PdTfLfmvfpo3e97t7au9lbpb5lsdG8QrYNCZoZXDNsjJww44ZFwoBK5IBABGSCO3vPxQTWbPwV8Kp9LjuH1GDSNSibyF3oJt6kgADknP8XQknrWWIbVZHAwjgZVnG0YVTwRxzxwAM9wOuPbr2O3Tw18Lbq7uIorVYtZLPJt25WaMAvk4wO/THc4GBpzucUpRi/Zq912Vlr6Nve66JK5zOrKNana95zcXda7N6+fRfnfU+LGvPHrR+fc2l2z7sEzxbIxnkkNxs/wBo8g8cgZI918bzXN/+zP4YtXg82/bxTdM6xBjjAGSACehPyg9GHIzxXVeIb7Rrlrm3h1Ox8loi5kjZSpYKdu0+/Geoz7bamvNPB+EuhT3VzClmniW4ETEgRk7sDnpjgkjOAMitsDyyU2oJe6le3vaWet+m2q9dtDPGTcJUubmbVSNtdL2eqd3peyur/OyPgtNJ1uCPzBp10zkkAkP0UgDIPQ91AIPX+6BX1x8Obq5/4Ul8Sra4hMEttB5nlvnKmRBkkNwOFIUE8DbjOeej06z8PyXMPm6lYuXIHDIIyowDlTxkHByM/N2zirMdskPgf4xRwSRPAbSN4mTbggZJY4zkEHAzjj05r1KEedWS1fLotFpbq9eui1TdjzMXXnOMI6WU6eqtpZqz9HzddfPovhWxtobhC02qm1LELsxjADdQCcgZzyDjB7g8/UX7NUK2vxDso49WF6G07UGWPflFXySQzBicso25GCMZI3DOPk22ntiqxzuFzs4UcgBiBjHXtnPBHGeMn6K/Zj1LS5viraRWilpYtJ1JWUKyqVWFtzDJxnbweOTgk812YCletHm7rSyfVb6u63XlLqY46q1h3fmdouz73s0tOqWita3fvxGu6Y+p+JvEaRa2bVhreoEqAyqNtxI2SOANzHr6BTkbcVN4Z8OvH4o8MzNr5kMer2L+SRywSdSY8+jdMgkZPOABUd5f2Nj4s8TtIS8j61qDhHTOQJX+QZGMjcD1OecYORU3hfULOTxRo0jRPE51ayCAAj5WlBIwc8n1yM4GO1FV1HieTopdlfdb7W9b+iBVIfVIJ3TlDVNuy0i9Xqk77Xd3stN+v/aV0uG7+KesMb3ynW304iPbuT/URDI91weO/JHWvH9PsoLVRJDq0ymJsncxCKMYYKo4yeCvHAI79fcPjy8EnxR1pWAXfb2G3au4n/R4sE565PUHJbHGBXikc9laPMsgaUMrEsU5Rt3y9gMcYHQk8DIzjWcp+1taVr2b3b2212V1fRtbI56VSHsIK6skkt3a3L1ulb0XdJa2PoL41wtqnw8+DcS6gkBi0q5MbsM+Zukc5IPcgbcjHdQOleK6L4YiD7l16My7gQTHgADBOPmx3244J55zkH1f4x6pHa+Afg46xLvOkzkOwAVlMrjBG04zj0Hzc5yK8Pt/FM9vcxqlvCEkA/hU4XAyQcdcgcHqSBjrVvnlPpsr6Wadl91rK+l3saYd0lQvLvpo7ave6s9k+j6X2d/qLxDoFufgFpcf9pxSFvE8zi4CHdIRHhh6gDJ5x1wMDbXgOqeHb2S3geHV4IxBHEpbYAGVsAbiDzjgnAG4g4AHT2rWtVSb4D+FHVlUy+Ibx33LtHyKARxtwM5XoBnrjBJ8Avtdvbe0ZIWikWc5GQCFAYDjIBHGBzxgdB1rrxHwUVFe9yq8nraSSva+rvpf0baPKozp06uIdRykpTekW+ri0uj3+7Z7nufwcsZbTwr8WonvIbkTeHwxlXCgNuxjAHuTnGMg5w2K+UrzR7h2LJqEewKSBgE4ycLnIOMEbgMZ5GDnFfVfwWKyeDPixI8atIfDfmZX7uS+4kHggAnJPqD1618oXl4ihVCkboxgA9CCRlSMEYwO4C8ngCrqxkqVPlSbcUmldXSa6fPZ267NGtCtHnqtLRy2d01pHV2um+6e71fQ+i/gDeND4wt1a5idrXR7sSNkY2LE5UnHXthV28c/7I8D8StNqWv6/JBcqFbU70K4wS26dm9VHc89Md69q/Z5s7O48dlH3nPh7UZHXcTvAtZeSfwyCP7ufWvKYLS0j1/UFVQ6PqV3Iy8kD9+5XPQepIAOSR90AV2RilhqbklfffeTUVfZ7N31fl2PMlV5cXWnf4Ywd29lt01dtb7HT/BPTru0+JXhCV7kyxDUw8oc/Kw2sAue5OQx6gYyT2qH4nWl5N8QfFT2ojIk1q+LAnjIlyDj06jPPBzgCvRPhvp1qnjbwzNhgf7RQ7SFAGMgcjHrtIJ6DgcE0eK7Xb458UTFIfLXWbkDPAwzkDAbqAMH34GcnFaRXLBOKvZxb0bvs3r71tl1bWumunNPFQqYh3a92MfO3vQd76taayV++nU+e7TRtfMm5ooykcwzJx18wNj5ecKNx3YwDjpivoH48wXAf4fCGxiubmLwjb/KCCCTGmSAAMEYYlQO49OGpZ2k0fyyW6qMSSMOPmDg7Cc4z2Ixxz3yT6Z8WIIIdX8EtJc28UY8KWskatsztMYDKCcDJPTk9Bgc4pc7TU3Fpx2ur9te7dtm9LmkpxaVm2l6afCr3282722sfFK3mp2P2kT6e0SOr8hd6ncMELlc8MSQd3PtX0vqcMo/ZV8PSxxzXMreNbgpCIi5VjnO5R94DPQHr3NY2tW+mNaecLi1yIpCEKoFIbgMcnJbJ5yOOnHJPt9lbxQ/s4+FluJraO3PjG5dpnUFF+Yna/BA6Z4wSe+MA7/WFyp8l+RJpWelmtE9rPzTSXfS/MkpVkuZ6tpW6XSbuvV+qsm9Hc+ERb6lFbzuug35kmRizJCVQ/7W0q2CPrwMHjpXvHwKmnsfh/8AHNZbae3L+F4nxICJHIV8Lgjhc8EgZHBGAMDuZ7/SHjjij1XTXTaVkdRH9zPYZB3AcdeMjrXXeDrS2l8I/Fw2t1bzWjeG0MsyqjFlycKQOoJ3c4Ix9clYTMJ1KtpUpcqi1JXfTla0fya2flY2r0I005Rkm0lG9v8ADzN6bu9rt6P5n5r3F9etChWB1RuSPKZzu69T6ADt8xzk17H+zdLfN8WdLDxJGP7K1YrlCC2LcgEjgDA4xnGc+5rWgt9CjjtfMubcELt2PGrKo24z0XBGMEjqCT0OK9w+Adjotx8TtPjtzZ3DPpeptvjiClf3ajORxgAncODjoMKa7a2aqnQnJQaVOLd20tle1l6Pys79Ejy40IzqR5tU5Ri7a3bcba7JarunZ73d/nLUbW3vNevSNFgu9uoXizOHLZdrqTc43KcAkkn3JyT1OnB4dhbV9Ge30mO2ZtTsm+SbBLCVNgZQowM4/i9wMcj+hj4Yfs3fs/3Hg3S7zxN4c0q91S/Rp7iSC2bfNJNK7M7OGC7vUd/zz7Lq37J37MugeGrzxFpPhe0utRgsxcLayQMDFNn928ALsd6Z3Z6YAO3oK/J63jFltHHLCOM5SVf2ck0k01NRbvdcyb1Vm7J3cVd29x5NSVK/LLmkk2rWavyvdatO23m9LOx/MR+0pGln8R79rmGR5Dp2nRSRiNpVULaRDPAK5wcdx1wc9fBJEsbuzyiDZGCzr5DIxZTkAttGACeDj881+/8AbfAzwd42/aJ8Y+G9S8P6fdWVtpenXAuLi2FwLKKS3jkCtk5yEIGMds8YNdx8Yf2L/h/4CsdM1DQrXQNV03UA813A2nCNoIkRXkZixyQDwNvUA9Oc+lmPitlmEx9PAOM3XqRoSSSdrVFGUXzNWe3vJ3t80PC8NValBVFOKjfVayldKLa0VlFStzJ7+S3/AA1+L5ceEPg/+6Bil8KyCKNNxIRbt1K5wCoyMdAPUDgnwtY1lu41ispo3TG7iXYwXb1+UZHToTxwduNy/vZ8SPgl4Fms/hRa3elaYbK88J3k1nJb2oISJL2TCKmBtywKEfwjGOwrhtF+DPgd7hdvhnT3hEklusklmDISFILsvXHVi/IHJwMV6NXxJwWFqQpypVJNqEvdjK15qMlZ6Weq6bO2h59bJ6UbSlV+GV3pd6SWq1Xe915aXTv+dnwX0Z5Pht8a7oQMVXS7Z2wSzsomIJRMcnI4wepBHTNfNS6bFPcN/wASrUJyIx5TtbzfPgAEH5TnccDIOewxjn9wdO8H+HPC7fFTQdP0nS1tbPwet6YoolQSF3MmZEwNxBGc/dG7GWBBHzHp97odvp9pKdOskmVW+cWcZQ7sjH3ecE/MQSTnvxXqYPi+pi5SlRo3uoSUeZe6nGLTaS7vVP59Cq2BwNKhTk2tUtdNb8vna7bv5Na6aHzP+zJo+ov4+1X7Ppc0KN4O16HZJBMrMTZzApGQhDSMSAAA3IwckGvH/wDhA5opWS98O6ugmu5m3/YrstkysXBXygDz1Occ8Hsf3w/Yni8O33j3Vb270nSriPRdCt7lpJLGHEcU94iTkjywHV42ZWz2J7HJ/X7X/AXw01jwN4j1p/A3h3TtStXiuNAnm0G2YXNn93ekixKoVmJYZBJOMdOfzPirx3lwtmtPKa+XTqVKvvU5xlJQlKy91pRerirJ33XqetgeGsNj6Pt6dWUINxTbu9bX0SSu2nqk4t26rb+Js+ERp13bR22j3wMl3Z7DJp1ypBMyDBbYMFcE8c4yfWvav2i9P1LULy0t/wCy7q8kTRNHtjJbW8zeUFs1yjbVOApAz9cEV/Q14z8ZfAPw/wCN9B8Fz+H/AAzrGp3M2hxTG20CBXtb/UJYQYpspkshcqDyT1AwSQy38FeFtU8S/EaJ/Cek+TpPiQ29kG0yKRo0VCVQllPlqoxtTgYwNowTToePUo5dVx2JyqtSgnSVODm3zqXVXV1ZK/z8wr8G4ZzjCjinK8ZJNwsvigtd27672t0umfyf2eg3tvGTFouqxzMGUEWVy4BYYG5dnIzjqRkDPXp9F+OHlvfgj8NNHmSeG40691N7si2lWSH95ldy4DLkkDoOOPWv6cNJ+DfhLWrNJW8PaXYpuwksOg2qszBfvbzERgY7+gAGDX5hftgfDe38N/GrQfDeltZHTP7Bi1qaye0hgSVkmR5mZURUVXAJb5RwAM9q6OH/AB0w+e4iWHoZbOCjSnNtvRyhyNxaemratJ9O9lbLEcHLD0YyeJi5Nq1tnomrpNtNtpbffY/EO20K5LTCNb+VFBGw29wgYkHcVJjySOgH8WMZxXunwgtr+18P/FURWM8axeCrtm+0RSqfvR7grMmDnOTj7vv2/pP/AGfvgHL8c/B+k6z4d8HfC6OwfZZxrqGm2wuJHtFCTSsQEI3ODnPDdhgkH0X9or9laD4XfB/V/EGu+FPAcVlcXun6VeNoFjDHPcW87hZLd1QBpEk4BGBu/DcdMF47wqZ4so/siqpRnOE6vPFKDjbe6V3o0lp95z1uFIrDxn9chGcmlGLTXNdpJJt+VktE/wA/47tLGp3En7hntsRMpB8yRSMnodpxkHJAPUc8ndVjVLPUvsl3HLdZkMQI/dyD5RnfgkZBxngdT35Ff0U6V8JP2f7r7Zbp4PsbGWAIZEtrFYmUFAwQNKCCM9u+Tg9a6bwB+z3+zL4j8QQ6dqGg7ri9vbe1W2vfJjin82TayD5M/P2weeuSCSe/FeOlClJRjlWIlq+bW6Ubq99ktHd7JrW+tllT4RlJXliY7XV1KK6aaNXd9O2up/Pb8XLKWTw98OYmlkDjwrFNmMHDE59cEYOCCcEnc3U4HlHhbTdS/tG0uWs7+7SLdhkifG0D5Txg5yeMZOOOSSK/oF/aU/Zz+C/hW7+JOrz6Lb29j4J17TPD+g6e8wa1hspE3Sou0gMV3DBGM5yc4xXC/CTwB+yJrWkIdX8QappmszSPEdJ0W0PlQopUrKksm7vyzAccE4wAfbh40YKSp1aWWYutFKEZuEU1GTjTbi7NpqPdq123bU4P9VakKcn7WL3cFZuUtE0mpaK6Su3qz5E/4Jn3M9r+3J8MJrqxn06Rjf2tsJ1MZaNlBXcG+bnnnjPXqOPLP+Ci2ptpH7avx4gj0+G7EniuaR8/MwMkUZYgd89yBkc474+4fAnhbwV4I/4KH/B6X4e3WoahoR1DToXutSwjM925WQ7V2hzsUHaAD1OK/Qj4h/sx/B/4i/tHfHW98W6D4cvtR/tyG7a+1CIGeQyxRkxId6hQBgY5yeQQeK8LH+JeCyHiCjxLVwmIlSxmXUoewpqLqxnOtpe7SXKoa69ddEdtLIKuPy+eXKooTp1FJSadvs626372srvWy0/kw/4TDfI8TaJByykb2ww5zyu0547EHjJAxzUJ8WNdXdug0m1j3XVvF5jAnC7sAodoweeQuCQT1ziv6fvEX7GHwLtdQsotL8KeDbj7QjCVWtAWt+SRyJcM2OhI5464IHhnxe/ZG+GXhrwB4r8RWPhXwylxpOk6jd2wgt0jljmhiOydRvY5HHGfu4IBBxXv4H6QWSY/FUsLHBYynUr1IU4uah7sqjik5Wvo209ddXZ9X5FTgLG0qblKvBxjd2tK6UbK7fzdt35H87njTULWPXNTj/sUuvmwYmWNmTJQE4KIQQSc8L3wDWL/AG1FbW5aLShAzxrGJcOQu5jn5Nq5zzngZ5HWv3k+Df7FXwx+J1v4Ml1u11Sxl8VeG11vUb+yKFBIreWnlo/AXA4Ock4IJO6sj41/safDD4V+MNQ8P6MdR1hbPRrfU7eDVYEljcTkq8jlVG1RjeoPJK5HAr2IeMWS1cxWXRjWeLcpRa5FZOLUL3ve29nZv8iXwbjHh/bSq04wtzRve7aV7dG3vFXve/Q8i/4JuFbnw/8AHmKdrWCSbwZ5sckpWNCwQ/u03ld7H5flAJ3fKTkGv0V/4JxD7Uvx1WHczJ4K1RHCrkZWK4BbgnhlBI+97elfj18OdJ1LT7L4jWtjdT6d+8a3j/s+VraP7NHdMohkVSu5MfKVPHBPSv3A/wCCS3g9IpfiqL2R5hq3huLT5o3cMBHP+7kXJzt3AklgOueD0r6ninEwo8OYnMJJpTVGq7u9rSpvTpe2m972sebkkakcb7BW9xyg36LRttdHfRLW++mn4MapBs1vxMQ+Wj8Za0Cuf+n6Y89gDgAAjk4OVOAbRheSGBWZVikM6jBJB5OBn5uc4weMEnOSd1fun+0F+wB4BuLzWrbwPpA0vWH8QSX05S5DNcRT27Xdy7R5JQM5Yg9yMZHf84NV+Btp4e1r+yL2O4H2fT9SugHycSWwkA54yoZO3BPQHv52RcfZXmdGnh6ClCr7OmlCpo2ouKT0Tbi3qt7p9t/RxeU16NZzk043ve7SS92V2u1/8+58sy2rLZwiWdFy0Up524jXC47HOOp7ng986lvp90trM8exkn3OjMQWkAIyyg4J9Bleh7HAqrqdphFhJyQ7RqeRnMpCg44K4zxx+JznvpNM+yRafCEJMdpExAJ4LBCScAjKg/NkdRgEYNfYVcXVh7KUX8SW92rWittL3V1rrZWsrWOJKMpJNtWUW/K9kk1pfbdq1mraXRyKafJMsq+au23gEzlmAZZNy7gSQeQc8cEZHBGTWELU3UtuZAzsJJW5J4RT1Xt1B54A6Z9Oya28i01aVRh5pkt1GcDaSGcZHQ456cYwMcVkSRpa7pUwdllJtJzgNI4HPUd2/vc4IrpoV6jTlUTtK6X3LXpt5em4TS9p7ra+zy3vb4bN62urPa260s7kVtaCWN5MkMFCQ4IIAJ4yB/CAAM5GDkqfWGSyCTwkuWlR5HKHA4HG4k4wPwyDjkDNdPY2m23gUjny9zEHPzdeAPQ8n3xgDBrBuQ32q5lKkuEmRAMgKwzgMfmye+QSTkgVjDEOpUtNSdrx228276vb0d09tTmTaWt2lfol2ad9Ho0t72ttqZSzOAyo2UF4HcMwPBOAflIyBnHJIPGOBmt6zjae4ux95XIjQbTwSucYJycY5OeSc55pNP06Gazt2dvK82BpCeoZ1faTuGeFx9cdMnk+7fBHwrpeteMZ7S+t0ms7e1aZg7ZBle3dkYAj5gSMjBByD83rjj8fRwWGq15PSlHma93ZW0bezlfa6V331QqcqtWCVtWuVvVxduy6N2e++mtzzKw0q88lJmibyoonxII3I3LgYx04xycEbsZBxxS+a2Rt8ZETyzCRtpGCFHAJ57jHPcHH3a+pbrRLW20TQbZNkRvNZv7VkEYQmFLgKVYn72F28A4w3AxiuQ+I3hSGztopo4IooZb+6hPlrtDLCiklmHygkklVxknocEk+Dhs8p16tNO8eeTcVfVvRNbaWsl00vd66dEqElbW9rN2TS6JPta3b89/G/Drx3McaIhKReY4YrtVlZmADEcfNwoIxhsdRXzR+0vfeRLoIhIjkgjncfeYh1HAwQWznPJ75HOcH6w8J2McdhcyEg/xq33gu124BJ4yDwMHPYAZr5Q/aRtBJqmkldpkMkjxrt+Vs9z1yGweg55A6YrbM8VGnhcROMZXSTSe7ScdF3TsrPqrPWwTtGnFcy95pWaejXIo3eid2tr7280cf+zHeyz+P4JJ2Aklge6YBQMmJsqc8fMfoPQnaefsj/gofDDewfCxiB5o8KyujcEsTEDknAAyRgjjnrxivir4J6ppOj/E6GfVbqG0tYNLliDKAkbTsAVWUg7VJORywzjgY6fVH7cXirSNdtfhdJp19b3LxeG3juPs8gmEGUCr5m0nBbHTAIyQPb5fB4qNfMMqqTajaVRT1s4x5bXs76WXV+SS0Z7GCilkeZQurc8XG73a5W3ZXfS9nbbbt+Y+tXbkaCzjd5MqIpIAzk4GO/RR1zzyc8CvdFaNtMt0EDMLexuACCVAfyw2QQDkEsOScj5uq4rwHX4mk1CzhVl+zJcwFZELEDeQB64GeR36cknJ+gWjm/wCEdkhit3Sa0t5JZpjkEQywhFcrwDv9eOGI4xX6M6+HcVF1INJxe+rvyW0t9z6rXXY+HhCTc+a7bWu75rOK8leVut+/meUxarNa6VrLRErFcxpEUIJZGWQgYLEkD+IMBgAj1wfV/gTcSXvxQ8KQ3TPtiXEDNksybQwBx0G/IPAUdMcZrxGeOePR5dzB1m6bT3R2fBBGAQuDgnByMGvav2d4pLn4oeFWO7CxOwbgZGRnZkE+in/d465HPj6kKeCrVLR92nJpJLW60V1dq2nkt7Xsjryeg6+OoUvh56sd3s5STt20TVt0tHe6se+ftmw38ieD52sJYrO1aZGm2FUZVJOS+ME8cHJyM9q+E5p0ktw6LnzbiMhsn7iuAMZJ3YJORgc92PA/aj9uq30TT/hv4atL/R2+03+nQGwMihSkyxBmuE2hcl1ABBJyCPYV+Rc2kaHZ2hjk+1vcubaSHCFY4hIwJVR0zg7u3JycZxXkcN53HG4eVP2bhOnN0rtJqT5Urq22nzTvdWuz6Difh6phcVGoq8KkalCFR7Jx0SStZ6NbOzab82YOqyLFeGaVS6bLdAr4ZQ3lLjIKsvXvjH4kV33xD+NPjb4ieDvCfg/xI0T6X4VX7NosVr+6AjjTajTDByQo25UAHBON2SOc1+0toA6JPGXjlgYRSAb9vlDDnAPcDOc4GfoeUvoJEhs7kMDvd2RVOB68jqT14JGBnpwK+llRoYitSrVaKnUw03OjKWs6c5JQk4vzUmrxSu203a7Pm8QqlCjOnGo1GrBKpFSWqvFWasrpN33v1T6L60/YsNzH408TKoAaTRnRyw5VmKgHpn0JPIOMtjIFc9+1rZR/8JVAqPm4MCQ4ONvzks7DgjnHHPBB4J4PZ/sS20l14+19Sw+fRyH5PVmQe+OeQSecbiQcV6P+098PNIu9f03Ub25kjSJ4bWaJSq7pHUku8hKqFBIXdgEEMSTkgfNzxtGjxI4VE2qtKK2u+aSvZLra+vZdz6L6hVr8JxakmoVG3d7K8dfTS2q2V7b2/NySaVLC3to5FDLJKDnDElQRyx+6QQMDHOMEbcAVYGRbURyq7yLvzk4GCDlh056j2BzkgAVt+IrG20vW7zTILqKaOG7YxyRkOjLyQASCCV5ViCed2c4yM65srkw/b1jHkM0cZ3HBzyCQO24jByPXsa+6oSpum6lm2ldJrRRfKk0tLST72v6p2/PpWpzjTbcpJJNataWSklbdWvr0empkWkGoyabc3FtC5trRyJ50TCxo+SA757gjqR37nBn0S2S5uDFJCX2RySM6MSMr90swIGVIzjO4kccV6p4TudKt/CnijStRsJZhrMkMNssGTJHOib1ZW+b5AQOnHIHOAK5jQv8ARrXUtI/shhcNC1ylw4OYY1BBQuPmOARheAw53E7QeCGOjOeIUoq1CpGEW1eM0+SzilonzN7pW2sz6CeRcywc4zdRV8POtLR+44NJxtH4W1y3va7bb0Rk2/mSssUEithpNyyAfdHygjJyMbTj+8eetYF9pV8twkSyOYpSWL5VU3MSWypPUYycY9RWlpzNGweJSSrNG4yTl8kZ4xgfTGOD1IJs28NxeavZWJKlpLiNRE+7afMOX53ehAB4zwCBnn3L/u4OTbTu1y6fFZLXtbTdtWdrbHyuJpqNV03f3ZOO7SSTinHzTjzW1ur2aVzr/CWkzTRNO7GXy43gjihHzyMBgDGAcA/NkY6jkgYqC+t9RhuiIUkiijAVopGCMpdiG3KfoMMAPy6+h6vZL4UubOawG1DalQEU7XnZQHA5K/KSSGxwCec9PKL2S6vL+4knuJmnaTzGLS8beoAOMYBJHHy9RnjIyptzkr6pu1k1o0o3Sdlv0XWzvqUrKzV3JtJNOztZPr01Vr9n5WxNWtruOaVjKDKoBXGcEHk7SpAOQMEjsApPWr1jHLEtrK0nzTMS0bKNowoBDc4PbcMY2nqVqSISSSBCu53YbQ3zEEHBAPPOOcDHzE9ust+jwzxW6b33RqzA4UqScsMjJ6AY57dfXX2dpNrZcukX73S2mm3wtarW9tm1GF5J3035d7vS3XS2qaS1u79L19Qsb9Y5Jnfy1dyywoQMRlh+8AGWK4wDwADweevMmeQbYDKGfzFYK33gAeMkEjjuNvpx69O001yqiTfuUmMAZZRGoIJPTaWOAepIyATXITwN9pDqoKoS4x1ChmOMD0HBGSxy3JyK1hJpSdn21s+za7X0287I5alK01dNptOztdq+vWy8ku+mm36n/s83kx+E5KRq8p+07gwJI/d5DAZBwoA+UMNxPI5wfTL/AFa7/sSzdoWi8poVchWCMCw6DPIOOWyQc9FAxXnH7L8Cy/Dq3V23Jm6VgWyCTFuAJIIxjH3sk5z1GT9D6ta2z+HrF2jjyk0EfGBlVkYZIAJOOc4B6nByMH4yrWisXXTje9Vu3V6Kz8nqm09d/V/pODg/qGHafLL2UbJdfdg/J3bskru+99rec6PqF9fa3o0bxmKKMyyI2M5XcdxJ5w3TAx1PAzXHfFrQ7S78aXMkqRSmfT4naK4iEgCJ9/GSBnoRg+vIAJr1XR7WG31vT2A4eWcxgdCpwu1c9ic8gD5T65NeJfHzV20rxRdhpEEkFnEIwDtZQ2Mhj1IxyFyMY9cV6eUNPGwUE+X2cnotrOO7V18KdtHfe3ReRxBGUMqcprT2iTV1vaKWvdrZa738385ReGfD19qmrrBbJ5cMv7qFj5YMqlgVwep64xhuMEcV3eq+FdO0Lw0b6WxsQ9xJGvkqymVDj5TuHOODkYGBjOckHzXTfEFtbSzSRk+dNN5m9sMitkHGeqqT1565HTr12u+Ol1jSpLWcRtMNioyocLtGNxBx25U8n8a+qjSqTbdtIuO912fXmSbXRPtfay/PFVpcjctJNXSvfqunR27Kz11TucPY3Ua31qfJCAXLHCcZUMB2UdADjI44OOa7/wAU6wblbW2AihxAoJLBi8akFVJJ4faDkA4ODjAyK840W5jaVfOmjLidyj4VlQYPU5+Xtk8A54qDxFqlv5tuqkyMC6mdMkbSSAwG772eBkZxkd6Vl7SCd+VtXtZWvbT4bJbJW1a0uVCrFUZylve+rs9ordX0fSzW7262LcWs017LDJGyBduASmWA+bqeemTtJz/d557fR7OC40uZt8iRoocBAGQNgZLHALDPIx0wM9RXiWnXscN2UMnDMzF3BxtAbKnAA+79ckHp0HbjxPNaWC6crrFDKxw0ZCsY8lgGzknJGSBjAJ6dKKtKpO7hFRjdJpXd7SWt7JJ2a3btp2Q6GJpqLTabd1pe/wASk5K2q0dru7b1s+vV2dvaSG8lbbJLExVHIVQQueW55YjLZPc59q861W3YzvN9oaOJndwquT0bHIBGNvPPIHTHNdhpN1bh7pZjsV7Zpclt+SQRuxwO44ydoIGDXDateQySwKjAxIWwcfM+XzhgDg84bJ44GOalQkknNNJaW77a2vpG9ns/O7K9tTcbqS5m1o9NdFq9Fa7XnbdoymgnkkkBu5mwgMQ3sDk/xE5Jwe4wMEZzmvRPB9vO/nwT3W3EaYR2LgK3OcnORlQFOTk5JHpxAdTIJgp+aIKpIOOm3HGQMjJwPb3rrfDeoJZXM7ygS5g2BSRx/dBGSSVJJIO7oGOQQTrUTcWotbNXStpoot6dl3d93dq6xVal7STlNpt2STaXKlF7b666/g9GfQOnfBv7RoaeJXlmCPJJJBBGDIs6pguQVICkj1xjAGe9ebax4f0vTReyXmrWkF06xvY2xYPNkk5BcH5GBGCMkjj2FXbz4x3+naGum2OomCO184SooIYiRQpjjyWzkEg4GMZ2j18LuPEVtfXMV7dI5micFSc7W3FiS4O4HJbIxyORj14KNDEqU+eVuZtxj9nlsveb2dlfTRXvdminhZ2ULXTSbdmneMU9e/M3bbptu/Vbu7e2i0iCyvZTFhpJnSXyiW2nfGccnOOhbPOeRkHpfB+saVpt5K+qG1iFxbyMst0iy7HzlFXAwpGAQed2SCD81eRJezTSabIj4i3FsAgKPmABYDkY7KcYzxxgVJqk7LcG5lZWhzICoYDgBcjoB1wccYOTjqK66EKlGTcZOPM1FvZ2bipNPsum7V1ZKxU+Vxd9b2avZbcuul7Ky2evVnrPjbxHo8l3ZSWkdhculk6l4VVIHbHAUZx5g57lScsQO7vCniDw1p9j9su9LtZ5jbT+bbywCRA7A7dpHAZeOhOO2MmuZ8A+Jvh7FetB410ySW1kEa2VzaAvLbqDlmCg4Z2J6Ybnj6fQi+Mf2ZNOsHa20LVtTunhK3C3dtIDE6k4kidSqgsMnAB6c8bVPoVa06UIfuatZqKfMo3SWjdk2rtt7WV+9rmFLDQlGU3Xp07Ju0ou9/dSeqvdaLVfkeZx3Wl3GnR69a21rbPp12t08LL5IdBIsiRMmA8qtt+cDBVSRzjI+3fjn/wUI8I/Fr4HQ/Bf/hSPg/Q9TttL0awtvGFha2sN7DLp8aia5ikjiSQvc7QZGLvlic4NfGXjDx/8FNR8Pa1p/hvwxe2Gp3tvbx6fcSSuI4XUuZZGXdgFshSOgHTnp843JRbazVNzorff2kqduckbTzjp/FnIxkZq4uniaUJVaM6Uqcr8rbV2ra6PRS0et0ktjjqKdGbjTrxlFpKVtnJNR+Faq999npZrU6GxmWyubNkVRJLIwYk8EZOHB6ZB6duCOpzXo/gi9eeW/SU75P7UsmHJ4T7QACx6Z9Tk88jAyou/DD4Vz+P7W3vpdRFhEs7wWwKAl3UfKGX5SoJxuYkD0GQK9f0X4HHQF1u6bW47m5sbu2YWy7V85vPVhtfOCVOMgA8kqRlQDw1pwu0k7J2T12tHV7avV6fcnv30KM4+z1butWpJvZbpLbd73Vr+nvvi7UdSkmsnhu5Yjb6baeUsbENkJGpHBA4AyeNx9uKwlN9NBbS3F5I0k0g3gupbnqBkAkAcZO1hggA9T0Ov2FwVtrhIycWVvEyfLksIV3AnBPIx82ASMcHGaZZWEstpaGWIb3kG13YLgHgnJAUAZznnn1A+bgxVSksPaUkptbeV1rdKyun30s1bVs+jpU6sqildv3U1fVPa3R62TTV7LXsdLcaEIvCWoXEOqXZ26fdFkZ8BiI2YKMAhl3c47D1wa/PqXUtQMd3ugiJtkuWixDkyElgAflySo5JBJLHv8wH6veFPCNpqnh3V4tSv4LCOLTrwxFnBL5jY5xkkZ+6OPoDnNfE8nhLSrG11Hzb63Nwk86xM4XbIjSMiqjYBwcjJGDuJ4JJrLJpRqPEcs46TTa5bxbXSzsls2vNbXaRebYeolhmmvejoua6Tilol0bWqd3e3e1/l/wAE+KfFcMV5akK1qzGSFEiP7lnl+ZGAwQpBJYcgDkcEmu4i1/xBplwbuNIBHNKEy8Z2LuTqVJG3H5Eg4JPTv4fDGnRTbru4hs2W4hCx2xWNZFIywbaFySDwDjd05OGru7Xwd4f1e2V7a2WaOOZi0rTBW+Q4YsrEjdwQDg5OD1AFe28PTnebcJyfL72zVuW+jbaV2r3tpZJ7W8Je2irXlpor3W1r9G7XaTT0Pn+fUbu5tBPJFbRTLfhmeGPEjg55V8E7h82CM429T3+3PhgyjwboBuIgyTXt44Ej7SWG8kk9+TwMEkgDtxx2nfDnQr87GiEMCOj5MkQLOucBQSOMnI/vYwQWr1/wpYmxt9LiSwa9httRuoooSwMbqQwAVQcMQDk8jkHnGK58XCNKGHnHl5XUjFap8+zbauvK2nW97nrZW5OdR2b/AHTV3bXlu1Zd1pqlff1POf2kWjubX4dPDAw2Wl2rbWBK4mXGcjC4644DZHOCMfof4BiE/wAEdBkKttTw7EUcKQyttHBI9PQAZz9MfGv7Q2molv4GKweQzWVy7RPHlFbeSwU8cjaOcHA4zyQ32p4JufL+CumRqq8aAicDAwoBzxj05OO5OOKWMd8utLR+9ona6te66bq/ZbdzfARf9qzbt8MFon/dta1tNNV19LHlkMJimYnJIC8E8ckYJ2qeT83cc4BYnC1BeSBb623Jg7kYYHJyfXHp0wpBNW7eX5mL44RfvDdjPXPcA8AD0OByCTR1CRmv7cHsUyeOikgkE/KxJ6Zwe3XivjKfNzp3bim3bVNPm120tbTXyPpa8l7OUbJJ2+Wqva9kr3T1bu9T6c8LapDBo/h+V9H/ALff+1kVdEkP7m9yMFGYEKMHAAOPU5I+bzn4sa7Y3njKZm8Ny6DPZR2tv/YcEuRHFuBdVAD5YcEFSORnAOAem8Nrd6joujWlkoe5j1WKQQvMLVpVU/8APyxTy3z0wQck+nPIeL38Q2fxE1GHSdLt7rUWEAaxup1vBCCVDDznyTnG4HPBIPPyivehGFT2f80YSv77TXv00k1F2Ttrt6Xsea4e6nbX2m6dm4pq6a0u7rtrpdaafQHhX4jfD221LSHu/Cuox6slgljE9xIZBADHiK6MSRq7A5PO4ErkYweMX4u+IvD9+mgX+h6c1y9lcSwXdu8Lr9qmydyxbmBRFJ6Etg5Oc4ra8MXniafUYY38FaTJLbxwRX12LdJpoWZAC28EbXAICrj0yBhsc38Ybe3uLzQIbeSXTr2Pzkmjig8iF5xyhXHBZicFst1yRjrw4lxjSpNXacn7rmmvhTdmnbm1s3202O7Axm8TyqUVJqPLKyTbuk73unLTRdvJ2XmkHjXF5aWtt4ZuBM0Be4VZpGKNl9m1AwCuc4wTnooHOK5LxF8aNP8ADt/c6Trfh25i1GKMGSH7S6ERyYMbum5sFlwxJHfvya9lt/Dvhi4s7+PxBq154avNP0+3urW4s2E32y5ZsqZZEUkO7nG0kHjO09/iD4z3CyeOr37RE088ltb/AOmyH99cqgUJJIMAqGXAI4yDzjIAeU4TA4+qufD8tP2cnpKablGcVdq7VrX8t7WNs4xWY5fShL28XJzjG/IuXlbV7LlTi1or2d/vPqzT9Vh1i3sdREL2SzW6zWcAlGNrDO8nacMMjAJycjdgA15jqMEhlvVktJGae8lY3kaNOkpDbgOGxuPR9qDPOQDkDtfC03maFoQSWLemmQqQwBULgAhVHBk4IO3GcDHrXneuXdzb3c7x3bN5M026O0lEUURPG6RGyGOT8x9j3zXs4ejTpTlSp2jCN0km23yyvunvfl97Sy8t/Eq1KlaEakmuaSjKTSa0fXTrZN9NGu5SlbyJNMuJ7RyIyzPasdsLRoxO1hk4Mg3fLznvgVj3V8sl9dXENrHbRNcxyR2qxsyRq2NwBBOSc5K4O1Ryc4yrXTyPp0e+G5iWVyj+Y5b5gWkZ2PDAH5QCvQcdcmlHey2F/PeQtEbiCc+WkzK0LBhgkgjBCqcKAMggdga9uEX7OFrqSim+bo7xSemr2aurX19Txarg31XK/i0uum17X5U3svLWxWubiWWdZ3t1jUCUbY2EbcZxlMEngkAnoDjBGcfRXw+t7PUNBtVu7pLQRxuIPlDma4lJVUIx8vUZJJ6EdRmvmmS/klmaRo4IpHjmaeWMbo2JYsw2sTxxxgcHODjAr1vw1rD22l2iRsEJjJU7CVVlYENzn5snjgc5AztwuWMi/YwkopSUo2V72aWvTpdbro+jOnK2lXqJyShKKWitfmUW7fE1ZWvdu1ne2p9F3WmwaSq2sd9JezwWCyqphwkTTMA8eFJB27hggZPDdcZy7lwtuEyqsYl3KBggl85zkjqPoCMHrz5vY67fETxvdMXu0bhTnIDAjLnJUY/AcAgADN6LUrmFVnumjfERBBYMxCg7cBemTySODjnkiuSli4U4yVbm5pS0Stt7rs0tOz011t3O9U0nGMZXilu1d6tWbstOVXulb11sezR6jd2q2xgnaNUthukDgADjaABxyQuAccDOeDnptF8a+I52hgF862jZjOcOpUKQ4OMEg9myODz6V5NbX0l1YPcP+6zBGQhB8tlAGd2McN7HGT9BWxbX0q2llJvjVFlAbaGBKOQMADBOVz2Bxj3rz54v2k2kmoappPR20s7OyXW730tro+yEElFpxktHsmna2i2abu7vR9mzK1CfShqWsO0awXLG4dCUfdcsJMgLgkEbRzgEbW4HevG49UdLya4dBHDM11FG5Z1kGW52KR8nOeDjPzZ7V7anxL0zwvqo0+XwhouoTrdM0V5fruuCskbBc7mxsBIYLhs7QSGPzHzDXL631jV7i6e3SMs07Nb2sSx20Uj5dTHGPlAwQueQfUciuSnKfPJSppKySnz8yk9HG8Um0kubZq7s7PVnpScG4KnXi5PlvTs73bju1fS+mvReR6B4Iv0tdH0+R1tZEj+2T7L2M3ETD7uGiA2szcbTnqDXSz6tpcvjzQIrVLJWv9AiMnmWjwFCV3FYQWwE4xuHTJzzXH+A0EmgyBmby/s98rSF0RoQXGChIODnAUjgH5uBkDSumt18c6GWn3TQ+H7aOGR5o5Hfap5ACDsc7ck475OK4vd9rJ2drzcbaWSgm76bbaettXr31fcp0I8qk/3bbu3pdaX6rVpW0766m18TdXtIvD2jzta6SDBrVwscU8rKkxyRuZUKkyfxAZIy2B8vAwPAd5YnxPZSwzaZaGfTJtiQpKJbZzGSwcF2whPO4feJG3GBW546W3bQtKRlLBtTuQJJLLz3DAH5oVXng8ksBgnHGcVifDi3sU8RwXYbznFhdW1xNd2vleWu1hlEKnPQcAA4B9q55a06js5aS973rNNp9nyvS2631uU5TdekoQUvegra7NxlstLrpta177p+s6zrVqnhBB9n0aaPyLqEX000pZ5C52x4R+Q2SRjoe6k8eeeAtTtLrxvFElh4cjb+wpow9tPdCRyVLAZeTaC3OSQFJB+UEDPrE1pZTeG9NtrfUD9lEl07x2+kmV5ZEZi20FSVVM8MflOOMZrlvAWmafD43tJRfarcXB0yeKKOTSliUZDcP+7z1zgY6jtjmKcoRw1a03aSd21P+7aO0dktHu9UjtxMqrq0YuNmtLatXbTtz2Wmqv563s0fOHxd1DzfDtwYbaOzSPxeY2hgkco53MC+Tzt6Hcd3PuBX5U/tGT7PEmiyp8shnuArMDlmdCCQM8gkHkHgHn1P7AfG/wALqng2+1KynvJmi8VyJNHPCIf3odjuUHONpPGe+cZ/i/GT9pmK9TU9AuI2KSRpKx3PzHgE8jpgcdMEAYzxk44KUJY6E4pTb1ve17uKW9+t7J221V3cyzT93lNVecHKOi150rJ81tN29Ltfd+hP7BF6z/s96okgina38Y+IH2yKY2KfZn3NuIwT2wCR2IFfmp480271K68dW9ppFzdtPqk90yR2lw7Sqt/OVijdY2WTnj5ATzwcAGv1J/YHU6l+zLd2moQiJYda8R3K3NsoE07m0b5ZH+8dhHIJJHJ78fFtz+0l8R/CS6xb6JpehXMfha/uvKe+0m1dTCt9OIVlkeNmnkDDqxJGCCfTPKak451mrp01PkqwspT5LJcrab5W09bdU3oY5nRp1sgyeGIm4QdKUlZR52rxeqd/RJXb1atuebfA3wXc+JPiF4N0uDQNR0O4sdX0eFkvbK6t4maS4RnkNzIgSCKMEszyHaxAORkY/T79sD9jP47/ABOsvCWl/DfR7DxLd6Zf3l9qJOq21vDHaNZw/PCZG+fYFJwMbmUDjPHxX4U/bg+OnirxZoGk3WleCbXSNY1XTLW/vdP0W1juhFLMqOqSxQo4kVTnCkEEZOR1+l/23viT430HSvBN94c8U+JPDMsayWNy+lahPai8EkEbK8nlsBtZmOQxzgkEEGqzaePqZnhqkI0qUnCahOV2uT3VJNJRaa05Xs3pZJ6mSxyull+Joc9SrSdSnz2jyTUuaDjaysrbXd1dWsmfUvjbwJZz/Cf9n/w340jlhsdIjsbHxSbZl8+0XT8Q3ptn5Scp5TqpUbTgccgDldD8TfAGw+Iur+E/gJdahL4e1DR0XWptdt3+1DVLWR1mxcMwRUZ1woxjGAOa9I1XU9NvPgb8EJvE+pQxRabp8E9/dXr5k1Cc2q3brNIzfvJZ3fLKSxZic9a+X/hrp3hHRfGnxB1/w/rOlajYarEj2dnDEoniZ5maQQ46bHZlYjk7QSeM18HhqVWtQxdStOr7Oni5u0dKLn7W0nZp3Teln811P0anKjHHYZUYrmeGUW5WU1H2aaW/w2WzV9XprZ/z2fHrUJtM+Ovj64hEbz2/jHUFt2IJEimeQdCeRwCBjtx145l/H3jiyl+3LFAbZj5CwtG+wbxyQq9WYnJPQEk4HJrY/aBEsnxo8cvhUji8W3j5O0/eldgOMno2D0B5x2xb0m802XSoI57mGV5S2IkUMUfeT82RuIHAyfu5O7A6fteEjH6hhZRV7UqTWjTu4w5b33u7xaTs0r2VkfzpnWmZ47yxNWV72+1or/JR83b50ZPF2oSm5huxHNNfWoEUUe4bGZNzEAchhkjHPZdy19rfs7eCNau/h1pD2V9qPh+bWdXuZYLiSGaG1ZI42SRFmZQsjsehBIIBABzgfFmsRW6arCbSGIlrZE3qVO13C7cgdyT0wASc4wcV/Ufplp4N1D9jT9l6z0m08PLrtkWm1ZLK2t1uzFHGJbmS6eNVkZ9yscSE5PGQMivg+PeIJZG8rpLC+0WLxXs3dP8AdxUefmv1b5kn5eW/2Ph/kMc1njq8p1IrDUU0oRum5SjfnldNWins1ftZWPzO0fQfEzKg1HVJribT9O1a3aQy7UEcJkCKsZAwGUEk4bJwcH5lrD+JE0dr8Pr5reUib/hEpi75ZgG2HAB4AJ29voRwVr6H1S10ex8S+LIZbpQLlrqS0t2DBkguLZ3+QDaFBY/dA5OMDsfI/i1o2mW/w+DWqki58NSRyvJ90HAwOvQ5wAe/rwTeSYx1rVK17zcJRsrNKXJ7qts9bN6fgdOd0VCU4U5K1OnKMnu00kr72vbfTa/qfhvF4h8XyT3LRareRoskkaBWyNoZsHsAMdAc9uTxTovEfjWK9T7HrN5PKwAwp3lQW+8Fx6DkY46gAjn1GPSUi1VbNNFhaJ2DsyS7t6vJjeRjAJU5HYnIXoVrvL2+8L+HtQhsE8M24mNqfPuC4wQ68FDjO4HJU5UZye4I/RYYvBxcW5OLivhUVe6stLaa63b187J3/H5zre2cYy5o3km7pvdbK9r2SV3dfEn5+Q6t4p8ZfY/LuNbuEmjEb7pEIk3lQxQMR1DcHn26YBytB8c/EK3jlaPUrpWZmUzO4UtzkgFhgNgnjAzj7x7eo3dto2oRNdSaK8luZg2ROobYpzwckgnBKnBz0HasxR4UmieO30K/C7yVAul2FQGDFgAuMtjkH2zxiuiljsBVrJT0V07cibb0s+ba68tG+2tuevOvBvkk+a1rcsnfpfW6Vk3aSSv0WhzD/EH4hzu5j1m5KF13Bpk4JOGwcDkEEjjoc4xUt141+INzY+RLqN6YllJB88Alj/dwBwO3OOuMVs2sHhUxmNtF1NJQQ5AnBGR15GOOCSGJ+UBhn5tvSrb+EJ9Ha5fT9TVRMItiy5kRguNyrycEA5JHBPOcAHari8Cmmo82qd1DdadGtGm9bt2ur26Z0auJkrTqXtFX1u1bluttNWt79dNDya28V+NgGU6jfK7Lgt5wwFUEjAYM3PGTn65ycXIPHvjq3tpNuuahHJ3RQOVHTnPuSensSa7STTvAzMrm310EcfK2VGc8dOwwCAOo71MdE8FySIRFrexwB1OcenKkkZAK9eev+1u8dhXTjGz2Wlk0k0u0d720103S0T54YrFQqXU3ZS8nq7Ws01ta1/NLQ4lviR8R7WOxlj1q/kU/OyTuzRlmYDIUEbRxnPI4xxnjom+MfxGXyX/4SCV5EChYmjLCMOASEOCw9AefUZGK7K08KeFNSsjND/awMLm3SNULMVXOdwVcAqfft8oy3NqbwJ4VSISN/a5kYqw3QkEgY2lSFyNpOfvbc8EE1508bl0rwcqalu21G7Vo26X3vq7d/MrGVsW/Zxbm00morXTS7e13fZeXWzPO9X+MHxOhs42tNevFmZld1KlVHmE5RSQR8wBz35YcgVzyfGT4pOSx1WMMzYJKgyNkc5ySCehPUcnk5DD1i+8I+GVieSX+0JI1i3sHBBG1d3OMYwAeT6DGCRXELpHgNnIY3KKXY5d2HzZK45GckqSAvzdABgV7GWLB11LknGXIldKySb5VfW67L71fdLlqY+dCFOU6dR3snaDurqNt727JbPdI5SH4x/FHzip1cKGSRWKqDuGCcjsTjgAdj61Vk+MPxQAUf2uqKoyQVIJ+Y7cjJ5+XOAMnqOBiu4g0r4eu+yKG8mlMqRqVych2ClgO+Ac8dOpHNfTN5+zP4MXwzF4l+1619ijtBdXskNuJYLVPJEm13V2J4O1uFIY/3QRUZjjsvwUqMa9bl9orQSs9eaLa0St0std0ttu3C1MVi6cp0aEnGNm+ZJWTaaTvZPSz6trRHw5c/Fv4r/aIymuNhtowsZ2gk9c4OMZ45OfYcinL8aPinE/2d9cMrNMWVGVjnjjkEKTnAwwzjo3BFey69oHwmitt9lqusOQQqu0BUFgcHA5yV4bAwcehGDwE2h/D+W4tZpJ9Sa3jY+YwUhiSeBnG4Z5ZcBiT3xwdnWw1SnCUKiXM1LmdrtPlunq9k79PIzWMqRm6UqVSLjZaxvd6K0enKlfVN7dtTnR8Yfi3NKitrLpIQRtVcDauAOpbGMDofXgAYqFfih8WIjLNJ4h2P8zqSFPfp0yM8ZHAzg8jp6zaaB8LiIbuZtV2u5jICEnPOBkAfNkbTuAA57msy90L4a/a3KnWo43VhGrowyvqR6E4GBxhvfnkw2NwSq1E8QtNG01GzdvPXpol1T2djorVqtqTjQnJuWlo7Xtdu6Sbvtq3eyehwlz8Zfi3DPbyWXiaVpJbUNO6gLk42bejZwoYDJBwAOwqunxb+McySZ8USEbucsoUbuCCMcAHOOPoSeK9J0zw/wDD++tJ5zbau62zrDHtQkDJOQcDgE5PXOSeMcDotM8E/D6ZnZ9K1ornqEyRg5BA69Rx8ueufQZVMdhVUc/bJNaL3vKOrb1Te+n5mkK2JcFelOSly30tbRO6Wuj26WXXXTxaH4pfF5CDJ4kdlaRQQSpIG7A5IJyexOM+wxWvL8WPiva3M0Nt4jfy2VSWSSNVL4ywBw3JORjOMivcrTwV8MjKVl0rWVRG+eQwsVjIBxhu2TwQecYHXNV5vAvwrcPN5WuKGlYDCsoKgjjnBwOgJx17g85f2jgebWsru3NLmTbsktNtNWnpq+pcJYzm0hJaO1lfW62utHq/PW544Piz8ZWiA/4SSUhguA0iMCOepZAR2xgY74AJNRL8T/i1co4n12R9gIUkxMAdw2gAIOe+cjkA7cHJ9wb4ffC/yhIf7fjAUbQA+OR93qM+wySDg9CaF+H/AMLhHsgXxC08gyQwIDAYyQc55OT0btzjk3PM8uajavB+6kk5QlayXR33a5tVs+7diosfP3YxlrbRr0tZWa/V3drnjWl/Fv4sQXUiS67IrhUL8RFVjVcbtuDk/wCyRk5OcMQatP8AGb4oW9wztryxls7C0cQDEHqQYxkY5Kn0wRnAHR6h4Z8BWOvNHBFqc1g0SrK8kn70T7SNnHzMoznBAx8o6k1oXfg/wIy2rCy1QxghnPmKoX5sfMCDgjqF43AgYwc124aeEqJ1KfK25X5opNtprV+7e2nmc2IliYuMak5xaUbrVa+7d2Sv2626bWPO4fjV8SZNTjSXWNzPI210t4iVAB5ACfKrdM7jgDnHQUb341/Ei3LiPWWaJ53/AOXdT0bJ34GR9DxnsOCfUf8AhDfAqXQ3pqSlYxJCiupJQrluVBwGOM8k8jnccGaPwH4FuYJJDp+pT+YxKncoUjjqCOWBGcDIbAYYxxy4vH4SjKMZ1eSSvJOSV3ez2Xfv5X7mlCniJ024vnut1Fu7eyel9Vor6pemnjb/ABx+J+9GXWNsJxhjAhxgA5xsAx0yOORxkfNUafGr4n3U8ltDrb7PLcjEEagkjqCQAGJbHXp25Jr1ZvBfgHebd9D1cMilVCjKA92ypGMZOcDpkZOMlsHg74eIzJBpesb1CiQgHCAkFuVIyp7nnPfOM1xU83wjm2sSrKzbbjzK6irX5vLfZb9Vfojh8VFpOMlpdvls9UvdtbZp7vX1PHk+NXxQgM8cmssvlALuIjDHHUZ2c9eucnhR1q3H8Y/iAxiuJPEskbFSCPKR8Hb0A25/2RwCTj2FeiXnhPwQZW+z6frGJWKlxCGBUDIGck/Kc8N3XjggGOTwr4LjSJZtN1p0BIKRxAEjGM4wcADqTx1+hr+0sM03HFRk370feim7ctk2m3s13tqS6GJm7OlLlTs246PWP3K2679NTk9L+K3xZ1KVorPXrmb9zK+UiRdkUaklwMA7go5U9eM8kZpWvx2+LVmhitvEdzGokZJA0SfO6MwJORnjAwMkdz1Ir1LT4vht4fju5TpmtJOtvN5ASQZLOCG80AHjgnC4OB1POfGvsXgye5nla21ZImkaZFBJIVmy5b8c54PP0xXdgsR9aSTqSTvbmk7q0rNtWTSTatd/mzOpH2FRPkveN/gWj2eqUX13ejvrbdbJ+OPxdluHlbxPcKRnn92OAOmwowB6/NxwOMZBrS0744/FSe5it5/FV06ylF+8hBG8EjaVPbAwB1ztwMiudfS/BIdZohq434AzuYMW6jKr/EMeu49fSvo3wL8FvhtrMFt4k1fxfqHhyG0ltFto5tJuZLe+kkkXeouAoQCMnnPDngHvWeY5rl+Vxp/W8RyqUk7cznzWavokm9NbJN206afS8McIZzxZi5YXJ8M8RV5XKpa0YQhpdynaMVbXr6M5LU/iv8RbKG3li8SXjOwxIpgGVUAk8EAg8A+pAOOuRiS/GX4kKFkj8S3fmKylgI1UkgbtpO0lTyBjsRzya99+Ing34ceHpNRZPEGqSSyQRG187TpoorlGAAltmdM7SG3ZGRgnBBIz4Smk+GZozGmpTKq5PmNCBu3jjBySWw3U5Jx6ZDP+08qxcFVw2IhGMo2alaLt7qWsrWfXqtdrsec8CZ9kuJnhMThkq1OVnBSV0/dttLTTVX0s9extW3xV8earYCW+8QXZmlUpHujVsMvzAg7e5zk85Yj1AqnN46+IH2D/AEjV5BASQWMILZQFhuO0YLHBGeTnOOQavafpPhrfbWl1qU0UMTqRcrAzlskHBVSM5HHp25q14ntvCS2j+Rql1JCsyRzotu0axqqr+9AJIYkHJA7NyOMDnw2ZYL2zowqwcpP2cbWtJ2V76aK+mm77Wu/FxfDed0sHLFzpTjSpJOcrpq2jd1u1ra+l+5x5+JfjmdE+z65IskcQVf3MaqAGKnaSMEA8YUBhyT0BOY3j/wCJBnLp4gdZcfMNqEEcc4Ctke2ME5HQGrUEfgqIvMuq3YMo2oPLYbeNrZ4Xd0AB4B6Y5AEbS+EbeZmbU7klkOzMJyC2cEAAnIxtGM8jGAAM99Shh2uaag5OzbSjZXS6q927Wabeh89KtmMVCMarUW1HlbWmiTdu9rNbq3QVPij8UECB/EsjThXVVaKPhRkYJwRz3569cg5p8XxV+LEpC/8ACTMrKMqSkfUA+inGCScEEgnj/awZpvCbhJn1K63mUoT5bbghPQYH045xnBO3Apn2zwbDGY11Wd9p+XMRDfNnnIycY6kjv04rneGw04p2SjpukrpqNul9NbebZ2+3x0IXb55JXsla+2m/376r7tlvi/8AF+3V3g8XOrM3zbI04yeBnbgEcAZJxz9TFdfGj4zLcRw/8JZcOzwozKAinBI6nbyMckk8j1LYrl59T8JW6NbC/unLsDvEbA7SwyDx3I4I54xjoaqXV/4RWSGWTUblUVVEcgR/mKkZHQYUnAwzccjgUo0MPFtJ/wAqkk1800nvZ3toiaOJxklGUoc1tbWXMttOuvTqrvqdlP8AFr4yTp+78UTEByM4UgHg5KhRjGMEEZOQMA8nHn+MHxlkcxDxZcs4QkhQiE7eo5Qk/dBGQMAcnisyXxR4JaUwjUZ0JBLOqFQABt+XgLk4IyM9Bwc8lnq/gkOYl1W4kkJcnEfOMMRyec8YA4+uKtUsOlG0raq63Tei8+Zta/N21aRzTxOKVX+HLW17x0taOlrXvd6au/fvWuvjL8a4TH5niq/iQgLkhApOONvybiRgZzjGe1dRY+Oviy9heXlz4nv2knhWVUQqzNHnJ3bR8pIJ+Ug98AgDPKS6l4GeQJcaxcsGZtkbo2FPQdVIUDHAIGcgZH3R1FjrvgmKI2a+I5F3oUO4BsADhSSeDyB6HPUnkd1CdKDb53J8tmld8uiXpe19E7t+rtFetjalJKNOcG3p7r00XXTfZxvt6a8vqPxJ+IMrIv8AwkV8AyqSzkDG0EZLBQMgkjhcHHIJ5rBn+IfxKMTRw+JdRGVJVRIVDBjlh0yTxuwOowcHknp7oeBEO6TX5EBZThIvMEi8njpyRyQvQg9DgDp9G8SfDHTrh5Lu6F3G1v5MAksy21ydoc5XGRu7EHoAPSKlR+zXJO65lZLX3WlvFJPXS2m7dnppyYaeIhUkuVuolFtyVuq6tJtLTpunyt2u+NbxZ8YItMsrs69qyWs6yww+ZMzK7AKSCAMBQOuR07DIJxJPHvxYEZtotdnJ4YSiVxLkk5G7OB0445A5B5Fey+I/Efw2utBsNKsb29hktLl7mW6W3bayyc+XEM8KBkeh6DOPl8z1K68D2cTLBql8yy7HExt2DqxJ7HPyjgAbsdDgZy2VJzlF+1vDWyV+ZKN1bdXTa00Ss1rodFXFYuMkqcVNu3Pa2jXKmvstLpfZXT6u/Kv8Qvi5BYmSXxLeqFuNkayOCAx43gYJDZ5B6delSf8ACyvi9sZv+EnulcsHAJ3Kxzkn6HGOOTgkYwauxXngcwyQXWv3skZn3kvaljEGC/Njc2F3DGAQCAehznSg1H4cWv7seIry4QsHV/sTDauQMDPQAnHHHBJIzWU40uZNr3XZLq3sk3a6b7NX3a00O6FXGyhHmoxi7Ld3XRptq6lpZLp6sgsPiT8brnzBbeJbny1KGVUzkqRjAXI5IyeuOMj0OU3xJ+MyXGZvF19H5bOFWR8FSTgYDcBs5JGAB3GcAd/ZeKvhnpMkzRarPdyTqrBpLZx5bdMgAjgZ+bKjP+6TnAv9X+Hk5unGr3jJLIspkFqdyyMclAGLYAyR1yCcjPBpunTTvGco7a3td+fXottNH5lPFYz2atSbt2V3q4p7vrb5Pcy4/iH8bBFM8ni3UV3nKneqs5PII4DHgAd8ZznJJGbJ4/8AjSXiju/FGpMkmXAZzgDJPHAA4GcAnjoMZFdnZav8OdqKdY1BmyGBktnIzsVdvJAycYBOPzFXJL74e3ccSR63qDNHI29fsbZVQR0Pytg44AIGccjHOUlTSTnVult7yctXF+uietunmkzKWIxsuVOja/dJu1ot9V0v+KuzzW7+IfxfMLK/iq+a3Q4wHICnJzjj5SvJHI54x82K1bLx58XvLEn/AAkmoESAbQZCWMO0LhiRhQSRxjdnPTknWv734eqkscut3aq77di2xBYrk5K5brgfXPORyY7bWvh7HbFk1nUo3RDCEWBzuXBBzkkE4AxgFhnPzZFdtGeGjacpczsk2nHRaLru2r22k7Wv1Vzli3Q1p6225U0rKNrJpaLW+t3fSy1M5/id8Vj/AKKniW/2bWVpEdsjB5BxyoPX09PlxVCHx98WpHlj/wCEo1cq7MQ6zbUZRlTktnORxjg46da6uDXfhrmGT+0dQKgkSMbVskdeeOQdwJ3c9cCrZ1f4bNPiLU9SdWBkRfsjLnIJ2kKcqp5zgjn5uuBWk69DRRqNRurJOyd+W22r7PVu6SSs7nFSeLiuaphYuT5VzWj1tZXvezvZ26q22pDYePfivBp4E3ii/ihYZCtLuzg9WfBZTg5HcnPzYODiXHjT4r3YnUeLNVCBiUxclRyc4AwBnLHPHUluTmtq18T+AY5jDNe6gI0dykfkMwUBjuyNpBBycnI54PpVseJvhr5m5NR1NcOML9mcoDn5mIOAQSSD154ArSE6U3H3tEkrrRxtFJaprS9m101sr3B18VZ/7Ns+y02S1fS3S7e1tDm4vGPxXuYG83xLrJNuqeWpcyZK/dweMAHOc57k4zg9Ho3in4irbTm98Qaukk+2R2aZnDDPLFOcZ6qQR+Wcbi3fgu1M0z3WrGC4txKjC3Zcqe+ewIPI4BxknA419G1P4X38Rj+361FcjEKB0YRZb7+SRgbcDABHIBHUYU1BxSVSTs76y0bvZ6PV6WSS6NLYweJxMm06Gt9bRVrq3nq7aWTXS22vn2reLPHatHFbeIdRnj3Nvbc5UBQMsSTwcZBByBzjgNjHbxD4zl2K2t3OHbcxEki+gBO1gdyMcA9mYbsV6dqp+HdlcJE2sagsShmMojO4HJG1gvABJxzjtx0qxDqPwzSK3Q6jfAuxEbGA4ZuxbjBByQQDjPJ5AFZ8kWnJzs9Um9LL3evS7dvPo9EjrpYmvGnZ0ZcqSvFQ1T91tWa0vezve+/pp+NtG+Ifg3wL4O8VR+OL6dfFEbedp8FwweIR48oMm8tggnJODjaSSxrw/wD4WD8R4Skc3iLWUh81xt87eNu4A4A+bOOoPHPOO30D4q8X+CLvw3pmkajdXb6fpcjmBxC4uN7A8qxJ+UAjA2gFj05Brwy71j4ZyqxOo6r5sUhKIwYALkAY4HJ98Z/SsG4Jpyab12a/uuzT6JOz76PyKjUrVXzrCy3WvIlr7t0010utb6LTQxpPiF8QopI/J8Qar5Qc/wAZCjBB3HsOM53H6YJxUj+N/iL5geLX78jfvd/NBCng8kYGTk9cg5PqM6Y1n4dkRb7nUJAowSueQcEgrt3Hn8ck4HHFhNd+GsSl3TUWRpBtKFvmAwGBUjJA7kYGcYOKpypKzuo2iv5Vy6JaXvfTe2ttG72NI1qsJRi6MknJbRV0nytK3RbWSWysttGeIPiB4906w0sT67dRTSQsxCOQZsElS5ySBjnHGedqjqOTt/iZ4/mjkEviDUY0UKW2zuysCxz8pxnnjAJwOMYNeg+I/EvwtvrCydYL8G0RpGlcF2wM4QE8FcADAGepwCDjyqTxR8PHklMCXCRICNgDKDnngkcn5eQeM7uoHPLKpRkm5QjJuVtEkpa3vffaybfrc9SFSrZOMWpNXaaSerXZapaXWidyz/wsTxqfPSHWZpAykt5rSZZcEZIDDGSe3rzjg1zcnjXxde3So2qzguUSWNHmCHLBVbG4/dOTwMY68jnbg8U+BduEN2CquNrIpzlSSCcD5ehA5I4JOOauaZrvhSTUrK4tIWnkhlQmCOAEPsYH94DkMxXjGCD2+8RV040JcjUUmn0UZXT5b69+ut9uqsxqc4Jykm4qL1T91O8W+tlq3Za6PVtDJvEHiKCOOKO9uZJFdMzDzxKoYA5U7ucZwMkg59ATX0h8Ofh38V/il4Jgn8J+G7/xBb2OqSQ3V/GzCXzipZomZsHO0htuQv8Aeyflrjrjxp4fkeK5XRAjvuiaFbQBlDryxYjBOMELzx/ugV91/su/tK+EPgr4M1CwvdLvLh9V1dtQiVHCxhSuxiVXlGBBxu5K5J4wRGZ1qlPDzqYakp1IuEUoqytpd6LXrfRWXbYrJo4PHYz2GLn7OjvOSkpbKLvrvduyvfa1tEfMFz+yH+0PduyL8P75UaRnDOyK7Bh0JOTkEYPPAB5roLL9kf8AaHtNNFnH4EmOyN/NVpAdjNx94gAcEE8DoevJP6LTf8FAvBsro0Gh3Sq2CXaUKoAJ7lh3JxxnPGeMGB/2+PCbSuw0uaCJwFkdmJ6DngHdgc9RzwMEDNfMyzbOIyio4SPNs3q29I6K789+jV1rv9fUybhdKEXmFVSTTSsmto2tv5979LdfzSH7Fn7Q8ktvOfAskey4hkkxcoCyLIHPGBgYU4OOB74zw37TngzxN4d8TaVY3+kXVlf22kWlrPGCxj8yKJC6xNjkghs469MCv1eT9vfwbvk8hJtrLs27WZlO7aSndccMAevXGOa/PT9rH4nx+NPFMet6elybaexjlgiu4GWYB9vmTodg/dkgAAdfcA08FicZXxUY4yhGjCKlaTTu2+VXSbd3vbZvs+pmOGyzC5fUWX4qVeU3BOMrOyTTbvHpo9lfyvt8Bpaam7SwvbTlFTf83J4O7JOAeM5OQSuMnk5L7n+1GSErE8YhVVAxyRtxnOcYUYB5O04HJ4rtn1pEjQEEzO3zArtG3qpwQSf904wMZPWoZdVWOXcQrfdXYVGFyCQB0HVenPQ98GvpVSp2SUm20r67aqWqXTbSz3u7dfiZzkpJzWjaV3dtXfMk1y/Dtt1a00Ryem6jrduzQxK+5CzptJGH9iBxtPGORkc8ni9bvqE9/b/aYn3tPbSFnDAZ85CRuPJypAzjA9scdEt7FGHkKAOzgkGPGAw6DjORjJ5PuR2LC5+1ahaqWUBru0jCEHLgzID94bsbupPGPvH+I24xUfid1rZu91Zat63svLe6KjrOClGG+ieravGz00V7NK7V9rLY/TWb4TfEjWF0DxDpfgltV0yTwtpkVuWlAEjrboFljBBPJGec8Zx8vXxHxX+y98bta1W81GXwTeGK5jVVRZFOxgcbQRtyEBwOTnk8gmvubS/2wfCvgXQtD8LXOi6k82i6PpsEzxoxR1jgGCoHGOuSR04HNTSft7/DaUnzNK1dAGBIAfLeny7gecDJ6E8jtj5NYvH0ajdKgm7ySk1J3i5R3116b6LsfaVlkmIoU6GIx3JKMYOUE1pLlirNcumnu26vTc/Op/2R/jnbweVD4HvhGXSQOjgkk5XGVwAVODg5HHB6Z9b+EHwV+OXwu8WR+JJvhzqGqQrptzaC08xVXzp12BxgdVOGIJ/hA5HX7Qtf27/hjMqxPpWrgFixxHKckDhcrgZz1AY9uclc3oP27fhPGhR9P1cOrAAGGU45AXbzyP4ucHOAO4rb+0sznGSnh4yi4q9oTVvhTS110Tut7Pskc1PB8P4eaccwfMnHlcp2joodrWu1bTt2ufnF4u/Zx+PXivWdSuj8NdYjOoalPqDxptbylmcsIww4G1TtJPTGcnnEng34FftA+AbzUZ7D4d+IDdXVrJatNEhDQDA2NGwUsHDcZPAPIB5B/Sp/27PhXZlrh7fVw4VMq0MpABOc7dwYYUYyTwcYA7xr+398G5QJfM1WMM2wbYXwS3BBBJBJPJ55wABwKzWY5hzJ/Uk5LaVql1Gys7Xa006bO26RvHAZFUcpLMFeTv8AEnZvkerXa7W1raJWufnLF8F/jZfxyXmtfDzxPPfPctczXVxEzyzsudiZYDKnAGDg85yc8ee69+zp8Z9T1iW+h+G2txieL50+zMQkg+UMDyAxAzkE44znAx+tQ/by+DEYVJbrWAu0OSbclWz0HOPlY9DkDIB9xLL+3Z8EnQSi71NSxA2PaqOB97AJJI5HTOAQRgk1TzTH8sYPBr3bOSSkndKKb2utLrp1d1c5pZTk3M5rHr3rc3vR1263Xlut+t00fmz4L+E/xi0f4Z+NfCjeCNehv9a1SzeEG3cM0EL/ALxkOAef7qlvU8DnPX9nP4z3c1vE/hDWbiOKBVUyxMihwqgBs5OQflO0g8EE8c/p3b/tsfA+7cyR3eoOVDtvFqcEhcnbnAUgL0HPbkgk6w/bO+DdxbNeC51NVUgApbFSB2OO/XvknOOoxT/trNaKioYC6lrytVWmtE7bdN9lfroZzyfJKsoqeY2lHb3ot2Tine+nXbbyauz8q4P2Yvjb5yrb/D+/jaOYt5uwYKEhj1z3yM8ng98V9CeMfgx8RtV+HdnoVr4P1m41a2uLXzUWJlVRGq7tpAG7awJGDk/8CzX2kv7Z3wZmLxx6lqW9FDv+5YOgcY7NyDyMHjHQ961U/a0+FQtPtkNxrs9r5ZkaWLTZ5ETyxzulTKrwPv5GeO3NEc+zSnCcP7PjH2qipOUZ3jZxSsrpb7X1fqTVyDIZ8ieYuyalFOcFrdLSOmvRtWu992fnL4A+A3xU8M+JVvtS8Das1nHp80QeSM5MjocLgjqWIX8COwJwPEHwB+Mut6lFqEfgXU4o7aaVQkMW0ujPviIBGRlSoJ7E84PX9EJ/25fgtKqEX2qPvcoFNswGQSBwT1yOTgDnHQnNib9uD4LJEji/1XA2qR9nJUkYBXaByce/QkjgsK0WdZtKjGm8GlCL5k+Wb5rqLs27tWavvutSqeR5HT5WswcU1u3F3j7rvay26K71tZp3T2P2EvAXi/wx4v1vSPEuk3OhXviTQba30bzphbTrLaSea84c8LtUFg24BiMdM19zftB6Z4cj1/wRqtp8VdSv/ttlcadrgu7p7x4L+1tWjOmx2hLpHAWGDMo2bsAEk18+fAz4p/DD41+OdAks73XzpsH2iG9ksYZodSSMw7nW0KjOxFGSwPysQTk4A9o+M1qdD0/wnL4R8EWUmj2evX1jZ+ItZnWK+1GGZXdjewTlnNzFnflgDLjenrXs5JXqYurH6wnTqc8rxask+VNP3rtpta+abvfUMdTp4XC8mFm6tFbT0bl7S3vX10vbolrq7HiX7NVnp6eOPER1CPWLWwtNQaX7TpDGO/uUeco2woA4DqTwfqucHH6H/FA+H1+BmqiG514aDNr0DW1lqO6O6juUuFKvK5USM5B5OAScnOF4/PD9nG6uU8b+Lo0u76ycX8d1/oqpJFPOt0HihVnyIoS4Gc4UKedwzX6H/Fe58Wz/AA0jOs6XBFrdx4gsMJPPE9jLYySR+XJJEiBElcEkOQud30rLNpcuY09FJRqUnZaXty3VtddU4rRu/Q9PJ2nlU7/C1UVuu6v11b2to330sfn3448Q/wBieKrTXbdRNHoUematHbXczNFdeSqBIpCSDggEHPzAFgc8muW8X/tQfFLXrnULy08JeE4IElWexdIVM1vbleNjs2I1fuB93jOc4q58eo47S98QzSLGlza2VpELRSrRTSMVcxoq43LwRnB3dMDt8geJfEcN2dHtYrO4tdQ1iA2j2FrbTwRosC4JRydpZ1XOcEYBOQM17VOo1GHK3FOyld6291trpZc2i63Ttpp4mZxtNdL6Jr4nfl0V9O147u66p29uvf2ifiE/2OS50rQRdLFNtnnWOSAIQ2+PYxZc9cNzktgLxx+6nwpvLnVf2RtC1q6kgsri80GSea3s0RIWL4baqAYA+brknJ64AA/mJ0zUbO0uTDrFleOlnNPAtmUmkj2uDtMrZCh19ScZGduOn9LfwMls7z9kTQpYkZbdPDLhYm3fuFKDGAeCR3HUdOMcfPcUVp1MDyptwSqdXeygnzSUVa617NnfwuoU8wotqN3UpL+Vr3oavduzctL3bu3bQ8Q+IAs77wl4ajude1GCS3sruYJpqASKig8XIyNkQYBSTyykEdQK3dL8t/2PPGJs5rmSJItQctcNli5cBySDkq5B2rjnk5K4x5x8SrfSx4e8OpPJeQfaNJuFhe03J5rsS22Zt3MZPBODnj616P4dSBP2OfGTwRyoPsl9jzBvwd4JIII7ZIzjvg5wT/P9ovDYKSlJpZtRaTVuW9dOydr6vZ7aa30R/Rzq/v8AGK2rymcU+japwdrba/lfufjdd6p4Mg0+1j8QB2lInEUUULExsrkZZgW3hiCBn7vYDFX7i78JrY+ZaWd3GbvT9qeUoLSwqoBCsFOODkHnBGCRznI1XQ4tb0mySB7W0uIbq7eS7njGDvPyjB6jsAoHOAccUs+hX1roVvDBfRPexWckMcjskayF2GxUJbOFPOM9Om3Ga/YYO8Yr2kouTSkpSdnaMdX0bV07JpL1Z+MzdS1STpwSipWlaN7e7dc0nfq9tLK+xsfs5PpFl8fPhvDpugTxO3iqB01Wa1ZpImLFmSSUYUbuQucAcZY81+rX7bPwi0/4ueM/h1HqHjLw94Uk0ezuJIzr0scUV2ZowCIFZk3PGfmABIBJJXOK/JP4BaN4x0v46fDh7rVLeXT08R2ktzDHcxMyu788cMD2JH065K/qn+2t8Itf+MPi74Zx6HeaXAdGsbgzx6pfix8xp41VGjYyRhtmMkEnHBySfm+Yz6ThxBlFRYj2DjhaijX5I1PZ2Vr8rvdu9m76XV9T6PIEpcP5rD2Pt+bFU/3PNyc6bpu3PHVJWbT307WPjG6/YU8KXU8Ud78b/Dki/a55Ve3uU2RTyDjeVuACi9lAUYPfkV7L8S/gqnhb9kbTvhXpvjbQtUih8a2l6niqadYtPcNKzeVJMZGAJJCqC45A+UEc/Ot3+wX8T7a/jvJ/GWgzxLeXAa1k8RNAsnmg7Ecm5G1YiSAcZYDjkgV6141+DnjHQ/2N5fhi8lpeeJB8QY7+O7j1Ey2hthI7JCL13bcqggABsEDHGSD6KxEpYrA3zCeKccTSkk6MKMYJQ1d0k2ne3Vtt27nD9V/2TG/8JsMKpYeabVZ1HNe57qUm2m0k091Z9z0f4D+CbrSv2SviN4MGuaXNqF3qmrww6pa3Sf2bM1xEFTz52O1RjIJJ4AGSK5v9nr4Y3fgj4c/G3QZ73QZ7vX9BithcadqEd1a20sqHD3EqykIGYksSRtGD7nF+C3w78XWH7GnxJ8DXcR/4STUtW1NLCeO7JjZ5Y1WNlug58pUbIyCODu9zxX7NXws8eeCvh58e/D/iOIR6h4o8OWttpjjUmulSZU2lxIZHMbM2GLKUP3jkEc+zGa5ccue6lWpu1k3LWn76fMrW+TTfTU8VYeXPgeWNvZ4Zx1fux0fuatNt2STvo/Ro9E/ZN+EGs/DP4g+JdS1XU/D+q22qeHYUt4tFvkupYGEpZpHVHYpuz8+QcEccct81/H74QeK/EvxxvvFWlXGhLpcvi/Q7hVm1KFNQRLeWFZY/s+8MAwXdt25OegBGPaP2PPhr4v8Ah38TdXl8SSI1pe+Evs0CjUn1ELMHd3lbMrhAwIG0Y2nPJGK+V/i94O8X6x8c9e1XS7LUG06Tx/pMsd1BqUkaJbxSxB1S3Ey4VipOCuFBI+bk16OHk1OTjUjJunG8lFPm00UVfrZNtt6pvexwYmCVCMZwkl7S8aaleSaa15le6d20vJ9bHs37VnwZ8V+PPiNpuraVNoi2OneGNGtpjfXcNtOJLd43cIjFS0Z2YBAIbPJyTjz/AOPXwZ8UeNfGWlX+mPo6wWfgPStOl+230UI8+3t4I2aMO4Yxll+8pYMMdyQOi/a28HfEDXfijot3oFnfyaZB4U0iK8nt754Qtwhj3rsSVdzbR8xIzy2DjIGJ8bvhr458UeJfDr6DFPHbR+ANPs7mU6ibdftixoCrjzBvYMMfxYx97ANduFqScMEnNWVGSirLRS5dN1rbS7td91c8qtT5p4iym1KcHK0tOZONrbaavvqfVnxR+Huv+J/2cfhN4G0uHSjqti1usqXd1HHZSNFGqt5UzsEkyRleeeozlc3vC/wj8U6P+yZrvw51ptFi1bWPFEU9u63MLacsQueRcXAJReMIMsCBwduBng/it4E8b61+zt8EvD2li5/t7R7mQagLfUDbSSJGuFZrrcDIMc7WbLKAvtXoHg74eeM7n9kPxN4L1t2/4SfUvEkR029m1Bnljia7z5aTbwyFRtB2sAccYGBXz+PqJYeXvwi/rySi1dxaqJ88m3pHq0lp5bv6fL4ReKpxcJSksOlzKVk1yL3LXupbLz366fNlp+xJ4m1q98QRx+L/AAxpMV1aLDbWkOoRNEswjw0nmCdcLkE7sj5uOnIj+Gn7DXizwJ408K+JNR8XaDqtvoeqtevCNQV5brdkCGGP7QxbBIwNp/E/LXPP+yT+0FqOrazNZXLWlrFZR2MFuniKeJ2lRG/fgi4wd2MsMqB0J6Y0fhf+y/8AHzwp448H6j4i1G7uNO0fU1vr5T4iluQ9uG5iMTSEMM8hTk9x2rCpi39TnF5th5pwnaKpw16OHMnu2mua3uu1+p6dLBReNpTWUYmL9pTbq+1laPvJ81moqy1dlq7W0vc6z9sDTNQ1Lxl4ahs7CSbydMuvMQsViyJVIdCMAheeAcEk9QAa+SLLwnf2yx3d7HuGXaQG4LRpGp+VSoJOBwP9r6dPtT9tfTdR1Txb4MTQ7uayng0y6Sby5vJV18wHJPAcgDaR6ZGAflHy5ovhbxTqVjdyWEc9wunWxN08uZTcOGVZCGLDkk8naACeh4qcrcZ4Oj+9ikoa6SStGSS110jrzXbtskk9OzNYpY6cYKd5Sivd2+GN13stbtWtprqeRP4BhTxRN4mg1J5vMhK/2WJdsKnyWXKqxZBtJ4LIckAk8GvbP2TfD2vaN8SvB8/iDUUvrWTxZK9gBIDc20UpZxDJg4CKDgnbyABgdK4G+g1eG/EEUGyURklRtiMbhfmR885z0A5KkZGDgdn+z/F4hPxg8BXFxbJJDD4hK3pW5BiiiCttby92Q/Ofw453V6mKvLCV2pQa9hNOPK7/AAx1TbTvZppJWS9DwcLQhDMaNlU5niIy1bceaUoO8tNtmkmk0nZ3TPvz9r39nTxV8XPiTpviHQvEOl6VbWXhz7C0VzdLbytMwBDqnmoSozjJB3Z56/L80a1+wn8Tb/w9aR2vjTQd0LQLiXWljLNk72VjcnaTgDGCo9TnNe3/ALXnwc+KPxD+JWj614I1K407TbPw8trJK+pSW0PmybdreRG6CR25Cu4IUevBPmPiH9kb466t4QsI7fX49M1GJLJY3HiC4UXzggytuMw2F8c9cd89vnMBiXTwmGprMcNSUYxSpTp3lBcy3m7N206q90+x7Ga4OnVxNeTwOJrubd6lOs4qUrR+FOMrbPW9t9nZnun7KfwO8U/Be6+Jtl4tk0a8/wCEh0FLWxn0/V11FBItpMjSTlZnMQy4bBIPXPSuP/ZJ+CnjP4ZfFxPFmtXGjXWk3kXiGKKKx1JbmZmuLhmjmlh8xgjIrD5doIYHmus/Z1+EXxG+F998QovHwSZta8OmHSGGpyX0Ymt7KWOWQPJLJ5eXcNkY5yRggAeefsnfDr4g+F/i9aax4ilmufD8tr4gVoRqb3atJcTuY5PJEhVCq7ccAqAQMDGCeLu81/2qlNzo0rzUFFVWopPkV0lZJtWvzOxzUsIoyyqKw9WDpVKvLF1E3SvOk/3jt7+iu7K6S66E3iD4A/EfUPjFc+Mm0fSH0C5+JCa5BdRX8cdwLGJ03nyRIpMgAyYyoOSM/wAIrW+OnwN13xf8Qtf8X6Rp+nJYY0R/MutRWO5EllLH52LYyDeX27VG0E7cAHnLfF3w0+PVj42m1fSlXUfCd38S4dYhMGuMtxY6KkyieJ4fMwkbKSXiK9geMmofir4B8d+PfjV4lfwzBqtt4dtm8PSxXEeqMto5tWia9VUDhGYkOGAXaee5ArpoYyXPhX7ejKf1WUE1bZ+zvu78ytur6u3cxrYaEfbqNOq1PFKUo3Scm+Z8yaj8PW6fVebLP7ZPgXX/ABpe/C2TS9OglfRvDscNzFc3EduqstpFHmFmZSWLYJwSOOwwazf2ePhV4s8MfBP42aDrelWNvqXiKDUv7L33MckTCeBdjXMu7aqIfvEkbRluSOPRf23PCniLxDdfDG28My3Nnd6bomy8SB5IGnb7JBGf3quED70bl9wzkjtnnfgb4Q8b6b8EfjRoviFtQvdZ1WxvotIMt+JpYmmgXyVjuASYsE4JXG30XBz6NCrKWVUEnGTVeEtE07PEXd799bWS3V92cFeMVmlSpduTp8rba5bckYtb6uyve7tLXbQ8P+CnwU8aeH7T4gafq82jW8uq+DzpttNpuoW/lrPL5mGuGHmBFXcAC3A55Ar0P9kb4Iav8PPi3oWsatd6LqiPZX9vusdSivLzzMEjzERsbQTgAAYx04riPgB8M/H+gWnj2w8RWWofadT8MRW9s0+qfaA05eQh42LuYyykDcPmbHUkkHuv2R/hd4m8DfF/RNU8S2WsRCaPU44jPftc20gk3FHETO+GXcRt4IBXHTBxz5v+x82bcfew0nZWvrTiukm3ot9Nlozr4ev/AGrgZRUrQrLdq0dY93q9tLXV1o1ocP8At6atb2nx81ET6al1/wAUzaKsQO50YvtDYONuMElTnjcAfvV+y/wR8qH9i+W4W0WCR/gprTLDuUhd8Fww452kDbwSRz/FkkfD37Sf7G5+MPxT1bxovxNsPD3naNb2jaYyQPNbKmGMsoaRSi9N2F4JzwAMfbXwm8KXOmfBz/hUkPiZNUtn8DXXhSfxHasskZiu1kjacRgsAYw5wN2QQct1r+cOJsXhauAymjCUvaUMRCVVOMrRVldr3bPVKyi9z944cwVaGNzatWjD2WIoNUOWUZOUk4zSnFJSi9W036dT8G7bxnPe6h4a09orRIINR0tBIExKGN5GpGcHOeOSSDk8YPH9BsFwiWurROpaSP4W223IIADaergjcQcHI4GRuyBgfd+B5/8AgnTptjsktfijH59nLDcW8tzbR7BJbyiaMsFcHbvABDc/w4yQT9e+GbbxBpN5rOi+JNUj8QXyeCJrVtThh8i3eCC0aCDZEOmFRSRn5iM57tUq2CxmNytUKzly1E5JqSs04K+u+9r/ANN0cLXwmAzaVenFTlD93JSjK63tpd+n4tKzX8wv7eV8s3j+xkjSPi1cMhTexYTHJIBAXn8BwDzmvjTSb/ytQ03fZpIZJrZfmtxjBmQ9cccYy2COePmxn9Gf2l/hhdePfiLK1vqcGnppv2uCUTpuVnW5Y/eGBwQQoAz0+bg14N/wzxqrXNrKviGyQRyoykxHDCIq3ygcZboPrwDzj+mMqx2Cp5bRp8zU1ThBpK7vdN3VnZ383o7n8v5xgsXLNcTVjCLi6yaetvdkm1vfZLXW93ZWtb6K+KN4lr8JvDs2qQJDpz3mkoqou98OkOEUAkgD7o6DAy2Qdx+ZvjT8E/CfiLxImqz6zqdnNfeDUuygjypSGEG2UE4IQLjjOc+3I9w+MNndSeBfDGkTaizrb6vpME8bRkxAwiPLEDBUblJXgDOMEDFd545+D8fjebR9WtvEVza20Hh+z00xCNgGUwLvRQMAouOODnrmuuGY4LBtOcZyU48sLWk3fl5nZLpa3dK66HJUyvEY2dqbhKVNwupO7s+W7Tas0uqeqVtLH56fB3wjZaNq3h+5S+adYXlhSMJhgqucsT0JYgsRj5T15zX078cPCGreNfAljoHh6JWvrzV1dElkVEdVTIBbGFGTnnpxxycbdn8BbHw9LBLaa1cOLCV5drxhAxbB6g/xEdhleeOOfZLfTLmTTNOjgdFe2csJ2XzGEmAFONuAO/Jx65wK8atmNCpWp1YpqEWnK+8kuVbvZ9Ne1+57GGyjEUsHUoTUFKcU4OLTV1yp6rXyuraa9z8wfGHwW8T+HdB0Q67dWdrPBczRWtukgnLXCuCwOACgLDg45Jxnpj0r4RTporvp13cQzXstzazhYSB+8yBg9yQBgEngnJGa+u/E/wAJbzxXf20up6qphjl80ZTciSjncVIxnJOQc8nGT0HluqfBKLwtrMniG21aO5a3uIW8jyjGjHdtyTyDuGOM4zgjg8bvM8JUhOi223yqN9Hpy3k7W1WiWmyfmjDD5Ji6NWnW5E+RqMrNbWV5LV2aW3XqUNb+PT+A/iBeeGbjw+t/ba5bWwurlLjy7i1AjwrQSYJRixAYA7WBYFjkV81tcTW+u+Ib2K0tkvdf8Ry6jYTCQl7OPcNsK7WOMoSWyQcjJGeK+k/E3wM1Pxb4nj8XNqYt5BawKkSWxkjIRDyHUkEgY/h55GetVx8F9etXjuIZ7WeSN3kWS4twhBJwT82OowCOM8AgkE1NPEYOk1GFVKTh7+ujXuN3vfWLW6W6e3WcTgMdVk3OClBTvTad3ytR5uZeT5rWWj1b77Wn6i0ul6YLhvOkJsRKQoPlujpgDPPzEk5AJwDX6LQB7jwsS+Qi6INmSV62eM7c8Lxj0wW5Pf8AN5NG1zRJoTqP2drFbm08wwYbBEq8EAkjgDAIwcAqCBiv0gsHiuvDqBNyrNoyQo2Mn95bbQSMnG0sRyOcMTxkVyZnWozeHnTlzWd2lZpP3dW7Wvp1+9M9jJcNOk68ZwUU+Wyv71rWurXutL2tvzd1b8l/C2v3XhrxV401azu9IgkkWfTXn1i0S8jtoJ7ktNJEkoI3hV4ZSpXPIGa8c+MHi5fFPiy81q1n0ePekNmi6barbWpjhjjXzfKHCmVwzlgAdxz1r7qv/wBm69uZbuEappkkWovNJIHEZYCSR5FV2DgkqWAIOATgjoccef2OrZ5XS7u7GSOR9rNZzwwyAEnoGkyCeSQeRj5QayeZUv3btNOmuRcqfVxd2rNabd9Fbyynk2IlKpZ07VZqTSnZ6cnuu7bbVl10V0lrZ+qC/df2RhlkCf8ACHXAc8Y3MhGABkjnOAeoPY1+R+qWUl1plkYIGabZIyFWJcjb2Xrx0x6EYB6V+xXxI8PL4N/Z28Q+GbaNvs2keH3tUllcOz5Uc5XKsMtwwPIJ54Ofx+Sa90y1tr2SNXhe1OwSsXA4BBQDoenPXIIHBzXvZDU9pTryi788tG09L8uvV9H2Se2h5HFq9g8DCSTlTowi1qk7cqVk9+lvw2aWX4f8May1/AwtPMQyQ3ErMw3qiNk543LhRyDxg55zlfr/AE5N2m6ofIc4to0XbllwsY3L7nj0+nNeT+BriHUo5LpbZ4n+xszt1LuM5I/2SMEADGSBjvXstlM8XhmaeMJzp928jlCCu0OoOTzk7QBgjOOCuOfYlG8UlGyVk3e92mtUvdW8t+9+yt8TKfPKLsrtppK8ra2baeuid2r+ezMbwrrcFvbaxp8UUYD2jIjMRlZCDjnBwAxA69OnQZ8QS3uFfUWcO+yaYK4YFd24lsDtgk+gJxxg5HW+DtRhuJbtdoZ2jcuSrYIDHnnBAU8nOQMDgVho0jLfJboLgxzzs7Ku7aCxGSQc5PTBB6EZ4+VJtJNaq2i0aafSzW9vOVra6O5U7KOl3ZapNJWerjZLZdL7W6XucRPNcgsQ6hjIFkBOPkA5JGQDnAxnscAEmvUvhwBIl2rMC+6J1UgExoGBJHJwex9Dk9a4zybWSJWuLaQOo3lhHwWzxuIXocDvkYxuHfrvC6XMaM1mhhW5mEaSsApVmAyCDyVxg9jkY7Vy1E9dU9Nlq1dJ3tt5NbPQandxaXKtLrWSSsr9kpa2131sr6nuXihdVkntG065kJtIrWci3QmUxbcFTtxlQ3Lc42nOeCD4R4uF1qHiK9klaVpVgiZiRhSyoeQV4zkdDjuOpJr7h8Ma1/Y3gJdKk0XTLybU4po316ZkdrdUUqybyS4G1dqgkBSoxyM18eeLUI8U3kNkgigSGJwCQwk27XfaSclSSwDdCuCCMADycpxjrY2rQlSUXGVuZNPmaaStZJpJbPbT0Z7+aYP2OX4atCq6rrKLdNp+5dKXLZt6x9fk7a+b39rqP2COVYZJIxLnAOSdvIzn5sqRgLngdOlczLfTLKd6qrghHwpyBz1xn5gcA8ZOM8nNd5q/iRYYXtphsJmUbUQqRwPkPA69fTnBznFecy3sQvkuNyLDLP8AvGkIwBnnIHuAR6DPHIr62MrtOKtsm1d9t10d9Xtb8T5JOfK0422UrXd0nFfjbuunmdd4c8+d9UmMCf6Ppl00RYAO/wArLlR0zzxnHryCDXy3f+Ybm4Mow5nclXI3Ll2IDHk4AHqMhh/ERX0DF4kdLq/Fs+LcwsqyIAwIPy4PykiPkenzAc/IBXmOu6THJKZoYmmknxIWVW3buck7egyTzwBjBwOuSpt1pzmpRukrp2i7OK1fLa346M74TSoRi7aPW9l0ile6etraa30szhBGwfcdpLD5V6npjJ9sFeB6A5xiu3g01TYWwRmJyJJGLZCkknHBBYnnGBkZx1DAYv8AZ6wvtdHyyoVyCvy4yT8oIDcdBnn1ya72C3QWURRmG5VUZDDGFOS3zDJ6DPfaMc4ro54ttRlFppXVuZ7q1/WyV7PXdp6OJzUlqnq7P5uMdrJ2ta1ltZnVeAlH9nak6yOkqTQoOcfITy3GSSPr/EMda5Hx9KDr7gSyMDbx/M/RjjnOBjGWGCAMenTHf/DfR5Z7XVriGETrE8aqWYrGGJwSy985O3JxlSOTyeB+JljLbeIBbmPyj9njIVWLIeDkhujYIIbJB6cDvzRknWm1q0k38UVdcivbSzd779E+tzfExvg4qTfL7rdnpo07taa23fW3WxgaVP8A8THTwzYX7VaszZzgieMgjIBPQYyACAM8nn9APi6s1/8AFn4NyFhKjaX4UjQ8sABjBwMk9AOhHJHXAP55aRCv2i1WRHdhc27Ac/8APwhBAznsMHHrjsa/T3xvawXXxT+B0kZhEUel+GUdducOBn94COSWA4IODwTjOefHJv2UmvdXPyq7fve47JtbK2j79+vocNzhzYqCV/4Tv5KUW7qyS1d2ktenc+Iv2t2cfG7xeS+8pcW0eW4GBEgwRgYAwO479BxXypcN8xwFwPXJBPJz24zyCRn8uPsD9sGBX+OfjZkAeNr6MDbhc7YkBAGMAfK2fQHPIHPylKsO4RAMd+CQR93GeAe46Akg5xjrXEleMdLaR0XRpJvyst9Nu2w8ZO2KxFt3VfVvTol5trdtWtdR6vOjiJV2PHykjaCOMZOM/KVBHt/eHOc5kImjlZ7eaWJlDkOkrxtwMsQVxx2P4n1I6i5mMVuyLgAIFC7VHJzz2JwDjnHAGFrn0XcxYk5PX0AJJGM9QxPrkHsOppRbavFW02d+19Wu1n5nLGcvel2tZdVoteZNrvo16tLb1Dw9rXiptDmRPFniC3ijmHlW8Oo3CRBe+xPMwPqD/CckivZfC1r481HTre+HjrxQikjAXU5jtC5ztG7JIAxkkHAyeAa8e8MRj+yrwNGWzICuM8YHAHGSecEqMe9fXPw9sPO8I2zsu3KHLNxgBiuBgZPAHBycDrjBGFShR0TpwfM7JuMfJtWa1emq5rXdt2kSsfiqa92vWXRNTlF2SWi1S8272jbprbx/xJ4i+JGk63a2Vn8QPFI8yBnkdtTmVwVGRxkYHAGAeMegFXNM8W/FiQHy/iR4rCtgZ/tOc7dx6gEjv7jvkccQfECIR+MYATkLYkggdTgj+HuRjIHrzgZxpaCP3CNhBnGExznoTz7kk9x0O6m8LQSX7mm7K7vCO9o3e3ou6syv7Txj9mnisRGVo8y9pPpyLV8zbve3Z9Sa+8Y/FSyuLSNfiV4tLPGzso1KbkqTggBsdR2yR6ZGK7ax8ZfFe7jkeH4leLN4t42H+nykEgYPOTz0+uSevI4XXjm+t/nClbWTACrjByGJOMjPQ8/KecjB3emeDhBNaqkjKrtbAHjOWPHPPpzjHOQB03CJ4fDqD/dQdt7Rinst21q/TVOz2etvH45ez5cVifela7qzenu2T1u2l0329TP1vx78V7Kzs5k+JnixppAC6nUH+QKChJBHc5PbhiPlzWxp/wAQ/iT9ntlufiN4saScoSw1FsHK8rkDjbnPXIB4zgmtDxXoemLZxsXBP2Msu7rvzlgcEYyclQT1B6jiuEsY7R/sKvKB5O0lWJAxkEhgc4HTAJO75fbHFFYe1lRSS0TcE7aJ7NaLS6S0slsm0dv1/HK18XWeif8AFn0stFzbbO17O271O01L4ifESwhlNv8AEXxeJooWMYOoO29jwFGBnA3Y44I5wcV51L8S/jdcWd1M/wARvFMa27FwTfSK467wAG54yM/KRnGccDptTe1e9u1jEbL5cIDgqQCBj5cHOWIbcD+IyBXJ63LImialtkVWZcKUAUtwcE9sAEd8Y7d6zUIcyapR30sklZcqb6K6sraWd1d3UjSWMxbVni8Rqn7qq1FfVdeZK71/F3vc6Lwb49+NOq6a0kfxF8VFZLh4xI2pS4XYzdMMDjI459M8CuoHjr4vYWN/iJ4qUodpJ1GbaNpA45wT+JByQMAisL4IMJfD7wvmSWS8nZW25XhT7AnJOeOON3Tp07kx3shPIWaX5WH3iGIJxgELzkDuR0xgV7EMFQlRhKVKDv8A3Yu1uXSWnq736arW5xVMdjYy5Vi8RZPpVqJ6KD35vNX1va60a1fe+PvirDp0so+Ivib91a3Eq/6bI2HSNiOpBOOx4HcgdK+cdL+P3x8Z5UT4neJUVZCQXumLHDSLw2DgEDAwAOvy8V9B61Jbvp00O4L5ttOSSu0j5G5PPCnpjAxg57EfJOj2Yhurl/mkjWX5SMsOWbqPTnBxj2BON2TwWFSS9jTutFemlrdPp27aPRaLYcczx8eVfXcTf3bXrTspLlTu+a+t7t3vtZp6HrI+O3x/YKw+KHiBsKDkzgbR1II2A/LngbsD071ag+O/x9YlT8UPEJZFO4m4BAHqOueuOuMZ64NefiRm8weWMKSMldpHPfPIBIyARkHgAtwbNvv5KBG3R8ts4JJ4z05yBtHQZJ6jcJ+pYZ2/cU9LW91WV7Wtrv8Al94pZxjtG8biNNo+1qNfZWicr9l5aau+vXah+0R8fdKfT4ofib4h33UzKwaUYY5yC2FxjgHAzgjpxXqOgfG79oa/KM3xQ1lTGqlhuAOSd2CAuQwOSMZ3dDjt8reJQ4v9B3AybpjwOMDIBxnPI6jPOcsQOlfRHgseXAxdD8+0LuQ88DncBnngEg8/Q8YV8JhlFXpUlZppOK0vbbbba+uy+U1M5zGFNSji675t0qk9dnFbyd/LXoez23xT/aBckS/E7Viy4ZSSCASOvzKCB8wPqCMc1X8TfHX4/eHtPmvX+JWpSzW1tLJEHUbcxqCAfk6ehAPGc8ZzY0dcl1kweDklcYQgegOOcAkfmO3FfFSJG0O5IZRusbgJgADO3lufQnnkkZGPSuOGGw86iiqNOza0Uezim3bdp7K7s9dNDmWe5o3G2OxGsoxs6k9m4LZvy1Sa6aKxmeFv2tP2ldehJTx8+C2xS8KMWIYjJJHzHj6Zxx1r0W3/AGgv2oSFMHxAkDqMsot1ywHBAIXOMY5P1OPvV8n/AAtTy7SFwpkP2lz0B6MexyQOCOSeg5HFfV2lzRyRhAgMsZ5Hl4yWGByD3xznP4nk6VsNhqbdqMG3baPvWaTs7fNLa1m3ojtWeZpp/tmIey1nLfSz776+Wuvbprf9or9qARgv45SRwBuEtqhIIGWyNvB24ABGQfXODieLf2oP2mrSwlX/AITaBHEauixWa7yEBLZZgeCAARk85PfnqbDTIGijuJIwGDH7qBlycKoIz05yCeOmMfergvirY2UGnZKRxSGxuCThVyTHnA4zz0yPXucGuOnQwzmnGhDWS15YtO7S2tf/AIKOunnWaNWni6zVk7c0la/Ld9tXddNb2VtTK0j9rH9p6ZUli8aRMJFCgPbRs5ULxlWQEYOTgYPQjClc9bB+1B+07MiO3i+wJhyzmSwhOR6BihGScLg9T7Dn5l8MXOLWEJh9qblPTb8xGQTkkjOffBHTp6nZXKmzZWXJVC25V7kHDHrjqeCMdenf1o4Kk4qSpR3Wzs07xWnnpo1fr1PJrcS5jCrOn9Ym3H+Ztt6LVvbXr8tD1FP2pP2lVUXDeItImdicebpluRtXkgrszjr0bg9OnEN9+3L+0p4c05pl1TwzKVvYEdTo1szyKXUBGPl42vuAI+8FyoBIJPkdxM+CqgbgpwxHQEDGOMe3cdB3AHnXilX/ALNmDSKjfbbN3OByPMXoASAOnAI7g4zV/wBl4WUW50k209NL7Lrru76/n0WE4ozN16cYYmUVJpySsmlpvdPW3XZpaXW36M6d+2b+1Nrdhb3H2HwIVNskyI2h25ZQx3Lkbcg4BOS2D1PXAuf8Nd/tQskZe18AK8Qy4bQrUuVwc8kYz04A9ABjOPJfAt8LfwrNJJbrcFbe0VZE2liPICDIzlSCc/xdPUg1Tl8Q2SMwewcOQFYBs5Zh168YB5yO55zxXz8sHTU5RVGNotK6vs7Lpa7S10Xrs2fZy4hzNQhJ15NWS1jG7fupabdL3S669z3Nf2vv2lbxEL2Xw/lKn5idAtcgA4xnYDk499voea5/xT+2n+0jo8SxfYfAJaWIRoi6Fb7eU3FtxAyowR1IPGMV4+dejigISzICPub5sHBIxnBznsOR0OAK8x8c6zLfTKzBkSIZjycbB5bcD36jJIHHbk1rQy6jOouajG+1+utrLfR6aq2qOepxDmSilGvKMtFsl0SW172t6btLVs+qPh7+2T8evF1vM8uk+BjcW9yLeL/iTW8R8xSSx4Xd1BbaDnA4PGK9V1j9pb9oDSQk82g+CJI2RQ8h0i3KgsMjPyHntjpnB5HB/Nf4JeILuHW57NJfke/lnAGT8wlA6dhy3BUkHqMdfvXUr97iwhE6bh8hmTJKADbxyBnIBJzxleh5r0f7HwVlJ0U09bXd9bbWdv8AJb20S3oZ7mUoKLrK6tvGN72j1s077Jvq/kWR+1j8c2ia4Xw94C2ljGwfRLcrk5wxXauCeecg8fiaNx+1h8ZJSBLoHgAOhC/utAgB5+8MgY4wP7pOc4O4GuWvjpsikWtsoaVHJTaFAIBKkjOFGRgZ9ePbiorZsNFgb2ckHHIIJJBbrgY4GcHGDjqOiOV4CyXsI66fFJ3ukr79FsnfztYznmuZXv7VevJFPVryV3rq76dldo+ibf4keOPin4N8U2HiHSvCNrZXNlc2u+y0uKK6A8pywRlKsiswI3Ejrxnivxy0/wCK/iDwrqeqeHdJ8I+HpodL1S+i8+W2DTT7ZWB81wfnOACBj+IcGv0ystWn0Hw3qyQuI5ZrS63MGwQwhcEKo6nsR6c45r8mPDs0d94t1drgM80uq3skpPRiZn6kdzjPI5BBGM8e5w9l9OGLdOjF0otxUeWTs0lFp6t/Fpfy00Z83xRm2IhhKVSajUmr87cY/DZbaWv5tNLZdj1lPjz8QAxWPwd4b2sfu/Y93OcgAgnPQZx9Bwakk+O3xFkIjk8F+GVVVJP+gqN2e55575yD3GeTnoW0+28srEihtqtjyxgMOvzDHy8D077g2AahudItY4d91JBESoIQDLMflJBBORnAznj25r795fKCXLWnd2emjdmm1d30ur2u/TofldTiRSmoyo0l72yirfZ0fXW6tfq9dTl5fjZ8QN4m/wCEN8OlVG3KWiAZJB5z6EY6kHoQMcJ/wvLx3EEaT4f6DMc53G1QMeQQBgEBSAAemVznjrumG1QRKiRl3TPIJACgEAnLZYgYxyckjscalnpUc0sYUR8KSQwUgeqkEZHoBj5iOc4rD6nVd17WacuvRaxva+jT7Lt02PQpZpSqcr+r03FtKyilZvl3V07Xem/Xo2jmP+GkfGVt5ySfDDw8xeBlJ+ygiIEEFuhBIGdpwOuSSTisjwr+1PrNnC9inw88LTus8rSSPaxAiR25U5HOCTgjcDkHHYdZ4g02KGOYRiEH7JMXJQAgBWwD0OSAQGIJxkdjXxbpcskep6iEA2/bLgkbeCDIxI7jJzx7dsZWvCxkatGvSj7VyTUrOS1+xey0dkn1Vm9XufR4PERnQq1I04xScb6WWmu2+lklpa787P7fP7UuvPsA+HHhEsABzbRNkEZ+YDHUc5z3zyBzab9pzxA4Qn4b+EAxAZSLWNSduQBgYJJ6EgAepOc18wW11LF5REaBdgJyOueM8jjOeB1ypGQQRWpBfFlIa2U7CTuGBwT90Z28nGOePTsC406klJqUrqzaS9PJK9t+iW5wVsdJSdlFpaaKKSSae+7X4N363PoQftM6/Iz/APFt/Bsjls4a0QqvtycEcDAAGfTHzF4/af8AEiFUHw48FoynbtNlEduMEYOecjg9Pu5PABHhkd7GIzm0Xbw+4YyCMDAPUnGfY8bjwCFW7tev2baz/OGC5Ixyo7gFj659ugrRUJq16jto1daqSso2Sbbu9nfl3vrvksyq9IQulrLlWq93yeu2q1+Vke6t+1B4rVy6/DrwQAi5KrYRYyex4+Y9eME9TgcgMb9qPxVIHLfDnwU4ZAVP2GIKBzxgHPOeenIOM/xeFx3NlJIHaMhVfJwfm6/e29cAkHnPcDOcUtzcWHRUJIXG4AjjOBwSDlgQcnHPX5QKydKTUlKo7rVpbbR312s121T8mN5nXg1LkirWs7LTZ9tX0VtFqme0D9pvxKfkT4b+DGJU5X7DFggHO4Y+bIzj144zgU+0/aF8XXEkcdt8OPBYZ5F2r/Z8ZIyRwSpIB69jnnkZrxmBLKQREbkIB5IwWB+8FPAPAIGOfReten+GIdNtIBK6qxm2hA3OOmc9MkZGeOcDk/LV/V1GMW5OyV2na+ri1Zq+rfdN2WrtYFm9ec1FQpqbVm3FNNtJfdt5eVjS1f8AaZ1Hw7rxg1D4aeEnmSNJWVLSJGeRwBu3bTg9PccZIyDU13+2HqMZiX/hV3hdl2BsTQQyHB6bDgYHOfXqOetfPnxXFvL40xbNHJF5EALdQc8sVwTgjjHPQ85yAeb1G1idrZ4o227Apc8YLY4KnOfyJUenBPNGMpKorpcslqlFy3ju9b3b3Xn11PWni5QhRlOMW2m7W91N2ulrZp2VktLt7dPpiP8AbF1EEt/wqrwg2GO4GzhK9QATwQT65PJyMdhKn7YmoFgR8KfB67eQBZxDIPJAA9AcjA6noetfMtraoQyhcN8pZcAE9s7sYzk8A5yMDtVhLOMmUorOAeTwMfNgcYILevUDoBgDOscNUaSU27uy6a+6ulnZa67W+duV5vCOiinJb3irW92+67p6J3urbqx9Kf8ADYWpby3/AAqvwiisVJC2sJX1OBjAOepz25I4NKf2vrsMC3wo8MOpIO0QxjJAP3TgDqfUdD75+d4baPag2hgcEjaSeRgEnqcnrgHPJxyau/YYtrfulCjnO3actgYGemee+e3LDjWGBm2+aTWmsdbXilrZN6aW73fYyln0IW5ox+cV5aPr53+dz3ib9rmSVgB8J/DK5yTiNc57DAHTHAB56npg1Yg/a6aNGVfhL4Wc7fmLQqPfHIPXI6jjIwAK8COnWuyNvKZSACWAGSxJ6jb824c4BGOBz3lj062EgKozByM5AOAR1H3cHngAfNz14qnl89XGST/J+69Ol9HbtfXcy/1ihsox9eWNrq33eV+3lc+hV/a2LIIx8I/CilzglYI95yc+g5z8oPfOMcYryrW/2k4bTxaniQeAdKtLoW5tVsY1iEChRhXKMmA5+bJIBPGSdwY0rXRrWB97gYGXO9em0BgEJ4JOOec9iTzXzx8RlRdavmRTgBCp+7gE9cDgLweeARjpjB8zMaFXDU4TUryckrWVm7LrZJvfvrtdqz9XK80+vSnCMYpxWt49uXRJW1Xa/bsmfXVp+2xqscQjj8AaC4CkEvDbM3zHjHyfrwp4J64rQP7a+rPDsHw/0ZARuJSO2UkAYwB5eQQTkkdApUHnNfnZFetBkA/6zJLZLA4xgAnIAHHII46nGKvLrLlRG7bgOA2CAF69Rx64J6kdzXkRxtVWbk1bT4VbZXte7Vtb26b6y09zdaqNrKycVay5VrbbXbo+tj9AE/bN1V28w+AtGcxoQm+O26gdWBiUHGDyCG9sg0v/AA2dqTlC3gHQeDg4itSWIzgEbMHOcE8k+/b42020sZrZbtrlctGCUI/iJ4B+Y4J5474PpVbUI4FIeBRnnJUHbwATwG6gDPBPsR0roWNryT97tulZ2tq7JO9l5X1+WNScKTXuQs2tkm73jFXaT9Labbtan2XP+2RrUytDD4B8No+STvtbdivI4OI+fU8jIBbkCks/2u9ZjiKv8PvCkzEH949nBjdk5AOz+HOTzjPOe4+RdKjV7dcgB3BDMqhjjkkEnPIA4PXBzx8tdCmlHZEFUMxlBQkDO0kFi56BgckdTkDJ5YVqsTipJJVHZpaJbK8fTXTq+60drYqcZSckotN2Ssrt3St8Kad9N7J2Vj6eP7X92qqW+GfhIvuyXFrACeecjbg5I4A/DJyS1f2vnzvb4WeE5S2clrWHJ6jCsV6HGQQT15OCc/JesWL292I/MTdJsBVQoPQFsjoRgY6ZABPJrKlk2ARAK5UPgg7enIZiPy9eM4GaHiK7Ws35Jq6aTUU99Hdq26b3aW9KaXuqMb6fZ12TWtr307r8NfsPUv2uYb5Irb/hU3hLCMJnU20BDBQMqxC/dGOnTnPXFXIf2zdOtraNE+EfhlWBII8mAID0OxdmVAyRjJzjGRzXxXasCyoVO7ypsPuzkDOASTnOR9eD2zmG2tJJICRmXa0jk4wV7Z3Yx265zzx3xFOvWlKzmvlFXVraXvdafm91o7U04N8sbNfypLW3yvrbq/S59rN+2lC0oJ+FHhgAEfKYIflIx0YqOMevfjgZJs/8NoWcnzn4TeGmywBPkwA4BJ/uLnOPw5zzXxALfMS+Yr88hgMkE9BnuVzg9uR3GasLEpwqhXKru3AYIDAEFsjHABwCMnrnrjrhVqSVlUTSto0m1tfRdVdppqyb36LH2kFd+zhZ7uzvtFt2W1raW+/qfbEn7ZthKVCfCPw2HHAIhiJGTgdETG7OOQM47d5E/bE0tim/4P8AhiRhyWFvFuGPbaq8E4z0x69T8TJboyhSXyWyrMNpBxyC5I/iwCCeMHGcc7lrpc5tvOAXYHIBGNxYd844HfJGO3qa1jKrqrq1uqu1qtd9tNe3pY55Ymk23aKasnptqltva1nt6919hv8Ate+H3+cfB3w6Hbgt5cecnr/BjoemDjJ5A207/hrDQXKr/wAKe8P/AHdwdRErMAflGTGASOuc5Udcmvj+HT5p4xhcbpDjaQCVHbPIbGO2M44z3sNbvBNtKtlUBG5uenPHXIPDA5J655pqM9+dXurWT30ffXRJ31vvexH1qnr7sWlunFXv7t1ezdl997W6X+vf+GqNAkYbvhBojL/dbyRyOenlehJAIyeeh6Sx/tU+GgjK3wf0dsgkgGIY6A/8s/bBzy2Pxr48jDqodAcHg7yMcA7iBgDuCSc8HuTkD+aYmIBY79wO4fKB1zj0zxg802pNJXWyv13atZ3ur+u67WMPr0VK8YR02Sjd20s21e+it5WbVmfUGsftW+CRIBcfBjRJHcxkNIYsqynJZfkGMAHIwcADPGK6G3/ao8MTwL5fwg0po5NpViUG0BflIxGPl7AZwOvFfBOuL5ksysGYmMMHyMg8Bl575Pp6ZxnJ9k8JaUj6LbuSrKsQ3YILEkcc/eyoAxyeMYx3xoOpOtOCtLlSta99bdtXba7t13TNcdmUsLg6Vbkg1J8tnFOMdFrZqy8/PZ9vpgftSaUpEf8AwqLw/hRlNwjBBPIIO3j0K8ckknBwGH9p3RwCJfhB4dctlleTy9w/uhSE2jJz/vAkcdB4HHpkW5SqEKQybuSVwQxbnkZOB3HI+XAqI6dGiuCqlCWGRkndnjI644GRnPZeRgdkYVm7KVtF1vZe4+uqeq02dn8vmpcTpaKnTvqtIR0vbql5W10Vvv8AoL/hp/S0dJT8H/Cz4UZMiIcEgDByOc/LjA64Y5IxSy/tOadJtz8G/CeSSd6xoW5IwBwcjpjueeeePCo7CBwsWxskZ3gL1wcZBA7gHPGTnJJwaIrSNZ4xwAMhsr87HgcAjIyBnoM44INaOnXVrSjfTSyf8t3trtbXz+cf6xud/ci7LmtyrWyV/wDgp6b+h7E/7SNvlmPwl8MYBLAtEoxngAZUHtt24IzkkjNRRftJQneR8JPDJ3dFWKPIyPTGRng54zjB4BryqbT4GnZBGVUBd7BR3wc4bAHX/A8kUxNLUecqxq4DfLnaGLcEdwQBnkYOeTjiqjSxCTfPp1bSukrK10na99lzL0VjOPEqTSdGFm+iS23drL0dtu6smesf8NMRxyRAfCXw1k56xoWIy2eMf7J6nOa03/acjbaB8IvDrHAQ4ijI6DIOB9cBjxg9gorwubT4d8LyI3DKpOMDgkkYzjHI5PGVJ6DB6y00m2MMhaMqGZWG1gcKRnJwQQ2exGAOm4nNL2FepeKm/dS7N7R2tp0v01ve10dceIrRSjTpxba6LZ8rTV97vfS/lY6zV/2qdKghnW4+EPh7YIWjz5UYAYkgkHacAdCuc9R/dzW0b9qLQJbRY4fhRo2UcMXwnDHGFGFxtOflHUDnrgn568fWcdvY6gIQGj8wd8kNkZPOduMDO0KM9c4rnfBFoJIvmjZyH4xkgLs+6eSuOB97dnoDnmvKqU6yrunfmjKN5aNPdK9001eyV7vtZ7H0tLM5fUFi2oXs1ay1s4q9+l7eltj7Qtv2mtE89Xj+FOjgFcHCoAWILHsc5xnIzxnkcbrR/aY0w5if4X6JhmLZbZnAOePlHTt13DnkCvnu00yFFMi7lVc5DgnJOAcgHkNkEdck88ZA2Y9JglG4xiNkC7M/OoyQSXBx3ycYGPujdnnaGFajHZWadot23X96ytbTr5KzPJqcVVkpJqFk7u8b227fPTRaJ3XX2q3/AGkrBy6/8K00UK7Y27I92DjaT8oIJ2j7wx04zipv+GkNNjhMTfDTRl3ttxsX7q5wBgHGM4zjnBG4kYPjltpcaXBl2hyp42qMMTjJVMEYxkc/xZ5A25ZeaXbtNGSG2rktgfdJ5wAScZOMZyB34Bzf1OTcbtqz2XNa7cdHeW+l+qtd9hLius7JRp26Llt/L/d6WfXoz2Rf2itM3Qo/w20Z4+HGY1yO4UsynjJAyBnbg4wSauRftJaIJZEPww0dUJ/hVckjB2klf7oPIx2wSOK8QvNPiXyi6qoMOIxgDOCvBOfm45GQccEdKemlxNsMqbQyqwIwQDtIPzdecZ5OMk4B61tHCvRa3WiSclZ6W5tbWSv81rocc+KMQnfkpNN63i/d+FWUm1fy07LZnvEf7S+jlnP/AArPStrjCsVjxhegBAzubGV9CMkA4p0n7SWhDhfhhpkZdCjtgZJztLDjqcEEkAEE14ZFp8LNEJRyHYRkgbSDxljwo7HdkfdIXrkW7rTLXykG0SsZCBkhSBkY3EBSccAHn5QN2Tk1osK4xdpXbUbpXb3jZJt7tS0t0dn0JjxVXna9OmmrJe6nq3FJ67PZ3u+ifU9Vvf2lvC8aRSTfC/TpfLRmLYQsoUbTn5R7gjHA46ZrlbT9onwJrM8yH4WaYrGQOpQRgg5xudhGDgMRwWwOv97Hlut6RGlrK/yj93LvQnjGONucEDnGOOB9MeYeGILdbqcSDETMwlIYbwMnkHs3pgjqrH343CaqxTatolvfRRWrT1s9Xroe9gsyqYqE5SpwT93RR0lsna2q1e3mfYs2nrdfD2408FsyTuEJOEViQCxb5eCAOM5XJ46mvGJ/B+uW3k2sb2zQyEnas2SB9SeuACcliQe5r3W/nMPw+uTGRCy3a/LgZUZBwCCAFYdSehBwBXgst3qKXCyrI4jdg0YyxWMDGDgnkHOQcEZIyWAqM6hzVaCkk7UIpNrWzavf12102ROHxM6VOcIWi3Us19q14dN3daX0XT1lg8B6xHdiV1g8jax+aRSoAXrtQghh056EgDA6fTnwJszo1h4siuY4zNPZPlUkyADu2nOTjJ5U5IycAYyD8q3viPVVMkHmrvHzeZuZTjJyACcAcDjv2Bxivpz9n66a+0TxJcTzozi3ZSzZfa2CCoJO4gHaM+ufXI8jA4WnHEKUY2undJJJfC2mrLz1tbVfL16OInJXlZKKum97vl21vdXs7Lmbe3V+f694GtL+5lubi7nDXFw8mEYO0fz/AHSezKVHGSBg9Oced614G0e2aTZfTTSPwobDkMAMFmztGM8jkcHkGvSNcu7hp54Ucp5U0rO6b/mBduB/tEjO0EjB9K4nVEu7m23hlKFZGBHBPGdx5zuzz0PJ4yMCsa84Uq84xStzNP3W22nFO1rbO62ej+J2dslKdVt30Ttr/LaKldX3V5Rd7vTa227+zxp3kfEiOB5z5aQlgzMAGeIsY/l44DADHfgZ7VR/aIuNQi+J2uIV+VRDIgLHKkxjDDHXk9OCASOxrR+AKIfiPpsU+5xM6IxQncB5jFuR0A43dRjrmtr9qO/0KfxheWdlCo1aCWNLiRUcu1uqgKC4OGIYY3ZPy56DJNRqOahZNJaJ2d011tdaptJvW76HpVI2wNnNv3rrXVWSt6vRX117JN2+TLueZ7g7pdx2knHDFyPUY64yRxwM8YrofBEpXxHpIfILXkBwOWGGUBRznBAJPBA4zt4Ncpe20qSea33GbHQjIUZIyehzxkjpwefvdD4Rkca/pc/ypi8hPfdt3DO0HleRkdSenTO7eLhona146raycf6tbV7aLXxaE5RrpX15oq12003HRXu7qzuuretuVX/Qvx7pdrq3h/w99uuYoIGMk5eVhHGskcfCNk99pBHXOe4zXwb4hvpor28itJ2WI3ckeYmKRNGpIBUcKykdOmC3oRX1b8d9RuJfh54Te1mlUNcSBljG1pBtYEkjbxx1A/2hxnPxRczTvcFyDuGM78gFsYYYwAMDuPXAPreJSvTdt4rlbV9JKKdlZap9Lddt7a4ydT2jUW9k7rVxuoptX00s/vu7JFqx899TtirlozcQEqWySfMXOQccA8jjp1OQBX258e0LfB7wXNESg3Qo2Bg52DHJHIGe3PcGviexgkS506dnULJfQjjDcCQcEZyQOMMMjjtzX298b4Xv/g54UhtUMjQTQEiPIbDRgrnnuSMrwcHr2rODShNaJWTsvK1raOy763fRvY6sN7SVJNu10tGmtLR0vvrvZbJeZ8ESG7ty5Qlmdhgk5JDfNgEjjuCTnnketWtOF81yVKxqGG4sSvJAOBnoScngc5JA6Zrc0rwpquu3/wDZ1jbhrx8lo5X2LCseNzM7fdP/ANcN1NM1TRn0K/FnPdJczRNiRrdiQj4OY2xu5Rs7Rz1A69M6c6UqkVC9rXlqtkknunu+l+tu7FLmjun8XMrpJaNLS+zd7tq70V9bH3vaxNL8BACELJYszsTkrhgQR1LNxntznJZdxr5Gnf7PGsqzbVKEMzrjAPAAG4ZZj0OeTjBHQfVmmTA/s+vHEztM1nLvbjJVTwNx3E59BkHnODjHxVeyXJEiMlyytEdmRlVYDHQYyvPJwOMH2G0dG4wXNd73tb4bJWurWeul+i1sLH6xpPa0FZN6aWW6Tdn3Sula9y7bak41KxUNlDcwEF2OMlhn5cnI5JxzyOeK+/PE+pxj4JT+ZcRgtLbplsr8uFyCNwxz329uSec/nHZFhd2COhjxdRt8/DDLEgjIyo6Y78YGOCfvTxdGW+BlwJYi7pPbncflChkQrg8YOMZGD3wSdtZ1k/Z1G0leCjv1tHRavr30ts9zry2p+7u7WtdRem6jez2vzbX6dj52TU9PibeNQhfBCCNzjJIAJPPGA2cj7xA6A/Lz2pXts+rWkKlztngYsCWWTdJ2JxgEADjn/gOK5O4t1cpP5YUh0BXcNu1cZIHBJPOTkDg9gwFuC4la/s2XZxLAcFQwG1lAKnAGQBk889h0x4dOglOPvaOUOnnHTR26d30+fXUrOo+Vpcr7K2jtZ76W0a01d+lj7y1y5eL4PwzJGIIzdwhw5OQpVSxwQBk4DAA8DPbr8k3Wv6ZJc7o/KlCrtO0bAHAIOCRk446jn5uSQCPrvxPLG/wEvbx/L+0x3UATOQBhF4Cjg8d8AZ5yDnPwLZwYkZiilZDIoZiMbieoA9Ceucnp0ya1x6brwa6QSV+usUmrRs01srLfWxU4uMVyt2bu3o2tlqrO6SteNr7banXyXS/2jYumArTwMwLk43SBdu0Y9ScH7p6nGAf0R8Xxxw/s7X8kYuEPmWTx4Od24D5iDnPPIHrkc8V+ZKbk1Oy5DK0sAOM53eYCo4yeMcZBOSTyOv6WeMGuJ/2eLxE80COPTo0yPlJ2pu+bjJw2eTkcDHOBpSTjha/SNr/dZ6t23W727tm9BN8yv/djdbSstGtlfRronZaLU+KtEt7W7YQyM7MR5m5gScsoPJzzxu4wQAvTAApq2x0zxj4cjgMn+m3MaBmHGTIMjI5Iz8vcgkhhkCp/DunX1uxLvs3KmzDLlUbHAJzhuQD0wB1HNOFpfT+NPDE0z74INUhhUbgG2bwRx0yQSQcdPu8YFeQpwdWK9Hq9dGn0Xk7bN3Stqd1OlJwScba2vazteGnV3aUkr9+z1+nP2j7+O18PeBw8RYCIp9wgkrCqtjGMgEZA69cluTXxfNr1rtKeU+N0hZMHIIGfXgdDyMEDjOOPsP8Aah+fQPAjKjiMGZI2Jxz5e0k9m9BkEd8Zr4kTTBmWTzGOZTvUNnIOAVHJH05APPHTF1lFNSinqovVXdrRV1sraKya1VurMKvMp8sXsoa6NrSN2rpdFbS+1+p7b+znqlrJ8QLJgGCfb0LAqQRhgVXnkZPy5HY5yOg9n/ac8WLD8T9UtVjR4zYWUhZ9wKYhVlCZ3HAI6EnsV6kDwD9nlVi8eCJEZmW7t3y5ABUTAltxIx1/IFu2K9K/aT0jUNR+KOsSWVrPPHNZ2gDwRmVFKQISNwB69PxJJzzXQoU5YWMn8XN0fRWv11aSv5emhNKtVjHR/atotd9elrO3W1vXU+etS8XmWzO+3UO8y7CrMdq55GCc4zwcHHf5gcH6j/ZqlfUP7SmmRQ8UdyV3N91fJYYBY5JxgHouOeuK+Pdc8KeIrLTEvLrTbiG28w7ZtuwfeC7nOMKvGe+egwTX1p+yu87RarPkEQW0+4ZHQW8nOTw2SueOcnpz8ywsFz3gteW7b5brRb9dN79X0CFVuUeZqV+VNxSvst93dLXztfqeW+LtZuNP1PU5YVh80ahdqMu4JRXYEEBsEccYxnpXOQa3cag5llWFZLeAkqrMAdwK/NyRkKeSehx3FTePJIhrNxLIjEPeXbEHkMTM4yp4yASeTxkYIBPHM6bMj3E4jRtskCIAeM9OeOnB5GCe4ya5G7OTau/i10b0ja2l9bJ269UrWOio7xsmlJJNWtdaRcbq19bK999XtY9g0ErM1hcRBPNiiQurHcMSOFO4fKuOeADwMHmv6Kvgb4purbwT4d0y5WO4t08L6OtuELqFEkKN5cbNlchgAMDJA+lfzpeFjAlvqKMpHlNaQo5+baCwBPYjOMccjBO3iv6UvhT4h8ON8GPAenRafZDU49A0qSS5KfvZ0jgXcDN2ZTnapySMYGDiuPNKftMHFKndufura6sklFrvo2npFqytZn0HDMuXFTbqK3Jps7xXu+6r6t7vXRrY8f8AE3xbsfhr8ZbPWbzQE1mTTL7StU/s67eN4LhoJVb7NMjKVkjddwIYFQxGeSK95/aP/bK0P9qnxn4Cv/D3wz0b4fw+FLd7K4tbL7FEL66ZU8x5vskEKyRlk/drIGOSQGO6vnDxT8UPgjq2ua1Z659kbX4J5bN7q4t3H2ZowyIWkJO8qxByMZA+Uevr+r/FT9m/XvhB8OPh98O/CNhpvxL8P6ybnxZ40W1lQ6vbzNu2pKThtygeWhHy8qc9/nq2CqOth66p1FKlGEWuaXKo6XXLfl31d7JJWd2fSSxNNYn2apRn+8a9omrR+B+8lpe6do/K6Od17xre3Wn6hDPpscFpbwMJp+SrQoFWUIuBkc/LwOBk5yK8Y0VfhlqN1dPp8MP2xrY+epikVWyctks/CluRnHpnjj3fxNd6Rf8Ah240yzkjW5uLaW3M7RqDGGwuWJBGM/MR26nk8/Oum/B6WyvL+afX4bhb21WLfFIkIg3n5TuBABAOW6c5HHSu/D06bV5VXBpayjeUU2tNkmnfTXTVptjxtSq0mqUaqtf3pXd7KyUktHr06WXpvaSNF03xXd3fhx7l72bTYlu4CF8uJFZR8gUAMnBJ6E8Y4PP3rpPj3xba+GdHc6fcPElkLeykVp4FlGwkSAghWKHJAwBwTk/MB8AaN4Rg+HuuX7yai+orf6fbxRTG4F08TFgRtwxKjL4KnHuRjJ/Sb4d/EW+bwxY2M2h2t5Dp8CWsc00UZd1MI+ZVdcA7TgFRjIIJ442mk3CKlzxvDrbZr49VutbrfS9tWPAPWadP2b5lKUU1ZWadr73tre93bR6M8xPxG1p7FZJ9e12ynNzOk6pdTrHGwJ+Ukv0UjgHnk8ctjitB+I3jrWvEWm6NL4w12zgk1VYoZftEpi8lmOWdix+Vgcnnk4OOOM34oaZfaleSLZQXcYnNzfSW9uSIUcsSQGVQDt6HHA4J4zjiPAUN/F4z8MiWOUQC+tlaNzks4kAYqfTJBOR1zwMg1vCjThRnOSWkXJq0nf3YrkuldpWU7prlbVloma16tX61SjGUklKLeskre6mrxaVkrS3W+zs0v1c0XU7mSx0qxvZZrp1t3jFyN4ed16vI2SvzN0Iz1PPOK+mfBf8AZ83h3TZJ5XtTaiVnRJ9hLKxJZuBycA54OTz3I+QYLHULjUCY5pbO2t4jPAEdFBdEBKgD7uc4GD7dWr6r8Bahor+CLZtTWdDH9pjkfCl3cZJ3cE4YkgDIY9OeAPIhGPPeTWrUb3s5KPJrffR7NrWPfp9POpKFONlKUrwUmkryX7v3tP5X0eslpvc7hLZJbe7m07VnV528yNTOGHlHjDKSBkZxz1UFR8xrN8FC5Wy1EMzuYr6ZWlVlyAWYMzYXv9QFBwoOTTdOuvD0mnXVzpyXUmYAikhgIWBYg+wJxgYOMkdDVTwHNc/2bqLozLHNeXQYbgTkEjcQMZx/dHU9McYzrQXM2leKW6vJrre7SSbb5m0+9nprtRblSnFNp88el7Ri4tvaybera0Wrvoz8yv2h9IW+8QeJ7OW4gsxPqwljkO0yTEgZTjLEnPGVBJJ45rxzSdAji0u3tINRRTGkjyrP8pYLuAwo6bsnJAyBgkEGvSv2kPDtzJ8Qtdb+23tdPmulkXzQRunVQQAcgoDjkgjOFPJBB8s8O6ZYjT1XUNWgluMTbJPOYeYu7CLuJ5OOnH8PGBkjxcNBqVW1WKi5y2T0i5q3vaffZ3v2OnFTpqpSSpub5I3qLe2ivzJJJNy0111Wtrnzh8a/C/h3WNZ/tC716y0q6tbCG3jibG64CsuZF3kqRkcYGOfqT5PZLFp2lx2GnXqXUwlunW7IyzDyGAKv0+6wwDzgdvu16J+0H8NPEOuaomr6dJbR2NtpyRbHuYkdmD/LIB/EDwQeTkgkAmvK7HRJ7LQ7C1+0x/bLdbkS7ZkALeUcDeCc4wBycKTz0Ar6LCNKhTvO7cdY2tGWurtolbq9Hp00v8piE1ipXoJJe8581nLSN3bVp3139LI+tv2bryc6G6yOJp9rl2OSDmX5mfAAPcAYQ/MSeqivqUszQMsUvlSkglh1wAGbHzYwexxnoMY5Pyt+ziPI0PbIgWfyZCzINwceaxwXORuJxnk47ZBJr6dklYJuy3mEHCjplVyGweOnzdOD0PBFeDjZOeImlaTUmr7JOyVtEtbP+rH0OGnzYWirbxW2r+FSts2mtL7bosRzTlU3uXZhIArgrg8bWOc5JPPJxzyAAAPiLxvZ/Di61zXX8V3Vpb6xIJ4vLdsMihypkDblG/sOgye1faRl81Y3kwSsikhQc424ySM8kHB68kg85r4A+I3wyvPFvirXbq21LSraF2nwt1IouU+di52kkkAk44JUDkV6OTwj7b320mk9NFJ3jo73t1V9tlueVnCmqUOWnz81+qs07d09V5d15I5LQdO+FWja7YT6drMepArKkltOSIk3KcsSudq/MT6rnbnjdXqc3h/4J3n2Oe417TobpyrtbJKNsZPzbduAMdMEbeB2xg/Pdt8JtR0W7hN7qmjy2jRuoMMkbSs5YIFbB3Akkd8DI6Y49Og/Zm1e9WHWk13TFhMUZSNWVtoYfdbORkBhk9QByc8j6CvCi7c1aX8NJWslFKzutL7e83ezbVlpZ/NUKlVQ5Vh4SsldPl6KLTel9N9Hq3dnvfhWH4eT61bJ4WvbGbU4pYYf9FU5Ea4JyynuVIyccjrk5Pu15ffDyy8S/wBq+JbyxHjRII7GCzmVw76ew2rIxyMEDG0gfKAWAzk181fD34D6r4C1q11qTXtOu45wkzwQuhmMiSK6qFXOAACD9B1AAr6pm+GuieJfHf8AwnOq3untcf2TDaRaVOiqTtQIsu0sG3g4KnAyQB1rza8YKqm6slL2d4u+klZWeq1aXVb3T2R6NJ1HSajTgpN6wtok3G0tmtFbo7p3srWPhz4t6Z4Ln8R6rqN5q8DRPeqkMcTK0GMEurkZPmpkDcTuPU5yK2fg/ZaZYTy2mjyF9OCT3V64/eD7PLglsgggfLk5A7c8muV+Lvw7Gna7r+jyaiknn6u15B5MW5FFxJlYCxOFCD5Rg9h0Art/hBoZ0G/u9PubgQLfac9tJcmVTFAmAFJI4BwSCMZPTkk52ryvhU1Um0lFOSa92XRJpbNxUdXqk9tzmwnu4izpxTTSck17tm9N7Wbjyu6Vz3/VPDXwg8RXejtf+I0hvX0yKK2toXweZBxycjLeox3JGMH1/wCLVt4BsfC3gJPGM1wmi6bq+nQafOqSMTPHgQBgDgb+Mg9s45wK8G1z4UeGk1/TNSg8V2Fu1ppemMYDLEJZjDL5rsjZAAlOMgID25r3f4uaH4a8Z+HPB9prerf2dpMet6VPGIpog5mjUCMhSCSjMvUHnPpnHA6fPKheq3zLyVrqLdr2XLdJt3076nbCtO1RKmrxm1a6ipNWSu0rWvZ66K68jwz9pz+zrlvDGpjyksZbdo4kMe4vbBFEe6M/OMxhcjqGIGOKw9O1v4U2mi+FtT8Q28KS2dg0WnTyRbTCOjFQmMoSRz8x54IOM3v2lrS7e08LQ27o1jbvLa29y6ndLCqhdx6fwqNxwCCMqVFY9n8E/B3i7wbolxrGtNCtlbymJlvEjVtwHmxBWYBsDOMEAdeDWkYNRi5Tm2pauyUrpRvZdb2fpvdO7NqdS8nFUo3lCKcpLS/uu6fyeunS+5PpevfCl9Wk0vw6kKeIdUuIrnT8RMfN2MHeWME4YAYJYZOBzwpx+QX7SVnIn7QfjmOd2d5LxX3qvV9gODtyQCRxxjrySCT+rt78MvCHhTWfD3iHQNSurzU7PyrXTBHcRzRLFJhJRJsIYlwDtJOM56V+Pf7SWoarH8aPHUkxkhu31FCA7YkUAKc84GNoBJ4yRkZxk/Q5LCnUqScXJtU1z8yta7jtFv7V31S0VtGfFcUqssLHnjGFppRUNnF62une7a6aW2s3rHdXEt3DY2MRDNLFHHuRSDG0eDgkcKcdyFz0BrU8KOQb2wZWjuJLhUCMCzvsYKx9AoABzjpzg14XYeJtZs79XtbrzZkhZnLKrkKF+ZlBGNwGG4GRx1xms+38c+JLS/bVF1AC4jMixswAI3N/EuB1A+8eARjAr6H6u+a8W+dOzT/7dvrqmr7Wv23aPho1ZuHJKSfRpp3S01vdr1Vk1dn6GfYDYa5pkkjMqroru0jAhARDleTkE9QRkHOec4zgzyR31s29WkmhxIRGMrtMpwT2ycdOc56MDXxFrfxj+IOpWn2W61pxFs8sSxssbonTCuoBAA7ZwQw4J25Xwb8WfGGit5D3cl3aCVXnknKzbgcYTcQfr1GAeAMGsa+GUmm2k2tdNE9NPS6fZBTnKDjTjs3pd9FZ6pvW1lrdJdUfd2n3UUvh/wAWiDKPJd22Y2PPmLAF2HP0btgjIAwa/OvWb6Sy8Zzyt5Uk0WptNBC5CJvSZgcsexAJznIz09ft34deJYtY0HWIp5Ea4vbmSaR1VlVcQ7kBOeOAVyBj25Nfnt8R2kbxbfrHL8zXFwE8shSCJz82ce2eMgr3zzXjKi+atCT92Ttdd/dv1btbqk1rd6o+3qVn9Tws/wCSKvFddUtU721666+mv6JeBfiF4l1EaLpts+lw2E99bLLaPMssiMApYhWJIU7Sq9jlTyORwl+1tovj/W9VElyjDWJxI0YAVGLFcRKMqOwzgnI5GOR83fBe+nh8d+GYLue6lD38XmN5jbQI9vGAMHBGB1AGcitX4jeK9RtvHfiq3jkcxvql19nVnwqqshywBPViCMsBtXGGyWNZ0stpwozhFq0qib0V7+69mtL69bP0unniMyc1CSjZpWit2mrW33V7rpe7SVz7CuNQGpaVewWmrX0t3d213NJFdMChtxE0hRMjpkZYDIJGB6V8pag9rFo5mmEjvhlUkYKbHKjZ0znGSMe/HIrc+FXiu+1G/ubO9vkOdHvygYgsoFvLhVY8KeAPUnHPQV4R4h8S3MchtJMlA0gRN4IJ8w4LY5GOno3c8HEPBRhKMKbbjpe93raO9nfdu+t9fmXHEtUnUm/isklsnyxsu/XVaX0+f1N8CtSEmpeI1ELtNP4U1FWDHlgIZApG48gAYycD14zXzRc6i73q2hjjxHLcbpS7BkzM+VLEryoxgEHA6ADIHpn7O2qXd94k8QwENI0PhjUGVAQCEEbksTnGAhI5x0X8fIdTmj+0TK1pyZLhY2RgHIMpLchjnHQdOCVxnivQpYdQs3s7b3W1r62380t9H2OOpWlKEWpJczutEuqveys9nrrpbvZ/ZPgGWRfg38RUaddraZEIVU5BTbyV54J9hjPIHPPyh4evJ11GyjtkeaS1UybRu2sgJLBlPU4JwSCcH2Ne4/DS4uJ/hj4/UwS+Xa6YuVLkKFVcZIPLEZOGHAzXzPo/iaHSr4XLx+dJKpjVRIF2qzMvJ+Vfl4IIx1xxkAaQo87tb3bPrdtJreztvZdb7baPH28oTi3d3tfsk+V3SXXXR3XS7tdv7C1XVpJv2fdZAmgSO+1wrcwDHmJtbGeMjjAHcEDGa+YvCesaVYzyQ3FzbbwfLjLrkMpUHAOQoJyfmHI5BAy1ezWmqWmp/s/eLSLbD22ppl2PC+Y3G0EAsxwDuAAznIHSvlLSxHJdQCWBhHuJ+UAlmIU4JOSRjjt29qeHouMm5K65nbVtRjyxTvpKy63V9dNel4qrKbpSWt4Lm38rpJJ2281fRs+1/iVqkf8Awo/4fXCofsx1e8Rd5LodpUAooGMdhznPA5OD81XC2UljIwjdxJHI24rt2sSCxUADHIPyjjGQTnOfoT4hPbv+zt4BVQUlTW7nylIBUrkZ+bpjknkEk98ZNfLzazJAkMM7xCMEh41B6YGCpGAcgnpk4GOq16EXCKk3vZWb1Sd0nbWyt597q2l+GbrKSV0l7q2va7V3/ntutOp9KfFtY5Pgn8J0TcsYikCqcEkYGCwHqRg+hPvmvl/TZWi1C3EKqWiuUckA4OGGS4P93IHTB5xnt9XfGUwSfs9/Cm6tlWOULIC5G3cnzEbSRyDuOSOpHGOK+RdGMk1wqI8YdTuZuQOWXgnOeVLcE5BxgLtrDmlUmnGD2jFW6paWV9L6dHpd+TVyi4Sp2s3aNmrbb2XM9GvVt7XbPtv45S+f4P8Ag5JKI1R9LmDKuGYDPVgvOB6j26ggjy+G7jgjs1h8pmi2lnjJXYoI5454BJwMHrye/Y/HyaKx8A/CC7YiSSLSJgUjcjewXLM3PHX7vQnnBzz896Z4rsbkW0DQyRszDzSuS2XYAHIPzAnqCAf++ga6YRcZSi7a2ers7e6306vpe683q6qSlKbd0r2aXyir677fhpdM+hPjxM8198P1EqMr+GrcMMbsB3YPyOpx+RB64zWboNpaiK2eCJxEURGEaFMsrgBs9+ckkkHHqeah+Ns1nY6h4GM7vbxDw1asJXU7gGBbCjPK4wCcLgnP8VZXh3xhpUscNpHdoJI5I0jEKlZJAzqAWJY5ODnuRzk9M1FRi21G2j3eq1V9VtzfK+2r0JvJSV3Zqzslf5NatX08uu53n7R1nEfEnhCKddr/APCIWm4bSWlDMCCchsnHbI5OGwOSnwv8KWtlrHhvUx526XULNHOM7MyrtAGAN3TgjBx65y39qS4uIfFXgk53mPwdYuA+FyBsIBB5bhQQT9cfdrhvhr8QNXj8W+GbN5IY4f7XsGkU5ZGBnRcMOTkL9B6g1xRhUjGU4uzUvdV2nfRK71TVt9NX12Nad5VFGWztbS76JbaWTumu2t306j9o3w4NR+LuvwlpUCR2kjM64Z1aFCPTjBPBHBJOduDVv9njQrTTPiXpLR3DYSYeUoUNIsmwhy2Tyu3OMgLnGBWT+11qt7D8W9Ya2ufKkns7C4byH2II/s6ZA9euRnPB54+7zv7M/iS6k+Juh2jH7TcTzyyLI/LfJESykkHGcHgA+gBqn78fe0no5JpNOLULJ2V9WvXXRPQuEYe1Sd78ytrtdK22utraK/zOy8bWNvqXxM8YxzvNsi1eR0JXcZShYjOFJPHrkHOVA7ey/Au1h0vxhJNp0somm0u6RUKgIpMLggDgDjJyOR7kAV8yfE/xDfQfEbxi0Lok41V2GCF8s85A24z1HQckd+/rH7MutXmt/EjT9JmuI1Y6fqEhcMVLYgkbksSB3GD3yfc9dOUYU0pNRbSSsnFdLW2S1drX19donGV9FzWstLpXXRa7S2SV9bt6HgF/ZQ3XjbxPFcCRmGt30zHaTulWZi2T+vrnGTjg/R/wFtIo/HVl5AeKebT76PeVC7N0UgHYHaQe2PvAnuK+X/FN9e6f498VRR7DLFreoAyKcYVbgqd3PJIy2O+MA5AFfQHwC1eS7+IWkJKgLPZXeWRwN6mCToO2M8gZ65421zqUXyrmWkpJqzW7Su29L6Wvdihre17p+89U004q+l9Vr6X0ueWpZrb+KfFELmSR49Y1BiyjG8mcn7xAz7hiR26EMPq39mq4WLxLrccPLN4Z1IMxUkq/kSbiTjow6DgnOAcHn5C8Va6NN8WeK4oJVQHVr3YSDnzTI+SXBwuAc9RxwA3f2r9ljxHcz+NtTgkmWRJPDmqmSWNlJw0UiqQNvOMjovI9AeIShzOKcYyba2XdSavq/RtbK9++yUKdm37t5Nyt8PvReurata6faV0eeWtvHqniLVbEzyKf7Ru5ZXVT/DM+FUlgB0PGMbiOmcn6R+G1hHpY8bNY3Lb5/CV2iqUywGwKwcA4AwOgzuJ9BkfEOtS65p3ibWXsbt4jHqF66ShlU4MrNh14OcndtOAfcGvp39nTxDd6hD8RF1MSTyx+DL994YNI0gj+VsBcDPOFVffgEACk7WVRXv8ANpSitL6N3b6trp5ZUoyc3ySUnd2dum6d3ot7Ld69LHkcEd0bkxs7eQzPiQYOZPMbIXIz3JJ9Oeuc++/DAvH4L+LAcu0iaFsAVsmQbcHdkZPX5h1HJxhSK+Q4fFtzHO1skKttlleMb2LhjI5AbnAK5JI46YHYD62+C17NqvgH4xB3VGtvCz3LkACUSKgJRc54JJGSegGQTkHGtKa5eVcz5k0lo/iV7pvaLT1TtZpWO3CxqKbjyX92TTcra6Qas1Z7aeS7anx9G8on+WPbEx2sCS2CWOQOcZ9fY9WOcfYvwjZP+FW/FYtGz7NHdQqkFFJQdgT0529OFznPT4Th1G6BMSDBLmTLtkqN7Z7YwQMnjPNfY/wXut/wz+KanzPM/sqQMoOUJKc5yRwODjnJGSBVOonFRmtLrR33TWjto7PVKy1a76501NOTsvhfxX0u0tGrfK9n01PG/CUG+3mAZo4WMnTBYyHGAu4cA47feI79T9D/AAOnWPRPivDtcunhHUMc7A7JG7GRgcDdjluST14Oc/M3hk3L2c7xRPJFArGV0YoquhJ75BHGW/HjAr3P9nvVv7Rtfipbyjc8PhG/bamd3MbgrJgAtjhiw68gnnFKvzKguX7S0/uq8b7a6aJbrr0JwrnGrFpOVk2kuqbjfdNq1/T9PjbTbmSLVY3iChhchWcnPDXONuMcfUg7V698fp7+1h8T9W8F6L+z9f6ZHCL228JWs9vNKGeISGEKd8R+VwNm7DDGCc4r8w7KRBqyhVJcXOV6Y/4+gWycemMbieT94mvvL9t4+Z4Z+AvnI0Cf8IfCPNwCf9Rk4Qj5uQBnp6Y4rx6dd0sVRnGTpzhdwnFqPvK3Var5LfRbHr1cLDGYLFYXE0VVw9enyVqc1zQlGfKpQlspRs7NS3T17Oe+/wCCiXx+1TwrceFrnXbOXw/PZNY/2WYons1MsAhaVYXRgrKvAIG9TkjaVJPyPcfE/wAY3skRuNUkldYpoofMKtGsDlt0aLjIBJIHOeqgjBx5zpEWjZxPqIJaR8xvghMH5WAwvTlhlcDoQQGrrLGLS7bEwlM5VysbSKDHtPBIUDgYJweikfxZr1cFXWExVTF0qihiKjU61eKSqTlolzyV3L/E30tZnm4HKMLgKFPB4SnChhafuww9Kyowj7tuWmvdik720aTXRj7JrVbqWW+ni3tbSlBn5ZHfLtu5A3AnqccdjmvLdQaM3EhjXO122jgIAXxu5xn5cYGcgdu9dXql5Gt44gMcuIpAhiAATJO4DPHTgFiO/wBa5C5DKD/F5h3H5BnllJ569O/YkYBOa8rMcU8VVdSTvKUnJz1fM00m76Xu73s9l2Vz14UlTjaOi0euu1uvndprW2l7WMdo182NlB4JyQcbT0CKvXGOgweARuyTiWZDMXYOqqAoIUnGSR3ONwJ6behHbvpRiGN4sr8rDJJXcRhefm5A2nr2BBGDUslpEyuxDDI3IrcezHAwDz0zznjnAFeW21portJK9tbRvbR620XSyN1TUlbzSd27N+6mm1rvbe9tltEyLRDHJEOUxIGXJJGR82TgcgnpgDtnPAr9tvgj4s0vwlo/wWv7q4W2jOlXwvZolLyM7MzRAhSTydqjORnAyM8fi1Yx4ukChdm7v/ESSAAMAjGBk9vyz99/CXUtYtLzSIhfQSpHZILOG7ZDFASoLbBICFYc8rg9FPXB+W4v4bhxPlU8vrVJU6dT3ZtLmbVlGy+V76+bau7enkuZyynGLERgqjTVo7pNOD2T7Rs9fl1P2+8B/tSeG4pPEt1rOo2thavoN3bWy38bRXEzxBkwqNyWlT7m3Gc9TkAfif8AtE+PLDxt4/1W88N6VdSabOoMcixyAiRGJlcDbyHbBCrzjgBetfR9xJr+qsZb63srkCNYlPlRFWQ5I+ZV2kc5PBOcHBGaLTQZ2Ei/2bp7ZIDP5MOVGOg+XBwM4yD3A5GB8PwL4X5TwVj8TmGGxM51MTCNKVOfJGMYxs9I6NN9W7d2lufQ5/xPjc6w0MPUw0YQUozu9ZP4UvNb323aa1Pjnwjqz6Zcy3cmm3928tusZV4XVhIuGDIw5CKQAO5wfYjbl8WanMNVmOm3paYlEXymB2EABT8rFiB7n1I9PrtNFmgdvLsbB2bACiCEFcDgZCkjIJ6kjk5zxiZdCmGFOm2u7aWKi3iAOTwQQoDLgnAA7n6H9fp14xpyhGtGLk72vbmd1bTd6S2V9z5L2DnJVJUm3ypcyWjtbpvo7u+npfQ+PrHxNq+nJHNb6PctIkKhYyrlHdiHJwCSCp4A25ye4q3B8R/iENQuzFb6msd28bvbmOSWFimMbs9QoyFHYdsZr69i0KQABtOtVUszsDDHknPVTt7AjIzz6cVrweH41AlW1to2Ck7GhjxjjJJAHBHHpg9MnNeDjsny7HVlVxPsqk0kryWydm0rtaWe6XRedvYw+OxGHpKlThOMVytqDaV+Va7J+eitb1PlOPx94/vtNvbWfQ551Dq9uDbt5cIzyqqFzklcnAxkgnAwThT3vivUrqOeTw/d2w8pUVYoTuMgHzNnkhTg8Z4zkYIOPtpdGdVQxpZru5IEaYGTwcAYYHgYIIycfNyKeNGKjc80CsATlYuME7Twoxg8f7PTI5zU0MlyrD60uSHdaK+q2elnbS/Sy0sgeOxlSWsZqPw638na+ifR3b69dj4J8RaN4r1S5tJ/7Ev9kcZUxeWxXaFxnO1uDkk4z16jHGDaaH4nsYb23j0m+QXsZMv7thjBxtTjn6j16Gv0Ti0nzA26fC7ABsgyVyOvKlgGzz6YweM4hbwwsjSZecYJUExYIHcDIwe+Pwx0FdvsMLBL99G1tNYvRKPTrbuttb7IbnWauoTVl0s3d8rutO17pLqmltb87LTwdr0Q3jS78O6AonlsW3DPPK84JHA4xn1qvP4J1mSdJZtIv0DylmxC2MZDZGVGQDncDgE9jiv0STwskDiQXLFSSih41JyeDkYI5/Dr0wDi7FocTZSe4hzyoBQYwxGck+nPJ7cZPQQ6GFb/AI8Guq5o3a93fV7+lnpbqSp1eVRlCdm037um0W9LNO93e2j2umtPzauPCutm4DJo1+PLbYu2JwSBgKTuyNwK4PPJJ4wNom/4RjxAgSQ6Xe5kYBsxHBwSMD2Iwe4LZHzEV+jdz4RsXyv2xRjJyAoGSN2CQBkdjzyc+hqrB4ctU+V3ikAXCs6gksckkAZyemM8g5x021VPDYdvSqn0vzR6W0el2tfO9tilKopXjBt8qeq6O3lurvpffo7L4Dl8M688CQPot4W+YJsiblSDt3fLyD1bIyB0zX0/8IPhn4l1zwhqQ0530p4mYyi7ZEdyFIwEYE43AcgYA+ZSete4LpMMCpLGICu4D5o2DYACscEZzzkHH0xya5HWfHS+DPFMWky31lp1le2KziV3MYmLNlgRlQucd8nO4Y6kcuNjhqFPmdVNxafLe7fVNPVLR9ejevU7cGq9WtZ02kop3d4ttpWadtUr29NH3Xlninw14g8MeIrLT9UmM93caXHO88EnmKYI5Mjbt6EqMEfhxgGvKtb0y9v7+7CmT7OAWXfG4LO6bW559Tkg9MjHavqD/hNvDWr+IBrd7qGlG3a0NpF50iSKpjB3FC2WVTklhkD0POa2X8UeA2igZLvQZsAqR+6XknHzEgA4x8uRnHI9vPp5lgkves9Em3bpba1ua2m6v9x6dTB4ud3D3kuXRPo+VXvo93e/p3u/iq18MatIZraKJ0gRFb5gSrYO7cC2QcDngkAAn3rvgupPZpbyQblitfIWTLEIcFS6hv4vU9MAj1I+nm8T+AYVR/tuhb1RhJGPKDZwSpOAfT256EZrPfxP4CW3Lrf6FukkyUwmMA5O49QckcY+bpnFaLNMBCS/d8ySUnZq2yaWt3ZPd6barvxvL8bNWclpum9rNNR1dm9baWbXrr8aReEZ2lSZtySiVpGA3sGIJ5BJxjqAG75J3ECuntNFu5fNklDqQTsDA/NhSpKgAqTkdRnHHfr9TW3jDwG7uJH8PxGJWAcLEcjAIPfPQ5AJ7AYNTr458AosSC58Puyvk/LECACcHPUnknuOpxzmiGe4GlNONK6Tba2bdopKzu29G7rf8Fm8oxTSvNXdtbq9lyx2av13Ubavbc+fdA0S5iiimnJJjaRNuxsqWBK5+XODggE4AGOnArrJbO8kstLMFk5eJrmO4kCuQSW+RSAMkbeQeR1KndkH2SP4heAElKpfaKkY++gjjwhAyCoGR156dc4weK0tP+LHga2i8k3uiPEjE7niiOWzjd0GOOB07YwRmlWz3DS1VBq+z0a0cbu+m1rPVW21NYZLiuZN1Ula72eqcLt66Jadn6X08Ai0+7SBhJaOwDuzp5cnfO05HA6YALEA8+gFQ2NxHPHIunylCihl8uR84J+6QO+MA9MdCB1+jZvip4Bk83zdS0eNGYYMcUbMCASueCR3xjgHOPvYqsfi78OYmES6npZAjGGa1jZgR6EjGTgHBxnkHOcnhnndB2vSjZLdPXpvtst3rbS+xp/YlVTV6qd/S60itLave99nrfol4ld6fesk01vptxEWEZzsYfLxztIJZsY6gEAYJOaj+x6iyfPYyO7bMM0EkbA4OMHHG08euDzwK96k+NPw9iJK6rp7bkOB9kUgkDkDjPGOwOfu9xWf/wALq+Hkil5tRtyQRwtmnIHQHrgj04ABJ5FclTPMO5Rj9Xi03pzNOyTTu3ZLS9rv0Or+xq3K2q19numuj1d9X8m2tLrZ+KrY3rRJK9tcGVHCBFiZSE3LnqvzEgjOeOPXJHoV1YSS3dqWNwiDT0AhWJnQMB8ylcYBAxlumcFh1rqLf46eAFnjlS5spfLYkRvZKEI45YEDnuMYOOef4dMfHnwA0y3Lz2aNKm1lFkAo7dMDABHygbT0IHQVxV81ws0ouio7dVZ6Rt1Wrdk79InbRyepFJurG9tG31srNPmjtZJ6pNbbHGHSbq5VYYbFgm1CXjBXdtONuAOvGSOmOg712eiaTNBCf+JdcqI5VZywb5iBwQCOQO44yCPfOrD8fvh9BCYhPas7McMLHtywAIAwB+JJ4znirtp8ffA7wsr3kQBfhks8E5GOuOOD2+bGOOw8+WOw1pXgklG61hfZK3bq0na91r1N4ZTVcruop3u1qurinfa3W3z01PNr/Qr26vRO1iHJvk2mSNhIIlfJUgAEg4zgDnOSegrurnRLmaz1C5j064V4Wt0iCoyo/wAoyRwcfXuMg4ywOvafHPwRMypJNEypIXVvsHzMw5B5G44IUjIxx2Ga2n/aN8K28TwCW3ZJGDANZYIByBuBUjcR0zyTu5ORnzfreBgpTcZJvWySvzaPutm3qtE/I7JZZiJuHJJRcbe9KS8v72m/murta5wGjeHb+XTy5iuY7szS4jWEnA5OVYLyDjocg88munOhaxPPbQyWc0aCJS0gg53KuVyvfPPPfqea0IP2gvB0BBE0Q3BjtW0IG4/eUcDqB7cgY4ORaj/aI8K7POX94VOAPs5wc8cE9/m69OCeVOK5quNwr1jBvZPSLTtZpu70eq13dtb9OuOVV2otV4waS5kpLXWNndPfWza1b6K9i34e0LUoNRsW+zvsS9jdpHAZRhupAXd9T0xg5BHH3/8ADO+0zT9Nv5L25jM00bGNChLIN20iIHpnkgD8s18AwftGaGzgQ2jNtbnZaqGzgliDtI3Afe4APAzu5PSWH7UlpFn7NpExCYV/9H+ZiME4O3HTOTtxg/eBznTBZ3SwVSNaFFSa933mktLa7N2jve2nbqyrkTxEIwniG7ap3TWvLd8t/J+Td9dNe4/aU8HeKvG/inRL/wAO6JqOq2Vtp/lvcRRt8jFuO3J44GBnPqK+SNa8EeLPD+nyTa7od7plq9z5Zup1IBfd90E8Bs+3uRnr9Kp+1FeanJHa2GkXkEjukaNuKB88Ef3eOMdCuSe/PkXxT+Kuv+IrT+xNTtZo7Se880SMxJ3hc4Zs7RtOByuCeCSDivOzLEUsfOviuSSqVN1pyXaSsrrm1va+r9FZnr4TCywtGjSVRTjTsr2aclaNru2qesbrv13PBbOMRzzptOwMzAkAhhyN2MYXPJI+YjJ4JNfuH+w/dS2/we0yXb50SXV0ogCBkwzk7zgk8H1AA75I4/CdbxnkcqVRY2ZXAOSV3ZAxn+Hp14zyTtBH7cfsT3Vw3wj0+e1McgjurlWRmYKqsc7iMDcRggADA59qw4cptY1tu3uN3a3s47WVtNW7Lu9bhmcl9Vjy7KpG1kk0rx36O1rW7+p9R+KtRsb2ORrhY4jGzlU8okNzyGB5YcEcDAyOM5z8v3v2geMj9lkEdq0alUhUhAjKQARgcZ6ADGOuD0+m9T1G5jSeSW10+ViHaMuU+7ySpBGCWxjgZGM/xZHg2pG/v/EkupxNYWkAiSF40C8bc/MFJGCeox0GOrDB9TPuVKNk7vVPZtOy1Vne1tk1e7s3czy5u1rbq+m2y663V2klpdWa8+40m2jee0D3KIyREs+SSOM7T0H+8cHOeMVq31pKltcrHdPLH5UrsqggSEgsMgEDHQAYOelcppssf21f9KWSXBCrHkByOBuGMYPGdv5r36ItIlpfO8qllgmJG5gYlUdDliCMnAGckZ4OcV8vyyd2rqOnV3TtFW7LRfkne6a9WMuVWb25U3ZNL4Um272v1v56PVLs/wBndk+x62yo6P8A2oS4fgcljwO3qOQTtwcnFfRvipWPhzW2U5Bs5Adp4HGc47ZwcHcfw6181fs63gubTXUl2h11NUby84IBcD6n0PqeTya+k/E5jXw9rCDd8tq4OARkhTnOc9VJznnHXnivuslv/Zcfd+w25Pu7rRbvzSen4nzOYRax8XbacJS03fupu/XdaWa66rf82tZtpZ7+VSkpUk/OBnI8xsjGMkgZA544HJ4r6F/ZshS38T+IFUuo+wQ4SQbSPunIAB3DHBYYGfXaSfn7U7u6GsXZgCbUlk8sliAqlgcEHkYI+UHIxycjbXvX7Okk/wDwleuJLJHJjTYsMobODg4Y55PI/E5wOSPl8Gv+FeDinbmnfT3Xa2u9rb7dbWPoMXO+XzhteMU09esdUulm1rptezub37UNykWn6eJGI3h1IBJYHK4cDA3FeB8o5AHI4r5xsntp9Fs2ezF1HHCx3bcMpwMN0+Zhg4yMkZ79fev2oGUWGklstid/lAJBwTycnc2ecEk/3hkHFeA6LFcTaJbvalIzCru5kJXGDxhSeSMdgSScZzwfneNqd8UpN2s4WVtGrRvvq7rRK2tvVHrZBU5MBTs07t3S0bXuJrzVlr2+9P1PwBd3UnhTWIrTSo47VLo7ZZI9hmGcFXPU7ccckKSMYya4b4g6wun3mnwx6Jb38SWbAsIiwWUj7qMASxB5JGcHHzNgkemfD/S/Gc/hTVbu1t2u9BilZprlYD5bSAgzqpXG1UABGSOp9K8k+I114lW/s28PC38po5WXzkTDsFAO3eOgOcZzzntXzkINUKUbXk4q+i0s00ou12laz16Xu7u30WX1ovEVNdFK0kpWs2opLaybS1Sd00rLVmLrWuT2Np4fuYNGhu5Lm1lH2ZrYutqNxICcYB5+bqwPJBbBPsHhq6vrvwxpNykAS6kd/MsIY/liUM275OG6YBXnGMdsnxrVF8awaboE9kbafUJIWa6iYxFImOcKo243MDj5SG4x7n27wRPq76HZm6jii1NlmNxuXbHHkn+MYwfU+p9udsFRbbukr3TatfdP3dLuTej5reWl2GOqQjSpy5FLlqNr3nJu8rXT5U9L3d1s3dNEcF9fx6zcCHTIhcl4VlzCBsVedxcgAbgeQMZxgYNXvBGoTT3HxFeS3itSmmyA7UKLIS53KQp4Y/eO4Lxg5JWubvdR1+21i8WJEvbaL99PIsiZLBfkVSuHJHCj5umBn0t/DSK6ZfiBJcxlHm0oyvE0gkx5sjEIMg9gCec847EV2RVqkY2196/Ts739O3nvdM4KslLDzm1aL9lZ3ldNSptc2lm+a9vTVE/gbV3mur9BaR248pNrrkIADgsRwpLEnJycE/NwQa+/PBUq/wDCM6U/JQwEBs4684APOT94AAHn5RnmvgvwBE9zLeLt8lHgDYZASNpwBuHTJAJGO/rk191eEz5Ph/SozIOIQCDtA7DuOCc8EDr2r2+HoSWKrTtpyO70V25K7a37LZO6d97nz2ctOENGlzXbXeyWz1/NrrtY7WNxvZgQy4GCWO5eAeei5bpz2HTFeLeIb7d4q121WNWMSRO5LdI1jDN8x+8e2OhHTIPzettLGGKIGPzA9MAYHbbwTnocY5+8DXjfiqSD/hItXdgqStDEhA4LusR3b+MnPrx1PYE17maJypJW2no01d6LTe6ab+F21XnZeNg6fNV1evK0kt1dxu9t0ldp6atdzwibxb8O9Purm5vfDL3ksdxKk7lgGeVWI3bSxLDI4OMAf7XAwrzxDp2rxLfafJJaWz3Z8jTFkaMQIpwASzfMcEHt1zyQRWhql98NbC5kTVdDa61KJvMuiszJEA7g5DFthYr82AcZyPWtGHWPhGdIlNhZfZp5WMkU0iSyeQ4PKoOhyRnI59Oma/PsRGSlOMpXbvyKz3bi7P3t01azdkrXbR9fQlTpwjaliJOTik2uaCdkuZe8mtVtZ2/AWZbSSybN3LLcMsPlpI77LcsAcswYBsEKT83UYJJrqNBaeDS4QZ1mne8lYTwgMYgEYA8EHAA45GOuRkGvOb7V7GSxuLPTSJxL5JNyIWD89eu4gdM845PA79h4bhvLDS7SELGpM0k03mNkhGQsrdQVJUnHBIIGRjNY4Bcqq6Xdlo7t2VtbXd9t03y626lYlNxha6TqRaum9Fq7wb1e93fRXsupuSL4tSYNDqJljkjBheSZVcE8lME7l6fxZPGDxWvpdv4+ncyR+I4rOLyJTLbG6RnMQ+8i+pZTxxgHPLLweESXTBfNNc6pLGWR0WORZGij+ZlyBngDn5gwz0OcYrpNBsvDdxeSyL4hmuNQigna3tMuImc88Zf5hxwATkDrzW0W5yXKr2jrq42XuN3nfXd2ju72lqc048sJaxdoQcm4W0drWndX3suu2trElu7JqLrL89ycBjIud+EYlyw5JYnjPTGfUn7J+FMu3wjpuDlQJg4+6Awb5lAx2PpwMc45r4tjF39qaWYogCsvykMThXK4Y8j1we+SB6fVfwZvC3gizaQofLubpW2kYHz45JPTsSOBgcHgH6ngqSp5vVclb9xJJuyu+aGrSS3v6vR6nznFUOfL6bjZ/vY2XLJNWVtI3WrbW7Wn4e3Pd/K20svyOcEcYCEjBPbaTgdR2ADHHyPrMqyz6jcgGVxq1wOqHALYJYnnBOO57A/dyPafFnxA8O+FFibWL9LZZfMQLHIHdjtIwQAcZzggjgsM8CvnyLVdNuYLq+huIHtLq9lnieUMpaN2YqOdud3I45xyMCvreJsVh6qp041IOpFvmipaxuoNNre2ujtrf1t89kWHrUuarOlOMKnIovlau1yuy7rS3q77snE1uumX52Of9FuGkCqpVTjAVSVI546DG7JPcV4/4dv7PUYBaPM1l9jkuJsiLO9kf5VLkfMzAE9OmBnvXrlzfWItZ4Y7q2VDaSnC/ebKj5QQQSevHA6kZJxXl+lay0+mzWMOjWoKvcsl2I9jHnG/PJITGcknBxtySCfyrMIpzi1JPolvzO1rdeVrpJaeXQ++wM5+ykuRxTlFK/XZOzaurNJ3fk+p1HiC404NpSNqd1aOul5jgJcCQEE7pQpwC/JJPYAe9UfD11p9xPpiLqFw7xXnzJIHaGR2IAjUA4VSCckgZB2g84Obe72udPcPaXJ/s8B/tJAkTB+YLkkBQTgZ/OmaXek3mmW8CWixJeqzy26hyHdmGDgA4JA2tknBB4zz5PInq9fd1WrUk2t7Wt8KbslbZrVM67P2aa1fK3ZtWlzWe+ib0Wy666tnZ2ai58WwR/aWM9pqDzrbKH8sRL1PLkEnH8IO4Zx2Bs+O4r65vrpJdQis0McbWyys0axqzk5QhhhsdQOSdvQgZzwlld+LIYUdtNltHjW4uURy0iu2XI6sWIPIboMk96y/Gmh6jrWsXa6ZeXWowCVQzbliEQiAIQb847MANpJycEsM+rShJ4d8q51dXtf3m1FfC0m2tVK14tpNaWZze461NSko8tJa2Tctr3hLW6as3s9+xQuYdagUy2WuG6jSz2E/aFRVkPG/BxgA45PY9c/LWvaLrp02+RtX/ff2MRLeySGW2UtkjB3YViOpJHAPJwSfP9a/sfT43tb6TUra7ltQh8vcysy5RsbFUZJHByMkHgYzT43stP8ACGoG3l1WaO90wedCUffBCrEGRiScepPXB4NefWi202mmpaX2S5odL2jslde8tFZat9acZRjySpu7ik3BLl1hqtXZtJLS7WqWiOs8CpJaPdLeTnVLgWTIl3HuYAtuMahiSPk6ZJP8WQoGa5W9s9ba2u2bVLyOZbiU28KX+AELHMm1cFcAAYwWznHB4X4UX1qLLVI7ASXEMVrJcSfaJNsxKK37uPP3hgdeB3zjBrEtFttQb7UdIdRLdXETE6mH8yVnIVI1BGCScbCR64HJreMarhTjTpt7JJczutE/ev79rrWTV+jM4OHtqspyUeXkd2ly6267PS+uj18mWotJsHtBO+o6zLcH95mK4kRZZ8BXSYKw3A5CZbdlSc+leifASWSD4mafC+nS2CFLlt0rZ81cEA4JOMgZxg4JO4Yznjofhv42F7HcQeHJlsfK3pCdQ2EFyCjkFxzyCPqMZr2v4U/C3xT4Y8a6b4o8QsttpRhmeUS3iXEsJkUlURQRtzuAJO7tjJ4H0WQZNmMcdhK08LWVONeEpVHBpKKlF3fMlps9Hsefm+Y4FYTE0Y16PtZ0ZxSjOPM5cq0atzbpWs21tbvq/FO11K68UazHYQRzLJDG7CaQRhgFydqnDFiOVOcnpnGK8pkjvprvRP8AiWfYInmhi3QyCV28oZkaQAngtzhs7lB5zgD2n4ieH/EXiDxZfXuk6HeXtglqv2S5gm8mOfYMM7YYFkAPOM5OTlhkDxTxLFd+Gvs+o3GmX1m8ESlN0u+3efIVihyc4PGcZBHTB5+hzXBV5V8RUVKrKm6srStyxlZpc2qsvlPVO6bbPEy3E01h6FL2lOUnTScOZOSk1FP3d73ts02mzS8V6CbvUr6/fV7WzWIWyQxXhMSmVQAxXDLuIwd3XnOOK1fCiWkF01rqPibTrgXELQi3syolkkJ8xRuGSQQCDknPXA4rzDUvHdhqV5pUPiLQYhZjyzcTifEzqxBYkZ2lyOQD0LYI45+mvBvgz4O+JPCereNvCaXdvqujBFEF5cJ5MdwuAQyYBlEgO4MBgcjGOa87D4KvWqpRhCyam/aSteMbc2i7JNW1XnZWOvFYuOEowdaNVqVqXNGmnBN2sp3kpJXW+qWrtqehabNHFZwLKshCQIAjHcNgUYCkgkEcMDx94Y4JxX1GR2nhaHS7m8Vw5kWGRkdYiuSqnhQzc8bc9gehqtYXe61tyxOWhG8shKKqkAbflOVXgDcW4UHIzxBqLsVaZ9cOkRwAzNJFxtjUAAjJxjnOABjHzcnA/QpKMcIle/LSSWmvwrdtuKttq9d3Zo+HWtduUbqUrNaaXldXvpZ9rr1fT5o8RaPHJo3i/UG8L6lYC11JVMV5ePJLPE0hw0ELMcbccsuck4HGa89u4bm400/ZrObS447aBxFMWLv8h4wpHOSR3J3dCDmul8V+J7CODxDapPrHiS8e5EtpqwvFa2Yb87RGu1c4wApDEYGOnHE6nr0o0e3vdTjvn3xAmOON1uFgjA2byPlYEnlcdGAJ5FfkGZKVXFtU5OUUpXioq6bab95PRaJaJx330Pt6EpRhG8VHmnG2jSs404qz+KKWl+X3VZ6pXRSiTUbeNHibzC+WmUKxYAHbnGeT8xwTkYP0r6S0drxv2afiEptwXtVuAgZsFkwCxZMgH/ZPIHsor5P8OfE3wzp99dm90vU9RS9t3it1aGQfZ3cHLbf4ip7jtx15P1P4dE1x+zP8StSeG9gS6s57mz88skrwucrhCcgKFG4tk8YJxzWmS4epGpWc5XUcPUcqet4JxTWrVmnbmXZ6aNnNm1WUI0oyg7fWaPK207Lmhondt3S5lptoj8htR3tpPiBpjLHJLDvMSZ2qSxUbTk4GCAMduGHGD6x+zSgT40/DNGRmZY8IMliG8lzknnJBbJBzwT25rzHU0LaZqwf5ne0RjlWBwJMDdjGCTnJ+UYO7BBNe4fsrWMtx8Z/h/dNsMdu92owQflS1zzuHQ8jrjkHpmurBQnUtBWi1PRt6W91c19NtHtstNTrxdWMaNWq3dKhK6S1doLWzu+vMu7Vt2fNfxNbZ8XfHErg5fxZMyKecAXknP0yCMk9eDg4rmfiRqaDxxcNK8Id9MtAm4dAIkwc8YxnBI55GMck9d8TtrfFXxpKQWL+MLhVjC5Xal9IeCSSADwOwwSOPvcn8SYkk8ZSA2qc6TatJuXGAFGcHHU8k4z0xnBr6PB06kMPNXTi52bs3zWtZv1107Wt0OH2kZV8OkrN0E03qtFFtp31aurp3WrttpoeO5kbR/BxMsZQ229TlgASBkZLAHBI4+YdMg0mkahHB8PpQ0kZJ1m4iRc8nzk4bJ4JYnjGRkgAjmqvju2STSfCKyW5aNYFOYQfQE4HHJyC3ftjORUum6bav4GPnrcI0evuUCoWUgcqABgkAkZ27uScBugu0pVLL4nFJ77Oz00tbd62v3s2UuVUo3adqys23dty76aWvpbXvc674e3Lnwx8V2iljTZoEIYggswDbDk9TjBHBHcjg8+QfD+8kGqXcyfOBHbxs65ztOAcjIPOMnkduCDx658MRZHwz8XWkhd5P7FXcCCFG2ViGHIHO0D0zxzk15v8ADhbc3+qxxHGYLRgTgJGCVyQD1AHHXqfyxpUpvF803F8zSS3SXLG910tq7X00tfprUqU1QqKMbpSi20r62i7frtps9j0Tx86t8LvDU2wnGv3mSVIACyMB1AxgNj7uSB6HC/UeiQ5+D3w3jXgvZaoylSCQS8jEqwwDgk9sdc5yTXzd8R41h+E+hRpIhEevznJA3fvDk565ByQejEckV9MxbLb4QfDNVYIzWF8CWwPvliCD0zg8DOTnHGBj2YRjTrTVS0kqN48umt4Pl00vunby1Wp4leblQpOl7v8AtDvfTVW7a8rWmna1tNfgXWlYat4zIYj/AEh1zkEkrA+e/qoHrnPbFXPgNAtx8ZfhfHkMX8QWE7kklg0M0TBGyMchSckemME5ODql1J9u8ZlWG43sqnJOTtRlLDqOSp6kdD1xXT/s1xSXHxs+GsjlWA1yGRRnJCxIrEYIBOMZ4HWuHFyth8Q+Rq9OSTaTXvRWzT0020u273bR2UZpyg5SjJJKysrp+7fpdJebTemjZ6L/AMFKr37T+0ZdvIGdYdHtEGDyNsK45AOM4/HvjgV80+NLy3YeDxKCXh8MxhSr8gHZg49cZwD2zXt3/BQu+luP2i9cYSgRJZWkZJOAC0KkZJI5wO5yRk88V84+M7mNLvwxFcyRBR4egVZOoUYQ7iMAADsWJAGOuMUZVSawOG1sklo1bmfLHbW19Htt5WaKq1HzxSgmlFrm3veMFa/SyaTenXQ7HTUWTTEkZZGYrwckKAQMZGeowOB15x1OeZ/aNtc+M/AskO/zD4U00c4GDsCgDkjPJ9eTg4wa2tMv7ePTVKzRnCIgbONxYqQ4DbcgnB465xnOcZf7TE80PinwBIvlAnw5pZLKQAoZFycKSQucZ69PRQD69RJcjSXM1o0r8ui11bdt7bpdnZnPRmuaKeid9ktGuVX22tdXb6Ju1tfFPFFzNaanboLp1jIjRl6MWdcAk8cY6ngdcgnIr6D+IVqsPwZ+G0RJJaTV7curYkZpGUkb/l2qCuFyfrkmvjnxhrssvi1VZ42gjMJOD8p2LksASA2ATgg8c4IJGfq/4qavj4D/AAuuoypMuoXb7ScKVyGwMEcjOcZy2AQASSypxlyVL3laL6W25Vv16ebt3CvBwq0Gnr7XX1UGtk1pe123darq2/lu40loIHUSXT3IZmIaZwoUHP3uAo7EZOAF9OfozxBIF/Zr8OQyEqG8UTlzk+YNy/dBBDbtw2jnpkBR92vla48TT3e51VEQEiQ84JUEbccMBn7x3A8k9M19IeIrp5v2Y/DFwdqlvFEwbPAAGSSM5yvbAxxx0AFbYVSgpPVe6nvay0Wl/lprr3vpzYx+7BSu7yjZX7Oyd9Gn6JWVk128BFnHLLCkb3aFNqsVkcOwLcbcEYAwemWJC8ZFe6+CIAPhj8bl+1STGHTrYgysWdFwfUkk4GM54AGeDXztaXV0JRcCQAAhVZj8pOeMHsByCzEgY5wT83u/w3kaX4ZfHoySJ5jaRbsCAx+YAjrxxkgA9ATz6V6mFk3USS0aSadlZaWaaT8tHstfXzaji6abVveSV7arS0tNfX001PiO1njcE5Z3ChAR0+U9eQ3OMEZbjPcDNe7/ALK8hg+Mdsy7kH9i6iNpwOPJYDgDjAJOMk8186afMVtsuV37znGAxGTj6YAIHQY+te6fszXDD4v2bbwWbSNUI2g5+WEjliPvc/NyOeMHqPUwdG9eK5t3HZPtFPfXundr/PzMbUtSb3srtJ6WtHr8Wr6PXbZ3ZQ1smTxP4imZH2rrWoKCGGcGZyCR94YPzAZx17dKvhOZpPFmi5lmBi1ax8tSvEg88Zzn5jgY9iRjPauG8WatfQ+I/EctvMyKmtagjDPy7zMxBUY5+VuuCBknriue8Ha9qMvjbwpH9rcg69YLJhTkh58NlRgHIwuefr0w5UksVd9J3ts21yrtrbTTVKz3TKVVSwsUrJ8qeuvNolfo9O3RLTy+t/2hpgfidq8imRXktdP2hRhf+PaIs208j7uM4wO55NeFg272t2RcSrKzAuzYJOCCVAP3SOeh6cAnGK7T9qa/urL4t6lJbTyRp/Z2nBwOBua3jBwoGegzn1JGQMGvmVfEGoRXp3XTrEqsckkrKC3JwOcnJxuwTjIA6DsnR56jtZe8r/erN2XXotk7v181yn7lle8Un0vstfJbu+uyTPsr43XBj8A/BYrIxVtEuD+9B5y7ANj72M87T2PptJ+fbe/ZkZzKm4HC4HTb3GSccgdCDjpjivbvjhqO74a/BC4baySaHMcBecNITjjjnOQPpnpmvlz+1IRIFUKwIYADKg9yw46AHJyeDn6UqtK1WKaSfLHXV7xVmtbPro9beh04abUEpSTV9Hdu7aSUk7Lr3Sd+rep9maldl/2fvBjMSxfXtQyVbkrsIOR2OMsQM/nzXgWrXcUVkqruB8oEDkEg9OnGOd2RxxjJByvqV9fBP2efBEhBAXXtRwCc9VbvnkZ7t14AGSDXzn4h1ObFuBIpUxpuJztwRxnjqO3OBt962rYeU/Y2SSShdpXb0jfpot+r6OxwKolOo7N6vz/lV3rpv3u3bomn9j/AC8H/AAgPxckcsCvhtlAJyRlc4HIZiPZc8jAG4mvjTXbporq3ZZJMSIeRnBOR2Py/xEk5B5Wvqf8AZ0v2l+H/AMY3ba6x6EQcYOMKcEn+EEc8ZJ/AivlPXrsOkDfu8mEYwOQd2B78qRg5Py8YPSumpRcKVOzj8O3e1ne9ndO2iae13uyaFRTnVV2ldJdHa0d/O72b6pXPpz9my/A8dSMreZ/xSmqdxkkWsoPXpnBJ74/A1xmmWF3qniK+NmYg8d3c7lZgf9ZI55A68E8Z5Ofbbs/s2yFPHUylVkB8K6l2zgGCUgsAD2OCSVPUjAzU/gO4hXXNbmeNtovpV3kEhdrnGD7kc84HPHUV1Ri3hqcnZq9rW2aUVppr0vstL6308/F1vZ168Yp83JG6trLbstezTvp6M9W+G/h/WLTxj4enmiSSD+0oy0hPKhTj5R2GSTjqODjqayfFOh6jqnj3xdHZxq8I1i7EhDcqd54UsQAMgnk+vQdPVvCOqwT+IdCjjIJOoouIzjowznLY/wBrOM9hnPOTbX9mPH/jOB49oGuXAfJwT8xHAyCcNg9VxxV1FyYVzUb2qJXTXZXWna+2t+mq18mNapKrJKLlKya0ulqklq7q3bbTV9Tyb/hCddt4X220+xpEKlJc5QOM7tvpxweOwPGT6f8AH7w5dJefDx3EgiHgizWZYid+9YlySOCxPJOOMncMc49DWe3mAjiRTuPDFvlCblyMMeSBzxtDdexr134n2VjPdeDontY3X/hEbVZZHjDBAUGNpySeuCRxg5zxx56xCVNylFKzWqWnza0unpp67M6cLKtLRw1XZNapxavZb30266u2p+X+s6fe24eSaG6NrKJFiaUuikclW9AflwB1JIB6c/TWpJ5v7HnhWGRSjyeNr0OVcl/l3ZBI5IPbGM8AYwK9S8U+EtLvrC1sDZQT5G9SkWMDa2CwwMKG/unHAyOoG9ceHrS3+B/hXRprRZYP+EvvpvKWPIRQ3DEAYweQQcE4IyT97ajjKElU0Vo0+bzvddNb2t0Tv32OyjRre1pKa5eaaS37K+mjdn6rXSyVj8mNWGo+ZJAsrhYncRxwmVd/zZ+Z87QoA6DO71GQK+w/2enuF+GnxoadZFx4ZhBV3MhD4IypyTlsBuCMfUYHqV18NdMyZk0WzW3k3kO6RgsDnoCmY/XJPAxjoauaJolloHgz4rQWVsIvtehRAiHDRMoDYYMox1+bJJHXgAGpwOMo1qyjFJNb8ytsk7+e9tEvVHo4zD1KVJys7qUYu6d3rHrZvZ30srrXY+CCIZ4Sdjb4o94xk5ZsglhkA/dxx24PXNe9fssN5PxY0wT/ALuJNJ1Msy/MwUouCevY4A5xyRwSa8fXTJpFRILaZWlUKeCCCcZYdB155/PnB+hv2dfDGoaf8S9OluIyIP7H1RpXdCAGMSuqKxAJJwNueBnjoavHUoVsLWpxkouUJQXS7lazWur69r3vqefSjOlOnOVPRSje8WusXHVq9ml5vW3kf1L/AAU+E/ww1L4c+FdR8Q6xawXP9kpdIk+owwR7GLOZJ/mBUj0YKQd2eM1R+LGu/A2y8FeKPD/hjxZpEnjBLaOCztdNum1G4ZxIqHZ5RcAHA4Of94Hivw88Aav4y8Q/F/wvZajrFzYeHr++sLKTSp9Xmhs5tNhvWW5Tb5yRp50K4IyFAGMZOT+tXjHSPg18PfiT4I8VaTqXg3QdF1fWdP0/XNNS8t5pUSzSNjLdNI8jBJ33GRs/MTzxwf5Ozzgenl2eQqOrXxVTEVnU/dxf7vmmmmm27W15tN1oz6qFSU6fPKpJrklKMLRjFWStHmd5Jvq91vva/wCcur+Gvi34h/aX8Z6T8JPEKaPrjaRpEmp3eoypaxLbxWEDT587AVz95VPXJUdcVkaXY/tJH42aR8PvF/iL/hIZpZDot4J7mN9L0+HVW8qG6t402rI6rIhDHgdCOte861+0D8B/DX7anxg8R6+Tc+F9RjttO0u+0W3uLuB5Ws44lYLbOCqqQCCcJg5BIFeUeEfi94E8RftZ6l4wMutad4I0xrW+tNTmtZ47eaPTdrCEI5JWWXZtHPPHGeK9nHYHMFmHtf7KdWnToU3Tqzw/NUnyqle09Gk7Sd+V366WPSwdWg8JK9ZRlyKcYtrlU2otp3d1Z7u2t3a7seg/tqfCP43eAbr4OeDfC3h5vENxongO+d9RsPndmOozzzArHjd5cB3NlsBQDx0r5x+BOtfFLxPqmv6bcaHZ3E2jaFcXqrIxV0uoWeOWLGPmkO1g6kMV+nT9YP2of2tv2ffD2pfBbxtFrEmuafP4V8SWWp2bx3Aks7m9tZY7VptrBmKyMDg9AOnNfnp+zH+1b4C+E2p3N94lj8OjTNU1zX9Ttr4Qi+mey1LzhbWtxGA0gQCQMEclQ5J6nn1cVHNK6nKjk03CMKEYylG1R+6lOUbrVQceVJRu+XdnzKp4erRjKvJwq80/dbuvdqWUWk7pTUUovV6O2zZ4r4S1rVtb1P41TeIY/slzL4Ilg+yCNjJbtFO0W0kgEFgMg4AYHcDxivnHTLXSjLYabNMGhMUchlDEbQwJ2tnHfAI7Y5BIzX6dfBzxl8C/Gvxm+NvjH4meK/D/AIY8GeKvDD2+gRzWwis7q4lXZEGhUqyMHIfaDycEAkbh+dmo6p4d07xZrGmxfZr2yXWr210e8tbc+VdabDK6WciA5/1kaxsAM9OT2H1OQ1sZSxFWnUwlWm5UaTTlB2SaSlFvlV3dau/otDLHUMPPC0Yxmrwa5o6W1cW1fTe1rvZWurH27+yZo7W1n8crjSzcNexeBYo9LELr80zXKmNFcpjzGwu0HJwcdq+ydX/ab+KWkeDPCnh3XNF0df7H0Wxsb+2uYiL9rWJBIsk7BQHlfaoORnJweFGfkn9k74heGvCtv8UNN8U6rpGnXesWnh+LTIbtxBJNEmpWzzCPnJZI1LHnpkdMY/a3VvFX7K3jbwfbWq+PvhjZ6jHYwyecL3TxfebbQiI28zSgyFmcEsjENjO0Y+YfjviBltfH8S06qy914UqLqNuD5nUesYwly2TWjS3ta9kfUZTiqOCy6MZ0Z1I1KqV43tBciTk1a0km3u1ptax+G1ta6N4z+Mnh7xDNaatZ6v4g8b6FdIIonltBGL+EqHJiUIsagAAEcDGF4z96aV8J/iLq3jT4p67pWpJB4Y/4S7URcMiCa5l+zIQ+IlIJYKuM4GMAeprs/HPiH4NW3i/wJY6R40+HjWWm6zos+oXunXdgk2xZo8hygVlK5w7BsHrnGSXad+0D8NfCFj8aY7Lxj4da7n8VeIZNHg/tiAteROkqo9p8x3kkjacEHPG7Br5LHSzXFZLiIRyvFUZ0cVRhCm6c6nuqO8U42cGrJPVLfVnpRdF4mg6c1y1KV372z56aUWrW2b03TT30v8sfZPjNreg+NE0fxH45s1i1J4PDsujaHPJayJauyyRtMY2UM2PmIIweCT2+Sf2jDdX3iW317xDe3b654a+HltpOqHUrdre7a7udgZp1YZ3yDnd9MZU1+2P7NP7SXw6tPhDoK694t8IWd5fXt8s1tdX9mbq0mluWPmXI3DDOvIZhyMAY6n8zf26vE3gjxj8T/Htz4QuPD/iUatb+H7GCfSbiB43vbe2aSeLYrMNmVwzcbSefvV9HwU8ThsVRTwc4TlGVOpD2Eo8nNy2cpcq83ayer1SKxsadVzp2jTUEpQq+092XKrLe6u+trXaRwn7C37S174P8Q3Xh610rV9W8PWlibJ9O0uxvdQuba6ILSXtubc7NucdR94kDpkfo18XvjBp/xX+AOr6VLpPiDR7i08b+Hg114gtbi1aSM3CkFIZ1AKgAKy8kKQpIHT4k/wCCVPiLw38NfEHxb1f4hzeFfC8eoXdtHpcfiCe2Wea1ZStyll52dmxsBijDqDy3X9Jf2r/if8I/EfwNlsPB3iLwlqzyeMtEmOn6Xe2bakIIHV5mWSLaxVCCxZuM8kgHjPMMtr0uPqdWhha0faNSnNRqck5Sp3cXGK9m73XvOV7a36nm1sThnhYwlQVSUJRSruSjy2aTa5U9ltdq7d3Y/Ib4hD4n6b4+8VvL8PTe6C17Cmi6naO9jbXapCg3uVyCCBkKQc/NxnqXPibx/wCCfE/wqvrn4UXmk2Wt+INKiuNevZXNmYp7iNPtNrLja5jOeCSSR1wKS+/aZ1zxb8X7zwL4d0iGLw94cmNxd3OqzLHHfwxpCgljmkOx5EBfCx4DqpC9Mn1346/ES31ab4f211rNpqmi2et6FDBpNo67LGRZQ01xHtf5Y4zgk5AO0dcjPu1KeawxHsMRlCUK6nyzjCo5xjJ+7zx1SdnbTtbS1zGVPDzjGvTxGsYJyjKVovSOi1snd2lpfZLocR+1jcWM+k/EyxkU6ra3vxBtpBIRlJXNrA7xK/BYKcgY5B2n0r3r/gn7+wl8HPjL8Pr7xn4utfEVvrB1NrG1g02VIre3tVKbieM+ZJnqTnOMg5Br8/P2rPifp9nF4l8P6cz3OoXHjsanBHIwUtYpbQ+XISGOI8oyhyccYyMkn72/4J2ftaR+GfhZeWdx438J+GraHXXea11a9hhulUBVMiq7AtHwN23jb6A5F47Jc7w+TTnhIYuD+tU5TjQjKNSUG17rakpct0r200V30HTxFKrTqKFSnGbUXBycWoqybSvbVJb38tGzxT9pX4F+AP2dP+Clv7MnhnwJa6qmk6te6BcXcOpySTE3TzyJJMWfcNxA+6AFPXYcBq9d+NWi6bdftQ/HRpHvopl1qzWGG0uZYEH7qIEsEYKcbsgc54JPAx5/+1V8T7X4nf8ABQf9lzxdb+KfDXiiKPVfDtp5uh3UN0losd0d7ztFkQu6sOGx+QBP6ma7oXgK2+LPxY1fWdR8JQ3ur65ayJFqE1ot95S20OyRUdg/lNlhnoeRyRVcULGUOGsqp1sNWnjp06UeWcJOuoJzTukm2k2t97XZhldan9dqqpOLSp80pprlUrwVlq1ro79W+jWv5n3PhTw4t3HNcT6s8p2ZIvLgbRxlWUEA8dSMYHbtXFfF7QvDMPws+IjwJqLXKeGL0RPJdTyRljEcAq5K5AznkdPXGP11k0nwIZAwuvAckagYAlsmlHPGF3buoJx2ww5rwn9o7/hAbb4I/Eu1sD4SnvpvDV6AIXtIpllMZKrGAxd3bhY1TnPXpX5zldPOI5pgpSw9aNL6xRk5OlJXSnDTSMfhsrrbq9D28RWwtShUSa96Ekm2m1Jxte1ltv5aep+d/wCy5bWN9Y/CK3A1aNLP4dzw3ggEhBYSu69ARhcg9+Dz71P2nND1ST4j30Nlpusahc6l4Gjm0zbBI0zwac7yO0ihchCgzyTkdTg8/ZX7LF34Ps/Cvwql/wCJLp8lt4Ia0uZ5mgjKzyg4in3PyzncU3be+TXp/wAbNT8E6d8btJ1W81TQktrf4W6hbtdxyQSWqytaSt5ACv5Ykl3eWoOWY5+UV61PHY+nxNXxUcPNOnVlTTUZptqsmrpK1vXbbq0c/s6UsLTwzdouk5c3u7JWa3tvZrrbVPW5/L/8Jxd6jpnxJu7hDAbfWzZzxyxlHjm+1ndGSRyQOGA5IycnBr93P+CVmnhL34pIrpmPTbAxbQDj5o+BwTnnBHygfxdDj8whpGm2fwf8catb21rbXGpfFzUpIniRUvLizaV5UdtuCISpG0YwMKRgc1+ln/BKi+FlqXxPvLkPJFFYWchWIMQyCRSATnGQAN3JUEc56H+u+J81rYvw5rV1CfP7KjS5Vq25SpQVtNeW/VO9raH5fgsGsLnNSlzp6uXMtU9G/wA1pv66n2CfDes678f/AIi2C3SwwW2gi6hMrEqrmyPyhOibj8vy4PJA6YH5y/GL4PeL4fiNeMtgbu2PgzU5o7kOoXzJxIzMw5IG5sJ0LEMckEivtLXv2i/h54N+OXxOvNe120tGutHS1twz5KyiIKEZVIIccLjOMdcYJPz3r/7TnhLVfFuo39pd6fdWB8KyafC086qrzkEll3nJJyD0IyDwSM1+NZBgs+wWOo4qhhK06U8PQScoy5W3GGjVndJvo9n5H0WKlGVOUZWVml7ul48i91vVdXre70vfS34neK/BOraDewW+oQCGR5klWNuWZWuFYkEcgDPI4OSc54A6y7sWZpXG1isdvEi84GFGSOMgDOMEHJyT1rvfjBrVvrviGG9tZYJoBKJNqMCEkkn3bFOcFCSAuDhscDjNYKKJLhlYxgmRDtzgDChsdfu556YGMDnJP9N0sRiamBw06sHCryQclqlFtRbt2s9He/bW58g6cYVZyWqTslpold81ulr6bdOx5td6eyRXVuwyyGW5fHUldyKueCeWAzxyOx4rB1HS2NrZx7SS1rulIGTgSKeRxwRx0AHtnNd5c3cSajfJOqrFKGjPUjCnBwQRjLY5zyB1prtZ3WpWOnxp5013aRwQxqww8juu3A55BOcHHGcYGa9WGJrRo++rqMXq009bdeq879NbO5nyKU1OP2m0k1Z3aS0TXSytp38kYa2pVI32N5cdqzrwBuCrwMEBuAOgxj1wePP55wxikPDTXkisBxtR+OcdOig9CeMHpn13xPHJoVpqFneWzwXsCJD5ZILKuOTnoAOWz0JI6ivE7SWKa4tUIdhLqAIbBxsVwWBz0wOBjGMfStMFNyp1Jpxaak9W1q7fEmtXfstdbEyiozSaa00ae6XLp1e9ldJ/fqdoLYmDTY418tYDL5qODkopzk8jhurLzg8jnr9Qfs36S83xZW03K9q3hifU5SeV/cW8uFCkjp1556gMD8o+cr+e1gv2MTGSD7NOMk4CPtUDAyQeQPf1BIFeu/Df4j2XgPVNH1lIhLLceH7/AE25nVTmNbtTGjOOuRu+XjBHODjJ8HPqeIxWX1qdKLlKpHlaTV3ZxSXTdW11vbvq9sO1Gsruy0bva6S5NLvTXd27NbNI7jUp2udd8H6fCxkN14s1RYUA+VYzdYZkUc8ctk4yPoK6j45aZDocFhprsZYPt19JLLuGC7xRtxggEKGAwTnb6c58o8L+JdJHjjwpPqtz5dppGrXV3cT4YCJblnlRnVsEoSQc8D5WOGYZN74v/EvQ/FcTx6fMsrafrF9KZQ4P2pJCAnlrncqAKAe3Oc9FPgUMvxccflzUJKFODdXTRNy0j899ttux0qpB0at3HmlblT0aeia89VddPR6HBaBZxxaVJ5boweJ5Mc7hiQlAgz1YYGMHoM98/GX7TsNzcatoDRMyGKJxLICVEQHO5jgcAEnocc8dMfWGi6mkemSszIrFFVYySQFZyQB6kZ78qxIIJHPy3+0JG+qyWCrcJHKfPTBIypdOmRjKjPUevY9ffziM4YDESlJRikteXVK8Ve2trPbrZ2s9DzqyjyU4reXK7dU01zLV9Em72bs3r38b8PeEvDMMMN5deIHlvb1Y3YxDfGrbjuVjjcDjHJPVj2zXYyfDTxb42cQeHra+8RW5khtba2gDSSxRZ2szFs7VVdxPO3AHfBHzo2o6lobR2K72jLqpfaQFKN8zI3OBnBBHbgZxx6/4W+L/AIz8P2FraaFqs+k4eSSO5gkEU/7wEOGkVRkEZ2knHOOlflWJo5nQrU8VhsVKs2701P3YwUrLpe9nJ6buyTe9vQw2IpewlQqKSg1qo6XbSSestr6PRWfRWudr4t8C+FvB+n6hpGnzxXerWq2rasL6JTc2l9EA8lrbq2SNjAoxDbRhhyeQnhHxTd3dhqVpdWVleQXdtHEZJY0QpbwrjywcL8wGCAp6lSBxivMJvE9zqOqXsl7MtxPes0t1dyuXld35Z5Dk/MzHnB74HJArfGsQWunIqxIxQmFZYCFQq3BdsfeIyeueMZGBW1PMMypxUq9Wc6snH3uZpcycbyUXdKLd3yrba90jhhSppyjTbjFSbd23fVXTcrpataWeqsn2s6l4Q0++tI1a2jitHuJZIvs5AkCuCAsnB4JKgnHTgegvfD7VdN+G/ifT/EMTxXl1pcM8UdpdKBCm8YQEkHLLt6kZz833hXGy6zc26fuZykczYVpnOeCCcKCCMcbSOdo7kkh9n9kvXklMcdxLMNrRtID0BzJ17kYOOOvOcV6cM1zKWHlGti5ulLeNuZq7irN6Nab62d9NtSEZ0KqqUFyyilytPVPSz067a203XU+jPjR8dtf+M2k6bJrL2VtBpNl9jsrTzFcDau1ZE5OzAUgEuTjr3r4ru7q7Mf72cySi5iCkNkCNHChVP3uQT1JPt0Fdpr2mtbaS8xcqw3eXbo+FVcHO0/NktzjaTz1JOa8itbm6uTDHwFimQgE5yS469d3XH3eMHJzjH2fBtLmp1pqdo88Wko2buo3dvns29d9Nscwx+NrVabrTlKTio+9dvlXKopbfD0V9bJX6Ghq2qKNZnS4Xz/MCIhZhmLMYQEgDnO4euCAATk5vXLyiz01iI1U+YAOwALZDE8dx19RwOc8lrqRvrN0uCJVkj3FQTwqAtn0Hbng445yB6DfLEdC0YlQI0jk/eqp3ucMFOD/eB3Et04x0Gf0OPuRjFWbcleavqrwlrbRO/m1vrY4JVFVlU5lK8UlF7WT5Lq+jVnre7SPpT9kXWo9C8Y6/csU2zaS6q5IA3B9ygHg4GCBjIyeMdu4/am8Tvqvgye7jZkuZNVhi8+JirhAmWG/dlRnvgA9AF5FeF/s8gHX75VDhJLCUMQGOACx6gZywwAB39eK7b49TO3gQxxo3lrrMabyp/hjwQ2DkkEdBzw2c8kfHToQqcT0qrUbRdNW16Wtu7Pyeq3d0kfULFShwxUppSV3PRXtdKLu7Ppra9/mfFulrLdagkcrmWQCRgSC7MzjnuW59zgAdOmPQNe8L+LrDRLeY6XdJpktsZ2uo4ZHgiDEEF5eiEkrhm2n0GRWD4MtQdcjIRnYKxVArMzblOOBxwCOMADqeK+ytNvb6b4ceIvBt41qG1pI7iO8nfdd2tnBGS1tECTsQsFzwpyPYGvtMdVq0ORU4xdKTSqNtaR5optPuktLnwlKk504yjHnqc1l0k9Vf3rOzcbPX57o/Pu31XWtOmby725iIyyhfmQFgcllxtLY3c8YyBk9Kt6f4k1lrh1kv5QjqyyFtpLKzEFQcAqv8OSGww5x8orodX8N3Md9JFEEmWOMszo2SyRkgvyuGYA/NkjA9jiudlsWEoeNQw3DcQMbtpwOCMk59WwfrzWeHnhakJJOnKXPqrqz1W9tdOnMtbXtbb0of2nTatKvCEFaMXz8rjaN1F7NbNvy20Ol01RLIsqb8JKd3AJZjkjjaQM4JwRydx6YIjeSaz1iG+jWTfBJHJExXA3BsgN0xkZ24x16MOjNDW7F5t27WBdpFZsdMcc4UHaccZyeeeQamsXdzFqKIsmwAxEqcAsCcDPQbuuV6gcA4+97MPaOnHblaSStdb7rXS97K+zb01R89iPaSryvDW95X73i72fe722u9Op6zrurX+sWFvcTRSI8IP7tDgRrtUFzzwxG7J6HPGSK46d8TF0UqzxpuBGcqRyW/iXoCAfvZGeK1YjeSWE8nmloUt0EhByS2B2wMDCjvxjAHzfLy80M/nPIsrbRHk5bn5uNpUnAAAbGc8g+lVSbUrONndXbXLblsuZdLNdLd7aGqpPkUrLTfv0V1dbaJPbW+6syzHMV3MSA4C7WOABgnap+6ORj8D1+7S3hZ5VlDB3VBvZWXqcgAjAzznO0DoQRwDWMkc5Do8hB/hywx13dCMA4JxySBjg4ArVSxuXtfOOAGlVS2ckjBwSAcg4xxwBxnk4G65Y7uyurOTs38Nnpu0nZde6IV3ol2et7te6vm97LdddnaNpDHGysUwyhmK/fJ5xkqVORxg54I49Kyi6yM68ZfH3lJIzySDjkED5sHkH0zWsNHvG3KHD5TexUgsFB/Lp6HjP55UNk6OFJycuSzZBGOCAoI4OACOozkHBFJTjLms1dK1m7vaL3fVLvrd9WYzUrxfL13vfblT83dbdvXf9Kf2cro2nw43htwiYyEc4JcbWGflwdo9lyMjg5Hueo6zbHSre0lfy8XESh+pIZt/UEYIyecZIAHHWvnT4D20z/DJYlJUzS3KMQeDsQlCSSeQwOQeAMA57+33WiP/Y1i8q+YHlhdnJBYn/VgZ56Z4z2HQV8XXhTjiK7m2mqrTi0km3s3fZNbJddj9AwLl9UoU42V6cW07aWUd9bpN2tazvd7I6fScSaroUyldkYnRXB/iJGMYzubABOBnO7J5AHyZ+0nHcTfEK+ilJxJZxEZ5AUFcZAPVgME9wenPH1NosYiuNGKqVRJp4wdxBySQQMc9MAdM9cA18pftKWN7L8QLhhI6M9hCIyWAJXIJABPJPGBz0OeASfUyFxWNjJu6UW3G6d9YpX1feyv6dDyeJlfLGo/8/IOSTcrStCyve2zSXpsfPltpk3nRBjtR34bd/DjgbcYIHc9T1BIOKv6lbRWliZA2/zJtoCg+ZhSAcjPAJPXIz+Vd/oXw0uNVtrO61DUpbRXcIY0BJWMgMGZgeQw2kjAOQMAY529U+FcEcDi218yokqhvNUfKgxgAdVOecZwOTnHFfWTzPBwc6cuaWvZp6pdI9mnovS9kz8yqUZPX75J3eiVnuraXW2nZWOD8O6FazafNM4IkCmUMfugFeE6568+3HemP8OfEWr6JqHiTRtG1G/0bRS39sahaQSSW2nhzlBM4BVMkg/MBwScg816rB4ctdGtoYGdpopoGVgGAaSQKfmxuyQSF25PB7AV+nf7K/wy1HTv2Hvjb48Hi3wHpml+I9Xv9Mu/DHiG8tovENzDa6fKyS6dHOdzEyIAkaJkuRjqMfIcVcVxyHCUMZhsK8TOvj8Jg40oqd0sRWpwlO6T+CDcuuttdr+nluX08ZKdCrUVPlo1Jxer96EVKKdr3u7JLfd6W1/COyslW6hjkEpMzbw5XlV45IHPUdjjOOmK9Gn8HwGCKYXE0imJJA2wMNxwwGQBjJ54IA98ZrkvJup9YAsVL7JJUjgdvnwZGwOR07Dg7RxnOK7GaXXXWKygim84ARGKFHYu7DJRQcbuh3bflO4n1z9hQxMK1GHNKK9ok+VrXVJ2smua99bu73d9LeW8NKM5pQk1FtO6fdaWTjdd18uhVs9OdPtSsZDtQwodvylQDjBzgAA8EqT9BXK3FlCWijkWQBWdRxkAfNyTxzx2OcAjDdD3FnZa0TLAtreeYr4niMDySbyCQEVAzMRkZUDI6g8YGYfDfihnHl+HNdKbpXY/2VeyfIufmUCI5XaxwQeuehFc1fF4ei3CpXowlo/fnBaWjJu0pJtK2umqae2h008NUlHmjRqTV1rGDlqrdUvPdtWvscrqL28P2dI2bIhGCBghj3YdScd+3cZ67/h3Tm1GSURysgWIO8g+bGVYBMAgnLEDcPu8DHzcRnwP4omuLdx4Y8SyCZ2EO3Rr/wDenONiHyiGIA5AGeOmMZ6DS/Bvji1nNrYeGfEsV80yQzRHSbzzUMgJjRojGGzJ0RQMAe9YrMcE4NPG4XWzTdaCt8N3ZTta7st1svImGDqyqNvDVW9G0qcrpaWVraW87K2p5jqmiajHc6hCxIEbsCsmVVlyduGPPQ54OQB1GRQnhDVhbQXEipHHgMIzMuW4G3GOc+xByvvxXpviz4NfGnS9Kv8AxV4g8A+NdK8NwSeXPr+oaLe2mlwlwCivcvGEVnOQm4+4xXln9qXkVolkzyt5qgRySOd42kYCdTjHQkYwcZ9Lp4yliaMnhcTQrxjeM505RmlL3W4uUJ3ulpbTe5UKNOlKUXTnHmSaUotN6paJ8t7vTok7rW1joCkmlXFlbyOksg8vzY0yzIF6L1IxycsMZI6Hg0zV7hbiNkTCiWdlLEEDDbQVP8XTAyM84471jWlpePqKXMgaVoUR8MxLOmCpLZJzjPXnIzkggEy67b6gQqm2kVGlZ0ZPucrlQWA2hz0ABB45BPTeLioRc5JK9krrVOUUnq7Jtcy3WqXW1tZ3t7sXayVkn0tr1aben46XTT9Fi8/UfshBLB1EQVdzs2QUAHpuwe2CAORX0Z4O+Cfj/wAR6TfX+k6AdTimhnaNt67kEK7mJAywJwD05ByAeleCeFLPUrK/027u7G5WGZ2f7Q0ZAVBwWDFdpIwCB1HUYzz+ivwe+OGoeCtB/srS9Bm1cPJcok0cMssyLMgBZ0jDHaeOCFVQvOK9jDVaElT9rU5KUPikuisnbXV6WWy+d7nOqFRwnyR9+S0jJSsrqOjtrZXfK0nq0nqj88vEvhXxP4Wv30/xJplzpV60JnigmTYZIgSFcMc5QnOCOpz2XlymaSxtMEBs55HyqMjIJIHODnsV9N3NfSn7Sr3uva74Y8QXt0om1PSyr2oQBbVBM+EKnOCpJznBBz26/PM1uy/6OWHljAQhgAwBBxgE4BI6jGO2CKmcoxlN0k5RTtCT1bSUWm30b3e+j37csoOjNc8bNKMZWWqfutK71XbVap6vS5s2Evj7TxaJokurwWhfzI2tUk2SE4JKY4LnkKBxnk5Ir3n4b+HvifqVprGv6i+oS2NveWJUXbvG7gzqsjNCSC6hfmYnOOfwj8F+I/tC6HbCIrFptuomWJlRZBzhsMpyeOc8444OBXu3gHx+15Z6tojzFWudQihgjZASYGnwA5woBB5z2+g48SvicTK8VhYqnzt87ad7WTdkt0krJvvo1qe/Sw1CPsqjrzUpJNQd2r2irO7tbbT4rq+iPUvEYnje3hEo2yWFviNCSDI0SBhgNn1AGenPAqrfOINEgRnMbxzRKH+YZyAxAPOD2+U9Pbg7fjbQrmzv9P8AIEkissGW3BQoMcec84G3HG704IHTE1Cy1G7skiVHdpLhXAHA2rxnLAZK84AJP4njhrOLjB1IJXbdt01aPdXT187WV9j6CCaslZWikktU7pap+jb23udzZtINDuCJZWVrGcIN7AnMLE5UE8AnjPHselfDF8tyx23L3hR9WdSS74SMzZ+QZGTkjAyB8vAGMV93aHY3Mei3aTlIhFYXCkHDFWKEDPzAEkHtwCSQor4U1VfEE0t9apFKyrfyi0dUAU4nJBV2X7x5bOGGV4wDg9+VKEo1XCMU5NLlkle9r6tJWW7X3bo8/MZShKjzylJNNKNna6SupNbXdk9LO2jOyGhx3Npa25a9ZbjUYyswwZFRVweuCecYww54wCMDXTTLHQoNdms9RuWhghEKW0jtlppMGV+GA8wsSBj6nqK4tLXxYdL0mC4WaKeG+lkDJIVkkUKxwxGFbA4BI+6D7mqVlpWtXtvrsw8258xZCsQlYqjRyglmPZjjg9Svcg11Sw9pu9VtNX2elmt9bu2qtbVdL2a4HWjeSjTV2tLv3ltpZKzS1VnutehpXmuXcd1ZW6ale27SCDEbSOVOSpBdg391dqgAehycCvsb4bau8OgabJcFJfJ1G5QSShzucxkZ3EjGGJIODkADpgj4YtvC3ie7u4b4W0gigkswSZA4UhlHCkHOT/COhGSc8V9pfD5fM8N6Wrshjj1+SOcnBXIb5gFA5+8ARnjqc55wxMFyUlulVi4yeq5IpLa+97X3stHodmWTk61W75eaGl9uVJJaavl218r73Op+PM13cw+APtGx1uLW6WNVPVS+QC3tge/AzjofqLwjdPH8JbCIABF0l4HJJxuwAAO5bGD6djt6jx/x9o3hzXJPDYuLuMyWQuRbRKT5aHGdsnzKVAIXC7iQD0Br3P4SWum6r4JnsLoo9vYx38hAZvKJhRwgC53FQduDyT26E1viaEng5tycoqDkpNOyty9b8tkmrXSSXoXga9OlmaUr3nUUI21aleN7XtfprZ6dzzCBxtQvkllx8uT04zyAB1PoByRnBqndSE3cB2kY25HBPAHPBzjjsM8En3tW7BYEOePOm2/Ln5A7hBnrjAHOeoBAHQxy7ZJ0bkbEB+UYAwCQcZ4A5PbAJJOOvxVPdWdruKu/WOr6XSu73T2sup9TjKTUJNN3VnfW6SUWtEtNXrZu2vme4eE3kv8AR7KD+xbnWootUinnNndfZpoYo/vEOhVyc4AVQ2MYGM/L5t8TJ5IPGGrG2nvtKk+ywyQpGXNzDGrfKk9wWyzDGCcgcDPGa6Tw5JYw6doTXkGuPK+vQJaNot15A81j1vCPvw7sBlPGGOVOMjzT42G/tfHmr25aW0uZBaK0DzCR9sjKWd26fMGUFQcE8njOfdo+5KlGUornpzcU9170N9Wru+rWqs3fVX82jKfLO7dk023dN6K/W97ap7ddFdr6M+GsU91qGmWD6rrSve2sFzc3iyThZHALAkknduG0ZOR1x8pFdd8VotuteHEWe4lhQ3C5OPMaRF2/MGBck4yCckhjjgVwnwy0/wAU3YsLfSbFtQmSC1jM7XCpImRhkDLjAZTjnIwQR2A6b4uR3uneIPDkdxAbaSKJTPFLKGZJWwp2HLKXZhw2euSetefjeWTSglywUoy00u4qyskk7K7eie17XO3CPkxEXzSk+aDWjva6lbWyb0a8reStzdr/AG//AGdqVvFpsFzb+dbpFDIUmuwvmsVlYN85WMHeynrgHgcV8qfG/wAL6jpfjOWSfWrPXZbm0gmBstqCyDBSLe4xwGjPyADJ4I9MfVFppPiiWC6eHS2x9pje4uodSjSeSJhuSKJCcsSvUrtABGQc5r4w+Kl/G/jO5istK1GyaYiKVbyYuzujBXkJHRSQSCx2jpgBuDh9qNaUqbhFKEozilv70XFfE227X1suqaZ1cSJzowUm5Nzg4tpprl8nvrbTRrR67H0d4aST+wNB3l1RbOJGNuPmVyPlG/Hfv6knqcVwOq/bl1K6jaG5USzTAxhU/fxgDDtIVwN2ASOvoOpHtPw8+H3iDxDounTaTdwG1SGK2mie6SI/aHQARDexyRn7wwOuSM5GT43+C3jXwncJe63ClwLqd7a2itNVhlkMbjcJX2H92VB6HuOec169KsoVJSm48rm4u1tHpq+t7qz63tbQ8VqPIoXamo0+b3l7sbK271WlrO7Tut0zw6Z5X+wK9myYaRtqsiogOVGdoBGRjII7n6Vjr5jXDhoHCT3WEZGXYAvHGQckgDk4GABtr1u58DarE1lJaaRE8TOLZrn7argTMA20pkZOSoPTHBye/oOufsqfFvQbSz1m40+zv7O/jhu4bW0vIpZY1uUBRmiiYsqhSpZscdCGbJX1Z47C01H2leEU42ak+XS8Xpqrppcrcb3fnv5rwtWpUfJBzvKN+WKabdne7snu1dJt3emjR8jXZaC6kX7M6CISjerhg/LEF1HJ4IBxnJBIYAkDvtOu3XS7QfvGZol42gbSzDAx/EMcKemMAjOK67Uvg58QrayutUttBD2FnOLPU7uIrMtpcycRQSsxJErNwAODuxkYrrfCf7PXxj8Ta3ZeFV8Ox6Prt/pxvrAeIL2LSLe4sI089J45LkiMmSJAYxu+bdgKeM5YjHYSdCM3iKSXNdNzik0oxbSbkk3FWdt7rbRsKWHxVKrL93UvyKyUenupcu97WSu+qd9UcPa6nLJJbI21WKkMQpB2rhSCRnDHGRg8njAAIrq0vQsbRybSGiIUbckkHIAJzyc9QcEE+gA8z12yvfDOsato2puDqeiXT2N4sEokhE8LlJjHKg2yIXBAdc7gQwHIrt/C3h3xZ4tW8t/D+i3ur3sNsj+Vp8LTyojghXk258tdxHOAeTyDyOOcac0qnPHlSi+eVrWVpcztt2807aq50U6klLlqJp3S1Td1eC6LS1turex0UXiS42Wlt9k8uExFSw5BUZILAkcDGDuPCtnnjHdprCtaWiKUYyTQYWJgAD8vIPJAPOeMnpgferjtV+G/xO8N6IniDXfD2pWvh2KRdPutQ+zkiG+lTcLMknPmKpGQQACckEjIsabbtCtnZAS/apmtpIYym52BAwxJGRjgkYXDYAyeTwP2MpRqUasZxuk3Fp62Wjs9ebs9b6anpUfhacXzS1TfpdaOySdmk1s7pnYayvhS+jzcI48RC63wtPOhtXhjjOQygbiw+6oH+0cdq8tFzawyXDSPEonmmhfbHIGJUEDZljxnaAVBAU9e1eq+JDb6Rbaas76fFqcz3Cyrd6dI0oU5+ZZlOxsA4VhwozyDzXikqRFLpI45JbmaeYGSG3kGG+YgoXJUKc4LBfbmsItqc6s5y92VpXasklHljy20euqS8m9br0VBN02oJ6KTa01SjZPR62Tdut/U9d8D/ZBos0QbMUkFwI2McjHJmxkj+LqByRjPIOQa0tXtYYvHGjrE6ysNEtEAFm3y7gMLHhsqcAnJ5HPTis34baOYvDDR6pd2uk+aJ3SXUnIdljkUnaVwRxntzznjp2ckvha58XWWpW/iDwzILfTLawUT3jpI0yLlnQNJgu3vkZ4BNcDqxdTmp3afPtbSTUE1pfZ+lrvQ7qjm1DmjJNKm3eLja3LdX0bV2nf8dVaTxxp17dWGg6bpkN3DqE+p3EcTwKUeSTAOPMkzHGmeWwBkALk9TS+GmmaqnjuezvLe7ivdH0mZ7wFluVkZVbO5EUox6fMM9Qec16HrHheXXzpAS2Weyt3mv/NsNcihmIkUkMGZgw4UkBWViOuSOel0pZPC1mmpaD4b1J9daxvLdYzcw3LXxY4Ms0jbmbd/Cp3AbWYgZyeapiIqlKFOScpRs43SafuqyTd1Kzvsr2aNKc4/WadRrljzJyl0suW9/NbuzV07W1sdc1vK3hzR7x7nVra3m+2rI1pYqot8qQCP3andkAZ+XA5HPNea+ALWRvHMcp1HxC8MKFVMsK/OH37FDbRjcOOh9OmCA3/i7VfImvtD8V2NrCqvPYpqlrDDJJID5jRowVQjtnbhTxlckYxS8E2Gp6R4v/tq90TxRBZQOEjt5dZt5DNGAcFUAO4g8fLyoJI7CpUofVWnyKfK4uKkm5S91OVlG6TVlbdt23szprVIzxMeWbcW04tpJXajs7fCuqbvva6POPjHbvH4W1lS2oSRnxbKyi9Xac5Yk7CoGOT0746nkfip+0wEl1HSkXKb4LxSAvUrkkFTyCcf16jFftx8Ug974e1Zp9P1OyNz4invLZb+UXBWL5mA3qdvy8+g74OM1+JP7SrwQ6pppYHm31Bt3H8JK4AJ4YjIUduO3WcucHjacopJWSd9LyTjrvbTp/w5eZxvlM4tqVp35lZ/ahtayf8AXa59/wD/AAT0vZbb9njxBG0ka28V/wCIfmfLMG+wklBuI9TkcA4xk84+FfCfh+48cal40t11fRdEs/8AiayyXGpp5gvZYL6fZAoyApckEOw4yAeRk/cX7AJ0Jf2btdGlrfyX15c+JDfi5K/ZoSLVhutgTnucgAs2Pl5yR5P8H/h/+zde2+tnVPjHd6XrGoz3dvrGn31m1vFYzvf3AK20zgI7K2TlMbgBkFua5cucY5tnkXGcnUrQUHCMpcrsrK0U3ZbPRq19y8dH2mS5JyQi/Z0ZXve9mopcqe1knfS69NvkzTvDPi3QfinoOm6a2jSaXZ+JdANwbby4kkDyxsGt42O5s5GdpIHB54FfcP8AwUEsJx4a8Hu0yK/9q2kckKDJXdBbghdnY7s5BzxwelSWPwE/ZX1TxlbSS/tH6mNcsdX06XSreCMlbqe3mUQW7MgHyOVC9CCDwDwK6D/goXZwWeh+ArWGaS9trvXbS3hunKh5lht7cLLgAsPNRQSD3ALDIGe7F14VcbhI8tZONOUGqkXF2VtU2lq9fK+j1Vjgy3DKlhMY5KKjOcLJNSd3NcuytF623Xy1b9t+OmkXFx+zN8KE89rSGLVvD8LyxAtOY5dOtskqg3bcluMfUcsa8H/Z18NLZeO/G8lmbbUrDRraAEXMZxELiQtgqRtJJboDgDttwtfp14N+LHwl+GH7Nvws8R/EvwT/AMJPYajZWaLMiR3M1rJAoia4WORXjV40UYZkHIzu4yPme4+PPwO8U+PPHWpfDHwnqHh7S7/SrcLYCyWLzZwxUXlwyKMyO5JUZKFWyBnivhqOOxVTBYvC0cLJweNqt1rpQglUTvs7padfLomvuMPTprMaFWrVlCbwlPkg3GzfIlfq1dNa2380fzMfHSwhuv2g/iPb3Foptf8AhI76bCnaMSyvtwOm0EkD73HQ8mvOZPDESXTbUlhgWTcgjdl7ZOOcY2gYPUkE4Oc13Hxg1Ce8+O/xGnnZULa3dOQ2QQgnZ17n+HHXJA+6QKpxLeX0lva2CebcXMqrF1UMXG0ZbkYJYcEj1GQCK/a8Ap/2dh3rpTpNe7d2UaSTeiur6pN2u7aWP5+4jnKOcYyMbpfWanRPS6tba/z67XucSum27a7a2rX1xA00sISdyQsQDhgWDHnnjBOSSeo4P7s/shXeoS/C2zt7rxG+q3Fne3djZWlw6N9ktyhkeREJ2gSAfIMDAJUk4Ir8WfEfgDxVYXzPc6M/2uWOJIFWUFnlIDRhVGScgDO3HGeQRx91/sq+NNW8B+FYRruj3f20a08UoQyALbOhRhIScI46A/eADKMEDHwnGuBq5pRw3Kk5UK7lKTutZJLdtWa1Xazt5H6b4bZ1h8tpZlRrfxMTRcVy8zvytO8lfZX0ur2va2h9r+PLKOfxdrl2uDKunRxLHGFAUrYHLDKk5JAJAJJw2eq48Q+Mdz5XwztA4Luugs/l5Jy+M/w9MZ3AEcEjgE7q6+9+Iej6/rd7cWs/2U30NzEkLrkgQWrwkOWOFOT1AIJyeO/lXxfv4h4CjEspix4fLGWVjtIBBAAJAw2cdWJA+tLJ8HOhGlGe8nTi7LdpQf3aWs9W02n28fPMW6zxkkre5JRlHS+iV2ratu66von3/O63PmXFldFCrNOqBWGBsVjgZOTgcEc4PzZz2x/iuRa6hp+ouIY4EMSyuThCmPmQgYJ28FuO3HpXS2V/ZFNN+1SxGN5CV8vGFUH5WPPT88nABG3ip8RNI0vWtNh33UNzBcT4EJnVSmxWUsM89fmPGMBQOxr7eeHp8qk4v7N0vSN20020rrWz8j8Zozn9akpc3Kp3aV4/yrXfT3km0nazd7nmVh4i03VLWY2d/CsaTFWjVxEEjztLOHJyOcKF2g8kggZGwt9oFpci2fUrSNRCJRtkXexIJIYZHyjj5jyewxjPiI8BxWF9ORqC/ZZPOiijt7nguucGVVOc5AyeDwQORivJdcN7ZX1xCLrdJBEfMlWViQjEsoXJJG0D3IyR71msFFtOEXGy10V7Nq/4Wbv2vZHtOlHms3ze7dpLV6q+u/W6V+l7Lr9eXPi/wrDIipf2bkuiu6OAEAwGYgEZ56YPPJPINeu+ENHsvEmg3F/pkYu7T7akbSxncgdc5x1AznODj8BzX5XW11I0jRtM7SSEOzCTA6ncOcYz3HC575r9gP2PLZJPgncXRjJYeJJVZ2O7AJXhvqeODxjGTnJxzBvDYdVXL3ote67XTul6vz+atqcv1WC9pJXTd/l6pa7Wumknor6XLcfgC3aJUaBhIGBYFAQAO7HBAK5HzZOckDnANyHwDFJtka3IKZCBQcH5e42855A2ktyAPWvpdrOFgZFjUKxAb93kEEA8YAwORkdcAA9K1o9ItXRHSME4KnAxgAMeeOcA5yePTnJr5ipm9a6V/iSVr6tPk10621tvY85YVSk2pWfuttN63as9trdFZ3dr21Xhnwo8Dpd6jPbNZK6NdTKo27yCM5AUA5YHueu7GCRz7frPwqhSGbdp8kX2eMnc0KqAwycHKgfd24B5Kgd67/8AZl8O2+rePrOxVC4udZltz1KpmRVJAGem4g+/T3/Wj9pb4I6J8N/gfe+IUgtpJJr+0gW9kVUfzJxuZFLAFgM7RzjjI2gkj87z7iyeXZ3hcA3JvGSikk3ZNtaJq3bVN6b3S0Prsv4bqZhga+NTThhoLmbb0souy3tf8drM/no8UeCoj4a1q5W0LCGynQsECkFQeQQPw/8A18fAV7YiEMIoMneEKurDJDZ4bkEY4I5x/DnnH7L+LdLhtPBniMFBLEbG6YyIMoS0eSA/HI3dsHJOR2r84L+x04RW92qwoI5NrRMgZc7j8xwGJGMjsBg5I5r9m4HxNTE4fETnvGcU1K7avFXVna+70undW7Hx2cQeFlThCHO2tfJ3XR+qa0dui3t5d4S8Of2h4j8N2MsG2K/1bT7a5KMQfLmmCsVbjBVTxwPuk5ABNfvJffst/DKTwXJokFzr0Nxf6bAJ/J1CfyERrWNmJQsE+ZyRjHygcfMMD8gPCdzpz+JfD91CgDL4i0tcIgCjFwo+Xp8u7HI4xkfw1+9174jtjp9ygASUaNp6IgUjaTAi5BXIG7Iz1xkncQCR+Z+NGa5nl+OyT6hOpCDdaU1D4ZW9mo3tF30Tto9b+r/UfDXAYTMMuzGOMo02oOHJOaWsWm9L7PTbf0sj8FPjb8BF8C+JZdI0OWaSz2FrZZwWmADYO7rktycAHuoz38CufBeoEW1o9m8s0k6BQikBiHUnOzjuSc4YjGeAa/WD4wwwz+O4ZL57WNIdOEpM+3aTjLKpfBJ6ZC9DyGwK8FuNS0NU0uSKKwec66sIO2MBImkwzYPzBADuLdMnA4Fe7lXE2NXDtKvUpTq1vqt5O0rtqMW9ElrdLz2tszz8Tw/QqZ3OhSnGnTlXiowlLS0pwVrWu9JaeSur6s/en9lz/gmp+zfrn7OXgHxH4s+Fj654jv8Awfd67rF492yFrkWjXCSEZAxGcAAbdpHXpX8+PxM8B+AdM8ZeIdP03w68NpbeINX062hff8lvb3kscKqSQCFRQuSArd+Miv7Kv2TtUudW/Z38H2Wj3enzNJ4F1axhIu4ws7fYpUKxDfk+WeuOAOzcZ/k98feEPE8vxR8TG80LVZNPtfG+u6e15HYyvY+e19NvUXG0I7ZLMOAduT2Of5y8KONM0zbOeMKuYYzFwjRxrhQo4irPlpJVJNKEZtJJJpWS2td7M/V+K+EFg8Dl8aGChUShTTnRo7r2dN3lKK3bd7vXZ+mJ4P8Agj4U12whsDov2OGWCC4uJ4GIlILqCwLE9s5wPm9iAD+uvwr/AOCX/wCz34g8O6VrV3P4rZ9RsraeQC+jC+ZLEGfZx8qhjjoMDOGHIHyB4e8PtawuixzW0sOlr+7kHlNP5b5IAYgjhT1OT0+UkA/sn8F/iPY6d4P8OWGpWc9lM2l2SxRSPGDKiwqS0ZLKPmI4JA+XjPBxz+J/F3FmDwtOeQ43FwbrtTeHbb5Utm1F6NPXbfq7HZwRwrlWJnWWPwlGbjCLSrR2ldXW1lfmet7238/mzxl/wTH/AGcPCngXxf4gt4/E813o2gajqdusl6jRm6tbeSSJpBsBKhkBcckjORzXkPwL/wCCdvwA+Jfwu8NeOfEMGvNfazHJJdLDdIsBMbFV2IEGCeN2T1IAGCGr9QfiP41sdT+E/wARjaQytKfCGrqEcp/z6yKQMuckE7SoByP7p4r55/Zb8WRWXwB8IC7idkijlRY0YIV3S4ICkgnHcgd+x4X8nwnHnH88gxOIrZpmEcTHG04RnKU4z9mqbckr6pOSTto3bVaWf1eI4UyKOOVKngMLJeyc+WMFZWlFb9NNH/lq+MtP+CWv7Lawo9xpOuyIu0ljfp0yADtPbnhRzk/iMrwj/wAE6v2XtR8deItC/wCEZ1OSw0iGzaBnv8SOtwyrIGOCD1B9V4OM8H67uPidbyxvYWYMU5RQC77VVC4ALbmAB+Y8q+AOD0JGf8Ar7ULr4nfEjz388Jb6aqyFWlALyxlVHJCjaBz6ZHUmsct4540nQxM62c5hKcIKUb1pOzcoJ63unvZJLqr665VOHcppSv8A2fhI3TS/dQs7e9qmr62sul3o9j8O/wDgsh+w38KP2S/E/wACdZ+EVjeWFh47027l1i2v7kTp9pt2QRNCBgBjvYOxJPbrzX4l+L9Nuo7Ca6hluFL3gidFnxGBk/dGcZ6ABV5GBya/qt/4ONoxBoX7Ktw8aicWd+Y2ZQqsDJHzg8Z3HB4xgjJ5Ffyt+PVvJ9JuZwqpGlyqBQxXLuVO7lgCucENnpwCO3+gfhDmGKzHgnLq+Lq1MRiJRmp1asnOUpKSV3J6p621vt3P5n43o0sPnlenTowhHlUlTguVK6joktle99d+p9EfsZfDHw/8TvjN4O8J+Oba41Hw/farY21+qXLK80MqsJIxKDgZyBxgEDkV/Tdp3/BLP9kTVra7ks/C+rwwwyiL9zqXQjGdu08dQxwTg5JG4E1/N9+wNfSWPxi8BXNxNEFh8S6b5y7wpSMs2/exGdu09eOemRX9b/w6+NXgqwTxhY61qxtrqz1zEEMdrcTCS2lXMbxyRqUcYGRtA6nnIIr+Z/pTZ5xXlGc5X/q7mOPwVJ4KU6tPCSlGLm6qS5uW6bSdtbOzVr6X/T/CvK8Bj8uxcsVgaeIqRrqMHOkpyjHlhps2kut+q+/5bb/gkz+yhG7ONC8QHO4HdqOSMjaAT1I2nGG7nseK8Q+KP/BMn9mvwjrvw6tdI07XIbfxPrcun6ssl6HdraME7YzjIIOcEsPlyeK/TGb9oj4X/aJIv+EkijKqzN9phlto0Rc5aR5QqqmMlmOAOuRXzr8Xvjv8PNd8bfA+y0TxToWqR3via7w1pqUMqRlFADTFX/djJI3P24xuyR/MvD/GHiriMbTnPMs7qYdRrc7lKpKl7tK6lJ23TV0n1tbZW/V5ZDkNOyq4DBw2fvU6cesfdV0na/le6ey0Plm+/wCCWH7MbO0SQeKItk8pQRX6ABVc7RyDnHrwD1AJqi//AASp/ZolEXy+L8sdqkalGOoyMfIQMgHPGDjsAM/oVqXiLSYbp3Oq6Zh5ZmH+nQMp+fClCJMAY9ACQcDGNoyNQ8daNpyx3Fzqem29ssyZuZL+FY13cAFjJgHOAuepGBjrX0GX8a+I066hPN83fvK8eaorLmino1a3npq16mGIyPhyFN2wGDjeGrcYu3w379evrc/mD/al/Zu+HPwp+LHifwZ4Uh1CbTdOjsnR7+dZ7pZJX/eqSBt2kEjG0kDvya6DxJ+yP8JtK/ZO8Z/Gw2eoWXi3TNY0zSdMWObNmsdyFDtJGcks+TzlgVZskjgdL+1z4vtvEv7SHjuWwmhvLON7KNLqPPlSrvXBEhHluNxx8rnJAJ4NVP2ifizdWP7J9h8O7K/s0uNa8W211qGnRyo920NnCkkTyIvzbXPIOCGzkda/0b8PK2ZYrhXKsTUqTq4iVDDyxVWXvSbcYSm5b2fR/c7n8ucVfVqPEFalThGnR9pUVKMElCyb0tHW2yWml9mfnB8P9FhOt276pHb3VtZXMd2wby/LZEIIi2kZkOFIwBz3+UYH3V4n+OEWi+GLD4b6ZpHhmfSb/ZqcF7caZbRz6a8ASVYRM8ecO4+fcTk8HqCPiH4c+C9R8ZanMLHVpNNeKeKSQuSCScL5aKCCzAZIycKAMcgVzfxN0vW/DfiefSZ9VmvBE4PnFySykhdm3kjBzwGAz94kEk+hmuRYLP8ANqKxkpSp0KV1R5nyvmspXSdm2m0npbo9z9S4R8Rc54A4RxU8mw1CjXx+IUP7RcKcqvIuW9NPlu4yjZNNq11LTVH2T4ZtZv2zfir4U8L+L7qTw3DoWj3FrFPodrbwLdx6ezMCY4o1Vg6IFLkEgDIzkCv1r/4J4/8ABO79mr4neFviNffFrwlqniDUtG8bP4f0W4uLsxRPZRnKyNGhTDuBksSflJPHJr8WP2LWvLP4waNdyX8+nj+zr2JbrzgAryoyrHu7CQ8cg4ySDyAP6Yv+Cc8OseIvDnxtWSW5SLTvF8T2/kzBfOnWEFGBUYXzGUFyOD1HJFfjnidUxfD+HxWDyzE1cHRp0qDi6cpRlyymlJpq7Xu2u3u092j0+HM8xnFlZ5tm7hi8Tia03WqTUW5vkhZ8uqikuVX5fybf0fD/AMExf2ItI8L+P2j+DkLXuj6DqUllcebJM0d0lo80VwG8wgFGUEEHAGMHjaPya/bg/Zi+B/hX9g7wn4v8KeA9L8PeLovEM1vLrtuCbq7tkvGQLcvwzsEG3BJ6nJODj+iHwdaavbfDz4w3Wo3dz56aDrEsqvKbgRqNKlwhJYlPmPJJIIAyQRmvyN/bnGl6r/wTA8IatBCJrqHxPdJLKyrGpZbx8kK2d4DZGAOCeckivzjw6zzM8ZxDlUK2Y4jFReZ4alLnqTnGUZXjJNN20+J9N99T0eLIrD5HmdKnQpxTw8pJcqSiuS91aK7c1tL2s+p/JK3hpJbq6RACsaloQi4XdwT8p6YY888HJFcfrGnokdwvk73Rcoyghg4Q55AIGOQAME5O3oK9PvJnS/urmNCPNikyu7aEVcg4GQDjtncOQcda4HVL9YtNeRpYVcvIpPAdtyttQk5+b5hgZwOwJKmv7fxVBUqUbJ35dm105OnTR21u423P5TpOdacFdxftNdU9fdavrZpq7VnZX16X8K1O+e3ht0VhuErv5L5JQjnc5G1gcA7dxHHtwckamZGMxALNkbcEjIJJ5yAeDn5SBgDG3FausJFMbeQqBK5k8zBUnDNkFgeFzkYBXkVzh2xSMuSACwUbRklhzknPQ8jvt9MZrxVOpZq0mlJO99Faydr216rXr1PfVNRglLoo2s97KNm27dFLd2Sk02XnvoTbZkjYsXzxkdDk4JIx3yvORjrnAzNTeV2hkhJjiAUqjuWU7sbgQScZyemM55HFJIVLDPQqAVBwflHOMYJIBzjGc44x00rCeCa3eGZGUqSyMRuYMDwO4BAHQ7Sw6ZApWlJrVrzei+y9dOiv5b6JI2p0oKOn929nfblaei5n3WvyttnXGmzkREmESysrFSSMKCAv4ZO09SCScZJJvrod/I8bwNb+a4AXypACyj7xyeMhTjPIOB6iqOqzSwvGwQgLH8pZvmOBkHnBGT2z1BwOMnLXU7i1KOHIUjcAztkNnsQcbeQAAeo4z20i3FO93orq9tdNbu2/lq+uiuctahL2icVdNpvSysuWz2drdUmu1rWN2XQNRjvfszhELL8rSMpOT/dwMk5yepx1GcYLDod/aXxSZ4N8SguxIL/MMA8AZHODydpz061Hb63efaYbmVkJbKKsjggccbQWzk8k46ZzjnA5fWNXup7+Z9zKd/VWZUIBOMZJ4wCMYGTngcZzhVcZtO6XLpve6atp6Wvrftbc6lQi6ajazsmtNrOOye1rOyeuuuj1719DnkkQNeROm3cSSuFI5YYAHOeCQcDPXAOK2q6dcRRRSrcx7UeP5V2gn5hx8oJJHU89COABXENrNyFjO9yVKruy4BxgDGTg9x05Ukck4P6H/sA/sJfEf/goF8U5vhR8Odc0jSdTs9HuvEOoX2szCGC10+xg8+RkVyBI3lqwEaDqQOtZ4zNMNl+FqYrFVVRw9LllVqSuoxinFRbtd2fWzu7ryS445dVq1+Slyuc0lHXur+X97q9dT54trWL+x4GntyzuscuNq/dxjnaMk4ycckcf3qwtVsYZIyIYtxcDOCPkJB5AIY8fTHfPUj6Q+Kvwyf4Q+OvFvw4v72PUb7wTrd74dur635tbyaxcxSywKSQI2KEqAeQM9q+fb14UlhGPlluEV2YldsZk2swUcjYB83A4BJ5GK+ip1qFfA08VT/eU6lKM4yV25Rkk011fMmnfp3V7nz6oVaeMqQnP3oztJb3tJJWd3o7arV21PN/7G22uoF8M6ldq85GX4yRyMcYIyO46kVRh0u78xAskRj27SNoIwQOQeueOMHn6E1+tPwh/ZB+DXxguI/DugfFW2h1q58KT+INVW4URLZ3FrbGZrJHYgZeQBTzntj5sH8uPGxg8LeKvEGiWUfmLomq3ulidmIScWs0kAmQZIw+wMORncTn5uPnqOa4XFYmrRjCrGVKyalBwV20tJSXvL072eup9LCjNxtzRlZdJXerT835LTXppY5/+xrlC7+ZGSOCxVf4ckgk/xdAAAV+8cHk10fhzw9HqDXkVw7+WGhBMafIhfB34Pfjv3BP04+TxDd70UpHFHIE3qo3bsDBw3YYxnjJ78cn1DwJYarq8My6XbXF1NfXUcMUMEReSSRSDtCr1yOSAOCScYBYdGKrQhBy5+WKSbbukr93pve3T1RUcLVjFxi4u+ijd3Xwq2u99bdlay3RpjwhZ/bLa3ia4kt2VszCIBtyjAXOMZOCD3xxg5ONBfDlok6EmVVjOyVREAuQ5I3nhuOSx9CdpOMD0SXwn4vnlt47HR9RWaANBcxw2kokWaMDO5TxlcZ3YyM9eKwU8MeLY2urW6srwyOCyRKSJydxBBBXhiSeOCeByBivn5Y6lKy+s02rqzU7q1k9LNtp7LT17q/qlVK3s5vRK7u3y+6rNt/au1ot/W78p8R6NZefH9njKq0jIWRDknLHJLE8AZ5IG4jhsHm7beGNMkRWKSjy0RnCocMWGDwTz+ROcHnrXR+IPDHieAWUc2i6rbMA7qGt3HmDHQ/LncRyAQRn5R8obDotH8WCFnj0XUbdVjRNz2kyBgdpJb5DnJHDdCTwDkAerRxFCVCMvbwXVNzilLVbOUul+q2+5YVcPVcVCEJ/Cm4paa2ej11Tbvpr2a1OWl8LWRdVhjnERkzM4BPBOOT1Y8gH0/DNPudCgtkLQhpHERSMOpDAr3BbOeA2eOhxxxXWm28QRWcrNp8kaogLO8Mw+ZeeTsGTkAYHJ44PNctdajdusKPEDcGOQq+5sZIb+E/N3JwQW46HArejUjVmowrQqO8Y+5JN6crsrNq6eztbrfWxhHD4ikoqcJKL1XNF33i1vzLXV7K7fR6mbB4dluxamMJsKnzWUoDnf1IZcMeoIAyMZ4q6PC1mGlZ5BlCjbJRghiwxjGAB/CccEnrzxSi1ySK1EDqBNEzKWRWADE7iS2RwMDk84HXAOIYNVu2nljeRG891POCxwQA2ckZHQ8kMDknvXpP2lNxUnFq62vf7K1as1a7dmtW7q92lSVRpNw011vs+VO1uVNdlvfW3n79qfh/OjowXMf9jQsSi4xtjHCkk4JHP3s9M8qa8ItbeQSL5ZOwOu8Z6bScNxgk44HIJx27fVd6rDw4ocESNokBUDDZzEcsRgjggD16EdePl9kmWYAbVJdznOCRuP3u2VHY5x1ziuurRahSlzNXWm6b1Stvd6p77+q0+bwFdyr4iOrtO0lfb3krWffy36hrLkWZi3xlsuwLqxYnjcCTlgBkE88DGeOkHhizttQu41uZBmJ49ioxwx2knKknGPQdccHA59C8JeFv8AhKdSewV4g4s5pkCxNcS3ksYLeRbxxks874IATJwSSDnjIl0xNI1MW62cljLG+J4r2FrWaNt5GGSTa68DK/KDtI7GvDx2YRo82G54qq4XUOaPNytxXNyqzau7LRq/V6I+nwuGqVKLmoP2bfK5NWSb5Xa77XuryutXbodD4o0m3msLS12mQBwxOVDABcE4BzwDgnB2kHHSvMJfC1k2jz3EEEzzi9WDkAqqtkAgkk8DGcnPTAJzjsdS1ny2kg3xDMTpES4JJOMleTgDp145xwdwxre6uDosoa9RTFeNPwcsyoDkkDnK8dRn1z0rwnXrpKzlZyWrvs3Ha70v0TfTudVCio82idnZ/wCJcqerklvs7d2cXLpFhA9rbmJ1ncNFJvyBvB3E5OQQCSCc4HPAxmr1ro1k8hjlixGmcBcnccAEDqM8ZzyR93GWIqrO1xc31tdO+5IoxJIWPBzkEhRhiDwcjkgjqenRwOpJeKT/AFZDMeqkDnnIBbPO4ZzyMc9Oh1a7ikpTba3s076NPfZd00vvaLlTpua5orV6Xtrqm1b1V9tk9dmebfEWzNlb2SwM0cWD8rHBCnPoeRg/xA4JwecV4ysrpKFViVVh/dzjOeQOSe+TnOSo55PufxEE2pWsLCSM7YpAuCNoxn5QMckD73cHqe1eGfYrgtCkcTMzEAumdpBx8pB4H8XUnJ6kHBr0MJ7WVNJXbutXfRJr00fXRPzfR1HFfD5JK+9rLTru7Lo1bzLzTsDtQoAzYL9Dzgfd+bPy926EbSADz6j8JoHfxMqMEkRLd2AdQwGQSJOh9sHGccHnIry6ezuFQnYQYySwAJbDEFcnBJA3DgdQBnuB638Ekc+KoomQO7W5wh5c7tw525wBkAjjOODwTXfhZSdSPNd8smtXZbrp7vy0102dzzswlKOEruD96MHJO9lZW2snZpq173tp0TPpWS3tBJtkVGVSZMxRqMkDndwcD0GcnPcDJ5jxRqr6Ulm1pmJZQ52tkgHB+6uMcnGDgEHGeBXsEugIGVZAysX/AHg2bcMyZAR+ATg8hvlxz3rxv4gQRQy2MbHa8Tt8gfdhcsASemcEcA+hyuOPTxTfsW2mno+brf3bu/q9b+T1SaPjMkrVZ5lTk5yfxbNtbxum07pWaVrX011StheHtSvda1i2sZJEUyhlJAcIFxli2GA+6T15PTB4NTa9ejSZ71ZEmMccxt43LOI3wvDoD1wDjg57ZBIzgaDKLPUZ72KQRGGCULuXAVmBBPTA6ghiOuAD1UfXn7Vv7Psvwq+HHwC8Xia6upPih4PfWr4O6SxW98Ln5Io/LJ2hoCHy43ZPUKCa+PxmZLC5jg8K1KTxftIqfK5RjKEVO82tFdaRvq27an6BUd4wc0+Zv3b6p2im79rpXVvRts+dvAJivdesG4e3eWFJY3wRl5FT5gc5IHGMDB6L2r9qrr9nPw38Tvh7p+qw6dAt/DY2uks8sEflpCYA4dcBQrgn5SSRxu5xk/hd4KuZ9K1iKaRSkST2/LFgFPmKwOCMHByc5AJIOcAk/bnjH9q34jeDYLPRNE1aWHS7q0tpY1hcIrFIwo3DC8gdPYcVpm1LEYqhRWBqOniFU52725o2Ssm99bPrdaM93I8XhMPKs8bTc6co2UWm1e6aUU09FpbXSz62OT+KHwB8NeFYdQM9z5WoWeoGzEWQrMkbcNwOc8dxjg4AyK8n0n4c+HbuN5rq5kjKSbFDY5woYsOcnpgDGRwCMYxxPxE+M/jDxlulunJAnMruH3NNK4YvJITx94g5BJPHAIrymDx14hKpDHcHcvJIc8Ek4DZOMHBAzxxyQcA9eFliqVGnGvf2qSU5JO7+G+qau7K/Z20drnhZjyVMVOWGg6dJyuotP4W49Fr8t+ne3veh+CtD1fxJcaX5u6NZWjgdODuVSBkZPQEewBJ5q74k+HNj4V1fTnt5ZG/f2rJ5ifKrmeMtuPQj0PYD5WGcHxHQ/GN9pOovdCWQXUzBmkjf5kd+cjJPGQV6d+ARXov/AAm2seIpNPhvJpJCdQtAfNUMxUzIAMgAqM/MSScL04zj1VJyppa8vKnok38K/Pfr91zznCo8RT1ko80XbyXKnbqr7q+/S7vf6+1rw9b3+p3c11t3rolgWaMLgBrcMpII42rjGMHgc87h4Nq/h7T2gd4YXRzcJErhSFZVJGSox8uc/Nx68d/Z/F/iOy0TVry1d4mmbRdMV0MhUsPswyU6biMnseRkZxz4fdeKtPd5FBkeExr5RUgL5oOM4JJJG7HHBBI2k1GGpwdOnzcrbjrdJPVq22ttfxR5GaRxMsbW9lCdoyVrJq9uWzvpZbXs3vZ+W/Y+EIYbBHUvNMJcEbtoIcDBBHIGBz82OdueQap634Pn02H7UPNUNAJgz7m2YwyncHxznAIJAwRw2GNnSfGdjZzWominuIwN8kecc7Ts68n09Qx+oqXXPGtrq2nXVnFBJbMysMzSKMxhlYIqnJBwAeMd+grtlhqap25lzWbST1v7u6srt3Svd6J2ueT7XH/Wad4zcOaKlduyj7r3s9Ps67av1hTwZLd6ZPeXsd1EJdNaWDIJMwKZUhgDtGcEEY+Untg18+aVbhtQa3lSaNIpHjCMrcMrHbjPGSAQTkHOPvZr7AvvFGk2uh6W0iTZi0ONFlWUOm8xkHCjPTJ7ALgdsmvAbm60y6NvJbWsMU8MjTyybseZ5kmQ7KcnJDcjHGTxk5GUcPyum/duknpez+GySutFfVWV7ddn6+CxNZznFQ0k0lzNtOziuySt8lpbcw/FU8cUkNuLZiBDC5dcb/kG7BK4xnGM456cfKD0Y8J2VxoKaur3S3Itxc7Cd0UanhlZSCDkAkknk4Oc5NfSnh79mPRfFEw1rXfir4e0rTrvQhqiWkU6LdxTCLzBYlWJPmNjBXnGeQME14rrxeOxvtL0CR2tLMyae0ruu2dIXZGnQH+EqoO4tt6dsVlhp4bEVq9OCblSjFWlCSWltm7atp3Sb6Prc9rF4bF4ahQlNxUaji4Wmm3G0dU002r7LRpu1t2ee+F9N1HUdOmOnxXE2LhxiNcbQTyGyMHdwM+nAIwCegurC9ge1tws8WYg8sZJTDKTkEKdvUHoMtnIHWo/Aa6na2UlwupJY+Te/wCoWRVa5VW+cxs2RkDHOSCOehrQ1e9Grarb+QJLQLCweRp1Yu6MzHdjA+ZumOctnruz2OjeFOySu7cvVr3dFrfy6W83qeVKVT20kud2cXpdNq6b5Wr6bXT8rGV4W86PV72OeFirwyIWkJILnOMAsRux0GM8ZBBJA+uPD/7UXiPwX8Krv4U2HgfwrPZXthfWEviCexhl1cRagjREG4kViZEzujZWDKeh7jy7wJpPwqvNMuL/AMR+ItZ0zWklmhSzt4vPtyEQrHNlQSC8mQeTgH3BrB1KLwpYaPfW8esS6hqMm+4tcxmNhEJDtjcsQQ4UA84yeMkc1x4jDxm+W6ajtr25ZNJ6NvXS3e3VE4rnmqaanJJpxXLJWacZJXvd6pWd1a+qvqcp4X8Da3rDai0T2cUWkW32q5a7lUBUlYsApJGWP1Yr82agu9A1KyvnsLiS2JljWaLbtMY8xcjBGcHnAPPB4znFQWPinUFW7NncLax3caW83Db3WMAASdOTyATxjoME5oXWpSys09zdebIqiKORSQyEEqACRgZAP03bTkcB+yjGEN0m7vmX2dL3k9NtUldXS177069eU0qjbhdKLV07e7e7lo20m76rWx+1f/BPZxZeJ/CcFrPb2k0GjXpkvIUjUQy/Pl7tmBURqDzkMTgqTgV9o/tJXViNItLrVNZl8Vy/8JVCZZNJvhHotknkLtZoocKtwuQGC4D8jBO0D80f2BPGehWXiHwnbX8qQNsvoNRlkd5UuE8t2FvMiHOHHy99w4IGMj9Ov2gppo/CMh07SdE0nw9d69pt/pMOnWrSPcSvEqGTUt+WijcncwPAJBK4ApZZHkxVS1n70ZJqzvfluo23SWju9Xeyd7H19ZqeW0WnZ8qi1ppsr2637vdu3dnz9+zvq2kw+KfGjXmqTJpL3kJltwjfa2TzlZEgx85VTtyysQV6dQa/RPxX4rs9R+E0cr3VrKreJrK3s2maQ309pFMirDJE5LrtUrg4ySoHAIFfmf8ABSWSy8XeNZ9RvdO0wk28j3X2YT2yssysiQlcrHgdeTnoDtHH2R4j1e1k8DQwXlhLqWoT+KbCSLU7K2e2tWtmKvGYIiMEnIJIHTjOK4M1aqY69tpwdr2asrJpfa1abtu7a2Po8kpx/sle7eSdTWS0dmu6b0XTW7TtokfKnxk1OKXxRqCNGZIpNUjRVbKqAluzAEtkNhhkknnJyON1fLGvfF/w5dmHT9Tg03T/ABFp2omOzvYLYSXC28L7Pmf5huIGGwATycgkEey/GS7aXxTLboJVVtdlVllJUnZbtwxJBByBwM9Txk4HxBrPgLxFfanPqYOkxWbz3AgnlnjWRCZQCHJLHcM8EkN1I5IFe5QjelSbjzSsle7vtHq77dG3pfW9j5bPHVU2odLuySd1dNeltXF3Vn53PpC/8R6Nr2lX+k2uEvX2T/b47ZEMjyrjdHxvHB5OeD3xX60/Cf4hfETRP2ZvD3hjw74bj1jR4NIuodVv7icCQKzrHG0BGNpA++CQV9+/4caBDfDVbOKxsre7fTbfbdul4ojkKfeYktyCcHH4dRg/sH8AY9R1L4MRauniy30xLRZbdvDMepQ7LphcIpzGckB/4lyc5wOnHzfHaqYfJVVoyUJe3hTfLtKjLScXyuzScknbV2e7R9R4fUaeMzdLExjU5aLlG901OEoST00cot2dr3VlrubHxau9W07R/BkSaXNqMVx4fWe5tbabK2krjONwHyhWODjg8g84x7n4PkuX/Ym8aSXFrPZyvDqR8iT5nBVycqTkgHj5exGSQMiuK/aDgljTwXBGWsZj4at2YWOBGxKKSZnHy7W5yzHv0GOfTdAW9T9jrx1HcS5ZLfVCGd1diqBioUj7oY844z2PBNfhLnGWBy9KKX/ChRcpQ5ulVJ3Uns+mm/Xt+7ytGrjG1/zCVI21ur04+6uZXV7O1+rSV9D8TNSW/svDNjq+naWNXnbVJ7W4tLuYxRhJWKhkjVwzlAQ2Q2FYdzweM8SefPZaUlrHdWsttHm8j+0ltszMCw3g4UZJCjrjGRjAF7VoPEN5pGimwsb67ih1idrkQTFFdnl/dpgOeSM5HBPPQgmu7+JPh7wXo3gbwLqtlFrVv4t1XVLweKtLndmgtbeEq0YBUnaSuQmeoJAyCTX7BQu4JrEUad5RtSaTnJtRaSvJNJ6qSd4p6paq/wCKYqcvaOHs67jKna8U5U0vi5pNfCua0Wm35LQ89+B1tq8fx68A39w0626+JLBCUu2ZTufqybstkHliuODwCxz+sv7bnhPxz428Y/DU+C9C1jVEs9OkN3JpV1NaiJ2jj8prloGXPQkow2kepOK/JH4O6zot58efBcWlWep2qp4o09FknWR7fKyLkM2cHLZIJ5wc9RX6l/tx/ET4neBfG/wwtvh5r2s6OdQ0uSW+Ol2wuI7pookKJIFicKSxcnJ55z8wNfO54qks9y6UJUZTWHqpObfImmnJy5XdLVrXql72rZ9NkfsVw5mftI1VBYqld0rOo7+zV4ppW0u7O73etz5Jn/Z6/aPkh1BZdB1+9jn1dZreQ67dRyxAk4SJDLkRqQoZunBHqK+gfib4X8bab+yBZeEr+31GHxhZ+LbRriFblzqDR7ySPthbcVUABufu55r5Luf2hP2p7rUdVT/hJ/FNmkdxGBM1kyeSmOTDEYfmyRkhR1bBHPy+6/FXxb8Qte/Ynt9Z1nVtWfxdceN7XztVeMwam1tHMckIqJI0e0Z4UDoDxnHTL6wq2AdSeEusVT5fZRb97lkld3+F3b7K2phh/qrwmOVGOL1w0+d1kleN1pBptqV3onolfsegfB+18XS/sdfEXSnt9RHitLvU105BLJ9raRYQE8uQtkbT/tcHOMCuB/Zw0n4jaf8ACf46Wniy11uLWrvw4Rohvp3muGnMQ2fZmZmKMXBC4IIJ7jArofgFqfiGT9ir4qXctzq0/iCC51FbG5Af+0CfIQIYht3hjncAAcgNwScnz/8AZx1jxpZfBz9oOfWLjX73U08LRSaPJqCzx3VvcmNmAtvPBfch+ZioAGOBkEn2G5cuLTcNatPdNN3cLtX6W1evbTQ8uDjKWGt7RNYeVuZtJxts1p71k+Vq+rWhc/Yk0L4n6R8TNQuvHNlq9npx0CRLabWJJJVkkd3+cGRyuNuCowDjAXnmvnX4k6J8R7v4/eIpdHsdcbRR8QdPYT2kzrYiyE0ZcmAOoUNlsnAyAQMjNe8/sOeKfHWt/FC5g8Wanrl/ZW3hZyiaxG6WxlYv8qM4CsUOQCAcn68fNvxo1Lxxa/tDeIf7GvPEllpk3jzSFZLdJ/sL23nxeaVKjbtwT90g7TweM16VBz9rVb9k7UIqVr2aWvu+etmvdW++x5GL5XhaUkqji67XK5PnT3bb/lu0ktFa6emh7B+1/YfEuf4kaHN4UttcGkxeE9P+3z2UzJAtwjIrmVQwy2MgkjJwAenHJfHXTviTqWo+Dp/D9pqotYPAFml89ncyRs1+EQEyBZF3SFuT1OSTkDk9L+2dc+N5/iT4Yi8LDxItmng3STff2XFcSW00zNGZjOsY2mQD5238fMcZ4xx/7SreOI9W8FL4f/4SGOCP4cadJd/YlmRTeiKMsZEQY85fvEMGYkY7MT0YObawjVSnf2c+W+trKG9u22qavo7o4q8FCWJTjNuMqd7Nu7vGyg7WaSWrd2vQ+g/ipB491P8AZn+C2n6FBqr+LItSX7Zb2c8kV3OoADCWUtuKnkHOQx7DHHrnhD/hNrL9krxFpepxXf8Awlra3biMPI76tEWuwGW1bczb0UgZBySAfr4R8ZNc8SWX7MfwMudLu9Z0/X2v4vtt5ZpJ/aAKxhmMyAFyzkEMTgYz2JJ9a+F/iDxXJ+yR4n14z6nJ4ttfECSWV/ewPJfEi8KlhbyLvcKg3YCnJOMdTXiY6NT6pV/hv/hQvZpqTl7W6V9lTT3vf5JWPbwSi8ZRbdWL+qx1XNyqPInfoubtd7vpY+efDem/tGW+peKZ9Ki8eyRi2ZbSK7lmWZZVVsTEuCGViCVwRhTyBnI6r4Ry/tAN8S/CS+N7rxWdN+2karFcRv8A2fDCASpupQu05Yj5VY4fAI2jA5vTv2gv2pIdQ8RpZaLqmsW1jaI8FxPos4W6kKYbY0ca4YHK7fTB6c11vwl+Ov7QHivxz4R0bxXoMmi6Xf37R6sJdIniCW4UurSzumFywI5YHjI9D51ZVYYapenl0VKnOyjKN0uVK8bRVpK8nrJtvr0PewlSlLEUYxr5lJxqRspRag2pxS5mpO0b2bvdJLS56R+2bLFF4s8F3ECwTJDpt5JNGgbc4DnAyuS3Xkc8sRwDx8TaZqd3PqGq3EGoa3p9l9lMkFtArwQS3AAIj24AZAwz1OfmPG3n7h/atkurTxT4SmggtrlnsZwfN2mMR78M0YbhSVyxOCcg184Qahp0j4luLeGYh3kgaNPLUdcDAGeBnHIAzwBzTy6o44OEfZ8/PCKck2re8tVbV3stFpJHdmEIvH1JSqOLTitdL3UVdNJat9E7bta6Hz2lx4hTXDLLpdzfR3sMk1xcyRyJ5TgEhtzEDAHO73IGcceofs/3lwnxb8FqLCSC3m15ftkyuWBK7+GUjAOM8dxwCccw+N/FsNgqWVkr3WoS2byW4gjxbEquQJXxlehB3D5lBHB5rqP2fdffUPHHgWKa1ht5rnXII7tUgKiMgkbxIQCXK8E7u46jkeliJpYKc3TjFulLVWjK/IkotO2r0u0+jZ4NBNZpTiq05WrwfLy2T5uRcvrrrazSvdNLT6V/bI1v4mQ/FfRrX4ftr7Wv/COwo8elqz2yyEDEsyIGXIxgcjPtt48D1tP2sT4XhnLeNn8k28kCRhnklOQcQgR7kwM55BB6ZYKa+hv22PF/xA8BfFLw8fAd3qUKXPhjzZ/senm6inkTYUDOI5FUgHgAqcjoScV8zat+0f8AtKxaJbCLXte3YtiDHpAVLddxDfegK4AxnoMjONxyPHy32k8Fh5RoYGSVO6lWleo3zLWaSSauuX109Ns8lTp46tGVbHxfNrGn/DjdRdk+ZadL2S1Su7o+i/2Wbr4oSWnxEi+I0mvnVb3Q9VOn2niIyi4tYorRtn2RXK/PK7cEAcgH0NeefsQW3xB0j4zNJ4ks9cHh97DxKyS6k1xNbyXDSTeWIxIxUYyPLAH0znFdD+yx8QPiZ8Qde+Ml/wCPPEWo6zNp3hWaLSbieyW1e0YWcxcW6rFHuZnCgZz0zkmuf/YX8S/EG++Nsek+LdR1a80GOw8Q3EFve2zRQxyiaUAK7IN3ygZPsBgHBLnQqVXml3Qi/ZUr8sbLSG1KPZKz313tqYU6iUspcfrEoxqVbqc7OynDWp7zb5t7J2S200PoPwVo3xAn8Q+J5tRuPEw0zUfGNybCIzFrI6dHP86gdYodoxtDA5HHUkcX+0onxH0L4gWNn8LdK1WXQ7tNFuNU1TTGlItmilj+3JKQSojKg+ZxyM5615tr918e7Dxl8QZ9N8TeKLLRbbxrOdJtILczQrp8lyoKW21CNmNwYHIABOODjzL4x+OP2idP+Ll1pHhfxB4vTw69r4dWdY9N82KRJ2hN8GkWElNxLbzkYJJ+9jPLTwWKpVsPXlKjUi6Tgoq6tGSptKz0529b/NK1mdVXHYR0J0qdKvGftlqmpTb5mtLyb5X5q66as+qP267fxdql38IU8Gz6kLs+HzHqf2KQwNJKbKAgSNncXEocgFsH5uNxwef/AGadL+INv8DvjXD4mfVpdZvbTVYNGe5uWM0MqW4WHZLuyhGck7hxxyeKh/buufEQtPgrH4ZudZOrrpAFy2mxSGWWf7BA5SURjCuZCzfMMfKQoO0Y5z9libxinwR+P48X32u3F2dM1c28V6kqXFvMIAU+ylgDkuMgp3JIJINe3SqqGXxi0rKcVFq/Km6qd9Xf7ttH0PGxEHLNJQjdPkTelo6wi2k7ptpXW1k3d7WMD4AeEfip4e0zxwvirU7y7uNT8ORppRuLxrqSCcySlFhcSYjfBA3k44+UdQPb/wBjzwx8SfD3xTstQ8fyXl/YT6feCyiutRF2IC0r7GVdzbH2nLHb0wMZr5J/ZgPjKLQ/H76lbeLNVFxpcEelG/N0u0tcS7mtmkbO4DABUdAoxX0H+w7ZeNG+N6J4gXXLay/s+/VY9aupJrZJBM5VIQSArhSAFxkYAGBVZ/JLJsc9PewzUbWbSUFdys1zW95Wata+x0cPSf8AaeCupq9ZJXdmtvibeurSjd27dT58/br1XVdO/aQ8c3VpqPiOG2uLOGOK3sNSvbeCJjCisTDDKqENk/dUAnpmv14+BPwyiH7GUl3pOua7o+qah8HtR1OXU0uZnv7fUwZpFuI5ZnaRZAdgU5yM89DX5s/teeJtJ0b9pfxvZajHpU8YtLX95dqpCAxorbQQCDjqT8uMnjiv258AXWmXf7JOoS6XLBHa/wDCmLk5tlURBXtpCVjxlVXzCSduMk8A4yP544uk5Zfk1OKhFLEUpfAk6r5INx007trZ211uz9s4Vor6/m9ZTnKUqUotOUo+zi5RblFXtd7JprtsfzQ6vF8TtN8QeHbOf4t/EC5t7vUdOheSXXZSZRJdxRziWIPlQ+T2IGdvPWv6KfDVvaaONMtWlmumf4Z2ga4uHLzSv9mGZXc/MzscMxJ5OSOMCv5yvEFncW/jXR9QujcfZIdY0qRHeUtG6LfR5wB8uQCchccHAI6H+ju3ltml0JwPMST4a2jEqBhQ9qrjdjcQMHnvyc+tdWOoKGKyaVOnTUrt+5CMHJv2WkuVJO12ttL6aI6MA2sDnUnUqSirpKq5uy2Vm7pL0V31v9n+Y79tLxNrWkeM2m0DW59BQ3+oC5aFdwutt5IMsCvrgZ+ZcHqDXx3c+PfiPPBbR23j2WWWV4ysMbJGwV2CqAxUjIzkkY5yK+hv2+52OvzLFFJI39t6jCoXJKQ/aZMkbSckt1zx0AGK+BfDsE8Gs6XNcWt8Fa6tEKyLIVwZkCjnnbgYJYYPqASa/obKsJQeXUJ1aUVJ04t3tFq6jdN907arzTW7P5lzrE4h5vioQlK3tNrvbmSSTWj80rdOh+m/j7QdWtvg14cvbjUbyTV55rB7i6lYSLI7om8sdvGCTtI2kHAz0z8zfEn4x+N9C8dWfhnSPG2r2Wk22kaUvkLGXb7VLbIJNhVCWAc5UcnGNzda+2fi4M/B7QIkuIkJfR1RJDtw0ixKAc4wm4kMW46g9Bj558W/DKy8J/EzR/GnirXNFurQaJpd9HpQiEzTqLdVCrjALoTuwcggcYHNd1Glg0nHE+zk4RvCUuXTZ2tq9eumtm7Lc58THGwlB0Pax5uRT5Oa6bdO7ly62abe/TZWZ5N4A1P4weKPG1oLnxnf3GjW9/8A6VFc/uTPEFOVCtgkDgnOfXrgD7h+Lkutaf8ADB5PDt09jqu61EFzAVEgYBSx3Ac7geQSCR75x4xp2u6LqetwXekfYbdLm6kZUjVInY7hgBRjB285ORnAX1P0R4/US+AbSIiORnktcAsAOUUE5KhSTwAeOx6LkfN5i6X1imqUIKnJJaJKMveSa7p+i1t0e30+Vqp9QrupOpeEZS5ne7so35W9U119Gj4S0bxv+0dq7X0ejWeua1Fo0Mkt+1jYveC1t4uPOumjUCOMj+MgDJzkBgK9b8GW3xnurG51n4maZqNloWqrAdBuLhPIW6lkIbMaMNxVQDxliM8+32B+zH8Xfhr8DPh98atF1fSNS1Dx74/tDbaK1ukU1glq1u8RjmnkVhHGrMHOCM7SVBzXzn4y+Meta54Q8MeE7yx+z23hPVRILiN5HNz58jOodcnCRq5GB8o/hAXGLjQpu/7umppxaas9muZpJWVl0ettb9vOo4nFRrpTq1505N6TbcW1ZO6vZXjona2itbcyfiTfeLrL+xx4c8S3umWUVizXUVvF5zEqoCjYoJLFiAOMk8Y7145Br/xDvNJv7uTxld+ZauN9tMq28pQklZPnAxvXG3gjHY5NfUnw9+Kvw48HfEaxbxwsEemXXh+ZGluoBfW6zyKp3CBgwGAGw/JyTzzmuY/al8e/B7xjpluPhlcaWbua4slmjsLU2UrJHuEpkwMYJPcA464zkdMcNJ1oOVCLi0lp1SUb6W7O1ne76Oza4Mfmzp1p0o1KmmitJxjFpQdtn0vffXe7PmzRNf8AEmsRXw1TUJ52t9RskVWcFXQzIHL7SM8AMoX35bOa/VfS7x7Pw78vmODo0YcquPLYWa7dhPQgjIIPX5uhr8jfCdvd6ZNe2823ddXllKi+YWbaJEO4jqFHuABngnJr9c7eIr4atZNxJk0AO/GRxZ7VAzjJ6ke+Pu5Nc+cQjR+rRhBRWjdls1JJK6S3euuup7fDlaVeOIqOo5S0XM9bapab35uZbu/ofjf4p0L41ahrmoaj4fvfGN3ps+rX6iS2u7jyEAmYiJArcxoOo4wcc8cs8LeB/ixq2tWsOr6/4ws9Pa4jbUpYNTmMlvbo6luN33sBgVPIDHjvXsngXx/P4b8T6+2rXl0dLZtbhtrd5j9nW5mkYRusfy7WUk4I7nIPYfNGv/FHxbban4gGkapf2FnLqEnlhZGkMkLOBjcVJwclhk45IxXoezw7w9N+zpKU4+9or3SSVmmtXpezfVb6HiTnXjjp3lXcVPfmlbVwbV9pJ21S03bvY/UH4qqsHwK1+GO5nuoofDMUf2i7YtPM0Sld8m5sF8YZy2SSM7sZx+SWqW5utA09C7+YsDSAAgqBjgDOTjrgfoeDX6da/NcXn7MF3dTzSXU1x4QjmnklJV2kZTkuTwpJPUjjuADX5ZXs0p0OGOKJ98VvEWcNnarEggDOB79QNvBA675DDlp14ppJSd7tapON9flp0tp3L4xbk8DOy5p4aF07p30Xz23t5O51PgHVL2yaWIOPIj0+YBJCByc847gA5GM9+OufetPebUvBTfZJFMs1vdxuo7oELFiAeACRg4yCc9CAflXQpr1XuBHZzSp9lKxld/ygqQSQOGB5Oeff39m8K+ItR0/Qo7KO2kWdluUdgV3eXIp3qVH1BGBgDHXOB7lWMlSTu5RaS66fCrr+VPXRvrpsfDU03U1Td3G2trJcqduyd7NXate70KXgTw3qaPeTHzYoGWaNHyHEjozEhuo245YjgAdzgVHpskFiNRDKZAZ7lbiWMEMyAMynsBhuOO/1yHWHjLVbGKbT2tmgLPKFlj+8PN3KxbPGPLyWwOckDjkw6dOkmk6ivmL5kk1w6u6jeSEIAx6kkjP15ycVzUnOaUZWSXwp7WbWmlnd3eytbS+uvRUcUotJa2Vnot4tpq6TV9u6trqmegfDey8FePNSXQfFWuXHhTT4WjNrqMFs0guGY4kifjJIBHoG6YJxt3/EfgSPwtcOvh7UL7VfCV1NMlj4ikgMcU0kJZDACykrIpGTzk85wea+W/7S1KGCKO3ZkZLreWVSrIFJwyvxsJA+XA29SRwQ3rt78RPFr+B7XwtdWMk2nQyS6jb3jsQ+5lKkIikDnv1z36A15GIw2JjiVWo1pTpzaVSnUXuRVlrGX8yelteiXU9KhPD1cO6dSl+9goyp1Ix953suWTcrbLdK90k9T0mx1rVV8K3eLhvJsIZ9kKMWjlYsRkqCSOCSSF6555+XxjW9fXVdUN1Iy2Tx2MMbShX2Odq4CjsxHB9DnAAwByo+Id7ZaRNaQ2c8DTxrDNICzIWZz8oQnJLY+Y9MZOfvVzk+o6pq84RLYhhHEHiCY3opBMjsQAGGMkdcZ2npW2EwfsK1Stom/e02u2n8W6bSV2+l0vOq9aWIoU6LbShy2T0u18Nmt7WWzd9UrlDxhqflyqqSK6jaGlBK5by2GCeRnrwcZHOOCTwEmrwvAI9zkhzk7zksTxnHA5GD6dO+a9P8W2AuNDjZ7RIbhZ4kgZIySTt2kvgc5wBjnJwRnHHjc+lXllNNHITI4UuyKnOHw4OME9R9VIOPb3sNVVWN9Lve7ukvdW10/e+++nmefPDKG7uuW990m2nrFPW1rbu6s92b2g3UtzOttHFLLJPvHlIXcuSyk7emF4znHIzzzx6bZaNqFxdhI9P8iT7MpZZwVGxh95SWw2QVwCMjghh28a0mTVUvIptPWWK4QMI2HDqFViTwpGMHI9dwyBW/beLvGGnX0kyXt4cxLH+/hMgAJBKLlcqvGBjv9DmsRGq+T2VuW1m7aPbtd2TvdapbdBKzhdNcto+8tNklqrtWWunfRK+r9JfwRqdxLGLiyu1dw6xLBCwVwmG+Tk7sYyTkdxyCDWPeWF5p7qs9vcRRRKiNuQqhY5C7RkgEAHeD0weFAwcZfiN4+jeOZdTugsO8IDF9xX+9tAXjPQD07nnEN14u8T6nZi2ujdTQtKZZJfIPmFmZuclSSC3pkfKMkLkjmoU8RGUnUcHteybvflaT6u+ttv1MZvmaV4rVO7ktbctmvW7vdb6NPr9G/B2ezt9F1dzD54hv03RYJLD5gNxU7epH3s9Oc548n+La+Z4rymIy1shEZAKICXwC38RzxkegGR0r074NWssXhPXb65hmQG9TELgjcCxyecHnJPAbBHXnB8p+KlvO3iKJiSN9pGQhOAuffA5HQkHv0GRW1GFq83J2lFXeydny9W7X01W2l1dM0xrbwSUXZe7d3+5vuk/LS10cjotsgvLWWUkN9ptwQqrggzpnAPOcY5POMAdAK/SjxTHHJ8Tvgz5IKgWfh5WYJtCsqELgYK4OM9evvjP5vaHZXjXdqHRisl1bFBlhgrNGCQcZBAPTucZBOa/SvWI9/wASPhFEWdtlrooOE5VljPyAkZAxj5jzkjPXNRmLi/YqKdm58y6t2V3st3bTppvrbp4V1q4u8m2oUk21151orNrXV3tHW99b2+I/2sZRN8bPF7KN5/tAqSATuKxqM4+9xgHHuT2r5ee2DOrIhIUEHB5yT09ycEjjKjjpyPo/9peTf8ZPGbncCupyAA56jAO4Z6984yWJx7eFoVWFnKAkvwrDHPJwSMZODwPfAHYeao2S1va2tu3Veas77WtuaYtP6zWaentJOz1107WT11WqS6db8zdQcPkEHaWbkYwBwpPt9DnnOax44zu54UkHP+znocjjr+X5V1F05kV/lULv+fODg9x2PP3e2Oc7V4rD2gyAAfKTyTkfxZ4GSDxjGRkAZwM1a3VpavzSfTRu/wAtb9dCFJRTTV7au7snqkk90rc3N0bT06M9B8Nu8el3+CAGbaA2CVGc5PPAPTPQ5JA5zX2L8Orr/ih7dGdQfKY+pYLz6YBGc8fqMtXyL4chJ0i/kwPldcY4PGAOvp1HPPY819N+BQ0fhC3f5/likCkDIGQRgr1Oecdc8E9jTmoaNpNvXdfZtZvdrrr01a8uOvPlhzJW12VlZWjr89fPs29TzLxtOsvi1C+SFs2XjnHJA4wdpJ6DoduDwCKr2GqmG22xox2KQcjJOWPH+92znj8BVHxDK03ik+YrL/okmPcZbA7cZ54PPTp1uaWqM0KEAk5JHA4J4BB6Dnnjt3Aq4x5lG6W2+2vurp6rrttfUXNFxpu124xtZOO/IvPrK2z0urPrFfat9puoy6OuLZ1A6ndtJIzwOcA4PPrwawF8Y63aSxLY3RjRUCsFYFtqkKckD5jhjj5Rt/2twFb/AIgVIowzoMPK6Dau2QZTGCRyecHIwc4wCOK89az+0zR+UhjYAqQSRkZ6npk5A9cFuMAg1CjF3Stb89tLNNcv+W7ud0or2cJbS0S1s9OXy1tbR9enW3U6v8QPEEtjMjXzSAkRgsCCAQOBkEgHnjuSe9UtP8T6hhWnlSZ1gBCksoAJzkMDg8ZHfrnHBIwdU0yeDTpixG4yA4Yggkk4ORgE47jH5DFVLMSBTHh/MMKrkKNoUj5eex5z0ySoP0lUoOfuxXLo9kuZe7dpNLWyW19fW6z5nyxkm3sr3Vvig20lrre1uyaskejyeKrq4Y7YIUzDErFSy7SAAR1+YnjO70wvQGtPUric6PMzESI8SsygPgMQCADkE89MBcYA6gmuB04AiXzVO/5NoGOSoHYHGFAbtjAPGSRXqt+YY/C0sjAHNv0AHO4YDcEcjIODnGTnPIrnrxhF2jFedtuie3q0t72b1OiLly3ejae+lraN2S2tfq9276XPQPgPdGLw9LIFQBru42ljjLbckDHAHbBHOCR82cdJqEkhuJmGzLSSDO4jHPfnpzuzjoQcevP/AAFjt/8AhHLhplyDeSmN2GcjBxgYA5OSSecHHHNdPqckazXKYWRjIwGF2kZyRtzgj1J5wBtPXn0KUbYamnJ2Wtn10TsnfS9rPV36E2cqj5oppLR/KDeltNErO3RtaHOaraXJ0+WZGJVLefILg7vkY8cHoec89CMenyxZauYZRbvbs0nnTF2U8kGQ4Byc5wePm5BGCoHH1lqE2bCRPNChraYFMYAAibpxjBwRnGfqea+RrfTxLc3SxjLiU4IfBwzMCTlhjjJGASSeQQpqJWavq3p2tb3dFdq/XXr17KZxjolDXRvfurWsutr69fx6yDxBbJ8klu+1+CcjIAxluFzwevtkDHJO9Y63pLERMkiZQneynknqDjHIxkHHYcsRXItZGK3WQMudhDAg7sjspOexb05HqKuaUJFuYiwX1KBTjAyVYgZGAehbnP6ZW0TVkrK6V9k1fRq17/1rd4OgpTi7K942bd3ryvXRvq2nvf4XoyHxJJCupaE6OREJ3AMvDA5HGM5ByO+P0FfQ3hDW9At9MUXWo2ZlAxud1B4PKkZGDxjgdf4a+bPGUgN1pQSPYTNJiRQdpyAAcHkc4AxwBuOOQK5uA3DbQ0gIEpUDd94lmIBwQBySOMHsDxWU6aqWb0ttpd3006rT/hupdSklTS3tG2sXppHX3rNNXur2ejT30/QvSPE3hJ+Rq1ruYKW/eLgd9v3gcDLZ6/wiuU+J2t+G5dEmW3v4Z3NpcFoonBPKNgqMHGM4ZQB1zkV8v6PpU8iKfPdGZVZEyxHGODjoD2DHA6g4rN1wTqt3bmZn8m3m3KrHODyVOScjnkZzznNY08Ko1VLW7av3duW1/N6dtb2XR8joxfL7rVpR1Ss73T1TbVrWuuje13d3/A/iq00mwiWKPfL50pZWBxje2McYywI4wR3yOBXq8XxRuLaMNHGsZVtxDLy3QgHIxwTzkZ6DkivmTw1byNbxlVdmMpAVcgFixwVI43ZIGAThR1GWA7x7W7CIWjYYcbk2kHnjaeh54PBzkcZ6jslh6ckpSSbv87+jWq0383s2VKXLPlSdmlflTsnprqrcu9mnor6WZ9DaT8bbzylE1qjKsgGA7KX5IO/OckjkdcHge0Xjbx5aeJree3MDxSRWDuWL7gpZACB1JzkkZ6AjnHy143YaeRFDKYXH7zKqqs3PTkDgHgEjrgY44JsX1teP/a9ysMqrDYlWYDAXpg9DkewHHHyheuLwdGL5oK0laz1eunTprvZadF366U27p3d1FL00Tla17p73aX6bPhaWNbS02bipBB5ByVcn07dMDk85zjj1iwuFkguEO4gIAGAAJOMZYDGF6jBAHBBzmvEfCMrfYIMlmGw46kZLYO73yQCccAE4ODj2DSSWtmAO0BODkfMRnGc549+O/Oc1tCPKtXorPyvpqr3S9U972tsfN42S+sVLWb11+S89d9NdHqtdB8jfKWBJ5UbWGDgn5ewywI4JHQ4IyxFefeNpFXTLgpGATe2nzEdvMTjIGRnHIHQ44NehOkhLYYHA5GQ23PU9DyOMYII5GcE7vOfGzAaNLvDM39oWoBJOCDKoGAPw455wAf72kpWTT1v31u1/Wn3Cy93xMErW5072V/s21tr6btarRK31x4KgdvCrvAQ8Zt7UMdxXy/8AR0YqATntkdskE9M1ANNMyF9xZmz8uAGyMAkYyehB5GeWycA4b4AmT/hEScumEtwMFiSRbjkjkMPYjk49Qa6DTSjjLEHarYOBg4bnp+Q9OOMg7vmZVOWrNOyTl+btrq2tX92vZH6DGleEHKTsopPS+rv17X1d91p2OaudPEFu4cElHLOxXPYAKCMcjjr17k4xXlnjCDzBvVWXEEkg3N/dRgoC/T5uO4HfOfYdWmALx+ZkFgCEOAcD5RnGCMZzxk4/A+V+NNnksWO4/ZJ8DGAP3RA7gYwSeBwe+OvThKsfaK172tZ21Tktmt3rrqtr9Wjgqq+11acdGknpJXWml/1ezOL+BdtH/wAJBHKBvkZpmYEqeTMCpzkduBxnjPpX35qUe+2jKgMxEYIB4BAAPHQt1Bbj1zjmvhn4DfZk1aN2XLMswKjJKnzQMnnkDLbcj+mfva6S3NtCI84VYznByxYE5xuO4/7p6jsDg+pKrdJW0Wu3eybvbvq99U1rozqwmqfdcul7XajFJ7N2stbK177HBzWrLMiIG3H7pPPDDcQQMg429sgdOhrNSKOJGdiX3TFQ2FG7BYAEAAjOBx83XqBxXUywvLl03K6kIi5wxADZ4PzKefy6HnnBhsJl3JKMqZWHUs2M4DAEgAjqSfqSByVzt7J9GtkrXilez6vf0Set7dkm1tr3bS00j/we97W3sipqmx/D+pKImeVbW5IHBwfJcEkgcvk4JPc9uDX5L+EI3/4S3VuSHXUrnOSARiZtwzkbSTk8cfdOACK/Yy60snTb6GNCAbC7cOTtXiBz7ZOemevHUZz+Q3hKPy/GuvpwCmqXwPGRxOcg8YJ5GCO+ee1e/wAPSUswhr7t4p9OivdbXvp+XQ+U4uX/AAmTezUZPa9rpX0vokunkum/vk9vexxxyGUxoy7Mq25h8uVBx8wB7g59c1y9ykuSWleVlJQF24UfNzzxnBx82D0wD1Hf3BPkxld2zdgkgjJK/d9gDySR09unPyWgZSmBycg4UZ5Jzzkdv0AB5r9P5FKO2q879rPXa7vvZWtoz+fK+JlSru8lbbRb/C29dVt379jnGkMKb3BLBl2jOCwYD5SSQRzggH7pPcYzpW/iay02APLk5BJwwLl8AhVweRnHzZwMcjBOZJtKklimZUDmPLMwJwMfXgDPpjPQVxtzYNcyorDGOgGOcEgsQOgbHLZHHHXAXlrw5bRiley1sny35U1rbRrZeStfVL3svxqnySba0infqlyq6aur9dEt9zR1DxZbXsE0S2znzY5/MkIOFLIcBiQQeOox1z14B+V9G+bVNQYAhUu5yRg9N52k9QeOQPY59/p+fTFht5iwEaLCwHA4JVhyMckqBjPTk9Rk/M+i20s2t6iikALdyDOTnl2UE85x64B4AyQa+UzLDzWJw7srttLzl7qd73bbettej2P0HLMTGeExDT/dxS9bNJevTS17Nq9rWO/wQingoQu07SSSTx0yAM8AZwBkjFW7djgAfKpbLAgscnHOe/BGM8AHHOOdKPQb3EfzBhsHy5AHIHzDoCACOe2evrcttAvJFOdrEMwVQeTjrjbzxgbh7cEn7zp0qqduVSVtLPVbXbau/wD0rzVrHmVcXQlKX7yK1763XKujVravf8N85HJ+UBo1xtDBS2SMkDDfwktgnB6gbSejJFZomO7ay/Kq4wWB9fUHKj1HHriulj8PXRVkZkXIG3JBPqVAAGCOBtAJb5hnORSy+GrkR+Y7A7RuHzHBHQ5wRjHIA+hHJFdLo1Gr22WifutarWy0uk32u+mlznhiqLbXtFpa+qem3a6S0Wv5t8vKQFlWYBt33RkDJzj17gjqQOSBgtnNSTgOFA3ElNuG4z6k5657EYHGOmK17TQbl1uZUYMAwjyCBznptJzxnPce3PNmXQbiFVd8ElcgE474wOCPcqDnB6gnNYRoTd+WC1erV9NV1Tbb1v2W62RrisVRgoXqLaL311S16aro3a+r23wYACVR2KjORgk5AB44yR06jgggfXZbVXhSNIt6mMMU+ZiME4BKnALEdO+3qcA4eNDkKjccMFAVcgZOQeSSMYJyCehx2qWbSLiNIUIVcoGJzzgAHByOrdM4HUjg4zcsPOCTcXZxVnyu7+C93eyt5Wtd3ffh+s05VIuNRJ3i7qzbbaS1237NXetu/mHiGRrrxDbGRnZ5FQu2RjGOM5OckArz0OOK629tAbOBxlfLjEanB3EqVO7vxnvja2ABxkVheJLIpr+mjzEDvEN3QDCY64Xg4/HOc4P3bviW9lt7S0aOXOEBCA4O7ABdgMZHTjjdkk8nFefQfs1iJN2SktGrvS2707b9312X1s4Sq0sJGz1pRd1u/djr1uu7+VtdNCw0aSRJGL7wSCWUgbQ2MYUck8HHbqCDV59JezLjymKEBt5bHHHOMHBOSBz6jAGcec2vjKS03IIm3k43ozAEg4yQRx3x04B5wATYm8d3NwpjdmAGA7bsHA6/8CHABztPGeMVpHF0k1az2topWSs3ZvrtdabbmDyuUo2tdt77tq6srp36Xdm9NNLHqFtaQrEW2lg8Sl0K8hgedpyCNpOT0yOvBpsaJskKqFJIyjKzMcHsORjoSR2OPmI586g8bMokBJdsBVyQrBQRjJx8zZJHGOnPPNX7LxsqSgP5fztuwUDYx13EADv0weoOME53jjaV1du8tbpJW+BWtd9tU73stuvm4nKa0op01fld3ZvW/La/e62Xa77W7R1wrSEqGI5AOChJ4HzcBcZB3fKScNkqaghYrOgU7yxUkdQcZ6DPBxzwQMdOcCnDxVo15bsjxokyoF3AfKM8ZzkDIOdvTAweQdprW15Z70lW6h+VlwGIABBGCucDPvzkZwM9eqFaFTVTSWnWPdW6X63s9d1Z3sePPDYqh7ns573vZ6O6u+jt6bK7XQ651kmRSoKjcd6EgqVUjOc5IxxkZwT044HzJ8TUaLWrsMynKxAH7oAJJ4UYOQeg64BOByK+lLeeKZXdHiCkggl1YFgCBwWyBjPUgEHucivm74qNu1i55TogyuODwPQDnLZ54IxzznyM5lfDwSlf3rt66Npbu+1lvrrZn0nC1OosRWc1KLdOUtd2/ctvrf7/AE3PINwBIGcEc54+9wTwpPPHHJwfTBpqn5jyR2HPPXJU5xgHjv1OORk0HGeMZH+2CSeOcjrn29xwab02855z93IGOvPr05B55HevkpWafX5rS7X9ffqj7lRfV20676WeiTvp9/ktDUt72WFSiyuqEqNuSBnjGQAMAYGfUn1rrLa5aW2iV2y4yAwx1PHIPb5uvXoM9SeCR2YgcHDbuMAcZ56cAfU/U8Y6zRo2YFBjAxlichT1PAOACoJBAXqDzyRrh5tz5Hqtr7rZbt9I3t2S/Hjx0W6UWr3TVtL6O26utrdN77N6HSRzT2oRbYkOHBduMKNudx6cgZB44znpzXY6MZdSkgjZ/JkT5w8YP71s4CnPDE46EcfMABzXPwxBsg5JBABHBJP4cng+hAPfqO10LTwLSO5U4eOckjI6AZYLg5YqDj6sOOSR7EUox0SurWTfROKskravfW1ratpaefhZy53Fy76t66OLsr31snt20djifEKXEmpSM0ocrKRjoyFRjggdtvPGBnjnmsg29yTuMbpvUkHsQBglc5JHDZwBnPSunv4TJKs5b5mupGYt0A3kdDyxI4yD65OBmuge2QWkDhNxG4FgozjnggcgAE4ONucZJ61hKDlzX+K/Vf3Y2ae7UtVe6f3HS6yja7VtLX6r3ea1tLap3s92lbp5zAMTgbCP3b7jk4Bx0C4B/wDHcdyDg13Hh6xLWqlNrLKhDggZzu49wR1xjHGKx9SjhikXbn5U4wNpLNlckA4zk5BJPPB6kDa03z7JY9sUhSREdgwPC5A3buCMcjjvnnpURhJNWXvN25m1vpdJ8r00d7322e5vGfNTe2qVrdXotHbe63tbrfZM1zSRbMhiBMBYOzKBlXPzMO/frnBxn1551VzIzptA2EBm4BCYGCnvn72OfpjHo90UmiPV1YfvEJywDKQGHIzzyMenbk1xc9gYJGGyRYlzjcMEgkBeSCSOQTk8Fexya3hGO1ne6slZ3StbVJ80bJedtNXdrilK0rKSS6Jt2s7K2m9tbJW1/GtAqF45DtcZwQAecKcgg/3u3TJx15rsrBAbFVVGXMjdRlTkEsD8uMDDccHjIwMmuVgtxG21V3Z24JDKF5y+cdWPJHTpk4GcenaNZBoLbywZDIJPkbBGCQDyTjkDgnntnmuqnPu2npr0s+Vb6WWyd9r9kr8Ekm21q72Tt5w6pt7JX6dDipJvJlMaj0YEA8AdwB82M8Y4JHtnN25UiATjBbcAzFeNp6g9iCMYbseAe9bPiDQpbVVnjVnDY3cDBB7YAXgbSPXk9Tg1QtLK4uLSTKkxxqzgblJLdCOTweMg7T/dGSBlqSi7Wetne3SyW/dX10s12VkRGL5JN3UrSel18S6WaTWl9E1tZXVjCLjOF2scjO4Yxg/NnAwRnpzkAkgc4Ecz7Sx3RknIG08jtjr0PI+uB0q0YQi7cESA5O7vkg8849MevGAOKjmSNoiQAMEK2VwGYZypJAwcDAz1IIwDmtHrFbrRJ2vb7Lur7JXaaWnW3Q4Yzu5Lms1LRWcbR93uk1a+q3+Wr8/8RSNi4LGPKxoAU4JJJB554zjJAIO1uBjn27wLMi6VapkuHh3ZTJLOArdM8Ek7cHrngdq8M8RYzcbY8YRDxyCOOeeg4PXn16kV6t8PYZpbaIEsqiJSvz4BZh8ylcDkEEYGSMjHcGMtXNicSttFd6JrXza3T189zpz5R/sjDtbtrVO9rrTS2nZJ7dkj0rzIVyCMb8DJxuPGS2wc49Ouc89AKdObdEIzvDbWGcA89SOOxPpkH3qOCwMyOxba6SBQ+VJY5bAwP4eOpOfpjmS406SLBDB+FK7xggNkEYIz6cAj+LjPNe8qLWvutbK1r7parVpWu3v2vZJn5pWSSfvJLR7dFskuZO+npva/SGN0G0Y3fK2NxIAI4HPBx0IHoOCR0LMQyXMZbO8OxwBnORnjJyc9QGOMflV61093Dq5I5K8clQepJ44wQQd23HIAABMEVk0dwsayjILtvXn7px1z1yDg8/qazlTk5R06q92ns013u91e9rX9CqFRyUo83NZaJ6N6LbVLVWaVtt+xNdOqyMuDvIQEg4O7IIJGTgHpgcntk9EEiKjjooI5KkncWPU89T1BHAz3zU9xZlZmIbczBWAfG7dx3PfuOD78ikisXJYY3s7j5Mj5guCQPoCOpA+nSqSfz8lo3ZPRdrtyvu9FfQ5VO02k05NpbbXtbZNf3r9dtmylujd4ARsDFpAp5HXLMfpz9eOAQ2ekjl37kA8uIqBvAPzLg5HXGclR2z9AaxZbNxcxW6oRjczDcCDyMqeODjIAB+Yc5yOOg+xzRxFW2orBWweu3A+Ubs7c4HHBC9x8ppRU1KSasv5mndXSV7tfEtLWe9tHZI9WjKUowjZ3urtp3b93Xo2n02XL31PHPHsCGw1GMFVUvvXapDHGMjPzEJx0BPQY/u1i+ALCVofMJUK0g2rkD+E4DdiMAc8e46k3vGJuHt9U3TLtDgYAU424wABjGAACegPGeaXwBs+yqy5OWAzyu07QrNz95eTx6Y4AUmvKs3i17zXutWV7aSirJ9FfVq/S71sffVrU8kjZaNRTSejd4t9Ol9XrteySsem2tsNrEDBDDepBwoDAdDgkA+nHArRjhUpIC33ioXZnHPIGMkkYOM4PQYPeszbPtZllIDNgZO1ic5BPTI6AY5OQPUG7GJBGdrKGXAABPJPIwckNjnvnHpXpqmnbTXltotLtR1VnfZWsmuuq6/DKomm3pbzuuiTfVN30votW9Uy1HG0TrHGpDOUVd2DkLjPQ47E7sZ49CabNE4mjRmGZJGUnOWXnIGB2O0qDxk/3T1YC6GN2YOc4O4EkAdQB17Z4wM8c5ILLiaZvnYArg7BjqQQoBIAwcty3Oe+CRgcWmkltZW1ve8bbNR5tdXvbT0IVbuO+rSUNL291X287PTVX000u6tAWjhUuRsiDIDgFuAvJ6E9ecZ6dwMOSGR7aFRhSAmc4zsI5+bkHAzjqRxz1IgujNsjMi7maAE7yMxjjgEc8ZyCD1IIyCa0bEyRwQgFSzlWVSScrggkA5A28g5PPUntRGnJyb0b72fS3nq7qya0avbzVWXuxezckpJS6+77rS6p8qTSTtd6u5T8iQMdxG1CWAycNjgjPOc5AwD06DkhrMlvNHYRsyDlmYfKSeDnG7sAOewAznirSMVmJdgwDEgELtVgCSDjqN3IPGOoyKvag0ktvZ7cRhncnDYyVK+gVscYAxk8twQKXspa3t7ytp58v/D2S0++9Yfpfe+2j091t3flZJ6dO5xGqRPLDM7KqJ9lkZA24jO3Ocgkjs3PX5cdxXiuiK/20+WFdjMVxnCkhiQCCR1B9SMema+jtTspTZzAMhMlo5Zmx0AYFVAzgkDODyeSOnPz7oNtMdTkjVWG2Rz8hy3yMcMoA4Prn73PVsVw1aclUSb3v0btdLXTfRLRbJn2+VVYrCzurtNaevK9f+Brqr21PtS507zvBF2pc7EnXnadzfMNxJIBIXpwAflHfr5WbDaJFfc0UKqEdUJz3wScjg9/UjGK+uYPB9xr3gu4t7AiPN4FztwQCR8ucAnP90HOeO3Pk998M/EWkrdRMYnUiQgjLkqBlioyef9kDnrjB58PPMbTWMp0pzatSj+Ssmn1s09ba63PSoU5ShOcEnad7tLf3bO+6st/l2ueA6notlNa3E6u4dk8xcjB4HzYwBknPOTxnmve/2e7OJNB1vyjtSQfOZMHJAbKjd+v1wOcGvFvEukX2jTytdLI0P2ZwjbWALYIPAwBge+d2ByevrfwEk2eHb0Rud8l9Krh84VRubP3gB0OQRyB68Dmy6qqmItB8yUWlba1lu16262tpuelCKhRbkknpGyd9W4tpb7uTdr6q13ffmtck+x394JZI2WaeQEEZ4VsrtHGDjI5APA7fLWIUg+yTTOVYPE52YJCAKcfKM/Ng8scZBXtWt4ourOPUL2aee3Mi3sg8orjByRhRnqc4PYgYPU151f6hPPDdx2VoxS4BUv5oUqQfuqAQen5ZGMgA1w4mlWliJuKlbnetrbSTbt187ppX32tVBJNSb32jrpdJt3Se7Tfo76HbfAcCP4lWE0RWNh9odN3RhnAHPABOeOOo9c1nftD2Uz/E7VLlHjxL5RITG75gu4Z546jngZOMgGtX4HxvZePdKmmtws32eRWiZ8gBhw3AyfmySewxk/Nxu/GSytpvGWpz3JjyUBAAz5fHGTnHXtjGQO3J6aWkVCd004tSasrK3kknrZrS3XsdVVqOGd5XtK+jb25Pmrp2tbpvc+d20Ca6somlYDc7CNVGSc8cg4wDjB9B3HStzT/BM+nXFlqLb2Xz4AEChgvIOSc4O4H7uM9Fxmuv00aZbwmNpI2IUFXYBwDuzyuRtJORg4yOMg4xvT6hHPDDHA8YVZo5AA33vLwxIXcCgz/Dz3PArqcop8q2tFJ7NbXburPztprdbq3lUIxlWg+a13F8t1zNt63103vtr5ttHp/xU0+4u/AHhIq8cTCYlFwCpGDzjOevXJ+o4wflOfRY2nkjmKkqzSExoW3HO7qeMjI75K4UjvX1X8Ub+HS/h54Sub2JzGzlmKk4+ZSQqgcjr09M5HavmaXxbpLorRxlWbcGIU8DIPDLwce+ACOeuQ8VeM4xTbShG1rNWstbdOj031+WmLjUnNuEdE7Nu2iTje99VZpbPpojlr2yCXejrHhE+2RBmYBQx80diQAOAM4GcHGckn748YWoT4M2E0/lPuntSkjEBgECKNpzwMAknrkheQcV8IajqOn6i1ksLz+dHdRMu1SwG9xkgLhuf6HjPI+2/iDMtn8ANGkklUmOSBlDgkgFlIVgOhHUnB7HiubX2dRapuK100+G+nda/oehhFN01fdJvTzik9r7a+r+8+PNY1J9H8RT3enCaAyWwRZoSVQZUksPXJxnqCfTFcC929zePJMGMkztJK5Yl3YhtzEHOcscYHA5C4+XPcLrlhJM7XFzbuhUD97ESBzyqj+HGMcA8Y4AJBwdTuNPmumltjbq7MqxrGjbduD2I6ngqe/XJOTWWHhyW5uW766W6aPW99du3451KnNPWFrN817WafL1Td7bra3TVH2TpDKvwKLrnYltL5mWPQgYBA+uSfTPPFfMS6lEZ1hVY5AIgFLIcR57ENklcAAdcYGK+krF5f8AhQd0qlQy27lyOMIWGQTyCTgkZ5wACea+RQ0KzK5lBOxTIuGVpOeCMckHhQBt79MgDtpu1oxvLXVWbu0o26PZWXyv0RGOg5woqL3il1Tvdaq1nZaPdW10sjZvoooNWsS22QmSF8KuMEOAwA4JA6g5bOc5BzX2/wCI3eT4BXrTBUVry1AZz8+FVQgIyeOAMHPcHHGfhSa6jl1SzeFDGsbQqqyMTkMQFJJLYC4IC9ieeclfvrxLHAfgBL5kkLzyXVo6jCrlSBk5BxwMYAHXAPGAIrJqnVly6dL9G1Zrda6dXvrfY3wPuwSe6jLRLW1rLez1aS23WyPha4RJJijRlR5WQq5KlsE9D15IzxkYyc8mqahUnsSiPzcRoyrkbSJAPmPbHHB4PTsM9Dc27i5Pkupyi8qyhUUgZzn5jhRwM/MeeOKpPAYZrJkmjkzIoywClSZBuGPU8YIzknPO458ZcqnFrZSj0V949d9rpLSyd/I6Y77Xu136Si+j9E9r3Z9teJnA/Z21JirlTPHGHc8qzR8nOAVx26HrkcGvgy0bZF828kYwWJIHp6sCemc5GfSv0G8S+W37PDRmSINLdpuwuSdioMHv2OBzkAcmvgWRVS6kjEiCMN0H3eAASOckdRkkDjqeK2x01KpT5U0nCLulFdYt32eiVtn0N6jk4x2W+6SWrjqnpt0e/wA7GjZcXtj8jENc2+STz94HIye+c8exx6fo94zv5LT9nm8t8F0E9jIZSwyFCg7Qc8H/AGgCMdcnAP5x6XeKupaZGzx4F5G2dp24yOGPIGMZ6tnnjoD+g/jeSST9nS+UvHskkjOMfdAI2gdTjqQD0HTAOKUEvq9ZR0eitbvZtJX3d33tuaUKko3aV+VaPS6sk3J36O6tfVNdD4ut/FMHlqrzRxyNtxnptwOrZwCQODnGDjAyK1tO1+wvdf8ADwRdxi1KEmRGPLbhuAHXJPqSAO+C1eHhR5gmMp8oAKN5X5cYK7geSM9OBjLd8Z6zwR5o8T6ErSRkPqMMij5Sc+YOCMnJbnAIBwpOBk15tOhTUot3burq3nHrbdu/bs9zphi61nGS9ySjFO1le6aba62Vr6b+bZ9l/tNXjv4a8CHd+7Xzjs6MA0WR0xj5epxnIH4fGVtdIpcBTIpkcnaSMHkZbk5A5IAySNxHGM/a37TtuW8K+BJ22xl45S6BSfuxAEg4AOOueh3AcEc/D8f+jyhS4YsXZiVwcdenQDoFGR3HYZjFcntLQvZKL2e3LFd7LXZJL1JqOUWnK8rqOq1drRW7t1tbqnfZ3PY/2e3Wbx1KZItoV2eQrkcA7lzznqA3uM9AOPZfj3r0+l+KJotKvprVm02G6kXarySyYCkhmHTHGOPYgHJ8a+AM3leMTIoUo0hDsV5+chVB4zjPyksOvPT73pP7Qulanf8Ajiaazs7q4hTS4UMsKFowxUEKw24HoCcHkjG2tUorCqTdmpcqbv1s9bvfR+XZvcKcak/cSve11aya9213pq2rtJ3273fhWv8AjDXdV8NTRXWoPLAJYkaNo1BZdoyThQMEt0GByT3C19HfsnQhoNXmnaNbdoLoDdwCfIcDGCMnkAg9Bx3GfnC88J+If+EUvHk0q/DNKmwGJhkAD5gQM7c8k/3fTnP0t+ytZqthr0VzDJH9ns7llDbv9aYZNwOOuGyMg5ycH0p4GUZ1W1JaLW7a1912a10sr7fF1ehpOlKlOEpJpPls7S00jdNXbSsvRvqeAePrSWbWLtVlwj312FJU7U2zMVwegDADBwBzgYwa5PS4biPUFEjkgxqemSQGA5wD7j5c5yBxya7/AMXafPeXt7LFujEN3dDDLIQxM52EDPIxnqoJB5PQ1ydlY3UOqWsLhN0kILszEAqDkYBO4biMAcnqW4yK86btUfLK92ld620stba7vlskr22FUWi5lJq0Hrvpyde9r+vys/QNA8zN55b7UfUbJWBUgYLqG69CNo45APyknv8A0GfB6C4m+HPh82s0Uk9volsqx4UqqeUpUnuN3HHUZGB3H8+OlP8AZ4LsEIC2q2mwggkYkBII4IGc59OR0r+g/wCB/wBiT4c6Terch5JtH0wNbkshZRAm9EVdpVjg+oyMk8Yp4ic1hHe7kpXTWmjSvJJ6NJqzVn8Ssm0z3OH2niZpppKEm9ejd7q6s7aK3W7aR85+N/gNb6hq2peIjqTi4v8AURJdWcUGI47hyWZQw4Oc5C8HOMA4yel8MfBvVfDGs6X4jk1B5NPG1v7NXyw7MgCoZE+9jBLcAYI6npXC/E7RviJ4i8TaunhebXZ7M6iv2a3svNWCONGy2CpALqduWYkYGRu+9VjwZ4O+KEPijRtV16XWU0q0kSG7gnvmZyUTad1uW5LHJztOSSeGyK5k3OhzKrBTUY9OW+vvatt/C0rW63Z7cpcmNdqE3ezTUW1zczvLmd/hVnZWT37o+kfGOn3GteGry10O3l+3zxuhCOInjnkIzhxhh8xIGMA5HqMfO0HgH4jaQL2zvnmhFzFE0fm3zyShnx8oO4Lk9DwcAZz6fT/iK5a08J315p8jx6hGzstsEbzJHzhC+PmDDO7AwPmJGCK+bB47+Id208Gq6fNbSpNGbadrSYt5CsAxDybgoOTj5vmBzkCssPGbjJJU3fWLbilsrppRbUmnu2td9Frpi5Qc6cpurCbUbOKtB6LSSV2m9FvZO+lnrt+GvCWt6Bq8t54omdrO8FjaWsklw1xsmdiWbILKrKRyQAfoa/YDwhbaAfBOiaalzphmkso5XuuI5omdMAu4IJ4UZZsbSCDkc1+RsOt+ItU1+w0XVbmWLQzd2MonmhWILMVYgqzLk/NzwBzntgj9FfhxqWo6b4NgSLTINVgZpALu4dcqsX3SpOG24JwoGCBwCaK1OckpRhFt7uHvWcWua1uZtNpKMmkt12OzAVFCo/5Xo+bdyTTejbfLqkqlrb9kj0yb4Z+Hb+IMmvyNKsMwZIXR2G/LNzgkqwyDzggZ4wAOL074ceF9C1KyvINVeW8sbxZIobgL88jOpwrAHgE/Rc45ySNDT/Eto2n3T3CaZayxxSC52SSh03FsDKsABgnG3vx1wD55Y+L9LufEcMDGyMSXtuA5llMxO9cOAzfOGPPfAUYPANcznOMXFqcNGne/K+ZR6qKa2V91ZbLY9j2tGdWN3FNLVX3bUbWbV9Wrt/C0tkt/sXS5J7uWWKOzaZo0di67gj70UEgYydvYAjkE85wfUNH0rU5dJthY3aaciS5eC5DDe5zuUq2QR8oyCASTXE+DL957m68uNbi2CK0TxDYTtUAcnBZR2U8nOTjNeseFbpzpF7dajZxpi4nYSPICoAyFzkkArgFSBzg4IJYVw04SkvgcpJveLajy2Tba5ls7rZPR7nruvKPKuVJNxirxTTacVutFpazbs10Q/TdI8dWelXyWZguIrl3dkBQZiVTuEYABBPIUDA46ekfgG51S0tXt57OWPbd3DXG8syw5Jzjb3I+Ug+nGa9b0DUI7nRBKi/uyuEkjKsrH5gTwMemT0wMse9c/4UKRpqEmHKy3U4JI3d26Z6k5PJ68/iVI3tzTUbbaWtHTRauyet29NVpsXQqQXNFci9/RpONua3W/wt7+b8j8uf2nsXHxM1eOa4htrLyVcPMGVTI6BQwU4GVJXOVyR8xPSvLfDPg6BtHW5uNRt5k8uV48bDICTxIozypxxnoCGw3SvTv2uNG1PUviDr62EUklsbOOTcqjcrKB8qKcZ5+UZByOmTmvm7wPpGrx2Rj1FrxDDE/l7rhmyu4gtsydqjOCox1Odx6ePSlGFab5Yzc5aR0snGS6JO8Ul7tu7TZ14hTlOk1eMVFNKKupNcml9bwsrp63tq1Y+f8A9oi38RNq8BsE1mWyhskHmWnmNAZBIAC+z5QFAGAx3AHI44rzzRNHln0+wTVvOtkcXD3BO8TgeScZGeM9CSc4I45r1r48eNtf8LzR6Xps8ZsLuwjaZW2SSK4dVLKxBIYHtk9jjtXlvhe91jW9FmmNy11czPPFGnljeUFuThQVGMYzuBwDznGa+jwrm8PHSKVoN2bummr2SurO9k9b6+q+VruKxdRc1Tmeso68m6bSsn0StbV+8uyPq79n23S30S5jjLSQIsrW8jgbnXzxhQeq4xgDoCD/ABdfolrhySGj2xLt3gEsAygAj1UDnBPr0PSvmf8AZ5keDQ7i3naTzoA6ujHLIfOBI9B8wAI4P5A19HyzllIyqbwMFcEnKtj5QeD0z6KeOSAPnMen9YqNrli22299FGy25bNvr03u9D6DDT5sNST918q0vd620b00u7J7prW2qLZnVnjaIMUBdhhcBkVecntjkZPOASBjp8YeK/AXiHxH4r1KXQ7GeVblr2ZL9rgwW0cib/3RUuo2hgORkHrweD9bpLOscavG9uGWRVbIAZAp+YgnHzHgAHOR0IJr4C8e+PfGGleINZstJ1W/torea8MVnbgFDHk7pGYD7pznluw2nO7Pp5NHmrWck0rKS1ei5O2ie9rnkZ1JQpxbk7O92r9opOK+9vba+yTPOLXw14vPiKK3vYrm5uLeWS3mt43cW6lZNokEmSrkEZ3DGMHK5r2Z/C/xLihmh0621drcbD5iTyYjCryBjKkA9OvsccV4T4d8YeK9Q1vSbmXUZ5ZkuHke3hiHmMqMSwcL8xyVySATycbjmvqXTvih4pmspoJdtpFvYRGKKXzpMIyhChA+UHC8g88E5zX0NdNOEY+ztyNJO9+l0r32tZttXSVoq54WElTnSblJuTtZp2d7QWmsntpe/X3Vuyj8JR4y03x7o58StqQtJDMI/t8sjQsEYBQisSG75ZTnjBOCMfTvjbwL4n8RfEm11nSZ7u20CLQreS5ubW8MKWkseCdkKuAd/Cs2M9c5OCflX4S+KvFXiX4gWNl4me7ltbae6a0LWxRY41b5TvIVDkcjPCnIKnt9Q+OvEvijQ9WtLTw1BO8V5awi6uXWSWFYBIqurKvyqrANk8bQQOrHPn1bKrHlSadOzu7OMmo3VpatNuy62+R10uWWHledRLm0d7SjKKjeLTV2nda/ifFfxLtfEd5rviG2FzcTyjVhFaqZyHaNMASBiQfmGCOdpOeTgV6v8ErC5bydK1VzNe3aXMYhlYyTtIuNgDEn5Q2Mc4wck8cePfEi51WXxV4kvRpNwZzqaiK5gMscSfL0QAqDlsgkcjGa9O+CcGsXkunXTqI9UW8nDymVvtEVvwQTuIOBjgZ5AHJUGumvCcsKvg0UU7O6cbq/RNSabfVWvdXucOFkvrrjeUpczi3e+0kr3STu3datqz2Z7hrnwb8aarrUN7cPDGwtLZbW3LMipDC4ZiMOFYheACQeRjnBr27x94BvPEWm+EbW2uYLR9KuNKMiFtonaAFZFAONx4GGBJA4yDtB8N8eRfESbxVptzo2o6zcWcGkqpSJ2S3aVWwzSA43cdc+mSQADXZfGOx8Wav4b+GsGif2j/adrcCfU3sZpEdki8vLzFckkLvHIwMDJ6EcEYqToXcOVRfk9o3V97u+/Va3R3t8sqripSXNqrbqy+Hm6pvXSzXkzn/2jAj6f4cgkaNYIp5IAu8oTIqiJmTLDO4gE469TyABlH4If8Jj4I0K0svETaMtpG7SOLyX97LOM4CpImVQZyG6cY6ZF39orTbRfD/hG1aS7OGRpHx5sscskYLBpRy2JMk5xzyehqtB4X8Tz/D/AEex0W3uHu1eGXzvtjRtLEedxwc8qV5KjB65FKWignJXUm7pK7Ttok4vy2Wvc6qEOaXK483uRfaTVo6NNPr3smla3bQ8IfB2Lwlq2gajL4nhuYdIs5LeaymkMgvpkZikoSRzubcSQwXqAVJ6V+LP7VWt6cv7QPxDuLrTleN9RCKjMAVOwIDt4wOD14Hfpmv2Iufh/wCM5PEPg7Ur7faafoIjbVgbyRvPfcTjYH+fdjblvl6E9K/HL9pmz07U/wBoTx351wUsJdVBMwXc8eFXII5bCkEYO7Jx05r28iSjVk1NOXJHRr4m5R1stFa7TS0v0Wp8vxYksNR91RSqL3Xblbai7pb2SdtWtddDwmHxP4etbhVbRIgwjKvKsnzbWHJxkgkjI49Me4yptZ8OyTHbpETQyFiSXBPmZ/iyT8pAOTxjOBwTX0bP8ANN1LQLfX9HnW4hcJGLuRwoUlfmYwghzg53YHQZyBivl++8OR2Ovz6NcaihSKWWMyxAMiMCQpBOeowNo6NkDBr6iTmpJqz1uveS9261d3FPytd23ff4SnQhJXg02rN+8tI+63e7Ss+XXfa/m+uXxD4CtoAuraCJZNu1Eik+UZAIyRzn884OK42fxN4dnZhaaILO3RsJ5bZJJbgsM5O0Y65G0YBUcNFf+G4v3tus0siIyhZVQkbWxgZIA54AAYDAyMnpBc+E5VgVbORp3aMAoI/3nPAG0HqM5B9R1A4q6k00m7LTVJ+83aO9rtpvfle1+lr58rhNXtps1J3d+VJO2rScUrrRX10Wn0p8HJ5bnw1r90kroI7+JRuxhUf5cLwMjYdp5J4O3PBHyl8QPKi8Xam+1mMV1KVchvmLSljktjKkNwwzzyDjivsr4E+GLrT/AAfrkuowywlr6AmKY/NtAPVWwQMknHqTjNfIXxDgvX8XaykSow+1yxwrhflBkLnsDwD95hzzjHBrwJXdepqo3eml3pbX1Vumui6b/TVG5YGgk223t0S00u+z7denU6/4T6jB/wAJ34Ujj2iR7rPzx4JdsZO7B3E4BOe5xkgZqj491KCHxx4nkniSSZNWugGKsVx5z5xx3PPYchevFWfgT4evNQ+I3hmGeUJK+oMYOV28DcVIx93Ax2zjp0Na3jnwTc3PxZ1/S/7Rto0n1e4Ess52xpIzOdm3jOSOoHPGS2fl670Y0Iybt72tnZLlUdX0W2t77vRo5FRq1JRgov3nGzbdr3Su/K9pbN66I7n4X6j4a8q7KWDzatPpmoIDGpBERtpCXjONoCHJ+brg5GAMfKuvXdv58mEbzg0oU8Fiqu2AS3RhnJ5HIxyQK+0PAfgK+8Ma6o1Ab4m0jVE0+W1wwuQ1nMC23BKqfVjycHI7/EniWG4jvriOMxvN9ouk8vALKUlfAOfl+UdSx9+ecY+2oVeWdKSeydkpJuKSl3e7d1tZXv26a9KvTgqU7p2Tcba7JKyfd9bbW6aL6I/ZinRfE/iZSHNzJ4Q1LDYYFgIWJzgADjnhuCAQDznye5v1FzehtpC3Eoj3Kdw2ySbwDxtORzjPQ44zXqX7Ly3h8Ta+GELSN4U1VWYso2gQyABscnAI+YDGRnqWrkP+EC1jV477VNOs0ntLKWbzv3gLyN5rMcLkZPXAw2T26VtGtRpxjN6811bprZ6+et23fr2ssI06sopJJ6tpKysmk3fu2lve2/VWPf8A4Q3wk+FPxUhML3Zm0lmQr8vlhV4BwN2Rj5uQeM9818IrLJJOibgGLMp2tjy8OScHjGBgDaeoz9fuz4QR3Nj8O/iXbGCRJJdO2FIyGCgxtlcEEjGeRjdggE5AB+Q28OXMzFoY4kYhioI3B8MclTkDIycZzt24UnIyRr0rxsrJJppO91pbpbXfR6N6Nkzw1WfKltDdWbdrRfdWvdrS9tT3/wAOKE/Z38YLIWkkk1a3AKkfMMscnGd2CeeflxkAc5+fNOdWMUbrjYAuFBEhLL0zzkdSSTwRnjv9OeE7LyP2fPHe6OIvBqduWd3UqTljIVy2QMj5cA5zk5GK8T8OaLdXQNwtpG6TYjjZmBMmQc49G4PJ+mM4AhV6dNym/hlbRdtOrd9N9G0bKlOTgorWMYqVk218Ntbdb2du2ydj3T4oee37OHw+mhcoh1q5Xy8/M5DAfXJ7Z7jPXr8c5vpySNzMo2CPO592ANqjGR0z0A55I6j7r+KumQwfs/eArKWIpKuvXARQ25QxZDuIXGAfQdexz18X8EfAvxh4pjmudHW2dpC5tlkyXYKoJ4JJAXAIPUYAGSBmq+Pw9BU3OXJGcad72T2j3vaW23XyJjQrVatqdnyq076bNLrZq2l7rVXPV/ixbX0v7PnwUhcCN5BKixDALOXCqTx/FnnPA569a+VrewfS7x7O5RxcBiWC7RgEgrgjg9RySB1AwK+0/wBoDSLzwt8IPgnp+sFm1OyuriO6jX5IQ0cmFGem7kAfl6V83XfhvV9Wvn1q0sQuYvMEbSAL5e0BWwScg4zwAAMHOKqGJow5Z+0dpKDhJ7WdpK+u99le72WrCdGrUny8rbjyp7aJNK+717/K2t0es/HWSG4+HPwkihkIlTTZ1y65LHGe55H09jzzj5WsYZTfW480xqtzbq2wHLkyDocYAyBkcYG7JySK+kfjsJ7bwL8J1liRbo6ddGaPzAQuc/KAOeo9c4AKjkGvl2w+3yajZyNH5dvJeWxJViPuzLng5wBtwPTPHK10RqwqNuM0oys0rtOz8rKyT10vdK7SW+MqLTV3JONrWTs1008rrtZ266n1R+0xHcjU/AqykHHhKwCxKMMqiFQC27IHUgEYGT82cc+DeG5JLbVLV4l3E3Vr8zbchvNUHAHOTntkYznPJPvn7SELalrXgpbNWJXwjYRu7uMlxEoyDnnnAGSM43c9K868J+ANZimtry6ijihcwyo0z5yRKDyABtBAyvqxAyM8xUvGTbnzWt7zk99NNL7a6Ldq2mrZGnKVRa3so6t21tG10lsr6prZLuz2X9q28LeJvA8jq7M3grT8swwv3VOVAAYActzwckjNeDeBJhceNvDSIxCya1YIzhsY3TpyRjj2wM89CMg+3/tW2t3Jr/gwo6vt8H2MSxKM7AqBdxP947ehPQr0JGfnz4dwzWnjfwyro7f8T3T3ZycfKJl68EEHnGce461nGrGEUm77LW932Wl009bt766FtTdVpN/EtXdbfy2unff4vToeyftgW8mm/FS+dJGkUaXpp3EZLboYy3C9FJzjPQcYHGeM/ZhnvJfjL4UMabXlnkQqBgKpiOGAIAf72T17Ads+pftc6dJdfFKW6hhdYZdEsMO7cE+RFzsY84A646fpyn7M1g9t8YvCq3aZ/wBIkCsBtCAwkA7wFBHXHbHX5iTUurF3TShFu6nv/LptdJ6bvXdaWtrCnOU4yS0cou7e/Kl3V+jd+63KnxfsUg+JfjkeaxdNWkOSoyzOJDncB13HaR3+9nHNehfsmSwx/F/TjcyOHTSNTycHGTbSjnAwpGcjBJbJHOcV5L8ar15Pid41aNpDs1qWNFBIBVCVGSTzyQDznON1d/8AsqGaT4vae8qOynTdRUojHaGEEuA2MsvrhjnHOCeBmqiklHmSkmtLXV7p3s/5la/KrLpdO66VTko33Wzbu430Sb72slf5rseD+P7ox+O/Fske+Tdr2pYOWUOPPbGCckEZ4bk5z6k17F+y9qJn+KWjRymQusF5tQ7gpUxyHb2G3HU556k9z4949tbyfxx4nW3UF3169VFHDFTOwwVbjvjgc9+Wr2n9mvT73TPiroU11BNvMF0uAmFBEMmAGA+YYwW4wCe4Oaik4KtHma1bT7N3ja9+ml9W9b6IydGpFSahJx05m09UmpXv810/FnkXxFKT+OPFkCNLEseuX7d/+ez4H05IJXhtpyO59v8A2TUST4j3RWWWJl8O6gpBDbWYRPuGCTkHk4BHfrjI8R+IkF5cePPFsiqVc65fHCEL8glZm3EfxKdp7Fs54Fe1/srqsHxIuDOrFB4f1A5UktuML84HPJ4YDGSBjtWdSdT2slBW95uz0u01a1tNF8tlZ621hFRp8zg2uumja5baLbzbWt2tTwPxvqktt4n13MzSSLrF8NhDBtqzFecEDaM5HUjp1HP0z+ylqNxeD4kKkTzS/wDCG6i67EP7oCHnPI4G4DnAGc9AcfKfjDS9SvfF3iI2iyyk6tfMueP3ZmZiW3A7cDJXnBzjjOa+u/2NtPu7PUfial0s0bnwLqKpgD94fJ4yVHA+Xg85HccCs41Y1JRg5xTb/HR637ab6WSdm9ynTqO9R02oNPV30ulqk7JJa66a32R8f3F5NDc3BkVmkW7nGIgN42ysCpbPJHAwT93AHbH1P8Eteks/AvxojjjYyXXhNh5jSEFPkHVccAZxjqfu5Jzj5n1GzuTd3QUqG+2XIAVQC2J5Ad55wcY4GScZyfvD6j+AWnz3ngf4xq6xER+FpJC77C42ocooBBydo6+pyK2vKU4rn3la9/iTcU2rbaLponrbUlKrHmcOaT1UXtZta677NenR9/jCK+LgKyMX3KAwzyMknkjG1ep4yz4xu4I+2PgZJLP8I/itIAw8vTplZtxG5UXOCOWIPUhccnO3JzXxFKzK8gKlNr4ygUZAfpjJAB5P4bh2J+5PgRIsvwO+KUSwZcQNGJQRuPmHDAHpyccMeT7DBqTS953aSd7bOyi3q9Xq79X00umZ0VUcrJJtuzUndSUnFdr7p669LdT5r0bxY+k2NzZLakvdKSX3kKFYOrE88gDJ657c5r279mK7MT/Fp0UO83g69LLvLDDIxJTuRg4PzZK49OfI9J+Gmu6q0LwRfYoLiJkWW7IEchUE7VY4A3AjO7ALYHTBP0H+z34au9C1P4qW0yKJ4fCF3FIRGRESIHP7sH7xPXcMbcjg5rzHmeHrN0KNeM6kbJxg1eLTivw6eid7HsrJ8xwlCGLq0JxpN3pyeifMotvVW1VtN0n01Z8YQXBXVBhiJmu2OSTggXIPY8Z+7kjGCec5r72/btkln8C/s83RcOT4QhT5CcjbCGOcHbzu6d+5ORX59NMo1Z1A5S/ZSwx3u23DH04zgg9Rk5I/Un9pvwJN498Cfs86ZYpvvf8AhGY/KhadLWFwLdSxeeQhAwHO3J44BPQ5xhXxGKwmHpQ9pVry5IxbirtrZ383bVq2tr6FyxSw+HxNWs1ToU4KVSTulFaauy3Vnffve+35Kp50WWXLvvLHkZw3U46jAzjjPJPA5Gmt5dxhIxJKqtknlmXOMKABjk47gcnAAwK+3bL9j3xP/Zeqaqkeimx05oFklm1KHMtxLjMAfzB5ZAPG4lWxnORXnPib4OHwrd6na6qLGKbT7KC5EVpcJdrL5u3Ecc8TFA6A7iCclQBzg49rMeHs3y6kquKoexSSVnUV3dWSSTvd8raV0na1tzysBnGXZhPkwuJhWmrO0W2ktmr2T+y3pvbTbT5tMNwzITMWOzJ255ByeSAOMnnnGMZGSMOMMrOvmNIny9OW4xwSOmcjOT2yRk4r27VPCPh7TodJnjuBLJqat5onUh4CI95RAABweOgOBuzxtryXUWtTeTRQOSkDNEjDILhSQTkDOSOMn8ya+anGcGrpd7XaSWjtr1tZ37eZ7sXFJWenz1sovV/onqnoYTIYy++RsFjg5znnCjPQckfdGM5GcgYmfzZF2OzDKAom75SQSAOg2duAMkZJPrE0bTTAdVDMMZyG5PGQeoGTyP4QxrSe1fbHhHCjarkHBUkHgZ+vzdQOcYxWad9bK6aSs7O6ts9U9/lbW/S4xjrq3yp21ad7x+G3bW/z7aRWaOZbcOxysqMBwNwyAWJ9Se6qdwHzHIr6k8Sf8SfRfDN4ssttKbFZt8EhiJDKmCzgghgSME55wMjIFfN1hEkNzbswP/H1GF3AnaA4IIznAOcNkcLkAE8D6b+Kflzaf4bggePyBo8DsACApKoG5PYHrhcA45zV7xakr3VtVpfTXp0389zOHuy5la6UW767OO1rt6q9tlu7H3b8L/jL8E4/BmgWuuauq6nFbLHfm53Gcyog6Hcvyk5B6k544+96rB8Xf2eAPMPiWz2k5ZFVwV6gYBOM8cgA8Y7GvxfsYibkxukbpGYyz/L0AAxuxjByAckjPWtGR/Kkuz5cflxFdse0FQD0z1wTwQOhyeCNuPma2V1J1ZuOJqxU58yilpGOlrWaSWj0VvvufU0M5w1OlGE8LRlKCiuaScXsvXS6d7ep+0EPxh/ZzG4/8JLp7FjlxscumeMZ9RjPOABnIOcidPjJ+zm5kI8VaegwF2sZMtgDJDZIyTk5OM9PevxP+1JEQ5t4P3oJKsF3HjgcYYYAwQB1yfar1iY7m7VFgjKzFQ2I1wueO4O3jHXg98E5FPJqkaf+9VU0k73ey5ere1nt1vq76pQz3DuVlg6WrfT3Uvds073b0111vbY/ahvi/wDs5yRkHxXp2VQKFJYsCT3JPIOONoUduADidPjF+zxsiT/hKdMUBcknLbhkgkjP4jBILKTnrX456lp1pG1p5UUbSTXOxgicELg5bIOCcgnHA7g9o54bWJZSYoIliRoyrptYdAMYA56cHA5BAO7I43l73eKqy7JWV2uVvfVJqy8r+ZvHOYLfC0WnppHVq6tfXyst7a+d/wBkv+F1fs4Myxr4p00um4Bih6gKSevI4IA6nuSeAq/G39m87gniuzVguCqKMFj6Bs+nQdunY1+M2l2dncymQ24jUIrIwjBWRjkZJODhhnAwu08k5xTpbOzt76ZVjXCAyKDGAGbgkEgcgAHg8Y5GOlZvAStZV6t/d0T16WS0um0m2rP1XXVZokot0aVrpXs2tk7WW0tG2311a2v+yrfHP9nXBSLxBZNIz7SShHQ5LHoAAeOCB7Y5Npfjl+zqIgX16yYqpAIDhuT1IBzzgZzkcbiQMkfk/wCGvDWmanOkl1bGKJ4vObbGNruP4eBuEYHPJI9fWpdd0DS9Mvp44UtzbGFZVYx5YcZCrnvg55Leg6EMv7OSSvXq8zsrcyt0u9db9L3st/WKecwcuV0aSsla1ltaz3bVvRdGfrB/wuv9ngxKT4g0zOVOCrM53dD6nIPBPJ7cbaV/jD+zwTkeINOd0IZVEe1mz1BGeR97rznvztr8krLS7O6j+0rbBEZAqDyQULqQScHucj2APzE55t6xFp+n3NrFHYRSstqJZ2VQpDADGQf4Tj5hjPp82ahZdFtJVaibXfXS3a7va93bTutzWnnEJTsqVG61s1daODbWl7a36aOzla9v1uT4t/s9jLSeJNPYup/ceUWVWwSoBB9v9oZB5GTVG5+LvwBSAy/2xYMsQJZRC+4DIOOMEqevPJPavyIvtQ0pxaTsq23mEkIkQUbgFAGCASrEYJxtxkfTodGksbvRtVnNqHYxlC20bUAbaGXOVJPI6ZGSSabwHs2v31WKaS+O178urXfZ2VvPexazJ9KVGz1vbzjb5aa36J2smfpXP8cPgekTvFq8EgZiFVoXJRGOFBGCT1J9R6Gvgv8AaP8AE+heMfGNle+GLtrrTF0wRF4l2KsokJKoOTjoDznvn08anhW3VvLwfOYKVYDONueRjIxwOBnByOQAdGyjge+t7fazIISNu0MvP8Py4xg8EcHGQSBT+pwTjKU6lS1vjs462s7JdUt7N6q25FXNakotOFOHI0m4LX7PVbp3v8tGVLDSb+W2tYy+PtEiRQGR2IBY4PII2/KMkZPPXHfR17wvqvhqVba+lnO+NZYZIndlkBILDIPJ64547ZIJPpEOhvfWjw2xERt4xcbkAUx7FGOW9wOQfbGMmuXvjf3ZS2vp3u3iZYbaOVmPysATiQsRkHIBYn0OAcG5YOFlalFJq+2qvy6J72bWt9lqt9MYY2vZuLuk7JqV9G1tZemmr/A4R1mbD7rmR3KrhnctsbA7kDIxkHnjoPmrY/sPUURZSlybcqOhYYH3iSP17kAc4yQdKe0n02+hWZRuZ4U2N0AyrcHADccFgCck8HjPpFxKtzpkwhKhmjG2OPqf3eBwclAOc9D6Y5rnjhKLbi4J7XaVkrJN9ZSabsr23umyvreK0ve3kkt0ndb32S236O9n5FBaXAnlwpEbqFDSuSCzYUjqBkdcgEcnnmtZ/DN/byQiU+WkieZHIM5fOCQBu4XPI55zznGDpaTaxtPBZ3URZpZ1k3F8nCseuTgKBjjPGDycYr0vxkNPjhsXtpYS8UaRogkIz8uTnnC4J+XoDgjrzWcsFG3OlZpqy91W+Hmi01fSyad1e+m2u9DFynaM3yv3bK7unpdNNLVe642bu9m0eSx6cyzyEmVUK/e2t859ST2IHGMdADzxVG4tmgKhXlMT8AgYJckbgDgHrgDrjHU12cNrqt1apsSJIizEyB0Bf1DcgkHjPQ/kGrI1C2uLVrMXIiRnMjhSdw+RvXkHe3Q8DqTngryLDwfW9t0/h3jo46Nq+iu1ra3VnbDENbServ0XWNlbVWd0trt38zKktL14nNvHL5aqpYgbmGASxORlcZJJYY6niqNxYzEb0aQuSh2FCS2WUHPy54AOfTvjII1k1m6jS48rYqS4jcj5soQqsQuTznofukkdyCfSdCGnyCG5k8mRTbgSvMu5g5wG5Ix1I5BHYgZG6spYRO0nGDT1aXRXs2kmns03p6uyZf12bkoxd72u20rK9l8Lt1WjeltXojz+WyktEgWaZF8wwt9wlg0mB1x0XJDe44PBx0d94RubW3hu4ZM2kseZZWXCCRwSgyBkbiWGCSehODwNnxPHHPLax25gAjSB1fAO5eWAzwORgHHI65GDnrNGntdS0GWG8uIj++QLC77QCOMdRx+hAHXANcVShT3ULWaundarlTV03pr2vqrK7PRo15u3MnZpu6k2rpRvd3aWvRJ9db7eN6dYzTSuXdESNJNrgfeIxxhdpBBOWOOT2Py4suwm8mASDzA4yyJgCNTgdmGSO3QfUCui1Wxhi1W4g07YkCxSNhG3DcVO5QQxXBwMEnnuSOvK6ZDM12gLKpUtGU6FirfMAckhjhjkHJxwARXJKlFNLlvro33XL9zT6/eaOq1oqjburt63b5NVd3VnZW821a7R6Evhe7tYre6nmjEc/EaFAeHACtkA5HzchMEAjHBrpX8H3kFsJ1c4PlsiqoIQSAZPAPBGCOT0AyDXV/Z4bvRoXYIrxJbmNCck8LnJJwcAc4zjkEbq6a6uYrXR7ZVkQzXBiQgMWZGUhSCASyjnH1JPy4JXlq0FbmaVnd63WmjW76tq21tdNDpoYpSV3UbVlZtta+7dPpdNu17672tr5Quh3XmmSOSTaECMAhA3HKg529z3GevXjjRh8I3sls2PNeTzB8qnJ5+YeoBGcHp154JFemWzWdjbWj6nEyW6ahA11KpCMbQsjShc4yxi37Rk4PzZAPH7Y+CPiN/wSal+HGktqthe2fiWGGyGrb7S8lvGvYoU+1ShlcRukkisTgHI/vZxX5lxtxlLhNYRQyLM82+s8yUsBRVRUeXlsqkm003stNk9bM9rAUJYhc7nOzfK4x395fF7zVrPRyvp7u6sfgu/gu5iaCOQyh5sIMoSA7cMCVDAEDkfxde3TbtPCl9BaSzYUJFcrAS6MMNnGckADA75BJxnPWvuD9qn4kfs7a58QdLg/Z6trez8HQ2EZkluIHhebUCAjSRrKS/90HnAxwQM54Dxbe6I/hGyFlNYC4NxCZ0jVfMYtEgbdhWzliTkADB4Oc59HJs4qZtl1DHzwNfBuvDmeGxMeWtSu1pON5JPqm9OXU7qmG9lVjB1otNc0eVrW+jT3V1o01t52ueD+GNImutQnVFgYRIxjyMbmVecjPG0jknsOpwQfV/D/g3UdUhLW1vCJWkYbim0DBycZ6hue2Mfe6ZPHeDIxFr5dmjEbRzsgO0KdwJ2kfTOCBwepwK+zPhlZmZLNwsPAfcpQkgZGcrjByDtU4znrkECveyzBTx9b34tRajp1V+RXukv5mu9ujtc48biXg6KmnduTcrtO6/d2d/Rtb3dump8xazY3PgvX9CtruNWur8MRAU2qCQVDgnpgnGSTkjjtXGeP5bw29vNh1i+3kPkncZCMgRjqVGeCWwSFPNexftHwSj4p+GbVI7qSGz0wTvLFbyCBFJL7WkVdigZwSWUkjO5SRXjPjbWU1GxsrOzjZNl27yBwAd6ghQDjJzyAfbgYPOOYU/qterhUmuR289ORu7st3bfdbNbmmCrPEUoVZSVpW1Tad3yab7q75rtrRXPOFO5JAmUycOx4z8xBGT94+nQYyDjBr9ZP2SPiLaeEfhpp2n6la3UsTXFxIssIZoyhY8MyAgthh8uQR34wD+VVvbPLFKJULSBmLH5QucNgs2APlwO3PGMsTX9CP7AnhXwNq/7MXhh9Ss7O+1WbVNTjuN8Ecs6ATkR4dlMg6A4BxgDt06eHKX1jHyjFqElTk3K1k/eiraa3aa0td/IzzZqhhItrni5xTUXyyjta9763d33t5lK58S2niK3iutG0zULtGbBjEcgO6Q84BGCqggEYJGcEHOTyVj4L8QX9zd3l7Zz6NaDUIrJJrovHuM4yCEJBLDpu5HPzV9ieIbnRPA15G39mi00+FcK0dsqpKSwUDaqZMhxksPx5IxxPiT4teDk0q7KaXelobiC5Hn2zeRJIMYYOy/KwXB655wCMjH2WMyehVlH6zVi3GzaTSi23Hre7vr7vddtDxqOOrRglRp2T5bNyV3t2V730a7p26I52w8B+HPDNyx1G5ubtILZLiadJlTbMwPCLwxUEjgcHI9SRdj8FaFqiXVtY649zHqcZaWTzUi+x71JSMBvmO04VyQCSDwMEVwN78cvCN6Z2eyuo5JAEcRxAqw44IkQrtBBx35GOKXS/j14Nsy4m026RU2oSluj7gvA3BEOQActgDPGM1MsryZRjFOlGy1V9UtFq1q1bdy12a13KVbM2pSXtleyjeKdl7vR6cvLprd+dz2T4N+BNX8Drq9jqjW0xvL9JrC5tpEcvb/OQZWGeSrDqwBYHocV7R4ihzoupIiTM32W43IAGy2xsKu3O7JB24BLD2BNfLiftO+Eo3SOxt54vmGW+xTnb3GBtyGAJ5AAYkHHapLr9qfQ4WIWa/fcTuWWxkaMrxwo2Z7Y5IzjqQRjqoUMvw2HdGjiErpq2j5Yys1Ztrmad1sYVZY+pWVWdFv3ou/Kkly8l+u9tNLO91dPbwK+sNSbULhv7H1PEsskakWkxwQ56AKN527T3yOQCMmvbvgBbXOn+KddlubK9tYjYRLunt5YwxBAKlmAy2MjPJycdMA24v2nvCu6CZgzsW3MraMCmc8nPlnOOQckgg4479jp37S/hSdmZYxCzBSqjSnG8gfxFY1bHHUfgPTx8NkODpYlYhY2MrNtR5Ut7b6vZtb211dm7LvxOZYyph5Ulg5NSjFKSbvpbVLZra/ztexy/wC0la3Wo6bpv2Kyu7sC4JdLa2llZVyM7lQcKMgnHGOOcHHn/h7wF4in8P6Wln4e1ie4vYnUNDYzkoX+5uGF5BJ+b7p5J9K9/f8AaS8Lsu2SyuJl55TR2c9MfLuQj0BOAeBx0NQ2H7TWiXWp2Gk2Ka5bT3l9Da2Iis/JQSzPtChREMbPlPQqOB1645twvl+aTU62PUG3F8sYx+zy2d+d+a06fIjDZ3mOFoqnSwLfLq3JvXVOW17qy1vZrXeyZw/h34S/tDXmlTeF/C+i+IrS1vL0veRTE21pLbtjG1iMIGPDgkZyMEdK8M+LHgrxr4ansdE1+y1S21axE0F1FawSsqshAxHMhCyoQFy46/N/C1fqXqF74p0Q2clr8RNVgvLqOPdYY8gqXQSKpd8qoXIyTxwSOoJ+dvH3jG1sdXv4/Fmo6nrFy6+W9yI7eUwJMMElwDtJxkMOSwwck8cVXgPLqGGjOnjanNFKKdRxcHdKyio2abt+Gnn25fxdmU6vvYOh7N2b9nCSk20kpXbSbTWra6O9ktfhjx74W1Dw54d8JXeoeJ47eTUbJ7iLTiXh1C1dBlBMu7eWbIyCTxwQARXc+GEYeGNKupdYuSCvmTzCQtIwZs4aPOV4HJcfkCa3fEOjfC/xdqLvLd69qMlpseOaeWPdZY5KxI/8JHy4I6AAcjNafgjwL8O9Uv00myu/E1690h84NIp+zwxEl3CLhAOmSOFPb1+cXCs6daUaNaDp3co++29bc3LaP8ztZNRSbV+j+mWfp4aDr06sakW2705KOslZOSeqtJRVrbpM4TVYIbO8F5FeXrvfuI42O5YpVZeMgEKcHqQPmPTPNdR4Bu7GC5+IOlxI0d4PDsdyTPcH7obBYZJxkg8E8Z46gD0XxH4c8HeHIdRtZ2t5LfTbO4fT/t80guBNHEdg3BwC5bJwNxJ4AyKp+AofCFv8IbnxvdjT4tR8R3934bvb10lM1vbFmCBM5Ztm7II3cfMCwNVV4blQlFyqwb9lUnJLWXuqMZJu+jnJpxkt1d6rV5PNaeIoSUadRc1alS96CV5OUZPlu7tK1+a7dk/U5jwBrVvcS3Y2KDZW6wO0ZYKckHdkZDMxwTtbG49wTn7h8MTxHQ9OLZwbZmUsG4Dcg5B44OSTySRhh3+A/Dmlad4du9Xj0zXNPu7a/dPJknfyiCuAAAzbRyGAyB7EYIP2L4f8U6GNGsIH13S1uYLRElRrqJW3rtJXAI+bIPoCMnB6U8kwv1etWVR6qne6d7u8ZNLW0rJJ730V9XYxzNucYNXlJztJqMt9LaK/TlSfqz1A3cgkYI3UL8w4HbCjnHr3yeoya+ZvFfiqzbxXru68Q+VKls4VtqoTDg7jyAWwDjr06k16/N4n0UhZ11nS9iEAst5CwKquTkbuzD8PvE4BA+BPE2i+MtW8TeIbmyv9IitNS1Zp7bzNUtUjnt1Y7WO4jB2rg9ieAOMnXM6jlTUaK9pJyvbvomrW6XdrttJXIwOFi5OTk4pJJXi7N91pZK91rt0bujt4vE+iSalc6fdDTZWnuCJLq6iaZvJHKp5gOBkHoMdO4DEdlYxT+JIZLHQvD9vNb6aSZbmxsWkAQYw77FPykjHJyQx5A5rxq3+HPje/IezTRZghWaeS2vLeZkWM4bc67lAIyAp9TjBOK+rPg/4ptvg3Dql94yuIp7bXlt7Zbe0kime38pVUuyrktnbkAAdRnnr8zhMreIxcfrPNRoyk+eTV1CNk4rVtRSkkm9LuTPTxeJjh8O3Riq1WEU4Uk2nJJLR80nZXteyu272djij8PfiLfadcNa+HbhDOyRKYbZonEIIAbOwhQox1AwV5OBuOzeeB9d8PWdk2qz6hZTq1spjaNwk2UA++MhwD8pOMZxnkjP3R4U+L3grxa1vFpl4Rbzx7IUni8lncEDYNu0sc8YAz6E5wNX4mX1paaTfXNzpltdPpukSXdpG0SNM0p+4IVdWJZvlZeDjI7gg/ZR4Py+NGdehjHV5Itc17xbtfTlakru9m5Nv52XyUuJsX9ZpYetg4w95NK8+6SatZJa92m1tbf89LqysbKfytVe4WWX5oQLZtgV8FWb5Sc8EZyR+AOdjSrbw5pVxdTR2l69wthK0Vw6bY0kcbiVbao6k5zypI4HGU8Q/GHUbjVdPtbLwjpkL2djDdXUlzGss5kYbm8wOCCFxgoAOD91cV7Zonh2b4l+GbG/1uePTrTUGkkij0m3WKWMDeCH2KGK9CByM4UHkCvCoZFHEVZQw0uecdLSp2WnJq23bWT0eur3fT2cVmLo0Y1MU+SlOyX7xN29x8u11Zvq27JJpNngljcCfEsYYoEJCyFgS4BG3cSAfyJAODwSK+tvC+l6SngSx0oa6ujjULOaZ5IpkEkNw6kqi4GVYONoOc4HYkkeVXnwk0fQoZbqPxVdQWenIXZbuHIdm4GSQDwDvADdP4hkCt7wX4e07XLW8s5L2+u4rE/abaVUKJc5BKSBwRtiUg7QMk55I2ivWynJ8Rl+Jkp01KVam4K8lrqm03G7V1GUb2TuloeLmGY0cZh4SpVG40qkZJezupOKTta/vXSknfey1ufOl54A8Vazr8+j+JNdnh0uO6mkivmP2hntxJmN8FmIV0GRjAOcdxn2/wt4a0G0sJrEFdaihlUQzTq0YEEYG/yjuCENxkjOPXGM+rf8K+8L30bXs91fR6g0bW6CVpBHjYwBK5zwQFwflI6AEmvjpNZTQ9Y1sz63qOzw/qj2Nva+TKLa7R3IL/ACnHl4HIywJ6dOFjcujgpqrOKn7a6TnO75d7NSeiSaaur2SS1slvhMwlmUXTptpUVC6hFU24u29na/LfS26TVntoeO/EkKalPp+m6ELHTJZ5LcXIkyE2A7lRm2kgk4AHyt9crXLeEpLvXrDUbPTLy2s3sGli86a52sysxBVDv+83IOd3PA4wR6v4xvPhFr2k6dDq+tX+l35s/OQaJbyFZJpMZa4BU4K/xEEEAncOleTadoXwy0lZU03xP4k1DT7l2a7lt7BxOJmKkqCFwWUk5HYk8dMfJ4rK61SoqntKVpfFCM+XljJqytukm1aWrsrcyTufQUMZRVBwlTxFOcbRcnSk77Wd47K7Tvbmez0Z2o8BeILieCS9u7dVFusayxSGd3yBnMcbcKTycL2GBnIOrpXw016WV007UiJVQ+SkVq6kzHoxZvlUjPDFvlznpgHiZtNhtdXsj4Zu/G+rQXCCcJcbofLjUfOcNxhOrHBUbug7e1eDdE8X2/ijwvavFq+naf4lMzTXkt3HMEhAwwIBJViRnHDZI5HIrTDZN7etCl7KUuaUYv2c+ZPma0co93ZWb7K5z4vMKlClUnGtShGMHK0oJSSVr8uut79dm9rs674SeFm0LxXrM3j28jF7YQI+n2rPDcLcCUASPMoO7KrzwQFJ+b1ru/F/h3wn4lkSx0qc6DdXDmZ7/TSweRupVU3bWZhkfdOOeACBXRXfwI8M3d3Jqk2pasNVKG2e7S5kxIhYh9qjcQWBwDxj5fQ1yuq/s7WscNzc6B4q1e2vo4JpbQ3U0skUcpU4JUMpBDenXk5IAr9VyzIngcv9hUymjiV70uaU17SSlay5uVe9FWXutf4tWfneIzuni8fGrDH1qMpRhDkUJeztG2jadnro1o9bapHz7478ET2Bki0vWLG9t9O8mO+n1hPJnR5mCjbuKkmVmA3fKOeWrz/4gp4w8DaJBpWpmwivNZtI3sjavHMkmlOAyq7qG+chiTknOV4BOR6rD8EfjI6aljxNpepR6jLEZ5L1A7FoWBjK+byGTAxnHUYJFeJ/GfS/GvhybRrbxvqNrqupMJEtJrdowkNpEu1IgqhgoUBTgYJ27hjOR8TnuVUKOEqYinl1bDVFUi+ZuPs4ptJKOr+JctrbSvvs/tcnzGpXxNKi8XRrQXNJWi1UlouSS62jfVNu7v2IvhXe6BYWk7eIdfTSbiSOWILEq7Gt2yWBboTkkZOcjjrzXY2r/Bq2nVn8ezqgmaf7N+6CrPk/MpAyApHXPYckV8up5s/mAKkjEMBkcDJxhVwMHBI6nORxndjA13w5cWUdrdyWfySqTu2oACB3AHTI4yBzjBP3q8PB13QguXB06ri1ecrt3XIun3vovQ9uph44irJPE1ocziuSPIlp3Vr630e2qfdr9Apvib8OYLZjL46kugFjjURTlZY41AUKwGd2QCDxkAYzxVa7+LHw4ezEM3ja6MV0DkmSbfEqAYTG88kgZzjHGOTgfm86zSNHGYIkdwT8oQjGQOSowckgZPXI96p3BnkaKORUxuZWCKoc4zx0AHA3Y4z0yOQfT/1kx0YqEKUIpK0bqTX2U7vS1k1e9na7d9zzJ8OYCUuaVere6d2oK93He62d1rbt2bf6YWHx28Dafblk8XTuIF8iFHkmx5QUbgAHCkNkcjnkHFcH41+Jngvxh5EM3jSCx0xYyWgSJpGBJ3bgSSd2eQMDJzgAA4+DU0XUJFYtZyyBivldA+CcghVxklccc5GCfm6KNKv5WkhS0eNI8IzFd+M9SMKSTjPTHPOPXKvxDmNemoThHkurJKS1t7z0klbTWOit0vqa0OH8BRqKpTq1IyTTU5WbT67xafppdb63t9k2dh8H9QhjF78TpJHaQFEe3ddmRgB2fkKAARngE5JHWvbfCepfDjQLKTTtF8fo9pKV+0wkKq3UigHDISOuACMe2QcBfza0rRJY5h9u87yxcIFBhAHouCVI2buo6DAz1r6Lj8CaXp/9l3i3MwNzCk8gaIBfMITAHADKe4PIHPzD5Rz0c4xFF+7g6TlK65pOSaS5VdOUns3qnumkt7G2Ny6jOnGDxdS0topws+Vxbs9W9nZa32SXT7ETxp4eLpaxeKLUIAQwRgTHECMd+w9wD0POKmbxV4QIuYbvxJp9zBLCBsumAV02kvgbsnqdwyD06DNfJWnabbT311EryLO0Use1I9xC7lG4BRkkKDu64J/hHNYdjpGjtPqx1K+IWAS2tuLlWERdVxnPBJyMYHU9S1eiuIsV7OKqYenyNq3vNpqSS1i2tOrSvZ37HkU8nwl3atOU1ySv7t0pWadn1VnfRWadz3/xPpfw4i0rUdU0nxLZPfxRSX1tY293FHaNcIp2ReUxYncSODkD0Gdx+bdF8UeMtb+0L9t0O0ijxbldQnhARQSPlBGGQqRuO0/KM4AyR59f6aI2C2QSbzmmXf5hVCvO0KhOQRjrjA4APTGHceHTHHFcTSzq8rnzYYmZg4J5wVGCowODuxkH2rwa+Kp16kakMNGi/tRg903FvV3afTtZ3PYo4SFOm4SrOo21JOpHmsko6Jqy3dkrdNFtb2xLfVE1iE6nrfhCGCYbUlt5bZhGrjJfCEYwc4wAc4BOMY+lL3xdolr8BvGPhVfEVrqGqGwKWy29xHunU5IijjU5MYHU/Njvnmvzk1bStPjdHW6nhljwGjyW2bcAdcZzkkjBwThTjr0Fmlxa6bf6iqmW0isFiM6sVZTKGVQw6AnBOeCegPNdSxEcKpyhQ1qQ5W37yXMlG7cbNWd371ne17M4MTl8cQo+0rXVOdOpFRgraOLSlJuTumtXZNaJq2j8yvrS4ez1MyysWl03e1uFBYCNvmBYAnPbOeM4xX0B+x3YSX3xk8DsE8mze11aYLKecQ2rAn5TwCQxPvjPWvn+6vWVrzy0eLzdDugrMSSSyBs9cA4wct2xuGMA/Rn7DmoWj/E/wXHdb5DH4f8AEMokIPJMMgHbrw23kjHTAzRg5uL5pP3XKzv2VnFK12k7ebvpfocmPi3h60U25RpT0vp8K0btdJ3fSx8e/EdnT4n+MJfPjIPjO6QIcYIGoTAKuN38Pp1P3gCCK534iahv8YSrN5XGmQRkpycoinG0YwTnnj0PQ1f+IJtr34j+LpVcjZ42uwqfMdq/2hLjPPBP8IweO3Wue8exQ/8ACa37Oqsp022AYNkgtEoyc9M5OM854xwa+mwy/wBmbvaDmrQSfWzUldJ2te2j18kYOadSjFxd/YRvPeNvdTSfRa9Hp5G9q95DJB4eEg85I7XeqckKAuBwc5IAGR74x1qtb+Jo7TwjcQhl3Ra3czW6uhZiVUABsHnaS2SODjJAOAKPiy1i00eG3Mh8trSMbN4DMCm5QR0OMkAEZBzn5uDveAfCmjeMJNC03xHrdv4V8N32q3qX2vznzBp8YjGTIm4EnHHr35zitXNKpdXTUUnfrotW7PZvRa22CMEqPvp8qk59W0k1b3Yq+7astW+lk7anw+1gDwh8XZmVGEvhoS5RcY3MWYjOMckgZxg/ePAx458Jr95b/XCrsQ2mxOAQSQNgGB1weD+B6Z6+rQR2Oh6F8atK0bUoNU03TNAaxsNUhXaup2qXkkcVztzwJFG7HocD5a8A+F95Il3rBKkKuhxuQp53DAyCDkEHGc46tyOAXSUXiIzknpul02XZ2tbt6bMXNehV5W0rwtfS11F3aeunaS3T8z6P+IdxH/wqrRJJZEQ/25GmTyQX6ZA5BIYdcHp15x9O+KVfTPhP8P0kulCQ2kDBwA3E0YcKAMHJVgDjHcYAAr4k+Jt6v/CotGL+Ypl8TWCBsn5dyp8vUEg9DkkjIAAXNfYnxJPkfDHwTCGYqbbStrFSpwbWM87sjrj6npzmuyFSDxHuU2042b1d/hU+ZaaPTXt9x5zpNUqfPNJOrNpPqne19te2yaWrSTt+fmtajDDfeLwL6EM93LIyN1VCxwwHQctwATgAk8EivSf2Wbi3u/jr8NIre7W4ZNUBxHjlSoZgRkDIb5QevIOO1eH6jpkd1c+PpXk3TIZVycYX/SOGYnHVQVIGMjk8jn0v9jiCJf2ivh5GGkLxXjMSBhDttztwAenXHU+hIyRjjuSVDEXV7wdrrW8oxaVn96u/+B0xjBShKNtIrVp9VHZ36aPVtaNJaDf28tYST9qTxjFMj3VvD9gURK4ATMCoOFYjIPXPA56nivmf4meKLHTNY0m3utOlnMWh2JRkm2iOJ0U7cdyuQemRjGD297/bTZW/an8c4QFvtFiHBXdhdiZ3MMnP8RzgZGQV4rwL4lWtld+Jbc3S7tmjWcce2MZJ8oDAB3DHC/MMAkHqeRGCg44PDO6UFCOmqcm+W1vLXfr87HXBw9rJODbcW3f4dFFPRLv0Xp1sZ2mfETSJI4oYtMu/3kiwq3nZ2ZdVyo3c4BPQA8ZBGK7j9o/XtOTXvCEFyk6vH4V0mUOX3yKhiVlTGOMgseDzwOhArzzRdJ0qzjmdl3ShVdBJEQE5yCg4AfPU4PA4wOBpfHuSG48V+HJLiRGii8KaagZxk5WFSgJ3dAM5z0yCcDmvRhGEo871asr812k7Lz0fp22TuZuEFUjslabb15V8Kb00batq7btPXbzK+j0LU5k1aSebfGVj8lI8ER4xyANxIODn7wIx0INfTnj+fT7r4I/C+1uriRLJptREUiQ/OpVl2kgfMCQNrc8ZPI5FfLVvd2rW3mCOIo7+XK6odoQEZweOvO45wMZ46H6T8ZXNu3wp+HSDaIkl1aa23KShjR1HTGOevJHPPTIrtocip1ZKLTUVZbKzkrvZ2v2Wl9NOnDiZzdaja/L7RNaNrZXfez3utbvtv82PaaHHEI4ry48suRIRCytjPT5k4XGMHngdhxX0P4smsrf9lvw9OC89uniy5RCqlTgZA44JHU7s44DDrmvFvtdnd2xVBb71ZjOxiwSQXGOmcnOAOx3YGa9Z8Z3yH9mjw7CqRRQnxZdBQMADBDBiCeeTzu5yPvELipo8l5XTs4X3a2ce17JXWyVt9kr4YqU5ukkrrmSTVtrXvrdNJa201vufK8fiXS4THA6TCJmB4VsqMc4yCMn8+D1NfSHwTvbXUPht8cnjdwj6XbqxkyMKQ+GIIHJ54zkHAPQV8sG6ijXzZFhO1toBj5HOCTuXaQwJAx0OTkV9LfAqeAfDX44ICNraZbnCoMYYucY5/LGcnj39LBxjGXNGDu4t310fup6u7tfmtqlZ66nDilemk0l70NtNbR0eu33O7d3c+Vbey0CN4o5NRYtJvJwhIVgxHzf3QGDYyNuRjOeT7n+zrZaTF8UrOexvzcTjSNUUxeXnpCxbbwvTII6nOemM14dbGwgRkkkgMrbirSRncNxx7Zx3VSMjoMCvZ/2czBb/ABOtJVcmT+x9VZtqlUKmHGRnB2nO1hxjgelergKj+tU0lq3bo9UlvZt9dfW/meTmEf8AZJPRWUesdFpvZvW/fz0ey8t8T2WmjX/EKS6ikTTazqDuTESI2Erttz0wecd+DySK5bwpZaRD4u8NTQ6vG7rrtiyo0RVmkW4XC5A4U9QcFeo54B6PxTJD/aPiQu0Pmf2zePkqGLIZ3BAIwdpwPckDFY/hZLObxJ4cuniRBFq1iI9kYHmN5wBK4+bA4YDIPBxgjjSaTxTlJNe/ZK2nxLS22i0179rnLTm3h4JNKXJ1vokorRJ9E7q+90+p7T+0zaW978V9VabUYrdxYacojZSVCm1jy3BwQOoDHdyxBC4x88XOjaeRME1aCRvLJJMY3cclRjgZHTGRjp2r3j9oTyLr4p6x5hKu1jp43bMuB9liPBI+UnkHHOB7V4uItOjbO3cnlMT+7B2suV3kkdOBwcDOQRkA12tR9pfbV3stdOV200vbXbRX6Xty05yVON9Xbqnpa1ra66NX081s2/e/jTbxz/Db4LJLqUNtEmiTCLK8HazLnkkgd+oAyMrwor5qtNK03OH8QW6uxYAtH6cdBgAZ55GSc7cHAr6R+PTW7fCv4JvGCSum3g37Oqqxzgdxk4OM89+efktWtZJUYLgR43AJ8ucYIPU8jrjOSevzVrVtKolZNJLeKbtZXb632VlbX0sZ0a75XG2qemmtpSSb8kla9nqrXPtXU9MsP+Gc/CCf2mskEPiK5WS6ROFL7SSq8sV+bLc8fXivnO90HQrkyK3iXLhsKpgbYAnJKgHkA9OTkgDHWvbr2eNv2bPDzISoPiGZRtDKOAN3GeR3PA5HtXzdf3MFvMrRvC6mOMFRgMGzgqM5xknBIOPoRmtqvKnTSjeyTa68rtdpvyvdbPVu71fLSq39reKbUnfZ6Pld1fltvZJbt/EtT6e+AEFraeDfjPb22qi4hPh/95N5TKqqW2biSMZ68DgY4wRkfNk+k6ZcbVk15C6Rqy4gbHBJ6EqMgdiPoMZr6B+A0xtfBHxnbygqT+HQBkjhHkIznsRkd+mD0NfNkrwMI5FZQyRjgKWwSMDJx269fqAK2cFUpxTeiWnKlbp+Cb29EhUq7hVmrWfMk7+fK10Wltdfu11+nv2abS1T4h3CQait6W8L6or/ACFQv+jSDPU7SpGD0JGRjmvCL/W9T0zXdQS015LWM6lfblXAGVmkG05zwq4AGO/Tg17B+y9cQJ8SLmTGR/wjesKQpAVm+yznkqcnocAdwM4618xeI5reXxFqbSRSFU1C+C4UhVzcNt3ZwWJwTnOCTu+8BWyUVQjFJ6SvZu9rpW8ulnq7O1n0IbTxM6j15ox0b9E3ZJtJaWurdNtvpL4LeIdSufiZ4Rjm183ET6qoe3L4818MS2MkgehUDjirfxM1mXTviX4yePU7y3ZNauv9QQyrucjll+Ugbucjk88nBrxr4LywxfFPwbOrKy/2xEFSQlZWADDI+YBVGQTknkFc8LWh8XtXul+JnjRbeJCDrNwOWzuOTgEZGRk8sMtkY5zgaOLlhuRxtH2ivJ+drfhqne93dbq+SqQp4puUVZwWluzSTdn36/gtWvXNA8Tvf/ZoU8SalNMssTSKM7gPMUkZJOFI46456YHP0j8aPHWow+KPBFtaand21ta+EtPSc7VxKzQqMEd92QxIyQWzjrX5y+Hde1e1vofkSJpLiAAoAGKmVMg5wSvzEEkYHXJHT6X+PWt3sPi3whvber+FNNYQg/6xhAuemBnPoOQoyOgPBiMNF0+VWfMrvRPl2TvfXS/ZW3337sPiYqpG1PVJ/Z06Weu+ySXa3Tb0HUte8SJJBqf/AAkF55TwGRVi2sIwAAA6r8uSuAdw3KQB1OB6N4i1zVbn4DeGJbbUrmK8l8WXP+lmQLLJGTzGqEYUNzncMccjL8/Fs/iXVLmzaC1E6FAwdxJlUUndhRkjoT0wcdckcfRLeIGtv2dfDl5KBeXNn4tuIXaRwQN55OBlQQOOO/oQAuOHwSjCr8LSi5PZJ/DpqndbXVnrbS9gq4pyxFJOm4e+kmrtPZRavZpPdu3XfS5yCr8S5xNJL4ivTZ7WW3tzOoLpwCrEglSc/exxnIyQa9s+GWn67D8O/inHrV7MZ59Fh+zS3EiyCNQXLbCTjLfKARj5SfavmaH4oWsxEEenztLE5JBZymVPzhgMY6HaBgn5QTxx7v4A8Xwa94B+KlwLW4zYaJEyxFjgs2VO36bec9d2ScVGBpUoVZtRinZq0Ule6TulurbW2V3r29DFVpzhGD1jzw97fmT5U1e7el0uqV733t4nb6JrMM9mV1yNSwUAkAlV552nqRkNn72eOnNfSvwWsNZg8ZILvVlnR/DusmAmMAZFs22QkrkMo+ZW6LnJOcY+PYvHiD7Nv0qQ+UoJKtukI4B3ZHA3AYOVJ7AdK+lP2d/GSa346ktjFPAsXhnWmWOTLYP2c4KHkqQOhPAx9CGuaUpxVO6srOy35lu7Xttv2va5eIov2MZQaduS/flvF6p6XbaV++tmO8N2ms3GrSzXusajcQ6ff3MkV1BdOk8brcyFUj2sJFVOnHGCOuRW94u1LVLXWfDc0GparqC3ev2Eco1KWedRH5oBUJIxOV3YyAFOMEgEk/HfiT4q+M9I1i/sdLYQLFf3ozGygvGl1KB5mVOSOoPTjgCpfB/xE8b+KvHXgnT9Wvpnt28S6ajrlNgQzoTnC8cELkZO3PbIrbD5RhqtX29ajTckkk3GLld2bV3ZrS6vbfW90eTiq1ZU3CDlBKO+vpZPTpdPpfq3v7J8Y59Tj+MnjI215eWcCfYH22qbIlk+zRFiiABVOeVPAODnAwK4t9Z8UWyqLTxDryR3M0DS4LorbWVhuAAHPBPUEEkc81k/tUav4i0347eLbfSruSK3WOxZmRwqnZbRqQdy7Rk85x7HrgfM+p+LPGsV2oGo3gjfazvE6mMAsCMKOAcdjzkA56V60sBhXN3o0nC65bpJ7RTSbuvyvZ6NarzVXrRoqMZVLr4ndpXTT3vdWe2nRp2P0a+NGva1PP4GtZ9Z+2Wz+FIHmgmtFZBcd3cBR83PzMoAbJDE5FeYW+v+K7KGFrTTtFmtQVVWntEGQHzwsg+UHAz0Gcc9q5f9qTWNXsNP+DNxpl3cxPc+BLea9mXaheTjcWAAzlsZBGMnBI618t6b4u+ITOhGo3ItCwKK8kZwAevA6ENgAggnoNoIrSOXYZy/hU0moq3IkrWT0vzK17vTq722RzqdRwjfnvF35vmt223Zt37373R9/wDi3xTdyfAvxV4llhsLfVrPV7O23xQDFrEu0b4ycoFyABwGJ4wSRj5F/wCFzSvHbyyeKbiG8tQrIUhBQFcYOAoIBGd4JJDHGOQa9psv+Eh8Q/sueN4jG97qE/iC12Y2ETIm0sBhRuIK5wuMcdORXwxJ4I8ZxTMk2lMkf3lGF3DgcEEAbsDjPHAHHNa0svwEZO9KndPlaS1SVmr2a2aXxbLcylVrPRTny3v9pJXkmno4rold3SvtY/Rz4B/FQfEPxPHp19q5e70nSdR1Nbua3w1w9nA8iBxg7ogF34OQME8HcKuwfGnw7a3c8zeL/D5uZpLlphIHVIJfNYFQdwG4tyQQdpx1Byfln9mDT9T0v4j3093Dc2pk8Ja7bRtJkJIzWcy4A6HAb17n7uRXy/rWi35vrzbaXMgOp3rZVMb/AN+7EcAhlGM5xgdOoOORcNZRWqyrTw9OU5cr96zVrb3d9bJ73a72OqWb4ulShShUbUUk+V7p2V01179El56fobrPxhsLvUsWniPSHN1cW1uXhmkRi0syoBGVkDDJOQQRgDKjjnU+KesReGPGEFg2q2EJOmadeQC4vJYmmkngVpJQDIM7yRuOcknk9K/OrStKv/7X0a6Nm9tBHqun5DFQGAuIjuIPJ5ySTjn6Gvpb9rW0fU/iDos9urKqeE9KUvGGbey2qcfLkA4Jxng8n2rrjw3lEoOPsKKvy3UacVvZpJNWdl5LXZnmVM4zBSjL2lROKdkpSSd+T4b2at6a28melWvxA1KwuZY7XX9MEUhErQjU5CileWKjztpzweOSCBnqB383iXV4tC0zxLBqt1HcX14VVbWZVglaPjekzFgzqTkEserdMg1+YEtjcDLr9pPyFXBdlds55AwFKggkcEnOeM8fVHjG7n/4Z/8AhxDC9yky6tcLIIJXWVcPgMSDnn72SMZ3DgAVUeFcrhJSpUKKbWrUINv4bXkkuzevZLyJ/tzHVLRm6lm9VJvl21TvZavvfdW21+l7HxxeX3mw3+raoPnaR3hu4pJFkcfN0y2WIzkdQvG3pXpvgDxMbW08Uzya3rZh03Rri7VLiX5OgRpNuT5eFwRL/DjJ6V+TUkupW13uN5qis+0ApdzDPOQzEP8ALk8EEdQcnGFH0p8M7nVT4X+Kxlvrl93gecQs9zJK6fdBGd2M4J6DPORgUU+GcvU3N0KUprRSlTipJWjZbaWT1SvbbrrjUzPFtOmpy5dE48z5dWrrl7v7rruzu7vxl4ffWZpo/FGtRzqGzcpqMquwZiwBdXG5VJwwBPVeRwKltPHH2rX9JtofFWp3EUt7aWwV9VYsPMmRSVXzSVZcEjI3dx1OfzMmkvo7x1uLrULYFQIwZZSZDnGeDkKx6qcDB4ycV6n8LtJnf4ieERNPezBta0+d0aSQqY1kXuc5ycDBAHfJwDXTHh7AOcXKlRlNSVvci5K7SXRNWel9LXMp5hiqdN8s5RsmmlJ21Ss/L9dNbWPuD9oLUorf4qaisfiK6jii0rT0lS51EySs4gXkb2IIywXcOvJPpXkln4vutNMVvZ6zBJbTSxo0ZuT5heSQLkrE6hzzkZzydvfI5r9rO0mm+NmrrZQuY103T9uyTY27ykBOOFPboDznkrgnxHRdA1OLUrCeaxnVRe2kjymRmCqJVG484LEEjHfrwBz2/wBkYOi5f7PTa02hGzWm/u6rRa+afc5qWOxNSmoqrNNxSupyu7xjfaN2rWektdLuz0/T/wCBF1Fon7SfweK3t7e3k3i/w47pK8mLcyXCtkbiSqsMBeOnUtkV9jf8FTdS8Q2X7ZWpw6FqepadHqXhHQLlbez1S8s0hYQoZJVWKdYzK+TlioPQE8Nn88vhtrM0X7WnwiitvMWOPxT4TWX5skjfEGzyDjB6c9s9Rj7X/wCCzgu7X9rPTLywlntmu/h3oUnmwby5Ywk8DJx2x/vd+/5xmGDwlfj/ACvDyw1OVGeXYlqDhGSbjUjqotWtv0Ss/mfSYeNeHD+LxKqNVIVYJ1LtSs+XRP4rXt0R8myap8SYGlvrbxV4zljj2KiJ4juzllGDx57AqGwAAcZJJIOMc9qXi/4hN9sj1bxP4oS2dUdkk1S5ulK9AsivKy7WPYqRjj7xr5WPjbxxpq/Z49S1mQSb2UDDAAHO4lgQcYJPUgdyTitq08V+KtRVmvZdRaN4SZHZFbPykDnbn5jwOflJHUEhv0J8N5TUqRdPL8NBxTlKXsacX0aavF227p2vq3v81SzPGU4XeKqNt3knOVktPTTbd9d9z0yD4ofEKISadp/jXxTZwpKyxNDfXKwRIj8RpGjgAA8jaCFJz3JqlrPj74j38rW+ofEHxVfNcQCIM19dOxQdF3NJuVeOmcEEZ5xXzdqWteKYLgPBJeR25kbbhBnDOQzE46AEZA+YnJ4B4qz6/wCNDItxbmb92ih2CdSzADf5gIzhSDt2/ebsM1z/AOruTKTqPL8H7RST5vYUudvTW/Jrqru7vtpuzq/tjFSbX1mtoopr2kleL5dk35Sd9l6n6H/BfVfEV78OvFB1LWdQuhb65EohunLRRgKqmUAkL5hUAFsEnk5BGR+0f/BPWa/0r4U/tC3uj6u9tqcXhDUry2u0IYwPDZSyxNGzbipWQLjDZyD6ZX8Tv2bzeav8KvEl5qbSKH12K3mXIzlEV2YBe/H8O7kEAnkn9yv+CeunWUHww/aGiiUyQv4I1kr5qnjGmT5K7uMg8qM4LBQOSQfG4zw9BcOyw9KnCMHXwylCMUote3pW0Wj1V2/S/n25LVlLMPaTqOb5Zvmbd2+S667O13021VkfjHqPxi8Z65q+q3+ryWeqXC3l1De3t4m+7uZI3f55GOCwGOBkfKpHfnO/4TrWpzeyXENnhLJXiWJAAm/ooKknjrz22g5HTz9ljj1TU4MgpNq2qs/ZlxcSKMnvwe4xz7cXptsccklvuYtaRoWIBWPa6qRjliCPmBXjBJ+Uc17eDy3CwoYa1KDXsqe0Y7ckbJWtfRr008kXWxk7zfNPl9pK7bfRra+uzfM97u17WOhj1/VrySzndIVZAjlFDLvy/wAvBznC7uwxwenFad1401L7VKojgV43VAq7gAvRj6cdcjAPUcYrABZltQMKxiQqQMAEEMxwVAAJ7jGSQO2KxTcCS5nLHdI1xjco6gc88e/HXt2Jr0Hh6Xs4wcE1G1lZK1uV6bWe77X1W5zxxKeuydldrezuttU9vJNO3nrX/iLUEmjeWKGTe0ioCCAwPJYncCAD6svsMZqHTtb1JtXtr1hHG8A82GWNirw+X8oAwcE71Xt2OP4SuVdMZpreR0JUSOqx8AFsEbgMYwvOQPTBA7yWLI93GgUoELgBs4LE9T6gA5AGCf4eDgUqNL2TXLF3i4vazfu9d76b6Ws+41UTsny9LLq0rXvdavRaeS6M2db8U6pqyX015KZJWlKzT8tJJzhVJYnheFIGBjPIzXm5uNVtWhnhukRBcu0a45QHPzMQAD6nGAPQHk9bOhNvMQ4KrIwZdoBL7gw4GTjgrnPAGOawr2yeSK3BIQs0pxu685UEHOQSM8YUjIz2qsNRpRg4clklZqCfkuXfrfsvvRDnyydpNyaimvW11dz033Sd7LqaMd3qL+c737SebaFmZl3JukIBKnHygHg4bqc8Z2iLTr3U5or1DqDMLbZFEi8FihDDGDuC+oHA6HnBp8Nu8MarJGd0trhFXJG4EcHAHPDcH/aPFR2lpKZJnWNIUMnJJ4jYZB4AxnjHX6nnmvY0knFU7N3tFrVXat09Gr6dOoSrSumndXcbN+8norX9Ndbu+isa0d7qDzXMo1GQzywIXBUA8DaRg8A46Hr0xzis1kuJJpITcyK8b7wMAZZwTkkbTgHghsZLZyT8laENq2Ixx+9Rg0oP3sbTk+vTGcDGByaiSPbeTo52kSKFdOScKTt+pxjkjPXJzxUqMISUlCNrJPTbbWys1LRPtdbGbqzbilpdrRNvm1i3ddG0+u3vehFYLfx207NPMREo25kY5ZGYkYyRtA4CnGSPUCvGPi7ey2v2B2fe1xM4Bdi3l4UEnnJBByM9SM4+XBr361AXTJiB8xaYEsOThhgnnB/ujv68HA+Tf2g7yW2k0Xy32ZmlJJIC5Ayc55ZuTnBHAxxya8XPaKrZZi48qvLl1Wjd7arTSy5mvLXYqreSpy1dmrd3d/c/nezv3PN0urS5mdLyYOLcgqFwRIzbvlY8HIBAPsAcZwDl3BhlmmNtIUSLdtjDYLNgbdoJAIXOVx9c1yyatGEWSJgsirggL95mOC2QTwec7sAAgdCKqQ31wtwzmNrgu642Mx2gEHYQT90/7QPtwRX5isAowtJySSVlqo6Wfq39o0pyV0k9ZWv16LS7beq100t+PYwMI0jDFvM3FevLMxJALAcr6qcjJOeDXVW9/BHbSQNGz+UhJ+ZgFcgnK5wBkE9SSOcjB58ynvJZWjmNtJFhypTkLvzgdSAOmSOMdOvFb9rqBDW4C72BLSoCWHBJJY8kkHHA3AZxnpjGthItxkoqXIo2Ss7u2uqlvLrr0btc3i4wV7rW261Sdr63X4d3rcZf6vdbniWIeUn+qMoIJU4BxnBJ7HaP6Vs6PfNbQGeIkyNGUmHzN5QbONpJ+XBzzwcHB6iuqL6bq1tA1xFDbvtMamOMKwY8IQT97cxAzkjOF6c1my2EmkL5Vugm8x0G8ou0q3JEgIwCAcDjBIGQeoqFWlKKpyo8kla97tyXu6pddUtF0u7G6fWLukrbX2tbZLura2tr10+kvhb+yf8AHv47+DNR8TeBvB1zr3h63kayh1WS5Szie7PIithLhpnAO1gNwU5yembQ/wCCbH7X9jLbu/wr1GWGNonuXhvLZxGm8FQxXGWIwcE8cnGOKqeAP2nPjF8MvC58G+DfiDrGieHbeYXo0WzESR/aWG9m8zAO7dkfL1HBxnNbuoftT/H3XLN5rj4teMofPI8y2i1WeENuYLyY5FOQDwPvH14r7Ph94hRdHDQoqMl7zkpN3TjbZvW11u9dVZk4lZbSp06+IlWc0knGHL7t7J/E0k0097u2uurKGsf8E3f2pIL251bVfBlh4f0omJ3u9a1/T7BEiYBS8gnkXjBBJXIBPGAteZeI/grqekeZ4budb0u61jQnaO5i0q4S803ZgjEV3EzRSsxwpK46nJIOT33iHxv418WaLdyeLPiD4y1S5gns7eOxudcvpLeVHVWw6tcFWyMYUKcAc89IfhlDI+vatZs7PCtqHRZG3tuxn5ywY7gTgknOR+NfZYOji/aNYqrCUfsQhBx1tG/NKUrt7JpJW10to/CxeYYOUZSwcJRctJSqOLTcXZWWjSuns3e29yL4DeDvEWjeKL5bixSVJdPkCFCNqoTw5Y9WI/hyWIIr0744+AopPhZPqMU0sCQ63CZUliO1pZF2nljgKuSxznjgdjWxpWujw1rMWqPtWOKaNZIVwA8Y2s24Afd2gggHGOMZ211X7RGp3evfCwahpNqbrSNQvoLpjZE7YDGNhWVFOEAJ6nqehOK87HZdiKWc4PG02vZ1JRhPmd1HltaW10mt1p9yO/A5jHEZNiMLP4oRbhvrF2bel5LVdNl62Pgzwd4W/sfXlumvbS4RbYFCBmNndSFjCnPTjkHPOcZ6/U3hL4L+NPHWm6x4y0HRptS0jwvFHBrt3FNi0s5LjOPMBOSVQl2UAggdzXz/AOHLnRtKm87UZpTcSQRGGEx5S3kGCHxxnAOFJyCRkkjr71oP7THiTwL4W1/wH4XeW30TxHcw3Or3PyxyThM7kcAhHDgkAnLD2yCceJJ5xKCo5bTVSc5qM5TbdOFOXLzNW1bStZX1bvfWw8vjglFTxEpRSd421bata+m2i3admrs+yI9U/ZQ0/wDZA1HwlcfBOx1D9oay8QSW8HjWR7gQXkLTI7NIFdUS38oMi56ZBI6bfmf4t/Cr4baL4Ck8Vy6b4OttY1bw7p0+m+GNIui1/o004HmX8m2RxKCQSSwwCcZIzXzfqXxJ1Rf7Umgv1+y6k2Bbs6HygeG4AKhhySwAJPdecdP4Y+L3gaw8EeMfC/iTw+Nd8R6/Zw2+jeJbuXzn0iADMluoByIjJnAGCoAw3c/nuH4QzrJqs8ww9fMMS8TmMcXiKEq9SpJU60oRqQpc75I0abvNRjpbS71P0jL+IstxtOWCxdLDUlHBOnTqVKdP44RXJPm5XJyntpLlTe3U+RniFnd3EYiDyKwIlhPDKOhZuRgg5OCR7E4UcXrAiuL+IDd5u6MuC2SSTk55HuTx0z9R6fNFGlzP9neCaEExIzEHgAjpkk8E7cE4y3I78PqmnFrqKSOSAs7xbsHLA5PJAJIGCSMdcnHA5/eMNKcsJC65ZRhFuLTT+xu79Oyvu1qj8TzWiniqsot8sqrWlk7KV7xatpsuunTa3o0ERXTLsK6CP7LAvOchmUDGAeOOpPpgbjXIShWuPKcBQqchSCGYgEAg5JDdyPcHgnPqOkWthHbXhvYSyDTVEZALRtMBgFgBnOcgDp3xzz55eJEZ3CJsG3cSMMQRnKgjJXIIAX7w57inSrTqVZQkmlpytq0W/wA9E9fV72sFSFOFOlreTtaKd7SsrOzte3dNK2vY567jUSOsWVZmTgEgoVK9MAD0IxkZ5xggm0ly4tTFvyTMhJ5OGCDrycD5hkHt3IqJjG+7JHmFiS2TnHUAFv4vUcZb1yMyRIhtz93DSDOcBjggDp15x7nPXIrpl9re1rqzur+5dvtpp5PTe7cQUW209GraWfK9Nb3dmt32euq0NeCeRQWAGWgZQAzBQOST3+oOdp6Z61mwAEh2BY8k+pBLLjI5Izzg44z9Ktpfwr5h2qWWLYFGACcZP3eBz256Dr0OTb3DCRWY4BIIA+Y5PBOTx0OeCSACfepjB3leVtEtr3WzbtZ231tZbOzaRNRQco+9fVKV1tbS/rbslt83+i/7PUqP8P0TcQqTXZwc5P7onkHJAxwc45ODxX0RdXUB0LT1IVgGi29twDHBwM8E44wD3I4G75S+Cl5LZ/Dma7gV5XM9yvlqflYEH5iTwMjnOc+3Q17u9xcTaPpkZhkRnjjkQA5U4AZsn2zx0Lc5BzXxeLpSeLqvmver1aWyW+unW1tdF3PtsFJQwlHS7dKNu+nLa/ZvW19b9LM7HR2WS60w4AC3c+xNpwcfxZJxj7oG0Y68cHHyd+1HrIi+IbNGgk8vTY0LY4R8gAjOdwx9R83ToR9MaJNcXEelhImVxeTxs5JLdSSVAPGQeu7qMZ3DFfMHx9it7n4gTqWidIbWJZBLgYcgEdfmIOMnBOAd3GQB6uSyhRxqUpR5Ywd5N+60+VXV3013dr20voeTxC3LLZ2VnKrC2i1Xu6eb1ad9LLtt4hpvj/WLKP7K7kx5D/MWOCo+ULg4U9cjCgYJzjOd6y8cXU0U7TKwLjcAu7LMd2G52jgEgZB6KAADk59/YwJCpWK0VniB27lI2DJHQnHBJ/PkZO7D1BvLSNY7cKGRQWTCgqTwVzksueM5BPfivq5Rw9RyklTnu1Hq78qs306delj84nTqSmrxdra8ybXa2i2b1dlo2ktNT0S11PUtQm08eXNP5r7EbdgJnuAvZOuB3HPQ12esePk0zR9I8LCXUZpdOv5dQubN7qSPTLtyGyJoAdhYDAORuKkqcnmsHwbo+peRHLLCoiDxrE8knzRq+GzGMgbmHOVyB1z2OT4i8OXF3qju8cYWMuzMJPmde5zn7647HPPTABrzqtPB4j93OmrUpKSv0kkrNdra2dnb1bOylSr0WpQ0bik9N7ct9k3ZW1vZ73WiR6pq/wAYfCOvabF/Z3wr8LeGtagFoE12yLeYTbQCKYyRyMYy07BndtvBPyn1h1r9ocaza2um3fgvwvZyW6WVvDrFnAkN432ZArSuyAZMhwXP3s+2QeY0zwdDf6G06aVdmNYfLWeG0uLnDRg5eZolZF3nJyWBG7g9K4jW/DGjpFFBdXb2dyiOyKbeRI2UfdJLru3EdjjJXO3vXmweTSrqlCqnWpy1j7ecpRk+VWa57xv20s9Fa6PTjSxkabm1aE43bcVyyvyrV2WjvdW1vdansnwj+PVz8MPifbfElfDugeKm0gyu2ja/ALjR7hXiZI2e3PDMhYHDZLOB0GNv6G2f/BZHxjZxWDQ/s7/Am6NrBJbTNJ4ZttxicFFDnytpkUEglhnI787fxfFtYeZ9ls7hrlZY2SWWPdhGX7x5b7xCnGB1HHFR6csMi31nbR+cyLt8wo+87SPlRRnLscA46EjB5rgzrhLhvO60MXmeH9vUp0lT55YitTSgtUuWnUimndttp67vtrhM3zLAQ9hhanJGUnJx5KcpN3ir6qV767W6+bP2wh/4LReNtLh02C3/AGePgc0dpdSXcO/wzZNslLbiqnyt2wMSMfd/hHGcT2P/AAWK1/VPiX4T8d6n+zv8H4BoF/FqGqWGmaHbQx60YiAvnRyRmJmRcAArsXtnGK/Fu50G/iW3sns7pbiaPzFSa3MEgjfLrIBIMlCASH6DJyR0rvrb4Z+Nm0+GeDw9qc0VzbmS3uY9OuZIZlRTuMU8cRRgoXJK8DDDpgV83V4G4Bo04f7Nh6PtF7kpY+ulLazg3iNZW6r/ACO6nnPEMqknGNSb1UksNDaVtJNRau1ZXuz9h/29/wDgsTqX7W3wV1n4LaL8FvDfw303V76yu7y/0q1so7m4htgc2iCGIBFZuS68/Xv+D6/YxCTcRwpLbReXEHXd86LtznuTwfTOdoBwa7ddI1VI8PDJPMsrxThopCLbyuGL7wSFB3ZK4UEY4Hy1zmpabNavbPexsiuzNn7O6mVX4yCV56ADPXg4Oa+s4fyrJ8iwc8LlqVOjUqOtJOrKo5VJqN5SqTbkrJR100Tte55OLlicTUhOrRcXCCgouCjGMYu71vtdtt8t7p72kaXh21TUSzIokd7RwdqkbEUj7oI6DIJ59Bg816s/jzSdB8Cr4NfwnY3l5PrUd5Za7cQqbzbC2TGsjgARsx2kDgHIGK858HvBZag/myGCGaAwxs6PGWEoJAC9C3AGeVIOB0q9rtpc63/ZVla2klzJFctb28aNiaaQudgAUEZZiCBxgnGea9v9zXhKNWTcINSiueSWijdNxfVN2WmqutLF0L0lDlilNxcWnG7ekUvN3vdNt62elrHTP8TvFGuaVqmgXnhOxa1uXDRXVnZxLJEIkAAikjUBc8FiuB0yM8n7c/Yy/bL8K/sm+HviLp03wP8AD/xL8R/EHQ10yw1fxSLe7PhaZ0kiknsobhG2O/mAhlCsCow+PvZPwm/Y3+K/iz4brrlvp0egzMt28r3+o2sUghWMufMhmYyLlBhSMbs8ZyBXm+kW+geDtIm0jWtBh1LWBqdzpU98iiUPIkpjDrMQR8hG7cmOKxo4vL8wpTwWDbvQkpVOWbVnGUeqabvK11azS6dex0quGqe2xKcY1I8seeCuo3g91bfXo2nfW+q+afHjaprer3+oahcPLd3V/e34tGz5VnHdzyXK20OCVSGAzeXGq4CqgAA6DkU0m8ECvImN6ksAhYjOdvqcjGcYyODwOn1bP8H/ABv8QfHWo6X4E8Jat4luE01LuOw0XT7i6uVs0iUyzssSsfIiGTLKSQMn5sZNfUfwd/4Jh/tbfGCBb/wr8NJFtYozK661dR6YyRRNi5crckFlgUbvXGRyw4755/l2AhDDYnFYejWVoKM60YzbXLdKE3zOT8k3o7dDx62V4rEVJ4inSlOkvedTkfs1H3XKU21ypJWu211abW/wV4L0i7jgt3QAEl95dGXbGchc8AEZbrknB9Tiu78BRNBqt6xdcw6raIAv3hmccYIPPXjsCvUV95ftA/8ABPf4/fsrN4OtPiNYaZf3fjfSpdR8OWnhhzqlwRF88kM6WpYq6rgM5AQngEkGvnbwt8DvixbT6hq7/D7xPHZC4s7maSTRbqOK2t1lAe4ndowEiznDtkZ9cMF0w2Z5diqU5U8RTlq1FSnGLbdrKzs+Z9u7TRc8Fi6f1dqnKUJOMlOF5RcbL3k46WXzWuvU9P8AHl9cT3scYndQum25VFZgxIUDHP3cgH+LJzzz14d73UksYi0sqpHKqhWLZIwMHruyzHOCcYJIIPX0rxd4b1W4vEmt7KRo1trZZXdSi4RFVhluTyG5JwcfjXIXnhfW5LeZ/KQwLKhUB1GMAD5TzkD5vTOD121x1Laax95NRXKno1eLet7WVm7Wto+rPcUJw7qySTkrO7W976K6s/xV9X2ujNKNCupb9/3f2Od/vkMw8ksAT1/2VOeB+Y+KvEXxFkk00Na+Hrdbex1OVGuBORJOsUpJZlByMgHaF4J9CAR9pQaRqlv4U1X+0ISNulXpgCMHbPkNt4B5G3uO4BOcAj86LGDUb6x1G2tdKuJp47i5eQsSqKpkdWIDdGweSoz0bcNuD15fKNOOIanTprnhrN8rtpeKbacXZ3SuurNI0pYjEUqSpOpzU23ZOTvHls9eiS0S3SXvHqVv8Q1ddBnurFrWLVJ32tKGcIB8m6MIeFOcjoMnnI6NTx62iz6lHHpbXNvPdNC1wIpI1aJiWKrwQCThiSG4B9WA5WwN5Fe6Jpw0Vb2TSoJJkR28wiVwXzt4XAYDkjPJGMZz7b4A+EvxI+K+vw6Holrp1nc30Et/LBeGKNIIY+GlcPjg8t8ozgZJU5WuLFZssFOc8TOFKh7zhUvKMYpyslKTvzJp9Lu7a7JfZ5BwRV4kxdPBZXha+NzGtUjGjhKFFyqSlZOUW5WUlzJv3bpWu3uclF8RTbstzbaJdTWztGJYyJFjIQAsFABHGCASRksSAckj2/4a/EDQI9BE18ZrMjWLi8+weSx8oNl0bkHIzjuPlAwR1Gq/7IXxggt7hxrfhcR2TSpLEl9AriNCRJKA7Z2rwQQO/UjmvNb/AOFPjv4d6sg157OTS7zTp57aeG5huDcxlWRpIokJZWx03ZYjJ7ceZh+Jsqxtanh6WNpOTl7tJSu5PRNxb5W03o0nZPZao+rzzwS434YwlXMsz4UzfB4KjBOriqlD91SU3FKUpxlL3ZO2jaS7X3+g/FZPjfw14UbRpBa3Wo3t7cPMpkhMkNu+GkDDGFYZ3AlQccnd1+ivgUk1j4Uu7KRlklt0v4ZmQs3mLNEzZJYnhdvUgckNyBx4r4T0yG38HeA7y1wVg0jV5JPMG4qXmwM55P3uuec8j5TXpvwdk1y7s9dGltEJp1eGFGZET96jxly0mQoBfOTjbwK/RFhXVympJO/tMLJxittIwbetuuje+jP5/wCb2ebwik7RxcYuK1+0ve8n0fTot3ZloLqXT/tflsIY3uQdqkgBZGGSQCMnOPoT04AjjkMithmDeWCCQyBSc8An8M4PUEdTmuh0zwD4j0a0uNL1PVns1LTG5l86C6jAdnkwiJ820LuBXJw2T9PMLrU7CyuNQtbjUby4ijnMcNyIGiRwjHBAIBweuO3X1Ffl9FSnJQSTam4vVtc6UU7S6K1vT0Pv8c40acZ1VyPb32rXtq11s4vS6a1tqtD7s/Z9/Z2+Jnxg8Oa74o8Ftpcmm+C45L7UYtVvoLYSSxr5gFtE7LI2xEZsrkMwwTzg+Wa7D8LtZ8W3dz4wvdYh1Mx+RfCxtJJESW1fy3CgozMAyBQRnKgYPy15F4E/aFHwmjv7ZdZ1uey1e2e2ntdOv5LWNlnOG82JHUSbUyoJUtx2Br6T8V/Hn9mC3+EtsvgfwtLe/EHVkmhudQ1uQyajpl7IoZ5VmB8p7dnLGNSC64IYZwSVsZisNWp06uHxFaEqip0nTpq0edR1qSbaUFZa2d07I6MupZTjKE6s8ywuHdOmp1qM2nU9yKtyrRTctbJa9N3c9B+G/jX4e6FcT6fp0OpSafkGK8WxuYrhnRDs/eMBtYD7wyvB3Z+XFY/xU8R+A/F1zpN5aQX6XGl3LwzCWKZnvWzkKwwSSG+6c4ByQMgk/DVr8ffE1mq2bafFcWVuWcSWxj3vKMFt8y7cLzg5IxkjJxk7XhX9od9L1afxDNo9qTtKw2lzieFJHICOkTFtzqVyS3J3HI710TVSnBzp4V1ZxvL2cql3JtKSjrFKLvot9GtbI5aFfJFi4N42VODlGMpypXVON1zSUdL2d3vs7eb+lJ9YsFtgqeHddtZ4mkdpz58UMucCNuVxwuCCTyMZB5z8/eJtJ0vUtQmvNQ8OaksiIQl3++dm5Yoc4Odx6nrjrxlh9peFf+Ci/hrR9Ej0zxj8OfCV4Ft1zqEmmRSyTTMqqGKiPjaoC4G0Lj8DzXij9s74aXTXGs6H8PdGc3Pl+VBNFAtu5Y5dfIYAomQNudvHGcYz49HNs7wk4+y4dqKpNtTUKsbRhZcsm3FRne6V0lZJs+veWcI5hGoqvE8IQpcnK50LyqJq7ahGXMlHTXrb7vGvBPjTVNHsDY2Xh67uLK3CSwqkVxHI4TbySDjemOpwQQAuAAaq69431vUb57l9K1RbqR1kWG6a4aHamQVVWyF2YzjnlvmLbjX1h8KP2qvhz4rnvtP1vwl4f8PykW0kSWVrFLPIrnawiUKc7QNzgHnaM4yBVzUv2tvglDd332fwdBqn9nXz2U9wlhbbJGRthCgxg5B5ZeDz2qanEme067orIKlRw5akkpJJOTtFqfLZ3V9btdHY9DD8EcI18NDFR4rp0qdRyjTqSpWc+W0fhcrpJPS+z8j87NT8S+JDdCT7Pd2VrHcvcNah5TGTnLbkU7gCRxtI9Qa960b9ojxdatpyx6bqWoSW1pFDasxvJIZhEDtgMXJEYxtwT6AZzz9s2HxF+DmtaaNa1Twr4a8KxS4NrLrcNqFuVMbSMygKDtwdoJA44PJryDWf20PgD4QuruO30bw282nqyI9lpUM0Vz5blWeE+U23IXIYYGT7ELUuLMZXi4/6uYmrXozUZxTjKMLqNldxtHVW1VtmlexnX4AyHAJYitxhh6OHmlKEqkIwck2l7q59FazVtHpqz5O8d/EjxjqT3mdF1LQdK1N1vtWt7eO/js5r5DlJdgKqGUHg4GOq8ZrsLf4xePNe0/S4TBfapdwWcFpZ6xJDfvd29tbhUS3imXDiJFCjG7hRgjI5veIf2/fCHivdYxaJpsXhOK8ilufN0u0F80bOBIIm8oHAXOFcEbecBsEeHfEj9t7VF1SLSfhpFY6L4Yt5I5LC5uNJtBdOWCiVCyw8o3OAcqCDj0rpwebZrjZ06FTh72PMpSk61anaN4wSaSg17ztqvSx87mOX8MYGlPEU+LXiVzxpqGFw0nUm3aUrJ1FHkSs+a9r6WTev1b+zV4JHxE+LdmvjPSdLvrZr9xNp2oQSRi/lVfNSORpDl/m+ZySzbRk9Mn9TtK+E2l/CPxLeavoXgrQ55PFE9pjS9PeWD7PbwzputEfzD8rgHBGBtJORX4h/Br9sTVbXxZpXi3V7X+0bHRLgf2nbWttBZvIrJskkt2REZpJSeQDwDgcV+qGnf8FRP2bNakstHa213StYjltnU3loLpLVgq+Y3nBSQNwJ+Y7cYB2g/N2Yz+06UJOWCkoeyUVClKUoR0sry0XMlqtPK2uvhP8AsacqXscbCrSnduWIUac73TStfdu17SevY4r9txPE/iyfwb4Z8E+E7nwbBr+rSXd94ZtJ5p47u/s2MYkeV2+zxGZVL/MpJUsARyx+bdS+Evi6/ntf7P0G2sdX0u1giuWa+VGW6jVd2csSGyDjsDjAJ5P3b8afjl4e+KmgeGPGvg6I6tofhPxHZSTarp8IWXUWnhCyWo2YlEqsdrJuxyGx1I+dde+KOi6fJf39xo97ZQ6ndTPHG8ki3mQTkCI5cBTwMkkggAgmvzLK+Is2/tLMsuy94apSwtW9SnUjUlWU5JScXaUeX3nyLSzSvfY/oHJuBeGMTw5lWa5y8Tha+OU4J0pL2UoUqijGdO8JStNScnfZX1sz5T174YfEJr+FPEkNwuwSSQyDULZiCTwqoQRgnGQDwBn5W5HDW3w58dWWowTR6fcahAbr57aTULdFdCBgkKAQgOeuBwT2JH2z4hsdI1LwSPH8uoyR2tgYpLi1vI7mNYbZxkP5jts3BScDJPH1x5D4GvdE8bahLf8AhvVobwWdy9u1qrzO/wApK7yqsflUBhuwcNjPQmvq447iOVFSrYOajUvaUaM03J8lo+85czTas7bOz7vycVkvh1gcdKl/bPvRfMv39NuPKoWU7Q33eqTajqraFPT/AIcXU+mQz3cNzZwSTtBfOT9st4GdubeEAFcYBBXqQD/FkNT8UaX4a8K6pYaXbeG9N1qQqrNfy2pt7gELw2cYyMkk8gYzk4wfddB1Oz8P6lqKazpuq6lo0LRu6mCf7JbXMhCCUqmRgAnk54BJJwDUreKPD1//AGte2Wi2FzaaZdJuu5LSS4DcEeUrOGZTnAYcc9hwK5KLzWlWXtcNXtNJyg4uDjJ8vwx25WmrdVra19IrUOCsVTl7PMKTnTjCPt4tVI6Wilpom1Z3Svd2Z4c+oiSzeFdGCJ5aLGYrmWPg4G1NhUhVHGcLwM9SDVj+25baCCOOxuA8cbCNk1C4BQcBhv3E5wehbvtGeSfou21DRLmCO5bR9PhtZLeOYzfYwUBY4KKqqXCgHORgBgM81oRahpklzLp8PhzT3tpHhK339nsFQS9Scq3JLA4ODz90k169NYupyt4OouR3fvXk0nBa8y0vZ7uzWlz5+vhOFqLa/tByb1UlFNN6de2jtbVab7HzdpviYTyNBqq3Fra27wK7tdXUzyRM+Nq7X5K5GMZ4zkHIavrD/hVXhbVrDSNastR1a88yzW8lghgvUCRMgbIXzCVCD7x3Af7oNcx49tPDnh/S4LqRdKspnn8iaB9PMcjIFDLIrlcEn7yrg4yDgV7H8BrLwl4psIV1jxFd6BJPp182mw3moraWuoRxLiPZNK6xoGyuxc7cDGM5qa+WY/FJ1YyeFptq70lzNcqTTins7aWtrfRaHnVs14cy+nKcHPHNbKN03Zx0Vklo9XezWp8sfHfwl4d0XwhayaLLqn2q9uZmnj1HzQpUI3zwq5JQE5IyBkKvORz/AD0ftSqU1LScKQTb6hhzhcfMR19+nyn3r+kH9pzwna+FIdHtbjX01aW7W7mjWHUI7xltyrGITLE7LEyjGNwAYAAAcE/zsftaWyC+0UqVG5b+IEgkMSW255w3v/nGmChPD46nSqVlXcUr1Fs/gdtG9ru6s9U32t5GYY6hj8qniaFGVGnNq1Od01rBO2iad11XVaPW32B+wJeT2v7PWqrKkPlnUPEBjZ2UMztaEYOO2fX3J68/nVfXS/bpLgRW6mLxRrU86xQ53xQ3btGsnGHRWLfmcs2Aa/T3/gndp+mXP7POqi+sVup11XxBFGW3LHzat8xwyrlcZxwcgE5FfG+i2/wcsovEkvi7Q/EVxqAvfFTJe6bf20NmGjmmENtCsu7cxblnGGx0IAApZRiG84zhKDk41oRShC7vyxXdeqfnuyc2pJZLkPNU5IuhJuSb3tSSTey3a108jxXwTq9tN8UNGxtL3Pi3RZIgkMYMGZoyUXjPlyMMMOeDjJxiv0J/b3vUi0b4dobWY+Tfy3QEjkqskdnAylQRgDJ4AzjaQCOtfD/he1+Gc/jvwHdeE9K8RwandeIdHeeTUbuKdYnF0M71iAXlPu8E5x0Ga+8/+CibWtv4Z+HQk4xPcKs6qdxJsoVYHnJPHzYxgA+gFd+ZVpTzDBNxUX7KajGSSnzJKTsr31bt1fn3zy2NOGT4+UW5qMqMlJ3cVeorKLaSV7pOy721sfQHxMuIz+yP8IBdIfJn0WW4VWkOzcYRJ8qkngtkYwOmec18f/BfVYp9c8XRwBI0i0BbwkMCpFtHvXJJwAMHOcAnnqRX078Xby0k/ZY+BVg88YCaTbwsWYxllliQEEcH5tyqQSAeeCM56P8AZA+GfwX0r7d4o8VeJNBGpXllB4c1HQb6Y5Y6pdFIjaozfPII3BJzgfMBtNfH08UsDleLlKjOaqYuuvc+y/bRV21dWXd2SSaelj62lhJYnM8HV5+WEMJSlJcz5pe5BWSWjkndLVJpff8AzC/GCSeT4x/EK4u4pIGudRmeKYqwQq4LK0bHAKtkAEDk5I64PiP/AAkevWF7IbbVLqExuskDK+3Dx/MpGeVGQMY9BwO36i/8FT7PQoP2wfFmi6HpNj4Z0XS9I0nSrddLtxFa3SLbxIt+0aAKXdMMz4O45YEbjn5r+Dv7Kvhz4t6tNZL8TI7S4tVjLQCykknuHnYIsUG0DdImRlRnI+6oDfL+tZTjo1smwdaUeSLoQcryV2rR3atolqtL6K+qPwziXDKnnWOpcyk1iJpOUkt3fXXS17Ld6Xeu3M/Cr4l63rDXd94qu1vZdOljkhku2bzJI1XaETJ27lUZ3AgluSe9fqp+zh4r+H3if4V3Gk6/NpdpLf8Aiae4TUbyMrchFhcrAsrHdtzgDBHzFCwKg147P/wTH13w9o08Vt47/dzyqYJJbGZJQqrvZ7k53JFtB3MflyMEjkDoPgh8N/CfhHwlPYeLNbtNTGjeI9SsZpn4gWSNHjSSIJ874YBgSGHGMnrXz+dyw+OwsYUqsqfLVg5zipa6rV6a99N2m0enwrCvh8e5yhGcZUJxUHZ3u4JW32WvS++607XUfDmg2ltqV5pasiW7XslrcB1YTRyTbFbeeibfunruySNu0nzT482N7ffDC/itT5htvDKyI2clSY9xCsPvHhvQYU9TW5rSDR9M1Ww0S5k1qG30u7vRKHbaIJrnfGhjySFVOFxlfqeKz/iPqJPwx+1GMHzPDkEs0TAqCqxgsjYPV/u9jgYIycDhyv2imnCTqqE4qLkneSTg+t9O6d1p3tf284jSgpcycZSpOTgn0tHmb0el29NkrvU/EeTWdVt7aNGu7wH7SyEkyHYVbBC4we/UHGdxbPSozdaxe3q2zXmo/ZiiuH3Ssu4kErnO0cnPA4GSRkCvY7/x5ZafeJeReC9DmimkW3jS5JkVpA5VpNgOFLNnONpY888V3sPxItvLgj/4V54fg8+5htWjVRlzKQAysVJUdOS3B5/vY+4VfEtJvDOUYqLTuknpH7Wl+7W6STTey/NqdKj7RvmtJPfl22Vtutr67KKtseG6boksmqiIy3AghhaeVgzsCVTPznsGY5YccHknv41r2karc69qbWtpczRshBaKN5YNrHHLDAGAMDOSOSeoz+gX/CwPDmhljqXw+sbq4N75DJHMEiKqQShA++P4SQCOM9zXRTfF3wTpqkxfB7TUjkdZJ1SRdjxL82xjjgHBB2gHBxxXm1MwxKrLlw1SVrKSjKDT1Svuk3bTq7PukjtjhqDkpvEximlJPlcnurrRpRbs+utr63Pyuj8P6jb+YzRjej7SMkHAbLEjsOp4688k4r9e/wBjKWZfgneWUygI/iV3U8YO0rwBxnGDkjHAOK8e8QfHX4V6nBdRw/B/TLISMnmeU8I3YIDFmK8ZHJPHIHGKk8F/tB6R4S0e+h0jwo1tokupeesMEwCxSMqsVQLwM8AsO+PmJ4MYyjiMfQlB4eVJvlkm5pp3trvfsrWsvS5zYqjTpx/c1o1L9tmrq+jd9vPdJ+R+jqy2yosIwSOijO5egIK5IJxjjPUBeFzjds7iCSJCGQLskyqkozEI20YbJUjoQeeu3BNfCek/tzeF9NtzLJ4JW9kZnDx3EyOM5AyuDu3d8ZOenA4qGf8Abb0q41A3MHhu20+OeNgtq6s3lhlILKQMNycYPU8njIrxJZDibRfs3Zro9tIqN3e1tUkr9H6vyqdNqV24taJRTSaSaavZ6WT2TbWm+h+gn7NPjSw8L+MrbVZ1kZIfEs4mEJ3zxw+cC8qp1bYueFGc9AcDH21+2z+2rB8UvhYPg/8ADzwnqF1pHh/X7HVvEHjHUZRFNJAm3MEUOAYxGwk3cnIxxyK/CzS/2q7bRprK+0/wrZtKk7zSTCR7dnaU5MhXIJDZwPXDDA73tb/bYnuhcWreENLhjviv2rbNJL9oU/wyKrMWz8wLHJ59Tx4GK4FpZhm+GzDE0PaVsKuWmnKPLeSja8Vu7vrezT2e3v4XPMTl2Dr4OE+WliOVVLW2tBPW+z2adrtX6K/2H4t8eeHrn4Oa5c6Ubm6zZXUUswU/uZFhCsXbAwu9T854IxgDOT+Ut74inuT9iV1hyokDGTG7JJJODjkYHQ5ACsTxn1HUP2oNJkgutEvdFePRb60aGbStNxbxNvyxLFxl8lhlhlj3zzXm8HxA+Ftw7x/8ITqS7FGxvPUOEPGwEjb0/HnJOOn6bwlk1fLIV6dWUYe1qNqKs7R5Vppqr273tq+p87m9VYl0JU6bfLBRailq+VX0u37zd077793B4T1GaPxRolsL5UhGtWjF43yVZZFbefmxuU9Bt4z1IyR+qunwfFvxZYatq+i+Ituk2j2lpPey3C7ILdVVELRAFmPTKjBXnsK/LrRfG/wvt9Rspo/DGpwzQ3SXKMbuDYHiYMu7Kg9cZGeCpH3cCv0k8Lf8FDfDXgjwJN4QsPh9osCXQiF7fIbSV7raBskm81WAcbS+V4zx0YCvnvEDhrMs2lg6mWYXD4p0VJydWaUYJuN7cyd3bT8z6DhjNsJl2HrrGVK2HhNwfJS6tLRN3tom9U3e676fGX7Y2u+KtG8aaBpJ8QTX00WhRPNPZsyLIzECRtykbgMHcTkg/eJwK+UY/FerwCGaLUbwTQgOqPO7gseC2w5ye+RnnHcYP158ZPjN8I/i1rlv4k8RabqEV7BbfZLePTHtY4o4jyYmVF+cAlm3ZJGeO2fE5bT4ErNbzL/wlf72RZH2SwsQmMsnJwAGJHckDnJzj0+HcmrYPKaWHzDC01WhTSqwUVKmnpezV7rbRJr8Dnx2PhVx9TEYOpWlTU1KMmpJqKcOV3Tf4tW76u/3T+yj+0z+0lAfBPg7wR421iwhn1F7OJrmZ2jtIJhidbaJmKtbyIxEigYGT6ZPcaj+1R8UrHx7deB9euNNutE0vxxcXWsx3WmoiXN8szLJcNMqCRllwSQG6MCRjJb5U8BfEn4d+F2tL3w9N4gsjpMzSWF08sfmW7Ou1nITDYxkk5POCDzXWp8Svhjqd7d61ql3dT381w888k8Qc3Nw7NmeUhSc9TkY5IzyQa+axHBeUSr42thcmwlKriKUpVKlKjCm51NHzTcbXei1fveVj7/LuOs0o4Klhq2NxNWNOcWvaycrQXKpRtK900krdLdD9AvEfhf4mfELRPGHinwxAjTz6M2q6fpej3n2ZbbToFLySgOxcb1TO1eOc4zzXgthr3jK8ufDWha34t8RaRqNzaQfZ7mfWJkh08xlQ8RVJEDRoQQRwPl5xg1x+k/toP4KkEOg65t08ac2l3UMVv8AvZLKZNkkOGUg/uzsORgZJOcCuYj/AGnfh4upRavNY3Vw9uGEJu4EliRZTukBRlJPYhQeOCMYAr4HC8B5pBYmljcLSq0JVpSpcqpytT0TUuaLs+7evZ6nu4/jbAV1CrhqlajP2SVW0VFOVo87Vm73tu2nd3Vrn3nD431iy8F+MNH0fxpqWt6jp+i3FtfyPqskltcI+RI0cbuSykZR8k7WyQcHFR+D9Y8cw+BPDK2V/q1pZ3ECfuYtUjjgtwWBeYIDtDMSTkg5BPBwMfCt1+1j4Ht7TVrDRoI7SPWbd4bmeKzKyRtKx3bWP8OSysGByOBgU3RP23/CHh7Sz4evtJi1NEiW3iuJVuI1CouAyKhVVZieT9eepr53HeFWZYqFaFDB04wniFNQl7OMVaMVo93dP/ga3OnDcc5fRjCpOvUc/Z8l0m7u8dW0m3dLd6XbemiP0P1NPidpGraPfX2ta5Boep7n/tN78ASRIQ5ZSDgAnkALkjnvmvoP4E6j8V/FXiD4iW/w/wDijb+DdUsdGt5dPfU7+yRdbu/KLQtI9yAoit9pZlUbsgjIIOfyYtf+ChHhybSItG1fQhe2lqph08Hz2e3hJyFAf5c5AIzyFxuBHFcpqn7cfhe5kaXStF1C3uY7ea2Z4LqOzd0bG0SCMo7BFB4J5UnqCAPGp+DedqjUpwwmHoSm4RUpqnNWU4SatrzWSav2afU3h4gZTzRnWqV6kbawSlF6qPVrVp7NLbXR2R7L/wAFM/iD+0V4vtvhTD8dPiUnxDg0W51LSdDkhsltobK4t5ds8iSwqsdxCzKPKlVirovfgH8ePGfjK7fSRZLEuYZ3aSU70UsjDCksQCSoO0dBgEcV9MeL/wBpnwv8SL3TNM8cafqmoWGjSN/Ztq1+0qWzOB5kgfex5PLEkhunHUcfrurfAidYGi8LardxXjJ5pFwgi3nO9V9OcjOckckjk1/R3AHDuPyXh/DZdXrUFVo8yqexhyU05zTTjFKKT1Tdla60SR+O8U5pg8zzevjMPTqU6FVLlU1zNR5Yxs38Wrfb0039X/YkurubxPb61ai2m1Oyu7W8tbVidk1zGpaKFmHCoWG1ycdTkk1/Q7p37YX7Slr4Vtr7w78MvgpHZWEC2Wrf2lDZXNwJ7YhYpbiTHmPLIoVpBkqWAAGTiv50vhP8WPh98ONWfVtAtZdDksW321pcmOdCpQhmuFUEnZzhR65XPSvXx+2Ppdwb/TfNiezv53mlhh+0xpcSE5DMEI6Hg8Y44BAyPzbxY8NMfxnmODnSo4KpTwyUXLE87bacZPlUakG07NPm11StufZcE8XYTh7A4pVVVlKtJyjGD5UnZWkm7tNPuk0tbH7P69+0B+1J4w03WPG3jXQv2cdB8A21pPZ6pa28VhFcahZiB98CIjLcRTSNwkqkfMoxkEV+NPiXxVZz67oOtW2uaXpsl5r98bbT9OnnWLSLdpmIkt2WQMqbBwwYHacZwcDBj/aD8H6jb3mlarbaldWd+wWWx8+cWrqfuoYWcqAnYjOflIOOmXqXjP4Vm0a+tvDTQy2SARGRN628SgEltpIYMO/3ju69cfPcM+FmK4fjXp/VsO41G5ezpU7QXupNPmcurve681a6PYxfHWHx6pyUq0Uk/eqTcpW5k+W6jHZW0a1er2sezW1x8QtR1CWPTfHP2nRftEaR3M2vXUc6LPJtaQRPchtsfzExhc/KMYyTX39B+y14lk+GniLxBrPi/VdWFnc+FZdCey8SLJZ6r/atwgmMtkZmuEVM+WTggZJ4zX5C2fx1+GMphgOliNrZ1VI7bzYxKynIJO4HHfoRkfLx09fsf2yPCdrdKgt/EiLBax2v2aLXJUtVMIHlOtqZWjZrd13IWUkZ4weK8fPvDjiTEyjPLKFKjFy1lClTu1zRfLzJp2a3srq+6aVurDcX5O4r206kk1FNtyezi3qk1pvtrZ673/Wf/gqJ8O/DHwf+DXwW0q/8DeFPCmta5a2Nxca9pBjk1C9ij0+2njhublD5twdzeY0jsQGkOelfzn/ErVJddexnj1MTxrcSRgyuwjjjQbFCKWBB2qo3FcnoCMGvpf8AaI/a40z452/hvTdc8VeMdYtfDsLROmtXSXiwJsCC3ssZEUSp8oIIOEAJPf5/8It8JPGepjTYU8TXKQIzJb2QRpTNISFJUhvunq+Pl4OemP3zw1yrMOHeF6eCzKV8SpVJ1LylJr3k4pNyd9NtdPy/HuKcVh8yzz2uGlJwjyqE+W3Ns3zcqV7PS9tddL6Gh8BpJLK/1m7juIpHgCumVaRyQQfkUbgcYwpAyMgcDivPvi/qdteeMtRubiFw/lKxBJDln53BONuBnAwMAV9MeGNK+EfgcybLnxdZX99OYJ45YoyYfnJKp8mdzAnIIPGSAOyeNPDXwX1Ca51rVbXxNdyzBUS7ih2OEjQZ81doBbAzlRglhkcV9Dg6OKWY1cbHD1JU3SsrJtNe679LX6NXVtfX2sbjsJV4aw+WKryzpVXUmpX5VdpXf8urt0t5aHgPwF8WvpnxG8IRRY+y3+q2Nlcozku0LTjdsKtnOG24BzkYB5IP9e3/AAS/1zwjJafHbTtPu7WLPi/TwYLmUQuJxapsVRJIrFWkzyoYDI56kfy6x+HfgTpMOj6xpWl+MYvLeOePVN0cE9s8R8w7M4GWPGRg89eMj6E8FfFPwdpMEeq+Bdf+Ifh7UpS1/qU0GsCCLUbi2ciB7pEdTLt2rkkFmIxjB5/PfEPhLH8T+2hRp1KdWth4U+adNtJRnGSS100663Wx9NwPmmByrCQliMVRdKNTn0bV+aEYuEd0u6fy2R/Y/wDFP4j+E/Anwi+OM+u3MOmW8fg3VGurq0ljaJZXsJIoRLKpwm+TCjkM2cqeuP5mfjF+2v4J+KX/AAT7h+AkViLPxh4e8VS6lZ3qXQk/tLSpL5pPPkGcZKkEKcYDEHpg/N/xX/ab1Lxt4XPhW5+JHjy7sfFFn5Hiqxnf/RbgQg+XGqfeMauAzFiQcNwoOT8P6m3gzw9pGpR6PfXupCK1UeTcwvuVXZWkYMFONjZKk4J+8CBXzvhv4U1OH5wxOYvnr0MZQxNKcY8rSpvmjG0nqpcyb0T13eyfGvGmHx7eGy+qqlGtRcJ6NOSmotrdLS69He+j18S1m58m6u3Z18hg8ceCeWIAIHYns2OBjnsK8i8SSj7B5S5Qeeu04zwwJJPfB6ZB4zg8jFe1vr/w9uLRFmbVftCK0rAKCNytyBuzlRwBhsY6kDFZd7f/AApu7dWuBq6SF1ACRg4CYBHQAE5/h64BOQRX9F4qSrQ5U2mofa1SfVXbte+1nom3vc/EU3RxEebm5eZNXWm60u9mnbZq67s+V7y2kikLEiRWSTDFvmB6jgNnrgkYHQ8YwRzgHmBjIDnJIXPPBIHHJ7YHA545PX6tcfB2SaFwdX/fb1ZTHkKSCOMjJJ6kDlRg+lc3IPg6jeY8GqFmkeMqyEZAJw3ygLk4GDnHc8ZFeR9WnZqU48rd9Yv+7re99LKz6223v7VXEKVNcqcrauzvdtRerknq7tabPZ9D54TaSjOVD7T5e3kgZ4yMEZAIwDxxnjJq6oPR02A4LOTlc8YXKgYPbOepzivfPM+ChZWkh1bcMhozHhCoKnaAAcEZxyeRjLZrbVvgifOBstWCmFTFtBKfMAwyjBiAc5JyAPl25PBf1HWPNUVnb4VLXZvXW2yXu2d9rhDFxhSU5baJxaXRK99W1a7Sa10W/T5v1kxtbB5CZURkAmUBVAAI25GQRnkYI6Z5ANcSxjkOyQxkgEhQcMQvAxkjg/7J6jAAyMfaVxafBa80qCNbLUx+8/fFFIUbecAYwXGG7e2O45CTSf2f2u2DnWFG35SqZZSpBOQBjrkY56AkdAJ+pSVSS542SWrersl7rd97baK3zNYYlSUJJOXM0rKL2aT1s7tKyte+1r9D5ejlDsiMqxqoJQnOSSV4zkYHA6+xY85p1+IWmdZmRQY1IZF6njAPHuARjBr6Yk0r4CeYuH1gIsYIZkJDKG+YFgMj3HXJxkDpdutE+ARni3y6zHDJGj+YI+pAxjnPynDHOOo55IzCws9JycFsna7933dHZq+iTbUkkdftkrJRkrqzdtPs9Lp6W3T9dEmfJAhZZBjDRgYwCOhIycbcDkjBJbPvnJ/R7/gm9+0/r/7MPxuHjPw3fzWV9d6HqukzyW8vledbXdu0RjkyPmBB4BJJ57DDeQDQ/wBnoTSKb3WiCyrEwiywyMbTx8wBOeuRnHqR1vhjS/gdod6upWN9rguUEkcJeFdpLDGSCvCjdjHBODnjGebG5HRzHCVsNiPZ1cPWi4zpzdk07O3qtLNdVu09OWriJU3zUlJVYtKM0rtPR6u6avre61a+7R+M/i+bxn488W+Lrty9x4h1e+1aWXIPmS3txK5Py7QDls8c8kYHSvmK8kLXEIO8KGc7s/3S56EnGcjHuMtzuz9Hapd/By6Exn1rWxdPIdyCJggYMSCnGACTyMcf7I64x074JSeW39u62Hyd/wC4XAVuMjjBPbjn5e1ezhaMaOEo4am4qFGEIJJ+7FJRjHTbRddVvdnjLD1PbyrTb/ePmu1q25Qk0tveVpaW69k7eP8AhXxz4g8MXt3e6Hql7pl5JFNam5tZ3ifyHQo8ZKFSVK8EFmU5zyAQPL765uL65nmuleeae4mmknfLSyuxYtIWPVmOTnk557Cvqyx0L4OCSRv7U1iRA5CM8AQkPuBJBXaCM8DAyTg9MFE0H4JsJIZdV1seW0hUrGMhcHJJAAxjrn5sZyOQK51gaXtlrG9k27LpJavfR79u1jvwtaUZtcs7uzemllyp3evlZ2WzTR8euocMcnCjuFVgy4HIxnPX0zyDgZr274RfEu9+Het6RqllbQ3QtLs3AhusFGO1QSo6FgcsCQSBgrxnPqaeC/g0ywGG+1hlkffIWjBTYWwNxwckHpxzwVGM1VuPDHwhtruPF7qaJDGxhDRYHmgZG31U43Y5PHXHBzxmVRxVKdF1KbjONpJy5bqW93fSyuu1930ffDHctSL5XdNPSLdnu9LpJLum18rX9L0z9p3xUfGU/iKOwtB50FyhsFWIWUcrliJGXaMsVzk5J+906Vc1T9qvVNSvRPceH9BLRIiukNpHHIzo/wA4LhcszDksG5JzngVxFtYfCm1tsyT6jIzsreYsbgqWXqrKuNrZztz374FWDZ/BWExsZNTaZgCymPKsGJ55B5GSevXPANfPw4LwclzSVJaLRSa7K9lZ6Prez8zapnMknHmmpbu0E9Pdv7ttb97Wb7tmf47/AGh/E3iHU9J1GytdP0i1slEg0+OKN45XiyF3h1LMWCgFSW6HqAK+zPgh/wAFBrvw3ZKvjT4VeCvFimNLeNZ9Ks1kRFiKh33RMCSBktzzgAnGR8c3Fl8C5IzMZtXJiyCFiO5N3OQpBwN3HpjkDmtfSb34JRJiK61ZfuxptRSxygBD8YJwxA7j1BOa2xnBeDxuEeDnKDppNq1WUJJOzfLKLUlfyfbTopw2dTo1lWhdzfLrOnGcXqlrF6a6tea6H6dzf8FH/gTqthc2uofsveDphJayQzPDZWybZmGGk+SIFm5yNpxznjKk/k38ePGvg/x945n8R+CvCtv4O0q8iAt9JhYFYZUB81iq7cB25UBRwcdDmusfVvg3ZwXVvBca1LJIxcDy1ym18AJ8uc56qcnPXg5rl7mf4MPeQM13rfmuCzb412hnOT8pAGM44UZyPYiuDIuAsLkWL9rhK1VSno1UxderBJuLfLGrOUU1bdWdvm3rj+IauYxVKtTi+WzXJQhBXXL7q5UuvzVtE3qcF8M/COj+KpdfOv6n9iTT4jNCqkDz5c4C5b0BJABAOMHOeeP1rSF0zUpEtnL2cM7LBKVPMKSLtJPQlgCMc5A54BNewWGo/CbSp5kttT1NDLcGR0ljAWVVxgE4xg8dcYLYCjFaB8T/AAluZZUu5NQmhLDEQiQgMMEMrbTxxyehHQ9K+hq5fjo4ttVlUoy5Ulze7G3Knrvdu7v6X00ONYulKkoezlGST1s7yvvbeye6d7q9rvp6Bf3ER8O2kinJbw9EqgjnKwhS2Rnpn6cBjnJx8i3d0HllKyhDGzkqGHzOWbHJ/u45znJzk5Ir6B1v4geB2uItOtbu+j02WyS3VWhXzANoAVDgY9CV68HJGTXnhtvhIod5NQ1xJnbcUKDaTnkLlOCcg9h0BPTP0TpSrxpQhJXhGKbbajeNuvd7p+SvrofM4HDyo1sTOpCSU6jcbK97WXkrta/jo7o+jP2Cr1Iv2nvg/c6iLeWztvFMEklveRRXMU8BVxJ50UiskkYyOGUjGR2wLP8AwUi1KxtP2qPitLo6WVtZTXdvPaW1nEttbxFgxIijjVUQYUggKBwCBjbjz34Y+Ovh98KfGOg+MNHv9Y/tXSbgXGnPNGjRxuq4Ysuw7sZxx7EZ61ofE/x58N/i94t1Pxf4ovdSl1fWplF5LHEFRljPyGMKnDckgAg5xgjivznMeE8yrcZ0M5hUisFTyqWDqUlNvmrSrwnGfIrLSCava730PuMDm+EpZDXy+cKqrSxkK8JuF1yKCi4p7pX1XdJvXp8OXusSyhJ5nJk2kja+FOSMEgnI6HJ4Ixgj1taTqFxc2s0Kvtad2AWVicAAlwMnjn5T3OMe9fQGveH/AIF2QzNe6+m7IQLEgJKgZBGB82OCcD0OegqaXZfAAXCxJfeJnfaGVfLX5XYHcF4B+YdckseCBg8/WLLI8t5KLcZJcqVrSunazu7JL5NnixxsfaySUmlb3nFpP4eu/TrfVvZO7+fbvVLq3itlEy+a7GLIGQFVjjI6buOPQ9Rkg1Ba69fJceT5jFZG2sS2Vdc85A64HbBBHPyjIr6OuvD/AMDkEcjTeIlhy+0bUBVsnvjOW68YGF5Ck0sfh74LRXNvcwS6+8LkPhxGA7g8bvlwPXPQAn601gqTd+W1mrxad27JaL8rXS6dGZf2hes4pc3Lb7N5LmUfed72Tbaunp96PMZPCmua3pkF1HA7wSKxh8sDcqn5iSPbkjIyeikkHGQPh1fLAc31vFKgDPGwAkyGOFIxwxPIOFG4EjkV9VjxZ8LdK0KGOwt9aleK4aAQl403k9BuIwE+gAXgY6VwkXij4dSzztJpGquzy5EYuIiy8kk46gDsB8oBJNdH1WnCnaOjaXeG1rO638rpXtLW2/BVxmK9unCD9nro43ta29rPVNrVXXTs/lvW9E1WxHkurzuJdrEKSozyBkHpgg5yQc9cmvRfgZYTReOILiYx5FrI7oAd0fykZK9c5GRt4z0AwBXslrP4C1a9lthoN+zNkIZ5V3BeT865GFHGDhefXOB0ujeFNA0Z7rX9O0a4sIoYmR5/MGR1LYyecgEgDvjplTWdLCunKE0/hkn00s03q9+q793c48VmrlRqYaVN3qRlGN4t+9eK6fK997JMteKdUvY73yFvgpknV15wUjwCBgnGcAq3HI6Eldp+7f2SPAnwk8V+BNS1P4m+F9F1u9bXJYrS/wBSkZpRAkQJgjRWQFC3Q4yQehJNfmv4v8TeF7gxXNvFfGUEkySMOWX5SGHJCv8AeC46+uNwx7X4t+IPDNpa2ej3s0VhKXuthmdArcADajgZA4ClSSRk9sRmar4mhKnQkoTvG0lJ6K631urpO+m2iOvhWWHyvGU8ViqCqrltyyV+a/JZ+9q7XS210W2h+93/AApL9l68sJ2sPhxor5WQskRkjZl54LM5BUnrkA5bccEgjYutO+BV/p+j6V4n0RNZsNEtzaaVY6rLcX1ppsCABYrKN5GEEYGAFQLwCo6En8Crb9o/x3BFOj65er5qkKI7icMoJPIKvtwA2e4GM8Hca6+3+Lnjabw/aapb6/dtLIZnczSsThcnJBYk8jAzkZyT6n4+rkuPq1KbnVjKUFdK8m03yu62cV3tqz9NqcTZRaE1ltJybSScVps0uXTotdVdWXU/YTxD4F/ZhubO/j07wJoqXu1ngZYJU2uB8pBDhRhsEA4zgj2r8lP2pNEstJ1vR3sUjhtJbKbybKPP7kCRgu08ndjrnpjnnJrgLb48/ESfUIrSfX7hDO0MaldrDEsiKcNjgYIyMkY5xmvUv2jDcNbeA7y88tpbrRUd5pBlncFWdnAOV3AlQckZ6HrjswNGrhcTThWquSlzW5pSko/DvzNv3dNns+mpGMx2EzLB1p4fDRoOnyqXLFJXlJWu4vR3/RrVs+LvJkaFgFmJeN9seTjOecAkbgMjHPsSAc1lW+lXcQFxHbOQWAJDZw24g59DxngDHIJ5xXoLTQCdpUtmVDFhZApWNmYgcE8e2euQD2q1BfRiA2skUazwfNlFYggnhn7HgHO3OPvA5INfSuMJuFuVtXWjd9bNtO+uy3smr6W0XyDjJXsrX1TaburK+rV+/wAktbq55uFePUSSjbgVBV1JOS3Rsg5AOMdhznvXrnhqCT+2dK8wtta9sjsUk7yZ4h90A/KN2CSMLnkDiuafThPfRsYd4uJIn3KcsM/KQq8liSMKMhu2OAK9f0bwxqem6tow1PTrvTopryxmtpbqF42lia4j2yRlwA6N646Y4zhaLxgpRTUb7au6WmrdknvvFtLv1I5r1YNpJqUdbaK0ldvS6vu+V2SvbTQ/dnS/gD8EPFvh7RNQ8Q6DpFxq93o2ni5mkuVSZibdeXBfAIPI7kAcd6iuf2R/2c0RIpvDOmH5gVdb8A5Y8DKyZ2hScnkZB44r84PiAnjnTfEuqtoupa5JpdtptjIZIbm4WC2LQBiMK+xQp5wQNowQK8Lufif44tgUn8Qa2+DyRfzEbm4Az5nVe2OR0wOp+bjh8Tz88MbOKW1pNqN3qrc1nvbotLM+xni8FCMFVy+m3yRjzShG8vhtstb2u23pp8/2SuP2Q/2bGChdCtS4K4CajgjAwc/vMgD72NpPA44zWhH+x7+zXcFQ2ixu3l8k6ggUDGCpzKVPoDg4xnqefxz0Pxp8RL5X1CDWdeniiYxzML6fZGxxsGRIBuII4yQc4GOCLs3jP4k2005bXtfVFQuw/tCYBBtGBy+4+mWboexFbrCY6UVL+0KmrSScpWezVry3bdnbbW92rnNLGZald5TSd7L4IWstE0+Vu+trO9rNPy/YG5/Y3/Z6uUSL+zGCRAIsa6koUIMBQAZgcdVwMZBOPbCf9ib4A2zGSPQpWLodim/TByTnI84t0Oec5PJ4Br4Fk0n4p23w60nxpN4i1qC01JJB5qapKWCkMYXUCTOWC5GQSCuABkZ8R0r4h/EuTUFtj4z1uZpY5CIzqE2+MIx+8rSA7gB069yvIqMPRx9VyjTx1S8ZuDV5aONlJJ3vZPsrarew8RisqwkIVK2UU4qcFUi4wim4NxSbsk/TSzvfZ2P18P7J3wRto4zNo06qqbPMS/3YVv4cCUKeOv3dpOTjIqm/7J/wCg81otIYhoJfLja8JjkZl+dWJlABbnrznBznr+UuofEDx+IJjN4r13y1coQuoTEblJX58SAAZ7YBxkcgg1x2p/FHxrbrCF8Yaw7bADGuoTkkMG4YB+DjAHUjGdtbRyzNFKTWNktNZPmTdraJ7yvre60/wnJDP8jrNXy5NqzV7WS93pZWdnsvx1P2H8Ofso/AOXSokfwlaqi3UzCJtQIeRsn5wTKOCNxGSRnkA1Yb9lz9n6G5IbwfZiVgfLxdnI5OdxEgAGcklskDrnPH4yWvxT8ctpcdyni3XUnS5aBF/tKdVIbOGOJMZU9x3P0rt9G8aeM77So72XxbrccxkaMs1/cOoCg8swfgnHB4zk9qay3NLprHT0967k7KySaaTTu10V7WV3e5VTPsjptXy2luoJuMd+VWs2rXs9rpapWu2frEn7LvwJgczjwvaQpJlm8u83M2M4BAkznJJ+Ueg2nqar/svfAC+uyI9CtxL5e0v9qVXUYyVOXzyCBzwcAqMkivxpm+LHxBimn8rxfrTrBNKpb7fMVVQSFHMmOeOcdM9cmuhufHHj6Pw9c60ni3Wo5FtonjYX8gL7mKu5AcjjPAHLAfWmstzOoub67LRpyUnK71jbZ9dbbv0e487ySo4r+z4t3S1hF6u2uy0abtbz+X62RfsjfAGC4SMaBb7GcyuzXowWwcqfnOcHvkZJx0q037KP7PckzRz+HNOiRy2N15wwBYllHmHBwMckY6jBBr8bvB3xh8aza3bQan4s12W1uVkVojezMCwjwpz5h5zjOOeCQSBg+j6r411+4W1+z+KtaVmkcsWvrgBUD8YPmEEAdMnOAQOnNU8tzCpy/7a3HR2cn0a0s76PTTT0aMMTn2R4XlUsBTd+V8qjDmSvFJNWbWvbWy2Vrn62+BfhB4C8DfE34bD4eaZplhG/ilLa7eSUXUP7xFjaRod7F1CkExtwcYC5OT+gv7Qv7OfjPRvhN4ivr/AMWXeoxS+LLTW7fTLS0Elw2m3AWNEsvLBeCCMFSsLEEYJ2jJr4x/4I9+HNA8Yat8Ubjx48et6jYLp7eF5tavCI7K58xS09qZ5AfOcEIWUjAAyMYr9iNT+KnwVg8V3vhvxJ8VfDmneI9MulsW8OXl8siM8ceY4wszvHI+Rt24K5PB9OWrmOIy2sqEYSrTpyUqkrWaXutx15m0ou9/i6b3PpsHgsFnOAhjKVsPRrxSpxfLGKcWk1fr1fKrPrq9vxU+AHg6+1X4k+IvDGkadfy3U9jLcrfatE8eltNDI0ireLcqUEq427Mg7umc5H338T9H8RaZ8M/CaeKL3w9Z61ceKNPt4ms18mW1t4I1RMRRkKIWjXksuckDG0mvp/WbzwnoUOrXOnXng6xa5WK8LxCyiu5/PO5HSWJUbY4ZcAHAUt909OGm8UaFqht/7cXwzq8USln+1S27LAFT920QkJO4DDKQQQRgtytc1fH1MZiFXVKVNq193fld0mknZ66O+7V3ZafR4HK44HCrDOopwleUZPSzk4JKybdrN6t3vforn4tfHC7h07xGl1qL/aUk1q+Ec0JZfOIhdFcKAOGONh5GCNvcH5P+yWC2sl8b7UHe8vZUbTyXYqWfK4U5UBhgbsYJwBg/NX9EeveEvg74mW3HiPwt4Mv7YSNPBLLcQLIzHuDGQ2SOM9+uQCK+UPjr8BPgRp/g/wATeJ9A0nTtI1iySK4sW0/UlkYjO4iG0ZzubIyu1STt45AFfQ4XNoyjTpSpTT92Kum7Saiotu6bTta17Ju7Vj5XOMgqznOvCtSlTinJJy1UWovyvdx00aT3ufnt8M/hN4s+IPiiy0X4feCde1S6uIIhqaWqSK0C3GB58xIPlwux5ZsDDZDZXB/VLTP2aPGHwC+BurXXxN8KX2h39zrFkNOkeSSeSGGWRJAHljYIiykcggNjPYcfHvwf+KesfDBdQ1j4afEbWvC2tXenwwanqV7p0UsQjiXcYFRo2cA4AGADzmvUta/as+MX7SV9oXgnxd8Zm8R6dFdwad/Yb2C2cN0topf7bLMqooMYQqu7LHPVdpFfP8VUs2zHDypqnTjgqU41btycm6XLKSStypJpW5dHfmbaPQ4SxOWZbiaNRzlPFVX7Nwko8lpOKfIklyNWWt/TRM9P+OWthb7wq1/c3NrC3hOzNrGkplSXfEow2Nx2ngFQw5xnBHHvXg3Vra5/ZB8cRJG+TBqSbZGZs7iQCCTwOTtwBweoxmvC/jf4Riuz4Sv4/ENvp9vaeFltVtJ4JCkstpFtxG7ZLNMwyjA7Tg/h6Z8NReR/sk+MIp5I55GtdVbaAFZkU/LkdAcY54OeckdPyarGnLBZcoPWOYUbqyerrRvd7pXfVX111vb9fhUqSr4xzXuywlXk2bXuqSffTmSu7PV3Vkfl7a+I/Aei/D3W7LxPbasmu3evQDQruxndY7URO5kLKgyeSDu68c54Fed+K28L3ukWgt9Y1m7u7wq88kszyyI0gG7hmITaBjAKn5ec9ak8Wp4kHhWF/DlvZ3upDUpyLa5RJRtZnxsQg4Jz6DnJPvxXiSw17QfBekapfxW02qzy2ltc6VasFkgkvJCJJkcZULGBliQAOg65r9JjhbzhWUrPnjaLktrJLe75dPlrqmmz8zniLKpSdG6UJWnyNvfVKbevTo33VtVufCe9Gi/GH4e6RphmmtbnxVYCaa6hDyMQ4G4yhchh1HPQjnPFfrl+1p8fdc+EHjX4cafpnhrw1r0Gp6Uskt3r1qty1sIY0G23JUsrNu4AOTzyetfkX8GdRvE+Ovg3S1sR9itfEOlPJeynzSXfDHbIMqXBOGKnaCOgzx+sf7XnjSw8C+L/AIfPdeEfD/ixLzTGcHXV3tZJEkeWhBydxJ3bVwTj+HBFeNnKjLPstU6XtlLD1r0nJKPuu2kr2VrXTvdfPX3Mn5oZDmVqsqCWIpJT5XJxjFrpZtrdp9Oq2PlLW/25vGsWsXVifhz4IikN0GtZJdIXEgVMs0j+XjaRjap+9wQSSa734qfGnxJ4m/ZDb4ny6Jo2k6vb+MbezGm2tgH08xrIV81LcKFHmY+UhcFR0AIrzO+/aU8Npql6s3wd+H90sV9ELYTW7fabvYoLFM4wFwFwBgjIAAyT3vxl+Jtl4o/ZEn8aab4T0jw8B4qtIYvDttCTpzSLKUMkgXEYc7eFIbBzgAkmt6lGMa2CUcF7FvFUkm6ilz3V0krvzbe9u73zoTlPC5gvr/1jlwtWpyeycVHl5XzuTVm05Wsr3vZ26a/wK+JHia9/ZD+Kfjciw03XNLurya0jhtU+zM8cCMpe2IK5y3zBlJOBjHIrmf2b/ip46+IXgj4833iPUtNvJ9B8FQ6hpv2eyhtohcbCxjlRIwsyjG1g2dyqME9W3fgR4t8/9kb4ja/feH9JWeylu5W0hYythc/uIyq3GzaOSeQRkdOmd1H9mDxfD4n8DfG26k8I6H4cuLbw1GHs9KQrBfqIzIkcwOQVcYDAY5J65wPZqRkvrfuJqE6fvJq6b5PdV9Gtb8zXnpc+foQjOWF5qkvfoSlZJq+jfNv7tvO1+Vq+rvk/sifFrxL468dX2i61c6M0dr4YmmM+n2MVrIsyyOiQs8SLkggggDOSQQp4r51+L3xr8e6X8atf8NWkmiz6ZB400a2RJLKI3RSSWJZJjKIyxIz9/JBPU817P+yr41bX/iT4g0ibwXpPhQweH5ZEvdNgkjeVEuJVEu4AEhgoLN056r28m+KfxJs9F+K+saO3w50PVMeK9Kt08Qyruu2lkli/eufvEKGyC3PGOwx6dCCVRy5LtUYrTZWVtEtNNN11uraHm4lqOEpyjWfM8VKEpuLbtsk0rvRt2etur6npP7Uvx3+IXw28d6Xo/hWTT2tdR8GafqEy3enpdO11IqeYqS+WxjTkhRuAC8d+cT4r/Hz4heFtI8A3kFro8s3iDwhDqN282mfamjuvlLIpCHaG5AQ4Az2AyE/aT+LSeFvH9jYN4W8Pa8134U06RJ7+NWuLfeiYiXfuIROmflGArHAU1Z+KvxWvfCuneA/s3hLw3rC614Riu0tb2FXFllELRwkrtVFJySCMkkZJIrSjSjy4FuhHWMr+8lduMderd7J3au1otGjGrNyq4vlryi6fLFJwuoXdN2V7X6p6btWse9/Ez4hav4d/Z++DHj620bS9X1zVbxXubG7t1+wxMVVnYWxGEY5IQAcnAA7V3GifE7Urj9nTV/iXJpGlWdzp16k58O+SsVrLIt6I/mgwpweHyV5UMcjOa83+KfxLvPC/wR+DfiS08P6FdnVLxQ2k30aPp1mZI97mFWUIpUlggC8DBGMZrp9E8VJrX7O+ueOrrTdIS3tNUhjn0ERhdMuE+2DerNjYQSMdOM4z0J8nGUF9TlL2Sc3jbXUrNrnS5Wr6WutbXav1PVwVSUMZCPPthYy1j8L5E1UvqvPl3+5nm3hr9vbxIZtctf8AhWXh+aCzhE0syII45iUO5IztGdh4xhsnJGR13fAf7aF1458X+HfD8vwx0/TBrl6bRtQUJm1QH5pAvlgnBHIHI3A8ZzXN+Gf2mPh5nxEqfBvwjbnS4w06wLAsU6pHhmHmqWcsVOSpHP3fStjwV+1F4C8S+KvD2kab8J9D02bVLoWttqUEdqps5iAcwiOMOXADFsegbIHXjrYGH1WUo5ZUhJU6j53X92N9eZ3bb726LXa562DxdV4qm3mlNqdWKVP2DTm+dJQvZ21urp6Lu3ruftT3HleJ/DytC14J7Gbym3tHHEd2CEfIJC5Axk8HnnGfjTxH4gsvDt1HbzaFc3UkkKmSaA+ZGrE5G8quQVJJfr1xt5NfXH7S11dw+JvDk0dumoo1ncM6SBlW1Xex+XcT65BA5GMAHIr5y0LVLK/1a9shp0aSx2vmG+vInaJjt+aPa/AYHAG37owBXPlj9lhaNRQUrRjeLmr/ABJ6Xl7yla3TTqtT0czp8+JklL2cpSp8lknpZaXb1e7V7W1Stqeb614olsnt2islliuYATvtGEkaNjEYZ8sTz9OD2Iz6R8HvEs8/xQ8A6fFBaQxy36SsghMUwPJyWCgKx5IbucZ55HEeMfEVtpWs6fpN3pdrc/bLaWUajGS6wKq5UBFznGfugDnPGcmu1+DFxFf+O/At6tpDbRPqwtRPja4CudskeQZFDDOMkAgBe1eji3fA1KjpxSnTk+VSv0UnGzvdNNfy/M8fCTTzCnCLk5Qq0oydnduMoOV27pp7aW66n2R+05+0X4p+F/xE0zwvYeHdC1q1uvDcN+LzV7AXd0uAFMUTlTsA6Yz3z7nxbXP21fGFtpOlR2/gLwTcm7NussUekoDGznhZXMe3g4BJzjGcADI9q/ai+K3hjwH40sNJ1LwFo3im7l8MpMur37K15bpsXbGik5YMQenrkADp4uv7RvhjT/CunXY+Cng+VC8O55FjckuwEaZxkFivz5JKnByMYHiZfSp/U8PP6jzScIt1VUjHm99LltzX1va3R9TozitWnja0PrjpRUrKm6PNyqPLu0tbp9166HrX7OHxf8R/FTWPjD/aOg6H4fk8OeErq5sTollDbLLcPaO+Z/LRFnAKgAkNwT1xivL/ANjP4lfEXxT8YNI0DxC2m/2Utp4iYXkFnBHcKI5pBHEzRxqxBHJyQcjgjrX0B+zJ8Q9O+JWufFuO2+HOheBZNO8Fz3rrpWQupr9lmfZKB1U4KjjaQR7583/Yr+KOm+M/jz4f8FnwDpHhyY2/iMf21YxuJbmKCaRCzbgdxOMsynhjg4wa1jU5Z5l+4gkqVNpOabj7q01s72Vm7NJX6nnShJ/2ZJ15z5qlVJuMo+1vUglo2mrbdk3zdUzofEfx6+JWk694w0O00rSL600zXLmytSdP3yzWjXMcSyeYqkSSIGyuBvX36h3x98dfFL4c+OdJ0rR7COSLWvC3h7UNSlvdGBCpqPlGSFJmiOxIg5AKsWwM8NxXv958TfCXgr4kJ4B1nwfFLHrvjm90pdebQpbq3hhWQSiee5SIgHeuM7h6cjJGj+3n8fNCubz4aeBtE+F1rqtz4i0zTxJ42tBKlzpsNhOsXkzpwyQom1sSYwrbegryP9bsE8wwWWxlTVavCooRi4N81OEW9tpp2avslrbr6M+H8YqOJxjjL2dCrSlUmk7x9vOLhFrrzaO+uiu13+df2u/Gmt+AZvg5qlhaW2rSavp8012txaPMIZUsoJlC7NpUB2KgAjnHXqKvwL+J2t+OfhN8Xtd1PQ9P0rU9B0q+v4bOO2eGG7SFGMYnViCwlIG4MMY+VuM49J/bD8b+FPhtrnwYs/EfhR/FH9p6CXtY1wBERYQs2yMcuWy2MKc44Ncf8HviH4b8SfCL4v8Aiiy8JHQdK8O2N7Fqumkbbm8s7YmaVHwFOXVivzbuuO9fTwqp5NCXKmvbRU1G121Vi201LorO97NpqzR5lWEVnU4SnZRpfB1i/ZxfM9XrHSV9mr3SPGvgR8bfE3jXwl408Q6n4Jgtf7A1TT7K2g0NRFHJFJIY3lK4wroo8zbtK7j0wa9Q/Zi+NGpfEL416d4YPhiz0qztb3VimqRSj+0pTArHybsDCEkgHA9QRnArnfgd8avhx4i8G6/rngjwPLoWh2/iWw03UrdYy8t5cSqqiSO1wXm2kFyADnI2gDp6d8A/iF8L/G3xr0zTPBGhXGha7pF/qa6i6aW1pDdMikSyeZsBMx5Z8EgZ2gDArlz+tCWT5i4x5ZQoOLd1JzbhHZJ+6r22jotHuzpyKk45ngoyrU6inXTk1GSVS04r3WtOmqtpbvtt/Hn4ifsUeHfi74l0b4xeDbzUvHQihN9qR068uYZ49imOIPEAF3khC3GW4GVFfZPw68bfD7VPhbb6xo9nJonwk1PwdcxNZ3gnt4YNAsmdbjfGxDrBtVtxPO1euMV+K37fNstz+054pj+0JAz2NiTwD5gi2uoIPKnOB1BG09cDb+0Hwl8NQP8AsZafFdRWt1bj4L+I96TxqykSwXG5ip6ggkg4xnnua/COJcDCOVZTiFLEudatSUm588KXtFFXhGWkbLot1Zu1j9n4XxtermeaYacKMcPhqUnT5YcsptNWVSSd5JJpve19+3zBd+JP+CetzFk6v4QnMsiLZxveSkrOH/dNEWkBVg+3YF7gcen0R4S0u0XxXbnQtR1C/wDDs/gyR7VbhhIgtzE32YQMc/ukix5YJPygegr+fbxtofgKLWPANjZ21nDdf2ho4u7WK1QRzOdQiAk3KpOGHB56HJPJNf0jeF4oIrrRY9NRLdLb4e2abAFQEi0SMYGB8uMY6HAHHepr4R5bjMoqxxdfE8837te14q9N2ilfSTl1aS+SOrDY6eLweb0ZYShQjThq6PvOpJ/zaJXSS0u/wTP5tP2j/A2h+KfiNr8HiOW4t7W01bUDaSfaI4gxN0/Cq+NwzySpOOoABrwmT4S+Eraa2uYtUm8mHaYt1zASCh+X5N2WIPzAjHKgr0Gdv9v+YDxbfTyX9zaJa6/qYuJbaaWNthuJQqERMMEnnJIYAcc5NfA+lf2Xq0VrC3jfVhd3NzGIITdXBEaE7QpBkzg8AdQSe1f0NleFxNbL6VVYmUU4Kdr2d+WLS3Stq0rdGtLI/nDNsxwlLNMRSeFjKaqtOTaTb5tNt3eV1qvlqfp74qtrk+ArNLhp72xTUdOiiknYFSoliCFSeNqAb2OCQPcsw7DxXoPw81SKzXXfEekLqNrp1tEkEt/aGVVMQ2xgHLAAkqRjhgeODmr4l0eKD4G6HZtOZks4tKSSV3ImmJEIZyxJJLdQTk4wQOAa/Ov44fD+xPiZL/TtT1Cy8/T4ZLkvdXEiecWAUR4faigEfd47k+lwwU8VG0qrg4ycVdX5rcum69N1qmuxjWzWODmpRoxqxnG7T7LkeyXTRdLWb9PtJvDfg/TxbT6Je6NNdwXBYNbXUcsr/wAJ/doxbOAeUwAPQ5x7R4kNs3h7RY78mO3k8kzPtCrjYOckMo2njphvXpX5l/B7wLZ2/jbSLm812+uZbeaKRbZLmdoJUdDy4Z9pIJ9OnJwRX3F+0q7J8GtQW1llga3s4YkmikeOUOdpTa6EMuR8owdw68DOPNxeElRrUsPGo5TqOKU3a61iuZJttNX69vJN+zgMwhXwmJxLoQiqcXenzXUnHl3stL6ppbpb9TpYfDfhaST7ZDc7zIuIgbuJX3N6xlshByRwo9QcfLkalpljZq1ulvDOLmeNAG8qRt5IVWB+8T9eo6eh/Jj4X3Gta58T/BmlTa/rf2O41aC1ltm1G7dLgJ8zRkeaAd4G0Ek8ZzzxX3DoHjS+k+Oet+A3tZI9N025jmgkaSSSXfBHhAWdyADg5Pcg9Vw1KrgMRh66hDEuclH2l38Utk1btvu762v3ywuaYXEUHOWEjS5qqpxlvec0mlZR+WrXR9D3vxD8CH8YXlpe3SPbQW9t5X2lFSG3iZ0GI5ZJfkbAxgY5HTGMnz6f4G6BoCkRX6zzxSkOFeA4IPyjIOMdgBz19Ca9W+MXxWs7TwHY+AdY068l0jXNSi1DUdS028a21a3htRlILaZWUqHJUOuc/eHGcV+fXjWNLnWZrjwzf+JdP0aS0R7a3n1K6mk81Rh2YmXODnIzjJ6DIKj0cJHMK7Uvb8sdlG2sbOMbd3orqV1fVWsmeJmtTK6VVqWC9pPTmlz2b2T93Wyuk7/hc+mbzwbp+mXS6nG80jo0EZRsEK3mJtAAwDhiAfl4+U+pH6MaIDdeFLGKZj5r6NFsZl2rs8g5ySAMYBLHJHQ54r8efhANTP219S1G/uBNNbGH7ZdPKAUlAc4csMkY79wTjv8AslphRvCulFSi7NBfJU44+yMPqQMk8nuPQgc2aqcXRhVqynJysr2Tbny3236vbSz3PY4fqUZwq1MPRVOKs3G2ktm7Na7NWbtp0XX4U1u7+DkN9c293q/hiGeGeZbpZbiNc3BdvODoSDv8zndkAHOcDgc3JqPwNh4bV/BjoXBO97dvmJ+UZJPUAEdQRzkN1+VdX+Gem+OfHF1p02u2+jXN7r2qoNtu8xCLNIRLIq8MrEhcj7uc44O7zDxf8L08M6jf6OLv7bPp121vO3kbFdUbMbnKkjeuCobBGQB0IrVZZOcYS+sTinFSS5tr203dr/O9r6Xuc1TPo068ofVaDs+XVJtu8drpu3nv8tF+rfxJML/AXxLJpph+xf8ACOGSya0A+yta7SUeMDhlC424xnjjHT8qmeGLQbQYMss0ARxz8pHQHG09ccEEHkAEV+oesRyW/wCyyIWi+ceCo41VTuAVFIJbOcHACkdDxnnAr8s9Qtbibw7aPbh2mEqcKdoCZUZJ6EZxkkfLkjJJr18gilGvCUm3F7tavZaJ+Tv672TPK4zqOosFVaUeejB2/lTadlZpeqt36nWeFItvnyuVZTZ7lUFTtAOCjBhnjHPUngADrXWFoPMs5Y1AdyVZFUhVGMbdoIBAGS2PTk96868H6VqMLXj3KSlDajCyScjceSwU9CegHT72SOvqieHbgxJd+Wyp5LME3A4PlD5hyOo6c5JzwOa+jnGLpq7vZxVna6u0272+Fq6tp36HwkHLm5Yt62vo2001JtKy2tbv7zdurxNR05rrVZJbfZsiCmQLkAqy4yVLEZ6NyDz1AzTza6bHZqLeXcymUyKgG4seDkAc8YHHTpjAGPVvD+n6fFomozTxh7qbT5FcyIGCBRw28jLEkHGMEnHHAB8LWKQJLFCXdQ7/ADcgquSAckjg84A6bse9csZ83NaKvdN2fbkaslrbv6a7HVXVlGVt03d8265VZJa8rad7pXt83KlpDPlxtUIEzGEGThs/MNpBwOoGO3rXdW15ay2MMMkRaaOMrGpUbUBONqqOMEbu2OwAHXjLOGRI9zR78KQW3ZyQCVycnHTrntnnoNTTtLvr1GMO/ezK6kPgrGpJbIJ6ADA7knPHzNUVrTSi9Eld2bfN8OtnvLfbRu73tZ0HUb06q7unpqm7XVrtaW+5XLXirSLKSzDW1tbokVuJZ/LixJ5gYMpxwCeOcdiV28/Nx/hmGO6uZ3ZSoMYCZUbn2/KRkjJPGeDuByOPmr1W38J3OqeF9c18SXCz2d7DZRWxy8E+FywJXJPA5zzzjqa4ePTr62CyjEbCZmZAAAAd2MljyAQCR6dcAVnQlTq3hBy9xqM9E+XVJNuyeibfLq9L3erOrE0alCEKsmlGcVOLs02rq2u8b295Nc19bpFzV9J0u8jiguXZSJoSQgAZVOA7bcAKwXOOT90k8jFdP4u03wTeXWn22lWVrbR2ejx2s160SmS8uSmd8nYMmDkgnqe2a5C4tL+8iYblbPzOQdrhQQQCf4cE4PIGcdB1zb/TLi200yyPK0qBpNgZmLYUEAEkkHPbg9iK7qVGlBqeqnBKV9YxcXy3i9Wm7XtZaPtY4J4ubioRs+bVvfsl03a8100sN0nQ9BTWII47eIosLB7iGPIdhkggYIG8nBK4GODgEiug1C88CWzyW9xPpS3ETRK6yogkyMbQwOeeeeO/UHIHA+AdTum1Hy7mPbbx+azFvvEswXac9s9VHGAeOgPkXjmxVvFuqOJHaN5Cd2Cq5YlscfdxwOSec5rbmU2lF205WrpOPwpvVvTzsm/kZQhq4OTSe/Km0rpb39VqrP7tPpUeI/hwtyIJDpkjyxiNPLiQqG7sRz2XAJA7njrWyniDwDbyeSqaZNEuwlfKj3liclc4I57EcAKDzzn4203TIp70bFIzubOc4ZMc9SR03cYyc8A9Oqa0VLhShB4jYhHAYEg8YJyBjjA4BJwME1qo2vJNXT0vpdXXvPq9b7bfKxz1qUYy1nKSVnd73umne9mrvpez11tr9vaHrWhaxo2pR6QIxG8wLWsUaRBFQFS7FFAPLDBI+U9uTjwTx/pds+vQLcAgSWiPn78mGYgBmAOMdsE87tpAPHa/A/R5L+XXYY2CrJbKmXcgICoZuB0PBGeMHJOe+F8WbRdI8R2cAnSWMWCgsoycnI5yWJA5ABx1Oc9BzWtirySfOktLdbPbtfXd2v5m9ZTeXNRbXK7p3XeNtm7+l7a7oy9K0zTklgiitw7Ga1EbKrBk/eqeO+4+uFHB4J5P3ItlJd/Er4ZlYCqw2mnkOQCztDASc5HGAVJ6FeOcZr4W8LTyyX9hDHJmWS+twq7SWP7xeBklidoPGfY1+gWmzWV78Q/AiWEt1KsCXEU7OpDi5htkDRqMbcKcDoOuRgkVnmjUVR6WjN2TV01GNrtu3VLbvpbV9/BtOSni23dv2Sd79Gt7pW8+jSVmlqfnF+0lplzP8WvF9zFskjfVZ8PvC4/eAdCc5zjG4Z5Ax1FeCXNncxwnhMBwenU46E5O7I/ugcZzxmvYvj7fyWvxM8WQyb9o1y5UtIzNI+HbOc4AODx9WxjbXih1yExGPBOWILnJ9ec7jnacnHXGcdMV5MJO0Wt2k35OVr6WutVd62unfY7sbSj7as07P2jXSUbuSavo37ztvru9UrGNOpRsFCFO7dkHAPOB15wRwOo+XPArDwonGNxJOc44OCOhwQM5GCcjAz9dxrq2fcBMck8BwcEZY8FuA2TyBxxwMDn0Pwd4J8K+KGRLnxlYaRdOSCt6RCgb0y5CEDI59yMnqVOoqaUpXt/djKTW3bovQyw+HqYmSjCynZuKbjG8nyRum/ds99k09r7qv4XjWXRNQkJwyH7pyDtUDnkDseeOvBxzj6H8IahBb+GLOOWWMKVYMHJwMsMYXP3TjHQZOB6V0vhn9lHVNT0+R9C+IHhLUY7uHESDUIQTk5AwHA3AEfeGcD2r02z/AGPvinb6ctpbT6LfIiIweG+hbIwCcHf3HJwSAewwc8kszwCfv4iNNrdTvFpe7vdL7tFZPodEuHs1qRfJhpz5mrKEo1NLRVlba7v21el3o/irxhKW8UBrMBoms9sZBJyCQTt2nHQsCBuPzA+pFnTy0csDbcEqPmbcPvAgkbgRjsRg9s9Mn6n1T9jH4zTast9Do9q1sIFh/dX0JVWwSGAJLYz82B8xyAcANWd/wyr8XtKkiabw2brazD93cq6kkhgcLg468E4weRjFXTzfL7WWMo2VvtxulZPTW+ml9vVmj4ezaEYf8J+KutLqnKSVnHsney5dErXu9dT5v8RSo9pDtB3i6UOwPsOB7c5YjvxxnmjYWQin+YrJlQc9VQtk49Bk98EZOCc17z4i/Z8+KYjihHhS+eYXHmMluolZQDlg4C4BHHXA7A4wazYfgz8S7UzA+E9WAVFLMbaRgT1Kfc27gRt+UnJI3cZwRx2Ebb+s0XGyu1ONtbbO+vR2v1+ZNXLMxUIqWErxe8l7KSVlZvdWv2WztfyPHPEsMJ0aVIxiUuhYqSoAPTjBPvjkEdiSM8FFJ5SPIEJaFEjYjO04LYIIJxypyM8HhietfQHiP4c+NdP0i5kvvDGtRmZ1MLCxkkDZwCAdpPyjA74BxnOa8+ufCuvJZSxnw3qsQZI1MhsZl3kgKGB2EMxPQ474GM1tSxeH1ca1FuS91Kcbt3S/mfV7pJvu9GsI4LGKCUsPWi73d6c/etyu97NJ/Lt1WvGx6nANxjhwfl3sWXDkAbgAe2ep4OeQFwSdDUPE87aZJZtCFjIGWLNvCZK4wTz1GD6cHjBMH/CM6haxTNPpeoR4PBktJl2knOTxkEDIx0wTxgGkvdFumswEtroExkbntpVBZQDgsVO0qBhemCQBxgUOdOdnKVN3ejc1fdPRJ73S69NraF+xrrenNeTi0vetd/CndN23ttzeX0X+z9dpLoFxFIF8sXcrRZBzuKnGB15/PnuBx1GqW90LiZy5O6SRlyAoUA7R16A5BAI9Twea5z9n/T5IPDczyxAtLfuqeYGjZSuecMBgZOADgY6HoR6Xfabc/a2VhFIHdiuXIGQcYzk9B2wB6Dg57ac4+xpxTjq3az78ujfRa6PXS+9my1TmpW5ZPRXtGSesY2v3XS6Wml7O555qUdyLN3kZAgtpcng8lDgZXgk5AznAJGDzmvljT5Sk16RIhYXBw5PPyyEMAc9RkArg9eAOK+z/ABBp23TZkWFWKwzsxViRgRsM4HXoARznj3r4egDC4vENuQBezZ6gLhmxkDPGQCeSCewI5ic2klpZqy3s3yruvJb3T6amFSE217rupW1Uk9VG6ulLytr3u7rXpPtxIZTKMrkDaxOcd8YOQevbmtfTNQ2yneACoA+6csF5AYkKQMtyRwOfQ45q1SQswa3XLEbTnJPJwcjOVII7HAzx2rorGOZjIxi8tQMb9pJIG3IB9M/99Y96jnVl2W17WSdnrfXVr8X1HGMrptPS29+ijo9UtVt67/Ew8aXMF3DocsUCoUmkywGHfAGRjqAe5ySQAPvYrjrKOaeRXCMojcsxX7o+bjGQxJPJ6DnPy9j2PiEBV0YbVyJnzuXqOBleRwx7+q9MA5WGLEflxwqjM/DFMFsnJJPIyM42gk+meyg2ru636eXJs9NbKz0Xe9i6z9yzstF3tpy+6tt7JX8rJaiQX97blhCGDEZDHBPQcBTn9eB3J+7WVcSXQh1CScEF7aRmdwWO584AOOV7dSeMjtnsbG2ZTIJVRQ5XBZQDnPqeSevTuTkDFbGq6dbz6LqEhQYSylClU2gmNT14+mG5GMA5HAd1vp3Vu7a7+V9bWXTU4o6uySk7p3s9dY3T6a9uja25UeO+EdQeKOJBFGwEzHJAzgHJJwRzknnjjOeSK9O/tGb7qwpsZ1YkqSR0IA4B4PQdTjIwOK4jwHpqyhpXVmUOoUlcofnOeSOwwOT0B6HO32iC0tkUqVhYN90lCccZwBjAHJ54Po2MiteZO1t7N+l7WXS/m113S0MK103y6Ws3ez2srNdbtpe60ldNySTZmQ308bJtMYGQSNvC8DJwc7TjkHrjHTGK6eHW7CPQdat7qOCZ5IZgCOJG3qQgXdycN0BJAJ4GcVF9jsvL37UJcODn5QDjG1c8HopAye+TzXB63DHaw6i55BiQIEJJAJ5OByCwPYevPcuydrK2q87baWXkrddNNdbxQqz9pZxsm03ZN7ct35bPpvazejL3hRFazhIUgEyblAHyqCcHnv8A3QQckjHX5vW9GhQwyRgMvlw8E9T6D5ufYcHAz6DPm/gt0bT7UKwXKMzbskHcTxnBA2jjgkY47CvoDQNPtLm1hV1VnIwyocE7uM8nnnjHIwOh5UYOfItU0la1tFZON2td9HZ31301R5eLg3Vm0rp2Vn127rVWe7t6HJeWYhhuCQQxIJJzk/xHkEdMccnGOc+YeOX/AOJQ4AI/4mFsMkcYEiYzkYHUn1PPsK981bwvcwo9xFE8kaFnIUk4QIc9PmJXOPQn1wM+EeO1eLR5HYFf9Ps8K4xuXzVBHPbpuwOOvXgVzQlFu6dk9+isrXv0vre9nd32ZOAhJYmk2mk3vrZaxb2Sene2qXU+oPAyvN4RR43CfLCu0ABmCQYIAOMHscHBOeoNalnNLFFKrMNqIwJcjktnO3Bzz3PGcY/iqh4ACy+ElWKMlgYtzgE4zbjp97oR0yDwR94Al1y4tLWZZBluQCxJKs3tnsMAADpjoAK+RxE3HEzS/mVmk/7ullr3el1fz3/TKFKMsNCTa+G3Wy216bXXT53snnysZpDtIY5DsxOeANpzk5OAfbAB+b04nx0m21kkYEk28yjbg4HlMR93IwTkbicegAArroGCw7wCSS3yqCAeScEcn+HPod3oawPGm6TSJnZRgW8pIAxswhCsScEA9vftyMdeElatTcrJXW2mknHto3r1002TPJlTUG3o7NO19EnJX02v5a63u7t287+CGRfgo2zb5hxjLE+cAyklQSGJOAeOCd3Ffb091eeWjByzqEwij5cYDE44Gefl5J5O5eOfiz4LRQnVLnajBkijIGRgO53E8k/ezhiT6jGK+5bO2863+dhFKuDz12kfLtJ5zzgjH6Zr2arimnFytdWcdrr4t97289deg4SSn8Vle2j20SvbZtXWr83qZ0Us0mPlDTPJ8ykMCScgnqT1JzjBAxwOtWYCYrgxyRBSWHzg5I39ABgnHbkEj1O0sL400xK7+arSGQfIWweByAwO3nGSQOpxz0qOzxJqDElRklRgElcfTuNwGeMEZ46VF3y3Svda3Sb17pab2V7pLdu1zpc3ZK71a7Pd7Xfa2qTudNcfZ5NKu2lBXy7S6CoBsZswvk/j9PTIHIP4zeGIoT8Q9dSGMyb9Z1ArEeVMfnu3BBxkdRwMepPX9sYNOub3Sb66RA4t7W6CrhQrZgkyGHPPcDnBPSvxf8Pt5PxN8RDbsK6pqJUKOVHnMuAecAehDDs26vd4eknjqbs07ppNbq8bX0el3bqeNxHTVTK6vMlyyi7Oy2sk3o2rrW973fke8mzu5rGS6NsEjjfYFXJ3EnhyoyRjGT9QB05xfszs6YBLBfukdyc/KAMEDJ6ZPb+HFet2UcZsXRim3y0ZywODlW3cZHJyOc9euMZONb6fAgWXYm5twD5ACgk7SOeBnBBHI+Xjrj9VoV07qUW0kmrb8zsu90lbR+l7X1/AMwyuF4yhO127+ll8klfbo9+65HULaPTtMmUjdJIm5v4vvAcZGdoXGQeT1615rHEJZFYEgjCqq5GUHfJGADuwGJ5xztOa9a8Tr5emXMiqJMAAAZOGzypOSAM9eRz04AFeRxXUoZUaBSTlmKnJXhcKw7EZzxjv1orcknFq0W0rLXe6vdu6s+qtZ/O5x0o+zlGLlaC5UuW7vZptNq2srdG1azts0++jL27jJzslZVOcnauAenZc429zjPavmfw4jL4g1EKASbuc7XXOCHYAD6YPXnnr0B+l57mV4Z2ZEAWOUAE8KNhYk5HccDBPBAwMcfO/heZP7ev3bYWa7lOCM7h5jDcOSPvdzjGARXzWYW+uYaLa0cmktOke7va+yWm/Q++yabeU46UHZpR1enKrK9tbpdd9d2uh7VCD5caqNu0KCcd8YK9N2D6kjHJHCk1ehYlmUYLMx4QHJIyRn+pHBBP4WEuomt0CBNzELt2/dAAJz09OoGcYAyTkpBHiUBTG6mQtvzkLknAwRk4yc54B9sV3U5N6KKvZW01s+W1rpPqvTR7JHyWJlUc781nJtrV6NWatrrdtPX52SL8bLtUtg5Xk7TnjGeh3Z9sZ7ZzTZyRBLgFVPIJyc84X5enXAweVX8zMsa/K5ljZYgQxOACST/CTlgDjjBGSOxqO9VVtihdWBTJAbAQZBBU9yemcfyrR8klbVaLZrdqOjW2mq1VtUn1SijUqKV3J3bSts2246NPV7t36XW28oNHtilrcE4KvMrcgdTzkdOTkEgEdB7YbqVs5A27WQLkADdjcSpDdT0PG3GM4JOCFh0e7QWV0rFSguQv388AYHQ87sknjHc4ovLlZTmM5VMktyF25z17c4GTjOOvGSYeEUn5Ss77fYt11T3Wis9FHZO82r1VKMFfVQ0u7rSOuz66vrr5JEKRneiuACqjaecFejfjnaN3ToCpFLdwOsRLL8hViCPmYjPBGSeRglgOnNLBKGkVioVUI+VuQwIznOc4545Od3QYUB+oXC7fLQHlCHIPCgnngAglTnGQox75qsRKPs7W1tZW7e6tX1urS06rV9DkwM6k6sXLm1lFJXb0utdmnsndO9nrY8I8YMy+JNOIY4+zgnqOM+vGcHH44JGM4XxRxaWbKrAGIFgxXJHGfUjOcjaAegOMc0/GrlvE9kAzECOMDOAecA55IIAbkZyOgwOt3xhJ5cGm+WpyluDh8jKkKB2wcHseR6HANfHybvilfRVO+y5o79Omtr33vom/2TDU39WwLafu0Y21fl093pp5p3tZK/njBTuIUNxlwQQe/8WSM5xgfxdAp5qDbGJFPQErvXHHIGNuCMgD1GcD15M5uAnVf9YwO35huIwGxwcew6HnIwOSICWY7SxywG04G3r8xzjAHcHg8bcmuTld/da1adtG72Wid27bPS9+2tz0U5WW2lk9Ovut66bR7Ldv0FVFCOyhlGSHZQMLkfKAMEYxznC9PmwTTCyrtZkBcEKMZUnrkkZzkjrktg9eAK1r4GGzijUKSzY3qMNxyd2cgnqDlcrnHQVh+aPm353YCr3IAHTpwAO/r3OcCXKcWlpa29rX03tfq77W8+xUVrqtNlta2n5P+8r31aQk00sTB4pXjUsCSCTgjHy4yMnBAx3z2+YUz+2r6N0JlU/N1bgnA+XIySB2Az1+lUpnVmRSSVLE9QST24IGDjuOwzjjFUZJAZSo4QYByGJB4GMc4HHX0A4AWuaVWWrUpLp8Vkm1dNXer012tp3d9o0qcmpShTezaS6WV+l7v18l1Otg8W6nFINrIRuGw5+Q5wQCBkEEkAYGMk9aw/GVzNdxRXUuwTzKjSEZHPYjcegHPHf2HNBGMkgOfkDJgY+9g9QMAgfh0475q34sAFomCD8yY3DHAAPGenJ7DgjIySDSq1ZvDvnvZWktd10e11fZO72bZdGlSpVv3dOMHKLUmklraOjslfby2tZ7nn2G5PJ4A4JxnkjkHHOeOfX3yjZGCB8vAxg4GOTg5445Pfn6VIMbs9PXPQEE8H6Hjgr17EmiQghQOx3EqOMjHTOCD6nGcAYHTPj9f6/L+vwOxS2vpfTvraO+9/LqEYBIYnALccHvyMA8YHc9OORzXaeGkAeU8FtqjaQduSTjgkHGfm+mDk544oOCQQfTIHTb2A6HrnI6ZGa7Hw4y73ILEjDMAcAL13EknByOh5Pbsa6sNG9SKvva19rNxd3s1tt1VtU07cmLlJUJ+7dLW2tlqnbyaS7eujO72sHUuBuSQYXGOBgcZzyeRycnnj19I0XNrYGRwGeR5AA3IUMpBPA7Bcg8Z+ua4GKNppE+X5XIcfxEHjAIHI4BPOMYyciu0MF5HamCAMGALKzkHcGA3Db64OOx44ByN3vwopqUr3Scd15xbVnzau9uiVmvI+epYpRnqmr3T1Svbltfpqk9tL7X3OQvIsgMTuzcuwBGF2+YxXB24IJIAXIJzknGQetgt5Lmxd4h+6VMjbjlx94AAcKSM4wDkk5wcnkprS8hKJMsiZcyFW9B029RjkkBeSDx1Gev0eaRYmjRQEeN8l2OAfQLz06nk7sHBzmqjR317Xt0ta/nu2+rtq76h7aDaV23zaK+trJX16b6WTt268PqcZRH/AITlCC+Qck5wSfX1zjOenAr1XRoYjpEEl1gvLCoUKAf4QQCQOCcegGR1zkjzzxRp7xRSSy7nVkWQEHJyCcA7epweuAcA5Azzr6fqzvptjbxuzKqqW4Y8DAOAcD8ScdcYaueMeWpbdOOmqW7Tuk+qe7utNj0aFRvDuST0lZprSyt3sla/f5sNQmFldGQKQFZcR84+bjoOzZye24gcndV8XFhqFsDIxEhLEoB9zbkHnHQZ6Ekc59KyNVnUNl97HeCrEZzuHIYDnkEnHvn3rFKysuYXclmZ9qkrhccgkcAZPTvzjOCKrlenKra3vZJvRJrm8km3utbWd0csXGpdSumnJae7p7rd/Pu7WOrhtrMlZDIy8Fdm3jaOrHuNxzgn3FdPpmrW1pcQp5qqkMbjDEEHcAR+JJ5BJ6ZGDXl8KX20ynBVgVCmQleSuTgMf4c8HuTwWyReNtfeUzhMKuQyYJLAgNxg54PJPOAcdQBRaouV2XRvXVbNN201d2rt7vcqnCCvdpO91fW3wWffs+9rLVnp2o65p9xFJ5kkas2AF5IVe+Cc4bHPPqQBjmuYXV7CJWjgEjKA4GSQNzDgtxyOeDnAwCSSMVztjFcXKkiDON7M/YMuDjB7ggggAkg4GM5OvaaY8i+ZKNsRJyyLyWH8JX64zg9Qc++ijJWuktr6aacq1bUVffZS9O8S5Yp2tazertb4U7t6X1V2u133Mxpdsku/Zg7CCTu5fJHTlQOOh47Y6VVfaqlOSCWdmXJ3deM4IUfw7ic85zxmtrUrSNZFVHUblQ7SBwMZO4cYOOv3SRzxxVSS2WVXXcVJKIykDB567+M8jjBHBxuGK05m7XW7S36aellqu/Z+fjOnzVJa7ST1aau3G9tXpey1tbTZ6vzjxRtHnEDAVYhk4GOck4256E8fLjPPbPsXw2YNZwhwoRlALt1yoAPU559ScgEE8c15D4sVYhOjY+ZIsANu4DEjBPbAwOfXPJBHsvw6WA2VqVJ5i2snJGB1fGNu7oT7jOeeVlcF9cxF7q0Yu9+llbTt27WTvbQ34gbhlOFcW9ZNNPS+kNN35a6ddOp6FsMLzMgUxyuDgbSSpY8rjjaecjGB37AyXchVo+SwEYALDC85+6M8845yenOTVqJI96FGCqJCpDjbksMAklefbGe4GMHEN5MBKIW2uVC9Fyu4E7cHptGei88gjmvpoQXLZPdqzfy63t1Vtn02ufl1erNtx1SfL3snp73MrbtKys1200dSCbDsyhgCjAszcAkccA7TjIPqe2aZboAQDIrs7bgPunOcnJGMDGOOBj8K0pkit7JVBj3s4cqwBfJbJXAwduM43cAjp0FZsYVW3sxDBmUttxjdjgAYH8QA4PXPtUVFsmu26Wuz0f4aJttXMqKlHmd7K9kmn1Sulv5qyV9jV1FB8jMVVlijwo6n5gCMnrk9QBnd908mqcMrxXEbBcNnjnsQw545BwfrgEAHAOnMqzeWpb5GjQFlG4FgcgMcbhg5zj+gzVnYEL9wv8oAA5G1ixPUHIHPTjjHTikm0nq7cremj91eW6fr37oinUaq6O17WT8rWu+jvfe7V7LQryzxf2nukIGyPIVcn5uSQcHnHOOAfcrgVsXN2ZIFUqAGVN0mckDpk4JOcA4JwP1rDaGIXeSCFeLILgZDnHJLZA3dDt4546km9DGkkLx8OBjLqcKozwD24HQdRxgVhLeSto9Hr2tZPRX06/iz6LDybVP3o3ai+W7va8db3219Utk78p5J4xtoxZanL5bZMqfMpJB+Y843EcjHB6Y9TmqnghGSwjdCwjWQgjnByMBjjkjG4ZznJIAANbfjkpHp+prETGoeLcHGWJ3Y4GTjPfBHbnjnJ8ByE2CDduzccjJZQBuPA6qpHP49OMnyI641R292TXXrG1u1nqvS+j3+6xM5LI4OzXvJX9OV2vbfTbdfM9NkWQxJiPogyQCCM4GVycHGByVJwCMdM2o42Xy3B4I4JGSX+7jbx0zjBBPJbOerS7GHcnRCd/O3j+7yfTkgcjA5NLDIXdflLKhHADY6N8wbGR97829CTXsqDulZdNfevo07Npu+vTrqz4K94tt2asraqScWreVr3u3rZbu+tg7mK5KbY2KtjnOSTnHJGTwMgHkYOCBVueJJLZmjHmKkYJAAAU57cZz0B7Z255JNUZNrEom4bi27sVOf7xOAPXjoCAOgq0rqtkwcjCoyMqnLZyArEA/NwMk/ewuOuAJcU7q3m3pJ6NLXS/56vo1plGpaS5ZLmbV+V97XutXr2abfqTXSq9ta5G1fJAdgckgY4OByMgYPvjkZNXbKMJa2roSWMxViwztAxtz1JXHVc89DjigwRHSo5VIISLd83DEgjIA6EEAZyeQAQTxVexkL2mSGAW4BUEbdwII6c5wAccNx0Gc41jDXbdRV33vF3W1rPXW7d9tWbSdld3k29VLTrG2qTv7qs79778xLK6mZ93CpkMU+65OOdx6DHOODgY6ZFaF60YtbFSCJAQ4Zsplc52nt0OTyMjPXk1QhCPdbTuMckoydvAAUg7V+YZywPOcgbgMZrW1WFEFhvGQjFQpIHyjoQAQAexP8zVxp3veOj916dVZ6W2et1q7pL1KhU9na6TtdvS7u0nve901ZNK/pqU9TkhNrNIsR8k2soOWwSwX5iOPXPzDlhknrz4F4ZngbWJCN4lEjBUByCAXzuc5GfUnPv7fQ9yI/sFyE2t5sEpIcY2DY2SB0xgnJyoI+YdDXzRoe1NTnUMDmZ1Cxj58hnwxA9gBgZ64xzXBioRjVoq1+bmvvv7vbfTt/kfT5PWdTD1431jy2fK0rNrR2V3d2ul6aWsv1U8O+PPD/AIW8KXE2vmVbWK7B8yBGcvJnaSdgIPzEcjheCcZFcbrXx4+Fl1KrW19dRyhAHZ4Zdp4zkhh3254GOMkgYxxVlGb3wzcWF8JLhRc7GXCshdiN3OMZBwMZzg555rj7nQPBRlWzGlj+0fszKFPLGZQfmOflAPUc4HQ8cD8/4ixWDWZRda/vQi1yvdJR0Vm7P8L301Z+gYLCOWHnypaVbcvwyupRtHrdvTfvvcb4l8feANbky+ozSRIrkobfYrg7sBVKjB+bIxxjAGK1vg1PZR2WofYSZbW4ubmVOB91dxGOB26jjHQYIrxDXPCdpbajNFGX2m1klaF41URkDgKwz0OACc5+b0yPX/ge8Vr4YvgCfNVrwg4DYwpByR65zkEDJyM8Cuvh90ZV5SpN25ZSu7O6tDRbO+i3bt96KxUXTp8srx1utrpLk62au0kr7q73Z4f8Skvv7ZvZbZp3VrqXCRx4EZJznO0ZbtxgjnivN7efUCNrNfKyfO4JdVOCD1IBJIyD97v1wMdd4n8U3x1a9hEifJezBMqWLYc5L5APA5BYg4GM8Vxd74g1EHas0S+ax3BVUnAyBjIyG578DIOABk90owdablJpW0aV9dHZ7W100vfe1kzzqfLFJ811fXV6W3S1VrXS6rd27+8/A6aa4+JOkSTZZDG3yu7EgYwAfTIGT1IB5BzxpfHkO3jTVNl/HBjKhCxXBA+UhF5bOR1BxxxmsH9n6aS6+IOn3LOrpFCXdQpHQHkd85GDkfdwcfKKqfH+V5PiVqzoSIn2FA3KN8o6AAnHUHJ+YcAHFYuPLJzl7yk+y1u4pPS/Tay2u30Z6NScXh2ovRyvdaXu4u/mul79/R+KM+oJIdt84DPtZ/MIUhechc9+h44xz0rsvA0t0+tss9ys0awOyqzlhvIbsSPXhcgc9q4C6YmJSse2QMx4IAIGM4GO3OD1yc8jJHW+Awr69bJtZVZHLBSNrEA89yBnnnryMAEUXildJJPls902krXv1bvf3kr6W0bXPh7Oabjezve2ulla7ta1uvlo0fU3x3Dn4ceEw5aQAxMqJjG0x8456YyeM8gkgng/FFxdxxnywrACQAEZyFIzk4xwMcnnpzyc19k/HBrib4f+FG2tHEZNgBYHdsXaQM5IHTg88E8ZNfGd7bGRy0COMMSyjBJABBJ7kNwRt56D5eSLxSlCUZOUWnCLSVrpcqt6Pz6/ZbZopRqSnZS0lJJ32d1e2+l9dmm9bpKx0GnyW63GlhWkctdRMGxgEhweWAJwRjg4zxnOBn7h+K19HN8AYmwEkSaBI85wCNo4zxk/z64r4N05ZLe80tQMqJ4nO9s5UumBjtggAfTJ2819nfFB5JPgZDGu5hLcQlFxwuNrbe42jAxnJye/OeZRjOE3zKKVm11vZbPyeny6s7aKaTSvbl0a31jFPu7X662v0PiaCVnEauEKmVd427uCQckc/gM7QR2xV93hW+EUau20oxOFwuMkjcFJAPIOBnHTPODRtG1HUrqJbaEvNLJHEqruUHOAfujqDj2Oc4ySBs6poN/omrtbzwShyucBHZSSvDAkZIGTjt8wbpmsLxurNdFdJWu9de+zW129HszGak2nZKzTva/a6duj2176J9PtfSFjl+AGosik+dCc7sEjpjDEE8dDknHbcR83zJYabpioJZh5s+xhskK4APyqVKjG4jkH8ccCvoPwnqfn/CG9sVAkEVnNvQgDDKOrLtHHXGSOT1yCB4JGEJUlUM45VSCoZRkA4xj1wMjJx33GvXoQjD3uZWcYtJvS/LB6W1vf7O2j22OPMFKUKaXu9Hq1ZpRbs+j7L7tjjbmBI/EVvFECib4WwxDBc4znqVJ+6NvvkEmvs3xZdTyfs93jo4R01CBBtU5ARVC/Mc7Qdo+6R1zx2+QdYtZJtasPKCNJKI96qTuU7gcDO4cAsATwDgYHyivrrxPDMfgFe28BllkN9DuiCjnABfnHOCcdT3JPeuapOMlVXMrcr93l3dopWvq7LW/X5pnbgoqNGKv8MVu9dYx76uytd3dte7PiI30+4l5pUm+UFQ+CQDg4BOc44AHLezZzPYz3E5idpDvEqBQzkkgSAqcZz04OckHPJYBqyLrTdQDGU21yAGUKQrE8qc5xk8Y5znnOB1A6DTEmjksjLbNETOjMHjI3ZZcHJXHIzngY9cAivFhy86S307Pqley6306LrfU6Yq7stHt20bVmnd63d9XZrrtf7v8AFKyn9muH5wJZrtD8hYvwq87g3BJOD3II4wBj87/NmOZWklGCUAZsKAeOrc89z0Xk4xhq/Rjxasz/ALOhYQsrfbl2JGpIVSoBxjJ5HTB7djmvzxuNOvvNKpbTIjtnGD8m0HJy3HJzuA54wAMjG2NSVSDbTbgm7200ja7b9H03NKseZRtH+bZXtZpPmut27uXVKV9Cxokkp1G2XduC3EZDbuQxYbQM7cA4G4AfeHHFfpF43V4f2e53lO4M0LDnb8zJGdpTA4Xhl9uMcAj86tItrmC9s0+xyozzRMjBCSdr5JBPCg8Hg5JwpA+YN+hnj9i3wAnt3DvcFrRw7fKoJRflAHG4EHjjs3XdU07fV615xto9090uVWWrsnql0v1HRvGTSvstLb6KyvpZ2ejSs7291qy/O2R7fawYyH94Nxy2eeo7cZx6ZzkdgOq8BNu8VeH41JU/2jFJFIQDtCuOmT7Hdn0UYyRjmJLKfeXeFiCBuCnJ3AEjgHJOfmAHXrjqK6fwVYXcHiTSJ2SWNEk8wMeAp3AqNwwScjt0xgY4ripxXMrSSV499vd1u9tVfyTbvdpK4c6nG8Ule21mlzRSv5793u3fc+0/2p76V/CvgOJJpdhjkWQlTnfs5wQMKCFzjocZOQOPgW8nuDgrKQqPjkk7ssASScZUjILdVLDOQMV91/tHRXGreFvAv2dWcx2pMg3gc+SpJZm5yc8nOMkgndwPjGPwrq9whdYl8lHP3nBJ7Ak5ydueRnA69SRWNeCU5Nyi7JXaWtrq+jV9nrq3ulpttOacldc10ldX/u7vXzv2V7taHrH7Ps80vi92ZlCQqmQvJZsgK2PVSDzj5QDkHHPp3xz8Y6/pvji4tNO1Jorc6dbsURUAJKjOWZSMjnJAGTwMnk8R8BdAvNO8Zo1yisHDKkYddrblyqjnkjoOAo6KCemr+0Ho+ozePbwJCwUWMAVSyhlHBwAAc5wcHDdcn0reNKEsL7zi4qTaVurtfs7rp00tuJVKlP8Ahu0m9PO7Wnl30Wy16W85uvij4wFi1nc6u5iO0LGVTlMYYArzkjJ3enoa+qf2XLxLrTNfkJP2htMv7l2YEDPluOh5Byc4x04r4jutC1byz5lq+0RqoGRkY5UnJJHLcknIGR1Jr7J/ZjiZLXxFbNHtZNDvAgRh+8k8hgcnHJBGCOvPUY5zw0aanZcq92V3oldW32Su+q9OujVTESnGVWTcVbT7X2dLNtpXut9Wmtmjw3xJq+oST6jFDdDyxeXG9gBwxlYYUcED6feORwM1zUUzjUbF5ZHmYxsCS3G4nGMgjgcN2OM59a0dUtb1rrUVSFzi+uARtB481snPHQDnp19sBZLR7aSzaVUUCJNxIwT8wJG845z1x0x1IBB5HCDla6u2tfK67d91r1ujRz3lJOyt0S6pLRP01stm7nb6VYPNZy7R+8OoW5XGeOQPpwNxGOh6HIIr9/8A9nzwxf6z4G8Gq9tdRWjWFoBfIpFs7x24JEkrAKxH3SNxwec85r8JPB9ssqTZB2rcLKyswZVV0KqcgnIOVxjGSOCQeP348LeN/Ekf7NvhPwboFm0KWujwXputPUC7KfIZt0oTcrHG4kMflJ+bGQM8dCfsI06VpXkrpuK3+920vdPd63dz6PIJUfa1Kk7xShJpbczurpvSysrLs2k/Pz3xh4y8R/DXVmh8JaXHr99ea1cxakHhlcW0SlwpHl5XO0EhlByM8k4NYXhn4seM/EOpQW+p6JbabLdawbZLp7e4BjGGbzCrDa6/LgtgnJBz0rlLD4w+HPC+oXKeJtL1C6v/ALWr74bhHfY4IV5ixbLswIfOB94bs4J9e8G/Hfwl4mu7PSrfw1BbST6osWnS3iws8krdcGPlSc9+575rjjh3HDLmoqclJ+7dvdRbk7O8VZdN+h66rwlXusW6aWvJa8le1+qa2vfVO9rs7vWlkt/CF7q9zDaG4gmkeUYZmkRGIBVQ3DPg4GCBgYNfNuqfHC9vLXULeLwZZiSwaOKC9lYs1wqkBACTgA4GOQAR1AFfYHj+zs9P8J3us3MCfuJN81gkgSMruH7sgnad5PQgg9Bwc18oXnxg8EahHdacnhO000wSxxNMRG8bSHanmnjefmIIHOB3PSufBx5ZSvh5a3jdSum2k9m7Jdna6Z042r7tNe2gnyp2lFPnXu6qzVm7rzunq7nQaBrM3ijWdEgvbW1WP7PbatNaRxMREtupZ4w2OoxjaSSeij1/Qbwbr/ha+8OWkUN/Yadp8kYgigk81XaccSgqD3I4BHPQDOc/nvb6Rc+Lta02Dw7erpk1vp159pntoJIo5U8sYWN12nkEbVBHbOK/Wz9mPwz4Cg+D1hp+qaDa6l4kljeNr7Vbfe3n2zOWuIy43Juycn6+u6uqrCMKPNFSpRlJczs/eW6hF2u5RctVotNXdk4GcpVvdcJya91yWjSUEkt5Sd3JNL3XoeIpb+Gb4anYLrFhaQXLlWmaErIzAhcDeV3AYxz14OTkE8rB8N9En1IT2mq3l3cW1xDMlxbW6spSNsjawUE4xknAwOuM17H4y+GPhDxLeXsE0cVjqQ+1CzFi8ltbvKoIhdipVcLg8JycEc4Ir8/PF/h34o6F4nOlaF4la1gsb4WzGDU2t1MLMCjsZZF34UkOFLYA6cmopxjLDucm1ebVneN1p7rS0+HW+rtLTTQ66uJ9hiUp0YN8q96M2k3ZXTSsk97N8z1Vz9RfC/jG40xZLC30C/uZrGBmjuFUr55EQAEgyCCegGO5GOoHtXhbxUn/AAh94+pWi293drcSJp9wGbyzIMByQTnBAOPTrzX5z+DfgF8QdYt4tSb9oDRbaW/tFka2i1wZhkYYe2mbzwFcYIJbGCQcDqcjWP2ffj3oc06aV8U4vFdtfgLHb6Vr5klsYGdsu8hnKhxn7uPu5VcLjPltT95wbhTuopqMmrJq1201fW3331vf0Y46NWy9leScU4qSlZLlSdr6X2u73W97H6t+GfF2q6fotlZiPRHkZJWC/bFt4wjhgrBJZMFscYBzk8kdK1PB3iYvHPai80c3Iu7kzwLfQu0SsQQSd5BHzdAR0PHNfmXafBv4mab8PTqsmtXur6voKzXmpvLqxKRWsQLNDtSQsZMDIIIUnAA55+b/AAxcfHHxr4hvLLwXuvTbO88trHftbPBDg7nnmEisxHzBVZichQCxBFc756zaldQTtzNJOaSW11t0er6prVHZHF0qC+G0pcrWl+W7je/uq6drb6O91ul9wftea3a6Z47C2UqvcNoqTyJbOJY5JSSUEjJuA+Y4w3bjB6V8a+CfGmt3A1SDUNPitpbZi8chR280O2dmM4G0EHHA54wRWd4lHizwpqMVp4+h1WfWLmJ3lgad7rbDkkCKVizuo6FQcdSPfoPBview1LSryaHTZo44pjbustvtkY8rguUDcFQ2SxII57ivMjThGpUelrpt3SaaSs+l7W3S1t16+n9Z9sqdpOD5L8ibT+GLbtbTRrXRJ6Nd/F/jPrXh8XUEt9pkN1qctkWtw6kRgRkMysGyuAMnJGORjpkeX+HvEZh05dQtbSCycm48qKDZ5TEQspHOBnA4AxyeK7v48afp2pXmnzQWt3NLBaMr2tvu8xd5+8emACeexz0yBXDeB9Ls4tNtoLqylWMPcM4nPCPtOxMD+7xnkbsnJIxj6DDunCjBNJystL21jZpvW99Xb026nzdZVqmLqLkioKS96+racHzfNN+fbVae7fAXV5L7S7u5ZIoZJPMWRYzk7zOQzuc/fJwT2wBjOK+j3vJEjnCFFcxEI7AnDFf4c5yeACeO+eRXzD8FkhsIdTghHlo80zIAuFybgkBDxxwuScnOBjIAHv5kcJIzEHCbSrHJAAzkHGSSenevCx0HLEVHd3bWyWloxve+j2WltW9T38FH/ZYXd5a3VlZPTR66Ju2uye+ztdiu5jHaRXMhleOGQM8h6MV+UIRg4BIAORt6dAc/FPxI8c2Gk3urwSaDbTyR/aoxeIF852LlicAZKg569c/Svrn7TLM0Du0aRqGTIwVzgr8uAOuBuA6n1AGfk/xdrPguw1jWrORrO/1G7S4WQNGX8mU5BByCoK5ySFHToO3flFOSqS92U/hT5XblXuJO99HfS/T8/LzqUPYwTtGz3eu8KWu7e6td/N6ngvhTx4NG1mw1iy0K3d9sxL3IAiwQSWKYG3A+XIHTgcc17bd/H3T5NGjMWiaOupiRwFgtZAAwB5LYOWwRk5xjb1xx4x4ctvD9t4t0691W6tn0pxKr2ihnhVRu++gJ2gD7x5BwSSMfN7Jd6t8G9PurO7tNQsJ42b95araBoYmGSQfl7A8E5yozwMivoa0IO3+zylaEFJPmsrtWnFJpPz1TT1ezR8xSk1Stz04J8r5ZSenwpSjeyu32bs12sa/wz+PN/wCIfF3hrw9L4b0uwW4llWe/iidZ1QhiWDbRljgcZyp4P8JH1BdePdQfxunhU2cE+iHQppri/RHe4UIC+1WAKrgLhuCwwDyOK+e/Cnif4c63rOnx+G4bFtTSeRVltLRUkSIg7iCQMBeuceuB1A9ysvEHh0PqOl20sNzrthptxLcsExdJbsrEb5MjCKpYMpOBnAXOa4pxXtHaE3yw625uSPKnDe3vJat2fm3v6uHUXR9+pzO7akrWkk6adPTR8zjfv52Z8meOviffyXmsaMNKtntJr5pLS6KvHMsSu4WQsck7NoB5OQDyc5PSfC3x3d+GoNM1mwtotQuL2+uLK6gbzHWAkhQQSeDjPcY75IrmfFvxF8H3cF8TpkO+zdYXb7P8zurEP5cpBLKxU/eODyFOM11Xw88UeFxo9hrsdoun2KalJBHC8APmXBIy4AQ78EbuMnkHIJBHfWpqWEivZ8rShaT0lGPNFXjrZ2va7e3Q8jDyg8wv7W9no0ktFNPmd3Z2d97tp7XR758Qvi94r8KXegnQ7C2vl1LTPtN2PImlMEkrLmEAA4APyjIwAOMHIr0Lxp478V6dp3wputKfyp9clgh1yE2ZcQQ3gIZA2wFNvJ+bGO4GBnzW4+N3gzw1rei2Oq6QbybULeFY5zaxNEI5nCoQJELKF3DpyOSBzX03438YaDoWn+Ehf2sAl8Q39pbaaDZ7ggkQGMp8uY2QP1BALAAcg48WajTVBKkkkmtE9bxSSuryu38W+rv3R7cKaqOclWSs0rLR0/hXLfduSVn27ux5J8dIr/8Asnw5FHdI5trhhNKyBleRwHUZYElSWwVyRgH05pQT/Fax+HUOq2jpdahHdJBbWUFuWL26r+7ZhGeRgjJ4OMZJ4wn7QF2bLTLWDLtJBqMU0iLuUeWVDKuARgNgA/w/e9qyvDXx2u/B/gnTvEniTRRcac15LYR28EhWRXCgJLtb5+QB8xGCR1PC1s0lS/g2k2mm9oJWTd7XtHSyvu9nraIy5a9lXcUo3itbpWXvNX3h8SS3e+is+f1TWfjPFrnhGK6sbqLTtZmtJtViWEmGKJnIkieR87OFJbcR97jjivxw/aqEY+Ofj6Nd8Hl6qP8AVuThtqs2NoHAyDx8vUk8mv3a1H9o3wnrc3h3Sf7EuYbvxKIEsJRIG8tmOQdpJKnqSBwQMY2jFfhL+1S8Vt8fPHbMpjC6goIlBLFmUbjjng/mMBhwM17GTO85XpKHuRS0tva7d3e7Vm9U/TW/zPEqpzw8IqrKpeolJSlbkulffVJpX79N0eVW/j3xLpunxadpeq3kdoqEPA8jGL5uCQrH06deB7Vw19M02tR3L/O3l7pAzqCZG+YlsddxJI7jFWPOsY54zdTIUI3DJwQSeAR8pKZbqASM5wBmqdw+nzaxH9inVk8orKxJKqQMnbuPzbR69ODzya+lfLJWtZq32tF8Oiv12bSs1q0r6nxdGHKrqVtlpp0jbSSu0kldX81vr2cutRrEkS28LySRoAy8lWQjaCp5De+CcjJ4GDt+H/GtjpYnhvNNjuLmcBopsIWjZPu7eg+8Mt7Y6HBHnEkcccbHY8jqSVlTIQBie5HTuwHYkZ+9jnZkmhnR5Sy78lSH5QMeMdQTggdyT+dJ2jaWsnbZ8revKtVbuvRPR6CnTlKUXeUndX1i0k7J9Fv+FvS/6D+ANXj1fwdrk8kTCeSeBH2gbNp4XhcAsoHUYB9sZr4d+IkM6eNNXdYOUlAj3Ns4K8/KpXOcE7SWJHQHjP1X8CZZZ/CPiCN5GYRmCRSQeAuWVzgn2GT6HIOK+cPiVO9n401YNAtyheFi7HC5kUtvH3sAMce+QRmvn51P9oqtJX0s7aJdOtt2u6uvkfVxpxWCwqbvGK101V7Wd1ra6TeuvySO8+BOm3Vv8Q/CN9PGqKbpi3C4QMPlUsw7kBiCc8A425Ncv8Ynab4g+LZ45XDprFx5boMfMJHO/cvzcY6gkgdv72t8IvERk8feGLNLd1jOoosgSTcQ2wZPPAUf7RwAO27Fcr8XpJ18feKIUcMBqtzt284wWyWUDBJJI5BGMZ7iuyjTlKjJONk5K1tbXjHTVXSve/Vu6epz1sR7JwlBtpNaxWiel29L66Neep6H8DfF+qa543stNvdWuJrPT9G1FRFPul2uLSZAAWySvPToT718n+KUaPxBrFwkhYDUr8Bum0GZ8KBxj5RjGD145PHvf7PlvcRfERJDIwDaXqGVUKWYtBKqjufXoBggEdcV8+eK4pLbxJrccx3Y1W9Zg5IYEzMM7ecEc8ADJ5AGKwjh+SVlGMY2T6JczaXkr6N3VlprbcVTESqU4Tm3zOy1TT0Std2XTz3Td7Xv9MfsvRwt4j1mUqXeXw1qKSBcDI8iTAycDJxnP3sk9qZpviaLRbbUNKZdsN3dzkqrt5gKSP8A3GJy2Pu9PvZHOCfsqNNH4o1+bczwjw3qQUqoIGYJeV5OMHjAznnOcivKdaui13eOzGGRLq68nA2s375gpBJUBj3I74BycZqthW4Q5pXjN628ktfJWb0svTUKeJUHzatpKN3fbR3vLRuSa0sra9T63+Gm2X4c/FbUICI2NkxSNgTIwkRsLg46g5IAGSe2DXxJa+IpIb2CzVVVVlGJmJYoJHw+cE9B1HGPXOGP1l8HJrs/Cf4rXMkkrGLTECqfmB/dEZyvA+XA3Bc9B2Ofhsy3AnDkMgYsxkwMnMnC4xk4JHVjyckHjBSopRit7J2V7vlurN9m2tklbR3s2E8TJyUoJq8ryTTX8qTfZt3aS2td3umfc1pDC37O/jmXy1OdRt9rwvtD5zlip5PvnHA7HIHjPw21i2aW30qWNC25EjLsNh4zktkAOMjB/wBngdq9N8IyRyfs2+My5kmK6gu08lMM5xn+uOcdemB5D8M9KtrjUIL6VJVhheN2RRkuTkEAr1xg/TJ5Fc7p88XFrl95LRvTWLV7J9tlbbW+rNVWcakJL4Wryu7tLRNvTtdK99k9T6Z+PEdzp/wY8ETLKDCfEFx5bfLgkbRg4wMg5wMZ6n7teyfsneOfAlt4Znh1rULWHUrS3uEnWaTZKjOpC+UxOMd84w3UcZNeNftB6la3HwX8FWFvG7RR6zdSozgAQsm35T3JGMYOOpAxgivmTwN43t/DdtexLaLN9rTDyGMNNuBI2ow+UEY4APrjArmzHLni6VOm5OPIqcvddnst9m1tf8tDXCYinQqyfSd23pLWTjdPTTZK+t3u72Z9d/tt39rJ4A+GptrgXFo2oX88E6t95PMVlUsCMnGATuHbrgk+CaB4htv7CtrpopVdbWOIlX3BnxjI+bkZxjkn72M857D9pS8m1P4KfCS8yTG0sxw67divghWPU8cDkg4J5xXinh/WIho1mkwXbHCYzHGgAfIwGz68HvyRycHnaphUqVGm23yQppNK/SKu1bVK1+ml1dFYarbE1lduMouS021Xdu/VaPpv39V/aZuIV8K/CWWKPdby6XPIZDw5ByGDbOcZLcDsMgEV8t6beW4ubMgbkkvLfapfAQLKntweRnG7PGRyc/Rf7QQin8GfCp8TNA2kziFcklS7PgAqeCvGDxnHPGa808H/AA5tL2KG/nnnXy44ZvKKFlRlYEAtg9hn5ckYzjvXr4ahTXLCMU3GMXdtPW8bu9oqUXru3svM82tJqpJtvWdtNbO6sla101ZJq7322PYP2hr9dP1rwO00CmNfC+mzeWkig+Wqo+4/MqknjI6njpiqHhr4jw6lbW2nrY7wjxb5EcOxj8wBQCMkAe2FPJxtrR/aDs4tQ8R+Fo7hBtTwpp0ETRhTiNVCBmB4BK7vlJyR1IzxxPhvw7FFcW32KOXywYg0yKE3MrghWyd2cgA9F4PLDrUoyado72Wt73022Xdu9l+T0pzjzN7fCt+9uml0u3XU9M/a3uxp/iDwRItu0cM3g6ymBYkZ3EdBxlsY69O+D1+efh5qcV54z8PSEZY6xp6ohZlP/HwnRmPOT94Y7dPvZ+if2sbCXVde8FRrE++DwbYxMhYHKjaPMA5C45bp+FeB/DvQhp3i3SZ7t3229/YSQKFyAyTxMrZXgt90HbxgsMZrgaSi4crlLTo1Z6Ppo0knfs3Zbs1svaJxacemtt0pXeuvbrZ77n1f+1rNBH4/fbCqGLw7pa+WZAWLmCNt64A4HbjNeb/s9XE7/Ejw0Y0R7sXTsgB+baIuMc8ggEjJ2kjOO9eiftI3Whp8Snl1JXMc/hjTsPchjiYwx7Qg3dNp4KgdwRwM5H7OsegH4neGJ7a/therPIPsq7NqiRSiY5+ckeuQVOcjAB5m5/CoN6pXd1a9uqVtL+W7tY76PLyKacNEuaLlr0s0ku1mls/y8g8c38EHxO8aS6sIjI+t3K4lRWRGMrEsMZ525CnABGO5OPd/2ZZNKuvizp39lG2WH7BqBk2xgHebeXdnI4Gepz+JyK8D+Mtr5fxP8cWy+VLKNbuZHcDGd7OcDOOhOOwHPTivQf2WUmtvippTFi+2x1AgRnBG63k4I53DkDOSe/A4ojD9/CTbUoyWmltFFbXte+j0vfzZr7d+xlTtF3Vrpap3XVWWuy0dtDxD4n6q+h+P/FdwF85xr19GgIKgAStgjaRkLwQ3OQMEEha9c/Zk8R3/AIk+J+jWkhjiSKC7miKv8+Vik4bnDHqP72CTwOa+cPitcXuo+P8AxUfLchdevkVBjIAmYHgjOcAckHJUnOK9u/ZLsJLf4qaTO8UyFLS7XYSqgKYXJYgcbgARgZ445xzvGjepGTSdRy0aavfT3bq9/SyvtocEsTUknBK0F7t7PXu1dW8+tvU4HxzPcW/j3xargOf7e1BJJAx25MxBORnoMjI5564xn3H9l2Ca5+Il08EYfHh/UMNkhfkictkDjAGOVGRjoQCDx+r+HdO8SePPFkUEMrTHV9QJ2EsIwspLMxJwWznGOcjk5Ir3T9nnQLPwz401F/LuY5DomoLAWUrmPyXLBuo6rjPyjjpzRThNV4ys+ZSu05axWl9fk+nS2psk1h227x6apu6t1dr31be+j26/LOtaxbaZ4m8RC68uUjVL/cg/1hYSsOCMjaMcgn1yOCK+tf2MpZdU1j4nTfOkR8D6kY0cgEf6OWUBs9cnrnGO2DXw/wCL4DdeKteuYomAl1a9YgEEndKcc4OBnGcDP17/AG5+xHanR7r4jSarGyC68H3iw7iS4BhIAC5Od3YDGT6EHHDOl+99pF3fPdx0tZtJpbd7389nfTphiZVIKlKHLC2raVtFFa6K+zt3dmldnxbqE7w6zfowGGvrwFt2Qx8+QcbDkHkhRzkbhxxX058HXlt/BHxWFpayM0vhl2lkDMu0eXks4U/dGd3U56Y5IrzaXwDLe6hqF+Y5oLOW+ungkeF3WVxK7BUyRxjJJJAAYtg4wfoP4NaXap4O+LiNHK7J4WuI5lX7vyrjqCd2OOeQBxwMrXRFS9pGzcZdHd3STV99m166NehDivZTtKycm+l1dpPRrVfaWq00bvdn51SxvLNsCsu4tuO7jhuWH0z156YxX2/8EEa1+CvxKniRgluglmIcAFUIJHzHkHuMOOOR1r5Pawt2eQCN9+75U24+UOxBJ6jjuTg5BPt9i/CUxf8ACjfiwixkrHZZk+bG5um3A7HBBxgdwDmt5QlOLinstk7tq9rLf5tvsuqS89U5RndSekoNN2bbi035dFfTX8/Em+Mmgixjs59Ku0ntpEMTQzuUG0csNhUAseTxnsTXsfwe8SX2twfEnUrGS5SZvDNy/lkhlWLy2wjNnAJUfMc7g2MjOa+FZT5d5JhW8llBChVZhkAZHQDJ6gfN2+Y8n7K/Zi86LRvirvZ2CeEbpo4XQltnlNkZzkZGMZxjGAARivnY5VhsLWniKfNGcpPmacm221drXWz3fZfC7H11TPcZjsvjg604yp01CMeVK6UWlqlq+ZJ3V27eV7/HBUtqRkbO/wC3JuZf7zXYbkkdBkngsTnoSxNfpR+2BLfWXwm+BN3ZahdwOujxBTbSvDIhFqvJlQg+xAPcknk1+eUduv8Aaf3HHnXUbldoO3/Sd3PAGMAZJ69OTgV+kf7YVqbn4RfAuK3OAdGi8wFWOH+zhQQMHt2HPQ+xVSdVYzBShJxkpy1i7S+FWlF6aW3tq/ub8+yeExUJqM4yjG97SXxR0ae9093srW7P8+Y/iH4utbW7sLnxPrZtL0oJrVbyQQyMuQhdd/LgA4fgjPbgVdvr7xDd6NJdG+vZ4J0iDiW4MkjBTtVt7szjGF6/7pByM8nNoeoKoX7PK7PKdp24IVQQGBK5AAAJOCOTkkg49AuUltvD4t8v55t1DKqEhcHcCQAM8DcBzjknsR7laviqqj7SvXq7Nqc5z27811om7WfXZdfGwtGjSd4UqdPreEFFtu27S1tzO+t3vvtzMV3rsunRieF7pllaK3lkcl0Ux7QUyTjA5DDPcDmuVj0bUNkjPFMsm9ipZvv7ieRn7x4x8vXAya9KtGlj0+ymeNw0Um0Jtcg7Rncc/h1znnPGcyRSxXEsssi7CN2yPa5AOSzFc85VsdFB5B4ORXDVpyqJStbbTltraLbbXeV7X3tbsn6UaiSi4vWVkk9PiUbu6Wj2XV+bRy3hzSIjeOdQbyfIiZo1lTKzOAfvcHGOQBnrz81QtI6faF8rAMrMhIbcAGwNoP3cAjapJyo9DkLd3szXRXc4CEmEfdJALDLDg9ew5zyeMmrj6gRbpFIIxJkSMxXLHncck9MnoMgADqeK4lTak9XolfTTRKyuo2bd3dLd2tsjWMpWbV+jTvpbTte/k0rNbaMYqOXtZQ28xuhZRhVyz7cHnnPLDHQgcjt9F+MLdbu18NrLhC2lwKdmCQAgJUqc8c/KDwfrkV4BazwzujsCGNzFtRVbYQCowAMryPTI46AHcPqvxHpMk2jaDNBaNNJNp0A2KGLKAgwwI45GeehHrurWnFXtLayvvZ7dVqr2XS7VnsgdRxs7J8zjdLze/S10n6t7I8ZTT47U3ckaSYdFdcx5Xar89BjknnnOPvEGs+eI+Rc3E6ELOpZAUYYZHC8YxyBnpuI9Ogr09vCniO5gZbeylRBGgVWK8qzBtpDEkEMPurzknpTL7wJ4heCBZLWXbGGdkUqyoWYYB2j5geSBk9OMA5rlcX7XmUZW6tL0u3rblbtbVbXstnr7ZOLVleTvvqtErPSzV29LLU8rTTEdQ25jiPzHwu4rlg2cYzgjg5A6/exzV/QrdodYjwhkjcqqoQfnIBwAPlAIJG7BK9eK9ZTwndCOFE02ZmaNV+WJhydoyeNpycHrjqR6VLa+EdXtLtbyPS7iQxMWCeSQnzD+HGWHp1BHfgCtKkVKm0oq7t3d2uiul039X0uYwdRTVo+7o01dLTla1a3elrtrT0MDWtONta6ZJINrm7aQqQVKMScKTwOCdoGT64DZJ5PVBbSCRGWUPMr+aykEA5AChsYA25+707HB59f1XRPEWrRWi/2ZIPs8pkMTk/ecjjAAY7ASVLZIOPXjFX4f+IXjupTo1wwkyQMH5GHBCDqAcfTODkYFeJHD1L2akrv4d2vhatbRvu76a2emnoTq2S5U3s9Fo7cvn1Su3vd3ta5wGixTQwyRW6yNBtQtJKDuUAkY59hjjPXk8ZNy/tw08m4sdkakFEIzuAB3NzkgZ9e5xnmu803wV4qthLu0u5dZtr/MDiMA5UfKoU+4YkcZOKuHwD4slm846NPIN6BycBCgPAICgjB687f9kAYJPD1YtWg46Wb5Wl0vbXR32f4rYdPErkfNd6tcqT20s7JvtfZXa0emtzQoXhj0wp9oNskLM7KpBIUDdu6naMksDnrgZwa5DXNRj/tq+dxLco7LCsTkkJlf4VAwDzkDoFIHox9Oi8LeM4NkcOm3MKOcbVwQEIAZUPTOOCTgDGT0JrLh+Gvilr955NJnMUkgbEjKeRkbgcfeOMknPqeTR7LESsuW9rW0ur+7by6ap3CGJpX0g7pqza1TSWtrK6SV7NeuiM/wtExitpQcoGaVLbYXVgoyFII5PbuCAcZ7ReO9Mkm1CKW3CRzzWJeaPDDYewySBnsdx9TzjFeg6V4L8WabPcNDpEz/ACMYVO3Me7B3KNpO4FudvJ5yO4nuvBPjO9kt7ubS3klVlDK23aYgQ4Rhtye24An6HqFDD1ITTa2VkrOVtIrR3Uk9Nn7rT0uVCv1jSlay7ttLlT97V622Wj063Z4ivge9l0m21GaR5gzZZIoy4iUkhcMRwD97gE54zg4HUWOlXWleGbyz8xApyZMpiUNnckSqxDHBYZ9iOxJr1WXwn46aGO3t7JrWJGy6QlVjIzkBVI4A55/KsW48D+LpTPHdWLSyyMAG8wKqodqqwAIHOAM7SzA457S6M5Nydkm43Svd6rTv6rV76vc7qeNVknTmm1ZPV3uoq2nfR91a2lzxmexka3tyxAZs5LgqVZRxknGCAM8fQHgCuq8M+CNau5La/ttPuZYCuxbhQRHIzMMH5lPygFRg5xkdc4rtrnwD4khhUNpjSMWy6kqQIguCU7g45HTcewGQ3sng9NWtNOtdPubNrBm/cBJCVUbSH3nG3DHuWwufm6Vz4pTow5ox5pJxSVnZPR38r6XV1Zu66I1w8fbVJRaaTV9U3r7rS2dnom9dNVsnblLzwR4n0ezeWDTwjXVtGJt8qFtrj5gBnd0y3XJI5zgAeL+INL1vStYdUs5ZlMcMmBGMYGwsRgfKWAI38cHr2r601m/S0lnW6uROBEsUaLOxYEkqMqzHgZHZhwSW4JXg7+W0ku7l2KxH7MqrIWEjZCnI6EbW5IyPlwCSSebhXq1FBThGLcYrdK2qs9NLvW+qfdX0NeT2ScVG67t2b1t1uldK9ls+mh8ueIV1S4vI3ktLgSh4yqpuOxNmMrzz2yM5yTnvuuWK63BKYxb3pypGSj4JJz83y98nt7Zxmve7o2xSHmIvlVDCFWb5iMlsqeQRwcYGTycE0+JYUmffJK+U+XEWAdx4AwAQAc5YYIHqesqCi/eSi3ZXT6NRdm7a66J300+e0Ztpc0b6LVO9npe9u+3V22j0XjUVtq6/Z5IbK6a4VpPnMZzz0JG3GM56cHHHNVb/AE7xBfXBae2uxGsS+WSvG7oT0wATxuPTnk17tHYQRTCRY7uXcCAAWwWbrj2znHIA5yR3lWBJbyENZ3ht9gQgmRsHcAzuE6gdeAWwcjGcVE/ZqNlKLenxWX8i7drPW+mzsJSbkpKD0S6OztyXd7dr/h6HhEVjr9pDHbpa3jqhU4bcE5HXI5IGR0J4GTW/D4Y1rX4rNorcg2rSRFnIyrnONzORnOCQuBwcnOQo9lm0p1nZRpl/LAGVUZVkG7IO0gY4Gew4xg4rW0XTZrQXFu2k3u1i0qZWTcXyApIOGOBwMAkAZzxmuWVKkotc8eZtaaapKPm/i169F1vfdTm2l7OS1ilo3o2l02tdW6PyPn5PA+pWUrpcJEh5JDMmwu+DtwO5DYBUg56Ec4X+xtVgby4xI8AjO9YAGGSeeMbtuM5ycZ59AfpdvD9xesgXSZ2Jl3EtFKz4GCQ3HO4jBbgAenIFx/C9+S8UGgzh3QAOkLrxu5ByAecdQC2BXM40r8vtE48y3s+q0W2mllbe9lvrdKnWc1LknutGnrF2vpy2belm7q6XTbwC+0PUL6xtHgt5/NiSNZQF2naoPTgduufTrgiq8PhfXj5sCRTxpEjNkFQWPDHPPJHykFQcHPPavp1PCmq/Z1SPQbtHJjjZiWCsFwW6jI+8MHg4II24Fas/g3WXKCHQZEfCqdzthlUYOB3zxndzz0JznjnCjzO81fRyTa1Tdk7a26X013toerCFdxjaE7J6q0ldOS6Jeja1V79j5YsPDurW8ym4t5SoD5cAMWZ8BVJx8wBG455wPTgaOkeFLi7nby7MrNA8rlwVXJGMADuf4cHOPxDV9J3PgXxJKUS20jylJTIZzuDADJHJ688Y4ODgZ4g034eeILO7LtZRRpufMbSnLFgBkgk5Gc85BGO+K5Jxw6s1ONlZK7Ss3Zyei1aav8uys6cKzdvZz0stt0+VXV0rNW2Vtrs8tj8Oay9qrmFw8ZjAiEo+cA9SAOM8/TAPQc9SPB+qi0s7mVGRpL5NsJYMQMgKCSTyWPBPA4z2z7Ba+BNat7mG6lgt1hBXzIzI/wApIZlOWcZAP4dMcAZ6JPC2sSWsyiK2GLkSxsZCdgDBgFbOTwBnAHoSSSTnVWHSi3KLd7Npx6Wu0rWSe1rb/e+nCUK8b/u3bmT1XK7+7qvdejVlbRK3nc4LWfBN7qGnvbzW8oUvEMAqPK+Uc+4HJK/pncT59D8GtUYSGO+b5SQFWPeducnB27cYIyMZ5Y5PVfruDRdXaKOItZneis+5mZshVAPUEngjHzYB5Hy8PttEv4laJpbKNuMncVJGWxgLxj/ZbIyMkZIrwsVg8HVs5zUlru0rvRbtL3m7Ky0XRX1PfoSxMLKMJRla32knrHVtWTk076u2nY+V7X4UG3ksnluLid4964EBXYwxlsgDgE8kgdOcmvSNQ8ESia1iH2yWzMMZJEeMyBcbiMYyzdix5JHzcGvaJfD18yW+29jVohIXCLuLDPQsFOSecnoOGOTnO6tpM7W7JfxeWke149m7O0DGcgYIIPQ44yMjOeanhMDTjyxlGys7N3e2rs9XHXV79b9+hfW24yknzRtq1rsk3q1zdU1fo7bWPGPA3w9ml1LzpUukRJJYkIBZi7YGDHjPcD5gVBx2C19x/Cj4cpFd21s2ptbS3SsN80WFiBPzYGAGOcjoTkHtxXkWjwNZzxXEWq26YmZmTAVgf7zLweBxgfXJ28eqaJ4rns5mlPiWxEmCse8ophYkcknG0AnnrlQeMgivbynEZdg6kXPkauk0paWsnzXUk9dYq60Wr1vbz8ywuNxdGMYJraz1S3i/s697Xe6Xkj7h+NFt8MvhL+yr4p03xppli3jDxbZNbeE9am06zudVvpXJUfZ53hNzbwD7+FdTzuIBHP8AOdrUscEIZi0k0EgjLOuCSpBIwABkZHOCflO4fxH9Wfiqtn8crPQYviD8VpFj8I2Rt9JttLlgliWJ2yd0KMQ8i9mI3cbc8cfnf8avBXh3wZqlla+H/Ei+Ira6dWZmUJcW/wAhbbKgyAW+8TgZNeDxG4YvF1cVQsqFowp3knUs2krxuneM/W6trdXO7JqM8LhIUazk8Q/ekpJqMdYxjy8y15dlbezex5tbTwtEEnbCyRSuxUfNvIJA56AEY6g49un9BH/BOjxb4d0f9nbw9aNponu49Q1ea6nkjctIPtBMYibACuCVAwMHONvp/PLYq0gePLbyJWXIIIUKwA6EAHHXr8uPp+/3/BO3w41x+z/oD6gbgR3Go6rJE0Kbx+7nbZvKKcAMCdpzz0ByKvg2nGWZTUbXdJu70fxQulfRNu6TV3qRxDiIxwcL3b54r3XoneLbu1Z33V7+W57d8ZfjX4GkmutCD29jrFvLDPHHfozgu2CieWRgLkDOQQTkgYAz4t8RLbXJfhxN4mtdXt9Svbm7t44NO02yVoI2kUFC42n+AAEHCg8cnJB+0V8P49E12+8SPb2k/wButI5LdbhCJ0aJgu4q/ODjICkjoccDFL9nLwrqGvDU5fEGo3LaDFdwXDWcLM8AkO0IApOMKBgdRgAntXs5ljMRPF4vDKla3uxnFOKSfLaUktHpp8nZX1MMBTpRw+GrxknTupzjNXcvej1vq07rTput7/O9i3xEfbDL4ed5Jz8s7acdnAOdz7SvAJxnPJ9eKYdZ8UWVx5E+mrbPuKs0umAQ7lBzh2j2nnBKgDkkdgD+kvizwx4d0K+t5LzxNCmiRyLLFZRvEtwGlZXYMgO8qg4fPOSMcELV3Vfh/wDDH4oeHbvTR4ggsLDSgt4L+0aKC/jWcBpEMjlXf5vmO4ls8gZwDy08rxc6cZPFXk0rRcn5Stuml5y33sdcs3w1GfLPDNwlJRUoxb5fhsrdebRXvufm5F4r16BGk26fGE53PpaMBgdyVOQST2bGOuCTVuHxPq88Yea90wKyAgx6QSFDBeuEIJH3SCeCcdfu/Yek/Af9n+4hkt5fiXqzR2crWty0ssMbq4yQGDsCx6kMucjPYk16ro/7KfwXtrTzbLxnda3b3ESyoz3tojJx8owX3cZ+7wfrnNOOW49tNVIXjKKTdW7V7JOyez2vZ2+TtpLN8AotPDVJO65Y+yn1ats43W9rXV9u5+bb+I/EMlx9mtr+zZpZPKhVdIjG52PCIDFkFuSMEnHTPyke/eHPhZ8VLi10/UL+CQabqTRCKe3sIfMhV/lMsqKm6FY+CdxGeMc1+gGi/s4/Bjw7YHWGtrfxBqFtF9ptmudStg8NzCAU2JHJhmOAoG3k7eK46fVNRhXWLb/hHtV8O6Y7gx3V1fDZNbmRfngTdhYmUZBVRgNyCCTXVTyyrSTqVq/M3b3Yyb1fLrd6NaaWtbV76rnq5tTr8sMPQ9nyppupFpv4bWTvG68pcyWr2dvm7U/hH4i0bxDp/h2516S6XVVsw0qW8UZt4blgrvjAclAwA6c4z2z9t6P+wx4esfsGpx+LtRnvbMQXSM0cZIuGQP5iNtyAGOBySuAPQDxbxRqVqfGXhm/s5nu7WVdNtBPIWPmFHjDhX5UhTg5JxkZA3Gv1msp4hpNqY1Uh7K1wFUgcwR5yQQcbT16Afhn2MtwNGtKp7ROXI4qKbcpWVnpsrtWXnbvt8znWbYvDRw8aM3T9pzqdkruzilZ2TWmt7NWavpt8GeM/2aNRvEF8/jnU5p7di8I/ehjtA8tTtbopAB43DA5zjH5z/GDwp4k8La7eeH7jVbi9uFhW7vH/AHrFrfdwWLbnQBTtLccccZxX7k65vW/SLg+ZKNxD/dUFTgKQAD1Xpnt0HHxP+0V4F8L6TrWofEgxPe62LS3tX0+dn+xXEIbJ3LnYDwd+QchSQRkE55vhIumlRfs+RxUpc6u4pJvdtN2Sil6q99TbIM1qRqJV17RyTUUopNybjaz5bO6aWq2bvpofkPeavDod+klvYzytcsEYtdSKsgIxgjIOQc5B545+bNe4fBj4l6D4Qv57fUvDt1dX2pyzxrdWtxI08MNyAoQdvLXoCB94da6/xF8e/DLo9vL8KfCSTxssMF0scJKmMZZi23OTghscn1GBXES/tBeHNOmhurLwF4dg1OPh7gQlwxByFyeBjjAGe3Ir5GUFh5OVOtByS35U9W4KStJO702du9z7ZynioOnPB8qlyte/CNl7j6q929Ur2Stq3drV8fT6f4w1m8s5ptXsLCKQS2aRRGeYh12sszhGDMOm3B2MT8oJxXOW2tatpHg+38C2ttPquhaZqVxfNHc2Evn3Er5ZGZkjGV6/MMY5HK7RXqug/trW2jSBU+FvhK8LqiTNLbRMZJMgllaRDtDcENgEcYHWvQT+3RYghz8HPCiMyIu5be2UbuhJGznB65yAflweMZThTrqVWpjPZzaSajCUvcaVotrRxate6a01urshf2jRcYUsvVSEJKUJe2grNJct7qSdr2XSy1Z8iHWoGu7aG7017G7mKmCIWFzsZ2bbtcBNpUADB9CcGu2k8P8AieSOS/tNGl1BY3jili0+1uZHRSMkts4XPqMENwDncK9lv/220+0/bJvhP4IadCEgaTTbViMcrjERzyV2txxjPpUNn+27exJfS23w98MQzynzXFoiwJkHhmReMAYBBAAGOMZFckcFhOa8sdJcyu2qcoy0UXFyTutbbKyt5XOl18ynFSWXx5rptSxEdkk09I2cr6JWta22p8+XV1fxTSWlx4d1K3CMu6NhOrtuIym1gzZIBGOpbJJFdz4K+D1/8RIHvXh1PRbWOZ7e2Se0u2Mk6BsKhAGNzZyRyOB0FdNqX7XfjXXLK4gsvh/4Zhmvtxg1CPSFnm/d/feOZ4nAZTndt4zg+gFTw38S/ihr9vcwyajqOl2bn7Sk1vDBaRpcgYYIqBSpRuAQdxUc8gtXFUwuGjUUY16leEr8yUJU0tmlK7bS6prTZs7IYjG+yk1Sw+HqRtvV9orXi3Hlik17u2tldb7nd/DHwd4i8H6xP4fv/Bmr3NncCaF3CyQy3jebsimRpSwWIZBJIA4wa9F8UeB7u5ebTpPhRqM3lrvt7g6hHnzDgFupHHXGcnoQcbq9X/ZahvbqbxLceMNev/E85hEFlcPI7iySQeZIiyZKrIrHkArznkjmuD8bfH/xD4Y8U3+hXfgOeztbOS7TTrvUr54J9Wt45mWK4gV2BkDqAQwGMHgd69mlgcFhsLGriKsoQneMFKKqSivd30korrdWv03svnK2NxuLx9SjRp05zoQjJv2jimlGMnpsvN7fM+Z7m/8AHHhDWLe0Gh63pkWnyJcWkcFuzlZN4JUyopVlHBPOCFODjk/T/wANPiJrfiiK+1nxrrdkkis+lrpepTxxypGGxHJJCxzjaADlcA4UlTXGp+0Xq7NMZPhgLudIPNuYl1CymkW3bhXInLEAr8w29scHOB86+KLj4c3uoXGt3I8S+GdS1adpLi2hvY7i1tmlO8hI42JJy2SADgAAbRmvNp1cPgZueGxkq1Kb5pUarnTjdpcrbfuyaeijpyt3uz0Hh6mNhyYjC/V58sXGvR/fSjZR7Ny0tZdEnulZn6THwh4J1+6tbmWx0IyXECRyTWk0RLKucZCPyx4BHPcAZ+97hpGk2On2VrbWNlbw2kEAt7fEaiIqoAIULhSx6sRye5PWvx/8K2mn+J7y30bwR4z12a9h3Sl7o3kMS7OuWibbgDDEdCF65Br6Fg+Fvxnu7G3j0j4pQKzLvjtDe3SSRBSCAyvIwzjIAPHIJ+bNfR5bm/ut08t55r3XKjKMuZ3imnKy6rpqnpq9vm8zyOo5qE8zlBJXUK1Ot7t1DW6urp3fLutfn90eIvDFtqukXWmXEVtFHfnbJIyAsikt82cH7pIYYGQe2Tmvz3+IXj3xX4C8RXPhvTdYfSbfT5HtYTFZ7XurdRhJSxjO+NsEgjjHOMDB0dT8TfH34Mz6feeIdZ/4SOK7UwwxPLFPZEKRuMhy0kbbPuncGOScEDFZPir43eE/HV7peqaz4U0u38VRvFbSXM7M1o8IIUCSJMkHOTuYHAPUDNY5hjli4L2bqYDEQcbqpzRlKN00lKGzu7pWvdPuaZTleIwUm5+zzDC1E0pQm7QkuVpNSs9bvRXa80215jdfGDx/cQTJD4rvp0lUji2VHUAnJUuF5bkAKOevpXIQ6/4p1eeQy6jdhrgkSobBZDKQcGVmjj2s7HkNjJz1zXp3jT4g+JPCC20un+G/B11p1803k3NpaJKiKgVm3mRMLID90ccEk85FeXXvx98apAotk0C1ZCHH2fTrVXGSSFBaPBJzyct2w3XPy1eo5Nxr42vNxtZNSaezs3KS01dujv5n12FhOCToYOjTT0b9pyttWVrKO7d9btrXU9n+H2iavrq6Y0Vpezmz1aO11W6vtNVgmn3BCytbBo9zBI1Y7sgA5A5Ga+lbzwf4Qtv7Zh8B+LdKF5A5htdJ1DT0mnku5UUNI6oowBIWG4AbcjPqfzni+OHxI1K5laz1eaN5I3Ro7ZYraMqoAZmSAKM84HGeeMnOJ/DfxL8b+DdUHiLTjC+oTMrSNdMtyJJHOWLCbdjkNkEd+CMnONGvhqcbSoOtrFuo07xSSXNBLXa3PBtq6T6E4jL8TVnGcMRGjKPwxipzg2+VJt9b/Dyrraz6n2PZzeOfhTf2A8c2mn3f9ussFnNG+y3FldMUke3djtjYA/PHgOAAAdtfWGh6faRyaZqKXHmLZwlrS3EizRL5yl9wbna6qeinOPbGfgqL4pw/GDRrnTviHALbUbYu2iX1m8nl216qhomKoQqL5m5iBhVAy33cjzSw8Sa7p8ot4vFmqbLOR7d5IbyRoxIrFfuM+CMBccZAAwA2K9rJ8xwuGqpez9pGUoypq6UoNyjdPu7tS0bSSXTV/P5lleJxcXGcnQq0/dqK0pU6ily+9G1rJtJtO1rdrn7Cx6p5ylgDtBUjafvHIyPlPzHnqfmHHByK+JPj78a/G3h7xjeaHoVzf2NrZWsDRtaQF/tAc/P5jFTxywIGDznnOT82Q/ELxraC4P8AwluqwwrkpIZ/M4J+8AWIG4ndgc5AznBFall4p1jWZWvLrVG1JETZPdzwrLK7YCjkgtkAjg5ORjBB5+mxma1cypRw2HlVwkuZN1INXcYpK0dnZb37K+7PEy3I45dUlisQqOJhyNKFRcqUm4rn97qrb231T10sah+0b8TIpIC0ctxEFjDRtbTR/LgAljGoG7OCemSBk+nD+I/HknxGWJNU06Szv9PeRxeSPM4kVx8scayEkAZ6FR/dGetdLd+I5FmW2kmLKWYl/s0SKPmwFJZQecYY5PPpzt5fXpmu7cRqY0kkucmSNURthIIJKAAEE+3GcZxivms0wOKWGqOvjK1WmuVuFS8lJaWXxO0o6NPRO97dT6fB1MKqkZ0sLSpz6Sp8umytpor6Wel1e2tyj4ZsYIrhTIrXLBmKxsg+YkEZxg4O7npnkgHOK9Sv/Csmo6eZZ9KuxBFbySvLJG4iRdrNuQD7w6A5yCOT3xyPhG3kkvFCkCOMoJWLDcNrnO7PUkZxt65OMYWvsjxHfWi+DZoEeN500hllUMAPLMRwSinpywzjp2OTWWS5VRxODxFRu0aUJSXeWidk/NR9X66kY3MpYfFUYxvP2s0rNuyXNG7TSbbaaSfXVJ9V+dOr6ZDA6vbRxqFULGpQ5IyQeTnOQTt684KnIyOfis0d2ln2o6yt5aeX1ycEkleBhfoTyRkDHaeIraV2WRdwSNeBG6jJLcgnPTG7jO1cEEE5J5y3tZZAVbJbzGdcMeQeu4knO0Me5AVRnc3J8BUoSqcnLFe8kruycW0r2Wq02s23pe269yeJfJzNx+FOS/u6Nre6bs9drq3RF9tNv5VhltdJv5TtAQxbsMqnllUDHK4HA6HAPAFYMlr4gtJLojQL9gz7lby5cgZyCcjIznbkj73B/hFfoj4X+GulT+CLPxBbWN3qN5p2gNqFzbQTqr3EkUW/yo95wCVG1cbSQRx1zxnwhudG+MXia78NDwR4g8OfZ7aSeS/u5IngmEJMRgRlJzJvUZAx24ALCvsYcI89PDtVo051oxnGLjdS5km91qo81n0076r5r/WSMXWqRptwoNqco2duX3XdNbXetrtb7o+J7bTPFV3NC6aRq0qtcwhIRC+DukQnO1RnA43EZ7k8Zr6D1ptdt7u2gk8PajcxWNnbKiBSWjcom8EjOP4VHHGOc9K+hmuvCHhD4jx/C86ZrU/iOby54bpkT7JHEY2dC7nKjABAbIxk8d69T8OfDuK21268R380121xvWOxuXzawkbhgqCd2GwRkED1z13p8C1K0koYiMlCVpy5VywvyOTab113V07PuteHFcVw5IydKUOaLlTbWslN/GrrSLutEo9Wr6o8C+FPws8e6xrmparLopsNOuNFknt5bxkzGXjO1ERjkOScHPIwQT0C/Inje4vND1zVNLnvFlm03UrxLxDyiN5hAACgsyE5APOcHHPC/rLrNxrukLKdJuIoVjtSsiFpdqRv1VEzgkg4PcH05Neb6V8IvBHiF5tT1Hw9Yz312z3GozzhgblpizZ5yvJ4Ocn0IyRWmP4Qh7Klh8O/3sZP2k5NKLuovSy0Sd7qbbtrtdGGA4m5alXEYmLdKfJCNOm17sk1JvW3fZ6rVq90fllDrjX0W2OEzzRlfL+z793zNxwB1J6DGefmHWvTND8L+INY+zMulXMNusIllmuFfMasoIcLgbuBuHUHndn5gfqfxV8D7Sx8c2snhnT7XR9K2qzeRGskQkA4Vy4P3iDt52gHGQBxs23hu70/UDa3t3ceW6YkMcahFRG+VY/LGGBHzcEqAB6ivBo8L1Kc6iqK6g7cyWjtZq731bW9nZ2TR7889oVFGdP7cVJKdk4+9d3jrbpZtt20T6nwNq9n9h1S+guUimlSRoWEibSwJxlRjjacfMTgYBOejdDHZOPh34rkRo5I5HtMRqq741OQU3AEgjAJx7Y4Py5PxMUW3jzW1jl3JBc7mD5VwuAMbMn5sc4HTHYdei8OwPc/DrxdKEcoLqxcOQxj2l84HGAD0OP4Q1ebioU6FCvGcE+VOLdtd4p6JNW2etltyu50qtKbpzurSs+W6Sd0nLo0072km1qrrU+TdYvpkmvIEEiNDpd7CN6Any0jGBx/ENxAzj7vQ5Ar3L9i25vz8WfCRjKCMeCtYlCYxs/dz5yB37E8nb6E15R4h0q+/t3V7iTy4rKbTZ/KLkZVjGqttXAIyQP/AB7ua+yv2SPgt4kh+Ivg7xRCIb7QP+Fd6oby508p5dpJNBOYYbg87ZmIJIBBKkg7icV8/F05clGNR81Rx5Yp8km3yJW1s15bfLfKrWh7HETk4wtSktU1e3IkkrpL0tut9j8pfGWqXB+JXidBMZA/jO7dymdqk6jLyR6dcEn/AOu34gXrL461IRy/vE06wYq5KgqYkLHA6ke+Tx04wc7xXaXLfFDxhDbMoEXjG/Ld87NTmX5TnsehyQCBnk4rD+KH22D4j6h56OFOlWjDvgGGMZGAMqc5BbAyD9K+6wsH9XgmkkuS89rax0dl5Xvrbe5xSmpVoptNcite1tFFXTSk1dtapdtNGeleMbyNbbwlPdhpmmsQqgMcFwuI2Bz1BPXgdc52nGakNxd+AhGrtE66leM0e8lnVQcj0GBjdj5gfXjPLfFO8vT4f8B/ZVl+e0G5kAUqygA7X5O4jBx0Pf3k0zVbuL4MajdhnOoWuuvChIDN5UgCsN2M5Jyc455Hy8gQ6Uotu/OnKKjsrXSet9bO23Vuz0u3qqq5ack2lGSTVt9Y3u+7t1vq2tD0HwWZG8C/E+KZ4lkXwpak+Yu11VbhsIvTqAfm6E5GBzXk3w4lgS71ppcl5NGTG0kggIADyRwevucd+Dv+BdX1HWfDXxRM87JJb+FoAwCoBLtZhxtweRycZywPQcjy74bXzf2jrqyqQRowAyzEjauATjIBIXAGcgdeSAahHkqxU9ZW2a0V1FJ2k1Z3TtdpX6WIsp06qS1coteekbt6777Oyd+qPdPiCLu++E2hmJN0I8a6XAu072Z8RhgqgnLZyBwDnsc194fGTSLzT/hp4GkuIbiMNY6Wyho2GQLSLO1SATgdR0yCBxk18z/Bm30XX/CHhuPUHs1eDx7ZXUMeovmK4aIqqqI3O3DMMEsMfSvvj9rHUpLvwh4Vhitkgjt1jQeSF8ongDywBwgGQowBgg5wVrDB5lKrmVbDKnaFOL5npdu8V7tl2V7bLT0OLF0eWnQkpXcqk3bVpp2vH13tbS17Xdr/AIh6ldA6j4uh8y6U3GoTRtsDCMxqCfmXgcMCcgcEcgDJr2n9h+Oa9/aS8AGK4UwrdTOY35YJHEwIG5c5JyQADggDgHjya5iae88VAND5h1S4+bOW5jYkA4zx0PY4JPCkV63+wHbyy/tS+BEadWEEt823AO5fKc7cHIJPfHHHBHIHfjaahhcTLW/s3ZdL8q9b26rz32CneLTekbLa+mi212/zTvqcR+2adUl/aq8fXFpcIsX9p2UR8wYLAEA4GCSvPUDGMEcDNc7ffCzxj411w3GjWsOpSW1paBpDJ5KL8inYqsVBAPI2g49fTvv2rLS4vf2qviBNGA8EOtwGVdq7RHu6BTgg8LwDzlj7V1fhrxlfaRq91FYWQnVYbb5RII/lRAwU7SAdpUEZHuenHz2YY+rhMop1KEYupCnFRUk7O6i3ok3ZW0TT17HXHWclGTcWlZq70tG70jJ68t7csrPc8t1f4F/EfSbGS/1PRpbW3s08ycW8iOuxQAOAxJQgkEk4PauX+JHwz8SePPFei2ei2TS3EfhjS1aF2QBV8oLuLEkb1x1JyD1OSBX2xdfE7U9b02/sdT0ry47iH7M7iU5MbKAqkHPOeOMELuzjq3BLc3Oh+Nx9kgtEnTR9OCi4uNimLYrqF+YYYqAAPUkE9a83AcQZjVyjMcU6NP6xQUPZRTlyOT5UudX01a9bPTqJRlCtBTvZxld7P7N07r16WfbQ+Rpv2Vvi3Z26w/8ACPXjQEttkiddsvG4BRjnIAAwAT9Turv/ABX8OPF8nw88C+HptHv47/Sv7VWe1QCRY08xR+8kVSqnHBXJPQYJzn7jHxP8f3ls7waFZR6db4QTrdAxqVUgtHkkYG3IxnLY9xU1rp/iHxLZ+F7qwjshcX0OqKbW6nYG8vPPjVUBBwUyeCegxknhhw5NxlnEqOOljqGHajSTh7N2acWr3V9t2n5Oy1ZFTByxEqX1eUk+d6tWtZWsk1Z2aTV7X0tuflJq3ww1nSowH0jVFaTDOQMBcjsU7ZwefxGCSex8a6Dex/s++HNOFrP5i+KbtjGwG/bkbSykcEYxgDvhua+/j8MPiR4k8aano9h4Uk1E6JFt1yCwfz4rVwvzKDnbliylF9SVH3TXjHxt8L6r4c+GwtNR0y40K9sfEk0X2C8Ro7hAzA7m3AFQQflOM5HU5NfQ5BxTSx2InhpVMO8V7Ln9jGceZRtFfBe9nftvZHPiMuzCjySqUn7P2iXNyvVRVk1dWd9PLr0uvzFXwzezy/ZzDNtTJIVdxBxyPlBwenUk9D2wfpX4JeG9Rs/AHxigmt5YfO0yJYmkTl9u47QuM5A5GcYwecEVzlpdXb3syJaQkRxBnmQ7dzAAgllPY7cgjAxzgdfqb4NJLc+AvGl9cxpm4RFlLlGV41DKeBjgAAE7Rz1FfX5bmVV4hxnFNKMrpO32VZNLl07PXy0ueRmNOpGnH4U/aRUXbpzRVttbX089FqfnjD4KmcRtIEkkLM4UxtvwCRyCOgx6bQPoc+pfA3QLqy+IsMxt52jXRtXAwh25EBGFbGB1BGT1PORhR9i/Be18MzeIb3TPEVno5e6sZhZvdKu1Ey+wAnIV+56E8HAJNeleE/h34cl8XJP4ZtoIjBpGtSSSFy1u82BGUiILNlsgrzhQMYIwK58FxSoZwsJUpSioXlz68tko21ervZ+TSta2hGYYCTwEp832I3una7lBJe9q0le8mullY/JbVfh94k1DVdRn/sPVHtb27u5IWEbAOwuZSNuByMEHOedvGM4pmk/DvX9P13Q7iXStVhhi1SzdEaJtoxOAzPxwuDyMYO4ksOlfuxe/speNodNsX077DdteWqX9tuJQx+diUxquQCV3nJK/Pk7SeKy4/wBlzxibC2m1NbCC4lmGNxLM6xtubaSdoI24B4JI5IJFc3/ERMoqY72Tq0oyjWcHFTSu1OMdHpe72vp2TVzz3lOLhQTUVZwT53r0jaKas7NLa29vM/HH46+G9b1H4na3c6fBcyxxwWAcRW7S7QLaEEKyghsZbIHGQQe+PGpvBPiq2RpYrLVJVmRgNtpIw64OV2kqAMk5O3O3Jr+gf9mv4I+E/iJ4g8f2vibRorqbSdZurYTmXa26CJY0O4sOBIGKjB5xgHJFfWWk/sBeA9da4up7e701YY2eGGGZCk8Rc5HzMMjaOAOcZPauXOfF7I8nzaWW1qVT2t6NpQTcWpqLTVpaq0uzeu9zOlk+IdNTc0oRsm9dvdSdrrZtaee/Q/m9+JPhHXvEXw++EmkLKbe40/Tbp5VnidTGzMdqOACQzHgAjJb6149a/AXxfJmJLh/McNKE+yzsuwE5ywTvnIHbsK/fP4j/AAh8L+BtP+H0MdqL4yfGzT/D7NfwpODp32qFWtyxVi6EMcpjH9P1o8HfCj4VxatqdjfeBPD0KQiO5W4Ol2zlY0g3JGFMRASRuCMEdjjGa1zzxVy/LaOExUaU5wxN405XS1iottpX0a6taPQVLIcTaajO7g21ZtWej3u1qtbteT6H8kV38Otdh+C3h7wtd299Jex+IJ5XMFvIXCFMoyRhd0hwCcKQewyGrxe4+Bupp5r3UOvjr00u537GY7TjYW689M8gn2/rK+NvhbwFpvjH4EyW/h/RNL0rU/H2ox3NwLCCOG4hitcCKWNUCtGpB4KnHY5r6A1XTfhRDJKlppnw+mbDFTdabZRsx3HIBeEAnuuQOx44NfPZt42YbBQwlangJ14Yii5J8/K7xlyu2nvLRbPu9lY1wXDVfEOavJWk7tJytrZXtvpt/SP5IvhL8O9R0fwf8WIJLfV4oT4VEz3V5ZzxQOEcgJvdQAxUHK4BAwfVh8lr4ficFfPnLMmSoGR945Ax7Z542jBPBFf12ftSJ4Tg/Z/+KVppGi+EoJm8NzO8+jW1lHNg5x89uisydAMk9V/ixj+UqxGdRtkZU24Y4U8MAflGcEbVGCQM8ZxkgGv1LgDi1cXZXPMJYaWG5KipqEm5NW5dX1s0rW1S7aHh5xl1XKsRGklzc3Lac01q1FXaeq7dtF2O/wD2edDudI8b3F5HNJ9nXQNXUB0LYdrWcAEAAjlgp4x83sc/MmqaJqs2q6mjyorT6hdugXHLeeRtDcc9AMgYJAJznH3n8HbS4Hii5aJYhDJoGpvhkIUZglBYj3JGMnGR0IBr5K1G2Fl4njimQ3Bn1hmRlPyqHu+EIHA3dVA7KewGf0RO+H5lGyjKUb9Hor3V76rRW897JniupUjVnaOqpws3flvpFtLqtXve3na76P4S/DDxXbeN/B2qPo9xLBFrFvLJcMxwsbcg9OMjJ6569dxq58SvAniK7+IPjG7ttInmQ61cmMrhiSWPA6Fj09DjA3HqP078L+Grew8LaHf2djItwz6c8s7RybUEmwMDxxgMcbSAQvB7V5dp0EcnxLvzd2Ed7p3/AAk8yXbtII41+YlWOWOUOc9cZIU5IbM1cVCnk+JxSin7Gadla7tG3W9tFpp16q6Jhz1MfSouPvTppJpLlspJp7b3u1dLdtWPz/0z4aeLG+zXcugXYEU0RARXYqqzIWYkAgADj5jjOPTj039obQruHxf4TdrG6kkg8I6crph1YN9nCgpkDO04JI96/RODwnql/wCKbyz0Lwvcmy1NxbaXJbSrJBdAODOY925QqLkkp1HOBxWL+1F8INUX4reFtEsbKZpLfwLpk/mSNGEilkgBaKRwfnAbcBySD34Gfj8n4loZtUq4WFNKvFy916296KsvPS779j6Cpl2KwUIVasEoSbteLTulFpWa1tq1te68mflzY6NrNoga70+5htpQ0jykEnbg4G3Oen3q95lEEP7O2muwDq3jadEyjEiQFuXXnHPt17Y4r2qT4ReJJ7SO2vrOWUvH5ZMeEjx0Uknp8uM4OT1wACKwPF3gW/sPhhp/g61sXkv4/Fk1w1rvBZlOSuHyOSMnqDkD8fqKXND2sZLTka6XvJxt59E3fVXv1OKdSEqlGone049NVflTTVldK12rNtt9LHx8lrfQia5gtIlEvzrLswMDgkDGck5zhsDpwOvvPwpvHT4efGAM6xumh2xYIhG4uxyOeCAPlxkjr+FWP4P+Pm+z40d0t8MdjSggqSSVzngfMeCec+4x3fh7wHrujeFPiNZ3OnXEVxqmm2kFtAoUiVwxBCFQcg9c+7dzg8mGhJ1pKVlFpptv4XZfC/yb30u7NHfXrxVOPut2auvPmTvFbJ7O29klY+QZGkltEMCAySxDDrGQylQMjhehPI55xxwK+h/2WIb6X4h3kcpKzL4X1kKJFAZiLUkDIGDgZPAAwMZLYzNp/wAFPG8lpaSW/h2eL92pLZB+ZlHBBAOCQT3wfrkew/Bb4b+JfC3j+41XVdNu7SN/D+q2/mMF2NNLbgKqkAd8ck4bt0Na06fv2vZbOV7JXtd929Fo29d+5FTGN2jfVOKs1yqzabdtL2trtrd7b/BfjfUreHVNSjjjtnu4NQvVkITLHbcTAncMqeSeAe2QMnLWfhTqfnePvAaSJEDN4q0sNiPsZ1XHQHIPUL36jOc+k658FfGT6vqV8uhSyG91C8kUOyDeHuHYOoIP31IOOATkd6s+EPhB4s07x34N1GbS5obbTvEOmXFwE8vbEqXAYnsSQOgznv069lKVnCCtba70VrxV3rq+VNq3V+pzVJTlTcpNaRaS6P4bO+zdk7pXSd07aJ4f7U2pWNp8efGcU2EYvZBY2UbXPkRnJJ7DOSPUccAmvmfX/EWhtcxQmdIJFZDIYlGCOB90nAweDnH6ivoD9qfQdV1j4zeMtWsvszws8ClrmZI3DRQpkqjHcfunnAzjAxuFfI+peD9U8oXDG3VwwLMk8bFjuTd3JwAOikEgdcCu/kjKSlJt6q2r0SaejWm22mltVex5/tJRpKKSavo7LRKzeytdpdbO1n1V/rj9rPVFl0f4JtBdDy38BwqFAKbgz4VnIG7aQRkAYPrjp8jaPrEv2qGzaWMovytuL4weeT3CqRjOR+GK+rv2k7U6joHwTVIInltPAcMEmXX53ik4ZsEgD0wTnOMkjNebfAz4PX3xH8b6fYSLDY6SjLNq19IylIIUbkBTuJ3bSp+6c89Bk5ZliqWAozrt+5CEZNrml0ir2ju027WTWqW+ptl+CqYyrGlBJ80rpvm2vFPytdJ2ltZtJ6W988JaxdWX7M/xGmt5o1ay1ey+zshYuBJtzIq5BJyeSB24wBXx8/xF1svIrRrOojGZ5Gcb/lwSAzFhhc9TjORjtX6Z/EXwZ4d8OfCr4p6B4Uk0+TTrNNPVpoHDh7iNk858DPLAHg5IGBwAK/J6K0ZtUMMlzD9lkkSLehyMgqGHLYUgYyDjBJODnnxsszmlioOpJuKc3pPlV00ns7WdvK62O7MMprUKnJTp86i0mopNXSXk9Hpr01s2z6m/Zf1u+1z4lmC7MBiXw5rjxbjuCMlnMcHPXtkkMBgjnJB+aNa+IE1lrWr2bx26Jb6nqEKvtJDbZ5DlccY7YXqfvYxX2x+zN4XsdO+JGnzRSxSW934a11QyRnqtnIuHcA/M3LY4HUYOc1+fHxC0yD/hJdcW2lBaPXtTBVY2Yt/pLDCqAdwA4ztyAfujOK+ioYqjUpqceSzkvtdUlot3ZapW+/qeDPCVYVHSlTlzx956b3tZadkt10a00NzSfiK8ur6ehtLeZH1CyTcWIUk3EfIQkgnJKlu4AAz/ABfXP7RXjuLwp4t0yKfTbC6e48K6TMPOVS2HtUOyPIIAJOTjgDrgHB/PmwhQazpIRnQrqmnrLmMoy4uIfkOTwQR6Z6cLnFfWX7Zkcq+OPDjIplH/AAhei5JAxj7LHhjzntnPTOCehx2JupFNuPKknJ8197JXe7atbd7LTS559WE6N5Om3KKutLuN+VbJN3t3d9keet8ZoWjbzPC2lkLudQqw7toBHYdDyemQvXIyD7R4o8U3el/BDwP4ug0+zePUdWvY47KaFTHE28t1YFOp4PUDtxg/n95F3vMjKVRFbGS5B+U44HLHBOSDj6g5P3V45s55f2T/AIWBMyH+27uRo9w3FQ7Z4JyeBjkDAPGMitlOnBQlzLdXSbeul1a6u10su1093wN1arSdPTdLlad0l1slpqtt07PTXwx/jJq9wpibRdHV3dlaQwRghccdBnj+HBOMYHpX1R8DIdb1n4f/ABd1a9itLWBPB9wLORELGbzNvyhRtHAxtOOOOpyK+JdM8Ca74lKmw0i4RWkAd8lR5a4DMA2O+COx3Z3EEY/Qn4L2Eun/AA0+Kmi2rStcWfhdUPnYBDFVaRcNxxyASc/iAa5a+aUIzjSp1Oad1dRkub7O6Vutna+jb9DupZbiFB16tKUYWVuZOzb5dr21VtLLdpenxvo3wwvfEFw9zdayUijthKiiIGQOpb5XAwQvPDMeg9cA934F8KX+h+NPDl3c6hI7JrFhCC0bMDC864IGBgYBGRkZIHs3bfDuJFnv47m2eS4+xHbIjcErwSSAAcjgnB+7k5rR0BL7VPFWgi2gfbFrVjbkHaWdjcDKruOQyk8fNgHqOBWUsXUT9qqloRkm25O+6vd3Wq1vr2T3sFSFOV6XKno+jV2uVPZ7prV3t3bvcl/aWlMHxh8QSqkUkCW+moJGiY4AhRmVGTlVJz1zng8Y44TS9Xs5Htrd4QWlntdreW4xJvXaNpzgAnJHcA5IGa9Q+MFjqbfGLxjFd2YeDTnhST7Vl3AS2jIMSIPmC7sEjJx19a5nStNn1SbTRYWRjK6jaRxyCwnTLG4UDLlc4Xu+enI3AGuurm2DjDmeMpJOKbTnFtWUbt3ku7XTzTueXHLcU3CEaU47KNoyu7WVouSSabtpd3TVuh6R8NrS/T9qr4dmUoskfi/wsHxjKIZoiNuDzwRjAxz25r9I/wDgs5ZOn7S3gi5tEJluvhnoSZONhcW/RvQkjnJOOvrj4Ks7C48N/tYeAV1bTdRikfxX4VaO9W3lS3nJeDaw3IAUJG3cD268En9Lf+CwOh3+r/tD/DFIrUOs3wy0ZllaURYxbK3DFuOD0PGOMDoPzLEZlh6niPw1OjiITjUwWMjFxknzK8Xq03o29L9elkj6xYGvQ4ZzCNZy5lODUGmmmlG9/O722srbb/hTr8Ov2kMMxtwJHeSMLlFjK5ySM7jj5Tnb82d2MGtzwtFrlxp1xNcWsEMRgkzJuJ+aPPzYJ46Y6YI5AODXRfEHw/4h0nTNL+2acJYnupFiSK5EjsASN5IbJOGz2ABIHfPRfDuKLUdLv7M6bcRyW2nXjHcS0Yk8on5i3BwQeSMdD0ya/eIVIpylFqVqadk1fmSTa20a+a27H5hzVXOEJc2rjFLXW/Je3u2V9dF0v1PBHtrsqzSSWwaadzCCXdVG7cTxuAA6kdPXtjO03T9Sc3MgaSaAT+W/2VHmC/MzdslVzyc8du4r+mj9gn9nH4HeNP2Q7Lxl4t+Guh+JfE0kviSC5vLmJpLyfy4p1icNgrF5BAMY+UkjjgV+X/gLQNBtPBPx/wBPtdDihfTvEerGwdraN57K1hupo4YIpWTdGkaqFJyM45xgg/hv/EVsHi8xznLsPg6ir5PjqWErKpNJVJVaip88XBbRts9beTu/0TC8I89DD16uIfLXoOtypPmXuKUeZ6rZNOzRy/7MMCr8JPGEMcKER+I0V3dWyjsi9Bxz3I+UevOTX7jfsHwvbfCP47tIyAz+EtbWN1ABOdKmA3AHhW4GCODyeeD+RHwEtbU/CjxK0ESQs2rRPIAmNzBEBdio5LE5K4GOTk84/Xb9hcOfhL8cZGDuo8O6ymeSNraVP8vPGD254Ucd6+n4mn7bh6FZpL2lTDycbXX8SnLVb+V3f10OLK6Co5pKjCzjT9pGMtHpyLS2mrSVm1p6WP58LpGi1S+fsNU1dWdcDBF3JgHIJJzzkZPfnArVYIlrGT83nW7DAJ+fac7jnoMANj1yPY50hifVb9HDPu1vWjtAKr/x9y7emBkgcAEdOcYAHVQRW5tof3auRbyjLMBgqGwFPptBzjrggnPX6nBSisLh2/ebpQtqtG401fZ7u3z+9YYim5Tkr8q9o9PO8LqyV7Wvvvd9dVn2x80xOFZQkIbC4bICgEDqcDuMgenUZyY1jW4YBCrNcNlj0UfxcAcf3sEqTjncPlHX6YscdvuwodogACOMZwCp7Y4GCSAeB1qna20Uwn3lQzXa4IUZAz93t3PY9eh61vKpHl1s3tpa921b0bS1+S62OaFCfPaL912fpJW2d9Lvo7X+d1lXg2WkR2jzPtDANgqdozkkjoR2OQOBnB4qrpZW4u1DBlYGQjaPvjnkAAEEYJ+nIzuGN7WYCLeIgFiLshdgAGFzkEfMCc+2SCCTVLRY/wDTfMGxWCzqFPckHGDzkEZ7YOeh76KpD2Mtveuo6J7NPVX6rpe7sm29DopwkptN2s1Gz0vrFN/rbd6XTKjpbx2t0xiP3nZgW6EN8oA4PzZyfU5PbjDvHUmD5CoWAsozySSAcgYGWG4DqQcZ45HTXMSMXyQfkmJGOAdxIIGcEgkcgHJ9+a5q+TAt2YsN8ZQFl5Pzg8KM8ADBBGOMZPNPCtW9/RPVO2qtbts1ru7au5M6dp3sraOyu3ZKGj7K8vLS/kbUTg/2ejAJiMoDzkADgnP3iTnGVxzzk4q1cSwC1gt1iDOZJSzjC9OSGYD5ieo5z1HOM02GGQ3Gn4+dRFkgqOcDggcY6nnrwOByA54hJcoiklRJOSMYHAyeCM4Oc8984+YUkqcpr33zLVx6u8ly99HZ2Xy231S5YKKS0aUm9VeUlsrPVJaa2u2tSG3ceRCWGVVCACPQkA9QMnjvzkHj+Kqz7Lh9qgiWQEMUAONpyRyMcjJ9+Sc4zehj+4obcQkxwDwOeAR3znt1z6jhHKpLEG2gtGr/AHeThWBz1243d89QTxwOubiqV4x3itWrttKOl1t5d+mpz0XUdWySSSilJq7crRfZaW3330Q23VhpF3kqSJGB68ZYAZGcAH0IPI7Gvjb9ore1xo0WCV3zbsYOPl3A4OfQ4A56k8Dn7Lt1DabMq5AaQNxnO0sRgnocAZ6HqMc4B+O/2ht7XmlbCxPnTqrbSw24AwcAcDnoADgfj8/mbf1DEyvyxTi0mmr3cU3Z66Nrdeb0tfrqxbik1o+X1srPrZXeiV9tG9rnzEghSQQ7yGZz8y9QuB97A2+44AHc4zXU6dJFFIYVdiwAIkKg7uSfTgAEDPpxnjnlXgwwJDO6N+9xhQW5OST2xgnnHrgGtrTbVjcb5Hkjt2VG83JO/nlVA7dO+RgkDkgfn2IUJQXvNXtou1o3v11tbRtWXdsdNRa2bcWkk+ifKtn9z6P5nSxX8byypKInjjGVGw8sCTgnnaSQMsSc47YGWRTZmnaFUtw4OwnBLjGMKGB2k+5Bz06ZFPUbW3sxH+8KGVyVKZBeNuQGznkZHUgg5zzkDKnvIHhSJgymJWCS5OWIBxkk5HGMHPUg9OK4aNKcmnC7jdp3bb2V4u17XS8r35bX0HKNklLXqujS0a321ejdndtWSSOys9Ta3l8u6GVQbYj3DZBwMHkjHB5wcHArpl8S282yK6wCq7WUH5nByFJJ4LE5wcEYFeISajIxUo7pET8juQdxAxyC2Bnkj1bHfOBdYLSKJHZWjYDedpDktxkDkAg+gzwMZIrqeVqraTd3B+Tu/dbSa17673a1dmHtlTilezbvrqtZR9HpZOz7W0PUNVkuY7mK5t1Plu6iNPMIztAYbsnJJGASeSSQBkYr07Sre5bSrWS5jId3SR0C5CqXyMkgHod38WODgda8Ssta2mKQJ5qI0ZWKVtyhwQWPzDJwM44IzlTgE59RHjKC6tvLfzLWTYrmNAPLPlg4CY4G7HU4XPsFr6vhythsHJxry5ZRVlorX0aSv36u+ttLnmZkqlakuRSkru1k3dJK3ZX1tppa270KfiHxkIdV1K1iLMFurV0G8hUMUYUnAAyw249cH0yK94+CWof2trt/do6+VJaRkkLkE5AYcncTuyDtwOPQV8wWvhl/EN/cXVkDJJLKHZgygJG4Cksp69OozyB3xXsvgTTda8EakktlK7q+Ipo5GACxk5JA3DJByR1yT16g/Zwr06jjVpu6bi21FW1e97Wvq0ml1fS6Pn4UatpQlDfRq9rPmbu3ttJ6b6fI978VXaS6tNAsewQFM4PB2gALjj1+YknBAH8OD6P8J/FmiAaj8PfFqO/hzxYr2cF0zBl0m+kBWCVCdyqrOB1IyxGOhx4pdagLy4uJWZvMOXYsvLEhiR1OBz0O0gDjrgxLMGtsIXjkZvlkUKWVwQVZCOhQnJYHO4AnAIp137dqDbS5k1LzXLZqy0d/JJvyZ6mDg8PyzVr6Nx2Tvyqz15dbu9rfPQ+efjJ4Y1rwD8Qdb8O3kt2sFtOf7MmfKLc2DOXguI3GFdSmBw2D/tZOPNY9YuA5U3MzxyDa+4ttBzjGCT97kHPA+oAH6G61pVh+0D4GfwrqUltD8TfB9qz+HNUnZY5desIlLGxkkIBluEHyovLEKDwTX586poV9odzPpmoW11Z39pcm3mjmiKsksbOnOQDztJUn7w554Fb4dxqRSabnB2ldN3Xu2atZcrW1nbprudmLo1JRhVpO8JWel2oS0bg0nor3Wu3S+jOlaFI7OKQ+c4chpgfmVdwG0Zx6ZJOR95uv3hzt9Hc+cfKDCPCjoMEZ6HHODnJ7H0OARtfabuSxSAR3DLAyiUFCPMXHyleN2GHOV+Y4HOSTXaeEvhd4z8eXMGn6BoOp3MtzIqpHHazSz7Cy5byEUnbzuDHggDOBurSMbS0dlFt8qsmorl6rmtsm9V53d75qDvBR5lJq6UXZtab2v1s7t3e7T0Z58IwVJk2qu0EGMlW37SMbTgsCcnOCM49eeOv7K7iu45BHKUwpX5yNxB6k5HAAz755Pev2S8Bf8E/tMtNHsr34pahD4bhkijme21G5MmsXjAKzRW1hA3nQls7VE65B7V7hpv7Ev7PWuolvZeFddlihUpLqeoX7xI6ggl4IlkU/MWzyCcEnjk1zzx1OD5G7q9lyrm2euul13W6fXonXy2rXUZ3ikv713ra6btv0Vtd9dEfjhotjqMml2xB2xmBmYMMl1x3L8NkYC9enPNcPfWE32grE3O0gkEYOSxG4EYBGOD05GOea+svj74S0j4ZfEbVvB3h1Xt9C00KlmXlaVhGyk7CwY7snHRsj0wcD5q1RGe4YwqvnMFMaq+PM5IyeAflAYkngkEHNepS5ZUYSSaul0cW9O9tNHfu0rvueG1NVJ03d8rto7Lp8Lltp5atO1jzfU7ZrWXy1kOSqDhdpDMcncR6nPXoAcYHItQRRtatJIy4Ljjcckcc9fvEngNghhxxmrmsaTeQSJdzyRukoQgM43FwxOwoOhVgCOMMWJ6DbXSSaXAmixY8tJcRu5fazMzjnB54BOcHAPbBqnK62snZWs/K717212vpuwptuTUm0opWWrenLonbZ2V1pe6tuclNDbxAbZUfeuSDkHlewIBye2dpB6niqNuS8ohTaoLnA/Ppjox6446+pro3tlSx85liaUS5Xg8qeAR34xknj0O0iswiBYopomU5kw5wQSTyQWKjueM887R8tEZxin7vZ+83ez5U1stLttpN2206zdSldOW97Wa0bjfdXW66tK+up96fAuAP8Np1JXcZrlQuQCw8s/MOQe2c+455Ne1QzZh0KAhlARlJ7HCgYyc4G4Dr0Ge9eRfAaGNvhg9yhYyLdXQJwMANHz14OO4JOMDHPB9PacJY6QFzuViW2jOCRyeeRwAPTgAjow+TqxcsTVVlf2ja7WaTsuzsrv5pM+1wtZRw1FprSlDezS1hq3u3bmX3NPq+o06fy/wCzlX5Vj1KYu3ByBliAQMHdknPXjpgV7B8EdY/Zf0v9oDX7n9pPwDF468Px+EPtWlWZ1FdPhgvo8uJHO9TO0sYCKoBwfm5BrwPRZWmW2QlsnVHUk44LHkcdmyo78c5xkV8j/tT6hdWPxAie3kePOnpGxVyBtUBRu2nJ3A45GRkng1xVcoWc08TlzxGJwccTRlTdfCVZUq9P3o60qlNqUZNq110tdWLxuPp4TC08U6FKu6VWnJUqiThK1rOUZJ3V7pra6aP2h1/9rD/glZrFlaWVv+yFJYqo1PT7u8GtsWkljSRbMwxK5cKSqMGJIJOMk1+QnxU0jwy+i/8AC1PCWj2GjeDLjxbf6bpugSarHc6zaWuZJrRZLYOZBbRJhSzICWz2PPxm2vzGeCZFbfEzEukhG6QHcSQDwMAnJOB1U5bNXb3WbmaFTLNcNF80hgZy0IkYkbvLJ2bjk4JUkEA9RXdkPA1LIKiq4PNMzxXtHCNWOYYyviouMOVtQjVnanJtpymlpazsrHyOYcRLH0+Spg8LSitYSoUadOSbceVuSirqKV0ulrdLH0X4T+I39ovqCtp21EhZ42jfYqrEmEAQlQj/ACgnZg4HUDAOJ/wlBubqGSW2lZ7t5YiolYqibmbcOSBheSDwxHPGa8o8Hpd3JnhsVmjEhcSSK4DYZTtHzEDoOnXg9D0kutK1+1kV2eWMQyOqksASRwSODyQQCBnnOB1r6uWFhJyV/f3ls2722XW6TXbezex40cVVkotRcrd0n1je14pd31uvM/a79jb/AIKEfAf9nn4fz/D74h/BPSfGt/qlxewDWr9Le4dY54nWF5zcJIyLDIVYBCNyjg5IFfOX7Uv7XHwg+KXgmLS/Cvw18P6J40sddu5W13S7IW9vJpMjOYbWSMKN8kSME3rwSMgdFr8x5rmWSdPNRibcg5yuWP3mL/3hnJweQN24AFq6i3it7rTLt5VTzTtAZUBAGOOg+78vfP4n7v5/R8LOH8Ln9TiWnUzFY7EYlYqpD67X+ruo+ROKoqXJGDsm4Nct9l2918U5hVwSwPJQUIU40+f2UFNxSSV218StZO6176DdD8TWq3sV2to0UcQkFyqkKjvICAQHIYjJGQOcHoc16L8LfFXhzw747sPFGvaZJq+labqUd1PpKugS5jDEgc/KwV9p2vkcHhhuFeIXyqkLfNHGSCqAErvEZIySpwBgepGe4rT0a+lh2KIoi5QIVZdxKlcuwIOSBzk54OM9RX3mOyxY3B1MJU9pClWpOnNxcoycZx5Hyyg7x0a6p8zvo9TwsLjZUsRCreLnTkpfDfVWd2ndq6Svpyvqk9T9Ztc+P3wI+I/xa8AfFDx54TubDwjoNxpGlax4P0i1ggl1XRrFPLllZ7aNEM04wzAAs3cZ5r9QfEH/AAUx/ZH8DQ6X4e+EPgK0PgWDSrqzu7XxV4dtbm+0l9QtikUGmyLbBtiO2DLLuPUjPUfzFWGu6lmSNmR4oSrwxAKdjIchtpGcLySTk9fXizqnxD1l7C7silpILp0V5RChdQvI+ZgCOuQSAVbv1r8jzrwXyrOquWRr4zN1hsrpulh6FLH1IUuWU1UbqK3NUld25nNvlsuh9theNamEhUnKhRc5vnd6enNywXvJNRlHRO0k0mm47a/bGk/tL+G9D1z4pG08PeFdU/4TbU7tNLF5ZIx0m1uXkaF7cMoWHYr87dpyD3UAeEax8RtC1K2tNMnsNON9BeSxTXUSF3ETsfnVckFUz8iqAoHB65r5j0/WJBNKDDFNK8wfzNgDLjAPDYBxkYIPf6ita3kuZ557kQpE6MCzqBlQCdvA2knHBHVgAO5J/SMHw1hsFGLhOppClT96UpWUIQpxers2op3et3Zt2Pnq3EFfEySSpXcnJxUNFzO7jazSs23o7JJPTQ+ubjXfhXaeERZJANT8ULbgwXoj2ND5rHG/jYNmPlznAx1JNeNp4pvNA1eG9s4muZba7trqGSYAxwsSGA3L0AOAcEnqeuK4qKHz5LaR5GVruaODKkRgh2VeDwSSMn2OOxOPpXxx4It9F8NoVixBLZ6bKkzovmSEYMzDb8xVQw5JPUfh7GCy2jh+dSlUnGrKTcpyc1FWWjt0tp0TXmceLxlXFclTljD2SUYqmkm3ZJNqOjk/OzS3ZtN+2J8YVT7NbXcFulu378QzTpDIjJsIeLcI2GzA5G08g5HNeKah8SvFWsXMV4s6LIbuS6mhXaIWuJHJkkA5OWbOecgdOQc8x4g0x1l1A29pJHAqQ4nUFVYlFG0g8g9QFPBHPqRl6TpepwqslvHuiIRd5YMC3UgZPUYJ4wy9WxjjfCYHAUKlWWHpxp87fNKnGzk/dfba/nbV+Zx1cXip2jWqTnFNJau8dmrKyVtEnd7PTVM/Wz9gj9uPwn+y/wDEG68dePtA1Lxsb3Ro/Dy2FhLHbS2cEhkFzC0jrlopVdQWJJG3lsjn9DPE3/BX9fDthb6t8DfC8nhi9S51aS607X9Re8tp7K9QmCFYIWBPluxJVgV6cZHH80dvd3Nm8sZliUl2YvIqht6YxtGCODx0ORjGM4q9H4k1Fdsz3KbJW2KpROgB3BflJyQueVyeM8dPjc24AyjOcyjmmKrYt1KdSNSNJVpQpOUVGMW4xavtZ2aV/eavofQ4Liivg8HLCRpUZKdJ0nUnSUp8rknZ80ra3ette5/TN8EP+Chfx5+OniG3+PXjr4V6B8Q9I+FnhfVfD0tkZbHTtPs4rtH2T28WpcvcpuDiQDlVAGMgV9Han+2T408f/BG/0jTPhN4E0q08UST6Xca6df0Uaxp0d4zLAGtoXR2EDPwGUgEZAzgD+TCx+IPi/Tba50zS/E+u6XpOoSKLuw07UZrezuwuSzT28brFJnkYYHI5Ygkg+m/CrxVrcusTwv4gv2sYpbeVbaS7uFjWZJkGfLWQI3IJPBGG654rSpwfToVJYrD1IwjTUZRTdSTvBJt2c9b6NvTbXsaUOIFKFDDumn9l8qUY2bTaUUtFG7v5330R+4/j39nL4u+DPhy3xC8Q6BEnhSCyjSfUjNEzsbpwYZPLHzlJCylSeCuCMHFfE+oWt3Pbjyc+XM6SRqr7EKnByd+49ee+CO1fuf8AHrxXql9+w1Z6XNNNfi88M+GJmnXaVVFihCq7c9DkZJJJPGMV+Dcmm3t35vlXFzCESI+T5uAqLgnjkhh3Hpg5IOK9HJsbPG0KnO4uVGrKj7qevKuVySbv726StZ9HfT1s5ofVKtCME5RrUIVNbX97q722Vnp5vWzS7+d44NBvbS6uIknbTpFVySW3vEUKKCRkcnjA3EE8E8r+zp+zBrnxc0rUYdA+HnijxW2nT3H2y/0TTbia3le5Z1iilnhQxggMDtcknk7c5rzTVYZILSd5ZXn2RqkZeXOFZQHLEE/KFJbAIIA+8BzX9N//AAQ7+Mnw2+F37Onji68eeNvCPhxZPF6SRRare2ltqEsS2zKZkErpNJFngYJXgEYODXdUpUIUqn1lz9m5Rd+ZxvUTTT5mtFZPTV2uzy6OZ43DVlVwdLmrU48trNpxlKN29m7dH/nY/AyX/gmz+0Lovi6+1C0+Efj1FMBWwQ6HeSROChG0yiEopRRg5GCccZ4rqV/Zi/aQ+HFs+q6Z8JfHdn4ksdGupr26GjXQdNOQs9xM2IxsjhhVjubO0KPmO0V/Yx8V/wBtX4S276RFpHxi8Eab4bvbKa9vNZF7BPdAJlfKt4kJ2yZBKbuHIxg9T8C/Gb/grH+yD8OrHxJb6X4p8RfE/Xtc8Fax4eee2tBFbRXd7ZTWqx7pAIxG0kmWZeNpPzE5I5K0cFmdF4aVGpWhCKpOKcnFxTh7ybildNp3vbZH03DXGvFXC2a4XNcBOOFxftY1aNSOkqc20rWuraPTS22+p/HVqvxC1O01PVLq81XVRHNNNaTwPdyqySq7LMHjMikYfeHUDAwATjGMnUPiFa6+s32l7mR9M0h7SzjedpQQUKh0BJVdoHA44wMZHFPxJbQ65rXiXVre0zaarq+p6rBGI3kNoL25kljgkOSo2h8YyFBxg7cZ8+8k6TbT+csKu6ujBFPmJlSV/u4yuGIOM4wQDnHztDKMrw2Mj7KkoVac4NKLtKF3BpOyX2rPom+p/SWZeI3Gef5LWWY5jWxGDxuGcq8as6kqdR25m1d8rXtLSstFbpaz+0LLxz4btvhr4RitrhkvdN0W7hu4CrbpJZZAQAV4baGIJPoWGfu10/wz8VW9r4bk1GC4kdWlm3QwfIzICZDubluCBySFwTkgksfnCzUHw/4Zby1WOezYOHVWD5Ugkj3yMHjgdcdfUvDrwab4ZmidNivYXlz1VNxIbgY25ABwOh/iAPAP7zgMMnl6pyTcXgXza/3INSVu60s2rtNabH8L5hiakM0xFWLUZQxkttk4z0aWu6t131tdpnpUvxm8H3V641OfUYYo42M4trgu7uowVZl37SSBnIxgk818/wDjv4iWOtXcMPhgXlrp0E0zO07xvJOM7i+ck55PJG3np0FfP95fSSX8skTyRwSu4CIp5IY8s2G6Z5zznHPFY6y6g9zIUdhGqffUFS4BGcRnv0G0A84PXJr83hhqNGo+RuNpNt6XldppO6VrXd7O8n5WtvjOIMfjKMqNWSlFOPvRjaTWitzLWzVt9Hotmj0258VxrEVdvNlkfIMuA6gcYBYEHGckZGe2DzWjb/EWK3NlBPp1ve2MNzHNLGzbGuVUAvEzpj74G0Nkbcgcda8ois7m4kDTllKoFBbG3LdFKFsgjoe69T02jqbLSBHEvn+XKoygfGSGcjG0Aljgn5nLDPbG3l1q+Fjb21p22stUrq/vJ3Teu3TY8qjPEq7g5QbV18Xwrlb5lre9/JrZPc9C8Y/G21u3kTwv4P0vwtp8eY1SG4mnnm8wKHaYyuTliu4YAwCOgLZ8kuvHWoEBo3QXLkEBGYDGegAbAwNwyRxt9Kh1DQre3udwn84SLveNWyBu5yAx6DgYLDPGe2MGGxsLSQ3FxIJT87LbuuHCg4yCoKkEDIxg4OOACCU8Xg4pOEW3G0Vf3pK9no5JvZ2V3ol1eiqdXFza9pNpvRu6S6apWt2SVt9Wup1tv4svtVEVq91JEZGG6VXZ1GwZ2DcxAJ4BGeuScHGNOS91Jp7e2spbu7Dp5TIWkQZB425OwtuIO3H3eR0WsrQtQ8MRXaPOUtLeMEopwQkzZAdwQW75Iyep/hAB9D0a60q2up3t9StrldjnzZQAEMwxmADPzL3JxjaAPSsK2ZTduWm1ezu7O693SytvqtU+x00Iyi/eqy5n15tkratXSs07qVr+h6z8GvGnxF8C2fizxFpPhPQ9Ylhs4rH7frNwHuNKuGZhHcafAzgu+D8xIdcAe1cJP4k8bz3815c3Udg9/LJd3UcOwQyXErlnZEHGS5AXg8g45Axg+HdeXS7q/u72/lltbidlKGb9w/zMI3eMNtO33zkDqCKta38RdJhkEshtXEK48lUDLkkhWJAHOQMgfQ9wOmlj8NGHN7GX1h8qlO0Wpcuy+FOyv3fW2p2yxmKlTpUXipQo0m3CCk0k24vo0ub3dXbv13ra94p8YX0cVtquv6xLBEzPbW8tzI0Aj27SyIGwqBdq7BjjoV7cfeXV5ejy4LhJgiBWLEb2PUrkYJJOSSMfiK5DXvFM2t3BvkuJIoYTgQoCq85KgbQrHCnABxjcMYxzj6X4jCZjYHeHZkIBDEjJIc9AMj3wMHFYvG15uTp04U4t+8rKMpaRab21bvq/TuzKderU0qVqlRxtZ1Krenu2sm5Kz03snuup6RpdnqCyvHOxSJtqyRrg7cgY2gfex0AwcAHbg8j1KO10qWSyW7I2QrHgKnGRjKtnkdTnnBz19PJ9L1WS6R2VWNyVVg3zbewxuII4A+mB3xzt3GrSW8Tm6mCTlVGeGBXhgv1Gcgjoc5JHNcdPMK8KylyppNXSS6OLd3a3Tro7PfQpRbhZyeyd27x2Wmvu3Xl999V6T4j8T2ml6dLaaVbrBOwVIzAwVeGCmRwuCWz1yBjgdDgeFad4i8Q2+qzyPdMTukMkjksVVj90MOQDnbhcY65zurpzdW+pQFE81yF27WDEu7ZOWfBwD2HPQg9xWHdz2J/0W4U20xJR1jX53VeNxbHUMCW65A5zjFb5hnPtYq/utqzUHZapXuk9XZWv2CnTm425nZSVm3ZO3R9NFZ9W/Nn1p8Kvjx8QfhloNlp2ka9I2j3upHVrjSbmUzWwulUmGV0lLhAh6KNpIGO1fvp8O/27v+Ce+s/si3UnxT8P2d/8crLSNTtLnSI7KddSv/EDRyJZX9jfKPJjtknMcpVsrtVgQQ3H8pup38llYwzadeCe2tj88e/MjOQeCCTkKWwCBjp0KgHirbxbJctI0jiOQO6oYsfKCTuywI5wMZGMnj5uMfH4Th7AvF4jMsPTVKtjHD6xNJRdRpwkm3bSScVZ3TT6u7v9dLjHPo5Zg8nqY/EfUcFNVMPTVWUFSk0k+VqSvB3WjurrayP0T8S/tZ+NvFGkaz4U12/ki8KTTO8GnW22NxBFKRaRzumA4jjIDbSA7DnB5HOfBb9oC4+FevyavZ2Y1WyvVmhuLCaby1Nv5mVZSH3CQ9M55DHBGSo+F28VzytFb5UK+5CxXlwO4PY56H154HIlvPEiWcUUkIPmISv3mAOCAxwD+eMnnbyOB97i8/zGtSwWGnSoRjgUo0ZRpRUmk46SsvfenZre++nyMaMFXxOLdetOrim/aSlUk3ZxSfJq1HvZWb6NLQ/Sf4kftsfFDxSuoQeDp7HwtpGpRob3ToWEzv5HDFppQzDdgqNhJA474r6G+Fk3irSf2Ydc+L198V/D1kdQ1K4uR4SuXjkvZHtuGhjJYYlumYlUODkHjLV+M9v4lgvrUBFaF1VfOeNMjBOCvbO4nGSAeMFVyaW58XahcWB0X+2L6PS4J/Oa1Fw32MyDlW+zZ8tX4xu256DpxXyucV83zGpRnRxkcJOGIpTr1FTjPnoQa5qMItLkclpzapWt5H0mRZpgsqhio4rBvGRrYWpToQ9q4KlXly8td6Pm5Utrp9X7t2fbeq/t0eOLWODSdOis7OZZXaS6keR2MbENgoT5aoBygAHY4A4NrwJ+2b8XpPEpsbzxJZnSdamtggeJT5UiOqx+SRjbhmC45BXJ+7mvgCe2a/QzzhTu3PCYlJecKON7AY6ENxweAOBz1nwy1ux0jxhp19qFmqwabvdY7qLzYpJgG2llcEYDbWGeCfmOTzW+JrOGGr1Kc5Trqi1BRko80uW1nZK7bb1enndO3FhcbWlXpKU5Rpe15pK7tFcyvzX30fV3tazP01+J/wC3D4n0K6n8JeJLSx8Q3a3lvctI8UYjFmkREcCyEZBdTlirA5X7wON3xV46/aZ+Ifi/VY7q18U6joek2XmLp2iafdvBFawlgfKVkdSEwCpJzx0HJrxL4g+KpPE3iXU9Uu2R5pJSlttCqn2cMQigYHRTxnOQR0OTXlryxxyGQSZEiklXyAGHy7Q3XcMEHnjrgFcnty+piZ4KhTrc13CMpRacWm+Vyu7NtJ3au+nRGeOx3ta9V0Xy0+f3WtLpWavq3dvpdK9j9EfgZ8Y/GPjXx9DYeIdfvb+1lspk+y31xLdyt9mjIjYM7MVXOegwccnnFeE/tYypJPpAQjzF1HUIwAWGFUttXnOGwecghTyTxzy/7Nl/LH8W9EkDyRxS212pJPzBChyu3BbbnqWx0ycYArT/AGqppWFhKXbb/a2oKjqELOM/Q5Pc+/XjBPHOiqeaUmrJOmm42t/Ktdte9+nU+pyyrKpw5Vu3JQxKV21dNunZarTd3Wl9XdPU/SL/AIJ36Tc3X7NGpsTJal9e1yNLolXhjje3dXkcKNxCLg/McAkADNfMk/7O+gXK6nBL8VLC9guLrWLjdDaP5VjcXN3MZLeUtt3SrkKcsOBjIJJr2n9gHXLnT/2b9bSOe7WSS68SbIyWMWWs2w23BBbgn649iPz31vUNU1HRNdtfN8QLILnW5rOWyEsBmnW5mMhcw7d0cOQVOTznBwQD4OW0alTOc3lTqqlevBNqKldpJeajvvy3W91s/q8dWoxyXJPa0fbWoNqLveP8Oy0tu9GnHp8n9p/BH9m74RaP410LUfGnxK1OzTSL7Tb2ForUR2l/Jb3CyJG8jDaI2HyghiTkj+6D9zft0WH7HfivwzpQ8UePdQ8KeIvD+j3Gq+D7OyjaW28Q3klosUaXfmBgsMjopbaqsNwI5zj8DfA194nPjDwvpt9rniy7hbVNFUpeLdvZIpljYq5kyoABI5JXnC4HX7g/b4tXuZvhiUt1aYaGIDcSRxgFFijK4BBUKO56g8jnFdmPy6s81wknjas5eynJKLptRSUUlolbmvro3ZJq2pWX5thpZLjIQwtKEYVaUZQ7pzjrJK7bS1V30fU+lPjZ4f8AFOufsy/s/wB3oGkX2rmVLeO6On2bhFsWmEVtcOSoVUK7TuwByBkdvO/C3w/8R+EvF/8AZms6a8ch1LwtqYlvEK7AbyIhY5OELEEBhuzxgYyxr7F8R/GK9+E/7H/wWuoNAXxG+veGtN0WK0dsmA+eqia3Ea5DIcMGUewONxPyNe/tK+IfiNJJ4Ok8JyaXHY+INCm/tOJWnu1e2kib7LNeENIsW5dzIXCg8gcAj5bL6+IxFHG4NUo1accTXhOrKaU/dk7vl1TT+J2Wj7H2lWngaFXAYh1alOvVwlBqmmlTceRLR2S97dp7NdD8wf8AgorqX239rTxo9zMssH2CxiXJDSII4IgEHDdAAOScYGc7a+SfD3jTVvB88Gr+G9WuNDvLaZbiK8tlVZd8WCoZQDkKQOWBBPc4r139sLVJtY/aB8S6tfSLHNc7l8tyWwtswh74+8E+UN+eeK+dDLDJCEaS2EbK/JxgAg84znOAMH1AOCOn7BkdL2eU4Sly6QpRio2bbVo6O1ml0srW6ba/zxxPXlUz3H1LP3sRLltd6XilrdbpLu9teh7jN+2z+0G11eKfijqV2lzbyW5FzBEVSN0KYRChG5hwCQCDyDk5P05+zvc6h4x+FjXerTC41K71+6uLm4kwTK5ZmZ9v3Q7E5JHA6dBivzTePTEEgDWLSBkGcBSELZJXO4gE8DvnGO9fpV+ySu74aEwkrEviApkYKHdyfm+YEkHgZYd+xrzs7pQo4OTVNQ5ppu17LVNt3vd6PdvR7aHpcLzlLGScm7unK13K+rjr7z2VtHqu/c9+fSlsbvxCkYKPc+FHigR1GwtsIBCgbRnBIyPyA48S+M41i1+E0AaUQSGxS3dwpZCgjOVbbwuFzk5wNpBAzivqnxHpdzLqV5HGUTzvDsw3MFG3ahIHAHO3Bz9cHpn5z+NVvI3witbF97N5M0c0gBIkIiOFyEPQjHHGcgYXBrxsoacoxu4x5oPteyWj7tJJXej1t2PUzmo6infdRlskk4qKXS2unZb3bbtf8ttN8F6ZrcqRXPi7S7ZPlkQSuiCOXI3HJ5Db8gkckg8V6bpvwm0x5ZRc+PtLn2vBPujvIVAETAgK7MRuBGQc5PfFfLWo+CtelvLxIYbxPLLMkManIXcTuD84ycfeGQTjkjnb0LRdctrMxmxuZJSx3o4lLooBBBLHnsRlccccYz9+sNUlRSdecLxTi7LRtWSa1T736aLzPzaVahTm3JK9/NRtopNpatxfWydmfclr8OtF1aA58W+F3RGdoftF5CJFK/eZiWDFs4JPI55rifEXwnnluIYbfxT4ba1YBX8nUoUTngctJwoJyTnHrxnPyza+EvFjXeVW8+zmPdgpNGg3FcgAYOdoIyB257E9NJ4U1aby7fy76KMgMWzcggkcgFsHg8gdMsR3OeCOXTpuMlWlKW7TjHVtx2s9nrZtd7q27nmFFxVoJW020aTXRPazvqtn3PVrf4A3U00qDxF4YkQgqIV1C0bcWY7WDeYTkEDnJ6EkZqG5/Z/1q1tZdNXW9JjXzTM6Nf22x04LbSHwwIPY57nnFeJS+CtctrgixudSywwz7roFOT3/ANk7cHPGfTmu2j0rVo9M04XdxqE1xGspmcS3KsyggLl2bB27emAXxjuQfSXtJwUG1HkT15V71rdVLpqttdbpbJRrQqQ9paWr7O6vZpLqtL20trJbt3t3f7Nl4ISYde0KJHdT5n2yJipwMqfnLAZwAdpz3oj/AGeL63niS51qwuo1UANHdQ4DcHbkkkrySxHGOnaspLYRwA3VzfBMl+JpDhlOVBzxntzzjPUAmtJtWhhCpB9qnWPyiHaeVcLk5JDODwT0wPlwD14VST9nBOUNIqXwWaas3aKb91r7Wt+rRxVMTQuuWDT5km7JreKfu9unzvo9T1rSPhLaXTR6ZczaXbSGBDFc3N2hACjHzMCBj5exx065KmC8/Z3iWWZV13ScBwDLbSrIygtnIyTnAY8AAnA5PQ4t5460/Q7G2t7DSYdWe40/bNcXMk5ltrmXjejZyCpycE4IPHWvNrvxdqizCaIyWqsVbyUuphuYdTgkFl7EHnjB9+KlGs5cylGyd0lHpda30W6TVtV0tc2rwoShTnd25VdXtZOz6abLr+DuztL79nyyj1NlvfEkjxeWPKkjUgyccBVByvIILA4IG3jtfP7P1ltDQeIbkkhB91sgkjALA5ILYIOe4G4YxXlt14o1qa4Sa61G7g/dERqsshAbqoG4/MM56ZbjHbIim8SeITsZNfvACFAi850YnJPPQkjpkkHscEcfV0YqphJKMoqo0nKSilLaN2ryWia0b+b1OevUp04xbUmrRs1e+tt32a0Wl+ndHuA/Z4t47ZpF12TzlhLohhUlmIyc49Mdz1PTJ5IP2cTcQRxnxAW8wBnXyiQBkEg8DkHjJweCM8YryW28U+KSQk2r6jHF5TgyGdiGUj5QMElsnI454JHXBmHj3XrWNfL12/3jClTMVK7SVwcsOM8dPY1jzNy5ZSjaCjFOz1VkndbeevrZdVjXRlhoyjFptLTsmlda6t+q679/T7j9mec20sNrrKswbhjDtJGRgK4GR/CRg9iORms4fsx6rZtBL/b24s6o6BXY4YAMDkkbhz2BBwc7jXAj4leKbYnfr98qsd6gvv5xkckkcZ4APXOfWueuPi74xW78v/hIb1k83zN4fb8qHPyluOSACG7jHJNDbcWpRjZNWsndbWW61e/dK6NKCiqcZxa5rR6K6Vk7KzV77W1e/XU+o9M/ZgnsoHEeub/Mw+JFmAIYBjnHTbk5zgnqcbiD0uk/s9vaRyMt1bXUhOFjm3GMkZ3Eg4I53YJJ5OByRj5kHxk8Wbd8Wv37KIkDncBhiF+8pHTkYGPm+7yABTv+Fv8AiyCDfF4iv2kIyVD8Ascc564wQAcgnoTkGuONBR57OK3taLfu3V7au+vfur30OtV4w0enXRpX0TuruzWjVkt7LZXXsk/7M+rz6hLc3GqR29vO8kirCHKoAcBcABsDt0A5z0FQv+zLdICx1zdFNuKjEgYHGBlTnAJI2jHUDqTXkL/FXxV9lmuJ/E2oxyGLMcYfcpAPUnOMlsDsVHcEYOSfi34llaAzeItTjMW0bRIRlcD5mGckHIx94kc56mm8PRjSSfLKVuZ2Wqvyq7s1bdWWmlmvKfapxco3lquXRJt+6ndq11a+6Xq3v7Kn7MmqGC4K63sKyYClXLcnIbGeo4BJ5Ax82DVC2/Zbur2+aKfW1Xyc/vFDkMTuJXkA7icf3QT9CD5s/wAVPETTRvF4i1MxkgyP5pIHPA2kgAd3brkjPGdtaL4la8lxOZdd1NYmk3KwnxuJGMLtbpnBwCMjHUcU4UKSpyfKlr1i9dtW0/O97paWXcIVFp7zXLZPTdaNSTbslrpyvVtpbae1T/svxQNFBNrr7s7shWG4HpggjoQOozjJ+Umq15+zjp2nw3bXOsybEQNlNjMy8HDMMuPXGcewyWryKTx7rDTJJLr+p4KlgHvGGc9AoL4Azn8uOmKw9R8da5KLoR6nqMiyxsod72TYT2K4ccjtj2PQkrpSo01F2im+ZtPl3tFXsrN2807rRK+5HtYptNu91FWv5NXtF3XndbLU9AsPgx4bOvWtuNdmCsjM0mxOpBJR2OQMdDnDKwH8JO7or74GaWz28UGu3PlCYkAMipEFOQQFJ3EjgEYyc8kdfmrQdV1V9Vt4ZNWvIi8js0huWOQ5OeQ+emc8nJOCCQa9Pu7yVIBJH4g1DzIvuIZpEcnvgltjAhSo69eMAkV6mBoU7RlKlC1m5R20XLe923Z2Tsld+drnHiHFwbTu2r76292/ez0s799u3eXPwVt4kuymtFhsVRM+zcwOAwIIBJA6kfMfQjFVbP4HrHJasmuIQ3O4Iu5GIwMkY/i7DpnA46+cXV/qEtmr/wBqX53Zco9185JYY3DceB398EkAmtmx1CVbeNzqV9OYlSQhr0x7CeqnLfMeAOxb0wcDycdCE8TK0FFJp2t3aem3RO+/rds6MHWlKnyqDs+8X1cW9bO+i03f3o9Vg+Dsf2qATa2pk34AO4FAMjnaQoPI5Pvjrzu6j8JEOn3FtBr7K9w6xuBv5TOeTk4bggqfcHBG2vE31yYXFvcCe/5kG4f2hyRk4Xlz8uccDnkYBJONq48RudMvp1u9SinjdRGRdl8c4BChixIyQAOMcdMmonSwypxcrau/w6pNK+q8nut7a3SOiEpKLSg73d7pt25YpPVaeV7arXQ21+AwJfbr26SHaFZY3ydvOGdfmBBYZ6ZPU4zktvgXLDK8q69E0koyoeNsg/MTzJwOhwSec+ledW3jbUrcuv8AbWqRAspIILNyMMWJ7HGTnsBjFSxePLyQzq2rXLhPuySCVTnGeCmAWJ6jjtwaKlPCVIUIQtGVle1o6qzVtWtOrS36dsYVpRbkoN+9ZKytpy6aO7bs130tax2GpfAjX3854NUthHKoRcSQoWI5O4HGQc5OOO3GMD0z4CeC9T+Efi+98Q3i2uqQXWkT6ckQmsyUmuI3RXjDjG5CWw+CVyCDkivnbUPiZfpDHbxTeaxRiGeWdSMkgEh+RgdBn+HHToeHPFes6lcSJdX2xLePfvWeXhyMgkhlzzj0/Ik11qhhlTlRkr88YpON1o0mk3trs/m3ZnJWq1eeFanDZppO8XdpNpaPXTr213PoPxH4V+IOpajdaq0f2vzr+W6tMX8CbEJYIjAEAtGuFJGAck7eapPZfFGAlNTs1uNPjjkWON722+Z3TaG6gFlDdWyuOenJ8hvPF2ti6SOK8mMNuV+ZLuYKSRlifmIHPfAOe3U1i6tr+taoWDajfxeXyqpdyhcAHnlzwO2MkkDjHFehheSlStThPngo7689kr7LWCulvq/O1+ZVa81UVXlfPLVWe3u6O+jtbtqraX1PoOx1h9MHhJL/AEmS7u9D1+31PU9HudRie11W38zBs2iD5KSKACo+UZOR1FdHr+heLfEXivVvFOneGo/DemarKJ9K0SwuVW10+2Z9vlIuSOcZPAAOcDgmvicT6h/a0Mx1C4mcNGUla4ZpEII5zuByGOdzZ45Gc5r0C58YazZwrE+sak7FgEYX8q7B1I/1mQMZKgEjH6+fUpUa+Jlipwmqig6WsmoKK5HflTte/VLTutzv/tGvTy+GAhCmqSfPdR1bbXLdrXaysrxu9b7nuWp+BPiKLiCWOxupTLIAqi4i4RsCTKggDjjhRjjqMYp3/wALPiGbTWoxpU7vfW8YDPPFtVeMKclWLZB6Y46c14NP418QmeJm1vUtkbLwmo3G8Bsk5HmZHJPQnGc8kjF2Xxh4nmKtDrGsiFyFYtqVzzwCBkuQfmAOCOSe+DVqioxjyq17aL4rWWtr2tfVNNa21dkeZRqLnXtIaqS0SlZ7Xd7O6W71VrLsjom+EPjWytN8+imMLGFuZJriBVi3sRyx4UnA27iBgEAE9c5vhtroilto7XTy0aFjI19b7zuGSRkgZG4ADHy4GRuwK5xvGviGewv9On1PUbhZpBuklvZTjaxVEPJzwMDJIPWudn1K+SNomubkSMAC4uZQ2Np+9l8se/UHkDJ+9UvkjJwUVta9nurNrXTV9Vft00wx8FKUJQu1F3aSbXTunZ6vVK//AIC7bknw38Q2UsLyQ6fOQ5yovbZtobIOdp27hg8kEZ5461iS/DnW0llZxYOkkkhQG8twFYc4OTwTux6cFgDhQOfk1C/UCJZ55GBYlvtLnHXHfqBgA5AOeevGOyX7zyA3M7opL8XcnUgsT97A49iQRwPTlqNNq8XpfRKKs/d6t69Wu2m1zsozg6K1ldpq1r6vkvdvfZ6rzWh0Vx4A1+RzGsGnxqAgYreQAjBG4kk4O7uOgB68Cu80D4ZeIpY186202WSZXjQy31sqlVAwVO7rkAZznJGPvBq8XlkuwxBubhHAQELcuQQDwMBuQcc88HIzgiuutLi/kjiia6mijWMMJBcyZBK9cBwcg4zgYY8AgcjSo1P2bioxt3Sbb916WatZO773MMQ4xo63ldq9k9NVbSzStbZpa9bq53t58IPE8siWtumnwRFS/wAmp24VXHDEfNtG4njqD+ZrGX4HeKfMkkRNLKMGUs97atIGAJOCHGe23IOQc4xmvP72/wBRhnESX11IoQgFLyYHcx5ViH4wSeCTliO/SubzUo4SJL7UAS5O5b2YsFI7/PnOMkYI4PUleOecJzqqUeWO11yX6LpzLXfT/I7sveHWHpycZXSV29EnZNXbulom9tFe1mrHdH4EeKppFG+yWMgDIvrbYCCMjryOvHXjkbgcXLz4C+LpJTGJrFJI4QFBvrdk2gYO0BsZPqMgDoc/KPNTql7HsiXUNRYEqw23c3Uklud+OMjp064Gc1qXN/qguI5Dfaki+SGbddyh3IGCGBfhegPp0xgVVamowcXbotl15Wr66eVn6bM7eanNJx+FpdbpaRV+lrpLX729Tt4vgJ4sWEmWWxdw/VLqAFB/CM7ienrkZ6qCTWtpnwJ8YwyI0s9uUJkZR9rhYgkcbcsR3HHPT8K8uh1PU2j51XU408zoLyQgEt8uTvA28DDc8hRznJ0tP1jWGkXOr6k22QsqG9kGVTOPmLHkkj2wadLkVHl9nqrWez1Sb2evkr6bPz5J8rm9ZcqStZb7NpvZ31WmvT07q5+AHjSYGaGS12LK+9XurcuSSQzMxbg9y2c47jqW3HwF8XGMqi2wkdUX5LmAghcEkHIIx144OCCANxHn2oat4gSSdf7X1IEyb1RL2XG08c4faTjJOPlxxzkkQ/29rkcbSnWtUEiqu1ftk24jjOCXJ5A+ZQQOQAvAxVCNGPMp027vpfW6sut0ru62Tv2Ic4u/JJpe6nzJ2v7trO7tqlZtrqndnosfwH8WtBsMiI0sgUt9qiwSuM5+bqM44wSOvBqa7+AOutMqLqcaTJEFZAJMscE4+8oPzDHXBxn3rz2TxDrhsYiNX1MvJOQv+mSK0ZABIJ3Z6d8rxk8EmmQ694hkJWTV9U80ucEXcpbaMYXJYH3H0wcE4GU6ceZunePOt7SdleOnTW+2i06O6NKfLzXuk07p2eve2173Wuvoe3+Hfgdr9tF9jnvYLyZnWQxyTLEnlg5KBnbjG3BGDjqPlIA2dS/Z+1xtSaY+Vb28cIxGbuB0iZhnkMxOGyPfOcetfPkOveIUErNrWqBxgFxey8AE4wd+cgZ6EggrgDiprjxbrssyRHW9VKFAGkF9KxO0Ag8uT2447c56VFGg3bmk5K+yXL0WmjVu+2mq03dQipSbdSN297apaLS1kl106d1e/uqfArxIkW37Rak7mZA1zbhdq9GGSDjHr36Y5zRHwG8UPIZZrmxhUMQolmiYFeMY28A5zgED5fqQPMl1XWbiNZf7e1VIwq/8vM5G4jDHAfhemCAOQ27nK1bmv9UWJCPEOrMCPmYXM7bcnk7d5+UjjGRtOOcfd9GNOlTgn7OTd1rzaXvF6LR7q2t/I5nOKm1KV1srbaPR7q9mtPLy0Op1X4D+IxAC2p6fABcKAY5Y/nXOCu1W54GcHkYxjABLbT4AeIba3uIf7S01VaRZlYzRK/zdNpDZTrjjA/HgeVapqOqo0ajXtVxIzlv9KlKqfmCnZvJyQMnA+XGeTjFM6lq0kbBNb1MqCoZ2u5QflBBBBcYGejYPHOMVnWdmnGk1olo1fRK6u276vZapb20NqfLy25o6W0Vrtp6Pdt6tPyS7Hrh/Z98UqszJf2EkrjdGy3S7mUElgGLnGOvIO7Jz3zyF7+z746EyyjyX2szl0u4huAz23EhuNw/UfMTXGnUNYkV2j8Qaum07S4u5+BnklQ+Wz94kZAAzgcgVJNf11JY4Y9e1aXBwSL2bABBJ3K0gBYjH90gcsSMVnFRVnKlKzSu7tde19WrXul0T1dmtabjFq8r6bWTvpH+V30euiasld3Vjfi+B/jOSRZVS3dxI+FuLqI455UruyfugA4IHXqATLH+z58Q7qbKW9sNrn5kuoiFJJyGwwOeCMnGGAHGRnhbm78RR3MRXXb4h2dmIvJgV5JAPzcnHZjz09QHQ6/4uS9hSHxDqsUZkG5jeyBJFU5KkB+Dxx0Jx8zdM4qV4tKm1Ju0W77pLdqWy+d9n3BTfPoklpze69WuXfdadHazvZ73PWL39nfxhZrbTzWrSzxWwkkDToCgAOwxkMocHGR1GSDn5cVip8DvGU8bzjTrkSybmh/eKwUkgAAj7oY8jA5POM4ql4q8f6+76ZHb+JNVURWqRyD7RK77sADeSxDAsTg7jg5PBxXLj4ieNiyQwa/qpVW24WdsDn5WO0jnHbGF4HYCtaNWVOnF8i522ndu9tGn8Wml9XZ276nLiElU5r+607JK1235X5tvs7ryaO1j+CfjGSGSC4sb03Gzy0+6eV4IVsEKQQMt17FcYNXk+B/joGxjj0S4R1OSyOGaTPQt1O5cc4zwAOnJ4S6+JHj20VJm13UiQ5UKZsDcQOSAQzAHlumMgEc113hz4o+NLiSNn13UJNpTcfPYCHO7OGX7wzxk5GeQRgU4zc60U+RyaWrU1omknfa/TT0dr63SalSlJu72taXwtxd9I36Wb0dld2Rf1r4FeOjGsl9pV43nZ2h2XMSjkAlsgAY6gjPrgVzNv8E/F1vqUU0VnPMylcxyxlAuONu7oSACO2McgcMOr1T4j+P7mVWGv6i0Cs6BJJQ2FXpuySO3GDjp365D/ABF8d28olfWLwozH5dqPgKSACAvHXHfoCRwc3H3bp8r10lbX1T+Le++vocGka2k7J6Pm5r2bitG7XTbs09FrZXte63wi8Xi3k87TihLOMSB2jXLDAQ4KrtLYOecdh2zn+DnjdpARYM0K/MRFNxg+mflH05Kk444zJJ8VvGyuqS63c+QXyUYISScYyB6Dp0Bz3yakPxh8aKTBHqk2cgK3lJggEYByuVJzgHgnpgqOZ5U24t7PR8u7aT83ZrrK97rToaQpQVXnkuis1s7WastXa3V77XTvfstI+Dk0vh+GLxLcjQQb6QxtKNzP/FnPXAxnsDnB43Ac7dfDrwPo88nn+L4RJktKRgsCDnnJBOQA3XHOcHtm+K/iN4n13wtLZajcFil5EyzrkXOB/AuwjauMZAxk9CTwfDGjuJJZ3eUzkg43u8j4ORli7EjAONxOcE9zSnTd01ODduZ+6la/Lfy3Su0tb6o7o/V3q4tu9rtO97K9rPW291tdn0ppVv8ADDTr2O6uPE8swK4Z1UtyMABwuSqkkHkAY4J4OfV7zxZ8OtY0C40a31NvOniwsioygqq7VAUDaWwD82Sc/QZ+GLbT7mRNipxKQFxtyAxAX5snG3JJ59ffHUx2V1pemifzwXQsvlHhyChIUODuIHQ4xg555AE0aM6rfvtK13qmm927XTt528umvl46FBcklFc3Nyu+va7e11omul+7semat8O9OvLcy6fcE4chZ57mNIjuwNzxOcqT16ZPFeR+KPDlzpYsopHW7PlSKTBh1j2tkfOmQQMZ4HPILZ6x22p6nKsis8ywy5HzzSsm4jJ2c42jqfTHGMba+2PhN+zJ4p+Mnw607xVoniDT9NWC8msmt7uFpXkeMkl3fHIPA65B+ua5sbXw2X0faYup7OGkeaS0cm1sld2s212Xax0YHLcdjqkKWDSqSiuflTa25U92vJ6razex+fQ06Xb5riVAIyfuEA8AbQQOgIyc85PXOSPfdF8MXN94GszbW1zPJNazgrGhAUJly5OCAMnBPORxyDivre+/YS+KsMhLeKvDk9uRhovs0inDAZ4x0PynGOegGTzt2n7H/wAcNPs1stM8caJZWiQlPIW2ICo/LJgqSR1B4Oc/w14f9uZQ5uX1mLio20snd8trX2b0S2s38j6FcN5y4KE8L78ZRaSs29NbWumrWtor3XU/PTwxoE9vfPcXYMSWs0fzTRMCZEkUkKzYyCAMdV9uuf0FuvhzL8a7Pw3plnDYXV+umWtjoNrcXIs2vb2UIrxRyyskahS25pGI2jJz0NVdR/Y5+KUenr9r8V6JcEyCSUJAxLAfMzDbgZ4JKtgggdBirmr/AA5+JWjaX8PtP0HxNYw3ul6sxtbi2vLbT7m3jtmL3N08tyyoyxgMyxFt8igqATkV52Kr08Y6P9nVPaOHNJWvJNzSsn5arTo763uelg4TyuFWhmlGUadaMZu943s07Xu3ptpd3t6HB/Ez4EXfwE0y80L4maFZaV4hltvOs9OlnW5eOEyAx3cM0ZMVzDKuGVkDAkgLz0+ah/wgssM15b+Uuob44fKdmVAAAHkQE7ecg4JI4xg9vbP22Pjf4v8Aip4v0TVPE3iu18XXXh/w1p/hmz1XT7NLSzaLTokhaG4CIqvdIYyskhGWI3BiDivgJ9RuJJHSVmQP8xEYIHXjLYwCc4xkcZB9K9DKY4p0IPHTtW15lFNJPmtFRWtrLT3nd62sc+Zyw7qKOC92kuVRu+a2id1LR2TdrNWs3qfTc154b0zXNGm0oW93dwz2L27jMtv5/nIfKmjwdyyOcEMBgHG3rX258cNR8Sare/DW78S2mlRLHYWBt4tNtYoLe3SSWJ1SQxKpkkUADBOV5XivyY069nt7qG6gdjJBJHOhdiAssTh1fb3wyDGRyccHGa+oB8YPE3jy78M2uuX5mbTrmxgto1QRxCFZUVWYLtz1+bnBPGT909tXD1JVIyhN8kVJtPd83KkottK3Na9k+VHFBxUknFczlFLayaa1utHd216aLsfp3rs/hC/8EeOr668Q6fp2qWul2q2OlRSILvUJ1twu0o5JdScHCqM4JBySa/M5be+nQMTbrmU585cDG9grEngkg+wznoM1+gF/+yp4p8ZSQeJrbxLYW0WrWllNFEyPujTyE2qQu1Rgkcj5s4z2C1n/AGIfFzQJEfFulyLuLYELEkdWzjk4bOOo/UHwKPscNOrKWIqTlVmpyjdcsPhThBRs1Zrq3e19T7jGUsRiqeFthIRhRoqHNTsnVvyvmlrvfyfVtaHz/wCCIRb6YugzW2mSf29c+ZHdm7MCxeUN2clgmFI/iAB7jGBXk/jHUtR0/XdVgkaBra2d7bdDKzxOwUgbGViH6j5lyeMgkV9v3n7EfjmWC1SHxXp3l2Y/cAwyIwbdkndkHHXBPHrmsG9/Ya8fXt3LPL4o0lA8OwR+Sxy2MByDyTgA78ZAGD1NdcK9KLadaLUmpflvvfa2+tnc4sVgsRKnRVPCyUoJXsk7t8t9LJaNt3bvZ/N+YaL48a7+FtjpWq3V9NBa2E0lvZw7jBF5QYplcHn5sjpgDgDnPz94X8R6Hdaz9oisJBJDbTI7SSFWdmLK0g5AJBIyCSfzr790r9kf4g6L4a/4R+LXdAuUuILqNrqWJ/MUXA2/Ln5xgrwMkckn0rz23/YK+INj5c9p4h0FLhlaOSRkkAZS+4lR/eIA/En0GN8uq4bDVJznXgk6sqjcnzK2jTS1s+az0VmtEceeYTGY/DYalSw7c6eHjTm0rfC4uOl3s1rt+h8n+IrkiyvJLaFov3m/EhIUKXJXGTkkck9eTjGDXi2oX0y3qzkrINmSQ52kYGCFHUHJwc44GM5r9I9U/Yd+KF7G8b+JNBeK4iVHyJAMqCB8u7B7DHBOeAeSeKk/4J7fEyQYi8R6DkL8x2zMQRjbgEgd+OOFP417Ms0wU37taCtqr3SuuXbR3vf5X1R8theH8zou9TDTfVXa7Qs7X1tdbdLN9j4gkaZvDsk6suxb0Eoh2svQ4Bzk9B0b256nr9F8bXFrp9tpI02KVREzNIZVBbcDskYfxFCAPmB5BxnkV9SSfsHfFVLH+x49X0aWQ3QnFwC4XBI3Bl3DIBUjgkY5IwKYn7BHxgjnkmXVNEVUXAYOxGcHO0E5xuPGcZyevdwzHCKX8eLVrSbb7LstL2Stppr1sPEcP4+s9cLNrm5nt7tnFtrvzbWt3u9WfGUjXpguXh8tIpZZSysylwWY553AADnAPOD7EDb1DX7r/hG5tLmMMcS28KqQcO2CTggEAYAOMcZIJBzz9XD9gv4zvE7PqWiNlshkdwMA5UEKQATgHPUgZIyasP8AsA/F65t5459S0WNnCgljIQFwAuD97k9Dzz0yKJY7Bwiv9ohaavFN6W02stF107veyRiskzNciWGlFRcdJdVeN+qSTSv1V3bqj4c8NanFBrOnYQMN2W6EkkAZGGbAweeemODXsF5cEyQSMSqMpAiMgU/Mw9OinIGeuTjtg+92X7AHxQ0+6tbttd0VBASdqqwLkDGCTwVPI6deD0BrrI/2LfihcROz3Wlu0LgwMJCT8rbskEjC5+bb6cY60YfH4GMXB1oXbTSTaUb8vfS2r6tXdlbRvnzDh7Na8oOjh2/ditklpytX2b00V1pY+3v+CaHxM+C3w21rxxdfGjxHLoGl3mnaedBWRbt0N6kisXD2rKRkdQ2RjnrnH686j8Vv+CYHiTUU1nXr7wddeIZBHM2rT2t+l8ZSB+/aYMGaQgYyW3HOdvavxJ/Zz/Zk1+58e6h4V+JdpYDRtX0RV03VkcSyWV1b8mSKIllV2UAAOMc8gZyNj4+/su23hPxx4Z0b4f3dpqY1WGP+0bi8hZ/IxN5DFBEPLUdSehzyQcVh9RoY6vKrTnrVfLzRteVuTTXXbyemiPYw+eZjkWCo4GtRi40ItuMoxbi5STT5UryTd7O3W+5+1N78T/8Agmrq6rBc+OdGkyV3M97qsexYvkRQTPgKABtA4UAAA43VG/iL/gmpPC1u/wAS/D+xwAEbWNRR1QAAJlJwcFRt6g4JA4OK/nw+N/wR1H4aWvhJUtn1O51q9a0v102wYxQRA/63LIXAGMknrwOM4rrPGf7OXh3wv4Dv/GK6xdLLZaLY6i0FzphO57lEMkR2puIQnvgEqfmPdTyOjGUeXEVFJ+61GUbdL6db6a3avpfRlLjXEzVlBLlXPKPvR0vGLvdrW621b3d73f7i313/AME3byLyofidokSoojjK6/qSqvpjddKCT04+Ug+pFcpqui/8E4dSjKT/ABPtbyJvKDJB4muPupyAFlnxjI5BzwPQ4r8LvB/wJ0vxl8Nr34i2PiaxS3tbW7uPsT6TPkNZtskjfCj5nIyNuCM47nPGeBvh3Y+ItB8XasLy0+z+H4FvHuUsXQrHseQxhWTIK46nBJGB61EMlSTlHG1E4ySbvBNO9O3L7129bJ/Puari6rNwU6FOfPGLtumvdV7bJJ3T/wCC2fvcPA3/AATRnjuBe/EmCGO5IVoo9acFwCQMlZ9u48A5wueu04Irab8Nv+CdOhXtndeE/F0EmoLcNLaXcnieGFYrplwsrZmDMo3AiMdcgEHJFfhj8NvhnoHxTg12PRtZnQeHbI6pfPNYsCY4ojK8SAruztXIGDljy2cU/wABeBPCnxIS6t/C8+uXlxpF00d1cQWriO1eMMC8nGSoVCwOc8ZweKt5fV5ZU54+rVg4uMqcpxvJO3NGyu2u1kmttTqwvEFGValL+z8MpJxkpxaUk7xWiTetl6LdvTT9mfirrOi6ncadbwSRan4etbK/s9F1mW+Tyrh4QVjlR0ZVk24Qqqkbicjrk+u/DwyRfsn+LpYAkmzTdTDN5hcFXfCbiSQBjjqOFOMcE/mh428b/B+0+F+geH5vFllqWpeDNLS1mh02/KX66nKyiRru38zcPLAbzCQRkFcnjH3f8EPG/gfXP2OfiKuha9FdW2jeHvPv3aVDNFLMuZNyltzBTjlQRlckZr8dzfK62E5IQozUIZrTUG07tKomm/dvbS11J79dl+9ZbmmGxMZTjXpOU8vu0qkLxlyU7xasvhabbbbSvfsfnHrI1ebTreSyitrd4N8okIeN94cqpJU7jy2C2doGOwrjZrbxTJBCly9hMJ8NIrAyFlTlQDIWxsPzAjB54xzUl34z8L3WkLNbeJbGYLbSiIGYxu8gZiYlGQDIp4HXPQAqc15jH8YPCcFzBZXmpypdsWVI5VdhvAOFUoSM4GEXk47YOa/QqWHnUhSTpuXOoqTtv8Ka0d27bPR30Z8BXx+FjKalVh8TirSTjfmjo7ev5rse8fDFNWtvib4Mj8nTfJfxJp3nSQxKsuTJ0VgoYY7ZPvg5r9Q/2mviJ8AfDPjrwLonxl0bUNU1O50wXGiG3jkljjiWNDI0ixjJO3DEHPByQvGfx2+DnxP8Ian8WvBmjxX9wdVuvFFgLdFjk8pnM2QGycL1BXd05PQ4r9M/2xtU+AMXxA8CR/GLTvEtx4lbRsaG+hB2SGyMSB2m8vn5lAJ4Xg+mAPms5wyjnWWwnCu4OjX0w0rVbpxtFapqz3T3vZPVW+myfHQ/sHMauGnhnJYijFe3V6KvKK5ZKz1STstNfJ68L4h+L37B8btfv4anle1vRGzRW92Z4pZMKTgcAE8KSANw5Aq98R/FnwNu/wBmm81vRNGvJPhPbeKrfzLCIyRXJ1B3LAsZSXVVJy2TgDJUjOD806hrH7A1uxj1G18cWRkuYzfzlJnGfMILsrDBYnPJ5zjjPFewfGB/gtafsqTN4AfV7r4SX3iiwZ5WgmXURds+2QgOCpKcscDHpxySpRhDFZe6ccfFPE07+3btFK65o2lKyS3ad9H0ZEMdVqYHMvaPLHbCTa+pwUZ3k9VU2Tpy2ato7XvZk/wm8e/DBf2eviHeWNnqFj8OzezDVoZA0k4RkUssTHPO3ooBbcDnH3Vd8BvHfwi1vwx8Vx8J7XV4NNstAEviB9RWQSNAIiTJFv8AmJ2D5VxtXHOK80+Gfh7wpqv7M3xM0LwZHrUml6vdPFosN7GVe61F4VCxyOy4C72HOAAM5JBqt+yt8OPFnwy8GfGPS/GgNjqeu+Gm8iwgRZpltVichppoh5bBYyp4PA+92NfQOEFLFU51Jc8pwcIym7te5ure9fo3taXbX5qjUxUvqlqEPZ/Vpe0mlpGeqSUkrJNtK3a9kh3wa+P37Onh/wAVJeaHe65aapdaTf6fqmo6lC8kMS28j+ckcYXaVD52cfLx9a+efE3xk+CGo/ETWta1Kw8R3d3e6/ZzaZeQOfsFwYLgKr+VtwCwVTkdDkA/LVPwn8F/AmuXV6mleJrzUdVvLW8QaTa2ZM0N7JJJvhiZFBJXI34BG3ptOc8trvwUs/BtjoK+INet7+4m1FnXS7O1db7T9s7bYr4EB1YBQSzAKOcHOK9ahSpubvOd4RSu5pqWkEuqvq/daTaaskrtHy+Mx+Jgo05UqLSqSktE4t6Lmve6u3uteboktPpf4n/Hv9mC/wDEc13458N6reeILPRrG1guIIpRbi3aJCsWUx8yDlyOrgjscbvxN+M/wc8Oad4EufE3gXUtS0rWvDYl8PSodkkemhQgQIyl84B3NwcdOhz8j6l8OvBureIzrWrXdwrQ+SG0dleWO6ghQBk3EjBkAGD0BJ9ePpv40ap8JtY8EfDF9N8OnxBf6Dp0tnc2KySxyabY+XtFuWdip2kbhjOeAuRkV1PDSSw3I0km4tczukox5W0rb6JRtzb6Cp5jKcMVOp7OMpSp2Sgk5awXvbt2sk7pNtbd/b/iv46+FFn8G/g7rfjDw/ql54L1W+Emj6VbSlJrLcq7DKRydq7SfcHBWvbfBnjL4P6T8CNQ1650W5n+FZu1nvNLzJJcyqbkqGkjADqiyHJYLjPX5QM/KXxB8Z+C3+CPwk8vQLbxC+nT3Bm8MNMZZdOhjU7VcKx2EKB82BwMYByaTR/G1l4s+Ckmky2reEPDviDV5dIksrfbI1pbmUujIjZfargEucbvvA8nHl4jDReGnCpUnFfWHObU2o8ikvfSas9NU7+qsrr3MNj74uKpxpTk6EXFSi3qow5uaUvccG+jto9fL37Q/if+w5cvqz2/hY2guIEd4Xsbp2aFl34ZhlVAUc8/QcYqfQPib+xbb6tpD+HtGjttba8EOjG3029Rob6RgoYFlxvZjncTxyeV5rwDQP2ePgva/Z7K7+KepQSXEcMd5fukUEIjkQFVLyAYaMEKcFcY6muy0D9nL4BaX4w082PxnMl5o99BeafBPdWJS8nDKUhBDc73PGNxwe53V5VelgVh3CNbMG0pRWtTklKSUlG9uWzSaa0i+7uezhcRmiq028FlsYucOZpU4yipSg7xaekrKT21u7Xdjf8A2jPEsEniTRjBYzX8MlnMiqcxzoxYH58bcAdge24EcivBp9Xj0+0E7+G7kF4C7lH3SBWI5l54GGJyeBjpXr37Qwe28XaNBDdx20kNrcTR3G6NlmI+VHYfdIP3hlWODwO1fOlgnibUbPV7DXvElpK13MJbCS12RmC2U5An6Mwwq8ZYZ4C4JxxYOg/q9NytFRik1Lnu07uyS5velorK+vVXR7uOrt1ZR5XKbajzWsotRUne+yekVa62ZBceNNDe8VX8K3RmRNiTyxrJsUg7iu4HAzyMfKSNwHr1Xwo1uw1D4geEIdO0q4sQmuRKktxuSIl5QGZQCAMgEgKvBwC2DXllxpd1b6s5uPEkEsUKqQqlPmyvCkAnpyM9OoK8EV6l8GUml+I/hPbeWs9vFqULqo2g+a8uFAORnAywJ54zg9/SxUYrB1oxg+ZUpq0W/dSjHeLdvuV00tEjxsE6qx9NyWntoq8Yq7vKPRttXs9VdrS/Q/SP4ya1+yhpHjS2sPjXbu3i7+woHtpJYLuWL+zmjDKQ8WYxkk8kZ47EccvH4y/YNh8O27iC0k08zBkD2d9JGXzw2dpGV6YHckjjFch+1Z4Q+EOp/ES1n+Iviq+0nVE8LW8UVrbW6SwzWwiVt8kuGKKoIAYEAnIPPzV84aJpX7O9smjWdh4g1i902C+VJXuLaN7dXY5UIoG1wcEEN+Ryc/IYXDU6mDozlVzBNws40m3BNyXw/PR8rvd/Je5i8ViKeMrKFHLGlzJOtCLqyi+S3Mr3uktduiP05+A2sfsx6vf+Lpfg5HE2pSeG5/8AhL2jguw39jpFIJDiUHaqw7gAoBHT2rhfghrn7G0fxK0D/hUd3EvxMnu9U0jTwouwTJcSSfbFiWVgjPK6MCUGODgda89/Zqi+HGn+MvH3h34Q3+rap4v8XeFtetp9Pa0ULLZrbMJPsuyPaoVGbKDbwAeBivB/2ZvhV4C8J/Gnw7q1n4iv7vxb4M1DV9T1PR76BLA2M6yztcBJXCGUx/MEBJOVHGWXHI8DVdfHwhPMLRpU3CL5v3qlGy9pZOSXutK9m9y3i4OODc6GAleU1Jxioqm1KDvR10bSu/Nrc+6r79u79nPwN4g8R/Dzxp4P1HUdZ8G67qkmq376XBcSf2jER5stuxgaUIgHQE/N0G4ZL/jD40+F3jzwp4B+KjeA9fi8P+PzY6b4Q8VTxi0trOL7UFmi+zoqhg5ABGCz5JBbGK/OrxnL8M/ir8TPHumaD4c8T/25qPiPUdRm1CCFD9vjVgZyLhlIKOQVZS20jBIr6p8c/E2Dxt8APhr8OpLG48D2Xwi1jRDaWt66fZr+S0uXaScgcZb5Wk4wM9yvHkUfDHLsPmWGzbBRxksTUqTnOrPGVJpSqQ99U4uyhG7ktUlsrduqrxxiq0KmW4qphI4aMqdGmoUYRdSNKUeRTmt3GKtzO73tqzU/bT8b/BTwvq3gu4+I2k6hqus6F4dtp/C88iXCW0VubdEkeRsZyyLjk7mAyQQOPmbwx+1Z8AbL4eePtC0yKbTF8ZaVMo06C2lMV7eMrCaO5dwWAkXaG5wwJHpXz9/wUA+LF38TPHfgldQ1KxudK0Tw1DZbbJSouj5YiX/Vgb9mASCGAOQG7j5t8QfCvTPB3wpt/E9r4sF3qmsx215baQ1sFazinkZTGJCOdoIJx2DcZ6/qWS5NWjltHC4ipUSm4N88nfm51KKT/DWzvbS2/wCdZ5nVGlm9bFYONOShCC5na8uaMb2T0d/ejv0Wlm7/AHl8JP2pP2dPBvgibw1daDbaV4ii1xdVht4LWXy7lljCwSSyrhBswGyc4OOoAr2b9kz4z/Bnxf8AG7S9K8ERX1n4t1DUdU1DUkkgU2jW7jMptZNu/DZJOWIAOAONp/Evwg7T6+8eorBeTTabIS8kasVcISGAAALAYHIORjpivv8A/wCCcMllB+0Jo8UcIOr29jqtxFctCFCwyAoYg4HJAUkEk5HI5yBHFWSxwmR5niXOUr4apZzlZpqMVttfbRWut9b2OFeIJ4/P8swihCCnXjGNopNOUot20VnZ2XLpa+l0d3+33ost7+1J4qeG21EwQaPYs8sNs0ihtykAsqttJHYn0A5Bz+2nwmSNf2OLaJ3Bn/4UvqltDayIxnmmnhlVIhGCWMjkgKnLMWHBxX4uft2fHTxl8Pf2mfEulWnh3w9rNodDsriG51HzBLExVcSEIAs5XO4rINowPl9f1e8AfEDU7f8AY80zx/4p0+KSXT/ADeKb620RBG09rbb5TbQRsNoBQbCmCpbIAxy3878TVMf/AGRk6UF7H2lJ0FGb56tWyUYuLS5U2ure6V97f0Hw6sBDM83hTnNVoqf1lzg1CEVZycWnZ2Su9NdNLWt+E3jP4beNWu/D3iSHQb2RdP1PTJZYV0y5W4hihvo2meZgm1IUjDMzk7RggdBX9AXhnVbHUv7EubC7iZbj4f2KExvyJYbRVuEAJOCjhlYkZJPTkV+YFj/wU5+EWoXFvokXw28Ty3+tpFZ21q2lwTTvJdERxRAJFtcO5wwGcgt6EV9//DS6k1I+F9Zk0G50O2v/AA3qjLZXSC3kjBjldY3i+QxtGSMoQMEDoBtq6mKzOvi8qpZtlzwcKTk6XNy/vWnBXTvt31e/mb4XC5VTy/OHlmY/XZ1Y3qR29ldqVnpo3d22a23P5hv2/wCO7vPFuvWGns8ss3iO9uWOC6bUuHVlYDOOFyAcAjg85r4P8P8Ag/W013Rp/MtCfPtGZdpUCNJUkYEnhSAMjPUEkc8j9M/2ofFng3w78WPEH9uys8zahqDC2az86IRi8cBw5BDMTgYAyvBPGDXgMnxO+E4milSSOKeQARiOwCiJycYyYxz/ABdeevQGv6AwGY4n+z6KhhlGKpwS7OKUfe07Pva/azR/OGaZXgZZtiZTxcVN1veg3Z/Emk3fXdx772uj7X+I08MvwW0gad5YuUGkCcCTfkRiFZMKmHJBXAA3AnB4J3H5Y+MWhweLrvSDpUSwpb6TbQX4AeEtMFUu4YlQckd89e56+16kmqT/AApj1q2UPpMzWcyOiEzSwEoRsiA4JQ54ByTxyOOF134//CTwbbWun+JdK1dLi5ihEd3d6Y6CUhFWTy3MYLBCNpIJ/LrtHF4zkao09KnLzrkV4uNnf+ZJ68zS2Rz4nD5e5/7RL2UYxVru2iUVpbW8rrmfVO70OL8BeE9K8OeItCvoTcy3EjwxyBnMiIw2qwUnduOCcnJ7c4FfRnx5iSX4dXVq5T7NLd268gs2FKhiVG5iqqMEZ565JwK8S0f46/CvxZrekaD4ft7uHUb28hFk32NliJYk43gHywQPvZIwc7jyK+p/iJq/h3wb4UsvEPjAINGtpY0uf9Ga6QvIqrGTGA+4DOS2NxxzkAY8zGTxCqwlOEvbrllCMFZttxv23lrqrWWlm2j1stp4R4erCnNRw7T9pLW0dIqab7aq7b6dND4h+FmtfDPwb4ot7jW9P06Ex3EFxZ6u1lI01rLGDuaMbDjcN3K4xn5eOKSHWLDWvjZrHivRJ4ZNP1TUCltKYzHKUGQWbIBAbkqMkFQOPmyfa1/aA/ZUvLaaGebSvtQJLGTRCNhO4EEiEhTz0B+XAIFJB41+C/jaBNF+Hdzp764pWdjb6eYHWAHa7CRlUZUkDAOMkAcUU62MjinWr0KqTo+zblb3YJ35bNbuWmzbvZ20uKjgXh4UsJisNJRrKpGEW3Uk07NO2l9HZLpZ9DkfjJLZ3Nv4e/fCUQtKSwIZF29nAyeRk4JOTuAOM7fn+/niuih3GKKBWQbEZg69QrA9AeP+A85IwB9l+J9X+GngSx06Hx3fwWMt9FtgknsxcLKyY8wIwU7TknIIBHXHJNcJcfFX9nCSPyE1/TVB4K/2aF3HjHzbRlc4OTz16Dg+rhsfOnCMY4WUo3aUlZN6q1tE1p59WrO55OOyujXrylPGUac5Je5NpST91Xavpa+3pvY8T+HcwkuJLWOLy8XduIy5b5g0gZ8E4zwNxIJGCMkjFfsHp0aR+CtNKKh8zQcO5bkqLZ8qDnJII4wQR9cGvzJufF/ws1Vo4vCGo2cl0kqlPstsYyzb1wrvtG0k4AIwOfoK/SXw9czDwZocU0cYEmijBfkBvKJY4HUbASAMMxI5rz80qus6NR0uVxkkm209HF2V+r2vbV/M9bIsHDDqrSjXVSElFc8bJJXjbVNqzbad+9rtH4wX0r6b461HXINRktLi01XU41UIGbbJOxJGFI4weeo4wc4FZOo3qalc3V5c6ys1xcSNJdTTxMHkYlQEySATgBc/ex0ByK+sfEXxZ/Z4sda1Oz1CG1iuba8ure926c7Si6SUrM4JRlbLHv0BJ7HPLXfxa/Zl2AJOHWRh5inSvm+YjBB8oFTk8cjn2yDf9qYvkhBYOryxio278qjaX4Pbz16GU8ky11pSeZUFJy+Fy1u+Wy0fkl16vofQ2pXKt+zVdyIomgXwmYkkxg7VVgWA5BB9eOvcYJ/M2OdToy4kjVPIRkXALEZLHoSc7ucjnrtGBz+o/jC3tpvgFrE2iSZ0i+8JT3empsVBHbFN6fL1BwRlTjGMEDkV+Pdy0o0q3SMsrBGDMWJzhiACD9cjcD944+X73u8NuNR1pSg48zu01qpSUU0uj79LJHgcawhTjgqcZcyhRUVLSzXupNdN+i3+at6VpHiG0tILqOaeNpJYkjh3FiAc8d+QMdc5X5cHGTXr1nrlmNLWOV4mLQ5Vw+duYsAYJzg5zxg+5+UD5Ch81pkjYgcx7WJ7Fh1GMnuMfTHPA9z06zup7WNh86Jbqp2lSAQgO4A9XJAOQM468dfqK8IOEr+SS26q+71tq79tup8EqkoqE4300V763+Ld303+dnbr67bJZT+F7i5a9kaVoJ0MELbRsQFlII7BwC24jOQB7+KaXrBmM8TRqArEZOCxCuOG6YbaTkgk8gDvXX6Xb3cNmIQxY3KNblCxbAOQPkU47ctjjBOa4y50qax1G6hCiNhIoPlngA7Tg84JJzgcn8hXmQkqbtay05tddWlFp6O3fVPbdXa65SnOCck1pG/KlfXlt8Sdrdl3SudOmp2S2jq+wjLKqrkOcoep6HnPIAxgei4l0fVkR5hGHyYyVKsRsU8Yb1+bknqcD0FcddwyQxBYyuQ5Y4PUcNnPTgggYJ+g7aGlAsodh+8YkkZAAUHAJ6HjqwOcdD2NTL3qnw2snd2uto2aStborW36u9hRc4qNtOW1/d+zpst1a6t0e6vqe0eGfFkum+Hdd0aLSLvUZTImpr9lDyRxCQFGlcID8oU43cKCck968huPFVmJJpZkeNnllDRMCrLjPQYIyO7EEfmAPvn9lG50my8NeP8ASZ9KtNU1XXbjRrGy1KdYJBp0FxdRrKhaVW2xyFigUEYycZLHPxR+0Z4bXwz8VvGOjx2a2EVvckRxxIViy67mkQBflR2GQVwCOhGc1w4Gs4Y6vRSXM2p7rlfwJrpZpP3t1urdvps0wc/7GwGLlJOLTpqL1aacbXbundvrbfTsc9D4p0gWcjK+4yozcKwJYNgKGwD0J6+vvis678VWBsRGQ0shDqxY/wCrQhu3AIAzgZOSOe5ry2RWFrDEGddsuc5wTkMemclTySOOMnHapZGfYFjXeNh8wlc/w7SAWzk/lkeua9ySvKyVtIr8tLdk0vTTrqfGtwSTjFu/LZKKtsrpt7beV+u1jFh8cW1g91BbWpc+dIyzCRlIYtkAKG+YKOgC44AHfbz2p6zb3cslxMxdndJHkbKkDAzjgkgbgCRxzwSc5yWsCbu5jCMXkaQcYzjdkYIIK4ABzyBj1PHPXKEuyMSER1BOSTwTkc9w23vkegBppcq95JyaurXs22tHdN3Vtdlay7X71GDimo2utrPTmS0b1u1167qyb09B06e0Fwk0TfIwc4P0GcsOM5IOTnAOOK6S3EXm7yrMWCkZwRwWGTgjpn7pHPJAOOOV0zTsQW+wjI3MSWywUkFl68rjjgkjH3QcY62BcfM+Ap2AZ6Fh6MADjOcrn885O8ObRWtZpp2ukmlfR6NXa2/4J51adptRvZNLVX6K6s76fJNfdb6W+Blyba71NXLJHNEdx2/MQF4UEYAyCMjoMHjueT+OZtn1vTZoxJHutjHKQCQAn3QenzKchgBnHUE9a/gS9ntpNRS0jeWUQJJtRwMKoBZmOc/gvA57HiD4r6tJZ3WireWqmWaya4MMoJJMgyH3MTnpuAPU4/DGUFHEpydtHp2tayT02fbXr2OlSqTwE48tkpKztp006q9n3tZu/cl+COi3nij4h+FtFs2Ec02pwyGSU5Xy48u7FWyCAq5Cn6npx97WF/aD4t+HbXTY4zDp2rapaPLGSnnTLAEmkYZB6qwXGAeDnAyfgn9nrXLwfFjQbq0aO1khF3IpGBtUQuWyOh6H5RwcDqTmvo74d+IpLn4kT3MlzFNcW2qavdKCclPvgk4OcMMsrdARnvXHmMXUbs7Qp02385JadFpHT1u9Gj1eGU6anGz5p1Vdq+0eS1vk/Pyeh8O/H+ZLr4l+LTuIzr996OcrIc8DPykdD+HHO3wuW3Kt5agjd1Hyge+MgYBx3zzg5POPTfi7qS3XjrxNcty8+uX0hCAkLmRyTuHYDPU85HPY+TST5bfvdVBKqDnJBBI5PTI5bn68AmvPjslpsrdNNPyT9NN1ewYtzeIq66Sm7pXjZK173T1tbuujWqHXEKIrMDyEwpIGV9gFAJ9iBnqRxmuXJha4CY+YFmLKxBIyR1AwB044bgc5reuLkOrDHOMZLdRznHJPJ9T7jGa5TKpLuyysxYHGCOvIz6cDJYjbnpjmhtpr1t1v8vTVu4qEnFO62e6tHV2ey0dtVdeWiZ7jpeoXdhpdkbPUNQs32pg2t9PEC2ctjawIAGR1GOA3IBr6j0PxD42sfDy3dp4u16KQWiSxhb+aXjuDukbOR3J465wCB8dW9wkek2a4GQic5JYtuyTjk45zjjI64r7A8Jxrc+C2lIQsmnfLuY7SADnnpleeO2F4rOthqVRe/SpzutbxT35bt933u/zaMpY/E4dKdLEVafvctoTkmvhk01fdvd679UrFjQP2hPjbaOsEHjfUhFHLtT7RslXCDo2fmxx82Tkj+9gV3dn+1f8AHa3uFiPiS1ukWRhuntoslkOMcLuIA2jjjOcelfO/h77PJeBJSqRlpiduWDPk5Deg46k84Azkcd1p8OjG9t0SJJWUsZBsLJnkgkDjIPtj6ciuCWVZfNpvC0t1dqEYvRxXRdW2t2kul9vRhxBmlJqKxuJasrJ1ZXWsU95JWTejavZWuerah+2N8bdMSG4l/sW6XeWZmgyWBIX5mRRyeeoBPC5wKv6V+3f8ToI5VuPC3h29JYK2VkUsCOPvHjbxkg4GOdpNeI+MYrBdNnMMK7PtCKzlMoeeCqHGcjtwMAADpWDaadp7xQmOJWaSOMMqod28DnnHYEc/dPXJ5xl/YuAlb/Zo2te1nfTkSato93pa6s7tndDiTM4wjJ4yo5N29581tI3k9G2mnr1000bZ9Ux/t6a3OsKaj8NtDnCSEYALbiRhgquWKjqPun5sZKnO3Zs/229CknKXvwms1VPnIijt2DsuFO1XQggYA7dSeua+PrLQbOe52mBlIulCKBgDJGeF6nA+UnPfIxw3Q3HhOOCXVXSLzFhtTKzdGhO4HbjIYZHBwAO2cVhPIsturUZdLShOSSWjtf7k1utb+fXR4rzZQj++hK1vipwfVNJpxuk7aq3l5v6rh/bN+FF1cwnVvhTJISzIypBYsp3McqVEBGRwAQBg4wAFyN+0/bB/ZxE62938Kp1UB3XNnZybS38OBAFbAB4BJAJAzxnjv2SP2PPDn7Tmi+N7zVPifpHgDWfCrSHTdJuhuudZZrZ5xMFJDPbqV8uRhkoWwenPxH4v8NyeG/FHiDw4txBdzeHtUvdLkvrdQILxrWZojPEf4o5du6M7icA8nJzl/YmBulGda6d2o1aiaVotpa+jt3SXk+7/AFszNcrksJLms7vDU27O2msbN6eaP1T8P/tBfs0appXnQfDzUIYpJDtkg0/ZEpO0uqi3ROd2TnAxyB1wehk+Jf7It4EmvNB1G0uCA2WsLxQpxgjhRklu/OevTJHyJ8FLBJPBFgjxiR3uJmDYBXqMYJ7H2Ixz0ABPpU2hWglSCS2hmYs4/wBWudpOTj5fbkcY65IGDvTySjFKUMVikkkkvbTaSVtfek2n66P8l/rNip2dTBYGpLRNfV4q7snry2aevRbPR66ey3PiT9kfUbaIXF2LaMmQANaXisExgJLlQSoU8kEA9OATXnlr4b/Yr1ee4+zeNvD+nDz2LwzQldzHcSGLHOFOCSCCMjHzDdXG6t4M059LuZnsbcBba7JVoY8DbFISQAOOAACRxuAHOMfmnaeHre41XV02IS17OsS7ACMSNwM4HA5545605ZNVStHMcTHm2tLmafuvZ9r2fWxM+JVBxdbKMBNPdezkm72jok77vR2vpte5+t0vwZ/ZU1dYxpnjzwijnADm9WJuSeQGkwvORhunXnGKqz/s2fBl1EeifETw9MjlmcJqdoQqnuDJIWzkjOOuSeRxX5gP4QW3gjkDugCH5MMuG9QwGGOeMg8HkAlagh024iVxHd3kB8okMk8iDggcbGCn145+oAFH9i49RUYZnWV3Z8yi9Pdbu+vm3frqzKPEmAcZSnkmEvbeDkrLTp12131vvfX9Kta/Y88CazPpbW3jvSY1UuUVL+zfzWIAJUK2VU8DLYxjqOlT2/7EuhswEfjKwWCNiVkF1A+4YODtyQowCMk49CTmvy18QTa/piaXLa6vrMTvMyb11G6BAzjgLIevTgHA6ZBNdQ+peMbXTPOXxJ4kUNEoDDVLsljjLHiUEdehwfX1rCWXZnD3Y5k7pLR09ObS17O7S3fS+2m6Wd5NVinPJKV9dqsk27x2001Xnq+h+lZ/YkgWZSPFVtLb7mfckkLOVOACNjZ6euMDoO1Jqn7GIe0vILPxEssdxBJEGUxBE3KASVJIJycEA8HjBzX5hWnxA+ItkzLF4w8SqcbF3ancsAq/NyDJzkDJ7ccdzXSr8S/iQ+i6rIni7xGjW0DSRH7fcqEcDlj8wB5A4PPsQOHDA5urXx8JNWbvT015Un1t6LRNb7FQzDIG9cqlBu2ntb6abXSv3/TXX7k0P9hPXtKj22viK3m8w7goTACl8FmHXPG48Ankjit//hjTxrvEaX1vIVBK/uGO4YHIxgAjJHJLEgnHNfnZ4X+M/wAXzCskXj3xBu3hMG8lYDYMEEsx+8SMc4ODggDFegw/tA/GmxlLp8RtbDnhQ8jN07EOSSPQnAzkj2t4fPouLji6MlFpWcWtNPW+t7X2TvpqTPH8NSup5dWi3pdVFq3yrRtq+t2u2vz+wNQ/Yz+JC7Uh8i5Vst+7DjA5X3wQByAvQZHHJ4zxL+xV8WZbC8+xWkckzxptiG3cwHcMc5bHO3HGMAHIrxi1/aZ+PURin/4T/U2QAq24qQcAYDA8An0PXG4kmpdW/bM/aE0C2N1beNJZ2MqR4liiYBec5ypIHPXbnggHORWjeeqTftaDjppytW0iulut/wAXpuRTrcKSaXscVCW796MuqTteW6+/XZ9PUfC37H3xo0uC1S60G4YHCOEKlAoYHIGCAxz3x2BzjFe16R+zb8T7GTyf7CnV+sbSDaQcKcFsKOeucgEknPIrxLw9+2v+0RcadZs3iC1dmQShmgQlsknJwvUDPUEEgDJOMdtD+2n+0D5Sg6lpxY7jue1QBtoIwSVycgHGT3+Y9q551M65o3hQaTTe7f2dFro3ezs/V6aE8PwjUVufFKStq4q72T12003ab2XU9Vf4KfFOGG4t5/DNzMoRt7IC+/nIyBnBx97cNuM4yCK+Yvi38B/ioNIlNn4F1q7ae9t2jht7aSQgJINzgKvKgckkADoT0r2Wy/bN/aCaLeJtLaMZ3t5CLvKpuILYHJHTpnnB+YCvOvHv7e/7Qlja6PdWNxo9uYbx4pbcWysZQj/8tCy5AYAbiMZz6YzpRrZrGbvSpcjWseaUez1fK1ppfbzaM6WD4XsnTxOKjNWt+7i7q6vtuldd3rvY6jwN4I+Jek+Hvst74F8RQqyQgbtPuCQ6xgP91Byp4GDyTz0qfVfCHjKSPM3hXxDGoJwp02c54xk4jOSB0IIHGRk4xleG/wDgo7+0XeaQZ2sPDNwkbsp3W4AIBGV4TaSRngEde5Araf8A4KT/AB1SSMT+FPCUyYVmVrRGDYxg8pxwODgkckeh4atPHSrSn9Xg9npU3+G2lkle61aV3dJ6nrRjkijGmsdXUNLuVK7Wy/m33b2280YNt4b8TW0Ikbw7rozlHMmm3P8AEcYUFAAQuMk9QRkkkCuc8X+GvEcuiahKNE1oKLdo1I06cF94IIClAQQQQAvYDHYH1KL/AIKUfF3JEvw78HTK6Biv2SJcHPLDEYCHjqQOpJHOa2pP+CjfjiSwmOofCHwpdJHB55/cIqKU+8xULhsfwjnPJJ7VMXmUJxf1OO60VRX3jonZ6vV7feS8Lkcr2zFqz15qUkldxttfe+vndNdT5U+FWhavpd1ey3OjapalVt0VprSWPLgEYA2qOMgnJwDyff6hQ6l9mVm+1pllXBhkUqFwB1GTzkcAL3BxyNDw3/wUzj1G2Cz/AAH8LyFjmWSO3twC6EDgso2nglRkHkjkHn1yw/4KAeG7lIpLr4E6W2EUlY47NYyD8ww23cCMFmwTg8YwOO/+0MfH3ZZc1GN7tVYya+H0fXrtfXWxlDKMoqy9zN6cU2tJ0pqzfLZXt57Po7ao8hiW/wBhkkklfBJEeGDcZ5KkEkEkADGeMEc4p1teywXKnyXB2Yy29VAAPJLDtx25wvTnHuS/ttfDPUUeW9+A3BkLBbVrNQoGQAvy/MTzjsCMg56y/wDDafwPl8sXnwL1FF2FcItiR1HcKrj5gMkNn064pvMsSoRbwNXWyaTi7ptX6303tra97O5c8jwbaazjDa2+JT1VotfZd9vN6t33Oc0HW1fSbyJ5VjH2K9877yBysUgUDcQATk4yOg4Jxz+NmkKr/E/xO0bfKdTvtoBznMzEYyeh9QSMck4Br9jPHH7QPwt8Y+Fr6Xw78NNe8NzW8cpivUjT7PFmNvmm2Bd4AJPJKkYGB0P56eBfEn7L9vNqGoeILPxNfeKZrq6a8a1Ty7bJkzmNeCM4OckdMjFfQ8P4yMsRGrUpVafJKLkuVOV2l52te99776WPnuIMsk8JLDwxWHqKUUozUmo2dlG19vu1vqmdNBI8mmbs4LiNCq4xtO0Y4HB2noejEdjgbMFkpjXGQoG7c3U5wPuk9u/Tjr2q/e/FX9nK2ijhj0PxSltlGaQuikKcDjoePUc9TyBTW+Lf7NErII18Y252/MxZGAHQjAOTgHGcdAM98/o9HOsNG94VXZKycV3Tel9tfPT7z8jxHCeLq6QxWFSTt8TavppdWVrd+9r6HF+MbQJpbxIzAzMq7AvJxkg5HbI5wfujJxzjxdtJmUlmlkZ84ICleAFxjHr34Ixzz0r3vU/iP+zVfOV/tnxUEJ3bZI94zu4VeTt24PRTktnPBNYM3jP9mhhmPXPEijod0ROep5zgcjHHU59sUqmdYaWqhVVtOqettrNX+beq9bcsODMXpzYjD22aVS2rcU7qyWmu927adGeDaokiW8oCSAC3k3MCTkgMDzjAGeSMEj7vrXzp4dhdtTu3w6/6RMQ3XHzkjHUjBOc4yc5BznP3rca7+zXeQeSviXXFEgkRhJENuHVlJZjyoGc8DrzkjNcb4a8L/syNc3R/4Su/RmnlLs7iM53gkICQNowADz8pI4OceTicbSqYqhWjzpRTTVle7cE93bRdfw3Z9Rl/D1bC5disM6tOc6/La0m0klFavbbtfXVX0PCjPdKyhJpSQvJ3bQPcAgA+nYnt6kivLuPJ3ujhidzyYXB6/NkLycccZJUDJ5r6xl8H/szSooHjS4hkwACLhMbTyCMNjPoCOTjnpVS6+HX7OM5QJ8R5ogx2u3mxEBSe4LffyQDjA5U8Hp0rMoXvaa+G+lnb3dd3po+m8bb6HkLhStezqUOm8l3WtuXrfy/B3+V21K7WGRfNaMlwuRI24qx5ZVzgZwcZxw3OcDGY97fbXU3cwBZTh5eWXGADkHOey4GARnjmvrY/Cr9niTaE+KW47xvYyxAgfMAcZzkntjg9hk7mP8HPgJK7Jb/FOIKpJJknthk4/h3OQT2PXgNweM6fXo6XlUu9NFJXtbdprX5N+uzqPDFWFmpUpefOrttpu107adbadF3+WdMvZoIpFaZ1zJvUMxIPYknOM4yADgjHGT01RqUpD/vApbnlkyQck9sY+boMHge1fRK/Br4Iu5RPizbKoHDNPBgsBwMq5xgH+90x15pw+DvwbZGEfxStA4IUs11b4IUAbsBweQp6AYGAc5FJZhFOyc0m10lrpHrprpre+zv589bhXFVpqpzUndxs+dWv7qu10vZPo9b2Pn611a4WVQGUICMltvOAOvQ9AW3EnbznvV67v5CgYxrkoASn3h25HLEHGRyeAeFwAPoOH4N/CJY2J+K2nk7BgtcW7bcH0B65HJzn8qkb4R/CXyPm+LOmlm+QYuIydpP3eWB6diB6gcmlPMKbupOd7a6PSySV/wAOtk/kOlwri4Ti1KjyppvlmunK9tb222Tt26/BXiyZrjxNA7hT5QjUHdkAq2QMA5OccnJBGeh2itTxhNLKNOLKpVbdQqDGSCOCBjOOTgAZ6AgjFfU9x8BPhLeeJAx+LWnDCh8meEDGOFyzYOepYYx6ZPHT6j+zx8Jb9LbzfjDpMZjVVTN1BkY6EZcnoeME4J6k8jw/aQSr3k0pzVtHfZXTbv8APrr9/wBvDC14UsPBK/soKMndWbXKr+itq77X6n55+VvO5i2ATtGBlQSeB1JOTxznqe/CqqxyeaqvlmPDAJj7w4Ge+CduOBkHjkfdZ/Zk+GTSMsXxi0VwSQoa5hGWCnuXAzkAnGe+M80xP2X/AIf7VkX4w6CPnZSjTRk9xyS20jrkdMbju6AZqVPRXTaXn3vutt1tZuy3safVsQ1ZpW82t7xVm7u+u2uyfz+KJcNZoMAMH+795j6bgT36jd3xgYGaybi2cRlgw3Y3ELgE7+RzkAjHzHuB35zX3ZJ+y74HdJGi+MXh/wDd9nmiGSSCR8r87Rk54JAwp6A5M/7LvhZQ7r8XPDm0D5A00eXU9MfMQCSB046cHqZk6b1Ulqk1f/t261W1ui2073VxoV4pLl5npZc91a0Vs993pfRdbnwoY22MW+8gBII+UFTkknoAD79SBkcmqjQmQnHG1huKnceeAG3ZyevIBABIBGVx9w3H7LOjyQCWP4reGx5gJCGaL5857KQQDnjPI46c5z4/2ToZHby/il4aAPLK0yZwvK4Ib8T16eoFYygre7ZtpWTutNLczUVfS/Z9m/s6KjXVkqfL2d15b9W9r6b+lz47gtlO0gM4GOABuwrADjv1HXB+nd/i5AtlakYLFgXQHJ3AZC4G7PQbsjPOQPvEfbmmfsgwyyAn4r+F12ksx8zLN1OPvY6Ywoxk9RXI+Kf2ZJRrkfh+38faFenyTdx3UeGh2n+B3yAJPo3GMY5BGVaKdNqN7uyUbq17xvrb02tv5FUqVZVVKUNFzXd09fdW2jT6+vax8GAFicE+nPHtyG3ZI7HsOhB5pSADgEfeHYEnB6HPHfrnA5ByABX3LF+xtqsiLKnjrw0VPOHkVSqg85G4jkD04wScc1YT9jDW5F3jxp4a27zjM0Y3Z6FSZOCRjgkjlgCMGuD6pJ2s4xasn72v2btpt6abJ+srM6nzK14SstL2btdx31V16L8EfC8acMGYDHy4z68kAdAR/eHXOM44rrfDUY86XDMFUKRnksQM4OD0zkZOD65ya+t5P2M/EmQkXi3w3Irk/euUXIHcgvkDJ5AAx1HQ0+y/ZD8cWk0j2+u+H5iSECpexDJU4GDuwFI52scZGccmuqhhpxqKpKUHGMrOTl1XK7ddrq736d78uJjOpSnCEJXktNLX2afS73vsk3vqeNWAzPbAlQCyMCF5QYCjKk8DI6EDBAxxkD0dXVdu7B3DyySvOMZHcL3OBgHGSMkgV6NZ/srfEqGUEXuhSE4KsL+HOeMqF8zcFzk9sgkjkV0Ef7NHxRMpRZtHkKqAWF/ASMdeC5GCOMDsTnABNe9B0nGzcfm03sr9LdfvtpdI+beCxcH8Devk2tY31t9+60b10PnzxAVcRJEUd0PzE9cN1LZz1yM8jAz2qlYSCKdA2CpKqoXGFyfmbcOhBBHzY7cHdx9FyfsufFO5JCjSZHVyxZb2A8nkD73TovTg5x7VP+GVvi3FsaK105nEnzBL23JOffeBgj6/TpVqVNxlFP3I2sr2b1Semlt2nrdtyTt1bwmIS1pSVuXa6T2+GzXTS2j1v1TPnjxdcQ/Z70AAssPARcL2BIBJw36kf3jgjn9Im8uK2lYhIjCFK5B/iXGMAkE/nu4zzivo7X/2X/iwllfCbT7IhkUlhewF2OD8qtvCjnHBI54HOCKOk/sp/F24gtmhsbH54cCNrqEMoIHVS3BxknK+voc8HK/bLR2cXZ331Vlsuj7a9drHo4enW+ruM4O7ldKyTS0ejTer2vZ21fkvDdWl+0ASQsoVGAGAMY2gkkdTjuOc9TgHjno5Z1eQrIp3DGecc8/dxx39MHtX1ov7JHxgw0RtNO3ZC7WvIg2WOScbtvPGOeQQDg8mm/7IXxjSZoP7K0/ewG0i+hOcnABGRwc8cZ9c9umNKXLd6R01bV38Nuzvr1ut9Lo5Yqqm4qnK297W7LVpatNp3btr5a/Lq3lyiGJSrY+ZmA4A6npngkHgbj6nI4tQ6ndqFj3YLtltvJ24wcZ5AIB9z/exzX03J+x98ZoZPLOi2K/IPmF7CMlQcZBb6+wwcelZP/DKfxkhkeIaBDI6AkmO7g+XJBwMMe2Bzjgd8itY05TdkubRWs09V10669NdugpU6619nN3+SWqd16Lbz3e54PFrlxbkxkKgRsqxAydxGOBwc4wT16Z7VZTxLeqrBxGAX+VSTt54Ax2B+mCemR19if8AZj+Lzq+PDLOysWcrcQNgJ34bp0yvXpjJNUJP2cfi9HFv/wCETucbyCVkjfJBxyMsQvcdevbAAFSqLanzKMr6JXdlHRvrffbdLXtj7Kq9ZJptNrTZ3jfddF53TXzflEt/LeMJ2UMwYKcDgDIU7cgEn3YEZPGciniXbmIk7SclslsAn7pIOc45OAcnOOK9HuPgX8WLRWlfwZqkihQuUEeC2cdlK4B6EgDHXBORHL8I/ibCmG8FawAQAuLd36AgYIU5GCvfgZBB61ShJNqVOSclorN226R1SbWj013Tepn9WqJtxhLRfZWjvZeT2WnaydjwHxgEGdqlSVjxnBVjzyCT0KluDn6cnHpfw5vFhhhLthmjAZHJAIUA5GMDIycjAJ4OcYzneMvhv44t1VpfCuqoRKEc/Z3c5A4GApwAAAARjHGM4xseF/Bni6G0h3+HdUjkVSC32eTKZ5XGVP3uR6g+3JwwEKtPHVnyS5LRd2ml001st9LWerv5GubUJ1crpQ9necZfDFO6TtfS11eytvbc9QgvYpW3mZNscm2NSpC+/wDwLAGxhhSQCTmq89xE9yNrMq7QSyruGVORg4I4GPu546jIrOh8K+Ko5fLl0XVAxQ5AtpMc8c7V4wPu8DI4xxSy6B4kUMf7J1SMogDILWTOASMA4yB0xk9OBjv9LCM2rcjtfouq5NErqz3e99b7tn5zWwNaUpfuKumt1TlZuytZ2st27q3c1Z5oZI97MyvwoABOdvIO3jHAPYEZHOejNuMAyMyYBOQPvEHAPGSCe/TsAORVKLRtf3KraRqTO2Mn7PKTjCgYIHOCc59sEAAZsLo3iFJI45NH1MF8ld1vIGIOQAPlAIB7fxEHnudXSe7i91d6KzdtLeae7u+l9jkWAxHNFRpVG1Za02nrytrazvdb2dm23a6OjtSkrxIshJdAg8tflUoMDORhie3zAk/XaZLiyCOY4nO7aSrFcgMfvZI4Udc5wO1ZOn6fr8FzE39k6kdpYFfs7AsMHAUbSc/7WQeh7VfvU1vzCZNK1DGw4TyGDIwyCpO0ll4H3upwSPXWEU4JuL6Ra3uvd6XT7a6LXp15qmW4pVLewqy+G7UOqSS+zbra6fTzMmeV1u4/NkUqQNoYEAj7oI5OTn+HA2jJwQc101rZrGj4ZG3hC7Nnq/zYGcE4IGRycHJJrjnsdZnvI2+wXjBVwEaHDDjkqpG4nGGBx2x610CHV7RX36ZqBOQYy8LjcqgYG0Lg44ODnuAD246qlzS91xSvrZxWlrx9Lel9Ox7OGw+IpRpKVGbaSv7sla7iuz6Pbyv0sebfES2K2WofOgjEkZQbThsBVyMgHG4dyoIGQeecPwKjLpvmK/An7qcEE4Ocds8ZztGfu8ZHQeOjqdzpV4p065YvIjFUt5SqBccsxQgYHYHIGCc4OcbwWL+G0CnTbwFmwiCCTBPDBhlSrAnqBjqDtyBXjwcvry095QdtEtHy6/f530V7Kx97UjOeRQjyNS5rtWd7tq17J9bWbtZK/TT2a3s2lthtCgtEAVAPLEAgEYLcjJJGBjpnHMNpastwgZsM+VK7eMc8AAcEkZDAYIzg/MBSW1xqltsaTS78xlC5U20uAcA8HYFK84A6ZyDnIppv7vzfPbS70IEOc27qwLE4I2KQ3IGSfmHpjivoKSfKuZxV9V5fD/K9bXvdt2u9EfFPD1eazoySSd7J/wByz0St10XzV9DRuNPARiN2cEFgNo4PHB5yvQEdfeoJrFY4MjJHl/PtIBDdepGQcDkE4K5JB6mS51O5NvGDZ34LJwWt2XtkZyvoMdMkH0NUP7QDxlFguVcEb2MLnaBnjG0j5scYI69QcVo+V3SlB6dLLRNd2+trp3bV7PRW5ZYWpzKSoTT0cdOa2q0tZ3WqSur23umdelokeisxDys0ByT/AMsiW4GT8vUckcgjGQAa5qxYtZzqoDtDINvDDZjC5B9eQRnOCPU5rSfXo/IWyVLlIWiQSAW7tlhjfgbfXPAHHQ5OSaltfaZbJeJOt0RMwMQFvIpGT7qMnvnHAycA5NLkjGSXNGySXVK9lZJv/D5a39Xao15LSlJax05ZeXldJ3vo909+jrNJmuHHULKpBU/eBIx1JPJx0PcHvW9rVsUbTkkxvklYjdksN2MqMe54JJGMZxxXNWet6XHNIBbXjHedr+S+AnLAj5QCcrzn+LPy9M6uoeIItQk01Ybe6Co+S8sTDg8lR8pIA/hIYn1GM0c/LBuPLK0k9NbO6+9PRdbbq7HKhUUlelNXV3aMrdNnborR++76D9SRY7G4Dhypt5sOehUA7ePfjnHPU4GQPmXQ1kTVZ5EI/wBbIFPQqWZiDzknA4PT0+v0fq94ZLSdER8tDKu0xSEIu08Edck4AJyOuK+b9EDjVp1KyLudyxKPhRuI3cjBJPbvwOhFeXiZuWKw6dk229UkvspJ+n4o9/KYVIYXEtQqX9zSzTunF6K2+utk7Nu99j770u+Sx8ETXl2jN5l5iYxgsQRt+YEc5OeeeCCcgEV45qXi7RI7m7vUt7wzEsIHVmJAGM8kEj2zkDHrjHa+NLqTTvhib23J2ve744wQBncoXce4BypyO4ONvNfIOo+NNTkkORHG7BUKqF2ljznBzgEHPGMnggjr8BmmUUcZXp16zalGnypRltdK6fV30V277H6LTrzw8XCGqlK7bSd37tntu7aPTprY9T8QeMtLvYIjbRXQnEEkMk0jFiWYYxITweSQABjI+XgivaPgbaPJ4U1K4jkwxS8BLE5y0bHKg8E5JyvoTkc5r4lOpXM7x75irGTdsIAUuRjtt4yACM9BnHPP3d8BowvgHUJnRpbry75VRCvOImztyDz0HQDBwNvWu3KMFHBV1yS92UHbmei+H9Fta/nsyK9WWIhL2mri1ftryp6rVPe270t1PizXbfUJda1T/R5WlF/cAP8AdUkSMOhxwe/THBOetZ8WlanJ5v8AoUkrlcuqqG2849zn8Pp2xuaxqF9/ad6dj5F/dZd2wQRK/BxlT2BB7gjBxRZ+Mruwhkj+yRsQCDJv+ckn75IGTxng8+wHXrqOnz6t/Frru7q93qr62ejS6vQ5oRhokmraq13dK1rvby893vY9Z+AMN5Y+N7M3trJCGCQneAp8uRsEDON2AQTgg89ea1/jhol1ffELVprS1llhKptZeFGBgYOepGNxA6gjmmfBDUbvxF4stQ/lCZbi3IIzlIiwHORyc8d+nsat/He+1HRPiLqdvb3EgVUilwNpjBAUZ28AgYBHHHpjqShT5Izkrptaq173XazW92rf8Hpbawz5UnZrfpflad1b01tq+h5PB4WvhHibTWZtpyXYHIPAPXcDn0GR3wCa0NC06TRdUs7iaAQNPKsEbKVbCOQGJBY/MMMCcjpwcE1zMvi/UWGHvbliS20YAwTnggYxx7ge2cCjRdXu7/xBpkV3NIyfa4gNwBCqWHHfO0Z6DI+Yc5qXGg4WjFc14p7brlUVpy7pXtbpZK9jmw9Wpzxi4K2/Mlo/hVtVpe976vt0Psn4xT6LZ/DLwX/aNq026eTMxYqAoVvvKMnI3ZAJJAB7YFfLljrPg+2keSWPzFcNhHhLLsOcqpxuyvQHr1+te7fHR3k+H/ha2VZZTHcsYyB8u3aeRjjqAcc544yvPxw1leyPlI5goBAAC888rgY7Zz1zXPjI81Sm1O6UIK19YqyWqXS2/wA9NjqjUcW7Rvq5aX6uNtLK6TT92+t1s2ettq/gC/lh8q0lS7EsawBVKxrhgQT1BGeTk9SfpX0v45udMt/g7YC/Z/IkmiwpBATBBUgY+YEckHPB9SSPhWzs5vtsBaKWICe35K4OA6n5QQMDGcjJ3ZHBxgfafxRief4J6TuZSsUkADgfNhVA5HQEjO4YPODkNWCprlmua97X5XutH+q76LTbTrouUk5P+V+miVrWej1u769bJJM8N0LxT4U0S5F6ZGYb2BjES8DKkMm1SRuA6gZI7kcVf1Hx74X1G9uL2WeXMiEJHJGHIQjaCu5SdwzlueAPwrwp4Y9zxCUkjBQBAOW5O0YB5x2IPA5wBVdbaNGKea0hZMj5eQWALYJPQHqBnOBt3cClHDw3Tva0rNpO6UdL3TTWjslvZ6LQwlXqXtydVaytdpqyXm7N27u6sfc/hJ7CD4Z69dgtLBJbTSrn5CyMDgAHA+X+7j5elfLj6zoxkEk096hKnaEK8MGIwfbOMcjBUjOev1F8O9Mju/g/rSSMSsWjy+S7kAMxwTwTjAIzx1OOgBr5DOiowZTcKGG5yWQbhuY9MjocA/e9x1NejUUVCkoyaXJom0leLS/O6TT3a2W01FOUIrl5na/fVuPnZuzatrrqt1bprG90KW709oZ7qS8MpC+bt+VS33dwXGRjOOSOB9ftHxBf2Vv8A7mRTLIp1CHzNoCuGI5GT0XOQRjO3j3HwJbae0OoWDKxbFzHvdMKp2twCepdQcYx04J4Jr7i8VWyt8Arpoy4he+g/iXlsKSTn35PJGDnJJGeT2cXGtq+bl01V18N3+GrSv8AcbYeo7W5LL8/djqtFe13rr5u9mfLX/CS6Y8iKsE8bAqJMFWAIC4C56lhywzyRg8k1qXuraXeQwBbaUSCWI+bt2DCtkEA9F2kE92bAyM88bYRW4uVYEMRGuV24UkADJAGOfXIzx24rZu4FQROGYhjFuHQbWbPI4H3fYdTnjGfIjRSlFe83dXV3feL3ej1a0Sve2htGpJvVaa32vZNar1+TvddUz7X8Vap9l+AOmXKxB7aK8RCrEDzVVQMFTk4JGPmHXOGyMH4oXxDC15JL9hUiUFljLghRjgemRjnv39K+vfFUMUv7PunRFgLdL1N7knILYJC44POMrnHHPY18PRQ28u+NGcOjN86qcMoPyjOccdCoGB681042lHmpuSbbgtHe7soqXRX0t93Y1qVX7qStu29dHpe12/deq0trfotOhtPEKT30UAs9rrKoV1bds3MMAA9ADzjIOPqRX3V4v1L7D8D0lksxeeXJbviRvkkJRCO/YYOQcgqRgkha/PSwtkOoWzrlRG8YcAgbzv6c/3hyd3GePQH788dRCT4CiUviJ1tlVS/GSgOTg5OQDuByMY7VFOlTdCquVtKMbq7203S100Xe63eheHry5k+XVatvqrJJtWs7uy0d1a90rHxP/wl8ex4otCtTl26ycgnJwWbHA5xkAgenArW8K6yNW1nTLeOzELLexoAshOSzhWAJ5GAeGGQSB1rz6a3hMZdAwxjcqhsHA4y4BGOuRg+5GOen8AeRa+KtFkZgI/tSSON24h9wwAOvJx9QQMDOa4oU4JqyvdpX5ujcdGn2a110s2tLlxqTnKKnZxlZadrq2tk1qk976aaH3D+0PHb6D4W8CXSWrzrJbsjbmAU/ugXUBSCWz6E8Dpk8fG//CUrbvg6cwhfLuDKQAD0x25AB+o54zX2d+1HdQv4G+HMasCiQPIVYHPzIpByfmIBBJyxxgHnk18G3SiVhbhl2OuSQrYXJ5cc54B+7yvPpxWdemlN6K+miWmybS9dnazdrNWsntK0ZKPMklGFloldqPR2eut7PW7vc+jfgPq9vf8Aji1ZrbyyE3lHcEGIghRyWKlTzzznr79R+0PrMFh8QL6IWqSmSxtW3LIRtbaPlOCTk4Xk9hg5ya86/Z8lSPxg7l0aaIRwxKE4fLhR82DyM5znLHqeOdr9pED/AIWLco4UPJYW+44bg7U4wBuAB4yMcjg961UE8Jrf3XH5q6SXVJ36ffZLWKklFqz0lp5Npxjr0SV09rdUeV3XiQTEIbPH7nJAmOMMCAxOMNkZx1wOfusa+tP2XBE9jr0/lASSWeobCz4ABgkIwSxPXnA4BwCNxJr4qK7UVk8kBIwGDAkljxyMAkegHC8mvs79mNXu7K+tk2kxw3hkUHaWUwOwGeeMAccccY6issNTg6rVpPR2807dUrabdNlfoyuZw5XJc1nZOySu+RJJrz3s9H1Wl/n7xFqd1Dqd8kUKrsu7vJDklz5r5yT/ADx39a5W71G8nng84IyKigIGJCncAcA8HBJBOGwPzruvEyxJqWqAxxgR391EcglgfObnpjOMZYEZPcYAPL3Mdn58AXYWCqwK7jk59TxnqenOBwTmsHH37Wa95Jr5LS93dPVdnZx6q65nLaWul79NFur6ppNaadt7HufgCBXiuwyYVks9xJ6ZIAbBztIzwf8Ae6nJr+h34IS+GYfhT4ZTWr2LTZH0N4mViPLNukZDk5wxZl5PYA545Ffz5fD6FZPtMcXzGVbVU3HlipDEhepCgMWHJ4A4Jr+gT4XaFpupfDLwwLi2XUmuPDjWQiXCrDLJbGNWLcEMNxbGTnaQQeKxxCg09ZWb+xvuk9Vd7Wfurza3Po8mlKM1yqM09JOT0S5opu2t2utm29NN0fOniHwt8Atd8YXtnHfw26XQBnnuJ5WRn3HLxsWC7cnIwSBx8pG3PSaP4E+E+hXsN74WI1C50qeK6N3BcrLHAy9ZAjFucDgAcc/Ka8f8T/BHxANfvIbG408+RBJFEYkdhGGY4EpA+RlBILEDGMnGMn2T4GfCmHSb2+tPHV/b2djPbwmG4sZw7Myuu5pQrcZBIAOd3OMdsJRSwySnUTnOLcm7uMW0nHRaO97X7bJJ39OU5vFTccPTuopxknHdX92zsleV1tfRXbV0ek6x4m8O+JNDvtM1HVBDYTXMUdw90oRozjo3+0QMADAzjGAQT4NqPhP4Szb7axuYLi6iuUM01s7NLPhgyKwZtpPAJwAfTFfWPx5+EfhC5+Hbv4N1FGtLW4tLqbUUhIuQoGJIyVCq5Ykbd27ABU1+eD+H9G0zxFZ3EOrTG30+9Rr5JBLEJ2ABVCF4wXODkc/WooUbylCEZq7cXKUmlJpJcyu9ut1u3ZN7GmKqtRg61KnJ21aadtlbTey15lo7ebPbNYudQ8PHw9e+Ery5Sdb+WGTTYLdZby7hAXbCYwGYI5AyDyoxntj9ZPgz8Gtb174ceHPFHiHWfEHh6/1KCS8/s20cjyYJAfkeNDuiLdXB9T7Z/Ibw58ddd8Ha5by6H4I0y/1FNTZ9PvtRiS4kkiIA2okqsMEfdIGeMknNfoH4F/bC+Kr2dhpt2NI0P7VEyeVcRr5SO4LbYl2ZAJHyqAApbOATg6VaWLqRjSUY2SvzOSaurcrUZKyu+mnTW28YSphIz9q6s1eyUVFJLmslu/d1t/K3dXW1/pjxR8F/DWleGtTuj4m8QXGp26b0KSuHghOS772O7oScBsDHQfKK/O34v6X8F4/Cl5HZ694hvvHFp5srXHnzKYZZd2UuSDtYJt455ycnJr6+8SfHjxZqPgi5vLmG2SQK2nXk8KRCW5EuQzrEfmbcAAhCYGcAjqPy18a+ILrVZ9at47LyZnuJ3eYBA8gb7qy9GyT64AO4jkVpgaNeSarNe7pH3dGtLNK6XPa65tUrWTegsbicNzJU09Vo3d7W1+Ld6rWWjVlsjzKHw3rEtnE+leKddWS5ZmbyNQkhG0DJYK0gPy9ORk9RwQK+m/2ePjHP8M49U0qaz1HxPcSGK3v2vr+WZ7ZwxLSxuzttBHXYcAjHUmvB/DM6Wdiy3llOZYIpHaQuB5m4EAJkghVPoCBwOh44/wAIa5qWm+MNVu10XUby1Nyoa1iR5I543Y/fddw3Lu4/u9GOBurrngY8rjJKTunG6btdq9k4tO+qutem7OCljPYThOnUk5ScV7z2tyu6W2mvfbu3b9Lrv9pa41vw94v0rR9FismksJ/tE0d27osYQgxsgc+ZIGPy4HBPI6AeKfs6fG3TdC8W3ZTRb6Wa9s3tp0tJHEk0rSFTOAQD5almLA8DGef4fL9A8V2kdj4iaTQLnQpvJunjhFu7vdGZCEjLbSW2kjPJ3Z4J7eIfC3xPqvhrxvP4o1jRNcOkWUF0J3htJYkLSSERBGCAEcjI6nnB715tfDKcZctKN1blThaPute9oouLT303u9T1YZtUhWovljOm2ufRLa13dRTj1ulH5s+3PjT8QjfeLze6bo13IbKzaGMXU5kljZsyPIMnGzJOSc4IxkdKwfAXiq7vvD93PcWUFoTI7NGr48x8lRIpXG4g98kE846Cvq74XfsSfE79oDwpovj2x8TeGPCOka+JL60l1G4N1qjaVKzAfarWNjLEMEj95GMHL8cV9MeDP+CWOrxQ/wBja58R9KnjupJZLa40WB/NlVd20CN8IsZYngAEd9pAz4byrEOHKqbg3JSWj1TstW9Xd202/N+9DPsG3zyqRhyxacYq7V1Fdm2r+a1Xnr+Hfxp1vUpNXiWG5uLNjYKym3OS7AqUXKnJJOQSPlxg8/Ma4zR72/TSdMRrybz7g3HmtJIW2lo2wfvY464I5POAMV+uP7WH/BNjxX4B05de+Hniiz8Z30EYjv8AS9U8qyntYYk8yRoWbaJCAGXjJbGM5zn8mIvCni/T7uSy1PT0t7iBrtBC5C+W6KULdMlc8K3baO1ehHA1adGnGUG1spcsmvs3d9r3Tuld6vpoeTSxsMRiatSliZODvy20Sb5d769LaL1vqe1fAaWU6HIZ5TLKNQuomdmJeQiQsck54yufzwMdfoeWVpN8ZO3kHjdluM47jJJwAD156ZI+Zfgz5mmaU1m6lr5r6cyQDcAGZm5XdgFumduSVxhjhRX0VaR3d7MYbeCW6uI0yyQoWdR0dmXKnjOMAH733h1rxsXh6zrSag221snd6Ldv0totF6H1uDqwWHhGdVXVnrJN391a2v107KzW7LNvKECBgqxxsQVkOQd277u4jGOBjPQ9ycn448S+B9PvvFer3MeqWpuHluria0EyRNBGSx3SMSGYc/MuTjjGM4r7HfTtUSRYZNPuYdhMu6QAb+ckKWycdTnkAAnk5FfHnjf4X+JL/wAQa3fRXRsBcNJKrAlmlRww8pjD0GD0IxnbnBzjrynDV3Ud+eHwuyVnpyt2a01trfboebndahGnTk6kJ6pWbTtdQvs0tbNa9Oh5NoXh7TG8W2NheahaSWty86SrBKGXHzDy95J2lsjJyCeT0GB9Bx/A3wXLHp8MOoQRR3UjSMqT20siA9QpLbi2AThgerYyMkfPfhz4OeK7bXLJmMkVrIZt07qZZSzhlDxqpLk5wQD0PDDtXsC/s1eKljS8s/GuoWm2VZ1VhdBoydz7TjG1QRjGB6YyQa+ilhcVUko0vaNqMfe5Vdaw5neTWjV1vZO7R8zRxWGUG5QjJpqyco7Xj3VrNK2m13ouvvHgH4EeG/BWvWniHRLu4vJ1SZBBIFWNAwBLMpJBJB64+71A2kHdn+HENv4p8R+JY9TEr6hpJjuLa24SBJUbcX2jgIAOmARkZAOK4b4NWfiTw3r2r2PifV9R1W1+wSDTrq481LcXjYJYGQbiigYOMAg54BzXsaXWiiHWbSy1O2m1PUtMktCDcMpglKsjOxJHG44Ct0wMFiRXO8sxqm24SktLS5Wmno3be8mt03btq7Pvp4/CypNJQi1blj7uk0o7aN3a77K9nc+KPFvgHQktpJ47+R7R5VUypH+58wuQyscc4JwQecjnnmuh8OabpujeH7K2hWbUra21UPFGykFpZsAOvqM45AzkAdDipda+Ffj6HR47SC5W4SbUJZFSO6hlSVXlO0yKS2wjO7cwAz0xyR0+s+CdW8JeEPCsFzeyrqk+riSfCoRASQwV5RlPK4+VmwCc4OMY6KlHEQpwg6VSUUoqXuPeysley6rR6bX6I8/C1KCrSq2jze67c1klu7PRXvZO/S7PavDMPwjufEWg6Z4o0v7Zr0wtY7eGdJibeRhvCr/CBlRtyMA56CvcfjF418M6TL8P9Jm0K01K6uPFVta2E0lyqy6akbRoH8vgKNrIQCOnrmvPPhCnwSbT73xX8UNWjt/Fdnq0Frp7+czWyRRDYzh7ct8/+9kcHGN2a9917Rv2VtfutK1a98V2F3e6SG1O1vFvdixXSYlUyRzMpkZSAMY5HUE8V5v1Oo6lOVnHkWilqlJ8t7x2bbvbfXZrRL06WPpRUoqKjJuLbilZ3aV7PSVndXs+tmfKv7RfiaHSPFup6bqbeafI0m4ijgHmZM3zbWUg4UDaGPpxx33fCfiHwpqfhuysdZ0aK+zOsiWs9oGiCBV2uFKn5uchzyeoPAr1/XdE/Zk+KfiYa7rHxDg/tO6WK132mwFDa4SFXilYIR8uN6D1/vV6Df8A7M/h1/DWr+LfCHxCZls9PddIt5I4Gi1CRFyIlaLdskAXpnDAgjkcVKlKcI0otK1+791tSTburbdb279DKnjKcazaipKWivFS1bT3bWur6u270PHrTQPA2vX+nTab4bsl1DQ5ols54YjEbVSxJcjAUqhxnjg49jX4KftbWk8/x5+ISzIZ5YtTP76NsA7RypycAdMcjjIGB1/d/wCG/wAK/HVlrFrrGt6rd6Zp8sN05EjxNHdXYzsiYKcrGSoOCN3XGBtA/BH9qi+vYfj38So2mjkca3LBKYyShXoD8vynPbHTGTg4I9DKMPUpVHzzcouCaW6XwpXt1a10V7Ky8/F4gxNOtQglSUGqjcuVrXRavzV3pZ6bX3Pm9dHur2VCYxnBVYgVyCQcEszYHBH8WM5GG4rS0zwkILuOa4Z4XaQiOLgo4BJ+c4IAPTaf4QcYPy1lJPdQXW9JLjbtI3nhRgdMHHBGMYGc5yR0FiGfVncyyTTlASyoXHKue2BwRnnr69TX0CpqXM2rNtXbV1f3bNvS21102tsfHudtXGzezts1GF3orq+9l6K99fXbHTJY5Sk0dnJEUJClQRgKAc8bQcAng8EdsiuK1u3t7iWWFIbMSxg7NrZAUuVzwfTg9Tg44BBqdP7QEEb+bJFH5eXAfczkjggZxwD+RyQeh4rUIrqeZpITcIFVxITld2DkjORncM4AB6Y9wqkIxi7u/Wzs3pba/bomrK2yd7XFzcouMbpWvddbJq3NZ6W3t5Jan2T8BYXj8GeMxlN4gU57IdjbQuR2GQRjqF9q+ZfH8LS+ML1JZZA5S3Lhl4OUB2bcBeM4OPfGMV9J/s8K48F+NZmWbbHbZAYkkgIxDHJ4yw69vYGvnf4gebP4mvpWcKzxQNh1KkIVGCSOAQOnPJ46Dn51yU8XV1tbTV6vottd3ZW6btn1U7vLqTScW2rxe6TWl0mtl3873W/U/BjTYbr4meEY0doyt63mOiLglOVJwuNpUEk+4A6nGd8UtFjT4oeIkN5sS41S4YOFDYIcqwxlhnPTjjPTnl/wGvYrX4reFy5c4vZmCsw+ciJj0ORgkckE5x75rB+KeqT3fjrxZcMyrKNVvFiPK5AmYggDkYHA9+uRXpU3NU1eWjkuXyty3/ldrbJpW11Z5spRjSSb99yjo7NaOLvbe19bW7bnrHwS8Pxaf42trmK6gnuHs72MRkAOg8mQB8AAkHruxgDaTgcV84eNvDsE/ibXpDcATPql3uQLwJGnbPIzkHoR1zkZr0/9nvUZ5PiXp8tzJK6/YtQVhuclsQS7VwGKntjI455zjHlni67EXiLXHJYedqd6U3E71VZ2x0wDkDBOADycCs5Td2r36vSzW17p7tX0vorG1NxlRT0l719LL3baXstNXb+VLors+g/2YtNFjruuRiVGC+HtQR12jKs0MnzY64DdNoJbHbNeQ69oSC4uJWkM0TXN0SwUFUYTt1Bx0JGMg4HA6lR7D+zUXXxDq0jFH+0eHNRwxYgjFvJg9yenXp0OOgHj2rajav8AbrSe48uQ3dyFSN2O7dMQckn5T97BH05AzSlKfJBWk0ndaf4XbT3btJK60WtrLa0oqPvrWy5YvtZWXzVlbprZ6Htnwegnb4f/ABL06G4gKTWJ8wkqqCJY2IVFHIJwAeMgglsAmvk240a1Yxxw3DDzi0ZZhkIQzBie4+7gMcjGRnAOPrL4LRWtp4B+KjBxJKdHkMO8sWjYIcsCP4jyQRnPIG44B+I5r+6S6VVlkeB5GP8ArCABvYcc8Bcc44JGOhO6lTUlFxfLeN3/AOBJJJ6X0+evndc8akE7ys+i7xfupaprR9NX33sj7O8M2l5Z/s5+NLaL57Y3kSvJgBSEJ3MDg4OCo7Ek4wQMHyb4e63DpsESyNbI+AsJkIAJ6ZJ47kjkZGK9j8KXMsn7M3jUnABucbmYsSRjnrk8eoPduMV8Z21xHBLA+WZVXcQGKr90YwRjJIHJzk4yCFINSqTja8m9W42vHW0XF2tZ7v1a9E7nOMbcqunFrTz5UmrtvXRpPW3XofZvxqvnuPhL4KnYRvA+qXZjVF3I5G0NuIGTk5IwSfu8enxtNdgSRLAPKMTeacZ2dVxxg88EEN24buT9LfErWd3wM+GTQ7mEt/f/ACltwVkKgkjqTkn3CnOOpHy218VR5G8pzJkjK44GMfhnscYyB7G3FJRUr/BFvRu6smrW+Vr9L38+TSLTUntff3rXV9e6T/K+yv8AZvxrVJfgB8JZN5uGcsXULkDH3skcA8+p42n71fOvhqSI2s3mh0iVGWJWjHB43dBgc4BIyfmGACefePinq8X/AApD4WxKYzJJECFJOwAA5+XnHPKkZBz/ALWa+abDX7i2mRZIYzbeYzmMttDKG5VeOjAHOcc8YPNTOCbTjeyUE468yat1trFu9152vsdMKtqi5r3slLXa9k3dKzT1b206Jux9D/G6OOLwD8KZVLlf7MuIxK2W25ZgGVSDgjdzge3uc/wzq0Vt4bhQSIzoiiX5djkFgPlJwCPTJz2xxVn46arM/wAPvhVPbpHsk06Z1hADCMFm3Ek5VSoPXoMZH3q+adO8RXC3cdtdzyrbyTQq8SkgAGRem08H7uQDgrkk/KDXVCSpVLp2UoRjZqzTtHVapJJrWyuk7WSMJLVXvduNmls1az1a0e+l2tD6j+N+oWdrrnhi4+be3hiykfzDvRRgAHcpJGegxyPrgHl/CXi2wWSOG4lieFpI2jSIkSbmkGOAQeD0GCAcHvU37RojjvvCUVuypFJ4T08k/wDLQhYlfPPOOewIzng4IPgXhu6WbUbK3hm2yJd2/wA4U7nQSjcJCMYyMnaCcfN1AxUyrOL5IrmTSt0TlK3u66Wvr8traLZRSkt772Wmvu3io9bq783Zdj7P/aG1qKHxB4TuJJIZVl8K2gAcYMcA5APG4vgE56kZHJ5rwfRdVS+8S6P9jeNMapYhVi4L/wCkBR95uTjAyevYZY7vQv2obsDX/CMQRVz4Q09A4Q7W4XJB6cFTyO4GRjIrwfwJO0PijRADExXUrIK7fKVP2hSDgYOFPLd8dc4rnjFN8is1JpObXvJuzfa1n9laWdrqzuOKU7e81eNm732Tsk9eu2vS2q0+l/2wS9z46s4pWaN08OaY7QBQuSsEYUll5OSDk88ZPTBry39nIPb/ABc8JzRSOk0F40gLj5VXZgDH8RxkqBkg8nk895+2FqMkfxLtEBSSX/hGNKJIYDC+RGfXBzgY9eOMivNv2f764f4o+FpFCKZLsIybg21QBlmPJGQOc/MoJ55NaSormcVVfNdRdldu6Vn682j3vtdFU5WnF8zd2rw6rRL89EtdH8n03xOgWb4o+Np52kLS6tJIHZcbyxLN8pU8EZwOPXPXPrv7ONtaSfEzTpVBjcadeEbBhQTBIOpAyCuT2yeuBwPCPjpq13Z/FPxcLd0LC9Ukocqo2EHGc9QSDjjnnmvQP2XNeu7j4j2kDhS50y9dXMnzDEMijjkZ4zt4znn+9WMcPaolNqTUrNLSUtrvW23ne7vfV2OlNP3VJxd013b0er7/ABare1rnmfiMWdp8RPFEt3b+Yr65fR/vUVtp89svtUZLLjP4DIIFfRnwGGnX/wAR9LGlW8LmPT7xpCgEbqfs8mZGAC55492zgV8k+NNUuT4y8UltoZdZv/mdiQ2ZWBC/dwRknvgD5cHBr6A/ZP1Rn+JNlFNJGoOm3u11Yhi3luMN03DHUHHPK5HFNRjGsnC6alp30aejbae/XXTToiFNWnHnvvdtK61Ssntq739X5M43T9fHh3x94vY2kszSa3qKSqSRgmY52k8g44wOCO3p9Y/BjUx4q1+6WOzVPJ0O+lBldUcxLA5fp825QAD/AAkdccV8FePNUu4vHHixIJA7rr+pMjwsAW/fMOTwTkcgHuD+P1T+yFqclz4h8QpcSBpIfCupz/vHKtkQN6YUAZwPQEYJFSpcs25K7TbaUuWT20WrTXZar5PXVT5oKm7qK0TS0TvHVrS+23ole6PI72bQF1nUkmhtklj1K4yNhfzMSsGDcHHJyR8zD0NfWH7N9rbS6t40lsrLmDwleTIGkwgxCWOATjBxypAAI2nIPPwZrVwX1bUpBIBnVLttqMAQomc5bkgYHJHX6t1+0v2VdRuET4gOSqufC14IpGc/Kv2dsheeh756sOeOayU6aldRdlK9n1W9lola9mut7rdu+lOd01K1lbTS7ja9r2tezWyjdrXqeAah8Qtbnu7rTgIIrW31CfCKSpVRKysMjlSwGRtI4HcGvffhPfed4M+K00MKMJfDUiyJDIMqTHnLZAXA+Xdxkkk+mfijUrqd7++YmJGbULna67dzZmbIxuIP3hyc4zhscGvs39nfzpPh98X4iIBJF4XnlZ3PzFfLzt6kHsO/9KzbvK6ury01TejTXe7dnvddtrqoP2nNBKUVd2lZR10e1tVur+tj4okvFV3DRrvVyFZGZgB5hGDgkYyeeh6HFfXPwtmWP4H/ABQZGRA8cUcrGPLOGYEjGCSAcBWIJxwema+MJrorLLCvltJ5jspA53eY2Tx1GQeCeeCOgr6j+HN3dn4LfE9VfaqLaiQ8EHkhlVSB1yRkDPcZIraFpN3fKnF6pO99G00rLVLvqrW01Ueyk1bm5leOySUbOK3fbzd9FfdW8CGmWkjh2soZIwoxMGCvlR12kAhjkZUg8g9BzX0l8AYoLXRvivKkcsLN4RulHylmdfLJKkYGFGOM87fXjPxwt9fR3LRxsyYIeMGQ9cKRxwuPqMDBIA6D7U/Zzumn8LfFc3Q/0hPCd0C7hSATGcKMAkZIGcLgcHqcDgxNSKjGPK1zOKe38y2sktfPRNadG+zD06ijp7z85JLdPTZ6O3no7u+h8j2zxzXkbFArrcxBVG7JUXCnLYB75Uk5BP3Rmv0O/bDmex+F3wDlEioJdGjCpzgkW6FS/U89PwwMYOPz203L6nEDlALpARwMj7QM9dwxkdhxjuQVr9Ff22tIkb4Q/s/Xduks6PpXlNsQuUcWy4AAB456kdcY7ivMrzp08RhZy0tz2ctEntq3azsnpprfex0Rc6lGrHktzpK22zXvbb97aX3v1/PQ65PEsju8W8sTgKuBnoAOcAAgcc56+tQjX7iRNxkTylIAGM7gCDtIOSAWwOQeeAfTIh0bU5kYjTb2T5yQRFJh8EkhflzuyBkAcHKg/Nkatj4L8TXt7baXa6Hqb6jfktZ2At51uJ8gFfLjKhmQ56gfMD25Na1M2w61eIpxtuvaJWas5Nu6tZWdtk1utSKWW1ZpNU6kk2kopNu+mm2929Et+vV7tt4kdoWysBQD92DGDh8YOcYBJ5zjaPu8YzVOXW5B+8aOBQUJVxHg8nAODjkgkA/MR1OOAdi5+FfxC0VZzqfgzxHbiFlWRX0+4MalxkAsiE7ueF4ycYB6HntR0PxBDItpNoGrW8zKpEc9jMkjKw2kqrgMfYAYwOBzg4wzbC1dIYmhNXvpUjJvVafF26b/AJnVUwFejpKlUi1aycZO/ZLTTddnddTm7m9VX8wpFJIQSWI5BJbsFOAMnBGeCcg8Yja9jVQJUiJeM/MA2c8YxxjjoB1I5HcU+50vU7RJPtWn39oN5QTXVpLECQxJUFlU5PPUdsZG4A7cXw88bXumjVLTwtrV7p4haZr2Gxma3SCMMTMJAhXYoBLHJAGd3yk4uWNw8Yxbq0tWoqTlG13ZOOrs3sl10XmjGFKsrxcJNpJtKFrJcqu3ZdLq77J7GFbX/l3Fs+MxxyIxRQACu5SGOckqfvE9QCCOOn6H+H9W8L3Vh4TsdUkkiv8AU7aCCxVNxViY0UlyOQMkBQcA5+Zc9PzdiZhLCzNjy3VQChByHCspz/d6buuRzyTX1v411G70fTfh/qFjGQ9tY2tyjwr826No3Y55+8ARkfqAKmblLldNN3d9t0rNNvpay0XfqVTs+bmWitfTa3KlazXlrotb2Pvu1+F2mCDBS6eQqvIL4JYDJUjIwc9OcdAMrWiPhhpkaRhYrku2QB+8YgjAG8kde42j7pGcHFZPgf8Aa3+Dx0jSotah1C11O0sIo70LH5oa4SMeY27kkEqTznb1zwAetl/a++BtrJDP5t8d+WAa0XGB0bBUgjvwA+MYyemEsRi42Tw89dG1BtO7T3S1d+reurbWp3U8Lh6rvGvTi305o3TfK7Na2d2t3oylb/DvTY9zzrPuiAwrI2M9zgD5gMfw+pBBK/LoW3gPTC7SiR40yCBskJIPJ+8OSPmyDgcd2GaqXX7aXwKgwrJeTLc4bJtQcAk9BtyQTjg9sHI6G0n7X3wXu4ma1hvZAiKxkFmN0Y25yTt2hsHpkgnpzyeapjMTFXeGm4J3dk92k1a+qab7ednY6o4OlzJfWIPlSTi7tvZp72VvRaWtZXRffwdpyvGYmQkE7maDPI7A4OMEDIye3UHBSLwzYOzghVCycoI2UtknJ5GRjnkDgjAzk5wZ/wBrz4QWlublrO/lRJCgxZBclmIDMSowSeT69v4a5W6/bQ+DkVysbWepq8jbghswBnHRcLyrZyBjoBnpXLHMMROS5cJJuy1s20pKO/Xt2evmaxwtBWU68Erxerej0snd6a9Ivp639RHhzTIWZEiDoxIZSkhyeMdRnkdAo9RnPSWPSbFXkSO3CAEKFdJCGxtJyNoBHBIwBhsEDIAHlLftmfCAsDFp2qNNbnMifZVAwec/c57nJOQeu3qWp+2r8JZ7lYLbRdTnuA4VVEER3l+xGAQVx1PABGSP4oq43FJWdCajo9r9r/zb6rV6bdxxw+FTiniKad0km9tk0k/LR6bu+mx7AmlWh8wfZ+MHOUkBUY5CMRkEdOmcgY6iq7WGnpJKGt3AVeRtcHnAGM4H44HzZ57VwrftSeEoC0lx4Q13yJQskQMMKK4Y/eDYIAIIxnBPGCe0U37WPhC1uvsx8FX87XBiWPzRHuZ5M7FyAOSTweecfNg4rkWdyScY0r9W01ZWtre+rbT1t+Rssvwk4xm8TBW1Vnqn9lLd27rb1sepwaRZCNJvLdty5ChZCeeOTwcgc855xnORTDpdt5oX7O8ak4XIcHO3IBHUdR3x7djVi+MmsXDW0dn8KNZeO7QSRxkQbtnPMZAD4OQRjrjH8PHB6r+13pGg393pup/DXVLK5sHC3CzCImMnI6kEE5xjnPOADmueGd+0lKFOHtJprmUZRlb3U2tNVvfXvrpqqp4HD3X+1wdtG1Ff3G09dF1tprpsnfv7jS7diVS2lzklz8+No4BCjlRkEAZJHfIGajbRrUxBmti2QTuEblwMZJ5XoOTXBL+218N4gnneD9UmklQ7j5UACNjoNo6AHkHJIOR1AqWP9tj4eoGd/BeoSIG2xqqQ5bdknPGOBySucn6mt45nXTbeCnd6K62u1dvzatZO13ppsdKwWHbV8TC3dK1n7r1Wumu2rOjm0+38tlW3eR13Oo+ZW+UZOSwG7Jwec8DCjDV5jqevaBpPiCOPxTNLZW1xHG1r5p2rJIp2hsgrwQgBOecAe1b7/tf+B7wtPD4IukSRjGgKQFwxzncqAEEYORwOCw6jHzF8aPiVpvxP1fR20zSW0WLT/MhdLhVDTPIck8AHGG4AA2kqQDxWOKxNbEUXD2FWlf7VrLeKT0d9dFqra7dTpoww+FnGp7eNbl3p2aT+FR7aWu7dOtme+3evfDEzm8nvNPuEdixi+1Heu1iO74IP8QI28Y44Ii/4TD4UK8kjXulRKUDPHI3mPjnAJyeTwCeTk88mvkWx8I2txbSNIJt0kcvlO6koGTLFyc9+wOeAcHjnhbfQIWuJEkk4EjQsUyS7l8DIPzAA5O3gE8cda8rkxtK0XOrZq6SbTvaN7PfW60tZb67nZ7fCzatTp2bu3vZ3i9bJNei0Wqvrc+8W+JfwbjKFpNNbYFY7U3K/8JHrnpwMZPytxnL2+MHwdh3OFtXUgjY1sCFwC25GC5OcDksT17gsPhK/8Lrpm5JvnQyIoUoRIVcBg3A4Geckj5eoBwK0b3TrW3s7KLyUdjvzIASy7sjnjDY4A7kDpjFLkxcpJSc2r21bu7cvnbVW1aSv56FRr4aNlamrtbrfWN9drPo310aSPtpPjx8IYWMjRrsJCxqlovDHCkglCcc4z2OMHPKzp+0P8KLZN0dlLKUYji2TOQS27Ij5ORjo2SAQBnj4HudO+zsVUl+Itm1ATHuAyRk4xzgjnIBx1BPoWi6DZzs0fkrKPsy5ZkDEEhcsPvADJxwfp8oqVhcRUairp9nzXS01tfXS67K/pdLGYeOkYxurNPls9WttbNXSu7Naux9dr+038OxE0kemXTBjlV+zQjHJC/ej68/ezwMjjBFQP+014OXATR7lixBRzBCCWGSQCY+xxnjDDGQccfNUngmG3tXlhw7bC7ApwBjIyOAACMdR1BBJzXOzW6JLa2xjiJS2d2YKvXrk5xwc8E8nPTBzXPPA16LTk5NPWKu2rtxdu3na3qdFLGU6m8IaJbQT35dNH1vfbTS59en9qHw/bKR/Y17vKAxSiOJeGPUrgAgYPOOR0ZuTQf2oNLmhVxpN4027ar7UQLgDj5Qp29MhRzwOtfJcKLJAWdAQwECAAcFSRnnoDtP0xg89e303SIVgQSRxB1ZSEIGADkkvxyRjpnOMdc5GM8PO/Nz2futJu61tunvZa3umr+R1UsbDRRpxa0abS0vbW/WyTa2elvI97g/afgdxHJoszNg/u2YAE+h7liCSBnGRxtwanP7UKFI1i8MssgZgHMzc454G4HAxwMHvg9QPmKT7Kl1c7UiDx3JVABxzwMHAzzgDgDIIHOa3YLGGSeB5YkXEbELtXaxJHJB9/wCE5OOhB4rmnh27+/rpe7V73itPkvnbd3u+mONUJRvGPKmk3aOl+XW6vZq19NLetl7xH+0rqMqOiaCqlixVmdi429MMeoAORzjkDHDVWf8AaH1l4cro0LyEnJcgvgZyQME4zjglgTxk8Y8wi0+2iMW6IkvC7CPYMgbWOQcnjIzuzgdee/MWKebfSkKhWPegRiCQUbByGGAe5yMfyPHUpTjHSbd0vPT3G999Wt76N69Dq+tJraDtslu78j10avZr73a1me4/8L/8WyTEHSLVQAjqJNxGOqkhhyO3qPlP8PNhPjx46YfuLDTkRyy7dpIDHbyF9AAcEAEAgDrXn32IOGDiNCEjfAVS2FxuXAOScHnOBkHoMmt+80gLawzKI02rCWbAUjLED72MZAOXzg9BgjceGtQrKDvUm0+qbvptpZLR2vq9rK252UMQ+eKUYtf9up9E0/taJ7fN2dr9RL8avH82TG9pEyEI3lqSR8oJz0A44PdgR7CqY+LHjy5j3rexLKCoBCPktuJyAThScgkgY6GuLQwJ9sC9Fk2nksCCq7iTzuyRkk+pXGMZ04xGqRCMKFkVF6cE8cAn1IGPw6V5sqU2nebSV27Su7Xj70VbVt7N76pJaHfLEu6XKotXVla900rqyXXv8raG5F8SfiJOzB9baM5ZDtXkdT05PPQYAJGT7LVfxf44BWWTxFdCMq2Am0AAn7xGeQD97PGefXNKKKGOK434DCUE54OSSTj37453YOO9Zt1Iq+UoOeGKgsQDn7pA/iAIB2/w9fesZ4dQsueS2s3LXpq03fXvb8rnQ8TKME5Jtq27ScVe19fw013T6G1/wkfi25bzhr94QELOzSsoyuM8IVBzj6Y555FdNp2la9q8T3cviW/jRkRSyTSku0h54UggA5yTgYIGM4Nci1uIraGRBkvC/A3AAnOcAYB4PBYYHuc59T8Jaex0i6IE0jfZQY0jDFhLjcgHbJJxndu61VHDxfvSbdtWm9rqL6NXur7aqyv3WP1uq7LVXa66R+G76WXk72016upp+iTaFrFu8uu3ModNzyXN88acZOSquGwehUjPYjqRR8WNp16q3Nlepc6n9vZZzDL5qLGsZwCzsSCcYOOckAgYBHn+t2uo2N7IdShv1dlZUS4EiMpZiVKq2BjaRhumMEkk5rS0qKzg06NkJ81rkPI+3owXgZGSSMAHOFGeMDiuXF14eylSjDlTaa1bd2o2cb3u77t2tzbM2oKVSqpOo2naTuvhvypcrtdu97NqzV3Z9dXbDbQRtEXNwyNvONzElju4A6bdwO3j061+qX7N/wAVPin4H+DHhq++HurmW0sL27juNFexE0UMcs486eeTyySp7gYYAZzwTX5ZwoUkRjzuLYD4AIOSAc4yMYI5OT9cn9PvgBfa74X/AGfG1aw8HXviDTjd3yXt9aTiOC18wkRlwCGJjyNwAbGGBHBFeVQzCrgKntqdWdC9lKcG00rrqtldbPz+Xo0cJRxc5UqtGE04602lJX9y0k+kkm779PesfaHiZvFH7QGv+BbK71TTry71dLDSJYNLX7OsVxceW8jbGIOYsMX3A/MAuSMCvpP4w+ANP/ZR+Gaf2YZLnX9W1Gx0mNbjYi3U7hRNcKAMHy2+UcgMepr8z/gd8cj8PPHng3xRN4budTn0nU2uH05rgASCSThwS2A0YIIzggA455P0v+0f+1Hd/H3xdpF5qWkLpOheGLyxOl6S8iM1zNJNE1w0jjCsItrAEnPJyCowfpYcRYXEU5VamJX1irOnFK3NJxfLzTctmoqOmu71W54dTKMbTxlKnQoWwEFKrVlay5lG9Oltzb69enz+o7f9mvRtc8NaX461DxTdXOs6vYWeoXGl3GXtLcTwmR4CrZZAG4yu3GD25rgNG8JfDHw94p1LRLrX4VvLyBHks/tTmyCJ80i7gwQMMYCk5BJbkCvpm01XRLj4WTa7BrmkbD4ZlaKGC+jMttKICsETRBztMRIUIAGLDIXODX5X6Rrepan450UX+kNcw/abqKabhJroSyMI3d2wCh4YEkjAJ3EkCvoYZhhcOqavTn7VRTs1olyuUtNY3TTa166I4IYLE4yFdzjUh7K6UGpRTejsu2t79LPdJ6foBY/Cj4PeLrWe60hYYIYiIrySxKytLcYYM7bz3IJG0dcHls15p4m+CD6UI7bwNrcjSyySbhqd1PAdmQVihUSAFUHAwAcnqMEC9oPhO08PeH9a1uHxN9hEttdXRspXlghsrmIZijTaVErjIyOV44PIB+Yr/wATa7fwyS3vxLfS7iH7RdQ3EkMpjkdmZVSOTjAIIBYnA9ORXoyxFCpGMvZxipq8Wmk9ovTRW3STdu+vXzaNHE0qjgq8pcslzRnFuztFON5aR3Wz+d3roeJD4m8EXVmL261Wd7jURboRf3Mdp9r3+WIwDJ8wEjDDDOeDnmpvin4l+JOijRdK1KLU7qefTt++3nnuzBFIivGrxR5XCqQfm4HPHavDfFPjjU1s/D95qfiR/E9zoGtfaXt08v7LJHG/mIZc43b8AnIPJ7civo7TP2qNNuLfRtV1/wAMWIu5C8c168cckQtigRY2jw5CooxtYY5BB4yeW8J0pKNWUW1FJN6qLa1km99kr3e7seyrp05eypydryXKlo1FX1Vk22ravqzxiw+IPi6KbQrqTUJruTTb2Ix2s6xxJG8UoIhdDgneRzgYzgkZK1+mvgn9rL4paxax6fe+FNFsJJILWGzE8wjNyNoRHUMRkkYI2jnPI4FfmhqV3oUkuu/Fa00K6vtDh1KSe0tYpQLK4O79+qxsf3fltjjavXoa9f8Agz4p0X4mz2T3Wi3uia3p9/b3Nqz3sr28elhy6ZBchcgj5lGMcDGa5sPXr4ep7ONdpTS9293JR5VdtqVtH7qWl7Xa0Hj8DhMZh41amHg50/hdRNqOkLq8Hty6pdX26/Yfi342/GXQr6XxJqXgqLUdKtJUVEsy8kjRtjO6OIlto2/efkryTnOPmH4x/tP3nxD0fUtKGgTaPcu0afagGdIUTh0aPBwwyVPVug4C5H2HpuvLr9n4k0zw9qVnqN3aD7HqCRzLMLTamxSyuSNxUkFRtOSTzjNfnv8AH74Qar8KNGn8Z29xc30fiPVDDNaXU0ebKWQhvOhRDgqzE7cHKjGP4qWNWO9jKpCq5Urc04z1f2VzJqzT6tabPa5xZbDAqvChPDwpVoyShyqau1Zr7Ut0+6aaV7pnzW9mLiWVnvX4fzfLeDcS5GH4IPHfI45B5FOhtHnlW3tbOC7dpVESi1JmlZRlgqbfmI9B8x6gEVyFrqmp3Us7XN55EhxHEG2BXBG3hh0xz1bqSM+lH+3tf0nV1k0ya8nu7N1mjlt2ZhEygGRgEJGMcNlcDufvV81arJ2baSs2knu7XtG8tktrfhdn21NKKdnd3jZu6a26XfTbTT5a+lHTr2Rlim0m2tHF0iSo8JgnjUMoZhG4UFgpGMgZPX73HuPjv4ffDbRdP8Lah4P1q/vL+8sln12HU4QbcMsYeXyFUbVAlynJPBBGTnPznb3Hjzxje6jrFpo+paoLK1F/c3LsyN5ca/vmEYADEFcnZg4xkDOK9A+GmorroSbxlKNK0aBxFZXN1cOC0rSkPDLGpDmNB1A45+ckdW5ShBxmoS9o7RnJtfC1dxk9FvsmlZ6bkOliKslWpKpNUm+eMOZqSaVnK0U/dd3dX16WRUjm0Se6lhn/ALO/dbTHvgkBJBx6AYHHHIyeo7yX0GjRvutJ9MjlmVUmjSF2OwsC3bjOe5HXPJxXu3in4XWDWU2raJ4z8CC1EZkaJy63ATy/MjkDSfeVvu5zncDg9MfPGoR6hpunSag82iXkds7Qvc2ckJLsw+UquSSPchiAOR1rz6rqxbcabmrtKSTs+Xl1V9ZOKvZuyto90ddKE5q11fTRxlCTatLVSabtte0Va6S1PWLbxCbbS47CG9to7aKHybMx2Mfmr5mS7FmTdgtyDk5JO4dDWfBfzwNHFDqt55UWZpEZAolfGSOynJJI6jGc9q8UtvGOoXRjRLi3QwAYBVVBycBE/vMxxk9xjkE17VpPwr+LHi77NLb6W0FndW32yG4meNEMIUkOdpDgMASPZsgZGa5Y4ipJJqM5O8Ixf+Jxik3fTXSyi7Ky0dmE6LpK8pJRfKrabNx0T5nypNPm91rporHp3w5/aA134cXN1pmnyQG11EEzJKolxJJwpUqGIbacAsQAoAz0FeueJ/G/w9+JGraBr3j7TmeTw/Yy28ty93JHHI00ZaAqI2RQokIYDjbjGOa+L/EHwe+LOnQy30mjtLb/AGhLaGW0lheR5NwACKHL46A7wcnByMZqj4gvLrRLSTwxr7X1rqZNnc3MdzCyviPbuQsRhVIJHXoB16V6UMXOUI08TKTgkuWlJ+5fRxWulm43vZ7N2V0zill1GpKFfDJKpJXlVpySk4tNK1tPspWstOy0PqjQPhN4b8Ra5rniPRvEF9dWt5p4gs7CwuJGWFYvkaIhm3FgeRtPJA55xWZH8K/CUM0dpef2kl9aySmSS5/fM7qSQhVx8owSBkDJxnjBrirfxDf+A/D+m+MNI1hLDRvPtIUhtU8yaWSVVeRSAG4LAhySMHrjIWvYZfE1xrOmxazNpN1Ld3q/aEuwcCaKXkS4GOAHBIAwT0750Sy+u1FqEZK7laV4Sb5b2XNdXbVlZLpZptmM44ulZKrNwn7t3pK65eZd7vo7Jb7tu7NDi0jwnCIbJvsdxBctLLcJCkc7xspJVnUFwrgEkEkDOPl4xyM3xfHgTxNLNqWkavqf2qGS4jmS6lSGK3mJ8oquSoB4JwDgjp1Io6tNdot7Lc210Znt1lt9zGNXIHyhd2N3U4IDDGVB54+bPjRrviFNa03Zpl/9hOiQiZVJEasseDmRcZB6gbuoyeprnr4yGHSWFr8snyrlupWs4xXuptba7au/mjrwuXyxM4xxUfaRqLRzvKUkrOKTto+VdNbLboe5/ED9oiw8T6FHYRaFe2beeZPtNzfNIeMgCMFvlVuAQMdh0zXiGm+M0lZbsxWStHkP5hDHCsQcliCW6k8g5GOCDXzZput3k1yTvbygJR5d07MuVztG1sjdwTjr2BB5rpLS9vbiaCBTaoJgyqu0IcvIFDPuwB16t8rHBPFeZUxWJrWqSnzSaVmrXTSW9ku680rprt6dLL8PhVyQiqcG3JRVm72hdtuzW19E+vbT61fU7jxFodlNLqkVnp8IuQbdYGeMs2MuzEEhWChhyOCWyw3Cudis9Hjh846lp1ychSvlMoQZIwRhWJG71wSQerE1e1TwB4Z8PeELY3HxDvF1ptMW8m0rYGsUMyh9gkj3Abf4R17HGePA9T1mx0OCJT4hsLuKVUdgikyJnOVYHnKkckrg4J4qp+0hBOpTUm4q2vvJtr4VzaXtqtbXva5hRpQqOSpycEns4ySWsU+Vt2fduOm9z3zRtLsLjxB5NjZT3iPaESfYo5nWJnGWdhHztAU4Ixyx6EZqXZHDcXlvbadPM9k7eaLq2uSuwHAcBl+UZJGccA8HNdX+yT8RPDej+KtZl1fULS7TWLFbPTLe4Ee5rgbciPcMLJyAg4POOSSR9UfFqewmbVxP4Wexjn0jz3l09IVJKJlXneAYRX43EEEnIbBqK1CnPD+3jiIUqivKULxslZNRvzWjd6tu9103tx1MVWpYz6u6DlSSg4VVaKabSsm7pWdpNvmXl2+Dbjxfd2EF7JawxQ2qShZFjR1cuxAO1gOxOMjk4BJHIrnLbxLKbgWsccqPcSC4d3kJPzHJZhweO27OASeRkH6p+FmveA7OCCy8RW+i3R1nU40skvEhZraKNmUteZBIDgDD5P8AePzZA+bvjNo1jpHxH1648MwKdIe53x3NrKslnAsgyUgwcbFJ4HYdRgGuPDzhS5J+2TqcyvCLXdauzdk4pW0jo0utjacPa1J05UpRXs0/aSScXqrxTSaV1Z9Fy6m9PfvNA0MchPmRBg25wQqcv1/Hvwed3K1o+F9SuLf7SBdzxQx7SUILb8YyRgZOTwcckcc1i+ANHvde8K+IdS/snVNbnsCsNnLpcbzeUxYZSRYlzggkncPmyOB2z107x2kvkWHhzXowEAYtpV2XDDJZHby9hPG09+wPcfbYOq17Gsk5Skk7x1drRfLo9Un1UtVo0eFiHSbqUJShG0uVqUlzLSLS1adle97/AA6PsveofEUTwkXFtaXAVVYF4tjsvdgWzwSD1xnJ55xXPahqME0Mlz9nhhM8gWJUdGZCh5YKMsBgYOQffJAx4+B8VIGlgk8N66RwxdtGuMlRgKqkwZHXpyCeT1IHLzf8Jbpl/BNrGjeIbOGXcxnubO5gs42bcACzqEUnk4buB1xg9GbY32mEqL2VTmcbOc48tvhV3vdJNx1atdPzOTC4SLqwaxFO6ekeaKs1yrVpvvLS/bzPqnwDPJJeJCrKXuZWiDuhIVmztZvXAIbHpg7iOnsPiWDxtYaXePI0F3ZC2kFwSqRgwKrhQgXB45XOCQT0HQ/O/hK/8iOwkLuZftNu6yIxVmLHIBx0IBxj+Ig91NfUHi62ux4Q1G8nu5nMmmh0jkJYAOpYKMY55HUliucA9/KyitzYDFQg5pxi37raVmla9u9tGunW2pONo+yxWGclCScoRfMlzJKUNpK1rbq7t5tanyJeay9z8phEcQAEgVmdck5UDAOG6cH6HPWq0l5DEI3+UbVUDYG4yRwwHXA7nIGefWsmW4kKSCGNRG21jgZJwTnHGCTjBPGMtu5xnHub2VYpGDs0oOGAVcYDjnAOCNw6fUDHGfnqE71oSbcWppbN3tODbj5q9rXtdN6nqVYXjJJaWbVvk3Z667XT76PZH6Wxf2/rPwkOmeD7ttO1jUdBjtYLxJSqRvMgDCQghgXBK7gMZb1rxz9nz4V/Fb4V+PrbxH4h8Srf6QttcWtxpdvcSuZbmfe/mN5jMp/e4JOS27gHgEepeG9dTwd8JLXxRNazXsVnpFvfSwo4/eKkagjJ4+9tOdwyO2QK4/4TftEaV8V/HA8L2fh+XTGWzk1A3E0kcm1Y921VEZPzZXdnI6AE5PH73GlhXHAe1lONeVGn7CEU3GV1FK689Lp2vvsfljqYqMMfGjTjLDupUVVuKbVmk1du/S9t23e6vr02pfDTxhrvxri+KT+JhHYW0saNo8i5neJI2Ty1k/u4K5GcAAnPU17r4l8V3Og+Ftevre2knv7TT7mayghG+WS68tvIGz+I+YVYqBnAwOTmvM73x34gs/i9pHguHRVl8MXunPdXus+RKqW06BtsTyBfL3OQO+SW4A6r2Hj3V20Xwtq2s6dAl1c6daySw2mGkF1KGBSMAAljkDgg4IO0nIWtqcY0YYp0uZOLkptq15JJNpPRvs9U2kldaHFOrOvPBxqxjKMY0lCKcUuROLtPqrtdem2h4t8IvGHjTxB8LtX1DxxJe2fiq8vdQEcd1EY57a3aQrbKsRAKKF+7xzwenT1T4UazqOlabf6VqmoS6jfXDo8c08ZYRxOSQN2CBgEbhnODgE53V5F8J/GWtfEPwXqOveJNKOi339o3kH2KNHib7PaEsJSJlVvnA5OOSQMjrW98N/ih4b+IX/CQWegW9xaS+F7pdM1C4lKZaYEgumBvf7vXntyMg15katKm8P7SpJVJwmqSlK8qqtFtSTek0rXbV0lvsem6NWpHESpUVKjTqxk1FXhFNxXLe1m2lZN3sk9W22+GtfHHjxP2j38MeJ9agPhO/hlk0nTY1HmsIQAkjFcFQSeA2CcZPUV7Pq9r4juNcFzY3NtFp1m4Uqy5k8piW3kEZOOhOCBg++fkFPEGo3v7Vkdtfaft0/TtOKW2qMkhDfLkLvZSh5PHUrgZHavoDxNr2u2etbtLsJ720fa2oCKVo0W3LfKFyRgjjJ446Y6jwaOLjCljPaSnUSxMuWTvzprl0b3cYy6J2aXqe7iMM3UwrpQhG2DpymkkpJq3xdbLy0tvfr8KfGRZ18feJnWZVlVzIxRf9Yox90nGN2SMcdMYHfp/hn4ludV8HeNdJmtYo7bT7WxmNwW+aWQZwGA2kYIx6YJBZcjPn3xNluNQ8b67qjWc8EQlCtayMxUDdkp94FgBuPH1IGRj2rwRpmmS+FPEN1pixGW90GBriCMKirJCrdegLKTnLAkc5Ir80zSs5fWopq1SbVvhk4ybScdurvJJK2j2sfSUINRoxnF3jCOq5tdNWtNVd6rdadj5N8Za7pUVxe3uqXiWtukhszGjksPtCqkbFTk4HGFxg/3QK/QH9g74k6H4e1mTwY+r3N5Dr/hnVLiOKQs3lS2drM8SRFuVGJclVHtngZ/Ij4v3dy9h4iV3gWaHxFp8eS+HCpOvyEc/eHU7ehIPUge/fsZ397qf7SWgWMt4LVItB1UqscmyNgdMO9FUdd3+ySWB9DivnPqFWPssUqkounLnjbZtOKtJvfZO193bsXiaVGWFr05J2cHeSs9Lq/Nt0j6du58ma9fRyfFbxo4k+aTxjqT+XnkoNWnJPGOACCQfU8YFbXxWmtB44nyE8y40jT41ZsufmRMnHIAOMZ4xxjvXnniK0aL4qeNljlfzLTxrfxSFiQ21tVlOF7jgqfvfTjgSfGK7KfEq0hLOpbS9NIIcgf6tBnghcHHGM/N8pxk1+jYSU3hoU+ZNShBtJ6p8sdVdLf4Unu++rPP/AHaq05KztCyd0r6x05bPVO1rfgdp8Q54V8K+DZCy5gglC4AALgNgdcnoMDdxznrkR6d5cnwk1+NtnmLqiShVHTcoLEcY2++T1BI+6Rw/xHumPgrwwxYlY5ZlLGTjjdkDaD8x2hRz1698afhW7WT4V+LZMsyR3EAG9unyjIAyeg44I6HHHNdShywi1BuXu2Tv13eqtol59t7GE3O2slGKknK2jd3fVu11e13ol1e1tj4aMF0P4spIcKvhSOQfKAWVeSeeeCT19K8y+GUlrPrOtxlJAraA0vC9QEwDjOATkZxnH0FdT8OtZM1n8WEUHYnglAMAFXIVuhzyAQSSRyRg4LYHBfCnUUfXNSeVUTHheVAMn7zK4X7oI5x9cZAqFadZRaSlypO2jd1p0dk7pLyWydr6KUo0px0aupK63T5dui1tbbuj9Mf2afD/AIWn+Gej6jqGgHVr0ePrBIbiXzTFawtKgkOI8qVLE/N0Ur1IHH1T+1c1oum2lrYoVSOVBCjA+UieWfkTdwoXG0LjOMda8C/ZS8Y6VoPgjwP4QvpLOO78V30V5YichnaaLVMNsA6MY8LnPXu3b3n9rOSEGJXliUh5DtX5FBSIkH0B+UN3wMZzkCvOynAz/tbHVmnGLT5W5O6Xu9drdNW+yWjOPHYlJYWKT0nKyW/LdLT/AIO7tpZH4pPFm88S5RFkk1W+ZWDZzsSTn07YyB36/wAR90/4JzWUdx+1Z4Pd5M+Xb6jLzyAwSTtgjbznplc8dc14VC0Es+tyieLd5+qEr5u794JZEZsZJI2ggYB6gnjGfo3/AIJqRRN+1NpcxaGUW+i6hMSsmdhYuoBJJ55GecnoDjg+nmDUcFX5HFuyau07aJvXRO7aeyd7XehUZvmV4u3K2r+cY3W6td6Xtpb0v5n+1FetF+1H8SirK6Ta+sTMmcKFY8HHuAOTx2xnmnBq1jYatNIysN8NuFaMNg4UZJPfgZAIPIA6dM39pe4lj/ab+I7+bAPN8USBgGDYjMpYFjzj5RyDkYA47j1b4J+APAPxWj8SzeOfi9o3w0l0O6jis4boK1xqSeXzLEH4aKPqyJlurc9T8vnCSyanWnCTuqd404Sk25cqVlG907t3srNJX3OunGM8S6MGo2WnNJWukm1ulZ76u91uRQ6np9yRl5VjYwDd+8Dn504c/lgkkHjIArpl8NeFfF/jW8s9S1C6tBaafZyu6yMksgCrmIEn7oUnpuPOFweTJ8TvCHw68AeHQ3hP42+H/HGoWtzapFYWtnIl1eo8qbpd2wqqRZOcknGScYFeK+MNQD+Mp5H1uDTM6TprebDKLdJXeJHZHZWXhs8sdx+8M9VPn5Rl0sZk2Yxwzq0XXjBRc6UqcoyTi3yqai2rP4lporXM8XOFHE0I1HGTtJvllFRt7reik0+m6Wqvc+349B+FtvpK+HNK1q5ae4Xcqi5dpEODv8wM2FB5xnA5GOQTVjTtLjt4/BFnBeTWtnp3/CRFZhKpklEUoMbpIctuyAwOeAOBxkfjL4y8c+LIPFepv4f1W9MFkzRJJbXblGVU+aVXJLFQ5GAAV49Tgfo5+zz4k1DWNM+D0fiKSfVJZ01N7gyXCgM0k8YHmlsqFbADB8nqOmDXlU+E8bluFxWMxGJlWp1KDjKnJWlG0bq+jWt7trq9NT1MNi6NVUqVKKU1PSyTVkrWbs9btvS2vlqfen7JvxF0Twnq3xUttT1zTPO16fT3im1DUli1SKVGCyXrvK4YQxkAsmRkD8R8s/8ABQbUNL1k6tqGk61b61aHUbGFtRsp4prR7wITIyvGxBborNxgcEjFeKeNvEF5aePvi14SsfD8K3mpamLe0vrGOMyWlksbMPs8pAKxZwMpwSQCCc186eIzc6Z8B9Qtr9r17seMmjIu52eQgMfmIZ2Cem0ZBwf72RwcG8F1P9ZMXxLzzhGeFVOGHvpdxpq6SWifK2lpe903e59RxJicvwuUYDD0ZVKmJrVKarO/uwcLKUVFq6d+7Ter0R47pNw1peGGSQOrxyGRixJxIhIVQMdhj0yM5XHH118FLi1l+Hfi2NsCKKO8BHIzIgGwc9RyOc8k9MDn4Pt9Va3IlV45GWRAHJBcjGNuCSMDjHXHfPf6++DOtoPhd41upIg21L6Q4IHCYIHBHUHGc56ewr9ey/CzVWpJwbfs7RT9EknbbZ20W+ux+ZZryqjQtF8rqwk076JuOjvd762snqUvDPhDxVr3imxtvDNlLeapqljNFp0MDqZC6B/3uHIChFOWBzgA4LEHPqXwS034jeGPGviOx1yKeS5tfDXiOJ7K9doxFepsG+1jDZL5A2kAgsCRnBz4b8PPj7Z+Bta0HxJp2j6lLqmkG4Uneyxy785jBBG0YGOOCOmcV9HfCf8AaA0X4h/EPXL/AFLQL3TNVn8O67fzTKwkJVIw6W0QYja7kYDKBkHOTnB+dpYPOlm02sBz4Z05RjUaXOnLlutZXe9l9y7noY5YCeWvlqtVvZxSg02pa0m9NNVrHpZWSex9/aBdfHqfwjo+owaVbXhextYtPt5DdJNCAoAEjEqo3JtIJz1wMgYratPD/wC0RFe+H4ta8OWsmm31551+iXLSfZoZM52EM2zcO5OO2DyK8Y8G/wDBRLwhpWg6fYX3hPXYjbQNp06rJFJJNLbkxx3BVsmI7VyuCDwMgHIHo/h7/god8Lb+Ww0270fxPBqF/qENpZyuRJDEZGIVXA+7HngnPGeK/NsVw9xDTx7nS4eUoyxUpe1jBucI+0g+a8Z66K6un1s0kjR1cNLD2lVUbU1a6ataMbu7kr6d9uV6K+vhfgfx14u+Gvin4p/8I5p6Teb4ruYLi3aKSQxDcQ/zBSzegKkEdj2P0L4d/a4+I9pdJFa+F5dStksy7xiO6VYlgX95GFI3sPlbHYAjHcHwDwl8Tfh7pnjv4tSeLNWh0x73xA15pxnV3KxzASF9qhlZuQBnOWBGDkivp/4AfHj9n3wh4h1w+JPHejXsF/pjyWd1eaejCM7mdoYUkTAzu2uSqnIPJGTWXF+BxtPNaM6fDVXG1v3EZzjRqO8uWndNxi7KL1clroRQpYWeFjOdeDSi3yKaUpPRp76bpu/n11Pkb47fG59V8F/CXWr/AEJtKW7+MUWupA4kjd3srqJpk+cK5DBPlJGTnCjBIr7hH7V9vLqWoxxeHdTF3qOnWdxAqLJlYI0AdmG0fKY8PuOBt/2eR8B/tp+IfBXjBfhqPAusaRq1pp/jRvEt59mComn6XPdKpVoY8BQqhpCoGPoCM/U3gv4v/CTw74wk8U3nivQLzS77wxa6BFDNaF0gupbNYpJQGQ4CyZXIAI4bpivezfJK+OyvKebJq02lVc6EYVb0ZS9m1zWi9mtLraz1e/DQqUoqtJV+W75knJrTTvfZu1+ivr0IfH3xxtPGPi74AxXGjanZ6Vpfj+7eNp7aW4XU0e2CzxwIqF32PlSEySOmM5P3dfeLfg1dvqV5rOjXcQsoHkezTw1qO8oMhj8kJIYcliw45HGAa+DfEnxq+EMnjr9nOO017RYdH8E/EG8v/EF5FbJ5drbXEIdJOUyyvIeARkHPUV+jHin9ub9kLQE1VLr4i6GTq9tcWwdtKRpCZiU3BxFgJznAJ24B46n884vyLMqdDKI0ckxtSKp1IOlTpVXKmlWfLtB2TsrJrXe7asdeXY6nHETSlJRcotzjUSV1ZSTdrNdVvdW16n5x/tKfGX4J3/w1+K+leD9WtYb6Tw01sunPYXUEySPnCv5yKquMhQuB3yVCmv5r7K/s4Gmkn3LJAx2sN2SGYk4wAgJOccfTAxX9K/7QPxM/ZU8QfBL406P4J13wv4h1vVvD/wDa5vJNOgttSinXcY7exuvLSUrI2ARux83TPFfzK3d+Jbi0EcUCo4jS4jJHyAHo+cDds7nkj3Nf0X4M0sXR4erxq4HF4OcZqTp4mMudvki7RU4xbV27q2++1z53i14etjabjVjJN2u5xlL3lHXRqyTt0SdnZ2PrX4D31pqXim9ijDsh8K6mytM2wIyW0zEEHHAY5B3EAMc7W27vi/xK1xD4ia5tXluZ11XASMnETLdDaApIyFBB7fMfTAH3/wDC/wDswPdi3tbGK5h8HXjx3NuVYRp9mbfv2HJcr8pwSx7k8E/DXjGNLa9S9057VTNPlQ0nzZ87dJIwYnBBA9COQRnNfrWCxOJq4OpKcJRcKs4wi1rJcqSstNrPTa1vVfN4rC0KWMpwpyjJOnScnfa7V1toklZpaap+b/Trw9rPihvhkks3ilEaO102aS3lgVUVdsZECSqFHmFcqx3ZA53KcEfAXj3xh4ok8aa2+m6pd29tDfSSXFpp8sjs8ahldjySHPUNjnJwQAAPuPwX4i8F6h8Kbfwe+vWt1q2o/wBnSGzfyxcCdgrMscpPKrkAANwCDnpXxv4p8JwT+NNch0/V7fS75NTkhlgcp5xSMFSmRhfmACkdCRkt68WExOLp5TjliKU+addqMHDeHvLZ+XXS+l+h9V/Z+W1M+y6NKdNQeHpOcueKXtOdNxvJvTZvXW+ySP1F/Zm+GPi3/hR3hH426v4g8WrZ3WszaZowG9odCL3Cxm4uXkysouQ20DoAxPyngH7e6No/j7RZdE8VXsV7ZfD/AEi4uXil3y3FxNbK7xsVOUZWP3QRtz2xx6j+xl4r+DGp/s63vwx+Mfxc1LStX0nV2v8Aw74bt7v7PpzziXzI5pHWXawjKhnUEhsY+b7teYftyS/D3Wfiv4WHgfXbLxH4fk8HaTFf6vZK06SalBbhZ42YFyzBgvmrkgEA9+Px3g3M80p8UZmsZg6kMMpVI0JypqCUVNrSyTs1rFvdappt3+74swWDxeHweCpezhOlJxnUjDloOn7GjyyVe8Yzmpcykl1VtbH58WfxG8a3dm5k8YalbraBSsTshaTBIweeh7knI4OQenR+Ide8QwfBay8QjUrl9cn8WSpBetIGmVF3BlBzjAXBxzwR06GC18FWVtqt7cXwjntZwfsmIZUjWSY/u84AUsPusASOcq2FJqfx2tnpnwittLnntob5fGTC2iMhASObdglD2wFLEDggj6/uFDHqv7TlUuaEXzX0alZfDe97rZ2tp3ufmeYZAsBPBzdSnKFSvGDtJNXbik93pKKTVnrd+p4lpvxF+IGoAxL4s1ONz8iRFly8oYqDtDHYM9FJHyjnjAP0d8ONS8X3Hgv4hXWs6ld6hf2GjB7CZ3UtBIpYeYpHcKRweRtAJ3AV80eB7Czh1m4t9QdZ5HlHlNEjSBckEsoAIPBz1OCcn+8fqbwLEYPDXxUtWhvFEuhlbISDyhO/G1owQo2+5IBwADng+VgcxqvGTjKM1GKm9Y6KcUraO/W9nu/I+jzLI8BTy6lVU6SqTq0obrmjflumr6LfVbaeSPBU+J/xQgt0ih8X6gk8uAkCqFyAcBQx4IGVGRkD+6O3t3wA8c/EDXviOum+K9Vl1O3h8P6tO9tK2wKyWxaN8qcFlyOgOTx16+HeHrWXT58azawIR5bWv22RUZVJ3DO9ucnOCCOwA617B8KNVWHx7LqMNhEgfSdVtmeEh2KrAy/LtOcO3QnjplsEZ0wuaTniownGThKTVkk1o038XnrfZp6djjxvD2GpYGpiIzgmoptOVtFyttvWzdtNFdXW1z5k8W+O/FcOtaxF/wAJNq0Txazfx2sSSO0EUIuHwgbd90Lwf7uCSCea6L4Z+KPFd9498Iw3evald20viLThextcHy3jaZSisoYg78YY46jOO4xo/AjePPEesxPePZf8TK6kSNemHuZFxvyAM8jJ6HOdoyK7fw18M28D6/pGoG6mvhbeJNKRCu4bSbhc7wTuIHHJ4II5wBj1Hn2Cp4uODcn9Yk1FR5bNNuKt0Xo7afgcj4MzCplE81UofVVTlUb9ouZ2Sd7Xvdp313v8zwD9sIXZ+N/in7Nc3ENozBTHDM0akrGARhSFyFHvnIyDgg/LFuzsSk1xdNFGBnMsgJ+YYJO7PBXgZ7Z68V9u/tE+ENV8U/EPV72yaIefqToA6kySBkQ56DKgHOT68jnNfPOofDTW9GeSa8+zeXGQTBwkjgEfKVYndnIxySTn8fWeZUYVIwnPlk3FRSbbbajZpPWyb6Lp0W/yUcpqVaLqQ95LVy5loutrtaLf8bao+kf2l9MitfCXwTFk0iyzeAYZGONrcvk4OSQ27nrlgcDIxXy34d1fXtGvI20jW9S0+WYKk62sjqZF3ZAbYwyCFJIJyRnGcc/Z/wC0zp0uo+FfgbLbwTJInw+jjaJGXP7uYr5m3tGCoPB56DLLmvnrwh4bhG+4uFjaYmNTbyMFfk7SATznqcA5JO4dhWWaYzDU6MuaEakXGNoNX5m0mrLRfnr01bO7JctrTqU3Cp7N3tzqVknorJp/F3WiWuh9N/D17n/hTHjfVNZmF5CNWspb6S5bDS2oUFlk6sSwyFJyzHA5bmuc8NaP8GfjNcQ+G9GsrTw1q9iZppr+1gfz5EVSwYIwKvvIC5HPzZJNd9pPhppf2efinHauAiXtoZDKcOjkgiNQ+CADknHGBnqcV+c6a34k8LeJo5NEkexureOMTahaSMhCnG8sFwGRlBVuhYHkjAr5CeWf2ph51sLUqYSo5NwVOVub4Uo2tZJu9rdOlkme/RzNZXjalLE0qeJpucVPmSk2tNIyezbu21fS2uh+knw90jT/AA/8T9B0fSriUWNroHiCGZ54fLeaSC0miLgBckOVL9OMkZbHPx58KtNs5vil4p1LUbKw1K3t59aa2tbu3E0TSLcPmUqwIDDkkkY59SBX1F8Lbi/8R+P/AAvqM93NLF/wg+svLc4ASa4exk8zPAyd+QzDPJ+Ud6+ItK8Q3Ph7xH4iaGK8juH1HVLUSJuYPFNcureh+6csF4OcHnr6sMDjIZMqPtJe3Ss6kXZuceV9LWfRW36XbZ5VTHYarnntlCKoOa5YtJJJ2Wi2Ss2le6f3lbxhDp154xu7vTLKwhtf7UsA6QIoQTm5jzswBjqcAbfoCOfoL9qnw7ZXfjXw7FfTm3kfwRoexlTMaKbRCxdiMDHUdgcZXkZ+aJ7dBqMYCXCrLqunT+YykBpPtMbFWJ5BO4k44P519Mftc3rJ498NwLHKyTeBPD0KgLkl3s4QoHU8seuBkEjBzzrRr4yjgYwdSSnHlTbbu0kttE0m0tdN7aaCxNHCVMfpGMozg2ox2UnyWWmu7t3Wuquz5r0b4Q2PiBJo7HxLb/aI2ciBwpKxRDJdyexC7QBwD6nNfQHxC0mTTf2e/h1btJHLBp/iC9iVxjazrIeMAkMGxyeR8wyPXu/hD8NPDWk+HjqsV9FP4pu7S5N9ZXabUt7SSFmRkDE4faevcjkDOa5j4vuV/Z/8DW6hAq+NdVjGcZkVbhgWOOcY4/2eAe1cOX53VxmNnhlOcoU2o7faeluZ25rPuk1otDfMspw2BwVHE+whTqzfM4pp3tazbu3fun1elktPNPCevm403zFtIrY2yyKXhOwuzDgELgMScMd2TnheuK9x+D141z4N+MdzLGhKaAolfewJUAgDj7xwMEgEgHBPXPzp4VubW3OwbZInjICcFN+0Kx4+XK4GCMHIBJbg19F/CGOWHwL8YSEiCXOkqFDLztYAljnGANwyOuOvIBr2MPgpQxsqjUmnJc17tJtxu/JaaW1etlex5WPxSq5bTpx5VZOLs02tIe8rd1t67vdeT+CNUiaeWKOOESm3JYIdreSgfcGbGCx657jgA8U/wD4h0658faRp9vFMskfiKz+YS/Izm5GXc7sqFwAOgHcVz/gy1eHXWP2y2WF7CfhWU4yr/LtPBw2Mn6A1R+EyOvjkTSm2bHiWDZOjKSi/aCckggkHI98jIxgY+hdOnKnKMoy99Wdrp25baettXtfq7HyLo1HKMrrmu21d9I3W13q7Wd9Xo+h+hPj3402OifErW9Ik+GfhzVmspY45L6aNHurlDbp5k08rKS5HQA5z35OQaV+1o9nPpvhyP4ReD0tbjVI0tLgWdt9oaXf8oV9o+63KkthSBg8AV80fF+4u1+JPieZYppZvMiVXRtrRxvAuHdQRlScYP93HJO2uO8CW91Pr/hqC7tpJJTrKTRtJKS6qGJyvQjBI9c46c/L81HgjI8Rzzq06zlUi3O+IrWbdpNNc9lr0SVtNtzernWPoKEIuLjBpRvGF9FHSzhdpWtur7u+59hat8VZfHvxg8H6dceFNN024s/GvhxReiVpL2LZeRlotxLYjCnaFU7doA96/Sr/gsDpdgnxX+Cd5eFra3uvhnpcbzRSMGJXT4wxDJg85znPGM+gP482FuLb43aHePMWI8Y6JIzKw/d4u0AV1DDnj8l4Iziv2V/4LQMP7W/Z2uoVy154Bs4zLtLZB02EgYC++SR3IHPSvzfGZVhMq8R+E8Pl9FwpuhjOf35SlyqMUrOTbjdpO+z5bJdD6WvWrYrhnHV68tbxtypL+TT7tVsrddGfhv8RH8OWdnp4lmup3WVjAHmlbMZYngdBwSxwAc9D2rR8Dapo66Tew2SGJZdPuy8pYhlkZCuPmwGGMAZHTHTOK8j+Ic81z9kaK7MiQlIYUKgMGBwwww2gjGQOMHsWPEnhxptP051edpGnt7iR4GYJsVkYDLfLuGfVvQ8EGv6KpucIvRpcvK+ull1663ta/y6fkdrySjBt3i9It+7+7Wj1uv5fVrRXP2e/Yj/bQ+EvwY+BHh34ZeINN8QT+IY9X1qSe4t5FNjcW935yoTuyDGm7LqcZz0ySK+MR8QPBWlXXx5ubWa5ay8a6jqkmmI6gfZzctLKqsAAqgM+BkcYyBxxgfAz4H6V8TfBmn+K/7XfTo9E1BbWa2huB507SSFZpMBsCOMZL8DPbJPPkfjHQ9M0q5+JWnx3TXEenX7QQTIzAzLGCcqWyoIJAbaeuccHn8HocNZTS4gzurh4VPb47FQrYpSV4c8asZJwdktGnrr6n6pRxlanl2CUoRjGNFKLTadlTsk1e9mumrvvsj1/9mnxTDqnw+8Y6ZCHaO01dd0jHaWKgfKOeVyBggYGR2II/af8AYbuWHwd+OC7doHh/WVBBLdNKn4LE/NnGe/Pc1+B/7HLGbwt8QkbomqB8M2Ao6HPHBAXadvHGOo4/ez9iFRJ8HPjQAp2jQdZbIXOQNJmJzxkjrwSMYzycZ/TOJnGnw7Tg4tKnLDxaW+s4LtslZNq/W/W/zGTtzzWrLe/tH5a2v9z69F33P587icy390wIUnXtZUkA7yv2uYH22k4POBjb2GB0MLDy4idzEQzZJyTwDzj17njaThdw61h3MKpeXpjKhv7e1pgNpLZN5L3yMfw7s9eQM8kbVhDLKIFIaSaSKdVUHH3lYhmzgDg5P3T07cH38LXoxwtFNppU6atfVaQei3vfTrvpohVKU515JRuubZWt9nTZvron3ehKs7CCBQxVmjOCSMgK2cFf4QBwvPDHgg5zPpBWWCSXLfJdHsemSCxIxwCevYjB71oT6PcW9lAGIV1t8sJAAyliMbdwCk/ic9Pes7SUdLKZlZlH2hlVdhwwDDcQRnjnIJJOMgk4wLliKE6ekb3sutlZRu1r0tdq25UMNUjL39E7KTbtq7P7SSb73030uixqkzNBFEiEKbxvnb52Ofmz3+mCBkj3Gc6wZUuGGwb1Sf8AiIyTkAnrjOO/TOCQTmtG7WTyomEUghjuSZXAULk5IznHU8cYVR129KhtprPzbkbUjdGkyXcNhWVixIBJAJP3c49wcmphUaivd5m72unZr3dFqldeau9GrJFKjLm+JatJfcla/nd2XYyGLskhyDujlJIYkBd2SOM5I6cccg4wCBnXsqM+ng/cEZxx3xkY/hznPPPbjjI0BcQ+UzKY9hSX5snqWBO0HOCP4gw284HqKuoTQZ0+QNEFPKoSBjA3Hls8H8CT1zzW0K12mlJxt7ys2nfbdJ6P800nch0U01zK+j11SStZ8r31663fe6T6bRlSS5cu3NtZKdmSMsWwNxzgD1wc5+lZ95cxJeXDIpBWViQeCA4OGAyeGIJ7kkruwc0+O+eJEmgWIedCFj+YYkZTkkA8Y45BUem/HXJeee6aZpBH9omuFCsGALbgVAIzz1xngDnPbE01NVZVFzJ2VrxfvK8bu70vq7JrXoynTTgopq6cdWr/AAqPZ3Ts9Vs/UsW8o8pXDcPFN8+DkHOcdORjA4PPOenEE0mZEeTIP2VgrEsckAgZAPfgAHIx36Cq4jlt8pLNAPLWQCNXyV75A6YXPOSM5zkhhizcIHjtES4icNbSMzK2CCcfKoIHPbhQeDkjFdanJtxfM42tZRe+l7+S2T73vqlbm9hZtwaT3ukndcsb3Teuq00fyaRYsZgdOuVwciMEZO08Elsr654zg4JBHGDXyl8dpIor7QWOW88TuFIyAxXg4IO0Y4OWyR6EHH1bp9q0lvLGZAC3mK3bOwAgfQ55I6A8YIyfkr9o6eO3ufDnzLE6QzKrHJBbAUHrkD1weCT0JJryc5XPl1eEU+ZuPKtVb3ouyWqW+3ZM2ak+Tmd09/na2uu+6SstX038eT+y7gGGe3j4ULK8anIGAS7YzlhjjsGLZ4yKxrvTLq0u1fT3821Cl40PzttxxlTngckEAZ6jB6c8+uxxRDZIGkYEMyEeY7E8BgSPlOcE8kgBsA4NQW/idon2uztJGuFAY5Jwc7lJwR0AAAwe/I2/n0cDiotyScouKXJLzstL36Lbb7kapQjpurqzWjTvFu+j32vqk1ddL9xouh6p4i1KPTSYzcXhxbyTMxWMsSCSM4AHOMnouR3I7j/hQXjO9LWyNaXAhYo7+YoAjYfeLAjIxwOB0BwAQa8/8JeM7O21W1ub+Uwi2l86cIFD+WOiKyjIA+8QMknHPp9ISfHrw94euLZ9K0+bVVkgWe5lklIjmJO4KwJzvCgKQQcE85+Uj1Mvw0Umq0ZqTb0WyXu2218k0tGumqLlGjUgm6jXR3abV2nZpNPdOza/4PlbfszfEYBkW1s5IVXfB/pAG/AJ+Yl+3BUd+OpzXF3/AMFfiDpzK9/4cumiWT/XWqiZW24GFCbsg4POSTzX1fF+1XcXkMLxeCLf7LEC7MspUlEwWXeQMEg8Ak5ycjPNfU3w914ePfDFj4gj06LTkuGdktZCJOFAB5IG1sjPPJPJXPB9JQw691OavulZO946NWet22m92rGtPBU6z92V2ldJ9VZO606O6unbte93+TH9lahpcslpf6be2axo3N3aSRlV+bOG2qM988jGeSeKz1nvDcBISGh2sFK8HGFJGOW55ODk84GM4r9fPEfgga8r+fbafLGzbCkltE28YydzbS2BwOMEc15ZqP7Pfha+iMk2jxwTgORJaP5e7LHJ2cJySGxnPr1wLjgaMpJ05t66tq2mnyb1TvJK99NmzGtl9ZJxjHbaz9LddFFX3tf0evyl8MkhSwnmkjZGeTaSAeSi4JGBuHIz245969dE0QVWK/M/ytuUnI2rjnnGP4iTwRjOTXRw/A7VtBVn0O8EsI3ZtbpcFV6gBgSpODjcMHjO5iQFzp9A8QWcJ+16bJsRyPMt08xVXpkgAFQDg4PPJ54wfpsDKEKEIKa92yeltdEutnr971Z4E8FiKc5N02rtSTS8lbZ/o99jnb25IlP2VNqlwDngHIUHcR3bAzg+mTwMaKieWEKpCkEKu0nC9iSBjOeMA59O/FKIRrKySFi+TxMpSTduwDhsYIGM5xgd26V1XhrQdW8S6tFofh3StR8Qa1dNGltpekWkt3cO8jBVLiFWMSk7QzN8qjkgYNenzLlTSUlbT4Vba13pr1002ur2I5XL3HFp7JWV7tp6vd31d7N/mM0yC5srq01OydodSsp0uLa6gZkaOVfmUFx1ywAfccFWO7j7311ofwo8EfH/AMLDxjFZxy/FbSr62stR8P2NnPLHqrKAIbxDCjwLLIVPnCTKDvzjHs3w1/YWXS9MtvFP7S3i6y8CaGqpejwVpt1EdduowA4j1C7L+TAkigb40f7QAGXAJ59Z1n9o3wD4B06bwb+zP4GsdKg0+NrYeJpbZGBcZVrlLuYfaryct82ZWZFJBXgk1x1sXGm+eM1GSVlJO2/L7r1be+1vitZJHqYKjiJLlUG4zVmnqknbRuSsmt1ZPV+p57pP7HekeG9Os/Evxt1fwp4B0lcXA0W3t7a5168jUZSHyIwy72AxnA2nBya1k+L3hPwLa3Oj/AfwTYaBbEtbzeMtVt4rjWrsKAhkti6EW6tyVVdpUFccgGvEtQm8TeMb59e8Zazfa9qjGSYi5lklt4yfmxFFkqqnOAAMHAAA5qS202U27sfkxwsarjgg/MVHyjrzkfNgDOOK8WrmTjWbVS6lbS9lq1rJrfvZvytqj2I5c1FNwtJ2dmn5dt7W3bfR2Wp0Oi+JNX1/xdZ3Wq6jc6re3TbpLvUZXlLO0gMhiSRmVAuTtA2gfw9Dn7O1K7stD8PSMLjzZY7ZJIo0YK7swXIJGeNx6dRgj0r4BuLafT9Y0e7jaSLDKSVIAT5wcZHJ6Y4B7+ua+n7i9ivNAmdnlmka2JWYnGwBR68fKd3fn3AGCGIjVlTb96UpJLW6Xwv77N77O17aDqYNqnJuesYbKzs+WLTs1ZJt6X6r5H45ftHXl3rfxf8AEW6dA0kiSFXPywrnIwejMPm4GRnHqK+ctXl+w6iyNOkyRqgMgGHIC5wCuAD0zjjoOuK9m+N8Pm/FPW2WUrhUO1CdzjcSPmBx1AUdcjpxyfBtfs5zePLLEURUVdpbDjj5SvIJyGBJ7YIxnIr7emlGhTV/sw7NtLl872XWz0fW2/53r7ao3LmXM2091310vottbWtbRozrmYXsJAlkkSNztQkAhQWOVJwST0wDg9/WtCW8dtPhgZ1++CFY5bYAFCkgEAZwDnJxg+9c61vKsgKxSGMgkANyTgenGDgj7oxk5HIFX7Sxllj3yxzCNWKAE56jpgENnJO0DBIByMZrWMIc1uun2tLJR1V09tNpatJKQvtc1tdL72SXLaytdXXZy2ts7O0GRY/3zFVMLFQdxILAdADjJGcDJ65znBrAmkaMQiJwyow3rxtDE8bh047HsfTIztXNmXhZY0l2ZVQ+c/MCcsOuB1B9T0AzWHd2MyABY5VU7Q5XIBIJP1GQQCSflHJ4warkhFaWsu++rju2tVdbab79FlK1naCSdrNW12bu9G72Xa/a90foJ8ANVYfDm9tHRPKR7lg4fG4svTjrgjleoUkAZyR6PcSsLHS5Y0wqOA+T90t/CuRkggdMEg8A8jPnP7O2nwyfDa/kxudppTGrc7PkAYZIxt9SvHXj19paCAeH7DKJv+0L8w5BIOTjjP3eCd2OOMba+PrSSxNVX/5e3TSb7JKyttpvZ/r9lg4XwlJ309mtN9E4pLWy0vbXpvro4NIkIGnlQUMmpqQCoyMsAPu9cdieMqCOuK+Qf2tsf8J3EAFUrp0Zyw/iZ+cD+LBz3yMcZ7fYlvGVfTEDKcX5cHodqMCcccjCjPP16V8yftU2unz+L7S4dFLjTowUIJLksOjZGCOgGM8gj+9XflLSxsW0/ejJ8urT+HXsrNpv10V9+bOYxeWTjy2fNBK/moPRr119dtFb4rKYeNUiBJU7mTGSTyQQeQcMBwCPYms68nkjRYiHVG3H5udw3ZPqRzwNvIHAwOR6PbWlo1vLI0QQI4OCuWKA/dJByuep74I5zwMPVIIfIL+Vk+YfKVkPIJxhWxnncTwcZwSDmvr1V5rKMLXvdpN2Xuq60Tsra36tJX1PglTik3ptsrbe4kn22d7Ja2+fa/BzUrODVxFMyGE/O8c+5g/GCTwcgYHyk88Doa9d8Ta7pDNcJBDBLFukC7YiCHYMuVIUkEE4Azkdz1B8A+Ht3DY6xCs8EZZmYMGByMDAXAzyCefUKejZFbPi3xRFFqc0Vvbosal/LUNjLgFWYq2MjO78eNprz6lOU8RzQdlu10eqXw79tLLW73R20a0aNBJ8t7tarW94r5q/XtbZ7cNf3o+3XGwf62ZxgEjaAWPyjP3SBkn39hXU6dcM+l3MakKwCrwWye2Acnluo+bjIx1OPNH1Se5uJJfLjJaRtzADCg+mMDPTgZ9xk5Pf6ZeRDS7jcsakIq56cnbwDjGcg9jnk98jvtJKC5lJXjdcrva6T1b6aaW7/LzVVi5Sba11tZ9bd3a+j6LS5j3LfcWXLnLLtVi2OckkZ65JIJHAH93ps6fOyKCQkThV8pgfmAPB9CrYzkZG75ugPGbHb7YpZ2ZN4bKbichCcEgkk4OfugjGSevXeto7dmtyuCyRhmAGVcDB4Y8kHr68dDgiutbLVJPltHW9nZXulfR3Wm70fljRUW5SSfM3d7puMmuqum2lrbbouh0dqtpNYztC7veyIGxllYFgS2DxxjJwWI4Awc4rlr63nVYRGGKhyZCuAAeclsDGB83zdwexJrdt4nU3LRJI0YQlT9xR1ABOM45OQB6444Mc3lpDEJhsbDA7STuI5HI6+pJx6devPKNqnLzpWsraq9/Ntt7a9Uo6JXNKt3T0sr9Vpqmkr31VtvvfQ5uJfJk3CJmYbtzL8pXGcYOQOhzjjjgA8it3T5isb+ZtDSLwCxJLMeCQD0wewJ5yDkA09TGkIb93nEhbcNzEZBHXkgk5ypPTngYq7bWsMyRuicqrGQIuQMkcEnGQegIP8POM8azivZqTTd18NtW/dvdp2762W2tzCgpJ3jdddU1p7t9bvRp97aavXXesrffPoQ3DEmq2o3MRjl84Ug8YxyW57nvj72+J3gP4g+I/BVrqmg6Rf32kabo6m9vrW3aRLfzREluzKoLeWz4XzNpVTjpwa+E7Xy47nQ0jQsE1GJsuQA6qSejHAzg98Y+8cV+3Pgz48/C7TP2f/iBpMrXCeNH+Glpp2mWcLOLd7yFllLTZzGu4xoCy/vABkYwAPDzLE4rB4f2mDwssTKU4wcVzaKcqcZXa2XXfTfyPosqpUMRUlTxFVwgldtK7bjZpb2WqS33Py21v4VfErSPDPia88XWkHhqXR7WwvXsNVlSLUtTtruINBNFbMRIqOgBUqhBGMA155oNvLqfhrT49Os7ia9GpEXMkfmNHFG+FQttyW3YwcDHr1zXdfHD4s+Ifi3rdj4x8R2r6beHw9pvh9raC5kkt54tKjEcM8qsfmkZdpGQcgAAjknitBOs6Zp1udN+0GW4UTLtLIFMXKPtTlM5wQy+p69Xh6mJWGvXVOFZuLcIuXLFPltH4m21Zpu616CxTwv1i1CM3TirKU3eUuXlSdoptO2jS2fmm3zWqabqDaneWb2d0jw7hxAwBbBBJyAQSMEZ9M/XUtPDeofYrd7q1niVkbZE0LMxJDBXyFORnAHGc4zwePStM1rW1+0HU7a2jklh/4+LhNzsxG5mdyC+Rk8lsL8qk4wB0drrax2qia9sS1ujxbN24qGUFGGcjnoCOAD19SeNnTnH90ndK7TaVvdd3deXff5mdHBU6vPLSNruKlZNq8UlZpdt9G7q6voeOT6DqK21nGLWeKRpiAwicOGbBAZSvOQOvQAGvX/g74UvG8WPa3EE0Ubi3V7iWI4LvKoTbtA6tjBOcZOT0FYmo63K+oxTzX1tMVeP9yGEYWMBVBX7oVmVQD16nHAOfTPAutare+LbeCxLxW94gYPbfvpG8oqQyqnzAIyjc3XPfk0Vsdzwfux5WlFKTV2mktbLRa69nbyb0w2Cgq8OVuUozjqtUmrJP3bprRp3em1nuv6ZPj74mtvBv7Jll4E1axvZL248KeGLm31AWrRWMUQihYCSXaCTt4CggljwOSV/GGO8tr+5mcE28RiUh0ZwkuQuCQc4UE5BOTwepOK/S34o6Z4z1j9k6XV/Et3qmpPJ4d0yfTZbmYNBHpVoBD5cmSWDgqSqcspwcKAtfj9BfXZmtlgjnjt5Eh+VnbayqQDg+gIOCD69jkeZw7SpqlipQtriZPlvorNWWmis23fp8N3sfUZ3UqOvhk3eKoU0tXZ2iujslaUld6dFrodh4hh8jTtVhhEsjvasyStlwCUOOnAB4II69BivKtEHjew0v7FGfEEUTRSSLHHHdR28ke8sJVQAJJx91wvKnqCa9J1LXYNNWWW5h3WsYill85zskSGRZJIiRyd6gqccdc8iv1i+Gv/BU/wDZLgn+Hmk6x+zNp+ujRvDFnoGuXE1pp0S3EsEcdu9zEAuXWRl82R5P3hJwAcnF5vj8ZgfZLC5ZLH05SftJKUYqkuaLTk5Xclq3ZW2tq9TzaFOjUc5VMU6MqcXywp6ubunyptrd7Nq2qvsfjVd+LfFkVpb22oXWovFGqxwxXJcKseOQFkxkDoTjA6DsayLrUbm/iuI2CqFiDEqAXAwPmDYz6tyOCcA5r9Lv2/fj7+zV+0HrHgnVvgd4Ah8Ato2mz2mvQx2sFpbXd2JswJCluqJKEXCl2Xc2WyfT8zdclXTRPKkcf72GOIBAQFZ+SAeoA6nuCdo7Z6svx08RQVSrh3h5u8XTkrWjHRO9k0rxTSavZ+SRhOnN4ilGU5zg+S92nKOqVnbmSasm2m+XZu++9o3i+HQvD+raEmkQX0OsxRv586qJI5UALNHNncgXGQCdpxjkHB8j1EW+pSahLMsIjEBJEbAHO0g4Vj/DyG6k5PYUybVpRctG7OsccAXywwCq20AkBjhs88HJPPrWat5ptus8cm6YTQOsfby3YZBYZGQiggdcnkHha8qpheTFVK8Yc06kkpT11ScbK38qlola+up/R+U5iqmT4fA1KkHRo4aUYqSim7xvpptzN+et7rQ9uszF/YnhmBFZYotPBj3k4BHU8nuxzg84yMnjPtvhTwvpniS1uzqU8kdnpXhi8vri3jlEbTxRRkuFJIXcCAdvynaCF5PPiGlykWeh+W0MkcemI0aMSdxKjbg8DOM56gegJAr+lL4DeEf2A9Q/ZA8BaX8UpPDn/CYa5HNP4mudHvWXxLDHOR51ldLC3npFzgRrhdpA2jIr9gnjaeWZJTxNWnOp7TC+zcIJtqXs9G7W0VtLPrbWzt/JWIwksZneMw0Gk3jqt1bT+JZNu7SSXntvY/kj1fXtPtbq4isI2FgLi48hjIC7xq7BcHjBBXGCwDFTnODXP2mu5uCwRoY1AeJixYMWIOWAAwfl5zgYJ6YBH9XV1/wT9/4JH+KFLW+teIdFh8ySRLhLnUAF3ZPLyuUAJJyWP9M+Y63/AMEq/wDgmheyzt4a+PuvaVPOixwJ/aFhNEgYHJ2yTFiFOGPTGDxnmvx957hKkpKVGvH3t5U+Ve846KzulbXS3e7bse9Pg7M7qpCVFxu2lGWrjZaX5V+TtZdrn82cut+fP5cMgQhA0rMG2swBBKZAHUkdeB6cZjHiWeO1MZ3vLvIjdS5VRnDY4wVIAPPfJ5xx/Qxd/wDBF/8AZdvZpP8AhH/2vorTKKsUV/Fav8rAYIaBm3AElcjpkqMHFZc//BCrwzd5fwx+2D4DnUw4hgvlCPISeCQOcn+E4OSBg1zvHYSp8LStrq3orxTum76aaPvtqZz4czOkuSdGTTdl7OMpLXlcbNp22k9+t97I/nzm1KRlLSzhgxjdgGIkyQfl3bQ2FGBzz7djyt3eTMWuIZQzB/LRM5ZVJIxk56jjpjnj5en9Ampf8EBPjGI45NA+Onww8QoWd4wZ5YZJDj5QdxVQOB7fXPHm19/wQZ/a9s1mfTJvBOvnzmZGsdVQK4BJCqJH2gjjBX1J/hxV0swwUNZVIq90tdnaNtk7rr+NjJ5Fmc1phpXSTu7KSXu6vmkuz+9K19T8TlDpExuQj+YFkO4DzAxGVUAZyRgZAOScjOc4pw6zfq/lMohjjLsnDKWC52kAhdxIwQCTzgc5zX6za1/wRk/bo8PW0zTfCtdXbzgY3sNVtJHAUnAXdI3BGeAvTkgcg+N6z/wTZ/bQ0LUsan8AvFE8MEbANEkU6psGcZgG5s+gyueOCc10RzLAzlJOvRbavyykrq7Vo6q7XRWXTsrHPPIc3iuaGCrON0uaEXO6bS15W97NtdHppofBlvfzywNI00ohaTLGTcDvGSML93HTPY9+hIzLea4muShXcjNudpSSrIASMYBGDwMEHBB47V9Z6x+yL+0h4duAmufA74gRWKJI5KeHb+cROGbaFEMDBsjnDDPAPyjBPnOp/DHx7oM8J1P4e+KNOggG6RL7w9qNswLP8qu0kKru6A5O0DGeBy1iKT/hzptPVNSi9VZJ9bLW9ru+l9Ucv9m4+k4urhcRDVcydGd0/cd17unXS9776O5gWvgHW5tNstSiRorTUHfy90bLCoAIAaRh5bN1+VTkAnBqSX4fX+mFZ7gsI1O25lxhI933QruoB3ZznPduBmvpL4T+NNCuNV8N+A/ijod7Z+DoNQe7kuYQYLgyqgMdsvKtiRiBtHvwTmm/FZJdd1DVbbTbWPSvCNzdSvom8sl1FawNtjedOHIMYUA9CckDrnx4Y7HRxfsaqSpttxqJ2jKLa0VtVJfJNaa6H0lPJcLVwH1uFWpKakoTouMlKNR2crxe0ddGr3u76XZB8HPAfh7xF4d1/UdZ1KC1k0G5tPJ02HDXWpRSyhPLQrkglduFxnpjnp1/xi+C+jeD7vTNVW4jsNN1e0tbxNDnmE2qxwyIpLzoCTGGJ3DKqSjDJyxB6/8AYxufCvw/uvHvjjxpaprQ8P2dvLo2nXUQntL28Wf5GnhdWUgKMoWXHQ4rx/49fFbUfHfxD1bxddJbWa6kTJFYx4WG0t1BEdtDGuEjQIANoHoD61x1I4ueYTVKpJQXx2l7usYuKj993Z6J2T2O/EUsuw+T0FOmni6j92y1jGMnq2ujVrK1jyjWL+00Zmt7GBoIlZJEnbLSOp+QYz6A4wDjrxjgeda3rltF/pcqlrlVLLLjClS3GVG0En9QOCBgnnNY8S3d5dkybnRZJBFHufBUbhnHULnGFPAzkkdDx+papNeRvbeay5BI3AEbujAEZwq4I28huAMda96hlvK/a1W5Xs+Z/F9lNJW1tv8Ahe58tKurcsV128tLPTZ3d+6W+jJb7U7mecGG5Yxybi4DbFQucDCD72eQSeRwRtOBWaizvJiNlKg4Ij4MhbHynBOOOdw9AD3xi3bNALdFWTzXXCOCQrMSA5A9m4PP5AbS6yaSOfzMySDBMgIdAsmGPHqueCRkj1PQeoqSpRjGDinzRtta75btK618lrrpbYwbbkr7bWVnvbb8dNfwR0iX80DJBJGqtuxEG5YHOPvemBjuAPU1t6msbJZpdSbCVBZ0GcAjkFVySS2Mn7v0OBWFaTW87eZLEftKN1YsybGABJwCfuk4OenbbUuoeXMu+OUFdpV5cyHYR2GeMepxjuOOuU6M6k4Su1y21et9u22l73eje7SsodWMbLa9n+KWtrJWu3dtNXVmzYTWora3NrbeWjkqiuSfmCjBL5yFb3Y5wRnjOK9u0N55xUv5oyXGflkYgY9B29MjjpXIPbxTGMRSMpibdK4BIcE5ZixPOQRweox2HFyFJLecmMyLbkBgQ2GztPPzN8wzjKk7j9QoGv1aEUnFNtrVPeLvFXfR83bZdb3adKTkk79Xpppqur2bSWt99bPr6Hb669nDFb+aqkbVVCMtEygnGMenGdpDZJ5yMQXWvvtuFDIkjowSVV/ePnkjIGcdBwcEfXjzu6laQs4ZkaNmLFiPnU85yQGIGOpwvHJxwHxahCge4dslEHlLIQwkyCCFORk/XBPoAa5lgqcX7RfE2nJra65ei125l01fmXGs7cl7JW008nfrf5efkzajnkunk86TzfLIWRkY7iBgBVJyAOecDv64rMvIruaSSOGcJGnMcZ/1jM33VLHtgceuSD8o5WzvPNR2TZFk7iy8BmwT1PUY5AyB6dTT5ZoHkiWcjerEjbwZcdy/ATAyOuT0GTux0qtKkv3cLp6ctrJrS++rurK/f8IUVfV7a6vXp3t8r3Scem57h+zadXX4teHPtUKQQKtxC0jkbpAY2OAoILFjgngg+uOR1/7UzOkenBmijb+0710DKQD87dM85IHG3nI2kj+HgfhLd2i+PPD17p73Ul7HKECRSlhGZRguB0k24weD1IFem/tLeC/HWr22hXVr4V1e+hea4d5UtZHZ0ILef5KKXVNpLlgoHctgHPhY/G4bD43D1MTXpYeUotL2lSMFO0k9Oa13/Npfd7s/ReH8HicXkGNjhsPOuoYiL/dwc07+zaekdXpdq3ffY+xf2G9XnX9nfVbe4MEKqPEc4nztcn7K4IA5BZsHBPyk4bnBJ+BLP4ha5a2fieG2ZLjTLCXUnhYbfthuJ72ZGUAqCYxjBUYDYOR0I+1f2Wm/sD9nzU72fRr6R9Fj1e5vdPlR4DLEYyrRlJArfvMFAwUHqOec+J/8NF/C3TViubz4M22nJJ5sb26Lbt58qzOWnlEoJd5GO5lIYZyAfmJrDJ+SeMzCpTSrRrVoSjKLTi1aL5ubsvXVWs7anrZ61Ty/KqNVTozpYdprkd0709ZbJcrumnskrPqvN/A3xK8V+JPH3hXSppNNj0q4vNBEsDWMMN00gnQIDIqAkqcsxU4YMRnbX1D/AMFDruaC4+HNssc4aOylhkMKttT9wpGAONuMkseQeCN23HkUv7U3w5stTe6sPhPbWV6Fgksr02dvG9tJGQ8ckZ8tQpTBOAR9awPGH7WzfEjxDor6n4Lt9Rl0SaOG2+2GOdZ/MGxjJG2V3Y4XaCCCFPTFe1UwtatjKFbkTpUoSp/FZNNx2Td7Wb8vXc8XCZhhaeBr4ZVeadWpTk5cml4Ti+Vb26O2it+P6Ral4rg1n9mn4EeHpLa21O6sNCluNPhSYy3a3sIJtxLEhMg2yDPIHqMcVwZ086D4n8DW8umR2V94rsb3WNWjgtZlVLq2tzs895F2lgRuBX5Q2DgHAr5x8P8AivxF4o1KHT9LiudKudLjuLq1g0q0mm+zp5RlS2hjjUog3EgbFzwR8xyT6b8OPGXjbxH4otrfXdTbU7jQdG1LyoriPy57UMZAUlDqGDYIDDHBPIBzXzksphgXifZVIqftaleUFL3kqkuZxa5rNJNpNrf7j7FZ5WxtTBUpUIunClSoxnyaKMFFOzulZ+93tZ6XPyM/aut/K+MV9cXEKzCe2vJgxBGQLyRcsAeCvucDqfmANeCQC38kO1jEySEKFCMSRtAPOMYOcehOfpX0l+2pKNG+LlhHtWRLvRJrl9jdJJLgs6j/AGQzZY8HtjkgfMdh4itzKsKws21oyoU5C5AByDxjocL0wMMeBX6Pk0pSwFB3972UVy+bUN76NW6fae9z8b4nds5xkXuqzva619xaPql21vdp9SK2Ol3GozWs+jRswOCqAhgoGcn+AfKOmc5/DH6cfso2sA+Hj2trEI0/4SIyRQkEEIqkkEqMHgNuxkYGMV+Y41VJdXu/IVVkwfm2k5cZOCQMkA8EHPGOBg4/R39mf/hINM+Gv9uXGnXttaXmug2d+8Ui210CQkotnAwSG3KwBJHIHavP4jUY4KMLpylU1eibXNe1+/W3r00PW4WjfEtq7tCcX1XK7JrXRNWdrbO/R3PunVoIm1uNZxhn0G5ICKQCAjABmIHXI5PO7knhq+cPjZEqfCRIkR1c/bAj4wyMokUAE5HynO3qRnA44PtM2pX2teLY2to3hsYfDsyn/nmZIo2EnLAEksCSM4wvOfvV4/8AHKbZ8J5lBDMljdyBEzuEm9gGHHGBuzjoCeTzn53LYJKk4xtJSi3dK0r2atpbrbbe1+69fMfddfmkpLlutFto9dXey9EnfazR+Q9lpOrfaZXi1i9aRo2LLwVQ5OAC/UHrz2OTnpXQ2lvd2RBk1S485jli0aPvAJ3YyB6Nj09hgVzN14psNKUSXENwihdjspbLuSSSOATkDseP4sAYOZF4/wBMubiICQq8i7YUfcxL9F3cHjLYAU5A6jGc/ZQlV5ErtXV0tbbRd0r3volfe97H5XiKU/aOSj7vM23bb4bva+r29Xpd3PW9M1G/F0qf2tL5bsAu+BDt+6SWBU455X/aBzxmvRJm1mDybq21iOb5CqRtYQvhivBbKHcG7Ej3zngeG6dqUsN4GZlIkTO1+Au7LEnk56EggHOCRnmqPjL4panolvbQWU8XmTAbGQKfL2Z+UjacZyAT14PPBJip7e65ZS3V11+zrq3fR6J6rbqmY0YzbcJQ325oK+ytq3a17Wvdq9tlY9oa68UXKSsb6yWYkbFFhGpbJyMgRgY28dcnjI4zUn23xF4fsLG/uLay1uW+lnt/sslouEOV5wiKASckYC5Pp2+QrX41eMftMlx9oikKkgLIAAT/AAheM59wTkbjgYNfRvhn4h6hc6P4Hur8QK2o6pcLcBsuF+bYHIIyM546Y9hyOenGvHnfNe65m735fhtLazu+zdrddDqhTk+VSSvveyfNZ35rXsm9U301d7HoMuqaiFWe/wDANh9lmAWMxW7LE7np8xTHLbsjAI4Pucu8msvNSR/BVnbMyo3lkBWYZA5HVgwHGBkbcbRXu+s64ZdAihstOV4bS4CzXBJ2Oz42CNmyAzZ4AIHGelcDK4jvrc6hCixiEfupsMyHPGOu4bW+pPAAHFeBXz2rTc4NpOnJq7abbVtG29tNrNW9LHrUsj9tGElBuNVOS+JXT5W1fy1SVkm7rpdroHhaPxMlwbLwZaTR2sL3F4DlWjjiUOSG242nsemcjB5A4ifQfDN/dGNfCKMYA6yETHbuVipxkqCAwYDrjGDnv9ifB+0kkPjWUH7JbJ4aurmONkVTJGkPRVGG55CkANjg8CvkA3l5d6lLFbRurLLIUMYUOyCZ85QegzknB9B0J5MszrF42vXp6xVJQcba3uteu2ndemzfXmeV0svwuGnKLXtG04yb+y42t3vy9r3asru55J4wfRPDWsWIk8KecLqN2S3nmYRqqkEP1bHGc9QBjPcVqaN4o8ESKJbn4dWspVsM4umG3AxjG44APPPXpjAGdb4yyw2TaHdTqszm0kG0hSUygGTnoc5zjIBweDnHlWi3+nndGp3ySfvVjKfMpJBIIIKsOTjPIbgHPX9PyijUr4OL9p71SLlP3uV7xir97rVNfhfX5TF1ZU72pKSS6auztbRp6vZa/O1js9T8V+Flvobm08KwW9qGKPFNLI6ruY9FUllIGMMScnBAB5ruPC3hWy8avero/gsXrWkX2mWSFLgokLYKh3C7AGwAAxViTt4yQfHL2wtPMy6O7SlZAFB+VgT8pABH1G3OBnPOa/qx/wCCFv7MPgTxJfX/AI/8eT2Wo6HcaJFLNpl5aW93aWzLhYftMcquhLv9wMu1TycHJr5PjnirD8E5Ni80rwjXeEhzwoqcVKq7WUIuV97R1S02s0d2V4CrnVSnh+V0lKVNScYynKEWkpXSvLRKLvpa+t9j+cfW/AZ0uxtbu+8APb+Z5gdZba6hREQnbIXmQK6kcqQcHqeAQfF7qy01WMsfh+1ljMjxgLG5ZNrHABK4O3BBII4zgHIFf2tf8Ff/ANmL4XeEf2eofFfhVdNsZ08TC60yytrKC0+0wX8qweV5sCpI8SsS0cGSmMBRiviv9n3/AIIWaJ8bf2avCvx11D43R+G9T8YWWqatYaNBpyT2NnJa71jsrwhfNV3dBuYcruOQCCa+M4T8a8m4i4doZ3j4vK4yxFbDOjOKqT5qPKnNcsdYzVpLTZ6XPazbhDF5d7uFxEa9JQi/a1IqCU5RheNm9073vr3vofzW6XomlCKAy6Da5uVDEGB2AAGBk4JznPIPbB5xm3Jp2mQusaeGLR0DEuxgkZeSAoA2YUjjjJ9t2ef0Fg/Y18Saf8QpvA9z4ts5ryPWNT0qIwR5WWKwmeP7VCXAyjqmSASQcDvx1PiT9lKz8NIq6p47t7VvOEDxPZuxYJJsJjYA7/n6svRuDgAGv1LDZ1gatClXp1ISp14wnTny35oyUWnbS2nkmlorW1/MMRmfscTVw8qs/a4eUoyi4yfvRUb6rRp9GtGnpufmXqEGnGCYTeGrUQiCYoUt5htYghTjaSAMhsg4HzHOeBxmjaALqOR28L2tyDkRSMHXjBIHUDAwOhDDgnJFfqlcfs9+B4fD3iK6vfHvnNZWU0UFvHbRoWmeNmjLO6hgHZsAKeFcgZAyLnwU/Zfb4hW+laD4WtNP1rXgiB7GR5oprme5kVLa3hY4QyvuBZgWVVy2e1cGccTYTLoxnXqRhDlcuZxSvFcrlJvtFLd6Le/b3MprvMcPVdJVH+8UHzwlG8nywsrrbe1la3e5+ZDaBDa2YEvhK2BwSQiMcjOFw20jAyeOPl3ZGet3Q/D+iap9rZvC9tcvC0aPFvZPLZcAjOec9j04BOcZr9AP2yPgT4u/ZX13R/CfxC8KwaBr2raYL63tbO7F2nkMF3M5DFVmVSd/IHX04+BvCPjO0sn1dpo3kje5y21VXcM/MSQCTjHIzxyTnPN4fiFZnk9HGZbXo1qdRJ05QUZJxUlG6aWqvdfLS9zuoYWvQxE6eIpuMY2UY3mm0knrHR2vporb6K1y/feDNGMaoPBtpGyoCrNO204xxxnk5LE5xkgDpWBqmg2FvYyyDwTYtHbRly4mkJKrkjHK547gbQT0Arrbv4gaTLKVEF3JAQwfdlgg5Cqpx7DOOvcggVg+IfHmmrpVwI7W68vyisbkYRyR0JyBjnIGOeRgCs6ea5lKcFUgkm1FuMVsuW6dt1Z6apLW60udMcNT/eOEXzfytS2tHzdtVe6XSy3seaQeN/Dkcojtfhrp81xbnaZPNcPu6lguQcnbyQBwQM10Z+I2mxbGf4WWB2qCRJJPhsHByC3HH94nBzwO3mXhG6tbvWLy4kyvmy/IPvBSScADkDaepGMHB4zXrQfRxbhbq6kMhbaCFAOAegGAf1GevFe+69WcE+dq+umi+y72ute255uKq1KU1T5F9mzbtdLlb+J318rvfVaoLj4h2L24uk+GulW6xrxIpYlV4yHD5VsDkcd8kEdKzfFDw55bRN4I0xGdV2yRgFHkbOV44BxnjnkcHJxWfrs+jXFsbaxM4EsZXLkhPMXjpx1PYA478EVxT6TbPZiGFj5qOCM5A80MDgMSABnj69AFGD4OOrSjNyVRu6bu5O7enXpd20eib1vqz6fh6lCq4KslyzklKy2WnM46+n4a2evq8vj/AEXToYBffDn7MkkQnhuJIFjiljY53xyOACoGPmHDdB8oqaP4seDJzNaJ8PnLgRbtiIdoYZVjsHRscHIBHTjIroNK8cWeoaHp/hzxJolpf3Fp/Z1ktzMyhF0uOeMXKN/cZYnb58bgAByTX6bft62P7Kem/s4/AjTvgD4f8Ix+Mb17WfxLqWhXBfU2ght4mmtdRmkbe7CZ5DyeASMgDNflubeIeOyrN8syqpgZ1FmGJqUKdWHvU6VKjHnU6jT2klZrRq/bb+hMP4bZFjMBLMMHjIVIQwtOrVpTptyhUdk4S5J8q1dk++mp+SkvxM8HtNI//CCOFVtqZijwGXGc5ByeikbuOvLZrEl+JvhR3ufs/gsqAeYpIIl2sD/ex03ckE+nc19N/Bbw78B9eg1GP4zG+0mIXezT7zTG3FFAIkd1UgAqcNyMNtPuRp+Ovg3+zfFoetal4I8W399dB7hdMtr0EysUBZBsjbBEhOH3ZAHIJI3Ga/ijPD5rSy6tgcYmpxiq8MK5UE5KNn7SLfu3et0kuttyY+DVLGYD69hMZg+VxnUlSlOUaiUVflilZrstLPW19LfHU3xN8ILPlvBOnyEwnd5ikgHsQIASCuecncT1yOK2vD/xR8LyWt1Knw90yZYlfzSrvF52chSx+VsA5IAGePXmvB9ctG0+7kggUEwzzRPtBOAPvMDzk4x179DnOOl8C6FqmvXttpunxPc3moyxQW9lCm6S8mkkKLHGgwCWOFA25A7kdPv3xFVnReJq1YU4+zUpOVoxS5YSd22ltu9rJ9z8ljwlVxOaLLMLQnWrSq+xhSpxk5Tm5Riow6yba0S31a3Z6afiN4cvJZfK+H1pCeGYLcOBtJyQcEAgg5xjjgHGKVviNoG4xH4e2Ee1MBzcOck85OXxkcEYyPb19cl/ZI+OkUyufhl4iiXETFfsjKxWVV2EDZlkbIOduCSOAMg8t4v/AGefin4Zs5r3WvBur6ZZWWx76Se0cpbqxG0SuEz8w4HzAg4GK87C+JGCnV+r0M3wE6rtD2ca9CUpWa93lUm73utF630v9ZjfA/jTCUJYmpw1msKMI886rwdb2agkm5N8vLGK6u75V20t59b/ABH0WW4W3h+Huj+bkRmRppNxwRg/eIHsemSM9ON0eKbG7mdX8BaIdqZG6aUfMFGTndgfX5QSTyDUfhX4M+K/GF80mhWSmO3eFWkkCwQs7bdqebJwHJONgIY8nnkH6X+Hv7Evxv8AHviiHwzomkaKuoXkMjxyahr1haW6KiktI8k86xrwMqG4J5OT166/HuHwEZTxOOw9GKV5Oq4RilaNtG763Wq9fT4n/UHH1KkabwddVObSPLUjflSVrXWqfdXtt3Pi/WvHtjY3jQxeC9KDbkX5DMyAseAHPG0jvkjJyDgqo9I0fX9Gk02A3vgbT5Z5onYqs0qorAblJUMCAVGM53MOK+ovj7/wTf8A2g/2evC1l8QfiVp/he18LX7J5NzpuvadqtxOwlCoVhtJpJFUsNxOAoJBwBjHxtqU9zbTTJEYxGIhCrqDjIXk4J7Agg5wVxjnk+jkXE1DPqc8TgsbDE0oScHKjJNRn7t4rZbO7vbpa7PlM7yWtkteFGtS9lOSUlzXule2za69G/mt1E/xH+HVtcXVq3gDfdI22bbdkR53DJUgkDbjg85x14NZs3xH+H0tw27wEowhwouzvPGB/FyOAcHpk9yceXLp0Mmq3zSkMZGGTyGLZXdtxkYJBAxxgnjFegeHvBmlfbkubmW0Rivy205I3MwBQMTgOxBUkn5QcjPIxeZ57PB2c02ovotldW00u+99enmVQy+OLpxSS53y3bdt+Vva7lvffp9yHx78PJLl2j8CSxEIN3+lEoQT1GSehxgknooOcEVYj8bfDrdg+CJFYg5AuRnb0yrMecYwMjHXHOa2PEPhLRJ5dPjiisYHjzHd+U5+fcDsUupx0ODyecY4Iz0fgv4daPqVvdq8Vjvt5ZId1w7A7OSoTLDPAJXngkZDHAHkz4ypxoOtNRjCNrcy1uuW/W2t0urvdevXS4fqpqlCHNokrXWvpypr8rppW2OAfxL8OJvMlHgi9IDADZcDqDyOCR1IHbcOOAak/wCEx+GluUNx4V1CIsuwo0+AmRwNmRgkDvg4B5xXvemfDzw9p1rKkWoaD5xlT9xcDcytu4bLAjBwQepznJ9fB/if4Ptx4inuFay8kRRtG1oAYHeIfNhRzj5eDkZUDqK68r4njnE+WnytQhzXjZKyaVrr83tdt30Zx5jldTA006tOPK3tbXV3esktV1vZq7duzl8SfCSeVVfwzqQn8shWWYMCTwp53HOemCxJ5wOBWguqfCdWiju/DuqFsM2TIOVYHqD1BGQMenfIrldN8Hx39tb3rOLcPIsaNGhOFjByQcA8kdSw+X7pHf0fTfA2h3TW89zdvIpBRo2Rs5jGNxYLuwCQSeB6givTlmqg+SUknBJ+67XT5d97tX77ave5y4XBqtTjGMWlJactktZRVmrN6J6PRLVd2qNrqnwMNwi3XhvXxIeCYZItqKWGNoAYkk4Aydobkmr2v6z8GLeaKO08K66xyitLeSAkwuo2qo654/4FxzUuueBdD03SU1CyuQJxcInmeWzOAxGVwR0TAG4AA9+K5nxZ4esbj+zp49UmXy4LZWIQhWY5yx2jBI6EBWA4zniueeautVhUjWtGNrxbSV7Q095q9u6uuybu1308vlRo+xs3vq9ZXbgrNtp66d9OvfWbVvhSkB8vwnfgM4AZnJPHuSoPcHAz2OSM1Dcaz8Nba3maLwreCZLdnVyWVQcbgW6jJ4wOM9x3EMPw8nvIN9rqKsiiNwblnjUnjcyklVJGcdeP1Gv/AMKz1a6SaODUbJkSAiUmaJk3ADCZbLEglsg8En3wb/1gw9GbdStSi7JcsmlZ6LTV9G/LbyIhk1ecfdpVFs23G/SPVaWTvy7WWq3scvb+JvBd5BHcJ4KklQo0ck5coFYYKg5LLw2fTkZyMgVVvfE3gVHUnwgHPyj5Z8kAEZHDfe9znv617Wvwj8MaV8G7rxHN4qhl8XW2sm0uNDjIwbZyNkm1csQMnLY5G7Hevna90WSNj5UCspGc7Msrn/gOcHHfOeu0Gvey7HRxtL2uGcZr4XLluuZct0lu3d7tLv1R89jKNXB13RrqUdU43lLrazto9bbO2v4dDJ4u8HBECeCDsjbdgvxgD5TkA9eM85GSSQcExQ+LPCkhd4vBhGXIA3SMQOwJwRkZPIxnucYFdr8D/CX9vePLfTdSt7a5tXtZGlS4Km3iYLlWl64Bzgn1yByvP6AR/BfwVc2SItpodtIJGjeeFVH7zncqgqATtIJyTkcHK818jxFxrh8gxv1OvDmqOmqmkYpJOyV1v03TeybPbwWU1MdQjWhZR5lGTbluuVbapaO7u2knp0t+a8PiTw+ELR+Byy5XLM5AxnkHdkDj5Ruz168GoZdc0uecJD4Addz7ldVzlQA3ygZGD0yMD0yen7DfDn9m/wAB6/BJJDaaFcRw4S4Ny4jErI7B1VGKgDAJ6Ack7sgivXfgr+wjD8dfF3xpsvDeq6P4cT4Z2WlHS9Me0W5bUptSKxeRbeUrMW3HcCAVI64AzXxcvGjKqdPFTrKNCngYxqVpuCklGU409OW7fvSWnZ+Z7P8Aqhio0oVYyi1Uk1HV3eqVvRJpXurPzsfh5/b9nMiJ/wAIHOEG2MbUZTlQATwABjceowV5xycLDrVtJOkR8B3RIzgBHcMOcfwgHIzkepzntX9Dupf8EkfjBpkdqwuLLFwgkl8zRrhTbs46SgQ5DN/DnJ6dc4rhNQ/4JofFvQ47rULq4tFt7AN5hXRpiWB+QMoEP3CcfMT/AAgjHFctHx54ZxPLGGaUXJyXLGUWpatJe64qyv0t026Pgq8I4yLdTklpo7SbW8ZLq0+71dvLc/BWd4Z3nlPgC6wjAjdC21c9D8y5AGAcjB9wOKiieyiY28vgi73ysMLHCW4IyT0PHT/eHIJxur9Ufjl+zn4v+F3h7w3JqdzYyyeLPFun+G4po7RoZdNN7Ki+ZPHtyECvyHBOAAMEAV7bpP8AwT/1y3OqahJ460aSHRbazlW4liiigubm4iVhBHLPtDOrPgxBs5BAB5avereLOUYfB4fG18ZRVDEOSpTcLqbg4JpWi7bpapdndI4ocP42U3Sp0ZudO3MlfROz7pK6+7yW/wCI8VvaHeieBb8DeSf9EfAGCzclPbJz79eKyGbR47oQnwXcIHkJLNaTkAjO7GyPPJbqQM559R/V5+yL/wAEur79pOPxnpsXi7w5pWpeCY7V5d1qJ31SS7jDLGPLVl+VWzlSRkAk96+j/Hv/AAQk+IuhaLPqmla14OvDa2jy4NjtmkdGAMSbYt3mnOQOfmPJJrhq+OHD8IJ1K6VLlXLWdCfJK3LdKSVk+/pe76bw4UzFuKfutSi5Rc7ySajZ8ratfXqvLmvp/Ffc3PhNXMEvheZJgxBZra5C7cttyGQkEqADz3I5Oc1pIfBmYd/h29i3AgvHbzgDPoXUdj1yfTPTP9Qqf8EmvGXifwj4p1bQ30eTxD4YupLTV7C40srItxICkFvFEIvMMsjgYdQQnqBzXy/8JP8Agmv45+I3jA/DafxR4OsvGketzaXcaPq9s0LaU0KPK0U7lVyWWMhcE/NgZxkVyUPHjgmXt3PNsPTeFXNWUoz9yL5W38LbTutUnd+h6D4Jzhyjy0Kr50rXk1F2UWleTSejTtHTVX0PwXubX4fTTxrLoWqOFIRVQcMSARklRknnoDjIz6lkGk+A4ZSi+HdWUzncrl1JXk5IxnGck5yevev6FfjX/wAEw4fA3w9+Knia61Hw9c3fw58M3c88Om2t3BMusWkyxM6SSIscsLbiAwbBBGMnIr8DZoprYxM6x/uw28MSWUGQgnueNpOPvDPXAr7fg7xAybjijia2R4unisPh6saVScIuMVOUYS5U2o6Was1dd9Dxs7ybG5Aqax0PZzn70YuSk7e6ns9Hqn02d1azMi5tPhsiKL7wxq8qKWYv5uFAHK5O4jHIIOPcV0vhrTvhVJD8uhalbvJKgiigkEzS5PRh0Uk5AHB7g5wKxZ5Fvma3kO2JwwXAJbJ5wDwSAADwB0wQScj0Xwx4Xfdp5soXWUXNm6HYMysSPvDrhcccYBxnOSD9Jj8VPBUp1YyjzQjez3dku6bd7Pqra33ucmTezxVRQbdpzSbfS9u1m0tVtfTXV60da8L+ALaZVHh7xNayO/7ppwEjfcB90FRkfMCCDg456Gsh/h/ossyudD1/yZELxlgACvPzFsEAfxZ9PrivrL43+FNS0iz8JTatbPC17FbzxMFCbkJjAUAf7JByAMENuxgiuy8V2Vrb+HdIezVYpDpcWZOOCY1ByVAyc8gdSBgkEivzyrx7i4SpKlClJznKGzbXLJc11o27Lrb5s+9lwhg5KUpTkuWEanNFWb5uWy3unrpq7287nwRL4N8CiSaOfS9daSPJITblCCMjpx27fMMjBwQK0ng3wUkCtHpHiB5pDlD+7IznvjcQMZAz0xjjkV6AZJIte1EMA8ZuSGwSSxLeijgbs9M4ABJUZr0Tw9ax3khEih0CbVjIyy8jHA6nORnK4AGTzg9eK4rzLDUvbSUOVxjK1klry6arZd9EtbHFQ4ewNeShGpUupWTT10aTv922i0eux8n6rY+E9Kjm+26LrSRKUYySkeWXOSBuPAJIABHQntxVbRNf+F+n6hHfa14d1O/0xioa0jeJCQuN5LgZIY5xuJwflwvWvpX41+Efs/hK5ujECjNC6swCmPcevy4J6EkHP3Tzk5Hw3dwxIDaqpba21nXdsCkLgpjvjjjHrjjj0slz+vm+HlW5lFqTg0nZppRVt/T1vd6HmZtlcctrxoptpxUlzN7pxSvdXasr+ej8z6H1j4m/AWeyubbQvhvf2k84CWt3cXZDQtnl2VTyNwJI+UZPIxg14pPqtlcy3Bj06SW0BcW6BmIRWXJBIyCRg8E9eQPTirmJIlSNn2qrbS5XlvQMAAewyegyD0IxJHqUsAKWjYdGDN5eCHwcZO4ehPXBXHUHlfo8PVrU43TlrrzN+8npdWVtLLVNLpq+niYujTqxS5FzLV2snZ20e90t9eh0OLJkSKCxnt+GMjMGYKSMtywzn5uDnrj05+2PgT+0mPhD8PbHw3JpbXtvd389xDN5gXYGJDbucZyxwDjHOB3Pw3b6nqd5GQsqmUFndVRc8jGGJGAMZ4PfBzxXa6tYyP4H8PXCgvMZbgssZClcF8Egeg5GOOSR782aQePo0qeIh7WPMn/4C+6XZWfXr5LpyaviMDWnUoe5JQave6Ufd0V76Pqtb9Foz9Zfhv8AtJaj8S9Rv7DQfCF7qk9havc3IhPmeTAo/wBY5GRtGTtPGMY4JwOe8R/tf+HvDN9caPrfh7UrfULd3hnhdh5ibeQW3YfBU5Vcjg5xjNfJP7H/AMRvEHw68ReK9T0/R5tZivfC89pd2kM/lyqhZirgsQCR14YsFwMknFfO3xU8SXviTxjrXiW7tLi2k1aV8WjykvEIcxgFgCOAMkg5A5Iya+MpZa6mdV8JVy72WWU6NKVOu3NOpVlbmi7v4UndPTdbvU+//tn2WU0MV9Yc8wqVZRqUOVqMacXG0r2W6Wt07/Kz/RbS/wBr/wAIeKNVsNC0nTtUivL6R41Z2zHxw5KnjOwkAZ+hByB418fNZjl8TeB302bULOWSWYxW8CNP5t9cuY4UEPSRpncR7NvIZsYIxXyP8HTD/wAJ34dmTzI5UmlI3HcM7c4Zm6ZI5ZvXjBya98/aHvdUsvEHgWeynMN0t1bz2tzB8slvcrexvE/BUb45QrKBtPAzgV7dLC4fL1N0KbjHRqLd/htpq7pt2S3ej2bPhszzTFY/NMJCs701TnJqEbxVowUbu73bellquxzf7Qfw7+I3gbSfDuifEj4c6v4B1bWbZvEWm22saa1hPq9hchpINTtFMaB7edWU85K7gcd6+NYdJM86K1vIskrhEKoSFYNt7dcZ5HY9RtJFf0Bf8FlL3xpdePP2Yk8da7P4glj/AGa/Al3YXLeWJEjuNKtZZ1k8o4JZyxJIzt9W5P41Lq+lIkTf2d5Yjk3+bHHh2IblQeTk4wck9weOvt4GqsXQhiJKMXKPwK/LpZLdtq9r77b3srcNapKjPkhFtXsr8zbvbRPfq+tk2tVdnjd3o9xY3LwbWLxsFJ27QAQSeDnB55wOgycZ216B4ItpF1vRg0SyZ1C1+QEBmCzI2QT2yAAcnrk+2Trk632oTXlrHKIXIIVVYsrKMAsAG5yw3dPU4JGep8BWbzeJfDhliuFQajasZMOoZfPTPA2Z6nkcHoTyBXTOahTqJS5bRule6esG+W6ul3v6p6s6KClOdPRpynCyb0V5xdru34792fq/e/tX3fgaWy8P3XhOUx2GmW3kTeYqicLEMPgkHA5zngbhgdVEsH7dFkHtraTwhN51zIqIySoAWkJAwQcAscYGe4A64Hg37SWk2lrrGi3sEQYN4fXJByWkSFegGASOVBOTjrnacfCtlrjLqtjJOsipHqMKqC/ACuMgZ4zz1GcdMHOR85g6VLFU5VZU1J3cVKLkuZppKTStaz0u7WvvofaY/HY3LpQoqomvZw3itPchPone60vf8dv2ki/am1IZLeD5WUhSqCcZy+3bnsvHqO358PqH7eekaJqNxYX/AITuPtVsdkgE8bYYngZJPUnp2PJPFfLVt4ziFy8cRzF5cTK0hY4fYCOWZgAPYk98818beNNSa/8AF2tM7yMsl6581QRkAdP7yjpjA5PvjG1DLqcm1KMpX0S5pK2qWzeq00v0T17eDHijMJVHFShZ3Xwq3NpZaq93rbfpqun7JH9sN5tNh1m38BXMtvLH5wImiI8hRkyDnKjABJ6dyMGuUX/goVoTBmfwHct5T7AomjDBshSMjcDgnJXvx6En4H8E+ML6Twu+nOo8mLT7q3inaVwFUA/IACu4449QecADnw/TNTSO9kWV7cRedMoWRgW3ZOeWJyOVweqgY7Yr0amS4ekqTab9rqlzOz0jrb13vo76vTXJcUZhKVR3uoWV1BL3vdTTvbvd2vt3P2CP7eOkyQ/aF8Cz+RwmWniCgkck5wDxknAyAcngHORP+3XpsDCceELiOI7Rg3CIo3ZB28hRnHoRjnivy6tb1rxZ4kljWBJi3MvDnPopHuQTxk4UHac8/wCOdams9KsoLd0JuJOVRh1QDBLZOAQORn/CuZ5ZQg1u9dPe1TvFNK172d7a6pS6ak0uJsfVmm2rN2Xu7O8E7aXtprdt67NJs/XfSf229P12SWLSvB032q1ikll3yxMGgRdzMGxnJzwcnuD14pL+3Vpm3y5PB9wC0jLs8+JThH2k4JztzuAPBxnNfl18Ideu4tQ1VriRQp0qQD5mB+5gdPvHJPJOM8nJAxzV3bXEk0+oSTXEcX2hwNjkqF3sMquc4PToSc8A7vmtZdSdnZr4W020mno7u6jot7tt32Oh8QYuGnMtUuZKys+qaSXTe+t9LH68237c+j3Nz9is/CF4ZV271WeNwGbAyVB74CnIxxyeeburftv6bolrHqN74Mv1tnuBaeWZY8tLnB+U4yBnnHA6Ag1+V/gO6tH8T3kn75BFaIFLFvnYbRnkgjkg578jaOK7D4qXRu/BlpHDueU6rgYYq+MjD88jOCc+gxgdK3hlOGnQlU1vGTaXM5KystGulret7K2p5s+J8xhjqdFKEqc1FvS9ltpa+zXXW1+x+iem/tx6br1ybOx8FzNNvLhGuIWIjHQ/KxwTg91HYD1zvE/7a8XhcwS6p4GvoI7tpDbLFOmZSo3ZK5x0I4IxgEHbmvzB+CdxHpvj22lvzOQLeYSxs7MCcSbSQCQckjnB4wTwRn1D45aml5N4fS3KmICSZEcMxQ7gcYbJDHByf73IGDTw+W4WUW5xlfnjopeUdNN73WiV+/U1xHE2PhXjTi4cjinsnZtrS2mtvXrfS5+yf7En7RGl/HH4oy6Vb+HZNPm0vRpbx2u5kkadJS6pDEp53DqcDknkcV7f+054BTx78Vfh/o2k65qfgi60yFNQvZrUgQ30dtcLPJbTPDgjzVUr+8KqQSpxkV+O/wCxB4n1rwRr3ifxZos2zWYbNLeGxVCZLuN33NGGPEeQeCNpxt2jdg17R48+LPxBv9aOr+KIdW8PT3l3cJHePqU4WO0JJZYw7qVTGTgcbsrgCvWoUYUHGjCFo2vGOr5ouz+JNSi+jTs3bsrHg5tmmJqRWKnh1VVS0W1u0raRla6abatzK2zvqfob+0v8KNc8c6P4UufCfjGTSo/C1qv9oyy2yGe683CjysbkJHJ3lTnJ4Oa5zx94Cm8SfCa38IQ+Omj1G/0W1tLzU7q2QJJNbhP3TjH3yQcoDkjBGetfL+veFvi9LpXh3xHaSePrvwhfabFcTa3Hd3DWBhKgrIV3YMe7ClyCP97PHj8Nx4w8TC80/StV8TTx6Bqy3d5LHPdTNKsYO6PYrNtReQxJ25DDPp1TlGLu4RTjqmnKKsmtUrqy3vZX9b2PFjmlSzdTB1aScVzK81dNQfuqNr3i7qyauktj7b8HfCm68E/BDXPhmPFCy67rFpJFa6glji0j+2N5m7cVyu0khzuwemRkZ8O8MfCTWfhr4L+Ifg3WfEMGo6r4ht4RbajaWzNDGGUZ8whT8wzllyPpXn97rmpeLdY1G30zxV4i0dtMstPglsXup1DzhFEkqB3BwWyABuxnHy8AW/BHg/4l/Ef4rXHgPRvFJjSPSPtpur29lBd41HJV22mWSTIVWZlXj1IHHUrfZirpzW193yNu3NZ7RvNq6SW51UcwoVKkKfsqimoJU7uf91u6tZ2015W0np2PRPgR4Avvg1pfj691LxHaa3c+I/Dl4LC1j0+VGE5tJUSOR2QgE5O3k5K4IwQR1/7CGhaqfCnjNfEPhpNJmvNfLQzW6lLm/SQzCWEKo3Orq5GGJJGBjgZkT4N/HT4cS+IU8b3s91pVvo09/YCeS0mYxrA5XY6FiEK/Mqluy+xrwz9nn4w/EvRta8U2Gnvfap9ty1lCkUebXDFVmTIwki52lxgnoepqoxVRzalFNuMZJNe7JcrTbtzJryautGt744vH1sNUoqVOdGKcW1d+9eVr6qUut1bV9WkfRA/Z++FWt3PxYvtJ+H+saF4i065knmee0adta8zLmO2W4TywrclmAJUkeor17wb8M/Ck/wANNJ8NxxeIfCcXiKynstZtLOAW8c+wlR58UKqtwynJHnKQeeOlfGE3ib41r4v1W41zxB46Zr2e8mNvpgiMNnbKGdPPKkL5ZQbRv5GTycHO5pPjvxXd6bomr3l/49/sqbU59PYx3ECTwyQsytLFCX3N5hU7gABg4zyKeIy+jWpxlUpc7i4ttxT99NOMopJpPXTd93d6b4fiHG0qy9nXqRTg42jKynFyglJpS0k02pK+ul7bPyj9qf4UP4Mv/DVn8HdLXXYtLguV1hWtis5urb/l4nVF8vaxJLgKMbeeuD9heAvg38KX/ZLsPiv43+HPhi/8TJoeorPcPdtFff2soVYJbdUIG+Bj8yHBPfnNfO1x8T/hnfazqQvbP4hT3GnPPBqMhkKi4aQMriZwVIEmcle/pu6dLqnj/wCEWp/B+48GeH/EvjCCW0uBfQaFJayywRTu7PJAHxtMO4/O3Vj6HArZYWM6aUI8rioSm2lGNkrK2kbdtLPysYVc2qw5pSrVLzknGLclBOMo2k7Xej0snbr3Z5Z8FtB0qTxt4W8WSaXY6RFoHiG01GWSIK98bbzS3yg5DbECZAGSBzuwRX2b8aPHHgH43fFG3GgXuuy33hzS4NFg1i2s1u7YS3JWJhIsiP5KoW2seAcfLnivzxtdQ1nT1k1GztdQlhtGMlqUU26OgUKFkUBHJXJBVgCFzhR81eyfDn4teKtaez8L+GtP0vw5qt3eWlpc6j5EInv7ie5RIUuJdu4AysN0hb5Bkhu1fJZ7lCm3mCm6c8NQqcr27Scvh0ta7b6L0T+64V4zq0aTymrCFSjjMRRqSlKPvc0XGKUdVbZSd73SS01t+mdn+wx4ev8ASbCG213VfEcsUdrdayieGLZ45JZUWUxxy/ZzI6IWUYBOTkdcY5r4mfs3/GjU/Bz/AA48KeAdXn8M6Zqy6pHGbWGytLq3CgKTasiKGTqSFB6ZBr9mfg/8Nf25PDOl+D9C8n4O31ivg63ubnVrw3CFbp7RZrQT3EKAz3AR0DPuYbyQSep+MPiH+1n+3J4L8TeJ9Hv/AIKeFtRk8NX7ab9vjW7h0rWQXIWSxlljWO4Qp1Cehzggiv59wXGGbY7NKmFwOKy3EYjC4ioofWMQoO0XZcsZKCb5WneN7u+2h/TVTJsjoYKnOphcdRhXw9J1vYUnO/NCMmpNRkuX3um7+VvgTwd+zD+0l4S8JyeHR4Z1EaJql3NqEqQywL9jLbgqI2cK6gAAck428cCue1j4OftP+BtN1rVz4Yv5NG1mH+yLnVNRuQxhsplMcilySq4Q5XHO4YPQ4+35f29P2u9O0p7m4/Zr8NTKrF7pPtLiIKeQxQgKCpyQcY6Z4rx74g/8FBvjtd+H7mHxH+zvoUulXFxEbm0fVHjtUbOSVh3hSVB4wPl568CvtsLiuM62IVTEUMrcdJTdHERk0krxaXtHd3XvaNq97Hy+MXDGHpSp0qmbU+RNRvhp8t4rST91Rlfstk0fmpofwz+L3w31OPxbpPg+8vpdPv3e0fTZJpROzuzEyGE7ySD/AHsYP4jpr/V/ijqdprR1v4ZpBJriPdSX0lq8l3aOvzeZE7KXSRGbPlg5YghuCcfTcn7ZHi8aNHq5/Z8ksrWS+WGwj0+8cWgLBVecq3zOiAsSfugggHqSzwh8ePC2reHPFo8UfD3xTq+oTXqz2V3oMkt+bAzSsZYJEh3rCiZKBWwSOoAwa/RMCsa4QeKhTpuLU04SUr3tzXbu9Vd6a93c/GeIMZg8LVqPB1K097xqKMHo07X0dmlKK00bjfc/MvUbLWrSWV7+51WxZ2Zka6t3iIKtltm8A7VwOn3sZ9zsaPPLZ2izLrdzcxTBhIZYVkyzEDAD5BG44Hy56kZHNfZ/7Uer+BvFfgzTItE8MeKbLWbCytpWu9Y05dLit4pmUPFG6JGbpmAK5kJbjntX5zW1td3et2mjw3d5aWlxLbxGdg4hiaZ1UM5UnaEOC3U47k9fahVcoqF/h2a1s3bWN21pbXRtbpbs+ZhmlKUU2pwk3H3ZycWtnupNcvuu93fZdNPVLa6mtoJJ49bmXcJAiPAAqFwVxsAxk5z04B6cnHTeDPE0lrI2n6tdwSWCo8sSXEgVPOYhvNSNWClgWHJXco56Hjvbz9lqC20i91UfFvTZLq2itp00iaC7j+3LKoLpaSHcjmNTtclgMrXhul+Db/VtVm0rwppN1rmp2NyyToxIHlRkiVhu/wCWa4JBx0U88CsqkaVTlipN07K7aau/dT1aaaWl36ttXN8NmiVSXsq0nOElC0Ze8muVONndtWauktd9j9A/2bfCfwe+MHjWw8D/ABM8SXXhTw3qUNzc3muQEXDPc26v5FtGHJ8uKXA+duOcjPf60+KX/BOP4I2V1pnjb4RfFbUtWMEIu7XQ9Xt9sl3qVkwlCQSwhSIGKYGeCM/Nk1+WXh+18Q6Bq+mT6l4bvLW5s3SS50q2kNv59lbsHl3yJhkjkwwDK2WDE56kfcHw5+JXgz4gavaeHYfFPiXwlrNxZ3sy2cM97fxWItYWaO1s/JLkeaF8tmcgq7ZPA3DxMZQq0Zxkq850FvSUE4qNkr9W2+bS6bWrVlY+oo5pKpRh76VWyjCc27OXutaN2u73u07N3STuyp8Svgl47+JGp6TfMtnoE+lacLSazVjclyhCvIfLJZfMAXcp9SoAxiuBH7KPjwTmR9TtYoZYRGHNu6gYB5GcEDBLFQR2H94HrvEPgy50y20DxNY/GbxIZtd186Pe6RcR3iahp0bXIjEgC487K8gdcYJ5r7S0Twt8Kj4S1Cz1b4i6/qeu+FohcX63FzdQ3N8krBhFAoZVEiqSrrICAVPQ/LVRxWHjSoxp0Lc0rJzhJu0WrvVK29t79bas1qZrjZylKtinJpK7pWafLGPupczd+VOyXxa7tafA1l+xv4q1GQCHWdJur64ylnFKGhjlmAZY1MjYCkuduWOASOQennWkfD7VPg18RbVPiFbz6TqPhi9W/e2tIxLbXMULhgsdypMTh0BYAEsMgfeFfpXp2nfBe5gu7TU38Y6XDIgvtM1f+0rpHQoC6R7VkBCORgt94DsciuG+I/jH9ny9urHwh4uaxmufEGnwHT9Q1S6vo9SgCMER/MJBImB+VmbYSeoxSxFalUk6boc1KUbVXB3upRjGSum3eL2d9Vo10Iwma1qVWNdV5ympKUIVo8r0s0pNpO2zTvs1fofL3x0+KHwg+J4n1jULLUZ9QurGDTdPv3SSOWyVVVCBtASRcDng9ceor3/9hX9nn4D/ABE+DP7Xur+IdN1C+13wP4AhuvCN1ctKtppGpPbmU6qFUgI6sAu7tuxgGsOb4A/BjX7CSOwtFtIraZE0q4HiC2nFxdOV2LJD9oZ1RmOTkHA44PFbH7Pfwx+NGs+O/jD8JPh141sPB1hqPh6PTPFNvbx+faazpsZT7PBJtyJJHRghYHByWJ615uJp4Chho06M6kKdNU5z5rwUVGVNzV1ur9b69LH0UMfis0ftqihCrOLTcYNJtpc2ztq9FrqrWehyP/BOTVNf0P43+HreWxsp5YfDPieSPVrVPNujaPHMrTSOoMjjbGOGyQMg+tXtN+LWiar47+Iej+DPh7p0njKx8RzLd+I5Zo2e7066vpE1K4kQksiBT8sSkN1BHp7d8O/2Hvjt+zx4y1H4vwavfzyWVjf6LBotnNZR2d3b6lEYWMClhJH5gYkDClQeeSRXH+Htf+CP7OVl4m1bx74XmtPiLealNd+I3SWO8vGtb2V5YEWNN6rsLEsRwST3yK5Mdj5c2IxGU0/rKq4elR5IcsuaUXZu91JWTXS9tNVveU4SlF4eGa4xUI0q7nzVKn2LRStZrm2+11tfVnonjbTLnw+2nab4a8K6G897a280mraRpUq3dtJdRh7hDdRKHbLElw7kMACcivM/i78ItVuPhDeQaNfX2t+KI4otfhimsisSiNw1zYRyIqh5CAVRHYtkkbT0NXxT/wAFDPBQ0Bbf4d+H/EN7rbySorS6VFKILXZsa42rGzfuVYNgrtHG445rwLwX+1jdQeOvD66t4l1vxp4Qnkuf+Eh8NTLbae9tPI4k2+dGySJFA2QFJUngYHSpy5cQzoxk8L7OFlJRu3bROSSktNdGk3Z621svQzKtwwq1X2eLlOdlaUUraWTcZN6ra9ldaaW1fzF4l/Z1/aE+M+s2d7Y/CSe1todNjt7eeGe3gaF7dVzvhcqylzh2YgMT0PeuT8dfsfftMeGPh7q2oeJNAlh0TQIlvrqa41OC5e3sY3LAJCsjOqoMN5SZOD82MV+0/jb9sLw5qllp1l8PLTwnolxcPF5vnXUsN3aWqgKq3bx4R5DjDPks/XJwK5jWPjRr2uNo9he6h4FvtCuoXTW7a5WW4ikgZcBbpWUrMjMMA8g8g5r6nDVM9UaUZYSn7KDhJpN8zinB9LKLe34dkfn2Mx/DrnVjPEVlWceVXio04yVo2Ulytp2W3n01P52vDFhPZa7azNFPcL9gZdyrIMhhjcUbLYJICswwRg85r9J/+Ccljep+0DOLqxWCS38P3rxiWJ1eMOC+TIVVCWX5gAW7ksetfd/7OPh/4aWvivxx/wAJBD8JvEza4k8ei2H2ezgbRljkeWOVJbkKgjBYKUBG9VwMABa+stD1TQraSHRtO8J/DjTb1tQiWDWfDkukJrl3ArKstsfsQE7xhAqqD8pY7cZwT53FebYrEZNmeFngasKUcNUTqSTUYu0U3rvq192u1j1OB6OFocR5TXp4ulJyxVNxpqS5m9IqOl9btPbXd36fil/wUUispP2kdZluI13Hw7YFgyksfuAtvHO3rzkZ5GSc5/Zzw1p9pF+wkNjIU/4UldBkPzAZilIAUH7pyOuDgkH7xFfl9+3F8JPiD41+P3iHUPDXw81rxBpiaBYxJd2abxHNG6nZL6HBBb0znHOD+sXhHQNfuv2TIfBdt4amk8S3vwvGhR6NLKsUkd7Mrp9nd2xtbnBY8A9TkDH888TVsPDJsjnzXqU8TQm48y9yEFFttJ6aK3R+uz/p7IcNWnm2eXhFU61Kuoytfmk7WS26vyvzN311/nzs2s9P8Z/CZ4NIs4za3+kXQvobPy/9XdRlTJMIzuJYjBb04OK/oVnuBd2+jXbhVjtrKWMbPk4u9P8AOBJHy/MZCcDAIIYAnp+bWqfsy/GRfD+n2MPwG1M32jw2F15qatZgtc6fIsxxIJPliZlJ2oeFOMc5r7M8P+MNSu/B1/aa7pJ0TX9KfS4L6yeZJPsswt4oXt1fncVAIZuh+m4nfG5pQz3HZWsJzcuG5oVJOScbtwba1fVO9vy0RlmUTynL83jWlCM8RecEko6JWSadnstbLZN76H8wf7eWsWGm/EvU53sjcRw39/EUcLh2a9bPzHBAXgenQk9TXxVY+N9CvtR0yzbQom82aCEB40CozyBS67VJPHOO/fAzn7M/bp8P6h4n+LWuWNpp000Nve3kjGKcKPMkumcAjjkr0OCcdR8xr4+0z4YXlrfWM/8AZN6ssM0MpYyKQpjkDkk7uTwQDwM45B6/0Nl0sJDK8PB1Vf2MFJ2u72stLd3ZLys7I/lzNsJipZzi5q/K697u7Wklr329bK/U/Y/VH0+x+CelNGjxi3g0rMaJiFFCR4wo+U8Dk49iK+C/2jdX8MX0ei/2ksV3dww7ra2mj2mOKSQEyAJg7cFfUtjscmvp+fxJqOqfDuDTy3kW9vZWEfkEhhJNCiA9AwG0AA7up4xknHhPjDwWnibWtNv76K0cQ2kaCKaJsEKM4wFxyRwAeRnuBnnoTp4Vtucmm00mla2lm7y1Wzta6ej1TPRxWFeLioQ5U1ThF6fadk9brS9tN/QwPg1H4au/F3hhtL0+ze5thEQwhIkiMm0kEkAOBzhz8ygYx/DX2p+0/pkV98Jbu0uRm1eWx3gHooCDoBkNnJyAMfeB7n5U8GWs/hLxTZ6hHptnFDFODmFcb41G1cZHC8gjGOvA28H6p+MGsaXr/gO00fU7oWk2vC3a1cAsVCqPlU44YYxk4BJHThR5+YVVUxdGvGTUYcvlZRa6X1bvtpZ7PQ9LLMI6eAxWHlbmnzpNKySdktdXdrvazdkmfmJoHwp8DalcapLI13gRkBCpHzYIdtx6sB0zk9f7ter/AAR8I6L4c+J0tjpLvPajTAEdlHmqznLpuHHbBIJAJPUcV1ln8JdKgt7tYPEN4JJGOUPykhgQSMHBJXIC8E4ypHJrV8I6Jpvw/wDEMOqwPeXwe1aF7mUY8tvfqGJOSMZzkAYJxWc8bOvN01KSU4u3MnfXr69EnZLe7V0FDKVhVTqOEI8s1JzTTbs1bS7srK+q+WrvQ/bCFt9g8KpPFBuF3KqmceZsU8PwQcZxxgc8Zya+DVfT9Ska3NhY2yxDyYpcLljg/Mp6fUk4Ixk4NfoB8b9IvfiTF4dl07T7y/trYyz3LRxcwlicZDDaQcYByOucYJrxj/hVYt4Yg3g2/lEYJaUKwLN/tbQMHk/7I46lgK93L8RQo4WEKs4qUZPmu0nZ8ujtqtH0W9+u3gZtl+Kr4+pWpQm4S5HdL3dkmlbRPq3o1tbqUPgjoVpa6VqN4Iw4e9iKySRgMpilUYjZTkgrjphT6MOV/ajw7IjeEdGkuEZEGjRpF1woNs4DHhmycHG3PQAf3B+RXhXS7/QXktW0u70rTXnWVnnRigKyKSoLds9RnqMZJxX7BeGJE1DwT4eaJAUj0eJjtwC3+jsADwRgnB7AdM9M+Vmk1KVKfNy03JNLe6tFX66LfbW6a0Pf4fpzp0qtKVNqooJe+n7zaT0V7cqve/V7u5+CHj7Tre98c+JoI4IYzL4i1A+a4+YKJmJU8YxghsnA4IIHfibjwxLHL5SvDhpgN4jUsqqy5UgD5RjJBOOe+Tx9YeMPh5rN74o8STxeF7+RpNcvZobpIyFkQykkg4I6Hg89BzzXGt8O/E0e+RPC2pebvIUlGYHBBwQRnIOOQR2PHQejHH4RUqd5xk+SN9Voko+69dHpe+l3o72Z4FbKcwlXlJUJtOekuWVrXT0Vnfo072eyZ+gt8PK/ZpWKMs6x+BpId3y5AWAAjGeg56DAHGelfkDcEw2A+UuWiycnBT9444/LPAz0wfT9hLm3nj/Z3e3vIXtroeFbmKW3lBEkbLH0K8EHr24PHGRX5VX3h/7Hp0U7sGSaHzP3gDHIZiQuQACMYG4Zzz3Nejw2ozlXcWuXmTXW13Fp+blo77ba6C4yjKNLAxqJqUKMYt22aUErp9L9NtV3PO4JYSElkB3JsZwM8qMcZPIyFwwBA64617Jp/iiztrePFtKUaFQGUYRSAMt7DDZBxk5OcmvKt+mLOimRkO+IMu0lVBZQWAAGcHnHOCTzxXtf9l6QbFCZIyGgTGQFABj3b1OfmJ78ZwCeetfU4iEVBSUle1tHr0et762vdO99HY+BjytK+mqS63Sad/O/Nqm9bXMiHxpYW0sVyN77JgVRGOFDDAA5GQcnODznjB5rlb7xaLzUL+YK4DuhCtu+QcYb5cn88A9BySV6GDQ9IjQublJt65RNoAVi+QPmHbs2SACCMEZrP1bQ7CKfbb8h4A8ihQMuBnG8dAe/P14rxlpLbROzSd373Kld6ra8tLpJeene3FU42srpXV1Zy06K73d73ulZqybRy8/iZVEgIMr4IIGcKCvX1GOMs3B4C4zmm2Hioh4okVykp8vcNx6nGcYPQe3XjGem1YaHYXCscbC6OSWBbLqM7ACScEde+T24zci0DTvLmi8lYyE2wOgw0jkgkbwoOOpzuHGASckVtVlFKLUbNxvdXXNte929X3fV2uraukudKLa1euqvuna601Wl3rd9LH7C/wDBNfUvClvofxO8P+OdBsGsfFcGhHw94k1PDNbanDqMQWK2B/eAvjopJHBJFfHv7ftlHov7RHi+wjaCaNY7VPMRCqlBCpRgpweVAIblsc5yTX6+/st/tA/shWP7MQtdY0bw7o/ijwf4PsdI8hrN59Zn8VfbY3XX4n2kS+UVJIJyOW4zk/id+2x4y0Txp8cde8ReG9TbVtPvNN09HvJUMbyXCQKkoSM4GAwI+UA8EZAya+MyuWKrcSV+aM6dFwlyJr3XrTjd2SWtr2u2rpvsfpGe0cLR4OwEKdSM6sakfaWs2lKKlblabajeze+iT0enydLcWas5lwQkYJ4YbieuF6feBwoyxzjJGDXGzeKLCLKJHKEEmAQwwxOflx975vTAPT0JrvvD/hIeJtRstG87yLjULjy43ZgBtx83GMEkHCKMt0PUjOB4/wDhle+DfEs/h27HlzWnl3HmbGDyQzfOjnzFADAdQPmAxjkMD99Ui4yilBuT1WrTdnH4tbrXzv6Jq35XRgo+9OyV9k7NtcttG+mm2reyVjlvDsEmratK0MXDpPKyOWyEVWJxg5Geo7jjPByeA1KJFurpMlWjnfgHr8zBgCcnjA4HIGMc5FfS/gXStMtbS8kkRXugki7ujiJkK4XAxwflYZGeccgLXnGoeGNKlmuJ1LI7GVnRyQMZJ3K2SATgZHG7BJqlFzcYWs4/Frfl22vZ3b891robxq0oy0cUklytXurWvZW0Wvf7O3V8PpN9MJFQuUWNMfvDwAcnjLHB6kBhjjPGBnpDqpVYolkZAcEsd7AnPbrkHnr35IBzu5ubTkjDPbh5AJBkfMMDo3zfiMHpgcdBVlNMu3jztkRQykKTk4A6YPKjHUqCRnIxmrvOMlFLdR66te5ftva2l/uuzkrRpTmpRabsra66uKsnZLW3nq30dz6e+AMK6/45XSZGlcXdpLujVSzSoq71OBwAuDkAqTx9K1v2ubG20fxj4Y0+zaRYR4ZtZMOrqSxLq3DDcCCOc9/cc+afBfxVrXg/xpbar4eVW1eG1uYrVZI1lV2cbGQowdQ3UKSNobBJHLVqftBeIvEnjHxRpmoeI7YW99Fo0MQjj2hREpY5YqcBiWY8Dp07keXXjWnj6LsnSjTnKVm+Zyco6NNvZaN26ns0pYeOSYh3ft5YiKSV7KKtfW71u0rbbvoi1+zpDC/xMtHYMQmk6hKrgjCMsDZLd8Lkc+3XrXqXwnW5j8fa9eQzebGlvrEjSnYu1g8gICkg4HBIG7IzgAivK/2aJ1X4jAyb12+HtXKxr8wI8k5J7gngHHIxxkZrt/gpc2t34m8Ym5kfbb2WtTBeVKKZJD8xGCwPOeT/AHhknnTFWkqiat7qd/eV9vL07Wd1tvvkStOm7pr2kndNfywVtem77pX1d2fJfi/RfGmo+KtXuYbJJYpr+7libMY81DM21to4+YDBIJwRkAg1hf8ACKeO3A83QEZM5ZkK4JUkZ4GSR164BIHUZr6IPjLwSk8yPrWnrMLi4UiRmUxhZDgAkjOGJzznOeMHJli8a+EIY3I8R6fIASTmcjk8YA3AbQCQufc/LkV4PtpJqNn721ultr2TdrdFa29rM7qlGDnUkpR+JttNN6tO9rXfZNbPS9ro8L8N+D7m91m2sfE2nXGm2FxJtmvI49zojHjYoGCRzjOc9cnjH2j4S/Y7+Dvi3TYbxviLNp8pO3yZlSJi7DP/AC0AUgDggHI64GePBpPHHhNbpduvWbESK4kMu5QWY42qW4VRjsMjgcnn9NPg5L8L9f8ACWnR3fiXwXLcxJGzx3F3ZxTMSoLbv3ivkcYyRg4+UdvmeJcxxmAoU62HeITk+W1GCk76e81JXtrt3Vn0PouGctwmYV6lHEqi0kn++kk3Zxsr3T673eqVuh4yf+CfHhi5srf+y/idDGqR/uzK1u245BGAGPPTGT643E4Hq+h/sa+IrTRG0DSfE+m6hutfLS4dcHLKRkEfLtIPPUfMT3r6Nl8H/D7UkC2lzpbCOJVVtN1poxuPZNkxTI4zj7pxyTXceF/hZpskDzW3iHWtNyojEsOreaNpPZZJSdv8IOOh4HUV8S+L85ilzYmqna373Cxtoo3eln+D3fo/uFwLktay+qUZWaf7vFSu2uXW3ddl/wABfnVf/sM/FTw/KksX2W+jAeQy20cxUhiDlsZVsjOTgk84AyAOJl/Z0+KOmzma2s7WRo9yuAwjZ/UlCQR3w2D0AJB5H7NQfCrxM8KppPxH8RRwmPbvlFvNHsYdSJCSQQDkjoMHBxWVL8HfHUN2Lq28d21+UGxxdaVAyyFx828orcHk5LHDZwR90aUOPMfGLjOdCdrP+DOO3K9Xa1npe3ZbmOI8NcuqyTpQxFO9r/vYTSso6q6v2e1nuz8WfEnwX+KM2nJaDw7PKvnLIZInBUkEFgTn6kA49uAayrb4f+LNDtRc3/h+7geJkQFhvXAXGcH+8RkFc/gSa/fWy8DePLKNY2TwbqEZjIaO6tHhLv8AMu4EJgkgj5gPcYB5SHwVqMW0ah4B8IamZHZ5Qs5CuN3UJIQOSMlcdTzxiu2j4h1IpupRotpWbU7aLlV1dPWyXmvuOOr4V0ZpKGKrwtqnKF0naDV7Py9XrZa2PwPg0jUoL22uX0m4iUMsjMIZNrMzclnCFSACSOmOoINdRpti1y/iRpYGPnQiMoUcswYdU3DnOBkLwew9f3Tvfh1p8kSzy/CiwWLYd8dpJayDJ+YbQx+VfcdOM4FZMPwr8F3ck+74ZalZLGAJZLaztJgGQZ3MUDbwCenAI4K4BJ3jx9SkuadBJ2TS50278rclfXXW90rN2SRh/wAQsq02uXGyd7X56UoP7Pnr21tpJXR/Pen/AAkXh6a6uNJvdY0W4gkkjSbTZbmxeSFgVKyNG0ZdDGSGXJUDPUc1yd7aPfTNO8F21xOjtPMwcmWVgXaWR8ZdmbJY5ySSzYzz/Q5qXwj+GMiPHc+G9UiQl3cv4d8xwBkFdwhJcds5OeBjiuavPg78EdqRCyFvI8bqXuPDk0W1eATnyMAg98BuS2cnnrpeIGXTil9XnB2jdpw01Ssveve36d0ZVfDjMYNKGKoyTta90942+d+iabTW5+ZnwfigtfAumKziNg0xwxIIYsBhtvqc7c5wPbOfRpLyy81WeaNXi3ZO4kucgbV5yc4HPPGOQen2/F8FPg5BZ+VB4lt9PTB8qNtPeCIZJLEF0+XB6kc4zgYIqrefs9fCa7SKW38ZaPNKArbHuIoFc9cnLAruPIHUdhmvRp8cZXyRtCaVlf3Wuqt72j30V9dr33OeXAWcU7uMqT2u+aydkrdN1bS9nb8firU763bS9TXKuDZXPl7HUYJifqDnkEktuGQTjI5NfmpoNrv1XUpFZi5vpyhBJ3BZJMgEfcODjB7Hjg1+9+o/sveC760MNtqVg63EUke621mJR+8GGZMSZOQSuGzwT2wa8otP2A/AUEs09jJeZeTfPJFqNswUkkkoDISVbOeCSOmCRmumnxjk8rSlOUXzR0cWn0s31euq6WVrHn4jgrOp25YRk1snLp7r0bWj3a2d1p2PyubT5bi2AK4IGChB5ZiOFJ6YAznnqPUEc3f6a8JUJGdylm+8eV4+i8YHc5HbAOf171H9hrQ41jfTtW1lSdoI8lJkXgg4KEqwGRknGOx61y+r/sL2aQSG317UJbza3lxNp0jbuB8qBVJOGPfg4J4JBrthxfks/hr8tuW14tJp8ttYre+3W19e/lVOCeIYxTjhHOyaVpRfbTdaa9tetj8jvE1lvj8OqYwS16A2d3yjf056g4546Dg5GB6Jrek26aSqRqC7BTkHIC7VLZUNgEngE9skgcV9q+I/2Jr+SbRwddubX7HIJGjm0u4DEqT12oeCRnPoRhgeBZuf2UNYmR4V1+NVMiqXk0+6ClVwO8ROOuctxxzRLiHKZvmWKgm7XTTT1Xna71vf0+fKuEs/pqKlg6l4xS9y27t7qSlfRrVXeistbH50po0Uk0JQrkqNx2jP1wQMgdOR15yK09U0yO28M65EkAEptmdZFOMZGMlSOd2QTnI5/P7hm/ZP1e3uQbfWNLuAuGfdHNGQBzgBwMDJwc4H0OM814s/Z48VR6DrcFsunXEk0PkxSLMkYDsDtzuIJB55POSQPbWGc5bUdo4umm93zKy+HVtd3rq3Z323R/q/ndOSvgq17pyXI37rt26q2ltmtWfn/wCAtCkudMllKuTFMSNq5y3Gc8EYyTyAMkc44rum8LmUoQpaQlpG3A/IRz/Hzzjtg8g8kivf/CnwL8Z+H9KitZ9JhmuWALGC+t8tvOcYDY3begPPODjtsXHwy8WpcOzeFb7y/wC9C6SBh327Mgcj1Hy5boDnthmGAlyxWKpS81ONu9trvS17PS33+XiMqzRVm3g66TaceanO3xJ7JadG/Ld7Hz/D4aV4SpOWCsWVQRhRjbwvy7eF45PJ7YNcT4v8N+ZpabVEcQnUEk/eYthBjrjg9BgeuSK+qB8P/EsTTMfDWtwqAylhayOg7kjC4IwMEfL3xxnHn/ijwXrcltBFHpWrs0t7Cjq9hOPKj3j5yAgAXqTjtzkg1csVhnF8tam21ZfvI7tpbXXW+rdkt1a7WVPA42FWHtMLWSVk24P4m1u3G3R9G3e19EzR8JeBJLfQtPYRCWSayV2Uj7q7eCuSeM/xdTnGBgE72meC7m4ljgkjOyaYKdpz5a7jlsNjgZzwB0AOOg6qJtRs7G0063S5S60+0SJ3+zTKzKY9oAGBkAYJ9umBgDGig10Sq9vqF1BPECwLRSKA+d2SpADDJzgHHHHU4yjVU/8Al7Tu7buzWsG9b2dle+m61Kq4asm2sPWi20r8j1+HWyVrq707NX039KTwFaWWnS2sYEkjqVQkEOH8sFjtwfywefU180/FDwZbWNppyj5GaW6ZwwJBkEbdyeccevbH+16evifxzYTmN7j7XHGAykqBnac4JI3e3XI4+UY54H4karqGr2GhyXyBXlvXBiRgoXhgQ7YBXJbdjJ7D5u5Fu7vOD+HZq7Scb6La1k36Ppa04eFT2sW6VSFlZqUHFK/K9vutfReqafK/C/w+k3hG5Z0Dsl3KF4AznIGd2chicBcYz2POM/U9Ent5mBh2EygFWXJxjgZO0kZzwR07ctn1L4cW8cWg3EMg8vN3K0akgAEbscA5OR3PTnPStDUraKWYySrHIjbVDEpktgjjjqO2WxxwD1rzvaTVSUviTdr39Lu2mzSTsmtL20Z6tSm3CFk7pW63bly3eis9n1f3vXyGLSTKq7UjyXUF13dAMnIx2weMAAgDpgV1ep6YRo00CImf7Omy+0An5SWAJBAy3JYj5sEgc5rqLK1t4JpDJbrHHjAb5cKTxnHQ5zu7cdSp69FeWkc+hXwhTe62twPMYggJ5bZPrt79Mgj0Azaryut1Zr8GvS97rfzuYqlK+iVlbRJ9Gr79Gmt7b2PmL4daSzwPuEYBvCu3Gd3zEdfw9xkgZBHP0nZ6FFEoaRSANmVCnC8ZwQTySM5wRx+APnHwv0pPsEnm7Q5vJGR5F+UYc5VcZzjOASTzyeK+ibfQpLuJfKZ1AXc0g3uhkQYAGB7MO+QOp6nolOyTt8VpNqy31b+53a+Tv0UE3dq/R21W7sru3nfs1d9Dl00lCdsbCNGBYFc5z024x1Oc4xn73QA1etPDto8sH2u4+zxOSGlL7vlJyMAdjwM5OCRwTjEl3o93A7Ey4YKoVSxGGI5IzzgEdCQRnoQc0/8As6SVFj+0FpUycZBVVx1G7164AOOuD20WqVkrNXtonvFr577a7p9B81mmpa72v2cdtVpZbaPW1j2vXr/wPZfDa60bR7mWfUF02dzN8q7phG4YSHgFQRkEnPIOT2/JvwpYyf2rq7BC0hmuHV/lwP3rE5GAQOSfXntX3pqNmv8AZ92C7SOLKfiIlQGCH74BIwMAcjJJ4yBXx/4Ltf8AS9alkCBVuJlC7stgu3vknggjHUDjJwfayelCM5Ny3bd+vwxXu797q23fY87PMXOWFbm+XlSjG2t17qd3fRX6t2tYsazZrJobSPb8o6Bdqgn5CckHndu3Ej6H3A2/BHw1utfFve3MdvBprAoZbp0RJJOPvAYZR2wOO5GCRXWzQ2TaS0Y8oIxA2t97dwflx16dxknOCBg15jd3upxIY4b26ht13gRwTSJG3IXJjBAwwGMKMAnoR1+ijTu+a9rWupR5kr2v6LZdr29T4/D4inGFqsnLmS68uq5W7NPV2UdV67om8beDtE0Wbah0+aYyOHW0lVgijjIZicnqeeSeOh3V5nBotndSFR8kYc8lU3ryMEAgDJA6d8kc5wdq6WRlErPJKxJBaQM+CTknBySepyOmBweMZLmRZUZHIAP3skAMR2GMkDrngjGRkV1xpU2tYJu63jqrqOuit569La9XwSxFTmbpTcLu6vLme0eq6W32d9dClqWj2lpNHGEicMuVygycjnqDgY65y2cDGOa8z02yie+1EGMErM4RWToQzcKeMDIUHt65IFeozyvLJDJIzEhWAZ+SCCV45PbnaSBgk5PFcJo4J1DUFYjJnk5Azj0x05OADnjI79RzVqcPb0oKNrzskktdElbtqr7772d0/VwVet9XrSnVfuqLTvtqk923fv5L5K42mxLj92gOBjIHzMQeDuGeeeeeCepzQdOjG5jEmRzgqBhjkEbWXPAOc49ga2mVQ2CMsFDAHOeOgHbHqO5JyCMGk2MynOASVIPYYXHA6jkc8YPfOMHojh4J3fxdUr33j1spK397pe5xVMbWTUlJ2ezbvd2jtbVNPpdvfYyU02Mq2Y0GTv3bc54zkcY4zgLxnC8fKCFksFRd+xcFV6cZ54JC8nGDu79sgkZ1wjDJJKjk7W9OMdsD16EdTx2e8aSDYCCSCd2W5K47k9+nYEDqOM7Ro07Ncqt0vytv4dNU/Pu7rqtDnlja/Wo7aW5Xr03V399/NWRzp09CoIUHbncAuepwuOpOecMcnIGMU1rCCMEqDvIGVAxg/wB0HvjvjgHd0wc7sibQcKgZlVQBuViw5BwOvTJOc55wMZqq2CTtUAgEN1GwjJIbOSDnGSOOBgHINJ4WmldJXdkvm46q609PPq2DxtbpJpaWV33jbduy/B2VjINnEoTC7ixGRuwQSByCcYA/pjI4JrPaxhiJAwBzgh2IwMcbSTjtkdcjPsN54VYZGQUxu9TnjLHGee2QSGBzxwKTAENkbTnaMZJ4b9G5BHXke+KxqUIRXNurdfeeyb+9tWe7utOi6qOMqSfx6rR3k768tl1vr6t/gcjqdqseo2qRu6iZF3AOwzu6HOSc4IO31+XHapNS00xJC4luEBjBBMzMxXOO7KAcHG3PXC9afq5aPULJuCgTGWyuc5AP3uME4xgE/L1HNaOozHbbIvKCNSAVGwAj16/r9D6eXGjFuutLRqLVve6iv6sr+p7s6840qDc5JyhZrm2d18WttrO+r31MayslyN090shJwPOduTxnk4H8OASCeGyOa0Y7OQu8RnuiV+Yf6Qw4I7fP1IPcg4JzVZJGRi67cjqPmUD3yOeTgg4IHU1ZjcsA5LElckKeRyeS2cnrnjnGecVccMktGrW33utFJ9HfXSy73a688sRW5tKrtdfaa/ls3uklJdddLO20tWPw5cyxSut5c4KKSqzudgwM5BcnOPmwvAbrjFcVr9hfadOkf226ZWTCBbiQZOOhG4AH0z0wBz96vQ7LUlhiSNgyvtwGRsqwByxbr1yOuT1ztPA5zxIq3Dx3AG88FuG2gHONoHA5A3HaSRx3zWNWlDlfLdWUWndt2dmnrsr776+Wr7KOKnKcYurJtuL5b6auKTXXS+/o9evnMk2oDaTfX4YAcC7lwGXsCXABG0deCeB1pkd7qcbg/wBp6kA2cEX03y7Qc5+fnJB9QCPStiWzZ97bZNqnOQpwSxJ5LAdPY5BLAkniqwtMPtEZIAIyVJ7jgZBJx1GecnvxXE6VRWbfVbSu3dpbL7K3TTVl0797rq+7TTf2k9uW2rfzT3bTTtql3XgTS9V16XUCdV1YpZ2rSkrfT/7RUYL5wT7cZGO9c3rN5q1lexxQ6xqYOx/n+2zCRNrMCu7dkAYwByOvOcV6h8My1hZ+IZUDtvtPLDKM7CwJXcMAZPOOnPpkCvKfE6H+0YuuWjcsCuNzZz6dDn6+3epr05KMNLXaWkm735VfVX1v3tt3Hh6zlUkoyk1a6Tdraxu1tpa6bvt+ORLrviEFRHrusEEHk6jcA8dB/rBhuRjPHPGAKb/b/iUqVHiDWsjjH9pXIAz6AueBjoMZ681nyJnC7Tu3FkwxXLEKMkEnkY4I554JAGI1hlDNuQsTnqSDkDhOCBj1Y85A44yM3Td93zNK3bZaW/FK17aX7aqtLmV5Oz0tfzS7d7LW/wBySNX/AISTxOFUDxBrg29M6jPlcAd9/fPBwDkdSDirVv4r8WoFCeI9bUklcjULgBc5bPEnOcY7n6kk1hbHIVioDKSMYz12/MB07Y56ew5qwkEhRSdxIPAA24zkgjGeO349egqeR6K72XWSbel7Lysn38rh7ZLVy0bbtzK9o8r739V067s6u18beNSoZPE2t7gTnOoznoSGA/eAHoCccg+uRXTQ+NPHaKJB4r15C/yki9l7D/f/AFPPTtgniLaEqy4C5XacD65PHAyQMnHX6dNtnbGFZMYyQOq98ngYA4J56cZzk13UqLcVJud7RuryemmrV072TXTz6HFWxU5NqDejXTS2mu176b2aa10ej3H+IvxBtyUi8Ya6vzgAi9lDe+4hwfTgfxDjHFPHxO+JKAbfGevYXJP+myk8qOg8wepJ4HGT15HLSoWRCQo55bAG4ngE5JBAyAehOMnnJEIg+bzC4Chsc7sEYxkbSOQexOD3HWj2Lcl707O7vfRO2/Rrtr9yJp4ibteUrJq+7091aqzsunRW6bHcy/FT4mtFMG8Yaw6BQXD3TPnB4+bJK7TngHJIAPTixD8YPiwLaB4/GOqoqqEXbMVdUUYAYq2Tjt6+/NchPHCNPfu/lE7h96Q5wTgYIGCOgA3MeM5xmWxdYIskgKQGB3H5SARnqGGMEfN14OSMVKpzU1FTmpKKtq9PhtdNvW2m3kru50+0nyOSdlpro1rZtNpvTe6vselD4y/FonzV8bavkk4bzjuyOe8nAxk4BPGOOeJk+OXxeizInjXVvNJwS0hOAMngljjcQDtPHf72a83ZNzMqp8mVO5SVU9MDABOSQc/eHqR0qRoGZV2ISM7uQDgAY6c/N2BXt1JAJrVUa0mm6lTT0t9lXd3q7d9LbK7OaOIcW012Wj7crT2V30t1Wj01PSl+P/xpLEv421UnaQcvnaCSAAxcrn5icAkg5PFIPj78ZoyCnjTUgGIGQQW59RuJzxwD6deleZsjBy2wbNoDDDFQwJOCeCc4Zh25HXukwHDR5Ks2SNowMcEEdwPlPJGc56bQX7GtG9qs12s9dbXWjsm2+7vpra5axEpSX8ve6urpb6terur3Xc9ai/aK+NEBCReLr0EszZZRkjoQSSTkgDOSOMgE8CtC2/aW+NICxJ4uunyclSBgN2JLDgDoMHjpxjA8N3nzi+PlIAyBkFuc4ABx2C8fMc45OTt6bAXnjEiAb2wW28Fcg7vu5UDOB64OelXShiHKKVeondbytp7qXzvp5NXs0ne6uIUFe3S6Vk0turvon591dpH0jp/7RnxpaNIpvETzqFDsrIgO7GcckhgOeDg4O7GGOdb/AIad+MMJRZNQgkjjG0iSNQCpOTnt83XB7ZxgivGkjRQTGNoRVUgK2WwMtj5QTweB36YOQCrWzOpMhKgEEKUzlRnB6E46fLzzjnrXXToVrKXtat371+be1mldu9k9lFatO17WPHlnFSNRJKFk0tEraOLV3dvaLu9t1e+p6Fr/AO038QZLVDd2umSETqC5i+Y/8BIHB6YYjqOpya6jSf2lPHsdtC40nRJI2AKh4lBA2jaxI9Dg5ztOWG3rj5V8WKyHYuQC0bkbcLnP3sj2JOOOOBnpXR6RORa26vkkw8jAC7eADwN2QSOTz2wAM1jRjV9vUpupUbSjs7Ozt5Ld2tutt7K3ZiMwqwwtGrGMG56axvHTl2v7qd73ur/dY+mF/aj8fQzAS6DoDtz8zRkYHXHyjLDqCBng4PGDT/8AhqvxkcGTwt4eYB+WEZDFR6gDB74yQcjpk4PzmZPNAZsEb8b1B4G45XnPQcsenIGQKryrGxVWUk7CTjcSRk4PIBz3OQc5zkhhXU6dVJJVqqa/vW091ddV26L1S08tZtiLu8KTba3gr6uKT225fRbvT4T6ij/au8UDynk8G+H1YbgGEYJKnGBypGQSMNg8HGcnAtxftW6w8aSTeCdGll35ztHQdlOBxgY4PJ56dflFdqmNvl6cgn06cKAc8gAjH0pGKEo3JB3LtGRgjox4H/fXYc89iKr2Sdeq+qTlq0lFXtZbt2+XqS83rKyVOktrtwjq/d1u+i6LXTddT7Bh/a1vypL+A9DLhwQQoxtAGSTt4zgc5B4yMnirA/aybbJI3w70ORiRuZwCMnALA4BB+hz0Gc5r4yQhQ7g55PHOOSF7EjHQDB5xweRmQyN92NVOV4GSBkDOSCDnp0z3xwRzaVW+lerZNNpSvvo9nfv5kTzXEcrfJR1S1dODX4JdnfvFrXQ+w5P2qrWVQZPhpowl3ZMy8E89Qyc98dRngc5qb/hqOylhaSb4e6c7cffYYUjHyqSecgYPTkk5ORXxwu9QhTBIB3K33cZxnsDzk5zzzzwRUJuZEkA+Urljgnjaufm5OByG5GSeCoA5M1fbytfEVUtL66fZb5lu7K/RvRO+g8NmtSbcZUcPLRO7prT4b6dOul9LM+vta/al0saTLAPhtoolmjxvMUThSG2neSp4A4BIyST64qt4Y/aZ8MCxgjm8AWIKszGRILfiQMWwhKrlOOhJGMg18b61cGWIxq33kzyDwC2SQeM4xnBJGDyc4q34djT+z1Drvw7EKoHABODj5skY5Bwc8AYAzy0oyni+V1ajbju21ZpxvrdpPp5b90/XqZjVp4NzlRo3ukoqCSXwu9rvXbXe/ZJH3/J+1N4bngjJ8JWtukZX92tnbuZBwPmOwqufQHJznPYUJv2o/DUkomj8J2yRxja8RsLYq6sVxkbdxGR2zjPOBxXxpcD91hAR8gGRtABJGBjgE56c4KjsSahDoFQYZWwckqMEcZyxADZPzYx/EenzGvSVGqrR+sVLKySvf+W+rb0v56njf2zKT97D0OmvKvisuq0te+t1orPz+5D+0j4QuGtmn8H20cajcUNlaMkhyAQcoSqg/KMY4IHJIJp3/wC0D4GukSODwdbW0hl3NIlrbbti9iAmMdsEkj0BxXxmt0ZG4Hyx7VDfTPTPRgRkY4wM5AJpsvmSoWDbQrEbuFBBOMHnJOByRnG3J7molh52bjXqNtp3u3ouVW0fVJ+9r0LhnEudXw+H5brRw12Sb12dku1u66/Ysf7QHgmBbkS+EbW5kkxsd7S3TbyQBlQDgn5SAB1Xg4WrVv8AHzwVIQ0ngq0mXGwr5FuMcEE565B67hyD1zwPjOCKSSQKkijdhQWIJbuWORwSSBjoc8c8mcW6wmTdc4kAwAOBgHBBx8uQBgkKeeSTnjP2VZT1rVE4pac0veulq9bN3TWsn1V1d33/ALV5UnLC0LN3V6emlurbW681skk9X9mW/wAcfBsDlf8AhB7EwTMx+a2tSyqegGAMfi3+1j+9pS/HTwT9naJfAdkrIQYpDBbqCOM8ADAJJPGMg8eo+GTdNG2UmZvJ4IDEIQD7ncRntzk4HTmnrrCG8iSV2kJiY7FLFASRtwD23HnJPOSGI5rOftleP1iok2m05NXV0klqlZtPW6fVdzaOPhO04YWhole9OL001SfTS62bXc+17n45eB3iWNvBdsCEYSOlvAQAR8/OCrtggY4wM8HFeUaT8Xfhvea5PbWvgtA/2hiQ0MGCTnJc7QQOuMEDjBr58utQkLARuxBLOQOF6Nwcj8h6d88VyHhR5D4jmkZiFeeRXK55z91Tz3A4zyO/QY5HQdWtRjKdS8ny7vR+7re/yb6s6KWbunRqzWHoxjBXbVJK7fLe/XbTRWuvS/2r8Q0I+E8OxwwllUqNnQFhjkDGfcA8ZwMYA+FZra6Esg8vBV8jAVlXON3zHOQActnjrjnFfePjaOT/AIVXYIwIO7KIQTkhhhWPAGc8be5454HxRqFrdRXDoUIDuGZS5yBw3sR6Z6d8HArjxDu6bejtHV21do218/JP7keg53krpWlZtJbX1Vnr1620vbbRY1rDdNNGZsBNwAO1Tu6DOFBIX5uTjjn6197/ALP8sreE9RWNiskEN8yHaMMvkHgdQCNwJHABwDk5B+FbaCZ54/LDPllO1WYgYJyxABByMHrjBIz0z9z/AABZl8M6xHHuEgS7BYrkKGjbg9wNwHT8RRhferxvK8Ywd7Wvf3ejer2V3bTTTY1WlOT5bNtPff4Un021tt+Ovx3rsry6rqDvICBf3JZCcAEzPznqwJBGDwAcdxnlbhXdyyIxIJPfB9zkc4z83OTgemK7nW9Pmj1fUSYvML312CpjbLN57MrAgc5JzycjnrmualtLm3fJRlV8oFCk7Sx+YMNuPnzjae/oRmoqQcpSaTtzPW0mnr66X0va3yOXns0rJOTttZ30012v17fl73+y/HK/xEsYZSu12gdlU8BBIDzjHPAB6gnP47P7SMyH4neIIk+Xy9qLgs3OwcMBggKOuecjkgZrE/ZrBi+IVmHUo4eJSxO0t+9545PPTuCD1xW18e4jL8TfEMsaHPmrkuC+47BgAnIHJz0OTzk54a5lTUnre/u+d0krPVdXfve+iR3ycvqyiocqbvqtlddHq/TU+dJoyUVYwu8ZYscg4GeoI5weM8c4OCODqeFww1rTfM2s322HKbCCV3Y+/jHbcCccZwc8VoSaRePCjCJ0XnCiP15yScDrljz35A5NLptlPYatYvKCw+1W+DkdAw3H5SDknOd2cj3qlGVru3K3HTRXV42aTSd7cu6767t8lOa57WfRNJ2vortJNXeyVvd6q61Pqz43xMPh74Snfy0tnuXVNh+c/uySD3VR14/vdfT5FFxBCTsaUkE4KsTlcZGc8nqOvuRg5r7c+PdtZN8JfCktvGU8y5jMcgJKZEILggj+8eTx8vBBwa+F3V4kH3GOTkq33snPqCR7nPAx0IxhjGnUjZ/Yg9L2V7aaaa73620Olc3vXWq1TfrHRbafaXV2STLUd5DJJBhZvNEsZLA/7Y7ZP3R1OOnTPSvrv4g2zt8EdOnjLJGDESWJwxBUH5QMHJz1wB2zzj5Dt7YCSCViwdp4gVVQRw44+UkHggjk+o7FvvHxxYW0/wAAdKkP7oSSQIxyQy4A27QeMnA+Xgd/auWUuWLVraq7+SVtG1d9vv3udeGpuald8js3a67RknbS173et7eZ+fkkUewMVUsCw4YoTnPGAAcsTwvOMcE5GKQiIBkw+RuwhfAIxyOp6fdPbv1ANelf8I7pjoZWkORlgjuqZKnBY9ck+3+JNXUdP0iwthO/lhpQVjRZcyKxUkk7j1IG7PAHzdQM0U6qSWkmnpbXurOy+Gz7rfrq2ZuhZ3cno1ZJJ3d4q+z2d1re68kz6r+HsiD4MaisqAFtOuQcMN3TA46jjIYZ6Hpxmvkye3kYb1chyzKy7ypCgnjDEYBGDjI4Ge9fWnhAWlv8D7y6b5onhlTfk/JnO0fLzjPOScc8jOMfLb6hoXn/AL4zLhD5mGIzyfu8j5ME8nBHc569OIruMKdotxcFba8fhWm+tt7LTXre2nJFpXlytJK/neKWzv0Xla6u9EsQAJPZhQ4/0mMOQ3yZ3DPXGSOfmBOR0zivt/xXLE3wEuYoVyjTWxZ4gMeZhQfxJPJA5xuGeCfh+71PRBJa/Ypy7m5AlGXK4DggY7fL8p757dBX2dq89ufgJdXjo6wGWJlCFvLBBUYIJI56+v4YC5YapzU60mrPlS6aaLzSd9tNn07JJx0jZpre60SjHs7Wd2uuqvZWPkW3jmtZA5LMvlj5towwwOB0z1IP8XT1xVu5kmBR5Um2hoiqheMhhtPTGDwODhRkZFRW17aySI/lyzROgCrHuwGz8o+Ydz0GSR145NXtU1MwCOCS0mjLBNhdt+wA5BIBIODjIPHfoa872snNSSSjdW0d73T112WmnfpdijHVWbu3pdvTr6pbb76LVn1n4iMqfs9W9uJAWlvo5YxsBYA44HXvyRu3Z4J9Pjm30+64aGKd7ht4KovyHoTycqM9cAgkk4PQV9W+J7y4j/ZxtbvzWWc30e3AXhW2gbW4IC544PUjNfKXh/xJeo5ikVZWO6Rnnl2MMrxtIBGO+AWYjPA4rqzCrOU6fLZWpRjs276Xduu7vtf8TpjCEnFPtK1lq1dP7K3vff8A4JDaWU9tqcIuIJyzupw6suCH78YPf8cAjPI+/PG1stz8BI2idQqtbIUKnAbaucjGCpBPOOOnGK+Do9bu7u/hE5AXd+6G/GPnzgsfmOTgqCOckjHb7b8fy3Sfs+GSOdo9kNm5CMFAZsjjBB59cH7pzk4NZUpTdCsm1eyasr3d10evqtLXvotCqSiptRVlrd21+zf5dV1evRXPieXSmjQp55ClgCQrMF6nAOz5uT1z1yOckVpeHbFbPXtNlEysglG35CrM7YJ7dRkH8Rkd685bXdQEXledJ1BDEjuAw65wM54PGTxk4J6bwVq1xf69p0VzI7kXSNGFGMMjKCCRzjnJByfQ8CvMpRrymryi3dJLpa8XfVrzd7K+ut7MqKipRUb3XLZ6LW601dnffa3Xsj7p/aJtrq/8FfDweazulrnYYhuceQpzknGCPlGMYI5Pp8dpokknlzPcgJGWVgATywPB+UgjJxgcjIHAOa+v/wBrK6uLTwD8NpI5Xid7YgvE+wt/oowCBjBPAYkAd+2B+e6avqStEfttwEdslfMIIznOFySeMADnGAMk5ztW53Jq8eiv31itX11Wybu7LtfWs48ybTjJRp7vuo9N9276bbdbfUnwVtxZeNrO3W5Xe1ykhIXOVJARSeTyxPzE/Lkbdp4rvP2kdO0tviTdfbrtYpf7Ps3CxkkupjQkMOcdOw4yB0yT5H+zjdPP47tJHd5ZRMkQWX51wWyZMkcEZHPJB6ADr1n7Zcktp8WHEbKgk0iwYrGQo+VIs4wARkAk5Az975sHOlpfVUoyTXPfS+jvFJq993366XWrFzJrma50+i9db9G0/mkmrHALpvhVLWd31GRyVB2t8xBbnGAccDoMjpz13H6t/ZkTTlnuYrSWV0lsrxmZge0TAAnuNoJO08DjJPFfnZHeXMkUpLuhABAU/M4B4B5wc9eOT0246/fH7IskzzZKHcbG/A3bTlRDJufDdzxnqBtJx3GOCjJVJe8rqL0fWzjdLpu3s7NNW1shTnGXJHka3d9bJpq2jemrs+u1tHp5J4n1Lw+niDVLSe4VSuo33mDcxw3nNhiTweuMZJG7J5FZxufDGYGLhvm+Ty3csWyMZDHOOQcnoDhu9eZ+O52j8ZeITlSW1a/Xy2U5yLhlLDA6DGeMcgbc44khUmO0+UDIUttXoRgD3z2yCOSemawmpcz1bcXor62bi16WTdrt2bve10qjTi6bSbjZWavZtrk2urJe7o9931bPrj4ZslxqunJGGZZr5I0UgFmWQbETceeDhlBIYdB3r9qNB8ZeHdD+Gej6Nd65Jo2uaVZXAlWK9hg8tthMDyozqXQEKD1YgFh2A/D/AOEN19n1fQYwxy2qwHexIwVKgEjdkDcBx2wPY19l/E7w/ofiO8uru91W/sr2QwRMlsZDEEVPv4HJYjjCgAHqc4J6sHhFia7hJXfs07Pla3jbW177K7u2m0tjf6zPBYN1ITatJRbtdpaXt3eiu1vr0K2r/FfxtJqupfZviLZRuJbjDqyiORDIdgYg5lwn97tyccY+kfgr4m8N3WjG78Y/tH+GNC1u9cj7Lc6fPcqiAnIYBHQBSV27eGGM4avjcfCHwl9mhnl1a7MbxljKYT5jj+LcT0JJ5ORz2xVi1+EfgWzNu0/iG5hjdizlrdFbacHCbyMjjnDE5KnBOceusjqTim0pKLVouUVZe7d2Tfmru+76Hmwz6am2605OVvsta3V3pZvtd7vXXVn6o2+rfDTVLEae37VOgXhVszadBZzwwyLGD87RPHsYMT8q7cKMccV7v+zv8Av2S/iIdY1L4l/tLaLBqsWrI9tpcFtaQW95bDnzJJrnZECB8oIbaN2R6L+QfhzQ/wBnSx8F3NtqFh4w1jx9aeIIllurWWCCxuNEkYghtsgKELwCB0PJHWvZPgvf/svRePrvQ/iJ8OvGM3g7zoFjuNN1eVdRhhMbFoFjWUeYZnIG/PygfKeteficunRlzrqklGLu2lZaLXVX32v3ur+nh83niGqU3ZNauTaS0Vn5O7d33Ttpv+713+y9/wAE17SeK/v/AI26Fb3NrPutpRr8LxvMACcpazMEyRu2AAY4xnmua1bw7/wTy0S7ilsfjF4U1ZrCcyiZ766mWKRCMYCsckbSCCevP92vgn4c6/8A8EodP12fQPEXgT4nR3eo6pcpBDrd/L5VtCEkEbRtFM7M5YxlQ+AcEEZIr8xfih4W8KaX4j+JOr+F5rvQfAVt4ivG8K295EZpZdIaUm2LyjO53BGN5BPrkVjhKEp1nUqxqQsnpNJJ25U7XSt030WnYrE4urCmlRlTkmrOUdZXTj1dlzJ7bWVrXbV/6APE/jn9hlWlh/4Wfp7Rz7GkWya7NtlePMTCnBzznnp3IFeIax4v/wCCf1tLNJJ4vtZpZm2yXJS9QSLyqkBUCk4HLADLHPrX4T6deaFqtqf7Pg1O4mjsZZY7iEF4JZok8xtyq3yA43EMORwRjmvTPEng3w5P4C8B69pJ1R/Gmt2WoXepW95av9ghs7T5UMEYGC5BCghc8EbsV61KjQg9J0kn/M7yf2utlKzblpvfpqeX9Yxsmr80m7LdbXUnrp0fRXbb9D9QtW+L37AOnTxRxeIBcSoWWNYY72RTjOBtMQUgEZCkEeu7vjn9on9hy1mWO31TUjdFxuFrp8sZIzxu2Rbmxyck7sEHGcV+OWteFtQkl0tItBvba4ni3Qu1oYFvZGzhozIiuBuBbcO3IBIWsHUPC2u2s9rcW2l6jaXImS3mLIrmS5ZguFHBCZwOnbGDTlKne6lB6JaOy0a0s3ulbVNWS0v1qFbFSbTg9JWTaerXLZX01+aemquftDd/tO/sQ29wwOq+I0uY1ZmZbB7lW46MsseMZALFQMDnHHNC1/aa/ZV8R63pfgrwnd+JNT1jxDfWsen2b6RCmnS3LSKFjuC8edmfvqcZxyeBX5geM/hteaXpWj6npcMFnc/Z44NXGoYaae7dFeRoAOHUhgMIMZGPY/Uf7KvgqK9+IHhzVL3QrK1s/D9m2pHXbiwlVZryJQYVjlaPYWEgAVhz93sM1hWqUIpvnpx926cU7y2uk7q7uuVt6Pps2dtCeOlKKcZNR5W007PWN9er2Wuj19H9Za/4/wDFngPxprBT4s63oC23mLp2i+H5XtrRbeCHcumvbhlhiXf8j4ABJz04rpfg7+2H+0xoHiTVdTsDrGs+HpdOvH0+91vUWljt5bWFpX8kRSs4ZwpVcZBPGMAZ4/4geHLPxJqni6bVdc8N6XNctPfl7mxmklWF4NqNbywxM5YkfOAR1BHHFc54L09rPwLb2PhOz1jxI9jFqcl1d6Yt35M0s0LxIxWQBliJO0RrlcA8bhk5UYU3DmjKMpb2bXNNaJ+7q/dvfRJ6paHXUliG+WVF8jirtXV37rcdLy0drrSzdtNTu/EX/BRX45eM3h0/XPhjLqs13cPEsn9pXVu81orGNphtYZV8ZyRlRx0JA8d8Sftb+L5NZ0zQ2+BOhxrezRQwSXNnNPdXEjyqqwpc+WxkdpCc/kflJrKj+HHjzWvC1pc2vgLxdaa3C97Eb+3e8yPMLEEKwQxquQdq8ZPHT5uf8Y6d8V/DNj8P9EXQPEY8QeGpv7eI/s+S5ury0V9/7ycxliBwCpLYAKgYwa6Pq1opuyi9YrkVnG+1vi5t2reW25y06tWlJeyTi1rzWlrHorLVNteTfNqdX4h/bH+IHgHUrnR7n4GeE9M1CzZJhLJYxBomlQeQDlB5kjF13KORySTzXknxL+Pn7W+n6JpHxUi8HN4a0/xjJJZ6dJpukwG2jELlTJGsSF8uehcLuB3ZwOcXxX4d+K/xkubnVta8HeKINUk1NXSa1sbtEEKkKrMrxqC+ACQMjPT5a+wB/wALih8D+BfBHivwJqUXhnSYTFbPqO/N5cSyLHBOrMpETjIdk+V+vXAJ5Xhle/s1NKSatBXvZaa6pXtrZqz0V9DthXxNRa1qi+F3fNray1V3u09bNNLr0/MrxF49/a78WW8Wp3d94i+ytIS01r/oixh2+Zf3ZQKWySQxGCcAcc+fajL+0SsF3cPqHi5rW2Tzrq4+0zOAmMkuQ2FVRxuJIPJJBr9gNe+HVzNomoeGplOmqGs7yWGGeQ3N47FMwQ7MtuZiRgfeIwBjNSD4dDTPBmo6TdeFPEUNzqEE1uS9rM8i26wuIjKCrEJL1ySGGVJ3ctSU6UZxi4ODbs3JRjquVtLRK2i1+V7odbDYyrFP2s6lNJNvmdk9+VWa1dlpsn2dkfjN4a8b/FwX9k9t4n8QJOSRAZ5ZXXOSMplyvBUgnb1Gdw6j1xfi58e9GSaZ/HGsSQvIIis9j5kasQRtBZWxjsc9PcZr2S3+Hd34fsr3xHN4T1hLfTLySxggmtXIkeVioliYKcqhIBI4Vl5GRx6lp/wv+I/i7wRYww/DPVYrO/vHP9tRQNKbqDJVGjDKRmEsA75wpzzkHHbCTgvckr2VlG9+WyV9Hu+jeq1dk9uOGHxMldqaUbPXm0Stdvp7yu1zbW6HgXgn9pT4+x63p+mX+tadc2kUnnifUNGtzEY9xCpK/lk45+bcQD0O019EaH8fviu3iO8a58L+CdS094wJpm0kW0MqkHJSWCNWSQnBVuFJORnJxkWv7Dv7Ql7q9jp+iWS3Vq8IudSiikgmu7HTGlUtLdxpIXQqmSVHzZypB6n62h/Ya8ceHNT0yzfxgkmkanZW5nght5Xk89guyB8gGOXJKgtgFiMYGKzqKrB88qjSjaXLJpv3rKPW0o3td7rRNI7aKqO0JKV/dSd9deVJ+69V3ejT5U7p3Pp39n34X/BH9o3Qfsk8t94T8dx2xub/AEywvbsFcciaySZgssGcHbGmVU4GMYPC/Ff4J/Dr4Nz3dl8Tz4vk0G8luF0nXoZHmjuJkIEUSrN8m5ULbgnOf+Ak7Hhb9k/45eFPGXh3U/CHiO68P32hqLq3mkiYmVYcyC2uXh3b4ZlQgrJwVLFuAazvjT8YvFv7TOq6V8Ivj8ieCtA8K6zcwabrnh+1iWbUdUidImMqrtkEcxActjA3cnGa4amNquUYSqQUb3d4xvotE9U2m1yrmd9Nu/VGi6V7KU46X5pXcXpdXVmndu/M2+1zyn/hRfwP8QaB9v8Ah58XNNeO8DvD4e8WuljcNdlQVQycFZN5wuSFPGCcZrxbxJ+y18V/DehLrd34Ivdb06WVja3/AIfvI9Ss5rd2IMirbu7DcpBAbIwQCRwD9fTfsRfB7WJm0/R/Hmp3WVj84+bFFcWkgC/vlWSRWweDxjI6cthvdvhP8Kfiz8BNRln8HfEK2+Ing77LLpsXg/UJxe3IknicCVIy0ixTRsBtHBbaATjBNzp0pwjUcYKLWso7uXu3duiSVlFtW30uZSlKMmoTd0nG0rq70leLs1ZJP3baao/GrTfhF8QoriTVdK0LUrKxgaSKY39pNHLDIFDMHbA28kkYI4x7Ee2/DHwR8bNe026stP8AiAfD+n2tw8sCXepyrC8sZG6OOCWUrz0xgHOehzX6cfs1tD4m8T+MV+Kuk+ILPU9K1LVZrCLV7MWmgajOZC0FiyuqxTJAdykoCWUZ4xX2D8Rh+zD4k0zwd4X1bw34Yt57neutQeD7OS2vrScDDvdT2ka/OWAIAbLcls5w0wwFGs5z5koq1ldWs+Vbp3ur3flttcqOOVC0HGo203ZLmi/hV009Hq0ku2jsfjJD4K+PfhmKS6l8cW2v2ts++S1Fx58QkmAUMH3NErgYOFIO4djmvw4+PdndyfHbxTDeqJL+fV1N5Gy8PKwUkk85zyy+xyOTg/1x6j+zt+ztpWieJr/wZ8ZdT0q+uZHFp4Y12QfZ5ZFLMIITeusjSIgCqyAtkggHiv5MP2grhYf2jvG1tDdLJ9g12SJbtyf3vknYXJbGR8pweSR7EVUIwhPlg07KC5k73cXbR6b20eiaVntYwxdZ1aabVtYtJpNu7Su77Nqyeum22iq+NNE0hvDSOLC2tZAiCORBsdpVwrksBllO0DknnJ+njlrYB54beVFICKdwJYkkjH3RnI28DPUcivonXYLW/wBDSORoLpvLjZSJFEjs2GIHQc54IAyec5zjT+CvgCy1PVtVutZt9sVpH+6WQCaNWYZUkncM46dMA46mt5ucYtrXre2isk9Va217a9TyoazSet2rXu49G9lZ/D3d9ddkeE3OjvYoZLoOFWLfFtLdz8oPYDpn8AQMkDPtYokjmadIJ8nMa7cgZAKjAAIJPfGScAY4r7R+IXgKztvCmqX0JWVFiys6wqDFhiAig/wn1A5U4/u18p6ZpsMc9srlJd6M5iZDliflUgYJJxzknjODwMjzPazacdUrPe7vdpRTb+JKzbs3Z72sepTcVy8tO6kr3TXWyV1q5Nd7O10vT6b+EqxxfDzxk0UEUUstoEAjTqfLOAOOScAk8kk+lfAXxKuNSn8W3UIZmkeOKNBGCGbaB8u04Hy/ocH3r9FfhlEkfg/xRtDhYyh2lcLhVO7Ix0BGMAD0r411u0t4/GK6hdR27hvtMuZRvCj7QdrMMEAAEAA5wQT2xXgxqyeLqNXdtF6xtre26bd9LLWzs7P3a8GsHS0stG0r/wB37nbS9ttH1Ivgt4R8QW3j/wAJ6rJbKkCXDktId8iq0Q+ZgOAxz0Az90AHANUfGHhPUtU8ZeJikTySyaxeeWNmGG6V8ZDHpjue3B4HH0L8KNYhHj7w7ZxeRLFJeB2IyUJK9iSMgKQCv3cngBsAcT4r1G5h+I3iO5tVUxR61qEbFmIjB85jxjA4AwM8ZAXpXfCvVdN8+iTTWrurcqve97W36afI43haU1COjldXa73Su7t6WeunTXzp/B7wlPoXjXR5CitO9vfoyMmCreRJkk/KDzkZzj8OB4h4l8PXd/r+vTqUZBqd6m9kICSmZj8nOfQY6ccn5jX1b8ML+91L4k+HI5Yo3N0NTWEuQIx5dnJKzMwKjOxTnOcbSzHkY+etUnuj4s1qEmMWia7fmY7/AJGCzlVKjO3YefXjsM8cU8fzRmlUi6lPSUE7yS93l5l05r31e6dut+qngoQUY8rUW1bXyVlpZLfbWy1T1Paf2Y/CGrw+Jby4vEZbeXw9qaRsyjyz/o82HCY6E5AxjOSckYr5f8Q+HbuLV9RkKyMp1G8O5cLyJ2XjPPb+EjqQe9foj8B7vSzrTW7TxrKPDt6Y1jlzGf8AR5OM8YJ79STxn1+OvFM6W2saqJNpEl7dtDtJZVHnHBXG4ZAwWPqO5GT2UcTUrYanK2idn/ijytdXorWvto9TLEYeNOo43dkk9VotEld6b2ae1/mz0b4GafCPA3xPgvULzNoriNQxB/1ZAzuHUKST1IPQ818cS+HpjI04aNgpkYRqpIADt1x0IwRktzk9eBX6BfASSybwj8SDJFBczTaJKTuwDCvl8tzzjOc4HXpk5FfImqgxalstoUhgkLK+4/I43Hcc8ZBJxg49h1zpGrOKin8Keja01t12etr63XXcxWHpzs0rNJJ9bO0bPa3m3aW/nY9i8PRXC/s2+KwCkccmogFGGG2kjPllRhl7DpxgnGc18uaf4SvNVR/s0UrB1xGMAbjg4Vc7Rt+p7jjvX2do0LD9mvxhcOqvt1ArBEEyoIIHynBPODgk+24gZr5X8Ga9rUEjRWkCO8RDush3rGoB3Y3cjapAyp5AIGDybk6iipxcfe1s3tpFLXfXW3bTRW0iVKKnGM02nGy0veyi91te7dnbRdNGvUviZ4d1Gy+C/wANrF42WS2vtRMkW3kM5XAYjKk8c5+974r590zwfeahFdzsDFHboxHmrlWbkbQRjBHuMjjNfaHxWF3qXwO8CXKJi6l1G6aYIxBHzfMpxyDlRtXoBj2r5NEGv28QWFZooblyqgOSX4IAGTgDuRz1zx3qvVcOVznFP2cP/SVGKte99k1sn+HLChGU37rtezas3y381fV77pXuezfGDTrq2+Cnwrg8uTeqXCvIE+U9TkFQxIOQQCBjOOSStfMNtYalqAMUNpNL5StnyUJc4IJ+Vjnn1HYhc5zX3h8XdJubz4GfB+0hikW/KTyTOxHLLgEscDg4xgcAggjIIrjPhh4fOkWt7PqmnxXU9xbzyLMuN0SqjDaAc4Jzj+EchuO3mYvOI0YKSScrQVtk3dJX1tdO+2i321PUw2TyrVoxvJQcItyabVuzstH1d+u9zj/ito11c/Dv4VRRxTrcrpFwJIZNxMbZIK88EnHAHAAORxmvF9M8DX6zW17ewXEVoZI5TJJGSGMbqdoIB2r7fzJyPrH46XR0vwf8Kb2G1ldWgvJWhPAdVcnDkY4PGcZHbA7efz+Lbi98Kxi10yeBpgrNMoDxrtZSQrY4BBwNoGCuOOtZV8wxHPScI80akKcpXWykou3a2rsur83c3p5bh2pc8n7SCb5V1s0t3dW1urau17aNOv8AtJWM97rXg8A+UqeD9OCCNW+ZVVVG8Ajk49xkHk4FeJeH/Dd4NSs7hGLL9ot2byV5C+aoJJxgnPbJ59e30L+0ML2bU/Bb2YDSr4I05pwVKhtwUMAwwAMDODznnA6HyTwjFq8V3bObWQWUl3beZIXYgESjcIzkA8n5ec9m64PXVxEkou6XNGN73vdJW9HbmXbtY5aWHXO7xbtL3ZW00aSsmrdNt09le9/Xv2lNOutV8TeFLcb42j8JWSRIQFb5VC54GQCSevt0ANeXeBvBN7b+I9Kup3DrHeWbyIVIcssygIMg5Py43LuGV4Net/tXzXVhrvheSyaeOaXwtYvv3DcIwBhVJJx90d8kHn0HlfwVvtZ8QeM9I02e9uZYkurWdQSpO1Jldtx4yDg4GPp6lSr1FCM4SUV7rvq23olre12k437bPXTalQoTlJTf7y7SsrptPTorbb63206+zftZ+Gp9Q+I9sYFSFl8MaazJID8oEKYJ4z2xgZHXOOtcL+z14Q1G0+J3hWa9McUa3Rdcjd5ilMYOzGTyOCSehPBFetfti6m9n8UYEtEdPK8M6YZA74DbYo88BckE8DoDn0Fcb+zr4ik1D4i+GxNEr7Lp1iUFnVSIxksMYOAGxzg4B6AY6IV5wiqkpLlVpdG2tNnftprqrWfukU8FSlViotqSsuyumle/dK6fyVrNs4L436ZM3xV8ZtGpKm+4VUJUqFOVDE8ZJJJwDgcA5NegfsmaHNN8VIHkR42/si+BUR8AeW6gBsAbvmBABB4J6cDN+JcU2ofErxg8jxmM6o/ls/yAsjHCYBJICnDBtxwDkdq9l/ZrE9j8QzK1vI8KaVcAtEAsakxSFTuAyRuYjd09hgYzpY9zrQgk2pST11u9NHp2Xy8nqW8FCnTlO3MouzT6v3d9Ho1qk/O3U+NPGugahceOvFdvFHI0g1686cDZ57bmIOFzjJ4JNfQ/7KvhSaH4r2MkoIiXTL9QrqfmYQSZIwMZBwPp6454S/1WIfEnxhHcWjytdaxeRIN3MRM5G/qMBRliecYB55x9I/AK4sdP+K9jFJ57+TpF+6KFyHP2eVyhPRsjGDnsORnjD+0JQx0KXJZ87fM09HdWTurLV9L+h0UsvhLDyryVrXvzaSbunpta93tfzPjfxjossXjjxWy/Lu1zUVTcMq2ZzhOmcdeRxnjjdz9Qfsm6S1r4j8UNMGWd/CeqqCsXJ3QMyj5cjPOffBJIIxXzh4m1SHUvGfip080lfEGoyIjE7lVbgjnJA445JyfY8D6f/Zf1sp4l1/ayRu/hrUQsL/MzqsLgHJyRnBzggYPTBrWNSVXE8krRTn3d7S5b73e70tr+bhYaPsXKN9NVZO+vKr9U7X2uk36HyXdaekuu6tCHfMd/eNISpBwJycAYyDj7wBGeDycA/Yv7MttIJvHqjKIPB18Qzr+7I8hscnoSM457Y6ivkXU5rceItVkBdJJNSuVIXd8u6Zi2OgGRzk+uG6cfaf7PMsinxzFGfLVvA9/MyshbIWHG4nA5IJJPQcnnmqcb1oxVnrJK8tXql/wb7pd+rp4WNPDzk7uSaaae9pKzau9Pe/O600+IL2yjW/uVkEjSC7ncYXO4GZvmyRjOCMDv1AGMD66+CCxW3w7+LbRrM0s3hqRQASBho+AT8vbGSANw9d2B8wWU8J1a4WdlMjyXBDEFuPOfYMYx68HB6Ec4r7G+C0UVv8KPjBJKiMBorx7mVhKilflxgHg4UH5hkcHgcjvGahGPM23fySa5vJ/09rijRSTnfltfa3lo9ftX9E9b7n53yO8cxOELeYVBP8O6QnlsYbJ7ngZB6c19cfD5bcfBX4kZ2s0ptUZUJG1mOSSBjkADPTrg55B+TJ41e5kjSPLvJkbScjMhzz6kksecevGcfWfw8ja1+CfxM80AE/ZGIxllVs4PXgE5GeR1wOSKzlNqUbJ6td329X3VtbdXszOEG4yi1de6+bpfTolrutbP5JtHx/LJah2lwUeMgKoJ3MoIUHP3csRyAQTnGAev2n+zJC914X+LJhbYR4XuWzICxZWib5TlQMk9Bz/tZwM/EU8gN2yuECg5HcHgnlRjOcng44OSMDNfcX7Lkjf8In8WCs4Tb4emBBGN6bG+VWGPlcYA6dRkZrgru7Sab1Tula7vFWu73u136PeyPQoU5yjZNQdnzPreLS0u3q0umnZPU+ZNK07F4k8wYg3JRQBk5WcEnJHQHJ56AnGAQK/dXxF4F0rxf8IvgXJrt/aafpEFuiXl9fRo6WsDW4UsA/O75sKSNvA5yK/ELTr8x3CwYiZ3nldckkgmbhR15wBnOFB9Oa/ey7tE1b9mLwU+oWMbxQaJphTzWZEcSTeXIwA5KlO4JcA8DIr4fjerXoZPOtTqTpuLXvRupJO12nfdqSaVr7aLU9fK4c2LpQmlJSlrzKzdtXqlbl6v3btWvrqvmvwD8PfgzrfjCz8OwX0jW+g6lqEF5qccH2iPW5iXeBIIERsKmQTkFSAem0EcR8XbODwb+0d8PZvDccslhbR2n2JmhSCSVPtTRyIFIUAbQRnHGOCAcD9GPgV4J8I6Mvi+5sNG0CynSz0q6s7uWL5ojNGgla3eRQ7yA4LtuGQfmPUV84ftNeFYrz9pH4G6fbSws+oQWshuIrdo4pjLckkhVUY2jI45J5z1r8OyzP6NfHVcPPF16k6eErxnTq1E5Plpxbk7N2d/usj7iOFqU5R5aMYwc4SU4JJXdkk77NWu9NHudv4r8a2cyus+lGSznSOa+tnWN384y4aQvjcQOVxz/dOOh43x9L4MufFvhnXtO0WO6MGm2sNw15YW5tUkfCN5kYTLBOVDAMTjPPBP2KPh3p95d6tp0um6cGsbaKGWeaB1MxaXaZA7DHByXOQcDPFcfc+D7eS6vIGstJddMuYIUkMJYMBtAIAQ70ABO0nGCcEk4ryKOb4anCpVpVK8VGbhJe2abkpa7JXW+ie1+h2VcPWnV5HTjZK6k2vii1daR0cdXZadnY/Lr9qaPTr3wI0llp+m232fXhJJLBZxQuwZSuImClvKJyMMcnAxt619RfC/XdJ0T9lWCe9i0idZ/AviK3iVvJW6kd4LhEAXgkxkggt7L3+Wh+274d0XTPgncSwQ2Ud7/bsRaa1t9gKsOR5hUDABJC/w5PXOa5/4TaJa63+y1rV9c6P9tGjeB9cltbqPcIrRtsim4uT8qmTPRQePQ8197TxX1rI8qqqvUlD+1KcVebbblKC5W1fW7ttZOzW75fAxdFwr1oyjC7w7cVaPeNtk7eTa3V+rR+Gs7xks2HG6aWXpkIGuNxAx3K46ngc/LnFfXeq+G9W8X6L4D0nQILq91a/sre206xhRnnvbuWMCO1jUZAMjEKOgViBjtXyRKrCKL5t4bccquM/vep5zk9cn5uOgyK+7PDfjS6+Htp4H8Y6e0b6v4agsNU0mK5xHDJdW0sUirIcE7WKhTgghWGQDjP8AQGWuEquDjU0hemptaPltBOzvppv+F9Uvz/Ee0hQxM6dnUVNyh0vK2i0fft11TXT6z/ZU/Zn8J2lt4w8P/G7wJc2fjQXGmWNrp+oymN7E3qbmD7OVDJkluxGBgnj44/aU8JeHPh18VvFfhrSrOCPR9BuIYrCMGSRIVK5aF2fc0inkZPB5K1+wP7M/xQ0348/EP4hfETx3qPhi11/W9K8OTR6VHqkduI76IRRs0CzOiyFFz5hHI56YxX5Y/t1xWk/7SPxBtLCWymgiuNPVH06Vbm1uphGA8ZlhLxlgSAxDZ4Azzx/RfHdDhahwJwxRynA4dY5NVMZjIqHtql05SjUmvflbRa7NPpt/MfhZnPHOY+LHHVLP8TiaWS0qNFZbgavN9XpShOCc6S1UXNdVpK58TnVLWaS881LYRfP5SAYdFJ6oB6EseAOoG316zwj4ksILpbaUFbe4MJjilHEuwqsodgCxUgcLwc5PK5BJ/hD43nn+1QaMFt4rVLy5BZQ1tbXJCxTSBmClGJBU47Aeop9h8NfEVlrc1hfXNrbz6baxX08ilJo4baVMghlJUSEZO0kY64HFfgmJw0K1N09ls9vK21tLKS9Vax/UNOc6M1O191fSy0+Kzt2ktfJtbI9HvfFfha4/tm1sdKSSU+SkbBi0ETDG4rGVOZCdpDKcADp0Ao+Efh7qvjqTUZdOGmQvosi3V/f3jEqsLYMUCIOBJyDgH1OD1FmLRbTRrHTri1m06W6uLmZ7l8K7yxoGAd1AJB5JVV4JAzxgV1Hw6+JGn+Db/wARpGLS4ttV08W6WVwgDHUcEq5OOSW+6WGOxr6jw9yrhJ5/gVxfUrwyVyf1r2DtV5eVOKjJXbtJxukk1urHgcTY3P55Zif7B9i8z0WFjXt7NtuLd720indX6/M6bU/2ZfiDb6Kuux3eltc6ikskWnxwMk9zYRoW+0QblUSDZhgAc4GccnPzN4ctJdP8R2UtxGoltL2VLldgUlopNp81ZMfKDn5cYUYGM4FfpFov7U1pYeGfDWp+ILXTJLvSLLUdL+ys6zzQzTI0UEhUghVTKkr3AJyNoI+KJksfEPiPWb1ngMsxur5p4FZYlkuZfNCjGAAobgnATnjOCPs/F/JPC3D0MtreHlXGNVo1VjaeJlOp7vLSlCa9pqm25xce6uj5jgXEceV5Y2PGdLC02pU5YOeHUfeTSclJRbSSfwt6tXd72PRNV8TtcaNfW8oi3jaLZw+HWEdCAOwHcD6nFeeXGuQwjTZy007pqMcizbgSTGVIUknJVTgYGNvTIzXoEHgDUb3T5ryGz8u3j0hrlbieVQk6RqCxU9icZG7B7dzXl0UMe/T4xbxyhbhlkQkGMyBsMFJyO2AeQTk844/muODw0YzUV15W2m7ptLRNJrR7J6O9t0fok3WjNR5parb3pRtdaNWilo3pfS6v0R+rvwt+MXhS50XR73W9bsUvW05oBbu+17ORIvLTrglmwO2csOOor44+L+qWOveLNZuYWeaK60+Z0dgFFw6u480AdgADk8Yxgjvxun2GgQeF4rufU7ePUo76RpbBNiykc/ukIYMobIAx0P3RyRXN3OsW15qcyBJI5ILSS1i3ybh5bIxG5iRgDJHPOCrcA5PJlmUYfCYirXhKU1O8uWXw2k6d0rO7ckrLXutNWd9KtNSUWmpPlbvd3vyR2WvpezT0aMG101HsrYwwCRmR0LJE7lXztGQARnBHc89wMEdbbeDh9iSa4tpZXRTIRHFIGXOcFlCn5c8N0XOec817H8Cf7DuLeTT9Ym05bi1xdRLdFGeUlyMDfnI2YxndwASO9fTVnFpsV/qFhZ6fY3TT2ktyGFt+6WFI2ZgH2FSAAM7TznqTWuJzqnha3sXl85STUObVWbsk9b9eltV5XPXp4WVWnCarKLk4rk+0na7Vrt3VttN3danwD4RsrWPLSRpIv9otlJF5RVbCFeCd33gvUAkGtu80JNR8U3EMSC3ijtfO2so3MwxtfBGCQMYPUA5I5xXf2mmWJuL+QJHG7ajdvFEiFVjk8xsBWKhiMBcE/XA6VlNpesz+LvMsdPvr/dDGjLZxtLsjxljJtHGFzkMCBwcYGT9LifYPL8NUnTjBuMHOV1ptu7WV9Fq9XpezPPpRqOu46vWKUU27XcVre9r8ye+qaWivdDpbWdrJF5ryMbNwqhBlfk2nOQBnjjPBOMHAIHii2iWmpZDPOJrpA4HykFSGb5cBVKkn2zx1yD9RzFrFm+020+n/AGhTBI19GQ0e5gjELjzAuORgYwSAQMiofHfwt8JaF4cXxJp2rxalfSxwMkUKTo00kpWSQRIQF3REkEgY6knPB8LGV8NCWHSTTmoqLinJS0j710mtVZa2W1tbno06dfllGLXuq75pO9tO7d+1rdd+h4p4htrW6kiSSZxK00AXBJwNuApKkhs8k4YDsSBwbF94O137Fpt3LoOsw6fPK0dtqLWVwILpy2AIn8shyeCMdepxji3ovhrX9SuWktrG4a2cRTJNMoAVlYEYZwG+UY687QwwAM19aeGR8WfFPhC10S+8c+GtJ8LeH9WjtrWe9WFntLgqZBGdu5yduVyRtyCByQa87G1JUZ0p0nTcZVIqcZOUpKD5UrckX1e+i76K61pU5TvzNrljpZJ31jZNtp21VtPVdV8Taj4duYRKXSSO4SSGB4ZFwwB24LBueTgnBGAeBwcdnoenXkGpbdvC2qFxkhCAgIycbepxyVwcjnPGx4lto21PVVuNTGpXia29tPcwoViuDHJt86FeAY3xuX245zg9bpVqkepoktrPO62pkkRRzIoAdFIGT8q8EAA5I7Mc+vGnzRjOMHqldrm5W7Q06W1uvN6HJTrSU3Bpuzaun0TVlotG07N/3dWR3mnXgsJLhoGVTasYyA5UttIzxjPTKnPPHtXjU2nyDVViZZRKLJWYMpO7I56AjGB1LDPcEEV9Tat4gtJNLSGHTpYoJBb2kvmEKF3gZ8nOOozkgYJ4+6cVhvDon9rC2u9KdoXsAkU5ASdX2ZVsphmUAYGSenIPOM8Tg514wtBxtZvZpt8uv2bJ2W2qs9+vdRxDp3ut+W+m75k+6fRWfda6pnhKaYLa3hWQAsJEk2hhkhsk5BOOCO2fQ5+WurtmW7ZIodyhdu5lbcQEIyRwQBk7SGZsHjntu+JfCcOjRWE1vdR3gvJEcB2ZZIBJkhHHVQoJBB49Oav2Oj6fYR2DHzFeV3S6b5kClCCdncqOBjGG7kE15jyutKbSpycUkkk2n0SUdJc177NqyvbVNG0MXypWslo3G6vo4uKTas2r6p7JeSPOm8PzPq1zG8c6qZBMDgHhTwyjAIBx1HUZJx0HZQadAIILhhJ5wd1EbKVVgi4O3IAzgZGM46Ak9ezsZEfUXmjt5rmzZZIg5XIkwu1cEfMAACSDhc5ABy1b0cBc6fKbJ3gYyp5TxHajDJBBI5bGATnnrk/eK/seo/elTd0krcrte8N1a/V2d7X22Zt9dm+V8sXZ2e6trDs0m9/Lt3OFsbC7vpLaOCNjLIXt44uQ4DDnrgn0OQQRk88Vy9t4dv7DUblZYZBIs8qFWUg43Llvm4I5O3kgjnHNezQX7aZNDqMFkziymChGjwDk/MzFQcFQQQSck54HGLl7qVxqetyXP9nxtE9qAqGNmfleW+7knccZIzlecdvOxOCdN8kqaSVlzu7d7K+/Zru9VpI9SlU5oKWqbXW6adkvR7JW133ulbj4vDl9chruGElY0hj/AHZzknAZSOSuPutgAEHGOeeq8Q+E9Vt9JjZVlaOcRIcJwkiru24YL64OOmTjggjpNPtfEFraXEAjRfP8qRIzEA4BJIYMOQQOSTwPQEAV1o1u/kstM02+gRyzvKzybSrKowARjCDAX5ST0zXHXoOVOcY04tST1v8AaXLstW276aaJaI78PUlG05c3utt2XX3Eu7ae21r2Vj500/wrq81/PZraTgF5GaRuEOEBPIJXIz2PQADJBFWm0fU4OJLeVI4GVWO3cCdzDC45zjnAPUgEfw17WtnqEWqOsJjUPayFx5u1QzAscY5JIIwOeR2I4zYluYtNWECKSSS9KhmJcqwYnMgbOMZ/ve+CSK8CWArJOUqbtpeSi7JXTSs1ZLW97u/XQ6JYqo5Llg1ZvdaO/LZLZ7NvpfqrXv45JY3dza3Mqw3B8uchgEJ4GMsCc9O3BzjJOVqmtlfRskr2M8kUaD5WTOQ3BOR8wBGTncMY5AwK9xs9Pnig1JXCCTziUVUcrKWGGYADlRj5RjO45+X5cQpbX32Hyxbu8pJjDJC7NsBJwRtAO0E9f1Oa56uDqSXuw95L4rXb1jZu3w6aKzurLVanT9as7ST1XxWurqzV79bPt01vdnnuk2N/q8/2S10+6nkihwiIjEguuclR04wOfTOSen1N8LPCWrpeaLHPo8zJNqtlbyQyZKT72VdpGCBySSO4xgnOaq/CbTYNO1O+ub20uv3qwFGEByGGNwHyjggYI6EEgZzX1N4WvZLXUbSWHSdRuVtdTgv7eOOJU+SGRXfZwMOyg44ByR6YXvwWXQ5FKo9VL3k9Fa6k7a6pK6+fdozq4urG8YU3JNO0lq76NW2VtI63T3tfU8V/bp+Hv/CHePPDVl/ZsFnJP4etbuYwZUP5iqUyoUHcv3CvXB+gr45n0wWOl221wd8wdyQQwLAsApCsMAZ4xkdTwrE/p3+1r4X+JX7Sfjbw/rXg/wAE3GnaTpOgWumPcalPBBPNPCF3y4V/mRiGwDyAWOBhTXxx8VPgN46+G3hO017xJNpiWsdwls1rb3Re4jmI6sCQCOq5Gckk8ZBr57O8FU+s150ab9jGd4T2STjHVX07t6dkk+vrZVWl7CnGtJe1cE5KTXMpXV1fZ6dd+W54VpymRiX4yTtbOezc4PTk8e2cnIFffXws+OS+EfhJa/DuK3nkilkvLieYXAW3czgruljLDJTcOCMErnaeDX57Q3BDIFICuu7KbwQCMZAOM4wM9dx+vHsWlCFNOs5BuImhO1E3EArwzHHB6Eg84AHAOK+HzGEnSUVJ3UrO27ScXZu7dr22+Vndn0ODrvD1FOKi5rZyeqbcXfbSz6ea6nqdl4nEWpicPIhSWRhcLJwMliAAGIAAOOo/w9Gl+LL3Agt/sls0UMO9J2jBc3KZ+dpCoyCcbsnnJwcnJ+YRcRROYxLI6yAgEA5U4OOCMDHBOMgnoMcH6H/Z/wDCOieMvE2o2Ou21zf2Nlod3diCDcFS5VGKSSuRxGmBkMcZI9TXzdSVPAw+s1Izap2cmpczWsUltsrb2X3nr4SeIxtV0aUoJzcU29Vo4/3bbW6X1t0sfY/7Okmm+O7HxNPrfjeXSLHR7GS+OmR3B8m9lMLFYpFlYKIVbgquCSB6VkeI/iPpWlQWlvpkvmXMExDajEVDBIpCIljkO1lyACTnBGfqPje/vn8H3t5p2my3FqlzNPFOsLbEkhEp2xs6ZDqFwOSf4uMcVhXWuytMjXE7SISoERYhFIXgKRnHucHnuARnslm2Kq0KSw6lFp83tHNuU4yjBrTRKyWvfr2PSTw+EUqNeMHWbjGV+XlhK1ru1m3K911W1j7jsfjpcreJB4k1GXWNGkDmXSRIEH71CituU8kllZlOScZzjk1LT4f/ABD+KcN8PBPh251nSIpJmBsLgStZxSSDybdwzcMQcFeMcnOTk/HcN7aBftRlMrxq0vkD5QR0Chz1H3uOCCM4A5r9Cv2Hf2p/BfwftvFHhnxVo99cWevxLd2upW1yVuIr2LO23APIDMVO7IIAOQOAPt8g4ic4Qp5pVjSpRg71Jt2VuXq/sq3dK7Wlz47MMrxFeullOGeIxVapGEKMHF+1bcU7XTb1bsk7N7aXt5vc/syfFmxitEvvDUujxxyRpcpq11HAUkl4DTIWDOMDKuckEADHFZD+AYtM1O28Iaxrel2l7dST24uZLotBBIBklYy2AVGFXjGSobk8/b3iX9prwrZeMZfFl7aXvivTdV02Xy9A1WRZIbS5UBrdkJclyhCjJHIxlvlBHwD8ZPixp/xE8dQ+MLnwhZ6Zd+S1tFYaWq21rHsBWKd1iKA3BXaHOMsw3MOtetW4kyekoOji41pOaSUdU03Fv3lfvtrpdva57uG8P+L5pSxmU1MLCMFJupyx95uN4NXc7Wu0+XZbvRHqNh4eubbw5L4AtL5L2JYr6Yqbh4xqTzfcMCZ2gcLtdRtOc9sFvwP+LekfDHxvqHhrxjaPpdzNZy6TaBkM8kF8kUiwR3DMGRYcspDKSOQQcYz85eFvi/4m0DxFaao0KX1zYCW1tILmFGiW1YHZGd2cGMEBWYH2BxiuP1zUNb8ceJdU1q8L/wBqXM8s0QhSNCGk+4ilMEGPChGyMAE54FcNfiTBKUKsZuLjZtSbS05V362tZ6dr7G64NzbklhlhrqrFJSimn7T3VpG+6aummr2Wj2fufhr4xfEz9n7xr41v9cW5ltPEupy3lmskmbK+sLmZmtrgSRnAKoV5BG3AAIwNv0nbftD/AAh+LmkW+mfG/Utf0u3t2hltYNILXEQLnl2K7slVGUDAcjgDv8BXnhXxVfeHp4tfu7/U3jjRbe21C4MhtQmXTymyxZE4yBgjAByOkGm+EnudNt/7RvjY7F2XD2w3pbQoPlMhYAhgOeAO4OTxXHV4uo+zcqOITpKStSm/aWbtdS5bt3300S3Wx0UvDfPas71MunTqRgpuu2qbaVk5Sb01vfys9LJs/Q0yfsIKIIR408R2xj3eXeT28juqnABZCpVyCepzjJ2nNc+dJ/Y20iW/1XR/j7qkbXySW8kFxpSlIkl4IQCMEsAeGzkY7Yr85tWj8N6FuFv4p/toPA7sksKbonDMvlgsCMnrtG3nIPGK8+Vra5vrGeaOUWE19Cs8axKWMBYCTYMAF2Xp0AJJBGQR1YbiGtWUZPC4RU5NOnUtLmjzW1Uou7TT63aXlc+fxOSTwuIqUquLxXtKU2pQjUhJwlGySjJRfOvNPfTuz9I7vxT8NfBpk1j4c/EbW/Fej2OmXdssV1bixiv5tRDQeYoATzo7duSpyMEqecGvCb/xmzaRaQyQi8SJ57oTRtjLFncq6r8pCscE9CO2Bz5p8UfFVlqraHpPhC0XT/Duk2aWv2aG3WEtIYwJjNIoUyMzbnJO85Jx6Dgk1m+lt4rWxR1WBQZ87iCoPKjO7luRgZ3LwCa8bOMXUrVYqnWioQkmlB2SlaCfIt2lbW70t9/uZdj4YHDOFOnzTnGMZSqqMqi5UlG6Xu3s022423Sb0PVv+Fla7eanYo8yHTHMdtNaTAKBEXCLuI6opJbPYADjHHqPxA0LxjpWo6IlnFpN1pFxZW167aS4eAxyqros6lsBwGw5ORnIGQOfjq+uLk33mwQXEcwVcbo2Ea9M4LcYx0+Y5x1yc16NZfFPU9M08abemW5aOP7Okju4kCsMKm4ceWARgZGDgjORXRgseqFF08TKVT2jTjPn0jy8srOSTez1j1121txVaksTVVWU+RO6krpResJXTSUoJNaxva2nV39+8K6Zqmp+IrMr4b+1QC7tVuWEsUESoJk3vksAAq45HOefcfrHpUdxpOhrdWd1cs02mxw2q20gmtrKGNRDh9rHCqBu5wMjABFfhLbfEPWLixmWzkvbdpGWIyW80nmKc8BcElmBwc5xyAecCvr34LftFDwZ4P1jwz4gbVdYvdR8pbC6e5kZrcMBviIYtgAHcAx6Dr2rSWZ4ClTk3aLvKTm5K3MtYq3Le7cUk22l6akQwNfG1oRjUjJu9tLtxdm3dpNu19btK+/Q+8L867b2lzp9vqH2hZWtrqC9bJZZZCGIhReU2ksQWAG1cE4Bx89fG/wvFeA65qWoJJqNsIY7+Xcpubi18glsR5IyjgAbcnggA4NcRr/x806OWx1O01y+086Z5Hn6W0cbvPGqr5oL5O7dyoJ3AKTkHGK5XUPjrpfifT/E0senYnuHjeCbUCJR9mVgCka8lXcDcQoIxwe2PCzHNKFSisRCtJSUbQhB813Fc3w9EtYq/Lbr0PqcvyhYdKnUVNxg0nP3bK+r91PZK+6jZ2tfW/U/GOXRdP8Agf4Tn8OX8kVpfXEKyibBk3pERK4DcljICQccHoewx/h1478YJ4Jj8iR76y0yJjHe3M4WR0U7pLRVLEBeM5IwAM+tec/GP4iaf4m8D+HdKjjtbdIfKeCC3EarEYlw+4DAHmsSTj8cnmvHND8Y3drpcemtdzWemyb1nij2qJCAQGRlI2uVA5HDZJJ5GfnHm9edNVqEZ01L93aMpRftPdUpJSbUVJ3cUk99GePiKNOjXnSdWFSkpykkmnq5RaSbfuuzdkr72Tuj2Xx18ZtR8TvbW7X76dNCSGFrK/7tAw4QLgZbjhscjgZOa2tO8cN4o0k+B9TgkvbjUrOSOz1iaTZcwvj92298MAADhSR1HGOT84x3mixPJqDsJjIcRLIqsPl5DsME5UghgQQTk8cVY/4T6OApfRbFmhZokRU2lQcqWVwM7+Pu8qBnHXNefTxOLp4iFePt5yc0588pWmvdvGybV9d7K6WjuzanXppe8qUErcjildJcqtdN62d209dVpdF/x34K1/wGunwzxyTPcnz7a6t43dZQOSszBSoZMgFgCATgfe54tNU1loEuLqC5Af8AdpsiZWUrjbtfBCk4B4JIHBOcVsy/GO/bzYL6W41ExK4t0uyJUSNsAhVblQD0wMZ49CMv/hOxfWnlyt5JSQyJF5aeWhHIxzyefl4+mQQa+pnndd8qp4W1+VNc1l7qja2j37X07GEq1Oavzxk0tUpNJ2steqbSaS2tfdGxqHjbVv7Oj/tWw1CEC3NpbSTSybJXUHazhzgoOQRz1GF4Ncbp1/Nep9pu7BbqVnEaRhD9xWY5HVeOnHGcnA4qy/jh7xFtb+H7TFErGKOZVbG4/KwGckgDGMcZANdFpXieyS2SL7LDE6uTAUiQ7SQBuYsMg8kEDBAx71jVzfEwpyU6EpSaTTTSS+Cya8u/XTfdZ+2gkuRprlT0slry76a2d7NX890zotNuZNFubK9hWWyGBNEbeNt9s4IK/vQMbxtGSDwSeleh6j8bvHDiaL+39Suobi1FrOJZywaAAr5eGJOCAAcjkjjqTXD2viuFYktriOCWNo3YRsoHzONuM4OMdgMDkgdhWXJolrPC05umgaeRiqPlmiDYIOCGwmMYOMYPOAQDwUs1VS8cRz0W7Nct5RafKmna1tbX0trays2ynyVEnKCcktNNXst7Oyd7O1k3dabLWTxTqU1xC9sgJCHEinMitz824g4bJHJzkZXg5J2LXUvEzLMl/cObJgpIlYMCCRjOCQSd2R16YJXHPO2Ph2FVljtbqS4lZ1C+UGMxcjhFQjHJ7jLZAIIBBq9dxrp9u1tejUPNUgSwOHUBDg7mySNpPJz3HAxW1PH0vawjSvJPu7aq1l0buuq6LRvrvOS5Lcq0Td01ZXsknZJtX1t8lfVP9cv2G7COb4c+Jpo2itVl1jEc0KLIZCigASIwI2gnjgc8j7or680rSzb2832q4MkzTuq/6JECqsxAdTtHy/xZyCMHoeD+NXwa/aq1r4NeC7/w54a0rTL2OXUWvjfX0rrIjyKF8sooZWUAD3HPVsZ9Ll/bx+LFy8TQReGYTOMKNpJABBDlSuTnJBwQMZ4APH7VkOYYOWAwlP2UuaNK0uSHMlJ2vot7LVO1nfWx+SZ1luLq47FVYypRhOrdc00rvlhFPlXbovnps/1uXQ7cXUUk18JAY1OHtoyowPlXBXAI6DAxkYznr8i/tlarZaN8KpIi9pIuo6pFEXMMMc8YjdSTCcAjcN24Ag9gCM4+Ubn9tH40PH5zat4bt4UUglbQPtYdARs4B9PxxwDXzr8Zvjv8Qvi1a2uleIta07U7DT2N/DDp1tHAyzMMO0hRVLKEw2ei5bgDDHtznGU6eX4iMMPUU6sOWm5Q5UubkTfvSWllZq13dWsr25MpwNWGYUHUxFKcIzU5RjUbataycLu6bS0e+63O68Kalbw2ljcXErLbwzQXDSuWCbSwAXHPTnoeOmSor6D1b4s+Htb8P6jpMF750ws2ht4omcl1VTls5yQgBUleAMEkEV8o+Fmi1DwbNJLL/o8AgilnCkqknytsY4OAMc5I3HqQMVR8K3Ol6I+ovfahFPM9tetYRxL8wiKN5a7v754DHGAMhfb8dnm2Z4JVaWCo88ZpRqK124txjp5W5rNX97S/b9FWCwuL9nOu+V05RdJxtyt+60pJ62va0r9JJ9DXn12yjIRbuDaVAI3nLFQu4bSwIw3GCMYVT13Vg6jq9o6bUnRSdpPlsTuBYkKcE4OcMRkEkEY615NayLeXTTSrKoS4myu0uSC52ZCgkjPQY5xnK4qyEntzdSKkjoyM5Mh8oR4Y8nOM5C5wuMDjI5NevglWk6UnTk5SlByukuW7g5WS7uyv5fJ9GLw+GjGX75RS2SaXRN6WVu1kuj1s1f8AY/SjpY+BmlPr+Bor+Ho2vASwQxCNSTIy/Mc9MLkngCvNfgy3watfEVvJ4DuLKLxNd2co8qN3eZ7VicgGTnHJAx8uckHaAF301Hw7P+zho+neIPFOl+HLXWPDcdtDqN7MCon8tf3axglmKnAYLzxj2r4X+BfiHwX8N/iRa+IdY8f6Tqltb/bNKtTZ27pvCs4jL5AIQrjBPsTwa/oPEurD+yXGnSdJ4Wg5ym0pU/cg24u8WrLVNXVz8Zw9OnWpZqpzrKp7eqqVOEW1U1irXjo9dE23a1j7b8U/GrUPDnxNg8EyWVkTeXFnbx3UzuZv3wB3AAYGAcsCSc5GeWK9t8XfFur+BPBeqeJrH7PdzW7xrHb3BzasJCvHlnGcbs88gDoTnHxP4j/aB+EVx8TB4j1nSL+8calFHDqcTxtEfs4YJJEhbcQAMjgHsTnKj6d1n4s/DLxh4Da71m2lvdAmjub+SxnV0uJI7ZW2qqgZOWC7QeDwcdTXDUnWlSxaWIg51JN4ddaa5Va7Wml9bt37bW6JYajTq5ZNYSpKEYUliG1fmneKaa5m3q9eiu/Ml+D3jjVPH/w21XXtRgs7G8SfU4pUsUVIljiikJ2qB/EoO4ZAbvzkHzz9nHxp4e1nUPG2maRaJaT2d6xvZIrYRG8m3vvmdto3sWyckt0Dcbq0fhR8T/ArfCrXPEWlWUXhnwhFd6nav9rYAvMyyRqNjbXIJwD8ueSCeQK8O/Z08VaP4d8ReNLm617QIE1W/MulQGRI5LmGR2eM5OC2A2SAN3YHLDPgYlyeJyjmlGdRRqe0lpreK5al9+WTvFOz16dD2MPSpvDZ04U5wjOdL2UGmkrOLbjuk1G2l32aPT9Q+Iepf8NE2fgUWVoth9i+2vfPb7bsybSdhm25KsB0JAOOM16Zrl7rU3iIwaXNGtsVjF5E7sqgAE/PkgDIHI5wANwxiuRsvE3hXxV8R/t1mNKn1Kxjmt7rVrQokkauMqGklCkFcEDacc/UHy7T/iP48vvjVqHhjU/D9rp/gR5Z4rfxJLOiyTm2Ddwx3CTjKhj0zkZ5jG0/Y05qblP21W8OVfCmo+47K1o2Wt3yp31sa0ZKtOk4xs6OFjCTm3HmadnFtLS19ddF06Hh/wATdXvE8TeIgZopClzIkiq5KiOMgsep+V1OV/HivePgzcG68AaldW6IZLmz1OADLFjsiO0ncccHJDA8csOuD88XPgjx34v8a+LZvDfgjxHrejyatdWx1O0s7iezjjDNl0kCMrMoXcQrggBsiu7+F13eaRH4q0C5OpabJorC2ihuoJoS9w8cqOixMFb7xKsByQM7uMj85x+BrtSqSpVYwlJunOSlGPu8rvGpJRjsm9OvlY9mnjaTtTp1oSnFQU4KpBzg7Re72XLHVS6NaM/Pr4pyuf7bN8ZGaTWYZnUEYMiXJRs46ghQNpOCeQO9fW/7Btrpdx+074EaVHeW607U1AZtyhjaoiIx5BUcg/XnAxXx38QbiBU8RpeBvtMfiEW7I+8sQ107rgEZBGcBRnnkgdT9I/saatPpX7Sfw88n5V+1SQDoknlywqApbtuHGTjC9+eeBRlClSbi52mpcr95Wuk02ne++tt7/Lqxj9ph8RGDbUqErNJPXltfSz336vdbXXi/x40mDR/2jPipp0KmKKLx1IyJEAqRLLdlnAIIGMluuM5+lec/HW3t4fiNZzDfj+yNNOOpO5EJwR3LYYfLnk8DmvWf2lpriP8Aac+KybB8/i0SSEk7l3Tqw2A/LwemRkg5zkEV5v8AGw7viBp3mqhLaHpjBWUkcImOx57ZPA78jNfX4OfPSjL2dvdi7+nK7dbd7WVrN6nic04KjG126aV7Wd1GPM07X+9brra5i+LtPW5+G+hXAJJ+2SxKrE5RcbsY9Tkrkf7xyelrwraAfCrxtbAsCZYGUEAZIGeTjGOBgHBGWxn7xh8ZX32f4e6NEZECDUZGbDFcKc55GTzk+hIz0wpq94avLWb4b+M5IHJhRbYylQSPu8AggkZOQ3OGXJyRmvU5VLktG0eWN+y0366+jva17PfLn9xqom37RLlSsmnJNNLW+q1a6vpcxfhbb332T4m24j4fwKAoZQdygPnB5JJ9+QTk1xnw8028j1TWphEAYvDzM2cHO2M9Dznpgep46ZNemfCa7img+IUq9vBLr0YbRhwM55yTgEAbfTkZHN/DgPPd+KpoYlmW38PSNIyuqbV2FQDn5cEnkjkdcZrmlTVPExk9eZxbs7NaRSfXXRPZqy9bdUHz0pwXwrlSunZOyWt0no3ZtuzVle+h9efCTT7uT4hfssWarhZlluJFwoODft/D1J+gHTn5t9fe/wC1xa2sV5KlyZJljnuEYBSCoED8A7cAZHDEZya+E/g14p00/G79nfRJLG7TVNB0uNrgPLEIttzKtwrx/M2fkcDaQMZyp619Lfti/E531bWLCKwAjt57iXzS3zuqRMAOTk/dIwuSfvZ716FKlQh7WbTbqRi7p76O6vZ9b200et9Ezwqk61WrRikk4qd+azWtVpO1lo+XTSz9LH5MxW+mI2siGMs4u9VYKxI2oJHHYjhTjPGCScH7wr6L/wCCZGnCf9o+6neQRLD4Z1FlCOcDEj4zk4IYNwMH5yPcH4107xDDey6wVjlj8yLUZn5yVLzSM2TkkAZAwPQHaK+xv+CWssJ+OviDU/MLi08K3e4EE4MlyUHGMHBxyRjaDuJJAbgrRjOlKKirNwUru65bQvo7aq6abWu52y54q7doxguWz1TcKd76p6vXS+ztsz5z/aGvIbX9oz4g3MtxJ+88UPGBKgYMGmf5txyR2xjpyOACa4Oy1yODUdZeSKHy1ul8ueW2jnZRtOSgPY9SeMjvycr+0nfzf8NBfEVrmaNmj8YTyJESSPJ+0tsAK+2DnPIyOQdtcTLOf7X1RIpoxIwgPlhiyKDEOflGCexHUc4ycCvXw+FovCQjKKa5YJR0Wmj1W2u6XVdrHFWxFSOIcotpclnbRrRJ6J3b20W/U9Mj8R2FzfWkkKQMftNtGY0tEiypkQEghc7hycAj5iQc8VF8ePE9jpHjE2t3pct1DLpemTRkMYVQGBWKblIOBjCg9N2M1wdm97BdWSiWAlr2zyVA3ACZBnp0PJOBj14OTb/aehmu/H0a/aFjxoGj4B5DyfZ1K84OM4zn5dwA7Bq9ChhKcadRQpxirxTWiV2lZa37LS9rpX2Rxyqyq1Y8zvdOyfS3KtG3Lokt+rskcjp/jjwSfMe48OXAMilGVLgqGDYUA/Mcg55xzk5HHFfZrfETS/hNp3w212LR57uwutJkkt9LE3lrHDNIrk+YNpDkqeeOnGcV+Xv2S9guoofOV3EkQwFP3vMUYHA69AeuMjHBWvvL9oaB7fwP8GrTMUbz+HFdmlUxsXdFC4HXCkkAjkE44BxWNfLKeKoVKU6V6WvNF63ukkkk7d23r3ujso4tYapDkm1J6td2lC79W2rtP0ue+6x+2P8AC2+uy5+GskeoXSqHu4LoR3TbBgiWYMXdSCchidxBzkYNeN/EPxRYeI/htdeK7XQ57Lwtd69hLaScuxugx35bOMnt3IJHHWviO48LX1jGbqa+iNzFIr5SWQ7omOUUHkFghKngADjtmvtLXpII/wBkHTkKJDJJ4pbcy4xuJBbGeRkDJYnp3yRWOEyqngabjRpcqSs+RaJPluraq263srK/n31swqYm8pu7pyjLXXVJK9tEn7uqtqmuh82R+LvByS4k0ORQQuFVgTyANxOchuMHGQAeor6a+FGsabf/AAz+Ic+mwPb6dZW8z/ZyQWO7AfzNw5JI49uwBwfgPUZPLlZEIJOw5QYPQE+px2z7HPPFfXnwCvG/4VJ8Wk+VitoQS3JIckAFR378DPfI4rtwGGjGo3yOXN69WtJR8lrd2u7WvueJjsXWrwjB2ShNNWVk3fZtXvZL1Whzmm+OPDscUMctl5XG4gwxuCc43E7QSSCOCST1/h49/wDgXrGh+IPGr2ljZNFdHQtVlmljVIWmhSEs6ZUqdpHb5Rg46818jWVqkyxiQKgEYdSY8uS2e5HuSSxC5PQlRX0d+zDEkHxRmZCWK+GNZLKFGGX7OQMewx+HPqa9/DQpupCCoq8rJvXm0cU3s7au97J2Ukc2I9tKi5Sk+VKMuXpdyjvtd6aO3nublj8S/hFplxdaZrFusd5Hd3vnSSF2k3rK45ZdxByvHuCcZNbGheNPhTqXivw9a6Kks97dapaLAyyylYp2k+RsNgcg5DHrk/MMk18N+MrIvrmtCGKRpZNYvpN/lglUa5kYLkhsjnnsOmK634SwCP4j+BAokQLrVmzP8qBnWQMN2DnAYjcP/wBZ2pYTDQrcsoK7qa7aNuO2ltNF5LXbQ58RiK86dnOSjGF01b7Sjo73u9NbXWr6p3+rPHXivQ9C+IPinTtUSWcx6iJJJGRZST5a7A5IJK9gvzDqDj5hWFL8UvhrcGNJbKQSj92kcduqgOxADBlG8r/sn5T69MeW/HS+l/4Wh4wjtQFmGorvxG0m9PLGeQDjaPfnjHQ48hnukneCIJJC0csO+RI9gO51XO44PUk7icYxjBLY0qYTDxxWlGLk3FRbje7XLpqrXVtdLu7dzlpz5qMEqsk4pNJS0vZP00au+33n1z8QruTQ9b0600oWllFq+iW95ifaSI3A2gcgISOcAE7ucEAA+p/CrUtO8Q6VdaVr8OgwXYUi1e6kjjRUjUBZ0zhTLkZILD29B8tftHTmDVvBDCZoUbwnpuZVON58tMAsGztxnkjnGMAbgPDNNutWlMlxb3N2VjQr8lw4AJBGM78KGyDjIzkA5UYrqjQw9HEXlSjJe7ZNJKzS1ta1/TTSyuzjqQrYmjGMas4p7tSdnHTmT3t2/PSJ9t+MtI1DTtc8GPbT2E9k3iS4DTWwR4LoxRhlWcglWhUDAXvgjHXPe67q+mXtlNbahpfhfULsyfKlzZCM2wLDBRwpGzAzwRnHXjn5g8QajqVl8Pvh+iSTRTXc97L5jTsZ1nAYCUHOQSQDkt0PGQDXjV5N4wkSZJtXuLgvmTK3hLrhyMAF1wADnvkc8DrcqOGdWM54ejK8VZSipNJ2dtUvk7b+R5zhWcFGNWpeLtJxlNqSvG19d9Wlo+rd01b6G8YWdy3gPxrqUcdrbx6X5Ecq6XbjZJZSSq21pcZVQD8oJ68jGcV8MPqvg92uRK+p25ml5K/MSRncygAuvIYhQFPAAOMCvsDwXJqE/wAC/jOmoy3CyJHYLH5sgklZN6ZIJJ+9kHABGPXkV8TXEFvE0MkkTKqQh38yBGLn5QcsBwxUE5P3SMFuMV6eHVClTTp0oRU730UU9YrRX32e630V7nP9VqS1lVm1F3UpSd7tR7u/dvVJ3210+oPgdd6fI/ip9HvdSmW38J6hIGlkIC7I2UgEkNkLnIHJwSOpx4gdS8BXH/ITW4a5aPEi+Z8vnBiW8okgBcjJ52kEc4IFevfs9SxyTeNUhjCRt4R1MokcZHmDypQWJOOmT24X6g18ea40aapEqRyyQxq3mKIxtU7/AGAJxzzu9M9weqp7ONKnOMYSUpe9HRR+zZ7a2umno2lvfUinGq6s17WT5VH3pSk21aLT0WqS67NJXeja+rvhvrOhXHiTw7Y6TFcJJHqkEduzHzCRuGBktkHaeoPb1JNHxA1PTrf4geJbe5kkhvF1WZWlEKkrnhtxA5OSNxyGGOi8bvJ/gg8j/E7wcfMniWTXLfy4SpAcAjkgYA5A646kcc43vjaZ7j4keNZEnaKW21q7SPy8gyESYPzYGcEEAdAeQMYNc9Vc1H3aSa5uVpLTRpXadrO1tFa3ayVtKcq6xD5q87qGj5n0kra3WumlmndpNbnU2/i6PT1D2N4rSRggeZCoO4sABvKhhlc4J4HTvXvniXxZrWkW/g0wTWNp9v0JpEWRFETCTaxkZnAPmlu+C3UqcCvz1gt9TRleS5uP3mAqM3DEMByuR78jnqMdRX03+0cNTn8F/CSK3aSOaTw6qM8bKsuUVAHBRs8ZJwMHr1PXz44XDKcJvCU78zu+Vaq0dWn1fS9+9tUdVXFZg1ZYuva9+RzlLleiVryaVl56bWvqvULbxV4t1O2kjuNWsXigYmOOF4xIVQ53KWKED5TjnAJJGMk1m+ONNXxN8OLbWb67uRBb+JUgnv12lLZyCoQlSA78HJyeRgnkV8FiPxOj2xttZvhJ5saNAbqSMyHOCCFY8bTt+bGR1wc1+kOkfDa9l/ZR0+Ce+a7ub3XrzxHqds8zR3FvZWSs26MkjzFyVIw3PoSK9FUKDTlCjThaCTcVFqcbKyWltm79V06Gcq2NdOlTrYmpUXtIKHtJOSTbSgouTb6tO7ta1r3Z4x4f8WeBfDUsBk8QPIIP3FxO3ki43YwSC+SD6AfLkE+9e0eH/Gtneab4vvdL1KbVbC38PNLKq3CfuolyQJNjcvg5UFRznAr8ub7VLS4lvreHSrm5n+0XCm6dWX5EZgGB+6GG3jBAPRff6j/Z8mhh8BfFQymbfNo3yJggohVhtPr2IAyMDJ6AHzaVPAznJUqcVUULt6XWmq0Tb/ztfuezWpZrCjCdarOdJTp8sZObUV7qW7tZJ30utN1udZe/G/4ZolhHq3hnWNUdcGS6M7hgiNwqrnAAwcHOMAEjFew/Dv4o+CNZ8QKvg/RdR029k0u+lkWZ9yNb+QQ3lqWyDgHJxkZJHUGvz6ubiCySYyYvA8ZKMYmLINzMFAIK8MPuEjuDwQp98/Zqjln8bzTsJBH/AMI7qZjQkZH7lwMAngEYBXnpyQTV5fh8H7R3w8IybfvtJysrJ7tpq3lazVjmzPH5h9XdJVX7PkScVJ6Wto3ze9e/RWWivtb0bTPi/wDDPRZtTku9B14ajHdzo8sF2EEsyTuZJGBcNzkjaeBzzkGvUPB3xl+GXi66s9B0vRtdt9a1HUtNe3u725E0MUqTbi7IcYycbcZJ54wGr4V1iyMmsaqIbOeaY6neO/lxSS7VeZwGYAEZznBONx5OeQep+CzvbfFrwXE4kjefVkiMBj8rDwkum5WABJ7jA4PfHLxGU5O6qxPJB4mLcrqTc1bleqS6+S1fZXNsPmmff2W6bq1lgnBpp83s2rJb66atW6rfofQvxH8TaTpOq3V/qVlcX15/b80W5JmhaSOLCbF2lWQZyMr6nGea+ePHvi/wzca4Li4sb+JpI95tUunkSGMqojflySwJ7hjwR0xXffFa21DU9c1Amyup0XxPeWsUKN8800lwyqkY3DJLALkqCAc9iK8s+Kvh3/hHNZtJtQ0/7DOdPhtprW5cmbf5aOG6lWyCQSvzBmAJGSK3f9nupQhNQ9pK3KmlzOXuu712t99tUrHnYKOYewqzjUapppa3Sadmutt93fXfW139N/GrXdDstI+CcmtLq08Fx4IQx+XJgwWxnZlOMgYKccjJP6+N2Hj34NJdSxXFt4hjulCiCSM5Em0jbwTxnJPQANk85Fdj8bLC68RaZ8JNKjiEl3L4Egh06ITKrStvOEjJ4J5wATjntg48Mt/AE1laG11DTrqx1OymVLq5MTTpE+/Kq83zrkjIChugOASPm2xuEy6VSFOfLKU4xajKVtLR2WltHzJvpdbtMVPG5hh6XPR5nTTbctWk1LVPXlTT97tq0rXPuvR/F3hKw/Zw8beJHs9Uv/DMmsQW93bTSCO6nkAARCx42qcckY24G4k5P5+ap8QPhfPqBk03wNqSrMWE5e+aU4O7AXLAAAdV5U9CckY+rbrTpbX9jPxlbC53K/imAPJI2MgKpUkA9eCADz0IBDc/ntbxwQ28aMkbyfcEkasH5B56A8g4GQAWAPHIrowuW4aELRSWsbNO2l43d0ku+mitd7rXy5Zni6lRykpttpuU07u9n1T172vb3tdmvuz9nbx7Y614uWwsdNvtOjtPDWsLCZpcIIFt5CI0yQM5IHHocDvXxh4o8Yahaazfj7HCFh1m+MeXIkCm4cBpCMjBGTknnBPQV77+ylpuoap8Q2sQ8wil0LVsEhS4C20pVQgORuJUscEdMkEAjk7Px7p/hDXdZ0fUPh5oniSd9TvbcXOqj5932llJ+VSPlBBDYABwOTgV6OHw2Hs48seTRa6q+i1Tu/O9u97bLnxGJxDiqkZezneKUk93ZWTuvs7Jrr2S18ti8a3d3qWnpJZxLFJfaarM8gBZjdRDK/gTyQACTg96+o/2vdWuNP8AiLoK2z2zbfAnhu52yEO0bLZRONm4noeDnP8AF1wa5ltZ0jUbu3mv/htoNnH9qsxbG3eRRbyCeNlYKqgE4BIBO4HnjpXc/tcX2iWPxD0OKfw3HqU8/gjw7MJRJIhjSSyjYW2DyQq8KR1zhgMGubEYWhKtCm6cPZuLTTW92tbX83btvs9CjisVGiq0qs41Y2XM27xvyt21b1tpfS71atc+arX45eMbh4+LUwCE2kxgxA0kESEEM6MGLAEHnDEE/e6n6r8Z6four/safDvxVczSxanL471SCICTzIYo5ZWJO3JJOSuSRjqf72fkC0n8MSySCfwdLaQszHalzIpZcEkAkgAn8Rk9cYr7N8R2Wgt+yR8OnWzvLfT5fGWovbWO8shIlbOcE5diAAcgnOecnPIsnwGFxFKVChShKdROUoxS5no7vz+S1va5rVzrMcXSccRXnUhCNkpOVrKy5m7XjdaarZbM+JNJvZLW9NqLt44dpCPlcSZ4yOehPAxnjJOMYr6x+EGopJ8PPi/MGkaS00Py3TzQwOVXow5BPfBAJ+uK8Gl0TS9r3MFu1gEcA/aELkqFJAHHHTnBGTnIHJr3T4LxWk3w5+MMcDqGOjb5QoIVIx95gepBxwvbGDx19irhY2h+7Ub8rW2q01WnMnezfez8zhw+KnJOnOo3ZPe+2llfZpO2ltd3qtPA/BnizRbGQteaMZZ/LuA0st0wJ8wkIQCx5JJ+XgEE9uBseHtWt4PFvh20ttBi02e/8QWbzTR3cjCeOWfKO4J2oY/RAAQSCAevlC2WjiWG6l1SONGlEbxlduPLYnHAzllB5P4jG4n0bwjqOj6l8QvCE1rJEVi1ewghUs5VysihgQc4K4GDg++BSWCSi56qLVtb9oq6WyuuqV9dHbfnWKqOUYczsrJNtapuK0ttZeuvd6v1P43eNLuy+J/ifTSLaNrc2rea0py4WBPkYhucjsc/Nnpg15poXxL1WLWNKjgFmLgXytA3mfvEK5JywIwMD3GO3THR/tG/8I9Y/E/xNe6lp1zeGRraTzIXIXzBCg8oE4GB644A4Ir590Dxd4RttZ0+eHw1eNILwAPLK5CKeB3J+XIw3QEck5NbrAfuHUc170e0W2242XdW6dfnoTPFQVflmrtWutNrx2Tu+mmu/W+32Z8Ptau/FPjLRdQvJoI7xPG+jRy+W/MzpfxA5G44JySox0z1xX7u/wDBccXtvoH7Lt9pplE8Xgy3s5fLUlmddHtOWPzBhgqeP9ngfdH86fhnxTHo+tW+p6dpaRQ2d9a65AkjFWeeC6jkRTk8gkAfN1yPQY/oF/4K4eM5fGv7Kv7GvxAu3+x6n4j0M3E3l4xGU0yG3WL5eWUCPdjuGIAPf8Qz/BVKPiJwfib+5Vli6GjW/slNXad97JK+uvdM/QMPiKVbhfMoL3nBRk42SvrG0t3573vZ26H81nj278V3E9qkFzcSxkNI5VRGUmySwOVAO045XAyDjgA1g6be+LRLDEb26H7llJklXYTtwFYlhleOvTHGeoqbxXd3NxqkVvJqdw0cSOBMgYJIxOT935TtDFenA4xjmuNniuxPaxW9/JKxJZh5pQAEnj7w3gY6AsW6AEV+7Qpe4nJS03stFsrNb3s73s9erZ+YKryrSK0aS5bJqV4LXVtNb+t9V19vtPEPxY8J21hHoOt+IbDTLstJLHYu8Vm8jcsdqNsfIBwep4wOMHnL7xJ441G3vhPqN4fOuFkuHmy0lwzMVJkZeWyeCWJxnGWy1clceK/ECW+l6WupagEtwyvCXcKE3FQACc4O7bt4zk454rOj1LWWs9VmF1OHiyw3sCOpPOSwGOvoD1FYU8twsqs6saNFTlzOU1BKcrJNO9t7972+bNVj8Q4pOpNRW0VJtJcqvZbRelvLRbs/QX9iOWSXw98UAxcsl1AApDDLv8rHK85LAjGeM9D0P7zfsQ6hqy/C345Wyjyo4/DOtOjOhKkppUwI3Y25JOCScjsB0r+dH9jXxRqthYeN4rV0c3lzaNOzqGIkGMMMA5B56ZOd2F71+5/7F/i3Xk8CfGezkgmubGTRNeS5MTtGYnfTJsKAMFl5y4OBycEV4XFdBSyapFRulWoLTolVhq9F22u9Xvoehkcpzx6nfV05buz1inovOyeu+m19fxpumvRevtuYVkk1fV3bdtBUi9lyCCcNkbsLxkcDJzjdgvGtraG6+3xo8BbMnymTLNhwFHbGcj8ehzXll632i8d8zYbWtaUHzGJBW+lATOd2MbQB269hW4kMb2SsVy2QCSeCN54/iweuWxgYB7cexQowWGoxcFd04N3SV2oR1Vr3fN8+hlUxVSNWfLJ252tF/ejb1utvK9j0zXfETXFvbB9RhaFooVndDyoBBA3DJBOSD7Aj65Nv4gtrS0nhe/VkErY8vkqCpwSwJOR1PrzzjGOcv1gSCOGOFCZkjJ2AM4KcM5zweh5bBzyd33qwbS3jcXULAb5JXBJUZ4GQRgYB7EZBBI5xkVpSw0LO1OPRuydnrZp7XWnf59CnXqt6yd5JW3i38Put3s776tbNnb3WuW0Vo9ul+1ykvlO2WfILEE8nkFTtwuPTGMYOVaXtmXu4mf5ZX+8dzHbtP7zJ4z2AJx+ZrJeOJLOIxxoxSdFcbQSQnA3HruyGOOoHJA+YVrLAhtJJIxGjvG5AI5HPQE9cZ56+/Brp5IqKXImtLpK6SVtE3va6bad0RzybVpybfK7K7srrRX37t301VlZ3dBLZ5McMm9RG/mFt4KBeVI425JOMce/TJddC0uEslZ2QByu4IcGPknIIwCMYJBHGAMMQRq2EEfkh9iIfIBLeWNrsANwB9D0bqMAdOSbk8UckNvGqKWkZ44sIAvDdcdscg+46ZApJRTS5bJN2aWjS5ejvrpon112BKUWnz2Xm3rblVkklpfo7NPukx11HatDpcUYCOoGGAblOcHuCWPPyDAznFVXhiMkCKnKyswZTtJyeAxJ6YPIPA59666awBhtpFQbbGBGkcrgbnAyOme5ORnJA9xXMwmNp5uSREZpXZcjAH8KZI6gYOOQPTnGmHcJxk2o+6+VtKzd5K7fmnZN22+41lFxtq7tK9m9dUne2z0astX0uYlzZyyTzzjaTIZACBuJQYxwRnqRwQevcDFWoLRzcQj+CK1BVSMHecjJGeMkjj1xwe23p8LyRR5QbplkKbvvgE9STnaPx9+mastZmK9VzsbZFEznO0FTxgDn1P8J5wMHgArpRVlrfV6bXUeq++2/ST6GeGqydTl96UddldrRN3s1q7NaLbz2wJjMjxBN6B7h94JZfvLjkqThiOuSBzxXH+Kf2dNU+NdvYanZ65b6RBpc0tuyyx7zLkjLKeyKPm5BPUgYHHpTxMVmuGVAI7p0Ax8vOfmJ54yeMAhR0x1r6S+A+npdeGLiKcxlbq6umLEfMEQAnaewAOBwT0GAa8zHpLDO65lJ009O8orW72ej1s990z1aUfaVUnu4369FFLrZ30V+l3ezPyg8X/sU/Efw9JPcaPqGma/HEjSBIGZZsINzZDHGSo4UZBY5BHDV8pah4Y1fRruWDUbZrW7haWKW3miaNlZGAOFYBmGVbBBwevI5r+jWGwFyLmQWq29qly0Vs7KpaVlJRvMG3lOMkMCAMcE189fFD9nnwd431q31e9AhvUhdpfs0axrcbSCMKuM9Tk85Gc8g14ssHOrb2UlHRNptJPRWST3s9nfW3WxUoxp3Uk3ZaWe21t0nor2draJ97fihpug3N3eRxpbyyNKpLJChZgCp5wFYnOQcYwD27D23w18PzqWixajLA8cVnPPZNDOjo88gztOWRcEg4UHPJB5HNfptp3wi8FeGjZzaZoFs1zHCsZuZoVJZiB8x3Dr0OSMHg8gYrQ8V+HtMXwxcWlppFlE/2qGVGhgQZZipZtq85AOc5B/KuiOWTimnWipO12lqk+W9tU776PR3ta605fa04SUpwejTu7Wa9yyXLomtmnp620+QPCXwc07VvCeozxW1zbXVrAVs2kjkZJZ2BLM4I+4uQuCWxjv8Adr2/4KeHPFvg2yn0bWsf2e5E9o28nYHYFkhBOVBB6dA2OOx+o9HFjbeCY2FlbwmPTkikKRKu58DLlSo5LZJJyQepx14GN5ZkjKfMshIDsAFVRxhepGPQc+/AriWBVOrJSnKaXWS0k7p3tfeyS3/LX3KU6bp0XCPJaKdo9Y3jo1bVPZWsk/uXSiWFIA5JJw4CuhUZ5IOemcHGR8xA+XqAKYmUxhgCVfqSThBnA25BHPOT1B7E9KMqzCPb1jAGxW6Egc525yANwHqRj2qE3DKCq4wg3Nj7uSD0B9yM5966Y00nFKN9EtE9GvTS2m3fsmaTlKTVrdN4t6aa7brWybstDVlwfkiRZDlSxI52qACpJHIA5OOvtxU0+i+fE0whjSFiqyMigqQQCQFxt/76AOd2OhrBt799xyGZwhJIYgMpPfnkDjPYH7vXA7rTbyGTTooFBZ3LlsZIVQPmBHHTpkgdu/RydSknKKas1db2s10ukrdVd3bv5lqmpr3mpRtZ8yTSdo66K67NX7eTOX0v4Z/D7xPrFha+MrwaDoJlaTUtZsrfN4IUJYxRKoG53A2ZwMFuDwoP1p4e+MXgH4Q6RL4b/Zg+F0EN8Q1vdfEHxDAsupTzbDG08d3OjTxBuWWGJ1jGehC4rwm2tLaVEgKJKNvmv93kj5gWJ+6ODuzj5uAcba67TZAsEVnGkSKJA7LCBhAxAAIAO5mUnOec5Ck45xr5pVo0LWdntJyemivdNaq2qvZNLdk0cuo1qqnJRtFrRKydrNN3uuqWumhk61YeMPiHfvq3xC8T3viC6zJLJp8cpj0+JsluYVIWVhwFZhn2OKs2nha0tzBDDEsMaReY8MaBVCbl4YYOSfVhkd+hrqkMVsb5lCY3LHGNxDZOVGcDnIJJP+0CM9npdRQTuJ9gJt1Qs+dw+UDBIzgYwABgZIyOleDXx1erFa2k1rrpZOO/rZ2l10Wtz6DDYPC0lZRglfV6bu1rvpe1rtv9XSGkWxSS4twghDbRhQM7VYFc4IwMg5A5HOOFzx0piBmjAYxiSPcTkDPIwe2BweMk8YxwD2Ul2i2Uiwn5WZxnftAJGOefXgf7xPWuCtpS3m+aw8pHc792QXUnYASOQu44Pc56k8c2Hc5zlKo3bRatuKdlslu9NWrPbd6hjoRgoctk5LydnZavdvq+u77mT4juVhu7WJV3cwyB2I+VVK7sAknHIJwPlJ9xj1eLVRN4W1BgU2xWzKpU/wAW1TwMjBBzjJ7ZJwAR4Z4puHe+iQsodxGNwYZVVGDnB/jIJIGMce1dBp+oCPwlqSksXZieN5DEkDavUHIGBjoOPWvpMPUUJ0OiUly27e73T6vzb10R41f3qFdJP4Hq09G0lr6P5dFezS/P7xvYaXqHxS1T7XujCxxj7pbznYuVGcZBPPHGMnk7TWNaaJ4R1PVJLO5gVVhQq0srErJKhO4BhzuXOOPTByOap+OfEmlx/EDxHObpIJ4phGgdyuQo+cdwGAIAB6MPxFGDxRoGlXhvJJolhuI9g3pmMykZZ1kALM24dQevLHOMfYZg66wcY4adpOMWuR6293st27q6XZq7PzPBxoxxE/bNcik373ql09NkvP1n8aeH/C1lpst3ptktvdWrou47jCykqMKCCpLAEZAJHpzkcsotJ7S0MUMEBkdQ58tQAQo6ZUYJ+hwD7E1a8TeMtLvrCazhu4CsqkQqF5EgJILEqAwHGCe2OQK5Cw1y1NtatdXsTLDIYzEy42g4HmEgfMRgAHkcdTWOA+uwwiVaUnVc72kk9LR1vzeWmiXmtzqrSw85tU+VU+WL0t0UWtbpqyV/RW10NaVbZX+y+VDtYZJVSVYhjkrng7toLHnKn16Y2rW0DWJ8uKETbxtCqwI6qTyAR0wTnPfnJqa58VaZDOXgaGVIIvIQYIDOTnfnGcEnr0AGeB0xr/WluYgy+UjRnG3JPL85yRkjtkcHn6D0oKrUinLmTtbVaL4Fvezdk77Nbbo8ypGmoScJK+y7fY80ul++su6v9yfs8WrSfDS9VWXKT3LOVXLDCAjaQM5JB75UBRg8Y9EnVv7DsyqyF0nA29BgsBlsAZJyCcZz155J8t/Z61J7P4b6tdlwRFLch48k8PGBhscfNyMcnjHfn1YX0c+k2Ds+0TTR4UA8ZwQCR1Oc/eJ546dPmayUcRVk739ryvVaWUXfTr3vu1rsfX4XXB0OjlSi/K1oNWemqtfz20ZXgUfadIGXJ86UsgLBid2Cc5z/AAn7o4HQ88/KP7WN7NY+NtPWMcSabGzBmwEPTlPlHbIJAx8pAxkj60jVU1HTAoZyJ5gR23bs43Z6nucZ74458I/ab03TZ/FemSX0UYaTSY9zuCQMYbGMgt3APoSAM4ruyqrGGLhLl1cHZJ3svd1tru0rJaK+2qtxZvGTy6a7ziklbS3Kt11vbv8Aq/jL+2JI7Z4zEr+aqFmUkDIxnJIJIPXsNwJ5xWHf60ZIdpRVWFwig5ALdBlgDhhkgAfrzXuehWHgaS4jXWI40BkWMLzsaEfw/KMjA6DkkHGQMiuV+IGgeHlvZf8AhG4h9iaLeuXLRFweSAW54yD68555H09LGKc5U5RdNNLlcly6qzS3vuk9+58NPDzs5c8fNJ3erTW+uujtfdereZ8JNMj8Q+N9NsHmWBbou7XDhQFVU3EjIyMgcZzjIPOcVyfj3T0tPFes2yTxypZ308COG+V1DsBx90HjOBnGD0rvPh/q0WgNLcpFbrqaMq2spBPl7gA2DjgbWHfqK5XXJrG51ueW8EU95PfpLLGvCujSgyKx2nDHJZiDuGW9TnKFWKxdWTlePJFXemt05Rd9dtVpr063mpSi6NP3k5Oc5NbLXkuvJxav0VranmkEAQyqhMjbuQgzghtxPGQRgnPOR64NdxZWjLp0xkZgWCFVAJJ3Z4A9txA4JAHXkGvrf4b+A/2fNWGpXPxE1ObRbh0t208aW+Y44hDucruYB5gw5yBlu+Coq54x0L9nzTNNa18H3N3rd1cs62t9LcSRSwpGMK08RIj3PjJI6diM5rH+26M8TDDU8Li5ONRRc/YyVNNS0fO/ijpuktNX3Xf/AGHOnQdf61hJKcG+RVb1LX192N2u97W8r3b+RGgURQkl3Ta2VyNwXIBJGSAfmPy9s89QTtWVsYh5sm/ymiCqVXlecrxzxnr125J5yK6HSNI8NxaoIdauzHYGeQyyRMTIgySqqCcY6HIyQDjBzmvbbLTfgnB9lnuxqrweVtH707J3AO3PIwCePvDIPPavdq4mzpuNGpOUkl7sXpZR0dnql1vfS1r2d/NpUOaE71KULae9J33j1dtO+m9tHa55dpUMskEkbCN45FjAVjkhcHa7FSMZAJz1zj+Lrz+q6dIPO8sArFvXIZWO1jyqgnIzjkDAwD05rX1K9tLXXr2TSIni0pHb7MsjswdFyFBKsw6c89cE8YIrttMn+HT6JO+qx38+qzOkjLbMy+Uh++qqcBlx0bkjB3DPXmxFRwcZyp1KvNbSMVJpJLVqTTV76Jt7a93vClGouRVacXDWTnJpO1tU7PR221b3V7njsFq6wqZSQ2x8KT8xPIIIDEZyOxP3evc9FplnK9uvlqwBiYNuJGQD1xkge2OQpyeeD2/imT4ePpliPDOm31teWgVrmW9kGJ2Y8gZOd4JwAOCMhu9GhrpVrbie6LyLLAQF2HbGxH3lxjOQeT1OSOlbfWYyoqTpVIqyi4SVpdNXp1V7a9n5LGOGSqKmpwlonzxldXajs7Pvpp1fkclKjwXGj9E/0yMsWb5Pvcg9iDzuPrk7iD8315onw88T6v4L+IfieK3vodLsfDlvOLgQ3AtJIZBsTy7kL5ABbPBk+Y5yAM4+fdR0vR9QvtAjtU3pM+6cKxCxgnqcn5dmVySc4yM8DP6T3v7e9x4f+Bvhv9nXXfAPho+BQdP0vxTrGj2drF4g1XQrCTzDA1xsVmnlVsGRnzx1FePj8TjIYenTwuGdZ1a0OdSmoyp006bbV93a6SurNrTY9fAYejCVV4mp7NKPuyimm3ZW9N+vTR3R8w/A7xD8IvC8eu2Hxo8Baj4vgl0aBNIewnUXFhdyKSZipyhUlgV2qM9iP4voRfif+xxHp2jWtl8IfGEF5pdx/wATeVr9CLqGUEr5ILZBCnleRwAOMGvgzxx4z8L6p4z8U6n4Bs7rSfC14yf2LY37mS5t7VI1RIZGBYAhlJJDEDOM5rF0vXLmRLKWV4i8lyC28jcwHADHPKjAI3ckDJwenPXwNXEL28qmJh7SKbpxqShy2UW1yx0Tuveervd76k/WYRkoU+Sai2oylG/Mrxb6K93eyaXe59e658af2erW8u59C+E2psXe6WOLU7ySWELhRAxiBwBnG8gc5IwBmud8O/Hv4W6dqbave/Avw9rUMqJA+nve3sdujhj+8JIDFzxuGCAecj+L58a+kMty7pp8nnSOq52ZBwMFdwGB3BVtx5ySCMYkl+xWQI1kQk4Mioy7WP3cH3wc4IBzyMAU6eEoVKHJUhXqOMU7upVTbSW7jKz07NN3s+lq+sV4XkpU482qtBOKdovRNtPRem+j0Pv/AMI/tQfAu3sNmt/sjeFPEV6+oSSvfPq1/Ax04kbLURoQqmIH5XG1jgAmu38FftFfDS61TV9J0T9nzw/o/wDaOnXa6dqEF9Kbvw8jsxxExJaUBSFy3PAyBkE/npYX5QRMscMSiQ8AjLgqvB4PBOeQDkHIx27Hwbr62es36lIUkmjWCJk3IVeR1UAFQDzyfQDpk15n9kYFNy9nirxTa5q9ecU3ZtWlU5Xd9LO/ldX7MHjMY6kb1KKjKUb/ALqmm0raXik7tdvVbn9Pfje/sv8Ahiz4fS69LaaZY6r4Y1G2jt3uXeS5lETPb5JYk5bDbT3wABivw+W6sm1FbRVTyrW1Kja7EuSMghux5BHy4HTHGK/Tz4weJPD9t+wt8HYv7W0zUdbCTW32BrppJ7fcu0BVZiC4YkdABjrkjP5m6eIgi3fkxI81uiO5Chdy5VlUg7sADAOPruArTh1OjSxck7KWIneDd3aMrddVdpXVuzbPWzya+s4aLavGjTbsk9GopX3teSj+Db78h4/MzeFL65sYvMCyrEI5CfMcyLsCKCcgknHv2rl/gX8JvE3xI8aXWn6f4I8T67Lptvatf2Hh7TLq5ubSCYgfaJvIiZFQkn5m5J6A8muv+Id/5XhyWKNokZbu2ZWjAHIZBk5A6ckE/eJ44r+hL/ghgNBuPGnxd1BZIhrJ8G6IS5SKVrhVaMOGDA7RkNk+oycDp4HHXFGK4ZyirjqFGFWcOVWqycaacpwg5ae9s20tL6bWOHL8FTxmJtObtBRnyxs3Jpr3bbrXR3ulrrZn5Jv+xr8TLidF0z4afEZLZLglBdaVdqQO5Iki6nOGyQByowMGvAPjV8JvFHw1EUHiLw14h0NbycC3bWLSa0E7xDD+R5yJ5gOMblyM43DNf6AmqXtnbhWkaz3XEmI44/JEqFgwOUK/MQeARkdOq8H+ef8A4Ll6dYyfD34VajGkXmnxLcWryKsat5ZSVj8yAHbnaCu7rg88A/kXCHjBjs84hwuS16GFgsVOUJOnUk5RiocyaWzvZq7bVvNH0WKymhRw7xNOElyJSu9krwdlbZu+7d33dj+WHUrlTK0oiMchdkBYgAMM4HBB5GBgjAPXkCuWkuZXWfzCokaJjGWIycORhcZPTJyAeuOeGrovE0lnGZghJJnYKyMQAFJBPykDgDOQM4JUknBrnpH0aaJt8wiaOANG4YktIPvblJyDnqR298V/RFCbk1ZSd1G/X3nJXemnS97vt10+jybH06sIRdflcKb0uve0S5WlpbTTS90ra2PpzRi0OmeH3lhAKabCCoAwQ0Z+Yj8DlSQMjGQK7vwL4Y1T4l+L4vC3h/xtZeBXntC8+rXs1yIo/m2uu23+cuzHIVep28cDHnml3q/YdHgikSZP7Ft3EjfNllTtgHadpI55HJOcYruv2etas9F+Mvg7V9Uk06x0mw19ZdXvNTUG1+zRShwk6n5WiJADDJyrZI4wP0fMa9WlkcHRUXKGF5kuXmvOME0tFdp6X1St5M/GqGHpVeIasMQ1GnVx81Nxk42g6l3Zr10Ssr9dz6Hvv2U/jX4f028jt/j1Jq8EUxiiktbPxLKsjOCY2ZGi2tDLwqkDawIzkYFfHHiDU/jl4N1afRNU8V63BPptyyR3TeErkROqOPnEkkO51Kj5SecMc5baB/U9qP7avwOs1tP+Eevfhr4qsYtLS4161sDbW72Ztrch4laRUJlDj91tOQSSBk88N4D/AGrv2bfjLo107fDKwjurfXLmK41jUdLsL22t442bYklzLGWaIKjEkkg5KgHgr+OSzrMlze0wlOahyttU4werjovc1ttdde/X9H/1ayuryOjjqtKbu4wddyT1jflaqJtddd727M/mif45fGTTdrQ/FK/hdHRttz4XKKAuMAsIAwViMFcfp06y3/bG+O1jLEJPFWmeIY4/LjEP2OXSWwmPvTKsTqX6nB6k5PAr+rSH4e/se/EbQGvpLf4eQNfbVje30rSlBnhVjJEvy7op0YEFflBxyCM4/MQfs3fDXTvjrcQ+LD8Pdf8ABwuNS1yw0pYrCCFvD4DSRM/kYmkvIUTIhAOSQSACALhmOFxLksTgKd1BzlzRTm7SjdOKjon/AHopXV9kZ1cgxeHX+x5pVWtoJyqLWyas3KSd7Wtrve+9/wA7tA/4KB/Ga1jW4u9Gnkht2ZWaz8UX6jbtAKqvnBV4OQRnBIU+teo6H/wVB+JWjpbW0umeK7aCS5DpMniu9c4JILJmYjI67SOy9VNdJHpPwCn+PuqzW2kadoXw+g0u8utP8Papo5Wy1u4WQqTaSrF5jqAvyHGxhn1yPsvQvg9+zd41vbPxBcav8IdA8Ow6T/aEHhrUbRre7lhRHD5Z4VbzIyuTtztyBjggZ18syfFytXwk6PPGMqcoNxT5rLRppaJXe7s76k0MTxDgqbnTx9KvGMuWSk1J6W+zOK0SWrvrfppbx3w3/wAFafEtjPCt9qfjpFMe91OqQTiM4B3BpJMNhc5Dctjpxk/RXgn/AIK1W+qagtvL4u8bBQrPIf7OtLsbFQbiSEZSq45C8BV7HIr88dcf4R2Gt6x4Ik+FvhjUbK91LU9W03xFpVzie60aEN5K2yuQRBwdqrhm5yGPNfl3r3i3XfDWvate+EUl0bS4dXvYLfJDFLdnZRCysSmVVQpXOGAwMc7uWtwHR9m8TQnjaGl6d61S0no003zfevPrdBPjbMMLKFOtTwVaEpJVLYanzx0V9VFWlbVW+8/ru8Gf8FUfA1zHnWPGEV9CWEcS+INCKR7ydpWQx22Wx0JGTngg9a+nPB/7Vn7PvxQjQ6rP8ItUllYGW0v9BgYmNguC7TwKQcleep4GORX8y/wk+Ivwm+Pnwhj8H/Eu30zwN4p8G6dLdnxTps8Vnea1HGpMU0cStElxIGA84SEN83AOCT8eWnx21DwX4lvofCt619aWM0tok9wu9LqKOVhFN5gPWVVUsB3J4IIr46nlmZVauKw1Ovi8PVwcoqVKslOlVjLl5Z06kbOUWla7el0mtz2amfZVTpYeti8Pha1PFpNVMNy061N+7zc0U27x2137bt/2z3XwY/ZH+J9zDqOr/DD4PaibVRcWX9lw2dgJZOSrZtgr7mYqSWGccNwK+A/FX7MvhfxF498Z6J4g/Z30PTPDs+naq2n+KvDV6l4NM0WCGXyGNpKxgMxZTtMeXGQRyVz5n/wSG/aC8OfGTxBq+geN9DS616O1nNnfiKeXSLSCKBceeUUxpOGUsATkkZJPWv3J1zxT4K8PeFtc1WOy0jSNL0LT9WbW9bvWjtrRrOG3laQRNcELI5wViTONxAHOBXfgXiY0nDG14UpRqOm01LnvHkacZXu73slezva2p0Rng1NPBUKtaliYQqqU7cnLK0ZJqyvKKunr7yV/M/lS8D/sqeBdY8MeNNP0rxLqPhy91LVNXWx1HV4JotLk03S5pEhgeZgieYXQIxBVVOeQpOfhL9oH9kzx18NrrRtV1Sa21LQNdiYaTr2lGa406/kjX5gsil1AQZDMTgMGLY4r9N/Bnx78KfEa9+JllquppafDzRtV1m28KafZwRjUtWvL3UpykKeWAxgnLB1MW7huOvP7jaH4G8BfEr4C/Ca38Z/DzRPBPhvw14Mu9WvI7+wgurq9sLaJsQJBIn7u+1AIZVcAysJMjk17tOpUw1WVWTbc6kL80eVW5adknd30tolbRfPjzbKMBmFGh7Kk4NLk56d+WMtZcrSbunpFuK0bSP4E9a0aGyvpxJMJLi0do3VMtkZIAJAZsA9FIyBkMMnnldQtUS1mw+y4l+dVdQrKm4kgNkYOAvAIJXvgHH7B/wDBUj4HfCj4UeL/AAv8QfhF4W1Hwx4d+JMVxOuh3xKi0lt2KGZIpCs0UN2+2VVIXrjHavx41C4g1GGUSyeTdkiNQuTgKMkYGMHp65GTjBxX1mGxCq04ThaSldNrZJWvZ/zW05Vo7I/LMwwFTL8TUw9Vrmg/dabSkny6vme7Vlsk2m1cxU1S2Kxi5SItb/uSR97gbQVIA2lSMH+8pOcGp4ZHklDRiLymbcitgbt2T8wJ5X+Jgc4Pt1ppp+nSIVLsjk7XYkEOVySRgcHcQCR3yPXBDAHnEVuRuV1RW3H5kJUZAHORk5A4APTJNbzlFQlOTcUkm+bTRctrtpuy0316nEm9Fo23H73ZaNa9lb0W5oTzspaJVWISBvMZCu0c4HIZeDngcnAyeuSWum3d6YlsI7mbztyJGqllkdjgqW4XkntjkYxuya+ltC+G3gay0i2fX5WuZdTEbKBuRoTLgtjkllBJzgcA429BXqzaV4P0W70Ow0Hw+t1Z6OFu7m4WRlEnAYM277+ATwep6Hk4+UxnGGFoOVOjSqVqibS+zByWj5W9436qLutk73O1ZZUmlKc4paPlSvJbPbqrK7b9GtD5T8M/DTxFrOs6XoVxFFoMGpajbafc6vqjmKwsEuHVXu5ZTjMVupLyhSDgHIB5H2r43/4Ju/FrTfLn+GPifwj8Z/DEdvYTXvizwhqCNYadd3kfmrY3LSSrtlRsq2cYwSMAGvK/iB4m1TxIjabpFhDbWEzyi0jZUSdZGysp3DqgQnnJJIyAc83/AAJ8bPij8GfAPiHwH4T1W80fw74gEU2t6YkrLJPNACjzWlyGZ4ZSGYIVIOAcHHFfN5hxDn9alSr5XPDU66fK8JiYuVKpGTinKU4v2kZQTbik48z3tdM+iyKPDdKtPDZ5hcTWoTjzLE4ap7OvSkre6oTvCUZXd27OKfMlucr40/YQ/af8KaFeeJtX+Gt9JpNuHM11pt5b3zLboN7zxwW0jyyxKoJZkVtv3mYYNfF81jJA7Q3Jkj+zyNGyupRkdCVdGBwQVZcHIPfJ4r7c8aftT/E238J6MPC/i7xno9zbW81hPZSavc3kNzZzDbNI6SyOzbl3AIRjB6Dt8h3erf8ACTI8t+qx3siyN5hQI0szlmlafaQMsxJ/HPXr73DmZ59XpTeeUsGk6iVKWDjWh7vuq9RTbstb3u9NHvrzZ/g+HVVg8iqY61n7SGLcZJN8jjyyglrbmUrrS1ovcxbS7j3+QpJEeFLHayEHnG0dDjA7/U9Sk6STXA8yQhEBKEkbWQnG0AAgck8/dC5wecHmZhc2bypJG5UlgrRgnzChP8XTocZJ6jnIDU6G+kleBJNyqGKjLbmyT9zknjoODjIPqK+4pQhJRnF3vtre92na7lfV6arWy6PT5aOk+WTV0lZaLdpW7vprr5Le31h+zLbrbfFjwY88Ie3t/EemXUscnIuYo7lZJIWA3ZjZV2shyDjGK/t58G6TB8W/BWneItA/Z58Oz+HdPk0yyfUZ7GwinunhjjW7ntm2gvb4BMqtlGDHfuYkN/FZ+ytZ6prXxR8MWcOnySmaOVoGCD5ZI42CMWI24ViMkkEcGv7Kv+CfHhv416V+zvc+HPGHiS6D+JdR1220ax1GWKOXR9NvhJDb3dpIjiRiikukbHKFQQF6n+UvpE4eNetkkY5jiMHJTnRdPDyjCpU55R5G+dpclOVnKS95rr3/AKO8M54jA8K5hjaNHDylRxlKSq4r2/sVBKCqwUKLi5TtJOCd43T2ufGH7R37JepReNvH3inQoLXQfBuo6daD/hGdDjtEgt7tlzLFHZ27bShPLbVwzMWwTxX82X7TnhbT9I8WeJbfRrOWWSxeEjzY9ptZFO2QfZgAqNleAijnnjOa/qK+Iv7Ef7Qn7O2san4+Pxi1j4neG7++AttMhup9QucXk00jrqFtcF1CQBxHG0OcBByM4H5A/Ff9jf47eMPFfijxHpnw+1bV5dZvmuYruKPy49ruWMTQyhQGAznAOcdQo3D2PCjPsXhZVMrzTOcLiI4ahSjSqz/dzqWUWnJ1XaU0mldaS1aesT6fjTJcLnWR4TMMopQxk61+eWHjKThL3VOPK1zRkp3XLKzWl9bn4u6Amr6zqMMOohRaxtbGT7RE8eIVdQwjBVW3HOMjI9M5yPujQf2VdL8VfFTQrLStesvD1hd6JZa3BNCk88JlVI3SGYkHEs0owVJAViBt+UY9b0z9jX44W8ryan8JPEFxIkTwOxsxGsTRMwBBCjcAVyJDk47cndQ1f4N/tI+CruO/0zw/4l02SCSKICKwu7g21oi42+bGjjC8gKDjcMAcmv3WpnWCxNKp7LNKMZQlFXU6cpXvuk5tp2k1ZOya1SPx2hkONweJisRlNevGylaVOonZO915ct02pfZXkz9Tf+CcXhL4ZfDfxn8Urnxld6F4hEcUOlQ3mpw20stvcOfL820hn3fdf5SVGTjPJANeI/Hbwda6N+1F8Qta8I6Vpdv4LvdKUQzaY0AdJbqFQymGJgsZklJkK4AyTx90j5J/Zgh8Zp8crDTNfg1VbjVrq+N1Z6qLizjvJBFvNwIZlTzRE535CnLEjOTg+m+IrbXtP/aU+LOm3UupW1lZ29iyWss7vF8kYkV1jZiFRjtIXkkHr6/D0svrUuIcZjHmdbFRxGBU/ZvlUYvmjC+jcXFcrfRq90z7qeLoSwOBpwy5YSrDERg1Je8uRJ680U2nfXVO662Pxw/bA8Jza38U57l9VtLRtKsTbNb3ZKFlLiQKmDgjoXA45wNpxn5x8P8Aw8guB9oTxTo1tIzKWWSTCouQc/Mc4yBjGT/FnAr6a/bRuyPjVMybXtpIYWkR4/vEou8MQQOcZI5wMZz1Hy7bwWM08ojtIyZRlPLLDyzkgfKMYxxyecfdyAc/sWUqX1LDpWuqcU1pukuWaevmnv023X4bxLDnzjGS0bVW7eju2oNNb3V2k99t0b7fDGws57u5PivT7lwyystrIgLKp3MoYkDacYx1zjkc5/Wv9m34p6N4w+DVj8LfEttp/hXT7e4/s/SNd8qOVHu3mBSd3AZYWYECR0cM24sx4LV+Pc1pZ6NIzXkUsqzoFC7iAgK5yACFJyducfL1HJIr9H/gTb6Bc/B/wrqsUMapHqF2Ht5CxE7xysBvUDBwFJXH3WwCM1yZ9h6nsI86u1Lmik0mk3voul73Tu9e5vwzinTxM+TS8HdNcslZrbronvu1dJLQ+wE0XUPDnijVtDcx3ttp2h3Bt9SRf3N6jxlhPHIARIrEjcQzYJIPGFr51+N1vKvwnv7mNFVxptwSMk/LvPUZ6k89CSSOMKcfSngaXVfFGi+JNKur21a5g0K8ufC8UkjC7K8lrGJj88qleEjfdjgLt6D5R+Kl7cQfC3WbLUoZ0u7S0mS9R2KmHa5UjGQMr3H3geDivDyyo+ZXVnCVrJWs3yJNReitZtq977dD2c5cXLns0pQbSStq1HVJ6q99dbq/Y/GnxZFc3VvbgFGPmMAhUcEkj5s8k8k4zwP+BZ8W1ZLjTtQbc7RmNd0agcqwIwy9duSMg9x0bO3H3HZ2nwSu4o7rV/FWq2crx7bmA2iSRxyFgrPAc5OD8xIJOUxyOK5/xH8JfgVqM9vqdn8U51tnQxjz7M7w3QCUIDtAxwcZ5GRlRn7CMqnKrQnrGNpKOnRq27Sb82r+R8PLkjK7avf7Vv7q9bNq9/LyPk/TPFmtTTR+fcNIrFtjs7krGmPkJ3DqDjnIH5k7Goaub9I4xaxOwHmNl97ruxkZJzwcsR9Ac44+grL4HfChTJewfGLTJI1RglvJZOpJzjOQpUnPJOOSAeFwa1Zv2efBkkaXNl8WNEIliJ2Mske3PI3FguACccnPfknFRKnONRyamkrOWjb1t72zW663tfW2xnOFOS92VNSb0ba5tHF3Tad9evVK/Q+TZ3tlkA8uNC3zYjyCGxnOCccEHqc8EdDXr/iTUZ9K8C+Ar+zlaG4+1Xcy5QBiVIK8ADP4nDZPY4ruIv2d7aCeXyviJ4TvDGCUVrlQzKwJyPMIyAMcHOT0G3ru+NPh3DN4Y8KaR/wlHhqOXTpZlZ550EErysvKEHO0KpJPPQEnqCRU48ylCSUk3G+rabi4vRaL00dui2yUJRnFqSacl8NnblVnquu9+urezPWf2b/jB4fv/Cuu6T8QLObUp7hZ5dMlEmPJnQjYSq4I28Yzgc/wgZPqHiv4g+Dm0a0vU0aGVtJZDePD5iTTru+SMNgZOOHLccgL0Uj5J+G/wg1N9cubS38XeF0t2yN8OrQxKW4KoPNdSFfOCRnjrkmvoLWfhZ4kttKSCXWfCRivLiODdBrljIJwhwVdTMzKxG3B+UHPqcn4HE5HSr5liaqlVkpWUo80uSzab0VldST2tZSaVj6pZpVw+DoUoqEHFWUtHzapptrqnK1tNHZW6eueBfj/AKRBd6re2nhO8ez1Dw3e2S4ZjDaYhKF5SflO0/NljzzyOo+atE8baI+rXU/lNFIstyxIZmEqs7HYoAOMEjA4BHGDivVbDQ107RtQ0jT77RraJrG5tJJRqFow+1yoFlQkSDcjbeGB7+gAHhJ8FX0ULxWl7oP2qJw8txHf25yqsxP/AC05bkkDPfJHAz6+SZMqFTEzpwceblWqfvNLdNtt2una77dFbz+IMZPFYbDOtJS5EpW91WlaL9dHZ6220tdlP4vzQaomhahbmU2k8rJGjBshOAQScgnJIGM/XdzXkehxBtSZY3YNGzKgCYYDORndkbQAMjGD/DnrXvfiDw5c3em6Uk2q6UsWjIZrqdruHyVd8qFOxj948bwRjnPHFczaeFLQol9F4p8JW87OAyjUIlBXdyeJCQQMbjnJxjHUV+jZT7KlhlRlzRlGXM73vZcqte213touuzufKYjC4mtaUHFRbTbTTsrRTtrtzNu1977GMhtLe6EkquyiByU5PI5OB1PzHqMfxZzX9MP7CvxSvPhj8GPh/wCIfAOgeMPGGgX2kzad480vQLWU/ZrrzCbS4kuYIy5MEjA7cnpycdP529N8Bm81Ef2Xr3hjWb6GB5Hs7fU4neTI+bAZiAozhmYAYAPTAr+gD9gHx18avgr8JbG28HfEb4KWWg+IGvJdX8J+I9Zsv7UtptpXy0V3kMYBXII5B+8QvT8E+kJgsTjOFfZ4LBRx8p1vZSpT5veUo2bTgm5JNxunay1Wp+heHWAX9pt4rF06Hs6ftE24pOXNB2ala6aTTWqaurWP6SvjP8H/AAr+0j+yomkeL7e40zXG8GWev+E4tXQ+VpmpW0IvbWXVJhkKEkwsqMAMDFfIH7LcH7T+ifs2afo3gzxT4Ml0LwO/iTw74smu7BzalZzc+VJpabQrZJCrcIcgkFmwM15J40/b6+Jeh/DTWfAuu+Mvgxpq+IPDT6e2sprcV1FZCeNkVkcEgbAwwAQFK/dIAI+CP2V/+ConxN+DesfEHwZ4u8R/CrxR8N57a7t9FNjqNqsS6sLd4jcyRytmaGZcEqQSHJKgiv44yLhbxBxOQUcHTy+rSw+XYujXjh0pe0rShFwlKlLlSnFRlFT5m3KMVdXij9ZlSyx1MfSqY3L6n1mtOdDnnGVOEJyg6kZRkouMpKK5WtI77b/n94/+MGn+Gfj3dX+sa/cvqfh3VdcsL6K1l8lYrue8nTzI1UrvRpH3KXwcckDBrP8Aij8VdFuPFXhq1sdVvJ7OSxa5vPtdwJyJ5289gFZiOrZUgZHGMEGvnn4g6FH8UPiJ4v8AF9z4p8C2s3iTxXf69HHb6pBEgtprqSU2pBkHlgBsIM7RxjOAtaOt+D9M/cajaa14Jlu4ZIYnR/EFofKt44ljYMGmLbt3bruHPAXH968LxqUssy6OMozjUpYOhGpFRaUZxpwU42tffZaJavR6H87Z9wxgVmGLlh6tON61SUJQmmpRcrpWaejttez730LXjDxrpl1c6TYabeXlzDrPiLSLDUEjkLqouL+GIbkUthQrAc8MOBkHNfuH4s8OeHPgh+1r+zMPh/pt7qw1DwN4S1GXwxpa/YJNY1u9jtLGZpBHsDvF5rzln+8yhjk4x/Oxr/h3VtHt31uw17wvEbXVYL0QQ6vZz3BlgmWW2liUzA4WQK2fT5gMCv0g+Fvxo+LXxL+IPhPx94h+IXw5t/HXgXRNDtfBPiC78Q2dpFp8di0M7RTwCcLPMIIxGwkGFYdehHwXiPkue5vi8LPK24UlgswoVaLbjzVMRQVOhO3KuaMZPV7xs2ru1ve4Ty7LcJhq0cXUp8yqUZx96K+GScmrJ36PZ3a9b+of8F8J7zR/2i/ClvrGn6np11N4PtrxrO+l+0ywGaNC8SyEsAqM/wA3IBxxnJr+cEaxLby3xWUhftRIhHykgtkDAXcPUgYwenGK/a39unWPjT+1p8WdU8beNvGfhTxTrdrpEGj6fc2eraRDYJZWQCtHFtnC75Nu7eOXOM84x+OeqfBT4oQavfxx2FhLHHetEskWs6dKhxnKjbMcgcgHpnGB0J+y8NMrxuT8IZVleY+/jMPh4067Ur3nfnd20rpJ77XVvMwzqVOrmFarSlFwk0kotJWSV0rcqs9HayvqcqfEszTkISpkISOEkFJHDAFSScoCeGOFGCD0GRu+KNWnu9JzHbR2LKIraa3Epk3OFAZ0BPCnAJK/Lu444FWT8KfHVuwWbRLZpYcMZBqFmcOSGyCJcDBGO3K5OKmf4WfELUfNU6YgjjYSxn7bafNJ12/60EgYwo+6cqQBgV+kwo01Tg+RuatJSVrL4Ur3W6vfdK26vq/Cp1FCq05R97/CrSVlZrbTaydtFfW5w/gUoL+43q5IlUlxwEwpDHaeCM7uRxjByVOa9VW0ExkkMhYx5Y+anyEbgOB1wcEEADg+3NLwd8LvHFjdX8l1pUaRrKCW+12r4Yn5M/OSB16HpwDjiu+m8FeKbRgs1pEVmQuFS7tiCMjBBD7skcsvXgcYYZ7eSU6cFFSS2211079lo3fV66beVmXL7X2jaet9H10V3qrLW9l919/KtWaSG8stozA1yRtVcK5LDOeAerHPPBHJ6Y950r4aaTqkUNxqN5NZC5s2vlESlkVgmREACDu5znqR1IJAPKXXwy8aX8+l/ZdJ8yNp0dUW4gLLhgTyW6DnjnuMHNe+aZ4D8YxyLZDTbsytE0dnEZlHmSBRmNdr8CM8AZ5POcgkfN5tlmLqVoKnGo7uLdov+67K17rpbdW1s2epg8xhg8MqrlFW5W7tWSi4t2d0lddbLey7lnwH+yDqPxA8L2PiTRfiJ4T0F77xDFpEtt4huxDdwWk0oj+1SRM6EQHgHaCRng9q+uPHP/BNjxnoHhGCOP4kfDG0k0LV7C2iur3xB9mm16zvk3C702CedAtsAWDNjLEjnFfN3hbwT4qm1ibTb3Q728v4LVJYdOt5pN4mjbMbLDESZJcqApUMSee+KqftCfDL4yavfeE28RW3jXTLq8ijTTtM1OXUbJ1hRAsBtorvy2mQ4VYiilATwSc1+K8U8B8aZjnGFr5fn1HL8NQnd4eplscTUekUpKUqkZpbppLyvdI/Y+FvFPJcvy36jistlia1enFTnTxap+0hCUW3yNSSbbV5JdV6P1/4Yf8ABPj4t+MrLxLqPhGXwLqtvpuqnSZU1fxbp9rbyTvkJPCJLxd8LMAQ+AB1J5ydTXf+CdX7Ynh3wRrPjSLwH4Yu9C0Vr+S/vdI1zSLmMWtmjPdPbItwzyLDGN3y/eIGM18NyeD/AI1+HbO+0BtQ17Q7kXEbTWzeIpNP1PLcQme2NxGY94GQXUDB3dM11lpqn7UWm+H5NCHj/wAWnQzBLDLpi+NGFvdQzoVdJYzeFW8wfLMACSDg9QK8zEcAcfLG4et/beWYihT5XWjUyyrGrPVc1nHENLS1rJ67pdPssB4q5RHDzoUcBiKEJyk4KGIjNKMt4tuCb0ekk2n2T0PiHxLb3NtqN2l0g8x57tJFO3AmSZ1cDaeWVwVOSR8oK8Yr6m/ZQ07S1+MnwfkvlCD/AISGzdo1X5pWEybUAHVmJwFOMYPQjjhvEHwb8aadFbX81gt3NdLLK8D3trKYmbLM5PmMGBbJY5LHJ4XNa3g2x+I+g65oevaNo32HU/DMkeo6XcRy20ii6gbekjAsAU8xcAEnI+9gjA/SMy4ezDF5JiMDGL9rWws6K3SjKVJRi+6Sk1tey3uZcE8VZHlPGOAznMF/stDG0MRJWU5RjGrGbtteStt/265JH9o2lfDzw74zsJvEtxBqPhiOSC406za4uZJZ5ry1sY3tpfsPMpimkwA0cZAHQ7QDX4h/t+an8QvhOU8EeIdQtbeHxS0ceoRCOR3cmbzLVw84Em82pSRlQBQzFRyK8k8O/wDBST9s3SL7w9qx03Stb1XQIo1hgu7e2SEpGdpe4hUGKY4UDL5JBx9PAP2q/wBoT9oX9rLX9N8UfEzwpbDW7WcG2t9KW2tbe3gVdqJti2KzYCk7sHacAZr8G4T8Ds9ynNIY3GUJ1FHERrSmq7qxStzS0duV3tyxSv1bve/9p4r6UHBeHwWf5Zh81jjqGYZVXo4HD1sHJVsPipuKp06c5R0puEqntZubvKKsrNs/Vj/giD8G/g78f/jN8QPA/wAV/DS69odtoEWpaXayzvbRf2hASDOhTBBcoBgdTgjmv6kbf/gmX+xpcJDdJ8M5bS4bbC1xaaxe277f+eSvDIsils7X+YYOckc1/MN/wQlbUPCv7Rd1H4l019Lu5fCcr3rzXMSQRQNKfLkchjuYZHyDLDHIHJr+zm112WSygi0KXTb9XUzoEvFHmRqhYtuJzuLduOoJ6AUvESm8PnFbAVY1Hy0oRjGLmnJyhBW5Vo7SuktdXpdn8mcQ1MZmuMw2b5dVqUcPiaMZ/u7wpwaqPmbt7kZOF79t9L6/yLf8FZvhb4K+HuifF3wb8P8AQtV07w34P03TobSDXL3UNQjtHubhWklsJ7osoVizAEOWUYUZHzH+UTU5GWV7fbkovDY3BiUwCWAYfMDxx0UMAciv64/+CzXxS8c6E3i3wr8QtDu/C/g74lJFFpN9dWUEw1F9PmJEFrfRqT5ZA85tzhtvy/eJx/Ma3g3wM80Mt542sLaGRkZ5BFnYNgZYn4wSAvVuBjrxz+veCOVZhhOHZOtRkpVcTOqlLdwbXJd+67tWVmr6a9UfiHizTpU85wcJ1lUX1DCv2kHF3nJLnblfVttWbd7q29j5eTSJZrqd2ZVZAhVEGGc5XA5IONw4HGcgYOcV3/hvRbnUWje9LReWzGPzIlbc0QwACQc4XjnBDduoP6cfsbXX7BnhHXvFTftOz3XimGaW1XwxPYwNHa275XfJcOijMRBBG7nGCe1frn+zN4C/4JyePviN4hvJ/CWna34Du7xNM8NR6VFqN9La31wA4NyyRERsVznng4+YgVz8dcX47I8fVwlfJcVKlzKEcTzQVNuyk3K93GC2Ukm2/suyT/QeBPCCrxZwxUz/AC3NIVZYOi54vCQoynVjFSSUE1UjLnsk4pxSkmrNn81Ph7wfYa3qOmabqMMtgL/UIkF80JCsN6YxvADYzxjgnvjLV+nH7EPwK/Zn8SfEnxx4b/aE8RppWh2Utta6JcqxgVpZGUNK5iBJcKSQDgEqOMV+3vxl/wCCcf7JHjDw18QPiD8LdTn+H2s/C/RZdb03w/qFvK1pqhtozKo2XS+ZAZtoUBUOGPOD1/JP9g/9nfX/ANpD9q2y8ExzaVoEl1Pcazdm9tkurEwWTssUk8QVhIJUVWVRk8ggAjn8p4mzXGZ1kOMWDnXwdapRhUhLDVE5KbnFRSlDVOck4O/K7O6a69GBySlkGOUsc1KlRnVp1p4ihKnUpxp025z5J3i2tdYtpvfXQ5H9vD9nz9lX4afEjS/DXwK8cReIfD99ozT3sksKNeW9+sXmQwB0BO11ydx5IHbt+KPxBudHt4I3j3hYr66tm2b8MI3KkE8nLYDHsOfTj9lv+CmHw30X4M/tXeMPBljrWgw69oVno5vZmuIrGzeOW2ZZGtbWVkaMnJwGQYJAHBJr8V/iV4U13UrmZNJudHntFvpbxXXWLMMUkfe5ZRNySWPTJO4gDHX9P8H8uzGGT4atjZYitVnQftZ1rtqo5RulJrWMbOFru6XXU/NfETEYGviYxoToqDVOcHCPKp05Qg4zklZXlZuSSi03bS1loeHNV8O6xa+H9COoJpFxeXiwtfTuwhtxI+wSEKTwM85yeOmeB9Hf8KUuNPN9Z2Hjmy1eKwRbgXdpZ3skckcqBwokSNwFXdkgnGF+YMQNvyFoPwt8S3t7ayGbSoVCROxbVLFViwQdyEyr8x4+bJOcsMHJP3J4U0Hx5pWnG10jxZogspoY4rqN9d02OV1KbWVjJOCO4+Uk5UHoTj7XPsszeeIU8tnKEnF88PZqat7tm7q63avp5Lt8zkGNy6lCVPF04VIwtySUmmklG1lzbu/Ne2mvXbhbf4F674q063Xwrr1x4ovbnUYLV9O02wuyUuZZkjWJ5JYxEjuzYUbgc8kdMfeXj3/gmXa/B/4S6V8QfjD8a/D/AIO8a6jolxf6P8JNc0u+h1i4CJHLaqsgiEBkmDlkkBZTxgt8xPnfw08QfEf4YeHNQ0nSJvCcVvqV9Fqdxdf8JJpBu7aW2l3JeQzifzlkViHCocbh65x9NfGq6/aC+NPhDwL4w8bWFh4q0WWO20/w14s1rXbK5j1G300LHcW1tJNOSqDCghWBICg9q/G89xvG+BznAYWpUpUMvniLVqvK1XnBKCUEpR5Lu0lZa3v1tb9UybLsizLA18Rho8+IpUuadLllKKbSSV001aXvNyun270P2Mvhj/wT38b6WdH/AGsPF3jLw14h0i4uLqfUvDMMUmjyaeNgtrIoAZPOcBvMkAyAuQcg19A65+yJ/wAEyde8Wa34c+D3xQ+KXijUNfVl8CWMGlW8aXF9DE8stpIJIwXjUqo3kbyMkAEDHzP8Nf2ZPi18Q7zxDqfgX4fw3A0q6tY9emRoH0qJUAKolwrGIpKQQcHaW6MMEj2v4K6nr37LXx98G/E74meFtESztdQ1HSbLwxI1uko1G8gNtBqECMQI1WSRRHKmASc7gcE/n3F2KqUc1xEcFxNj45pGjUxNPLY4yN5ThTT9kqFpc1NpNqmo30T5t7fQZJlVedKdWWX054eCUJzVODhBc0V7SUrJxaTabe19rn5xftO/AWL4QeF/D09neXF9N4xudUkns7m0EF3pT6XK0McF0AoAm2rl1wD6bga/Om+mlgLf6wuy4YsxTBBxxjA68445J444/fH/AIKU+BPGOkR/DDUdWthHH42OveJ49LjvrS6fTpNVka5+yPNFK2xBC8TKSQQSRgYIP5A6v4KtiQs3hy53LDuZhdwsofg4IEnIByeMc9hg4/rDwcxeJzPg3L8bias3WquUqkpK1SXvqPvWS1XL7yaW33/hniFhIYfiLEU404xhGNK0VdqLlCm3ZpXer93a91roej/sY2Pgi/8AimZ/iIZrfwhbaTI2sXdtM0c1oj4RZtynfxycKSTkgAkAV/T5pPwu/wCCSqeHtPA+IGrC4uNCttSFyxuGePWmgTh1YFWjSQhmU4JGBgiv56v2MtK+Euj+JvHc3xT0uV9Fbw8iWWnFpTFcXIbdtmktsuiZHBGTzkDrn9bdN8dfsdnQ4dJt/h1ocbXEYjgubmfXZjCFtkAKHySXCNyvGOcckg1+FeN9XGLiqKw88w5VhYUZPCqk6MU/jnL2k43lHuk7b+R9XwfhIzyWMuVNqtJrR3ck4pRvrdO29lrZ9Ufpj8IfCn/BLvwno9z4d8VeMLHVJ/Egju7bxHOxsJLGKUY8uOOALECq4wzdeSePmPynbeIPgP8As0fH/wDaD1vwH8VDpXwm8UL4V0vwd4qjFte21vqBmie4WWVtzs0QYMHYB1UYwAK8M0jwp+zXrFgB4k1bR9NigKTRJFpPii6SaxEhb7KHSzfy5fL24C4HPYEgfMHxXtfDHifwr4u+GHgqDTm0G3+IVhr0Os/2Lq7x6dolvFCWfUTLbedbWz7CoLBSP4e9fjXC2W0MdUzXB4jF4+dDEU1Cq8S6XtEva05rmvKUZLnW7inZJXsfUZjTqxp0p0opSpqLUIvR2SdpJJR2u76Nvq9Uft3F+058FvGHiG38Par+2jc2ltcadA5u4rK02XMsMYbbGDhuD8hGen3hu4p9z8Tv2Xr28g8Nv+13q+u3Wp3dnp0dqsMSmae7uFiSNjCSwUswx1XJ5wK/H7UfBHhJ9G0TxB8OJ/hxJrdktjZXSjwvreo7WWKNZJ3xZOsYlUFjg4fJOQNtd78NvF/gfwb4r+HGqal4L8E+KdUk+IWjQ6nNZ+EtZtJ7u5iv4ilvZ+fYxQM3mDhASDheCDzo+CsshRq4nL8bXqVcNGtOcL4RTTgudRSVO8rqLtZ/da55lLEYlpxq4enCErckpJ2ldJvlTa5ZR0TdtVa1m2l9i/8ABUb9n/8AZ++GHw1+D/iTTvihrDazqHxT8Mya9HrJEqzaFmCW8u7KFhtEqRbnVlGdoBBJXnnfhvof7G/jGT4w3/8Aw0xNZeDLNNKOlWt9FJNJHMkMa3lxsnBiSWN8iPYM7QuQOc/en/BVn4a6z8dvhx8Ddc0H4FyX0PgjxPb+PfF2lyxWVi6+FbOxSS5V1RkdoUhB2xKpcAKMDpX4RfB7xHZat4C/aH0rwJ+yPqviS11Dxqk9vrsCtKuk211cZtrIJKNhgYMoxES+PvA17mWf2fnvD9HDzxdWnLLptTUZ0YqPtK0FBt1/hclHW2ja02seZSpYulX9s6UJqpOCbu3ytJdlo2naWtr67n7c/wDBN34zfs1/APxr8ZJ7743abqvhm6t7QaDe38UkU95aEqPPaWNWTzQSAFU/KgJAAwK/SPU/23v2abTXbODVvjRol5p2oSRXFtZLcyKFilmVkLE4bgEAgk/KCc9cfy7/ALJGkeOdV/aCi1qP9nPWfFHhDRrcweJPh5aaXbtZ2V3bQNaRrcMyeUzTT7WCnnney56fdF/+0F8CfFvjjXfBFj+x9qVn8WPB95u1PT10rT3tdEsbOMuY7mOQCJVXy8uenqW7/JcRKWHoTwFCGKx/1elGvNYerhpVYwqKMantJJcseVqL96KVpabo+pw2Bp16kcRP91KVOMfflGMU1a3Ryd1azvc+6v2jf2ovgP4G8DfFab4cfGTw5a+L/GHiXTLnw5cwbBFtRPNu7cyLhXaNQ0h3/NlOmeD4N8Ff2o/2N/Alxf8AjPVvHfhXxN43+IMFj53iXUbCKC4sPFFpGY78WUwjAdZH3YeNt7nscYr5+/bU+Dc/7V37Nfg3xf8ACv4M6R8NZvBni6yn1WGxsLWHWfFMskLQXUGnQ2i4uSZG5VsrnKkdSPj74FfsTa/8GNUfU/jv8GPGXxK0a5vLLX/DPhuKwS1k0a3ulUFhINqpNG8qu6g8c5XglvlMDknCeNy+piMzzXEZdj6jrRVB18PSqezp8qb9+KU0k29W0rNK+lvVqTzKnajh8NTr0udXk+V62ppyu7T6fZT16n7ofHb43/s0/Hn9jj9ovS/hz4h8F6/qel/D7VD4iurSwhi1W01WaBpkW42qJVB2cO55I65OK/zqtavbazvLuJpklzPcorp9wotxIFKEcKMLnHByc8V/S74h/Z6vPhyv7WnjDV/FXiv4GxX3g7W7vwz8Kr+zDQ+MNH1RftFot5JaFhNNCoEULyfMuSGzyK/lg1S4mWaV5rW7KySTuqm1mXaplc7SCmNy4ywOCMZIANf199HbJsuyTK8yp5XWq1sPiKuGqxrVEm5uVFe8nH3JfFZyhu0trNL8Z8QViK2Ipwr2jKLk0nJSspOPu8qba8rq/Tc+gfgX4Iu/iv8AFbwj4I04JJceIr9bWMAohUSEL8obClgudpbbjbgdjX6n+O/2J/G3wlY6rqPhvW4tB0C6tt2uJF59m7krmKWWIFFIOMDfgAdDzX5ffsX641h+0z8Kbh4b7jxJY24ggSWF3811BQTYXyyVJBZmAyTnjp/WN+1X8dLbS/g54y8Hf8Ix4hsoVW2uLeBVOojVpjFG6BMeY5MZ+9IuVPUErXveJfFGbZdnWW5TgcNKpTx9P95NqbUU5qFtFpZa6tN+dmdnBGRYCvgKmKxLjGVGqm7vlvaEZLlbta7vfW7tdX3Pw/8A2v7JLfRPhlDdOpkbToJY3RfmI/dlVZdvBAABBGRk9QvHjHiq9S+0LToLZkAg06MuOQT8oG3JwTk4zt5JHY1xv7Tnxg8ZeJf+EMt9D8La9q0Ok2kn2h20S8Z7eV+FtpWS3YBYyNqtkE43YxxXzbD8UfjA6fZ5vh5rxWPYm9tE1AAxj5QM/Ziu0g5GT68ZFPL+FcyqYbDVpU5ykm5tuLTfNKMnsry00s3d21vc9zHZ/g6c6lJNtcsIJ2V3y8iTTTbf6207nYWfhu8utX1OYsUBlRlBIOS56xkkjkdgAcY/D3LwV4WAvHEm4MI0Ds2CFO0ZbAzycDO0ZBOD0Ir5q0f4l+NI7iVb34eav9oaT5Nmm3inI6ZzCpJ7c9TjHHFeoeGvij40W5kR/hv4mZ9pUG10y9ckY/iCQZI7Zx3/AIT09bNskzOphVTdNx93XTlt63eienr+B5uXZjgY1eeUnG807vzaeturvr0v2vc9p+M/hSLU/hxq4dvLjsbVJS+MOTFk7VPOQQAeDxjoDivylv7TZI5tnd4mY+Suwku6D5iW6gggnJIB6jmv0k+IHxF8Z3fgW90O/wDh94j0d9ctDbWl1qulXllDKedywS3MSJIwz95TnHJbivjzSfh74ivJ7G2v9IvYgS0udiopABAjOeFyQTkZ44JJzXfwRlmLwGDxFLExalOvzRldvRpRSWuiS27b2sebxXjKGNxNGrhruEaSTm73vorXTVna269fP5r1CGVtrSFyxfa52YBHO3aCuFBAAyOcjHaq1rayiSTyWIXbuYkDGRzynv3z1z9M/SOufDjVXg1U2ujXqNFKnlbk+VgG27YxjknnJUn2JxXnkHgnxLE6xxeHr9bgZMmUYn5iMYwMHI6jjrgk55/Q4UJumlJO11e6tLdLRJv7vLTTU+SknNJrTRdXd2tq7O7eye2n3Pj7WNkA+7B5jDbIqkFgB0OccEk98jJI619AeGfC9zrnhfSljtr6eO3llWWaC2eWJCzEYJRWTJBJwQeB05rzGTwxrdpK8t1pV0FjdOZI9qRsB84OVxjnlj0GSR0Ffq5+xX4n8MaP8Nrmw8SR6Cs41ySSGPUFhMjFowoGZBuMYYDGcqrAdyprz8zrSwVCNb3pqEoOMdndtJ91rr0u77N3O7KcGsXiJUXWjS54u85O320t1tqtLW0Vr9D4j8OaFceEV1pbO31ZLrUIWgW4jjeMqsh+YMrDIX5s8AdO+K8x1vwHqN5MW8+4UhXcedFKX3uDvBYj5jubJPAIKn2P7w6h4p+Hk2GOm+CiyOGyYbWQtyB0RcEZAY5BPue2Pe+Kfhg4EkuneAiqEb0kis492Bkj5gNpXv1AOc8mvDo8Ry52ng6kublVk0m7fKL0srpaabbp/TR4aV7SzGnaNlvZu7je+u6dr2s7X6JX/CfwV4avdA8XaXdSy71jLBndWjRN5xuyVUkkg7uRkjGDzns/2i7lUuvB7yu5WCET7kkJLeXMjBkxlhnGF759m4/WLxR4g+DWpQ3SDQvAtrK0JjhmhNmGEpG0NGUz82SpAXBBUDPGK/Jr9riD7Br/AIfggigjha2c2xQ5jaJnyHTgjGfu4zx74rqw+M/tDEKMqE6MbS0mm07qKk1pfXVtvR9NDzcfkdPB3xXt4V5RWnLazWnq0rv/ACeiPqH9u39orwR8etA+B3jHwre3Et34U+GPh74fahb6gC86Xuj2MdvPIC65EQeNwMDkYIHXH5rDxJMqojRW+1MqSyjBLcDAHAI3DORn0Jyc87d32o3tlb2bShYrYvL5OV2bc53dRg4HJA7jOdvGXBIzbTKxUK5coMMflAO7PIwemOWPsev0WGwcMLCFGk5ciT1dle7u730u+bS99Oidmvnp35ubRta2s0rOSXvLpa+m7su1z3DTryBtM+1BbCBtxR0MQaV1xy3zDoDyM5OF4zjB3tK1i1j1jQyksbub6zVVjAiCoZ484UbRkqFz7+gGD4wnik/ZliNtEscW5Vf5cvjKgNkZI47kgliSPlJpdL1Ca71jTHjaNZDdWgjXj5SJ0xg9QSMDOcdeuFFXVw8PZzUdG1ZWbtZ2V7Oy87WT1b2HQq8taHuxspxaV2rO8d4tu1l6bXWj0/SH9oNp7yfQmttN1S8KaCq4tbS4uIzuiUcPArcsCGb7ykbSOhz8NS+EtXae3lXw54hjZZ/O3Ppt2FHz8YzEOMgcnI4z1zX7s+Avil4A03wloGk65qXheDWLbS7T7UupJbNcRgRKCXMoywbjjIzgdq69fir8L3XLat4AlypKqyWQJ5GOvOBt9Mhjg5HT47B4qeBjOiqNSrHmld3a3afZvZa2XTd6H6FjcFTzSUK7xVKHNTprkfK3H3KcNbu6fTZa97I/Cl7jxND5yx6NrJ2mMr5mm3O1QF2ncRF6dR0z05Ark7zSNYe7mnbQtRmkuQZJSdNujtLDBJKxEArgY54HXniv37/4WX8NXdg0/gNlfaoDQ2X8WQQchsDHcDgegxUzeNfhxKHMM3w+kXjJxp65U4wMMV6dB075A7dtLPJwn/udSWiTs3d2V9NHfrdWeu6ejPDXCNJtyWYU03a1km1d3e89rOz6Le3Q/BS3GqWHh+K2h0zVYZmuH8wHTpzmNyVODsJ5A55LZHOAATycujO0kskug30pQMN8VpcoSWAYnaU+8T2xkn+8FxX9DqeI/hzM3lmD4fhUTduKaa2Sw42k4znk9fwNV4vEfwxYm3l074fKzZO9otMHXp8w4Zcg9T6HPr1Sz6VWVN1MHNKCUVqrfZWicdNb3emnyHHg+C5uXMILneukdXZXVrtW22Vvmj+dn7HPBEVg0fWY3ZgAPs8qqMkhsADao64H94EY4GcnWtP1S6t4IINO1KRoZiWMlnKXy2DhAU7dFxzk55yMf0f2138LLllRrL4dSZZso0emZAUNzyQMDjk5O0cd6f5/wqinSO4svh8sa4ZHht9N3hux+YbWXOMjOMe1c8s8k72wc1zcqUk9pXjpe1k9N9u2hpT4PjFxl9fpNJpWslq1FNXbte3e+70ufzx+CrPUdPlvHl0vU1Z7Fo8taTrmQrwF+XhsYIPUjC5ycV0sVjqEtj5TaXqzI8u6T/Q7g8A8gLtJ4JwCBgdRjrX9AU0/wis5jIr+A3VwMiS301AjOAGJOBwOQoB9enIp/wDavwvRGS3fwA3TlI9NJ4HKlVIwMd9uew65rX+2KjiovBVVy6N3eqdnrZJvyWnnorlS4TpKTqPHUk/dunZWSt5pee2uztyn4EWNpd6fqLy2umatALhIkMhsrhyQmMnmMjHGDkjqOaXxO2s3djFDFYarKy3gbJsrgKnTB2+WO/fB2jPXv++U2tfDSBBIyeAXOASpj0/tggDntnAzwR6ACqZ8RfCeeNvOfwDA3nEguunKeTjnccA8DJ7/AJUUs8rQTprBTknrZ66uzbs4v8fNemP+qOGlWVVY+lzQ6JK9049eb3bKWln2TPwH8IjUtH8Rw6jcaXqDSRxOGP2SdVDEZG4FOnTJI3cBuvNdR8QdU1TXZNKkj0m+R7YO0gW2kOVYjaUbZu29iB3znHf9ypL/AOETF/33w/Ls24vGdMLnjIGAc5OD6Dp1A5rnU/hCUmkf/hAsAAB3XTmcgfLgDcN3px/wIjrWsM9qQSh9SqPWN+r+y1qo7236u/k0oxHCNKvUUnj6cXZK1oNaNNttyTulbo2276q9vy+/Zv1FLO91G6eK4sWs3tZ3W4Bt2ufLOHQl9mSCrYUcA8H0P2D4tt9K+K+h61d2WnWf2vwppc11HBdapFEb24kfISMSSgEFTuK7T7ZGK89/aS8beBdKurGbQrXw+I1hX7RFoxgjaRyQsZc24+bJwxyx4GDyDj85rvX/ABH4l8SyzaVqeqW5uZHjXS7O4lQyrg7FEcbFXULwCeCGIK53Z9OOKqVZUsSoSpyvBqk1eUkmr+67aNaPTU86vldLDJ4NzVeEbptNWu7aq7avFWdnvbXQ/ezw78U7jxZ8IdP8Py/EjQvD2l6D4XsdPk8IwX9st0buzVHuIizuMxtsIyvU5AA4rhPgF438G+DdY8enVNd0rR7HW7dbSyur2azuPlvSfOu4tzMW2s2MjaQq5AyBj8Q7mHXtBubtr86nCZUG8yJLCxIY5QkEE4yVO0nPXrwOqiPizW7K0lt7OdobaJdpUSSLIgPGXAyBx/F0659OitiK9SM1KN3O9m07xu4v3VZqNntr3XQ545ZTVSnJNvkUUoSipKUY8qja6slqtFp7trrQ/ZLxza/BbwD43u7q18c2fieTX9L0+6tr/T0U20V8+3zIikf7ogk4O7B3BjjGMZPwo086X8Zl8ZWPiKxs9GvLK5hudQup7eOGwmdQ0EQjZlZ1ccllyFPQlua/I7Vr7xNcSwW9zHc2p06KJyI5GiTCkHawDAAtgYIwQAQRt5PuGgz+I/EejX0mnWeoTzada273Pk3spghTYqiaQMw3B8gt97A6DrWKlCmo3k+WPLBRkmpSc7R5m0nqm0lqrvXvco5JTrYydb2bclLm9yMtnZ8tknfVJa2utdj9zPEfxO8P3/g7xND4p+IXhTULiXSLzSrNkuonuN0iMluUVWYgg4AwvHQdDj86vgufAPwwuNc1bxJ4/sri71eaaGKwtmf7TbxCcssqnodycKMADgEAGvhR9e1NZY4JrIfaIroJIwkZt7hwpTbnqcccDPGcCvWL3wtqDWmka49ppU+o6nLJb2+lMdt0qxrzLOmdoHVgSAcYHbLa0XHDTkvaKcp8s2m1e6SbjyrWTVne68+hjmOUSzBwag04NRcnF6W5W021uorW2mu6tc7P4s/HD4hN4m8RTfDbWJY/C1wFt7Z5Vja8nV/lkZt2WG4nhRwoBVRVfT/G/wC0N4m8C2NlpvhfWLmz8NTNd3OpWWg3UkjLJl5LmWZIDlFXLB92Ovzeniz6Fq9pq0F1rQSKFNQRktIZyhHlMSA0QIDJuUKxIGVJxX6X+DP27fF3gTw3YeHp/DfhpLCC0ttJmjtI44pL/To0CMtz5UW2WZ12je4YjBHA3Vx4/N8bhoweGwlbFxlLlnCFSMVGHu+9aez2aVrdbnqcPcE5Jmc6sM4zilk0aUF7OpUoyrc85OLsnH3obRabT30eqt+eSeLfHGkXV3eSROw1eWOS6lvIGQOwG0sYXwwZCCGDjcW5HC16bp2uQWdgk18+q291ru6Nbq008Laq+3KrFK8eGYk42q3LHHXGdf47SaT471X/AIWVNFeeGNI1ieN4dAtozBbQpYTo7mGZAsJ+2JvUqhDDOcjmv2X8H/8ABRT9kfxr8F9A+C3h39mvT7fXrLRPDuiaZdT+HNH1DWbvxBaKizX2lXxR7ya71CdA+JyBljkgcHseOrQpU6kaNTnrQUlRnaUoTai5RbXw3d1zKXlex4dXhjL6mNrYOWMjVo0q8qdPFU0lGScre1XNaUYta2Wtnq9GfiJL4gm0eCQmPU2uIpvKkh1ESWwmBwEd7aUA4YFWyAVK45OcVa0/VtRntk1mytpLeYXMcskelxlJ7e4hlSSBhMoGAZEBGMEg4BIGK/R79ujw54D8VaNdfFrxZ8FfiH8KvGGkaV4d0Sx0v+xPsuha/a2q7J9U1CGzj+yWGo3ETAoxVPN29fvEfll4k+I2m+GYdPi+H0esWljqPkXN3b6zFGJFmh2k7N+CYtwIVzkkEg4wRXNXqzq0ZRnBtzjKE6clZapaLpKM1pdd77XM6/CMcFWpzw+OhOnDlnGcJXkveSUlyt+8mu75e+h/QX+zJ/wVc/aD0qw0bwx8SvBzDw3oXhy10nSvEN5pV0GvY4UENpJfFYz5m9RtWcZJIJZsYz9YfGz9sDw58cfhDqPh+y8O61pPxG0e5sdY0KzigFpp2qfNuufPvZAjLDMoGxVfcM8jIzX89iftp3fjHwDa+GNXsrbwlryWen6JFrETHy7mxtchWjg2eTHM2STLwcjPzDpCPid+0Zc2ttceGtUu9csLNorazuporRkvIYhmOHeGY8EkkOeVPze/5RHwtyutmlTMo4OnhMX7Z1VKhUlyz55Wk5QfNFXW6g03dXtq3+5w8QJZblOFwVTGvFRp0aVOpKooRnH2dopcyV2no0pNvfufbh+NfxattS1ex1P4e6jc29+0cEUdvrSvBAcFZTGS4DDcG++c4Gckcjk9a8XfEaz0rVdSuPhHb6r4ZsJklvrnWdZiEUO/qoPmE5GOQvfI4IAPy9ffGz9qBY9P8P33hizsry+m3o8FhayXjHPAQhTlZMkfKcEbua81+K2rftDeN47jQ76fXINJjtFk1XTLUxafDNLApf8AeRwOqyAN95Wzk9AO36JhuFsvwypOGHnLERjeo26nK5SSvFK6trytpp2Vo6X1+HzLjvEYl1I0qkKlJ3cf5o87uotJLq4trt/d24jx7+0l481XW7uz0QpoGiWl9KqWNpN50MUZIRoovNyvABAIIBznkEZ+g/2fP2y/DHwt8D6j4fu/hf8A8JPrVxq0+pXuqvqc9qt7FMpHlT+ScqEkO8BSoxjjBFfm9Lp97a39zZzWd1JdIdksJkyUY4XBwQT69ixDAHOa+s/2dfgtH4u1bWdH8f6hF4F0c6ONSsr3Uba4c30znEURkgQtBGxP3+BjnPGa9iFClShazpxppyfutpWSt2XNayaWzSV3c+Brzr5jOfOlV9rO+qu7yacdbXTenTS1tbu174tftPeO/ivcz2eq2kOk6BAz/YdNtX3+Xbks8Mb3DHzHEOQF5w2M9c14ppviy4t4ppLgpMCu2LLGECRD8pMjFX3BgSvPJU5wBiv0D+Lv7FOk/DzwFF400/xr4V1Xw9i0EmoW91OXgurrBFtZvMQt4uxw0iqWaM7lIGOfs/8A4I7/ALNv7Mv7QvxL+IPgH45eFtB8XQabp1tPokl1q40WNFMhFxMJpXihmlMZbEYLOpPpgjixuOw+X4f65NKpTlyyvG10pSjDVXVrX1vdpa36HXl2TKvW+rTp8k4OaceVy96K5uVJK7dtt9G9XfX8SLP4w+Nhb3Nrbi7uHhX9xLNK12lvGPuhVcuB93qOQMjnodz4Y/En4lWviNb3TtOnkcpMl+sCmJ54pXO796qhhIQ2QykEHkdyfsD9u74D/B74Sfta/F34afBy7Sx8E+G7m2XTrRNQju4Ue4gEktul0JG8wQsxjVtxQAY9q8X8G/DLx1qNnFD8OfBPivxZeM0krXOiQyz2zrFE01yPtCKYnaKJS7x5LBVycjmunC1sFisPSquSjTrUueC91R95Jrmd0vW+unmj0aWRulXklSf7qd24xt7ujbSS5nJpq6aT6X2R0Pir4k+O73XoNROkvbyWelw2kAMrlZ4mIxDcueHkDHBdiW4464rg9b+OHi7RtWs5tGsLXwvrltbG3e+0gKL1WmDZDEEEll+8w5Ye2Mfod/wTc/Z78FftE/tdfD/4N/GS/ey0a80zW73WPD+o6oLA6jc20crR2ct2siS20kMqg8lehUgYxXiP7ZHwR+BHwR+Lfj74X6X410621iD4g3em6LqlleDVLGx06eWQwafJdyM8jSafGVilck4dMHgivMniqKxM8HyJyUYqUrRVovlta93sklsnf5HuVstoTpp03KFRJTjSkrXSad4zeindfDdaa31ufHw+OHxK1HUI7fW/FWoD7I32uCVkCzJcgkiVSuTvUgZYEHAGQCQBW8TfGH4gssOpL4t1wveTKLmaKaSIXARwcyGMgyDPXeASD3BFfS3w98b/ALMHwc8PHRfFnwu1T4v/ABS03Wvtlr4zvb17bw/NpqkFbRrRCUmjcgKzMh4GMjg1zNnH8JPiz8VrUa7cWfwq0/xnqhi021hAuvD2iXF1MI4hIgyYrWLOWKqMAVPKp1qlF03DD04tqvJxSUVytpJSck4ptP3dehlTyqnUpU5QqqNapJfu5RtKDbStJ3aundb/AJ2Mrw/8VPiHrt34QsoPEOu39rqWr2NlcqHkkazhmlSGaQBjny0VywUgBuO5yL37XGiX2i/HSLQZPE974g0/TvDOhvBf+Qbe6jZ7ZJJYVRADEImIQkEZIGema+6vEf8AwTr+Kfwq8MeJPiL8PPiP4I+J3gbw3Zx32p614dv7Nbu0jkdJYpLa2kdXLwkgN5aFwRyoGSPmLxTr/gyTTJ9U8U60+seKbiK1tZb+4t4pNRths2GO4YKcwR9ssHYY4BwK5cJh8Di6/tMHil7CnCcamrSc+aL+FpSTSi0003Zpq2tvTqU6GCwkaGLpL6wpJOSTv7rT2sly21b11tdo+aPDeoSWPiTSk0/xP4gjiW/gu3il1C4aJir7hlS20KWGCuPX1r9Of2YP2p/CPwE+L/ijxp8RY9XktdY0y0sYpNOdrhvtChBHJMitIxjZASxC8ZJJHygfn7c+AdKeVtQ0fxfYSy+RHcxRSxbJpDIcpHF8uN4YhevGMfXkvHFl450LWIrO2tpZ7+4tLOcqwS4aRZIz5Txqc7c4H3TkdcjINdOKyzC4unUw6/5ewUZVIxbk/epu6bTaaSuu/S+hjUzahgaCqUVTb5vhdunJpZuPS7WyavZ9X/Sjr3/BSr9l3xVPZNf69q8Fjc6hbRX9u9vei3tolZVkmOxNxkUEn5Tjjg1qar+1F/wS7XxXqGs61N4f8UzXVnbfaJ9d0m+mS6RIjvimEkTZYM3yPjIIHGK/mk8P614z0HwnqtlqngVb/V5pzLBfTDcbZUcFl8lxhQwO4k9Np6Cqiav4i1OK4iv/AAxpb+YqzpLIkcRZEGWRXJBKqcKQuRwwGeg8+hwjRoRXs8RiKcnyu6lJWcVrHRKzb+LdaWufP4jiGti2v9njPRJOMNUndO2rtdtNPVLRdT9a/ib8dP2ONO+MeleMvgPpnhmDwBIi23jmyvBeObubVJPLuE023kjP2a3iQDBjUEAMBgit3Rvjv+xRJL8R9C1T4cfD/S7ey1u3m0bxFbyX66nf2V4sbySRDaNxtyxbaxHmOoAyPvfkh4S1LXpPKs9K+F9tqtze6jHY2lvY2pu7i9unOyOGCCJHkkZmH3UBOe+Ov2NpXwP+K+peGnfU/wBljxR9thn3XtxLoF7C2GAMOS1uu0KNu1AcNnGMjJ3xOXPDUIwqZxPCLlsv3lnK9r7tJu6T62d7dGa4CvUqTi3gIVny/ajOSSfLa782lZ2vZaaaH6FWfwj/AGDfGtrLqGnfEDxA+p6lbWs1nbabokENrOjgM1t5u1djxglY5CQfXnBr4/174RaT8T/jtrPwy+GHi/VdK8N2WnK+izX1qIZ47GzRBeXl40OFlSNvMCryXxtxyCvg1xpHxXsLTUNF0rwBr/h7VtMvILG00xLie11FridsRwQ6eSly5fIAxGygZI99CLXv2l/hNp6+Ita8P33gTXFZtFj1LV9OlaWWCZSVthqDp5Mkkm795C0m5SfnGOanAe1w0KkoZtPF80HySk4y5JOzTcU9bO2jTVumxzY/B0sViU54GFG0ou6jJcy0Tsr3Tvza66tbaM+3bn/gmUmk2/22P9oWdZ702zrJY6RKjSb8eYEZEKsFLMvOMHlsk5r6N+F37Ftl8MfEXh/xp/wtG/8AEcvh0I32ObTlh+3yylQ3myEKzGMjdu7AHJACivyrtvj1+14W0jVtG+JejTWMW99S0qSfT5ZLWNAGA8mZhteToFVSSwGcBc19Rfsy/H/9p3xj8WvC+neNNWFz4A1uXUYXWSKyLefDEGAAiLvGHP3TgA49eK8viCeZ/wBk42WJxVOpRqYSpLlUYxUoOGsk7J21V9rPRp7Hs8MZfg4Z9l06OGnSqQxlJqXPKz96EuZO7Vk2000nzab3t8pf8FBfiF8TdA/ak8Z2vhHx74s0DTpNGtWfT9K1Sa2tRIUBdjBHKq5KnOQMjcc9Pl/X/wCEfiTxx4Y/Yr8M+ONMv5dY8b2Pw41PXYNR1pnumvL21WWWJbkSbi5JBUj0yOhBr8Yv+Ch0csf7V3itPszOf7IsiwRsEbgoBxnG31G0g9CPlNftV8MJGuf2IvDtuIJZJT8JNejiSNTnzvs820IP4iDwDn9en4vxFhKM+H8g5lQ5XiMOqnuxUpRlZWlLdrbV+uqdj+iOGqtdZ7xE41azcaVVU7tuMZRS96N21d7rTbU/HjRP+CtH7YEviDT/AA/qHhLwpNc6vqdvYKzedGZUnufIdokA2K0e44U8kA8A5I/TO+bUp7HW9S10QR6pq6aLqt3Hb4SJbi4iheWIdchZG2kkZxyRmv53fCvhjxTD8VfC2q61batb6fF4101Iku7WZQQ2pgB0k8vZ5IJySDgjkGv6NvEyWs2iOylmaW80+3VyGIaKO1iYj7vQc9eBnJJGNvt5nlWXZbiMqeX4WjSlVjecaX237i5ndtrd9L6JWWhwZBmuZY3DZzLH161ZUZNUva6JJXT10umr6J6/M/nF/aj+Nln4O+Nfi/R5vBVpqIhvfNN68jGa4Z2zt2kkKNuCePm4Ofl4+fH/AGmNLn2Rx/DuGOSZ1iDCc7lEj7CVAONwLdBgdQeM56L9t2zim/aI8VPFtEck+5C2QvygqcsMEHcMdhnJY8HPx8dPuX1CxMCMipeW4ZtpCkecOQ3CkkZyM4/hKkZA/X8uwlL6hQcqajL2VOTUrc17Rvo21dN3+GzffS34LmmZ4pZniVD3v9olooptpTT3av5vrbpe1/1Jy1r4Vg1xbJpI1sLS9XTxIdjyzsjJC/OcAkAlemcdBXF+Jv2ndK8P30ul3XwwhvL3TLWzlu5FliEUKzQh4lOSBuIPJBJ9T2rutRe4svh5FFt3k6LpriTPQFUUD06EEHg55Bz18XT4Lp4m8Ua2dasdT83xPpWlx6SYGJCyeUM3Ug+6VGWK7vXJ6DBRp0Hz+2p6J2Tk3y3vGy0e99E316XNqmJx9FxVCk5c6vOK1aajF2fz0Vr73SO48M/HXTPiDr2k6RB8N/7Nivhta/JjZbckEgsVHOMADvjPc17z8ULrSvAOg+HfF+p6F/wk1tpe1hpYkUhy5CoFU8FlJyCRluewJHzh4M8L+Dvhrqlp4Vnvbg6xDqLrNcXDsxKRDag3HAiHQBQQCMKOOa+gPjNcWl74N0i2ld5LR57YqwyBtCqM5U5Bx253H3NeVmEYfW6VqajTcoXcXoruN9Erp2T0et73Pdy6tiKmCrTqJwrWbSdvdl7rtKK6t2um7aX1e3nMH7ZvwmWZbS6+EVxb6iU3EhLZtjcgjaqkZBPytwccdMZxNa+NHgX4rtbeFfDfha90XVpbyOVZmSONEU5YoWUAkuFGDkjtg9vmyw+Bt98QviJdy+Fb2G0s9EkhvNX+2TzRvNbmVBMkCjG9mjYgYOAGOScDHv8AJ4G8PeB/jDbWekQbPs9rp9w7CVpkMrxHzQS5zvLks390NjjFVXjgI1JQo2dZQ5vc15NEtWkte92r6X6IjD/2zKMZV4xjh3UUXdazi2ldPT83rb1fpPjz4g6B8IdG0Ea3p15dxXtqtu/2BUWQyRr0cHGepIPJA5HGceTSftZfDyGCEN4b8Q7GydxRcE55znnPqCcfpTP2rS82n+FZJmQ+bfSBFJIUJu4ACnAUAjkYz2IzivkLDXLi2RLfy0LxgsQ/l8cAFvXGcEDkAZHStMvy+ljKCq1JSUnKUbJt63S27PT8N7nPmObYzA4qVClGDhGMLOUVLV2burNPffW1lrc+otW+L1h8SrGbTfDOiapAssqfZ7iSNFiSTzF3K8hAIc923c4GcZOf1H8DafJaeBvDNs7zeYvh6FbjHLCYW7sFJ/3iQBgcHbux0/JT4VW6W3hwRAgSJev+8jACkmRSFODnnG4DJ2g9DX7A+EHuI/B+g4ZG87TYAwzyQkZJGSevJ/TIJOK4czorDyhRS5op3vdvS0dFfZNrvql21Xt5PXniqUsRNKNWUE3FJtaWaSWy1e6S0b73PzN8XftLa34c8Ta1pR8IQyf2dfz2cc0s7L54jcgswOMMQQcE9CpPFYc/7WuuFcnwNYRPH91xcsQ+OPmAYjPGCeR7E8VxPxU0l5PHXi3ULqCS4hXX5dmYnMWPMIbDYCg4JHXBC9R38k1G2t5bq7EdvIFRlK7UICsxVSAMnlgTlgp6HLDJrppYTB8i5oK8op6y3lpok/PZ6rV+Tfk1M1zaNeUVfkVRw5eRaxUo2eqVtO99V2vf9XRrbeKvgpca7d2sVrNqHhHUL57ePJSF2hPygnqBzjHAHUcc/k9qF01/pUKhjiKGSNkU/eInkweRjA68dhnOMZ/UzTwtv+zxCUGzPgXUFOFw2fIIAz2yTnvwSSBgEfkzbSP/AGXjne5fK4I3KJn6kDkAYwORwM8Dcfa4aco1K0VZR5uXTsraK1tH87/eeXxvKfsMJJ3550oylbzUbK3e9u2j6p3OMubJftCyoFVxLH1Az1BAAO08n164AbivXbuO4SG03Mwi+yqQAgxnZ0IA4Hu2O/4+cyea93gKmxXU4kPQkghvXAO7Az3HGBge8PYXF1psMWVh8jTxOHYA+aPLyQMjsQeR1x3HX67EuKp2u2m+mm1rdtd/W3nY/OKPNOEU9HzO6V0k7LXRaN+V/TdHnlvMrMI/KjRcKDKSC2dxJIyO5UHqDnrmrE6zEEIwYhvlfCkuCMbVyT07gnvVqNIYrVXeGHBBiLFWDb/m5IxxyMZwD16FSRkXLMpBR92WU4jY7gowenABJyCOWPOe9eUpdo7NapWVny69NUna+r11tY9CMbRSvo12skmo6O3Z311d+27guFuIlRk3KxO2TYwCAE8g9juHBBHfGcdNWygmkiKqNyW8iM0gfON+CFwRkk7gAMcN7jNYM88hZgUdY921i5YFiBztzgHqSR3OQOevfeB9Qs7CDWEvYrd1uUjSykuCCscysOQCCCSTjnHHIxSxtWoqN4QfMobO9m/dsttddW+ttOh2YSlTqVYxlJQi3ZvydrvXt+dlta30V8PNC8WW0GneFbPwNq7t4qvdNkGuJpjSSWcF7cJFJK4MexbcxOWUsdrOAR1GfPv2xfAlh8P/AIy3fhywuBcx2Wk6UJsQCErcNaRmYyxADy5C28k4BLcHgjH1N4H+PPi1PFmh6VdeKLKy0j+xdK0/UHt1tkhFpaNC9tGlwQjxusiqZGUhsBstlgR8l/tPeIbvxf8AF7xLrct1BeLN9nhW8ifzRcCFNiHzDkucA8+owMYGPmcqq4qpncXVp+yh7CTur8rlzQSTei6JLftrofYZ3RwNHhtKhiZVqscRCKi9oRUVzNNJ6W87adFqeF+GrsaVr+m6ik5il066jvYGdcrviG9VAJ2kMwAyARz3xTvif4w1Dxx4q1DxDqc6td3UEMQCBQqCOPaigqSRwBggDt0OBXN3aTlyMbYwpCsABg4xgZOVDMCOCSADj5QQOemefesa7cqATjk/Jg8kgE8Z7nGQT1r9B5U5c11e29ndu0V6rRdtWumqPy6Tm20ndXWln2TStfouuqunZXTR6T4FtpX02/YSFpVDRbcbpCGjbcV5PQ85BIHTOSdvmt7eTxTT27kfu3cFHXDHL9Nx2nkH8enavSPAl1Kq6gSrFljJHl4VTuBTJQfL1bJxk9N2RgDitSso5NR1F3y7IGJWRerA4+YkDBzkkAjnJG4AipleLfK2m+yvst2nZpuzur6tblrnjbVrZ6u+ysnZ21b3te/R9+RhvFinaNfKUZVvLOT0wAp7jggDBODyeciuiaf7UrSQoildoYgAAYXBBJweep5AOPXNeV+LIrizvI3icJ54VmZGAC9cjA4xgD3P3cAnna0K7ufsYkMplJLLsZiQCeSSQcHDLjOM8EZB4GXNeVm9I21vsnZNq9rWvtsuliqtF8ialo2mu0bWs0pLSzvddtrHsvwwjlbxdpnkqEuh5uyVUViWzwgUhvmxxt47k8kEeg/HEQnxDp4uU8mZNNtklSZAm5juJJTAI7lR2A4ZeceO/Dy7v08V6VJYyTrdxszq0ABIIOXyABgjHA7n0ztru/jnrb6jr+mSOrCU6RAtw0w/eGWNWUkAc8n17HGSCc8s1zYyl71nGjJuNtHdxtts9Xq12t0t3xhNZTOK/wCfsfeu1qlGzte616dF6RT6H4IR6fb+P5ZLfIYeHNVAeNQAAbdyRkj+Mkg56AknI5LPgiT/AGx8R5wFfy9F1k9BwGafOckY46Hng57YGP8As6XI/wCE5vDIJJdnhjWSWyWAzbtwOmOM/MfTHYVpfBVw8vxRljQFV0TVlLFsEMxmIz6/eHfBOATk85YxzVOo9GnGyUVrFJ6S7O/pvZ30PQyOnyct5NNSk3ff4YpJdNtNLW36WX5zau6PquosAvzX90M4wzATy44PI5/DBznvWN8kpwwVOTuA2kMV5BPGDkdV65B960dRQnUb9UGD9ruGwM4H718YIIHUZ4Gc4IAGBWe0bcDHJHYgHJJP19Scnr7ZrxFd2aXvXbXRJXS6JaWWl/ktDocrzevVt6aPS6bbs09Lp21XTYrSJtY5XBGWUrjOAcZYY79upAHqDVmwvr22kItLy+tiCMmC6kj+71ICsoX5SPoT+IhkieQMg5YLn+IHIO4jOW5/QkdMkkpZxsbqKPncWVSAMBlZuR0JGcLg56j0wRLpttKaUlpFKVpJK8bO2qS033TV1fUpykvglJdOZScX0101a/RWvc9d0LxR47trdhZ+K/EdusSK+6LUrgLy2cEBxkHA746DIFe26N8VPjlp0UA0z4geJViZVYFr2aRBkqF4Z+c9yBz9RXmvh7T0NhfhlTIWML0I7Z6HoCMgdCcnkHNes6afJsYIxFuYRxLlQB3xzkfd6E/N7jPSsq+Cw1RcksNQnHVNOnCV9rXumr9Xa2+m46OZ42i2oYvEU0nZctSpaytvrvZt9Lbb6v0HR/2yP2lvDl0tkvj2+lWHjy7qGNz8q45LHnqcH8TgjNeq6V/wUM/aRs9kX9q2F8MZkWSBU3FQfmbYo6nqeBkk5PAr491e2kuNZmlMY3sAODnGB16dAOW9sge163tIfMiHyKTG24qOcdgQTnru7DqfXnzJ5DlNW/Pl2FT0TapRT0t1Vuivv1dt1b2qPEed0VHkzPEpK2jqykt4r7T8vd337Wt+h9l/wUz+OVvBbrqHhnRNTBi4IadHZY8gkADGGwM4Iz0BzjPoWh/8FTfFDQlda+GdlMykgta3MqyDZyQGbaeo+U4AJJyCK+aPhd4J0TWtDsWuYYJ7hY5i7yx5KlV3cEDjoOOgzknOKy5PhbpjSX0o8hAl4yEeXhBHvIyMBcbVPTuM9ScHzZ8JZJWbUsFCNrJOLklra9uV27L118z1aXG3ENJJ/X6ktY3UrSsrRvZNXfbXy7H3XpX/AAVK0MtG+o+A9dtkXO8WtyGUdwFD8EAAgjpnHtjvtH/4Kn/Dq2ugZNJ8U6fbyHfKrqjoxYcrlRuwcEHZx/d6cfnV4d+EOkX7ymSdCsNyI+IhsClsb2cDaQUzwSfcHBNcx468A6Xpmt/2fCsckKoMGNFBLFgAMDOBjrzx6YGa5ZcEZI0+WlOLla7jUd47bOV0m7bW01fQ9Gj4hZ8nFurSm9N4RVlot9FZJPt07n7a6P8A8FKP2e9Vt43uPEF/pEm0borqzmkQlzk728snGSc84PPB5r1PTv2zv2bfEyQxr8RvD1q0kY5vbDYc45DeZGoB6nnAHBwBX4IRfC2yNqmSIlmtlcNLGpBJ29OCwxwBhRnpjgApP8JtNWFYri4TzPLaWIpEpJCrnacD6BQOg4XJ68U/DjLa3NKlia9K7jdKcGlqlFNtRerW93dtXd9D1aPiZmqlFVMLhJr7V1KEm7x0bTuk3tpLW2q1P6HpfjV8Ar+wD23i34f6oWj2gzJaKCzc7mDng+wI9QOAKbZeKfgf4gQB5/hpP5uI9kd1Y2zkryUxvXA98jPQtxX4f+CfhZpl3pFvdLEtyYo3WaMpsTfgpEQwzkjORz83OD0zi6p8Bdd+0Rz6debRNLKIYPNlhdNzAgho2GSoOQTkZDZ4rhn4ctpxo5jWVk021Ft2cXzWUlpdpaaa9OnpT8Sa0IxnPLKMr78s2uZe7dNJSTW+y3stz98ofD3wZ1N8RjwhGIFIAtfEFupHHDL5U2CcH5cYIOAoOeKw+FHwyvAY7eSSMXDBs6f4nmXePVc3OAOeOnGcZHFfhBo3wB8ePqKQN4g17SYmhlkE0GoXIjLxIx2grJuAIGBnk8AbskHgrvwn8YdLmkTTfHfiqExXEqQKutXiGYq+1TGBN1PUDPbPAIA4anAGKi+WGZ3aa0dOV9LO38Ru7tst0rLqwj4j0ZLmq5NZaX5Z3/lT+w0tr25dNddXf+htvgd4f8+JbHW/FdrEuUjNrr08iYblgxMuDnqCRkjsclqr3vwJvvOgOmeMfGsCxA7pGuvOVWwcEhnJbDfwY5BH3e387j+If2j9LlMNr8SPGkMkBZjFJrF22AoyxI80H5RwFOScbeccb+gfGf8Aaxt7Sa5034peJHjt5v3q3Fw0xDKeB88hDHPyjk7sYIJrKpwRnNKLlTzKi1ZO84T8rK6vbe3X8GzpoeIuUzfLUyqvGy0UJxdk7Jq11fW2++vmf0Az/BjxVCjC2+J2sfajGNq6hpcE4U5DHlkY4A7jqc8kc1kSfDf4pQo6WnjvSZ/JwpF5okKPJgAsSAnIOCDywI46nn8Z4P2mP21dI06HWrXxvNfWrEhXurSCQyiMEkAPuUYXnHQ+p3EHBt/+Civ7VFpcxPf6zpl0yORIk1jboCyMQQwRO+B7ZBwSMAcb4P4lbUqeJwdZJpNJcjaVtXekne2+ndXbsdi434aSSq0cZQlJJpOKtdqNtVJrztbu7Pr+xNx4H+M0MrB7zwVeRSt+7abRtodVwCMpETns2OeevXGHr3hP4sQ2l2934U+H+oQII40RYJrUyNJgcHaATnGcc5DHHINfmNZf8FPP2ho3C3eieHr6MHpjZnB7EIdhOBwOSo9ea37n/gqj8UPInttW+HejXauoYyLcSbojGMsRwBnqd3fPABAxS4b4noz/AIGHqbO8aiT0Ub7yi9er09NQ/wBbeFKqTli68dHbmpuWqcd1q7b7aeep99y+BfHwtI45/gz4WOYUeOe1v50eQt8wKlmCgngjOMEgnoM548J+JLdQk/wedWUhJBaaxLliCMFVZzkYPbpnAxgCvjnw7/wV91B40i1T4WrMIURMQTbwQmAMK+MEBSeOTjI6V3dt/wAFa/DNyRNe/CvUYkD4ZoHjGABnIPBOOudxPTAzgHJ5VxPTnrl8m4tW5ayaezvpUd7aWXXXyL/t/hKqrrMY3/v0/OKW0Lvs15aatnv82jasjLG3wr8T28LSYbZqAkUjAH/LRsYzzzxnORt4qaTS9Pi/dTfDjxfC9whQyiC0uVzxziQHGCd2cg8DHXI8Tj/4KxfCyWUNe+B/EUMe0sULRsMg7jtyx+YnrtwSo45HHSWH/BVL9n+adBrGj6/Y7lzAJYA6BRuZuR0K8EAHHpnvTocR07Xy6um0n7sqkrJ8r0tJ230Vm/LsRzHhee2Y4Vt8qvJJW2vf3XZ9bWSV9Xqd/d+HvCjQwPL4X8VWt1klnGjWMo+U4AkUKxY8EDOeccD5cZQ8KeCSZprmy1tHQhtk/haNo1zuYbmigZunXbgleB2DQwf8FL/2Ur1lmm1m9sGLbistpLsCA8jOw8cZYAcnH3QTXoGm/wDBQH9kzWVCw+PbK0DR7pGms5sAehDR43Z/hxk/dOO6p08/5m/qeOhZdFUtbvezSat5aWu7msanDs3Hkx+BknvdQbSfLpZvTa1nvbY82Tw/8PIppLi6ttNMTrtMc3hvURIC+QpAS22AqecAsOuD0xzOp+EPgx4hnht7+28PxtoxMgim0rUraO5eRso4/cAEqp2nrjqR1r6r0v8AbH/ZP1GNUX4heFpxuRGkuYSpUA45LJ3A4B6cA8VWh/aC/Zl1bWdVjtfGHga/SUw+W12LKJQG6CItjd1HfkADu1b0cdnNC79ljotR1aU7K9k76a6emlyZYLJKtuWtlsvh1ap82vK3G/M7PZLTrY+bIfhX8IPInitR4LiaY5RWvLy2KF13bVDBQMk5yRnjnjms25/Zs8A6hHGY9Q8GxEFXwutOp2E5/jlBAPfknoepr7cjvvgBr5gnhvvhrdtIykRpeaYhKHb1O/3AGRwecdauXfg74Kar5jR2XghGKbVaDUbPlQCSAI5PlBY54KnI+7kk1Sz/ADOnJe7iVypL3qUW76a6pX0uru+u3Uh8O5RV97kwk72+GcUrPl25dtOj17X1R8BXX7Jmi6jME02/8MSKGUhYdbUEhcgY3y7T9T7EDNQ3f7Jws7S8gm8tbV4ZIF/szU7a5klaX5CAN+1uDnGB3OB1H3PJ8KvhXfW4W303SomyVEtvrTLt4JyFilUf3dpOcMeO+OQ8R/BnwdpenRSaYL8zXF5CI5bXX7ovHIxAbaDMQyKSWwBj5e5OB00uJ8c3GM3JSfxP6ulouXT3ZK1tbuyscdThXLG7wo0VZqzjUV3ZxbVrN+t9N7XPiLSP2KtS0K1eOztfFMsbf6XC0dtA6lpMsUYde5+6DkkE8ZrptL/Z98R6VC0V4/iGzCo4UXekPIoLDkbo4yCAMAnrjHQdPuWz+C0Mu2Sy8WeOrWRIFd9niC4dA+ASoRptoVSMYwFGMAACrJ+FGqzwlY/iN42WRCWWCW5lmbIyAcsxBxwO5JOcCutcT4l25qi0fWLTb93or7Xk7K17r1OaXCOXN3VBXbu0qml3ZXsrXei76W07fn3qnwR1f5UWaacblLSSaNdh+SAMhYsEdfc89TyMa5+B+r27i484IpG3aNOvFO9wADtMS9TlTwOoJ+Xgfomfhf4mEAI+KniK0Kk/updOinZlGAMls4wcDofYetN/Anjp4MW/xVuhIJkVWvNCtGVQuPmYFDz1yDkde3Xpo8UTVm6kE/dduWokrcr/AJYvTdr8Xolx1eDcKtY0JNOz0krraytzJ3utVrq33PzC8VfDS68O6dfJNq2nvJPYXE0dv5Mq3WSjAIsbBXXdnkH+LpzX586H4a8S2M9+39j3j+ddzjcYW5HmMQ6gDIVsDB6jjFfqv+0f4F8ZWfxGhtrvx5DqF3caRE1tNZaZBAkoZRvR44lCKwZvvYA6nO7FeJ2vwt8dlB5s4vFLF13NHboc5y2Y23FRkHHrn5eMV+qZFi5VMHQxSiqntaUZKXvKDu7J63030sl1tZn5dnmUU1isRg3CpGNKbila7duV67rfo/vdj4qfR/Ery+WdN1AqFclfIYqD2JAXJxjIPGMk85NZ48O647+WNIuJdqu5/cS9f7pXZg8njB54x7/dlv8ACzxqgIXMBJJ3wTJMWPoRKeMAeoHXrtp0Pwt8YM53RyTuN24yukMZwc7gYnBJHU98AAE9B78M0nFL91G8tvee142WqvbXRNfypaPT52PDuGdlFzivOLS+zfddO/p0dl+fd54V8SuBHFol7FycgQkgnnpuHH3ducnHHoFrmpvB/iSMlX0W+DMWZMwknOPvDgjBPAHIAwOwz+l9z8OvE6KAum2TybiQRf3JOwcENgZzgEgnABzjpmo5Ph74keZCuiWMsiquU/tCXcCFXcCcBQcZznoMEmlHOKrd/ZpK9lu078qaWjSskvPZq7Zi+FsO5OSq1FpHS11pyrSyXlayfXa2n5lReEPETMC+i6g5O/8Ad/Z3yuB1Hy5x15OPQdc1wuh+F/ED6hqYt9GvZdt1IjhYGzE+fuk4AyOQeBx1zwtfryfAHiRLwbfC9o7GEny11F0yxVhkHIIx6L13exA8q8HeCPFcGp+JdnhezkiGpzeVv1B0eGbb82TkbiDjBbn36tUSzSc5Upukl7N6avX4dNF3Wl33vrc2pcP0KUKtL203GpZO6V9FFv8ApXbbslc+B7jwV4mSVA+gapuZM7jaS9BzuUqvIwDkqOcjHVQKjeG9dhSQzaPqKnOSPsk4ZVHy8EJgjHPXOeQOuP1OTQPG7lJZfCVpcNDhFAv+sYwCDhgd2emffn0VrDxlskB8CWcqghIx9oQsBkZHP3sE43EnHTAAGdo5zNOU1Rg72bvK3Nblez1sk/8AO9zllw1h3oq1SK0vaF19m/Tbyu9/Ox+WDaJrCqxbTtQVSgy7Wcp2DoQCEzk8A5BIxgjGRUUmh6gmxpLHUI90fy4tJl3NgdR5YIGOm1c5+XFfqk1j4k2mKT4dWgZwrgGWI4IGQSGyFJJ5I7E/hLJpeuTNDEfh+qMF+d4zbTFQOoVXICrgHoBndtxkgl/27NN82Gj0ulU0+y30e/nbs7WEuFcM1zfWpLX7VKSWrVk7OyWyff7j8mRYT7lxBdpIGwQ9vN65JJKfe656jkg57QtZzK4UxS88nNvIOcjKjCHnuwPToOcV+rcvhW/lkllPggr5Knj7Dp7bgME7sEjdnqevBPHGGHww3lrcz+AxGpIXaLGwKk7RgvkZBJ5K8Yx6YFXHPe+HV7a2kkrPlv03dn6Nr0WMuFqd9MWl6QeluVPuurtbvrd2PydaGaHzHWCblgMNCQB6cnAIHOFHGAFx0FZ8sT7490bq5L5O35QeCSw5GQMH5jz25zn9b7zwDp88KSS+DpYzjfhdPsCmTz1IBAIPPBI5znkGkvwn0CSFpbjw9axM7Ft17YQJEoOcfPbqW5O1SByRleABucs657Xw+iSekove2t7rb0vfr3iPDEY/Di1zWuvcsru2nZO/W/nbY/HTXIt2pWKuBt8vJdQpyWA24PBHzcHIAOOmcY1Li0Z1iBIKBBwNuMEY68sR369ed3Ffpn4n+DnhWbxZo8J03wwsf2F5WjDyQxM27CGTKBgwJyOB+WCNCP4S+EIhOj+HvCcrIPL8z7ZcEYweQNvJXOcc84zjBrjhjoc9TmpyUZyTt9pJpXUtF62TfT0ffPJMRKlRjGvF+zir2b1XNHazd1dN7fzWep+WC6cpLgv8mWOSy4Ocg7SM8579MDJGRxKLbysMjZOBuxs28hsqQT1J5yOSc5yOv6q2/wAIfA21nOk+EQFUFgbiYqHOCRypPGfQ5GM5PWkPhT4DcSK+jeEwd5VV+0ToQMHjcFICj+HHGehzk12RxtFxXutd7PVJOOul0/Pve/c51kuLhJ/vabTSs09VpF/nva6136n5eJagq7FlyQGUBlJQHrjkc8DjnOevAqQWpdUSQqFlAQZK5GO5xk5PqMEcHPJr9O4fg54FfzM6H4UbkDaLydT1PIAH0xjj27VBcfCXwKqvD/wi3h5iAR5keoTnHTBUHgevHJGeeOYnjKE1q7U3ZX7vRvTXV33dlZpbJ3uOV4xfA4OTs7Jt6Nx+dt9ra9rafmYLJBDMhZXVcAKoVc7RwcjHIIPXGMdSSK557TbKSAVVyMA7Ts5HPORk8ckckD0r9Pofg54LkM6jQNAG1t3OoTBWGdwUjJx16Dv8oHYaEPwN8EPGrt4d8PyOzAsv9qyjI5GGLED0IPGccdMDH2uGk7qpTSVtNHdaWt7vn13e+7Rf9n46LTlSVpJNtSVto377NvdX1d9nf4E8FwRW/hvxBKflJXaSNoLDnJA4JfGOQoyM5JzivFPEI83UIc5KmI4yCTjdgEnOFGD1A9uMkH9dk+BnhX7PLb2/h7RbaG4O2XbqjHamRgorvtJIzkepJBz18f8AGPwL8BaZ4x0Oxn0nTmgu9PnlaNNWUJO6AlZTIZBgKf4MjOCMcVlXlRqxjyyV4yjpyt/y3Wzum78v3aNXXTh8LjKLd6cbSi0lFp9mrNqT0et1p5vS35om03bSWICAncdpLHtzjOB6kknoOBgJ9kZj6DcAMruD5O0++0cA5wSvAByc/pZc/A/4WCEZ8OR7mHWDWo3DMxYkgefk9MAEepAGcVSHwH+GbxoU8P3KYBJ26vAzKBnByZgcEjngnrw3GbisO3dVVdW3i1tyrbRr7tErO/XKdLG3bjBWuno01dcvnJ21v6+bPzn+xgEFQWKnJUYwuAcn1ODyQRnnuQc6VrZb9pZdoJ5K4PU9OckqByPU4AHJA/QOH4D/AA2Z2LaLegFQCw1WAgAk4IzM3T6E9M9QKnj+APw4GEXTL0BpQVcapAMDnGCJh/8AW5IGa0X1ZtSdZPW1ktX8N99NdG9dd3Y5nhsXJK1OzduvTRr09XtZ2vsfCR0pYgzKoOBvIVR027hgZ3EsODyOSTjjmCCyeZ3bBVmUkZAXdnACKPu9sZIAJz9K/QS4+AHgHaSlpdJuIODqduxIGM7h5vGfQ9cdh81LF+z74CMatDbXHC4AbVLUAkk5wTMMbRwcnPXFdClg4pL2j3WjtrdxffZX1tfWz7GH1PMle1OEk9m5bL3d3d6dt+h+fj6S4QIY2I346rggjnpzhegB/i6dSKrvo8pzGI2KqMs2RzgDIGAMYzkjPJGNp5A/QpfgB4QmPlppeoMij5duqWrbnPfBmbOe4zxj5cGo0+APhRTLE2ja/wCad2fKurSVQMEcETNkZYHnbke3FDlg21JTf8ttG76Xa2T1b69+4Rw2ZRWtKGtrJyWqaWy0d3ftp+B+fd1bmK0uSBhUjXY2egYKemDyDnpx06jmqGkxPLGnZVwW6YYcZBJGDxnjGAD0GRX3VrX7PfhaLTr2QQ+IrNYYJZWZlhlBYAsS4RmO1ADzxgYI7k+a6V8EvD0trDNb6zr0aOrOXTSJ54gQx4DojDAyAcE9PXJHIqtJYiPvpLk2vum49vtPtqktHa56EaOI+rzUoSU27Xvzb2St83+XkeHLYxMApjRlVcgpwRj1xx1Jz39KsR2EMjn5ThU24OQDxnjB+YDnBJJ7E4zXu8nwb0qGV/K8S6ku5cbX0W7XIK85byMbfQ5znkjHAcfhDZgqV8VSgFcYbSL4HrgcrDng5HfrgjnNehTq4Np81VatfaXl17338tNb3Xj1MHj5NOFJvR9Eu3V21V/u0eyR4Iul7s7R8ozmNsA8Z2k7uB0HOeB0P3azLvTWhZGjiKhiY25AUk/ebg5zwTjGQzAEYr6eX4MIxDxeKkPykYbSb7oDyDmEngEYHQdT2psvwWaRPk8U2qBBuCvpl/glQCf+WOFBxjJAx37kEnhW+WnU15V13238lvZva12VCjmELN0pSSSurbfCrWUrtaavqu2h8wy6UVbAAIZlkLLtPJAGSARjrk9s59BjpNMtIYQPkVpMEAYBKgfxDgL8pB5zyeNuc17LN8HpcYi8S2U00pOEXT78YUHHLCLIH+wc9cYzmnH4PanEzf8AE+09SEXcTZagrA4YjhYjjOPvHI646iqpewTV5pptaN2SslbXXvf5aPRXxr0cwqRVPkqpu1o8tk07bNuyS87r5PTzFHUKEYMXLBs4GSFPUn/a+XnkE9OOlp50eI4KIzcMSeQqjB79WOCeCScGvRovhRqi8rrmlMApAZra9ycjnJ8ofLz1PIOc5+YiP/hUeuysdmr6OQPl+aK6jyW7neijjnnBIzknPJ6lOi4xUZxTtpbp8Oq21s2763vbszzXgMbCSk6U7XWnK3vbdpp9dfU+cvFTFn2jBAQZZjkckYI9cYG0/lwa39JtZWtY8Aj9wu7AYkgKcAEeh7DJ6nqePRde+DXiGeO68q7025a3i85lt0mMrCMfMEUgjsMbuME8gVs+F/hl4wktbeQeHric+WPvXEcYIPQ7dwxyABkggHoBuFcMFGGIqyc4tOz331V9316XsnfoexVoYieAoQhRm5Re3K1pZdL6+bdutkeUqhVGARsA8FsgAk4Jxz1J+bJ/iz70s1uwyTuO0KcrjgDqOuSOnByD7bcV7nL8KPG9yQqeGZV29454XLbOfmBK4POCQcHGeDVef4P/ABDBYp4WmGAFwXiwQ3de/IJBx8oYggnHPTGdNqL9omr3W11e2/XXTS61ueR9Txa1dGS2+y7WVrLy1ve1r32tv4elpKWRlV33Dg43YB9VAO3pnsOevOKebOeNkLE5YEFeSBkjhgMZI7HgY6EV7avwg+JO+IQeHrpGKMG4i445yQCOeeDgkH7xJrPufhB8SLeUGTw5elihDEBCCA2QFHVsnnGQfm7ggGr09WpX2urpbcr0u79u3S3Qh4fFLSVGaelvdbb0W+ltW721t8rnjht3fI5G0kbUyS2Cc57lsHGeBgfkxIWG44fhiNrAgHcTkZx+Q9z0C167D8KviMgaT/hF9QVFZhvMS5Py4zj0z355JwQM1Sf4Z+P/ADlDeHNQYBWJURqScbsEgjgHKg/ewASGzQo05JNS5no7JK34dtNu+j6jlQxH26UktFdxab+HayWyWtnvd3VjzIJI5JAwsbBSpyAB7scBRxxgnceOvy1FLEyuqgL0ONwwW2liM8EZySACejZ7mvTF+G3joSKp8NakVDZZfKXJJ4IyFAIHBz2449W3nw28dAjPhrVNqkZItyXBJ6ZH3iVAxt7g9RyK9xxd5x0aTV0trba3V/W1727BSw+Ipy/hza02Tt9ld3ZdL623v28Z1qKUov8ADiNjyNu5cH5l+XJ9hwfy51PDSrHpUW8nczng5BIDH7ueqt15ORnHGee51n4deOvs8hPhfVNscBaSSS1cGNQAc8Kc4APHTHT3w9D8GeLJbOAnQdTlUs/llLaUFsOfmA24wOnTJI44rz6dqWMjOV2uWVndWbbjrdJ9PVu++56lZSngZR5WnGaTunrdRei0d/kWN0bhWDlVUgFMlyMcHOBkjB69s+wxXkeI/Imckthm3HGASSp4weMc9+hya66LwB43Yo48NauqEE5No6g84wx2jB5OCcE4JPtK3w58bFdyeGNWOBxi2k6k4OSUxk8HtjsOTn1udSS5ZR10dnqtkmndaXdtWkrPXVJ+LTw09XKnNNO6bg0rXV1s9HbdN6PWyucVCrKJS27BIJPG05I5Xb3GQCMc8/LwcWv9ESMq8rPKwXAAwVPUsAcAr13EAZHQjFdmnw88cxxMw8LauFC5ZjbSMMA8bgV4boO5J/AEk+H/AIr2RO3hvVwMckWT9T15CHDHnjr0HHSqkouFue6STTurPbez6aN9O6slfRQlGTvCdrRd+Vt77pra+l79XfocLHt80uHwUPyKoO1lCjbz1GMcg5BPXOcUySTO0ZbDs2SWJ29D65656gdB1+7Xc/8ACB+I1eNToWqxbgCB9jkJbPOT8uPTHqeeaZJ4K19cKdF1JCrEAm3cE4GOhUjIP8I4H04qVDS3MnstGrJK2is7a33f2r6JPQnNtx92Wj6qVmtE99dlte2raPPG8wSSbQWDsoyc4IOMnAPUHseg4xxmoo4SL+JlYFmibttCkKcgjGewzkE84HY165Y+BdZAj83Qb6ZpWBK/ZrgNxwRkJ16gnIz1bjGNKbwRqQMksnhzUkkRQoK2rkKDkhSSq7mxngjHTrgVzzw0p6uUbOz32aUXur9dX52ad736KeInGLSo1HGUWlZPoo3aduy133+b8haB0VGbLBwctuzkAHBGM5BXPGMHk9fmOX4LXfrsrBlAE7E7hxnnA9CCD16cYwcV7o/gXUDFETpN6S4BGbWYFRjkuFTbg846gEDjpXGeG/B99Hrt/B/Zt4Ctw4Zfs8oLEnhcldynIzgAE/L9AUaMY4nDc7SXtPeu7Jq0bJtWt5v8bmNarVWCxPLSrxdo8tqbbvJrpZdFdPaz6H1B41kib4W6QHbyy8mc9cksdoAP3TjPXIzg8Gvje6hto7u4fULzYN2RGSGd14G0YJxkdxnj04FfUfxUuXj+DmmXEbnJwUZUwU+ftjBOO/Q54zkkV8Jz3P2lXaWd3dUy7knJYjdyeDgHH04PGefnsdCUXBXSbhF2VrqyjZ3bv6b6X3sfaU5QavvK/uu1mrWdrNaaPTezTtpt6RFqWkzXdrBp8ZiGxg74yZpMHK4IHDcc+5IBxgfV/wACbuOPw1ruwsskUtyX2kNyIyQnB6EjB6lsHgHGfgWznaC4t7mF5DIrfKM9ewJY9VBJ6Y9CTjn7o/Z8aW68J65KAplaabJAyzZViwAxzz/FwfrWeXxUqzbe0W2tusXo+jutNtuq21nK8bRXM5SV9U29Ka+JXu73kra9bLmPn7XPFF9/at7mCJU+23JQtGA5/ethV4yDgZOAOCMk9Bz954ovpVljWztow4AVmTawcEZZS69cdGJAbtyRUHiPxBbQ65qcf2V3aC/ulLNgqSJWJJVhgNnBByMgDjPLYUvia0mHzWj/AC4Yl+fm+boCc49TjqRz0redeCTim002tEkmr7Xv2vqlfe+2mDhVcr8kV2utd1fsk2lva731uj6G/ZvCXfxFtJJi0LII5WclmBZSSVXjgAAdO4I6AAdN+0Lf3unfEbV0sBG8TpHM7eXli5C7QSQAMKBnvjoTxXDfs7aj9p8e6VJBtgV5445FQHGFZSSc7flPHB68cHPFv9pTXbq3+J+swqQUEce3cFUEAAAgYwcjA9D36CsXKKgnyuXvat9210/lta2t99unouX7lJ6trVNv+6k3Z3s9235rdXPMZvE2tyxtHK4jjKkKREOQQd3TKgEccY6ZJJxmvo1/Lc6xYLMTKHvIN4LkELvXBALDbkg9V6dgQccTN4hu2QBFjQ4bCKOnBwWzg+57c/XMvhrUJG13TXk2l5L23zz28xScL24yec9e5ABI1k/da7W77x+/p2013enHGE1K8Uu6fKtEuVa2d3otnbsfoN8atXsLf4XeFIZrZ7i3iuNrIZMBXK9MqOSOcDvx1wBXxmdW0cuZEsVKYYhHLgqcnABxycHPO3619J/G4Kvw20eSSRWhN/GyIHyiloRnHc4JIyAOmOe3x7EbdpGB1ARICu4YztBYYXJPy8/LuxxyO9cuMklNWb+GOm1rJX1v7q0sr2t1Wp1RV5WbSu7KLaW3L3to0lfmb1dl0Ohm1eJpIEgtxDEZ4nB3lmB3Acck/mCcHPTg/ZvxQvZIv2cdDkSSVHN7Dv2tjj5cYxyuSABxnPfByfhK48mC9toLaaOYNLGyyEdcsCQG3EdeCMk9VPIxX298S59/7NukpKI/MW9h+91PIB5BOecAjGMdenPJFuUXJt6O7tqtl1WielrvRW22Z00YSpuaTt+7emj2StZ7O1/XXSz1PieTVJJFzLPK20kEmTBY8jGNwBydu3JJ5xg8ms6bURczxDDYiAUF2ZsEjBYhiVAyeCACCR2FUmHzNuYZUEg5/i4AHI5JBwOjDGPcstV3NJnaW+8QASxCnoo5Oc4+7njrzgi4yVkrW000ve1n+Fn326X151ZzV5XaSV9Xfltez0tfps33R906VPNF+zlfup2oBIMDqSQBx2Azzg5/HFfDk9zNKwlDyF2yoBbbhcEEAhuO+ScjB5NfecNqzfs2XRASMmJ3ZQMs64UjCj5unykcHjryK+BFRVnZWDLsXI5Yt1P3VC5DDJJHTLH5uuN8Q1yUrXX7tK7Xp1Wz6Wau2+iFON+Xydkublu04NLq2kuZ7Pra5NZOyTwbthKTxl1x8py4+YnGMc+/rx3/AED1zUEk/Z01JEVQiPAykHgE7A3y9scbRj0APNfnvarL9sjOMx+ZFt3AAn5hwTzgkEgkYIz94g5X7tvoAf2e9aEgO/fGyYKlUA2kHBJPy52nrjIwf7xhYp0qt3ry6P8AmslZbddGm9L79zWk+V73TjZ3WjW2787cuy2S6nxjb3t0bmOIXEqQYUgJgDcNp4xyOcHHTr689RNdJclC8s85/dqWLkkk4O0Z7HueT0Bxg1xcbGJkRFRmJQgggjJHQtxwMnjgk5wPTrLeOaJow6k5CMSwwFz0GGHO7jGMnoOK873uZNK7XLfR2v7u7jbZ6972XmKN09Nb67bax0un5K1vkz7D8VXAX9mKB33EtexIvOQqZBA6cH+LuDjkdTXweWZh5qyPkgKioCDwQVJ5zznr35XHII+6fGSbP2ZbRn3MxvoCVT7o5Jycdz8vU8cNha+FrSJpZcgMc9EBJYcc4ULkjjPBOO+Oo6MXvTut4J+Wqi/+GXz6GtWT5o6XasrNyvduKT+e9l92h1WnyFpbJ2OW8yLIwQzBWQ4yT0IHONw9zwa/QDxsYpP2drqXafma2iXdgBVRAckN0HBII+UcHrk1+f2lxgGFplkBM8axhhkrhscg9DkAFcY5+baflP3z45MP/DPMyqJCwjs854USuqjntnABOCQRk5xg08NySo1bpbaNaWVkrNPpu+t/vKpOcpbJbNpPXaKsrvW+vl8r2/OSaRM7AFUgAFhyPlwe44P58e4Ndp4Bmhh8S6eyElhyQF4yWX5ugGSBuJPJxk5NcVcqqqwYMHYhl2ZZTnA+UdceuQcc5OOnWeAp5W8R2gZVPUIzKAygEHgEDkZOR33c4rihZTjbrKGqfn59El036dzZ3i029VyvXo1q1q9LW1ffuj7p/a5uRL8Ofhc+8F5LdycgqVXyFGCeo79cDPIJJwfzvjlYuGck7CQvAORzxyO2PTnjJJFfoR+07aXeq+BPhlFHFJMy2L5RAd3+qUAgDK4JH3uynnBzt+GR4V1tJIwdOuUVwWw0QO5cfNjkg8DIBOQf4eoLqxhGbVui0bvqkvzfR+T2HUbnJSSdpQWqu+i6X6rv5rfQ9i/Z3vfI8Z2AQNmTUI4jkEAK7BR69Rxjtjr6+hftqIj/ABQh8tdpGj2akkk5ZFjDYOemOcZCnjjgVwv7P9i9t47sxJCwkjvoj5TqQxZ3C7sqONrcgH6civTf2tfDGt6h8RZry10vUbi2g0u1Mk6QSNFGSFPzuAQEHTJOc89QK3kqMcCpTXv8/K3d2taOvXVrq76O60FSjVd4wjzNLRJXfxLW2qd9bvXtoj41t518tkKqTllByScAAE9BjOOnIB5znp+hH7IkyrJGWVsGx1JVdixBdo3I6g54zxjHUAkdfgJdF1WNXD2U6EOSv7rLMCcHA5+Xg5PPXGK+6P2U7iWAzRsk4a2tr2PGCCWaBydoPJOep3DPy8ZBBxoKPPGSdvdv26rVXt+XW9iVOanZ2a1Vmne/NBO/brfrtra58s+P5Wi8aa/KCjD+1r/dkZ6XDZGMZxnBx1x1ArXsbkPbW5ZUUGEbBjnduycZHLZByeOnJK1V8WaJql94n1qaGzmZDq12nODu3TseVLHBBxn8OM5FdbbeDdYWCxMtm0eyDe3zKW2gZDHB546ccNz04rmau2lq+a7003Vnf187bLob81o6abaJppt8qWvrrbrtoewfC87de0FnBJkvYZQM8cMBwD+J5GD04XBP6LRfAD43+OLw+IPDvgzXdR8PX80S2OpW+17YlV2MEjY8AnGdwxnk9Tn8+fhZAU17w080YJF8kY3YBIV1UgqP73APGOo6EA/vl8Ifj7ongXwnZ6LcfEGbw/eW0xkTTXUTW0OSrKApJJyRleDxtxyAK6cJNUak5XesVGOvLs01q9NezfXstdnR+sYZxvvK6ut21F9dL6qz+d7HyBD+zl8WNIa/T4gaFqnhTRNOgj2avqlrL9jiaQqBIzQKfkXJLKQTgZzkV6hafsd6b41j0u10744fDlpLgRBZbjUBCjzSLuFriYo6SAALnozbQD3r9J9A/av8C+NdPsfD/iLxRofiaC+uI7OSw1CCMw3pdhGkM6FOSzHCkA5J5B5xB8RP2OvDHimaDxJ4U+Hmk6HfXN5Be3Qhv54rCWJSJYXggQqLVlGCDGpzu5xuJPfQzWpGUnUlKVPWMV8TcbaXlFS2kn1u3orbHnSyuMVvH4o3urq11u1dJJaX3+W3yl8Ov+CVnipvEWor4z+Ivh2z8PT6Ytzpl/o5Fx9puvlMKSAlhtz824E5Hzdq8Nm/ZcfwH8b7/wAGeIPGFrPp9u1zKdWsI5bi5WCJcQNPFGGEKlQMNg+gGOR+4Ph+9+IGiaTodkfBenouiWlvpYZJjLBcxQIEWaTcMliF3M7YOP4s4z81fED4beNL3xbqPjvwxa6PpGv6hIYNTe6hjuo5rVmU7Ig4IAwDgZAB4HHV1cY5tKMPe3ho20nytNp/FbvdJN7dTtpZfCilOTXIk3Ll625Wu7ad312020Pzb8afs0/Azw/fjXNR/aT8Of23O8F9LoWoW0kV/aWrk+YDKEEqMI+WJ5Gc55rzPxJ+zX4k+Jeo63F8HvGHh3xp4Bt9NguHjh1GZjHcou5o5luNjguwx5mdi5y2BzXqXx1/YO+Knj/xpeeN9E1bTH1DVHcX6XyiJVVgo8m3hiBjWLOAAAMZA5zx8seMtH+OH7NV/o+hQGTwxfNCY7u5tElfS9UssgyJdlVMLgrziQng9MbTUS9q5c007SS2jzc21ru6aTfxK7WiWu5CrQhKUIwja613UrJWipXuk76u9ttddaWseGPEnwJ0OSw+JXhq38EXVzpF7/YcUUsFxc6uJgAs6jcwMcyjcki5yCSD2HN/8NG+Ftc1HwO17JLoumeEfDp0adLdVeS5kJYvdSQAFCXYjdnGc8gEGvbfHnwr8a/tgWXhPxZcePbG51XwnoEdmIbmA29osKArHZxPErRyPuyNzEMOBn18Fh/YQ+LI1+70OSbw8JWg+1yMJzKwtiAUkAQE5I52DuPxrNqponDm13s07LlSWm3o5a3undsI1rT93l0lpFyV03GKtdWsreXR31aZ0/iH9pT4a+J7TSrO6g1GbUNJuwbXXVZYCLNG/dQiJRgZwfmU9MrxkAc1qnx4+FdzclpINTYQI52q5HmXCqNswJHPzKGxjuQSADW7qf7Bmu+GU0u21/xBp1rqOrW5ubVYYpGiMSluXEigxuAw44+XAPTjdH/BPLXNRs7S8TxZZAynJjNsFO0diFx1wDgjuTXl1cxw1KbhXrKMkknF+TSTaTtfW3Nvqru9j2cPg8xrU1KhRVRNRd1Z221vdaq7V9ebr3PuH/gmH4t+Afxv+MWuaf8AGNPDyeGfBvh3+0tLXxlqMFrb3d7KzKsim4dYp2tlUMYiTkcgda/bzxF8Q/2IPDNjstvG3wksLC0WSP7BYnTEygyCoMLkHaTkE5JPbmv5FbT9j/xA3jDUfB+keKNt7BC07Xdr5tsgihVmlSRomU42jbsJxznHevNb39n3xRNqV74fsLi913UtOuHhuIopJm/i2qyMzgsHJwO2OnA4iVPC4hpqtyKUVJJSaum01bvr3u3fzNqWKxuCVpYRTlzWaa926Sslom2nuru6t8v6tL/9o/8AYmikvrgeIfhrfRrGybZ4LNmMeCQFbPzk5blsggjkYql8NfHXwb17xJaap4Q8TeELbwjqEZj/ALM0+XT7TfPHKXCsquG2E55Kj5i2D2H8rg/ZR+M00FxHF4M1N4hzlG2khR0AEgycjDL15PGdoH61fsZ/Cyx8KfDu00/xX4Rgi8U210ZLg3ru0kcOdsSIcn5jnccYzkDPTHsZbhaajCNOpKTWvMpN3fu+WzS19HqcOIzbEf8AL+hGkpS2s1yt8qaV+6Stfrq7N3P3p07VfhfBdSPb67oiKztutmv7MxqWxgKBIV4I5IyOO4IJwvEGg/D3U/EVr4ttvEPh6G7trFtPFjNeWM0UseS2SWfO1sgAKPlyWPPzV8Nx6P4eXa//AAjtssjPtJWWTaAT8uVPUjAznkdC1LLo2kSeWiaLGpiJ5MzgsD1OCcc/gPzFez9Xb5ryvJJWWunwpbpWae7+Vk3Y8h5vh4VW5ap9NEo/Crpp6NeuvXc+2LibRIUWXT7zwcpVgcRXFkgYgb8FAy5ORyR1Bzg8Cvzx/by+PFv8OrL4dDWbqCfQ7jVWuLnTNBu4JbqdIyd0hKEyRLgfKMnqOeort7bQtGC/LpUauzMdpuJPlyBtPUYAbIODg571+aXxl/Y5+NnxF8YalrMXiPTLzTJ7ub+yLK9uppBY2juSkAR1ZI2AIXK4OQQckMa5Xh61KV4vnc2vdjtf3XG9o7aq9nfS72TNVmtGqkoXTaSbbST006RV/eu7P5FOb9rL4ffEbxatvrGteIPA3hVJrGXT9Y0+2im1aG5tbiNx9okYkvEVT5lO4N6jivrPwP8AtkeANf8AiDceDviF8W9S0nwFDbpbaR43j0PTpZ9QZiqeTqEQ5QrHlNygEcEgsQK+B7L9gT4yWzfZng0KZI1LGVJjlmPbBAwceg55zx0o+IP2GvjXH9kms9O02RFGDDHLu5UcFgwIJzxnGBk4wQK4sRh606qk01Pl006y5bpWtotVtp2ex6GFzF06aXtIWvG6bVmrxXLZ7q72aeq5btan6tePtZ/Y4vPDPjCLw58cNV8Q6tJpkknhTT4IoxDNrgwY1mt1HCPIcPgcHBOACDU/ZG8U+KrTwjHcar4i1Hx5Jp91q1ovg21heO206C4SSSJHuxGAkkkixsgypAO3jNfi9dfszftC+Eri4vv+ETv4YBvkW5svLLQhCN0yDzPlVRlicg8HnBrrfht8Tv2gvhFFeaXoXiPUra31e7Et6CEd5Z4zjcH3nDIRg9MngjBBPDGjUpTcZTldSjJNd1rZ3abSTSs247WW9/TeYyrU3yRjK/KmkraNJe8tOr06dLaWX68+BvHfxu8LeMNf8R2MUui6p4tk1HSNS0zU7B5BoGlKsos3SQIfMkfCN5h5wWDHbyOj+H/x++LNt4V8V+G9a+GHiLWvHPmXU2ja/Mr2+l391ZXGdPkEjD/RYCuRhOXDAMMYr8v4f2j/ANpW2v5L9dY1Gc3JCNLdW8c28Dpgv1J4wMqMnANd9pX7XX7TWmTGSa5N9Dny1jm063aNSccAgbgRkdiM4OeK7VCm2+e7fMpSi72TtzNtLZSevMtOt7HLGriZStyJQjLW/NZJWTSst3/Mld3erSsfc2p/Gj/gpb4z0e3m0DwNpfgzUo5ngWCMW11cahbsypCxlnIKLLEoXdkMQT1K88J4o+Dnxp1K88LeJ/idHb2XxS1S7u45fD9mZbXTIUeL/R72aa3zGLhnId9x4IJyeo8h0X9uP9pewu0Nza2UsSxAwmS0jQoCDhg2MLxkdvTBUYqrrX7cvx11eeIa2dMLxzCS2aSzgdxGSM7mIZmUdOM8nj1rnxGCVScZwtB3Sf2k/g1kn8Lt2+J79zSGLlTbjUjeLbezd2+TVuz3vpbdrVIx779nP9qnR7y/vr7xXqUWqXV87Wq6fqF5JFNamXdDC00XyLsUhdxYYCgHgV9vfsheHfE/wcuPEniD4war4j1LVtaSX7BocN7dXYtGjRfs95FIWbbJKxPmIGJHTbXyQ37U/wAcNVXZF4ssLCH5XaNNKjdY0GDzvQFeMnAxyBxwtUtY+PfxTv7NL+f4lxW8NqQrz22kW8ZTAGRkKCQBxjJB4wSeT108FTVOSck5Jqyk9X/M9ZwW17X0V2rsznVpRleMm1/I1q721Tdt1pq0tdran6L3fxr1qz1Kex1XwXqt7pktxNe2dzqEkkWySQ5XPChlIVASc5wBkc10vwC8Fab8f9a8WJ4g8Vy+Fr/RZl1Gw0nR2S0vLp52I8iW7jYOyoi9Qc5OSM5x+Osf7RninxX4obw3qnjbVtWjSMNFcBEhiYxqTlFByFbBBAOByR1xX0n4N/aC0z4aeBtX1XT/ABlZaH4x160utHt/MiDXUDIhSC4STkmUMxYuTlRggZrSMPYxnHlU4Tai4xabbTipWlzWVm01eW290kRGXtruMXH7MZOzSs4reMtXqrJ3XXVFn9pLxDpOkftP6L8Mfh/raXa6beW8us2utXlzf3TXsYIvBBK2Y41CoCArdScjivwi/aFvpH/aB+ITTCH7R/bl0TEgGxXQgAhjnPGOD0wDk5BH7CfCjXfDKazbavr2qWnjbxrqy37Xev3Voq6na3E7NIfLnKl2UByA5O7HGcDj8YP2l7fyPjl8RJo5NqvrrNHKXZGJkCqQMepIwD3A4rmnSp06kHTb1gm03aUVeOkl3T0bT5X6uxzV5VHQ/epfHGK3TaTVm1dpOVrp35XdKy2WLB4imnW2866PmwuAYwdgRUOE74JGOADgDpjAr3P4PfEqGyutU07UL1LaO4O5bieZQ7bOCqnODgHsRxjuBn5E8iOwtnS+kZp2YSoQWLNG4DEKcANjHJ4GcYIyadpt7YvPN59vIGVQIyZDkoADkbSTuIIx0GeO4rSo+aNr3vo7Xu7RSSbV+X16tuzR50E4zXNdXs2tb3ta1rLXt3b0fR/pL4/+IPha78D31pZagPPEAUxrcRlZpQxIwATxk7icBeNowBmvl3SvEGmy3tpcTSW4mSNVWLzAGBHCtjhRgZJOTg4HFec2c2gXlqsD2N758mNq+cXBAxjG58DcfmztJ6fLjirFivhk36xzW0ltJH8pLSMcAEfNIRyC+O2AfXdhq4K9FuK5UtYq2jtze69FzPlto99b9dD0KU5KUE5NJ8qt1+ykuVysrJJOzb1fz+7/AIZagsvg3xwxdGcwzunlgMADExGXBIJI+pznPTj4J+I07J4ktoY5XiRrQCR1bkl5CxYgke5wD0HGep+2vhWulHwb4tTS2kFt9hkXyVJyXMBBbcR0LcYJABPTpXxP8VILKHxPaoAwkaxiZ9xJUtnjIGTzgA5OSOM9QPmMOuTGVot6qTu9ddIu/e9rppaaq6Vkz6nFtPBUG3o9+zXuJrTbr+nc7f4NXE6+O/CzQzgqlyy4wrO3A5Hr06d/u9znX1ixnuvEniiZXdlfXdRLRggs8jTHgZc45YDIwBkg84I5P4KpCfiF4ceRygW7YiJQckFGHUHuSMdQevUYCeMvFFlp/inX47d2gmGt6gHHmN8g85iCqglS2MEgjBOPQ16c1VqQ5Yu9+uujagn2upX26O3ex51GrQjNc7elnbW268tNLKz0e91ofpt/wT3+Jf7Lvwh8Y+MdQ/aVhj1qPWPAHiTw94JsXsY7mTR/Fmo6dPDZ36vsYxMrMv71QCCc5yOfzp8T+ENCsfiDqFvrHiCytPD19eT3cN5ZS+d5Wm3FxJNbrIuW3yrEy+ZnGCdoyOKd8DLjTte+JNtHqFsmq2f9m6zcGO9ZWQTR2Nw0cihslXRgCq8Ybb8p4x5F4p1/StQnvrZLeS3mtbm6gmndmkEgErABAzZUKOAB0GM4ByfiaXC2Jw2a5jmEcViUsxhQjOnOfNTpuiuWPsYv4HaV9neV9LWPYrY+g6NNJJVIctru6koO/on72rvf8T9CPCmo/BWG/wBC0n4bai0+qwaDdx61euxeG5zbuvmJu+55jdUTO0kAKOMfA3i2+uP+EjvYonEkVte3UQQrsGFlZSxLcHcc/wA8ngj0z9nLTyLvxbd2rRH7J4flktmkXbJEQN5YFskEgtnOMAYznNeEeILm8bWdTLnm4up5gz42spk4IJzgH5gp254r7DLcJLB4KlRlWlVlzSk51G3JN2a97ra1rWbtv5+NiK8q1WVVxcYz5Y2jeyslt0evye+1z67+Alvcy+EviZdzo0aR6ESZIOcgoF2kAdOR1OATz3x8v6pqWmvN9mlys0BYxhmYl2LtgOAOwz2xjAOMmvon4HavJD4A+ItvBlJJNHIkfcWXAjIJYYx/31wDt2noB8j3Zke9jnG7BLZZwGLMrNyWOcZGOfQbQTyR3zppqMpaXTuuZP4tmvON1dJWVrvW5nSxPI0opttq9223dJ76W0av6LW1j7g8MmOX9lvxYImjVZL+RiZRtZWDZKoD1A4PfgYxhcn5e+H8dpZSym4eyZrgASszIGClWxtBJy5IIKjpjOMZr6B0W8lP7NPiGExKUnvZcO2E8sZUNt28dc8gcccHrXx5pFgZ7q3RfMCfed0kIBB6tnIUKCOnbnGMkVzVaOkeWquVpPRvT4Va3k9dF16LbepVfPDlSlZdL3u+V6dE1fr00Z92+I0sI/hT4Jmu/KTTU1S6Z5JtoRslflAONwIAHAOVHpxXzx4h1Lw1cXUVvazRIqTNIrQMWjUDBXCg7RnnAyCP73PHvHxE0lX/AGd/BUSq4EepM6TE5Zz8vyqAenbA6dgTg18Vf2bJ9oiEfm+arshCkAnP38qSGI4xjpjGK4a2HcpRcqkpNKOzdrLlSXW7s721s99Ttw2kYrkj71m5OL6uK81tqktmtnqz7K+LmrWmk/DD4Q3c7zS2ssV0UZTsDhcDAHJGcchcqeTwcivJPDXxH0B7i9hWWVGlikWIOSyxFhg5HCk/MSMZJwe2K9D+PFqkvwc+C1rDHJK8FhdeaSgYI6gEnHfHyk/Nzk8ivkPS9PeCaFWUs13OqOyAKwBbqeVJKnILHgYJPBOOOpgaVSMXK/MuSS1d3rG2l7euzs9LI7YYmpQqpU0uWybdr6e7otPtO3pe/RH1/wDHRYIPBvwwkuZUltbjTbh42lAVUWViSyjGc4+6o5JI6dK8x8Na74daxGjz31rEy7fKUc+YiEYXacqpYqAWHPJG0t09N+OtlFfeFPhVpu6Rlj8PAeY4JVd4IyPVgemMc/UGvkWTwwttqlv5M0pPnxDcMglFlXPzErk9SQMBs45JyNqSo1JwjJtcvJFK90rKMd335fJpX1Ss1jVnOCb5Pj01bv73K0lfvZb20PoP4/39vD4l8M+c+y3k8KafEmf3arEGA3cdAQrlTjkZycA1wfhbWNEuLCSya7j8wahbLEY2Y+WjSZIK5GAcYLE4zyTxiuw/aB0g6jqvho2UE13JF4O0yF1kJAyyqAVYEjjOd3B6nBGa5Xwr8FfG9rbW2oR6abWzlNvezSSlTIyI4ckKWzjaPTB4JGea68RHDQ5fe3Vott6qSSvfW6bdtH6Xu7YYZ1ZTl7qcFGUnfonZvfpd32vv3Ow/aqubZPEPhUmQSgeFrOFlk4CoAoDqCuDkYYDBGBjGK8/+Bl3ZRePtFaBoi4bG2IhQ5U5wzEjCk9Rkhu4zkV2/7TNrJqHiPw/9pAiaLwxZwRMyAFnRVBJH8IHGCuBnJPqPMvgxowtviB4aWWRWh+3xeduGz92XGNxBzj9DzjtVyoxlTj0haDunaysum19L6dE3rojJV/Z1mrpycmrLW23Raq+mmttWnbb3X9rfU01H4nRXMaW7eZoGnwSbWyItqRKQQvII5yCOeevBrqP2T/BsEWpT+Mrm7slXS7mCKysXTJleQhZJAQuVCg4Yk+gxnmuD/aWsbWP4p3/lNELf+zbVoowDg7VX7pPI3Htyec1p/s3627eO9O0+U3P9mSq7XFrFlYJHWMohYAjncBkkg8g7jtAqalGMkqSk1FJJyu9bOOqv1ba12afk0dWExHsqspzim3eya69Xq+rd7vXXe6Zy/wAUk0+58deK2OpwxXL69NJIkTkKkbuSRHgKPlzjk5yT1IOfev2bGsm8TXkYvHljn0iaCADO8tFG2AHOcEAEjHXC89a+V/iJp9svxN8WI77IV1aZkhALbTK7MgZupIB4BGcjnvn6E/Ztt1t/GsNlHJK7/wBm3skRXA8smKQkKuRnO4KPQYAGc4inSdGrDlu3GUeVtaOzWnezTfdq272XRKtGtGcnFK9kkt3qnFJ93tfyVrWPlLxlrdlo/wAQvE9x5c0pXWb+EpuKuB5z5YEKNzk9+NuAcjBr68/ZRvhr/wAQ7C7jtFfyNE1TCXLBpSv2aVfMGR1GSSMD24Ir4k+IEYufHviTz43DDxDfZYg4ZjMwIcE/OzZ6MM5BwM19d/suONA8d210JFsWXQtQRUZx8waGXG0k4yQeRzyV7kGlOnGWJhJL965XbWtldOW6SunurXurdbHNTxFX2NRSuqS2aerS5dU3s099d9vL5n1uMr8Q/FNqywwbvEmpllZgo8n7QxYA9yApwvI4OD3P2F8ArCyt/FV1faetoI5fDt9CCrhgzmBg+CM/NnqPXPJxXyrc+Fz4p8deJp0uJISda1K4mlK5B33L4CjOfu8/dHbAr6Z+DnhceE/Ey3B1N7u0k0a/KWiqysJWhfll5wVIHTOQRkggAtL/AGmLUnBRku0bXcVZdN99LXXzWlCty4SrG6Tns203dNNNaNdfJ3td6ng8HgzWdd8W6ra6XaLczDU55QIxuKLHMd5wAScAggcktxjqa+2fhBpx8Pf8Jta6rFLZXLeCb+AvNCIxIxhyVXIypbJAwcDBHGTj5g+GfjrSvDPi/U72+guSXvroEo/zbftHAbAGGPUjOCeCW619U3nja11y48R3kVrdtC/hu5MZ2bPKBiwHdhyyjptOSSV+XBIrPkxE8dTSkuRydryik1eLb0tpZtd97rdAsVThhKi1lJ2vLZLVN66WV722tpqfBvhfR7zXfFM2nxLH+8uZtsjJnZGszYwoIzkHJBBODjHBJ+2tB0e78MfCf4r2hWI50wbpiQDIpUZO3JIwCMhuTjBAr4E0XVdQsNdkvNJa5iuVu3CtHjcw89w7Ensdw4OOnccV+g3gq7u9Y+E3xQm1iAPdyaKJVllIXOYwchclQSPm7EMMLjAFFeNeGMXLP3b2l83FN9d9dEu61a0uEozws+ZNvdS6paO7fpt1Wtrvf84LKxS7vAWUs7AY2AYIZjhlY8AAA5GCNpGfvAj7P8FaXAfgv8T4GEUc32a1WF5GGWI7g9c9+oAYDAJ4r588P2NpYyKZYoZpLjaY1jYeYq5JI9sD7wJ3DKjBzXuehGaT4RfEoIhKFYDuUljDhyCGzwCR97j5cHIGa6KqcFTle7fbW226Ttrff5WOXDXcXGTTVmrOLu2tFJOyTVno+q3u7tfC8+jzm+lhDxuUILsp3A4PYjduz6fUdcV9x/s12jx+APi0zqInHh6dY5CBghUOVPzDBbnjp069vip0nS6cklVHl4ZQM7cc5I5G4HBA+vuPu39nWBJvhn8XY3eUAaFJIJGUszMUJ2pnBXkYyCMZ5xxXn1ZVVUjyxe9tVdWTV+9vXu7rqejTlJRsoptcvK27ppWur/Pp289fi6yM0eqxlHKsZCS/G3/XEgAZ/iwQceo4A4P9EcOt6BH+yv4Sh8Qalp1t9m0XSHit57lIZplE6mVkUMHkVVGXI/hBwCADX89McGLry0DEmRfmwSUJm6cjJ3HIJAHHUjpX6MftM2uo2Xwf+ClyjskcuhxRSKhIjdjEpO6IEBjgjacYz1IOK+b4kyd57gll86k6MaslzThrJWs/J3lpZvfZHXgsXPC4iniFCMpQd+WSbSule/m9Wm+rVnvb9kvDPxW/ZX0DSbyW88f6BFc3fh7RmjjVxPBHdQQRM8RXJZD5gKuCoL/MSMDFfD37R/x++HOv/tEfCLxZaeJ9In8P+FrS1S9v9HgQQWjRyL5KCNVGHZcbhgAufvCvxyS8vzBKkUauGO3ezszLgZIAZsjgEYH8PftUbSyFbNbmZliOS7BDlCDlFzkEgEcccKATxyfzvKvBvLcux8sbLG4qtVrRqUqjquPK4VUoPVbtKSt09Ej6CvxNjZ0uSMKcUnGUbX+JSV7ttJpt9L6O3r+/F7+3B8Ir++nht7+4ispojDqMr243XO2ckSwcbi5XDEdlJPoT3ngr9rT9m1X1qy8ReJU01mkhurGe8sQSkPl4y4CYkLfMpViQThjlhx/P3b+IdHhv7WWIRy28dsI54ZmKjzApTe2VxvyScZwFwACBgc34s8Wy3FxMkLwSQCJI94G4BeBtBPzFQM46kfhmvezbwX4bqYBUqWLxNOUrSnKjOLfNJXeijvr3bVr6bnFheKc1VVTnGE1G9lJe7ZrT4bN7vW+jWup+wH7cXxa+Bvjr4LJo3wy8bweINbvvEkVzPpyWoi+zQbc+cX248vPITpwT7V5j4G+J2j/Dz9j/AMd+E7vxPotzqmueGL21ttOilC6hG01wwFvgZYyEOG2n5cdepI/Ii48Q3kLxLBL5aLyXUFexO1uckEDHQe+CcVQm8QXlwHjeUbHO3k7sKc5+Utg5PfGBxRl3h5gcvyvCZXTxuJq0cLi44tVKjU6kpqUJcjaslFNbq9umheMz2viZzqypqNSpSUGoqTirqO122rJtpvR9Hr72PG8ZhiRlAdSF2g/N94thuQMnGM/nhRX0vrfh3VfEeieFLfTLe5uFXToiViwysyqvysM4IKqTgnk5Oc18124glljXcq7Wbc2wAliBgkdQcDgAYGfXGf0m+FFmt54b0Z444/Nis08jrukGVDk8YUjJJycnke9fo9D91yXt7tltraKWrutW2tmnquut/nFBTuppe9ura3Vmle+u1o9raHzPpfgHxzp11Jq2lWmr6XeW6iNBa3MkJAOQ2dpUkAEYGDg4AB+Wr3/CLeMme7uF0+a+uru3KzSagRcXa3JOWmEsrF2cEfKxJKn0Jr70l8M3pZCEYNMoHyPyF6kEHBJI6YGTkDsc4/8AwhWyVnaO5bzGbd85DKxznABzglsnC/e+uK9eOZy5VSlOryQacYSfNFaLXlaSXVtJJadCKeUUqdb6xRpRhVqW5qvJFOavHRtR5nZ6WlbSzPhy78O/Fi4Mfl3GsTSzWaWcoVyqGBB8kLAE70j6YbPr71hf8Id8SbCW4uJrbUV+0RLb305UbHRA3yOCSCM4AyA2R0x0/QNfD8sDYWGdWiyIzu5Ydu556DB4GSAckYrXfh5r23kt5luSjqRIokCneR1yMhcew2jnPGc4fXqS6SlrpZb2tft+Gm7XU6KmBqtaSabtf3fdurc3vRs76Wb87nwrF4L8Ty21pdRwSf6PHIyqADJGWG0mRSMAtnjngYI94Z/hj4jvIRMttBDM0chFwGUOJTkqVO4BXHHPUZ47ivvGz8H6ZbRrbb1USBS/mufNAB3EHBAYD1B5+bknmrdx4U0wpFGADGjF8QFiWHGcAjHBI5AXv1zT/tGjGKTpSsuXVc1rvlvZK7ule7a80002OGVVHHSrHRpuLb39x678rtd9NtGtD89dH+HniuNW027s1nF/PG3nXGMqysSWjzk7SeXOMHBGO47VPBHimxuLwWsFnA9xAtuu0g+aigZZlJO1jjoeA2c7u/2DL4G06eVZvNuozD80bDcvlrj7q8EDAB4I4A4wM1KvhbS2B3IZGCjbM+/e7DksRjBIyOQRnPzAnICr5hQqxTaaShFcq18rd95PW/d2ubwy6tGKV4qXMtb300S1tdat2td3adm9vmdYfH9rpMFhIFQC3a32m4YxyQEYKGMOAAwOMAY65yevntx4V8Tx3azQQWYEUu/yPNyFc9QAWxnBJUgNjOD0Jr7VfwtYSZUxhk2/IHZ8ckLjG3C7eACBng9OgonwXp5YzLAXBAOwxNuATGW3HnB5JPbGPSvNcMFa0aS11d9L3Ub7x1drb2duiTSLWDq3Umk0tU3LVytG13pdKy6bbq58gL4U8UsY7oWVtkzedKryA4YnORlgeo7kgH14q9N4d8QrJJNJpkH7wMryo+1yNox93n+LJwBgsfbH2HD4WsTt2WMpdACNyu67j0BAB2jk4PAHJ3ccaP8AwjcTLIo0yJTjO6RflyVIwMjknByOfQ5HWOXDwslFRhyq3utrmXJq3yq2u1rtX3WrNY4apy80klJLldk73Vtvdvba9r97nyX4f0bVtO1i31BbeWzktrUpGI0F0kjkAo0wYFCARgghjgdAQFHrWp+MfirqMcCWupG3eCze1K2mnxW0kkJUqFPlhcgoR82QQPvckV7XZeGbksRFp8arsBBBxuKrg42kcjGevP3upJG3b+Dr9gsi24Ocg/Kw445DMBuOQMfNnJI6A4idDDVLNxg7NP4Lttctne61Wlk9dXo+r5MQleEp23tHmTTXKk3rZ2tporpu91c+Q7CHxlGpW4gujmUM5YYkmcks7g5BGSSMqoxnI2gA19H/AAimurez1i4nuLiy1GaWMxIFDM8MbfvQJHyy5UEAgY55PGa7CbwVfZBZYk+YBg+C8fB+boWAIxjgEdNp4Nea+LfFOn/C/UrFdbs7qexvio+1WzEIiqQWXA4BOTuwDwTnjIrlzSnCtgZUVJ8uitG6lbTSNleO3/DderAUpUsRGpVdv70tW00uW7VrNWtrpazep1HjG6g1jxjd6jbWjNaW+nRReRdZkV51jVHlXqFdiCeANpzg4ArlPEV1rN1ZaXCsDTRxwSRwW0dsCkO4HG3AIZgTgE4I78itey/aC+Gk8ZksNON05jKyFokUoAccs2GOB9c8ZxjlZv2hPDUNxHEmm6ZBABiNp2TIB7qiqVzjggjscjaa8qOYww9Clh1h1PkjFKUrSd1ybuzei6p6Pzuj2p4CnUm6qxCipyTtFSdneDs7Nx6W7fc2c5Y/2s2m6ZbSWV2qpMFnKebCzru+ZPkCqAcnOTtyMhgBXXaf4H1afS723sdOneC8v0uGgmnZUO358mPcQZBtzu5JHGCayW/aL0OQNCn9ihYiXAUDDHJ6YXgY+Yjge3BrP/4amsdOnMMVpZt8xffEDjlcAgbQMgY46YOcZHy88szjKKccNTulHdfaSikrr3nf7rvZ9HHLMNdc2Jkkkm2rxd0oppW6+Ula9rvt1Wo/CbxHduRbaFbW582C5ZhLg5QIrgAEZD4LE5B5OOcVtw/DTxgb6O/htbaCcW7RZM6HICbF3AN029QBtJ5IzXE2v7XNoX2vZfaZ/KKqY4YyhycAHcQQM8E8kA5xzSz/ALTkpkt5ZdBuBJ83SRYVxwV4ViD7gjocDaauWdVqVOK9lTVunK7actr20va2ie7vpZm1HKsvbUnXnJp72XeMn0avrZ/irWR3M3wv8bXSeXPb2rYeJ8OY9oMeNpTDAAEcgDHGenQ6y/C/xfLcpPdNpUcqp5cTO4JTgKq9QTjoMZz24OK8TvP2pdXFzMiaFIEVV+/clQOOMH5gDjB6bsZGO1Q2v7R/iq7nWOLR7dd/m+X51wW4Ugcl+wDccYIPGegyfEOIV7Qp2enw7O6srNu61sn3vr37ll2Vqa5qlSTsrWur+8tklpq9FdXaeu9vfv8AhUWuXE0cl5c6NLtWNdjEbQy7ih+u09A3QZxxxck+FOoXTBbnVtNiWKQ7Y1RSSGHGQQTgA4GSCAeTkgj50m+PfjoNcEWthHHDGGjKsCeSfuj8MemOQRwDz8vx68eSFpmNpnYu1CSW+bA5GfqST374rGXE2LUbRUI3Sd+RdLXcdb3XL1XXo7msctya97VZNJX5r67J2fW1vnayPrrTvhQtm6Qy+IkjijdpDHHANpJOcBsAYOPXrkc4NdfB4D0XcGfxEzqkQVgkCYTJwzKMgAnnORuKjGcAE/Dlx8a/H8iKxv4UJEfyRryQRjjbuAwOmOmeoHNY158UfHU8gVdSu0bCuVXaCwGSRhScAjPOMZwOa4avEWPacVU0unf3Y6e67LR6rs1fttY76WAymnaXsHKStrzNp6x0V5Pa3rdNW2Pvg+B/AwWWK51m4AIDGIRhQzKSS/QEnjIOOxG7IFWrPw18M7SQXX9qXZkKGIFmXHBA53HlsgjnGG+pFfnTqHjTxrdK12+r3yABVXZJg4PDKMEkHnPJPXqCeMm38QeIJLpVu9T1IR8lgLlsbjjHAfaOcc+vPpXl1c2xNV++7q7avZN2tfVvpd7JK23d+lR+oQaUcNC3KrOzW3Ldr3u+7/4J+mktv8PUkSe41S4MaqEU/aokX5MjaBvyABkjt0GMiqzXvwiiAd7ppXQMFjkvkHynJLJ8xHY9MA5PUbiPzou5Lx7WRDf3rbWX52uZCrM3JAw3XJAY9s884qktvJNMgaS6TbHkEyOdykdODzns3QYyCe/JPMq+qVO7t13Wiu49+6v572sb+0wqvy0qd3yq117211ZrR9Vv07n6Uv43+D1pMhVrAyLHtYTXG5+hXGQSMYHQDLE54AUVzd38WfhNBKsUCaejK/m7oYkkD85OQRwSSRycnHPAOPg6G1hlnR1i3OzBAsshJOBhmB+XPJII+b9Tmq0CQ3j7UgUI0iBWOfmGGODgk5zgenAOeM8E8zr81nGT2s1ezvy6Jpd77X6u6TD9zbSnRu7e9bVK0VZpdmn3as+9z7uX44/DyJykNoJSW3cWkf3uSNrFegxnnjAycChPjp4Qgl/c6bO2Scf6LGASwJYdAAee/XB45GfiVpLq2gF1HFGAsQKAAEEMQCxPQqPX3IIJINdNZ6kk1hYSLHH5k1yVkUY5AUByWAJ2nHQdsHuDXNPMMS7qKSbd9Vra8W9bvW9vW+60Lj7CVudQurNWW/w6J3fWzXV9up9hr+0RoloFZdIucYZgyIqdeudqqCPYH0HHANyP9qmO1aK4s7GVMKTiaU5+mF3dD1wp/U5+L9Q1eW5hu4o0RIok8sMcYDEkNtPXgnAIHzY4BPFWPD+lC/RCGIQQfOyoW54A2kcZZhknAA7c8nnWYY1W1Wmmz0vy39dbW1d9d9bVOph42tTTvbpruk11vro9eutlY/QjRf21PEZgVRFpsUQRvLaWZgzFc4UAhefr1Ocf3h4j8X/jF4l+I9hANQuoW0xrzzUtolJDyFeAWbqByS3qBxwSfmye0hLW1mU2yRXQgAVSSA7BQ74GM85bAIGMnnp6f490+LRbPQNPtgNxs1mZwqqSWUElwSSSMjockYBODmvOxWNxVSLhUleL6Jau6i7NLS+j6tW13vbtwqoVI80IKLjZuWqavZ8tnFLddb6X3ehwi7Vj2tu8xg5XORhc5I5zxjjOdwz6fLX1n8OfBOoeIPAdpf2OyJYY7ord3QIjmlQHNvG/IG4ggAn7y9OSF+QBchhjd80a4UD+MnhgcDjqec4POeM5/Sf4C2urWvwx8Pz3Gi6lq3h+a6updkEJ8qCdiQSCpJfDEkqQQOw2gVw4XCQxNSUJQ5lytpW2bcVpvqm973s1tZBiKnLFSg+Wzi221tdOzejV2tbbaany+NE1WO5mW5jZZIJH3AxlSVBIJXgKDngHOfXgiu68HeL/ABF4DuNTfRbmWyk1CwaxvGZNrvayg71G7DBWDHBXsc44zXrHi7wvJFrVrcaUl6hurtJbi3lgO5IjMpYDdwRxt2kg5OOMcVPjj4WSDUdM1vSbVo9Pm0a2iuIvLKOl1HGA5KxrnGR3yQB1xnPHjeGqjpVkoe0jpFx5b3UkmlZ3tZLXTfroaYPNJUq1NrmV+b3m/dXLyu1721v21t5nmF3qQv8AbJOfMKIW3Elm3MSxbO0Ec5JOO+OAKyFs57hgF+bzQXTyxuYDcAHH+7g59OhGK5Vbi52tEIpYymQ7fdBGTg7XYd8Y3LjA5GeBv6NqscCSiZnaRFVVAOHQnlsHO3J4J4BC5PIBavHp5LPDwhGMHyp6pryj81btb8Ekes8XTxU71HZu75kmrv3bO7SctrW6dHZo6WC1jVI4jcsEU7ZVOSXYYwhwAdvTPJJ5HHfoNLgkmu7SGwEyXHnbYBAjb7mQEbUjRQCzAjGQe/GMHHK2Erz3hkM0PlSSjIMgJU85O3IAPUnPOQTnk17v8Mr660jXTq9va2c/2eKSO1lvI4mhtpzwJ1JyFbP3TjIHPvSqZLj6tOUaFNPni4qLTabaVkr3d+2nloetlOY4XL8bhcROoovD1ac01u1CcZR957Xs7xe3NbomUvEV9qOmRLDdzST36RRmSOUMstmQNrIEPOV4BJAOccDIrnUvpLqKMSLCxcZj4PmLJj5iA20Kc7QTgZ9cc1B401/Wf+Ei1G78QvaT3N/ePMl1G6eWyMcgKi9gMKcYHIA4JFc1Fq1pFcbr1lwfmiMUvEZYfK3JHzHHzDk44A5zXz6ynGYODjXpTVVNKyTXJJtNNb6WaWj10bb2P3mfH+CzCUZxxcXCVKnGUG7JNRV23Z6Ny3aelvM9Sgt7C0t45LmO0lkIL3DFlEyDrtO3BzjgHGMEknpUNld6ebmG5sjGjGfCRJuDEkjll4OFHGOQckMQevm76pp00sire7pZwVQuwIjIADA/NwODycd9oxuzatNQh0xPLF5FJcp86lVU8sQRgkjk59f72M4OeDFwrqMk1PmtJxveS+GKhe2l9JXttpfWxX+smXVK2H9nOioKUXJx5Jt8rg4rR76Nu10mtb6X+mrSysr2xafULxhPvYiIufLQFSWDDADBwMkHlTj+HFeQeKjbwQzR6bPJGs1wy3Oxso4BOQFxl0PJyRgDAHqIG8R3cmkw2129ysszB2mhTA8s8fO4xuPGAT3I3Fc159qt1dK6i3md9kxCDksQQDuCckkjjPTBHYHHiYOliPaKc6sacIfEk0ndu75oyb1SXRdl5rv4r4noRy+NLByTq1qcffTSnBJRck0rNLdL/F2uVtS8N6JqcfkWrxW9+QWMsnCuSCCCDwoyB3BB6bhxWBZ40MSwzGG9a2OxFCqwj8shiRhlJJwvzDPBOeRW9Dp5uJZJ7qeaEMFwhOHLMcMykfNjnpyOeDnrU8V6Ha2CRX9vIZYJItvLN5pfAYuy4yuTnIPBIGQp4r6nCYmbjGhOu+WSbjytLlSSaTV7p2V/utbY/Acww0cUqmLU1Gbk3Nt+9fRO8btLu2/uVzNuPESSyB8QoOWeFsYzyvIxnHO0dRjnGDxDbauC4uI1hjCM+9A21SMfLkADdvK4wTwMYJANcK8LB5JWCMkiFwXIVhgE4OMYLcZPTkA1Qjml85/MMixLhgFYlJMbeE6lm4AycEg85Br0VhOeKnz1Go273bVm7XVktG+l0tEz5ltxVkpczetuu1nppo7NWvdN31397stZt9QsLhLqG2kEquNyKPMjwgC7WAJbnoSSBk5PQ15JdyS291ObjY6wy7kiLFm2J9wMBnceh6eoJzwE0+/ihdvJmMcpbJjIU4HGNxGRt3ckHPbFXoLqCW8t5LmJLiQXURlZSAGjLBvm4OFJG3BGMEbiMZD+s1ILkdPmVrJ66NpJO72vLo+v902oRqznFOSSk1a95NSdlzJXfVK8b6a3ik9O60iw1i80u3vbCxkghkkU+YsEjoGBHJwgAxu5bsR82B02Y7fXRJKroSEwcowTYVGA7lCHJJGUBPAOB3x9e6LBI/w+16+sLSytIdN0eOSDYEChJIAHKRjIckk/OoJ47V8v6VEX0+Zrmdp7y9keSIWr738sZBDLkZC7cDjgjoKqlQhiH76lZpOcXZxTtCNlZbyl01d3sun6HQ4dw8YUqlTE1FNRi+ZNKMrxg9laULt91698Lxf4e8d+FNL0rV/FOkXOm6f4mt3k8P395H+71KNG2O0D8q2D0DH6dK8+stf1CFGt2nKogJKEHMm7lhlcjC5/3QD/ALGV/QH9rec63+zd+y7BZC41a9tH1W2ngtUlnu7RUmZAl1DEjmJXIJUvgE7Sua+GrP4eeNNTOLbw3qxQKWUrY3CFwT2d0AwzY4JB4x2NenjMkhh6kaVCjUxFKdGjUUowbf7ylCck7LRRlLlT0va58DLMqjqYiLqSiqeIxGHSc5XkqVR0+Zt2SUuXmV7q1rO1r4+o+IGulgR2wsAV3RXbhc4GwepI+YcEks396s6bxgY18gKNsYYx+Y3zk84GBgDHPOdwHXJPHolh8BPihfSNNF4O1TyxsGJnigVgMDOHcEYOR8yjGMdGzW+/7MfxRupIv+KdtbVHYFmub63xtx8uQJMjHQjHuRzkRQyTE1FFQy6vy93Rmo3fLr7y3vb83ueXLHUnJuWJpcza/wCXvM3dRSWrs2mld2Tv1PEf+Ernicgy5UoiqOkaNnDADqGHJywAx3xnCX/ie3SNSP8AWMUIKORHnBJJGCQeVOeAefvE4Pu6/sifEWcqZrzw7ZjzDuWa7Yn5jkEbNxzwe2cjIJyAd6L9jnV33C+8Z+HrJgVLBfNkZiOuP3eVxu56E57Zr1qfCeLqSi/qyi3Z2bhFJ2jZ25tEt7d9jCWY0Kas8VTstuWXO21bpq9bd9G+lmz5Wn112kwphaWVf9YSfkCDJBAwMZ6DIHQHdmqqeI2hUwOruxdSJCWIG49GAByBnIOeOQ3Vcfblt+xx4bIia/8AiRZxhtpnNvas7L3YIGGO30ADZPQV1r/ss/CDT1iN58QNSnj8obxbaYhViM4ZGYfKw9cDkjrXp0eDsbOMVKEU9FFyqQ3tHdN6W2vbTU5J8RYCm+VSrykrN+zw9Som2o6RfKkkt7atNX10Pg9dWG4SytGJMqVcj94cgYyp5xxjqAR1wOm1aa19nwrB/MOX8wgquCcA8joc44UEnHOc4+0Jv2dv2crVEnvPGHiuY7QxaOwj+Yqxxh9x5wAScgcgAAEGqc/wr/Zdt3Eh1fx7dhBsIjhjVXBH3Rl/lPXDcYx14FejDw0zPFR5r4WMbbTrU238K9dr2au9NDGXFmCha1PGzV/+gWbcU2r3bSst9dGu70PliLW3Aj3NEzk7xKDyAMHAwMH0A6A5OBg1tp4uuTjziZPlVVKuuVQZBwBx8wB65PXBwK+ndP8AAX7LNu8bjRfHmoqC25JpvJXPbne3fdjrgcZzzXX2ukfsz2M0TW3ws8RXTxOGDXWpyqjrnO0oCfYcfKCBnK81pR8JsbVdp1sFDVaupzK146NRi2939m99X54z4zw9NPkw2OlorRVJKy0u3zzXV7u2/wB/zH4K8aW+k67ZXFxFNOJJmjeISDdGXOA23OS65B5AwFOegx7Vc3dpq2rywR2VzqqXaF1JkVp/M5by2CkHAJAGeBxzkGvXLTxX8EdInWXSvgZamcNhZb7UZiWBGM7MMFOQemM/iQPUPAfx08K6d4m0eysvg34QtY9TvYrKS7mQT3MUUrhWlVmUncFyQRnpxnkH3sP4TZbhoTrZhjaLcIr/AHaEm0oqL3lZardvTz7edW43xrilhMtrJO15VqlKEGlbeKc2299L6aX0PjeL4d69qOpxG28I6zJYtuEkdrbySA4OcHYpBc569OnXAr9Jv2d/2bfhzrnh211rxToS2mrQ3JiltNcm+xCKzChVyrsp3uQSrso29vu5r3z4V+NbTxR4o8Q6SljpGmafa3Lw2/8AZ9jFHKVVQfnbYpyMkBjwxHB6g/Qdx8KPC2qRvcXs91KZRkkSuFyeyqhAz22kkqCM4Ga+myDL+HMiqSmvrOJTp2pqpShyQdou65m1o1pbpr3R8nxHm2bZxRhh4qhgpOcZzlRqSlUkopSUU4KKim0nJLmtt3R8A/Fb4GfD67v9X8O+EtO0zSoLyHC6kmoLcR290M/NG24gA/L1+7yG3Ac/Mtv+y3eeCGubvU9UstSspbdoc2X+kvI0uNpYruaMHIH7scY54wD9r+JvG/7PXgz4hT+DdfNxNeW4le68velrbKituWaRCcyHPXdnLZ3ZyDYtvi7+zx4mtNSttF1Kz0mLT0Ma/a7maO5kkiztljRwS6R4DFeSV4789PEXGfh/m2Gw2AqSoQxGBdSFapCpCnK8XF2lGKXM15t9k002eLlWU8TZbWq4yjWq1IYnllCFSm5Ri9LOLj76VndxUem6vZfK8Xw8tbXwuuiaV4Q8QzKyI0wtLW5aK5mzkSOdmTuXnPUA9wK460+AmuXCNNF4E8RJKWeMvIBFiNicqpkII9Bgk8tknOB6VbftK+OPDur6pb6d40tdTs1llOlW0NhC6varuETNI8fJCqAc4Y++RWNrX7WfjS8jWxv7kSlizyusq2hjIJ3BUhzuwPTHqcjk/mVTjvwww0JRWGxLqxbp3+r0lGXJJK6mpv3W7tSab8k2fY0cPxfKUY+1pS0Umo1am0nFuyUElr0b0s+7M3S/2V/FCKTDpt9o4mbcr3Jhm2MRuJI35APc4yCOvQV09h+yjes/l694z06GGYMjRi0dnCkEFS2MdTg9OQduK8m1v9q6O0eNH1LUZnKgDyL6Q+U27BVyzDIBBPQjaSQME0sf7X7XUEdqYrkjaYoxu8zziVCLIWfJBzliV/ibPNZYfxO8PotWwFeNmrynGKhdcqu+S1+1le7Z0YjKuKqiTeLpq+jipXs7RvvJ7u/dvotz6S1X9mrRdc0bRvDXiD4k2EumaTOJtMsAYAyhBtIMTurAc8jaF9Dg1hQ/sa/Cxbgm48QmZY3acpD9lt+TgFwQ6sAxxgY+XgjOQteLabf+H/Gd0NSutR1OyupYTHbXjXpxZ3s7Ah5U8wfukdsDIxhSMHvwXjDXobPxBceFbTx5fT6tbW0NuLmO6nEFzOUJEhlyCRgFSkeV4xjOcfX4LxP4VxyhDCYWniZe7FU/aP2ihaNo8rV07WaSv2SvoeO+HM6inCWOrYdfHJxhFRd7OVmm7ttp266a7I+n779kj4HGS1WPWrppYnaVM3drKQzclgDITuO0dTnHJ9F07r4Q/C3TYbWG58X34gsI3RLWWXZZmEIVZZTGdjKFypwMDjgdK+VdI+HnxB8XaN9v8PeKra2NsJk+13V/cwm+mhyLgQO4UOUJycAYJ4615j4ptPH1lYz2q6xrGsTQxS2kw0+C8uoY5l4lV3VH3gkEKRuPoSOK9OfE+FrK9HI1TTje7TtolbV9ndvfdtaGlDJsW5ONTOpz5ZQurxXKk0mkraSW+nXVdz6o1fxh+zFZxjwHqU4fw6pdrqz0m7ufIubkE7pJWAGPmIJPbknBBrOsPE37KNtq+nW3hzwzBNc2oQRXN7cXbxgEHbu+U5Kg8kglfVcV+djaF4njiAj8MazPNOJPMuF0i9MiMSxYuPIHPIxknscAktX1T+zp8J7/AF/wj8SNR1vwd4mvdSj0YWnhudbOe2mhvpE3I8KyqrMQwCkgHAwDjjHzEM3x+KxfOssopp3hJ0pPlS5Wo3XRaW7tWXQ96vhMLg8M1PH1pt8jqWxEYtuXIrNJq1lZvfl1PqWf4nfBe1FxZaN4Fha6Mge81HSbpkDMMkh2Yqx7DnJXP1rxXWfifC2qyW9n4TWztr6U/YLy5vGlktgf441JChiOGx7dMCvnSb4QfHBLlbe38I+JrG6LMtxGtlMMbSx3SShSHLqQxfJyTyRzXp//AArz4h3Xhuxsp/h34sk1S1Bgn1J7KZmgbccSJuXlVG4/ITx8vWvdpVcZjLRxGC5YqKV1Rau0rOKdn56ra9+h51aeDopSo4qEpy5dZYhPninHTRtXs3e/L96P1k/Yi+M3hvTvAHiPwl4u1vStNuLTWJdQhUOkVybefd++klP30H3WwxBLAYwSD4N8bNa0G88d6rL4cu9JvI9R1K3uYDYW0LSMg35naRBukds5ZTnkgnIIr5N+G/hDxp4Ik1t9V8H6/NDe2kFtb3eq6bOkRCkeYCyoXXJJBLbQqrjrjPvNzLaXer6Q1ppuk2mp2VjaBorAsd7CNiyyqRlZRgFjtPBP4659i61XJoZdLAeyVOKtVlFuTiktlo7NttpNXu3a7seDg8JChm1fMIYmVT2zcpRU+aMbqN0+WWui913sr+h+Rnx1dF1zxW7qoY+LI9uw+WxAl+fcgwE5HcAHPQHFek/suahBD+0l4HmIdPK1TTET5wFHmBUdmGcFiMY2jO7nd0IzPj/4D1We41rxNB5b22o+K5DJEEkdoVgmXzSzhWCKM/KpIGOVGDT/AIDWB0n9oPwZdKqSwrqujgFXYkO5UEMMjBGADk8Dnknj8jhyScaVve9pJSik01rHXyvbpra1z9Ji70Kk5cutFWbasnKLadt7O/2tVczv2qLC6m/ad+I8ttIRHJ4jt5HKv85DTIQSO5JAHXjg56ivOvj7bSx/ELR43dz/AMU9pb/KQAR5aBgwHp3BzjjIYAZ9f/aeRIf2jPGsxJjjm1e0cBQfmYujDORgKMnPOPTnOfKPj5EJviNo3lCQt/wj2lNhVOW2xKSCW5OD64OcZr38DFyhNK6UWopO/wDd3Xfpf0dtGziq2jKgm4uUqTb1W/uaq6Vl5a63s3Y4zx9bwr8KtDuNkjMdUO9uABgkE8nnI5wODjnrzY8CX7J8IfiKXj2yGSJEGMfKRtHpjnBAByT06DF/4hOX+E2gxrEFP9qvhXXDAZXA6DrgD1ySepFY3heVovhZ48jdVVnaIcBRgFcAHIBGfTgjPJ6V6ypzUYxur3i00raJrR/4kt762taKs3xKouWTsmlVilurNSUdrrVJ6PtvrvL8FL2SW2+IscjlFHgiQr8o3bSHK57HnJ56HJ6HJ4j4ZzP/AMJB4ks1nnWO60CQSIhJEh2HAIUjOSFzn5sdcZ4634IRQJH4/MjtubwNc8D7ucPtGeFOBgAkZzxjjng/hxc7fGV8kWzdJoc4LEZAKxseSAcnn6jvwSCuWLmrrmlLdq7s4rbRK23zu7ra27naE5Pkiv3bV+t0tE2tNuqW21j6o+D9jdSftc/CyVZZc2+kwRsMARgJYxlQRxkgDryMjjJzX1t+014a1LVta8QXL3cMcXlXjo7AOeLZuOPlLYYkepxz1NfKXwPvWl/ak8BM7ruSwDM23kKliqAjIwQcEY5OCMDOa+1f2g7tRJrjFsp5N64KqDn/AEZyR14yuCTxj0wSB6NHDy+rVHyy0ajF2vfa931u2tb72XY8WvioU8ZSjHlcXCNrb2Ti0+2u+3U/EzR7G7t114maMosV7GpwOSsj546kE/MDkcccmvt3/glw06/FT4gIVLKvgm4xMF+VDLeYDZ4UFSeo6nB6Cvimxullt/ELBsqUvz83I3GZwNvcEsMsCR1PPFfef/BKW3a4+IvxUQlY0PgoxLnaxGbjkqMDBycjlQeuSTmvOqYacqc4xu21HzSdo31s+i1ta1zsnXi4xlppFaPVJtQTV9bqz1e91r2Pzs+Pc1xN8bPH5uJXmI8VXkbyqd24R3hVedxOSBgf7ueORV6bSLcazdsrTRBrLTpwA3OGhDHJ4JB4POCOvHNUPjxbzWHxp+ItuwcJ/wAJZqPzyZB4u3Kn5j0JXJ3dD1GNpNXxfqcunalHJA83nto2mN8oAyBbqDkEgY554wQMqME161CK+rQhH4lGCbjq1pHmTutrefyOGqpOq1aLi73WiaatteOttbfmtzrI7O0iuLa6QyB/OtgArO2CJk5ZjyOMYOcZBPTGcz9pRTdePbJftEkKvoGjyl/m2ti2UAg564bA/M5GK5jQPEXmm2Sfz2luLiEKT8yIRMgAK9lPPBztHB5Ndl+0SQPHNgRFJKW8L6QmMBUMjW6qBk4AYnbggknjjgCu/DctKjUc5J2cW03tazuvVb66N33ucDjOVelGNmmmmore8ovpr91rq2qOc/Zu+CWpfHT4lReBNO8QDR7tonvZNQuInnjSCHDFEQKx3swUIQDtznOeT9Lft+eGdU8AT/DD4fXEiSXfh3wuGmvwQk06kKFmKkgq0gXKpnGeoyOdL/gnb4gu/hd+0x4a8Q614du59KbQdScLPaqIbmZo3MMSNLhJGLEBSpPIAHQmtr/gqg+raz8ZvCPia706609vEPhNL6DSpNoNva7nMKlchc7SDgDpxjPFfHU+JcVHjL+x+aDwNXBKpFx5be0TXNq03J3cU1e29k0j6arkWIqZb9adCpCULPnd038Gl9W7prVX622bON/Y++CPwR+MfhjWx8VfGM1prtnPJNYWLaxDp80VvDE7x3L+bKizpuAJQluoAHIUYfxVe30f4Kaj4d0x0n0rSviLeWdlN5nnJPaQsVjmMi5R96gYAbaMZwtfAxe5s5Bevb3ts5AjDQSvBuRjxgpIAwJ49mX5uACPtfwxpuj+IP2fdDsPEGrS6Vpx8aB77Us+fc2sBc+ZL5RyJCM5BJwSOcg5H2OIU8PGeJlWnOlGm26UFd2WtopLXbTdvRrWx4GDy/EVKzoxlLnrThCnFuy5k0lbms7N7uUnutEfKFybURSPIi+azDAViCVUZ3BTg5JG4nB+6CMivefgtrSWnwb+NdxDIyyW1lA6l2yQZWOVzu5B24OSTnnsDX0Hq37Ln7OniPQRqHgT9oWzv/ENrYXF0bDWbMWglaGAOIhtUFpXYbFVchiQMda+Z/hhorW3ws/aJtGkSb7FZwwbxuSKYxTOokj3KDtcYYcAlTgFsA1x8PZzgcxrVY0nOMqceSUakJUnd8tm+ZK8W/Pe2tmmdmb8O5nldGnUrwajOaUZKSlzOLUlrFdNuv4WPELHxjqt1bxu1wwwirxhMqy+oIA2gnAOfmxjgA19b/se6lPN8VL3zrjzSnhLXJMu+4K32dyDjJI6c9PXAPNfBFotxbRxIkeUIiYkyDOCqg5ySAPQ45PU5r7R/Y5Yt8T9VV4yhHgvXWWJT8zn7I3zDB5A59jjBwTX0+GqQWJh+8va1mmkm7K7ts9Vqt9dnueZLDV5U1GXNdxinzJ66RV07aNu3fa1k9/APFvi7WLXxPrUTy2wiOqagylsFvL+0yqozgYGckDA45yc5rqPhDrdzqfxM8ENdXMcTDXLNlVOFl/eAbCoAGCoIJH447clq/gPxBrmrazeW62hjfVbwr5rbZPLN1JtQAYzg8kY657HFb/wz8I69o3xD8HTyW0TzxeILGNY0K/IDKCJSwJA6kZ6nOc9VHPDM8IsY4OtBzVRxSb1veOzV2tXbayv06+vV4Zzd4N1lg67oqnzubhNxcEk732a8rPb1Z9FfFq301viX4wvLrxrp+izvfhDp8sIeQv5YXHIJAJHGc53V5Lf6po0E9rCNd0zVm82JHijQRMzNIAGJUZ99p44Ge5rlf2hjeW/xc8XK8KvINTHnNJyyu0K8buDgcnJIHHXrjynSYQ+pWUrRRuz3dt5jBgiJtnXPOTn+LJAHJyc9K91VYSrJta86trdr4bNpu3rZLR9z5GWGqU4RtKcfd1XLbVWWt77Wd/LzVz7W/aF8Q6X4Z8SeCrzVNDj1W3fwpp7x2hkyu0xK3A+mVyMHacYDKWrznTP2hvAdr+6l+GZVGAMccTYAKgDec8ENxtB9zniuj/aytPM1TwO4ZWx4QsCoLH5gYUx7DtnA5I3DrmvihkknmZo96GIbdwbCrg4O45GBxlQMA9e1b4icPrKdrWUXq7Jq0dFe2m/pd/LnoxnKgkk5c19IpJ2aSabWzWrtda6Wa1P0O+JGr6Ze/DD4feO4tANlpN5e3kdrpvmnzIztIYErgKM4APYAnjt80z+O9Ito5QPDbiaZmeCR7lx8u7gEDgjggBuwPHIJ+ifiJBPp/7J/wAIrmVUeKTU7t3LEN0O9gp3Z+bdxgjI7HFfCuo6g9xdpLBC7oowkZyUTDYBUEbjndwOeRk5yKzxz5HCcWm3TjK/rFW223tpa3m0LA0PaxnTad/aO6cbt3cd7p/D7q06+R9y+ANQ/tX4HfGS7ns1tpfs9iMB2YlA6EHAwMAZDYwcZzwTXx3drO9sis8TKYVwWTkoB8o4xxznBBOOOmSfqv4Zz3UfwN+KkckDJLdWlm+w9CquuC3c45bGAcEda+TTbavO8MkVnf3dpGoDTW9tO8cQHzFGdYyCVxzngDnriuZYpQpRlOpyxcpbuyV2rq97NPWz0s9dE1brlgbVZ04QlN3Wiu7KSg9Ul2SurKzurI9t+B+qPDceL4IBFGU8KahHuUEHPkuHDAj1zwemRkdMfJ+saii71MS+YjygupJZwJCSGC9yDx0K56k5r7F+COj3kLeNr24spYIn8MX/AJf2i2lgaZnicZTcgJGODgHGAecivmaXwjd6s949hpl5cNGXUNb2s1wjMzklWKo3zBiORwDznjNev9ZorA0Ks5Llbacm04tJJKz01VvW9ne1zyVgcU8dVp06cvaShG8Ixd1eMdLPW6SvdNPbZHZ/ApXvviX4BnDIrf2tEqop9AGAwSCM5IwOdxAyCxrR+JujanrXxK+IIi3MINfvCUBKuWMpCoBgMdxx1zjjA5Jr62/4J2eAPAv/AA0b8L/+FuadPYeGdN8RrcapdalC9vaBDEzJHIJBjaCqhs54HTmvr39qHwf+zPB+0X8TpfhhNDqHhu5M93a3NpIGVtdny89vboc/6lwAh6DpgEBR8Jj+P1gsdiMshga1elToKssRBqUHWe0fdbeqW/dpbH0WD4VniMVhVXlOlKpSVSfPBqKjzxi7vbn1vyW2Xfb8u7T9lT47av4YsfGdn8OfFFx4cMUlyNQtLOa4SS3gXL3BVEY7U2jLAHZwfl4Izf2jZNYtvCHwla+tZ9Omg0y5thFOTHLIsJCZdThlPABBwQSQCCTX9Fnwu/4KP/Ar4cfs9eGPhVqfg/xB/bOi6Vqejz3UQiZru4uoJYd0rcyPEzPvlVg2SqgHHX8Kv21l0vxDpPw31XREvrpLmfXLz95C6JGl3cGWK0RSgb5M7d+3bjkEg4PxnAfH/EvEWe5hgs6yZ5dgqNWSy+suZOvBOSfNq/e5VCSlGyals7ae1nvDeCwGXe2o89KrCsoXlUhL2tNRilUiopct3d8ru9XdaM/PW01O7uJWCuFMJYh0BLsQMhQx6HOQDkAkjAPBH1fqvxC8V6H+zto+qWOq3EAuNVn0ab7RiRFsZflkiRCcAuB8xAwAO4wtfKh0u6tbiOSCwuw+5nli2soVdjYDnjb7A5ODk5Ga+lvFWh6hffsw+F0s7OS5urjxPPOsEH7ySNQxOXjAyVAyDn7ufUkV+50Zc0ZRk0ko8zvZ6e6k1pdX1Wis/wA/zytGcp05RV+WomlunJcri11TTuttbJ2uj5G0nxLrd9qFxBFHaslxJgyPEiR8kszKAN3YnnJOCeSa+zvg1FeL8LPizezxW1vLBo25SEAYjnDYIIVGHKqo4JJAGcn4+tfCXilbqyWLRr9CGHnyJBtARW+ck8Z6HHOOuc9a+0fhxazN8I/jSQLlJYtEhj8uXKtuCsHyPXIJyfw9K46FHDfW7UrKUt2nspJN7a6bX3fZI9jEYvFyy90605NRcOVNPb3dEmr+7bp1a0PhK48YalbvCryWs8WXAiIG4gMRubqSQMYz346kGvsn9ly5udQ8Yie9tRAk2gak0ZgO47RbnMbA4UKdvPZeQcAjd8C3emXEzwJBDM7kkEoc5O4g8jIwSCMKDgjBHQj7r/ZI+0af4ov4tRtL+OKPwtqaxSSq0YMgtzlo2bsCeQBg45BBau6nToRnGLkk46ttb6rR3euvRb3tsj5trFVPaS5pOFkrSd1eystUrXu9rW7bX8f8XfE/xV4A8Ta22hvAUvtWuD5V1axyrGkU7kAmTkYPPy5AbPPIpvwI8e694t/aB8AXWtPC7za+C3lQpbwgsoxtWPg45z2bjI6iuD+Oe8eIWiEbiUyTyliCWYPPJjeCPTBLAjknGOAXfs3sy/Gv4aqwQN/wkNurkEBsMyjBAxxjAPTJzzWkMLQlKVWNKCqtWc2lzt+7ZO+jtp+N7Wsb/XsxjhpYaVWp9X5U1TWq5nFe7a+l297PZ2Pf/jx8V9X8H+P/ABHoenxW8q2XiG6vlZzukjl8xpY2EmQ0YJ547DBAGMeLeLvjf4q+Ilxp114h0/T7ia0Rbe3ZY1U+X8q5lcDMjlcfM2Tjj5R1t/tR2co+N/j6BACp1I+WflK5PVee5J+XnngkYOK8O060miuNt0ZMyPGqgEAK2QDx2PbjH3T0OTWn9nYPnp1ZwpurFJRktXH4bpbqN2rWuk79rnPDH4pUnSi5xpPlvFLZpWV9LXu1ur+9a60P0Z+OPjmXwFF8F/E+m6XbXGoQeD7R7Zb0ebbhkwSBG5424wD1DdjjI8wH7TniDXpZFvPDmko18HkuljRUhlnIIV/KAKl1O0r908ZJzmrP7UwkXQ/gvAyvKieD7cEgbickdQOpHAznHA4wQa+U9Jhnk1OLYpaMSoADwFzt+cjnAAyCT1AJ78Y4zBYSVeNaSUp04wUZ8zuvh3taN+nlrZJmmGxmL9l7GMZezk7Si4tpuUkmnZb3umvR2Z+ies3bal+xT4p1KSJYHufGUTlI32qQy8nGQRjO0DbwAcDg5+CfA/iNrXUYzd6VBfwBkhjSZVbDhupBGSSMY5OPWvvnU7EQfsL6qC6yM3i1JV2/OrBWxjK5Tgc4PQYFfm7o+pG31ESpEphRgccr8y53EEjnnnvyTwCRgjUuuWL0l8Nmr6NddLNX11utNd2TOnKjONScbpX9219ne2t2rJb7p621TP0u/Z4l0jWPiy93o+hx6TLpng3VJrxY5B80j2shZ1RQADzjpheODhRXxF4n1aJ/Gmp3Di32Jq2obAxy3F0+N5ywzk5B/Akdvrb9jGZ5vin4hvJ23CbwFq7LGX3f8sJVGR0JPQfLgZxxjj4O8XQeb4k10xBg51rU+CCQVNywBDHJ45BAJxjv1rSjGqnNKW6hb3kmmrO6e22tld30tdq3PipRqLm5Wry0WiXwpXV9WnolZXtp009qtPE9tdvZW0kwFw19p4Ko+TxOiAAZIJPy+oLfxDOR9l/tFfAP4gfFH4laDe+DrfTbq2h8DeGYpG1DUYNPcSiwiGAs0sRcFhywBA4JGa/Mjw88lvrmjpIchtY0oF3bIA+2wgrgEjaewJC84AwK+9P24/EWrab8RfCsOlahqGnj/hA9AYfYLqW3BYWUaqSInAOMnaxyB8pyOM+Nm0M0dSlHL8RSp1rT9+tF1IptRd+VSTeq0bfmd+T08FOnWljacpUlZOKnySauldO3kvXR+SrP+w/+0DHaSz6hZeFo44mO1m1/Tx8zLgBnSfaTgqQSQBzwQa7r4k+E9Z8G/s3fDvwnq91Yrf6J4t1P7eLCVbyISSy7l8uZC8bBATnY5APTjmvz7Xxn478loLnxh4lktpg/mwPq1y68Agbh5pxjGRxnvxkV9qeI9VlT9kP4dXlw0kt7/wAJZeKZJHeS4n3s5BZmbLDudxHzEg8ZNeLTjxVh8Vg54/MMJiKcsRBOFHDypyTtu5zqTvHfRJWdtb6np1qWS1sPWjg8NWpTjScm6lSE+sdnGKtq/J3+48RuIY77dazXrouFZ5DEAW+UYO3C/eXIJ4JBwMLkH234R6VDafDr40XUMrNCPDyxsix7VYsAFIGPlD984IBzt4YL8p2esXIusXDlx5ef3hIyWUYHAzgZ5zxkYAycV9f/AAfjvH+Cnx3nKAvFo9uUG4ZSNiAdxIyTg98kADGRnd9w8diVyc8r6K3/AG7bTXbtvrfufJ0sHQ5pWlK65tOzsmt2++mr187nwlI8sTrB/wAI3Hcbo9wk3F1CMSCygj75zwfXjjv0ngTTdVt/HvhAy+H7rTIU1mznjL27hJ1aQYYM6DPHLDPzA44wMXNJ0/VbtbV7VN04nRo2LbiyIwYo2eFQlCSOehwMYz9LJrer694s+HtvqkVkslrc6bBbpaqse7+8zFVUlo8LhSvXOMFvlFmlf63h6Hs4yhUa5ne3L8Ls4pJu7s29F6NlU8tpTpVcRz2lTUXGOqTd0lffqk3fve+x4L+0Jc3U3xT8RW8rj7Mj20gimAWMuY0OVBIHBxjoOvBPTE+CGlaJr/xN8N6Zq9pZf2fNLcmVliDlmSJ2XcGBHLKNvQDqCO/S/tD2NxN8W/Eyvjak0EQBQsD8gGMgDAHJPQsB16Zl+CnhLUbfx54e1RCI7S2luGlyhV3Bik+78pJyB91R2wCMk169SvFc0I1IJ2aSk+WLenu27aLVNtXv3T8n6nGVR1JKUlHWUru9rRv1dr3ffWNn0Mm8vrC11DV7O0BKW17fQRGVf+WMN46xKCM4ACYH8IAyfSv3w/4KDFNX/wCCeP7B+tGESBdLe3cscjYIihUjAIyFAwTk9cev8/Oq2vkanrU6rKsbX1+FBTaC32pzk5APfIJwMkAgkZP9AX7aZ8z/AIJg/sUyupDRxIiZIAMbSSZIJIweo/rg5P5nxPTp/wCs3BlW6vDM6iurfbwzTSsttHq76Lbdn1mAUY5LnKd1FYaLV2n8M01daXVtHq+q9f5+tfvbHTvtSvp9tI7ylosj58OdpwzKeCfQjnvj5Rw9x4k0+2ltJv7Ds/NgU7F3Y+8AC2FXJPG7nPzDsMmup8VWwl1GIgq4CvhSxwSHJ6gnO0fN/te4rhJ9FQvtZT5wRmUHBUg5ODyQNuBxxx9Of1ydSoo8tNpqySilHbmUvJ6Wta6uuh+dKrTk7czbloveSVouL00drOy0bv5X0r3+qpqt1LfWll9naGNQSCSF+YkluPmySR9OD1xVlJIX0jUNowsoXL7QCXIO8MRnPJOcZJHvzWdaW00Gnao0aAPEMkqeckkDAHZm46jIHGCKv+GLRbzwtemdz563fyrjOcuDjtjvyW4wPcB0FdqUk7uEpJvRaqPu99m1d30s29zSMlGCcbO7ur3UXdrTXW6TaXd2u2j6e/Y+SMXHioqhVYru0DKvCkkph3BAzyc4YcZx61+8v7JkrweCvjQtsCjLYamu1VXLLLpchbORnoccnOMjjNfiD+xLYi7X4gMyqZLbVbKNMY+6Co7nr0J9cdBxX7lfss25h8HfHQ8qY7K7wdu0KTppyCQQcnPqCOg9B4HENSFTLalBcqbq079ZK1SLT89LWfS9uh7eUwnDExnsrOz9VZpa9raX+emv4STSyLcHKhWXxDr4wTzg6hNjgD/Z55BwMHFbyTA2YZSrMZACgyQT5gxkjJJx+S+wFcvqrCO9nYlSB4j14jLEHJvpic88AH24HTrxt28LLp8RTJaWUDIwCP3gyOgznk8j64GcepSh+5pXV7QhsleNoU9etm7u/mk+px1JtVJ2b+NtXellZKybaXm7fPVnSagsqm3YbBkRID0xvwWU88dccjr0OOtLT4R9tmO/EiTYKqow+4Haf7p5BB7kH34fqKTeTbOyuri5QZJODtUkk/wjG7GDz1XBqlprkzX0g3F1nBJ7AhsgBuM5BxgYH04NUpJR0elk4ptu2q16W1turO9nd2t0ttpXeyi7b2s0nok2mtGrqzT16sv3cM8VqxyDsuQZAoAHUEA9ec9v93jGK3bG082OIPkK8cpYLjjjI4zjkqORzjkEDFYt1LutJCScmYZGSR1z8xwo+9nv+XNdRo4wmZuD9kkKqSWwCvG3K4GVOOScDJ6nAm75Ha/vPrsr8q32V10Wr0as1rUPiTfvLbpvdaN291NOzUXtv5vt4JfIiEXyxiFsliCxRW5Azt7Ade24nNb1um6fSFZUzvDFQDjjkAnAAYkHPO0YHpgyaPDFLayOQD5UT7N/IJLHdgZJXP0+78owcgXVwtzpmFTdggYwByWAz1w2SD25wMZOainUlJS+zZNa7NJJWTun1vyuy2vsmata9k0lvpayta935pX1audNqKRR6JeSqCHaKQEhfu44QFTxn0BwR0OSCa8ytUjNjfSfMrJGUZto3PJIRuOem7JA4xyD8wIFen6ncrDoM6kKXdX3KSCSRn5jg4GM5U5bB7jHHm1s5bTLpHXBMkQB5yS7ZOTySe+Ome+ekYFzdOtJ7c6u2ui5W2rJ9FutHbV6XV1vs9lCO61SXK+m1lf566tG3bRxrHbKwKmKzJwD8xxhiTkEDOVOOPr6SGJJNSbKMqqsGQOoDZI6jgHBPQ9DwTirUUcazK7ZKiJgQQxJIVAQw9yGxnAOOlWktnkv5ZPuRyRRNt4GRgnaD2ZgTgYwM8EkmqnOVm5b25drtt8qvf7Vr6XflvdGFGnJVVJ9Xrdtu2ju+1lZvTz2Ry11EwtLyNTkG8PzMeMjcDgZwPXk8d88Y+p/2foCvhuNATvklvY04IVCyoCwPbIBx1+XPB4r5juIwNM1HG4MshdWOSC5JGRuAI5+Ud9o6EHA+oP2c5VHh29FxlXs5soSVzhshyMnqf8AZAPPBAArizHmnhWrpXnDW9lZSXW+9k7edt3oephJxlXV3dqmtrO2rvbpfTr6XPQJ7RDNBpscTiOGWQSOGILyFsvwO+c9c/LnI7Dn/EenxQT2qpG4K28qLzgq2AR8pBDEk8855HPp6D+7a4llTbiRpGR3G3vyc9eQBuOQMhiOeDx3iC6ifVLC3xukiUkluM5P3c8jOAqkhf4sFTkGvPw9RucY3V0tG1J3do2/4bRJW22XVVjBpyutXGyd7WsrJW0btbbolrdo4aWwmW1jaWNXAWTJeM5D8cKRnJUHoeOQB3JwNWs4ltYHbkzToMsilTgjoDjAGWz6+3WvQdQuWna5jIRYIgWJ3MBvKhcrkLk/xEHkknJ+UVh+ITEujae0Kq53EgbcjO3G7LA9MdeDjgHOBXfCo1OMpNNXa21crL5u77v7jkrxjUi1BNqKTv3kuXa1m077feYWpS+V4cuFA2rHCE2IoAfdnGOflUn5iRyQRjPOfNoGlAVVUCJyoUH7q+pAC4bOTycA46fMa9M198eGUZgFVvKBx1fLDJb2Bx13ZBJ56jzpry3aYQoqK0YBznPyhR0XIxg4IwMjHIFcdeo/aScOr67uyVt+77X2vutO+gkqMI6pxUU7ptyvZK17OzWm7to9yW4nZIhHyAHxuIZSc9cD15OG755PaswvtlYIGIIUBzkrglgQ2QBn17EnGT1GlcyrPEpXAK7iTycvjHzYxwSMEnoRz0JrAnnMG2NYphMwZyey4UnLHJyD1BwOeCckVMLNrmavprbVbarptdXvbR6bW35m3FpaW+K19LLW7a2d730et0kWnuY4mYKp8zdtZsHaV7k4BGDxgDB65PFXrbVprdlkQb4wpUgcKM444znr1G0dPvHFcwZ5WQEJiQlm37Tg/U+n1I9MiplmC26I2SdxLBeMgknJwFPygA/xEDg5wDVNqV7zV+m1vdtroktb+7p1vZu5ac7P3uVtW7PTltb0v2ve9r2PQLfxRbwSZlcxl4lXzWb5cscYIHQAHqMZ69OK9P8ADfiDw1FbA3eoKZmlXO3hyEGfxXng89BgHANfOq263wG8kMz4WQAMoUbh6EDHGT1GeQK2bWC1gRMsV8t2HmnJDZzyenTqCMEZ6cc+djKUatNLm2a0T1ez+1tFLX10etjfB1Z0k7Nz953bTV3dOy2W1tU15Pt9Af8ACVeFzG5lvwpur0+W5DBo1VsANx0HToOOcHmqWueKfC0RUPeySMMJG8cZAIAJw4wehwRwDg85GK8Au57ZZI5CzyLDOUODhCS3BIzjOcHjOCBnP3Tn6xqLbY4YgX+Z2LN1bGRt4I4XpjJHOeoNebDBU1Kzk0tFeUlr8Ollayvs/wBLW7Z45xhZxjG9uiezVtFq7O/vNtpO+uh69N480eO3MG6aZNkjo6JtySvAY8EgYGc9ee/Fec3nxFtIAwsop54shWXOP3jOT94DcfmzzyPQ568ebiQQP5hHlx2xJXIDAbctgnBJ+UAEgcEnAHXkpI7cwbo3ZGK+cFVicqMnk8j5unzEddwwCCe+lgqNlp0WjsrO6dtlzJLRPd+l2cVfH1JpaX2SXVaRab72afqktNjvG1mXWNRkumWRWCD927ZUBsYCtnJIzkA4HHXI4+xPgd+z78QfjRoviIeFbXy9M0HTLq/1LVLrcIIZILeSdbc5BBlk8pyOcYU84wD8KeAGm1fWvs207Qyu53buEIRQF+b3DAAfXdnP9V/7Bnw4g8Ofs8arDLCqaj4k0XXdSvZdoV5baLTbj7OJMhSVCtwMd+eOR+deInFlThXC4SWDlTWKxWMoUKfOuZKMpxUnyvrGKsm9nZ+vp5ThY4yliKlRScIwlJ6Plv7qWl76K271s7aWP4SfiP8AaB8QfE66goE1prd/Z3JQHY8ttcvAzKSAMbl6DG3OOOtWtaVYtF0kvcRSxLGGiQphw8gOd2ASQM8nJ4655z2HxY8K6lqfxY8c22jwefK3jbXkitohky41G4B6AAdj0znsOK53UvhV8SXurPTYdDvLi6eJHtrcMCFXPLKSQhGOAOwU4zkV+2YTNMJHA4KriMRSpzqUKNSanUjC7lShKV02rqLV0tU7dHt+SVsLifrOKjToOrFVqkVyxv1SitNbWtotL99L+bpctJkkx9HXLgABhj5gOMk5HA+magFyJYVhj2mQSNuZAcsqjJAJyAVPUZyOwINen3XwD+LaxvPL4eLRwMWkMU8XyMFAYSFZTgqCSeuMtwTkVlv8FPipZ2q3v/CI6n9ijBNxeRQSzW6F2yoaaNWBZj0AJyeSB1rZcRZG5KDzTBc8nFJPE0VKTfJZRXOm29Xu3210WH9m5pyzlHB4pRsuaSpS923Je6tZatrV6JrR3083ieSYSbhtVZSC27bkk/KSeSCeuc9fTjPRxIpslnLdZAuzgnA+UYIHG7jrn7vI/ipL7wX4js5Ft5NHv4ma4EcpNvOFEgG4Rlti7nwRkAHOcAAjBSXTr7TtsN7Z3dtsYYM0UkY4I2hQ4XKg8hgCOB16V7NPF4WrHlpYilUbX2Zwf8jurNvrbbW7t0S5ZUK9NP2tOav/ADxaSvbfRJdd311bsfePwFtJLn4WaqsJVJp5LhBuHIAjXPzc47EY7gDHr29t/aMNjo1j56n96XMjBWKOmcLj5ty4Axu6AgDGOOX/AGeVRvhuwd9okubk7x1I8tQQc+mOfX3ya9VtdPgaXS5kAcL5wZSMHkHacc5/iz37dBmvmJyUa9dNXXtG9VdtWSXW909O9vnf7jC05LCYZpNL2UU+j2ivLe6Teuna1zK0M6s+p2aXBWYC+nEBQgMXxnPynIUHGMtkN6EYryv9pzYNd09bpS8raeiEEkiPDYI/hDDIIPYY4BBFfQmkWKtqWluhUBtRYbBgFVJXIXGcZC9TnjOcjFeZ/tM+GUvNa0e7s0E2bGQOmWO3aSWZiAcAY4GCMN7FjWW1YRx8FNKPuyvfSOnLd9dLdtk7pbMzzeill09rqUfhemvI3dXeiutbv12PiyTTNPBhuRdLGY1BCBMgHnrnrx0+794Ak98nVtYtlsRbAWyyCQrG4ba7qpycjGAOQcZHQegY19XF7avLEkMqhSQ7Dey4VyBtyDjg8DHrkivLdfj8yVlWV1O0b3AwA+8khwMc9RyBjJHykmvqk4Sqc0WmnbTaydkmm30Wl0lZ6t23+AnUcfdjFrmautr6R6tb2uttPxPTLOa2nVbmKSFTE6J5UaqxZhjcx6kcA8jP1HWsKTTZdR1ZhCkPnXTOI9w+cYI3EqCccZA6/Uc1xFjqQtLi0ihlmycKxBJUscgEqSeg24Az7kZrtNB1GWHUZZipL2zBlmbghpJAG3eg5yQMgYIyc5O+HwdWvX5IRUuZ2UFreVl3v3eiave1tGnMsRSpxU6qSUY3k7tpOy1s9LWbeyXR76eoz+CfEA062xFGRHbhkCxM2BgAggA/N6g5x1I6CqR+H+ttaw3oYKIiA8caNuQnBOV6nOQMe/Wvs/4U/Cb44fEKysW8EfDzVPENxdW32qOK1aOaeXTY0LSXi27klYcDKnbg9eOCPR7z4F/FDw/4XvPEuu+Aru0isp7hdRkkvLZJbWO2Vmlee1EiuPL2tkKucdAB1+rXBfFfLzU8lruMaSq3dPX2TimppO0pJrsvmk9PlKvHPCMKqp1s9wNNuaoKP1iLaq80YuF+ZpS5rRkm04uy0PzUl8LXt1Ix8wBbdiJSYiGySCCx29c5xnnOTwRW9pvhA38bi4v5kWJwEiJfacA9jkAZAA7EEYwK+hfBOny/FTxpongjw7/Z+m6p4s1yLR7C7nz9nMk8uzfMqKSFU9cAk7c8jCn6w+Kf/BOL9ob4a3F3bW+reHfElzGfMMVgLiBmiSEyvLC06Rqyoow2Gzu4AXqfyfi3j/hzgrHYHL+J85weTYzMFOWEoYybg66puNOTTd1yxk1H3nrLdt7foeUcOZjn1GpXyvB1MfRo29rKklLlvFNXXM5NWakrXbVteh+bieEooZBE00scMsmXldSyNjrsyCRwBjJPTPXFXdf8Mabpuky3+n3RkuiyRpsOWOQACI+mMEYJAAPvwPorwR+zz8RPiDPqNrp+saXFe6LM1lfQ3IkEcV0rMrxkqhG9SjbuMED+I9eq1n9jH4qNakv4m8NxtGgV0zJG42kgMNyKVwcEknk7jxivWw+cxxSpVaNaFWlPkqU5xanzRly2lHfTW+13e/ZmFbLKlFypVKDjVp6ODVnFxsmtbK9+21lZ3Pgixsri9klW6vJlaOQYDxsTkjnOflzlex+XrnJYVv2yzJH9lF3KwIOSSOMYGVO7gd+OmQfUV9LP+yX8Q7Upv8SeHnbnzTHIzkAHliFXJPXgY5bvnFPt/wBm/XwJIh4m0VnjVlOUlAH94ligA5VsnIIHfg16zxKm6cYyfNLTW/Xlduq0+VupxPDVKac5QUYp3lzPXl93ZX3XXV69tbfNsJms721KXEpOFEblg2MsQw2g8YyMHnkAEZyRo+JVkuLa2jUzSy+cSZGBb74G0nIJXr93HC4PPBP0In7NGuwpLeN4m0G4FrbtcGKGYtKQgyQoxwQuM9MHJHavdPhZ+wN8a/jj4T1TxT8K/Dd/4xtPDsbXWt/2e0am3UhtqKkjiRn+UkFAQOBnJBKqYinQhz17U4RavObXLHm5d5Oy1b6tNaX3dt6GCxGMlGlQg5Smk1FSSbu18lvpre9vM/OM2VzCqQEkNhkYAFcjGOQSB7gc5ZuTk4q/ZFkjtEJO5JwBuydw49hzgZPHBxwK/bz9nn/gjv8AtD/E7U9Nfxh8L/EOm6deXNvcrLfMtn5mlCQpdkPuUiZFU7flAbqCOCvy9+3p+yJB+zB8c7j4f6boepaR4dsLK1uIWv5mllkeXZ9odJmc7wMvglsEhRjGRXm4fiPLcXjHgaM5VJuLftYwfsXbkTjGorxUrO9k2+VN2PVr8KZhg8IsbWdKKvDmoqpetCMmlGU4fZV9E3vdvRan5565q1tb2XmBYvMWUsQHYHgfxAc4HXg8YBPHI86h8QTkSDy0G2cSNzztycD3GPxHbJwK+n/ih8OPAJg0648F319c27aTDLrAuMf6PqDLvcooYkjd1UA4GcKMZr5hm0a2s7y5t1M83yAEhSqnd8o3kggcEg5+XPccg+3hq+GV7p+6+V3io37u26Wid1e9lp0PBxWFxEJNKUdUvhas1JL+6mpd2tl3udTceKjHZ29zna5ZTsjcpkYC9M9R1wvPTaRiuo8B+I5bm8vZWaRma4s5FZsMQpmAG1sjnPYHqQeoFc/r/wAO59Ot9EBvIpI9S0/7ag2tmElRhGJH3gCORxngHoK6r4TeG4pr2/s7mTEpu9MjgCh8bWuUUs3ykgYBUd+SQea1nWwdSlUdNpp+TTUrRUt/Rf5aIWDoYhYqjCcr8zjZJ21dtL90rb9z9xfix8RNA1r9kr4W+Gp/A4s9X8P3ot49egVIklkniWT9/IuPPlkRhhTwh69AT8p20jvpMKKnluibpMk5C7jkEEnAIyMkj3GDX6I+Mfgl4l0z4Jabb6r4NvLvwvb/AGHWtO1KQNHakro8M0hU8EMf4DIV3nAXJxn87d8ZhuJIQ0CtcTp5bEgqgZigwBnavC54wO+SBXxuT16MvrdKlJtwr1XNKabXNLm72vtZNqWl7PQ+64hy+rQr4etJ2hXw0FG3xLlhBN6t2d11as3aytr598SLpF0JYmdyXvbZWIUKPvIDgDkjr6NyO+a/fb/ggXJJP8Q/i3LE6Ov/AAhFtG0EgLMoS6WLcvHBJHflsnGOd388nxSvPs1lZIsgYnUrQZYkgklAAe3AB6YPsSOP3M/4ITXmpxfFf4xm2eYiz8GxEwwHBlEl0rgYGBuBOMjjnkc5r888bKio8CZxWlFt0YUppR+JtVqa9L3tdbXT72fBw+ms0lFO3PGUW2k4paO3bffzTZ/QN8V7rVND+Lnhub+0Li50SbRroHT4Ld2zM2WJ+QbQykE7myR0zgkj8bv+Cy9wG+CPwsuHeeSS58VXIKzhgY98UpXORuyoLdh82T0yK/VP4reNvEE3jfwdbWWlXsuuQNGH0TzULTWdxKsXnysCWVCGDHbuyBg7j1/L3/gttZ39n8DPha16scM//CXuHtEAJtWkt5GZN4BDKp44HJwSeAa/iTwkxlR+I3DdaT5IVsXWim3dtNS0mubRyVkm+l2vP9Mzek1k84uKi/Ye60ldxXLZqz62s9bu11ofyneJQ9v9p3hXVZgAxO1cNwWGO4OemQSD82M1584u5jLcwqWgSM4I4DdRsQHln6EgZ54IIxnrfFkoW5kiZpWiV97gkj5fmO0kjBxncD0H51L8OfF/hXR7+VdatUvLW4nSExXCCV4FLjLQK/QlQcHGAduVHWv9M6fLBU7XfMo3XMuZ2tK172stLWd9H2ufmuXTpwqqVSpKkkn8MrttWlazcdF8PRvZ7Huug3bW+h+HbyVTbLLpvlCNgVfeqhQeMHB5zjAxjBwSK7TwHYaddy+IY9SuLcynTpJbKO5kCxNcT5RBtDFyB5m4bVBBAzk9PoD4R/Dn4YeOhe63qKXz6N4ahGrRaSJ3VLnTI0864WaXP7pTGjYCndxjGTXzx8TvG/wE8QeJb7UfgdDrWny6fHdNqtpfhriKQW8ixLHp4JJ8lcMTM4VuNw5Ga+zx2Mpxy9UOVqf1aPLLXkkmoKT5k2nKNleL15ersz5qnh5LM6mIjOMqX1qd4yTjLlbabiru7TUdPR33Z4de2/iDwjreraTd3YtoZd8pnTzFjuIyTsZGc/NEFOFbADDOck5rpfCfx38Y+AtMu9P8P6pcR2dxOj3AFy/2WYgMCJIt2Blcgk/eLcnqa6i5h+GHxB0+2sE8Va1/wmdxpvlWen3satEdQYgR2vmhiwjZjtjJBKkAgbhivOm+DvjfTr+bwrN4cvzqMTLI8rQBoVRhvG4jIICAn5mGM8ng4+FnKhCEXOcLu3MnbR3jok9JJ6NPVWWvQ78TTxVOftcLOdSnJXUqbk3DVaON9LtaL7+l/s74d/8ABQPxV4It7SyHg/wzq1k0OZYJ43RjLMVMt2mxWKzOed455IDDJr3vWf8AgpJ4UuNLlhn/AGffD3/CQ3Wmz2Np4htri486186MxiSNXCnKhiWU5VsqDgAZ+Kfgvr3gT4caP4u0H4tfA1vHk+qiSHRddl1K50m70y5yVhFqsQCToGBYqcLkAHI+WvTNO+HH7KF14K1rxfqvxe1Twz4zWO6msPhnr1ojeY4KmK2sL+Iu5cblVDJsJ28sGbjgrU8PapXWGnNSfLUqUqcpxipcqu2tE3dXSW603PTwuNzOdOmli4pRSfLWvHlso7ylpfTTtJX6M1fD/wC2NoGiw2ep+LfClv4h1Kxt7mw0+K7tYEXT7ad2eNQ6KWdoizAE5wCCOPlHqfjP/goz8Ktd8Ip4f034ReG7bWbjw7No41i3h3y20kgwbhNygpISxMhXr6gdPyxvfB51PxJdw6LqAu9OuZh5CzF3MLPyiyKAdox95sEDOSB2zrT4Y+INX1yTw5oFq2q6xau63QskkuEgAUnzZCiuqxIFBeQkAHgEZBreFTAwpxc3FNRUYqpzKUUuV3ipO2vVWdjlqZlmjvCEVOLclLli6im1b31Jcyd7uz3W9j7Z8O/tP+EJJFh1XSdOudR06xjtdNmghRJltgXE8MjsFChs4zxkA5UNXyv4x8S6Jq+qX0No4trHWdSW7mdXV4rJrmY7lA+6ABjIwBnJ9q830H4WeL9V8ZJ4euQLC68yVZ533LapGh27ZJ1G0DOQyBg3OGUg8/afwb/4JnfH74xtr0fhbQ9Rvre2uoo21BoJbbSYLdnUtez3dxtVrVAXYvEWOAeCeR66zhU8NCjUrRlQgk4K+tvdf5dPR26HHTweYZhUtTw8nJyvOyaSsk7Sb02bV273seWav8Pr7w9pEOp6FdrqtlItqiSJujbdMVydqN+9ibIUld6ggKT6fbP7J3/BMn43/tDX1trGsaevgn4aXFzDLqPibVYGtpZ7dyrSR6RbyIJLiRlJEb7NhBB6V+zH7Nv/AATh+BH7NHhjw/4+/aM8Zad481XRNGWRvDCXCnw7pU0CCRvPadhDeJEwziT5s7goJWvOP2mf+CrPhbwrBe+BP2d4dPmg061nsk12aCC20HRoirIkelwxhYpHjXCiQjcGXIIHX5HFZu6uKqQwlNV6k7JKC11S5XKS0hFW3k1fouq+xwHClGlCnXzOqqNOKUlCUvdbbV1Fb1JPooKy11dmj70+H+hfst/8E3PhhLokV3aaGwtTPcXTtbaj4t8V3wh+Z44wzXMENwwVfKUYG7gHnd+Cf7Zv/BR74oftP+ItT8D+GrXVfCvw0t53tNN8KaFHNHrPiTcfLil1QW/zgNwzwYIJPzDPTq/2Xv2cv2kf2+fFV94o1+61SLSJp5ftPxB8S3FwljpkO7eG0a1fMEgIYLHIg2LhcNnp+7f7K/8AwTD/AGff2dPtuva4YfHfip5xLJ4k8ReVchJzgySWtu5khSNeXEmQyrz1UV5FOMMPWU8eo4iu5OdOhTtyU53i71JbNq1tdU+mp9PVh9Yo06OXf7LhuWMJ1XBqvUpxtHlpRslTg4q6+e+qPiX/AIJu/sM6vqui+EviX8U/Aw0zTNMjivdB8O3UMi3mpzyBXjvtThccqoIOJATkABcV+xPx++Mnw7+DvhJNImtLXVfFbafObHR7mWB9M0W1SIh7zUUdiIba1jVikTYDFMIATXlPx1/bO8J/DRLvwN8Lb6w8QeLrS1eGS7tWgj0Lw1aRRFJJr24U+Si26rkRhg5ZRhWNfzDftc/tZ+I/iXq2r+C/Cmv3esf2hcyL4w8WRs3mavcByZdN02bP7nTYM7fkZQ4Ukqc4r1aWExGaVoylH2dOXLFpK0Ix0fu9Vfq3rJvRJaHJisRhsroJObtSX7uEmnOcrqzlqtW3d6X8rb/Mv/BRH9qFvjp8RLg2lzPe6F4VebT9OmLBbaefeRM1rEp2JaphltwgyYwpIzgV+WWq640oVrdHTYm07eGZuhLNnJwRg5J+XnjOD9cePfB1hLpWgI/kwy3ctwbm4Db5VaMEBSgySBggknBPJJJzXgF14AsDK8jaskSxF9wVAEbLHBI+7yeSpJwTgDOSPrbYTLXHDyVrRSSSbd/dak2k9W2vN26WPyPNsVVx2Lq4iTTlUa1/lSUXFK/S1rrZ21OBttYnkh8mLCyOUXDZZiTxkH6nJAPYDHNfRnw5+G2oTXena7qYULEn2gWIwWmQ8q+xuGDAjkgYPzc4ArzHTPAMd0xFpqlsxjmUvc4yFwQVUN91fYjIzgg96+ifD2rXVikNpM7zT2du8K3MchImVTsWMKpIOQOBgHnkctj5riTMaiw6pYKajztKo+VpqLsna+ydmnK+2l9icBRjOSlUvdWcd7XTWnw20tG+271TPS3sNN1CAJe30MBeYQwQgL59oi/MyRgHjJUcDHQ9eayfEGopDPBaaHOZBbwtBPO8pDShBkpIu7gnHILYOR7Y8n1O9W8uo/s8txYXbTObiWQMTlmOSpGSgIbBGAcck/Lkcz4h16PS8NFdI+7CzTtNiUuBhmUA/IHPHJUgAY9a/OKWDq1qkZRm6km4yslorpO0r79Hbe+22noVsTOK5fhsldqzVrK22q26u6ut7O+5rfj0i8Vb+AW0lqQ1sYG2SPyMlkBORuwT0JyTzjnsLXxdp11pJuNSitrr7RG0bgkedGu3CMmclVP94YIPOPmGfl++1iW+uhdywo0uVQtKysDbseuN3LYzuIOO5+8Cb48RxFHhVobVY1MfPKupxjYT3XjBUZBHPHT3P7PaVPli04qLlKN25NWkkrWvtbzu1e5w+1a3fNflTcvWPnZJK++212rHQa1odzqOqwT6dfxrCxYLCZCxgibphM84yFxwOcn2818SaJr2jSyOjCW3hbdvtwMkEjdvxwoBz6c9Tg5rrk1GG6WP7LceTcxR5iaFwTO2MEqSSVOD/e9AenMd7rbJp8j3SM0kcckM8Z2kzZzkyhuRgcsRnJJAOQMe3gsRiKUoUrRcbxXJKysvcj63UelvMwnJt35rdF72zSivVdGr9L6uzRxmma3DPD5N8sCyIQi7sOGYjALZBAb5iWOeWP41ci0nS5C0j3axThywSNPMAwcj7pDdMleOQe5GT5u82+6uHgBhDSs4ULlSzEHhiMgDtyD1HPOfbfh74i0y08MarpsmjRXPiG6usW19OvnGKFfvYODswCCCCB1HOPl+xopwjFxTcWk3FNWV7J9NGtLd2rruFNRm7S0cVdOzu7WtG/XZKys7d3Y+ov2Y/Gek+C/iZ4T1TVtaSwtLSeGyEtxG8VsyXRCmWRhztizuIwATj6V/VP8ACvxppF1ZaTa6R8Xjdafb6bDf2NxZXSGKMzASOpCsGSJDlRkA9zgjNfxtxjUZ3iuJ4reUQSqFBAAGBtDJtbORwDwDkAHjNfqz+w74rbTJr3Q766nfXfEOjXNto0NzOTEnULHFHI21VCkEPkYxgAgkn8N8bOD8FneUvNKtWpCvg01GMUpOabje8m/dt3Tv0b1P6f8AALjWGFxOI4WxWDpVcJmEnOOInCFSVGUFGHw1U001bSyd9W30/pyuPGnh2HR4rvUviS2r2scRuLxH1WFUDqCpb55ccE8KOcjIxwa+eJvi94Zmu7/+w/jJounxQ3LyxWFxqNlJdOWJCJ80gGA3GCSAB24I/nB/ak+LvinSPiXqXgvRte1W20yws1srq0tb50igviu+aSQRyfvNrEkKchgQPp8ZQ6ldpqraofFF9PcRPHLcWr3M0fmNnndtkyoPVvf0wa+E4L8JMNPA4TM62b1aKxNGFSVKMU3CMoxa5as5JuVknZRs1tayPts68ZOG+GM1zDKqGTrHrD4qdKdWs6FGk3CaU/ZQpwSbvor20W/f+w60+ONrHYCa8+IvhXUXt2lSYSajbQgAE5DBWAbKnrzzxuwAK5fVv2o/Dqz3WlLq3gh1NoXUi+gnEzhMhY+Sp3Y+fJwC3Jx0/lm0fx5HqesWukahfXlut/aywJKl7M9tDIwO15FUku5O0Ybb9MDn6J8df8I14At/hvqdjdpcx+INCuba8t/OuJr77b86yTyI+Wi8xRwANqcEYJOP0rB+GOEjQboZ5VnDmUqzlFOpNpx2lz6KSabasm099UfP4jxyyXEVJVqXC+ClONL2cVOrZWfL9iMUk7Pzvvrpf9uPhp49+HXxs/aT+Fzadb+DbvxB4esNbXUo7G2hjMkKW0hKoYV/fzsB8rkEq2MY6H4J+MGtWGtftqftA/2TE0djZpY2clrKdrQSx26xlAuF39OSoGOPlHJMv/BMDU/h14V+LvjXx94r8VaH4VtPDnh6afw/qmtTt9pnurpmW8ggjYlWm2Erg8+56n1f9p+5+A/xD+PmofE/4AXsclt4j8MQt4q1m3eZbbU/EdsRBd7LeQKEkBjPRdpO3BOa68rw1bLc5r4HmrVsLSwVOCrzTlzydtOZ2S5V8STs2tGnc+fzTOaOf0cLmdHB0MHUq1nUqYelKLjCMY2Tve/vJJtNNN9nY/nt/bIs5Jvjemn2sTXMlwLdYYY18yV5pAIxCqnB5Y9CCGJAzgkV8/XnhTW/DetyaN4jsX0i+hjhne0lUrcCGYLJG7LgbQyMr8/d6DPf6K/aduLfTfjrfXF9rklnd6fLaXdremEM0UsPluoAIPfHHIY8EZrxvxV4ni8WavceJtb8cW+pa1eJFa/aZrcRuYLdRFHG20FQqxgDdtJ5wTn5q/dMsmqeFoWTtyQTt0tFaOybtt6t6Pv/AD1n9SpLNMW2t6sk0ld6KKikoq3q+l7x1WvmPjuBLe5t3jkeXBBBJz8mwBm2/THI5Oe3Nfol+zVbnUvgj4WVNsYTWbxSSM78zHI2nH3hw3qR8pHIP54+JxZX3kOniCxdo12BkU/MQMbQOTtwMfw578hRX6gfsd6VFcfBvw9FI8c7Jql9Ik2P3ZYSP0HYnjjr3wBkHi4lruOF5o2teCSa7uCW60u3bs+70N+G6TnjOVpXlBPreL9xJvm95La3lpvc978VWdxpXh7WdV0e4m0rVdM0YPZXNvHtlE0Z8wuhXO0sVIPrzk9a8H8eWs/iP4LatqGoEza5qWkyT3DPIUee6k3Ydwe0h5YnjOPU19LfEF5rXwn4neJ1LrokqhAA2Aq84JI24bOeuSQBxkV81a9DNqPwL1GJ3MFwfD5LyklXXA+UpjHBXvyOMCvncm/eQU2vedRdLLeOySaut9Hou+57ecJUpTi3dKlJ2e17J2XRvTv1Z+RrfCzxhN55uNLi85/9Xbo8T5Q52MgUsAWypz8x7sT81WLz4aeKY9KtLH+xTBcRyOZAqxyNMxBwHzkdzjLYHbBNdJY6fqolcw+IdRQrGVDNJIQpBYFOSSAOdpHB6A4K4z9Qv/FVoxhTXr+dByJVkDckHk5bIPAODk9OcgV+kYbDVlGMINNPla3lb4U1o1a9m9tO2un5bUzbCyruEk04uXM99VbS1m1vLut9HdW48fDjx4kIt/8AhGmRl481UGWDEEgEdiOMBsgfMM447Q+CfE40P7CPCt3NcuR5jRBgUUL+72MucgkHIHGTkEYxWMfG3iK0hZ5fEWos64VoXYuW5GGBBAOSAQSQMgbTzWmvjrxqwgNnr9+26NWKbtrbSMgFQRkHk54HTuKVfDYxzlSaj7zjZ6uXK0kttHr5NXV907VVxeChTjVnKSSeiT20V9ErNbrVpWurq9jzm4+GPxJhkE58H6rCibpHdFkkDKGJUBe24LjgY+oyal8WeFvEV9pWlxz+G9Wt3XJkZYZnEUjDCRhMDliMk4Bz716TL8RviGhjZvEl9hdqiEy7yOCpG1jt5GeG+XaOABxT774g+NhZxSLr9zM7TGQRbIi+QcEnIJZlJO7PXPtS+rVKcGmneMUrS2d+VaaX2e+jTemtzGlmeDm04VHpPmsrR5r9rJ2Vreel7d/naw8MeItNv0ibS9ciQDzGm+x3ilsZwgwoGGwPvH5c5B4rZksdeu9Q00R2Ovx2cd0FuoxDe/vTk5ZcgjG0deCDn1wPpzwx4l8YalLHd6tq86WhyB5ttGxG3GACV3YJ4PHIOAc03x58U9W8O2qSaZqNkJhgRRy2NuzPI5AfYHAJxwAcZOcFic45Y4GrTo1J+zpPnd227PeLTSlr699NbKx3LNMBXq06fNUck/dXTXlbd73e19H0Xc8EvNK8UR211HYWGptA9ySm2K7aYKcZDbVJPqeckjk8DOAPD3iezZ8WWvP5wGSLW8xuLZIztyOTwTnOcHLYz6G/7S/jizhCRzWCzFyWA0m1bbuAAySpPIOe3fPQCn/8NHfE4QMRe6TywK50+13YfphQnTHp+IzzTw9P2dNxajJq7Ti3ptfo93e71e+j0ZrmFShVStUnZJNp262a0110d7pvt2MCfQ9bTwvqdi1jq1zLPbkhRBckvvGVQgqCWj2nhRk44JY5rw4fDrxgzhRoWtGMgDmyuNoDE8dMhwB6Dkda+prf47/E5rZbzfpRVVEeX0yAE5yWbGw5GOvGMDv8pqc/tFfEuNcQ3WlM5Kkj+y7cnHoB5eGJ+6eOvoK7ORyo80rppXVly3uopdHeVlolq/uMMPi6MKfKpSdt+Z3eto6e7Z2fRbJdGjh/2dvCOq6J441abUNF1WEN4a1a1V7m2uEiMrWxCeV5qgeZvIVSvzAkYwSAJvEVt8V706LZ+AvDHiW1MBuYr+aKG+L3LiRlZ/Mwvlgp3DAZ5zkAHauP2kPiUqtLLdachRHGE0y1WTnGcbckY6kkDAHTHFbWm/tc/FWxijg0+9sokIy5S0gWTnCtuIU5OAeOOWHXs69ChiMHSoVYJxV5PnhzPmbWuqbfa7TtfzNo5jCk5Si5xbtdQk1J8rs3ouq3SVrrVdH13xb8NeILH4NaNEfEXiDWdXg022ub/Svst59ot9Skm2z2UtyoLzJDGQygHg5JxXw3YaV40jtp5TZa5EsMgkaGa2vVA43ZJKgt3G4jB5z0r6xu/wBqj4mT28sdxd2FwgBKRS2NuwLMSTIVIIYjtkHHOA2QBy91+0N8QZrIOsujl7iRX4021Z2Cgg7lKlQvoOR1UhSMV4mHyChQjKUeVx5pTUYpJJSktLO9tdE7dHodFbO415Qm+enJRUX77vdcqu27XWi62X3ny2LvxKzzzvDrcZWRkYeVdxqpBJBXaoyp7HPPOTyKvpD4gDJMJdWLSAMyBbs4bBIJzgkA8DhiD05xX0E3xx8fSI26y8NyKWBw+g2BIBwWywQE5BBOe5B4wCLi/HTxWqA/2V4YLFcEDRrVcOG5PCAc55HOMdD1r0KOX0ozp83M07aWSSa5W0nyvXqnpZPd6I46mMjOLaltpfmUeze2is7pLTXve54PcQaqsPmSPrMkpVJdjC6K4yCQqtwVPuAOvB71IX8QWm+9tpNZDsFLrGl1GqlgBggY5H97jPGOcV9Hz/H3xNFMofTPCrYtR8raNabOgG0DYRuxzng55A6ZY3x68SmHKaZ4VTcQc/2RajdwBjHljsMj0IA65BdXAxqVm3GyW2sW7KyTvJa+fS9trXHTxdKnTT5mt9nq5aa3W+miXez7HikfiLxZAkEkt54hiiMRwsUt2gHViWKksfvEEnpndjgEc4mo+PJ7sva3XiIxTTF4zE102FYEjeVzz6kgc5bAya+kB8ePE0kYSXSvCqo0TqZW0W1JwykZUeWByTwf++c8Gqun/HrxTpwT7Ho3hzcQyM40y3w+SdjbNmMkE8A9CM45rVYWKioawabaiuVX0ir8y7p+fXTQz+tQVRNyvezblLyV7XVr3t2v1v18Ss9X8eRtLA8niGWRmwGdr0tnjcAAMEKSQBg568HAXrNPl+IO1pXvteQE4UE3pBwQQM4J4HJyTzk8ZOfWbb9o/wAXRhjNpPheOVQxy2k2pJ6jbhYzlvmJHy54xjPNadr+0H4rkjzHFoCqcllbS7bALHIAymBgH+6ABnI6g6PC11Clyzk+ZXXM02leNrrz66326anPXxmFjJczetm7cqlZ8vo+u++nRM8ZtL7x3FfTxR3fiNjIw8wP9sUAnGXUKCedvAJ4GCPSuja68bmOKRbjxAXiBwFF2y46BiWUZJA5CjjtjAr0eT9oDxrZ3f2oW/h5klRWiB0q1KkKpXoFPON3JAzxyeAb0X7RnjT7OVGn6BskG/jTLZSGLc4wuBjHK554z2z006GIhGEXK8U4ttO7srPRNJta6bedrGWKq4OpRUvaNLlaTfL1s1t8lfdb2tY4Sw1bx/HeaeItT8SqGYYZVulWNgcEL8uTjOcgHtzwQf0b/YeufhrrXx58OW/7UXxH8VeEfhDbQXcuravZwXNzqRu1j2wWSRgMY0mblpQCRt7/AMXyBpn7QHiq4uFlnstABit3kiP9nW4G5Rwy4Tlueo4B4/3tGD9pTxgvzR6R4dZ9jRs50y23yE5O85ByccFuSO4PFGKp46covDNRlzaTcrtWUUmk1untu2vmRSWVVaHsq9SUoSSUoPRP4dNNVd20STfyP2b+BviD9m74Uft7+G/Hc/xO1DXf2btF8aPf23iDXLZpZm0m3fdb2t/p0ilrmLGA26MhlBIBxXVf8Fwf20PgZ+0R+018JPGX7OWvvr3w+8DeH7MXj6NbNo9peXtrLGZ7K3iRIGAKJsU7flPKkYOPw2n/AGkPGFz5kNzpPh9lcgFDptv0AJYABVwTx0HOcZ6ARTfHbUvLgmvPC/h2TZIEhJsLdQqjIIVRGB6FiPcYPfzMRlOMxGIhia0uapTpcjcGkrt2bsnfq9b7rbSx6mDqZXRpqNNLlTVuaMW4r3U0m/e1s20311T0Os/bA+N3gv40fEFPGnwy8J+Ivh/BeaNpFprcd9qlze3F9q1pbpFdXqNI4aOKUruVFwEXHXofkG9vdfZI2i8R6zK4BfZ9pnCkKMD7xAAA9c9MgHrXvl78a3upkLeEvDUjRoQxWyg2/NnB2hRk469ieTkA4p/8LOjnt2DeFPDfKsCq2kKtksTxiPOSAMfNkdhxzvHLatOEKdk1peUmm3ZK92neTd921dqx2LH4Om17OUuWNtLtRily/ervy2s9DxvUfGviJdJ0q1bUdWjfbIkkzXku+RRgmMHPCkbQoHPAxwazLHxd4iD3Hla9rMKxRoFAu5BvO3BQ4OAC3BJbA5wRmvdW+IGnyQQG68BaDKIQSmYowvy85PyYBPfGPwA5cvj7RFi3L8ONBzP8p2CPcQGxgELkgAk4+Y44wDxW6y+SqxnJpJpc2uzdrP3XrqrX19bXCeYUnJSjVstLK6VndPo1ZK/9a38Yg8ceKrmeQJ4g1qz8uIIWN1ITgAMAPmJGThuf4uQOMDQj8e+L3cx/8JHrhEOH3m8kOSqjBGXJAHGCRgDr6162vjfRNzSN8PdJUsm1gFXMjKDj0PT5SMHI9OAZf+Ey8ONL5jfD/TYlZdrxq+CflypyASSx5IBPGeCacMHWjOcJVHGMlpZN83w6cqfmn3W9tNMqmOXNTcar1kru+qTtqtemiu77eZjfD39pT4wfDfXV1Twx4x8Q6VfT+VG2oW+pzx3ZRWUGIusgZoyBjYTtA6jHNfoL4C/4KoftYeA9R0/WrD4reJLyS3QqttfzPc2oBBBBhlco/PJBBHqORXwbD4s8J3Em/wD4V3YSSQxMNqXGCDuzuI9R8pBOTjGCeo2ofH/hWbyom+GEJ8g/vHS9kYMcZOcrgcjofy4AHzWN4LwGZ4iWIxuDwmIqRs4zrUYzm+Vpr3rPRa3s9b3Wu31WA47zjL6VLC4bMK0aWloN81NLTTlldOLTaas1a7sfS37Xn/BQD49ftj6F4X074w68NXtfCFxO+gRW8MFkkbXCkSPKkOPMYKxwuTxzggAD8/boXjWpYzEo7ttjIUBcdAcnBwPYYHymvadX+JHhG1islHw4tYUNxlxLO2SSCECHGRjvuxyeOcgU7zxboFzGs8Hg60UyNuVC5IwMHHIIwMHIB5Hc5FfRZZgaWVU3Qo0YwgrWjBKNk1F6LZrS1rOy2XQ+Y4pzqeaYmnicZUUp8kILljGCUY6qyikkrvovJ6N38KvNRuoY1WSZj5csEnlFR5cm0oAkhHHluoww7gt0FfdPw5/4KL/Hr4H6ZcaL8KIfA/hSw1gaT9oii8P2N3fJc6fCka38M8yF4Z5QoaRkILFiDwc1893ni3wpDDvuPC2mPMqq5hkLbSQBhc7ApDEDP15I3ZrP/wCFieHo/Juf+EA0eTa4PmsAUG37qpuAHRScYwcZzkZrnzXJcHmzbxWHpVouytUSk1sru6912euqbTbs1c+g4Q42zDhnDYinl2YYjD08XThGtTpTahNRaceaKk4pq/k0nfokfof43/by/aV+Lfwt+IniHV/iBfxxpp1pY6o+lqbG7uZpVVnSSG0IRrEjKszYGRycNXwt8GP2r/jd8IviXpnxI+HXxO1nw54nS3W1/tFZJFijRGG5JkyBIDyMEkHJJyCK67wj+00vhbRfE3h218EeHpNG8TW6wanbz2MMzTKmSixSsN0W1gCCPpkjmvOL/wCL/hQ+WsXgfw1FIJXMqJCAwBOSTtQgkDGf8Qa+ew/BeV01WovLMJChUbi4QowtOEUkm5KOnvXe/bVWujPuOMyzvEUa9fGVqs6EOSF5W91NauKfLK6k73vd7t6peeftL/Fj4i/tCfFrXviT8RfEl34p8V61FD/aGuyysHuvJXbGmGIASMMyouM4JC5JJHzdPaXkYCNPcMwyTtmbjLE5+9jJ9OccHtz9hXHxd8Jl/wDkSPDrKUGWMajludv3DjJ49OVOelZDfFXwm1wsL+AfDYL8CRY8KowRlgF43DoTgFgduK+hwmXYfA04YahRhCFNKEY01HlhFWVkktF21V3tu7/J18bHFVHOrUi5SfwtpvTlWy00dkuVJd7pHgbXW3RtNg+0Trc7neSQSN5gVT8qtuYAAqeSSeenOcZq3FxPH5n9r3UTqwIiWeUYAzgjDgYJ7ngn5s5ANe6H4seDheSQP8PdEkEIdQxDASFuu35fuqQACQB1GcEVbi+KPgKEssvw90LeoZgiYDYIJJVWXGMHoTgE/dAzXpU6UJVNYxcLKz668qvrra6V/nZ9uWEqdKTtLmu72Ttu1o0mlpZqyet18vn46reqdv2y9ljjQqy/aZQz7gcp/rB09MjI+hr7H1P9oPVdX/Z1+HnwxfUvEUJ8G6xc6jJcRahcRxLbXLq9ta2cayjy0OCJSn3/ALxHrw9r8V/hgqGCX4bWjSSK7Fhs3AMT0UZyByRnjAGdwAFaS/GX4Zx2rQy/D+IxIyRwgRxLsAI27gp+cbj/ABDoByVGB5mP4fwOPnTnXhRnOhVVaMJU1L3oxstH2TTSbTtZ6o93LeIauXqtToSnFYimqM3zLlaTg1dJ+S1v3vpZH6UfsCf8FZvHn7IHiLWoZ/CI8efDLV9PtzrXhvWXFw89xApEU6SylmYqpL4YkO2N2M7h7f8A8FNf+CkvwE/bI8P/AAf1/wCGnw9u/hZ4i8NJLL401V7e2sxdvMAbaOwt7YgMbZ1wjnBbIJIBFfj0fjz8PYrVorb4caeeEUOdqAgKAwKkHgjrg4HpuWsLV/jb8P8AWlhhl8D2EMNvFt8q3BdhtBOCjgJ1ByCDn9R+X4/wU4UzPijD8UzpqjmdCaqRcJtUakuX2d50tYXVNu9mm9G+l/ewXiHmeAo1cLyqqpU5Uo1VK0+Wo0+WTjJKaja6507XVmmtOL+JX7RPxR8Y6zPZat8QPFHiSysJFj0SXUb6WZLKzVFRY7YSORFlExsGMKOMBQK81T4keM2Xy21G/lDEbne7ZiSB8oGHwCByTkEEkgg5NexWvxF+F8jyTv4R5O5DGLKIquBhfmONuQSOw5wOSc0bnx18NJ3MkPhIxKhI2BEUnOcHIOAQemOnTnv+m4DJKeAjDC4XE08PQjtTpxjCNnrootJN6t2V79LNHyOMzn63WderRqTq1GrubUna8eVNtvRWW/ayXV+o/sufGXRPC3i5rr4nXGtXnhi7VkvrDTikt5cSwsrQBXkbJRjndhuPTG2v6EviL/wUk/4J2XXgnQbX4dfCbxLpvj3R/CVlYW17c21m1idajjjS7ur2BjtkaREyGwTnJPqP5lrHxv4CN7bvF4WKqueIztcyrggjHfsckdjngCuouPiL8OreZHfwlcPlNrEucZI2gEZAwv58cZGa+H4p8I8l4tx0cbmOPxClGi8Py0sROlCUJuLd4ResrXXNuujs2erl3FeOy2lTo4ZcsYVlWjslzcqWsb2a68trNpu2h/Tj4f8A+C537Lvhnw5pmhap+zymt6jp+lWVvc6immabCTPbhRNOEVGEzOVJUSYA3Dk4zX54fEf/AIK06df/ABN+OHijwJ8O4rLwh8adDs9IstCubSzgk0AWaIpuIooUCK8rAt5Y2hgdpAyc/kcPiT8OVlbzvBs8gIOG3NkKc7QGOMAHAx6ZHapP+E++HS4ux4UkWJSBsYqRyMkjJPUc5GDkn1NcGT+A3BeTxqSw3PVdSHJNV69WpePNCd/elpaSWqeys762KvHmb4iq3KTilbWMIRSatZ9nonvzdW2f0EfB/wD4K7fs5/D79nLxV4O8T+HNXn+Kep6XLBpOq6dpNhFGupx2QTTpppVQsIYLnaJQMb1ByOTX5daV/wAFM/jfpT217N4w03VL7RdUm1XRba+0a18iwvftJmjuVKJtaaNQNkmdylR2+avjY+NPhxM7sPCTOrsHGXyR/ERjJ6kYHOeexzTh4m+HDME/4Qxt7tuUFug6jIycZIyB1HbOK68i8GOFckq5jXowjiP7TqyqVo4uXto01ONnToKcX7Om1J3UdfN6WMfxpmOZU6NOtJpUEkvZpQ53HlfNNJ+9K2m/Va23/Zy2/wCDkH9sC+0PXtH8Z6P4E8VLqPhe68IRS3FmYJYrG8smspLpNqBGuPLdid2dzdScV8J/BL/gqV8ev2eLfxDZ+C9ViuLPxpqd3qusafrDLcWsU1zHIkX2RMOALZXBgVsBWVSFAXB+RtQ8VfDOGJg/hm3hk2kCNg2/O7AYgrzjnsB6A81jy+KPh0Nh/wCEftZ41AzHF95Ce+G4wRgnkg8noRXVhvCDg/CRxFOhl+BpU8S4yrxjB2m4NSi2m5fzNpRta+13Zc8OKcy5YuNSqkmtPcWu3NJK17Ju13tbrZL+lb/gm5/wWF+E3wIu/GWsfH34j602peOJYpI7fTtOhMUMs+JrmeWcJ5hntnBEIxtZVORzz+VX7TX/AAUE8T3v7Svxh+KnwL+I/ie30XxvrVythqAlNvdX+ky70kS9jBTBZXYKpG0Kfujbz8Fr45+HVuY2k8JWzxqhDF1QlcdM543EAljjryG5NWE8a/DdoJi3hqziR8Sj5GLAYAyBtCg8jA4HIwfXiy7wa4YyvNswznDyhUnmFJUqmFrRjPDRjFUlenSceVN+zindpOzskzbEcXZpiqEKFVJckl+8i3GpUUUkuZp25Vskktr3tdH3N+z9/wAFQP2ifhv4s8FX2sfE3xXq3w/8IeIDrOoeFbu885bxZc+csCOxDFQf3asMKQDnIyP371n/AIOH/wBmnXPB5km8O/EhvEcVjb2qT3ksH2ZWaMfaUCA7lCSBWjdR2A+XFfyR23xF+F9okcJ8LCbfuzKEG09ARjGQW3Z4yBgNnoDcn+I/wuNqLceCt29wyuIV2sGbsDgbcEj+pHX5nin6PfA/GGLoYvH0YYepQi43wcvqyqJzjLlqwgrTs9U2tpNbO52ZZx3m2W03ClSVV35l9YtUcH7qSjd6JpJtN+d9D9Q/22v+Cl1z8cfH9j4u+DviXWtP0mfwnBpGoWXigLqH224QDzoxbsWiS1jyRHnl1HQ4NflBrn7QnxAu5J1Fx4cd1kcs7eHbAIWdssQQnr1PA6c9M7t948+G9pa2EqeDAiTh4EUYjkDKfvFc7duSy5znJHYispPiH8Jhbzp/whbtOTgvvVgGJYklSckZ6fMCeRx1r9N4W4Xyzg7L8Nk2XJQw+EpqlCaV5csYxUeaas5OzfvdLeR4GaY3EZ1iZ43ExXtJtyavaKb5dIrZPmvppt83ytp+0D8RLC+jv7C706yv7Fo5YNQ0nS7Szu7eaM5WWKeII8bgn5WUqQSfTLeij9sL9pDWZzLqnxQ8WXSSReTEb64kuI44VAXaiyMRjAABXJ46YOKxNP8AiD8JYBdL/wAIQ0jFBvY4YKw6ZUsSRwcjnHrnNW2+LnwwJiij8GI0EGTMAFCkleQOflB4AUErk85JIr2cfgMLXnCvOjh61RKPJUlCEpx20jKVpK/ZWtbve14bE1KUPZRqVKafL7sZWi17r6Ss9LtXta2y6/Tvwa/aF+I19oF6dS8RNcYnKQyzWMMk0j7gWaR2DFV3EEnOOQM969Q1/wDaA8d2Fk9w3iC2NssDCfy9Ptw67QMAny87s8Y9eADzj41039oPwbplpNa6L4Qt1hJJKhtrIMnAIAwcn7xU468YIAuT/tF+Gb+ya3ufDOnxY3Ltbe5lZs71cbCMZA5ONvQY4x24TFTp04U4U4RUYJJWUUkklts9u7et32PLxOEnXxDqqs7PllyqTStZW7K7s73ffyRZ1D9pn4qXep+bb6orRLcSeWV062BK52owBQZB6nOSBkdeKcf2pvjdpsrzWXiaW1Zjtdo7G3BUEgkhcHPzYyfrnjBqjB8a/h+8aKfCmlxzRx4TZBgbsdc7OvBwSd2BjAyaVfjN4D8mVH8IaS8hBIldCcjaCQF2H5Sep6nHQ4xV1ZU6z5arupJt2guVWS0s7u+unfTorm9Pmpx1kvdfutNO1rLe+91bVO130VzrPih+2P8AHX42+HPCvhLxz4hW+07wqhTSvsGn2mnXplYbVM81sglmxjJ3E8nB5xjwG/1X4nXW14rvxPJFHwzxNOvJOQOFOOMAjPI56ZFd9e/FnwdqAhjsPCukWMkGGa5jhO4Y+98wTJIHQkgLk9wRUGsfHm40+K407R9OguZJIImS5EhEMOwZKhWUZPON3LHjavNcCoYahJRw6bhJqTfuw5dpP3U76ysrpO8u530n7aErysklZpxad7NX0tvZbO+m+553FN8U7iSRPtfiYKqBwsksu3J/jGSe44wTuPOa0IYfibbyvJLP4ikEq/IQ8gZuOuSR0OAOS2OF5zhy/HjxncyQyPY2RiiUGVFCnfGuTyQuTkduSOnSurh+PmtI0MlpY2M8jW4lZSx2QlCcgAjqBgfLkDGPWu+FP2vwNtJK75tUnbVLlaeuitd2XRanny9rCUouzhf0aXu3bTTu76WV/PS5hW2m+Ori3kkv5dYEbbkKXETssjuuNrnkkjocnAyck/KCnjF9T0XQfDsNvf3enXCmU3CW7vDI0gPBYoV5Ydc9M4PPy1duP2hvFF1HN5FraRmOV5AGiR4WIUllUnGSoJXAwenFZ3ibVrnxf4e8PX13FGl1dTzu/kAKNxYgA9wM9unGM5Py+XmFGm6bhKXN7y92S3Tad02tO718rrYzoSrUuaonbqrStJpPWLfRaxdtbO9rJtH1Z/wTy+C3iD9qD4/xfDC81jXWtY/BfirxKEt7kmSWbQtMuL+KL95JwsjRFJD1UZ/2Sfif4n65rVn4x8VaR9u1C0Gka/rGly28d3MfLbT72a1IbLdSEySCRlhgAHFfdv8AwT813Xvhz8fpte0XxdB4JvIfh740tU1i4ljiUm50O4iFsZHZQDOX8sfNySRg4wv5teM11HUfFPiO+ubkXNzd+IdYmuLoOMXUs95NJJPuBwySuxcZHQ5x1rx4YNRqvljScWoqKSTaa3bs9bu3b59emhjalTn5nVUYqFm37sm2tFs20u+mzTT0I9C1XU59WsEk1C9dRf2ZAmuHwR56EjBbHTqpGCM5GRz9AfteTma88GOpETR6BAMlicsEVjjOMtzjI74JBwc/POhwy2+pWKlFZ4720YuWDDmVSQSedpI6nOOpA5x9J/H3RpPGh8PAXUdtJp2mQKS4JDZRQBnHzqcnnccZyQMfN0U6L+s04Qgk2rPSN0rRbS6XX97u0etTr82ErqUnJ3iknvo03duz6Wt2a02R8K/2hcI6RmSViwA3bsBQx5BwTnj5vmPHynHropM8b+WpYlg2H3AgnGcEqeR+Ix82Ogx1lz8P7u3ldXkDjJWOVUyrFV+7nk4ABGTx65rMl8OzwbolIaUZLPuwcEEhdp7dsbcZwea9X2VWD1TVklu3uo3te+j15dPnZpHkuPtGlol1bTun7u1+u1rbWWtr2y0uju2yqv3QR0GTnkbcAZPrjqMnp83SeGmWXX9IK7mLX1rhR8q58+MgdyT2IOASerZyeVXTZ0UeYrBw7dNzgYyBz/D05xjqe+TXR+HbWWPWdJcs6CO9tWZ9pVcefH/EAeQp6dhuyB3ykqji7q+ulrX6W1TWite2lrXs2xRoyVSGru5K6ve9nHR2a17X7bn2N8cVjtvFFtKuYfM0LT2laNmVlPkL8xCkg5zk5zgeoOB8vz6xeJetHa3bkRlclpXHVhv2/MD0zx6EjBwAfov47C7ufE1qtu4kiOgab5jJ8wx9nGd2OQ3UfLnJJzxmvmC4tZxeExwOVJTJPA+90JOOR94dSCQTjHGdOjF0qbUVeSSbSs72Wr30el7q/TS5z1q1aOKqRjUqJRa5fit8K7O1k1furq3Y+sNV0ov4Bl1WPdFIdJjla6Erb/OK5yAWGFzkk+p5JGM/LNvqurTTLGmo3oKjlluJFB5AJwDk5B4I/u49SPp+1vDfeB5dEnmihWTSSFGcsSicIQD8pAwSOp3ADJr5igs7mJ8pblczMmduCxLgKQcfdHoAcZ4ycVrPCJctoLVJvS7+y9+zs2rtq+j0d1z4bG11GonVqJKXVybvaLaS1bT6N/crHp819qtvo2UvrsPsh/eG4mLEEc5Ak6ZPO3qeMmuTn8UahERHJqN+rADAF1Pk9cbiG6dR1OBnjFd2dO8zSXaU+U8Wn7jHJIQS+MhkA4zuPPy5GQOOQ3h99b3Ju1lkjYxHBLZbglsAg9MtjpzgElu2b9jKH2INyST91Ws7Wei0tvrdOzu+94bGYqbt7SpZW+1Nq901d6211ev53O5tfEWsXD8avqEBhcq3l3MuQhAwS4cMQAOBy3zc4A4ztR8S+IkYW0et3+4hWWT7bNuIBbjO48DHuScf71ZlhvaLUSQQFClQWKvjB6H8QG6buwHWsyWGW5McyoVwqptJILfMRnGOxzg9z060nSiqcZcqUk18KSbSdu1723torvoerQxVZWTqzdujbvJJxXVt3stXp0vu79Wmu+ILnw5q7T6vftJFcWwEjXkxIG4ABSGGD6jOMZPeup+FV5f3mqail1qV7KkdkJQs13KQrvwHB35KnuMkZ9uDyVtYLc+FtdliZ1aGe1AiUbjLIW5IJI6HHA4bI9q7z4IWSPr2oJexKqjTsAOAEOADh/TnqOQOmBkV1U6T5YScIWlFrprFW3SWj7aa666a82YYiv7Kty1Kl+V2V5NO/I0m1dprr1vpa6uekXl7IsskR+1tHGI/MkF3Iw5I+ZcuM9e2Mcn1FeQ/EG/vF0Vmtbm8hMd4AZftEoZlJXPzB+F5wfm5Cg8ZIPv17aJBbanC0druM4/0lXG1UKgqobg/J82cfUgjGPDfiVAH8POBBGgjuEA8twS+MDftLcZ+8AeSR1x1wqU1FT5YxTtfZKycvRvbsuy0Wp8zg8bi1iKadWs05pNOUle7St30trfdWR5b4U1DWJ9Ztt+qXzxujFka8lKsF+XGC+QMDgjg+oHA9C1W9v2MUUd1cxkBiyi7lG8ZOc4bOQAcAg4yTwMV5d4TRk1u3lJKp5ZJjDgMQOCGB679pHPTPWvRbzyprtZ13gAPsQMoJO5iFOCP4ccDrjBOMCpoK1P3ox1fVK7+HV6NJbrV6a+R72IrV51opVKtopfbfvXtaV7PSySa7t9Lo+jf2Zf2f/G/7TPxMtPhr4MtX1HVbqxa4ee6uGa0s4oFJaadyw3LxkZJOeANqmvrr4i/sG/tG/s0w6h46uPhzF4st9Dldvt3hpXvzawRL+9nurZFeVUUcyMUAVc7uQayv2IvF2r/AAkVfif4OsLu51bTJpINYlsmK+Xp4QSmOaVMsNwypXJwM8Hdx/Tv8KP22vD/AMUfAema7oPw4t5Y9Z0WXQvEaX6QS2rmWIwXk14r7iVbc0pcjJ6gkkV+OceeIGfcLZzhoYLAYfFZYnTjWm4uVTnqNN2aleMor4OaNnfrbT9/4K8Osu4g4fpYyticQsxrucoQg24+zTjGMnBw5pJO7kk0+u1z+OzxF8fdT1rTZor/AOGWkvcoUM0s0YM/mD7yuGXKNwVdcYz61lr+0NrekQW1vF4D03TImiVTAimMSxY5JBXLZ67kGRnnOcj6U/an+D954H+NvjuTS9Ntn8OeJ9avNU0l9LWS4s9Ot5pGlkWQRoVt4YpGCKvy4AB54I4P4SQaF4pg8T6RqPh+PxHrunaXLHpxNqZJ4pFcgzQKiEDbGhIZ8AkgE5av0XCcSwzLAUcSnBqrRo1ORKLs2oycH5xbd1Jq1ttrfI5lwtjMDjZ4OdSVOpCTpwlOMkpqLXLybX01b0W+7avi6fd+IPiHJFqr+ErfTdP+wrI8ixvHFPHlfnSV1AZ1AyCx/vDvmuj8EahN4f07xRChbZqAWAzxTRp5EcTKTGUQkMAu4LkdgMmv1E/YXsvgHpnxA0+D9pPwj4i8WfB2DwdfrcaTYRyWN9aeIVZjbwKsIEzwBgu4kbSRlS1ftL8M/iN/wRW8F6PFap+zz4g0rW9SnZp5dc0Y65BKhlDbxHfR/KJACFA6k7QBkYieZ4G8vrNSMU05KMWnJt8jj7u/uyavpZPS/UmGV5tg50/q+CxGJU3JTnGjKUJW5LRjKLezk3q3d3Sdz+PqPw1DJcQ6rbTTwWdzqMDXN5MyEWsDyo008asQGkiUM8YPDFcHrXrHjuz0rVde0i2+H/iOXVdH0TRbm8Go3cUcN/eXsUe+8iCwFmbLhhGcYCDHGMj9af22f2Vfhb+1N8b28R/saAeH/D+qWUUdl8OrjSv7CgL6dbO17dRW9onlxrLtLAuAN3GRk1+Q3wq8Ka/oXx5tfBmpaVIDoniWbQdZsEABMSO1tqFrExLbnlbdGpTn5wMbsAcOHzDCYnEe1w1aUnS57pu0YylGPT4m+m9tb66M9Z5TjcLCFDHYGVBYyKmvdcaqla+ybdumvRPVvVfM8niW7v7qS41CSaS4FxKFdnKhQrsuOByVYMuARt5wGJqa1u5b28e1kuLk/aZYbe32l5EWad1ihIU5H3yOMdyDxzX64aJ+xb8DfiZqvxZv5rjXvhxqPgzUIYrDwZqCr/xNRcuoL2c1y0a+ducuqKTvB44bFfSuof8ABMb4PeAvhp4X+Iuj/FwTeJ5r43UXg/xLpAgN3NbqZhCblFb93DKIxG+fnYBj2FfSUa1OnCE61SHvSjZy0c21BbaeVmm189T4HFZdi/bVKcKc5qDvKajJ3Vt5WXLfTuteh+bPxK/Z6+Juk+BPANsvxAtdf0q60W/1m90K706S3k0eaERvLZ+Y6KJZGRwUKsQ2No3gDOL8GfEGneD/ABh4N8T6R4R1O88TeA9Rt9ctzawuLe8u7R8iKSMLmTfltowWBUFQTnP9s37Cf7PnwO+I/wCz/pGtfGnWfhN4j8V3Fva6cmjXaaUJNJWIGKO1ujcFZYZ5VVTI23c4ILZxx6147+Bv7Bnww8caBo/iFfgl4Qv7x0m01bS10cwXcsKbvmu4/leQkgMHfAB2nIr2/wC0MtvGMlNTjyxk+VysoqPNyc7fL13vF7Lex868LmEaj91TjZpKUp3bu1ZKTkoeuie7S2P5A/2w/wBr/wCKnxvsbq18Kab49sfDuv6Zp9x4n0LX9OmngfWdNXb5WnPPEBFZq2SqKdxA5BHFfltf33ia+tLbUfEfha8muLAiG3DabPAoVMqqSosZQoOxHJHTPNf6NOs2/wCxTq0cNhcy/BN4YI2nXyoNFdpIhgfaJUUkqCEJPXPoc18U/tKeOv8Agnn4D0GGD/i09xqU4uZ7WHT/AA9p939ukEMghtCI4mCrLIQpcjI6gjgDT2+TV4Saq1YTjZxjOEFGL01avdWslb3krb2RVGjmtOcYrDqUFa0Yxm25c0ZNa2Wsm79NbJH8bXgnwN8Bvi14Zt7LxL4w/wCFUfFWTfFocepTu3hXWpVVgtpcScPYSOSoVsDBYnPGDyVzD+0V8A7yLRr21uYNJWZ5tPurX/ic6LfQbiYrm2uYjMojljxINxXCkE4avpX4/fsRfELxDpfiP9o7w1pej33hDxLr+oano3g7QLad73S7FJmMUtqkMexIXjVSwjPy5xu44+XPC/xR+I3g2eGy8ZeH/FE/hW3T7LLo2sQ3iRxRjIaO3luEHlkAcKDu5yO7V4CxWGlKcMPUg6zqOLlCtFSfK1GTknzKKjb3U7K2259Y8DzKEMzwsqFOpGDjUUH711FS5nZxaWjTTTXm3c3IP2ovF93f2j6hawyavp5JS+WS4jliYADAiCAIOBgADHXco+U52pfHzVryfUW1Oz1WW4vHMjXEF3cqpJGWOMA7W43KBt5OF5r1DSfH3wi8VTXE2l+EtL0iaSH5jqMZaZ5xxjeUIZm+6p3Anae54qtd2t4tzPZeHdIvYreQW3lWtqLiVQSdsjxoh2KeT5jhOMkHqan69WjeLdWUlJ2naEk2+WLe2to7zT8uqRr/AKu5ROKlDE0pxk01yxWvwqzV03JKyb0tayVrW8Ti8daFdXlvqU+gNcq00TXjRtMt06oyjBcqoOCAWyTkjJ4wD7knxi1kNdpp2m6tBo1zYC1vZvsjXX2W2KFUge62kWiOvGC64JJGGBr548X+IdQutVubGx0e30oW2+IpBDGglXG3J27fmDEsMHOcjnIr9CP2Zv21vBfwu+CVx8GPHXwY0XxAddvbwa54xutMs73Vr/SbyIwCMT3CboJ7Td5tvLEQUKqRjGBc6uKqUeWE4yUknJSSj0Skk7a93u09WrJI54U8LgqyhTpOpKEoqMuS1mnG7St63VtXGzdmrXfh/q3gb4zfCiz8A6Zrmr3eoaPqDXt54c1jU2VhJlgZtEjuJFhlkxwF+bAHTpjkfh94h+E/wA+JGs2uveJfiL4fm1KA6fYNbrcad/Z1zOcS3k0sOyOeOMHKAMY3AB5PJ8J+JPgj4crdXOvfs/fEP7PvnW8XRNYnNhrOmXM0u/ybR4nxLHCx2hmYcBcjg1+jn7Hv7MX7WP7U/gzxHF4i8JeAPHPhbwb9iZ9c1z7F/bl3JIqFLC2v1zczTGMDKbi2AD16eLjMLGWDnRrSqNSbbjFRa5ZO7ipNOLTdoq6b21Sev0+W5lhKWIpzq4ehRrxtyYqUb0ef/p6nKLvb3Xvqtrb9p4K1f/gl3qLQX/xU8e+IPGviu7laXxJfa1JcaddXsLKPLWGezDtM0bnG+QjKBck5FfF3if8Aap8afBfWvEnhv9n+GXQvhTF4m1LVfCWo2epSTX62V1HJDEssznzPKubN9kiuM/NnBO0j6S8ffs//AA++GPiO+Xxb4F8P6LcaRef2bqmn61bXFrZaVJImVnlvmh2zRMzExgMzAMdo45/NH4xal4Pt/EEcGjz2a6GmoSi+bR7zfYzxxSFEFupYfuxECB7L0XOT42XynharpTjjalFR5aaqpOMIvl0jGLSs/s+6utnbQ+ix+BoYmg8VTxmWQqznGT+rN6qTjZyi5OK5ratJbNy63+6NN/bY8AJ8PvC/i/SvhFH4W+OPhKz1SRPG2h6jcR6j4h1G9Mga8vJLc7/KWNsFCSC+OnUeJ2/xG+HvxJ0vw/8AETxtonhLUPEkWqT3uoaDqk06Xuu34uDNLPcXUi7jNKxOCpJ5JxjmvI9H8X+HPDnhKDWtPsNEvNOjkknt4ZVWW+ntM7JreTAcjJy6q5weMDJybOkfF/wLca3pXiW4+GdjrWh2sc32jSbiKCzhhaQEG4jkjG5iG/eBiN4I64zn0qGNw1GvOpLLXNuSUpzn77tKLjK3OptJczULrV6HDismU6VNSzXB3dJT5bPeLhZ6N62WttG3F6WP0b+BN9+xL+0fca9pvx1+G97+z7FaT29rZeNfC2tSahaiFMRh7qwuJNiQ5xIWUHAwM5Bx8UfGnwZ4f+HPxV1fS/h54i8J+OfAmn6pND4N8VNIm/V9NjO1J7iEEGK5RMBsD74JUknn1nw18LvgJ8ZfDC+OPh18TrTQfF97JcWWp/CzVbiSLTbaGGGSZrg3edzIwXYuQBux1xx+V/xR19z4hutD0qaK0Gg397p0os538gy28rI8kMmSHViuNwOWBxg0YTNKGKxGJpwcoypytOnUi023JaQ5to8utoya+dr8uOyutkmGoYqvKGIhX5XRqU5xvNNxfuuKfLbdq76dbn6N+EfjJ438B6NqEFh4ythpmsTKNQ0a6vLl9MABGVeAOYmiJOWXDAgYGB1oa38X/D9294v9n+CdVu72Nbm4aC3KkzICAkaBeAMHaMZx27D8qo/E+uNLb2M2o6jdrLOsYhjuHkDMzAKiqDyxztGcsc4GDX0l4Z+G3iNr7TdS0nw/rV0+xLm5eUt9nR0dZDFKpOdmASy43MpzjIFdGJxeDwkOaFGhQbS5o3UJSk0uaVua85SvZtptdEc+X0HntRRWDlXcGozk5zcoKUkpNp35r3s9XbU+tYviv4snhWDTfAHhxLZrRUF2mlF5IVjwUlV2iBGOMkbsYzzis3WPEvjLxg+jXCPo8moWexJRbxi0uVjizshklVd5zwqhQ3TGAeuf+0h8X9W+Fdh4V0rQ7AWGt+JPCdvJqfm2yx21khQAG1jIwTJjO/73HGCTn4WsPjt450+Vrq3urV5mdJSXhUsZVJ+YEdDu6AD5eoJxWuW454rDwqU4xpufOk23p7ytJNRSV2mrNNpO13ZHl57l2TYDGSwdWNSc4W9qkrcuiasumrTats3o7M+7fEHjPxhbT7b3wvdWsJgMFxdmeYQbnjChpHbCksRhc4Ycn1av1M/ZB/Zz/ZP+Mf7J3jD4k/GDxzBb/FnRxr1h4Z8MaTrKxanby2gH9mSS2AdVuoLqVwGYhiQTjGWx+MHwx/aI/wCE503xP4W+If8AZkKavYOtpq00xDW9xGCqmKLGC4/3s4yuRyD2HwQ0Sz8DePNGaLxPd+IrnWFuRpWj6RcSQtcySljb+YJGVHKttB3Ag55JrzuIKmY08K1RxTlVj+8il7t0unu+83JpaXjq09Ue3wvkWR47EUbVI0aFScY1HUjThKP7yHSaakpJKL1Ts3a3T3bRX+K/wY+I2lavCLrw5faDdN4i8OtFpa3ccE1pI5trmQujQhXQoxDEDDkg9h9KWn/BWb9uqK41Gxm8RWN7BdS+e1xf2VnGJEhYbcQqoRVwFwQMk9PSvFvj78SfEmq/CzWdM0Twx4xg+ImiTnTPEd9dA3MFtpVwcJbJ5TSNI2wLuZAVQHqAK/NW58a+KNONhFc2F358ES29xLcuxVgSCxYMRtcgnjAKjOQBwfJyus85oXzGlQlOlPWMpOTVuWne13Z2Um01ptbc+i4jyPKMjxsqFCdb2c1Ccqkad4qElGKjF6rRczdtk/M++PHP7V/7RPxT+KVp8W73UBaeKdBmtr+zn0KxtI4X1HTTvge6tl2pcBzw4cZbkHOK89+PX7VX7Zvxv8NW8nxSvdTHhvTdabVIbSw0SG005rhv3f22U2qFSdi7pCz4GCT2xxPgnQtb+JVrc2Xgi6tNNvTHunmbUFt3tgF3Ss6uw8zBycLknjAwCR0mk+G/iZY+JvDvwi8TeMZtf0TxBBeXF6unXnnQx2xBWSI7z5gkQDDJyVGcEda6auYYDBVJYdRhGdCm5zjTUUktHG11ZxtbSOyu7nC+E44qlQxcJ1HTryUKdaKhKPtZSjCMZX99avVcumuqbPj3VP8AhIdS8zUrHxJrk0z3NvPcw2H2i3jaPzNzKWRgIwWGB0DHHWv03/4Ju+K9Q179p7whoElzq76WbLU3S0vL+WeNby3tASfLkc4IfO5gPlwfYVyWsfBDSdL8M3mk+GNMv7W5vJIrdrma6YykpLtV4gT8wYYPl5CowBOOQPtz9gD9kfw18Mvij4V+KVz4o1G78TWw1K3GiSxKLcvewIC4cOTI6MTuGPUZ65+dzriHA4vKsZTU5c1WhUSglK3NytWjd9U+ZprXZNPVdeC4PxeV5thaq5JxpVYVKsotKKu01FJ6tvmbl5x12Qftvr+zOP2ivF8XxG8S+IdC8aLpdjHFFYQNLayRxquwBiCuWkDLuJxtHav09+Clhp2sfsveA9G0LU71NG1Hw5cabaagYgt1badc3Eivev5uELxxtuZW+XseMAfhJ/wUyjkuv2v/ABV8se9tP08u7oMqi7HJJIPUkqxyMhRnPFfud8LoJV/YP0RoZHtLo/CXXZoLi2Pl3EUkVrM0csTrtYOuAUYcg8jGDX5XnuElLJcm5K9dyrVKSjz+9SpP3eVwVla19nfq+x+j5Dj3LNM2i8PRUKMJS5oRanOKSUueV3vG6v5vV9PPNX/Yd8MazpU80Px3Bl0SIX2mG48O6cWa6t28+OJ5I8k/vADkHIypPNedi51Sy0Ww8OazqEerarp+uzR3eqwReSlzHHahIyIxgKoj2nvhiR1r8IvDfxH+OCeMLDRbb4qfEKKzvNetbZRLqd29v5Ml8I5FKs20o0eUK5K8jBPNfv8AeLbCPRL7TYEL3Ai8M6Hqk9wVJM15NZQw3E0pbnzJWLOxYkgkrwOT6FLLsyyvF4OpjMc8cnTtTckl7Nc0HyrReW3nZJ6HNTzTA43CY+GEwUcIouXteSSaqSaV5NpN3VtNnrsfzxftFaDb3f7QetXN7pN5qelrNcecIoGePe0jbAWCYxkg4zjHAwBxgXHgLw6IIvs/hLUSjyJcKWtmWNXJUgglQAvHUjOe+04G5+1/421Dwl8W9dS31+XR7ecyStbJCrrukmLIzZwQSCcYI456cD50tvjZ4j1Cay022+IN1LLM8McduLRNjJIwTaW24yw9R2yBX7Hg6WZYjBUqyr2g6UZWV7pWimna2+tuZ9/n+F4vEZZSx+Ipyov2ntZOUna6u1Zq60S9PO+yPs3VIrLUfDM2lPBdRTvDZ28QCNiFUCER8jZxt25Lc8YJya1LZ7yxNncQaxex3djax2sH+iMWYRIFUAlTwmAAV7Z5J5PX6/utfhba3EcYj1V4tMaS8EQDO7qjF3wO5LEjJxjAHcfEfxS8S/F3QvEGqT6R4oil02y0u2vkVrSNN3mBQ0UKEYZkJwTnlvmyeQKp4Wvi48ir8qhZP3ZN6WavZW0e22voOvjMJgnBzlaUleNm9vdbXLquZW1d30tc6LxVoax6pceJbq5u9R1O6uy0jSxuojdpt25ccBcDBAwCvBOCa9c8eSXGreD/AAzpVrczRT3ItpVlCGQx7VTIVQM8MCSMdj14FfJfw28T/Ezxn4t0vTvEurWz2FxIs8lu1tGglj2bj0ByemRxk7SO9fY3x6bVvDPw3sda8NzwWuoaTAj27mJGVGBGFKNnqM8YOc84zzONp1KM8Ph3VjKblHlnyttXcNbOzbbve+l9NUdWBq0alHE4iE3KHLeSs1ZJXbWqevXazfa1/HtC8EeNdGvru+0/xLNaz3SlZJY7MgyKrcKzFcgjO4deeOelFv4e8TaLrzeI/EGpPqAJEouJVfcUjBGG4O1clcKCM5yMAmvnPT/2kfjPZ3SWUl1pk63Kx+XJNaQbd8hChPu/K2Tkg9woPPT13w98VPiR4z1ZfA3iaDSY4Lxo4prm1hjWZEdNxMbAZGOMgfKSvcDJzng6tGbrVuVpx960Vdtctl2fT531RnSzKFenGjSlUUue8VZ8q1Ts22182k/zPdNe8NaN8S9I0e41pBJBaKz2ree0aGRhklsgEgnpkfNngjpXN2nwl8GWwcnS7WZHYhpFvFU5UY4LFc9eQOpKntir/inxJ4Q+Fx8N6J4o07VNYsruGURyWMxjdHB3ZZSw45IGDk4GRjNYt18X/wBnRYYLa/0vxjDcyviMwS4G4kEhcSZJXgHH4jBrWjQxXsva4aq6cLvTtflvt0eu6a6amlfGYGFb2eLpxddQi5SkvidrWfRdUm+/ZWWr/wAI34e8PWssemQR2ccUm4oJxMWZmXBCg5O3JyccDt2r9CvCDxv4T0GYzGNY9NiJyoO8SIwyARlhgYAPHfAJzX5xjxH8DtflurfR18Yx6pH5X2MXDbbZiXTaJj5nP90kgM2CxBOAP0g8NRl/BuhmFAoh0ZGVWAO4CIiNT2LAEdAQCfZTXmY72ntKarT5puS7P+VO2zsrdb/I9jK8RTqKc6FOKpxSVku1tV0a6pOyduzR8Z+JvhZqeu6prDWviGwjh1LU7idbWRIQUG/gO0nAI53AqMY46HPJ3H7NOrOrK3iLTI3mYbXBtAWUqM5Ib9Mg9fTNfLXxMi+IUvxC8Rw6brXiIwSa1cCOKxuLgw25mb91CiphQzjhVHc4GcZHn2oj4kaQ0tvqmt+MbGaNd8iXNzdRvD02NKhYFQ4+4SADkDviudYLEuSTxUYprmiuVeWiV7tLqnrd362NJ5phIykngHUlGVuaLa95uN3tdJb3vve+u/68a/oEnhz4I3WkSTi7k07wxqcElxEEaNwIj8yMm4YJIIxkA8AnHH482GV01pGw6BZxgsVK5lk5I7ZyMY7gDHTP6r+Gr25n/ZeWe7uLm8lHhG/V7q5dpJ5pGib52d+SSScEnII5BJxX5Pad5cmm3KyON7GdYyxYY2yyMQRjHQjBOAOScYwv1PDMXCVWDldppXvq7JLXrq9bLrd69PleNqka/wBT5YqCnQjaF9E3y2u0nqr2t2Sd7O6qRQR3EoleTCu6ZC5YqC3cnqSQF6k+/avfZECaZIIppXePT40Rl4UKY/mGSRjgDpg7j22jHzOLloJ1WOR2JkRDyAo24yRkgE4OD0BznriveLTUpv7LmiIyr2aEtIfmJChcAnIXg9MgnjtyPsqkbpRTctFfXV3sldpNXb0XxWdujPzScXRau1ry9ddX0Wlr6Lvtr1GWOnWE9qJri43EROdhBVd/PBYYGVIznrjnGOmbPpVmk0c/21FjePdtKhUGzjax+9lucnocEDrmsGW/uY1jXLCIu2FGFDAgZKgc5BJUYOOvrxiazeyCKQiZ1TaYxEmWxlcg4BBUZwCB0YEkZzXD9Xn8UW0ovZq2q5Undrrulq9XZWtfqhWSdpRvaS30s7ppNvpvfa179bHXS6O10S9vcwyxzIzRwQkO5bkjYpz2P+HfEGraBqHh7S7Wa8EOy58yWKMkCRGGQocY4LEZGCQMA5GcV57ouum2kRQ0++KMlXVjuBPGB83ABHzDscgjJrR17xLPrdrZW9zJIVttxjLSFnZmyBknOBjp2GeAcYrlrLEzklvT05nq73ts7NLf+VrS2juj04PDRpuTbVR2slvq43Wmmut2ujT2Nrw/d3eozrbSyiIsyOHRiH2K2ShOQFGzK8NkA59K6TxNFaNqF1FHMxWC0hZVk+cB9mSSwznJ3cEdf90Z57wNFZ3EuoT3EyRyCzkSIOxG2REz5mAT1yDx0zkYxVDWbm4jmeZHZBLZgbpOGm8vCgruyCGA4J9C2ckAZ4SCjjIyaUpWs5JLZW0fpZvtrrrqTidcHJ3cot/C+9o9NLvfXe1vQyLiVM7W5LZCqxyBjoT7nOeTnocAnnnLgqJHkQZIcKMZxnuGB6YHLflwOqTXcmxGIxmTJBbOQTjg89ffjpk+lOa7QEou5WLg7icg8Ag+gHY5Ix6AmvpIWdm++ja1vJK+m7bey2Xpc+dta8rX2SbTvdpaNW16/K1tGkeleDZoYob7O4/KrN5fBI3HOOwAz6543ehrlb2VZ7/UwHZFMjEIcliBu2nJJ6YyeTwDwcGtnwTdK73UYUF92GLfdchQTndxtIA65yce4rC1KOY3uotHEFJuMqV3Ec8BRgsMHk9V55OcVM3FPdJ7W1b8767xuuis1d66hO9uZapXbSTb32v8076O/Xc8t8beS09oo3KyohJAyvAI5I4AIPc8nrz0m0k+VZqqY2+ZySrD72cAggcA4HHBJGOelrxVayxXFuWjkVnhVRvRixc5wFHTnI28DHvg1k2rzK0cLDdt2lkIwS2CcAAADAORgcH3ArCK/eN26pJ3aV7x3te+zvp66JGsZJ04Jx1XLstOZtJ83SzT3Sb12Pb/AIOSRJ4ys5HDuAs4KwxnzGUqcbepUZOM56HOVJGNP432wl8TWcocATaanyAhinzOcMTjLYJyc55zg5NcZ8Ptcn0PxDZXvlkRoGDAIplKOhUqpYZOcjkY2ge2TpfFjxLpmqazZTaaZUWCzRZnlkyxlfcduASR3BViCDkZ6Vyyg3jou1kqN22mlfmSte3m9929Ox6cpL+ylBPlkq6tFrlvFKOu/fra3a+z7X9nFJI/G+qKI1/5FPWCBgYCeS2CMDoCOcjgk8gA51PgiluLf4sGTdlNG1RwQ3H+slKgkZAOMZ4B4454qj+zHemTxzqoKRl38J6yDkjgGD5WX1BH3unXOea6b4I2aR2XxeMkf39A1MgkAqWZ5hkd+M8ccZOM5IDxkYqK5W7OOva6cXtr11fr6JdOTJ2bbcrczWlrJRjfqvNWtp3aufmRqAf7bdvGchru6AAIDAGZwce3THPTgdDVYo2clTjIyTgjGRwOnHJHDAnBJA6HobywUXd0WBB+03Bzt4Kmd9oyMn8M4zgcmqwsSVJ2MxyCDkjB9vQYHTocn3FeRy63S+7tpr8knfur9y7pSa6uWnvXbu1a6afV+enldLIRGUlsZ28rlVAJzkDdnkHC8Z55AHQV9B/Cnxh4MtL6O08WfDmz8RW5wrT28jQXKjC7XG0Y3Ajnd1Jz0bnx1bMhRvVQdvHAOcZ4wepBHfAxkd8jrPBKLDq8BbcMs2WBBBA6jHUccEjHOME9lUoe1VpqSta0oycWndbcrTslpfXzT3NY4iWHSqU1GTsrcyTTu42umrdl021V0j7Y0PVf2UdWmvrS903xb4VnkkUTGIC5t4GbGAik52ggjkYxz1wD6/pfwu/Z48QpFH4Y+NMdrO0a+Xb6zbCAJtwdrsyrjHRju5/U/EOgW0Uura+DHv8AMmiZRIqnGQCeDzjPqSflA7mvQLHw/Yz2zSPBGCrbCyJsySw+6YyCGGcDj8cDNeRVweIi5Kni665ndczVS3wt/EvnbmfZaHfRzTCzs8Tl2HqO124c1JvWLWsXbS1m2kkrPS2n0xffsgy6lqX2zw38UvBGsrKAEiF/BHMdwwAELgjjHIBy3cAZrMuP2NPjHay/8S2y0rVyA+G0+7jmZlI+UgFioGDkDkda+LvEn27RPETx6RqGoWQ8pHX7LdTR46AnKsDnGMHHO7kjjHuPwf8AFXxSub+R9K8beJ9kW0GJNQuHJJAAVlL4APUk9RxyeuEqWZ0qcpU8TSqtWaU6fK7Pl0bjJp66JJaJt6nfDEZHVkvaYGtSjom6ddOytHbmjp6aL03PtLwJ8IfHPg7w9Fa6v4b1q21BIblpTDbNLHlVOM+Wrgbjxz64OMEjF07wlrFxHf8A26G7s2edkC3FtLGpLPlmJZCMAZDE9cgjIrSn+OHxz8GeHPPtPFV1cvChSWO+tFuZCGAQtI0iksMZHGT75GB7L8IPi38R/FujW9/4ng0TU1uLlvLV9It4w6gYJdtmQCeDg9WBGRweWli80ppOpSoVdV8FWUHtHRcyTbej3Stb1XasNw7WaUMbi6N0tKlNTSb5UrtTV9NNnpa/c8FstH1LTJ57MXKReZMcEfddVHJI7Yxwxywx7kV514pt/wDiaxNcTJI4kKnacElm3bt24AEE44xlSMkYJr9NLfXdEufNj1LwT4bkKuplkW2SOQBsB8SIhGMsDnqOQACMH53+JPjj4EaHrd1aa98PPMaNopJbzS7htkZfKiNA2DuJOWOMnJI5BxvDNMTJWngK3u7uEoTbtbzV1pZLs9d9H/YuW1G3RzrDdkqkZwlZ2avo12Ts1o9T5l8S669lp9mY4nZ47WPhWKo4yq4BBBLAjk5IGDzgc8SPGvmI81zDO8kYMfySE7MZx3I9c8rubBHpX2PN4i/ZL8S2VlbavZ+INHWRI1g3l0WBTjAzGCXA9Sck844rL1L4XfsbXqNHZfFCbRILlWzLM1y7RyhCQuJVGd3T7xIK8g4xWsc4oxmvaUMTTVlzN0W3zaWVot3s/N9PmnwzWcr0cwwFTVO/t1F7p3tPXRrS+r06XOT8MfEbQ9N+H0LSRBry5ikIMcwSQyq20F1BySqnA6gdepw2K3xtsEutPFzFIq26nJWbG0kDJJPyscA5yeenXGfRtK/Zg+DWu2e3wv8AH/RjarGyL9uuYYVXfhiB8wO45J6D5j3xk2f+GGLW+YSaN8Y/AuoRxIAFuNTto2YcFgDvzk42nBOcYwc4qnnWWwblOU6bk0lGdKaatyt3fJqtUk3Zq9vJt8OZ01akqNaKUUuStSf8vmr7eT9Dsvh78VPDfibU4dPSd3ea1mcAMXZj5Tkop7YbgDg5JweDjDXXtAuL+ISafbN9nup1LS5EsipIdhyMgsBn7xPoDj5T0ngH9k3xj4Q1uHV7DxF4NvYrWO4jCWeqW8jSs6bSQzORj5uo45yB2rrIPgX48tbmEzeHbDUZDJLLm0u7Z/NWR3K5IlIJx1GCeegIriq5nltWTnDEQu0tW7Wfu2acmnbvdfNam0clzunFRqYVtJOyiuZ293Ru7v5LXbpbX5p8fzaMmqXd/YWU0MclnIYSSBFLIVAf7xGAAD3wSA3NcT4JvNLtrJ5b0QTQO07zwGTLKzE7Mrn1zg4HIzuGcV9VeKvhZ4wuEFmfAl/KAjJL5UKytHuJwqMmRgHbg8Lg8EmvnjXfgV40tpnYeFPEdratueUJpsyBFGcYKoNwwRznqeegNTHE4apFL61TabSadRJpXV9L2Set773SsjhqYDMqNW/1OtdSbbVN215Osb300vtronY4v4g+PNPs/DunaNZGWETX7TSvG4ZEgJ3CMFd2N2SDkjJyDggivk/U7i0uNSu5AqNEJGlQMDnPXaPYEncCcA4x0G733xv8Odf0/To3bRNdLws3lpJplyS5HZm8s7VGQckjnjvivn6TQNaa9uZJdL1SFFkXzBLYXMYQAEHO6IEgnHKnAyOO9epgo0YQcYVKc+e0viTfW9rN9LWW+9/LzMVDGVJL2lCotFb93JPor35d7tJrovQTT2hmeVRFGwOSoYHIY8AjIOCT7jkYyM1cns45Le7WWFYitpMchcsw8vJ3556EEMW98GrWl2UkEspkidATvVXiZCu1sZBIGM/e6ggjocgHcunDWt4qGHP2WV2ck5AKEY+YZYZH4Hk8YrVyTlb3NdOjbTa0S3W/n92pxqlUilzQknbWPLba3fpdfZT+88U8DWMMl0QYVdXuJYyW5bCuAoAIO44I79/wPvWneFtFTRNdmvzEsuCIEliA8ondyhHG5ucrkcD06+Q+BPKSZ38wO8d0xABChsyN0Ocevsc5PPNe2ahdwy6ZdwyFgJArmBQGzgbgWK5JJHJ2j3ORmqcW2ldWSsnbfRb7Pddr3Wj1MvaOCvyX9brordlfV9f0PIj/AMI9GrwXUUDhJhGHQZdonAUtzwT6Hccg5JwVB9L1HwV4N8Q+GvD15ZwQJDatcwXM5YJLP8hOCAM7l6DPUAjNeT3NhAtzcyuQ0ZAITY25cjI9vTrzzgdcV6d4e1WKHQ9GsZhbvaLfs0sMmEZlIwCy5GTnGQc5GT1NXLDykk42unrbW97LXd6OSu7aO/XVVRrpOSlHSSbVr3WsVokm+qd+19jy7Rfhxp2s395aQxKtvDKUgJAk82PzMAKMfe68Dj5T3rsT8EIbaCR0R0BJ3CSLqQeMY46dBuBAPI7V7z8OItO07Wb+4eDT5bWVi9srOoAO7fjIB5AOAM8EDA9fZtS1PS5LZdtjDulcswWQFMkDoM4Az156g5Bya4aspU58qVmktddXZf3X8n+R3YZ0HBydSSldx2aaSs90t+t9rLvc+Brj4S7LbfDbSgOwyFjOFAzwcleOeME4Uj+6AOJ1nwT/AGbf2EdskuZwFKhXVgwIXdncGJUncMHBA5wARX37M8UkThbaONEVzsZSQOvTjB64HPIGck4I+aPiC7x+IdEWNECKTIQoOQjSjryD6gH19RV4dxlJqaVnHor2enfa6s3zfqKpZe8q0lqlaLaV/dbdtHu3e6d0tUcDovhfUVnaGTVtS0/7PGXMsV5NGpIJwFAfJJOMbckkg8gmrlxfeLdMkYWPi3xIsIkIWSPVLpe3J2l8HbwBhdpPAzXpU8NrNIJAgVmjIkC5J5X7zHAYnIAIz353cE8zeW0cRQqpcJIN390jHKEDuOxHB4+tNUKftFeNOz0Scb3d42v7tk9fnpsrsFi6lODUK9VNx3U5LZRtdLRbP5+W/Pjxt8ULFQLDx54tVARyNWusAsDkkF16DnBIIxgMO6at8aPjfpllHcQ/EbxV5drLHsWTUpiFcsASWMmcL1IA75yOM6F1JEoZIwpIwwUZI27ME57Yxk545OK8+8ZSs+hziNRuDxbgoPQHGMkEAk45B6DGOQa2eBwk98NQbS1fsot301V1bprZdfIxjmmMhL3MZiL6N2qya6L+a2i166J6XST+m/D3xx/aSi0+G7t/id4hMk0C3JDSu5MbjKkFnyRgZJHtnmtyD9qz9p/TyotviNqErJxiSBH6DJ3A5wxwOQTn061U+Fdraato1i15tWRNFiWJCCwZghXcwAwQOgHtn0FY2p6Xb2s04xAHW4ZRtbaxVjwdoHGBzwBnnGTjHn1Mty9Talg6D0VrU4aJcra1W7v2Tfz09Ghmua8qmsdXTTSV607vVatc3Tq9Ou6PSLP9tP8AamgUH/hNI58nJW406Bz6Yy2M9T09OnQjp7L9tX9qmcraf2vps4cKVB02IM5b5s5AZjkA8jIy2cnBx4bBY2puY1dopAwUFXIGCDj5QBz2IJ5wC309k8HeH7e41WPbChESKTLjesRUZ3DqAPl79uN3Oa4MRl+XUo3lg6KjbZU1Z2UdUtLaLVLXdXPRw2c5xKUYxx1dtySvzysm7eavfur9rJG14h+Knxj+I3neKNc1TTdP8SaNpj29rB9kWK3nt4I/Md5VC7S52lV6s2Tj1r5X0/8AbO+L/ny2iQ6VMttJNEB5W0ZjdkZgQwABKkkYz06k1+kq+FtCj8G+Ir67S3kum0bUFXeBGCwt38sxsAOp9AMj5RkECvxG8N2yPr+pxMOBf3xVByNn2h8DA4B68/ga9zh2vLEv6rBclClywjFKyit7JdFppsrrbS5w59UxGForFzquVWqpTnO7952i03d7t6X7JX3Z9eD9tT4uWwUjRtHYMAhOHC4PJ4ByDjOT9B3zVhf27/iZA20+FtDbIK58yVSWI6gMBwTgkAY4P0rxl9FgkhBjRUwcAFPQZJ5X7yjhRleDgnPXlpvD9vIW8wDzMuQQrNlRnt9e2c9xzgj7R5TNcrhKUU7b9nyXtffol+KVtPgKPE0pXjOVnd6q2mztfXfrto777fRzft8fEBHJPgvQ2ccOVkkDEn73zYU4Xuewww5yac37evi5kLSeBNJ808F47qVXAG0jBGeFyRjOCTjPXPx5rWkw2qBlUhySpKg4I6biTyOe+OOvQcYaW6oMjY2CfmYHLEHkYbJ5yR1wfoeeGeFnRqez5pXutLWsm46+Ts9X11u72PWo5pKvBSjNNO3KtLX91JrW9lfo3rvqfdFl+354iiKtceBrGVi7biLiXzNo4wBkbeR972OTyK5DTP24dZtL7U5LfwVZFL7UHuGR53LxseNuc4K85z164yMAfHbqEAcKu47ggCkHcFJwQQAcEdM9O/Nc7paEXVyWTfukc9AQc5HPJxxjtySw6gk5+wvOMX9r3b8vRcq2smmlppe3lrboWKqcjbabutLX/ls9U93tbRWfW7P0nh/b0uio8/wBboMYLQTyqxJ4JBzjtzkZOcjnpqf8N1WbxbR4EuEfKncl0wHY5IIZd2SRkg5z16V+fsVsj4yoYDKsgXKcDkEkHGN2eCOhHTdhsoKqQkeCpwduBwORuPc4zkE47jIrqWXqWsW27Lfz5drOy2vrd2vc5pZrVg3G8Wr3ukmt0300fVbrs7H6HQ/twac4Qy+DLuVgQM+e+QSBwCc4Izzge46Zqz/w23oAlUv4O1OPBO7bcHI3ckDJDAAgcdRggDvX5/WskS+UqogYr6nJII5JCnB2nqMAHv6Pm2MzbRHtyFJC7yOeT8o5IxjkHjPDEgUPK17rfMr8rba1e3ZP1+7ZGP8Abc00rQ3s7q/ZvotdNnpvqtT9CG/bT8KStg+GtbtwQQ+LgnduPUg9cZYgcjGe3AZF+154GknH2jTfEC27bS0Rm+UEDA4yc47YHOR61+eMsfmEBjjJILFfUBhgHscnrzgjaMclj23ACsDhR8wXoAenABzxxg5xgHA4oWWpe9eVnZXaSVmlfyey3fS681/bU5fYi72stLrZap3ejXboujR+lSftcfCu4V0uYPEMSDGFMjg5GSM7Q2B3wRtJYjI4FPj/AGqfhG6Osk+tIhdQqPLKQEDfdIHJHtkY/wBkc1+ZctvjDAgYXOWVeT3yGHbkkcn0GackaY3O0bE4wGTjKkHd6E/dUBuoyOQBWiwSi18Vklrpu3HRtaKyvo/uYqWbzcrSp07vbSz15dNW2uq1vu7a2T/RLUP2jPgpeeKrGY3KQ2aWLRytdLK8jTlsom5hlQAOgOQxJ5yAetj+PfwA8jdJrdgjzfNnyXOwg8q2QAQcEkcAqAAOmfx019hLrBAAjjHyrx8uQDlgODyRwwGemcDmrcvli3RTgrsGZPL4U5HDE5OT2yMj2JrjjRqXqNbxlbXa+ju0rJ2T63+69/Whjo8sVJK84R6u1r2V9Lvql03+X63f8Lw+CMzNFba9pkP2h8O7ROUVc/eG9RtI5OMYO7AwQQbNv8Wfg8Jlx4p8Py7ioDTJs2qDtycYzk4yoBJOAK/HcSoA4+TAJAzHj5e/IHGR3z2HbiqU93EQVVEyu4BxnjBz255yVHJA289Qaxk6sUuaNvNPSytu+llok2tdbCWJg23y63ta9mr8u61WtummnTU/adviv8GzMiQ+JPD7ylyHbcQp3EEcsB0zwCF4x1xxbh+Ifwik8zzPEPh4rISVYTqoXjgklgQenTAxwCBzX4dtOrlTtZMZPGdxyAMglgcD0JBz0NTR3cSBgUYlV25JbAIxycnIOME9vTHBpp1ZWuotW+Ft+Sbsrtbptq1r7q9m/arl5oppWVmnfqtLJ3TW3S2p+4tj4q+FN1M8UfiDw2XuCSrG8iXagJ6KXwGwBwDk4xwSc9ANd+GUUWE1rw3cYVkXN/ACeflbHmD8gfoepP4OC+OCMOpYEKyO+QDgYA+UZXODgnp1Y9QagV+XzbnIzyJ5Oc9xg4zj2/PC0czgotwi2rXu3u3HRpX3V+7320H7dt2c3ok7O6T272utOnfRtH72W+o/Dh4ZzPrfh5HKK6hdThHy5PHyyegxwSxHpivIvF9l8M9Y8beHg+o6Q8EWm3TSMmpQNCWOAm+VZTt3EnCkjkjj0/H/AEy+Zp51lnvJFNucAzS5z1XHz44IJYcnIBJwMVh6peXUU8JhubtVCEZ8+RWJJzt3bgw57A9j64KnXlFRfKla27b35emv977rdkj2l3Fpya2um7p6a67Wu2mrLdan7jWXgX4S3KmQato+FUt5R1W3UZGThSZefr2AOO2Llv8AD74Xy+c0eo6VhWCsjazEqhRztVvM2nBbk8euelfhFHq2pI5ZdSvghGCiXcwIxwTguOwGAOp45JFWhr+qIC0eraoUcbiv2ycZ29CMtk9s9lBzzjBFXhdN0k72v7120raXW3y2L9rpZxe/V3belujb2+/zSP3ei+F3w3kMrrfae42cLFrSbcAALtIlUZb69eSOeY4vhT8OWfc1xbIAV2INcIJYYAAAkIy3H3cjuOOa/CmLxf4igVlXXdYRDjaseoTjg46/McsO4OckDHFWh4y8TEgjxFrm5TkbtRnO0KBgZD8dAPl6AjnIxWkcVSul7CLd7JNrX4Xf1Svsl0dtmTzxdk47bX6JcurtdX2+7tq/3lg+FHw6Mjl2iC425fWc7gwOQV8xiCOSMkDBzxzkPwi+HLLNhiUx+7P9rFVkYrnA+fIP4YPOQO34VQ+OPFzZCeKdfBZQMDVJ8H3xu6ccg84xyRxWxB428a7FI8Ua/iMgn/iZTY4HU4fJJGc5PPcYIodam1b2C0s31vZxe67t+my0BzUU9FvrZ+aVla7va7VtN/I/bO3+Enw2imZbh7u3242Y1ec72JJx8shIA643LgnpwMaA+FHw8t/MlW81fLqQGt9XuThgpLfxHkA4ORg9cdj+I6/EHx2JBL/wlviAA4CltQmbA6DILcgcEZHGByOK2IPiX8RlVRF408QKQWBBvZdpAH3QCwB5IPGM4J/ioWJimuWkrx2d76Plte66PS91vq76mTqRdrJu20r3Senkm9tLWasfsfqXwu8ExaHqN1BqXiB5ksbiQQvqczjaqMQWVyUKkjJzgEd/72b8OfC9tP4ZsPJ1rULFVWULbeSkwI8zCjkENlgCSehGeh4/JCT4m/E5bSeUeMNbeFImWRXuXZWUjlDlvukfeJGMbuMdauifHD4pWkUcVj4s1S3ihIeOJXZlRc5bADbRzgkhgeeoAGYqVY80LUYuyikvtfhpdN36volffalWjCEuZ2bau3q+ibXfpdfPfU/cOz8IlT+91i4d0UkLLpcTA55BP7sjK4IJB6dQSaJPDTSORFq8cbouedIg5wARnMZBBPBGc+hH8P492/7R3xtgyY/F9/JkDaZWXco79CcZ/HKkjnPzXB+0p8bFfzZfE9w7fKCCoIGMEY2nqMZIJbnkj11hNdaTjqrpJPflXW+t9LLft2j29ByspRetr+7d3s3fR203t/w37CRaDeCMLLrEMbKhb5tFiAyRx82zAyOSRk9SQO2LP4Z1GR2iGu2oXAKsdIh54IHIjIOQSMk9D228flan7UvxvQZbxA8iIQSrwoSOORkjnggjJ46ZBNT/APDWfxoEi79Ttn2KCEa3UcA5BJAySfTPJ/Gqc6cXa02rqz5UrvTRJp6a6vRafIPaQa0nFWtvby0vbprfTy1P1EtfBetR3Dytq9jtTcYlGlxEkKT8xxGcYyPwPHXJbdeHdceNolv9GEwDSfvdMQk8/KMbMYI5JBzgDBI4r834P2xfjJaEyvcWLkqqkGFdoPJHGSpJH5nmrUH7Z/xXWbzbm1064LBVUBQuRxnG0Ng9BtIDHpg8041Yt6xlZO1nFu6fK25J213dr2/BGftKd1acXotNPK2+2r9H8j9CLfwx4kKFUl8LyOzAsJdNVCVC7sD93wOD2PHXGanOheI3kEctl4NYDBO6Dy3K9CzBUU89V/2gOlfCA/bi+Itu+ZfDulyhRggBg4wfmBIAIBwMZxweRjpVn/bt8aSODdeENKLKQFO873Vc4BGMAMASB7HHOa2Vakor3bW0d1JNtKLWzv0av2s3fYfNT0tOKb7NWtddU77LTvoj7S8W+FdVs/CfiS5Ok+HIZzp8rw3lhM8c0QGwDbtALA4ztHGCQMjNcn4J8Ja1caLpMi2umTMbFGdl1CRS5JJ3OMkDONuPlAIYZ2jcPlDxD+3FrepaTfadc+DrGBtQtWsxKshEcaSDbvAwMsPqMMAeKzPDP7Wur6Lp9vAvhaJ47eLyBIJmDSEcl9w5Gc9AAdvP8RrGVeDqc6vZRta17Xs77N2d7K+616FqdNpKU1y7J6Oy0016992ul1e/32fCWpRSosej2iNt+fytSuGzkc/dDAE/icHBPYLL4a1J3UNpEgBVWJTVbqMk7jjCuQOwxjnjOQevxpa/tv3VvKXPg1lcJjdHduPm44weBkg54yc9GY5q5/w3VOXR7jwhJIgyo8yYMwOQVIywGAQMHn16gBtI4imkm5JSbvpFrZx3bvZd1a2tvOObdGVvei7NWWlrtxafk9UrWfWzPrlfDeq29yol0G7dGQkN/bdwoGeFYNv3Ee3px0obwxqSpIJNAu2bD4zr844O4jguR19+hPXv8nyft7Db9nfwWAmQ/mYUucYG0AnHK88HOMepNSD9vSya4R5fB77VjKkCNRwFOGHzck87u/8AD/tGfb31U7W0s0tdk/ub380tSlCktJSglu720vbqu77dj6OOj+IEhkj/ALB1IASfK8esy7eg4B39QcAeoJ4HFRt4b1koXk0LV0wpGRqsvGc4GQx4J74HXJr55/4bv0qTdEfCEqxkknEaE5JI3EMewwc9h06jOrY/t7eH7SF4ZfBF1cMxyGZyxHpheQFGBgE8ewOaFWlG9qsls1ayTd1e3W1+tu97WuT7OhK7c6emuqVktNLW8tLJP5nt58Oa3ERnw3r7jBJkj1KYhRksGYn3Iz1xx05qOPw/rZ3yNoviQhpAAF1CUhSNu3G5sc8gAdBk84FeRS/t76I8e2HwpfRIV27BICh56ZySAFzj6c8DFRn9u/RFiHkeGNQiUbfMG4MGPHJySQcEHPU/QkBxxMrpe1i7WutbNe7rdLXz6723C2Fsvej5qyTv7rXyeybdldW1sz07WtM1uLSdVafS/EUTG1mEk8t0zRxRop+9uHAwMce5+vlvgy21zVrOyayn1i1hUzIJfI8zcwdhlWIzz1yOAFB65NV7n9uTwjPZXkF3omqwpdwSoYmVJkYuu0bw5wAWYZzyRu5A4OD4A/bA8D6LpdvaPpl75kV3cySIsahFErM6AYI4AONu4fMDjuRFSs1y3rp26W9Lq7SafVaO/wCJdHD4Oq2qsoqGm0VaVnFXsl1T09NXoe/23hnxqwU/2jr08KkEf6ECMAYUMCD043DHJ6dSasXXh7x0qlY7zxEYsOcLp6YznIByuMA52k+oHauSs/24vAquFZdVgiwNyKiNtLEFQDnI5wF6YA9RzrJ+2r8O7lXj/tDWLaNsZDw7ySAeckng8jgjIxnBHOMcRUeir8q0ab1d1y2u1336dWlZ67rB5WkuWo99Fa1rcuza23sktPM27Pwz46nhLz6xr1sG2gJJYoSyqODtUElegIwc84xTZtA8aQvHAmv6mFLOf32mOSO2c+WRzydowPc9Q/T/ANtL4aR+Uo1u+bawLCezV+nABO3J+6Mc9O45rel/bM+F8yME8RtG4ViN2nRnDNxjJXGAfoSMlcd37aomn9Z6K2j7xTV2tnby29RrC5db3ZQ2Si2+Z20sn0S3V1prtsc4/h/xbN83/CQXhaMAf8gliScjoTHnPXJznODgDiqR8N+K5A4k1i8Yo5KFtIOCc9z5ZBHrzjOcYPA7Gx/bA+Gdu/77xJa3S/KWWW0MS/dPyhliJUcj3BBGO9dNa/tlfCVo5C+q6QFfPDq4IIxkbvL/AB5zx1xu4X1iraLjX8l5q0Ve1tWt3dLfsU8Dl3LdOG6l0f8AKk7L5N9LWe+/mVrpXjMTwxjWmWNCoDSaOQoJODwsRJIOAPmA6cHg1svoXjOTz8a9BMBhsPpLryD94Yj6dSQQBjI9K7d/2s/g/cpHH/wlOj2uWLb0gMkiHkYyydew9fbAq3p/7VPwe3SiTxfo9wVwo863MYKg8kjYBuPp2PHrmoYiu4yTxCcX8T10ule219Oivpt3LhhMFZK8L6JNKN3orpKy2v5vvbc4YWHj5Ui23+luVAwZtPCcDB/ijAwARyQR9TkDyg2/jeTxXqlnHbaZPdHZOJI7aONSQoAdjgEMCeoIOcY6ZH0/H+0/8IppGx4i8NGEnCiWPcVBI7lDwfp1xjAryd/jV8Nbr4g393aeIPDjWcsMA2xFU3OAOI8gZBySRnqT17qOIqXTc+eKtbRx25bPTVXsnppZLpYdXBYZxThUUrtXhyxe3Kul7pN7JOy106/JHxZnaP4P2kYUeSrLGoz0JfqM8EjcO+Bg4IyQPgxpCckYEZGSylVyMA84Jz3HHGefcfoF8YLS3b4RWrJkAq7ZOQhaNsjb069s8+lfnpPlflwANrYxyDwvJ4wScnj+lbY+Sbg4qS9xXd076R2vZ9u2tvM8GlBRfJqle99Hfb+6tLXbTSbsreXdat4dn0rTdD1BZUkTVoTPGArBYxk/LkgpkZ5G4k7hxX2T+zdHPP4a1iNAIxDJKzEgjzPkkyMDdgA4PAznOOhz4D46ZP8AhW/w5khCEy20qzBeXDKTgk7cqDnpwTjAweR79+zRIzeHtdVpWjEQmYIQMu3lyYHuMegOSPYA8uUSlWlLmd/4ifR6ONmr97a72tsdWMpKg4qLdmqU0tPtKLdnp1ld66Wtvv8AGfiwh/E2uFdu3+1bsMudwH7xgSeORwzAjjA5GenMzBN3ycEH5gCc4xjPI9D06YIz2rp/E6l/Emutgpv1S8xgYOPObgHnqPU9+xNUE0ad4nugBHGR1lIBOc8DHynOTnjn16EXUhrK7Wre7Sa276u99Er6K1ncw5nF6tK7u9vnt+PX0PaP2dpGi8YWBQmRjPBtjGBnMmSRzn13DuOvTJsftMRzSfEzVHlCBvJiKqQOQAmAep6gDqMHnk9E+AdrCnjvTcS4aK5tyCCW8wlh91eO/ToOnOTXe/H7TtHvviFrE15eJbTLFEohILliVBBJbGPTgdeMHnD1VKKbemltE9GvnrrbTS29jrTTpq6XRXT6aJ28r7X7b6u3x6IHf5wUDDIYDOePu9Cc4G7g8nIzW/4Xs2bXdNZl4+2xHDY6Aqc9BkDuOmCcdMDtl0Pw28AD6h86Lnao2HHdQ4zzwcHGRnoQM1NYW2hQ6xpz6dcPIVuIEZZHJVSGBYL67sfhnOcYAxkraqSvp1d9WldLbTqr67vZGVP3ppu6s78uyd2uva9r2tq1p1PpP416ZJJ8IfDjFokLaixDMwyVVcKvXPHGccjsCBmvkzTPBWo3tpJfJPZiOP55I/MUysA2CQC2VGByDk/Xt9l/H57Y/C7wpHErCM3ashU7lyIQXIU44DbiO/XGAePjbTnZ3mjWWSOCSJ0cRkruA6AjgAE4POTx6nByrpzk901FK73btHV7X289NXsbJxhUi5JNXvZvrpd6dt3+N2tYfEGmiy1PTEiMBDRw7hCwfYd6j72euTznHPB4HP1/8SDIf2ffD8JGd13GGG3PAXO4seOR3DYA44r4u+xTx3MDuytbmZMMZdzALKoGCSxPBPAHTJGcDH3T8QEil/Z80QsATHcQ4Kt8x6EDIGCcEnOSdvHbFZ0YKMLXerS21vdPm6Xe9n173ubKo6lScoq3NF6LSyslZX8ur13tfr8JGwgKEyTYK5YgDoeoXsGXjpjk9ScYqmqCBvMBYliCrKQQVHzYzlsgk/w4Hr0GNaaJNzyMHIOFVSSAp5GfoQOnoM5GQaYbe2MbjKl4gHBBLEHAyvGQQDjA4+XHHFdcXTd9LuzSfS9l216Oz1VtNOvO4pat2t/K10tpd699Vq+61PuLTtQ3/s7zSArzDLCyMx6HGCOcEjAwM54/GvnbwH4Hs/FGriS7mjgsbGJbvVGfAL2ysG8sOAfLOB97JOeT1Fe36TFu/Z2u5NrHYsjcgYJzgHB7fh1x8vHPzxoHiKfS9P1m2hneCTVLNrRlTau9FIDjPLBj0yMEc46HPNirypJQdpuFovS6btrptLW+z3u7bHThp0o1ISqRU4pp211s18L7PTRb9r6PK8axeG18a3Y8MxyLoyXcEEIlcspeNgrkYxkkgnsN2R05P1y8EMnwY14SbXgV7cKgY4HAYg+mcYyODkZXgV8TvYi3u7QoymNponwjksrFuSzZJJyTkY5z14JP2rKBH8DtejcDDtG4Lqd5yFI+8O/8Ofw6Vtl8Gqc4Su3yavdNqMV6avW6Wu7vZsmrUhKVSajyxcm4qLukrKytZPVa9fuPjiUWEdw80NjuVGA2M2AzDGD13HkHGBjBI/u1t/2kbxS7wKiR7MRsclUUjJBBJPB4A4BB75rmphi4bGNoQNyx/hGTkcdOgBOcd+cVZguVab5VAUlCzbvlwGGRjpuySMZ7Dj0xlTjHmi7XWumu9tu1mtuzbSWt8qUnLlbSSai1fdq61euultL9W7o+1fFUq/8ADN9t5kKNC+o27iME7ipyADuxg8MD82BkGvknQtS07S7l5DoqXjzEPGWYgwg84BHBHPJOB7EsDX1h4qijk/Z5tW3vJEL+Dytqny1wBnK9G5ydrcYOMHGD8hWlriUhIpGLLkkLgNkcgleBt7AevUmqrqMXSdm7wVk3pe0bN6XttpdX7rRGtWTUtdbOyV9trWWjtvbXpa1rnVS39veTRSR6fBa+WVZR1MjFxlmOclxwfmOcg4yBhftHxbcA/s/iGfaSwspWAQHrxtLAZwBgkhgMA4OeD8QWUCLOiTKxT5SC4JIO8YCgE4B55GMnk+tfaXjJo0+BflI0oXybAkhSRvDHOAecHpxj69CClGM6dbZLlvZe6re6uj10a7676oKc5R5dF2s99Elfd+7a7u97Ox8N3cemmMsIVVgQMIpDBQFGQc4GRnpxnqKseGBap4hsJbdMGWRVOcs45VSBnoTn5jwenUYqtNGzSBZCvlbd+CRzlQN2Bz8uAecDnnvjR8MRhNf02QB5ESVW2Y25Td754wAVPByOgzXDCEVOm/70dE/NXvveyd++ulkJ1Jy38r6aO1u+r0bV+lj70/aAvXsfB3wwKMgebTWDOoBkCiJRgAj5eck9TnJ55I+N9Y1vWWRUhupUVeFXaA7bjjGRklQDg9l3HIOcV9V/tE+ZL4U+FzxAndp7Z45jJTgE9cA9cHJxnjAJ+SLnzZJAmwbl53HJAIIA6kZycjAIDdjgmtK9O1Sa+J6NO13ZpPR3XvNNWvtte1y3XbtGNkkoWS81FaNXW+vRvquh6T8DmuH8cWU0r/P9sthKQ2WDB8g4x15xwTzkEAc19mfGr4sHwzquseHG0mC/W+0qMi7OBKkksXlKoZlyyKTkIDgHJBr4o+FE89r4rt3jjBlluFUOFCkPGVbO3IJORty2MHjhcZ7D9pDVLz/hYFszm53f2Tbs23coLkDBbDdOMdDkDjaRzFfDuthFTnJcsailq3HVNf5dPwudWFxkqDc4q03Hkaa2Tk1tsnrp+ljzG6tNXWTz2WTyirOZSo2RpMxxHheG4PB4IHXjJr6Q/Zkdvt+sSbgwt4boFd+F/wBS+Xweh64OAcEg+h8Jt9da60tlS2kjZohbjzF3K/AJZgxI9wOeOQACTXtf7OIlt9R1tXjYI1hfSuUIUlljkGMBuM55/iOO38JSpxTil0WitpdKFru+35JPfQwUr1Odtv3rt9U1yv8A4dWV3dNHifii4vI9a1aa0klRTqd48hX5uTM4AUfKeNxyQcZ5I4qzp+sazcgJJNIyW8BCknDMNuNrEHoAdoHZTtxwTVvU0ka61WRLadzJqN1gEEq2ZW4IyMHkn8cj1qrEk8JRxbtCQjh1ZtqlWHuc59M85HXtXLdwltty3ty7Llejbtq7W6vomrp021KLeqbtZXVruPda6q6SutlbqewfDLEuo6EZ5DFi/RiWfJUGUA4GcYPOc57k9WFfqdpf7KXxG8fAeIPD8ukSWt+lutvDcTEXEgdQVfyx0DDHJ6jjOAM/lB8Mf32q6O6hE8zUoLZVdwwEjTqFOOn3sZA6DJ4PFfqPfftA/tAfDnUxpnh5oFh0q1tBZGx0WS+W5hEACvu8vbI8agA4bvyORi6cJ1YtQSt7t1a0lbls1eyt10buu52KvTpUY83Nt1VmtF3stlru/LQ9m8Ifsg/FLwp468Gy6idEeGPW7N7q2hucyBreZZnds4yECEAgADpk5Of6EtMmhs9NtUdg5+wwII2JKgxQxo23jAAIIxzgdccCv5ovB/7SPx2+IPxF8Kat4mi1aWTRNQgl/s7TdLbT31OMDMsLBQoLuqlVJUdQSOa/T+b9tnxRamGK2+BPjVrKzXyppLqJyyqqgZTG4lSRnp0PqQRtSw7pq3K78yfwuyu430V7tb63tsuxm63tYxk2o2Wt7NdFe1nbqtdNLrV6/ox9pikjuX3qIkydm8AYBLEFWzjA4Hr9Tg+Oazqumx6vJKJIvLkZQsTMx4II3AYHGcDjJXkhTnFfAfjb9vTx1pyTPovwP1+VL6CRmeWGUpZIqks0gVPYk56c5zg4+TLn9sX49+Pteh1jwx4HurWHT7N4WtYdMa4tJJwCEEzShTvyOOAfY5Gel01h8TRhWhNRnGNnyt2bdr6JdG72ut0tGNXq4Zyp1I3hK1k1paS1vFyVrPRLbTqmftHFiWS4vIbe2e3jbcFJz82BkhQMrjHXPBORg9Pir9rDUPDeoa58PPCetaVp13pfibU5bK/mmURyQJcOivHFOVz5hDfKA2Rg44FfJPgD4/ftv61qF7Y3Pg1dMgyZra4vtOW2hlSM5VWfALJg7QCoBHQk4x5z+1B4u/aN8YweDNA1Lwslz4jtZJNQi1Hw/YmYadLKylJJJVRREwKkKzkY7KSc17FGcKSblRquKas5U3yv4bRu9k1olez2VtDyOWpK/LNX1TV1dXVmnba/mne912f1V9j0X9nzXtJ+HlhpenjwV421aKOy1Uq0smj/AGcecFeYrj9474dC2GJ4Ga+qPhJ4Z8K6zq3iLxNam3nv7Vvshd4gytHDwNhY9DgHHzKARkDjb+KXiO6/bH8XaToNnr3h/VptM0YIY5pbOFZQI1CC4MpbeXBAIfAOeoyM1798CPjl+1d8N0j8Mp8HtT8V6RLqMBe4mhjW8mjdgsmLgbyV255cgbQcGqqV6bclCjKFLdScNVJW0Vr9PeUr3afqTCjJzTlUTqaJJStomrO1o213bd2n00Z9e/tD3tjqHxd0nRrRd+NNh3KEURwvMNreWBwgIHBAPpgjkdbPbtZ6ZaiMQqLaxcOVAxmOIj5gQASCOWxkD36/PFl4q1/4h/FnxP4h8Q6I+h39ikER0ZijPpZjUE28joQCRyrDJ2kZ3ZAI9n1rUbqDw5eyv+78uymZ8EE7nXAyfUJgkYyvTJ+avx/PJqrmcowbadRXSv7qi43Vnqruzs+7+f7NkFJ4fKoTk1dUk29Vsoytd331vuum97fMnwmRb/406xNOhMVxpGreYVGNzETcAk52/KM44JwSCQc8H8PbCCP41axPGDtmv77FuV+95GQhIIwckHGc8jI6jPW/A/UHu/jDd2eSssXh3UZX24L4KysQV56Kc9c8njHNc34Pu7ey+NUxLgIuoajE8zttjBkySAcZ3KSRtHOQMfeyvpQShGd1LWhFJ6qzfLte22jtdvv5ccv3ioOyVsRee3Vxd9k7K+qstrdEfoB4H062v9B1iaZGMhlmwGI3RDDE4yOPmyMjHbBNYnhGPOo6ohO5orpBjBDFV+VN3OWGF5x7Gr/wz1Oxm07xBD9rk2/b5IkBXCu4GMJgYYluWIHQbSOwPDnlDX9aQhw5uUGEUkbG4xgrgdTwBnGD6Y+v4ZcVSjzWu0ru6abTSTV9d9Vffa9j5Li2g4ylKNrK1krJP4bNbaq1/u3ep6VEokVXwm1yxCkMAMA4OeznHPT8hzLHl5HYYG1QuMKM8cY5bodqkg5992cyfZ5ii+XDcMm4oCEYk55yowcHOMgYOM5yODKLS5R32206kIFXajkEkZJwRxuyM9uB05z9Y0k29LW97q76dZaaX1b77J7/AJ8qbc7OMntZtOyenVddvS1raEkaDztoxh0BwADjHUkH0UHI4Od2B0JvrbxB2wAzLhlBBGdw5yRxkMB1+XBHXmo7axvxMpFtMcBBkxtjB9TtA4wM9gfTGa6FNNvFeSR7WdkZCAV3Dc2ByF67geMZ5569azc6StdxTilJd7K27Wln+HXextCk9uVu7V3vvyu+i08tOvVWvn29v84mQAmTcpxyFXBIwD3PJPGcnjcOivErIh2gAShQR7g5JbH3uVBOBg5XJOMa8ek3qiMCGQxsjvnfGu3q38TjBB4ZieAe+QQo0q6NogL2yMZs7mu4EAQHHQuMEAYOcH06Ejlq1YSvNSjays3a9/d23SvbVJ7bX1v1KjWsowjLWys9ekJJ2VnfzW+nZ387+JcL2/gvxVdQOVk0/wAO6hcJtUlnxA7FcEZyQMnaM9MDPI/C7Tvi54OtNKN/4igRbqa6uYYEleQtBMJWAkHyrwcHODgcgg4YD+gTXLHTbix1HTdX1PSYbPUraXT55H1iwQmO5gaILmSdcDc+4nngdsYP88/xv+ES+A/HWqeHr268O6pa2+rP/YkGnahBqLXMN45ltwxtmk/fhThlIIzx94DPymeYupQ9nVhFzd5X0vrJpJpW136+vY+x4ZwqrTqwqVIxaSadTW+6UveST22XW2mp1Z+OvgVbUWt5dWqeQheIxyvuJPzAAgA8jB55x361kt+0d8PrS3803F9MU3HbGWK7xkAHcAGBJ5ycHJzkg15BqnwT8Q6ssN5D4J1pUjkUzw2WnzovlgDBMrouSQQxAGGXBHQGuw8O/s9rqdl5z+HpRMtyYTa3bFXXyuZC8ZAKtnjk5zwM/wAXzlXOKlFKclOCaSUpc2ukeVN2vdLTVd16fb4XJfrNTkp1Y1ZJW93W6dvjst0lZd9NzotB+O+p/ELxFpvhHwL4V1DWNU1WZLeKIpIzNC7hGnO0MqxxA7n5+6PYCvoXWfgX8T01No9Tk0+28jydtxbwu62pfazQtuTcXQnaQRnI4LcZyPhr4Wl8H6xaatollB4U1WxkSyt9SsYVe42dHTPB+ZsA4GTxkk8Cb4seLPEvhzxBfPqXjDxfqE1/DHfs2nlktoyMBxJg4QY3YIHOflAzW+W55Uxlb2blJycbJKS1SXM7rdaa9NVdO90tcfw5HB4Z15xi+SyUdY2dk7O/vKz1166ptXR558Z11j4RXnhWzvdYutSk1+5SIw2SIriEssZ8xc7lZiwAXA6HGQQK6L4//CfX/h/8FIPGmk+NLqe8v1sr280q4iWNbWC9HmCBSSMyqoBBBBOOnGaxLa6t9eWz8R3ekTa9KZkltr3xBcG8ls2hJZfJWXcFKOMkZUDbnnte+J+s+L/id4Y/4RPWNZMulsUaK2t4UVkCjCqXQhgqAKADjA5AGAa9b641VV6zhFS5pXlrZ8qSu9Gmt7Kzbu21v89Wy321ObpxSk4pq3N2jom1qmvJ377M+BPCfxL1rRvEFjqEttdXs4iw0qMVBDj+JScOBkbgTyFOAfuj3fU/iRbeJLW1k1bTLZRaEmMxyqrF5NxJY7gd5OAQRnPfAIPmmg/A7xrrGv39npEcawaRILfzJp2O/cfkUDH3pAQOOhwK+ofBn7NV1BpqjxR4W+33007fvIb+UqqqAzuUQ4UAct6DHzcGvWWLo+x9pCoptK9leza5d1ab6b8qW2q2PnqWXY+MpQlzRjzWldXT0ild8rbfu/y9rNEX7MetXuq/FG0gAYN5Fy8cc0+6PyQgC/KTgEAbAQMknBxxXx7+0kkN38dvHFtKfKkk8RKoUE7FycHA7gYONwyTlccEj9XvhR8G/C/g3xEmv6bZG31ZIfs8KmaaRBGxIlI3DqqjHIAI78Yr8rPj7ELz4/8AjOKyULcf28ZQ0h4bYql2BOQcAZJLdhXHSxUcTUlJppWj8Tu3dpbWXXu1q9kjfF4edKhCFSV5KalaTtdaJbK7duXXz01PPPiLp+n2kunQRYDQWUayMrALLuTaTtUgKSWyTjvxngHzLSIHubyQDcifMolAJLKOmCQcjoTj+ld74xsJ5dQe8nuYp4xDHkhyMFflZERc4C5IYnrnjsBreBvh7q+saXca5a72t4pmSOIbMvjklXzkFRyTwcdOBXf7Oytq7yWqau1ZK0r8qbWlu3V3ujyKkoSqKUXGNmr7av3Vqnta6fSyUmu5nQw2tpJCzuVIjwCCFG7IUEgEYPC84z0AI43Zo0uWS+aYXZYTyNIyxsPvZztIJPqOWIGTnJPNdDc6dcW9w63VlKVh375XDbVIYgAnBXHHbkcdw2MaPUNPtxK2I0kWTg7jvPoFUgcDB6jDAdfWKkkk4t3aTcb31aUU9H0008r9TfDyi6kWlbVu3pyuX923eXntpc+y/gzcOPCvisuQkK2jo6x8EkQEfMVyNxxuPGDnrng/LHxXFvN4jsDCWBexQFuSMhh93B4HXC/XgZzX0T8F7iN/BPjKWKcOGhlOwHPJjYjqQwGTyeeBwDgE/MXxNvUbW9NkTarLZINobPzFlBLbTkH5uQSQN3ocV8zh8PzZhUVnqlJp+cYt2avtptpe3o/p8XVi8uo3SW2yeui289PLztc7z4NwRt418PvGWEouggDAbj8vUnPJByB0OPxz5d4+hZ/HXiqIswc61e5JUFUJlbOSCQPmz1OME454r0n4I3UQ8baBcPJudLtvk3F9vyqxJBA69CfQgDrxwPxDEUnjvxVMWZC2s3h2DIQbnPO4Y57Bh3PA617EqUad29G2mtndaPmWjd1ta+n5+HJwlFd7rV9fhd1pfmsrWvfze53XwBhltfH8BUnYmk6uHYcLj7HOu7Oc5Y5OM8HgjmvBtaiuG1nUGUssZvrokqBtwJ3wX9+uccnoAcCvpL4C2s//AAmW+OEXIj0PVJZAHDbQ1rMo3EjLDIwy+3HTNfPOqG6bVdRVIPMWS+utw3AhD57YBByFA6kkAYAzkiolpC6lf3krNX1slryrotrabt33KU2oqLbai4p9dPO+jSXa1330v9EfAGeW3g8dOiMxPhq4CuQGVf3ffA27TgHPJx19R5bPaWt/A9xKsU0m2QO+duHWQkLj5c4H1JOM/eFe3fAyGa20Hx/5tnti/wCEcuP3kfzYYxE9QMAjGMA5OepIJr5iabEsEQedYWaU7kJCsd7feUZODgY69gBjpMEvZwlOXKndJaKz9217rVr+Z+nrrOq+WMYqy1vs+itvdaN25tVbTuj6j+CsV3/whHxRaOEQRQ6Q3UEgJsOAMfdwvJznOcelfOVnFBcRPv2EneImYlScOS5CgDJGCA2ehyMg8/RPwZW5Hw6+K90ssyJFYDBlJVJMpgLuI6EdBxjlSSOT8s2zPPdWke6ZY3dtzAsFBcsWA4z6cck/nWUpNpJyTjrazTbXNC600evR3vpdJMqCSlB8t21ZpW3aitlt93p0PtGNLKL9mfVkLFmN1IY8DGCWGMjHzKSD6+g44PyH4bNvFIPNlO2VdowCmCAM5A5AU89FHPIHy19cvbxwfs66kCJNxuGiXcCAQCvOCzDLg5OCB8vQn5R8laGoE6PJHsihbDknBIIGcnA/M9weDjgqRinBLSM4q+jtf3fW27k9t9btI0qRnTmk7axi43aeqstVp26a9VzK1vr/AOIk8a/Afwasc85RL1zvBJQHK8DPHOfmOBznq1fH8FrdtOlxHO7Ozkjy8EAdNzDIzgHBJHrntX2F8ULyyh/Z88AK+zddancGLy5BvCoU3llwCRz6cdfcfJ2hQfbr4Q2G6Rx5mFdm2lcDknkAKM54546HdXLWtTbfMkkklK6Vvhs9V8+l/wAuylVi/Zxd7JLRNxd01a27u7vbWy6dPoT4pm+T4b/CZZL4vELG+dUCglEx828DpkHsCQe/c+ZeF/Cmm6npqapcXErS+bJHHsG3ydrDBkGMlWOeTgrxjNev/HHTb/Svhr8H5DHHG91p96qsrEq44UhQMqOuDkcgLgV4x4O1a/gt5dMCokXnoxyQu9i6lQAM5DbvmxzkgngHHHOjOVrVNHFPTVO9nZO+2m+llvdtGtPERc7OLSs07pvW6VtW3q030tZH0b8ddHuk0r4YWmixvqItvDkRmH3Qp5GfMGMkAcYPU5OQd1fOFn4W8V6nfNINOh2rNGGLyjKqJEz3yT8xDAYAB4619GfHbxVd+HrDwCxgWTGhIxiVvLRFCeoPQjnHQckc4x846f8AEy5m1e1MFqltFcXVsjZYbGZpVDBgM5GTgkY7kY5xVHDTjJX5bppvpKyt1ad3e1u/be7q4mlK0ZTbd+VxurrVJapX0smtUrHp37Q7ahpWuaFbxNGvk+ENL3LDyS+F3BmyPuHPI5HXJBGX+FvjH4pudKtdBk0uKWGGCC3+0yPulZchcbuOS2MDk9OBkY0f2kLm203xNot5di3dJfC+ntHGw7NEjkNywJJJIwT174NeZeFfF3h4izgT7Os0stujJs5jcyAZzgngtg7uONw469GJwyl7N2V0vhTs2rrZf582yfYWFrRpuom3F2dm1b3bpdrWbtvzXtfY1f2kbk3PijRElY2skXh20cgMz8khsHngY3cDofTAx5j8MJov+E60DfcMRJfWqb9xClfMUngEnIzjr1OT2rv/ANpa8V/GOmRxiP8A5F6yG7BAwyKVIPowxk5wR0IBNeUfDdZX8b+GYIURXOowEHII3b1Py8k9+meeAB3rpUIuEYaaWSvddtLPq72bWySTsjhdRQrSna95p3tJ3u1pvr89VqtT2j9o29tn+KN2gO6KPT7WIs5ODhUPHy9cDjAJIwuRkZl/Z61aK3+IcTQKjL5GDGyrghlI3AHkMoyeMjOCeeDxv7QV3J/wsvVYJdvmxWdunyrkqQi8YHU988e5Bqx+z7JjxxZxRuGkmtmLyBAWGDkKO/8As4HUDp6kadpqLs3or6aaJJLR/f5J6NmkZuU3JfDdPa7s1ZJaN6t217drM5/4n6hZ2/xI8VSETPGdSkkVgygl2JOSP7qk4HQ46DqK9i/Zz1w3PjSOezhuftS6bc87zvMfltkj1JGRt5xnGTXiHxJtxN8Q/Ewmj3ZvQiNtxtJ6kqB1x1z02n2A9t/Zt0ma08ameKWMRjS7xCwiII+R2KoMDJIGcjB47jgwoQVVLninzW00kn7rvzX2XT52ezN4tuEnZpL+VRurNWaunZJq903be6vp4H4svLO48b65LKIlC+ILpnWUjfv85izkcAnOGxnqTnIGT9F/Bg6de+PtHZJB5YsbtCEyySP9nkDKuWJBU4OOeAwz0r5O8Uwx3Xj7xAs7FkOtX/lhUJJPnN1HHPGPftjoPrr9nXR5rbxFYMUikb7DfSQI4IkUCFyWdyoKkEYC9MZGepOScKWKirqUuZW10et3pvLmuk1Hy67Qqk6tCpTlZtNLRdnF626Pyelz5+1LxAvhTxj4hniW5mH9t38bIX2ZUykhtvqMjpjggnK19WfAPxb/AMJVq148lrCotNK1AqGIaUR+RIAFJ3biFPJOTnOCCMN8f+KJ47vxf4la9giJfV76OInB2yecygnGMA8DPPrnivoD9nK2uNK17VmgeGVxo1/siwoCiSGTks3y8YPdu2FUAmlX5edpS5ZSaTaSbumrKzTdrWej089jWgkqN5XcVFqyV2vh6O9972u3t2V/LdO+zy+MZ4YJDAZteljkEqbht+0kkfxegPHPbPUV90XNxHo+meIlW4t3jPhl48x24UfNCAoY7c46gcAexxXwUsWoyeJ2l0yKMXDazMzkYPz+cWCk7hl8ggYHI68jNfTFxqutLpHiNNUBTfobK2VTbvVEwoOSSBgjGcnsOlclGnOeOpyU3zQesbvl6a2lZNWsmnrr5aDlCGGqQaUXPRO0rb6Oz0vd69eivqfKmg3USazcI0EpkaaVpPKyTueTIC9NvYjHGAR16fZfhhnk+FnxHuftV5Daw6cEaFw7HfkY8x+oHXAIIwQOSua+KNFv5xfXDQLJJekiWJkgDgEHBHAyOAAckfTpj6V8P/EO90v4S/EXS7uzJbV4I4I7sjIV2JJVkI+VhkgY5U46YyOzEUG6sZKcL80W3rayd7Jqz1aS1V9Um76CwtaCpuMmrPmVrWa01TaatZ909727/Oema3YWk8ks0k6SxqixryBgse3QA5BYgADOOBwfr3whPZy/Bz4itHKXa6it3aMYQIX7M2VJHbOegxjHK/BtkImu91xK4IRCylSwfBDdP7vQ5JwMKQO1fXHg2+YfB34gxOIgrG0EIYFS0f3Ttwu45zx8vJyenytSjdK7V4u9ndaq26u9Fs9ti6KWylyqSduVpa6tX5XZW00e/bQ+dXFg9xtWJUaPCvvYlWIwCQASTkYwPUD6V9Y/BLWX0zwB8TIrSxmuWuNMKMyHKIjfJk7cnacgd8Db0HNfLEVnDczBoBGAI0MiAsWViBuCqMuScdM9Sor7E+DmjXFr8NfidPtSAPp8Kx7m2NtcHghgBkjnlcZ9eoiUqfPFXi276K210tFZJOzu+mjSSOqi3yqF09L3tuk9FtZvp0bVk0mnb5NSC7jvQ/lHl4yN6gcNKOCSDlgTxycDoMAmv0G/a/vZU+FPwQs9rrKnhy2lCpwWzCM5UnqMEk88cdDXxX/ZWoyXIj+zyzKkltteIswGXRh90HIJ9xk4+XGa+3P2t7IQ+Ffg1p1ysqSp4QtJCrrlkJhHy7SRjPQ8AbeOxz5E2quIpwjUSlG8uVtXaVraJW6eutn5a16kqdBzs7RcU3rvzJaavV9PRep+ZQ1y+ty8ihhl2UR7yQ2eCduQdw44x8p55FWf+EhuJI0JBHy8Bm3YfBBODjIzj3/ECt680WI2s13JFEUR5kjQcMWHIOP72T0AOAemGFU/7M057aLFuoljspJpDk/LIM4LA5x82BwTz097UJJNynJJSj8WzbcPhdtFre+j006paUqjqRi1LTl676OOraTa3W7XTa9lirPdMGWSSM+YBISOSM9gSADkdcYz06VU/fvvR9oXPIGMBVAIbIJ6nPvnBI5Feg6BpmlXGn27Xv2ZZJpyrSMxUoqqxCMMAgE8n079AKg1vRdKtWY20kbsRucLISu0SKcjIyME5HJwDgcgE3ZTS/eOVo3s+bq4trZrS7s2930vY6GkoxbaTcle71s2nquWWm1tNpK6PN7iKRvJRVB+dtgHJIySSAOcdfXuOgBqg8e1X3Z3jJIAxg5Py49QB1zjgDod1bkQ87UIUhyyxCZ0QHqg6EEgkAY5J6H6gVSYMxZgh4LI5wDlmYkAE/hzwSM8cisL8yXK7bX5lvZx6pbJ9NdFdPdLObTs+ZN6dErq0NrJN2s9L9tLtogs4JVlhZAZAXUyKzYG45UbgNwzkYBySOueePtfw7451DwFH4Lhu5TDps0SSXm5Ax+zsRu2E9SFJIJzk5I618cadF/pNssu795MhYnII2HCgYPQ8ZP0HYV9LfE2OA6d4OVtzIdMQqSRhWCLgYPOPTnGck9KUX70Y339ZL4Y6J6W03s+mmjsZq/LKei5eVW2v8O9tbPvstkfoTYfGz4JXMEEs2ttEyQRgMA7S72T5ldApIwSR0I44wABUs3xs+BySRsdaYsd25wJBtyAQSdhGRnkDnPGO5/KBrgWESmQgT74gjodkcYYYPmFSQ2OrHBPBwx5x+4n7O//AATt+H/xi+HWjeIJ7TXnutRsNNv7/U1kaO1X7ZEJCbVHOGQAqNxyOpGcDP6x4e+FeY+ILx/1HGYPAU8BTp1MRiMfVdKmo1ZKMVFpSlzNp2ik7W+b/OuPfFbKfDyhg6+cOt/t1aVHD0sPQdapKcYxk9mlFcut293p1v8ANWrfHv4MWsiiLVrqTc7D5Q4UjJwWYgEqOSOST94muXf48fCbdI66rKELgnczDK92GQDx3IGAeh6Z9C/bG/Yn+HXwK8EeJtR0ifVZNa0a+tYYZLieN4nhuF3NEi+YxLYGWIGQeAeePylh0/zTHaCGCaW5jUJltjIMDkNx93cS3OeDjqMeXx74e43gHNaOWY7GYTHTq4enioVcHU9rSdOq7Jc3LGSldWknyu/W17e3wH4hYDj/ACtZplcascPGvKhP29J0pxqU3FTXK76Xata6elt9P0Xj+OXwmcySHV+FwqBYzI5HGGJKg545+6Oe9V3/AGhPhLbiTfqs+eFjEcTICc4GMp3wobGM7u22vinw58HvFmveG/E3izTVsRoPhIpJrMbXsS3MsQ+YtaxM4kc8MCQOAQBgECvrfWP2DbS4/Z70n9om1+OPgCGw1C0S8j8E3d9AuuRvj57AwI3ntdll27HQL6Z618vQyXHYqi506cVGNNzu5QV1dKVuZrVdfxurH12PzrB5bKkq1X2c601TS5XKMpya5YycU7WV2uay6to0Z/2lPhlbghZb2RZGGSFBUZ6HGDjOc4AB7ZxjGdL+1J4ChT/R/Dmp3saI43IJGBxzvJUjaDnPQLghuMV8Jx6Bd6jGzW32MxWhLMSoDP5bYCFSAeQcoQSSecnOK/bH/gh74e+Fviz4vfF3wX8Ufh/oHjTzPDttqGkN4ktLW6gsRbxSNcpAlwdsYcbd7DkEeoJPl5hhK+Gw9SpyJuEdndRbi1dt2a++/RnyXHfiB/qZw1jc/wDqssdTwcYT9jB8kqilUhC3M1JJRTu7xbt2e3xx/wANTeHHjxZ+B72cCIlRIsoY9CQuzJIxjGQCSTxzkZ6ftXWIT5fBbWpEbELNI0bMF+8NrAE/KRgHJLHpg5r9xv2O/hR8HPHn7SX7YFnefDTwVceGfCuvPZ6HYzW9lJY6PCWKlNNhb5ERioGIuh9dxFfm7/wWK+FPhDwJ8UvhofBvhDQ/B9lrXh2RTbaIkMFtevbl2+1zxwkJ50gO1mzyMZ5GD8Dg+Kvrma0spnhKlCpWhUqRr8ytekuZrl3Sai7PRPWWqufjnB/0msHxL4iYHgJ5LjMJisdgFjqeKrcqppvCwxXsXD4l+7k486suZaKzufL1v+1naojTf8ItCu9SYVacqWbAG1UUdz/CWA4x2BbY/wCGjPEs2nLqtv4CaWwutoindXeN5OmwMVAyMgMc4+pxXwPgRLBaviKWKYxRlSGZm45JycDPvznrX6UeBNV8KxfBnT7LU57ZptlvviLIJ7ZRIWeQY+cEggsw6jjnPHrZnmFfA0IVYU3Wd4x5Vo1Gyu2kt1pfTl9T9+z3iHFZdSo1KNF1nOUYuMVsmo7+fZLzetjzu/8A2p9T0eNYdU8Jx6fI8YaNGMkU0me6jAC5HOQAMEHpWcv7YupCBRbeHlI2tgNcNgqp5YtwQcZ6jtx1UDgPj2PD+pNFq+mstzbwmG2tsuC7BVVXfavJUgYBb5jnOeVNfLksZYN5MMwLOFQAHaBxuUjHT8SMgYGTXRhMZLE0ISacHJRTTspRs42vZdLaW3XTU9vK8dWxOEp4madNyivcb9/o0mtveeyWr07n3PF+1n4lvxCIPDNoodQqu8u85GeCzA5yexJwCRnnA8f+LPxR1zx1ZWNvrllDp8cDzSWwg/jJXDHCg4785PCgdc4t/D3wXHrvh/wlCkcZvdQ1OdZWZn3usCbzlQM4GNpwcHJJxnjC+LunCxu7O1hiRZbL7TbsgGPmVmVm29TkrkjjJ5A546sRSmqHO3pKytfRp8uunZWs/Oy01On6xKpK3M+VWXTW3JdWs2lyy23empH4D0K1v9Mu3KMXkg+Qk7VDE4BUjnnnIJ+Yg4J6mXU/A8NrcslzK/mGFpo/MyE2bCBzuyWySQec4ANP8J3Nzpvh15VP75o1QLGgJ2M5O7ABJwAd3HfkAnJ5fXfGuq3txepLJkxQLCgKjeRyu4dNpwM+pB6ZzXg1Kai2/i201vbd31Vnu7rvay3fp0asfZwg+a6ad/iau9VrJWb28lfduxNbeGFS0S5jlVjISrnaFCKspAJJI5K4zkZ4IGept32gpbFGRopAsJfJGHclR2PocAHPI49COXtdfuW0+OOSRkLDYoByJDuBBOOhwSO+eCSRip5tbuZ7j98SVjhEZViTxgYJzyc/xHGSScAEiseVPW1kmm0rO23fVW0fvaXva252wnaO7d7X807Ntp6q1nJ9Fr5DorWVXjmQsrh1GEGGCq24Y4PUgc5yfVj19WtrSSX+zXu1KK+9grq2SSvJyRyCATnII9c8V5vpcj3V7AgbYrSRggkFuZFC4B+8e4KkjHBOBX0feaFey2FpLCp8yPy1WMKN53JkvkYBz74+g6jOtBcilp11tHsltulK2u3k7N3iFW7SjzLmWllu7xta/vWcU+/o9EcRqVhBLdpGDFEHtRv+UDLLxyOmcd8e44ArH1Jf7Pa1aOULm2YIVBDAgZOWGd3IBzhsDqT96qOoW2ux6nc28hnZ1mEaEZ2qpJHXqAQSDng9893atp2peRaSSrIfLVoQT2x0J69QQBnknArzLwa5eVXSUXrpvG99ddb+t7eZ0QlOMuZuTT0td2WseZaWTaV011d+lr59rqO+dVnmkcOjB1LHaQAMZGATjBxxnnHQV0lk8BgLFUc4wC3LgEPgkY4H3TgZwMepA5nR9A1LULtWW0uZEAbcyREjaD7DtzntgfSvQLDw3fq0ga2uECgsC8fB4PBB6DB5wuOOo6VlyR2aV42snzWStHo79X01Tt526HXcbKK1um73utIvVN9Lvru7N7mPNdNHBaCHYNzHLsvKkHIyM4IHXn8Oq0+TUZTIrHy3k3GMspxhSMDBAOOORjIJGcc5HSjwZq2p2tq0SxxqplVTJwrfOo6nP8QAG44xkjgsa39P+EWvXKzMJbMBJFZmLE4YryCeeTgZGR2+oxnCNuytJvyWl7LutWnvvvdHUq1WK0lJJO3fTR6LXfWzs3vrZu3JXlxFHprLne5ELKofJU87jt5IIxyRgjB65FQ7na8iTaVzaCXDHJY7SPlOB8/HJHPGdpPFdRN4HuIIrpXmSSWGJWZFGRsVsEhhgAAHJAIx93HPPqPh/wCGEOqpBNPeAFtMDIQi7gQuCp6HI6ksRu+pJHP7NN9fLzSSerdk20rW1afoawrzunJtu+qsle/K2k3re1152s2eJW800lrKsjlis4VVJ6ZbAPHBxjIBzwDwNox6To+hfaNOuriRWe4htkaNRlXUkNjABIIAAye2BkY5ruI/hVaWtmfMvY2dZVcFkIJRmwDjqzcnGfm4yc10Fp4blsra+WF5ZERYEMirjAJxgkdBzjv0OR8xJ53CzV79Fol15bdezv6Jto1jVcnrdWaSs3e2jfWzvtdu2t9tvnMQX+IpGLborgqFAZWQE7cZ4LEjqRnIzz1qC5gkaKWQW7yPBeKrSKSSwlZRtJ6BuCT6g5z6fVMPhLToJrVbnTnutiwSOdozmU5KnAwCMkgnBGW61L/whnh+Ox1hotPmRp7uJkT+JZQ27gZGQDxk5wQcdmrkqUItp8/K01dNN8tkle19r2tun00dzrjLflqOy5W23JrRLbu1vdXva6Pni4tdSaWWGKCb7JaWkfmqEL4LKWUEEDBBOTnknBO7k0kVlLZWmlBoplZ5JJETbs4YgAEDAyfXHf5iMgn6g0TwMIzfT3Msyi4EQW2ZA0jqQChY4OQOM5JwCM8AVBeaRYWSWtlc6dHczvLIyTSjJjiY43BQCFKlSRgZ69MYrB4Gq/f5rxteLetlePLdJtvbS+id22rFRxMYyUJXTtpKSvbWO/ZOyUdLK12fPtjpEl5FKDsQTTMpRmGVK5JJPIIB5PB4zznp7h4E8OWoimtpWVPKs94YuCrPnIAZfcEAYJB56ritvQvDejPaXYktbceXIf3pJDGNyQCvHzfdI46bSDkHj3z4a6PpUE6SNpVpJCh3sZ1BEsagAEEkAgnHAxk46BQTVPLpScebdtPtonFbWvq1d310fobfWY2Wmri1v5rTbRXV3b5bNnxf4k8O3Wgaqj6i81uk7SXsKOpBaPJ8tlLHkNjgkk5AIyMisjxb4uTWItNkjMrSWkAhkdyCXK4AGSc42g+v4EjP0j+1FLZX/iLRZIIUggjsSkcKFQgC/MQ2OAAOQDnpjHGV+FtRuAbpvKb91EWDIr853MMAKSpBPYdDn5u9eXjsLGGJlTUk1GzvZq/Mo/gpX+FLezuro9HBVWqF3Ll5tHduTvdO+qe3L0SbbSbV7nTpqEbAFmIZiSApG4EjBDE4JYAg8HpkAfxV9z/B39o3xD8PfCmm2FnuvNPtFeVNNuWAgLM2GduD1LHAAyGzgZANfnRbTAuzOzqxBManO5RtyCCD1IPQ44z0ZcV9GeHLCS98OaaYSoLW779wzvI47ccFRwTySAuepzw7nh581FWdlb3eaSWmuq06dHfRvUdecZQgt07X7trl10tst7NXTufVnjb9qjX/ABZJp5h0TTNKjtn8wLa7fOaVmDZaULvKFhkqRwRxnFck/wAbdbuZTPeQpfPhi1vcEPCQ+442NkADJODjHJ4JIX57fQdSt1eSdE27so/mYdkzngHAyOpx68jGMNtoZWE0kkzSIuVXYrNgk4UHj1GAeP5mlWxGMlJylJx01+za2rly2Sduyvva/Qwg01G0Ul8KTenu2lzdLWinrrqrev1toPxH8H6oq/254Vso5pdpYwKFBGO4UKeeRkZJBAHSvQ7PxX8FniMz+CZZXQFZTBNhWIOCecZ3AEgcnBzwDz8KMNVsxvDFUaMNGVVixXIUAjAYg555x3BAyB2WiamxiXzPMwAiuFLBi7E46/LwOo4HrtNZU8Tilyxag+Z6uUYyk7cr82k3q+VLdXejNU9Uk5xas9JyT+y76PW290leN2lY+4NL8Vfs+wxb7nwLfl933opmJGeoPQZUHGTknPBODXoVn8QfgDbW8Yg8I6wIzkmPzyvUghTz82G6HJ4PHGSPkrw/caS6rBJpd7ckxAzLDIWJwDliQec4+UjgZ7YOPoT4YeE/h7ql+0evaVq8to8TSh4ZC3lTFhthZR93jkHtg9xivp8PKpyQbhTjZXdoxWzVr6e8np16dHocdaDqtuU61oK7SqzSV2leya5t/wA1ppeDxh4y+Fd/A4sPh5I6lwYbu5uCr22OCdqhh0OCRgsRgkZNfPuuXnh+WSGC10NEhd90c2ZgwBxgZI+Yc8fT25/RLwp4Q/Zuh+K+geF9a0zWZ/Curw/8TO7uZ5I47S9jRiFdjgLGhJ3EcZIB4AqD4u+DP2ePDGvX2l+CLK81a2mKiK5Fz50FjK+SPJ6sY1OWBwMHOeMVli8NRrrnq+yVpKKi7Kyuk3Z6OLV0uq1XZHThMXPDyjQpvEyk6akmud8sW0le+ln0T16bo/P3QNN8K/2mbjVpD9liAkFuE2KWBGY5GADbODkn2AIrvLqb4fazKIdE0c292kQk8xDJMtzInCxxJt+ZScjnAA5DZrzfxZpFzYa/qumQRTSRTS74Zog20I2Qv3gABtwpwR05HGa9q/Zq0C8h8VarPqCWl5FpulO0dpOokkWRwCGjTaW8xeSMKecYGK8+OQ4HGTUZUoyUtE4tWUXbrZJpJXve+ltLnTiM8xmCiqirVeam03Bydvs2TTd+mrv1aWyMGzfUn0ua3Gganc3DSiK3LWb4QIcBBhMBewxweDjk1TfwP42u/Jv4PCupGdidubYKi5woUq+0gcckDJ6kA81+guj6hp99EY9OFl9ojz5kDrHFPHJyGTYyg/KOhx2AwAeNNGkYc3EbYbMkauoaM9xtA4zyvAwBk57DkrcC5NFxvGa5rNuLi7czV3drV9HpptZ7LnreIGbTpRpv3lGKUeaTdr2S1tdtX110Tv6/n6vwy8ZSXFnnQpYsgfallkQlCR8zDJwmPQcjn3NVdZ+D/jTU5HWJrC3ityfJ+0TkqyDJIYL1ZQeuBkZHGcj75utHjaUXUjSK8zHcu4MjL91QASM7jtBPbtwAKhm0XTVRAIo0JI3KeW3HHXrkEHHTHtjOF/qvkdCabhUk07Xc+islta6sn93Rb8y4wzStTnFJRTfvaPT3Yq6u7K+mvW9j87H/AGddYu1jN14j0ezLIfPCyOzLuyMKpUDIBxyB7YHJksP2dbKFpHvvGZaEKFRLSzDnAwSASR/e4P1/hG6vv6bRdEBfNqnmHjCgn15IIGQOoycDqM9676TpUCsn2aAkAjBjCkADOemec+pBxwe9dSy/J6dowwraSWrlLRaLurbt2vv0drHJ/bmPlaXtFCW7cYQVl7q1vzNvRtpdk9EfDsHwE8Ew3G/+39aud5AkWKxjCt2OGJU5yPXg8YJ69JB8A/h3DNA6xeI7g7kMitI0HmbWDc7WHIPHJIJ5Oec/UV2mmWrGIJbQuWXyjtVS7EjCDABbk9O+NxORXH6f450K71fU9HkuILe6smjgfznjjMrOMbIgDkEEAYHXJXBHNc1Wnk1FxjLDYdSbXIqm91yu2r+b9Oug4ZnmlRc8K9VNNSbgopxs47PlivuetkvI63wve6P4W0JtCt/C0V3aNbNal9Uu3lEkYGQsiEENtAHHOR8uSc4z1vYLZopdM8IeFrIxlxGV06GXaDkEjfkYOTkdiBxxxM13pZmjs4rmO4lcq4TJkOOmTtzjk8hfu+27i3HNaNdS2aSQGeEBmhVckKASTnspB54xjIzngilhqXvUMNh43t8FON7+60m7O9nfba/odss0zTEJKti8XUsknF1qlr+7ulddFotVp0aM+XW/Ec0aApYpDHIWhjisoVhgYnJECD5Ys8HKgYPIPNbdpqPiRkVG1O4hBI+SNUjjAJHA2KSOOOD19QcVbjNoW2NDGGIBX7xBLfh1Jxk+pwB901YZpiWjiQIqAE4ye2duSPm5756noOtW8biL2iuWNouyVlpbq7aq+zXe2pxVZVJXu7tu95Xb1dm9er1bbVt209hBFq04AmvrxlY8EucMeMjCkjHU7hxkcDBqw2l3AAG2SUn5tzSyEg4PzFd3Iz16E9NwIzVdNTjjiC/vjMrEkJllwDjB6dOpI7DOQK6bQ7mG+mETlobgo0gWY4V1AwqqMEEnoQQDnr0FZTxWJldyqy6aXdvsrbputNu/U5m5wXMouSVnfTRe7ovdSilbXVJaPXrkW+ku0QcxRlw5JBJwAOhJJGAPvYU8cc1k6hHZ21zbQTXMNtNdgpbo6jMjAldqZbDE/KCevOTjNd3LFcRF/MABUjZGp8s4YFh6DkdDkcHPTmvLPido2u6tod9d6ZpL3D22lyvBqSSeX/ZVykit53mAjGACD/Fjrgc10YLEVacpVJTlNQTlJSbUeW63d1ZJXu29N+pphIwrV4U5Ta51JNuWifu20TjbW/e3V321l0dEBQbWlBIEbIAS+Ccj7xI4HIyp6jkbmyRpd/qd7HpL2iwJLFIFJA3MFAHBUEjqcYOMfXnuvg/N8OX0/QtK8eeKxeeIjbJJLcxSZS6muUwlpE7Z3TRMAM5+8ApOAc+D+P8ARfEug+JvEEvg7xvHu0/XQNP0/VbtYr4xTEMsKqGK/ZwMK2W+YcZxxWuK4uw9ChKWGoRrzi1HWpGKbSi5O7d3ZaaWb3avc9bD5ZJTk51EoxTcVyv3+WUXZSerejt0e9nub3iTwvrMcMFra6VKhRJo5HOZFkjQctEApPfBxkNz8xIwPnu7aS2uWs3T5xKwbzFZQzKTyWbk4PYHHXHIIqnrfxj+K2neOreGa5d760aC1lW3KSWEwkZRMkceGRiyFiWAJ/2etfqL4uX4HePfgJYfZNP0a3+IJ02JoZ4IVsZ4ddVAJFvZlUCSORj8wJG7jBHbLKPEelNzo4unHCxpJPnnUjdqKhFpPRttrVLfyRjiMJKm6UIxlUdSpGLahyqmkovmktG09VZLzV1qfmxbF0XZ8jMzAhEbBAIB4xwOx3AfrmujRLiMLM6FEQEb2fnjBwQR1xhjgsD0473bfwJqFldw6ZrfiHwvo1yoD3DyXKyCGBmBQxsu7LkHIX1646V7/beEfgXoelSy6/4tuPFE8SIMWMkluGlkXgqse5TDHk5kYqNq8g4OfXl4kZTTm4LERcYxcueM4uKsrqMm5Xvprbs991UspXLFylG7lblSc2rKN02k9L6JKyb2TZ86y3EcanMkTvlcEMWIBzt2gnGCSSQOx+73HdfCiy/t74geFrVIpZiNUillCwNtWOIlnkdhkKiDJJzjHPrXs2i+Pf2avDRjt7nSrW4dGWU308Yu4AO0LtJ95iDyQc9TxkZ4Hxj8Q9As/FF5efCXVLe0t76xnkubhLeOBLFJ0VXjsB2YDjKkEt0PGR4eZeLGBhgsRWw/71qLhGHPFynKUdLxV2oJpu900/QHlVNuVJStJrRuKUU2o2T297V9tldtu5698LviZf6T8br3wzp9rCLa88Qz2N3qt1IsNrBEXKb2diBsiKjOW6BgMdR9MftU/tWWPwv8Gv4b8B+JbHVfGVy32K7NoI54rCHADyRSJuXzCB+6OTt4YkEE1+PcviWe0lk1RtUke+lZ0BgcrNI7lg9xMQxYysTnJ4JIGTXj3xA1vWZU3R3LuZZFYySSAzmZmG5mLMTtyeDnqCRyMV+U4zxSz3M8PUwFGFHBwqNwhiIOSrRi7OUYSurNpr39bX3SLpcM4SOJhiZznU5Un7PTklKNmpNJprZ6bW31WnZeNviH4l8Raw2o3dxG+rXaq00zn/SGLMNzM5AZtxJwOSM7RT1DeHLG11nxLdACV3ENkgIlkWRcrNIynGOR3IJwOK8w8LaVd6zqdhfa1NILTT51aeZpB5UrjY8cO4kZVmABPHBHrw34jeKNS1o3OnvDJ/Z0F2IoLhGztiVtqxxucfIu0HByQQDk54/PJwrVsSqKrTd254mrzc8pSlq4t21k3q36W1TR9M4QfLFRtZJO/ayWttE76WtbotL26Wb4gxzX5g03UHtAqOcvGASuSQqYOQBkgZ6jpk4ritZ8YyLIZnvbiacEqXRztcscFmwxCsAeQ3OT1Oa6b4cfCTw54+v/AOzbv4k6b4LjS0WQajqsTSh5WIyEdQxAQkghgM/w7up6fxf8Dvh94Ts7+00v4pWHjDxGl0lsLOxgC2F/G6KxmSc/Mjbjhh6kckjn06mX0IU4znVhO3LdNpuLXK0lBNtd72t3e1qU6VOTjdKVo33kr2ta15Lmtomuj6niR8UW13ARM0MnzArI7kyM55Klh6nqBnj5RkcnrNC8Qsz2krwWqpC4jRHba65x85DbSSQCFI3EgfdzTdQ+FMmj6RpXiJ/KNtbzMbjTbINqL3MytgRBUDlGJzlsAKMsScmvQLP4eeCvGmn3kuj2mveHfFk0HmR2upC6bTwkEW6WaSUoDCZHU7FYFcsADjJOv1XDzoxak4w0TkuWyate61dlaytbfR2E8RorN21jZW391+8tXZOyXMrpLfoS2vjKKwuENvezom8yzbZMxxvu2hNgIUgcMeuPmOQTgdpF4/0GydNTfRbTXNSIWX7UIw0tu6gqzsSecqSep5+X7vJ8c07wlcyyQ6VapI2oSbobyWbPkIIWxLcJ5oUvjaSASQB9Dj2PQvF3wz8LaidHv/BEfjBLGzjha9GpPYQ3N8wBmEqxZDqpyAuR2I5NPLcLDDYuNSjifq/K4v2kOb3Vo+ZuKvZJXelulr2OWvepBqUXLmXwxWrbcW0m3ZW110v0PftF/aR8PRaDp+iXXiGHQPDEbrJcKnhyxnvbS7uHHmQ29xuEnkuSxdnJ5HPUGvtX4N/DvV7qzg8U6n4wudM8EeI7kyaBdJ4Xt9t3bmNm3vIylCWON5DcZycDmvnz4LfF39hpfEVhH8Rf2fJtLsIbdXvb1tYl1OzN0uDvFpMAjLvAwvJPHCnIH238c/2yP2efEfwNuPCfwj8Vf2Tqejyx2/hHw0LCK2gsVHyR7pFVSsIUcuMngkfxMf6C4Ex+GpRq1c04hweMXK40qHtKsKsHeLfu1FC900la6TS6aHwef1MVGUMPgMuxNN1KidTEKMXF3cbtuEpy926bdopWd1fUkt0sfC2uHRtNt73xYl87yf2imgWwhijYkA5aPBUgjJHA4JPA2+5eH/EejabFBav4a1dbpUJkNtaxQxupUEM0acLnkAYJyDjgivxab45fHqx8U+GfFmm+OLM6RYWkOm6gkSPNpEiCRVuYg6RlRM0bHYzYYseGHWv0h8P/ALWXwC+z20mo+O1029gtLeK/e6EqE6h5am4UBk5iD5C43DBGT2r9hyPPuHMZVqU1Xo4T2PLFSrTpwU1KzvGUnZuVnK7aWz1R8LnmWZtQhSqxp1cb7Vpv2Km3CVlo09t3dv7z3y4+Jek21xNEvhfWZNzsTlE35BwAOMk5PYdN3OTgcrefGQW0rxnwhqkfJaM3GF8wKeF2hSTkgZ+U7u/NcPL+1T+zvcGKO28c+HJJn+Tz55CjNLy4CsVBdjtJPcc5PSvBfid8QLn4gXUPjD4deJrGx/sOyvpXn1Nnj0a7S1QhkOFMM0jcGM5BLDkHnPv4rMcqhSqTwmPwuInTV1GjOlNtLlbu1Jq6V1frfVNO68LBZfjZ1YxxOGrUITkrympwV3Z295bp2tv1tqehfGv4365d6NaaT4dtX07U72QRXELW7XRS2cjIMflfIzLkKc4yOc9/l/wz8OPiBb/ETQ/EEnhfxbqOl6vM0moXUGm3K2sUckTDfjywqRZyc4BICjHJNfNPg39pD4uaZ8QtA8a+KdPm1Hwvo+qyxyqLKA2vikJPsFrbqxUlMHMRAyQFIJBzX9QvwF/af+EnjTwtosem2i6Tql7ZWgvPD3icW9hMt7LGS0doZlUPDHk+WEk2tt5yVxXwNTNcDnNaqq+MjhXR5YRVTltK8lsuZRtqr663T12PqMRHFZFRpRw+EljY1k5OdO8nCS5dJxSk7O71srpb9T+f/wCMXwl8R6T8LI7PRtN1R5/Eni3U4tRnuNEuporW3llBikjuBA21uqkZHTgnHHxd4Q+H3if4f/GDwzJrGk67g+JNIEepHS7yOwkiMmFZp3iWMZ+X5SwPHIGK/qq8dfC7xD4l1Tz9K+Kx8L+F7zU5NRfRjpFhqmkQsW3BYHDHI5wHKhQByemfB/i5+z7plr4QvPE/jr422UvhTSbyLVZ9Pgh0iynjhsgXaeGRJxcq3GfLRSSOOcYr4PMcvwFLFOvhqspRoxcpSk6UKTmpLmlf2ibi+j3Wi30Pp8szytUw0KGIhCn7aTjGC+sOpCU7csOVxs9ElstrXaP5wv2jkjn+Pvibe0Tyz3luyiRSp3RmJgQTgAEMTg/8C4Iz4n8fzN/wn2kLLthe38Paa7MgIyqxqQTgg5Occ5GOoxXufxd1Twl4v+L+reJtM8Rae+g3OttY2F1eN5Uv2S3KIt1J0YsyIcZXnk7ckmrvjnwP4O8ca+viFvEmiCyg0C3sUaW8VWupoE2bomJDerBWzx64NeFT4gwVFVr1o8sqilde9q3Fbat2dur036H0U6coyw7afuUnBu3RKm1dWa3tZ3uk7dD5M8dmR/hboLFwSdZccMFB2gHAIJJHfHOR0LECud0eUt8NvHBJ2nzrQAKTwpwuSw5AJG0gnIXAJ5xX0L4m8O/Da58Nad4cl8T227T757iWRJRmNiASoXOGToQ4yM8nrx59a6Z4MsfBXjTTYddsZpLySJ0WVxG0aQs0iqmBmSSUYxnGM7hn5sd1LibL6vJy1UkktbSVktHulq113SfyOKUeWEo8soylNSatJ3jz6u9mtv8ANtbPzX4TQyrB8QWjn8xP+EPlUncQAu1yx284GMgHAwfpivPvhjMW8czxZ+X+yLpWJbklYCTjscj+6pKj5eDwPaPBWpeAvDXh3xfLc3sS6jrGjJZWlvFIzlR824uBy24EsdwIAyMAYNcJoMvg/QNag1eNULyaVc24MMpkYzzqVMjxtjHLrkdOTnBBz2Us9wNSpFRkrNWbS1W2r6rpzXt9wqlpUql9bci5UnsuVNq61SbbV+tmfQvwEkWb9pTwHOWBL6PcqQc7g8MewcL1wAORzjg5GTX2R+0ddXFrp2pOuAsttqT78Yyv2d1YHsQ3I6nOOeor4M8F+LV8I/HL4da1oGlNrrTWkVhHZRgIxuNQKQkEqSwcFi2MYzzn1+yf2ndfi/4RfVbfWLW90nVbPSZ5rmzliO6BrgMEJfHK8gjuV4AGAT9Tl2ZYbEYOu4zuou7t3SWlo3tfV3e2mrTZ4lXDz+t0ZW+wk0tJJXW9+jV9dbea3/IzTJhJZa4GUI32e6Zx3JeRmDAg+hyDjPOfUn9Fv+CSdu9z8UvH1moJSbwkGkIPIAugwycfdCgMegAU9Dgj80Te6Np2n31yl7Pcrf2jxsY4mG2VS2V4HzHrz0yOo5z+g3/BKPxz4a8K/Frxu+q6jLHLfeDnjtl8sFWLS4ETHAw2OM8nIOB8prmVelOK5dXJpSXm3GNtNbpO19NdL6adclJKcZR+Fe70uk4JOz62T6633tZL5R/ak01D+0P8T7OYIix69cSoAcAkysc5AxlgB0PbGTXE+K4UXW4YR5JWXQNOAM3G0/Z9uAGAOf7uOuQQxFep/tp2mm6H+0V4njmnuzLrN1Zaql0sYWMQ3TLIIxnGdofGfvMclvfzDx3qfhSHW0W/TUDOuk6aI/K+VTGkKlWIB43Z3cDrkeldFCpKFNJx5He1u6drpq99NLardXWpc3DmhO6fu210WvK7N20a1iujd0Z3h2C3iuLOxNlAJvt1tJHIcEY85BzxwCRx/DjoB1P1bqemaHqXxnto/FemaXd6PpugaNdy291MIlkMVuCoDHsAMBeM4J7YHxrpWseFW1PT2tZNTF1cajZpb72IVT9pUbXyclcjd6dRznNdn+0B4y0/SfiNeWcsN7Kx8P6YPMimaPaXgALuUbJCjO1c4zjvU4ijVxWFr4enOUJVYKPOm1y6q1rd9flbXs8DicLhsyweIrQ54UZc0otrllFSh7r0evy1su2v2laX51Lx3p3iOF7S18KaTdyDTbHSp4ka2twyhVZ1wSu4IQG4IHDAHnnP+CiPiCPX/E/wy1KVRIZPAkMME15MuTGiqF8ls8nBxtIxya+G/hz8T/DfhrXYo7iTWrvTr2FYJ7Se9k8qH96m+faxwdqB9pBByR74+iv25r/wprdt8JtRtb8xafc+DiujypI8rLGFTcZh0yG3bcknkgnBJr4rAcLYjC53hsVUnKajSlDnd27PlfvSerV3o18J+nZtxjlWNy+McNRhQqxXL7NOLg1yws3K3VbLvZNdvju5mDWiTPp6TQghFMkykKSCGKYODhiGHXBHUcCvqPQ47S0/Z7DtAktvF4gLyZRWG9zlkDHCuxy4OOuO4INfCFmNHS2aOTxDdPGBtjTLBY5WzhwCThRjcOB0IztJFfTLauln+zFJZQam88I8Rk/a1B3K5bkZ3DjkDaSenIGa/T6GETpzpym3+7erV+V2j1W13t1T1urn5fPN4qrSqxiozjVjKySbi1a6bi1dPRp6672ueneDfFHgyz1CxjvNDsba3RGL30kYMnmOvAdBldv3RtPGCRkcEfXXwE8J+C/EnhL4rz3dlYTWGp3tgb0NbiK3k09Zn3KoVQQzg4AwclelfimNYusiOPXpgMxA7mPUZIJ6DHBBOcYPGM5r9Iv2cvjMfBvwF+Jkt1C2sXtrq+jSIyhSBbxsSsbKcApkYbdjcCQCec+AsgnhVi62ElOVWpSlZK6vK3upWbs7rR6tdVpp7OZ8XVMyw+X0MRCPs8PisM1Jxi1yKpTVRSSbTXLrdpXaafQ908e+Fv2MPDcst2ngfxNqk6wy2066TY3ktnb3EcQCOxEOwIzk/MDgYyT1Jyvg1ofwssvHWm6z4It3tvt3hfXRdQ6hC6XCiSBgluxdQMpypAzn5h1HPuHgf/gqnouheHxoWu/s8/DfXbaexe2e9l06xjuZTPAIt848s7pEX5ic8tyTkmvnbwJ8VfC/xB+KeuX2k2a6LYDQNZ1VdKsYFhhsZJEaSW3tjEBtiUAhQOpHJWvleF48Q0cwnDMcPjIw5ZuNWdf2sLtpKLSSTk0rppJJ+Z9FneZZPVwcqmFhQoy/cqKSXPJ3g3NNJJKVtU09+lrGZLYaHa6Hf6XFpOif23c6jPcxTeW32lYHuJDuVQm1nUE7lLNkHtuGej8J6Z4GlvPDdvd/2GNSXU4h9tWTyLoXsZLRpOrbGRd5+ZSAM5AXI214nc/tBfCi21yLdpmrwXGnSSpLKXZnupkmkV2QAsBGxBB42jaM+3Nj4tfDPUPFmhz6BpV01/qniC2lElxuK29wJQwSU8Exsct2JDHqevXQyPHTzOVW2IUXX51J81uVTi29WtG7JtX77aH6VLj7JqfC/wBRnVwE6rwLoezhCPtW3Tild6O6lo7X6HRfGT4dafrfjfxFqc+q+Hre5kv3WaGacq7qiAJIxI+UkAbQxUkYbtivlW80PQdPuxaQXFrLdQXsUjvDMTCqrMF3KQApORn124Ocg49U+Nviywu/H/iqNLN41uryEzkliBKkCZ8tgwIjfkjCgAdeeT4pLPpcl9aSWwghR2iWdOWYosgAyDkghgV3Hvgg9TX6nhafs6lNTUnNuEW02/5bu3ba+t/Lofzdj8XTqwlGlThypPW2tpNbWtfpfW+7sfRn7TPl3d54MP7mWSPwjpXlHdjePLRTgDqFXPyjnsNwzt8h8PeG4buyN3JpdvdxlkMkK43BFUMxY7TnccLtHzA8A5HPtf7R1rAt58PriAWypJ4N08xqzBWKhVVnznJLAkg9eDgY6bHgPxB4HsNGht7mbS9zqrXHmSAOJQi5BBAPGCDztIOckZNa5xOqq3uRk0/Z83Knomov3ly2/Bpa77nPkUabg/ayilyt80kt7q61Tvrune12Vfizfz6x+z74EtobAaXpuma7dWcdq7cgjBMio2BjABBxjGeucjy34HfC/wAJeO/EVxZeNdeXQdKgtTJa3UaZeR1yeQvA5IwpwCRlgBjPvHxth0iX4N+Er3T5IJLSbxDdEBZCYDjGcFf4SQQCRkD+EA1zPwE8b/DbRNL1iz8SnRVu5pgYZrxvn8lTkxxNgkZAKgdCecHGa5OIqmLpZXTq4WnUlVVKLUYrnk3daJJKy03t6Pdrfhung62c1aWKq06dH2s/fm0o+7ZppJpJPSyW29t0esz+BvD/AIV+HvxB/sTWotY0COG3trWVeXeaKRSr3PYCTauxCMHIGT1Pg/h746+LfCcUGm6JofhOSzYx+dbXmlWs0jNtCCSQuoOWB3MTnIOWB5x9RfEX4o/DnV/hF45tfAuhW+n+TBZpez2wU2dwVAVpfMBz5pfBzt5PPA5r8vbrWdGP74zzrcCNQfmcFpCVbAwOVUAgZ4GMHBbNGU4RZhleEeYUpqpKL54VWoyT9297Pfpp30M82xMsvzbGRwNWEqftHyTUotONopNdl5vfuj7w0L4jeI/GK+MzrenaHYCx8L3jWn9nWkVurboXO1fLUKdpbAz0wcc18s/Dn44+MPh7ZXmnWNpoDC4vHuI59StoXkyXKkLuVsrzllJPQ5Hat74L65cX/wDwmca3LzqfCd7sjnPKBYnCsATlcADjrjqcZz8tR6jafai2oyQyJa3Eu+OQbSyCRz1zkgY56DOWHt9DVyrCywFLCKmpYeLvGDb021uryWvR/c7q3z1DNsTRzGWLVRwrSjFc1lvaPR3Xnor3V9j778P/ALQvi3xJr2haNf6P4Zg+36paL9ttLNY5cSON8qyKinuRwc4O3hTxPJ8WF+F3xJ8S3Vz4N0rxIYtZlkUXSh4VU5zJt5I3nkg8n5s7RgDwv4deLdBvPEHhW3tX0wzrqdnFFGCplQF12MVXLHgKB6Hnpmuk+Luqm28X+IyH0yG6F+5IlMayMmCSCGLYwvOTgnJ4GMjg/wBVssWFqU40IqVSylOMfe5bx1eur17p6LTe3ZU4jx9bH05zxMpOFL3VdpNppqVk7OV9E9HbSySZ9SN+154Z1G2s7tPgz8PFvIpHbH2RWll3KWO9HQKXxxkk8jOemPJfj5+0Tq3iGx8G3UvgHw1ZqLa6j03T7a0jWFbbgJIu1cLKvy89c8e5+HrjxZJJOyM1idsjeW0TiMklhk5HbGcj2zwevvvxUvtEs/D3w9GtSS2ts2hrcRzRIrOXZV3ASEhzknk9OenArlwPBmX5diI4rDxaqPduU3zXUf5mkrbtab3vZ6rGcQ4vHUvq+IfNT5tbK7slG2mjTtdtu9915edaT8XNTvXu7K98JaAxkZ0mke3jSYKdwIUkAZCnHHU545wPetZ1+Nv2fdG1TStKh069Guz2cJjZUjiKiTeShzln6ggc4yCDkt8uaVqPw9F2btrm9eRnyrSIWjQnJzIDkMp5GSAOoHFfTviDXPCWjfBnwrd32lyXuiS6zcfu7aQqLmd8hWCA5QrjkYOeg6Zr6mngo0bObU+aKSSk7Jab2ulv176M8VV05UlTi0ozjvdaaaqzaWuu3S2ux8JQfEPxgL69t5dWcLG9xtASMfOSQFTueRgnPGG6da+pvgfqF5qfwi+NlxfyGSf+xoA7OQp3ktwVDEDvnB55wM5A8iu7r4UWjXV0mgXyz6hDNIm+QMkUzhtojwS2Bjvz1yeVx6p8Kb7Q7X4S/GSOwgu44W0iBn3gHJLSEDcDg4yVbPTjBznCwuGj7Z8lNRkrq6Sivhjs3tpv/V9cXWk6UVOpJptPolG7hZPXT7rd11PIfgh4RsfE/jeGzvksWtU06e5Mc8qqrSIPlJJbIfPOOpGBg55+39B8Nafo/jfRrO2PlLN4b1dJGtyroymLKLlRyCeBkdx0OTX51fBjxfY6F8QtGnvLUTWE8zRS+dOYfldgu133DCgA5BwCMgjla/TXSdU0vUfiBoU+lxWsazaHqSlLe5SREYwgqwKn5QRtG37pODxwT83j4Yunm9Kzn7P2bejk1dcr1XKlZWW0nf1PQwEcMsBVnNR5+dXTu2/h293l012drNvzXwH8UvBVlrmvT6le6pLbR2lxcWsqrbNIUWKVypbAwflOPbqOM7YPgn4B0DSfjJ8OtT0/xBDezy+IrMR2rW+HUO4BJU8jJxkAZ4B4A59G8cLdXV5qthDeQWiT6jfQyucMzs8rAtsOcFRz8v1Oc4rz74aCfwx8YvAURu4Lye38S2EyXS+WDGhkXggn5WBztUgLyByDXsZeqteXI601qoyeitqlZu7u13en3JvLHVaGHouXs4tSjdNrX4ItJe8903o7X7vQ/TjWv2L/ANnj4peM/F2u+NPiDNpHiWXVFe+tBeC2t4I9owI1LKd3AGMDnqOoqCb9gD9kKGyuXt/ia0t3bFmBk1VvM3IAVWNVJRixXGM8Z98V81/FjxZJbfE/xw63dpG99qEW7zpvKkZwgYhQHwV9NvJByO4Hnk/jWaGCWBLnTZTcyINgulDAjaMod2Q3XIJzhc5GeObGZLmjrylSzOvThzpKKs7QTi+is7K936dds8PneWOjCMsvpzm4KLqOLu3aOqtdXXXRpWuu59y/Ez9m74M+Jda+HOl+MPFkmmaJZeHEtdNnWTyjNBCSA5cEhiFG8Pg91GOpl0z9iv8AYvvJoI9G+JeoXmoOzLPG87J5hUnZFGQT874UIefveuCPBf2lfFlzYab8JWleVhH4TgVliUOqoV3MgJYHDjIzktz6YrwW0+OWk2LRGz02+s7y3KvHNbIykvgBdxBOWdhnKgg55x0rOtkeY4nFRTzWrTpxjBON0otpRu+tnvbo35WOmlm+AoYdXwNKdWU7x5k+ZXkuVp2srWtrdXTSdlp9UftI+BfD3w9/Z91vwf4L1SS68M2HimEFrqLNwHk+8jN32juSc/N2Az+WGh+FNIudSnF1q8VvCrq6Ruse2STPCsxzxzg+o5Xjr9xfEHxvqfir9mLxJqN291JPc+MLfDTDdIU8sICxzgt1GenXrjJ+BNPnyVR7SWW4jO95BGQWA4y2OO+AT1GNxOQT6lHLa1GMaarzm237z1vsk29Nt7u2p5tXH0a8+b2Shq3bW3xJvRJ2vpvdaPo7H3r+yZp6aV8U9ea3niuoG8GanCDFEuxQ0EnHGdqgckgYwOg6j5s8U/CLVLzX9XuoNd0RYJr++vDGZ0jlgWaZmCsu8EnrlRkcdQPmHuX7ImotD498R3RhuIvM8G6oYwEWMAiCQBQTyxxgDjgnkdz8JeNdavrjxTrk6Taksb6pfJKEkkIcm4fkBGxtBB+ULgbe+cV3UcHVu4qo001dtLdpWS6bO+yWu3bjniMNztTp88XZJRXSy1TWqSuvS67M9Z074V6na6vo5h1jRLpo9W02VyLpd7lLuJwEG8bnB4C9xgZYDFfXn7Y/w18a+J/iH4dvNN063nt4PBWiWytJdRQMHWzjztV3XdkjH90ZyN3Ofzl8MXrx+KvDs8bXyxR63pBYS+aQ4+2QEsdxOwAZHPYnnrX39+3Nrd3dfEfw3/Z9/qVtH/whWikx28kqBpBaRjkRkLxjgEZOB71lWweJVWm1Wg3qtU2re7fZrbu2u6uzppV8J7KSVNqLX828fd2bve26bvvvc+aLX4KfEXYWn0e15YofM1C0JBYFAWJlJwCcjGcDknAFfVXxE8PSaH+zN8PvDus3Frp1xZeIbmWe5WRZ41kZm2xoUdlJILc7iAQeeMn4D+3a2oMjaxrciyBlYPPOcDZ1Ulskk4xjkHHGTgfYnjNZJv2Qfh09w9zNcy+L7otcThpJGTLFcseeflCqRkjJ3DFZYvA1nUw0qtaLjCpFqMIbtRWt22+2jS7JImjisPGFaNOm4NwablLmuk0rJtK+ut++r11fjdhpfhdSkuoeJ7Z5jKMgRg7I0OAx+UbgQegB4A7dfrj4Z3Ojx/CD45W+n3sV7BcaNbB7nyyPL+ZdpUDnkZPXcOnTJPwVBoV9dxRzGzkhUMFEjw5yg5IUKCDuOcZ475yMD6o+EUy6f8F/jnFMXi3aTbER7dsjgFSdoz6rnB4B5x1x2QoUG4xc3z3jpdNNpJdb9NEr+fY8qc53k4pRtZ6Ws7Wv566vd/M8q8JaTcy6ikGn3LGNoC0UzLuiQgAuMfMCwyRyDjrk5we08LtMvxN8J2967uU1qxjRljK7TvbJAH8LMT82QeQARkgeW/DXXoW1GztkuJ4pMy/IzfM4CH5eWwFxkHdg54xXSeE/E8mo/GnwxaoJxBH4ksoCWww/dysCQcnbkg45BbHYZBqOBbxEJKK5U4pb3vo2rdEun42egRxE4YecXGyfb0Ts7O6j126rsd98XLGxu/i54mS8edrZtTRpGijy6Iqph1IGSMkcZHXIPTHpHhXw/wCFm8QeFzo0urRTm5mJLbjbttt2wzqq7dpJOc8jHOSefmL9obxfrulfGHxlHYzGJFvkjVQiMXQIpKsOe+OeM+vU1V+G/wAVvFlr448OfaNRKQSPMph8lSqq8LqQpzwzjIOexLZ/hrDFZViamIVRVuSEZJSi73l8L2tp26abK7SDDZlhaeGnSnScqsotOTiutrWvzW16rXXfVGj4v84y60vnwyxpfagrqseMMLhwd2OSeM7h2zkdTX7rfts2xP8AwS3/AGK2ZlQRrAN4GcqWcY45x6cjacHnnP8AON4g8X3T6prgmed45b69+Zf3YTfdN98dGPzZww4BP8OM/wBDv7aHiOzg/wCCZH7EthcsV+020c8Jl4EyR7mdR23AHoOeB82Ovy3EGFnDPOEpOzSzOT02t7DTS+17auy1tbv6GCqxr5ZnKjF2+qxv2+OPw7u3W17eVrH8/wDrTW9xraxmVlVQ53DsRIScYJ+9kHH0PJNR6mlkpVoXYS7FX5D97JCnjPHCn5OuAep5qp4llgTWjPHLAkMocrtAyBnIAwBgA8dOFHB4rPkvrd180tCCg3IN4/gONwHODgdwWJJJx1r9bp8qptOKu+V3Wqei1VnZdLN9bpp2sfltbDVVJWpu3MrtXdtm3bS2j07dtyun2ePTdQkAJcP82BkEcDJHGM4yVPHAbgjFWfDez/hEtV2ookE7OHHysoyx5PTCgc5yAenFY0OoRzWmpMZE2Mx+WL7/AFIxntnHIYBjx2xR4c1Gyi8P61FPcNH5rMqglicZOMKARg8578Erxk0RjF9Wrp7WVpWV7Rbbsklqkkne+qbOuFGo6UdXFOzsorpZX3bu0ltbztc+3f2GocR/EFgyF5dUsGbDZ+YhOT3OQckYyQTmv3I/ZuUReBfjrkAmXT7o8E8FdLbB5AweR0z0zkjAr8Lv2G5rdLXx2yy7nF9YbdmSuAQASMDGR+oIOTg1+2n7NGoPL4H+OTAZC2GoH5TkYGnMAe4B6ds8enX5XN6UuSaeq9pTW7t8cOmum1vNX0Z9RhIuEaPvvm5G0rO6bT7vVu9+1lbpr+E11bO/2yXncPEusEHGQFN9KOD064ySOox657e00ppbLTt7kFrlvmwpUGM7l7hiGI64yAB7gc5bXOnudRjuXMZ/t7VnHznki6kbG0DGOOc88eor1HSbzRmj063wrsBI2SSVbMZbIyMHB479yeoz6860oUaSUW7RjzaNp2SXW/XbVa30eqOKFGFSUpTkrXa00V0436ab2tp9xk30Aa2sVOzIuWMm9uSAxTOM+p7ZPzAZNVLLS2Q3nlSDL3QVlC8hT1wM46E8McHGDleav315ZSC3EShpIpHJRVO1yJuu48HAx0B465IqrZ6zptodSkuDKkxuUIt1OQy8dDg8jtnA5HOOvPzV3G7jfRNWut3G279Lr5nUoUXdN3S5Vf3m7N20laybjva936pEWoW0cds6hxlJgCFHLkHlipUd85wcdOByK3bGNHCHMgVbNw3zHJ4OQCRnaOuQp6cDnjAv9Z05oz5FpNuZ1uB5p274yBuU89skKDt5IHFXE8QrDJvtbGIpHZbZN7k7c4BJAzknjIGMgcgVvThWnBpx0ur73dkrPSyvy3ulZrXaxUFRTST0bV7afyq+vzvdXfe9mdzooRrBlDlGaNgoY5O1Rk4IJycgYznIJHsalvJuvbBdzhY0k9c7QwwxJPQkEkYGM5yMZrkINd1IxAQJDCghkeNwoP3sgjPA2YzgdjjAOBVKHVbu5udPZrp90gkiLomAfmJMfAPOe+fmOParpYeS5pNLVP7V7r3V3Wr367667xOrC8VeLasr37KMv5tLpvZK9tbO6fqmoyH+z5SZBscOMghlTkYK85Oerdxx7gcNDcJJGIftAVBcovYthcnLdOBzg4JyTjpUt8V+z28Ylkk3BkaIuQDIP7y8ZXhgO2Aw4yN1a0t4TDcMYkVzHIxYkjYyqAoXvgn164GTld1KjSlSg4qWkve0etm499bp73to2/7wTlBzjK71SbSb95tpXu2k/it6bNW16KPVLaOdYjcgmRnUOC20Jn5T3znGMcEd8kktNc6z80giEmTa7Vl3FRuXI4HXJA9Rk9BgccigjMdnlVjaNTJJyD5iA4O45yCfXHrjPJrSklTe6fKyLagqP7pIBC56HvyMHg4x1Newck7u60TT12aTu9+luZa3trqa+0pwUpcrt11d94qz7XWzW2vSzNCzmkuNOuDLIGVYQwWThmYknDdSADjtyMDvk/SPwNZ30HVURZXY3AcqquSFYDaOAeHwMAD8cV85WYCWs6oy7ZLVCWwOM7sAA7uSMA8n1ILVwXxQ+I/jv4e6boI8D62+hvqLOl6Y4wWnEYyrlicDHfPTpXHj4f7PNJ2alHfSyUl13s3rrtfrY6cByyrxTiouSkno207Xur7yfSz0fXWx+m8dve3Al/0e6RVVSFKNzk9ADg4444zz6Ka5jU7K+GpQ3LC3ijVQjNcTwxCPjJILuMkZByePmJGa/He++O/xu1At5/xG1uIN98Wc32c8jB+4cgNjAwOeg6muCv8Axb481aSQ6p438U3QdssJtUnKs2c42B8DPPse9eDD2itaUL7L8NVp2vbvbSzPYeBjKyjKT1TdrR/l0tdpPVvrfTo7v9rNU1TQbGOWDV/EWgaegSWRpptSsy2WGCcLMSeMjGOM9Ohrxjxj8evhXYDS9BtfFVlq99BIFaDTlMwk3Nt8suFKkljj5WHPUYwT+Sc1nNfuWvLq/uG2kB7m6uJSzfw4y/HbnIwPTPG94L0+3HiTSwECi3vrZuFyz5cMASTnOe3GeD6LW1N1XPWXNs9ItNtWdrXbtvZ3v2Ma9ONKDag5SleLbkm9GlZNKy2surV7XWp+ot54807xBpUtpaWl9EwVGUXCbFgAcMBwQSXHIBOOgyOlc1BOgvSituYxBmOC5bIxxjoB0PfPQjGaxkuHVMx20sYk2I24BdxVR82cDKAAA8jPr3rV0qCW41CaVCp2pGmVBwq4Ge455xj+L8KU/dcpzaTte+revVt+vpa7SVrhSlJxjBXT5emq23ve3ePVJvTXQ7HcPs0JjAVgAzR7c5wM4JIxt4JI5BGO/TNu1a7niB2JlH2jbkuM4ZSDg7QOgOPzGa661sgY1jCgyqGLb8Alduc8DgdOF7fgRn3lntuofLjAJjYkLzg54zkcDAUsR90kjk5B4PrUedx5rpLfb3rJNaLrtrfpo01bvjQaje722a1W177eenp8uVS1i82VQxCKpUcAA46ovXgfxDAOAeCSCyCwZ3TygQjoAcqNoG8BjjIHUevJII6mt62sJQfJCGR/N3sSQx2kEnOQMcccZx0xzV+SzkimIUAoMDgHAGQxPT+JtwOdpOTgZyxmeNgk1GLbtdu7s2/O1la/bTsaQotu7V9tk730V3vduzsmtdW7aIxY7YwBYo8ABwof7oIYZLHgjPJJ46DGehWNbaUmWAlwA5ZmyxOQO5PfPXjgtjjGD0EoxKEWOMoOQQSMsASBlgOgxnIGDjBPfOtlc+d5o5ebyxJuJ6hsgZ+93APvn6c8cQkm5N39e3JtqrXf9dt407WSSTavpZp2tfXTfWyV+l9zhygDSWkwZFe4Dh5MYDF1YcZPDAbgxAO4c5xkv1aMxNEUCMsR2qxUANnJPGOcjJPpx34rUvII3ubgxKXniliI3A42Ljk8bgQBjPZTjPJziaxJcvOFcl441UuVBC4K5HqRj3/TqdY1o80VHWyWtk277p22UXq2la62a2ynS5Kbbu0pX0stYyvZbuy69+nRGbfSAaVdzSbI98O0HO7byucLtzzxhlYd/QiobW2todORHjLDyFPmYAwHUkgA8gEgHHJ4+lZWq3SSWEkSsN0pREjjJkcBXUszKnzBTxk+ud20810Igj/s+MSNhY4WPmgkKSBgKQc5I5wD68g4w27qOKXKpRu0t3Z/D0f2btbW06LrwOF209Vyqzu05WttfVWtvola3r0nwC0Uap4/tdMt4pSJrmHacfMyNMobJ5O1QQSAQpH41/ZN+zl4at7T4W6xaQlUXSvAepwoMYCs+jXDMOCNpzjsOOu0c1/KZ+xFotrrXxJSTZ5klvKq72XIRQ42hT1JLdhyASflwCP6xPhrrB8NfDfxt5KBQngnWJW4GSf7JuV4DZ4GRjB9uMnb/LnjNjVW4hyHDV5yjQpYulKo46p1JSio+6nZ2dkrLVW33PuciozWTYmVJJSmu3+F2b31tJX1T89W/wCBnUNStNE+M3jXVryWWUW3jfxCkiQ853ancgEYHUd+5zxzxXoOofFbStO8Tabq0xvRYWtrFCbUModopCdzCQZIYLk7QV2k9M4FfLvjf4gT2PxB8albSCeK78bauZPOVSw36tchmHAzyeASOP187+JvxF1G08Sy21nb2rxGxgeQlAcFlBATK9uTk88cA4O3+n48OrNstwSrN8rwVOm+WVmoyo01dO2mmrtay+bPyGecLAYzEunH3o15XbjdNqp13TT0Wn+dv2G+Hv7QH7P+j6rZfa9H1DVNGvLgPr9nfKkhaJwC6xSv8ww/zMDhSPlI6ivRviJ+1b8EdLjuNC+GulXcWj6q1mmoW1/bwNb2YEhMskIIz8oGASDkAYB5x+Cmh/EO/a0nkms7ffav5pOQC2SMAfNzkghuBkZJB79nZfFeB7G4F5ottLNIwXerKDGu3A4yOg5J6YU59B8hU8FsrxGNoYmdfMJOhKMoxWKfInFxs+Xfdrm7uz6u/tUfEHFRoSo+yoR507tUkrp8t3rdtvqnou3VfpJc/Hv4W2V3rEWo6NpN+V1n7dpstyBLm3khRQx+Ujzg2SEHAAAIPJr5V+OPinw/4lutMutFvLW5ia2lku0iiWL7MXd3SFWABk2LhQ5zwMcV8pT+Lre5SbNltkeUkEDIxuJHr0wP4cYzwCCawW1y4nKxoyqpY7lU8/QEsew/TBPJz+kZNwZhsrxEcTSrYhzUbJVKrkrWivh2W3S2urPk8z4hrY5SpTpUYpy5nKEEpKzT1sr2sm22tErXV0fpF8AnX/hXCNkjfc3hUgc7QpzyR1IHqc5yMHBr1yK5KDSyA2G8wfM+AynIO0gZ9TjkZwD7eG/AedR8L4AWKvuunQg88KOPlHXgnPoTuySa9oZwkOjMMfcJ+bryp64znPbg54zgBTXTUjy4ivGTlpUknLq7W00tZdHdXab0PoMK5vCYWzuvZxb1bT+Dun066Wu9+nWaRLElxpkkbkyHUAo5xs3SYOTn2+YqdwwQehr6p+Fv7NWnftQeJLrStf8AGcPgTTtDieD7UkJnu71mO4i3RvvBV+aRyQQOecGvjvTlZWtZss2Lt3UAkKGGSDwQcA56AsOp9v2O/wCCb/xU/Z58Bap8QrL4uS23/CSalBDdeF7rV2zp8CpFm5hDjeFldMqTtJwcYI4r8Y8a89z/AId4Ox2P4Yr/AFTN+ejToYiMFVlRjVq041JckozT/dt3lyy35rJn1HDmEwWNx6p5jR+sYaMHUlQ5rOpaFko+9DW71Sad9Fqeen/gkL+z7ayTf2j8V/EWsW5jzNNFYxJErsAHYSKTg7s4ydwyCRX5tftI/wDBOPwXYpr6fAq/8Ua5eaBL52vSX8G6zsbMEqk8jLulCu6jadpAJx24/fn4mftAfDy2m1mfwnqFhFo0oe4tLdJhIW2HdK2CAzoWHyKc4GAVFfg58QP2urvTvFPxguo/FuqaFaeI7N7axg08oFme3kZFjmUNxG4C4bPocA7a/C/Bjirxc4kzOticwz3McXDCU6UnhsRGEcPU9pUjFp040YtNQcprXW3kfT8WZRwfl+EhTWXYWh9YbXPGLjOm1FNLnlUlyvm93VvfXc/Lq4/Z28cwXsNvpcNlqbW7Sea8coV/OhJLRxxSEOzhgVxtyTkjqCePsNPuLLWrnT9XhazvPPEd1BImGiaGbYyuASwbAPHOTyN3BPu/wl+I8utfEPw/oep6hJNPrfiJrmLUvPZ54xI7SbWUkAAPgsuR045PHG+PnNt8T/FbOv2tovEN4nmOVzNiVhwByM9ccHPbgk/6J8F4nHfWqKxyg6kfYTU402otucYtTV3a9tF1trpqv5o4gpYaWHqPBpqK9pG3Mp2VrxurX1S0umnfyP7Ef2PPgZe2fhTwf8QdL1WPwfd3fwk0HT/Di6fZwuNakurGJJmlPy4ZzJyed55O0YFekftG/B7wHpPhS70Txv4ZudL1O08A+ItRl1qwKTLrmtz6fcSwnU442Magkl9hIK/MNo61yP7F+s2l18BPAU/i648Rf2jY+HvDkfhuytZ2QRWZihY7Y4SGeJcYDYJx/ezmvbvihr+k6b4L+Jb+IIW1CLxFoniGPR59WvGuZ7KVNKulCRQnLxyLkYVQFGBkkYz/AF1HGZpPGQnUqTq0Y4WCVGnR9nJU5UoJRU+ZOSSbundJ3bsk2fxBLLsseJdCNJUqs82dadTE1vbU5TeKvPno+66bnK3JaSekW7vU/ki/ZEihh+PHga7s7aNrjTfihYwQySxq8cPmagYYSyj7qqWDYB5UYJ44/r8+JXwQ1Tx78U/C/wAJ/HHxj0rR9Y8R2E2tWdrpehW/nNp0tuv+gx3mFZZvLb5izBjtJ5INfyJ/soNJYfF9bmNkd7P4k6TPGCmSAuuRnIIVsDadpYHjKjJzx/bX8VLL4c/E7xT8NNZ1HVX8L+LtC0pAdb0x2tbwB7WPCNsCtMhyy8kgZx7D/Ff6eOPw2D4r4exFd+ylSyzNI4WvHDRxE6NX20ZQkouM7uLSTtHmSleLuf6ieDlHGU8nqfVqs6MayTlKCbXPDDx5G1d80b6Na9rbs+OdP/4I0fD7wPq2q6j4S+KXi2eHV5pdR1VEhjYNfy7nYt85wu8kdc46Y5z8o/G3/gnv418C6fr3iPSfFep6z5EF1Pp+manGY7S9ito5HcySRFnjkwAcHCsAcE8Gv3w0S50uy0W2srT4g3TsluI2uJIxLLM6rjLs7AsxyDznGecYJPj3xL8GTeIfC3iE/wDCa3kqG0n8pI4YtpEuRJtYMNu6NmBOABk59T/ndkP0ivGbJ85wMqXFmZVMsp4im54XE+yrUHhoVIRtGk6UZwhyRcWk+ZJ2vc+ujkeGrTr06+Gp1qtSTUqrw9Sm1J2alzKyV3Z6WS62uj+QiSe11LQNYEuv6ZonifR4r43ul2y4kBt3ZFUSvhgxZWzjnc2Of4vnVvEGrsy7L+edGRvNCqCHYnndkZIHr14x1+UfoP8AtcfswRfDXT9c8e+Gbuee01fWhDdQSQqs4kd2adi6niFn5IIw5Jx1r897ZZYTcpKFjkCqqRBQxYnByqrnAyeAfQ9PvH/W3wp8SZcc8P0s5hjOducac03yypVI06TmmnZ/Fe1+mnk/yviPKZ4DE/VnRkrx+zd3TcbLRtJ6X3u+uhveGdSvj/a9xJHAEji8hgRtYCcYOR90ZJA/+JyRX9fP/BIHS/Dejfs5+HU0ddC0jxDr+oalb6w1wyGbUbYANCWU5J8ss23gZyV4C8/yD6dDt8Pa87DYz+U24xFXcxtlgpOfuDGSo65JyTkf1h/8EqJ/D1v8B/h59o0yOXVY31G7W+uphGggdE2uGJwWX5iincc8nGef03Ps+lS4axdepPm/f0qLm5PRTlG+uttbbLbR2K4cyWeJxtKglUUnRlVgleUrxSbtHd2Su9Ldbrd/vTokSQ2C226yluYEa3ElsyxeWqlsIuxQF6cBduRwQCTn+PL/AIOGYtBtvi94VmtREuof8I6RdssoDmVVyvmYyxy3Clh8w6HJ5/rG03xDb2MEsjLZLazKzGYTgSEjJAAPORntjPBByAR/F3/wXt8SaXrfx/8A9XLbpa6HDHFIkjyGV3BBkclisa5O4KRkgntXx3C+b4fEZtlmFptXm5zk1K3NHkVtk921u7aa7WPsf9XMbHBZ7jJ06s6OGwTcpTjKMV79KKTvHdNWTve631Pwt8MaxcXou7c7BFwzlwHDYJwAxzkHA9iCeeTipILOZry4mW2iJmMZUwjcwjJOc4zgcdu4xjGF87j1fUdPVDZTFYo9sbShfvc5ZemTjIPGOep7Vyus6zqkryDzpgjMzEKNoYEE8YyenIwW5yCMHn9ujQampJx0itO9rPpv1jrps7o/E61SXK4y5vddmtb2urbNrTVPTVJPW6O71rxjdzWc8VzO0j26y29l8oUR26A7ApAGAAvIz0Ge2Df+EGu30l5eXMsyQyx3umqJejEidWQkcfdIH8RzjAxyK8GvNQvZU8vMmJEYvhtxAAAJxg4znHIyDg9K6v4YvdvqEkcO8mTUrAspXgL5ynCof7xJI447HOBXWqEZL2doL2kHd6J3snfZtvotNdtOrwdecK9KcuaTi1bTR2ScW7pXa0Wt+iutj9j4v22Pj18Q/CesfD/X/GF1J4V0y4t9LjsbRVjJtraBYbcCTO/ACqDgncODkAiuegt3m0yCUly7BpHaRsZ77jkHJxktnkHk9MV4j8LdNDw+JxPEUmk1FViJiJY5jzx1J56HAP14Ne1Ye206O2Ysrxko7FmVmJAI+UHDA56HgZyVGTu+ew2Fw2Dq14UoRg5u8uRKPPJtN81tn5vo9Ers+mxGLr4pr285zSi1BO9or3dEntddfnqeL/FhZXGkRhV2tq1oMbRgglM9s7RjJ/IcHn93f+CEJmT4xfGcqQFbw1aIwBKllE6glenGcE+h4HoPwW+JkzLdaDAVkLHU7Zgc/MdhUkjg4Cntkntzgg/u7/wQhmlHxg+N+Y5ESDw9aZL5HyvKp5OeASRjOARwFK9fynxsk5cE5xR0blCiktF/y+ot3dlte1110720yNWzCc3dWUmnovest7W6bv5eZ/T7N4Z8P3WtReJJtHtJdZigWGHUZ0Vp1jXjCPkkYPpjOPz/ABB/4LmQLP8AAnwLKrJ5lt45jy/BZi1tISDjPAHAxgZPPcj9xf7ShWBVLRq2CMlhnOMDO7OMHGAMHIH90V+DX/BbTXLWb4H+HLSMxyMvjGB2EbqTkW7DBweDhSDwTx25B/ifw/pU8N4g8K+ySjOeZUXO27T1l5r3buSta/fdfb1a8qmCxUZOUkqEnGT6Xjtu7WT8tN9Nv5M/F0DzSXLYVcSFOnOBGOVABIA/DIGD1IryC30phqcKLKzxuyMTGhJ5O5vugkd89OvHavsb4VeBbP4o/Ffwd4JvtTtdGsNf8TWNlf6ldY8u1tJ5UWUtvGB+6JAJwu45wMkV+uP7dP7CX7LvwQ8F2/ifwd4q05NZGlWdlotrpOorf3WvaviJLlbqzjZzbCSTdtKjPU4AzX9u8V+K2R8I8ScPcL47D46vjM9pudCphKCrUsPCM4U/aYhKSlGDlPVwTtFOUrLf5fLeGsbmmFq4ylOCjSdRKEub3lCCnJXS5VzKyitOZ2itWfFv7OFtfy+AvEsdg8k02oaJqdl5AbEjwxWEoyQpLBcDBAJwScEivzk+F/2zSpfiLeLDapcn7bpKuwXdDJJcsuwDOcg7gSeQfbIP318F/GkHw0+KfhDw1qlleabpep6fLBqVveI8ZT+1Ld7VJNpCsVZpV6jqRnGFr4w8c+E7nwJ8RPiX4YutP1HT/wDipL/U4TOrILixlmaWzuACFPk3CSKyED5gu7vkfrWY55h8VlGFr4Rc03h1Si4yTTk1G0lbmunr21vqnt8hXwWJwtebqbQrttXacZN2tqm92tX9+7WL4Tjg8N6vBrFxdPNqNs6KzLH+8hcuGWRWwDlAMq38Q7E19KwftDrozah9rujqdzdNHJ/aU05W6VlG1YicE7F43DBBAwehr4xn8R3Qma3UFJplPycN+7UMFIYgEZAIyAcenTOPHIby2db2JoAkrf6Y4ySOQi7Sx6gnHHUj1IHwssHisdGHt600ou8Y027Xut3dWVkt9b7Wuy6GNxFKM4UfcU3717yu9Gr+7J7bK68mtn9k3/7RWozPbyXulaTr2n2jKyNLBDiKV2ZmPm43MU4XnIJIHGTXn/xL+Kvgz4iJBdDwNaaX4itpI7e3udKx5LIeFlngQhA7OQzvwTwRzxWJ8E/gR8VvjNe/8I18NPh94n8YXE8js8sNldwaep3YDSXc6Ja7V4YESYbAA55r9u/2Wv8AghN4v8TGw1/42eLbHwfE+bm48L6K63mrTRggmC9kkkSK1JUlC6uwU8jOBXfh6X9nU254qrTgpK9N1G3LZ/BdqSbvq0vXv6mCy/N8yfLTpe5KMU5zSilFWsk2k5LS6aTta3Vn4n+HtA+InhTWdEv1tbiRvENtiyJsJnsbiKXAKpOUMUs6jCkIzMOwwcH9TP2S/wBir9q/4ta/F4x8A+DbrwpaXlvJo2r6zqWntp+ki2nIQ3BNyqTTyTxsxBVQq4GCSef6CNU0D/gn3+yv4F0nQfHFt4e1HUvh5bLbeGtN1X7H4gvVuSF86Z4mMgFxM4DM0jfu8LgDbmviD42f8FjG0qHU/C/wzs9N8I+F/sBjsH0u1tptVCKmIpYYoUWO1Z/l2IH3IDu7czXxlCu4Ro4epjJzhy3gudRk9FeSSVlu3zOzt8/qsHkFPL1z4nFRoqEou1aVoJKMeZqCk6klf4dI7PTS57F8P/8Agmf+zR+yRax+P/2k/H1n4wvo7kanc6Q89sun2l9cATTRLEjtcXio3ASSMBgQMjO6uR+OX/BWj4VfDSLWPCHwV8J6da+HobP7PZX0iR6dHeJGvlJDHZ26bnWTaApbA29OpNfi9Y/tGfHH9qfX9Q8KeC/Cni3x54t1q5njstY16e7ubC0GWYlvOzY26gHduaRNoPHAr0T9lb9jPw5J8SdT1X9qDVL3xBquhXz2Vz8KvCcV1qt9c3pm4afUYEa0tIYmf5ljlZCvGeMVjLC86dTMKyoRhyOOHoz568lZJqTj8Ks23ZRV7XbsepQxEUoU8qw6quTdsVWgqdCLuneELWk1d2cne/zt4H8S/wBp39pX9qXxHqekwT69q2kXlxL5Pg/whBemzWFydsU32ZSNwQ5d2wMkZx29X/ZU/YE+LXxA1W+v/iD8KPFc2jWtzDHpem3gey019SeUFEvp2w1xAow02M8Z3gcY/qU+Cfwc+E3gvTI7L4T/AAr8N+B9PjhjuNU8T6xYW1lf2tvJGGltzfHd50ixlt5kYbmyuRgVx/xu/bV+GXwUgHgP4VkfFDxwjSLHbabAjaFo91ISHmurmNdjPG/LGQ+WdoBYDBrfDyag4ZfhVQpJJSnJXnOTskm0klfVtybae+pjWwkadWFbM8VUxdeNnGkpJU4Ncr5fdVlFfLRbas67wZ8OJPgZ8OtCX4ieLdH+HvhTw9oUNmnhjwxLFp1swKAtaz3KMk13IoBPm4YMSOQxKn4V/aQ/bgn1/SL/AMMfDm8Hg/4faVE8Go+L76cpe6hArFZzZzO6yPJNGGCmPflmGe1fnR+0X+1d4j1/WLrUvix4ym8X+ITI76V8O/D9039laPhj5Sai0DmGIRkBWVS+/aQ3Ukfm548+JPi34ha7aWXiC88mxds2nh6yYxadZW+0bI3hTCyOAFDuwJPXrwfSwOU0Jc1WqnOrpy/E4Qu030vJt6c0tLpfLLHcRKhanCUPhUVBcq5U0kk9bprXV7vZK6S9N+NP7Tl94o8/wF8O3udD8LXcsn9ra1JI7a34qly3mSzXLMsqW0hJcRZwwYA8kivKvDvhPxCTfPptv5zWWk/bZEiUyNCrA75HbK7nYDJfJGTkk5AriLLRk1jxZ4esLW1866uZbvT0jgOWEwbbHtQZIAVR2DbQcDqa+xtB8Px+DLvWpNV1FbYDw/Bp5it7lDNNJJJ5UsM0LHcuzLAll4OT935R9JQVPD0qfKrS9ooqKtqly31td6vVaJW1tc+BxmJxGMq1alSb5IJ8rUmoRejsr3TVmm3rqul2fAnxdkutEudGaC4YvJZZWMD/AFcs4+cbO3OQe46Ecc/NUviIWs13FdpNKCztP5h2RgkkAqOCV3c4wQSD1xXvf7Rt8sOqyyBZUe13wWmwkoyqxdH+XIBaPj73BIzg4x8Wapql5qkckhJR9yLtLlTIOnI4ye3OevrRjaKr4pzaVlGO2t/hv3e+ltraWdtPmajcE7e+9dldO1tbP0X3tLVo7hvFL2sjC31H7LDOGYRxHgFjkb+pLbe+Aeu0ZxXpXgjxW9veRN9rV5IgNxlkLBo3OGfaRgMSxI7g4OCc180SwISm9xCyriTbyGwRn5ugYg5yTjPQ4xXe/DG2l1DW54oIZJyIW8wuCypGNxR1bkE/dG3I4yRzyfEzjBUKmEqv3U4xte9+zfzva1uXfe+h2YLEShVpqKu7pWbd907u7slpta+rVj3L4j+OF0WEXFokIuriIGGLIYsjDLSMMcOc/KSAeTyOCPlq98S6hqAnnmlOWYMULtznBGM5wg74G3OV4yuPS/iXb6cl0lpie9ufsyhiG/1T/wBwBTgAE9Dzkbsc15PfaDJJbRNDLuJj+W3BAcFWAKseM5B99v5V5GV4ClSoxk4KUpK6b1dnrZXS+STv0e5eLrOpVk9Er6JK66eqva22i+Ws8fiO4ki+eRsALsQkrkA5PJxgDsOQSe3QbllrEOoiOBwIYomGJCdzYZsMpOO33sj6gElq87bStQa3lfy5I4ocKsjoxL4OMKedo653dc552rUNjNdQzjzN/lIQs4VfLj2jGBk444OcYPIyc5x6k8HTlH3OVS0s9LqyS0tZ7d7W06vTi51bS72d7KO9rarS2t9ls27a39wsFSxvdtneKwIIhZ3wQ3UknAG1dvA4GCPYHee7vriO7hmtUmMqMYpioBuETO8J2yM8nqfUnkeKy6mJZFk3SxwQnKfN99TwcnHQHkegGDgdPTNA1z7QlrabpJoCrLJKzYdUxuJjYkYKjtzksemOeGphnSlCd02pK7/7eWnW9uj7dLl0580krLldt276uOjT1VvO+1ra3OcW2eS7a0t8IzyqFjIw245BC57d9y+vADDn9X/+CfX7Cr/tHaN4517VfEyeHn0m7stD0KxuHt4Z9Y1bU28uKNPPdRsjzk7CSc84Jr5R+Gvw++Dus2GkeLvE+seKL+GXxONO1Xw7oViZL+3s0Yh7hL7coVHVSQituBBKg5Of2E8K/tXfsafBD4XXHhXwz8OfHks+j3aaz4a8Ry30tnfDWIyjGW+8lt1yLd1/dhzmP5sAdT6eayzTD5dRqZdhK+IrVJQmlGCjH2acXK05NLmaVk0pNc13ex9jwxleV4qvOebZlhcJQ9lJQc5KclVnBRg+S/wqXvNdErWufBP7Yv7N99+yl8Xrn4QpPc6jfaDp9vqOqajN5TxTfaoxJuQws6BkyFCq2SADjORX6qf8Env2Qvhl+0H4Vuvi5488Ra14cXwVfrZ2cDQmCLUUiIa6JumYeWsgwqKD8vOSFr8qv2rf2s4v2iPGOh+M7rw1HpUEGkwaVBMXeXU9TESlVu9Undd9xJgDAc9OOdrCtH4M/tT/ABa+DPhhtL8P+K77/hEtQnN5eeFo5zbWJEZYguqnLeZkBwMsw7dRX5h4jSz/ADXhOWEwEaOGzWrVpyqUMT70PZwknKlOVO7TlGynKLevNtoj6vhnMMk4d4ixTjmNWlhfYyoU8ywdKM505Wp81enSmnq7O0WmtdHsz6u/4Ku/s4/Cz4D/ABt0/wASfDvxvbeIdM+JSC7TRWuBJqmjXEKqLjzDGxE0EgHyyE4Y56cCvyhvpNH0+6kkhaOSOV9ku9j5u/AGMnOFLdAMAnGMHNfW+qfE3wj8eW1zxj8ZZbqPXdEs2tvAsunuywWcjuyxW90pOXi3OozgkYJIG6vDvir+zl8U/hZo+g+NvE/he9j8IeLYY7/Q9fjRruxvYrxt0WZId4gPOf3oQlgcA8V43B2Kq4TKcBlWfYyjRzNRVOFFSdOnUaacYYZzlzVOWDUUtZWjr2PC41wCzfGYvNMgdfH4CnarXxlSn+/vePPiMTCGlKVSabaTSWjVtUef2N1Z+dFfadII7yENIiLGH8sqNysc9CCOM8Z6Ejg39K8Z6/4k+IXgqz8WeIGsNL/tew0q41GeMSppen3dwsEs3lMWBWOMlsnnAJ3A4rAisGs7NnjQB4gwyjgPM8wyoAPUDdz69eeTXqPwj+AXxF+Nvifw34S8A6GNb8Ya3fx22m6RvBurmVn4LBmBEcZILN6DIHBr7+jUpYWnJzqSjFqzfNa7bSV0++lknrppsfBZbSxU8VTpQ5pybVo3tH7Kbs2kkkubezXazb+m/jz4b0n4W+LLvwH4B1G08T+HYYbfUrHxRFE8DXk97axXDpM2Ag/eyMqoCwUZyNx4+hvg7DdJ4W8ONLBbW0svhG4muktgOZPtspMrY4MpA++eo6ZwM+W/tQ/s1/HX9lu30jwb8d7eG21nVNMXWtCisJEusRxQiHyp5FJmDwMix7HAORgAgjG5+zrrWo6hoWkyXEwm8nwzdWsiugUqVuJW8tucF8fMQDuwOe9GHnGpSdpN1FLl5ndSvzLSSdvVrrffU/TsjjWhmM1Oa9mqWkYTvDVwXu2ly2WzSVtN27W/L79sWOC/+M2orDFJuFiucjLMVXDFg3cgcH6ZyBXyPqOkalDos+tpp8zaTYuIZ71lUQRzOCVTcu4jJ5J5JzyfX6l/a08QXa/HLWAIlRIUhRi6qC8ZCkhsg+u3POf73PHhHiz4nazceFNV8Iw6dplvpGoCCS5MUStIzQlWTyyACrOyjcw6ggYNfqWXxk8HhorV8kee6slaMOlr2W1trPofAZ3UvmeNdlriJXdrdYpu1m1fRaLS99FoeQQXaXEMUjGNUDgyRqMtg8cEHr/ECO5wMnBr9sP2KIEl+DnhuJVYxzapfsu0AbWy+AG7nIznuc8DBr8YdDGlvZRW11ahZHu0Mk6H7iYyVJPzALhhwfmKg5JCkful+w5aWb/Czw9FERJax6pqCxr905ydpYgZ5yCCOoPGMmuHiuKjl8ZJremru61TSs2uisl37Ho8LuTxz63hbXW1pJpapbPR33bsm936j8SLNl8M+LcL/qtIlUAnJKkfqSowSSozn7or5x1cNL8IL+Iqdn/CMF3fhSu0YB4yTjOSfrlelfUfxdjls9F8YwImc6VKTz0AU4wepx+oHvk/KviG5ez+C2qSxjEx8LEHocgggDt/D12njJzk9PAyS8sPFptXqXabum0lZvtdWvZ9z1M+vCtOMtX7Kfmk1o03u729NND87V0u2jt1uvtE8nmREOkII8tQWXJIAbK54JHY57isx9O0UL5s81wAWKuAjFUUng8A8IMnkY65/vChp+uXBjWJTl3QK0O/aI8thWIb7o24JwCMAnap6XrjxPZaVZXEd8Io3ihd8FQzSEg4Ubuns3zZwQK+9o4vFU4xnGXKkklpomlGzvq+j77vRu1vx29OeJlF0PeU7qUY/a91J+Wi87eZlT6D8P7pbjOqRRN5Z8xixLKy8524IO3nJ3ZGOMjkQWlp4BdQE8S28ZjjEZyr7gqjazFuMjoRkjqeBzjxj/hLLK8M7wJDbo7SF1ZA4eIydVc8FsHH8RUHPWnS65o0C5hgsnSUBc5BbB5fI29QOc+uD96tlmuIlUi5qMt1KSilr7tpLRere2t10v018DQcF7VT5U9UrLXmjd2aTa79H0tseuHTvAkkodfF1m6r03odxI64OMfiTnHCnjcILi08Ai805IfE8BUSEXDeYxJYsDsHYb9pBJz3I9B4h/a2hbnKPb8xlyrxgBmAJyTnIK56k5AJbGASJPENvbromnX9taoJ7iYyZiTKOoOep7jJ2np6nNTLMqr0mouzTurNaOLve129Nd+osNl2EsuSm1LVNp83Zaa310V7J69rn1xFJ4SKmCDWoBtQFIopA42qn3lBHJOcY2gg9eOD4p8Q4PhfqN5HBqXiaSwu4VUiNFZuVLZJUcY9vvdTknJrwe01AmNZ5r65hnVnDJE5BZAAAQMZ4AK4+XpjBzXB6vZSXWpNdfaZ5xIgOH3NI3zEEbjllyOuOuV4IwpyqZrVVoSjCcJP7TTfKrO+l2nuntb1ud1DJqUJxqKLdujs2tLrvZtpb9X3PYru1+Eokni/4SuZRlWDbCGPTBYZAHC/lwD1J2LDRPhdPFk+LVXARgZIwWwmDjOQdw6c4JxyvFfMGo6WpvmAiMKGPd80fJY9QT1BIAJz34PQ47DTfDok0yKRiBIso37h1HYEsQMYySMgdecYAVLE+1bShFaaO/Nf3ls9NEnbfe/mysZTjTXvOV7JL4d1ZrpfS7V7Jdb3en1BFYeAZrWRLfxnGsCoq4k2bSBgngnB+7zxjnknGBg3uh+Bo3jkh8c2gdgMZVeDyckg4xnII/wJrxPTtB82Yxqf+WbFo1HG7JxkEnnBB4IznsRiuY1nSri2JhRScDezDhlw2crg8N6DkAk/dXNdrrzjS0j05m7pu94r3bJtJ9lo997s5aFKnNJxvdu720dovTTs36dT3+98MeCn8xh46sHdYWYq6DBPUjcf144696xYPCnhLash8daXGc4j3bQSB2OBwR0y2OnYZ2/NqpcCSYFmmYxuh8xycADg+ikYbPBHGMHOBz0skqMoYkkZGApPTsOVwccHjHTHaud5pZJOldW3tq7OKa5vJx8tbJtXOypgoSg0pSi3bVLVaxvdu21rra/mj62i8K+FZ3cSeONIVQPvMyZODnO09exHzA/SnS+EvCkS2jJ430iUYdcI4wDyNrZAJ5OQF6dyK+Qi8iNvDnlSSoYgZO4DcFOCe5yCeCegAqzDdTfYwm7YkU5bzOjDjnA6jBJOTuJHJBpvMkqbiqcdWr6q7vy6Wb6rfp32RlDLLxd6knLo2nb7L+6yv26+v1Z/YHh2N2UeMtOwGPyu4HQAHHPTGQc9TzwcCgeG9COW/wCEu0jOCASyEDccDd0A4YHoO3UjFfJbG5VzIzFh1JkLMSNwAxycAjPAwASF9SIvMnLAgsFLKXIYjJDDtkdcevI5wCOLeZx9lTTpWavdvXfl1d/mnZt666JoIZarOMqknrrorJNJOz2S1va++vY+vz4N0Ca4GfGWh7khBcSuoJX72ATgA9CCSuScjJBFObwZpSwr5fi3RHDAEYmQ456c+vByCfx4I+Qru5lkunUyMCURSy78fIOOd2fT2OWznAyJNMm0CVzn5cFjxjIBwW4z94DPHHI5qP7RipQl7Na2Wn/bt9E/1du2qFWy1OnywnKOzbsraJJO13rZaXuurbuz7Dh8E2EgTd4y0UBSU8szKx6AYKk4x1wCBn14pkfg7TVwo8XaIixO4CmVQMf3iD6cdMY4HBPHyTbXE6TRnzGwZgQpY843Egnd93AAHqB3HNXru7leWVo2YDaDtBOCcnJBBwVOMBiAR9TRUzWXPzwpR7Rv0+HRNpdt11aXkVDLocsFKcrxir2td25emrtppbyXr9bN4L0dmiz4t8PkMpyWlAIJ9Wz1Hbec89KkfwVpUCxoni/QSJSxIinUbT/CWPzZBB79m6Ejj5Aa4kCD5zwCxALAhvfnGGGOMjoeDmpY9QYFW+YhTyGZjkc524+Xk45xyB1olmlX3VypPRyTS2fLfZa7e8/JMxq5TRrS1bSdrNrV/AtbPotdLu3qfZI8J6Z5kMX/AAk+gMIl2t5k/wB/IPzA5GAOud3HQgg5Ekng+xIjRfFvhsqzY2faVyAOc/e46sB/D16oa+R3mldrd0lYl4yp3FlQAjOAeCRz1HIPbJqGaUxuvzOShO4hiwOOSQSSMkHvnleMDNNZxUvJunrundq9uVtuydtEt7LV3a6aTymhyKneTjG1rW10jay81f5an2pp/g+yRrjy/FegSlIcbBcKxVSMkgZPI9B3GBxjLl8KWglhjh8UaJK2MnbdRAr67nzgHqCD0x3zz8teBbeXUPEUVrHI6NJDI6KQxMoIz0LEk7SxXqBkgEniq2u6df6Lq15assiEs0iklgwUtkhjnK9zjHJzweAeOrxHOlNU3BSk0pOzvJK610W9tWt+ve/pYbhSOIwrrxlyx5uW+l+ZcrTdpaW6N9fK59eHwhbs0ZfxHoO7ecsbtN3HqQ3OM8HGBxxyadL4JtZ1VJPE+hwxLKSzNeIwb/bALgYznJxg5xgADHyHYD7VGTNNKShADI7dSTnkNjt649M5rUmskli+WSRTGpABeQ7mHI+bnaf6MQeMmuKXGFSFRR9mr3tZyV5bOzdtO7Xl8j2MPwLOdBShVVpWlonr8OievZ9+jufTqeB4YrgrbeI9CmM52iRriIZ55YfNgDBLEdMgHIBNbdn8PpRcRRrrHh+ZiGBxdxjDEbtx+YZ25J4/Ejt8fRtMpRY1kJViobzGHRQR/H1XjA/iI4wSK/RX/gnZ8Of2d/iL8brCD9q3XtY8N/B3TdMvbjXtU0h5jd/bCh+xwMysDHG5BDsCcdjzUY/j2jgcLPF1sPKUKKU5Ri7uXwpRilH4m3ZbJ9WjOlwHi69Z4eNZ8037t4pJJKN0nd79O/zsefSeAr5LaTztR0N0QP5YN7GyIFwTjD546ZyMkHd2FZq+EphAHOpaIrKv7gJeKFySfl4bO4jI4wAO/c/rl/wU0+BX/BM34Sfs7+EvFf7HXj3VfFvjrxP4llgNpc6rcXs9jo6J+8bULedh5O7ny2jy27oBivzR/ZX+AuhfF74X/tQeKdbk1D7Z8J/ANv4m8PNbyMIFuzJJ5qylpCWDKoC8k4HA6CuXD+JWBx2BWPjhKlCkqkaL9pL3ud1Iw0srW5mrSukreSKfh9i4V4YVV26qg5zi4uMkrX5bP3tUuZO65r9rW8sm0SURbn1LSGeIEuPtsfyP90Hl8L06gEfL0B+Y1f7DuJDHPJqejqSDsC30XJ6DcCcZOeOvHBwBivmR7m7kER2MiyqpkXzHGSTzyGwSckZwRj73OMy6dpupa3qNhpemxT315ezi3srW2LmWWVjhY0UOPmLEKByWI9AK918XYf2aqypKyjF80pWjFWj7zuk9N7t/5nDPhTEKSpKo+ZOMUnBu8rpK+zdnbyu7n1bp3hOWCNZhqui/aZ1PnIdRhUqpOV/5aZGeeMcnPTIxYbRNRinMVtPpPzYDCPUYcMuMkn5+e4A3HvjkZr5b8V+BfG/gfWbaw8XaLq3hvULiMTQ2uoJcxPcWm8r9ogDYDI3QlcrwDk8Abtj4Q1m4hfUbeK8e3gCCQpcyEguvHylycsCNo9D/ALVcEuM6EV7eDpzpVmlTtUi0/hWj21d7pdrXeiO7DcGY7EVeWCfPR5eZOGyVrvVK3d2V76Xtqe1614d1mZIYhHp05e5Rgz38EjrjHK5faAMnAVsjPI7Vup4U1ZlwDZiJIx92+i2pgEMSocE4789c++fliXTL9p51F1dwtCcrmWQlGVicE7y3ReRgZHA/iz0fhLSdSv8AXEtJr/U5Ifs0sksKXE2c7SQAASOozyfujPtWsOK6dTl5oJOWuko76fErdr663trbU5M04OxipOpVV6dO93GLSWsU02mtb39FZ+R7PqPgq6uJ5GMttKFhG7ZeQuQcc7QzEE4H8R+9zjdUUXw/1FrWIYjePLkLPcRhcZzldr/ePIHOAMgYyKuWHwE8d6r8OPG3xG0W21X+x/BHkvrGoXU0q2nlXDjy4YJMtmYKw3q5A4ztDECvly48ReJoZGthq98kAAKhLp9qqRu+TknK+nfHToR6NLPYyT5aatJ35k3feN00na9u97t3fZeFRyjkpulGqo2TjJOLupNR6trsnro7vXc+o7b4f3K2yPNHZu2WXy/tCDt97k54b5jjn36Cubb4Z3glaVms2WdnCKblDgseA3LdAT9ck8187/8ACRa7IrL/AGxqRTYzB2uZcK4yDwPUn1PHoOKxhr2uMyj+1dQ2BSdxupSASTkKemSehGQONwxWzzSLfM6Xu2VrWstI6X9E+u+vkZf2JOKilXSkrXagrNuy3b10W2tvM+nrn4VX6ozLJp24Y2ubiNmx6EBj833T8wGR83GaqN8NdR3K4m01mCgjbLHgOByW+cAAnkAEgAg4wc18yT+INeH7r+2dRkxh8i7mAGAM5GfugEDnjdnueaj+IdaeVD/bGoqXyVRbmQfcJyCWY/ePsMYOMnAM083gtFR16LTb3WrvmslH79rt7O45BVnPmWIsuqa63ik73W3V/erH0yfh5fC4likj0+SRvmeYTRAquRyMMAApP8O7g8ZGRUyfCy7nuiXisVVY9w/fJtbaAx5DcEg4xjPUjBBFfJ8mu+IpZTIus6jExdQwW7l+5ngZ3YOTjPXPGQB8xF8QeJEldZNd1aMZ25F3KQGJxjqcA5GOMHucdZ/tezV6ezW9uXTVbvta/ordLksjqSkovEOVra8j6Wa3bXTW+nk7o+qLj4cXUSC4htLFnjfyxELhMuuSQRz0yB78cYORVGHwFqcsZkbTbX7zKIzOjYJOdync2T3OM5xjFfMx8SeI0QA61qzMX+691KnB75yD3yp9c9RzT31/xLaxu39v6mrhwTGLmTBDc4PXOOOeD0x0wrhmsXNy9m7WvdcqV7Rs73vey1Wt9bJGLyWsmr4lLrZRvd3Wr0S76a7dLn0kPh1qMav5ljAzKxKxLINw3cgnaSoOMdQuSORis25+HGtRRmT7GYlYhUEJi3Opb5hn+8hbGAwGQc47eBJ4u8UEMP8AhItVQnDFWuX+6cE4PAAHfkZA7HinJ4t8V+V5ja9qsgWQAN9ocgZYDj5tuepxwcd+pq1mdJv+ElJvbte0VezvZtrRO3R7oUcmm58zxDSVmrR6e7azu2/k1tbZH0zovwvvZrCRjaSLdNMF8iZyMxgD5l9WPGcgk/N7AXbj4Qa6k4gtdNQ+equrBywXHzEHJxjjIBwBkAgA4HknhHXPGGo2935PiG8VoXTLvcMWYsDgID3HzKVAO5Tye7bWreLPG+kC2uP+EjvmZztKC5YBR03M3HBIztztI6DrXZCtF3qOklHTVK1tVpdvd+9tpez3vbz61GMMSqP1j30+2tny2V5aJr1011Z01v8ACTxVDdB5LRlcvIImhAwXH3gecoAQD0PP0xTz8LfFPmnzbG5d9xQvKnBJJPycEeoJJ5B4znFcs3xD8UaZaWOq3Ovahm5lkiX59yAMCN2WIzz1yM5PHG0HTX4tat5DxP4wmDsxJYwckMAQueG6k/d/ujI5rycTm9HDTdJ0ZSeklbma5nbezW9np6bo+hwWSSxdFVPrUVZ8rVmrtct9dFfRrRarvds07j4beJVzbmxnyU5QIMkKRyCO2M9M8c9MgaNn8MnME8N1cSRTqiEwvGxIY7QcDGOSSo+8QSNwHyisG1+ImrXcLbfGc3mEDc0iqCAp/vErjHTjGFBHpU9vqfi7Xm1VNK8QSXM1nAlzJdiTarKATtTkkNgfxYzwCc4NZw4iwaWtKSlo25Xaiml3d9ZWS1aaT7s6pcJV1HnjXc1P4bXcVdarRb76PTpbRs2ofhhfCeOKKdsoNwZUORk5w+QDnPHfGMk55rbHwzuI5o5ZLqXJUhmCNwwwApBC/Tjkc446+b20Xxk1JbmbR4fEOoeRam5upbC3muUt7eMlXmleJGCR/K2ScZz17Dko/G3xCkkaKTWtY3Rgl1G4uroSrLtHzbgQdw25BPAGVBmHEeDnTlGPLeMldc10muWyavo+uq6aeWEeGK9N/vKk2nZxTjKztaN1td2euj7HsGq/C7UZAgAmnMjE+aYgRFgZwcsOGJGDjHU4PAZ8XwxkjQK1pFIDGrSSSMqMjgYAYcYx0I5A7ntXhs3j/wAagTQTeI9UhfePnkZlCYBx15BwCDkFsjHqKyV8ceK5WZDr2olW4kczbge5OT9Omc5JIyOmtPNacoKVOPNdq0k72St1e6S11089yZ5NKnGVP27i9+Vptp6J6Xbvo9+rR70PhXemOXNlDKrMzFkm5jDHrjOTkYIx8w46Vn/8K91KN5Im0yaS3TKK0L5LfKUXIB6DB7cnGMk4HkFv4v8AFipITrV+ilwCxuJHJUYyNgIGAB2x/FxzgXLPxd4omulthr+oJG5z5nmsqqdp5IAI7AcdRgjitIZnTfuuFnZ9k972dnqr3b6aWslc46eUVaau8TK+rs0nomlqnukt9FrbW1reo/8ACsriQRnybpCwOCYxuUsc43A8Ac4HXsDyM3bf4X6hcTLG0t5FAmQJXTKjAGMAEnrjIP3iOMgHPjUvivxZb3fl/wBvak6Ru20mZymFPDZwwYrj5RgknHQ8Vei8Z+LS6eV4i1L5yB8srBQcscZwBjOflwOffilTzKlyv93qpK9m9UrW6rRddVa3S4llU1U5o4iVnGKaSendK/XtZdlpoz13UvhJdzpYwfbi/wBmM7EyREMQTwSSOcj+Hjj2UYxz8HtRgjlljbfITkgxuAMYIIyBgHnHPoARyDf1I+MbTSfDOpDWtRkbV7e6lZxLvZDC6gAEngHcSTkYwTntWfF4g8WMkqnWr+QopRgTkEfXhfl64PQ/LjOTWyrRxEHV+FOTvdO6kmlbR3+aumtdLGOISoSjSnWtLRx+Ky1V5NN62+Jb6dE0hY/g/rEcTSwl5GlTe8UcbFsgkkcBgeowxyMnjHQVoPgn4hkklM1he26thg7wMVIYZzkL0Ixhjg4OcYxn2j4f6v4nbQPEU8l9cymGGAW0jASSRucE/wC6GJxxknhgTjnbt/E3i/ymWTU7vlYxJmNWCggnheTjGflAAwD1AGPKrZzhaFadDEPWNuW2z92LvrJNrfbR9lc9GGV4irRhXo1OdNK27j9m9ndOPS6u/wA2/CoPgl4ijVtlhdzRuAyssO3Khs55Ptk+ucfe3ETH4MeLnlRo9JuxDGdzZiXOD6kgjnB5J/AdR7fF4q8TQyvE97e3CqpCHcYh82DjaFIODgEZ5IxjgVnav4u8VwMZRqN5bAmHzYS+QUPBJP3hx1BHtjJxSpZ3gXHs2ltLbZvRvv56vrfflp4HGwqS5n+7a6KSd1pporra6ttdnmQ+DHify1e20m8SPaQXaIHB3YGSCSVODtBHRfU86K/BvxQsMROjXkpIZdxiAx747j2IwCP+Aj3PW7rx/wCHfD+m69PJKmj6zBGbKVrgkyOfvHgZXoAc9OpOOTw5+IniiVFii1CcuhH3bggDOCQ2FwR0H8WcZ44FdVLNsPVpudNqUbNSau17rimld2tfXRNL1LqYatGpGD92b5W4S5opX5bO27vvHS13fXU88uPhF4o01JrqfSLgW8ZDTsFwxjGCQAARyRyOSCcKRzXovh/4KWet2GlXFzM1nLe5ISSEEbQc7GKjB46NnO768WNc8XeJf+EA1XXzqc7XUV0tmbcsXTy5DtZiDnOQOOOGIOVNec+E/iD40utKP2fVplEdx5cSqgd7dBkkDoQM7sHkcZyBnNYTGUMZKTpp+7NRd/eTScdE1pd66XeuvdmtVSy6nH2y5VOKkld35ZWsm1a+iaXZvZo6+6+Dtrb3d3a22lXlxHazMkk1sr7JVK7QF246AEheSPU1raP8GPCR0201K8t9Ve6e5uIbnS0DRyR23OG3Dn5jgsffPJrzbU/Hfj+weQ2nie73NKXcJCQyuMnJwOcEHvzknntxNz4+8dLP5h8Tah58rAuY8xsSeTuK9i3sOgwSK9WnUnHdqFmpfD5xat7zveyTi7XV73ueZHH0qkm4yV1rZ8tnfks07+SUou6b6K9j1LxN8KvDulaXdrai7hkhne6RZSZDHa53BG39iByw+8ckEk8fa37KP7JnhL40/DeDxDqurXVtJY6tLbQQwf6tYUXLM+SDjqGH1PJyT+Zl94s8TyW1yb/Wbu4MqusomIJKBeM7jk4J7DJ7kE5H2D8CPj74w+Hvw706x0PWTp9neXU0k0IVSzStlQy9NvTrncT1PGB4HEcq88KlhJKlXk4qMkorlWl0leV3a17bdFY9nh6rgfrEpY+HPh0mpR1td2sr721V1fve17r9Grr/AIJ++A4y5i1rULdpVMJuraRkYxMMMcqRtDKQrYz1weOK4G//AOCbnwv2ySSa9qEirufKA7z/ABEnaeecnOAT7nFYfwM+Jvxq+O3jyf4e+H/Gmn2mtReGNc8TpLq9wlrbmz0O0lvriKJy217hoYyI0znJA64I8E1T9sX4haVLeQ3XiaG3Syu7ywkZ4+GmtJmjcqdoV0Zk3I5YArx25+MpYfiGNpLFSu2k3daN8tvdaSs97PW2t1ufaxxfClrRwt0nrGN0+ZOyT1te6e7T67XZ7hL/AME7fh3aoLqLxDfQlZUKu0e4IEORnjkZ2jJGM4PT5h8BfHW2tfDfji/8M29+JU0MpZrKzkCWGNdvPQbjtBLNkjPHQV7PZ/tlfEPxJcDSrDxLbXLysAAkSjBJVSpwMEnkclgemCOvx58c9Q1ZvE9xfaqRLc6jMs8znKlnddxPf5M9FJ554Ixj6XJKOYQrOtjavtFyJa2spXWunVu/nr00PLzOrlk6HJgKTg95aJXtbS6ulbXXTTfoYV1er8oWfeDIQn73cq5Hc+mfbg/kc1I47qSRndAQh+bCksQeSMHJGOoB4z071xKaoVSONrXAdyMlx3OScAjk/wAI3ZOcZBwBoC7VTutl2biy7AzkqCDtJODnqMgng4/D6Wddtu8r2d7au7922tkmra3TWzW7Pn1Tk++zvurPRauUY6LtfvodPLDawoUjEBOeD5QIORhuTnbjkg4yVwAuDgvtgEnt2hghCRTQySEAFNyyp06FSB2B5JxwMGuQN/fRuVVWlOPmcA4BPRTuAznkHd2UkdVIvWGo3r3VvayQ+Wss8KlnUlQ7SqAc4w2DjHYA/N1FJVY8jWm9k7Ja32vZb7O6at9xNmqkG9dY+bT91WTSae923o9rqzt+z/h79j3wN8RPC/hzxdrGu61He6xoljJcxQZVI0eDOw4BO0dAV7HPHJpJP+Ce/wALAitHr+u/MWYHLPyCQdwbqMZPXA/l80f8L7+Lvgey0/w9H420mzisdKs4tNsTFmeSIxqsYUEbi2Pu8HIw3YVYH7SH7R2no3m63BDFKgkilmsYVQq4JVwJW4BzkZHBwNvQV4PssznJxoVJqDb5VFWSV1qtOq87W06K30ksXw/SUFWpUo1HGKnKVk+a0b3V07v8Va/d/UUP7APw52AR+LvEBJiIwobaAB12+mPl6YOOneo0/wCCd/wtKIW8WeITKrb9rRZI7tzgHAyDnjIHUHg/MWk/tS/HuW6WGbxVosEjsFUTQW4BDMFL5UkAqCdwPXgA9z7hbfFL9pSexudVsfFvh2/srMok7Wi2cjHchfdGC4J2AEMCwb5SP91TecUpQbqycklFK11K1tNYpX3/AOHbSqnPh2cG1RotSs72jv7r11Vm1fo/RW17nUv2A/hnHCFPi7xGylfKYCJtyg9Op4x0OS2BjGetYE//AATt+EMkcSf8JT4kc5XeNjAnB6nB9SvT5TnjAOK8htf2pfjLqOoxWMHiOxuSbtrdp0sI/JhKsRJ9oZRtCjB3Fc9Mg80ut/tN/tBaReW+LzTLuDUrn7BYXMdnELee44BC5GcjkE7enJIrCdXNlO8q0oc1o2k0mr2bez1V0/X523pUckkrww9O1krLeyUd0ldva6e9/Q9el/4J3/B1VnEHiTxBJK+1PLK45AAyTwAO3bJ9O8Df8E8/hKiwo3iDXVljQkqcAtkk4JHLE8k4KnOe4r5t1X9s3416TqV7p99LpS3VhOIZ1WJFO5u2VBBI5B4IBwOCcVz+oft1/Fe2ZZLufTrcfKcx267xjoSFwO3Bzhjx7Vi3m9p/vrptWTa1Ta11SST9F1XRMtSyCM9aMFJx5bpOya5Xqk3rzba69rM+t1/YB+F1haT2/wDb+uLBdFJWgDlSwV9wbPJJBPXnr06YsWn7Bvwv068a+sPEfiG1MkOHaJ3KuWAGHxnngdMck9wAPlnSf25viRq8twG1HTpIYLOWQTfZVDbkUsUPBHJzkZ6d88U2H9uf4lW9tCEutNuHeTEiNCuV3uduBtxjHTj1IYZzWlL+2lGMadeT5kmvei7a/O630T6aidTIZOSdOFrRv7t3Zpbptvr2W1ux9a/8MTfD0wtB/wAJbrwWYE4kVm3Y6Eqx4BIPToQcDPBwNS/YI+HWp2pgn8Xa2FZ920w5yy8Z9ckZwMZ/nXk7ftffE82b3H/EqWaG0F0Y3txuZCpY4AUH5gDwSPbqTXGj9vT4m5WSWw0xYiwUSeVGoGCykkKA2S2ePqQO4U5Z65cqqqaj7s3Zbad09e342ujNT4dppOVCnFrVNQs0/ds2t1rvftc9oj/4J4fDO1uxOviXWQ4U7WWBSGwOcjqDgHOCBk4IwMVcj/YF8AG52r4h1uUD5oyLb5QemeM5PJHXOTg54FeLp+3j8RGMki2mkypDwQiKOSQB1XnqAc8jgHripI/28viOSh/s2wywYIF2xHv1AXH3s85A9RjgaOnnUWlGcmrp2vHS6i3o423voh/WOGrpyhC+msYuW/KtWrJXfRLtbWx9CD4UXfwQ0efwd4D8TSTaf4gknu9YbUoFSQts8swxd2DDKhQRkHGCCDUOk/Hzx/8ADDTZZ7O3k07wzZWqabrUVlNLZwzBpMPcJASoEroWZmAJJJJ/u15ppXx08RfFKwGr61b2UNxpM+2CCMlRMrKCZGcKu5lxkjkjgfMCM8p448QS+LPB+u2V/cwGJ3xb2sDb7x5RkIWReXA2gKMZx2zXwWc5dLHZjKGMpRqU+aPtE1dOajHXf3eXRaNarZXP1TJ84jgMkpSy2tOjOFN/V+VtRauny6N2TejS3vdq1j750X46+CfG3gu41LSbzwJZWQ02ewvW8Xzxvq93HcQk3TIkwLNKmXMMgOSwGTkcfll4f+KniH4O+PvEWveC5dKzcSXMFnGIUubW+057gyjzQ+co45VcHCk44xXUfCweBfC+h6zZeMfD1r4lfULZo0S5jmiutH3W52yRKu0BmOC+cdNp9T5lqngVdQuJNS0V7ZrKWOQRxysYFtIFYhEUuOdkeAp5J74wGp5NgKGWVsVClOvyVHFRTd6cVZNqmmrJK7St0Vu55XFPEWIzfC5dXqKlDE0FJ1ZUk4TclyWc1ZKzt0d79z9mf2PPjLD8VoPFvizxzd+GrPVpbay0ePRdPtrSyeCDy1P2iIMFVXJ++yj5icnkjPvXxi04+LI/CWm/D6TTm1vSLySa7uHvrb/SrWNmaNHw+CUUAY5yRt4wAPx6+CnwG+JPjOEy+CLVbaFICZJ4797dr91YITA0JBdgxHLAdDyQMntfin8NPid8DPD9v4t1vxDq0KLqS2KJb61dG4i1GRGaVJwzKZYh8wB5UkY9MceOyxVsw+tUswUKlVezhRvdy+H7Kkm7W6K9+rW/1vD3EuMo5FTjictjWw+HcalXEqoo1HaUZ6PW2mnnbvt+q2k/tG/8Mr+FJPi/rVpLd+Kraz1rw3bRJJAY573UIJIIDDb7i3lxFw7S7QDjIPDV8mfsg32jXvivxr8XfGmnWfijxDrjnxDoVpcXEdtJb6pdX8d1POqOQAV3CJduT0IUAHH5r6/4v1XxYmnTa14qvtRsoN1y9pqty8kLSDnbFG7bR3G7APUnINfXv7PXhuL4vXuj6Z4fjuLDULazmhl1GCaS103TbZSALq42MDNIOyKrANtOVrqo5bUyHK6862JlVrVqirSr8qjGNnC6hFSknBpLmjJXbehcc8XFvEOEnToU6VHD0IUI4dzi5zSSU5ufwtJST96K1V76WP0P+KfgT4ka144+JHjjxIsOlaPrmn6Br/hbw3YTwNeX0vlxyJFbSQuDLcxbFEgzwDggjJP6m/Df4pfD/W/gY+k/EXS9F1bWdS8Dy6fpEupLYJqPh3XYolVVA3l1nWRE3Squ91DZIPNfiX+2H4f8cfCJ/gf4d0jxPqN3qjaBJcpfpq8l7/aG7aPMEW5jEEUnZC+Aq8HHBrMsPhNpPii38JTXvxZ8RaL4m1uOF2U3NwdPjupo2kl8xFcIWZhtGRuxweepiMynjMDl+IrVJ0vZ1OZSpwqclXl5Y2cVooyUFLy3W+k0cuo0s1zHCQwlCrdxqWnKMeVOME+Sekd/easrNvS+/wCgWh+CppfC+sWmj+OTpOrvezXmoy6TKvkyXZLeSY5I51CrHHwQMHI6fMDWbffDTTdf0/Tf+Ei8RReO9Q0KyuLjTzrV3LDJZamWDJM0/mFnjQjDozbSCPQ4+WY/2VPiQlpNH4X+P1vA00Ukk0Mt8bVmdSQcgyZMj5BYkZOAFBJ4saP+zL8dGWazh+MelajKsaQPHBq6y3EgkHzBkLAnJGcnIHJ5PFe5TzirWjBuE6cYpONSMKi54e7dPmTTW9+Z2/X5urk2Fo1KkVSi5OUk7SpNQ5nG6te9o3S95O3k7399+H37L11qmq+L/GGueMhp2oapBDHpWkaeGutLg02fKSRR5lwHjCklQBgtndzkYviv9lHwhrVlqlhd+IL29Gj215eR6hHbH7R50cRYWiuCfJRiSilDuGQF3Y21yNr+zn+1npVtb2ujeO7eO3t4WZUGrlTKjnk7N5y3Uk8jI6gqBVp/g/8Atn6Tb6nDaa3LdpeRosgSSBxO0gwNhLhnDHgkjvnoeXUx8qjvShVvGNpP3pJtKLlZX+091ZX06JsdHL8vhyqtCPK3dtJe78Le0ld3S10Vumh6d+zDrvjm/wBAT4aW15feGvA3hnTpYbC51yxS4n1WSOeRbqztZJdxkd1w67wCwbGTk5+p/iB+z34F+Ivgs6LrHhJfEdvendcTrpdtaXLrIuGlgvAoktrhGxgp1wc5Iyfy98WW37T/AMHtJGueODJpOjW8yNd3qXcUMlrJFiSRktom2vJIrE4yA3GT3G58Pf26/FB8Q2+i3XivVLvRr2OB7aa+hFlbm4VfleSUtkRgkKzRjkZbh8kfP1MBmtSdXGZdJxk5c/JCUk4zfI20rqyk1quWVm/M95Vsiaw+ExjSSgor2sYx5oOyi1e76LWKk9NEz5i+MX/BMD44+F9f1fV/hvbW+oeCvP8APs7Azo2r20JkZlgxIyq7IpCfeyCCd2Sa+l/2Lv2QPHHhTTfGuk/Fj4YarDc+LY1j8P6w88LXBg2t55KhnCIuRgkZyDjJ6fZGj/tIP4jjt/D50K41nXNUhS+trvTNTa4t0haRkZiyNtxldzEsCqjHGAK9H8NeO9Q8UY0+yv5NNuNGhla9Ml9I89s6FlkSJRyTGEDMgwAfmOOaqvxJm+DoU6denD2sHGFRtTVRylJRcWnGKT0Wqu23vujDDcE5JXxNWtQqtQkpVKcW707OzXI5RsnZaWd9m3ofjYv/AATI+Kev/G268OS+IdFhhsNX/tG60ee5cahc6Nc3TyQwRiPdmQQkIwOBkFh049++Jv8AwSh8b+K7G2h8ASaR4Un0vzVuk1fVJ288w5DdQGjVgowo457gEV9yrpHxlsPj94R8cfDfVtD1FtRuYtKv7nV4/Mnmt4URxJOoDsTucqCVGQFOSCa+29eX492PhfUNVl0nwbe62usPC8DiaO4lSVyQxjSHCxAMXxjHIIx1r5TiTj3iDK8Vgo4KvhYwxOHU6lGslZS5kpLmb5k0tXsmux9Zw74f8OZjgsVLGYWtOqq/I6lOTTlZJNw3ta2tla3rr/Hv8Uv2UvHfwL16Hw548utE0vW9RilvtOura8eZLyxglZDOkhyQSRkd9px2+X9Pf2Rf+CqFz+xH8Crr4X+G/hvoPjTXr7XDrdl4svr93fzxD5JS6jwwmWBhujR+F2DGccXP20NE0zxr+1F8PvAvxZs4LB9Xh0zT573Q8GPTrDUJUSWKEEoxnMkj8bR2yR31P2nf+CSvgH4Q/CrxP8TPCvj+7urzw1pUGuaX4W1CCP8A06wupFYSSTiUyIY42V5FCgdc5BBr6/Bca4GeGyqnmtSMMZjowlCNJN05ScoxTUtUoyb+G717H5tnHAGIpYnM6mV4b2uCwMpc0a0k5wUIqpqvd5mknordtbn5YftB/tlfFf8AaL8ReO7z4ieLpp7HxXqb6m+i2kSw2dpKxPlQwbRwkasEAHGQBXj2hfs8/FfxBo9leaD4MvNZ0XUUWW1uZLq3jaQSsqkxCaVeCSQQx9VwcVqQ/Brx1Bpd3461fwpf2fgp7UzReIvsMh0uSV2KrFDOyj5gxwwyBnAHGM0bLUfiQLNjo/jHWLbw/Hbk21ul/JBCixHcyxwK22PDoT0UBRyOw+3jjaFWmpUKlKbi/Zzk5c3Im0+WfvNK7e28W9UfD0cDWpVYxxdOtCLTlCEIuL5G072leLg23tfdtJaH6ifsUfD3wR4c8L6h8Kfi54Q+H1trHiLUXvRfeNL2EXOlW1sNlxYx3Kswj+0x7jEVILS4ORkmvrTxr/wTu/Zefw7411LwP8W/B+jagdKj1bTLBNTXVrBftQAl0yCAMztNC5xgJwAOD1r8A9Ltfinc3x1d5LzV4rmMSRTXFzJK7qG2krIX3gqQclW6ckEc12OizfHWy8RWkujxXdpGiSSGKO8kQBEOWdmMhAU87SRj8DXxOY4HETxdTF0c39lN1IynQjV5aVuVKyg04q3VfLc/SMtzKg8HQwU8oVWjRg1TqOhGdZ3cbtzbhpa/VLbS6sfXniD9nnwh8GNX0Hw/ovxK0WbVNanhS88QWNqWsLeLUUw0d2oGYjb7wrBwDjIzwRXzF8eP2VdJ8P8Aia6l8FfEzwz4g06OxbUNWuGAiMuoyKJLlbbA2tmRsJhs8ENtxVb4r3/xK0Pwguo+JLb7Le6/qEYYrqJmuWj8ptk4ds+U791UgnI4GePM/CWi+NLqCSXXtI8R3Ghx2kt5FM8u9JQ4yo+dwxRmIwGJ3HJX5RXZgqWIpKjiZ4ynNp8lRKEVGqk4tWuovWzVlK1vx4szx2AxUnlDyupKMZRlQ5ZThKgpNNu13aLu3Jtq9ktFZnm2keANS8N+INHNzJpt6zTw38UiTJgLG/mAHBbBAByG5wBye/6NaV4tbwZHax3mm6gr6pHba7G8riCN4Vw0vliQBXgZQNpBKuCGJ5+bwjSZfhMmn6ZpOqeG7/TPEt7c2sssmqXSiNLOKdfN8tt29DcKNyrjnA4zjP6YeNPEH7I3x0s/hP4J0vTfEWi+M7BLHw9qOpyC7mt7Sws0WCWVLWKNvNsQCWdpPUZOcmuDiHNqcYUVXw9WdJOckqVOTlyJRXtI8ju+/vN3jZK/T3OFcphhIYiOX1KcZy5VadRWjJWajK9naTbS6a2ufJH7T/wj8U/tW+GfDXxR+C39m+IpvDWkvo+qeCoJIU15Le2AD3FtDvDywwAFnOGI3KAMA1+P2q6PqGg6rdaNqUDWeo2Ur2t3aTqVktrhMh4ZFPSRHIDDOeM9wa/oe0u5+CPwD/ae8DeDvBsOpX/huzju7PXPEmlXV3aWOu3FzHwgjlCC2kSXAuY0UkqGGeAa+JP2oPhp8N/iv+0l4nuLa4s/C9q0sPmx6OgNrcKwYyahPsABumLKZjt+c5b5cMarhriFKbw06VZ4R0VXw1aSSqRpuaTpzjrJJO9pO1kmt9vO4z4Hljks0oVIU8dUq+xxWHlO1KclHWdOTaXK0l1km9vP5x/ZR/ZU+IXx98TX0XhPQ9U1+18P2326/wD7IWKbZPIpMVnJG8iYklxhCAdxGDkYz9t2n7Hvxy8Fw33iCy8EeLm13w6zQrYS2ca6jo0SSBlltlDF33gc7ATgDAJJA9Q/Y3+I2p/sUap47X4ZXOjX0GsaZYXGr+JvECtJbWNzbyKIZ4yUcRphiWUcBR0HWv0Rsf24vjZ4y8Oa74z0bTPhh4q1K/1Y6XYanHd/2aNQuLdVMi258hYht5GZNpYnNcPEmeZn9blTwGHpTw37uNWpUqcsoqSjdxfMrXbs42X5p9fDOQ4XLsDSWMhS+sxk3CUJubm1/MuVp8tm09u1zzv9mL4sfBzwx4f1Ff2qLuPwJr8F5D9lttR0i3lv/EEZhKNLqMU48wSScqFcHkAg9K/M345/DX4OeK/GnjHW/AvxHs49I1zxFd3ukWUvkqLOyncERtGpKpuzlAuQOSDzXAft56h8T/iPqer/ABj1Wx0fTI7FdM0rXrXSL8X9tbaqS4IiVML5zHguqjA+UEnmvzG/4WBrdnF5cdvIZQVcSHzEk+boRjJPJBAXoep6itsjyCfv47D5hUw9evpUoKSlRhKVuaKSV3dvqrp3DiHjCjCtHC5hllLFUqVOCpVJqUZuCjGMeWS1a1a0S2fofona/ApNCtLibwx49nF7JvY3VlKkCFHXJy24Y2kgcZB+9ntW/oN/o3w31fR/Guv+LI9V1LSLW4sALqaPzDJMjBpCySNJJL82AX6nIJAIx+all8R/GzSJA17rIjkZj5Iu5gHPACAZB25IGRgcbvr2U1h4h1dJDJprQzuqOsmoXTEyMwGCqu2SecZGT1POGr3K+UTxDSq1+abThK0IrnV43ScYty2kndq68kzwqXFuDhG+AyudGVN3hCVScqcZXTjKMEuWTT/m97TvofoJc/tc2fiO5TQfDNlcNq32yQm5vHxC7AkBkxlcD7yjliuGA4yfqn9g34nePfEP7Vnw60XWfEV9Lp811qhuNLLE2TbY1ACoTg7SAM8424wetflV+zd8MvFHxI+L2k+AdF/s221iZbq6ae4ceTHHFGGkUyYJLDgqMnr6A5/dT9k39kXxx8LP2ifht448R67pdzY2V3fwzWtqkglLzIFiQfKA6s2SxU4GVzkct8nn1PJ8owuIw01TjiZ4WXs04803Ll93o+qtrZN/M9nJKmeZ7Xo42Sk8PTrwVTl9yKUeW65W7uy62u15vX54/wCCltnd3P7XPxBktre+mW306zUPaWskwTbsUq/lIwXtnp7EkYH7n/B60ST9hrwus0ht5E+DmtFxcKyyo32OY8xuMhjg4BHAP0r8ov25f2nI/gJ+1p42065+GOmeO49X0uzvZJ7i4ELW6ZSNIguxxIcnnJH3lGQfu/q74Q+KGg3P7Pfhfx54jsf+Ef8ADNx4D/tnU9Jgi+1Q6fprKXurZLUKBPF5W5XBADKeQBzXwOeYvGwybJYzwj9hGdGVCrGcHKtKKhaCiveje93da/gfbZFg8tWbZxKljXOvKEo4mk48saCkr3cn7vLrvazs9XufzvWZOh6xol3c3+k3Ky69ZmNW2JJbRNfhWMxOGVsYYA9uBjJFft18Qbs3E91NAYXVPBnh9CY2DDLW8LhkdT02kHPPHXJAx4437QP/AATj8XadLC0HgOLVZ5IjZi40STT75btmPkSARwlWmaRRsGQN/ued7xDqFtM/jO50+Z5dL/sjRk05vKZNtqbdDAqo6gqpiKhOAW6gV7OFzbFZrjcHSxeBq4SNGnzKNWPKpvTRN6tabW2aaZ59bLcFluAx08NjqOLnWm9aM0+TmWin15r2u72+W386X/BQO1af4v6kqwO7TW9u+6JWl6KMZ2jr+P1INfGvhXRLyLXdHuY7K5xHd2mGNtIvHmpuLHbgYBzzhQMDcAMV+pX7SyQp8WtSlOiXesI9nasXjtDNt3KCQpZSAQTksOckZPTHkEeqabbPHjwnq1q4CnJsgEyCCGJVCFAPXnDcEcV+y4TOadLAwoQwkopRilLVJrRLZbNa66Lydz8Jx2S+2zCriJ1oq83Nxvq3eNvKK23T1vqfVXj/AFtNP+EtjLHAjzLDpokJVdqrsjwzEZwwJJIHG3I7Ba+avjNbWmv6DYTeHoU1G8u9AjiuWtSA6XTFGKvyBhBwDgegavY/E0N9qngKGOCFkgmNs8/24lbZEITCtIxCnHAIJHJI7GuVsbHSRHHZS3vh+3lVIgWS8iXaxAbduzgdc/eJ4xkkVjSxUqTnKEG3US5kl8LTWsWnvbWze+q3Z0YvLsPVVNzaTgkk3JLdRTad2r26b976X+cvhP4S8V6P4t0S91vSJbax8pY1mlIO5sYw2MngnHfI5zg8fW/x6tlv/hxBY2/7kzy2se9iVXL7Wxzk4HOeegye2Ocv9MiWeyFr4r0uV7eQFLWG9hkLncAAmGbcQB8o4JySOlemeL9PXXtM8P6LqVxb29rN5RnmuZEiAkiVVJDuQo3HHVgGxjk8jzcdiZSq0qrhOMoNNc1221ypvddbOztfrfY9PLsDRp4atRUozjUuruSf8qfvX0stW3r20Z+c8XwM1HU7myuhq+nQrZXiSzb7jl8MHCgDOFXHAJzketd94d0pdL+ItnPPJDPIpMZa3bchEA2BvlBO4kYwcA4CkHoPrSD4J+GxG8seuQzxliSkV3BGwJweAsvIK9Dweygc58w8QfDvSfCHiGy1PT7s3MG2SR0M0Uzb2zuU/vCwwcHO0g9AfvYn6/XxUlGupJONl7ritLWaSbul1ae+ru72uOV4bBRVWlBX543bnzLRxS0u7JXaaTvvvuvO/wBo3Rn1p/CojuUgk2SS+ZPJsUqRv27s5wR8pxyQBkjdmvnBPh3NfXdndXOuaesEF1vkV7gM5XlgozkgErjp0YELnBr7r13wFb/ESzsby+vBBBY2+IwY9zKZADjCkAgfwnAHb5ulcVcfs76dJbFIbqZ5EIYSRRErxkgksRkE4PTOOo612YbMfquG9k1JxV/R3atpru01ZedjgxmSRx2IeJVWNpKL5VJKSSUdG77OzVrbPzPI/BlrY2lxd5lhmkmvIgrKwkkQRyoFwecqwAPYYx/D8p/Yfw0AfBelKSUR9Gt0VsYZS0JDnjp05zkAKMnBFfmHb/CGTw0j3kD3E81uyneF2Kq71JLAkDjHVVPBzySa/Svwrqcr+C9BiSIOToyqyFgGLRRFW6cqOT1J6EZ615uNmsROnUj9m0ktmndXvbV2eyT6q93dnpZXhngYToSkryta2q1cYr7m3te3R6n5s/FZrjw1cXF/4f1rztTHjaPVrm1jEQJt7KUMIWkY7yHIIZDjAIyP4a8S8b/FXX/Hesa7qmo6RaWjXsENsVMqnzY7dVVTgcB+rlhjqAMYJr6+1/4U/CzW9U1C81bxBb2ly17cS3cb6sqeVcTSHfGyGT5Apx0UjnbgZFcXrfwJ+EUaD7P4lsJUf5mb+2YgFbjkkOCR/s/jjqDMcUpavD1G4e6mot6O21lrq/l5Iznl9b2k3HEwUZyUnH2qve6vZdNHa+l9t9T3bw9K6fsySRuoEf8AwiV6VRTuCkxEnnaemAM5z0Ib1/Ja0W4n0u9e32rFG8xUEfPl5GyBgjOc47gHtxx+xX9lWulfs/6xp1hML21tPDWoRW00Tb4/JWF9ro6khwSMEk4x05zX5ReCltrDTtUuNasJriyRpfIuAn7tczS/L0GRkAc45GAOefp+HJpKrJK8pN2TW1ktNPn0Xmz53i+PI8Mnq4UlrdbJxSd3p8kvLVaHn9np095gSIqCLa7OwPTcDgEgA/XcOeecZr2BESLRZJ2V2WZNkJH3cogJZWI6EDaOc8hu1MuPF3ha3tmt10pbiSZVMLmMRxIp5KnHYDJOeSAvBIKkuvGMNzp8VpHZRQWQRwqlfvuVGCrNyAepz1IKnByB9T7ST+LRWXTRPRWkr2vaztfdJvsvzqrarKNlorXba7JWtZ6W6q+rOQdZpkg3IwjRgylQSVU8ZJwRxgdDkD+LscbUvOzKixgKu75mBAfCnIJ+Unqc+uP7o47ePWYjBEILOMQBUMuCTG2GweduQMgjnGeCM5qPUdSsWjhlktrbynJLxqgDdMEk/wAWR32kdQc1XtUopJtpvvo7KOl7v3U18mrWW5coWit7pWk097KNku6i0uzUnre54FLdG3lbyVdHc4LHIUEleucdS2AuM5PAyaT7RLJIscudocNv3FhyB8mMgEE4B9ev19Gv00i5usm1t12KWjTAGTtBVW6hh06nAPfcBUUel6XuRprZIpNxkU5bJI5UEYyORz7Z9OSdROMYqN7ta20teN3JrS99Vq79btNl0pRdJpvS+uq2Tjo2lu3da62XnYy7HX30FbmaOAXbXKeR86geUzgjcFx97O3rkknHPNVtX119VttOURTh7eCSOZs9g2QoKEgqD1wcnPOcbV7Wy0/SbmVobmCPfIYyzA7gI92dxUjACjHQHGBxya6XXvDmgW1qltYxxyKrK32lAQpWVASrgAg4Z+ecFcAkjp56nCNfSNnKSSTWt7Rst9LtO716Lueg4OeH5E7xWul091be++mjbW+t7HgDXckiCPYf3SlgzMQCq9MZIXsxGeucY9My6vjtVkDAsSCxJIAAPc4O0nccH7oGByCa9Xk0aygSSN4Y22xttfaACVY5wO56HkhcjPOa5S+sLEqQwVY1BCgKF+YqQcHPPYHvjsxNexC/LHm+JqLXTXS177W1V7NP8Txqs1BxjyK99LOzdmuVPWyaV1eL1vfVkHgXWoLSS8jvJdkW5SZGY4Y5UkEg7uAT3x0FezaNq/hW8vmXzEhjUCWUSoH3yKcHkjnLEDHOAM8558a8N6DaXbXSrkrDyRsLFs/MN2S3UdOcDLDgnJ9A0jwzEkzzYWJcFVUxjjBHzcEHkD0B5AxwRQ4ppJ2ut3e7a0d1LvrrrzdNdjRyi4r3X7yV1olGzjtLrb7S03+Zzvxc1fSZpLaTTYHIikRZgiqFIVcDYeMYIAOOvXkDNeP2/iGwQ+dNayOxZvmJG4AcAgjuCOhIGQABjFez+N9BtTYq0wdCZo8FFK/KQwLEDGTjK8qR82c1xEfgjTp0SQXAjiYj7yBjz1zkEc45BwMjrnikk0vi189e2u+is1ZtpK2mt2KEouC5rqz6pbJq1+qs7Ws9O9tBnhnXbKTUYpCkn2eIM8gIDMsZBAYF+4JPQZ4JIySKq+LH0u51BZdMmLROi+bv2sFdi5ypIAx2IOdnOMDmuotfA2nxPFGuoGMTjY7xKF45ySQcDqc7um71IxXv/AllYW6ypqAuIzKQhXaXUDPDnOcHHJB+6T16VM6fvQnpJ8qi7X0s4STtuunV63TutSp1k6Xsl8KcbJuSd1y62u9JJ+itvrY9N/ZdgRvHmosPMR18Masi56Y+znAxzyRxyewJxgivW/g5AtvpfxcaQMQdA1NlIB3KweXkgg8HJwATz/DyBXFfsr6baxePNQCTvJJ/wj2roEIJBBgJU8YByRz64A9DXp/w2thDpfxfLBm/4p7UcbSSF3SSgZA4JH8Q9w2ABuGGL0hFWu7N6bPVK76ro97eV9H7OSyWtk17s2/u31f3pdduh+Z1xCGvJg3KmWYgcjBMjHLEcjnp2zkEj5TUAhUoePmU54J46kcdOd3HVTxg+m1cWzNcyopPzPIxOCSBvYEj1Oc56EZ46kUqWRcYcuFD4GVIDAYY4HXkjoTkYHoa82CTtay+T11Stq7N313T2eys8Kk488rLeTtv/N36/wCVmjGkh+Un72FB5IJJHsM98E8f1ra8JxgarAcDO/oDjHPcc5GB0zjrnnFNksiY3MYbIHl8/dzzyenOev8ADntk1a8LRsuq26fdkVmJwSeBjPHTORnOSf8AaIp2s0r2628nsv10dulnqNtyptPm2TTs9uaPW3Sz32fXc9V8NLt1nXRyQWjKjGAMgAgDPbngDkDoa9T0+IiwIGCWn+bOFPGGwQeOCfXnG0ZJArzDwoCde148Afuxlh049Dxng4J9T6CvUdMLyW5R/wDVeb1BwDycYIJBHQdRx9cDhrJ80lo7XsktV7yt917fNdzFKSmtdOVaX0s0rq9tGna/S11Y8z8V2/neKlCqrAwJksMKMc46YOPYHn13Yr6s/Zs01LWOW+SCEu100ISRRl2xgHBHA5OBnsQMCvlTxTdC08TebgFYrZtoZAVB5AOepxn5epJJHrmhoPxK8SaHKz6Zq01kVLlUQZj3MSykqG6jggjjnpxT+rSrULR0k0lzK+nw6X6Wd7+up289rWt83q9IrTRra9n8j9fPFel28vhLUkntbRJ3hztKcj5iBkkEHJGfpz0BNeofB3Qo4PA9gsEEIdTkhF6sxU5zgclTwBzznjFfkrp37TfjwWR07VbiHUrKZVEpnRUlEajG0NknaxBPcZ7YGR9f+A/2x/DWleGodMl0O9We2hiIaOXh3C4b5t2CpYdD1BwAORXC8vrx91LpdtdG+W29unyem60elOo3H4mr2bWl18OnS3/BWx+gF3pdtbRobkQx+ajeYQuMs3IGeuR0BOBk9utfmd8ddGtrnxjq8alpG8+3WJYiwCgnJ6YBAwAd3I98qK9G1z9r99etLaDStMW1ZZMzS3L+YMHIGTghcnadpzyTwxxXyR4s8fa5qeoazfSXS+dPcLKJEXkMTlVTjhVPcZyODycDqoYGqotuyWzS1evK+i6P/LuJVEpK8nbdafErc3M/Nb9Gultz6H0f4epd2dlPePGqW0cQEUwRhhgrEtkcAcbcjgqOQa84+KHgdJNIvo7FbVVSXzIhGo3nA/eKCDkggsfr0Izz4TP488Xvbyg6/qES4UbRIVRlXIxjKnj+HrxnIzjGNL428QeSI31W5kVw28zMWQggZIJPAwc5zkfL0BBEvL6iqqSlFrmu/cfNa8bNXu9Und7q3Xc9CWYR5YQUWuVcqlzNLm2ezV9Y6/dpY9B8F+G0Ph/y2gVmaZvNlaSRJGRGAAIVgQR24J5x3r0nSfCjTRSRWDahFMgdt8N5OAV5AKfvMn5clccHnPQCvI/Bfi2Kzs0OpuQHnZI33Dy3B6q+3IIyM5AOAeANvP1B4d8S6HLbW9xZrblxEqSbHQMHYqexJPscE88k9K4cbhpQk+amrWT1Sbs7WatHZX12b0sn1qjial7KvKKstpvS7j2avZfKyZ0/gXwNq8t3DFH4g8QxqthdTSQDU51YOsLsoJD9iC2SAGyDzXjX/CVfEbR7y7S28e+KrZrS5kjh8rVLlhHGHIwdzkkDAU9QMY5GQPp/wjqSW2o3GpJMjCTT74i3MhYDEMikbe+VJzgYOOT02/NbXVi8moSuUW4lknkZCASCZWKkE5yASCSME8YPSvNoU6dStNTowcfdXvRTemt0rbvzeitdNHfisficPh6UqeLqpvnulVk2rKNno5ervd9CrZftCfHDR9Rkt9P+J3iFds6K0ktw8xC4AXPmE9ehwecHHUGvWdP/AGqP2m4ndLfx2upxxIVMd5p8E3BHG7epyvAJAOOQT6V8vJAf+EhuA4jCtdQsVAAO3OcAck8EDsCOAM9Pp3QbTT4oQ4ggUvGoBYKGLIACWIUgE5IycdewyK6q+X4BRi5YSk22n/DSfTdrW916PTQ8lcQZtTcVDHV07aJ1JON00ndXaa2dtfN6Nhrv7dnx/wDCt/pljrmneDdcF1Ezxx3Oh2YD4A5OU4PzHPTnpkcl0H/BQDxnIpGtfBT4e6rGqAyhLCC3aQleRmNMZI6EE9+Tg5+Z/j1JaQ+PfC0LJFDC1oCduGCq4UcBflJAYA7ufcEEV1Fpp+gTWi7FtxIYFDCPG/cBwfXkkHPIGR8xzirpZTgXGM40VHninaDcXf3VolZXsvK1++gVuLc1oqPPiJTvG8lLkaumkrJxf/D9uvu6/tr+A9WBXxD+zP4X3MNpfT3wxLcFgQgAJ6YI9B3xUeoftH/sr3lhcya98BtV0tfJKzPp8pCqCDuUdgOeQrZ9MjNeRaP4V0USNK9sGLDlGUOQST8ynnAAGRjA44Iwa4j4xaPYaX4fdrONAs9wiSR4UEqQMkDnHA6djklTngjlGHdReznWg5W2rT01STau7NXXfXdsilxnipShGVLD1W3qpUabTT5bapXerV23paye7Pc9K+KX/BPy9WMDwn408PyO6tMRmT52IzgLyFBOTlccbR6H0bT7P9hbxapTTPiD4i0K4uSEAvLd2WFScDIZQABtIyeD6nBr8qPBNpaX81wtwiMDc+Vl40IUBiMZOSAvGc59OBjP1R4Y8F6PHGHRIQxRGVjCCM9OCV4BGPwJxnqbrZPVim4Y7FJ6NXqc3a2k02t30suiT1fZPi2jSko4nKsBUUrXtT5GrJa+5K687JpbrVn1tqP7N/7OGsQsuh/HjTjKSDD9ptRE7kkAI5OMn1JyflOPm6+S+NP2OEuG0tPCXxr8B3EYnVZBeX8VqwZ8FMDep3EEbixA/DNc2nh+0fcHhhwqsu8KQPlAI+63HYcDr+niHxTTT9EGjvPmFTqaEuk0yh1UDcCQ3fGAOCOORgEZUsLmFLbGyqK+04K6+Hdrl8l6a97KGfZBjJqEsthSnK+tOpOK0tJqz3s9362bsz628K/sWfFvSLl1i8S+EtZtZArh7TWYJMqTn5CJDsLAcDO4nAIPGfVJP2bPi3YJ5f8AwjMV9HGpMcltfQSls8jb+9JIGcc46nGOp+DNM+J9/p8TQ6XealZgeX5bW+rXcRZANoIy5yp6Dk4yMkkjHbwfFr4gSSA23jDxTZCOMFTDq8so4X7gzJxyAO+CDuolhMzn7/NSm7aJxl1asm7u1ulvxb02jj+G03BUK0ZL7SqKSVmlZXXK0r9XrZ6n0xd/Bv4r2zSJceCNYWPYQGiiSQEgY2ho2b06DJPPQV81/Ev4U/EGDxL4eDeCfEMazgjH2CZywV1Jb5VIA4PXA5GANuTrWv7RXxV0yMJa/EXXFljJVvP1BpZCxBAHlMSpPIGCT9ehrm9U/a8+O3/CY6SyeMbi7OlwlUS4tIJ4pGlO0b1Iww5APfOF6jmaVDNIS1p0GmmteeEdUv7rtq+t09HotDV1+HqySVbFXSi248rSWjbfo9uz26m/a/DXxNFNObvQtbtwcBWexuMf3cMwjI4GehJwo5HSqtz4F8oyR3cN1lSzMTaTq2SDxkx5G3glScdeg5rsU/bn/aKsQ1tI/hm8SMkOtxoFmTh/mAY4Y4IbJzgjjjGRW/Y/tv8AxbkgB1PwP4E1MsweRm0K0j3gZ3fMqAYzwccEZ+XoBonmlNrnwlKdldONZpO6T2lHV+T06XMWuHZXiswrwk1tKgmr6dVLfd6+VmfNF/4ZitrqUp9oSNgEUSwyICWGNpymW7DjjOQRXmfxB0eez0G8cKcgxmRUjYYXdyVyAPTA4zg5Br9BrT9t2a6iP9t/ATwBqGWPzx2NvG4IGCw2RFs7sc4DcZDbetW9/bF+Et9aXA8Ufs56BNbrFmWK02BWJ6Ywg5UgZ4GMn5s4rSOMxy92WBulreNSMr8ySavda20e2vd2Ip5ZlM5xlTzamtVZSpTjfayb7JeR84eBob218O6PPazLbuNJidi8mGZTHnkZGBwc5455BXBrB1KDUbubzWYvIJiwEcoZsbjlydy5HcLhgOgzzX2Dpf7W/wCyxf2yxah8C7yyUQBNllIu1E24WNAp4Ve3zDGMdM1o2/xv/Ym1OPdcfDzxVpkjgrut5CdmegJ3np13AZzkZA5rJ5hVVROrgMTFPRuPI97dFNXb381bvr308noSVqebYOT0dpucesU7c0Wtb7p9Pk/kLT7C8llSW4EkaqyIsrAt3y5JB+bPHT+9xz0+jPBusaZoks0Vwzu8sMYhZUfaw4U7lxnGQOef8O+j8XfsRagiJHfeMtLZ2JCSMzIpPA/ix36jhs44BFdDbWX7IN6gltvihrFhLjbCLmJj5YOME5Pr0PGSM55558TisPWhadHExk2r81GbabSW6dut1ZPzvq1tRyfEU5qVLG4Op2arR3slpdp31VrpPVa9tfVpZdV8MXsVvC81uujXbholK5/0dyMhRgkdxzycHByV/FXwgv8AxVGphwwKX96p3AgnbcP8u0Hgn6djnIr9ydB0r4SW8N5DoHxyW5iawuo0tb2yUq4lhdQgJ3BRzncenORgg1+X0fwQ8P2viPWptO+MfhBmn1W9KqswVo8zMx8wMBg4IB25Ax1wDu9ThqrhqGJnb2kYXg5OUJJtpJXs4+qe706nm8R4DMKuBjCU4zbU4w5ailFaRS1Tf3Nr16lOKOOSJlLKr5J4yTjJGenAOQOmfYkkjJureIO7wuoZgF2Y3ZY4BIBwBlc9ByOnPNeuf8KRuGIe0+Kvg2dnwoX7dGozgZLZA5IB4yc8cAnkm+AfiV3RbX4geB5hgbW/tSBXJGCuMnjnhskAevBNfo6zLCyjZNuyT5ndvSK2dt7/AC35tND8kjw3mcZKShG99GpRe7juuZJ77a6HzNr1rH5aEli25QT0G8kkgcDAIOOmAc8dCOXXSFLhy4OSVIfBAXbwDgcHkkcgE9e4P0tf/s5fECcNjxX4ImAkOMazEenO7bvGSecnnuMdaym/Zu+JIjzBrfg91ZsHZrEC5PI4/e8keh4GOmc1w1KmHqSlUUlbTRys2rxetrKyeq176b297DZfmFGEYygtLWV03unpeSW6/FdD54k07YWO6JiMlUBG3bjrgDJIPcjJIHy4xXI6FbM19dKURYzcsGPb7zcZ5GOex7EA5OF+rG/Zu+KLARxz+Gpcglnh1S2IXAyQP3mTuYn2I9Oa4HTf2cfiqt3ciO104ZunXK38DRyENtyAsnTI+XGB24GMcalRdSDU1ZN2baW0YKKd7Luu10t0j06NHHeyqKVOV2klazvpF78120tFd6eW5S060sp0aJpbWBlZgULqC2B15zj69T2B6Ft5o+msnEkAOcFkcHnJzkeoYHOehycjpXokX7NPxd84xR6fpzOVyd19bjLHqdwlHTgEZAypySc08/szfGACRTpdiWVg2Pt0LZ9MHzOMnoB3wPvDJ64VaUdVUi7SsrTjZv3bWvve9mtN7Nux5tXBY+V17KSd217rtduNnfVXtpbrr5W8mTRLZJ12XUQVUbnC7scHkg4G4kEDk/xdeCTaesSkpNCd3bBHIbII5Ldx6dhkHBr1CX9mf41Rr5kegRSkY+aK/g6EHt5jHI4B44IHOeldv2cPjiGj2+FLiQlcoRPDIxxjnJkyOcsuRnpkevSsTSlbnipOXaaWiSitn67bt6tWOB5ZjdF7yTkm3yq61jpstNU/S/R2PKpbCQFT5iDc3LZXI+XqBglRgE5AJzjn1iWwlAcErhmYq28cA9+CcZ6EHH0GBn1OX9nL48EM7eCtQKLuA2mPkEjcQVc4zzzz9STuqtN8BfjVbACTwPrC8A7R+AOBuHTGTgd8cY4TqqTstFe26vtFKzbu3332vp06FgMVFXcW9LXs7fZu7211t2enXU8//sUmIl3ySqnaCd3OMAHOBj2Pr0qlNpaxoOEwSGPJAQKOccYIx82ASRn6gej/APCofjKiyK/g3XkVMbgIVbIAxwd33c4z2ORjPy4zJfhZ8W3ysvg3XXUMyqGtwFO3A5+YckjjHHBz6ElONkrNtr7rNLWz6aPvuTDDYhNP2c46re+jvHWVtX26vRWskfNOpBZtbljYkr521doGVAU++SCRyMEBTyMZz2U1najTEbfghM7VH3gBncxOTuzu689x051tU+EvxMh1pUm8Ga0l1MHljiS2JLBOhBBIICEZyxI7ZPFbR+G3xPNmkQ8G6zyEVgbQ4Y856jgjjB7njI6nkppclRSdryelt37tvXey20eu56lWliP3MunLFOyeluXW2219NX+B49LbKGJZh1zhVzkdF6devP4eprNktgA5Xy/lJLEA8AZwPc845BA/u5Ar11/hX8TBI27wXrKsxIBNvhcAdSpzkjvx6Y5zjKk+FnxKzNjwdrR/iYi3JG0npgZ4OBzzz9TjGpDVK7lpeyWmlmtbWX3O97Wb31hGpyq+jeidmnpy7t62Wqa08m00eYtaghQNq7sYYjliF4YLgdCeR69gOaQ2qKACMl8DPOScdSMEHpg9AcYya76T4bfEJQWbwhrZSFdx22rEAnJwCFb1zyB3GQcVHL4G8ZworXHhTW0XbkbrSVj17gL94fd7dMdDk4qnKybTaTin3fw3V3aV9tE+VptX2vouaPV6Wf4p3d0ltte9lf3tDgngKFAu3aTgOCcDGOoIBB+n0IOaDaAEZChix5HU5HOcjjI5BHPOTXWHwt4pYylvDWt8f9Q642jgcqdmBgdR7ZwMgmH/AIRzxKWJk8PaySDgFNPuduBjJx5eOx6n8jUuKbSWt1zOPK72vB2WrvvZ3SvrZlKU0r2b21slbayT10v92t9tU8O6fFLNOCFLJbSk7gBgADkN83IGSOe/U5JHJa9aIs6FhtxCCAWJBG5uoAA5XIxjkdDwc+n6Do2vRPcO2h6qu+B1Q/YLjkkH/pmMD1J9q5DX9C1qd7JIdJ1KSUl0dDYzh2IZmIUFQSB0AAKgg9BzXPWpXipRSa91a2UuZ8vRO+mujW9+rsdVCbvyuLXXRpfyrW9720e/a5xKWsRDMWzuVSWwRjPUA5PI9cAcnBpGggViCWZAGGR75zggZJ554wRjOGGR1lr4P8WTtJHH4d1hs7cILGYbgOu3Kc888Dnn1GJpfBHjBdwPhnWkRS2//QpzgkEBSVTHTkYzk8AYyKzVCdrqEmvJbKy102Sb80+l7NnRJwTs3HTROVr6JWV9La31/Q4M28Z+bOeS2Dkcg8A/dPGCO2PU9kW3z5mMjgEccHIJOOhIycHJxwRnIJrsZPBvi1Qpbw7rIQjH/IPuMHPA6oMHk9BnsPmGKibwl4oVRnQtYQMduTYXIHPUDEQxgfjz703TkldQfRPRtaWeq+6+q1eul7Z3ina6s0nbm0bfKldXta2uidnra+/P2sCeev7wKoweAAMAHOeQSCQPmJJx17A9tYJasi+aqANkcEqSSecgYycEkcfqTnEPhvxDC+2TRNWByAC1lcKByB3QbuRggHDHGa2oNH15CVbSdTBVeFFnOMdt3MZ2nnA46AADgZfspySVpJu2yfvNWW79U7vQlyil9lLRbrRrlVrtrtZ2e1ndJmgNKE+1l2eWxYqPvNgDaOSchgcHn1PUcGymiXTyCIqETAbeQSCR82ACcgkAHH9712nLLay1uF1MlhqSDB2obWUAnG4nd5eASScD6dc4O3Bc6grRrLZ3iuCxJMU2SMfLkGPtnpg5x1PQtU2tXF7q/MtL+7ppa7Xu6K9907GHtINtcy7XUl5W2dut9enq0RXli9poN98i58kktjO4F+Mg8A4POc5Az0Fcx4MtElWdZVRsrkoQCSS2cg4/iyMjnkYFdpqEk02iagTFNE3lEfvAyjJyBuyoHPQADoevFY3guIbHUouWIO/IUhgwAC/Tt+gyK0oQvXi5RbXLdJ7aKPXXb7N/uW7zxdRfVZKCd00la+ui16a6b69r7mvJo0mFZECru+XYD8pBI+bJ7AdD3zzxilOlMZAzIG5GAoO1mBHGAcAgYH4evNdm4QgiMOW4BUyHkY7ckbj1GAeOQM8VKFCopMJaRXGPoRwpbIPAGRwRu7ZAI9SMI6tWj8LTV7rb1veyTu7aO1m3f5n6xUi1Zu/Tm7XXRJu2qt53urJnLy6JLsMioqEsNwUAsFI6tnjIGM4POewyapy6OVkU7A5O0hvuuGGSQcnvxx0AzkendGRQzNIr87Vwr5B3D078njC5HHOc5mthC0uZoMhlZUd2yQQeDuzn0AIHXhscZj2a6xTSSS9FbXpumtreu6H9bqWsnJN7uTeluW6Wlm2tdmnvuedNauWKSoNqksUYk4JHcAAZxgDBI544AFNgtSjltieW4Koxx1BAyBkfMDwMEc4+h9BnsYJNzRg7sgEs3y4HJG49cnjGTwfunOBEbCHCDy4lOc4DYwQAq4POG5BIGcdTk8qKK00vunbzsrKyTulprdtvXsP61O2qk7bO7V17trK1r6Nrp0OPks3U75I0wUA3Nw3PHTA4yBz+JrLu9OwyjyhIDj5h1U9hngcHGSRg5OOc16Pdaf55GwOQApPcHA5Gc9BnGQd2Bnpmnw+HmuEk2qUcsAI2P8POOQCOeeM/N6ZBJTS25b9O/ZX81a6ve63V1cr6w1LSTv300aa0t1vfvp52seD+IrFoLdHcEL5yBCAPUdCMgA4JB9c4Axg9Xoipc2EW9EJHyEFc7htGCABhixHXHPr3q34708WulAeWQ8dwoIByihey9QFyo4BqLw6qp9nLNtQxKRllC7mG35uSQQeehzzzxiuZU4KvNNOzgktt20tFppe+ydk97WZ6jqueDjOL5pXs2ml2XW3e3y3K7aRIyyERhcv8qD7zAHpknPAABIx0z3AEw0YGB2kjQKrgknGRwwGMcHA4J7k9Ohr0FIoAmZEi3LIGLhxuIYggg4GQAeMdMADPUV57QPG5QNt8xTtfIBX+fOARjPPan7JJ6RjZLmabbd7JaaWTW/XyZxrGytGMrp6JNdLcq2Sbvsul/wADytdFed2aNQRHuG7HOOT05yQcY4I6dN1SXWiNEsNyY1EUmBtIK7sHGckc5P1yAOAevq/g+1tZdSmkuEVooxIzRNg7j3I9cDgAA49a2/E+naXfWMBtYyjRStuyQoPJOF9AAeAOo65JOXyU3o1o43va9nzQV0uujlr6eZtHESdOUnUu4t+67JqzhZtPV6Nve3Tq2eD2mnvJKFkiQK0jYLHBxgYxxjA5x1C5+Y5yTdg0VHaTcQqq5CrtzuJ564yw68AjH0zneSzlWZQV2xK5VdzYyfmJGcDAzgjJyMEZyK2UtVbftRVJwM9ChUdcjp69Mk9xSjQi3ok+ibVtrdVdtq66vSxz1MY3e17bPfsulmt9uzRyT6SFUbURRuX5eg7AnGOmMDAAP12gms1gqeYIlJAB3Ag7cknOVJAY4zjgknA4zXYiyQK7O7Bi20DO4cnoTuOOoyAB149Kk+xw7HYYIwo+RiSzd8nrn1zyOFzxUvDLV2jdcr1W9kr7bXSvpZfeYRxlpR0eiT2e2iSs16JWTSWuy08s1rT1jspZMgkDOAuCD7bguQcckcAdD1qr4W043FrJIoywk7qAcEZ4J5zwcn1OMc8db4rtJIbVWEbBSnzLkkDaTnIGcjjpyRnHAJzofDmyhubVzKp2tK5O0HbkAYxjkEkcj0XHGSK5Z006qi0r20002j01318+u57VHEJ4WVTrezvbS1tV/du1ftq72ZBJoMaRq5IYsoztXGDuAYZ4wBgYPIPXocUyPSTG2OMtkrvTI5BG1cdTuHOcAYwCwr21tGt1iPyIVMQ2kZ4GQOBkE9+fvZHoMVky6VbgIwEbEA4zlicZypA6EZBzt6DryauNBXtZpXs/dS00fZJN38766Wujk+uyj7rSvZO6Stb3Vq9FfW+l9+p5pHo8ed6jcynDKIwvUDOSd319QD1PU3f7DjVC7KpaTDbCoXO08jPHIHPIJ68jjPoK6dZrGcbAGHOCcrICD16EZ5BJ6HAGKZJYF4yIR8sYG3cSA5PceucDpg5Pvih0YppJa33sl22sruz6f5lrEc0eZySatZLlv9nok91a2um3Y80GlQs7DYECtgjaG/HpnH0/EHvFLpKgFlRSqgtuAHzZI2k5IOMde2Tg+tdk9lIGm4AHKluMgkDK8+nQ+mONveslu5Z1KNsUhXIJxtA5xjOc8Ha3HXI9Y9jqr6p+VtNLLV3Wlnd6WdtbiWMlok7PSzSSb5Wu77a28uuqXDz6dBEocgHCEtxghl6jA5J+h53AYAwRUitQ4aSNBIpDDIGMA4AGMjJ6kEEc/e7Adne2iEGFyqtsLRkDgDPAJAJwcY7fd5GM1Ts9Mc75RuCrgEHhTg8lSMgjjPU+hORV+x5fkrrRu6Vtm1bS7WtuvouylWbhdyvLRPdX1T9619Wt7a721OdksIlRSd2SMsozlTnb0zz0Bzg5PIArD0+BV8RRqP4DuRckfNxtBYckMM5zjuDk7a9CntmjZmwZPlJw2QoOBkD1b1wDnnnNcNFG8uvSBdsbZAMgYjysgcnuRz/wE89qnku4e7bVK0d2tI626N7X6tpXRpCuk7KWqV9Xpa0dLpy0eur1Vna7Ptf4kXM178HdM3OpiKyAEnJ3szbeedu7JJ55HbA+X4hj0qSdpFZB5W9VPAYsCACABwfukEqD/tAYzX35420UXfwZ0owIWQS7jtXOxEc7nIztAHQ8E8dMZz4B4Ou/DegnUjqum/2jOsW2zPlbvIkXOCy7cHng7uSOBycV0Y6fI6bdOTvGOiatry9+idr3ffsXh6cqkpJysk7OVk7pNNWvtpfVa3v6nmeteI7y80LRfD8lmkVpo6sIJU5klYkZ3YBYgA8gbQDzg19efs0TrD4e151i86SPzHwRkkBHyuCAOckc9ucdK+Ur+zur3Uri6js1SGVmu41RSiwoWJGQRgcDOOQDkHJ6/Vv7ORni0XXgkaHzFuA6ZByRGfvAdBg45PXdjPAqctpxVR8qjBckpNLTVuN9Lu7Tvpfd7dR4mUpNKbcm3BRe+i5Ur2bT5F0tZK261XyR4oNzdeItWdYgFl1O6IUKMJmRxg89QACfw57VWvbO8hgt1klMquCzRx/MqjOcnHc4HRsdPc16r4j0HTpdXuSHFrvupzO0bFgXMzArjPBwT7k5HGTWI/h21iaRIbiaceW6p5TZdjtzjZlm3KcDPH3TzyMS3GVT4mnzWb27JK1lf0TXZJAqM2rrXVWei7cy1d0uttHtpZ6bnwEt5F+ImmkjzEEsTeWSBjLfKdue+cj2BJxjFa37Ri3Z+JeqsECxtDGSFAJ5A2gkgckcDdn0HBFL8C44k+I9ipMqTiQIgkx/C3zg8DBAPHbOOOw9B+OOnaLc+PdTF+JWlaGLaIpDkrgDLcYDZGMA8AZwSxBqtBRUUpO0kmpN3/ldrpSemzXTZXNoTtQfMnZSvaNnZ6X0Sbv/AHU2rvRu58iFr3YoCkRZ252DkEZIDEqDg5zkggYyP72p4ft5G12xQoDG1zCWONoBDjaCQcZweME9TnOTn0V7PwhFAkP2TUWmXcOZflLEggnBA67RwQc4B45rm7fTreLXNPjtGZUlvIS3mSfMgLcjGMHg4OQAcZB6g8dOKc0m9OZXST11jaNlazfbdelhU5Rk1zNp6Wvdt7Kz6a7W0va/p9RfGy2vrn4WeEhHEsawXrIqKQWf5WHA4AAXbn13EEkDNfKOn6deMZm+zuUWFzvEXyBsHPJwMB8j3yF6gZ+4Pi5ZwSfDXwXFPL9ngSdibnfjLbcY3YGFx3PUE5AxmvAdPsdBSyu3m1c7DG4WFGKsCCy7gcfOSechR68g0sVUUK1uW65Yq/bRWdna6vpdN6772OyUIyd276Ju9tbW0tfS6v5X3R87SWF2syszbo/PRRlumWBPyg4Uq3OeMgD0r7Z8cTSQ/s9eH4ApYvfRo0gIwVAyAO/tjBOODXyNqdvp9vdk2tzJNH9qRtjOc4LZ3N9cjAGOmO9faWpWejXnwa0GDWbg29hBOk5mydysy4UAdMkEAdSSee1TFXpSsmk1G7W6vq7O90rN/LS7TM6dldR35VG179u3TdJva1r2TZ8PXkLyoRCGBYkO4PAO0jAPHfBK9Oc9SaqxWFzDaRuxUb5FJJyS3zAkFhk9Oe5OOua+gILH4YNJtutct1QNtQFTlgGGd2SoJ9DwBkkEhd1Q6rqPgPTYLq206e31aZkZLVFiURqxH3ixJzgZAJ4PHGcEKEuZ25Za+6nZ6W5dfK+qunrd+jm+tm7aJXWltrXWrSV/NapM9v8ACFq2pfs+6javCp8wzqDu5RRj94F4GwAdPQnBPSvlB9C0azvB9q1WIqkZwEUEBjwUkyeO+4kDOOc4xX258MorS9+CGsWrwQQ3EtteSbmkyYUA42nOcnGBn6nrX59a5HBbzypJIEdZpV3KxYyDJAJJ65yDjGOuPfWdKNot812tu2qf+TaSsltuXzQfKtEmr6J23i7Xvq79E72vbex6RYeGvC01sbuTWo2n8xPJVdo2fMCqupOQTxg44OMb8jH1RBpEGqfCXV7NbnKTyW1vC7EIrNHtUM0meFYn5yO2e3NfndayEzwGJn/dzxEqWOR84yxOcfdAPC5IGOQQa+8tSuJbX9n/AFOaOWX97JGRJH8pRlVcDdu4yfwA684Jqg3SU4qX/LvR766Nu9ldXvq35PogSV0m7qLXo7bu687pK781e1/H4vhlCl7crdpayrboFWWO9j8skhclTkZwDg44JGO4rJ1bwjoGnR3BUx+ZHDvSOO5R235wF2qxBxxkkdeoyOPFbnXL+RDF9svEdiCzedIRxzkHcCc7epIB64GcGnp+o3B1K3WSaaQEgMWlYhsZIJyS3I9Dgf3TgA8Vql23OL3d9F2Vtk7vu5NfNIuLheNkrabJXs7X6aPXq9bXtsz9B76KF/2eljIMsMFzbOC4xEsjnnPXO0Y+vPTqflaJ4xIQjRW8JQAkFMt3O0naQOuDg4PAJNfTGp3rp+zjcptbJW1lVlYDne/JHOBgYAIGMZGMkV8KSXTykK00pyQ20tnaDjgbTknsckg9+K0rRbVJ3T/drrr9ltXWi3beq03vZIKk48ys7vne7f8Ad0V9l189keuC80pZFjt5RPLwWZf3mDkA4YZHPIbAwOxyM19e+Jbm2f4IwmWQi0Is4pJHUALIrAsA3ORyecHuVODx+e+jzhb+D720usTbmAXaSBnjIBJ+YDgk9RxX3X4yaNv2eQik5t7qBCFIILEBgzde3QDIxwDk5Lp3jCoo2ba76W93ba+mv3+qIzbs2r+952d7WS1XS+unqrny3cTeHBHKjNFuUgrIjHcVzzt46nGR0HHv8tXSbvTrjXdPgsFlM29ACxOxhuXvjv6DknrxwfPJZcIY5SgDDf5i85GBjGSCOQTkHpgDit3wVNGPFOkyh2aOO4U7DwSoYDcD/dxyRzyOc5rjh/EjdXd47rZJp7bXXnq0rbDk9U1b7N07LVNPVdbdHp526fc/7QN3BpXg34dS3NvLNG1k6eWJTu80QZJA7LgnkjGDg9Rn40m8XWKxeWthcliSysJAAMnkE9M9uNzfjjP11+0RA974N+HUkuWTbc7VjVmKrJGpUsoBwBwQuMAk7mGOfjySxt40MHkTs4ct5pgfAAGcZ28DIGSSMDOMVrOXvuUovdJPVbuCs2r+dtbeqehKDnFWS0sr2XvbJK1nd/la7ep6n8ItQTUvFVpcLDNDHA6+YN5LK7sFUsRjdluMnd3x157j9prUzp3jK3S2gSaWXSbdpPMyxxhflUkgADGPzGQQAfMfg9OLPxFFGwKi7vbaKN9pVtyzAkkYJPA3ZOOT06V6F+1TZzP49sVVJ5CujQklY2dc7VIGVBzjn1HO4YO7DmpSpNxVleMtPP18trXa6DdlGNvi0b6dbddEttNk+6R4JF4zvYyqraxqiqEZFchWJH3sc5Yeu09s9q+0P2XcX2p64ZyFzo08o+YsA0iE5JGem4jacZ2gZr4Na2nKELaXCsMZJgfBJPGOBgcjP97g+lfbH7Kl35Wq6rBIJVlGiTmTcu0k7WIwD1AwAoGB6nGDSpx95aPpZ6dVtrftF73636kQld/Em7aXe+ytp1aV/l6p+EeMPEfiCz8R6vBa3DNb29/eRxqsIK5E7A7ycZyCMctgdhisM+JdbuvJSSSF3kBABA3BSB06EEY9MDBzx8x1/FMU0uu+IJxbXJLardBAAcECZwFb05wegyVAIyecT7FsMM0lpcCVlwPlOQCOCemAM/NjkZ69cyqL5vhVnJX26tJO23R7pO6vuK7k4xlJ6OL3dr3S06XXTv3ex7j8GYJP7V0I3EhDTaujBCSdjRSh9oOepYDLDkD7uAc1/Ur8ONC0rUvCPhfVpZ/DqGHTLCKW3uobZp3eSBS4kkcbgQc5DZOeOMc/y1fCFnGo6IsZYfZtbgJLrliXlXIbJwFUcccnGe2K/QXxf8VfEfhfW7nTZtW1mTTfssEqx2NxJDBAvlgBIwDgkE8kEAE5A4JLoY+GWSnUqU1Ui+WLvZO8baX10emiWzW51VKSq4eMedKy3vreyVt3pfX57Pp+0niKw8HafrOgXGmWOlWOp21+Zb3V7O5tEt4oAfmecKQNv8Cg4C8cd69ev/iZ4Wt7ZEGq6AXt7YB5ft9nsY4Xc0gBIJJOSQckdR1r+aPWvil4p1SDbZy6+kXlkO0t5PtuI3IxuJYYXaSo/UAfdy/7a8ZaraWkGmQakjzkQtE1xcyfaS5OFiG7LMexGBgZ6Yx1y4owqaSw1Nax96bi7pNPVcqu2rXk+m+tzmjhHKLSqtNRastLrS2nKry1300tqj+h/wAc/GLwR4a8Kan4gnuNC1N7e1nZ7KzurOWa53xsEh2KCw3nbuIGRyACBg/nT8J9V+IXj3xTr8tnqsXw28H6lcHVHv7m6szbqAXaK3tRI67XjU4O3jJwQMAn4N0NfFOjX91ba1pl3qF7bsksunXLXOwW4Qj96sjBCcY3AEnIAIOed7WNJ8QeI9EuTo8d/p9vcrJNJB9umgsrfZgmGMI6jbkdO/HYVlis9w+Or0asoLlpxjD2cJpN2ts1Fp66tXunr0OjCYd4ejKlFt+0bTf3a+eul3tpdaq36wXfj3wdb6QnhmH46C68VXsVxphvrvU0it7MYKpONn7slcEqobBzgnkA8f8ADS10PwVqd/P4x/aJbxLpupS+XqEst9CRZwQ78BJS0jjduAVlweMlRnFfjnP4e1NfskbWMjyW5AYxC5dpmU4OyZQc56khjkE98Cn3PhvxJeBIYdH1WNXLI223vJVIOCN4JBzx/dPODgZNa/25S0jKi3FfCnUd7O1k7b6pq99NLEfUat7wnZys9FG8k7auytbpbXXrqmv3i0P4i/AdoNQi1n40WNzommOyLpw1Ai9uLYux3Rzhcl1Uj5V4JzjaTXkOofHz4Q+CtV1bxFpHxi1WXwrdzvBZ6JZSfa9QgESHyNzuAyhmOMrnjdncAM/j5H4X1K3CQaho2ooGYIfJtboOQpYEtiLndkcn65HGdSfwtqF7G9raeHNTMkSsyEWMrCR2AVJDuU4ZfTAzkkAVhUzhzpypQpJPW0kne7VrXW6UXZrq9V2XdSy3klGpKesUrraTfuuMW3tppbVdl0P1X+FXjjw3d6brnjq71e7vV1u+nvppQubsQGY/Z4pmbksygFx1BJJ9T2Xir4w6De6Q9hp+laxN/a0ZS3lmVI4UUDaXcluEAIOeOQvQZFfNXwO8O3Hh/wABWmmarp+pXFxdOsk9gLWZViZyD86kYYkYyM8c113xnji0rwnGbS1m0+eZXgt4zCY3jiCgSOORtAySfY9M18TPLpOvUrygmnNzcm27XsrrVpNq+jT1b7I+6p5rCOBhRpSguWkotKV29rqKe+l1rfV6voYPwu8Uv4C+LWt+LP7Hl8Ryaloc1laWNldAi0V1MUk0rZ4VRg8+hJNfSH7K/wAKNC+Kfxm1ufxdpuqWGi6TBd69aEz+XDqOozo0othNkHy4TgSnkYB5IAA/Pnwzr3/CMal9tmaVoJdPMcVyqMwlnkGeMk7jkkHp25x0+s/hz8QPG95oNv8A2QNSsL6CO5gt57C2eKW9tpgQFkkBQtlcjcScBjjJHHpUqUXJOtZwtZe6lolC6laN1e/up3W9kmtPEq4uq6TjQi3JT5rLdWcW23brdtP7VravReSfFP45fFXwv4q8Q6X8PJIbXSdG8U6rBbQvCkhH2eeaIB5+s8eAMORkkdcACsrQfjv+04La61WxvdHE9+FnuZZ7eJhC6uQSpZiN3OQoyeSAVPSH4ieD/Hlpc3WsX+hX8ehXM6tcXUlsY5GmlctLmQfMZHYuSTksTgkDkeyfCr4aQa3odu62sxS6RkaGbzEWHDfuy4OSSTkkggnkBeePRozp0Eo0qvs0kmpKSje9ltyt6rTprorHnVJYnGTbr0pzburSta6skmkrPpZra991d+d3Hxi/a01BbeeHxpp8CzsHC2yogJUYPR/4cZA99vc4jt/G37WOrO9zD8RpY5N+JI4pmARkfAXK5XLAZwvofukgV9ZaX8DbxJbeKa2tILe3lHlgSDDgnOGG49QeAMA/ezjr1/hr4eWXhzxRrcmo3Vt9hkjhls7aNQY450wz8YC78gZOf4s4642+uvRrFSTslZyvraPlrvrfda31ZNLBrWP1W1rbxT1ai9Pu7enc+NY0/a11KcXkXxY1ON8l3t4bqUMdvH+qKLyTjGOo5OK07Twp+1xd3Qaf4peNFgnPyCO6dTlmGTsBK45JJHUc4wSa/RSzufAtlClw32JpwXeVWKb+dwwSAe5yw7EYIBAJ118S+GLayjmjl0/DyZK+ciMqDk8kA8YztHQZyFzmsXj4py5sQnazTUknfT5q+iaS0011sdkMqlJq1B62atG3NorX0u7rW3R29D4Osvgj+0ndzPLqXxm8ewRTbYzsvZdoLnBBG44xn16Ae4rYT9ln4jXStHq3xz+IBQrIxcancIrN90qoRwFYgkDjv2NfSniD4x6G32yy0ye5d7eQNJ5ZVlZEK70jcgZbqMjJP4HPN3Hxd0ie006RZNQS3e4zcA43qFb58E8ngn5fmBPPJBrB5lgo/HXVtNPaeaXLvv30OyjlOJl8OGa1Vk0u6SV3Zqzu9O9vJeHwfsV+GbmVR4l+Jfj/AFiQMiyQXOv3qLK7LkYHmAcluNpxg8Z4ru/g3+yB8LvDHjXxLqMEF1eX2lpZyWCeI7mTUkjuWXzRcq9xI7CRdg9MZJ4wc72pfF3w/qF5K2mztILC7t9v2mTYSFADZx2Uk5bj+E4yeeRn+Lt68/iKWItFcXdzAi3VnKBtgijYAOc/MMNnBJHUAZ+YcWIznLYqLXLUUZLduSasovXpL3fTZ6LU7sHkeLnVklT5ItbxbjzL3U+vR6dV11T0+stW1K408T2F3caO1rGiSq9rDbCQMgwiBQMkbeCDzwFFfG01xaLLrt2qmO6k164PyYQ7JGYE7VxnOclemc/jztz4xW6h3XGvSGdpULs2d8eG3AE7gCCevOenHQjlLHXY5Ir2dLjz5RqrmTcRudeADxuGMDdnJAx15FfLcUZtQx2HpU8PDkcZJvu+qbs9dV32VnsfovDOVywNapUxGrnGyvJbK13a75nZJ2TvuvI7iKe2tLiZimf30TBpRgq7kbmHGOf72BgZIwua4Pxpf2d1rmrTzW0NzajT44WhuJFDMHALKgbLDIByeMYwMZGINW8UYvvLtvmP7lpV2Bj8uGLK3Yck89V5YY6+ZeJ9c0LUNSv57j7eZ42hR0tySMAZdmUEAbcjK9Cecjkni4c9tCu6ijzckNru+lr8t3tq1Z3aR08UVqSwsKbat7Xa+6i5Nau/N2d9Fa3c0J/s7afBa2dudMi87dFD8wjET8hlUg7g3pkZJwQRjFeCwOmXHnR3PmnaqvGvBy/LEgnBGASDzzk5BIFcl4q8SWupx6T9lvdSt7exjWBNkWGJUjazFfvKmCRuH1OMYt6trWg2thDL9o1G/mWGKe4lRvKOFXc4cceWMDA68nIyTx9ViMJXqtTp86vytyno5NqOijs2nZa3ur2SufIUcdgqUG6klzU4q1m7L4eVJK6T36aq+ps+AtZ0zR9V8XLILt3vNYtAk0cgJQ5yyqpb0DAEkEY6qpDD0LUvHsuneO/Ceq6d4uittFjTWLfUdEuLjbvkhtVKz3THOMvggDJOPz+X9N+JOl2eqjV9N8LvcWUt9EJBLMXQvESH3gEAknk5IwRjOQcxfEXxVp/jfVrOHSNDtfDt1ALuSe5Xa0Uv2iII4wpAZ9vCrkBSCMHFfQ5dgVGk3UkuZ2Sp63bbUrx01vro7XV+9z4vNMw9tVmsPNRTndNLldnNSuuy8npJOx9G/Dr4y+IfFHiy1jX4heGriKTxC9imkWlkgup7WSd18qNzjnYAgOOxOM1+e37RskUn7R3j+GORrOSPUHBRF2FNsIBxjoGIJIBLbieuOPsn9lT4E+Hz4u07XNa1yL+07K6udRstJa1kimuLiMl4nMp2sqhuRxtHtg18J/tFXsX/AA0v8SpI1YsdbmgVnbJjcKFIycgksSOTkgKexIwpx9liuVWjonyap3TV1a292l962sebWVepQhOtLRyjdu7sly6rfV7W811Sv5nrDLLDe3LyyiWKHaiNuI2A4L7iAeRjIx0yQDjFb/w08Z6lo+n3FhbXcz2T3CvNHJu2kN97YQdwOcgfMCRjAUDFc34suprCGaJvLYz20QCgKAykgEEn7uc45GSQfYjrvgxa2+om/ju1gAUoqCQAxKxU4Jbp8qrkAkgnIGcGvaUpR5VeKko2ktbq9vPlT0W6autOh5c6cLtaKTve90r31teyWyvdX8rHqGteNNHGlkXURU3CPGWRSqHGCvm5AJI/vfxZxxkGvJxpdheRTuHieSRRMjpGFZQeQvXnaDyN2DgYJAzXXfFaJrHTdPjjt7ZkFwwBjwWmQnjOMHHYjJ6DqCM+W+H9Ru7q4azmf7NbGREG1OQCcEB+uFx1yRwScHrjVSk23K1kvdtJWdlpduy73v1szTCScKtOKkmk4rZpRulfXRJaa2W7Vn1X2f8AATRT/wAIb41EfAFnO2+XhW/cHtn5cD7ozxg896+OviPDJB4ltohMqstqg3FDgKzLlcnOTkBt3UY464r7i+DCPZeBvH8kkk0irZSLGV6keUwDZC85GFyePYc18N/Em4EvimIHIT7HExB4YNlSOccnuR8pOOSOp+ew8lLGVmuZcu931SjrZK7Ts2lrp3ufS42Mo4Ggpu12lumlzNR1s09NXfXr6Hp/wT0LV7TxZomsPHFJYi6cfdAdvlzk5ztBIyMgZABBzha8x+JEskvjfxQUldM6tckRRgBfmmLZHAznLE+20cDp9A/Cm7t477QLLzZF8wiZi2RjEXQcZ55z6qcnBzXzx47h8/xb4kkgd+dXu8DDF/lnYbuO5HJB46nJwa7vbOcW278rtvorWuk7Lez/AB6I4atNQjTUVzbNqNtNIt32et1vdr8X7d+zULldf1qZppV8nw5qhBLE7/3Ewwcnpzx3HzYzXhdvoOt+INcn0/Q4bq91G/vLsQWdqjTXMp89siOMAsSwOe3pwK90+BMotb3WpN0kcieGdSHONz5gm5UAnnn64HI5FWv2fPiNY/C7xq3iq50E+ILx0vILJA6xTW0pkO14yyttYnhiBxkbRxg8mMrV6WFqTox9pNc0oRu0pStFatdNbu1m+vc3oezlKhCp7ilJKUrfZ030aW9mmnda2dz374KfBH4keE/AHxO1Hxrolxpemx+GZJ4lupQl/nyWw72xYyKnY7hgZB56Dzj4H/sq698b9OfX/D+qWWlabY3/ANguLm8V5PKmldgH2hGGNuQRnPbpjH0xc/tA6/430v4lzahpnkya34SktV8643vZ2kPDQyJhUZ8AYkC5IGDluT4B+z/+0D8QPhTDJo/hPWLLTNBu9RttQu4ryyjuoppYrgKy4bOSV3DJJAGehHHymNxueYjJaroRhh8wgvcTu4WST0vo/d11k1dvu0exSw+CjiqanzToWa1XvXilyrePMnfT0fkj6a8afsuat8APhn46stQ8RaVraappBuY1tRsmHlqoeWSMqrDcSCBgjA5yBivz68B+FLbU9Jvri4hQTW7RsriMM/loxztUkbARjJ68jHfH6h/tafGH/hPfD82pLPZzT3/gaBJ7m0j+yQedtjWVI4VwhBkyG688gcGvzX+GesahbQalYQxRy+dCiFiR90Ak4yMDC53AkDvjrg4Yq5tXyuE8zqc+KU5KcopWkk1ay0W2jd+7V0Z4uWGjjXGgmotctlaWtoWXS1993912e4+JbeGH4DanHGN0B1MRrkbMbdpAYZBycEZwScDrkY+WfCPw/wBV8T6nHY6SQ0t6pKQuCQigDDNgArkFidwAwpzgAFfqbxvPF/woZpYYZD5+v7GcH92GyO49x6diQcZrl/2bde0rRPGtnd6lb3E1vJY+T5ZwTI7DYVUHO49Bwc8nkg4r6TMcZUo4H21OLnOjBrW6UnHs9U7aXtpotehyTV8QlNWVo27JNpJWSu1ovLWz3ZnfHLwPr3hH4afDvTNXaMeTdajsVAzHO5cMMbgVzxlM84JHBr1X/gmV8N/BnxK/ak8M+G/HujrrXhZ7G9u76yf92knkqNpkcc7QSSykYJIO08Eeq/t7y6bD4E+EF3p1i1pDewahOsUsZV13bMDPLOpB3fMevOcnjjP+CXGtfY/2p/D7BiiSeH9bSURKHcqsQc7RkEMRgdenfHI/OOOM2xtTw9zvMcHOphsXHLMRUpTg5RnTqQTs4ySunpo07pWel2ehlcKX9qYeFRxcXUjfRcq97XbstHb1sk7n03/wWX+F3w++Gnjj4S6H8NdK/szwvJ4dmliso+IFui7eabdTjCjAHr14O4hvyF8AaE+p6qyuWKRMjDaQxJVwQOc9Me+QOCK/Wr/grZ43fxh4p+EImgWNdP0HULWBHyHMfnSIJpchQGbHByTkc4HJ/Mr4UwRwaxMWmyqo5JRiQpO052+pJIHPGCOQRjp8NMRjcRwTw7iswq1a+Kr4HDzrVKknKc5TSd5OWsm9LPy1feMe6LzSvGi06XtbLyWjelk2k2/utqtDv/2qdKdNO8AW8TZkm0EEl8DKCMrtz1wAOpPXGT0z8ueAPAet+LPEWk6LpkaS3ct7A0MRHGI5QzvjrhRyD2x2Jr61/abME1v8O1MzM/8Awj8rFic4XcwG3rgEDAJwwxnHWvNP2etS0vRPiTYX97LLFBawuoZSQFaQBY23LgAls9O3avvsRUnSpupdxfLHR2ej5V0Wtl00vfd6XxjTo1KsbNavve+zae+3XVaa6jf2uNPvLTxfoukX48uex8MWMcyYBAaFVibgE9GXIOQSCSO2PEvh34Pv7/U7aeEoYUntZJm2fMoEy8HOPmz1HJPOMDg/Sn7YwTUfina3iFpI7nw5ZTL5e5jsZjgs3Ukgg9O5BArm/gnp9uttrNxK8qi1a2liOwkK4kU/NwRtz0yRjkngg054r/Z6dVtXlGDVl0aWvVq6Xorvd6GUKbniZ8rTt1u9XH/gK22nla7yv2kNDFz42t4VlUmHw9pwwqYJIjTghfuhf7pyM9ycUv7Pnw4t9T8YaddySMWtgZYC8e9Wu0yQNvqOvGMZ2qe9X/jlqL3PxFnaZwGbStOiVkUgIhijOWPBOQRwfu5GDgYrvv2fb1NJ193k+0Mbd4ngRQMO8xCswznO4HO364ziscTikqPPBuMXaz2k7cuu102tNNHZ2dtBJNVpRfK3eSurO7Wv3tdLNabXVjx/4/8Ah+aH4o625mSSRbeEzlkUNny14Uc9OoIHXaTkYB6b9nTw9a2XivS9Ydop5H823eIoRsba+NwAI44wcdgfvVk/Hq+ubn4q+IbgpKdxiPJCeXGUGSwAxyuMZPGD7VP8F9cuk8aaDBHJFbW7SSiVsbgXRGxwRknAxzg53EDnB7PaOXsnD3bqDTau9VGzs1v1et+t+8wqX500+ZXSSsraqzTbtvu36p9V37fCC7+JHxW1S2tpI9ON3qjEsVLHy485cKFb5GA4bBwdvTgV9eeCf2ZpfBM8niR9WjMljbX1rHamPyo5C1vJ+9JKrvXORyRgg5yeB80+Ffi7r3gn4uXWp2Nlaalcxam9vGZ1VALdsqQFHLKDgknJ4zkBgK+/PDfxR8W+OtM12I6Vpl1p8Om6pPcNGQqWtwbaVxFu2ZO0/N+HU9/i82xWZUM2oezko4b2kFebSu5OKs4+uvlp6HpYaUHQknFN2V22nJXte9mrrd+7fTXbRfjz8OvDKa78fV0vUrW3u7e48TX6S28hCrKwuCFHzDOMqABnB52gHOP2wj+Bfh/w54T1DV7Tw1Y6drdtpd7dRzxsolFuLOV1C9Ds4wyj14U8Y/F34WXdzb/HzT9Uv4sMviiYghikbH7QSSzA7SBjHOc7QSSDgfu7418atf8Agy+ktUtt6eG9SilKzguqLZSgFhnnAJIGducZxya8jibG4+jxDk3sarhRqunzRTtduUIt6WV+u/TbvphY0pYWs2m5Jzu0ndJ8nK0uXSWm9/xVj8K/hf4ETxp8QPFg1G1juIYdQvLll3AYLTs3QZJI7Ac5PXk1+gXhX4RaFoeh393Bpv8AZV7Jpd8zytFIjmMQsV2SFcKnQAn1wWIBr49/Zf1u00bx34nutQspL4TvOxWJt2w+ecMw9unf1wRxX6XeLPidZah4QubLTo5lD6DeoxktlLLi2k+VZMA8Hoe3PPPPr5jmFdZtRo2fsmqd22ldvl/wxf3trS6u0RTVL6vGd2+e65Wo6Jta68r0Tbb1eqb2PhL9lP4O6L4/8ceJLbVlW4+xy3V1EhmaMk+e21y2OD7ZxkjB4Ar6R/ad+D/hr4f/AA1N9p8AjvZLxYXmS6MyyrKHzDIPvKOOQODgk5+UDyL9gzxHDo3xTu5tR0fUddi1Ozv2FlYyeWxaCZgpcDkqoyWz0A4BbkfSH7dPxA0fxJ8N4LbR9AbQWTW1ifzztadow64ABHTJDHuc8ZyTxf2hj48W0MPTV8K4U5Ts9PhWtnfq+yvfRk1nh4ZfF2vJuyfKr/YfRSTbVr3avfqfnT8CPAb+IZZbxoLbyo5ngkk2LIVUkkBQcAgdySe/SvWvj/4S0Xw38JtUn02IWczXNtDMIoynnNuwztwOSeCOcHgnpWF+znrC6VockJgY3bXhdTE4BKhiWySegHBII68CvQf2p9XuNQ+Ek8sNrElob20XcGXezDOVI+UZPHJ75LEcmvuY1KtTENSi5QTl9luy0s72TXRt367PQ8yEo8tNXSbina173STd18ur+dz4L+FHhFfGOunS5rkQp5KuXaPcQAAyqueeduGOQRzxknH1r4r8H/8ACE/C/wASweajG4ktFZDCRJHhvlXgbSHGCP4lJx0INfMHwPvLu08VRtDcG3kNu8oKoCdgAO1vXBB5BY45r63+KevSal8J9bvJbhHd7+0HlFQGOGKgE44B/U9+aicarqOUE7Kzd9vs7K97628t7LVLup1401CDtZq/S99G7a+aSvq2ebfs7fDqDxsdd1OeKN5rXbEkJi3j5h/rQDgfLgk/kfSvofxh4cPhH4T/ABDMd0BJNHp0f7qPyXCmcqyHHy/dyDjnGTxjNePfsneLIrU+IrBjM93OYnjjt8BWCqMgqQRjGOhAyD04r6E+PHiG11L4Na7Jb6fNbu91p1vO7ECSZo5yGOcncW5AO3B9DyB4FWGOePjOKfsbe8rvl1UdbK6vqkr97s2hXXK4rtJp2tfVu21k37rSsr99bHH/AA48AWz6f4fkkn3fbl0+edpYtxkEjx4XJGSA3J45PXnBr2P9v+yXR/FfgDTHEZitPBemFNnyhd8SKCAO2CfujBHy9M1wXwk8aadcL4R0O6s71Jd2jQiVgBGp8yNQFJ6ht3I5yemQDn1v/gprawJ8W/BdvDMPKj8BaQ2zhcnyFYY7ZB5OM88Zz1+eyGWMfEGJ+tNqlGMvYqU21ZyTvZ7Wst2t077m+YzTy5Qh8TnFycb2TbjpK+627K/qfkjqjq8wtFlYKJZJAWyVV+oC464OSxxux2J5roNH0BdSeILdsjnT5pJ2CEqwQH5QMggHGCVGAckmqmveH9W0eCLVNUsL22stQeV9OvJbaRIrlfmGYZSBvUgENyzc4OPmA6bwPqGoidYbHT5L77VYTROILd5pYIwh3SeXGhYjjIZgueoYn5q+4nUoSp1JurT5Urc0Z6XXKveUeVWXXTa21rHHglWjBJqSbs02pNuyjbTTTdX5dOy1vHpXgKTWPDw1K2vLZJm1U2FtA6MEZ/4pmwOmMHJ+UYAHODWV4i8D6zZwwRboWMKzPMyxkh1hZgRGWBEgyCSAQQNx6ggeheHJtdt9Km0uOzuG05b64nSRrKQTJKQQCmU/2R8ucD0GQtegHUHvtO02DW9HvLaHTLaeNbkxNsl84ttMqbQxQs3P16HdmlltbLpymq2KprmVk+dJbxWjvZXSve67aW1nHyzCMqMqNKco88edKM9VzRTStdaK7ve3lc+KrV7az1F55d2wwSRkRDbscDac85wzZDYyzAj1qpiMJKEDL5sgYKTn5MghjxtG4EjG7OOBxnPX+I9GNtrV2pCrC5aRI2iMQQSSER4BA4AIIOOmPU1iCCZHWIw5Z8gYyVAUlc8ZPByMNycZJbvnJ0lKSg04Nq0kr3WjW293s7aPZp2t6cObkjKScZtLmTTurqN73e26e2zSsU7NN08BJIaOZBjsBuGeOmcZ9cjJ61738SWNxZ+E1WV1CaYijK4wBGpOCT8oJyAQeu0/e4HidrblbmFflR45kJO0gAuwQZ7KAuMZB5J4IAr661/wTfa7Y+GWjtGnSPToSZYlPlxs6qqySbQMDcRnPOO5yM5xjKU4NWlqtOjdoXTaTa1uuz37GcnenNXSulF77Jre22jsm++ux84aXoD6zLPYzyPF5ojBlYbkC5UjAxk5HQeuCCO/6KaL+3F+0R8OPCOl/D/w/wCI7ax0Xw/odto9obCyWO6mtoEVIvPlUhzIMKFba2QD05J+QYvC82g30tpeJctcecgSS3jkdAF5AVgOOnXOR7c40YCk8t99qt797ppP9GkeCRmOzOFICjGOACCMAD7w6feZDxdn3DMK9LK8VVwqxcYRrqltUUXzRjO90uV63eibeutl4mZ8JZBxHTof21gMJmH1Wo5YdYmnGqoTnZSaumotpKKuur6arV+KPxq+JfxYjkTxt4p1DUYJlE89rKzsDIpBUyLzuOM9RnI9a8KuNDv0tBqMRnWDP+jOI/mWMDBKsDwAAAckHnG7vXrKx3VrBdyz6ZLJPdSbIHktZMNHuyUHyHkjr6k5xkA1oyz6he6etpZ6XcxxrGY541t3ZA7DB2tt6knkDjBBwflI8/N89xmeYlYrM8RVxFeyTnVcpzUFZqKbdkla6S26J7Ho5Vk2X5LRjhcqwWHweFvpSw1JU4LmavNQhypN2bdrXdnd2TPFrS41jSo5zb6lcw2t9CBc2aSvHBdAYAFxGGxKSvJ3DruzxijUbfVZRDC95drYNGLqKySab7NHIuPmjgEnl8k8kr649T6jeeA724S1kh0vUGIXcytCTySeCQOADg4H90DB71dT8J6ystqtpo2oytaxiOUNG+zdjBQnJwpyQOOQOMkjHFUx1SNKMY4hxgrL3W9U+V2S87abWV/V+vWwFCtFznCL5mpXbUr/AA9JR0slZNtao8igsyFuZo7+5y2CsQOwHac45z0wwwCBxjBAr0n4b/EXxR8NNcufEHhfxbq/hjVbi1+zXM2lXL21zcWjoyS2zvGwLhx1ztIGT2yJpvh/4wuTG0Xhq7jiUbpAoKghiCeONyjjAx06Y6VBH8LfGX2m4lfQXIKgwh8q4bgAjOM45HH8JxwM1x4urCvhpU6k1UjUXLJNtxd91K+tlokvJra55OOybBZhhZ4TEYelXozXJOnWip0pxd370JJqVlbdWb1S0PQPA/xm+JPhDVNb1rwf4+8RaVfeIfOvNb+xXksc2sb3Yol/hszsGLHcxzyAOayfi18VPGfxXt/DGr/EXxRqfiPUdJMunWUF87yS2NuCQuHJzgdMYGTxxkZwrD4ZfEi0ffBpMcUkgPlsXAYAbjgjqBgnGcc5PtWhF8HviDdB5btIVkkZwY2bO0uByq/wnGTwOvJxjaPmqGWYOGN+srDUFX5VFVY0486gopL3rae7o7Wdmk7q58lhfDjhzBZ3S4joZLgaecUqao08wp4SnHEwpqMaahGso83Io+61dLlstjyy90O1jS2vBduzzb5CB1Rz9zaSSRjABJznA3HrXoGm6kwiktFuJoxbWKxuGbcGLjO5VBHzE5I47+nNdKnwS8ZCOOMNavLsEZBOTjPOM9DjA5GQOhUY26Vn8EPHMcxk8+ziZjGGJfkhADzyD7AFsEBcZPNdtWgpq0YRly99Vez016J27Xaetrn3aw6m4OpTUklpFxvHZXdveimmlfVO1972PJ7rU4nhgtXjlkaC5KO9wS6eWSM7gcheoz0bGcDgYvi/tY/tEQtbNWYBYiSCVBGMoMEEnP3uCPXsPTJvgP4uYyM+oWoEkm5htUZPc5PTAIIzuPbAzk1H+AevPK32m+jUERnzFjY8scsR90AjPpyM7sCsYYeKi9FFqz2V76LZbu/npe9zspucXGFOm4xaSvHlVmlyrSLd7PV9bXb6k/gTx1a+D9X8PyziSb+zbiZ0KlfJAuI9pyvQkMSQcqc4PGcVz3xC17T/ABJ4qN9Cspt7gyEKWALyyO24qBggDpn2A7E13Ef7P99OkcSaoryIRJI5jYEEHPXHcYB56euTnXj+Bt5aanFcSx3GpRWkUciJBEGL4IJXJIBI+YEnGR25wZxNW1BR5k4rfmVo3VlvfdWs2nulY6KGGkpuXLe7ulvu1d3SvZW101v0s78foFhDa2ypOpCJbyrsICuGfJUAleWGBgkhs5wOK52TwZpF7eXl0bkxu0asIXOWLFcDcPTABx/Cck4xXveo/DrxXcRwnTvDWoR2Ukys4ddjhQoXO4ckc9OoBzwSKhtvhP4se+n26RIiFB5QZ9rhtuDnBOcDj0zkj0HhVa1NWjHle2t09+Vpr4tLb7N7W1Z6sMNNJOEZOzVtHpe3l0tGzb1elr6Pwq38D6RLFFEkk6nzisknVRzxtyeoJO3BxgAED5jXQp8OdHjkLyvNLu2oHU4HIDHODggDoSO3sM+9ad8HPGDJ5a6fBHsVmDPLn5gcZbgZbsSeexyRiujtfg74q8pVmfT42U5KtIGYk8gnlssCcLknbk5Ga45VmtFKye2iT6e61o2m9bq2/ZWV+xxEknGEtbL4dNLKXbXXdK3d6WPAm8FaDaCKW0V2uYfKZMSFkADBiW7DoVOMfTsfRbW/kjntTKcRoYQMsSSgGCSCOCMDBwOhJA4x6ZY/BfxEMtJeafGdjeZjLMoOSCwwSWB2gNjAA46CuptPgHqMzrPPrlqpCIWCRFnKIAxCqVAGOvAznBA9eWpVlZpy31klq7LzSvpfVb/K5rTwuIvGTi43/NWsn5626PzPDbrSbO/v57tUIXzNxRSQWOw/NyvPzc5PufXMms6FpZ0exaRZAzz/AHy3zDseBg4OOmCTznjGPqC1+CFmk8csmvlG2YMXlkEr90HnC5PUA/Ngird18CdEuooGfVbmMQO8j7vLUvhgcIGdeD6qM8kdcCuNSho7+89bttr3bPv11voree56NPA4qdrwaV29k/5bd7at6q1+nn846PBHYWSjT1BILqGPyk8ZOcpySCCVz6mug02BLhBNebWeTMQVXGCADwQASe/TknAzkZr6Nh+E3gy2iLy6owQIMRNPEh3EdRhwM8Y9yV4PNXYPh98MLSMCXVYosDeqXV5GNz5IJXa5wBuHTntisXOKcU3dtJpXlZ/C3bV6O637dTspZZinZtK101rez91dddNUldNXVj5zi0y2tbGFDHMytdEoUZSMO+T0BwM5Jxxkc811tulpFFPFDuiLvGGVpGXAx9CCT2OTwQPvGvYxafB3TrdorzVLPdG4Yj7SDjJHQc9jy3fJOAQRUi+MvgdpShPtNlcFmyqqRIRjcFypYlsDlvl54zycHOpWo2u5K176rZ6KzdtuiSffSz09Cnk9ZpqUlG1mk+W6TVno0vS2raW/Q8auvC1rqEsyW8UyyS2wRmhjLIznlecHJPo2AARkc11vhzwrqlhBbothezGNXhaRFJYgg7FOMjA7YI6nOOq91a/Gr4UaXMwiRbkyFgBDCARjaPLGM9QRkA4A5yADnUn/AGj/AABZweZY2mx5H+4kQLAgcgrg5PUg/e5znJOeeWJpq10rXTbtre6tdP3d/RvTrv1wyimknKs07pu1m1dp3trF28ntdtX242HwlqV8wkfT7pisyrJDtcbVUsRnIByMtx0yB7Yt2/gvxDJFqdtDpVypkliWMsCGKhjnPrkdDxyc5x0jn/av8KQAiHSL+4k3uH8mERqsmSVBIABz2zgjPQnNUI/2urD7PMtj4buZJ3JObpvvL1z8w4wy/exgBRkYBBzqY2nCzjyt6WstUko7+bXRPT5nVDLMKrJ1dFvs29tNFfba7fy0O5Hw48Tr9qEdkzCVIGTc2WjIUFgOuCOT6jv3FMh+FXieYT4jiQzNuYytkqwGcgEnGDjnHPTaABXCy/tWeIZIt9j4YiQHKuXYYVhjAztxk5Jz3GOgrnNQ/aY8eXChrXSrS2A2hwMPkue2cAHPXPXocjFc31yFk7dr2XVpaptPTRq3Wyd3bTRYHDx+25aaySbSafNdW2Su1Zq6ue/w/DTxHFLE0+qW8DeUY3IQkAD7oGR6ZGcjt1wM1JvhReGVbmbVoX2B4ydiszq2TuwScEgk4IHA6nNfNV/+0D8T9RZbeKe3gEkgj2JEDID8uAozyTkjjacY67cVwOtePfi1JG9zJrOoW8ZmEStCcBizEAbd20AE4Jz0yOcYMvHNK6i7bu1rq9rJO77a/knoqWAwzklaXMuqjK7uo7t6rvvq200k9fvPTfhToCwxpc+IArhld0bYrZAzgMWJ6gqQVxyRjlTXVWmheEdHPk/2m7sqFQGuoUUAknhRIeACMEYOD82cla/Ly28ZeNb64kS98TalGyI4YNOVLqinLDsB6Z7jjoKqG91y/s5dRTxBqFxHG2yRmnlfHzEBSM8sRng5OcnvXNLNHF2UJJqP2be8rR7JxVt3pp+elPDYSF24Raasm32tuunR7aeWrP098Q2Pwpu41bWrew1B0hZY5Li+jZ0GAfl2szZAJHAHPbGM/Evx3vvhTY+HE0bwhocVlr0l8ZXuxGci1VSSFmJy4JB2qCMg57knxjSNQv21izlE15ceXIhkMkkhjKKSxMiMzJgjg57ZyT0qL4tawmratYlBEGgttrCEgopwMbj8vzYBGD39Rg1y1MYqylenFS1ipyXNLllyttS0ael0+zsrbnVKnBQ/dqMYbLltaz5btP3VdvpbZb2R5d5+SpUgGONgcHdjPXrjkAnp1GeOM19H+Gtaez8OaFEoZS8MgZt207fMwreucrgDGcDBznj5ejUqGMmW3biByOqnAHOTgnoeePevpzw1orXmgeH5CyxxwWxaYsM8Ow2jcoOG5yRwOgB9YwsVKUteV8qSvteTVndvTa/S97K2hw4iClGKSd201Z2s/dv1WiW+nR9zq4vE8c0yW81kbgBlBLsec/KpB9c8kfMSe3SujfSvFTWQmsvD81tBcyF0lSLzAU+8HZFXAXbyMkZ9QDxykVvDZ6hbl/KQC5WRlbnekTDOD1xx3AI5wOTX1J4X8R3P2O9njwYGthDEJH3xxlsBmRGX5ccc4yP5erRy6WKVlZpOzdls9W/u0Wm72scylTpK03JttJJbbLm95dXH876bHx7rniDX4rlbd5oUniG3ywgRhtYAh+4OQV2kA4PHzYrR0R/EWrXFnBb3EbyzSKGhhUkys7AgMq7iSeOR0xu47c38WIF0nxHftJOzy3IM0TISFUyFjhQOwViMnAwD2Ndt+zfdxN8R/CsVz55tri+gF1MFDG2gSVWklAfAO1A2Dye4BHAxWBjSnK6u4vl5b31vFLTXV26W6nRScZtNq11spN8tmraWbcnbZNJL5H6xfspfsZ/E/wCKUk+pRQQaRp1jBCbltRkMP2kTLlDEGDEBiclcZPIAB6/pL4N/4J1eKdKimE3ijSNLMpL5hjFxKhByRkhRg4IAPGDk8AV7R+xR4w8Ea/D45svB2oS39rpkumwXEtxJ+8WVYf3ionBCKygKBwBnBwBj7g8Z+N9E+HvhLVvGOuyJHpujWst1IgKG4vPLjMgt7eJiCzybRzggZyTmu6rVoUsNOpW5adOmpSnNvSys3LVbK3RWbffR/PY7MMZTxroYeKd3GMIKHNK8lGyT63vql5NdT8nLz9knwD8Nvjp8LdP+IXxBXVIPFV3L5ejwwRxTXMoXBt5ypbyo5icB2xk4PtX59/txfDC//Zr/AGg9Rl0KS4Pg3xBGmreG4LiUTgRvgyafJGGO0whgAxyVBBXsTyP7ZX7dM/xB+In/AAmvhmZdHv7GGSx0m0twFuNFgt5QLe5Eqn5LlyAXK49MnpX53/Er9pzx38UdWtNX8Z+Jr7xFc2NtBbRPfO8gVY12oP3hIU4ABYcNjIC81+R4viPE5pTxuGwmFm0sbfB4pSavQjBxnBxabtUbU4vRxtY+uwmFr0K2DxVask1hZU8Vh3G6dZzjVpzi+a14/DJJNWv3R+hPhvxz8LNcitLr4iWTpZTwR2tw2mRJb3trcOQI5DIuXkCnGc5GOBwQa9Y8N/sreIrjxNF4r+HvxFsND0TWN2o6PeSzJcXSacke9k1aNWzEu3jLDkDJ4HH4oP8AEm9ln3xyybYnDsolYxnGCowSQRkAjoeACD0r1PR/2pPiP4bimj0TXbywS8019Pl2Ss0S2ki7ZEiRiyrlPlYjH54I5MBj+JcspunQrOopu8VWbnKk5OKbhKV7KOlovRNedn6GNp4HMJRdSmoTjGMbJPlk27ttN6OzVrWs9bPQ/V+HV9Pl1e70GbxN4Vu/EmjzSWsurwAWsN7dwswb7RLFkKXwNsnBY8nAJNdx4f8AGujabc+X8RvCdw9pcxtDD4i8L3fnCPDEG4aOEmOUqMHErLuweMV+EFh8Stftrq6urbUJll1GRpbiR3JMjMCWdmJydxOQSd3+93+yv2Uf2hZvCuvtbeMrg634YltbvzNE1HE8F1cMrcAzE+UV/gYEYPUdBXv4XivM6MYxzSNOveUV7WMeSacuVaq/LJXvuk9evTw6+Q4Spd0ItbWirJttKzUrtXaV9U7dbI/V3xX4FI0W08afDPWT488KeSsupxqUh1zRCckpe6arbmVc/wCsQOSQTxtWvHovEcM0uMsJCwHlSgq8ZJKsrKSrockZDqMEe2a6HQ7zX9U8Nz/Ev4P6fIPD6XbS6jaabeBr/RCHJZbqyDM09lgHDbGG3Oc9KnvfGXhDxslvD4s8LjSdXmSNf+Ep8Oxi3eSQEeZNe2CgJcyHkPuIBOeOePeeZUcVSVelL2bkotKzdOb91aWvyu6d1dpa23Pn54CrRbglfXlataUfh92ce67p2ejtaxzU2pxNMHEjAkklgSoJyD1zgYJzj3x0OBDc37orXR2My7yVZwEMe0ZJyOF4J4OCM4ztOK+oeH5YFupNCvYfEFnbklGRkivURRkGS2JCow54VySRx93A+Xfjj4t1nQvDpS2uRpt15uyWKZsXbRkc7FAyYyOGJOPvEAk1w47MlhMLLETu3paPMn7606LfTXS6Wu22WGw854hU3o20rW1TSV7Le9r6W6WujA+NPxabR7/TlG4tbyPPHJayjyCgzlGZT88qsDwceoHJFfGM/wASrtfEs2urLLPLLcm5CSOQR3XecgMGwBtOSN3bGa5nxZ4nfWPKjkllYRhgzSs0iM7nLFScnjqig4A+U4JWvNLqRUyGc7o2Rjt5Z8D5TjGcjHOM+2RivjfbV8fUlWqSlFud4K7tFNRSau90vN77a6fZ4fDU6dOMHFJpL2jStdJRd1ZPXra3RH6B+Ff2lrWyGmi5sLe3mRn8+ZfnmYvn5XDEZQngYxtJxjI4oan8e7yx1m8vYrowzX10Sr7vlitmHEeM5PBPQ5ye4zXwTDPIGjuFmaNtxATO0jB4LdcseOMcYGM91utVllkzJNI4VwVDchiFIK/MM5HIzjHtg1tCvj6SUViG1GV05vZWimmk9W76bbX2djqjgqV+ZJaq3ZPWKV99vK2jaR+uPwi+LVv4ntWa+1EWkdrI5luJysslwC+3ES9guPwIA5Oc/TGgXngjXbm4ik8ZXNl5RXAkCobmRmHypyNoweBgjPYg1+KXwt8S31tq8EIuRaW1w215Z2AhiH3sgbhh8jjPBzkg5Ir6qtvEM0EEs1ld2091azGSO4SUb5iNxUY6thsAAkjvxjnafFEsBTUcTH2r5o3a6Rdle9lZW23bvvfU5KmA5prlSWi0VtdvPms732XRO91f9Db3SLdbyZdA8Qm+RVIk8yHBjUDjOMk9myecEkk8gO0LTdZOorcyyI0KKFW4cgR7gQSYyDlsLnAP1IHNfmk37QvxM8O37w2lykUojY3RkiVlaEkYPO0MFXIXG71yT12LL9rzx3a7obe1tHbY5Z5Y18sMScyhSdoO30x8xHUEbuyPFWCqUVPlmk43S5bXelopq6emuul721OaeXVrKKgpJtXs+SMU7brRvlStJ6q6dtND9NPF/iDRdA0q51bWtes7Uxqyw5ZTLK6rgxrECGJYjAOMEnHTDH4K+Kn7Sni3xBpz+DPDN0ml6RKzQ3TWwxdX9vIRkTEDIRhg7B/UV8meLfiXr/i2+kudQ1W7klnn8x1Zn8iINzsijzhVAOPTknrzWhouqx6O6apdot5KylLe3YZ2tn5ZyzfeOBkE4BGOCRk/N4/ijFV6fsqNsNRkuWXLLlqVVJWs3dNK29lpt5HRhMvw2Gk6koqc7pXbVk21pFXvd6Xb1Vntsdfpfi7V7C+iklvrtZdI23FtN8y7HQZAVSSeSSSQc55H3az9X+J+pa1qs93fyXEk80guZpjM3nvIvypkhhhBnAUscdDyQK4LVfFAuJ7iS6Owu24vHhBIV5VAowAB909B19MnkBq8M7zXMbRpK+4kHrtUjheflyM7iMADJwK8BKtU55c0oxlZtJt/C0rvfR6rr1a3udM5KSdneLtG17rXo4u97bJ2Vr7q562PGl21xbXcxMs8MpeIlyZE6YZiSxJBUFQS2DwW7D0y0+Knie70ldLtdUnMEsjTusjYVmB3FVYMCCvOMHrkA8En5Zn1FBIpLJHlDn5jyTxxksRu5OeOoxgDB1LHUJt8SxSv5aKzBkYqque3ykgk9R68AjPFY18PNJS973u/RLl79b9b9E79TkrRaSalOy7WV7cq67O2m/8Awfo2bxHqGsvEtzEDOWVnuHkLzMkYHIBI3KOT8xGOeDjntYPijPp9tNp9tY2cXm2P2WSeeIF2jIwGG4ndIxyMjBHDcYWvlWDUNREitNdSqQSEQhshAAQQwyBwpOcDOc8mrr+Jlkn+0fM+xfLxMzfM/Kqy+jAkEHr0HArjnhZTaV3KGi5YyjzX0buo3ur73a03epEJVF7rjK6t7zkvucVdOzbeju3u2enap4185o7J9PiMTIWdsFRGQxJZ3IUNuJ65455HQ5Wp/ES6W3+zWBghWGNYRJC+GYE4I4ILd+g3c8rzgedXfiHzY0trhQqsWkLkkSlT0GFAJTn7pJ3cKcZwcpEtIlj+ZS8rl45Fz8oJwBt6DAbr0xnPrRDBQppRlTmrWbTd037tknZtpJvm03S7M3jHntOXM5aNyu1dJxtpFWbb1T0Wl721XYv4suUliaS6EsTD5tpIbK/wr945Y5z7n0FZt/4tk1WURyPJsBVUCsfMdVzjIzkgemDyB61V0nw+t7dSJNcLHDu3GSTCg5yR5SkgY5HJ5AzyckVfutJ022uY/KA3RFVMsTb1wzDc5OMKx4OOCcjGSCTr9XoRk2qfa1lay9xK9n01S3W13ZK/ZSqqKUWpX2tK9lFW2b0ezav+it6po1lrXiHwtczaTYalLb2SeZcNp9ncXUVsI8AC58mNgksh4+YnAx2POfoPhHx/4osb230Hwd4h8RQ2xkmvHt9Ou/8AQkX5pJJWMXyqq/Mc9MHPevtD9lL9pLwJ8MdJuPBviWwuJdIu1ecXOlW8H2zVtUf93BYXjMHLW7yBFOTkAkgV9F/FD9oHUPB3h74heJbXwnrHwrTxRZ2Wg+GYdMltBY3MtxbK895JDGGzJNbPvc4ClmI9Menhsuy+GH+sVatSM1GVSpCnBO0moqDTk1Fttpe8tLu7SWp7abcuWmnZqNOXtFFT5uVNWs7tK7tZ30vJXuvyajS98PTPYSBII5U2XWY8tBJjmJzkMkqnIYDnIB2jJBq6nqjkRy2KW5vrcLslVhvdweC4JBJIBHXA3Bef4uS1TWdRlub/AO0TSyNdXMtw97JIGZ5Hcs0rqBjdK2Ts5ILEDkZPL28yXUkkYvWWZ2bfJkkbB0ZO2cdVU8dT0JrxI0XUm5u/K3eN38K06JNaa91fboTKqkpbtNq2qVrqN4q6fRJp20ve60Pof4V/FPW/CerTXl29pPbvIEubW9iS5s4t/wArMN5ZQ/OTheevGBX1HN+0Ha31zdW+l2Wg25uLEQXF5DbRRvPGoyY8iP7+4FUJIYALnOTX5zRfZrRvJN1JIZeVkyWVRyCXGfmYnccHkZPPQ10kc9tCkbR3RWERneRkOW6Hd7egB44GONoxrp3tCU1BWTh1ukrpLon56Oy32OONVxeiWjTbcmpacq6Pa3V630d0z3fxn8SW1tbmKw02Cwv2b7OLyAAEw5IbDAIQXzuY85J68jHhlml1bTzqzTGQTNJ95gCGLbpCx6sS2QPXgEnGNWGG0uYllt7zJVQXWU/NKzDnLHsAcj1AAx1BpfaYHk25uCsb7HcZI4O5ADkEDIxjdkYHQECjD1ZU01Fc6a5ZOWjurbNOzurXXfskXTxE1ulJ9W7L7UNnqnbRb9nZM7HQIEjeeTXLm4jsHj8xTkNKV4OVJPyckKMHHpya9m0r4h+AdKtbeODwvbS3ltHsguLuTzTdOU2+ZNGejsM8k89tpGD82NqE8kEiiGW4SMgSO+51jRT1wuSOgOOuB6DNc9FdgG5knwBu3RuSySKAeVjVlXDYGflPf5cHFZyp4mtN1I4ipRad/Z0p8tkuRvVavR38uXdO45t1HzTgm7xaTuuXSN0ne7Vr3aW+ju2kfcui/tNW/h7Q7rQYvCukf2T9okmewkgSVZZ2JCzx5XhkbkgNggcHivCvEPxbTxHd3NzcaFo0c8byLFZxWyRtIjEjdIq4UFQMB+2B3AFfP97cXt4pfTzK0VuhkKj5pJCSPlK5HGemSCTyecAco8t/DOt1dNPCjs0kzqDHsAyoVu+TtHB5B42k17eXwxCcYzxdd2aup1ZRvbldk27Xv/Mt9Faxj+7jJRSimkouySum47NXScUlv37b+wR69Y6jFdi/sINLgtXdrdkyZmkJGREQTgj5gWB6FQMYLH60+Fuj+Nfib4XTw3YfEa08GeDvsFykMWrMRcXxCkzpbqgDykbQcOeQOf71fm1c65JPdWkLzTLaRyMVLYCuobOG7ENkcHPA2gY5rvrX4o+KdKiMOhalJaRW6OkDwrse3DqUkCEkBQ+STgY6kEdK+pp4zF4ScfY1qrUnFygqkveSs2mofZs+umj3dzixVOnN2UUprl5XKKm227XUVpdXsn0te71PvnRx+zn4CEXgr4j/ABc8Z+PrvTp4LywttE01LWy0q5DFrlftQcEmMr8g+YN8pJIbNd5rXx4/Zsu9Ujik134uWsNtNbxaP4li1KRF06GFSGdbKN1WV1GAgYn6ZBFfkTf+JruW7N9eqbu7J3mUj/Xs5LMzuDydzZ6nBABHFYd74muJmAwxihcyGIsWQFgcZzxgY6d8MDzSxOJzPF2iqjp05K7jBNu7W85Wcm/eurt3/FzRoqjDmk5znF2V3FySvFO8VBqyu1bV2W1tT9oda/ap+G2n+FPsfhn9o740nUftI09LSSA+Rb6azfM0khkOWKnJwQc8ZOSw8F1/4q/BvxNK2la18c/ih4hiluIZZm1OOY2iBgGmRoxPtJOCuHBUHOexr8tr7xLdyKUjVDCjmSVVAUHIG1c8EhuCcZAPoM4xn1a4kcOmIEbLOqHaSoGCcgEfQ557ZHI4aeR4mUl7bGYmSlFq17RSaW3u72d7vRLpodqxcIRpxjCmmpRfM6cFN+9G+tnpZa2ta2y1R9pePdc+GMWs3Fn4KF5d6TeSLEdT1aXdJbyLtEs8MQJZVPJzhR2HHXg/F+vaVp9jHaaLqEmp3UUGyTAKW6xhQyyIgON4LYJBDHPB9Pmn7eJJGuRcS/ISyq+5gx6ENkhSo9uvQ8c0+XxJcMBHG2zywTv2geYT2YckjnqSc4OcA/LpTyn2ShFTnJRld88lNzd1yttJJecdVfpqxyxLnJNRjZq1kru6as0tEm11bdk7Oysn1+o6xdyxiThpZcLMqu2Y41PXbkkjux+g6dBEu9RtYnNxFboSWeMPhpAncnIycEdQcZPoK41b6aaMSO4jlKEu7Kc4+6Bt4yMABVOecHoThn9qohSCZZCsWC024hieuAgPKj72cYYEjPQV9DSwMnQikoqTkrfCrpuPk7NKy6W20F7LnV5x5YuyblZavlvqr3vu4tL3tF1v6loXg/WfFF5Kvhy3S6cW8rTfM0m1Ik3SsgXJd9oOAvGewLVnaH4YvrjVdTj8yQT2StF5boyGJ1UgghgNoyOoBOfSvdv2WPiL4M8G3fiS78Q6slrq8lqLfwzbPbI6GSVtsh3uSEZ92MYOcHLdh+k/gb4UfDeTQxrGo6fYX+q+JANQmunij81jNIZApMbsNpJwMBTkHIOcD6bKcjr4uHJz04tqXNeSvG9rW2eulrqWzvZaLxMdiYYNOUqUpKOqa5b81ls9ElfTdq6vbU+Iv2dfh3rt/wDFv4ca1e2c76fo+oW19e6iQxt9kcqlI5GbCllKAA4PIJBz8tfox/wUN0rw/c/Cm98SaJbStqdxqtvbXd3IwUS2ptwGtugZ41YbguAMDAzWtb6Zo/hqIjT4LeztdPW3MdvbBY90aMHG+MAFjjGQTn64GPmT9rf4lahrum2+i38ix6JLmQWgXYWlW1xG4UdMADkZzgZXpX2FPAQyTA+xupyq/FK2rcUo8yvfVNO6ta60toeHhsTPMMUqsYOlGmlGPVrZXurqzas0lr0T1PyatvCt/LoOp3Upt4LGOO4+yKSpaSctwsbEctgnaQDznjOK9t/YQ0+/tPjDq8BjeKP/AIRiVnYgOqN5gKnrleSckhsA9Mc14n4tmttM8MwJDf3EULTTSsElZijyA7Vwcr6A+vXpivbv2Arya4+IHji7e9nEul+Dri6hEnzNKgk3EHg8sORgZI44Ary8pVatinaSVNT1ha7srNq+7f2lslve6R14uMY05e83Llu3e9k+WVujSvZLpptfVdp/wUG8PXo+KfgnxA8Akh1Xw9ZIWSMEStayRxEswHzHC5J7EYOdpr5U8faNqVzrrSJb7lXR9OxPtGEzB90gemQD78EACvuD9tnxHZaz4J+EPjS3SaR5otR0e7j5EdtNb3Lxja2CFYgb89jgjpmvgPxn4j1KDWIFhuZ2iGkWEjxK5cOPKBw7YO0Ad+ep56171WPLNty0U3eTeiVo2a26PZXd13sc9kqNJzk5PlS0a1fm300bt3Tsmc9oejagmuaQ0gjHlarZM+QFYr5qncq9QBzglcbeOuK739oHwuviD4qyh9ZstIT+xtLEst0wVHVYEXkkc8Y9ieARjafMNC1e8v8AXdOuj5ik6tZjaJOFjM6Z4wOMdOMDOBwa679raYRfEKzRFAE3h2wLnLcMbdcE7eeWHseM84FdVFVXCTjNXaSUklo20tEr69bvWz6nH7vtIu2lm3unK0oq97Plukl3im7owpfhNoMI+02njbSr+6KN8ispVUUEOd4xtO4EEDPI4A4FeuftBaXNqngH4O7rmCCDTfD9zZ29xKo8qdVdAWiYnL4wc44P3um1a+BDe3VgkoFxL86EbYZWUEOrYGMsNw+QseQG3YGcY+3fi6x1v4L/AANt57ye1SPw/fOkwdi7PvTCkjkk9OxPOc9KdKniKUlOrWUldJPlTSfupWa1a0W+7UdDdypz5moqnbRwT0lZQs7v0u03ulo9T5jj0KGBgz3VmybWwAmF8zHzFs/NkMc+/wDEQea+grrT1i/Zlu42kRE/4Sjd5iJuTO49DznGSGzg5zz1x80x+GpI4FkGvTSAHcISr5VT0JBLHOOW6jr0OK+o7iGS0/ZZii+0Lcyy+LHyX4DAHKgjBLYI/HtkA16uEnZ1Jc/OnB2VrK7tqtNlZd9Uup5tVQnKCjJc3Mtnq02tL20astL6/JW+OxbQkrIZ1xuQMEU/OoHBK89u5yTyB0yfrH4URbfgN8bkinbc40wwtGhyrBmOQOSMkkEnv1xyT8syG+Eq7Y4hGTkjAZVOM7SRxnOM5GcEc4HH1P8ABy7ul+BvxudCVlt006RRtXAKO5wQxIy3XPA54JI56sM5Nzas+WDSirpa8tmr3tq0lZK2uyMcXFQhTjr/ABIKVt370WtW3121VvI+ZLS11a7ColxqQEcSliYZcMyjACHBJLHOBjpz8wPH1d+yLqF1a+NPE9rc/ag48G6uxe5UxSDy4GJRFcg7cHnAyM55Ar50034keKbT7KLeWzEKKu9pLSFv3hUHkkEnacY9hz83FfSP7MWsXniH4g+LrzUpLS4mTwLrTK0caw+WTbtkAKVB+U4YgAHHSowcKv1h+0p01GzcpJ9HZXStqrrundW8jrxU6f1a0OdSajeV2l9nu5XSs9ut+bXRfMWramk2uajdF2hY3t5bxqRuBAnkYtnAUZ45ABIB7Lga3w4vPM+IfhG1FyHDeJdOG/bmMBphlGGDknJGT1Oc56HlZfDx1O81Jo9XaCQ39+fLChgg+0yElSOg9cdDnOMV0Xgbw5/ZfjfwZcHU1kCeItNYLsIyVuADu5HJ444A6cAZrvtThVUU4q9l57La7u2930SfU44Nqm+afNdXs5dWoqy96X4a3toke4/tBQTWXxc8WwpdrFH9ot2VPLIjJaCPaVAPVsYYlc55I+bB8StUltb2PE6zSzujBtm9FHmKSMc4BAXPf1xwK9Z/aYuJJvjD4rh8+RfmsWLBcoCbSE5BHTgqOwyR614hBHC80O28kWXcpdyeiK64OD3PBIGM8ckkCt2+SrHld7TT116xve99tWrdHd7EufutJt2Ts29WmkmrXeq0s77edrfY/wC1ZNcLJ8Lpt1vFEPA+n7VyFYYjUsTgjOSOgPU4wTxXyAupS28q7VRnZnZlMn3u4bOflx1BPXqDwc/VH7TVnBqkfwxVLh/Ni8D2KjJLF8KoLBcAKSM8Z5z97FfJNxo8C5kS4cNFGQWbLZYDB4z0B5XPGeikV04qrCVfX+WC2TbSUbdLpW369L9EsLzxopxvtumopq+l7q9/mn2bbZ9m+PdYZ/2Wfh7I8ShTr92GZXySc9PmOSWHQHnHGeOPh836xtNJDkgSHajD5sktgHawI5wMYyScnOMj7L8S2Frefsn/AA7hlkLmLxHe4MTFmbdksCp4Urx8w7KMnjI+QpfDumL5ksc86KkuXDMdzHqRnqAAMnoeSCduK6cRUpxjTUlzfu42ilzO1lprslZO27a9Uebh4SdStKMmrVJJfzPWLk03ppt012tqfVfwruzdfAz4qCZY41jW1cKTuKyfLuY/exnGO+CeccmvkO+vL8XEZxGYSg2kKjKAp+Uk8dscEE44ODivq/4TaIk/wa+LLQ3kiRg25CHJ3Z27UPJ7kDBxgcAYzXy3feGkkRtt84G3AH3SHJJ2+3HTqOOeM4XtaXs6fK1FtPRPazjdct7Xdtm9fNpX6Uneo3Jt6Jtv/Clql28lvsz3P9nqdp9d8Zo6MzN4N1BmaI552MWUDoM4BwSCenygCvlvU5LeW4uE2lN88qhnJztV2525xkYAxkZPHzHOfqz9mXS0tNe8Zlp5JAvgzVI9jZyzmKRQwPO0ZwvbAznAOR813fhHVtRvXFtIGBnn5TbhSZWUK7Z3BRyM9iT6Yr0qfK6FOUZfE3r8lbd91Zr0Vk9F5jv9YqXV1o3bazUev/kul9zV+ChVPi54FgEW5ZPEVkhYkLvBkQtuUZ7biT1x64FegftMzP8A8Ll8Z2rTCGJL4IgXeSoxgjb0OeSQdpAPc9aHwi8Aa3pHxR8BX120CwxeI7N/lk3O4Ei8ZAJKnPtgnGSMVtftF6FLqfxp8eSJdRwu2pbUjIO7IUscN1GOTnpnA46nZzjHDu7irTi+jdrJ67tX177Kxz1IxnXglypqKvy2tpJaJPRXWv8Anrf5feMQPCVeSR/OjCgZ4AlXJ6/MWyAQenPA5z9k/tJCKPwR8JYYwonm8LQ53qcgiOM8YzyBnryM8nJFfL954UubeBbj7bFK6DPz7QVYFThfVvlAGCOmc4xj6k+PumalrHhj4Q29vPGksfhKDfK4H/PIZwCMDp8pycZz1xWHtV7sueKgrvo91F9bu6102vu7mqSptqze1tOm1+trpq/R230PjFb27gQxfaSPMG1VC7dpHH8RBPGRzwODgV9eePZCn7MfgC5jmOG1qUOpBxJKMnJOdoIzxjjqOQTXza/gLW5zC/nWk4QtuYtwox95hgcj+vA9fqbU/D9x4h+Avg7wxJPDbi01y4lactviZ0BbapGBk4OAPvEY9cOniqF5/vFLS+lt3yr0la70fmmtSJVEnDmTsuWO73t030u3om7fcfDA8RX8lwUcKUiLxp5i4CgggFSc/wB7qD34Pevrv4HXTy/B741lSig6bEQS24ZG7gEgbQOvQEE4Bzkt5g/wTcLMY9VhlYlisRXBDBuvIbgkc9T0ABBG73v4T+C77Q/hH8abOdYJHl0uARqnBQfOSW+UEcdRnPHPJNdeDxWFnVSVuZRk9bpJ2XlbZX7u9uiOerVck4uV/ei1du7V4bb2Wierb2stT89DLcxSecGXfGWKshO4/MdpAXPX0IxnpnGa+y/2UPEWr6j8SNGsLiY3EP8AZ2ojEjyZVjEAC5YncMYz6DpwRj5EuNAuYJYXnnSNGLHdErMM5Y4ZQMqRgDA4YNjOOa+nv2T7d4vjJo4Z5pI5dN1IIyjaP9SSQwOCf9nsAOpxkZVY4etzNuPNe3MrNrWCukrr8n0swlWnSg+WTUbRbjzX1um21e66Kz76a3vznx81N9K8SatZ2er29tfwatdec0ErM6lnLDCjhFXONwGSfYgnyf4batdv8SPCGo3OoPcyv4h0yNmBYO5E65bdkfNxk4xn5cEnipvjDYyTfEbxe6xK0cuuXsaSSuNwVZmG1mbJ+g6jaccCs/4X6ZP/AMLJ8CRtFIYR4p0tc5BUqbgcD27gN8oJySOtVgqVOg1a3vWu3vey1fT5eXmjGvi5YiHve6lFWvteK00t5u72tY9b/ai1JYvi/wCIlW6urfyhaSsQzAgvAjcKMYLEHLZLEEexPhmn6o5ltbz7bPIqzR7QC7bCZFAOC2S5OCegGe+WA9x/a901G+N3i1kSdA0dkq+Wvy4+zoNx5HGCAcc4IIB7fOum6bcxPbwCdiJJYyflwEAkUhmwCMHuSBtAIHJ49Kp7NztePNr1T/lto7aPRu+i37282nKcbONtbcuq3XLZ9XZ67KybvpfT9JP2vtRmtfDvwSFvdtGZvB9rK0ijHmFkXG456FSfbg9QK+Fm17Uhch1vW+SQFuPZVGQR69uScdR0r7g/ah0bVvEWl/Bq2tDHPLZ/D+zjYIwdnfaBlEGOeckHkZOfb5b074T+J2Aaaw8t+CnnLjfzyyqoOcAj73zAY9geXEVKFGqrz1fK9Go3crPWzs/Prv1sdalXnyuLfI2tfee1tWrrz0fW9rH0dJq0kn7Iuo3U0j+b/wAJLGxOwYJACD5SD/EMkevXGDXxLFrmuJJ51vMgViGIES7tiE4DBsfKRkFcHHGcGvt/VNHuLL9lbWbC5Rg1r4kiXg7EaVuTsDDOCTgAj+fPwkum3Vw8iQsVVGzsMgV0z1JxkcAdmwM4HatI1KVk01K+qad7q8dNLbNLbe2lthxqycmnF3SaaV91yp3+e/XTW59o/sieI9c1Hx7r8N6sMiJ4P1ZocoqqCtvIF+6Sc4yAOo6jJyK+Stf1DUY9e1swwwbf7RvWbzY0ADCdjwM/MDwATztA56Z+of2ObeNfiJrcU3mKF8G6uu+R8Jv8lyCCp7kZ644PUjn5W8VWvl69rTO4wur34by5RuZFuHHIGOPcelb0nH2ifu2dtmraKyb89nezX68s6jcub3ndpaaW2S72to13sifQta1K41zSMwW6KNW01XKxo3IuostyQVwDwei56AnB+4/2xrnUbfx14Ya3MI83wTozu0sa4J+yJxuLEjOD8pIGCvcA18AaRJAuvaS8IdYxqmnbtzlMgXMeMZznGdxyM44wO33N+17Nb3HjTwk5cSxjwZo6kb2ADfZk3Mp7A5A546YOACdqlFXVR8rs0tGk7ySva6Wj3bSsmtNCfbyUZcs5JuLe94u0o63aTt6a3T7K3ygus66qgmG02gsMtEmDhTgdSAxxxntz04P1f4+1fVY/2T/hgksqFR4wupgsSKFX5yduOQQCeO2ODxkV8nTtArMigurKAqI42qSp5IHPHy4PzAEEZxX1d8RraKX9kr4ZzQsoePxNchgPmJJZuSo5OO54zkYPJrOtShLk54rR7O3ktHs739bb+XPTrSSlzTm9LJrTpe19NHpZXezPE7fxprM0aRwG0ASNCWYLtwE7qR97B6jPPbjn6K+FF3JqPwh+OVzcWlvPPHoMe+UEBATg7gowAVAJJ9wx4xXw7psF9Fco0sm+EMqN85UAHA3MADgY/EDJwQK+6PhVoTRfBX42XEMgkju9BhjSOPMZGNrM2cglRznhuMZI4NZRw+HU43ST5ot2smmmndbK6evW1/htcqnVkpXk5OKsmt7J2t562d9HrbQ+M9D16DSzHILCMSxb5FuUYgltp4LD5iOQCFKjnouK9A+DmpG++KvhNprFEN54ktZPML5Zm3sdwYkjIJLY79cZryOysg84BbfAiEFWfH7zPKsD1yc9Tgk4HSvTfhYEt/id8P2iEgFvr9vuxnYGyxwOgbPoeCOMdFr04Ro81NLlumk23HW/Lq2uybd/vVyquJi6TSfNZLTSz+FatLom930V90zo/wBo2+0+0+KHjJ306O4lTUBiRz8wcKvykhTkHbk9TjmvJPDHja1t9X024k0q1jMU5ihdjtMbudgbPHI+bnoQOfSu9+P9w998UfFbOAqf2vMoSQEbiFU5Hc8gE54PzY4yK+epbQfaLYr8gW5iZwpHAMgGcgrgnOBxwCcmnOnGzSS31k/k79Ne3pszy6WNbmlybe6layeqe9r3Tbffo7o9e1i906ea+tjpNrNcvOWkkh2lg88yFTwOeWGdo67hkjAr93P+CjkH9jf8E+/2BNLNqFlfSJrhrZj9wGEOoVTyAc9Oh3Y6nn8H49IkbxTZWkEaypqNzpkYy3USzwq2DnG8k4JJzzjnBA/ej/gsXdx+Hvg3+w/8PEBWXRvAUOoz2+7a6faNLgZH29cFzxkgEEYAHFfm/EEoz4k4ZpRs3CviKjV7aQpKPMk352vrd6trQ+2ytyjlWZTsop04RtumuaO6le+ltLfmfz/69dg/vG0Ri/nFSWZwNvQbOOMgZxg85yBk1gXpkVUlg0ORR5GfMdXK4xjcB1JJySTnj7pJrf1TXXTdFLGGl3q7KzEkqSOnGQpC9AT0wN2BRceKXhXe1uQgttm13+QDBAyNp5zwfpkV+hqcnHl5la0d7aaxtbXW+je6s79T5SToSvzPtayXR9WtVsnq2ktEtTz37WRZzBbIQiS5UOxyAzAncqnIO0Yz1PBGRzmr9jcImmagfs0SpMNhYjqDx8uevuRz+dRX17ZT2UURMYkluPOC7x8qZ3HAGDjPYE8ooJ55QXdvNps8QjRH3bVRW4JDEDBA4JAHHJB4zx82sVzXc7XULxd/KO7Strpv3lraxnUinb2bSTfZXa5YrW+trK26d3bVto+5P2JXW2tfHXmwmCL7TaOzRnJZBjpgjvgjuMkEdcftn+zBfaKfhj8a57K+Wa7u9O1jzLRh++iRdMkLSAHrtYYB4zkY6Gvw5/ZFeSCw8XfaNqRyTW0bFpAix9+ST0AGB25A5zx+vH7I11A3hX46fLBOLfw9q2xIWUyMkli481VUklVPUgng55PTyM55f7NrVEnzRqQvfXRThZ9ErXd1byVtD0MHG9alTc03aSa3aTSb+7S61ut7n43w34WfVmWMyiLXdRDFznlriQBgDnGSxBOMk5J5Fd5pd7cNPpyxhAFhlZUxnG5CSPVsAYJweeCByRwloiH+2gsSgnXL4kAYbBunIzgntjI5OD3xkdvpvyz2IxHkRSk4/wBlSCBk9OT0zgDjIrtpJzw1Jr+RWstFok7Jedmn6JHFGnOFSfv7ttNf4kpNN+Vm909N9USSNczC3MbSNieUMUHC5fLA4GCBjHUemB0DvskU1tqEyu32kTqqA4L5CkEg55Yhcgk8Dg5Oal3ultbtFtDvNIpRQSSc5JOABwM/Mx7AZ6ZisSSsoJXdJd8sOGIHoDzke+7rgcCtoW5LNJyXLu5NKzVnHpe+m+trLfTSM5Rbu207LXVKzik076+87u+yVvIbdWxf7KJXb57dkdgMHAxxyR904Vic5wW5JwdKytiJ0j2kpJbZYEDlVB54Ock4xnHvk9Kt2k+25kKvshYqmMcljz06E4HIJXIHHzc68Cyq1rKAFDWblgG5A24G7dzwOvAAII5OCdFN8j5d04qTTbvtFuzdny93Hr1sgg3eUk272WnxOzjd2fk3v1tzXVxYZEK/KDsiiuAy4+RsNwgB24Gec9BxjvthtZhb3OmMsalN0rglQMNu+YDHBwOAcZHoVpoCrb25U7c+a0gJzyQeSF65I5xz6cgU+aJkfTZMKAkTOygc/NnkjIAI6/XhcDJpw91cstLbS89Grau6/DRaWatXs05RbVmtXyq7ulHp710k7dm7aK5qaneD7XaCPCIyk4GSN7H5uPTPueCufaWF41juHYnHkzDaDn0A6ngDkkgjjOexGbdFnvItuGSK3EiHaOu3ovXJwRjuDn2qxaLcSBi8a7pIJWAY42rjABH8Rxg5/A5zWcow5dVK+tluk7xWlrd+Zap3VtLoTirrS7TTflJcilotXdtS93q12ZGNzLbKX3pIqqSQBhMHK8dOQFOOn6CwztDLJzlGtwBnIyFPfHTkZz07j0qoPMElkkoIQhSx+6ABnkAZGSOAM8k47mrtwqtMsahAGgPOeylsAfKOuTx2z8pOBm7J8rTaUYtavW2itZ62d9dW7LyLmrwvzSjo7uzTvdKzi3azvbXWyWrSZu6c7Nb3OGyTbxsOhXAJzgfexg9OzKG44z5D+0C5Ww8JllThZmkBKgkhRyRy2G5zknoGPPJ9Y0k5FypACvAuBuAXgEYHYd+M9OeB08d+PqbovCiM4RjDKM8lRksCAnIBJ78HjGK83Hrkw8otpttPtZXVvNptO111foejlnu1abjr9q7jqtlom216aa+mnzxHuTDIsYEgyD0wANxxnOR3wcfNzxjhrYVMvEC+G2spKsTwckkd9oABzgjv3iSLfvBc5jXC5yA233yMcY5OPU5okAyI2wzA7SSRnB4+b5SRz93g9uwwfnI1IyaWy+Wt2ltp1fS12mfS803urJpaXTXMrbPS1367/NRNOApQ7kdVyoLctgcqBxkg5ORxgkEYro/AkUc/inSFZiC9/FuJGQpBG0EEY9wc4GDjqa5yFQzMJEj3ADczEkgDgjA9RyeOe2OFrsfhtGD400iIJlpL+A47FUKkAk9uQMjqM54ram1GV5S0SV272+zps3tpba90/Lz8Yqs4RSvukrrXS3rpay67NbXPulwGKIAwKSBdzMQrFU5GMZ5C9s/LwQK7PwfCs0WozMgCG7SPdyBlccZHcHgqemDlTgms650uWeZdqPHmTBZRmMHjIA5wCO/XqcV9XfstfAzU/ixp3iIaZtMek68sN3M/3RmJXAVMcnBxwPb1r5vinPMHkeWVsxxtaGHwtFQVSpKVormlFJN7u7eyW9tT0shy/E5jjqeDoLnrTjJqLaS92Kel+yumnv8AceQG3eF2kjGVkXYgBJydpyT0yQffHoMY3ZsNnP8Abiu2ZiEXc23A2kgnnHHBI44zgA4FfqjD+wXreonfb308u6Bhtjt5HO8buAAvcELnIx8oA71w2p/sKfGTTp500rw1qVwGKR287W24XDMAeB1BC5YAgAgZxxx+WYbxW4ZxU2qWOpJSaUJy0U37rtG+/otloz7ifCWYULKrBRTtJWlBvRptWbbTt102fex+fdtprxXM0vlv+8RtmNxBAHGTnjHIwDzzyMg1Vexu0aQFHBmCnOcEAEMMHPGPf5Twcc8fQPjv4T+PPA7ajBr+l3kEeguLbWXMEkC2lzLnZFKwXCsw5AUEEEAcnj5/nttQF1IweZlYqTtZiqQ47seScHpnqMY719fgs9p46Ea9BxqQlF2lF3j9h3te2qa2t3avt5tbLvq01CcbNeqSbcezd0tbO9nbvvG1rGzpFLPbIEVmBJBJOOcnAILdM5UZA25rCu5oLNRFCDcgSg4Awu4joWzywIA6An72OldDZ2UBubtmiZvJhJUu24AEE7jyOuMjgDtzWLDALu5uiXUwxJ5iLgFSVUgkkntjgnPA6HOK7qeLnVlytW2vZK3TR9tdl5LpvjVpKMYu1pS91XV7WUbvprpe972s91rzOhwR6xrNxHe6xb+HbaRybi8ulynlhxuESYyWABA4yCfQ5r2hdJ/Zc8NQi/8AE/iPxb43uo13y2umINNtGdd29PMU7nUkYyVY45+71wfgv+zh8Uf2iPGsHgf4V6BNr3iK5eS5MUu5LSys1Yh7u4kwscVuActk8nP+1in+1l+yX8Vv2U/F2n+Afi4NPGuajpw1m3j0i5+0Wgs5BlUZgBiQAjIIByBye3uQmoqNX2fNG6XM/h5ly9U7eTTtfXqeBUk6tX6uq3JUs5+yUouTinFczTTas3ula7WmxmeKP2gvAM+mXvhn4TfBjRNA0+6tpLS78T+IANV1hbdnXdLbSSqBDKwwQ4yQTjocV5Df7pdIt4owFLM2JSQjlXGeAOzHI56YxgAZrk7aPyNIlcoqN5bCNVUA7S2O4wc9ARgjryDWnLdPJ9htmZ1UQrJIOThERuMZHHdgM985HJVTE1a1pRSioa3SSvdpX0u2rL8HexpSwtHDxlzOU5TSl8UnJ6pPV7aWvr1fqfeX/BOjRXk8UatqDozql9HbxO+PlbcucHOCODwS3BGOma/pk0zdZfC34j3EqCTyvA2sqGXO3adNn+6NxwctzgdRg4ziv55P+CftpDb2dvdQuv8AxMNauZGAznZG4KknjjA6dc7jur+g3WL1dO+CHxK1JSPL/wCEA105B4BXT5QTnAG4Ehe33gAcdf5M8XsTUnxHll0n/wAKWEinLb46cVba7Tuvnre5+g5FTjDK69t/ZSemq+FNeb3dtL6JJ9V/nPeOoEuvHXiTfhD/AMJPq84LEkEvq8u3GOAQTjrySc4ya8++I9ky+J5FcZIsrVVwSDt25JAJzgYPTpg45Iz6b4vu7a58XardyfLF/bOoMybgpkI1OYljt6jODkcnGMHOa5jxpaDVPEV1ewHMCJBGmcklDEMFTjjGf4uOQckkg/3flD5cFglK9lhqK31t7OD1WltNEt310TP5vxkPa18Tbf2876X6qzurX5dUl3evnwel6Yw0rUXiyWDKgIPPLYAxk46kN1+pAwHw6VKMJwD5Ycsc/wASg8Drx3yM7s85Nb+nRm30+9gbeWlkUKRjG4kj0POc9+nXIq5EimOdisomiVVU7sEAHq3HAI7HqQCvv6aq2m3Ftcskrt22UbtX6/jbfe5zfV4pRc03Ja3beyte2ttV07Kzv0+tv2Tf+Cd37R/7ZtrrNx8E9E06+sdEuI7bUdU1e+i0+yiuHPy26OzjdKMZwcD0J6D5U+Kvwm8WfBv4i+Lvhp4yhhtfE/g3VZ9I1qC1uFuYorqBisnkyIzI6k4KlWbI5JXAFe7+AP2jvin8I/Cs/h74XeO/F3gWC8vk1HUj4f1OexS5uQuMsISuQSSMZyO/evn7xhrmq+LNa1PxJq+oX2p6tqdy95qOpX0jzXt/cy/62e5mkJkkkdiSxLE59ga8zLpZ+80x9TH4nCSypxjHAUadOUcRBrlUpVardp3V3FLRN9LWKxdLBxw9GOHc5V2l7VyacNXryWW60T0W1k9Xb7i+B8EyfCm1kQ877jJdckEjsc4CkEAZ65IJ6V73cRu2n6OxT94sPrySEGMjGQQQTxnt6kV4V8FFdPhHZuXco00yqPmwNxzz15PGG45z0zXut2zJplkyk7lhgVQxPG4AMSDjqD8vIIHoMAcdSXNiKrurPESTW+is7qNr33S1d9fM+uwk+TDUIyWvsIa9lpt56u+r92/cvWBlW2t5gQrQl2IZsks7FQcDIIBGccHjAyCDXpWgadc3Gqxy2kccj3Eao8rhsRZjDNtPBBPAGe+Rkqa8rtCTa2yD77ySbmLEIu1y/sORkZ4yTlu+frrwd8F/ibeWGi+ItN8L6hc6RqbRzR38TIqyQFFUsqF8BQwOARzznvj8+8RMqxeYZJKlg6FXE1pSi3TpU3OVnyptxSadlbpZPXRuy9nJMTh8PjFWrVo0abjFqbajZtRuk31a1e2l9TB8TSajp2nNE21bqSzZIOSQ21S2Cp7MBgYA+bkkd/wi+Jes30/i/wASWk0xMh1W7DoxZgAsrHAzkAdOPQZ6mv6O/GXw/wBeurFobnw1rLapHFJDbpHGG2MqkB8q20s5ypB6Hvivwj+IX7KP7Sd14v8AEWox/CvxLJZXGrXkttMtoGWaCSWQxyRsG5LLg4wBxjg15XglkWNyrEZmsxwFTBuVOiqbr0nTc7N3XvK3NfXS628zHxCxWHxeFwTwWLhiJRqT5o0ZqacVGKvPlbXNdrdNd7nlH7P92D8ZvBAnCnbqcpAACgbY2IOQcjnB4HPGAQRXR+Nr4J8QfFrzPI4k8SagUYMdihbh2XBGTjIXp1JAzXrH7Pf7Lnxl074ueF7vxL8NfE+mafbXFzLc6ldWmyC2UW77SzFstuYAAY46nmum8U/s5+P7fWfFuox+Etenll1m/kshJp0zRTh52KSxyKh2q6bcDGe5B4B/ouninhcU/ZNcyowlT5Y25ZcydnZe89FK/wBm9rdvy6GClXw0ZTjdOo1K178loq0klrbWzdmtut1+jP7Ov/BUXV/hroHhm2ufh3dazqnhbSbPRdOdNQlFpc2FrCqLJLbbNm7Ck7tp4z04x6p8R/8AgqVd/Eew1K0g+Ekun3N5Z6hBDem5uQtvdahC8MsjI0exliDllU4A4HQ5r82PAMPxB8AWdtDq3wkudUuMq7zz6NMZYrcwlFRT5RyFY5KeoBycYrr9S1PxzdWOn7fCWrWsH2mW8urZNAlU26ctHHvEYZ4yCoORtB9/lPfPxW4/wmJTptRhGLoU6vsKbk6agoWd4Oz5er+0r6tHnrwq4GxKjiJ4RPETqRxNWDVZXrc0ZuXxRT99KTSdmle3Q5j4G+IZfDvjj+0545455vEmn3g2xmNWC6lHO8gBHyrGc/Mc4AJ+Xiv659H+JGheLbzw7rq3lk6WuhaYhmhuI5leSe1QsJNsgKvGw5IHykdwDX8vvgXXNW8OaXfanq3wzi1q+uZVuLCe40y4Dwwqy5jZBDhd2FJBJ7nOBldEePfjJBrC6vod14i8NafNI8/9mWQvlsofNziKJCnyLGuQBwB0r+IPpD8AZt4v4vAVoyr4GtlixDeInRlUp13iFTlKEIxi3Fxabbs0+x/Svh9PA5BgZUpV6bjWs4wVlOklFRvK7taze2rdt0f1rW/j/RYLeFReWm6JXyPkJBOAucNnPXsFGT1JJp+s/FbRB4d1KEXUHNlMmImG5nJGW5IIAxgAnGSMdDX8vmh/HH4pW89za3Ov+MbqX7Iji4MVwixEdsPhWVQSAw6qOvAB73QviN8Z9ce5hhuvE2oW11YMsUkztCsjE4IIzycZB6njt0r+Oav0XuJKeMftZXoUWrNYafvR5oydrxtd31TXWztdW/T8PVyScOd4unKc3zfHDmu1HRrp0Wl9bX3ufp/8fJvDXjLwJaaPeGANd3KytHI6lXjGTI53Hhjng8kEZJU9PyY8deBvD/h3WIpNM0hbmAyyfvln3BtgwCpyPlXOduQM8AnPy+/eCbS/16aKPxfrGpxtp0cflWE63L+ZIzkSRB9uAi5I5HAJwa9A+Mvwv0YeC49T0ZYIprZlmmEczNceVMuBCqkM28luWX1wMAmv2nw1yDOuA8VRyKUMweFr1pVZSp06sKF5KNlKyWq8tlva6Pls4yzB4uNbEQlRqSpzuryhJuN0tE1JvRvdqy2ufnh4pisbXw0buKJ4oLyW7tuWBzK+MAAEZUMAAQTzgcg5r9J9D+K+q/C39nT9nK90LxPqXh19SvNVimFnOYVu1gC/u5CrDKLkhkI+fO3gYr8+fiNohsPhzoglsJC0WvSeYFZpJUV2GWKj5lIUnJPfntg9z+1HriaX+zL+y9bWkU0MxvdeaF5MosvyruKhWJB5HYE8egr+wKGDq5lwdjsFU5uatUioRqJuUnGpBpxbUrtJN73srPZ228H62XZd4xcKYnMadKpl1GtJ4unUhGpTlT+rzThKMlKLTutGtdD9Mbz9s2y1vQra0u/jF4ssNR0qFprpluBHFdXCA4t40V1VFHQOM4GCcAmvxA/bT+I978TdZuNTm8Rahr0WoXewXmpsJriSOE/KsbtuKxoFJB47jjIJ8OsvF2pzPfh45p5jv/1aSNtIGCW3Mnzdhk46kgE5ry3x/rl0un2SXU5jMzvsEu1CnXK4ZhnGBuPOB0rweDeGq+VZzg60pXqR51zJNNxldLmabd4RTSSsu5/bfj9nHAVHwn4po8PZdhqNfMZ0Je1dLCU50+adKNSlSdGnCooNtvllJrQ7/wCHHwOh8Y+HF1ufWRp8KXyxJbXMO5pQWw0oQ7cqBwNpO7joc7d3xj+z5pOhWd3dLPPqd1bzI8UFsCsdxFgl2brsSMElsZIHc8Z0fhj8T9E0jwjpNpcRtNP+8jModPKUkjDlMjJUBSMAn8uNK9+Nst1qupWySx3Vg2nXtuhaONo4vMhKb8b8E5PBY9RnBHNfoNfH8SPM6sKdWKw0a0YQjZLlguVbW1uuvfXyP8p6+EyZYeEuW9SSTla7/eNrl918trtp3Sk9L7XPArv4ZaLa+HE1W3tFnvLvUZbNYldiUyiDYxxtz8wAII5IyOefqjxP+wd8TPg/4A+E3xf1i20zTfDHxA1GxAiS6Mup21zOVktoLqGPcojkjZXRl7MBuB4rwmTxrZnwJbafORaTx395dCWNFMs6v1IGCR8qkb1wV6n0r65b9t3x38QfDXw5+FGv22nXPhbwXo0VtplrNbo015fJn7FeeezsxuYn2bmK8jK5yMDtr5hxLDEYD6tGlUw8sRNY51HaUKHKlF0/tc3M07db9tDmweGySUK7ruVOtGnTdDlTX7xyjdSum0t7aW69Gjf+GOj2n2LxDJNFE01rrJSSVcFyIgVZl4yMhScjjBIIGM1nXeuacPEF3aPZm6hWdiA8hIVgpAGOTkYwPvYyODW38MRetoGtXcrRR3F5qU1zcKhUBN8rh8gcfKeT/s+vUeb31hONYu5Yiju+oMDIzKSOcqeDwAM9eMjHOePepuMq1SUnzNcvNu9Uo9/K17btNdTPGwcY0XBKGytu3HRWbejbildL5pbnHfFl7PTZ/DGsTaebizGppcT2wmKu8UUm5ogwwQHVcE4+XIIB5r6o/ZA/b+1z9mDxX49134c+ALC/n8Z21vDPBqt8xFrBAo2eUu0k+YVyTgcnLfLyflH4uJHfQ+GbKe5eP/TESVw2FXc+1nIzgIARxkZBPALYP0p8Mv2bfg1Dof8AwmPiT4nyQnUrJvPS0tGaSxmQfKFwcPtIGOn3ePQ/BeIFXI3gfYZ3TrVsNiuWlGlShWqRm04Su40Xok1u3urd765VhMZWxElhFTSjZzlVlCPRKVrvaySu7q76o/RK9/4LU/Ha9tIZk8BeELS7CsWsTOzXAQEgMEKqCcDAAOT16Zx+cH7Tf7Z/xZ/aetIdN8fWNvpehadq6apHDp0Sx7ZCpVVkcMd+1CccdAMrnArJ8T/s/wDgPdc614d+LOoahJDZS3My6jZyWtutsobyRDI3yyO4wpx0JB45x4z8JfhN4r+MPxEg+GHgWG/1fV9WlW2t0uTP5CSM+Dd3cuxljtFGG8wkA4OP4c/CcKcKcDU68M6yvLKVHF4OXPDE4iE41KE1FJyi6z913TT5Vpe93c9HGrNoVaeDahJ4i0KdOi6c/aX5d3BPqrNJrRN+Zh+F/EGg+H9Vu9SJvv7RaxeTSJI4mMsEycJdKeNjoQNshxzjDHANd78PvG3ja58Q+HPHWsalH4u07RdXdYNE8R3TXn268d8xGa2nkZAiNgKNu0EAjGAT+/nhL/gmjc+G/wBiH4i/C+b4TP4y/af8W3LW+m+Pjpoa30qxilWVLXRrtyjW8CwqY3nVAZHIbjv8i/An/giL8atVbTB8VfENn4B0u3vPtD21lNJqWuvLFJuxJAAqq833MByFLE+9e9jMLl3E0scq9GnQxUYzwdDG16X7/wBjON5SoTS9pGOtk4SV7ptpvT2cDhc0yqWH5ZxdFyhUq041YwUXFQupJSlez5lrG6SstN/zb/av+IWsah8RNH8Q6d4Zg0TW5NEhu72eJo3it72IRz28ViihViWLapZBkqchscZ8j0SD4j/tHaxNqtxpmueKvGl9bWtismm2F4UurWyUQ+QXSDymlVdoXLAcE9t1f11aB/wTJ/Zk8HQ6fL408KX3iS4sIEjk1fxReoyXTxkE7LWchESQrliHOF4JNVvH/wAV/wBj39liAro1x4S8PXUMiRDQfBOhWdxqFo0K7QCbdJAzyFcs+8scjcdxJP0WQvAZLlGAybmxGYTwVKNFOKleyfxO7nNu7tdtKysceZ5M8djMVja2Ip4ejXqKo4+6lzPl1d+VXaTbfKk7t2R/Oz8HP+CQv7TXxS8Rh/EXh+2+GXhadFl/tHxRc+RqiW0gBJs7U5M7EcgMBggDkCv18+Dv/BKH9jr9nfTk8S/GHWrv4h6lpo+03N/4iu4rLw9DLEAzrJpquzXMasDtO0F1AwFJrxP49/8ABUy+kktdZ+GMraRaG4az/tzxr+6VIE+VXg09QQgAGV2gDIXjOc/lf4p/aE8V/HHxtqGnXfxV8c/EbWdWZ3s/DfhS1uU0uOeVgBGHhYxrApYD5lAIPJUKa9ylRzbEtKgo4Sk3aKaXtJRdmvd5m02rJXaT7XMqNTh7K04Rh9dxL2bUXaT5Wrc3S6ekU9PNI/oa8a/8FDv2XP2etFj0H4GeBbLX5ISbVLbQNDh0nQYJIxtG+/SNWlzgBj5hJ54GMV+VP7UH/BU/44+NJjaeHdSs/AlhKUKaN4Pdo9QeKTOY7vUImLphSAxVyWz6jJxvAv7FnjnxZoNhB8bfG954A8OSxi/07wxFMf7Xu41KsW1F1C/ZY3BG6Uy7gOcHacfXPw9/ZL+AUUmjwfCv4UeIfjf4mhkaOZ/LmHg6wu4Dt36trFwgE21julZVcADABANKpgMNhrrFwqYypFx5ldezjL3WuZtqF01a6cte7R1U8TmWYaYWdLAUbJK0b1bWWijvotdGtG9Ez8b9K8N/H/8AaFutQvNA0Pxf4sv9QnjN1dNc3zWlqrnBllvLsLCWVSWkYsACST93j7B8F/8ABLvxfry2Om+KPEmr33ii5ht70eDvBobVb+6YlTJZ3+oRl4LQorYciUFRkgZr+hP4V/shalPorn4seJ9H8B+HZVyvw0+F6Q2BZcjEF7rtuqzzEEbZEYfMSw3E9fpWL4yfs7/s1+H00PQ49I8NX1hE6xaZZxQ6n4m1iZBgNcP++uPtExGJJZGU7ichRxWP9pVrKlhKMYRS5Y+zinKyaestkndWaXRrW1z0KOSUKd6mMlVxc5Wk3WqSSk7xbunKyu2tLv01VvlL9lv9g7xV8PvAmm+Edc0nSfA3hSIecdJ0OOM+NdXdo1Era5r423MIHR41YqCGAc4Br6G8S69+zd+zVodzotjYaJBr5zNJo/h23t9V8V63eMAyxanqAEssRlf/AFrM4ZOrAA4r4f8A2hv+Cmdxf2F7p63g8E2MiSrBo+lXCSeMdWiC7Q13MhYaTBIMZkD+YobIUfKK/Bn4q/tx+KtU12/sPh5Fb6Ze3rNBca5JK+pX1ssm8Owu5CzzXrA5knUDawwBgrjXCYKrUtVxEnLmSk07pJ6aTdlJ27vXfTZmeZZ3g8HCNKEoU3FKEYU/d1Vla7Sbdktbr7rM/Yv9pD9tm6utJvW8c+KNP+FXglo5EsfAXh26RvFOsRrkKt6IWEgMwH70yEEFiOOlfjD8Q/2p9f8AGZfw98KdLXwN4buHkjur+OQ3HinWYW3GSS81F8TJFKuWMYYgEkDnmvi3xzeeILvVLbXvFWpX2t3OqCeZr6/lnnknlOSdsTEqqg4wQFHoOMHr/hbZ217rvhl55WQ31/JaPbu20yblCxKqZ6DjAU9WweMV9FhoU4RUVGPLeTsk9nyrmd1ZvW7bV0u7PhMZnFbE1XGPuRb72m25RXbrfXTa93udJfXtvpGmm+lWRkujul1q4aR5biWJ99xHHI6lvNX5mYhskZPfNbnhTw/e+N9cuvEegafPd6B4fsbe+1XU8kQWFkir9omuZTnBPzFeW3cD1r1jwV4Si+JelfEj4U+KYYdHFomoah4K1doUR4dYsxI7WG7qFvI1CMTyFbOMlhXkHwE+L2jfBiz+KPw68VwXsz+INDv9GlgkDLFFqUQljjZ1kwWt3JGwkAEHcDktjX2s4urCgrVYuHxJtOMmlzRXVJt2XdfJebUaValOvL9zNNcz35o68re7u00rpdlu7UYfjF4O+DOu6/daJp9r4w1zFze6L4glYGHSZruJghtYjkM0ROC55yOh6D4z8RfGrx3rGp6hrN1r1817qc8txdM8jDcWlLbIxnaqo5YIBnBUEKuNo5bVLuFNU1E3coVJrmX7NskZkWMysEjXkkBBhVGTwAM9COLvNN1Vo3l8mSSzklfZMqM6Ko+dQXAwWIIG0AHB45xXdGlGnSTnUSle7lJpNt2XLd25Y6NpJaXep5NbFSrSaV4RXMoqLV7aK8tnr310fa56LqPxGutcgtrbXJY7tWJR3lA8zLAoHyQclcHJ/wBn5gTkU3T/AIS/2tcafOmpbtOnlW4upFC7bWNyH2E9ejYweTgYxmsTQPCEeotavfM9hbnOGmBLOygEtGWwwBK4wcYHckHHrFzqll4ctvslul0YzArfu3IM2zIUnngPg5PUkgd8V87m+YThUUMDVcq3uptNOKfup+SV97N37dTmXJJJSXuXWiutU106czVrdnqUtf8AhNYXD2Fnpt3b2UIuAtxPJIskt1ECAZURiBxyQABzyA2TntPDXh7w/wCB4LyK0SS4dWJmvxHiWb5eY1bnCFjkAHGMDpXj51DWdQ1W2umtr2KAtHsQyOoSMkZkXnqwO3BGPdjgV6DdeJ1ltrvTrMlTbInnPcAklsBWxz99iTgnoenPFfO42tj6sKdKpVdWG9RRslfR6u2ystL2XpvvRnCm3NJXilbVdOi2Stvfp+Bw/jbTrK5uU1Kzd/Obf+6UN8hc4CynGOn8WeAc5FeC6ibyGdhLLIhSUsigFU25w2DtwVLYyAexIA3EV7/e3rNbjyIX8yRMSKoDR4ycyhiOp6HjjJyRuNebeLtPkms0SBkMuzz3O0AgZG5VYAgnqCB14716+W1FaEKjunZJ3tqktNGk9d7WtbVW2zqTU5Xe61Wtk27LS2jWnS9rt7HFXOqX4sRBjOWBnZTvXYCoTdjOMrxt5yD+VaCSK5uhFcIixMFRtrBVJKg/vBwCeh4xzzuGc1hvLKm+3jL4JVHV27j720eoHbnjpyMVXt3ilnSOObGX/eKxJLYJ4yejdgwwcHjua994dcvNHTbr10V00/krf5NczlqtNb6K+t7Lfq01r530u7HQ6hC9mkkVsgkgG5S5IdVUkEYbGQNozjgDk5Hff8P3v2qBrK3Xy5UjBRQNzF2ByAcnIHOSpzj5c80y3tDfWjLHGA0UTpMFbhwc5BUcDOCAewOPTM+g6Y6alpwtFnjZ5UyrRnaxVgMmQjaybuuOAPckHjqxioNTdpLZvq7rVLR3vb56dbF04tyja+9vKzaW9tN9NWr9F1+h/hZ8QdW8AxQ+FbvR7jWPCmp6nFqes2cAWPU7KaLO270+62mSP7zMU5DZwetep6pp/gPxqZde0L4tDTbBb+SOXwlr1iEvbdsfPGCoImAIwXO0sfmI6GuH07S7Oz1C3E0M9xqUqMWMeTGqMp2tg/wAMylepzhvvV3fh74E+PfHOm6vqHgL4c3+rxaULi/8Q6nplsk8ekaeo3HUb5iyiGPaH+UAk9lAziZ8UYqlgYYKq6caFKXLCc1FOGkEveeicpPZt3btZvQ9zD5VOtWcqMZVKkopypRi53UVBLS3KpJPVp/5nkMV8/8Aad5bRzJqNvYzbYWaEC3jij481DyCGHzKD27kEY6aLW7KKK13v9omkLRKJFDW8QYkFQowO53P0wAMYrjfE2pvoKwaVZWaG6ljeG4ulVf9IliO1w69VIIKk9BzyecyeF9StShj1KCGR12RorYDROTgqoOSxY/xAcfN16n5jFUp14yxFWLmkk1JK97pa6Oy01utvLU46vPQqSpQhaSaupK6TaVo32TSet9bWvtc9Ms7lp42siLSG285ZI3G39/ISCFwdq7VAxk7grYbG5ePq2f9oX4ueNvhPf8AwEs9Ztb3wmg0+RpdRhinvNOFjl4ksp5TvihQ5ZliwCAB90cfK/ivwxpV5ocd9aavb6XcWqRySW6hkRFYLlA3H7xhgs4yT3OBkeTaDr82natdGw1DULmKJPLKW3mtOXCnMnycmPdn5jke/wB418zWyzA5nCGKqUITq4Gpz4epNLmpVYaKUXaLunrdLVb6I9TCZlmWWRq0qNaVOnjaXsMSoSXLUpSWsJJeet7Xt10PSfGmh3ej6rpVqt1HKYNsdxdQMzQvL8rPvG3jAHK45PHavSfhH8e/EPwJ8f2Pj3wbrc1h4m0BftGl38YJngucAAAL92F2QBhwSMbioJFefapqtldeH47sajKk8WZtSNxHulMhHyhQRgMoIyw5yASORn5sudZlk1S5lieSUJIXZAuN0BBILNx83IyPQDjqa9TLI1cyouniYJONSL5rWU+Vw5ZRvJXWid7N39DzZN4bEe1oNxbSa11V4pN2TXZ6a3abtfb9Ldd/a68e/tNfFCy8S/F7WbvxZrr3aQLJeyH+zrOzlwphijdmjhg3EPIowCTuPYD7c8IeEovD/goatp0+l3kNzql4D/ZxzDaRNCXEDMoOR83RTwc44O6vwY0fxzNpEX2jTbQRy3E6xS3EiDKx55UP32rk5U9cc5AFfrf+yha+PPG3wa8YaxoOvz6naeGryS5g8PRWzTNcXMkBZ2LE4ZVXgAkdP4toz7ccHHDPnvpJxvzO122nzO7V+bV8zu29ddz63hbGyq4twnLnk4zstF0jbRa6JXtslZWd2l8CfHT4WX/xH+Mfiq9h1aw09dOghmkhuHVTOI40IiX+Is4BCg4wcnBXmvjTxV4B8UW2talp1lpF5cxW0aurwhpY2GCT5ZJOV68jjGRjjcfcfjf448TWHxa8VLqNpc6VPFNb/aWhdoZS2xCFdAOhORtyOSD/ALR8duPib4he7kube/1AOzAOpA3tGMEksUJG4KeSD8oPGM1+q5bVpLC0L3+CN7PSXuxT3tfV3tqna6Pjc6dV5jiZRiopVnsve0sm/m2m1qtba2bPPj4f1uyt1mu7G9tUWXbIvkMOVJHJAIAweB3OQQMiv2J/Yj8fWvhz4daVaa1HLHpMF/dF79gU+zSvlo1kwOhyCMe3ULmvzX0nxpq2tTR6eod2nmTMcyJIJmwOMHG3IPLY6BsfNiv0Q/Z+8L6rqHw9bTWsI2m1PxA9uLEMFWcSAoQvUhwxG3nj1GC1eZxM6dXAR5tY88L69rPtqmrN6aXtbQ9DhmrUhj0uXX2e+/NblautVtbqvVN3X158WbuDUfDfiK/trjz4L7R3eF4yWDxsvDhjxg9uMEYLYGDXzD41J074Kao0g3+b4VMYG3JTCAhgAQQvc9gOOMYrS8X63r/gdvEXgbxRbz29pDZrZaNNLIxa1mYK5t7gggBVVSqksBkAdDmsHx1m7+Eeq2ls7XNy/hUR28KZl8yVkO3Zt4wzDkA8kD2z85lVNU4RUJKS51KLurWXKkrPXme1tW9D6HNWq1SVSorS9nJN3STe2zd3dXXrr0s/xH8TeJNUspEa31BrdHZVJhOJAmf4j2xjGSVwAWGQSa5aPxlLeTsmoX0lzHFGxV5l3rIx6A5wOgOB04wCcmuh8ReA/HL3Mwm8Ia2wRNzqbZyoYF8FdmcjaAQB36Z5J8xuPCfjC3DyN4e1iEAPlXspWI2noAFyQcbfun0/iAr7Cmq1WcI+9ZJXWqurRd9LJ621T5uq0sfn0owpycoxi9d0tbe7u3yuzdvmdbHrHh+9uFhmlks4EgkMrW6DYzFSVCksMHONx53ccdK5q2NrOZWhu18tTKIll5diG+82ckh/Q47nPUDLg8P688e1tA1RbhkfLPZTK35FRjaOxz+JIzLb+HNct4LeNdI1OK4eRwwNs43A5xjOBt3E4U46k8924VYVfcTlune76RS5bvVa6Lr1tqOdaM0lOEGkk/PRRS87aqy1W1+zW4h5Yo6BTH+8MY2nOCTt5H3hyccDIOD292gfzPBXht5od0UTsq5IDy43Akc4IyxAGOuTjIzXhX9h6xbGeK607URcKu5Ua3kZj1IBUgcZOeMgA8V7lb28tt4J8LS6pHMtuWkJiZHjmXofmVkGOWzjk888kZzqxqw5k425t00tdrX3UVs7bfJu3Tg1RlOMeVxSSV0ru3u6N2slfXqtLvRD9K8KaNd2c+rXGp2tgqyPGLOUo8iAg5YHcSCvG7BHzYBHWuFksfsWtMltNBfWkasI53OFZclspkYAB4BPfBHJJq5rOoaXLb3EVuWRTKD5xXAYhRhAu7hiMhjwODgkMa5e2mt57lJ/NaO22NHxx86gFQWyMA/xZBHIGMAVwVFUunGV02vcTSabtdJtPuurs7LY9aWIo05KnGEZWs+l3sr/AAtLpfp2MfxFLBJrE0YTyoTsLOGJ5XBJHQEccnI559K6HS5optNSKIlmMuGHI4XK9eeCAMg8cHnnC8zrlytzcn7ORvXAyyKCEHTGSS5IHOcdD+G14dUtbALlcyrmTICod3UDPPzZyCTyMbccV6GAi3F3i00tHdpJ6JJRWmltXbRdV1+XzSpKo21FX5rNWeiVlaPT7l8up6DpVtGtyWB2gQ4IVT2HOeh7nk9+3Sua8Z2RN5BJbIFQwndhjyACCGADZ65PAzn0Ix3OhQrm6JbJVF+Y4AIGM+wBHJA44xnsMnx2j29vBNCCE2xoshCsTvypXOTyQR068Bvmya9Oakqbcb+8m7aN35k2kvRa+fUzwTjCm3JWSTfo1KNraaXStbb8EvDZbJUEkoPBZ0YKSMYycDjk8EHOO2McVw9xass0u0sz8sqH0zgg5/AkKD6ex+nda+B3xO0rwBH8RNT0eK08MykThnkXz3tJcGO5MSnOxyeDtyeBivm+d1eVpEfcyqSvAy4Byn8XTGfUnsea8qqqsL89Nx57NXi1tZ3Sa2vfXu+h0wxNCsm6U4z5JWbUr2n7qet9HdaKzWmisZTwvu/eKx3ISEVQ74BY4KgcKOC2MgY3ZzkUMNsOxS4C7XbK4BDA4698cqxwQD9c/qT+xJY/s1Wfwz8e6r8dLnRx4lur1LLw4mowI1xZQMuGmRCAGilJ2yZIIXk9jXwP8XNN0Ky+IHiqDw1fRah4aOpO2lXdsgWFraRmKJGoO0IuQqjJAA4PIJwpVJzlO9OS5WkpdXdJ30emv6vojmoY72uJqYVU5wUFF+1krQbdla77d9rN6HmKxmVYwDsXHGWOflO7oSSD6Huce2NeDw1rVzpr6vDpOqTaRBI4n1JLWQ2kD4JAaULtB6YDEYA59qVssIkhDkhVmiLkbeI1YAhQSeCO23kkdT1/Sa3+PXgKH4Nz/CnRNP06Oz1DSt+p3k1pClyl+IQjOr7SzyMxJBLDDHIGM56IUpV3KzjTslpJ7t2e76fj32sa4rGLCezvCVV1JJPl1S2u3a1k09H11u9D8x3VZHDrkysQyYGAAAq9zjJHvxjb2yNC08P6zqEc1zY6VqV9FaktcvaW006QKNx3StGh2gjjLYye55I2rzSoo0MtqJDHBIyHIBwGclWHJIJHPy5wCPcD6h+AvxdsvhX4U8T6c88T6jrU0YaK5s4bqN7MD5lLvuGec5GDxjBxVzoT5E2krK6noo68uu6bd7Ws9t9R1sXajzxg6jfLaPZO2r9LvtqrO1z43MDK5+0LJbtE4/dyq0cobncdrAHdgYyccfjU88mZ0Cjcm1dz9Nw46KRwOwyc5/vda9c+Kmraf4w8WzeINKgSGK6jieaG3iS3gaRQEdo4gAoyCeQME8/3sYHh/wAIT+K5Z7e1lt7eW3AVY53VTKD1VWYgfKMnJyDgjrg1jTjJrlt1WvvPRtXW9k7vo0/lvosRB01UleDdrwbbab5U7pW2+5dbs4IndvxjaCQeck59xgDHBxz6mkVgylVVSyA9T0U5zjgkHjjtj6AD2eb4Na5a7luZbAmZfMt9l1EN/OMFg/XP3sj6nkA8ZrvhPUPDy5uY4ATlGMUizMXU8HgnOTg8HIPORnjeNCaTfJKWmi3dvdeyvbWzvv2taxlDHU6k+Raa21Tuvh1W9tr+t+1njWqG4KEkKsKIME8cnO3Pv9c5xxzmrRjAZw6KVySjNnnGMkEZx25P/fNaugaHr+tpOND0a91SaKMG4S0haYwrgs7OELbAqjLE5IxjjqGm0k89LWQeTNGxjuIJFKtG+dpR88qRtwcndnIz3qYQb1atfylbmaSS1utVdrp3Oh1IuSV7ybXq1JJddG9V5WXZM9J+DsKP4302SRVdvIkWJcYGdvAyRk88/N1HA4J26fxejZfFV35sW13jjRl3KFjODxgZIPcAbCRuzVj4Qtpmj+LIrvULyKCC0tWJ8wqA2cZMR5PBzjHHsMDHe+P7Hwd4h8QXF9DrFv8AZriBXVnlILyLnhTz8obsB39Wr43NZ1qOZq0W6fs1dxTeulr2e666aLR7n6dw/QoVcicXOEassUpNSny2SjFJ69nd3ton56eAaTAY45flyqnhgBjHGCp6FRkkhRkgjgHrqylkUKFIWUHDsSwGeSc8c84HC5JBIz09M8O6H4Je2nj1HWLaOQTYRlnbZsOAFXj7xIBPqcfeyMWrzRfA/wC7RtViYiUhAkxOVB9ME5xgnHB7nkKfArY1yr2dGry6JNUm037t1rG/W1l30fb6mhhJUsJTUZ07pJtKpGzcnFeT2f3XSv08kMLIqBUXzN+AwIG7BI+Ykc579MdFA5NfRXgfVhoPwd8cHy/9MvdQs7dJgwDhA7syZ5KjqNo7ckcmvOZNL8Gx3O3+1FZPMygkkMWwnrghCzjk4HCj3IrrdW1DQNO+H2oaVpt3aTpd6pbSZEuZ8q2ZCFI+VQM/MSAB0zXLXm8TOFJUanJKrT5lKNk1Fxb91r7Nr7uzW3a+VYeM6zqU1KMGo2muZXiuZ2Wu19b277mP4u1G51jwL4eZyA9vdSQEJIzbUVQx4DDLFvvNjbnp146T4QfHDxL8LPCXxQ8L6CJBZfE3QItB8QFpSEa1jd2HGcA5Y5yOwBPQL554hNjN4e0+PTpY1hUSHYJiWMpUAuQWGDkcuQWxkDANcnp5lgEUCiNmmMSMC6uzAsecY4BzxgHB9849KOCpSwrwzoWpuaqcrjeMpRnGaaTimtYq222nl4n1qdPGLEc6bcEnK6nokk+101ol0ez1KGoLEsEYDGPYrrGDkEgYAbqcegJyMBcDJr2T9lTTn1L46/D21DSNKmpfaI12l/ntysikjGcBhkjjI6blIB8u8QW7wXUcQWMquHIQqVVSvJO3OMEklRjg4Nbfwo8dat4B+ImleKdCKW+pWRdLW4ki8yOMzqqPtQn5jt5UA5BGMdDWuKoutlmJox5k6lGdLbX3ocvMndWtey13W+hyc8nmNCquX+NGTS2k1KMnvblV9Fr+Nr/pH/wUx8U+H/HHxN+GMOj3sd5e+FvBC6X4ieGGNFjvxesywv5YViUQqGJGeD7GtjSNX+DOl/sUQeGrfwxayfGXXPFq3s/ixJllkt9Gtk4tzuO6JSdu5cHnAXvXwn4wv9V8R6zqXiG+uTqF5rF0bi5uZFKssjkMwjU48tQWxgEYPAwRWdY682m2klpIWdY0c/M5ADOrEbU3YOQQvQdiM5r4VcPVHluU4GnjMQvqOJpV5NVJL23K7uE2tZQvK9rK1urTa/RcBjIYWeNrVqEL4mjJOScfdaafNF7tNJJtW121uc8CG8QXwZY5FSR8gkAliWAbB78Z+UcDnkV3vhq80vTvF8NxdBYEFhztw6ZKn7ygYKk4ABPOQc14bc61KmpXNyAirK6IAzqXKscEFep+UjjqeNqnGa+3v2Q/2bvF/wC1d8Xrb4S/DuzN/wCN9Q8O3utWCy4ayt7TSLZr2+mu5MkRr5EUnl9Qzjb3FfdwwFRToy15YwSlJ/D030Td1ZJa21bbPk8XneCeV4qjVUeZ1nJSna7jzv3Ut9UrLorLXY9b1P4z/Ejwn8F/HXwg0O20j/hAfiba2ep6zFPpMf24fZVDJNZXLFZbcMACdg+YZI9a/LDU4UjuZSqIsTsyR7gcqASDk/7JJAY4GfmOOAf0l/aU1waZ4nHh+KJFuPCegv4T1VYUEMP9qaMRZ3uAMByJY2G7GSMZxnn8372RryaQMAFEjSKrsMAq2FC9znHThge+M19DlsZRpzT6Nvu72WtnpZ9vJbW0/NMdQw7nGdKSXN7zaXdRTWujSu1d3t52MORY47ORc53K+0AAYbLA7jye4YDjkZyOM80TthRSdwyTuB5GGyTz3BHc8Y6ZFdsoikt2WUKsgVgi53AEs2Wxg8f3SRnk5GcVy1zayQbUKJhXGVXaC4bkHJDEH3475Y9/VjKSi002rae7fqlay2s9r+vp5VSPvLlbt0Ttf7N1K1mlF9t/RXMyU4dpEyy7fLDH7rEEfIQo465HckDg9s8wu0wIAwqsVJAwMjcSejbjxjOCD97PNdFMEjxmNCSynGM446nAIUDvyOfU4IU2qTsSiDeyNuOThRgLwR0BJxjnvj0BTfK05RVlsrNWTa26LbTru9N3pHm5N7W1iterWiVtntsr26ap8ap2Th3J2juSD84z6EArwAT68r6VNGxmlKuT8x3BiQxz2AGMgdTx3HBNXV0yRZWR48KNxBJOMlvTvnOME56jpWpZ2SpOE2x/Ku0MRwGA7sxHIGBwDz3GAKuSUmnt5Jd7N99bN67273TIi2mmmk7p7b7J6P16vTS76GZcx7plhGEIQFixBJYHKkcHpnkD3GcAVkyu3lyl97bSoDEg8tkAdx97PceoHQHtbq0Eko3hFHlfK54LMemR0LdCCeP1xj3tl5Nop8tAxkYBGIyd2MFgcdiOMDjkYxk6pxUU0ru6V2mraLV9L3em915Xtzzm+ZpXdulm97J6XXf89uvKhtwLkljkAbc8gA8nA64IyeME4+mzIfIs7YBADIxk2sTgqcjBxnI7nJ+mD0LLS1clZlZFzgnnLHIOAevT7wHBIU9a19RtFVoFWNcpHGoRnBRRxuzz/EOo6N1IPShOMpRTTdmrqz0W99073emn5mCUopyT1ad3bVX5bXbS0a3stflc9M+G9rHNaX6qTlnj+cDp0yAeDuw3DY6DK7SM1qeNIc2cbBFUhxGSFzuVDkZBztLE5OTyeOKPhska6febSFZpl2FcgDAxjj6d1yMkitDxTCUs1dlYl5d7AsCow2eO2eck8Ak4xnFfWUacPqSbu9E3u7a99/X132PhcTNvN5rmVuaGqvuuV9bNOystr387nHeJVin8H2TPHloLlVRV6kkAZIOWPpwBgjr6+PJHKwd5SHUyMgG3oASoxyBgDoBjGSTg5x7r4gaB/CMUzJhUvEwUIAxxgdAQAeD0yuBgmuRtPCVlqmnPewakpmMpKwqNxDBQWVVycsM+4JDZOK+MzirToYiUmrw5U72u3dRtsnZJW7/hr+j5HhKuLoRp02udTbspcvNqmk09/k/yZyOjp5rbXwqJIQFIwHLY+VvfuCD68en0B8D9O17Wte1DQdB02a+udYMNhb2ltC1xLPK77Y1jjAJJOeVBIHQ+3nU2g22l6Zb3u9GLyFHULtkLAEAknJUqc4H0zk9PX/2avinqHwY+IelfEnT4kuZdB1F7mO0lKmN3x+73LJuVsNwDgkHA9c/IZhWqzwmJq4Km6tdU2qULqPPO0XGMnvGN3ZtLbRI+5w1Glgp4ShjJuKk488opScYy5U29OZWTvptba9z6T0vxf8bPgH4c+I+kaZpM0D3ti+gakb7S1NzZpMTviiSRDKmASpkxjI45ArK/4J6eL/Avhn9qfwb4u+Neg+HvE/gLQJZr7xPofiCNGsrkXCsf30UmRIVkbfsYHHOANxI9N1v9t3/hJr/xXrXiTwXZape+MLwy6hNMkTtbQBiyxWx2BURsjcApy2WJ7j4OuNetL/xZ4i1DTrS10y21yaRo4CxAt4ScjYFxgKABkHGQRg8gfIZXhs2zHB5phMwwry+eMp+z+sUKl5tzgoSlCSScXCy5W3rdtWeq9fG1crw1bBVsLili1Skr0akZcqSs7SbSTStbXXS2x6l+3L4p+HXjX9pH4seKPhfoukeHvAes+IJJvDOi6LFHFp1lbqzYS2VAFRHJD7eFUdAcg18e2SEl4fLUCRySGPQgkEqeQANvTcR/FyRkdb4hH7wApG5YkIyHJbB4kP4YGRwR7Zxg6bbpLOBI2xi5wmSexyR3GcfMPXP1H6bk+FeAwGGw3PKp7GlTpuU3ebUIwTlOUrOU2k3p3Z8LmEvrONnOMVB1pOXLFWUVJpdd7LRNeaeyJ1U7XUKignbkHdhR3C4wc/d3cZ6EnHMunOkOpRqAsiKT17HBwc52jHqMgA8jAro109IoZx5UeSpZXJ25GDjg7e4BwDnjBLda59o1F5bxoY43x8565DDBOcAHP4ljgknpXfTmqk9I22T3V9k7PVPTR6vTW2559fDujK0tnp+EUrNbp32v66odfzwtO6lULDkKr5yc/dAHPJGTwSBxjvV7QYXvbpIGhuHiZm3R2sEtzKAMj5I4kZwB97JORyQBwK527RYbpY23A7nIdQM4JxuPPYcgdQehyK/TP/gmj4n8K+DfiB481XxLoXhrXwfCco0+PxHFbzRW0xwWmtknUq02QUKjDAE8CuDPMdUyzLsRi6GGnXnSSkqcGlKTukryeite22uuh0ZZhaWNxtHDVavsY1JOM6rV7WV7yfb3bX38jzfxr4ft9M8F/CAxARtNperzSpMJI5iGlQoZo5ArDIyRuTJIJHOc+dw2m8urRxqjg9FI3gEAHIXJ4JGeAcg5zzX1/wDtkeO9E8XfGDRLixsdC0vT7fwxbIdO0VYV0+3eVcsVWL5I5pCQZQo6jH3sbvl5dRtXcJbRoWiZlbn5FXoCOPlzk5JIPbpXdw9j6+MyvDYivD2E60PaSpSd5Rba916bpvfVNX1s9fjuKsPTwmbVaVJyq06TUIzV3zL3VdWb6NPT5q+/tnwk0aCfQ/FkXkrgRwOBtONoXsTk55GABwTjtz6jp3g7TrhbdGsEeSTA+QHB9N2QuTkA4JPTPQnNL4IG1k0jxQsmwZt7cqUIGxSOCxwcjPTp+HNfRfhtdPjikMyW7zRqrQyGQABFUHjj1IHPU5BAJFfhniXn+LyvN3HDucm6UJKMHZp22avbpa+qd16n7R4eZLh8xyWhKs0kqkk+e1t9mt0rK2vdO21+M0z4U6NcEST6ZbKXXaxOB5OMANgDO4DnjueWANct48/Z50mXS9V15NVtrcadEm+IqoCxhgxbGRubHCgAsT8vGK9mTxbbC/CwCDywZVkTIUHHJLMBnbkdcA5yOAWr5M/aJ+JM1rd3GlrqzaTbT6S8sUMcvyXNyoXYzqGXcmefbBH3Rivz7hniHirNs3p4enUqQpyk5SvFq6TT0crJJq0ddNbrTQ+7zTJOHsBg3VrUqVRx91SjaNm0kvesr66a6t9ehH8dLGxsfCfgG3s9cW6t4tPjzYx48uE7cbnQHCElSTgA8hsjrXyQsjW1yXyrhpyC2cLgHO4rwAMnBOfvcjHWoPG3xShu9J8P20dyLycWCQTzBgxknPHmBeo24zkY/DHHntl4u+13ipIVG2QABzy5JwR168HH4EHAGP6RySjiqWW+yxKSrXk73fvOcr36rmt2aV+j0Pw7O3hpZmp4eH7q0LWu7Kyd9H6J62+ep754iu1f4TauoCI7aqhUqvRVbBJOSMcjHru6d68n8I65p2naTsllTP2glyBtlLAc9Ack5I9T3BPXub+9M3wm1JWSMl9Yi3AHtu5AxyMHHBBz94gjivKfBNvaXaXv2i3imCT7Y97cY3e2DkAZwOSMjIAxX0vDUJqnW59G6s7O2tnZr1027ydu6Pm+JqlNwg2moqnBK2jWm+va76Wv10V+q1LxRpE7sIGcyBwCCgOSMnjKhQSD14BHBPJI43UtYsJCW2O0gG8lUx8wxgE8HuMDHT5j2A9Fj0bRI5G82xt3YlSMcZJx1BHXJI5wAT7cPbw9pBcMLaCJSXyjrwMdwxxkknHXjoTX1ypytd7v7Ku7RXLG9rNeejuk76XZ8DDFUIuyjJ+9untayTSd1vZNJ9b2SdjwfVNWiurSbesx3JIFAABQEY5OQGGQTnI6+1ep+GpmPgDRj9oMaLPM27ozMrHAyeRk4xg88DPBqfX/AA3p0el6hNDbQlVt2+dFIZcjqFOQRznBwCeAeufQPhD8H/iF8T/B9na+CPDVxrUGlTSHUJbfAFqG3Fd7ZGSBk7QSQB0wcnyMxjCnCE6jSSSu3rH7Ku27JJ7q9732Z9Jl06mJoShhacpyaSUUnOT1i78q3V3slpfrsepfsq2cmp/FfUbiPVr7Rrmy8CeLLldQtXkEvkjSJ1khUqQcSYZCASvJJB7fOHxi03zdLsLu3vCBLczO0QiKO/ls26SQkZLyHczdSS2c9RX3r8OPgT8c/hjfXOuQeCbieW/0K/0VBbpHIY4NQieFnznO7bIcg4ycjJzXnHiD9mL46a4Y7d/AWpTpFG4hdoI/LJkJYqQGBDKTgEkZAxgAVzPHZd9VUPbUYzdm2pq7s42bSum+l7LS12mThspz2ljalSVLESoSlB+zdGSaaj2t9/ddeh8WfA6wV/EwmkyQFLISuBuVywBzjJBHDdD0HIr9Bv8AhlTxB+0Re2em+FLUXHiKe0l1C1Ezbbf7HaQB5ix7NkcMTjnPcg+YeHf2YfjB4O1mOfUPBGpQ26xqZCsKKsUSsS7yFXxheeT7Akcivprw1+1Kf2adU0zXbCyur7UbbStQ0Sa2RhE8P2lWRzIwLHI3DAxubnbwa8XNsdjI5Pi3ksoVcdCF6EXZxlK8NHqt1f8AN2uz9B4eweGeOpLO4VKODlL97LlcGr8t2t3ondaeTXbw+b/gld+0vJpT6zbeGYryzV5kSO1ugSFhYhmUFhyDxjgjPHqfnn4ofst/GH4Jada6p468H3GhadMxjjvb102tIDhc4O7DgHqBnp1OK+t4v+Cn/wASNP8AtFlZvrKaU91PcRwi+fbG0rlyhOcbVJwoOB36ACvnH9pT9tbxp8ftA03RdchmhttOdZJJpJPOa5WM4jV8YA2qAA3r0HFfn/DubeJdTMMPTznLsBDBOcVVr05ydWMbJXilJpNO2nXVLRq32We5fwBRwNSrlWPxdTFxhenTnZx9o+Xe9NWjdX3b3T1aR80aDJFd6pFaX0cYhUvI5c7VlK5KAHAILYwAM9e1a1/qGkQazE1pbozJLbK8Y+cI/moMr2GMcndtORyBy3kVx4hlml82NvJIQKQmASAoVSCo3c5AJGMDsSKv6Ndz3eoWc8OShubZXBG4MxmjGOuWY8njBzgAA1+1wVOVFOT1slK1mtLNuz6p3Xpqtj8tTcppQel9GltazWm91s77rW1mfRvjqG21D4l+G7u+u2SCC30JppEUs6QhUyAinnYpySRnhTg9/pbxl8NPDni7V9RvdK+LOmpGNLtmTTb2XZHEUhXIYqAY2HTHKjHcgg8XrHwM+KWvapBrdp4MvLq0n0iwlsbu3IBZfJUqzAsAAwAYEjGMDsKkl+BHxbgsJ7j/AIQXWI9RuSY5HRFdXiAKgH5wM9+pJIGPU+hgsXl9GmlKtS55XvFzimrJJ3s072ta9kn31PnswyvNK1dyWHruF1KMlB8ttE27p9LJ6rRvVs8wHwD8RH/StL8TeGdQ+dkRo9V3FskgEK7ADkggdeenXEA+GXxo0GK6gsJbiW3DF3t7HWMwSg/xNG0u37vABJGBg9zXVp8FPjDaQLAPAHiMsJC2+JTGTz1wJePUcjGepwDViT4WfHSIstn4O8XQM6rlVJYspHQbpuGPO07s9zngN0LFZVW+OtGFrL3akdG0rpXfdaSTWzXUweAzimo8lCbSSetOdm9LbaXuuiv1tqjzJdS+Knw7jeR9Alt7d2N08s9uZtkp5dhLGrnryTyDkEkE8cNrPxU8Waulg0155Z0+8+22YihKQpNIwDEkkgNnnBAIPGB2+sbH4f8Ax/gtVt7rwh4lvbeWH7O0F1bRzR7Zc55aTA45AAPscZAx2/Z8+Is11G8nw11oYXfLb/ZIVt5HJB3EByBICTzuBPoRgjir0stnOLjjackrJe0cW0/de6abtotdL67I9TCf2rBShPB109GuRVFF6RvZPXV7a9NmfIuoald6pqV5qN7JfS3d2ftEsjRuollKggoCMfKVG3kg8DnOa5rX7+7hsYkntZIxIVPnXMbKMEnaFZx83f5ScKc49v0EuPgT8T7me1EPw+uiIkG23ktIUlyFAALFvnIHAyQFI5yc1w3iH9mz4va46WuofD++e0jIKxB40MagkgEqeeDgD9Tk1hUo4BU5RhjqLa0jaUWr+63d3uraq+rdzeEcxlVTlga8Y3tJ2k7t8rvy6WaTs9b3+4+SfAF28y65GIhtg0+WUOQB+9kjwcAA4yuPlPbOAaoxyXELxzAvIJGVgEi6FXztIx0GSQc4I68kGvsjRf2UPijpFtqWo23ge/tIpbRrdI5pY8NLJkKyjOHw2Mrjjr/DVYfsx/H/AMhWj8BGRUG0ZWMllwW3EBs8jJJxkkc89eNQo80IrGUnyrRqSWjtu9Lu2i9fRredDFvnlDD1bqy+GXMrdkr30ffWyvseGDxtNeSyW6oym4sUtcshByiqrHcOUOBjbjGOTniqkOkXeoQSw6fZ3d1LAiNK1srypF8xJLAdzhc+noMmvd5P2X/jwxR28DSxTMQBsRA42lt2SMjHrnAPByRyPSfhz8FPjn4PvNTkuvAt5cQX8aRSxbIwV2kEEbskHJ6YB74Jya76DwanK9aM0m9U1dttO+99XpfVq6SZ58sJmE5WnRqXunZxkla8bp3VlZLfu9LanxnbQz2lnfpJbzoyOFZ5IHjZSWx8zbQAueTknJy3CmrdjA7i38zJ2qWV+o4Jwdwzkcggdsdea/RC48BeMTJJFffCibUIJUX7TGsMO52BGS5wNzL8wzn5sngkGuJ8RfAqTU50aLwZr3h2QwsdkEAeESdQDHlgTkfKuPlBA4IwbnPDprkrRbdmk+W6futpWevXXe9m3cJYevBxXsqrtZPTS14t99X3s3fq+vP/AAg0vTJdBjj1qe9t7S7uFeOSzVmmklMm1ooUGN7bASFwNxPIBxX19Y+Ffh38PtOvvE0+g3FvoM1xZ2kOpeJUB1aTUJgkjvZae5BYsWyoxjGOBXlHwn0W28I6clvqJt7fVdEvPtWnxavCYyDE3mNM6OCHK4IVRks3viui8efG6P43fFvwBpV9oVgnhjw3OjTQxKsEWrajCiq17cxqFBjBXYu5eFPHavyvPMrzPMs1nGk6lLCQbqVKkHJKaUY2gpR+07JK91rdu9mfseSZ7hMtyKjTqRhPFyUYQhOLl7O7jGTk0lFW0e3W91sea/GjRNWtNd1DX/DHh680Pw9rMVuwm1JA8s6NCpa+jiUbY7eYnKrwIxwM4ArxrwHoPij4iahe+GF1q10yyit5JY7q4CpGI0bLSHBUlTjCqwxjoBX6F634wlls/Hlrq1l4fuobbQr2HR7eR0k+zQuzRwJAT/y0jGCu1fl68YBb5U+GGiQ2M9nPFpoe4NvPJqblwbVxO7NHvfgCNAR8udvbJyK872OYYbB1pSozjUg3Gm+WTclZbtxu22+vVas48TSoYrMMNy1X7Gq1Ko78sU24uyS0s7uzutlpe6O/8P8Ah7x/8OLXRbfQfH2q2OnQTxPqGt6FKI7O0tyyoZHw4VgnBYZGWUDjIJ7b9rHWb7xR8Lfh9caZ4g/4SaJ9Unttbvp51uLq8uYAVW7mt0YmAH7xZhjceuCK5rx3q194e8LXWiXB05dKu7czC3t5keR/MckIzhiURuOWI6Z9a4Hw/q/h+fwtcW/h/wAnTrn91HJBdS/arS2fOZXXzGcBpH54HrzjIrhwscR/s2KxMK0q9Go2oqFnGLS0UeWSd79ZpNvTo39k/qWEwmIy6lioUqeKowbm58yjKPLdR5rpNpWd2m3ttr8bldVuLt7cRrdxae7CRFY5XaCRuHUYB+UN94jLV9u/s96j4m8OWEWqJ4ok8MQbJ3tYrZQJpUcFDBKwO7BbBAwRx17nh/ido3hqHR9It9MbTdM1YWr6hreqaa6lr53+4JgGypAOCOAFHfC53vB13pFp4TjitYbvU9VXT5Hmn8wG3ERI2mM7iqlSVHBBGeOCce7mOIqYzLeT2dSM5SUeRpXSvHdOPNKystfd31fXyuHaeGy3PIzq4pTpxi5c0Z2Tb5fddrSlbTR2Ta00R7P8Vdb8bXOp+CdRl8Q3uvatbafqF3bXuqM5RbQurGG0VmOEQHHbd2XINewaCfGPirw14VQXcGnNp93aX66hBKsVzM8ySGSJHfqsbLgICOpwM18hfFtvGPiXSvhdb6NHeTXtrY3R1QabJ9omgsJSHXzypykSxocluVPJzjNfV3w/8X+D7Hwz8PND1QSyNNc25kvZpyskTW6MJI541fcCJCCCRkgEc9vm8THFUctwlOlOKnzTXs5LotFaOnW1mktk7PS32+VYvA4jPM2lVbjQlTpqNVz9yXNCFuV3325m3o7bdPZLrT/GGqaBbwQXs9rDbX1w0+tpcFtSkImjCpLHkHy8bhkdRu46AZ2kar4m0H4o3eixQ6tNbSQ2jHW7e5leRswnLGMOyhS204GCTnOQMjpB4+8OWNrGjWK3sf8AwkCxZtJBIk8DygAyqDgAABlHJPJwG4rej8X+HT4t8WSQaFPGRZwCW8hKGKzEQj8rYQW2lSxG0ckjBPp48M1zWEakavvfu3GPKnzJXglJXbt6xj2tY+grZNkVapRnh8TyyjVjKbk3KMruDcW2rX03SffbU6jSvF/i65g1D7X4i17TrvTxFaQI8s0jOs0pQyFVLFGVSCq4OR0xya7O28eeLf7f1jSpPHGrQvomhmaL7Q8m68mhiSSLywxAUkkkYBbgdBwOR8PeL9K/sTxRc3dkulahFqNsLLUruMSS35BjZEKn5s44C4wcjpgCrOpeKPDeoeJ7TUbjVLWxuzHcprFy1iQ8crWyCEyLj5o+6pjA5YL0B5nm2Y0oNylVUXyq0Yt3XuXbaWuzSeuja1sz1f7LymduT2M7ON3JRje1rrfR33b3WqejZyn7QOp61438G+F4PEXii8voNdS+t7iVxJ5SswSOMSKeHmhySHPzDPbINfNeo/s36n4t1nw/4G8OavdR6r4e0W61eO7urdYoNT0q3thOkatncWc7kRx1Iwa+r/ie9hP8MvCDWGoQ6wFOp+WLW2DSxSSS7klCKN2xcbicfLkDpjFSy8cWvhPxVYeK/ESXthBa/DV7BNUuYvKsrcC3kjRHfgGSZmACsckkArg5ruy7iXMKNL2GGnVeIqTqKcqkVJTipRSWraum1yy06JrTXyM04YyrE1qmIxSjDD06KcZwqKKjFRu9btbv3ZJrqnfr4n+xpomu+NLHxtd6X4qOi+Ivhpq0ekRWUBLJNDBdTpO1yxJKxgglmyRgEbRxt7bTm+L/AIPsPGOseFdXk1LxPDe+JdWuJYLwXennT40dlRoi2UUOHzwM5xjivgT4T/G4/DvxP4t/sHVX00+KvEmqT65cQTmAXOm3M8zxyRFQytIofzAvU5HI4r9GfgLc/DOTwT4x1HRPF134iv8AUfA+tjUy87FrO/uHmaVJUZm2DDYyDg4P3cYrXPqOcYarUzCrWi8NVnhpNSpJx5pOCa1+1fSTtvqzx+Fcfkma4OWXRrOnjcNDGRt7XkcoQb9lKPW7jbmSbV1dJu59L/sneLfjl42h8B648mk2vjGXxlFDqC3Uioj6UsEZcJAhZUldMFR1APPt+lPxJ8X/ALSelaF4jufDWm+GLvXrTxVaQW1vdXDPFLpDbBMWiKYMqqzHdyO2Sc1+I/wo+JOqfDzwv4eg8IX1tfa1/wAJZoDXeoQXiyT6d9uvlt3jZ9xaLfbBVYdSQQcdvr/4p/tP/GTw1ofjad9Iub7UNL+IvhzSrG5W/RVm0+8jtmlWNAC0pCszsxAGCMDOK+E4nweJx+Lw1SnhqTnFygpVqfLBvmila80tU1a2l9lqfoHC1fCYTBVYTxFZqM3Ko4ttpprd67pN7O1j41/atbxb4p/bS+F8njGLS7bWLy68ONBHpjFIFP2qHzCVIXeVkBHC9FA6HJ/bn9pb4Sab4p+EmrHXfEsmnG58A3+mpEiurXF1FpzS2aM5JUIZQoYHkjJ+8AK/nU/a1+KGp/8ADV/w58bRx5vtEOiXNvayOLiOG9V4riRJwSqsDNlnU9F4APSv1CH7SPxG/aO+A/7T1v4vMFv/AMK38I2F74fl0NFtdrsFeVfOUbuYsqccDHJOBlZhleYey4excOSEcLCmqjvor1aXLaKUnsuaOvW2j1OXCZzgPb8SYGblUliK05RTTTlD2KblJq/K3FSs7ct7LXY474q+A20T/gkdfeH2Z7zxJpE0ck10kcb7bRdTYoCygldsZCZDAknHqK/ATw3oOpTeE47cwsqy293PvljKSFBGw+QDIK5+XJXA6nPU/wBCOprpmmfsCaDEnilbmz8R+Cn1HXoNTumcfb1uDLDa723odzfJzjGMgLgA/wA+178UZ/DniOcrpcn9nTWbWVrG8mLOMyxkNJEoXaUViCexAyTnAr77gutiK9LNqdSTv/alRc23utwbbfTSzeq12tZ2/PeNqWBwlXKasZ8qnllOnCNk2k5XTlbRqyS96zfeyPoL4W+EtS1Xw9o62exnttFvd0aRgyPMZHVVIfGWBxg9c8LjGK7rQfBPiVbiwnv4poVudD1MIkkQMguIZWSNZH3ZJYDIVsZUcDliPNv2dviHqV5b60s2nXN79mglGnPakojF5GbaFC4wSduFweORwRXsV5428Qz3Vk0+l31vare/Z0tTIwvfMkhbMYU4PllsEgfe7g5IHtYmhF4mquW8Xy6Sdr35W01L+9bq73d7628nB4tvCUJUqifw2VldpcvMm2+yt6anzJ+1do2rad4U8CwXcw3XN3FLJvx5ybCRllLHaEUcDpxyeMVxviD4q6boPg+XTGurrUtWbRbGGweAmK2hCxAYkC8MqAYOSx9yOa2/2n9V1fUfDnh2LWNOu7GeLVp4op7slXEAbEaqpJ2oFYsQOMkjgYr481Kw1uXTWJgnktUtnVr6VGaJ0RhkK+CoAOMjdgAYyGAJ9XB0YTw9OMvhUpNRs2m29rJ2ut9b9Gle9vjs4zDE0Mfip4aMm6lKKcmm3FOKTSS1VtWm7KKtbYsx+Mb3WfE1lq+qpHL9jltLhS7EKFidSsbgEgrkKDznOed2BX2XoP7Unj3wj4oh8a+CfD2gWutwQR2EBfSlu0uLLyxGXCeUyoXOHdsZLYOSSa/P1YbaOyJMojm/dqSQ23BYNwCcknDHJAx09WH6i/saeIJtJSzsNN8O+C/E17bahBq923jCS3Rp9OhtXkltEM4/1ThQFXgkleMZrHOqVKGDnVlg3jeWPLGmpRTtK1/ebSStFO27baS2tfCOYYqpjJ0frzw3O4ylU0k+dfClHdPR2Sdr76Jj9S+NPj34iaJqGq694QsbfVrHTdZ1WHxFZWEUDW+pXAJmmTaFJlDHKAkeXwQrFc1+WT/ETxqbqe8l16/OqvNODdMxNw6mZhtZ2JYjPABA2qvB4yP1K1j4ha/4h8e/EPULDwxo8Gh6ppuu+b4f0WOM6XoCrlGaPywFCM3zIMAbfUdPyg1LTZYdRvLt4jJCbuYoVG0Z8+QlRtAAIY4ycY7kmp4YpUIQqy+q08O1Tp3hF83LGS5vdlorJt35dOf5nZxtjce3hOXMa9W3tHzKUoKTuk52TSaeqTt8T5W77/q7+wddW/xAfxv4c+JL3GsaZfaTbh4GGxlaUgGeVu6xhiw5IBAHXk/aur/sqaN4c0qDQvBnj/X7DwdN4ml15Y2Mk8dvevGHaKKNcYjUjbtLgYIIHevz6/YV1511bxfFIgglk8NSmBIxmeaSOMEJGSCA4OMAtzjeuAOP0R8EfH3SP+EatNE13S/EdtqVnqF9cSSPbiczQqxCFFzgKPTv645P57xpVzrC5xKplVSrLDv2TnThTi0urUua6eisuzV1Y/X/AA5hk+P4dpPOl7TEQdRUarcnUd2rwk0227PS9u+58h/E/wADQ6L+z38VtGlv31ae+8a2UyvLAytEscjhZFLkjDZyygnuc5Ir8wtS8A6oln5unyfb7iSVI0iW3DTKigH/AHlCjjsMDbkkgn9iP2k/ifo178CfE+laV4N1+3lTWrfUL7WLmz+y+ZaGQvu343vuP3CRgAscDAz+UGn/ABT0Y+IFuRb6slslp0jjYhWjQ8uACGJIDdOSPXJH2nBtfG4jB1JV48lR13va6clBXjsrxd3rdK6tdPX4jxBw+WUcwwsaMvc+rwUbrlmuape9mteW7bumrOxzmk+BtXe/0tbpjulZ5QiwgCN0wMOWAI28kn5vY4GK9Xu/BlrHJY3uqaxI/wBjaF5YnVlQ5kOIyRwVHQ8N6Y5zXnFp8YNNd5L65sNTBs7mWC1mZWRQrsVBZQAMgkEryTtOcngU/iX8TZL+ztNP057uMKlrO12lsYXkEj7ipLKCcDgkk5zn0NfUN1XJcz926jLmd9Xypc2t73V9en4/n/1nC0KM/ZrnlZScZXd7cj969teaOnTRJW6fen7C9rpkX7W1tdWZ8qI6RqDQSeWDEjm1+VgFYdNuWGecZxgmvsL9kH9pX4r+M/24f+EE8V+LhqXha08ReJLfT9OMCrHbrZu6W6I3JGPLXJHXHBFfCf8AwT71+W4+Oel31ygjiGgaisMrFWkLRWjbi/B3OCSdx689DmvTP2NZrlf+ChujvJb3SxX3izxKRIls4iffM+1twG0DuxBIIx0wMfMZ1l9CvVzStiI05yWXp0pSS92aUpNq+q1stNOnU+pyzM8RTpZHDDVZw9tmLdanTlKEZRm4JqcVo4rXdWV1pse2/wDBUmzjuv2rtcnZYpVl8M2DcttOBMA3zHHTknI5OBzxn9lfBUkcP7KXhi0mgjuIH+BWruYXjWRBjTJCqsGG04Hc5wRjIwa/PD9vv4Rp4n+PmuavJ4n8JaW7+G4I0stcvxZ3bCGYs0kSSKAykZAIAxgngnn9GPh9aQ6r8BPh/wCHILpFj1H4Y6j4em1mMGTT4Ip7ZreS6DFQGhU8ntjDNnpX53nuOwc8r4epwi1LCYijKo7SUIpcikndWldK3Km3f5I/ReGsvxFHNuI6lScGsXRmqMVKLley5Va90235aWfp/MvpNzZXvxI8KWj6bp8kN34r0iOVPs6q2BqaYHAACkYAyfbA7/0TfEL7HD/wmcAs0tiuj+F4ESFQigLYQbflAAAK7SMYzwFB7fIq/wDBLWXTdR0Xx7pHxa8Patb6DqljrE0Di3t/MghuVumiSQybvNONmTySQDnv9k/EKJZr3x+mxJBBZ+HVjeNvMRxHYWyblIJ3ggZJ6HdncK+klmWDzDH4CGGmmoUmptLROXIlq+6W6vd200sfPrKcbgMrzF4n3Z1aidOLsk0rNvyu9rat21Ssfzv/ALc3xC8TeE/i9BZ6BqD6fFNo1s7gRqS7bgo3ZBwCBkAd+cnANfHcXxg+It5e2cEmvzTLdXFvC4EUYBjeQAoCQTjBwSON3U88/WH7e2lzah8aYGsrGbUWTSLeKQW7BijjBKnbknHPAAzkA4zz8z+EvBBe9sJdQ0DUFlW5t3jDA7AwlRsnkDaACe/qSDkD9RwksHSwcac5RlPlW1tbpdUrvS1np+R+JYynmNTMaii5cvtU379kleO/SWjstG729T9MPFTNP8F9J0tzbxTX6abHJNMeS0yxnJOOCXbAAIP5cfE/jfw5pq6R480+0s4YL/S7C0uI9TSWYGORdkbiIkjIkYknDYABBJwc/WnxglvrX4R6VcaWjfarKexWK38oSBjGkRAYN0VSFzngnBwa+b7tNd8W6Jq8mpz21vPqdvb2V3FFbxwlIo9vzYz9/IDNwWLgFjkcLDyo04ydSppa8It8ra93RWvs1ZqST66WNswpYqc6ajOUUoRU4q+uifTa22qt9114D8H9CvI/F/heW7vDeCW6jmdGuJHZWRjjhnIIPBAxgcDthfvf9pKC3m+GbMonhmEtmEuIC0UqBghk2MjAqSSclWBbt0Br5n8IfDyw8LeINE1lfEUbtbyBDBgBVI6r1J3E4UkjPqRjNfVfxmtrjxD8PY4IHTzJXtmjwBl9vlkMBzuyPmweo4x6+fmkofWMLOHLy3i2tJJK63k729Hb5nr5Hh6jwWLjOpJNpcvNZ2vZN3dmmm76pr1Py8km1JdYt7OLxP4hsrSe9trQ4v7hCvmMFY7Sw3EDJHQe/XP1d4e+Glpp/irTXfxPrOpxrEs1xZ6hfu7NHsDBzHuYhJMlunYjgDJ84i8A38rX01zG0s6EPay/Z0HkujBlfLENuG3IP8ORjirvw+0jUdI+JFtrWua9PeQyQtA8MhdkRRjy4iOFGAQAM8E8E4GMa1f21VQhFQ5Yq0nZXS03V4vbZaXfnr00cOqNJSqVpVeacLXnblSaTutbpXWi/M958Vz2mm+I7Swt/EN7pVrLpUk8dlHMf3m1V5KnGABznK5Cnkd6fh25t9akv7ZPiBqEYt9KlumdXcIjQjcY++4xndnPAyM44xxnxm8Iy+MvEem6xpviVdFWy04w7YgVLb1GFc5AIG35j1BJBPIxyfhnR7vwrpFxanxHFeXN3bXNnLN5G7bDcH51DMcnII+bg+mea6sHDDKPLiEua17t6WVuiSd/eaXRW07Ly8bPF0a0pUVJwdkm02rWg00k7rSTiknZHeaD4gutQubaAeLLjVbN9QktmibcAIs4Dyt1+fjgZJzwTgGv0h8O6Z/Z/g/R1h3SSCycb2ydsbRuSxOSenAGAANuATyPyw8I6baaJNJHbztcsJ4V4UgLulRmYjnBIY8nnkdwK/WDTZobPwVp8kcrOX0m2LBRkorwElgOBjJAKgAAg8ZANcuLVONSn7KK5YWfMuiXK+i2+evVu7PUyWpXnTqKupJqNo33WkbaWejaW2um5+I/xP0r7R468QxM0whm16+MsiXEsRAL5CgK+AVzgYzz0+br4hf6W0dxfRx3V60McgCBrqbaqlgoIYSE8AHA6ZwemTX0j4/0Yal4t8QzCS/iaPXLuQCK3kZSHcncdo5wMYUHqeB3rze58D2zrIxvb0GVy8u61l5KkFeq4z13HBJXGOOa9CGIwnJZ8qnyq+i10irqz0eu639GeDWwuYSxMpJySc24+89rxSsr+d9t9dkfq54Hjgi/Zfs45HeRT4OuIi7biXPktuZs5JYDPXk44IAr84oIoIfBGtGd1e1YubdQMFZBLIeDwSw69R781+jHh5hb/syrbRvzb+E7tAzqwdcQsNxyMgkZHX1xyK/L3T7u9vvCWtwzwm5hD5t3QjbE3mvnjkFydvG3OOeMEVrw8n7TEyXvJSbjZtJpWXZ6NaK3klYji5yp0cCmoubowjLf3naN7q/Xo2mr2b215qwjt70QRARBlCtvxvBBPynnHOQOTwPr13p7C2FrPvfJiDCNAAMHbwQp4GCD83APbk84mnRPbC3LQPHKg2kKhDMAM5IOAowxBX8z0roYZ1lEpuiAXLogK7irYI65GDgnnBAOBtxyPqvjjqrX9XfmUbXWmz0s769Vqfnqve6Vnfdrq1G610VnaLtYyHS4g06AQ3UbxSIFk8tQpTJ4BH94nG49D0I7VymrzXG6KOQlAqHHG0k8kk4zjOAR/exz7dLNEGhaKOQMYpC0nUKQh4Xkke/3s5GcAVzetnZbRNEpMhVmOTuAwMgAd8AgL6AEE7smogrNvVK8bK172tK0bttdLWVrb7a9E5pws7Nq11dvVNLZXbV76dd3qzBh33Fz5itltu4IDwCgGNxBAPIx3IxnHOTvSxXyKlxIJC5QlAFLoyKuA2QCnykZwTjAwc5zWNptxaJODdgRLGisV7SneGK9jyOSw5wxzuIBb2e58Y+HjpaWttYwC4uII1g2OHWF8FZNwIyC3AYgEEAdxxdbnsmldWUpWslslorp33SWy2S1FRcXBqTaTldWTSb0itLq9nfTpdHklpd3Mk6Sq6ox+UhchtvKnCkAnfuUYHXoMg4rsbvxBqdtpiaXcWyKswLi4MYM2EyYzuyD0GM8kAbR79JpHhDT5fDsvji6ktXRb5bCDTIpUWfzflYzEZz5ajgZA6kL93nhvE1xbyTiKKVpHD9GJCorYBjH8OBjJzwOoriptVq3LfladnfXRqOmvVrfltr9531U6GH5nPVxitHunZJvs31s1q7620xrrVj5GwOd/ltuZjjPbHABVlHGVYnHHpXI3l8WjYZIUAMp5O7HYgkDsAcBu3PJrUnb97OAsYCQkEhcheOQoHoeemD6naTXLXTZRt6qu5PkGOhGOeMg7j8wyehxxXuRjyxg27pNLb0W7V7LSzav57W8iKTknzcz7WvZXjo3bXp5dFc7n4cTTTX14gljQGBhulAIbdgjnGeB0Pc9eMZ9j062ml8yEvGwi3FmjCtuO4kqB2Ufd75GBxyD4l8NE36hfKwz/ouQrDAGWHLcke+Cfp0Ne36GksMlzGS20OGV0PHJx8x3YYcjJODntn5axbk2tbrq2rrRK17ryurO2ttrG1STjZct4pR87WjHVJ6XaTvqnonrsc149snbRZJGdEZHiyZFAbjp64Gfm54BB9q8hluporZI2uWwvzZyQSSCNoU5BBGDkjHQjPBr1r4q3Mq+FLmdCVYSw4UgsQMjPQsR17gdc9OT8ujVbmUxxzSMwCl/mYryQNo4z8oAxjvyMgYqkt05JN2Vnrvy202V3+dtLipwVRfFZtKKV9NXBJ29L3trpujubXUrgyHfdTDAPDZGAOhHGSpznHOR15Iq0XlubJ1NxM4ZyApJBDDrgAAZxgr0JHpivP49Vld2C4wMAnHB5BAzjCn5vcYz6Gu9tpVewTBGWkUpg4xkdW+Xrz0yAQMkfLRGKe1RSV3fq9VHbXS72S0t8iKlOMIq9SLbvfe6V7adrtLbR7Ws1f6I/ZYSSH4gXP33z4e1JAMg7N8LAZzzu45/EE8HHtHwxsZW0P41sCzN/Yd9GPm3BS0jELx9cEcE8HA5xxv7F2jW2qfE6a1v4y9u+hX7yur4kEYiLPsOAQxQHBxtI5zXvem6Z4SstB+NA8MzajGqafeRXkdyCVMgkcRrG2ehO4M27OBg9QDz4py5YJJvR/Dsr8q126ptdut2e7kvLaTUrNKS1Wj9zZvTfd2W61ta5+WU2g36SSStbuF3OVZFDFlySWwOgBI5GAeR702OxeMFnjIyx2qykEZz1IBCsPy9yTx2Mms6XG/ktf3duyhw+5d65DEMFyeQDnBIHY8HFRNdWMqSRQ6xbzclsyRASHjHBJAGQVx8oJI7V5qVt+bfXRvte762dmtt+juc9aLc2opJt9r9Ve9nfyWltexw01uDBJkEBXJ4P3sc5xwVwuQSD7DHFZXhpFXVoTG+HaVxhhwE6DPPPbj3OeoNei2HgXU/EFwttY6pZK8od4o55Ui81icKgIOCB6nHIJ2kYNbNv8BPilod/BdyeHJru1jfc1zpyi4XBJ5PlueQOQOCVIPbFZVa1OD5XPlbs97Nbd306rTz6p9WFwtacXJQlNaJqKcr3s7aW3Tvt30XWr4ZjK61rzDG4GMdTjGFwOgwSR1weN2e1elacQbVtzBWUs3B2/Mcjpg4A69cEAY5GTw2l6Rqmj6trranpuo2W7aoF1ayxM+OrEsu0gcjdlScjrzUkuouroIbgAKNxG7aMnnDY3EEdcHGcADqa5Xy1EmpqV+t9nprdXT0d3f702RVw9SnUu6copJJLlaellpol31S03ehyvj1Zk1ksBybVe2c9Sx68kjodo9iR08tEpD5KjaN3zKSMnJyxHB7Dg59hjBr1HxVIl1qSyyNKyi0GGDEZYAZB7hcdyM5xkcivNJLeFZAVYsCGYbsjk/h164wM5z2ya78NLlppPyva1/hivLVJLza0d07q7WsnG9lHV7pJR08nr27N7JlqRmFiCGwGB6YGRuHzHGCA3TgDJ98Z0dO1OeK3VgX2qyjr8vyn5ud2Ru7Ads5Oc5yp2Y2qRIGBRcNuAYYJzzggDGRhsgDB4IJIgjLLaCI5BEmcE4G08gkDgntzyBk5xkV0pxlO7kktGrJJX93R3S/lTa07K2oRtorp23Tb7Lrq+1791e61PUbPxo1tEInQAMxJeJsEkAkEgc5B29PurySSCR0ehzTax9plQmeR5EDLz8u9gADjjhcYJ9RnvXiPlsoJJ3AjIPXg5xjIPQHBz7gLk5rrPDesXenWl1JDcNHK91GG2AZAByDwBjPGM5+6MjBok0m+STuk29XfRWS0tG3dK+yVkkNcj1b3bs3a+6e1kkrq60d1d3Suj6Yk8Brc2UgZ4xL5CySgjZt+X7qnnk8kHJA6c9vKdb0E2VtcBJgPKjk2pnJZVYDcrADAUAAc8jtXoFjr+pXFgzNdvIzWWWbG1y2BxkYwVHJOcg89Sa8P1vXdRZmgedirNKGBbcWHQqWIyANuQMdR17DKTk9pLVu+nVtJW10V3a21vK7c81NyunZ/PRaO6s7d+9rfDoZ8d/cQWkMSOZQGkZUYDCEsc8ZXBP0IzyMDiug0/xnc2tuseWt3AVw0bsh3Jw3AOMj6nIOM8GuBeQREYZmIjUj1BbbkAHPQgctwPTINUWuXLIZGO0k71K4JBIJ5x14+pAOOwqmlNWqQU0rLZN6WWrd+trdn0Ssh3a5Ypp3Svr7ra5HdSs2tL794tXPrPwH8Wta+3mG3v2O3TrvCz4yz+Sw3Es2GAB4GTjPYmuI0vx7qk6X8k8kb7JHkeVmCvtErl1TDZwcZ/HABIyfOfBTRTa2ieYRGbO9ChRj5hDIcZB5BHAHOeOvJHBieUSyqskiREzq+0kD/WtxjPTcOcYyc9O/BOhR9o2qajJ8t+XVapWlZ9Xa/wA7PRG0nzUoxc276Xb0inaLeqsndX9Ln1Pod9Jqmux3qNt+0GJoULBiwUbSVH8QDD2GAc5A+b6KtjqQSJVkkCvjcvRFK7cE9Dg4BboOvTJz8bfDzXLbTYtO1C6t57iK1kkVgpJYLkfN1GOew4H5kfTlp8WPCOI45XvLZ32hhKpwGbBwTwDgdMZ7fKcc+fiYuUlFK7TW2zuk15Xu3r2V9OvnSoPRwd7abv3m7bJXWj+fR3vc8H+O9xcD4heGlmk3E28agLgYGRwAPXAODng8Y5x6Dpiv9kjuE3KJIRg8grhQR0BDBjwQfbsuT458cNcsNX+InhafTrhbiEW6qXU8Bjx1BHOAM8k544G2vZtNjZdNiMjna8C7CrE7sDk+uTnBHU9+2OqmmqdNSVrJLVdt09bO1/x1auzz8fT5fZ33aW+10krej79dH2Oy8OajceaY5ZWkdUVRzgr12hjk9s4OMHngYArjPjPK3/CPEuwLfbIyyE7z0GOCB1BPI4HHfBbf0gBL2N0kCggFgcgMDj5ecg49QD17845f4yM7eHp2XaQJrfK45BZj3xxnqvoePlyK0ppKpHu3r1W0Wtflf56aHBRVq9N8yleSi+tk1Tff5JvXRrTY+Yvh1JK+ozRg/K94dylug809u2QMEjPPbJOPuvw/BIbWJ1yYtqA/Nux2I57euQc9c5Jr4R+G8G/VJs7kxeEDHRjuJxjnLE4zxlsg8V9/eG1SHRoCigMgUEsckEjqVJ5IJOOM5wvsNMTJ2sk7Jp372cbXV/NbNpa2Z05jZTvfaKtqnqrK193dffvodRHGDnlAeFUjq2c5B46cgqMHdnkbjg/Mn7UESQ6J4c8sDzBqIL4ABbAPcZzkZ7YIwexI+n7Zy7qTg4YAE8ADAAJAGScjnjpg+lfL37UbbrLw2qt/y8sx3E4YKCBjjg8ce35VyUeaNSC0Wq2s9HurX01T7eujtwYNx+s03b3ktL9Hpqu99NNdU9EtT5ofXbpJYmY5jVAiAEhMKoXIwQQRjuME8bienVaL4lufOYK0+ZIj5fzMAMjBJx2x8xbgAY64rzG9uGjkSEEOVUEKfu7SAeey4ySTnOTk4PFd14Ne2kuE8wIJPLIJfBCjDHdgnJ5wfw5Gea9dWUJNq7VrXXpa3l9+ul+3rVMIpNyjG2qu7K+qStqk7b6K+z8r+x+FdKh1KKe5voC6vMuJO+/uN3AB/p+IqlptrDD8TWskhR4FjhSNHUkLudWPXHOM4HYjOK9B8L6tpFtpi232u0eRZgww6gq+c5bkHAycfw7SfUCuP8NTDU/ikrQ7Tm727gFYNHAokJ3YIIypOAD0HfAPFWlPk0v3Ttd7rpfXV2T7XsdWEg6Um5K3u720a929l21t6rc9M1i20U6rdKLKMgFY5IlJLGQj5jgDnADYyPqMV6r4S8EaLqWmJMumXEhCOcglV4OAMgDAAGBj6gkjC+Ta0jprN2zYBN0zgqoIGAcEdSAAMjpnkng8fUPwyukPh2IyMfkdiWVtp54wygdyRlcHOPY15mNq1KVFTi7NtXe137r6+t/Po9DnpuE6zutLN2bXR723321b6GHD8OPDCxESaZcKVUszLlh0OdzADjGT0IA469fDfib4Z8JaXpWqSWVvJDdfYXYF1BQsGxyCPlPcEbs8DGcGvtF5A6NtICOT8mf4QCTjheSRwM4PqOCPkv47QJLBcLHty9owwowBtYctgAe/fJGT1NcOFxlac4xk3y3S1tfXl2b06rXrrY9Gi9YxSty9tbXUbPrf10v2et/njwzpXhWaO2M84hke0iLlwSA5AUg56A9T8vGMD0P0f4c+DXh/WdKi1C11a1KzOV2qEOM46hjkYBOMDnkc4r550TwlNMVcTxkyWluVVhkDKcYAA5zxkHO3+HOK+ufAHwq8QT6RbXQulS2CEiNJmRHJVRtOOpAGc9yOOc1246vSo04ydT2crpK60uuWy8kmuuzfTY9nBqrUnaNFVXbRN7fCtvK+t7aPyd89/gJp8aZjvLCUq6lS4Tec5IAVQN3oOhzgY61YPwM3gMyWe1fLYLgIxJXr7n0Gck7TkADPWXvgDxXBIssM0obKgRC5fICnduAxnGM5yc/QdWz6R44ibalzM3yKdgfe2VIOQSVK4OOQSRyADg15Esxpyikq8Gko2TUbvZ30TT7918016XJOKu8LKLuk7SbV/cd0t7X2s+ibfbR0L4LXcVhqF/aNDutbG7/0ZkCmWOOFtzOMg4AHy/TgjivyVXw3Pd+M/ENucxsl/eHaJHxGRM+BjdyAcjqP1Ar92vhws7+HNWOrvdG/m069gjhGWckwkKx4yct1B+hBDV+MV5peseGviP4mi1C1khmlvrmaNLkFfMhkllMb7f7rAhsZPJxyOK9vhWrHGY7EQlOMox9nZRaS3Suk9W13d9duiOLiRzw+UUKsFUpNuTb5tm0ktG9El6u+9tlRTwhexbWaW8j55ZJJQvTAbiQcHqox39CctbwxfGVW/tG+iIP/AD8TAbecc7j1IPTnGcHvXYXPiPUVjCeSgOS2NoOF5wRwOAPwAzzXPvrurSgogVVY8MRydpbhSMBeCvHXsM5JP6CsNBNr2e2rXMm38NmrK71SWl1e17bH5XDM8Wn7taTjfX3rp3Ub3atfTS9m9r3e2NdeHdSgjmkGrXz7WyAt5OBnqcAuzDAGSD+GOKqQ2OrsERdX1JUyRuF5OTuwDgL5o54G7OQAckZ5qzc6vqflkErgg5ATc3UE7fukkHJyFzuJx3AzYNS1RWEasxUbm27QOgGMjvyAec85GcGpWHoylZRktEktLJ6Nruk731Vno9L2XXTx+L5XJ13dNJJy21W9++2mt0te00p8Q2isseuaxAUjkG5b2bkBT0IfCg454IxwcZFedad4s8XG6mjg8T64gSZgFF9KwJUkc/NjjB5J6cYHUd5c3l00c7ySDDRyoV+Y5OGJwSMDGSepAAPGa8k0W4WO8uMqCRcvyT8w5wO46HOQTznscNXJVoUo1KUdI8zdk0kre75a36X0tq76X9nBYqvUo1Z+0k+W/LronbTTdN29PSzb9x0jW/Hd6V2eMdfjfaQEF9PvIxnKjd0UcHOOjeldA2q/EeBHX/hL/EGdu47r6YsRk4OPMbA5BzxjOevA4jRPEkNjKJJLeSZQMrIp2sAcqPcrxwMcHJXOa6iXx1ZPvKWtxkIoBY8dM7SSeAM4I7jr2zpCjQ5klZpavayva6V/XV2bdrPVWOaeOxUYyanPmV0lzJ9tGvVq713062sjxV8SI41EXjDxEcYCoL6bORgMfvHjjBXjtg9RV5PiD8Vrcbk8b+JV2gKNt9MxycYyATwCOgznByQa5Q+KojvC22N/IK5z1LYHAAJIPAHfH0ii8XQBt0trMGDY3DuBkegweCoA3fMccZrpWGw1r+0s/PunG610Xlr07nCsyzGWjjN7b9dVdXv1V27d+719AX4w/GaBVVPHPiIx5xlrp2wRgHBJPJwM/LySM4JINs/HL41RhTH421hnUDBkctjoOctz19uvXHXzh/Fdgd7GCdBjOAuR16sPU8jOOnTtTj4msPLYmJzISXDBQG2A5GME85Ge2T3420/q9Cyaqxbsltsk17q1Wum2r11SViVmuOTs1NOyerXlsk2/v89bHpcP7QHxvjLk+Mb2VvukSornPccjAJ6HJGD6ZqQftFfHBGw3iV5BuLgSW6Ybn0wcrnJxuOGI4IHHkh8SWblC8eUOWYvhWIAOSQMjgjOM5x/46HW7CcFBsUMCVbdkKOTtAPY4HTjJHA7zKhS2VV6L/wCRvstb6aPRJ76abRzPFprmUk0rta3fw2fn5v8ALp6Ff/tWfF/TdXtZb3ULG6uGgKxeZaJgpkZIODzzxuOB7Asa27b9rn4tNC2+HTJjkMv+ixEgHcSBgHBU9TkcY4IHHy34qKXWr2UkTboxH8rKQGzk+nTkdDyeRjbnO9awSQQRPJGwLRnh8YYkgZwDyAWHfofxPmKnOdSqud8qas+jvy67avpe+l1p0PaljJqhRm52nOHM3e2rtpbdpXtfTXbez+ko/wBrT4nFXM2n6VMSCu7ZGBnPJI2kKePbrjPpMn7XPxDiJDaFpjLKCW2hAQV+XIAX0AznoSCOABXgCxQsAAirhfmz/EfQkZJOc4+mMGr8dnA4jXCBjlAf4cg854Azxg46c56VsqFVq6k15tK9tHe9tm9k/NW0Of8AtCony3td6a+a2aTvZu+6step70n7XnjRAc+GdP8A3iAyMpj5zk5YbenBOcEZPP8AFm2P2tvETRgT+FLWUA7d2Y175IAMYwDnGFzgHOSeK8Bk0lFtzxgqdo2dW5OFIHO5u+Oeep4zGtgoij2RozlgNueGIJyWGeoHYbuSB1LZp0ZuLtNttK0VGNtOW7aa1v36u9ti3jJv4knFbJ31WmnvP3U7NPqfSMX7YFyIWhu/BVqEX92fKEeWB5IBEZOcf8CBPXOca8f7XWiJFGsvgtkOQjjyYXz13dUB9u5zggcV8qXelwrDu8tAyyHJKk5AA3ZzkYHt68HrnDa2i3OojG5nG0FPmBHB4Azz6dxyTjJrF4epeNpu6Xxctm7Was0tNFq7P10sh5ioxtJK1ttdXp7umvRX1au7avV/aqftc+B4m3TeCriJURslY0IZj1JAToTnbz6cYrz7xD+1D4B1fWNHv4dCvNOaz8wSypaRcoxBCiPG0sRj5ySPmPHWvl69sYjBM/yhkz97IHrjPf6ZJAPc5ry7U1QakiJ0ZUI+U4Vs5bAPbr8pPJPGM4rGvSnTimmndq69Ulq723Sv26nZhcWq2raVle1rWTVkraPRxta2jtqj9DIP2mvAVyVRrbVreVPljnht4oyyZzkqFHJDd+uTljzWkP2jPh1KpjN7ryEkNIrW8WCQNpBIU84PHGD6HJNfBul6ZbSoWdmJAHPqdxOeg+XOcY55A24DEasujWykMJ3GMEgDHDfxHABJ6YHHfqBilGjiWk7u/lJarRX1uvO3VW7GcsdSjJxkk1s23pdctv1t2S8j7ik/aI+HG1Fj1XWowGLbWsYpFDAAkAbTkZJx07j/AGjKf2gfhlIsaTa5e43bsNpkJIYZIOQBnlh644yBwT8KvoUMnWVgoUlSy8HvjjOBnqSMHIzjJNIvh6EyKryEghDyPXJO1gAAedozng9T1rSFLENttuzsmr7X5fK17rR6rTzMZZnhoO0krp72937KSflq1/luvuyb42/Ca7dvtHiK6C5BjK6RbksQOTnnG3OeRkYOAa0ovin8G5EhkfxhOsrHLo+jQH5TwcnnqBk8jrhjxXwxH4WsXaQgOAFBVjkA9jj1IPoARnqTwL0HhnT3KoVyyoCcEEqecHvgcEgDqcHHINbRw+Je19lrfVN9bJLR/jZbnNLPMEm48t07cyfwvZ3XZOzdk0truy0+8v8AhYnwQu/LWbxsAwYBtuiQYAzg5PUgD04GR07xSeIfgNPKJn8b20jkNtLaRCGAHHPJGOp579B0NfEVz4U06EJIqkltg4zlgepztGMEcjsME+tEvhKz8tZFjyeSwK56EYHbnIOTyRnOOa0WExevuw5V3bb3ja0bpb2u1rdfdzPPstWns5Xukmn1XKt/+3ltb5WufWPinSPgB4h0q7gHjqO1leNvMlht44VyACCEUhST09cHp0rz/wAM/CH4KvaiW2+L1uC2S8Mkahhhs7u4Pc9ScDB6DPy74g0S1hs7mRWyfJYqEOApAPbPzH+HPBXpkkVl+CdEF7FvlV2DMcAbuMHBckFeueR+nNc0qdSnVUXGN3C91e6Wl1totddb9bnoQzPDVcNUr8tqcXy20bbkklvf1unfytY+7R8GvhVK0a2fxi01ywDEMi/Ke5PzDgcZ5ycn0JNx/gj4EL7YfjJomVwwJMQJ4KhcbwBwfmA4I6jnj5mtfCNjHudiWUgBSHdTk5xgBhyOBjCjGAckGtH/AIQy2C+crl8uqlGaQSYyAACGyW5IBI4PPQcVGnN3UtdU+VN2snG99E7vS7b19TynmmBu7UbpWu7pWasrStdau/VbPzv9C/8ACg/DEyl0+LWgMpbj5oS2ehOGccsDk7u5x1ORYh/Z60R4yy/FPQJACcCSeDjgcL+8IxwDjkHjr3+fbjwWiJI2ZomEYkVBNMei52n59o7fQfSs6z8NSzRASSTQoCxV1nm+baeQPnLc4657nsVqXTqRTjd66vVPs1vvt57uzvcazXAyX+7t9NH8Xw3XS17ata6/f9Lj9nXTTGY1+Jvh0DOQXuIQB3A5cKCePUHBwDn5Wv8As42iphfiT4aOWHy/aoD2553tjnn0BJ+lfO0nhgSRkwzXRyy8/aJwhYbcgneT2PPy+x6VHD4NvJnWRprqLD7QPPm5xk7t4kPBxxnHBP4NRqq1lzOySXde7qtHa1rO299H0JjmeXJ6UW3bo9Vfl2u9baq6d+7R9D3XwHjskzF468PSKVARVuYSmQSdwOcggcDOAcjnjlIPhDe848beHgCML/pMAbOAB1I55GAOOnUcHwI+HZJA0JurpSob5xcysN2cBcAnqOuOmOw6ZM/hm4aJsX16rK2AyzTBWPsd/XjkjrjpjAKtXakkuVpd93aHa17d7K9k27tof9o5XKUVKi18Ol9HblunrfS6TXXVrRnsvi/9nrW9X0xoLLxR4ceRpld2e7gQYJ4JbfncPxPvjJHHR/sy+M4o4408R+GmkQ4G2+hIG0AkZVzk/mOmSeM/Pvie51nTVQQalqMamXZIv2iUnKkAYAfJ5BweOOcfdre0uXWLuG3kXWdUaYbSypdSsSrjAH3+WGeOV/iJ7iuNwrOtL3vfUVGzS0WnRtXu9Xq9tdD36WJwEcJBxo/upu6jzO/S7emzTtrtb5nuyfs5ePXh8xPEPh5slVKfb4cjHII+YnHTBHHYdKtJ+zv8SJISqazoT7WXbm+jbOOAQQcKMnB6jB6EA15KLDxSkxt49T1UN5Zfy/tM2/DD7xAb7q9ScAjJJx2We78VWgjiXXNVVmiyQt3LuyCcZUYKkHOeQR1AzinGjiNWubdbxtr7t7WklaVrNdtt2zjeNylz1pJPs7X0tq990tNXZ6aW09as/wBnP4mWMrzR32i7SDuKXcZcM2AwA3Ek5wyjCj5vlGCSNd/gB8RZoYxLc6KhBJCGcZY44JKtjnqdwyuenC14vHq3jIxLIviDXCoVVJN1KAW4I5zywbGOCSQCSQDVtta8flCU8S60CgAQi7cDgHjr97+YyMHOBqqWIktE9Laa21s+jut09tW+9kYvH5PzcrhL3rczv6W663ta9tLb6How/Zv+JkkhXfoxwWYK90QD1Ax0GM4465p0X7OXxTKPGsGkStv6C7wSuP4ckAk9xjjsa8afxp8TkkMaeLdaILkAfamcKq9gcgA4xxnjrk8EXLX4gfFHz02+LdUMikqFZ5NxHTLEtyAOfmODnipcMSpJRUrp7r09Xs2r9PW5ssRlDs+W0bK13dbRTsnq33312s9T1dv2cvi5GpaPSLF97HhbpWIJ7DLDqAckHjAJ7VLafs5/Fx5mE+iwwYXfsaeNAx2nnALZy2T36k84xXHHx98UrNVnXxXdnagyMuQW6/NuY8kkdMjgD7tMPxf+LVu8bS+IrplYDHViFBAwx3KQvAx1A55IPy1y4q6fJZu1r3srpXb6pt2ta/bbQzVXJJpe87pdNLX5Vo5Wun0Wmur3ZteOfgL4+0/RnubjS1u5HgYLb2cnmzBgrcLGrFc/gMge3PkXhjwz4/0K3NqPB+syByXYi2cqnBGDsDc9Nw7AHtgHs9W+PXxRsrfz5NVGYidh2As+4EZYsT3GccAg9CcgzeGv2kfib5JFnPaGZmJkZ4o2d9ow2VIwvQ56ZPcA5bnTqSq+/C00n2fSPR3erTfzs72PSprL1h0oT/du13K29ldfElurLrexHHbfEKd1hm8Jasdo5T7LIhKjkZwCOMZOep6ZNVLjSvG8cyE+EtajYEkhbeY8E5ywKH27LjjvnPoA/aH+KaypPcSWZwEx/o8e0kHjgDPoDyQOTgAAmWX9pP4o7ZXxYb3IAxBGcqCBtYbWznru28A8AcGuqMKjveMlrorJt2Sd3ePZrp5anJNZW7f7RFu6+JpSvon9rft6K8XZX83jsvGOGB8Haw3UAfYpdwBPJJ2EljzzgcABvQWoYPGDRyKfB2tuR8ozaz7V5GD90+3JzznHJrvbb9pz4o2//LDS5Du+YNax84zjjaO3HXOOmSymuhtv2oPicgMj2OjorqAc2kQDZIPJxngdzjPXIA43p0+bVqopO2ttXezb9bbuysrrV3Rm/wCy0v8AeI66NaXtZWe+1tN9V06vxOfTPFOSH8I6+i8O5+yzBSPqEGO/TqNxIOeK66f4iDkf8IvrSK2S4Wzn+Ze25dmP4en0AzkV9DXH7VHxAePYdL0OddqqzLZw5Qjr8xjyOqjHGcYY8MCxv2q/GkHleZ4c0wMqgBgkKfKOmAExjGcj+H0NU6PLvGpyprVrRJ8rsrLS787admTbK27LEx6KzeqXu2W7T3v0TafXV/OsumaxI8TyeG9bhUAiQmwuMFBlduDHgbSMnBzkcqO/Q2+l3y26g6LqYIi+XdYzhdv02cEDp+PcCve4f2tfFJEcT+F9JaPIbmGHJAK5Ut5XOcEtnqOhOONtf2utXtQTL4K0mbceMxw7QvcKGRfx6DHTOcVChTXKnzq3xWu+V6NpK3ddPtas1hHAqPLHGW1SWj6qOtr63uo99F02+Y7vR7sW+Dpt8F+8Q9lNlS4GV5jGF9QT09TnHm1tp03/AAlLLNY3O0gkxtazfOcAFWBjwSSM5GT+RavtW6/a2vZE/f8AgjSTBJIzGOOCA87iRj92Dg4+Ycjt2yeZT9rPRba9mnvfhzo0t0kiyKRaQOzDONsi7MgdQBj3yBzWXNSjJN83uyi46ct7cttfPez6aJNWN6eDoT+HGxbtaSS6aO+jfW22vSx0niPWzYfBkzQZlFuskeyQKULMeThiQcjBGAD1P0+IrrxRqbNJPEscRnwcLGrKB0GBznHvwMfn9w3egzeIPgbfWtmkYuVLyKOhfYV2opIGW+8R06AA4r5A0/4a67fTtaF4oZkiLSI7Y8sgZIIPfnuTkcnkEnXF0J1KkOWDk/ZxvJJJfZeie3r9+pVOvyRbcopczine7u+Vdkl1e1uqutTn7XxNqT3EMVxI8iEbGRV28MAGXIwRzhuQcgD5SMivrv4CyRW+ia5Ku7fI0qBQ3zLlHYZJzwWwDjLA56gEV8v6t4H1Hw8IpbpopuoBj+YhhkAkAdegHXp6tur6h/Z8jjn0rVIJFO/ypnf5Qceau2Mnb0xliPQg5GAaywVHkquM1a0Ha1mtXFRWm23ayv8Acq1VSpqfMnrFpt9PcW99Phu9ub8/lvxBrs8GvarE7Tsv9oXAXLfKrea5AHOCdvB4wcjPHFM0XxjHpeorezwS3EZMkbKZMfKVKggHgNg4IznGOTivS/EvwnmuNSu5m1CELNdzzLGykFCJHOxnyRknj046MBiuIufhvqcZYA22ELBJGPysVJOQD7YIHcHJ65qXgKybly9U1rrZuL1+Tj2vq9tylmOHlaMasXJdFtqo2W+ivq/LRHcfBi4GpfFTTrhUaCKe5lkToQikBgHHp1GevIH8Jx1f7RKXCfEa/MPnCI2kDAxxkgsMA/njPbB9a4z4OQS6X8StHt5WZdk3lttYMuW2KSOoxx09PcjH0J8WDay+Kr/BhYrDGBLK6hgAq4BVlzgMBk55LZJPelh3UlCk7RtHVtrV8yv5N6Jq+9vM0r4qNDDzrTjKSc1tvulbfz1dtFq90fFd3JeHYFW4WTG9meNyeCOnAxz2z09cZqTRJHOsWMly0ikXcGWfchI3jK88Ac9eeSe+APcHdNrPI+nYKFR8iZAHP9Ovoxz1rgNUaA69pjj7O8Mc0Qd4gsakb1IyR/EOgwOckgZpSwPsmmprlclva1vd2s7Lq29OztZnHh8wpVpJRpSV3HRJ3V0tbfm9nbvdn1Z8ZI5774Z+DobOC4nkVy/lxjdujZOgIB+bJHOPbOa+Qbu31ewtpTJYXlvEgbc88TBYiT90Fjx3PocdiOf0RFrpl/4U8LLc3RtU8ktbPtAzIAAoJbI25yScDjPHFeU+OdBj1S3+wR6grWzKwlaOJMu3VRuxn0APT1x1rSeUVqyeIppOm3ZWsldWX8273XnttrpXzjD4erGjO6nZS02iny76Lrd/irPRfB8bTyXTlx5gd4ySVIwSwPBxnIxyw56mvsXxULl/gnaZDOGMGxAhYLsKqOFySMDk4x3IPIrxzxR4DGh2cVzE7uxuI1cMoUHkEHIAyuCRgAHsegFfafw5tLJ/h5p8eqw20yLgCO5iWaNQw4LoRtOCRtPOSAvU1jDCVVJ0GknJxSvp7zdtlqtbt310d2rs3jjqMaTxLf7tXu0rOzUXre2129Ha687r8z7y2mRAxt38zJIIgkZSAQCRlSRzgjp0/LPgWeVhvDl2YKNkTAqR2YgZHU9e/AGMY/Tq6s9Eto5Ug8P6ReJIzohNimxSe/I4I5x2xnBwePBfF+i2tpb3l3BpmnQI5LlLeBQYyRxgD7h3ZPrwQCOo7P7DxEIc8pKPJG+qS3Sd73t6Wd3fV9Tz457l9WXLTm5SbSadtHdJNvW6d7bJr5o9R+FdpNcfBvXyhMUllpdzuG1maZSOgAxjAPp14J6GvgfW7G5uWe4MUwUSsu3ymyCrsD1BznGSQP7p6c1+hXwqvbiH4XXwR9st00trJtQZ8qTAYEcjJDH7x3c9CM48+k8D2TXEu65domVlAeEFVLEk4O3hskkcDnnpis54OrOEFBQlok2krNtx+Ftxe+ltttzrrZhhqLh7Sbje3Lu7X5bNK62Vlo9dGfDtvbzxXMI2Sbd8OQyFcncOQD365GOeORnj7/u7Vrn4DXWmqEIlaCRnUZVN6qeR/eXHI/hGDXjvi/wZo2j2kV5HcyzzGVTGFwoUkg7XGAOD0Y8kDnsa+lPhdPoDfDuWXxJELqzF55clvIGQFVxtJJBIBHKjkHAxkk1y08LKNX2copc1rvTRS5brR6X87W6anVDGQnQdSMm4pXvbVaL1Vknbe/Xd6/AV54GVVaT7WjMCNyrGQQAOAQc7jyM+hwM4+7zMWjTWdwJAkgZMKNycHccBlIJGMdSAQB7AV+lF3F8IpkJXSLeJy75zc5+Uk7cgD5Tjk5PQYycYPlvi2w+H62OoTafpcSrHAXgdJshZOCrFfvckjnnOM4wOLxuX+xV1Zqy5pXtq2lpdW000u9XfQwwmOjWqOKqc93a3R9u2tnr6dndXXhuL74C6hZQIwWOK1RmYEhXBYscnGwcqcfXPYn4yvPDF5avuaSHlVGVcenGCCDk9DxtHYiv0v+FT6Evwq1BdZtre6s2BmkgkyVEag7UYntkDBJJzge1ed6hp/wAL9Qafdp2m2YlAMW2XJCjO1cDkEdMAHOcetZrLnWp0pU4uzhFP1fLtq9bPoltoOvj4U6koSbT5tGmlfVaO99Vu9lrezTSfwtbac0EsZIb5SpPy5TcWyGHOcZO7d2HByCQPvv7HHP8ABGCKSOGZftNvJKHBcNuVMqRjHTqDuYZwuDmvnPxvo3hy3TzdGdYpVm+aGObehReByc8YHPHB5NfRmlXCv8DRLGJmJuFZVjUSYK7SR1xtyOp/oTXK6E6dSVKSfO4+7o1d6dEvJrXqrO7d300q8Z0+eL93fVW6efTZN3W11oz5/l8OaT5TGTSbcIsgJkCkgKR69SPUEcgHGTXHXenadY65pYs4I7YtcRhpEB3EbwSB0OcYyAfUdOa7y61po7Ng1tfPhgGUxE7yB1BH3V4wBxkcYHFea3erpc6vYyBJVMdyilHQqAAw9xhhnHHHGeM1h9VqUnFzjbWL1VrWa0+69r67CjiYylyRu27N7bu19ns+131slqfZvxDMknhPwLcs0XMLxqCqthlixnkHGQc9gc9QQK8XW4dopYXjgXLt+8a2UdMZwSMFcAg55xnBJPHt3xEVY/h94Dkhinmk8mQgQAyOA8e75gOEAJBHQkknJFfO914huY4tkWlXZIyHeWF2CsuWYgBcDpgAjC85Lcgz7GtJ80Yvlsmnr1UbrRK7b1TeyN51lSV5TUU4q13pZqOj2emj/HoGiosfjfRmQQRRrcI21Iwiu4ZTkKABnoCQPY5BGfe/jJAl14jt5ZGjEq6Xb7HVAxIeNSUyQcDB5C4wcjFfNmharJceLtCfyHjxdx5EsRQOzN0AJOAvQg8gYOK+hfi9Jq6+IrWSy0+W7i/sy2DCNCAjMq5HOQe+foQvNa0adRS5WnpZuNm3dtaPs9VbRbPXcyqVm6TkmuW6cX0aum3rttr6XVnv49d2DRKoaZNrEPxGPlOQWBOOAMjsWJznPBr0z4CR48b62VnAB0uYBioAVfLYgKOMHnkg7cdMnmvLLnUPEsmI5vDlyFBHzhMEgMcjpjn9SM9q9P8A2fnnn8caiLq2a1d9NnxC6nejBHG1unGM8f7WOBitK9OagpNcuqSummnp3V1bo727dLRhZqUnaSbSvdNX2tbR6WvbRW/FnH63Zxrq+q5d0xf3RXj/AFuXY7tpzz8pxgE84BIFcuQFcFnYlQzI7YwAeMMCPmzjGcgnpnvXofijT9YOq6my6ZM4N9OYnQYEkZkb7i4598egHvXHahputkQs2izIApypIIwO5wT2J/T1wc5QqPSNNyt8Vlo9Y2ejaT130tddmhRk07c8dZJ6Ssnd2el7et+3a9+p+E9zEurxM8iqItWgYDbwdrEEt8uckEnr0BJIxz92a/4k8KamJotUs/OnjkhXzcOyCONcbV2pgnOMqCSM5OBxXwL8NFmi1KYywmE/avNZNoGwoC25sHPGM5I6kgYByP1A+Gn7D/7evxk8K2XjT4XfA/VPEfg/WpWl0nXVt0+zX1uvyrJE8hyUAGd2Bjpx0Hz2eUYfVYqtVVFOpeMk7NS0aTad+j0TV3e569OhiMRSp06EXUkoqT5U3u0t09vNPs/N+dxeIfAK6dMJoYHWGNFW1eFyzIPuoZQuVAA2/dIGPfJ0U+NXgDw9HYT2nh2+muNPdZoHs4mX7MEIOEGzB3AtgnJ787g1fSen/wDBKv8A4KZeQY2+AJglkJy07wKz8EkkEtnnPBxz34xWVP8A8Ejf+Ck15NJFqXwfubeNtxItLiBUQEknJIBUdDgHIwOduK+VWFwU5XljnNNL/l5pZJdJNaer10XTTWnlGbtq2HqyitWuWV7e61FybVru271XXQ+S/iR+0v4a8Q3MlymlXtrqV7HGi7YxE6RKOROwUF3O0KMgYDYIxXzJ4r+PnifWvO07THOg6VawC3EdqGV7lVH+ukcMSHYqWJHJPPoF/T21/wCCLv7cSXc1xrfwmnulIMhmmv4wLdc7SXwSNoDHcCM84wRXkPxj/wCCavxe+CluL/4pWPhXwrZTLEYYW1mKfU7sS/d+z2URaWTB6jGT0APWvfy6nl1P3KdSNSd1fmk5t6LXqrat39FodlTLczoxjOdCUYvXW6d3Zva9rt9G01vbr8ufC39rTXfAkcUWteH9O8WWUIRVW7ijS5ijQksRMyszGQY7nJGe/H174Y/b9+Hl0IrjW/hpPDKh8tYrF4iCABguBEATxwMEn6ZFcb8Kf+CcfxV+LCyXXg74d+KNe0ySdILXWUsZbTTJ954KvNtJQAknam0ZyPvLX6Z/Cz/gh78YDp9odQ8C6fFqRkR2/tHUQiOSM7UUq2QvHPJz7Zx6rqYGE17TEUYP+Vuzu2lZpavXzsy6eX5lViuTD15Naq0JKzbSSUnq09HbS7762+Y9I/bN+GfiF4Fs/hvM8WVEiS2cUkqFyVVixiwOcYBHvzzXsmm/FzwlJLBcDwtZWFtcIJFEkMKzruOdjgIc+nuOOQMD7d8Nf8EZ/jTpjSwQ+D/BVgJXAEzazGjnb/HymM5OcemTjPT0/T/+COPxznCfabrwLZxJLkK2qLI7KR93JUYx36DBFdUcZkuHp+/iactVorta20d2notklZXvfYxq5BxBXd6dKcUr61JRV0uVvR2tol8+nU+HIPjPocf2b7Ho1hGwZyrKsYXake/dLuQKFwMls8DggbQR82SfEWH4o6p4quvEtvaz29tqjWek2kTKto9vnbKYkQAGQ7ef4sDJHINft5Zf8EaPioROLrxr4EtY54PLEf2iOQrvUqy7hj5QM9SSOxFXvCP/AAQ+1bw3LE0/xK8GW8CTSXckUarOzXMxLOSxb7hPKg5+Y9tuK4MTmmV1JQhRrRjCzcm+ZKTaW2mt9NrWuk7W06cDkGcUIzlVjeUvhSldJLlTVtlfp19T8fdO8GeEX0vTjB4Z0e4WIpK8WAXVM/MSBllOTnp1HAOQK9Qj8W6b4Shgln0/T9L02O2KW6iSKHyUQZdyGUMQACO4IzzyRX7L6N/wSVu9MluZB8W/C8bToEEYsw2wD5QFBfBGCD0wQOeMVxvxF/4IuTfEYWyap8fPC+m2lrC9ukVrY4aZXHV4xKgEmTjcR0wxB5Fc+Ix+W+wUYVeZrlb0a2sl0vZWbSvotL7noYTKc0VRzknGLcbp8stY8qStpor3s7O7vpofzv8A7RX7Ttjqsen+EvCV7cXWky5l1a7SLzY3nX7qQ4A3LHjBII6cYBGfJPDfx98T+HoI4dM+0G3udiuk8ohjGzo0ZI4ZsZOMbecc1/Qrdf8ABAbTreyUWXx98Jx3CIY0kn0lBGFwQGdnlyWOAWI65I4yCc+3/wCDfzSruMf2n+0h4OlwAStrpKsq5yMbhcDbuI5I684xkV5rnhpxXNUnaS2XNdK6vpqvu2XbY9SGCzBSvCEWtmpPVWSeq5Wve+dtNbH4Zah+0542jS3e0aPzSeVk1JSGwOW+gP3u5HUcgippH7QXiW6trm4v7q2N3dXJLo96zr5YOCuFBIBB4xjqMA9a/fSy/wCDfX4Yy3ETXf7QWklbdGEi2+jFwGYfM4YTDtzyTk8kEE11Fj/wb+/BKB2E/wC0SsO35i9pogRirDI5ac5OPQk9sdK5q/8AZ86cVGtXjrG7Sk2pPlWlkvXu/RM6qFLMKU0/ZUpNNSs9VsktVHfZvruux/PLefG27aNjDJbK7HbIIrmQsFHUcp1JzkYyBn1xTrP4rXk9tGZbW4ulKu3lR3rbgCPv/NtKgYYDOBwcdFz/AEcp/wAEDP2c4IgZ/j9q97uYl2jgjtmPbAy5Izz1B4IGOcnXsv8Aggx+yskaNN8bPE0vzsR+/CHGTkEhwGTBJ/3QeTivPeEwk98TWb0tGSd/s63btsl0tfvZHpqrmEUrYalslzRjo3p0av3taKWvmkfzOv411Ca1SS20rUYVeZnkUTgOyr/dOSWVhnPYkZUjGV018R6xe2VkYormMPcFnheaNWWLdgswDZAbOGzj5QTgYr+nK3/4IS/sdwhRN8aPFuEB+VNRKoSc43ZdhtBOSPlPQDHJq9/w4u/YuiG1vi54wkdhgn+13xg8H5VOQee3QE59ksvwknaNZ3T1drtWa3Wq89k/S6HTxWPi3KVBt9lHT7Kf2Uui31d9Ox/MFqMepx3ji0mtRb3TQh44b2PzCxAY4OchlJwxwccjoM10ek2U9rBJDdSQtJPMVdTeRjdGwJUAbiML64DcDAIFf0oy/wDBC79iOJ9x+KnjAOME41SQsSODkhuGyOAByenU1Gf+CHP7FzMJP+FseO3YZGV1eQrjhh/F26AYyRz8uTlSyyhKPL7Wz3/LVpXVrrS1v1Oqhj8dSkpRwU37t27tWTs7baJ3dlbb1P5v/wCx7R3kE0CuwAKxxXSSKuQPnPzAkgDPfgcnBOcew01LfUruCGR2VcSIHkjjT5j87FlYAspBCjHA4BA4P9Ky/wDBEX9isSO6/Fb4gl2TDlNbkAYY/hGThhgdgPriqjf8ES/2M0wP+FrePiCpQk6tJuxngOS27PYHgrt6HvhLJaE2k666XfW+lrt633Wuqv3vbqhnePi1P6hNpNLu3a3ZWuvO+z+X83t1ZuupzOLuzii8pfNHmxOWA7qQeoIPOB8y9Ack+O3ljdz69qiWzMsBZmWRvlSaPOcu2QcuPl7DBDdOR/U3J/wRJ/YwjZUX4oePSuwbmk1eUyE9SOWBHU5LDGOwAqG5/wCCLv7FsQYD4m+ORkImf7XYEBQcgsMEHPTG4AZ5BFepl2Do4CTkqilzK2nquy+/dO9lZ6HDmOMx+YwhCWDqw5ZOa01vps2ra6OzWlux/K7q8N9EjxRRfKgijGNrYySNyAnjBJweq4bFYetWNzY6XqUkpU+bpb5ZAGwShIVfmIznPbrwRwSf6nLn/gjn+xVE/wA3xJ8bMFA3KdYbkKBxu64464zg+wrmNU/4JC/sOlzb3PxE8dzJKpBT+2mKyKeBGQoHC9Dg7gRjcTivovrlGUYa2UNY+vW+nVWsr/ifPzy7GTUo/VanNNdXpq0nfXbWy1vdO2x/Iz4SlvryCHS4kktvtVy3lu7ARSOW2jIJwNxIwc8fMeAK+tLv9mvxnY2fhjU7nUfDGmLckSSX9xrVu0gk2iVVeMyhlO3GQenPduP6MNP/AOCPn7A2jfZZk1zx9drZuWj87XZAis7fM3CEgZPynoNvRa69/wDgl/8AsBIUjvf+E31lVbKi+8T3UwjJGGCL5mFzyu0DoSB93jOtmkYuEaMpKStryJKycGt1LazTdlu0+qM8Fw1iJOXt6WiTUby8472V9vnfrY/n1+FC+LtP8aTeJ9S17wy1lpX/ABKrK20+5tHmupWAhWQKJF/u78gd+STk1+bXx58M3cvx5+Il489s7y6yt45DR+W+5VcGNwxVgAcEgsM7exr+0PTP+Ca3/BPvSgDpnhPXQQ7SmaXXLg7ZBgtIMuDvz1wPlxg4HImv/wDgnd/wT8lmkuJ/Adrf3EoUvdXmpNJcuyfL88hyzMB1JIJAIwelcSx3LiVWlGUua3M1GyvdSb8te3R9rHVW4brVaSoqVONndO7/ALttdXe217q6u0fwxa9pd1q7FkazRNscas0qcPGdvzAt90HPYqCSO3PbeAfDd5o0F352q6dC0+xmKujLjrtGCcHv17kk1/aqf+Ccn/BPuNTIfhrorqCrtHLc43A9TjIyBgZOBnjJAwa17D9gj9gO0icW3wn0BlbaAsUhkd8cdSTzwMnB9flJBr0YZrdyl7KWr0VrXSSavrbW97r79jmXCdZNN1actFd63TsrPXR9W3e/5L+Kvx5ozahp9lHHq1lLcRSqVVGyEjIDbi3OWDE7gO3IPauY0rwylhDeTajqFuZBEvlpbKpkYg/MVxjGADlcjls9Ca/uNH7DX7BEePM+EejOAdyxyopckcZOSRgdSSCASOnajN+xN+wY8mP+FM6DIccrAUySDxu+c4IOMADOSORVxzGNRPmoSSailtZuyWy3XZXW2myM4cMVKUlKNSm/eWl/evZJ/K9v1aP5XPAfjH4dWPwt1XSI7y7stevNPeBoJIQzXlyYiwlZyflTBxyRxnAOK+A/HUdtd+JorozRtFBbgPNAykBlx8shywIB4PU+h/hH90sf7EP7DUMW+L4LadtZscyBgAeG/jUkkHnORzgNjGaUv7DH7Aqowl+CHhl3bhkuSWkZj83IBOcHnGD69gDyQcFUlUjTnzTtokknolq3peza+VtLnZVymtVpQoycLQtq7brl0s3bTTRXbb1stT+L/wCF/iLQrTV9Da/voYVV5C88kQCIAm1VH+2TwGA69eRWBqUltJq2t3cTadNBcardPDPI4Vyksr7d2VyoxznPQHpiv7Wo/wBiP9g+NVjT4H+EYhHzGyBSyNyAVG5SDjnpxxnvWgv7Ev7DJQCT4I+FLhcgsfKQZPGcgOASSM9GOOCcAlqalb3YSSbu21e3w3Xo9O97+hn/AGNUlyrnhdJJP0tunfTe63d3ay3/AI1fBKWem3GqXDXWn25fQ7uJpY5N3mPLE+2Mernt93rgdCteOaPbNZzvqU+5Vt5XePyZArA7/myuVKkg9gc5Bye/91EH7FX7D1uok/4Ux4QgiPzCIWOR6AOwfaeuD6mon/Yv/YdldpF+C/gaMuGAH2QNvBIB3Ddw3BJHDDg4JyQ4XlGUJKdt42Wjdkmuy6br562IlklVqLg0mrLW1tOXXd20va973t2P4x/CmqWd7p3jCc3Vxbh9An2q7gtLlTkKN3bBwOTkcdK8T0PVdMsntEvbmdrYCSRzHgsAH3BWGTwcc8dQTn+E/wB0EH7GX7EULHb8GPB0JUeXKkEGTPGxA2CJCd6kHO04IPTNeGfHz9mT/gmL8DdHj8RfEv4YeHtKm1CGSTSNE0+JF1nVZHRjHHbWCyB1i3ADzHUDjPJIqKWG9tL6t7Oa9rZJqPuxvZPm1Xp127Fyy6vSiq9StSpqGvNOVk37qdo3s9ltrfRn8nvxH+LGieJvBthYaHJcvNaacbKZWXaiJuTcpPIOduemeOvBJ80+G05W5uJJpZobaQbBK4ID5jZdkZbbyWPUA84685/eTw5pXw1+IeuX2k/AT9j7wXNohknS11HxLD9oW2gcssd3qTuqrDtGHWIMzADPJ5P1D4L/AGIvCviW1srH4seBPh5p1qJFmSz8DaSllcI55YNeI7FgpbBDLhiDt3DON6eT1sLRdOELRV2tfebfL5/P5K29zzEvrGJ9qpR92zk0rLS0U029VZb31b0Vj8APEl/C/wABbfT7Z3kk/wCEnKyo7qzqVZsFUz0A47gZJX1rzn4U3csPivQkW3leSOVlVjhVRh90yA5AUHoW6DB7Zr+tTQf+CfP7JlnaJY3Xw/N5bNJ9oK3d8zJ5gyTIyFgEcjBwQxGQeWzXY2f7CH7IVlIXtfhZb2zuykzwS5JAwN8bhwwHIztIHsd3CqYXEVaDoVIX3i0k7WbVtHo99b/LZX7Z4dSalFpSSVr32Ti7b2S00vZ323s/5hP2tNW8S+L9B+HGjvEl1Lo9rdKqwyJNGkRKhFLI/J4zncOMcjNQ/wDBPDzvA/7UPhPWfFOzRtCOnapb3moXZSC2ieWEqiGUkBN/QFhnLDOOp/qFuf2HP2Q5g/23wVPhc+UZLonacZIQlm4J7EbuOpxxST9hz9j8FXh8CXe6MHlblhuPPQqQQTwCc5/HNfOZrwlPN8hxmSTquhRxmHq4eU4wu4xqpK/LpG+t1f09bo0oUKkK91zwlFrtePLrpfr96u2trfz0/wDBTy/guviT8PotNubK9sZfCYu7CW0niuYTb3FzPtEkkbFUkIHzKxDAYO3BOfz28Bw3Om6rNJJIQkm8Hyxk5HO0DgHC8kA8kdeTX9gWt/sM/spatJZi68IIwsw0cL6iz3rRJnJSMySkoq9QACB2HIzlJ+wj+yzag/Y/CWmFHfdvFofNTgdPm3KDzgY55/hIrr4d4ZnkOTZdlFKsq0cDRp4f2klyNxhypO1tFa2l9/VWy+r81WpXb+KUpRjtdNxer0t/K7vq9Ez+WD4+XcurJ4E+wgXRsfDYjmAUZRizEo5GQrEEDnBI546jxDwvc6npurxzyWwht2eFZ1RVMuwsu7yxtPzEbsHB65z1B/sQn/Ye/ZimVFl8J6bNGqEL9pttzjAySrM52qAWI69OvQVRH7CP7Ls8n7vwJoodAGDmzJaTjCndu6ccYzzjHSveqZbUqJxk1yu2t1ra2lrXVtPK2npo6LUoy0V7XSaVrcq0s7XaTT1u1bu7fyk/tCa7BrPjXS7qzSd44PCunW+5l3HesaghiD1HQqSMZPTg1sfAy/tre08RWctvLP8Aa4oCA6YEUmcqf+A9cAjBBx0r+qm4/YT/AGZbjYz+BdGebGxTcWYkYA+5fhQT0zjBGAcg0tn+wd+znphQ2fhbRbYSNmXyrEqXKnIywflRngHPQnHTGbyq9GNP2kE4pXbd1a0U3bVdNdd7ERpzpVZVFacXraMoq3NZbSlotbbN6W0P5HfilJLq3jrU7hLa6lNtbWkKyJDhD5aKpyMkHbtwMdR0C5JHbfC2aZPFOimWzvYoXuYlaRlZEYhfvSEDCqhGcnqOmWav6wR+w9+z0+9z4V8NXLyHcXm01TJ8pyBu3ZOOc59OBir6fsRfBWVIvsPhPw1bCIblMOmjdx0ViCpGTyMEYOMg8YK2UqpThB1Yq3LG1klaLjd6abuz6u/nYlU2n7SzcpWSfNDy5W9bdXd7720sj+P740WUt78SvFE9rb3cseI+Y0do2Hl4yrhcH5s57dxxmsT4R6XeWXjHRpbi1vI42Nw372JlQAR7gzNhQMeu4Dr6iv7ELr9hf4YSiRovCnhWeeQ9bnT4o5QvHWRtxIA4AYk/hnORcfsKeA4Y0MHw/wDCTynh5IFiV9hxlQcAqTkg4GCA2K6KeBjFQi6sU6aS2fRJJ6Xu2+6s9zFUJKcpWiubpdXu7dL7X8/lfQ/kd19bmDx3qN7Bb3pdb+IxSRoTGRjAZexUYOecEexNfod+zhcPZ+GvFi69c+Wuq6ZqXkRbxDOXazkUF4j1ZmwuOSRjG7kj9tLr9hXwK0hkT4UeG3ki+fzfNTexUHByUPI2/KSe6jGcZoTfsZ6V5arb/DXT4BEj7TBc7TyMZ6Y5z2HXj1ryMzyCnmNWlU+tQp8kozV1u1y9NW09l5Lra524aToxnD2cpc0Wm9HdySTv0vd6vt23P5RtN8Ka7Z+P4LltP1GCAeIJ5I5JIjsEDXRKylh2C/MQTjHA65r9LNXmNv4M1i6TX7AzL4cvVNshLSy5tWVViXnMpY7WHqp6jO79aJP2L9JhRZW+GYlkBJC+arjGQcYIJBPTkjkDgDkwXX7ItlPEFHwvaNNgQxC0E/7sA5CsHULuzyCDgdgSc8OY8I0swxWDxcsbSjLCcjitF8MoS69Xta/XYqlWlRhOjHDzftUtbXSTt1bWq27rTXv/ACvfBubVtF13U5m0vVN9+0qROsEwBkMx4BIwQwIxnA9QQa/QfwtqHiK40rVLHUtNEEMeh3q273MbebIJLdwERSv32YrjH3eOTjB/X9/2NdPiSFdP+GGqRGNlZmitYgobPAUDcRg8ZBJPqSQKmvP2WtUYNEfhz4rby4doEVuCASMHnGWUHjpgc9sAdWL4VoY3E08RLHUacqfK0rpN2cfO2nXW3d72iCqwXJ7Kez+y7K/K7aRt1Sv56s/nY+COq674A8eDVpNF1u2jaHUrSKa3SaIx75Xy4Pl4KsCMc/MAc8Yx6L8fb7VPEXgeyukj1m+uJtVNy0EsEjpCr7uQq5y+Gyw5yeVxtxX7kH9lS+SNS/wy8Wl9/QaamcZPIYgEE85AwMdhUd7+zLqPlxxP8MfF3lxsuyNtKV0ZxkDC4ZVJONwPbgjjJ0/1TwX9owxyzCj7WFOMeW8bcq5VZ+9pt1ute6uc84zcfZOjNxVpWav/ACqKSTTtpq0r3d7an84Hwq/tLRp53ubLVFSKQrujt5lH707ssCgIY8DBOefy9Y+OP23V/hMlra2+qTXE2owsbcQSsUUN8zsgUk5yuDjHJzxX7oj9mhoZJrf/AIVL4s8yUb2MWjRhd2MZPCkn1xgdyueRZP7NssiLaXHwr8XytG25s6UNuA2QCCCMDpk5GM8nivoVllCklGOOw/vqzacLKTcL/DNXulr0drq/XN4Wo3GXs5RjBaXWqd07aXdtLpXd1rvc/mP+E/h/WtN8RyTXWkanFElmQsrWswUuUHDZQ43EkEZ7g5Ga90+JcGof8Kqu4YNOvlmuL+H9yltK7kbiS+4DO0YAAA4Pfiv31uf2arCB5BH8LvFsEkiqJSNGAjYH5c52EcDjAPTdnjpR1H9nSyeJIB4C8XlEKqEbQzLGuCCRt2ANtJJzgcc4OCKlZbTi5pZhh7Rirpyhp8K35+ml73V9dzVwvKEnRmuTX4btN8qtpbol2eh/OR8B7XWdN8Q3s09hq1tb/ZBumitZ4+So2BhjvgZGeoznbtI+i/idba1qfwuubSxs9ZvLu71O2zEsMh/crJlpAgGd4yODkgjlcnA/aaL9mixjdvJ8C+KoJJkCnZoOxXPqVVABjtnPGMHudn/hmptPAEnhLxYIWAmRjohKq4GRhWVgo9wueDlT1PJPJqUZXeY0FzJaqcbLRdVLezvZNXafbXaHvPSk9VbXWybir7X9Wtb9j8QPh3oHia01vwn9rhvbaGC80gKZLSRHyJYVYSHGAgA5bGTjOc4A+2f25fAOr/EH4xeEJNJvrGaCHwTokcl1KG+zpLBBE0kTSDcm4DKsG6nIIyMD7b/4Uwtvdbrjw34lFyFzEW0F9qhMkF1ERAZQMkjDdgcEVszfDczjz7/StWmOEjUXGiXLsQB8oGY9ygKpOCwGOg+UE+FLg6EsdHHUc3oQap1KbjzQaanyvmtzPla2XVeTZ2e35qEqEqLknKEk2pN3jZWb1a06W+9PT8qPjvrGn+Jvg1a+CNO8Ipea54VW3tbW8sYgIFkiCi6mjIRWZpRuBUEg4JwBxXFfsEQ6R4K+M88nxF8P6lHpmpeF9QtEuLiy823tZpreRVYJKjIWJIC9G6HnAFfsHL8HtAvIcPo6QfOGZ30WdHYk5ywWM985ZienJHAE9p8KPDtjMTFpVmt4SqpOdHnXAXGCAIwdpIGR0I744rlfAjjl2LwUM5pqGJc5OrGV6idVpy5bvS1tF5+djpWYJVaU40HelGLjCzSbjyLVqKte29tr30R+eA8SeGNC8YT6bP4Nv5NJXV75NNvJLNRBdW80zlLmVFjBRF3H74GAO20V9e3fw++D2seHbe51XxD4KttReKC5/suK1WSVoCBIySHaAZACAVZRl+QB8uPbYvAGiI0kk2jafcsrn98+mzbmJPIUNCQu7PAGOoPBrnNT8N+HLZnmfw3pUdwUKRLMgjkcElRtjdFIGc9v4jg9q+JxXg9UxLorD8Q4qg4cqlGjJ3mocqUm1JNNrrfl306HpR4nlSXLLAwlzOyc4pW+FJ3UdWl1d1fzdj8BP2iovD2p/FHxJF4bty+kWbJBpphs3hS5FvlJSmxMhUZWCs23OAcZBJ2dN8F/DS58MaHftcXFnrMeRd2wjkczOoy28kAggAKoCjPTrkV+0yfAnwrrN/Jfah4e8OQvNuDB4YGkwxLEL0IYg4Y9NwI78aa/APwFEkMY8LeH2jh3Kg2wgMSCd+OSPUkFud2Bk4r9CwvB+Kw+Ew+G+t8zoU4Q55XVSpyqNpTd7tu3M7/j18ipj41asqkqSi6jcko3STtF6W1Vr6JpXb1V2kfz7av4bsZdWElpaqLKSVpNypsmJjY+WdhxggYOAMt7Yyv3x8Mo/D8nhoI0jzmLS45LnBQNaCFQSG3HgADsMZ4I+YZ/QRf2efhxNM8k3gjSJQQyK0MSu3PHCq2FPckcYzwK2dK+BXgrTBJFa+A4Y4LiEwyxRgotxGc/fAPzAkE9yGLcdx6uH4cxdGUJOrSlo9Lu7V473W2vzWm9zz6+JhOLilyScrO/SN1q3q7NXXV9Fe5+eKy+ELsExvp8nmSb1nkhjd4nAPDEhvmOQfvckdD0FaP+wxexyfZ9HkQBtreVEgKjOW5B+cAdiME44zkfpFb/AAM8CWKrbr8PLEo8pdi6nLeinnJOCeMDGAMEAAWD8HPh5OxD/D21AiGxiqZYnbgqAvGevGMjj3Femsrxb96Uad4qFn7yV0ldJXS6btXd+7ZzxrcijFPlS5XZW6crfonaUr67pbWPzW1e30bVLW2tbVLC18mVpjIY4nRTknh2wcEnI+XIAPC8Axafa6fp0ToZ9L8+Zs52w7XPTdnkngnqc+nQZ/Ui1+CXwpuCBL8PbeDCgs0gcI5OQckc5PJGD/QC83wE+C077JfAdgpVQNyyuVA3YJ+VSR9fXJweg5KmS1p3k+VWVlZNRs7Ju3L91tl32OyhmMaSsnGXK9d2r3Xuq+zSvrb3ex+XtvqejRLN9oudOZgpXdmEbQNvAQjPPbByTjAxgVi3eqeG47tCLuzKzAM+5o/LkYA9Pl6A4B6beAeox+qx/Zp+BF0siv4HEbZAJhaU7z1OCCB64zxgjJIprfso/s+3QdJvAd6hRMCUzuAmerL8wIxyM4I+nIrnlkdZxjFuLS0V+Zt/C0rabbaL1vdnTTzSM9Glv1V77L3nd3aTtZvrqtGflBe+IvDe1Fi1C1iZwY9iyoV9QwOCSoz0I6DOcAiueuPE3h+JnM99E7FdqsnzY+7yFAIwfYDJAPORX66N+xr+zLdSxK2g6hbsQB5iXcmxAR8xU7eWwcEKDgEZJ7Wk/Ya/ZouRIsUep2zKAFf7cxXj75wwByDjIBx2AGeeStkuIUW1GzTUbJbWUemt3Z3dt7K9ra7wzCnH7EJWd3K60sl0dlbXdP0V3Y/GT/hM/DiXsMTXM0jOyqhCSbCzNz0UjGCCeSSvJPIz0Ta/pAkEjTlAuMBWYA8bgQQpz06nO3g45zX67yf8E/8A4DXxCWPiW/smVSRK8a3DRlgMY24OQQP4jkDjJqKH/gnB8PLtc2fjuefAIDTaQ0hGeg+8dy8cnHBIJ4rkhlGIpSvNqHnKVv5Xte7ttbeK91am6x0ajSVPdx22u2rP4t15NLRfL8in8Qab5kbWxlcuxyUPDegBPqR04weoAJAvf2zGygNAvmMCRmVTIWxkdD/F6YyVyW7mv1kuP+CZPhp0UQfEGzRmG5Gl0tkaPJHH38Z9M8EjgDvjXP8AwS/QFJYPiLphKEkCS3WHcueBnzGOeTgYGOB0AxCwGJanZxdmk1ffbWyWmjsm/wDgO1UdSTSha/WLSjrZ7JS11avonbRdT8rm10uCJFCiMEBGc5HQluh9T8w79eVNUx4nswIyX3lm2MOcqegA+XGOOg4I9a/UC5/4Jd6/qW5NN+JNnb5BUM0K+SoKhcFy33eR24/A55i+/wCCTHxHigkW0+JmjNcREyW7m3jS3lYj7jzByUJGMnaQT0IyNvNLC14K8rWfu7fa93RWS6vfa2mjN4c7kuVXlqlZOyS5dIuyUeq0eyezPgxNea3RJ47U7J8gFdowDlQSf4QMZ5B9cE8njfG3xhn8DSaZFY2K3x1FWSZUlVniTIJLYyQQBgjBb6YyfrnxF/wTV/aY07zobDxBoWqmEtsNvqKqHB3AAjDBATwuM5z0JXB+UviB+wd+1pbT75PBTalGj4t5tPkFy7YPzckgjOCThehzz38zHYWvVpNRhJv4kk3dLTXbZvR+u66dlCpOnUi9rSW6V/s300V+jvZNPS7OUb9qeSG0j3aNciJXKOPOP7xQ3O35cdsk/wAPzdTioH/ao06FEni8MXMkpMihmnbDDrkfXJJycAHgHFYuufsvfHHQdAFnffDPxGb7zCb7Fi8wQBs5XYWKDngrzk4xyCPFrv4UePNLa7TUfBviKFIRtCS6VdoEK/K2xhGST24H3evFfMTwddXcoVNHZ3TsklFPo7PXbT0Z7Cxmi96Del04qyWj11t2TTSV1ue8R/tb6nMClj4WhQ7JCGln5KJz83y9cDgdz+GcaX9q7xZN5rW+iaXDJtDI7EMQRk8jHJPGBk8r0+avALbw/q1pc3BuNGv4RHAQgms5rf5iuSGWRBg9BzwcgnJIFYB0y8eeVns5QNm6MbdgO3IOcgdOgB4HXdzzz1KUoNScXG1vi20S12tzO7ffR7I0o4hzTV9G1eysnqtmlo9raWte++n0an7U3xFlMsiR6VaNsAB8gHnjA3HA56Y4ALdRgCpH/aR+KV3FE51O3tdwKAxWoUBhkjucqCucjgH1xuPzalhfyLKXt5BEq55Q7iUyT05BHGCMnv3rp7WCQadDGkcgkYsxDKSFJ44OOQp77evbvXmV1KzbTtdPd3+KLd02r7tb7NeVu2ji5KSU9rKyla7+F3ur+fVtX1dj0m++NnxN1HLHxLcZUqxFuApVcjcMgZ4zjpwOemSGz/EPx7dLbPL4p1Zy4LeWtwwcAkAjaGB2kknoSTxg8EecQWMscbK6NGzAg7ernIwQMnjA79Rk98HoLqxkh+xMVYq0OzeoJAYEDtwcDggZB45xxWKTa5veSto7v+6tW1funtstUj0aeNha1pXXXma0Tj5pWd3dW+a3XSP4g8S3oWSTXtUndpANouJf4c9fnALbs88jGTuyOLS3Gqy+Wtze30jFkDeZcuAVZhkAb+cZBBzkj1GKw7NJII1MjNwGKsDtOD0yD1PJIIxwa03kuZlUgHfG6KmfvZLZPHds5OQMAZxjIxz1Ulyayd10121a0vbTXRNOz23OyjiHKzWqVtH72t126dLPz30Z1t7YJEZpXuJpBDEgZS7tlmUFjt3E8DCjgNnJXua5/wC1WkUQlI+dWOdzHds6cH+HB2+2NvB6HW1WaeNJIT5nmTJDvzwSSOQBx3A4Gc4xnJ+Xk5rdt6qFbaoXcNvAYZI75PJAxzXMlFp8zev4Xa1vay0u7XXXu7dMsXLRJWdle/S7T8+2na/dWfa6Lc211cQGMKoTzCQTgnAJJzjg8cgnng8dadaTTPqDoh8uNHlZMjd5jAkZ245ySQPQZI71y2kpdQTpJ8yqFlIAAHQZAycHnHOQTgZ7YrMi1O9+0N5bsZPNb5QM4YEg8dCB0wOMY6cih04Pda7pNysr8rS23Xla99LaWzWIle8r8yWy0b1V9FrrpdK2yfk/W9DlkfU4rGS2WSOSV5JS6JFvjxx82DtDA59zgA84rci8PwT3d/fJLbW8dsJYVsxhzuw2w7s5ySS+QB78ZFeaQarqKXi5Zi7LGuQMMnBI2jOTgk/MOmeMDmtOw1CfN0sLTCYuSQWLBiuSSzEH1wGAOAcZwTUOMXJ6drJrW/u3Wivy69Hr1V7Gqr8yv7zTtpazja3q20la17fO7fX2GrWllYzWWoTKpYSyxkSYkZxwik45zgFQegAHfB5m41tFe2RJ5FQeWz8k/MHyoOVHt0J3NnHYVx2qQ3k7q7eZu2gBkDMVyzDBPIzyCMdcnirNtptxOqQ7Zn/eL+8KE7Au0HaeSD06k84AGOuUqSTvGKaa1vpvy2ta+tt7a2bu7jeJjFPTZau9l003SfW/Reeh0C69Al4ZkldJ47lXzk4C8c/MfY475PXpXX3XiUTaOsazyTP9sWVm+baAxOOAdzZDAFRg9OQc48zvfCeqLdXfk291Im1XRvLfBPBzwe4HYcEfhW3pnhXxLJbbPs0qIWViGQhBzhc55J3A8txg8E44l0+bRxST2t3VtJLWNvW7un5IIYqN5JtbvWO1otW5tldvZa7O93qMvNYRIpFiZBPNHKpYYLfxEYPqR1yRyMZHNd54Ihkbw5DZvGR9pujJIQoLyp8uTjGSMgYyQQMHPY+cL4L8Ty3MirZOXRpFLBMhVYZUZ5OTxjCk8A9cV9S/DfwNqqwW8EsDGX7KCrumEjcZYhFxyQvU5HJ9GGaoYOcr3VuaPKunuu1/statLXfVrtblnjoKd1JK2iu9bLlbuktm9L277NI8O1jV7bTb2fSrJWSRXcyTNhWViCNu3GOnpgnI44ArzbWHWQ7pX+ZlJxuJbqeSTg9yOowSVX0HsPjv4ZeKtKm1fXtQstmmpesftakiQqSeMYztI9B179j4Xe5a4DFmKH7uflyCBkg9Mnbxwfc4Jx5VbD1KNaUXGy663STaV9N9laySva9ketTrxqUItLmTs00+jtqrNtfyu9l82QlYwgPmMWCZyMHAJIUjgdAMHOfc5Jx9SeGL9I/DGlW0UsaM1o3msz4OFAYMAeSRz2AwOM18sohGc8oeQOnAfOQvPGQCD9O+BXb3erPEmlpFMYRDbqTGCRuwBkFu2cfMeR1FdGEcYqrKcVF8qtd3XRWV9G9bWeurvdWvyVKjU4pu15Xdmru6S0dle6jt11uz6y/4VR8RNV0DSfGGneEvEGqaHfXIs7LUdNsZLyGa5ZgioDEreUxc4AI7Dn71e7yeBvEfw70O20vxrpeq+HL/AFC1jnhsdYs5LW5MUg3JJskGSjoCUI24GOQSa1v2A/jp8dtE1KHwj4H8QaDf+Gkvk1e+0jxWkMmn2cFvhmNuJg5WQFMnadxxkc5r6x/aj8ZXX7RH7QPghdU+Lng3Fzb2Oh6zcW1vb22ieFCXSKWMBSiztCC0e47VG3Hc15OC4orYXMa2Fq+zSjNK8XKTdNqNnJ20k9NLWemt9DOrSqTlHlhT9j7GdRz9o1V54taKCi7qSavZ3T01sz8dPiDPaatr/wBmuljVFZ4FlYFCqocKwLckEdDzuXJHAFdr8KNGih1i2sdGiv7vUpiEhvLSCebypGI27PKicEMMYzweDkHFf0teBv2B/wBiKUjVdUuNM+JGt6BYwvqOrR61aDRZ5liLTXH2Uyjh2+YR7icDjjJr7F+Gngr9kjwvBpdj4G8K/DzS9RnkKJdQWNq07PGVUHz3DjzRgDAJIPQA19Gs0wcqzjUq04pv3byV5N8qcVLmavdpN6u/fVHJLMZUoxlRw2Ircujag6bV1FNXkrvu3ytu271R8i/8Exfh1rPgbwb8QvEniuy1LRba5kS8N3rUD2QuobWF5ZrlBJgiIKhHmEZ6Y55r8Xv27v28/in8QPi5430zRPFV5pvgzS7u90HSNN0qZ00yXToHMP21gvyPPchSWcDcCcKRX9MP7a3xJg+EX7K3xK8TaNFFMLnSZNEshZQqJUkvlETPAkIGB5bscgADAHYGv4XviBeGa/vZ7aWSRLt5J5heMBP5kjl5E2tyArMeRk5PrzXzPEuNp4uthctpyk4crrVuVuMZxlK0ItJ6xgoybtpd8zXYylzr1MXmc6XJzVI0qSkk3TUFDmkk7ayfKpStor28+U1HxRe3szvczyynJcNMSXl8wsSxbBbBbPHQljxnrgS6nIXBQkK53SKh4AJP3vxAGDk+/UVj3MsjArGdwMeWIG7GR90sSARkYB6dOh4rPD7FXl+CAyMw3Fh26cAHkemPmyeK5cLgaFCmo0qainytaW3cdb2tfq9ktrX39r285tKWtkkm7dUne/V6X03W7XTuV1KOMLuyo2AvsYktnH3h3Y8844AwMHgatpeCRZCZDymRlshFychTjAOQR82OnOc5Ply3brJJ5gOTwpznoOAck+pxxgkGtyyubiVdgQ4JUk85KkEcgZI4I3ZwO7EYJNVcEld99byTvZNP0b01urq9r9DojiGnF2S06dk1bdpO23Vpbau79Jsbre8SmQNGm0nPVuTnGeoJB6kAcA110OryQ7PsxRMFtxjJDKpyMKynK5HPXnB4HBrzSxNyFaRVaNdhWMsCS2c4UA54I3Z5GQV7YJmXUGgAJDZkyoAYnO08nAGeDjjBHXjivCxODjVla6k1Z6K7T0d/J3bdr/PqXTrpu0dk7dbO/JdvR/C/Na6Wa0f3Z8Fv2kvGPwi1LTr7Rdav4bYywpe2ccjvZXMKyDdDe2rForiJkZldWHIJYnKkD9b4/Enwq/aJ0S31j4R3U+h/E6Oyjute+Hr4httWnK7p77w4W2jc5zJ9kXoTgZ5r+bi01mRSWd3IPDIDkcYxtHXcMZJB5btX0J8KPih4q8KeI9L1rw5q0lhqunTQPaXCErNCEcEgMpDFeMFRxj04rPCyrYJyhOSnh5p80ZNNq1nzR1SUl3tZeiSMcTRpVmpN2q2sppataJqeq5krdb8r0TukfrJeWGs6dO+m6q13o2qHfut54ZLa8Esf34pEbYpfI+8A3bGRk1+cf7QXiua/8Vz6bLqF/ctpg+zSfbc58s4yhG0dwQpySQMgFRivvD43/th+M/G/hrRpNQ0Dwze3+naTaOPE9lpccWrNdxRgOLydQpO8jcxIJdsZOM1+R3xA1/WPEmuXuvXHE965luW4JBLZbfjAjGQwjX0A4wa8rMsVRxWKp4ajVnOjGUXNysrt2umr3077NK6sZYXDOEvayit+WMb820leXM0mk7WSe6Zyd/cxiRSkoTL4K5yACcAkEZPUYzgk4PFZFwyE7llYuHUMQMnaQAO/c/lnPTisqZ2WZ3MjM5YcAHLHJOQ2cEkEdOhHUk1o2pVVV5ipkdxgOMqowMAkYyG6Zxnqe9dHLChFKn7zUdFq3vFWvolp11ey239GPRNWaS3Wq2t1v5326aLUuXdjqtpbRzTQSRWlwokgeRT+9wcZVg2BwSRnHfHGMZomYoFdAdgBAYFTyeuccrgHB+9wBgYOO5Oqi8tv7KvtQRrZY1EO1QRH0YAPgBQo44A55AXvw2qWNzbPJKSZIWykckZ4YAnGSByQMHgAk8/NgmnTrKcoxmlCSdrJ+7JeV9pJNafizVNxtZ6rS6eidopK7TaaS2dldb3szQt765jx5TMkSjcgAOGdMsRkAYHYsOv1BrtNC8W6hbqXSVkIUoVLttUgk5UhgQw4GT7qed2PLILlliUF28vOCGzlAckZUkEHLHBByDkEg7s2Y53TaEdmjLFQCeGAwSTg8EEAHgnp1OCeXF4SNenJSSs766Kydt7dXfbf0S1HLRO/vJx6WWlrttdXd+kW1bq/X9V8VTanJCzlvOERSeQtjzAo5Vj1IG4cHOBjnPJo214WTzVJAbKbI2IGBjPPHOep9Dg4IyOBF6zqRE2QQAeMhSCFZtxAIAO7PXg+/GlBevGvlo5Y9gPuqGBHA6Db68gdMjivKeCdOlGEItpN6K7slytLT59d79GwhWdo7u9raf4VfpZ32a3T30s+7S8jWISqiOysrLz6cjcTnkdcjHPfjNbkeqzTW5adkYIGwpZR5a46cjAwAMdCxJ5OeeJhuI/Kjjkw0bHdhCA3ynucDdg9hjbjGSOjXZGQpBI4XnO5iXJyegIAHH8XOMZBIxXG8LzSUWmuVpp20Sdn1V73s09uvoSSkrvRyirOVoqz5dLq7e97u/Z2T0vXV7HcSAO6gJlkDA8t6nA6HbkDPXngHFZQu443Cxk7nLBjxsUccAHkA47dR0ODzkTzOjbXbGwYwzcZYgDIz6cjJ56gHPOeJi0pjD/vRy0hztAGcLwCDnPGMdcEYIFezh8GlFXldaX3ta0fNLq9dfk7GSpvfaLsr2V1fl3XRK2vou2vTu8UzjbPmbI3cZAUHlVB7MP0XghhWzBfpCgVJNwBBG1jgnHO/np/D8x45A65rltKtpp5GEUUrnAyQcqqjlsnHQfMR68njqOpg060t5HN7ceZAhG+GDG4yMec4HAUnknkYyCauphaVlFt3Suoq8m9rW6cy1u/K2qRlOKulf3V3XRJJ62ta972enRaI24fEAdTtaJezb35CgYO3I6HqO/XvjOdcXheRRESLdnXLheHO75gWx2yeMZ5zjGcchqmm2wvHjsJ5o4lYygT/eIJBOM87cADH+9jg1rQsRGlvHh1UB927KHAOcgjuRzgjn6cc08DCkoSg1LmTbvGzu+Xfq2r6L8DX2K0cb2sl0d9Y66Lrrr8+jZ07TQghyTIyqoVj3PykfMuTsyBgjngk5+XD7ichBJHIGfYAoAymM5YgZJ+UEgA9OMDPTkze3Hmbnhdo0ATaQQAMhVYHuB2IPTnGauNdBLVlLuHBEiBTgLknCsRyT+W7PqalYWScVaOuur0SfK/v95N69dHe44wcZJ6WtZe75pO2rXr16RSdzooNSuipjM7KWGCGfkoDnKrnqMkc8fKpGeMI2t3MUb7cs2VCxnOCM4yPmyOcDPbnHfHANd3Yk3bnL5O0AgAoccYwPbrk4yDg1qxySBcz4Lsu4ncQqgdEHJOPXOMsDuA5NbSwcYte6tdbdW9LN9Eu9091da6dPsXK1k7tLVX7rRWaVrau77vS9jsLfUrpGgmRioR45WZMqwkV9ysuMfMpP3gvTv69ZrnxS8TeKEht9d1/UdTt7EAW0d3NJLbQBI/LjEcTNjeEAUkHJUY4AxXkYv3jiK5YhiSiljsC8c8jJ56njBGScg1lzvPuMayf6/LALkKM8ndj29Dg9sZrP6kpxkpWUWrNLra1rPbVvXbutGiVS5XdpJrbRXTaTbWmn3L8D0GfX0mg8rKmZ2Yl9xb5eATxwBnoo9epNVYJYYlyj7ZHySRnCE7sNuGOWB5Ix0PckHlLaJ5ZIooBJJMcDYo3FmKgA9cEAZJO7IwQeOvUyWTxIbT5xcMiMTjBVsbT97nK4GQPqBnLDmlhaNKKjC/NqnHRrRJ3bTfupt79dHqrmFSEVs77aq2r0TTSWltlbto777C3MBiIkKrIAMsWyWI5LJg8KwyVHXBP8XFFzeSFY2hfdCq5CMAS3Yl1JGAWxwAT/s4rMj0W7nmhjhljyoKmRuikjkM2TycEDOTjHYcT6jo97DtUuDIAVdVO8lhwgKpnbnACg9SeQ2MVhTo0pSSlOOrWlunu91rd6K76psw5YRs+aMnvbROyav0va90l5q2u2hZazIsZLvlUbKI3ygqMAguMHAH3fboO1XE8RLFIFjXKytuIdgUPVic8cg885PQdq4CWSSNCLhiMgLhOqYAHTgnLcjB4PHNS27Kr27SrvjGSiFTuJbp9EHsR+Zyd55Zh7Odldq9lbVya8u1ns9Gu1iXKEFo7PVpXTb2utnpdra9lbex7bbeIksrRorcRAXMZaWXIZVf5sgqTzgZGBnPXGCCMxdXsrwyC9jhLyKFilUCJUUDJIABHUckjGe4PI8kmvZI7pYioaMs5KBsDJORk89OgGcY6cFqmXUJdjLbR+awZlbcSCGY7SFAUljg8Act0GazhlEFK6vFuzcle9/duk1o3daWWqadnrbnlVlok4t3b2s9XFNRkltdvbVemh6Nc3Ftp8E7aM26WVc3MjSEmNufuYX5lOOMc9R1zjgdQ11pPtEVyrngB0XLHzMgGQAgkDJPHA2nnGMD0Hwp8JvjP4siY+Ffhv4u1i3ZVk8+LSrho2ibLCRJZAgaMgcnJwCMEk11Ft+yb+1JqMrS/wDCl/FiLK2fOfSyq4A43FiSRk4A7Yx06a0cNTo1OWdWnzu2s2k42s73dnvqr797p26Y5djK0IzhRa2XNyu71Xwt923fvq79vnp3+WORoo5CI/MiUBvMT0PQ/gM8c55wKikedIJJDyLgHckb7Si8H5mJHp8xPTofb6bi/Yz/AGsjG0afCjXULEJH/opMhG3omQQM85Ht9aV/2D/2s9Qtufhxq0QAcMHgMLKTyRIdwKkA9QpHIOMjFehGVGUuVV6Stbm/eJt3SXKrNW0TXZeQPKcxvpRl03UU9o3XvbK2+/ounyNdXMqxxoz5TrguMogIALcHKtkdQeMnBxWNczxKcnKs5JJVgQRnGWAAAA6DPRR83evtO3/4J3/tOXcJU+BZlmCndvvFVY+zB+459eRgYOc0p/4JwftMiEGXwpZJ5hKr5+pjBzyQQMg9eBkAD0616FKtg48qeJoxdknesrqzVr2a3WyV+vZWmWSZtZP2UrXte6d0nFpK/XVq2ietlfU+HysRUTzOrRDD7VI3EZyoOPvhscjJOM/Q8+bmSSeaNVAjLYCE87N3yj6cj2Gc96/Qq3/4JoftK3CM7aRoFuqgFBNqeF3A9D8jcAHHc9hyMkP/AATO/aLWa3jntfDcQkbLOmoF2A7biFIA+px2HbHfDGYSmnKWKpyVlrzXtstNd9umzfcmOTY5xvOhLZO2mtnHWzfXSz116a6/n/a7pi6EhUi5KMwzj+5z0BxyeTkc4wDTQnm3TrEFwGUsScqmeqg892zu25HqSQT+mUH/AASx+OuR5useE7eO4GGdb3cYhgHLZA5GRwOScg9BXUaV/wAEm/i40xkuvGXhiK2UKwCMC0u0ZbBAG7IxnjtjnIwPGYOV1GrG9r3Um2vhd2tbaa37K/U1jl2LvJKjJdtUm37tvitZdUknrpfQ/LZ45SI1iRmKsQ+3dtBwd2PYnAIyxGcHFW/s3mKjvEjOzkZOcsACAcYznGVb1PQgV+ssP/BLX4hvL5MHjLTVVHyZTZHyj2KrJjnpknk9hg4r0zw//wAEsBYaLcX/AIt8eQvqLbha29tCILa2bkrL5pIE7E8tFt4JyWGcnKWPo8qdGuprmScYqblvG+iUnbzaV/TVUstx8koqnJLznG2682tLXV0lrrrt+J91bG0KXFtFG8oP3YsmSMDbyCBlCCM55PGR3I9U8K/Hb4meDtjWXiS+NrBGiWtpdu80cIVtwARiQoHGCMgDgAYNfpnL/wAEyEuHZY/iIkS+eStwunP+8XJJ43HIBONwyDjuDVqH/glzpEkTzat8THSRpPKieDT9oK8fe+fbkAdMcngnFenhMbXUf3VapCSTV4uSs7L3rWi1bS9tPNbnHXymvJctaMJaJu7jKKk+VK/LZ6ptW6XumfMHhT9rjxdq7xWWrW1pdQ3gtree7iCpMshcKzqM8HByV6H1GK679pfV4b3UNBSTLK+hJebtnAY2+7nJwSoJGTzleOhr6q8M/wDBKjwUApT4r6gZoplufPSwZApt187yj82Cz7cKeWHDDpivjj9pRINL8Sx6Ik5u49EtrzQ1mkGwkWSvbo5JBYtJ5e4qTwTz3I9fB4rH14S+s15VYK/LzSUveclpK+ru23fV367HiVcHDApcqjBNxlJRs7vmh39Xs9LWa0ufCXjaGP8A4R62LPuheSSQtgAq5BCDORhSBjGOvPAr3b9gRpYvGvxHmAwyeCplLycFkZsDkHhccZ5GCOOM14N43gi/4RxF3BjaK8kiiQ4zISABgnAyemfQdAK+hv2E7SYXvxK1dWXjws1phs8b23jrjkgcjueenJ+mySPNVg0kpXbvvf4Ur7vfR9V3Z5eM5Vh3Lmck4xa1u0uaPW1rRlslfrY7D41LqfjP4NWmh2drd6je+H/Gb3UFjp0EtzdJZyuxlnMUKu5hVjlnAwqtyVIFfGniuC3F+JLyVoJI7G3spEOciWKPaVkJUFHGSGQrlckHvX7I/sG/EjSfAH7Tfg+LxTo9tq/h/wAYW/iDwrcQTWkN5FBc3kU/2eZIpVkR5y5VV4yoPDV+Z/x802y0/wCNvxe0mTTxFHa+PPEb2tu8Ri8iFr+U2+6IBVjAjIKoq7R0XoKwxOMqwzKtg6iWidWCTu+Ryiktdk29d5dNNGFCMa2F54prk5db6N2Tata65XbVN7rdXPm3SYbO01nS4YLssz6nZPuGdrDz0wDgDnHDAgn0A7+lftGeHtZ8XfGPSPD+hxpd6lqOjaRZ2lsZViUyXEKKjs7MFVFY5OWJxyD8tcXC9lBrOnRC3t1kW/sXEmVycTKcZIyD6nGPlzkCtP8Aao1GXT/iTpl1aXkthdjQdLlSe1cxTxukKMpjkVtyvkjpnHPJxXt0PrFTD1lQcadeVNqnKrHmgpNe65WabSdtE7tb9DmpuhTxVJV23TTtNJ2bXNDmSlvdJbtJN/NP1nVf+CYP7R+n+Gk8TX954DhjmtZJ0sJ/ElpHdGExGQZQyMNwTgIpznGAOlYvxT8J+I9M+G/wk8OKI7nU9KsdRtLi2tFFxGs6yBZDHMGIkT7xBXIByDjkn5T1f4v+PtRso7W/8b+JtSt7YEJDcard7IsqP4fO+6M8KSwAH3d3I+wn1e/vfhh8KL2W6mlnW1vWjmgJaXiRd252JJbGcnkkEjcOBXgYKlxRl9GvWzvHYXGrmUqUMPRdHlXu2Um5yctFs2tE7vv9BiI5Ji6lGjl0a9Nydpc84ybTSas0km7dHvbe58l6jZ6hpczDVIZ7eaM+W0ATABPyg8DBPYr9QBmvcvEF4Lf9luwndZAD4ulQkfK33lznp0xwMDGctxxXKfE4Pf3VrNbw3SxusZupZjjdNt+9jjPP04A44GOk8VxMv7L+kQSK7N/wl8xzgkEsCSCMfw/eDEccdOtfX5DivrlCU2lFuD5lFJpWSb23T6vvsfN5nhY4LEqF3JRknF2Ss3Zp9W9Fq/XofJQ1hGCqwZUGXDM2c4A4IBOD0zyDnAIJ5P1D8E7lJvgl8dwS+37PZDIIKjaWJIO4DgHg8/MTknFfIM9j5cbqAwUuH3kEkDO7b09BgL0x7CvrH4CbB8E/jyMbwtlYszEYUkBhnvjkHkdTx65+kwkIKTsvsSvvo7LRdOnQ8bGVJOELx5bSjK127NyW/wB3lo1vufNNvsEISIuThWXAJPQdPTBPU9MdOTX1F+yOzJ408bLIXG7wBrp5b5gwt2/NhgADnJz0yCfly0njMSuyKGAxnOScgAEHOQflIIxySQc8bvpj9lolfGXjh8yKP+EA1ogAgnb5JyT1BXBJHcHjPOKrDxTrO8XeyW22id7vR9FpsuxVWo/ZRUkmrJvS1ua2tuvZtPpbdniGnXLrqd4iOqA3d8Hk2sf+W7ED73OMZBJBxxngFug8Lamf+E78J2x2yj/hINNyzKcjNyBx6Y4A49cnoTwa3MlveXbIpKtdXhyTySZX5PB5JHHT0PNWfCWozzeO/CZCHP8AwkelqzAc83I5yT9eOwyApOQIlh5OunF6KS31vs7bdnr+a3F7aCpRs/e923ay5Xra7720vv5H0H+0pP5Xxp8Vr82z/QAFPXm0iBwQOxxyOeDnoa8Kt7qZC0kEbMqhS+5FO5S4IO49ugHc5J3DpXtn7RCufjV4rjw0iFbCT5xlQpsYctnkntjaMZP8ORXjN1IsTbLZnAMQEhQDYMOM568ggjcR0BGcA12ujNVOVpP3lzKyVr8qunq+l+l1re5yOvCGiWjTtra793bbTXWzTa6O1z6w+Pd1dL/wq9t0aeZ4DsySFB25wCrHHGAwA+6egBHFfLWsTPHcRJ5hSJ1DOVUYySTnGcFSTy3tjHXH0x8fpnay+FYiEshfwJZCUBc7SrdvvYOOQMckjJ55+XNQlllljtfJdlKAmY87DkHn1OBhlyAR/d6ExFFvEt2sk4e7u07J2drW5k0r9E99TWhViqEbNa2a3d3ouV2tZNJfFs/M+wdYIX9kbwXcRSYkTxXdxiTGHVeePl4AAyvvkEnHJ+QbyaZLlYfOPlvtYll+VuSc4APB+8VOQRwMHBr6+1F9n7IXhUMrMieLrpRGFBZgBt+UY4IHPQ9scE5+OLu+lMrW5trlWYnZLtO5IgeAFA/A/Nz6DoezF0ZN0+RKUo04q8b68sY3SW/XTs+vfnw1WmnUSe1R2tdb8vurs76W2TVup9lfBWWNvgN8bZJlRjE9msbjhgCIw2OB1wc8gHAJzxXybfXKmREid41dQSzAY54Jz15PQcYABzxmvqH4O3a/8M+fHJU8xW3WCAsoDMcJjqQOOoGM9+o5+Vd8YigMjRhnRNjfefGeFAz8pwT82eeOF5Fcrw8+SL3b/DWPVNXbXT09DWVVOUuWKer1tZbQ6trZOy63V07aH0h+zEmfE3jBNodV8F6tIGkU4LCGVgzBsgHqPpgV8Za14h1O11e6itNQkt5Bc3QKqSqjMzfKccAAc8kDGfevtH9mG4P/AAlni6B2+V/B2sA/JkktDLtHXjJ7DsT06H418Q+EPEVzqV/OunSMr3dy0biPnyjMSpIxngdCT1IxjHPtUaThhqV5dWtndOy3WqW66/PY4nKLqVLKKeiT+5NdlZ2StZuzbsdr8DfFWsXnxg8A2d5qMs8L+I7L5JehAdcsgOR82MEE9QTgkkV2P7Sd/Knxu8ciKQqG1U4aIAAAhgcAAdD14AwTzxivPvgtoOsaf8Xvh+91ZzRiPxHaqZWjCg5bg7sngHHHAz68mu0/aBt55PjH448uJ2Y6vKoYKG27eeQM9icDkdQe2NrKeHkklZTitfNJWt123ta2y2v59dx9rzJ+8l0a11jfa23bX1VrHiF5qE5QRSTyBflGMgEsJADwck56c5zgYPyivsz453tvpmh/Bh3SWVJfBEEkiM+0OfKXCkggnOeQDxyO4r4hlE0ksontX3xSIEwjEAmQAEgEdeevoc85Nfc/x1s1vdI+BqXYRoo/BMJkUrghRGuOg69sZz8vPfPnV6a9nJaWjfS+sb8qtZK1n3d9FotzWNRWWtnfRtO6Wi967V+vyWu6t4Fomr6ZqCzKbf7KMsTC0jb3U5O0A8c9yG9cZPy19CajNbaZ8EPDGrW8Ev2WLxNdqybv4iQVBPU5wCMcH3yBXgDaFFZs9zbSQhXLOoC4YLnACkkAEjuB65GK9/1qO2/4Z08NwvIWQ+LpNwZ1XbIxJCfKuT35GcAAkEkVwYbDJzm4qVrR09632dm1ZXtq2rvR6uyOetKbcE3GVm+3ddEuVbbba7aO/lJ+J2kQus8+jTxMQQ0390AjDZz82QckYJGR9R7v8MfFmi6/8Ofi1qcVpNJbadp9q93G+QzgtztYcncAFGQwB7GvkW80tLiKeKWXIjLBVUhsAnhhjj3AB5xyBjNfRHwS09bP4QfHZBIrQvpVmmEBXC5IAJA/DoMYA4HJ9WhQhRalaSbj3XVLpp6620XlpzVGp6Kzty2Vknze7dWVnfTzu/NWfn0XxV+DkduqXvgxjIyovnGAHJGFZjlecnccgjJ55IxXtPwF1n4eeKfifoK+E9HW01BbDUnWWSIxr5SQN5gIAwxZR8pycAkHngfE9locU8ZLFJQsY2goGCkngYyST1JIH+17H6n/AGU7OPTPi7oDupSddO1RIwoKph7dsHGeuAdo5yevfJTjSU2kpX3bTdmrR2W7TVu+va7ML16ktVFRSSt005UndWbve6vd236M4Dxl40+BVt4o8TW+teFL6S/g1vUI55SjMs9wk7iVweNoByyccjJ561l+HPFXwYufFfhZ9D8PahFfjXbA2LEMkcVw8yhWfOcgH5s9e4HFcP8AEDTLG+8f+NJGtzM82v6iyNt/eYNxIGLKowMMODjkbjkcZzPCeiLYeNvBm9JIgfFGlFSEKqFM68E465+9jJx0AJr0acaUbW53ezTutPh6t3skmr69rPYibqNP4bK6XR2Xd/gl111PrD4zfEL4a+HfiNrun+J/AUet6iv2OSe+ZiQVeFGIG7kgK2MbcZB6AEDwrxD8SPhZrNq9tofgFNNup5o0gnwAsI3pjIUHAwQwwcjoOeavftT2ctz8aPFAgt5biEW9gvyxswBFrESRt4bJ9RgcEZwRXznbaVexXcbPFcxwrNbkoIjtBMy8NuPX2znjHcUlSp+0u5SvzJaSfltf8LNrdW0V85yqONopW929tXsr6+XXXR6pbH2p+0vqk+ix/DL7DdfZWTwNbF3iGGy6bl2sR0BOOACQByOjfNcPxA8Wiwt2h1+Z/LZMu6bjGjMMqDwWJ6EEE/LnjkV9j/tAeCb/AMZ3Pw4ttKW1aa18E6SJIpQd5zCi9MEb8dgQfYdR4en7OXxCRnkSLT4bL5ZkFyyxBtuOwJOQOcBvqeleXmeJoUsRySetlZNO92ob69Xdap20XKtD3cDgMVVw0asVeCTekra6auzX366/h9UfBrwPafFX4CXdl4pluPs114sR7qSB8PtEYZXQcbCT82MY9sAg7lj+xt8HVu7jzLvVgGDCNWuuJ2xwBgZZiTyOe5BySK6f9nbRrrSPhNqGi3MifaR4sUSmM/utwiAZYnGAFGcHqQMKeQTXtyaTevPstIdywSk+YXO5XPu4zjnGeO5OMk18bmuc4zD4lQoVeSm4qSgtm21tty6Xt01uY04U0qiqRTlGo029Fa6WiV0lrv5K9lc8S8I/s6eFPhx4ohk8Itc/bNZ0XVLKSK/kLgRSQyElUIAIU5J6YIOd3FfJer/sParqurXupSeMYo1uZbi68uC2w0YaVnaNlMn3lB6kDIB6cV+kdi+ojx1oEQdpp007VGWZmG1cW8uUYjqAvB3Dn/ZNed3Wu29lcSi+vJYZgZi/lkhXJZht+7gjnqcAgYOSTSwmfZq4QjGq5c09dNdLJe8+2v3/ADMsRRpJKbXuuzXvKN7cri29F6dLaJ3PzZ1T9k6bQNXsM+J2nMFza3DeZb7cpFcIWJG4jJwQVOOG4yAK98+PXwdm8V6/oV2dYeFLbwtptrxESrpDAq5UAjBDc42465bINek+OdfivbyCRHQiI2wjBIR5MyKCxU/f/hLdScjIAHPSePdWaPVdIUJuxodkwRmDbiUBIxjHBxgA9CATkHP1OHzbMfqdSdSTc1KF7pvR279F2v00l0PGqQ1ai1Zp263+B7Xu0vV/I+Jof2YUe1kli8TzC4Knaph/uqT6ggBRzgkNySQa9b8UaJcaT8AfCnhySS31C20zXbxFuJo/LPnB2O5s/KCc8kHAOO6nHsVtdPJG8rW5t3YkLGSFVsKVHGM8E4IB6HAPQDO8Uad/a/w40Cwu4k+yr4hvJZIgQrTKZDuwwxk59ecnvkV1YbNcRWUnVlzKEVJaPdcqvptvd6O3TTbnp80ZKKSTc0reeu107O/dOzV0r2PifSPDS3l0trLHZxSnDl02uCqtnbtOfmbOFHGDk/MzAV9k/DbRLB/h58SdFlkfybjTYYrmJDs2rhQWVeMsCMD6dSOnDp8PdFtriPVbCQWCxuC8TuWdVx0JGc5xwAc5616N4BP2bwz8VFZXffp8RWSQYUKGBGwgAgEKSTwT16jA46+ZVa1SKp86cdVo7act3tfdrS1l2aR2yTpU3KdrJq7s5NxtDdvld237t1p5nzLa/Brwpc3kyw3l2E3FvKBYkBAfmJz8w3NgkdASM5XaOv8ACnwp0bSPFfhi9hmuVnttbilhicHnHCP06MfwGMc4NdDpOsabY+WXkjgmbJLxsGGOCV9M/X2weBXUSa4j+J/Ckti2TJqdr5u4hVOcjdgjO0g7skDgEZHONcFXzKWKoxdVqLqK97aJuO+lrK2u97a36+U6kVzWWqurLqn17Kztdevy+VPjP4ba6+IXilrmaQeZqcpVypwSAm0Kx45HA6DKgY6ivHk8GaeCGNzJ5seXEXJLupUjkE4IB49VOCeMV9q/FTwR4x1HxZrd9peizajYi6kuJbqOMvCrCNS+ZOfmAHTvjJxla8Gt9OjaC5uJFEVzbO4nHIKnJVkAIOACCG64x34NfTfWas51Iwmp8jcW7raPKmu3uvtd37HJeVOUfaR5VLVe5y78r0t7t+jfZKyuz074Z/DDTPEfiv4ZxWwlkvdR8ReHorhSzYkb7bGSAMDJfGNvH3fm9K/SP/gs6h8TftDfDfwXFOsMHgf4OeGbQW5y3lXJsokcYAAVsAZGADnB46ct/wAE/fhhY+PPix8C7KWRZpbnxlaXTowziHTpVm2HjDYPJ5A+6cZyTn/8FSddi1L9t/4vXYul8vw7NZeG0jV1AC2cUahVwCAAOMfw7QO+a/MfrNevxzhaE/ejgsJXrLW6i5yivea2fK1ZPo9t7/pNo0+F5zpp3r+z5m7Rurxu07b3i219/VL8g9R+H88sxIluLqc7VSC2tZLiVyZAq+XGgLsOV+Ubm68HqfQfiT+zL4t+Gk+iW/jKWGFte8MQeJbaz2yrOmm3CeZCbkSIrQzfN/q2PXOCRwPrX9l3xdc+Gv2i/hJq+i+FNH8YzyeL9C0q38O628LadqNzqN4kaJcpKjI8asd7ZUjOOM4Ffd3/AAWl+Mfia3/aj8TfCbxB8OvCWiSReB/DCxXWhw2/mWFo8ENy1tBNEqBUV5HhwFUbFAHFfYVc9xsc8weW0sKqlCrRnUq1byi4crSvs4t2butL9NLnwE6NRRcuZJxs4pt+8k4pptRt711dXTW+2/4O6Z+zpr/ibSrbX9Nu7eLTZJRbxO6t94NzliAOnUg9Mj0rU1z9n/VPDGkTapf6tbf6KgcwRqcyZONwYjblT3J4Py8Hr9afBb4/fDXwb4OGgeNrG6urqy1J5bS1SNWtBCwP+tkPVmzkMQMfL9aofHH42eBPHHhe80zwxa2Nq0s6NAqDM6IxUlGbGMk8bR0HU+v2FGcWpJxmrQSd01d2Td7tLTpaz066nA55g61P93D2cpLnd1dQ91p23u2vhuullZHnH7OOm29zo3iaGRpGSa7gjcocPkgLuyvfk49RnsDn9cv2LfBRkv8A4u6PpjSLeXvgG8itRJISs0skEqAeWThtxwG25wT25r8vv2ZoAdD8QyrGmZNVgQAkEFuNwxgknvnI7EYr9kv2Fd9j8WdQEuxIJNDaGYgjGZpJFQMCQMDoOo+bgAgivJzys6eT42o4tqnDm16NSja33dLpaW3sfRYCnKWYYWDl8UuVpaJd0rr72935M/D270250bW/EmlXQKXlh4h1aC6UZVhLFPICm1geQ6ZOQAScZ4wNqANH/Z74+Z4Jeo7kHHpyD0HO3uc16D+0Lov/AAj37QPxY0gIqBPFWpXgjU7VC3M00gOABhSGJ5ODnAGMVwVvMJJtNjUjiMj7wIzhuABx2HOMHt94Y3yqt9ZwWHqKaUZUabS7uUYvVb3197Rab9SsVSUK9eKduWUtF1akl+WjfX8CzDK4WxAGG3SltxBGeRnGCfm+XjnLdcZqSy3yykqqBUuSWyRgkglgD94kLk/xAdBip4LaaaS3CKzFGuCQBhlOTzk9PUZ5GDxzinaZY3UcpZklw1yy4ZdoOQQGAHbpnryx4HWvUbhBcrd3pe2lrWad7b9WtNO5yRjK9pXa0tfe26Tejava6XyJpJVawugwIP2g/LnliGzgKRxxk9gxPuKuxsskcSLj5bdVYnJIDEBgOuMk8H1yMgbqbNp9wLaRvL27Lhstx8xYDGSSMjBXkHOV571bht2RrcDYAseZU3A7RkE7hnrxyBwPXsZjJONttU7rVtaLRO+yV35a3NacW0k1Z2d2t9VFJLzXW60Vn11yypTz4Rk/ZkdASSACzgjjOQMZ46+o54v3CuJLEFQALUMRwvDMASR9evU43YOadcRWx+3Ti6jHmshAVRvVgeQeg4yQTnOMg9cUSSwSXETKJnP2aNIwQQWYEAYHXaenQkjk4HNSp391300S1s7paXs2l5+t9jTklBK81bRKN0lyuzaejb0aSe612HXe0aghIVVS3ClCcL8yHAGee+ePbkkHM/mfLuUMClo4Dtzkk4IAxk9xnjAx/e5q38r5nm8iMtEYgCx5zjaQMqCDx1U9255IpRqczIqNHCkotW2sR0XqxOM8/QEjnn7wNSbkoqKurq1lum9fPZJdOln2PcjtbdStpom+l9dbJW0TSTS3BM3H2EbS5VcBckluWznI4xx/FznptNT3EcivDOWAVjKAACw2Yxt6fUnPbHasn+05v9EWNY4yFOJBheNucYGcknAGCMfy0E1R5IobaNELFJixbDBSBzwcgd/XHOOeKHo4t+9qua27lpport2eyv0e27vGVNe9ezir2Vub3dXZ3cnppdq3Us6VLho2DEiQyqQAcKOVOe3y9cHG4nPc48h+P0mR4XWN1CmKYltpz0JxzjkNjGeMcHrXqOlXzI1viNQCZYyGYbSCeZMEgA9h37bmFeS/tCOwh8KFfLQSQXHKnJJ3HDAgDHJB5BOBt55zxY+PNh3ZX2undO2i+Wytfd7Pv35Y4+1pu93bXVrSPKuq6uLt1uu2q8DjnDlo9xBwqF8cYxkduDznrx1IxnCTbNqjzMkMwJ2/Mw+9lt3XnGec9dp64yoJJAZQzD+HaSM72HAI7g7QQMknGBwx4vBt7MJHBJKAM2QVYcjAx1zkErkk5GMk4+aUbS1j6xtdxu1Zu127K3TXRa9Ppk4OLum9XZ9d42t7y1vfotL66EiuEc7WLHJOM4Dnk4BxkdRjONvGOBgegfCv/SPH+iRo6hvtsbMx+bAyAcdV4OA3Tt2xjz4BX3lhyM7RgjJHUj3xxnBGfU5Fdv8ACFS3xH0NYmCH7YoLNnkDZ8oJOTxkk4GCQOvNaxa1umtXfvsvlp6+u5x4vmcIqLSV7q+lkrNpt2VrtrZd2lsfpLLchJmtxIWKTqGbJwFY4PHHPuWxxnDV+2X/AASW0fSLnwF8V9RuLeOSU+Ora3TcA4Vfs0e4ryAWPbjnocV+GN3LPHfSRqN+655LDHQgEI3OGz6c9+RgH91/+CQksTfDb4nIQsbD4ixF9xyGH2KEqDu7cnI9e+BX4p49wivDnNrW96rhEnd+6vbwd09et7/JLRO/0fAs6i4iws43v7Ort0vTaXz39bK5+9fww0WzaK4n+x2vlJbyLHmNAcBiSeV+U5ByTnIY5Xqa9JsNPj3zyyW0AWKWIwbolcKBj50woI+XPJGQO/eud8AwsNIuJFGxDDMECYXdyewOSOm3Ge2QAa6a2vp2jEqxHKTqirjIfbEWJbnkKQcqCckc5GK/i/IqlLD0ssUo2UpqUpSad7uNk9dtn16q3f7PN6+JqYzFXqSsuVRvJq0nyq2/ZPRWbs07LQ/Db/gpZqGj2HgrxVDZ3NjBqviHx9ZxSW1sITezWtvZje11GnzqokT5QwA4x3JP4RRXEgu7yF1kdApOenCjA2gKQo5xzz1HBxn9Q/jt8F/iP8cPH/x18deG79b7TvBGt6hq/iCHU72S3CWNnLJA1vpFnKuJpEVS7mIHavGQOn5my204DS2yMoeaQMxQsSu45DE4GODxwccDqBX9g8Myp4bK6EIypt1IKfNHWLvFNpJXbttr1VnrZnFGnTqyV25TpRhzxV5WbhF6vtJO+2t1buczuIF8LgNGphwqrlSRjIGRjOQCRyR1J9u2/Zy+EGq/Hb4weFfhVo13FZX/AIz1CPTbW6mbbDDEnzzzSjhsqm7AH3u5AJxzl3CCLqVwofYApI+UjHIwDwSecAZAHGOtfW3/AATt1rwh4N/au+GPifxrr1h4W8PaNcXuoX2vanKkNrbqkTMAzvwCw4BPU4UZ3V9vl1Wi3acr3kru+/vrTfRWvbV7JttnlZrTq04SdON5QhUnFJPm5tHFtK1722Xn6H9NX7FX7APg39is3/iWTxAfEviPXbWTTdU1C4thF9liiIZbe0VMsqNtyWDbnPJHOK/Bf/gu5FazftO+H71ZQ8N54RtPs8EjbmiQhMscn5Qc569+Tgc/tH4+/wCCxv7F3hfVfENrJ4x1LXDo1vPaWUunWJu7DUb1gyI1r84DAHPz9eRj1P8AL1/wUW/bC8Lfte/GmHx34W0i60bStJ0W30KBL07Li+eNdv2sR4by432qwTBxzkZOK9icpTVONGa9hGbbje757au8lqntfXuj4zKqOKjjKmKxlKXtZUpL2k4KKbk42SjZO6SfR21u72Z8JXlvEiywweUQYwFwvyg5DY3HBJyOOMYOOBnPL3c/mGRItvmR2TqArYC5VgGOf4tx5Bxz1HUnoFtjJZgSSss3z5chsnAO0E453buOuB1JIJrjHskRLhojK0pWGF1JILO8yjcreu3PBzkBugIzdKSjGfvSfuvX7r67XTdm7aS5vNnt4mMvclZRT1as3Ze69PR817q6dlvqv10/YqsToeh+GYWcRtJax3krkdZLolmOTt5xgbgeecdmP7k/EW+Nj+yd8Vb5XCGL4f666u/Vg9syqF3BeuSOnJPUAZP4SfAbxJHp0fh3TYlRXjs9OjZCSGXCqTk44JLZJJyMDcSc4/Wj4weL5rj9j/4vJDIGFl4C1TdtJyS0CgqGA9AeBnGOueT/ACV4qOpPiLIZcvuVM4wsde8sTTjZ2frr3T31Z+jZNh4zyvFNK3JhakpaK6Uad7PZPb7/ACtf+CPxKkl1rt3IWx/xMrr5enL30zbufxPJPpzitnW0FsqALKzSQwAkcgfLguR1OeAOg4OT0I6Tw94fk8U6/ePOqRW8Mt05klVdjMlzKwQt0MhyDjkjtnmu68Q6PpNhJp0EsUK3F9asR5jbkHlDCMGwDuIAIYZ5555Nf6AZbTk8LhG2rexpqKaTvaENXr+mju11a/mGrCXtMRHS8qk7O2j2Ss7aO7V/RvzPCreR/s2xoCUSQ8thWJB7ggHHIJ5OMNya7TS4LaNBLNbJco8kLyRkBVZSclGkz0AAwSOvPWrE9rayT3Nv5ccUcbIpcY2lgBzzySRweu059KiZraKCWJrjJJQqinKA7jngfmenBA7c+pKnHllfrLSXw3eiet7JL5vrrYxtJJau9tL6aqzd73bW/fZ22Zha5c211dzmzs1tLQzBY4t24ZVRzkY3ZzzxggjHTByL7T/MiRyFiU4GwjrjGdxwcg8dAM4xxwTuz28dtM28hgzIQ7cY3EFyOpGM4znkfezgCtbVmtlijS2VS0iRYbcH54B3Z5wRx9fl9SLjFxh1jz7qydopqz66tprfzTStbn9mtZTb0eis+j195p2ejVm1d626P7J+EEJtvg9p8ShWVrps5XJ5OBwvTHIAUYyARkmvYdWBi0q1OxfmS2JwTg8DkYPHXJPbGQD0ryr4XFofhHp6k7Wa8OQOQAWGOTkjIJP4dc7a9U11ydFtVTcWb7OATgcBVO3GOCCc4JzjOBXysU5Yibe3t56papOz6O+r+a72SZ9jCMXhaSu1+4gktnstH08tnqroqWdwDaxBhhfNdDtIZsnoRyDjdgdvlxwOlfbfhn9pe50Lw1ovh2HxLDbQ6bZJbfZ3uvKaMrgByuDtPQkdsjtXwJYyTxwpHJ8ubo8lSvT3z3J7Ae2O/jfjm6u9JvdR1KSELbMGWOV5HRSd5CMMfKwDcjqQew5x3vFUsAp1Z04z5rKKloknydVa22t7Xu9V08rEztTheN0nFq91a0Y3u153jd2tvsj9ik+P93JCLj/hLNGMrYIkmmV2YMvUuTyRnjAwACT0NTN8Z9buIftC+K9LcqODhNh5I4J4PT6flx+Cdt8T/KikSa8iuUR+Q0zK2EwpjRdwO1CPxxnGeary/Gi7ktb2GO5v7a0hUvEILhuTyRs5JGQPf1z1q4cRwi7fUL2W8UrN6JatbK71tdPS29uFV6UkudpRau4ro2klqnZpJdW72vrof0A23xc1eVVWXxPo2JCGLbYQwGP4y2MA4zkA856Dikj+LF5fTjTI/FegRsJmkC/6M33RwVcjJzt28tnoRzyfwL8JfFe6v5Fur7XNQjVEe2W2lmf97lMxtIQ2CN3y4Zc8cnkYyrnx74gs9Wklg1Xyt7SmRxcyZWJmAjK8kDkgbcHBwMnJrspcSYWpV9k8PKM1GPNZq2qWzstUt+nvJLQhOKhzwb5Z20SS093dX31T1W3kj+i2PxRr17EpOt6Rd7mCJKsdnjGcAFvvEZB64XPAzzntNI/ti/iMnn6e7qFjctb2mGB4/dqAdwHGR8pJ5PGa/nBX45+J9DhgKa7fKoiYSRJfOPMdtyq7AMQueucZyTnnca6DR/2hPipGsZ03xbrlttIk8pL+RVO45GSSQQMnGSTnIJIzXSs3hKzjS9125L93y21atq3ZPfRK1ky4VV0lK9knZr3V7tl1vZ6W8tj+kvTtI10xyxmO0dWJVW/s62ZSP9kBSoB7j+ED2ONyPSNWEUivomnTqgUDzNOiUsR1ONpAyeoBzg9sYr+eiw/ak+OMEcCWXxC8QI0bkSKswkVTtyPmwRy2R7A54zz9GeCvj/8AHvWdGTVIfihK5eURPZzgSyRFMZ81eDhj1DZ4xzWv9q4ZRca1FSVle6hJRfu9X5eb2dtUd1CpUqPlpynFqPVtJrptrd66PTXyd/2GuLWV2d5vBOiz4iWNi1hCu75cN8oCEbQT3AJ65zmt3RL60tOP+EQ0CzEKKgVrUoFbruUgfeP3eAVBZTk4GPySh/aA+PdlcIk3ji0uI2Od0tnvXG3PzZYZySSSOnGepA2D+0z8bY5EB8R6LcR5+df7NA69S5U8g9z8vr15OUsfgJR/3dNNp29mmtOV9Umtdeq79b9ka9ZSi5TqXslK05O2197X1Udkn3aWp+v0XiqCyWR7vRvDdurhhDKumxySHjPJK5bHDAZz3HIryC58ceJNW8T3Eeo6FoZ8KrhY530YFZ8biJJBuAB3ZyO5OQBjNfmZ44/a3+L+leGbi/lutEn+zTw/vUs1WSGNiBxlgGLFgCFPI6c5z1vhr9qj4qavodjdJH4cuRPaQyPtt1CrkZXdnGScZbB6nHplc+BxDi/ZUErq3tMPByunFySlyvS2krpNW30Zj7WtCpJQniHK17e0npqr3XNFb7u2mqP0Lu9W0qKB4IfBPgjU45JXlH2/ShIM9Gbyzle59mJySWOVpeI9V8PeLoPDum+JPh/4G1HTfD+/+ybCbTt1np5kBMptocBY2Y8MAOR94V8MH9pX4qswI0fQJFwQrJDGTnO0kKeD6Y5xyD7o37TfxTgmjU6HpLBHBYjSo2wPXcDggD7vvx3466ay2K5ZUoKMbKMVTUYtNwTaUUt1rq9bN6asmGMx+HqRnQq16VRWSnGrNOMk46xkpKSve3+b1PtOOw+GafbIz8J/h8qyKS8kWkiNiPTOMcDk8HvkEEqPP/Evwm/Z/wDFUlu+s/CDw3ceUpkC2KvboGIIJwF459CcnGTwMfO7/tS+PhHLv0HTWYH5gmjx85wRkZzkcHqDnjOKcn7VfiqNFMuh2iOVK4GlRK2e425wcqM4xjjk+nRh6uT0neNCnGdr83sorlV1s3fVb7a3suy6MTnedYqi8PiszxtfDzacqNTF1qlJ2cWrwlOSbvZ2eqsr6nuNr8AP2althG/wfMUQRgiW1zKFXI+8NqZ78N6nhuMGCD9mj9mGWRx/wqrVYvOjIkEWoTLuOTgkbMnkj5e3fIIryf8A4as18xRefoVw7lSFkt40t0AY4YeVyD2CkMDk56cVeb9qXVcxuNF1K3MUY/eK6SByeoKhQAcnk8nd82T1rojUyaUnL2UHJuL/AIWrvbXu9U73Wq6NnlunVkk1dJWdm20lo1azvdrq930aPRbn9lD9mKRYU/4Vv4iit4ldfk1KUjaclgMxYC8kZGTww5GTVWP9kn9mOCeG703wd4ytrq1G+GVL+VhHx2DIBtAOV752nHrg237VmofZ1C6Tqo3RkMTDFMg6/MqkjrkEgbeOhznF6z/axAcpdaTq7lFUb4beKNSO525IG3ODgg7jlTnkbR/sqTTcIxTS09ne11G1km2naz3flbQ5ZxknGyelkrza7O976203e/pr6Ro/7PHwmtLR7eyh8dWcM7ebLtVrguSxJYtwD1+7jOM+5rPk/ZP+F9zdSzwax40tTIS58zSmmIwvclhnBwQRgA8Y4rn7X9rzQwZkuNO8Rw7RwUjUgZzgIBwOctluSeDjJzu2f7Y3guHabj/hI4WYbWzYhtvAK5A5IAxuOecEAiojSypSk0oNNN+9Bq791aXe/bXvp3xrVa8lBSqO8HF6TV9LK13btorKytre1uW179ij4da29mJvFXiT9xIZI2utEfgFiSGG/BHQjABBPQDNaemfsp6VY211plj8Rb2LThH5UdlNpO1G+YPghmPzbjjcDgHAPIBPWWn7ZXgCSeRJ7/WOEwPM0sFgoBwCM5545PJyG9a6yw/a7+FDQqzxQzyEHcbpxbu6gnBIKNtOeq89wOpFcOLybIselHEYajXjG0vf5pKNkls21dXSdrNW67l0swxmGqc9Cu4SkuV2cVzJcq15ebZ3XTtocFrv7K2s+KfD8WiyfEO3tYYEjiiNrpEEMn2VHyFnfeCxIULnpn04r139mf4Ga38DfHM/jLSvFyG+WC0spiunQL5+m2cscxEblt0dxLsChkIOCfmOc1En7Tnwku0VzaWNq0h/fKLuQ/ISRlTj5gBgY4GT0xjMn/DS3wdimc/arWG1jjPzLeSHB7jGMdO2cDHI9POnwlw48NVw1Oh9Wo11yydGTXM5atp621Tvq7vXszrw+fZlRxVHFpwqzoSTUqi501Gy1fuvb4mndK22h/Qf4b/bl+GUWgaO+u2/iaTVUhFtqEcEaKqxqFQeUy7cbsbmIJLdc44r4n/aF/bZ+M+q3M2nfAfRvB+laZHdOU1PxFLGdVmhfgtsYALKMgjJJJ9cZr8yV/ag+Btwm6TxHHBEo3E+exYsCchhgbVGT0yPbgkn/DS/7PLIrP4rsMsT97eGODk/Pj6r0568HmufC8G5PQlTUsbWrRjFWjVqR+G0Y+9JRU2tur0d0tHbqnxDiZSqVlhqdOdW83yOcop8y0ScpJKz0tfyvqecfGjxN+3V8Vr901LxTey2fnFZEsvEDWtrLCxOYoooypjVcbVIJzkYzg18V+N/gd+09O7p4f0VJLmVsyTz6yL64kYgrK/m3BZgSSSSDuUnnBNfpMn7QfwM1GI/YPEumkKygiKebJLDGAApO0dx7jnscvVPjn8HbbzlXxFp0MyxmUu1xOrgABicBQwDcD16EY6n3aORZNhqvLQqQirJ3i1dX5Wndxeqvu2tnfoedis1xeJhedSbfuuzclpO11FRVk2lZa7X87fmT8P/ANjfx34p1BNH+LWtjQ4ppZpIk1G5e6hFwZBhZAq7Y4toJVgTjaQMjGPv34SfBDQ/gBdXmh/DOTwDa6xfW0kL+ONTInvUurgAhoJHiPlRq33QoBQAAYHBd4a/aJ8AXXie8lbW/D8mi/ZxHay3LZZp16sTIhPGeufwzXtNl8cfhFM2Lq98J3FyqcEzwhXZgACDgc4HQc+2QcdjyrA1rReKmoJ83L9l/DbmaSlJNO6u99lsc9LMp4Z80aFOdSVrTceZptK7u5Pe71srLe584eLfA/xr8Qam2m+LPjQuo6XbXEcmqS6FcGSXUrUyqzafa8KwjWMbcKQD2A28fpp4Q/bS1D4XfDzR/hl4A+HcCaboWnq0OpyXENlqGrskSjF7LGolaeWQFpHLEgH+EDNfMtv8Vvg5NcsbtvC0Xy7lMd3GA7AcEBcZPI6juPU1ai+IXwNuJPMW88Pq53ZAuSw3+wXKkd2Y5AwCDzxGL4awOOjSjUxVRQTdoUnGmlFcibajFuTtZLm76W3OzCcVYnCc/s6K55u3NNOTW17c17W3sltrpa5xfxR/bN/ar8YXDiz0Gw8EaKFaBINA1YHU7iQsVLu7EE7gcbl5LFjjIwfkLxN4p/aBvJ5rnQvD0llq+o+b9s8SavqqX+tSpIFDvayTOywsSSQqj5QQBjJNfcFz4m+BN5cql1e+F1ZEDruvCD35Uhl59wOCM8k5qz/aPwPuFRor/wAMkIxRJDescAYJBG7jgqAQdvrxinQ4NwVO3sa7Suk78rk2kr3bV2n5XuKtxdj6yftXN2Vk0mlbTp3tZ22S7XZ+M/in4KftD+KzqbDTZQJ7gyXV9JqSzXt8DkuHlaUsqkk4RegBGAcEYHww/Z5+KVtrkc2q+Go4LSzMrSNd3ESh54idoO5zuVycAnkncMZBz+5tnN8EpoCEuvDDSNJlm+3kNuxycFgCOxBwCcjoSBcgsfguYGVF8OSEPln+35wT8w53gYI3cY7HnnFdy4Xw/vQniJ2lHRQcY2dl2TteyT76q587XzN1asajpTnJO/v3ktLaLTS2i2s1pdbH47+I/wBmz4ua3LZXv9m6V9lSaY21u1zD+4ikJIQpvADEMcYwMkYAGQMux/Zl+MmhajoWow+H4HbTL9b9JIr+MBjGxdQilhtKkA88kg9jmv2uP/CoDIqLB4cKJyCL/HzjgjBcjIyCQcHAOcc4RW+ENw3kTLoLHcdpF8x2gEkbcSY7c4APRjzg11YfhOnGEkqrlFqy5+XR2jol16dlra99uarmtNVHKVOSleNrbXXLdfDdbLZpq1rXSt+O938LPj/Z+Jh4jsdHllglllv7qw+2w+Yt67YDqVkBYbRjaMjgA8Ag+QfEP4B/HTx9411jXrrwG1vLrEVt5qW00EW8QwhBOuHXl9v7wYzkYY5xn997OP4JxXKysvh7CNh3Oo8AkYAYl2HynB65xjgciujktvgUbiOS4n8LEiJm/wCQrgsp6dJBjPTAxzx2yeWfDUadSM41lGSSj8N7pSjdNu91fzVt0tjWWZUq0HGUanLfm5W27aRfWLtZN6dL26s/lhvv2M/j8bySJfBd1KfPEluVuYGZIt3OFMow2AeTnOSea9Ss/gT8YNJ0n+y5PhjqckqhVWHbayxySIgDzNmQkSHBPUDjkDcA39I8dt+zs00ZMHhZ5Srn/kLkP83OceZzwcdMjsoLEmzHp/7N0ETSAeHkO99+dUJcFsgry7HaozgnO3rkEg1ljOF442nCnUq1I8r5vcSSdrdLP7tGu71a5vrOEjy6PVXV5Xd9PhT09bu+ux/Nfc/A34lPak3Xw41ppo41KtFBAPs5OD5YCPtweckDcOeTggeT6v8ABv4szPdSSeBfErrC4WBUhRsKOVCgPkgAeuB0yBiv6s7ay/Zu8tkgvPDUTOMMz33moxJ4DDefmGAMk5+XOACDTILX9mKWS6jGu+DrdoSEnHDuko5xguNuOMYJ67vmyCfKhwRQpTX+2VI6JqVSCet47u22u+6bu/N+3w8tYRdmk2tNvdfSOl3567dz+T+X4ZfFRYoYJPA/ieMuUUSG2IKYyCCM5IGMkkqOuO5NWHwF4v03Uls7nwb4jc3YKTL9gmkG/JCszIDt3MdzHcD246n+tgw/s4QOka+IPA8qBNyGSBGbodvzHJOSBjkYz0BNH2L9nJCk8uveCbYTFlDI0Vssp6BXDRsWGOMhgQCcdKJ8COSlJZjQhzbXinGL0WtpW62V1d9Olh4mgl/Crtp2XKk77Pfl6d9tNbn8ucvwl1++iitn8L63DeC1j+SC2baoZRy5QMFARST74OQRx53f/Cfxi96dNXw5dRQW8g2m4t5WadQMlMqjE9DnP8QwwyBn+tmy079nXEz23ib4dxbxsbiEsSxJKs5GSWyc888A7ckVWurD4CWdsbjT7z4YqLS5V7y8uHtP9W7BG2rJlkkIIxg5JPYVwQ4DxWHb5M5wlS6ck3B2TSTSdnJ2V+yWy7Gir4eTTdDEQUuVOK5eZq8bWfL6ebd09UfyReKvgHZX1lZ3Men6hpF+vlxTlLSfy5LgghwQVByGzk8g+nUjw/WPgd4t0iXzba1+2RB5CzpFKX8scgsu3gnIOAMDrznJ/uF1Dwf8CdUtIrGC1+HF9vtobyCW4XTFI85VYuh83D7udrcEj5sZIBwrL4HfB69QwR+F/h7fSTOCJobSwm2nqY3KOSckjryR0wACO/B8L5pCKbzXC14tv3Iwn0ts+ZvTZbN9F2mti8HTk4unWWzs0r200enlZdtdD+JXwz4Y1S3v5oL62u0bOLiIW86nyRnIX92dxYDAAwpXseM+sGwt7NUh021mM/2dpEa4hZGiJIICMU5IJxgZyQeQ4zX9i9z+zn8IZUnmf4feARN8qKYdItAH8vd8pYMSd+Q3I6nOTk1l3H7Lfwdnlivpvh/4LKQ27TvarosW5woDbIwuckEDA5PbnrVV+FcZOUZyrUVG6ezTtotVa+r1XZu46GZ4KCcYUqkpNrVuOjbi9+l9b9fSx/JloOoeVJA8tvO2oKIrWR7oPHERMSr5kKjGwZ29OM9e/wCp/wCzn+2Fof7OnwN+I3w00j4e6DrPiDx813ZzeLNTuxIWsNRgaO4tpVZSWNoHJtsEKG+bsa/S24/Z7+DWp6hDK3ws8MQ2qzSbxc6C1uHMbbRlv7uAACACQMbmOTUd1+zD8GpfPnm+F/gx4WjbyohavFgjjIAJ+YnAz3APBPB8zF8GfWVGM6y5LqT5eZR05W+Zq19bWSSu0rHr4HiV4Nv2NNNtWTlZtXs7395LRbK17O/Q/lC8dw6Vc65c3Gn3bWyWs9w5SaQbGmmnaRkjYnJTL4XOQF29ySeP024t7G88y6lillkkVklWVBFHt5BOCck56kcd16Af1Pav+x98Eb1Xdfgl4TuCGMkmInV5N3YZI6NwMfMvfqMYDfsTfAmaFZpfgV4ZiAUu4LyJnac5wAcYHYYBBPAK1U+GK8YKlbmpWteN3uoq1rW2VrJLp0ZwTx1KvUnWvecpubUnpe0b6NvZWjZJO68z+ZzxJ4sv9RtxEdQt3haRENtE0ZeREAC78Nl844J4A7DOa9d+DXj/AMHeFrW+uNX0fTrnVrq1uYp5pJoxPbW4TagWN1OMkD5hyCwzu4x/QDb/ALEPwNunSa3+Afhl9qgxukj5GTjozH0zggHHUc8Wf+GEvgkWnkH7P+gvLIpEkiysGCnOAQGAxndnOcEnB5Bry6vCFWpT9hHlppyTbenNZx3f95+S21vbTeOYUk1J+8ttrr7Nmm3bS6sna3Wx/MB4t8eQzS38Gmy7NOnvbiedHkRnUMxKpG2QSACBkZPPYEioNO1XRJPD8y3EEAkuI3aS885BdKoBMa4JU8kevHB68H+ljVP2APgU7JHJ+z/py+c5wEvmjDHODwd3OOemP7oBOKa//BN/4HXaNHH8FLeABUUpFqboF+bIA2jC4bJCgceo6nspcJV6NCEaXs1ycrvG6b5bdfn53Vm3tfjeLhKpKWvve6rrZuyTbu7LV6XV7pXtv/L7DqdlCqW9s3nQJKHlMrqdiDGSGJyDyec5zjnHB/oC/wCCUvxA0+P4LfG/S4bezW7trq3nhhkMZkmtblREQhILBiCBx8xBGc8mvedZ/wCCXHwQvvDmpyR/DiHRFt7We4upIdVIuGighZmEbMFIbIxgdRjGeg+QP2L/AAHoPwu1b47+FIpruyt7CezngkMrSBYYtQYQwu565hC7m67wec4rlznK6lHBybnFuKi003ZWtfo7pPpvfTrc+l4Qly5rSclzKcJJW0TUkklez26tvv2Z+Tn7fuqtY/tQ/EUafHHbRyy6WVs1VTHEXsoXZtpIXO4nccbc9uRj4hbxLd200rzbiDtVudkYyQCOM87S3HuOcV9pft76bLqv7Tnj+/sILq4guP7PlSWKNnXallEByDkZYdc4PHQGvkFvh74s1OzjNnouozPKyyOUhaTCHAXdgcDpg5IIwMHFfVZU6bwmHgqsVNUoO6krNOMV3urX1811PJzqUoZljLX5VXnJJXd1G1rOzbW191fr1JdB8cSaXqa3yxyNJAyyW4WQhSylTtIwAd3Q46ZyNtfsB+zj4r1nWPhhpGqadLLZ39zqV1ewO4DtbzQ7gpQjBBZ0AJ5xn24/Kqf4DeNjJYra6Hc3LGOO4ufs6uzRIEDOZARlCozlM4BOB2r9Tv2bNJfwv8L/AA5Y3iv9rjur/wA+2lDK6EyN8hyAQAuDtwBk5zjry8RqlHB8l4TaqKKcZRacm4uW1nZdH1eqvod2Q0pRxanL3VyvTVNt8uulnpa2u9lv07LxvYeK/GPhrxLN4gecavFaXGovdSgyy3bISijqxUeWAyMGBwMdBXE6/dXujfAu4urW7KXVv4dU7n4lSYAFQmQSCvIxxgA96+nNQ1V7Pwn4o1dI0fGizw7JUVuBEykgtux/eHXPbk18pePpoR8Dta1C6R5RLoLSBYxjYSSeU+7lFLDOSp6A8jHz+TWnLlslaaaurNRfLeTdtW3pb53W57WbuMqbmn7zpzT0t0ScuZrq7rT89vz/ALT4v+KnjeObXJpWELAl0jL46BGyoJUEqo6bsnGOMeQ+OPj/AOPdF1FLSwu4Wje3Uv8AaLOKdiSfufdIXjnvn1JPOXa6x4TkkWW7j1RYthaVgrnnzMHb2AyOB93AHqK0Lr/hVd/GLi7bWXKkFSYssAvzBQxGQvfGOeM5wDX3ag0owhLll7vva6RtF31stb/L0sz8yhd1ZOVROKb9zVN7O6V09Nktr72V2ZHh79o3x69/L/aR0maKGJnVZNNizKQv+rPy5C845+Xgcd67kftca5Gttb3HgfwvOFVlWZrOJSwDEbydowByQRtwcjnGa81ki+F7TtJpp1RJJF2MHQnKkgfMOmBncMAgkDHJzW5b+EvhbOv+nahfxKVVgGgdmDk5Kh8KAp4ICg4GewNKalGpFe1d9XKaXMm7p9E7K9rN7fgbxo0mpOWjVmrqWycbPd99Vqvvuep6l8f9UbS7bxAPAnh5Vjw0hWGMu0JGc7cHKN0BAPGeSCc5dh+1HaeIbt7PUfh1otzb20LKlntTZDgD94uF2qzei8cnIwMVffw18HLvQYrKXxFfws0Qj8shthQAhcKcdOO/Xpyc15L4Y+E3hew8QX7T+Obe3sLlXa1fySJgrt8gdskjHK545wTjkVhX9q2tJyjq9U+yto1r5LXorPU2oShDmTlaWj3tey0au1td+j3e9vTo/jf4Gw9vdfB/RGbdg7iRuzjAZOhI6Z68/Qikvxj+G90zwD4S6XalQ/yRzEYxjLAbcDAByeD3ODgjVl+Dfw8vEEkfxLsFnJ+8YiWLAYBypGMt359D1AGdb/B7wdYmeRviLpUk4VgJmjIDLJkKrEcnacHJHHXHAByjSlOjO9/deqcXzPWOui5kk1ey8nuJVW6zUZxaUd3LW7te123fydzGufi98KomSN/hXp8sjbBuS5JbBYhv4dwyc/KMdecirFv8X/hiI3it/hxZW4LFxG0xUOV/ixjnOCMjIOMjceqx/ArwXfXPmH4haQpUnD7Rhuc5G3kDJOQVyec0+X9n/wAKwyAw+P8ASJQEZsnAABYk4BOfvYxnOCD7Ab4e8+WN2uRxSVpRutPifKr/ADe+q7iqUm2/ejK973b2bTb1W+lrbp9+nVXPxV+H9rp1lcQeBLQG4Clokuss6bv+Wilc8YHJ+Y5Bz1NU7n4q+CtZmW2j+H9s+1EkMDzGUBoyCzKAAeDtOMDBGcgchsPwL0W7kghm8Y6bGNiqkyEOihMszKgYDJ6nuMZHNdPpXwT0DSbkqfE1lO/JW6QrGzAKfk565xjkD6EkV2Kp7JxfM7JwXM03d3irJf8AA2W97p8NWhXcVBJNyVm1Oz1Xm07tb6Wf4kV58cjd6FJ4c1XSJ77SGQwpo88zSWqQx58uNIioAUZIIAbHPBbivGk8a/DZNWgnb4X6cIbfKtHJJtR3XHBBVcqxI7eqjI5r6Itfhz4WaZluL60mmDnyrh7oKW5JHJGCAefYnGSea861H9nvTtQ1K8ntvG2l2scjNIsUkscm3LFvLBymeABv3A57YFaTxE61SLpwjVlBrSULPTl0vJXkt36LS60OWOWvBw99+zhLllpLls9LXbfo0vPdXd8vUPH/AMNbiCaC4+GulxzTLEwghkEbxqApCqq/KQV5LHklTyfmqkviX4PzW27/AIVpGiqyJORdEKAOTsJBK88Dgjjt0Pf+JPgDY63aaPJ4e1rw9p1zY2aW2oXM+pRs2oTfcEwUnKfKB8nPYGuVT9n3Wra0lik8VeGsGZfKYX8K/OGAyeRjIwVJ4wMe45YubnJumkou7fItG7d9W7btXS77HRGhb2coSu7Jv321ZWb/AJW7LVOzV76anONr3wMS4k834cTkArtEN+WBYHocAc5we5PTPRqup4r+BMDOB8ObxUljIYNfMCOOWUMMgZHIz8vHbmpx+zhrsk0hl8W+GC+75T9viwONwJyR69ADyDg4xirdfs564rK03izwoQQQMaghIG7CkgEjIJBOCDjLDoavklXqK0U1olo4p35beV+6166p3vGIpVFH45XSsnzK6XWW0tbWuree+rJfEfwKNlG0ngLUzFuDTbL1wCpIABbaPmHHBxwCd3rEPE/7PAMqR/D3WyZEULjUGJUAADJxu9e+ABjPPN6T9nzWWtTar4s8LoJFOFGoRbGPDFjj5mJ2kEY54xjGDQg/Zy1QEuvi3wwjblXd9uiBGTzxuIXJz7dDuHAEYhyX7qzUFaDVr2aSXu3Xmuyvr664WE/Z+8+blSabmnokrt931tbdqxZTXf2dGi3nwVrsU+5USNb1iy9AwPGDk8k4JHI9CYU1r4A2LSNbeF/EcFw2XEv2txhc/MvAB+bd1JPYZzgFkX7O2sRymQeKPDTlSWJ+2xjIBwCDuP3e3ORkYGeBJc/s+a/dXESt4o8OO+1iRJqEO0LgnLDdzgdMjnnrWns4OhTTbSbV0tLtuOrsm0rLSy38xUnUbnDWS5ldNu1vdS66aavfVItXfjD4HG3QL4c8RySrGCJHvpMxt3xyVw2MnqF+YHmsuXxP8BZ1ilu/DOvsEBUFrtm3Z678ghh3HOMjI4zhZ/2cfEY2Rt4j8LsnIH/ExjIwOnAbjbyeeRllAJIUU7r9n3XYUBbWPDLhVxhdThByDnO1W5AwCV5AGeScZ1o0aMuaftbcsbcrlorLVNKzas+uvR3tYirCpGpGUabV3dNW3Wl7pWaWt+9ut3f0jwh8QPhH4RjupvBdl4h0Vr22IvJkYTNKhzlRuQ7QMn+Ejpz3PGapcfs/arf3N/c/8JSLi+LTXrKPmFw4yzqFxhS+SAq8DkHnNUtO+C/iO3lkgTUtALTW4jDf2hF5IUgltx3YWTjHGTnJBI6wD4JeIkDKt74c8zDFWOpwsPlPA++BknGDgkA471iqdGVRKNb3XJXi9U9ldJrW607JehdZ1qaUo0papXle7d+V2jd2srvfTV6a3J9Jtv2fxcgXNx4s8pWxEqxks0eOQzdQCvHOc8+uRuXb/szBooxP4wG1CUTy2O1s8jGfug8jJ4I6YzjjR8E/Esc6NFe6Isiu/mNFqUJTHOA2SRgjJAPBzn1Wq0fwI8UXLLILvRyZHYln1KJcgZOQd2ecfXjv3562CoKvByjSnZ2fNZqzsrtNq7t/Vm7+rQxmLhhVGEqkNL2UrSi0o7db3S0ae3XQ6pX/AGcVnEjXfilAzjagtfl9cnlvm47ntnJPNX7+T9mlrdZU1jxlHPHIBGIrL90obj7wYksBk8r7A1xUnwE8U5Vy+jFAx3EapBkjIBI5BznHA/DrUNz8CfE8qJBF/Zu0ybhH/aEW1iB67uCeueT9azqZfg+dt0KbWnKn8N24v4trO2+jVuqsdVLMszlC31irpZW9o0/s9LK6VuiW+hs3D/s9XJVk1zxW8kecl7LO49RnngEDJ9cKOduQ/wD4sHcKkKeIfEsIBXrpxYl9w3jO7G4jocdTkDAGcWD9n3xXtykOkkP8qqdRhypBPU5OAOCfywPmBv2/wD8Rwl/Mt9Jcrkx41GMlMYLHPAJGQCe2egApvLcE1GUsNRTtd8iaey2t5JPe1vUyqZrmMZWdapuk/eVndx01V31u7N/fpI+m/A6S4byPFfiZIYMqI5dOHVh8wb5ypHByVU8Y7c1LFpHwJnuo3Xxf4ji8oq0zmwwECHJEYEmSCCOBjuMfLVE/ALxaZVkFtp+2UgIBqMQ3bsZ6tk8HnHAyCD0NTp8APFscr+ZYWLBguxY9QiBJ7g4Y8/LySBjv1NbUsvwbjNKhTs7NvZ20tbVO9rffotLjnmuNgoy9rLdP7NkrLld3HtprayukjpNVsPgJPp7w23ivxJ9tQt5N41iPLwyYPmAvkNyvU4wMYxmub0Twl8LTqFkYPiddwtbsJxNcaaFVW3f6snzB3AyQAeByDVab4FeNBJITpdtKqqBhb2EhcgYGVZTjHBByfx4qG0+BnjMSjzNCR2dDtC3cB2YYkHAfJCHpj0BzkYOVbK8PKjyRw8eVaya+J6patXt21Wv5Z0s8xirRbryk7pxu1ZbP3bL0fX82vVbzRfhdNdbj8WZ4BGymdHsQED46r8xDBuWBAAC+9Vv+ER+El9dSyTfF1FjVWyJLHBY9NwKvyR78YySoLV5RN8D/AB7FM+/QnZJPlQ7o5M8/wtvOeM4GCcYx3NRp8EfHbTSldDYKoPKqjbc5U8BjhuN2ACODuJxzwQyPCqPuYZJNp2vq9rPrtbdO737X9lcT4+SUZYqTT3i2ruyW6Sa1Wt330te56Be/C/4PmW0kPxctZhdXABdbTPkqDt/eocEleDkMSOuFyK+3v2TvjPof7GXxW0z4v/CH4waLdeKbDRNS8OyRahaB4r+w1q1ktroTZYhfJSVxGoP3sEL2H5tv8GvGwa3jn8PXXlqDI+yEZwGI804bJBOM9ehwcEYuQfCbxqk8mPDc8ihTsl8hgVAGQT8x+6OvIPUDnJPbHLqcKfK8M5X5Y63u24xeq3339dNNTwsRj8TX5o+1aTabjaKv8HRLu133v5n1j8Vdd8C+OfE2ratcfELSVn8R6nqmqalJsAaHUdTupLi5kjBJBiLyFlGcYwNpxx8/X/w08Ebvs0HxO0F3Lt5cgwpYEYBkyDtwDu+93OOpJ4af4R+OHnMk3hq5uCwRkKJgbg3y9znaBgk45zx6V5fhF4pKmVfDWovcruV+pRcrtJU5HIJ9ST0JI4PTSy+nT5r4bVqy1te6XbVOz0tdrfTRLFYqoqahOvHRpPRLord7rZeXS2p2EPwo0ZpYreD4m+F/NQ72klmVU2HACMTzycA44PQnAwZbn4J2N891LH8TPBqzQjKxvdxIGCjLBBk5J5C9MD6gHzCf4O+OlczLod6/C5j8vBDZAIPzHOM4z6j6Vo2nwZ8dkhm8N6hKXGQMGMpnBOMNyM55PsOeQdFhIKHL9VnFPW6k3faz3s3fbu727kQqzUm/b3TWkWlorJq7T3ejva97rpr1o+BRZGuE+I3gs7oyfKbUIgWZRwCpIHXpg7QT1DZxJafAe+Nos0Xj3wUiyMVKtqUSyDkZ4w235SAwyeOD2NcZcfBf4iRSbx4dvmTaAdgZlC5GSCHByM7WJXuc9qE+DHxHllEcOiX2wKPl2uoU8dvNBBIOM4zyTURwsXSSWFnfTVXu21G1k9l2VtNlZlwryTleqrNRskoqzdlde8r+XT7mddd/ADVbfbGvjfwXMGKkSJqkeAGIyD1IA7g49sGpz8CNZUrGfF/gx18sNldRjY7zyFznoB8pHrnPrXGf8KY+I4mZZNCvifL5LNINpyeNvmHoR6DPuMEOh+CnxIMwUaNqRyqkOHlRF5HbzDu55GCTkciqjhqTjGLw821a9r3slHTs76N26u127IideaSarxjd6bdlo7tKz2ttpo317Gf9n3xFe8DxX4OEikAK2qRK2xQcHOcnggA+g44Ixjzfs8eIblpEPinwkBCVAaXVYtpYHHGCcnOABjGB8pHURx/Az4lSNJMmj6uxjQF2LyordBgMZOOo24HPTrzXOa38LPHWnzLFfWd9pzSrviS6nlXcoyAUJk+bJ3cHGc9xjGtTDUZ0+WGFqRcXFu7TbTtFdNE9dVd22XQ5413GblPEQd2kleGuqWmvdq9rPW91034/2e/Evz58UeE22ttUrrEQ4JIGSxOB03cjg/TOvZ/s2eKbku3/AAk/hA7+MNqsRxtBO4ksBwMDOAwAxxyT5hH8O/FTIY2W8Zlba7CeUkDJxgCUZ6nH1GCQTnX0r4feLTcmJbfVZP3TFUWadcnH3mIc4X8ScE8YwBrhcJD3L4So2lrrdaKN27L0Wu+67DliKc3JLFwbVtPdUtLa76q9n31avbf3DQfg94i8P2ktmur+F5GH70SDU4D5rEndzvwAoIwQQDyMcDFLVvhrr+qRtDHf6ATC25yNThCtjqSNxBUnr7bc57eJt4D8frKcabrAUl0+WSZskEg7T5gyO+Rg8ZyTVefwN47jZSNL1yNSACGefLngbsiXccqBjgg9Tng13qrONP2UcLW5dtne2j0su2r1tZ9tDw6mAw0sUsT9YUpc0W10WsbPdJP1aVrpXbsvWNW+EHiy78NLZ/btA2/awXU6hDg5wFBO/AB7Zx1ABHGMvQvhR4n8PXpRZ9EeAws0zHU4XEe5eWjTdg4BJOMHIxj7tchZeEPGIhaB9J1yfzJCADJcA5XnCkSEnB55469Mc5914B8fQTCZdH12RJflRSbjkjggneSwwBj1OfUZ8HMsBRxE06lCs5WirXV0kl0as0tNtr66WZ9JgsZWwfs3QqqPvJqSWqbaatr717a6Ozta3X1TUPhprWqaVJBY3OhrcvOzLPNqEKiQx7idoLELxhiP8MVkxfAjx5HYv9hl0S8aciR1h1WBVQjk7k8wBhu6EnJBB4yceaHwR46URBNJ1cl2bMStccEklmOHyDk5OeO/Xit288C/EJ4okt9P1a1KRKHRbi5DSDAJZUDggEcnrjGVXpjhWVYSlBKFCq1pdO+t+XX4bbfDrp0Z118zx+KqRc68W0kryi7pNJJ7rprfbXa7ubz/AAQ+LDyrALWxkXYAY01S3YAA5BGJcEg4OePQfKSTKv7P3xYkljVdJsiCGG86nbbjnlhnzgc47FeOc5xzwsfgX4lMrvHb61Eytjc896rYGOwlzknnB5GR90k0238K/EtGdWg8RsVY/MtxeqR3IUbjkt6nqMA8URy2iqcWqNVJ2Tu1eO1vs723utUk9rELHV4y1rQaVkt76WW95b3Wyta2p3V3+z58WlmjDaLaZCHbv1K1fOCc4PnMBjBPBPYdeKZpXwB+JgujI2lWJEZYS7dQtgQ/u3m9V53D+8OpyTWTo/grx/eiZp/+EitDHu2zT3N4Y1GMgAiTLFsdOBkgHg4FGbwj8RLXfF5+qhnZnjJur5C6A4DbSSzA+mTgsR05rVZdSSSpwqShZP4k3zJR+LRfL10tYj+1eWopTnHR9E3o+TR6q3Sz7WSfQ9An+DvxGmimjawsWZCFUnUbbaCoICn96CD1ySexHAIB5v8A4UZ8T45Y5zpVjhWZhi/tSwJY4JJlJAPO0j5eMlVya4aXQPGJWTfe6v5qyMXSOS9LA5werj9PYHGcCCDQfF8spC3HiEKvDO0l2cHHLMok4A6+/AGfmNOOAcIxlCnVTdtG42S00dr63189PU0nmka0kpVYy0ja17293X4m1p3asr+Z3M3wL+Js8iyNpVoXkLsd1/arkEscjMmEAAJzwOmcCtzw98Hfizot3NPaWkMMkimDNtq1vCxVhgqSk4yNvrwSc8448xfw74r3pnUNdIO4bfMuwc+p/e4xxkYHHXg5yL4a8WRzRudV1cbnOY3mvt+QeCR5h+vOMjhs9aMTlrrU1CUG4SS5k3q0+XVJpq1/Wys7pip5hShLmhNRkpK2y7a6Pzen9L3i6+F/xF+2Wt9d2cTmMLbZuNRgnZieGJdpjtIz0PGeRjrXfaL8P/E9g6297DpxFwQ8shurcLGcjAZhJyScDJyRktyDmvlN9J8Si4ijbUNbIJJZ2luid+egDSc/MQTxnnPOc1bXTfEEJUrqeryfPllLXbYIxkfNLwBnGOMkY+U8Vz0sHKhD2dOLunZJPS2iel0mldKys7X82cmMqYbFydSdRc13fV3duX3WuvTTR2vufsr8DPhDqepeEvHSLDaR6xb6fHd2cEN/b7GtI1y5kHmAlmUblH3sYwOlcHdaf4g06PUHubqOD7EoRLYXakKc4GGDhSpwRz1w2OWNfJX7Od/qll8R/DCa9rviSz8O32saZaa6ltc3UYbSjcxG9yvmfMnkhlZTwASehJH6K/8ABVK4+BFlP4Vm/ZfLxaa+jWEPiprW/MsUl0kEe2RlyrR3Ekm8zJzlieoAJ/F+L8JhKvF+VZLi8LjKtXNqVWdPF08PKeGpexkkoVaq0puS+FO930Suz9a4WjiMPwtjcywtejCll1RKWHdWMKlTmjH3oQk7y1au9drvY+RZ/G9zbm4s3u7driR3A2zoBFwQxZgygngZyc5z3zXzJ8R9F1b4gao1xbLPdx2GnyQrKJUMf2g5+V2LfKrkDAIxgehr531TWdbeSUCS7imO4CUyvmVzwTkEenfHcmqcOp+I1tp7eK8v4zJEQwW4dBI7AbWODk7ck8noQTwRX2uS8B4HKsWsVDWXLyr3X7r9zfR2v97svO/zWL4qxWYU3QrRXKrNN8zV7x300bd9tHo7tIs3fw78dNPAU01xJF8i7Z4zGCDjAzIACRnOBk46jIq1ZfDnx1BdxzzaW+Q4ZQs0eCeuS3mHnjjr65wOOOY+JUMKy3+qMxbcWSac8AH5iN4x2OADgdccAWi/iAsjNf6ttUlgHa45wecZyBnoPlz8p5zmvuoYWkoKHJNrZNLS/u9Ek0m35PfTa/zVSr7Sd3LXRWts0131S1+X3H0cuheIz4GutLeAxag16LgK11GUUKeC6hySxAJB7/Kc8jPKeALObTY7wancWVtK14QUluVUoAxJJUl8g7iRjoMZxXlP27U1ZUkuNXNs7gP89wxZwOgOTwOD1468Gr9j4U1XWnuHtdN1F5GwwfEpGwHqyZyrNkcE89ThcCu/B4alhIySTbbb1aSv7qT2a6LXo722OHMKEcxoOEpSeiTcf+3Wt76XSVla7btrv9OxQ6dM6O2uaYRu3H96uV5xg4PT6DBAz0xiy0ejb5Xm8R6Wsa+kyBkI5bA78dhnsR7+Gab8LvFbLD/oXmeYRiMM4cAHI3nII56gjHXIHJbrB8GfFk6EDT03vjcQ5k2RnCgsCcDB+8cg5BGDXqRrxlBybSba+0unLZemqvr0XRWPnYcO0aV+aVTVq6fVNR6dtUm9Ntmb/inWNAGk3sceu2crG3KW4hI3TOeAxweMkbeCRg4GOrfYP7DHxu0H4WeEvFS+ILu+gW61OJlFtESjoyBSWK7sZIyDt5PPevhLXfgn4j0PTZrmeO1lECCR2jlDuFXLAsuQMAEL1+9wMgg19O/sOaB4O8S6j4w8J+Obr7BY6potzDpN9dTCO3t9by/lFXYYV8lAp4xj5TzXh57R+tYT2clbmUXzLXaSbfZdk9bW1fb6jhunDLMbTlDVx6SV0m1bV2SVtVdNdtFv+kTftsfCaG5aP+1NZdY2+6AxAI6gKMnG4Y7Z5zxzUb/tw/CmWX93qeuQAHj5GByQMsBggAZ468jIr8vNY+HNhpms6jb/AGp3ktL29tmkWTzTOLeZ44pQTnMbqqtnABznpUUPgOyEiyyThyQCUdd23cMEnB6jHIYYBGAoNfKUuF4VI/xWm7PV9fcdknbo9tPJn2dbiGuqqtCk+miXLLRNaXTae+jXa3f9Mb39rP4da9FcQWGra1LqFzDLDCssbtGxYbVVu43Fug6Z9mNfm3+0D4Z1VrG/1SQXSx3cy30QdTvVJ2ILcZJQqQOR0xx1FdJoOhaf4duJbxRbyklSgkQ70xtbegIOMHkZ4BHsAff/AIp21p4m+HfhfxFpDfb4NqWOroP3v2OdOAJlCkIjgFgGIyxOMA12YHLf7PrezblUp1Lq9+Z+7Zp+lk+yva+ticXj44/DSbhCM4LRU9LrRbK91br5bPY/Hi6lu1zAIZwqEqzqkuckMQCAvfPP8QxyRyKbCjtpc0Ukd08su5lZ0fIUZwrgghRtxkjB46ZwK+/V8MaXM7I1jaAqAS7WyckAZUDGegPOcbvmG4fefJ4S0tAd2n2Th1GF8lMAd+AB1JIPA5GCBnJ976qocrV5J2uuVtpWjo0mm9WtrPTqtH8m1Gcmm3HTa7v027K13Zp3T7o/NlrK6yGCOoHBxE4HQkEDbyp555HpjAx3XhFGju7ISxNua9tChZWCoPOjPmHjABUYZs5IOcgHFfbU3g/Q2j3nT7EEbgU+zqVx8xIORgDHTAXnja3LNi3PhXSjE7w2NsjbGCbIgCjqCQwIA6BTx2wcnAwNXGPJOKjLaySvFPSO6v2S00bstG2i6dJQqRd7q93fS6vF2XTVdUk7prY/Vfwf8RfD1r4X0CzbVtNWW10fT1uJPtsRYKkKBkIDfw9DkZBJz3A62f4p+Axb+c/iCxfaQNqXamQFQc/LnjngAN29c1+GMs1/pEsiGeVhKwRVM0oUKzY2qC2AFU4HAAznI5I37FNaZ98Tq0cikqHeThiASwO4gnJ5A78YJ6+BTySnOTnLEyTlJ3jyx5op2dk9V5rdp2W7PpJ5zNU4whQg+WKWutl7uzSfezT10dz9hYvjX4BmnRP+EghVpWKIAzBVO8BCzAMAuOc59m9a7CT4g+B41Lz+KLEuCmGiulP3hxztyOOOh5xnuK/F4SeJYiCbhzEow6IoGMnAwfvYHODnrgCusiOpTbPN3BdqsGw55wcbsMATyMZyAfwz0x4fouVni5rqrR32+JN9Xvp+DZzyzury831aGy3X+Gystnur6JeiP1zX4meAUASbxTYylgCq/a1GDnAJB/i+XoDjGR0qCP4o+BriaO3XxNZRSM7FXe7RQxHQbgWJPIBXdwSfavyattOuxL5jN54KNjl8cYyT8wPQ/dPAHAOOK0ItCubp4fLQwMjM5OZDnDZ3E7sgDGcDI/Kqlw5CHK/bzadtFFNte6rXTdtVpre/V3MVn8rWlh4RbVmmlZtcqs7Kys99mrdT9a7/AMdeBkVribxNpyyW6ASLHfqZSEByRg5JK7TjnPGQeg88g+KHgW8vo7a21+O8ur2Vxb5uWVUIOArseCeeTk7cc+tfm/Jo9za3XmPKZvOXGGdxgnqqqW7d/vEjIA5wLjaPc+XGYppYfKIIEZ8vaznOVbhunGckck8jgVT4epR+OpVl7yaVrL7PTVaq9+zfk7c0s/nKX8KKTtrbV6JN7rTR+l7663/TzxLrWmWPh6+Kauj3VsbeUQLexvsYuDhAHOQw68ZwCRnivRtF1qx1KwtXjv7J2NvDIyR30RZXEKM25t4IIPUdjwSowK/JW4tdVMKhLi6ld1jDO8spVsevzlSfqD26HOIrOfWbR/Jivb+GRlYF4rmZcf7KgyEcKvAA/wB7Ga2XD9LSMaso2fNzNb/DZaNK69Ulq/JZLPpQnedOPLtp/wButJ2ve/8A4C7XR+vVxKkbeZDdQYGMZu4m+ZiMYO8sD146kAAZBpC8qL5nnh9xGVilQ5JGSGIkJJAx2yfmGOTX5Tx6nr8KuG1jUnzGDl7yVQxyMkZZhux6klT+Y6nQtf8AFAV0/wCEg1ZE8xCpe9kIzxwAxyBg8HJXAJ6bcp5JUpt8te97WtdK6sr2uluktrLSzB5zCtO3KlaSaTd/eTWuqs1vbR6rfdL9MRiKVHjRneUFmUuuRjBGQOerE9Wz7DGYIrEXRN3JEyiN+FyrsSScYBUY4IyOeeec4H51eJ/HnjOL7NJZ+IdVt3WJUfZOS0yg7Tgj72RzgbfUkYJORZfFL4hRbvN8S6nCgcAbpCTwAFJJIJ4I7ZH8JzkkllFWLtGqpNW3Vkr8ttbX1s3uru3QcsyoO0HBXck1tfp/dv0V29XufVHxS+Flh421OKeTVJtDubVXMdxHCscUyknKuq4L9MMcHPrXzFcfs6a9oOurr+l+MbF0VZMS3FsqklyDtA3fdUk5YYJzk46DjPF/xA8eaq1tK/ijVFuG/cRFJcB1LFTwvDHkc8HkHOarTX/jFbOOO78V6w5keNSjzEKoYKCTkYzkYxlf5k9tPCV4UlGUouz+Jx105bXvJX1301sm1ayOKpiacpJ6pLVct9eXlavdtLRdLaaJ2PoTwx+yt8VPGdjNqVn4t8MSQXEhhmkuJWikYOQwUISdqAEDJAyT82cZrqI/2KP2gLGR7LRPEPg9rW5gEMkTTHlSMhsgbt2SDnPBIxz0xfg/8O/HvjyK7fSvip4l8PNZ+W6w20peOXy4wVdlDBVDEcZwcfMMnk/RWneD/jTolxDPH8btQhuLZQVOpWCzglRhQw3gMCR3wSxHOTmvNxlN05Kk69HmVnNSg9L2bSaT/uuzet2ntY64VPaRU486Ss01O12uXmST1Xo9NH8/l+7/AGGP2kDJcWN3ceF9RMnCCW+mfEWcbELKdqjP8PHIHcZ8+l/Yv/aa0MX1pp+g+F5o5pMeWmpht7KATuQ8qQOVI6fdOQDX6T2/xG+NOgSibUPij4e1gpEZHE+hxRu4UfLGCCdpLHO489ec15RqHxa8eau+oapJrtlFc28+N9rbtFHIJWw+UDAYB6EHPXrzXHSahBL2dFq7UXGnZpafEm7Jt369rrQ6p8sqUf39VtKKd6jejsuXVp6X1s7NW+fx5pf7B/7XXiC1K2HgLSNWCg/alt9R89kjbBAbkk4UEYYcH8Mat1+xn+2P4Qt47K2+FV6LXZtmS1h+04VmJcgBtxByGB5Bzz2J/UT4E/H74j+EJbVdEutEum1hnS+bUkdhsUD94u9sBiAwG0cHlsAHH1Xqn7X/AIp0uFdQmn+Hu2EtFJHcXIhkaSIHkKVIYlhgdjnHGRXi5jmdbDV1QpYOFac1Fq8Xe2ilpa2yveyd7XfQ93K8pw2Kwv1qriMRSUGoylz+8tU31utui2fbb+e7w18Nfjn8NPHH2nxh4X8SaT9qjFu9nNZPCk1tJGY5IomcsgQL/CvOPoRXoz+B4bqdbpvCWvi4spHmsmhupo9kjbi3mKqn5SWIwoIbOfev0B/aL/bMX4j+FLPSZ9C8Mtfwait1LqumGIXkUUR2CCOYKHCOTkjp8uQK+YdM+Ms6AibSfNmmlWK12OgMuV+VCu35uAOT1GR7jmWFq41Ks8K6ctLxvay0fmtdHbe+7vs3j6OCqSw9DGzlTbVpXbb2vvo7dm7XWmu3mGl+HtbW3ntToniW3ga8W+/dXju3nI4YBmZcqgAJ475AH3cdjaWfiCxm1KXT9K8SNFqcUX25ZLyRmLIVIKlkBUEop9gCCOa+gdB8eySQxrqHh9LL7QATJK0YVzzu3ZBzzj6/Ngc5r0ODxP4fht0kgh0/5kzMGdNy8dW6/h3xn2B462XQTvKlK8ormSvfTlsk300S00fVndQzrFqK5Ma0ktpeWl4q6und9ra9LW+OtY1fxWEVZ9H8SK/2i3nIW4cwSNbkGIshXHmEg7mY465wATXLeKPihrdv9qv5NF1xbveJbzLApM0UXloZUwAFjVctk55Azkba+9J9X8MSwvdy/wBjugRpHhaVcluhGcdMY6YCkZPz4NeYa9c/C64iN5q02k6baFHF08hRo3UBgQ4Zu2SxAU88egOtPB0uSEVgnKcpRtzJPltZK2qvd7dttdGOedZjKDvmc4pN3UanK1Fct729WtHfV82l2fNegfHPWND+E0Os38c6wW02pxQ3tzsaS2ilyyW0UMhxIXYHHy5IGCSowfi74nftWfE74mQN4b1O+aDw1iOGPTrdEjaaKFiITcSLg4Y5ZgvHbBwK9O+PsWkfEK+0vw38LfElu2g2byPd262zW1i8zMSdoyVdV4+YjBzyMk182H4P65o80wn1bTLidy3lbJFkIyQfvYO3bt4BwQBn2Hfl/D9LB1KmJrUIqdSfNG8V7sW00ktldLW+qva3U8nN+J83xlCng4Y+s6EKKpz5ZuPtLRSak7rmTStq9fNCWaJDBb3dzBFgjOwE7iAMq5wM567TtzjODzX0B+zX8U7zwN4v8X6NEY203xn4P1fTntp38uGCdrZzavGjEjzS5+VhgjjPUA+Evo2uWVtbWy2iX0zyGFZ2cMpLYUKoKkHqx4wAM5GTitzRPDHjDRfE+halceHpLtRqlkZzB8zxWCurzkop+YCPjDcEdufl9jGYKhjaMqFak5U2otLlT1vFrVJp3auk01teS3PnsrxmMy7EU8Vhqrp1ou/Mr7TXLKMmlaSkt1aWqu3c9J8A/EQ/DW+SbxHrax6feeLdO1S82zPNcxwadfCTYsZYhcYGAdoCgZ4zn9Urv42+Cfjf4P1ux8PePPDEet6n4p0PW9Mn1TV1sLy206xEUc5kt5fl3KIzgk5A6nIJPyrr3hL9lT4h3UWmeI/D3iTQmsLMXE2saXaGCe6umjDSQzRhiG2yF8PkF1PIGa+W/HvwH+G+m3MUvws1zxHqFpeJJH5ep2MtlLZujAhRIk2ZEYfLnAyQWGRhq+WzPhSeaOl7JV8P7F2ppU48rd4Npqy5ldaNO103a9k/v8h44xOQU60JrDYujXadWLqtTUW7yjGSbS+J/ZunZ6o+/wD4tfshfE/4keOtO8feHvEng9vBwk0x21ibxNYzXEUoaOO4uPLM6uUypZPl4XGetfqn8N/g54L8A/AT4neHk8baRqPiP4peDb7TNRu4tSsvstrLa2TpGI1NxmdZiuVyoJckKc8n+W//AIQX4mWAj0zS9U8SRW7KkcsUet3wtgpI+ZIvOKKgJ+6AMAcHpXWr4R+MenwW8Q1TxNdxW5AVYtZvGhGQGCnbIBgjgjoe46mvAxvAPEOIp4fDrGyp4eg6bcI4R801CcJL3lN/ypWWl7Nt3Po8H4m8PYatisX/AGRUWIxUZKc3jVOF5RUZcicNFv52Vtkfu74i8O+A4/2Bp/hdd+MtPbxnpuj3M0D/ANp28TMtpePi2EXmM5uJFUbFydoJOOBX4L+J/DvjDyNFlTw5capa2cRhXDLdSJH5mFklkTnB25Gc8HA46blr4W+JVxB5t/p2pNJJOSRNfXBD9yiL5gGD97BHQnjjIuW2l/EzTJLu2tRqNrFcRcKLljFAF5C5kLEMGBBA/AKCcfR8P8HY3Jo4pSWIrvFVXWb9i04ybi7RXVKV7O6et+h8txJxxguIpYSSpQw6w1GOHg41IybpxknHmbve2n4X7EPw+8S+LNCm1LStGZdDMkJkBmjWNYp428x9shJIYsDgfxDhxzXWRePPHR1e3fX9Wk1S4hmW6SSylRdjRRloydnBxsG8DDDk4Oa6j4eeGNMewkl+I22xvHSRrSe9mKRfvZBmaeRRjD8Y3EcEAqPlNdXBqXwgsfEFq6toc2mWReK+WK4EjTyrGyeajfeZQTu4655A5rkzOhiY16kZYSpFpxTbp2V7xstddLpde91oz1cmxeDlg6beKpxjdSi3NXiny3TSu20rrV9/RfN/7QfiPXvFfhPwpf62XQXuqSG2eSQZKxtgkoBkc4+Yn5sZ5JNeLQ674pHhu808I76Tb20sbTuAEeIMCyRjYSXOQVbPAyeAc171+05qPhnX9D8HQeFbi1cQX90Da2LiZIYTLmKSUKVVJGBA28ZGPm5rwuyGvW2natp0svmRzWaRQxvECqylQoCE87zuB+p7EjHdhKUo4WDqRafMtGtd1ZNNXTd7xtpqr6XPmM3qqpmVX2NdVIypwjzRcWp6Jq9vNWdnp1atr5tp2lX/AIhvotLtIRJe3Yj+yW4Yl5FRdzEhTn5Rlj29vT2RPA3xK0zTUv8ATYLsXGRbwJpBle4aGJWV1KROH2tjDZBwM9MCk8FeG7jQ7vSPEKyyWeo6YJkvZnjOY0eNjHgtwPl3ZyCBnk5IFfU3wo+LcPgzSnuZdFGrX0moTT6dqZxvfcHDx7XVkCsWBYsMDB5znPJmmMqUqd8PS9qk0uV68yXK43vdLlbktdFa7drX9DhzK8DUqSeNxFTDyk7qdK/Ny2i1orbNtJa7Weljxj4S+I/E3h658Q21zpd0H1TQtQstQglEqNFkfvJpmkGXlJycKTtIIyD18Qdfh8tzLFc6rctGrTXM0U0xidZWdy4gjI/eMjBgM8k4A54r7i8P65Y/Evx9ZyXsC2F7PZa1LNplmyR+eRDIymVVVQ2cAlSAfp0r8t/GNytr4n14tbK0qapqEMYI3MkUdwyopC4CkD5T69yDzWmQ1JYiVSdan7P3IKUU0rO2ztdJPR2tqtuqNeLKdPC0MJGhW+s0YSn7OrUtd3tJ3WrV/tRd+2j1P0H/AGP9d0a1+Il7FoBvLyxOj3SefcgRJFNIhXLyPgDGBtLblJPGa+u9Rs/E1vo1xrtpq6GaLVZ1MUawtcx2plDMrAuWeNQCSQDgccDAX5M/4J+2GlXr+Mp/EttCbQaeksOwFZnCIzSRxsACqoFw/wA69e4NfoB4b8Vfs5+IxFoTXenaZrJuLu3+z3d20ZBVsNJKN+3LgHg9cZORXz2fShUzCvRp0JVHOFN8yV7NaKzaltdJXequtLWf6BwPXwtHJMNUxWKp4eUpSlCE5xg76JW5r62taz0Vu55T8bfEUOv/AAe1O4/tC4ZYvsaa1G0aRWaW6jBVnUn5mIIOVOeeT0H5W6lqvg2w1uOey1a3s7Exqgitwt0rNtwY2faCpByG4xgjpiv1N/al1DwZB8E/E1j4Jt7CSC2Nta39xaSpJAzK55Lb9xlkHCjDAcDIIOfxN1ZSbezubO0tLFRMoldlEpZwMM7qd2FPGc5JyB15r2uFqDjhqrT5H7X4G2rNciajpZLS8rtK+q0sj57jvG0pY/Duny4hfV6bc4y5u2iduj1kr7ryPQb3VvC0lpdEyzXqC6WUw21tsRm8wPvXAGGyevcc4ySAan4r8KTXcL3umXZg+xKv+lDyh8i4BCKMbwcEcenpmvNtOs9SudOur65muYrJrtVW8toAIGXJL7XPU8dFx/EOtWpLDSNWmhGn6hqWpT24YPA6lFZUUYBycsoY8jrjOMivo5KPK+Z25Jcz96Lk7NLpJ3tfon5/3fg5Vudr3IxvJXU+W9k4prVt2fZPps9LfTfwS8bxeGNb0Lxj4YKWcc8k2gwxC42yE3QaOSd0BBKhW+8RyM4xxj9bf2I/EVhL+0f8LNOfT9Pur43es3V5qsRikufPkUuYpHUbnYFuMn5cdcHA+CPGXwi8AfDv9kz4N+MbSLTJfHmueINRvdYmsdRSa8SMwqYbCSwjbfbCAYcucEuQMdju/wDBNPW5h+2X8K/Mvp3F3f6jvtppH+UyR4wykkHAGT0xkAYxmvlc4UcZgcbVhzQ5aVSnJ2t/DVm1ZfDJp69FdW7/AE+Q4+lh8fgMNKMKntKlK2zUZScVJpebvbXpe+rZ+g//AAVL0s6l+0Dbzm0+0OnhaKTKM0Y2JcthmKMpO4Y3ZxnPHAr9Uvh00Wl/sn+AZBG9lZf8Ko1Frl7aMtLFFHbSPM0JG4q45bPDH72QeB+Yn/BT7ULn/hfoFvhHXwZuKsQoZVunBwudx4U8jkgcdSB+oHw8F5/wyx8N3O0xXXwX8SyGNyuwsNMmOCDwDySuSOTjnOT+eZ3RjPJMmhKS96rCLcNGl7qb307t7ddXZr9LyDETWf53ZStGlKcH9m8UrJ3lff03XY/NrQ/ir8BfHOgXHhfRPivr+meJdReTTLOC9u7qEyamsnliKOLcUk+YbQBtz9BX1vcaXceH9J8Xabd3cl3dWWi+HYXu5iWed0soFMrlmz91d3PcDJzX4H/DYRQ/F7wPCyWjK/j+KViY0V183VCpXcOS2c/KTyRxiv6FPivdK0fxBBiSN1tdEhV0O3BSzhCsduPlK9RnjBOT29Wnk2HyzF4H2E5VPa07yjN6p2S30S3uk02u55uIz3E5ngcb7aCg8PLkSatzWtbV282r317qx/PT+0v8SfB3hj4ueIP7di1A6hF5JeeGINEECgAqSCBkcnA4b7pAxXilr+0J8LmuIVtxrPnySRQJiA4MjsFDLwCOTyB29jgt/brSJfi5qMRZSh061kleIDc7HH3hgkjJAOSM84AAIr4Y8MxR3HivRbcyOIpdTs4yhXublVC8jOBwy4PHzAniv1zB4KjPA05zilPkTs3d3XK1dXVnouu+rXb8LxmY4qGYVYRpvldTe/Zxtp52u2r2TT6O37Q+Kdd03SvhvbeItda6l0O3e1naJMvMUmjBRSvOeoJwMds5avJIvi78JbGwn1E+HdUuNOd0aW7FrIUidwSUYkBcjtnGBxy2Meq/FXR3PwbTToFiwf7LjLyHK42xhcg9MZ56cHivL/FOi2Wk/BrUNPntrKJilk7fZ0QefmNSzSMo3bucZB+nI54IYeNVXd1yyUXaTstY7+VtU9rHdiMwnQnFKMZpxTtUWt3ZtbN3/wCCrmTofxa+D3jLxFp3h7RtHvYr++uAlrI8DJGsjZALkkkAEYyQST1ODXv/AMTbrRfBvhKz1TxEbt9M06aNLlrVWLoMBVAUnB424HGM4x6fB/wntbO38feGLhLWGOVdQj2SbVDbXO0MOT90EAkcevevuH9pBZrr4WaxaEqwkkjdsjpHJgqQcDIyBjGcccrnjlzCjGGJw1JXalKKum9LOF3fbXTpp8kz18rxs6uAxdb2aUqSbtFaaRTt0VpPTfdNHikfxd+AWrCSE6pqNnOwB8uVGjyWOQWwOR9OQDkYFamnX3wj1mW2tNA1Wa91eSQG2ij+aYOw3JvG3ODg4JICnA5BCn4HvNIWxjt7sRWgbyirg7GeVlK7txOeWIxtI/PpX0F8E7XzfG2g3y20NsXh5KAN8yhdpYADpn5eoz6Dmu7EZdGhSlXjdzjC7eu0u+mlttr3PNwmeTxGIp0KmHjFSko6JrqrNN3u+mluu2y+iLDwLq9xcXVvfSWiS3DyGza/uETbFHkMAWKjOCowOVH+8QdE/CTXZoFe0j0iaNhhiLuAHqcNkPuUHkhRxyCPVuO/aSuLmXTtDez822kivJTK1tO8LyITgbthDbScAgdcjGMGvkbS7/xx9uu4k1fXYLCOR/nTUJ0RQVYqpYnPU/dI9RnsMMvy/E4qkqylFRu91Z6WSbab6el2r62R1Zhm1HBYn6vLD8ySXvXd9beevzW219z7M1L4c6zoNvNfu2mgRyRB44543mdw6khY0kLNyOgGRkA5ySfsvRJ7ifwtBO4njD6JF5S4xkpFtOEIxgngjkfQ1+Tvwu/t+68S2F7resaxdxrrUQitLq5meOZC5Ubgz4bpkBh3xgc1+vaMq+HtNhYIvk2UismNuB5JbAGBlR8vQe/QDM4jDVsNOnCbVTmSdkrNXsmt3d2k3ovVLr15ZmEMXSq1oUuR04pNK7u/s621bT6PdLrofDur/Ff4MeHtb1LT9bvrpNTtblk1ACzWVFuQSSSdpDdjtLcZ47CuY1H48fAyfctvqT/OSpVdJXeN3yjHynB4GG55OCeAD8q/FO1f/hPdYkLW6wT6veGY3Crl2R9yjc3JGDxggkgHuDXmt5PpT3CRRC2iljuAJPLgTAQNHgZ6EDk+xJ681qsBRa5nKyceZLms07RdtN09FZ/Jd/Gnn+KjW5VRi1GdrSTcnqtb7ba6LdPW7P2ldrS6+B19/Z7D+z7/AMM3c9rvj2MYpojsLKMc7SG29B0/3fy30y2Gh6FfLK8ksDiSZvKG5Ubzn27+CAT05JIHTAxX6b6JcP8A8KAhlQRui+D5m+8oAQW6AFSDyMLnj9c5r84oPJuPBfiLyZfNLQySOQokVMvIRHkYKkZ3cHBP8Py5rs4dUlLEwS0V+12rR0v1Ur3dttOjMOMqjlRwdR2cnTi9E1a6jpZNXv6aa9DkV1bSZvMmnuEhuIPLLRrKGdkODuUBSMkDB/iJxnjrzd34m0qO4eG3M7SGUMhZWYISTkkFW5x3PUHqSa8tu761tBbvbNm/LYfOSuV+6SvcEADkAdMZByPtT9j74AaL+0LF48TxF4qh0B9CtRc2qwQRveXV0FYwiEsyjyA6/vATgKTjNfTYipSwtJVJqTilGU2k5WUnFJuzjb4lZbtpPWyPicJh62Jq8kUryu7XurWVr3cdUraJ369dfla78UrZSXUIMzSSkMuQVyh++emVzng5HPrxWbqusQzaZHIrSRoA7RlyTvAXkc5OAxJyeGJPU9JfG+k6poOv6zZm0uZDY6re6Yl1Jasy3EVtPJAkx2BhEj7MhmGw+pxkcFrF3ff2YbYDEgR96lAvloNx+XB+XLcZJ6YzyDVUcRQqK8VzOykrXdl7r1s7t3ld6ta69EtZ4SdKUVUjK6m1qnZ2tre6ulfVp9F0TKlxq3mrFKzFhJlAFBIxjK5HUjpgkgdQDkk1qWlw8kqRGZxgHa+CQGAyAuCePmViFzg8A9x5kst8kseSQq7eHKlWJJyBkHG0A89DkH6dJbXl8oVoZGkYna2VBKF2P3epG3BO7g5OADwa2jJTja1rtK3la17X7a631s9tidOnaLSs1JNqK35kld+9e2t3a6WrV7tHqdprV7bWr2kc0rQC4Ryruy25kOMuEPAkDDjHX17U28vWklKvKN5fcSO+cnbxx3wBnPToGGfPtY1bUorIrFKoRXj3sihXD4HIHTPHJ+UdfmrJuvEWopDYyFVBkYGRVG4vjhtxI+YY6nHPHBOawjTpwnKck01q3732mknp0Vlrf00uVOMq1JQdtEkutvh289Et22r2tY9QV9zF8uGZGXngDBOCQB3z37Z3ZAxXP3zeb8kZI4yzNngshLMMkZJ6jry2c5ANQjX7OO0innaQTsCrRAD5WYYUFQQcZJA6kKM45rHt9ajuppBLGYkWP5GLMAxOCNylcgrgYbHX0OcdqqQaVpJxs1q+6u7au17X0t+pwxwiWsd46L3tW383a+/w9Etlp6T8OJ47bUr3zSw3WzKo3ZG44UEn5hjLHGeoJHqa950W4jjecBiRjY3IxtCgE8YGB3YE84PGePlnSNTW2ut9uUbzVVGckLjaQSAM4BGCMZHHQc4r3vwtqEdwg2sWDBQVOSAcZJJYZ+91JzyOm4cXGm2k9NE1zb32lqrpPTVWez0tYmq5Kza5rK3NrdWSav8AK3XRX9FP8Ttkvg/UCRmNDHt+XB+pIzkZ9+3Q9vk9CC0cahMqmS+TwCv3SzdQOhyO/wBK+tPH0K3HhDUlcZKRxsNoICnoMnoc9h1Bz1xx8w2FmkrOJMLGww7MOdwwOCSME4GWwOOMZGTjNXfwq/KrPdaOLu0r6tXsle+vR8xrh5U3FJpxd0m3tduCvqtErRte7ulbY3bDwP4lmtLa9h0K8lsb5l8i6WBmiO4gF9w5C5JG73PY8dHqOhahoUaWd9C1tIsnKtjcxwCxB7YznHTocdj7Ppvxu/suDw/4ZsjbwaQul22nXnmokzq8e0kxHH7tnI65wM8k8VQ+KHiHwz4st7A6RbS2l3b3c/8AaErk7Z2YKEMYIBAO3t2bgcg15mExWJdadKeG9nTblZ8zbVpRUW9LK61t69j1sZg8AsLCpTxHNXag3T0Vm7XSldXST212PYv2KCV+JV5IpLSL4d1PavYgQOWPXJOfu52npjOK9d8LtL/Y/wAbEKoFns7h+DnGJJSep6g4PHODwMlseUfsZWz2nxGuZ5Q0aHw5qqAbiXZVg+QouSxJwDnOVxjgAV6P4dltk074u7HmaSWxuSEG4lT5sgG7J24A+8COecY4r068qTo06jTk/fWjat8PLdbJO9mt/JWu88shKHtFFvS7afmvhs9rpNPddb9/zW1KwlaSaUR5cyyAEAMSqu2M4OVOBjHOc8isma3WMYwEOzOR22nBwBjjjvuzySQcmu2ut0V1NvWQ5Mj/AC9CSxJAwBgnjp8uQe3J5u5JeUFogIwMAkgHOD8zDO4jGDnLc9euD5Xffd72fbW/nr56banPKU41bXXLzNPra0ulnZadl7r0vqYk01xaKZoL25idAssbo7qyv1BUhlIGevJ6fdxnPWeHfjX8T/C08Muk+L9S2oMrb3LtPCD0AKyblxhQCD647c8pfBfKkRRliqkFmHABJzxyVz1zjng8isSOJpZY/l4C/d3cBgWGei5A4x6k89Oc5U6dS/PFS23SdnZXsmmretm9z0MPiakF7lScWtUlporL100+9X2sfbPg/wDat8cTW8g8Z+DfDHjGzk/1j3FjDBcNGDjiUKDuIzyTnjBHr7FpPxK/ZJ8Zgp41+HWreELqWHL3WjyMYVfcAWQAAYBYn5RnbxzkV8jeA9IhvfD98xCF4wSiM2GOARuXruBJAweAMcg4ItNp0WxI0VC8yEBFXeN3KkAY4PGT1Bx19fMrZZSkm6c50G2taU3HlvbtdO7dl7r01O2hnteEnGtCliIxfLy1qSkre69+rezbfbRPV/aF/wDs+fsp+PY3uvA/xvTw/cSwCNLPXcDa78BWZwo4ztJB7HBBIzyepf8ABPTxTf273HgXx/4N8XJszHHHqVpDKy4ycKJSx4IAABycgelfJOp6HGNHv5mwksMSsFRDG5IJ7ptbocdf5iuF8PeIfE+mXsb6H4g1vS3H3Ws9Qu4ijAZBA83BwMYyBjqeevF9RzOi0sPmF07NQrQjK+3Vcslor6q67HsUs1yevG+KymKe3PhqkqT5nZv3JKUeuyVtPQ+mPFP7EX7Qfhu2Mr+A73UbRI932jSx9pRiCSWRo95ZcDcNueB3r521j4TePtBRxq3g7xJYmNipE2m3RCsD8x+WIgDdnvg/xZ7/AFX4d/aL/aQ8JWtqmkfE3Xbm2hgVltdTl+1wEkjgrIrnaBnqCQOGznj0HTP+CkHxs0mQWfizwx4J8X2sB2v9s0i1jmkQDb88hQkkn5gcHqRxwa1VXPaCfNhsLikraxqTpTlovstNNt3WjXYKdDhnE35cRjMLKWyqQjVivgum4yjo+umrfR7fnFdaZqNiq/a7a9gO0/LJaTqVG4D5gyEqDnBH0PQ7g3TJ5kRgg/dtdKWL/LztOAcsCVBwB1JODgbRj9Rl/b0+DniLe3xE/Zz0KWaZNrTWCQBQpIBZAqKMZII5B7nkmrcHxR/4J/8AjMwR6t4F1fwe84LvLa2pWOKQjAO9eCgzjO04PzYBxTed4mn/ALxlOLjpaXsuSqlFWWm2mtnfe93d6vSPD+XVZWw2c4N6ppVlOm38OrUrpPdbvY+MLGTytGjcRnzns2YbDnPykc4/h7Yxn0wCMfO2uXZjvBKzEjfIwUE4B3MSOP4uMcHPJ+p/afT/AIKfsf8AjvTBL4S+LUWhZgZIYNRuSpCuMImxumMkN8xI7kV5R4j/AOCcuma2xl8E/FnwzrBm3PHA91bjdliyjmUYbJACkcg9iBUrijL5NwqU8Rh2nvWozitbdUmt+rXkxS4LzB2eFrYTFp6pUcTSlfROyi2n07L79/yii1MTTnzCAqxrgEgFTjHQ8nGMnIwOOnQ1pL63Zl34OCwVw2SAW9Bng+hxgbfTB+3fGn/BPL9oPw/cy/2VoVlr9qsSYn0q4Sd3U9G2RscZHTkgnBBAJNeBav8Asr/HfQZhHqXw58QRkOx3izmdAvrlVJI284OfXIwDXZQzjLqq9zGUH1d5qN7pbqVvm+u3Znm1+H82oT5auBxGqa92nKUXytXs4ppvRNq+rd1ocb4Q1axtNTd55JGLW1zHAIxhhM8UgTg9FOTlscZJzgAVyNvLLJaXTSgYSWQDJIKne/Ayc5O4E4HJ5PAzXfad8H/iPZ6xFFe+FNdtRulLTJYznZhGyGbywoGcjIz0IAPIrmNQ8O+IdNgvIr3T72NDeSjY9vMrjDEguvljAbByQDzjua6frNGb5lOnJPZxnFrS2j1dnbRWXkr7rmnhMRTg4yw9WK/vQklq1o9Oj15Wn6I9D8DGO60C6Ee1WW4ZUQnPzE5UAcjJ5Hoc81FePLHdOt0N00LbtrA4ZQD0HqcgYYkAfTIf4EsLuDQpr027xok7SIGUpIPL+8CpUAqw45AGMAA9Kl8QahBqE0EoSSCfBWWXgIx+X5RkAkjBAxkNyBjAzwyqXqu/LJOS2dtLJb26afF9zTusoxtHWDVtLWa6XdtN11vp3OB1aQTeK9BAB+YKCuc+XlxkjnOfmAOSACPUBq+ztItQNIt3ZiEEAK8EkYUck9cNzgYAJHYHNfGk6JL4s0WVN7Kvl7s/MdwOGOMdOnPuOT8pP2zpRQaXbr5uEMADIGGY/lGMjPAP8/ciupzUowS15XaSVm7NRtre1/Ppt0ueDmkJOWztZNW305b66p32+9WurN+kxs9ySACFOEznJLAYbG3HUdyevHXjnfjHFL/widyzKqsskG89SCXx/dxtAJyDznkdTnp9EkEl3OiEqFk4JbaW5zgD1PB689++cb4xky+Db7eDtEsGWxkn5l3DGSdxwQc8npn5sMotqUWlZJrXa2ifez0aemmvVaHmU6bjXpW6tNu2z0uvP122XQ+VvhzCv9qXLHcoju0YKoJPIAJGcA5OecEjjrk192eH0U6dAwLDcASgUkgYwQSRzzjJIAz25xXw58P08vVrkqjFTKpxluQVVjyTnBIyccYHrivt3w5dxR2dvE+0LtUN1DEdDgZIxzjn3wMHjXEOUoprys+q26+Vl2tZWRtmCk63K3r7trO/VLTqrO7btqlstGdvakl/uqoG3JJyTkk8cDPTjoByD2NfL/7UESGHw4A3LTuMHgAbT0H8vrgZxx9TRNavtdGQru3MBwRt4PYZ5AHbBIOG618qftLzxyDw7sYkGSXqTlQQemM5AHbI6YI4JHHhm1VXNfV2V49Vbay+XW7u1danLhYf7RCzSsk3rfR8ul9b62d3bye58l30ax3R5LgIoVSMDJj5IIwDjpjj68jGzo1u8SPOpBLRNhVbaUA9QDwRxkcZ6DNVLs27XBQ7Zt0UZXDHO4oT93Oc8kMOuBg8YB29DsreV0jnneCKZliafkJGrNhmIJH3cnqRjqTg8ezz2i0466a+Wi96+6adrp+vS301OF+XVbJXbs00o73WtvmleT0MqKS5a4cCSWPbxhJCN3fGCf4sDvyO3Few/BTM/j7SwpdmMN3kORkNtZVIOWJ9CcnrxwNx2IPhr4Xa0e8h8W6bdERkzQCQRTrhSQw5OWBHCgZwFJ4OBo/CnSrHS/iNpKWt3Hdxva3jBkYEjCOduQOSMDnHQEgHmuGtN+xlZJWWumt3ZJq2ne61tp5msqc6fM7LWMtmt7RsnbS+17PR9j1jX7eSHU5y6jeXBJI+Vsrk9vvFieQOTznpXuvw9jJ0CHLhNxYhdoHckcjrnduGM4H4Y8k8aeZFfxAkHcqSo2AWKAD7wPUdjk9h83OT6x4JuXl0CAoqrtdjuHp0HXswXk5IPT3rysbPmwtNu+iSV7aOyer6tX2Tt1ueLSjONee2/V2utHt1td6Pey+foKM7OY2dvlT+LOC4HAxgDOMYxyORjoK+avjNwJknO4m3AUgD5S7jGVBzjkcHvxzX0bDcNIuWCgAM2SRuYgfKBwwHrjrknng18z/GuRAjElhtSISknoDKAN34A5JIz1IbJI83ByTrR5buzV07pJKzun0tfTq3fW1r+hhpuEk21ovk9uq97msld6ppX3OC8G+TNeSQsx2wJaoFKlgdoXIByQMjBGBn0r7p8Fa/FZ6YluXKJGgKJnAJIzgg9V+8MnAwAvBIr4U8CqjXdy2T80/cYBACkLuOAMdAOd3avqfSTMthEuCpJyxAyxxx1wOAOwwCpHbkLOKfPTSlprdq+rV/O267a9bI9vLq04YiTi2/d0WytfSz/Xy76nuU3iawukWXEYnDfwnHyAYHQdssT0J544yOO1LWrcSyXNvPsbhAisdxPHOeeDnleBkjAC8Vzaws0cksaCJCpVDICcnHzYIHU4/LAJOOeZbakZ8/JbzCEIJJzkkAckjn+HocY4HB+Y9hFa37u+urXKr38766We+zTPoniJtJPXSLTe7atd3Wid7J3a0bXQ9V0nxzcaHJLfieNoksrkspUNGpEUh+ZTjuOeMdevFflz4k8cReOPH+q6o5Ek0ck1s8mMKyxSuFAX7oVVAB5BbkccV90X0Ui6Fqzs0oP2G7ZCRyQI24zyPpuxyeeev5eeDd7+J9dXkYu7o4K/NkzPkjHc5wcng8EYya+44GhCGNqytdvlSb2SvFtW6ptJ7XR81xViZzyyUW04xXNy76+49731+W7PboYYJIiWWIksF5zkA8lScDJbgAA9uh5U5DaXB5hfomWXH3SpPXI4YAcZOT17iuisoJGh4Rt5f5SATjPU8Z6jofcgjk4X7LMrEsvylmJHKjdxj/AICB0I6ZwAM1+tqKlbRX7NbfC7q2unxX6uKbtq1+NQxEkpWTaTurxdm3a+1uu/S1n2OHu9MhdJTENhVSdxALN1wA2eRlsFePrgYqhb6Uq4lDqXBAIKhsDAJ4B69Rwc5HTGRXczWsoSZQhy0ZwTjOASM4wMgZ6kEYPXHXJigkVcYYNIpydoznoGznue/Tk/SpcEtrW36+TvurPX19L69NKrKdPVPmbV91bRP7OjS3bst0tLq3C6rbbIp0j2EGOUk7cDcQcjr/ABcdMH1wRivCdJjZ724IQZ+0yYAwSx3sCemOAM8H5uvYEfSuqW8gtbgCP5vLl5Y8EbWyR3XA3fQfN0yK+ddGBN/OSzbRcSA4HByxwMHoeTzxknHrjysTTftqKaUb3u1zbWhez30tb4rN9eh9HlNVRwuIfNJyTT1ukm1G1r32v1bdkeh6VbNKw3qAB0cpnJAwBgDIUFSMdecg7ea6CPSN4ckAKrDKbRu5Oc+uOrEDAwBnoop+gwxPIigMxYBvmUs29SrcY75wMZPOM5zz3MlmuGWNnRig3EgL8o4JwOnXGBgEHHPUejRw6aWi5nZ3k027JbbbPW1/TZs8eviZuU3zNJSfVdOVpJW1eifq7NWTODTR13BQ4Uk8lhjCE8YGCSdpPbnBx2xO+kweZGNhOBgbVU5I7ntyeTx6cEgk77QS7kIBYKCOg3FgcA5GGIIxwQQCCQOoFuO0kaTc4YvhduMgLk7RnnkjPcZBxxxW31dX5VBbJ7aX91Oza6aXS07q+hyxx1otc0otLSzd9Et27Xvbom9PKxxzaNEVfzFHJ2gAbSBnBycdAQSowPxyaqjS424VNyrhQrICTx1BOSAeNo59+Qa7WeFgShViAWIHRiQeR2OcjI+Ydx6imxWrCRWYFVIJJABztGMHIb+7jOTnJAPJrJ4e10opXasrbfDfZ6O6e/f1NKWKc7Tu+iT2T20+TTbutr9Xc4o6LE+Ek8wAqwUHOFO4nBwcjaRggk4z9DVWXS4IVA2sp2twMgMR0yQCBkcgEY/hOcZrv57ZX2FG2jnIPUZx1yOB79cjGAaz7m1X5YwA3DA5UHAGTnPYEgN167gT8opOhaCVo3T1Vno1y9rPR20bTfVdH0PEXalzayWlp3u/d3Suuv4X01PGtXiEeu6TEEAV1HyscHaTgsAO3sO4OcGvXJLJHsoC45O3DBQFxxjHOefu46Ej0wD5h4oheLxNpIJHCou4fMMbgQT6EZHTjcAQO9e4i3LafbPLtJ+VAMYXJwCQR6kkY4yMk+2GAoxqTxcUlLlnFXdtGuW102mr3023jdaGmdYqVCllzi5Lnp9NEo+69dUr6/N27WVKz0m1ukAZhGNwUhuQxII6/MB6fXnoBV/+xLZJFG7Chjyqna3XB6HG7jA6Anrzmt2CyKxZEezCoFYjqTgszKoyvUEAkAfN1q5Hp8wdSobLndnbwQO+3+IAHA68j2wPXWGguX3bXtotHbTSzWjvZWT89GeCszxEVGUZS0bbtfa8bbrd2aat08zl7uzhjgnKEBkxhWP8IxkD+6TjgenX1HP7vOMRiPyqx3YKZ3nPAyVOBg/NjOQMZIr0e90krbzgpvLocluMj0GSTu6k4G7qc52ivN/saR3PloWOyRlJxkD5jsA+YgBh3zzztNctTCwU01ZX0sk9dYrRPRX+/wC878PmtaacZT5XFppP3bap7vpvok9PNXFvQjW6eZkxkHOOobnr68nJAAGOg6E8/wCSDtZWABYszAgNjcBgc8nBbAz3wcdukvkmMKCNMIsjjdkcH25zgYPPXH51gxRujMzAgkrjPygkE/d/2styM84zjrnCdBppSeul9NfsrVvrdu3psbU8c5wm3LVaW0Vn7r3Te/Tyej3KF9CJI7hUDDchbGMkDtnGCWJxjoc8gDjHjurK8epwEgfMoAXlsEFhkZySMHnGc569M+4SqWEwAVhsznOckrgYI7c4HO0EfN7+N62jf2rbDC5I2gAZwuSF4Gectx2PTjpXn5hCEYwS3bjez5m/eXZtapvbTe2117eTV+d1Fu+S2901fp53ettLrtv0mmlhGu0nkbQy8DBHXGMkZOQAep9cZ3GSbfggnkZJUEDAXkYBAxwAMccHqOMnSkYRRqV3yAr6jJBUgH09jz+ldCSVBR0bcCCR1YDOMdOCB97GcdOKumrw2TvonZWTstm00r206vexjXxHJWcZPTV217R8ne/XTpqtUNSOQIRg5RlUEnCkMCAvTnHJ6HPrxWxZWiuyeZwVR3y3KsVHAOOmMYA4wSCcKOcTcd4VRIImbhuW+bHqD/e6scg4PSu10yLfDuQF2ETDjJ2hiBu4OM4JyTyQvrgHrpw57JqKd1d2T1ulytJpbJetrPz8fG4mKbabd2rJ211Tv0t03b7+tKFhiQKCR8wXPyqM9DkjJIweMDAGO2Dp2DtG3CA5TEg+Unk8ckZzk4GTzwp4JBkSzdIxtQ5YgA5PzZbnPTd3wfXGBzmrMVnItwp5AYAYAIB2nleOSSDxx09T17aVKyV472Wz7LXW9101s7JbI8GpibtqN7W0vq73VvnZpd1fdrVzTJJJKh2qVBRVUjleF2scdCM4Pc8MKnnRmgYsoChTtGQF3AFiRt9s5GTgjnb3QhxcFSpUYGADztxgDaRjOcYOeoIqS6Mi2bjbt6hw5IY55B4wc7T8pGM4IABNdPJaDbXR62TvZLbRbP8Az30ORzlzxk3L3mr2bd72e2mmurvbyueTeJkH2K7f5f8AVyD5eo65Iz0yfwz0OK5/wFqbWkJRB5gw5wD84ORjO44HTj36cAY6TxNG6QX2QCgt2PBxyAzE9Oo64HXPRq4HwmjbQwKp8xBKg5yTgZUHP90lSSON2cDdXzlV0/r9OMlo4uLjZJPWFn2eu17a2v5feYNKWUVXazTi+t7qKae9k9X073voe+WevMyAvCGwCSGOSpAADN7ZwAckAcddwq6PFbxxhGtwNpVizOu7AOCyY4znngDPJxjBHKW9vOI8BmOSueAu/IwMjjkYyeuO3zYqSW18xiAcDHK7ASp6dc+ueOfY9BXqPDU1rG2+qspXWlnovJtNX66Hzsa0PaSpy1tdPpZe5HVu60sm2nZWemp6nZa9LqNpI8MKyRiHbubl1284555Pc4HPtzjNrX2NlMsRUEMnljO0EdwCuTknGBk9c8nA5LQtRnsJnijkcKEJkQ/dPJPC85JHBOM5GM+vZ3eoafqNvHC1vHuEeQ2cPu4/iA4XOeM5zjkDg4Sw8Jty5XtfXVptpapvby6Lc2nOEL817SUXddfhS6NWVkmpaLpfckt9bEo8kRockMEJGSAe4A2tyeowfXBroFvv3AJyHZvunOABu5Izggg5wORxjjk8NBZxQzRyROXwqqPm2khiN2Ox/ungjk56ZruoLPzfn2YO1QFGcNkctwTgHJJ7H2AqPq7elnzS293ZWj57roreaTs78zqRckqOqsvkvdu7+T9HZ6b3KBv1gYqysEMZdXxhSTyQBgjLdCfwODXKX3iaOMFIonGfvbvVmIyB2ORx/D1A45Ha3tvF50TOFCmMiNTngjjrngg+2T3GMV5/rcMAmKIoLFcsu0EAknPIIH4dB2J4q3h4RSXLbR6trZ2cmr3s212vpdWFLm9pHblurLms9k+rb6adLa2PKvHNxHeWkbx7kImBL9yScnPTtnHfPHArV8FeIbVJ7K1eASSYWN955yh/dkHHLdCvGe56843jTaLQhNoQTIPTnvjoeMkHkZ64wDWN4PgW51WyiRmDNIobbw3ynk4yeCCcj/dGT1XxKklHGuna/MorslZxV3e/S610bfndfe4CnCeVRb2i5rfS65btN7t9fXo0fTp1i3GpM0UG8LFsLl1+U7RkdCDjJ5AyOOMc1z+o6lbC680W25ymC6k7uTjBBBGOG6knjseKt2Gmi3aQO4ZmlC7GJwq4PLMxOexySOMD3ODqtzBHdm3kZAicZQbhkEnBI6ZPyqTjLN06160aN4RbUU9G1dKWyatraz73eumup8zOd6jTi2rq2jSd7JLmS3T6de51tjqWitCqSxvGDztIyAxyOSR1B556EiuhQaNNE372Iq0YfC/KFZckk9jxlmJPzH1HNeX2V3ZIG82RBs3MEBw2MA7icgAD3wD0I5NWYNX0yUFdzKF8zBzknHA5H8IyM5Ck9gSRnSEacVrZed1o7rT4b72W172djmnHmq3jB20ve7Vk4rfdK7dvTbWxZntrPzWeJomXzXAUkBiQc5yeBjbwcc/3RSJHawujhYwFY7mVgXOSOCTnp3A9MZFcXfarYQZKSucSMqlDgfMcZPQE45yeCeOwJqprVl5gzcHZgFgzEkjsc5+XOAP/AK1ZTnSVuVRbj0ul/LZarz16p6X10yjhsRLVKoop2jyp2SfKla+93vvs9FZnrshglCHbGUMeMOy7hwT8w4yAM474HOKxntLZgzuInEZOE43bSSc7hwwAyQO5yCMHA4W617TgAI707tiru3bgM888joM9N2SOcdq0mt2uwp9uKscAHcGHZQCAx6kZznk9euKUq0bNtK9knqm/s+rbV9OnW1rF08LiFOV1VtFJJ2avfl0enTRvdK2ltUZ3jm2i/s6RoCQom6ZyV5+6oGSAMnkZHfoMVzXgy5t4VZpvkBkBbOVYgdcEcgYPK8dQRjgjQ8R3UM1k3lyZAwSGbJdsgFhyMhvfoB19Oa0tgIjvKqfMySEzlWGQMdgTjI9gMDhq8hShLGppWXKrWu9bRTutrJ+vXpZn1uGw1SeVuMr3lJXk7rWy2T7NX66der9ytZNOuY3lhcSIAoCn5jkjLZXGQT1J4PLdCCS9oIUYOBG4IDgcgqMjKgbs/gMH3yCB5vo2pvps/eSKVymDwFGcZG7PJz1PPucAV6XC0VysD5DKV+VVOTk8lSAcnqM8cIAAK9/DunKKdo+69Fb0tZ6+Vmlo1Zbo+PzClXw07xlJwk13fLZrrr21T0Wu6ZALaBzvKRhQQWTHzZbofTHQgjA5IxjJOxa28dy0cYUKeAWzlSv8JOSoU7eq/wAXU96hhtl8xWYbxuY5fj5V7NjpkHcTg5I+Ugc11Vs8IkDbIwGj2jnaw2g4OeASBkYA54PQCun2cLXaXTpprZ7ro3o3t+vnKtN2aqN63evZr5vVar0MpdJjSRwwUqr7pOAcr0BGScAjgjAK44PNNutJsmRy5UjDMpxyvGQeW5UkDvwCPStuZ0QS+W4JIYknpg4I554CjOOm7pjnPPzTXLQy7yTGuATtySBwQB1257DHQ4HPOcqd1rFW6aabrXorrTvro+hftXGSXPO7a3lzJWtbVWTt9y0fVlC0g0zciSyxAeYAzEBDCFPKjn1zycDnoMErtNpGjTKwFxDKpyQTJyCVycZxuwMccgAj3xx8iK7sQg2iQ4ByDnqATxgggkcZwQBT1tXlVyG8sJuZRlirdcgnsDnJAxjt2rncIreEXoraLsurve/RfiehSmpRVpzlql10vy30V9VrrorxVrHWyeFNNeFXF1byliwTDIgjwcg98kYAxlVIPGQVJ8N1C0Efio26JHKgdgqgjEoXqDzkk5784+XBwTXeXatFBs3yxuQWyrMcgDBIXOQD8vfv3BxXm0O+TxFGS7q8bMd43FtvA3H5sA/0JG3kNXFVjC8PdSvKF0lZ7pJbu3a/36XPoMslJymuZtKCtzdH7u6vsrN2TWt9Xc/RXwvfhvhldxpGwt4IztbcAVOcueMEknGMHgAgnBzXz0NQmTXJbq3aXEhCoQc7gM5DYwpBIAxjIxxnmvc/C0Mcvwz1YoxJMD7UztAKgnI9zzk8AD7xwMn5tyY5oypxgMCEbcc5OeQOCOvXHfIOa66zhCnTd21JQcrdLpbPq7dflojsqzcrJNQ95Ndnslsuqa87tuxo+I7o6hDdyXMQby0flTkrkBSQB06YzyTwcdj7N+zGtr9m155IfMUR7UUHdIMBsEHkjBJ4xkA9iePBdRCR2F3K0khkeJ96tnjIOOpIIyMZ4xg4BOM+x/s137wR6uiK7B2wWUcKvIOSRgcZxkjIUgAkZrz6EVLGxaaScJNaJ6+7a+3Xe/d7at91JR+pP2k4vVN7bOyV+mjXa+7asmjM8Q3l0+p3yNdCKJL+5CR7ASo3k4LBePUhuByRk5Nc7cXJ2GN986owBbdgA4yVxkYYdwckegxmtrXntm1zVC5BxfTGNZJBlgXJJJ5w3r97GeO1c7PNGXITY6BgcMeMnapAPQcE56gY5zxjt53tJtpO10rqzUdW9mrK/qk0tzw7UadRqD1cmkl72t46aqz967lezSbbv0yvh+8X/Cz9KbymH+lxgKDlGLN3GMhjn5TnnGT2Uep/FnSL+68ZalNDGvlGOMhQxHIUfeUEg5yc/LgD5iQRXmPgNof+FmWIeMIGuojnP3CGHzDBYcgkdRyQc19CfEFoz4nvj5e5VSLL78MTgHGOcrgEcc4IwSBgc9KNOWI5ZvRxe1rrZbtaX3Xy2PVxdX2eXppc15JXe2vKrPtql16devzzJ4X1OWADyI4yyk7ncBicYAXPbknrnAAHGMcHqmkzaVqdit1HsAmhdgpLFgGU5yG75HJzwQBgcV9CHylVnkl2qFLKjyhV64IUjJBJwBgY6A9Qp8j8a3EM2oaYww5aWJDiVWKguBtwMk57jp35zz0YyhRUE46N8ru5LX4bvT0Vr+fc83LcTUnXhek1HRXSWibit15/enr1PqPxnfmz8C+DJLf7RG0kOY1jbaEVkJUknqTg4B+pxkGvGZfEV05MTm6YoRgh23MR8xyFBAGOcjIABPzZ59z8UQW8vgXwk8uGhESKm58ZIUHqvQqBtGBwNxz3rx6W2sonfMSKTuw6Df8ALnAAPIyc8nIz6Dk1rh6VRUoctW0Lv3W9L+7ay3tv93cWbcscXeVO7ai3Z62SS0d7O9vx2s0eeeLNbur6zhgdn2/aBlnfJByuCRhePQZI69cE19F6JrF5ZfDexeDzJJkYLsD4UgsMkhgT/jkkfxCvnHxtGkdnFJDHxHKN58tgSc8E+gOM8Z9enT6G0jZZ/DLS725X5WCPkKTuBwMHBAOByc9gOO54Zt08artNc0dbu3SV012d1funpZ3O6L5sraVJz5otWsndKK13u7X29Vcxo/GmsWqsz6ZLcxux4djt5yCV6c4J79Tketcn4k8UzX2mXsMmlG1jnUguxIVSoAA6cNnvgnggnBGNNvFWjo7wSyxDbnakjKvJ3YIA5GP4dxGcDOPlrh/EfiCwlsbuBJLYyuCsSBt8mQOSuDknue+Bgc8V6VfFOUJL2vMuWyjeyT0vG61at89VZXPDwWHcasLYJx1u2r7K2nzSWjfVNLRHuXwvmk/4V5dxgDyVld8554YLkZIHBJ2kH6520lxfSR+Y4YtlVKqOdwH8ROMfXOOSQM5bGf8ADlmj+GV3cmTyyscxcIOW5HJOOvylcZB4zxg1xF74mtIwyrPKpVFUjHsw6N1JIGfX73BzjkptwhG7UVp1WrcY20undO7cdurud2ZKdSrTfspLlUbPRdI6Wv0W97eZkeONQn8lGDxyIZUcA8/Mx4HP8QK846nAyeg918GoLz4STSz7IfMvg0jjAEeCOTxj5e3PHTkV8oeKNVa5jhlSU+WsgyoUglQQRuG0AE8cn3AGc19I6FctH8Er6VDKvmXQIaNTkH5QScAdQBgjgDHI7cyi3XfNKLUZQk7tLTmj1TXV2su299/Vwi5cHKnKMopwa1VkrqKulq79232tpqYV3pOjRqzNrsckgKtsBXI7FfTIweR7kE558+8SXMMdpfxW8wmVrflkHAPBAznI68EdM45783d3t285ZEkY4GWKMX+71yeMe5H1JBzVK6a4+xaj5xckwHhgFzyMg44zngEjHtuGawzKfPTfRdLXd7W3um9kuvR2M8twsKddP2jlKzVm9vhu2trNdU9b21STPqvwNIo+D2oASYD2Q3gbTtBLDk45zn+8Mc5GOB4Q6QuQ7MORtClSpXgctk4wexAHPTPG72LwYyx/B3ULhWyFtEHl5I3N82QeDnuM5OejcLx8+zahKzmNN3KjJHIG7knIHUHgd8gdOBXXRmoYaiozSk4ppddlZ6K19F5uyezOTGUpVMZLmnzx5mmlp28lZ2381rfrm6xH5Z2o6lXB37geAR8obncDkBRz7g8Zr648Jbrf4JxIpCHehYBd2QXJ3jPToRg4PBxnFfHWoXM0qmMls7A2WI5GdoOOSQox1O4ccc19leGJFj+CKSEKFTYSWGTt37sjrgjJwOBkDBzxXnczlilK6vpfs1o9Ojtu+3XTU9enGf1KUI3u00r3unytdtNEnfy9E/KLzY0bmVwwZgxCoBjnuMDvz098c4Hk2uQQ/wBo2AhjjzJcYJ2YP3gMnn5sdenXP0r0m51SwwIZZmLBDJuGBwQcDIxkHHtjBzg5rzHWdR8/U7EQYdEk3K2AD1CgfVR1K8DuQOvVjJR9nvFtWd21pqtNb202V9fK+vk4CliI14ylzxu7W5m9nHVr8vNNXsfeBYTeEfB4xGoFgUG9QyttGM7W4yeAWOMdcEMDXF6vDBFDKHhtmMkbBQYlU7s7Q2dpznIYYI9uOnZXdzDa+DPA5lHyy2JYbSMg7MnOQDnrnPAOAcnp5trWvQXCGC3jklJIUyOuQpB2/M3UAgEYB6E5GaMA70bzaV27J6XXMtGut/nbzS17s1hUddKLknyp3Td7OMFsnZ67b311etvG7uzSTx94agcpH5t3CH8sEI26RfLOMBR7ZGTjaM5r668b29pY6oInAHl6dbfPnDE7Rt/hO/kYPOF74AIHyBNP5nxD8MfaMpjUbZcA8f60AAEHPOFJyBuP3sDmvqD4n6uZPEjworEpaW6DIAVcIG5GOuCe230OK54OKx03ZWSvbp9lpO+i7aL8FZa1Ob+zUtW+a29nbS9lq9L3+f38rdvEsTJJMHEyEo3Qx9c9uSBwDntg46VlfBiaM/EfVsO7ObG4VTgDKqr9+eMZxnHPsQRyup6nqjIfKVCkbfONo5VmKhQOTgjsTjIIxitv4CyyXPj7VmdcyLp1yykAAphWOMZJxhscgZ4I4xTzGsp04x5dpKzWtrct0nf1s99dLGWUU5RnJ++9JXTuruysrt20avtvZna6rqFs1zfpMwRkuJQCJCNpDtu545JXJAJHGD6VxFzrED/uzcFlPCtlgRhtpGD6nqf1rC8R67DFqt8jIm5by6LNvAUssrDDHJPHUjAycDuccH/b6tIQzQAM5KZlAKqGy4G3dnnGOnqe2SFeioRjpFtJbXt7sbXts9Va+i6X6uNGpKq2lKzkrp8z+1HW3S+zb8mmrnqHgiCGfXNccOzhYmCITtLNg5UHAG4gk464UgnORX9eP7IH7Tvxu8C/s5/C7wl4Z1qDTtF0zQ4xYotq4lXzApbewdQ3ORuIB6AcV/Hv8LNW8zXtXAVW8yMOu1twIMbAlTkgg7sduBkkmv6R/gd481DTPhb4FsYbaV47fQ7cqWcBSCgO0H0X1wCAMkc8RluU5dneJqYbMqaqUYL2sE2177aj9mzej726dj1M14ixPDmAoYvCpKrOapJNczd4qVkn/W2q0P1Fu/2u/wBouWbD+Nr0Lzv8lJF25BwfvEDrxjoffkYsn7Vfx1jugLrxtq0kT4BVpJArBslgTnIVcYLHqeDgGvhVPilqkrXAW1ljG5h5hkGF55zuBODj5c554GcDHyh8cf2jdb8OW9xp2n3skWp3MrW0cedzW0MmVkcsp4YrkgHBGOuc17FfhDhDD0W44KnzJ63av0btfX/g9L7+JgfEDiXH14Qg6nK1d8sYpKyje602tq/+Hf3l8Y/2/PijZyah4b8I/ES9a9ML/wBt36zTSR2KHIFpb/Nh7qZv3caHOSxboOPEvhP4Cufip4ts/jH+0ZPrXiK5tpYZvC2gatcz3NqYEfelzf28jmNUlGJDCyhQDg9efhj4Wag+o366tfQtfafazi9n8+JnfUtUYly8rPywiY/uwxxx6jK/XrfGPxAIoLO0DxW4iEZjkiJ8lAMBEYdCBwANuMc4IXHlrhXC1H/sWHp4ek2uVwUVKSbj7vNbm2dnL1asj6rCcZ1cNPmx1WVesrNQk7xTdtGr2S0Wuu7VrH69+Gfj5p2jRxw6VPF4b8NaTHJKYdNs47W2CQR5/drGiggKow3JPXOcE874d/bQ1rXbzUfEI8WXUOmG9ey0OyMzxvHZ27lXuXzyXnOWZgSMBW4Nfjz4y+OHi+LRbjR7N5NupgWm1oRuMBwHCYwcv09exzyDwcHj3XILKO2tma2ihtxHsEDKRKq/vCDwuTkk8DIxjjmilwDhpzfPZSdm3J3tdxad9b3kv+Dex68vEt042hSpx5YtJaXdmuXaTutUnonbXqz97W/bOvlZWOv3ExEj/Kt39/1J5H94E46EY56maT9su5MW59ZvVkCsxVbkkISSfmOec8bcc4+UYOQv4H6f4/1O4ZXuVuRHCBuMcboZCD8xVhnuTyMD16bR0R8fo0L4GoAOhLAuw2jkKegHAAGBg9ySea9KPh5l3Kk6cJ3s/N25d35u+68lojz/APiKOMldrkikk9ot3tpa3TvrvvdH7dS/tszorhtTkmPQo00nmIMt1IO0k8jkZAOMBsbc0/twXqSEPeSmMjgt5hGOMkMWG4E9yMA4x0xX4UT/ABCvEnjIa8EW8kqX+YqpA3Ek8jqBk9PrV9fiLqEiKsU94ySkg4QuFDcfKccgeoPtjmr/ANQspULPDwUopN2Su2mm10WibvZu17vRs55eJeMa0nHVJ6WejUXbVx1Tvd9rq1j90Yf21bud1EV0VLcozuQkYJySxyfl59M4A74FRXv7ZeoKsiSTNI4VirJuPODhgQRyxyOuDz3Wvw7034h3MQke7urtjuVIgqFffB4Iye2QOcEFjzWw/wATLgOpV7vy2GxAGGSxBGW45bIBI/yK/wBRMosv3EVa17rW75fN3fTdL0ZEfEfFOEuatGEktH7t07xttdLR6f56n62Xf7YPiDWZjZm9mhiYKsks07holY4wFDDHqSMDuOgxPB+1HqmkIiw6kZY1DBmEjyFxg4JUsecjGcDnJ64x+QR8dXks0oUvBIqghyrYkxk5Yg7c9+Ac/hgC+P7gyMtxc3LGNTgIpOeOjYAAI9cY+nOelcFZUoxXsIWSa3UU7Wve7ffX8zBeIOMlK/1i92kveSb0j/M1ff5rTV2P2Gj/AGv9YWMuNQmWTJaXy5NpOTwrAkn5u5988DFEv7X2pyKpbUrgSFyTiY/MFGQDhgoUe3OOAcnA/IiHxjbNAJZb+RCxYPucoy5HygKQN2B0BOQTyByKoz+M7WJiTdSNCq7UIuOpcDBYYbCnGTgEZ74HOX+peUxfvUYN9NE03aPZNWWv59Rz46x91bEO8uzT3afL37bbPSzP15f9re+kVjLqkkoKuygTMzJnnc4VlDY9D0zx0O6pD+2TcWzeS17czIAoXM0gTHB+UBxzxjcT2H4/kRpfiSS4ndpLxEtgMpGZG3zBiS2TnquOWPy4JPC9Lmo61bqzGOUB+WVRKXXkc5IBOOozyT35yBouEMjVlLDwk3bdWtbkXa2q2vbe9tmm+N825eaOIk+qS1Wtv0vpu30drn65N+2iu4uNRlU7TujjlkPCgf7eAOQSoGCcE9QayJf22QGAS9ljbLMf3z7zg9yWPHRTnsRj1r8jI9ViEeZHVmDfMyykAAkdBzwOp79BnOab/atqZDP5ilCyoEL4YZAHLckA5Ge2cHPHES4VyKK0wlLn030ukk7vzdrOStpfXYKfGucSStiJpK12rJpaPvqmrqza107W/XKH9tu5lJWS9kAUEnfcHcwxwQDySM8f5xK37a91Db/8f84UvghZiJgoO4YQHOMjkZ4PJ7Z/K60n0tY1nku1D5YMokwUUDIyCCSRnH0xjjNUpr3T5rxitwssUaKQrylWO08EncOB3IAzjIHQVL4YyVbYWk9Fqkna/Jde67u217N9OunTDi/OrRaxdRLRcqejta9topW630v30f6sSftrXhjaaO9ZGDAbRPhjwQS3YA8cY9TWa/7bOq5BlvpCoO5VS4Ys3DHOMbcYAJzxk+2K/MmHUdJdN7CPeWJ2GbJ4Py46kjptxnsO1Qy6hbu7SLbrtG1FzJzkgc4OcD5gBk9cZIBArH/V7I46PBUnql1dkuVJrRu+ivbV317Gb4yzynUS+sVZRajqk7X0su+r1dt7vdLX9LG/bkvVZi91clgMlmkwCDkAehJBICgYI69eMa5/bYufnZru+dGyvyuSAWONvIG7HOCcjPTqBX5sX2oWzFYY4I0fKnBkJKgZON2NvzHIJ68YwAcmoNStxGwNrwSeN3DMBgnJx1xnjgkEjg1rHIcjuk8FTSsnJ6aX5dF13dnazWjV2zohxlns2r16iV726NXit3G+vS2zevl+iU37XdzdNI6XWo4IA+8SBuz8oGeeQMgc5wOawY/2n9aubxBGmoXbrMGAdyrbQSTtyRwOpyei468V8Bf2rbvEVGy3y2N7SjK/NkFUBJIyO/Ddc4GD1fhrW7Gz3zyyrdzsHWPMoBiA7gFl4PQdM9QADk1WyHJVBOGGg/hajeySaTbtq99lv+ZpDi/O5SSliKi2TejVko3eiTSdut30Vm2z7wvf2svF8JeJY5VhRVIV8q4Jxgkjgg9s8YyBkYFcfL+1H44hlMjSzNEQWAQMNrHkDPPOAFBOc+nGR8e6r4rlnG2FoosMCMzIX+YjAzk8+mQcEE8ArnCn1u8Zlh+2KisimQNMpHQErjJ5Bz1x/U508jyhuN8LSa3ezaulpdtPa19kr+ZdTi3OkrLE1to25fh15Vays9r2atq7bM+1x+1B41nk3yNOFbcVxM0Skf7YG08kYwSOgzyM1FP+0Z4xUFkto5idpEjXTZBPYnceQc4AOB1BHFfEc/iCSOVY1uCU2L5n7wbSMfdLKDg9SOuOM81K3iREKojLIpUZUyE5PGchs7WX0B5JOB0wquSZNBxthqLb1s+W6enZu/Szv1SdraYPizOZR0rVG1o9NLLldm7Pdt6ea0PtG7/aM8cOGK2omAiJAe94VsEkEAjAyc4Kn245MNh+1B8QbRNpsYxgjJjuOpOcKWIySAcDpnk+w+LX12Y4SMsAw3t+93dMkjII5IJHOcYxkEcWYtfnjXOxwchf9YCrn0OSQCTg5OVXOe4JlZRlD/5c0raW0W3u31V2t1dW3vdsr/WrObJOtVvbTTZe7ZuybXnpq2facv7UHxBuJAw09WGMHN30ySPmYDg98gkkE9gMwJ+0x8Q4JRImmxMRkEpcYHfb1yc44bAPt1AHx3Drl0hLh5ACAw/eAAMcALkdT04B45z3q9/bdwYyRJKGOCw80FNxBOQx68DO3jIPGOANY5LlNlajSu3s+W7Xuta82i9LrvqYrijN2nerUVrppp6fCmrtLX0066s+x0/ah+I3H+hOuzlgLzKZbBHzYX6cEHAweQKr3H7UPxDVw4sAV25bNxkMWwBuHOT3znscA8V8aTa9exxuVmlXcAWHmAsy5BBHygc8YGQDxg56VItdmlZds85QEblGTyBnCkn6flgjcKtZPlaelKn8+XTbR+9p13utrlQ4lzR2vVrau9uttNdrbfJ2+/7U/wCGlvHswVm0hG7swuMEkgegGRk9gcDOeeoP2lfHYfLaVIilsnyrpsY6g53dRnknnIOT0r42TWLhWQLLcspwxUSYIIPHAOOxGQe55HUxXWu3bgiO5lBiBBUzcnnBAxnIxxgkEn6EVayvLWmpU6V7K21pWcX00vZvXuariPMrr95Uatd99Uu927ddOzWj1+4If2nPGanMsF0iBSdhusgkDI65J6k46Dntmui0P9pHxxruqafo2mWk81/eXEUFtCJMlnmZVJxgkKm4sxwAApxjjH51y6/fALh5RgfN++ViFJ+YgHk9zg88HH8NezfCH4teEPhcnif4j+I3Oqa9pGmyad4N0J2BNxrNwCIbspkkxwk5PGDg9ziud5fl93GNGlJ3SSVmt1ZJevXRq9nokXDiPMoycp1ZRhZtabvTyT7320uj7t+Pn7VsP7L3h6K2lW38TfFzxDbB9I0lpPtNvpbyIAbu7hUsUhgZsxxnDSMu4ZPT8dNZ+Ld78SfGzeKvjE+vePvFOoSm4h07zpEs7aMvuhsoYiWS2s0X5NiKCwGGOTXE+P8A4h6hq2rav8QPG93/AGz408R3hWytZZPNa2W5LeVbW0bsRHFbowARQACOnavUvhxo2h2FjFqt0trNqd6iXE01zPGs0bybW8lQ7DZtJIHTlSevFZ1MLl8K0aNOdONdxvKKsnFaXT2tp9lervc5qWbZjXk61Z1a1OTbipba2asukV5Xu9XvY+2vAvx51bTtCs7Dw14Oi8HWMMEMa2FlAAZMLtZpJVCs7MeXLlgxY8DkH17T/j1rkYiYW1xEy4MjK7LubBJOOiknnjGTg59PlfS9Xs4o0kikt1RR8oW6gIz07MT3zk8EcAjgV2VprtpjcogZtuWJuYT1HfLEZOOCVx1wK6qWBwclywqUr2veTuvsva/V26Pz6odfO8bzRShKCcdEqbW3LpZLVWV9l8t39Qx/tC6qEyz3vmMp+67bOT0IA6+vAHtmrQ/aM1JoyPNvcoCMiRgBkYOMbRwCQRz2ycjFfNcF9DMryvHbnIJAM8ACjLDKkNjHUnjnHHXIrvcRS8KtsgwWP+kxZIJPy5DYJBH3uF9OmBDwOCSafsm07JK15aJa66p677aMcc4zCUV8fzi+nLbS2mid76M+n2/aDuWTEj3sgYZOWLLxkkDIJGeOOMnP+9TF/aEuDtKtepnO/wCY4XspP3TjPfkDOMZJz8zqykRItvbKXU8C4iIYE8cZHJwThcDsTxkaEaRBVQwxb3QAkTIADk4B+bI9cnHP0Aqng8C4pL2WiTvdJpuza36rv33Rqs1zBRvLneiWy3912dl2TWrt1Xc+kD8eC21pJLx2H3RuLjGByQDjgNnBOBjkdquw/HhGQoftCnaRjdjJ6gkgjJAHynGPTmvmWTyIxs2QlwjM5E0eOQGGcv1IzwM8DAxgLWZLEhKOjIGf59u9Tt6jGS3QjHJJ7gA5Gcp5fglBNOmm7N2cVd6LZ69F27+utLOcdaUXzt2V9LPVp9u7bte9tH3PrlfjigCB1mcn5SvLDA5wOScHOCMdtpwAc2Yvjoil0Rpoz/CGYAL6bj8uQTwSOcY5OBXyDEkhZiHyUIZfmUqRxhQQ20EAkdByOegrRicjc/lruIwCkikqB3PJAwc/mAfWs5YHCSWjitLbq1vds316X1Wr6X1WyzXF2i2331Vm3ddVsrXTtfe9z6+PxvO2NxNKWTli0h3tg8bc8Ac4HB/HgClcftDiOTYTKwiyQiMMbQOMgYycjgcg885PHyTcXU21t7OpCsiFWU7hyQcjoSe454yvSscQOJBKUkmdhl8HAwMnjOcfe24x90HrjnllgcNBpt03qru610jbS7dna+213qt5lmWMqXtUktOje7Su2tGtXa76N6Lp9vaf+0MkcStcRvJ5zNkLIMovqSu0BguCwwAMdRgirEn7RUcQZoDdAF+VWQAKo5yVAGT3bJGTxnAzXxE+/G2G1ljJDMCHIGMEdWJIDdRgZ5wc9aIXlRULwOHyQSGByD1fbwME9ccYGBwTTnhMFKK5VSTSTez6Rto0rdNG3ppfQ0WPxvLFObdrLVN6PlfVRutU7W8ru+v22v7SKDazyT72bAKyEoAT1PBzg5JwOSD14q2P2k4EJJupAyYOTM2HJ5IAI4OOMDjHFfEjchAsbKN2NuSCVyCScAgbj265GMgnFRzwLLtCrtcncN3IIXA2gg4BJUnvzgkE8VP1TCWSlThLVKytrfl8tXd2t5JXVhxzLFrq20u1ndW8k1ay1XXRLQ+64/2lbd2UJf3MWVJdZHI5z0VscDqDxnOAenF0ftKbFAgvWkLEDBuMKo+UnLZPUkjAHUY7KR+fssckYUxRksCWBBwhJ4IB49wT/DjPQis7zLgMoDokoJJXJwBnk5Ax04AU/KecN0qHgMHJNrD0+bTa1rNRbWq5Vfftr11Y1meMi0+a1rWvfVpJve62ettX5n6UW37ShdFYzw7wpKs8glOeiqoB5yflznpjqKtwftMGMFCiowDFmEgjBU8cA/dBHckNkdBkV+bsN1KI02SN5hbgB8Fuc8cEgfQZPuBV9tRucDYW+cAMpc7jgAFh1yQuc9iexyprKeU4NyT9hBJKO17y2beltL9493Zu5p/bOLVrO/drXotNVdW+S7Kx+ia/tVlLgQ29vOFCKS4lBDEnoBjJDDJLZOcHOOa6eH9qyVI1ZbZtyk71Lq2QvUjA4HXoOORknG38xTcyx/vIyFLFVcmVtx7HaOBjjJPcnOccCb7ddxuxFxJIHGQVlI2ux5PHJABwQenJyeglZJg56rDx1dtJ2S295euy0W9r2R10s8xU7KTs1ZaOPZWd20m7bK1r9dT9RIf2tbZvnuLfadxVVMylwO2VALc5B9MEEf3hqW37WOlvtFzJKNmSfmRsYJzlSvPUHIwSMV+Usl3cxjEd6SwChMMCRu4bqOQO2ecjnj72ha217PEHn1FfM3HCuxBwMZ4G09DzkDBPfmuepw7gpyUuSzsrtOybVl1bdtdVZdr6M2Wd4hq2l7q7aSulZeT6Lo9NVdWZ+sVr+1doOfM823AzgrOiIwGeP323d/D3XqB6A1s/8NVeGMEb7USNjcyyxscAckKY+cEDH48ZPH5KxWgKCKS6Bfl8rIcHGT8yHhuSfbjZhj1uQWAXYHvS7FWLFJdvBI6Lz8wzknGM9ya5qnDGEaVm1JpPSV+W6Wq7WsldbN2bV0n1Us6rOF5Qilvdppbxtre6eqvo/PbT9aof2o/ALAm4uYWd8MSpiYjJJ+7joDk9BnOQTkGtTTf2mvhpMAZbqMJu5MkMAUnjBY7FCgDGDx29DX5FLptuGUSX3mO3CgtlQcEgdsbe+CckKPTG1aeHYwRGLuEIUL4y5wT1GNxAGQcDaMknIJOT59XhfDct1UqQ5VZ+9duzjZa7vS97289zoo5xN3cqUHsrOyve3fd9E3tZ20P2Ksv2iPha7hn1KxYJj76wYBI658sDkjthQAOOa6Vfjx8JrmI/8TvT2cBduBbOR0YjBXJO0jIPp04NfjGmieWDEJg7FWYfvMrgHJOzrgDPYgZOcEYqzaaM8bqpljbgkkM3f/Z3Hle4ByeRx1ry6nDNFr3cRV21jfRWsuyb6Wsr23a69MM21SdKKV1vbb3bXsrO76vXRWvc/Yr/AIXF8NpXV49Y0SXzAu7zYrRSgJxtDCMqOONvBwBgeu6vxL+Gb7Yhd+H7gOuQpWz3gkt2aEqexBzgf7PBr8bo9DQkMl6pOCpQb+CCWJ4PoCTkYOORwc6FroMxZc6pgYJALyKSOyg+YDuyemDgAAhe+UeGabemJqKzWt7W0jb7S7vo9ktNjo/tamuWUqMG1y/ZT6xdnqv1d1a19T9epPiF8NUcxpF4XnBYHY8VkxyG+YsfKHK4xyfcj5TW3beK/hrcMZjaeEsqAAnkWTDkYKhhGCCMHpluucA1+P0OgSofOXVQeo5dxyRgZy2AQcYIzyfXFVryIaFvvLzxPLZQW8b3srxTP8scYL7WVmxlsAKDjuOc5rnlw17sksbVVnpHmfLdcri3r1s/le7urnTSzfDzbi6Udk7KO9rX2s+t77vtpr+lnx1+O3ws+FPg+51q20bw3qetXAeDTNLj0623yzupUSsFUnahYncB8wAweQa/KDwZ4F+IX7UPj661C0gjjtZLoPqWqwxeTpnh2zc71ijRQqNcqhKrGOcD0Bx5VJp3xE/aB+IenaP4c+0Xl5qzmPTUnkZotL0OJtkuqXKMpSJ5FDGPOMsV55r9qfg9oOr/AAP8GaX4M8PeC7DdYw+ZqmqPNE9zq98VHnXM5K5fcS2xSSMH5R1FeXjMyeRUlg8JVjVzCqnaVWd1TStaVrta3ur6Lz1O3D4dY+TxE6coYWnayjGyk003um7f57XJ/An7FHwA0PSbSy1m41bxJrBSNry+uruWNWl8vEoiQgBFznCj1wM816RJ+xP+zfdkMtrqtuSmE+z6k2FY8ccEBg3bHbCkHBCW/j/xxLK0kugxWqYIK/2d5wXnghxt3YB6dRg/L6MX4leMEEkEMcTShywC6W+EAySpAOM85OewyQBmvk62N4oUnOeZWlJq0VUUb7WSTer0Xz066+jCnl03Hko2hortaXXK+bW/nfXTS+jsof8AhgH4Ftxaar4rtGf5gyaiSAGz83+rIz6EEEZAAPSsu4/4J4/D9plez8e+L7SMkrGJJxIpBwcg+WB1GVHr7A49X0T4z3Vpagatay3NyGTdHFA1uUC5zj74ZmxyNwIBOQOK7C3+Pems6KdD1lhggqsSttYAEkAHIPTGM7uneuVZtxfStbF1ZRjZ3jUjNNLlaVr66t3VtXZaDeCy2cvgi3ZNuyd1ou6ae7frpro/lPVf+CcfhzzleH4teJIl2lsTQmRc5AwDtA2kkkjkYPTPWK0/4Jwx2yTNp3xcvbjeFO6407csZzgjqNxPXKnAAXptxX2jZ/F/w9qBbzLPWY0bashntRsUMFBUYPI56gADtiuxtvi34FtStsdRktRsAdXtmQK3QZLD5TnOQc89jhjW74n4rormq1alm3q4xk0mkla2nppZ7O5yVcry+TXLDzVo3X2drXfkr2Tt2ev5+t/wT28YIjfZfitYyIWBQXGjjGMZHG/kgAA5OQQOFyBWPJ+wN8UoDIIvH/h+cSsSjSaYFPHc/MeCMkYJJIHA4r9N7Pxv4DuLuFV8UW+2U7zDNII4SerEkqVIAyQcHaM8YFdhDr3g69Xbba/p8oVeCt0jbcnPdcZyOSVJ9+amPG+fwV6k1ZO0eeNuZ+6n018100tbYj+yMAn/AA23Ll1fO9Hyq90klbbq/Ns/Id/2G/jfZLL5fiXwzehwRDsiEcnvwfmCnsPuk54yTXnHiD9mn4reHbltL1HUPCn9piETpHPdIJJEOecDlWwehHcDHU1+3mo3mkHTrtrTULSW6S2m+zEXsYIkZGSN1O7HysQ2CP4eMcEec+FPhv4Sh08XOuQ23ifXdRkkutQ1TUbhJZ0Mjk/ZofnwIEAAVQOMdD1rpocf5pHSrGEklrfdp2vbu7907K3QTyPBSi5Rco20ikm272bk72tbTXfVK2rR+LjfBX4uiIldP8N3AVMxst5CEJXryygKSeiY547jNcxJ4B+J1mshbwzaXez5XFpJFOjFsAYdTjBOOpBBGAM81+7+r/DX4e3ZhtpfCdr5Lv8AO8bsAvVcDy5ADvyD7EAbRnNIvwc+FttbCKHw1axREAsY5Zsluqlsu2GGOobA4I7CvSpeI048qq0m+Va6K6bslHRrmWid9TnnkNOKi4yqOUmknJNu2m6XL56u3a6tdfhBH4d+JGmK13N4MmtUVQVLW6vznsQ/I5AGQCDu2jlRVu38Z+J9ICLfaBeWzOCpaGDyQwI64IOTyTy3XGVPf9vdR+B3wxv0UyWc6Ic/u4bqTaM9ABk9RhTzhe6k4A+f/FH7LWka9ql20eq3Gl6PDgWlo7pNI2SQW3qMgEDkAHGAc4ANb4bxEy+vVSxFCVO7Wq1V9NWo23vzK9uiOujktaMLwqXstZONt+W99bNuzd7+el7v8p9Y+IF7fDynivIVQlOGVXYMcndhcjHUH3wpAGK52x8RbbwyX0NzMgZdglu3wF7ZXI/hxweCAeua/SPUv2L9CR5pbbV4J5G3YSUGNgD2J5G4dW7n+Ltn558W/s3a7o2qyadpXhDWNVVcbNStIXltmPJI3AgfKScAAAHjHHHu0OJckxNowxNNSbTalyxXLHl097d335Xe/wAiJYPHU372u2yV7e73TWuuqXfU8Jk+IOm25EMdrdkmQqES5kSLbwowQ2CeeBkZAPzZ4N6L4leRhYtIeRSyj99JLKj9eSxkO3G7OencAZJrZ134ZXOjFLfU/CGsW1weC72shjLls7mIU9Cc/KeucZUEnnF8PJbXEQuIkRGk+S2kSSOQYxknzByG5/wXkV6EZ4Gs06dalVdlZQndK7i3d6Jaq+jemyYQeIi4p8y1veSbX2etratLr6O1mu90/wAZajIUlsfDtnesSrPbIZHIXkENjOOSfQcknqTXRQ+OdVmvkhk+H8MmcAFfMYQggBmdRkp3yWHQD8IPDdxd6LJPdWwSxg8lhKhRWlKgfL5YIOD025yffuPW/DHxGstLsJrXw54cjj8QagjC41DUES5lZSPviJlZQCxJVVZSSeDxg+diqtWm17GgqiveV3yr3bW5Ndb31utH07d9OEpq85q7tuk1o48ru72u29LLS61OIuPFWmRK0t78P4LfMgSa8ZDtdT1wZInBIPQjoPXjDjdfDTV4CmqeEtAWIhpBLcW1qxfb/Ax+zYOT8p4xwTkk19Y/DjSp9S0+W78Y2+mao0pbytNbyLcWyscmSRWA+eQfdUjIBA46V8k/tVfEj9nn4MXF9qfjDxTa6Nf2tqJLfwZorwXl3eFuAPKiyI+RtOf4z35NfPvO8PHESpV8DNKLs5Ru1ulK6s1ZWurddbHfSyqdVWp1traaLezdnZXdr2s7tpM8317wb+yr4gEkWr+BfDd5c5Jmji06KSVxyCRLGkeF6HDDHJySK8P1H9lv9hTxlefYRoGnaZqO9i2m2E4hv1DOAGMEXmHC5PGcDnHQ58asfjPqPx51a3sPhzo2mfDbwXIYjqXiXWJETXdWspZVVobKNiDDJIpIDqQwByDkc/Y3h39n248K29j4h+Fj6HHqWN82u6zcR6tfXDucSfaWkdjHHJICVwuVJABODjnxWY4F1IUYYeEITjdTnF6p8q5tLdndWVnvo7nXhMkxCg6qxEnKMnHkjZvmVk+bonfSybtb7/mbxb/wSh+AOtL9q8Jan4i0P7QS0JMTXdqoYfKwyqqSSxJHB7knovz5r/8AwSJ1O085/Dvjiw1CEhlt7e70828h64y2SSSB07c5JGK/Uo+PPj/4Wnj0zWI9L1CGMmQSWFmhs5QTkqkiYC4HO3BwF77a9PsPjN4sNjanUvD2lSOSC0cDwGd14BygQEMR6ckgdaxrZLPEwdXDvDVaf/TtxUk7K+l7q2m8tdF0YpVKFCqo1/aqaWrbVlspfDpq9Ond9D+evVP+CXHxRtrh4UvNJmvFYGOKQvDvG8bduRglgMgZA5+bBJzXuf8AgmR+0QsKtb+GbXUHXcwjt5VbauOAVzwWJ9R25xkV/SJqfj2HxTYwWM3htrK4uHULOGijntsDBfcq71Xdggbgw6HoK6jQtA8d6Yg/sa7/ALSjKfvvMuFdQjNwp4BJCrt5wATgdq/NOLFnGTRp/UMJHFuS99Ri+aDTWlo3vK2rtprc+lynC4DGQdSpW9nq3dtR5k+VJu19erb3SfofyfeIv2Evj7oULJdfDfW5Wh+Z3tbdpo1x05Q87u38sk15Bqv7P3jzQiH13wl4h0xYHVQ1xp86q0ikKcnywCvHYjA92xX9Y/xd/afsPhNompRajpmm6n4sDCPT/DySpeXV3csdqiVIUkMaAjJBA4J46Va+CPx08B/GLwld3Xx9+Gul/DgWr+Tp9xqumI9lrolOVnibyt0RUHqx+bgk54HyrzfP1lzzLGZRThShJQ5HU9nUe15ckvsr7UraXtpc9CeDwNFuFKdWq9G5U1zRd2r3aVnbS+j7bb/yOax4BPmL9qhuoZyqbElhdHKoDxyBkheT1wM5J+YViS+GLJECukqbD8xZCORnaCSAQTweMe+Aef7Udf8A2N/2afijpq6tbeELb7HJCzQarp1spYowyr2ksR27VzwrITjAOCDX55fGD/gkrBqK3WpfCfxFbXxd5JV0DWoktpgy5ZBFdOMM2TgKFycHNc+B4xyfFVY4etU+qVrKPLVvyuTSb/eNcqs5Lfo9e4lhOaHNCfa6mmtLJtN3Wqs3d6p9e/8AOFHoWnMEibKMkTMWH3QCPQcZIOO/GeoxjF07wFpgWe6S48yXzpCFIOUQN8wGQAM9Bkg91AC193fFf9l74ifDDV30jxJ4UudC1CN2t0a6gdbW4ByBJb3BBR0bgqSw3dQOc15La/CXxFGjx3j21mS5LFBlivB/hBOCCCME55POOPsaUFWhGdKrTqQlZqcJKV0+W2qdla17vzb7nNKjUb+GUmrxTXvP3kldNtarvdt7LfXwmLwzpxnMkqkvhQSSVb5TwATjvkbucAE9Ot3TND0u1u5FS3d2cuSzA4KsAMbs89xuOf8AZBNfR1v8IGZxLcayoChQFEDBmGMcZHXOPqxwARitCL4NWu5ZTqsyqAd42KhCAD5hkkHd1AH1zzzp9XbvOTWrbveMpJ6Xau/ktL6WuQ6eKT5VFp9G7XcdLNX0Wm7etlbo7/Pg0qw83etnAYiwBBx1HXPGB9M45GehxYt7eGHzRDZwKiyKzAlduc8Y4OMYPfjAJ45P1JZ/CbwhbRE3uqSSpkFg9xGhXcQS3LnPcgEZIHarR8M/BrRUZrrULBo8Bm8+9VipB+Yna3GWyTnA65IAyNVRhyq/Lv6Wdl8Oiur2vZ76Nt3ZksLiZX51yqUved9tFtays9G7NrTfY+b7i482Z1CwhxDGpSNVOem3B2k8DoB04OB/Fo6cbt3kihtbp12RtsWB33HJGAdq4PGdoIIB6H7x98fxn+z7opmZL7RnlQIRgCUqVwMDkn5s/wAWSCSSTwpzP+Glfg7pDusLQPJgc21ghG1SQpXA5PAB7Hnk4zUpUlu0k30d+tuuqbve6SS1etrFPAylO7qqKbT0kne+/wA/J233e68v8NeFfE98999m0PULjzJAqMLd1GC2MDIGMDoQMEkDuRX1j4K+FfjeW3s1tdCvPNe3OxZOzkcEDGQOCODg8j+EE+Df8Nh+DNIllXTrDVLkSiQqsUCxJlgQGBxkcHKj0BxtzV2b9vO60uOEaPoWpRyiP91LNdbQdxIU7O4XuuSSBknIyHGtCLXK1JptSabsrSTdrJptpvftqaLK6STlOvJNu+vR3V7WUrtLZO97Xstl9UfFD9mf4iaj8G9Z1CPS4nvl2mSyE8cl5cozf6q1tgTJJckHCBcMdy9e358+If2Hv2mLLw9D4t/4Ur4/tvDcoiSPUbnRLgKu/aynbjeocH5Sw5A4yM49Fsf2+fiTNrOlm4f7Jb2erWWoCWXfP+7tbhJmjdAxRhIEAyyHByDzkj+hLTP+C1n7Kus/DjS/DXiXxJ4livLmw0+HXbKPQY3WDUbazRLhrdh8hj8xSYwqDjkHpX1WRZBkGfKdXNczhlkqbjFKU6cXUi7czXMtJLdq2t7uzsfCcYcQ8S8MuhS4eySpnscRTq8zhGpJUasIw5I1PZuLUal92lazZ/N7ov8AwTw/a38QaDD4k0z4PeI49Ce3uZxrGpwCxsES1ieeQNJKQoZY1JVWIzkDp81fJHizwl4i8I+IH8O+I7P7BqaR4WCU7iSDtcx84eMPu2sm4H72SuMf0T/tg/8ABWjwH4//AGb734GfAmPxNa3+qayGfxhOzaY8OmmQNNEkcZBRrld0LlSB5b4OOh9P/YM/Zm/ZL/bD/Zh00fHjWfDMXxyHiWWw0vUYNVg0/wAWafo0b+WkEjTyKLmOVPnLupIbv1FcPFOS8N5dSqUMhx0sZiKac3VqVacaVVNRtCL5YxUno76pvTXUjhziLijEYWOZcUZM8soynCCw9GFSpWpKSi5TqRbnem5XS0Uk9Wu/86Xwn8RXPg3XdJuW1XUdPtJb+C0vptLl8iY2juFmUkDgMC4LZOM9civqz40/sz+PLTVrPV/Bdl/bdj4+hTWdHew1pbnUo7SSMSubqON1YTHJYk7TkAAA7RX6lfH/AP4IU+L9I8danqPwG1uw8Z+ALCwN21hf6lBb61FcbA4jR0klW8LNhlI2EgA4BINflL8bdG+Of7M2sWei/Ea18ReCPEmkxyR+GLa9M6JcaYxKrPbSMzJJGRtA2qRgnKjha/nrNPrVDMU4Yd0sRPnhUnOMpU3ZxiuWUZcjatve6XTQ/TcvzHL8wpOWGxkJ04xb9hpGtpy6yhJKpCyenuqOuvl5d4FvviN4X8Qx/Dz+2PGenT3V0sV/bRahfNePIwZRbJGswJDMcAnnuODmv6IP2WPC3grwf4c8GXnxe8YX7SIJbtba+vfKbSJI/wDVJdBiXkkCnc45bcOSTzX82HhL4y6j4f8AFn/CfXFwNX8Uu29JrxBIscrA4lKHO11DHnHGM56be88QftTePvEIaa91t4rqAXHkCAsqxmc5cKmVBJAxkgkHIAPbkxazCdam6NCCnFRcm7ezlJOOrSadk1dptcz32sehCrRjScJVZRUnJ2i1KSguT92nZrWLb3dtu9/1/wD+Chv7fnhG/wDCPi74EfCnSdc16wku421XxndCQ20fl8PHpUUilH2sABMucqD0ANfzX+JNWub28uJbiSR/Mc7p5SCwyCNr4I+YlecdB8pIwTXtPif4n+IfFGmW1hdXrwwI/mSyCJVZ2PLGVguXD/wgk7u3Jr561uVQ7qCSJpHJI2jOOhyc8fMf8RmvcymhiqtdVsc4SrSio3SXLGGiUYpW5Vva32mndmM/q9KlGlhIyUL80nKV25S5W5yund2teyWlrIyftTxEbWbJbBOfvf7XOcADBPXqAMHBNmC7t5ZHWeMcDllbDZ7MODliDkrnrwOeKyHZnXCKNuzI2kHBPoccZ6n14ycA1HFCuUy+CDulJILYA4G4YHAwAemAAOOn1Kow5WrtSav7st3yxVl5LXfo7dbvCDfM7KTdrOUm+0drppvd7K909VqunaDTpZHMfn/MowCSVZyTnAI6ZPcbRjqOa6/RxpkETxzJKGYBZHYkMVHUgHgEDrj0ODzg8NBcqGVh+8SADa5JAXjGScAkAgdfmODnnk6Qviz7nOUO4gqNp/h3YxwAeuMdAOnfir0qk48iqTS01UlfSStold3S16bJa6Gy3tJ6JqVt7axstF9pyT0v0Ttql6O+pWFraKYXcuDsiBwVEZ7EEdc8dRjPPXjmru7tpWQmQecrcAMASW7jAwB3x0wcgVivfiRAhUhF+Vcn5gScbiM5GMYHA4DYA5rPLjePm3HcpZxzgAHqO2c5AxjIHqCPPjg407zbk5Xu23d6pO113sr9Euo4RcXdTTTabS72SUujTfXXXa+qS6mK8ImUEFlDAgBc5I4IOMZxnB45I5r0/wAJ62mn38V4rohg2NLE2CHQHeY8Dp8vXgEgZHcDyqySJ1UkY/iWUsPmbKkgcYGDgA56nGTyTvWAie/t7d52JkcBiucbRzwcDaM5zgAjG7Hp5eNjCspQUZxST1WjVrK6fmul0t09U0+inLld3re1rvVfC07u1ujWltUrWZ9dar8XbK+sTEkLCGS1EV3b5CwnagUKqqDjILZIz97HAwD8/anrtvI9xPaxFUmYnySxBCA5IYjJxuPzHpx/ETk8Xr14dOvpoIpAB/DtO5SrdNuMEHPy4I65POc1z8OpZd1kYjHyk/KuWbOMjn1zjvz3ryaGT04TVaKcue0vf81FJKz0vdb+lrtHap3Ubcui1tGybezuv+GTvZF66vvOmZNoUoRtCkgEElkAU44HHOeB0GTxXmvZY2YZb5yFGW+UEnG7pngcdvqKIYbrVrpYLO0kknklSNUjUs7sTtVFA6k8FQoyOmMHm/4j8N6j4duVtNVtLizuDGsvlzqQ/wAy7gdpHTkknPp0JAr1YqjGUYSik3D3VZp+6o7p62XezeyvYlTi1tKS66uza5Vr3VtG7WXoUIryeKTKhc9Qx+bPtkYBz2B5GM5zitKPVpjC0Mzu4AwFYgFWY4Dbc8AcjOQOBzjk8vE+WBYuNgBUnPy5bJxnrzyOm3dg45zotJGHDgnBK784LEE8gEjjJx8wwe5zjNaSw8JpSSWl9bRvdaJ2Vm0t+zvrcLSmtHba6bj3SstbpbL1el7loKzSNuf5Tz82CCcc7QTkDqOO/J6mrqTeWi7gCGJCjOQACMEEdTkfkTjnrlTTBZAVAJC/LhuQrLxwpwMjqCM4OCDgURT4GwgMxIOW+bcSQccD5VJ6AYOcHOcColh721X2dtNLWfdd1ZrZa3bbBcqinLV7LTe3Jfte12tknZ9zpLeRRgq2c9lXsc8nA4JwclcAZJ7cW0lZWDxkhWO0YySPVsnuMAfMOmehzWXp83yMrooLlmHQZAByozxjHPXHOPQU6OXbIytKxULnIIAODzlVHy8HGBnd1znpwToNOV09Gkm7NtaX1vbTr6L5tRWy1vZ9LvZJ+SS06ddDUGoThjGkm3ALbuRklskjnAUgkdeAABnqL8N5MZR5e7JUqEVTgEZzkg9CQR2HPJ71jRsXJaKMNkquCOQ2eMMfcckAdeBwCeuiSGG23TBY7jABcEFgNvyoigZ+b5gSAQOnTri6ME1dKTbVnb+VxW76K29+vkOS5YpO7tJO6UrN3slps1Fa2V+lrpsqxaTc3AaaYiFAx3PI2CQuRlVJA2kgj2P0yM0K4lYoP3cbbDtUncSeGznnJySeODjoRWpPcx/uJQ5KhGQQ7tzbueWOAOe3HA7dRWSsw3CTewbex8o8jGeAc5yFByCe4APLNjenFvVPlcUrLZqyVrLTdvXbskWr2T6Jqys3ayUuvlr9n5aHcWGpQ6ZZmKNSl1MjtJMAdwT5TggjAbsM5POQcE1WW+Eu64iJSJiVOTuV2VgDuJPGOOR6npzXNee9y6EPgbT8+7AzwFBGOinoOD2HPRgivYR5W9pGD4xHlkUYztZsD58eu3j1603RitW2pyTbvrd6JdbPR7eXqS46q7lvzX+Ft6JapbWurX3d/I6aeDcwuY5WeTHyoFLbvly2c7QoG49Cd3Q99sNs082JGCoqblVWBDAgrzjJzjlgeQe+fu02G6EMCu7kSHAAXDHHtgHqepHPGOuapRXSTFsGQSsSNoPygLyeR0BJJJOSMgdODk4JJxe22nm1fd6Ldfd1TT0hyvaySa0u9m1bfXo+lm3dHQG6Qx5uDuBQqNpClmXJyVABwDg49uTwQtSWV5UEJUKhQMjHCMNucZyOvbGfz7Vdyt5bYWXeChj3Z2kZ5457ckA56E9BVe/HmwKis3nK20LuACqDnGenf0xjGPdKlFSTSt5drWta+mut76vbrdXytNa2Um4x0s1t1s7636bX1u7jIlaWaNGbaoJV3YjJIHIBHH+e2TWrcrIyNsPyxkBQuC23nDE5BOcEjHHQkDPOPZxzzMILWIzTA5+TnGDhh32ZOMknGD17V6SNDJtQ9wY/tipGzIGAjCgDI2g9SM8EnJwceuWIqwhOKk0mkpW19G7Kytd7dW76pa1OpGm48z1drrXSyXZfDdeS7as4JFmuikSKx+cR72UkDkk5YBev3SOdxx3NdB5PlFVaKMxRoN+BuYnoRnGPwOQBwMAVvyWtrJBFbQAQSld7KnzEsuSzHOODjBA5wMcZo03RJFugJJlNrgysrEokhC/cLEkjnOWP8WQu7GD51Wum3ryqFnyK13ezcnbdvS22i16mc6ymotKz0VrdtnZXurqyju3d7K5B4bv7OxvZLmS237I3ELAAeTJzgtkHLHgccjHTimz6usl0Z5Xd3JZzKBtG3cQqDIJAA+UEjkcYwAKL+4it7gx21j/opBLRKCRIy4JIYH7gy20gEHscdMG9vLedBGqFdhXIQDc24g+W7AbsKSeD2yR6VnTp+0mqkoq0lFN3T0TWm2mt2+2+zOad27t63V7vlTV4pxsrpPe+2ut9S9HqU8l+kaXLxpK5YrGd2zIBy/OCcHIY5wfwJ0dU1FbdpTb3kkqGJVkEhxucYDM3Bwc8Lghc4we9cym20ukUAebLmTey42IwxtK7lYgEgElgckc53VXvJJDuiUIyuWLkAkHJB5PY88HOeTznk9qw1OU4cqSitNVK7fupa6X1XfT885OPK1ayfu2vu3ayvbfXpptpoWZNRtpmjAVRIRiV3IIIwCWBbIBAAxkEEngYBNJdaoC0bkhVjUCMKMrgYBZge3TB7fTkclPqNva5i8jDMxyytuA255LY5Hc4Xvjhs1K779NFxxmU4AJ2lACABtB5G1gQ2AcccYwe5YRR5bxsnKyWyu0ttNla3m/kcdZpJJLTSyV920mml7zVm9m+rWqRf+1xGRpi5LI4ZFZzltxBIxgDPUeo6g9q6TSNVEE0Fz5cKFLiOWNpACFliIeMSADBXKgMMDqcZ5x5/t3BCuN0akspO472BySRwc89OmcZ9Nq20+7uEhO1hGX+dlXGxSB8+1TgdeAeAOV+auhU4qLXMlponttG2q1voktNLa7HE6lrWVnGV7Wt2TbvdX5temzdrXt/SN+yB+374WfQPDfgb4kabaaZqAhs9NsvEOk2MSWUkSqsMMUxjhGZWYqCxJIZjnpX6+W+qm4jtbi2KTWE0ccoI2BnSVQ0Z+UDAIYE57kZyDX8sX7IHjP4NQ+L/A2l/E+8stD03wzdz3z6nrEsaWGpSI2+KKZefuuoYMDgH2BNfvqn7Yn7MtktqI/jD4OjRIljhhXUIjGkaAKibcDCKoA7HGeeDX5/ndDFUsWnhaVWonFNuCk7NyjaOz0tukmn56n3mVVadbCrnmudJO7cUoW5V8N7vZ9utrdPqLW9VNpFbixtYTcySBJH3ZEat0BIA27gc5Lbgd3oK4LU9TubiW6t7hLkRRqQyW0xLXErrkqNp3EEnbxyc55A58K1H9sn9mUN/pfxl8IBGJl8sXyMp6YA2gbT2OT0x6jCw/tifsnxpFIvxd8JB7g7mY3gZvMGCG+Y7sDdnI49Aflry+XN41WlgcRzcsbr2bhFbXV+Wzb0unq9E7J2PWjKhClFxaqbcr5oylra+2iXS13puem2eiWF3DcG8trzSwGAKNdS+bOwJzvOeAoOSAQMHg8V5T8SEhs5ba30K4uIrfDGV/NkMsrKMMEy33sDkglfUdzQ1r9tb9mAPFBJ8WPDckLzEtcWsiMBgDCyuAdqkDHUZ4XrgVwusfth/sgXxZr74o6HcCEqyJbJukROjZIIJzgA9c5yBtJr0MmWNpYv63i8uxFTDq0XF0mk5NJOy5Yp/EnaN7PVsitX5qDtWhTkop6tLlikm9rW3ad1unvfTBsbrxW89zJZTXt5HbBmjiuy5ikwcogIO08kkYPPXqMikPiJ4ytJ7qC9sktTGpUJ5BO1cAEnduA4bPByeDjs3J+M/wBuH9l7RrIweFfHL39xOyvHZWlm2xY1JyXn5PBOSCCWyR258dvv2zvgpdTot3qs01veBHadAssgkA+dGQBeBn+9wuTwTX6pQq5bOMVLCRg5JScJU/eSdnZxt07XvbzsfMYnFV1TcqWKe9lON5XcZRWvLe6v12t1PoRfGOsXsJFxNJIW8zYA3lojDgsARyOmCccAcEjit/wkutLb5GsTJsyRDGwLYHTGfoA3ToADkAD5l8U/tf8AwF0iJPs2s6pdRjcGSx06SXyIyvzFnj3ZUjIPYHPvWV4U/a0+Efi3VrKw0yHWE+0lY7aQ2MnmXErsdqtCSGX5sDkEc7h8orvpzyjlTVOjJSsn7lldtJcyV9E9X52tfU8F4vNJTaVWrKMbK75lo+XRW97u3e179NT64tvixrtvF5DXJZbdcPJNE3Kj73O0AsPTOSBk9zWNffEC/wBfuIfP1JzZxncIlQhY1zh94B5LHoDwD16E1znhfxxp+u6xqNjeeGdROmQWd35F5NAIFe6EW5BMGUZzwVHII4APFN8C6lfi812LxB4cjA1a8Nt4buFjW2tYoAeGeRwwkDcF5F42kqy469FKnl8XzxwtOT0VlBpu9moxckldJfZ6a630iri8wStLETUU1e/MveUo6NXt5NtPS7dtWdnd+Pp4baGCzaWVUV0WcRNICuMNwq4yeQBnnHoa52++IOox6ZM8dpfTXKQySjdbSPCNq8OyBTjnAHJIIGTyDRr2t+L4jeaLoOm2ULWN3bQwXAso3huIvMH2qXzyMKsYJy3RhwAB8repXXiyDwlp2gxW2iWWo6nNbNNrGEiuoriMcuzjGIowxYcZAXgDOCNpVsPFLlwbvLRxW8Y+49Um2tOr00fY5KmIxs5WeJ0Si93e0VFdLpbvr0Wruz5d8P8A7XnibwVpGrQTeEv7WE9w/wBnvr6zmtzDOpMYRSV52qQ+M8jv3r8n/wBoPxOniDW5NZmDRXOrahd3c0EKEiCW4Z2K4AHGcAKSOOpB3V+2utataeK9Huo59O02FL5ru9sYVsoIre0MQY+X5gXnBBKlvmJ46c1+DXx4urmLX75rVYmmi1m5VzEgKZjkZRtU8Z6Y4znLLwcnvo4em6UJwUoNzSkns7crs1ore9F3073Z4+JqVOflrT57JNWejXu9HsldPfZ9z5F+JetXNvbJHCfLhndIpY1VhIVQAHeMHbkjIyOwbHSvrP8AYbvWFn8T94IjfTYVQlslUZAzEEKCdo/vdSM98V8feMI9V1IyR3CJDK7uVzGrkKq7cE8nLYGO4J6AAAfV37DVrcR6L8XJZHaQW2nBcMMgFYySEIAP8J6jpx1wT7+UQjSrU4qzavom3eS5b9Xa6a7vW+jevLjmnhJPms5ctlotU4Nre2rd3ey28z3r4P8AiqDwr8YvhZrUjo4sPihYSpvfIEMt+kTbhj5VZWOegxxkjk8b/wAFE/7M0n9rz4uXWkxRRWesTWereRGQIkkvrYTyvHgYYO7bmI4zuxkYavlbxR8T/E/hHxTdXOl20LpYXsV1ps0kBaO3uoZ1uBKCOAwZcn1wcDitH4t+OfEPxaOi/EzxOI7rWvEFoNPvLi3TahaxHlRkjGOVUnaTjOQPmwCqmWKvmksc5X5Kcqbg9UlzJptPVJWVlZ7d7mGExfscK6KdpOKV7662bSS9Hr0TtdM8NjvVm1GynIUn+0rLnO52HnoCM/7Pr2x+Naf7Wkpk8d2LRIWceG9MxwW2kQITk54wQe/XB7ZrLSxkjvbDzI9qJf2ajCnJHnJ1OV6nGN3T3+8df9qiCNPHVgSZCo8OaVyqsAGECd884wCcD685x7+DlThL2a5dLPVrTXfbvdLfTZX0XHVi5vmSemraT3TXN301Xk2k3ufI63F86MksII8tmOUKnOCV5HJHHB47tg4WvvzXPEB8LfA/4T3yWL3xmtrpRbxkoyHIDMSQSewwRgjjtgfD0cUUudzS4ZWUEnaGG09Dk++AQOcdcV9l/EUm3+BnwnaLJiSOdIyx5fd12kc9QQxPPPJ6114unTxUPZzhzwvaUXpf3U7Oyb3uns163Ko1J4apGpTk+ZKLT00ulfTrbXo29XfRnhmp/E6/1S32volyFMhBd5S4VR0K/LwR0A9Tzngj3TxJeib9lzw7PMjx+b4suDh8FwA3ylgAASF4OBj3IHPzIl9mRYvJO3JyhIILDOQTxz83POMY55NfQvjB3f8AZh0CTygiN4rnG0spwUbOV46MB8x/PsTrl2Fo4ZTp0qTpxlDpra/Ktt9U79bryJxGKq4qUZ1Jxk+ZJStZfDp52tbXp5M+XHuLGSTBcOjnILOFDHgNwOO5Gc8HnB7fUPwNNmPgx8eI1d9stpZE4AJjClhjI3fLkbgfbjjGfkD9y4V9oDEjAYnaG4+UZ6BmHB9Rjk8j61+A10sPwq+NqGNVVrC23AhSrdT1J6564/EnpXrYZKMnyOTfL1b2aitLq76673Wr1PNxkZSjBtq3PF6O2t1e+t+jtZL5tny5AtoxjhaWRVVV4bPIBA44ztJ45GPbqa+qf2Xktx4p8dtFK0gXwFrAIUfOB9mO4qSTjHIOAdp28nk18oi9GeEQFmCl8A7F6be4Ofw/DAx9UfstTRt4p8crkKB4A1lW2kDcWt2zyR9eepPU4NdGBTeJV9U7vRdLaX1cX536adGYV7xotqWqau72i9uVXb1sr38tLo8Jtdc8CW91PBq8d20yXN08rhSVCidyEwOc4AHG0L2APFdX4W1n4ZP4u8NLZx3i3B1zT5Isxkxm4NwPLZ+OVyc8kjJPB614Ne2ym7vZWCfLe3O7cwzsNxJjII6cdOcggkHNWPCa/wDFX+F5Y5Sklvr2mbY9oBI+0KVxnt1UH2Y9RXdTjFVIppv3via/wttL8HZPa3V35/bXiuWOm3vNJ2Vublu7NW0tpZX31Prv9pbxDo2kfFvX1uftH2m5ttPbzIl+RlNpFlQPTaoyei+pJ4+bpvFOiXs5gihuRvVEOAQM+YMMwBAxyR1HH049P/aunx8YNS8xS0jabp2VkXKp/okQyCMEgZzzjOT6ZHzlBFFHcRsh8qQlSSgG1iXUYY9iT054xzk8jqnGm6rbu3zx01d2uVK3W2ml9vIzm5ShZWSsr6WdrR+W+q8vnf79+Put6do2mfCubUhcBZ/BVrHAkRwWVVBIJHTcMgYORjJA7fNFv458FESQzQyjfuCllO8OeuXGBgk5OBwcdcYPsf7Tci3mgfCATsrJH4RtlBLAZATBHOcHnjHf5uSCa+QEtNOeTzkMQRB90fe34A4Y5+bOcc/N0x1atK1GDruXK9YwVnr9mN2nbWy1fmu9jPDVW6UFddt76Pdq63s3e99VbofodeaxpQ/ZZ8PT+c0dkPF0/wBnkK8QjaCWfJGeRk9fYbQa+ZW8V+FJWlL6nEZs7Q4KKQMgHbkHI67gOcdDzz69qEUM/wCx74fgBLB/GVzsG75PmQhgTtB2ryORnII9h8Vy6Taq5dHjZFccAHdlW5AO4YAzjaPvEA5I3AKrCElCXvWirKzbf2dXs79dbffYinN01NK38Tm1eiemuj37N62emjTP0X+Dsujah8E/jSltcRS2ypZvKUyGMpK46ZJBJHTgHIOeh+U5FsFZVx5ZiRBu3ZUAt8xB6g8ZGR1OM8V7p+zv5Vp8BvjzuVyH+wMv7sgABkHyg8gdOT8uOK+d3uoAiiWNcPtwzEAkADAZcYJ6ZOM9QBySOWUUpRj78o/Ct76cl77v8bK2q1TOqE5clmlZ3a2SteFm9W1qntvre97n07+zDJbN4s8WyLH5saeDtWcSlwudsEhIJbJGAhyMcFWA7E/M+qfEe4gvLxI4mZYbi5VQZcq6GVgNoxjCjBC8gZ545Pvv7NSeZ4w8TorxRwSeDNbKojgbyLaYqo5O45C5ABPZQcjPyrLpn+lXHm2y7mupyFJBKgTPwfbuQeoJNdcZN0orlejs152Sa663bs0ml1atryzg5yneavo3ZXVrJ9LdW7avm9D1j4Q+L5dT+KHgOAwuqT+I7FOWVioaZQcYHQjt+HBGB23xhhth8YfiAZMAx6/c4LFNygNgspOQBk85P3c47AeffBa0hX4r+Aj5Ma7PEdmQQ3IUyKAF6Z5HO0g5HXHTsPjXdW1r8ZfiBJcRI6x69cErv+ZsNtwV6NyMEZ6gDIx8vRTi5UJWT5vaRs7N2bS2ae99rbvqebiYuk03Ltd3bVtPlfXsrpy62b5uXw3p5iSb7XawSXLK7FgpB5Dc9zkdDgcn6E/Q/wAcmh/s74RW4aALB4SiQt/EyCMBju+XbnPB7ehxXyNc+LdMljaG3jjacA/KZc+WAy4CkkYI5xg5bk+tfR3x+1KWHSPg1OAkYk8GQuSWCjPlr8zsQcjvz1rCpSk4tNNJK1uttHo2tnq2raLXoKjVc4pXbv116pW1s7NvXzu7bXXn9zb2l1bRqsoZYgN2OTknpwQM5PIPpkcnn1LxVosf/CgtAdZljtv+EyZizjncdxwTkHr6jPU+ob5l0vVNYk1NYHaMxXTGYPDIoAUZIyOmO7KMkjO71P0141vMfszaES7ru8ZuQ+3ClgzZwwHIzgkL9COavDUkrtOKtezaV004+iSd0lpqk0rhNRU03KSd7X5tLqzt532asumnVeOjSIrW2aVL2FvOiZj90At0UBu3y4xwCOK9p+FXmRfBv45SBYhnTbIM4IKlcsQeoHPYnI4HYg18ja3fGCwsSLmdiUYZV2+fcM7cZxgAHuTnscgH6Y+CNyJvgF8eJiX3mxsVxI+QCGkyMjkr12nvx16jphS95Xd0kmnbfSPuq/ur1vZtNJcysZcvPKXJPazsna91GTdlZdU72bve+lmfOOmTIklsZHiZJAoZQ4AwACpwBjJ5IGegGQAK+pf2dZLJPjR4XnU7s2ephFX5oz/ojDJIIDDj1HVs4BzXxDYTQrJD50YYFV8vE3ybhySVBAOfm4zg9CD1b65/ZivYLj4q+G8QRlYrLUtzGbIQi2Y5GDnHY9s55wBnNULyTinZNK9rXVo6/DfXre3SyFCnPlkudc2j6p3VunKn6311ueUandJcfEXxiJYYm/4nmpKAWUYAvZj+7OOCQRnGfvAHkmumsLe1uPGPgmNYxgeJtNbCsGKgyocZUnGSRkk4BOegArxvxrqtvY+OfGMwUbxrmpbGEvIP2uU7lx25IyM/LyDitTwD4otLrxt4IhBfz28SaXkmfcNxuEIyMgA9OvIzjg11U6DTu9Gr6O9tOXpazTsrtWe+l7pclWNRXjKVrXb7X929tPxuntc9t/aY8Qf2R8ZfFMK2wWKRbCNS8iBRi1iG4DaWAyDnOSMHg5wPm7U/GchMVusUAb7TAG8qVBlTInP3ckg5yT1Pfivav2rZtNt/jH4iOqJGonis/LZ5cAt5MWW+UZ5zk9M5wTuYV8k3N7oD3SrbxR72uLdY5FnJVisgJ4zgYHQHhj6nmumFH95dwb1W920/daS0drNb6PZW3MpVHyaz1SVk3tt0s153T66NH3p+09408QaG/gGfRNTn0y4k8DaY5ljKs8kgRH5OARtU9+Txxj73x+3xg+JP2dd/jbUpA2CYy5IB35ZeR8oJOeuBzgHFfRH7UF9Dp6fDKdrMXBl8I2AEc75Kxi3QDAwflJHBwFHPAr5Em8SWLP5D6TaqhZWyrLyuegwM5yeeeoGDjOTH5ZRq1+f2MPhjrKKk7Wjre19Lu7e1tjSjmdalQVNV5xs3yxjJ2ta20Wr69299mfpd8C/iRren/CWXUYtt/qU/iWMot3IPLkZ41SRxy2ASRkEDaSX+bHP0VovxH+JWo3cX/Ev8OQiXlluZgpA7ZdgOcDHPQEnjAx8HeDvFNx4U+AE/inS7O0eW319Whgmw0cbMdpJHKkbTx8vGARk159cftP8AxFlRFjtNMESMUR0tiF5xlQ64J25wSSM42gDt85juHKeJqqap09Uopuyatbz2uuife2qRhgsdNur7So787dt29VfZX6u179GtG0fqfYa741v/ABxYNPZ6JDJZaRqzwmzuA8BkFvKw8xl4OcDC5/iAJxg18eeI/FXxVurua4Z9KIhnuf3ccRcLGJGODgdTg85yee+a5D4I/G/xp4k8XXNjeXEEccfh/WrgCCIhmK2crImWJJO4Etz2PGOK+YNV+PXxAguNSgj1RLeNpbqFFMCkgiVgw3YbJ67gPXaMdaeF4a9hKPLCnq0218VnbS/V6Pr6aO511cbGsvZ82iSSStfVpJaK1vV6eR7dr3iXxle6lZvc3Wnl1ubMNHBGRIimdPl2hsdSRjIJ64zgn1v48eMPF+ha/wCGo9EgtbiJ/DVhLI0qgYmEaHYSScuSSMAnnschq/O6w8e+KLzXLSfUdWlZ5r+y3gRhQy+ehJyoGOMNnA5DDoMV9Pftc63eWfiHwRFb3lzGkvg7Tp8I+0MxijYMxzyTxkZyGHHIGPooZVTjh5QlGD5nBvTZqy1tfX8NNtDz/aRTjO7Simmrq7u4q7d99tL9upoL8YvieYpPO0nTWKbgjNIq/MQOoLA8jsDyAvK8CvZ/EHjDX4fgF4V1wx2/9pXniG5SaMyq0ZLO2EjPUKCATyMENzyM/mRDr+pvKY59ZuXBJJSR2ILkHjP3sgKQV5B4z2r631nWLo/syeD7oXUoZfE9zFIA5IIG4hkBBIZuu/nnscg1nHLaFFNckEpLl1tqk1e6WjvfRX0vvsTKtTc4tP3lO7d76K22qT3Wur330Mt/ib8ULWUxww272jEgKIhJCrZJwGBwSB0PzLwc9iPpf4OeI9d1/wAD/FmXUFVryPR0RUMZRVkC/eXkrjAIxyOfvY4r85YPFV6itbvPqbsGbaqs3JzgdsDI7kfTOK+z/wBnDV7rUPAfxgSQ3MZs/D/nBsku+I8kHjOcKME/wkgdSKz/ALPw8UmqcL3ulGzd01ZPba61fXZ7J3VkqkNKjasrK90ttOlvNSuu10jyqB/GLzKsVxaosroY1LbicMV5HOOAcqAOnPOK9Y0qHxPZ+IvDN/JNayr/AGtp8bSByBkOqsm0nrg43cYzgDGcfMafEa6skR7bTVe8WXbFIxDbY1d1BZDng92Prk16DonxB8U61r3hdbxo7a3TV7AosCAKQ0q7i4JPpyflzwenTqwuH5sRSi6UUotXdknZuK23uradXe93qlx11KnSclPSyd4rZqzs73S32STS02ev2B8WPjd8TfDeu+IfBWg6doVnpjJueaba9xMlzAm6fzMgq4BwoJJyc47V8jvrfiqaYR3TaYkcyF53VR+8k3F8ttAXOW64znk8ggyftEalqQ+LWuIt3dMzWtqTJCG2Kpgj+UAErxncME84FeK6dqcwYyyXV3K6MmY2LY+9znqWXuR35GTkCvbjleBo1KjVJxlJ3lqrN6Sd7u7a3tbVpdzxq2Kr1o05Oo3yNbqKW0XZXd3olstV2P6Mv+CQXh3xVf8Axo8A6rCbHUPD3hvSvFWu3txbQiSfTdTg08zW8bgngbhwwxkjpsxj8rf2svGHiz4j/tA/GzxtLh5NV+IOtCZ2jCxBbS7kgjUktjkRqMc9e3Ar9kf+CDl/PqqfGuJWkWTSPB+s6nFLGOUWXT5wYwcEqTt5A5w3cV+HXjrXILnxV8ShPczRmXxl4nupN2eXTVLrbuOMKSQMjPzADI4OPyPIsLGfiBxFJU3y0aGGpwUlouflk91azsr7K2i00P0THYtrhTKafPFOb1s+Xmd2knrsr3t97dkcr4F+I3ib4d+OfAvjixsoJ9S8La/pWu6TA0LSQyX+nXkbQfaArKWRpCFbvg478fZX/BSvVf2gfiN8a2/aA+NPgDUvBsfxB8M+Hj4fnuLCXTrDUbFdNtSj6cjFyyYzJ1bg5J9PzuTWLy11PRr6BZbgadPBfJGzfu5Tb3C3AjZSPut5aqS3GDgZJXP6Wft0/wDBTjx1+3b4L+D3g7xZ8O/Dngix+Eei2elaXPpCpJcauLTTrfTDPeMgARTDCsmwjAdiQAcV+k0sppVcZDFuMY1IR5IySjqmk2t7Pd7bs/P6+PqxUKcbyk3rf7KtHpq3eSTtZ6b21Z+Sd1pWoq6sUvYxfh54DJBJGk0TMRuhLgCRc5G5CVzwOgq7pVndKJUeDiEMzll2O2BjrgknI6LznlVHSvZ/id8Vb7x3F4Asn0PTdGg8C+GV8PWh0uGOJtRRZ2n+23rIo864dmI3NlgCBnjFeYW19LLmCRMeczNJJu2lV6sMYyBgEFec5I55r054aULxirr0unomlayW73aVrX6mmBxj9320ZQk7rlvzJNuKV+nvP3tk0rKz2X2R+y3FIvhfU5fLAMuuxgFgcHG3geuM9sDnB6c/sH+yLpdxJ8WNTt4JXjil8Pw3EsoHyKYp2YKScYLEFQOO+Bwa/J/9mjTDb+FLaYkzWt7rlzLGzNtEbwxAqOowARknb228HIP7d/syeELrwt8UfCNhcXKXl7488A3erWVtCPmcQySNDFuGctuALYHOT7187nWGxONyvHYWjTlUqSoyUYx+JyXK3qt9102T1PoaOY4bB4nDYvEVYU4RlG85yXKn7r0eyvZtbLV303/Ff9q++s7r9pH4rXih1aPWlt5FUZ3usZiJBAI+ZuW5xk4Iry/SkHn2Ris5SiR79zKeBtPQYHGepBGMcCvXP2qdOn8P/tJfFfTWVPPk1pJ5VZcmKSRPMdCOeFLbTn0YeleQ6Zqt1NMgMpKR28vCBUKYL8ZBBwPXHJHHHI5slpTo4DD05XU4UacJp3TTioLWzT0btZRvdKyZ6GKqUZ1qlVTTjUbnCS05lJqVk73cXF30/DRnaWUl55kWyOKMbZMchXAJzzx1Axnjr1OfvRLNcLOoluYkzMSpXBIUHnkclic444GfoKemsjNC/mFyY3LctjcAMA843BjjkEHAAxw1ZrzgSzEAF45zkh9w2g/Ngj365HJ7YIr3IYdtJtrotbWV7dFfW7bvt12dzhVW6fLFJK12m0rtLor9Vo72to9Wat/dhLeQiaST9+jbNxGMkegGQcA5BJ6McAZqpBcW4uIvnLCTJcsSARx8pGMNjOOg4OcLxWVc3G+2u5din50VVHJ4IAIBwMckk98bvaq0bTBUaPPmM77sYwo6kYycKvJyc9iOK6adBP4042atypvRuPw3ve+ie1rr0eUq/JL7rLWS3Wqvq7rTv0dntvSX1tH9paKBnCsc7+UUZwdpGQe+BjOTkAYxV7zsm1khiImMSOjMc4yylQRjG7B9vXoCrc+qbo2JJXKNvIOdxyuSccc45x16HvW3ayRtLa5O4qqR84ALFhgcYzgDBz07jJYtc6UIRclFtpaXT6tO9ndOzTSSWnX3hKvz3Vraae6+rUtNe+uqdrdE2LrU0yxXEToIg0kTnABZiTz/ALoJCkc59g1YQJUTFnY7IWAYdcOBg9OCMEDJIHp69XrjGWeZUVMiJHJAGcrtwvHPGcHB449Dnm96SwXxeMrLnbwp64HGB0Hv0xyOOpSjzU03FOWnxJ2Wq5uiV9dtNtexM5ybSte9tbpbO97Wtovw0W5PaojR2u8KypExUBRvZuwKkYwR0/vHuSeFERM03lHbHG7ZRSQ58xQGGepx6AkgEH7p5miQKtm37sKsWWBBJB4wSOc9MkEHIAB65qJt/wBoZ0BUNLzt4AHTJOed3BHHHBI7nSVOLgtFzKzla91tqnvZNWWzW6Y4ySknK6ipK72fRq21rXel09tVuS6Sm2KVyd3kbxkryC5BwPdeT1I/ujJzXjX7QErGTwojN+7FtOU74O0AlRx0xnaMdcHpXtmm5jtL8OS3zgYY4IXccnPy8DJI6bsFuuceH/tAhfN8J4Klfs0+AxA7At+OfqegPXFeJmPM6E7W3Wq0k9rX36q97dbPds9fLpJ4iCito9Vbqlqr3emutvXVtfPwnUjHVlBGeMHA7kEDIxnnHBHY82w2Y8naGX5lfcMNjBA9Dg54Izk5ycYOIHiWSQSMyr3AHQ+gPOTkEEckAjpyaljdMMFkyhACqc5XGQOfVicD5T9ccL8/d+67u11qu946PS2iXVL4Wm/e0+ki5q6kl07X05baW666rVtpJJWNJ55xG21ifkPYZGMkkEdM4AI5zyeQQR6F8F50/wCFh6Cz/vM3i8dkBKZOBz6Ek5BwcZ5FeWiXCyZ+b5SCSQPujt9D1HT+dei/BRi3xE0SNVDu94FjOTyTtYnPoC3frjPQ0QSlJ8zfz5uqik22r+9ZNdk1du5zYxP2aeu63dtPdvp5vp0aR+id/ck3c7Fg8YuDt28AdM475HT3PFfq7/wS6+IVz4U8L/EdctLZv44W5cMpYxsLNFj6DkMwwe2eBjJx+SmrWN4l3IrhhF55JKKRjvgZBz1XPTBA545/S7/gmrZ/a/CHxSaNndI/GcBcBA2FW3jJLdACD2GMAjGMivxzx8nRoeHWYyqK8XicHF763rQ3fXZJp6dV3X1Xh1TlV4lwySVlTrSs+v7u2t7t6K/ZadD+j34fftQ+D4NEFnqNtfWt6IWV3SJnSV/MJ+RTjBIOeQQqgjodw6u6/ay+Fmg2F1Lql3fWiWsT3Ekz2rFnO3ONuCSGGRt3ZYYAwQTXw9Y6X5lvbPFYjy/sx2yLGcs5J5CgDPGM43HJzxxXiPxd0e6utBud8UsIXzEKxJtaRVQ7S24n7vQE4A9MMM/58YHPXXzHCYCE6dOipqEWmm1G1N9bptJq11pvbc/dMRwngsROpXmqvNNqcoqo0rJR2Wlrc3e9rnq3jT9s/wCAwTxjc6R4Nku9T1/TNT0mMW8KW1lcJqMckTXN1DGoDzmRzIWfOTkcYyPxi1LSLa4muTFGsVtNcXEiRxoFaESyM6Rr32oDjA6d8DJr1u38Jw2qyMcyNIJGcOPnTLMVyuevXJHc9PW/Y6B/q82m9RIwXK/MeOS2RgjnODg84JHNf0Vk/EMcowipRxVatbVe0m5pO0b2drJN2ukktN7HLHIaEJ3hTUeeMYyd3KVo2Ufny6JXtbyR80HwNfaijwWluWWRsrI4yCvAJI5OMdiME846Ysp8A9Y1mM29xfxWkSZULEpLbM7sblIJBHXBxndnjGPr/QfDKFgwibmQqRgjK8kqpzwOQM85I/3q9u8O+BVZfNktkG4narKAFUc7uQcn/Z6c4BJGK8fNvGDH5bzRw06MVeyb95t+73dlrtfsrdj1sLwjl+IaliKdSaSSs3ZN2Tsmnpq2ld9tWmz80E/ZZ0h5gdTe9vFjCqqIoVM45YZUZwQWzzkcfNk447xV8D/Cnh6y1K6trCXfbQSSiSZssrDJAUY5xgcDqQB04r9d9X8NBYsQ2w2qSDIVOAdoGFZRwcHLAYK9iGwB81fE7wYk+j+IJHtwEg0mc/IpABwcZPYgZOc4JyOQcVtwx4qZ3mmOw8K+YSVOVamnTjLli05QVpJb3T1v201FmnCmT4fC1J0cFTU1Tk1KScpXUVZ8zu1LZKzer0ezX4u6jefZpZE2j955hQA4KhAwwR2BGC3TGa8tsb6a5vhEdzJPf2SYDkA7p1wiqM7uB8x+bLEE84Fd34r06dNUuGWR0jjW7UgnBB3HqOcKQu0EY74PevPPB+lSya1oMUkrMbnXbUgqCw8uOdSAcnrnGRtOeegBr+vsvxEZ5fUrN3ao87b01UE3d6XTSutfPufgOYxccRCiotR9oklf3Ve3bo3fzd9Vrc/av4H+EdPu9RsJpbQv5dtYiQcjaRGm70OSMAgkgDaOcZH6cfG6LS9K/ZL+Mq29sscM3w71ElCMsSIVBfnHIA4yTt44bkH4q+CGlRJ+8R1DD7LHkZyNkaKCTnGAQQBkdwM4wfsf9o7en7KnxjjONv8AwrfU1jO3G5jGSTn27cdskDoP4i8Rs2qYzjHh2l7Wfs1nmBtG/u64uld2ta9tVL5H7HluFhQyLHSUEp/Uarbsr2VJrda395Xet9Wlsj+Gnw54j03T5r+w1B71Wnu724t5YmI/eefJsRgMfKRgnrjacH02PibJc258I3McxzJoxnErA7mD5wFyfmxkD+HLe4NeRXELeY8m8iX7VcKCuSQGuJOV9uADj3PWvd/ihpSjTPhzg7i/heFpGJxuJ3k98jvnBwM5/h5/0yy5ONGim3pSp2T/AMMLWSWtktbO7TXqv43rSlOpWSTbjUbTVrayTXlbR9b20fRLxj+07zyHeSVjIZMknjIxgZxjIbJGMZAzkntGtzdqCscgbIDMcDduUg4Gep5GBjPOTtXpoi1ja4RcAqQAyEEoSvGNx6kEg4yCfwNSmxl86FnjO0sVwUCdiASTwcHGPvZAJ7rj1k03vd3SWru72Wt1u29/+Cc15OSu9mlvq9Ip2jqle7u3b1SsylN9ukdJLl3QlNyBl/hGSnIIJ798Ac8Z+XShkAA858sWUrzgkLjjPB4Jzxk84ABNVbu9eJGRUdto8k7zkICR93gjcM5+mBgAVRjlnmKscgRAAna2D0OMDB9ztIGW6HNEpNq17t+69W7O8VotL2Tfdd7GbfvRSk5Xa5krybbUea6a6b3XS1+x+ifwvnjPwn07G/JuSQCTgNnIBPGOvBxnB4PPPpV5fwXGl2yfMjpLH1yTxGoBwRwCAckH3yec+P8AwsucfCXSyW+VrlhtAPUHaeevOOmRjn8PS8SyW8ZVFKs8YwRhiAqjv7cHnBJBHBr5yjCTq15Sk7KtNK219Nb21t96vfqfWOpyUKCV2pYeF77Wsvm18tttbEcU8TBVUEMLnAZ8kHLYyADknkNgDPUDONtfDnx1+IGsTeKtS8LxzQppVo67E4BkkVdwXkcbm4wMA7ienT7iRAHQnCgXBbbg8tkEndk44ABzzkDvwPyz+NWoyn4o+ITvJijvVGQAQo2joDgj1Gckkd++9bDwrU2muZpJpS1tL3bP09ftWs9dfFzKs40YNe6m7S0tdO2js3vdX17WOI1DUwjyRzWMjXTDdiJ2CAH7xCjgHaMggc57cmobTXRKBCILlbk4CK4OwKvAO0jbnuVwcgfLggEwWt9FJdyTSENcrJ8hdxv8vAGQcsCTjp+fPA3/AO07a0DXU9rGLhiPIZNpZUBxhQARyo+YegyeorhlB04qPsZOTSs09r283rvfq3c8LmjJqXMleVnaOy01dkkpa6XV0+3Xa0XU3e4WJLYRzTqU8xkMcYKc7l3DAwM5BGCB2PIvzRXM07iZt5lZg8keWWLB45BwB04A4bAB4rHh8QadewTXDW6RXK7Y4HDAbTjkqF2gE8grzyfvDI3XYL2CKJ2t28x3VSzF+TKCTtcEHgMRkAcA8g4BrgqUpqfNTi4SdrbON7xer33366W21fTGrFrlk3b7KeuitpblTbfd7d77ba+HbHUEAGpiGWIKknnqWLsxz8g5wE4yvGApHqK7PTPBGqW+yC31U3jOI2MsJJSCJlUgSspyi4YfMc5A5IPNeL33iCewmiJIM5ZvMCqSmSWK72BxnkKAuCw4GcV6Z4X8aQQaPelpHt764VI2Z5CF2tyFXJyQC2MemPTAyxEc0p0lKjWc3KSXs+Xu43fy+J9V1et36uXPAyk41YqOjlzczWyWjXw3drJNWTu+uvYXOh+KdEgkuI2aKBJwHkdzIW3cblj7qT/FuIBP4Cnp/wAQ/GPhosmjaqsHnl3e2Vdyu5yvzZ4ORk9RnhulZV18Q76XT2soZ1lNvG0LOzb2cvw2OgCjkbzzgrziuKmmUNaTQOpfZmU7hlDnLfeBGNxPJz2zkV04CWOkm8Vyxlze6ldJxtFbO6u3e11bq9Ls3r4nBwnBYWU1ZXk7PSStdrVLe611sr7vT2T/AIXJ8SHCrcath/LDhTFyBwQFzjkjsAScE1af43fEe3Q+ZdwRRvGAsskG0sAcEtnIAyOM8c5BOePBbrW1N7Cm7d9mx5jO4AcAqSSenGeBkY5wMnJ19U1prvT5jHgRBTgnDgCXBKoQM4AGTyeBjPAr1JSqRcUopxlZN216Ja66WbvbtrscixkZc8ueXNDTVrbRaJ9Ndd122Po64134r+MPDkQms0utHuyjROsDKl2yMNxiaPCsUIyQMbSuMDOKlsfjt4z+H9tb6LeaFZTRWgEaF8xzFYxg788ls85GAR19T+iP7DP/AAiPxM+Gdjod/p63V14dt3WV7hFaPfMAUKnG5WOCCSBkHHPWvh79pbwZZ6Z8V/F1laQxR2cHnm3gAAWM5yQg46+2ODkdSKzw0a9SdWMpqEILSEHZpq11zJ9Vo0tXe19D08TKGFw+GxNGbc60YQlezSuo3Tvorbtu3rZXM+3/AGr9XeJnl8MRh8Fw0dwVK5J6KByeclsDrwcnIv237WOoTTbW8PSF2IjCm8wdwJxgBRyTg5PADEknpXiXhb4fX2o2lxcyW08iBV8sRIfvE7YwBggh9wAGSCMfStPUPhxruk3ei/adPktkuL5UjdwUkOSOHyDtBDKTk8nOCeg86tm0cPKpTWK9+EJNQ54uVopPtd63Td9mr2sk3Gda1Kq4XjPl5ny3dny66Jq92rd+m2nua/tKauVuHbw1dBmG4YnYYJPYbcsMHHGBncd2ckutv2jbiXzWm8LTyELlg8xwp4AOAuAfoRgntkiuo0n4ZFERL2xd5rqGGSBmiJWQP/ECAVxnI3dc4z0JPTJ8I4re6u0awRDbQSXN0qgHKiMOrEAEhVzljjHODgCvhZ+Iapy5FVi5RaenLrZpb63tZXva2+i0PY/s2Timqa97ZcrTV7au+3Tztojz60/aRhfb5/hW5KqdqxtI6oCe4GM/MDkLzt9TkGtCX9pPSICBP4Qu28wgSATOBwBgfKBz2I6fgGau4tvBXhi7tDL9ht0a3h8wGTaqySoTvcHoQBgAsTyBkDbmop/A/hnWIGf7HZpI0ZNuWCjJAAZjgEkDHGApPTIPNVDxCre11hLlXKnOy05uRJaq17abO+iTTMHgYezaTg5pLS8lezS/pdtE+hj2X7T3hK0VUn8JXpWXbx5zDgElgGBI5BGDjOMnoK6O2/ac+Gk7HzPCmqRFhgBJH7HDHquenzcAg/erz61+Cd34r1QeHPC9gl/q1ytwbUoSAfKi3EDggcZA6ncM5BHHlHg/4FfEvx34qPgzwlod5rfij+1JNHi0qyRprk3iytDtKoCAgdSMngYByOcfX5VxjTxdLEVpYulQjh4c9WVWVOCp0+X4puVlGFk9ZWWm+pwPBznKNOlhpVXN8sVTjKUbq11pbX3tvxPqhP2hvhOx3jRNXgZ2OShdeB1yxBBHHTg5OABkZR/j98K5GZhZ6uAxGFwWKngY+5jkdMckA55wB9y/sif8ENfil8XLyG6+OnjO3+EdjLfGwXTxGb/UnuIR5kkFwoZBaPMm0Rlm+8yg9efvD4a/8EQv2Z/EnjPxf8NtV8c+K7rxH4ZnvILOC3vVt57q3gt5JUvpgY8xRs2NqkZKjcByBX5DxV9Knw64VxeJwWKzuvj6+CipYn+zMDVxlKmlKnDWvTiqL96UVeM2rve7Z7mG4Pq4ilKpUhSpKEVUnGdS04xbSvJLmUXdO6bTsrtdH+EJ+O/wvDSOLLVjvAVvlJycdSeCO3fPToOKhX48/DONA39j6hKApyxAXIB3ZBKg9ec8Y7/d5/RD9q7/AIJhfAb9nLxBqHhRfHup6lqh8PN4k0m3utXWydY43Y3UVzK0ZjIiTOwr99lIXJIx83/CL9hf4OfGfWtN8P6D8TvEK6vrekm/s9Pt9Pa5tbURybLl5r5WCtDCm+Vi2CwBG05zX2/DnjTk3E2R0OJMrqYl5ViKEcTDEVMJUhJ0JPWTg3Ka5eSSeiSaetr34q3DlOhiqeDi6cq9SahGMal05S5Wm3ayWq1V7362svAB+0b8Ngqp9hv4/wCFsJu2jJztO3BGCQemTnpjIlX4/wDwsZlLWtyFcBXWeEEA45PHY/yH3uc1+nvxV/4IH2vhHQI9R8NftMaLrWrXuhw6vaeHxornUJlm2ZWPaWcLHkhiAAeTkCvzm+Ov/BKH9pz4K6Tc69qGi2niPwvp2lWmsX3iGxuW8u20+8K+XNLFhGXaXCyINzqxINe/hPFTI69WlReZ4enVqwhOnDExnSvGSilaUlFXk3azbbbtq074PhXMKrk6OGnU5Jct4O6vG11GKd+u6TVk0+iKtp8UvhVrKFI5be2U87XtUyw3AHkH1yT1546rxbufEfwtmjRvtVtsDAbreNUccZAwc7QAAeecgA18ufET9m74gfBvRoNd1W801rW70S017fbXquVs7sK8cMcTqHeZQwEiqCFOQeM18q6p42v53A025kggZUaSMyA72wRJx1wcnpgjOOpBr6nL+KIZvS9vgHhcVRjNwdWn70eaDtJb3aTumktPNaLz8flE8rlGhj6dShVcYzjTlu4PltJWe3XS3RpH6q+F/G3w5tdUS20rWvLme6QymeOKRUA6FkZRhCQM8gE4JyBw/wCKHh/4g291B4hUXGn6NrQ86wnutPWG2n09SFEyysqo6SD5kww3g8dK/KaPxFeIJb+C/e0McYjkSNiGbJJbDA8jBwD3I4wDX1X4p/bM+IHjf4KaZ8IfE+rJfabpYsIdEvI7ZF1C1tLIGNYJLtQJWXb1O4BhhjnHPViMwxUqtGUKNLkdRe0tKUOWNlaUbXcnfeLSTtp550HgVSqU60pxny81GUXfml7ujT1tK+ztu15H1J4f0TUb0h5NY06VIwm1Hs49gYA72AR1BAJ+98o5zjbg11tv4eQXR83VtJDryCLJwjNgDtKcg9gCT14B5P5OW3jrxTZXUi2niLUIo0QBYortmJRQM4wSd2Bg4ByO3PGzB8V/Htw0htvEeoRbFLqryEsfLHUErhiQCQF44GPbted4iFOyw8Pd3c7yUvhSet2vu6WSbtfx6ioOVnzXbu16KLbTvokrWXXTRn6mvoASaS4bUNPmUjBMVnMQjDOQqiY5K9CNvbuCBVVdNmtnNxbeKp7UMWUQRWbmMFiBkJuYgcH6FcA5NfmhZ/F/4mx2ysniK9STzNqhyC7sc9Bt/iHqcEAgkVLZfFr4uyXUlu2sXztsZ3JQGJFCn7xC43KADgdM9V5NZPP5RTcoRjLyk+W75dV72191ZNa/LP2dP3UpStdXbi5K7UXa6d3p6J9NN/0dl0zU5popv+EqtZSkquHl0+Uu4zyrESgFTj5gADxnIBNdzHreu2xWFL/w60ZjAZX0uYAEjAPMp5br7EkkHcK/Ju5+NXxF01PIHiKeW5YtLHhQQig5wQVyGGCNo5HI6FqnsP2hviKymZvEW8j92VmjG4sRgEDHAJzgjpg9zmtqeeVlSjKKlGztzxk9dFdN8zV9eiT2RpyUuZxlZtpK3K/dbte129lb79raP9Wx4m8TWJaIz+Ep9xaQsbSVDg5IUgTAjqBy3H06Lb/ELxlFM8RsPCbxIN5VUmjL4PAwJTkEc5Kk4OP4Sa/Mc/Gb4q3ca3CanEwZFkQyQKPMIHOMDk4IHPOV98jOf9pT4j2d0if2hpzSBAsu+3AIKnDJ04wMgDP3cHGOVdHiCtOaUKk+a6XLzbR91t9PXr5rY5pUKUeVO0U0rWile/KtW9bara299rN/qjF8XvFqzEv4V8NyxooA2TSxlzwP+enOc8N069xUsXxe8VyzhW8DaTbqUO0x30il1I5K8kHvjnrg981+WKftR/EkASzDS1VJVjAe1C7wx4bBHzDGTuBJzzjk13yftQ+Okt8tZ6JcmOMHeyY2F1BKjod4yfXgD7uMV2PijFUXZ4msrJJLli07tbabJee/k0cyweEqL3pxvdt6NNbXWjTsuu99dWfopN8VNQhV45fBKGIjfJJFqUmC+RkY988ZAzgfNnOI5PiTLOsdxJ4TulZcYhF7KQUHHJLgDOCCCvOCeSAa/Os/tTeKXhVzoGkzLuAcqxQlujMQGDY6d/Q8Lk1cP7V+skru8L6c6bB5hSbABU9Q3OCpBwDjj7xyMmo8V4m6bqqSTVr01aOsettbX2a0v72jZnLA4NaJrlVmnzSTd+XS+qaV/Tp3v+j9j8StIaWO4ufC1+VQbSsTyMFfaB98SD+IgdCc8HJzW/8A8LC8JPOvnaLqcC7Q5QmY5BHdhIcH6gDJzjNfnVo37U9y1tIjeD1DNnBju0Uvnrzg5454J4GM7Rk6o/a0sYHijk8IXBk2sWjW+R8gH5jh0PHBJ68/L8xGTvDi+pJxjKsmk+Z2hyt35VZNRSa6pPp3e7jllCaV+r19+aV1bvvfeyuu9z9Co/iJ4IVhHFbX8SNgs000oCsM9ACcHqQM7u2RkCrtn48+HcN2s80jjzVJeEzOIpGOcSP94FgQOS4GTnB3E18AWf7V3hC/iEM/grVIRzkpdJkuFJIQlQcHONvAJAOMgVrQftGfDu+jQy+FtejuASjbMTqkY5O8BRwFBOQeQOccZ0jxTSm05ckt1ZqyW26urtX33u1utCllsE1y3asmmm2tJQvu9u6e99e5+i5+Ivw3eIBZbWOUBSXS6YMFH8I3LtUheDj6Z5GdWb4jfDq+ht7aXUNOkjt0JRbubeQxGCAVCYGR1PGcHANfAkPxi+BE6wTS6tcW0gVBcxz6YwMe/qGcOADHublQMgbetdBN42/Zu1ZImHxAjtZECgxiAxR5DdZVLZYDoSMnk/N2EviHDcri4aKzv7/vLTSLV9bLb81Y0+oThdxlGTtpFSjfTls7txSau7rrc+6rLxj8LJ7WVE/4R6N49q4a9ZCxQ8MCSMHPueo3cAYpzX/wv1q1l027ttGig1DEbyxaq6jJPLb/ADFwcZIc9BnkGvz+8T3XwYkiF5pfxctk8lXLWUUDtFKdp8uMxjDqZGZV3E/eOcMcV4DN8ZPBFhHDZXFrqN5cnUfssUtpcySQ3MMjMiyKFIMZOVbackHqMCtaOfYbEOShQXK4OKTck1ZJc2tlrfS61tfUn6nWvFtu6ad1yvrHR8jdt3bvZ2Te/wCoXjvxx8EfC9zY6Bo2nTX93pFtE15eWfii6aOVAoEcSFJSGKZPyjp75zWp4C/aU8B+GYZUs7TVoFu5PME7a1eTvCVJBRS27BGCB9SSTXxZbeMPhRoFrbJdeA9auruW3he51Ab7nHnKXVpJASN+MnYevYDiuhs/2jvgnoQW1l8FaxPFC6hgsKJ5bHHTepOGye4AGT9eXB53gaU3B46jS5ZO8JScpx1VlZu9+j7tN6JmuKy7FVJf7tVknGO+kdLPW7Xeztvur6n6BL+1b4WcN5OqeJ4Y2y22LUpnYEEHO0pnnB4Ixx64DdXY/th2VvAVt/F/i2FjD5cZeKS4Ea/dDEyAZIGeCSNvPevz/X9qz9nG2ETXXhDXzJMoyojh+UEYAGExheB8vYe9X7f9qb9nWXLS+FNeht3ZVjWSz8wYPAKlNpAAPIyfTmvcp8RZfJqMswwyvZe9J2Wztq92rvS9m38vJnltaCvHC1G9NUrWa17X083om7XtzH36P2ytcvj9ih8c6qRBGI4nudDR124BLuwIBI4JzkjoOODuRftb6zMbWxtvH1jLIyhJJrnQRHscAkFhu2nBPtnvkZr4F079pr9mfbJ/xLr+zBYgvJp0hMeCFyRuDZPf1GBgZFbtt+1D+ymw8p3kWcMVEp0wgqPXAbOOBlQOwNelSzjLJwS/tHBtKzcuZXadnZJvr1afnY450MVBq2GrK61undK90klrr36p321P0N0P9prxlfzvp0PjbQLi5TYkQGjqGcuT8xO4ZXjHXkE5rp3+OXxKnWaA67oNzMqGNI49KV2+fgM4EgwVwSc7v4QSuTn84F/aV/Zflcm38TNpjRkF5Y9PeN5AMHlshxjsQcgg8c4retv2lP2aYhHJbfEm4twmDJvBXnnlsYIPIzk7iO+MV1f2jlk+VrHYXRWS9pDW9tGr6tX0dlffscvssWtY0Ki2VuS71StzJW1Xfsfeml/Gr4t2VxLb3V3pc5ZlFm39miON1I3MAfMGMDgr/EMkHnB37z48fF22aJIG0gLKwSSSPTgE3Dpk+aBgMdrZHHuOv57t+0T+zvdyRzn4sFCp3xiSd1XnoAd3ynrkjHUEDIrZb9on4ANFG3/C3dPdEIMkLX2BzwSCfYdhnAxng1P1vKWrfWcPLVaxqQvo1vZ6Lzs7Xt2K5MWkv3VWLsk/d0v7qbbUdnrdX8z7W1r42fFaS2RzJo0VxZzpNNL/AGdu8yBsblGJQN5GcEYxwRxgtSsv2mvizZatbxEadLYXhjVHGlcpzh2LbyOBkncQO2R1r4vb4+fs83X/ADVvSMPhNsmqEYUt0bOeRxjdhef73WeL4ufAScxi1+LXhsBDks+tCME5X5Rlflzkc43HPPerdfLpu0cVQjZRdvaQSsuW7d+jikrbNNblf7RTi3KhOXM007Nu+iVny3UbSaafXtqfcPij9pb4l3uheJdKkttMeObS76OK5Sz8lwTAwVozvzkZ5OMDg49Pwi0r9rLT/Amr+K7WwnTVvEPiHUYrPxDpzxgNKIL9slJAT0wFCjn5cbq/Rn/hYnwd1a01Kzsfih4ZuZ7jT7uKFH1tAA8sLoCrEHJJIAGcsSBX89finw0nh74ja/bTTJJqNxrV1cQXcEjSo0Mt88kUwcdQYmVs5wfTAr5nPFgK0Y0oVYVISTVTkmlta2qXyX2fk1b3sjxeJw1aFdU3CcZXi5JppPWy0vdtrfTTva/058aPEXh3xZr1/wCPzPFpd9qrxWc2m38yA/u4VSKOMFSSvAG8MW2jGeecn4TaP8TvGAu7bwNbeHnFkvmambl4xDbWSSgtIzv/ABhV3AMx3H0ySM74mfC+z1L4f6ff2eqW91f2N3aT3tzICZGSeJHaNcsCpUkhTg4JJx0z9VfsefArxVN8OvEXxE8NQX+sadNe3GmX1pEWhVYYbYmSR23lpBkN8uO4wBg5+cq+zw+HpyoykuRKN1K/WysrSWivdrSzufQ1lLE42TqQjzySqSaT5tbK9kndL7Vv7zseMftV/GHxb+zZd+GtD0/TfC/iK51nw5a6zdapFErwW8yooe1cKu0tu3KRucHIGARmvTPgf4o1Lxt4M8JeJ9TtoLSXXYbm+ntoFCwRu8pDFFHAUcrjJOB65r51/a18CeN/ix4tgtrjwlq+naF4Z0U2KXpQJD5aIGbzWzlijjAJJzkDIyGr3v8AZ6t7bT/h/wCD9Ji3A6TYz225yPmkWXJAIPOCG3beMgZz35sW+bBwfMp3Sk3zLWTcG9b69UrK/TqrVgL/AF2aVlFKMVHq3eDae7s1qlbRrz1+m/EscVv4Q8QwRjd5ujyqqHBRtyEsCCQQcYwR0JOff5i8ZLHP8F9YguAkQbw88YVuVcIhCgKOpOeTnocjhsn6n1ArP4Z1XzQC8mnyKyk542nPPfPYkc+g4B+Z/GNpH/wrnxFCzsYF0KfyxnIVmVnwpOc9Dk5HzDI7EZ5Ml7Rt7OV1e6SWn66aXRvmsr0XbT3Jxim27XUWu91o0uztfVM/ICw0uzZWiFoPKCsCPLaQs24jch28Nkk9eScnk5pV02yUNbizdkGWAljYZyucKNpO7px1PIz3PceCdQ1W/uzpuni2LBJliE0as5KsxLsMZI4z1HJ9AudXxNqOveE0t7rVYNPeO4Di3It1eSRkPIKqFKjpwTz0HXj9AjWpKMZP4U4u/L00bTvtbbrdPbv+LVKtb65KMJ3lGT93naVrRbv56q3lZ+R4hdeHoFvUe2s7tJPKOQkLBFYfdbAUE9ueegxyOYmtNWlkS2YuFSMsd9uQBt4AJ28nA744PzMAc16DY/FPUbzUF/0DTUieMmJXgSOTg42An+FiemAOc5Ay1bWo+OdYsHa8k0HTGtCoCv5SdSpyCdqn3PYHsRwX7ejOTdN2utkrPZK+yajdauyWl7I63i8RBKM4uKfLrGSipRtFXTXdrz3va+/k0drexKYjHJO45U+UXVCDyQSvy56ZPbgMe1zWNM1JXtZTB5Znto2wI/lwG4OQoALAHcOmR7GvQ9M+KlrIWuz4WsfOUkfKq7CMsACOFwRkk47nDEcV1vj34t22m6Z4cuLbwzpMovbJzKrqjeS0RB2oxUhSWJAGT0PIB4UqkEot1Ivbmdlsmlpfq+revTUujVrTqXva6srSXRxtum76Nu97PQ8P8i8SJFijER+VWYA8lck/Lhh65x75I5NRX9vcS23lMHZpXUM6x9ecYYlcBdzcjHTPIBr1jw78QrvxHC7p4T0gpCHYgRpwdpIDNgbTjocjJ44xXS6PrGl6lr2h6feaBpcNvqF3FbyDIVRPO3lq0jYGxAxXlhgcHIA3V0pUXaTny3smkkkrpLvazTbutmm/IwlXcMQ03JtWatLRL3deTS+j11fV9z51trCeGTYkTEsSWLBwOB2GduDknBJxjHAxmVLW8yWTzI2BXKxhj8pI2g5PscZOeOT6for4q+BPizwzLqiW3hvR9UbT7IarJFppS5mj054xKJiqKzvEEcF3AGMHODur5Rl1+Fr+5t7rRLFUtwVYoixjfnAUkgdMEEEZBBUgVEa2FnK1GtGco6csbOz21ejTavq7bXSTWm1TEVVaU+eENo3laK0SV29b6aJvXq7tHlt9falp8kZt3uLdvJUMELHqoyx+9gkYyPcdCeHP4j1F7fMl1eNIqqRhv4iD1GCBu/HgAgcV6JPrel+RNcS6Lbbo1wzPjbsYkAYPU4G4YGR7EHFG08V6BPItuPDkEwA3fKAd4GMkEDgDru5JGAegw2kn70m4vVK2mj00TWz3butO1glVfKqiqzaVt3s/Xm316r8zzq71nUpbFwkt0JgQsbB3OEKqzZRSDg7huJwMdjg45RpdVUmaea7JwPlV7gZJB2jII4GBkcjrgHg19PaL4j8P3OqJYQeHrRJbuLBEyrtVkAG1U56546ZJ4PevbfDugJ4pFrZ6L4KstQunbylit7dJJ7iYH/VwxqA0khJ+7jJwe1YVsTh6F6teaoxjF3k2lFW5dXZ2SSvdtpfKxpUqzrxpwpRlVk7NRbTu1y2suu+i/Jqx+fCalq8aPEr3aoy7gQbjIJORwWXJ5JLDqavSzajNokkYmvWnM6sSWnygIUjoQc5GTt6gEDsp+7/jx4V1H4M22mR+MfBtjoF7q9nBdWNrd2iJNc2sjAF/LKgrsPytkEhxjANfJbfEGxmaRY7LTREHZgfJVC7AE4XI6DoOOORnrRh8XgMVS9rSxMKtOa9ycLNSSauk07Pqr9tW3ZB7TFU5Rpyo1IyioqScldW5bK2jaTvqt12PPIrLWEAkEt67jaG/eXDKOOuWYHsRkKO4JApV0vV2MjNJescAhQbjkBgcDLnrypY9scZzXpNt8S0O6P8Asmy+Zwqt8hPAVQcbQQR1AycdORkU9PiXDFI6vYWxccLjYI/mJGORyW657c8ZGK7oTw9Plkqt02mtVrqn1a6q9tb/AIucRWxLikoyu10dtHy2er1flt07HnN5ZaorweQl+hEJGC9w5Oc453+pPHUAnJ+bLNTS9XELhJLok/M2ZpwUPGQPnx3yegycgZLCvUbn4nlJrcLpVjIWj2q21Cq7s4JwvzcfeOB2BHzVh3PxL1FWEMOm6c6vv3DylIKg4AB25BzzyRnPHOKhuhVlKUp2u76rV35U9Lu+j07+V7ipV8TTSTi+V/Fq7Lb8bLzXW5xz6Rq4iDG5unATJVJZ92NwBA+br1yOMdBnjGYuma9JecSXqq6j94084CAqcBsNkH1+6SOuTzXplr41vZIz52n2EUm0uMxKuFAOQMY54yMMOV96yG+JctvIzvpVk55CuUVAu3K78dDzwR26A7hkprD2UZydtLba367Xt1e/37qnXrxnflS2bfOn5drt69eu/Y5uXStYzD/pd2rYAJE1xtByMjO7kdeMc8HAPXA1KDUrWRQt5dPIshLgyTsOuMqN/P8AtHPvjivRJPio8dsC+kWQDYYPtUFyM5x8rZ5weD6DJNc9d/EeK5+ePRrHO1ieE2tyMgYUkkZJHHp15pJ4ePuynfnaXezSV9Pkk1bW/wB/Y6tdqMrO/wBp3euyb0v92uvxWuYVm9/KZybq4OMcNNMjFifvYD8LknAyAQcnAB3KYLyF9z39wAxYiPz5yR3KjDjkgcEFgM9MkV1GheNjNqSRroGn3DXIGFZRtGxWJQHHOSOxyeg7Y19b8diyniEvhPSweRhYxw4xnIUHIUjA/iz6EcTF0ovm5U4RktVZdVrsn66rZWuLETnV5IRq8s2lo5W6x9fXVbWVup52j3cUu4T3UiuWO3z5lO7IOCd/TOeOTwTuHZsM2oZUPd3CjeyhTczkqD6Yl2545IxnggjFd/beNbN7Ga/u/DWlrHHgo4GASwwR1xmQcc4HGSMqaypvHmgSSo//AAjFkVEZYhGwzM2CRtwMAkds5xwARms6tSnzRUU7OV13bfLr0dk03f8AAJuqqTTqt2sm9NX7idra/LRu6vq2YKz3qOqLdXLg5UMbubHzDOARIOg4JxnjqckU+6n1CKON1u7hpRKFJW6mCquBtG0P2CtyOmOABjOwvjnw6Jcv4Vg2B/lPm4IGckgA4JX/AIFlQdoOK0ZfGXhmJEeTwpExlDSKRPzlRwVHHGMA8egJ6EKU6aWyitL8zXu7at/5OyfSwYeOKSTc2lrvfRe7u/l1T9Hocza6jqo2Kb66jCgAlrmcls8cfvDj7uOMc4x13VqQanqAEwa+umyGDMbiVSoY4JPzEZ56EDkAg5CtVlfGPhjy1c+GoUAbPzTjOCQe2TjjIxjofQ1p23i3wlLBMP8AhG4mkHIK3B2qM8BmY8DaDx16ZIO3DjWhFXdpaXVtbp76fNEV4VqtS8aj9x669IqN3vr0VlZvpZ6HHz3uqSzjydTu/Lj2gKbq4zgjjaBLgAE5JxkEdutWYLvVvNdjqd2VAGD9rnXdjjAbzSCSQAPx47DopvGPgdJBF/wjUZYookdbrHGAMnnb36nt19qi+NPA6SkSeGyY4/n2pdjPr1KknqwAJJGcVdGtHmjJJXTTaUrcvw+j2dravSz11OjkrOny87co6LVO2yslbb59LbWMeTV9ZaWURajfQrhNwa8mYuO4B8zqccjBG3PQYNPtdW14ys0Os6krQrhcXUxAAJDAHf35POTgc8ZrYPjLwBO0bv4ckjjHzMTeD95zx83sMEHk8c5C09PGngRGZovDs2xlZQ32kbVxgghs53YwAx5IAHY1pUxMOdrTVX0W91F6LbRtatWb9TKNOtGMW2rqzukru3LbTS3ztpbUrDxB4pdlRde1aIQrkB7uQlvvMTgsduORk/XDAHDl8UeL1aQweIdWIwdxNwwz2OMtjjv0ORuz3rQj8deANhE/hm4Z3G3cLoA5Ddhn0J4wMYPXAFOi8V/DpWkEulagq7eFjmUZLcjOQfu9MAYxjnms1W97SWnWyXuqy02aTfVdUltumvaucPdSvonZbWi1dpLptr8k7GUPHnjWGWLb4k1ZyVAy0zHAD52HOSRjnCk9MDoCNu28eePZFeaLxTqKlyyZDDOASORtx06YPUflHb6r8PNUu7a2tNK1UeXl54/OBdlOSQq4wQeeu7qMv2HcR23gAI+7TNbjilk2qvmAiNcYbJCg5GOT1GMYNbJzqQ5oSlulfa1lHrZK0uumj22VlXxEsP7s5KLaTurXvaN7c1tNldP5WOMXxP4/1C6SCPxLqzTzny4v3mAzHAUg8nG3BPHOOOMg3dUn+JOjOIL3xFq3mMysrRmTDFvmOHCgHAznptIweK+iPgr8P/B3xF+J/wAPvBnh5tTsdT8ReJNP0mC6uo/Oit2uriOPz2QfK6x7izDHOCepr+g34zf8Ej/Avhn4c6p4p8U/GiyRvC09rbajHaaPuu5Ly9KLEsYUgkbpACMhtuevIHzOecYZDw/i8NgM3zWhhcZioSqYelVqRi6kYWT5VJxV4tpOzve29j08uyLNs1w8sXgcJVxFGnJQnKEFLllKzSdrtOzWi777H8tiz/Ea7jW5j1zVmw+eA2SI8EE45IKgD1wTxwTW7ZQ/FO8H2uPxBrUGFKlJnaFBgEAZx/FyR0HJB7rX9H3gj/gjhoOpaWdb/wCFtX1rpEdrDqeoalJo7vBBp8gEzbEDf6yOAFnHOMEnsK/Sf4Zf8EP/ANj34g/DabxrH8bfEevaZZ6dcPqNxp1otnbsLSB2kliDtktHMoEgU525xz148H4icLYhzhTzjDTdKTU4wxEG4uNuZv3vdt103uk7muL4a4ioKF8DUpe05VeUJR96yaskneTuklrZ+R/E1Yan8RDfz2l14o1CF4lZmd5GkjB3Z2kgBQR9AMAe9Zes+LPiJpssv2TxDq0ysABLb8xkgYGwkYODwcAcHg+v3X8YPhP8PfBfxu8YeA9G8T3baJa+J7rw/ol4Lbz3uLYXZtre5uGzkM4IZzgtyxJ448W8b6D4G8CeLr/wRfXutT3+lEZuUi/0a5Eqh0kjHIXggEHBznAGQR9jhM4yfFxpxw+PhN1UpxSmpya91p76J8yd/wBLo+TxeGz3BVG62Gko05crThFXfu3Vrptvpta/bf5Xm8e/E2BGnbXNVfd8oyjcHB55HGTyRyRjvnLJZ/FP4hRSlJNe1JGVCSpUqNpGMbmxs9AedxzjPNe53Nv4QZ4ZH1PVLeJnwVksC8S7WwNz5A53AnAODtBJ74PijSPBkMyldcs33RRuJxZlQoO0rGxB2k5w3HdQR2U9qq0Yz92rzW01UXvbfXfS+l9L21MY5nXcIqphWpqUbpxStdq76tXt10vbpY9i+DHgP4t/E3Rb/wAQX3xDs/B/hWOFvM1DVdRh+0NJHnAitG2tIOOem3ocndXkfxyS90/XLHRk8VyeLF0u0iA12AbIbjzOCiKp/gwSD6HJ7Z5k+K9J0ofYoPEv+jJEoMGJUtpSRw3kiVVJwBkbQGBPHNdJ4R8Q/A/VNVaX4ma5qtvarAyKdGt2lVweEGN3yZIyDgc9Ccg17qzDKPq0acYclflXPUk+a7jZtJbK9r2S02u3e3jvD5tUxsqjT+ry0hShH4XdNNze7ST30vraxV8IeGdQ1+AvFrlpp+GJY6lerBvKgbsFlJyTkjBPvnIFeg2Hw81hJWVfGWgo/lySCRdYTBU/MEDFM4G0tgnntXr+gSfsBiOysrzx143si4dnungkYIZBwjqSMAHbuJwAeMDK47y8/Zx+Fvi/TotW+CPxi8E60jQyyLofiXUotK1VUTBJcTN95xwE4LHisKeYYBte/GDas9Fq3a7WjWl76Xv5JJHFVweb0qs504tRvrdJdurerS0uru60d7W+XpvA3i8XCxW3i/S5kiQvuj1aN+TkgqxUkkDGBn6AcVkXfhHx7bTJC3iWynTeZF8rU4XYZPygnHAGcEkDJGcHNe46l+zD8UrMK8EPhOQOoXNr4htWVwxAzGRMpbPBHIP54rBvP2afjJGySr4d0pojGA80WuW7H2Zf3645BOATgk4bJ57KdbAOHPz+0s9eVxkkvcuu2qVnfbo7rVYd5r7XknGWrTtKC8rJa3b7XXfXY8HvpPHeiTwO+pSuokZVVLuF2wMg4xkqDtHcnGRtHSubvvHHjtleSPV72OKJ2UL8knU4cdCFHPuevHzZr2TxH8AfG/hOA614u8MaxBp7FkS5tL1LmAMFyGd0lYIrEnBbAY5y3JrG0ix+HfkW8ereHfFdvPJMR58M0csUijjcqAjcQf05HbHg47FUMTVlHDcsVHSS5otxtbW60V2tnpbve59LSni8PSi61OTdlb3VZxSj2T9LeifQ8Ij+IfjSK8DjV7kJ8wVGVM7sknG5AAd3fIxtBBOARqL8TPGy3UTf2tPJgclkVUjUn+JtuQM5zwCcHA5Gff7j4b/DvU7qW60/VNX06KKEMYb21R8Z5w7bzgZyflz7d8cnYfDnwXJrqWdz4406109gz3V7NaPhFAOY9gJywPy8EDcTk8HHk1ayouKq4ikn05pQUVtrrpZJPa9vNHfhcRWxDvGlUWqSvDf4V26cuyW/pdeTyfFHxos3kprVwN5LnfBHtB5bAYg7gD93O0nIPYkpF8WPFsEggk1Kc75C3mbY0wcgkbdhDLn2Az1weK+n9d/ZfspYbXxF4W8b+GtX0G6tDOhYmOS3jiAy90MYt2ZidgY5OcZOePJb74U2Fo0MkviHwwI/MdSsdykk42jqy5yoOOMgDBzx0PHRzPB1qs6NLF0atSMrShCUbX05l7ruvK60TWlnddtTB42m/a1MNWXMk4uUJKLT5PhW2t07x9elyrefGjVINBs00ie4m1nzAupC4t0kiVA3yyRJsGMgLkZPHGeoHGH45fEJZzL/AKLcXBMixiWwQ5jweFwpIGflxnp3HJHZN4O0NI5vJ8V6Ikm9VjeMKQCvG0t03ED5iSegJ5rGTwpof2s+Z4x0iN8ksXKhQw7IADwxABPA7ZPbvTUZJqS6bN9UldXu291d279zi9pNSdOpQbTaSvFdXBJu+jaskn39bHGyfGvxs7K81vpyMWYAmwjAZifmz7gc88DjGcElLf42eLIFlR7PTQGbLsLJfmxlsgjoGIwR325Heuom+HGkXQW7j8Z6OZBIVCb0CsST8xU528kD+HceOarT/DTTmR0HizR96jDAMgYY+YhcZLDPodw4PSp9snHl5rJbN2bbaim29P5brV7HRCMbp+xUdF73Lq00tLfde13s9b60tM+OHiCe8jWXTNIddxKMbZEKBAcscgknjIA5bGRnNR3Hx315rgyf2Po0ixSvsYWqfvMZJIyMkqeCCMkdu1ath8MrCOZ7hvEmkSGC3copYHcrqQzAgDbwfmP8OThecVSf4a6UkqrJr+jYY+aSJhkfeIBOcHnI+8BnvjOJdSU+WKqbWSvZpXcVom+js3olpt1L9nBJtUHum0099E2tdb3T3a32uNk+Nms3Vq0z6Doq4ZWD/Z1R9zHcNuQc55zjrz+OSPjHq1w8gTRNMVicfLbLgA4OdxHXnPJJIxjOCK0Z/BGnG3uIx4g0xoIpPk8qRGKgEehLEbRkfNnntyDTh8A6K8cjy+LdMjDMpVN6hxjjBIKk599w6joTWcW1JK60SvJ25rXilpfTVaWT2+Sz9y6vRsna+j/u6/EtUtE1uy1pnx11rS7trqHSdLNxbMPJbycbGAGSRjBxgY57c8ioNZ/aC13WY7mPUtF0y586XzJCV2IGzhTt3Y49CDkZ4610ekeBvBWm6lp1/qniDStTsElWS/so3VZpoxgeWDuJBY4JbOc859c/Xvh54N1LV9TutM1Szs7C5ud1rbpOs628T4IRiCPu8dB2OMACprYWFWvGpNU51IQVpuEXKMbp2U7btNaLXq0mj1MPiatOhKipVIUW05U058sr2s2k2mtV1urX2secXPxLhnaN5vDOincATlBlmJHQjjHUE4xwRzmp7P4n29tcBx4P0nbIVQnYpBjHBwDnI+7x1Ocnrkbd/wDC3RowmzxDp8mDjYrKjsCDg7txx6gkHBP/AHzZ0j4V6NqmraXpbazb2i3d1HDJfPMrWluhdd0srEAD5c4HQ9OOCdYc0YSTUGk022ld6RWj22eml9FoYRrQ57RUuZu20km7Qd+uuum2j0vc0n+JsDQwu3gjR2IUMzbEBwOVK8AqeOQQOeuAeMm5+K6OP3fhbSFdGdkRkRtpHQAbeAODnJxg/hveKfh7o+ia/qWlaT4htNQsbVxFBfiQbLjYq7xHg9N/Q9Mdhgk8sngCOQPIuqaY/mqSmXA2464BzknBOAO5xRBp7XV1zK7bVk0tm/1srXRyzq14zdr2bvaT0SXKkru1tN9fP0lX4r3lzGkcXhfQ8JIC3+jISrbjyCcAHnGMjB/EFP8Ahbniu2mke2sbCyWQhFa3t1ROOFLDHz4yenOTg9aZb+A5VnVZtS04W3mxGdo3BMSbsM+0YwQP1A4459suPhf8Lo7KGUeP1llS3SRljg3sk5A3xuitggnBUjIxkcYNZuM3LWTlG65rLRdbWSd1r1bt1SPWoYmXsm24ppKyXvaq900utrvttofP9z8RPH91dfaF1KWBmdlH2cCJBk+gG1u+SGGMn+Lpjf8ACcfEC2upJI9e1UGZ9khjYmPbnJAGOc8ZGMHr717ld+Afh67RPb+NJAm4b99mQu0EA7vmIw2AevCkMccYim8H/D+3mRI/GIaMYkk22vJXIDLGTnDZyABnBJxjNd1PC03Bcs0k3F2UrO7tqorl6WvrdfiebLMptu6ekrJKN2m7LS697V7rW299Dxq48b+Nbm3uLS91q9lgmjKTK5I81ck7AcEAYOPoDwp4P0F+zxpVxqGnS3p1WPTbeDWklY3ADsRbr5jjIIISUfISWJByAc0648HfBnUrOGxh8d3MEkxBnknsmxalUyS2SWK5HIDLwB/DkDvNAsNL+H3wqi1/R72y8SpH4vlthNCuZr2IRDYstvuyI8DdnPJPBJBrzcwTpQjFSU4txj8T0u43sm72te909ul2etlNX2+Id1y8sW72cbaK/S71dla66WHeMhrOl+MNQku4mt7K+CT6dMxdba4t5AB5ls5GxkJ4wCWBOCPlrO07U5WuijkuFOAT0U9CQcc45Ocng4x0rXt/j/pxtLbSviH4Kj8ReFLiVjbukH2bVNETzC8i6bd/e2YOBH8wGCCAc1Tv/H/wFmEsuj65rmh8yTW9pd2bXbhUPEMsoI3MOQGx+nXTBQjKMYOUFaNrt2XLyq6Wqs7K135a73WMrTpzU+WU1zaOC5kldXvs0kul7tr0Lst3NNqNugHmiWQRJErnDkgrk4GDycZByBngDOey8JfE2HwTNP4c1m0kuPDGuM9p4gtkyxjUS5W+gV1YrLbnaQUwWCgEjOT4QPiH8OxcR3Vlr+pySRb5SXs2jKSITt2KWPyseg4K8tx1rntZ8V2GqC88S6dMb2zMYt2t51WOZZAPmkUE5IdjyMdSGHBNdVLC06tWUZyg1FNp3i7W5NVb3t10ask0t2x08e0k1FpyWqcZLrC97pNNWvs2lv5/UmpWdvbzHUdHvItT8NX5lOl6p8u6WADKWs4wfLuY14KnAPI5GTWfa7rm3LwkFCh83LB2jA4AIB+TB7nOCeMHp8v+D/i7c6LBc6cYUudD1BTFLYXAZxbNKNpurU5OyWMEsCoBOOa29U1ibwpb2t1oXiiG+sdajmlkETZuIG3FhHLExLLsOFJ4BPTnFTGcYTdKb57NpNK8bppJtyu183fXcVSrHl9tFW0tKN1q3yvR76NrR9LWVkre8zRMqDyoDkuF+YZJJ5OD6E5O7n044qtJHJsC+QoZmALAgMM5+XnBHXGPfnaBXzWnxK19Ydq6uMqflDJ8wG4EZHJBYAn29+Ce68FfE3S7w3tj41vpbEToP7O1WEZjiuCQE89OojBO7IOQQM9zVVXTUW7watvZLZRu07PXyu91srCpY6lUkoLmu3ZWilZ6Xbdk0tN3e6d30R0OveF5tRnjNtb7WjZGdQq/OwHzbW4O7ptzkDp15Gnb+HL2KFD5Dh1PA3qCvIyOT0OPvFeQeenHVD4HfFbxRpkev+DjfeIdKmb/AEfUrCUiCdcHhD0O0tg8/Kcr94gVxerfAz9oPTw0lz4b8VeWoY70Ej4x/ESMFRwcgjvz2rx6k6KlrNXm9ElprbR7a9+i6s9ZTqKlpRlNcqkpKLaabTeu2rXpe3RI1ZdFuFVcxSEsFJ+dTl1AKhhu+6ABwePfJzW9awfukeW3k3hSpA2gBQAowM8rluACc/jXgt74S+MGnyFZ9F8WrjIOYJ2zgkArlODnnPIxxyScc3cN8SLMP9qsvFkG3dhntbgY68HC5KgbTnnqc9BjRKUVzJ2bV72916J33a6u6vr6Iw+sNRf7mS9IrvG191s3a3nolY+nyl26L5MFwojYbwMEFdwJ4zn2x1zgfTo4HcJHKLe4XawXB2jKgZJVSc8n72FJznAUdPiE+KfHNkWje61qIDP+vW4iwAeeGjHIJG4fdX8G2uh+JHjGDCjUZnKkDbI7sRhsEMoKkYIPB6kED26YVazjy3gtE7Pm1ate11ZabJK+rbOVzpOKnKE9LPa6WqvrbTZW8/M+y9Vhupry1mitLwxRpztXO1g2Q3BwOnXBx0BwBjbFvJdQsGhuFAZFJKtnoMluMADadwA4PBOBmvi2P41eLYCoacM0akMygpIc44ydwIAPTGQTkAngbmn/ALQviC1KpPNM4HUF1zyOcgxgYAz0Jyc4zg52jiKkI8qVOWlndyu3on+b0vv63M5Rws7N88bp3STs9u2vor667n2TDLELYo6ykRsVI2OVAUgcnBwDgkY+769TVM29ohWUyqSCQ3ysG2kZI4BX25wxGDj1+eNA/aNAu4ra9G23Zj5h3R7izZ+/lScDOevT1yK9Uh+J639k1zbWcNzZXEhETi3MpBHBWSRFwpPHIOcjAxxUPMZRcIypXlO6XI7bWs3rd/hZXsOGAoVYuXt9Uk2pXUujd227379up11wsciqqspTacHO1mAzluRk8ZxnIJPy8mtTQZkdLkOFIUhY8tjJBxkHkHgYxxg9TjivPrnximFmOlBUEYyUD4UuBncNnBIOQcdeuDmqcfjhbWGR4bL5N3mHllcMT2yhP93JGOQc4Jw3fSrQno6dpNa7vsoq19m3dtX19TglQhTqJcraT82nrFJ/i/O61vc7/W2uJ7u0j8sEIrAYHTB5PTgDAbOCfU8kiKW0kkLRNsZiqkkHgbRnpjPQAHGQCfrjynVvipDbXFvcy6Z5sewqrpId28jaQAFwTkng4xgZ7AZsvxkkmAMOgTMoIHmLJghQR/FgDkHGOSM9cgYrmopp35pcyutXdK22ltY+ttbaMU1JO6TcbL3bu/upXSuu17t3TW7vo+411Lnz9LRIgqx3D7H45KEELnPfBAz3+7noNrVp5f8ARVYBQyruLNuAbK7gcHG4DBOeeOORXj938WGuZ4oh4clYQ4dP3uSr85IBPOATx26etZk/xgkB+z3Xh+d2YkoySBiq846cjkgk8YAwOvGT1cpc11pdWsouPLZaJK7tpa7t+LjWjbklFuWnM91dWfZa6dn1TtY+sfCHxX1zwVHftpd41vFMqRyAHbwoAHzD7oweM554GTxXo1l8dLzVUaTUL69JRFQv5ofLZJ6qeRkKQOBgkg5FfBl9430C98P3EUJ1SPVHdWaFoyYkycn5x0I24x90DkDGK5/S/FWpRTQrb/ahCuGYP8objq5wRsI47Et1rkq0MNUnKpWjzSlZ3i+bXS14pq2mj1T7bGsMVJQ5IJtNvS7bSbW0eZK1nurNW12P0cT4o2eoHy2uppMsEIZuWCjspAyB0Y5A+7nHIL7TxTC1lqqxYkSSZCoO1TgnpnkMBjHTd7nOK+b/AIbafd+K7xlvZre0CJujR5DC1ypUkJGxAw2SAAAPmPPXNfQEnhHwxplv9jvtRv8AT7q4gVxAv73dJkYwV7MNxHyngghsZzm8ujOn+6XK+ZJt3SavH+bRXaSt31XW3TDE1OS8tGl5rolqm3azfrqna2h9JfDPxBpyR2EtzMtuUtbp8jaeqvtwfmOccHB6EjvXmXjPW5b6cQmWOS0a6uJYyy8lWkIBHzHORznGegJGcDjdJm0m0t7KxtfEE0UrSvbRxSIxlfzWI2kkkjBIOcHBJOAK9Bn+F/iG8sbeS0vrS7mGN0cjBZE3gsqgHChlxk98qQOM48mvlE1jKeI5YvljaOqu0+V21vq9XsndrdaHq4XNH9RnhVNpSkpO0tWpKOjv00e+lkrN3Pn3XJkjM2zHMqLt2nBBZSRkHJycH5s4PuFrRtN93qmipbSmMwXUBCkkKS4J24UDAAUHPoOwrqNa+Dvj6EXEg0sXSO+2Jo5d285Bwq925AxgDJ69Mb+kfC74haO9pqOr+FNT06zWW2mN7PZyG3WIDAPmKp2EjkfT8DvOHsaNRuNtHJxild2tonG1tdlbVrS6OOjB1MRT91uMpK7avt8Tutrtp30un3Wm7rs2p6XZQXF3ef2g0Ekkn2aN23RqpUInqU5POTjocE4ro7XxDaf2XYXJsxCb2DYqvIQWl6biCQcEgFeOO+QMl1zBZXttNYDWtFtLlY3jeO4uIxcEOQVyjhHyGwcngDOAQDWV/Z2l2z2Vrc63o91JZQNNJPHOGS22jcWdVJBIwQF53E+4rx8NerFydCUr2inyX6pKV7OSvfbRO2p7dejh6O1WMeWCunJOz5Y33fmtLpWslsdQYfPtZJpru3tora3le9dm2xwQIgYqCzBdzAhRxu6epx+e3xE8ZX/jTX5raB5I9C0+aW3sLaJmjW6KMR58wyNxcljk+wGckH1f4q/FWXWGbw7oUhh0iCV0vb2MmN9VmXCMONpWEsv3ckEdiOvz+8sVoxCAPdT5BwMGA/qeB145Jx1Br6bCZbGNONWqlGd7xjporLTtdv1tZvZHyuOxacnTo1Pcv7zvZNWjZa2erWvLbTTdJmhpU0uhRmK3ZVupR+8ZVVfJ3AlVGAcDBwTnJ5HGDnQLM255Hdpp3IVizkuzjJYnPKYxjptPTnGczSrV7hy0mWJYO5PJJLYAzjDEY6ZIz0GMY6qK1jN6hcL5FquQpyVMgGQoOOTkj/gR/OMbG3LGVm21ZbRSVnd36JK9k9dRYbmlDdNO1r3tpZyd2rqy2X42GabDDLrdjbktJBp0YnkTGQ8qDcy7eB2+9/CencV6Tomo/Z31bUJSTKEZI1ZmJjaThPIzkZVcc/h6tWN4O0yEQ6/qVzGfNCvDAjcndK3YgEFsbT+HJBBxpSKtnDbRgI6zOJGSNc7gAOC4xklh8w9cgVdCEZWklHmjZ2a0T92yXkk1ZWSVru/Tac5Q0tZWVr6u6Std3b7dHrfo9NYXkjW0kzvIs8yqBIG+aRhgsrccgDGOpznBx0niupRFC5uiBtdWAwVAxjHAwTnOWznH41gvqM0i/Z1hCpCG/d7MkMfc4J7984HGKgOoyQpGJTtC7lVFGMP0DHqfmz14A6jPb26dJrkatF2UbpOKdrdLJNta2b02S6Hk1Ztt2npe6SbSezd1p56vVL712EcckkZke4KtIyIdpYOeg7EYJGDgZwScA4GfS9Pgnn0i1Hm/Z0nvY7eVmLmV1UD96cnCgEDIOQVJz1JrxK11STZE8mXHmMVVAcKRkK7Ad8ZbnkE87RXo2na44hs7JppVzIs25h1PBVRhSdxPABHOOgr0qNNc6c+V2StorvmSstXdNp7Wbt1seXjZuNFuHNdtWS0d3a1k3fdW2Tavo+vpgtVhNxDNfPiB90chYgKUTkBT08zjDEnGe55rP0rQH129SA3cjfaWll2KflVIw3DtyNpx8wzt7EDrU5tddv7oC7iTS9NWJZmnnASSfcmF2R7dzluB06EYIrnte+JUvg+3fT9ANte6rcxmGW4NuohsVzkLF6SNgFmPJB7jp018Zh8LTbcYtq6imlq7xaWlm10W78rannYPBYzFV2oOSgpX5m2opJx63ve900r3bWyPRfEnwk0fWPDUfh27vtSvbvUGZ5I7KFmaAY/cIjhOAh25UEDPPB6fJXib9jzxxpVxK3ha0u9RiaLfINVleylLyHO1N2RJgDGQwIwOuTntbr45fEq5S2eTxCbEWJCxPawRxsDkbiG27nY9MnIHJHAIqhrHxw8fahBH9v8AHGtMVK/Z442VZACOdxCjCsQGwRkdx3b4/GwpY5qVWEU073jo7WSV25NaPry9rI+6wdOthIezVRzjFQ0be9o31bbv0vZXfQ+f9U/Z4+M3h+3EkngvVrqMzby1pC14i5O7erqTjZzhgo6cVx2p6T4q0WQQ63o+p2DxGOQGawu0cmIjIyIzg9fvHJGP4eB9+/Afxv8AE7xx4rg0C38UXMeiNsW+1TWr9LW1VZJl3xxTyxvGJSCQApLEHngiv0F8W+CNT1O01HRfCfhyXxB4g0yCCVtT1OSwvNFkBwjYmaJS6MfmDDgrnaDzjw8VlkadoxjUcZLmuotLlVm9WrX1urPVrs0dFPHUYV1z1oKWi5edtrVXs2tfJNrVO3Y/ARPFVtf21zaCWeB5z5VwJY3EagKVxh1Q5Y9eAVzyMljWZZeKF0nTltzdzPHHcOtvtJKQsQQCTzkE4O4Dp0yp5+//AIn614U+G3iefwP8Wfhr4LTxVaImp3SaPZMUu7e7BkhVrmMqgDRgqCAAp9c1f8O6r/wTz+ItnbaZ418DeNvh/rUhMEmsaHd+ZpcMjnas7QkELGnyk7j82Fxzhj87issqKLmqdSSkov4G7v3W9E3qrN6XsnpZ7e9h8yjJpLFQhO2nNKKunZtNKS2bTaV1vtqfDPw68UQaH4+h125uJbmVtMvGRrbcvltLbSoCwXIC5bIOcnkH0rw2XRLCbUL3W7mIakbzUbp/KZyCgkuGcF8cAnPfg46ZyB+9d1/wS98G+J/Bp8cfsufFbT/iTK+mTPD4eupoo9Ruw6Fv7PMpkLJcRgMvl7BuI4I6H8ZPFOgeIfA3jHWfAOu6DLoXiHS52s9U0XUl8m5s7iORlnIV0AZCN2xkY5zkEgivMw8alCdZwg4K0bppx1srtxavdp6eeyskbZhKpVo0eaoqiUm7wk2lKSi2mr22S3S666Hpfwe8WHwhDqLae0drZXhNvKYHBeJGRg8agDqxypJYDGD1zXzn4u8UzW2v6hq+mTXVlc/2rMqSKWzGrSEKUPJy/J6DAOMdj60bDTNP0qR7cLZxYt2+0eZvZpwwaZAMsFLnjpggjgAEGzf/AA6vPHVzpuneFdHvtW8Qas7TRaNplobm7eKCPe12IYssY2AJLnG3BLd6ww1OP1qrXnH47SblsuXls03ayWj1a11V9GY18RiZ4ehh4TSVJ3UIyd024rR3utUrXs2ndLRHkEXi/wAQLpF/Yajq13f6VqM8dzd2s1xII2Y52sUJwxB2kDjpx1rA0rwPqmvwy39udmnrcGFVnO5h5pILJCWB/dg5ycHg5Ockd74g+D/i/RrOy1DxfpureGrK6uJ4LE6lavZm6NiSLhY4iCWaNhhunO4EqeK9M+Guk2p8H6tMl9D/AGlDebrW4llEaRQoMMDGSFcsMKSoxzgE4Fekp01TcqDVptbNNX91P4b63s3dO23Q4XiK8ZR+sVZtxvZVPefRqzburt92km1bXXlZvAEWh+EG0WLUlv2klS6s0VljjWV1zL5iEDKA4AHQgZIya8IttF1PStRjmvrWe1iWR41ltoSiy7iQpBVhuRscE9RgcnBr3fxXqUcOjWt3eXUj3a3XkhLbhfs8blt0Ww7eSQWbn5cE89MFxfeK7eO5tLqL7GkkMFtDcAl2lUjLnbtP8QGWIGDnjmtMPGcottpu2yd/e0drb2+b3s0efjcZNp2mouKTjqnsotLXe2t9W9dVbVdf4X0dVimk1K+/tC1kCTw2N3cSrFbq45aKB3ZI2P8AEEA6DsvP1v8AsY22h6F+198E5tL0ua3mfUblp5gdyP5qAgqe4/uj8+ck/MU/hbVdMtdIvb/VtHmjkRDIqOjNGOqRlAQzHPBB5PZsDC/Q/wCxVdX8v7YXwcg1CWV4zrUzQstu6xGBEGCWKhQoAOMHp0wOvm5nTdPAY2Ljy81GdrrvHtrrZ7K7u38u7h3ESnnGXS53KKxNFpt66zpu2q0umttOmh96/wDBSbxFoCftGywX+g6nqTjwjEqyx3IhSJHuMbmUgiQZyAo5IwNwxX7AeDIbeH4BfBu0hgYWU/w1uYjp87kGS2ubAtLGGHLMyEpgAZPBJAr8cf8AgpT4Zs739oU3T6jJE3/CLxuhDEBm+2Hah/2TtG3g89Tgkn9mPCEQsvgH8I9Sil3Tad8M7vypmQyBJxpOYmO44HzkcnjgHgjn8yz2ly5Lk6i2p86mraWasrN2utG/LyTsfvXDGKlU4gzpTXuU01aLXvJ2Tu3Zu+2+u9tbH50a7+z18AbJdM8aR+DNZ8O61oGuQarZy2DzNBcXsN6JnkuozEBsYruC5IAYgEDk+++OdastUtPF8iu8sd/a6PMjuNjp/oqbVIxyynj7q4Knua+VfBHjf9p/UvEHhyLxl4n8M6p4I1jxvLp95aXFrb+fbaAbrEcUjKFWOQpwhLFiQDuzjP0x8TptMXV/GNtawJBZR39ja2oiKhGihiRAyBTgAEZ4Y9Q3Q5ruyunjJY3CPEV/bKFO8Hdy5Vp7r0XVOz1va19ETm+Jwkcuxrw9D2EpN86drS0Wys799ujtsfz8/tV/DJvHHxb1TULS7S1ggghhdZo3kXzVXGB1UhsEevQZyQa8k8K/BVLK8sJzBZCWyuoJmunhyxKOG3Y5Ocj5WPTqQTXv37SPjnXfD3jPxFNpktiLeC/2KssHmSOqHJC4OSB/tdcEggA5+bdF/aA8dahqtjpi22kGO7vYINvkoJvLd1Vz2PGQQPXGcc1+otYtYfn9rKNNRTUE7+7ZLa1kmtbrdPufjf1vBxryi4N1Odc1k5N/DuubTZbL8dV96/ElH1H4bRacs8QVpLI/aVHMZiWLLMo6KDyM9ucZzXzvp1jqPiuxuPDN7rFq9gLpIWnnYLLtUZUKGIJTA4xk44BBII6b4weP73w74Ug0rT5I5dSv47aSZNgYRKEAcKBkbQx+UggfKCuR1+eIfHS6jf2V25giOnQIbqGCQRmedQAxkGV+YtkHnBIK7Ry1eVDF1qkJKlNpbXel3/i1va1+/nojHGY3Bxqx56Cqyjyp7L4rK129e9rprVRadj6F/wCFQ6X4VvtJ1e3eaWbTZY5y8DiWNhuGBxjaGGGKknjj2HQfHLxzpkXhmw0+9juZRqrWoMUaHzERWjVkAAO5gCCRgjORyBz5p8GPGGueLPFl2b+aU+GoJCskLsXhaRQRGnmHggAAkc4yvUDIX48eLbHw3LpGqx2VveNompecLGULMXUS7lXJDfIQqkkghgwxz1xjUr1qydSo5TjpBtq0ZLl1Xntq7pNJ+vs4XE4X6jKdGCoQqWU03e7SiuracWn9++6Obvvhn8P721NwLHxHPFLbRzqBDKHWSRd7gBlBJ/LAHUniqPhqLT/CnjDRLq3ttUsdGgQxhr+JlaRwGwFzgZyBk4wOckZwduw/bX0xo7hb7wDPFCUQS+QIWCNtUKVxGAsZZc4QZwCFzkYzr744+G/ivJpOkaZoFxY6ha3gle4ukCgRsSxhVkC8DGWHUAdeA1dqrZilJVm5Une7bvstEle+t1ZX27Kw6f8AZbcJUHH26knyq6bd46JNap9NbNfI6v4ratfeLTYN4Vs5LmWzRnlE8RKlicbhkDOeowvGdxz0rx99J+ISW22TRrdmuAvmBUA3FQQSwBA3cAE53ZwMA5r23WvGen+D7vTLM2F7fz6nZqyxaam4jYqgAqAcghic5J4wScmkj+LXhx8Qy+EdfNxypYwSNhxwc+hyRk9zzyRg64fGY+jDkoxbjd2drJax5vm97Wd79GgxWGy2vWVTEzUazS1XNa1otLWNldWS6tvZWafiWh23ivS9Qtrq+sFtbOHUrSdwOHUiVAyx9crjnCktz0BOG/U+3v4dQ0yBoW2FNKiuASTkF7X5gcckt0YjODkdRkfBE/xL8NapP/Ypsb61vLuZYLVbuAoBPvUjAIHzqcHI7kckDFfcPhOzK6NYSGUM0mjoshK7iNsRO0j/AGhgAcY28HAyXUxFes1OvGScYpK/eLV1p2dtX2Zvg6eGw/NTwslOMuVyta+iV03dNaNXS893ZP8AOTxP4fs9R1rUHvdJe8aXUrtxI0EiYUyNht4U7l4yBjJBGSATjhrvwHocCyTvoSjBd/8AlqrORgpjK8YIxjpnHzDg19T+L/2mV8K6pc6LafDy01RtPkmtVuSkAMssTYZ/mjLDcTySwGX+XivA/EP7ZM91NNCfhdo9vNCrRukvkvtBPLECNeV3Zyu3oCQOM1DC4upD2ym3GWsU2rpe7a63S2avZtO2ljkq18rhXUKziqiabfIm1J8spXk1olduzt3s1qfb+jyFv2db8+U0Yh8JagkcectGscbBBjPAK429RxkgAGvyt0DxQbbwXr9r5UqrIZlMuA4kfzZevoACFIyQQOpXp+p2manHqv7PtxqbQJZf2x4Rv7uSCJsxRGWEny07BecDGP4emRn8n9KthL4G1yONBG0NxdPvA3uyF2+UkDgKRnnBUnrtYEetw/eMq6atZtPrdu19tlq39/meLxnJOGD5ZNxdOKjfs3Bp/c3Z+W9zwy/1FmuN8cY3RDY7Mvy8nJKrxj+6WGQOnAOa9j+E/wAXdU8AWmr21jeXdi2rQvC09jL5cjmTICuV+YAFsrgggkjnhq8bltyFXCM0pyHBVssegx904IwR7/TmSxsJCQ0u6Fo5omGI2yitIuDnkgLncxGSR1IOSPoovnU1UtOLvpJXT+F3typX0vZX2v00+Sp1JU3FwnytNNNei0drfi9e6vp+pnwR/aV+D3ws+GvxG0n4j/CyH4meIviToN5Z6Lrl8qG98O30sTi3lidgWQQynzhIFy7ZBJzkfl1qxWR5WBn3TT3EojZuUieRnSPJ4IRSB8vcDsBn7p8T/BfwP4f8FeD9bs/GH/CRaxqtrFPqmmLG8S22+JJP3bn5MpuMZXGc4z0FfLmveH7OO/ulQqYwHaKN0IZOc47cgcHIPfknOccPhIUqlWpT/wCXsk7OV0lFR+FJtR20SsrvXz6MXmssRTo0qtr0lyRfLZvSLetkm20lrza9WeQQacskMTFFKqCwUjByCSAeePXHdRyDgY2UtV2o6KEIIDbTwOT0DYAzg5HCnGRnIrbgtbNcRSmRRJIE3L9xN2MsOhx3YHOT3zXU/wDCKWD2bPb6kjCNWfHlkMWAyACTgcck4HcD0rv5ouyv2vsrPS1nZpWs927XSdjjlWuo3vGLimrrX7FlGVr3sut7Xa7X8+vrZJ0aOVF2EceX8x3YACledxyMnoMHuTzBbaBYT2ZkupWjxtCbcb48MBkr1bHTqMe2MDvNP0mzuLhLeS7KRyNmbCYZRuGwg89umOAuAOOnXHwHam4QQ6jaT211GfJQHfNlSCflGOeACOq5BHU05Km4N68zSSurO3u2Wllpt3u776J06yum9tU/dfNqlZvZaWSel7Nv182h+G0epyxw2OpxsrwrMhIVpAUGVEuSAuccDGBjGKseEfBNtLe6nDrt7aD7IkiJD5iRynDbTKvJztxgDkc8jnI9pn+EVzbwPew65Fp5Fg0sUBJikI29ec8jIGcnA2np18r0/wADaw95NMZo5YpI3C3PnFjKUO0jzMHk4z0ywPc9Ypxi7WireVrRXuWVumquuayasm9hLEJqadklJdLLlfLrZLp3b9ehw2p2Vnp8ssNjcPLHFO4SQn+EZOR7txx93pgEiur8LeL7TR4Stx5zEthjg8qcgH2z14xjjOec8/qGksJ3tI32SRTOsisd7KykjjPUnBxnbnI4GCBmDQr2XbIsM+0HBIjIUsCDkDnuBgAnJ4yNuK6YuXJ7r6RTadrr3brp2SVmk7q/VFv2bhHmld2ik3dX0irvW922ut7tPQ9e1T4kaVf6DqOnyFi0kPlx5BYu2TtLHPryO+Dwc7q8M+3Bf3algC247jg5O7p79Pwz3IxPPo+oSZMduxUOFUbCoJzyB8wyOu3jAx+BiXw9qjgr9nZWBGWcYCgA4Bz/AJz7Zwo81rOzTW9telkuzcbP1W25EVCK0cXG7Sd76u2lraOyWndbGd9pkW8hVSQVdGXKg4JPGckcAjkdOccDFejQ6qJpwl87RJlCfKxnjaCSASTnkBux9e3n66VeLOFaMmVJPmZSXwASCeBnuOMZHUVtItxA6scvJtVgxA+UBR0xn72B25zgnFTDeS5WlK14pbaLfS97f8NpYucqbUE9Yq0km76JJvZXenXv0sfr18CfFXwD0Hwfpur+HNC8Q3nxGGg6pYS3Mku63a7kiKiTy9pUxcEhSAABzw2B494G1PULnw58YNQkt/LYadOS78KGeWVmQEgZYdHAbBIIDcYHQfsZeJ/BnhKPVvFnj7R01TT9J0W8mtLURM8ZupoikbMoXOcnBYjLA5xt69zaeIvDPirwx8S9RstO07RdPmtjOLe3ZY4Y4p5HZfNxgCQKRwTxkk/7Pn2dFTg3KfLKUtZXd3y99tOlmurPcoVFNUuWko3pJLlWuqSV767XbV0rv0PzButRuprjaXyVBBCxbjgMxOGwcnrzncex6KKDQRXW7zLS9cLzmKFxle552nGcjoQecivrK1tvBUQQq2jBmRdsjvGdw+8TyTnnOe5/2hitR7nwnbLmK80Zt2PkR4l+Yc9SpAAz1GB24zXkSxrcreyduazS7ppro39y0di44CE7uaitb7t3eltr2fe/kfKmgfD648X6hHp+nzT2rykxoLqPBO48kgnqMkAZHOMei+5D9jH4pJawX1jFY30QwzW7TCOdo2AIO1cllbseRyeABXqnw30LQfE3jWGxikgaV03RvZXCI0ZJ65BxkYAyByOQBgGvuLR/h98QtJ23Oi+JrlrZJCn2bU18yIxrgKC3PDFQAA3OSQcV8rm3EtXAT5IKMHyqSU4t/E1q33Vvz2vr9bkvCtDHUfaVItx29xrmStGV9X5a3Teum+v5zaB8FviL4Ts9Rg1TwvqnlvDII5bNWnjTGd3zqMj7vJI9e5FcVFpV5p+pQi8sru1lhWRnSaKVMZPyli6DkjH3c5Ofev2Ug1Hx1pRA1LwpZ6rAsZFxPp06LJKNoXiF1kViTuJB4BwDms66b4ca3IYfEXhuTT5xt84anpCugJIZgtxFGBgZxnBx2bAIPn0uNWnCNahGpZJ81KV7aw6O179t073S6b4jw/j79ShXlB6tKpF2b922q9Ho+3Xr+O/iqy8rQ9Sn5AnVSoQk7UY8Z4HOPRRnA9a8j8PaY81/BiNioYEfL1YkYJxjncc4J555xzX7m69+zX8FfiGi2mmXdlZy3Sqpjs75YCr43DMDgYHBH3snJwBnjzHUP+CfltpUxvNA1m6jkjbEaMi3sEi4AUmWMkKMdioIyBycmvbw3FWWVZJzlKi1b44ytqtNVe261WjvqtVbxq3BubUKT9lGFZXbShLVppP4XZ2Sur7nwTc6bDDbo8mebPOAQF3BSVVeQASDtAHXnPavAtY04fbrk7FKsCTjGAxyefUcfeOOW4r9MPHH7LnxJ0+0drW1stTit4QgEbGKY7f4NhUEsSQCq8/eHfj5D134MfEXR7m7n1bwhrUFuT/rI7Z5YtoHZlzleOBjn3HFe/hs0y/E29niqUm7Ozkk1oukraapvR+drnhPJs2wil7fC1oyT1ahJxfw3u0nH0s29U2nqn8vXWmS3cP7uMnbKsQOQGPIIIzzjjaSCc9vWupu/BlzaWkNxMAR5MTBTGCULY2oSVwCRgZOCw/AHsD4YuILm1hmgmtna9i2xTW8sTAeYAQzFNvTqc8Ack8Y9Y8RW8R0OSONEfbPDF95XKhdoKoPvAg8j24J5IPb7andcns6isnduLunZdLX1tfpfy0XO3XjpKFRNNNqzXa91Z2tpr2u7LW3A6XpzfYrQiAIsVugYRho2YHHIKlRn3A4P8JyDXmet+IvEGja050bxDrOnOjMI1tb65RoyHz8uX2jbxkcDGR6g/QElksUMRh8yFI7VMo2cuMDgctj079iBjkfNXii08/W5Gj3KDI7EkkdGJPPtxxnqBxmpqUaNWPNKlB9WnGLulyu6TXZN220d9SqWIr0pxUa1SFrcrjKUXe3R+ei8737noOgftPftB+FJpTpPxM8RmOILtgu7priLCgYDK+eCBjB64H0r3Pw9/wUb/aJ0kIdZu9G8QwxIFK3+nxs7hTj5mIJ56EY9eelfJMWiOyXFwULjKspYg5U9fY5JA9zk9axbixSJWYxrgjKnLf3tuOnJ6gle/TA6+bUyXLsQnKeEo7pOSpxjq2tLq2r739UtL+pSz7N8NJOlmGIi0tIOpJ6KSWzTumr9lbvq1+qPgb/AIKZalqN3b6d4h+Dnh3WJbhiHls47eJ3bHznaYc4xlsk49sjFehL+2P+zr4hNy3jH4ItBKZnW4MNhHcqGY4cnYijAzwD1J9RmvyH+HsLx+L9PZHdOZiqqhOAIznK4GeOAeCD8wPp7IL+2hivCFXzWvJVkLkZbL8FgeMHBAHI7Nztrz63DeXpe5GrSs3bkqVIxTVtt9mrPTR7635u58ZZvTjFVZ0a/R+2owm5WtfpqmtLt217H6W23xQ/YP8AEMPlvpd14bYxtuhk01raLdJ99WG0jAJ6gcjB6YrHuPhP+wx42njOlfEjTdMknUnyri6WNIjtDfdbG084GTjOQelfmv8AaLaWe4Sa3tJGIDLwm0dyOQcnnsOc59ax7lNFillZre2LMHaNov3Wwn+LKEFue+7jOeAeOKWQVIcvscfiqa5lbmnzO946JS+ab9XfoTHi5VVJYnKcFU1s+WDi18Lb0tZ6326vpY/QvWf2EfhHrWs2epeB/jf4fMgYGGA3dtIsUXBXBaRRzg4498Zrqz+wp4vjjxonjjw5qQlI+y/6bbIk+DgEsspIOTgrtIyR321+XliFn8RaDZ29ze2MV3IEmMN3cwsMnb1EqqEABOcY9OeG+wdN8E+ILdIpdF+IGt2IiIaGNdYlfrjAUGXg+in+LnuM1PL85ppeyx8Zq90qlJPRct27Su9t09N9VqZSzXh3EN/WcmcNreyrONlZbX087O/6HsrfsX/tCaLM81roGm63AXLs2n3sckm1Om0KxyxAOMY5P5+RfGT4JfGjSvB2pWmsfDLxRCF8srNDYzTxAIxO4uqnORg5xg9etenaFr/x50GaNNG+K/idlZUV43uzII8HAzl3JAGTwRxz257Txp+0L+1L4Q8KajeHxfDrenWcUZmj1G2jumKk5HyOjHaRuz8xHHrk1MJ59RqQ5vqtVaKSalBvVN33V3a99/PQqNLhGu+aFLG0JqzVnGok3a17pXVu9vlufl34b0i+0i+mTUNH1bTrlmjVvtFhdRsGXaGDBohnAyCOABkYxgH3/TruIJEGkZWRgCJEdDwASRuQbSduRu4H97PT6C+H37Y/xC1++EHin4a+CPFBljjdGfRrSKUqqjcxZYz8zAEcdT1C19TQ/tE/B3UbeKLxn+zNoqTNGqz3VlbBWLcBipRFADZwMAcc4NdU81x9NKFTLnUdk26VWMrO+qSdm12312um2c9bh3Kce/a0szjTTeka9K3SOjcdL9W0nb1ufCljfQyhUjmiHPJaRC2Mc7Rx94cg456cZNfOn7RcfmwaA0UivsmZc53EZzwNo2kAY55HPA5Ir9adS+KP7BmpRSprfwx1vwxfBSHksPNRI2PHdtoC57ggDGcng+P+KfAn7AHxEGn21j8QfEHhy7aYywR6jd+XHG5OAWLqDtGcg5wcL2JqKWd8s17XA4qm1bVUrrorNxbezv5LU4VwbONeE6GZYGrG2yqezk7tfEpJNvq9nfqtz8W5IJhdsyglQsaq20kc4zkDoeCTn9BtrohbtbWvyjMgf7owPmJzyPlHH5jjGMZr9Zn/AGGf2dtbMlz4b+P2lNkh44bmeFyxXkDPmKAN2AcDsevFZN9/wT3ivo2Phr4keGNQjaRdryzwxNJgLjkynIJ4z64GCRx6tPPcFLSUqkLq3vwklfTa/RfPTQ6a3DOaUWuSEKsY681OrCS3Sb0d7Oyfb03PykLSxeaBnMvHys3BYHJwpHB4644HoK9J+EWoyWHjPTptnmmO0uzGHGAN0bgE+p7Edv1r7V1D/gnj8SrWWSS21HQb+IBgrW2oREfdPzYyR7gA8Y4AGaw/D/7E/wAafDXifTrwaLDf27RXYMlm/nygGN9ipGhyxLc5GeSACTtxrVzLAVKD5a1O1trpbuPfrd7b9PM5/wCxs2Sd8NVSs+0l8ULaK+ruuV6vp2PN/Efiae+1CBriMxuIQhVTluoAJ4AHQ8YAwfy9a8Ha00GhxIqCTDsu3dxtYKCCucdDg9eOO2Ra1z9nX4sWkgmuvAmrzCNAHlWylc8DAYgJ12nkbR1IH3jVjSfAXi/R7cWl14Y1O2kjRmdZ7CWMLnnlyGAbbj05HOSSa8vE4zC1KMYwrU52d9Gna/KraaaJpbd+ljy/7IzCFWUqmErWavf2c0r3Sf4XW9mvU3F167iBEcAdQu8YYYUkYB645yAWB6j8D4L8Wri8v4WbylV5Xt0fnKqxmXaoycY44Oc4HBNet3NnqNnMftFrLbLggny5UHUkg5Qceu1cc4AFeT/ER1NiruxQfbbPlSS2POUkPkAjqAc9OCeOBy4OUI1VKMot+6umifKtPtaqyu9XZdi1halJwdSjUTW75WraKztpZJ2unq11tc5Hw7Ne6bdXUBhVmjmRnYchGC8DJXOG4IJPO78vqHQ/E12NMtpJrWNH43eYoUsGwxwMAEdQB1AORgCvnLR/IuNV1BmnXb56EAsPmxtByGyV4P8AvE845r6P0exS5soEQK20BsO4UqowRx2TH4jjnpWuYzhUhFuKej0i7vdb7dtr6J+h34GMvaycFa8Xo7xd7p/zJX3bXl21Omj8RzSRD/R4hBuxkEbDnqQD1wRjr/CR71z8+sRMcCwjkAlyWBGCc5HGRxyQWxgDJ55qxPJa2YWCVUV2LnaJBtx/CPl6kEAhuSCc9KzYdOE8DTCWNXMhISQjK/xDcAcEfKCRg5Awc448pU6Eo/C07W0Uldpq9vxvZbrtt38+IUrc6aunZ2unorW3Tut3e2uljob/AFm1PhzVw2lqGOm3YyeNgEZ2kZHyjPTPcnJz0/KTwRexx+KtdY24kL3Vy6/NwAZ3BGcEEEDg9MY7AV+nusRInhzVUu7hUlawuXUKwIZBExCgcZ7kf4cD8q/B0ijxLraGTGbq4CjqxUTsBn06AjjcOCByDX1fCNOEMXPlulzQuu7t531bvd2a03PJz+pKeX1eaSlyxbV2nbSN7rTTTrtqrNM+prDUIhbhvsT/AHhyDg8AkhFCngHjAyuB1HFVH1aOR2AgkChmYZ5JAxnPoBjp94dMnrUOnzeXa8AOxwF5GCWXuCCSCRk5zxkcVkuGJZtwRt7E7W5OTls9O3I+XAPtyP1eFJa8vMrrazWjtZX6bq10tNbPQ/H3i+TmjyJxuk0kk9HF6b3ve6fbr0W819bSW0s0kUke2NlBKsc4GeAOeeeOme2DkccNVsMhPNKZDH5skqcnIOeSv056ADNdBOY0sJDuXBt2GA24FtpBAXk5Ixzx0yCcGvJrgbeVYiRsjcMkEBs/d6gDA7kAAc0ShGF7ttptu+j2WqT7dNFuknfQ6MNiYtNSik0000900lrsnfbWzfnc29SvrSe3uQs54ilx03btuRjGeOTjHTnoCAfnfw+8Y1C6yrFTcS8E5A+fI4z37tnjrxg163cYMUnlvvPluzDoM7RknGRn09cH0rx/Q44zeXIaTa5nkXj+6GbA/Qg88dj0ryK/L9YoJ21lK72f2bXtpZdGu9rt7/SZa1LCYlq1rRaa9UraNp2vbTZ+S1918NTRCZC5RGUHaMZJGCRg54YDnPXnkA8V3ZuEIJUHzGUKOMg5JxleMcAjgnoc9hXlmlSLC4KY5QkYUE7gD82eQpwTx7joevYLe+WMySHdtBBXgKOhBPXJbOSMHH0r16CXKkkrJ7td0l1ur6Ppay7qz+SxlZwqzg5JJ3e930VrvrZ+Ts+ljWzG0u9iqkEr1ycbeTjHDf3h6Y+6KtqYwJCQxyAwJ/hzjAwRyCMHrjnr0rBS6QsjsXGc5XbyCSMMT9QR1X1HJFaZuYsMN7OTGvBGQMDou30BA9c4JwMY6LRkkmk7aL3rW0iuiVtlfbq0rWR58ZuXMrx0SerVraXenT+bpp6oZ5qF3lCbtrHluFUHpngnLE/ex36HinvloiFXClSeHOTg4IJPzDByeOfvDqc1EZkzGnkMQVyRnAYjknABPbBJ6D6Ux8BGYIwY5MYAyCCCCoz6HPPoeh5qHDXW3e8f5Vba7e2i1387u+lKvJRVnbm7bXVtfVbPz1YsxcCJdoc4GSq5Crk9QdxY8/dyBgcr0FZ0yysSZPl25B4J3A4JYk8YJwDnB6jHca4CqiZZkcoMkHkkcYxgbemAM5HXg8VBdFTARGd0jKeG4x68EE7sDoff3zhNbK935d3y31a3a316x2vZ+pTqTcVdXfMmtU20uWXLe192kkrvZ6638K8Vvt8VaOCSU43dgcSZP4ZyVPb0HJH0GbiH+zbBCVRBMgbfxkgAlePXJ5xnsMEV8/eKNreJtMyRIV2HjjBDA4+uRnuckg+h9nu7ZpLHSwN7lnBPl5+UMFKgnucY5zx04OK5MsUfa4uzV+eO+ttYrV79dWtdLWWh6Gewvhcseij7LbfX3bO7uu2vnax2D6vaKpXLK5wm0YK7QvcY6dcZBOBwRV+z1CGcEhizxsoRS3UDvgjgjjjt6dzwLW8y4dMELnIc/MSPlILdDgbgDgHb9NotRG+hli8pSoySSOQC3PzHr7AnOOBggEV7V3e+rVkr2erdtVd2vbXfTXbRnyrbTSUot2StZNv4UrbJ2te91a2x6Td+YbYsVLK8eVJOcccEgcZ5y3Tt/DnHlqWFybyQhV8lpzl+MdyShI42kKCBgjn1xXdtqOdLkEyyho18sE8ckYzkgELnH3cZ4IJUVgQNDtEUkjDMbMcPuOGwVYDHUjkDsMA4HNY1I80o2eilfXTflev42u3srLQ6KU6cZLnetkuiVnKN1tZ/fp87laLTbmeGQmNGT5yuT8xyACQPUcDgnr7ZOSfD16ZUiEQKKwBBkB4bnkdSD3z2JIGTg9pHLbwxQbTj5SMB/mJzznnHYAnAyeDnHKRTIZJ5pSRjsMkDnIwep5z0I6EAhckYzhdpNO6UVs0ls7333Sey7rz0bpx5lGaTdnJc/lG9rPtt06a9eMvfDl4kcoCRlWBQAHcVLD5iW9OFORzk55PA8F8T25g1mGNlXekaD5doJyxJPHOTjAJPYjnk19JX+qIhlJlZIhuBwckZXo3HAJGBkdOvHFfOfipo312KRGyjRq4O4ncNz9DwCT2xkbuB615WYRhywvp7yWrV9079/iv8lqfRcOTvUqxi7qMG27ttKyt52u9ra2u+iNLTR/q+ejbsDt9SMde459uua7rT4PtkjRFVBMZyDgEr0UkeuOCTznI6VwWmFY9rthQwzuY5JGMHA44BGfcrzwM16Fot5DDewO4TaTtIOfunHIYdO/X+nNYZQSUdHe17+ity27yXldabLScy5o1ZNO27vsm32un0Vtn1Wl7lGWySJyioNu47QAcD0H4EZ7nB4GSTXaeH4FiSMyE7JFIdRgYHUjqTzknv2AyMYq3FxBcXbBLdfLV2bDD5iuN2d3cY3Dr8o5wcNnfsYoZIE3ExE7jHuH3cHuFOTnk5yMZHUEgenSoxXvRjpo3e+75Xa/TV2189ddPla1erNqEpcy32smvda1t1fRt9OlrdHHY2k0SOkalA7eXhhkHJBY465wOCOpwCCMVmahYvCEmdSqhZAxXjjk5bHygfd/2uc8ZNW7M+WqJvAYsobb8yKqnqyknnuVAzjvu6rrVwpsxADJLK7OQ65Khe55JY9O5JA79j2xilG6jqkrNtbpRbS0e9nvqnfa7vzzmlRvdKSs13TXK3dW91t6ed31StylmDPe7iGOfmTb82QCB3IxkcZ65OB1yNLUYo3hY+WxZt2c9PlGFB6Z5Gc4ySTkE807R9PO5ZSWAMZGAvKkNyT1AAIABJ9eMZFamoW8USGIOWzuwVBJAIJU8Ecgk5xtyWIPAzUuEeV3TUm7JXV7NR03sr+l76NNq5mnKVuWySaad1d35WurWtpJrXza1PC/EUbNZ3khG7dDKGXd8q4HfHTrgA8Y5JGOfOPCaMHY7TsVuBkDJ3EAnjhs5yePXODur2LxNA/wBlv0VlMf2RgSQoySpJweeecj8enfyjwlC5O1SNpLbuTgnJwAR33YJJO3GfevlcVDlx9Jpr4Xo/NrW/VX0vc/QssbllNS93e2iXXlVrW1d9O9ra7nsFqGkhQsCVbGAMklgOPn4wQDjBXnBIIxVtojtIxsOMuAckk5IbnAA56dcsT04CWEf7iN0EjDIG3ngnjsOSR0HJAOD150HtpSWYJIAVVSoBzgkZJ49OcHHPFezBqUY3klon0t0d9OllfZtO9rHyVam1Um4pvW78tU1prp52bbd1Y51Idl0WBbmMl93yg5BIPXHJPQY5wCetTRyTJLyMBgFIxxz0AJJwBkjH4mtWe0mXZI6FFy0e4Z3AENjdnJA9Oc46cEVmlCjsp3FwVO4gYIBIUcnOMHjrgs2MjmlKDTVmt0+y1s7Lz3W+y7ilUbglKMublS2ad1bR7rbXWzatd3ZpQzSlg2WKoQqge5AblQMng5GMgZ4xnPpWl3MjpEwQlgm0Avj5QpGQOo3Kcck8E529T5tGFRQCA2QoHrvJAGckAcE9+g7dR2+nFxCkgyvCohUMTjjr94kkc85B+gojH3rWtZLXW2nL6fLzfXQ56dTlkmo25WnJLR/fqtU/O7b63tZ17eBFsXaOAMcsc8sRkjGSoBOcFu9cDqEq7y5Cgx7Qu3nIPHXk5OScY5Ax14rvNYjK/ZSXZ2ZPnByTk+vHbAGF+bkYzXA3cZ8yQsvzoo4xnGDzuHcnIGcDA4AA6Ekt7/O91rb5Lduy2vdbWNp1eaopfDflbSSdndei26aWvbseS+OHC2aqGJLTZPAIBzjbgc9hz9cDkVyPh7UpdPvoriIEPGxxjgnjI9cZbjvjJrtPHEBa0SVuCZhlcYA42k8Z4+ueOMV5/ZLHCVZypY528/Lk7eCCOM9y2MemevzOJjbHOVl7qS07tp7/APBezTtdn6RkrjPKqcXFWlKV01Z6vyu73et9fuPR5fGmpSNJiY4cklRkgcDDMf7wxyRuPJHfJ5i71a6ldm+0sC2NzKTkjcQQevJycHgdzxzWEbhwSxVWABVRgAA4IABHDHGMnrzyKpSO3mBWJ6DJOQFzzkjjp0JyMevO2s3iJ3SU5Xb7vZ20XorPzul5rpp4CkpX9nBuTtdLWza1v3flrbTU6VtUuQp23DkkKAFPI6/xHdjAwOgx75qW21CZnQmWXoVIDktkAkkEngZIB+vQ5APLIjBs7lYZ+8pxtB3HHQc8jJJJJ+vPV6LaxvHI8x3bQ5w2BsAGd3PJAP8AjWaq1G787tu7X95q23XXd9fPqaywFHpCDtdaaq+my38+q76p256+uZpLh189wocnb3ODyxAbAwMcY28/dBzitDPLKJY2uW3FfkUnBbGTkHIPTPBPY46YMeqeWt1NtJ2gkBg33l3ZPzZOMY+8c9vxzlOcsBhVB3DOM9OQSAQe54659q5Z1JpyvJv5vovs6r/J2fZo3jQp8qgqcNOyV9LbPzatrfRplgefLl3lcAOwJPHIwFwQTleCwIY/1qTy5MBhcsPlDAMSMqW27cMcgjknAznjBBNNWORYw4YNGylnAfJXBJGRxgkY6qSckZHAEC3DDy1G9hk87gvGeg6evI5xwTkdZ9o1Fdn53s7JvZ26JtW21atqWqcUk1CKb6NLTVK10t23a+nW9umkBJ5bkuZN6BlxkquOpbJI4K8AfTC457Tw1osl5bi5DoApUbHKgsMg5O7ggD1+U54PXPAxNJ5bksVQox5IJYZJx9714IPGM5zmrUGsXttELeKWQREg7QSAMY4CgcnOPbnA6gVtQmqddSmrrlfk+nRbX00euttbaKUL0JRSd3JO6aSTst1b1s9rN7Wsvcde8JzabYWeoxyQXCuheXY2BHuwNmcnLLkHBGNxyTwKq6HeGCaNJPNKFgBgnAYgEjGDnJxgjuT1IrzUeJNVltltZbmZ4WXYsBc7AMg8Ang8A/hxxxWna69cwiKMum7cpRwMsMDk4wD1655z2649qli4XUrLRKy/8BW3e663W+l2fNY7L5YiMopq+ureivy7aX+1F3sn09Po62t45Ii7AMXQNu3DKk84bPUnHPrznvWrFbOVVyq4RRxj7wOAR2zhMcAgcjg4r5wHi3Vx5w+2P2BCqQoG1eD1DAnjOCc8ZyuamXx1rkcah719ykeWADyoOcn5WHA9c89euR2LMaS0lF3vrqvJaWdrK19r9n3+ejw/iPecakWvesujvbtf73rpa/Q931AswaNFUqoO/aDuy2CVOO4IPXsMHjGYYrdUQh2VnKKQjjCjABYZyRxnBJyPqDivBP8AhPNZ8/c9wXzJkLgruOOM45JJ424Ocg4Ga1LjxzqQVGkkX5k/eYUAgj1zkggdRx6dav8AtHD25kpPVp3e2q00as/J9Fa973xlkGMi1dx11STd9lbaPS636vbt6m8UIaYIqDPc5wR0yPpjgjpnnIJIIH3K8SqAdigOASu3P90jOfbvk4OSM+SL48nYFfNikb5QrMCCpPOAeSRxkjBJGTjBpV8d3KCRi0LALgkKOcH5doJXOQfrkdT1rneOw0rtppNJbWWy7WS9V+p0U8lzCmoqMb3SbSS8tG7q26W/3nq+p2ZMcPl7csoUsSCCCvLHnA4yCDxz7mvIFUW/iuRA6gqM9QwYdxwP7pJHXHXpk065+Id7MqGRAGQBFCgkYyMblySemR1PK9cHPEjVrm/1q4uCwhcqd0gXaEUD1IyvBJB9D3wCOGtiKc3TVN3vUTs9vsve1rK17We7PeyzBYmi6rrwcIuKs3JbpRtZJPr2srfcfpN4Xi3/AAu1SfzkV47WcFRnptzk7ec9QD1AwelfJc+qw2tyGkmdpFLfcbKsTnoehIAycfoTmvp7wlqtpB8LtVSdHSVrecyoCcEYGFYkFefu5POc5r5CvNX0WWeTZpk+VZiC0uDuDEFhwRgk5G7A6cV115p06dlG/LHXzaXo9Ld7ddLJnRUw8X70lLRq2rWqcO+ibs7tN9PJmjf+JI7mGeBfNPmJhi5XC8AYIweAFyc4B+6cDO76D/ZvLPFrRL7YQpLlAN4AViWz15z1PXPQgbR8qPq+jgzKulvvOQHaTO04xnH588k8Z6cfVf7Ml3FFBrbCENG0ci4Zs7gELYXknIAHGSSeccDdy4R3xdOyv7rTSstHa/nq7u/e6u73OujGKw84tXTate1kkoqzd7pde+u/U8q8Sa5bw6xqoWaYiPULkKAp5YSEK2SOFwCCehG3p1rkLrxVOqo0auRkHgY5GNxJ2/Nk/e68cdsne8WarpKa5qwGln5dRuSxJJL4kcnGDwDz055OcgYHF3viLRlj8tdFTzFcBMscAdQRg9s565JzheedZ1eSU4yskm+W+reqdtG+n4W2e/JDC03VdqctbSteKVkk7Lfqm9tVvudt8L9Qnu/iJo0soc+deRBsnPAYEcgDAGR6E4+6DxXvvxc1v7B4wvoIxOpFvG4CqCmCByQQD2OOeQTjoGPgXwj1CO7+IWikWqQxy3UIQK3KkOuSc8A4IBAxyecEHHrv7Qs9/a+OrgWjEK1jFykW/LfeIztIXA788jg56crryp1FODi27prS+jTur9ba67bnr1KNOeG9m4xdpJpaPWLVk9dtO/6W8v1TWZbi2PkfaWkJJy6uV6N0AxgjBCk9PwOPNXmu5L+zWfcWF1Hu8xiCcsB3zkYOeOOh5B425dV1UwojTOWAwFWDBwR83UEccjPXb78HnWN1JqlmZSzSfa4ACUwGy6gegzjgZ65zyQTWVavUnurO8Yu27V1dO3XTXra2nUywtKnSlFxhFarWyW7V9n3+dk0z708TxLbeA/B8uoXK2lvBGu+VpBGu5k3KhB5ztIAznIyQMZx59/wlHhK2t0E2pWZkKkq6Hz2yeAWwM4DYyOcZPJ7dl8UXtZfhf4Pi1EzywOY/NhhAVvliCq2cE8KCCMdQTwD83yi0fhy2kJmsppEO4RASruA52jYQCGzjPUZ2gLg4PUsXOEYQVlFKzvvH4WrWvZaNp2te97PbnxeApV6/tJVGnZWTSfWFtGr2tZPs+mx1fjLxtZ3ds9hZhLhC6SNKsITBXBYbuckrkdm/hHofdbq+J+DFtuUrFJHEqu7qhjJwxOWIxgMSDwGIAwcYr5I1b+w3gtvsFrc20rygF5WJBzxjDHB9CcH5iFPO4D6d1m3W4+BCESMk8RiBjJwAisoBIyeSMnHXpxkVxTqOdfmlJtqMbO7vZ2sl3Wjsmn0ex6FCnClh4wT5kmrt2fTySu9U0uyt1Z87TWkE8smL2CN+WDSSh89BjO4EnHTrjocHisaaK3hZ5PtkUsobaFQsS247SRkkkNkEgHknOa5a5tWV2cS5Q/d+8CTnPBzyM5z0zznjiqEHnC5j27siUYBGBnIGMknIwCMdxye+M41qiklrduzbu1ukr7WknrfW6S30HyRcVJJWs7W1urR6Wsmnrfydz728Csv/AAqvWrhGYRWtvgjGMZGXIycDkFfvdCNvXK+MPLa3hYSPbQqwyH3q0ikKcblyMk4Hc5zkele0eBLeY/BLxO2xd8sLli7AbSq5yuAM9MYx/EcDBxXxzdKiu0plbDDavkyPgEHuoIyByecYORzgEdWJ52oJVHC6TaTvHWz6rReivfcxdWnGXNKnGXRJrT4krX22W2l73PT/ABhceG/+Ea0C30szPr0F5cHWXPEUkPHksoA6jjKg5GSMknj3zR50tfggGYFYprlQSzKgLEjJ5AwMDB3E5GRwtfFDFOHR2yHTO8vuJBCkk7voMEZAHc819bahIv8AwoQnlfKu0K84y3yjk9uCc9SepIxk81BVIxlJ1W7WvKTblJaJ3bbtovLbpfTaM6VVP3PspWSutV1a0srW3aVnre9uCl1GGFHd7uzCNhRtZSVzgjJHckZ6VyetapYzW15Fb3IkZogSM5BIG4gHjOTgnGOucE815zPqIjUiIpuOCUClivHOeSCec8dexIBqta3csm8sRkxODtDYCkE4wMjB6dznOcjrniJe0VufmV73668vfptvt9xjh3Tp1UowSbe/Xpa2r0aabTs7dFqfZfhe+mtPgnqkscPnBLdEbBO/LlgNoxxtOfmIyTjpkY+a5NYmDL5Npd7mAJU4JYHqcnLAenXcT6Yr6a8Lxyx/AzVpo3jX/RA8gx8xQZ3egyc4HHY8dBXyqmsRRSF/s7sxAKtIfmzwoBxj5cLnvkccYrSdWXs6cIJfBHVbLZ3v3S01W2hTo0VUnJxV3Nu+utmr9N7Jbryvfa7LdXE3MllcD5SBlc4GQSGK89Bn69MZwPtDTp2sfgMZ0CiUxxgRONzAlmAG32J69B3OCBXxtF4gmduYolWYbCH54z8uATwTkDt+Xy19mQAn4GXZBEbCGLD7clWBJ2gZJyAR8xGDnoR0xtUhNrZtKzb2vb3ne+trO62T9E++jGk6bbeivdWtd2VtEla+lrW6Hyhc6vdzu0v9mXFxLtKhShA4HLDtjdnOcEjkZNc8q6jcataM9pPCSc4kJVExyTn0I45OQc55zW4/2oh5heupOBjkFgwBLMfu4wBjHoRng1Q02V7jxDFDNPIyKQp3tuU4I6AcgnHrjnPuFKFV2558ybXfrazbbvbR35reu1udVKEZfu43s47d73TfLFtvS9nom+70+xPiXrseh+Cvh6HM/wA2mHheGzs+YnkgL6feyCAQOGr56m+IKRo6JbXcglJIbcAQcDAyR2IBH+7ntivcPj3ZpD4M+G8i7NsmnMMA/wAIiXIYZ4yck8c59eK+SoY43lj3MNqnBXLEcE8ZOQPc5JGO3FVQqS9nypyUVJpPmsrc3ponbrp1tuTiXF1E50024Qa0d1pGy21etr7a9Ht6B4Xvk8R+N/Cu2zkiePUrfzHaT0mDDL/KQQclunJPfJr1/wCOnjJdB8d6jYiCd3jtbRUCMCA3lqAOQc7l9htwAeQK8V+HSLH480KNCxLajEYwjFtxaRUwcE4GSTjHLcE4Oa7T9ouGRPiTfK8h3fZLZhhRgEIOMYJbIyDwOSBnBFYuU4Yi61lKN5O7s9YWtdb2fl+BrLknhG3TfLzJWb3tyrX57Xtdb6nn83xNKsYv7Nlk3fNIXkGCQOAABuI5A9eM9jXtn7Ol9NqHjLV79bb7MJtFvGCA8AtG+CRxgHtyOx9SflMi2YfvUUln2qSTwFPXHGc5GTkZJ75r6t/ZcEcvi3V4SA3/ABJrpAobkARsM4/HJ/kOKdecpU7uXM3tpe2i020ttr5MnB8qqKKgopR0d12i76arSz3380zynXtFe61TVBNeOry6jdgqhLKB5pyfveoIwAcEZycAtzL+E4UuYxJdTOqBiqhiGcMozjJ5BPfHOc54BG34oR08SatCl00arqN4QFzhMzOAMggn1x19s9edm+0Rsjm6mbcu1Tk4z0BwT079e2fStFSbgrx1ajqlorpJpR6t3V9NX9y51jFCrK8dFJqzSvdOL1b0v2u+lkr7+t/DC2NhrF2kLvJm1i2MVBKjeMjAH3gmBng8nsOf078M/tVWGhaZo/h6G5UHSbKKylSW5WAxyohQ5j5O0kHAY5PUAda/NT4YRI19eOzyK3l2yl+M4Z0HPo3OMjgYwOnP2t4t/Zh8HR6DB48tZXJns7a5vLWe5cyz3M0QZ2hjQqQBklQSQw+bAPX5vM86nksoSjUlSlUn7NNXWzWravbW2jt+LPar5L/buEpQcHy0p+0aTjrfS7fwtW68vRHtsn7Wem24dZpJZPNZ3ka1ullAC5OGCn5VBHc+pOAwFeSQ+IbT4kQ+IPG0mpzi1t7mNbiSYForO1EmAzvyFLAkbSclTwOTXzX428DaD4X8NaVdWctzFqGpX7rKs8M8XmQEngF2JJxnb/C2c9OB734S8Fmw/Zk8Uau8k0NhrmqixYRDayqrYDF+rKuWBGTjB+YkDGVTiev7CNarVck0rXb6yi7pJp93rru0k3pGXcIxw1R0qNk2tdm435b/AGVZ3SSurddU3b2nw/8AGT4eabElpD4p020ito40bFxGkcrIuN+0kFWJJLFic8DGa66H43fDRn8yX4haYvOWjN2gZt3QE7j0PJPU+vWvynj+GfhrzGI1lhErBnEhfccg7ujqOpxyeoPqc2IPht4ciu4vMuhdK2whYi/zIRzljnnPc8E4780UPELF0JKFOEVCK2cZ3VlFq1vRWVrX07W56vh9UrTnOWIkqkpJu0km1eLatuvzutFdJH6e3vxy+Fy3EV3N4zsblkz5J+0KfKbO0kpyMcDgAsSCeeMUbn4//ClWijfxhbASgtIElVvvYPDLgZ64AJ68+tfnuvgbwoyystuWWEFZEknCuOhyu4gjIzjK9MBTkAmtD4S8KvOC6W8axEAfaD+8IxwyH5gOpVSVOT3PSoqeKOZJtxopu+q5Za33bSte2nyTsnc5qnhxUc1H29SzSveemtlrqvJbb6s/QSb9oj4WRBI4/F0Sjd5eFXJc56nkYUYy/r6AEVlT/tFfDVZPLPi1dkjbWBjCgqCeQ2cAEcDHzDJ98fHuneAPBuqsRBFGxjQPmQBmZ+hwVIAGSQ3QdM9BWy/ws8K7pRJbW8sqovlmMNtUkHBdeTzjpwGIOcY21jLxezWPuxpRh2XLZ20Tdm9dFpotl6qo+Gcnp9Zk2+80rr3baO929tH5Nd/o+7/aC+Eyedv8TTSKOEESSZXnH3gMkNycDj0A5qpF+018KrdI1j8Q3qRRlUyLaRuoOSeD2PIDEd8dBXyD4k8DaZaSLbRWlqkk0irHLDGWYADKlsj7vqdowcnoK+hvgD+yvpfxgs3iuHMl6dWh02C1t2iR/MlZVjmkhxvMeWyXXJ6/MM8cma+NtfJMuqZnmLpUcNTs6kuVuSuk9Um3ZWu9knukznj4YYqtW9hh6lSpVb92CkmpPR2WyvbfdWWqR3r/ALSXwnnjBbxFf5WQFGS1dztPdgMDOT02jrkbipyRftM/DZRK8WparOkTExFbSRmDAcEqBkFhjHBwD74r6C+Jv7A8HwP06ym17SNDnlh1Sz08LGqzPfPeBHh3x53oE3gPxjOTxXqGh/sWfDWTwHq2saktrpfiGKKa8zsjt7K1gEPmgTCUAsDlVGDy2eeTn4Kr9KzLZrDTo1I1oYioqNKVOLbnUTjHZu6UXo5aK9mehHwdziHN7WjKKguaXtKqWlk/d01s077PezSPi0/tT+ESrPaRa1dScAxrp8pVuegZUIycHPTIwMjmo3/aWsnZWi8KeJS0rDDi0nUSdfWL5eR90Ek9RkcjuvC/gnTtMPm3TaRfeH216PSJrfRdOju9TwHCQ/ZY1Qu0shUHIzySCORX9UvwG/Y7/Yg8Yfs+6L4s8UXGqRav4d0FtW8Y6Xq0Wn6PrNv5ERkSG0intw3mPEu9dxy2V7cj3/8AiN+dYmoo4aGEhCVP2sZYnERovltB6XTbeiStu+72+exXC2By6tGliqrjNJz5VUjJuK5W+VSkpO66JbXfU/kS1L44alLGZ4PBGtxISZVmltrhUORySAnK/Tg8jaD15Zvjd4gea2mXSGgMzJEEuUmRcBlAzvUKMn7xbjBJOM8f2BfC74Nf8E3PiX4S1PWNW1bxT4J0jT7u7hthrkVg13qUEVw8Hmaeq24JhUKGLkcEg8Dgfnn/AMFUP2QPgX8K/gAvx++BnipvFui6pfW3h+LQLjQo1u7S0426nDc26KDIT98shIXkmuXFeL3GcFSnPCYR0KrVqtPExnKMW4pS5HTTas7yd20lezVz2Mq4f4dx1ago123KfK+Z2SknH4lzXtqrPlau7bM/ERfil4vhtXvlGjRW5XZGjTqX3gAN5YBBI3AjG0EnG3OCKw2+NHiyEEjUdKxIVDILZ5XhBA4PU44wBjBI4Oev1H/wT98MfAXxZB420/44nw+vnXdpbeHYtdvhYvvn2mR4ppnxEwdiecKp5I+7WR+1u3wU+FHxrg0n4ZRf294Y0ywsry8tLIW9xa/bYHVzatchGWaKRQQCGIIOfavgK3j/AMTRzzE5PHCYudWjCU41lC1GbioScYydkuZyUU21ZtrZM/c8L4SZFVy7DY2piKcI1Ixbhq5xu1HVpq702t189Pl69+OOvQtGV1AMVcCZYNKuTjkncAVGcDJ3EFQOpGcVZHxg8cX/ABY+e4XDo7aZceWygYO0hCWJJO7AbkgH1r7W8Mftwfs5XghXxH+zNpyS2GlPa+bBbwGS4uZIyhnkCRDewYhhnaRwwOcqPN/hP8XPBHhv4sReKdf8AeJdd8FG5ubi28K6Joj3F5a2V4TJGEPkSLIsIKRncucLwe9edLx541jRxtavleKoSw9Nzo051qTeIatywg+fljKXdyaafe6OuPhRw0p0qdHGRqQm1zvlmnDbpJxemvRt2s7nz5L8W/iJG8K/6wttD7NIvCyhRj7uzkZ+ozznrmhdfGL4jzXaQW8ckvzBWkj0a7cLgcmQhcLtAJIJGM9iOP1/1L9t79lbTpLb7X+z78SdKQrJB/pvhq2tJrhHJAKyzWQAYqOD1wRt6ZPla/tpfso6PqV/Bo3wV+IttaX6T3MqtYWdw8k0iuCCxtSqxsWw20gZGcr1r5zC/SJ8ScZJf8YzjKdNtRc5YiEo8seVyk3GTS10sno9NEtfRq+EnC1GndZlG/KkvcmrP3Xy3lNdeqt6Wufmxa/Fn4nz6jHYw3VuZJV/dZ0+4QznOBDCPmLyE4AVQcngjPT06zn/AGm9btVe08K+KFjaRo4pf+EYv4oWKj5QsrqqkODlCT82Qw55PsHwo8TaT8Qvilrd54U0LVoX00P4l0Fb7SoLmPQ7BLkSyxXMaRbWmwuFDKfm2AfLwv7x6D4w+MvjP4Wz6Zf6dqNv4T1HRrqayv7PwraabrM1zHblF8qX7OGijTaGEmQWUBlIOa+a8QfpR8YcIYnKcNTw0HUzGVONSFXEOM4yly8sYwh70nbmV0rXiklbU9HI/B7Isxo1aiqOSot83Kop8qSd0m3KTVk7Oy1u3ul/NL4dX9o/xfr934U0TRvEGo+JkkeBNEtdGnn1GSWNgJCIE+ZUjJJck5B4ySMVe+I/w8/bD+FmjrrPj/wH4q8OaLLJsXXNb0+Ww0vfnAhMkijEpZh8uQQBgZJ2j9V/2QLT/hH/AI56jrujeK9euJ9Bl1AeINYubBJZ9OvHnZntrlyG3rnglcHC9M5FfWv7TEnjj9qrV4fB/in4lW8fgNWiuNN0gWsNtHfXcA2B5NwGQ2d2SPmYAZJzXxea/S641y3ijB5fWVGllPsKNfGYitCs6l6qUpxpqLbvG0XG8XdO7as7+3R8GcjrYaUqUeeTi1Cd4LllG1k4pO6fVp6bLd3/AJi4/E/xpe38+OXShFIocTyXoUsHGQy7zgevI68sOCDuWt/8bpoRNDqvh3DAbpJ9TjBCqQPvcKSoIwBg564wK/YPVP8AgnL4e1TxDa+GbvxjayzwPBJBAYXgMkagsLebYwUoQwUHBzgHoK88uP8AgnXrE3xf8PfDtL7RovDl/DcXt0tnMXksAMeXHI4lyx+Q5P3fmJ4PT9Gy36VuAzb2kaGee/SpOck6dXaPKpRXNHVp79bnzGJ8IYYeok8Opwk0lJSiusU220kkt2m/v6fmZqUnx20+3IS98LzuYRctt1SOXbFgMSnzkFgACVGcHoM1yMHiD43aizjS9Y0S5lZDmG2uGll8xQd0caAtlw2MKODwAR1r+kLW/wDglD4jk8C654k0fQbDVrPS/C1+LCVQbbyJLCF2a7ecyMsjlVyQRhgTt6CvxQ+EeqeEvg145vvEPi/wxPeaD4d1fUIJbGAxyXD6jbSOnmhnDBolkVtgIIbPpwfZyb6QGe59gcxr5QsRjK+Gi3QouE6bxMre5ySskozfu3b06K9m/N/4h9k1KtGniJQVNNKpKDUnS0i1GSUdHFv7T26Hz3qUf7TenaG2tappniOy0xYmnbUJdDuls3SMZJW4dQpDclWyOevpXgzfGf4n/aJVi8VozKQrKxwyEEbspnhhjBUkng7s5NfqX+1B/wAFGF+LXwpk+H3g3w9qGg6TDMIpb2eK0w1ohOIFEECuuVJDYdcEYBx938Mdcu54r9zGWg8wvKXUjcZJGzlhtySwPK5GRxnoB+lcBcb8b57g3ieIsK8sr8yVKjGrKpNxSXvSb0TeyW+qs1e583nXDuS4CajgV7WLerkkm22ktbuKvbqk0k9D6Hg+M3xZaTC+KUeNuclgCMZAAJb5edvAPQn61M/xn+Lit+78SqVGBkTLjOcbiMgFs/T06YFfLN/p+s+QswnuFdyuSQyhUbgbipwCenU59M9ZIdJ1FPLSS5lZ5ghIWWQhQ3oM5JyMk4BXpgcgfosc0zCX/MZVTVk1dq+2yv3tqtW0tbo8B4DCqUbUIPlfbyjp21f46vVo+sJPit8Zpog0XiiMgY3AXCZP8Ryd4JYH5j17AckCs5/i/wDGgN5Z8YBVzu4uEwMdBnvjjnkHtjJA+ebjSNTt7GS6F86wwpgjzXVmb7rEjJ6cEHHOGHXAPNIssjKzX0pMiEsgkkLPg9eWHBOevXANNZpmMWv9rrO1rPnm7Xt3ktb6eerem8yw+FjdfVqafuptqNmnbXX3uqvfpfW2p9Sy/Fj4z3LNG3jePDtt3faosDHUE88jv1wRjvzZt/iB8btm238dWy7nwv8Ap0IJIXOep4yeuOuc/wAIHyfFbTx3KK8sroWyFNwwZmOeWwcqAMck8cdyTW1baeyR3V9cS3EMEHKrvmw8nQqrEgPuPA7bRx0pLNMfGTf1ytZ6P33q2o+fvN+6tr2eja2qOHwjnH9zC60a91W2vdtWa0SSV3r2Z9Nn4k/HBWVZfHcCyMrBZftsWB9BnJBx7Z4wcVRb4lfGWAk3HxGtN6MxUG6jPOQQeDg/N3ByMH3r5VkivdUDy28skIDMqozy7VAORlt4HK47dTnJGRWJfafqkUiiQvIFJT/WyENg4+XDnIJxjnpyp6CpjmmYc11jKuj096T092Ts3KSfyWy3sle50MHb/d4NPpZNS1STsl00vbXR6NLX61f4rfF2Y3C/8LBt2Y5QyCZCDk7VRRg4b0PPpuHWvrTwD4E8a23hnSvGnjjxHPf6jqISXSrJpW2eQRhJiN21jIDuU7cqOM4wV/Mr4a+FrjxL458L6NJLL5GoapaNPGju37qOVJJVYZJwy5yMdM57V+xnivWok1DT9GtiI9O8PaelvGgHyKtvAQDtwR/B17Hqc4r6rhjEYqpialatXnUhSi7KTb992aerfm9fwVj5/O6NNUIwp0VTlOSWllo2rq6vb4r/AJ20t8PfGzxHqF341FrZ66lidDhRiS/z+fIVLSL82N6tgAjoeOowPN4/H3jEu+fHkhYYXKXToWHODtD4BHsMt2wBmvKPiVrk2reOfEVwEkdX1KdFlTdgRxMVCsB1UqB7g+vU+d/6S9yPLidYicsAsmSCMH1Klh0YE47g9K+ezDH1qmYYmssQ4xdVpWk1pzJWttZW7NXd+iv6+Cw9KlhaVN0lzcsd09b8t3fVPfzTu9bJs+q7T4ieO0YiL4g3EUW7aV/tB8+vTeQRjPpkg4Hatf8A4Wn8QomQR/Ea5RMEAreSEMNuRyX5IA7dTlvUV832Wi3T2Ul6ImEEal8EsrNjO5huO7bkHDcgKFJ68wGZ28qKEPsXJfcy4OMdCRgjPPAyeeea41jMS1JwxNTe2knq/dXS99He+3nodvsaGjdGN7K7tdra3TTzaez33v8AUUHxo+JeTAvxHuyqDbn7XKSQeQcg9Sc8E8enFatv8bPiYf3J+IF9IsYwpOoNHkDoApPAGN3fsGK9/k2OaWKXMUWHBIAUjkkdBnPUc9uBzgdN7TtPu79JZSNgVcSyMhbBJyVXGOBgDPHpxg5mWOx1Na4uo1bdykv5VvzW0b9N3qEadGTsqavt8NlJe773y76Le99z6jt/jd8WZCWh8d3r+ScRqupB2wSeFyMewyuOMjJq9/wvv4sohlHj3UA8QKnOobsAgqVI4JYNk8EEeoxXgOnQWlvBEgt3N0CAztu+dgcE4BwCudwA5P61jXcUiXk0cSFokcO/UAg5O3bk4yc8Dp2AzWUc2xi9361Vtf8AnmlbTWzev53v01e31ako39nF8zV1bb4WndW7vS3TzR9ML+0F8UvLBfx3eu7feZr47Bk5GfrzkDoT70+L9oP4vFmWLxze3DOpKiO8BO0fTI4HGPm7YPp8xTQSOoiEePMJ3MFLMikEbhg4wPl6e3SvRPAOkG1ttZv7iGOT7PbOLcOuNmFOW56FjuyOvOANvVSzvFwj/HrSUbW96TSbs7rW+i1e23kFPCUpSt7OKsr3UVZaLR6K6drp76+SPaov2gPjYvlxw+MNQAbBcNqKllJ5yeOOc4Hb7pbirFz+0b8abRJHTxdfnyuJgb6NizYG0AAcA9TuJ4zycivlO5MjXJniaXzZbhyyrv2qAWC42kLjkYORgj05K3dhcTxh4Fu3ncvvJEpRgFwckHgDDMM85weuKcc4xUkn9bqxb3/eS6paKzaavbRvRPoZSw9O6UKMPdunLTTTde60+m6a1vd3kj6ni/aZ+MirHcyeK74ebgBWv0ACnghgRnIOMDAxjk5xjXtv2kPjUFmni8W3j26jBcX0ZMYAycBVyQucnnPfOMAfFklsUSSKVZXljRSFVnKg8ZyuQpweoyvULjPJ9Z8J2sFxpVmipiYNLG+GeUyblILOgPAXGTk9Bk9DW9LH4qo7vF1l7qavUk7N2W9vTt18xww1NvWjC+mmj1bit1BX11s359bnv0f7UHxkC8ePJJCcj57tCUBGMEY68g8DnjI6CtO0/aZ+ObbJYfG4uEUsxUss21VBLZYcjofU4OO5r4XuEkt9S1CNYZp9k0iIixucHzDhgAMADjDeny56g+keAfEEWiw6oupQzFQjva7bdiJZ5ECBX3DIUFhwevQjBzXNic1zGjCUqOLqykml8btb3Xps7Wve/S9+y7qOFoS92pShGN0na3RRu3oo7LV3vdteZ9ZQfta/GmBj/wAVQk6MyqzJbNMEYgAKWRTgZHI+uMBatN+2J8brDc8moLJCXx5z2jbTnhiM854GOx7q3f570b4l6fovha40tNGWXXLvVvtovp7dGiWF14Ux7CVCZ4GcHHIIwDyl/wCI7q9sxDcSTor3LzFhFtidWYkhMgsoJJGCcYIGWO6uCnnmdyk4vEVqcVp8UndNRvJLtK7aS1trZ2R1f2fl8VzKEZSfaKcb6aSbaa620fRaPf61j/bk+MEbJbLcWMq7SQzWrsfm4yQGyS3AP1wB3robP9sn41SPIE0u3uhs5kXSLpgCQDywi4yOcjjIyox1+L9H1fTNN13S9WW1NzFp91b3d1azI2y6WN1JiZmJTa/RuvBz2NfohoP7fcXhSzuLPSfhN4UuEl+zqftVpp88kcaBVJyYCSGUYHOSffFeDnnGPF2XeyWU4WvmMpJ87li40YwtytK8lK7k9NtF1b1PrOH+FeGM0pVamc5nDLOSUVTjDDSryqRe7Sjbls1bXRJppaWOSi/bF+NSsyjRLVXUAhn0q6UgE4ztCDIBIJbtz060kv7Z/wAYosLL/YMbK5UqbUiRScHLD764GflPAwBjOFrv9U/4KA6rqcss8Xwr8F2qvZugjXTLF2L4Kq7bbfOEbJP3WJUZPHPwFrniCXXfEWseIru3CvqtzNfNDBbtHbQy3DlmihUAKsaE7QpBBX5sAsRXLk/HPGuOnWjmWHllvs1H2UoYpV3UaaurRjFRsrbvU2zzg3hPL40JZVmbzRzk1UUsLLDqmlycr1cuZu6vZ6W77/Wkn7bvxYRyq/2FKoOci0bkjORleck/Q549BVpf24/iquGNpoLuVJYG1fKKAcfLgn1AwB6+uI/2M/H/AOz/AOCviNNdftDeDofEng7UbSK3inubcywaZdvMn78wgqZCF3NjPQdRkhf2wn8Zf8ElrbxELhvD3hY6bqGkGeK4fT5ttrI0DFC8RkU+YXIKgjAOPlHFfH8T+OPEPDGZxy15VnuZ+0jTlDEYOkqlF8zs0pJOzg7cyaT82rW9rJvCfK85y5Y6OOwmHvJqdKpF3g0opSld3UWutujd3Z2/E9v28/ibGwmj0fw47KrbUe1KsdmATgsp2n3XBzirb/8ABQ34mWkaXM3hjw7cNINu0KVC84H8Rwe5456nIYmuj8TeIf2Nbfxj47ij8PatqGnyahqb+G7+1UrF9jlk/wBHEdtndFCq/d3FyBg5BzjzDw9b/sv634m8Lx6np+sWOiR3TDUodrqZ7fzBkyyH+FgCoC4+9yQCa+pw/ihn1bDQxE8JnFF+xjWcJ0VzJyjFuFrt8yula2rT0R8/ifDfBUMQ6Ucbl9Vc/KmpyWvMo7qNkuvZ6+h0q/8ABR74kQysV8E6Gz7cko+4KM8k4f5R1JBIPfPIzNF/wUv8f20kjnwjoZGw/ui4Ubhjnlm6c7tox2BycV85/Grw74HT4leIf+FYabdQ+DlWMaas0cjyEBcFhjnYwyByRkcf3h4avhuaSbLWM4PmRpKrQSrhHlVWJYqAoC5YEnqOvQV9PheNc2r4aGJ+s16fPRVR06kUqkbq/LJNKzWmy6Wve1/HrcLYXDVXR5IyUZ+zTXO4uzSbi97OztolZH3+P+CnPjt5SY/BGko6hBIsbkgljwwySCxJ68YGTjPJ6iD/AIKkeOLJVSb4e6e5TbukMhGQwwc4OMnIOOo9Ca4/4w/BX4Knwh8LE8FeVpev3Xh+3vPEtxDMJDdThQZGI6+dnA8vnBUAdePk34o+EbTw3HAmi3a31nLHAZrh8O8bHhlZNo+YHnBPQk4A5PHgvEDH5goxjiK8HKTjy1YJSXI1FvZaaX06P5HXiOEcPgoyqOFOUXGMuaMrtufK2km72V4ptqy633PveL/gqt4ttpN7/D7TXULuC+ceGbopIPfpxnrk4ziteH/grB4kWVQfh3p3CAkNMFxkZ5J56cDPOOOwFfmZ4E8KjXm8QzSxXbxWGkSzowgeRPNCMeGICj2YHggHsMeFXjTxSyRkSqUaRSMFHwHbZwSOAFGdowRnAOBj0KPEWOxFadKGLneny8yvHTnSevX1Tt3fQ8+eU4WhSjVlQTjO6T5nfeN316dvlrq/2uj/AOCsfiIS+Wvw509GwTvFwvzddwPyjqT6ED7vQk1ci/4Kv+J5HVV8BaYo4Ks1woOB+a7iRjg/N75r8PXupYm2xyTjaPmGGbrkk7ucD9O/JOa1be6eVCqo7nH3sNnC8k+ucA+mAM16KzTM4NSeKfvKKiklbRRu72/TZvqtOX6jl8klKDctEmpS5bpR63bWrTvsk12P3K0n/gqL401u7isrTwDps1zPcxQW0UcwaSRpZNqrGoILEbc455zjgjP2l4k+KWq+NdG0kanbRabBBZrqvi94yUSC3toFums5GDDaq4w65JJznmv50/ghdLaeNNK1u9SRtP06Tz0KKSH1CAg28Y6/N5mCynpnGMdf06+O3xH1HwT8AIraa8aLxT8RZpiRCQJY9PmiAfcwIbDQny8ZxwRjBwfZwGOxv1avicRV9rThBNPZKTsott2u233u7X8l5tehhvb06WHjyyuuaV27K8bO7b6PvpotTzy0/wCCkfxd+EXxK8X+J/hZPpkFpqMraLZw3lt56xaVYyMkaW7AqUDshfcmMgkYIFew6d/wW7/an3+Xf22h3DIFAb7Mwwyj7pJcYJONoIycHkckfi8TEQ6l2yJCvmlgHyCTyp6ZPQ4XJ4yeAcSS9nhaXZM7L5gB2rnKKx4BwSAD2PZutfHYjDUcXiJYytT56rb99tvS6srOSVrJWfR2s7H02GxtfDUFh6VVKnFJNJKVm9LNNczbdrNer11P370v/gvB+0dCqQXuh+HjGAMubZlwAcA5LEHOO+QOBxxXpGhf8F5fiVBdRpf+B/D9wrNvkmjKo7MRksp9TnjOMcjqQB+InhTRvCuu6BHqEvkJcEoskdw2JGKqu5h8wC5JPUc9CM9ejn8PeE3jMdlZW/mIAryeYCu8ZOeoAOM8cHI6jOa4KkVKr7R0qkpK0U+ZtaWskr+6rWtZLrp2uOLqNKKdNRum+WOrWl7O2l1rrZWfrf8AfrTP+C+7jbban8JNImdmVmmW8iUgA4Y5KFsnqRkD09K9D0b/AILs+AoJVN/8HFuJZHBY2erAbRg7vkCY6ckYH3h2BNfzh2/hHQ5EldLSN1CAtKsq4iZeTglc888EkY5AwRXGPp1iLq4ghk8jy3KoQ6knHG47SMEADOSfpxRGlU+OHtIt2Sjd2STjtdW00d9dlrbbaNWCjBS9nur6NWWja2s21vfronpr/WPov/BdT4I79uofCXXLAbQ7Pa36vgcYO3YQ+TgnOOueBjHcWH/Baz9ljVr2JL3wp4ptBcAPchrZJySMYKkpyFwOBjPXIJ5/kt0PwqdXdreCe6urhogI4bMSTTMBx/q0O71O4jj2ya6m7+HOs2Elr5aXyyOMmO5ElpLCpAH3JAGKgHBxjoeu0iuavipUGo1ZRbSVotwTl8KT8tbLRWTvszanGhVatK17N2ld30urWslvbpo1rZn9eUf/AAWM/Y8vVjhnbW7MCHyibrSAQgO0DLIqtnAKhgR6YB5He6P/AMFWf2G5kS1k8ST6fLPtBaWzmRBlRuc4dSo4I69QBmv4+Yvhnq0+nTXslq1zajasl9ufy4WGB+8f7mFOd3QAZJ5PGZZfDxruR40vtNu2jkK+WkuTGdv8R3DgfeOPcgnHPl1K1DFSfNBTa0ShK9r8rdkr6p63TSf3JdVOEYO0al9viukmnF2vbq7O60Vr+n9tFn/wUK/YZ1GNUb4r2UJuVUbnllhCbhhQxMnyjqSW5AIxjGa9S8N/tVfsf+JJYItF+POi2zIFAjbxDHAQWOeRIwwQSMbs8rg4yAP4V4PhZdhrh21nT4PKxgh2LIPXJyvy4yeh5JHOarReBNeS7U2via0uYiSYylw0KvntuiZPmAUZAPyk84HJ4amG5Yy5FKDdrc8b2+F2tdJpW012szZ1Yrlcpcq934ZKV37uravbZpXXz01/0G9M8XfCPXnt5dB+Ptrcl23QxW3iuwkUMSMfK0gOO+D1PQkAgeg2tpc3oxpXxYe7UoFDf2hYXHyg5BIWTJY85bnrgZzX+dzDa+P9Ekd7DxNcwPEcRC28QX8ATHQZW6UDPU4HGR3Na2nfG743+FJmWz+I3i7TzBj95ZeJ751VxyGCyXDgsBggEDOc4OSa8qeWY+veVOrFJ3aXvKy01trrvvporXdjsjiMPZNvZb+60nZKzsrLRN2Xb4rux/ofJ4b8dFZPsvxDbJGI3kghuFBPJKhJCGJzjBXnHOe9aPTfinb+VAvifS7+OMktNd6XIPN5/vK2MZ6kEE9uDmv4H9E/bt/av0JMab8dviEkUS/uYpL2SZcAE8s2d31xyo/2s17j4Z/4Kr/tr6ZCkNr8WvEV2ixhf+JhFFMGKkHJPk8+55I3ZyOK4qmSZjD3o1lJ7u0ndt8r2stEld63vbUunjKadlKHK2rJwTvez891dvTd/M/ttmj+K0NwGFl4a1JCSRs/cZAx8xyMZOcgdeT+Of8A238VrSbZd+Bo5LV5FUTaZqkfCg8nyirYyvAGxTnr0xX8ivhf/gs5+2ppZKXPiHSNS2lQZNR00yYRSeTsGBkHqMDPfrXsGkf8Fyf2rrJkk1HSfDGsKsgPlQ6XcBGQEElShIOfU8Ag4xzXOsBnUb8tKpOTaXuTWl2n7uz1V7ddmvPo9vhnBOc8PbouWSeiitbJdVva/V7WP6hb/VbzUA9vqPgHX3Yrgypbx3QDnIxkx5HIzheOM8d/I/FPg3SNRYHUPhvrUjrxHdx2TI6Y7qI1UFgCCCQSTyR3r8N9K/4LtftFXwtI7b4S2P2rePPntLC5aOVSRyUKn1zknHTtnP0d4X/4LafEq+8m01z9nXW7+6KAm6s4XiiM2fm2xsrfK4JxkjkkY/hr0MJDiXCSdSksdeCjK0byUvhuuVNt2uuiXRdjmc8POailg5J2v+8cWovltdSitV37+Vr+/wDjbRofC2s3F5qum+JNO8NRqZE1C9tJVgiYZxb3EgXhcjC5Ax8pJAxjrPhh4W1f4pytceD7KTRdAt2je/8AElyuBcwqwytkzHB6DJDAAHI9B5Fq/wDwU617xzoF3p2pfsta5qVvqlsYLuxvvKFvcJKChbLxHa6gk7k2nJGDk8+H2X7SP7T1vo48O/Cv4baR4J8KtcSSRW2tXX7y0tpWZ2iUDDSLEScckBQRxya/ZOE8yzPMcPOhmuElhZxUeWvUi1zxtFvRq6l3e9r37PycbThQl7Si4VJOTfJGamlezurd9l3XnY/V3WfDHgnRNJFhceIdQjuY1KzXcFyUkklC4DlmdVVUJzvJI/IV+Hf7XXwq/Yy03VtR8RePPjP4p1/xe12LwaLpd6NRvJjv3Jp8iBZvJtwSAQGBJHJPNa2ueEvjd8VtW+1/Ev4zanZ6buBl8P8AhhJbWFVOA8Ucse0jIIXJ3biF4BNdl4T/AGVPg9YXH9qT+CNQ8Uaj1Oo6+txeXFzIGzvDTMzE5+YEED0Jwc/QSw2XU6dSNarCcnJx5pRjFeurTd7rorO+utiMPicUlzQlKOusUt9k7ydvTRX003PzTHjLxh4lnk034P8AgmDTNL2pb2Oq6rJMt1DYxgCOUxhVWGVgquzHOSePUa/huw/bB8N6zaXWmfEPxDdW5lAm0ywhnubFYywJjcklWUNlSQMgYHNftBoXwutrWMw6d4FtdOsnIWKGGziiZhgqNxKkrtXAwGIyQOeBXYw/D7WxG8VlY6LowQoHad4ndULYJEcaqxIzuwOeR2OK8urjOHcNDlxU8PJU4uKcpxS5U4/ZSTa/xX0tHZGtPD5lUnJ0q1aKlJz5YXScpNOV7LVtrW727W1+I/CPiv8Aai1q2tdP8VjTrfTLeMyJqNyBb3rqfmxJGzDdJtIB789TyK9T03xHp/h++Go65r2pXWrErELKyheZNzZAwqrJgk9TgEL0GACPqmy+Allr8kEmsarrWrybgTbaVbzwWoKuPlLZAKcEHLZIJx61734Q/Z/g090bSfh5Zl1wVv8AVIhPMWyNrsZF2hzjJJwQACc55+bxvH3DeApyjguWTVuWMFGMeaKj5prq1pbfW53Usjx1WcZYqsoRsk1OUW7WXVtP3bXVl3vbS3xRpfj/AOJ+qXMKfDT4TXms3j4iGqa47wWZJZcyusygKmPm3fKBtyAMkL7j4e+Cf7R3jt1f4gfFG0+Hem3AzfaH4JUfbPJbgxC+3NtO0lS2ABuwMcGvvLQfgxrxhVbm4s9NRj+8+yR7GP8AsKYwo2qAV9CckDnFepaV8NtH0aNmkLXk4GGklbglRzx2BAGeeWzk/Livx7inxNlKP+yU4Q0k+ZLmmrqLS5pJJNrW9rK1z28Phsvwckp4iVaUdY04NyV9N9FFPZvfa9mfI3w7/ZU+Dng5nvLXRZvFWus+6XxD4l3arqE0hxulL3BdVJPzfKAM5wCMV79B8JPBd7aPZavomnanaPyLW6soXiiIJGIo1QGPHA4Aww5GQK9XXTra2HlwRxRkE4wQAxLYznqSQB14IIySasqUh+4ihsnGNvzbcqRuGceh68HGOuP5w4i4w4gzjEO+LqwpXcYxjKSiopp+9FPW1l0Su/M9KWYz5OWjCUL25Wmua2mnM+qSV+l9Grs8Ev8A4LXWjFbn4c+JNS8NrHhk0STNxoTjJJRbfnyxIRtADhFB47g8zf6x4x8OXHmeOPA800YXdFrfhhnuETZhRLc20X3A4+ZwwJGCR0Br6sheS4Xa0ZU8nlvlUZ6k4P8A3yew5xU4sVmQxyOrDDJIjBSrrn+JSpXBOQcjBzjJzkfMwzLHRnzVoSxWzdSyjNPRK0r8zd1dKSa7baYU85nFxWJjGrG6TbfJVs3Gy5o7y0taSfpufHninQvhx8ZfD15pvijStJ8X6XdwNDItxCi6tYy7QMoxC3MckJK4KtgMN2DjbX4b/tef8E+vjF8PrO+8a/s0a5N4y0aTz7vUfBurxLLrmmwD53TTpSAbgIAVSNFDAAjcDjH9IHiP4U+FtalF9ZF9B1iJiyahpW22YnIYi4hTEcqMR8/yksDyea8j8VG88LsF8UCNLCFhFB4psUIt2EhKhNQhQnytwwGYnG4MOQOPsMh4zzjL6tP6tXlUopx58NVm3K14vT3rSa1tZJr7j18HiMHiZXoVJwe7p1PcfRtxkvdmlsklGT0VrH8IvjH4nfF3RLyXSfEGpzaNf2lwbW8sJrP7Nd2c8bkPDPHIilcAHLdWHANcFqPxM8Z3AhWfxZf7XcjfHLtDIBjoMjg98EDGSMnB/o8/4Kv/ALKPw68U/CvUfi/4f0qwg8ceHki1CS/8PCFodd0+QbriTUEgwDJGhB80jOSQS3JX+XfWrdrZLRGiZQIRxuUMhIBIOQAD82AeM/Nxkc/0ZkGdLOsthifepzT5atGTd4TShffdO+m1tnfc58XUlhqtk5SjJJpuT1+FX+7Xd9l0O1fxZqV63l3mvanIpjZ5JHvZQpYb+mGAz68kDJ6da56bVLNhItxczTYAJLXMkpYgnAYBycE+pI9sgCvO7lJ/IYIXZ2LDcAxxkAkZ6Ht0PAPI5yTT7aV1l8zepaI7VPK4B79sdSDwT3Neso9byd9r3+71f/D6XOGeNc3y8iT0vLolZdVa10rK3W+252Et/YxRzTtbK4lVWiB4QKSVGWP3hx1yDyOOucvUdU+zvGYEtwWij3YjGFBb7g4OSuenUDOBjJp+r2D/AGSwiw5Y2gPQkbgdwDKOSc4OB68gdBzc9hfSTIscEzxLGpJCHAxyOcEgcDrwcAdM4TjOS0Tu7K1nZSut/wCu92L61yxTVubTZ3d/dv59XrdabPXXVm1a43QoJCJfLdg2VAXcCVAB7Ee2dvBxk16VNEjeF9Pvyha6ij8ySR2Ys5ZiAoHvwTtIwCPavObHRr6+ux5djcuEtyQ4iY4YA5J4yBx36EZzkHHbam91YaBbW8cckjGJY5mdGMaAk8YIUc8ryeccHBJqYQmtOWXxJJu7skopabOzd7Wd9dLag8U5Xd2knZX3suS9k7tpyl+G60OOjv72eOXeyRlpCsRJO7C8hRyMYwMkgYJAODxWPJrM6XEZwsqoWRgFx8wOA3UYOecAgNg/e6C2kbw77l1KhGfy43DKr7lIypbKnjBwFJG4Z9+dWVpHkVgFQyMxxgHgnHI5AHJPDEnJxxgW3JaOTjZavz92za30bav2s7LRGlOEp8subeybkk9rNJtpatN62Z2eia3Obs7pHCK+WgaUkHPzZUY6g8AAY4U8nJPrWifETU9Dk+06RrOo6JewMDDeaZf3FrOhyCT/AKPMjA9+DyARkEEH550uBJL+FEmceY5/ebjhVIbJP6YzwAMDgGuruGtLadImfJXIKbiVYdAxJBIJIz7cggmvHxsFVaV5SurNK7VtPlfe1vS5305qjG14yUvdalqtLNpO2mvklpo+33R4G/4KF/tS/DEMng/43eMbfz0VJIrq+mvIZY4zkBjOZG24BGN2ACcnODXlX7QP7Wvxj/aW1jS9e+MHi668Wajotr9gsZbiJFW2tz94ZChizdyxY7hwwUV8uy39piQckrk4DfdOeSSoyOcg+vOeKoyapbBCkcYUyNtb5sFgBycfxZAwCcZGM8fe815bR0bp6r3t3o0ormtorvXXez01bOT9xGr7WMKMJuLipwpxUrSSvZ25rXV3q0lZ6HRPqao6GKQsxXJB3cMeqsB93AOAByD2BGDPHqdw779pypJBUNtGB1bgZJPY5AAwMdBw8c5JcI2TIx2Nk/LjI5HbOckEY4GeM51rW6lSM72YlsKBkZcjAwB16Yx1yv41M8NTtZRV09Xpe3u+bW73V1pddx8y/mVl5dfdeje9vLRa67nVy6nMYjFMGcHBKrkRoScknOd2CT39xkHnFvLcNGXlZW3AuDjG3ONqj2wSCepOe+KWO5uZE8hcZkIyrDdg84BPO0YHOeTjABzSXCTskMTEONpLqpxtP3fmJ4AHXGFGdvOcg506apyjok7721k3ZLVaXv2tv3NIT5ktNfstq72S953vtZ39V5KrBFCImSQgpICDtJypx8oGCeg5wM+/arI8P37wNcWkBkhbAYufmJPGFA5ztbI574qKCFVbfIyKkZLbduQVHB6fXgnJznJrorXVfIjRRI4QMWiT5goXoQcYDADaMgADIXBxxVVVotSo2nZpyUmrO1tlpZ7LZa9divaPmTv1TWl09Vp5dknfqr7W5m3s5bZDHIqs8h27eVAYDkDPYA46Y9jxmyyFQiuVDg4RcAgcBSDgc5GenygZz0OeqkktL9wLpQjEfumjIBjfIbLY64wDyCeRV+18EXN/Mh0gNeiTDM4ICwOAPldySRvzgEj73Hc55XjIxu6/7uzi25NqF7qzTd7dPnpfUv2lk97uyd/Lls7rVNN7t7O2vXiAoLjaFLhiS2SScAcbMEcBcDOQdw6Yq6tjcraS3qQh4CTuBOXG7o3y4I4PIBxnjpzXd2nw48TX9xcRrpjIYGIMrHZDnpvJxgg/Mc9CvOO56Sy+HfiDT4TLcT2ZiZRFHAkqy733HJZM89CAAcA4JzxXJXzPCp2pV6U5XT5FLm5laN7Kz67O++m97L6xCKX7yDkv5rK/w7Na9bp7Xfc8bgvCqxqOI2I3Jt7cEYJ5yMcgAADGM8iu+0vTr4S29+0am1uCoXystIyFudo+Yr12+x7E9OluvBEa3K3F9HG8DFWjijUR/vVHzKY8gkEZ4A+brnnnqrJrbQ1kkubZXto4laCAOB5TqcqTyRvz91TnO4/LiuCtiYzhehHmlJKPJazvaP8AdTau1za3Wi02JeMTS5Nb21XR6Jvo2n2SsrrsefeMfDt7HcQ3NlazNbzEM7uCJIxsXLFcZxgA5yO4715qtvcXFy8aq5aJ8kLFIRgEjOcgkdSOoGB1xXuurfEC9uvOMUEe5kMe1gjsI9o2K+F4PJI2gHjb0zmh4av2vbuCGLSzLeMC7BUUhiSQvmrtJCKcEgbiOvPABSrYmjh0quGj7sVqpJO2lk1bVq706ebTtvDFzSaktEknra60ta2zVm+/qrnL+DtVuNI12O5igaKS3Q7XlXZ5UgGRKGkyNyY3AkcZHrWz478T3/iXUhdXchnmMawh5CrmVFwC2QeMEgKMA9Mc16Hq3gL7ZG1/Lc2lndTxsZ4VXa8ajJUYGOWBBB+VgMcE1x03gOdbaP7JdQXM4P7wMxDBfoTldmck429zkg1yqth6tRVr8tSzi1q+RO2z6/L1a6G9PHUnpKSUnfVtXWqaW9n/AIt9NTyd1VAHKru53KCCB1wTwcgZ44HGB9arSSMCzvtG0bdo7EjcGC4PPv154zXqd38O7+OaJ3vLQJNGGdhICIowP3v1O3cBwWxxknmsHxV4Y0zTbezm0e4mvBKCt2zMpiRl5+RcDCZVsA5PXPGQe+nOnJxjGUW7W91NtW5d5battW69G7nVGtCooJSVrpXim3py6uVr6t3f2XrZ3enDqxO19xBYYZe/OcdRkrnOO/45zqWsTMSzAMgHAKjcqgAc55Jbuucg5JyeTjmJmkEW8rgrjABABHdhlWJGQQBxjGcmu50bSdNmRA17IsxUjyyDt554BJ4J54PPB64q6qULc19ul72Vm29LXSTv1bXXcvnjDWUm37ru2m7xSXRLdJO2jdr3tsmlWVxfOIIUeR3bCRYCAgnBPU4j5JJ9gMcYEdzaXVleSW88YSRCQ3JKlQcYUqd3TIJHTrjPX1fR9PsNFhRwEeRlP79WDO7HcQEQjPykZBzyBkHkAOt9AOtaqGkmlkuZkUWsUcf3wy9DnIBUHJ3dhyc153t4OU5WtTikuaSbcnFxTbXRa332vp2mGJipap2fLq03/L9ltWbS1fW1tmeaWYZlbyxtZDuVSWOMY525X5cnOcdSMmtH7RLKm6cl2LbS4bG0ZztC9wMYwSf73evo3U/hE/hvSoEstP1bUNY1Gxa7e8W0c26RlwfsyMQV84ZGCDg8AAZBXxbUvDWrWU5ivrSSxBKEwTny51ZuilCvDMvG0ZJ3cZzXNSxtGs37N07J2T5lzSUfd1jry/8Aby6rR3d941YSf2U2tL6q6a3T21WqSV3axz4JUAuVAIARFxgAg98cvnqO2eTmmEeWCflkBI3bW24DclQpzk8YOD6hR0NazaFfvdxWUVuWuJmVba16yOzYXaoAPUkHg4yeCe/umm/s0fECaDT7/U7e0sNMuds128lwgvLS2UhnkWLlvM25wvc+oPPHjs5yzLYqpjMVQoc6bjGpUtKbglzcqi1KUn2SeuiCdelSjaVSMdld+SjolLW+9tLbK+zXzmts7lVjlAAGdiYGSTnOBt3MvHAzlumeldBbO8YS2eG4JJ3qTHJ5jfKQGxtySOm4DBA9c1902Pgj4Q6La2NrFZRX11Ybbqa+v4yr3bjDFCWOwksvG3jHT5vlrvLjxP4Ktzb6kPDWiC4tx5cKvDAJI4SANzLt24YEE7gwBz7Z+Lrcf056YbKsZWp3ly1ans6UWk0oyjdylyyb06vpdKx5FbOKNN25Jtt76KMkuVXSaetum7fmrH5wCBgjLFEY5JXJVJ9ytgnkkNzjng4x0ORyKqRW80MrRLFumJL7Yo3ckbjuyRu6gc4BCgZPUV9+awfAfiESvq2hacLtYna1lsVWOVY3AO1RHtBPXHDAHBAPQp4f8PeCbPTN1hpdlFexZbzrxVkuDEfvKY2LEttHylVOCQCOoG/+utP2CnPL8TGq0uan7soqyjtNN216KzSteyIjn2GSvy1G1ZNJJWtb/t1at66pcqutz4Y03w/rmrXdtDZ6dfyfapDbr5VrI0UbSMBudgMKEG7cTjA4LY6dJ478D6p4K1a10a9uLa9We3juVuoeV3ShT5JI48yPOCDg4DZyAa/RnS73RdD0c3yaW1oDEYoRHbQ5u2lHzyxnyySG+XawyQNzKc5x8kePfC/iPxTqMut2LIdPhbalvduiyQDedx+YbgNvAzkgAA88Cco4rr5jjqkalGlhMJRXLzTfPOrVlytaq6UVb0UtW7PT0sJm9PEzS92nFJKLm7uUm42Tb0a11T+Fpa9vDtHtI9Jiu2heOW9bgsCSI4iMsO53Yb7oJPfHGKsJeyMxkZiApCuikgN/dIJ68+5zyOgOOtPgGexUHU9atYppwZXSHJxFtwuCCFLAAg5JHB5PWvPdahvNMmeJkkKSNutZVUDzoc8OAcY4IxjJJ6dc19NTxGHxM3ySU52vtZu3Ls2+9tE9nrodcpXblzXd9NU7rmjdWUdFrZ/Fdr79ZNWTzPOcMJYyV/dkE+X0OSF4YkYGc8HOA1X/ALeHimeCUBGwAhy0hz1ycjkEtuGAMjoR04D+0IirQkgmQEyfNlg47nAOCxyAMhveoftzrshiOwMMs/IY4ztUgk5zwS3IA45LV0/VVJXUU72Tunovd3aXRLbpbbU5ZJvZOy7Wva8ey3267rbXXvl1EBDIZQVjUInABIGdyEN0BxwT1bpznGLHcRPcySx267kOSNwIO4EksTgkDJ5xk4I4wc86uoN5csaHc5+QAkHkdWGP585J6Y3AQSX0cSSJGB5jKrSvuwCo5ZTngH0zjrj3LhhElomudtadE2vXs0ra69hRk3dxWjXV37J66rz0V9LX6mjqNwv2gXA3gKhDDsTg4BwAMHjGOCOnXJzVvGcPliEbcfmJU9CQF4OVHc+546VXbULYsiOuI3UFwzZBxnbggcZPXH14wKz7m5hdmijAUgY3ZyAuensfz6dB8tdVLD6xVpaNavZKyV231120bvvozFzle/Jre/a+2rv5WsuvqhTLFK6q8UbOxYIS3BG7kkjAO5ehPbIx/FTprgGARsxzgqiqDtXaflxzztUE9cjtnrWDvxIu0lAhYOcMSFGMHcp3Z4BAyCB2FRtdSq37w5DcYyPlQMcP3ALd2wRnlhjNd6pc3LFX93RJ6q/u2s10bta9n+RzVZ6aJ2TWz+01FaJJX00XVq+iSRsG5a3UJFJumkBIZhgA4JySR2bgdM/iprrdFudRvUMKy7SPLV13BTKCCMRkAfLyNx5GRnBA4868+eYtGkXzbWVGxwY+zE4+bABO7025Jzg+h+B7K7Npe6jlhHYxMjSPHlpGwWHkE9dmcYAOQTu42mnWjCEVJ2u0lFpO17rSzW976tvrprrxzqN8qSXp0uuW/dLdtN73s76nY6B4dh1e7v0vVPkacDN5crtmVyASschwFGOSMHkYOcZrJvLrQrV7kxaIsv2OTYmZJGJA7g5GcZBGDgZweBit74dalq2qanqFjY6e+q3Es0MH2Zgv2mQ3E6xgJGoDbRuGT8wQZJwK91039nHxf4k/aA0b4B6je6Z4f8a+Ll0+/wBMij/0uzsdP1GEzpPqckK7YjGp2yI/IclWweR1YPLcdiKVXEUcDVnQouKqVkm1GUlFxTbVm92le919+tHNaOHaozn7KpKE6iTTb5YcsZSsm3yp6aLl8o9Pl5r/AEmaPzp9GtyjKDsZzuVcdhx3zjjjBA7k1hrWmsfKXRrRBEyCNmJwyjnA4yPQkcc8jpj9nPEP/BEP9oKC1kfRfHHgjxBK2DEHnWyBjI6guTtzyOpOcD5s18c/G/8A4JpftXfBbSJtb1DwENa0TTyDf6n4du11SOzhQsXuLlYkDQ267SWkJKqAcjHTVQdWL9pTcVFxUm9FfRWcm207pNaL0sdlDM8PVahTxcZSkk1Fzs5c1tFGSSvfVJeWltT45i8S6cpltZdBtGgVlkaSNgJGx96NTyAGII4HJ9+u1deJfBIa3ubTSRYXIgWMwXE0TRySrgfdKfdPUErnHHHArwnVtQ1CxmkgUEPbM8VysahkRkyHQv0JUggkru45JzVrwr4Z8T/EDVbLTPDui3+sX95L5FtbW6+bI8oG5iuBwFAyQRhOSeoNdkctpzipTm4wVnGKfLGzafM3G1rJu1tnq+52uty3TnKTaTfM/ds7aNqySSk7tPRbnqmo+NNLeN2GjWDtJ+7EsBVTHGAAcFcEcg5AGMYAyDUNhqp1a1ZYnsrK3jHHm/f+YnADcHKjGeQ3A64zW9F+zp46isry+1yWLwvBpl5BZzW2qMqymSadY5Cg4Lxwlt8i8DanHI21+oviv/glb4L8M/BSH4jaP8ddM8Sa7D4PTxXqllbQq2iXqPbC4j0eydJAYb/JMTbsneuAv93za+Jy+lJwThVnTinOV6aajdQclzTg5KO7tzO2rSW3VgcNCtKEJVo04VKkqdNuM2nUklJQ56cZcqerUqjSX8ytp+auifGDU/BsI02Gy8MalatGqut/ZLcNOAG4DsCwDEHdhsHkitbwt+0PfaHrbX8HhnTJ715UeKPTbYQyWmGDf6MNrAYBUZwMYHYjPiDeBtZ1dP8AiXaVc2rwTzI3ntjYFZlDktnAxnb82AD1POfSvhp4O1rRvGmiSX62M9t5bxSOzRs8tywA8pCwI3LzwcgtjHQtSjh8oqYij71NSrctrSd5OVlqr23eq2td2vtjiMVTwsKlOU4SlBtpXUm7uK5bvX5663utT660L9urxVb295b3Xge/m3IyyEXQiMjYbEjjy/vYGCSAD0HIKi/Z/t2fEN5LUQfDm6urazl2W0M1yZVZXyRHGQowwIwGJJPPXnPn97pzw3W/VtPtYdKe8Nsbj9yvnkOSVJUD7u7awGMAAjsKfe+JPCfh13s7eG3WePE3+jukskSxjcmNxIXceOec4GTwa+qjlVGEKf8AtDjZRcbKzSdrbK2j1T73s2fOSzNVU3Gjd3v710pXSSfw3tfTez3T7fQmpftifF+WTTJLv4TXGnNqELGI/axGj7+EeTI5VVI35+Yg9QQDUfh/9pL463+o3Kah4P0uDR0iMEaC4B3RFhvRSGGC38WTyMdsA/OVv8RLzx4Ybm2vxGmgfup7Ca4QTuhcoHVcB8EEHAIxnIwMAdYmq3M0KrbvOMjjbITgn5ecMCAvfgkY78497BZNQbjL23tHLlk22o8yajvbS6adtE7q2z14cVmMlGS9ko7Wbbutl0snZ9Xu7P1+jbf4veO2t7pRoMVtbzqY443ud6QLIzCR4BwQck5UY5A69T+fvxkuEF/dXe0pKdQ3NtYKpdyGkbByCSxPAYYHrwK+j7a81OPEct3KyrjJDE5GeAY+CBxzngdepIr5W+Lc2HleQlidRU7CVfKgDDEfeAYjODj19a3zTA08PClCCcU76rq0o63XWP3J76Kx4vtvazcpJpp2201s7p+TtZJWa2tdo+bfHF5Hb+a9u8jSOwCoxwGLIctzwfU498c19U/sSl7fwZ8X7oL5f+joJMuCADC2QDnI6/gBjNfHvju8tr0iXmNwdqIwKklU2kkDjHYE4C9CcZz9b/sbO0Hw4+LbfeaUxph+Cv8Ao59RxjJKjtwWB4znkkFLFwWqTU7XW1klpezs9FF+XyOjGxX1W7nr7umujfJro7rtrol22XgHxWe3W/v42IRJlDxhZFVvMyyjYDyS2ewXIPTHA66wtor74AWV5GCZPDuryNMsaZdPMyTvYDIGAFIJwMfLgdeN8e+BZNZu73VZ7+WKOMb4CA22QqxZowwYKCORgDJIBPFe0/A7TLTVPhh8Q9BkkaSzMQuHib55EZICQxOe8irnAG4DjO0Z9KyeLrU4zfNJ2s1otVqu72uuuq2VzzcPyKS0u4q17u6btfSz0Tadlvfey0+UW1xpprFyrA/2jZ/d5JVZ02llHOMHC4HQ9OjHov2lryG/8cWjOmVXQNMQq52kZtwTknAJHb1GeMc1zV1o7WOq2URAAbUrNoiOVaNbiMEEcYIHDcZB+nOp+0qyf8LBhVlDiPQdLAZfkAItkB3gH1x3yM5yelc9JuGJaW8Y2ld31TVnd7aXvpbrvc7HP93JvR6Jab62dm01f5X3aZ4XFplrPIIYzHEGUg5YNwVOcAMSNxI64284Gev1t8Y9La1+B/wbhSRABHesXL5DneNucEgEYIySQOvPWvlHSYl3RSCHzJGcrhWyxDg5xjkY45B7HAzxX6w+F/CHgPxj8JfAUXj1LSCxsdJvm0wXF1HbiS6jZSVJJyQpBBwQSec9l6K+a08to4ivUhKpGEY+5G3O78trJtLqrXeui6owhhnjJ06anyuT3ekbcqvfRW1a1S/yPyfhtTEoR94mduXA3jDA5ycYDcdcjntX0L4mjl/4Zp8O24Zju8X3ZCspJIBHIUAlRzj6Z6HFfVejfDv4KajJeWx/smCBZcSI9ypmEacbo235IOBkHnvuxivpr4LfDT4QW3hS9u/Fun6dqvhjTfFITTotWnik08rIHBYElVHIJ46EenFfPS8ScFhsLjcU8vxk3hsNOt7KNP8AeVFBJ8kXeyk9rN201O2nw7UlUoU3iaUY1JqPPzJ2T73tZdGn5aaH4HmxVX+VpMswOxYXI3kjPG1sEcHjjkA9Mn6V+FNvcWXwl+MRMcpWe1tVkkEbqqbydgUFRlj93Azzx2zX9C3gnSv2RdQ1OPRbT4bfD69nW5jVrl/s7AqxG0Dcf4RyuTz0wOpzvHnh34F+Hvipq+jaN4D8Mz6F/YFrLf6PBFHBpdzeRguGuArbZmYEKemOOwOfiMl+kDgsZXxkHw3muHWGw060nOME5KNrQipWvJ66ptJLRndjuCMSlRhHHUZ81SCvHRLWLafM1dv+6rNdUz+Wm10e8KogiuHMhVl/0S4YsRt5O1CcdM5YEY56V9Sfs6aVc6Zqnjy5aOVCfBGpxqHt5I3kZoOVjWRI2c/7uTnJHJNf0AeAPiZ8EI/EVl4W1f8AZs8OaPZX1yltbarZWVncAo5CxsoMbbIurMxOApwcZOfIv2xD4G0b9on4U6V4G8O6DY2B0K6i1WDSLK3tdPvYbmNRG90VjWOV48ndkEZDEkk5r0uFvHXB5tnX1H+wsbh3HD1sTGdWdJ+7Si5OKUb72a0lu9DDNOB8VhcMqs8VSdKXLDmSalFtq6cZJPTW3Trdn80d1oGsvdXEh0vVnVp5m+TTp2LAzOwHCZbGeh6AcH1n0LQtYtvFPhmefS9Tjtxrumn/AI8LhG/4+FOSdp2498Ack4IOf6OntNE09pEtPD/hyVxho5JLbTSGBOSqfISArcZzx7Hmqka+FrgNJqmi+HI7oSIbYRwacB5gYj5FRM72JIyCGz0yDX0OH8Y6VavGEMkxCbrRinzaJOcVdu2710vd9baHjVeDp0YXeMg1Fc1rWvZL7Tdtte/otH+Mn7SuhXOs/FLVLpWtjHJp2mQqZGCNu+xwAdclSo54HrngnPzne+C7mzjL74JJo9hZFnVjw6n5fmyMLwPQHgjGa/QT9oO40tPiv4hgk8PWE0G60WGGeTyyGdUKvGwIO3OCeu3j143dG/Z+0DWY7HUNT0bTI4ryBZylleZkAKiRV3eaQQCcFcAgkjBB5/RsXxvgsJOjKvh6lNVOSa91P4lB2bS3T0s3ffoeHHKMVWptQrx5V7rbbTWzvflas9tHfzvc+W/j/a3V5ovwzjDiE2/hWFQGLOGCoMomAQT24JP45x8sJYNGwijuSzM24kocDDYKsf4cH5e4BKjA5r+g3T/hF8NL7R9EGq+ErDUfs2mrFbR3T+YYUhOwGNmOPnP3u2V555Gc37PnwevJHaT4f6RbeYCQ2AjDHBIIIBJHBJ56cjnPg5r4vZLhMY6FTD1+dRppcsY2u1FJJPa+it6nRg+EswqUYzhUi029bvTVLtyrdp3f3I/NN7ae4/ZP8P26SSJHB4yuRK+3Ab90ScZ+ZeMYP97nOCMfMcOkWpLQJdSGSRwSZEYDGRkk4AwBgA57EjpX6l/Frw34a8CeDYINF0uCPw7D4jkT+yGRpIVnMYBdQx25OP4Rk9uK8Rt9f8CXAhj/AOEV06KaRQrrJCibOdpO4rld3KnJBxkckZPrQ45wzo0K6wddwrU1UjZRulLlautVf5v1PPqZFXjUnF4ineE7S5uZ7cui5W1Z3dtO1yl8DtOhtPgf8b7ZrzeJbeywydPlkX7uQvGOe/XIydufmyy0ywvZVjkuo08siNTPj5nbaAQOMcHBJPbkk4Ffop4KstDuvhV8abrTdLtbOKy0W1kcW5UbiZlXc20DdwfXqMGvifR/D8PiS/tdO0nRjd382TiJsbmALbmPOCDknnn0JwD62E4jwmIw31utBUKcVK/tGk4pcru9Ve++vZ9jOWX4tuFCi/azk+VJXd21CyS967V1a6s+6Z98/sUfA34fagvxF1/xVqmnwvp3hXUINPkbVY7R47q4tZZGIiZtzqyZWMdMkDJIBr4v8Z+Cvh4dSkGhasLYxTXPnie6V3lIlkXeGCgAEcgsOR8zYO2v14/Zg/4JAftH/Fr4H6l8YNJ1DStA0nULDVb7TdOvtXEF5rEGlJIbi3lHmKLaLbGSrSAiVQVH3uPyF+KHhqz8MazrWiXlnENY0q5m029lgcPC13aSNFOEcEh03qRvBJIJbJ7cOWeIeSZrmUsuwVqs4RU4ySajUpxlGDlCe0kp+7eOrbeq3Mnw7jqcMRVli06lCcYYikppyozaTjColflk0trK/wANu2N8OtB03R/iT4Ou4NRs51XxHZmNA++bPmhTlg3I3BgPTGeAcjz34+2s2pfGf4gBbqKAjX7ksWkZGK7sgIuTn65z7YAWtLwDMP8AhYngt1hKmLxFpykKxI/16dVHJwAcnOW+bGOAF+N0EJ+NvjRp4RKn9tNLIgBDFDkhcgjAOBu7evWv0PDYmk6Tk4NQ54trVfy3fR/8N8zxcXQrRjyObm7xS6JfCrd7ardaJtddPnRNDvTcTFb22kAm2rhhvfL4bgnPoecYwSBzk/ZH7R+ntc6L8FbFZgi/8ITDEzAFhkRKAMA5BGCvP8WPXnzmLSPDsenHVG0uOMyJujYyYaJ1YBGXnBHJOMEt1xnmvZv2g/sKW/wbWWBlhPg23YpExy6lMg5ODkkc4wMAj1qZ16NaMlC+i62u27XV9bPumtbt6dc6FKpSjad/e1WrWicUk76rd+qbfdHzx4es4bXy43tz5kcbRPO0x3qNvGMHOSMDBPUHPv8ARXjKaNv2XNAEgLrD41kBVnVXfDse/wCGepIHUA14Tp6+HopftEpdFkmby1LuxRlyArrnDghs5HzDBPGTn3nxcttF+zTpMzLG8LeO2XbkgBSzBc5PJKk5xtA3EHORmKFKLvKUrK/w31aVnre65bK6T1a7GdapJSUXZrmV36patpK2ivr56aHyB4wiQaXpRjZY2ZXbYMsoB2k7mG4bscAcZPbuv07+z/CZf2dfj/8AOjsYLCNWIPGWkyME5zx1OMjoMk1wU8vh19JtWMOnCMWx3CSVHCNj5sE5PbIPAx3xg17j8FZ9Pi+CXx3S3+wGHyrGSQQkFI13OVZsdcg5bjIPIHXHbFRt7qdlFxel9WovRLTXR6bfiEJpSb150ktlbXke+1rK2iVtFaz1/PeXS7pY4nBRVVAS3mEnIPIxkAMehwD7fxEfVn7KCXv/AAtHQLgxxm3XT9VDtvyWxbOA3Ufm3G4ZBAGT57s0G5jtvMu9H2hV/diVA0jMOhwTx6knb2ycMT9JfAG30KDx5pMelJZy3Mml6oNsFwshUmBt5IU5Ckdev1z0zhUnGzlF6JtJLrpZL3dLLWy017WQe15m4WknZK8Vo17tnZRu29ne+rstNvhPx9YTS+NPFUwEbJL4g1RCfM2gKLqVvu5HHPUd+B72PhxpksHxE8FhGhkH/CS6UwUOCf8Aj4QglsnaOoBIBYjtXdXU2jWPjnxFcaxpEGo2ltqupObZ32sJPtcpMnDDeMDgdQccZODtaJqnhzV/iH4TfRvDttpZXxJpRTy5SzTR+chCnBOORnr75wBVKreasmlzRk2ldWslqtHd/K1le3VVVFU222nZ2tr6r4d+6Wqs9b6M/bSglk+MXiBGIBNnYspzuVXMES9s7Rzz8vA69tvxwts0bW0Mkqq4uIZQwBzgSpkbsDOfQ84/2uv7S/Fj4N+HfF3j/UtQ16wtjczJYhPNmKo0YtoyY35ycgnAA44PWuXt/wBmL4a3X+n3GiW624ykTrNlEZGyrEA5ODzjcckZCnivLxvF+AwOLdGcXzRlGLa2WsLy1Wne700SRVHJq2KoqrTfNeK5X7zsrR7XstXfbT7j5h/anaR/+FYhvmVPAmmMAGBLFoUXC5JxknqMt2xxx8dx6fc3lyBHwyyLtGAWPAJBxk4A5Jw2ODxiv1W+PXw/+Gdx4r8LaT4n1C7g/srw5ptvbCw3+Q9qWUgPIcrvVQQWLY47E5PRaB+zb8M4kgv9H8AeNdZtrtUkj1mwzPbtbMuJJYzsKsp5CFe/Cj+GubO+PcmwPLUrVOWNSMHHVct2o2s7tXureT0d1vrg+FsxxzapwVlbS0npzLZJPfXVtK9tro+WNNtJZv2W723ZgEj8SLE7YwSQQOOuQuQDzyenOQfnJI7aCJrR1klZc7Rn5cFcjBz8p/vZJyevJUV+nnxB+HRg+GNx4S8J+Gtesn1HXY5dOs72yInl8r7yQqqgvI5yzN3JxtyPm+XNN+AnxaN3d+b8NvEDxguCz6dIH3bSwViFIBxnB3EEcdek4bi3KMVRpVVi6UVU15Z1Em2rPSz6foXLhzMMHOdOdGTlffkk4293zd/k97X6Wzf2abOS78a3sMEMKSR+FdceNwwYqos5i25vXHHqPQcV8g6xCZ9Rvt+zdDqV4GUg87ZnOPqSDxgdDjNfpj8EvAHirwz44kbU/B+o+H1/4R7W4pZLizkYEmxmCq5ABLO3CglmJJOAoGfibVPA/iO51fUTbeGtYubefUb5ybbS7hnBEz5OdpAG3GSQRsJr3sNnOXVcPGpHEU3FT96SqLltaPLbXprZu99bnnVMsxsarvRkn7t4qMrtbJrR+er1StdPp5BY+TJqlg2I1C3tmMMTkkTISQQcYHAOSNvfPJr6o/a33XPijwcqmPZH4J0kA8tsJt1OcjueMdRnqMGvIm8F+Ibe4tgPDOtwRC7tWzcaRcZysyZBfyxjBGWOVwPQdfd/2idG1G68S6H5Ol6pfNb+ENHDpb2EzrG/2ZCwVljZTtYHcuRjkdAM+nQzDBV8PVnDE0m043anFxVrLo+um3rps+aphMXBqMsPO8ld2g7PlcXokvvsul1vY+LoNKfKSlo2kzwcEDAUkk8nAwR6cEDJJGfq7UoEj/Zi8KyNKDI3jK4CKMlWcs2AM5wnvjOMEnndXh76ZrhSXd4c1a1jjjLPM+n3G0dc7lMYwe2ABhju4HA9u1s3Nt+zF4OjmingkbxpeMi3NvLE5VZGCsqSKCQTx06E4+7kZwxGHqXUatOq0ny8s4t3sldK6u++vyREsPOmouVKaTceZyTindafEvJ321torHgarJDM0kkFvJJgBmJVSoYZOenVSR8vOCfpX2D+zVJEngr42KkZLnwpJK8gkwuPKY7OQc5GVyB1x0zgfHcJurmbbLGJlCqG2jByR8vyYUnjH8IyO3FfY/7ONkyeBfjfJOiRqvhZwvBDKGj4LDPUHGB1zj+8MRGN5p76NJt9fd0veyv111tol10r1YRpK0WvegrJJWu0tU153au1e+h8Ovf3ZvGntrYEsZE4yVbErDpyFIA+YZ55PtXrfgu6uItS8PzNaKS+uaej/Pv6Srubr8owRz0Dc4bGK8XYyWUTtDcs7rcTYAYZjBkPyhSSSMHkLyScjIwa9S8FXFzczaPGsu2STW7FnjZhuwJk6HkLkZxkdQRjjNdeGlKNanZJ+9Hdpvmbjs/XR99U9Lt8tWS9lO6ei26JWjG+j0eq3e3TY9I/aG1O4i+KesGKNQWtbGNEUg4Lwx/xY4OQTznb0OFzXg63N/GJgSigsAwUB3ck/Ko6c8gkjn1JAFepfHdWh+ImvFnkMqPbJGSzFiogjzx7k474UjtjPh1hLcC+TzzOFbLEFcjhmIC5GQAMYYDqSRjv69au/aTTVne70TSvGPr673Tsle55UVFUorlauklZ8vLzJJOWid9tVo7K1tz+pb/g3uuZT4l+P0ZVVt1+GGqSTwglnMj6fcgMV3DBBwSCSMHOM9Pw6+IPiKHTdR+Kul3eiXM73vjzxLHb3qhQ4LaxeAiM7c7QAOmQMZ9Cf3N/4N1bNbnxF8eEvU8u41nwheaPpMsruPNu7mzuUEPIAycgbc5556c/kt+0n8FPin8LfiV4n8NePNPtrOLUfFnifUNIufNSSJ45tTupY/MKrlSI3UiNvnK4ztPT8zyP2suMOJazilTjDDRUrXTTpRvzaaW3Wr1163Pos2xGHo8P5RFzjCpUdRqMna75uVLley/lSV7bW3PjS4WaHyGmintx9hJXZG7oy4wpd1UpHg4BLEZOfXNU7shbe0kEzqWhYc5BwScAHt15xgHt6D9Kf2Bvjx8Mvgh4x8ReF/2ivg7ofxa+DPxCgtdD8W3d5ZCbWvCtmJm36jolw4Mka4JaRYmViqcE4wdj9vT9k/wr4dnT9oD9nC/0XVf2Z/HetjR/ANnDfwz6vok6RLJJp2oWyubiHBJRDKM7hjPJNffYbFUef2SkuZtKC/mb5db30d01pfVtJLU/Namd0KePjhq8XT5l+7qtfu5tckpK7tacUtF1212Pyuu5U+0WoDAYjABYP2A2np1J7g8HORngLaRrJKHkkZd3mKHVcbQcleTw2O+1T0YgEjFeneK/hh4l8Iy6SPE1tbaXJqUEVxar5qMwtpEUo0kY5IOD1IIzkAHry9n4YkEpnTUbeWNJZFZEZG25yFG3rkducAdPf11QquF4xvF2a116XTu1tfe2++x6lDGYarJKFZPlcb2bbfw666tdPnvdn3f+zdElv4R8KW2GuBe3msOgb5VRo4HCs5J24B5KkkDvgZr9xtI14eEPj/8AsGXCxi3tfEPhHUtKvGG1DdNKXjRRkKXO44VcgFsZYgAV+MPwI0VYPhz8Pbh5ik0uvazbHy1OBGLc4YnsCRztwo+bnGa/TP8AaG1saHN/wTr8WWl4U/sbxJZ209zDyfJOtIkyu65woUkknPHJ4Jyssov6wk4JudR00tGrTtG3m9dW2tmjy+KeerlGIjTlK1KjVqRd3zONKlz6Ozlo0vXax8Yf8FSvAll4F/bR+Is1g0iWetw6Zq0MLqQQ80KRzIynGMOTxnjoeTmvgnRoITLMNzEC2uCzEgAHJAVsY/h5OABwe4Ir9lv+C2fh2zb9oz4eeMNPkhu7Lxr4DgupLqArsa4inUjewIDMI8k9TjnjcAfxy0iFiNSYKFTzJ03Lg4UIxBPfHA45ya+dq4KWW47GYGrFyqUMRJNNvTmkpRa1V007pvqnZan1fDOaU894ZyTNKVrYnB0W7O9pU1GnUXu2TXPB2v1du6W9pkAjhUeblWiyrAYCBn4POCSQABgcdABwaxJP3dzOpZsGds4J4OeGHTknAB4wcAkGuh00D7NbqBkiGM7m/wB9cjtwRnHIPuayp1im1KdXVgqT7VC42gk4Occn5iB2wTzgZrpjUa5XFWaSsrW3avGT2d21q1fXU9uKurOyXupNPR3cbpy2vZdt3rrvRKMLG5kLn57hAFP8XI247gAY7jPWtKAJHaxvJwPLlkbGeMZHPr19u+PQwyrttJwQN32pccngAfdJHAAI3e3ByMmpZEK2fzk5aCYKCcDBk+UEDgnHOehyOc/e1Up2vdaSj30+G6aT0Tt03IqRipPrs0rt7cqt+D13Tv5MYgAS1QMT5ygkseADgjPXJz0GM43HPStSImJkJwT9qVRt54wRzx+GN2enHUiARIGsASqsUUD65GehGCRxk5AycjGavCcW4i/dB2N6SGAA3Yz8o45xjk7R6YoqStaKvtZWWmqS7769rO6Ta1HRu2lpdJN3T6ct4trV3Xyd9Xe961zNJPqrKqkCPCpzxjBBHXrwOSR16ZyTXQAi5L/eLOC3PLE4UEEN1xwQDnqehBmXfc313OUCFAzk5wFxghiRwHPQK3X5s4GTUMas7lGJDyTZGACDtyW4GMD7vPP4ZojUilZvZJ7Nae5bRNK6S7avqaOMl0T072v8O19Vv6303vbUgSMvbB3IZIGJyeAcr95QOMHGenA5znAgjY+dcEAMkc4J3HKkAEHHtyMdQOOTg06AP9o3kHagl+YgYJGQMscZTIJAyBkjIJ5qtFFcxrO8pGJgrqAww2TtB4AHoDwemc9qfMrWWvurW7bXVpvqrb/p0UYvSTS3TVmm7Xi7Xur3Tei17Jo0rf8AeR35OFIAY545z8u0nAJwT0bg9jzXzz+0Fcu8vhUbSFW3l2hRyeAFAOO3de+GwM4x75udIr9FTkQBj1JXtjg5LHJ4HI+lfP8A8d7eRj4TkcHLW8rYzgrwvzHOee+R0PI68eLmNo4eb1TvHrs3yvq+l9Pv6XPWy1v61DSzalfeSWz01Wisvxep89LLI5cmMM20KhY/NvzycEHGOc4OcHOOoqF5LgMQQuEG5cDBYDAO08gEMcc8A4YcnNTCORmdRlQoJGTjJBzw4wOmP4sg5z2NKVZiiPnC43EgEHPB45P3uuQARnAr5/3FF2V0kpPe9n0+d3dqy3VktD6jlbve/fon9ntvvu1ay0sRxPLLGxYE7lBX7wLYb17genAxkHFerfAdS3xL0JEdZCl2MZ7YK8c9OmCMnOPTOPNdiqrKWJTkJtBXAPB9+B1zjGCCMcn1L4Cwk/FHQhE4QCYv8ozkgKcKc87jjgjcBnOaUPibVlvva+vK1bW2jTa67Xetzhx8V7JNys+ZdbX1jp137W2emiP0l1iX99NG7kMsrOygj7qHjnHGQO/JxjHp+l//AASuhafwd8TzGFaO78axxHcchR5QUkkdgGJPOB2IwxX8zdYt5I5J5igZzLKCOWOCMnOOMY5YsBwMgcmv0q/4Jm3kuj/DnxzcRoUafxxKQEXzN22BTlhzlR0z16EelfhX0jISqeG2Oowb554zBJWerftYLVpvl26WT8r6/deGEXPiSk7ppYevJ3dkk4QirtW2vto9eiP3I0+0hSGxtwsazIrRoFkUKwAz15I6nr0BB65z5h8ULCwktHgaZfOME2+NXUgBg4JIAIDMQMYU44OM4BXTfGNjp87X2rRzSgKggeMFVMrIM4UfxdsHAON2SDxyN7eW+uWmu6k52mZJmt1O5jEgLAksQFD5xkLknpyK/wAzcPg8Xgcaq9bmjGFaPLJPV35UlF90r331Vr3tb+moRblKykoRjpa+rSgkk7JbJPd9L6HxrfaHbjU7mOHDJEC5LgdMbtvKgdRz143dgadDYQmKJ1H71mcNjAC8EcdQAOcDA56dq7yexE91cBAAY1VGKrlpN2M9hyT8uecbuOMV0Vn4UaO1aZogqpMhG5MEJwT3HDZHPqV65r9RxOfxoYWnBzbcoxV7u+0bLdW+FqT6PXor8kKHPUbttJJpvX4k9NLXVnfVaNfKHwT4VSRI7iZd6ldy7l53q27pgAjGcZA4ABAIOPoXSdDgnVY4l24RWYyALkdG27gR0PY8nkDvTPB+hW76fbyKoAYnIxhgobavDYwpzz8uThcc9PfNB8M2bspRAoVFO1gAWOAdo7gZzg8cnnnivxnPc8r1sRVXNq5tRTdpWVn16JK3a2mqPepw9jSUtbWTsk1/KmrNN7/glby8a1XwzbfZxst8g8bQmVHytnBwSOTnrzgE7h975Z+L3ht7bwz4qcRKMaVKvABboeuD2Ddc8c5HUH9H9c02zhtGJAjGVCqNuQxABIxyevGCcnPqRXyx8WPDsd54U8UyRxssbWpjUEHDcHJ+pYYPuTzxmvf4GzydHNMHzzsniaNnz7vnh1b3te/ktbJWObGRVfCVdE+aElrFac0b21Vnr5vpptf+XD4raWdO1PUiN8TCGZiTkjc7Fsgdh2wMc8r0ArzD4UWQvPFfhW3klkLvrkeWYEoq72fjrgYB6cdO4Ar7M/aX8IvpCa1eNbgILVSCcgjcc9Rjn2LKDjHqT8y/B6C3j8S6JOVjK296Z33EKFzuZeQOO/Oc5zwx6f6fcLZg8w4XqVqTU26EoJrX3vZrT5N2fV+js/5iz7DfVc8owqXipVIys1pJc8Vff531u79d/wBxfg9MLe6ihj2mNrmGIFep2qqnnPUnORjnJHsfq39p+9Fv+y38XQxGX8Aaoh55CtGqrnB9+OORxnPT80fhn8V9P07XILOaTe/2lXWNWXghvkycqpxtJZiffsK+kP2qvjb4Lv8A9mj4h+HJPE9hba/rXhifTrLTYpRPeT3cxRYoCsZJQkLzuGc8YJbI/l3ijg3Ocfxfw3Uw2DxFVLOMDUm6dOpJqEMXScm7JqKSu7u1knax+mYbNcMskzSUqsIxp4GvG85Ja+xaUfeaW9kkt9bH8f8AD4Yv9Ru3a0USxxzSGUlgflNw23jHO4HgjuD68e9fGvSbrSYfh/bTRm2jj8NQBVJA4KsSrZxjoG9Mc8Y59X+Efws0qz1K2n8QrLJcAK91pkpaFMPIpiJV8Biykscnp65Jr3H9r74Y+H7zxX8LdPtbj+zBrGnWdmxyDHbRzL8pVMtu4ycdu+CDX+kmCjKnRw0ZKSmkoqL0btTha3V7NPV7Wsfx9GEr4idk4ubas1ZXkmmr+WjSv9zVvzIh2LLGPLHybnU5CjJyDk8EjJJwcn05BzdnuGIWB0y0YLAsQDhicA/Q9CeR1GQOe78c/D4eFvE+saHZah9ut9OuI7WK/YbN5bDYxnuSRg84HqM16v8AAD9l/wAR/tBav4h0fS9dsNEi8O2Md/dXVyjSmWOQ42RorBiwPPykE9wABn0FGcVKbhO0WndJpKMVF76P7OrldpLpdswVSHtOR6tytHeztbd2umnF3bTurd7r5Iu7b5Xi8tt8hEgJGME5BUgZyOOuDknJOeKatoCqoHwoALheg65JYAEZ4HRQcjtX6x61/wAEzZdL0ibVbz4q2O6DQ7vVYlTTpx5zWUZke0XDnczBSFbPBzkc14/4K/Y9sdR1TwdBrHim4Fv4wtp7kR2lqwkhjhlMMauxO3dI4wzHkAgkjGBCmpwTjCUoq0eqdk4t3tbW/XR+WhnKEOdxVleKbV5OVr8z0S7p9btKyS3eF8NVFv8AC7TYcfKLjKkYHzM/uOTjPQ4HY16vE4lgtgo6sDgE9Ag+8eGOT8oA6cjOQTXp/wARvgrpfwYguvBdtNLex6LNaBLqViwmM0STDO0BdyrKCTkHHrjFeTxytFY2b4Vf3rgYILYyflHQgE455yO+flPjYJxqOvJp2deemz0a010vd2Wvzvt9DiYypLDJOy9jT2TX2YO9rLXe/N06LS00C4Zd5ARZiMtkk5JBJx34/Ec5yMn8n/jjG3/Cz/FCoMj7Zk8EfKQRkDBBxgt1PODwMZ/VX7QA8QZQocu7c5JcEkH15wuQDnsOSDX5bfGC9WD4peJpZbdZ4/tih4SMRklcDqQMjjjrjgckE90IuKk4pyulotns1bS60TW1u9tjxMzu6VPZJTXM30+FK+rsuvp9x43p2k3VxqEUMO8ySbnUspIUHJBdjwoGM46DjGc1uajbjSfs/ms9xefvAUALwgFcBskYHYj5uTgjAzno5vFKQZdLSG2R4o0jeJFE2MbcAnlhgkDt+uLEPiy1kiW0vLC2nhdXBnnQCUqwYEkkHjJyMDr/ABEGuSpLESlzOj7qteKkubvfolv3elrWueXCFJJ2kk7r3k+a3wr5697/AD1S4UXbyW5ZYFhCMC6ldjl8g7guAckYPQ5HH3iKmt7i5mikaITKVBAjjRsuW6SAYY/jyPrwa7uHTNBlZW2288LAsDHKw2M/IRxkjAOAvIAGMZxir1tJ/ZgmMVlZROx2wyu6sQp4wwJGcg4DdSCSAM1jOpBaKm1J2V5tafDe/Wy11bJmtNHeys9L32fSy2vor8zbvscnJplz/ZrPJazz7kEhmOTJE4GChA5AK8gcYxnBINaei6BcajbSLAZokhQZMwIDSFskkcEMmODzgg4HPPe2NtrULwSQT2c9tegPKihTHGSvAlzkqBkkY+7gDrg10FobbT51UJGLpSzSqJVSN3BbMgU4+QdOeCpBA9OOWIlGLpqK5rtRcXe11G91p7qu7Wunvu0i4vRaWVlGztqvd2s3ddfxOQl8MQxackSTqk0mVLbsM8gBO5hwVA5CgHvggE88jeRPbyNaeZ5ZjjKzzZ+RmGNoBGCGPGMHKjIbPWvWYZrW5a8kneJZxLiMg74EDNuDcAbMHO4fe9AecJd6d4f0+Mz6nZC9kvNrq0JOWJyw+Q9ATgMRwce+TFPFSote1hObklZRTvvG9kndq+nS7atsTFNLqrqO99HdLV779lu2ktNfCdS0O+ie1uo5kaOcEsS2XYk5IIGMKO2OMeuTiw5ubWycOMW4wiruI8wjGdy9gcg4zzgHGCBXsBv9Bn3I9nbh4CPsK7lLRKvVGVTkt90EcjrkN0qzfWXg7VbF5dXjFrLEBHHHath2kkICyMqALnPJBH5YroWaxTjGph6iuk00rvV7Wv2v+Ct1BUpuTa5Y8zvdu2iStdaNJ9Ouz0SP1j/4JhtcT+FdcufsixAm1iIxjzRyQ2TkZ5JPHGc9+fCP2o7WCX45eKIpJY7dZbhvvsFjwzDdkkg7WHXHPQ45yfrD9gbQ28M+Fry3snD2MdvZXylplaSQzKzYcjG1gMBozyMMBXwD+2/rCJ8XfEuyZonY+YzBm3Hc2Qg2Y6YPTqB7nb3YfmnHFVIJpTheCmrNSbikm1fbouy6ao9/NJezy/BU5NXpunza/ElGN0nfTVWlvv11R6hpGteFfD15p2nboVtp9Lg2yRuv2aS8HzeYzZKlQx+nOTxmp/G/jPw54r1vwpYysY7Kx1uxOqXUW14pLWK4i+0suMlgsKyf3cgHkkHP51W3iu7vE8u7u5W2RLDZFptoiCggYXA5GCfTHUHrWtpWvSxRKDeyPJaSGSRTMWVyf4Fy2DkE5GcgHkA4I/PsdwxOtOdaVWftJKok4uz/AHis+2iTuknrutNDnp51NKFOEI+zTi4rf4XCai7q+ru11tZra5/Qz+058Rv2b9O1rw5c/AGP+2fC9n8O9Cj1K4WDyoLbxJHbJ9tVY5Nzu5uA5dtwGBk85C/F+kftApp3ibxJqM2iWLr4g8L3ekst5EXj08zReULkHdtEo27h0IJHfNfnHcfFjUVtI7DTJZbfZE6zW4YPHITwCVU5cg85+XhmzzzWOPHuozQyB7l2mjhKzMSWEnHC7cHAHQHJOAeTzn4fC+Groqcakp1uZcqlOTulzqW26bdvhu9Lux7tbiydTlcGouLj7sVHlXkpaStd21XTpsvsbX/F1hY6dZzPqSs92k6G3tmwoZ2O0lS3IycnuA3JHWrXhvx1odnZ6jPqWqBorS08i1UAK6PICGcD+P0VccN2OOfg3VvFdzqMFo91MySwZWKEbtuAcKCo27WySSfmwen3skGrXctlalZGLOSsyGT95KxI2grjkk5bHTvg8ivp48GwWH9lUqyveMm15cvLdpW916K+ui8r+FPPa3tJSiovy/8AAVeST0S5tVptfY/SL4b/ABi/4RzxHbaxoupiymsXiW0uzFudRI6rO8mc7g0bEMDztGcnGR/QqniH9kn4K/Dr4UfE34OeLfCfhz4sXfhyTxP431SGyW71PVryZftNzbr5hdYLyW7aSONkGYwd3BGF/kQ8M61e2VvDFFbNJvuYxNGfnaTBDMzHqgwMEDC45GBnP12mq3Vx4Cl1aQvLLZ2kcCwNOSLaJ5iipCmeCFGVHOTjnJFfOZp4WviGcMPHM8XgML/DxlPDJJ43DNJezld20bdpNStdteX2fCnGkMqWIlVwVLFTcPaUfaW5adRxcLttXlFpp2Ti7qLezv8AvX4d/wCCxfhODxVZad4h0jxDZ+CYvFtv4h1C+tJYzqct/b26CR4pDGxNvPIpdoiNpBIxzz2n7K//AAVB+G3if9pf4neJ5/DXji6uPHGrX9nod9ZXETlNHS1dFmeBYg0Vygw27kBMcA8j+Vw6n/at9eQXe9I4xvULKRk7AuWUHlhycMwGcYwMtX0V+yjrEvh34paRJp2qy2z3Ty2UEyuR9nMykvORkklMnJyuQOcjOfjOJfoveHs8pzmp9SxjxGJwHsfaSxla0fZypVbqPMt50YOUXdO2i2O3LeNK2Lx0MPOhh6dGu3CsoU7OcZu1m5dbyb5lZ3estD9RP2sf2voPiL+0H4k8K+MfBen6x4G8J6HfaZHL4jkWx1u/tbwyXkI+2gKZfKZxuVQBhdu7HFeGfs9+JofCljp3i/TvEOg+CtGa91my0O08KLNqfiNrS7MqC3uijPKUUkIpUBd3IAAr9KvgF/wTD8Jfth6X4j+NHjPxtqk1yNZOiHTdOKwieC0RRLdTTMCo8xVwVxj7wPbP158bfgB+zV+wd8LfAep+A/h5pmp+J7i+l02zuL+0i1W/v9TkgwJ5kkWSBYUkIYgxkg4OeSTtw1ieC+G8Fl3A2S4XFSxGFwVHL5YanHkw7q2pwqwnPESd1dzlOUYy0b7a+9HKsbPGVc2xUsNTw8ZTqwkrOvGmnTUG1GySjGEX8b1a9V+auof8FAfir4T8ZWuv6Zod/o82meDBolr45+IYij0PWbSyTarWljcRIHmCJtyoDEnBIODXxx8XP+CxfxP+Jmi+IdG8c6xYX81vZppGi6do1otroN4kEgIl1KJQRdRDbujTIUEq+Oc1r/thfGIftCeET4Hj8LWuh614N/tbUtZ1O28v7XfvL5rJZxww7EtbaEkFU2EKuccEAfgVqlhLp0htp40UxuxAXLZIYjhsjJ7c5xnsMV+kYPgTIczhSqY7LqEK9FRcYQk5OmouLheUdNOXZJbO6tofN5pxJjsqxjqZZUbp1F/EnCK3UU0otcqbafvbt2v0t+sHxY1vVv2ofgjqXxf8Q+KfCug674b0yHQvD3g3TwIG1Cxt4wLi5mjVtjyEqflZD0+tfjhNbzQ3bE7l8ohUYD5CUYBmx0IJBIJweMf7VfWHwXi8S+IrTxHpNhBJqNvp+iXVzb2zM3k27eW/mXBRcYVQp5YEH7wznFfNeow3EF9dwTxgSq77lYnbuDNkDp/FnHXtjqa+w4Wy7+x547LadWEqFOtGphqVOEaaw9GtGMlSaik5WknLn1bd73aPA4hzarnMcHja1GUazp+xrVZSbVWdNxXOlfRNcq0Ue6WzKYeaQmFVBLYcsSoV1PPJ4z8pByTtPQDOM61vA0iCF0EEcau3msBsAP3VJGMljxtznI+bFc357rujcESNyG+YlRnoAOgHr/s5ycAj3zQfFfgF/CslhqXg6e71aTTHsotUhn2CC+JUw3oUckqB84IyTjGPmB+tnzQSajKV3FPls7JtXb5mrpLflu1fa7PnaXs66mqlZUmqd03Z81rXW1021d202um00/KbSxhL7jOUlVWD54V+w2c9G6Hu3GCSRWxH5VtKsauilQrsyg5wvJXPKjdjJXAzu5zWQLa7tElMOZEWQ/v5GG5icnAU888AjLE84rOS/kim+dW3jlowo2kjO0KACp4ztCrknpntlUpubte8dmuu99HzbpX7Oy1voefdRdtdJLXV6q238vbTro3o2vSNHew1PUBG0qoM75N+Aq7SANuT8pIAGe/UHb930e/17TLeGC1tESO6GQ5hAkHldMggHO7AJAOFOW5JJrwLSb94bgyyxgK5YKuPmeRjjhcDO3ORkdifQ11pdrWNLmUsOCZLnPCowDGMA8AgEHauG5wATkV4uKwb9rFyk+SKXupuzd1e2r0emr1bVtNDpp17wV0k29ZJbL3X8urbW/XczvFUSXMgvtGiVpWHlXEIYMYyGbMhXJKsTnkdu3THGacqwwM9wsRlWQ+bC3ylcc5boCTjA56jgHJrWvNREEVxLbXDRsZS+/Kl3HPDR44PJ49cHPHPB3OpXFwJpYWLRySDdGVG9iM5JwOckkcHPJxxk162EhU9iqbsoKKs7q+ltHvdPzfXdGM5LmUlq9Lq8bWXl2dla9392nvXh3xDueNCYxA8ZXayApGSP4GyPmz1xnt9Kw/HNrotlFbX0sDwec6mUxHcCylm3kgYBY4UgYyCAB68Vo11qKgNbWdxLbx4JSOBpMyDG4Bl+6oJxkk55JAIGO68R6RrWv6RYWkWn3kLALLD+5ZsuWJZWPORnnPbk8Y4890YYfFxn7RRUmudc3RKOrvbrpsnre2pMpe0hbd3Ti7PVPlsrNK3NZt3a18jyi58TxPeBZFYW8W1VjYgMc/ccggkADB5IOeo5ArpraeRVS/uGURtISsDuysUKgqzKTggdB06g5AFR3/w01qCJL8wwXlx5JaWMMR5IjOSzoDnP3RgE4YEcAjGPNpt4tm0mqCZfLCkHaY1iixtKhS3z5xnOcgZOByB3zq4WqoqlUhJp+80k23dN3el09NE0lffSxzOM4tOSetmm29V7jvtLRJ662TTTb1NK612BpxBbTMindI4kIVG+bouQvBwAMDgYJ4O01oPEEMDmJ4sxu7blZyEwSWyGHAXoDy248buBXFXCKbkSRiRrdYyPnUqyjkckg/JgZAwSeccVmzarCscu2QyMh2r5nATnHynkYxjAI5P8QxXTDC03FLWXnp1teLSvd2ve2nT0wc229Or3W93Ha19HHy1slo0m/b9P1U3QeOzn2TMpxGJRhVB3AjpnA6HGexz0DdSmvXt42iXZPGwSafeS7bs5IGeSQOSOhLADHJ8Ut9YMDebbXAt5doAIOWYk84Jzlhxzgc5HTg78Him4vgI5ZHkchQhDfISoz86jOSO+Bz79KyeXzpzU4WcXZvmtzL4XfVL72r2V0+p0UpRlpd8zWi0s3ppq9LW5Wmr9L9D06DWbnyYmmCgwMFXC7XZiMbgASSQTyCeNvUjr9P+CNR8N3mg2sFwDFfl2jLWqiR55poyP32QSCckEMOpyOenxOsrKiTTSjezBlG8hcqRuXYDxk4wAxIAPPY/SHwgubO1uG1O6CyWtsVk8mRSplmYHCrlsAg4IUjOOv3jXLjcOow9rdq0k3ZfE7wfTdO1+3nqejhak3VUHqpRWjWttFzaLXZbX2V2UPHXhu70O4umubhYfNmaSGyCGMm3Y/Izg8EnowJBByRnofMpnGmhpRDEzSqHXO1jntkYxk9B8ysB1JNfWnjfTdP+I9vFcvef2fPbxSpBsKmNjyyRSscYI4LE8/KQQSDXzHr/AMPvGOiJHPcWYltJUk8ubeHSSOMnDjkgZA5xnjjritMLioVIQjUkozskoSSV3aKur6Xs7NK19LrqTisPUhNzpRlODtK6s2tlZxfr1ttq9CHQZp77WNGQxoEvdWsLeZE2Bniluo0dXG05Gxj0APQE9q/qP+F37Gv7O9/4b8K6nrHw90m6vl0ex1BxcId88zW6SSzyHcMMX+bIwMg4OOv8s/hKO6t/Evh/7TDKzDWNMeJBlVV1u4sAAYyGIA7jAz3r+uzwT4t1yPwX4dW3tVDp4WtlYup+V1scqCxzhVGTz0HIyc1nmUq0IUZUKjg3Jr3Xy3u4eitqklst7M+x4LVCpHGfWaMKnLGDiqqUnFpa2Tu+Z8qdrb9Wz8KfGnxA07wj8e/HHgeKwtbfwBpvi+6CpKvnLapbyuiICcv5aKu1UBxgcV4L8ZPiToPiTxXqn/CMW1tDoxWGAPaw+S81ygCs4Uc4wAc/XjjjzX4267rc/wAWPiJOHZ7m48Was1wEwys5uZFbaDk4XLc98c+o8Utr3U4b2NijlRIxK4O+Vvpjquc8jIAOAN3PjPKKUsR9bv8AvnTtNc9ouTiuabTSTle+raWqV1uvExmaVpVK1CLiqca87WiuZRulGC0uktNNHra6PY5rrTLdYWvJjJuUyjALMjgH5AAxBX1A4xk45pyeMTFCjW4DCIEQw/KWUjONykZOQeMnjse1ea32oy3UlusiCOFSVdQAHUr1zgjOSAMfN69eKhg8qN2keYbAxYbG2uiqCCuN3IbjIPTjGc1awUZJ8zk3ZtJSdraWaTaVrp3avdru43894qTTcLLS9ratXj33S1t38tl6vZeKoJhN5yMsjRnfCNpErnnnCkqO5B6Dtmug0Pw8PE7Pd2Vxb2JhIlukuTGSSPlVIgVGdo6AdMnAJ6eX6TeWltKZVjS5+0YUbcEIp+8CTkHGP4eT2ycmvZPDUOn3Gn3TJGsIg2uJEl2GaQ84cZz2O0H5SNoPysM+biZTwsrU1KN9r3SbtF3vr0T2uttbbdOEX1qSVTl1veza2StZpPXR7K3pcx/FWhaf4ZMS6hLG5u0Z7WSEoROflPKkZAJ9hgDrgc8es+hSW7RpPEjpkTgBGJbONpGAMYIycj14Jpvxj1OO5vNGZZzM9vbbWijJ8qIbeuFOeAMseeeg7V4jFqL2bG6lEcql3kRScBlHZwOCdxzn+9x1ya9/L6FXEYWFR1m5uz0fS8WtFu7WSSs210e3JjHSo1pQgly6WurtOyd3azfqt+vl9JWGiaVc2jXizWc8ZjU+RlEKKM/eyp5I4BAABHI5AGdJo+lymdLaOMxIuZAWTduI6r8rbvTI4HBAwa8TtPExuUWJ99vGJfMfy5Su9XBypGQCVCgYwPY4+U9baa1bOUlguXCBjlGfBwByN3U7sEEE+vTNayoYijPmc5SS1srp6Wv2fk09Xpp35nUU42ikldN2estU7JSV9NrP1tdnRN4dtZPPEZgdQPkidQGAGTktjPPYgAYx16VFb6PB5bgWb4QEF1UsDwc8g/dH3SSTyR1zXoPw5nsdd8YaDa3cMF1YXF3El7as4Q3EKsqmAP0UsMjOOnJzXu/xq8KaN4F+Iutab4f094fD8Wm2N3bwC4S4t0luII5pLdJBtyyuxLLuB9yAc9FGpVqTUak7Ts3re7SSe6v06X0sr76aKh+49qkpJNJXT5XqrO+q00uld/N2PlTTLCaG6jeFpFUSRKq/vlKszjbyGGMEkkDJIz16H0HxQPt3xE0+3uFRnbTLIyyxqCUjhjUtwRksVUMdx5AywbNbsbzz6Ul/Do7LaxTJvnVUO2Znwn8JZmBHyqOSc5FR+I7J08efbbwmCT/hG4pJEVDG8LPFtUupA2kqwJyO+7PXHoRp1VFz5nyqNtbrT3Xou/Rau3na62wcVCUU4OTk4ys9Ekmm2uZp9LLa3ndowPF3i4ppWu2kN1cy29pc2yrFuIiLqFzuwRz8uAGGcAkHGTX1b+z78fNe+HnwYltdK1nUbK2uNZuZJbOCcxx3MjQMY0wcgAv8hGMnJx1G34F8SWps9G1eUNJMbu+jbePuOMKRgN1PORnBPA4JOPWfAF0J/Aui6YzMXn1PzUhiVfMco2SHLDPQcE7cHvjJrrjCFTDwXLpGabT01utE0uq06p3dkdVfFShiG1Q5ZcqXMuWX2rfEnu1pLvZ2W19fXvHfxu+J0mqvLFrC28tzcJB5U7rHJFKzBInXChwAQDx649R9E+BZdS8E+CPDj6lCY5LESJqKBNpR5nwwZsEZJbBJPVScEHFfNcHxnPhrXdRsoLC7uUt7gRGEyqkUW07XZNoGJBg4U9cZHavtzwVpjfE74PXGoNvRNQ1DETLhp4VjfDM+BuwpXnA7E54IOGNTo0KbknFN3tZ62tZJJK19F0Vm3ZO4srl7WvVak+blbbsk3az6JK7kk29XbZJ3PVG1EXPhOefzeZdNaVQ2ATFKPl/u5xnggck4I6V4Z8QT5Xwy8QRGUq39gXLpIPUo5A28HIHA54zxxwL+k+LnsLjW/BGoCN5dNsI7awuXYKbtAQFAIABfBwehA65JrN+LbPa/CzXrkW+XXw9MPIxkBfKYBwTx2zgHv0JArfLEo1Y3tZ3aW10mk+66Xt8SvsPMU3Tkm7csZJ+evz1l016t7s/F7wH8R7fwt4lN1qaTm1EktqjIhDRsZCS4PRgcnZjJA5zng3fiV44fxPrUE1lPdLYWkbG1EiECVn65DYAbpweOuTgCvFNWuNRfZehESKO4lQAqQxG8nJTHYscEgcjqMHcy0vbqcJJc3DiOPf5S7cbCTnjoOvQHPP8AdzmvoqtWb9yyaTVm7rpG7vfta1k7aXdj4iGAwiqvEqCVRrq9tEnJ2ab21te7Tb6N7ja81tf28sliwe2AYOQQzsDvU4BHXGCccjlhwK9Ui+KmjX9oY9V0q5eN0AMW0+WrgAb8AZBPUdhk9xgeQRzR3Tmd0kkcsVWR8KUYj5SMjDZ4BI44yMdB2Wh+DrnXtO1LULeSM3Gn7A1jvUNMjAszgfLwFVi2Ac9e4NRGpUpK9kk7apK3RP3lpZtO9776rsquDo1nrHa7vZWSTja7tbRX73utTauPFPhIw7bBLuAyAq0JjJiDEEEkEZZeRnA4HQEVF411CCXQ/DUnEtukM7hcEFgSuRgjHHU9h0Aya5D+z1W3uBHAgkQkfM275hnIA5wScjqR0HQYrc8URSPoHhmCZEjUWs5U84JU4AyOm7g4wcE55AONqPPUU29336t292/RP1WvXU5nhqNGUdbN6K6srq1/et110dnbd9TvPhXextpt+Y1dVZywUFgdq5AG4gqwHOQADyCScjbly68i3cslvctb3NreCWOZiSyvHIGjWPkKFUg5GBnoBwMP+GKSxabeqoJjLlcKgJRip3FiCflzjkEDpkAkCual03zbu6FuizO1y5PXIO44LHcf4jnBwTnIPDZ7JVHGnGDg3JqzvprZWStZW3d108tDz61Oi6s58r0bV9U07JaJO9r63V0z9qv2Jv2zvA+iahp3gbx34SufFvjXxsk/hiDxXbIbuSzs7qAwQRTWzK6NDGAdyqoYlScjGR+cHxgtrPSPi58TNE09nNlY+KbyKCOSIwvFC07TBTHzsUGQqqYwAeeev1r/AME7dH8C+HdY1Hx3rOlWmu/ELTNStrLwbpF3dRhYZbgMklwloSXllAwyEK20c9jn5X+NL3dx8dPi1davGlvd3fi2+uLmHbsEUz4cwj0Cs2OBkY9M14OUycc5xNNU504Spxk25XjKXNe6it7X3dvJWOrMHSeWUm1aUm/e6qKsr3bbbbu7XSXbc8uvmhaCZFzhoBnacrvHqOSSSDkdj7DJv+CbGGcSvJCJZPmVGCnKhQMghSMDjHTJzntT5LKOO0kdthViHYjGVXnA4BwDxz+KlgMjS8Cxqhu3EjH5yFUAklWznI7jAAbdweOMCvtIqm6kHJ2e7TV7ap21b16XXV7X3+ccr4ZqLUfeV02rpXV9G9X2tZp2fUr6JZzjxdZxxQtJO901tbpGheR5GbKIq53clgoA69D1FfYPw/8AiL4w+AXi3wz47uvCsa3HhHWk1NLHV7OVLXUR95oZw48tVZcDLDAJyM4Ab54+GqrH8V/B9yJCxi8XacfJZNwKm4XcSrfeHUEHIOR9a/bT4pab4f8AFGnnR9S02z1OC8eM3KyWaB1MkagqHCgpgHgAjnB47flHHXFNHKMXQy2vhVXoY6FWNS2jUU1GVm93ytNq6eu59fkOUzxWGWMhVSqYZwcFdWb0d72293Xd7avY/PL9vn4w2X7THgzwf8bGewstU1TWbvTZPCenukkHh63jj3GCIDkBp2aQAjjcMAckflL/AGSY4pNkgJ3ZA4BGe2Qe4GSRjBztzmvuX9qj4X6b8Ol0aPwnFc2Wi6reTSTWckrNBDeklmaONmKqGXGTgEqF3ZAwfkbypTH8sZYeYqSErnBU4JA4JBxjnnscg17nCtDCTymgsBdULSlCM948zV1dLWzl1enRrU8/M8VWp4ubruPO9G4q97RXNK+qbejtol9nXR8vKI4nQIxaVFACDsw+XJOOozzyB0PGDVeUsiyebGNzcq2BvBGT0xkY4HOSOvqDvW1gZNQAwXD3AVkUbCE6MCTluRyCCxU5ySDWl4j0aJJrYxxBI3Q4Tdyu0r1wSQV6gHjOMV7sqda3WybV+mttWl620fTTRM5/rac6cZOylZ6JWtLltdLqtr3630ucOl4RcRRzcpsAQDHA2ZHA6g/nwTitCJPKcSPAGCHcp3cgM2QN3OcdewBwMEHFU47QJdiSTDIgcBSDlsHqPZevGAQOMAMK6dfse2NZBHtZc5D7evO3A7nOAc4A6ccEpRqucXfazV9bWcF225trWsrtX6bYivThBKNnzJPeN7e6rW6Rvrpa1r7NEJmfazsgI2KVBPIXg4BycnPoSeueRiuK1KXPmpIgjCb+QeueTjB6emcn1XBwO6nkswCVbBVRsCuCeMnkE8A9fmx0Yc7gBzt7bWctveOEUy7RyzfxgfNt2jg5ORgcgEAsQpO1Wc7apppJ9u1m7JO7s737XVntz4atB1YxeztduzSvp3TSW3fay78tcubiyjjiaR4o4yS20nBB6ZHOOMHbk529RisY72CRpnG3ghfvjoR0OACSG757+vUwax/ZkSwWiQrmBvOMkZkVixO1gTnbyD8v3sbSeOBhXN/9ofeQisiksEXaGyOq4KgYPAzge2MCuLnk5W1dtLtu/wBnZO+nlfovK/uyoxSi1qmt/wDwHRdXq38Vnps0jtPBUT/bdOUooYGY5DMCrD+LJGT9TyRlhjII1/GwaK6s94AzGXyCc/XrncWBGCDzz1Izh+Cpw2qacdzYeR/lI3E8Hp2HU8rz+NdF8QGEl3ag9Ei2sSuM4HA4HBBJzkZJ+bJOQe6lUm6DlokrWWn9y0l53116O1lY8qbpvE0rpJ8uiTvF6xSb0Vuu19L6M6jS4NKuPhL4hLxZ1RCZoZNu9pQDlUTgFSu3PrjgnJFfMNxe3ShQQ+4EF2aOQFP4unUYxxg4PUg5yPf9KvjYeGrlwSyxRo3lAhkZuTh8/KQeBg44yc5Py8LdeKZLySVzY6cARtA+zLlhnJJYKCcjvwMgjoa5J1qifLLdNJaroo69tFbXrd67HrwwvtafPGPNGN0lpZtOL8kmtUurZ5xDc3NxMY/Nkdif3aBSS0p+7wBycnhfmJ6cdT7f4+8L2nhzRvAt3b3MrXeuaSLjUYpCC9vP/EpUH93kcDdt7DqefPV1ONr+G6MFpC8UqvAYodi7l5BI+vXgjkemTs3N3q2tstxdb7gvM8aDDOsSkKE8nJIRSNuRx3xWM6jlNNzk09LOTcXql1v13vf5ahTUmnBUr2VotK8r3il0uld2s9WraK0rcx5jSEp5jDygcZb7ykjgnqe3PIOe2BVmCR0Sba5RGwv3eCWwpyCTtyWGATngjI5NaWo6VcWIj85Fhd1J3HJbopIYDocEHAOcj+Ida8MDMjqoZ5WjHCqSHJ4HAHy8HHHQDPQ8dFOaS5V7zd7Nt31Ub7v7Ot9LPRWT1OOVNwnNzT6atuN3pdWk9tbtaX8tnG9kxHnptKeT87qdxyedpBxkjAJ5P4qAaz4YGeRcFWeR2XJ4DEj5RgnJ9cZ6AZAOTXY2x+z6c0bhlm/eFoigCncoxuHqMdDnkHnGK5pFKy+btbAl3rgDgg8bQegwfvHcOg6U1NwcWpJvR6cztot77t63S2d9tjOm+eTS2vdPWVknG17r0WsdbNF/UPDGrWEaC7gaFHQSK53MpR8lcMeFyNo4HA9RzWPbWEjM8Sy7jGue6lsk5xnAUbeM5bH3sdq+i38SWGr/AA0ZLxojqkDR26RMgaVkjxtbfy2ccY9B35FafwD+D1x8YNav9Is2jtrpAjouN9zcLuOVtoxy0hHTgqp6ggc89PEyqVZ80HFQfKr812tLPZu1urur626HZVUadGL5k210v7t7ReqV0rLays7OS6HzJJZyJK/nbgqqM4bOHAwP7uMYA9GJx1qu6SuiyR7yN25fvFiUJDNlTx2yMfKx5FfVvj/4CReCdd1/TdUvruC50kkvaTRmG5jQBmEkwIIIbkbSD0yOvHziyRxM4R3CmVxGpxyuSA3Kkndxngc/Viej2srJ7J21fNfp6XfTRKV9+zyock12d0r3UtLJvXlV1168u/RJdN4Bt5V1aV/LDubUncCCQ2QM89DggnBPGTg8GvfLe3d7ZQ8BdgcHzPvFipIOTtIxkgbvXC7gK8c+HdylrrW+4UrugYgkjaCDxkHgZ7E/LxgYGBX0KlzYXEaTqFUD7x3csyqBkY4xnknHI5JAr38BG9BSbVm27OyTWllLbo7X8rX10+Y4grzhioQjBcrgn1uk+Xq1q1fVu70vZpn01+w86ad+1B8Bri5tojHB4/0lnyDuAF1BlXDcEH5eue/4f12/t3+PNFi+D3j8afHY6fdXPjLw7bLDcIiJdzST25U4OFfBB6LyeowDX8aHwF8Rx+G/jb8Kdf8AtXkJY+MdMnaQvtXAuoiC3CqE4GSOOhziv29/bw/aT0rxR4J8OaXa3lve3F946sbm+ubC7V0hazdBCJgjEAEoMlgdpA3ZyM/5/fSoyzPMd4m8A1MA5wwlPC4v6zUjJxhC0oyV5LSL1T10fyP6x8Ba2AlwhnEsSqcq9KvT9nTla8uaEbNK107q7b2V1rqftt8OtXt9A+EWsWWpszPdeCmuXit03wSPJpb/ADYyThQ2/AIUYyDjJH5yfBf44X9h8K/iB4ai+JV5q4mk197LQ9Iuvs0uiRmSVRbXUMJX90w+8SMYGOTWjofx58Qz/B/UJ7YF7618H7XDvm3e2TS3Ur5gCqpZRyOME56HI/JT4b/FTwPpFh4l1bSIk0zX9fj1NdckF6rWwujM+EhG7aCwyXTrngZBFfzvwZk2e4x54pY3GStmWH5FFyu0qspSc7Ozi1LVJRdmnqtv2HM62XU6mG9pSpKNWnOVqqsl7kbTjytwk00k1JRaTTi3qfEvxK1yO4+Ld5eznzJV8TQ/vTks0kdxhmYnLFgQNx655xkEn5+/aj1SRvi9qlxHNKjT6Vp84ZThixtwcZJB7DJzngsMDiuh8eawD41vLkOH8zWo7verZ+WScF2PzdA2Rgf7XGRkeV/tGX32j4hpMhBMug6YxZsDKmBRnB4bOSepJHQ5C5/0M4KpV6FLL+eUk4YOnBpp/FFU0rt636tKX5H8tcWRp1KuISUWniJbLRpy6Wtt6K+klc8uPjHVtlvCryvaKfnWQ/Mz5G7cWz8pAZeCOGPopHXzaql9Er3UCGCSFSsZVd0QVMhsbcnkZGckcD7uK4ezsra5+zIsgVJpRGQpyxcsMbRwQOeQCAcjpXUa5pP2aY28AnMn2VVKOpUJleSM84bBPAH4jk/qlPG8slGbs9GubZ6K9m1rG7u9X1dkfm+Iy32nLKEmmnHSyvyqOl9Hve61eltL7+TatcQy3T+WCQrMASNxCAnAz26Kcf3cEY5FY0TNKCXYFc4xjBHfjnkE5XnuTgjqLl7bvG8iOhiCs4YMSWLDpjdjgnAOW4weSeKq21sSWZvuIpPccknqDjAPXOTwevYdEXOr78Xpve99rXXXdLvYUKPsUoylfRK6S1tbXbXS+vre+xfhh+0RSYhQ7WULuwVHG0gdyMj353DPQjvtL0+4itZZYJp7WZIFjAtpZYmByWLZieM7s9c5x6E5rEs7FGhhEaAHKljg55bjaepB7H0zkgcHvNPjWKy86VnXc21upLgcKCPlAA49uDznBrnnUnFJJN2Wj2tdaPVt6aO70tppuctWUZySW6fS172Xb1tq7P8AE56S+16FogPEOuBXVSoXVdQAXaeCoFwRktgcAYzwCeKki1LxjMwj/wCEm8SLGCNpOs6iUOT0YC6wegGcYzjnk1uRpFO8EgUHYSqoVAboPmU+/AHH88G6YYhC5GImDfdJwOvGeOAdpxgdycZGDVOpW5Goymk4q/LJ2ekVdvS9m+t7XWlkQ6vJKMbQbVndpX2i0ubXa/TVK/bT2HQvFuu6f8APjNY6lf6lqF9cPoiWF3eand3MlhF5xMrW6zTPtEighgqgnI55NfENv4i1oTwKdZ1J1WNQp+0TbEGOdo3ZAPU55wOa+h/tlwvw++JMRz5c0Om7lY7sqkvGFzjGMDIGQDggAc/KlsQxDHhhgcZzt2gkjnnrjjoemOK4aMKsKtZupJqU1Na+UVrZrXTS/d2Xf3+aFShR5lF2g91utOt9W1e/Wy00sfTHwvhn8T+L9E0W/wBeuLOz1O8tLO4vrm8lWC3jmlVXuJdzjKICcgtggDPBOf1S8f8A7K/ws+Fngfxf4uufjJ4W8SLHo8UHhe1ie3mmuNWlhDy28kAcuACwRJCPvHPXp+LVhcXVmsEtsWVyImd1JTbjBXLBhgj1GD/skHm3L4n13UboWdxeXctsZiqJLcyywoyr98Rl23EE5JxuA55xtPxnE2Q51m+Mwc8FnNfL8NQqKeJoUacZPExjKLcHUlZxi46SSvo29GfS8OZpleWUMSsTldPF1qiaoVJtpUW42cpRj8TTbkt9eraP2N8BfFH4U/CP9nq90vxPcWOvan4k0Z7yaO2gjaa01UllgtY5MM0cKDaSnTjJyOT+Wvi3xl4I1DzbnT31W2v7kXUr/NiNJpWYxwoNoAjHyg4B4+8QTXmOrarqbPHbXF3cXUUasCjyt5YwcZWIHAABBB55HI4zXEzSbZwABIWLOQOAh5HIPcDjkdiASOA+GODVlGMxmOli8TXxGNxDr1XOo+S901CML8sYpe73aW+h05xxTUzPD0MMsLh6VKhTjTjyU0pNpR1b3d0rvbvZu17Umo3yOsaTyCJzukG5iCx2kc9QM/3QOgx1yI4kuby6hEc0qSGTkmRtpy3DZJO0AEEZ5BB44OaLYaOaQAlwwx3AGc9+46dMHoDk5F/Ssi4ikYbsyLyCCRz93I4OOn1HAr9OpcySV3pGPV6WaXxLVart+SPh6qjJc73VuV76pxd00tErPd72a3Rpar9u0+GI299cEyMzSENkB1PGcgYxxnnk+oNY51fWZREtrd3PneYsO5X3OzFgCCMc4U++AQegArq9fV/s2wopJBdTlchSclB0JP0yeoHcDNsbddF0yTWryM/aJQyWFo6ndk5HnYbDdjhhuwPm+vLzTUrcziu19G9Elq3ru35G1BU5JNq7ffdXatZvTrq03brsVPEWsanpcdrplrqdw9zJH5l64Y5DSDPklh2HOVAycAkHJrjRrGrsrob+8JQhSC75OeoznglTn/ZAA9KS7uJrl5bpyCZpC7EElgzE8DJ4AHfJycbhgUgjJEZAA3AkqrdSDyCeDkkc9sdtvRS5k+bmas1ZXaWr+y7383u7Wb0OhKnHW1tVqn/wdbW9N+tzpfD7XskdwzzXEihgFBlY8/NyOvJHYcZ4xxitdLa9e5VWuLgF3KgknAA4IwM8qMDHUHseKreF4QYZmAIMMoJyw6t8u1eo6/N19Qe4PUosiXpaRd4SMnB427s5O4cE7QCR1x1HOKcXLR+87W1u+qT3dreb7ps4KskqrSTvokk4pa26aaNK+iv1tdHD62LuylKJLI7Mzgyb2LOABwQrY4P97HIyMk4rIhv7uAInnTus4AkzcOmAO4G/g7iw5weemVJO74kdvPB6MgZCFJySTkA9znrn5e/bmueAjzG23zCDudWJU8YIOPQ4znI6HG0nIh1Kik2pSjpb4nsrWvs73s3fXbQ6acfcje7TSavrq+Xfe7b0eivG+92b0F/vliikMgJZlDtcSAlSw/2uxB5z047nPU297Lar5ce4hOVYTSBjt4HIbIOd3boPc1x0JS4urd1RNxYApwcYAC5PGAMN0wByT2x04tpzcxhkJDHAjxhQABktgnIIOcn3IJOALhVqS0u7q2qsr6p6pqzvZPZ63d1qYVKUE27Ru1a6irte7/dtpbdpWXXtduNclhXMzTFJNxVFkJIZQOSxBO7rnJGMk/WJPEiMkJlS4KHhmMpVgORwueSffnJ49RBqtufJt1ZAUWRi+cccAAF/pzzx7nOWy4rOMs8gZcMNyJknkcZA6559iPwzWvt6sfd+LR/Fa2jWju9raqyv0V7O2sacHGzSe1rrm6LSzuultIvVva+naw+KCrxiJ5/LdwHXd0Ax64LDuM9RxjHNbqeJLWGXZLAjLNtzKVCkDuT2I5HAA29u1cNpVuJ7naS3lOVySPQjIU5AUAY3DPT610V5ptnFJIkkq5AEkeSSVBB6Z68ZwCevAGBmqjiasVouZLVrXRaX3d9UtNE+ZN22ZKoR2Ta2a10S2aXl03vZeTNyfxdpsbSW0SRRqFYscqVYkDJB6g9+oywA5HJ4q/8AEtjNclIZZERF3sDhceq5H3Q2OOh47DpFfaVbz4YM+CC4d8YfA4H3cAZHBGBkE45yOOvNKlijadYgI3V0Zhli2PulMdQeoBbpjpyK0hjXFPmtLbS1mkkr2srbp3a3s7WOeOEpuTclZN+a0TV/O9nFvXa+psSa9AzSm1lf5uHySwKd+5wGPHzHI5xivSrD4jX2i/Dq0s7F0WCPXprlw6mRCWjA2suTuIUYQjGTg814HBE0MSvJ8gcEHdjLkZxkDcxABOASeeApHNbtzLIPA8YwSg1aTcAMbvk2jHBY4GcZPHI4GQeavXlUUbtdGrJ2TVtl06XT0Wtlff0MHSjRblTbu4u9m1vy+aSenpfrud9rXxYttR0+eze3lzMnyIcCOCTGGeM8FATk4JwcYIOMDykeIVjG0xCUvkbwVbHUjH3uQBz36AZyK46eRmkdYyQqhQVwcDgZOScZb3AJPUAYFMiUsowzgrIoORjOW449T9P05rljXqR2k1ZJrz2vvfVeT2Vr3Wu0oxdm9Wlpe3XlfW/nt5ns3h/w/wCKfEFneanpFpJc2lsoEz4GVbALAHHBAJ3KeeeAO3Oza/PYtJZytIrRSPG8aMVjdwSCrL03KVIYFRjHXkZ+5f2V9FhPw88TLeBJpJ5JmtUZRu3rbPhx7gevHHPJGfz68YKIfE2tQvkMmp3illCgFlmbIwBgduehOOc4NeDl+fV8VmuYYJ3gsJKCvzbqVm3K3z3s9dbI78Tl1Ohg8JiVdyxEW2rJKOsdNVpbe99LJJGuviPCYV5sKc7VYqyHJPy+o3ZBxjrnqcHRj8WxSRBZJZojkEj5slepxk7QCRubjOTjBHTzVJQBu8wh+QCD0yAvTk5HG7pkhifuhqkjcuRvPybOOOGJHII5GePvcA9D/tfTUq83Bp3blb3m72+F7pv8NG9tLs8n2EW1db2XLfRtKPVPVbL56O2/oknilAB5Jn5KjBPXjJI7DByQRn8DkV0fheW/8Ra3Y6VaQeYby4hhWNyG3F5AoAXAPfB7+44FeTIwYehPQkE5HUgDJAxkfMMng9a+n/2UvDkniX4x+C9KRTm41WzKqQcZ+0oMMOM4x07Z4HOK5cfjpYfD1a03Jwpwc7JNaRSdrNWtdpvd3Vn2OzBYClVr0qMIKLqzjHa1m3FJq7fl6v4mj9TPhH8btZ/Z18PaV4L8ZWV9daJeXKyacbIcWOceavKksueDyOOTnBr7Xsv2jPCuu2Cai8erW9m6fK7WgmgkUcD51UqDggnIABzwMV4H+3V8Mxo/hjVr2OOO2l0WPRoLYQxBQJWtg1wysoyHdlO/nBOMkkEV+WPg34p+OvAdwH0LWpHgjCNNp94Pten3EcgBeN4ZA+1GIIIQr0xnaxr5/KMxoZ3g/rSUozU2m1J3bTi+9k9VdWasrp6H0WZ0amR4hYRvnioRdpK+6jZpPVdb2e2t7n6lfEn4ofaLtL3wRNHcLuAlS6ihUDuwjjaM8k4U9844wK81X4v+LY0aS88NWl7AVJ2va2bqem5gTDkdjycgZJA7+deD/jZ8OPHPlWfjHTW8B6xIqKdU0pPN0a4mkOFluLcDdCsrYMjkhV5OBX0JB8KZLiKPUYZW1fwvMqNDrWkTrc2rKw3DzPKLNE20/MrDjPXqD9jhp0I04RcpTfLFc0/NRtd7NbaJXv02PBrSrzcqkOVxbuuTla6WsndvR672evS55Nd/FTTNTVV1v4b6beIjFZF+yW6EpuBO7ZFkYXnPIxjBPUYWp2nwP8SeZLdfDV7B5RzJZAx+W2CSyjJ55LcAY5AAODX1Vb/AnwVrUXN/fW1y8YAmgkBWQY6EDB8zqSvAHYDtjXn7K8W8tpni6WBSAFguY3ZsZB+Y52nP3R8vPP8ADxXp/Vm1CSUnzr7M3o/dV7XV36bbbI8+WIkoOM4rdJrlS1sk07LXTpdbbXevxFf/AAk+CGoh/ss2vaVJ8x2ND5qqAOwAGQOQDzxye5riLz9m/wCHmoxySaf48W1YH939tsHUjk4DNuCn+6SOfmBOccfoDd/sieJrgb9O8R6YSFAzIDG7ZJU5BOCT6ZGfrmuYuP2KPivIsgt9T0q4IbO1J4zuDMcEgY+8Bz97AweQBTng6lVwTu76aNNvZc2q3Wl7+bMliYxivcjy6Xv20tqtno7/AK7H556h+ynOXjk0fxt4fu3fGwSTJASSScHe5I685Puea+5v2ZfCfhn4feCp/DPxLTw/qF1Jqz3MV1FPb3W63YBUi35JhUclj2BOMnNT3v7D/wAaQ4MbaRu2naq3ax8kEdBgjoWz3A4IyAeG1L9i79oG2JEdrZzbiQWj1J8MAQPuhjkeh6DFKOWrm951IyTV3zK6ty73d1fRtJJdLvQccU6couMEnLVvvtp13V7K3ld6n3Louk/BzUJZEj/4RCezeQhbTzbbzckkqrSZydoxnjjkEjnPSWvgn4N6lM9vF4J0m+WIvFMITAyPjO1kKnBGABnI45+avzHl/ZL/AGk9NYz2uhSFVyqmDUpCSSOCNrg56DdxzjnGcadh8GP2vNDnjOlaXrdiQpDSRX7OpbaMtsYtnHLAd8HIyQDnLAyjLlhUqxk3dyfvKza2s0u7s23pbZ3KWNtOMpUINPRqzu78tmnZ21Svq7rRrdH6Ja78APhHq8jw2GjeF9KTywWgv4POCyE5YZ3LsI/uqcDg9c10Phz9kH9nnUYYv7fl0CSRnCywaQ/2Jl+UYwC0m5AcEgcjC4xjn5L8A6h+0v4bdLDx/wCCIvEemysDNqRkzfwxdC2VHzMBztOc8A9xX0xol3pWrSfZtPvYrLUG2h7SWb7FeQylctGonJEgU4AwVyBjr08+vRx1O9OniKiTa/ecrb1cVu0tbeb3V9j0MPXwNT3qlCHM7KzvZaronZ63fVN9rHukH/BPn9lO5tItQt3jjdifMJ1yFflwcAo20g84OegO0gHOOJ1f9hz9j3w/cpc65dLBGpLbo9WikUgHOG8s9xkgEgcgE8V5fr/w28ZypcXKa1rkDxsZYlkNw9rLGcn5XhkxtwTkgZO0MAASKzfCfh5NX1nTvD/inxC9kmoTeW19JO7W0RVQpjdJiSjs2BgnhjnpmuCH1mFRqpmtRJWck1F22TSWtvS1+lu/bOGGcIuGX079JK0ot+6m/d3S1Vr7a9Wjvrv4OfsA+GH2XFhNqrEbzDbu0u4gZ+8BjJHfGMdc1wHiPVv2MtEk+y+EfhGbtmQ/vb4P1xtVgxJGwnkfdO7sRjP17D+yb4BmkgF3qVy8pjVluF2G3mTvskAYHzT82BwF3Db0I7qL9kL4RPZxibS45pHGTMlyGc4OSSAxOGIxjONw55AFdNCthk5qWJr1m0nzSc+Wy5b2UbW89LLW1tzklha9R2hh6FG7XvRSWnu7Np9Wuz8+/wCQnijW/COpahHFpPhfS9AtYzthm09/KuYodxKxlt2GYYXrjAP3gCc+U+IZ7mPUFv7bUXureJPLRJHaSRAuQA5IOVxxkjAPrkg/tdqn7I3gCzSV9M0O0vtilkDsxki6gZJPIJH8Q68cGvFNe+Cvg/S5ZbebwpZ28mCpym8NwxI2ggsW/wCAnPqAa9XC1uf3ISk1eDV5aNprlV77a3Sdk9Fta/nYjBVYO02+VtbNJtLla1WstdNVrZa2d3+TlrrV5Je2t5I6RzW1wssTKufmBLKynoT8oPcjBXryPfNM+Ivji/ijYamY1t5EaDyo1DSHAC7iMFicYGQQBkDPSvVPGnwC0yaSbUfDsa200JLHTZMIkpxkrEM5DZzgc84HGST4Rc6Zd6FdvBc2zWskBJCqxcBhwMAEZAB4Bz2wccD0lTnJNSbls21J8utuzUU7bXd9L3a385udCUXZpbXvLVpR1a7W7vdX0TPszwdrWp3el2V7q97a3lwUmD2sjYeGbymeIvGGBVg6g4IBHPJ5z5p8Ff8Ago7daH4w1b4WfGqw02Tw3Z69fWUXiS2so7gWVnFN5dvFqEDq/nRxoAA6gBeSa8t8Gavcy69bCW7mCN5qum5g3ET8sM4YleAc85H4/mP49a2Tx344aKQmZ9fv1RSSxKtKcl06scAA5HBzy3APg5nTnh5JuTcan2dHezjF37NXXXRt+h7FLHSVOFSC5XHdtXvZQ6JX029b3vZX/p48U/BX9mT9q3w5NfeBL/RrHV7yBNvibw3fLBcrKxBSS5tVkUKVH3ognB34I61+XXxo/Z68e/s46/q2mamNS1vwhc2e2DxfpSyXaTrtJ23cWJXtyoOHO44YZDZr8y9A8e+MfBUaXXhnxVrGgSoQXXSb+4twGXlCYkk2EZ5+79706V7to37ZfxxSxtLXWPGMninT7ThtP8QRrdxXEZxvScFSWUqSCX+UZB5BOeShWdF037Tlato7WSbV3dO997p+a0sr6VcTh8XCXtqPLUSTco+7K6jFX016pvV3tbR2Z0kXh671y0jv/Ds0GowKXRYJXWK9Lq2WPlOA4KkEghT8xPC4GOai0W9SSb7TCImV2WUs3O9ThlJPcYHI7DAxjNXtd+O1j4l0G6vE8BaNoPiNZWmt9W0MyWcITA8wCNZAhY8kHn7xPC5qv8NviT4A1G2l0nx9pV/9rvJALfxBFdiEQHdw1wpJA2NgBsjIPXkivXo4/nlTpycXaPuzV47qKSd03bqvtOy11d/Cq4XDcy5JNLl1TdnZNLVa3f627o2LLywm1ECiJVJ8tgS5G3AHAzkk8ZO7AA9aEN09zNKxZYoSryQjOSgB/h6kZPORlc9M5zr+JoPCmlyJJoervNZGLzkKypOsvKkBZEHJwTuGMg+vJPI2PiD7U09vCoxJJHGsjgB5SxClFJ6gjJHf05+WuHHYtRxCptJy2ve927Nb9Ne2q0udWGi4RUYtOKs1Zt9tH66b2sl1buevWxksfD1kr5Q6pcPdycksIl+6HwckAEngZ5+XmnpIJIYJm8sIu4RgnkBeQ2DzlucH1B65aszX3ms/scRVlSKxjiijZs/M6jdwDjvgg91GRkVz8t7dKttvDbCwOxRgBc8EnIGe2Md1Gc5J9fCxi4c1neSjKyvveLjzdEnaL7/mc+IrNTSkpNarTXXS2vW++uy7deweVQjTIFR23MCMhiFywBxnjOcdM9M8c5EryTyQ7UCuSXYtwMcsTjoMKOvYHdj7wOMdajFzFZ4mnu7uaO107T4YzLd3t1OQkVvbQRhpLiaZ3CxqmSWIAwTx+5P7In/BKiOXRdF+OP7auuN8OvBM62+q+F/g7ZzhfG/iy2crNAdZgJEmlWVyuGeCVQzxvxg/MFmGeYHK6UPrEr1dFCjG0qk5Jq6UU3Zu6TbvZPfZHRluTY3NqvJhqcvZ6OVSS9xfDeUvPXpJb7LU/PX9mP8AZM+N/wC1N4gm0r4VeEb6+0y1kCar4svY3s/DOkRKcSO+oTKsDTRxnesKsST0IJyfvD4w/s1fD79lexsfBGiWV18Y/jNqMEMmq+JriEp4M8INhRKIkIaOS4gckLN5jIuzJUgHH6gfFL9rD4XfCfwbB4E+GFta/Dn4f6bbvbWvg3wZbQ2WoXkUEYCvqd6iiWR5hzM80jNuYkEDGfwU/aB/a91/4k6ld6boo/svQ7d5YY7WzJeQIWwZNQv8F5Gc5LrvPzZPavCwme5nj8S6ipSo0E/dWl7XilzNbtR2tomr2d9fosbw3gcBQjGrUVfEu3PqpJbOXKkmo21V/n6eN+K/Fl/4TvtQW5v7fWdeumcTTBllsrJ2I/d24DeUoReAqoMYGF9fnjUNSlv5pp7iVEUySSMUbazuxJY98jJwOQAOQRWLr+pulxLNqFywErllG4hgW5LEE7j1zlsA5BAJ68/BcC8lCxF47aXCvcyghsbsfKnXPJIIGec5zivb56mIac220kkrvTVWd7J22d13tfZnguVDC+7CMYRXS6TS036vVXstHfc2Lu+BAjRGkY4WCFcuxc5AJwpB7gADO7qa9M8AfC0a/e2+q+M7xtN0YZkWyXAuLoAkmHgr5ZbBHIORjAI64WiW2h6dBvhmWa7Uh2uLlQ5z12xBgQufQnOCNxIGK7a21iS5iAS+kLKd7IMbV4AAUDnaOgIGBnGBgZ9TCZdCUVUnK7STavHV3Vr6vbXTVep42OzSradKjFqVvjvHolayve9utmtNEkfYC+NvhT4S8O2vhvwt4Ds55oYvMN3cBlkS5Ubo5XZWBd9+H5JXdkDjFY+ifHPxdYeIbPXJr83JsmhDaMhlhtLq1iAIhniRlEqbRtwclgCWOcCvne0vXlRZJE2lhsDE9Gz95ug2kcj1AznHWYak1szPJHGRyhdWUFiPTLAkdAAcZzjrnH0ChRVGMJ04SjypJciutE7u1ttd3qn10R8c6FarWlVdSftLq75prW+jfva2s9WrNd+uh+1LDrPx78ct8QtPXSfD093pVtpUmlRwfKqwIEhdHYlmATjDEknPzZ4PzRZfA7xbDCLa51HTp7mVSrKwI+Q4ZTkHBI6D02kg4wT9E/2wAyuyIY1HEcjEMDjlhkk+wG773BHWtNvEUNsPOdImMiqE5G5ckhcDGflxkjPHIyCa5o4LBXi1TikrK1ny2bTbV9LO1k9kt7LVdt8bFRSqSfLbW70u03K6tq3dK/RvU8/+FVj+0p8GfEmn+Ivhl4rfT77RZknFlFqMqadfxqwZra5tN/lsJACjEKj5JOeCR+jfj2w+D/7YXgux1/4x+GLX4ZfHOxjVNS8TaaEga/jUKrStcABb2Jm+YwndKQxG8kZr43tvGCpAQUV2LgGYNtJI54IweMY46ZI7HF9/Gh1BVSaWOT5du15dzRBQcEd8nB6ZBBPqRXm4vIcnxK/dxlTqu15RSVtlZ3TVvW6XTW56eEzbNcLLllUdSk7WjJu6d4p9dbLda37ux498SP2JfiH4Xa6Hg7VNN8ceH72dZbe4s7pVu1jB+WQWjMzK+CCc5BIPGRXnvhu2+OH7PvjTSvGvhi21jRPE2i6dcWNnez6Y9wrwXURW4iYOGRgVLBSFUgZAwTX1JB8RLzTR5On3d1bTDKmWGd2iwSSq7ckZGD0AGOnQiult/iHruqPBFc6pHLMWVVN5bxykKoyCS6McnHOCpB7+vz+J4RwqUoQqqSas1bdaab6baLr3PUhndapOTdOz91xUeZWfutJuySab06bWaTs/zw+Jvxz+IHxFeBvHZlu7jTpLn7JFLp8lvHBJcE+fOibAqySsxLccgAAc15Ho2sySvBDLdLb2MUsrTRKrwu6E5IKqw389MdD14PP6jahqthr0ktvq3hbw7q4Ls00rafGhaMZAIdEXO7B6D3A6Z871T4U/CnX2Es/gxtIkkYqZdJkMeCerBWYkoM5xkcYGeprzKnDVXD01CjFctnoly6JxTt5rqu+zvvqs0p1GnU527K6d3ZJx369E+rsunT4u16TTLjwXdXCXlsWEiLYxrGGliG8htwLFlVj945yFx2+WvYvhXY/C228IWEfifXJWvb1vP1XT7S2KSxQAZQ20qjC5OSAoByRnrtHQa7+yVoGpi5bw54vvtPTHmJaanG0sW5iCIgVKoFOcZ5AABzjArzPU/wBmj4w+H5zJoMmnazaLEwEltcp5wjx8oWE7nwMt8uccYGCDXlPL8VhXzKm7xs5Na6prT4knptZ7X13v0e0pYmNnJWeyTaavppqlZapa7+SR6/eaj+z5Y6rpY8My3rQwCOXVU1yKWeOdYnJHl7mVQ5HHGegAGOB7H8FPjP4Ntf2rfgppnhWFdQt4dRmZvMtEieGW6QRqElVAzRRD7qjgKoIA5r8uPFHhr4l6FfFPEXh/WLNUVg889jcLEx3E53opBQnDA5KuOcY5r1L9jm/ub79qf4RMz+ZPHrhQiRXjYbMAABwGwo4yAegyCevj5nSq1sPiJVFGF6cm7xtqorRJt6Wb67p662ftZHGGGx2CdNJOOIpXXNfZwTdr6a6yV2rvo9X+uf8AwUX8YaC3x/t4bq7uoo38JQ+USFIeeS7J2E4GFDA4wckEHHGT+1+kTif9kzw01qZJJT8Ip7e0+zuBN9sn0rZbGNRyztIwC4ySRgA1/PD/AMFG7q0m+O/hmaVBk+G44piWYbJEvtpyCMEjAAyD2KnHA/drQLmCL9kLRdZtJ5hcaN4K8PzxxJLtRzCkRO47iQpUZJK4POQDnP5zxDh5UssyqKjGpGFWLb8kuZLqn2sla+nZn7NwjXjUznO5TnyOpSnrfVa6O60dk9NU1ppfR/y//GH4qfHb4dtf+DdS1Xxb4aj0eY6lareWtzC8tzJdGSK680oTwjAD5gCp+lfsd8MtV1nV/g98Ndf1vUJtQvfEnh6HUdSvJSTLcXEVun7yQFiT8yEFskt7Cul/bS0bxprHwC1rxm3hvwVqcXiLTtEs4LvVrayuNVtkmjjTfayLEsvmBDwwLc5JIPzDyrwX4q0jSfgZ4F0+O9t5tU0XwtdQyxRSKI4ZEVg6qoPyshyCrHtg9s+3gMTCvSoVVhfZum1F3jZNwcNL6OzTdr2snqzx8zhHAV8VSnmH1mnUg5KPM3y3d7Wu1dL5paN3Pyp+O91dat428SW22EvdaldLbzzKAiIsjjgHghT1ZQGyVHHJHy3pGjQaV4z0++1HzJzZyM+bRf3JMRLI3AYKGKgkHkjsMA19Z69Na69qep6nfxJPcSXt35S5KGNXkcqzqSPvkjBxxkg8V41rlgtoJLW3lt7O6upGlZHZXwoDE7WOGG7+6M4HYjOPoamOqVoex5klyaK10k1Gy3WqvZa6La70PyypCTk60YNJzbu9Wk2mlK711sk29lfpYy/ib4x+3Sf6OZbkTW6Bix3tbAkDaAVLJt/hJA5GeoAHj+j6fczXiC5nNvaPIJJrrduYRtgojEAAA8A5xg+4rrNb0hREl2t2kKN+7uR5iyu7jqygHK55bkZOMdOK8vhn1Kx1DZDI99b3Ez7YEO5XCNtClQQc9yMgKTj0Bzw1H2dJtrq3p5pa2tbVaKye2+rR59dzlJNK7u+l+W9ndLdrZX736n05pvidfCa29totyqafMFkuhDkPLMfvFnByACeG4weOeQKeva6visTQ3hSMKrIUlYPPPG+SXQHJ8xQOMZz0yM1wuiGO4gubm/sm8yFFheJTiQMQNrJGO6/xZyMH72CxqwugSXd9aw6atwJ5mJ82VWAt1P8AC+4kDjJXJx+OKyqKnCTldqUby7aLlsrNX10sk1fVXSO3DzxDhycy5HooptJPRappOL00Xe7dkeeeLrC10O0f+zprlTeXCRoJFByhHGOQAFbkAkAKRjAxjo/g7cTxeJbaKeNZHjY5mIwCZBycqfmIOMAE4JIIHSvSr3wBoeq6bHaarqLw3EIkVpo2BjWUdHJypUZHAwM9e+ag8O+EZfCRTUrCSDULCJ0JYczyt05JB4PUjj5ec4zW9PMqU4Rot2lZJX1V/dbbu2l6pPbVM68KnSxFOfMnGMlKXM1JNe7Jq13ou6utLarbqvib4quvC/iDQdQQq1zb2kjRo5VIyhUY5+Ynj7owwBYZOOvAXXx7122s3lXRrNLx1kmF75sbOw+YKNmMYORycc9eau+K9Pn+JHiO1tGBhaytDFLJJG/k25K43KynlgQOuRnGMZFZlz+ztrLWctzFqMbmCMkx3CvHuiGSrHJ4GOnPzZ4HQ16eDx2Fw9JQnKHMm7aLm15Xd367Wau7abanTi/rOKrSnQjOUdLNJ9FG6s07tW1tr97OK8KeOda8T+MPD19qUitcf25EQsIUKiO4BJAAyQMAHnIyO2K/avw7I66NGSR5S28cYXkn5YdxAGDkMCRgHpknABx+LPhzwTN4W8R6BNK8ctxcazBGkdu3mLHsf5iwy2QeCD7nnAUn9f8Aw3rEkNtFayry1s/lop+cyfZwqgKw6dznseMZBEY7E05Qh7OMdeVLRW961r+q312trvf0MkjUi6vO3GSUF7yd72UU7S7qV2mfnJ8TpVfxH4imeUwGDU75o1UqpJB6ggY4GOeRhiRxyPnm/wBM066k+1W7o+o3MhZnlYsNo5IYLle3zdN38PavZvjrca7pmr6kbbTxOk1/dGZ408wx+Y3CMwyASMLzg8Egn71fOltLqDTRSbJkd87wwVRGpGPl5wB3Jxxz2Nc2FliZxbUuWFklG97XSs01or2sra206I87MoweI1Sc3JNyWj7d2u22y0ep+u/hi+e6/ZrSKKRGe38NXcDYXCZSN1+TopB25wMYx3r8/wDwJbC48N67afZw6TNKC3l4w7yuASxyPlx3z16Hg19ufDZ54/2cpllZZGOi3u0Nk7BscsCeMgdTjgk4Xqa+MvBc81tpV9DBsjN29wr5Kr5jJI5AUsGxtzkc45PXNezkV4yr3avKSbvaz0i9ttXu9dEc3E9R1KGB21oR3305LLf02V1pax4V4l0afRdTS0EDsY8SLKozGytzkYUgqOS2TkbcEgYAorPKbyJDFGEkkgYbQnmSMJAzLnGSMA/KDluxIwR6X42ttXnu/InVpCkLCOaPDYQL1Zv75yMk892zk1wuhRyXWuaHp62puWn1CGGQykDYXcLlySCoXkgggA8HHWvpKs3CnJtcql8KtqnottU3a95bOy1Vz5TDSUnttZO7e0eWNrb7N2fXRrTf9cPB3wZPxO+GOg6jpGs+GvDsNpJAki6zqVnDMLqO1QssschWSOBsfIThQxJYdDX5w/FvS7jSdf1TSpZ9PubqwuriG4udMdJYJxG7Rjy3RmUoxU7WBIPbO4V1vxFivvBWpjRbjUbu3hkSKeFbDVZZIZC8SkeYkUgRGUEqFO4jDAklq8TvJpWd3aVpRMWaQkuz8sTl2kZiTg5Jz2HOcivNw6qpzlKs3CbVo6JxWjs3Zu6lZL4dLvc7Krp1LR5FGa1dlZ6cujvqntsl7uq2ucpHbGSOPcwcqy5CrhmJbj2JPXGe5GSc16Ra2dxPpsPlKkcTsR5Ui7JGCrh/mA/i568gkkZOQONM7o4KoNm5drbMYOMlgSSCcAcYznAGR09P0NtSvrRmZkkgEbYKIpbdyBtwQQ2MA9sE554HVG9/dbcuaN7PomvR2Xddlqle2VSN4L3baRTs77PdczT5bX6N3fWyPPxaFLp4xEqN8ytzgBBnP16YA5wep5Jrd0hmh1TToRMxjMqqCi8pubkbQODkj04zxkiluoJ7K+mSWJnZwcA8k5wQwHv3AOAefetTQ4LmTWtMWG2kfZdQ7ykZchSwZiMcknJxkEg4PfFdcXJUXJxsktbp6aJW2XVLWyve+92cVKoudpJab31srJtW0u7LT8k9vpyfwxquo+GtX1w3KrFY6XKLaK8twDKiRHc6PgZwcnkHGQCCa+ZPhWj6nrV3BezP5FlFcXDpKrGB3beAFAwoC4JG0nB29RkV9y+INRvT4O1vRtMSd7WHw3NLMJ7faV3x7pCj4BBX6gAdSQMn4H+HGq3NpJdvZxSOUiuY5S67yVYkDGMsWywwSAAB0BJ3cuFqxkptt9HdNq792yW7aV1fW+mxNL2lWFVpRvBqN76f3kkt2m468z2slfV8B4knFr4j1SOBFeNbySRSCThGY8AYOB16t7c8mtax8RWMdpHE6ScOwOxQFbJJ5XlsckZJyDgckivJ/El/eDxBqzNLMHe6nJJBAJ3MdoHOByBxkjJ61zseoXgYiWaVEwSF2nI5OBggevJJ6dT0NdtOtTScJOUbu7XRtWvqn6pN6/cr9ypNwhd6NK60cb2j1veyavbfbex7guoW1zPFBbAos0wAMjAAKcjd0HQHnkdMnGTWpepZ2STQG6Ms2edjblJZSSpABZAM8Z7AAMCwz4ZZ31z50ZeSRgu4plW4O7OSeucn26EjAwa7Kzl1XU7hYoo2mcqiqqqSX6ADGMliccYH3scVvTmrbPe/K18KdtNG9ErvS+l9RTpaRiknd2SW7eiTXJbo7Oy89N3LFAj3K4kKqUZlxkseSTgdweS2d2PyNbukeHNU8R3H2PR9Plv51O2RwhWGKNW5aWTG1duCSMjGMYzzXtvgP4G3WoRQ614vuH0TT1YSLaDB1C9XqqiE5aMMDtJI6ZPpj3i4XRNC06Wz0WyTSNMVCixxRhby+cDmS4mADBTgbgCOoHVgBhiMRKk4ckU09Xrok0rJd/xWl9W7HXQwicVKouWKtKKu3fSPV+d1azu79Loy/hzYnRPC+v8AhqV7e6uINBu7u/lTaY0kKEJCpPLmLOMg4OeMdTh6HJFbfBL4sSqH3fYLYeYCwUMzyYU7Tg4PcHp7gVueAJBPF43mMUcSx+G7vG5jkKVxnrkk92bKk446Vz9o0MX7P/xezIpV47URsM4HzNhe5IOcfMSM7s8jNctXRe0d3KVk30cny+jty6p6PRed/TwtRzmnGyUYpLZL3Ut+vTv0tbVo/OuXVWwrNcSIqxlcCWQE4AydwYcH6Z4GOnHM3+quZQILmcEg5xPLkscdCGJOB93nPHfIqhdsSmA4UjaMYJOCBx3zkc52++D0rNkRsAqAdvy45yfQ54zwQcdiWGBjI4rR5dVdaN9He6vZqz0389NROcr21ab1s7O2n4dNb6p7WOl0Txn4l8PalFqOia3qWl3kLB47i3uJFcEYK5LE7hlRwRyD3wK+u/AP7fnx48HzLbXOq2HiiyVFR7fVrcyyFQAowwIGSFPG09CwOScfDTBQyADbuAGQT0HQDnBPHQ8gEccgm3Y24a4iwQCSdxJIwc5IyAcE5Hrg4GM9POxeWYTGJfWMPTquTa5pRvLllqndJWsrp69nZX07sJmOOwrToV6tOz+GMpctlbW1/wA1pp3P23+H/wDwUz0byI4fHnw+uIS3+tv9MnMibTj5lg2hsEk4DEnpnPAP194S/bI/Zk8bwmCfxJBpM9yExFr9msEaM3VWlkHzKM7QCc+h44/ndtYQ0Kxxk5UxqeAV6j5uccEDHOcZ6KOnWtptt9mRhDCzoELsyDIJ+8QwGQe3XAH15+cxPBWVV5J03OhJar2cpdbJX5ovf1ult3PoaHHOb4ePLUcMRCzSVSnr0S5mle7VkrvXqf0zabYfBXxfJbXei6r4avw8W7z9H1WG3kD4J3EK6kNu7DJBJ3cZqObwHrej3gbw54s8RWtrM3mxG2vRfwqDwBIjb/k7jbweo521/MlLqupaO8b6Tq2r6ZJhWR7O/uoURgRn5UkC4A4AxjGBgCvYfBv7T3x98HPbf2J8RdYlihciO31CY3MDoAuEYOGZl49gc5yeg8KrwPjoVP8AZMfzxumoVYPX4bq+qe38vTzZ7+H4/wAJWgoYvAcrum6lGa/u/Zautrb6X11R/R4qfFmyhSKPUfD3iiNUz9l1jTliuZhgAKZEC/Nkckjkk5X1F1XxBDZySeJPg4l7AgO+40G9jmboQStvIrnO7IVG/hY46gn8oPAX/BSj45eGFtn8T+FfDniy1SEGWYW/2e6lTPaQ/KGyccDgbgCTmvp7wv8A8FafAT2hj8W/CvWdEMrbLi5sbkXMQbAzIIlHPJ4UAkjoMZx4lbh7iXCVpSWGVWMZe66MrNpKPTR+bum7/Nn0mC4o4YxUFCeIlQk1H3KsHFRb5U9XGV72V2tNfQ961ey+C/iS8W317wTq2izEFpDq/h4yJExBLEzRRoOoI3EkDHUEnPmusfs2/ADxUHTRtdtNPuJbjKRLeG0TzeScwzcDaTgA8gYJ4LE+h+Hf+CgX7KvjK2Ml34kn0O9YIjx61pghQBghyZJEONu7aCDk7Tu45PpWl+M/2b/HJg/snxh4B1aS6cyBY7y1gulL8jIRo2349+ueccVlRzHPsFNKpRxtPk0d1OUbLl0V103snrd6tI6pYbh/H39nXwFZO2t6am7rdq6d9baeTdlc+ONX/YbnnR7nw94rjulRTHHEjx3YVOwyrYyygEDhvl5OMV85+Mf2CfiBBLJPDJFeZRnDtbtE+XJAIHzbs4J47cY5FfsRafB/wheFpvD888CSMJvO0jWiRluQwUTtkchgAMEDAFaFv8MvF9kLl9K8d6xiMFUt9WgW9hULgAfc5AyOT35ORgn08NxfmVKXLUqylF9KlOzut03s9Ek7nl4rgzJ675qdKCe6dOdu13a70S++3TQ/ArVv2WfiDoVoI5dMN1iMZS3++pXJAVcZOTjPXOM5wWrzrUvgn4hs4lfVtHn07yFVyJ7eQB8kH7yqVBxjPXnjjBr+ie48KfEqBWe7l8EeIhGmI4byyFpM4AOBv+RVYlhuDDB59FzzGoaR4jkiWHXvhNpV/audpOm31o4dQMnajxNJjjONwI6nB5r2aPHM9FVhScUvsz5JacttJaJ+SfR2aPExHAOGbi6VWvDVJJw54/ZveSSule/ktbq+n4M+CvA9npuv22oXOnwRhIriOJ3k2gsEYFyHxj2zzzxkYr5w8R316+u6pFaSOtrHqV4uF2/KA52qv3sITyvAxk4Jr+j3Ufhr8I9Ut3bxL8L9b0iXcwEkWkyzpGuCSRLbsqlCQOFVTwMNxgeF65+yF+yjrrzTNd6h4buLljIXeKWwVZJPm3OJQysQ3J6ddx759KnxlhKqiqsZKTjdOPLPS6e6u09dU9722PFxXh/jXf2GIpyirWU4Sg0003unvezsl5vY/CrTLe7n3vPPImXALgkM6YIAAz0DdOgIAwGIrs9O0u3d/JnPmYJOZAfmAIyqlumAcEnOQe3GP1cu/wDgnz8MdQO7wd8UbRUBJBnvopiMfNHhAEOc5JBAAyAGrlb/AP4Ju/EKCOS58P8AifRdbRgZETfHG0q9VA/eHBIA4BHOABg13x4iyudJOWIVO/SSa092+rstLrVdu90vnqnBuc05PloqrbT93NSv8OrWmv3O131R+cvxEsLfT9Q8MDT0jhaTS/NkMRXcrqnEm4AHdj5ucBTngAk1wcviXxPZSReRq2oKqsVUrJLzt6H7zLjn+EcHJAzgV+ifjD9hX47/AGrTp5fCiahFZWhhJsZhIw2e4A3Fuw9Qf4smuAuv2S/iFpnltqfgPxHG43blgspJgoC4OQASMDoT05xz09CjmmW1YRccXQnKysueN+ltG2+i+Ley8mebWyLN8NNOtl+ISVve9nKSveNrNJ3Wz7aa7Wfyt4f+IPj2G+jA13USJ9qKxdnVQ2AowAMsDjjAHrg4z6Hr/j/x3f6JqenXmrT3FmtqFkjkU4lAXGSWz+I5J7V6mPgs2h3sUj+HfEaXUSs0sM+nSgxsjDkBlHueFJ44HNZfjnQ9L/sXU4rez1KC9NrtKXFlMpklOepCAKwOOgx8x7YxUsXQnOKhKMtrtW2ulffV+aab00MoYHFKfNOnUhs+Vwmm9k07xt33s7Poz5U8OeOfFHh68ku9I1BopQm0BhvVck5254xuAIAABHOM8D1zT/2mPiSESG9bT70QgLiW1HKgIFBHBPI6nJ+8x/vV49b+HL+MS+ZG6FSEIZGjJbcTwGUMcdSeSvPTg1qweHpokV2hcSM3HylyxxwBgggEgnn0GBwM+jTVKS5rKWiV/d8mvw+/okRUq1qcnFc2i1bTXVbbp7W1Wy6Hto+Kdx42srq31bw/YLIoLvNbxqrvn+HIBKnAIGfu9ccV4d8TY7c6hor2UC2qm3CyqoxhgeQzjDZHU45wCTnOD6h4C8PeZqE8ckbAeWXYSApGWwQM4A5zndnBJAyeCKd4+8IM1zoUc8AUTO6p5XzMYy33sckjGBjPG09Oc5ShQi1dR0s27dbx167p3SStpY4KFXESxPvTlGOttbXVk9bbb/Lbo7fPMF3d21xII768jAXK+TcXESDjkArIAAxyeMjj1zn1bwn4s8RKgS317WrYRxsy+XqVwAxAPrIQRk5Ixnrjgk1JrPgBbeKH7KsjOyS8FW+YYYk8E5Bycg44BOVUVzml6ZqVhJOEt5SVikypjkK555GfunOOQdoyoBGRia9LCTgkuRtpX0SabcW7u3Zrz1+71oY3ERk1GtUi00rc8tfhSb122td3b16O/t+i/GP4kaWsCWnjXxBCnnbDm8kkXhsYbzGO4Z6ZHHsABXr3ww/ar+LukeKrtZfGmpXkOnR7II59kiKZW2/MCpxtJyASTxz3NfO+meGb9NO0yee1mDXEnmgNE6lAWwFZgDgH7y8nryQDw3wlpkqeL/EELRsjB4FJ2k4IKEccAkn2ByMdc48aWCwVaMo2htZqKStZJ3+TST+b6mkc9zGhGThVqppKS95u9uV7Ps9b9LaLQ/RD/h4d8QdEvpbHUL/TdQ+zhAWvNPVy7BQSCVx36nGSOMgDA9J8O/8ABRDTNQ58QeE9A1BmBMhiggt9yg5O4yRk8En1yB17V+P3jG3ZPEepoUVx5mASduBgcckHgZPYZxjHFY2mSTrcodjNAqFSFVgSeQc4JPA+YdACD94kiuGrw3l8o3g2nv7kpK3wu7118+ml76a+3heMM3hBc8qc1aK/eQjJ6tLt83Zv8Ln7oH9tz4BaoRHrfwo0+VJfvyRpAyliByGWNQSAW6A9CMHk1xvi/wCNf7DvjPTXsNY8ELo13fOqR3FvA37mVGBWXI2r8hBOCCMd+CD+TdtAXhyr+XGXbbktnI6Y6Y+gB67h8vXD8QW8yHSiYlx50h3ZJ3BY2JJAPckDPZsH7oriw+Swp1HyVa8Wm2nzy0UbWv3+Sb/A6HxbiKytWwOEqXV25UUm/hT2tvqlq7rtZn6UeHfh3+xprt5fS2vxMn0wtceYDPdKgVs4EZUjIHOSAV+797sfe9P+Bn7Od+I/7G+OWnRboQixTX8OWJGN2SUwOmQSP7xOcCvwq0y0lZpiEC+dNLsABzksBgEEE+uDn0yOcdPJp1/bxjZdzxBXUgRSzRlQ3JyA4PIxnB6jGAOT3ywGIk2vrbbS5UpxjK69131Sbtfz1WutiVnWClaU8qw6k93Tbimt/VetvxsftNffsseEJZ4X0P4teHdWYspyssUrqqkHB/fYIzg/d5wwA9HX/wCyd4oNuJdK8U+GNQWRiymOa3WRyBgARiU4yDz6gE881+NMN5r9mw+za5qsDKqspivbpHK4HYS5AHA64GCM5Ix0eg+NPiFb3EK23jTxDFiQ7Suo3JSPJPJBkIwo6gA9wSAMGfqGMhBxjXpzbas5Qs0vdVtPT00eytd/2jk823PAzgnayhVa6R0vLW976erfn+mPjj9lP4n22hapNp6aVqUg0ufCRXEe8P5L5VBvIAAyckHrgHJIr8cvCXwN+K0fiXX9/hG+Jt7u4jZ0QlGZJW3bGJ2sp45GMD6g19m6Z40+Mw0q8lh+IviJYSk8Ts1yzIVdWJVck8NjaMZAxkkZAb4SHxz+M2l+INXsrbxtqMS22oXSjB+8RISQ5x1Y5zkHkk5HBPv8NSq0MROM4wnOLi5KKaT233tve91Z7Xur+TntPLq+CvRjVpwrXi+Z8zSSj31em2iWj6I+jo/hf8Sba2LSeEtUJVwPkhc4XaAeF9PU9OnTcKwZvh/8Q4DJJ/wietqVYjJtZGUBgOecghc8cHnpggg+eW37SHxxiwo8Y3bjeG2OmQynkZBQ5G3PQ8qec4FbY/aq+OiRknXYJI1IGxrRWzgjgnbjnhfmLAZ9OD+hQzKrFfw0/JXtfSz06crenyuj8zeQ4HdYiWrTfu3b28/Ozsm2lrrodE3hTxotvIr+GNZLGN0P+hyYXnbkAgYGCTu5JwcHgGuCm8GeL1k58N6yNoY82khBGPmYkLgL2/MA5zXSxftafGcmRHn0qYtt+VrNfmXvwVBxzzgHqM+6z/tffFm1leFrTQHHl4UfYlY44zglQQcDORjB+b+HlSzFyXO4QTSV7Xvd9fhtfR3t08xQyLBQny/WJK9nsujjrZSe6v56Nvqn5/ceE/FqRTf8U3q/zRSHH2GXcAUbJOFyo+U9OQBgZyBXj+geFvExuLmVdC1MKLmRdxtHIVtz7gMgfMpJwDuHXGAMD6iH7YPxIJVZNH0WaMxMrKLWFc7kHIwpOMjLE4BAxg5GOR0X9rHX0mvDL4Z01rlrmSXMMUKR5JYsChTq397jJzn0rgqYvnrUf3fvXfLFS01tq7xSWiva2j8j28Hl9ChQr0o4i/PGLlJx6JK1lvdvfRdbaXvzenaFrcKmR9G1RSpOR9kkBx0YcAAE5Xk56nqF51pdP1X5Vk0nUkVowcm1l3k9DkbfXqOgx67gPSIv2tdUZ4jceE7RFCqCI0hBbgZ6x4JJyeATnG7Oc1vW37Wtuzx/afByMM7d37g4VQfWIZHAHJ49PX0IZhKC5ZUpJcy1u3/K3/Wr+/XwauQ4atUdT65r2cFeN1G7u7PTvrr2T18PCanAFVrC9UHIw9pIMAfKO3ABwRkfTG0GtGF7mF0zbTqdh3GSGUK5OTgqVOCMDgfUAg5b3KP9qjwpIsr3PhMK27H+ogbaMkHqnOCO+cnGc9atD9pj4aXEao/hYI+3Y7PaRMPmwCwwhwByeCMdQSRkbrNYK16Uk77N3aS5dtk33drtNX1Zj/q1Sd1DGwaVrcyutOVbuWlr/J99T5/k1I/MxR96EgFAQQCQNoXb3Ocg54zu68tbWZwhkiUHy8g7hk8kjaBxjjOMEjI28kYH0Ifi58FL7aX0WzQsu6YvaFAWPq2V+7knn6kHpUo8WfAC4fdPb6eI2XLxRbosFgQeMgEgkkgDOeRkVp/aVHlTnzJrdq1k3y/LS6v0T6X3z/1ZqKSaxFBqyv8AZd3yu2j20Wrvr2V0/nFtfkdomKKQoy42YILAYz6d+mckZp93rZiVWSAFzGehVgc85OTgN83qCw9yM/QJu/2d5t4EsUazNkFLjaycDaPmbGMAcqCR83Q8DMl0f4A3cUxHiB7Z2IWNRdqQq5G0ducjj5QQBnphaxljcPUTftNVayS/w76LRrTTV2d/LSGQ4uMo2rUmlu09dLdfnq/kz4y8UahG3iSynaFFCR7thzksMkk7funjPHbA4OTXpK+OYfsdjEIXUwRKVYbRjopIPUj09sdq9PuvhP8AA3V9bhH/AAsKSAlQXQyxMD1KjcTuBUAZGAC30Ir0ex/Z3+Dt5EkUXxWt4y2wIJGBCAgEEsGwBk9M5zjB6KPKoYpUKleaqaTmpRdn5Wdt7rrfpr0ue9jcn+s0MLCS9pKjTUbKWmvK9Ha33O2l+58szeNN5UKJAXzvY45znGcEYIzjHA5PTPD4vGYgypMh3HIBI+UDuMLweM8DGeB6V9jp+yP8NbpGWH406ArBAUdmVmXoWDASc5AwcdeG5HFMX9i3wxdKTa/Gbw25HCjfGQ2eBwJMhumQxBPvzXdHNKiVpT1eylB3a01sna26dt1d9zyf9WKcv+XVm+qel3Zp7uy69Lap6M+Tm8YpdWrxmcCMENg4DbiRnPHKj7vOCc9c4qOHxDGrFhJuDodpJx5YG3k57n5c9PY+n10n7CscwdrT4s+FZssF2vJCueuFwJVHJGOv128YrXX7C+tqVjs/iD4cuCyKqrHcRlFzz94yY2jkgMfXpzVxzRpK8oJtxlq2ukdFdaXtdWs7O6WzMP8AVZu0kqj1snpzK7Wm+q0eq89e3y5FrSOYma4zu3BQO2SQMLztH8QxjqeM9NeHVk+zlfODBkLOBjqMZyOcrnIA475zkV71N+xD49tSgi8U+HpmIIj8u4icZ7sTuwu4gfKfu/dPNOT9jv4kIqn+1dKZslXCzRHOO/3/ALrDB45wSPTHVTzCFRWm4Lonfo1FK93e3SzXf1PPxHC+Mg17OE3Zq71fLa2js97dWmt1Zbny5qV2txFO5bIKAqqjkk5wTz0PGMjGRzkH5fHdbctqcOHztijXPPykk/Ljk9OoGcY5IBCj7ouv2Sfia/2mGG60qRVG0qJ0ViR2X5hjjI4J+YYwDXlHiP8AZi8badqlvHqM+n25ncRQuHBBCEFt+CQCTuGGxyMnpmvKzKoq3J7Oadpxb1svsu7t6L062ue3kGV4vBzqOpRklKElr/N7qW+uvd3ta7ex4DZyghASS8eAB2JbGB8o+XIOQe657multLuSGaNjGCwYBBtBB65GSRzyAeBg5IwcV9F2f7JnjmSAT29zpbq0SHBmVXAJO1lBPDHjIGegwcc1Ov7LXxJhdHh0+0umD9Irhdq7QuSOuDkk5AJHPoc64dtNKNSKl7vVPR2vdu/Xte9/QzzChiXOV8JVktrxjdO7j5Pq9O1tL9fE5NVlRxFtAuJGw3zADBBODjG0Z7nJPHIHNW7XV7mA7W3EEkDn5R2yOARg9eOmOcbiPWLj9nj4nRzSMPDk8jIxZmQFxJhcDG0sOOevbgNgZEJ+C/xDtlCSeE9QEu0kYgZgVPXscBR7ds+ufRp1qnWrFR6K61+G/azuuztrp1Pn62DqKNng6vM478kr6ct7X7arbpppquOs/EMSECbKsmSSuG3g8465BPGeuMcelLJr6PcPtDMmVVFkCkZPHyngbmA6ZORngg5Xq1+GPjO3Lm68IaoNyBQy2chAx0w+OcYXPAOATnnirP4C8SW5jx4a1ZM/MW+wysTlgNpADDjpnJxk9+vWqtR2anG7toraapWaulvre/8A28cMsDV5W5Yeu7dozvdcqStZJ3V9XvZt9GRaZ4khhWVGt0UKjAliBvBYZHIGCc5x/eHPOCa934gDu0iwoqyAKpBBB4yBkE5OTg46jqecl03hfXY3eJtI1RGHUvYzZxjpkKCOTyOTnB9Kp/2FqUcHz6XqBI3KGazmwh5Pynb1APBz2A+Vc1t7SdSDUnFPWV7p8z91Plskn33vte6enL7CrzKKoVFZrSVOXwrlstEt07P/AMm0PP8AXtYkntb6IW6BmtpBgFQUznkjAPsMYz2JPFeWeHr2az/1QBBDdQFAbJ9c/UgYyfun7teq+JNG1COC7drG7VWgJOLWYEkghSSANoA6qDgnHSvOtH0u7WABrG7C7WO828pVsED5SFyfcnjr3OR81ioVFjKbV5SUW7rW7Tjpaytd6+S1a6n3mWSSy+a9k4qMldNNX07WXa33brQ73TPEU6QxhkI2NuGMDfyMqcAk5XHT3HpXXDxMkih/LZTlQ4zgMQeAo7A4UENyfpkHj9MtHESK1pMyYy26CVSMfLkDa33uhI9dwU9uiiWBYtq2xUFjw8TttOMbg20dcEknpngBhk+nRi5Qi20rJdHFaJW18+/fzPmsY2qsuWMleSStu0nG9u6S0+a73duXxKJth8oGMMpYNy2QCA2SCFDZ7d+D2NMuL+0mcSi2ALj+Fweh4yMcLkY2sOv6ZUUEe4x+WS3zlS0TAbc8EfLwR+I6Egda0raG2eVFnKnCDBUY2kH5d2MfLkcEDBBzkjJrXll/MnqrPW3T0s9O/fu2uSpU5UnGm76c1027px0s1bXy5tna62ct6silvs2ArAlQcYwRyeVO3PTGM5POMV3mh6pG8KpJCrRoc8kAgnpnA4IyOehI4PpzA06zYsisq8qZGbGCQA3AyvGMZycKc5wATWxp9vDFHIm9cAsSQ2Ay9F3c9R1zz3PQGqUW7q/Lo762vs+717313OZylFpxjaWltNFta99H32tstG7Gxq+qwNPF5cav5KKAykHO4nJB5PGCPbp6VzF1qFrJOzG1yrAEkZPvu4OPTjpgc9asTwgSOzSL0XDAg5bnAwecsCQTnjpzjNVka0ALTKpBB2lDgj5cn5cnhifvcZ756jKULJO7tf07X18/Tbr0Eqs3JJxS87ctvmrp69bX37HmXxCe3exjeJAmZwNpyMjgZyAPugrg8+/Ga8ZUeWCWLZDYJA9TkB+MZ9OQCcevPsPjvL2CGIFg037vcBuxu42gA7gDjOc557Zx5dHaTTEs4/d7tqgnqcA4Ynjg5J9iCMc5+cxbksTNKDk7LW+3w2te+m2/S97XufpGS1LZfRcvdUr2vpu4/JPm0vptpbS1NXURHIJ+YkBQcliOcccluecZPPPFUJiTIGJbhT8oOAMdRnoQAF68g8+9dDa2pPyHcQpbcFHIA53KxyQQQMEfyqxdaPA0iOjIFMYAAPz98sRnjBILJtAPU9MVzujKUVJKz926ba5Uorfd6denTyXpLEU4zs7XSVra9lt2ttprfpsuQiZ3ByWVVOSD3UE4wQecj0GePrXS2V5GsDb43L7SqMGOcADdwMdQQD6DvnGKTaasWSjbiOMKpznA6gE4GD2BB5IxzVtLRAoJbpgHJwxzjOSDgYye2ensKz9lPbRtJK17WWltbPz2tbz1N5YimoqSd1a1m9fud+j+Wj0ukcpeO0rOTkYc4AGCAGyoBxnGDnAwT949sUS8rEjB2nhj/e6YHp8w4PJxnFdfJZRlx1fJJZBnIwW5JA56nnPIAwBxSnTrTayhNxLAkr1UkDPA6Ac4PbqB0rCWGqSk9tLt+V1HRa2fVr0d7lU8dTikuWWtr9NX33266HJxySDCksw5DAk9Dz2wMdMHH170qMwdW64HAwTnn8uc5BX0HpkbLaen7wqDnJ25HLYz3GM8j5uc565zSxWYUrlPu4CrnLEZ6fic+hHzDjmpdBxs3eyae+i22a20s3Z3TSXQ0+tU5qySV+6vZ2S62ur+60reaTtaK3lUyBWXCGI9x1Gcgr7E5GeCOcDIFacNgjW4kLKC+GAA7bgADnqM444I44xyaCW5SdiyhVAYL83XJOMjI/i7DIPWugjQiGIYJCKAWIxycDaR0x83UdjnNb0YpVZXjfRWTu022r6NXSSs9VZJ7WsZV5/urp2emvVfC1tt9zfmNgst6K4IbbwMAnd6EbcYJ2kA8nOQR1rfTSpAkUhRQdoODgt8x54zgA8dc8cc1mxSGFSUK5D8ADIUdwTkqME8DoM9TkVqG7mkClmZEVVUhSc5IxjI9SMngdg3qOtcrScVFX1skrrqvJaqz17q668EZJxalJ69FZ30TTve2lraXvsI/lwlopIYgSfvZAxzg891GeOcHqeOKwbtrYsqQljIrEEZynOONwPYDj8M4q3dK2fNeT5SSfvdVLfeAPAB4DMD0wSB2zreIPcfKRtLE5PO4nkcnGQBnJ/Tmk7u8W11V3yu6fLpbdPe2nle1jOMrQck2uW+ml3tq9/T+tXJa5aFmYAjLnAOMnuST3x36HgcEETzWxkhkZiQGb5MKeRnqGB6AjkDBz+mwtpKI5CgYgrx8pOcEdOgznpg8nndxTpYHigRGwSyFdp6Ak9cAZzjoO3TknAaoJXWyto+mvLu3vpvrq7vW6UeN4xz5Wmvdklur3uvPyWi6WXS5xLWwjdwGDkk8FCMEjAO457cZ7rz64etqoics3J2kDkEHnsSDjjOcAEc5IHOvLCQW8sEsCdwC9RjnOfukYXkDHHrys8Nm82+MjAKqwxwcrk4GBz3AIz06n7wj2Sd4pRvtpa10k0tLW2b1WjSW9z0Y4u0byfa17NLZ2ve22293bdrTnRbruPL5G1eOck5yR83bod3ftjJp+nBU1WeNlJG0bmbJJAxkbW6gYxwSR37gdF/ZTBwqMyk4O0jIVQ2Sc46r7YJyQTkVjxWzxarPCQW5G5jnHAIB9cAYxxnJI54FRGCjKnfVc8U772ajq07pJvulre3MrW1p4mFVTtK7UebdJNKStdbPe3e7bttb9CfDduqfCzW2uEDSmGcvJtO3aVPRugJIAAyDyMdefjyeOzDXJWSEjc21S4VgAx53HBPchSeecc4r7L0hkb4Ua9AG6W8+wAjLYXr3YZBIJzz7Eivgq6jYSueBhmLYzn7xAHPOcHOAR3xxXdXlFKFnZcq6L+WKvba6Wt7Pot9sqlNyVpNpp6Xu+yd7X126LT0utIx2jT/ACOmGxvLPkk8kgc5BPscDOcBtu37I/ZmitPsepxOVVBLKdxDAZZXCgZxjqeOmMD1r4dg+W4jw2FMm7cF9AARk46n+9z1+lfbH7N8itaalEAMzSSlWb7xCxucggYJAHTHIA5AqMNNKvGUHrZpJbfYWjs33Sv66X0rD0uWlLm1bkr3u7K8F5Wvf0vpZWZ4b40jsh4m1kLtZV1O52IcqWxIwPf35PQ9CTXB3FtZSyPiJBtbeF39cdQQDwMHIPIH1rsfGhC+JteGSXGoXO0nau4s+Mg9d23oOucjmuJdwrFmTBIwCSpy2B+HPpj+9kHIypP2jlvL3r7dU1p6dbve3exjGymlGSS5ldtO11y7ebvp0SVtj0f4MOi/ETSNkSFFuoAoLbsYccfNgjLcndknPT09w+PWoxQ+NZkZgspso9y7lGB2ZMggcZ6/hzXhPwgD/wDCe6K5QFHuULYO35EZeBjGRuyecDnpjk+h/tIQyRePZDuAilsYnDDcW2jHVuc5/iC84A9MVyuT5rptNaPdJptN7aac11q7P7zv5W6LcmndvrdK7u9WvNJX2V3vv5b/AGugdxhTHgDdlcjrzjGcjdknJHOepNZaXcE+rWwR9yfa4MgjLZ8wKSOPzGCCTkZJ557ycc5LA8DDbRkHsDkEYB6Z5Jzwc1NpYaPV7ZUJObmAHj7rFlJwMknuuD97j3FS2k481+Xm76q1rtb793uKjfmUZzTV1fVOz0v22v1126H3P8Z7i3s/hJ4SnRZzl40GzC4PljKkkE4IB9gxyetfDN1eW8s3nRxzAFwf3jkncAT/AAsvAPOMAZ+7jv8Ab3xliX/hS3hiLcxlF0sg2kEAlBu/iOMEnOcHjG085+HfJU5ZRvL7iTuxtwTuG7gYwADlRwx2nsFiJJVIKKdnZy6tN8r36avZLfzV3pWdLnTtGy262d0r6rW9tt9d02NkvXn8ncHPlyLjLjPDg5Pr3A4AxjBzzX2Lrc8Y+CJVGZZi1tkkZCgqvBPoc9R6HqTXxsLc74yVCHzkLDPI2gc5zlu/Bx2Xnk19n+JbQW/wOhuFxif7IGQkE8BACAc8kDPy9OcDNOjFSVR6ppJ9OkbX26Kyfz101m6krU21zWd1srK+q3vZW0117aHyNMJm3K6pIsYyrZAGDyMHsv3sDOAcjgnFZURbzR+7PD5GfQNht36YHHXJ/wBrWl82QksGVCBtY4UNjgDA/wB3jdgdQCcA1nKhadT90s6hmHUbHGSVI9TuAHp3H3spQk2pppq1m31fNHrZtJd3a1rrTaabqbS2S2ts92rpPZKyu2tbXufd3hJifgL4iThJBFJIcn5gCBkgDrwcDOBnIHqPimVWbAaJZAGZgATkYYkdDhTk5BIIHvzX2N4UkY/BTxAyE+Slu++RcEOT/fOcAj8QckcZwPkpUyWYBwGUqQ2BnBOSQcEjj5eg9etdWIk37HWOlNJ7L3Y8qbS+WnT1651YK12mpczu9batPdLZrS17fK7M3aGTdtVdrKR6jBXBB4PXGQckZ4zgZ+tdQlD/ALPcqsCzC9gLHBAIAGcE4OB1z7dMV8op+9LKyDaQCwcBQQMYbn0xyD0O3A9Pry+thL8ANrRlke5jZCMEEbhjc2Md89+hOT0GMHF87k0o8iTTbve+rtpdaaWSVtNnc1w0UoTSV3bVvpvfXy0s++uj0Pix1bz2A28q20evHAzxkjBOABjrjqat2Ufls64XmNjuDHBxjJPONxK8DPJJ+923m0wrJuih2EhRtZlOSV7DliMnB6kdSAc0yC0dWfzIV3FSqgEEE9hhfU8f0zk1yyaSezT13ezUZWVraadO3bVzTb9rG0JKzeru7KTT7LTbo+nez+uNKuI7f4BanMM5ktBASq5AyxJ4JPIGG4IA45718ZPMJXZOfuplmYDcoI7AHA6jn06nivt3StI+1fAPUFkbygY9ygcKXU5wSOAOSCc+n+8Pja50yKORo1YFwFXZuBz2PzHg5zxjJ74AIz0JUEqDjKCbppyjKVm3eKs+z+aVtXoXWVZtvkdr20W+iTVmm77aaLd+ZUgkDsqhsFWjyRk/Nu45OSO3QMO+DX3nYqk/wVv2MjgqkYYHjBCDkDPT7o6k8DJyGr4VFusWdiru8xAQWI5UjGCem3jPI7nHJNfoBoFtAfg1qEjRPJGmnRNI4I2pKUK8gjJAJXHXHr0BqUqcm+acU1yWd+isn3WzW3p1ZpQVT2TXK9Y2s009e2l9H+D8tPjy48wZSMbtyqS3AwOcZPOOnAPUjGO1YOjhjrsG5trrneQCc4Prk89sjHcdK6q9kUiRUinkPlKR5UTtnaecFUK7gOoBG3P1rDsoX/tq0Zl8sOyFlcBZMEgkYIyCOchgGzkY4yHJ0JOPLUi9Y6X6Xj91nr0T10OKlTrq96U99G1Z2und67310v10sfWPx/fZ4F+GhSXeP7PY7cj5cIOjH/e4zgHOc9QPkXLQg/xYwxwQT855ByMYGTnngAnB619y/GHwh4g8SeB/h+mi6NfalJBY/vlsYWn8tGhXa77QSBjBJHC52nB5r50HwL+Kz26yHwXqXkOrS75oxHuiA4ckgH5QeFHcDrxXB9YwtJuH1iMZcz93nUXo0rWuna29uysenUwWPqxhUhh6kocsLNQk1pZN3XRpaq99Wcz8L2z470Fnc7/7ShIXOCACrg7lJGOo/LJyDXo37RTo/wAQ9QLPlmtYMMeSuFBK9OpwBtwMHrx04T4eabqFj8RtFtbi3MV5a6okc0JwWjYOq84PIwCMHpjHAFfUHjj4C/EX4q/EHVn8J6PFdx20EBnkurmK2ji2oCdzSHocZ74A6nB2xUxWHoqNetVhCktHOUlGL+Gzb1vr969VbfD4LHYrDyw9ClOrW5k3Tgm5e7y6JLe19L3b1fc+FZo0VkLkbwMqu5Qc5OAc8fxZGOWIOetfT37MdxHbeLdZlGP+QNMcA8pujYsSOv3vUAkHAxnhvij9lX4o+FEEut2OhJPK/wC6t4tZtJZZI3xghUkOCB3PzBhglRkVqfs7+G9QsfHuu6RcQILqPTZ4JERhMm/y3AUSqSoUdAwJ9MAnJTx2FxEb0K0ZuzcnFptO0Utn2V9Lq2rVt86WW5hhKyjiKFSjzactSNndpaNPVb/JLc+e/Fl6D4j15xIVL6pdZ4BAzKxyOTwVwRgZOfXiuVN3JK6IGkwpwecZQNt7HJB4wQBz37V9uw/sRfGDxfcXeu2H/CL2lnqWo3RtJtS12yt5Cm8k+ZHI29CQehwew64HNan+xt490fVG0y/8QeChcLE0pMWu2bxqyDcwYrKRn5SNufrXF/rHlEZeyljafPBqE4pu8ZpxTjZJ6rTva1+pvLhjOZS9qsBW5KnvRnaycbxd1Jv1aWnlfRPgvhXcKlxeuzFwslkMHAO3zYzznBIHIPTjnJGBX6syeK7C08PadY3UQ1CK40+0jEZdQYSkS/Mik/KAV7nk88EGvzW8E+B73w94hutAvZLW6nSazV57KYSW8jean3JBkOAFOcHJUHjBAH6QaV4M+Cs1tDda18VNFtNQt0tRd6Xc3gjlhdIlWS3wXyioeG3ZyRxzkH4njjH03Qw1eNKtXhKcpQVCEpN35XdKyet01drfbU+z4dwOIlTnQ56eHnDSftZx02Wjk3HS2qd/u3+U/wBofxHBq934YsHs3t1t7ZzGUCJnyx+5kCoBkgYyVxkjOeePrjU/DM+g/sDaBeBPMm1nxK04uGJZ0jJJIYAnCjgjrg88Hg/M/wC0jp/gmHxt4dt/BfiDT/E1jcaYBBNYziSK2nOMws247ynTBOTkDrkV+r+g/B3SvjR+yz8N/h9/wt34b/Cy800w3mojxXqltDJOJYyQBZtJHKARklwCARj5c14NXF0aOWYapWhOCkoyhCcZc8Umn7ySbuk9b7avoz38Hl1eWKlBThVcU41JwlHlfurVPZ3bsmrXu3fSy/ACWS5jFyq5mLthX+UFM9CeAc8DOeTjr3ENjrF1ayS+aX+Tak2QoCgA8oSAVGOexzgg+n7R2f8AwSt8DzyTnVv25vgLYwzM8jRw3kbScZAPE4UkHpkDqBnrjGm/4JRfByCG5kvP2+fgqySSHEKMzPsz9/cs3UgZXgHjAB7kc4yuNOL97mcVdKlNvaKa+HTbW9r7WN55RmftHGEVZpNS5o2Wsb6329ezvdWZ+P51KSSNcPOq3MgBAXKlckhixGcEkjnH8OKviW3E1s09sztMSgCncSW+UP8AgeQOzHaTnJr9q7D/AIJd/slWNnbHU/8AgoH8NWuJIUR0gUlY34D7V84nAHGeBwDxwK1of+CaH7DUFxv1D/goT4OkWM5jS3sZjIjdGUMZMcY42npjHNZVM6yyMFNU6klotKE73916+7ru29/npdxyfMJVHGTpwkrN3ldNpwej1T17W11dun5J+Bprdrg6fAVi8pSokmQsXMpAVFJOS56BSCAccnpX0J4q+G3jLwFZaJq2v6Xb21jr9kb+ymWeOR7m1CFkdlBJU/xexB98/opp/wCwP/wTo0eaOS9/b30+WVMGM2umy582M5WQEMckYyBn0PIAx6Xefs0f8E6NSitrHxB+35qGrRadAkFks1jO4tIyRujiV5CApXbgY+Xr06/PYzH069SnUw9Cr7Nv370mm17trJpWS81Zpep30MoqxjJVaseblai1JtK/K77Loloul30u/wAN9dEV15MksZhLuxXygS33cKRw20DJ+mcjAFel/BDxjrvga8stQ0HVhpt3BrUOoR3Em4NKbZvM8raxxkhRgEHGeSe36vah+yT/AMEoptqn9trWzPbKA/k6VKVdt3zEHLYx2GCcjHuW6f8Asyf8EhrUwwXv7Y3jN2tyWbyNMdR5rZBdWxuO7ngdBuPGeePO8NQzLLamBxFD2tKvHllTlBTi1Ky5XFXvLo00tLXN8uwVTD4uGJTSVOabtzJu1lvbra1+l33SPFfiB8f9R+IegaVr/izVXfxHca5BcNBgSQwWdmQEk8sYXzG2FtxGccbsjj5u+Mfx88SeJF1HRtCvpo9Jkt9l9cwO6vctHEFMbqjj5TjOQcAkgAcCv00t/gL/AMEX44lS6/a2+It40KSbv3RAXdliFVjjvkZ6AZGBhqp3Xwt/4Ic2Fu9r/wANCfE29kkBWeeK2eRiCCCVC55zknJyTgAA4r83y3grKMrxFKX9mqq6Ep1KMfZKUKbnJTcUtUnzPRaNNWvdM+qzbE/X8OlCqqcZJQk4uUZN3SaavbVtt+SvdWbPxL8IeJ/Hmlx2nijw/rMGnv4e1G01EWckYdrqS2nU7jFIxD7sYJVS2SGXBOa/U3TP2/NZ8Q6SNO13SvErSa7DbWniFI4mtdMuIkt44/NhEaI5jcAhsOcD5cD5ifRbXQf+CHOisbWL4ufFe/WAYR/sMylyrbiWGSGySSAwI6YOMZ77UPih/wAEZ7nRE0lvHvxcu7a2eOO28jTUglVIwAqCWOEOV+UAglie/Q13Z/lks1dGDyvEOmlDmnSi6U48rSUIqLs0pbbLztY/M824MyvHKFSpib4mCTirc8OZq19Zcq0dtLre+u3Z/sxj4saz4T8QeNNN+Flp4t8AX0txY6PC19ElxpmmQlpby7t4p2JQ7QVBK539z3+Qf2gP2nYL3WtX+HGnP4j/AOEMhlm01vD+rXEV3p9hqM9s8TJChUo8kc7Hy2UFQc7eQc/Vdv8Atm/8Evfh7pQ0/wAG3nx5vbK3tDbrp+nX13p9nNG+TKJIQ6x7piW3vtBYsRxnDfF3xS/aZ/4JueKNbGp6F8E/inaRSP8AaZJrnWoybnUUXMNw27LljKoZ8kk/N6162FoYqhgIUFhMbOpB2hGV5KMVypatuzUVZxk7c12tGz4rDcAYzDZxQr0cdRw+DjyylSbak5KUJOV0r2fLezbWvY+ZNN8C+BdA8FeFtavvDs2oeJT47ifVbfVJZba3vdLabKWoeMKFd1wxOFIXByRkN7J48+EelfE74nahZeErTwr4e8Pr4ZtdRSGW7af7JciFSY/tu4+aUG4bHYkcKxyRnpvgn/wUK+CHwk8Pap4Z8Q/s6af8VrQ+IbrWtMvfE9zBNe2NpNvS1sncD5RDEVUN14yRxXr6/wDBU/8AZ1TzZ7D9ifwpaG6SVblzqQR5Y2OfKLBwdo6AKcBeMjqfnsZlmeV6zqQwFWFSUp/v3CDlGM+XlT5W01dJPrfX1/pLAVMow2Gp0pYyNRKjSjJc7UXOKjey1s79uvofFnif4U6f4NsrUeHwmt+JfOtYL+MvBLp4hZVkLW52EAdMjJYZIPavpH9m3413vw5+Ltg/iFdJfQJrKysL+Ox0W2vL3TwHQO6B7eVUbcMeYwOQcck89gn/AAVG+AHkoV/Yz8EL5c4li3Xxkkyh+VWIfLoG4wTwMjBGAJvDP/BT34K6F4pm8Y6b+x74JtNXlGwyKySJ5ajIQwzbojzhsmNn/iz2Hl5jwfm+c5Ri8DjKNVTxEHSVSP7ucU9OdSivda0klfeysdmFzfKsFiqNalVjKEWnKN1ytJ6xbdnd682t7tNbn17+0P43+Bfxz0101Ge6v5rGXNlY3GmW2iW0Pkx5immntrWFn+fZuTcR2xhufkfwt4Z+EdtbSG/8UXMdzDaXwm0PRvDrTw+SkMnkm4up4nZ487d0kbAHBJJOK9Im/wCCwngnUFnmb9lTwLLNNIWkaSHT/LKLlQgwgRVAHzYHJHJz1wD/AMFRvhrfGe6vP2Y/hwwnQ/u1mhtiinho1MAQsvzHcjccn5RnNfJ5D4T5xkeGp4bDY/HtOr7Sqqs3USvyt7xu1K1nZpu2vU9rGcY5PilKEsPh0rRikuXVaaqV1K91rzSdunW/x3+zFq934E+JXxcs9OMtzq3i7R7xfDFtcWkqwRQi9SSJhMRsjV4wSw9yGXJ21+zPi743yap8CrCXVPGF7o2s+FdHEOrWmj3JDXBNs0S21pbW4VkDHPmvtJzndnIFfAzf8FM/hZpcrXGjfssfCqwUgRmcM73UQLKXWObf5hQlfuB9oBPy8VTm/wCCo3hcXU2q2/7P/wANQkyrC9oVLwNEpyQ0cjFCGPOWB6sCeRji458GMz4zzLLMfUi+fASoyiuWz5qTi04txT5m1e6u9epllHFGU5XhqtBVVH2rcrOcWve5XvdfC3Zau6vZJb3f2aJtfi1TxN4w8DjSLfw7fmRNYsvFNzdQ3Gq6vI7FiquyNKkjEFiN2M9fX2Px3D461GO1+y6R4esPFCXkFxY3OnXd6ljFGZA8SySb9iwjoxOBjkk5Neaab/wWPsLSBbPTf2b/AIT2cMJMiKtlaJHvX+MqqgM25c5bcc55IINb5/4LU+I5LcOfgf8ACZgjFNr6dZHCHqpPl8gjbjJC4I9sceZeBWeZhmEcZVVD3acKclWpKcnGCSSuorvre9tLrod2H4vyqlGUI1Vyyc5X547zafNZR0t0SuuzPPPjF+298Svgu994cvINE1PxnLDZWl1f21rLcyadOyhFlgnjRjJGvQFfvYOecCvzY8W/tJfGK98a3PjQ+ONestavUjjxp66jDFDHNt4gC8LtyOBnheenP6Na7/wVY8N6zqM+q6/+zD8GdWu3i8kXEun2jybs5WbJRjkE4GflUKSOxqa1/wCCpfw1isYopv2Tvgpc3JfMs8thaF8HgHaY8DbkYJI54HBIr9J4S8Lsq4dwrc+HMJPFSi1VrKhGpKs9E2oyh7vM7aWSVu9j5jOM1jmNZOnmvLTvHkjGo1yuyTbfMr738t2rs+cdO/bk/al0/wAEt4Gn+O/jbTNEvdDuo7oyR3bxS2k8Y3W6v5ZYyyBtq/Nxg/xYNepfDv8A4Jo/Hb4qaX8P/GVv450h9E+J2ltqkSSNJPLbQ3BZheasC+IppmyWDqGGcnnp6XqP/BUfwXcW8duv7MvwLFu9s1u0N7pdvKmyQnA3BNwbGQDnHHB7V7F4P/4LbeMPBejx+HvDfwx+CmjaMbEWcVidOkmS1jUMAls+SYQuTtERA6kAY3V+g5XluDyySlh8jhSvC0lRoRhraPLFWitE79Gk73dr3+cq4N1FJU8yw/PKcXeVVrm+Ftzu9b3s7287XPV/hR/wbZ+LPiF4en1X4g/HnRNCsJvt12bXw7amd2061ieY3DzLJtjlUpl1IJIPOQCR/Kf8dPhdZ/Dz4zfEj4eaXqLeItN8DeMdR8P6drARmGpQ6bcvB9pYoGBd/LBIBwGJAPBr+lLxv/wW0+KOueDk8O2eiaDo9sVnguT4EvZ9Muri2ugyT27vO7KEZHKt3wxCnFfmcfj/APs0and3Vxqv7PE815fXtxfXt9Nrls15d3dxI01xPLK2WLySszksSwDAE8c/U4bNMRRpUpUsqxKkvjacUnflSSjeyUVfbV6aM8d5HSqSqxx2a4SCnKLpRpqUrR3lecVre6Vk9OVW1dz8uVtdUa2/d6fcSR/IrBoC20pnDAAngZ4weD7A1Gmi6l5f2uXT7hGQkROtu7ADJBXONvIHIwRjJJ9P1cg+Of7K5QiP9n25BVj8v/CRWYwwPXBODg4PdRk9cYrRs/j9+yrAqG5+BlwsVzOIHg/t6wkjLE/eIIymOMsMd+eCa7I8QY2M21leISulZqN+n95pvt/SMZcM5dJu2c0raf8ALqduj6K7+Fp6ttvU/JK80rXL/T5IY9Pm8oONzeQfmZj/ABZB2j5iNrEfNkkjArnf+EC8UxM862BcJH+6PlNwCQcFRwcDgHGRnuw4/YK/+Pf7KQurmKH4BXO2GRQVXXrYQOMAcFSNzdcEE5OcHHWvc/Hv9lB0yf2eL2MCP70fiGDHqOA49SMn6YIrujnuNa1yrEtpRsuWmrp2S+02tHdde2pw1OG8u5lfOaSi9/dmmno29I9dWrvR7Wsz87PhtoE19Fd2Fx4V0tZo4wH1zVsKAuGaSONCRlmOQFAOckcZ5qfFZBNp1hoT2UFi0HmOZra2MCXOz5YQGAB2YUNu3ckcc4A/RmP9oP8AZShims4P2er6NXj8wyNrKgGRRjduDbSOmFGARn1ycuT9pL9lu6tj/a/7N8esPbZjgFxq8a4iXhUHOcEDBBIAwaznm+bVJLkyiuoW+L92mrWVmlJN72vq769DSOQZLBRX9tUFOzveFWz1i27W3sl0b0WrPyRtdHvbVY44nt8ynewLAqSRgHkE5x1HQcY4INTPpF808Qna3m6kIXUBRnPPAJyOM98+mSP1Ru/2iv2SXCTJ+ydoyoigPHJrh35yc7sSgY6/iuMHPzZ95+0R+ytK8C2n7KXh5M7CzDWCzkYGc7ZAACQevGOppLMc0UW1ltdtNJRvTu7crva+y21f6GbyTKOblWb0klZ3Sm19m2jjd636O+58d/s2+H2k+I/9qTWiNHolnNdxtwyRZBQSNwAMkgANn1HU19Na/qs00ev35YLLmdHYEKqjYygEnk8kjjHBBPSvRLX48fBzxZbXnhLwB8EdK+G+o3k0Ym1mwunmkurdE3GAlmZtpZckAkHnHY14r40uJLXS9YZECwpNmfafvhWXKL3+dMg9xnqOMfovDmKxCybEYivh5YavJVLQk05fCkruOnvN6a3Semt2fBZ/hqFPNKGFw2KWKpRcL1FFpczkubTTyXSy26o+Y7/wdaz2898BprXUju8k7zp85kcMS8e4NkbsfN908AYAzgJ4PhKFp5dMXhM+U4DY44ADdR1+bpnnjp91+EPjf+zFZaDY2niX9myXX76GGGK61FNVeE306ofMndN4CiRwWwFAHJHUZ6yL49/sllXWD9k+1ChkAWTX1Q8Edt4J+Xg8YGcHHGfyatjs79vXtl2IcXVk4ybp8so3Vmryvbuu97K5+jUMsyf6vScsfQhP2ULwvU5k0op39zfpa63Wurv+eEmlWb6bc2Ed9CivtjCKwVYkGON2fTAODggnnvWHb+BI2QNHqNm4hIwryxguxxwACCACckYYnPB5BH6Wr8ev2Q3zG/7JOnlmcBiPEQBYgcg4kyckDnAwDgnIyNIfHL9jSSWDd+yBY7YgFZR4nILOw5ICyrySQM4IyRg1pTzDN6cf9yrxuldtRbT0e/NbTu3vcznluVzl7uOpSS2S5038OzcXq0737p6M/Nr/AIV/dyCBvtGn+bISRtnj4B3YYndxjqOSWOMGus8P+F5LK2msjLZhy5Du08QRmJ5xlmPy55yfwwefv0/Gr9jiSSSRv2R4oY4wVj2+KpAoA6N/r+CBjIHH1rST43fsWRwoV/ZIg3EBpJJvFMuTxywxODjB3DIABPPAOVPNc15b/U6stVZaNu6V73lo9Plez6jhlWWXbWKpX3vzSdleK/l7L/I/P5vBzyXDxxXMDOzqQqTxYjPJJJyRjBJH5AnOapwfDe5l1GeWW5gEUJVpV+0RiVlHBQEn5ieuQo55HbP6W6P8a/2KnRAP2U7YSSeZKCPFbqp2glQrtMeeuFJbqcc/LWMPj3+x8Wjuj+yeHiSSSOWJvEz5kCyHaVKzKWJ57kYAz1yChmOZVGufLMSndJ3UEo/Dqryaelnom9LW3aKuX5fFa4yhq0025O60vvHS9/O93rY+AoPAsMEl5Mrr9njC7i9zE8igYOdgLHdgnHX88Y1otCmgsbmWzYmzmUq6GWMNK4AAVhlSAxyBjgjcflavumy+M37HN1eOx/ZXSxju97P9p8UTJHtUfKqE3AG0ZHbrk8cCqWm/tGfsm2631sn7Mmk3ZjkMEFufEMuAoZsOT5x6DaTk5PQ9hXQsTmDnb+z8Q4tpt2g7ap6Nydl6aXX3ZSwmWwpXeOoxa1unO/2XZabWTsl10Tte/wALWenwIkscOnQrKqKJVZ4iVcnOVJGemTgYOM8Dk1vafPpcEL288axPGjl2iaKQMzAqFk+XKjODnHynnJIxX2fF8a/2ZpRd3Ft+zT4ejLHzYvP8SSKy7QpZdpnG7GMNjLEZIzkCun8PftE/ssaRCl1L+yh4Uvr2VjFcGTW3dZDng7XmLYwcjA9AOenROWKlBv6jW5tHqop9E1ZTtr/VrXMoYbLmk3mFJJ63TlZp23XKracyduvRKx+as/hqzuLy9njltIopDnbLIvmHcMA7VIIGTzjkEjJwBjpfD3hSw0WS1uJr+2mDpIyLb3I2jeGBBUkdeQVycA8jFfoDf/Hz9my8v01KH9lDwdbJ+8822fVZtsg/gUos3CgDI5znJ44NXdE/aR/Z20xJ3T9k/wABXcbmR4oZb+5Y2+7OFjP2jdtXIOTtwR68VDxePivdwNZW+C8qaW0XdpSvu2rPZ7u1zenhsojfmx9OS0e09E+Vrluk9N0k3a3c+BrLw/Do91qlzbWtpc/bEZ2SW4t3KBuflEi8EMScnIPIzgjFS707UI7S2MFnpjrLKZXEkkEjqP4txU8DIyQTxgjvg/fl78fvgNqovJH/AGUvBVvLcKPKlTUr2NY8Lxt2zhSg69s8+5N7Rvj5+zbpmnpC/wCyx4WmvzEyTXDXt3KgZyVDBDcMqlTwowQeuMcVUcVjpRUpYKSlbRS5G1tdK0neTXy6JpkuGV80lDHLlS0abTekdk46ve6vvZt2Pzng0i/F0t2+k6ZPHcTIm4lBEih9rO75CqOwLEDuOMk9P4lv7CTyLCw0PQoLWF4UliLpIWmVQHIdSf3bkbmyRxxgDNfoCP2kf2eU042CfsweEURW/f7ri7LOMkgEmYFSCSBg8kj+HOecHx2/ZvljIH7MXhQODI5Ju7vO4528+d1B9wMgY65EfWMfJJvBzTtolZJ6xfld7bLTVJkwllMFeONUm7X5r6Ws+2qV9dbabWWvw/bN4e0yaK/1nw9pV/Gzx4ghuFSM4kGUkUNkArwM4AyMdTX0Vp2rfCi6ltCfhT4QSGOJbqUzayFeZVjDtE48xNrEjO3gkNjA5r3Dw5+0H+zXbFluv2YPBt1MYpW3Xd1N5QZfmUKHkOSo4yuBwPatC1/aW/ZnE0813+yX4MvIpflKR31wiqVwv7thMDyOuG5BIGeoznVxMYWjgpyk7czlytxV46ttyeu+ltLa30OqOIwaalHFwcXFNJKTcrKO+n5paaLRK3yiPjD8LtD8bT6pZfCLw1PpcMaRtpRuTOnmE7X2kvllYDjrxjs1d54r+O3wi1Lw1ew6T8G/D9nqV1cW8jWizxFYoMgl4Od6OMYZA3PoAcV6vf8Axe/ZN1KeSc/sk6Baee6kNDrNzCYiv9wmbBJ685B5A4q7b/EL9kNoNQlm/ZotY2FuGzFrxDlwoAMYdyzHjgg9dpxxXPBzTjKOGnCW0/NNJScbNbb907JWTOinjqcoyi69Kyd4pxkraJK1lvburXfXr8dXni7wl4vufstt8OdKsktoonFsL5LZXkiUHcQzgEEjL598EDg6Hibx/o1xDYxyfDDw/DNaJFaxtbXiyfaIowV/e7GZSQ2OeCPmAzxj6OXx5+xvOQ8v7OOtQXMkZEs1v4h2M45AkyrkgKO3XAwOhqBPFX7HsNsUPwP8RJGrCVNuvrJMxzkKGZycA5JU8Ej5cZIoqYCjVnCs8NGclLWUo62bTV9Ft71lqlbXqVTz6pRjOj9ZmqctnBuMZJNaW5drbe83d6a6Hyo/jXSbSVpJvhnpJ82NUQAvv3N0WPLZOBgAZHfgkUl94z0+2i3H4YWdrKhilicK+94wwOCrOQUbk8AArgcYyfsTRfFH7F80Ttrnwf8AG806zmaLydaj/coOY1UlscEAe3PPJro9S8S/sO65cQT3Pw8+ItjcRW626Sf2tEVUAfKpGCpUY25APGD1yB0SoqMVFUY3UlFLku2rrR3ey0b131eyvzvN1KpdYmpZWdpLZ6XV0mr2tLdX6tHzlP8AFmzh8N2d6vgrw9FLdErDzE11G0CjCPG3zBWJ6Ek9efXxG/8Aix4gvEuZpfDejpFPKQ0MNoqtIqMCmNvOwcHIPOCMfMBX3Qlv+wXdSQLceH/iDDKEfeEv0kVSx2q6JgdsYwcEj832vhn9gaa4Eb3vxFsdiNJ+++dkzjGAuQOFxySMZz61m6MaaajST5r3UYvS6jfd26O1r6tlVMyliOXmxMYOFmveV5fC9dF0v17p6anw1F8YNaNhBLe6VpRu7QmO2EkLGSOFP+WATO3aQTuUc8ZB6ivOtf8AiHqniWKRr3SrSCDz2cxW1vtLFT1TgcHII4yAcHrk/pWfhz+wVdNHIfGPjzh5d5+xFwoBK84Tpzg/j0GSa6/Bz9gYz+ZD8Q/HCSDc+ySycRjK5+4RyAfvHHynqOcVnGhhaKU1h7NWaag038PrZ76rTyWhjPHVqyUJYxSTSuuZq691X9bdE7PXc+Vvgh8ZPC/hfw/qmnaz4WkuHvIruNbiOGPfMGTCRzAoWMSk5wMYy2MsMV5Guo/Da41K71HVfBlxfXE9zLiKKZY4hDJI7IVj25AAPUlgB0ByQ36Cj4T/ALE9t/x7/FPxrHcSnlI9JeRUiZuQqgBcjgsQMFe2KfafCj9jn+0WFt8UfFjXDlUi3aBIVwy/O2ApyR1wcjPXg06FWjgq9TFKjPmrcnNvpyqyai9Fu3vfva2mVSdXE0YYZV0o0pNptqL1Uet720Wid9W7X3+NbTUP2evszpe/DjUN0iOrSfa9kjNtJBUEZOD/AHR1Bzt5rptLi/ZavdT8Ofb9E1/RdEhGNbjgdZZ7mIH94BNsPy44LLgjHBGa+sNc/Z//AGUI49Ivo/jdr979s1NbG+tIfD86vZLKwVZHchUCqCSQemDxwKueMP2KPgnJaSJ4H+PMN00qRC2k1fTntNP86TDmJrliRmMYEhIIBU84zjrxmZ4TEQalXr0Yvlj7kakbN8rSXLFp36taX+ZlhqOLpxhFezqN2bu+e0U4t87baina1ua/5nl+h+CPgJq/i5IfhPpt2mgxLELC0upQLjUNTuHYC4Nu5BJiUDeQPL4zzya9q1b4f/CP4vtqEHjjXYNIfwVGmiadZXmpxWi/aFRfNYrI2DiQHIGSpzxjivrT9hf9kb4V+ENV8a658VPiL4J8V69p+lR2nw4stG1a3jgF+U8ySa8YOVIQEYAywJJOcYr5k8cf8E2fi1rWpalrp+I3wyitdW8QaxqssbeKbeOeKymuppYVni80FpI4WVQATkL3FdWX8XZZLB1MqrOtGOHlD97WjOLq3ataVrvl01kl6986mT4tYpYqMYTdVXcacotJ6K1m2lZ20UttNrI+W9d/Zl+C1xdf2f4e8baTZzbmeWSfUI7iEsh/5ZmMgsmQOMjJPTtXm4/Zj+HIa8SH4laNHcQStvtk2MZT/D5fJIV2O3vgHIIOWr6ysf8AgmL8RtU+0XWn/F74Y21laIzXDzeIIkZmDHCo5mB6HBGRxk89tfwh/wAE9PiL4F8XeFPF2t/EX4K3nhqDUfN1C0v/ABVaT/b0hbzEW4hExdUkI2jdx0AOBxhis9wFLC1VhrznCMnTcYTk5uMYuMYNRbad+Vybabd1tdb0ctxMqilUUYXcea8oqKUnHVJPS19e6v5nyj4l/ZZufDXhAata+L9Dme4iW6t7GxkUzyW3LKr4JZZWGCCMDI7ivmi18J+JlW4SC3naNpHWKVpdgPlsQWA4ViMYIXODnHUA/vt4q8BeGtD0TUr7T/E3wlvPEPiW6Gn2vh2K9ilg06PftWS3uWcpFHt5QgLwA3I4Pgmhfsu3LeINbh+It74JurS10ybUNFTRdetba2SSdd6QOQVE8hyCVBHzkjGDgfL4HiPMsVByllmIUk4qDdGS5k1G92oO22rau9bdj0HgKdGcf38Gm1G931WvNJJpJu9nZX0XZn5j6R8MfiN9iW5Szu/sNygkDyOoEygBmKr1cZ5DA5OB3IxUv/hx4osHjnOiuhuRwWdW3F2Chyv3gDuI+YAFh6YI/SSy+EHxRGizfYdT8FhdGuJX0MvrcAmt7TeWitLiNmCyFhg8gnGRgn7uZ4W/Z1+NfiLXJr3xL4j+H1it/FI3m3OsQNawJyVEcSsoQjjAUL0APPNe/gsVnWJlFwy6fJJWX7uSab5Wk7ppWvZ3Wtr6I5qkMLGNlVlGXMrXd7p8t1d3ta72XS97Xt84fsn6nefDr41+Hby/0iK4imnWxu01Gz8+xVbkhRJIHVkjjBIXOOp4ODX6XftYfD3wR4gvvBmu3/iDTvDeq3t0YJ7XSRBDp4tiQ1uxSKNceYM72bp2BxkeP6F+zN4g0DULi3uvHfgFtTui0kGpJqUcixBH/dmP94QChXgckrwa9Cuf2cPH3jDFt4l+JWma/wDZpImthYrFPHbrFlUbIyQFBBYEgYUdcVw5rwVnWdYvD4ylKvhqsYeznSXMoSbXuyaj7rs5W+F36nHTxlPDVYc9WCppqUo2d5NNe7eOyb30ceqVjE1T4M+JtI07T/BFn8RvCNt4W8UWguHeG3hur5Y7hQ0cMcqgsZW43SArgkY4PPyB4F+DqxfH2P4Y6vcmxtn1UCfXpWYafJaJuYNMNwAMwGWUMOSB1zX6Iab+xD4/1pbe6k+L2nfYLRNixwurXNrGoyqxqPnj2LkHBXGASAcbXWX7C3ha0vbrUPEnxfvdQvpHLloftKXccgGAFmJ8wnJ6BtvAwBgCtcn8NuI8BXqvEYxTVaK5edxioSVnzLmfLtfS3zb0PexHEGS16dNUqUvaRklPWUk7JXStfbpy6663aOE+If7P/wAIfBMa3em/ELw3qtx4kuf7Di0WR1WC0mlwj3rS+YTF5XJYFufcEV4T4L+APwse98U6L41+KVpot/o98Y9AvNPYTaY9o6M5l3KTvkD4XbnIGRxkg/cml/sdfCKyihmurzxH4oe1lMm2YXEwd2GQwZlJVm7MCD05BPHoOifs4+CvLuoPD3wk1S8mkY7bi6sp7pTIOkjI2SRnJIzyCR7171fw3zSuuavnVLCuyTdOpG+iWtmnddd7u+jOdZ3h0lGOElVV7pyUlvZ26NpOzd7dVazPyf0/4BfbvEl/bWF3beMfDNkUkk1XS5mW/wBQWV2CmO2BLIOMtjaR+Oa7mx/Y8g1e7uBp/hzxEIrplAN+ZIUjcgnl5F5UDjIOM9t3Ffr34K+BvxH8K30dzofw50nTLC6Tyrp2slt3SMEAs6zpkODuIxgcZXoM/Uei/A3V9TtY5tRk1S9edVb7JotqIvIZsgxtKQwYghQNpCk9cAjPXheFcry6mo4/OJ4qpFxV00lpy3b5XfV2u+/VJGNXG1qrbw+DjTurOPK09kuZu+t9V11un2Pwf039hHU4Y4AYLaxUKQWnmW6dlzzmNWB4wThQQPrwfStB/Yb0WFUTVZ7rUoyxxDp1tIpQtwykgbsA4znBPqea/c+x/ZwvxFDJY+Ebl5VfYJdavtzsTgBzHHsIbkHkj24Feo6T+yf49vIFFtc6TpEcowEt7YSyIXxnLAksBjdkjk4BPC59Fz4SwnLKbpVORJvnk7v4UnZXe6dlZt2+6HDM6uig4K1/ddtNNErXtZ2Vl27WPxR8Lfsa/DywQ58FXt7IihWbUcqjlSfvccYyODxz1wc167on7OvhPSJY47fwP4dtkX5VNyIJGQ/wgq4OQeSOOpPHNfsbpf7C2vXBjfWvHEzCQr5scEUiDbggglSMHAI4GcZwTyR6ppP7C3w4g2Nq19qmpThl3HzZPKYgYyQWPPBUqSDg9eMNNXifhfCcqp4WnN2i7xopr7NtZJa799fVmVPL8VUadadSOtnzSm+2lrqK3SStp0fb8Y7D4YeGbORUK+HtMli5jW2sbfJUg8ZCEtzkDqT9K7rTvAtjIwaytdQ1GVMmJtN0ssM8Yxsh5O7pzzwcg4z+6fhr9lf4L6I0cv8Awimm3U8aACS6VnYkDGW8wnnjJPXqDgHFeyab4D8E6HGkOl6DodqiZwsNpApAHAXcV9OCcg5J9q8itx5g05PD5dTslK3NyR35d+Vbafm3dnXHCUqS5ZSqykn9lb2cXo5X9LWdtux+DGifCb4gatFH/ZvhPxO6PgCWeyNtEoLAFiWjBHAPOc5ye3PsOifst/FnVI4g+leSpGCuoXCuFVjjO1MHjkEe/Yiv2fntdJaHywsFvH1CxBU5XoAU2jbzg5HU5PYVFBqvhywjMbzWymPvJIq7jj5cMzNknk5JG7Pcgg/JY/jjO8RN0sJhqVGLsueEXOSWll2vrezstG9Wj06EcLRp8/1WrWqvTlleyWlpdFpokrvW2mx+YWifsVeNpI4TdajY2TqytILexPmEq2doY5ypIGcse+Cvb3nQf2PbqOGFNT8V6i5iB2x20UUQUHkAEID/ALKk84PQdK+q9R+LvgfRiy3mqWMOxsEvOjEkjI43ZGTzjnn5s4rhdS/af+HFm7hdctJDH2EqKzE8EA7zk8jqCDnjJHHzlbFcRZjUi6tXGWeijSpuMW20k0ku97d1Z6NFwxWOso4fA0KcW7pzSb1afVvv8u3VYWjfspeErb/j9uNVv5CSzNNcNGAScEqqkAZAA4IPIxghSfSNM/Z88AaYn7rSbUuvys82ZZH5BwxkLbjnOSRnnIxjB+fvEP7bHhHTPMW0BvsHCRwMqsOp5bOMnvjp0wTyPCvEH7cniGeZ10bTLaGAnCSXEu08jhmUnOcE59CAN3Y5LhfOMYmnRxUrr3ZV3JRTfKr6u9rW3tfay6N1s4k05Y+hhk3flhycyTcXZqKTWm7731Z+ktr4M8M6UoitLKziVMBRFBGAfyAIx3z1IPINSSvo9kh3fZ4ADzukjj6nqBkcc8cjoMYzX4769+1n8SdUaUJr1rpyMDlbUgnBOB8xXPbPOMHHIGDXmV38XvF2uyO1/wCL9TnQ/eQXDQR5x3bcvHXjk8Y7k1gvDrNal5VZ0qbT+FXk7Jxtay1dm1a+7una5fsuacViMyqV5tJ2Tersnpqt/u7dl+0ep/EDwppYf7VrelQiPgk3ERIIBO0gMcHHQ+pGOuR5XrHx3+HVqHDeIrd8sSFgHmFgDt42kk5xxkY46EdPyaPiaz88zat4g8xNoBV53lfcf4v9YwJHO7JI5zwMGrNr8QPh/Zzkyedf3EYLLIV3BWXO0gKAp78HqBwvTPmYjw3p8s3Wc68loo8ko2uo3+Ldb+SWzPYwlPAQklepPZuUpJN/D0u3tr/knc/U7T/iFpXiZTLoeoIykNua6TyyqhsYRWAJyMjpnuD1x11hfInz3eowPubDDeqEE88BgcY5wR0+6T2r8r0+PtpbPF/ZlnGnlBChcpCGCg87VCg5zgD1xxwMVZv2rtQadbW706ViM7I7WOWVpSBhR5ilVBJHyjJLYJHBr8vzTw0zSNao8NTSpObsm7NXafNdX301V3t1Po408HWgoe1VNWVmkm9LWXN+mra0ufrtH4j0u2U4vYAnQHzUPIH8SkEkjjJ7nGMDOKE/xA8P2oZvtscjL98RlGwCVycKMrg88kAZznIBr8jm+NnjPxNKY9C8IahCw6T6hM1rb4AHJaRgBjOQTyAMD5jzy+rX3xF1CaS48RfEnTfCGjIN91a6c4nmRcEspuAxVWGcdsHk4JxXHT8Nc0VvaSUYq2ij1dr9PebW1/JPoc6y/KW05VqlV9UrK7ultfq7NerP1R1/43eCdL3yXWt6fZ8qhRp0+0FsHKiPlz7ggZz16keTah8Sde+IS3Wi+EvCQ1jTLyKWKfV9cQW2lGJtwMq+eVSZkBLLs2nKqcDkH8kfGH7Vn7M/wbSWe1urv4k+M45CfMvrg3lvFdDJyX3m3jG4KfnG7BAYHO0/nD8ef+Cm3xw+JUb6P4Z8Rr4B8NGSSOKw8OkQTTQqSAss0AQD5AFBTA5J7AV9RkvhbhqdZVcVKbblBymrJfZulF6JWvdOze13o269fBYOnFUKUVK1oTnJ8zbaTaS31slzNK7ad9j9Vv2zNS+Gvh/4Q+J/gd4EvV8S/GvxKJp9aEOpG+0zRLHl57FCsrRRbgdscQPy4CkZwB/LH4s8I6hJrF/b30SWdzY3TWs1tIrKUliOw/KQpK8DPHTuc5H2D8Hfi9dXHiWfUr+/uJPEYuDcXF7e3TTzatbuw85HeV98khUZUZPOcDAIX2n9pX4P6X4m0rS/ir4VhiQX1sG120tQm3zCo3XTeWCSVYnzOARgFutfuOS8MYHBYFLC63d6trX05YaK++ictfebbb6HzNfOav1j2M5N3+ByknJvmStqrJLZRT0aSvsfmJp/w8jkTN3qsMUW5wNi5wCwODyehIyCdw5HJ4Pc6T8MfCKSF77V5bhVRQrQpjhhnay5Ktzk8gbu47VswaFcBXgRC6k5ZER5GcAtllGWw2RjnjjIOCBXe+G/D93NG6QWc8TFsbrmDEeF5zgAHadvJOOTz6H1FlVFNWiuXT4lu1b+70333Stq0cUswqO9oylK7S91ybtbp1V79U1fS5ydz4Q8G6e87+VNf7bZRbJhi6qwwQwwOT83PTgZVaZHH4CsbfybnR5R59uygIN7Fx2JGQAOh6E+nr7TpPgUS3dxcX19bK7GMLFCmXZe6gZyFCnAXGVbv1z1sfw08KS3cAvE82JEZVWYLCgB+ZsMT8uSTlTnJOeMnOkcFQj8UYWTbd7aJ2dnZJroru9/kaQljazShSmua101b+X0ktLp3T0tu7nkPg/XfBOmWU8UfhQTyyRS27g4crGQShbjcu4nkEZwMD1Gfq3hZvE9pGtt4bcZyLWKOIJGsO4n5gAN2AeW+Y5GTzyfpHTtD+H2hyndptsyhycLOtxux0BRGBAHCjOQQVGMZxvr8S/A+hyCKHQ4pXjDBSzrbpknp8xHcgYyR0IrCSwkVH3Yud0tNFd8qfvLTTXW2rTs90dlPAY96ym4RSt7zvK143fbS1+q6WS0Pze+MPw81/w1oen6nd2UdrazzhUWKIs6qgUESFVyMYbrg5OTjnHzM8aB2dg6qCeSjqrk9CpKgYPtnjsOCP2a8RfG3w7qmmXOmT+HfCpgU7l/tFoLkoM54QglWHQsMnJHzYO0fGfx78VeHNS8GQWtrpHheDUJrrdFc6RbJHcxxL/ACoG8NnJzk565r5/MYRlOVSmlGKSXKnd68qbV1ok10v8Ade/0WEpunRgqlS80o7tW1stb2knpbRWs7anx3aXH2OYT4VSpyvGeGG3GM9s59Se5UnNS5vRJI7tKzOWJDAA7ixIIwQQBt4BwDwDnjIQKH2+YSWQDbuOMAjPPQkjI5GcDPXnJBbws8jTH5cNsIIGOvODkHJAxnt24xXi2XOnZ30SbVk7NWVuVt2s3d2V3brdZVWm+XmlZtWT2sraW+Jq2mtr3XmypFKpdhgMu7DbiecgkryQAMY5ycA564BmVPPdliTDDJOeVwucKpHXuOuTyfSqvkIBLgr8x+XB6gnAwR1PQ5UdueSalgYwFXAKFeFGDhjn1OegycdB97GKmcLrRNpq90739Xtqur736K2CcUo2bklrvK32eZXsrbOz36X0RZij2E7SqNnD5IO0nO7AyABjjBz1PsKvR3UUbRABi6n5m5KNuyAxbn6c9Tt7kis5fMnMrGUBmYFUAAyTk52kAbuh/L05twrsjlIVi/UkjBJQjkbt2SSOB1xzkYJHHKEWubZt6K1tHypaa2vbveztsaQqWeq0s7faWy01/BX+G6belt2ObD+anAVdzEMGZnJ6dDyBj8AD83SpZrmRYXMW53bG4cEr/AHVJAGcn0wG4znGTkwu6LvaMrkjKgYLNgjGM8Hj5sYOMgYFatqgKtkNIZPvIDwCQcFsAcA8MBjAx35rjcFzKTS1s7PTfltZa91ZrXR9i/aLRRXI30a5bL3bqzTum+qSei93qZP26WD91MhfeAT1GRgkn5hg8gE4JA6qCrZE8F6khAcBQv+rYtgc47ZPX0B9sdMR6hE0yugba0YIVsccZ+UEgYGc+5HUkiseK2dhhXHmA/MM9CM54GckYyFBBbt1LV0RUHG7tqo3S73jd621+JNKyT66s1VSLa6817P3Uul99VforXW+yZ1sd8pkwznCfMrKATzgYGex4znuSQMkGvoL4f6nFbaZ9ospLhLgOjNHNhYpCc5J3DnoMEZwATxgk+K+DtBa/vEnvIC9nbqZJw6FVkAP3QxyCD3OAfY4wfZ5II7uO1gtlFjax7kRGBQ7F7hlxnrkFwSeCG4NfPZvGjXiqFtpR55LRWTj7rX2vlZ+6t3YxxVWLj7OMmruLupdLxSu9dr9tUndvc2rnxHqUjXrW91JbksxlQyAJIzZICAYwvDcYPXjPSuVm17UWEchldpo2XCwiRhHuPJYZ25baRuOCDkDkkVKugzy3QgjuC0cki/vuTFGgY7iTnHpkYPy8kck10eoLZ6NC0dksNxMsYW4uGCEyOAAEGQOp6KB65OcivNo08HRVOFOlGc5Wt7lk9leTSsklql1fmzkg4U7pO8rLRt9UvNJWdrPsk77GW2rTXkcc0rMksClmLNljJn5VYcgZAOCcHBOOcCuT8Q6jfPGG3NCH3Fgclx8v33ycZyeFIz354Ain1cWsjPJ+6YuzSqgDhkPIBUZIwOF5IHPektV0/Vr2GaS4Lx8GSFjnIzlYyAerdC2DkEDiu2lRVKXtJUlGPutrZ2dtEtrJ/Z2beqvobQlFLmlFq2tl7rvpq+r0S21e731h8O+G7zWPLlkcx28kwaS4fIBVeAigkljuJI6KOfUEe1239neFUSWxgWK9VSJbp1LSyKOyqWJG4D72fQgjAFc/a38enPHAkarBHjy0VgFjCjcWfjaS3HXv645bqPieCZpJJUEx4SNyF2qGUAjIGD+QwQOOMjnxDqVqnK4Xo2i1CL5bu6knJvVvV/fbfRy686skuV8seW2ktLNLVpXu7vd22V9Wx+p+J5b2ZjuYlsu/z/Mc5OAehxjOOeBj+8S/TL64nuZGMywwqq7nJGWXOCCcAZ4wAeTk5z1PlurX8aTSPC77pZFBKkuihuy7chQTkHjsR1wK6LwhqFqbyOzvB5sBJM0zB/kJxgt3O04O0jkjA6cYvCx3jBKysk+luV2VtW3ra1tPw1lSVoSk7bO9/JLlSSvezeq6ddTpNc169tzOu2OS1ZSiKoAJULyWbooOc4O0k9cDkeWTX17fNneEt0jlzGnA24YE7T/EDnJwcA8Zya+l/DHwQ8X/ABQ8XJ4e8Hra3wuUS5Se4uIUjggcgSSmLgsqY5VeiqSeK9S8V/sMfGjwbYXOtahpdhrXhrTrdrnVNT8PXEV6YbdHxI8kULF12jO7g4x3xXnVs/yLLcVDAYnMcLQxlaKcKFSpGnVbfLZRvZXbuknby1aPRoRqWi6cZONk9JXvbXaLvdJJ27bNdPzvV0hl3neUYlVJAyWBIzzyAD0xjO3kEfe0be+a1kMsbFc8LjG4/wB7ucA9++31yK9Q8X/D63GohtFju1shbpMZLlWgWTAAYRb1CsVO7dgZzkc5rzjUNDmtgX8pxCGMaTMTgMOrAEZIyOCDg8nkYDe5Tq0cRBOMotS2as2u1nZp31s9P1OqNdfDONrqKSa00UXpptu7t6q197mnba/epAJQ7SuzAAMdwGdxxsHIAHJOegOTxXr/AIH07xBrV9BcaNa3F1dLtWRIopWSBXAVneRDiNVOSSeR94jaK8/8A/DXWPGtza2OmyKfOnCvcSArBbqCDJIzEjLYJwAOD68V9qW1zY/C+2bw/pU0BmitY01S9gKq9zOoAZY25J3MD8uTgcADOB85nWa0cBGOGwtOFfF1UuWnLlcIR6zqtN2V7Wi0nL4fMxxOLhh4xcYr2koxcYtLpb35dujbW6dtz6P0Dxdrdp4O0/wV4hudNQ6chme9SOJ50XG6OE3RyysTjcHJA2gbex5G4+HXgXxrZ3N74hlS01WW5D/2h56yOYFb/WeUpA+7ghsZHJ3ECvnFfEbajcSvNculrOxaSP7Qd+Qw5ZM5LEc47kgZxg1oT31texEWOrXFq4UIFmZxtRQxaNgrbgjjlCeAAefT8sxeBzJVp1KONnhZ1qvtZToxfs4trWCh7yS1TSslddLXPHWNqyak/cu+Zx6a2skle222l3fTv9XaHpPwM8F2Y8ywsdWvLSNkj1aSZZb2SThiFU5CYIwDgbRkjqTXITfFyx1G+uINLtHjhDKuLksVjtQQu0qwwUK91xwetfJLTNb3cslxdedaHKqscxyJMnJYsTgHByTjPvjnX/tW0uoFeK5EFyMKyFhtMSgBfu7d/BBx1xjuK8h8MwqVJYjHYnF5jXnpCtXnKSg3Zvli2lpvslZdRrEVJyk5SlKWlpa21s5X0V0077bX7n1bqt14UvbdzqFpYSmeJVhmtWEZWQ4P3UIzhjjk8c85PHl/iHw94aingupL25MQiAOJd0ZLAbYyRgYOSuCM8gHPOPMbTWY5plzfMsMMYEQz+7aUDIG5ychuCefyyRU2oaqb2M2s11lUCP5nPlq24jaMH6ZbBwCABxg9OHyitgp8lPE11SejUnzctnrZT5mtU0tVs3c5avPKV23FXT0baavHa91qm3e1knuexabo3hm5sIxFLNHdeYu54ZllnVV+7tA3YQ457rzg5ArAvYF0rXiLy1uUXb+5aaR41uFUcSFRgY29ACckHHHA5PRZodNj81dRZrxCHJjbgxE8Io/iJGAewGc4G016Rp3i7RvERkh1iFpzFDJFavMAs8LKo2kKv3lJJYckcDPqdPYYig/fc6tBtXUrSnFxUbygtU1rd623SWh5zk4ycZJ2bTVpKT00bSV02/tLTTWytcyNS8bTXItFiubjyLTdDDGysUDZHAGMYGeGwQSO3Jo0+4srm9gjuZJ/JP76+3swgZiQdr4wArDIP48+nLXF/oCm5tY5fMu0ldpXfa2I9xYRqBgbiCQ3cZwWx15671sahbzW1qIrXY4WJGchpEACtv5B8sj5iGJyOhwcV6dHCXpxUIOCaumo8rbaTbsldXVrOy6vRWOyjKpaKgppJJ+65LS0Xor2TaSvb9Lv6Q1DT/B2rWtujadYWrzbUjvfOWXy4VI3AqpJCMBubAy2eoxzgeIPhf4H1xLCDUdUmZYEb7HdwBYYo0xgqw44OGKfgQAc58csNV02xlgTUL6SWWNWKQxyOtuysoKKzbsD5s5JyOByM11svj+xntV0kq4QbS08uGSNSM7FZNpZe3HQMDuGSBisHmOEq05YXF4i0G3fpG/LdxupLa/Szas+56kMViacYtVJS5ZKybbS0V90ktrabNLe5p6x8P8A4WeHfCl9p+h+Ghq9/LaTyy6vczie9hu2BVfsaJ1HAYAqQuec4Ir5Am8KaxL5t3ZaRqUkFrCzXSywNlME7dxC4yR2OPvc9RXs134uvItQe+t5THFZkwqqRkpIpIUOinIbAOc4GD3OAK9CsfHFkmlXTI7+bchHmgeJAXZ02+aw28KTnavAAGK9/BY3H4Gm+aLxcqkoycq1Rtx5WrqSulBNdotO7vdXPRp42VOH7y0nL3rtp6+7/eja6vb3d0+tj4puLPVrR9k2n3MZugXVPIYPsySONpwvpg8jkjpWDcrJA0sc29ZZOUQKflyM/MWwMnODw2OQOAcfb0+pW72zzm1t7iQKPKnmiiZyJMZj2ABgAvy8DtnBwRXAeKNC0G+tLW5tNNaXUrYl2hVQkckkpLFXwMkrn5VJ5HAUdK93CZ7zVFGth3S5nyc6aajNct7taqL0956XV+6NaeMhJ8t2m5Xd03quTfW9uia02eux8sm2kMAlKzeWxx5rK2wN14JAzwT0x3x7UzcLAJAmHdWCgtnjGemTnbx0yMnPYcex3twpuVtHt0sUtFHmWE0aqryvkbs45AHIwfYHg5hPhXQNZnkM91Fp0aQ5uFiUK0srDcpU5IC7sZ9BlsZr3qGPp3TqJKLSakuWVtU4rbW7u1r1voXKtB2bV17rTsrJaebu2ldrRq6ur2S8Oku8CQs53OcsowRnOeNvQNgcL3x8oOSUkugVCOzbGG0bhzkY59uuDzzyM9BWh4l0AaBeXSLcLdW4KtDcRsGSXOGCqoGcqByQeo9c1zA3sY5MOScgKQRgg/eAJA5HsoIGCQCK9yjGnVhGcXFqSUopb3ur6dNLtu1032Sb5pJSb87PV3a2WjdrbNO/rex0dpcMY5JEJ3hfLQtn5eMZjHBx3wQT8pGMkV6v8M7s6zqukeHL+5lt7K61zS7W5uAwhhhs57qJbt5pDwpeIthmwo6k4zXkP2eF4FMcxRtq7ufmLH5jsPPIycdQTkDrW7ottcWc0Zt5tqSTKxLlgXCt952BwAuBjHIIGDnmufFKmoylbns00n7ybSTTavfR6Np6vrYxlSdlHXVWbvqrpLbpJPrZ7Xva1v6sPjf8Hv2Kv2ff2Ytf/aC+GfgrQrX4h6B4N0jQ/D2o3l8+o2+teJrq3iae8kto5R5lx5uZhIE2hQWwMAV+I/w2/aJ/aE8J+J7f9obT9F0fVfEmlW80Y8SX+ii7S6tbkjbptqHJkMVojCFGUh0Ulc+vgup+LfGUvh1tNv8Axvc6hoO+3kTRrm7uLqztwke1TFbSO0ZkAyobZkKTg7QBXI2HxM8Ql7LRoNbu7fQ7N5I4dOiXbaOzkBpHQAZBI3MOSCMAdFFR4yzOWG+q06NKhR51GUaUXSg2lGKqcqs5z5dN3aytZs4Fl2GpOdWcnWrpNxnWfNJ03Ffubtv3G1zSSSu3r2P3l+H/APwUJ/bY8eaBp93pXwt8M6jZ36pFZXjWlxZsXGWkwHlB3RnJZiMjnAGTWh4x/bW/bVHhXXPD3ifwl8MdN0m/iksLy11i/FpcT20yussaGabbKhUFQdpHTGOrflL8Hfivq9t4h0HRNd+JusaB4Yj1KIvdaaXP9lwNJmdmhUgESYAJAIzyTjOdf/goBqsMOq+DV8J/GsfE/Q9QsvtkcQLW9zohcLi3vpIiolkcFiuSxXAXHr+Uf23xS+McPk0p4VZZiVOrCo8NjHJQXLenUrxmqPO3quZ66NJbH22Cjw+8tWJnll8XGMYzcfZqMJpRSatLnir7WhJu7V1qefeKPFfwg1XxBew6p8JNH0p4oLlNZfQtbTyr2+csXuYjIzrtaRiVKZHzZUA5NbP7MXx4+GXwN+JE3iK8+HD6t4ZazubG1tLy+D3dmJsiS5trhQAHfCjfhiBkgGvzvl1Ca4uwZonWJHCyyiR135Ay27JZuRgZyT+tac63N9CkWnrchY8v8yzMrIBlvLYZDAjryAcc+lfsdatiFhVTlJKEYxs4rlu04Wbsua0Vayu03dPmuzw6k6U1UaTcZJxlB1JJ8srRtflTStpo3d72Puzxp8ZrPxp8TvEviFYrWz8MeMNUZNL0CWV7qz0i3upo48sd7klRhi3DEnBO7p94/tZ/s76h8J/2ffB/xU8EfE99Y0rWbHQk13QP7TuLK0gmuY98MWlWLXGJ7dSSsnyn0YAEV+IXhi71Cxilk+yu0UTJ++miZgjq6/LGGH3weRt+UHnotexeL/i54v8AFmmaHpHiDxPqWr6fpMCQ2ukS3cgtLaKPAiUW5dYwY14yAMAZzzmvyDiLJM7xmdZLi8sxmFo5fhZzeaUasJTqVovlcPZNNRU780W5Jq0k09EdeCzaGGw2IgsRVoSdkoU0pQq01DkUJSdpRUW1KMoWleNm2mygviLW0lmu11kWtxcER/ZuDGDncDtJZQWBOCODnrjIrskvNTuNLt721jNxqELSywXpJhQThf8AlmBgMxIxkEEE8EjArxuGWO7n+0FQvKukR+YEgAEBxjO3JJ98HOQDXoen+OVsbSLTY0RnhbcxJBji4yWXrjaW4z1Geckk/Q1KWIpexq4enF+zk23eSbcXFbyaSu1d8t/wPkateFSpUtKXvO95SnLmb5bNKTaT35m03tqlcxtV8SeJmv7A67qb/Z4pGeTTlkk8s3AJ+9k4MjEfMwxjk8ZGeL8W+ItPjZ9RE93DdzbkliSVnUYGEwwOSmBnH3ce2K9bTWNO1kLHeWlrM4dT57BTsyxPmsFGRg55+YADqQQRw/j34TReIre41HRrxZLy3QSx2u8JBKMEYRRwWI4IJOPvNxX1eV8QQlONHHp4ecmoxck3T0UEm3dvRJpJaO/kKjWgppJJ2Ts/ecb6Wk9b6apcqtrsr3PFtL8Wa1ot9/a+k6jJHNccSlWYjZtz86lipxjkkdSD0FfX/wABfGN/rNjevq+pLdt9rIgWRlS4IzliFPIUDJXAxgDgYOPzs1Ox1fSL77BeItrNCWWaAyE7QMZYDuCB1yAOOeM16d8P/E8uhX8Qtb9ogqkkBj97A+VSSVOTljkZwMnJr9Kw1WWHVOtSm6kGlJvVK01FdGm1Zt6JPq9zorxjVoNRjGL0u21a/u7b6Ptq7q7dz9YbaQPcJKqGQy42qGGccLuOMA54bOBnvmvmL4twBL55C+A+oDKcMdzD+IDPbHOeSRwBmuk+D3je+1nXdP0qZzdNdFnBLqzx7SZAuCPlGcZXPTgcYrA+LV5ZWGu3E2rSPDBa6hK8wUZVQkZdSw6Anae/QHOQSa9DG13i8NGuouKTUVddbR62t16308z573qVeNJ29582vR+7Ju66PTS+lm9L2PkbxvZ2qSyK0srTNKGVQCMBxkqFxkAYyxIzkZwAa+wP2Q7Zo/hn8TXDiSQzLgbmyCLYgK4/hPTJYdsgljivkXxF4y0rU9Ra8tFiniZ2MStGFZo1BQkttwDyQvGSeDtIAr6w/Zb1u3t/hf8AFSWBGScXaE7RlSHhfahJ6/w5XuC3HU1zZHzLGRbTikndfK6Wl1rr5pJbnVj6l6CjG9rxjZadYu2j7enV9NeT8TX8droE0d0uJhLN5ZZhznfhQOQMDjJGRzjg10/7POq2qWXjm1PlobjSWkkjTBwnlMpYKDjIyuf/AB7B215n4mv5prBhPB57RNK7KSpGJAxUDGMkAg4Azk552k1F8Bbt7XXfEdrNHIk13o1zgNwqod2wBQeRtIycZP3cZralW58y99uK5tUk1dt+Ss77Xvqld7I4MPzxinvdJa3tduC31Ts3tponqr3WL4qhtU1rw7EpAaPUIg5GFVka5WQcEcsB1PYkY6V5h+0TfRTfEa52vviTT7CBgAdwIhQZJzjblevBOcHrmvVPFktu2qeHZTGGkjvI4yApK7kuVVWx8vXA69PcYFeBfH3V54/iHqksEIi/c2i7JAH+UQ4JwB8pHXkDrnGMCumFBzxVWcWmlHTe924+iSSVm+ujep0Sk5UpJv4uV6K6taOjbaXlZ206dHneD7BxdLqJ8prOIlf3hILHaASBknI3HHHbgcmvp34p3l2/ws+Fq6c0tw6nW91nbF12p567Q4B5XODtAHIJ+9zXxDpnjPWLVPJikiZAxOzyxtXg4YdGBGepzknkAV9ieLPHDeF/hT8JtXSGK6udSXVvtQEe4KI5ACFJBCls4I2nndwQOcK+DxF6spQjUi0uWEnZfZtddl2bXTW2reHqU4uEeZxSacmrvl0jdrV31SdtN7nisCeKpSLhLC9s43jRHwJf3hyvQhgWBOPmJwTkZyCa+x4fEOo6f+y6+nSvMLo+MI5mLzMkxRcnBJbfgL0HAxjOcAn5SHx8mkKrBpMIXOArhDGGUDAyBjB5zkjkfUV9Dat4gS8/Zkt/GlxZoRceLjbG3Q5CmNsMUTpzjacAjrkYAFeRHLq1WM41sHSUZxasuVppqO6S1tZave33ehKtTg4+zqN+/C7ate1rvTrttbZPRXPMfDPj3WdL16xubCW5REZGZhcSxrv3Ab2fcASP4eeQTjtX1Bd/EzWNO0/VfFF9qM91OtxaB5FndpJIio2243sxJABBHRic9Gr4LHxP0SMqTor7jIpIjyMkAfKCoyQCG45wTuzzX0j4H1rRfE/wa+J3iK4055oNCe1eC3eTMkTsSDyTkd8A56Hr0rho8JYatUn7TAUo80HFtQinKLto3q7PV9u+5VXMpRjFRrOXLONrNqz013ST2dtdbruezaN+1DDa3lpqhMgu7ORVhgu5sKFA4C8jbnueSR61qap8Wrv43/Eiz1Se3htE0DwtfrCllcDLyiB2Db1Od4bLdeuc84FfnO/xK8KLCkf/AAjE0kvy4cyHbyO7E89+Mgc5/ulfZPgL4w0nWPEmsW2n6fPps9v4a1W5ebzT84WFhsGWAAbrtBI3Z4wxFPKvD/A4LH/XKODhGfJyylyxjeErXt5OLflrZaix2fVq2G9lOtzRSj7qbWqs1e901d6O6PH/ABX4w+Ik2t6gsfjDWYVivbuNYRfThY4Y5X2xo2/axAGGK54525DVX8G+J/GOqeLvDMEuv65OsetaeZ/Mv7gK6faFLfKXIyQBnOScbTk5I5+71XQZr29N9czCX7XeE4LH/ls+CSp4IxglSR3DAYA2fC1/4etvE/h06dKxlk1awBk8wDc5lHysBgbugwT2JHHFfZ4bJMPh6kVHBUUnOK5vZwbVnF3a5b3b1u2vU8OrjY1Kb5qs29U0ptu1lpy7pp2emjTfQ+h/2mtIOrfFfWQtxdwNHaaYUCFsjbaxl3+VjwBuOduTk4zXlWgeKfFGhbLBPFOom1t0ISOWWVtz5KrErud2B2Ib0BBOK7z9pDXorX4saw5vmgnNhpYwWXAX7JD8o6knHfuc5PHHzJceJ3kun8vVIWXG2RXAIYl9o2soyGHHbIbnIwK78Vk9bF1+edOnKEXaN4RbirxWisrXVujS03uzzY42lThCKqS9po222m/htfy03affQ/XHWPijF4T8E/Da9v7q7ae68NmaWIEmSWYSMcMQrHBJyw4yT2wQOF1/9qO01jTIY9JmlsbwSpCfP42qB8xUBVLDJbPI9M4rxP4weIZfDPgP4R3R1K2v5NS8K/Kl2MpCoJJK7vugjrg5wCOA2D8dXHj+ae9Ewm0xokJHlqoUkseQvOcnocAnpg85PzGM8PsNjsdPE1cIpP3LPpeKjZq21mtnun0dr+ths+nh8LCkqjS95SUUl8Tvdvmu2tW1dX2s3o/uj4meLp9Z+DKXkt6Jrh/E7SeYTkN8o5Ge/wDd54PpgmvjdL3ULu/jaSZ4wDJktkLtDZBOABkZOBg+nbFe5avcLffs0aZqvmW8ctx4kfc+7coUEdsnYcHPzDngnHSvmqzv3hE8p1Kzn2OFUEjMYDHIOWBb7uMYx1+tfWxyZUqVGjToJezpxgko3SVlbXRpWt32PBqYtVZznUquPNUb0bvJWum03fa65l6O59/fBvWmt/gp8d7RZkmL6JYKWwWyfO55J/2iRlv1JNfOnw68c23hTxNot/KlyYUcvcrCBlz91UBAyF5bIyOM4znNd/8ABXVjL8Hvjy8ssTudOsQoiKhR+9XnlsHODyCfmIA5r5v0nUbSAB28uRig3FnUlNrdMZYZYnJII3ccdM5zySdXD1MPUhzRnGcVGKduWSXRWtfm6fdY3oYx0qlOtCqozhJOMpXdmnF6XS0el3u9j9n9B/4KEfGbwx4Tk+GXhjxxrVv4etNIv7+00S0ka3C2uoRSLNCzZ3GLy3O8LtPynscV+UvxE8VC/wBXu9RYSSS3rSXdwNxdjPcO8kzs7ZLMzt1HXJ7mvXfgr4ltvFHinXPNhtEmi8F6na9FkIW2tZQskZG4B2C84HJ7V8z61e+GkhY3t/5dxIZdySTIrxssjbQV64JGTzngHO7OPN4Z4BweR4x42jhlCpVsl1cI3TcUukbu9kknJ3t37cx4lWMhVo8tGmpSjOc6dOMfaVLL3qkkrylotW3dPZu7LfgC7QfETwSYgQZPEen7xuXljPGOvVSBzxyDnpjnW/aFuY7P41+NC5xs1BXkAYAsChPfHf1AOe3auR+F5tZ/iN4K+zXEMsbeJtPaP5suoE68yDJxkkcnuAAMnLdb+0f4Yvda+Mfjm7t7uyhjN8keJZvLZcLtY/eGAOh+nQV+t0qdsI4crXvK9007Kyem7vurfq2fF1ZylJu6km1JK3mtVbu7O1l5M8xufGFnPpwsYbkHYpZVfGEBZQETOOVGc89eTnG6vo79ovUIxY/A6YuAG8CWjFkIA5iBzx3bBHbr6kZ+V/8AhWepGAGK90qRmCgyG4UBjnLKpz95gCV+mfl5x9SftA6Ff3OnfBuCNrGFbPwRb2spkmCrIY0UMFboNpIwQSByRuAxWNHDQhGS5ZK979Law66XbT0v172M3OclpJJq9umt42ez3V1Z3Ssmnpp4fo95DfSHakLJbz78MAWcjnBPByM8tjAz+FfTHj24hf8AZZ092hEcX/Caq0ZQqUyCd2QF54PIyMYH0r5v8M6FdWhkzLYPl2EhjmUFIiCCqgtzx0Y8k5OCK+m/HOniX9lrRtNgWAGXxg0kczMSuAefnzjcCSTngDpwpFenTo01C7Uru1k27Xukr30trZq9r9LavzpKpKprazTu/JarV6+ttFoluz4x1IWo8MhEeMMyPKW53nJB8vr1wAODnOB2r3H4GXKp8Av2hVVGJ/su0API2kF9xJznBzgEcEEL16+PXHgzW7rT4bFriwEXls6N5qqSSQQN24ADjaQCRkckcivon4EeE75vg58e9Ime0iku9LtFSZZgUjHzAySMDnjGMgnIAz60qXMptWtGzurXWnK7v4bPVN7322SR2RpwUUoqLqNKL2t0t5tpW0V9Ln5eXGoTn5lklQqCeGb5mGVUg5HygAhQvYkY44+1v2DdUku/jVp8MzM6JoettIZGcruFqWBAJI65BUdB1zgY8yH7Okl0sUreNfDsSqgaTM6ggE8blLckfN7A59OfqL9kz4S/8IL8W7XVz4p0XVk/sTWFSzs3DMwltXXeSGyQDw3PBwOBnKjXpy0WlnZNR7Ndla1vTrY544WtSanKLSuna6V1dNerWl13R8y+LJDeeLPGrbgpj1fVyDuOT/pc20cEDgrgY78noQKvwmmkfx34MGWkkPijTQrlySFFyowAcnaD83Tg9Oea7pfCGp61498V2ubW3jutR1aYvLIoVozdzYVc4+Zh9fp2rJ8DeFta0b4peFmA08W+neLdMEjR3CMpX7SiktgkdsnBK5PfNcifNUlCPutJptJt9LW/7dSvrdaWaSNsRhn7FVF9rmvZJvWzd1bV2aavrvo73P1l+LdpbPr1wftHlSrHbSzO7EMoa1jQKACMAHsQDnBOTg13Xwr0Dw7rOhaxHqMhlbS9PW4gjaYBZ5pGO7I+ViCNpBJ68nvn5f8Ajx8RbqL4ha5pltZRSxpb6cheJ1BfNvHwOhOMjABP0BANeHzfHbxj4Tub3RdNhkI1GG3KSWqgmEBkJGeQSPlzzz0IzkV+R8VZBmOPxVWOF5lKVS/M1JWjeNrtre9kl9y0R9fkOIw+GowlWlC0YK6kk/efLZJNNtO1tPV9D9XNQ8IeAPFuoXWn+LtC0tTY6XYR2S3SoL14cK4HmbdwQkkhuTggdhX174Ot/BfhvwbYWNo8GmWkFt9ntLaJlaOFPL4Riyk5ZgDnceOeRkV+Lvx4+LvifwlqXhrXdGuXfVbjwLpN7NHJC2bm5MaBw4KkDbjI+XJC8V8x6F+1j8dkuPsGr6lfPoeoXi3TiGBs28TScLGxQlEGcc8AL0GK+Ez7w2zvNlBzxtR+zpJU4OUkoyUYWa10T95fzXtLZH0+V8T5fgZczopKTceZJa3kmm2pJ3u7dHF6pW2/av4o6/pFv4g8LzW18szaXq4IaIRqoDrks5xhTkbQ30OPmyfNNb+OvifT9Q1K3ttasYrS4upVELRRsyRNvKuXAyXCdx8pJ6/N8vzM3xZsNW+FOt+Mr43Mjw39nZwM8LNc+bEFWSSBgMOrE4LL1BJHJNfJOtfGTxHrt7fW+j6OzQqmY7t7eUyL8vzcFfvcnJIHPPoanL+E8wwVGjhqilUdC8OZykt7Kzd1daNtWs15tm+MznC4mdSrCTtOV48t72uusdk7b3s7X63Puo/tG39xrS6HHpsuoXjW9/eS3sUcX71La3kcgEoQYSVAcccHBHGKxv2bv2itR+IPj+40C68J6LYWbLdq11FZWrC28qYqzy7ourkEnbgryAegHz9+z74uj1Txnaw6nps0V9BoWuGa+vLdvL4s5QYwNoCo5yAeoyMk81x3wp8dN4Q8a6lr66fdwRw32oeetnb7IpLUTuQQoHzkkAbec84/havqsdleLwfDuJjhadT644ydBwk1yzUY2futczV3HVK//bt34+AxFKtmVONSpH2TlBt8q+H3XyvS+mt2nfT0v+815qHgQ+HNWutU0/QZf7O025EQttJtBMzCB2WbDRHLB9rbskA5+bqK/Hf4h/tC+P8Awr4tutN0nS/Dl1apZrdaXFcaRbXk89tIS6GWZoztOBtKjIAyAoBNdx41/bFu77QPK8LeHCs+oLHpF89zaPGIUeRIzIu4c7geflztLYwcEfFv7QGt+K9K+IFn9jhijt7jQNKlme0i8wIJbdZJAuAQjAOQwIwMZBJrPw2y/PK+V5i88U1OVePslOcn7kbWbaknq3qt/Vs34kngcHjcJ9VkqkZQk5pRu4y5lZxvZvTd/LW7Poy1/ag+L+qaBLqF14F8BpavMogK6HZI7zKCWjlQxn5cISVIYH8Rus/Gm9k8a/s5/D3xTeW+h2WpXfizU2ubWztI4LS1kMpyiIiqp3HJIAypyAK+Q4fHduNASztZtUaZZnV5niPkRzOpDsCflbnIAzkc8fLke1ePfEd637K/w4gtTHcm28W6hPPMyAfvPN3BGXHO8FfTuOSM1+jZRgPqlavOlDlko8vOpSnomr2vJqzS0sr6W00PnM1xFKtChCVpWlFtWjzX66xWt7rppZ666+Hv8NJRpNvrqahZoJ5nLRQ7Ukg2gEuUOCwB5Kkj8eVHvX7Pmkq/gD49OJIp2i8JMJJcqFKhCC3zDABwenY/LjGa+ZNN1DxheyLe3dlcSaLKjssKK0cJnwVO0YxleScjB5J6Gvqz9nWQf8K//aCieBUFx4Rfy0Ubip6bCQACwXhhjjkdcmvp8sxLlifZyqe0kov3U27O0ddbre6tuu9zwcywsI4ZVFQlTjLlunvrytPXR3Wqvs9L7W+NvF3wO+Jngjwv4V8a+LPA2r6F4P8AHoupvB+v6haSQ6f4iS3fE01jcMAkqxnaPkLDBx1r2D4X/s9fEu7+H9p8YR4eUeAbPxbp+l3uvPIhMNxDcxh0EJy5XByG4z69c9v8Xv2pfiz8bPhH8Gvgh4zl02fwP8DrPULfwRDawGO5SK+cu630wAErAoApBJwMnPBHt/w5+JGraL+znb+Db6z1C78Laj4kXV9UhtLlVtbEwZaPcrZUNI6gndjI6LjNejDEYtVKTjTu1UV0t1pe6vZXulvpbVXdjwMVLD0MLKcoqMmlGKauruKeraWndO9tHe5yH7Q/7FHx51DV/EfxM8O/DfxPqXw/OkWfiKPxaLCWHSU0h7WIC489owuxnWQK2c44wSBXw94X+Heo63I1xFa3F9dWThWsbWMysWDBERmVcEO5AUYwScDkAD+tT4jftba3e/sS/B/w1beGRc6L4s+GBsZ3E48x9P8ADDStJC1tCQbgzIwDZBJAyelfi9+xF4V1H9oH9sD4d+CPDmiJpVt4/wDiRokeo2McaLDZaLbXyteboQhZY1ESmUttCtnJr2p4itKlKu6UoVJXvGV9fhtu0pNu+q0W9z8+wOeVMXi8Th3RhGjQahCcJvmnJS5XzQtZcrVlK9mmlvY/d7/gkZ+zv41/Z78SfBrw/wCPbCz0nVPjJp8vjuPTJrY22qadpKQboIL0N8yl0beA20EMmOd1fEv/AAU302ybXvjXfJPar/Zvxd1TTNIluyk0kTFVMkdpkb44X3DeB8uM887a/dyD4kT+OP8AgrZZ/CHSBbrp/wAKvh1b+F0NrEoS0Ph6wK6rtKg4aWFEJTAIXB4Ir+UL/grB8e4Na+Pfxj8CaFc3NhZeHvjFqrXlxFHlLi4jIjMhABDEbWB74IyB1ry8npxp1s2xXJTVTFUYRaVk5VI2XKmuyV9elld6jz+ljMyo5ZSVVwhQxUZyabUlT5ruCXR62bu1e/meAfDr9m39pz4s+GrLUPht8KNf8beG9V8QjwzP4s021eDQrW+fLLBc6k+23RlVixLMVUD5jnIDvjT8Avi98H/C2kaNqU2p6l4Fj1O/gni0vXDqWl6b4v09A19pws7eVo1vbfaVYpGHbGQWr6F+L3/BSbVPGn7L37PH7KH7PNp4g+Ddh8OLRr/4r+KdFujZyePvELhngud9mIpUClstKzGQhzhuDn4L8NfHfxro2r+Ao7u+1jUI/C3jiXX9Xs79573T9VmkmObi/troskstyD+8cqS6dQeh8HASziddV60KWEVOtNKjUlzzlThNKM+ZNqPMmnyq7s/NGmLyzDU17qlXfLB87jdRfup2V43UfebcuVtrTXQ+xf2Tf2LviR+21H451Hwl4hgS6+HHhuC71hPGUz2llaxvKsUNlZNduvmXzHIWIEHaR8vNe4+PP+CK37Qfw78YW+l3HjfwOVHw/m+JsjahfwaRENLtrd7qWwjjnnU3F1sVkiKFjIQuFbOB90f8E1LXW/i58Hv+CgF5fRtpmr+Z4Z8SeDtJ8LxR2YtmlvUlia9ltVRorNmOHRmVQpAIPUeof8FUfBnxZ+JvxFtfEei6J4y1Ob4Lfsx/DaPxEfB1xcvod3FPHA2qQ6g9kxBkSFmaVSSzo3zcbgPoMVnOJo4qlQWJpRoum5TbUXyN8tpOTakrvmdnbvujgwuCqRpxqqjKEvbRV+XVwtBNKKno+2uqf3/k18FrZofhp4QjKWklzB418QWW2FQ6L5Ns8MrGVfl2tIhKN0Ib1Oa+uv2o4LuH9nb9knxBZ2uby28a6ppFu6uhC3QuGMW0HICiUg7j3AxgkGvkf9nfWINV8DaMsFgdMisfGuqiSxuQy3ECzQM6iVH+dWbJUK4z83HTA+3v2jrNG/Yk+B3iZLe5jj0j4t6rK16HLLpccD7pLnYNqkIuW5wSR1/u/UZfiXTjg68ZKpfFUZc0XePxKXPzO6s+13p0sz0sxiquGxFFwfvYetBx0veVNpxSau277ab+SPLv24YPFnjfRrIeLIIbDxH8IvC+i30tuxZ7q90PWbKJI5o8k8C5lVnKrhTkdcV+XOiWrCwvXZiBIAcnploCx5GOSTyfU8fdwf0f8R/tIeBvi1+1FpHhJ/Fmm+K/B/iv4Z6b8PpL8Wpt5b7xJcackOnJcM524s9SZBk45XcBwc/Cvi7wjrXgHXPFnhDV7VrTUNA1a5026Fywj/49pmhSVA2391Mg3xt0KYxnNHG2JoT4rrV8NOEoYnC4etN0lePtIwhCdrrVqStJp7u/muHwZoY/D8DYbB5hhKuEqYLGYynRo1k4zjhqledWjeLd0nzPRrrocpG8UdtbomQ7RIuCScsXzk4AIAAxnpx7YrEgDm9vWZiSZicEY2tkcZBwMAcHJz685q/O9rHAFkuoQUVAoiYsfmwx+b/Z6c4JJO08mqIvrSB5oozKxkkRiwUgHIAzljn07g8DoD83h8zck7N3tq1K17bNPdvW+n5XX6PKcIyu3GKjGOiUnZ6bbK9r3dtN3rtJJbSPEQVdjJNI/wAqkAhVIDcn5u3OeNv1NacNlctasoiwzQptBI+QKTuBHPOec59ee9ZN3rLW/wBlgdpNjtIA4UKFJyxCnHpyTyBjnHFMgvv3zIGlZDZuSWkIYq+SRgkkHLYB6DqOgrSCqONoq6bjdvdaJK+99N+lmkw56Tu3dp8q1bvpypLRNNO7d9Ner3W0FiWS3eeeFBHGR+7O7BAA6HuCQTwcA564IZI1qrWsUskr7nadWVCFG45wTjjd0yDz7MpNcta3kcnkxqg8pnlWUknfsDep6DGCTjOBkdCzbF83meQikKFtR5RBydpwPlwAPm7/AIheTmtI4ec7NyW9m7vRNQutXrfdNa31ersYqvThzSjBJJK7d272Tabdt7aW2aV2aaahEHv1itUUshcuSMtjHODjI24JwcjAPAxWHaX9yZpXLfLDI+CoB4YHABHG049ehPPNSJC8rSIh+QWu3B4y+BzyADyeRnGcjAOaqWdi225DtwhVRuY4Ocrg9cHpx82BnGMDOsKEIyfM23yx66XvFWk1ZXVkkr21uS8TKcVL3rPfa+nLZPXXXq92vvs219LMkhlkYh3kVRzhSzDOfm6v68c5HA5GzK+JAu7gW0fJ5wTjnHGBn8Dg4wOay7e2VJI4hgoJiWbacYBX7pHBwTzyfU4BYjVvdguplXCnyYgACCegy2eDxxxj9auVqbXKny+7d8rutYtLp0u0200/RpZU60ndptarfdN2d9ut1ZtK3nsMRmM1zCCSJ0RAeygfMTkHrxx6AdsnHinx6Zn/AOEVRchVtpkPPzblAAAxjGQD1HJGOmK9stIPMuo1PL7n6g8gDO4gHAGOOeoPQnFeNfG+3Z5/CyNiLEFx8zNkcN0B4BzjnjIxnjrXi504/VZStb3lbRrdxb12bs+vbc+gyZzeJgpNS3tp1ai235Xs+nVa3s/ntLdyuAGLAKASOACeeSMZBzkjOcdCSKqTKInJZChOVDZ3A4HVVIweeOM5xnOa79NLVrKScSLJ8mQVKrtKEDBHIDE4HXvg55rgLqUm4kUlsq+E3dj0x6E8EZAIJz0GK+UpzjK6XZJ3Sj9qL8ntdWbTe99UfazioxW92kr3V18L0em6be7Vndu+g1ZIZF2SD7uS4J2DPIyOvzADGFycKBzxXsH7PZhT4o6KSGeNXkK5GOSq87vw5x0BwO9eSRxqys0iqZXBzkEcAYbBOADgknk54xzXs3wDiC/EvRo0jQo3nAZbgZUdDk9OeOBnvjrsnCM72aV1ttdpaK9rvd36X9b+Xj4c1LZWurJ9buNk1ZWfdaJfNW+//Elw8Mz3CHMbvKqKDkcrzkkkPzzkrxnHYmv13/4JVaNbar8D/GtzcRL53/CeXiedIC2R9lwEXaQCRgDAxkDgAV+QPjFTFZyxyScrM+zYuMhlOMHdgYOcnOTk9+n7Pf8ABI14I/2cfEQctI//AAsW8kLYB+UQYHJ6g4IJPTqPf+f/AKTWKlg/DevWo25nmWBg7bcsm7vdpO6W7drfM+18Lov+33o03haq0bVr+y0/mv07Jebaf6TajoFgNOt7a4j6vEkJdSiB2ITgnJOAcncTnPbtS1zRtP0nQ7uziijaVLeQJ5S7ULFC5dhu5O7jOSeh6Zrc8X6yJVs0ihDMl1C7PkFY0AG0ZABJHOMAsM84PNcF40vtS1We3itXW3tmtJGndThcIoUlmHDE5yQpzznrjH+aNfFYzFYjCe0naCqKo1olrJXV7e87Wa0tstD+ncIrUnrpdvS91J8sWm9dFdpLbvfQ+YLe/ngu3klCKJ7sR8DK4jfgsQehzznHGQMgYHo914ha6zZQRu4AR3YcIr7PYAkYICjJAI544rh10P8A0iMeYLlkuWdlUtt27goZzkEZOOOcjgZw2PQrSyga/EbLEAscZKj5dz989hgYA/4CSRzX0eaVaNqT0laipLW3vNRaejV9W7rutXZo3pwV099m76K7d9OjWr0vf9O/8JyeIJY7UKTDEUUfcBLbWyuMHjOOwzg54HX6l8N2GqSwKZpcsAqvheiZHG7qTwQenODXlXgmy86G0YoGWID2GdwAySe+AABkA5Oa+rPD+nRLBgxjOIy3PAwPlGFwPlI54IOAMEcH8mzOt7avPkiklN9LNbSdvld6bNO5eMx0cLQTstIxte7Tdo3dnfXRpelrtO5hz+GYXUtIjSncnEm4HJAJxk8jPtkEdc8jy34jeFIH8K63FGnyXCkHC5A+UlsEEjtwOw6AFTu+sBZRytGmzOVTc3AVfl5HJA59cA+hXPHEeNdIRvDuoqqKWYjjAYB2OOuMjIxkHHtjDCujLKtXCYmjVjJ/uqkanu3SXw795Pe+uvVXd/naGce3nKE1bnfKk2u6ts2r26vbV22R/Mv+3B4D+xeCde1GKA4htYTjaMBWOCxLDg/XntjJOfxKk8a3HhEte2yiQxQh1jTIJcKVG49sAZwfTdz3/po/4KCeGIrT4ReNrgx4+y6ZCxCpnHOQScdPrxg4Gec/yx6tcW9yLoyDeTFiNCMcL8oz0A+XPzZx0B6mv9Qvo2ZxHO+F60cTKNRUsU4NOV04uEG07bXWtnb02v8AivinRlhsywleh7kp4dNNau6nvpu++iVrLSwyX40+O9Uu3nh1WbTI3L+Wlq5SZYww4DryMYwWyMAAjmvTPh58Sb3UNb0Xw9rNy18uoaiLvUbrUJ5LqXyrcOVRTKzbQxIOB1x3HX5obybdhsZVlOVALruQc9icHHGccHk9NpNe01WfRrmLUtPvYTfxkhJWJbGWBcYOflGSuQc4ORnpX9VYfBZXTnRqQoUYOEk4yjCKkveT5r7vRO12rJvqmfiOOzLNPZ1qTrVWqkXHlcpKFpKL1Xo+zstdbNL7U1fx7o+leOp5Zys1xqN5YQWNsmBHHGblUO4cZxtG0YwM84PSz+2Z8QSfGPgeVUW1ews9OliKgEoiQoemeCMn+HAA65r4ri8Uw6/4q0q51F5G1J9WsQJ4i3lJ++j2LGnTGcZYE5x9RXtH7Z6PDqvhC7eYtPNYCPfI38MUEew4BGMZ5zg4OPWvd9rTlXoyhJ2im4ppLe177JNaJeSWp85B1lhMSpXi/wB2k1aV1dNq7V1ZrRaaO99zwnxZ4xXUNUvr2S5Zo7qZGLNyzMACzsTjd0wTxgkDDDAr9F/+Ccfi7QtD8RfEjUdVlhS2/sW13zXV0ttCseG3lndgMnpwM54+n47zS+ftQS72K5LMeDsJYYycZAwMtkY75+92Wk+JL7TPDGqW0F5d28l/PDFItpPJATDE5PlyrGytJEwA4OR7c13LERipupGTjONlFaJOVr6622Te+yV2zzKcajkpSqar31eN2r8vqrPaz7p7M/pM+Lv7aH7NeheGLLR11K1vNeTQNYsYoNLZb8y3t1C0cEMzoSkaBzlj1Oep4I/Hy7/ax8eRx22neHLTTLY6NpN1aafqjRET20ctzJLHJFLnb50QkxkYG5cfe4HwGj3ct+JLiNwWRipUsWUFTjLMM4bB+YDgkBia7XSJ5Us7i32k+bGfnkJ3Iob5iH9g2DwR1GeM150sV7GDjD3Ve6Wjd7R0fTW1rq3Zytc7aKlUne15WSk+Va25WkkrpW6a2V9b6J/rPqnirW/Ffww8M694pvZdR13WLa2vb++kOTcy58vJOecLGOOegPHWvL5LpVtLdIz83muw3MMhQx4GR6dsdMrjmuvkt1g+B/w/kjJfGk2wLhu5lc+3JODnvnuBivLJboCC3WMncoZmPBYcnORnOc7e5OM9814eT1ZVIYmSjGyxNVO+v/LxK77+8rbJrtofXZrKNP6stmsNQ8m21B31W2iV3Ht0V3prcu80Gem48knJ5I4HQjnAGSOmT0Nfmh8aLZv+FmeIVYBle6iYr/ExdV2jPpnB4zg55xjH6Frej7XChk8spliSQME/NgDB46Z6HBzyTXwN8XAs3xO1aRj5kDXNuxfcvLYUYGMA8gZyOT3yDX0EGlDb3rt3S0adl02u9Ot7vuz5jHVJShGLeiqR69PduvO1m27W3urbeX6/HBbyx292DlbWPYFIDJkBgG6c5APXnGe1czNOFATaJAqYYljuUNnAA42grgHknnqM89P44ZodYeF4wcwQonqF2qRvOAuSR14IHBPJNczZKJHH2hVfY+NgABbIAAJHyBAeF5IJyfpgoycW7O9ldWvu7q/kui+dm9F5cmudpW5pK2zer5X7z2bumrJJJdVstywnEMQithI7PGJFCkP86AfK3oABkDAC5PAwK2tMsNW8SXUguCLWMKF82QkIhQcMoDBc5GMdBnP+1WDaso81IrYCVGJV0OfLUKCQSuM8dT1yoBwevdaHObm3ijmM1vLvHlxqHWJsYZpWOc5+bt97O71rixEWotpLmtu1d6KLVlytOyd9X96HCEnLlcVyWvo0lsls0tm9N027HSLbx6MtutvdXKzQxgqpyyXEoIBKg8FeDwQc5IHTIzNXh1e7lS9h2XD3CEM0ZKeTkklM5UBgM5BIyw28E4q5ea3DPfxFYzM1pEkbM3yKCvdMAD5QORk9MjI4qNtWbzVODFaibLBcKJMrnKkHLMDtxtAPVjxxXmaxSbXvW1co2TWltZLXpfzdtrmvs7S5Uk4c2ujbXLypbq2nVq/3lTQLSSCYLc3nlHcZLhHDSc4O1SCdrZOMkDAJx8wGK6yedoobz7Vdw3KGMqrAqTbjOQEB5JyBkLt5BBrlNQukvFUafcMLgg5ZgqKUXnYxCndwSMkfMMkdM1yb311NIImwELFZgqkhguQWycYAwc+mR+NKk6klJNcyVrX7tW263ei0tvbQpqKVreej1dktdHJXvbottNzbhurO3v4ZZLcsxLOLknbECpIEh3Hb9eueOvArqvDsMfiLxPp1l9neS1u9UsYLhISWlnWSdFby1XIG9XboCepzycciumwXNsVe5DNIoFvF8xUYHKMwIAIOAQD2Hqa9h/Z60Fbn4q+DrOdhHMNXtWjUNuQ+WcsXTOCQecEcZ+6APmyruNOlUqK/PCEne2z5Xtrq03a+z7qxthYRq4jD0naSqVIRfmm4pp672b00euuh+6nwS0vQ/DVlrdp4RsrjTba10uwt2S5lL4mjgHncMcs7MTkDtkfxGvx1/avbUvFPxu12ysre4vr2S6is7e3tbaS4luLhiFEMMUYd3llchUQBjyMnLYr9JtP8Z3Ph34lzaLHqkdjp+qeJ9J0q5M86QxW8d3LHa3F7MWOBHEkhkORj0IHA/Qf4l/s3/sd/sT/FfRP2g/Dvxs0z41fEfRrfSPEFj8NLi3tdf07+2L6BbiW7uZolkgEUEjkRRSjchHIDKaqtnSy7C4egsPiK+KxVFThSpU21Kfuu0p7QjzSvzSekdbLd/SYvAQx03S54UqNCvGNSUloorlTcYreWjslvo2+h/PaP2Cf2ok+HV58U9e+Fup+FPBGhpay3t7ry/wBl6gIbpS8UsOn3AWZg65OQD1HPp23wV/YM+IHxe+GOt/FU+ItK8DeG9I15dCtTrkDG41273BGFhGMO6RZG6QBsg9etfp5+1j+3r8Zf2xrz/hHh4VtfCnhCzSKa58P6MjWNtqFxGwEdxqOAEYIuNsKqEX7oXnNfev7Ldz4J8IfCXw3Zp8OovH/iK0gN3beBZbSa6tJ9auVwNSmwDBbwxybWLyr0ycnrXl4nMc0o4PnxNGmsRXxFqKox5lSpaWlUcnbmTvezSSte+rfblnDmW4/GqNGM6lClQcqvO5R9pUXKouLUbqKT0SWtnZ2en8+2o/8ABNj4t6amq3Gn+KNB1GGzginkup4/sMKpL86LBJK6id2BJ2pljnIXGM+peCv+COn7ZPjHw0/irw74f0a+0O9tHlstSku4rVLoxAs5j3cpEvJ8wfKT0xg1+jvxM8DfEvxj8QdY1X4vPq2haJcma4sfh/4Agknt9O8x91paSS2i4Aj+VZA7ZU8KAQDX64fs7/tfeGvAnw88J/C+50PU9Iv9GsZdO8nxVJHb2V3DDECXeV1HlHyivmhick4OeteVmWb5tQw+GWX0qeNrzk1WlTo88aUbKSVozXPJ3SnJWiulz63CcH8Pt16mLoVcPThyqlCviVSU7tc0ubl0cVrGNlJ6PRn8PHxm/Zu+LvwN8UJ4V8d6FFHrdoj3U8VtOlzH9nEhQTJKg2mPg8nJ4y3HI4zwV4G8a+M9eTSfDfhPVfEWpMQ8VlpNpcXMwZsbQBEhXliNxJwD255/pW/ao8S/AL4n/FzWvEfivTIvEGt2d15VtoWkX1vaeHbi0SQsYri8J/fxbiQVgcA8YGc14JD+0bofgOKS2+GngbQPhnBaB4bZvDumRz3dxIpIBe/uEklbI5dkcA4yMkEr9vk1OtiMDhauZUXSqzpU5V6cbKKk0k4xUuaXNp8Oltr7o/Nc6ynB0MxxNLL66nhVUcKUpyTfLHlWsrNuy0Wl9E7dviH4SfsCfHrxHdxHX7rw58OptSmRIbXxPqlvFqcYJDETadJiWNmUAcjp7Dj0rV/2bvG/h6LxV4HgvdG1nVrLUba2S/sdSgktJgjAM6xo37qLcNxLcBs55yT0/iD9oTxLcX41nVfGOq3N3cXvnSxizi+0IrAgp5zozDK8fKQ2Og6E+cv8Zxpk+p3Xh+zv7PUNTndrm+llMklx5nRiJS2DkliV4BI2kEYr240KPPJYeChF2cJyi3JJKCTa5nu7tNWS/E8+lTw+Gh+9qXm01KzWqbSvGKcne97rTdPZ3PL739k/4t6ff3ccum6fJPdyBYJbXUYzFuYAlZHGVBwckk4BPPoO3+Fv7Pnxk8EePNG8QXHh6JbXT5HOEu0uheO6YCxIhzMWxgADOOOu4VuaX8afHUNpPbNqd/cRXm4ypLFGzhhgqVcqWj4JAwQx7HHJ9A8F+KviF4nu7LTdGtdTOrNMjWPltczyGRmAVkRWKxsSVKnoT1Cg0Y3A0a+GnTqSupU2pppx0dlK7UpR1XW66Rsy8DVo08RGdNzclOMqSS1TUo2T5dJX31stlr1/o2/4Je/H1fCnwu1HwL45tp/Cmsy+LL6X7Fc2EoNzaSo5VmY58nlgzbsgKAcA5FVv+Chfibwj8V7HwFoPhjxBdave2viF5dUXRZ44m0mJJvL3NKwKxR7wRLKQQOmTkY8E/ZO+FHxi8OPHrGvXGo6p4m1SDZbeGo/JvJVe4QIbm+leNxagq20lirKOBznP0z8Qv+Cc/jf4nQS+Kdf+Imn+AtUnhCx+HdJSRWmVpN7QyzW7IGec/LI2MBySAByP54XhvlGC43nxHUzSdPDxryrPCNXgqkoKnanJXla/vJWSv8z9jnnmKq8PRwlHBqeMnRjTdWSjGSh7luZN2eiSWm1rdl+PGvfs5eCfCs/jDxH4u1S9WLXTcWgvrTW7QhUmjby0KYdp5HY4dkONucDgEfIWt/8ABL/X/iz4x8I+DvgRGkuveJLZdRmHinxNp8NiIriQSC5W4dkS3gKtllds5yCeSa/aHxr+xr8RPhL4da9uvh6PiakOqxRw6dbX8l9FDA0e1bq7ikZzCSfncuVVclRnk18ieBtYsovjEmv/ABYtNT+GmkeDL4RajaaM2oG+1/Tra5Aj0XSfs8iBWiAAZkGxtuOQTX7dF5DSyjMq2WQqVs1hhJSwiq1XKnWrKF4RcU2opyjy7JvVq1nb86lgs5rY/B08dBfUqlaEanLRi3TU5Ru1OMbWVm73tb1Z59cf8EkfjN+w98LPiT8XPH3jHwpr9zdeHbvR5PDPhy8gvpdLkMTM08uoRNJA8SoSxKgdGzyAR/N94lc/2rf3MUrytLczAoCDy0rfd+XBU5+X7oAGVyeT/cH47+LPif8Aad+HvxD+FH7OfwT8UX3g3xPYHTZPFfxImbSY7C2VfLubix/tDDSyN95X+f5cr0r+WL9pn9la2+C3iWDw5qvjDw/q/iKe8mivdM8ON9pj0p45in2K9ukZovPTIG5CRxya/N/D3F8R16+bYnir6tRxmJxVNYLDYd024YalSjFKcKUp8lp82s7Sd7y8vf4syXD4fC4KGWqpPD0Yt1alRSjB1qko6RcnZp9leyutV7x+dMkrRzFnjPm5C7Qcnacc9MjjuePvYGQK6eyvAsISGRkdmG2PGVXcMNkkHnrkg5G44wc49M1H4dwabqEtrqCx+XtjkiCsWkkYkEIrdyenB9OeMVz2t+HJLOa4mtLG4isrdFWQGI70kOMbQEJdTx0JIxk9Of1SVWm5RhzKEnZcvNdtOyWitv2aS0310/OJ4KvTUpuLsu0b2Vkm9LXTSu3dJ26GAZJoY2hkkeRIysh2sM7jzgEgFiMDHB7qOQMLC8Vw01wLRdkaf60kDG5Ty4IA3EjAIHpxkZrFmmeRpFl3vFGnOAVOQcfOPvYXPcZPU8DFbelaZLqcElub77G5dUg8wbIplUFmWRuQGABADZJJHPNaxoN/Cr3V0lu1Hlv12ina9+r0VnbzlUinytS0dn3S92zk9e1nZvZtpXsuQm1K6gvwI4yoABVE5ZSW5cNjAcjnrk89ADn0Hw/a65401XTPDto26fU9QtrC13uscUt1dOkMUcjkBFAYrvbpwTwOnCX1tJY38kREjA4VcDeeoBYEZypGCGP8LE4ByR6j8JLT+zvHHhu5urpjFbanb6ksbbtjG3YTKMAggErjCjr1NcmKSVKpPlXPCEnFOyXMo3Svd6XV21Zp29TuwqhOrThK6jKcIzS5kuX3b66pp7ppp3t1TPsz4j/8Etv2k/h9ZaNqOr2ejX6a9pcuswTaZfw3Nvb2kcKTSQ3JhdljuFR0I3YDHcME5x8yal+zLr/huaxk1eexjgnjeeWFbuNpsocOAgOQQwICkcnGGBwF/QbxJ+2t8RW8J+JtA0DVboJrrz6fcQXZe6ay05kSIQ2byl2tlZUzhWV/Qn5a+MbjxBqF/dQXGrTyzlkxlpJN7N1JKs3yrk5PQMecnAx8THOszdCdGUaUay0UoJvRuKVtWlf3vyPXx2Fy+FWP1VTcXyPWV4393vtqm3dW95bMwJbOHQlSx0a0MUKx/vZAgcNJtAOWIZgxH3eQcnpjiqdr4j1ZJEsisrx7pCxkjCyIFHzlHIHQY2k57nB4FdVqHivT4I3ijtlHmAOYiqFtyjBdcgnB24OSRxlSvLHnJNftL/Bnt0WUZYsGVNsacYwex9OT2xnGeGNbEVIudWhKTdrylKTd/dXwt3tprb7ji9krvqrpuzbTtytfKyS2WitZbHtHhzwBZePNBS60vxhpWla4WNpHpepPHb+YCcl55JCA45OTtbqce3mvin9lj4s6umoHRVsfEclm6qF0q+gYEg8p5Sk71PQAcEHPB2441JUnna5srqOBISw2CRlckgEMWVhyO3foRyefRvDfizxF4VZL+w8Wy2sIXM/lXTo7MQCgcF8krwATkkDqc1VHF4nBtODjUk5O1OpTdle32lJO17W0asrWep6VKGXYinGGIwtSMopKValUUbuys1GWl29d1a1rHzh4k+BHxnsnaDU/BGq20tviCWG3iZp2yAeEUEupzlmHHOeh48C1HwT4s0ua4stQ0PUbRopm3/abWZGTBz8xK89snjPI9a/TS0/aD8R6frA1a81yfUrkBlBuTvheIqEUPvyu9vvKQSBxyAcD3e7+MHwy8a+GYoJNIsI9eMCS30uqRWi20siMSXWXy97bhlOWIIPAA5Hs0eJsfQlTVXAxnTnJKUqbl7isruUZKSW+iTfl0ZLybKa6mqWOnSqLWMaqUua6inrG13ayt1berdz8O20XV7d4sWk7q+XDGCQKTztAYg7TwRgL3zjpjotHs7q0mjW5s3jnldfLDxNhdxAbK454J5xg7eOgFfrXqKfDjULKC71Hwl4cv5I5QiR6XqlmjLHtxuMSAOGwVYkhsknBOOOV1OX4E5Ah+HeqG6hAVJ4nE+2XIztZTt+9nHynK4GcivoKXEEK65fYVHpfTl6qN4q9n1fbZOxw1MkVJRlDF05JtJaO9nZJ3V3e/ZLp6r4V0vTdPvYdZhmt7me+tIIjYeUpAEzyKCXQDIXB5ychSRzmuv0TWH0DT5WVCRbLieFOd05G1iSc4ILHAIxnPGQcfUE2tfBzTGne08K6tZzXKbJHaFhNK4JZskDheOuMAHjLdOMkvfgpdwXNs2jaxb/aZvMvJVLFmLc4GQNvOCMtzzgeszxlOuk5UKsYtpxg43s0orVKXK737yWm3U0jg50m2q0Lu1pRv/d8rvZa6dbaHlOn+J7qQ20YnfbNuka3XO4k5KkDqSOc/mQRjN/xp4l1e7s7fTFvGkjtrSN9jORImSGCADaFIOSQwOTuGCcY9Jt1+BcEiSxnWLaSABInYFzGCpzj5OffJJz0xg1z+p2/wbvLw3kWqa5NIzbQnltgqMgAjqSD0Xk46e+cYUnKNRU5WWtlFtxa5dWrtP520a8iPZ1rSjGcJPTVzsrdXq32X2Va71TPNfC/nXfiTwu9y0s0w1rSgFVcBAbyDlSRySfmKgDv0wK/qz0fUk03wLaCVt0g8MQLEqgAARaccFiDgMBk/T07fzP+HI/h0fEWgvDdaqZo9c04WysjKocXcQUOcZbDbepBK+wzX9HyeZJ4EVWVA0mg/u3PJEbaaxUnkkAD5c/KSScnGMziqnPOknCUbN7pK+sU1Zp+d+yvvqfV8J0uSlmDck5KnHVWbb5bWTt1b6vTdWtc/l98fayZPin4yvZnBkl8U6psUEY2tcOrsQeMAEHODg8EjoMNoVu9eV7FTNbRWjTzXClQy4B3kAjaVDY+bAOOODyPpTwH8Nvh/wCJviT4/bx3c+XBb6vqP2aP7ZFbFp5Z33SIz4BUZBIJ4JGTXr1/8E/ghIp0/StTn0ud7eS3lvY9UhkGxvuuqK4JzuHYAt0GcYjEOnCaioz0ildJtO6jomtLL1s7b30XzcMqxGJ9pXjOiuetL3ZVEndTSavK6V1vezVou66/m9fmS01HzZyzwM0ksYiO5WX+DdgHn1Kg9eucVr6fp2paqjyWdhLcWy7ZJCkLMVjbGPNZT8qAnjI56ntX1Xqn7OvgvS4pjB43kmWBWjtpXKyOxfBG6PcSw5ODgY4ycc1a8NfDo+Fobe10nxPFeJqRK37NBgiE5AB3bipVe/TgEYwKzeIpU4xu5RaVnzU2rPTrJJvbTWzajuYPLK1Nv2rgo2TbU4NrbTtbdKyvovI+Z10HUYYS7RGyW3KzLE5+Yo2eg/iXkYBzjp15rutA1KCCGOOWG7uFKbJgiNtd9o2OwTk4xjaBknsQCK9+1D4S293FFcWmpxzfZ7rZP9pch2DDIjVWOGUKCRngAkK3Bzt6b4T0BLvzVt1hk00xxxxfuyk7xrgsqEHzMk87g2WPHy9fAzDHYJxblPnlFpaa79m7R000sr2faxvh6apTVp8kbcy9297qK6xivW90/nY+TvEtjH4nHnAnTbmzQxrC8Z3SpjC5OMlhhdw5OORzk15frng7VNL04XzwrPaFWiaViqsrtjIWMjcPTLY3cdMjH3t4m8KNqtpdRW2mraSCUNDcQRxmeUk5CNtXcmfvHJJ+hyBx8PgCwu92n6rpN7II7aQv5shCSykYLsOQjIc4PHX85wOfLCckIVLw5o+7Ld7N8tlo7JN66XduhOIwVPESnJzbqaNNJwTk2lbl11b6WtayvofBIXMIiAEQiTLbSGIyBlSSCeeBjrzjtXQaW+nR6VqE84mkvFRBZKEYoqjlyxAGSDggt1GR0rtPiD8MNd0HV2l0/TnGk3ZLWwVxI/ljGUk2buBzg8P254pug+Fri1hU31pthutkciNkkDOTtBye3XvxzzivtqWNw2KoQrQqRlzpW113Ts0k9e+l229FqeOsPWjUcJQcraOTV1dJctnbto1s9LbJnon7O8zat4pSGRoLWTTbSe9trqaI+UJUTeoAJwScYBbPI55r6C+MtxquvWWmXs2qRX2pag6xyi3UQuUixHHnj+EAEH2APOa4X4QeBNV/tG+udAbT7byracqLwhZREi+YY9jHcdxJA3A5HbgGvW/FPhHxhqtxb3E+jWcyW9hG0U2mKNqyEhAVjDkmY/MOOjEgkVjJKVanUjd3VneLXNqlZ6b2dtt3Z2Vj3MFhHVpxw8k1KpKKje6vFuKskm1u+u66t6P1P4V2vw7+DHgvRH+NvhHxNfXHxN1PTk8B64pMunaHJFOgkvZLNVJu2DYYLnB7hgMnW+Lnw0u/iD8W9YuPBUEerafeaHaxSxaRYF7u0hhgAF9ewRA/ZvMChnQgYwVx8uR7fL8NLv4v+JP2cvgr4rvr/SNFtvCsmuxXJCm6s7uAeci+ay/IZGGCPfA5Cmvryf8AZt8Jfs4WHin4neHfH/iax1i18P3dzeRO8M8WpTwRkW1uySxlmtZGQCQE9HPGOK6lmVKLp4fdzvdyTSi3KKUW79eVNNKyTerVkv6by76N3E2b8P8A+s+UVMH/AGbRwccRU9tW9nVl7KhGtiOWHK4NRtbdbr1Px28R/sm+KbLwhPrfijwv8RE8NWt+gm16y0C7XTUhPH2mRypCQRkYZydpALAenzcL7w/4Uju9P0GW8vm0w3UWnXlwGRXlIcecNxG07eAAxIwcEDAr7F139qT9rP4lavq3w2l8WXt94c1Kzmnn0PTrXfp9zZTEzwWcjRqIh8rKWKZ2liAwGM8x4Y+Btpr8Xk/Efw/qumXlvFLJZ2ukW7RxXcu5jsuZTtDOVyCBxyc8GvVwzqOLc3FxjJO0HK2jjZ80rXk3ZpLS/e6v/MedvD0MTPC0anNUpznTctFG8HyySk09ndx2d0rdj83o7qe+ubp57iVbh5ZLmaUA8u/J54xgnHJ5z33Zr9iv2VJ2b4HaY1nL5ksbX/2qNn3ZBZgGwSeQcccnjIY8V8z6v+y/o+razIfD9nrvhzS1AWaO9jFyzugJckR8qhIy2eQoJO7FfUv7Pfgi78C+Fr/w5PewXCTX0klpJbOSRbLJtKupOVZz8zKRnIGCOKeauDwatZyUo2k7826tJeW3NzJaX62ODI24Yy7bbcZJq/vWurSs9NFpLmtfX0PHfirp1/a3mkeJoJI4biDUI4J40AjaVfOGC/GWBUEYxzkkDJr1j4lql/8AB7V2lRPtV7oZbcTho/PiJBzzkLuwDnjHciuV+PmlixtyzzSxodQhdBjOwA9QBgjOST1HXvgDZ+Iksz/BG/uIB5skfh6BTIxX7phBYY7jqDz7ZOPm48vm06Hxc+zVrrpdpbrZ7WXKrto78wavX6R5XZLvppZdLJvsvQ/JzwZ8E4r/AFdV1bxZoNvYMk0qi7MZjkeRjhWUuCskZPUj5sHAxkhNb/Z8uLK+ms7PxV4e1C3DvMJbV0AVWyQFCkArjrjIyvQDJOBFptxPM0hkWJXMjiIyOCOeSSWxg4OPl9wMDnTtdM1YSGSzleNSGUfMSxA4BDEkcgDA65+hr6pYSvUiraJu907Napt2tvtr06HxU8wwtJpODbVm+W9tGrWTunbrrvrpo3gz/Ba8hgaNfEGjNL5m1UWRUZsn5fl3DPrnhcgZJOa7Lwd8GPF1nd+XpmqaNJLdQtFKhvEzIjAAKAXLbsFVGBkZJz1J4jX49ct54A2pLavK4KtPIqsdueuchewwMA9fWtbw/rGrafLHeSamt3PGWA8uco0ew53xgbV3DBJLcHksRjNVLC1ZR9nF+8kk5O+t7dL627WutNd7THNMHKPM4StPSNk09HHVxun+F7aa2Or8R/ssfFXSLG41uTSbSPTl3O4S8j3yEAuZlQsWMRXJwMgg9egrxzxzoc9lonhyO7mX7QkNwCFPCgNypJBwQcL7e7cV7dqnxm8V38aWLajqdzBApAiubpnttpyCuEILJ2AJPPTgc+Sa18QNYMcD32h6TeQrPIqtdRE9wCFCYIVSQPvElsDJPFdGCw1WlKftWpR5bNq9n8Lv11Te7S9EnpzVsXgqyjyXi3Z+9e99NXdXbu9N18trnwp2vpmpo7FSiSOzDkKEUjBUAE54B59eMYDYMdtLayXU0TSS+dcsqqo2uBvI6Y7A9eARzj5c10Pg74km2uTaW3h3Q4WuTKpkjjlCDefmGCSoKgcblLAnHXpran8SL6zvp4bbw1ojoYA2TbkiNsncynJYuxJOTgE54wRns5JP3rJxSaTVrpWSva3Xrutd3Y4q0aajZSvKSXK99LRV9rWaWru36df0y/4Jz+EPhtp7/EP4n+M7a/fXPCVtYt4YWdnh0mbUJ0kUvJO2I3lj25GCcMSPevz6+Kmuf8JN8WPiDrzXAb+1fE99crtCiPmRgVBPJVQoAccsAMZHXsvDv7WPjex+Ftz8J4fCvh4aJqN79ufVUt57fU0kXnyTcRNGXTOAu/IXoBycfNeoeOTFc3D3nh61nu7iQyvIrsqk7gFHViQcBiRg5OSc4x5mFw0qGNrYlxcqdTlSVmrR02V7Jtv797XJruFfCRpWjzRb2nvorXurLrounzt3c16os3aQBggCBAVOSMDcBxyRgn3xjHzVo/D+Qs946AKOevIC8nAYgdRnpjIXAHeuW03xxoqadcS33heCSVXBJeVge3CjO1twOCQMdTyRmptN+I9nDJI1r4XtbaIqMorMDyD8+S+QwPOPlGASScYr36cuapCbinpsvRXd+lut0tL36s8GthnGi43bldaJq6aad209dLbLytc9F8L3kGl+P/D2pC4aJrbxJYyyM5G1Y0mVyB0AycgHA+nWv2e1/wAeaZe6XYXNotsLj9y3nJdxAM7RIctzwxwdyk5GQd24E1+G1n4xs2eC9uPDFtI1vdJeOTIwWWOJ9+wgHIDAYyMEdscV7lqX7TOl2tjbpbeB9PWRxE+1bu4dUVQAFA835WAA556kYJAz+acbcKVM8xeFrQgpOgpPeK5edx3um1sk7W17n2GRY2OAwE4zk4qpyuz5U00otWvHR+jWrWttX6t+1tcQ614V0J7mSJ7r+2ZvmimV1jjIBKhQSA3XqMEAYyOR8nad4W0qTTGfc8yvOm2Xdgs4ALBhgH7ykfL1A6gcVqeNv2hrLxTbw2934Q06C2tSjx28LuS8wwS7MznkKMcHdjjnouRB8YNIi012i8M2kaCWM+WHHDBQuAOhYbjjBx15HQ/ScN5bWyfL44aVOLlFNpOUdnZ9enn56WsmvFzWjDHVlONfli5JdLtWS0vpu+qX32Kdt4QiXUZHjgCHztu4yD5QBgke+Bk7jnnkE8VT1vw5amYyB2m+zLhh5gJ3O3I28g9SRgEe9aafG3QVmd18Kwvg8HeSgbaBk8jqfXnvnrWZefGLQ7tJoW8JWqkyBvMEpU4BPGMjADc8DORXue0bj/Chr/NKDs3y2W3Xv5v5eXLK5xkm8RzLSzbW8UtLp6WeuvroeXa/Zx2+oIYXYDylDqqgKuQDtwdwBPILc564yax3T+Ni6hApx8owAM5+bggAYyTkEqRu5x6dN8QfDD3qTXvgy2uo5ItogMhU5wQueR2GSzZycZOSd1m88d+CJoAY/h/YR7QuQbs5x6HD5zgdMn1P3c1zNVnJ8tOO+yt0ad9Gna1r6pN2VtEd1PC05U4r2rcop7qTu/dvdO9l03t0v1XkTJ8xMYABADFgN2DjOCxC+/HJPC8gVj3bbLa4jDn53CsMcLk9yARjAbBGc+mDz7LceMvBUkWI/A1kpEWY/wDSujZGSBvGefbsM9DjFPjTwJ9lmM/gmEkyIrr9qHOTyVJbHzY9z255qarqaRcE29E9PLT3Xbd93qtd9dKGCTmv3l3FN3s93ZPRWWqTtrp37+L3FopjbczASKGVyrAZ5BKgZzx175A4OBWUYHTYqqHQglmLDBxj5cEgjnP178dPd7/xt4CjMcQ8AqU8pTt+1hgBwP4T075bpxng4ObL4u+Hcwjz4DEQA5K3OG75OQQMnOT6djySYhCS0mkpaJWUbvS/fp1Vr6bs9hzcOSDm5JWUm091a91qkne+ut3rujB8D2Mk2o6NhSoNw5Y4BJ+vQ4xjGM+vU5r0Txvo4ny/lP5yeYNwGFZRxkbuu0YyBg+uckVtaB4x8AWE2i31n4QaNo5GVojcbvMweWPzds9DxyT9eg8QfFPwHfTSx3fg2Qy+Y5jWGcKFGPmA+bDD+8OeBwOpLhJqM4KEmrtN6aWcdVu9tNbXXc5MZTp+1pT9ooNx92+jesb6K+jtuui0dtDxo2Mlv4T1N2fKGJAwAXKjp82N2/kEAZwCe4Iz4TPcEyhFlYKwVSTwc4HAC4xwBkscHPO7HP1XceIvCE+k3ccfh25hsriMSXMX2kbyQeUQZxjBGTjgjJ6152f+FUTTIR4c1tUKqpU3UecgYyvy5wOT7c57Y5ZUpOd2uX4bbXWkW30Wvptbsexh60aeGspcyurtK93o10018uid9DxoT5dPmUbTgkrx165xjIHQD9BnHrWj3ljbaHa/aPNime5MiyAZEuAcBcZI6Z252nPQ9DowH4QRu6zeHdeYsT/y9oyk4APO057Zxgg45yCB1L6h8LIrSyZdA1gWmxlRDdR5DD+JCRwM4OT06ZHNYTouduR36N3Vujezutr3Ttp2Lw+ItJTtdttWcXp8K8rva7jvbW6szz7V9Z/tlQpRQLZCDlQJGPIDbyDkqMknqeMkEGr/AIVtVmu2KY/dwEsZCo2k5343E5Yg8c9OnO3HZ22o/CKSCUP4f1pnyQX+2Rqx3Y6DGeg25BOCfXpctvEfwpsopBB4e1yNl2IzNeRDjI4wQAeg684A5zxW1OEktY63W1k3tro1u223rZ30MK169RpSUXLVte7J2S3a62Vru/rZpHKappAaaWGDc2QxdsgAqy8BTj5jksdq8AEckkYwYvDxMot3l2ghiWIOOgIVAc89TjvjI45HpepePvhjbzwQf8I3qziONWZlvI2LEDPzHAwFOMA556nkClh8c/C7ULuCM+GNUjkZwof7SpySTsz1wAcklhyDzj5QOijdyalDWOy5vJOyV3q7aa9H1OSWHnSacZJ7Xtd3S5W7b/c+z6M8zn011sWsbcO0sNxJLIh4JRQNuVycgkcDnr0Bwa9X+A/jbxN8N/GtlreiX39n6jEpELOoZD5oKlZN3y4VQCCOSehzuJp3Hij4Uw6hdLcaRrUUrMPMaG4VgV7qSM5z/CCfvDritLTvE3wgadBp1rr1vO6qJDM6sQobhVJGQTjIwCOQamCjCq5KMW07WfVrlsrX3tu726supTdSnGMm+VqOiu3bTqmmlrZ2fy0IPip478b+PfEvijVtcvpLy6uJi092F2NOg+UKcYyijgEYBXnHHHgUu5kiModmDHKoNoJxgk/Lz97gY4HQY+79K3mu/CRLmeKdfECM+zBDKflON28bRzkng5B5Gc4rmdSuvgveuojuPEERWTkNF8iqq5JGAAV6n1684Bq60ZVJQStFO6fZaa3tZ6f8M1cmnTjh4XSk9lHTR2UVd3a113k9bu7fTzrwsrSaojlyim3IA253c4G49iexbJ6Z6Aj3fTolS38iTcWEZdmcgKxZTwDk5JOBhcD19uR0ofCK3ne7g1zVIykTABrVyq4YgLnk8jv2LeoY1tS+Jvhz5UCRazqKuJBudoXIKgdVYHPbuBt7YIYj08Go4aMoVJXTSaSd7/D5Ndb3tfppc8TOcFiMXUhVoqyUFFq3VuN35W0vbppft1vhm8Fnr3h68nlljjs9YtZ2ZFIYQRSoXSPIGCUBC8gk4Gcnj+iH9n7x9/wTq8YfDrWLjxB4T8T3ni3wnYnXNc0zXNI1LUrO8voJx5l6k0QVbeNmBKOx2begINfzgQeIfh2zq48VXUHlMhj8y0Zg7odygEZVd7cNuPC8k5xX6y/syftnfsz/AAd+EXxL8OeLtTuLzxf8QvCh0WR7fQ47iOVI5Y/IhF08TG3UQj946bS79M5OPwfx24WxOd5XQx2WYPEY/G0ZqjSpYWp7Oap13DnqSkveSpxXNF7N2T20/WfCPNVk1Stg8xxNPD0J8tRynLlTcdFd3WqUur1s1ZtH6p63+1L+yX4V8C6/d2Oh+MJvBTaVBe6mLLQ5v7ImjuYmiGjQXjRkwExsUA8zgEHsSfxE+PHin9jPxh4A8SeM/gjq/iPwH4ytr24j0/4b3kFw9tq4knMklx9pLYjlTOVI+VgPQrX0l8Yv23v2adT/AGU9e+Gfw5slsZtfsNKsbqxlsmN2b+GIJd6hb3EnzQ5wdoyFYklQMc/jaYPhE9mY7HX9etmWMyT3FxA08qXLj50SQL9wsTypxj6Cvyzww8L8XKFfFYzAZjleKoY5RhQq4hSWJpQjCXtK6ceWfM20trPZ3ufe8Z8YYaOIjDCYqliaNSk5c6nObp80tFFuT5LrdJ20Wh53N4j1DUb0TzrIZo3twwc8sokUkyHOSRzjoOM5yedX433U1z4t0udov3c/hnS1LEY3MtuFycjHLZ5B447kmtK98M/D+30yHU73x7eW8ZlHLaXOZGCnIV2U8kgYGOucj0CeKW+G3im5sL67+INxEbLT4dPSIaXMGe3gQIkm7IVZGHJRgcccAZx/R+FyTFYWtTjGnpTj71pRstI2V099F37q3X8lxGY0cTSlJ1edylzXTuk9N1utb366rbW3l3hmS6TUbENEJRFcwsFAJUbnHBA4yQAD6jPGeD77q62tx4lUmECd7SJeV2xxucAgg5GCSAODz/vEjgNJ0v4bWM9lcW/xDDtbyidmm0+43bQQVUq3GQepGemDgGvTl1L4eX+u2uov8RNPUyhRJE+mzbUCjA3NnkAqMY9fUrjrxuDx/uuNN8rVly23921mrNa6a306dDHCYnBRac5pyUo7rmVk4paq1na++lrKzOD+J/gG4tNJbU4lR540WVhAFUPFIOXdcHlBjkEHGT82ePnuySZshwwZkxjBK46N0z2xj25PDZP2P4n1rwTf6Vq1i/xC0yWcR+RalbSYSPACcnadpCjhcknp1wefBNO0zwIs6Sz+NbZURChP2OY4kDYBVg2DnGctkHjHau3JsPjlRccR7qTvBzau7rW6fRJv1tscuc1cLUqKWETalBXtd+9pFvbV2s9HbS92NtrcxxW/JUKsYZRgYJyScAKSTuBzkfpxv3JSHTygONuGypyXB/iAIPGeoOMk8dSa6RbLwHcTIsfjayKiIMHa2kVMoBjGQuDkHGDkD1K5q29n4Hngcr43sVIVQAbeQKuzHKnsSOWIGcbeK9R4RNRainzNbLvZa7dWvvV9G2/labqe1d4ySWt3G21k9XZa/Enrq9bbLjNOufPk3bFOzcAMkEHHDcH25zjJyMYHEt1veOQbyq9GxywOc8BcEn07dunXs9P8N+EpnZIfHekASOrb/LaNcnd1GWORnA4AyMDkGkfQPC0b3Ub+OtHiMTARuVbDHJx8uckdhwM7RyccdtPAuKalFe9eyaUVraz0d9nZ6Punpd82JnUdeMeRy5pPVRT35bPTZJa+bV76HCsZ28HeOIwZGj+z2SncR8wEhA+Unr07HkE88A/PVgiNeQbwQoA3HIIXjGcducABgMHBr7Cfwz4cPhzxFar4/wBAkm1Q2yR4bG0RnPzYIJUZIzwMeleTW/wq0pLyIt8QPC2AqncJwFJxxnLKOnJB5z1zgV588vxDnNxinHTrHyvbVd+nZpXZ9HSxEI0KcZJ35UrOLcXflvd+ez219TKaxDQyCE5iFtuU4bJbacDjHGOOQDjnOOTw2lSBdSiQs5YTSHHVeCRkgDC5wQc+m3nqfp7T/C+mxpNAPHvhIKbYQuzzRYHyk/IM4DYIPHOOQMjB86X4d2sN758PjnwswMspH+kJv2kkDO09O+eAxz0IrClleJlJ6Na7PljdXW7btreyu7W0T0KWLpJaXtZp2i1r7tlvt8r2aWqPI9YllhvZZHBB2nKhiCAzFgGLEgE7hng++Op5RZHLFtzqdxJz/Cp98bQpAz1yePQCvoqT4a2F/JJK3jfwyQxK7XuEVnZRjAJYfdbtnHTIGTWfc/BqMlRF4y8KybwcEX0fAY8g5cdAOOhBGAMZLdtPL6lOydr6NRT3u1dNPtu7Oz7NXRhVx9GEE25ptq/ut6twV29NdunfZnggkYRnq26QnPIABJxknqQOV55wBzxWlpbN9oRUZyPNAJIAUADgLkYPIxgAdRnA4r2ZvghMUwvjLwqMEEBtShU5UD5jl/TkE5JyCc81raV8Cb4iaUeL/CZ8ohlH9pw4YtwNo3jO7GTuAAHXgmt40ay0Ubtp3t2dtLJbXu77972E8TSdJy+y7tOSfMryj7q0tvfsnr2lfktE0d/EOpQeesq2NqrzXjgkxhYwSVY4KgSAYIz3B+bpXEeN9WGpas0MChLCyUwW8S8AqmVzxzj5fvenrX11Z/DW/wDDvhK/tI/FvhI3monBnTUoC6RupxESDwACASDgehPFeGXfwR1GS6GzxP4XkJBZyNThIy3zHkuPcYznOR1OK5KmGm38Lu2k1bS75W1e6dmtLaWtrfU0o4uly2i7N2eu7vy9ejb77JfNfPrGRTGw3bDnKAgAE4wHPTgHqAB75xhgLEkqSChPI5OScAgL0OOmece2K91f4GeIHZAuveGWG5trDVbcBh15BYAE5wCfvAZ7U5PgL4lZQV1Tw2cEl2Gq2+Oeg4c8Dd19hhSeTCw9bmcEld9FpZadUleybSuk7W6LTohiaUmnzJJuNrp36KzVtNXpfXTpbXy/w1M7SyoGZiZFD7jgDbgndxyeBnkc/keyiZ/Pud7P90ruwcZyACR+We45xtzgdlo3wY1+xaRZbzRJXeUfPFfwEJt6ljv5wc4Py8jkZ5roz8JPE6ecwl0txJggi/h5TABI+bgcAbTnA4zkk1rSw8oq7jblWt7tN2Ssldap911djlr2nVbg308rK0fvTu9nf9fnfWWVboZYsAcuOmAQAGJ+oJySB9KxnJkB2KoCrtdgw3YzyBjr35zwRg44Fe9XvwQ8YXTyTQjSXWR2QBtQhAAPJzhucnnjnOAcGlH7OXj+aMvDHpTEoN2L+EHJ7g78Fcn6cZ64rCFCrOU3yu1rq6t1T01+bbtps7O5106sVCMXK65Ut3Z7eVuz39U7s8Q09mWaM5O0yqw45Krgc4HHbGBkDk4Ar08NH5q7ixBgAyW2kMRkcYbBH1POTXWWX7O3xBRoty6SCjnzE+3xZ4O7ag38gDkk5BzjHIruf+FGeNCDcMmlYEIAU3sAZsDBPDEZ4ycEdTztqo0K61a5UrJWs1ay3tpd3STs7W6q45yi2r6tpPV36p9Ho9NdLrTU8G1WVV8qJmc5cmQNjB4ycnpzjPcZ4wcbao71OFjUBVQ7f7wPGQO+Mgkk5+h6j2y++Bfi8NESNOYSBiSL2FmQ4xjhiW9QRnp0yAKpy/BfxLbIADYNtT94UvIVYbd2QSzZIxg8DkdTSdGbb0vayUW9r21Wl9Glbpe6Vr6XGdNJLlejVtnq7PZO2/z01138rsJyoEYzG0TAmTABb5s4xgAsR06c88nip9Z1VftCoN7o8aAycZXHGBwQBnqR1+rAV3kvwp163VXItpHZyxAuoWbauMjhiARxgjPG7jBBb0fSf2f9F17R7HVtW8d6ToU8u+E2dzNGHhaPkb23jockEHBPQDoIqRVODc+RfCrvpe1++q81ve2r0qlSdefJBrSK3atrZ6p66Oybv8z5oOoybI4opDL1VQQMA7sYzxjGMEe/HPFQQGe5/cMGlaMglcEBQScnsMEfeOTkdRnkfU7/ALN/hdLQySfFPwyrRSKImFzGVkBZvmYhs5yDwTzjIGeavp8E/h1o9hFJc/E/QxeSbtzW9ykiSrj1WTC4PGPcDByRXMq1FLWUnazSjCeu23ut31d76PWztod0sqxFub3VpfWpHXZWd5PZra70W3Q+RrjS0DSRyL5flq0iFjkMQMgc4IGRyQADx25r0jwd8PpPG/gS6jS4EMtprLFWVCyqqoHLuFVgqqCCM4AOSDxhey8ZeEvh1pMIj07xpaX05VsyxnfHIdmRGoDZBLkqBgngY4yK9w/Yw8YweH5vF1s2nWOswM8atb3UCSxiKQhSyCRSA20kMepB9c1jjJyVFzoxbmkrXTve6dntpZ+Xda2DL8NGOIhHEtRg5NScWmkk47pWV7JbbtNI+VI/2afE15BcXem3tnqRjy3kQEiVwCR8u4dW9MZBwo+6xr6v+G//AASR/bY+JfhPTPHHgz4N3WseGNUBmsb176CKSdY2Ku3lkbgBg+nOMDrX3DrfjjQrhUtdP8KaPo6kFJGtbWKLzdy5P3VBBLnJx05yMV9sfs3f8FLPHX7P3gY+Arawm1nSLGcy2SyXEiGzjdsmCFS3yx5UgBRyOQDwa+C4nzDizCZcq2Q4CljsV7SKlh6js/ZtJycXdXd2r67XequfYZfguGq2L9ljcW6FLlvGd9HP3XraDaun2vdW6n5jeF/2XvjX+zJYS+H/AI3+BrrwVqWpNcXOmW96xIurNIXjaWJ8YYcH7uMg47EH8wvih8JtSXxDr+t2SSzaZd6lO0ZgUOUlkcsWYZwEAYjd3HGcHK/0FfttftpX/wC1hdeEdSh8LS6bqHh21mtpHefeLgyZ3JnJ2p3wBjBOSBmvhfwr8N7Lx/pWt+HvFGq2vhOLUkd7W/eN3lgnbgbHQjChuRnI4xkdvn+Eq/EeHxtXMc+yyWGqY2zxFKmnJU+Vq0vdvra17ystfQ6c6/savh6eBy7GwqQw93SlJr3pNRuryUEtrJNJfNpn5DWvw/P2nZqOsWWlW8RDPLcOskoHRgIwRlvYjGSOSck+l+GNP+DGjXM58S3uqeJSI9sP2RWtbaKTuZA4JdV5xtxyQexr6u1r/gnxqtxqFy+k/E/QdWt0OI7idJFaXB43KZDhiCAcAY6ZOSa5l/2EvEtoszXHj3w1C0RKlGB5wSMnL7W6ZAPB469a/VY5tgnD3ZJJu95J8zVo3WyXfvdp/P4ZYOsqms477KUHF6rZ6/L536HxtrOnWB1G5n0kOdKmuZTZJMf3qQElow+MDIUAdj8uePmz9s/8E+tIlvf2j/ACsivHHfW7cjILJcpjPYnOMdTwTuIPHWaf+zD4Nj0qCw8QeKrJrzTVc3N5YlQ1x8vyKItxJKk44OPQZIz7H+y/pPwk+CnxR8P+NpvFF3e2ui6ij3sMluQTGsu6OODIGdoxzt5AwSDivBzjOMPVwGLpUk5SlSnGKs1eTildXj893pqexlWGlSx+EqVp04wp1YTneSbdnF9rd12WjV1ZH6gft2Wpufhd4smu4wJo/FM0DOeQEhjKqpbgMMDA4bb/ALQGB/PDFYanLNcmK3mZCu4sqkqqAkHPBHHJz0xg9eK/d39pT44fCr4t+BNV0fw94hI1DWfEU2rfZ71di29sx4TqBuZeMYz1O7g5/MxrPwho51WxivVDXMRTZGgfcANxCN82AzAnI7HrwM/L8NY+WXZc8PUhyTdSUo36txhu77XVurvfS+/0fFMcJmWOhiaVanKKoxU3dK8ko31v0tpZp+rZ85+I7JvDUehhiJX1G0WWVt4ZduR8rd8qCMZzjBPOK9n+GPxu8ffC68hvPC2vT/YV2C40S7d7vSL2MgFo5LWVpFU7dylkAIBzuAGR498RoJr97OWKVZYrFUjijQ4McOGzu/i4GDk5wT3rhPD+pNElzFNJICJGaLLkgYONu7jGR3AAJI6cmvu8txUsRSj7SXxO+9tdH1e+lk+mrv1fx1WdOlVcaaaikknrq+Rataptvp18r2P3L+D37TXwo+MkqaZPcWnwv+JOFWHSrrA8La/cjA2W08pC2M9w4XAkcnc2NvGa+lL6S6024/s/xBYz6TqZVXgEu0w3EXBS4tJ1+S4t3UhkZHPBz24/mP1LVpY9QjuIJGhlgZSs0cjIySIxYMjodyOpwVZCGBAIJxz+nX7Ln7fFtp+nab8J/wBomC58UeCpZIrXQ/GqFpPE/g4uwSKWK6YtLdWMTlWaCR5P3YYcAce9SzCvhWoyvUoJ8rW7tdWs29Wr9W9NbmEqNLERblywqNqzSUYSatbmttJrS+jtqrrQ/Su7vmh5USk7UCvuwrq3Q4HGRk8+nPtTINe1OzJNvqEodgGUAliVPVQM9VJ9B2xkYp/iTQ5vD9lpPiKx1WLxV8O9fiWXw7450siXTbyGUborW/ZN4sr6MNseKQoxYHsMni5Z4pY/MjuWXBCk7gGGDkHHU5zg9cq3XHJ+9yqvg8bCNSlJTV0mk1FqacU07vvqr9tUfM4322Hk4Si0/stLRrS1vLV26pXvfQ7ufxn4ikRpDqDSbCgUhf3gPGWwDzgk5PY+1ZbePNb+SRrwzMhKqnzKecDtgksQeVxz9cVxovBs3FnQqzZYY+ZcY3DPHHB6E9u9ZEtzgvInzuWIDqR/FjIYZJ78qSCODjmvfWEw0pqTgrfab/uqK1Wl35J2b6rY8yripxa95LveSdrKDS010bs2raJPsd9J4/18Btl9hQ2fK3sf9ojkseDuGQMAfhWdc/FLxPbyhknTaQQNzkqS2Rg5ORk8HIA7kYOa86e6KiQsuGDsxIIBxkMD3yACc9TySvoc6S5DF1kB2t97lcYGSCDyAFyCSATnIJzgVf8AZ2HenIk21qk9H7tlrt+KXmiHjamijNrbrpdcutnZx+7otLav0F/idrTMwZIpGY72HJPByyHnBAXqCeeAtcF4i1ew8RrILvS4LW6kJ2X9t+5njcg5kEkexiVJJYkjHQ9KwJyYCzoxMYIYMBl8M2CDzggDnP4YzwcueVHfcHDjAJRsgkkncQe64I4yOTwOTnGplmFaTcFzabrSzt7y16Lrtro7IqOMrRSfN1V/eto3FaNu+m91deS0R5nq/wAVvjr8I9QN74R8WPrmnQK8qaVrIF7aFE6RFZQzuoAAA3DHI7knrvAX/BRr4e+Ib5NF/aA+D9lp8W9IpvFnhWLyp7S4XIN09ogLMQ+GYrgkDkdRWF4t0i31PT5yGMUsWTGQxBwBlivLZwAQRyAM9d3Pwf428D2N3dXIV2spwHBuIzhJG3HhscEnJGDn3zxXyGbZDhpPlpw5JN3jJaLXfVJP17pWte7PXwGb4qlKL51JJrR2ae32tXptZq/r1/pV+G3jjw9478NW+t/B/wAf6d8R/DyIHl0v7RFF4k0mAoNsEtpI3nFolwvyqSSAOMAne0nxa1nqkkI1SexvUZy9jqAePHUFMS5QMDgYXg5yODz/ACf6NqnxO+Duq2viDwL4n1bQJ4ZEn/tTR7uaFDscELd28TeTKjALkOpABwwA5r9ef2c/+Ci3g74o2+m/D79p7TLfw7riGCy0n4taXG0QlnZVjhbXYEC7gWA3zheASTyBn4fFZXiMvqKdKUq9PRuEnq1aOmnxK21tdVofX4POcNjPdrJUqrtFTSbT1VlZK/d32trfdn7TaP4sSZBHcsbWeUqQ+Q0MoAyx4+XBPHHH44qh4n0mx163lZoopZzGSk0W1HVwOAcD5j1I9c9814BqOk+IvCFtZalZamvibwPqEYu9H8U6PMl9YTW7jfFIssZcxgqVDLI3y8jCnkXbD4nSLJHb38nlo4HlXcTAwMFBAErEYVjuCsM9TgAjBr0MvxdNVYcy9nJON4bNWa0st9baWvvfoaYqDa1SlF6wktU9tto3d+n3rRvznxZ4YNtPL5nmHLMVlUFDFjP+sGQpAwAp5DHptGDXyj8SPCrKGv7eDdcRbmkkDKVuEHdl5II7gdOueMV92a7qmna8HhluRa3TrmCZmUwzbsEHdnByQDgkkj3r598X6DdwCV51ZI1XMVzGPMhmX5vvDBJyoHB+UZxX12Eq0p88eVxaXXSLfu29L3snZJprTTX53EUJXsmrJvV21eiXZpaNa8ttlc+I9Cvkg1yCV7cwuZWhyCAUJjcNuAOTlhgHPP4gH8oviTr40/4leN3VhIT4ivQFYYX5pcZySeck4I78jAOR+wXj3Qo9LvLPXYDiH7ZEk8KMqIGYlN5UHCjDd+uRkV+JPxikgg+KHjmOQKqHXLt4wCGX533DDDjt19cnB4rxOIKKdKjK6u27Wvbo1pdrXXpbTfoYUZ8sZQ0vFro9G0m7eV2le1rWubQ8SowiEqLh1xJlgpAbuScfMD7g8dVOCbljrNpJvjCqIM4ZyVLtGeVKN3HTBz1BBByRXht5dSlRIpdkCFWIztUEcDjBJH8JJIyM+mEstXuLeBldyMgbV5DMMFSMjjacdPlIAyOvHyvJUdkparvJOy91N30t3d+j1tY7IwjJX3utbNN7Jvdrf1eyvZH1JZ+JtOitBauYpIgWRgGVfLTv1PLMCM88FRnsFz7XW9JuGnjB+0WsTOQoIUoMgAL1z0Ocg5zgdwfmJL25nlfErrvYhEUttDcg7hkHIweoJJPGQDjtvDdtcSMQ0rmVjtAQnC4J5cdNo6DjqAQBkVlU9rSjKXNLTs9HpHbu9n57Kxn9Xpq14LRWejV7Wtp6avzbsfT2m+INPXSpJfOMc0MbQ28e4sm1+AQDkBs9cc+/IFdH4B1FdR1vR7NpTNILxZiH+RSFOSzDphRg9xnqBg48LtL61gSKyuHSMW7+ZcM7BvMJKgghcEMeMLjnIwOhr0TwHrVjY69davcXMMCQQmK2iABbc6hRIB8uDtCnocZ6c5GWEq1cTiYKrNtK2rsrJcrV7tK/bu0vUJRVKDlFX25rvq+RN2bt03+5H1hr+qrfatNIzjbasqLhgRujG3BGcDGPvfqxBrCj1W91zWdH8IeE9MvfFnjPxBdwWGieH9Kgkubq6u53EccIjjDkLvb53OFiQEsQK+bL3xt4h8Xa5b+GfBlldX17qV8tpbRWyu9ze3EsmxQirkhMkZkOABnkAV+6/wCxv8HNE/Zd0c+LtS/s/Vfjdr9jH/aHiq/WO4tfANjdx730/QzLuH9qlCUluYwGjcYUqymvpcTj6tCnCGFTnOXLFPpsldveyWjf4NXHgcteYV3KrNU6KalKTs7/AAqy7uys9bWd7WPsn9jL9kP4X/sd21p8aPjxpemfFf8AaaubRL/w94Hu/IvPCXwi+0RmW3u78Nvt77xBASh2sCIJVwVDKa9U+Jfx28T/ABE1nUdS1DVLi7v597XOoSTq0NnEekdvHkRW0EAG1FRQMKNoCjK/L/iL4g2dw8inVNTuvtc0kl7dPPJLc6ncOxLyyOxLNESWbcXKgED2HgPxF+OHhvwjZNe646Weh2DL/wASi0kY3viC5A3LbySKykRsceZzgKDkjOK8SnlWIxOLeJxX7yq2mm3dK9tEnokmtFotL6ux99Tx2EyzCxw9CcY01ywqTioqUua122umjSV+nM0z1Px54Y0rX9P1LxF4o1+70Xwba7hqHiC5dYLvV5EBZrHRopD5s+9TtEiBlyeijOfzU+KHxi8D6bI/hz4beGYNNs7d2DXV/GbjU9TZGOye+mKkKScyeXtBzgEVwvxn/af8WfGK/hjRW0XQdPRbfSNEtZJBY6faoQIz5QIV7hl+Z5GDAHv6/PE6PcP5szO0jSgtK4Ys2SPvNww65xkAjI6YI+mwWBlTvKfJu1GCStHSN72u2/RWttc+OzfOYVavs8OnZOzm3vom0tutt9G79Lo7iXU7XVJl1G7cTX84JmWTiBNpJAihwoCqBjAAx6MCSdK2urQgxKqsTjyyCVQM2W2g5OSucbVJ4BO7PFeeIdpWNFAUuBvzg5PUb2JBOc+oBx9a2Fllx5UZVUjPyyM2GUjksDxkgngHoeuO3q0XBNpx0tb3Y/a93Ttt30T2WiPmqqnUldyvs7Jv7TWqXVyV+lk2tFpf1K3YSRBZJYVMeSVx+8O3op9QcckD7oB7c7EGorAoMICtjLCNwcgHgew9iTnsRjnyOPWzEqokjvcIDlzyoBGMHsRx0PJ6ZI+9KuuX4fZGpKt/rCFCZ5HzBtpGeo6+uc5rvoVU04qS6NNfFvFPazXNe1lu0+mpySpxctVrLVX1b0it2nZ7Lfze9z2n/hLAicySRltu5MgsQBg4xjrnqRnDAZ5LU7+2HuEE32hQrMWRZHO5McZIz1JwSD1J46AV5PHPaSjzCJjICpPmMQHdQMgEbRj6nqcAYBpz6q2SsTFQSBhWByBuyVyQAWBHQce/GdvrHK+Vtu22jaS0Vk3o79r7rurKFhYOautPdt0193q3bfbXTXXoepzX0twAFlXzflLOXG0qOgAXAwAd39OmB7q6Q+ZJdpKAv7tWZQrEdF2kgEg8DI6c8jJrgLSc3GC0iqoDbI2cIzMD1OCMrgZO4jkHB4qYXDzEpHLmSJuZHJYEnkKpyAM9jgHrxnNYyxTTScpRWnnd2SW1295aWu97o2jQhC0mktraXk7cqV7avVvffTodo1/qNy6QyMFXO4KoAQdzlhgHBI5zkjA5ABqxBcXaSg78kALtjG4HaeMkbunOckHgjIrEsJ4hsWe6YM6kEcBUJPGSQ2QRyQcHjHbNdTbxWEH72S9MjhWMmzOAoyWGVUAk9x8x7gik8QpST5vherut01otLXd132avoOVOGnNFPq3o/wCVLp2tfy06WNvT7h3CPJbrtRsK2dhb68jIB5O7I6muvS4kREuUISVEYrkphSSqqck5AXLDj2J/ungdP1SGeYxpFeGJGYqY4SQwJJC9CD3PXHUnGdx9E0+0jkjEkispKkbLkiIIrAnhWOSoIznOeevGBpKvTlF3motJJq6u1p0XVbXt6b6ZOndrkinHS/uLd+Vr6220enzNXT7eWGcPNOcyRIhVCASCC528kYycfKAMjJwc10OnWTzSLcCcBFkaMRswDNnI3EdPlA7fMNw/vADn4dX0iznUXN8slwIykcNnE05YDjG5QRuHBwQAPXsNaDxE8If7Fo94Y3RlWa8VbaLeQSWDSgZz2GeOqk9+GtiHooPTo+bZ+7bRp6c3zd9F2uGEvyvltZ6pvX7O67Nt/knojUubeKMLbJdS5kkLzlyFRdp/vkFTjnAX2xzVhbiPT2W7t2mDjEKfv8K3QM+fYY5ORz0JGa851XxTdLbyRzX+iaQgch0kuo5rg4BySoYNkYxgjB5wuCc+b6n8RfClsjfbvEd7qW0FHt7BGRC64HD5IIyGBx+fJB8qpVd7dWou0ndXaVmneza++3TY3jQhBpSdlpZpvtF6NpN8t3dNLfZq59L3niO3iYNrMthdwS5QwXcEN3hmGFViwbABGSRjH3sggVxGiP8ADbw1468N+O7bwZpZ13w5fNqFteaSi28s0hIJSVECqDxuCjvkYOMV82Xnxa0HBi0zTZ3VzjzdSnUruC4BZSQxzyQxAwQRnPB5S4+IniIysbS5sbeFgXKwLu8sFTtweDvAwQ2OuemRjknhaeLjKFSCtJa3ivtWTVnql08vU3hXlg6kKlOq04yVmt04uL2um7WWr89tz239qDxLqvxg8eaN4p0zSrqQQ27JeR3YCeSBOZVCkKAY1P3sdccnoa+9tK/a/tbf4Fy/DLVfskd7qHh7TtJt7+3udsFglsVU+fErKxkUA7k3ZbJBAHJ/IWXxPrmoSbrzV7uQsCFCHy1KMSMNtxhc8HnvnHGalg3RpuLGZHXJJeTliejbiQWBOPqOvJYefW4Zy/Ewp06kbwpy5oJpaW5ez10vvdrb09HC8VYzB1atSlVaqVoqNVp2cknHondLd76a97n3V+0H8bfHPxi8N+F/Bx+Iuh2+g+D7GygsbWxgltzqElvGig3QVwsjpsyC2TngdzXh+g6rr2n6PHpjeILC4z5yS3KyFSqyZLRqpYhdxzlsEEY4IXFeGo4VdxjXAIKDq6luCwOC3sBheue3LDcyJ8oGY9uWVjjOQepySTluq85PPFdsOGsuhRiqUVFK7dr6Skou+qSt3atpt0T4MXn+Lr1Od+83Z/ak0/dabutI3S1tqns3t1Gr6R4qY3kFillfR7zKJIZUaVstu42sNx77cE8nJP8AD4rr2j6vNfKbuN7VymxjMrqmOrFDuJwe2Djhc+i93Nq1xBzbvJCxBBCSuOmRxtZTgLuBJPGGAPpnPq2pvJ5st4lxhGXbcorggZXGW+YE8gEEEdsd/Oq8L0U/aUat5XUk5W620Wl1fW7a0d33a0o5/OSjCtSUo3d3GzTWnNrvt0u9+p4xfaTqNjdx3FnH/aFnEx85XYuN7ccoTzgHqRjPccGvQ/DXwrmbyfEmpXFvaxXW1obfO4I0qgvuHRSAc4wMNwM9a0tljePtmtZLBpZN0l1Ztuj3FiwYwk884ztBzyemTXTyrqotJI9O1SPVI4ohGlrkRygbchhE5zvAPzEDrkcdK8XG5ZjaMf3UHLX4km7bXsnZtWbV+mnz6PrWGrRUoWWkWlrf7O1unfVu/fSxYHwr4c1S6MdqLuNLZxNczurG4mIwyohGAVPzBgBjGM9SfIvEXxBTRby6uLVpIYlDCCIgCSRJjkkkYyEyQD0XGOg4j1K4urR5ZZraexntxJ8twHCyl87nUsFG0gnB5B7dOPDdaub3XdVIuXWO1OIRMiEpEUP+sYjhiw5IJ5HAwK8yjl7u3Xi1KUVulbWzTb0W26adtVzXRDrStaG26lFaOTs73urWvo2m0+rVz0aXxbcTyQETuq3v707CH3s43KHAO3I6HkgYIPHRT401S2EtqNQaJUYFIBkEkevIByCAQvUHBFefT6fbaWi3y6g0yLABFtI3I6nhgoIwp5x347kCuKj1+W41EAkljPtid8ZB5+8AcnJAwOQcEjjr1LLMPKT5VFtWvfvaKasmtbu1lpre7TRn7Wory1lyvRdUrRTdk9nrZK+trXR9R+FfibqFlqLXjCySeKFYwtwi7bkoR/rFyDuGB8xPU/Un3m8+M2s6zp9mmoWXh82E8axXKWs6RzumApDYYFCy8cZx24r8/Lq/dbmOJnETZJkkztDHshHXHq/GCT0HTotJjjuprOEXZMcsillSRmfcWwFRQSSCeOvGDzXNWyukvelGyjqm3K6s07dnfVX0VnZPWx6eX55WpXpRTam7WaWusV1TvbZrez20PqSPXfBzeJLJtK8OXbXcN7BPHdR3BuYY2XBdVUkgkE53ZGenTg+z+MfivewWSNok+y4hty9xOxAmimZMCGMDaQ3O3o2OnHBHhGlaSvgu0S8ltNtxqSK1plwZI4wCCZNwJXKn5sZbuBkcVbvw7Jqgke01KJ59SkM6STThY41UFnQoCADnKqfu8cAZwOObi7RTapxkkorVXXKlaySa3t1d9Lnp4nFVowfLaE5RjdJcrWzukvTa2m17qy53xZ4tvjpIlubsS3uqXImlDusq/OONwK5Tdkj16E4HFeTPKFLfv386XfuK52jPIKAYwSTjjvxgV7Tp9t4IZ00bXpoTds3lPdrKrLFLGSGKoSQvT73Q4HXOK6OD4T+FdWIt9G8QRCcNLIHunXDRqCTHuyMMvIx1zgA5U16WGq0qNNLlmr25UoydlpdvTdp3v2du7PMjOc5RUpOS01bvrpfV6Xd29HZ6W1R9d+BVNp+zpabyJXuPD92Rn7zfuzycEH+Ln8yc4A+DdPuZ7XSfNiAIW5uURDwyu8jE7R3PcAdCfpX3MmoW2hfBpdKt5I5Z7LRb21CxMZI2wpUuoUnDE9CTzkgjAr4R0uJLrS4lferSXksknPyqN7YY/wAI64+bOcnnIr1ck19vOSaTndXVv5eVX66q66prU34klTlSwKhK7jRgnva/ua/em7dLbNJ347U/Fklre3EF1NJJLtPlkMDgspG3awyAe4JAyOg4JxNM1Kzh1bTL95mgaO4Er4J3bywxuAIxncQemMNwODU3iLw1cyalJLDGX3ykucqSVGCrqf4Rk5HTHTpwcCXw1eBg8IARGLOHPzbFKlsE/fOfuqP7xJ5BNezVm5QcFe2qjd3uuZO7ld7fktT5+nGjGKts3f4nrdq7va+trfd0s39AfElLC+NprtpGzr+5E7GczMJWiQll3bh5bYxjGRwOCM1zvgXw6/xE8XaT4XtLm2srzXLpLK3ecKIoZTjEkrs2EQ7sZzkYwOQK89nvPEy6dNpizxy2BRWCSMrSxAH5U3kEhiBgFugwODiuTt769067a4tLmazuYQsn2iGaSKeCdMNuSRW3K3YBSDnGCQMnGlCSo8kJWqa293RX6q2666d1Znbak5Rk9E7Skr2bV43fR2svS7bPv3Uv2Ivi9EzW1ha2eouk1zDaGC8t8am0Kkt9lHmMVcMDgE88ck/e8q0TRr3wdc32ma9afYb/AE2d7K7tJpEFxFcK5V8x5OQDlQwXBByGyQD8/WXxa+JFg0S2XxB8TosO+RHXVbxjG75DFGMpZSQfmYYyDwATzyWpeJdeur65v7vWL2/1C7cTS3Uk00lxI5w5ZyzMW3ORksSAT3GAVhqWNpTcsROE4Jrlag00uWL3d07y2ats9epWKp4atBRoqUJNJu8lJfZ1Ss9Gm9dOVvc9n8Y+I9PstWdEbfL5qjaSAApUZAOMcN6bVIAPByB7j+yl4/8AhZoXxh0G++LulahfeBrm1vrF1sJAlxZandRsljffvAwkSGdkZgRjCnqF3H4QvRdX9ot5NJJcXJmxI0jfNyOACOSe5OAB2P8ADXVaTdbWtQjAPaKsjDJJYqQxHB9Rnr+hzXqyc6tCdJycVKK5JR3s9H72uzvdLdJ9Lnnww1OjPnS521d7tSu4rXvbVNO10n6n64/HaDTfBeny2EXivR9UsPFNveNp0uk3cE9xa6bfgvZx6mUbbHKsLqJk+UhwVwOa+MvBHw50nw9At7N4w0d4b5rgtH9pjM8UbMQRgsVB+Y4G0Ekjg9R4VrPiLUdVtyqSSJG+3PmySlcRqVIUscKoGeFXGBxgZFe6fs4/shfH39qPX7bRvhZ4N1PUdM81Yr7xVeiex8M6YHYCSSXUZgsDPGpZjGrMzYAyOBXjNRwFGc62IXImrzk0tFZWd229O270WqsdWEy+eKqeyoUZSlU1ahF66r4rtpKyTu317I8u8X/DvRLC7N9b+IbC8tr24kkTy5EaZS7HgnnJzjA2gjHHXI4B/B+nQkGES3oG5ml8l1hyDjZ5pUKpzwAG5X1U4b+iO2/YM/YW/Yp0Oz8SftU/EyP4sfEW3ijvP+EG0q5U6b9qXEjWRsIZDcs0bjyzcZMbAZzggH4K/ap/bB8AfE/Sbn4efCz4KeDfhj8PLS4E9reWdhEdfuokOEWS7CmRQ4GdrNuwepwQJwWbzxNWP1bC1a1D7eJkuSnF2iko81nN+qslc9PGZHHB0L4vG06Nd25cLCTqVNk3zNaJK2l308k3+d3hzwBPrGpxxWGlKzBlM08jgW8KHHzSMMLhAScBs9ccgZ+qfBngzw34PWS4t7KDV9fALG/nUGxsiDykMb4VmUdGIII4UkdOK8G6vpR0qOOCNbWOJN1yVmCySBhld+SSykjkfXvtI3n1y3eFo4nFvbRhnKBgrTYJYZIBIXjqck8YPOR7k6/vKPKtddObmekdH0SWl3darTXbz6NGjSh7TncnZNOTflsrLbRvd3W1zqdX1yVzJIZxNMHw8w5AOeYokBCopO7gKMHOANua5a+1Ge8/e3BbCKI0jycDhvnODgnGDkg5JPTPPKrqi3t4fKOIiSyrkMq7SDuIJOcep3HJJ54roUm3W0pWHzHO4bj0B2n1xu/XPOOjZzlUu43jJKyV9bNK1rJbx9N7q7744jEyqXjCySXeVuZWeis21fW32Vr0NnwDGkmnfER1uGVYfDNwcgcZIX5clDgndxtIznBBPI5Vp5k/Zw+KTxxpte5sY9zjaxQsxzwedp5wOCCcjGa6f4eFY9A+JjyqglPh+XjaPk6Y3dyMgkjgc5OeBXA3jzP+zl8Q2ZiA99ZqByMney42r8zAY5xjBxnbzjaqoyoxaXvcl29d04909e+129zfCNqMZNWdkrXei0VnfZtabfPU/NqeSTKkELhUYYBDc8HP49Of5YqF3cgjkKW9QSf7wJwPXPXtnHrrHTJ5GUDnciNg/KcADrxnJ788DvyCFl0W7WAPsBJfg9MDORkdTnoCenPbG7yW316rt006/K/326m3Mld3ts5aX35fx3SdmtGnorGRb+WHjWZXKlv3gH3mjBBIDAYDEElenOPSvrf4c/Cj4S/EG0SLTviGnhXXkVM2OvwlbWR9i5Au22ooZjgAknJ45xXyUIZbeSTzUKkZBw3Cnjoc9SVYA8jnrjk9j4ZBYSBlDElQWDEOnQkhxnOT15PGSQV5rlxFOpU5VSqypzj7yas1a6VmnF8y73enXc66GKp0mpVaEa0JXThK97e6tLNO8bdU9fk39m6h+yf8U9HtJLrRrSw8V6UWLR6hod3BdB0GSP3cbNJyOeeBkD6eS+IfD2vaAJLTWdI1PSrhF2st3ayxE4JBIJT5s84bhdxB55NYvgr4n/EPwVO9x4X8X63pKRTHEAu5Z7XghdjQyu0e3PzEBcjrnrX1Vof7X3ifUIre1+I3gvwz47sGRI555bOGK+dMqu4zbV+dgrEcrk4AByK4o1cwo3c4U8VG+0G4T+z0k5K/Xe2rvfW3TOnlWLSUKtXBNtc0aidSne6v7yblZLXX5uy1+Nry3km+zoXbkEKxGOnBzkAj1IPzcdyc1ds7Ha9szhmSNmyF4PTORkdDgn/ZPGOuPu0+J/2LvHl3s1rSNf8Ah1qxKRlrMmWyidxhnAI+VdxPsBjJIBI7CL9k34a+LFt5vhn8btA1DzlMkVlqckcU67jlISpcbWAZV55J6j01pZzhoTSrU8Rh2rPmqU5OP2b+9BNWu9Nb90tSnkOJlFSweIwuIi7NezqrnteNlyP3lsra9GmrHzHpOnW0tnAZkR1ezJ+bAKKysACBjHXIGfc4AwORn0mOS1eJCuDdkYYBgg3ZUFgvzYGAOnoB6/beq/sifGTR9O82w0i18RW8NuyQzaPdwzPKvI3CNG3EuM4x/e5wTivm/wAQ/Dnx/wCGbCYa74N1/TpY7luZNPnCYUn5g2zluM5Gc4z1yR1wzHL8RVUaeMoSlpeLqRTXwpXi/eV9dHru+7OGeT5xh7yq4TE8q1uoSlFX5d3HRJvz8tLtHnFx8PYZYGcrauW2goQpZshSep4OCSMke5POMgfDu6tdk2n3N9ZSRuNz2d3JCUBbgoYXUA88kfTir97fa5BI0SNPANisFlVlc9MAh13KwODlegHpUH9teIoEAeaQfvEBC4cEZ53FcgEc4H1yMdNJUaE+Z8sKiuuzu9N7fj67nLCeIpTjzKpTaWt1JPpre+j2+9X20978IzfF7wdHBP4X+KfizSn8qOTZJqFxNACFTAC3EsgUKMDaTyQTgdD9C6F+1t+1l4Q8sf8ACbWviWJVYNHq1mJg4AO0SNGIwQcDBHJJYZJBr5lsfEGoSWkcTSuR5MWVY9WZRk88Ee3OO3Ste28Q3MCEPDIwGVUEjawKkNkcnC4OD0wewyR5tXJ8urOXtcLQaaf2Ivtrr1tu777rRM9LD53jaE4+zxuIpx5rJKpKz+BWV3JNW32Tu1e2p9u6X/wUr+JOiaXbXHjb4e6LrplufJaTSGFpKoj4feJS2C5DdVGQMkEZNewaF/wVJ+Dd/JaweKfBniTw3KVUS3MKSXccbADcf3ShSBzySc8EdMV+Y8ejvrdhBDJCkaXN28oI2knJYArjJGCeDnnJPIwag1T4cqkcYW3i4Uq7SsGTK4IycZ68cHjoQd3HzGL4XySrKUVSdKzVuSUk3tZKPe66bO/R6/c4DibO4UYThiYV4Wjf2sIyT+F22i1p13W6d1d/td4d/bv/AGZfFhFunxGfS13hFi1iyktkUMeAzzkhh25GR13cmvZ9M+Ln7P8A4tj+yWfxC8DaiZiBEJZ9OaRmPJDB0LcdPXp0Ir+d5Pg1BfRRSy2Nm22WMzMiqGZWYAYO3gnjBORkZxXm2v8AhCHQPEOoW9ss1ulsyNE0FxJA6AqM4MTr0OeffuBgeT/qNhMQpRw+LxFKSSa6xSfK7Ozvvulezt8vTqcf4/BKEsTgcLWhLflTjppd6uSXXs7NLvf+qGHwF8KPEFugtYvCeoxswLvYXkcDPnIxut5YyMAjBGO468muvwL8HvJKujTaxo7nARtP1qVowwywCLJKyjORgDJ4GPb+X3RdZ8Y6GUn0Txv4h04oDIIo9WvDtPGCFeYhgMZIxt7HHAHpOl/tQftG+GGiOn/E/WbmKJgEjuWE0fGFXezZOAOGy3GQRnNcdbgbNaMEsPjo1YJ6Qqp67O2jla+9ndKyV7mlHxGySrJLE5bUpNu/NTcJJP3LOLaTfayvt06f0hSfDLxjprwx6D8TNasUgTITUkS6iYLgkNIV3MowSSXBIAFRXFh8aLCVXt9W8I+JRDgn7bZNHLMuBuDOWAXd/fK4HXIAwPw30P8A4KVftA+GLu20zVzomukQxM7XMZ3srD5gzj5cnAOeOTgZPB+g/Cn/AAVY1yzLjXfhql6vSWSwuIgHBxnarZxkFht5G7BIA5PkVeGuJcNJyWHhVi5R96nKDcdu7jLyVle/Tqe1S4u4TxHIpYmrQfapCTV3ayWkk+qWqtfpbX9Mb3UvGzOz+K/gZ4c19srtutHu7eOZQWwXVVB+fac7XyPl56rXIeIV+GV/BNH4k+D/AIj0wuVM8tppUN+YGABwpitxkDjHqB7jHy9o3/BUP4W3s8Umt+FfEvh6R3DTSRk3KDaemxOynvtPHUcZPs1n+37+ztr9jJ5Pjm40q5ljDyJqdk8Kx5K4DGQbWxkscrjAySeM8rXEGEleWCxbSVvddRrZapwulbZLRWTd72Oz6xw3i7OnmODblry1FTi+mr5o3vqnZ676o57UPhZ+zJrjO0irp8snz7Nf8MXFq8QzgAyIsabR/EcEbeewrmLz9kX4Ka+Qvh7W/BF+wAZYoL9dPuVBGcHzn4wSRwo467cYr6d8I/HT4JeKIlWT4heBdV86JTEsz6cr/OuQsqyqxPUFgMZ5A9R3qaf8I9cYsmneENXEwIEumXFrbMRnoWhkTJOSvysACPdcuHE2a4WolWp42CSV0+a0bcm90rpa72eutrNiq8NZPjLVKcsBW5kleLp3fw3WkrJW06Wu/RfAH/DD9pZy3E2h20gLqcTWOoWupxbMg8RxNuPqOe4IxnA8t8bfsXeL9QutJv0/th10rcUeHRJ2XC7jtdV64HUgcjGcDcT+pf8AwqDwPMwn0601fSi7gq2m69cp5Z/h2oLhwQoxg4wfc9ak3wq8T2F1NN4f+IXjTTIYo/3Fs15BeQljgjMcglZueTx83XgCvQo8a13L36tTWyaqU2rtcvVNvz3+Wx5tTgHAS5pQw1Jttq9KpZrbWz0SS1t0+TPxg1b9m3x9a3Dqls8m1ZCi3lu2nMA24EATI+c43duwA4riD8BvH8ElwJfC13cRwwMrSWQW4Dux45QYOCCeOmATuGcfuLN4M+MYheZ/HWhatuKgweI9CSSQoMDaZY0GS+PmIbPJ9jWRL4c8ewQyy6n4R8Da3MucnTp59MeXHTK+YsYJCkDKgHIJ7169DjGHu+0VKrpdWm03flTunpzRsrdLd9zxq3h3Su1CVandrdc3bqrN3V9bt/kvwyutC8a2E0VreaNqVmLMIIlu9MdUKqQCAwVlIGCS2cnGQcYrjPBXh/Ubvx54lLiHKG3nmjePygvKg/eAHODycgfe7V+8Fzpx8pptW+Emq2rg43aXqVjqEWFBICpLHI7Lg8dBy3GTmvK9R8P/AAnh1G4n1Dwd4h0jUdQMf2q4uPDkshbBGEea0jRCgOSSASByBkmu/D8T4WUVJ02207ODjZJuKe71e726nhYnw+rxVqWJlvHScJxVny6b69be6vW1j8ZPE/hvTr3WtWdo4kmFwIiiyR72IAGQhXcRknaF68DJBJPOy+EYbeCMQ27yBCSFJVWIBLHIBzt5Y89yuM4r9ptR+G/7OPiCZ4r+60PT7ksoknv9Mu7CVW2kEOzbed2QeCc5OMHjkL79kz4Ea7cltK8beHoyUIUaXri20wLDC5jupOWycBcZOQOetd1LiDAytGU6kb6PSVlezu97tPqnZ21134Z8FZpTSUPZ1LLdSSbu029tHor+nfb8gzp0hDW8ULxEfPh4tyoO4BUHrz14POD0rlvEOnOtxpJlmJGLkfdwo/dtgDGQSNuBgZ2iv15vP2D9DlaYaF421JnKLsCS219Gd3Q7oic844IIXP1z5l4u/YA8XRQ2d3b+LreSO3d44o73TZYsyTBkXfIGCrtLfNkAhsnk5FddDNculJOOIjdq125R6Lq10ve7dvK1jgqcL51S96WGk+/LKL8rWTdrrVadFeySPyz8M6YZUAAbfHK8o3kBSA4YYyDk4yccD1OSa7q90Wa4MJ2ny8xnhgASoDMTtwCFUdD83Tj+I/YyfsKfGTQEkFvN4d1JY4y5Ec6xM6khgAWHUDOAenYgYFcze/s5fGHTm8ubwRdXZV0Jewc3KlBwSuwdCAcgYJGMYxmu6OJw1SSccRT2urzTvqrXeu2q802tjiqZbmNG6nhay0SdoPZKK1aTSWvfXTufJuqWDwXqIsbiOS2VlbOFbC5I3kDJB6jHHqDTfD1hK1ySV5DkkY7H5V44ByffP4YNfXc3wyuI/B13F4n8NavpGs2l/JHZtc6bMGNu5PmKHVeecYJPAPJBrzGPwbDpmoRqjOFPlgrPBKjkgE4IKgEBsnnqT6ECuqFeMmlFpp6J+7qrJO219183ZanBVp1IRtOnUTVnrCST2s7v1W3XffXtdA0pf+EJ8QTSoFlii3RgkDDCNgOnBOOhwOu3tk/lLd2p/wCEt8SLt3Ealc5JPTMh5O7BA55+8cDgCv1jXVbO00W+sHmhLyRyLJh8AhYyF3A8jBwADnOOowDX5YXOw+M/EmWBD6ldEglV43/KcnAI6cYIYnB6mvWyCC+u1fddnGNpaa6x5m1r8Oy7b6asyzbERWV0owj70W7+TaT1Xld76WTt5a/2SLKMsQIUKGbPbJBIwQAeCSBxxjjg1YuLCOCGZlIAOCoAB5JI4Byc8nAyMfjgSRzIsW0OD84IzggkLjaVPIwDgDPU/dHZjzb42yw3bu4OAATgAHGc9c4yDjON1fcciaSglbd9HflitfwdrrX0PgoYpxm+ZPR6XWqWmzavdLa/XdvUyrK2Rp2cYUFTnOQMADgA4w3rz16lcZFDVbcG4z5a8J05G4fxHqB8oOemDwMEZrZsSpmJm+VQrEbQeW3YXI75xyenXHTDR6w4aZSqBtybSVIJAPdhn7x25B7fMR75LDppu27vbRrdJb3dne7vumtdh1MWnWg1e/TSztZdfLdXVtr62MG2s1kiDPtVlYgEnc2MYAx0IbrjjGeTk1wmm2sf9p6iCox58mwkcA9B068A5IxzkZr0KGVm25zGkchI4XDFRwNw5455+U8ngduV0pQ99fnZn/SWAxyQG3cgH1yMHpzyNtYOilXoJpay3TveyV35b9rrz2PSwlZ+wxMrtOMVdy0u7RvZO1tb6ttNdTcFg4UMUyQg25ODhsEYwcfdx2yDzn0WOxLtCA2CWOWwfkUk/eOSOCSOeDnBB6jYBXCxuWBOCwOMALgAZI/iwAeeueBzViMw+ZGpUHamF5HDEDG4kcg4HXPcg8DHoKlTbd72slrtpyu1t7taPpvotn48sRO9+ay6fNpdr6Wa/SxhXtoyB1EYMfHbAJzjccjkDrkHAzg7sisiC0JLyMvyoxAQqQTnB6nso6YGAMEnjJ6bUC5t2A3s2SQqYL7d3TgjnqDk89cc80WjDQAAlXUDIJxljjJHIwcHoSwHUKcEDP6tFttdFtyrTVXaf36dF66EK9VxSTd79b3sra330b0uut7aGJKVQhIwSCGLKQNnHGAe/b88gdcyeUZYsBEEaIARsBbLZOFxjB9eh6jByatPbDhUXOQBtbO7JycnB+UcnnI5GSTmrAi8qJSBhSmCACCccY5HvkHj1+bocZ4e29rXVm/RK730touujfk+uNdpKEZNy0+FS1sld3k1d9LPRpbXMpoYwYlWJELA5ZhxwDk7QCAQexPJyc4AFJcWgaEZA3BsDC4XBYYORxk4PYEA4zk5rT8lCY/LcHKnf5i4KkjgjBOADxkjk9eKv3ECLFDCD99DkNsKkjB3HhiBx+nPXnJUIu/NFW0u7W0fLbZ92lvt8kdCxEnKKcrWcU03rd8t9VdXtayWl091e3k10GXVFRdylmIIjZlcbt3VsnjgFtp6Y9s9LFDcqpZLm6jPlgqRPMGOMZKkP04P3c9gec5y9SiCatGuCrMZMtwASe+RkcZ4wcZAIJJ56aNGKxoX3SeXhB1HQfMOBnqSCT368DHJhqMZSrWSspK11d9LL5u3Zaanr4jE+xpYd87tOMbSTXS2t35Lvq2lqOtLS+lEjDU75BjAAuZhv5ycEvwMZP4dsCnW7aoJHRNW1CMKxG83dyBge6uc+g9CV5q7HiCIMGJ2794XOM9O2SMk/d5POKmtVyrbwAXlB3ZwWUEkg88HcckKB0A46Dp9hSvFWSbjtrveLXrvrdPTTS2vlPMa0VL3mo3Sir7v3e++rf5taaVk1DxBDHL5ev6uDESyhdQuQM8gniQEr14Gec5OeKRfFfjCJdsPijXIyoyGW/us56kczcdOhBAPbHW0uCZlAHz7gvPy4BLHblhkYXqTk8kEls1m+SrIwUKGGW3MwGT159x3/PjsPC03s0nZ2V+zWm1m9dl01bs0i6eZVficpJe7711faPdq9lZ6X3VnY0E8c+P4GjZPGGvnkni/uCBhcZ5c9uhwOTketdDbfEf4nJEJYvGniBVA+QveTEHBy33nIJA/PjOASV4tYlBVVPzDcuWJCkHqR3wfbAbkg9q14HX7KbY/LjlWYgHrzsHqCeeQOV6ZrB0OVtc0rtN6SstOXZXS3tZLR3t0OmWPkoXU3e6Td1rtr621TfRaN2SOk/4XF8WrZSY/G2tgryxMm4njq3BPQng8nd9awdS+NHxPmuLaS78W3t3JGA8LSBXK7sliAc/MOuMnjpuOQcu5iRIJsZUAFflz/D9085OdxHHTkA4xzwWoDdc2+X/gBAJBYc/dC9yQAc56E9cVx14yik4zno4pqV76tL/J79NNbnZhsVOq01KTTjzaPWysu73d76P5vb26x/aE+LdmoEXim5dGULhkVtyjB4BU4G7HoW75BFdLaftUfGa2Tyz4gR0BBw8RVge5LDBOOQckZwDkYNfO6RBo968bDkZzzzgjgjBGPvY3c56EUBNxbLHdgYY8AY56HgkEDsfbnmoipqSbqSs7O6b2ajeyd+1r9PU2debdnJ6Nb8r7Wdul9FbRNprqr/UVv+2F8Z7ZWRdQsnAA+Zo33ZJIGc98+nct07a9v+2l8X41zMNMuWZSFeSN1AA64wQD9CCCQCeK+Rw2SBkkMwDcg4+h5zwMnJ444FWwVUbQAfnJHIwATz069/vZ710RbVmqknpdrV2trp7trLv12ts3nVruMU2k9FFNx8lu5dbaaq+6VrNH15H+3D8UVUC40nRZ1jXGHibggMQQe7c8A8c88gZ2Yf2+PiREsaSeGNClEfUC3jDHDepByGOccYySM4PHxHMVXcq4AZgO3A4yQSOmeenAOMY6VwgLEbiwA4UkYBwOc4HPBwoPXHU5FCnUVuWs23otNVs0no77W0fdelQxNoK0INaL4VfSy/BK9n5PW6PveD9vjxaWElx4H0OZ5DtctbWwx1BAzFjqeVPOcAjjB1IP269TJ23Xw70adSeAILZRk8knMeCfXsABxivz8RV2bCPlDHjjClvQjkqRyASSc5rUiVVXCk85OAFGcAZA+oyBkZ3DozGnz1+ZctaS0u7aWva+iuk3Z6PV3ve2+NXGLRulTdrOzpx8nrvdWs76K3Szuvvi8/bj0O6s57a/+FGmOHgdPMSO1GCykk5MWduTkA4wePQCfw7+2P8ADeDTLa2v/hFZXTo7ZkWK2KMCc4H7rduGccjnGPYfnXfyY+0RAgApnBPXI4A7cls84J6Djiui8O6rb21jBA0UUjq29tyAkjJ+UknIHfjGeMnoawVWsq0YrENOKbUrXe6vvo99P0Wr3+tUvYKpKhBptRcVFRu7Wu0kk7W32e2mz/R6D9sr4JIxNx8HY4t524WG3ZTkN6x9ic4ByPouDOP2vP2cpQftfwi3q5OQsUagc/NjamR6YHduBmvz8uNZsZAQbGAbjhhhF28dQdvU8ZABxxjnJqOS905UASziIBBTABI9icYwT17Zzxk1206+LgmlXildJJw6LRuybs2uxyvE4CWrwcXtqopWd4vpd6arTonona/6KJ+0/wDsmTEGX4U3EbMoDbU6dcqMRnIzxtwPlOMgcVIv7Qn7GM8h+0/DjUYd4Xf5cbrtbGf7uBjIByOfc/d/Ou2lsncu9si5DbgcAKAB2xz1Azjnp6ANe1sJnd/LRBtBUbQSSchTjOdozxgMAB0Bzm44jF2SVaNr32d/s7a200vfaxy1K2XTkl9TpauOjh7u0bXXfr9+x+jUnxk/Yku9y/8ACNa1a+YOQsch2Dnv3A6EZ/Cqo8ffsQ3e5t/iCzRlGNqyZVhtBBPK8AdscDA4Oa/NaaCOFHcRoyghSQinIJzxx9M89QDwcYriW0UbGtYzklgpVOB0OAQTj8evJ5oWJxeidRRV9FrsuX80vN3dnsDjl7SbwFGdra8l7Wtd2Ss17tm9UndaM/TYXv7FGplivirXLRCwxuVgQccHawJI9+D29AGv4a/Y7uyXtfihqKgkDYyYIHOcDaM9jg446cnJ/NGNNOdUBihQ52ENhiCucjHtkgcAA9AR16Xw9omn6reiCMQgKpZgFJCjjJ5yRwMhuMn+I5K1UMVjJK14yu921daK+jjb9Xd9zOdLK7RcsBTTunZwSjL4drO99bu/VNM+xfFXw8/ZvvYJI9P+JzHNwq2vnEAkOfm+UkhAOCCcAdfTPMt8BfhJcsIbH4n6cS2HDSTIEAIHJ+b72CBg4OCCSD1+O/Gul2sWpTWtorL5QjYBQQEbOHyeuTjAxk4J9DWxYeA9YuYIJIJXHnxeaF86VXVSvBPzja3yj5c/NuG3hiRjFVqlWbb5rWUm1G72u0rdNN1001O722CpYalT+rxjTlZRgrq1rN7PrZdb+rPrVf2ZfBBffZfFXQpdpChVljBJJ5yQ/BHA6ngcHk09/wBlPTbhwLb4haAy7SV8yeNe3H/LTA4zjJ9v4ufkxfBviC3eUi4mQw/eC3MyEndwwIdTnp93Az3zkVWk0zxTHl1v75GXAI+1zq2M9v3mSDk4PYnOME5q1eyTjp0SUbWTV7bPZpPbVO/Y55YjANq9O0pWum9b2SWj79tNu+j+rv8Ahj7U53aK18aeHnQljgzxgMoByc785zjp1HY9CL+xt4qdNkHiTw9KoYnP2iDeVGeclwc8k9yOQcck/IzXnjS1ZfJ1jVAu3GUvbrAxj5STKenOeOnQEjIsQ+J/iJET5HiDWVVRjAuJ+oA6bnJ6LwcDoecHFEanLo6euybh3snZpvXpfrfV9tYzwlaKUVLlsrpTd0vdd27Nrqm+1j6cf9jbx8HIg1LRZ0AOM3MQLKCSCpDjjnn5RnOc4zWHL+yH8T08xIYtKlAbJZLuM7gpPHDEc+uBxzngE+Hp8RPinasgi8T60m2PHNxIeuSw5Jzjjrlh68c37f4vfFuD5YvFOqjcCCN+SSOT2zyD9ANw9RUTquDt7JPe81F6q6typNJbq/VWbWuwoYd/blGKaXxp32VtU9b2Sttum3c9Jl/ZT+LcTuE0i1lU5CGO5QucbcYXkjLe+CCc46ig/wCzD8W4QS/hh3fIyolU7gCDx1JyTyFAIOARnBPPWPxz+M1sY9nim/baWID9c+rZ5HB4HGDgnGcjoof2kfjZA0cn/CRSytnAym45zkcBQOeCOvXtkio9tFxinQ7WXv2eyu3qk+qXUuMMPonUmrP+a7T0fV+X49TB1L9nT4q2Vs91N4SuwqDLbQzEKCcBcrtLDgcfw5z2rMT4MfEx4Ux4U1J1dRt2QuSAM/MwC4wB268DORk132oftVfGeKwnS51K2liZQrCSJtwzzwABk568ZOOeODJon7XPxVt445Y4tOmWIBAXiYhiVBwABgk9/vZz6dEpUlUb9laTgrpc1913XK+17X6X0SNalGhKh/HlGKkryavf4babKz1s7K70PN3+EvxAtkZLjwlqyMT0FpLjapyvJGT0z9enX5h/APi1Ygj+G9Wj4GM20uQV+9gEdB79evOK9s/4bI+JSyiafSdLkwpLKLdWBzjI+ZTtIHYEewIyKsL+2X4zlZJLrw1pkioMNtt4lJDDgDKcZA5x/vE/Lgbxr4eKtKnJPve70tdvTSzvq2lt205XhqTiksZo7PWPmtG79NrXb7JHzje+DPEIjIl0fVlyp5NlNjIIxnCjABwRgnIA6Hrlw+GtXhliV9NvQACXJs5lIGMDcdoAyAxwOOwBAr6xX9sXUztW68F2EyDcSBBBlt55xmMn3GRywJYZ66Fp+11p25vtfw+srjeef9HtgAvdQPL5AC9eNuBnAIoVbCc15KSVo7K7Xwvtd6Ltp0tYqOFjGMoxxUGmn0sum6be12+t/I+dV0C6axjcW12nlxggtbyYYkdASgwV6kkjJwRxWfc6TcRlWkjlIwo+eBlDFuoChAcjkZPB5yTnj62tv2sfCEkMkd74CQRtgqkdtbEcYIDZj6EYGAVBOPodFv2pfhZeQxCfwDBCiDDl7KJi3UZQ7MA9wT1wc44FaTxOFlF2UlolG6bvblvd2Wl2m9ErryscFPJW5NrGQab5ndy5ldru0vK2mlna97fDx0uTzZF2MpLYG6NhjcRxyM9e3PUAcYFa+l6QnmlZNyoSUYhGLZAyASBgDjGPlA55Pf7Pb9ob4B3aAHwLFFKUKl5LNSGYg5OFU5I5PUZ4OMVbg+Nv7OwhjMnhu1WUAhlFlIFZ2bqeOOSeV2nscGsYPDaP2sU3Zu+lvhs7d0+id/10q5TXnHkWKprZ31s/herk9r9m27a6aP5VtfDtmIllwQ5yqhjwTwABwBjGc457nJGBwF5pIHiW6ghjXdwFQFTuOOBhRkMSemODycYGfvgfF/8AZ5MMTSadaRKrlhALOVdoOTjcOcDt6ZIPFUtM8f8A7Lt1q73semRi8Em4CW2lPnEcbAoO4MM5ByQB1xnFRzUXKLc4tc6nZNOUl7r06t7W3b1aWgYbI8VRdT/a6c3KDpqN78sm4u7XVd7tuz73OY8KwST/AAy17YVLRW1wnmLyWYLyQozxnJPUE9+ufjJ9F1Gd5WFvKylnIbZsBVictyAc4+YKdpIPc4B+5PhhchPhxrrTQK032e5kLKueqHGVbP0DYwCAOvB+T77xYqXEiDTyfmkVwxKklXbHC4UZHT+R/h6sTT/d0762Ss1bdqK1svXdO1r9TpqzSV4qTV07XWjajtttf3t79Dz1tB1CKRR9kmCo2dwC4VMdc45AJPTjBHIIzX1/+zmha0vrRCpuU86RuG4VkKsMjGGyBgf3hwRxn5+XxmsrxIumpEYwR8zZVhgg5B6kbssc5yvfdx9IfszySXOpa5PEY0PkyS7QAoBwzBBgYIznjuMj2OOC5ZV4dmne6SvZQet0vTXtdXer1pu1Kba10vZtrRxtptfZO6V9HfQ8D8X6JeP4h1eQRsxfUrj5thVSQ7MMk7QrAnjnGM44J3cVeaLdwklondg56fOOR1O3JHHOSWB59cV6t4z8U6gPEes2ztAqJqM4QBVA3B2GTkfMACOcHnHOSK8/vvEt4wdd8eHKgsFzuIwTgjrxx6dSeety5YSkrbyd7Wtvre9vL5abHJo5xaT1aW+zsnfeybdu+lrJXaOk+FyzweO9DR02Bp4o2VQQAGIydxIBOCR8v4V7r8cvB2r694se80+0WaJLGJC7OdwYYwuGPzDp0UZ6Z4xXhfwunnvvHXh8SyjIulZRgj5VYfdPBzj6kZPTnHuvxx17V9K8XRwabeyWsL2MTlE5UPx8zZzjqDzjg89qxVOM530cVq0rOzvG2l1ZtuXe+6sj0XUUaXNK9mmlq2l8PVNWd3rbW9tT55vfCWuWsOJrEqY3KuSPLKjknG/PUc5444478lawyW+s28flkSR3MW3LAgHeBzg4OOQO+c8nArsdR17Wb3dFd6jNNkkv1CEEk/eU5xzgnPJDdOa4siRb+NlOXE8DBgSSRvGCCSRzjkE8DABHFY148s01FaTva/krXbXxX1st3ZPyWHdNydnd99dvm/mte+2jf2x8SrG91X4TeGbS1ijDm4WRgW2n7uG53cKOv03Zxwa+Yo/CWoJJJGRbocYy8ikHAIKg98kAdevXOCB9I/EG7mHwisZIn2zRyWyiQMylVaJMgEHjJJ+ueOuK+PbnUL52GbqXcGYAmRyuOSQCSTxk45IJ5HJIqcSn7SE/dvyx5UlfT3U1e+j7aP5O5pJUX7r953bbWtm3r7z2vptrfp30b/QbiyDTSJGV8xEO2QHGGGW2k5IOB06duwr7LtdD07xF8NdH07xBqq6Hps8lstxqkiM0MEYVccdHYqoyQN3OByTXww80rvGsk8z/ALxNzOzFfmYdACBlQSOmM5JWvsnx7ceV+z5pojbajXFsjJt5cKACdw+YElQR7dgTmsYtuGI5WotwtF6aNtK1uv4PyujajGEeSyTs72d2mra9V6PTTbVWGah4F/Z/0bTSbfxyur6tA7/I+Bbz4GFCqpJVWPJLEkcHpivmvxFLoKSyx6XawPJHcHZLbhvKKAsCSGbOSAM4yMtgDivPBK6s8yJG2/IAPVQOOQeQc4+93654pkNzceYZGLbG4ZBwATjGMdOecDpw3PfgjRrRS5qzmm7Jt22tbZJXfR6XbWzOqUqb0VOEbrS2ullq77P/AIN03e33t4FW3f4I6/BNFKFktZWzHwquBkc9sjrjg4yeASfmCDSrabAN5awoFJy8oLMMHggEgDKjgcLjAweT9J+AJSfgh4ggcsqtZ3HTHO0ADJPHToF6Hg818ZSxMZHVCd2GY5L5IJOcDPHPI46jtzXXXU70/ea5YJdPJv8AHW620874xnBxfNBXvta/8nf0k+lr3v0On1KztrSDzYrqKaRj5ZjDB8YPU7cAg56Hp6DivsbRhosnwN0uXxDJdLov2tPtzWmRMIhgkRkg5Y9O49eQa+BPnjgkVlctvDBsHJ3/AHvvHA67gcY4BJXmvtK+Zm/ZutFEpRFuo94OQCDggdOeDggZAzziiFJTp1FzW/dq9vs2a73+S6XXoLD1YRqaU+29rNK2llfRtO689dCay8QfspWEDLe6N4z1O7V91u63MaBhjgSKVLbMgnAHQdBzXB+OPGHwWvdMtYvAfhTVNG1ZbotcXl/OJojGSwBC/wAORzgZHt2r5vu3eOTzAz7AqgFcsQDjGBn3OOnGM4wDVNpw8g2k7eN4bd0B4Jz0HJI9SCTnoPLjg1CSarVZvdKc209V8Vmlp5rbSz0O769zaLD0F0uoKMl8K5k1qndKzXffc/Uz4D+NfAfhbwTpmrfFXQm8R+AEu3TV9Lt/3cl15gAjUODkLk/MoCkgZ964/wCInx9/ZoGtXz/Dz4FaTBpMl1I1pNqlxK80cXACkM/zc8jIOMZUHv55FB9q/Zt1eaJyY7S8hdUwf4h97APTqBxjB9s18TNcP8q5csQTySRk7cZB6jOM7Rge3SubE5bTxGMjXnUrqUKcY8sKs1T7puMWk27u7fRaLou+GZVsNhZUIUcPJTlzupOlGc/eaSipSTaurv3fPToe5eKfGWk65qAuNK0DT7axjPnS2lnE8YUysAFD4ztUBdhLD7vOea+5fBmtWln8J9WuLrTbeTytPjMVu67rZotuR5gUgOQc5b5eMDIIyfytt7q5it51jdkMvBZclSN2MliQuBjII9Bz1Dfe3he+ln+DmqW89w5kGhosQTq+FbOdvJOOWHORg9AtdiwkeaELycXpOMm2nqlJJ3vta1lo20le7OWOI5uapyRvyppKCUU3bbTS6S+/0Sx7P49Q6RFc2o0Xwq6bS0ROnQySwggDALKSQADnkjp14x4zr/i2w8XeMLLUrO2ghaVkWVLeDyYg2Ru2xgAYHPsOAcdvFL9pHnlZHVY0GGBPzBjnjC/gN3UnP92tLwfIqeJbQqxdVbBUEkHJHbdwBnr2zjkDnohhKNGpFwhyNNJWblu4tdbNO2j1W9t7LinjqtamoTatey73022bX5JLc/SL45+K9c8J/D/4cp4c1K40d7vTn+2S28hElynlDCsQSQB2G444xmvizVfiR49vUSObxpr85VCAqahcKiq3BUqkg2gA5KnG4cEDFfTH7RMkb+CvhnIsnmH7Ayybn4UFFyhXPUY/DGDgV8VTDymLB+WLYCkFgMYG71OON3HX6556eEw9Sc6k6MZTc5e/y3dm+7vba+j0Vtzsr43EQhTpqtKNOMIpQjJxSStZtXSdn6dbPt6n8FLqS68eaXc3cs1xKmoQvOZXYySs8iqpLsS24NkgDv1z1r2X9qHxb4g0L4lXkGga5q+hW76baeZBpt/cWvntLCm5pRDLGGz05J4yBgYx8/8AwXlK+N9OBIKyanACMEElZAwOeeOc4x2716p+1WVk+J9y4zIrabZZYEjZiJDtw3zDG09ex9jjSthaVSEYVKcZxXSUU0ruN9GvRXXbfXTLD4jEQvKjUqUqjS9+Dad7ptKW97rXVNp2vbV/P154r8UXMkb3HiXXrpyUIluNRu5mUZKkBpJGwCD2xt556Gvrj9k6e4l8Zav58sk7jR53EzMzySsUZtzOcsScZ6bgfm5Ir4mjlYhgASFdNnmHAByAfLwc89MdPu4xnNfZ/wCyMSPG2oM4dg+nToSCxUfuGJ3K2RwQfTaQC2DWdLDQp2VOEYJatKK5XGyVrrv01/MtYipOrHnqTnK6d5Tcr9Nbt3ei97rdq13p85ePfGfiqDxh4itl8TeII7e31i+8m0i1a+ihhQzP8kcazqq4Bz8nQZ68CvMJvEGtSzbn1nWS8m4NLNqd27jeCpO5pCxBH3uSG455FdT8SkQ+OvFaBRtGtXYLb+SGmfI7EYO0n27nFcN5MUkgjLlmQEo3XbwTz+G4j1LE4BOax+oYVOUlQpKUm22oRvdpO6aS1f336tXZdTFYpyt7erbZJVJaJfZu2klvb8j7D+BV1JLHoyzXlw8328LI7O8kkijIBaRiWYjBCLnPXA5JPR+I9Cz4s12VrO7uYZ7uTaRFIzyu2CGBGOxwMKAcAjuBzH7PkEJOnZlAb+0FwRliMAEHHH5Y46sCc169rXxQm0fxHqFg0EPkWeonzG8uJ5mZDw8ZKEbScZDHPJwDjnhxWFhWVOLirR1tZWd3GySclZdWu2l+q7cHiZU6UpTqNOUoq9223Zayd1bS19fLfU5rRvD95pGueHr2e1ktLKCUTrHPG7OMMBhlIB43Z2kduc/Ln2r9ofxLpV5rPhL/AIRuae5W38P2yaobZLox/a2jHASM7VKE7TnBz7Dnm7/4kXutm2lWKBVgh/dPLbR+ZKCMcBV4Kg5DdSBxkDA7fwN8bbn4duUXw7oWuvcMk4bWtMhuSOOVjLxNhF7EduowBjxcbkydWNS3OoJpQktPe5b6K6bXZJJJPU9/A5mo03RjUUed2dTm1duXRatv/wAmtoutj5lXWbqQSFLS+UoNu54r12VgOWJK4+bGTwOO4qxFq2qS+Qsmm3LRhgVxY3Zz83PRORwepzg984r7+j/bC1GS22j4b/DyIYIkkbQbNS3Iyx3QZ/i55JYDO0NxTm/bA8QLC8Ft4H+H0QXB3jw9YMeT13+Rhc5HAPBIwOK5Y5bFy93DpRSTcnCOtuWy207XtpfXTf0Xi5qN/rjcna0btKytqn5XWtvXXb4Fk1DUWuI2t9C1BZSxVjJp9y8bgdMEx5HbaOO3tmeK78RSSSFdB1JnUhl8jSbgliPunLRHJXr2yR94Gvudv2wPHDqVt/CvgaLy1HlsfD1hjPIJ3tAck8kDjg85JrJk/bG+Ijl4V0vwXE4Gz93oFiCW6MA/2fIIOVGOhGRg5qllknHXD007q10tdI2b0306tvTs7FLHWavi6uqSvG6vblVndfFffa/Z31+Sba38bXasy+GNalKqfL2aJcF8HkYxCeWJ9OTk49NFfDXj64QMvgbxQZWXh/7EuMkDo2PKGeBzyQwPQd/qCP8AbG+K0ZSKJfDNtKpKh10S0U4HQk+QB3wc9+ecHOiP22PjSi+Smo6OpUKh26NZHAJH/TFSMAY+7nAA9SCWVuKTdKkmlezSVrct73063211va4lmSjL/eKzXdp76a238vO9+tn8uWnw9+IlwXZvAni0PtGSuhzhW645MQz93JOPrzWovwq+IrSLMvw58YyPgFv+JLKAew4MWCQeeRzyT6H6Qm/bK+OMsLt/wkemwKgZmVdNtUcBRkZAgXkkfL6YAOQBWK/7YXxuvJGb/hLzEibcpDZQLux6Yj+U9ADxnPpwSWT3ipezhzW2cdOmq3em349hPNeVtSqTt0k7rR8q3eq8vVNrW545F8G/ieT5qfDTxWWmKhg+iyJ047xg9Pxx1zwa04/gR8R2VJP+FWeJpJJgPMDWDoFwegARTjAycYIOewzXq6ftYfGq6ysnjGePaCyb4ow6lvQgZyFyTxzxjPJqOX9pz4wHzFl8bXxYj5RGqsOeMYAzjBBbO1hzzjAELJHNpuFPlSs5cusdFZPVW002vfoiXmU3BONSfutNq7stra2vqulrd79fMP8AhnX4rFhLbfDLXIhJ8qiSxnZl54+YKAVxzn5sdM5xXR6b+zR8QUmiOpeH/EFnFLIDcNHpUhW2yeXwASTtPHXGB05z1cf7SPxZaHc/jPVJWEZAVJAhjJ4XIJB5HJIyOD/eAGdcftC/Fl0aVvGupYlYhk8xmZeB8rEEcZ/lweOE8ilNWcIRSXNZp2srWl9/Tfz7uOYxg4uUpSsott6dt0tLb6J3s+2zfF37OutaPaNJpzeK9UvjGrW9smlTxo6bfmBYrgDAHJBG3sR08Ml+F3xDmuFtp/CfiMxoylfMjlUuQSCoG0EkEH0xnIGDuHtZ+PfxMWNZpvF94zENEinJZCTjIBwMHqc5684rFuPjH4/u0Vm8QXjSxkv5sgKsSxJyoGCMkEFmPJ7DobpZHThdSim7dL2s0ne7bWm3kluyK+ZxnKLgpRl7r0u1rZ31vol62SVlocfF8HfHGcW/gfXJIndRJmVlOOcHkHuOmWPHGcgDfg+CPjaeaQzeC9YjjaMCFTc4Jf2BYnccnjJzxjrV9fjD8QI4MHxLcQyZILMxDsxBJ3LwABkcEZzxzgZVfjH46uj5V14lvjJEMoVbau5hjGU5JGQc9uuc81UsmpzpylyR3STasmrpPa1m18tGuhMcwakleTTSV76Juza26pttJWuvudpfwD8USXkVvc+D9ZtIUR/MnN3GQP8ArmDzk5wSMkHAJ3Ak+kWf7M2uz20VxBYaukZ3K0b3kQlUdCSgPck9D07HqPMj8UPGc+UbxDqJki3NvM8gDZB+UFW6EjcGY5zgjtVKb4reObVVzr+rM7MMFLqXgsPlyoYHrn1wCePW6eTU+Vx9nG9laTVrJcrttfRX02u7XvoYrM5Rm3ebiraptLont2tq3Za+h6hL+zlrlkwhitbzc26Ni2oRBQW7AjOOvIxn5jnPOHT/ALNGtxQELHIZEAJR7yHcWY52ddwIO0DAHAB56nz6L4ieIpESW417UfOJ3yKLmVADwQUy248jsOgGNo6SH4j69OC/9raqXD5/4+ZMsoPHO7gDBAycD2IGJjk+HjPm9nFtaNLVPSN77NJaq+972ZVTMm0lHnfNZ3bs1ayfTt0tr89Okb9nzxE6uhtQixszPm5iEo2jauDkBjk5UY57E44r237O/iieMFYlKByojNxGshBYAsMHBznrkgn5uwrEuPiTqsygxahqCN5ieYXuXydvVfvkYbHUnofQ82m+IWoLz9v1BXIVTtvJAMdQSA3QEENkYBxgEDC3HLMO5JqnBN9Veyvy2vo+2rst+uiM6uMm1G05J2XV63UdEraqy66a6dDG1b9m74g2V/JbQeFrq+tvKMscsN2H+V+SD5bYGD2xkLnJA4rZtP2b/iLHBBEfCSu0il8NqUJbDgnEgLgjGcNuGQevQkdlpXxg1vSYpYoL/UvMkiKrMbppfvHcQd5IAHqOT0+7khF+MusLOZ7vUbu4cqUIaV4ymemChAz33Nz75Jrd5ZQVm6UZNtaWT5fhs2vVduvNfth9cre7/tDi3a6sne3Kmm2vLRa6NtPc5m3/AGafik0cjR+EbUBWABe7R169z5m0EYwBjp3znOp/wzP8V2DIvhnS03KCrtcwDGMkfNknJxzkDPbjmt6b44a2kZjiutQMLKqPEt1IqdcEqdwOcdc8Hk8g5LV+NGqyuv73UPs4Xa227mBZvruPQ88c9BSjl2F5taEUuyWqvy277K3zujdYyrGMZKvJzWrdtFt2in3fl36lGD9lr4tThUl0PQ1jVDI7efESSDnqGUHOSM5UE8D5iaguP2W/H8yuUtNDiMS/Msl0kbDBIYAFiCDzt25JJxgYNX3+NOuRz74b3VIoQgQxi5cof4cZL8/TPrxzkZ138WvFd2WeLUrzYAAUdgCyHlhnIwMdBnJ5PXNV/ZuFTdqSV7K1ruXwrV2ty739W9GU8ynayqyb0vdPm6dbvXS+t7q6vrdsX9mXx8bO5c3mi2cECedMFuUyI+R98ODvyCApOSPbGMC1/Zk8SSRO8uv6EGZtwJvFYsj52/KXyCeOeAp7Adexg+JXiSfT7jTzdILG7CpcRyPlyAdzEEnPOOxPXKjOccg+tXOWaWUGNRiLy7lgW5+UEFuO5HenTy7Cp39k3tdNWXTV36WevW76suWYzlFc85SaS6u9vdsr9LLV9r213J7T9lDxC8qofFOgQMRvJe5Q44yOVcgnkd+xz904tt+yHeRbJ7vxtoOfMDGBJCzEA/exvwx+XAIwM9OcYzbTxHCI2+1yTm4Ltsf7UxUKBuCg78EdDtx83Oe+Fn8QXHyzxX/kvEAqhpmkG1skYVmK4PIxjAzkfMDVSwGFtpQfNZW6reN03stL3s2r69NMP7QmvhnZWd05O9vd2utN9r9rLZHbw/stWt6il/Gnh9ZptsYVnCgBPlVwgKHJHXgc5POa3Yf2MY7u3YJ8RvDUbsQArXaBwE2nIXzQ2AMYxzkjac145P4hu3YTNqLGZFBJV2AAYjPA9RnnHB5PeoLTXfOuG26pfKSSpAndFZ+pIckALkYA9OOlOOBoxjzKk3sraO2kdH8/R+gLMYvST5n0fPo78tmut2+6SXTVnq+ufsVX0cSLB8S/DZ4UFYp9zZzgndHLwD0Az15PU1gXP7EOpeSHk+Ifh8hgpJEkm0kkcNiUFTznB6/gawIdamO4NqN3uB+YG6Pyqq9UIYg9TkDnJAIHNXTrc5URyatehG+bP2klQp6Drgbhg54xnHQHMqlFPSGiUdLNaq1+j3t5bfIr21Ofe7S1crtbWSV3vbTXs9rMsS/sR3YhZ3+IXhoIVXcPMcs2AcAbpCcge/UDnOcU7b9jGeKOeSX4ieH0UH5dquzKPvAghzjgncMkk4PHQvF8f3YbUrqSMgMxN0xHYBc5yeOpwenXrVYaqImlWW+uHySEX7S4BA5AYFujHI+UZB4znAqvZUkn+7TT30vtbo7PzunfpeyM6telFp2lpbX2jd7pfLrt30uV7z4P2nwavdM1j/hMLHxLJeyFXhsQwFqAjAtJuZ2TLY2j3HqK5TV9Si8Rx3ej207FdRn+SRtxMSlyh38c7SeuDz1zzUfiacStauZvLtmZt6+e7ZZgdpYknGCOMY5GNuea4vQLtF1pYWmCQpJIyyZ2yKRnA5+YhjjBGQWyeM1vTruNF4eMfdk1dL0irbq2trXXRWtqeZJRqYiNde7ZRf2tlbd6tJ362V1q1s/VdM/ZVv8AUo0LeMvIaSNJfusEVSmQpO8cgHr9frWrZfsbtMJUbxwquWBUOHJODyR83KnJxjnhuueEj1i6jjCnxHeRJLEFZUmZSuOFU7WPOMkEHPTvlRNDr87hXXXtR3IpIb7QVaRskE53ckAkk8HtnANEcNRtG9He927Xbuunnp07WVzrliox3k3bS6k9bcvm9l632XW8tv8AsRq91Gp8aW6h3IJfzRGwB7EyHrgnjp04xXSw/sNWhuWC+O7QSKDlQZcB9pJILSEMoXpgnHYc8c1Jr13K4iTxPqCn5QubhiAxILFmDgjAwMA5A5yTjDTqN2HAbxXq0blyDi7csxP3SAHHHGcnAx39NY4LC+63h3a6bvpe1k77bO21uxzTx0VeSlJK6S1vaUUlvulpZt2enlY6VP2IbKQ3CN48DIGIZlWQheu4j5sbR7Ak8ZyAab/wxz4aj3wTePXjMShOZM7xgksAzntzyeT/ABE1Xiub0qgTxpqVuzKVdGuXO84z1DYOOhBAPII6AVDJdXMbpHdeKLibcRhixZmVQuPnDEgHOeW4xk4p/UcFdSeHha7um1a9o21eqtdW7Jdri/tHlS1lJy0vzKzj7qt5PVWvZaPV3aNPS/2QvB1xcQ2tx4+u4IVcIsylmUg5BYOHOTnGOMnHIyMH0wfsGeELm2SW1+KjRhlJjjlDbm6YI2soJ+YMeMfMOmRXkf8Aa7QbYl16UAucAuQevUnOV64OOufpjWt/FuoW7oE8WSIsWAkZlZimOvVjgY43AAA8cnANrA4JTi/ZKMU02vdtrbdpp2VttL3183/aDqRs1U0T+1rrZq+q106/8E7u7/YE024gjWD4nW12Yhgp5czP04U7HBGeeOmeSM81y1p+wjFpM13cP480+KXdtiYQybwMggEyMckgglTn0w2BWha/EPWIZCtr4xVTvXcxbDkktkD6A5BOMnPPGKmvfiF4jmaJW1+KWN2IzuBZh3OcksSc/L1GBxyBWjweDU+blg/Kyurcuur7W1tb0RNTHKVNKcZOVrWUr66dVJpWs9b6bO2hL/wxBZXNqbhvH2mTTMoIEaOJTknJZFYZJzgdQM9MDA2NL/Yj0iUQpc+MYoWicGRhBMDL0+WMGTggdGK4wMnrXP23jDXEmEkOskqzquEkCFAOcKGJzzljycZzgVszePPEEiux8RSJ5R3YM6biMYwNp44ySM53c9MioqYKhXk7KEIqK5Xyqzty6ttrXfa+/Y56eMhFWjCatq203f4e7TT1bW7tul09o0v/AIJ8eDbmBbuT4qiP5N8kKqS6cnKFdxJ5BzleTzkdDrw/8E//AATayq0PxMuZVuFC7RakhFyM7s8E9CGyD2J5OfnmD4i6jNJKH8YTptAUhJXRt/XaxQjJxzz1GfXB3rf4malGqIPF93vThWM0gVgCflwW/wDHuc9cDjOMsroKKalB81nZtOVk4+bVrLTX0N44+nb3otWt9p3esdU+bXz6Xs+iR9CL/wAE/PBrJHEfiLdgM5CStD8nJ5BGT8pBwehABA+YA1hap/wT+0myuZRpvxE80jAHmRyCLIOcBw2G3D+ue+eB0/4zTRxxwT+LtSd0OGAYspcjPyknjAbJO7OcjOa62D4t3MiKP+EouJWQlzvfcB8xKjHUAdTwATyvSongKSgkoU7ppcyS5tbK11K/k3p173KjjaCTkk05Nu3NrstLJ+i1trZa2MS9/YgiimdJPG0AfKszANtcAYBYhvmIA+p7sMjGfcfsUWSlwPG8QZwERRu2uWOW2nOcncTxls5I6kDt2+LciFRc6u0o3ZYqA+5TycAc9gOi4OCBinv8SvD+oywmfUb2OZHEm5dyLgBSE2gYAxwMdcrkHBrnnl1ON5uKadlZvRJJWsuZ9FbpfaxNPFwkmknpazk9Xs1q3fS9+l/VWXBw/sQ6eUaKTxsiOg2rvBQMz5GQSw5ABH5/7IrMuP2JLfTkWJPHSqVkDoyh2jLMc4B3dQcDu27BJ3Yr31PiZoSrGTCLraRl3uGJkGcA7CST0556dSDiq2o/FLRrqJYI4YoFD5Ess4IjAII+XcOFbnJ5/IEc0sJBu31d2096zu17uiv07PvpqnppDFtJe/Zr+63ZX2+GzW1n96to/Bbj9kSCQhH8cxMwO51IZCFwenzEkn16557gC5H+x5Cwc2/jWygJt9is7liSwBGNz7Ttxt4AIAyNrHI7i8+INuJWP9q6edpAIVhu2Ac4x1Ix93JBzyR1BJ8Q/Dk2A98XlbhQC2Dt+UALHhcHoSPfOQOMp5dRm01RsrpWtfora6p2ttb5drWYTi2lK9rct+qst7J3s1rqldLfp51afsYauxfy/H+iScBFErsMjIADkyYGO2CvXtyaUfsV68LqVU8YaJ5ioQC8rtEMnBMeHHfknccHPBxx6bZ+M7PC/YdPu7qXzMERCWRZC2Pl2gNu5wCQRjv0xXcQar8QtUjSLRvB2s3KloiTBpc8romB/wAtAhBxjgEZH1NbQyvlin9XbV0lKMXL5Wtpezu9uvpEcwrOzbW6b0cnvd3unZ2TV76Wt3a8Ih/Yo8YW6NGPGWgzsjmThpMFSCdwKyHjGO5G4YwcEmAfsa+OJ5sT+JNCeER/K481M7eBgrISdueG4xkk8EV9j6X8M/2g9bEbaR4H8SRiUDP2i1MGUIGTh0X5TkcnJJ6nJr1zTP2W/wBqu/jikXQbaxtpYi4a91C1hIXAyQGAPqCud3X05Fkrnf8A2as721Sa0fLazdrqz3s/MPrtdytGpHlVtJNXbfLpq9lre9/Lc/NL/hjDxWJJG/4SXQoWjiO1nmf5sH/f4yBnIPBwBkilt/2SPFsksstx450W2ZQq8W7TZAGCoOclRjgEjIPBJNfqFB+x7+0xfOss9z4aSBBsdZ761Rlyc5ILKSDjGBkAZC56Hpbf9jH42tmK/wDGHgzT1UYfMiSHZ127kYqxHJ6jtx6aLhipOKSw1Sydk2viu1bW6Ttq7O78hRx9WM9aqk7LROKilaO2qXq7321Wy/ISb9l3xppepNJp/jXQpLYxFQDZSNG5P3iVLAh2xkgcN8x4AGZP+GavGMtyJ7rxX4fikWAnetv5ZYkHbHsbICkgZIBfnk96/ZG2/Y31+ODdrfxR8OWi7vm+z2zMyhTk7eGwT64GG9cHG2v7KfwrtVSbxL8V7u82qQy2FtGhZ8Fdq7kGNoJ7nGd1aR4OqTacqE1ZJuPTeKu/e0Vu2i10d7m0M0mr2nHR7tp21il9pvTslonq7pn4QX37MXxKNys9v4s0cS4YAMBHtizkEjJBVgcg8nkDIwKrw/sz/Fxr6GSLxfoyGMKsUsbqMnAyG2tty3uBjAGO4/dy5+Bv7N2juHS+8Sa0ygKRO4QOcnJXaQQpJ6AsMk9elbujab+zv4ZmElr4GnvZNo3G8MspD5+VwrsU5wCccA55xk12w4LoxivaUlbR3clrfl0fvPXfZq7S02LWaVU0lVik+VS+JNtvZJarZaq3dLe34Qar+y38cbjTo4rLXLHVma48x7e2zCy4OGbcuGdjjcpGeuR7egeEv2VPjvHp8VmI9RurPzTLLara3V0isQq4Dv5igZPVCmeMk8E/v3Y+P/C1rGo8O/CyK4A2iJ49JWQEkA7SRCSSAAeQegOfTp7TWvjJ4gRh4U+FV0kUrAKYNFliABA2sdsQ6gDGQoxkAc80+GcnpKP1idGKja8ZTSW8Xq7S3STW+1+iPQw9fG1FenOpJtcq5edqS0tZ6trutG3rdq5+M/hH9nD4/wCgwGTQfC1mu9QJHuUntpULKFLAltytjk7ducc5r0Rf2bv2kNTjEE0sFhBPEVmT7UuED43ZMpMm4cZGcHGCcYx+t0fwV/ap8UAy2/hO50+IgZErRWwy/UEMgZcAdOSMgZxtrctv2Lv2htRjEusazb6dvGTE905IBwWXcjBeM9jjjnOedfqnBmHblVlhJzUbuL5X8PLZKPXXXVb66316qWEzqtKFnXhF20TcEtY3aTaVmrrs/vZ+Qem/sS/FC5tntNb8c2VvbSuQYRdFAASSVYRSAnAP94tzzuPJ1bf9he2s/Mt9Z+JWkz2/mK8qXE1zKQqkEJGplZQo5XIAOOc8DP7FWX/BPTxZc4k1T4grHI3MiQyXG5HI9pOQDngn8+Kpx/sP+F9O1D7F4m8aanbyM/8Ar44JGglVCABvlJ+ZyDycAEg9Qcc1bH8JU0lQwmHqSasrUl3WkbJK+l/Xy29KnlGapx5qtS2/vTSvZRbvd69Ho/zR+WsX7LfwT02MNqvj0JBbovy6fAHk3qMF42mDygggbeeQQV4wTJD8O/gXaAMdY1vXhbtst2njcZ2/6sMYgC+CAfmyTjBxX7YaP+wv8Eh5N1d3F9r8ahC5DoYXHBIYRY+b+Jsgk9Qdte0aL+zP+zd4bWJ18E6SotwD5l0CyEjHzMXJwQRhickH5sZwa8atxHleGXJh8slKd7q1JRT2td66bb7a7Hr0MmxU2pVsQo6JNczbt7vW1tHZptrW9tN/wY0fwP4FaSGPRvAN5qM10wkWUxzFZVA4Z4yDgEHpgHnvg49LsvgJ4k16SJdL+Bup3yuwVJfs9zHEin+IEqq4O44wCBx2Ga/oB0jSvgxoaL/ZeneDYfsyqBttrQyJtBwMEFgegOSR325GK3ZPi34F0QBYtS0q3VAQUt0hUqF3fwgKMjkHPbAABFeLieM8xi7YTJakVZcknCTVtE3pBaa97d11PShkeGStPEc01beait1tfV93qr9bWPw0sP2D/ib4oEUI+C+maOkgB+2XV00cw5HRWfjA25JBB69gak1X/gmL8ftHil1Pw1PYWEyKZVtrO8KSkAZ8smSTYQSAqjZt2+g5P7Raj+0f4OjDG31N5TGp2LGAOvTAwQVHGeo745APA3n7W/h62ZkWFpHRiEe5kCKSNxIKjHGP9kMf4ua4o8UcW1WpUsBOK05bUmnokkk+ZP7mmtL3uyv7Fy9pqpVo7XalOyW3VO13216drn4B+M/APxy+Etyf+E58IeJtDa2dk/4SfSYpLi1nVODJdRorQuCRlgiAEEZA4r074JftFHS9Uj/4SDwz4O+J+nxspubOaGDT/EccS5V3SKRUE0gxkqqhuDwWxX60eKv2sPBHiazl0nxF4e0q/spleOZbjyLkbWVlbCvuIPoRjGO3Ffl7+0D8M/2c/GMt34g8C/bPA3iaPMofSzJbxG4cllZDGylRu/hG4HjA5r63LM2zbMl9VzfKsTSbUUsRFSj7z5XdrRrz1d3tazPIxWT4HC/v8NiqClGzdJyXK9Y7Xejdt79lqnc/Xb4J/Fn9lr4m/ZLbTNP0Hwn4lEcYuPDniHT4LG6SYAAJD9oRI5wDwCv3jjGc5r7Ji+Hng50We10+xgR8HfY28CxHBPzK8QyVAORliu3oc5Ffx96Z8VvFHwyuvsHxE0s+NvC8Mqx2vifTiYPEmlqpCxzxXMGyWQxgDiVznZjrnH6A/Cb9rf4s6Loia18IPHI+Jnhe2VZL7wrrErHxDpUYALxS28zGeZY14DxDDAdCCa8fOOC8zrTnUy7G1mneXsatWSavypJNNpW6XS9dWjXD5nhKUYxqQhTl/wA/IxTjfS9t/wAUne3Tf9+L74XeC7pWNzp8VwCpDbZXVmXAXDbWGWOevXoRkkY4a8+D2iWpkk8N3V5osrc7Bl4QVbcDgkjnB3Hrz3zX5V2//BSzxpq839nvpdj4f1EKqtb3iNDMswXDBBLg9cg8f7Qziqmo/tbfFjXDuTxF9iEwKpFb4HBxtYEgkg5zkdMkHIIJ8CnwPxVUly1ZqMf79aUtLxu33bvqtNN/hO5ZzltP3vbqU/8AAr6OK10SsrrS99Fa+h+mWpajq3gdg+vaTHq9lGoH9pWDs0kapw0skRJO5Rj09sjBOAP2hdEXeNN1O2gMQJNvOmJ0bkbWA2ndlcMSMH73Xmvyw1X4wfEHVA63vivUZfM+V4UlkKsNvII5BBycjlT1GMivO7jVNQuJvOk1CVWd/MkO542I6EnBG446H8fY/RYXw7qyhGOMqU3Udm5R5m0ko3TTSu76L70YVeJaNN2p0oyjZavSOjW6WnVqzXTR6n6xa/8AtH3KQPJb+LtPtJoyzeUoEjnGcIEDZyRkdxnrwQKs+DP2tfDDRSReMfFjWc8LhY3itpNtyCd3zD5sEKeRkZ47HNfkPLexlxNNcBwpBJeRg7Y65PP5ggk9R61L7xNYqojW2SVtw2tI4cgcgElj1zz05HB56d1Xw5y6cVCrUk4qyunu7x233b6W8ne7eM+KGkrUqHLdbtXd+W+tuZNa3tbS6V9l+y2vftk/D2wjmOjXF1q8oHLySGAOeMEbwMBueMA8rnHOPENb/byvwJU0vSLe0DblSeVy4PfOUOTgkdDjjHfn8rtR124mAWErEgb7sfztjPAGAQoH3uyseQN3NOt53uY4lKzu2B94bVxuJAGQBnnt1JIB5xWmE8O8joTcpUJVZRV3z1JOz91O8ebum736X2scNfiatUajTp0oJpa8qdtFtd9G7/NeTPt7xB+2p8TL3zo4NUghilJUGNWTaCMg5PLAZ4Ibr1PevD9a/aK+I94Xmn8T3T5LsUgkkAxg/IOcnoF7jOCfWvFLjEGPtTQW0DEktNICwXHOCeR1C5znpjHSs59T0CJkX7Sbs8qqWsbuBjAGGUHOfYe5PPHuUOGMmw8ZRhg8OuVJJNXd/dS3TdrvR37Lqc8M3x073rzasn7q93pdLRO6a6vRW0Oxu/jT4yvSDcahfPK8oIe5mY5yR0BBXsN3XGccjJMC+OdTlkWS+eW4kZgS6NnqxOCQD0P3hzngNgEmuMnvmugsem6HcT/OBvmjZQDkAPk5C4AzySCp57mp4LPVnXbfz2OkRAgDzWXeR7AcZweDwPzBOywOX0YJqnRSW2kUk1be6W2j3dt77iWOxcpWlWqd3aVrt8ttNklbya1Stc9IbxXe3EYIQL3Rsoo5AwXY9QDyOOASeG5HPXniSYORNeR+ZgMoU7jkZyCAQvqM9DkemK5aaHQ7MtJd67JcIEGIxJ5UTtjJIdn2nOCDxwMYBHA47WPih8PPC7M0ms6HaMkZEq3VzHcTAjOeC/DDr1A4GCDjPDOtl9OTc504xT+3KMb6K/Xppu0uiZ0p1pJNOcpStJb/AN2+19e6bu7PfVnoA8T65PI7WlpNPgbcyRkADOAd2NpGBkcdx6E1On/CWagH+W6LE/JFaH7pI4LOgKgAcEYB4Un3+ZdV/bD+FulxOkupvqbjKIloUihDAnBGwDggKMtkkAAEDFeZ6n+3FbzpLDoa39vb8rF5Aj2gnLbjIF+bBYfxEA9SQcnwcZnmUUZONOdKafaSbbsrNJO3om2m121O/D0a87SlzvltZNvV3XRWta6+JPfa7R94x+HvEkNsZr9LezRcs019dqxO09WQuBjAxj+IdscNMdU8Oaevm6r4ngcxqCYdOUuxYdUJXnggjuATzjrX5I+Iv2u9cvjMkD6nfy8hWu7h1iLkn5SikZAOOMYwT1GSfHtU/aB+KOrbobbUY9LjkLForSMNKqnqd7DIwuCWLAkEc5Ga+RxmdUuaXs6fu9VZXfwu+yv5adLa7Ht03GEEm22lGyjbR6atp9reduvV/uJffHT4Z+G1jmawW7uYwCJdUuUgiwpOHdXK5BOMjuDg4xXmPiH/AIKQeEtDuXsrbSvDdsbZisTafaJeXEjcDAmCuFPAwc4BJJUcgfide3niXxHL52r6zqV85Kh1kndY8E/3AQOM4IHPOfQi1aaBapPmQQZUnDH7xIwTySWJHH8R6BRXztat9ZqN+ybjJ63uk17t1ZpX11VlovJs3ji5Uoq0rvRe8+ZPVNOzSV7pbXdurP0U8ff8FCfFviEzN4YtL+3/AHmFE8gghHBUssVuI22kdjwAD/Fmvlnxb+0J8XfFsbJqPizULeyldgbK0meKL5+CC5bcVxyRIeAcADAFeSw2KI5+RpPkJBDHbyOwyMbe/B54B7CtdWExZDlwGdQsah2PzE5ZguSWJOQcYGAAM5qI4eTfNCnJWtslZba2a2bfW61t0I/tCs0r1JLW6s1G22rtZeutvNbn1j+yj4Ej+LfxSsPCHiC3fxBomo6bq81xaxRbruS/itZWtpGnGWRFkwzM3BBHzYzXxl4s0Ofwx4t8TeH76BYLvRtb1OwezlBSW3igu5RDu91iK/N1POeK/R79hu51bwH8XNA1hA1hb3sF7poljj33Dy3kRAfZgsqqu5sgDoQMA4H6B/EH9jv4HftCaM2qo1r4T8YapqF7pFl44UrCdX15Gd7uS+tztEsMGQHZF56Z4Br4jPeI48N5zClj4VPqmMpU0px0jRnd3urp2a1vHTurH1uAyirnOVOtQssRRnqm/iTSaUXJt6cr3e6v6fzfaUl9a6vaXFnMYJILiKSKQFl3YYsRuyRtI6jAOMEnOM/rF8A/Gdp478Ky+Gr1kuFkhurO+snzI1u2xU81V6BHIzxkKd3ck18vfEr9kHx58LNb8SW80/8AwknhvQpJI4fF+kkyWbCNtrvNApLRovUyMxU8gDPTt/2U9Gn0LxB4h1hb6ObScRWPnqWAN1cgBSu5mCgtxjoeQS3AH3fDnEGAxvtIYbEQq06tNuThL4bKPRW95Ws76+dz4/NcoxmGdOvXpThOlUUVzLpJq7erurrfZp3vdHyx8YPilJ8LfiLr3guHSyG0ad4o5444wJUY+ZG2GU8EMqnGOBg+o8om/aP8QROGSKaPIJCB0AyxIBwAOg+bGc8kDgkH07/goL4Yn0P4r6NrESqkev6JDdTTKFBknDycu3V2woxkggDII5Ffn2Z7i5mCgO7B9oOD8w3/ADYxwORn1C9xwaznj60pziqtoxk2lzO9k0lZ9deqa6s61W9koJUUvdi78ibblGPe669FHd3PrOb49+J5yJ/tslqxjEmyJolJ5wOgBLZBHXnPBODnLk+M2tXlvIbvUNTnYPzm6EQUdDjy+QMcDpkfWvA7+OPzliicF4oYd6bm3GTKsVIzuzknOOe474vLCryxJIuFKfMEbncBjJPfPYc7uo3HJrz8RmWIhFuVTlT3Taa3jbe++1mmtfI7YYiTtrZuzV1ZNXT6K19LfNtao9c0r4iaxqN8loLi7t1fcFlF5KzMoB+8Wf5gBzu53YA5BqXUvFmyci4vLtnhQq/+kuwck7VY4YgcZJIIIyxIPNeeabYlbhBbId5G0SBmOwEEjccn5sfwjttPNX00Sa5m2vlVXcHdiWyV5BY5PJyeMjb3J7/P1s6UZ2lV5HFpvq/sNaJLRO6vr120OmM5RjdNyvJO120vhs3ZJWvrpZWez1Eh1y7mvA3mO6T3KxkSGR8gsOC2SAuCCePujqterfFD4XapaaD4d1PSyNTvL5A8ltbMzlUkiEi7IsksqhgGIH3geeuOO03S9OjmglmiBitJVaTa3+sYEc8beAeccgjANetWnjZI7izu5LhpTppItYpsqkVvnBVBwCcDAzkkEj1rhnxJQ+HmlNvlvfqtLtaJ23SXW2r2BVJQTmrbKye9/de11JLe+jXe2tvmO+8IeKtOjV9Q0m/tgE3EvbPlVHUsduQAOCD3JGDjFZAsLsq0ssckUcWTh0ZNykEAYZRzjPqT6gZB+6ZPj1p4hltItOtrpZnkWR76COcoroVwmVZlQEnAB9B2yOYl+I/g/VbN7e68N6c5hjkjdVgjDSswPzrtCkAHJ5IOSq8Hms45/Ru+elK11Zq22nvJa3j11bev3W63M4tw5pJJt3Wnw6rTVLWyWzevY+Q3sLqWJTHCxj2lvMI9TkgFQQQPQcKB0GKF0+5UxsCzj7oBUEHvgFuCTntjAOMHOB9U+A9R8Eq942o6HGZTLIbCOd0MbQsSpjRGPJUZwMEoRkkEKR6Ax+HFxbhW8O2sAt5HdozKqSyZPVTkYVR67SeoJIIrixvF+EwtR01hcTVa5buKik+ZRa5U2r6X1/DdHDVxlOnNxcHzJcyly6Kyjolpotd07rR7XPj3S/C19fyxKIJjNI4ZQsZYRx4zufjIUAZBzyOvOSfY9K+G+izRiPUJb9bqcqguI4i0ELgcsTjDHIwee+fevXL6+8P3OkXFn4Mto7W/8tUJfyiGPZI5CNxIG443c9xkHHj1x491OwH9iTibzYH2ytEik+aGxIsbIPmJ5xz6EHBzXz9XiLE5lKX1OE8PGL1hUsqjheL5mr2XZJu2mvQ4542tNONNKEVZppXcl7tnJ3utXZ6+qNGP4IKL2S4uNRuotL37Y7ia1dFl4yXjdhtbnaCwPVgd3Su7t/h/4V0nS7hprEzKUjRbiWdEkkOdoZFJBBydxLLk/KOec5Xif4s67P4d07w4Lgx2YhjlSSeNI7gyYBWNn2qyrj7wPtxg15Ve+JdbvljQXMoS1VXd98hEmCMlVJwyj7oGMDr2543js2rQ5qlb2cFUt+7fvNKUVzNpLV7vol01InUxdSFlNx06dW5Jt31tZLWzsr3vqdPrXwms71JL3SdYjjLF5Gs5iBhUGY41YdG/vbiMHjI615rBoEmhu7anbxsr79qoysGCZweMk5AzhW6HOOc132ialqeqLOkqTtaQB3Ywp95sbgCwUfeYk9+enIrudH8RWGlLbvqujwapKjL9ghuYA6RYbB84bcvuA+6fQLnue7C57VoUZwrSeJktHZxVRJcqjzN+7Z6pdXrsldvCY/ExbhiF7RXSjJXv9hK+9+vzVraHJ+H7+d7XZHZxum0eSFUKsceCAW4wWIwcNkD73XmtabVtvmxGPPljarlAyqAMbYyBjqSoPJwFOSAaxfH+t6nPqj65ZWC6Vp9/FtitbKIQx2xRSqs8YAIZiCwHJIPOQQDj6LrOq7IFe1e7nlYeQssWI1yR8zNjkgDLbtuFGemWrpgqeIisQp8qnZSptpuOkZNSs73Ts5aHracvPdty6aXTfRdk3r10sm1q36npmm389sk6s8VqFaUl2WN5iwO2JUIBCsy8HH3RkgVxOt3Ys7pbWV3MwZt0bsFQ7iWUFwApIzjOSc9z0F29g8YvMuoXtrd2+ll1QyQ5ERAAOIUAAc/3SB8xyAemG23hzS9UElzrkt/FPcyK1k8gKC3jTrJMHOSOnXgdT94CsoPDUJOpOtCaTtyU5NuLTirK2r83qr3StqY2UZJz0tZWvpfS13u1dWutFsmtbcRJYrLeyN5q5lQ7o3Odo29mBGckBVxk59RW7oWhym4ki021nkuGh3S/u8AMMlEQkAKOBkZHGQGHQ9JY+H9H0R7q/e5h1QrIGtvMY4XyxksxZirrkconbggDNa0PiNHkjksXhtHBaW4kjXy1lwR8isc4AGcjPsDjoq2axdoYak6i0Scmkr+533+XnvpbR4hq6TvFaKO7fwv3W1qktUk7aehyl3puu2yOLm2uImmjJYyrsiIAxtjbAyQucqDjGM5+bPMmGfBtJpMkAucgeXg4YAEYGDn1JzycV9DWPiVL9TbXiwz2UyeRH5oWUozA7jGygnJycE9eeMdKb+CfDtvGbxmNxLdMWjiRiDE4JO6XfztxjIGAPQjFc8M6pU2ljaDpzk7QUG5c1+W+nTVtu9k7Wt2zWIdN3XT1s3aOnLFq+2+2rvqzjvDOmWY0ea1l037TLdxySG7dV3RdQojDjjaQCOmRjniuRurW88P3Do1mxaU/u2KqxMZQY3MBgheDx3x1I3DpJdcutN1G6gjkysZ8tI0IWHyx91SzDsMB1B5IJANXLfVWuWZpLZppVTLNIA6NnG3JO7IHTC4LZ4xnNdVPFNSlOMOenUipcrduW3K04uzWsb626pdS1j6kI2aXvWts3zXT0d2r2V2nbXXdmx8PPGXivw1qFprWh3F/YalFI/2e6t5ZY/kVceVKhYAw8jO4FGGQRnr7zZftTfFjSZpNPn8R3ptNYdI9T06Lc8E6vLgrPEwMZjkBO4fKrKwzn+LwXT/7SW2eeytpI3RvNuGlASDyQTkCMgHbgnIHJOSMYrOOuW010ZJbedtTE4SKWJNsOFIKx/MoXlsEsR6gcjA+ezbAZXmsnVrZdhq1T2bp+0qQjKpFvls1JJuNt1719LKzdzalj5WcIqafT3rx6aWv1Wivrvra1vq342/FD/hLdBtAvhzRNMu9M0iOK3SytoY5LiSQAG5CwIu0sCd6ndktnrXzv4ERtfNvLrdpaz6dpxRpYZ41i+1bGGYUYjlgCQAMA8dzivPfEXjWXaYrq7d74SYlijCsFiTAVC6gdNvJHy7um05FZNp8R7i0jj+yRpbsj7oBndHvxzuONpLHJGcgZ5xWWByXF4LLJ4TCSdJ1G3GpKpKUqalytcrk72TutNUldbGssTiJwspJO6S1s0tHo1pzabPXTW19Pu+GbwlpvlT6bpZ0axli/wBGFq6Rxi44VjIE2yE53FU3AkEnA615L4y8KeKtWuBqmlPBdwvwIwwimiHDLMyMdzu3IPXA6YOCPB7H4n+Kdbni09pEYtcbRHH5YCyE/KEAGXkJ6AAk5IGNuR9G+GNM8WXE6T6ne3FklpbiSONvmmuHChh5iKVAOV4zkjGOpBHz2Jy/EZLJYvEYilKrL41XnKpKopWXLG6crrTW/unnVHXpSc6s4yTekZtNu6i2kkraX037HA6N4Vv2kln1S4MM8IczW4+V0Ctn5xn5SxxgMODwfUPvp47JpZoLhlll/drDKwIYsCMlj0BB45BbjkAE1u6lrCWN1O1zeGe5mnZpkKDAxkmGUkBiTleNw4J6rgV53q2sw6kXkECwl5c+Y4KRYTOEToFJAPI5HAO4gCopVK2KqxqSjFU5qDUUpWTaWiaTdmr6uzXV73qi6tSUWoqzaa1bV9E9lvrrfXXVkE11cNM1rPJGAB5xUYCux/hUjknuCGx146iq812lu5eJXV5FAMYbeSv8ZGc4746D15zWLPqSM6RlIvPDY80vwI+46nPHToWPTgmpX1XTGkWPymxBGA4DggOxByGIJIIwSvHQcEgAd0sI2oNQ2SSUYrdWV1fR+t/W3T1I0uWMZKLXd93pq212u9GktVszrrC4gERlaTbbI4faxPmKzfMPkyO+OoGQRjit631O0dSl3vlViHRxwSgOVJUAYQYBG7GOQfSuEjubGCw2iUB5W3gqfMMuRuCAc7cHGSwzgADpzXsNQtAqyTlknBwJCTtKFj+6ODgL0zk4VTknI4wlg5Ti3Zr3kkmtZXs99ejfkk9+hFSjKauny6p32TvZX7WSWiVk9ua7198trSaW0hnsmtriSZ9vmK6hwq52x4BwG+98xwDxz63PtA0q5tZjbLZl1KSuT5pVTw7KBnLNg+o44IGBXmHh/Xk03zI3RszMGU+YfLK54Cl24wCTkEgEZ5xg9zZXMtzerG4OoK4iliVsgICQOrEkqMsG7sBzknB86rhp03JVPhSvGLUbRV1du2sf1frr5VWlOnL3ouUUnrvb4dWnaX3P0vqhsPhDWNSuLu/0zUbVbRpJJFe4dI5GXkysS5ONoPRhnOAOOKydT0y5s45ylxE4Hy+erJMZh/F5WzBGcE46kduK9V8Srpw8E6jplpBHbaiiLctfLIUQhs7okIYEAgYALdR1PBHzRa6vf2hSwWd5YgreY7SKYlZhyFc/Mr9COQzZA5GK6MFTq4iEpqSUaMoxULNScbxs+rtfo153107MJCpVg6ieiaW7bduXur97eWruXri+0SOIzXKXcRjOSwdjuZeFGNwG1mJJA6DduYdK6Hw9qlndXMV29xGtiGC3D3QyNqEERqq7cKVO1iVyCecAmuVu9K0WeNrmKcyxbcTRGUF1n3Zb5AMYzjIIGfpndnQRR3FtNGFjgG/bAA52EAgZKgjJ243Z6dDjgV6sMLCUHaLUkuW76XSV9Gr2WlktG9dDaT5Ypa3S3tZ6JXbatZvWzs93e257N4mvtJjW21HTW84TblaCPy2tsqBhgFA8tcDA354/i53HiF122lvEnktkhIXHlGUIGwCCxBPzAdgQMAAdMYzrXS0eCawudQKXTQH7OsBHkqhUsVc4x1J5Jyc9TmvOLzT9SjZ40EkgtyY2lEoIJJ+6pBOT6A9ux4zrhsvpSjyObTVvekrKycbpLV2Tvf07WIpVOdcrnK+llJ+6trtWjZ2vf799j1b/AISSIzGK3uhG4mLFpm+ReAdiYIBO0Ejn3wOtJceJreK6RY7qTfMBI7EgIs3eTd2J2gjBAPfGCa8bubZo13QtIJF2hxNv2B8jcS3Cl8A4A9RkZBqteTPHCpjBkkZVBy287gclsZJKrkDk/LjPODntjlNC6TaekXdyeqbS1SSe9l310Z204wSvGSTSWru0o2itVa6vve+1220tO/8AFur22oWTTQtnUYicugQl0EmQxC43d9oPTJ46kcvpGpSXETJcsuwttmDDy5pFAyFGM4HQA8HAxgbVzxpv9Rt7hLZ7d5BNiWRURiduPlAYHG0EA4Hpng8i1NqMjrIpgW3lI6uAhKALztI54BOc++a76WBVOl7JWl71+a70S5W0lqvd13tdvddelNNW5k2nrdy00TV9Gnbd36dne3qLnw1d6e1re6dtmK+VBJG4kZFOf3oBLEFQDk4BHPYEVwMnh7T1eVIIJ3iLsEuJi6nIVjhFbgAk/MQykMehxgYyXiv5bRXJjYAh2dj17gHdtySR1zkHOOhOx/bszRpBBLvGwxgsPljZsZcnGQcc/LyeoPOK0o0sTQbjSnJQk1e7TjZpN2Wy1Wtt73GqkVZ2vrpyyTTu43aTabta70V9depSNnaW0arFCd6MyZkf5nzkbueoxjqemSTnAN3bB5MZV8SDoFbO8t0OOhZehUfTnJriLy7uReBJGbILEthhld3JGDgg/Xpg+uNK21FVkgKfvCjIhCc7MnGSBk4I5zzyBxzk90qc5RTlN6RT95WbTavbuvN2WrFLEQS1irWVk1v8Cvo+m9ktbPsdvoxe9nksdvnSghIHJKxqwySGDHBIIKnOccjrWg+h36Syulklu8AaQvuBEnX5o1A57DpgE4wSa5vUPEZ03VbJLaBoIxCocoq+bLlcEEqp2yZJ5BBxwfWukXxJLc/Zl+1TPHFhrhNo81ImIzGx46kgEg5x65yPIxdOpRvJKLjyKcVZN303ena7ZyYitKyStbZq8VZaLTm1truu1+1/0H/4J2/Bj4SfGX4l3Xh74uNclFsvP0fT45Darql0zAtHcMxAMZVSvUEZ64GK+uf+Chv7GXwj+Cvg+3+Ivw38LRx+Gmvbez8Q6Zqd6kwsWUYil08gmZYZOWcs3O5eoOT+Unw68Y+INF12LVPCN5JpN7F5cNvfW8jRXcDuy7cFRuOD1HcAk98/VP7Sn7S3x3uPhba/CD4iCzv9K1qCy1aDWLmPztQuliRWSJXAI2PkEsOQeo3cD8IxeWcYR8T8tzTLs+jUyeuqdPFZLXxEqKpUqMXGvWoUvgq3h7yulOM7NNpWPVwOJprBzi5OPLCcKsbLkq86XK19q6aWqdla9r3Z+el/4i8FR6lIV8Iabc2mQIP3jgYADBcA/MSMfQn5d3SuzuPiPHtsYPDuiaVoulNYfZp4pLSGeVSRtbypGQuvP3GJzk9SOK8S1Dw4sscF5DLuIBlkjYmPA4+6pwNqdQPXgcnbRpa3dpfRTTmWS1gIIDozRuhOSV3ZPAxgcjPORlsf0Tiq86uHjRhVvNtcqlJN/ZvdppNWvo73trseFUxFlKMZNOUkr8zbXvJ8vTRpP3Xf8LvsPEGshIFZFEC7iJlRFCSDJPmsEACsT79Tg5AAPl1peC91SaPzJGVmV/MxkBctkAj+FgOvTB5BK10niHV7S5tbq0jYs9zJkELgRkYJVcYODkei9gMYA4O1cWgbZKoLxskj7sMCMnyxnBOeg49s55PJgMHUjRaqR1lNWtq+V2vfe2iWtvKzOGVRqFtXrp710rW5r9m1a22+ifXsmvLdmeKKcI8DMEhEiDJIAGcEMAp5fdg44BrItdXMVzKhfzXaTa69FxkdCecHg9fbGK4S7urm3uHawjaaSWRQSAXkXlWOQCBtYceo7j1RbkTzlHZoZg6IyNhS0j8H5QMhQQQOo65AxXtQy+UaV9FrdtL0v1fT5eWlzi1V22la+qvaK02vdJ7X77qx71oF4XmnhhSaSeWP5Y4U8xpCecIBkhQRkcFgTz7aVz4n1aw8yxkc2mIuI5UKTxHIG87cE7QOu7PTPQCvZ/gx8OYdOFl4ikWabV7j7O9uibZrOGM4yZQxZQ23JbcMAluAAd32VF4M8GmSCXX/AAxpep6hdEf6VPHCkblsCSLaij5QCSdpAIUcL1Pn4HCUc0xU6dJ0ZSoy5W5WteMk76O71volutU91x08fGWIdJLmUY3urpXvG99b7X0stlrqfjJrfhu71+9nvvt8cr4aRZQmZHJG0rjByozgAnnd9RXJ2vhTX4cNZ2F9cyIwbzo7O4cMM5+UqgwQfXgA5zuIr+inw58KvhtDFHPbeC/DvnTMpx9njmCDdnG0qRgEnBA25/iPJHsFr4Y0Gzs/s2neFvDFmyKQZG0uxYkgEAgNESCMgkHjPUdQf1rLckxEKVJPFU5QUElFJu2iVtXo7WSslpq7aI9KGcQhSlSlQmmndO6tZWsrt7vTTdW07n4afsx6T4ttfiXpUt3pOrxwSWc7yXc9hcpawBImIZpGQKrcYB+Ucc+tdz+0Foupa6+q2OmWgv8AUdQa4ubdY/3YPlq0TgE4yWAJ+bkscEjOa/WzXZr7TdNu/IstKWNLG63LaabBbkp5TZAeOJDjgAdMYHT5c/lL481qb/hLtLmZZLUNDOisjgAGW6MZIPDdDn37YAGPXxGDlh8NToOXPzSctlFcztZp6vVX17p6Lc8meJ9viVV5HBcqi1dNJ6Xberv8Sd2231Vkfnvd+CPHHh6JI9S0G5tpJFZEjcKWU/eDAgdGHOCcYAbOK9F+HyfFSy8Oa3Z+F9Ovn0i/lUaq1vlER1IXyy4HMhHPXgcKeMn3n4yashvrOJrhiYYUUsScFzbnBOfmwMcjGDnJPzVq/Au7K/DTxh5c/mldcjBHmOrBnjODwedoz6ZO0E4rzMFVhTxM6bjGMoJ67PaL15UtN09OWz3s9d6tS1NNWcXduzTSfLF6W1u72fRdWlqfIniLwz8VVea5NprFtDu3NEZQylQCSec8Af3jz12jIrD8MN8UrTVV1TRf7Xna0dE1EWsDzFLYkCWOVlBXDKGUgjjnHevtTxPLNaWmpPc6jI2y2E0KBmYAuuGU9eACCTyMcqMg1D+zyI49K+Jsq3AnMtjDMoYbmUtgEqwPDMxzjJwM/KcV14Zwq49UYqMXNv3rRcm3vd7padk/mY+0tTlUcuVwveN0kknHdLbVX16nl+o397cT2Nzd2ptHguLC5mF1EUWJCybwTgL5rNyR2JA4YYr59+Mfnav4/wBXvrJJbmJ44BtVS8e3YeVZSAATk9TwQRkZJ+8b6ysdU0i5tdSij8iYwhgqgyDBBBVyCwyORyMDOeOnxZ8Xing/xnJZ2EnlwSWdvKkbYdjGRnrtLZwADkZGehIr062W1sNWdTmUoNOLW9nJrdXSa2110/FUsdTqUlTSa5Wndau7dm1dpct7XV5drppnhsWiX65uDZyxqobICOTkKxzgfr/tZ75r6r+KNhPc/Av4MiCL98r6wjrtYPgyIe+CM8bucduDivB4fF0DqXkibeTyodQpG0n7uACDz0+YcNzyB9JfEm/8v4K/CS9hjAW5n1cqVcEptmUMvJ4POT8pPfb2HbQwsqtKcpPm5YqV09LXiu19bW+S074zr8rjLl0vaTiulrN9Va176PRt2sz5Mt9Av/kiW3xuIZ8hlCcnOM5DHgDAAI5wSDmvuCezluP2P9I0wEQSv44mXc6N0BHzAMehxkMVPPHXBPymuvyltqxMC5xlyowwycjA3LlQDkkMT3G7j6gvNXV/2W9MnkLB4vHEqhAeFzk8s3B4O7PPY57VVPCpKd7StB2um0vh1d3e+12tGn5K+f12Ttyp3crc217XaTtdt27K+qb6I+WpPh3NNJubU4/MLA88YyOgCsBuIx0GOvbFfVXwm8NXem/AL41aerrLJci1kGAcEchecdeRnGBj7x43V84Jr1zIwMaAlnQAOYwQRgkMDng/Uce3FfVHwo1Sa8+D3xg3yFDHawMYlKkDGclcY+8eckAggDOOtYWjdv3m/dfSy0S73XyWqv6IiviJct2mtUkrO9rpt3flqtVpa9ru3xNp3g7WLiQ2sNsJpXALAn5lO3B577VIwTkdM8g177+z94S1Lw/4w8RPqNssUc3hDWIoyzbzI/kn7o69SAMkAgcYOa5Hwd4ksLWbzp3lS4DHltoZ4wPugMMcZyeCxxkZxz758Pdci1fxFrDpGgFt4X1F4peA/ETEgIoxz0Py84HOK68PSkpJyadnZJttW93b5K+ttl3dvOr4io/djdpqNlfTVx0ukt/u0aPj+6+F/iG7S6vwtv5M9zctEW4kKNPIRkZDA44II9xngVk+HtDu9P8AF/hq2maFJIdc08quGUNidQ3XIyfUDDcfMSK91s/F9gEe1nW4UxyyuzEbo2YTMwwOcbsEqBjPXnIrizqdve/ELw5Jb24kWTWNPXOwoQTcIAcEcnOeR15w2MGuumlKcY+6rvXZt3aun226X21W9uOM5J9WrJN36O10/R7XT0Stqdj+1RoMt98XtSETRoP7M0x2BDMC/wBlhL7TnqFx93px05z84HwZPHuZriKRSd4UggtyDj5Rn5OD2HqdoFfWH7UWrf2X8YtRiW3DhtK0sqFUFsm0iDMepU/NjbkZ4PYmvBotaS5t5JEttjphF3bcD5l3EAZLDrkdeSOoNenBShKUUoqN9Ekr39261Tv2697X1WM3Kfv6xbsrx0VrLsrevV6XV5K3tP7RNgNS8EfBe3iZFe18K7GzkRsQx3HnHXB29M4yDkAH49j8HSKS63UEwWTeyAscKOduATgYBzkjgkBuK+yP2gLlLbwt8IJLi2wk/hcyBIiRyZHJYcgZGWxjGMkYAHHzIdQ0y3kzFE8bMFICuCVY/eLLnBBDZIAOByBW8nyyXS6je1rJKz189726W1fXNSm0rdEktfNeVr2tdr7mt/ot4J5f2X9KtCgQp4uliOCQoXZkD+LAwcnqflGOOK+bR4aSJwokHlSYeQjcACSeGx0AwQBx07gYr6UmvRa/s0aTdo+yNvG8ygKudx8gEjLcgnnnI4IPYV4E2uRGGQqCcngOB8xV85wAVbPp2yBkDooShrbR3td6PSz9PJ9+17E1PaNrmdnZSSbXRJ992k16b6t3+j/g5bC3+D3xyjWQHfY2IG0N90TKOceoA77eo56n5wttIhkVQzFi6gpgnaCck7uQN3+9g/KSMV9GfBy8kvPg/wDHKQQrtTS7JnYEryJuMDGQQOWGc8d6+XoNbt4mjinuJYww7AMFzzgHAB6cjrweueHDkTbTT16+kddbdHbRparW5NX2vLFuzTT67WcbLV2vbWyd7eSV/ob4C202n+N9SCNjf4Y1ld/zBVBtJ+WAOOOOT3IyDgg+O3Gg6VrFw0t7YSXDh5UEiucM/mNu/vcn0J7/AJ+y/ADU7e+8XalDGfOK+GdYaNixVnYWs4weOe3IByfpk/PzavrEF7dRQOka/aJv3YYKEZZWAOCMjnBboMKcY3EV1xqRhGLs3aWitd8tl0dr276tW3OWaqPa1lZu+vbTTtt/Sv6T8M/DttpXj/wjcwW5iI8R2GxHDFkUTR7RuHyleq8AYII4yM7/AMcHjvPiv45SYfe1aRMhiGQLnIVR97nk4PoSSQM4fw11DUbvxz4Ojum3H/hIdOw0ZUoD5qZzwRuI55BAIzT/AI3TeT8X/GismT/bcxY5AI5IzwRjsuNvTIP8TDrjiITjs07rRtWu3Hs9Xuu112dznftlFrVy0tq5LS2uvvbu3b+bo3ww0+RArQBhEMNGC8gACuGEiMXJP06fTrX09+0Nbw3emfBmBW2vP4NhD5JCjbEmW4blvXjIHH1+bJNSkFukBjaU5VVUbQIwWX5iVOeuOT19Cor3r49anMtt8HgY9rweEI9hADNsMa5GTkDPAGffGQQazdePNFRV007LbR20s9fRbarQ0pqt7N3+FcqkktXdLRK2qeu9tN9mec2GhWqQjbgSnCRuJHCuy4yzAHPPQHHQj1Jr3vxIGf8AZy0KynQbB4ymUMu4ncWb+LPCk9unGP4RXztZ6yZVLyq0ZjyU4ydxI+YqCDyc565HRQQQPcPFeps/7OWhXTKQreNJ0Plja4wxUYHBA55JyO/XNbqo5aJrT7rPr00sl63v3MUqnNonZtap25k7/wB3o9Fr116o8Ha3E0EqeXIotlKqwL5dTjIjUHOSOvOCD34r3n4MMR8KfjsqI0edDtThskjAY7SMj5iO2c+ozgV82N4g2xqkEk7ERkSAxgFMnkk7QcgcqRyfXj5fo74O3VtN8MfjksNy5Q+H7YyEqQysQ/BHA6jB6DO7HNXBXdrpaWbu7Wsmu19N7Lz8jSlSruS5alrct22/K2qS2Ss/l6L5I01Fu02CEDYqluGxIc9OTyCO2D68jr9SfsvWDx/FK1RYFXGi6ucMORm2Yqgxgkj3LAZIxzXzDp00dqySQzCRVi3uoZckjkAKcE5yCOAR16cD6g/Zm1WE/E+zl3yJdS6PqoSMjcvFs3ZR2G4+oJ9Biua0dXzW1XW7tdXtolrppa7T6aHTKjiH9qT1Vtbq2j30S++z7ngmvk2XirXpGknWd9V1COIxM67D9rm6bTyM8EY/Uc4eiWt1/wAJn4dlYPiTxDpwfaXBk/fpktk4LZ5z1Ixxnr1PiSXTG8Q63K1y0kkWtajI0jsq8tcy9AQTnPXOcDGelUdFuLRvFXh24jvDlNbsDtAVgxEqBfu98BVGSc8D0renKKmpNatpPRvdpW3fV6eqVupzYiOL9lyPWKvaz+07XvrtfZfPS7PT/wBo9bmy+MWuxWk8lukdlpUqAM7EsbOIn5ecg+uAOeCMZHhT3V8ZbeZ7+QztcxnLEkopkUlRnO0ZyOnUnOTiveP2nbuFfixrE589pZdK0xiyw8gtaRdiO+OQMdT7FvnS1uEe5tkbzjLPPGhV4iB80isMgqMHPAI5ySeDxVVqVKddvkj8V7pLy6u767bJW1sld0KtWFJRk3zOKvbZNKNmldbbLrbR7K31b+0xrFydY8DLFcp5T+AdL81lIKlljQFSeGLLgnjIyCeK+ZBqGpFFS3uGljLKPlGW8scuFJHA9BnIPHsPoT9pGEwar4FKxxqp8G2KMZjs3kJuON2Pug8kccDpXzpE0scmY3tQAmSnnLlRtG4D58ZPUHGeMnpiiph6Uar9zeyvy6K6W6dtP/ktUR7evyKylH3lrdaL3dGr2trfXqul7n1GL/VbT9lbVb6GX5ovFcEQldUyi7Qw25wPvckdzj04+PpPiF4mtbkm31RIpSyhvKiGWAUZ3DgMex4H8X8OTX1QlxPc/sta7aM0KLJ4uhw/mYVSUHyt23Zwc44PXjLV8qQ+F7adSwubNZkBMpMmBjlc5JB5459+nGa5ll+GlJ81GM3zJ25Vbm916Pvvovk0zRY2uk4xnNWW6k+ttrNK9/Lul5/Uv7KXizVNX+JN6usXguYf+EY1iSFBEoy4tJcb1zkKCAV6Z2gEnJr5t1H4r+KtM8RaxBa3whjg1PUIYE8kFVVbp8CTgZJAGB2xg9a93/Zfsk0z4nvEj28u7w3qytsfcxJtZWAUE+vJ28DnpwK+etV8HnUNa1yZJLWJzrGoOQzg/KblwSQOhAJ5z13DqRWry7CTp8s6EHG/wuOmjirrm1unrZJ366Jt4xx2JhUThVlCd/iTaurX0a21Xe34li0+KHijV9Xs7e/vVEFxe2avbwxiJQTOg3qVA+Y9x6tgdAa+lf2mNX/4RPxTouyxWZ7rwjpM7iWQnepto8EDPJcnBxzyRwBXy9Y+C2tNRsJ/PtWRb+xAYNufctxGx2gMcjAwxIBBwCckA/Tn7X+nC68beGFk2Yi8EaLuG4gnNpGcYBBOR0H3eme+SlgMHToyjToRgm4XUVZNXXVLpbpb80dDx2KqVFOVZ1KkYvlu+aybS3eqeyvpfZXSbXyyPilciGSGHSo4UnZyEKoI1bDDcg2k7jggkkZzjPAFfT2q6lbv+y94IvrqGZo28UXUk0K8RkiTJVcAdfUAYION3OPji50aMRu6Ky7smMbWOAB17EgcHI9cgDv9eeIbB4/2RvB8aL5ir4mnLsSRsDOcYyfpu56A9OKtYPDwVTkpKCcHe3X4b9vu81a2xEcVXdSM6spScZJxV1o7LbRX8rK22mh5vF8YtPj0yK0t4ruKOEvGtqFQqVIYE5Zc7RnrkEDPODtPvP7PXiSzufBPxwmt1mjMnhZ2ZCTtDEAsWbP97ntzkccV8IvZCLlTGIyBuAJJzjDDqeTnt+Y4J+tv2bY0k8EfG0ISkf8AwiUhIBJJwuATk5yentn2NGW5XhqWJ5opqTTk73TTstVrZXS8laz6JHTj80xOJw6oza5YKKUWktG4bW32Witb5M+dV8Q26QODdyLK0sgKgZKD5lUqQdxGe46cn0r6B0/47eEdM+Bcvw70yz1OLxjqF+LrUdTnfdZG3gDeUiRNym4MQdrDPfPGfj+e2VHaRWBQlzgnJ372zwOPfGATnJPJBhmUkSmNtu2PJCck5BJHXA+baBjJBGMHoOqEHTrKV3ZSVlHXmXMui6WTT201tqeNWgsRR9lUjzRVm73upaXaae6T10110tv+o+rftrHR/CHwI8Ly2lw9t4H8AapplzFEx+z3TazuR5mR1ZAUCqRgKQd2MHmvvH/gjD448CfB34vfGT9sDx5FLL4H+DfgHWb+0uJNrAa3rcchtoLRSOLuOYLsCYYbeM5r+ezxa+6Pwxvywg8PRIylmXdzJgZ98t2IySPSv0KbVdU+F/8AwTZ0bTkmktbr41fEq6M3ks0U9zpWiFHjtpijBnt2LuME7BtGCeMepi69SUIwUNG4xi2rqHNa99bW0dk99l0Z8dRyfA4LETnSj7OVaTbd3eTlJP3rvT7WiS+Hsfql+zZ/wVY+A3w9/bD+J37WHjG98UHUvGvh/wAVSaXBFC1xKdZ1iKaCGKUbHEcTxCDjbkD0PJ/Cn4y+Mrv44+P/AIjeKLzUrBL3xp441bxOxm3IyQajdSTQJKVO4OICgYAgb+cZHHz54Ztw2r+Vcq3lMpCqXcKowAqhWPKgjI68evFZeuR3sM+oLbIVEdxt8xXYOUONoGG3AjgAqADjIGOnLSw/sqSj7yineTilzapXu430l0utPK56UqdKLdRptvlTi53S5EruEd4c123p0102/R/9gT4Y/B74lftJeBPhj8R9b1uxtVuLm/dtJMclvfvaQgwWcnmK4NvI+Vfcc7ccZr9n/Hv7Av7K/wAPvHHjCXU73VdO07Wtct7uOKe6s57X7MAkoERVS0DsASFBADZ+UgV/Lb8KfFfjPwH4hs/FHhbUJtI8RadOH07VGLxzxiRQHCSE5MbADPPOe4+99Y3X7Y/xr8S3LaPr3iafV7q5ukE89wTK5IULtRmztH/fK8gds1+bcT8N8R5nmVOvlmb1cDhVSjCcKcnFud3rKN2pSaejSjstD63KMzyfBYGpHGYGOIr3ly81KM04uMbRbclLm0d3FJO90tEz9ptOsdD+ANj8eYv2XPjdd+A7T4keHI9M1vTb6VL681yKH5dkbOHSCONwRF5e1lIGTxXV/wDBO/8Abk+IXwo8R/FT4W/HvWdOPhDxRpmnatYeOvHNz9uLtpMIEmm3Czuz3Gn38cYhjtZC0abxhAQK/Fez8X+OdT0PV720hvZ7rTlT7Vcghyqltwx03pg9VOADk5wK8g8bfEXxZr+k3Iuo765NtHDDNNJGZo4kjOfK8yJSp3A52kDHXOTXXQ4Rxjy6tl+Px8686sI/7S5WxEIpxd1O66p6SSVm7rqeY81wVTFRxGGwUadODuqMY3g5aNN3vtsrWtorJM/WR/iT4d+I2qfGvxz4X0fSND02b4pzXGkJoVutvpz2uTEJbOJQFjiuGHnBVAADADpxqftJ/HC/m/Yf8F+GbS3NrHpPxD1YX87kmO+W9ibgoQQMFjyvIFfn3+ynr+ot8NvGNncPMUk8R2s3lHICgAYCDOQoBHHUAEY7V9R/Hi1guP2M3llAEln49SdVz8wEiIuTk4Jw3PfJxz2/XuHMtw8MLhsFKo+TDYVNSm7tulBKLk01q+Vtu2qa8rfHZzXqQrTxFOKjKtiad4WUUoTlaSSW2m+t2mltc/KTw1q91oXjHRfENqJI7zS9esdXtpIWeJleyv47hdpUjBBGM9SOMDpX67/8FCtOMHxP8O+M4oxDZ/E/4VeDPFkeG/dy3f8AZFtFqEuAfnZ597uxJLPuz82cfjhpS319qkFtbwNJLcXEkNo3ABcLuLBiSMIefY4zknFfsj+2VfSeJP2ef2I/Hkkscs8vw317wTq0ocMovtG1J4khZlOARHENqkjKgjjFfM50rZtltSMmoTqVqEkle6lFSjfe6UotJbeq0PdyWpONGtC/LzQjJWdrNNW01Tv+PR7I/PFZg0dshb/WB2LAHoj5DEt1yw7Adhz1NgvIbh3JyoSD5QOpO3BJ7k9uMnA69s2FlDWiEZUQuxAKknIJAPIxk4JyevfgitAuUlfbkp5UO7gA5yOAM5LHuAMZ4JJBNelJOKguRO/Lq1fVRjr2tqn3aR0zqOnF87unG+zevKt7b97W6XT6O7qTpJJaCUlVhm2oi4GVkXqT1GBkAfNnjgEcpausl1M+4bEgljQn7wVeM4BIxwOzYOeaoXs5+02yNk+bcKR1JwgYclhjHGBjnHToMzWZ2T3LHC7YJgo4w4OeuO5weeucHPaqjGdn0b0bTta7WjTSuklfvrbyKjWTSbTW/e62s7dVrpK99O422KyKBnJjE2wKeGYsOmQD/eA9gxGRyNySGb90JPkC2AfJ5JUg7cHoAeQWJ446nGcayVVFs6OdpErMoOSCT2wMDn02nAPTgjoZZmRYnYMFNg24nBLgZGDk8dB6DpniunDQk37zi7K61te60v6eW1l10OLGYjlp2Sbbkk1bRpqPZJ21V9u+nUsZX8qLAy7wOoG777H+LP0H1B46ZqhptxOWuo5S3lCcb3PG3lh0xuO48c8g5Iyav2soaxVoo8iNQFYZypfGRkDO447nkA85DCgWjxwyuygLK5OM8ptPzA7gCd2cnjOemRioUk6snJK6dtNFy2i7PR3dl0T8uxvCcnSpckWnZP3uq91O6d3rfrbRO/TmljYny41kIIkbjGAVU54I+90AGcZyOoxSNJKb6cEbsuqrnr0wBknkEYBJPbPGcVOsBE1vudYlJWRT1wpxw5GcsBlQe2QTkCrDLZG8uS02ZU2lcDgnjkYOCcc57kYHXhPlUktHaz2WjTi9E+1tNU2ltrY1pRlHR33Wrd7/AA6K/nqtF7tr6k+nFzchXDFkE28kgHCrwAckZA4PsSeoFeH/AB1lLN4YKyM8gguOBnaOTwPUj/GvbY5USeTy3AVI5i5ByxDAAAH0POTnOR3HTxH45xIg8ItHIGEllcE5baQTjPJIA54ycrzx2NeBncr4ZtJ6ytZb3XLsrq+21m19x9JkkksVFNK/K25K19OV7adb6bLboeJx6hOsDxNOVVkBZASATkk8g9SMFhnH+zjJrEudpkV1ZiWkBKjnacAYOAcAgZzjtkg0OzsyqwBAbau0dRuwxznBABPowP4U5ch/lVQFZcE9eP4fmwH7ZOQc9cEZb4+HLG87KKctb302Vv8AE7u1layV0r3X2c5KUWu290nq+V67KW67re7ehLHI7Lt5O35dzKcYJyBwRyBn3wQSMCvZvgCxHxP0eMqSRvIwpYZwAcYyRjv1U9fWvJo2hAJERAALMd38XqfrjIHX1BIBPtf7O0a3fxY0RGbyQ0cxBY4yQoAUhgPmYgHoM++OeiE1LVapP12tprvZdNY22vqefjLulyqTbvaK37JtaqyslZNt3erk2ff3i/ZJpkqSRFpIwzPkKobIOGA5yUIB4JJ4ycnn9iv+CS1rcr+zXrjrCY2ufiLfwIx5JzbgAkc4GG+XjnBP3Tz+P/j+1jit5E8xRM0uNxfIcBTtHBOGOeCcZ9i3P6yf8EqPG9tov7PXiyy1KVI3s/iJqDwqSOrWoww+76dupAPODj8F+kdg5Y/w+nh4JuX9pYKVkt3GT0krXXVarW2rva32XhrKpRz7la1lhqyu7WTXs372vrdd9ddD9iPDvwtj8Y3cOlm+iQQk3V5K4bL+Wf8AVDaQMlVA69RkcAmuL8deF7/R/F8XgrTktZYprBpLS48stsjclZZZJOyRgkEMef4e1bXwf+Mvh2x8X3cd7KMrpsszZIWNyxd+N5AGRwT0GeMnIHnvxh/aT8I6X4x0/WYb7S7ZGsbqC4mWWGeRgrMqW4RCXDfLkgZweuO3+flThjGSqQpUcNWq4iC5vZxhKVo8kXG1otK8mrN6ebsfvVDGY6ONrQqOMcIqKlCUtIqrePVbvV9tVfrY8Z1LQ/8AhHPEeo6bNNE88IMYWI/u2Zcv5xP8KsVyFPI5A4FUdLv0k1W6H32ZI955ZU4UkK3bI4BHUZ5OCB4VqHx+t/Eeo6nJpdk91dPcTzi+uiIojESVWNM/NsCkcZ55LDri/wCDfEV1fXM7apfxpJIVd4rbCIoyGSMMcn5QQAFI6fdzk16uI4MzSlhKlbG0XSapxjCDu5ppK6airLrdO2tu9j3IY+hNQjCpGUrrmcXopcsVJp9Ffvv1aufoh4Du4FgtUd0TaiscsFJwQRkDJGQFI6dl6ivpvRdShniWK2V5yxjYYGArAqDuOMEEj6kEHPQn4i+G+qabM0BidXJGP3knUKTjAJxtGODjA6V9f+C9TtjCixMiFZlDKMANu4bB64HXcp4+mc/jGY5TVpYma5ZpczXM4pJaRv52SbXprd6mOYuNShza1FZ25fh+HRPdpej10t3f0Ba20n2YM6YkJj5UADGBxyPQHoQccdhVLxDpqyaVdwHDCQqWCqGOSeRySeQM+2QMdK3tNuBNbEIQMhGVjg42KFIHq2TgY6HOeBzNf7BbzqfmIjEhY88mM5bgc85GOduTknivVw2TOphnOMldU73lovhu7runt1vbVaH5zHGTp4yMWmlCrFuy7NJ+7rZW00vdpKz1Pxp/4KKeFTL8D/iTPFCjKuh71cjnfFjJwAVyBwcHoPcV/H94P+GHjb4t+J/+EV8FaXdapqt0xjS0s4HmmjRWw1xMkYLJCpxuk4VdvORX9sn7dVvBJ8APiQsq+YP+Ee1BzxnavJVzyQvH3WyehHbA/mN/4J7/ABis/hN+0NpJs9Dj1W58V3c/h1ZJI1L2guJ/9crMDxgcbc59Bmv6N8I+LeIeD/DfjbMckw9PGZjllOpjsLRrOSouVOhGTU0rO0YwlKytzNNXTPVzfJcvz7MsnjmU5RoT5oS5ZcspJyi4xUuVtc0pJXV3vfz8Z0n/AIJfftBT+KtN0PxNZaf4cGt+YLK71O9jxcKgBIiiDKzHbxgZbf24OM39rf8A4J1+KP2VPhdonxA17xNb6tNreo/Ymsre2eMWyScK5kclXLAEAggcFsAZr9+/27NbPgz4nfs3+J5dWngt73xjb2hsInMcI+2soEMgLDdteTkHIGOM8Z8o/wCC1FszfsqeDr1P3hTX7BuoztkiD7cdADnPHBA67SK5OBPpIeKPEvGXhLTzDGYTD5PxdjMTQzHCYXBqKc8Ji6mFlSdacqs7SSpVEoNWu97m/EHh/wAGYHh3O6uGy9yxtDCSqUqtatKc6NT2KqqSS5FumtU1ZeZ/JT4fPk+L9FTeQBrGnEKDlstOmAMHBz19sc9QD9M/toO02q+GM4BS3KMu7gYtYiDg9MgE44BORlsV8y+H9z+N9CBBEh1rS2HoAsw6AcjocggH0+Wvpb9r+ZX1jRZSFeRmSMIACFVYYQduPlGQTjJ9RjHT/U6hUtUwjablOm7u/u2tF9W3pJ27pdlY/jetSthcaklpOCT3b967S1b6pXvr52Ph2KGUHadxA3ZO3p1LDg5wCRjjHBw3U16z8JvhfqfxO8WaD4M0+7W1vvE2pw6bZS3GVhjmmfAlccblUdhjjHVjms7Q7/T/ALdbQ3Omx3caZMilR5mABkuQvQYGBkZOB2BH1F8CNTubD4u/CnU9P09Yol8Y6dBaCKNS4Mtxt+fg/dVsYwegzzgV4/Gec4vK+HM7xuD5IYzCZZjcRhqlRJwhWpYeU6TabTkozjG6dt+xtwzleHxea5fSxMfaYerisPCrTvyuUJTpxkk772drqzu1bsfq/pv/AARNsovAuna7J8S4V8SJpE8+oiW3220MscTuYowWwwbG1TgqODkmvzC8V/sz3Wk6TqWp22owPZ+HtYu9BuJYCsjSXEVw0Mc04QHZ5jKcKSCFPPc1/a4Le0s/AFwmoWq3kQ8OfapCVVGWWewJMJbI+bPUcDJPO05H4G634B8LRfBLxLqcItxH4g+Jd81/FgS3CGK/d0Rm5GAeRtz7nNf5U+DX0nvEvP5cRVeJs9qZg6Of5bgcIo4ejGNGniq9aFSlGEKcVyctJcr5rrl01Z/ZWY+FfCjpUqeCyenhVDC16kqkZTvUlCFOUJScpS15nq022rPRs+MfHWnSeGvg/wCCtEkKma0s7aEvGMLJuRZzjcMgAMTgY6Er8pNfJl1qt3HeRQR8RtG2QMEjnGAeRnPbHXjPWvtH9pC8tF0jRtMtmU/ZTCojDK2I0gXaCOcKQDlj3zgnpXw5cPseOWUHczyJuOTtUk7TgAYOc4z0xg85Nf6i+G+MrZlwtl2YVZXrYyCrzk9G5TcZO62Ts9V121Z/KnG9Gngs9xODpxSp4aXsYxu7qMFGKTat0S2tv8lo3L4nhmZsRqY943MSSSuMsenOM8eoKjv8M/Etnk+IeqIpZg95blI4XJbJIwnU5PfJJPGODX2XqGqKAI4VjzjDsSCBtb6jkgAYY5B4xkV8V3+pPffEuU3NuGd9Zhih2lQ/7twcgY+ZcDbnn7wJOARX6JVfsox2asvXZdfJvp1vfXU/P8TKE1BbtyXS9vdXNZvSzt+fWxyXjsyR65N5iSExQ26lZQyPH+6UYwc4yMADnOOvSqOgaPdar5sFu5DECR2ZDsTdkKrMQCCxGByMk8AE89v8Xrl08R37IqmVpIkuVCDICxLtBJ6cEdMjAU9stxtnrM9j9nuLQ/YiVSOZAN3mYOcuucFSDkMQSCSQQBiuSVWcqScOVSaTTd7K9vJaWautNV5aY2jGbUk3aztu1ZKzjLW+lnJN90upcu9E1Xw9NP8Aa4JLXa0bBXPMu4BlZW28qwwSeQAcEjk1ZOruTEgklSVlUOQOEGVJK4B4wMHBbLcnoCO28MwSeLb2Rr24a8gkClmugxSJU/5ZpzweMDGMdBivatD+HHhN7iKS6gF2VVt3mfu0UnO2IkkAqPbGRnnIFfOZjxDhcuThiearNJX9knJNrlSvd2i3e9r+ezSWtPC1Kkr0pJQlpaUnpstLNK3K9tUra6PTwvQ9EbUCM3jQxzSAtKyEBcjKjeRx5hOMFuPu+zet3XguxsbKF7tfP8qNHDxvuRARlgwByGYlSSBg8AcgCvQL228Laai2senKIoGZ8whFClOF3Pgb0VsAZJwMdTwecuLuC4hmSIF4wd7RtIDuVsbc8kYReoIAIA4IGa+QxGeYnMasJUFUw9G9+V3u/Nb2vo9LW7HZHDqCd5qUrWVm2rpQezb3aXzvbTQ8w1vTraG2mmso9syxFrYKgVtijaQ4xg46BhjrnkVxcAhvI4X+yyCWLCTkMVBJ4O7AG1jkHJGCSMelezpozazf21uwdFLCGXarGJIdxAEhXA3OMltuDk84+XO1r/wnMKxvp9x9jE8hiuIWj2xogOEk3npu+8M4PYdPm9rCZjSpxjSr1Jc82rNXdrcu60aW+t/N2MFRqz53FN2eyV07qFr3aV1tfTTz0PFoopXzFHAkMVsxZXIG4jO4hTkgkD7pJPTPJxn6L/Zi0iK++Nfg7DyTRm7Msh2lCDFExAVl4XaMEnPYc8Yo8C/BTxR4rvU8OeG9J1PxdqxuESGy0e1ku2AdlH71o1by4jwC5O0Dk/L939Yvgh/wTo8R6Be6D4n+JXiuy8CXW3da+FPDpTU/E0yyqcxTTW++K2dwSpSQBlJIyMGt8ZmGHp05e0qL95CSil7zeiS91O67ap3d3foe5kGQ5jj8ZQq0MNKcaU4TlOScYJKUZW521Dpsm381r8R+JvCHi3xr8QfG2oeH4LvWSmtNZ2mnWAluLozCRQCIoskMu3g/w84I6V+h/wAGv2FPin4r0NNd8VaRqHhh7q1t1/tDX5mk1FkAxiK2nJlOFwFDDaAeDxX6lfs5fAP4Y/C+O51b+y7TwfaLK895rviCS1GpavdgkrO5ukOyVjjJjVRk8Amv0AsPHHwk8M6X/wAJR47+KPg7TNGihBsbe/vrG4vJoQrEPBaodzDGSAqkHPRsnFf25Tr0cPHC4eU6kYqmpShzWajCKlaLfnu3rpbW6+3/ANW6GErV62ZYinFTlKq6casXBK6k+aN020mumr0XY/M34Hf8E9fA2g3EF94ik1rxlrE4RrbRLQKIZmBBEtyijeg3di2AByCMmv1E8F/s0Xml6YJbu10r4eeGrVQ91LbfZ4dRnhCkMs98237LEEBU/MOSTkcV8efFn/grv+zN8GxNpHwi0J/iF4puEkzqqW/9n2HmbtoLeYFuGjVgcLAUJH3cA1+O/wC0B/wUk/aB+Oaas+r+KpvCfhGB3WDw3pdzJp8M28tsgBjMdxOhGFZXYhuOhGDzTyzOMzSWJ5qdGF3HnailH3XpTXLdW3SUWu97G/8Ab2U5TC2C5JzkkrU/ek7Wd27cq26Nb22uftx+0Z+2v+yp+zR4e1jwn8P9J0X4pfEZ4JhcRR+TeWsF0qECW91WQSByknLJDIrbvXjH85njv9r/AMa+N/Hl9ff8InqdxNrwFleaLZ7Y7S0jv3MYj0ourSRbUKgykg7cNu7V8aeKfidpsWo3N3Lqt7qHiWdUMdjao8tvDI7ElZSd7SyjKsWYHcOoBJrR8LePvEOn+Pb/AFu60+TVre00GL7TbyBbeOMMFZhCwCMlx8ow4IZTkjbjJ9KWGw2T4aFSCjOcKbk5XUuZq3LFKzcXKWsk05W0b2PmsdnuIzWThKcqNNyjpBqbs0vek1rHR35EtdtLJvsfFuu+E/C3iP8AsfWvAWvWev2kyz3kN1rrzoVuf3yB3Vtm4Bvu5weAB634viB8NNSe3gl0TXbCSEO7GHVIWt45euCH3MAxGAW55B3AqAfNPiB+0pNq2u6vNceCLcWlxFaq0t9BDcSxi3RVQQ3Cp5rMwGCSxyQMjuadv8aPhNNp8QuvBAe6u4f9NcXKRTQuuAzhThdpHzAEbjjBHWvXweaTqUoTdN3fK1GKi7u6+y5LXRp7NK2589UpUlKpy17+9eUmpR1i7Ws0nfXR2W11tp7baxfB3XDFcXnifV9IuGnIYT2/2tI8An5WjXacArgrwMkgjpVfXPA3gcXFldeHviHp2oCeU7YLhPIliIPG9XITcxx2JC4OeMmb4a+D9C+OF3Bo3wu+GXiDVLhGhM2oPI40xWchWDXfEKGIkk7yTjnjBA/ZH4Af8EvvhrpaaZ4o+NdpLdzbo5E8N2Ls/nzMQyQW8aZlu5c4XMeVOMDdk56Kmd06CtUtB6tR5YuTat2u9rK7a83ux0cmr46S9jSTi7Xq3cYdLtuSTem+qul9354/CL9kb4lfFO8tJvDmlajd6Sksbza/FbsNLjjLDc8b7WEzddqA5JIXByM/0C/sif8ABPq98JW9vqmrWsejwqiNf+JdZtYo7+4jAy8el20yGSLIG0OwLAkFSMV7v4e+AGmfC3S9P1TwXrlz8K1tFil0DwIsEur6lqqRYeNtWsVDizgdgpKuiSANnIGa9x8B/tF3dz4s0H4ffHrTIfCl3q7iHw94liZ4dD1qUuBFayI2029zIpQ7G2gMSMAgE/PZjnePxkXHBulFO79lGo/bSikvenFtKpZatQuknqj6vLclweWrmrUak5+4niGlOlze7ZRUbtJt2Tttc+gPCPg/wv4LthpvgjSoWmK+Xe69fRh5piv3pFncbuecIhKjceDxiDxv4s8AfDDQ7rxZ471m1tFgjaRZ9QnAV2QZEVla7w8zN8qqEXg4yAASfF/2kv2q/h78DTfeG9Lng8QeJ4rfzbW0iuEh0nTAykLNe3pPlsBnzAm7cRjrX80X7Tv7a2ueNvGl5HdeJj4y1ne6WsEUpHhvRmckrDa2wby5Gt+hkKMSwJOe/wA9hMBi80xF6kWkpx9rVdnr1td6vSy3SdrLSx7uLx1HCUIuU0m17sLWlK6io6XulfTS+lrJLU+7/wBsr/go9d+IdLj8D+DdU/4Vx4b1zW7XTf7as1Vdau7R5wHvrxwA1vYAHzGBw5QFQc814V4x/aF+GfjH4y/C/R/BOvab8RtS8K23hzwtfaxJp1lF4ckvJ1glvdTMHlibULxJgVLSNJI5ySe9fiX8VvGV1d2U2oeJro6xqmsXYjjtgwUQRK+QsSrgID7cAY4xT/C1m3hjwpJqHgO11K7+JVzq9ndaRZ6clzNcWyhFlBt44Ms00TYYuVO1QckAc+1mXD+HpwU6eJqU1CjUpuKfI5TnH4pzXvy5Wm1yyi91az18PAZ/iYV3FUqc1z06jUk5TjCMudqENYuUulnd+qP6+LL4deFfF2vavB45+NNxb6Wy21tpugeEZItFCXE8QMkN5b2giMMMQyoJAPdiWAr86v24v+CSvw38SaVqvxK+FXxJ0ZNUtIP7SuNH1rUoxDDHDuNxemVpluLm+nOVCszs8jA9Bg/I/g79qL43fs+eDvAXj3xvodtdeIPEc8155HiCIXF7rUVi4imFxEFYWscJGxmmGWGckmvdfCfxt0T9qXxrovj74h31/wCHtGgRm8R6BBNJaeGpYzdKYdOszbMkO6WPJZ5+2T1Ar83ngOIuFMJUzOWaUJ4CEnUboU4zq1I72UFD97KTXJ70m07Xae/6RPH5LxJVjgalNRqThBVKNW8OVtRu1aSUJRbu00td1bb4w8EfsBeL9Z1fQviIPBHjLxf4S0TQ300JZaDLLZ3utqjRi5jIjfzbeB8uZGPIQHcpIx9Ufs4fsBlPG8sfxD+HF9e2t59q1G81PxBZJpWmQ2NyrW8GmQtfqsEsuJlLSrnY6AKRnNfqxrf7WXw7+FWj6b4Z+HHiLSfD/gy3SITQ/wDCQ2FwtukiLuiAkkdyMffCnIyQTnOPhX9q39sv4JfFL+zvBOufEvxTrOmNays1x8P76TSpNLkWIvHbPPA6GdHmERkkJYYB79PB4e8Q+Is24kwjlkmIjl8akI16tSnW5pRg1aa91U2rWcknu7K6WvXj+FMhy3KcW6mMwaqunVdKmq9OVVNqMbNbub5VyW5rRb17/h/+2/8A8ExPjP8AA7x14h1fw/4chufhfqOsy3Gka3aTx3djYQXjmWLTbq5ti6CSHds3ZXAxhSc18N6r+z7r+hW0V/q91JYW9qiPcQ2gacyL6qwY4UEEn5Qy56nIz/R3p3/BTb4OfB34F2vwU0rwDrfjm8mF/d+I9T8f6hFrti9y7j+z7tGujPMskcYGY42GSehOawPhjqf7H3x78C3Hivxl8IPE/wDwkOt376fPdeGWkTSYvMbBa3tiyrGIlO5V244x0YAf11ldbB43CynPAVvbKmqjqU6sZwUnaz9neElq7ytdN9FqfzhjstpzxblQq0+WU4p0ppx5paO6crWulfS9+vn+IHhf9iDWvHXgL/ha+j+PPDVrokWojSrjTdQukg1K2bot1OJpOIVYjOB8w3YJBxXReFv2QviP4Q0vxR8Rb2fQ7/wx4bR7e31eG8t7m11G5YAbtPdHKts5ygJYtlcivr79ub4A2Xw0FgvwL8Razq3w71bTi+peGZjHDqelTwruNzqEMAVjG+dobAI27mzzn428HfGvxfofwZ1j4M6hNHNoV9qcWrHzZ2kmikiY/uomJEiRuQyuqnBIJbOTXwmeVa8KdSVJyiptx5Jx5WoSa1d/eulZu61Sslc9XD0cvw0vZVaDhVjTk1Up1JcvtUotRaelnf8A9KfSx5/cy2+lo89wsCxSoDIFXLvIzAtIBz7HaTxjBHFcrqLWt5bGWBQD5g8uUSAMVBJCkAghSSFwq8Eg+mOY1bxJHDJPHeK2HJaGB2DLjgZBwTgjGM8Hgk5OazLa7trqIh3eCQSB1hDEpt424C8svK5xnHfgkH46GFlFKtNyu/eutU22m7aOK06aWvo01c81y5ptaJK19U5XurtNrl1bvZ2t66E66VqWqzSXE5WzgjBHmkAFkTO5c8dsBuMkHnkkVDqej2sls8NpdOJlRAioTulPcg9MZAzyAD1PQ10d5e3LW6rauZ7eJUM8YPyq+BlgPvEeq9G7nGSOKtdUvVa6lS0eRkbdHIseF2hj8uMEfKRyQM9M5BON4TnP3k4pR+GNlvo2n1d9n8K111BOmkk9bvXS+yW1tG0tumjuc3DY+KLZJAtvOMS7IyYztbacAO5GCNpwB0YfQVoWyXt3cm21GK5Jf76xhlQAAEA8BSQTgHOCCeBnnrP+EsufJ239s6gYLwFdgUHAR1JyeuWOTxz7miXxVE8TLDHbR+YqEM+3zVU5wc43EKeM5+bAOcnIp1KtR29hTvpacVfqm3a1tdk9EvXa7Rsmn0TV1d9Fa1kk7X32elkcfd+GddEN5LDaXFxbRPuRVJMgAIyNuckYzkgdTkHJ3Vhx6reFo7O5spYEB2YbfGxQAAAA4IAPHHdQCc16LZeO00+Ta5laUoQ0h+eLGcAsGyCCOMj5u+QcVs6fq+l6zcRjU4bJnIYxgxhC6lmO3IAAOc8Z5/2jXTSxFailGrh6c43+ONotfDumkm7WvZ6Ps3ZYuFOpL3ZNNPayW7i0pPrZWSS0s1bU8/066KrMY5pIhE6kAM8ckijGdnOflwOxJGB1q/Z6zdGVYbW6v4pJH4y8jrvLKCASeQeRnBbGefmr0q28F2fiO8ZNIsnimtop2eJXC71QFgyDIJ69gWxxlSVr60uv+Cfnx20Twn4e+J+saBptl4K1bw6mvx6jDqlt5lvYTTm3t5bqIkssjS4DRAedzlhgAjd53ktCVCGLxOHwlWtN06NOvUjSlVkuW6gpS1a0ukndtaHrYPIs5xtOVXAYOviacHeU6VOUlG9nvFWTtfR/ytva6+GLiy8Ry6Lf60bq6aG0ulthI6lvmdicREkkjHBAz1xjIArUitNatfDM981s1xK4jukDQqGESkRszsVyQSuQN3IHIIr2vUPB91o/gDUUk1AXs8fiqOGe0tEaXy4dvyu4UZUM3HzYZiRnDZr6S+EXwIl+JkGi6Vqcl9pWlXui6pf3t1Hb5kW0sFklk2Ajg7UO5MdPlICkV31swwOEoVMTUnH2UNW04yfKoxk1FJt33aW700Seqhl2Nq4mGEUJqtJcrjU0SbsmnJt29dG3bXU/M28u9ct7yKa9tYntp4Fm2IiBRuUBSzdyMk9OW5ySeHtpWqvcwypaSxbohMTbx71VX5UybQdmBnrn1B61+vutfsQ/D3RNCvvGlzJ4svtGg0O21bRRNbqtreRxzIt19oUruSBhueMgjBwCMDFee/B39lr4r/EC68VweBPA+o6jD4xhurbwXDfac8MclnYRPdz3NlLPH/pLQW8T4EGS7BUGcjPk4TjHI8XCpOjWpw5Kqpp1WqadXRuEVJptrV2V5Rtay6+tieD84wkorFU/iiqr5H7R04WjeTa05X6qytroz85PDul6vaeJPDl1cpNEjeINIZN0JAcC7iAZjjGGBHRTjtgHFf0wLeNF4ELlAx/4R1QvzcMBp7k/e6YAJ45HTJFfn74j/Y1+MPgT4V+H/iXrHg66uNNXXIbPV7m4tsXWhm2vkj33llsNxYiYgmITIrvlShI5r7j1JWX4exrI5hLeH2kXI2thdPcEsB645AA25AOea6MPm+EziLnha0K0cPXdKcqb0U48icXZ2Xru0j3ciyivlkcWq0be2oRnC0k29LPRe75NeTTVz+dDV9RtovG3it7yN3SbV9QaLbM0ZDrcsQGIIxknHPXjHJqtd65p9iYruWG4jaQPtUXLlZXJHUKT82MkDoRyQcHbsaT4SXxd488UaWk8ks8+s3gSC3QyXMskl2dqWqpzLI5IARRkngY7d94i+BNto+rtpXja013w6lmYXj/tG2urSeVJUDq8UM6o7BwVLMo2gfMOtdeKx+Fws+WtWjGXs4y5HKLla0dYq8nurJtW7PWx+efVMbVlWq0IT9kqtSLkvhi1JNpyS00VlfvbY81sNbTVp5Sumak4SNNqxXEr+WRt2uQWYAnAHQYzjA5A+i/DOpR2mneVbWnmTvBEtzDcZEls65wCzgnJB+fGAeMDAGeVn8M6D4Ls4RoNrcTyzRgwyiQyvcuo4eVckgbiCF4B+bAyBWNf+J9c0aCS4XSWhlnjYzq0Ts8jNyo24ZkbBBAOVwMkjpXyePziGOvToT9nGLd+aUFOW2qSaVreb67bmkKFem4uopvRXsuZJq1tPhduum192rntRuJr20eC2lWXUZ3KSRLhYgoIyQRjDKMkHGQvTAHEdrZSW728s0tsJoFYsFcERFQNsk+c72BI4zgHqMkY+eU8fXcNuJrezuLe727izlkZpZANuQO2Mg4AAGQM1z0XjrxLfz3KXAuUeNdqiAMGKnByxAxydpJPHDHvz4X1CvVSarRSvzNNqzvy6N3Tb037rRWujoUlFrmjKT3T5dE9NL2cr7va2iWmp9I3/iPULW6iuzOrQtM4/wBH/eeaqnAZwMjJA4564Ix2da+J31W48kBoxNlJzOMOqZALBlA2qxBPPOOV5wa8P0jXNXLTTyxyqkKhQkg+RySANilSCeeuNobrnNddBeXcUUEsKSRTXZZZCVDKqtgEnGSijOV+U887cdcatH2douUbpNc3Ne6Tir3aso6tJKyd13Jg+ZSetm20l6x7JcqbWitFaXvoj3bwj4N8L+M/FXhrwnruoSWNvrV/HZPqC7ntrFZ32faOpysYbdt3AZ5PbPrv7Zn7Jvwv/ZqsfC1x4C+I7+Op9bs1vNTs2MO/TxhXMpB3NHGSxVeh5B6cV8kaT4l1nw9rFpcF2zYTQywXBixDEwJbgFQWJJ6ZYceuDVz4oePNf+IV/LqGpDznksxYvvkYxLFCg2AKx2qTweOOijG01+jcHUMJPL8Qq9a9aM4ckFqnHlSeru1qk7JXetrHm18TVhWhTjCMqU1Zu3vxaUVvrzd1Z6pt72POdG8ff8Ihq095Dci4XUrQxNal4hEFdQNhcgkMB0IIPcZHT1rQPEeqvrXh6801LVF1QbY1fVWkhWWRsB5Y2lCfuzjC4CnH1NeK3OieELKwspNV8P3F7K8LjzIJmOZWB5XDY4yCcfKc4OduapaW2jw3MS6fpl9bPZhjCJbmRTC5+ZcAuNuMnIGD05PAr66nCLlBxjqmnyO0rWlG7adrxdmmrJWWuzPXwlT95STSXLNSvFWcXz0207Ss4tKT0tZr5L9pvgz4x/4Sf9oz4VwvDBJPoXhS802d45BIHnjjyzEgnBJHGT90g5HGf01/aD0Ky8WfAv4jWHkWUepR+E9RuhcySpH5MVvbSMuwkhtxIwFUkscDBr8F/wBijxNff8Lt8Hi5XypI7PVZHkdjJJKvkscF+WJ7gjJwOh3Cvun9qLxfqmsappmj2Fxr+m6DqdhPZ6qI5pILS/aZ2hdSxZRJGituZe+OmMV4uLowjmNObSftFKnOm46Nv3ly3i7SgrWaad3pI/2A8B8jr8Z+CUIUqroP6tmmFUm5ctWUcPGKozkpKSjO6Wl0nqz8idA1O/0mWwuNJ1i6sbmzR4Z57MBZbjEhGDKTkgjIBJYEDj1rqdQ8V392irfax4klk3Nskhv3BDZzkFGyOe2eG55OK/pk+Dv/AAbjW3xI+GHgn4hWPxpkgTxfotnrf2Oezk/0UX8KTrBEUBDiMSBCxxyCysD172b/AINmb/G2L4wo5Gdrrbygc9eDz8xxnGBuzkHCkepDM4w5Izo1+RJK/sZOLikrOyte+mr7bpu6/wAluIcmy7C5vmeElmOX/WMJj8Xha0ZTu4VaFeVGpF80dGpQaur7PzZ/J3feKNTs48ab4l8SWz4Yl5Lh58hlwQS5bIPQkgkAHGBmvsz4Hl7v4eeGNWubmS5uLm8vRc3cihZ5ys7Bd4AGVXGeAQMZJA+7+6Oo/wDBsx4sdibX4u2BJBCG4tJygyMDdgglfmOcHOAeor4F+O/7H3iH9ibxjpPwM8TazY+Ib3TrSbVYtVsI3htXgvGEkaCNhuBUsAcDPIBIXGSvjqOKp+yjGalePKpwlDRcjejSWykraPz6Hh4XLqWGqxnTxWGqpatUqkJNK8btqKTs9nr21Pzz+PtmbyMHz2KvOroGXOCqZzj345AHB57GsH4kRSn4BIbWRhJLp5tp5WB8tyI2ynG35ucY4YHqa9F+Ndui2tuCirItxtl5PO5BjaSSASCABg84GeuWfGaTTrT9nHT7SyhS3ebTnlupGwSZQhHysMHew5PXHOMEZPZl0fZRhJ7OSVrPRtx91K179X2T20Zx5gnL6w9dE9dr6Rvbrru+13p2/D7ULWSNEVprxJgSSYAxXZvHT1Izzj5eG4AXAktru5jtxINUvBFk5jJRXUDPIBUFl4BwQMg55/h7b7ZKYsxvAIvKZR5qKWGM5zwd27AJ568HPbCmk1DymYiyKDJUiJSwUdeNuRz6HgkHGTgfVRliLR5JaaXe3bV+9d7+t1e+x+fSqYP2slPzu72uvd+0r25W29d+j0OGvP7K1W4VtSub2a3Urlt2HB3DdhRz0z1OfUcivQ7Hw38NJLQFvEd7p7tlQkyuTuxjLFcAAkZye54AUccTM91je0VrsaREeNIvm2lwCen3gAQD0A6cjn3jT9f+Ai6bFZ6t8O/Et3q0dohuJ4rqNEa7A3NOEc5WNiSeeCOeK0pympL2koRb3clv8P2t9n/wWcdX6nGKdOVSTbeiaetlqk7W+93bbs0jgW8K/D21iDReNWeZ0EZVoHP3zwcjAAAGeWBHIAAAqjqPgjwFcWltBN43VRFLk+WvC5PPVs55JI5I59cj0jRI/gXqt3EmpeB/E8MF7fRwI0N3G3khzjcNp/gU5xgYB9Dx4p8RvDGgaR411rSdEku/7At5Fk09boqJlV1yI5mHO4fdIOPQYbArSnWqSleEoSV7JdHZLe6TTatdvfW+2vNSr4aEnCdGrCSj8UoqyTa82k9rNdFrc6rTvht8OLaeFofH8bq7YZMBSGY5OWBAyMD3yDnnr21z8Kvh5NMJ5PHYi3xrGi44YMMH5uhOCxYKM53Z64PzrpuhaZHIrzgheqhJcEFuV6senGcH2rq7zRtPayR/MnV1OcCdm2jnbgFup4yNoPboAa6lQxUk37kdFpo7XSTdrKzb2000eqvfSpmGG9xOPMk1GzVtHy6ba6NX8uvU9si+Fvw5hs1if4jgplgoWMF0JJwSw5yQ2ADnqfSqD/Bf4aeZ5knxI2kIAA0JYEk5A3dRgnnLKOM5IOK8AgsrAKR9omIJ4YTv+GRuGQNqjPAbJPIyKsQ2FuY8rcSyKJMkGdgThsZPz44xknIHHHPNWsNipcj5oqyjr7ru1ypXVl3d07K/ntzzxuHhBSal0aSs2lpZN9Uuj1XXue1v8GvAtw0sQ+IdugDFleeMRh1UYARCw4IBC56ZzwBis+D4Q+DbaR4h46s7rkbXGVO0HdtOS27Gcg9Nw47mvCNSt3a4mEdzcMNwCEu5ACkDbliSBgZ9RjB4JJoTQzBsRXEiMFTpI5HIOcYI4x0GS2SeDkY2hhcVHllzKT5u0Fd3XZeet16t6oc8Vh61OLUUrpX06tpu75U73SvrqfSKeANAMqWr+NbKKJQ6hpE2gR88HLAnHYcqMnrwas3PwT8LXGyW2+I+jp5eBt2kjAIL5BYjjkcE4IyMkjPzJNHPGI5ftc+5cLzKzA5JDEBiRgEdOowckfdXYj0uPyzIL6bcxXcqyuoOVAPy7+Que5+Y5yAeK55UcVOrpKPN1i0vhsm0m77q+muqtobuvQjQjdSd1vZaaRTduiVkvSzVldr2SX4CaNcee8fxA0ZhuJT7wy2emC4IHIyAo5OM45qOb4FWC2AEfjbSpAXBBVgFUcKSSX7YJx2GPpXis2lPAjOL24ZW+dds7gkZwR94du57c+wnjgmuLMQfbbhMyAgmd1UL1AA3ZIB43d+gI5yqlPFU7+0ULWWmiu3b5u1vwfylV6FoSXNo07uzs1ZdPu8ravQ9Of4C20aPt8a6KxY8ZlC8tzgjdwTnGMYJweozTIf2f22uT4w0Ry4BXM/QZBAOH5POcHoSOCK8uTQp5DIv9pXBYsQA00mBx1+8efxxjnnOBNb6HeRs+7UrklXBUJcSqdikcgk5PU4I4OM4AODi6FeUYyVkkr6aN6K136apq2q7bazr4Zpa/FbTXra26vfttqvNo9Hk+BSm5CHxfpGY48fLOMk46ZyTgY6DPoAcNlZv2fJ2iJXxdo7NJtJIlycEZ/vkZz1POD1POa8kbTrkXczG/veXbAM8gduMkgk5IGSvtyCBggai2FxDEN1/fuWAwRcyFgeF24Z+emSqqMNyRnJFRhVlo4q9352T5XqvRabatvUuh7BWalzcy1vqr6broklba7bv0SO+u/2d9SWDevijR2Cx/IRIS3HIIAbkHgfQsDnjHOS/s9as0TufEmlZfaFzLgZJByfm4wQCNxyMDJIxWRLHdNEiNqGoMjBlLLdyZUjopAYDAJPOPX5SeBzM0epO0sf9r3sSlyAhvJstgHII38Y65J9gexyq05KpG6atptrtG+nMtNtNenc3p1aPO+VO3u/C9m+W9lrt119H1PTP+GctTMSMPFGjZaEAu90oGTyAdzgjJwBgFdufmyCazbj4AalZxLv8SaTKwHVLlTkggYOH9D7AgDgnJPBNp+rPEqDVL9yRyPtMxXgcAgv2HAHI5znqCLb6rAgSW7uCCxVWNxK3A6lV3E5wG65IOaSUubdtWdny3STs+Xlu10vdvqr7BPF0VOMV7zXdt6+7d+W1769fK/run/BPVIFskGsaTJjfIGNyo5IwMbmHPXGCBjkjpS3nwP19pNyarpTEs7bjcxktnvkuTjPTDEZBJ6V5Mp1i6mS3Go3SCIYiJupECqcsduHB6ZyT2YYznNap0vxBcKpj1a8BQbhi4uPm5GPm3kH0IBPbkYzTpU7Rlq5Ny0vdfyprRtNWb10utuxlj61GbpNq3K0r2et7PTd72s729LnoP/CmPERtZYX1DTWWONgqi7QjLNuJLb8AAZIJJB/vHBNc3/wo3XmlKjVdLiZ8bR9rT5BxgcuADxnIJHH5YzaN4nWE7NVvAWiYkfaZwZGGfvFmA4/A8n0Nc4NL8RSuMaleIyAgEzykNz2Ytg49c46+xqamErTleDdnvGzWzjdvW23ZX030SOyjXoRoxSadldXSWumnq+11d26Hcf8ACivERdwdY0kgcqBcqfmAIBB39STnGNuT061sS/BPXP7Kg87WdKZkZsk3CgxsT3XfgEDg7eOMHivOF07xGsij+1L5sEFj9of15I2uSoPXlTyeeAprpriz1mLTbNVv7qQh3Zj5zNnJIVCpfn5s5PJHXnBJ5/qlSLXPeKXvXS1urXerXTVXW97vqxYqgtpRT5W5Kzv0v10119PkXz8FNVVBINc0YEKzKRcqu4nqeJOGPA6/rmqj/BbWwDI+s6VKJR8oFyDjnkkbskjJIBX/AGucVHaaBrV6mGnuH34UbncAAlvmIVsHnGRgMMcHoBop4T1uLeJJplVR8jieTHOR0LYBBOTwQOBjAFbfVW2mpSSte7utWuquld3tfV6rrqcLzTDxrKHPFK9kr6acq19530a1187Kxk3/AMFNYRopBq+lb5I1B/fruIwT97eDjPcHnoQBkBbL4Ka0lxbu+s6UpZwSBcJnCkkqnzA56dB2zjiq+s6XrSSRwvfTuVGYyrsFC4HJKHccHjlsEjPQmsyz0XVzcFn1C6+XBjfz5WG7JOE+YkYxgHPI4XPFT9XqQm2pXd4t9Hro211sr6Nu3ys/SeKw8km5JXSs01a9o6WV7K71XS+nU6nUPg34gN+xivdOcyEYC3CbSvHJYtktggHkdSOeRVNPgv4phuN0U+nDJGxxdIWWQMxB+WQNncMgHnnOOObE2jay4iVdQvVlwSzCeQqAec8MCBtznOMerADNCXSNftVIbVLwruJ8wXMgCbR97LSHI45BIxyfrMqEue+95K8kv8KWrd+7dvxZhDHUXLlU7WaUfwt1eqdvu8izL8GvG93I532kpXbuc3CEtjg4/eYA6DjngZJbg21+C3jZYlRY7Io6En/SYmYk5GD8xO7B455xyBUGm22tzQM39r3wy2wBLiTKgH7xG4jB6Hp3wRRcR+IbNHzr2osIw+At1Idq7SwOC2c9ckZwfvHnNVOjU91xV0rJ67vTTd/dd+V+urxVByUZSu273tLTbS6asktVfbptcnj+BvjGKJd9qrmRWRkiuoSud2BnGQozgHdjrt6g1ly/Bbx5AnknSRIvz4CzKWGc91IPfIyNpOcjjaebm13xUHZINf1Vo41ZywuJcJ8zEAbWPPueR0FU4de8XuxKeJtTX5dwJuZSSAfmAG4nOSdo4zgZpzdS6SppJWsl2aXNe7s7u+t+i2sKXLaMYys015Kyto1dt3a0at1vc6WL4TeMYYgkmh3LSBy+GIkXC5O1cYyQBk8HaAT3py+CPGjIxl0e7Aj3QhVh+VQem45JwB2Bz656Vhwar40dDIniXU2kLMdhupFIUc8hmPQADOO2PaqCeL/HEcoiXxHfqqN+9DSuTlWAwTuO78eCoHPpjVtNOMqUrWTsk22vdS0b1e70tbrrY1o+63yzin11dmrLa2lk9eunrr6KfB/jB9J/s5tHunBOXk8l1nAAGzy2HG0HAAPIGVycmuaHgv4j2rRx2+h34txy+6EnPIwSSAe2eowAAADzUkfi3x+VSWPxNesmcfe5IXsMkE5IIXOMgdCMVch8efE2R2EfiK+2LkIHWPgDoSc4Oeoxxg9iMGcLRdJynGNSMuiUdXZqzbVtForNrfcivUUrwnVi9He0mml7vV2a2Sve+vRWtoa7o3ifVPDslhLotybzevlRC3dYw0Qwx3bfvY5A6DqAMsB5engnxhGDF/Yt8uVyyvbu2R0ID4IHGRjkf+hV3jePviXDIUm1syDaMK0Ue3BOAdyjJcdQBzg5OSM1AfiH8TFcbdXkKHKAtbAA9DgEqWAyckEehHJIrth7WpKdSakpKLVmnduytpa19Gt108jl5qEIWjOCtJNu7tq431TbT/DXW12jil8EeLVkeNNDv0BXBxbN1J/vDrk5BH4fSxb+AvFrSxFNFv0CnKs9qxVSPUhRncBwMAY4HNdpF8SfiagaP+1CWZiXzagsQepyE45HU4GcccADQtvib8SEkjSTUVZc7l8yBRnBHPC9uv4c56VvCMpwSabd+bquW/L111XW19bLa5nTnSg241Ycq6tu6vy6dEtum2jtqzz668CeLpZ5GfQr3Lx/NILNxkklQMqAQCBxt28Zxk5K5yeBfEoQxvo96DuyVNo4K7O5yMHkk55xgnpivc7v4ofEKKZGt9atWEqAHFtG2G4G75kBABHJwMgdhwefb4nfEdJnxrFq8jAMStrE7MCeeCmBx6FieRxmrhRaWsJN9ZJyd72aSfn1vsmtVbXJ4jmbTqxts9bXvZpqz3au35Oz8uN0vwVrrwkyaXdoA6jH2J8noA2QvUZ5JzwT9K1bjwNqtqr7NFvplIBAFswDZADHGOGzgngkn8RXVR/E74hIrI2qxMz45WziAXbkZB2DB7jn8zmmXvxW8e2+2UapE4MYQgWqYy2Sf4QoIPORnr1wOZUp0ppygnH0u0la2mztva2lla5k+VTX767bXVq7slrdtW20aura+fH2XhfXUx5Gk3q5k3BWtCVXAPGAvY4GeijAHQgFz4K129ind9NvVlZ8ApaSbc465Ck46HnsSuPmNby/GHx1bJ5gu7Yu3ykPboSRnOfukjtz6nDc4ISX46fEGGNiLuyEZAKr9mjJY4ypztBDZBPU8qT0rpeI9xJQbTvvJpNNK1laydr2s0rO1kiZUJyqQlGprzJLVpW913TbSS1aavukrI5Zfh94pS0uEOn3atNIq5Ns+GUAjO5V4Ixk5OCSARWSfh34ojdFfQL2ZmZlV1ikK4A4PQbuORkd+2a9Ag+Pfjp7dRJd2rOLhAS1uoVUzxn5TkHow98ehN6L4z+OrmZvMSxlVGJjlaBkTJHBwigDP06ewArjnUlK7SjFXik1K9krXfbS17uzvbsenJOlBOVSL7a31dt/u02ffqzzAfDvxQyyldB1LcjLk/Z3UDkAngjKYzkgZySAcVVi8C+JVuU83Q78QrvV1FvIvQcMTgkjIPAIHHHevbU+L/i+1inZxpLb4jIynzMBsnBUAgls9ssCMZHzCudj/aB8bB3aODT0Xa8e02rPg4ILnK4ycfQcn6HPJJdlpduSdtOlnfSz001ve1iKKbd3KK1d+t9V729lZWW2yezdzxuTwX4nhO99HvxGJG2sLaYAAkjk8DH3TkdTyMDgxP4Y8SFQ6aXqA5PHkzZCg54yeuCO2e45HHtR+PXi7gO2n7A25kNoMjPAI+QggZz+gPUVEvx28TpMg8mxuImJyFtkVRkg87k+Yngj0A781EKsoyXtINKyu+bm5dFqlpu9323tqm68eaEVG101u13jro9Ur6t6+rPGU8LeJ7gP5en6j1ULmGbYpP8AeJOFU4JPAJY/KORV1vDnimxYRNY3nmiIFgPObIbHI2gjJB4AHPYdN3s8P7QviqySWJLDSmjmbe2+zjJADZAUlOCDjoe/PDYNeT9orxPKJ5ZNN0KaYhQimyQNs7YKxg5PPOACM55FKVabb5I2StrzNTdlHRLW62+Wm9zopwi6UW3eSt2eqt3/AD19LbeFz6V4oBCPa6ntdix+S5Ix/D1bAULwMc4wSTxWeNN16NzE1vqCs5JDmO4RQOf4s8AdM8ZOB3Ne/n9o/X3jVW0TRPM4x/oSn5VODjK5wRu5znBwQcgCaX9pTUp4GtW8JaBgqqGQ2UbsxQZLbhHxnAIB6DIyKyvpFqUrrVWk3f4Wl89NVtrtuaRpLldmko2aatrotFZ6au+v3dX85yWurx/K5vAykqozcD0PB3YPA67sk9CuRiLzNbEir9ovUUHGTNOvTJAJZlyCBknOCfvZ3Yr39vjuJHjMnhHRWChi5+yqGLc+q/xEcZBx0Ocmp1+NWnuyTN4E0eUKv3Tbr15yQQgXJz82G6DHNOKftL889Eru6TekW9tXbZvyvbuoqyWkbOzb5oKz0b6XTSWvVtXfY+fPtesW52pfXyGVyrZnuVAx0JYt90AE56EE8nINa1lq+toqwyalqR3nbv8AtM/yqOWGMjcO2AcKOcjjHtsnxb8P3eYW8AaX87ZZ/LTcpJLYAxkjnPI46jjGLsXxF8LAQlPAFmQuQdyjCZx8yEjuM9e4/CnSc5SvJysm7xun72lm0209Ur9LaWLqRjG7ctfd1biutml8K6K+/Tpa/wA8XmrazBMFh1PU9m8hN1zcqrEnnq4HB+YHnHfpxJD4j8SJJ5Y1zVl3MuQLy5UAZ7Mz859QcjgZwTX09F8SPh4jILv4cQzsTly5XIbkuUwPuknjoAOQOudCP4lfCTBV/hrG8mVY7lBVe4C9DleAOcnjgEDNxoTblL2jipbJX8tnqm3Z7dejWhMa9OKSVraXalH+6m3brr03aa33+Y59d8QI6uuu6xucsFH2y54PQZIfkAc8jdxkZHSSDU/EU+nXU58Q6tiEAbDfXILknoB5hOBgqcA/wgnPX6nvviP8ILf7MZ/h4rpMhkVdrKwB6gg4HByCVXIOMg8Zx08d/ByeOTZ4IljMki4SMMFALD5TgnPYnrgdcjkRClXs4yk2237r7Pl5Xo7JpN2v9+xTxFNJSTtG+6aT1tonq1e+t2tdUfL39u+IS0edc1Q7cAp9uuQTxtIGZcg465x7YxzHJr2uO5Q6vqQUv8269uBuUkZBBf5iV4Ofu5PJJ4+m28W/BhpZPN8BTxsSEDq7KN2MA9ScMccf3sdMZGNdeJ/g2fkXwJdM5cqH83bnqAFXqBgHIHcEgZ65PC1r3c2mvtNtXd4+b6J6Lqnra139Zpyt7y95LeS/u736XfZ3t1bPA49Y1xn2Jq+oMmSWJupmZV9Tl8kAYyPqK6Aw6xe6fZypHql4C7q8mZzG7Akkx87d2MctznpwK9C1TXvhk8QOm+DZIpC2H3T5bGOD8r8DPPftgECubufHt9b6Qmn6LMdPskndhGUjkaE5yscblGYgc5OSDnrjFH1blbU22nrFJtpWS6bttPfVqz03vcMRTesZWa6rtZdeqd1ttfqZFpoeuXhdINM1Ngi4PmLMY+pAO7cRnPGcMeBnG7m/N4Y1+O0Al0O/kfYxJaNyu3r0YkZx14Gc+tZo8deLYEEqaxJHvIJ2qmCV+iAYORyeN3JA4NI/xB8YlR/xObjaVYEMAQRkk4JGeh4we3pmuiGFVvdhq9fhV1ez2vbS2vn3ujVYlpLWTvq02+ijbR6adb3u1pojPm8Pa40YMmk3CDc2xTC6kP1Hy56456FeTgYNfUv7LBmsZfFCSRmCePyVYN8hBJBxycdRyWzkgZ68fKFz4y8STktJqszJuyMKBgkEckADbkjJA2gZyVwce+fs46xeLceJZZZGlmcwszkkDJYYDZx05O7AyN2SDgHHF0IU6cbqzbTu1o/h8k7Xva1tGi6FZyej5brdOWmi112u9VukvU++nuVKlmcmUkbmGSBu7gk4A4AHVuByeMGYDCSZ1YjlsvjcM8Dg44POVOe2MnJ4SLUiUMvmruKYdFJyP7uecYwCFwCM5/hp5vyYVO4bSSwB+9wCQWPPUkjOMEnBGc1wKFO2qvs76eW+yuk3rf0vuOpObd7q+976vbqldbN316rS6t1bTQQL5kchUZJ2KdxA4G4DDEjOPXPfgEi3DqkPlhpCrKhLglwSCSMAAj5ffAHXOMYFeaS6qqbpHfaQG35IwqnJyemPunHGeM9BmuI1TxgkKqLeRZGaXDDBIGCxCZwwIbKlu3JHpWNerRowfNGMkl8PTppZrdWs7p9jhlOSbafVpavutot79eltVfRn0dF4qigQrAwgfcAoMiqJNwB6N+e4HgY4weeS8ZX2oS6ddXFi8st+Y/NaJSXDIFJJUqCAQTxg5JOBkj5vnjVfE088gEDn7RlXlUOzKCFztXBHQAckcEcnueu8N+Mnguo47qZpJCir+8bKMJBjy1B3cgcepGPavAqYnD1ZODoKKTd5JWdvdd+Xona+ui0W+jqjXq05OT521a9201drZb7dtO71R47eeLNdvbmaO4kltmjDeaG3Iz4PAb+vXdweOlYp1+8luVWKSQbAHfd8pYg8sRgB+PUZ6cmvo/xX4Dg8RQvrGmxxxStG3mQQhAHHG5iBgbs5zkEbuua+bL3RzZ3NxHM0kM0UgiG4ZVxkKU45XuQAcZPygda82pSw8HK8U09k7JtaJtb6v7Wunkz0liJSs05J97tPaO7fm+y03V9ups/EF9dPGiztKzDjcxB3jgZKnovJx/QZrSlvdXkvFijgDz7Ayy7T84A5Bbd3J4IB4/Ks3w9bRWMr3UsccixxlFjJXcMj77c++cYyzHg8Cp4delk1ONWZEtowFK/KkmxRwwyAWDEjo3B447eVW0k1Spx91XbW72Wl+2u299up0xry5PenNNyUd9Vqr2bd+93rbt2ju9Nu762vlJVr4kAbmKxRqeCozgOSSMDqGI5JxnlB4HvrXS3nnmSKZXZhCjfvCcFlDgYyGz8pGMHpnOB1Wt+JluWnjWNYFjbJdPlLyR/6sEqSSWxyTjI9hzx6+JH2mS4nZrgPlFdt37scYKgkgkZ5PXk4p4GtjlZxtTs20ld6J9d7XW/La616a5ylHdJy+zd33b1T0V3bbXpboeeNZ6i7yo1vLvCs7go3yID98kj0UENxgHj7xFVZLnyTEhQKxAJQNyBnAJHBxznAGB09cewWGp2upNdssUaXc0RVJCwxHEVCnMZYE7jwgK7R8uc5Bry+fw0ZLuaSS6Yhi4cFdzhhkjaP7m33ORjpwa+ow2PnU9yqmraNtJX20V91du17NXv3ZrBJQTSs2o2S6K8fwtJ6Wsrt7an6G/sW/ts6l8H2uvh549SXxj8GNeZbXW/DOoM040oTOIzquju+Ta3doSJFMONxGB7fqL408O6Romn6P408A67D4x+FHjBVu/DviK2PmPp0kg8xtF1cKzfZ721yIx5uN+0KMjG3+a/SrSSy1BYkdmixhlUFtzMSAT1OPXucAc9K/RX9lz9qaf4KXw8C+Nbc+JfhH4rMdn4l8PSs8h0wzbY113Sg+4W93ZlllxEVLBSCMAEezl2YVMvxUJ0XanJ+/C+l3yu+uibXRq7te3fmxNKOKoOFWMeaDUYVEtU9km7X5emtpbp3u2/0DLI5XbOEJUsVZs8nOSx7g/LgjJ4GMdayZLp8mElQSWYMGOCd23gk8jAOPfIIBIra8Z+HF8KX2m3ul6imveCfFFjHq3grxPaHzLPU9LuNrxWskvKx6jZAiG5t3O8MjMQe/Cy3ksrESIEKbkDAfMR0GcccHB3dAO/ev1/LsfSxNCnWi01JJPTW/uq2rdnr1WvldnxONwVSnW5JJK11d3s9r69HovPTdonv5ix86NmbbsWYBjwRgepAOByMfMeeTWbcXrsVC7i+MKc8lQNv3Rwe5IwBgZHXmlJdNasfNYEE7gQM7zkYVhzyScE8nHXGKrGdZEeeIBCCF2sfmyxGTjPQk4Ixk46/xV6n1iEeW7srqTSumn7ul35237pWWjfNHDtSWlu9u6UdHr7zvs+Xum0SXd0WjKtKRtC7MLn5gSAGAzgA89s8EdDihNcOWjEgCqE5IBGcgkDoMhgc7gec4OelQ3tzKSjxxqRGRnjILE45Py/Meoxg5Az1FUJ9SAjIdTyBhcBsFTlsck9ckjB9uuRg8XCV1FPS173T0Sum7K+ivpqmteqNo0pNpte6tFa/W1lZpW6O662XcTU50aMjojo3ylgQxQZPrgnkcc5zgDivmPxtppeeXAKxkbjgAjJY4UgZBIyBuwTyTn5cj3PVLwbQ+8YGc4JBXI5DZwOgI4yMde2fI9flE6SiRiyuWIOBgKMgKc8YPGGHTnGTmvJxlSNS8UrNPR+btv636PTW7106IwcZLZK8bK22i7X3u9F1XmkvlnxQL6GEwCRzbvu3QsPlZU4APoHweRwcGvJ71rlFjg+xr5UgG6FgSSQc5PQjaQdvcHgkfer6Y8U20TW8gSIMxTapXB2g/XsccNjg4+lfPGuRtBMG3XCzKrfu8FggO4Yz3+Yt2+UYOflwvymJjKE5uzkk4t6q60SW9ldpLRPzvsd9CSjJWj71lqraaq7s9XdrW1ulmkfYX7Kf7d3xM/Zw1KDQtXFz47+E+oTpaa14L1iaW6itbORlE8+jSzF2tJYoyzIilQSm3CjOf6NPht4D+FP7R/gqD4j/AAS8baWfDOq2n2jVNC1SWKGbQL3YWnspzI6SQSWxDIpZQrBAQu2v44vPES7mMxbcGkUjAbqQQcZByoDEgcjgn5K93+EPx08b/Cu8b+wdZ1WDw7qZMXiHQ7G+ubS31GCXKO2yN0QTqCSXA3cY4zXjvC0sRVTpzlRqcybqJJ+9onzRTu+6aejVm+/0OFzSphl7OrTVWlazjOzd3Zbp3Vvwem5+/fxC8R+GPhR4nn8H65rmg+ILCPa76noupxXH9nFsgI5SRyJI2yHRiACG4GA1SNrseo6RNd6Jq1vrmk/ZjPbxq6XITCZSKVgSYScZO/OCCcYGK/JHV49Kuo7PxHpVzdXmi64RevNLdPM0F2wDPZ3bs7MGjY7MsTuzjaBitHRfHOt6HZarb+GZtR017lWhZre+DWsgYYbckjbFB6AY74HUZ+kwuHdB8s6rm+VPmenNaKvt9lWbtbe2ttDzKmYOdVtU+SMpOy1uldOySvsklqvTqemfGDxP4i8bG80D+xtQ8MrNdrDbXVtDIY55Uc5leQAAxqQGJUhVGexIH5MftC+DrrwR4/v7O9vWvJ7iK3vZbhwQtw8q5LxjlsZ4OemAe+T90v8AEP4qCd4TfyXJQn7Mt4IpAnXJjI4VGxubJJPqCAp+PP2pF12+1jRNb16Nmvr2wEdxKuBC6oBtEfTABAUAdh1IyK4s75KlCFlKTg03J768t07aK/TXRJ92c1Cb9pKTV+ZXWsZa6WbVtrpdbJtnz9DdRSWzxlxgRghRjBOOoYr2yc5yOh6nnLE6tuiAO5SMOxB+VW6E4XBB6jGeT61nQy7SiRsTg4Y8YQA5AOSc44PYj8QaSQBZHUucs3zEHgEEEso6YAJGR6cZB2j5RRtbmbu3r+G19tXZ73V3q7SXq0paSTdtrqy3tHu29eZO6TsmnY04Z0affkxlckhTuDgDBIx0wDk8njqcZr1HwuvmJNOsxG+EldpJKgdCRk8npnIPGcHJFeQWyqsrdADkIWOeozxk87cHtk8nng132iyzRQOIgQSqksu7lQc4GcnJ6jPGc555rnxMIunu5Xv01TTj20ej0t63TNEnbpqmt3f3bNrb7n1W7vove/CmhWOqJM80X2i6kG+MEfd8sMS0pPORj73JwQOOBW/4Q06ykudXtp7UPPMHto5FIYxyNuWNY1yCCGUZbbkDPPJrP8Dpc2Oj3V/LgvPEVgTJEi7lwSAccH5cnuV9s1F4QubyLxTGULZ+3o/lnPlkbwcFWPUEk4Pbg9AR05Zh4OrC6TcrdFu7W/ldl07rZ6I8/E1bRl0SbeiSf2dXsrNqWqadtLdv0n/ZQ+EXhr4V6dJ43114dQ8baq0x0wugkOhaact5kOQwW4lGMSDLAngjALfX11qeo6zE89zctp+jwlnUTOVefksZZMkF2cknblucEgZFfLuheIdQhXSEtNOa6dLSOaTz0KR7ygK7uOIgcHP3TwcHGDqa34v8f3slvb6nLY2GkQo8008cf7u2iAzudhgM4UAKp3bf7oycfSRwEKTblJXi1e6TbXut6rVWvq7p76N7b08U/q8Ixk4wdlJpPpGCu0mtFdJX1utWz1G/8UvLZ6ibS7a003Tkke+1W4yB5UeSILckk7mwQoH8R9Tz+fvxT8Z6j4/1aVpy0GnacWh0y1UH5UBKi5m3ffllK53Hhd2ccGum8a/GfQfEznw5b64bLSdMn8u5MeIhq1yrENK3IDKpBUAg8nIyBznaFb/D+4nee71N50kxhEu4g5ZuqjL4O30BORnjJAFe3oQaTe1oy5Vo7Na9k7PprunucuJrVpQceduOyW9lZPXz722PLNO0tofK8zcC/VgN5OcfMxJPQ46nGOSAea6aW3hiTynxvBwPukNn5gecDPQ8j5sYJ/ir6c8NfD34Z36i7e6nkhk24hN7ArJ1IOHcMTnB4IwSAozWrd/DH4VXLSpBNfxmFi8jtdwFThc8Nu4OSRkj1HGamOZYeErNS1VoJq93eOmr66vXXTrrbgjSnVUZ3dla1003ZqzsrRuu2t7X8j40lKE+UY/3i8s2TtyRyRggY+8R27nkCqipLMNrlxEgZt6DAJzgg9OPwzz0Jr6tvfh78G43IfVdUhlQAybZ4mXknKgjgnjaMdQxJB4rJv8AwR8JYwPL1vUbe2GCHkkij3nap2/MQCSM9BwCCCSCKTzCi2tZJPlvou61dmraWbla9lsbqlJJyb1Stba9uW2iaWrve6u7N9UfOMduDtkMmF4I2gFmAxhXOMYP056dOtk3DtG33o1KBQoKqSScbmyM/QL1GM8MCfbbjwx8IraFBHrGtTbwVWKB43AY8BmbBIB45ByMk8jmrWmeBfAeqyXMeg6H4s1+6sYBcXkkC+ZZWsIUBpbidAQix8k5bJAYAZGQpZtQw81zNxTSu7q2rjbS/m3ZPshRw86vK4JuX8lmrbb2XXo76vfS54hFDeXCLFEGkXq5JwoJIUDPBJz15OO4JGK0V0bUbcIjCEFsBAW5BIzndndkZ55+nGCf3t+Bv/BIXwZ8W/hLofxG0j42W093rNoL86Vo0X2u20+VkLf2ZeFSzw3kT/I4YDcQXwSOfLNc/wCCcj+FvEw0DxBrFno/2ecGS81N2klubUyEJPbJGdiM0RL7HGAT1HNcyzzCzrOMZubTWivbTlsmktej6O+zsXLBzik5e431clbZNq2rbja9nq90fj3BoVzCqrcXESfMGZidzfNzhQCQMDrgkZGeK6SK1020gAlDygOCnlhsyFsHDcbixI4AB4wDg53f0T+Hf+Cc37NWkadpt3e63ceL7w263NzFcXlvDbMzKCwRVYHGN2wNz16559I8M/s3/sseFBJdyeCNBlMTsYzft9pELRknfKHJj8sAAFmyud3St44+NTn6JJON7WslHq2/OzdrvTyOLEYilh+SMU6snbWOttnzO/LovS9+jsz+bGyimuXjh0/wnqmpSykGKO0sLud3ZWAAAROVyVHBPBGeCCe5fT/EqW6Jf+FtQ0GFFZ5LnUNKntkUALhGedFHy9COw7rzn9pvjj/wUS/Zi/Zcsb/Rvhv4B8D+OfiHFA0EFtZ6RYzWGmS4KxvcXHkuCY2ADqr7sqCRkc/z1ftE/tjfGX9orXbrUvFmt22kaZNLJNbeHtAs4dOsLKJyxECG3jieUqp2kuWPCnFKljJylyunzRezTWq03le9+bo2l522qi5VnKXI4x0S50o6XT8r3aTTVrb9dOw1v4h+HNGkYXniS1iMGFMWmoHl3LhQHCFgpUnJ4GDXC3Px90OOR/s2nX+sSgZhkuZmjh+U4yY1wSCOc5/Ac18kPpz3ErTozyBjgjDuWYn75blmBIJwcHn72RWzp2j3C5M3mA42ohDKTnoQOuMZHJAxu71087k0uRdVq7p2at2tfstbq+++8XJJrlSV9Nn221u9PNdXboe2X37QXjeaeRNHi07RYSDt8i1SSQA+kkqsck8ZXGSOfQ85L43+IOvzrJqOt6tcxsxbb58kEYbb2WMgDgn8Dn0rmdL0Vbi4QXDhYY95G7gsVG7AHB2kH8wM9676IRFBBEQkakKowCMqOCxwcg4HB4IyTWsaUqlpS2bulFLtHo7LzvK67aEe0ai7yd7rze0bpqV1b5voU7eLULiZZLm4kDMGIaWSSViDzg+YzYJ6ZOMlQcccdXa6PYSsqzOiIUyVZ8FiOCwIYD73YDsQSQCDhfY5HkEkcjJ5QG4NuKg5Ldc4HU8nOOO4qO3muZZRC/ylmIEu3OArAHtgDg4OM88+puWHpKzbbbV0m201aOq5U7a6Wst7HPOo24ybb1Ts5XTvy3dlot93pvoXtW8Lh5SLCVpTgFgSTGuD/eBK8ZAIHJGTzjFU7Dw3c29yDI8gUgllOWUuQMDGeU6Z9BycCu3stHlSRXjvScr84B6vgk5HAOOewOCAPbeiZYXY+UZigyzgnBJAXPpkDrkcZ6VjKKTXudnd63slez89N9NFq9W9FS9o0uWKTaevXRPRqW9tr+u9zlY9LJTeXVHTg4yOh4AHTv349ycmtmPTiyK4cGPAAGRknBydo6dSwB4JCjOK0DqVuHWOe2bytrlmUbS4OCu7AAGOc4P9aRr2MLvs4VG0HKyEbWP05OcFQCOeucnoKLa0j2u9W7XT26ra1m3Z37lfU6Ks5NSTVtHs3Zu8W9L3d3u/utRMWCqZYOc5yAQFGfmXBBI59CRnoRkVMbNDsEj5Ro8lgRgDG7bx2PUjnH4DNO41S4lRmW1RXiPDc8fMMjGACCCOg6DsTw6CWW8VmlAjYgYBY4wFwNozzk8EY7k9q05qjUV31TSdkk9XZ31l1T62877QoUeVNWV+XS2trJ6O/W1nprdpNorXFlGMSR7cRZBB25Y9Bjgg8EHGG65wDWPdwR8eX5bOFBYhxxjHJxkdCRx+ODXYx6cjwkSyOVJwqBeT3+U4yQAAM5GF24BGSY/7G05mIdJUYYIAYEYIyMlcEnIxjrxyDkZh3jHlcVqlZ2SktY3a7t6K/lfVq7xqYZSSUYxUUldp+cdU7Xut18PbRrTlbVd/yhYwvBLbuPU8EKcED3A+YcVNOYFxIpMFwAEEkT7SrBjgjHJz068DAxwca9zpen6dE0s8/wBmzu8ss6sAGPoSCcjrjp7nBHA32rww3EccaG4hVtoZhkEAkbhg88dd3ocjmueo9bySadrppWW1rK23Ld3ei9Dlnhqsb8smtVe8npayS/u6arrd6t9ein1tpAsGoQWurWaqEkimhG4ADhvM27gSuehHueAa5yfwp4B1OZ38m50e6kG5Y0G+23kdeRgnJJzkD14wDsrDBPCHjkC+ag3gAOxc9sDJAHbPAxnPBrDm028haRVMhDtmNghIHoTx8oAypGMcknOc1M8Jh60bOmrtK7WzaSX3W2skVRq4ilFq7mra9VdJX3v8Ss0r9zj9V+Dl1cW1w2j6jZ6g3zeTDMdkoB52qpwD1HGTx2C7s/Omt+AfFvh+/Fxe6HdLFHKWeWCN5YSSeH3AY5IxwTggZJB4+w7Qanbvi4WRzHjZIWeNzhcbgykZGcEArgHA55J3obi7OVe4SWBwu+C4j80DIO1TvBJAB2nB645JGRyyySOjoytJ230ad4pXulfvZX0tq+nVDG3ppSVrpJ2ik9eW91rt1S12V29vgO4tp7u5Afzd+WxEyMWyQMLtwMHOMDgj2IJH0b8IfB9gtxBr/i8S2NrYMsltA+FNwVyVJHBAyOScZ4/i2g+wz2HhiaR31Dw9beeXyL20iVWjwDhwMYbB6HkZ6AdQ678F6frVrDLZ6jcXEcIK/YVlVJkU5x8oIyUK8DBY5x358TH5Ri+Vxirxsk+W14p6O+t1bZLaz1PSwFTCylGo2nNatbXfu6Xum2rbr0OS8dfFjTdV1GCwTT3ltrad4zKY9kjxJwqIVVSYwABkdeSAc5HJNq0zuLq3lFvYmFitqSQzKRwqLkkHptOQTkkHtX1n+y/+zZ8KfjR8RL/wj8Xvi3Y/Cm3jtzJoV9qca2q384IH2V7ubbCjMMjcxwT8wH979ctJ/wCCHHwy8WWtjf8AhD9o/SdSsWQ7JbfULC8LhgcbmgkKEHO4beT09M8McFRoUkqkG3CycVBuTaae1tU3rdrV9kmd8oV8RLmi022rXaVk2uzTavqnqnZ3e7X8x0oYXkt28jAO7SowUl42BJIbq2DnaSSemeO3vPgi2h1Hw7f6nDIwvoI5JGMkrKFQKApEYYHe+08jAPUA8Bv3S13/AIN/dUnvpv7B/aD8PLFEGmkj1C0aPco6hSsgDAFQN3Trg+qeHf8AghJ8RtKjuUsP2gvhnPHLbzI0Ek7q8LJnBkjM2WKgdNoA4JPOK1gsOoKcoystvca1Sje2iv3289iXl+MjZQjorfDy78uj10dn00ers2j8kfB9/De/CLxG8txIGthdo3mMS5Zs4IZiGVRhhgZBzwSenzLpN8tnZSb5t4l342kZQqxKnB6ZGMgY425JAr9RP2nv2KPij+xl4Kll+IOpaBrnhfxSZbbR9Y8O3Mc0N1eKzFxLCGZ4wyYADYByeScivyEup0ia8G4LGXcRMp4UclsjuOTzjgck134Vw5G4RSTle6TV9FrbXRK29vPoceYUqslQhVk1OmmnfXRpbpNrr6Wb1R2Qu5GlN05BR9uT5i8gZGMZwQT2AGOfUAVdSvbVVgUXBAkYmVVABQZ5C5yGGDzj1Jx2rC0Z7C4iWK8uZQFKMhiJEaAHDb89MDnIwBj1NdFd2+jpLBIFhnjQF1VWy4VVJByNwbceqnjPHHWuhQ5prezS06Ju17rRt6a2X3deONPkit5P3bJW6tKWumiS0sm3o9zzLWDJ9sd7O4f7M7hWO5lYkbWwQSAMjknB6gAAAisK6RZXQrlZ5WKvucsOgB+7j5m6k5JwQcdVr028FjOZUjhjmVyZI0KEBTglgrLhSFzjOBkEYOOKtWGk6OyxySW8TGJPMCnK4lUZYMzEAgdsk4IIxmt6XLTbdote7aV9Ek0nv7yST23Xa2q2i048vK1fovVbNXfXVX0Ta9fN9O8P6hIZWtYzt27N8gKqWOMhA45xksxAPHYg1pN4K1UkTeTukXCsdwCEn5sYzkAY5H+70HNewWdpd3xjtNKtJp3eZRHHBAZ5N56KqoCxB4AyOeewIP0d4B/ZR+OvxMlij0bwPrdvDKFIv9UhfTbF1YqFZZJUVcKSDg8Z53HGaJ42kotycYwjpdtcq1W7bSvd7K+3yNqWGxNeShSpzlJtWUYuW/Js7P7k7Wu76JnxJZeEtQWIvcQj5g6YLFVR+NpVdxGCD6kYOMn5RXf/AA++Efjfx14jtvDXgzw5qPibX76SOCDT9HtJbmd2lwgeQxoUjiBPzuxAA5Oea/dL4Sf8EhrbTtNsPG/7R3xRsvC3hS1K3mpWVjPFEi20fzmKe/mZLfBCgEKd2CcAV3PxE/b7/ZR/Y00y+8CfsaeANB8SeMfINlc+P7y3jmht51/cm4ivJle4ln3Avm3kERI6YOa8qtnCrfucvpSr1ItJ1ErUoN2d+ZJJ2b0te3fS69qlkNSilXzbEQwtJpSVNtSrzta6UYvR3ejfXRq23nXwT/4JZfDH4L+FbD4z/t6eO7DwnoNjEmp23w1tb6Bb+/IUTJb32H82bf8AcMMISQFsc4Ncd+0R/wAFYotH8PXXwZ/Yy8GaX8IfhpYwy6bD4gs7SK31fUYUBiaaFljVvMlBY+ZPvkALYIPNfmv8ZvjD8av2jtdvvFPxK8Yav4nuJWe5gs5J5xpNorMWWC1tEZYV8oFQpaMNtHPPFfMd7YS2zIjuyyxlmKYbaoGCVPGAR83Y9uo61QySeKkq+Pre3u1JUE7UY8rjvFO2l7Xet/uMsTn1LBQeGyun9XWqliGl7eovdTvKycFyq+mvXQ6zVvFHjTxxq8+t6/q+q+JdUldp59R1O4nvrg733SAGZn8sZxwuFBH4nivGL3VnbR3qxmN5R5bozFkAUHHAPUeh+7yMAHJ9B8CeIYNGupIp4POtbpB5gMYDquRuwcHg4IznjA4zWr43ttG1K1uI7KKJEu0Z4Y8bjG6BsMjgEqepPcnBweBX0kKFClR9nBcqtZKKUbNaJKy2tor6atJaK3y1bE1KtXnnOU5t6ynK+rSSbct7vRpb3Tb2Z8xW3iPVIgri4aL7qFY2YKApGMpkAkZ5+U85OCRmu3sPGV/fKY5J97qvLMWBIA+71+owvXBB5zjizpCPeNDveMxfIQ+QvBIz16EnOcbuASeTXZ2fg66ggE8cluyEZBV1ztb+YG4cKB349cIwinLme9uVa6/Dd6XaXyt89S3VTUY3WjXW29rfCl8tHbu9zWs/F0theRFpG8qX5HbGQhJxgbs/7o4HJPJGRXsR8Z6VDYxzG9VVIUE5Uhzj7w44POG67f5/NmrW8aI0HzDYwO44IBIJZNwycE5yc5yT0OMcpLdTNH5Qd/JRhtyzEHLDPG4cZG3nuTnqahxjKXKmla271vfVR1b6N9LvZNGlJtpN6NtXa6aq9979dEnoktro+9vh3rlhfeGfiRcQS5/4p+XK4z97bjOcH5ucY5APbac8df3ap+zb4ylckJLqVoEbjszEAk+oPI+U/oaxPgRMzeAvilLMCy/2GUgJU57Ywe4PQbupzxt4qXUwJP2b/ESu7KDqdu4j6qSWOMnIznuMHBGRit6sUqStf+E+9t1bdaXtfSyfmd9BtK7XW2nom78yT8073tq7pHw2moMdq5Lfuwc45OBxg8Hg9MemcHip5taZYUi3sBlcgAEYA5APUkH73cdcbeKgFmjxg5USBQOcnjAPJLd+uDxjnjrVO4ttjKByDlh0IOMqSRzz7cf3cksK8Z2utk7b+qjbp5628t3djjUu+yut9NbwV1rfSOmjabdmtbFO5miuGZhIQcc5OAck8kDtn6noOeAOl8NiMNKpkCkFcKvIxzjGeOcdh0A4AOK5UQgMcsoODyc/gcA5ywIGAOCSCfXqdBjAkffxtKqmMAgEY4Awc9lwCeTzgCs5dG7JWd33+G6va9rbvpZN7I15lZK0dLO/zXS2r3tZaXbT3v1+lhVWVWVZQZzjPysOSAR6gevB78cmunhi8uPdtwGKttU5bIbA9+D35yOoGcHlLSFPNmVTtCyAAhjx0JJ/vY5ycdck44NdBbSXQAw+5Rnk5wFyercZPGPT09Q7q1krvRJ2320b6aLXRta6aIxcbys1ZXS+J3SbSsr32d273VnpZmDrTsNamEiIUaJDjHQhQVPTIyVxkNkc44znRtb+7sokmsLi7sGjYFZLO6mgcEjGR5Trgjjn1IIBArc/tvQbfUvI1bT0ud8aK0i53KmAd33geDkZOOeuSCD3klt8Ob+BEtpGgk2qMBgpzjJByRzz67eODkmsPZxbXNByvG+sYuyvom1o3pdeTenQ3dScFzQcou11Zu9+iumr3000va73Zs+E/wBob4weCILZtA+IviC3EUeYopbt7qMnpsYTMxA6HknOBkgEivo3wt+3x8aobeCPxEfDni63By0GuabFM0ifdGSVyS2DuOMZzk4r5UXwp4Wv1X7HqgUrmMAupw46HjORnk/z5pun+E0hv4rcymeNUb5huOdzcEKoPAOCAfQ9ejcFfK8vrybnhKV9fe5Un9lbq0rpJ9tfvPQoZ5meHhzUsZWUbJuDk5xtyx+zJyTfTre7toffVr+138LPE6FPiL+z74ZvbmVsNd6LH9jkCkjMiBMZ5AIyTzyMg0zVdb/Yj8V2bM1p4h8BXsksanYJLiGF5MZy5BTaDjuD8uAATXy9Z+BkYwMASvGM7sbQchSQSV6Hp2z0JrO+IPgxbbwpqE+E2xvG4cKScFucnGCecE4B9M455KWSQotyw2JxNDmdly1ZuKdk78snNR69lba+y0hxZWqSjTxWHwmKcnyt1KFPm15ftxint1d9tNUz7Tsf2ffhD4rTf4C+Nvh6dWiVYbfVbqKCfc3KqQXGGXOw8AEckjmo739kb4jWaStpH9l+K7dIS8M2lahbyEjblWVFkJJIO4nHck1+cnhvwbd3EMEtlNLBJIisXt5JYyrbeMiJxyFKnPPAyMHivX/Dl78XPCcz3Hh/xv4j0+SFNsKC/uZIsDgKI5ZNuASuRjC4x0xXRHB5tRbdPFxrp7RrQ1S93VuLXyff0RM81yGvJRxGAlh5NL3sPO121H7MtN9VZa+m31Ppnw88S+GksrbX/DWrWF1A0hYSWcrQxqDw3mKpUhgF+bJzye+R5P8AEvVL+11GCKykMQm8wMksboHcOcbtyjCAjjp93+8QKtaF+2j+0D4J1JrDVNR07xX9niRmt9dsop2dAhBXf5ZJyM5wd3Iz2r2Gz/by8FazDb2/xN/Z98N6y7Pie50yKK2mRTgSOgChgSTnqGAGMiuKbzKhN1KuCjWS60pxTv7q+Gdut+27vd7+5QlkdfDxpYfMamEvype2hKy1Wrcb73vfVX+4+evDviHW57qO2lukYPJEsqKQODwxAHXjJ4zjOfVa8d8e3Eo8VawwneQLIFA3FSSFA4ByMrzxz2OK/RHTfix+w54tuRdXHgrxN4Evp5QFks99zFGzAguAP4YzngD6NiuWuv2ff2ZfHuqX954W+PcemXl5cu0Vp4gRYhEXJKbwdrHHA9AehyQTvh84hTaeIwuIoX0fNSctW4u14cySV3otFpqtWcuLyapXio4bMsJi0ndJVlGWiTWjttta19W99V+eFrcXExKSM2xcLk/KwDcnAU8HqCOc+pJrp9LtYZDKk21gGzGNxBznBwGwSe+ecgHOc8/c9z+wB4quljuPBXxM8CeJoMhkjTUIoZ5M4IAEkuMsvcDqQTkCuI1z9if9oLw0ZJ38IR6vGfuT6VfW1zlQwAKpGWPuOWJ74ruWc5dO0frNODaX8S8HZcuzdmn/AMFPoeFX4ezaFpLDTqp29+Hv3vZOzjJ320b0+TR8Z61oEmoa9Els4ANuhZgeRgnIB4yR/CcdeRjjOrb6Fe2xijUOAANx3HDYJwxA+b+L/Z7egr29/g18UNL8QNb6t4C8Q2bRWyh5Tp05RD6lygU+pORn8qL7Q9StJRFe6Ve2bRMEY3Fq8YXadu5soeVIwcZBPUDBrrWKwtRLlr0XflsozUm1pe11q7PRvd306nFPAZhRcfa4bELl5d4VFqul5JWdnuujfmeSSabdBTlCxXdnccgkgHoScZ78fMCCTkAnl/Eemyvpd2XtYldVWQyFAC3OB1H4HOPfGTn2d4kWUgtG+4nZsCggr13A5AH5BMgHggVzfihyukairQeYwQDcApXA6jKg5J3dh15J4FaRpUZ+8lTeqtopXejavdbu1r63+TMXUqxaSjJW0s1K/S19ndKyfn30t5Z4d0aaa3juIzNBIIgVME8sTEd8CJlznsQRn6V6jpr+NdLiSXS/F3iTTXiO+MQ6neqFYDOCvnEEA9MgnkDG0ADB8LF4o7WdlYwkACNgFUEA4BzjOBwMHGSCc9K9DfxFaRjypY9ymQfMANyjkkFurYGMkbsH6A1x4rA0KqXNQpyi9/di1py6O6WvS777Kx1YbMq1K6VetCz05ZySTaTsmnt622fW7W9pHx9/aL8NRxnS/ijroS3fakVxIbgDywCFbfvZgTwfyGa6C0/4KNftVeDtdjsbnxJZ6yjNEcX1qzM/zDarMmDswG49evQA+fvf6VfRzFCoVVLxl8KzsRyMZBJG3kkYHJHSvnfxo5Him0cRZLNGqNgfMoIzjJxjPXrj8Sw815BlVSP77AUL+VON4tWvZ2Tund6PVdG7Hq4biLNMPNOjmeJir31qykrprTlctU9lp1P1Csf+Cp/xpRYjr/hXQtSUEM3kB4mYKOW25yM9sY9ByMD1/wAO/wDBV/T50hj8UfDW8iRVzPLZyJycYJGUyR2JycnOe5P5JWtjC8avJt3upYjoAecZPc8fdI5GBjqwvx6ba7A5CqchWAY5wCe2SNpA4ORweeleXPg/Jqjk1hnTcvi5HJJ6p7XsreqVt+h7dLjnP6dr4z2kV0qRjJ6JWu7X9eurWyuftxov/BTb4D6iQL+LXvDpzlhJazTqnHHKDgcc4P4jJrurP9tv4AeK9QjMXxEtLWMbJEXUoPIO4YBRhOR228dt34H8Cp9AsZ0lYBcEHKkE/KevBLZBx1IzjGcZxXk3iHS7Y+INLjgAVHjZGABxklRjK49+RwRk7c9OJ8DYFczpVK1L/t5ON/d1Scel3u+2ux6NHxBzRt+2pUa22ycWl7u1m9enk3rfr/VJYfGL4D+K7VXHifwHeSlmaNpn0ovLyygSKybjuPvheRjvTl8O/CDxDNJKNJ8I6g8iqUl0y7iti2cFTugkjAIwMEY5GOmTX8vA0KeAI1tPcW2wuUeG4nhG7rn5SpHoBjHTAxWtpWp+ONOmDaV4s1+zZMFBHql4qZUdQDNtOMY5B79MmvNq8GVVeVHGyhZaKSdn8Ot+ZNWe7trr5I9Wh4hLmSr5fTlH7TjLpo+qdno7J2t1uf0yS/CDwO8zyWGn61pbN9ybSvEF8NjckkJ9pKcHHJQdsrwc814m+GGo6bZRzaL428d2pN3biOF76O8ijZmGJGW4WXcFDDkDrgHpX4GaL8df2gfD3Om/EfXoyCSPtEz3AIH3QTLuJ6DAC8454LE9jL+2/wDtPaJZ+ZP4qTULa0dJgb22jJOGUgFVTgdcgg4weM4xxR4ZzqlJOGLpVXfTmbel4pXclKz6arrfRNnp0uNcgrJqvha1KySvFKy+FN3XX5Jq9l5/uHN4P+NOmgtp3xSvpUZVkaDVdEtp0dcDCmSKAHb0wAwxkFiuKy7bVvj5pEjSiPwZr8iFmWSY3NjLhWyC0e8JgqCMAdyMcmvyx8H/APBSj9oBoUur3T9E1eOVOA0Mg+Vdob2x975cY56ng16jpv8AwUy1gOsPib4dW1xLJtM0lmVDBTjJQMCfugYOT3HAJFDwGf4e18NRrOL3Tg29tvejt6P9S451wviZ3hia1FydvfU+XaKu947q21tT9Bv+FrfFmFMeIPgxo+qwEtubTLuynVmxy2LpJDhsYIU9ccdhly/GLwZdSMfFnwD1yzaNSZZrXSbO7VR0Kq1valsAgkhTkg88gE/Mek/8FEfhXcRrHf8AhbW9Mebg7DvRWOCSAgyMEnAH0KmvUdG/a/8AgVqoXzvEF7pouESM21xC67Q+SS0khCjGRuLDA7gZpPF5rQS9pgK0YxtdQ9oo2dlfST6vSzd3q+hfsMmxaao5nRk/+nip3S0stUnfW3lu+x4r+0h4j+BXifQLWw8BeHh4a8XzXTTSx6lpV3pzSQghf37ShYyp3ELtxgZUgDOPz2u/gks19cagbbwrNJckSSt5s0bb25LLlgoG1u/UDkHPP3d+054/+GXibxL4HvvDHifQLmxtbR11SQGBWjVmXYtyVOXL9QGHyMTk5yRiw+JvhVeoiQav4ZWUqgK/aLfG9VXJBB43598Dpiv0/h3GVfqFKrrCpUg3KM25VIvRNSclqrrZpemun5jnuBoyx1eglTnTg0lKkoqE7cjUkk1G7elle7s3sz4rX4J20yE/2JpDkPgNBqqx7nxgAb268nPJJGc475lz8EIi4VfDsoOc4g1i1OeTk9SQFU9D26ZzivvJYvhk6lWvdCkkflfJvoFU57MN4KgcY5IHGDkZqtL4c+H24P8A2ppYRwP9VffOu7PcSgAg9ACQfmIOBX0lHMsRF2c7t2umt0raWbVuy0206nzs8mwjXwwV30Sbs1HotU9fR+Wlvz8l+DDea+3QdUiwNvyahA459Mfe+gzxwR0qpffBRirt/ZmvR8KxKPFOAoxncUHQkAEAjqeh4H6FS+BvBUql7e9jYEjhNSALdeVJkIzgDII5B4w3RJ/h3oc6Aw393EMLny9QBwPvFR+86HHuNvO35K7I5pVsul1u15x0WrsrLs9Vv35HkGCbbs04vbW3RrZtPXTdq97s/NK4+DU0cakS61AWJ2iXT5XUkZ4+VSMHOCT8oB4xXJ6B8GNQuLrUXXVbW2KXLBVuFMUrFQPmYHGBkgHPfOelfqjN8LbZ2RoNYvgirld1zFLgkdlLHJyucYJ54ryzwf8ADyfVNR8URW9zYXAs9ZaIyX8QWVtu1mGflyAeAO+SOMYpSzCblCXLHnVrNt7txV7vdPTZdXfQ0jkdKEZ06cp2nyp3bWl42acul72sm731s7v42f4Ca9IgePV9JcejTAbs4yAS44ycEHk4bg54jj+Bvi7cTFNpzohYZEqHOFGDneOnQYHO7PQCv0VuPhhejbHJZ6M6KBlog684OMgFRknkAg88+1VZvhhdRqwGl2wVVDMyzSAHcSAQQ3Axzn1B4JyDvDNpqVpQW6u4pttpR6XSSd/v0u9DknwxS+zUmnZc1prys9tbX08/Rn50TfAfxoclVs3OSpxOhJGSSQA3GM4BPA69OaqXHwM8aohZoLVmZAAUuFyMEDBGcM3OAM57EgYFfo9B8NHOXh064idWA8yK4JBfj5vnJzkd+n1JIMf/AArnVkdAyaiASxBUwEJjOecMQMcgEYySBgYJr+1qltKcVzPblacXeN5b7P8ADT5cy4ajdWqVLX0WjvrHV2W229k++lz82o/gt44ZZDHYRSSBggH2hN3ZflDAFs5PUHg89icvUPhH49SUQNocsg2gMYsygNnOSVGMgH7pPI596/SyTwRrAuncS6mu3AVRDb/MoPJ4X7wyB+RAwAakn8MasiqIJtWZ2A58qEEblHAAjGeARkNgkZB6VEs3UlyuLeybaabty3Wjuv08xrhzlkpe1m2trpW6JtJO91prbq22tLfmQPhf45iicv4cvV34AbypGPG3BAx0I4x8y++45qhc+C/FcHledoGpKvzR5e2kyX2nkHHBH45wDzjB/UJNJ8Q20G9rq+ZwMxpcWgddgwAcqvIx1bHXHoNudJpPiVws9xCkwRyyhrNwSCRjDFdu4rxkkKB16AU1mkGknTi0rXj8LS03b2ave61e19VaXw9Lm5vaTVm39l3u47JLTR9X/mfjzrPhjxJHq0ZbRNSGAxQNbSE4ywB3YGV4BLYOBk4zmugtdF1bdGh0u9QhOptZgQSOhJH+0SAAcfXBP6Pa1p/iMeLY0GhTTf6BkxpHbHYGYAPgoTyuSedw9DmtSGHVIo5AfDTFyxRxPZRTIOMZ/dLuOM7h3GccAYrnpYv2cpyjTfvS5nZ30dlZNqz2V3ZO+1tEdlbKVVpUabqSj7JJaRu7XS37JLe/TfY/M240u/ijYvaXSq2R/qJSPvD7x2gkr09uoAwMiWt1FFH/AKLOCis24RSg4JBAGR2J47gE4Jbr+lMumq8bJ/wjiSn5SY4tO2PzySfNQgZKg454+U81CbC1dwsvg6cKgVTtsLcnGBngR9B6dxzXVHHxVm4Tc9FaE019nTfTvq7LV6rfhlksVHkVdNOS1atquX/gLe19ujPzc8mbdHuhdSqF2OxjknHXjhjnkDG7pjrTWt3ETB02GQq/IycEgqpHVSc5ABJBwOuc/pLDpXh+V38/wxbIW4KT6TIGUDIyWVAM9zjG7uMZpsfhPwpeSyvJ4d0RlwFSJ7eW2ZscDBdSM5BOR165HymtI5hQV24zjt0Tavy7WV1ZXtqns9npnPJ5uNlODtZWs0tkr2T0Vt9nZrzv+bTw7hFwM8kFgRng4JHy/wC7xkHOT0FPWEx7Xb+JiT8vHsSMcnkZ5+bPPQA/pA3w78GTh45fB2mSNgYEd/EpxjGCDzyeR8wxg59Kz7j4S+Cbo7U8FOhRSCIL+OUHIJOMMeOSOSe3bNDxuHbTs+a20lyvW3d3Wiey6K5H9kYlRspUruztezvdaJtaJr5JKy6X/Oq6TdGS6hAGZvTcp6hmHBA6nOcYyffhLyMNexBQMOmN2OCoJz+AHvkAk+tfprd/A/wRcMAPCusQjlV2yZUseOv3SPmwS2OcZHANee6t+z74SOvWsEGjapBC1rJI8ctxGjLKuSGUttBTnlQASc9eMcWIq0KlmpL4k3e61tF6Jata2Ttq0zuw2FxGHvzQ9peP2Wn0jpry72vrfffW7+G0DxoFVVGVYYwWRgCSDkE4JwT1HY9DxXZXyyfxBQSSDjB5GPUjuMZP1FffS/s7+ClgDXNvrcTENxBdW7qCDkfeJyO45BxxjgGqj/szeD5kEyal4jiVm4UxxzkKQMEKgB5UZHJ6dNoq3Ki7a2Ss1aysm4rVWv52a2ei7LkqOTfsaiXu3so315Va1+l7Jvb5nwYsTAAY/wBWCWdsgkHovHUnGc44bAxipERlQgN8xBLHGWA2twR1BLY5APzdc9T9rT/sw6DI0ht/EGvIv8Il0yZx16kqjE4x90gBsDAxxVb/AIZc00xMy+NJ0ZBgifR7pSXYjjIU547A4DAfNxipk6O6qRs+l1pt12v3VtNequ1UpVZ/Yctvddk1HSzbSs3a1909tWtfimRWYDK8NgqcYIJwAeMZbOeN31wKBEVVWJweSwIzzk8jJGADgdQB7mvsW7/ZbYOqQeNbBg65Am067RkOep3ADAB5PXIxhhjOVN+yzryuyxeJ9JmDD5ZGinjTHXILE9c89OGzxwBNoa/vI382l/Lvq3s+3kZqFZpJU6kb2i2otp25d7au13aTbvorJaHyipbAOW24BUEYy2c5PHIx0zn65rTgJkyQeisRnHJ2EcgEcFvlGB8voc19GN+y/wCLxu8vXNClC5GRIy5IH3iGbOcZB64OeaiX9mnx6GcwXmguQuD/AKdFHkKDzlnG456AA4575reHKrbP3U7pqVmtrW7622trda6xUozsn7OW+vuy0Ta1VrdNbW12t0Pma7DEzL5e4mMcjg9BkEHB4OeRjIHUAE1NpsJMMZICgFjjjOSTweM4+oJ56c4r327/AGc/iMsdzMIdLk8uKR5NmoQkmJACzKCSWOA2FAORkemOfs/gz48aCHytOtZVYHaVvYQx5IJIJIxknaCe4zmsHSbrKXLdON72849X0+eiemmhs23hLWcWpJWcWnZWSdrXV1rdaN+tjz1LOSSMO2TuYdRkYwVyRnGMEnPQHk9saNppc0/MZCIv3ic8AMAep6DoRnk8g5r01PhL8SIModA3KvA2XUMmcjGR1bBycdPQsTUUnw5+JMDMqeG71VIA+UCTheCAFB6nGOOe7cDHXGm+kJN2T030aV9Hqm3e/f1PIvW5tLu1k+aNk3otH5t3S0dmklsjkvsCxRqsJ3tuwxxkHIPG5TnGcEHGQcr0Jw17V42LsSGIAIUAjqCWBGMEZBwPmzghSM10B8KfEC13JN4Z1EFEJ3CzmK9gT8qjIJ7Z5wQOlQSaX40A3SeHb9VG3BaymG4AZ4XaDx1+XJyc+taR0aUoVI7J6aW00srWev3rVWM/YTl76d7NO0X1XKnF6rVK+t79+hkvb5R42jJV0LZHBJwQuRjrjrg+vynpXOy6ZMJHdFfBGBhWypH8O0jOexxxnBz2PZyWniVgXfR7xSD3spe2MA4U8nBzzzgc9jTWLW9rM+nXEfJDNJBLGAAPvElSMAgkd/l5xSlyy099LbZ6K6av6PT00732UcTBptLV7Jacqt0Sa0bdr7X37cvb6PeXMoEcbjBPzFHzkDBHcnjIyDk/KCRzXq/hDSrvSYZLyW1DmUtGoMZDIgUEuc7cA9fQLnBORXIW8+qKyxl3jRixI8tlYfN1B29hz8wx1yRzXaNfXC6YY4b55AQY2Qq+7IDbiWAzgbgMnvgA8GtKdF8rlDVuNveaXa9k0tkrX1t0SsZyqyUoqaV1K7atu2ujtdJLon59jy3xBLNcahqV40f7w+by2dsaxsABtJ52gcbs5xkYIOem0Px54ht7a3aJ7Zo4YUjTdGC3QAKwOScjaxX7vTOTXHX6TpHctcpy0Eu3Dbi53cFioyCRkA8+uOoHTeDLS0u7eJrlXkVAjFVXqFPYgDBG4Et6YyQc1hCjWlXlBvTklLdx101Xndrfp2R2VMRCOHU1yt86V7PRu3zV9n9+mh0V14w126JaQWys4Q7REA5xjPAIKqT0GD9MnNZl5r2sTqd6QYCjgLg4zwOOc9fdu3Ar0GfT/CtyvmK08ZYqqjBUoejDPTaM4yRzgjJyWCXHhnRHVWgnjAwqssrk54GGJU5BBIGCSeDmtvZTskpX12irprbVRbt072b/APAcVUhOUpOMXFqO6s3ezdlfaz1tZ6rzR44+oahIwjk8vZuJKhChyeh6hSQecjtxWhZ6jdkCMxKx3eWrKFG7JIHUDkY5PU46noO8vPDVjagSNPtATKiMeap64HU4ByT8xyTnb1wNbSNChlEcjpDHEjFo5mi+8wBIBwpAAJK+2T0JzU+xnGzbum7Kz7OOlul07Jt2ei+0V7XDxSilyyeid1F6Wfqm/ldvW1k15peXYicbotrqMOoIxkjgkEeo69fyrOF1EkpleAnAJ4BCkE5OACQOvy9QOQB6+q+IPCslzKtzA9rIWTDxrhAOuGySRuwMYA67ciuYfwnLvVJi8ZIyUwGAUHP8J6Y4XjIzk5xWypSsk79Hdq1notejfT1b0dzF1KMbJ1Erve6stmu6v/eTXVbGLaJbXAfI8sdQM/MCBkHk5HYdRg5p9ra22HaQBgHOM4Hyng8kYwR124475raTwjqCSD7PGZA6thySOCe4PYDPXnHB4wKmu9Gkt4PJlODtU8MuN3GQSOfvZBxngnhgCtY+yu7OPLo7aaLVNerV2/Tr0LjKKalGeijqr6bxb3dr2bWiad29keeeJY4k02ZVUBWYbX24yoYAIGGeB6nJ4PPTJ4Q0uGfTZJZW3ZlCjOdyrjphTxkgE46nA44Bb4sRlsngYAsDG6AccbgP4eMnAOecYxnqKs+EJvJ09RKQIzLwgGCd2PXHC5B644xjqRnGmo1+Wa05OvdqOj6aNrV66u9i8VUnLAvkesp68vT4E3p0Vlp2bbk1e+xqWhRJEzxFm3AMrMCAI/u/KOMEkAHkgc8E5rnFsl3mNgCoXnJxkg4wPXrjjHf0rvru9jeCQblYqm0fKrYBOQWYcgjI6n8+lcurs00aFFVTwTznack5YYGMgE9+mBgAVpUjFNe72Sa6J2/uyWrTtrsk920ebSqTjCad5NXab2Wq03td9FqumjKb2LMgKKGVQvbJAyMAY655wT68deZhaKixkIrYByOmBnksSdvJ4wcew3V2FrBp6giSRfuIykMqrkDGMEk5zwODk4yDzi0LXSmVjHKoJHALDAB5JI69c84x+mYUIOS212urNtWtdLpa2mtm7q62q9Wyabemr10sk33T5te6t23fHm0VEEhXICc85xnjbgZ6c4x+PqHDTN8CuqZSQhXydwBA7qCCpJIOcr78EV0xs7UrJi4jJjAEYVgAo7blHUEHknOF981c06xhnW5tWuFw6logjA/vOowM8g5wQoz3BBBJfJTas1ba3W2109dtNknbo2VTnW0bk0nbvdO6TW7VrXWt1re7e3Dw6fHGzgBWZOQdnHJ4HQqQvA9QDgjrWjb2NvIGV4UGeAxCsCwB7YyD2OQApz3ArQnt5LVnXaQYy24sy/N82ARnHbdzjI4BOc4iVWQRuoLEkFiByvfuMBiBkdeAQKwdKKs+WKemjs9nGz30e1+1tex0e3qSWs5afF7yTdrbbXu3v6oifR7BYdzrGSoYhQAOBydn+70UYJ/LFcNpMUdt4oxFEkkaSlhEy5LMAQF5xjk4zk16SU+XezjOwFA4xvz1Yk45ycZPGOT0rzmyXPiYNGQSZZG4yeVG7IAOMA+g5OOmKzcYKdKTir86vZX00SS+el/P5HfhKz5aju3aL1vrvGz66pXX/BPvj4TBX+HusQkfO1hJhzn5iFYsMkDcMNkkHjAwMg4+OdStYHu5iCq+XNPkFjuP7w5CjgEZwOCSOMrgV9sfCSzjPw81XfgFbW9RcEcAx4IXnLA8E8+4GOa+MtUjAvpArFgk824jZknzCc5PbA546jGBkZ9OTpTpQWsrxWj81G6VvPzemy0TWWKbShy2fvJWXnyapbrW7Wz9b3Oee3jSTzSqq4XkjJBXGOgGV4CnBOMk5JAJb6o/ZeWSW51gKCQbeQqASuDtbk9sHuBxj6EV83y2crxy3ESB0ijcszEckg9ACSRnnOQxI5r6T/ZfVpb3VVEhCi2d8KSG3AMCC3AAyADjHGQc8CuaglHEU7JNq7t3fuq2trXavvqult+ui74WTto7XSabv+7Tb6Jp3vbTRtK90eJePbWZ/FeuCQxhvt8xA6Y+dgQCMZYqeevc8dTwdxaTbWjEIbEmSQQCF27ucdRkjcDwDnGe3oPjy9UeKNYRuZU1S5ByFI4YgAsoPoMkk447Vya3CkPlFYlSrEscDdjnhsfd+7wByeeMkm7uTtZt9ltdK2260Vrpr7jCGrd4xTuum+sd13vrum9WdR8LFK+PfD5VUAS6jQISAeXQc5OD24yOnQ5IPsHx8jlbxmWbCh7CMKCTjqAQR06eo75HTnxj4X3aP8Q9HG0fLexBQCRnLKADk5OGBOfm5AwcDFfRnxr06a58YCXEIU2MYKySAZAxwFJ46Z44HoRxUUleS0tdtrTq+VPT7tLa3Z0VtaN5RUFe93orycU2rNJd7NL0uz5jW2KZcbJNwVWQMePmOfmxgA8exxyBg1jS27/bt+wIFkh4yTgF12qMADpnHYYPvjur2yuLZmIFqkbKQrIwJAHGFySBjBG31GexFchJMqXL75CfmhA4HzFnX04GB3JwQMAk5zOMg4r3XZ3W6eiSi9bqKs2+ZfJbWDAqLnBP3dn0SvaNlZ20/HpHQ+rfiLDt+ENkI1DY+ymRieDmFAMjPJDEfxHGAcHGT8fbCzbWRCEJPJAOMDpjAJPQZ+vLdfsj4iybPhRako0ifZ7Jgo7ExoCTyRngc8jpjGK+MnvwhZRC3UZPy5HHIHzBe46569qwxbleD92ygrLbaMbvZ79rd+m/V7KClK8nu7rXuns1s7+V3ftcR3V7qJSoYF4QwUjIyyjqMAkcDB9exFfWvxAcH4D6dgsFS8gURFgOVwCRgDoe2OoIORxXyD5qySwny9nmTJ/FjPzDg7Tu6Dr+IwcV9a/EQ/ZfgTpsgjWRUu7Y7mI43qMeh3A4yDz3IHNY0kuWq9lyp7t/Fy6fg3tpre2ttVHts9ld3s+W68r+mt9b63+PmmkVtm3cu7cSBtJPG4BgCCSBggEA884HKOHDqmJArsu3jhckcbhncQcnHBzyoxinxazOqBdltlgxDMoxktlc4A9eMdR6HJMTy3UyAzSBZDIpjUKApwTyuO46n6dOOMpJXg1a27TV7JpJ3aesn23bvtc0Uko8tnro7pra2qfVNq2t3po1Y+9vhfZm6+CPiyQRO0sdrKI9zY25Uhvlz3JGfwxjNfKh0u/BaQ220BHO5mQKfpnGcAc8d+xr6j+GFxL/AMKQ8Vo10QotJmVlBDM+AeT97g4J6cDmvkae4uWDxPPKRsblnkySc5Cgn5eOAMZ5PuavE8z9m9U1C3W7bs7uzV7rZra3S9lV4xgnZ6vq29bq6W9lezt6ebeddWMsErNI0YEhTbGXDA/MCw4c47nGMjOPp9j6kIV/ZwjXzUVE1KEnC7vTggjcNoAyDg88cjFfE0rPuhcF0XzVHz7mcgEKSpbIPOSMjkDJ6HP2lqCbv2b3IJZf7RiJwp5Py5OQAB+BOM8qccLDwco1lJq6pp/e1tbvo3+VtDOlKL+Fa2a23bSbd721v2vs31Pkh4tNkRHMkpfPzR71XCjABKEgevB5x74JxpvsoEskEZAyqEltxByMjhh0AJGcgg9uDVllCoSkRLLJ8244LD+ZwMZx3wR61SUSMjkoArsNoJHHzAt2z39Bk8eueKVtFe3dNNpL3dL7tbvTt3HHmcrtdXb0so9Lb9Lta+ja+2dEvrWP4Ca1ZSNL9nlitHm2KvD5OUBHIyOCTyQMZxk18iMmkpNvW1vZ12ZRWIADDgDKjkEkBuMDPOByPp3RIjL8GtbhkkYo1tbyRRIPlXYATyMDcehB+gwQDXzkls7Sq0azOFjBZFUsAcEfMV4PUYwcjGc5xhVZUqU170dYpttq6WyildPW9rNt6a3PSUZ1FFcjfwr3Unrsk9Fezaad1d620M+68l1QLp7QxrjaA+SSzDJYYyQcckjgE4I2kn7s8D2KXPwovXmjSOV9AdLdUIyxAYNgfxHHqFGAenAPxFLYThQ9wlxCJQVi81WTfhsjAbqOeTnsBn1/XL9j3wdZ+KLPw5pd/p9vqUNzY3EItrwqIZXKkKCW6jBBySBnHHIrlrY6ng6GIx006kMPD2rjH3k0nHtpe29ktUvn24LA1MViqeCUXTniJqmlO6SlK1m9L6J9EkrJWZ+RGrWdxayyRS2zqsjOwL/KzKHPAyAD7Y5HsKf4XRm1+0ZIGVAcnGFIA6vyPqT69OmK/YD9pb9n3RvCl3YXX/COaFarqMlxFCyTYjhMe5ipHUFQCMg44B+v5n63pWlaX42gtdMiATz1ik8uRTHv8wK2zBICZAwuegHfOObKuIKGcunVpU5RpzlFXknorrRSaWyaaa3vre5nm2RV8mqulWlFyTTXK77xUk/h67re91drp9EftFQG18AfDRkVJfNsnDszYZT5QI3Docjggckj0JNfD02ozybs26Jg+WGQbpCOBxweOo75Iweea/Yzxd8CPEPxT+HPgNfDvhyXVV0+y33exgCgaBTkHPUkbiOT1yoxkfOniX9jzxt4c0xtV1rwbJa6aIZ7m4uY5l3pDEjNvbcxKj5fmyp5zwABW1TMsLRq1MMqyVSM2nFWck21e3VNde9uivdTyfG1KNLEqjN03TjyzjqrJR5tXddLapq72PkT4LZk8daI2/aF1SEgEAE7nU9v4cjJ49iAOnrX7Uggf4oXatNuVrCzDYG1VBhUgISpywbrjJ4HYgVzPwy0u0s/Hunra27sn9qwwwhjwPLlAbDHAJUHJ453H1Ffp/4i/Zgf4u3kmuaL4Uj1m7S2iguTJOsTIUiBV48lc5wAOSSueuTXVisZRw2BjiKrai5pLpq+Wze1rrtrfu7mWX4LEYutUoU42klzLXXRx8ne+ltdtrXVvxUWKMOrxy7xCUMg2qCSDxjjOSOT784xivsb9lHbB421eeRjtXSppY1O1twaNwQRyMk5OORleSDgV6P8QP2cm+HSXI8TfD250Roo/MhneUSwzk/LvCq24g/wqudpwMDmuD/Zys3i8f6siR4t5LK6jhTLAog3rh+4IA4B6Y4GRTwONoYynelJO921rpaKv0vtoktXf71icFiMJViqq952slzNXtBXV0paNparfVHyF8R40n8beKPLDET61eMGK4G7zmJAIA6E/XOOoxjhVgaOYCPkuCpAXowBA5K9TjgnGcDNfpLrvwW+B7XF1eeJPHEmmahqN9cTTwOUbyW83c5GxieCSOeScYwFIrl9R+EX7LlrFH9m+LVxLMdxYJbMTvC5C7uy5GM4Xgegycfr1OM3TlCV1pflbXS1t3qn1Xbd2Mp4SsnzqcN07c6TSvG2l03v+Rwf7OkRM+lPI53LqAHlleSD1+p9D+PSk+JySReM9fCpta4viVI2kA5+6Mc7vbIBOfWvXPgzovhTTdWW30G7bVLCPU4lt7tyqvLG0gQ4BO4YT5uTkZHIyGr7B+Ln7OXwlexi1qz1C5TWdQeOYPbyCdUuJIgzRTIGYxZkIAPHGCxzmscTjIUZ0ZSg0p7Nq7VnHe935u2q7bs6KWErVaUowldw96Xva9F1662Xrdre356aFeGc6PHI7KyuscquQo8sMv3ixKgELt5HOck/LXtvxRtdOs9F8PapBIsTSoI3jgKPiI4KsWUMNxAyVJ45OScY+dr6zbSdZ8Q+HLhrlr+zml8kbXEiiMkqFBG75lyV64OQMjArU+GPxM8L6L4os4PipbahrXglJHW5soDI11GYsqgGWJVQwAIXBIyWBxx62FoUswnRoyxFOhGtOEPbTf7uKbguaTSdlreTW3Z6M8bMMxxGV4bEV6WFrYyWHoymqGHalWqunBe5Ti3bmk1ZXaV9NdjZg8S2QzEZDKygIqSqACpHrjgg8Hdt54z3rQtfFFtmSIwCTc4H7tiEVe+HOCeCffPo3NfVFh8d/wBgq3O9vhxrshAXLSpOd7HIYjaAc89RwccngGursP2k/wBhKyV2g+F+qSMyjKvayMN2SFAG0Y69OzE5zX29Hw/y9tOXF2RQTXXESbs0m7pxundLrfbfQ/ManjHmyiuXgLiyclZNLCxS+y+sraatK58fL4stChhW3ZljG1FUZBBOCCcEjbkdCScDI2jBpnV7MzpttnDu43NtAD9gQWBHGMEAZOcHHGfttf2u/wBivT/NNn8Gr0yEMpEtvDgswAHyuuRg4AbPcZyTxR/4bX/ZLtgGtvgbcOTu+Z7WAqp74LISOn0znjHIupwBksbOrxpkqVrPkc5tXa0t1tve7S6dUs14ycTycfYeG/E9Rtr+JCjBWtHdyl3vb1eh8gG9s3dSYpzK5wXaIlcY+Ug7Bj7vTnpjk8VKssPm5ZLpGZ/m/cuwYcEHAUfN17dSBhg1fXq/t6fs0wsvk/AUyEBQC1tZ4wvONu0A8j0zxgZBpX/4KCfAlHL237P0EgjyFWS2siCSuF3rs59ecbTnjn5cP9ReFr/vONsuUkr+7TqNNe61dvrdLy3XQ6V4r8bzcfZeGucWvFS58Rh1bWOsrJ2d3fut7aHyYGtkkLFLsksQEkt2COo/iYEcjHOBkAAk+tWYo7eNlcJOjS5JAhcjIOAo+Tjp1I/Pmvqc/wDBQ34QSKxH7PGklgoIM8NpHlyTjA2AjHGMA8krz1Fcf8FDvhuhDQ/s5+HZJDgr5kETLnd3wCFAAIY8dDxzUw4M4PSalxphL3t7tGq01dab676X6vzNqnibx/NRUPDjHxTV25YugmmuXR6Waerte+rbTPmxDBD/AMsr4u+RgWrkgrnByUbIYjJHJxxgZ4ljniRyn2W+cyYQKLSTIYnqPkPGO2eccDsfoKX/AIKMeFY3ZoP2dPCKlCQga1RlA6nscZxjOM5xghcmoj/wUf0wfOvwE8DR84USWkIAbjAx5fDccdDnrnBrWHCHBsKsP+Muoyju+XDyb6Wv71nprr1d97s5o+JPiTKMmvDnExkrcqeNo2d+W7lpa6vbZ62vu7+HDbEdsVjqW5zgD7FKw4HJGE53N2PPTHByRxMGQRWGpk7lL+Zp8zAgEE7SIwAe+DkepHUe7D/gpIwUCL4H+AEO7hjaRHB7Bm255znkkA9Bzg51x/wUh1pixX4QfD2ENnpp6twOBnbGSBg5PUHOQauXDHBMZpPilO9tY4edr+6ratt+aXRuzaeuVTxD8U2o+y8Ppb6+0zGkrKXK9fc3Wluvlpc8VeyvpsTR6XqWxJM4On3DsQQM5xFjBIbHHsSetXIdI1G4ImXSdbMbAhUi024dsDIA/wBW2T6H72fukV6a3/BRXxMSWg+GXgeIkHCDTU245YYBiIxkkDAwQ2eck1Av/BRLxuzlk8C+DbZQRsWLTVA4JYkKIugxg8A4znoBVw4a4Bim6nFMtLPlWGfkm3ft5aNa7PTF8ceLspr2XAmHhdJrnzGDafu6Oyat031S7nno8L6lKSw0HxLIfl6aRdPyfQeTzk5B79McnNXYfAviQN5kPhfxFI7kDA0q5Kkcf3ojtPGTjv24rvk/4KK/EXOV8HeFO+zbYEAAn+8Iyc89Wx+dWIP+CjnxTRwYPCvhZSBuRhZnk8nADJx/DgYUDbyCcmhZF4aQ/icT4mXvLm5MM0vs6rR2bae7+7U2fGPjRUsocF5dDRazzC21ve1SWjWvS7s9Tj1+HXjl3PleEPEpLLk40u44PPBXygQBkZOM8ke1OX4V/EWTlPBviRmY/wAWnT4Ug7chWToBkZ6HJHfFd4v/AAUm+NG8+V4e8LwkbSM2jAZI5PEecYAOSBnORkDh3/Dyf43sSRovhhWDAkrasCcEAEjZ/dHOQDkngEAif7J8MIt3z7GyX92jHa0Wul3d3697pqxnHibxvlf/AIxXJ4a2SljJNrZNv37PW91Z29NDjT8JPiXglPBHiYsNuWOmTAFCBnA8s4HU9jk5DDrUh+D/AMTsLnwT4nBIDhRp0wUjpjiLIIHQd+cjpnt2/wCCmnx6BMcdj4bQhTg/YmO0EZAIEXOQccFsDgtzUX/DzD4/4Ebx+HwXAGBYRsMbeBkRH+Ekeg6nOMVEsD4WJq2bY6UWk7+ya7b+7s+7/wAjSnxB43v+Jw5k8d7cuJlqvd/vLR+auu12cnb/AAX+JboFj8D+JhI25smwnYYGSdv7vPPA4XjOMYPGjH8Dviq5Uw+BPEe8lQ6yWLrjAJ4LRnHHGQfvcAcGtpv+Ck3x8Z+BoUOMY2WK7T8p+UjYNpJGQOpzx1xVc/8ABRn4/XEzbrjQoh0XFttOe6fcAOOp3HoDgE5p/UvCuNl/aOYOTSt7nM5Wtukunlfr1Kec+NdRK+RZRFtqy+sNq3uq27s1prfTVqxbj/Z7+MU8nyeBNeMRATHlFCDxkk7O+Pz644rTP7N/xelIjPw+8QsRj5ipAOCPlYleMcEE9hkA9sqL/gox8fy4RL7RQoYnCwlWBx0bKDI+mOcfg/8A4eI/tBuCTrWnRD5htSAcFu4G0Htz1B9AeamWG8MFa2YZjdW/5dxt0Tt7rtfZL11SNYZl40yaTyjJYW1cnVlJ7rSyl+VvNnQp+zF8YbjYq+CdYERAyrBEIxgYPCk4A6ZBHGetbFp+yp8YDEFPhO/VQ5XiaFXGWOD179sHHFee/wDDwL9oCVST4ms4t3I22wOB7YTHPOeoOMgg81Wb9uv4/XcZL+L4YiSctFbRIcc428DoRypJwAMcdHGn4XLR4jMZuKTTdl/KtkvO+j06qxLxXjdK1sLktOLadlzvW8ba87dt9E3fp0v64n7IvxakgZJfDOqHDMzhZYGwRk8DcSx7g8fdbkgcpF+yN8TmicvoeuRKG4PkhsAfxAqACM5GB14xk8nxKX9tD493Mny+PLpFYdVjRc+uCAvy4HXPBXqRkVUb9rX4/wAxIX4kakFO4hQ7AE54B9yOQcfwnnkCrUfDKz1xrta37xJpab7rppd6W2vqVCfjO+XmpZQtdWoz391XvdpJNvz830+gLX9jn4l3J+W3u41TI2T2lwj/ADZzlgRGRgndyCMHbk4pW/Yo+JYmaPzoY/lDqZIrkKTnqcsB36AZ68enzw37VHx7k5k+IusFDyQpbJYcDJLHnOcnBPf651z+0f8AG2+ky/xD10RkEEPMyncBnaMN0PuM9ietVHE+F0G19Xxc7LR+1SlKzjZLvd2e3W9nu8atDxqqJKOKymm3JL/d5tWVtOr63730utW/o5P2KfiNbhnfUNNUncVWaO4IHO0nBb8QPbuACdi2/Yj+I9yhMmq6EC+MF5nRFUKMA7mXBJP4DBzxXx7cfHL4tXBCSePdcLMSWJu5SByMEEPjH8uM9cDNPxj+LTfu2+IGuAFj966kCFck4/1mRjGFJ/3QR1qY5j4XQ5k8ux1TZL98la1ttez2stFuaxyzxjqKPPmuUwStzL6rN3futW2vp01026n2hP8AsR/EsKU/tbw0CQVRjcEswU+gkO0YGRnkYA96ZB+xh8THjZf7Z8LKwfGA0itgDH/PQkjI65IJ7ZOK+Hbj4o/E4y7pPHviCVduPkv5hgnsCZTnPfJxgAYxWW/xP+JsshePxx4lG0lcf2hcAkHAyCJBj5SSR36ZAxnlnm3hurunlGNasrJ4iK0XLZ2XzXl0tsXDKPFxRcZZ7lak2tVg5PlV4b3Wv47aWPv2P9jH4opD5a6t4YLyMSpLOOeTyS5xnHy5ODwORjLU/Yz+LTJK0t/4Zb5tqETsoyG7DzCCAuOi8HkHmvgR/ih8TXIQePPEwLPkl9RuQoABxkh8jheMng4ye9Nb4i/EteJPHniiUElgF1S724OV5/eYHIx8ueee4zlDOfDhP38ixcr2snibfy9ld+d36arS/wCxPGPmUo8SZZFPf/YW03pZK1nftq1srJ6H38/7HnxYkkWE33hgJECCRcFcsOduPMGQOmSMgdd3GKFz+yX8VUZFhvfCoETBWJvokZvXh5cYzgZIxnByM/L8Fjx18SGYM3jXxSysCzbdXvCVBYkcmU5PuOMA/wAIJahP4u8eSShx4t8SM4bnzNVvBnAzkHzQD06HGeBz2mtnnhu4ySyHFppaOOK78uqcuZO172vZ76SVjSOQeNPPFy4myrl5k+X+zW203HRNSTs3qn6WPqn4p/BHxx8PfD1zruttpWo2drOgmSxuoZGthnBdwjH5STgdOv8AwI/OmhabJrXiuxtbC4hjk1NMREjdFEzYchiFxlRyCMknHyjjPG32teL9QR7O88TazcQ3DL9ot7u9uZYCB2ZHdkbcTkAqMfePynAq2Gpaxok0D2s7W95aSie0uh8oj2EAo3qhGQcnjOCfX81z/E5VWxanktGthsM4xUqdWcZyUr6tSSWjWy0s7atNH6nwthOIMNgPZ8SYihjMbzyk6+FoyoU/ZvlUYuDbtJa9bO6SXf7Sh+BnijUEjf8AtazjhVQjM0ThwdvJwBkgkfXJweTmti3+AHiSdRjXNPVkXYAUdWkOMFlJAxnbzjJyBye3iumfGjxwIIpH1UktGkjFeUzgBhgDPXn7w49jx0Ufx48YwvG41BJPKyCVRTzjOG49c4OAcEk4xXg+2xV0lVk1ez22Sje92n+et7PY+lk8PZOUJX0u7aWTTSXvaXvfRPVvdWv6dB+zd4uaRFi1rTVkllz+93NGFJK5HYg5wQcYOc8Abehtv2TPiA7PO/iXQ0ZZwYg29iN2DuwSRjJJAOB268Hl9F+P3iMxwLd7Xt1eN+Iv3jngsCdvQ8ZBOfc9T7x4b+OsV7dxw3EcibwFjLgKFLBQdxAPy5OM+mR1rqgsZOKjGrfZ7K6Wm1na27bW/wB5inhFLWm3G6+XwrbXXqtH3dm7nnl1+yv8Qw6umuaVO8CAqY/lVyerAA45xuywxmuevf2XPigsqSRX+nylAWOZQmCedgBcA5+769z1OftrS/Gdrcqkkk9sWdQyOsqfIDjA6ncfb1HTvWnP4rglfEU0TtHliyRtI5IAztVUILAnCgbhnggAE0mscpOPPK+iaUddeXr27t6s0+rYacouNKVvknbTTXlfZbbrzuvzW1z4A/FTSIJ725+zvGjgZSVP3fbJ+ZsDA3ZC7RkE4Gc8O3wm8fQTFZZ7eN7hAwLzRsAD975ieTjI6dwCRX6ReLdXu9e0+60ux0XXL4zqjM9lplw7yFCMRpsj4LAcHrzyO9cxp/wk+LXid7S28M/C7xfeII1KS3Gh3iqCSMKZGh3dQMEkAbhwSRnopYbMqkWnB9NbNPdP576JbW1dtV1rBYbTXllo7O11eztr1a/PQ+A0+E/j+ORDHLbsTINzeao3c8Mckno3DEYBHfjOgfhN8RmbzFjEjR4ZP9KUKegKgFhweRlQMA5wMDH6naB+wZ+1f4wcfZ/hle2EZ2+W16/2NcuP4y+w8EckkZ6ZzX0H4X/4JQ/tM3qpP4iu/Dfhq3ZFLC51MyMnXDOscpx3Hfg544J66WW46dm+a+j1s7q8fW61Tab6bWatnLC4VRbbWmu8Ut1p9zV29E72vc/DWT4U/EcJFKYJ1Jbedl0Nq4wCOp564OSeSQWIKiK9+GfxJWFQ+nOqMwAf7WoLE/xE5OehwcjvgDNf0Yaf/wAEvLjS1RPGnxo0W3ZBiSHTyzAk4+X5jngDbnIycn5uld3Y/wDBP79mzShDL4n+IusaqI/mljgn2xsATuCLuztIB28bQMjt8vfSyLMKiVlO0bbRk1b3ddElv3+XnxSWAg7c8VJ2s+ZPmbcdG+7W/bU/mHh+G/xFtvnEdtFllaRpLuMggYG5ssxJKjpkd88YrTg+H/xKmZWWawMTEiNjKJADnsFJPByOSck4A9f6lrD9m/8AYW8LSO0+h3uvmNcFLyeTD85AVQzAZ4HGSACMc1vQXX7J3hiNYfDPwa0WXyclHubJJ8kKSu8zLk5YDggk/Ny3Su+lwxmM7WVRLdNR5b6RT6rS73adr363MJ4nK6UU5zTWllHvdLTS29tPn6/yxWPwt+LFzdeXa2VxeyOwGbTTby4QgHrujRlHY5OPTuAPUdG/Zr/aM1efGm+EfE915igKLbQb8iXI4UOYtvzAEYPfBJAIr+mW3+PXgnSEMPhn4W+EtMG0bCmkWPmqQzbc/uiwCg5yBn5emaim/ae8ZLvh0nT9L0tBgqLbTo4sA9QnlRAlsdcHvgjrt7o8KYmSSqzcOZ+851LK/u6Wjf8AO/poYzx+WRj+6jObcVok7fZSVlfW/LbXt3P5+/Cn7CP7YGu3LC1+HniKFZADG+plLVQGIyQs20gAHlccMACMV9A+H/8Aglt+1rqsgOotougpKAH+33sTGNADk4RwV2gnB6A5OCBmv011n4/fF/ULppI9Xv47beQBDazKFB6gAKDgnABX0GMDmrenap8cPGeWsZteuImXazK0kaOASPkPG0jOMkjtyOK7IcM06NNKdeK97VubkteXVaq2myb8upzxxsZpunhqrvZ2XNe6tbVOzav59721fwLpv/BIX4sxSPJ4n+NnhvSVYjKW8k0rJlRuCkybQQPf5WGMcGvUtD/4JS/C/TlQ+NPj/dX7AAzpYSpGhIbJA3uQARgfwjIOM9T9a3fwc+O11AZ5LPWLlJCHEcl9IWReSdyqy5UDP3gM8bcDmvTfhx+yt4j8YBP7U8Q6VpF6GBlsNRu5FuUIOCGjdwXzt6qMZIHB6S8oyrDx5q2Og0rNqnHn/lutOa11bs9b30NKLzGpJRoZc5czunU0W6W73uujaSae+x8m6T+wb+xZ4TlL6hruv+JrhFyw+0yOkjAk9UfGDkZB9gPbvdK+Df7IfhXb/YXwqGrvEm5Jr+SeUbg2SSh+UDdg8cYOFHYfoVpH7C8NtOhv/FenhWB3CHGBjk7XYnJ9yw5G3ocH1vRP2Lfh3A4fUddmugRgrAVCY6MBjjDc5zk9CTzk808Zwzh4r+LWkrpe5Ozula+iXXTdLvsj045LnlezlSo0FptKKfS7bV/m79Nm9T8ybbUfh5pEZ/4R34XeEdJVWO0zafDNKhGCGZZImkx75zxwVJ5tQeOPEM4ZNG0/SbKIsCI7DSo4myOFwFjDbV4K8Hv6tj9fdG/ZS+A2nOJ77T475exupjlsEHorMD05BDdM4zwfSNL+HvwP8NuBp3hvRIsgL5jW8UpyGAzmRCM88+oAI9K5f9acrpXpYfLp1Iq1lKCirWV9W29F19ejOhcK473ZV8TBRsm0m79H3Vrtu2+111PxNbxV8V7jIthqpHCh7WwucYOOAEXGMg+/OPXOgtz8br4pA9r4mmVwFRo9PucZbGF3OBgDjOTyAR2FfuE978N9NhdLCx0MH5tyLbWisSOTjKZBGDx+XX5uK1b4ieF4YZLZNMhdQQFNvDHGEIzkqyoHDDPPPUdKyfFcpRcaeWwpzaXLJ2a05dPdi1f59Wrb3HwwoSTniJ2km7p7r3V3tvfurvp1/J21+Ffx91wYHhTXpVkAUXRM8QUEABtq7FwMhjhSQABjqa9C0D9kr4+ajEv2i2OnxP8AP5lzdF3ZW7OjOWQ5ODyMgDGM8fc8vxhvPD0cv9i3UlvEo3Qw3mJYcnHDMcsvQnOcY9xxSX9rZNPaKHxBpIkyu6S+05keNUXGGMY5bgMSPXnk5xzVM5zyvC+Ho0Yq1mlF3jpHVJ8qaa8urVtyoZPllCV6tSpK7tq/dv7q8vVO3S6u1r85aZ/wT/8AG9+N+r+L4LNnG50BlkAXoykFiFIJwAMc5xnnHoVh/wAE5vB7CNNf8XahcglWljgZEXdxuKFgSNxA5zxgAg4BHvOn/tR/D/VkHk+IYI5uWNtOUhuCoAyNj4LZ7Y5z0PFJqP7S/hCMMsV8s7qu3GAOMDhTjAJz269x1rzKmO4nqN6zV0n7tJJLbrytNdrddlbf18Pgsjgk/wB29mnOXmns29mk9nuvI4Cy/YR+A+kPGbuy1PVWjZDm5uHVHIwAG8tgACAM8464PXHokf7MP7PlnCEbwTpzr5flB5JGkk3cAE8kkg+pJ3ZriNQ/ad8PrGfKDMGJJiMqDOOnyluByCSMAZyCVxnzPU/2o7WMuLWJEyWKLIyMduQCBzgcHgBTn72BgVzrD8R4ltyq17v+acklt0TtZaLVX++y7VWyKkleFG6ty+525dU+XXVRuvXXt79ZfDD/AIV601z4EPhvUtPXMkega/pNnIsbMQPJtrlI1lUBcKGlYnPGcYrc079oHQdCu00rxn4Rk8E3bMqNfWltHPphIH+sElrHiKNhyN/PBBJyc/Buv/tX6gztH9oW1DKSiw73ZhyAPl4ycjrnnpnofEtc+OGv6zLcNLdXV6sykC3aEyRtGxLYIkBXcRkNjGeO5ArpocKYzHQf1uUnfRy5pRlHRWaTvfft6HLPiLA4RpYa14u705U/hd7ataPV2XboftvpvxH8H6/C8+h+KNJ1JUUlltrq3ZgxHJkjBDqQCQQx+Tn+LFZmoeLPD9u2JtU08qwBdmmRtp7nBIIx6HjkHPSv5+rrV/Eou5bzwxBqug3kmC72U00EUpJy7PEGVDuZuTgY7VqW/i74qXEYttVmupJB0ma6kRfLUgAOu7G5uScYPPWuN+GLqVeZ4ySpytaNm5LbtKzS6qzvrurpdMePaVOKSwsXK1m29N4tONt3q21bXy3P2k1v4n+B7B28vxJYiUbi8MckbkEZJ4BJC89MDuMjpXiXiv46eA2hube6urbUlYYCFULY55Vhkjn0ySM8lua/LWbSfGd1I92dZjsTK4ZlaWSRwpYEqd+eDgnkAc5xwKcfCU08qvqXiadpCBuFuDzzng5BHPbORzXt4Hw7wWHlHnqzqSXLaV7J3td2dnq7tq8k+l1tyYvjqpUlFQpRgpNarW2qW14tNrps7PqfWus/tJad4Z83+xb17e1fcy2bSEnLNyELEkKAOB0IHcDI8+vP2nH1LzWl1OeFHDAxysSpwMEqoOfm4HuQT0HPhj+BvCiuHuJLu/lUkn7RLIF46nbuwAccfQcN0qU6PoMQVU0yDKj5cgOFHQZyCRgdT+fbP1dHhHLKdl7KMnBJXlFPotb7JXVtNL+TbPIrcUYqbS9s4Rluk2tW4dd1fW+j36WsO8S/FG31JpbnStT1S1vCxLfZ5JxDI5JIJXdkdwVBXjrnnPAQ/FzxI0wttQubqRtzLFcyM0ahQGA4PLcADJ3HHI6125sbKNXFvZ2yk/KyiIBTluM5XAxnt8oyRkjArndS8N6fqCvHLCAx3FSirmNjzkMOSCOCOpHQAH5eqGR4GmkpUqbSta9OOllHy30WnmcTzvEykv8AaKqUleydldONn2tvfbT5WnHjjXLhUCauVyFK4YEbDk8Y53YI4OefrtNc6lqF24d9Qk3E5YyM2CdwwVXdyc8bRkHqQe/GzeE9StC89lw8JyIi2flHAZSQRhwAeQeOuSKr2l1qCXCxu6tI3DwnAKMPvdB2PQAggg9elQ8qwalanSinfmirW3tr0sk+yer66nTHNa9S169Rpr+Z3SaSV+a11d27Lbe9+1/str1juupBL0C7yq9cBgQQeAxxjHXOM4FULrwjd5mkfN1GeApdy2QSQMFiDnAxnkccA8VvWN0kSqWUhiAWLEf6wdQBnJx24zgkHoBXSW3iGxjkj88nhgq7VDLgAnpgNjPHIzyfl6ZynhXD4aMW7rRLfVXSdrX2Wl+2i1LWNUm4ucnezceZ+V9OuvprszxWbw7YMklrd6bFKpBWWO4VSrEg5bDggkexxyOpNeWXnwd1LStTHif4a6vdeD/EEDGWIWs0i2d5tIYxXMSN5bo/TbIpUAkYyTX2FqF7oerDyzbOXUsPNWNQwLZyARk5HzEEAZGM8hsc7LplrEsghvTEmw58x1iCkH5QXfA3dDwD0GevGXslOLUkoO6u01Hlty6Xe+2mjW3VG6xSvFKM5K0VZpyVtEk3rrqnqrWsn1Z5DpPjbwp8RzF4M+M2kReBviRDiDSfFFugt9P16RTsDGYBY1nkYKeW5Y4wB8p2ptF8W/DK6iXVbh/EHheRkWPWIkaWfTUJ+UXCjIaLBBEoG0LznH3sX4m6X8P9S0gW/ifWrOMrGTDemeJbrT5UBZJ4ZdwkLow3KQ2cfxZIri/gL+0JpdxqV/8ACnxFrtn4q+xCWPQtQd0nOq6UgKm3ui5bM8S7VUksxPcqC1ebPF0KWIhh6laHM5JQ99czla6ioptPtZLV6NXaLUK1Rc8KUkk037rdrcvXS8VdaO+zWl3f6Lg8S6eYluBcCRHQPDKm2RXXjPCnkHgMT93rxg5p3WurdYeDz5eTlEj6g4AAAHAIJXuD0/vZ8+8V+LPh18MLW81+/uYYfDkzTu0M0ok/sy4TO+JY1JbYGJVEAAJHGeK+YNS/4KE/BbTXnt9Ke4u5lZ4oEsrZVWcKSN4aVTtOOgAYjsSa4szzbB4DlqYmpGjGPNJym7LlVldNvVaWvtfrvfWjSr4icacYc0m7aRb192y6XTezW9rbu59hXlxrNywWDTf3QfGZWCKQ2MHJwTjHU9v7ueMwx6jDMxv57O2zgLHErTSbB14UFdwPvjPHvXxJbftg+JvG0k3/AAhHwt8W+IkLnyplt7k22GBAVniRUAHcE857cZ90+HHwf/bs+PVjPqHh74cL4I0aRlFvf6zKIcws2zzYkkxNIB1DAHgDG0cj8vzvxr4DyaNSpjM6wUOWXK068JPnulbkjLmvzJKKSunorJXPqcHwVnWMjGp9WqU6aV/aTThFxXK1LnlaKSV3bm1fTqe3DUVtnLSX1pBEFIMk8ZErYUkkhhjAUjGOvXHU1zmo/EPwXpcbza145s7eKFiwQzwQMMEEgAsp+gUHk4O5gc1vGf8AwTr/AGhfD/ibwNoPxS+K6W+n+NpRbnUNCMgis7p1BWxbcSTPKX8tCTtyvQqCT+gHwp/4JA/s6+Goln+KT67481aJFupTrN/cC2VjghNsUgUhgQQGJx2xkY/IuIvpccF5RKVDAwxWZ11Cc4xo05xhFxinHmqTUOWLWsU7vZqLvr71Pw9r06NHEYrE0aVOs7wam5uooyjGUo8t9Vbrazsl5flzqPx++FpLG1urjxC6kiGO0juLx5pMnAVoww+YjaAB6LzWro/xD+KfiRI0+HHwC8aa2rn/AEaU+Gr+CGRWOFdZntguMlWBLYwOD0r9d/it+zN8KfhVe/DqP4T+APDOk2kl+rmOTTILqSeWJkZFleVHYxkjLFzsHBIxiv1j8C+G4bTQdI8qOw0yaHTbWS4isrS1gjaV4kaREEaKoQEkAA89uuR+Az+mxnGc42vg8n4aVOUJSi5V8RzycVJK7UIpbNOPvel9LfT43gTKsoy3A5hVxFXFLGqSjTV6Ti6fIpXioyajzOyvsn2Z/MHoPwL/AOChPxBhzofwQk0CCfBSbX7+CxESORyI2aKTC5Bw3JwTtBII9I0f/gmT+3j4uif/AISf4g+B/A8cpDPGXl1KdRyxCGOV8MqkgHIBPHOBn+jbxl490HwVG1x4j1y0020EAMXn3VuhkIUkhQGVs8cKCScHjjn5G8dftdfDzSJPN0fWIb15InZ9hMhyoIVlVcqCzDjC85OemB8xmv0kPEjMqk6eEw06bu17LDUJzlJy5UmpNtLWz3Wl9r6LLeGqeK5ZUMvp06crONas5zW61bfKu+lr6fM/LTTP+CLvjHUp4bz4pftVatDYRkvcWOgQG2JC5LKnnYABA+XIzgng5yN6L/gkv+xN4MNxd+LfGXxD+JGqtFLI9ne6kyQuRkqVEJGAcncSdwLHIwSD7vr37Wlxr91PJbwXUjDcsJuGMcKgnblsYBGOVznB2nvXi2ofFrX9Qupbh9XsLKF1/e7drsisfuKxwSwB528ZXjHUfH1uNfHjiFTpxxFfA4epNNVJPlrqLafuqndxWtmnez3Vj6ylw5kmBlGrjK1KcklzUaMacad7pO7km3rf7Sdr37HgviX9iL9nSxt7uLwR8Obews1Zlj/te8mubkooJJQPIx3OAPm6j26V8k/HH9kXw/beCL258Hadcadqdm6vY6XpyIxncn5hJt/eFXOTgk4IPykjI+8Ln4iaDFcNPdavLqFypO8tcLBABhtrKhZRxkeox/wKvMNe+OekRagNM0TTra7uJWZN8k4cyTy/Kqpk7mOTtAHAzxnPH6Pwf/xEbD4rC1MfXxuNSq0nVniJycZNJKa5ZvlSlfotrPXQ5szo5LWi1h1Cm7JR5XaV2kldRWqTTb1fe5+A+veFfEHhfVJNO1zRbzSJVl/dreIyGUqwVpY9ygSIc9txyemMCtHR9Ma61gQAswKK0pIA4AOQvGP4R0yMkcYBB+pf2zLnUG8d6PDqNrMmpwaYbsW7Kvkwx3GWCBgMsFzkZ9+c818oaV4l1KxK3S2AkuDiNtykkkuoAIAJ6ck9sZIJG6v6zwkY4ihRrVIqMpxi5xXRpRvby1ttdO1ndo/M66qUas6abfLNWadotPlevy10TsrbM9O0zSIWvJI7kiOCMB8EhSwGMc8Ej1GQeMY6447WJL/TNfu2jgMmlrtMQGxsBuSR8uSG9c444J5NSt4i1a9bLwLBNuAVVjbBVemeACoPzHcMEYOegbmdRv8AVJNYEUs7bmiUGIIzKx4GB8p6DJB5HvXpRo0lF8ul0tUrSW2nyTvZd79EcqlVes4pRT35m3dtNaXSaS8993od9ousaZ58U9zbXLB2K/Z2BC4wMZwB8owOvQD6V20GoNe3ebWzsoCxXyhIoZsJgh+TtGR2YAZHfGa4/T9AllgG0TPdQjepSNxheGOzjjK4yTxuwM44OzpOia7LqH2i2tpkjEY5wxVduVKsWGAxC/MRyMk9RgddCnGkk2rxtBu2rVuVN630jpfolo73CMpzkoJO/u6LraUea61SaST3Xe70t9N/BHxJH4W+JnhjXtbv5xb2N6Lh7aBC0DAo0cK7MFTudsNk554xkV+tvgbU7DxHc+HPDGhRjWfG9pJrXie80y6l+w6X4Z0y9/efbHVigMjQhdwJLnfwAQDX49/DzwV4tuPEmlXdho82oywFbqO02NKkixMGUzuF8mFBuDEsVACjaCQc/Zvho2+h+PDIbjWrrXPE1vdv8TfElrdtZaT4d0GONBHoel3ErJGWIURzMCAdwIxX5X4iZFDOrSpO86NKXuqKevNG0pNNNLX53ta+p+qcGY+eAw84VlywqVIyXOm9NrpWetnpdKK310Z99atovw8m0+XSrvQrvUNV8Y2r2F1pWlhrvSzaWgma+/eDdGrMV3SzyHO0gKcYUfz7fEzxzqXwu8Yap4a8LRwWGm6x4++WyjQCe2sLO6CJEwHCMQSv3RnkdCM/uZ4T+KOg6p/ZOl+CPC7ie68O6pp9vq9zd3VvpHh/RLGKbzdRguZ2Vr7V78D94Y2dSzcFkXI/nl/aK0TV9M+JKeJ9T07U9L0/Vb0XujG8WT/iYpFqEizXMDuCJYpTHuWQbtwIAOQTX51wrh8ZkeJcJupCU43tOVnJxbvaNrRVn5t77H02b0qeZYWpUUFOCqKzajpzqL5tFpFXSTTv2t1+7fiP8OPBnxRk8SeIfiJo8uo6d4W+HWlS6XDDIFuF1TUVCrJCMgO8Z+favTJ4715Le/sI/ssXPw8Txr4c/aMi0zxzFpsk7+DNTtomUXTwrJHZhYzuMgdtrMRxt6EYJ9UbW9R1D4S/Ea+mXUZLjxRpXhXQNFttOtZJ57F49gMruikwmQZBOcnPHTn86/Fr3XhbVJorrTrzSdXtjBDdR6gki3BlA4meN1BRpRhsSDoST6F5v/b9XOKlfBZvUwqmot4SMlOlypQ95wfvKV25e67dF1ZnleFyd5XThjcLCc6FRJ1GuWpK0Yvl0u3F72unpv0fnev/AAEvNMM+oL4m0W7FskpuVjUxSF1LFNucqxK9eCOSQBkCvGbnT7uwaE39sYkZpBBIVH+kouQXQ7Tldy84+Uj5ck817yPEGr3lwPtkkN291KYYbKGMvLcNJhEAjVC7EkgkkZOACteh/tI6BpXhL4e/CzT7nTxaeKL20m1C+CJsmitZgTFHKrjcp5XP3Q2epxx7FHO8TGph8Di6ka9eu5LmSUWuRJuUo3emjWltd+qPOzfI8BLDYrMMDGpQp0YptTu4u8oqKV27X1srrXrs18oadfR2solL5LF2iVRkDjGWwCOTx0xnOOc4147i+bMzk7ZpCwSMqE2bs5PUjgYJAGBnHPTJ017KdUJjwIlZRl9uZCMgD1DHjr1Iyc1oXG5vIWaeO1hCMNqn7oGAqMRjqeO+MfKDuzWeL9+ryON2k0na178ttbq/Klpd2vbdHwsJPlXNqtbJaN3UFfV23Te93bba08WoW8tyIhGyqrsHXdtD+pycZAPPPHt66Ur2kiESMpVcBI1PzfM+AsjE4UDtnr361xDxpbNIskoJcF45FbJ2MQMg5LHJIJAx3HBOK7LQl0s6bLNekSXDSxR24DAhgpGFkBwW3j7zMN3P1NeVi6LpRhUilzJ80lFJaJpp69U1bffbuaQnF6Sa9EuiS6a2136LRpamY6RWrSCO2kIuG4CDzH3E8kYUtwDwoOM9mxXp/gP4Q634uTcwfQrO5cCK8vBg3AK78xr1ZSNxyBg84Iri7S6Et55LW32V/Mxbv0jhRT8zHJIztGMkYxwMcV6N4X8a6++uW2hXuqztpiMWiltlOYYkAG1JMAICByckhuAMZU+ZmWMxSw9sEqdGoouTqVYqatBXlyq+ttba2XVW36IYlQuoJSavHWKdrqOiT10s7bbrorPvV+CHh/w7fWk1/r02oXVoQUsYXJSXBO+Z3Jwqjng44BBO4cee+M9Otpb6SDRruR7i63QxxsQkccaNhiGK4IXA5BOCMcFeO38S+JHu9UjlWWcWsUHkQsimN5QgIJkIO4gkEk8d+ea8e1LWzdaxbymIxpC7KAhMZ2qxBYHtk85IyRjJya+ey6pmWIqfWMXiZV5tcyXJFQuopQXuq1kn8rb9TldSnVqSbjG/ZxWuiSd7WW+t/u6utp8Gp+H72M396sNrFNH5sIcjeQvEitndtbkZ3AjnBwfm6q4i8O65eRXFlL9gvg5Z24aNnVc723f3uz8Doa4bxVqFzqkRjVcwwjEUqxtudhgBWdQOBjBJONxPSuBW51Oz3ROJEZ8FSGZQkf8ACWYfdBA6EjcAAVIIC/S4fCuty4h1FSrKyfI2nKNkmmo3XKnsn9p+oKEbtxsm16p/Ct0tr2aSavq7rY6nxTLqEd3cRzyK8UMjGKUEuzoTjeMHBUDH41ix6lNMiQeY5J2orbT86ngrgAHcDkMc4OBg9MdRpdrb6rbSNeAyyqgWFhIVAVc7m3SY3EEAepJ4z3bc6ZaGN5beSFGtDmNSVRmdRhmJXAwpHfrjjk4PpRqqMVSnFuUUkm1eN+WK5rWWrttrboupbmoxtZN2dndPVWVrXTd128leyZ6V4Pli0rT0hv7lUs7mPzLhExkYGVV3O5gc/ewc84yGJUaV9Po01sWikImDZt5I8uxVScIwySvoGyCzEHPWvDYJtWkW4SRvMALNEFYhCuf4V3Zl3DAxlucEDODXR2093HaO12xsnjj+VTgFjgbiARvLZ5wex6fdrwsRgVGtKp7SX7yzcFpHXl01bTSvdbNW0tYxVK+vKk3Zt3f91K11Z3W2rs113I/EWqatd3MsUl2ogtV4HdsYONhJUsMjlvUdDnPT/DpLrX9btNLjt5rqK4VI3vG3KIIyx8zDDgZHU5H4VwuoXyi3gudomZj5czvGd7ZJHHAVVHUk4HQsOa9a8G31ppOgR6pp08q3khY3L7khRYlzthi3FS3UqXXtnJJJB7p4meHwFSNCH7ya5afXfl1cbNNaq6TTdrrulKtKEOVxlppsmnFtPZyatazslpbSx9A+K/FGi+GtHi0qzW3uL7TysFvA4M8IZPld2D7g75Jx3HUEA5HznqevzaitzJfb/MJdY4VbahJwAEXGRxjC4xxj3qnr+sfb5f7UursRK3zpBC4bJXk5YYBJG0FsZBPIxXMwyQ3MqyRLJcTXAbaGkBMT9FBUE7WJ6H5WY8kHGW4cryx4WClWc51ZLnnKbulKVm0kltaS21STW2rxc5T095WSXK9mvd+zZu9rLZ2tr0R0lkxvbeO0vrmKxtYjh1OPNUNnlfu7mVSWboMbTz3rahoOuRQldP8AJvdPbEcUizIsgjJIUnbyN5I2jjkc4rg9W1K+0+eS1e1JljVljwrvgEZyzAnJIPQkFsHOSMKzRNc1Vz9nEV88x2utrGrMCVP3WUAlRuJ2jB45wMV7DwtSEXUp1IcrSk4zXuNLXS6VtLL7tdjWF1okmna6baskkrW1S00srWb16nqPh28bw2PO1ApLcIpNtaq7OYnTJLOrEg7u5GMDBzkDNqXxct8ZH+1yo8gdmjQZwxJAVepCqeSBzxk8daaaZJqN1AdYtpIp7iBWgt0RopGyCpE0mMBscAnA7EY5OUmlJFqc0HkYt0ZUkIbdJHCP9YGKkgFhkZyMk5BznPnWpVKnPOMJTg72V+VL3bKD1tdW11s7WfeJxlqlFLS1tdG1H+V76Wt1VtVsbUGmQ6xa/bL6V0zII4ZRKkYZlJIZ+SMAYI7kdcE5rqtFutK0OBxEy6jqkUyktNKr26Rxjcvy5wwXkYPUc8nOeT1O7t7OKWCzsGjgeEi382TiIbeXJyw+Y4IPJx0yCM8db28lzHGtlA7XLMTcMZh5Tbs4ywOBnqm84LcAZyK9GjSlWpzXNKFLZRvy+67JXl8Vk3tonoulxOg3GKcmlHVNPl6WSclFOydt9dLdNPUfEnjCXW32WNwsbBA9wFZY4TtyvlqkW35MZGDzgc/LiuB/ta+t/tJS4jdnXO1uFiOMFlYHKkKM8E9MggZB5s2bWU88VwjxKoKqwkYBmySwwCd+3pjJBxuwe9SR5JZHQR/uFTe8hYqWAXA56ndjBGSfUgYFdVDCUqaSpwilKzfKt5Wir2stNNbp33sntvTpqK0S3T+J67Ky0vZpdbpt62bMH7Qn9pXpZZbiWX5vvMEO4rluRkA5xjGDgc8VqWtzLIRbR2GSGJjQgBQOfn3DoM/3m6k8EZJpKk84ZrSFmlkcQxFI3eXByo6KQUHRWOc5HQjNdHZW6WFs39p+fDeCUxkNgO3GFTHVF6HcwAPX1r1H7tOL5Um4XjZL3rcttZXtf8U+jTZ2KqpKFk0rrZR2SW909Xq9fzsz2v4M+BdPvbm88S6tGiWmmDzbeISN5325QSJNgbJRCuSOwAy2Ste13XjbUkjkt7CVLkziVU8lSrKSSqq0zk8hMHgrkH3APmvwj1mHTtGvI1t/tF1dyyRT+Y6kJAwYgkEkDgE7j64Hc1ha14lN1qAtoojaQWs7BFswVabDEtllGBwu8nqccfeIr8zzDDYrGZviHWpxqUqCjGkpu0Y25Xqna/W+ju7LqcTputWlKztDRK7it4/EtE11el29NVqV/EtxqUoljusQum+UygPvklJywLZwzjGFGSeOcAEVxY1mRUW1ST7Qw2siSqApcnkAtkMR178nOTjB6e9v7+8tibZXnR5S0f2mMIAcYwruuGfPQdM9OpFcPFFqMshM1kgkBaNHZfKCOG4QISAeA+GK4HGM5zXbh6CjFRcaa5Un7qs7pJptKy7dLu6vrqvRwso8vK1FdE7Ppy6e6+jateNtL3TbTZci9kuSbh44j8jbohjgDKxgLg5GRuy3b35ZaXH2iRoSjDO4mR2wSUwfnIIOSQDhsZ6c8mutOnILFbzVBDHMrYAjYFkz91mUt8zADOffrtGa47VbqzSZFspJJH8w+ZJtwxQEEYAyCDnO5c4GcHOSO7DyVX3Y02+Vq8rXi/h7pJaXv3atbY6I4lybio72WiWqtFNbJ2tfSPbRnSwTWkdqUmlU3KgEABsyKc4iXBG0gHkk/N9c7bllcWTRvCLeSNk3SqjtnLj5sHPJJGCBkjjj0rjIryCa5xOu3bHsLD5fLOMKWJ4yTkg8gcFjuxi1dvHF5dylw1wiYU/MBtPG1SoI3FOmTwcEbcYxtLCXk4+9fTWya1tp06Wd+vodFKopqztrZWdnolFN3eq0V9F116X9HsW8+KKaTajQMBuJP7uLdwCi9D6nPccdl2YfGQs9Rc/aWjaKEqhjUhCo7YwSVI3A8YJ7/Ma860bxNZTItrOu9H/1jlgpJXO0N2IHHQc4PPJFTaxPYytDLGmUjCrJhwGkJxtAA7blxyMkdvTg+pOdRwq0m1JRs3dvRRS2V92tH6mNaEZWUuqW6vomkr2779+uq1ful54nOr+FrnbPDEu1FRvmEk5B3GMnP3fXAY88YIrxK6luraNzC6FWcYVNzDd1JYnjAJPpj88QS67cR2M0FssUVqkaq6MAZFbHLJ6MRgkbvTvms7T7+Ly9r3Cgk+aFIBEqccHdk8k5JyORxjIFXhMA8Oqto3UpKWuklZRS3TvqndNWWvXbGgnRU+S2tpO8rbcqa115X0s10VrmzFdXViP3kfmtMpf5VJRiV+YnAwDxweBnnAJqwusx20sW1CrMSDDgMoYjqWb7pzweenXFer+FtOsZbNLi9jiZntw8EkWxwhLYMaxkYJYDBI5xxwQdvQSeDfDPiESGSNbBLU4WSEqk/muAAHUknaWLAE56YJ656qcqMtJwdrWclol8L1Td+ttlpbXV3wq4+knyVIpXavppstWrLS+7v1V27Xfg/wDas5a5YDy7nB2ylm2KGPCnGV4ByOeDgcYAOhomvWdnIYprQ3RuSC+5i6gk4dkPBUDBIBwQx4bBrmPGmg33g/Ubmzu5nEDOHtcsJBOjEbC5yQG29FPC54zznh7bUJYpxI8xjdn/AHRJbG05GCCcEtnoPQDBJr0Y4GnOlzRb95NxkuW6vbW6XWK1vpqteoKEJq8dL2acUm9baWe2i0XdvY+iPEQ0SS1Bt4vJ82EMI0IcNLzs9Sr8DO/r0JIrwx76eB55pEBe3kZVU43EdFG0g5OeuQR15ORW1Frd43lWjwXE8bMCssUErMzEY2ghcY6kYI984OMmYzXF5seznjXewwbaUmVs8AjAOTwCSAVxzzVYTBVaKlFxlUT3lJP+aOist0no1bTRLq+jDxmrxcKs4tXaalprFW2tpdOL63dtSFvFVsDHNLaOJBjbJG2Gi2/eHy7RhhkFCSONoXIroT4p8P63CoureNrpIvLXKojAJjDDgZ3BgSO5buTXl3iS2ERBaGfT49zIwaNkG4nAOSCpU4OD1Ibpmua0yXEnlxyPEYZlRpLmJ4/MzyNhdBu3Kchsfd5A9fTeWUp03VftISgk92mnpdNPTRXvpq9Laa9EoKK5mpQbV3fRq1mnq7Xeurt1XVHtElto1xAy20BQSESBgykrJ0+cNkbcnHHIGMg7uYrnQNUs7OO70+P+0lJaWWKPa3ljBwrBRkHDcYGAenOGG14U8B+INasnu43jt7dJQVacMhuFkAbK7hyhGCMjpzkmvS9K8O3GjTlW1K2WEyIs9sm12bA2svzZOWGQDkHoNwAJPz2Ix0MNPljWVWUXaUJJN293S6Vr73t1vo76cc8TKDtFbW30aWmi6Pz3S1smfPNr4d8Sa3dS7bWaBlj8wRyo0KHJASJC4GQWKgg5+nINdNofgLxNFJcLNaR7lTzGSEh5gf4QFLHqSOcDHX3H0TdtGwEyTolvaKRGoVGmLHoGAGduMEEkn5s5P8UUup2Vp5U1l539ozjM7ooDbT0JzgIB/MDOSDXLUz2rLlSpJJK/X3rtLdpe7dtbL5JO3FLEzjJ+9s7819WpOKvHVu3RNNebbsfPepaWdPvS+r2dxbXVsqyKJm2s+Osio23d1HH14A69BoUcVxM/l7GtLgKbm4mjwFXkhAVwAflbOTnpgDv7TdWnh/xhpOo6dq9u914pEH/Epui6IIQgLAzOuFIO0DaTngEE818+2Zk023vtOuBcbo5JfOmclQu1mX5HyAwzjABJA6rjFKpXljaFm1TqqK9292l7tldLd3srJ262Mfr9Gc3CVSKlbWKervyvVpJXtZO3z129p8MrYw3yrpssOwMGkkZmHzgEqsfOfkbPzA7d3O6vX9chl8a6XZJrN019faWogs/PmeQQwdERWYttAX7q42gBQBjNfJej+JHtJfs1pCrQqUCzcljJk7sdSCc//XxmvoPSfF1pbwQRxxSASqv212wNjqgyWZxtOAvABHOOp4r4PMspxdDG0sZQd68GuSSUlrK11Fv3mm371rRS7rfeljIwtTU3Z8qaV+VttL3Fd3tbdWS1Zx2tWGl6VMLK5tzNJDxcqoQZUHpwvAAwSoC571z15p+lazCLCxaYzXBPkIiiIQBf+WZccZIGMk4OTgDgnsdR8Q6Nf3kkbxfalklAuJXTa5hPytsdSRwQASMHbk5HbVeXRtMjZ9LsY4rg2x+zebtlBRhzI4OSu3G4kA5Hc4wfUeZVqHsW4VPbSUVP3nyxknFS21aavd6a+Rk5c05dU1eKet7Wv2T2evR32SZ8ga5CLTUHs/s7CSzkKSkvjJThm98gDJGOA2T0I5S9Ku6eU+xc726E7ic44B5A6ZHOG29SK941vw+mv6nctPd20DBjI8sShTK8mSY04AYgg5weAM9dteeP4c0jTrwpeyC48qUuBHIGYKp+UyZ+8AuCAOeSxPQD77L8bGtQhKSbk+VytFX93lejW/zXR6ETqRbUU95dVrZJO0ktL27y6aXT08ykur2yuPttrhJAwVWCl8lRyCmDtye3QHpkAY9Q+CXwv8R/GX4jWGiae0VnJqUwjuL68TFnbN8pUyOuBC0hGFd264zySByurXNhJPt0yIzoxYP5kSglenAAAJ7BsZ4JGRxX6Efsd+CbwfZfEejXdlbpcahbLqsMzF7iO3V1HmbASWZmJCAAlSME4zXjcf8AFb4Z4WzDH0ZwpYmOHquhOqrxjNwSTkuVuylo97J3bdrmPPBVYQnFtVJcr5dLRdrvq3FXs+uj7Xf0Dp3g3x78D9OuLXxL4M1G+0zS1TT9P1+LT5BoV2ZiUWQ33liGVQw3eYrlduWDEDbXgOr/ALQ95Fd3MPiPS7OaztLt4YIdMkVZbeNXIbB3ZLMuTxtOc8gjB/pX+JOv2fh39j698NfEKCyvIPEHh2bTvBp+y2q3P26+QpazOZVMqtG7KQykMoySV4r+f+L/AIJ/fE7xB4V1DxVp/iTwfFLpTXF/qmlXl/BBdwWcm+SPz5ZWCNI0Z4CliAQAQRkfy94NePEc5pZjj8+nh8nqxzR4DDVVOp7HHSgkpzpRlG11JXk17q5raPRdksJlWHlKVRxpNVPZ+/JLmV4cs3otHdNvZu663d7wF+034Dlt0hXULvQnC7f+JiC4Dg5Ub8DHOD05yOAa+iNG+Mmm6zbeZpXiPR9Q8vlwlxGkxXpnYz5yeM7jx169PyeufgN8RboCfR7GDVIDqE1gkWmTi+e4njkZGVIIN0hJx8uAVzj8dO4/Zp/aL0JraXS/APiiIXRBDW8dzDISg3ukkeAYmVckB8E/KQCMZ/sLKfFrJ8N7Klic1wHNU0gqmIp0qkvha5VJu7u7WslrbyNf7KpYqLqUJ2p23hOLTXuvSzt0bV1fX7v12uPFa6npV5EYZt01lcqGTEpkYxlUZW+bCM3QZAbC89MfkT8Rr21n8ZaRatfiOWK8eG4SQgCDZdFwkhbI5A43c8jBbNeSav8AGv4neBL650GfX9b0q9tJnsriyuZHkmgeMkSxHcWZXDZU5GAQM8KMeD6n8QJLzULy+vfOubmSdrnzpJW3tK2S8jnJy2WJCnp24Oa/SI8QSzWlSq0YK2jhJSTTTULcrSldWSaduuie55UsFSpT5VK6Ts76W0jtbvtstfw+ivi94k0a51SSGyuYLoxALM3yqFZYQuN44P8AwEYOOwIx1v7PGrW8vw98exSpGqx6tBIGyDkiM4PsSD1GeSeWHX8+9a8XT31w0sR2Ru+ZC7EsSo+9u3dOvf68kZ9c+EnxLj0HTfE2iSTCKHVVjuEKozvJNEPlXkY2sAM9Dg85HSsPQqU608VO15p3j0u0le8nd2Wm+2ivojCrL3OSPKlHRdNWklZvdWWt9U9PT7H1+6tJNH15p4Qytp6mORsNhAnG3Gck9sAnOOAADWP+zvdpeaR8UUih2SppNuyDK4Kq4AO3Ix+X6ZI84u9ag1Twctylxcx3EwlFxG8nljywpxGpJGFKkHKg4OCO1XP2YdQhlm+JFr9paK4n0UeXA7AsyxyLyRnkHafmxkA8jNe7klP2uZUnyvo72to1dNO7V7tWSd7W1tc8yq5Rw1f3r3V+iVm9bX63en5WPV5nZJREzsoMcO8Et1DKDkZ2ke4HAH3cGvkf9o5kh8Z2rMsbCbTIlAXCtgAAMCcYwCOBk8kdc4+oRqlpLcy/vBc+SkasUYNghguGXA2kEEY7DGTjOPnv9pzSrd307Wxayib+zSVkT7oIHC8EZOCSAMZwcYHT7TNaK9i5bKMk9U1dJq+ykn16rVW11Z5WEnUlV5U7tq2vNte7suWza0SSdr6rufMiW4jcIkQd3Ugb3AwxHKAngMAeAfx7V9JfEbW9Ol+D/wAJ9Cgv7d9Q006vJfW0MiM9t50gaLzU+8jsuCG78DAr4ubUJlhSSS5kBEgKISQwwQCMk56cHO3APHXiS21N5LhjLM5DDjdI3C4x8p7EgE8eozjjHj4erKFOpGDlaSirSeqT5Xuk9rLXrfdnrU4Suk7W00Vr2dt7ba6bpvd6HoIuZZfm85hzjGcNtXPOBjIJP454HGR9fTLHL+x1HKHd5bfx5lirKWRC5AZwM8/xc9cYyMDHwsdUSRwICW6buRnGQGB6+vPHA969r8LeM9QvvBV54BtjJ9jutRS9+z5/dSXIICKFY4y7HkKOeflwPmVLFzgpqUrRcbO6d2tNr2sk/RPVvpe1Sgptuzbtd3bs9LWbd7b9lZXex5jNcaoshaOSRR8mHBJZl6nOABgc8DnnjGMV9tfs8y3l58LPjJbOVZ20yFgXBXG0HPJwrZ+XGfrkAc+L2vwm1+FYtT1pFsLBlDPHE4MpcAMF2E5XcGHGB1PXOa+q/gvocmm+CPiZALdmS70uNYTImySYBGIGAMsPlGAckD7xbNXQxlJu0Wk+Vt9EnZXXzV7XVnbU5cXLki93qr26O6bsr22ezWy1dj5G0PwbrurzpPDHF5Cbl8wsFIKlmIXJG7IAGNvJ4r6f+EPhfVLTWdea9tEjlbwnqMcSqdxYGEhSQcEk/iQOhPbyvwVrMdtr/wDYiuYmiLySpJ/q1bcx3YAzkABecDnIOc19UfDG+ivvEXiJUcyGz8J6hIW2gocIeBgdc5wAcnPB5pYXHuWIdOSSSTs1rdXTtrfv166+R5dStK1kloldx11XLay0trq/R2Z8Y2vgnxbe3lxFploswMlxJhgCqEu4IVuuV4OM5yD3AFa+g/CLxqnirwxqN1YxLFa65p9zPMJFBMaTq20pnkKAcbcnAOdwOK9WsviFpHh27KzXEtqrtK0zPGrJGzSsuBx82Tz1JGD6V1nhr4m6Dr3ijRrC1drqR9QtVQnEaSK0oOVXgEhgCcZOCSpPIrrpYuhKSftVfnuldWSTTWj/AD02djh+t1FNQhBuLfTW1uVp2f32S6aaXt43+1pYzj416lPbBpYhpOnKyghgD9niXk4yACBwcEDJBI6/O+l6dMJZmuBJGiqyugR2ALkFMHBBLZC5yAODgYwfr/8AaEsTqfx5uordEW3dNPE0bsCvlxxRblbJAYDnIAIJAyM4avU4/AWgTWYWTRbVrZ7RJnlgaNZGCKGMgYEEglRkghgRkcYz8/m/GNDK8YqU+aak17y+z8Lb6rXfpbqejTi6kFzdbLZrSXLqmk1ulv8ACly7bfP/AO0XprzeFfg3EB5ixeFAvHysRvYkkHO3jB5xk8da+TIdHEz+egcMjbAGQsN24A7mxhRnk7iOOlfanxouNN1TTvDrNAY4NGtJNNs4FlDOUBO1xhuCCxBXI9jjFcN4QttEsNOitbuxjdr1mdpHaNnww3DczA/MDjoMnJPSssTx3h1CNanCpUTUbKG65uXfdpO9l10vbVWSwr0inZ6O9r3u00tLa+81rpf7ybWbNYf2UNNiljOY/iBI/nRqPmzbjIU4JIHHbAxkAbcD44ubx4p18iVnhVjuARvl+bjOUYBuduOnrgCvurXr7Tb7wM3g0Ri3s7fUjfWduZQC87/KXwSF4A4IIYnknGTXlzeFfAVtbrp1xZSpf3mHe4EqsqsRgktuKqMkHBJAOeASarD+IOCnFTnQrRdtVy3191K+q5m+3ruKeDTaXtOV2WrcrLZKN3a1uzS30Og+Awnf4MfH4sj5fTbMqRjIBcEBgMjOW6A8E8cHB+NbiKQqJCAflBQqThQWORjscHIJXJGa/Rn4d+HtI0n4SfGq20aWUk6VatciWRSZV8xU3YBJKDGcqAeFyuRk/BOoaZtICS7wFDAhx0BztODyVyRkZyceuT9Dlee0cw5q1FTik1FxaSevIvO129+23lpLCJU4rnUkk21ve/Leyb77PfS9ne57P+zPeEeNNTR13Z8Mawo8sYIBtZgSDjjjkYA5HQkEV4DqkjPeXjpM6MtxOm3fjJ89gA3KnGOcDk8gDO3Pvn7N0OPGurzsQFj8NaxgKwU7haTqeSOMlujY9yc8/P8AqMWy/mSQMEe5uGYnkrmZiGDZxyPl6kDOOmQPq4VoOjCUtdb20u01Bv5+etrNPQ86dNK6d7e6lbRcrtvooqzfVbavudz8GtSvYfid4JR7iYxSeJNPUrt+UKZk+cM3sBj5ueMZ6jb/AGib+6g+M3xAWAlEbWpfm2s2Srd+Rtzn2IOMdqvfCLwt5njfwXqIvYYwNesJI4pjwpEyEbyMklsbQoPJJxjGa+hfij8D/DniH4geLL3UfF6Wd/qGryyvamN2SEMAwYkKAVHI46DIHeuLEZlToWTVuumrurdk1ppvr31NqOF9rGy12d7dLxdr2s9+ltbLZHwNp3iLVhcSLJI7KCiooTsGHUnBC9Dnse/HP1X+0Zqt7a6d8H2hLNNN4Nh3s/OS0aNg4GVYjqO3GO5q/cfs9eDbQRrF8QYJZA5M3lW7t5ew7sEqM4JABPIAJIz39B+I3w70TxtN4Ps5PFNrZQeH/DsVjA7xS7bvCBSy/KdjfLyeBgkcZweL+1oznGXMoKPN5Xa5UrdLL+rHbSwXJBqS5uayS91bcurd1o3bVNu9z4ftvGmv2hZfLVyvCZRjtUccnp0yPYnOMcn6g13xPLcfsx+GLuQMkw8bXBlGFjDMrHbhccnsDkAEdxyaY+AGlRF1Hi+0/ehgrSI+Ow+8SBtBLJlSQRyDyc+ha58K7OX4T6L4GfxZp0MNp4im1A6kitIm5ycRYyfm+vTgDOcDelm0HJR512bV3rZO9rJaJaa76XEsBGGiV3dxt0Tsut1u9La21v8ADY+QLbxOCLhngKGRiMkIVJOdoIwOCc9MAjHbNfSnwZ1aY/Cn49kRbC2g2rgttO0HcCPlGMgdO5IHNcxF+zhphiknl8b2JjQM27y5VViOQSOu4HA7gnJyOtez/D34V2/h/wCGnxZ0u38S2WpP4i0i2hinUSKINpbiTcQw4OSAQMcAHAruo4+E5pqcmmn3SkmlpqtNeulrNPYmOFjDWolZaxu7N3cb2tpa93zPVbbav8+49RuTFAAvymP5mX5SeOSSCpwew5yAR619d/seXE8/xm0uIwCRG0LWlIlIfD/ZGI25bG45BBwRjJPQivKT8DNWtIIpF1a2mjVEOIQ5lZDwQinqzAfKDyB8x9/2p/Y//wCCeHhHQPhx4P8A2qtc+LugS2VvctBrPw9tNTtbfWdOs9RD2i3WorPKsoO9tzRx87MjGMVljM2oYGEalWfs4yaUZdW7p21ulZXu5addLWJpUPazcIe9JLfVtSurJqPezTvpqtLI/DjxdI0fijxFbSxqrPrurljtyo/0yYBR0HGMDIwOe+MO8NIsev6I7TIiJq1lIhAUn/WqMDPQgnORyMcY+YV+xXjf/gnF8ED4h8XafF+0Vp+o/EO41mTUdJ8M6e0cemvb6y731vA97MwQtBFOscsitgsHbdu6/EWqfsveKfA+v3Gmy6fZ6qdE1u2g+32uo2s0DyPMoQhUlOQRn5gdoPOelebg+LsoxGKdNYyMJRkoy524xvzRXut6P3u3fqrHXVyLM5UFUhSa5toq0pW06LvZ3V7r52PM/wBprWZbf4pancQyCVX0bS1B2p1+xQ5IBBwFz1AwcDJGOfnnTdVlvbrTf3qhvt1sXbYu5f3qgYYcEdcZAAGOea+0/wBoz4FfEjxF8Vprfwx4D8R6076DpDM2l6ZdXltMxtIo2Ec0CNG+xgSQuccbugz8l3vgvWvB+uJpOvaJfaHqWn31st1p+pwSW15FiVRtkglVZFAduWIHBzuya+twuZ5fjMS8Ph8Zh6048icKVaM5JO2rjB3VtndL8kfN4rLswwtKMsRTqQjZJuUHH+Vq2iXm777trU+gv2v2R9R+HuzewHg2xEmDtKsqISeCCOvXpwcjjn4xjjIlVwz7GJBG9iSoGOcNgjnGen04r7I/axnD6t4LQK25PBmnAhcAAlEGcDHA9Cct6jO6vj63BZznK4AAJxtyw4YliD3x19RgkivVxceWu0mmvd1e60X5W09GrXsefGbnFKVROTS1Vk1e33WtfVdGrW0PqS0gT/hlDXrlWcMvi63AUFipATjGRzxgEDPBJ3Anj5Xg2nEzeYTMMMu9/l2jIbkgkBRnAxg47dPsHTo0X9kXxICymRPF1uTnGSPLXOWPOR1wCW3ZBGeD8ZTyyIqAbkV3AUBPmBON5yOD8wIIAJ4HU5FRC7cGpK/Le/o0k9n+WzWhEYu+7b1b2dtVd9XstNOurPqj9kqJZvjAsUgIVfDWrncwZhn7JIRuJ646E5xzjJyK+c/Et7cWnijxIsF20QXWdSRR6hbl8BVIOBnPUc7sYIGR9HfsfT7fjGibt6/8ItrBbevzZNtLjnGMck9PT0yfmfxntufFHiVkZIwuu6m2AijIFw/Bx1GD+fHvWk2+RLRvmaTve9kr20ultquzW2hNOmnOUZauPLa7vZcr6baKz02fmN0fVr86rpsc147pJqmnLtAwuDcRlhnHBI5OOM5weCD9p/too9t488HvbyBFk8BeHyw2bsM1jGP4hk+uSeo46CvhrR4mTVNLdWDr/amn53Hkn7RGemewHoCMDtyfuj9tRSvjfwLIVIDeAdAIw2NwNmnQkEZHAw3GMEZBOLowbo1Gn8Lhp0s2ra767L5WWqNpwtOLj7rcFr5c0Unfay6W36aaHxjcG7jgLyzsVy+PlIwoBI6475IHGcckDmvq/wASyKf2RPCMplJc+JZlUHO1gxbqQQRggkZ44xya+Vb64VrWZAdzkEhTggZUjI6gfdPQcjPzE4I+qfELqf2Q/DOEUeV4n/i6hiGyAMcDOQTxg5waiUKsozb5WlDXmeum9trX3tzPpfoimm501e7u01e+t7N3v1Svayts7X0+MoVkjcgxmQDkZY4yw4A3cnH8JzjHBzgg/Y/7NHlp4N+NqFSm/wAJSF8DceVzwOcbTgD0wMV8hRZlZQxYgKMnBC/KM7exGOPmBB4znnFfZn7NUQbwd8acNyfB02CRjB2E4IwMkgEjIODgcYFGCf79X25ZbJJ9HZNJXadr+V7WvcqtSag7R0VknZXvdarTbz2ejt0PjEi2VcGPcplkAy3cuRu9QTycnnjj5lIOjqNjapbFrMjeyIGUbSScc7h1785AH8R46UXt1JIVAy+blic8fvGySTx6k4II9f7u0sUILI5kRGtZAsSxlnclSFK5BJyMc+5JNLmUar0u1blcVrHrd3089WnZbnP7yp2Sik0km9/sq6vo1bdX0206esW3wS+IHxDufB9v4T8O6hrEF14bS4mvrW0cWKrExW4SS8Zfs6CEuAXZgOfVgT+k3/BR74Laz8DP2aP2KPBOraULLz/B2o69MoYCSbUrtMy7lH3ggC4lAIfOASDX1l+z98RdA+G37LXwP8A2WiaZ4h8a/F+PT/BenvapEb/QbfWNRhS4muFRPPE8qDuBxwvpWF/wcGeKrTT/AI9fBX4G6eslzH8KPgn4X+0BWJWC/wBTsENwhXPyOGzv3AE9OTXyOB4kzTM+IK2CWG+r4DDTnSVR3c68oK0XeyShdNxb7Xv0McXgcJQoYeUpc+JlH2i3vC8YqyVk/tro127n4X/DP4Z+OfH0niDVfCPh251yDwZo8ut+J5IwNmlaYikm6n4/1ajlicEH35Hm2vjUlvdlrEhj3CVnWPzRIWbnDH5RgcleduPZTX3X+wZ4m1+x8UfHLwr4diW4uPH/AMEfFely2zybIp/s9qHVQp5eZfmKAAknHTv8nnRNbhZlGlXYS3MtrIht5yEnidkkUuFzkHhSD24ySTX3OGq16lWtScHGEXT5Jxu3K6Taeut31Xl6Hl4pQhSg43u3a6vJq1nraTVratp9rX3XMSz6q/lAJbDdCo3KqqsRK9FXAYOcZOehwBnkjioL3W7a7mYTGOVGkzIISrsQcDa+M/KMcjB9z0PpNxbSGeGC8V4QsRciP5nypJG7HVz0C4B69iuYL60c3MVvFBK6TBEcsFSTcR/GpG5d3HHGR7jNdcoKW84Rldu11dW5VLRa6Oybu3fSyOGnUqSXMo8yT3tfVtLbVrW2rbbTumVND8TfEKLwx4g1RdRvZtGghWzuY2ujanzJ3ZVkURSBpNn90gg9+PlrkfC/xK8Q6El9C9/JcafewvDNbTBZsySDYJN0oYgru3Bhg5+7xxXX3Xgm5l8M6tfQ63a21tbXJjuNDNwwnuZOquYtwBEbHqR1yQcc15Va+H7qRJXnSFDGqld0nD8ggjDZIxlv9rryTUVKcE4SnBP3W5+8mrJK+tk0t/davfW3fpoRqaN02nd2uktrJt2Ssk+j3dr3T0/RP9li5kk8DeIbya8EgfxHC3yKo+QIjBWHHAJwSOAT9RX6hRfBbxT8cP2PvioPDmn281t8Pkn8WazPdTJBGlrbkkIhZhmRwoIGSRkEcdPy+/ZrtI9M+Hmp25mjbz9XimaReUG6NDksxBA45H3iepGAD+//AOzHe28X7BP7bVxbJFOkfhe2ilO9g+x4QJUXaQxR1JyM555x1r0VWnh8tqVsLFuTUYLq7S5U9W3pbqtLfh5OZwU8RThV0iq1Oo7tNtxtJK72ukte933Z/NZ400PVvhT4l8IeF7WG0efVPDqa2ZyyXAhOrJ5iiK6Q7XaNHI+VgF4HU5H083iLxR4x/Y6PhS5s7++s/gv8UY72DVHjcxWWleIbQPLEbgrxE97Ln5yMHAwODXZ+MvgT4t+PHw88MfFvQJdF0uw+H1t4a8GXOnho7W81SXVXghtZIZJMBltxIu5mJHykbs5NfqZ4Q/Ym+IPwi/Yo/bB+EWuX/g/U73/hHPC/xHvda+1Qy3iRy2tvqMGmWkxJ3yxQYEgiIUPgYFfn+d57hsDHLnjlP6zUxlKFKKjyuVpwjNxd2mlGd3a7d7W0PSwE6UatSNGrCaioxnHecVN2Sa1a1tZvZJ+p/P8ApHLDd26kqV8hedynA2gnr1Bzycf3c4q7IztcMn3V2RElW+XIKg7eBnuSTg8Y9MU4fJV7CW4nKq1ogwQpOQu0qckhTkYxzzz3ONFrqBJ1RYmd3jjyxA4yeCF6EbemeecYr6z6zGdOnJNJaXstWrRWrd2vNq2jbutWejOimmnJq8urtZJJNaXuuuzWt9GmihdM7X1kihikbSEfKSSTnIyPQDvkYxg4671nYXKC5kKlVkgkeNiwyFZgcnJ6EngH/d9qzLq5nS9UJEkbhZCo2Zzj5WUkA4ODyTjjgk5zWk09xJbxxmR2d4X2qAVGcj5QRyQeOOOmcjArSNWTjGdr3SaV27bNL7ne2um++txoxUYrd2Wltd02utrJu3nvrop7KweExCeWKIPHJgqSWO4ZLY+bnjpjoOOwqzdGyVEVZpLjyYnEiDKgg9QecAMDlQT23EHBxF5bRT2KTfdWFWZGAwhYDG4nrkkYz3KjktzUdAl3egbpAoWQ4O0bNpypx1HOFxhh7drjKco7tJqKsnytfDdPuurV2m21o98ZRpaL2a0cFqtVfl0vZc1t+q8upoW18Y7EQW8SRo5Rvm+8uOcktySeCeOh24PIC+dK4VTIwxNljkcAAA5weQ3B7gDPTrT47XzNPhZEUZQsynr97nHPHHTnoc46gVoWU/a1VT5okUgFgM4AHcjPQZ4GACc8UW1veySXnzLR3jK6327p26NIJyfuRSSScW7R0STWi1a5d79rNNGnPJJ5UCEqypGdz429SMgn5hz35HfHaqEcxW7mU4GGRi5wAqgZHIyTnJPGCAMcHIoluh9miAHG1kIDFjkN1HBOCRjGAOepPXPicmaYbGYsVKHBwoxjJbJAI9eODjGcCjl5nGWi0TVrbXhLe13qt7Jvq7aClJ3i/aLTVq6bS0btu7NK62u2tei10nCSXGWDF45htx1yByQMHBxknvzmvJPjp5bDwUSpG7TZmwRkZzyQBgZ+bsehOD1r1eCJmnkRsxq0cgDAZJITJAPPy9MdNvJznp5D8ck8iXwOvm5/4lU/LY+X5jyFPcAdwfQg8A+NnMOXCN6/GrXtfddVZbt7NaaPo17uRTvjI+9dNN97fC72afVpNOzutPPxHZJhW6AHeMKehPQHGCOo+Y5HOc85ikQkgAcq24hjgjIyAR/ECe4wD15yQ1qOQ7WG4sAMAbQCNwJJAIxgEgYPuTnvUuhtJcEDuAD8w2jkZJyQfYcYx34+N5ZydneVndO6S09212paq99btq7Wr1+8drJ3d2r9P7uuuibey6fcyBpp0kfLArswcDG444XnO4jgHGSM17n+zszyfE3SJljJl2SOmGOQVA4bG3OCAQcDg4OcCvADOWdQjHbuBBIBGCAu0EANzkgYyMdeen0f+zFDG3xO0/eXLeRMVc8BW2k7Rkg5b5SMAHjHdhW8VZO1r2e63va63Vn2t5aaa+RiZydormeqtb5Ozvo1vd3va2mp93+NZJHImugEZ5HJUAgrlCFIyCMkg9+mQQetfY37CN3q9t8LPEcWmTborjxpdNIJOQreQVDdwFA5yc/dIODmvknx80e9UYIwUyFyQDyI8AHbyTg7gCfQZ6Y+yP2A0B+F3iDaxIk8aXYIYYBGwjHJGNx2gnooJGBjFflfi3OL4TbkoyTxmFVpLmV03o0072vbW+3mfY+Hsak88vZ3WHqXa1av7NNab77/AHWTPoXxVJrsmoknxFqNtvCQSiyleAzAkCRQ8TqwTB2gZwc5HNeba7bywxsiwPM9t5uyS8laaR3YEhiZCSXDdScHPJyCSPete097jVYzb2oCQzEICu4lgM5J24wCAee4GCMZHC6zor3FyPtJYSyGUqqj5flUqOBgHGBzx069c/zzgcTh6apv2dNSSjzS5Yxuk4pLmt0f3b7aH7ZOhVqRlaTb2Wr00jpeXZ6q1/zPHPCRv2uFe6cszLIqrGSAcuRg4ODtOV59+9e9eHZZLORlkk2kKG2biSSFIwB1HBBIyew9McnovhiXTR584CxsrrEiDcxySQc43fMeuR03YyMGutDadpMcmoavqWnadbiDLPf3UNssaqMsXMjcA4OcgEDnOMGnmVOGZRcKNBzckkoQg5N6Qu7JN63v17eZjShVwkVObko2Tbk+WzerbbaT0SWl9O/X6N8DeOJ7AwgvsG11DHoWPQFcgg9y3v2Ar7B+G3j1pooGlnIxcKQzdG2joDwck9DyTkY4zX4eePP20vgb8L7Z4oddXxZrFsJSun6K4lVpUydj3W4xgcDnOOv3fvV8Waz/AMFPvjL4u1Oy0HwBYWvgbTL28aGG/XN3fMjMEXggoZsHaoUFt3TcAa+GxPgtnefe0r08EsDh/jli8X+4pqOj51FtVJpKzbjCzS6GdXi/LMM1QqYhV60mlGlRvUbbsre77q6Lq9LvTU/s3Px++HvgvRBf+L/Fuh+HoY5HMz6pqFvaKqFTuwsjozHg8Dk4yBkkV8SfF3/gr9+yz4Aur/R9H8R3Xj3VlR4EtdCgdoS6KcD7UyPCyMwADbsY4zwa/mp8K/s8ftn/ALVmv3bQ6b41162knM66n4luLvTNDli27zJGk7JC6YJZVQZK8e1fbX7NX/BJvUtb8Tsvxg8cWdqLYsL3w/4ZjV7mGSJgDHPcyDbtOcEo27lgO4PzFTh3wu4Io1f9auNaGYYij8eXZZNVKnNdQ9nyUnVqq8vdvU9kru7s0ZxwePzTEPEYTLZU4JKpOpXk4xhG8ffcVayavZPmu2tHdHSfGL/gpT8Sf2pNG1z4QfCr4ZIlz45c6GhlZ77UrazuG2Cby7ZSsUaA7pJHCqq5JwN1fBXhz9mf4m/sx/GH4e698Sb3TxbWurnVry406drhtOWKVHeKd4WYLMoc4Vj/AAEAZzn+pD4HfsgfBr9n20vn8F+DbHT9Xs45531y5jW51a4iFvIxDTzBniD7dzeWcZ6YyK/nA/aY+PN34i1z4teA5Ip0vh401e7066k8oPstHlSOJJGIdITkFlTapwfw9Lw44rwHGWZ5rwrwXkMct4Yq4R0szni1KpjsVTxCnhZ1XN1JKly05ScYpybekmtjtxbw2Cw8Mdj8Rz4jB2eHVNqEPaRSnCCVlo2vebd3pY9q/wCChH7UPw68beHPhFe+HPEVl4i1zwl4w03VHjRSpgtraSN5JGbAG4IGzk5JG7HTGJ/wUE/bI+Ef7QX7Jnhvw14Y8R21/wCJ7O70yS40oIy3Uc1pbhLoHIwVDDggEYBPNfgR48bxPLpkovFlWWe8d0uBNtB2ueAEO2OMZ524BxluvHl+nvrcGyN7gyoTJGkhmIQyyfKCHJwQcEMzHJHXODn+h+E/ozcKZNS4MxFLE4yeI4NzPFZrl9VunzVJ46dOtUoVVy29nGcU48rT0eup+TZ74s4zETzHDLB04YfH4aOHknJr2fJB0udX3cozb1urNLokei+EfD2o3/jHR9Tj07UJ9PttU0wT3UFtJNbQSNKoXzJ0jMUeOAFcgg9AK9n/AGybCfTNV0RriUKHkLRMVywQwRBS+MlQdwHJwDg9cCvavDPjT4Z+CP2ffEvwx8OeL5YvF2sReHvE+qz3lrayzHW4pg0+i6Xc4e4jtkZgHYOqEH2C1458c/EWu3Oq6Z/bEum+IbGLSdMuZTdRIzBzCuIYSql+cYdxy3XGeD/TuXY2tVxEVLD1IU8PKrRgnFqVSMVD30ml7je2rd+urZ+TYyjh6eEqctSEp14wqScXdQleLcG1dppra2nbRnyX4Xu7WO6jSU+bOrl2KKQrx84G/HRc8HOCWYHPNfYXwCu7fTfib8K9dv7qGy0nT/HWl3d5vGRbWcdwplmm3HbGFGGZ2CheeozXy5qF7YXsz6pbaLb6WJ7hF8q3WQII1wGSLPKgjOScAAnrnnr4dX0+wiSOAXnlz227yY2diu4AFiysTlTkkBsnv6VHE+XRzzKsflsnKksfhMRhJS09yNei6UpX2vFNvS261tvx5Ljf7OxuGxUlGpDD1qNVXdr+znTlbb+6lf5o/uT+IPxa8B2vguza48aaXpXhzxVpUiaXq815DDb3yxaaGdbOYuqysCcArnLAqOeD/Or4j/aC8G6J+zV8UdJstXgvPFdl8StUGkW13Ji5u7b7W5intAOTE/B38ggjHJxX5W+Mvi5461zw/wCHfC+qeOdXufD3hu0I0KwlvZ2i01pSdxiRnwrKDtzwcAAdOPLLi9u7uxnZb+W6hR0aQM7OzzEfNKck/N1OSTnnGcEn+LfCz6HuV8BPHzx2eVMxjjc7wOaqjChGnGP9n4irVp0pSblJqrCty1Wra3a62/fs68eK2IoRoZbgPZN4Ovh51atTnk5YilCN4pJW9i1eL6q10klb640n4heIfiba3et62sUCKWiEEbsVVo4VUOgZjz8qls5zk+orD1mZEtrRt5UKJBlQSWweDjGcZGCTjAOBndXJ/DjUxa+GXEissazPlQQGYlRk49Cdw4HHBOMYCeI9UVraJxjA4C5Gck/d4OQQTyMn1HTn+7eHcDhsvy+lhMLSp0KGHUYUqME4xhFSjorXVlyvV6s/n3N8wqY/EvFYio6lev705vVuTlC9+t7XvonbTV3tnLerMskIKFmkYqzAKMLyRzyRjp36+hr5fstKuZ/iXb3TW80tuuux4kTLKW34C57YwCRnIBJx0z9ExyxJArGElnLY2t825l4OARjqMhivTJJx8vnfw2gvH+IUkN+8X9mrdXU4V+FjnVXMeZD91gw5UkdSQRmvaxjtTjytX5L3vpdpaLZvs3rd21fX5q/NUipJSScW2n1co30/C+n3XPPfi2qyeLtajlUwbriMR4KnBEQIBxznoQTxyQB1rzfTkWW/gjGZyfkEbhgG4IJyBjjOFwOmOcnI+kvGng228S6hqesW9xDLeQ3UwazWZNrojsFcFidxC4BKk9ODnNefafp2kafeKb63MVyo3RlNrBQASYwV5feQecDGeCMED5+vj4UqMoxUpVVF+49Pe0tulfW9rpK3TYcoxlUumuXnjaV7O7s1bXlur2as9WrnfeF4rXTNOaKKARzDbK8iMNrvwWUE9Qd2CB0yQcZ46q01O+k8yOORsSkkBFXCKrYwzHgY5IAPJwCRzVbTrCDU4op1Q2lpEqmQZKl1PKlV6buME4Jzkc8UycmMXH2LEMEWVLnCklj1GejFQCTxgk8gjj86xH+115+0jN1Z77WV3F6tOy0921uiv0PT5VCMHGTUFdLTVrS+mnSy6N9F3v3d7b3Tx2kjO6xrtkfgEFiGcMACxXPYZ7E8civZQG5W8S2aNYkwqu5KvsyAPm7AdQWAIAx1Ax1fgL4X+OviJrdjZeFPDGo6pHM8aSX6RtFp0Jfh5Lq9kXyEjRTnczAbec5HH60fBz/gn94ajvtJuPGb6l8QfEE0cIPgDwVasdMhY7GYa7q2PL8gk7ZWt5QQBnI5r1cPlMqdL2kk4U0uZ3bV7qOy6LVK8rWd3e2r9LAZfisxqqFOKtprP3YRi0lq0ruy1VtX0sfmf8KfAPxH8caufDXw58Hat4v1G8aJA2m2Mt3Dbk9Jbm5CNFbRqTlpZSoQcscAk/rr8Jv+CbEsbWGr/tAeKpo7i4jhmb4beEGTUtXuGK7li1DUYTJb26PykqIRIpJGBkgfsl+z3+zJqekaANDsk8KfCbQLVFil8P8AhpbK21Z0k4FvfeILlVup3dQQ8Rm4Jxt2k1+g3gL4B+CvAdkda1EaUkUMaXEt9eTxeQCpz597qU7MvADM3lybSwJGVKgePicZT9qqeFjKUr2vTSnP4ktKlnGCbdnZN9Ez9XyTg7LsFRWLzGpTxElaSpSaVKNmn7yWsrdeZWfVWTPzq+Cf7IdxaWVtonwu8BaP8LNBMSCTUBarPrk1uBtM2o6pKpuUkZSS0SyLlicLwtfoR8Lf2MvAvh2ZdS1NtQ1i8QB7zVbqFHE7rzKYpJ1ykA5PmHLc53DIB8y+L3/BQT9nf4J/aNF0XVY/iJ4jgLD+xPCKpJYx3CqcLe6r/wAe5jRhyDJx3GSM/j5+0v8A8FUviH46s4NPufGT+AfDmpzTwweBPh7OH1+9ijBRI9V1TI+zRSbVEohlVtpbb052hkWa45xjKl9XpT1bb96STTvzO8pJXV0ko673aN8ZxHleBpzp4WVK1NW5aUY8sbW3cfdXbW7vZLc/c/4+/Ff9if4XaNPovinR9B+IGt2Vs4TwtpNwtyLeRELBtU1CMtBZ7XGW89gVA6AgV/KT+0l8R/AXxV+J1/rPgrSYvDUF9LLaafpw1Kefw1oUNu5EJtjLK0UkgUEyEAox4HGK+d/GPxo8ZeOJ4rK9nu9O0zWria00/RtPuJJtTv1O/fcarfljc3PmbgZBM5C5YggDFeV6/oF7pukJY36NLcK1y0cVrdsBZRxMC0kzhsb3ztAJ+YkqOQWH32SZLDKvYc7dWo3H3W2opq17p9721k9fNa/l+dZ5XzSNdU4RjG93Uk/3jSSSs3ZpNatat2s0rJvppfC3h9dfl1i78U6de39nLujsrEI73VwAAXUktGkSkZCgcc5+XIPUab8PNJ8e67Z6UItQv9Zu5IxYW0d/YxRieZgWubgE7IYoVC43AHHPOBXylLPf2kRa00Z4hPHIys8rGYKMKZA+c7Tww5zzgN03dn4V1WLSIzqVpYayutXVqyy3639xAsZBJVo28xcBDyP/AB4EKBX3VGtgfaUqmOwftKMHFToUqkqbqKKVmpW1urJvZR2avp+a5nRzmrgcTQyfMoYPF1LOhWr4dVYUpScbzlBJOo0trSV9NT77k/ZG+Avws0XWfFfjjWdRPiC3sbqY30V7p15/xOLeFntdPsrBCWaKSRtsr4xgEqR1r8yvEHiG1tL6Znu7lP7St7uKV4om81gJH+zxMigYcx4G1QMEcjoT6JaW/jrxtqiXMet3F9bQP863d3NLbWcWSHklaVyryhc/KuSxXvhTX2f8Fv2YNCu7xdXtdHuPFd1JiebUNYiKaNZzkEuYRIAsqhgWHVSRgZIBrw+I6GDzWtSeDwUcDg6SajR9o5yleSbnObvd3XZJeu/p8J4POcBlsqGb5vPN8fWqQlLEujCjBR91KNGlTk7Q3bcpN3tfsvyR0XwZ8S/idqg0jwj4e13VYGk+zxFbORUMkkhCGW4kGxVIPJySBlcHrX6wfss/8Et9X1zULLXfiwj3AHlyHw5arssoANrMupahJ8kiZI3rG+WGQMjNfqr8Ef2C/iB4qmbxB4QmsvCumwlJ73Xb23i07w9bMmT+7yEF1twR8uQQApzzX3z4TPjX4JT6ZF8RvB+n/FPwFpTpC2saBay2yXDq3z3EkkarFMkYBbMhIIBGOcj5+sqeHgqGGxOG+sONo0k7TbSVkpztTUk3ZJvmk+p+hZXl0I2rY7B4itBN/vNORfC03H4oq27UWul0rEP7PX7Kmn+HdFtdH+Gvg3SNJ0vToY1vfEEtith4e04KuHkEpSOXUp1wcfPICRzwa+3fDPw9sdAuPM8Puuv+IkBju/Gurwq1np/XzI9A05x5EIUnbHO0fmKMHd90juPCfj7wd8a/D1veeC9fsdN8L6TGn2vwjpyx2t7p86KD9nvrWLYWkbb8jspUj5sYOD418af2lPh18D9IlbXtQi8+NGGm+HLN4m1W8lUfKs0andDG3G4ygAoTkZ+98LjcVio1pUKlKtGrObio8r5py0e127NWS+zZ9On32DhhpUVUUqMKCW0WlGKjy6Sd1d2euiafrc9MuofD/hiG91rUb23EsSyT614w16dAsaqC8giknbYqrg7URtmcADtX4uft+ft2/CrWvCmofD74eaXBq2sW9/FK/wAR2Z1XTrqxcMZNGZcMJSRgtAemSD2r4o/bT/bk8c/Eqf8As++1a50HQJ3aPSfBuhzuGnjdyEk1NoGzLIw5WPc2WJBHPH5keJde16y0ptV8WabdwR6hGU8PaZPtWYbzsNxNargo753fvFBbOehwfRyvKpxr0a2NxChWnKLoYaNW05Ws7tbyitpJXVt7t6+JnOdQjSq0MDR56cIqNbEcjdOmm1t0i3e3M9eqe7Pp/wCL37WWq/FXQdL07xtfy21lpukW2m22raYjwT6w0TAeZqNwcTXEoxyWZ89MnOK+QbXQdav9K8XeMPDGmR3Gk6FPBFqV3cSx+bGLkhIZkjJ3kyEjftGFbO7IOB4V8QfGUsum6PpKMDfW0ymW3i+WOHexaMOANzOF25HQEDBBOK94+Avj248M+Evijpd7FZ3MXi/w8lgYdQ3u9rcIfNhubGNsqtxvAGSoYLu7gE/o0KUMDhpeyp0ZOSU3FRXMnNxT5W9mk728r6Xsfnjxc8ZibVqspuKilLmsrJKyu00pJa3bfbrr4R4j1eO91Cx0+8LvObpPNm42x/ODtQkgj+EcFSAOoGRX6W/su+O/BXwVufEXxP1e/tD4v0rwndW/gXw/PYQ6jHeahc2j26XM0UqOoZVcvudfl6BgTkfmnp+gSfbbPU9RSSYRXfmeU0btJNtYHJLfwgZBPOMEHPAr1uX4sWXhyS+1LT9KsNV1Eae1mLaaMyRWERGxn3YKiUIGwBt64OeRXnZpgFjsIsPaU1Vq01OMHyt001KSum0r2s9b8t9NUbYPGPB4ieIl7qpRvDmUr3irKXu2u0nd93vo9fvT48+PNR+MXw++F95caOlrb2/h/V59bvZsJd6nqGoXwklmt4x/x62lq7GGNIgquq7tvBA8rubvxX4M/Z81bSdHuba30+/1EF7t963KxxwOQ0cqnfGHC8MGGeGUgZFZlr8RYvj/AKP4OHiWWy8AaV4W8Nto9gui5ij1eW3BlAvljwMytGA5wSW69MCj4jTXdS+EOsWXhiLVPE0txfLaafp9nbyXErSRxtFIqwLulckDcDGCoHUHucTZdl1DK8LhIQlCFNYedVVHdU0nzSVW7SSu3fm5dF0ZpkWbYnEYnF1mqntajrUqdSHxVb3cZQSfO1JNKzXex8ET/EXVLuE6fcalPJs3F2mvJpBIytgZBkbnIHJBBb5euaz9K8dXNpqpWGH9/cRGPeXYJtYcnknqR1GGI5PcDxfX57/w/ql1pmqWculapbXE9vd2d3GYLmGVXIeKWFwGSZGOGDAMCcHkVJplwJBHLNJKs5bCbQxYk5AUbM/KM8j0ORz08Whl2GpUoTpwppSUZc1NLlkrR2dmrcrTVm+uqVmcWJx2KlUlGtUqc0NJRm7PRpctpfDJK+9+rVnc+htQ8UQahpc8VzZRxooVZp5nyUIO7cWOC6gjKnnHAI4IHXeE/jp498H2kFl4T8TT6Toy48i3tXf7OZQBmUICE8xiMAgEnB5+bJ+ftSsZz4dneWZmuZHVUPnKF8oBiqOAfmzj0ByODjNc1oLXUFmGvRLFbJuEFtvG/wAzoGIbDAEHqfocEnHtYPF1cNSk6FaUG7JpStzJNWeiV4t6eVlojz5y5nHdttPV2cdtrJLbdu7W59/6J8aviXd6X4sn1uw/4SW2vtNkll1S7nZ7i0iZSS8QJLFepKHIA3Ehc1+fHifxfqF3qravHFGkbyPEIYUIUssjFt6qAApOOMbsc89ut0j4la9obXIFzvs54mtpLdpHkjmUnaAw+YDaFHbpwPSsO91XQ5Iru9S3gE5cTSBSqxxO/OFiPGzJw3978RXJjMZXxEYe3pOtyt8tkl8Vt9Pe0W6b/JE88qk5PnaVk25aaru76+qt52Wg/Srm118BNUsUjaVGjgclUkTAGAAT8wwSVIAI6gDmrlvomkaZO0zSSXLEmJUeQDYWOFILE554JH/6uHTxRHI5ZYI1bepTYBhozgEKuBgHHJ55PrjG5qOuWt5bRrG6WyxYKyh1LGQnLK2fXA2k88/MQK8GrRrcyShKFOX2U7pP3b7q3TrdLRXVilJa8rTd1quyaSu5JRunto9LK+9963vorN3ilhVostu2P/eO1Vc5++uemcN05wQFMbSSRnTXNvEsqySq4yGyckqSASilmzjjaPoK4VJvLnAjmW8t5mQF3k6seCWJPB9AuQQBzngdxNLbStAIblY2SJQybtqI4/h4GWDYHU4yeh61yVouk1aLd7Xv5NfFZ7fP7zOz35ndJPztaNm3FWd1qrN2teyszT1DSxfgG6VJAwCqLddrlR0fHQoSQDxgds5ryvVNLubW8CXNvNFbK5VLjJClNwIHAUdgCQPYdTXqcdzcxiKa4nWOZGXyvLXczRKc4IHy55ywOeMD+9V+5v7DUI/sk0AuSr/JJPGqKScHaRtznd0yAd2QPlIzz08TXoTvOCnTk7OKbstY7Npyvyp30V07eoqr5uVvS6Wq0e13d3b0ve6drrTa3jiJY3SuJIPOaFRH+6ZR8p4G5dw6DGeD6rtBOOq0HSp9R1CGG3tGmnhiWSLykMgCLySY4xuIC8njORknbgGXWPDdtEkk9lG8Rkw0ggGdshY8NtGcHDEJn16Fjj76/wCCffwwuPGfxg0fw8RoWnS+INN1HTn1PxOQLHSrVrWRrnVm3koskETebEhOTIAcHANcefZ9TyvKcXmPxewoyqKnpeXKm0o9b2s07PV7O59nwjkC4jzrA5c6io0q84qtWUeZUoKzcraa2Sau1qlumd9+zH8L/h49p4t+JHxGuPs2k6J4bmtdDtHvIbWe98W3cfk2du0BbeI/MKcFWPqQvNfoJ4t8MfFKDRPgn4Pu/EGiJ4Ov9DhupdDvNZS507R4rpjdR3GtbZTLcC3dhMls2Y1IC7CeD8AeLfgdrUfxJj+H3g3UIfFmjad46urQa7ZzyT2mv6pBcExzxWsJMZjt2AKKE2oACwycn6t0L4d+NtX+L3jvwD8U/Fei6dd+BPA8/isWJM0UEMVjorvpdkGR97yNKkc08KjY5IDArxX83caVMZmWNwOZYbOIUa1ShLFvD4jBTxcsHh5qnQpPD4daU5ynWlOdafJ73Kr+7Y/tbw7y7KMiwGMwdTKamIweEr+zp4mniIYapmGJ5ZyqVJylUi5whCMVGlCM9IyVvebPL7aTTvAMHiX4W6XZ+B/HLeLviP8AaNS8eSwRxW1mYiZI7XTXlwoiBDIqKTtO3dg5x++3wx/Zn/ZcuP2ffEHiGfRtW8PatH4EluNM8QnWYLeS91e5j26lNBEzr5NlHeM8arjy2hPAYcD+bUXfgT4h6d+z18O9NH9l+K5vGWq6z4r1KOSS0j1BJtTYRO25lwjDAhBJwmSMDFfvhoXhTxZ4z8B2Xg/w5o66dBe2ieBdC1rVL27m0m9m+1qsjPDG5TyXVtzSbdgyCSWBNetxDiM9cchyvC5l+/xf1l4meIlUpU50/dpRqSp0pxananzQhe0Xsna5+F47+y8TxJmUqcJYDDUq9CdOtQjSkoRhJVKlGUqlOXKryVOpKWumjXX3HxD+yd+yTbeA/A8evftDX66dfeCdPPiK1OqWN/DBJcRJKbeO1tWJWGGY4K8A7cNya+Mf2t/2sfE3wB1j4c+G/wBkfxFoPiGy+F+jWsVr4quNAtbM2y3IVHiiiaBY5WuYS4eVixOWLE7jX0h4q+BU3wc1abw38V9X+DOkaZb6X4etZ3j1Mvc6zp4eBL22tkaQ/ZHC7suQj7s47gfkf+3ZffDmw+MvjWP4UTWk3g+38OaOmlppt801gZ4YEMvllpN0jI4f5vmH0Jr0OFuBcVW4q581lKtQy+cq1HDe0rPD+0nTUJVmpTl+8qXlKS1t7t2mkjlzzMsPh8sjbM6+Ndek4c1WNBwh7WSbppQpwcvZxjyxvf3ZNeRkeN/2m/22PiJDf6B4thsG8B+NNc0/V9Z06wghFu0jES/ary5iTCpuO9IA2FIGBkV774peK38A3MuouGaDw3eDdGvyh1spN3C5ZUQ4HucHAJOfjXw18drHRPh/pfh/xFqV2NR1LU9OudNtYohMzW8I8uUSyICzAHG1G4HYDBr0/wAe/FDSX+F/jfVHvphZ2OiXdvCXTyyZ7qLaFIBwCHbHYkk8YK5/oHLcLTyqjWpYbBUsLS9opP2cWuaUuX3ql5Wk3GKWr6aPY+Xw2Nw0sPUq/W/aVI0HJwlZRguVy0Wlo6Ky0vfpol+en7GHxB8E/Dv9oDR/HHibw0viGz0nxgL2a1lgSZZoDdMruY5VZX8kHzFyMbkAPOK/ZD/gpT+1t+y18d/Dfh/w94A+H9o3jDRprW8bxleWcOnX0Fs8ambS5BAkUdzBvBWMuGdFGFKhq/nQ+H+ryaRey36s7Xc08kkLBgB5UkpckDAIbk/MQexB4yO6+KHjc62FitQYrgW0aySI+ZHmUDDEZJI67i33eQDk4r8+4mw+Y5jxBF4epOjhqlKnSry5I8zjSnzRUZNc0FvflcebROVtH8tgc7w+Gy6rSnThUk51pU9ZQSVVWneMWoTkkrrnva6trt6BqvxV0aC78ltLsALFVVvKVSrhRgBT1DHGcggZ4HfGRP8AFvSLqNHGnabth+aYTrHLIxycBsjcWAHGQepJ4xn4d1rVtXjvJbSa5CJI4MskuA6xjgEsASCxwQCSwzz3rnbbWJdOmmMlymBiUOs24KBnJKkkMegAIOc8Enp62F4Pg1Gq69WU3GLbjOSb+Fptpv5p21Tv5+Ss253JezXK38Vorl+H4dldW62Vl3ev3lD4u8Larci7tPDdpNKImNzHIoHnyDGwwxEEIwOcYxwCAMcVx2oeMNKmXV7K40O20+aMkwvbJEkyjOQsx4YkZxj9QcV8++DvHiR6lHJKxmDtmBwdojAPLcYBL4G7jjoQtek+LNDm8Xw/2xpjSw3LrCZIYWVFn7mQkEbm4DYPTFZfUVl+K9hip1Y0J7VJSlyxlaPxdk3a7T+J72d0PE069OTgrStrpFJX5Yv4U0nqmm79+hpweKbiJYINoSe7DRRpIEMYQHEbsRkA46nI5PA9dmz1K7sniM92rYZvtCxHzBtJ7BiQinOCRgAntxjh9F8J3FpOp1y5afzkRLPEnEBUYw7khARn5ucelej2uh6dc7LZbhIN6NE4BZ2Y9FlaQBvkU4JHBPQ4zxeNrYKm7RTqQVlKcW5K14Xso6Wu1Zt6+d2cNNSV201dv3dVta9tla7u7aPTTa2vb6xDqM0VxM7RW6uqBFKtucEbHI5I3L7ADvg19Lwfs/3XxH8JJqWh6xpdlfMQ/wBid/KmnXZllJVgu5sEluRg56YFfLjeBb/S5YfsrxXhuASojkYJGwI8twuQSTjIH8QB5AHH0p4Y+JP/AAjvg21sdWeXTrmzutguIYn86fqGUn5SF2gAnAG33Jz7PDmKw8ajWHxK5pKLS5+Vt3S5eVp62evnrta/Vg4YSU6ixsU48j5Wk046dNXZvfVXTe6uYXwR/Z08RfGzxxq/wt0u+0zRNY8HWlxqd5dazeIltNBaMfOijy6kyFBuQbueABgk19bv/wAEmfjPqVjpfiWPxN4Nt9M17V10vTb1NRjEE06gcXGJsRdxkkYOS3XB+Gvh98RNftPiH4i8TeH76fT5TKzS3FujG5msgcSQyHHzCZeG3H+Ig9TX1Bq37V/xV/4RaHR7bxbrUWjDUxeW2nw2mPstwVCGSBgm5SQOSp43DOBzX6hGrOE6SUkrxTls037tna6i7dbXvt5mFCWHTnOk+ZKsuVvZQjKK6vVpJxfe6871/gl8LNb+D/7WMHw5125sr7U/Dv8AaVk95Y3az2dwywHzRBIjOGRR3zjn3JP2b+1XeMW8FaaIXXT4380SjMWJC4DqJMZf7u4qTzjAPGR+ev7Onja6vv2ltIv9fmubq5W31OeW9n3vczPNFnzJmkLMx6jA6dsgV+gn7Y/jbQ7i18BaLanz7mOOO9KxxATFZXiDKxULk5HAJx1BPoVaU8RKhXUW1Go4uS6y9166WSemnZWsr3P9u/oiqE/BbKZ0sPKdGtiM7VWrdqFGcaUIucm01d3SjFtOz3drH9y/7GniXST+zD8EI1u4x/xQ+ixqHdMsyWFvHtGc8hgMdc4xnnNfXUMqzBWSQMCenHbJxkDkjkgDBPXI5r8O/wBmr4hWen/B34G6PFdahFcp4I0i4jtIoZZgCbWHO8ouAQQfl/M88frj8PvGWlz6NaLc3M5uGjUsJ4JFcMVBJO4DBzn8M9a+QyfjCGOzTF5dWpxoxw1R0o1JXSm6do6tq261V7a2V2lb/Hvxf4Eq5NxHn+YU6lWs8bn2bVVTUXzQjPH1pxbs7uNno2rNavVo9WlR1jJyzEEseF/hUk44Gfwz15xg5/jF/wCCw13NqX7X+owLKxW202wyC2WWFlT5MnJA3Y6cZBxn5a/som1ezuYLgW0+ZFhk2/Iy8hT3ODj19jkd8fxf/wDBWt3H7ZmsLvIaXRtNMjk55AjIyegx7AfKDnhjX01ecZ1aXs2pRtK7Tdnfl03XRdOnds/OMiw8v33tIyjK0VZ8ya96O2/Zd7Wvuz8cPjrZxjSlliZiVvrQMMZZSFRQx4w3OPlwvXGSa4X4zPby/s/QxosskgsJ4d23ASf7xfpwpTOSACvUnBAr1L4vI0ujaiCu4xXsOG4+YEoDjuRgnnpnHTg1wXxhtLa3+Cujr5rxLcWdzIUBzukETYBHXB6gnPPXjp6eXVKnPRU0+V1G7PRpq1ml0d7XV7JWfQ7MdSioYmSauoXavs7Ja3v6O+iXS5+PEFjePCAbGYLtYoVibbKcnkZXkDBzz9484qnJZX8alGjnUkkD9w2Ap67uDkBcjAAGMYJJAPq/hC61G8We1MsciR+ckW5AfKUSEktnGAARjJ5xyOldLf2+pQufM8gqSEVlgU7lwMElRjnpk4x6AV9XHESg7Kztom01dK2t1ZXtdK7fzufkeKVN153jFpStdO17NXejs9kkumx896XoEupaxpdgqzO1zqNrBJGkRHmLLOitGoI5Zg2FA6HIBIr9Jtf/AGbvC0R0a10n4VeP7jU5NNRdbvEsZ3t8SrGyMuyPCq65IJ57E9z8tadZrY+IvDmr3VoktvputadfSpDiKS4FvcxzBNyAcEKVGe55J5x/QDF/wUn0vT/Cun2eg/C67iuItOjsdRSaxtJTNbRxxxRyJM6NICANwYkMcgAcfN+fcb5rnuGnhHlNCpVlL2jqKNTkVkouMb2929/i8tF39jJqWV2k8Xpbl5GkpNKybcdltbyvsrn566J+zF8LtF0Jfs3wv+JFxrcflSyg2N5PGsjj5vLESEApjKkgHAPWvzY/ag+G1v4P8etFomn65BFfQQPLp2sWksepRXDYyXhkUOEJAEZ24IBr+lPwL/wUj8G6M9vHfeANf/tDyxeG1GmQTxTsx+aMEQ7zgE7Ax2jB5Nfjn+3l8d9C+MXx1ufFmgaRJ4dmkt7FPIurWNJQYjl/NQKqIxztUYGACemK8Tg3O+J55pGGaYaVKi6UrJ1nUjFtxaWttleL0l71/U3zinkv1SpLDu04tW5YvdNbSbs5K1nzWb0aXR/mTF4O8Tu8bNoGqkPhQ62cwRcAFQSynnoAR1xtU84rR1Pw54pTTfNfw9qcEaMEMkllcKMDKg/d7k5GCSRyGxmvb/iZ8VvFtvp2lQ2WppZGzMf+kQwRDz94GAwQZYL1+bJ7L2rirr45/ELVtHNjqOtW9xBvXys2kSMCBkFiqA8HbnPc4J45/ZKGOxtRTioU9k9Za2tHXq7/AC/yPlqVHA1YQqXmldJWS1+Fap3d7q2vRq254pb+GPENzdLb2+i6jNNtwIILSR3YMfvFQpwD1AJOBx0FdRH8N/HttE0s/hLxHGmQQraXcqpz935/KwS2AQeOu7oOPqn9k3xLrd34w8S6nqdxBcNBp8YjSa1im+zzkgq8aOpAIxgDBUjIHOSv6/ra6rq3wtHiK/tfNkfVorUn+z4YkMIA2PG3ljBIIzg4CjIxg5/HONPGt8EZxQyvEZbCusTVoUadeVZU1KpXd4pRabaXLZqzd9Oun7Hwp4Q0uLckq5vDMJUPZKrOdL2KlaFNxjdvnTd3aySemy1ufzev4V8TRyyLLoWo5RyHBtnyoAxghl3KRg8EDA5ODk1ito2uQSGV9FvkXlRutXB3DBABAK9DnBIzjkj7w+tf2mtT13QPH95Bp97PZCa8lE8MAVY8bAVDADaEU4yAOnP3unzhrnjXxhaaNHdPqbtM0wRvMij2qo7ggdR1JAOe2Afl/YcmzqvmuXYbHqlCDq04VeRtu3PCLinJp8zjdK9t/JI/Kc7yjD5Vj6uXuu5yo1ZUuZK13FxSv1Xe+vXWybOMvNH1eVtp0u+Rdu5SbeUAsGyQVUA7vcHHbIGSXpZ6v5Qzp18gUD94tqwDEEjuuB+fc8cYrS0r4neMLt/JlvY2JV3WSSCMtgAKE2hecDH3gQAcAc4PrOl+Mb+7t7JLi7hzMhBjit4iwdTgFxt6txkjuRkHqOqeKrQtV05pXtZtN6R1d1ZX30TbtfTrxypUORU51HZPbv8ACvxbtopLU8PnbUJIwJNPvQVGxS1u4UjDAscLjGRwORwBz30rW2vfso221xxt2t9mcHbzyoYZABHzAdOnHWvetQ1/VTAlvbm2JlVRmWxiGDuPGdgOcnnDE5PzckVzlr4n1dbprKcIJInKs4tYhGqgZwcAHnHXkk56DArJ4ytWacnHRXd27bLpZ9na1m73SXSOXCNOCm7x2T0b1XvbNSaaS19NNbedKklsImkt7gsQchYHzuxzzgnOfccjAHSiSSRmBEMiO68K0Tgr6HPTgdeS3UDPAr1OHWNUjuEBvLJoppGzm3icpgEEEEFgQM4wMAdSMEVp6nrN7FGt2lvp2IY8Bxawt5hPynK7Ad20D5sZ6gjiqjjKsItWjypp6u9trtW110duz20MZUcM7JVJJtrR6q7cVfdNbXWidl3PCruBo5FmCOZCpJUxOclgcsM9uhIICnqOxMUkksbxM8MhOz7ghYDLDJ24HHzDgt34brivY9N1O+uPNmuYbczb90Qa1hCCMjGMbASQOMjoedxwSNqHXbuQSQy22nIIxhH+wR7sxnvmMZyR7jPdscS8w1Vla9rO62VmrrTWyulr5vdHVSoxV4upNxila8lo7JXauuq0Wq/TwgpLujPlTRrIM7PIcksRkDgDk4ZsgnkZAPNcvc2Nw1zJJ5UoG7KlIXJDdgQV6EnPBAIIya+h/EHivUbp7W0thaQOqnfIthbrjjHyhYwSuApO4HPrg151d+JPEGmymORoHVpGkD/ZYt2FJAbJUkk4wF5weB0BrOWN9pJNxVtOzurJqy2TW++ie9lc1jGEZe7JPnVld23UbqyeltW0rLVWfUq6XpFz9mh8qK7MshUkG2c9ACO38Q4zxgmszWdGvbSaOR4bh23EvGsDDHPrtI469vXsK+gvBuuW+q+AtS1/UtYhstV0y6+z6fp0drGZ7x3zh5WC8Rp0GOQeOMmuHvtV1e5G4z/PtLO3koQ2STg8HkHjBBxwOSMGo4lyTUYbtJbv7MXZarvZJrp1bu4nh6MKsZSqWVk7Xun8PS/d7tfLoeRw6RqUt+pWzu9kqhiRbyPgEcZwpwewwOQeoFdtBpmqwwxr9lvjGV++trJ8q55Ynb8xz2wB2JIYCtseLNW0K2sysxT7TcCOaRoIujDHygoOgznAOOema2ZPHWqwxtGb2R4H+eMm3iJcAjIIAzj5uuMdcnit4zahz8trRbd2mk2476K8Ukrb20ttY1rLDtQtLm2ad00ndN3bs31tba2l73OentNRWCORrO8kiKEGXyCCowQBllz35GR/CTmuecXkWENlO2W2xh4vvDvkADqCRgHn154+kfg/oeu/HXx94c+HNrqh0uLXW8l71oEZ4QNzM5VQM4I46tkc85J/SCD/AIJXXz7Vf4rESxJI217UK6IvHzqVIySMnJwBjrkV+Occ+PXAXhzmWHyzibOaeBxeJpKrRpOlUqc1NSUVNuEWldrTm1066I/QuGvDLPuK8BUxuU0FUoU58k6kpxjefuydlJq9k7t6387NH4kx2l95vFnLG0v3gYTtZSQP4VJxgEnBxg8/w1v6hpWoMllFHaSKyH5FAGGO0cgjk+mSeh+gr9lPh5/wTE1/xR8RZ/h7b/Eazmun0w6it9JbB41iBYiGNQAxlIwONy43cAnj1z4qf8EjPFnwuuvhlY3Xj2yurj4keMYfCcJFtIGspLlgouvmGdmOflPBbHpu+On9LLwqnmGHyqGdRqY3E4d4ujTdKqnOhGm6rnzezUYrkhKSXlZbntQ8CuL4p1qlGEYK0bOpDmW2qV1olu0tnfW+v4geGrS6tYkSe1nBZwGAi3gOp5LZDZDdQB043DHTsbvT5p2LS2c8KNE+0mDKnC4VgAM8tnOBnAyc7c1/R/pv/BvX8QdVtI3tfjlYWtwuRJHHptxMYehEkoVSNpJ+XJyQpJHNeO/Ff/git8UvhhcJYah8bdM1SNx5UMkWnyRmPChmWVHXcuQR1B78gnjWr9KvwwwuCo5ji80eGy/EVVQo4yph68KNSo1ZQi3T+LR2b0utbrQ8v/iBmfVsXKhh6mHr4mC55UIV6bnHa7ac+bRtbpX63bVv5w9XtJvtZJVlXd5YYx8MFGCQSCMLz24ILHuar2ujXImaTeqJt3qc7shecsCCvrghR14x0r9LPjX+wR4z+F3hx9fu/G9hqVm3iOz0FYkt2VjLey7FlVmU/KpYFlyCDnGccYOk/sP+LbyaW0Txrplu8S26M01uWTE6AjZ8vCpnLE4Oc+te5hvpF+GuJy6lmtHPMPVwNadSFKqozXNKlyqaty83u80XJtW12CfgtxdGt9XeGk6kYxb95Ws7KN3e3TdNLe27R8KLpt0DHKY22MAhZE+UAD7xJG3GN2e4C5OeKzr6wuGxvjZYWVlDbCQTjAztyoBODjp05z1/bv4Tf8Eb/jR8XtMa78OfFXwpBaRSNBJJf2txHFuRCxCbV5BAIyTgEk8A14Nqn/BPPx1oOq3vh3V/HejjULDxZeeFo44oHMLXVjGZpLhGYA+TIvMYPQHJJ5rgwP0oPCXMcRisLheI8LVrYSHPiacVU5qMLpylJOMW0mnF2sovzeuv/ED+NqcrfUZTfurljODbcmuXaXVtpdb9F0/MXw1oN1HFM8sLmN94QpEBgA7uQBgAg5OOoPAxxWB4ksLuPEgtZI43faV8p8yIBnJAXB3bSBweCRznFft78Cv+CXnxW+MXxAHww0Dxx4fsNUlguZZtWvLeR7OOCBNwcxxKZA2444GM9OnGp8U/+CUnxr+HXxMb4WXPirwV4i1TT4YJX1aNXTT5IpuFU7v3kcigjfG3PcAA5HvQ+kN4X1cL9bfEeEp4fRe2qOUIXcVNptxSvyvmWraVvlyVfCbjGOOhgv7PqyxMaUazpR5ZTdOMknPSTbSbs27WfzP57LnTbiCDz9pjD79wCHJUrwGQksOT7DA2njJPMrbTKFlkO0LISuxMnG7gMNuR2I+UcgcliMfu78d/+CZHxt+CPw18S/FPX5PB2q6FoiRNcx2aSLMFmUEvCGGJFwcZxknHTnH5F6n4k0u1dVl8L6fiNct80irK/UnkZGRyo4wOeO/2PC/iFwtxlhpY7h7NKGZ4OnN0p1sPJzpxmlC8HdX2adlo09G+nk5twnnOSVVQzSjPDVJRuoT62ajfdrR30urX6bLzTT7aeaF5A6hRIwZigDbCoPKkA8cdeRk5A+YHl7u1cXnkRKHjMynfsYANnn5s85IBI5zjsQGHs1r420eeVI4/C1jFuYCFUkcKHU52sc9MDI4x2BHQZdz480qO4n87wnZPGlx82GYOWHBAYquACCeMDJx619JUzWgrNRbimrt2V7OGtuid0291ueRTwFSMnL2qu0k1pbprZ336tJvaz3RzCRyiKJBGjqm4vIBlc8YIHGTjg9sBcZya1bNz5QG0s0YLHKqF6gc7sDG1twzngcggCunt/GuhXzxl/DNvBGMhRv2Fj0OcEZ5bj5jk9Sc8WX8YeGImaMeF4XZgAR5zYUgdRhjycHBwOc8YGC6ee4eLtyPdX92LvZp2WqbWmjev4GNbJcZJucKsWpr7TavflVle+71V97I5aS1iMWZgoO/Py7W79CATwCSMr3x2xVyONZLaLeqqMlSCqqSwHykjO5QMjqMgnPqK3D4t8OtaFf8AhEoSxY4czsASODjJ5YKOm09TkYzWNJ438LIUUeGFCZHmfvztJz67xkgc457DIbgd1LP8E3pC3w8ztrd201X5LqvNnnyyLMOWzqRtZWV29HZWbttG/XZW1Ils4VdXkYZx5bFWGCQeARwBgr25OAO+akWzR9rLh1BIO7aMgcAqScjJHQjgHHIABnfxx4UYrt8KnYNoJWcnPr0O09D065IyRkiceMvBxXK+F5FAIKKZztBbOTt3HBDDjgYJAPyj5uhZ1l6V72vbSz8n2ats+/4GP9iZgo2Uk3okud3Wq1Tej0d9N7IzTaxRgkQgRkOgAKlt5zk4HO0EcYOBkDNUTpag+bHbqB8u5jt3nPJIBOckk8+9eh6P4g8DatvgXwzOZMAqiTncApBYsN2RkjIGSTnGOST1U8XhFMSHw5fGMIu3bPkknoMq/sNpGSMHHFCz7L4NJ1OVtpJJNWTs+Z3TeyVmulku5m8izWSTV7K2vMk76X2Wy87X13vY8fMEW5SYyqxgLuQIe2G3AcNuJ5b0IxnGayNWsXljdVi+T5f4QrnBLZAIBxnJz1BPHSvZbm68G26RpH4ZuyGYFsXBOMn+IZIHQ4zgcc5zXN+LfEvhnw7Y2t9deC9UW1u3EVvcO7LFMQPm2uww5wece+cZGCrnOXVFaFVNu2rV/wCW+l9PTR+jClk2ZwmpzjLRpv39tYq7b6WvrvdPY8PWLO8tC0gBZdxULtGMZAwc9DwW5YAnqAac1uJHICIqqgDB9qhyMdWIBJHXpn1GBXrmmeIvBuuwzi08L3aCNlLq8oDbnxkZUjB5Pp3x04z9e8Q+DrIpBN4TuFBC4k835wo4JbacHp3XOSNxPy0RrUpQ9pGV4taNbO76697NN79DsnSrRnClzJTck2r2vdxs/J31273ueSyWsUEDKmCC6ybdoyNx5547gc5xwDtByD0FghSLy2Vg+QQAq42kDG4YPBz1/AkDOejXxb4AlKpL4eu3hBAG2TD/ACgYztk3YOcLnA6c4xnpY9d8CxaVHq48Kav/AGfLci0W4AcxefkDyVcEh3AIJGSf4sAgVx18dhKEVKtWjTUmklNpJtpKKvdXbV1bve1lc7ZZbjq8F7JTnJJO0U20ko32Tk15rd+Td/PHsjJG6squ24lVKbQB0UEjJwvQA9GwTz1w/wCyf3gjiZlLktggbAQMkgkdO4IPoMnrXpuq+Pvh3ZT/AGZ/D12HEQJUycjv85DYBOeAc+4xk1z0XxB+HksytceHL/ywrY2SkH2yCSCD1HYjgfebJTxmFnZ05prps01p7t1tfZelltciGAx1JJNNSTSk76rRbpttbbPTpvc4efSXXcoTzDjBJCnJJzknGRxwB2+XPILGxFpogjkWS3O44cEBWy2FXHAOQevGSBnHINdc3jH4ey7zb6LqKLuBwZB8pbGSDyCR1zx24yzVcXxj8OQqebpOpFXX5/nHJIwc8ggAkc55xx7WsXSk01s7Wukm9Ut3rq976vzuXPC41Nu+iS6p6+7dNWTv3W3lqeeS6YZNqLFlnV8hgdoU7sA++AOnB4z7TWugPDFM62+58ZVwF44AI2tuDemQAfTIHHpUWvfDqYhn03V4ouquuWwp+b5SQFPAxgEjknB79bYX3wumijymuR5YEhE3BvUqSPmPHIyO/bgWpU2lK0pW1/BXtvrd7dF01MowxcYuLlr8WttNF0V37rWlt99Nn4OuheY0KGFfMYt/D8oGQWPI2kqe2PbOORdHhaONZHa0wQ25WwzBsAD/AGug9Bjk8cZr225uvhIZHBudcilV2CRsmMgg7jwNwOQWwD359BOLv4bK8GzUNWMQUIS0W4qTzjgEAcjA653M3vpGtRUfh5mrb2Vk7em2ul22n00IgsdFO7bT87Wvy/8AAfW/ddPC08ORsIkNqFd3wrHjGVIKkngAdCPqvUDG3J4UhgtSrQ+WGiOSF3ByOjcds8AqeQRgZr0833wvVylxquqKQ52KICvUE9h3JOemOPTm2b/4dvAS+r3oUoUTfAxDKAAB8ygccnkZ44IzVRrUml7uuiTW11y721STaVr+m5KeNspRvZNbxk76pJd3pZ6r8kfP58PtG4klgcquCrAn5QCBgn5ckg9c5zk4ziujS1McKfuWWMICrFckEcjJ5Jw2e+QOecE16jA/wvmnihPiK7jaTCAPCfLyBySckkLx+PaunXw98PJVWJfFrqhiLF3tnKgFQcqSATwc8HI459LUqNNOTcVqlok+29n17W83554qljaqipSlGS5UlddUmndJX09Hvrvf5/8As5Lid48byeGQLjofmPHUjO5TnqemQZV01WZWMDBnkGMYOQCAPQ44wMfjySa9qm0X4YONh8fwxFAV2yWrj5j7YPIwASPT5s4NQxaL8OPKkJ+INmSgG0eRJkg4+70+Y45xnt7AaKtSbUm0+qV1tp5p389Hr5HLHBY5QfLKTu9E279NFG93azel92eSapZNdKks6bvJUohAGEUDgtjbyR1A5x0OOaz7XS0iiOyEMjHzDhsFRuAO7nhSOSM4HGOhr2iXSfh55JaPx/Yt+7yv7hzycZyuT8wPQn5cfd5JrNfT/h+qyBfiBp2TH8yrDJ1Uc8bc7ucdc9wCKaxFBO7aSdo3aXVq61Wuj2XXZvZ6RwWYOPLaWvTy0sr3s33ueUPpqk71ixvcEK7rgKBtBHO45JwOucdsYqpPpiL87RkYYlj8jAjJ/vdcZODjJyOGFetS6V4CMUZTx3pz7uAPKc7D0UjjKgcAcDnAJ45gk0TwhIkaJ4500StgfMOHBAOckHqOcHDZyOoxQ69GWt1vutl8N76Oy10t5fKPqWPhLW902/ebafw3T0Xz9Ulax49LpykMWgChg+GB5HBGcZ55zt6cgZwBWNeaPcQW9vIYx9nuCTxnghgS5PbdkDGQepB6V7Hf+GfDsbNs8ZaS4ICqEclSDuycgqMDjI4Oe3SszVdO0uDR7ayt/EWnXYhuWl82Nslt3AVCcPjnkEKR1PGRXn16yTjyfala907Ws2ne929VZWslpq7nqYDDV4SvWcm2rJa2vddNrXurva3V7eTjQZXCv5q7MZC5yEXH8a5Oc85JGByDxmpP7DHk/vLhX2qQFztwckbQQwYEc9DkY44Jx0pe2ikeJ7+EKxKq0ag5yDkZz0xyeBxx7h0zaaUCm9UlVBXKYDZblj6YJJHXkf3eaulXd0tLNLmV7N2a0Wm+nlrbud8oN6ST731jf4UlrrfXbaTtbU4+XToY4UhMLB0JLPuBJIHGeTjt8vGWB4616/8AA2Q2reJnD7FDRZwvIXKk/wCyQ2OSAc9fvZx5tfGxZYx9sJbJy2CAV56gD8O2emSK9M+Eioo8RCJ0McjoPvcnLDB4Pr3AIwVPFZY6onTjzWcnJa7WS5ei16Wu+vzOrCpp2aeite121otfl6vW++h9EprE4JK7RGU+UqACygdTnIAbA5A57nvSza4xVV3sq8M5yPlxwBwdwViB07Hp1xySOQzAylBGjZwwIYgDAHXhRnnjJGcfeFchq9/dwzNJblsNJGhYncrdyNvzZ+boQOgOMn73k1q/JG9rN7bLRW3Wl1vb03dtLqRclyp2lLTe143T0su7cbb7Ppr1/iHW50tHeJtm47fMJyVjH32KjOAeeT7Dsa8R1bxf5krwQyCM2+S0gYnzCTy3ByWPqSR0xnOBQ8S6tqEE0kS3ckSyDDCQ4Zt2CyIOSuVJBzgnBxwTXl0kv7+aZn+QglTjGGAO4HI5GMsRknBXnivHqTdV+9ZL0WqVunVd11v1umRChGFndJuyfd6K/wCWlt9Wel2Xix45BJJM+/a26QkZYDIyNwOD155U4454a7Z+KpTqUMgnkCLJEwTg4UEbpB1ycDGcdODkcnyeK9gjjWQHO4FWLnaSNpAxkLnoeeBx7CrlnqiW4ZhjzdpXcSSME7dqjqBznIx6nPU8VSjF62t0Wr1aSW+rtrdru3q2rvSMIqVn7t9dWrtvXVXdl2tbtZq59y+HvGd9PYym2uA8DMIyqFdxUAb3HUBVHB44ye2SOf16/wBLuZGtJoERmZZDdkg4JPByckgnjgnHGVzxXi/g/wAUR6fppYSMJGJUg4zt27WXbnk7uM9RjOQSpqe/8QCWYzphmOxjCwbaCOuAAOpJ4wQMEcDOfAxtOtKolF2jo112adl11e+z1v1sdC5VGKtrZXta1vdsktXbV6JX0XqbWpXjtdzWdnIVDbEX5Svndh2A24ztIGePUmoE0x7dGn1G5K3BRvLRdxZgOY1Y5yAMHJOAcHcKzkvILhW1WVlgliO2OLO0blx8xGeQMdOvHasjWPEjzRxxrvlZi2ZFGCynAHJ5GBk5yeB0A4rCNKtKUYUrJL429W7qGiu3or93vdXs2EuVRu3d6d1o/JbaddEral6Gaa6kZZXUQFSDISATIARww5BxjOQegABJ4xJtPkgld5F3FMCNlbAGSwG/gEleuM8jrzWDFf3cc3kwygR5MjBSGBOcsSDnG3AyMdj83roSXN9KIrliCmG/dgjA2cMSowBx2PWvYoUZ02pNJppadNeW2nlezaa0uZtp3stXba93tonbre93330ZXW4vLXzJkJSRfkLAncFIyMAEY4yfunoORyaRNVuVm5kaVmALMcZ2sMEndk8DJ5IxjPPOZH1OB59ykTLJHzFhQ27BGWzuOAfyA78VLo9mt9KZYgBIm4vvHyxxqM5GOGzk42jcv3slhg+nSjTpx9pVcVJ63fZW6L12d9WrbNFxlUclGKd3e93fRuLutE3a676pPRXR95fsC/snH9sr4zD4UDx/4a+HkX2BtSu/EviOaOGBIISrSW1vvZPMndW2xqgZgcYJ5Ne7/wDBRz9gy3/Yc8YeGdE0D4meH/itp/iaF5YbrSpUe50x4EBkgvVVm2qxy0bkAMpAJyMV+enww8V+IPAOvL4l8LyzadqNm6va3UMkkMglU9cow3x5C5RiQc8YFfQHxC+M/jz4wMl/461CPUtTmWNDcPGGnhRE2r5SkfK7jIYgjBJ6txXjYjH1KGJjKNWPsVpJWs+iVmt777u2z03+nwmHw1bAShUpuOJtGzSbvZqzTb2cd1rrq76H6Cf8E5tR1b4qfDjxf8DfiObuLwVNMbr4ceLZ4Xkg8G+OJSRa6c15KGWPTtUlAheMOqKfmHLYqTxLoniPwZr+teEvE9pNZa/oN9LYX9vKoj8xYn2x3UIP34LiPbNHIGIKOuCcceM/s/ftZWHwb+BPjT4a69odzqsmrGW58MzWUMVtLZaszBrbUrm4RBcSTWciq8fzkKeRjv8AQukfFFf2tPh7DrUksM/x1+GelJHr8UOyK48Z+D4FAiuwgAa41LTVBM52tI6Dv3+j4N4sxEcwxGCrK2FnUtRk5bJ8tu1lLV9UrNddPP4gyHDwwWFxVCq51VTTqwafNurbdVond3dk9jzi6k3JlWWRAVBBwDnOeo6YJzgYGcckVhS3s0eIGWMGQlg2P4RgqSep9Rjp1OBQL1pMLFHuR1wyspDq6kBlZeCkiEfMDwCpHao3VpEaQKDs+XdL94HnKhTwAOTgcHPTGM/tEZ+0jF3fvKLVk+Wz5XdWWq0XR6v5n57K0VazTvZ36fD1b3fR9NVZpEkNwZFeIh2JPIB4BHLMTzwcfKc8fKck8NmXaqoEilmwTjHO/LckAcr/AHfmBBPtmtKAxLG5AxKTktnAKkAhVBx8pIGfUjGQOKyp7kR7sgegXj5gTxnqc4HXPFXy2cddFbutU4vdPWy2ei7XBPTqmndL7VtLN2XlstvwXJartnSREGEBAOSCx45A6HOeTnnt6EcJqNmWjcMSxBBXLfdUZz2Ock8YIwcjHFdvdSbjO2drq24MCozxxtDcbhjJOcEnjHIrlNQuNyMT8vyjafl5zwdqnggkYJwN3JyO/JWSipN3baSS6cqcU9E3fZ2T9d9xxlJrdL7kldeem/a3vWWyR5NqsDfvAQoC/JtUEs3oozyCOoyP+A8GvI/E+lICspjkjMkZJchSzHB6rt4wMgDA79+a9rvbpGndmQYViV5OGKjG4qTg/NwCe5yODXN67cWkkBd4VEscbuzE5XlTkYz1znjbkHBXPSvBxDjUjNrrZqzdrqyvfS17a29e500VPmTSelvvbj53u9ZdHquj1+W7iHZciKWMrCSWILKC+ehc4+XBx24YA4JGKcjfMqwfLEh8th7EH5fXgHGeh6Z6io9YnN1fSzRp5QLMACSAyBmGFz1zwemScgckNWVDcyLJIyrhkORnG35SOAOckjpwckNxk18upuFbmi7O9tet7LVefVJfd09JLmiuZO7SXR6x5XpZaaJ6b3autz6F+EvjOHTJrrwhrdwW8P8AiDcqO+SLDUGJEcqFsiMM5VSBgjOR2NdLqPh/UdMub23N3cwxpPlGhmcJLGxyjgEkOkgKkFQSPpXzPHNv/wBIDmKdCHYdF3D51deAQVOTjAGR619ZeBfEcXj/AMNfYrpUTxBokaQ7lbDX9gg+Vwf4miXaCDkkZ79PpcBjaVWMaVSUXUSbTutvdvFX8r77vzZxV6NmqkXdLSVray01Ssnd6prfq22mebzafqCXqSNq18sA3Y/fTbhsXgrliMEgZ9sEfLgDkfjVay3/AMPdJu7qSa6ns78wx3MxLgQkk7A2RgYBIBJBz3r6B1TRwkSoDlzCcAj5s5IIPcsMnOOuAc4HHA+PdHN58LdXtmjMktnMLmNdowoUZDcA4yTwcn7wwT1KxsabhVjGSuoN62W3Lo1drbVNpWKoRbcWnypy1Vlyq9lyvW1tnprr53X5+wRIJo8kYLnzFwMYOPl9OueRg8cY5xdvLe3JVoVLO+Rt+XBU4Az1+4TgZIPGOxFCW5RwGDKGYkZXbtHIJYnrkjpnGcdOclwSAHjPyxt/CPQ4A3AjnuW7nIOc5r5JyjzXa5kneyW6Vk24t3bV3o0kk20+h6dGyte12r263Sittbvl2ukrPvdFdLV0mj+XBDFguOCuFKgHkng4HfqTz8x7W0FxZ2ayCMj7SURgw4AU/OCSoIyCeRyc5Tnis3TpYYrizkuEMwX5yMAErnceOQSv8QPBHI749ljj0bWraObywDFsl8tcKrc8qUU8sCc5xhuPrXn4qpeWqfLzK3ZJKOi2XXRd+qOhX1bXRW23000+Vrarpd7dVo969vpa+e2xDaL5aluVADc4A7gDAOMdDg8G/wDDn/iZeLrIbcp9riMrHOSm5QOnOAAM/jk4wDx1xei7jntlTyY7ddkaqBk/KeXOMAL1PIHXgAgDqfg6sj+IxMuMtcRwr8xO35yrHHGcbT0AX2PBr1ctcXVpb6W1aV9ErrRrS9rbLdJNankYyL5Z+6nd3vZWvdXt1Wlls73vdt6/qIde0vw7otx4gkZJore0S3w52QhURQ3zA7QVPXk/NyAcV8K/Hb9phvENgvhPwgj2FnIzLqV6kjCaeQZ+SNwQfKPQn5cn024FT9ov4rR2ttb+AtBnlWFIVfUTE+3MxABRivJAP3sHPJwOBn4Rvb2Uylsu7u6qVUfdxnkdOp6k9TgZ5Y17mPxKu4Q5U7JTaa1lpquuvbpddLEYSo3T5Zwsk9GrW6Xs29LrS+vTayZ1y6pKsiiWRy7vy5c8E8ndkkEnLElsHJIPrWoPEF3bSq0FxOhjfgCRsDuCOcEH6ZBwBXnn2tmjjy5Eg5AzyQvOD1Gcg9Bk8kEVaguW2gscyOCSrE4JGOh4xgjABwpbIAxzXmtrl5dNUm3ZNvZp83k76J3l07m7pqejiu93o9HF9brSydt/N6J+7aT4515Fh8vVLuMFjKAbibJIGAFCsPlO3avIbPtnPfW3xW8TJZzWyahMUkVgwLsXO44Ls5JYAY4OFxzjIr5strx4Vgl83cynA4xgZwFx7cdBgEDntXYabdoQX5LPG3mAt16cHAyMYPbHGOnJwqQi7y1ta2tr2aST62sley72elkZSg4p8iasktulo2W3S75k1v56L1Z/GmoOkIa/maRW86QmViTgknjJLDkY5H90Ac0ybxTq+uSOr3jMifPEJHZQCn8YBIG08knqM8dsecWU/mXDyPHuDLtCA7sBcg4BHAO0E9OOT2r9E/2Gf2LPFv7TPjH7XJbmx8BaBLHdeJdSZWAvLVXDnTrNz8rTyLgMFzhSeua8vH4zDZfh3XxFRU4QV/ekknskkno5O+i2d++htl+BxmPxEaNKDnzW0jf3Y3guZu1rWts3q79jC/Zc/Zu+JH7QerFrC9utJ8I6ZPFNrfiN45jbtFGy+ZZ2JfiWd1BVQhJyOODmv6B/hb8F/C3w+8GjwvDpGPD88ElrfyRac0muatG0e2aSaURmR1lOWxnZkgYOwivq/wCGfw003wLotv4H+HngHT9C0HTbZILN57SOCOWWJArXUr7AZ5mI3FmYsckZ6Y9i8N6PqllKy3Fq+o6uGKKLe0iktYVPyFd7KemTn2+oNfk+Y8UVcwrynTnbDU3aMXUabUWrNtO+tr2TVttj9Vy7h6jl9GCnR9tiJpJy5eZXaWl249L2SfZ6aH56/CHwT42+G3iDU9D+Cd7488FaBe6mmpiS6mL6SxYlm32VyDsQsxDrGg4LAZ6r9eJp/wAXPH95MviaTw34suYZIreOa90+W3bylYBmknjVfmIzk55OccNgfW/hf4cSXk1xcXVlKsbIHuppcoY32ktFEqbcnnoOOoK45r4U/bi/b6+GX7Jfhmfwh4YtrDXfiZcxSLZaZaPG39lysrBLzVJYySGQkOIictgZ71OB4jzHHV6WDyqM6mIk7Sny82nNFe9JpuKje7cn0te61eM4dwFKnPE5lGnTpQbcU/dfMlF6arV3emvZaM4/9onxP8Pf2dNJutZ+LGq6R4fdrLdo+jaFqM0uo386puWKK2MpkRS3yB2VUGeAa/n4+P37efxC+JrXeheCRceDPCxaaKE28r/2pqFsWZUNzMGBTegDNtIyf9rmvnD4s/Fz4gfHjxhqXjj4heIr/XNUv7mSW2huJpJLSziZyY7e1gL+XHFGuFwiAtwT2zwEWluZgJAzSMo+VVwF3DKgsRwAeuB1PUcGv2XI8qxlOnzY+tUq4iai3H7Eb8rdlbXtd6WsrXsflubYjBVK8KWCwsKdGE1yzcbzcdPeerUXtZ2Vk2223c5iS3vtQnmvbySSe5uXMk800rPLK2clpGZizhixzuznOR0FJFpzyuryR5O9UIAI4OATuwTt9CcdM8DkeoWGh2trE093hwA21QwJLddpB6gjgjC4PPBJqjqXlSARwwJAAQGbBXcAD90jDgD8fXkZz9PQoRhG2iaW1vNJLtfzur3+S4ZS5WndPunZa6aWtvFXstFbtodbb+BdK0rw9b6mdWsp7qVfOa1iKF448Z8sqxyXBI38DPXgkivPdQeZZmlt4ggcHCkIdgHbpwMdBxk8VEZDEdyCTg4BLMQM4yNpbDfKCCMc9yOKtwSqVJdTlVYkljgnHUA4BA2krgYGcciumhRjJP3ldW1vorpO2zX3p+Wuj5517y5YJLlWrTdttLbevqvvwE+0wSMQ5bcCSoXueCR6njpnrg8AVsWt+0SlWY/eVgwXhsjJIz6Antx1PXIlIRgzEAsflUbgVKgEgc9D0zjpyPmztrGlgKHKHJLkBVIIAyW6g4B4YAAdenFDg4xdmtGkkvNQd076vbZWflucynOad9L+fVqL6Lp5+R1sOqiNWAJYsdxOQVOQOOeox6j155rf0+zjuIROkiKm7awJxyfvMH3ZB56EH+HgfxedxsyABVIAHAJ68DAAyOScjqPlBI4Bx12j6jKkJU7FUHBxwSucZwQR8pyc4PB9RTi07WvG0bfad1aGjb0u99rb+bFFOyWumyXNdJcqV7vVp+TT9d+3iae22QxyoyqpGTgkjbjGSQdx4wSTgnj1GnFvmAw+FJAZR0JB/iBycbvmOffqoyeSS7jGWBVgFXnPzbu5644PUZxjFaNvqpt8L5RK4+YgjcCewYg/Mfz53dq1V3GK2va2+nLy6L0V7va/S2/VTm0uXZJrdybXwqya2e70vZpp2umdFLbLMVMqKwCkehUc8nLYwTjjgjOBnvhTzrDJ5Lgoob5STtHC4APAyufut1yAcjjMx8RWqROgglOAOGyCS3BIPJ7887RwT1IrnNQ1pLpWigg8ojgSyfMQRgttIyF2kfl0AOaJpJcz5Xezaajqk47aXvolr1absrWmrNKMXdu696+7Scba2V7ebv3s2dXA9tOhKjD4GVLkYwCS3PykY5A6c4HUgSTxWUOHeVInwDjzQRk8MVwTzjAIP8s58Znj1Cdz/wATWZAGyRFuUbWPTgjKjOcDjpt20wxqY9j3dzLIvALyOQODycn5uR/eyc9Txle0ldN04tu3K3az1WiSunJ9Ff7ndkqpJQVle72e1vdtunq9t7a3snY9S1DxZbWsDxwTrK4IjwisQFA/vHjoc8Z71wt945ntWcwM8snIC8bVyMdQN3Bx9ORgnFZUqwxRAAkbsEEFSWbIwcYyATggYGMkHmpbLTrG6YLLGpclWYlwMocD2POcYHJYED+IDOSTdndNJWte61Tv1u3ftpZNaWLlWqcyT5ktNG7R2i+r3V9mnfpvZUI7/U/EEwa6nl2DJCgPsTJBIx3OSV4PTAJ7jfeyTyw3lllQBGRySWY90z8w4GGGe+RnNb1umnWeY4oVVOC4DLn0HXOMkDgHJ6cZIpknlNJnO3cxKqpyo44BHPPc5GcHjocc8qSnGSdm07Ntu+tuXR6d79uu9jNyTm7yd3pdOXRX22btp+RR0zfCwUEoCQUBz8pHAGDyTnIAUcD2Bru7ZnkjUsnmOyDa2RnK9wvowHOQc4wDxk8WSyuJVRGWMtjcCD14BA2ng46f7p4znobO8DxZkfypDgqpDLktg8DPY+o5ByMZ4KVJxTimnbu7XS0Vm9OqW7RVJq8tLuVtrRTStbrbvfy81cnuLtIZArxHcdw3MAYxnO75sc9OMZHJ7Zqrvtz8wjWMSD5iChBIGQW7Ac9OB82MA4xYm5jLApLgEMCBkMSOcg59eSBzgEnOKyZbYGMnDqzRjaGDbCTjdwRgfMCc5zzzzlR1QbS5bJu1rNNau2qbuvulddtGZyUZaWb+Xbl/Py+/oQXZkmZYidsTH5CAflzltxPTA5wDz6AAg0sdsYArwXDQSqw2NGWBY8AklSPmOeB8oABzRHGyeWXb5gQArZKZ4+XABOfZc5OR0OKvxZYS+amwqcqcfLyDhj79CF4HUMOTiWpNJSjFXdmnrdaStzbJuzvtZaMKUXSd4qS2tq7Lbq+77262W5cnEGq2yWus6bHcPGFWHUiSLiM84cyDLAqeQQykZz0Gantk+JHh6FJfBnxP8U6WIj5lvYab4j1K1i29UEcaXKICB8rAjABOASStNgkZyUJZkYbQwQbOAcHB7Eg5C45HOAK2rf7MUEbKUKAkzIwIJAJJ4xyMEYGOgGOeeWpRw9RNypxv1bstU0tJLXbZ9tbNN376Nery25pNp679HFdG7eW2j6aFW6+OH7T2n+Qz/EHxtNDGy287y+ItSkd1PG2YR3OQuAACNxyeCc5rtvCetftOarcrrnh3x9q98kxBubCXxVqEM7mcnbF5U11vyTnJA43ckE1zyTFYkG99zZAYhZVkB5AKhSTnAAYqD0IHBrsfDNzYRqY7xLiK8LCQXdvI9pggg5wDHgp8pUkZzjG3OTwVsNS5Ukk7O8U7JK/KrptNtu92ra6qyvr6NHEVLJOtNbW5ptPWzXK97apWatpbQX4xaH+1z8RfCmn+GvGsXi3W9O0qV7/TrCe+a+tYDtBURMXdjuIyzOT0yeK+BfGHw/8AHngya2i8UaDf6KLoSSK15D5aNuJyUbAD/KOdueD1zyP0ul8WfEWG8MnhvxhqMcewRwW95eNMhjQfdDOzLgYP3u+cHnNeIeNNR8eeNde0ez+IF7HeaNb30VvNczRecltayyIbidCiEpsjLYBIAIJXBwTyOlTpQk0mmpXSirq3u79FbXRX5tG73sVVp+2cffakmkpyb2vG173VmtH3TufFGn6XcOFW1hEguV2Kiks7v820gADnngDAYEeoz9A/D39mT43fEi6tdN8F/DTxP4huLkIkUlppd21uqSMFDvPs8sIM8sSeDnIBbP8ARp+zxD/wSK+FWi+Hda1W50LxD4qsdOtptUl8Qwz3Gb4wgziO1bdGGWcPsyMEYB/iJ/QXQv8Agpp+wZ4UtIIvAPijwloYtgsJt9O0AWkkEPKEkwwrk4yNz4GRntkeJXzeaUlQwWInNOyvFxjJe6l0k2tNt+vke9guHKFTlnWx+HhGSUnGNRXV1Fu6ve6vfbbfy/n5+F3/AAQ3/az8dW9hJ4k0zSvh/YXaCZ7rVroTzxxYBYmCFt4YjOEwCDxwQRX6G/DL/gh38D/BX2O4+MfxOm8T3VsPNvNG0V0tbYBGBZJC374kjK9d3JHtX3p4n/4Km/sl6taG3k+MV0tu6OkTWNhOkqzMo3APGoYkDhQqkAgdME187eMf+CpH7HPgHwDrfi3wzcal8Q/Gfltb6f4Zkt7lLm8lUHEt7cXIMUURkw0hQh2TkfMy1408ZxDipOFHDypczUVeGsY+7peXay1fS1tbnv08t4bwMPa1cVTqOK+FNSvZR1W9uzd003daM918M/svfsh/BPTjP4R+GmkaPYWoD3Xi3xFBDNbJCgOZnuNRV0jIABUhhk8cnNfJn7SX/BS39k39ny1n0r4e6PbfFzxwqGGC00tlg8OaZPGGCm4eDEEqow5EWW4znuPwX/ah/wCCgnx1/aLvtZh1fXdR0DwZM8n9m+DdBmntNMsrU4EcU8kRR7sqvykuX3NuwMZNfAAvb65hEUkMnlP5jiUJKXkd85LEruPJySx5YHOQDn1Ms4fxMryzLEzre0lzqknJxi9N7q3ray87Hg4/ibD05OnleEhS5YqPtnFc7tyrRad9Pntaz+1v2i/24Pj1+05f3h8UeIbnSPCUjyR2Pg3w9JLZaLaRbj5UMohKG6YINuZWkzzuxgbfiHVrS9t1iilT7O28OgYuu7PVgCeWyS2TwRk+orY0PUdR0+SGMRq8Cy+a0Lx43BTk8umBkg7Vx6/Me+3431tdSsbY7IElbfsxtM0GAQVJReobG3qQOecHH1NPAUMPS5KVNQSS2VrNKLk9HeTbdtfk3oj5Gtj8Xia3PWnUqyktpv4bWbt0STto99VZ3R6h8HfENjPazeHdVuVhuldZreRgpEoIwULHPByABjPJPXGGeLvC/wBp1W9W0igT5iQXZRvB5yoGGAxnA+8ckHqQfnXRdUudIu4p0Z2mUxNFIoLMrZHdeCCSAyAYHPGRmvoHw/4nXxFZa1JfySRaxBbMqgLsRoVjJ80FgCGHAAzk9QMZCxGU6DU7PkltGT6Llb02a67672stNHRo4qMYyXJOLTv6JK2u/MnppZ+hxv8Awg2sRXG6ONFXaCmyXLHOCCAWwOSMjuwzzmoZtA16EtALWSRgpOWYsoz6cALnuARnGfmFY9prmsTJMILu4JQuI5SxaXhvu7eccZO7GMY68YW41vxUjRpBcTGYKDIWCEMDtGTz7nPTgnGBmuiFaTba5VezV3J2T5baLSza723a1OWrgqUZJOclZ6rdW0vZa2aey0XaRzOqeE9VheS4SzmyygPtywYnOdpznk8Y6DPT1yoNP8QW0LRvb3OMEBFEvGc8g8EA9frzkHmusvL3xNczFhfO0iqHaNFIXIABUjgZ4+uM9q7jTdRlFjALuNvtoDSTHMeCgIGBk4OB6DkZxuwBUyq3fPJJNJrR3T2V2rb7Nu7+dnZxwtNaKV02lZ+aVn3V76K6d7q10fPF9bakE3TQTrliGBjkJBHc8Eck4xnBOQMdBgyRsFIMMuAwVyVccZySf4fvZ6jGdo9RX0bq+qaUZN0oJ3rhox5eAehYnHPqQMHp7g81dy6McRrCsiyAYX92VyOpJBzk5JIzjHYGuepNKV7uNkk3aN3ddNbrS+iXVO/fanSUdFrql37cumiWtna+rW66+v8AwJFqPhZ8T3mYRM2mGOEMMEngKvK5yMdh0GQcYqO6thP+zr4hjXDk6hbhQRyzKzbgO4xn/JzT/BVwLXwL45+z2qmKeySMhM7Ucj723oD1POTk9eaq380EP7P2oNNvixq0ZdVZiWww3dCMAjjIx368111JfuotWs6Ts9ebeO7el3fRJ3919U79dB35lq7NJL5LTa1rKWj7LsfGQsJUIP2ckCMcAbsMR3A4JPPTPbBK4JoXOlygbnRgR0GwsCOoJHPPA69enSuziv8ASTtf7S0YO3CtyVbA+Y5OcH16cDGccbUdxYSqdmo2oGV/1pjZycgYBIxjOODwBz8vNeVJ7Ld3iuZJ3i7Jb3Tf6cu3V4tu7aXTblvZNpvbVbv4baJd2eNTabNGjylC20cqExjI4JyCfp1B9BzWhpCNHNlsqHeM7hyBngDt3JGeOe2OK7bVLmWKRoYlt75G6C0RXkbdx0A4HQHJznpkE1j2v2P7Qxkia1m3KPLmyhDAqeFOBnKjHyj064JxmlJqOnM9ldK9rJX03u3133RrD2jTunbS6tZ3slovuvrZaapIt2ki+fdA7seaCeF2knnOeO+Tn157V0dkw8uSNuuGC84AJ/Xudvvn6HnLYxGWd9uFafA2ndxn2J7jqTk5I64I6K0jG5sE5ZXy2cZJHX3Py4AAx6rjGFG2sXZ28tOlult/ndGnLdpvs1rvfS/Nsvi66tq3K9deZ1GIyauTnOYewx8vTAz0OQeec8A1ZuLO5FugjHzMFYNuZWAzjr2+XoeRjg5JzT50U6rIH+V0j2qCwyTkkYzzyfY9uFArfvbaX7GgYncwQAjblQQOOCDjP8XoOM9ruk1rrrbys1077d9GOSjyaytp026d15J+V79DndMub6GYPA7KqEAqW4aQ4HcEAjoQRz9cCvaPCepXM2qRGYFpGiRCOiBdpBwpGCQG5x1xzgcV4vFbSRSKEl3I0vzbTkgZz8xzycHHU8Edq9D0fUIomiaO4MciOFbJ3EkL29QckE+zEHgUaNWbaS1vZeV9Hp0vfRdr9MFBODV5JWWjt1totFF9Lu+rvq3c+t9NmLohDBFChdxYEHJxwDkjGemAQuB3FUfiO6y+B9ViWRnwkRZuMfeBPGCp3Zx6444FeTaJ4ivlLbrlWUkuAHXqMcsCcDODkHJYHnpmui8Q69car4X1C2Me35Y1LAEgnIPQDABXgE5w2SyjjKcVZWe219Ho0tWtk+6eq3vqn5/snGrGTvyxtzKzTurarS60d/uvq7uv8PbsQ2lpDLGzg7NrquDtCjhsAknnk+nJ717mv2dk+VgplymyQDAyQQx5JPTI5JYkZBBFeYfD7Sz9i09nwJFTkORlVbkDBYbhwCcA9RnpXskllCyDKLvUsx2sOSoABUjkYyPl4Hzc8cV0Ru1FWtayblbtGyXezvdJWjo/I5cRUtVk4xTScbaXeqjpbduL0bXZPRq7+X/H6wWniucMA6mzUsVyAPRgxO4gZ4AJXAB4IrhXRppYsIxDKdrKTu4LAFyAFYrzwDjvkcg+gfES1E3i90dsF7NQinIAOMYAB46kZPQZzjNV9O0JXNuEAU7dxzuAbPscbTjkZPfknNKUYu+ztr6t201t8tVvfqdqrWo0m3JKyt1W6etrPa1tFbp0T9G8BfD9NU0a21GQqWjlblwSGAYYUZwpY+o/2st1z5bruhJbeMfEcUSsGgMbhoyyfMQDwV6HpzkHPA6V9k/D3T47XwlHEu0v8xwdowQwIIHJGR788AZGcfN+tRKfGnisEAnzIVY8k469V44IIJHYjjJJrmlRhJwSScW/eulLRJO19dVbqkk7XVmzhwmLq+2rP2krRWnLJ3im10vvolvt6nk954k8ZeGrqKXTvEOtaaQN0YttQuUVACCG2BwCMZIweueOmPSdB/au/aA8LCN9M+JOtSRwhWWK5la4QIANqkSlhwBjGOuQByc4uvaPa391DFKxBSAEEfNt6EdPvHHT19ulcXq3hm3061adJiVaNsnA+U7eFK8bcHB7Dk4xisqmV4StF+0oUp3trKCs37vbV7d73113Xu4fNsbRfLTxNaLTSSVRp3fL2k7pdfmk2fYum/8ABRj442c1tb6pJo+txS2ibze2aPLcuAThmCZBIHJzznI749e0b9v+3u7cR+NPgxoOtRzBTczQW0KStuGTgshPY4UYJBA6gV+SukSmbV7Uz7goBVC3Iwj8LgnBU8Hgc98YNfXemaBZzWdtJ5K/v40JCkgIQpB43fL05wRxg5J+75VTh7L5u6oOL0s6bcWk3FaWa/Jt9Xbb1VxfmuGUU67qxa2qwjU7aPmXpZq/c+2YP2mP2O/FUITxZ8GL/wAPXLgqJ7QlVUuRltsSg8H06898ANvtK/YK8fW01pbeN9Y8IGZAzRz71SNuSoLygIME4OT3wNpINfGc3hOB3KvGr9NoPJXpznng89NvTrxXCeO/BtjF4e1m5jgiEqWxYMFJOV45xxu6kcAfLjJxg5rJKlN3w2MxdFpqy9o2orTXld9Fu97fltS4whXmoYrK8DiHJ2b9ioSeqvrCy1/w7bvqforZfsjfBPXrRF8B/Hvw/cW4gX7PHqF5amQswypdUkyh5wQ2TnJO4jNc5rf7B/j+S3zofiLwp4hTawha1vIo5ZQScMG80qCRjJyDjjOev44aHJqFvsWyv720Y7RvtryeFuvGAhOMYxjgYwe5r2DSvHnxZ8POkui+O/E9stsgeJf7Qu5YgVGR8rOQTn1x1/Gk8DnlNxdPMqdWK+zWpRu1ompOLvZpXT726aHa804YrNrF5NOjOSs54eu1FO8XqpdL30201fRfXniL9kP48eGkKv4KvLpBIfn06ZLkKi5JYeXlipw3r2wSQcfLnxD+F/xG0bWdNk1PwX4mtFhZVllbTLpkTaSQxfy9uODnoO2TwD2/h/8Abg/aT8KSiMeP7i/SMoqQ38KyN8rZKsXXoTxkHOeeeSPddB/4KVfFm5LReKPC3hbxIltEAzXNlG0siqcEjdGQTzjpwR2Brf22dUl+9oUK8Fb4JuLbvHdST+Hz08rbYywnDVeSlRxOIw/MlaNSPOov3Xq49NL37q+7PkUvfQOY57e6t3jGAJ7eVHBwcqAUGCDkkgnnoOK0baSecRkbWMfztjIJKnJ+U4YkjnhSCT2ya/QHRf25/hJ4gO3x18BdLlMqKTcWFlaoDuGHb5Ygw2jJA68kjIwD0cXxR/YW8WK/9seEbzwvLcNsPkLKGgZ8KWxGAuMHheCD0OV553m+IhO1TLsRFdZRUZK1lppJJ6vbXQhZJg6qi8Nm2Gu9FGfNCW6strb/ADS7dPz2gmjlDfK0TMGJLYUE46AHk8En04PHzCvOdViVvEujrEiyKrN8xAA+Z8cjgZHGQOeMDHBr9Xbf4Q/sW+MIpT4Y+KsmhTOC0S6i6xxqznaNpmwzHcQCSeFwAMAk8nrH7Bmg3+r6Jf8Agv4yeF9ZXa00ML3cJcqQSqBInLEnAAzkdOeubjnmGkm5+2oNp2VSlKPVKSSUbJdLJ7KyVt1DhrMlVbpVaNeNmn7OtCV1Lla0vo20lt69T4T1CwEdgnlsGJdixAHy4BHJP/6zyQM8ipp0KExxvEQAM7mABIz95uQM7SoB6Ae9fa3iD9i74y2wmi02z0/WIUyytaXcYeXJIBwWBUMOnP1BAzXj11+zx8YdCmlGo+BtWIgQqHhQ3CkgcgbA2QnpnPXox4iOYYOsuWOJppt6JySe0Vqna/bR31bstmp5TmdBNzwtXRaONO9rWb1Wnnrqne255tLptvgbIwfl2jO0gkAkHqdvORkZwPwzxPjHQ0Tw9fzgEkQktGD8oGcLnOTycHOAD0PSvUrrQvE2jTAar4e1iz2YjLS2E6rgZyCxXBwMbsHnPpXO+K5kfQNWBAjb7FJmKRNrjHRsEfeJA4xjNONSHNeMoys7pJq97q3TVb3ulq/I41HEU23UoVVfS0oyW9ldtp381Z9krnC+AtNjGkaY/lKBIs0YO4EEk45GR90ckAk+x5xd8R6KkOpLHHhZDbqcgkgs2RgEdAVIzz61ofDw20WhaWZpAFCSyADDFW3EDKtnY3HouQMjIxW7qdpJe6rFIijDw5JKgEqx+8cEKgA6DIPPJzknZ8nPzaau+73fLe+uiuu/XbQIyav7jim3be6+FvXpsle3e66nmS2DK4Rg25GGCOSMjLEFgAVx64HHXOcd9oWhHUZIftCiVH/d5KDruAVgQdo7gmluNFkiuDnLIwAUjngjAboOnYrjpknoa7LwrC1vfW0JZvKBBLBc4ywxtzxkA56jgHjFZYunahJwVr7X3duWTWun6PzKw9WSr0/eaTklK1+613fZeQl18MLO1uFae2W5huQ0hiUE7lRCVAbB5U4J54JOe4r89NVju4/FevWltdXUEMGp3MUEcc0gMaIwCqoDYAzyFBGce1fs7/ZZu5IbsErbwW8sZICsCfJkyRwBgck5J55AOAa/IC+tlf4jeJ4lUvGutX2WHzEKJCSAOT6ccD8Ohwk6mIxNeFS3LDlvHXRad1rdu2m/bXX0OI4QwuEpVoVG+dOzvv7sXe+7/rrqqSjX04TU9SUKOCt1cEY5yB+95ZuoyMHqeeQ1bzxOzjb4g1iNw2cfbLgAADgfMw79OmOOmDXpT6fFAFVVYnKlOMgk5zyQMk4PDeg4piaUkpLtGAxY5bIA542gkgc87s857cmv0OOBw8pO8UktX57O6er69nvs+v55HNpxlZSbV76yfS2zV0tE9Hppo9bPgxrvjm25j8Ua0ignDNd3JJIGcYJKj+8DxkD06aKePPiValFg8Y6uDkMD9qmKgcjLBn4wDgj6V2N7o8Yg3Kp2swVAQAAR0GCOMEkemeP4hXIXunFJGiUEFwMcjaADnBxuBYAdc/p0tYGml7reunm1pv0vZaWd72bu2a/2vUvbma5rJ663dtUvT9L72NK2+LfxbtXTyPGOqM2cqHkZgp5PGWPqevXpxil8OfHr4saPc3wsdflLXV0890JE3GSUDBkyAWUntz7Z4rAS02GNSTnLA5wdzAY65yOO3Qd8ljnB0a0P2+8ZiEH2hwQPmBycH6EZUg5zx69cp4OPNBe87tqV7be7rZ769NXfW97s76WPqOnUm525IrRPuo66dnaz79rn0VZ/tWfGyCNd2oW8mGVlMkJy2OVJJ2jJ/EYb7o7bx/bF+M4QiR7JsbRjyQcrnuDg4OMnrjscEV4rHpEbFWUg8AjOR1HDEE+u49zkHI65mOkoWG5ckHBJZQu3jjnOO2GwCSeMjNU8BBt6taqyVmraNPrzeSe3R6XOCWdzTaVVu7S17q2i6tK/l9x9AWn7cXxTt4dj6XpblcD/AFMgLbRgnkcEnA45BI4yK3Lf9u/xwyIl34W0tyRhjH5ys/fA5GMkbhyOvy5GMfL40BGJxEAoIwGBw55OACM4wOvOeemaVtEtQ6SlCxQBWXOAp/h2tyMLjJHXIx0FH1HpzRbWl+Va7Kz0S7Jpdk720Khnb9394r7O17XtHz3t06LZ2d39XL+3hqzAJN4LhDMhV2SV1bj+IFjgH5h25xtPBGOgs/28dOt4l+1eCrppjs3Sxzg5PAOQ68kZIXjGTgAHkfEF1oK3LqkMcjEEk4GScgthcYbnHO3rjn7oqGPwy0OUmhbLAMhO7lT0J3cryACOMEehrCeDld2jC7W1npZ6tq/XX/htH2QzXmXNz7Oztpa/Klu0/v1t13P0Ch/br8HXI/4mPhfV0yuMRvGCCOBgKpBA/iz1yOPTSh/bm+GUw8q70jWIYRxtYKw4/vbELHqBgHoe+Mn87f8AhHR5TuEdSASoORkZ5AHX5iAM8DAz0znkNQ0oRzAeWQqH5iSSQcDPcAZGVwQCD7ZFYTwk0tEtHra97XjZN9LWWmttN9DaObNtxcr6J2krpq+mztbR7rRdD9M0/bB+DE/iKXUZotRt45NPWCOVopOGGNykY7nJXdng8966m1/av+CEqM0WsXdiXAJD28jAvx83I4PPYcjpnNfjpdQ7NQCqp2+jcggjhcDnnoB6jBNbEccLKDJEpIRc7s4zjHAHTOcnOegPTJPJGFSUpWfw6K+11bW+j27vS6VjsljZU4qTjH3kmna/WO70ab3s7/kfsfZ/tM/BGYN5vio7ZGBkEtrIuQR2PlqVx26Dk5J5rZtvjr8BJFZ4vF0MU7d2Zxu+bjAkJAwN34HbnkCvxZENuOdinK5LHgBiecAZOFDdgcgAknFCWakqcRYYnAzg55IzkEZ4z17djVewrbp6pWvpdfDs3F72td23tbS5l9fhKS56cdddLaaxSad3d326N+lj9uY/i18H7iNynjzTBI+MBxArKDgAEEH2ySTntngDTh8cfCi5SN08XeHp3iXO2RrPBwCRlNw98EHkA/NuJr8S9L0A34kVWRApySGOTnBGBkDnqcYPJGRzUd3pzafO8RlbMY3ErLJ0xkADPJA7enIHJxboV0t5arTXps27PtbR31W7sJY2lt7Np6JXTvvFN6Wdvlay6Jn7oWutfDa98x01jwtyMqz3VsjMW6HCsvGOnHP0p8cfgWQyul1o04IyrWupRqAAuecSgc8Acj171+EiS3Ee8C/uoweU2XEwye/AbgEE5HPIyDVuLU9WRJDFrGoQrgZCXk65/AHkHI4AJxgdTUqlWk1dNu1rt3d7Rt8763d9U22i1i6KtaDjp01/lu0ryd1d66+e5+6EWj+FroyFL+1SNTuRV1RixI6AYkx3IxjPTggVwOveG9AuvGek2KTebDJYSSujXrs/yYIZJVkOF7nkA8ZyMY/HaHxB4khAC+I9VT5lAIv7gndwNwO8AgE8jAABxywJq9qXinxro9zp1wnifVmmmhPl3AvpWdUPVA2/5Qc8jg/KQeBUTi6fK5xvfrdPVLvo23a93b52LjilJ2hBtcr0a227KySe+rWqvoftMvwu8OSxNIDFIjAyfJqFypjyxJBxJgHnpgYwSMdA9PhV4bmQrajVoXXALR6pMY9wG3ILS8KRkYIwcjPPFfjNH8VPiTbKi2/jLWFUgAJ9okcNzuBbLYJGc45Zc+9a0Px4+L1kpW38baoowAEzuPJPck8dTznOeOhpShzOy5lFp3ve+lrW6b21Xd9h/XIX1pxv25VbaPdJ2Sv877pWX7HxfCTS1hKpqmtwy4ARReqxPPJAZjuAHYjjJpT8IEEJeLxLqkBySFk+zSEH5QeSCfl6EHGf4T3r8iLf9pb41RogHjG7Jj5G+GNmUAZJORn6nnqOMHNasX7VPxpRkJ8WGRlAIMlvEBkkHBIXkHdy27vkZABKVFxSbhJ6WSdutuvvd20lr7uuhpHFUbt8i1a1Wmll5afqt2fq8nwinLzE+LbwbkwBcWlqw245AJQZ5xnjPHU1UPw01YbLdPFAdRlFaXT7do2z1ywiI4wMdMe3b8uT+2B8cYywk8QQSKRtCtaRYYDnIITIxz1JPOdoY1t2v7a3xnhjET3GlyhFCkvBjOejYCjnt0GfccgVN2a96Pq3ptZcq3u09uvndjWJopRfLZK146XbvG1t7ar52XQ/TGP4WeIoUZV8QaLK3l8BrCEuxyTnhSTz2weRwAQaj/4Vh4pig3Le+GpJPmI820KscgYGFA5JGeRgjnAHNfnPa/tw/FO3kWSSx0m5YEtIxWRQ/GSAcbQAeMKc8jIbGRvwft6eO8Brvwxpsz7hlo2kO1M9P9rg5J7Z/O1G2qnZ7ct5La2rdtH2+697i+sUnpyxVratt2dl67WWlml+f2L4o8C+M7TQtUkmi8POI7Gdme3jeGVUCltyDPURjgcggZxgjHL+GfCmuSaDpLXPh3SZkktt8NyZXSSUEgl5MMuO/DYHXOMV8xav+3NquqWF3Z3/AIRjRLy1ltZJopWUruV1BUkHld2cke3B6bXhX9uvTtI0XTtIfwdcyrYRiKWQvHKXBOSV3biMnBwN2edoBOCoTlConPmaSstbO7ts1Z63tuuqb3NIzw84tvljqk3be1tV0u7+qve/U+qYPB+oBy0/hm1UgYPkX0wb5ehyHO3PoRxgknHCuOjTWspB8LXOCilWgvJ5BuJHIwxH5kjG4dSa8Gt/27vCZllkm8KakgkXDovklcZIbHHXHQe/OD12Yv25/h+2Vm0PWYUfG8BIsrjblQAOewP825NdMa9N6upVg1f7UrNtR89utne22l2yPZ4d3SlSezs1FO299U977q2u57IdDvJRsbTtXtlZjtEYSUYHQKZA5IByAvI9s4FUn0G8AVVbWkOWDlrG3kQHPYCMjG3r8xySRjIOOEsv22fhKzFZodZgtwAfmiDMCfvcqQw7dwD9DzsxftkfBa4eELqupWShju32ruc8DHTnI7HjnA4JrRVk7cuJnDa7baa1g99bvdabKz0vYj2OHcrpU33Vo76WaaSS89bu+mtzTOhz2yAH+0HYSEhpNIhYNg5Jf91hhwTgYxjdjgmoZbAXKlGii+Y/vDPokAXC8HIEOSWxwBjr6Zzqxfta/Bidyf8AhK/LjIwqTWLgqxyNxJTGMHJyBtC7ujAVq2/7SnwVmjHl+MtLfB3MLizIyCRkYwByDz0PPBx0l15tq2LdtrObvK9rvVdfvt0B4bDys1GF7L3bK62TT36dlfXWybvw3/CO6QbkhtP0WVuCwl0oJySTglUQhSeCcD+Wbf8Awi+jxJ5MmheEphIw5FuY8Fs5DY43AenIY7gOld8nx2+DF+QI/FXh0yMwXMkcaYTkbdx27c8YJwAepxWsvxM+Dd4oaDX/AAixZgCrXVvHyACxLEq2MgjgEk9DwKqFepBWVaDTXvNPe6T6tvZ/o9Vri8Fh205Qg7rRtJ2+Hz+T0230ueJeJfh94Qbw/rUlx4Q8OzSRabPIHgkaOSNiD+9Rg2PlJzs5z1Hv594J8G+BbjRNPkfR9FkBtCXK3pim3AkF3QuCSBwV4yO3WvqzxL4q+FN14Q8Riy1zwo8h0q7B26jCZPO2YUQp5hMhBGNgBOCQQa8p+Gc/gJvDWlxT3HhczPbOzTSXNvG7O8jZUjduU8jg/Mc9AAK6KWMcXfnSajbm5vRO/u6fJdfuipl1Co1FKny6OzjG3N0dtOltHbbXVHCy/CnwncKJYV0NIHYkIs8pKjOSfvdyvbjp1wBVeT4U+HnAhjTR5V++dl26vx1JBY5wOhI+9z6V9Gx6b4IyqFfD00QBOLbUIiNzZb7occDk9MEnpwcvbwt4Sd9yafYTbo8gRXqh+vIyHwxAwOMj2OMmo5tUilGyaTSb5Yt993rKN/y6N6w8nw9knGN0lovdVvdeivdq266PbofOMvwZ0yR/KhOmPG0Skxi5IkAx/C7NsyOR8wx/dxzU8PwkKW8dhbRab5YJcrJchnLdyWVyvOAc9M4xnOK+iYvBfhKS4ZW0+TBQFNl6CAF52j5zjnJPzZOQQcgg308B+Gppg9vaXsK7QoZbobkYgAEEyc8kgjBGMn1IP7YqLalC9kneCbaXLeXWzVultFtYxlkWGlZcqtfTVtq9rqzldbddFst0l8sS/CHUGJjGn6dKSzYcXm3KL3I3dB/te546CKX4Qyl136KhCLgtDfx7lAAGOWOcn7q8cdRgGvrW3+Gfh5pAf+JosjBhuS4A285G7ay555OV559TV2L4VaYiSkS6gCWyuLhSW5PIw+eMnr0y3HGDSzxpRTp01s3aOull6Pd97bGMuGsPLWKlqk173e2lr7266PS2p8a3fwzvbIxSWmmzRSLuG6ST7QgUEAAJF8zD1HTbyc9a4XW/g94l1WYyHykVh8pWwukHVtoGAoPLAg5Ppggiv0QPwy0xwgS61KKQJzvuOAEGNw5OScHA4Ixx2Imm+GsVx5ccWqanDtjUE/aUPAxliNwycDPJY9eck05ZtCSVqN2mr6WUkuW9m76Wu7fdpYiPDyXMozag7e7Z3uuXzXTe68rpn5O698CPEkaXDSKjBYTgyWt0m4gAghm4AOTksRwQTlsg8xoXwv1CSzijS5aVVeQObe1mmWNlbayF1HbgDGCMDOetfr5rPw8Sw0HWLxNcurlYtNuz5dwtvJzFAzBVGGblu+N2DjIIFeL/AAM+Ful+J/AkOrPYyTX9xquoxzE30tuGRJXGRHHIu1sYxwAOgGSCOepmFO/tPZuyXvJJ2Sdrefq+lrNX0OmGSSUFh+eM07SSaeycbq6bT8tFb5NL4MX4Ta0WKqly4ckgLZzgED73UYyORxgrkg56Uz/hU2uRvvW3vm2kqM2k7dCQBjbjGOfU5wcGv1Zi+ACRSu50Z3j2+YqjV7oHaASOfM4Izx3JPUdmS/AyJHV00S7jUY3BdXuSCScB8GUgA56g57Y6VlHNsOruUaiatyrkflrdyvbXRem+5p/q/JR5VGNk111V2r2Wl9fPu9Nj8n5fhhrxMq+TKgTgNNBJFHznksQACAAMHB6Dr1gHww8QBQgNozSEAKbhVyVyD1YYPJAAXrgegr9XX+DiwXMW3T72LacyoZ47pGPbInZxjHXjI2jOSajl+D8lzKQ9ogjUkoZ7O12jnP3oEDgHoSMn6Uv7Tw7VnCerW0XpotNXor32++448Ozu/sdk1p9ndXdr2astGna2uv5STfDHxPboWS0Uhl/5ZyxuT2468EnnGemD1ABa+AvE1sUlNndLt5+VGdgSMZyoBI+gGc8DA21+q8vwVs5kcNpVg+xdreWbyNi2MsflYdTzkEnt93BrPPwUjYg22kTW6oVIlt7yRgcDGVjnbIBJBz2HYjAqv7SwqSfs6t9F7qtfbfXz1f46oifD1R25JwWmqTu29Lt2v2XVPVq5+ZE/gTX3ieV7efznByHhlwQTxnAwpxzz1649KMvgvXLeMF4ucDzAA5IA65GGZf8Ae+9/Djmv1Rb4S3dvEpt31aOQHB3rYyqVXg43g+vI7+vUCifhPdIZbhptRV3X94r6fYOqk8FVAiO4gk9Pz29T+0MLJ2SqppLRq6WsV39U0mraNdjF8N13b3722tLR7Ls1300tqtN3+XN34Z1RbVHWNGjRCxbYzMAw+4Pc5+ZuMYYivLtLsZofFwSZSiK7MZDG+CCM/IMZbjGAudpzjjOf1nuvg7eXMs7DVb+3t8kvC2k2rYI52qRDgAt3JUcZ5zmvPJvglFceKrJH1hzdrZz3Np5+kQQibBwUOyNVdlBOS2c9lbcpK+uYabpvmmpRkpvmpy2Vns77W6N320SYo5LiqPPZXc48q5pR12V3tbV72evV2086+EUss3w31h4VEiRwXJV+RkeUcgAEjpyfpgCvhvUtbuPtd5EPL+W4uEXAZCMzOOmc5U5HUn619z/BGOSP4aaxtkQx+Vd5iXIZlWJgfXI5AHG7g5OOa/P/AFlT/ad+gXCi6uCGQYAzKeG4U9+D1wMHkg131G6VKlJu10tVazso3e2+103ddWtDnrQpSly2T5WrRt3UddraauyvrurbTr4h1Lyns/PxCVIZVQAgnqAeOCcj+9jAwM5P15+zDveXVZZXKQ/YX56HdsJwcYJwRkggcgAk18WRW08zxpFFJMWBJKBjyODwAcHPXb65OcmvsX9mxzbR6qksmxI0dZAyHIdt4wQRggj8mHcDiMNVbxEHdN6rVabRWm+urV/xTvbWnBRoTVkkmmtr/Z+d9bejTXW/z/41ugPFniEiVir6lcopwPlzIcAk8qeME9DxgZIrnDdSLGNnCuwDHkkjOCSR1zuIzkk/StjxZYXV34o1ueO3maOTVLjy2RHKt+9YYA4+9gBvwPGOGW2gakyRobWYCQ5j3AqAR3bOByOADx/ewTVqolz8zTabS21d1fTpvbS9r6baZunUjGMkr6J72bb5Wr2vft1V979ej+FS/wDFx9ALqx/02E5U8geYpB7Z7YBJJOTxjI+ovjrx4ttwCVBsYghfAXJwASW+XpyR7Y4FfMvw2t5Lb4k6Esqski30cbgAsv3kBPI49eh+oIwfef2iUkfxXagSSYFgn3Q5ByQcfLyDkcgjJyDkYAOEZSipN7Kas9H/ACuy266vZ9Wip1HKFrP7PRNbq6eze/Tfurs8m1RLW3t0Z7kB/wB4PlZGUsDyBgk/73brx6+bTyiSWZlO4eZCozjIzJgE/QEY4yQBwD1tXkVxJu3FhEoO0kMvqMMSR1OeMkdD64wkLxGTcvWSHBAYqSJAM8jplfu98ZwVwazxNTnja/Nqk7vdpJL020s9b+SHQUVVi4tK12ldb2/JXvazTVu2n33Fpdnr/ge0sNTBawSys3n2NtbYIl4Rj3O3bnvnnkgn5a+IvhrRdNeBPDGnXTROXR5Z1LMwz91eMEYJweACMAHoPftV1W9sPhp51moMrafaIpKl8t5KjOOeVHGT0YD6V8zJqXizUJsSfaZCoO0SBVVFY4yhYg7evPYcfLkEc+Lc1Km3s4KLu97OKslts7XWuru9EZ16s4VLwcXG6ve2tmnay3dm9HZ9+xwBtJoJo45UkjkE0PDA9CwAxycsfujn/ZG44FfZHxFs2/4Z9tFWPeVurU5Y4++qFc/yBIyeSBjJrxiXwKw8LzeKdX122tr1b6OO30g/NdyoWC+YMEgY5O4HJIyT6/RnirTG1b4Ew2ltBJcTm4tAPnC7nHlYzkgZHIxnHA7ZxGHqqVGu95cqSetm7JJK63WvfzudtCqqkYSW7s2rXTtZp3s9PK2/fQ+PPh/4DufE2v6bZXNqzWl3cqHMcg37A2G25YEsw4GckY4G05r6F+Knw48F+C9EtIrO0uYNbkuCY4513HyFOGO0jgMOcngdAckZ0fgp4Qex8VaLHdw3FtdW9zG5b7Qlwqlv4UhRmY/KCWyB82OvykdD+1XarF43tCJ7p4hYhFdlwPOx84CcAEE8lRkHnAHXzZVZPEUqd7KzbSV23omrtRej2V3vZvZv1o04rC1Kvu8ylFK6jpflu7NR23Xd3aVzU+GYjk+CHjF4rb5o7WcHA+7nksqkdcjqOCOQOufjieXbGGKmQbnUgDcwJY5UkEtwSSpGRwcA9K+xvhQJf+FOeKl3yrCYpUKNGSApD5LnGWBKnnkZ7g4A8AttD03UJo4JLkwRlSzN5ajDZzgYAJJ/hPPBHU817GI1hS6L2fa137munyV3ot+550YTl0XxK7i1Zbd7pOz26vzvbx6e5aQwrJldkke1QACcbVIJxwRkAr0IPHt97WdjHdfs5LFKjpbPqkCtlhuBbG4kgY69s9cjHcfI3ifwto+mQWs9jqEt3K85EkZUhVIIyOOxxz2I5HPNfYBU/wDDMksZlWOQanb+VtcmQqeinHOTx+JyOCAOaknOFVpu/Jo/K6T1V/JWVt0rLQ6KSjCai9bW9HdRaulo9O1rWfXUxfAXwC8GeJ4pnvtXtdN8tBJHLqN7DFFMz7QFy7gjJYYzyAenFUfjh+zz4S+GHhqzvIfFOiarr17Kjppek30d0sdrL8yOzo7FXVPv5wOTkd6+YrmTUjN5cc1+ttHtDxG5kwpXP3VVgP4iAT2B47CTUJbqUrITMzIIhI1zM05QccKHLckZB6YzkeleLVwmLdSEo4l06cGueHKrzvy6Xtt16ba3uelTxOEhRnTeDg6luWE1OS5dru2t3paytdPy1/S/9kv4U+F/iZ4V0rw74juFtbXWtWtNMMxZEihWRwpa4kbGI1yWZgcgA57mvrT4zfsV/A34DeJvGFjf+JNA8U6bpfhiz1O1t9MkLm2u7uMNFETETK5RiS5fIBznivgr4a+JYvCHwbttZS4ks/s2rRuyQSPHOxJV12MpBHTk84OMBcjHH+N/2hL/AMR6jJKjXzW+p28dvqTzytLPdwxKV8t5ZpPMVAANqggA9Oa+cz7IMyzLG4apSzKvhKEaap1KVCbi5uXKrvbW1tbaR+8/W/Dni3hvh7A4tZpkOX5pjHVvh6uMpqooNR5UtXe3O4vW17WtexhftJX3ge+j8FweDprJFtNPKaokECxGOdiAIWYDLvjHzHng5wCcfTHwM8b3vw78AWvijT5rSS805hBaxzAKv7xAvJ+UqCScjIHXnkV+fmvatpWqqyWmlm323Xm+dO5YkEjI4YkbehCjnPHevrDTfIt/glcT3Z+xwC5izPwxX5VwQB0GM4I/IctX0WW5ZToYCpgK0p1o+w9m5zcpud4rmcnJauTvta217nw3EnECzPiGpm9Ghh8H7SpCpGlhISp0qTjGMVGEVpa8ea9vNIqfH/45a/8AEzT7GHWr1k1K2vZzGtrMFt7eGQHqEYks467iRk45xz8gaLbvH4gsGlkMhe5ViZA7EsZM+YSRk9QVKnkfQY6u7vvCIup57qS4vIcEhl3jzHChQzBiF6jAH3TkEcVkJrGiXmv6bHpiOSrxCQuylmG8YAUEjhcdByQCCTg1rl+BoYL2EKFJU4RkrJLXRwV2rLR2XfVbHzmZ4utja0q1Wqqk7Rd2/sxSjq7LonZpbNXvofpR8T/jD46+HHgDwBb+Dtfn0SDUNPD3jxEF5isIUBVADAcY4GOc85DD5M8T/Hj4teKbI2Wq+MtYvradQrQmaRYpIW4eNkVgNpDDzB8oZDwDtFdh+0VqSWXhv4ayTu8UI0sDABbOIxjg8bSNvIzx6lSa+VYvGel2kiObtnVVI2BQcE5HHbOeA3rkjOMUVsuofWqld04OcpK8+VX3Tau9Xtf5p2aszR5ni5YelRjXnCnCCj7NO0U9E3a6VnZ3fdbanefDq8uP+E30W2dF3rfqxOCrCV2+VxnDZBOcE59sV9FfFv44fEzwL4yutL8OeItQ0W0W0td0VndTRiSUxqxkxG4AJyM7do59S1fMHwt1KDWviPpc0EWBJfWuzaxLEeau4E9AQAxIPHXvgj0j9pnVNP0v4p6lHNFIfLsLI4wWCsY1xuU8hjwSOQDyO5rqxGGpVsLGlUip01Je7JXWllezunpezT8kc+HrV8PKUqVRwnKycou143V72s227PR+jsYPiX48/FXxeRLrviXVdYECLGq3zyXEYjBBG0MTyVx1HXHOa7T9nu7uZvG+p3U0qrPPp0soIUqitsYlST0YZ5HYH1zXzjF46s/LbFoyYKHCooRsHAyMfKfxB7kHgV9Efsz6lDqvjW+ke3WOOWwunIyByImVA/A74OSPzxtaMvw8aDcacFGLTcbKy266bbXW2mj1uXXrzrSjKdWU3/M9ZdLu922nZXu+l13OH+IGmarq2p6pcm3Ny0d/crAWIClTI2cHkk5JPHr0NeQ3Xhi8iVd9msU3zOQ+9gpxgsOxJUHAxyBwM4FXvHPijXk8XeIba31CSKC31a7SGNSQkaLK2FC98A8N6DGRkEcDca9rN05SbUp3K7gAGIJOcckAcjPbAHI+6RUc65mpKPxNedvdT33umlomr2T10fLOnBzUlUbd0patJ25WtE/+BbV7Nn1P+z67xeIdNspZWjI1KMusZcKygZyegzu5Awc/e4OAOq+IH7SfjHwh4y8SeGrZrefT9P1YyW7zK0kg2EiNWfngdgRjr2OK5b9mmET+KNGkl3Sme5aRnfBJeMEcLnP5Ybtng48t+NeizTfEjxdJEsaA6nKgYtgHDldpwckAdzk54xmscWqThB1Em7u1k7pWjeytte3W+l2k3r30PaRp/u3LmfKtG76RVnrpZu2nXV7Jmxo/xXuPEnxF/wCEh1i1tluNVuEtpYUACuZUeNGXcm0sS+Tj5snsTR4z0+Hwlr9wNatCTeXD3VrGJFP7mY7tpXO0Fc/d5GffBPjNpos1neWVxlVks54bhW83GWjdXGzBBGMbSTxg969U8U3UvxAuEv7sxw3NnAkEO2VmLYGN4BxksFAYAEk5HJIx588W4pKnKS5Vo76WTT0tZ2VtOm2l2a08L7SM1UjeTd1zb3bTd/K2lnpstysninw8+yH7O2ASSqwxBgGPGG25wc9/0yK04vFPhwlY5LFiEyMbRGWPOQSgwxGOWPPsOSOAfwZqyRyXFvbNcrGdzOkhG1evIbDDA6qQMZ4HIqpa6Hf3IkZYMNFgEM24K467TkdRyQOTx3GTi8VXm7KrJ+XM1u0le3a66d22nuU8BTb/AIUb2vpd3T5bNO0l1100v0PUf+Eq8LLInl6dtZydysokzwMBiwwNnrkdMdcGk/4SLwqW3PpjDLZwCVUnOAVUAAcDAAwB0GBivN18O6kxdooizICTgg5bHYlsnGdo65PB9KtQeG9VlSOV7WULnBwzbgc4IIySuSCemRg+ny5yxNXlfPWlqlf3pW6Kyukr66dNb3dzoWApRiualFy0atFqyTjbeF7ta39FbZHokeveEZGdjpTnHGd2AOnIGf8Ae7jBHfGQDWvCzmURadsXHZn3t3YYIOenJzz64Brjf+EY1ddsjWk4UsNwVg3Ofl4B4B7YXHPtmrf/AAiWthY5ILKb5yCSXBGOmWyeg9fTviud4jmi2pzbVt2nazV1o76p6aWeg6eGcJ2VKnyq1rxvqkndJp321VlZM6NdX0FXZk09SF5KyHcygYwFVuT6EjoMHrk1FJrOjSM7RWOAq/OA4UE4yBjPHTjOBz1+9U2nfDbXpo3vrq0KwgZ4nVWOcAfK2PUYG3Ge+OufP8PtaiuC0cKBJMyZadT8gzjPzZIUcD69DgEcqxalLl553bf82qultZvXzbT9E0dqw7cb+yp83mu/LrsmrefzWwi6vp0qkizbAUlR5g45wMjOM8+i5FQf2zZ7gosYyUIwG25fOcAnPr1ySVO3GMcaNr8N/Ed4XEZsgjJ5gKzoHK57sGOR05IyOeMA5vN8GvEiyokk9nA7RiRQbpWkddoIHDgA/KD8oJGMYHADWMs1eq0+mvvO/LtdXt8tfRO7hhKjXN7JStb7K7qzs1rq763t3V9cGbWLUMp+wRBt+CQFwTjoeMBQRy3HOc9BUh1VTh1t4olZgpwsZBwpHJIP5k9yc5IrS/4VbrkXmfaLiGI7yodpTtwo77SQDjn5iCW4PQ1pRfDMlYhLr1gARl1MznB4wo+YLnPTGM/KRnAw44yTaSqSei2ba1tZbOzvbmfqweHm1rSg2rO3upLbW+t9vyW1r8vc6xjBjRVyxHzRKVbpgnHYY6ZwABnsahbWHx82G3EBtigkluCysRxk8EAcnHbOezn+HFkrsT4j0/GNgj808445wcYGTggkHqc9TYj+H+jxxRJL4jsoDuQmWOQsHPGAORtPOG6/NnBPBL+tKC1lJ2u7tvXZN3Tt3+XdMhYWbkv4avyvl5lZK8eqeq0V7pavqnrwT6jMh/d+YA+3jbnGQCeg6n3xggHrjD4r6dcq87jcp2KqYOTg/eweue34ZJr2af4N6fDbm8/4Sm0mhMSvmJ2YgsARxuzkBsEY6AHkjNMi+Gfhy3t4pbzxraFpd2xYYi7phSQHLBSDgYbHr/FggtYyLV7S133d/h6JXsr9tNW0zuoZVVqytek9FfmlBL7CtZ2dtUlq/meTxXc7AE3DcEnlc5HBwOCByAM9xnPUVaF78u43D5ztKDBYAcc5GQBzgnAGMDPAH0P8IPgh4S+IPiCXRdb8cw+GrAQXE1vqtxEPKleHLAbQAV+Tkk5yeOazPi38O/h14J1Sy0vwR4xk8dWqQSPql4bfyEjvY3w0EZIBZeDgg9OVyDheX+0qbxHsFGr7Rx5nZS5F8O8n7qeuyvZLXfX1anCuLpYFY6c8HGlOSgo+2g6km7NWppuVkpaySt59Tw43YRgyvIN42gsFdSTwOTkYz1YnHBwCcUG7McmHLEsACAFUccfKc8dPxPHpXtQ+GXhu78EWXim38W202ozyhJ/DFvG0l9bRhsbsBS2CSDlf4SfY1z1l4E0u4meOW9kQ7CY4XBjKORlVcuAgYgbiDnnj3qlmdBykk5e7Jxakne/upvVPfS1lslp31p8LZhKEJx9k4TipRkpRkrPlS2bu12d2r6q2/nxuvLIPmMHOAq5VuPQ4I74PA6HHUGnvdAjLo4IKjdnuM45OB164GOh6GvQB4S8NxM8F7d3kexTsmjUNGjlgqkuuT7kewJPNc1f+HbSK6WKyvJdQthkszfIykndyCRnGBwO/budKWNhUnypVFp9pStfTS/d37NdL32MTkFfDU+aToO17xTjNrWO8bLbqo6aN6JXWbHKpw8Lrg8HgMQflJyBgkAYxjH1FXVaRW3MwclcBAOT3IOeMqc8t1OQMHFWrayt7cqxjzFEULjaWkILAOVHK52k9cc5ANfceiWv7GVz4F0641F/Ftt4vgt0e+0+OPel5cRkeeF+YqkMh5TByAQTjGa4c1zqeV+ynHCYrFqpNx5cJD2jjZRbck3FJPZXvd2emqPX4W4Op8QSrwr5rluU/V4KfNj6zoxqNuN1CyknJK2it15Utj4cQqGDNEBnoAwBPGcDknJA9BlcnGAauQyjeVCFRjJL45Geg3Ec5HGQAQcHGDX3adW/Yh1TwxdvN4O8caR4ma0nttOlEoa1Fyilbed03EeW7cyA89gBmvmOLwb4TudQkXUPFsWnw+WZbP9w7blcnyoG2oP3oXAY8gt2wAa58Bn0sbzqpgsXhXFpJV6XJKSaTUoqLlrtv6aXO/N+BVlfJLDZvlWZRlduWFq35dlqpwg1dpWsra6O553DcWsYwQVfcMAgHee4xhgQT06g5GB1z0NpGbkYjVC3BYgqAijJJOB05HPBz0zzXS3fw78FHElr8TIHYIPMtxY3DyjJyyKFQjPK8Doc9GX5cvT/hnr82piHQrfxXrtkY2EU2k6Dqcz3JYjCqqQPkYACqvpwhxmu94tTckpTTtonePNs99rba69L6I+fWVVqelSnSqR0vKMoNr4X9lytrd6pNJ7CTo0a7HLlwFwoZQdoOM5AzzwR05JwMk4ozzqi8+c2cAAJnB7ZPPHGB6cn/AGa9hsv2ZP2gtU8y70P4LfFPVV2R+Qx8MarGHjOAH2yQZyeeACMegznftv2X/wBrCe4i0+2+AXxHa8m8sCL/AIRi9CADj53NsQNx6jrzz1pQxDu7XnZJvVtaNLdNK+6tbW3yZUy2Kj/DUbpNOyk9OX0d9ls16aHzwt2AAhLM3JAEWc46Y3Z356E+o9qniD3CZZXY7sRhU6EkcMuCe/YdB+X6EeFv+Can/BQXxZLYnQv2e9Tt47hAFutTigs1RmAz5wnCFP8AaDYOAQD81fVXgn/ghz/wUC8UhYvEtj4B8BWckgJudRu4JpkUk87bYscrnJ3AjORwcCtnWrpL3JO1nonJN6O1knsn2+5tGcMppST5pwikla7irK0HreWt79rdG7n4iybllELLJuOS6FChRRkDjbyCeB0J47Yq59nnVWLRpGu1SrMSAcjaM7cdevHXqc8A/wBDNr/wbq/GTzln8a/tJfDzS12M8jW7tuboxjwTgbepzgkqMnAr0PSP+CDvwR0WSA/Ej9q2G4YLsubXSGtTEwAwfKZ5B8w4IHHJ9QVrvoUMbWV1Qq8ui0py0urrWzeummy1TemvmzwmEoTkqteikmrJVItpaNP3W7NdFstbH8zkqxxpIXkjUEjJOGUluCF5JAxgEcAnn0qMzwRp5kk8MfJEZOMMOM5/i5UY5+U9OgIr+snRv+CRP/BNnw0sMfiL4k+I/FDxfM5kvlthMEOWQ+TMOGI6g9D1zXeWv7Ef/BKTwpIkkXgWfXjaDYYL3Vb6VZNp7oH+YnOc4IAPcjB7qeUZlVdlhqqWii5Rl73wu9uXbXuvytKrZdTcebEUuWLV1dO70torX8277Jp2uz+QUXMU0eYpvMAAXfDGzMSfmwFUHJHXnJznC9juWmh65qkSmx8P61qC5UJJbaTfSZJ7/uoiOvrjnv1r+x/RNP8A+CdvgmRG8Pfs9+HLuCzI8mG5sEuXUoMBmM6ZfGD948+pHyj1W0/ac/Z90aFovCfwJ8AaXHEqxIJvC2n7yEOFIEVvgsAOWYKT1zyM99PhbMakE3TnFzd7SSWvu2tq2kum91roTPNMohK0sTF6dErPWOu/Tbd6bdz+M7wr8AfjR4zvV0/wp8MfGev3zyKPs9l4d1FnQOu5QzNb4XIOMs3G7kc5r6p8F/8ABKf9ujx9FNc6P8BPEBtxC5B1eaDTXYkZESRXXlk5wcdcD+LvX9QWl/tqQ+H724uvC3g/w1oUshZzd6TpFjZyhTkKm5oldgcEY7ZJ74GleftxfFnWI99lqq2EZBCizsw0xQ9ctsMefXBxzgZySouDs3qytDkhG2jk7yVrLRWStfzTS2v0wWcZJBNSk6mq0Tb00fLtaT66vvpofzWyf8EYv+CiFlol3qT/AAYWCztIHuPsaaxpxvzFErNLHGoly7/L8oAJJAxkYx7F+z1/wRX+PfxJ0e28T/ETxVoHwlsWv5LabRPEUn/E5QRblkmdEYALuDBMgAk9cZr9xL39oH4y+JWWafxH4mfbhYvsyPFvUjBGEwNoAOBgY7jiuLuX+JHiK5aSeLxTfyuzsWmknCSF8MS4Axwx9FyTngnFenl/A+KptSxeJoz00jytcuytfRvRO+rT+aR5WNzjLpyTw1GWi15ne/ey01dl+j3PkzSP+CMnwm0aWOLxV+0hZSRwr/pCWMcALlcFtjEk8bRyOQx7Dr6ro3/BN39hbwlPG+u/E/XvERthmSNWWOOR15cbofmwcfwnHUn5iK9XX4TfEjU50aPRLmBuWLTtI3DcliXOM5J4Ock4GcnMo/Zz+Jc80bNDBFGzsXMjIo2k5zwexA4PQfXB+jp8M4SLi5Vbcr3p8sbpKCu9L7LTzje17W4o5y4fw8JTa6OS62XfVq1k0rbb9FsaJ8L/APgnh4AhijsfCF74hkt0JVrie7YkqD1Eny5988Y7ZNdG3xQ/ZK8P7F8NfAuxmaMMqPcWdvKpI4+bzIySGCgNuJ6HJyTXIp+zN4ikk/0/VdPt3Rh8qHaVB5OMZBYkAHB7sMMOt8fs2WhlUX/iUqY2BPkR5Xb0xkEAjgA/mGPJruw+S5PRk5T9pKT1erumuXtZro/Le1zOWcY+clyQp0klFWSiui03dtf7vy3F1L9pHwdaKW8LfB/wlpu1meCSXSbYMrDO35UiKnA2nBzg5PFYK/tceP7ZC+n6doukRKQdlpYRoQuSAMJGMDjjJyMnHc12MX7PXgyBma41a9vDGPmCsIyQAS3O4A5PHA/TNX4fhL8N7Is/ktPgZZLibB6YB4OfXdn8DjOfTo4bKoNqNGTVklzJ2k1bRtvaya6aa2XTCrjcwlL3qkUna7SS0VtU0k9GtunTbXzW5/ar+KuowvIniB4A2fljidcbug29iB2yPwxmvONR+NvxN1ibNxrOrXJk42R3M6A4APzKHyM45B5w2eg4+mT4T8EaeN1rpFpJGrZA2hiQeCG3g4x26Hgj5eTXJ+IdL8GTwZhgXSpkDSLPAsYO8DIGBkHDHcAScgjg4ArrUcJCMXRwsE7b8sVreLtZLfotbfgli5VJ83tMRKKdr2bSuuXt17N2WtlbY8JtZviJr7K0f9oF5GxummldTkkAsZCwHOcdCPpg108fwm8f6kFubm8a2BxkNOVHJIIK5Azwp3d+eprm5/Fus+GJhFHqK3ti0p8srtWREDZ3E9Qccnpz19Trv8VZ5Iw39pXCEx8IzjaGbqAFJzwOCc8HIPWnH6zNvkpRSklquX3bJW9HazvbpsZWwUYXqYhzkldptv8Al2/4ffXpr09r+z1q90C99rsCSOASDOdpOOScNkngDuBgcDIrqbH4BaNYRhtT8SRyBRlhFKckdgAWA44zjkn2DEeIS/Ea6MjNNrFyEBAULLIGOCSw27sbemRwQD7kiQ/EtQq757iX/b81iOpxuBYenIJyce4FaSwmJUFN1+XS7UWla7V7tK/6Jbdzj+tYS7UKWzWr8lHTzu2rtLvZJ6n0VZ/DT4WacxnnuppnQ/fZj8xAAH3gTj1GcE9OcZ63SdK+G9mQYdMt7hlwyyTuG5Jz91jzx1yPmG7AFfIMvxBjnb93vBBBw0h2tgYGM4yeOhGTgA5yKp3Hjy9LlYiiAfNkMck9u55zkgdicjBrhq0Yy+OtJtWTcZv3pPlaeiUW7Lq0uh00sZ7OMXSwsZbKyi76uO/u20WqdttlqfbWoeIPCdrE8MeiaZIq5VfJtoSeQduSVwepBwT255GOa034q6p4fuJIdMs0htlbIhjhQIQSCR0wCR1AAOcY65r5FXx5fuiqzySBmGQiseVPTkAgD8hyOeKhfxnrMzFLfzSOQxbavygdSOCPXOScZxgcVhKhg+VKc1ODtdSequo6X5tno7nTDHZhNJ06Kp6Rt7q0+HXomvu/JH28P2lvEsM21LJYoSArKyodwHLZ4wf9njjj2FV9U+Mlvrtqbv8Asya01LD/APEytj9neF1VmRi6bRgYzzjAGPSvg691zxFd4RfNeNSFIjU7jnIOG256574OOo5rprPxBrz6TLo62Ujb4GXzXk2upkU5ZhuzkHjGAvcYrGWHyuEo8kI3fLo0rXfKmmr2t5u9m9LG0cTns4K0ml7tpJLd9F6XtfTVX00v3OqftRfErQZrizHiWTUbNJpFhhNw3mAAkKDMh3ZA4ABxxgfeBOf4e/bl+K+j3nz3MktnFKN1vMXfzIy2SquTuyeeeehywGc/Pi/CnxFfzytFdW0Id2k8yV2Y7mc5IBJAIyOoAAzk8lTsJ8G9ZEJS61u1k3MSrRpuJPfA25JB6fxdcfLzSrYfLarjFYWm1eN3GnHW7in71r2btayva7fUiNXPVKLliayT2vOWjvG+rl6O1n2d9z9FfDH7eEGt2q/20Tps4ADLyF3cANknaPXJOeeTkcbl1+1zaFHktp4biE5CsZF5LA4HXIJJxyRhsjPBx+bNv8N9Ns7lLbXNVuFQqoZ44sK2T8o3deORyccjtXuej/Dfwbp9tbmKO4v96hw0zsARjPUHHGeQQSMDnkkZRyfJ5SnJYVRkkto2bb5U3ZJX36Ld7bo7J5jndKnT567kk1zSvqklHSz82+jvf7veL/8AaXgdmuFXbIxwPKZpMdASNoIwTjn5tvBz0zky/tGahdKVjW9kfnY8VvIAR/CB8voeOu7qMZrz5V8O6cpSLSbcMuCqOiuwOODyDgAc5OflzgE1JD4hhhiBt7ayjUkgKsKhgq5bJAXAXPOAcD1xwNv7GwUYqUMPG7aco2Saaa6b2662vr1RxVM5x12nVdrbpxT6cz067WTs91c2b34reM9VLLFp2p3McoCgFGjUEkfQ5APUHHrk4xjXE3xMvkjmsNNa3fG1ftc5IAbk7lLDhic7QCQSAM4xSv4wuPL3B1tyrbcrjcT0XA4A45yvPI6cGmt4tupmG+4kyMncJQAMAYwMryTyDke3oelZXShZKnTV7Wly6q7V9UlZ91fo7q1zlq5lVnC86suZWabldJ6K8m7X6rW6XXzzbnwX4/1pi+qSaZYXbrtW4tmkSeNQPlPyuAT344OOwHGfZ6J4w0PU0s/E2vT3OnPzBqFu7BVc8JDKwAwQAOT3PUdBqHxJfSFp/tDLg7N29mIAPoWBIA4IXoc4+YZqhL4mkuI3hu7gT2+7LxSgEbgTtZQFJ49eSCCARk4utl8VCMqceZrayu2ly3dlZd137dGYwzCSXvVXe+lm12vdXe6vsldf4kj0y2sNLTbLNf3Nw2ArbZmOMjgsFJ4OAeMknPUAmrQi0qU5W33bchTK5YnbtwPmYZznnIxwDnGQPHrTxXY+Y1ixbzRmRJWbywyjogJ2kgAgDG7jqc4NbUXiRFXfvGPlDux5B6NgA55AwSeMnIOaxpYHlb91RSTbslq0k3e+m2tvPZWNZ49uMWpXirfDfZW3v3s97736a+hS21iuC9nZkqCFJRXILEgcngt2zjafrjEBkaMF4orZWHHyImcZBOVA3YxgHp6cBeeRTxPA4zJLnAOP4jg4APrnOBjAHYetMk8T26AkeceNwZI8rjsQcde+euMkbQc1dPDygnZLRr4pNbxjo+ul3btd6JanNDE88m7N220b6Kyej2utNX0TR2xuJyodnRAACTGFU4A5yM7QQMEZOQD9SaV3IJ4SrO4Yj/Wq+09cg9O/YEjB455rj5fFyAfNbOEzzKygLtGCADyM568HjIxgDGXfePNBt1L3uo6fp6BRua5uYkzjOcAsQPTDYJPBOcrUTnTpyUalWlGzSfNJNr4W3Z2vZN3a327M25a0tYUakm5LTkk7t8ur02XdXatqk9Taur+aBlWd3ZDnZIozwFG0E4wS2M7iM/McnlqWOaWUq6szKPTGfmA6YI2sBjHscehHluqfHf4X6VC0l94l0j90W3BrmE8AclFVi2OCDkknqOoFeSav+2J8F9D3lfEAlAVpCLZCyE54BLKcE5K5xjAyAeg5qucZbRmozxVFcqSupRWt0ns7PdvvvdGn1DM5NcuGrSu01anJ2d49HZNa62V1fdvU+uRudWLSlQDjJYFj7YycjqCcEbj2PFVVnXzCiMsp3HOOGUDs2euCBgnAJHHXA/O3XP8Agof8NNOjmWx0TUtRkPMbjCBzwA2CSF6dAM98E4I8c1//AIKKanKGfw/4QihiKDbJOZDIC3CknGOn64PzCvKxXGOT4Wq7V4zcY3Uo+9d6Oy6ddG/xPSw3DucYqUV7GUVonzNppLlu7X8tGt2tdNF+ts92kIOZAgk3E8EhSBgA9s9eMjJwcjArnJ9YaCUiInYWJZmKoOmcFjtxkjpg9BycYr8R/En7anxi1tPLsp49JSbc4ZEU7AxyMlwD7c5Jz9QfD9f/AGivi3qDtHf+Pb2NZThlglaPqOB+7YbTg7eAccD3HzlfxFwEFJwhUlr0cejWvXtvb5n0eE4RxnNy13yWaae/Z2aslbXVp9+tz+ge+8b6XZs099rWl2axE+Yk93ChKDk5O4cBRjkDHGAQfl8i1742fDHTZnuL7xdodtOrlgLa6jkkCZ6gKzEkggA7RnOTgla/n41Tx54t1h5Xl8R6te7jscz31z5ZYn5iMNg/KOM4U546hRx8y6lNOGkvXZiRkmV5SQBkDLlsNjP45OSRivmsV4nqMpexoxT3Um9NkrtKz2vpok9bOx7VLhKPuxqTvd3aS66KzvfdLRX0lulfT93ta/bC+E2izEW+s3GrSDBCwt5aMRn7rNgL9d3ON2BnjyPxH+3/AKDpplfRtGEkigmMXF2kmSeAx2HJIAyMBge/UGvx4ktHkjYmVwCCN8kz/MM8cbsDODtGcE9B6UZLBfs13dnEiwxlUAcliRkE8gD1OWJyDg5Jr5fG+I+aVpNUZ8kW94pJK/KtL6vfu1ro+h6dDhzC0ZNzpRnta7vKycbt6Ntfcla92fo7rn/BQrx3fJMujLDprBiQwCGJTluhkKsQAQe/Jx0+94frv7YHxZ8QpLFceLrqHc7bhakxkDJ6EEdTg4JAzluQa+KNjPKgRiRIxeUvIPlOMYI9e2FPC5JHStRTDGV/fKpRvnQHcD83AZjyQRnk/Lyc8gV4lbinOcQ7PF1Upa6Tf917LbR6vomr9D1YYLB046UKakrWbine1npbTbVy06L09u1D4p+M/Ekohv8AX9Uu4pGGfOupmznoFVW5PBz1wOnAJr0P4VaV46j8Vafqnhe31YX9tOt1bTwJcs0mG3SIzfd2suQdwweNvQ1wHwk8d+BPBniux1nxn4fHibRrVSX05VwZJezMw+8QRnkjjsTgH9J9G/bv+BWl2+kHRvhxLYrZ8SW0FtFHOUxjymljQFx/dDEYJJwelfm+fcYcS5dj6P8AZ+V4vNJwnCftva8sItShfV6tW6aO/VrQ+iynB5Pi6NRY3G0cGkuXl5dZWttbunpa17PRbHd+NPDd5498CLqd3DL9juoPsmvWbM0r2eoOoSRpUO4RMZAxyRkFu/APxh4W+CXgnw/8VPh5qN9pkmp6TY+IrWLVNLkci3uI2uFyZ9xwVkUkMpyCD09f0J+Gv7RXwx+KuoagmgeHpPDuheIpTZ6xptyUYxXsmRDexqxbBdyxcgAZx0rwf4o6NN4Z8SasmngGSxuXnidlBIjyHtp1HIDR9dwBx681+453Sr8d8Be0pU5YTMcTlk6U4RlapQxNSjyW5lrpJ3Uldpprpr8vg5YHJc+s6kMVhKWJg4VVZxlTU4NSUZWUlZaJp638j+izw/pnwk8HfDK/Hh3w14c0CI2tlfWsdpptrGQXhikSGScR7gSSDuVjvJIJzXqOmftXfDrwT4c8OtrHiXQ7NbfT5GurRLm3VIWQApGYUIYY5YZUdiDndX83ml3P7RfjrRrVtZ+IpsvD93ZQx2cEF15Ylt41CosqROPmRQByMgr8wyATp6f8E7OR2fxT4r1jXpWGWgE8zx9ApRWUk4I3AnaOuOvT/L3DfR24ujmOOlnXEHsnLFuUlShOtU5Kdf2i96q1GLlZX3vZ9LH9A4ji7J8ThaNHD4OriIyjzpNxglzJK3u20StbXo9XufrV+0J/wUP+CfiyLw5ptlqf9oaho3iWz16K6sw0hhFjMrtbRuAwxNtC5BOAc1r6x/wVkn1fSr7SvAvwn1W/ke1ihivr+N/JaVY0RpFl2kspc7j125GDlq/MrRfh14M8PxJ/ZnguF5WAAudQAkYkEBXAn5ySDxgdSBjBA9Pt11W0gSGL+ztLtyoKRxRxeaFOOI0iG87gBg7QBjLGv0XBeBGU80amMxuMxs5R5KtR1uSNSMopcrjTjGyStZJppaLc+cxedKrRo0XgKVKlhW5UITbm4OUoSaupW1erT/A9Vsf2vf2hvE/iK31vxNp1hpljBBcRafp0u6cW3m5HmRqQSkm0DBIwp9ua9Ok/bG+Pc0Caf/wlhtYIowoaFPK2QgfLGrcE7F45PJyOMmvm+K1uJUke61SO1iVMtJNB5DygDqJJAqrkk4JbGPm9xy2oXGgQM6/279pkEbM8VuXuZTxwgWLchzn7w4AyQfX7DJ/BHgPK5c9PLaMasrc9STk5OyhrdylJ93ro+vbhxHEWaYmnCnGjSnCn/Cp+xjJR2vy3TcU3d3it+vf1rxZ8VfEvjFxceL/FF3qiq7SGKa/mZVIzkbQ+xcsp24ByMA88V5xc/EXTbAyGNlTPyAKDKzKAAAzHIG5cc8lu2TmuatPDWq67FG+h+F9Y1CORyollia1hJY8EvOQrAnBODkg9816JZ/s6+K7myFzrtxoPgyzYedJc6peRNIsPQkEERgqMkc5znAz0+wp8LcHZfGEXHDRaacYQUHLTl0aSbcrrt3V7JtctOtxHi240aVSlBrVyvSgk2to2jHXVtLRJt2R5RqvxivIoi+nx3CK29ArKBGSeQSWGOT2GRj6GvL9R8e+N9cYWmnm7uJJDtS006GWSYlz99TGuDjPPI6dMkg/Qmrab+zD8ObZpfE/jqfx5qdsS6aTpTKtq8ysMxtIj4KDaRnPIOT3NfP8A48/bv8K+E7R9G+GPgzw54RJieH7fNBFf6rBkfJIssgbY54OVbC88dQPcwdPK6TUcuyqU3py1atNQhduPWS5nayatHQxrZXiIv2mZZnCmrJuFKV5acrt9136LVrroxfC3xxIkOr+MtdPgfQ5FDXF/4gvRBMY/vMIrJnWU5GSNqEg9OpxjXPx0+BvwovLtfDOnXPxN8VQokdprmqyPbaPaXaFVV7WEYaT58kbgMgAZzkn8+fH37QHiD4g3Jl1/xFqviC9jkaQJc3Ui2kKbsovkbxGirwC2D+Jxn551j4nlJmSCGO4uxI3mgE+RCq5GVBBTeo5yq54Ppz7sMJUqOLqxhCN1+6pLljFJRteW7e/bR3OL2mCoJ+ybk/8An5O8r2SW2tr2Tte12m9Hp97fEfxHr3xj8Qz+LPEUscV9PEE224xDDGBmK1iYDaAi4AAweMc9+V0nwTbqBKrvKwTP74YQEEA8Z4OAM9ME5yMZHyh4U+Perx2Nxod8IpUkuFkgnjTEkMW7Mjs/TCDPrx7HNfZ/hXXLXVdKsb2zukuLe5gADcZJXG8NjHcHjnJ5+n1+CVJ04QhFJwik1FRVrJJfd3erb73PEqctWtKalpJ9Et42XoulrLVbXuSW3hixSXzpYnaQqxXZ0BBIHQHI7DgE+vQ1De+E7OW8TUZrZF8qNQVRvn3INwJHHAA5B6g5B3Emu5gmtWkOF8xig+7kbeM+nGcY65AHrWRrV+IopWheOFnKjErFioIyxA5JBXoV+pGBiupRjFJu2mtraJJc13fR62b112u2jX2HMk7cyUrNRUZPRR3b0ffRpO+t9LbnhhGnDXAhWNPKMTZVdxC4BUDjORnnscdxivWvDGh6bd28kd7K0cBfPlrsV2fcvAI5VDzyTnHUtzjwzw/rsrOttF5s6IMjyoiql2HPzYwV4Hyr0BGexr07Sl1GRkjlc2cTnJYfM7ZwdvGXA5G4n5flBGeBXHisTaKXtElyu6uutr6rbvba/V2O7B4ROSSpuUle+z1bXbRK+6u9PJH1bY+Pm+Hun21vol1ZWFv5RWSJIo7i8uhIAAk8zBmZMj5gDgAdjwPJPGXxRlvbG70cQvMNXdH1Ce32WsboGLeSBHtJHADAkKw5J9dnQfhnf+LWij0vSde1ydnSMG0tZphI/BCIFUqqEYLOxwo5zknH0J4M/YM8deMrO517xBJZeAdIg5Ooa/dKrmNMGUQQBs+aiE7VYctgEEdPk8ZmGFw0Zu6ndpStZvZX3T1t52Xe9mfWUMBiKsoU0nFJpqLa1tbq1dNJJWXX5o84+A3i7UviT8WfhR8PtZ1F49I0+6vJE8PaIhgN/pUEOBY3DRBSFY/61jjKk8nmvK/+Cllx4fv/AIoeAPC+nTQzr4H8OrZzaZYopGnz3V7IkOnjyhukeDcvmM/zFj3Y8/U3wt+C9t8Kf2vvC1r8Krt9bj07wnqt5f6/r1xBbSlrm38q51OCFnG2wtyGaIgKWwCFYZr5R8U/C7UPHv7VXiKLSreX4gT2usv9lt7AvcT67qqzs4nDKSIbBJnIaR9sYCEjA4P5lj68K2a08TCnVjQhhqk5aP360pRSS3baSa10S11R93gsE6GBrxrVKcpWpxSnK3LHk5m5LS7SilZpW6K2p+jX7LXh/wAKaZ4A+HvwPu7K01HxX8RbTTPGPirVWsTcahoVhYu0xhBdWMZSFIiAWHLZZfX4O+OP7M3hfxD8WvH3xJ+K/jeHwP4Fi1e6tdP+3tbLqGvWlkxhjnt7NSGU+XGADsyxC5yev6gaJofw8/Ys8G33j74r+KIdd+M/iTTTJPpFneec3hPR3hYx+HbfyyzLPOgWCdhzGAdzY4r+bn9pb40+OP2jPij4j8Qz6raWnh03dzHpGhCTFvpdpGSqRlQQjTEYLyHdlzg/NzTzDKatXCYapRxbo16l54ityKdWMKii1CK+GL0Vrv3Uk2r2R87gs0w2HrYt1sO6tBSjToQlpTnUT96rGLs3C6UVJ30R7X40+P8A+yn8GbNLH4L/AA4/4TTxLC2F8U+IoxNGJUO0XEUEqkIS2Sp24AIPYV+bHxc+LfiX4peJ77xJ4iuWlubhlEVrEALSxtgQVtrZCAEVAAoChTkDGSDnTufA2oJLJFf6nb+fM0YtzE7sxjc8ZAPCqecAZ4LZPIGTqXw/s9N0sSX+rNMz3BiV4cHDZyU25LFudrHpg9BnispynLsG/rDqVK+JcbSr137Wq/h5km0lBN20iopap7XXjZzxBmGZQlhEoYbC811RpRhCPuW+JpKTdnq3dfereb2+q5mjhhBVeHJYFV3KCScnG0gDOA3OBwxq9G2p3u5RY3MskrkQMIpfK+8fukLg7iDjGAw6cBSNiDT9Esri0vEhlvvs0yLLDIDtnIYD5yuQnGDjGTyDnOK9cuvHltcRQ22m29nYQQqrMBHDvikVcbUYAsc8ZDZxketduLnV5orD4X2zlZynJ2jFO3dNadtLN73sfFzqVEmlFSej0Vl7yu9XorX9VfY86uPDfiS1tbWdtGmuJXjDho0LqI8AANGMlMA9GHI465xqeDfBfiHxHczHH9n21s7PM94ogjGSwEkfmlS+0nAK7sYAwQcVqp8TNTh220Ujbldy0km0xhWB4zgjae23Iz0HSqV/8R9cuIFhWaBIolHliMBWmIcsFOFAwNvIxg4zjBArzpxxtSjKMsPTjr7s5apL3dHFNN23u3rpbWxzqvVcfgXKu8rdnbSzfzW7t69hceEzoFje6pqGqWl3cxTeXbW+8K7xKwzgE4bd0Vsc5weDzp/C+/GteK1spLO0htII5H2cbyxXcI3PUDcA7DqASPlzivHNU13Ub8pNPDNO0qLEI1UhFdcBQmMLkdCRySMZ9e1+HEt9a69eX0el3UckNq0QuGjdbWOYxkl5JsbBIyggchs/KOpx5Wb5eoZViKlWrH2roclOXM4tSm0n0tZtpLpbRHZQqNJ2TltzJKej9XF6Wd7XW19jt/H+qW2nalNZwThpGZ1dQD5cRDgFFxjAHKhgeQB6HHl13eW7TLLcSqFRVBeEkbhtH7sjGQWyC38I7ngVH4su5hqBnuVJmkkkcsh3IxJyAME4Jz1+6eh28k+T6lfsJlViyRuxZ1RmJTDYG4j34yAcMfWvOynK5ww1KLlJzUVpdtWSWllay001u18iaU3OTaaaWvLd2STi1327Npu6Tdj1dfEsUds6ojG2XdtjKKTkHAPA3YGeeh3LngDJyBqsN8spZQHfkRuA7EEYCjjpw3TOeCBiuU0KBdT1C1tHvPKtnIMxJYKsbEEjcMYYjdjJC8ED0r1670Dw7pkkUGn3Elw9ysbi4dVZYdo+4G53HqMqQPQV21lQwtRU3Go6k0mnGN0r2V3JPRJ33fS+7Opz5VJpq/a2ifuqyadrWvZv1d0XNE0eGS2iE8scLNGy2yxtgI795s4YnnnO7qTzgmsnXdNuLWcaXZGO6urkKJSFUKoAyTGxHKjPJBOWA4PNc9fz3NrqFtDam4Z/tW1JmEnlOM4LOBlRs7EZHQAc16RLDawfY7yOcXU6xB55A7MRNIMiNVBJABOOccnHU88sJ1aL9pze0jUTsm77Ws3bVcqSSTv3sk9Dnj7t7bK9ndJO12rxWmyTs7e8nbpxVh4d1GW8tUe8SKeCVFjjQkosa8sXJGBgjqRzwfr3mpaNPPHbyxJJdX0criRjFmCUEEIQFG0jBx6gZbkg1sW6LEsd5LbQ+Uy+ZduhBkYnGEU54bOCwGAMcelb0OsxxTwiwl3swVorYiPbGVHBZgedvXqcnudtc9Wpj6tSMoQi4pXva0VzWSd97a7ryvszVV4xi9HzaNeaskrPTvfTROyaVkjmpPCUX2K0vdYaFdke9tOhG1pjkYjdM7gSW5/2RnvgcvqX2a6Y2UMRsYrdBGlvFJlHd2xGCv3mLA4OBwMZx23vFOsJJdBljlNxHJtkYyBdz8Zf72Aq4yBjaAfQCvKLjxVZ2WrpdSsLgQzBwUG0+YuMs4wFIjPIXlsY+YdvXweV4qvTjVqvmcU+Wnb3fdUbKKcbRva123e/rbL27nzcyvazvZNaKNtHZ22u3ps9NDvpfBeq29vFJPNamOSAM0LSZSCNsMCwY7xIwPGBnHp1FSz0eHTWe4muohI4/wBCiSRiUIwfMkOcnGM8k/NjoFNUo/FS+JpfMaeRo48b4lCRLMxx8h5AwNoHPy4HJIAFZ+q6yqyRRMEi2qFWFCskiR5PDHDOWcjgA8Edc5NaKhitaNSTjzWbik7LRe6k1dJLt13s2wi1KzvypS2TbT220VtXun56IuapMkEsd1NOri4YCeUqJAdp4ZRhmUMeASAeCenFGh63JZXlze2koNzGWKrsj3lIh8m9n4jBGAf7wJUDjnkNScyosoDGJEJSPeR5brgru98rgDOAT/dzlmnyvFHJKDslutoSPYxLleTvJycEgHBIB4zkYreOETpcrfMnaOvNe14u1rJOz+520dh3tZ3S1V7Xu0uXS7Vtey+eup6LZ+L9X1AzT3U4Z4pC0hZSrojtzHEQAQBnjkc5boBWTPqbxXF1NHdSRxzNunQsWkdQN2Dngg9M5BB47VzkU15d/aWl8q3mVVWGAZj3uSV3ADGRwDnHJG5ecCnxW8rqpkhYzgMkilh87kH5c+mcHLD0H1lYGkpO0UvhS2UUlyp/DZ/L521V45pSS1b6pyvonbfqrKytfojQbU57mGdnmM1moUlJGJcIcDYgOTuIzkfdxzgnispdYNkALGf7ILtgsqySF22hjgEZOBwMHOST2zmtNmsk0+fT5AIbh1JcnBLSNlVKuTlAgHQkAYGB1A84vrI2U0aSOjzB8pl2ZJM8jBySCRjHcH6A16mGoKUUpQ22b1dr2T/m6Nvmdno/Wovm0b7u7tdXd10T73TffsexQXNjcxvcXKPcbk8kyiQBVkHAdQW4zxnHf73Uis671DTNPkRoYppyVHnpICVRBjAHAGC2ct3zjPAzzlvqcNtBZQBF85NrNuP7os5G3r1wc8YOQQBnBw69uonaRxMizsjefGWLK5J+RUUFgAOnUnvjORV08NepfV2atuo9Fvprq9t9y4SknvZJpXStreNtdLPS2mtlpqdvoWt3SwteWkUVtG029JJY0HlIp2+WgI3HJUH5unXuDV3xJbprME90twpvUHnM0exTOdpBQKvTYSAD0J6Y6ngrG+MEERWNppG3IUbcIkUk4+TAweMnoTknOeBrG21afdbwxoFvUCK43s+M4LK3IRFB5yUBGcEnkaTpwXLyuMZKyTirNxVnJXdrpq3XR7u50Rai4yVr6dOzV7tpprXW+i2W7JvCGsarZG9sreaKOS4jxJJI7KETcFCqSSC4B6c8cnjOfRZdS0y0tYba7zczIQsdxbjAd5hlg7rjdgnknsSOlcOnwv8AE0NtCtkYLjz3jbzFuiSxLjGAGLqgydxbgjPQACvVvEnw4kg0e2tob0HxHbra+bDac2ZjZBuVX6eaP4i3LHJz0FeVisuw85qfMo86V7XvdOLfbbWzbvtqEp0oSTcuVTstNbu99vdjo7+ba7WOa1HxjcaTbWdrBECiNvWGSOOREUnIc7MsWzyCOu7ttUDm21661tmv7gokVuxO+NjEHIOQQOAdo+XOSeoHOSa//CK6tb3sv2uVzAVEczSFHcOQTsQAk5U9CDyAc4zxl65Ytp2kvGvmW6x5kWN8h3Q8u7YIIyffA5G3Nc1HCYWMvZwUak5zWrabjZR1WjjqrPbTR32NIul7tldystbNp6apttNPprG21zqV1y0mtmM375pE8ra5G6MH5d4Unk5AO4njOAMHI4LUNWW1vpBZyGRlEal3XauwEjrjBwvQg9xuwMmvPI9XkecJFK5A3HeevU7s5BAxk9Mfex9YrjUY5btgGcMqnK7t2WPJDMSQuccnqxGeOh9fD5QoSlJL3ZJO1trWvst1e6a3s27o2UknLlsopxjZJLppqldu/Nbdeq1PTvtcctrLeMXXkKgLAZbJ3AjJZhlSNxHP0POKurG5jZWl2xFjwvByMDqMg+gHDZxjg5HEXWrSmKKEs5MeT5SsQpBHcjIPIIIPTPGQajt9RjiG9SoDZTBwzKehbsM4xwR0OOxroWWckXJx5tXa72StZW13b3aV9u1yNVxeq1Xy0VraK99NX0Wtr2Z6lpa/aHjlRR5aNsb5yC+AOADhQp75A2gE49OnvQHMSu+xpEGYzgeWgzhsg4zgdPm45ArzjT7mJ/J8u4xAwyyo3KyAA7sLtO3I7YPPC5FbVuL6WcqHaYTB8OxbaFAAJGPmUgZ3Db6Ee3lV6EoVFKXuxik0rW0vG7ve6XrZ3t5DqVnPTmTas23ZJ7SV3pvvotForu9tWTUzbSSWUUgmThiHU4JAAYn1OABx94Y6ZOalrqub1DJEqlc8sp8sBTz93BbcOTtHHHJAq4+lQSyoM7JDHwXfbngbtv8AF84zjoDjoO1tbTSbJknuYnkW2U7YlcszTHBJZQcEZGVVs7gOnBFZ82HjBJx9pKW38remut9d9W+tt7XwddJOMW79U9nZrXVt9JWeu6R614A1DxBfylbOMI0BdbczZjgEZ+82JMAlVIII4JBC8A17tZW6QM8upXVqhbHnrE/NxMRgFCTtUKwGTwFODt9PjgeMNSlvI57Qi1igQKkCSGHYFxyVBQM4GA3THIPNall4517U7qC3MU1whmEccaqxyAQM70B+6eSRyQASM/d8PGYDFS5qlGpDDxs5Sjd7NJu7va7+HRaLVX0RwzoTqNzbSW9r6tXTfmul+X08l9o6j4c8H+LYFtNdZbdbaN2t7mNPNldymQGkIIIGFwQcDg85FfN58MeFtM1i6iuHOtSW0syQW2VVEWPdtaQcZK/dGCT0BzkmvU9O8SQ6BYxNd/6TqUka4iO6RVjdQuwqQSjL0J9eQCCa8Q8ZTYuzfWYitJJ5DKxhBMjb87lYjncoyRnjpwcDDyfMa8K0qFVqdOKtBNXjeLS5tU9H6rq7a3OrLq7wramueN72lrFNcvd2XVW02vbXX1Q+Jkg/s+0sbGyskhVGkdrKBipxgRmQpuJJyAxJzuOCMgDPvfGV1BIk9rZ2glMo+d7WF1ZlbmQALuAxw3Ocevfy3T9euhaXEO2S/lUxuQYiSPmAUA4OSdw2gdT9cDLn1mcXZLynYCEMIXJjZuqHn5cHsRk9gMCvo6Ob1FXlFRjanotnsklZttK1tLLfTXRn02HzdOPIlSjK0Xy3ScY3irX0u+Xte199r+x3njS11e0gtNV0nQrq1ttZstRmD2MQaZ7SRJDbNIF3fZZcFZFXIwxG01618W/jVo3xzi0PRtX+HfgPwhpfh24tWsR4V0e10y6vFtrdYAL25ghjkmSQAsfMc/OSxPHHxnLcylbmYS7QpAUZGxeQS3QguQCcdic9jixpE90xnu3nYLMBFFvLks2NpdVJ4AySOoAyflrpxuY16uDrxjWVNVFCFRKyc10vdbq7fV3d2c2NzWLhKm4UpPlsn7ul/dkmrXS0s3bS7t5e46l4hsLKRYNMnMcEMRSK3iIKJsGxUUqCGZRxkrk46nIrkL/X4bGWG6mnG9lMuMhpGY5UZBHB44BHAI5558wub820q75ZAFd2cHIeVwSRgD7oypOPlBPJP3hXITXF1f6h503mvbs5AUAjIByqIGAA9SwOMAnI5Y/HUMspW53Nyk5KUnKzTu4tt9bLq0u+6PlqteUnzNRV1e8XdX0d3e1+jb0vp6nqd/41mgkLQTrvnLFwwJwucgEgYUN0Lbhx1xkV3PgG/s/FmqwQareutssW+7EQEMtxEQAIIHbaqucYbccAZwOK8wGoaB4Y0hLq6sF1TWLpiAHO+GKBhnYwX+IZHUcdRyMjBk8W3d99js7RE0yS7ZYoTCPJSLe4CM0o2scKcsSeh5BwDXPisM61KcaFKVPVxWJbsoq8XJxptXbtezVtW3e+j+dzavWng8TCjN0ak6c4wqp6QbikpRWuqet9dfU+m/iV4x0TwtqVlpHh+1jmVrN45GZo3niB6RyXKAlpVAK5JJ3dQOa8xvfE1lrVgLIWf2WK1spbmWRYDLcq4beTMyqflcAMpI5U4OAMVx9xL4d8P6TqugeJUm1PxTqksc2neIbCeWVdMgKF5CVZtkrkgKp5cbhkEVl+GvF154H1D7bZpBrVjqNhLaTW17E0klwpVghlDgmJgDuwAADjnkkRQwdGnh6SVWbrpqUpyVvaXlHmkrttaXaum2/I/Nsuq1cInFYnEYjFU37069SSdeUndtNyfX3VZWsaeiSRSTf2jLOsdvt+0QKqHEnzlQuDwZEJOFGArFc12niG513RrBF1CzvNPtdWQS6bLPF5Xn274ImAIDMrYPAx0GGxmuVu/DutRaPpHie+so5dPu7hp5rnT3P2XT43YvBbSxJlUn6AhgBnb15r2n4efGHwtCurj4p+DE+JulyWMWlaFFe3V1ayeHjFG0Uctn5WCQNwZlb5WK9a2awtSSquo5QheLjbmbtyp2juuqty63vZKx7uGz3GPEUXFKrGLcatOFSKmrqLaadruO+6vstTw9tf8mGzhEzSsvO9GIEmD0Yg4AHG7kdB36eheHPFkd3Lbw3kO4TXNvbRqBlwjPteNzwqow4zknr0BxUvijQfhPe2Kaj4bvtXsQqqq6NfJGXhuJWYy/Z5UO+SGEHEfmEsSpOAc19E/CT4Z/sv3PhKXVvF3xG8QaXrUUts8ttb2aytBcA5fyFZudhA3lhgZ4GRxxZrLAUcJJ+wxEpVLwpOjhpVZRm4pxclTUuWOzcnpt1Sa/YOH6FPOZRar0cOoQU5xxElTceXdNSur2erV016NrzP4oWml6Zp2pXY0ptKuLcW8Wlx2+ySK5kdAWaVwSQykgowJ3Z5Ocg/GL385muvPiJZ5A7bmOVBPIDHkg9+xxgYPT9FfijH+yoPCXilNA8b/EjxL4qkhCaGt5bQxaUs0YAVpcHeiDjlEyCF9hX5t6hDIiCI7lIU5dm3ZJ4HPJyRxg8HocCuzg6NSWGqRrU8TDkm+X6zRlTc10lBNtuLVtejT6o1zjCYfB4iKo16VdSv/Bakk21HWXWVneOtmrNiWU6zX4CNGib8MMrgqx5QEDGSucHHXAr9Lv2avHvhXwDdaXPe3k9po9zCqamLa3E04uUAaM5kRo0Mj464PBIBA5/MPToGFwoC5kDEDgnqeTg8cdyOpPuAPfNLtNXvIIrC3u/sVg0EdzdXE8hhgLr0KlSDkYIweFODyN2OXxByLD8QZXUy2vL2dOpGXOrK3K0oySjZ6OLd7WeqbaaPkMfip4Z+2ivg1Sv8L0+fVpq99Vdd/wBpfFHxh+KHiu0jv/G19pP/AAh6WEyeEft2oQ3AsbFWxa3As45GQXUkYULuUMrAYJIryX44+I9c1j4XnxH4R1jUp5blY9M1XR9OhmgS6gtYg0+o3ZhUO6tGMcHaAu4bQQa+WfCFt4W1e3tLOTU9TuLi10+G1hS+vpzpd5qW8mIRkMUYB8YX2G8AqRX6cfAXwh4Ii+F2veIPEvj7TdJ8W6dcyQXdsxtrrSFtFtwIrJrK4JZzdDEUsojKKuWB5r+R8Rw5lfC2ZZdDD4ek/qeNVOhhFhlTw/JK95JNzXNOUbzqu0pTs1qz+SPGPxSzHJKtSvSxMlGhOE5w9p8dOm1zqKsor4VeybV0n3Px18K/Ef4i+CrzQfGHh6WXRp9IumudOAWSeynuIXJV7qE7kDE53lwMggleuPszUP8AgqD8ZvEvhu48Ka5baBZy6jbql34it7KOy1CKfmI3VowVDlV53D5WIJPXNcN4z0iJtc07wR9t0W30HX9ZudQu9XtbVEs7K2vLhtsdtPt2kbXUsiMdgJAHymvZta/4Jc+MdUv9Jg0zX/CupRarpQ8QaCjai0c1ppcaC4lmnkZxHKrw/OsJZmDEqMfKB+34Thzh/iivh6uZ5ZQdWlyPD13FKVKTUGouSkm3GV0oyumrNbo+C4F+krUxOIw2GjisVONetSSVONSpCEZuMW5O1o2l7ul2nb5/jj8brG4h1STxLf6ourSeILi4v0vZHilvJHdiztMFztLFi2OD0618y3DTXKzbSgZkJZsbSA5wv8WNxx3Azx9T+4cP7AXgPxPKNO1T9ovwbp93HfTw3NteQyJFp7wSMk1nBvUKZAyld4JVgp5OBjpIP+CV/wAFnka6k/aA027t9uJ2sEjMQdTjapBBAY8KOhAHqK/r7gnhLNXleDhClGUFBQpSjOCXIoxUbRUm0+RWtZXXWx/cuCzuGLwGGxVSTk61KnPRSd4zhCzsk29HrfVXXXU/n3NrMU2bTK4Y5ADKRt78gjOCMdu/JIrpPDUdxpVzNetbR3Be3wsLc7d2Rwh6NjaCRwMj6H92v+HZf7OtndO1/wDGXUnC/OPstsHJQA7eAPmUZIPAPTmqLf8ABOj9miBbiaL4o+JrliVBkh0+XITIbCYGMls8nBGScHmvu1wdm7T54QSVkk3d20fZ3XTXZu/mW8zw+jjKd9rqMtHZWWsHd6Lv5O235KeLLyM/D7Sb5NUeGcTNBLZh/KjErp+7gEisS5UkE554POBxu/suf2vbeK/GM96sdyqeDb5yqTKNgVSyySHfkYAzyCSeuDxX68aT+xj+zPaWOn6RqesaxreiaddG5EOo6dMnmS/Mzs0sal2yflBxxnHHFdd4X/ZO/Z+03WtZ1HwrLZaPZa1aHTblJxqKtNZvx5O6WNREuTvZhjoedpBPp5bwxj8Hy1moqXPdJP3r6WlaSeiSdnrrZqyRjUxlKrFwaupcq50rJ6xbbTvstXtZq7d7H40+HfEdw0rnzDHcXGpMkoGJA8KSNliRkkADcx427QODmuo+IOvWPi+5s9H0t21aUWjW5hMeYI5vlDF32kZQnH3hwCSwyc/pR8bf2YPgp4L0LTNM8Ca14Mu/Ej3DS6lJDqF2ZbaFiWaBiTtV5D8gGTjJwMc18kal4H1rwdG9/wCGLbwpaAxMpiiX7fcyyEncwDg4L/MTnPXoc4r2MVkWaVqXs403OLipRcb6bS5ul3a3TVrZa24YYnD0a1+aPupR0v0a1aVt3rbz0v1/Ovxn8Np9LsriSfEF5C2REiBo5R94rFgHK4yTng85614Tcx3EbBDIqPzkFCMcjIA4ORxxkDk47Gv0z1zTfiFruy4umsFnjZcQ/wBiIYsKzAqR5RxwTnPXcM5JwaMvwj07WrEXWvzafBcvlXjtNIKyRnHJBSELyynpyCOCcYryqHD+bR5orByqWl7z2d7xSt181331a09eOJoy5dfdaVnpr8Nr63T2T0eyvsfmtCLiGYbWBYggEA4HcNtB9xweuQvQDPunwy0LUNSntpLe9gW5jn+0Ksj4aIxkkNgckMcFQRkZ4GDx7Vc/s3eH72VzbeI9Qhw+VLaeyBU54UKoOOvJ785xW74W+A9t4dv/ALbaeLZTLFIrky20wjaNXBMZyCOT8pXaVx3wSK2/1bzKpHlWEqdlpa/wppJ76XWqtpd2aMo4ihCbfO7O75XLa/LdKO13q7vTbXc73SdfkuFNrrF2t1cMVDAxE/Z3jIXdtIAZWCglsNgspBwM19MeAbmK80HXri0Quq2Ai3IECF40cNhMAgAfl0NeHjw3prXNzeDVYLe9MOxT9nBgkG3kquNqk4J7nJGBWDpen+JtLmupdK8cWunxXEbrcW06SpEVyQxCBQpaQcZAAJyc4rn/ANVcdQqKc8POzT5VZK8ly7X0bvre7a36aY1508RDkVWKeltlbVK929WtXa+1zwvUdag0Dx7rmoxmJxFcSRCORQMfMNyqwAJ+YuQeoxzjPP1N+z7raa74i8VTW+Y9vhG8IAOE2mM7wBkEgZxghuuAOK+d/E/wrv8AXLy71CLxDozS3EoaQI7RqzAnMh6EFsnLN0POOufR/g94U8RfDzUfEWp3ep6bfWV5oFxYR21tdlX3yxhUbLnnGT8uVyeoOSa4MdkmNoU6uIhQnzqnJJqL+JpNO2remrava9+ljD2NFLllODl1s9eZ2s+t1e17Pa225k/EDRNBY/ZopJGmnHnLECpzOrkv1OV3cYH3QcrkciuL8K2d5pvjDwvqU8MVpZ2WqWrblDAkRyEndsO35VySWABBzjrXLeJrm9a+Zre5la4WSRZd0hYI5lYgKSSAMEdCDjIzjBrFl8Q6lYDJuGdmVZC2d0QdeCVXg7hnrztz04NfnFOrmFCrJOfNLnlJxkuZ6NaNv+V2dnqr+ZvSwMGr2Tvaz913tayu9LpvyWtlq7H0D8T9Xh1b4oahrdlerOjvHKsmSFMaoAyg7uh6MMcDJ5XJrQufHusyx+XZ30aWKwAbVY5LKBuRW5PzY5AJ46ep+W/+Eme+fzJJJEkVsK7Pndk5OCMghsnOD0IGa19K8RSGUwgiSFHZMMEPzsBg5AJ6jOQcnJzgDnzMyy6vj6qxFVJOLV29VpbS29nq9W7qzW1jenhYx0dndrq4pafeul/lonc7bUtUvNcaSSXY0XmsqxlyMEEEuingYPIxjJ6Zxisi3ivTKI4pZESBWkEhYkAZbAAzkZHTGCcg85ABKupWU0ct0IpLaVPO3QlQwDkBQcHAbPJBPQdOK/QX/gl18MPCXxl/bN+GvhHx/p8Gp+FLma5utQ06+TNrfm0h8+K2nXG0xsVKsoJypwT1r4/iPOIcNZJjsyr05VaeBoVa84QtFyVKN+WLei5mrJ3tpbTp6mAyv65iKdFPljZqTcbtKKU5NLeTsvds7X3adj4Zm0+6vJbaf7SPL8va8spMZ3gE4QHpjsTnOT9DyWpWFwZ3aSeQJBI2+djlZEJYjDDAHsM8AjAwK/Zf/gsp8Jfht8F/2r7zQPhzoFr4f0XVdEs9Un0bS0WLTrG5CrGkdrHEAqI65lYYB3ZPIIr5d+E/7NPhD4s/s2fFH4p3XjOHQfG3gW+jOn+GbmSFYtU04pl5o4C/2iSVn+VFRGGQCe2PEy3xAyyfDeW8QYqlUw2FzKrRpqCputKnVq1VSUZOnGXuqas5JW13XX0f9U6+JxcaGHnGpKdCOIipNQbpypwqWa+y+VrRNu91fqfMnw7l1lvCvxOga4C283h+PZvZR5yxSBvLUnGTgZ9O3Bwa+SL5p0lS3DRhZjyTjKcglc4ADdeAFU4yCeK/bX/gn3+y38Mv2iYvjHoHxB1LU9LPhj4Y6z4g0SSxuobB7m/sYZpFFwLlo1liRk/1a7jwcKBX5V6j8OtY1bxtc+FvC+nNqEiXt9p9gJGiSS6SzmeLzVBJVmKruPJzkleBgfo/B/H+T4vH5nlqlKhPLvq06lSrBU6c4VqcZJxk0r8i0k3a/W6R52P4cxWGhCKcp1Pc54rmcrz0irpJNXTSSvbTZvWf9n2BY/GGu7pg0o8K6u+Mbkz5EpDAKecYU5APB/Cvny9gke7uZjcIQtxN15BBkJYFQfXkAjHbg8V96/AD4J+PU8T+NPs3htnu9D8I6ydSilniVwnkyp+7Xdzltq5AwB2JFfHXiL4d+I9D1F7bWLB9PluPMnMbyh3UPK5BwhIGQRjPTryeB+wZVxPk+Zr6vhcbh61ak489OnVjKcLxTjzJNtXvdy0utV5/N4rK8ThoqdenOMJWcbqUbaadUtXu9Et/M7f4VapbQ+JvCpedfJtta0/L+Wpct58Rx0csu4qBkHPXPXP2h4h0jTdf8ea873eotey6riGK0szKrNImV3MqsqqTj73Pc4GSfz58KaRdaZ4h0mZXPlxanZOArOcgToWJ57gKBx27ZNfs5+zvpttqWo+OL64gjln+2aY8MzqXlhLhQWQncBkZycA8ngAmvzvxd4wq8H5HWzbDUo16lGneNOTspycox6WdldaJb2Xdn3nh7w1Q4gxywlWbhGTUXJapbPa6eyto2rfccN4I/Yk+N2v2tzrOn+Ctcu7PXSfsM8unOYRG5LLO+xWZI2GDnA3EjHTlfi9+yn8WvDV9pcJ8AeKbqaDRYov+JVot5PD9rt1CznYIm2gN95nABznnt/SZ8HfHF/4S8L6crX9zJaDTrErCiriMRKoC/MrYAI5BwTjjPWui/aD+Pr+HvGPwb0bwcn9oXHjbTNTv/EeYIDdwxWu0yQ2cUq7ZHcfLtUFmYjbk4A/g7hb6WvG3FfEOKyXLMjwWMxuF9s6eB9tUpzrKirzl7V3VoqLtHlu33TPruPsi4b8Osvq5vn9WODyLCxnPF5lVnJLDwUYtSnC0rc0krWb16M/kon+DXxYvbKGGTwF4uh8kN+7/AOEfvi8xVsFV2QBnYhcHnnGST2dq3w38Z6X4V03TpfBfiaGVvEAkuIrvQdQF0irkZIaDKrljhSuMnOCDmv7AZPipo95beHfEnhX4dasBY28f9rQ6rYWMXn3KPtmVYWQZcvnCqBwwyoAyadl+0f4MtdW8QeI/E/wu0aRbO7i06TTbzS9NmNnIFCrNNuhYBpM/KxBOQTxgmvtMf9JnxF4UlTxvFHAKwGV/WKdFYuGMlU5nNe7aHJzv+8reet2fnnh7xf4V+LWZYnI/DriLB8TZvhMEsbWwOExEYYiNL2kKcZv2ijDlcpJNt6Pe12z+QSy+H/xI1qaXRdP8Da2bdI5XMi+H78Fk6/fEAUNjd1ONx64HOzpngHxto2jeKNJHhHxUZtQgt1iiHh7UPOcIWAKIbbcyjOWYDA6kgZr+wWw/bC+H1u1wdG+FXguKZhuMUulaWkkkZ6HckWGUrnjB+9z048u8R/t8eCPC/wAafDeka/8ACzwTY6feeGLu5QLpOlm7lnKqU8gvDsMXX72SoY7QSc19Xwt9L/C5zXrJ5dXjLD0qledGnhcS5rD04xcppyhGM3s3GOrTutD9NzDwmzvDvlq5LVoucWqTqY/CtykuVqmoxjpKV9H1a16H8mWg/BP4r+IPLs7PwH47vJ45QIlsvDGpsY16hpdtvwiAElj0Az2rznX7vxh8PvEF/o0KeNbuD7fDY6ppoGpW1pa3cT4MN5YjEReNxlUkQHvnPA/tt0L/AIKAeAm1B9P0DwH4d067ukuXju4tL04vGEhkZsCxjcnbjgOQhOc85I/FK0/4Kf8AwJ0LWPiPpmofAfQfEWs3XjrVtRu9YvtB0q6lurhbh42PmTQl441MYGwA7RnHINfcZT9IbEccRxVDIOE8xzJYKEfrTnT+rqj7S/s52q3clNxkvc95LfufKYvw9zjhurGrmNOGAlWcfqsZYinVlVjeN78qtFRVmk9btrfb8WBqPj3VvEMt7p2neJbnxG62sdvBDo101wEYiKBvNWIkLEhU/MSwHQZOT+4/wH/4JxfD2Sz8M+JPjv4u13XNd8XaRZ6/NpmnatJYx6Ldon2qG0voUkUvMTtSXeOD1IJJr7m+EfiuT46/D7Qvjf4I+BGl2uk6u0lsz6ToelJIn2ViCqhYg/y5BJIyOBgjgZniv4haN4Z8TQWfivwrreha3qEtutoL2zaJT5z7FSGEgKVIwPlQxk7ugNfzRxn9ITPquYYzJsFkGLyqrg8RVw2I9lNTqVGlrbldOcFCK3i2+ZNo/Q8q4PnjcPQrLGUvaxjGc1CcJVI8qjJJxbk0mmlJ2St5M95+H974Z+HbeDrfxX4M03S/Bttp15pPh/WLPT0vLy9lsXcW82o3iRvKwKhC4ZiTnPTp/KZ/wU08d+EviX+1V448T+ETZJpsF1b6eZbS0jtYp5raRElkdEVQXBTk43cMeeQP0y/bv/bp8ffDnWtR+Dvw51i20/T4dGtbmW7vbSN7jTbq7H7xLdnUiJmDHcyseoOea/n/APEfi6/1LV7nV9YS21O6ur+O5kkAASe5eVZLiV8AZ80li3cH/dwf63+jTlOZTwlDifGVsR7HMMLCpRhXqTq1G60oSnNyc3zK6SinHms23Y/MPEl0qbqYNxi8SrQlKNrKnDlV3y6c0pJtpLbRbWN/9paKDUdc8JvbTRyND4N0yNwjL8reTHuDBjwDjGMHBJHDA18yHw3cOElZo+RuCljyFHAIGBkYGByc447n9Sv25vH/AMKNJ+Hfwr8M6F8KdF0vxbr3gXS9QvPF1vc3DXUbRqqyJ5fKMrnJOeR0AHOfyZl8XXUIjii3OqsMEoDlT1GSST164B6H3H9n1a9KbUo21UG27JJ6N7q136drvY/C3g6kJcylJ3bfKnZR1VtO1vnb5H1vplokX7KPiISSgP8A8JZEXQAljtA+XI+bAJ9M/QHI+VZ9Na9tIWIIiUM6siMCQvOSoGcYzknH8WR3r650a8Sb9krV9RaOFt3iqNWUISMgDKnAOQcHp3wPavlxPF0tvvhXT4vKWMbW2jKKSclSVxhl/hJyc+mBUXpq10trWXW9unW+vT0fVdFGlZtyetrvVu93G6fRWSS030d309x/ZMsvL+MAmVV2/wDCL6wMZw5UWkwLbWIJ3HB5AGO+K+efEOlSXWu+JHj2Iiazqchdgc4WeTptGeeM+/sBj6q/ZM1CPVPi8x+zrGP+EY1jG0BcgWkucYxxnHQZBxjuK+edc8RRaZq3iO2ayhl83WtRCO6HIYXMiBSCMEEEgDp1Awc0pNcl09p2tsmkle1r2T002Vkr63LpqUastG1ZXdrdU1fXs12av6nCaPbNFqOmxFFkRdSsDuUgks90mD05xljj2x1PP3t+2lYtc+LvA0JiwF8AaAQzcFf9Bj6ge3bGB93LV8LWOpmXVbBkSKNWv7A7VTGxvtMeQGwME+oA5B6YxX3H+2bfTQeOfBa8bT8PfDjMVwwKmwjycE53Y68DjkZOBW1Cq44evbST5E+ui5dtLO1mk+nnazVfnhZ20SVny7Jyi2vL4dF2vd3PjK50C4NjdTosOYoCQM8gDOXwBkjHTg4PGCTg/Uk9vHffsl+HogACfE235kcsXUsCMFMZ5JB6sfevli78QXlrBII/LAcNGxZM5GCo7bc4Y9ARnOB0z9h3epKn7G+i3tusCXMPi0KZVQD5mLNwMYBUg5+Uen0xjOrPn3fuWvs9e1lq0tVfS2vrFGq5Ti5bK11a7fu77tvTV30fR6HyjJ4PcurRm4VcAMjRlckAkgNgYGRkE4PfABBr6m/Z00m5svDnxgS4jWLf4RuFViwwwCdcAgHAA7DHPXPHyXJ4u1/ySr3qjkk5UDKlen3fTGBj1wScE/S/7Mmu3OoeH/jP5s7OYvBtyw8znyyY/mKDOMDBA54xnJGarCwqxrRae6b1T7Re7b2+5ttXbTR1YqrzQtF6Nq3RvWKd9ZN6b2tbr1Pl7FtGkdsxhLPctvlCjcAZSR1x/DwuACc5xgAV+zf/AATd+EXww8T+Bvjt8SfHXhnSvEkngLw7dNpUurQxz29sfscu5liIK+YHClGIyNvQfMa/DRdRBmKuCzrPvDt6CV8qQOODwB7Y4GK/eD/gn3fzWf7Dv7YOshdudAvYUYFuCsQUlWUd8nA5wTz8vTGvB8rbnaTkkmm1e7XlF67J2a8znpVVzpVI3VnF2elvRX1d1ulvroJ/wSKbwP8AFH9vD4Z2vxM1NbTw14U1rVPF9hHe3Cw6RDPpNzLJp1ssTsIo4I48sGwFG0DnGa+TP+Cuvxv074rft/8A7QnivRdeGuaBb+KJ/DWhanbMJrOXS9M2xQrbOpZGhRldBtJHB6ZOfk34Z/Fu9+EN9rPjSwjmN/NoN9o9hNBcSQS282olo2uImiIZWTcSeRkEHpkj541XVLfVxLdT/aJriW7nu7iWaRnmkkuJGllZ3dizNuY5yTk/xZANLBZNQoY6WOp1PflTjBwbcVFppt22d03aW7R5uJcqtdNWXJBRhG7vZyUpJpaNaRUWtlvZHu37O/ji+8H/ABS0rVtJ1CW21E6bqUCuoIjljuYSrwyKM742A2sjD5icMuMY9vm/ae01NUutL1/QbZ5Ibu5upTYwW8cU0pd1ZHVkDEPgbsjgtkZNfLXwei0+68babMiTCSO3u9vzr8oWInIychOB1GGIxyMGn6uPCB8RTh7C8kvZZLkysZEC7jK3zYLDkkt1IHcnnn34VHT+FQXvR66NLltu07tttau+q1tpyVozcuV8vK+TS+jT5Vaze7u9VZSWumqN3XPGek+IfEv9u6Ror21pbX1vctp7S4WcRzrJJEBlRtdTtO0gEMVznNe3+MvBnj34k+PtQ8SaT4Ei8HaDNZeH70i7YWlrp1o8UMC34TKNJFcPEzE9MsSTggV8mHUfD9rJ5dhbzpeJeAB5pgYwBIDtHzYJPGMAAfxYGa9s+IPxa8VeI7e4eDXL9Yrbw7pmkT2iXTRiaO0P7mNhE23y0PQZbHUknFeXivbVKyqU3Ftxkm224pycGmoxlF+7yvS9r9GlY9fIsTgMHCq8bQliIuUZxhCUVrF/C73lyW0s/Xtb1T4m6bP4k+A954r8O/Dzwx4Z07wD4rl8P+JPFdjqBub/AF+SSJbeOR4TISkZlBmVtmG39cV8WaHaahqd+sFvd272wVDI05VV25G0A/L8xIAH3jnpxmobDxpr8XgvxT4ej1e7i0S9vYLy90oTyPb3V0r5EsiMcM6yDAZlyCc9uef8La5dDUbW2iRCs8sSsGRQAUYMCRg4IPIA69Mc4DjGvTpyUqkZSs3d3SkuVNrdt9bttu909DfG5jhcdi6VWjh1h6MtOSC63TcrJW0SV+ZN3vc+7fhv4pk0TwxrmlR2ixTpqFvv2ALb7GSMeYpOCex+XcN36/sP+yr8Y9Rsf2L/ANsXQLnQklS+0K2C3KZ2iIRAMzrjaVZeSTjIOTnIr8QfDWszatpetz3duttJa39tBH5Y8uNxEFRcYAZuFyxPBJGeDX64fsvQ30v7Jf7UskW+aG58MoBJt3DdHbllU8c7QmADjIwpYHivscjfPlzoV4xXtqNRUpJRdmk7czltLZXSutGtD4LiCm1jpV6bfJSrUudaO8eaKa5LaNXvZLz0Rxfwq/aU8CeGPgr4U8La9p9gtp4g8W6XNr9zPHL9lsbTRoEuLeWPAAM4kjXcBgsRk8cV6Z8cf+CrPgT4i/A1f2cvBvghLTxJ4s8QXHhzxH8W4dQu4ZtQ0A3xXTkaPcC0UESrCI3yvlHGQOT+L3ifXL6T4M6fYzybJLfxW4KKSjiJrYhFbGCFI5IJJBJyOcV85aNeTWksVwm4CzvBcBQSQssbh1YHHZgCMYJ2jPOa+FzTL8PmbpLFUKcpYKpJ0ZOK0mpQak1rfVRSum9F1278FgYUq/1iEuaVdxqzStZOPKotq9+r+09bPWx9t+KvD8nhjxLfeHnuI7gWk9osdyhLJLG6giRCf4XDZU+/epGtlOpwqrKFCLk9yFK9eRuIK7QDjjPGcCl8b622tJ4Q8TpGpbVtFsvMKKHDT2aiKUuRwTgYP4kjkCsVtRuGvXmjQk+XGAoUFVLEY5K8498Dj5T1ruwN5UYppc10pfy3iktL9nHo7X2vZI+gq0/Z1G3faEt3qrJ9O+z1730tbppPI+1BpCzkLKrYIA3ZGBu78d+pBBGOtbkqR2Nvo85CESM7jY252BztByeAA3JIAXOM4rz9ZLqYOGd0P2gqz7B0cFQCFxywAAU+pHHQdmbBY7C3CyysywDl8khiy7tobJ5zkegz1INdlnFpJct3dvS62V0t2tOtmnd2d0TGfOk4qy33d1ok399rtvS2+5f1C4inuYJiN3+jIm1OAPmUc9s5+9gED1zWBK93JeagEBVFt9gONpTjClccMeOM9+CM9dsQphUQYPkcMexJBBbA65x14znB5Jqs8SwyzuzZKqisikkv8rFs7cHBwM59M9N2d1ra0tHq3b8FrdJtJvf02vzSqJT97STlu+7tZa26u6WukX10LNolzc2VspLKUjUSHhAwJG0jBBHyjnPT0xuBVbKOO7uA7sAwWVlTHIAIIJYYwevqBjjvWnYBDZFwCMCM9QCA3IGOu4c5GBj1B+WqM0ha6nZ/l3oFXAHI5UAAAnn+76MCR8xraNFqMHJpp8rv/N5t7rVbvVb+Rz1K03Plj/dfyd3fmTs9NXZ67u6veza2cKxqxA2FSwZiDgnOeOOnqM84PTIrPISKS6B6HPHXIGDkHB6cn3HXitGD7mxiCFXPzfL/ABAEHPoRnHXgg8/LVWaJpJJR5bKJI3cMowNo+6eOgP59ST66SjSpqDdkklond62XRuyTtZXSt8rxTp1qstU7aXbbbbajotLrqld6222syB3Z/OJIVUlYdgF28Z578+nPQY5PjXx5i8qfwJJlpGm0udxnII+YgAZGOc9DgA44YZx7RYWs0dtMZmKKbf5eOCBkkkk59iT9SMcV5B+0Kjxt8OmGWVtKuVD4AY7Qev8Aezk9+hC84r5rO6iqYflTTXNe68klZ6dr7PrqtNfp8hpyp4lc103HW/ny6LRWVktFsmt9DwlJvmYsm3aBlgRnHJyR90nqAMA8dGxzSuZ8q+R/CTngswxzjPA4znoR0/i5FDNubn5SOSOW7j5QMZP4ZJ9wKSRuCPK3NjByMYycEnPuOvHsa+Qg2mna93rfSzcrap2007d7vQ+6TT0SfRadVotdPP8ADcxVn+dQgZtuHxgBRtY46k5PXqdpGeK+nP2dJ9vxF0mVwyvJBM3yHgAqQCQB0GMEngjOM/dr5uEex5Sqs3ygFAFIXpyBkk7W+7yeeRwMj6Y/Ztw3jW3kmBVorKVlII4yDjafvZyBnpznHAOFVqKMHJa6K6v3aW3dWVt7W8jhqR962tnJO9rbNK/zWz0d9XfZfdHje7W4iijWPLxuwdzgFztzlj0PQ4ICnHGCK+7/APgn+Ef4RX7uscSTeMr7JLLuKIrA4PblSeg5PAPNfmb8X5tSstFtp7SUpLcs/wA+SBtKn5wBg5AzgYBzkDIbnQ+CPxo8bfDbwFF4U0Oe53XGoTaiGjVmfzLhyRkuAcMxB7DJ464P5N4m1aGYZIsti+XESxFGrq9FGO135aPa9reh/SngT4aYjiGtWzrE43C4HAezqUfbYltK6dG/Koptvdar5rp/QTqWr+EtKeS41DU7OwSGKUN9pmjh2nDZdg7fMMdBwSONtfHPxM/au+EfhGa2hsbr/hIL0NNA/wBgVVBPICBnwpLkkZU5GTyM8fmV4j8WePvF14+p+JvE1yquWItpbtxEpIxueIPtIUcbMcHg96x9C8Iar4snjtPB3g/xF471m3kJVNI0+5u4kuHfh3MMcioCSvU8DA4ANfiWC4fo01KtjMQ6lKDTcYNUqKsot81adopLW7ukk9ro/pfG5N4VcK01/amewzPHRs/q1C6p8ycG4tQ56k20pJaQWu9rI9k+LH7Xvj7XrXVNN8MQL4Y021tp7hHt0aW9yVLRRmVs7H5XJJ43DGByfzP1H4rfFrxuZ01PxH4g1O4upntpLefULkRCHfjIiWQqBtKgnaOuQTjj9P8A4h/sL/tSeHPhJrXxf8feFrX4deCNPsoZpYdUlDa1qIuiI4Y1t4i00RJZRmVUwCvHUVx37On7LHgzxp+zN+0F8XNRS7l8deBDZJ4dWKR1tYYX2zTSyrnaX2grlgeT1r9M4Vzjh7KMvqYqi8JiozxeHwUauGUMQ6VetUhThTnWV1pKcXLln7uivdpP+fvFXiPIeJJ4PAcK5fUyzB4ejXeIk0qc8TKKi1LSTnolaKk1K99Nj4d8M/Cm4v7GOfV7828TebM6RnMxxkMshbJO5sgjd6knPNfrV/wTT+Cvw08QfFPQDrXhaw1+LT5IpYIdTj+0Kl0LhNsxifcjgDJ+bcoIHvXwJpTeXotusirG91bSKgOWdpMkkj/vk8A4yMYNfr//AMEpNLhf4kWTrIDIiAcKMxsJ1Bz3OMHJyNueoyMeB42ZpmMeAOInQxVXDSqYOdOE8PJ0XFTUIu0oNS2k7tO9npd7/j3D2Dwkc2wtqfNZSk5SfM7xUbbtrZXVuuunX+oa68CaZp3hm6g0G3tdNnh09jZW1hbxWtuh+zlQojiVEABA9xjbk4Br5g+Dnwy1jQ/FV1rOqD97fJcNOIyGLyNKHDuQWC464G1jxkjofv2Cxt1s5GIJAtQgUnBb5Ow3EYPIG0njB+XGa8o8Ox2lle3ck0qJvnniQPIAC275dpbIQY6E7eMgYwBX+XtXJ4062Gp3UoYtReJcnzSm4OE03KTclzyu207666I/Vcjz6thsFnGHjCVRSajzyjzS5b8rjGWrSe9rtq2l9ES6lp6i312527z/AGFeseAM4s5VP0OQMk5A7dCK/kE+E/7MP/DWH7WnxR8PeJvFOneAPCmm674kur3xLqcy2araQXDL9ntHnZIXuZMooBJHJJB52/03fG/9sr4EfCY33hDWvEttceKr3TNSsn0ywkSeeGWS1mjiWZ0YpGC5UHcx7jgn5v5SvEnxM8QQ6v468P6PYxPa+J9U1LURe205W7t0vLl5RuuUbdlVwHXdtzjsCT/WP0ZstxmTZnnePWElTpVqOEpUa1am40p2rOc4x5v4lopaptXk/NL4biPG0amW+zxFX2c6ldTVOMk5aQa96KcnHVxavZ3u2klpk/tvfse/s3/BSTw9oPw8+L8vxA1i8ubu213SWuoJodHkViFuGvoHaFlkI3bUkOBkL82QPyl8c/DnXNL0dtG0tNPurWxuZLhru1YvM0cnzqm7IcsqgYJBwBt6Cvq7XtEn1m9lsrmzuENvO0s1zPdvJ50g5YGVnIZj9Tgn7x2sF4rWmsdHWa2iW5SVQoMSqsy9OsjkNnCsflBO7AGBmv8AQbK+J6cqcnelJu0XFcqUWuW6Sjsrxjvre9na5/PubYOMq0Z+8oRjUTqSkuaesPiXLGN+bayjZrR7nxr4L0+ebxholg1tJK+o3ttpqzTmRI0aSYKzTPIRiIYI3MduMMa+kv2gdFNp8Qm0mPUII0sNDsXaODHlrKsIAiDKSGfJyRzycn25fX9Lkne2mtoPJlhPnxXi/wCjPHOTlBuUAhgeQPvbiV46tY0LTYb+9vpPFF2L7UpYWCtPcPNI3lpiLLFmZivTkkYr6GGZw56eIjsoSUrJNPmdNtuysnptrdN6dT5ydSrKjKgqfM5zTV24ySSje3VbbXas2tenz1PqN5b2MiTo1ykdwRERgdHbgFCDyee3PXpxiL4wvdNutqqpiaAoYXXLcjjllwrqSfmxxjI9v0v8Rfsj+F5/2bdD+NumeMtEn8QTa7NpWoeAYrjZqcVupJivEjchz1JmyNqjGACK+GdT8B6XNvUofPjkwzo4AABAYDkAEcg554444G1TNsIo3m1VvytKEXdXUXa+krpaWeis72sckqWLpyjzJ2kly+809LXV116K71trueTan4k/tKFVeIQojnLgASFSeh6nBJHHQehPJTStWlNpNbRuVWRgN4Uj5QeOoA+hxluPXFehSeDfDL7YUaQThdpLNlQo4Yk5AOecLkEn64rWtPA+kJtSGVRGF3MWchfMXJ56kBuwLDk54Hy1lLNMFCC5VKzW/JfaKb2tZPa2jXe7V6pxqzk7cra93bm35fP3dl0TVluiXw34hnXTGs5HlBSUEOq4UoBjDZ2g564+U5BINZ13rjPKztcOsILKEIJO5d2GOCBwM444Hfk46ltHttKa1fzUitZATKVBdWbGFwxGCWAHuOSeCawdY0jRbzTL6+s79l1GzmWR4U2+XKrHJCICTvIwMKOCeQOMb5fmMaslGPtFBtJO0rJu1uZKzSat313drp3Vk3y89rxVldtNWSaSald6Jd09r6Fe1ur27mg+zXIEKNhpW43MQcqOBubBKkkgjJzyc1njT2E1yLe8ZZ5bkmVYjgxDd80rNwSW5B46fdODmue064+yPEZDO3mtlQWKgF8gbgMKMdSSRjOCOMV9xfs0/sc/ED4/XU90kkPw+8HRgS33jjxNutLJ4t25xYRygSXb7Q2xoldM4ycZx7OLxEYUlKpUlGCstbyvJ8r5UlfmlK9lFXb073UYXDYjF1VTw9LnqOWlmuVK0dXJ2jGKWrblfdL+Y+H4bS7e9a0W9mjkVph5wDgFCSMHbt3E5zknjqw456a2tIJbi0gmhjvLqL92Y0QvM7Do21PmcnjHykn+L3/oJ0H/AIJs/snadpNp5nxJ8SeMNehAS9ubNLVIrqfGJRaQhxN9n3E4kZMrwVOAK+g/hX+wn8KtF1JZPh38PdKs5Uw954l8Tt/adz0A3R210skKSELuQKNwYD0FfNV8RRxMZy5atFQ0Uq0JUua9tFzpc17auSSd29z6WjwvjJVKUZOlNVPekqNSNbks46SUW0nu1vbW/n+B3w5/Z6+L/wASrmK30Twte6dp0wRLfU9XiaytUiIx5/lShXnULuxtBG3OMEkj9KvgV/wTXsI7iO78XW+ofEHVAyAadaq1roSTPjKvcOQ0pDDBWPORwRjkfvb8M/2M7vVVtriz0me9t42jhfUb6A2VgDkfutOskCs6nAXeF2iPacnIr790/wCCvwm+CGhW+vfFTxJo2iCCFDFbyzR2ccKquFisbFGS4v7lsbN4RvmOdxIIHg1MThaM1SweGnjMTde/FTlBzbirc2qbvvb10Ps8v4Vy/CRVbMqysleNOSXO9Ia8vM9W9EvO66X/AC/+C37CMsemWFp4ktNP8O6RCI/sfhXwrZx/bZIFPyw3c8S7Xyo2t9qbqCSDxX6ofD74DeCvhVoEeoauujfD7wzbxAzNcRWSavqMYHMRmO2ZpJAMGOH5j/CucGvkX45f8FN/gV8CtHuo/BraLoFrGkiw+ItedJdUvpVU5NnpKB7zzJCA0T3SCLPBYrmvwS+P/wDwVe+K3xr1ldK+GFpr+pPfXUVqniHX0XEAuTtX7JpUJ/s+1hOSYZ5VWRSRk5Bz1SyvM8TT9rmNSWHoOy9k6nsqcVpZNOSdktFzXd1Zbo7qudYDBU5UcspUoKPw8kI1K7aS0SipWVurenyP3G/ba/a6/ZR8EaLpegP4T1DVNSS7dvD0OmaudGu7++xshv8AUlgkjuXtxLtkKTnBUk9+PwE+NH/BQb4ueNbfU/CuoeItcudEhuF0rS/D2m3bW2k6fHuKJ9subNxJePGmEJnchznPavirxVq/ifxT8S7Sbx7q2sa3rFpcNDqjzPNcC2lKFzCkuWjjjR8ABPlC5I4xt+2PhX8BvAHi34WG08VeLPDnheXxRrV5dHULHU9MbUbaOJ99tFdrdSLPBI7ALhMYBOeOB7WVZRgcO6iniaS5acasZVpLleqsob20V+jla++3yWY8Q4+tQUlSr8sp+ytRUpVLNRu53s+Xm3VkreSd/huX4leM/EWo61YRztp0GjSQRxWenBIm1K4dhGI5ZHxcXG52/eF8g8kk9VwrP4W/EW+k8Qa7Hp8tva6BOLnXdbvJkf7CtxteWOBMktIsZIQKSoOM4Jr9Ef8AhiNNKstR1Dwh8Qvh1d6jPp97cXFzqOvWz3WIfmsijCYwJdlFHRgNxB4FUfgR+x78Q/jrp2v+FIfi54X8GxWt0reI59d1+CE6zO3mM0VkqThbmFNinedwHy5GBXuY/MsHlmBWLxGMwzoRpwlzUr1ZxXOk4qEIuTk7WilduTT8j5/LMHis2xP1PDYbE+3nVlGMazjQi3aEuaU604wUUm9eZKy2tc+E/CutaeNd0ix0y4jsY7fVpYrjxLqinfHEkbJ5dpHLhcySMFGAdxI49PpXwV+x98XfiJqVhpniPRtc8IeF9Wa71W28WXUU01xq9jcOWSa3t4yX8hUfdvYCIKV5I4Pvi/s2/AT4UahqmkeJ7vVfiJ4w0QLFp50xoLnRYNTtmz9sh+zO8U0e8AgTAKcAnjmvojw98UPi18QbKz0m3fxRZ2GlWJ0eJNLtIjcW2jRr5UkL3ESlbUyxqEEcLDnIGdua+QXFGc5tPC/6uZXUjhpVrVsyzbD1MNRjTTjzqlQqctau2lzRnaME1azW37BlvBPCnD+X4vFccZvhcVjlS/2HIcjxdLFYipVlTUqaxlak5UKChO3OlU53Zrax8AftOfAT4JfB3T/BXhPwB401nx74+eKSTxrJEypY2Vuf9TbxtggSxlSJkPIx0rxv4f8AwI8b/EW7h0+0s768QuEs9MsoXA8jd0ursYRVI4bLA5yBuODX6/fDv9lXQfHWuvdyeEdUktVuttyZ7a6uNa1W8Z8mKJplK5kYkyFOBnJwMY/V/wCHX7K3hrwFpNm/im1sPA1jcRxi08LaJCL/AMa62xA2LcRxK0tqzggMQQEzz6j6nDZjHB0ZUsViamMxSnNyqSslJzlzKEYxXu06bdoLpHlTbsfA5jlVLNMbLFYTA08swPJCFKhTbbUKajD3223OpPVzeibba6W/If8AZ9/4J/Xt1cWVvqulS6pqm6JovDmkQk20AwPn1i5KmPaCTuLuGBJwO1fsX8L/ANlHwz4Rn07TdS0+Pxl4ojEYsvh54WRBpmnyEDy21y/jUxbIyB50ckm7IYbQxIH2j4E+DupvpiRJaL8JfA8ir5scbpN408QRdmubgnzrdJ1+8EcOucdq9Zu/HPwy+CWlJpegW1pZSzIyja63OuavdMDj7Xd/PPukkIYhzvUOcYBwfEzPiCEPdlValK6VGk25tPlSUpL4ddWo+bk0j0cDkip2jhMNzSVm5tSUU/ds+Zpau7dkr3et7XMLQ/gvHp2nW138Uby2t9Pt40fT/Amgstj4e0yNRmNdQkQobh4xjzEmLB/mxn5s+a/ET4jaZPpup+CfBvhvTNUtzayWzX0dssOh6aGUoSRhY2dFADMxYtgtznNeI/Ff9oeeO31TWvib4jsfA3g+zEs8GnXN0seoX0O0mMRRbhLMWHCLJu5OSB1r8YP2jv8Agpxqeu2uo+AvgzY3Fh4aitbhbjWLa3UarfrgxhpGiRijOQSGyOG6g5Y/ISx2KzCqvqWGVSXOoxctKNPVJurO1pNatxhzPrzbM+mo4all8JV8yxcLWUvYq138Nowhe75tlKW2ja0Oz+K/xZb9lv4hP4l+HHjiCDxN4ka807xToVvPHNo63d2DHFctGxMaG2LK0bAKUZTggA1+evxg17x1Frthe+M/ibpWt+JPHDy6nc3Au/tyaFpUztInmOZHWKUxtgQx7W3DbgnGfjnxT421DxVdm81u8nN3JfC7vI7id5rmVjJkJPKSWEoGCVHQ4xnFVtA8d6LqGr311dWSXN8iTafFBeuZILa3WMKkuyQ4Dq4BAUA+gDV+l5Rw9WxeGpYjMcbz4vD0ZWn7KDUrRUowTacuWDtZXb91J6b/AJ5mfEdB16tDB4NQwterH3FUnzJpwi3aL5W3o7J6Ntprr6XqPjP4d/D3xiL68sm8URvZFrfxNq7NJt1hQzwvbWcwKiNJArKpUfuwucAnHj3xu+Meg+IVbTbO7Gu61rE1le3d7FapE2luqrstLRAi+WHwFfYABnvgBvpHT/2SvGHxe1PS/F/i/wAVeGvDHhqxsrK5Gg2M0Fxq2o20jrHC9vbAlRdOu07Cu7BGNuS1bfxp+FP7O/wH8E6pZ2WiTah8VPEVskelzarMHuNOtWO03zRRmSOGYgkovBXIHBwa/P8AEZ7w4uI8LTw6x2c57Caw1sNTk8NhbSjGdSrVny0qajZ80ad7tWs3c+l/sniF5FiZVY4TKsndP6wniJWr4hckXCEIx55zlOaUYKerb6I/MLT/AA7Ff69qWpTKJI7SBZ7hLnlvtBUhFCngmNyMj1HOcBT1emKbe4j06JJJ726uI7o4jKjyQAxAA6ADKkdhnGVznqNM0Sx0ozXn2iS5A0+SS8VxkTXDM2ADja23dnocANyoFR6LrDHWZWhtw93d26w2TpCGMLkbVSEAFpJCcDCA7mIXo3P6ldy5bQ5m3FKKSk3JuN3GN2ndKMYpLR9I7H5xGEKKlKrNU0rylNuLtZJuV+a0bJWu2uXfYz9c8Up51xp4jj0+KzTBkcDzU3oA20fMeWwx3EEHBB5wPNfDdhLrd9qUOnxajfWV2rQzzpbOsMS5IkmedlKbTzk7+SQQcba+6/A3wa8M/Cyfw58ZP2m/Ddxrvw7v9TMjeFo5/sWpakVw8cupPlXt7YHDCBcSOpOQQRWH+1V+2/8ADzx2vhvwp8FPhd4a+GXgjSrmS0sm0KwSLUtbUXGY/wC0LqSNHuIwmEbzHbce7ZBqamZ1clzzD5TjMqxvt6mGhjHiZwjTw2HVRJ0lPnleU5R1cIxTSavZHJQlR4hyqeZ5VnWXVsLRxU8K1SqutOtUpTUKsIOkpQfK7xclJx5uaN3Y+f7/AF7Vvhpoej6jaw6fc6Xot48b6flneUMNzG7DZADKCFY9CwGelfQXwC/4KIeAfg1400nxl4r+FaeIIcW8VpodvcyR29ndzXESLqMMP+rllOSSsilSM5GMZ+PfjX4lv7T4YeI9Qu7SKDUdTu7OMLHtBEUsO8uiY+XsVx8vB7V+fNv4hvrnZJNJJM0QRocmT93JFIrREL/CAQDjAPGCOMVpjnPPMDjaOMcalPHqpRqQUVH93ZRTUtJR6NNdu10+yi/7FxOCqYZOM6PJUXu6W5o8yab966vZNOz7XP0N/wCClfjLQPF37TeteOvDugf8I1b+O9B0rxNBo7WqWccBvLbzWkVY1SMSSs25mC5Zhk9SK+KdD8ZS2xjiijeW6jydsiK2M8bduOAM5zn64xWv8UPi74y+N2paBqnjU2Ed54X8P2HhnTJYIVieexsYhFA1wwRTJIFVcFs5PAPOBxUrxaTEXijFvIUUG5cqxctn7vUcjJ6KeB0zXhZBlmIwWSYDA42MJYjC0FRny1HNNQajB+0ev8NRu3b3lbZadOeYrD47N8bisFCSw1efPTUoKm/e5OaPLdpNSvGL5tYyvpds7i78QalJKJb+7CxuWcQQPjDDBQFFPvy2AeOvCisXxB4onlih+z3UhuMojqj/ALsA8YBXoeOeT9Oa85utTma5DqxCuuyJiEAZ8YYkAZJzzgbVGTiuTudS1CO4e2kYNtfzGCgjktnO4ZwVABIznOOBXqxwkYaqz8raaW0d9NdbO2uux4k2ovbS9nK1neyevS7VrOz0vZ7npEfiK9glMLlgp5MYUMpc5JGWz85B6gkDIYZxVe512dopFiZlUn5xktvyeNvLZHdgOODx1Ncm2oAxDLmRmwQhAJGcjcWGcg9wScYJ75Lor5rNgkioUOGTYNzfOWyFJJXHXjnnpwBUOly2TitNlo0tk21dtXb0e+rta5jzNK2ui0vtZpa7p3e19rLZaHU2Wrgzic/IyDayNlfMUDJ2dOeM5JP/AH0c1be4urhJLi2DCBpCpTcWbcerbEycgcjJPJ4yQSMaBre6Rja2x3lfMJkzhSgBYlsHkjgrnPoOoqC31RrWY5OwAFtkZ3KGzggg4AYHn3GBzgVx1KbcmowSf96Ka0SstLpaK1rXaaeqs1UU0k1ba/TfS1rpX28n10e3dRtqS2sbuwMSkZVHKMUBBBZSQcgYJ7jqcYwLkHia6Z5AiRyICwIGQ58vlWbjdwAeRkkjAOCa5Kw19kWV7tcHIKysONgPC7Bxhhxux7Zrb+zJqpnuNNmiiEkWSD8qwtgsFzw2XP8ACeMkZwOvnyhFytUgrX0k1ppZO+1vJrfrqy10tK70XndJJrXp0Wmqe907+heG/Ec1xKbmRmaSMeUkDnKOSRgoGIyNvHB7g9c139vMba6e5khdnkQTJbsA0ZkcHhdvIAGfwxnqK+V7HVr7Rp98rbpobghPMXIwGIwRwNrDoc884HPHtGi+I3uJYryd8F4CwRJFKxrj5sqegYLjHBOchQcV5eOwMladPSLW1kklJLXRrmXRp389Uiqd7K66xdnq/eau3unoktHpouW6uvbfDCp4i1LTNKe5j046lrFnZvtUStGtxcKjyMi7jtRWBAQk557A1+zPxjj+DfwpsvhL8Efgr4c1XVPHNm2m3Xj7xhdQXWnPq0OrWkErw2l8qJLHbo8rpcOrKghAHAwa/BLSPGUmm6qmorF9nktS0tpMh2vHJvLxuoJGSDjJyTnIz8xr9gf2b/jzp3xU07Rpfj7pt94t03wNML+KfwpLFZ+JtS09oFtY7C8uQUmngVYwCCxKKOMY5/MOMcgx2Nlga8J1PqWFjiJ1sPGUrSxMqUY4WrOmpRjWhSnq6Mmoz5k9kj9z8J+IMpydZjQxdBTxmLhRp4Wq4JuFKDbrwUm1KjKqmkp07ctra3uvpn46a54O/Yn+H+k+DPg1qfh74jfHH4jxr4j8S+IreddStPhfbX0KzvpunOzSKmoLG+yWZnEjOM98V85/svf2f8RfjLrerfGzx/qdloOr+B9bTxNrMt7GL3U79bGV7K3hvZpMxBLgojW5ba0eV24r3r4u/s0fBrxFpPw18feG5r34b+D/AIivrLXGr6zrsGo6z5sTSNBY3Onid7uBggWJZJEEZUZByefkb4s/AfVvBPgma60LS7+28I3d/DLo3jfUbh4rPxWlvKIp49LAYF2R1KzJyCd3BBArkyfA5JPLHl2JrSq5vjsNGhi8bWpKGJlUvH3YSu1CNJxThRhJpJc1rps9vMOIM7o45Zjg51aWXYPEVamEw9Ku50otv3lCN02pJNPnSb17u/iupzpYfE9NasLqK00vw/eSRaTeeajyzafaXbRQ3cSxExh5IlDuFX52yw3EDP358P8A9tD4h6Ra2V74c+J9vpek+G3uRb2WqIZkaaUljcJDLuRZFJ4YAfNzu4wfHP2dv2RfFf7WPiGa10O98LeGdF0KygtLnUr66kjS7uZgIkgsbeM7prvzTveMqWIyzcDNfoBpP/BG74S+EryDw78af2htb8P+IL+YC28P6JoUk0N5G8Z2l7q4QLErZAVy+0cHIzXqYvLchc8OsdiqccTg4QpwlKKcotRUlecouMZyTctZczvZJt6fJcueY3FVcbQwdaccZOVdpKceZOak2lDSSTaSiuZu2itY/Kj40/tPeMfi/ca1L4u8dX/iDXbm/AgmRW8tYUk+RIVXkoOOegxlhisL4xeG/iN4S8BeDfEWr6Lqun6J4o0Qf2Vr2pQT2X9pPkErEJwrTKCQVkTKuhyCSVx9N/t3/sP/AAz/AGSfjD8L9B+G/jnU9f03XdOstVvodbk043EUfmRy3fmT28jQpFNCJfK8xg3O0gM1fQP7f/7cnwU+Ov7N3w0/Z78E+HJLjxL4Gfw3BaeLNS02C3tNLWz0uO1udJt7yBBuEs6mZndtspw3+1X3WUVKPNgPqSWKo1eZSruP2YyhCSctLPVyTd1JJpavTw89y/NvZTniadSg0oy5WpUnyyg5xlGNRc7vK0Wkk7u7SsfhVq/xEvvCPiPw/f3uqT3S2NisqW+0TRlmAYqu/JViPukAjIBAHWvafGvi671b4F6rq8niK7tbnxPqNutrod1ugaa3kUOZhkKjRquFLDOAQAT1Pmfin9nL4+r8Mde+N158ONWv/h54Y1VdGuPEK6fOYoZ7lfMtrgoELCyZfmiuiFhfIIb5ttbnx50/XNK+CnwavtYht5JPEWmiS2WCMRNBZwEKiMmN3mgHDHHBAwMAgfZ4zB0q1CpKnNL2H7ycIPn1933bRbd9rR13adr3Ph1iMbg041adWMcRFwSabajyxvJu6stNLJp6NpNHzDpGpXUfmwCcvcxtsiAckoAfm2nGSvsxHGBgFRnf0/7dql/FF5u2UExSyyAlQTxl2YEYJyAMnBGACRXHWK6ZBJJNFcmB/L8+QShSzSnA2KxIAwTgL35BIzx6d4QstZ1mCaW20q/uJJiFij+zuqsM4E28IDsz/wAtMhc5AA618BmCVJupzU4z5ZJOryxtJW+K7V15NLdrdIwptTsnK7d3o76e7dt66q++l726HlvxP8KaxpLC4sf9Lgm2SXcrhQI1GNwXORtHO0rgcenFeFi5eW9W2iQyNcMInfhgHwBwAdoxkcEqCPTGT9067pniaKxuV8S+G7k2FhEIVkMTMnzj5QSPllAHQhsgjnrivkP+yVi1+7vLO1n+xxXj+a3ltGkBkbhY92N2Ofm69cgAV6nD+P8Aa4WpCtKlKdO7VSNSElO/LZKz012s79thyjOMnZSXk0mk2oq1mk2tdbNt+W53PhDw9HFNapqAjCKpeVVbayREDhSCc7ivLYJGAOK+kdPWztIdPezvwedsFpuK+YoyFRmOFGe5Pchc88/POnaylnOto0JnbzVRiBucxOQ2NwJBHoc4AOBznHoTa3Yfavst1EYQI43tfJbKxEgFvMIPDAgBiBkAcqDivms+w2LxVad5ScX8MYJWtpZWeyvHfW7tdatq6dVwulez5Yu91taSV9UtrXd09PJn1CdJ0zxNpNna3qW9qGV8XNkyiWKfacJKecknHX1HGcsfDz9v8N6z/Y8MyYNzJEslzk7oi2AVZvvHHJ2k9fSrPhrxXpVrqFtbJeSSpM6AsspEcb5wwbdyQ2cBhtIO7qDx6D4nsdL1tYmN3FBOswFnOwXzIvMGC28kb1xyrZYj5d3I5+KwscVluL9hjFOphK0W4qV7005Rb5XZLSyulffbqendVKad9Uls1orRaTaS1sr7NteWruaL4oudPu4YGSG5kt2CyEqHVw3I3NyqBckgZXAHGOc+xyxw6/ol1NcQqLiFJDIXVBDiRQAYmKkExj7pAGcHfkHI+X7yPX9CuYbSG3e7BIimdIgRcpjIdihZ1DA4DNg89AQa9s8H60ZrEQajMsEDQMGtZA/zToCyJuIXIAwGwW69CAMepLBVXXoVcC0pyrQ5VSk72fLZyirWV7PVW9E0c1esoUpvX7W8XqkrOzfVNJa3d76K6PUfhD8Jdb1u+utL8HaHfa3qF3ZmeYRxBvOhz80o4wERTk5Izg+uK9x8U/Ab4q+HbKCSbwHrBtLEg5NkWW5mKb2VGClX2/xBdzBcepr6w/4Jh3d1ffEfxVObF42s/Df9nWyrAskIe8fy4nO8YjPIIOFzkbSSeP6JPi78P/A8HgPwV4d1NpBqbXUN1qN5FDGs2Z7RGaGNfuOTxHwCcDnoBX7rg8HXhh8HPEc8qjpU3O6u3ondtXas9XotNPI83BYxVEo3tF1dLJK/vq/Mutmrv02vofxIfCQyW/7R+mSyWs9pdpY6jFeWxxmKdFIMO09G7MpIIxyOlfUH7Qd9Dcnw5ftfTf2xta0w8e9I4RIFVUZF2q+Tk4IJ6gZrzTU/DVpo37d/jLTNILnSE8Qa9FAGbBhj8tmkYk5VXYkb+cAkqNp6/RfxZ0zRNL0jSVFtE17PP5ii7k89nhaRVLRkEsjAjcOF4OMjmvXp8saD969qlRtXSSlyxs2utlZrpd7tn+/P0PcLQj9HanTcpc8q+Z1Iyik7P2NGpq7WUFpfzTvfp/cH+wV8O9Fsv2Z/gdqmoWVnf6zL4E0Z5Lq4hWScCWzhkADugZcKxBG7knnPBP37ZWGnxEBLO1Q/LysCZBAzjgcADgYPHr1r4e/ZB1xtO/Z6+C8AP7lfAfh9QnZVOnWx6kdsDkjqCc4wB9r6XfLdRpIpBBHcjjg4GM/j78D1x8zldTKK1WtGlSo+3hUbqLkinKXutyva8rtX1d7394/xB8U6+a1+L+JK+IxFapSqZ5mbpN1JOEaf12tyxik7RSTSSta34dBcxW6285WGNA0LnKqBkbDgAgZOVwAOSAcbea/i5/4K7Rm3/bG1u4ySq6Npf3SCS2IyB24J2kgY64BxX9nF7cYs52yPlhckEnuMZHB5Azjgg/of4y/+Ct8guv2uPEiLtDjRdILEkkhSIsnIAAwASuMevpXfibLF0YRjFRUJuSS0teK0te1rO+r8tj5LIXUlTrtSbl7qvJ3V7xdk2r6Le6avtrt+Q/xcd4dGvjIzASXVs68YDlimQAMdT17feOeTXlfxdka2+GulpOfMVtNmmjXccZaBmChTuCjHGCMYORwDXr/xusYhoE3l3QmIW0kcEggHC5wQSDlhx19TzgnyT4sKkvw20uDYJHOkkMSwyA1o2cEgFVBbAHIBHXoK9vBKmqlBp7STt/L8Om+qaW1rL7W2pjpyX1hStfku1q73cfJrZ97rd3sfkfoXxIsPDd3fKbWVrh2m8woA6MBKSFyMrz0Iz3z640rn462E8rqYbiNQufLEYYKQp29M4PA4HPGMfxDlG+Feq3801ympWVrbXNzKsLSy4ZCWOXbHIAH3scDtxWRN8IpYLmWH/hJdInm2fejnzztPJOTkDgnOB74yK+uhQoy5ZSv8tpSdnZJa6r5dXsfm9RYepOUZWbcmmr6620Vnvbs7PVPqdivxo0m7uIYHtbqIRMkwfftAljOQckjqVyOgJIP3cY9B1D9pnUraOFdMu7uGaW1VXDxjaioABx/GCRnoSeuQMV86H4QakJGUa3pkgUblIuOCScgZBB5JyCQ2M47GquseAfENleQpKYbgLbAK8Eu5FUYx827DHHOFJJBJPXNZ4jA4SU+apSU7JNcy2TlFaPule299dVYxdKilyRkoy0S6PSysrS0tbe7V9Uu3054d/a116G5he/vZ47iHcFvlgiyiYxjAXcdoHyjpwB3JrjPF/j2y8beKpNZF293cywL5txMgQTbeQQoA2sfb5Rzxjivny08D6xcq0zSxwtuwu6Q7WTBLDgkZOOTnjsTgCvcPhJ8Jta1p0vr2S1tdHtL+3t9Q1i5WaSG2sZ5AtzNGUBMkkSEsoU7sgDPNcFfCYTCQdanhoxai5c6XvW0dkk1Z99XvbbfP6p7Z+zVSWrUdW5LlTSbaberbum1fR66FW/tpNejDzInk4wsZkyV8vsfTOeoPPtnI5SSyjE/2CzjNxPJIgSIBciQsNqjGSfU4H1FfsYP2TP2RrXwPqE2lftIaJqfiG+sGutOvLvT9Tt5rO+8tWOntAYxBJukLIGIwo6H72Pzqf4T+I7XxncW2kQWmpWWn6jGx1e2uI41ls1cBrqNGK7Qy/Nt4OGA24zXzWXcTQxFTFWw+IpSw143qUpxjUWmtNqLTXutre+l+79afDE6EMMo4inNV5R5uSSk024qzjFe63q1zJ663urLv/wBlXQ7zT9W8YTX9jcWLzJaRBpUKpMQ6ghS67SQTggAfTg1/RjaeH7W4/ZVdpTFDLZvBcw7YhvlIjQcsQeQ2MZ+mDgV+O+lW2j6NCljIJPJkhtpTcLJEhMsaBnEkiMPMJYYY/wAIwwGcY+x/h5+2T4Lv/h9J8G9X029ttW1TVF0601S6l26fAifu0Ltlm8tWALsB0OP7tfxl475JxXxdneSZhk2BxFSGCzvDVsZ7NNWwtB2cne3Mldv3bvTS1z+wfCjF5Fw1kWMyzMsxoRnisFUjS55Jc052k421Seq6avXSx+S37SfhyTVPiPeQYBuHX7RGznKncmM5JXngBhk9ewIr5W+IGhfZtCSNkEbQmNS5OVYqSGOD97jPXgDB6A4+9/2jND0bT/HEkltrkGpaijy2d7HaPmKIr86SJISA6OjqqkdWzgZ+WvjL4naXMunW4eRRCsgJO5iGV8sM5OCeRkcDOCDxx/cHAftFwtliqwkprCUoyjJNSTShdSi7Wd1pzO+jutj+P/ECFJcU4/2NWLj7eThKElKMuaV4yum1bl1aVrWtpqj5o0oRwTpK4VnUMiICCzY5BwSckgjjG0ZPQcD1Lw/G261mVJ2kLMESG1mmViTwjFUIL5HBHJyfw4aHTEe9hVZgvmHy1dQoblgPvYxjHXgdMkgEV/Qp8J/iT4E/Z/8Agn8Lk0r4M+APFF3caY+p+INT1u3stT1DULlsHzojcJLJGcYV4hhQVyBlsV153mDwNOmo0Z1Jzny8qcUlZRbbcrN+XKndeWh4uCwlLEybq1HH2cU7buV3Td72VmrXd0vvtf8AEy71ue1hYXdvcoGlCKk0JhYMoJOFkUSYxyGC5BOPmNcxaao9zqVw0SOI5lOxmIGSB1/l16Y6Hg19z/tjfFHT/wBoHxRb+MtH8KaB4Mg0+1S1XRNC02305JWBRWd0gjjSRgc4cguxOM55r4cutKW0vLcqVi2gFVkcgqx5Ynkg89jkex4zlhsTUrUKc+RwckrxlJJp6WTa05e2lr6vQuNChGtUi3J2ajdJNuLSd31s+uqsdNbaHrEHk3Ysr14pAzmT7JLsIJzlSIwrZB3cc4zwCKt3MF28RWaGXMmPJjCSZx3AGB78dQBjHpvwfHHx5pFgukRXGmNZwKIoInsIbiUoVEWVZo2bJ5O0EnkHoeXaB8R7ltcifV7NJRbxvNKhtUXImG5SqMmFbkH5xgZ/ixQq2JhTqOXK5Je7FNuyXKle6Wjbdr22t5FvBYapOn7OS7tPSz0tfd/zO7176b58dhPbQJ5yTlzCjKohk5GF+VvlJLDP8WMjcAdwOZI7WaSEzsJYkJaPe6FV565yB8zDggEEEnrwK9eh+L2gtqdn5mnrNA22OWP7JA5dAeU2qnRQdp42jHXINasvxa+GcUWq2Z8Mve6pdmSK0Nymyzt/MTYjBUGVdHYFSPvfLnI3V51HMcXKTjUwknqknFpppcqUtbK1vvd9EdVTAYdK8a+rWqs9bQUk1J3V7XVtk1338LGkwyXhlIUOkCsm75lI7knJGT0C+6nuK8P8ZXr/ANtCCIbok3KwHQkuctkdFBCjsFO31NfRs8aATzs6xyui4VQNgjcBgFz2AON2ATyTzzXzZ4kgaXWZhDk5kZOh6lsgZHbjI/XivcpOMuV2s92l01jzKVr3u9bO+ltbXPJpRk60ne6jd3W2nLu7q6SVuttr9u68J5m0+SJ4n2KQ424RSxGRkk4OFzyfmXJPHfpo7Fy8hIZVL5PU54zgnHTPTGcdRzxWd4Ttni0tycglV3EjHO3oOhyOOvPUk9q7GMRxIjFgcrznAwQB2PPAGeDkYGc4574SgnFLWzWye91Zy5fTVb9db6ePjqlaVRLaMbJe8l7ul1o4+ad7O6vqeW+M40SDTowuV+1gruz8p3g/MBjOFBH/ANc0+68uS0iAUsYogq7SRjIXkEYznGDk+vVhxf8AHMSyw6fIGAzdkAAkDkkc9NoHf8c9GFWHsQNLViyFjDH84IyxI3AZzwQT93g/jxXe/ewtRyvpBtN9U9tb9NLfPd3O2lzulh+Za8yffrC1ne79LaPXqfYX/BPm1WX9pXwBLsBliWRgucoMZO9ywIGMgHPpziv6a9SGmwvfTfbbeK7MN39qMpX5VAP+rAxnaDgHoFBGecH8Bf8AgkVoPhzVv2xfhvaeLbSXUNAaO7a+t4naOVxt5CMMN1CrwcA5IOTX9kuufBb9mC+nlmuvA+qmymllj3Lf3KTBDlZVBEm3y2zx8xII781/iX9ObNcuw/izllHH5rRwEHlVCUVVlaTTrT5mo21jdayaVm9L9P748BpuhwdVthq1b2mKnKTpwjJWjCkrNuUbttbWatd7n5kfsiT6Bq37UduTc262dr4K1WZ58qGae2RiGJc4I3HI645K/NnP2B+1nePdeJv2L7gXFrNb3nxngUFBFM0sUU4CPlcqSFHzcnHGewrppP2dv2afCniDQtb8DeF9f0FtRabTdVvbfVLpr2WzudyPbx75P3ayqQSyfdwQTyNvyd+25o6fDTWP2WdL8MahenTbP4ozTWK3d1JNd2auQ0TLI7sVkBIydwHPJ5Ffzrw/mGU5pxzl2Ly/HwrwoZNXw/JL45yoYCrN1IyU2nCcU1G0d276qx+xYm1bCpunUo1qlRKMZ0uWKUrU3ezkrXaaeunVXsv6hvg74eaPT9a1ARWkkF5OEi8y2jaXCKg2kBcrn5hluADx90Z/Kf8AbPv/ALR438S27WUSvFCY4FjQKFkRTuIB43twDtwTwATwW4z9lf8AaH+OkL+ONNuPFtte6NpuoebbxXciSXsSsoBEQkLM7YAAXlRjODur5++KHxQ8Q+LPFfiCTXJ2vbxr+6jyXRZ84AH7sEEIB1B4wRxX0Xiv4p5LxJ4bcKcCcP5di8Pm+TY+GNzOq3TqUJU4KpZwqQl7RqU5xaUox5batte98XwzwZmOTcV5nm2PxFOtha9FQoKDmpJT5GnKEtrJJNq/ml0/OT9s7RLSb4A6bfzwLDdS/Enw6XYAHaWu8Z24wCByS2O4PJyfMrXwle3fiGxtNEgtVuQbeQGdf3N1stIj5Z2n5s52qpOSeFz3+gv2xTBP+z7BBJED5HjfwzJIMbtrNfHPKknI45O0nlcEcnzHTpP7P13w5cCZo2+22EmRkgRm3hOVI2ggdwf1zzzcNZtjMPwDlMXJ88Mwzt8rbcXy08FKzT+d1bbzbPuvq1KpmdWUeSzoUVfRNvmld2s9U3e97fPb7k/ZJ/aG0z4eNP8ACHxx4dFlqN3Jd6haTNbyWzI2GVVWaUBXgYjcgUk8+pAHxz8SoEuvi5qckduJFfW5/F0Mcas+37VO1mSwUEsoiUAE8j15O73H4/8AibUfBvguw+LGiW2iaprfg3UbKWRtShQNeafcYWS1ZgMsgTJVXOVJBHqPDPDvjuP4o+Px4u8NaTL/AGnd/D9b2+06ONfs9u4uXlnMCSY3Rpk7ABuYDAyAKOCcoxeNhnHFOU4Sc4Znl2MwVSgqvtEswo1KVSTp6c0VNVIyjG7s2+V2vf3FRwqxKbUIyvTqVpTSvyJL3ot3i2rK/wAPfaR7f+zN4oX4ffGm58YnUZ9KMmn6hDFCsALs5t3KGNGALKzH5goLEYIwK+0/Cem/DTxl401L4k/EHXbXWdY1GJLm103zPIeKWKXjzRkM7BVHyEAAjpkc/nZ4g8QeJPDXjf4TXtv4M8Q3F94ja9xZTaHcs2oQ+R5TS2oiiw8UZG4scbRk44Ne7jTBZ3ejXotJ7e9vpXkvYGDJJbyPPl4jE+DGFJ2MCMkgpnJOfnuM8LxhlmX4CtmkMTl9DEptYaTmlN05KDbjzK0XFLRNaJJ6b+bToZbmGa4qeGnSeIdONKVelZyjRspXhJcz+OT5ktE15o6D/gp1rnh25/ZA+IqaLdQRpJHbpb2oC5ijJ2lXYAj5RztwcYBx81fwwazpx1KW5lKqQm9TsO0fJlTnuc45OCR3zn5v69v+ClWpXNj+yh40YQiKCa5sYflOCdxUkHjPPfPfByT0/lA8N6LP4m1fTNE04Br/AFzUINL062KqDd3l7KsFtAp4CtLO6qrHPOVwOtf6Y/Qdryn4aY3FVlKLnm9RJSbs406VFO17u12utu3dfyj454OGEzzB4SE5VWsO5czau/aTur9NLd7tptbHj2laUPtsLNH8oby1QDksoOCxOMHk5YbQOSeAAeb1DR7iW/volRx5czOSGX16YBB+bIXuMkHuSf2K+JH/AASS/bX+FHga9+J/jf4TR6F4I02zsNQuNZbV7JjHb6hsa3nMMchkxKXVQCM5JJ4Bx8ueJv2Hf2pfDcmgXmofCHxKLTxtFDd+HbmxiW+TUbW52yW88ZgV8CWH5gHCnBychWr+zaubZfSi+fE0aXSTnNU9W4PVtxd7dLbWR+GUcuxdScXSoVKqTWsFzJJOPRbaNN3Z8FvZ3cRKKkm4KsiseCCBnoOuQTkjgEZyRgGjDcXLSLFMjFy4LMuVIUNscMMDoOOuCccda+/Ln9hP9qtXOfgX48Jz5YuG0m5I4XkBhCykcZ24zk5B5rnNb/Yg/ae0WJb7Uvgd4y0+2ZYxDd3OnTQxzSSH7il413yOSCEUlmGAeoLRDNctqxU44rDyulZqpB3V115tb2Xf59eh4TH83I8PUTSsk4y0+G0fhVmrtpW1v5XfylqN1EtvBb2+CPLJZHx8gYcydjlvTnIxz3ri2VXBiCbl/wBY5DEHdnIzzxg56YB44OMV9Y6r+x/+01bxXupP8EfHn2aws3u7y4/sW+8q1tY4zI80rmDakQjGWJwcDOQOa+QL2SazuLm32NHNA7wzxEENFMjFXR1Y4Doww2MndjnrXVQr0K6cqFWFWKtzOm4ys3y78rfbXX0va5nKnVg0qkHDpaSabso7baJtpq1tktC4plLCBCY8IWZCRkAnJKjgBsDjJIzjkc5smAGTb5gTKbnBODgA9845G3oR35HIrEtZZJbhGZtq7Mtv+Z2JznJPQenJ6cAiuiUBw0vIOSvzfwryWBUckYUYOPl9hnGsnotXr1s9bKLT8t3fzXd3BRtGKSbbt0S0STukrJXvqvLa7stHQr+bRr2G6ViY3k2SKuS7xk/d3P0yBgn24A5I9gsvEqXfnMEKwwkKqM/3WwSC+Tk4ycYUjqcjINeELKcDYzYhYOWwSSQTj5SQDjkZyc9Sx7QXGt3cglbc6CR1C+XxkqQADjJIPzdvUVjKMn71072dt9bLRtq19LXV7K+3VxXKtNklddrpKzb02ilo/PU9wt9YspDcG6mWOKMF4irtl2Uk565z/CCOCOQOVDeu+MfFfgLX/h54Z0NbOG5nhRJL5ZQT9nVDzJHIcEF8nJJyPXkmvi5tYuIuJNzll2hSBwDjJ7Asc8nAwBwP4aSbWrqKLYJGMLRlWiU5UluM45IHAAHA744GFyO0XF+8mm7qXMrWfS0XtZNdOidxOTtJaWcequ1Zpq+66WsttLa7ei6I9jDqGsw6cqiFHDWyhmYBRwpPJztHGckjnp2zvH8MKWdu/lHzpAm/JOc5PRsZA5wQeq4IXgiue8HSGS+u0WRljkiBLk7VUlg2CSAc8HrxnGM4NdP4p2XFoBJOGIWNcNg7ct6kNwQeDx25JFfb4BJ4BOTd+1lr8Ot9LaWWl3Jfh8bi7xzODaVvdVtLX5o20aTXurW7vtfa55nbgSPD5cLMQjIVyQxOBzg8nquc+oHPGP6M/wDgll+zZ8I/i5+z02rfEfwtBr4svHN3HFHdDKITFHsZVI5IY5BIOQMZr+fbSvD/AJaxSvexCaZ2MY35AXbuIfcQd2OVXGBzluhr+nv/AII1zq37OOvReb5r2XxAuVfnlh5aDOCcE5YnPocYINfx39MjP844e8KcTj8kxuIwOLhmeXL6zhpunUjTlVaklODTimrX/N3Z/RPgVhsJjeLVh8bh6WIoywFflp1qcakXJRpttxkndpde9+trfif/AMFZfgJ4N+A/7Ut7ongO2XTdB8QaBa64umoVENlM+IjDCuV2g7N5DY5Y571+YZDKqq7EMRnGTluRwu3LdenTtg1+0P8AwXAv7e+/au04oPng8HWcMhUEZlEjbQRgkc+vA45bnP4tBgzB2fkKSoI6AZOSSMYC55Ldj6V+r+A2Y4zNfCngrMszrzxONxeR4SeJrVZOdSrJxs5zlJtyk0tXL3ut+p814k4XC4PjHO8Ng6MKNCGLahShHlhC6i5RjB7K93ps312erZxTsrBEkfLgBf4ifZeSc8Z47ZAyTW/b6XeSYWSIhxt2E5wI88nnH3SMnqew569R4K0uwZI7yaVXlckqgKHYNoI3KScEtxnvg4zxXoE2nBZPObAUxnaSqbSpYgA9MnHzDnaBwOMgftUaVOcUlFqVk9d9otNLvpZ7aM/K8bjHRbXLeLtd7WvZJJdOjV2t+rsaV3oluvg+2uXt1UxQxLlCNzMcF345OSduW74AxnB5VEa3W2aHeo2NlRyeOATwWAAyCCBgdMcCvZdQs4V8FwciNVgUswwdwPtyQRyRjC7eoAzjzKws4/MjDPujlIXG4k+X1ycnIIJPI+h7VphJQSlzattp26bbu6f3rQ4qtfkh7Rq11zaO38r0s766+t1szmr/AEeWdBOJGMw3uApcltzZyw6/KCQ2OMDvipLO0vY4I1fmNxvfPJwMYJOAy8jHOcngkYAr1ybRbeK3EkKFU8gbcFSCx7HHJOMLjHTAxjOM0aNJFGjuMCQhyNqhhGPUYwOfm6ZIGcAkZ6ZQp2lype803d7tWs7+e3+V9OJZpFJQkuyV97XWm/T9drarx2+tHSdZWVmDMwYgkMQPu8Ek7sZ6YyuOck1dntr9bYGK0lZfKG1mUjAI6qATnJA5J7+wrpNZtVWcrhX2MNjkKqr84HcZJ655PG7oenoCWqSWdsLmYI620ZhO3cuAoyCMZPTpgZOOmedcPQlU5r3k73urXSaTtK9rO/rrr1OuGMXsozjBu8tH1cm073l3e17+Te54joujSz6taeZA6wsy+Z5m7OByRg4x7t1x1yAa90TR7YvbwKYdjoE2lQcIOoPPJ6jOAc9K5e4dIr+K5wXRWYI0ahACoO7cuTwSegzkBsY71bnxVeSTlY7cKYiVRwvRtvJPG0L7dcngLk15ePq08PPkbvyJdbuV2t11u7WdvnqdNGNTFQ+FxTlFJOW691t3Tvqm7O9k9EYHi3wRO2qzSadD9ohfO4DaixOucBQCCVA29wCMgZJxXGjwtqQEgkh2KijIYFd/OcgkDJAxkDgHqT0rpr7xNqTEJ9omJ3nzNowCCOxOMAnpyeM9eaxLrWtV2lZLljuj43EFVTjHILFCRzkYyeSMgk+dDH0ZJW1ezab20WqvfW/XTSybSud1OhUhFJvSKsuunu9bq706t63TOfn0O9tXliEZTzcKuQDxnnrkjHbnvt7NWMmhXDTSfug2GHmHJAPOMDnuWwQOR7dTuTX80g/1zyPs2vuJG3PJAGBkD8yOCABVCO4lWRi0jsBhgwY7XBzk4PPXnt264rrVT2iT5dGm1Z3XTXRtdL2fZp7GsI2W929Wnra3LfS9lurKyt1u96P/AAj9y3nYhAVQSFLAMTnHHPJXqDjIx6VVbSHBIcAGLGUZyWyTzg5xt5AJyBnPpWw1yxR5AzdWUMWbcd3QgZ4bjksCAeRnpVBpJWYsh5bOc8sOCMZb15xxnvxmlGUua1rJtW8nda7q77LVX76su0eZNre1mu7fprbXW25XWyRjIH2nChxl8EEhuAA2GPQDqAMnmtrR7KGRyjzqI1AKKc5D54HGCS20g+me54OD5zbgSvJOGJHHcnpwBxwR0PJXINb+lqwkkWKME+WCpYfcIPBJBY9enAOeDkcBOLco81rNrXXZ2163slr5fhU+SzS0ut23/dt37tPp+tu5tYy0jNGu1X2pscHI6En0+XryM+54qq4UNsxvXIRdowByOd6kE4GQGH5DtqT2l2EQtEQZX3FVUN5oOADkZ7A/Kc9gAFyKZ/Z95NGBBbTPuICpHGxlLHgEKoJAznnoAMDjFaQqWd5SSt3aSa92yaTT/FNybv1Ry8tndJ97JN3S8l32vquumrMaa3MjKpjURZyS2CCWUcn5jkd2B78/MpAr2X4T2WLXXCEVy0iBCpC4PUZIyeTjaODgcegt+FPgl4m8RraPMP7Ls5I2kie6+R2xnegQ7SGOMDPdsjgceq+Efh1B4bfU7HWb6G3mch41t5MrKyEhHc5GGwpJ25+Ykda4MyzzB0YSSlCpUhZcqknb4dNOttFdpa/M0jeLu9G/PZ+7om93qvLz3tJaabeXRldbUOzRHEaAsWAUhiRjJxz3yehGMNXP3PhTXptVVILB2kCeeUc7Y9iIBgHcFyOBjk59ATj0576XQUMMctu0b/ulMbB7ooTuZ2LZILAgYAIBPPfPLah4nBdjb6k9u7P5bxMzNMABlzuHYjjA75AAwRXxlbiTFV6nLRw69nqk21dpKOy2vdJ2WvkE4+9Ftu8btP3dny3179Ura7NNI+Y/iD4X1/Tr43mpWdx9mnLSxTAF1QruATaueBycnnIByOBXkkl1I8IUbnVZNrrIuHPJGSBgjHJ5GNp6193S6pa3M6F4Xv7VYsyLdoGjVzwQfNyBuxkEthckcrkVx7+HdFlubm8Gk6fvuXCGzUZ+UngjYGVQT909ck5wDz2YfMZzivbUlGT2aSdkrbvZK22jvtdMftFay2jZaaLaD191LW6tpppa3T41knXG0AZRxleWYdR2H3Tyexz36AX7ENel38rAUFSW9M46k8g8kbuO3UYrtfiZ4PHhrXSSgtob1DNAioRGhdQQgBwAcngAAcZ5GapaLpttZ2Uclyxke6Vym1uAu0nBGeg4x3GMdOvf7aMoRa+121v8NmtXtZLbVq+ibKu7JrS9kvVWdr9NNForW9B+lzpAEXaQ0eSGJyGyemDwSSOTy3OR1rVm1HfMJAhTkLu3ZBIB7dOOAcHGRgda+gP2Q/ht4R+K3xv8MfD3xjEx0XxJ9psoJoWCyR37RSm2mZ2IGxJAm7JxjA47eb/Hn4dXPwf+KnjT4d3VwXPh/XLq1tH28S2iSEQSBhwxaPac/Nnb6GuXlU200k1ZpWXW1tH26tdX0tY6XRmqCrP3Yc6V3dWfu63sr90lumm9EcqmpJcQrabvlL84IGDnblicHAyOeAc+vBq3pFqXYSo8flFAAwJcqPmCcHABO3jB7ccZ5aO7MdyZAqnYCWJGN5GeAcgjrlh7gj2yrjVJ3uWkK4RUIUA8AE4yBnOSMdc+4yRgp4RQnzppXeqWr2V72vbr8Vnt5oxvGWml3pqrdnsk0rNK93a/yS24pXVvtCfLuygJJ3KMZJCgnPQehHQAHrftbrNtKGnOGkIPOMcnOMHIAyMBRz833QOeMjvJuWkZ4lVScEHBDZxj03ZweSACOSaliu952MxRNpZTuYhic5LEYPUdsewORjt9krJ7JJfE+ltfRN/fYVorRa+dt7pfdpuvm99NhD9nkaaOUO7MUIHI2k9WOD3wW65wOOcH1PQpEhsIEtoFkknkIlck5YN1ccKwAGccYGMe1eaaHp9zeh8R/uN28sQ37wjnazYyGPTnPUnOciuzk1SbTYDLBahF2eVEgPzkjgkLnIwQc9OmBwK8vHylVSo0dGrPTeO2rfS9k9Vbr3OnDKNNqb0SUb6dW462V1fTvdt3S0Z7JpcMahLNtkR/1ry54VscYPAByQADweAOTW62qWUV0U06RLm7QBHClW8vBGXYnPKg/MBwMHbnOD83w+LdYg8yKUsjTNx8uHxIAN4ZtoVQGHJ7+hzjt9AttQlG6FQiSB99xI7IzF9pBBH3dvuSG4PvXz9bLasVzVJuSeiV22tYqKetm9Xtu/Q9ilmKjOMIx5UkrtvW3u2emiavfV2et+jPcLq+8uGNEUzTzLt+ZwygsNu9VUkrt69B2A3ADPPfDf4neMPgt8SdF8baFez2l3ouqwXFzbrIxi1HTHk2X9ldJkpLDcW52mNgyk7SOmaq6Fpl3b3YaXUEKoMYLbwXOMKHPAO4kYBwBnrjJdrvhK/ubmO/heG5nJ/exByF2BiSQvzdUYAgr6nk9d8oVPC13CaUZOScXbVO8WrSeru9He1rbX1fZmFb29CLTbsk3G921aKd0nd3trdXsmlbQ/ZP4iaDo19B4V+MPge3kj+H3xU06PVrQLEfs+la66Z1TTGYKFjxdGV4lbaArkKCRXnqRxbGQxqJWcgqdu0IAMEKOueSCc8nOMivh69/at+K9r4A8O/DG0lis/C3h7VoryLRBboySvCq+a0EgXKLIR86qVy2SM8E/TvhbxxY6/oun6tHLAtxfRqzwiRPMgmKYMbBiMKM5G7BOMkEk1+8cPZtDFUVQqVE50oxeunN8NpJ78ys7pLyau9fznHUeSpzxi1GTd10T0s72duZWsu69WuuuoImbZG65fLHLAAYPTg/KBjHYlcfjx2pkhm25O0srEFcBvmAKjK9MEntjOQc5qS+8WafZLOXZB9nAM7bkJQ55HBycY5JznuCMA/JXxe+Nlzbah9j8NSKlvasj3M+/BkYkfKBz6YIwRz1zmvVxubYfB0+acoyenup6u7SVno7Pdva+l76HJQw7qyai3H79Fo027p389LbW1ue8arPFBgXNzHGzjfkyIAgHOWwcnKjoATgYPB44LVdds1jDxXcTqfkXcVClumAvf5s9cZ7kda+Lb74keJvEF7NdXl7IwfKqFZ1jiABz9046EqM9c596ypvF2pu6MJnSC3G0gMXBY8bsNnOTkkjGeOR0r5TE8TOq+WnStF6Rk276KKWurt5O13tra/orAWirzaejTTu9NNG2lbfVd0vT6sudRtPOLiVGdAdwDAg8ZIwRjIzwMHPJODnHDeLL+T+z5/JiwZTt3DJZEIwSc5VRzk5x25BxXjB8X3SBJHc4UbmGQHfkbSRkYyQM9crjdnJqOfx5qNxBNbIQYJAFKuvOOwyRn24Oc5B4Brilm8pUlFqKc1a6aUteXVJ2s/nftubQw1rXle1rNre9rPR9Fft+FzO1WSK3lSR5RvEe8nORk5PQ9wxOSMc4OdpzWRJqFqkJlZyGZgSvA3HknGOSATgbSBgnggc8pq19c3TzMwPykhFBITAOehxv6cDB4wOOK5lp7qQozMxEWCc9OCPlHHI6dsk9hkGuH3XZ2cm2tU7vTl00V0ldaNrVt6rV7xWjk9ru0drbdVu+mu9tNj1ePUoZsBiAZIyuBjCAcgkjpnB7jrzyeOg8JeK7vw9rllqNnc+UttKvmqrfLLAWBkjcA/MCuSoOeOc88+MLdzqjOMqfLK5IcckbTxx6MBnk5xxyClveXAQooYuQScAjkZBzkdCCCQ3HUg45q4XpTU6cZ80XdXdlvHXXV363t1vpazcYSVmlZ6O3d7a2Tv2e2nkj9EtX8deHdUFrPa6tbqLmFZJkJwYnIDMDnHAOcjjBIGQTiuA8R+LdLtNI1O3a+S+jv4wpgWTI8sggnC8fMDnGe3OVG4fI4uLpYxsdhK6YKneQwOMY4wOozuyevXiiW6uJI0jkZjwVZsPu6dBwcY9BjntXVVxkpwcXC11rKPM76RV/R31W6d/V5qhBO6bs2mla6fVXuvk79rm7r1pYX8IltVjWVI3ZUUINqZzh/8AaxyCOS2Ca8sfzjJs+4rsVCrg42kjJwDjJz0554A4Yd5A3lKpxIQoxIGjkIfdwE91HTJyeRxgErhXVuzO0rbUUMx8shtwJOVII5zwcYB6kDuD5EVJNO99dnqntpbzWjS6WWxvFK6dkrq+lvLW3o2mvTWxmt5pXIVt0e4b8kblAIG3OCeMZIA5+8Cc49G8A6gyRXDuolEEfyu4AG7Byo6cjHBxn3xyeNIRoYo3feXBywwMEg84XLkjGTk8gZ960NIuGsxcxxHbE6kOeclSBuGcffI4BAweDnHNY4hSmlFq3d7Nq6tp5aXv0XS91rF+87p3ta9le91Zve9nZaq+iR20WpoZ7tVxGbgugJOeCcMSwOcY7beufTn1L4WNbaDZ3mrXEis8UdzcA55G1P3RA4ILHPtjB/hGfnFLmRrzDxHylkwAN2fmGBgkEN33ZBB7etejadfG08L6oryHz7pTFCg3bljGc9BwMsTzjgYGOQe7KpKnVlKW/K2k9vs6W8+W73l2624sUpSUbK7co37WbjzX3bTtqvNq62XM6vcXniXWb2/u5WZpbuWUu4JcozsEUN1KkbSCcEZ4z3db+HdNuJ0jc8s2+RicN8q4ZAR8rA4yDjrznGDVXT3ljDs+5vlX1AfJIPXsOhHTA4467tpJiWRzH8xXchOdpOMtzu5IHTHrnk8nvcnUfM1du7baVu/r1sr7a32RySm4WjHolprt2eq3t5vy7RTeGdEXfBGXV0II2jGAc4BJzk4wxHPXAxuzVq38J6cY49jbpCAvmMcglgMA8nGM59x2zgi9DJDM87yoCcDDAbV24XJCsT0z23E8YyerzdJF8qKAoOdw7EDI6H1x0xjHBwBUct4q0VG3Lqt2rq91urdNt2n1E60k1Z6u26d9Unb5b/a89LXnfwXaQWkskjqHTa4KPnHp6kEDHI7emRWHPZ/2b5Mu7eHO1gOrq3OMLgFcHuRg9Pe1fa7cmBEQMyu4VyFIEm7jBIAweQcjoSCDzxDJP50cLvGzMHxjaxwcbQADkHGOeCDggHimqdndtSaSsmtnZNPvfW9ul7a2uZylUk46W97e3VNdU1da7p20vpY6TwxaNqF5b6aFKtql3HZxyKAXSSdlSNU2nJySMBSSD3GAK/ts/wCCa0nhX4E/Czw18KpPhzaW2oNo1prN/q+rXVrFLqt5qCrMsr/aGWQAJIQF3AAcMBj5f5Z/+CfXwGv/AI1fGW1mDWp0fwF5XinWY7xCYHitXWSGEMV8su7qBhjt5Pav6QdH8Cnx/rTeMNG1Z3aHU7Tw55CaqIrDTFjiUbbdYZFYhEXaN6hF24XAUZ/EfFDHqv7LK4OvHklCrWrU4txipuyUpKyVlzSfN8vP9z8LMlg6dfNMS6bdReww1KfLzzcXG8lzL+brunbXQ/cTSvE3gDxzqltpWmX3heO/tof9K0qCW1d7ZkyHy8X3m4J+U4DcYya9Lg8HeFrZPtMUNmIshd1ntEjOMbhIcZYHtyGGQevB/Lv4WeAfB/hDxvNaaFeT3cunwLc+INTju557tZ5FDywod5HzyHaM4wOpxXin7d3/AAU78Ifs/eE7vwD8PpYtR+J97aS2trBb3Syjw+HUob3UjGzKLpRysT5YMBkDAr8fwmTY7MM0pZdlVWtXVWSjUlFyappOPPKpLRKKvaT2WyVz9QzWeByjAzx+PpQw/s1JwhU/itqySho9+lr66LTVeg/8FK/+CiPhD9lfQbvwL8Obux1P4qa1ZSww21tOk8fhuKZCgvb3yywF0N5Ko2CCOzYB/jx8X+IPGPxS8Uap408Z6leatqWsXk13cXd5I7PcSzO0jBS+NkKkgBF+UAcDhRWlrPizX/ir4x1Pxn491a61bUtRvZNQvbi8uHlmuXdy3ljezMkKfdVV4AwQOBnW1nX9Ols4bOxtY4oY+JZpFClRgYjQ9R7kYye2STX9U8GcIYfh3CQ5kqmIqqPtKzV227bPVqKeyS13a1P5x4m4kq59Wmlehhqb/c0YtxXTWXeT6R22+fFWWltPKtvaIuwYDSBeEJxuJ4CgL6D6g8V0U0FtpcTRqzS3IABdSGHzc4yR7YPUgk9twGVD4riijks7CyWEBWWSVcbnBJCkN3+UdSPT3rOn1mVGIjVHdsBiwJ2Fjz3wSeO59fm4Ffe3lGTcfhdl1ercd0rJp36LXslt8dKCSi7Xaa1s2+bRdPz89VZaXy1w4Mz71jJGcA7SCDhV9CM5OO+Qx4xUctuZyvysY8HByAeOcZBz7McgEDB71pWNpcXcMKSTbi8gHlKPMVQQBkkZxxkYLYHPXpXomkeENLMam/nmm3chIQVClsEeijrz9SSCRiuunUilaUVok1dKzd1aNlfS2unXtYyqUnO26929r6r3o79I+btZ7Py8hfTzMQYwB84VwwJAJJwOO+cYwetaUXg/WJCZYrNni2kqy55c9DtOCFUZJHTpmvdoPDvhuyb5LKWRE+cl5FySP4iCwycc47dxnqS6zpNi37uCVo1BKxpMpweM5+Y4x0IIHTjsa1p1IODbvF80Uly+7slK6s00r7q3VrsZxw84yleTs7PdtJvlTSi0/wAHpq1vZ/NlzoWs20pV7OSPAJG5G2jpknIAxj1HtjtWW+m3dsJPNJUhuBjPLDPbBBPqBnrzjJr6Iu/GumPv2aPdzMzjMbKrAgZ6MeVUjj6cYBY1j3Gu+GLnzVvfCmoI80YVHtwAVI4BOCSc9Sckn02jDYxmuRxvdprVp2vZauyTfTe9nbe2pGhG7tJaPtpf3d7enVLfpu/DY7aSABpJNy4zwARknB2g9x9ASMgAZIGxFEIkYsWDEgqDg5BA+Uck5wTnOVAbcCO2zf6npNtLsj0S/MShiHYbW3knAbAw2OxznrycDOXL4zSyURHwlJdJ13yttI3DCk45Ix09x3yDUKolC7vdu6SV97WT1vbdJ6Ja3T3J9jyptvSzbupO2sWr2d7LyVluTRrKMKNp3oWGeoyeMD/vrjOTkHAwK14YZjmBmJ3fvCwYH6biWypJ6c+veucm8eTGRfI8MRRMVIAPJH908gsDyM9R3z8tZc3iXxCSwXT7eAuScuxyp5OAWG44BGRuwBznml9ZtFR5W3ezSsvdSirLTe9736duhGDcXq1dK2qVtr8zWz0W+q10bujuJ4ZAQillBXBOFO0gdSQOWI9u5+8QRWcIJm3RBTIA3LEFeO5UFQST2BOfXHQ4Nj441qyBW60i2vGHzHccKoAIGTjn6HHA6DpV2X4h6xdo32bR9PtlBUHrltoHQ7RzjnA9jg9irWnKKdmr2vo27LltdJpNJXerb16dEqceR3eru0vd12+Jd99n1fVtFz7C8iSrGr7kIAVlIORyNpwQeOM88dTkZrPvLFrUB5Q8XygsSBjjkdcnLZAA7Y4wAMZc3iDxXqBZo5re2GCB5cQVQSPl25XORnrg7s5J7Vjzx6vO5l1W/muIlTEyKwjAJ+ZRtBPKkZ6c9BS9pJODim1ZK93yp6XdpbOyWi6aLoQorljZ395aq/KrONn59u++uml6VFeN2aVF2Mvl/NkKhO7kg5PByRycHoOtNstRhhuArSwtnjeZBtQkEcDOSQecZ6nHTrzqadGzBDJcfZ5S7SDzCeuQAcnafXB6ZHOGwZ4tCsZJFKIQIw3EkjZbvkHgYB6k4PoOQDxqtiHV92CS29NIrZ3SWu9tO12bxp05NXndu14pq11bSN9klq2rPe+yPQI7/THKbrqIS527WdQJGORxtPABIzu4BwMdBWwstggSaW8toVxl8PlRwOmSTk5PTqfRTkeVR2cKtsEaEBiwkyThQc4XkHBz1ycj7xycHbjRZ9oMcQWNdgUqzA7TgNk/eOOMH0JLcHFRlW5eZpWbXk3ouu70/let72NoQoLVRfNprdK+3/gN7X31vtoju21XRhtkluEdAcEKXD49S2SOOByM447Gro13w1CnmGR5JUClIokZlfPpkEBsnPPAGODkkcvDYWSQp+6id5MbgwJBIPzdQe5PqCc4+WnNa2rs22FY5FwqKuAFBIwc5G73B47dsU4VJq6nJPbR66rlS02eiVk306haMXdRi/W3Nf3WlbrdWsk7vfbRbZ8WabhHWzuSN2ZU6E+nQ4454J7+nTZ/t7S7yJCYbjyQoEiHbuBPTbwGOMDGOOuQCRXGLaJGrMTgHJJGGDH0xz2JOMHpyVJBqW2t8ksVZdjErjjIGCDtLcgZ/PGMc5tV2kru19UvJKLet7tXe1t31sZ0+WdRpQt22a+Jb6tbK+qu2lvY7nT7jw1LcN9oS5iiByHZwpUAYJCnGT69OwPeurj0/wAHXSvLa6pOFdQMS4HzcjBBGQARgnk4OAeleXMiSTRRyMj/AD/eIwE9cD349h165Fdnp9lboEjkRGXhsDG/nBAJ5GSfvYPHrxWM8RPWyjy326ptJJ8qvbqm9dH5Hp0cPBr3ktHr6u1lonZfNu2vkdzb+GtGniRYpZXbHHlyR4fPBJGQQW5wpxgEAjjJt/8ACEaeY8xT3SMrnMYB2r1+8QCOD1JYAYOBg1xk8q2bskU5iYsGjETE5cE/fPJGCQAR2z0IzWxB4l1S3iijgvwxcEMsy7/mIwd5YHj3PrgcjIxWId7Si79LWvpZPez0te+nktTqjhqS0SSae2ju0o+avvbRbWSV723YvBs9hcwzRzx4RlaIyuwL5PJKtwduOmCR3AFdIqwxo/2yC2uXYMqsu1GUkYJwMDcex5znANeQy+K9Ydrlr+7DJanEciBAuTnCqODjO7HTkYosfF1zdywkqWIcRjegA9mxjuMkjPORjkV0Rq0m1FpptuzaSvdRW2ui9617L1MHTjGTST11s3bX3bWV3bS6u+tranqpfQuk0dxbiM7nWGbkkZyF2kAEjpnJPQcEAZvmaPFJJJbW8135xYxQzXCyLMcFtrq/QckHgZ6elZieIIUDubWEttKyMVUq7c7j6LjsB1I49+b1DWZppEuIo44P3hRFjQgqcYDJhRhvvAlcHJxjvU+0pxk4uCklZp2ure6m3e6slbdJNp7bLVRlotklHo01e2+6ty9bLTZo79otLl0lZB4D06SUyeVczNFGIxuZtpLgHBVhnqCM8gcbeO07TPCdjc3LXHg2N7qaTaJkY+TknO0KCFK4I3ZGABksDiteDU7qPSo7E3bRxzgS3EaMx3lWJXJwME9D6cHjnObcmYxExvKElLKpJGULADcec5ByCRyMce8+0jGX8Gkmv7kZPZNvZ32tq0+a9k1qaKDvdyknq37zav7urSdkvu3tbvcS28IfaQs/hi2t4xITb7ZiFVsgbiQxIXODtOQOevIq+reGLNZ5YfD2kBm3K/2lzLHMoGQQMN0JyVAKkYAOD8vnQhuI3aOWZ3IBEYkBYv1YN0O3jrheQQDwBRGktxlHYAorFgQF+btgYAz056nnGf4tI1FZyUIRum1dRu72tpybaWS17NrW2VSg6j3m9tHJtfZVpJX30++56TBJoV3DET4f8K7JAu1VhUMw6cLtA4yF6Z7gHaadNbaFGNh8JaX5Sk4MUduSc5PDEcHsAQT/ABEBcVwdrp0gAdipbaDGF+XHzDnbnIPHI4yDjAPTfSe4gKqERgShKucjHXAyCAW5/DpxkBe0XNHlXLs209UvdTUmlpfpqr7uxzyw8la0dW2urVlbpbZ2XX3Vrd9a+ow+CreRGm8GmZ2UK6xIuAGXPy+VhRkd8k8decDjr3Q/hxqSTF/Dk1m5VhHEUm3qQSDgqCvoMlsZ2qcHBr0jZZTKzSwGOUHc5ScqoXJHAOBwMHPTHGM4pq29pDGZIQ6xtuXLMHYjgghTk8kjcwHQ+mcbLERacm7rS0bPVvlTtzO6WmvR733vlLCVHNJJbu7dk72V9OVO6W2+tnboeR6d8LPAUjb0jvLf5SzBpFBRiSQVEuD1wRxjaBnkkC0fhj4dH2hYLu9RpA8fmCaGPch3Da5BDMOgIbkgdMGvV45ITtje3ikDBCzSogZlGOh5wc5xhumfXB1vs2mgFW0uBiwDKFJ5UgZJC9scAZySPSqlUoVVFSpxsl791ZcrSs7JNWel/PTqCwtSEVZyT3vfWy5bWd3bV2u153aPnux+E1lYbltVmuGKyASrcRNweSQM9umCcE8jpXM6l4ct9Ku5C1jqpQKA0gVpV4I3bSm4AIQ2Bjr/AHSMn6pls9DjVDJp/loQBhJnj3McDAGRlemeOCCTkg5nFt4cMexrFySSpR5mZCp4zlicHkk5wffk7XGGEfL7nKu/a3K+tnr00bVumpnLDVW+ZSaa8tHtfs+ltVrf1t8ZY0W3Mp8nUBuJALREMQRtxtxkAjIwOnQ4B4mtbTSXSSZ2uImzhC6MdqE4xtIGeT36de4r7E/4RnwUkwln0mMs6qdxlz8xwB8pxyMfgSMc8jsNO8BeALuJjLocZ8xlIYS4U4UDg5wp7jnjIDAAmtHh8I1o0lZW01aTWl77f5vrYylQxMWpRldS6NX1922rTsnty9GtLXaPzm1nw9FNLN5CRPE4Rt7MI5QVB+faAGU5x2Gcd8LnhtR0uO1ZY7WOU+WY2c43jc3DEMAOhHQkYGMfMCT+hnjj4Z+C4ZxJFbrZpJyEaU7m3DIXLMQQcgjjk8hcYA8kvvhz4Hkm2fb7m2+UGRYSzhVPXBIGVGWbAOe2dtTLKaVWLlCSXRXdtHyu27sney7adbGbr4ik1GcbtNLSN9Lpt2X+fY898Fwtb/DzxijKyGWJIvMOQu4gH+9w3GOQMZI9qp61IJPgDqMJTKNqafvD82QDj7xGCfb0Gc7eR7FeeGPD2g+APE8ehXsl/bKq3Uv2hjlW2Evw2DuBBGMfL3zjNeFazOG+CMtqZCrtfLL5ajJ27/l29AxYk4Yk56dMV5+IpulzUpNtQg4ray+Fq7vqnrulbU7qM3yOXK7ySbW1rtaPRJddPivpa58dy2AdsqpztUbt3HUE5+YAHHc4xnngZFOTSmJyrHaSxwNwB4HpzwBggZH0zXSfZ5gSPLcDH3hjaAcAE+mM5J65O3cOMVJbe6ITYWO04PyEEkk88DGMfQHngHp5F7Lve3XZK2lr3017eVzBVWruSkkmnqtk+XS77La115bXq6XPeaFdw6rYyp59s6kLKPNjfBGdysxVsgYJAJwevYfYfgX44/BjxLbjRPjH8ObJInCRtrekQiCeNlAHnuY037mJXKg/NyfUV8h30TJbSKNzSBE3Lt+dWzxjGBggnrgccZNVLKxaQwqpZ/NBL7s4/hznAIBHAx3AOc9sp4aniGnJOMo7SjJxkrtWu1a62avdJ301R6OFzCeHj7qpzg2lKNSEZResbq+kkrXSVl5tW1/Smw/ZW+DXxQSS7+CnxWsEuZgZo9B1i4igkViOIUWR0lPAK9eRzg5FeOeL/wBlT43fDyS4OpeDr/VLCNjIuo6VG13BJCOkkawhnUbRnklcAKSM18/eFba9sbvz7C6utOukfKXVjPLbSKykHduiKkYxzjAHJ7HP1t8P/wBrL47fDKWGODxTJ4g04gI2ma8PtsLxKdmwyyh5MFRtJ3A4wOeleZPCZnhZOdGrHFU3K/JUUlLlfLZc8dXrd6pW+ensUsdk+M5aeJw8sHUbX7zDu8G7reLut9Va/qfFWsWt7p+tmK7t7mwulBWSG8ieGWNgT1RlUgcY7emepOxJdyTQCORgzoF5UgYwAOhJycYPfHGRk4r9O4P2q/2efikwtfjv8DtOtLufMMviDw7CtvICRhrgtEqTMQTkADJbdjpzrS/sofsm/F1Hm+Dfxnh8L6jdYeLRvELLCiOwLCLfKysRuYrlfm4PQAkZwzedKpGGNwOIoapOaj7Sm9r+9HVLdvmt06G08ho4im5ZfjcPXWtqcpezqaWduWVk292luvuPyWBZJNy/L85IUrggBjkc8HjPIIJU8HpVuFniuFlBDEtk5GMg43ZIwM4Jx3Jx9R95eN/+Cdvxz8OJLd+Ho9I8d6ZEGkW40G8jllkRSWUlN2852gg4Py55r5R134YePPBl3cweKfB/iDR2tVID3NhcLCrqSuDKYwpA6AgkdMcc16NHMcBiX+6r0207cvMlK+l7x3Wt+mnc8irlOOwlvaYWqou7Uowc4PWNtY33XmtN9lbh5dSmtXEiM0TNGCnztjcxILEDnHU4PO3jncAet8OfEG5xcaZqKx3UTwAL0Qkqcks3DH16fQ9K8+14Btm3CPs5RieTuHIBJwADgHPHGOaxdO3pcAO2Hbd8ygn5SnCnrgZGSRxjPX5gO9KMmraqytvrotU1ot9dVdu7RxSi3o4ddb6WVovtfXa+j20tZv630L4j29jaQXFvYh1hUxvGWVSCvAII5K7jyxHBOMjv2Vr8XrW7WR5rCVEVWBMUiEBsZA+U5/PpyMZrxHwZYQSeHLye5jEpkSSNHUDdGpYgt82AV3EtntgA8ZNcJcabeQTSi1nkWINKWIdkJCsQjFAfm6rzzxjCgZK07x5UtIrbeyfu289UrPVL1VjmdKhOVpRtJPRtJXa5UlK97u+yV7re97nr2uazb6/4us7tFaGKW22tG5O7gg7iT03DoMgsASCMCuusbiMSRxrICy7ioJHKjIDdRwuMg8g+vHPgnnzW0mn7neScxMpmY55B4wQcBRx6/hjnoLXUL2KSJ4pi0mSDx65DZLHaBjIbHBHPqaTTknJtJuzdt76fZvdvTdba9TLEUb01GMv5W04u6+G6a2Tv306bJM/QbwPFs8IG6yshDuOPvfMQAMDPGWAIzxn34+UL+/3eLfGbsxAW5iUgjAAYkYXv69Oeo7ZPtXw48R6q/g9YQol2PI0pIUB17jOMvgjI9+RnNfJOpalqLeKPFjBW2tqsSvkYxhiMcgKRjjPVv7uOK5HNpLTWzjqrWukm1p10WjurbJXvwZfh7VcQ2200n3Sdlu7aaaa6aux0fiDxNYaZdwzXGDG0TAjnc5A6rweFOck84z6gHj9X8X6bqdpJFHORI8TiOMgryVPXHBPAySMckYB68149uHY2pZN7YKszcHBwSoyBgDPODyeVzgY80WSNpGw7BugXkkkdMEkkY4Bxyc881005PlvLrurW5trflo1vftoepCjFp8sFfRK3u833tLq9b9uh1OlzqupacJSFYSkAnO0ZYYJJ4wOp9CMA4xn7T8PapYvptnH9oUzxxICNyrzxjHQnrxwM9uua+HpLUTPprLITKyEbiW27sHBJHTB2/Xgnit1L/U7BFMV5cJ5QKIyysFDJnJAJHIJGeP7uetKFVO+zeiXW/wAL03abb1aVzPE4V1YrWzUUr23Xu7yWzXfV6Xasrn3akqtKSXKsg5IKYJOP4h3OSCCMdcHrjmPH0sX/AAiesoHAc2bFy2w7/lPAI7noQflHGOSc/JC+PvENpxFqcmcDzFdy+4Dtg8HjGOTk5GR0roH8Y6nrOj30d3dRbmtHUR+YcyE8HcGI5Cn5eePXBzVzS5U3otL2u2m7Wt7tnpv1Sem13x4TBVo14tNKMWrrfa2vd2Svs/yOW8O20cz222MKPM5PGcAqOnGCfccnBzxivoPT9Kha1G5FICqMDAPK4+Y8E5BycD727JycH5c0nXE0udNxK7XBkGN2cHBAPbqc89gSec17Bp/xN02GLYXzkrjcMsAQAMdicZ2nJIwBkEZLUFyRaja1k7X6crSktW7223b21tfqr06jqS0uvd1Vmtlo0t7u93p5s8/8YQQ2usXuY0CK7bFGFKbeQxx25GO3GcCs3QAWkumcHaYAVILfdJIJI7dVOT3+XjnOx4ubTdbeXU7OdxMfneJyVDjsc8HJPTGBjjkNzz3hiQtNeI8u39yV2k5wQcYBHVeOMdiCcnqSSjBtN+Wiva6V30W1tG7XWvfagnbllZtJavW9nFaPTV+eqb+0j2Hw7AtyIoQ7YVAdxHOM8hm46ZznP4jAI6LUtKtLePcUWTzGJyDjJPQkrg/KeN3Y5Ix1rO8FRZldGkBUKAuQDksM9cnIznGc+hOOR1/ia3EVlblQCS4yVBBwRgKSMjpz1C9cY6VyxSk7NKXyvs0tetr213tq9jhr1JKq3CUo8rS0bumrXSta9+9umyei5GPRbaaAbAI5VBxtdx3z1UjJ78gbSB35rkNT1rxNoHijRU0nXtZs9sUjA299cRbAoI4AcAAZ2gDjA5IPT1LToUWJHVhhlIYAknnB569SBzzjr358n8XFE8YaYzylI/s82Dj7owByOAOmCOuSB1xRVwtHkvKnBtpa8qb1cFqt3olvrZ9zoyzHYj6y4qvVjaG0Zyte8HHytZO1um+rPZNB+OXx20No5dJ+IOugEH5ZJ5bo4U5AO9mB4wMEdMgEgYr1XSP21f2jNEc/a9et9USLYxj1C1jVmUYYlshXzgDu2R35OPDPC+o6HZQ7rm4TcYztmDIc7ei7T0JyxA4DcAEYrmvF3i7Tpt6xRRTO5EauoCsEGFydp2nPsPUcjkeLPLMFWkubDU293Ll9Nbrbdet9Wme5SzzN6XM4Yura9rOfNZLlWzuknfVPrs5J6fbth/wUN8WySQ23in4eeFtcgC4eQ2kZJPG47mVlBPIyDkcEDJzXVal+2X8AfEGmm18YfAazaW+RYJLmxSKDBkO0sCijICknbnPTOSa/KSTWp0dobeFVBQ5LAMQWOScKCTwe4GB27ivFLqN3JHHLK8wjlikjhVcArvBYMWBKoOrHA456jnnlkWFhN1KcakZaaxnPRq0kkk7Oyu9E9nfbX0qPFGZ2jTqzpVYrRc9KMnfRW5rXel13b9bH7F6FrH7CWvQCDUdK1LwdK1tE6KJ52jVpQG3KMgbRneMEA4xit+x+D37KfiG53eHPi59mmZW8mO8u7dAqHCqrGZhjBwcdDzjvX5A+MZrhdShE8ZjC6fbBY0c4wseArhTyQQTk8evNYFk7tIZBIY2xkBZGVlwRjBDcscZBGck856Vi8rrScZU8VWglq4ytJaOOlpK70V9tG7djuhn9DRYjLcLU25pKPLJ6JPbZ7dL3120P2U1X9j+zv3L+EPir4Zv8Rl4ory9tnZ8nKRgwSkcZAOPQVxFz+yj8ZNBWO50+y0jW2d/lNhqMJLAdG2tKTtYA4A9doz2/NOw8Ta9aMj2Wu6tZkDH7nULhCOcZAD4/A85wR0Gey0z4z/FLTJo4rDx7r6OkiqiS6hcSKucHABk5bIBBwpPJXkEVqsJmMYSXtY1I62542stP5XdtddLGbx+S1pLnwU6DfLrSldJ+7Z6p9tfPR6WP1T8Ifs8/Hu/0q6u1+HupvY2KXLXJR1lUssDfvFEY3bSeoUYOSBX4ma7o2u6P8UPFqXvh7WLSWPXr+GVHsLhfLdJyHGDH0JGO4xz2GP0w+F37Zf7SnheyurSw8c30yNYTpJDckyI8CwkYIcEEsFOTnIJHOCAPja4/bF+Il/4v1I6ponh2/uTqd1LNNcWEBmmmZyXaWQxksxJ+8Tkjg5wBXZww3hsbiFOmnOSinyu8ZPmVtG1ZO7W9nYXEH1DE5bh406tRRTdvaLVL3Vd9L26ba7LY4C780Q+YdPv12lQhNtNjjIYY2gAhsNzjGeDWLDrCQxGOSOdd0nG+KQEP2ySo6euCOM9gK+k4/wBqbxBcQul74F8LSbiSxXToMbfTmInJ4JbB4GTnis+X9pCwljVbv4V+GZctlmW0jRpBlskYTBII5JBGecc4H30K87yvS0ktUnF6uySvv3b89PX81+pYGTfLiNdtE0tLL3Um99U79+l0eGXOsQSW4RywO4Y+QjAxwAOG3DBOeDg8kZzXOXN9BI+9Sqqvyr8pO7B6/d6nBXI4OR9K+kJP2jvBDybbr4Q6Syopx5UKKWG3n5QAMZ4I54P3c81TT46/CK4V0vPhFbJI55eP5Nqg5PAx2z0IPck4q1jOVu8JxdrPVaWcdPXuu17KxM8sw8pJrExa0unzdEtX9/XX11PmxGhaWOQNHtO8bT68kliw5IPHbjJOe2VoXkPdXXmMoQ3TDK4BHzcHaeSMYzjJOAMV9Vp8YPgK5ZpvhrPCFUuApJwSOpDdjjGD0HBGMZybH4i/s7XsrTQ+Bby3kaZnkCySPgDHOF4AJ6g8KMkBec5/WYynGSpy2k2kk7p2Wlneybt59NbHoUMDTWHqxVaEudWcmrWtZ7u10tvJbHncf2F4wWljwuBxkDcvIHA+Zc5HX73Hc0+L7K+9PlYlid+VyQCABjkjaR1GQQB1JNe1R+MP2cZgFPhrVbdcndJ+8KjoTjJ7kEYBxyOFGGom1P8AZlujlbTXbaU9GDyYGcHIG7PI42/Q9PmrWnilzJSpyST1aV21deje77ad0eK8nvJ2xNFtu0U5LvF6LvZ27eWp48ksCklJI3ORhSAAgzwSCB6ZHHAwOMnFeX7OFk3GM7uWQAnIzyRtGdvGcAkDtjBFe0tb/szzoBDquvW7sQcsrEg5GRkk+5x1IA6Ec2H8O/s8XASO28XavbMyjcXUAhgc/eLY/Xg7TnOQdViLvSMlp9ro9OvXTbXv0REsmqq3LWpNrR+//hv5a9Oi303PHtHWG2uRcOYAiAfKTnCkYY4zhj93nGVHB6HNjW7mykYmNlkwAzELjYM8BSB3z09ecMDXqkHgH4M3swjs/iNc26hdrSTqgAP+yWPIzweMHj041JPgt8OrwRiy+K1qWCZ/eNAqkdeW3AgL6lhkcAnHMTrRk07Wva0tbvSKtolv+Otmtn0UsrxkVpUg0/713bRJK7SV01rrda31PCftVjJAJMozKAgUqASQvTjn+QJGe3HBajBEwuVBQs7EBMDjo2M7eOMhu+QcZ6V9U/8ADO2izCRbH4oaNKzEsnmSocg8jBBIHGMtkY69xWJd/s23rRobXxtoNx8+NwnHzAdCPmIwc9ME5AzjpXPJwkm20rrTdbJX0dtbtff0saQy/GxnzOMZX0vdu/w266/N9O2h8L6pbf8AE1VBgKu3LEbQoGQTk4GMDqDtz1AzW82kHyhl8/u1KvgNknO0dCRnr0GO3GBX09dfsr+J5tYiK69ok0RjLM4mBJHYKinJ9iOmcnJzXUt+zDrkcKEatZ722oyoGfkHGSYwxAweM8AccdualTowdRyqJKUrLXe9ktbfNeie+p6OJo5hKFD2MG+VJTtbV+7ZX2tv3dlpY+Ok0efbEEC5YMCApy3Q856exDA8HgZybKaBOSikhGBY4AXAA6nIyRkA4zjHTtX1rN+zR4rjCiK/09yoyCWlQKMZwSwA7EfMAcgdiTWRf/s8fEFYP3C2Vy/zbFinUEsMklssBnAweCfvZwACd0qC1c+y1d29Ul1T3a/q5xyw+ZqylRcW2n8KfbVNXV9k7d+rSPn7SEj05Z5mdXlBC9ivDYYYHQ+h4GOuc7axdZdbueVwqqCSDj727K5OMEdByVweMDPb25vgH8TYQ6DQS4BG/wAu5R3c544D8EnvknAPXisu7+CvxHgLiTwrdhQuQV+fIzyOByTjnGB7il+7e00mtG3JOzVv7zSutUu9r6qxCoZhCfM6cneztyyV72vJStd9L3fZX6nhn2UyqNgzsXGcjABHptHTockA4ycryXC0kYOAhyvLEAckDHIBxnqB68ggg5PqTfDPxzasyyeFdSUAg5WEngHJ6BcjIyMEHjk8cUZPCXiiIymXw/qkeOCI7KRvmDZJGEwBwTknAyO3BGo392aupXte978t++t0m3dWtfbbpcsUlrSmlypc1na7UX9+6vut01c85Wxkdgc42lScrjqQWIHU4JO7BxyOB2TxM5muNJiyTGIwpOFHJAXB4zgKd2ScAe5wezm0bVxnOlX6Y37vMtJxzg5LMVAGMdzyf4vvVyviqxvobrS5jY3iqsYPzW8y447jA4yFwD1yRnBGOPERtyRlJPVbXbV3Hstkrq+qsrdGjswc6zlNShJWi3fl0enp/V7X7bVjotvcqELgOkYKFCNqtgEAknk4JB+YnPbmoJ/DbK7Osi4b5zgnJAHbJ43YBAHXPpVWz1R4Ah8uQMRxvikBG0kY4XkADKjHH410FprUGXNyArsR8zL8o6BshgB75BJ6A9BgTTaVldaJJemqeq0S09Omy5JqvCUkuZq9+r7JJO3XWy6aHISWbxyOiRBQDyWXLAEn14GMgA4I785yKr2YRiRGS5YEAkhCCM4zwAcAE4GcHkjIx11xdWkkkskTxKWLKwPIIHcHGcZyB3zxgkYFETwFQTsHDFXBDDK87m5PBAwCQFAx97pXYpQmlzKOiV1KyXd6dNeuq9XZPB18Qlfkvqrbu606Jaad979zBNmMHepG1uvBAbPbHPQsAFH+8BupDZb2PyjOFye+PdSev9D261vGS3Z2ZlXacMAgX72RgsD257AgHjHBAXMe6RtoC4AB+XqvtyQD3H3fl4zjISVON3y03deV1Zxe3qkrdbN26iWKrLeMkrWd11upNXstbdVsra33xUsemE3eh9eozyRgeo6ZXkAk1KLAqwQoAAAT2UHHPOSc9iN2OSfStQlSRsAPQlivOMDIA479xnPrnNWI8ylQMjPLZUZwBgg9OnOBkkn8DS5aba5Yx07JdLX2XZp2/pDxUrRupxlZaXum7W3bu/uOS1e2SK1mCIdyjcAWDKAeuAfck8dRzWBotoZkIkjYkKXXLFWJY4GMkYxjjPJBGBzgd14giEukzPGpUqeWYAEgLgYPUknOBx245wvPeGogyZdCxKnBwBypHU+vbB+Y8dunJOmpVo+7pyvpp0sldpXs9vloelTrf7LKfVS0132vfTt1b00d9iYWbhQvlsCzAbsnIP3QW6EMcE9h06fLU/2FlyGiZiOhDc5IJOCCQSDn2JHXuOmMKSOuT83BChQDg4wMDq3Q46gdQFwKtC0iLDe4yACo6jLYwMZyTggDvwMmt1h49lum20tNrddF3Wz10tvwvFSTtq2tLLW97Kz1tdba6bq7ZxgsmAA8l+eFycAgdMkt1Hr19MZoTTScqbclxnAwcg5HHHTGB0OM9RjIPbSWqOm0PlgQWyv3QSeM+pJ6gj3I4qxBZQgDIbzCC27IxnrjI7nnIPT5T05LVCLt5WXZvVea1uvJWtfa7hY1J6OXS6Sttbu7XWmqvucC2mB+JLcA7juyWGOv94joScHuepGCGqHS0KkLCuQzK3HUEYJBJOcjuM46Z649INgkhBHzMeWzt4xncPxwDkk8+hFVpdPQRmRQYiHzggFurcADkjG4knAPfIzmfqsGlqtLJ6JNK6139O13v3LjmEovW/lpu7xXVtPVLXbp0POf7NYFWSIIpB4OQ2R/DggjA4/TPSq0mnugYoHXBH8bjjHXA5Gc9c8eg5NegPaybGyxZQ2C3BySCBgYxtHscnrgcmoDbIC2NxJIxlSQcgfMOgGMHI65PPDDEPCU+iez7b9/8t/M2/tOUko3XyVrctvkun3+Ta8zvku7ULIZ7gZbG0Ty7TwMq3zfw9w3YjPXnW0437xI0d7eRpGcYjubgAY5Pyq3HrxjP1zV/wAQ2S28KEgkGUENjA3N/EOgzgcL0IJPXGeh8P6WHt0wC3nZYBcBhxkAnPOT2wByBjkiuSNBTqyinaKS19XG2i01flp1W53PFpYeM27tySS7O0bXva6suqd1ZXsZMV9ryASJrOrw4IGEvrhTxgAgBugIPzHoQCOozeGv+L4CPL8U67HhQMrqdyMZ4xkMeqgZIOCSCO4PUyaO7BlRDgMnBAB4POwnjacdV5x/F6PbRGbafK2pwMFcbsdCoHB6AZ9sdcY6IYNK/M2ldO19fs32v52v59Dg/tZJt31Wu7dvhv0t0v5J29cO38ZeP7dh5XjDX0ypJZtQuDk57BnUj05wT2znNbtt8SfijbYWHxrrqHOSWuZW7nByZCBkccYOFw3OcQf2X1xjcvBLKcLk5AwAecdMDPA5JrVi0iV4xIqAgHB3Lg5GOgOcgL2GBgZyTnGn1O93rZNWtrZe639+mvdJ2WyazdO3vdF1XZXuo32btdPu7Mu2vxm+L1i6mDxtqueMl2Lnq33izHd656+ueTW3B+0Z8brRgyeM7yUnOS8KMM9OAQcADbj056ZyOPOmkA7nxznG3qPbGQCGHORuyBg+tc6U77mjOApx0Abb/eKngcbuVyT1IH3qFgou1o7/ADfTout76X087MX9sSf25Rvo1fd+7ut/K97K60dtfVIf2o/jhbFJf+EmWZkAUb7aNjzn7wK57jHI65PJrai/bB+NkISR9Rs5irBRutVXJGCSwRevbAyAMAZzgeHDSncuzHBVgOMBTjjOSejdeSec9duKhbTWy42lmyFBPCjBxx8oBwAecEcHO09WsFfpJWt163Wmltbqy6WdtSf7Xqp6Tvfe29/d01u0307+tke96h+2h8V2sbuzvLTS7iK7glt5H8p42VJ4jGxBXjcARtPHrxiofhZ+2X45+H2gQ+H9P0Gwv4LW5ubn7RK0od3uGZ2DEkBRknGAODxyDXzF4hDR2sqLlpMYIIAwc43cHOCeByeB1PWsfwzameOQMXCbtrcFuQD1Oem7GDjjDZ5rnq0JKpyL4WrttaXi0unrptfS++vpUsfOVB1ee8otRvu7WS6NX76LfRX6fo0n/BQjx7MkbS+E7EMigFoppg20HoQWAIPTBOPUEnFbcf8AwUO8TMgM/gu2YKio5WZxnA3ZByMHORn2PJwK/PhdOlijdYy33cDAJ6HJyD14B7dvQcTR2IMcgbP3NzhiRyAAQDnPsMjueOoM/VrbppJJa69FbZqzstbJvyFHNK/u8tV79WuvJp962b310P0Qt/8AgoGoyt54LuGaXDM6XA4GeSBk9zj649cnq9M/bz03UFaIeEr2E7AC/nhioBGMjI49zzlRivy0jtRIXyhwh2qeVBUdODzkDqcdcH69toVhmKVsFVCKu7ONzdzkfhkHBHHUZqPZKMVeK3ilLVN35Vvru9Xo299EdCzTE20qrm3s4668q0fk3f57O9j9HpP27NAtJFtp9C1NNzjzGjZCCucHucsec4OM4wORjZt/24fA7llGl6zzEGIKxMAWzwSF3DGOO+eo71+VOrwOHkypLfOEOQSMNnAIJ+ucn61reGLOeeRlfcU2KXyGB6AY4yASeRj+eKcMNCcmk5q1nu4pLSy26pt2XkZyzjFRpt3pybdrtX35Ur22vpbz0vfV/qD/AMNsfDmJgJ9O1ohiGbd2xgYGBnBJUHgEZ4OCAZ2/bW+FgKMsurWxYh2Roy6gjHBypJHOM5xzzjk1+cmr6CBZyTxL5bpETgnJYkg/8COOvrury2W2XzHDynIIjORk5zyyg7h/46Rz3OBW31WEU2nNpbNtX+ytLrV7eVnbYiGd4p2UlTXK00ttbLV3d7b3tdq7fRn6/H9sr4UGNHfXJo1nVhIhtXJA/hyzrjPcgZXH6cprX7U3ww1LxRot7ZeI7cWOn6dNDcyeQEbfLgIhbbgnJ4K8846dfyIv4WG8MxMShgnzN0GOqk5APXtx7g452yQpeybhvQqf3XOHCjB2qSwyDnsDjHtWXsEpxjZ3m1aV1p00Sja13d736dL9Mcxq1YvmUUrptKyb2vs22nZaaqyv3P1c+ClrFF8NtWeKPAaC4ALbd33TwQSMZGR+gPAI+S9Z8P2cl7qdx/Zax/vJTCMqAw3NgheN248DGcHqec19MeC/EI0X4Va7eFYcW9pduEPBY4PG0decADqOc4HJ+INZ+JV9q00T3CxQRByT5BZGfazFM4CgjoxOfoDXsYmpSjGnCW6ScUtm2oei0dlr10ulY86UZTfNGF1v5dFvdPZ30unv1OvfRtV0jTG1O0trKBUPyllBkRf4y3Jz8vT0OR1Oa98/Z8sv7Rm1SSeSMs9mZXEKgJ5hDElgMAkc8D05wea+Yn+I97NpZ0v7NaeU0bgSzNlmLDJBOCc/czxnkcnAFfR/7NZkeTUn+1KiG03lEBKdG3oAASc4x0JP6DlwvL7bmSbkotpXdtLW5tFd+dndifK4KEouMIuFk7r3lJXTbb30vq3ot0jk9cNlY6zexsRK6ahcMNqqAx8w5J2jofqD3JHNY9/rFvHtlXy7dQGBDlTz2IBJw2ec47ZOM8eXfEXxfO/ifWbOBRbrBqNyhdMqSVkI3Fs5IOAduCR1wMLXEWeq/abqFbq5cwmRfNLM5wufnKg/xYI6AsMEjBBNZJVI80n715NtLVqzVr6Oy06dtup2ycWoqN0lazsraKNrtpykt9FZep7h4C8uf4i6NOZ/MH2+OQ/LgZLAgDIwcAH+vXn6G+Neq6XaeKIzdFGJsI9oKIxVV2kk7ucEDrkY45GTn538A3eny+OtEXS4G8iOeJAzE7mcspZiScHPGDnpyTjmtD9pDV5bfx80Snc0enxjaGOBkA8jnjOOCckE56kVrCblRk3p79rNbap7u3vPbtrpfpy1oOfuLTe7vq7vbuld7aPY1B4w8LTRpZNZRzyOpVAYURSW+UYLY5yRgEcg5GO1DxR4StdP0uDVVhjtprm4gUQPIjAxsysGREJIPPORwDxz1+cRrM+5CEUOhYl8txjB5ZQMEEZGMdcdASOt07xLq2p+RZXN4bi3jmjPlSkuyncoUbmywCgYHfb1HWs0k246P3Vayd1t5NPfu7b6u98oUXBxlJ3atfdNpdNUk7bfe9b3X3lqcNvB8LoDKEhWa3tUDkpggRLkgseSBknJzwSetfE3ia5urTUZI7W/leFCAshnKgZw2PkIGCwwoAyOSTzx9afEp0tvg1o/nMVzLaMVQkEKqIflYYycDjJ4+lfDuqXlsZZCsTtEZPl3uB905yck9CPug8jIHrRi3dJSvpGKV7Pl6tPbTptqnfsbKNOc2moqzTaaVm7+l/K2l1fT7J1UniBbjT7azmeSWVJ1YyGUyBSWyMK5A4IxnOOfmOBmvrvxFqyw/AeKaCSSFxdWqF9zRgttUkhlyAFYfw5AGO/NfA1tfrNJBGLcbTNGQQMOfmAyADzk/wA+uea+0PF26T9nVHEbrjUrcYHAChQAGHyjvnHOD0PYZ0FFwq2smox6NK+iei20aV0tbdtr5VSlGKsk5aJaWatfbTy20ur6HkvhX4j3PhDV7fWotQc3kTgm4815SisMBQrllJH3exPTsRSeNPifceN9WTUL6/mnljd1iaQZEaOeWAwMAH69TjOQT4Cwy7APtAGVG88kAHB5A4xwTx0+tXbJGZxvZQ+CQd+O4PI9SMeo9x1rmUYKom4Ju1+aN02motpWejb23fTodrk5UvZrSPxWtaLfut3S0Tdlqlq7K6ur/or8KdXgHwX8XDzidscrMdgwyqrMBjGPmIAxk8DoM18kv46ljV4IIIyQHCu64k5J5OOTnj3ycZPGPffhUCfg74vUzYUWs5ZBnJwpAwMZ7Y+8ME5ByMH45uxK8hWMjIU5JyXADYCk84xgjv6ZzwO6rJSjTfI2lBJbXv7t99LaWd1rpojkUuRpRbj0bu/7rt6b779lubV3rd5eSJHLIQNysignCtuyeT/E3UdcnivtuS/ez/ZnuLmMRO6arbswkyzKcdgeccdevFfn5bLMZ4VLt/rUBLAlQoZVJ3HJ5Bzg8Hn+EEH72u4d37NF+VIkYahAV2gHPAyccADJBOOAcHris6XLyVLJ8zVk7r7KTb0VtW0rd3bfU1p3k+ZyulFu979La7vp32Xo38hah4t1CWQoiJHKVUl1BCg4wMLj07nI4zyQQMCDVL66nw00pGQ7Bjs+VSvUDnCkhQPTA44xFPDK0pLByxCjcMYxjOG7befmI5x65plvBNC7SO3BUgDOSMv8vrkH0BOT83GBXI23Pay2er1u1dWS+eqv97RXPFN3lezWitp2vzLyfSzvunZH3Zqk9xF+zBJdWyokj6nG4nydyr/ENx/u7c9Qc4ycbTXw02salcMrPeysU+XcGYHp1wP4c579PqK+1Lu5kl/ZkltQwYLqMQwVIOTj5icbsDjAHbr7fFyaVdyoSjJGcgAnCFtwAAIPqSMc43c8ZatZ0vehzJJygrapdYtdmrabvz8zR1+WyjKy1b/8l63T1ae7e6fVWWzvLuVsPdyuyyggEthueckHHocdO56A1996ozn9my6nV3eZZ4CxJOAdq5AwcZHXjk+2Dn4Lg0u5t5og8irnBb5gSTkAjJPfvnPfr0P39eQbf2brzM2Y/tFt/qsZIwm7rzjnuOwJycVdJRSklZ6K7dua2jTTfkrP0+azVTmSm5czto1J2Vo8yk/lZNXt36H5+XdzeswWSdjGwVmHIGAozhTwMZIPGfTpWv4QmK+JNO5UgzockEbRvGSRggnH4DuScmr09ppzNuk8xnEQ24BAcfLzt457EjkevXKaKsC69YGCAqgkUgZ6YZQOQRhR8pOOMHAOOuKjapBPVRnFWWya5eZfPr691pDqOaa5n089VbS1tUm9Htqru+p9oftRZfwV8MZ2lb/jwZVVQcMBCuMk5PGdvBzzwT1PwcdgRgY2DGQkAhj79FGB1xz0C9RgmvvP9o3E3w/+FiSFm/0J1wTtAzGMFSNoGOhB2hevBGD8dIttHKrmPgblPyqQCR948jJ9fUnqQc1eKp+/J8zs1FtWtZuzWrtq/wBUnsxwq2UY31so3vpqo3006bPXpszv/gMWTx3ocZco39pQupQHBwy5GcZyeR6Zzg16L+1ezXPxY1QvMHL2NkXJ6/6lMde+CT6kY5rkPgtHFL8QdMES7QbyBlf5Rtw4LYx7HLYOR17HHd/tKmIfFfVfOUXDJZ2hZSBkZiTGGI6gYAGeeDxRyc2FT7TXzWn3f8He2+sJPl0alqvK9lZt2utd/RpJdT5XMS8FWOItpcHcAeehYcHJ75yTntivrz9lgFfF+p5hBEukT7SuSdwjbAJ5IPPHcrkZ6V8/tFaJbGSOCN9zDcp27ixK4DEZ5BPpnLAHIr6M/Zd2nxjqjlDEiabdOMY2gGN1Iz69B+GTyKWHpyVS6vs9JK6tbt662Wuuz3J57SSlLm1V3d6O2l1pstElta7PmnxjFLN4z8RbbctINYvMDnbhZXzzjpnphsDIGD1rlHt7iFmItWVQGLblYFuf4CeCM+nPIyBXoXiRc+MfELxysI/7Yvdyhh3mfBAJIHuvUjAPHNSXKRy2hVnDMI2CqMAjDfKcgkg9CeT1PSuGVBKTfvSabd91Zcu+7S0s9bWLjUV/i+0uqab92zV36q297LVK791/Zdh83xTpJljfYkzqgBxyVb7yg8ZIDc4x+Ga8/wDivaXEnxG8VsJkhSLVplaJ+dpyeSX4OORwcDnGAK9L/ZlkNt4htf3vzm9KhSATjy2G9ccemOmSecAYryr4t6kE+JXiqFnZl/tO43FlC5O84PzYGCGAHbp1zgebj4WhBRu7b320stbXe62T20tbRe1gptU462Sb12s2o6NrW17/AA2skrnBvpcxkEjXceR8wUJkEHPBznk/LnGcnJ4GCdTTrGW0vorj7WAQAwVANrN82OOmeSMngZOT0NZY1WJwFaI7QeJAo27QD1J64PP+yccjHGvHdK8cKQW2+R1PluuGKnsSI8ttC9yp4XkHIrxJc0Yvdu6et3bVOKV22/Xa7WtrHoQtKV4ttPlvzX0aa6Ndt+mqXe3UJJejzFGoLHFckmUAAbVHZtvJyDnoRtPAzzVeSCGCOSVblA6jKoirh84wzFenYlWyT7E8Z0EsxjlI0+eU7lR3MTsCw4KqQMjBzge5A5zlLa21C8n8lNL1CR5CPIto7Sd5pFHIVYoo2chuMcYzkDkVwydTR3cYxatdtLpfXltZ6vRrW9k1ZnRTpydlFuTbuklK61VlpZX7tPXX5alrqt1bqkqxW+UxwY9xYEEYKc4PIAzjOOgNeueFBBdxRahqV7Y2MTrLn5FLLKOFZ4sAgE9Cv93cct14rRPhn8S9WkkbS/h34yuy33Wi8Oaq8YUDkgfZsMqjb/F0PQd+psfgD8dNRmcQ/Cj4imJDu+Tw/qqBgMjb81uAV4HGBwRkjPNRrUE71alNpJKV5JO6a2v6a67Nbm1bBY6cF7LD1m1s/ZtXuo2drdV369zntb8R3kUztbfZ1tTcyBJxGCXVTgHBXpjoAc8ZB4yOi0+4P/CL3eqyajGJbhpEt41QNKqIAxQpzt3s3BB4GD7ju9B/ZG/aS1uNjY/BL4i3aKMQQNoOoKshzngNB8w9QO3zDdgmvV/D3/BP39srW4Ej039nnx+VUSExXGnzwR4bbnCyxoMkbc/dYY6jBA2hmWX0G4upR96PKk5RVm+XXXW7e3Td3bszihkmeVUpRw9eWt7uEr3Vm09EradLbpXdj5LmkvVsoLuLWJ3Vo0kubZnYpjcQFK5APHBBG365IGFc6ndXly/+kyGOJfkDEx/KQMgAHnPOV6c5wa/RzRP+CUf7e3iC2c2n7PXiO1Qso23UsUHmYIAbMjgBQN3HDfN0446yf/gjL/wUAgtRfXPwetLUS/LBHe63YWrbguQpaa4EYyABksBgdPXxq2b5a6rhGvTcu0XGTXw/y326JarRI9FcPZ6qam8LWcVbeLta631VlfVaLXZps/MnQ9dn0q9kNk6NLMghC3BaRE8w4AAJO3aRn5cYJBHABrp7rW0gmilup1W+gTezRksjMcFVQMMKARwoJ5PTPB9r8VfsO/tVeDdcvtAv/g5req6tYuI9TXw4E1yPT5VOFWSbTTcRIxyMbmHXk5xXrPw6/wCCXH7dvxND3el/AzVNM037OJLe+8RXVrp8Lq2ArFbiRJm4A3Ag7SCQAeudTE4StFVVVjypK0oppbRb2t5/grX0NaOWZvGXsnQqcz5WotONmrPvZbbt7aWWz+TdJ8TWGpQapY6nPhbq1d4ZhHh45QCVCHPBBzyD37k4rxa9jvI5pY4ZSFjlYqzyHc6YHzbTzzgk4/vdOa/bjw7/AMEJ/wBsnVdMbVdZ1T4d+Hrp28ldJuNbD3W/bmIAQOVwzYDHdwT1710ll/wb8ftpX7xz3uv/AAx022mGfNl1eSVkTaSjsE3FR0OODzg47Z4fHYZTahUlPRXtCd0/dWrSbTtft+p1vIM2lZzoOH+KcE9bXdnK+qvpfZWfc/Au6nkURnc5myykNnawPUDHQdyQBj2NVZby5BEOWDRvGwU7mUr95uxIIJbrxnHOD8v9Hfhj/g3S+PWoXRHi/wCOPww0RQxYrbXckkqqM7W/ehV2njIHTPfkV7xon/Bud8PrWIN44/a10eG8BAmj01dP2qAAWCea6E8Blyw7jowxXo/WG1zQw2InqtY0JO90ndaK9r6tP5b8sRyPEudp1aMGusqkE1Zrezbu307ataNH81ej6uYPB+pOJmbzHSNGZtzghSGEYYjCgnkDAUcYPQcdFfXRcqp3oFAAXJG5uSQwPBPOeCw96/rz0H/gg7+w3oFktt4n/acv9RgzmaJbiwiV5sgn/VzZAzuGCuQpwuCK72y/4JMf8Em/CUiHW/iNrOtXMRDSL/aUwRtvoIpMEMByOfoAK6qMcXUt7PAYuSer/cyVk7NJrXXy0V9/PohkzhHmnmGGpNWbi62lrq+q0tt1+fQ/jt07X76yJEF28TlJI9iMwwr5DKGzkA/MCM8HA6cGKSSadjGHZpXbfsTzHZtxz35YnOSee4JJNf2q6T+xv/wRt8HTRTzeGL3xFPAwKma+v3SXBBG5cFWPTPUAsATzz6jpVr/wSk8BuZ/Dv7OmkarcIQI21CwF4w2j5WUXKEYOME5JIHHeu2llOcVZJ0sqxMnK+9KSvfle6g1onon1t2YqscBTpxhWzim4xa9xVI8qvy6rmml326q3U/ic8F6J43tdVtr/AMPeH9bv7optVLXRb7UIZQzFtrIkEinvuwD6DphfeLP4EftK+PrlhpXwU8bX0123mGa18KalbLIWHCozWyhOuOccnGFIAr+zW0/bT/ZM8FxRReBP2avB9l5K4hlXw1pkbKQFA3OIiM8FgTtJIxxkYp3n/BTmS2DR+F/hdoOlpHxGEtIYo0xlVA2Q5X14xwB6HPoUeDuIcTJT/smVOUrXlUSjp7tnur3Vk9rO2ugLPsnwdONL+3JezST5I1V1cb2UHPyv1Xfe38oPgn/gmB+3R41jMek/AHxZDG7EK+qAWSncfvN55Q8Aj1BweAxr6i8If8EHv29/FESNfeFNB8L7yPk1PUE3YYEnd5MjcgfNg9uuCBX72X//AAUv+MWoAjTNL0exBZidiBtqgdR+7UHpgY4HfPIrznVP27v2kNVJ8jXobESZ3C2tQWGCR1wSBgAqc/MAD3Ir38N4b8RVopSjQpPS8ueOibVlbVq6d1u/lq/Mr8a5Dh3K2InidW3GSqNO3Lb+VW9NF0Vmj85/D3/BuF+0rdRQ/wDCRfFHwFoLy7HuAXuZDEC2QDuyG2EHJzjI6jIB968O/wDBuBBprJL42/ae0WJGRftEejwW+9Dn5whuCBkg9eADyThQK9Z1X9pH9oXXpCtz4618q4O5YS8KgOD/AHWAHOcDJx26muBvvF3xa1SQtdeMfE07S4LB766CgMOejkc7hxxnk+hPq0fCnMWubE42jHbR803q4vS3Z67/AJnj1PEfAwn/ALPhZX392KSt7rWrc732b8j27wz/AMELf2G/C1gln46+OureJpEcSXCvf6fYk7WywDwzBwoO4DoMHjAr2XS/+CfH/BJD4fR2kOpWWna/JYFS8t/4gu7iaZlBILqrspxtzgdSOScZr4SXw94uvW8671nUbh5OvnXVw/Lc/MSRgAsQRkg8cnHOta/CLUryTfNfoBnBIZiScA8kkkHPUnAyDgAAGu+n4U4SMr4jMOe1m1Cmo83w6Rbb0tbt113MX4l4mouSng27qyk5RVleNre5te29rNrU/SLTbL/glF4EVItH+Enga9ezyY5ZtFjv5nKnjfJNAd7ED+PqPUc11UH7ZX7E/glTH4N+CXhrzoMeR9j8L6ZAVZeAVf7OpHUbQM89+DX5vab8E9NjkBvbwysVyyoCQ+Scc9iAQvTrxnPTrYvhb4Xg2hrTeWBLNkDJGQctkEnqCSe3JOMV6FHw74epK83WnKL3TsnpGy2v3337O6PMrcc5tUlaFGEIvSUpSk9NLaXs38/JttH29rH/AAU78PwxFvCXws0+yCHy4vMt4EXaMgbkijyAPlwcYxkZHJPjus/8FHPidqSzS6N4b0bTpDIfLkgs8yL2D7hEAfUHnsCOM14jB4M8PWbnbpcLKpByArbhzxk4BPA54GM44xWrDpekQk7NLt0QHlgsYOckHHHcnjA6HnJNerhuEuHKH8PBRbdrOouZO1rtXfzdm1rq7rXzK3EWcV2ues4pu9ou1rpaLS71S2bvpqWdU/bk/aP1dXCajf2qOzfJaWYVVUt2O1SenUc7u3GDx1x8d/2jfEZdJ/EfiNI5QNvlPNAVDZ+6V5LenTaD9K9FiFigIS1tQNuNzxxZUDoTtAPX5Rkc5OM4zW1Z63ZWyMfKgDRtxsRABzjg4xwO5IzjAz0r1I5RlNHlVPAUI2WsnTh7vw21td32V+m+2vG8yzKTtPGV0npaM5Wt7ujs1rtpbysrs8GkHxm8SPi71rxJNvBVvPv7kA+2N3oRn2OOeaY3wg+Iuojz5nu5GU8NLdzNg5DNwXAJz1PqxJznFfRC+KxC+VlRU3E7FUOecfKSRjJB9uvJ5JqWLxtMd4iMsmWPyBQoyOQdwGBkdQOpAH109hTg7U6NGKklpyRV7ctnyqPTpb06ackq1Wck6larPmau5Tk72aTvZ+SV/Xrt4zpXwC8aay6JPexQxqQjGRsYwOQDklgAMZPytk46kV3UP7JusTIBe+JbSJHIDbXVXCjHGRuJA4GeM7cZrqovHNwrMbiO6j2NhVjDgEE5yTtJwSO/HfGMYW48fzIiSb7oKVyjySSBFB4G7JHT0I6ZznHHLVp1En79KDe1oqy+FX20Tt6XfS9jphVgrOXPLay529dNXHe11pe29nZkGk/sl6Jbf8fvilmJYFkjkG75TzwxU46tjqOM9a7qw/Z1+G1gD9r1KW4VSS7PKgB28MMFtw56/wA81wf/AAsWB1Mtzq8MaJ8rOshLIce555IyR06nHSse9+JvhiJCZdRe6LqSVSYfPk4yAW3HGfmBOcEY5wKzjQrcqTquyS2ikmvdu7rezt/NZX5uw3iKbelK9rbu9tlfRtPtfW131SPZm+FvwW08KsxtJ3VuTJIXYqpxyq5AO4kj1x1GcDdtj8JtFVEsrCCdVx8i2ZkHYYLlOhwcFmB54yK+WL34t6BbqPs1qsrAYjdyWbJJIDBc46EENk5GSQSSMxfjLMd/2bT49wQKI9pxwSx2ggjB/hz0zwSGJKqUoJWdRyenM3NLlTaejur9enZ2tZhGs0naju1fR8r+HVXs27J3btb0PtaP4jeFdPUjT/DEcjoA64tY1U8ZAyADjHXnPX1qA/HG7jBSx8NwR4JGCFUrnkEEKcjqe/8AIH4pT4paxelwLGSOQttREyEB4J6AFgAOCOcnB4qpN4m8WXxBghmtwBzhWPU4LEbeR+Q64AIIGaVBKKdpP+9K90mr6XdrLZO77aWNPaVmopRsr35VvpytLRO291rv5H2jJ8c/FM0pjNrY2aOVC7mHAwckk9f5joAa5/UPilrknzTaxawrIWJQTqAgJO4KcgrwAMjcefpXxjqEXjfUAF3XCgvhXVnG4k53Mo5x36euCcVNB4F8RX2Gnv3XCjcJXcLvJxwDluD14z8p6DFEnRirQUejVt29L2dnora/etd9VPESaXJLZaq63UWutrJJXV768x9N3HxVS0l33GuW0iHczDeXkB6cEk49hj2HIpzfGbw7JCUbWoBhfmUlfMGRzgEDgbec5wfoM/OQ+G0m7bf3YlfbhcSHbkg9hxjrz2Oc85rl9e+F6JbtNZzyJeREsdrF0kI6KwJB46HgAjnHU1henKacYtyTtqtlpq1pfTsr9dGkDliIJ3bWybfR+7uk+t100V1toe+at8afDVureXqbzsx4QNjnPYjgd/vDBIHy5xXDXnx8sYyYre2R3lI2tKQ23JHLfe559OSQcYrxKx+H5eNjql00czbTkZAPJyOeFJyB0x35xxsp4A02ONpHDuSMoygEjB3DJBJw/H3sHBINdSjTp8j5G7qL6NRslpu9W7LW+r01ZmpV2m5VbPpZ2aXu9Hrrpa1krXbdtOk1H4r6nqJ/cO6I5O5IGZRnDKSDyOeuDzyBxwK5ufWPEF+yspuHQggJ+8Jw3ZiMqMAg8HkdCSBirY2FrY35W7tJo4i6pGRykgycFuSOflZgOVJGOor2Kwn06yhiaOJGUDJzh+AeMdxkjAAHPc8DFe1m0404pJWcWla91Gys+j+Wl/lo4JxXPVb0T0lo725m9r6J6dLnjraFrV7GJHtJn3hjtw/DEkfNvxxxwcAfdyc4NQL4E1+SRGW3MQkZeG6DB9Qcgcj+IY5x3z7vN4nt0iKrCgLKcbtoC7jwwC9AMEjjI6gYBNc+/inyZGVpN+0EKAAynGDwSCM4zyfUEZHRyq4iyUPdXupuMWmnf5b221tdddsYwwsNJS1fXRv7PfTppZvRp30scBH8LtVmCyzXEMbBhwGIYnqMjcvJ69B24wQTLL8NbqJAHvMPvwEj4BIB68jt69znPUnuo/F8DvukCltoICYGD24IGCcehHIGMYqK78Wx3KgIkSspbLZUEDCkcj+IZ7g447Gsv9rqKUG5tNWWj1T5fnrf9eum0amFirpQvq3d6/ZXTZ2S1V7v5Hll5oMlhPsuFlaKMjMgABOO3Q9Dxj2J5IBrfs9Ps1gWeO0EjYG0uQwYdDuA4OfTHuR0DXrrW47gyRsol3qoYNjA3decBvQ4XIOOcAViG6ito2CuxXzFD7WAVQeSFwcEhTk55ySDz05f7Lr1bylOaV29G9NU1a9rpb/8Pp2U84oUoPlox5lezcVpeyWrvfrfr5u7NGWxMyttENuQTlY0AfBA4JzkFemMkD2JNRWthJaSpvczQtjcAh38kZC55UAZJyOvQ8jOPN4igt3DK4j5X5nIBwD/ABKfm47HIOSOpziFvGlpEWb7VEH2kFH24IxxtB5x05weBnr06aWTQ5LvlbVruXqrt3cWuvkrrbdZPPZ7LlXRcqSVrLva1tuuzS029gtrXTSsbxqYz5eWyVIPUYwRx24JxnhulWYrewfzJWdB/AArgM2AeSDyAMdvXGOK+ebr4kwRSMDJnbhW8kEgrjGWP8IHAypxhhnrmsS9+KSgFrZWbLYVirpg9MFV4+Y85/2uTyCN45Vh4NOpKDjolstfd0s/P8yJ57XqRUKblzJpP3XqvdT0Wt29murXofR9xJaW0Z8iUebuY7TICuPvEAhuc859/wBOfm8STQkojxEjDEjngZzg+2T0PJJIB5NfO03xL1DhEtcyMBukLfIM8LySFAzw3IxkD1Nc5qnj/UHQpLfafZMDn5rqNWwMkZAPXsOgBI7nFRUhg6U2vaU4uKWzjo0ordu12r6tW0sk2ZvHYyc42VTVJ2s9PeW2vxLTZWffv9Fax4rlu4SHKMQSQ7Kqn5c7cDqew4A5C9usGjfE2a1gW1vbwoikCPAxtJPAYnsAFGcH1718i33xG0yGMDUvF+lQylzlPtUZZMYzkFwTgDGBwOuCea851L46fDPTZ5Y9T8aW0wQbiIJS24AcEYJBbrjGRx3BNeXiMwyylNSniacHs+acVqrJpNJ7+iVtPJ+rBZliKbgqFWd4rl0dr+7pda3b+Ha29j9OLbxHDd5uBOHV05kJXacbWC9OOc/L2bGcEDMM2u2MaAi8jVi5zyuVyMjIIPbI3DqeO3H5PS/tz/C3w/G1paaje34tw20rJtjcEg7F+cNk9cgYyAc7eRwGtf8ABRPw8rFtE0B3diQPtb7xlehIXcQCQCCOmO4zWdbibh+jBf7VzSSV7SlL3tEtFe+ttLpnPSyDO8Qr/VnFt2TnKzT0vpa+l9btPfpdH7JT+JrENs87zWO3BVCcEjjJxhQRx8uRn1ycVJNVIlUwoSpGC8jDA4zk7uh456YB4Hr+E2uf8FC/HN8HOlaZHbREYT7NbvIwYf6vafL6AcnHUYOCBk+aXv7Yvxu8QllhvdUjZgxxFGYkRMdAoIOemT1wTjkivLxXiDlNFWpU6tZpRafJbZRSbk3e3b06aHZR4Izeu489SlSWiveV9LJJ2v106aeW/wDQzJ4qjs1zf32nW8QZl+a4jUjPVyCwGR0GPfPeuL1L4m+BLGOU6p4v0u3IY7VW7iyBuP8Addc8LjqRnhsg5r+eS/8AiT8a9ZK3F5eavHBcEgPPeTRjknc+wsvC8kjkHgHjk5CQ+OtbkabUfEMQiAYEfaNzcDnALPyOhyDn14r5vG+Kkbf7LhIpppc9Sou61ajpZvS13ZbaaH0WD8NK1Tl9ti5zk1F8sINJ81u7Wmrf5q2j/dfXv2k/g3oz7rzxWbx7dSEazO8c4AXcobOcAZPIPG4ZNec6t+3f8OdMbbp9nqWosFKgKdqvnkcHrkY9TjPHY/jVB4ekJeO51e+vAXAeOzVyc54OQMEkn73JwBjJxXRaT4KvrqVGsvDPinUl6JIILjy3IJGOEzuxj5VG4ccg18hjvFLGqMpe3w9BL4tYpx21k5ytZa9He276/XZf4Zpzp0lhMRXbtG7Uldtx0sld9dl333P0m13/AIKG3AGdC8NRRADbGZ2LyHkcFYwwwOxJY7sdq8m179vL4v6sjppNqbJSQoAt0xzjncwDAY5PcdcYwa8o8G/s1/GvxldRweFfhvqcSFFZ2ngZ5t7khVCygYYnqcdCM8kAekRfsV/Hw6mdN1qwOmSpMqzwzssJtg6goJSpHzAMCApyPTNfnmZ+NOCw0JLFcT4ek4ytKCxNNTv7l7xhJvXVKyTt2P0TI/BnMMXiXQweRTqVOSMlGVJv3bq7/eWbXRO1n3aOD1P9pv496zEsM/ie6topmJCQOwZh1GRGdy+mCMjucg1wOo+LfiRrkfl6j4qvpDITmSbUJQO+QYy44HqVweCM8V91+FP+CbXxD1tjNP4ssLUK6xvDbySSyZJ6kYZgDg7iRgd+hLfSfhr/AIJU6dAiah4s8XS3cBX97FA2xwWJG35mBUBgAQCBg8A8Z/Js9+kvwZlWMWGxeeVKtaUU0oznNzXu6dtXpq1fpY/Scv8Ao9cS4qMXPB4XBK6jarKnTla61tG7XVJq+r06n4uyabrlxHL9p19rhg2C6yySkjIHQNgKBy2TghcmtZ/Bk2pwW9rbXOpXt5NF5ipbQSlJFQ7jtKqAR15Pceucf0A/sz/s0/APw3r/AI98KeK/D9nqLRSRw2t9qsMcrCBTjEJmJIZiPmZBzk5IGK9G/aX+CPw28D+CNH1jwD4f06zZVeBpbS0QXASV9sb2xRWLCPIL7hgk5wcV8FjvpPYV55SyjCZRi5wrum6eOqVoqFqsYThPkTclH3rXu7Wu+jPo4fR/lSqQo4vMaarSsvZ06TcVZ81vaPS1lu46N3W7P57PDPwL8c+JmsZtM8MapBamYQfar9fLty6nacg8EEdeTzxkcE+sR/s/a5ZR3Ft4i1G30+dCojt7WJXLAY+Tcc43EjbklvXHNfrxYafp+l+EPDUFsu+RoYZrqOaOP55CoLvyPXkhe+foPKvibaeG9R8OeIH0RrZtcFsyW8du0T3ZvAh2pChO7JfAwMHkdD18LC+OvE2e5y8vjg1hcGqqpqvCMnLlbUefm+FRas/ds1ZNX1Z9Rnvgtw9wxkbzKGMhiMUqPtJUanLFykoKThCK1bUm7XvqrtLr+WeseA/B2g/a47i6ubyaGBg5lcRpFLj51KK+SR1HpwMYzn418Qz239p3ENoSbffI0LuCSQGIAB4IAUkBeQcAY4NfTHiz4e/Fm71G9ur7wf4xlTDvuj0q9bzSwJ3ZjhIK7TuGCAAG7HNeN6j4A1RJohe2Eti0SDz4pkMVzErA/LLC2GQqeCGA555Ffv2TYp18Pepjniqkoqcv3vO43UdEou6Wu2m7uj+Ws3dX6xNqh9WpRk4q0Wk43UVK7tFaXdvK2pxCah5NtbQ5O+QA42cEjgv93kZGcjBOeeorS0+c5kLFirjO7Aby1CkgK2MHd0BBJ/Q1u/8ACHPIocj5IVUIwJOAehwM4IGM7QQp9O3d6F8N9R1OO2FrY3N0MhAsFvMzMDnBPyn5BkAnJHcgcV6kYXnaN9XFPmeyuvPbXV77rZNPyFi+RrmknZRd72btyp6LZpXfe21m2ePyT5COrYRJHwGGWODg5yOm0Y5JI9t2a2bK3F7ZXlokTbrkKBKijOGzgAZ5yAc4ORwTnJI+uPCn7J3ivWrjzLnT47W2kVSGuzsADDdyCc+h2kZAyTgKdv0r4F/ZO0rTYZV1S7iMyMMvHbMwQg9IztwcEnnnH3geK9KjgITadSpCGqu7tuyaflZ63S/4NvMxWbShNxpyTk0o7vW3K3und+WiSel9WflRB8ONYuGX7Na3EkceAXEBJYdQRgMeOST6cN0xWvpvwh8U3UzpFpc5eUALmGYjoBk5wF+vchjxX7ceHvgn4S0aGRZbOa8ZeA7iOJdw/iAkxx0GT6Ek+m7Lo3hjSwyhdGsWRNp851kmTYMfdj3HIGMjuevcnvdLB0kt5Oybbaa3j7u7dk1vbo9GzzXjsdX1jre1oq9tEvienl1d27ry/ITw5+yv441WRDdRfYoNodWkOzCk/My4JBGMHkAA9SO30D4X/ZL0bSYVk13VvNkYBmETghcH5xjk9cduARjIIFfeMWn2ermK30+PV9XldSBDolhKUzhto80IAQwwM8jPQEcHudJ+Cnjm/tt1p4MFnbSIMXevXkcLKhByWSRwRnuAC2e+flPNKrl1N3qzpxa1vOUU9eXpv0sls739YVDN6rThzrZaRfVKV+Zu221ndvRLWy+TvCXgDwb4IjmGgmdbmdMeaqO+Z4iHjlDcgEFSAQBkHacc40fG2qL4iuNLu7tCJ7u0NldSj5TIYgYwWGAfNO3dggHOT16fX4+Bmo21ov8AbPinQdL/AHgWSHS7R76ZV2sWCtFGV3AZUsTtDAA8ksfj/wCJuk23hTVNS0yG6uJ4rO5W/s765iNv9oEmQxSMlCBkbhhQMewOfvuBM7wVavictpVYzU6TnGEWt9L8t9LN36Wd7bOwYvB4+hhlWrRlHlad5aPVKy69b9Ek316e8fs6+Hry+8I6i2o6holvpWkavJBHPq1xi5WIt8qrGzDbGpyPlHPLcHIPsV9rvg3SpXhTVk1OSNmUQaHZx7JG7ILiUAAMwxkHJ9e5+O/gFqnhO9+JEXh34j68bbwxqGnSXrrbzfZ4GvIlDR/aZC6qASR8qjJwcDZ0+q/E/wC0R+yv8JLhrTwzoZ8Y3dvIPMup2V7SO5yAImEvyEBwcPkg98HJr8m47isvz/F4ejhK9WM37SEYJWfPZ2bdrK7W10ttdj9W4UoSx+U0q0sTTouD9nJyajZxcXr1va7Sva1tLm1HqmvasfK8NeA5JpCo8q5uze3b/NwshiQGFQBhiuQFAOSBXV6V8J/jRrUon1T+y/DFjcKHFxcwWkDKhIGVknIKYHYE49O9fPN//wAFDrq+Mg8OzeFvhxoloCk09vbR3N9dRMAGW3jCMDMASFJ43D73WvmzxR+25LdSXq6Y/jLx9dSktBe69eTabptu7O2FitLdvLeJTyu8cjvg18JOWe17QwuFhQi1o3HmcVZau7UbrXRO+7d7o+vp4LJsMvaYvGfWJJJOEZXUmrWVk7vVaKy1/H9Sbf4Y/C7TFnfxp8QtQ8RXttGVn0zT5lu4TIuA8ZaAtbom7gl2wu7kLgEed+KPjv8AAz4TAR22meFtIEKBbeHUo4dU1udckZjSISwpIx52yfMCRnaQSPxn8S/tAfF3X7S4jbXrXwppszsk1voyJbzGNjlllnTEsxAODuPzdeeMeAahfwXEq3+r6xe6knns7vNJK884BJY72ZnUEnqDgFsZzWtDhnG1mqmYYutVbS5qMJSjBp8tk+VqKWmm7te46ud5fRhyYHB04O/u1KqTdk1qlq0nvrvba6P1g8b/APBRG+ivrmy8C6dH5bbltr67jjjWJm4U2+n24EG9RjaXGByCQevx940/ae+KvjKe8/tPxFeTSNudku7s29rHESSEjtIX8sgYJHAyP4eOfl0+P9FitNQttK0qMXDWxjtbmUfvIRjmQtnO9jkht24jI+bdk+O3+r3YBvZ7maV5QQwDsSAoJGQTkrxgdOeO2D7eFyHB4XWOHhz6ay96S1XWSdktlb0S1bPAxed4hycvbyaaulTfLHlXLr3b8o631ue6ah4zuJr+5uNS1yRyybkhtJCqLMwOcqnULkYY8565xXlPirxE7ObmOESBm8v7Q2WLMUILEnOep5B688E5rzeXWJXkaQMql2wdoLEgjpxg8dTgnnk9RjU1ScS+HLbDtJK8743HBRsHA25GSMnvgnOODXsUoKnyqK5bWTsrXWnfq3ZJaO2h8vVxzrc129Vdt+9LVrrJ3V3pZJWSe25lTaxc/ZiLeV0kuX8qaTcQWXdnC4IIJzj0xkE5zWU8skan5uN21mLEs+7rgHv1zk4+71zUEqtHbW5ljYKGyx9Wzk4HP3iBzjH3Rxjmp5zTTjeCsZCHOAAXOMBsglcDOSOMYGSc16Ci+XRNNNaPRNcqdn0td2bV3dWstzgcpPVyve3ZW2ae2nTVdFa61L6TiLcynyy+E64LxsCCBnJyO4IJGOeDX258Dtbe28GwOm+fy7trdEYsSQTjCJyRyRnGeRnngj4euyJLhREm5kaEMyjIIHBAwcdsE5x1OQa+1vgnc20fg5ZkiH2qLUXJO1SsYC8P1IIQ/MGGOBnpzWtGU6cKkoNppN7pNW5Wt7aWTSS9X3OihTjKuo7p7NWturtbrRaad76O9vtfwX8OfiV453PoGjXyWMcIlub6PT7lraNRwR5yptZ8EZVWYhvlySBX0b4S/YT+Nfjia1+x6BcTCZBcDUNTdLXT/KRuT5bOJQFBDHcuDngnJrvf2PP2p30Lwve+DNfuraa20axu7tHcW9rbS+Yd6NczsFldkxjK5Y4AOADn2XXf+CgfhjQNQ0nWPEPiyB7FLGSx/sLw0SrIYXxDLNNgI7yIAH2swOTj0H5TnfGGfUsfUweGwdSo4ytHkhOSlFuCi+bWF2tWr9NPP9dyvIMsqYKniJyw6Tp35qtW7UvdVuRPe99b208hnhj/AIJ5ajpUthL448faLoqO7x3Gm6LEJbxBGCzku42gIAxDHPT1zXVQfBz9nf4a38tzrGo6j4nsNLuo/tFzeXaWxd2kAJKllCwrsIOwfMAQQa+SviF+3D8YvjNd3umfBP4eeIbx76aO0stVtdNuLm7ht1ym5pIo3iTzRtJkLL2B7isSD9kb9p74l28epfFvx5pHwo8PpFHLfyeJtYjjvLiGTDPiwtZWnaRVJKo0fytxzyB1ZJU4ixsZTzKMl7SfN7OLalGLtaLSVrLS+rfW6TFip5NgFejNSqJJStypN2Xwtpy8lZN+XQ/XFP21/gL8ONF1q18JWegWVvbaOLfw+NMgtBeXt0IipMtwyq2d5UPIpJbacHON3w14n/aX+LnxcZdA+H2k+JPGGt65IsYt9IsbifTtMtvMJ+zeXCht0lkyBJdTEN8uQ2ATXHeGfhb+xt8JGtJdd1TxX8ftf08IiWibtI8MJcRgbmWVXWeaEvndvXlSeT0rvdR/az8c2lrdaV8LdE8M/CDw9JGbNLfwtplsmrva7dirPq/lrcvIyna7bixPfivo1lNaq1CpRUad22uVOXvNSeut1sle1+lzw/7Zo0XOrhqcnVeiqTbSt7t2r+9o0t1He93rfoNB/Zl8b+G/Ew+KP7QnxctPhWH0cWM2jWupx6j4xu9JljAOkWtpaySRWYYM6sJQrBj0+7VvV/2lfhn8HdMk8L/syeBG0nVHtpo9Y+KXiYJd+KdRhYkyPbSyhvsqSM7SBY2DA9FJzXydqWu3etXVxqHiDUdR1rUrhmluL3U7yW7mlLtkkmRm+Z+eg+XBGAenvP7NerfA/wAN+N77xR+0PpcniHRtNsQ/hnwVpcZm1fxJqsn/AB6WogQbpYS/yyhhtYcEkV6GE4Shj61KlTo+0nLljTjFPRJp2snvoru6btZ31R87mHFn9m0auLx+IUaEG6lSPww0SdmlK8mkkrycrauWyS+P/id4W+N/xU8G+MfjLr1zrFp4R8P2t3eJqerG6UazcSbw32a5ucCVn52xozABQymvymsruWNzeAlUMruA7yBn81iWVgcMc7uvBGMg4xX9CX7Wnjvxx+0L4y8Gfs+6nqGhfBDwNrMv9s6T4Jha3srXQdBfLaePEDwbQNQmQAtauSASNwIJJ57QP+CWP7OH2SM6/wDHS1kuFm3XEkeoaesTup3MIP8ASQBEWOVyQ23sBmuXjXD5bklXB5ZRw2IniqVBPGWpuaVd2biuRLlstLNt3Wt4o8rIM1xfE1CtminSjhK1WX1K0rXoqyUpczTbnaUuaPu2slK2/wCFUN+b2+W/lcwCF1jQEZBRSASAQFOVOF54bg88VhXkWo6zqcVtZM8kCmSSNcbVaTcdzMCABk8HdnIJIyvA/oy/4d6/sQ6AsI1f4rWlybNS8kK6vaNHMrcBy6T7t4JBK4AXnjucG2/ZG/YK0LWZLu4+L+nzW8UbSRW7XiLFbKwJEO6NiZCRnJYcnkc5J/P6bqyn+4wmL5pO0W6M4pP3XbbT1fRa7o9SdGqrqeIoRd09amrvyv8ATp2d09D+fJPCt/Zj7Pc4U3rtK525UfMdzFsADHJ+9uyO4ztqR+EbWBZwZzch5yrbCqeWw5Oc4BH4ckZBPSv6NE+GX/BNjRLOS6uPGlpqdysoYo93MQdhyyIi5Ijc+q5wQcc4r4w/aa0P9jvxRq+lW/w01eLwppNrCWvTpUDXEupzkY3yNMq+Up4OARgnletdeFw2c4mtGmsDiopK/tJU5qLTS93WyV/ufocU6MKfNJ4mlJdFe7XMlort+abadr+jX5EjS9M025AuvtEju7FIJBujZQMAhlBGepHbpknNbEGmW98WVNOjtVtImeOadD5TcccgY2senB4yRnkD7M0fQP2ZLPU9mtXet6xFAu2GaEsFJReAyZ6g4P3Sp6ZBBzrXl1+zhpM0sUNl4kvrG6idjbvGsaKgJwi4OQo7sDwfmHJr3YZDm1Sld0HT5Le7KybWjd76avazStbds4pulG0ViILVWUU27K2snq1rd6JO9u53n7HPwD/ZX8XeHtQ8bftD/FX7Bc6Fc/a9N+HWiW87X2sbELxrPcwozossgEe1MluV6E5+iP2kPG+ga18JR8O/gd+zPqmheHw7ahf+Mp/Ct0l/c2kPywBb0WgdkMS7vNYnd1ZscV8q/CH43fBL4WeLZfGOm+CnuGtYntbKLUI4722VguIXe0uNySsrYYMy4GMg5xX3haf8FmdWt7eHRPEHw+8N3+k2ulz2VjbLZ2dok6PC0UQuraJNkqbdpKNuC9eO353xP4f5rjcTDMq1fE4/6vLnwmB+tTpYajUTp2dShBwU3Fp8spuWySi3a3qYbHqlh3QpqLVXljOpKSi3Fcqc4c0XZ2Wicle9lY/BP4gQazazwxzaYlnMkS5hbHmqhBw8ijlcAEMrAMmBkDrXgGpXUIn8t1IkLOrEMRsYnqN3bpkZ4PIxhQPpT44/EWT4keOPFPjay0+10o6xfz3CaVY4W2s1lkLFIokGxUwwC4AIxkEEfN8s6tIysXjtW81QWdW5VnY5LgtwAMZwcMQeOa9zKcDi4QpxxFFQq8i54t8yg0opRi9raPRdfvXF7SnCpLkcneVnKVndWitLaeq3W3mu00G6it2tyo3KwALlsgnjK7epJA78Ht2J9Nh1OKTm8fy1jURwY+Ro4iOMAfxHgY9x161886JcS3F0gnkaBEzIAmdnAB+YEjGegwT/ABY3DGO8e+uGgXywxlDZDttLbBzkAg5GMc98nntW2KypVqkVyrdXkkrq3LeOjTT6tWXW9xSrRbcnJct0rW0V0k21HRarRtvz3Z6wPEthcQpC9urxxSBA6vtlYdyhJyN2fmPDDJ/unNq01a1/f2ujIjXDuhcTlnKKACdh5AAABIzwcEn18WsLWae5kmmuVhhEg3kuSzg5yqoSRgMQpI9zwpNaOqT3/h9Zbq2aOWMqrRODkxkAkBwPmZjjDKOPmO4dKxWQwbUIfHLo17sbKKt0952Wnyb1uJTd4STVtXdW1StqndW16L79UeraxqmtTWsIBRYEdk2W7kKxJwWlCnJOeRgEnjJI5qhZeJryzilSQ2xaNURpQQJMEcJH33DPJOGGOedxHkg8aXEtvG8kjC5U5ESIREWOBknaMtk9QOM+ozWHqmtX11JbsyCFH+V2g4YZbl3ZuAQAfQ+2cV6GGyBwgo1VHTlS5fiVuW17NL7u99ylVvo0+W6tf+a6aTST3eu67dWdre6hqWqX88UN6TsaWR5GlYBVwCVjGctgegIJBA+ZRjDubdTbQyS2075ZkEuXUSyhsb2zg4OCCRwOowDmuestRSO/t442D4kAkkYksqnGdx6HOMEjPB5wOnqd54l0+W0ezSJJpX2rGfJjVYAB8wVjwdwJyf4vbgH1Pqv1XljClzJKLbk12TcdFq9NUlbXyuaKfxaXezWj6Rb3bvbb1s76JLiDNcWscc5nktjuZm8tmB2AEAEZChQOhxn6Gm2uoXH2qG5ZiysP3Tu7M+/cSrEDrnO5UPf2Naeo3lpJBMkdtg+WUk4+bIBAERPOWx82OM47jnmbbRtUWzGpW8czWkEgBC7flYnOAh+8V9sjOfXNW8NQqqTlBKTdua1m9lZX0d/LX5m1KV7KVtk07WldOKSaenM730as3q9LnYXV7JPH/GNg8xyz4ZmwQQVGMHGCMjJJxkkipbXWY49gmuXeSNFMWyPLKOrbhjAK5PHPBBG45riHuLgyl97lidsi9GG3glhjAYDIAHGRyDxWpBcNcSfY7eMqrKFlmCBpIhjLPu4ye5OSSPlzztrlqYGEYNWcU1a9nZN8tr2aavtey3tsaNxuu776tuVrbNJrWyd7KzSdrnpFrqVheNHulM80ce4bh5TAjpnHOehCnv1xnFaUcEMztJJcS27yKQxR2YKW4jbacMM/L15wCcgCvN9HjWHU44o5VZbeXfI8udxVOdvLKMk5AHHUg46V2R1YSzzyKilVb93IPlJdRtUkYOduMnk9cE9CfLng5U5RUFK0opqVl3i4vfazvdvpbQz9yT5Y2Ta1+0907tpO9k2mno76u7GzafqNtMds0N4WI8xWY+aU42vyRgAdRnnHYtis3UbJhJDJKjPcs7EDI8rI6FG+5hQoyec9cdBVTVNbDXFvGN7TD5pnDbWZeCQhPI6cAbuSBjIOa7+IHmYRqVFuhDQrID8rZzgNk4BwMknP6A9NKjX35bvld2lrpFWei2tvt5aor4eWNlo7XS10asm9lbZvXTZJalTUoZpETMjGXzgpYH5FKrnAx8xPQjAxkYBIxmtEZLZXzKss/wB4tJglMHpkjoQOTjPbGKu3Nwl6xuhNFG0aZNurDhlyA64OCVAzjqTkY24B564vkd32KHRV/eMeGkbAA7AZyMkfdKkHg9OuhSm7R5eV2V7p/rdpW0+b0GppSUm1pyq7Tbu0m+vu6vW99Wra3t0UfiCVpAoXcwwTJyqnGCFwAFIY4A9cdR1rtdH8UX7yqGJjz+5LoCDsfgAJ0BA+8QB6nGK8PkumV1ZG27iGGPmwACAMDjGBxg5OCxBzXV6HrJspDcyys+VIRAAzB+isd2SyjgY4YjAOOTTr4KLgmk21ZJ2Sj9lq91f1Vr+uprz6XTWlmrLRuy31v173Wi1d2/rXQb3VLHSZtX0id7nULKCQT2M4iYw2jZUSiFgpYsTxtBIJGMdTLB4u1X7DFcapcCKO7bczRqpm3x8KCMBkUEBQOnTHSvEND8ZzW6tKpYXM7ool3Z8xMgiNkHDLjHOMfewQ3T2LRdV0LVc2/iOKCISq7Wc1uSgM2OFfbgYxkEEjOWHYY8Kth5ptSjzapSt0i5RvdO19HZW0Vk3pc8+rX9mpuUZSUUpcsU7L4b3Ts7dtdW13Gi9uNYDzWcqXFxExuJ2OFMccZABKnl5GGDz82epBGB5z8QfEAa1Zp4Qs7r9mwyguY1BLNgfKuTjaffGRXq/iq00a08NuNAkk0+6t48b0aNjqLOysVSUMZNqEHJ6jgHnmvlnxJJetG76hJKJXKKY353DH3gc5Huec8ntWWBw1KeIUrJKE4rRq7jpf1s2k2lbZLuPB4lV05LmVnezeq13Sbuuid38L0djjvORY5DCTvcsy5J4AwDkcd8HjnHJwScVLcySo4LMHDb2k5ByuRtPPXGRzwB1OMVctbLfFtLBt+VDBjuJb0OcYzwDkE9PardvbiORhKoaNCVbawJZs4yeQSM9QRwQMjnNfWc0I3imlyqzjJ6NaOKu7JR6K1no7nowlJ2b5X3s+nu6xV2u1raarXtNBADB5jzAybjlvvYTOAh5znbnnbkYGecZpW1vEYyrFyGkO5gQrINw+7npwBz2x1GCDpPiOcYBEe1dpCE5YcAsCpUY5zyfz5PW+HvD1rq6yS3DLDbQsckHG6U/dIBAyGbgY5zn0zXBVxEKUJTk1ZJt63fdRSvrf0tdLTRMuVa0bJJbaO9krr3ba7pO3VXdtuZw+H9PYDz4cPAjMCSRuY8ZwpIwwI+vGcAgmuya/+wMJFcRIFVAJPmO1zg4+pxnHUkZGah1extNAtLae3imjilTAUyAmSRvvORnJGTjBwfRemfP7LUp3vknuI2miUZMBy4Yq2Qu7BQcLgjgdhwefDlB4xTrXvTWqi009o6dHfu+z100WNrq7dtna7Vr26pLWze7tv0Z3Ta5bG53SbowBlAxyWZcDpzlCSdoGQSSMgjNalobjVpWhtpYRlfPkdxjCbc9PlG7jOD8vUjPStSGw8M+Io4GWzFndmMhJwyosbAAgNHnLYP3TgZHXOd1V18GTia4j0rUjJeSwP8rOF8lVLFk+UgFCDxyw5+YDjPD7bDOKg1KlUjJJtrSys78y0S8nbrfqJNJ6O12rWVnfR73b69l20OYindrtoAkdz5cmyRYwxeWQsVzhOcds9T3JzkfQ3g/TNPs44Lhbd7bU0AcvIAsMUTYJWNJMZJBxk5+bgnJJrwnwpp2o2mu7ri1WL7NmNpWV2BmB+R8gbWzgEYJzzg8HPtVzqlu6nc9xcXqqEeSNSiRnHIK/cK4G3Oc85+XrXkZvNzUKNOo5U5QTlODV3Jtct0tLX3S3vr0JrV23CMVfa9nb+VXVve6LmSVlZ9Gzq9a1zTPtpcFmZEETzqqBRMflbd0BAxkjI9hzXNXca393bARxNCoBTCh5ZzxjgjaSxxgt0zkcHFcVqmqWEkRjmkYTtI7JGMpkp94SLnbjK43HBHQ85FanhrX4LZ0u508q4hdDbNJIpj8vO0EAE53beTt6n8B51DDVYQ5oXlLmVknq3eLei6XSTtqlbYVV1I024NarmjulpZvRJJq/e3a+tj3jwT4HsvD+px+JNVulure2uLS+uNHhgWeSa0ZwpDxEMPkH3w6hcZGBkioficvgnU/FN22m6dpdgdQvI7lLWzwhW3MatslACpFcMd24DKg5B6Gue0n4tWdnFqiJaRyXNxayWpljZgZC5Yq4cgbUjY5O3BI5GP4vBdOv7mbUtVvbq3mdpJHWGd5GCIzOwQkt0wMHjACjhScA+rhKFecKs5ycav2ZTSgkna8V1tF6tvVu/mfCrLc5r5xPM6uKq0I06TpUqVOrKNOcd25Ra5bq/VXfyufq94X/AOCZPxd+IXwVsfiVpOm6akniCQXPh/w5Yia/1q70gOFN9MIFeG3IBPyz7SVywPevjH4u/Dyf4D6k/gbW9K1KXxDZtE12mpafPaTWzvGCQFkRVMSH7jAkELkEV9SfsofthfH/AODml65a+Hvidc6VZXOmDTLa11Cb7dBBCv3Dp0dwzpAUAGfL2/MO4Oav/E/41TfFTTb7UPiXe6X4r8QSSfam8RS28Q1a7lWHy0gZwoPkRgAeWG2nuCpzXh4nMXRhGFeeIxWKjUUZQpRhHDqk5RtJ297nS3TTXxa63ODBYniijmtdY10sTlkr+yqKaWIi+aNoSg48kkrN3vfXTZn5VtJFPqEl3dOZE8xi8LKQqseix44OCADjOAByp6Z+p3ULTQw206hlDdBgIWOGAHB3DBzn0J6c17bqWjaRefaWt7MQXkk5aFDgQgOyjCox6c9AP904J2+e/wDCAStfPNMUiihkbzdpLTHd1KKcnbg8+nI5xmvRw2MoVI884ypxSjeEm1FfC5LXXRb7JJfd9xRkq0PdupWje7fWUXLrbROzW1kt07mLoejjW3Lz3Ygt7Z44pDLsKvvJDEKxBYDvjJAO7qa9r0z4L+GL/WLC0XxTFr90Y4ZDZ2ziC3gNyyqommyCn2dmDSbSTlTj5ea8c17SrtDb2+nwXfl275cxI8RlXI2uCoGQ2Bk84JJzmtzQI7jTbqyuYri7tbpLmG4nBL7QqMrhZGU/cOACGAzjlR1rkzWFavQqSwmYqguVyhTik23yxspPluk9nb1v3+f4jyjMcdga1PAY94OsqdT2cowjOMm4LkUnJPRO12rO17vt7j8Qf2ffE3h3xDYvYNYav4d0iGAtq1lF5tqJnRZpbKZmJklljVCoxkkjHU13N5+yf8Q/iL4O0zx74R0SC4sxLdSPDo0apKbS1Cm4d1m2l7knn7PGWZ92FDd+e8RfFLxh4ptLOytr4wQWksb21hp9u6QXcyLs8+6WNPnYgkEuSD83XPHtPwn/AGkfir8IL3SLC3u7LVdNLPeyeGLl9sX2yVcrLGpAMLAkMQo+bGCf735xiMbm9GGHcsRh/rFG8HGNRutKCf24NOLvN3bco+7ZpJ7fzNxrS4+yTLcHUy6tl2JzrB1Y+1oVqsqVLG4dyUZxc22qdR35+e2ln7rukeZ+CPgP8QJ9DubXxE91p/g7U9USNtNlRY9TiuollSBpoJMNbR+cFB8wIOcjcBivDfiX4G8T/DPUZtG1XT5LYyYePcI3U24LFGleNmRGdSpU5Bbcfw/X74NX+s/Ef4efF7xt8VrnT9O0/wAVa3bafoFvYJANUXWbiYfZ44G+VoLeJlVPkK5zk8jFfOfxrsLj4ceFvGPhjxlY6Z4jvfEptF0Vpovt2t6ZHAmA5uwsjRQbXRywdUAUggcYzyfP8XLF8mJr4Wrz1VTWHpvlnKXNDWKTlG8LtTcp3lu4vY/H+EfG/PaPiW+GcbSwVabrYaljsHQqSnPDuso81SnWa5Z8mnMnFJp7ao/KGaaeKRZSZRn97HhyyltwAA+bGAMt26Yrof7TntLW3k82aJ2y7AORGzY+UuuduCRyPyzk1VbTr0amtimXkS4W3iBjJjLSHKAMAUaJAQGJwAepyTW3458B+JfCMlra6wkM0d7ZW99bSWkqSwQpOCyxuYyT5nZlLEg8YGSK/YKOIwkoUoOdOMppOEPdbduVPqnZNNXSd2tr2P7/AMBnOCjUw9KOJpxrV4rkhzx5mkoydkmm0ndPe3XRpHK3moX8kTPJcExyhmAUjau4clgOoYYx9SO+TyU1wI03SP5yuhKsDnYNxO1jwRz2OMdOSRnetb6WxnU3VnHPDbna0Up4kDAjY2AMccgHJBPUEMK57xFfW2oXqzWmnx6fCyBJLWORjmQEl3AYdSD1BGQcjBIFe1g7KajGF1yp86baknbR7N33SXR6K2p9PzRtGpOd9Vazk97LRtars77vvu7TZVgk+1BwVkYBcEMcFskEnopOR1/DpXu/gieTUb20tNSe4urC4f7LJb2UAmeONuFkk2hgsaKV3Pg4BBwRgV84R3ccLPBKY1G4LGP4Q2eAxB5A5GBznOexH1j8JH0iHS4J7GdrfXL6Wa1vru4mxbWlq8YCyrGMkMD0O3L5HXArxeLpqll9WoqU+aScIzpuypyaXvfC9NOydmrdj4vi3Hzw2X150YydRxlGLi9FK0Ve2qtzbttPlba3P0Y+Cfws+CV18PtZ1TWtXvGvtH8oWrPPBay6TeeYzLJBYs6m9QLgklCy4wNrVzfjvRNEv9Y07w18Nb3V/EM15NHJqCiJrO31dSiFxFMvlqxUfK6AnleOxHzbMi3Vtp8en2+q3l1pU5OvS2Utwft0CNlboKh2xRbBnzB8gHOSCa9v+G3i3WJ9Qsbq/sbyz8BeGp3u7nUIIZBeqhj+W0hv412NPIwKBWk3gnI5GK/l+tw3inm9XMsRm+LxNKt78cPWlTdKlNxgqb9k1zNVG1yq0Lp3Scmz/OLxexeKxGHx06l6sqdWdZ05wlzSi5R5oR00i7aS0TTvrq3lWfh3xtdazqUGr+GGu/C/h23mhWNASNMuEAy8jp82+N1zmRsM3TknP7LfAn4q/DTx14B8MaHqk+q674ostAi0SzaK2/sSLTrUMYJrV9RZYhKWTMYcuGOeDjFfIH7MGiR+L/EXiLXvBMrajaXj3Osa5pvii7aSyeGOR1stNuLaXMcs0hVTICOcgHjr6v428b6ZoXg/xHouvDSvCHiq68wQ6Lo9jbRQWdsJW2XcdxGEe3WNMOqqQCQMdsfouR5TiIU6eMqVKCpU5U5Jt1I+0SioShdNxUk7tppO8VJJan8seHXj9lHDHHFDh7EZA8VUlio4erQp4SFVL94v3kakYuzhGUW1JK7kpPXUd49/Zc+AmtxeITpvjrRPCNlZ3k1/cxRXiajrFnc7i06tPK5MwMm4uASM525ypP42/Ez42+KPg1441XwhpGoWGt+F9NYmw1X7NGz6taM5KTFMHEu3Cktgk8A466Hiv4iaz4W8T3ekeCtQk8STJNJc6xLezPPb6jazL5jtvkYkbCSMLnpxxXxd8avE7+KfGV1qUkS2U0dlAhtIsiAMoG9UUhRwRjgYKn+8TX9b8A8V16uHpUqFWUVSox5bOSbUVGKa5m7q2+zb30sf7YcKY7C5tkuBxNKDjCrh6NSNKd704zpwkoK6SVk0pJdT7S0b9tS6eG1mlj06Fo2Uus1jECI2GCGxxkZHByODnpivW9M/a/8ADk7JHda/YWiTlWkEVtEqqWA3K2RlBnhclduOcngfjal1Iz+XIv8ArFARVOMZ4JYYUEDjgg+mMZ25dzG8Uspd13MoCgORycAADIGDwQT0HJ9K/W6PF+PoxTahW13qR2a5bfl59Vpc9ypgaVRpJyhttJeS2abV/W3TS5+68H7TnwtkUk+NIVuJMJ5Z8vapOCSo2hSCSDwVyDgHJzVe6+P3he9aSx0jxhZ3cqxgpEFQgyPgJuKnop4OCCo64zx+BE00kYfIl378KUc+hxjLYxgkep4GetfQf7POmz3mo+I7mZzdJZ2fmQo7t+7dR5gbJOcdMA+uPmzXbDjmtJrnwNBONvh05r733d3ptppb0iOWwgl7OpJu/NZ6vVdd9G1d2XK7dT9HJfDdnrVzdand3kFzNeXDzTSxSEYkBOVUA4IUHkdOMg+k8fgzSFfm5AkOOFnkUBSeDjOCRwOp4JwfX5S8M/G/R9ItrjTLhrwTw6hOJWEYkQkPjahO7oAMqAvTnKjaOrn+Pfh+Ng8VvdzBnVDIsQB4ABwpxnB7ev8AEcnH3WG4sy2dGlKdFQqOEHO2tnpe2t7aLTRq+m55kssrc8pPVppq1mrPltd30v203bT7fSH/AAi1hEmItUeDnABIl69eH5JGcDBJ5PIycxJ4V+Vo11WNlO4kvbQEgn1bBPoB3/Hk/NN1+0boKTeXBpt/Oixqd/kjaHYdvXjAx2w3NPH7R2m+Uh/sy+Du+GJiUAjhRg4GT65yM9OTzvHirLaXM4wXT3eVrmXuq7W73T07JWsaPCYjZPa283b7KVmvm9tPxPpRfCcanb9vt+csT9ngG4gcDIOcjgc9umOgqyeErUKQZ7WRQRlWhQFiWOc4w2PUAE4znAHPzYv7RUn2h0h0SZ1UFkEoVACASOTySWyT26sPu1lv+0frRUiDw2nmbmIDq5JUAbW4XA5BHcjjvgVNTi7AaWjJOTvpHreN9ku9lzfjZmH1TFWfvbWV3JpPSO1rX6vlu/VJI+mbrwlp8cZP2LTpXwAu0gdDk/L94g9OhA5xgA1A3hPQrmMvcabphHCjg/Ltz/dHJwSCSOpOTnk/L0fx/wDFk8jFdDtYJEDELKsm3BzheUA5HoTnuB1pG+MPj2a3Esem2MDPKWQKhdjk5ZguD/eB5xhckkjrx1eL8FJRX1WU+V2SlBO6aim27J31Ss91po7t6wwdZK7nHWN2nJbWjq3pZX0ejTvstj6ch8E+HWikVdI0phu5HTgZPQ547gcgjHy54qSPwf4dCupsdKVAAGiHyndnADZyT2PU87ep5r5ch+KPxKkuGDW1vEjrliIcqM4wT8oIYHGeuCOORgNfxh8TLrfGt5bwCVSdxgVW5BO4MU3K3PAyMD0JGeWvxPg6tJweXykmkkuRK+kU+itutm0vPYX1aonzOrHSy0m0lto1azT+5MT4neEFtri6m0jw7DDDG0r3UsSbklCjmRCwDHHPGfl7AGvjzWYZPPltIyGkyX2kEBQM5wCQckEBjnJ6ZwRX0elv8TtZ1SKyfV9Vv4rh2jaG1tbm5jYsQGj/AHasoBGAFP15zzw/iPw+mlazcpr1jd6bdRuIVNxaNCZDjlhGyhmGPmyFHXjJzX4hxJPCwxzr4bD+yU9ZwaiuVuz05bxWmjvfXz293D+7QUZpScWmnFpK3u296Ol3v71m+j1sfOSWV2t0lvBC87SScgBmIblScYLAg89PmHHIPPqml+HL3QLA67q8MIhmZo7aF2IdmZQFZl5AbOey5IJPQEdLpIs7B5b+ytY4zaGR2vbhFMczDkBF554AB4HAyTzjzjxN44u9TMyznzFSRgkKgeWiBjl0XOA7Z5OcAfLxjFfLVMVVxs1SpxUKcWvaN2besVZa+rb6amsKqtF2e2/l7t1a/M3d+a16pm0mvtfwtDJIkKIzBArcDaxK7s87gOB27HANfTn7K/xy1P4FfGDwj8ULAfaJPCepw30lmZWiOoWykCe3Z48EB4wVJJPJ6Ag18MSySRRJIGQRyFXjCnB3kkgMy8jAHOcgkdMc11Gj6rOoAnlIVGCgIxV8EfxNnBxkkZJ+gOM+DxFw9RzTLsTgsTRVWhiaEqFaPSUJRUZxfXve+99Nbs9DCYutg69OvSk4ygk4pbSVkmml2Xa97pa6n6Q/ty/tWt+198aNR+L0mlN4XjvbOz0+30ZZXmWC3tI0i3hnDYMrKzFjnJLZILZr508LeM7jSbTUf7LnvIpJ/LimhWdlt5VjK7t0OQkmcDhg2DgDA5ryD7WLqCOBZkJdMEt2yxYAucZ/M5NLZCS1uIopJypMmIlQ4Xk4BZjgH5sHAHQ+wNfGYbhnBZfk1HKaVBLCYSCVGjKKkouDUk/fTu1J3763ve50QzzFzx0a/tXSk/Z0/cvHljFRirNbWjZJJqydnfc/RD9mL4c/Fn4ueNm0jwHpvjEQXXhbxHfa3feFZJbbyNOtbG4uJBqUkTKgsWZWR1c4w2AAxAL/ANk79mnx38c/jz4Z+HOiyabo+tT63qGltql5O6SabbQSSpLevIjb3aPawb5vvEgjnj7l/wCCdn7VvwD/AGWfg58QtSOseJr/AOPvi3QtX8Kx6BNbxy+HrnSdQs50hMExLNbtHLJ5rsuwsQwORxXpH/BHfxJ8N7/9r24m8Yac8erXVjr11Y3Elz5VvBql5dSXErGQtny0ViRjkYXJOOfx/Oc+xuXU88qU8K8FSi6OHeJlTVGMaSmoOu6ri78nO21a0FBO75nb9ChSlPCYjFRnGvLD4RVsKnKMp4jFRpyqTpumoybpxnycl2uaTmnaybwdQ/Yu+NX7Ofxy+Nfwz8J61oniLxV4f+Eer+Itf8QzLNcWd/ol/byTL5cd4ojS4hjYhSnzh1BABUY/BLxxJqs18y6xOl3eWyFZJxl3eQMyuhJBwiOTsyMbQpHGTX9wH7Qfwa0q3+Lfx2+IFt8SbrUB4n+DGsLA8E3m2mn21jZzxtppulZhKC+AA5OAOnVT/FH8VLRYPEUyRSrLHJES8iZCu4mcEk5POMHqQecbuCfqPo38S/27nmfr28MXLAvCYedaC5nKaU4y5qiSU7JLWPuysrWVj5ni6nVnlWArVY2nVw+GqT5YOmvaVacZ1F7OWsHGbas0rXWl3c8atUWPUbOQMP8Aj9gcgAYUiZOcHnjocYO7PPQ1+vf7NTog8XyKxAlbQjuOeGKAkA84+b72evbuR+RcVsVvYCP+fyA5yegkQdu57ZAGQAcnFfqZ8Crg23h7xVchyhN9oEClmC4yoG0E9ScjPWv1H6Q1CeK4RqwVnzcsbJO8ryj1Wmtl13e60Z7Xg/OMc20fvXi77PR2ervZrm1d3fY/erwZeWS+HNLE53INNt1VicoWCLnIA5yQfm6lScMeAfO/jL8WvA+m/Hb9nvUbuPR7NfBGl6pJqct+/lII7gKI9yEbfn5wzAYYjk9meCNSW48O+HnSKaVF02FX2jaAyqu92wcMoOec9QQDkmrGnfD/AOHXxO+NFjB4q0Ox1NbTwvcyot6GAndigQSKRwFOSB0655zX+RHhvnsOAfEbM+JK+HrVqWDhmGkIpOUpVOWCTno7PfVW69D9/wDHnwcwni/4X5rwhUx/9nPNsPSp1MZTjz1aNNq85Qve8tbK+l3r0PoWX9qP4UyaXaRXPiSwtBcak1yrLDbTQxQyuG4ERZ2BAyrYI2gfSvPdS8W/D3xmfFV/o7R614d1HVIHvbm1tzBNcyxDg8qpMakHbsOT/EeOezt/gp8Mo9Xv9CXwZ4cEWl2ULQFbdcjzlJARyvO0Y9ScnBPWuC8XeEfDvg7xb4X0TQtP/srS7+xuZbixhmK20skGCG2khS24gjIzj5s85r9E8SfHKfibl0cneEqUVh6kcTQkvZwsqKW/s7apO293q9T+Xfop/Qd4a+jjxpieKsDxXmmc5jj8oeBdHFUaVKlHDOdOrzJQScpRcLpNt91o2eYy6N8M4tSu7uC31mKTy9saFn8pR/CBtU4K8EEgD5uDw1fCvxk1nwha/td/DKPVbPWtV8P/APCMGG5tY4pp5WeVcIscbBioJBUFQ2eM5xmv0juorGC4ud1sVEkUg3bwUVcEDIPA6jB9+e9fln8W/ihpHhz9u74c22oBYrex8L2CFj5Twb5A/lFjIQgJ4yDnnHGavwZwuYY7MM4jToVcVUhw/mNRRi3Kf8FKKUldxd2raXtpuf3JxdUwmGeBqVqzgniaS5pv7futK97K9rq+6V12P0O8I6l8G1k1m68K+Ddb0zVLTRdUkiuryG4jWOZLSXBIkULnLA49MdetfyZ33iOaXx946E05Il8W62w/eMp+fULonCnOdo6jIznjABr+rO7+IVrqNlr626pG91o2ry7ofKUvG1rMFbCn5QQPmIwDk92r+QmW4EfxB8VLcMpjn8T620bE5Yj7fcEnjupOGwScd85r+yPoh4TEzqcaRx2HrUZL6uoxrzlUk1esneUknpbRbJPbRI/n7x4xMYU8gq0KkpKU5q/M5KyVNK2qsnfv132t/Vx+wh8bvHXgv9lHwHpvh7xTbaZpQ1K+LQXM6qwd2+bAZwfLPfC9cZ+7xwv7QfxW8b+OPi94Jh1bxVFqNw0+mJb3NmwmW1BucbQI9wAxjlskcnIJ4+Mv2Zfh78QPG/wT8N3Xh/xPbaVoqT6hbx2kgZ28+MM/mhQN3IIxgDPIHKjNl/ht8XtA+Jem2Gka1pevazF9jvUnunaCFPKuFdY90hXAzywTA5IGcgn8V4h4Wyel4p8WVqmeUY4mWNzGrHL5c7hTVZrlbveC5VN6p6tvofYcN/VXwrgMXRwFOOInhKSniYQj7SpzUoKX727eurltfZu58Rf8FI/EGpJ+0n4qs2vc+Ro+mFzLhXuZI4owZGVsD0YsMkE8dStfnJc+I7kzQSSy4WSWNfLUsYx86jOB8qn/AGeRjjvkfXX/AAUguPFdt+014pi8WrbnXV0bS1lezP8Ao7q1rCxEa4UhVLkZAHINfBMN2SLYkFpGniDKWDDiRe3JBx07cD6t/pr4RZdHBcBcM06cotxyzCXnG6Un7OLTSts7vqr7q2p/J3HeLjXz7HKSlHlrSSi90k1o1fRK2yf3rR/dP7aGoyzp8G03ny/+Fd6byGLHBC/KO4AwM4wTjPXFfCwDNIo3ncGVgfnGARkgDADdcbueh47L9s/taRWs0PwjlmMsfl+AtOVRgtyEVtq4ycHPXBPOCO9fI9pZ6SzhmklDMMfvCFZWIG0c4OBnPAyMgZDAmv1OHuvllbmsuq2stk7d15Nelj4KtCVSV4ySScbK6va8erVrO/Lvd9L2sfZeiSiL9jDVW+4//CaIuQMYG0ZJ7n2AJHHFfGdzJKMys7kSZAVWG0oAQQFyMZHbjqR0NfX6okX7HWpJGJvJTxomc4K48sE5JIDEjkEjA5APAI+L5Z5iqJzjLFTs6KV55GOo9Tj8BxvOrBKNveTs76J+64vVX9Ffb12Io0WlzVGnpurtNNvR2adk7O+nzR9bfsYTq/xjSNVYH/hF9awS2fmNpMSc/wDAcAYx37qT4H4siibxD4gjklYeXrOpyA9Bn7TIeOufvf8As3tXvv7E0OfjLuMmUXwtrONowA32Sc7RkgAknnjGT6Zrwbx5BKniHXjHtkLa3qQk5Xeo+0P8pYZJwF4H8JAPHbWMuaKj7y95aO17tLVW021unt2OdJqtK1vhjpa61ttvfRaX12+XJ2M0a6lYKshZVv7EqWH3ibmNjk4J5PYkDpgdq+2f20ZHl8beCZh0b4d+GxwxAGLKLdnI2gcAZ4yc7ecmvhm12nULNIlUn7bZPkkhlJnixknJPJxnJyOTX29+2Lbzt4i+HtwFbEnw+8PocNz8lpFkrkn5eCQR36DtXRFP2VS17e7dtvV6O3W+nVv13Mq3NJxV97WV7dY2S+b7WavtZ2+MtYnJt9pcgs+D0UADI5IBG7DZON2O/evr29nC/scWsSy5EfjCFhg8tw3Izxkn3OCe+AK+QNbt1WxRtjsTICBnDMwPzNzz05BUAdQK+p7uSP8A4ZDihQhdvilMEgHByTggDd346nPbk1NJN3adrJ3XVqysraNddelkYTpyjOKbTva76fq972dr762Pliea48skplDECuWHXaADuzkYB4HIPA5FfUH7KkqPo3xsjXYH/wCEIunkOS20+WMgZBBB4znkY4OBmvmyHVNJttAuYpm36rcARorxgxooUBWViMqMKfRSSSM17x+y9eRRaP8AGPYQrP4NmjaQjIkHlHewBGT6kEep4xz14azqRU1Zcrel7N2Tumnqu9nbdCrSnGMXu3Z9Fvy3a8mrPW9lf0PlVpYvMLLxiaVCX5HEr4GM49ievHI6rX74/sCQiT/gnj+1qu5keXStYdUJA3rGqncGckYAxwCRzx7/AIH2X2C6uXEjMoV7j5dyqpYSNghdwJYluhx0z71+5f7EOr/Y/wBhf9pKwtpwkKaFrr3QlKszGQIEHDFs/L0IGD15FY14qcUrNtSi476WknfS+3Zf8Pkpyi0292ut97J6eS6Nau7te7Pw98UXU62thZbyBl7iRQx5G9gBgHoORnAHPpgVU/sjURpZvfIXyHk2qfMzIQcAjAySNpOTng9cgHEV5OmqX8BDjbFDKhX7p+SR884G7p8qkg49iTXQRx6jDorRSEhGmWZG3o2xSw7kkgZGSoz7DnjvpTjGSu9eRO2r3UU+mqvfyv1SMudNqaWjSWuiV7K6SXo76a3v0b6f4RW8tv4rt8AxPHp19LkbstujIAPcEdSCMhenSotR0xbfWJ7+4kWRv3rsBks3mTPgHJG0gkZxg8YODmtn4auyeJ7m6ku4d0eiXbD5lG4pGM9CNpbJ7ZyPpjtvFHjXwjceFn02y0FLbUp4Y4ZtWKs0hnEp3SIc5IPA+XAwR/ECK19nCScpScYpK3na27tu7aJJO3m9ODGV2q1OKhKS91vVLlXupScmrbu9r31WzPOfhX4Ft/iL8TNJ8GzyLpa6zetAL6U/u7cSAZkIXlmGFK9VyxBIBwPX/j/8B9W+Cmo3OixXUWuC8aApd2cgcwgsEWOVQSQ7Ahynowxz8w8j0DUh4e1mx1rSZnW7t4wovI32ywTkqPMTBJyDkbQdwzyRzVzxf8VNe8Q6hLdXup3V7It1BLLJczNJ5jxbVVsMSoJxx6nnJOAPKrUcWsZSq06yjh0rSjypybdm5J9WlfW1kvNnt0cTl0MurU6tByxkqilCsrXpxcU+VrSMnq3ZLZ+TPO9M8MX8+jeJoorKZ7yI2m+AxsJId85AdsjADDaACRnceSTms3wd4T1u78WWNgtk8V4twJ/JnPlYggG9pPn2nGF6YAIHy5yBXrmlfEGUReKoru1gls9ejsFuobUBbsG0lV8RzKNyEsPmIPTgDGSMPU/FmoL4om1rSoRZLcWK2yecrSTwRLCImYSYDLIVTJIIBOCRniumu5R91K8eRrmv10tLTV7X101s/hscdCNLlhVlL4J6WSu1de9Za6pJ3u1rax7ppEM39i62Lq08uSLU4xKEBRSsfClRhQwYDk4Gc5w1ftF+yJLZ2f7G/wC0pqGpvHZ2D6MiR72RFknFsWRGZ2ABcgAqTk5yOBmvxZ8CX95q3hPV7u6D3Zju7ZFk5XewO1QynvxlmYA9evU/qD4Ctb27/YG+PypcS2aCSxnaKMuN6xbCyFgwzkBs7iTjGcAV9Bk1GeLwdSg3JVKNCpWpSg3dypJO11bRJbeuux83nOK9nilNQ541sVRppNJbyjZu91q+++7vex+SHimN5vhDqN5Kv79fG8jKuAJPsjxt5OxTzsCjAYDAyADXguk2rhZ4ZOC7KwEgK/JIdy7QRyM84PTPy44rrtT8UatcaHJo9w4eCR4rmBRtcp5AVQWOMfdGD1OeSB1q/dStf6DBfi0jN2kMKzzRIqhUjO1MhcEMwX5mVSSTz8vT5yanSk4yk5KdS7lrzK7Wmul3ayuml3vv7tFU6zU4R5JQhta21k7rva7ta2vyX0J4X8rWfhbouZUE3h7VprJsn5jHKpdRnkhScjjGD029a0TY/ZTCzgkypHwp4++AN2SNxIwScE84HHNY/wADLT/hINJ8U+HrSB72/wDJtdQt7JSC80pcLtjUY3yMTglc4BPAwcfRvxH+CnxN+HWk+HdX8eeBdX8Mad4jt4JNBub6FoVvYnXzC0eRuPTIwAeo6gilhcVh6Up4edSNOs6rlTg2uZqUVJpJ6taa227aO3diIuapSUk+aCi7u7bXKmmrPVJatW++x4ylpIcP9xBeIxUDIY89cc5GTjjj2xx1ksZKwZYhI0lJ+X5WwORxyQeuOOcHtlshQ6Wzb22gXijBXJAB5AycjPUZPbac4xW88T3KwoqsrBJQMcA5HHQPw2CepzjBAOMd8pw0u3dyTate791tJ3sk76OzVtmmTGjN2UV7vfVuzabV9Fu9btt6bjZCrJbKAVaS3zlQF5BBO4DA6Dgd+OGIBqqUUusrbGMyFUJyADGCu7oeqjjjnoMdK0RasGsxJIq4gxuyGIAU8ZI5JweoyAfl5JNbmn6db/ZYpfLErRRTSsJPlUDJAbocgcAgZyx46iuieOo06aUIc7cVstPsp+69brVXW2rutzzv7Pr1KynJqMbp2d+jjrb71trrbyz7G3X+z0Cqd+wl0IHCg4649OTkjbnrjJqvbac9zqKxoS7yyJgEALg5wCykZ46dT06jmuztJLX7FKIbcF1s3MhYDBGcAgsPlUHg4GMcnBNc7pmpyRagWQIriRExgFFPKnLZPGFwd2D0znjPnPH1Z3jFNRjH3bczWqjbRJLTfd+l2elHCU6Ti3717WbTd9la13o0m09LW2aL9/o32GHBiw2XQEnAJzgEE5H68ZHWsF4GM7QHaqiBTuz0HJGcAnGO/f8ALHWaxeuLcS3FyoczOrLvUqI3GDsB657jHOMDjr5le6/C9zMI5CfKURgDGSwJwSTgn8jnGPUVzKdao7TlJpdHKzd7JJ35VrutL30budahTi200ttVdO+ltNGnp3Wzvo7nXx2kcaTFpVZBaSgBidq7VDDBYDHOCfx54JrwD9oa5Mtt8O9saKsdneqCBwxX1A5IGAT0zg7scEepRaw12t0rAoUt5SCTxyuM9icjqOcZ4BPXyH40q0tj4Ckc7vLt7sAZxnP3cLnHI6jHXA3GuLHxcMJNyau5JrZ220vq1q1Zabedz0Mtt9bhbZXu0r3b5ftbd+7el30PFoISRvY5ztZQACOM5Vs8DJ44OBjkHq072ysDuRlDHaxyuCvJyR1J5+Xr93I6ZqNJCMrtCDIO4L8wA659Rk44Ocg9BkG28qmBQ2cbQAcBcHPtk9wcbiR9Rx807q6V7N67d1ve1lstt721Z9dG1mtnu/Syvrqmn92t7GLJGtv5vzYIHC8NuHsTnB9ee4wARg+jfCfxMnhnxLHfShnjZVhCITnYxG4HsoJJB6FeM9cDziZo0FyTuyykkjkDqc4JO0E9B1znjrX0L+yH8HJfjz8ZvDfw4TUV0ldd1K1trjUzGGMFs8qq/lIesgU4AA4OCcAGpk4qnOU9IxjJ6fFZNJvv8L/R2bueZmWJp4Sm6k24wgnOTV3ZQtKSa3d/TVfI9L1nxjqPjHXY7qa38vSbKPba27sFgPATzCrY3AY/hHfHAAz614F8E+PPGmq6RoHhjSZxNr11Z2Nrdi28u0tVuZBCt1dXMgWKK3Rmzv3AAAAHI4/on8K/8EVPgbF4ditbfXta8SeK5dLvIje3BNta6dPbQvJHK1vG2xgXGckZA991fLv7Gvw/0mX4kfGPwL40mgvIPBXhXxFo+k6dYuLW4XUtDlumtrxGXa7SI0STAZAxjDZNfifHvEWT4HB4jGUqMcVi8PyQcakJOnB1JxpqfLL4lTlJXV437p2PqeCeOeIsS45PgMZi8JlzlKpJQn7OM48qm0mpXtKKs72et9Uj6z/Zg/4Ir/DXSotO8W/tHeN5PG80dhBqcmg6NcrDoweQLMImuom8y4kjLbXCFl3Lg4yMfsn8O/hF8H/g/wCFPsHwK+E2h2RaTy2u00uBJ2IwokmvpIfPkI4ZiG4YHHzDj86v+CWPxK8Q+Pfh1d6P481u61mLwx4z1rw1pcV46yXK2iahPLCLh3ZmcCPbGoLMVUdsha/cZLG2hsjbae4t7VZVzCgRVA6lV2jqTyDuOOPev5C4gzfN8bnWYZdmeOeIpYKrOmqcpcmGi3TjKHsqEeWnGMYy0bTd3rJvV/XZzj8RQjSq1JVZzqqM4+8+tknKSd5t9E2+vz/KT/got8C/EvxY/Zp8ew6nrAtdR0nwzJrn9n6WGSCUWW65MNwQQj+VHGSAwwGweAAB+Fn7BXgC78QfsWftfRLHKNtm+JDym+0tZHdjjO07UJJBxwCe2f62fj9pFvrXwe+I+k2wiFzd+BvEVu7AK+AbC4YByVJy2MjjcM89DX88P/BOHSbDRP2Uv20PD8kgCW9v4haYyqrZcabdqyqcEqqkEDgZwOT3+h4RzipTyjH5WmnHD53klelUi01FTr048qt0vSTbvs772Z0ZfUnjMLLFzg1OlGpS5UpLmjOEFptok227vr0ev87WlaBNcLpMVxKYLeKV1WUMSHA3DAGcYHAwD1x1r9Zf+CbPi7wh8PfH0x8Qa9p+j2bBg15qNzHbt5pmBRAJHUfOygHB5744r8xfHnjXRvDPhbw1Z2sCC7jvJ5Be7Y9jfvnVlkONz5JwoBJyAME4A+VdR8earP4pllW5v/s80scshjmeFchuCFUgLtzwACMdQa/ozi7h2pxjkGOyn27wqxmGdH26j7Rp+5aSjopWatr0Te2h83SzqlkWMpV3TVecZLmgny2jKMb2aV7J23Wm5/eT8cf28fhd8MPB961n4r0fXtSXSEe0s9MvEkmnmMYUIJI3IU5++AdwO75s4r8APir+3n8a/HN1fXfhnxLc6NZ3V1JMttaXRj+yW2SoBdWDbip+dvbnLZFfmt8Ib+6+JfivQPAraw0T+KNXtdMh1nVryV7TS3umWPzbgszBI0LrknB6HAIO76R/as/Z61f9kbxLYeBNS8V2XinUNQ0uHXYtU0WNpdNurCZFkMQmK7S6H5WAYZz3zX8r4PwsyPhrOaeSZlio5nnOJpyxGFWKotx+r0ZQcnh42dJSg3eV252V9kfQ18/zLF5bicZldBYbCJKOJnTlGVTmbjopWTd1PaK2u27o8x8S+IL7xJ4iGrazrl9d6zfRu11qE940skzFSzAO7ltp5yQNx4XjAzxK6xqOh3N40Mwlt7hWjDEmd5Bg7nOQSp/vdMnB5r5+8ReO7y4vvMs4XjnVkBKrkiPBOABwASvJGORjA4rpfDniiW8hMl7K26cMgiAXejcHdksMDqCuQM9RnAH7rl+Q4zLcPTlQcFTUElGCVJcqUWrKL87/AA63utEflFbHV69WbqynzucpObctU7Oz5ldyb3XLda20selN4i1e4tmkgtraW2zIv76NA3mYOX5AZxuO4tyeeeOK429ukltpHurePfGxd5Y41O7PIQKVO4rxnglT6AVD/bsoWaNXCwRk7WaPlZADypUYOBu44yeTkc1wV34kvkRvMcfZt7kJ5JzIfm5wBjAPJIyTzg4Iz9dkOExs66cvchKSnJRm0mtL2i3r1b07Na6vysZibRalzytZJ2Vkm4paXXuqztpe9ldbnv37LX7P2iftW/Hbwz8JNa8fWPw90nXfOlufEOqSxW0UUVny9vbmVkiN/LjFuspCu4GAckVwv7eP7M2k/sg/HjUvh34T+IEPxE0mHToL+18QWkqrMIpiV+x3qRMUhukKncEABBBO1W48I0zWb/TNag1m01ibTpY5hcQTWsjW89rMG+SRHj2yBlzgYIHTcPlrqvF2jeJPiVe6jrEl5qPi7UraKK81G9Pm3dx9lVAN88nzkLEoG8sQMYxjAB/csB7ChgqfPyqzXPOVnfSKj7zendJ6326nzjhOtOUIU3KfutcsVdqLi+ZWk3s7NW8rbnhVr478STwi3fUrqO2jZzFELqVYojwMiIHZ83RmOSeM7v4uTudYvALhEuQ0rSb5ARuxknOTnJGTkA9CT1JO36K8F/s1/FD4hQXEvg7whqOs2tnZXeoX76fbyyx21pbhnmaWdVMSSKoJ8skMAD8pxz9p/sHf8E2L79qm7+IupeJZn0Xw54CsI/tNuH8q/wBVvppGiSKD5hzDIp8wdQOvfHi53xXw5w/lmOzPH4in9Wy6MPrapONWrCdRxVOmqUXKTnJu0YtXd/Vnr4Hh3Nc0xGGwtPD1IzxF/Y1aznCnyqN3JSltFaa6/cfkZBeXUCvJJJui+8cYLs5JOApxgt64IPryK3NHvdXvvtFtp9jqGozSkSR21pZz3U4XPLIkCO5IIPOAAOAVG4H9Pfiz/wAE2/iJ4H+J+u/D3w74duPEoWGK/wBIe2T/AESGzOHSK9vpMQxyouC+5+gJOMc/ef7GHg/w/wDsm6T4qm8c+EPDvi/4kavEsGkaLaaLZeIf7LwMrBe3cscot9rlt8luSTnGDXRRz3DZvkuFzTIMBUzZYunQqYejSXs5unXUWpVHNfuoxi7y51dWaVndndheEsVSzGpg8xqxwFOlzqdaS54+4krQSs5qTa5XFPy3P55fEeg/EUW9qsvhbxRbaeYxK1zPoeoRQKArEeZK0CKnPGWIyemWyByGheBviPr9xPb6LoWo3ks5LCO3TzMjOAJmxsjGBnDsCMHp1r+pP4k6V8bf2ktQNnqOj6J4U8JSKqP4b8PaFaafEIFOALq9MMTMXAJc7iwJI9DXtHwQ/wCCbV/qpgi07SX0+wYo14NOtdqvk5d7m/nVd3T7qMQT0JOQfqculHC4RYjNnhcunZOVGlWVeUVo+VySScl1STX8vUyxPCrqYnkwMq2KpvT206fsElaKXKnOTaT9HurLp+A37N/7GOpX13b658S9PutUeIJNp/hm2DNCJw24f2lcKSNucFhkjkArtNft58PP2UPiz8VbbS9GsrWTSNAsYIba2so0ex0rT7ZFQKqpFsWRtoBy2QxIycEV+0nwt/Yf+H3w+soSdHa+ktgr3Et+0aQGVOX8xwSBCpGG3kZAzyh3GH4v/tVfs7/s7aZNaeIfEmkavqdojLB4I+H8cM9+WRcLDfX0Z+zwKCMSbpAw5+g5KnF+GlUVLKMDVx1dNxhWq0/ci20uaMGmo20aennbVntYXhN4Kgni8TGhT5VKpGnO05Ws7Nq0o3urN301WqufCaf8E8PFngSzi1nwdq2o6n4ls7YSzLGkM1pGQuXCtJiPZGdxwG3bfvqoAz7n8E/2kfhd8HrXU/Cn7S994T0Kfw9bNeac9hDaajqviO4DbTBcxWplaObeMFSoAbg4zkflN+1l/wAFdfiT4jttQ8LeD7uL4T+D5reYQ6Xos4vfEd1C+RCLvUQTLBLMhAKxEqCzAHrX4ceIPj14p1/UNa1DRxfS6jbW5uLnV9WuZLq8Rp5SWm3zFiHLOxIUgBjwo4r2qeFxma4Ryzv6stqkI04RVWnbl9ycouMbNbxadlpe6svInmGEyrESWVVKsXrGUpTbhJ2Wqi3zXf8AMnr9x/Wn8dP+Cyuk6RaXtj8IfDum+CtHtYnt7XxX4laF9VfC4RtK0NAVXzAB5bSxAc8kYIr8K/jf/wAFA/ij8Wpda1K38QavqV7bF2bxF4kkluJow5y66LpJZrG1POY3iUOoxjHQfnR4AtdX8Xaz4g1nxxq15PbWsFmZbi8lZrkGXazTWUFyVjYQIxdcABlBA7Ae22F58KtJn8W2FtPq2qaVd+FprWxu/Kik1C81psLC8MTFre0UucNJE4bbkdeB5lfOMpyapSwuX0FOpJxhOpTgqkqTcoRcp1EvcaUr8qat5blunm2aRnWr15QhFOXLVbUqy3TpxW6fLbmu1dLU4Lx4t54u0Xwh4uu5tU1rVtWj1G51jU/EN4ZsRwTNCrW8Tu3lxI52hNg2kDBwK9M0b4waF4C8I2tjoenRpqklhDDd+VaW90JrhZUkF1LdMjSoylcLHuCqhwMZNeN67FptyvgfwtBp2rJcJp6JdxJcvIkcl5eIhEz7iMMz7pVUELgk1+gFx/wSz8Q2mh+Err/hYUWveLfHDWmrWXgfwozXl3a+HpY1mnu5p8lBLYx5EkUpHKk8kV85xDmuT0YYejn2PmqOJrVqtBr2lqzhKL5ZOKd+VONlfRvTz9fJstzbEzq1smw1JzpUoU67qOmnTlJfC1NrVaaK736HxX4a+J+u+LfFmqWkd/a2r35utQ1O8u7KOMW4t7aQ/Z1kAwNxG1ST16E9vAJPE2pSzagrXHl28d7O4eK5nCk+YeVZXAG4gEZPQ5GTjH194i/Ztk8G+MvF3w68LrqOsX1ywtH8RXAlttN0gRqUuI7y4crF58WGEsUbnawAVQeB1Pw3/Z78A+CpFg1hJPH+uoUKvskj0GymBJLEj5rsxsMMZwFbGCTX0OWrD4qgp4KE50K1CkqUnCXvQcebmfNFOKakrJtPTZI8rE4XGKqqWIlGFSnVq+25ZacycbxtG+q5W73tu1a2nzR4T0r4m+NRbWXh2y8SfYLkrHNqC3t5bacqN1ZppWVGVQATtbJxyCen3X8MP2ctc0prWTX/AB/q0LSiKSKHRbidxA5Hzi4ud29mz97GQcEAH7w+ifB3gXXPEEEGlW2li2tFZRZadY2gtLIqGwBEkKB5WYDaMgnJ6kdP0w+BX7CfjfxhHpN1cSTeHbOSSKaJL+Fc+WjAyStHguxULlVkX5u4wcr7ShlWX0XWzCqvcS5aatdy+L2cYyT5rvay0et1oXRy3GYlpYdSaWvtm+VRty31bSs/K/brp8O/Dz9nK31eYaJol34gvdQvnVJL6RrpbmZnyB8ibpWByAX4A6tzhq/UP4W/8EtfixJpESWPxNn8F2uppHNN5Etw9wfM5VZN/wB9kOC6sc5IGcA5/Tv4e/s//DD4HWcPifVdSsLXV7aySK51rVYrdTO0aAv9igfaF3YKosKg/NnB21b1z47eIfG1vJoPwy05tN0uIeVN441Nfs8SgcSSabbNjzJjlihCgbSCrZ25+ezLjP2kvZZfTjhqUNPa1Iw55wSVrqScYJ6929r2Tv69Dh2K0nzV5yupSTkoQT5U7SsnKVt3/wAE+LdJj+Nv7FV/Y6R46t9C+KXgaHdGmsadawx6/pNq5VLjVGaLNwZ0T590/wApI+8eBX3l4D+Kf7Ot/wCF5PiH4B1fTdU1FoftWua54luPt2qaLMylpYWScubYq25EESqpIXk9D8LfGP4rfC34PaVqNx428TzeK/F2o2klncz6pfCaO+89TFJbJZs7KkQ3fe2gjA61+HWqfE26+GvjrXbHRdWul8LeLbiK8fSLK8eW1OmajI8gt5QXIH2d2GWxkBsEACryxPiiji6FGnToZhTo+1pVqUFSp4qzSqRlBWiqltqkElJvWNrW4MwS4axGCq4itWr5dOqo4ihOo5zoKXLyTT1nyN3TUtNLpXP6A/ih+2VZXk99H4SvoEgiaSGfxfrlylvptvjeGlthIyRMqkEqseWI6Acgfln8Z/28rHwJdyy+HLm38V61dSNLe+OtZP8AxJdPeMsJP7GtXy0zR5ba7Lt64INfkh8ZfH/xE8T3mu2GseLDbaNbSpa+FtAgmFvbBVJbN4kciiR0RgVdsl8gEbRxzPw4+BfxV+PsmneFNDt7zWpNLia4vb68lNnoNjagB5He9mKQyqig7gjOzHIAHSvIr8P4XL4OtmmIpxUP4spVIxin7qtOpJppyaa5VZP1PYpcQYrGyjh8pws5qdnR5Ic3MtLNKKdnLV3b5klf3bnUfFT9qLxR8bfFF0Nf1W81e0juw39r39w8NgokIMZt7UMIhbxkkqFUgoDkAdOa8D+ILCbxPf2NlEkOnafoGoz6hrSwJM+o3ZjYRmCOQMuxWG1dgAXBb5gcn3f4of8ABP8A8VeGfgz4i+L+saug03w0Vs9O0bQIXisNSNgM3txdXUgjISM/6oxlllbOGOAa/NHUfHNz4QtbdtK1N1mv7P7MttCVL20D4MgkAbG8gsMZJPvwT7WRRyvNKFVZVVg4YeSouai4KEuWnJ2TiubSStJc2rv3PnM9q5nldan/AGnGSlWj7VLmTbipWcWk9FdNNOXNb1se1fEq28IeDNM8M6m2r2+qa5qkV7qs9pCG89Y5C/kpexDIjlQ4bG3gHIB4A+bfh3M/inxLeKkDCOK9jvbt0chBD55kMYIwCGBKEk8gjgdqOjeHfFHxP1+1itFuzaoGe9vbpZN0dop3SyPK42xxkEGNMjceACRX0R4T8GaT4OleLTg0sVxuNxODtmm8rgsxwMIZA2AMBh1Pcfb5anTpSw0a/tXGLU5Nptc8bK67KT5Y6bJvzPi8SqleqsUqfsqc5pwSTtooJNKXTmV9FfXXZ3+hb3xpdW+q2UXg+Q6dbadb2d4891M7TpPFEiCFAWyyBhuVcEAncOa8l8f30OsanLe+ItSbX9cvm8++vruV3extyN4t4VYtsAAxx0GAPlHDLfW5pZLnMSRQT3AgjvG27wkWOhGFKgEYzjoOpBFRaJ4K1j4i63LongvR7rxFqGZ57+7j3CCGKJGZ5JJiQkccSjLJkF2UKMk4b4/LuHKWHzOu8LhYRlUqS5qsaa5mpyTcpOzbWrbvpHq+p9VmfETeUwqY7GctKnTjKSqzapxUEopKD929r2ai7uV1rc8jvWj1ae5i00yrAEWG0sbaNmmuG5DKAo37WHJYjJJznA3V9e/Dm1+CXwA8J2Hxf+LUK6r4qtst4b8JrcW0scb7CY/OtiS73BcLueRSqA8YIFfP2n+IvDXwIfXdb8VQxapeyST6fbWQQpqE88Z2SpbxSqGtYEcGM3KKrMMFDyGP57/Ff4laj4/8SNrUkU0Nq9yws9OFy8sGn2qyZjgTd992XG92yxPPYmv1h08Bw1QpTjUwuYZ1UpKVNRl7XD5dzNOE5+46dbEfDLkTcYNe8pPRfzzjpcQeJVaeEo1Mbw7wbGrVoY6p7OeFzXiCMKsIqng5v38Fls4qSq10lXrx92nyRbke9ftVftS+L/jbqsF/ezNongw6g7aT4Wgd3ggjVz+8nY8TS7BgcEIMqp+U5+Xbu+HiPT7CSBkhj0fVbaO3C/KWR5MZOCCcHo3oN3Ndz8eLKC00HwA0FpHB9q0VLlkiGN7NGAWkIXlixOc8ZJxkDjgPh3pF1qmnajbW6l71zbS2VsiF3kljcMMLt3AhR1GB35ya+AxWIr5hXq5jja0q2Jq1ZOdWtPmm1zcttdYxSV4xStFWSSWi/VsnyTLuHcFhshyfCUcHluFoQhQwtCCjFJRi27fE5Tk7zlJynOcm5Nu7PWvilNqnjbwnNotlbq13BfaXBJM7nY4FsFAGTySoJJHI78kY8j0H4TyWF2yagIpZAAGgSQhUcgZJYhgcnPqMKf4eK9K8UT3mn+CotQlWe21RvEMUEyRHB2W0JRgy4ODnA79e+cjkbHxRfyzl7rz2jIQsPL28YBB8wHBYDBGcgfeYjOKrD1404Wbjfnl0jaTsknbSyaVndapLST29+vQVScXJTlUcYW5uid3dq3uyV0pO77979SPAukxskEmjpO4ILS7wQSOFDZOcgD0PHJwTza1H4YeH76ACaxKs7JlI5slVz/AhIwdp5JIH6gOh8WWcK/duAwP8XJ6D+9364OenPB5Fu38S6XOPPmvpoHLKi5QDaC20ng/jz35wQRi1ieZtxV3u00mlqmr2jr1sm1rsna5ccNRVk0m1rb3bJK2/uxbsrK2l20tVqeU6x8LLSC6jtNOBjNxdLBbtdIGgtlIJklkkGFJGM8nHQ4yRn5x8aaQ+havc2MV1DeeVcyIbmI/u5Nn3wpwSUAyFGW45BxgV9v8AxC8QabNovh7StHkeSGzmuft2oIwSW8nnwY1BByVQ9uTk/dNfBXjZ5otYms/9WsYLbGJMrO5O455PPGT0zndjIalRxLrVHFxUUr3Vnu3Fa6W9Els2ltc8rMadKnGXLrLmXNa6sm42XW2rtt0torGZb6lbrMML8iqEY/KcM2QRn69uCDkFhxV8z/aZNkkYCRqHwmVbnOGGMLntxtPUA8c8TaSqhLNEcg7GDcKzkg8ZOWbIyDgg59cVoSzvMUImCzHGIwSF2rgZXaOR3IK8/jXTKOqa01XdaJpafc1stHpqeI3a3RaXtZJLbVvTs7Wvp12fRSaxd2ymzt22o4LhidrDPJ3MoyGPAAJ4HtnFXTrh7pyJSxXLfdyHL9hzt3ZJPJP5k4qvNHO9skkqhnLLlgMuAB2xg8Zyc9OuM5qlDPJZXUUO5hCx3NIQQwJGVOcYznJxxzj1JESUdFGyeid95N2vZW0vZqz+dtLXdStZX5Wt97txS9Em9NU12T36Q3mC1q8jBWUDngAr0QkkkknqSQD9OB1FnfSadaTfZpAxdV81cklnA6jI+UAHjGAOcHG3HnrtEs7SiRZkbBUbujg8Ejtn+IHJPBHBJbrLRJbmCR4lxcAAbFK4KAdduRxg5JAPI5yc1x16UVFXWnV9bNrrsulldaX7aXHfW/RJ2vu1pu91bTTd9kx9xdSPMXmch5gCQ3IOCegPIIOAT2PBzgGu3s2nS03RPmUoilwCCqsQOI+MnHysCoB5yTjA4q0t1mu1S4BdQuVdSpIZRyp5AyXPYnA9zmuq85oI1EbsJgIwy4BIXPHf7vTBzyAcdxXHiIxajCNvdXRWva1um923q3e+7Vjopxbu9br/AMCVktUvdV76rXVbPv6Bo1hfa9PEkMbTywKsWxSRLKzDCqigHfg9gp2jB54r7P8AglrXiX4XeK/D99qlsugWGmyJJeXd7aSXFncFgDFbXUZUwzKW270G7Ck7hg5PkPwA8LXPiDxFp76Vti1GA286XVwg+xW7hstJcbyYxuAAAZtpIxkmvX/G03i+zOt+HPFOoT3tv/aclxZG3tCsdu+T+9QquJLZgAyNyhwAuAePmsTVjVrTwtqTXs7yU7Nu9ouyaafRNba6q2p9nk+BlSoU8wl7RRVRRjKCbi3HldpSTUo3tbZ663P2D+HHwG8W/E7SNX+K/j/4tfCPwba+Eobbxh4NsNU1ZZdL1OwmuvMVH0lZDHbKqkCe38oSFfkK4OT8nftZ/Ej4m/Hbxvonw98BFfGPgTwjpBn06LwNDdR+Gre7C/adR1aK3VRHp9gbkS/MwRWVeMDGfzl03xF448X2qeGdCt9Y1BIZmsWit7i6BvVL7fJlt42ZfJTh+RtCg9s5/Q34TeONd+Bfw68Z+DfCF9Z22v8AjPw/HonjTVZoPtN7ptpcx5nsdKlkQmIqjFHEbKdwPBwK/P55c8mzB4nFVaGNxOIqJYPDwo06EMJCfs4yqSknKTjBR15bNybWren6DSxEs5oQp0MLKhh6Kc8RU9pJe1aXM6UU0oy5pX5pPVb7HP8Awz+I8nwi8MWXhzStR1LQfEl/dza5qupaRquXgurMsqtaJ5u0SAgK6oMlicAjmrUH7cXxQ1LU9TufHnjLxz4pjeWSPTb66mnN3ZW8KGONBcHLpHtUch+p4A6n5T8E/DzxBrPiOxtbK01a9R/EkOn2epXENy1l9nubzdd/arh18qASxMzlt/yEkEbeR+jlzr/wz8Aat4v8NSeBm1DRdNt9ONosej2+twS6xBbpHdW91qsSSPHaXUwZkQNnDAY61GcZXQlWjUoYGWPq4x89apGo4qDtre3Na692Ct7rW6P7G8HOOMkxHDWGynMcXw9wvisicfqOJxuU0cc8fSlJucK/tOVKKqLmnJOTd00rnx/44+P1h8S9GurrW4LvXIrBRBcXGrXd1eaybMzqWjsryct5REeVQROFUAnG5RXDftyfFb4a6toXwq0X4TfD7Vvh5HbeFdLu/EE9xcO83iTUbaCOKO9JbGCRks2DuPI4xjy346zXGseM/tdj4dbwb4dvWkl1DQ9OM9kltBcXAkXyxIse0tGxMYVflBAIAGBf/aH8KaHdeEPhh4n8O6le30J0Y6cLW8u/td3CsTBTHLucuFLAbMj0xk9P0PhjJqeDpZdKnTrQpQ9pJ0ak1JUZVKdNvm1vdSi7OyV+lz+ZPHfjr/WfNMySWV3wuIeFpYrLcJTwtHEUaMnFVqdOKTUZr4eVaLo9GeVQftY/tEP4GvPhz/ws7Xx8PNaFnHq/hiW9mksLqGxVUt0eBmK7Iwu0LgggHPTdXs/7UN3cXPw4+AGlxalPqOpXPh9rmCzt4SzQm8kQpHHEoI2omR0xxnjmvPvgt+za3jzwb4m+Ieo6mLaz8M69YaY2jsUMl693tccdY4l/iPAAAGcYA+qNfj0e2uPDM2o2Vtc6p4Utzp2mSRBJbeztIlURqTL8plIGSxJO7uK9riPPMDkeHcFRUsViYuWHpU1yxnN6KU+VR66vmXR7H81QeIr0m51bwg+VqUnNq8YW5dnG6eqStdbdF88/Dv4PaH4StxqfxBjOqT3sS3trYOrGO2jZd4+0Daf3gIGVOACMECvWrL4oaZayT21rYQwWqxfZrBbKGOBikZKpvYIhyBgcHr3ODXn3i34hW1/dX6Sah5ZIaMRsqsqRKG8zBBIwQAOme2OM14Jc6pPd3cttpszu1z/x6M8m1FHJdtwODjHJx1OecBq/I3gsVnU5YrNJT55vmp01dUadNvSMUmk7Xeru9nfcyXuO0NtraNu213d3TsrLdX6an2NB8UhqDnSb61h1CJFKSW0qwtFtYEI77s7/ACxnqGXnPGCa4/xl4C8M+LvCl3olhLaaLqBlku1mt4oklDsSyiSVAHMXpnJHOOOK8R0KCGxcLfX7Q6ldBQWWVpF2gDeS2WA4BI/Ejpiu0sYNTglubhL0tYsrEyhjIzQLwUI5JOc4wGIycFgPm45YH+zqsKuAxE6TpyhKMOZ8s5RcNXH4VZdGtdersVGpNx1tq2pXd5WbjZ315bJK97d1d3ifPGv+CtY+HUiz3M0d/ZNblBqyqHj80ArtUDJyAPmLcsSeBtweJbxEl9d2q2/LOGWd1JDSb8AgBsAZz34AyRgcj7csm0vXNNGkatHaX8F0ZI4lmRC0JdSAzBujcg7iOqn1r5M+I3w+u/AF7FPawC502a6lFvdqcCMO2TFwASEB+ViMd+xx9dk2eQx9Z4XMEqWNSXLNq0aqfLflTu+azvZb620Wk1ac7RlHSPNGUlvbZ991q7dUrrsVdPtTf6lBbWlx5DxXUYQs/l/6w/cZ+5Tb03YBzt4zn6f8Qw3unQ6Gy2alLW0Rp5S2UuCgX94jYBIPc4HJ6AYr5b023uBeWD2Mkc8/2hHlgkcgq7bQhIyTkE9c85Oeor6l1+TVv7D0SbUZPJ+y7IZ5CFKYYKfLTpvXAXcSApKjODxXNn1JPF4WK5XGKqRd47ScEoybaatt1untdWv1YOjKdKo5Ss9LtJfDZ9l6R27pv7J674K1nTp7/TLp40VLqNEv0uAHKqBz5IbJXJ4VsHBJOR0rc+I0fh3TL7RpgTa6ZNdSTCC3KR3BGNzK2PmIbGRwSA2cenCeAtT0RYDfeX9ruGJgwUOImyPKCIDgbmBwVGOcCtXxQLXVvEmmRa9p91Bax3KXF0wLj7NZxKrvjbgR74xwcLnoxwAaXBuVTq8QKpVUlRjGUkpOTi52il7quviSa8tUuhGJTqU3Ri4tucV1s0lG6XKnpzXdlazt6H6SfsW/F/wBodl4vgtvFWveGfEMGlDUpru2s2mfUU0/dLaQIxQ+XHHjczZy3cHFdJ+0F/wUG8Y6p4Zmh0Xx/wCIn1G0kE2gXGrW7WklxNs+zyzq8agiKBFAiTgHGTnv6D+zZL/wT2j+CeoS3/i6GP4w+LNXs9Mkt7+8uNPNj4emkS2uIYXTEfmWqBpmKsBKrAZOa9z/AGxP2bv2ENZ+HPhvwJ8EPiN4fm8W6JYXfie88WR6tHfyR6bBpsd1c6ReWt9IC0xuvNEZiBfkYHK5/flUoVKdCCp1lWpy5G5Q5aTjF8sWtW0lpZJN6p73v0ZflcoVqMZxlOE5wtKnCbjeco2Ti42bvK7337Kx+EH7PHirXfGHxx0/XNdknu9W1NNbuL69uGfff3UiSEThjtbGR1zyACT3r7W+JGiajDa6JqEkM13I90It7SmS3SI3CjZECzBcDAIGVO3jPWvjL9nC3udL+L2iQtc2es28s+sxWl1bkEpZRGWONtq8xmQKrMMDaGORxkfof8RoLj7NatIBFY2t9CIbeORHSUs6NuUFieCx3Ad8q3XA4FFVMPiFF8jjKsryTTi+Sm9FZqyS02Wtu7P96voiTVPwBr4OT19rmiqO/vQTw1FxUNVZNLa6fSx/a3+y/GYvgN8IEGFEfgLw8CpJ+Vv7NtW4PGSAQvI56EYPH1v4e1b7IyoeIsqCvGO3J3A88kd8j14J+XP2b4iPgV8Jn8tlz4G8PkqV5AOmWvBAGQDxgfXHO6voK2YLjcw3LjjHIOQoye4PBx2JBxncB/On9oZjluaVq1Gcnas3y6pTV42Vly3TtrdXv3bdv8auN6GHxmd57Tl8P9q5ja65pJfXKlne26W7drXs9W0et39/DNp9x5UoLvG2BjJUDJycc5GM4JGeV528/wAYv/BVa8LftcfEW44kNn4b00IGOV3rCpAGflBBHRck98ZU1/Xt9r8uJ1LHLLsbHUq3y8dyehB4wCTyK/ja/wCCody0n7V/xUt/NVhLp2nW0ZZuQzRKu0MT1yQSBzuB+XoD95k3FFbM81oUa1JQcaLct0m1ypJ9eq0s0+vRHw2AyeGFoYiUXNKykm7K92rXT1tqrd07aXVvyi8beL7a98M6lHqYNvLFDAQzAFGkG0LgnAUqo6+gPXiuU+IOqW1x4F09oB5qL4Zmdnfja4hwGB4HABOMj5exySOR+Kej3GmeG70XFw5uPtSKHBZo3Q/dUk9CACD0PQnmk8TM0/wtikLb2tfD+QqEhvu7e2cg9DnkhQMgkY/VsJyVJU5Ky99K1mmpLlaXWy6Ntd2tz5zNLxjV5mm+TV21ukn5aWVvlpZ3Z+Uuta7rlwLq2sQ7Q5uEiVF+YNvbJyACoycbsjHXpzXiQutVtrp1lkuo2IbO12B3DqCxIPGSGx1Pav0g+E8fwRhk1KL4h6fqUk0lpcSRyWCs0TFmzsC4zvGTzxyMqea+avGWn+E4PEWpnQNNvzp0lxNLpcV1E7ymzkZvL3fLkMCM9iM+oNfY0/cjCVuZKzXS2ySto9LK7d+ujPyyOIjHEVUqMrRbtJ7PVKVnurtr77evhVjc6484WCS7YSlEJAklKhiBks2QuB8xKkk9QeRX2VZeHoP+EU0yK+vYPtMaCR5SCZW8xCwDnkg5GBkkDvzxXmHh+ItEwtbCaKdWBkBtAUSNPmIBI47nJIIKk8jr7I+i3t9p9verG7RzFQNrKoymAWwvG3PHTAye4JrlxNVyas7Ws7K6Vvd6xauvJ2as90aSlKpK6XLezerVrvpZ6Wu7rTV32bOHt9EDllkkikswrlljCncQfQZUY479Pbg/dX7M/wAG/EnxL8HatoPgmz1TW1tZHn1XTtP0+W6mtkAcxs7RxsFEhUgbwBkD6H4pOm6tYrN5URjKjA2EsWJ5XoSOR6A9TgZOK/Ur/gnt8bfiP8EbXxjqng++Fj/b1qmk6mHshMd0w2rOhMZCmAEsCMNuUDqSD8txHPHQy2c8I06sZRaU5Npxurq6u2mrW000XQ9PJ4Yd42MMTKUYSi05W5mlouVNySav0d7dnZt/K/j74W+LvC08Wkapous6ZCt1NAkeq6bc6a/mxsVcK0kUQO04AZdyjkkYNeValoWu6BeH7PY6szTBUd4nkaJ1cqDuYHDemfmwBwCRX7veNPi/qvjjwP4ksfiLq+jeKmlAs9BvbvQbKPWLGe6OZbk3LRhiuTydxbA4IwGHx7rfhi207SVitL2z1OcxJHBBFbRyvK0pI2RCNWctn5SACSccZBB+Fy7O8dVVSGMwSpKLcZ1FeUWlZbySvo+ZNuy67WPssRgsFB0nSxXtG+Vxi0nq1FWS5nbdSjbpa611+RZY9S0nwrHNDaC4BtoJB9oczSJNKuCowWY8nlRggdcbjXLeBfCvi3xh4gN/pmlJcXOiW7Xt3A5VI1VSWDrEAG3Mpx03DG3ngV2nxVt/H/hhLaym0DVNJErwi3SbTLuL7cmQxlgVoVE0ZBGSASPmxkbc9b+zfputz+MdWkk/tWxvNQNhbIq2lwiZkJ83cpQBkXb8wbgZAbqa0x2PwVPAVcTRnQlNWkleHLsr3tpzLRPRbu6vv7uEwmIq4nDUqlPEQpSiotuEoqzTakm1d7JaNb29fmjxroeoy+J7i71KMxStezC5t3MnmRzKgwu2QB9qjGzgY5X0FeTfFG3eXw5ABbsSJthdsDdgYBwcfKO3A+U8dSB9hfHOPUbz4m65pUoSG7ttVnilufIFuLjZCgD7QFAGACWHyswJyPlJ+QfjBqQtdJt9OZWMybVZkPXBI3YBAy3XJJbsO2P1DhvEKvkuErQUUqtKEk4r3VzKDe19tba630erv+RcUUIUs+xdN1HKNOc03K7d42vHq/N3to3r1Pm7R7KaS/tUCAziU+Ukvyx7QwyzN2GeOc5A5zX70/AnwP8AsieM/h3pdt8a/jFL4Q1s6IPsA0tpbiDTpVTEtvJHggOzA5wMDJ/2sfz76/rN1ZvGtmzRyKkeWB2su44JyOQOeQT2wcE4psPjvWbCFbUTO0bKGLBnY7iACVzzk9jgEHq3BK4Z3lNTMYUoxrTo+ykppxs73STT209HZvTYeU46ngqkpTwyrxnyx9+Lel42f3K17W0P6I/D/wCxF8Bfib4g1Twp4Q+Pmn3E11Ytd6Lql/CbaxtLdFJV7+WTYUlKKGO0liS2McZ+fte/4JN/tAeKr7xJ/wAKdvfDPxVj8Mm4M0mjajEJ7yKFCzSW8csqg5UEg5Yk9B0J+L/gf+1wPhz4H8ZeH9U0g6xrHinR/wCzbLWG3rc6XvJWN4pPvxeWCCGVsnGPvHJ1Ph3+2p8a/hjOx8A+Nda0G2ktJ7K6nttQuDLcmYHe8jByWlXLAkkjavTJ4+MoZZxZhsRUhQrqvhqVVcqxCinVhyp2hKm4uCjLaTTb1v0PtpYrhPEUVOtQdGvWp6+wu1RmmrXi+W/Mrt+9p5XPJbrwn4o+HPjiWz17QodO8R+CNTSLWtJ1aNJlhurWQeZDcxMG3IXQryCjDB+ZSCPYNd02Hxpt8XXlrp2k32v3SxldKghhsEhRApVI0AWNurFSB24PbzbxD8cb/wAa+JdS1vxJaQ6vd62YpNd1WYM97fTphXmnkYb2kk2ksSxUZ3HC8V+i37M/7Lfi79rbwv4ll+E9noVzJ4D0B9Sm8PS6gLa7vmbPk/Y1LAtcZyCoHJIGeQB9nRoVfYOtjKapyjBOp7OTcYv3brotOj5XfXrY+GxlanSrqng6icHU5Y8yScopxS2W9lrJaXvFdT034Rf8Ei/EPxE+C0f7QXiDxifBHw4k8Pa5rGn6tLYXE0t3Jo1vNK0bBEaOGCWWJoUmYhTkYcDg/kemm6I/il7CzlfUjbamIo513N9vijm2JhASDvYBhkEnoCRtr9k/GP7Xn7a3wM+EOk/sleLdQn8NfD+XSrzRdV8I6hpkL6smn37EPbw3AT7U0E0jgrJFkFfvHGCfgb9lfQvhNqv7RugaR480TVoPDVlqztfASrbE+VG7xlpJinyLIASc5yCBwcnjw+HrU4VcXVlz0ZWlCmld2Su7WerknZXs9PQSx1KdZ4SpKCneKve1klBON03e9rp2VldHzh43vW0m61UNbyWe0oiRSIIzGVAG3Dc+gx1I4GR1+aNQ1a4jvgWAJmfzGICsQpyo2sykDAJ5HrgDAJr9Iv29PC3wn0v4v6vY+AvFNtbeFr+cXcVtLMby5jkYDfHLLB5iAhjkIH7MMAA18Han4B0Vprae38b6PKMRgRIZhKu7gZDKMEdDgZGe2M17OHlGrTpz1ipKMvfunyta81k9draadNDCjGnCpWcZ3+zG6knyytfR376NNppb9V13hi/kXTpJHyFEalQVUj5urcjGSfbAJx221p/2pDtL4LNGQzr/AHvz/iA9iB0I5zXTeAvhjdeJbLydL13QoYVfyXuNQ1BLNJGAGGVpJF46jIwR6Hk12cv7O2sWa3d1qXjPwJZQIHdWbXraZuAxVGSKWR/n4xgMMn5skAD0PrOBpOEXJRnJJNWvq+W1/dereltO+idn4lXLsdiKlSVODceaVm7fCmntfW2jvd27O9zwrXpYbuLSyeAbksV4+6SAMjnjAJHAPJyDya1tTiWLTyIQQjYIOAT+7GACRyeD94YyPfNYmq28VpLbwieG8FtqJg+0W0m+CRUYruj+bcUOASTyBzjs2zrFysVjH8jbTGdgyDtCkHkDgksBgEA9OnNd9XllhKko2cXG6VrSelrp/wAr3V1o3tdNjjDEUamGp1JWab0a63S312a7K35/pb/wSMWT/hrDwBNHjzUS6yJDwdwx8wz0yN2CMAkDHr/Z27WVyl1FeyALG0rZEiKoLtkjbuyVyuAME9ScHIH8Tv8AwS5kkk/aQ8JLayyQahcw3EVtIrEPG7AhXKqTgADnAOOyniv6m7vw541cXAl8QXW5pH80iWQFl+bleeMnnA69R2r/AAA/aL5PRxni9k062Lp4VrJKEYuV/e/fzTWln06Pq77o/wBDvo6pz4QrqU0nHFz31SvCm76arv0b9bW+i9R13Sk1HQ9PFzayFr1kj3zRhwFZc4O4EMQDgYJJ6YxXxb+3oY7rxX+zYzwLPbJ8R4drs5clDJEJFJHGCCdpI6seeRXNaz4e1/T9f8LsPEExM/iOG3eWSR2kj8xjvKkvgkkEEDIOeVwQK4/9ru11uxufgpLd6s95HB4/t7e3R3y0bO6gzDJGBkZ4JGCDgkCv5Y8PuHv7M4pyPEQzSVb2+X5tGEIqSSvgcRSSfdXle17prXU/eMXFKjHlhGXwptp2VpRWt7Lo2td32Vj9MtI8KeBNNl+02umNpt1fRq08tleG3Ll4lbMuGA6EkHp94AKSDXjvi39mf4P+IdduPEU+q+KdO1a9dp7ia01+YQtPj5XERkwoHUd8jGeBnyKS61iIutzrd4yNGu1luRhGEYO0sWxjB+8MnjPWuavLzVZJ4xDrMrIXALPfyEDLY+VQ2Aex5Pr2r5fD5NxBgMZiMVguIMXh51JShLllOblDnTUGr6xdkkrW2VnoZ1KcK3s5VKXM4JPXWztFprZPRLXb1ueJ/twfC/R/ht+z/crofiPWdaW68b+GWEepSLMzKb3ojgsDsOO4zwRwcV5rqOj6jDfeHUjt3laZdFEK4APmz28BKYxyPmHJ9iQOh1f2zf7SHwTdLrWXuE/4THwv5UT3JlC+ZeKRs3McAcenHfbgV1OoQzw6v4MmW6DusGhzRxllGJYrW1Kkg9ySMbtwPfkmv6CyzE47CcCZB9bxH1nE1sy4g9pVlBc037DBv3ou27bWnzWxx4LDLEZrXjFSjyUackvd1fvXur3V7PZO127NKx3P7WPw38a6d+y54kvL3R0tp5dS8PxKjuMiO7kRICY1ILq+RkAEgEk8mvl34Sf8JH4N+MEfhuGa107VbL4O2d5J/oqi2ljk/eFgrgFmO4D5gM4IbsK/Qr9tfxBqetfB/wAG6Fd3BtNQ8T+I/D0Fvbwygm6+wrbyJCI/4ixwQo6E+mcfnr461mPRP2zbDRPE2rwaBcTfBfT9Mgjuitq1xOm3y4TvEYMjBQAOp6ZO4Z/S/B2hn0OBsyw+Fw04YqrQz7MsLUcOX34LBeykm7q7jz8rtq4tJ9F6GEhDGKlVqexnLE4ieFVNWcXGlOMJJ67uScXs+nVn0/4B+Ifx88S6zpl7H8RNIebwSsh0i5vdItZZtOs7mbZPa2ymNmQNGSASBn7x4+avSbjVNb1nVtUnv7+K91O1aN2ubeFIlmkuJPMmlIQAAlnPG45BGRkYrzX4Sx51LxsEuLFxbwxWwZJExPIYVfCsDhSemQcA5zmu+8JaXe3114miF7Fb3CXVrHGoYBmJCkjdnhQDk89TjjPP5Rx3nXEuZ4jFYfOcTUrUsuo0XBTpqKp1aipqpa7S3aWm70e2vp0clwGXV5vCYWlRqOTjJ06cVL4kuV7JvV6Lq7pnyn/wU+Nwf2P9at5DIJZNY00SuxwFO5fr8oJ5GCAOetfzX/C7S9c0bxL4d8TaHFY3OqaFr+n6xo0d2VCJeadOl3E0vmFV8syRgEHA2kdOM/0hf8FRkltv2UbyCS/Lyr4gsIplOM7kZSdxO4EA8ZJzj7wHJr+aCDXbiygASRV82VARGMMU2gEq69GGCQByOp7V/ph9CrEOXhJG2qebYxS0VrWpJ3s3ftvpotbM/j/x4oqHFVFz64Smknq7OTWy1v0T6/ef0BfEP/gqR+3r+0X8Jtd+HHjD4ZeANS8B3GjWOi3d9oZja+8vSShiZIUIjExeNSzMNp45OCDyPhz9pL9ub4i6D8OLfSdMh1FPCmo2WieHotKtNJSHR/IC2un2msyyEKjEBFAUktkHg5r8zvhr4psdK8NXCS6nrunR6tcLEFtNWnt40TAErTQpJtJmY4YkFgeOmTXY+KPjInwt0OOw+HniPxLozahqNlqk+zVZZVkv7cIwuJFZ8SIJFBG44GF4GMn+js5jTx8/Y08FRq1Oa8J1oOdOMnazlZxk1tp028z8nyt0MNH2s8TKlC13CEvektNnp8SSW19tW0kfuNrHjT/gs5pVvKi/D6O8sLaTz2kisvD06RxsPMAjAJcnZkZOARk18aftFftYf8FAtKsNF8OfGfS9U8PxwXH9v6PFbaHpp+0y2bb0jklgUxGPcArLuPP3gDxXwbqX7fv7W1/YlLb47eK41uE2G3t7lgfLjUIFIjk6EcEnGed2eteLePf2j/j78QIbCHxh8SNW1prS2eGAXk7kWsEmS5Qkn94xO4nPJ6ccjgy3Ksfh7QxVLLpUU3yqnGrGWtlaKk3Fq17cy6W7W7q2YZc5SlTr4yUnZe9yNactndNttO7u9e73Z+kPiv8Ab7/4KK2fw51jXrX4cXl/4H13wzd6fqOo6h4YKQmzmt2tZHEsFuUYKjkh1O3HzbgTkfzE+Iri5vNe1i6vbZrS7udRu7u+iwVCXM1w8skW3kj5iRhsHjsOn7oeBf2z/i3P8K9O+EGs+PtQ1Dw9Yx3UckFwsflPaeU+2zkfqU3YBBPzbc4Jya/Dj4hX5vPGvieXcDHPrmoSsiYAB8042kcBeSRtGMH35+44VjOm8TQeGpUVCSlGVK7UouS3u23LSy1W7aukjw81dCcaVSFd1pS1lzWvFvl0unbdvXXR6auxladNA0u4KcYZCGOQGOSCDnk8ZHbgDBzg60kvkkiOQFsLkvg4XaSTjofT1+YnbxzxS3BtwUUNtDDnGSRyMZBycHg444yGxxWzFq4EioYBIoClkPDhunBAwBxjGQR9BX18qbqNSjJK0Y7q2rsm7rXpre9l6niLW7Su0k7q976a6v1s+6WivY34IzMs82/5FjZT/CSSBkheCeuSeT685zQigDE2/nRqMmVcsAoyScZODuO3joGAOeK0tM1A3kksSWaKgSRcRghcBeM8AAHP3gQS3XHIrm7zU4BMIhpq5TKMBIyllz0yOAScZPQsOOtbexUuXmm1a2qVru618u/Rd0HtFTWkW/hvZtPVrvZdtdreTZoXVtH5hkFwu8IEIJU7gwwRweBkfN1IP0NZ12oiVlSPzGzETIvADZ/2QRnAIPXGDuAIyIzqmksVSfRZyofazR3EuSB1zjA+UE7epwAASKu/2h4PkUK9nrFt8y58mXzGAGRkDJyx56n685y40Oaajz+l79LdHa+uujttp0M/aqXN00vZXTu7ae8uy76peZoeDLK6vNRuhA5fEZaSMbgEAJJJLELzzznHXNbfjC7nt7e3DxLDvbY4dcmQJ9wjJzyP7pIzg4wc1seBNR8BQ3d3Haatq+mtIgZ5bu3R87c8YQsRggYzjPP3TjOV48hS5ntJLbVLfUYZCFjJAiYKCSHdXUcsBjA4/U19dg4Sjg1Gyb2TutbyV7J+ltLrVPY+SxfvZmm07KNordNpxV77q/e90277JGLYtKHhmmmwAUddvKLuBBT0ySVU8Ansec1/Tf8A8EWLafVvhT4y8N/aYItTsfF39sJpkcka3L2E4iVLmVCS3ltxtIHJAA7V/NFounrM8UU7LlpreNQWLJtDjLHABJwMAHsAQPX+kv8A4JOeKPgxoN947i8OSa5cfEW5utJ07UY5yU08aWqRGNbZlbCsZy+QwB244JbFfyp9LLJ8Lmvhhm+X4qnXlBzwmIXsIRlKDo1oyUp3klCK6yvpfbXX988Eq8qPFFKvCUYzdGrCPM7Xco2srXvpFeu/r+bP/BcLT2079rtmcPmTwvZll+XEZzjbjOMnqcEkjntX4ulGJBGMKcDODkHAOATzyuMKuOvIr9pP+C293Yaj+13O9xaX0OPDFirJ5quTIJCVfLHBz29uBzX46hNEDJtF+p3Z4VSvy8EnB5OSduRn37V9n4FUaeG8K+DcPDmcKGTYSnBS0lyxVlez5eq8u3n43iRKU+L85nJLmliLyadru0dr3e+vW61urWNDR72TTxm3kKyn7owzJz94KGwQGzyRwOB1Jx6la+Jb66hiT7Ok4jX53QHcxA4XGABg5IyDjp6Z5PwtpngrUrsWmteIdQ0aGRji7a2EnljaT8qrkkk/LyO/UYFejah4d+HGk2SS6N8R7q8nRnDQ/YigZip2qzbRkMWGTxwQcdq/aHXmrRi0vc1dkmrONr+d29G/V9T82r4anW1nDRyteybdnGz9d3qrvfWx6Nd6u0/hKK3NpJFdOkaxIQQGQrz93nhue+Bk4xkHhbKO7uZUEccaPAQJFBO4t/dC/MctkHB6j1Jrj7bxHcwiBX1We4EcjskrqWjVBkBSGOc467RjA9wa9e8NeGfEXirTm1fQJrZ5CHjMQQrLPO33AzbcLyRsBIJyMdCK5aVWpzStd3d09FbSPbdJ2vZq/wA7Llr4ODpxVmo6X0irLR6pXT3s0kk7dOk8F5qkNnNIbKSdYpMeSVBYcbsqFYsMD2+UenbOu/Gd3Nbui6Qsbx4R5Cr9iCylSvPzZz3AI3Z6NztpqHjPwZrtzb69a3sV2hEc9lcJu+VvlDIH6nGSpAAK5y2F42rjxkZYZrabS1Bu22l3hEUhByQQQABg9TuDFlyRgk1nVzOrTbjdxfK000m29LLVN3W2jva6XU5IZRRb5pJNSupXu/S1nvfTTtfY53ULyS8ijdoHt1ALvIoI+fJYqOpAYtxnoeBXVDxDYDS7NTIUlhi6Ou4sV7EntjPBHGfQEVyuo6lZwwiOKRzE6NvjfBZpN2WAPJBHTnrz6YrjLm+KISqErkyMSTgIw9uQUOACMgHtnBrKlnWKpuSg172jte+0UrNXurpb6vrY9B5ZRUYxTUEmnp393TTVqysk+71dzuJtXSUSyF40WAkxFSCAec8ZIOcED2I7E1reMtJGm+E/C2s293aPNr32p5re3YGWLyXAUzHqjsGJw2AVPJJBrxD+1n+dAwWF+cAHDjknd/FkDPTGcHp/DsXWsST6Va2sVwWht0eQxl90iF+Qq5yVHzZAB/3gRyOCvVq4iXNUl70172t9pJK2isnt1u2mla9uqlSVKKjFqKt827rV32v997eZUub9mURvEQ6kJvL8kcZY9ACOCeTzgk9qyFvA0kqybpI84OMAKOvyuOCNwB46nrwSKz7l3uGikaQ7CACA5DKCDgMq4y3CjGBhc9hiqSiSItuYGPIfGcqy85AAyRnPocFTxgZGcaajaSUk1JK6s1ulol0vrraX4p6yad7Xi1a/w63SWu915va+mtzq0ht50Xy2IeSM45DNuAzsJOWG3jncQRj0rIubW4ARnO0BiDtPIww9DkA8H65GOTl+l3yRThfLyHwp4BQgcD+6SM46LnDAsSK7aXTzqNoZreKJAVAMWTuLHC7goIJwfukDOSTySa9HCYn2TcZtKOlnd2V7LV2S+XXR6nLOE7rlafe17a2vdJXTbaate++qseaTySoQu4AbyM4zkjGOT/DgnO1cdQKgMsjKwZ9oDfMRjoRwM9egyScn5jgZ5r0C78H6ksEU7W4IK5I3EKmSOTnnJORgA5JHHpQtvCGpXsgjhSJZN43GQhUbJ4ClsA9OScjuCAtd/wBahZNVIvS++ttFa/vXT8rS0771GMpJX0S6a76XVuqSte3S91d6cfFl1THKgFlIY8FTkAjHfBx1YnjJ79j4cQzXMe1GwBmQE8PjkAAfN2wAOecdBmq+p+FNT0s4kEbLk5MBBWMAZO4jgKQQCM5XGT0IHQeDLYvfkl8KsYK91Z1zxyxGRyRjII55NOFaNTl5bNtq1u+ndvb8PLS20Y2S0ldPXRO2q3bXp1v163O+s9Um0qVbptOtbiGMYMM8W7BXgkkgnp0UjgADsa77wx8QbGwWe8udE06OSU77crbxs0ciHIzkdMdeOQRyMccTrDIIZGVzGAp3EoMOWXGMLkgng84wvHGCRz2kXVrdRy2asqXWMI8ig+YxJVUQYO0hgOBxzgnFcOY0E6UpXlBpXdm1uoqys7aWf81neysYNc7TVvPd6+6l57LbT8j35/ifq88Tzl7YxSKzw7Aqi2XHzbVA4zz0GR361x+n67r/AIivHNhHFNGbjfPcSncIk4GS7ZIQEHgY28kjqTjaP8PvEWpTI15Jb6Zp6IHLPLtNzEOWCrwS20dxjk88Yq5Lr9t4amm0nSpI5oIyI2EaHDEHLNM4BY/MM9MY9TkV8PWo0YuUKHvVW2pN6qNuXeSV7q17eqd9C7ONr9krO3Mtm27t2belrv07dxfaRHLa3l3fXzyXtuA0TWjAGSVcjaAuHBH3eFwWGO2a85S002Ix3dxLcR3Cu0qwy53s6HOHJAwhwTk9RnIHaG31/WJbyeWJGUDDlTGTHGoOSSB1DA/JgbiSMnPNV9duZtY0+fy4WiuUzJNIwEasucEIx5APXA64wQcVOHoyjNe1s3Jp2skvlbba/RWs7mbcZLRXV7Pa+62trfSy0T03ujkPEvjLUpllhD/Z0ll2pHbgruAO1CxU8dBgKTjk1j6LrOs280scN04ncIC8juUCg8YL8hl45zkn61z15HIqoVkWSUFmdJGDBNhxxjkledq9MnJOOa1vDdrcXQdplll+R3iABUMQcksSMkIBkDHYnOSCfdVKMYpKySTXmr262bunfv5WuzJ2ilfd7XWrstL6Xvuno9dLanV+JLp/Elm8GvXCSzwKRZ3ACtIHCEFMqGIGQDkDPHUgYrze7sr/AE/T0iEZlCh9kxAGxACDvXkDB9RxjnqcbWrXjASRxBYZImVTtJy7AgAAZbBHPHG5uetY0euS7ZIrpnkdkZG7IF7DaSBnHXvye/AqlGUdd29ErKyvbu+trv3btvS9kXHXZPRbtrys9m72Vn7utr7m98LPH+t/Dbxfo/jPQ7hE1fRJRcWe8/IsiHjABJyRkHlyuecnGbnxT+JGsfFLxdqfjTxXIh1XVXZpWjT5nOAFDnljwMAYzgklRkgeWveW0U2y3iG0NuLICSGySTu6egwPTA4p93e/a4VIjUYyqu2OTwMHGd3rjBGfbrtGC5otLWyXVWWj66pOyd9E3950+0qqkqfN7jd+Vt32V97vTo00rt36XIrmBTsYM5XPysAWbOcBj3/Hhh+FSWtrC90XmjaRmAxGhYADIPIGFXH8X64rFhjd1yx2SFiMscL+eSQPQegBzjr1WnG3ihZJFaS4IZTKCdqhiABliNx9uvUdea1knFPlur6b3191tPfXotvVMWiS0V21t6JLo3fy2vq91fUj8OafqEpcu0SSYi2BwcN0yVOCAO56k/eUdo7rwNexSZtpIpLWIIu5m4w3sDn5VbPGB6YXkZd7qUmnJH9lYkSj53JLMGJ5JxkgkA985HpgtdHirUEsjDbxj/SG2EuMuCuAWChSwU9mwD7LjAyjDEfFFpp7316LddrtW01s9NwXTpv23SVtVdrXfVLezR1n2qDQNHe0MkaTRbfLKHc8kjDH3wMbQRk89D6ZNcZYardvfoJ9z4UskX31DHHzAdVOOp4O0fhWVqDXBDC4l3mXY4Zju2k84UHp0x6AcgYFT6c8NtIklxKRI25UcDLAA4wQOeMllOMn1zmn9X5Yycot1JK907JbJJptN6666bdbg22uVNpW00Ss1bXf5+bVjoNSuUuLzzJJlQRxqxCqCuMjCHGfQLzwOcdAK049V1Jnt0Sac2k2AscQCszEBU2gcnGAcBsHuK5e5uIb1vLSPb8yBrjBxIu7GCuFAI+mSPrk9t4a0/T/ALZCt1cyT3NuUe1SOTEYR1bcxO7qu07RuXJz/COOedOPKlJNvR66dtGtH+Fm79FpVGMlLezveTejeqbTW+tun6M77TtZls7WWMLNJ5WGR5mzuJUbw27IDLzwcAcYwWwJH8d3kB8pHjQBS5kBJKkDgBiTjpwBtwTnk9PL9ev2Sa8tLS4lW3W5clpHDFyCSSvHBBB5GSa5S4uJZDhJiYsANufksCCSu4sGJOc47cdD82cMFCo1JwSd7ppJaNxaSs76Ja6ra66o9CVeUYqKb0+Gz63Vkt29k3drbu7HsWo+Mo1KGaT95tfJXBBDA5U8kjJ5z9MdcjNh+Iepacvkaff3UCEq++OZ9qs3XjdhSd2Dgk8fw9K8hM01w6ht7Ng4ZiyqFHTjjKkDhsZ44ycARee6t5LNuLMemMKM9TnjnvgH25Feth6VSjrTquDWkbTlF2vFa9r2vd33TXaXn1Ie0d5JOO2qvfZWbdkr7pK2vXdnt0vjvxFPOWOq3Tw3CAXDG5kcOwA3BzkDgfN3GeM5GBlXd6+ousm0ScbJiXLByD97dkncCd2G+UDJwTkHldPl3ReWqlMtsJbG3LKEJ54PBB3HI59jVGRrrTr140lIjJLDa3Dg5JAAHLAc4zycEbaqdStUbjOtOVklq3K17arm2TWrvqxyoU6cFJQXvWbaST0tqtO6u9e93rr6LDa2MURMaqAFBYAgAuVHBHPp/T1xVm05NjEspD/PweBwSVILclicbjzznHauXS8uY4iUkDMwLMOpAJ5BBDEHPBK9ME9OatNezqI2LlVVQxUrlwx78DkA55PTtjpXNGFWMr3u7JtPRXvG2qsrNaWu27Na7kRknZOyW1uvRXvpo9fW+vQpXE8u+QNEVUDaOvTpjLcgnJwDwB7ihZA8bJEm4ELkE7Ru5Oc+g65b3xnAqf57p40VkZXwCxHBJIyCDjkE4GOuMdOa+0P2ff2TtU+INxHr3jXz/DvgeJ45Cs8bLqniAghvI02FhuWJxtVpW2qEOd2doPs4HAYjGycaNNSatzaK0U2td2tml6JJaJJZTqQhZybV27aPXVaJbedtt311+WvBfwq8dfEvU4NK8E+F9T8QXsjhZJbOIiztt3Be6u3/AHEChc/fcDjjsK/Q3wD/AME37RrOK4+KXjQWV/LCjro3h6JJ3tWKgtBdTHcDKp3Z2NtLbiBj5a/QDwr4f8I/D7QY/DHhe0tPDOgoERrPS1X+0btQB8+o3ygSzPIfmdSxCk7QTkVs2eradazyJZTyjLHmdWkzjA435OQSeeeMjPOK+9y3h2hSpU54h89Vu8oXuo3ta63v5vyvvFPz6mNak4wikns3o2/ds3Frvq0vvvqfMNl+wX+znp1pHHep4i1KdYThzKV81+fmwMYI4GBz1yOeNjT/ANj79nG0VI38L6pOseFbzJ38x88jJBJIHGeDgckjjP1HFrOnMrN9rBmjyCGi2qpPBOcZ25yR09wCasLqVtMyOZ7Z0wSUiCJI3Y4Y5IbPJyDzxjBGPSeWYOFnGjTjZ2TSWj03e7u1st1cwhi5c0k5XaVk+/wqyTfn0bVunU8Z0P4F/s66HsRvhTBe+UdkElyXkYpyACXVs5XknOPQMcCuzt/hn+zqsiMfg1o4YsdwNuAoJ4ygKjDY7nr0yctXqEc2nExfJIjEFldmSRY1OOoPXjPUcdSA3StOdMkmCS3SiMMxzHFhuRuB3AfMBjO7jBxzxio/szCP/l3Baq2mmri3re3/AG7Zu2j6W7qeKly8vuqyW9+lm73enba+1lfbiB8Kf2aZ2leX4Q6arZAG2BAOcAnaVwMdAwzwerADFGX4E/ss3ol+1fCW1G7oIvkb5gRzwBzwCD1zxivUo00mIRlbqIjoSwLuVOc7twJGQAOo5wwxxl8b6Mplb7QikDducIVIIxnackdhj6deA3FVynCJ/wAGL3TtzJO9rO6TTtt0v1WpvTxTW6i9tGk0tmttFru9E00+iPGX/Zo/ZEmRhN8Lp13DaHhuG+UH0OMcZGM9Mgc53Civ7Jv7F7yru8Fa7BvG2REuHZNxOcDIwCvPQAHpk8ge3GOwnkikW8RVZgwUBdikjau5crz06EYyMZGKglit5Sq299EjgliSoGOBgAk8nsxzjnuK4qmS4Som3Fxa+FJvb3XZddumj183fpjjJWiuSnul8K7p7211vb9NEeQwfsU/sN3IkmuNO8U2U7A4QSuy4yflYYwuMfKR1B64zV+L9gv9hO+tmh/tbxRaFkK5aWbKk9QScKCcnuTk+gBr0eeAQwq4v4y3JYN5Z3bQcAZIIHXoevb05q6vrtGEe6J45OoCoJWxj6BTwc8j064zyrh6lFp05zjZX+J3b93da7vTtq0a/Xaa5faYelNapLl12jdLl0vZXSfS+5ysv/BMn9iu/SEWXxH8RWBkO0IJVYKGPTdIw27cjJOQDzzuqlP/AMEkf2bb0/8AEr+OOrWUbZSJJWsTjOQS2XLYOOScHPzDGOOrluXEDRlo4Dg7HkKKCx49SSBx1GegXvjmLm+NtviuZ2mlCEq9vP5YBHOThxwByO46nBOKh5JOL0xEoLTRpOK2s7tO6vbTZJ2uH1zByklLAUpa2bUXFrWN0mr3euqvotdFqcnqn/BHDwBKG/4R/wDaDbZChZ3mjsWVQeAdqOW69h0/i6A157qX/BHDVWhdtH+OPh66RF+RroIPMzgZZUO5MEYPHqSANteqQ+KLuJX+w3d6025Y9sFxcy+cCcBUWMN2wGDKDyOmCa7Lw7e/EG51YRL4d8ZT6V9nEk8tpZ6s2DkMixkxbWZ84O4bSMn1zxVcHPDpueZYeySvGfInrbr23te+6tuzeNHBYhQ5crrc2ivT9pJWuku1m9WnbTq3pb5Db/gkB8S5ElSy+KPgq5ktDucSztGHHYAfKxPYZA5PqSKyT/wSP/aAui0WleIvBl80R3kRX7KSP4B88ihSx7DOcfdOTj9PrvRvHGpCG4uYvGfhyyFvELGB/D13Jc3rjg+e3lEkDA2s3JUjOetasnh746vBbQeEXvHnlePyhqEX9n3sy4XL3BuDFGkQbk7jnAwOuK8iWJhTcm8wwzUYpyTaaa0s9JX2ej08ro7aeSUKii5YHFq7t7nMn00V1o9FpbVpHwV8Kv2Df23vg3F4ksfBWisbfxHaG11u+0PU4EmuIFXAigm81ZEVu+3pxjjNe3fAj4Y/tr/Azx/4b1PXPhX411v4faVdy6jrugR30ly2tS7mYM0qyMxYvgjnBJxwOv6TfDbwR+09bQw3Wq+JrRJZIA0uk6fqelOyfN8uS04HzL2GMMeAMYr648Ma18W9FaNNf0vW7qOKBVSK2+zzecAg3EtaPJyRnBznJJ7qD8jmuaZTy4inUoZfjXiI8k6jdm/dUVdzau4q7Tet43Vj7LKsgxkVh50MTmOCjQnzwg2nG/NFtcq5Vq7X01vdrofA3xn/AGk/jB4V+H/iG5+DXwf8Z6H4/wDGdtPLqF5f6NcyweGBIWjEaPHCxmlSBjtLMdsgVyA2M/z4eMPhX8Y9U17VPFHjfTfFVzqWpzNealf6lpeotNPczHzJ2cyxZRAxIVQQoGAOmT/axYfES6NsbfUfCerwRs486S7spZFCnknDRHeEPXIwW4GetbE1/wCAPE1rPYalZaQsdzEqzyap4ftGYZGeXmhyOSBnlmHJBO5T89kOLyzh+FWphcupt1nzzrKsp1HK91G7Taik1ZR0V7u/vHuZ9kOa8S1MOsXmk3GjBRhTlTcYXSV2lflcpNKzSV3tpc/hoTwP4oilWG307USZSB/yD7kMF3fMBhCQcgcn5jwCPmxWrdeCPFc3+hPpN4CoBZTZz7nYDBwPKBGeN2WP17H+sr4zaV8NvANqNZsW8Kz2QYxRwaZ4StL6/LKSzgRwwPgcbRgZycZUCvmvwl4lh8ea1HZ6B4U0uBpZj5F74g8FwWFnHGx2q08rWi8lcMxZgAp5x1H6FgeI543DU69OhGEI3lPnqWioqykuWUeZ2Xzfoj86zDhKOBrvD1MZecrJcsNG3ZK7bad72Xbrc/mzX4f68jy3MmlX0cKYDL9kulOerYBQADGD2A5wcEgTnwjqu0BtOuYkZmPmSQSIQVIXJO0HPXGMeoGK/s5+HP7OemS2pu/GGofBWUTOP3EVhp0nl7mBUvuQkADKkDBzwwPIPqTfs0/Btrpn1LSfgxrFuzFUt4bW1tyrEfNvaKPJ7fKfbp3ynxtgqNV03RlP2bSnyycldct3FOn3bd1ay8nYFwHi5UlP63TV43ipJe8na2kZXTTu7rTXyP4hbGO80eIoIsklsltwcnIAJLAMAe+MZ6ncKuxeINTjiMazIAxkOQWJU5PBJAIPHU49M56/2g6v+xL+zxrkq3cnw++Eio+UxbXzxSBWyvyptwpA3A5YjdjGRnbw+p/8Eyv2S9YEkcvgrTbTd8zy6XrEKxPK+GUKZ5UOwHkZOFBAGA2K7KHHOTyfvwrxdlZKHM3dR3a0bu+r1bW3XnnwRmkElGpSktHdNx35fK1um19tj+N651zUJonQzuwJIZkdyecrxjI4yAD2I7HNYljNMl0xe6kwF3kMzEyMWxglsANwSwzxk47Cv66NT/4JZfsH20NxD4p1K98PumS0NrrdrIU3E/MDHc7mBA5xnHOckADw7xX/AMEwf+Celna3NzZ/EvWra3kdLeAxahDJNHO5wXVJJhvTJBJwcZbJzkH0qXFWU1qMZOGIbk0rOjK8bcqTajd7JpPX8zx6nCea06ri50Gvds3WinpyaW0bemq6X2P5sYtbtFkUi6LSlAWG1WC45x8obIJBwSSOPfJ1YtbWZ42hkQxLkEunIPII5XPU4BAHUYBxX9Fml/8ABE79m7xZHb3/AIU+N15Fb3SssMUl3pjzscZBZnueMAgBeHyRnmmTf8EGNJhm2aF8cbMJJlYIr5LSd3dsAGRreSQjHIJOSR6ms48VZReS+suHK4ppwmtVyrVON7NduXtdg+Fs2g01ThLmS1Ult7uru9brf1b7n832pSwy/JGHZpOpIVgrA8nn7ox1GeSMfXnDavdykyxs/VegXAAPDYAHB6HrknBzg1/R1qP/AAQR+KjXDR6T8WPA9ygViGl86J9rDIJygPmr+Cggjqa8m1r/AIIaftFaW8psvE3hbVmi3Igtp8NMm1gWGccgc5UcjPOeRdLibJ5OMfrtOK5lf3XGKtb4m0u2rd/vtbnqcN5wuZRoNuyS5bLtpdSs+qs9Vd8tj8FZdKjT9+FbdG2wt1JHVhjOeOgIHTOcjmqXkPLHJvJdC/B2jOcEDjPQdSCOSOnev188Uf8ABJD9qjw9KQvhSDVrNBtkubKfJLEsudrsCTnIJJ56EjBx4zq//BO/9ozQmmj1L4c6tDDFky3CRs6A56gJluTnJUYbgDqK9GnmuW1reyzDDtaLScVvy7xb3v1WqtddUedLJs3o3VTCVkk2rKLW7intffXRapn5yDS5pVZvLYEcKzDAI+XaCQO46bjz1HPIY2jTxqoaNCsg3ZU4KgcEAAE/7S5zgYGSNq19ral+yn8ZtOWWJvBGr7kb5Q9hLsZQOWAMe4jjvtHU9ia801L4K/EyxlMd34R1iKUBh5f9m3RBUAjIYREE5yQ2Rn04Nd8K2HkrrEU6iaWzhJa21bTtLTS2l3bzOSWDxkU1LD1UrJXdNrV2tfRXvona229j50WGSFgoXaxJ2hhkY6DoO4AOR/Exx1pJITIJS2MthWBI57EYGeAM9snvmvSbzwF4ksw5utF1WGaMsrRzWNyCMEnOWjxjAPoB2+bDDh7m0nthKskbJIrkMHjZWUjIP3gpOASBjsQO+KuVSnKnpOMrPSzWi93zfTS3TTXo+X2VWDs4TVr3vFpLSO2i9X6tX6nONaCQiMFGAJGMEDAzxnoRjIwCB2JFWXtlRQf4lRQpJJPI+8F5ODnpkZOSe1TJ5WWAdTKCTtyo4AwRg+nQcYHygEkZq4BAWUuyrlcfK4AOB1HVSAD0IGCW9scUVFqX7yCdr2bVo2cbvaze22rVttBUoybaUW2l0TdtVq3ZpJWtpv8AIzI7MYV2VSvJULnkcdc5+bcM9x2GK6Gw05QTMUVkLD5C2ckgg/KRlfYHHbgmqHnWsJjDyRnOQgEqgEdMYzgk9s+oIxxVyPUcHZDErq7EAq2/oOSuCeR/eGOwPpQ4Xiv3ittpq21Zt2vfb0u007pXOqlzRTvF2a7NvT5N6K+1tvma7pDEsuyNmCArlgOuVJPBIBAwc42gDIAyc5ivFCZAzYMjDbkcqeRwTkDnOSM9MDGchzyfKSGmDNglTGcAnBIIHHT26ZJOMk4rxSymYs7ZRgIwwcKAerd+ncdcdM4Apcm2zd+6abckm929n57XtcFO8krLmje605deVN66rRctpKza30NmW7tyIw7oqxn5wMEkYOW44GW2lcnp2zkVetHtGcTeYJQMFY+S2D0+XnBGMc8FTlvSuUtrC4dnjaImMMBIVY7ihJBC9epPbqOa1BZSxfLbAweWAoEhAZieMbhksfXJPfAGBlcvM17jSslpe6fuq7el47eVnur6aUq9OLb5W2mtEtrcq6KzSUU1d7vbRJdSv2fzBLJAFUZeNs8A5HzMvGdxwSDj1GCtOj1uCJyDNtWJiqEDhhgfK3bbkYwDkZB5B45wwXMYVZLkoSuXBfcCQDkDBwSACeQADnjpmNbKJkkmZXlJViRkqRjgnaQB2JGB6nP3TSlRenLFt3d3pfZbWV7t6b676ao3WNbs7uKe6dldaaaapaPpp1utTpv7UExaSZwgALRurY2DIxgqcEcZAxkYNWv7RVhGhYhWXasoGCdw5POMr0PTrnByuK5SK0g/dRqlww3DzPmzxj5V44zkHcVJwM88Zq9eIqQsih8jKxKzcrnHoeoJB56ZxmsZYXljzN6uztdN2bWnRJ9NPh0vsdVHEc1m5WTSV9tU1ftbTq/K73J7q7ilfEAjkSFszFs7pcf38dcdRyMexwKis78wyl9jIZSAqqwGCDwcZJUHqDkHAXJ5ArKs0Q5EiuqkqJWDFScE5U45HuSeRkjHJpZYYYiRG0oky4j+YsFyMqeCTkYBz6BRwBkZJJWs9tbq/krWerSTsrpJvXuzpi7u6km0ldrVfZt66aLzd9NUdBPqqKhXzXR2z64br93awLHJ6gHOcj0MttqVtGkLXE5ZiQcqcsDgYOMEEAnn1yMckEedzRyLOTIZpfLO87i4YryMDI+uc8Ht6iU6h5Ubxx5ZgH8tWUZQgZwHJBwQQf8A9WBj7R8zb6WgovpblbbXW/Zta37A5uL0W6Su7be7fR/8O7PRHtNrqsckMQiIfeTiU8HHy4Po20gZznAz3wa0vtbBMtL8kJHHXIyNxwQQD2H8OOc4+Y+SaP4iWG2UXJZMoVwqDGQSCQAAM/3gAB0xk5B6SPX7eVIz5mCcfKR95s7cEgcHjqSMgc4rpVVtqyitObV9lFpbN2TTdr2s7dFfNVru91vttd2VtHtqrvdfcdNe35knBBIMp2odgAAxgsxIGMnIzxxjIptkCs8koZSoAYhjySvTkgdcA5Ax8oGQcGq94IXaBoQ0ghgMkg3AkbjnJHIJU55/hGMgYqlaThZZQDliFOCV+XI7knHy9Fxnp14wZnNuVnq76tXstFo79E9LdUl6vqhJ381fW+u6fb+a1tttWkdxBMWCgKhbBYlQTtHIwOMArnqOME5IXIpkzl2hCkcuGbcckFSSOSCQuQM8D09RWNBJIQxW4A+TJPAOeem3G44GCACcEcDGTA0srSoRIoXAyd27aAwzkt1LL8wBzj1AxWblyuOj1S3aad3DTR36uzV+nmwnrJO72W+6S5V0bWmtr36btK/QyEK0pKmRnISMk5UHAwGGegyMAnPckE5Ehk2xRoWVQuQVUhgCQSehOCckkZHQZHAasIXVwWJVwQAQAFDZ4z3yCehxnkHBJwcvN3JHGjy5G48EgNuA/hAGSMkjJPPYmr50tbaKy2Sbd97vVWdm7K1rK+twlqtO/vaJK6tu/i/RJb6lua4bzo2V8ldqdMdcE4GCABx90ZJxx69Va3TBEkU72b92WDA5UABeD0wMEHHoWzivOVvQ7szFkZyx2suPlHCAcEgA44IHTDKK07DUTLtViq4B8tQeGKDgtwQMk+pHzcnaKcZJ77Pe0ndtuPq2+uvXRIUXJ2jbpvfqnG9t+mmkWrvRdF6FeCCRGV1YMFDoQwbk9eoBABPBB4/3gM5YuEUJCCzDJJcgLhu4BJ9fw+vSsR7yRwFD7pDgElyqBRjhTkjtgYPYD7xGIXmWMbEbfIH37WyVHGT82cMAc56EnnkGk6rvZNxs0ne73tppZy2799tUVy3u0rrXeyV9Ht3XvKySei2OkcG5lijVhuGMqWAG0kDPB9cdOOgPBbPo9itz9nitbZNqxhMYUu3T5nUDG4H0JyMDpkCvLNKnE1whAD8Fpc8KvU46kBVOduGHrgZxXunhbUreGKJ2TzLh3UHcBt2jCjCnoOVOQMHqT0reFSV/i0l11u0uW/V2Wy+dm1bSo0Pab+SutNHy3u2120XrdrU5W4+F/izxleW1vpyiRppQpe4JCRRhwCQOSFBYsPl6cbc9Psf4Y/sS+BktEuviDqv9o30rIFhs5BBHGhAOwnIYkHAznGSMc5NWvhhb282olcKbjyDKzBh5ewnJVACeAMAZHI6E9a+o7exaV7Z4kaKEqmHd87GUEE7WOQD8oUHoBjHIxFXF1YppTcXZLfW111b3Tvdp9r3dj1cDleHcuatCNRtWSau11vr201v180j8v/22vhn4E+Een21h4Mt3tIdf0q8hmtXLyqXhAxOZHy3IGNvT0zzX5oapbW8nwtdmlYxK0O1Yly28OwYgKckqTnkZGRwc8/sP+3T4H1HxJ4a0jW7SOe4/sZrq1uUkIQMLlf3XJIOzjd3wB6Zx+SdjqWkaF4PaHxDtt4LLWHilLIzxsQ3yqcg5Ve/UEDgevH7Wc4TlKbk+VWbvdpuKflv5PydtTzswpUqONcKcYwhJxuldNRtG/wB+trt9Oj1+YBp9s0o2S34TaOfs0h2qMEhsAj0HII4PQVt2vh22vVbytQaPB5822kjI4GQflxgNxnHBz7Y+jdG8cfDUqG+16ajFj8jwxgYzjaA4yQAcH7ud3OcjPquiXfgHW0kS3k0GWaQb0AFvgjgYcn1527VBJHQYBPmzxEoU3KVOT06J/fsklq9LOy2M6WBo1JKPtIa201vrbdrR3bb1vffY+Hj4C1a8me0sZobpXKkTKHJz0wxACqQCOpXnJOc12ukfAvx7ZQG9OiyahbMxJe1xIVG1iPlGW68H1ycg8Z+9fC/wZlJfVdJaCzkuG86BHgSWzmQnPysQwAJ6FTgYGAOQvq2i6frPh2WSPVNHKoGKm901S8HlgBWLxkEAsRnp7+gHlrPYUZ6WlZ8soyWt9G9raeiutLM9L/Vx1KavzQUvtxjdW0S20d381t2v+WmmeGdR0y5ure7sprOUSMoSeMxMrg85D4z0Oce5BJNF5YR/aoVcFtsbnG0jDZOcY4JbGPXt61+tkHhfwL4tadNWsrS8DbskpHbXwYrwxPyMQuTzjkjPNed+If2PdE1uSTUPBHimKC4ELudK1OI+WsnLCNZQpJPYZPHXBxz6GFz3DVbqpJUr2+NX0utOnxbrS+j1a0fnYjh3GYeV6TVZW0SvF7x0absrLpvdvyt+Ys2kiSaIohEYJyBk8ngkDBx3LDkc5ABJFTLo17ZSJcWrSQMWDpLbSyxzJ2HzR4PUfMRkY4z1I+rvEH7OPxH8MSxS3/h64uLNHkdrvTwblJFzyQkQZ1X2IBIGOoxXl97pd3Y3EVvdWz2gid0zcRNFKcEnaySKp5/A9+gzXpKph8TG8Jwmna1uV9Fq7Jtad+t77HjSWMwkrVFUptWu/eWunW2/S/S1tLFbwV8dvjT8OrtpvD3jfXIRbkFbW6upbq3YKRgbJmK44wBjIXOPmLCvrLwt/wAFC/Fd1GkHxY+Hfhjx7phRbe5kurGL7SyYAPJiIyBgk7sAkjPSvjJtLiuHvJJEJIkXYo27Sm7OVPJIPOFxxxnpzYg0mJbG7PlDeZFYK2GAyBgHceMHr1JJ555rzMRkeBrpuVKEajfxw92V9JN3i11VrW0v10PWwvEOPwuka05wj9ip78WrLRqSd77e75dj7wvPGX/BPL40IV8W+D7z4b63chVEtk0kVvG8nzZCRYTaGYYB2jGc8DiKf/gnT8BvHgjvfgz8etLZpYS8Gn6pc2yjeVyiMd/m/KWUYbB78Z5/L/xNp/l305dEQ+UjLGRhQcA9DgYJUcAjrgkZ4r+HtT1nS9Qs5tN1LUNObzUG6yu54TwduTsdcNnjtwTxxmuJ5JjaXLLBZjXoqNrRqJVYPVbcy5rO1t21a19T2aOf4Cvb69lWGq8zu5017Oa+FN3jpp5rZn6R69/wT5+OfhLRYrPQbOw8X2MEbl7vRLiMtKu7cMjeN5PUfKfYkkAfIHjT4MfFHws15Hr3gLxHpog3IZW024kQqrHc3mxRkEYGMhtoGOepPoug/tK/G3wJcbNA8ea7HHCIisF3dS3cYK442uxGCOSNrE9CDX0/4d/4KV/E20trax8eeGPDvjWx2iG4W7tY455o+j7iImyzY+YMRndjHdeX2vEGFm3VjSxtOOqUbwk9r31aT9LWtqXOnwpjnGMJYrL6jXvc/LVp3tG2mjtd62vZ6K93b8tL+J7aWwt5baaKSNGys0bRyBi2CHR8NwwIwQCcEAjjDYr2KMyOo2spOQ24cg53AEKCARjAOM9McY/ZGP8AaM/Yk+LSQf8ACzfhHL4V1GdBHNe6XawxQoSRvkDwKsjbW67geO3QG3ffso/sR/E+Jm+F/wAY7Xw/qF6oeKx1aRUWJ2GQjG6YAAFsep5JIXGH/rO6U1DGYHFUL2TkqbqQUnZXUoXvbW7a89r2JcJ06sOfA5jhMTGytB1PZ1Ha26k2ttt97PSx+Z3gb4waR4c0ldNvVcfvHDMYw42ORu2khio3AAE8joCDXl0+v2l7d+JdQVFWK91RJoiTvYLuJU7R0GAD2wecZJNfpvr/APwS/wDFRhF34P8AE3hfxrbLudBp99C08qlSyf6l2G44HGcjGScnA+Wr79jX4u+FY9Wi1fwJq0UUV6waWCJ7gSRI7fdaLcTjtkg88nGK3WbZdiGpRxUIaJONSXI9430l+Lvpv0scD4XzPCRn/skpKe8qdpJ6JaKLa3d+l29lc+F/HfiFJ57eKF2ZVBxIV5YkksFHbHsBnnuDXncWpEkN8yMrcZC45OcjgEnpx6k8Yr6X+Inwb1HTZxHc6fqFhOM7Uns54QgzgbjIg28jqD2BA9PCbzwXeWEhD7XCluFbBJGei9hyefyA4A9Whi6Eo/u6tOonZe7LmW6ta3W9tr/hp4tXD4ujJxq0505J7Si0r3Vruydkr2S1b3bTNS2v5DBZzRZZSrZbBPzA8jbjGeODxy3pTri5uXIJ+WMsXxt4IGBkqcADp9McAZIG/Bo0dto9lKGKTLujaEY5JAyMEg/KSN3BI4HPUPa2so4QZGZ2kXAwx2gsefTHGAT7HkYJrZTpxbsm9W7vlet1tZ6L9d77IUZuNpWetnqndpKzd0r9Olm++hybJIzb0Jy7YZtvCqw4ySDkc5z16g9Tnes7UjdhS4a3IVgflyAQck5yCAeeh78gYskQxxjYqjgoACDk4xknOMN2yOMnPNNhufLLKin5YJSQMBRkDj1OfXj0HOafOprlvb4b3V+sXqnpfrf0ClC0nayv87X5e6a11d/K9rnFXBjjeQyRkb3ZW+ZSRt+XIHUZXk8c/nUKzsVHyqIwCUAPPHII2YPbnJO3kHriqF5MWlDFyW8xj0AACsc8DrjgdCTjGdtVHvTHFJtYHHAAGQoOOC3OdwxnA+hPWumDcYpqUebW10nfW75rJ6W6dXt0vlyqU3za21vtJ6XaVrRu+t9lsbj3820xhuccjp8oHTPHYADsCSM8V0/hZy8t48cZbEC7yeoOeQ2ATkdcAjBOCa8wN1JvJ3ZDId+Mbs7cc/ngdOvYDA7/AMEahHC2ptI22IW8bM2BjIPTB5bcBwOBg9s4aptuEvhd1bRc1neO17XV/u6l0acXN6S2dr6vdPVNtLZXvutbo+ivBKmSQbsINiErvGMgZGPQnHIwRuyCOSp7DxXLKtvAVJXdIMA4IzggkgMQBzxkDgA89K8o8J+LNMjvXIEhxFl0YBRwq4IJwWBXsOSPmAwQa3PEfjTS7+CLyrnytjgOJFxtC8EKOvqATyR+vKrNdFd3b1V9ne7er11Wl7O9tjy8VTlGu0ov3no0rX+FdbJuztbe3yOp0qXaBvy+FG0AYAPXOR8pGPoT6A9PLfGEUc/i7S0ZhsNtMCAWJAGT16nGenJ7Hpx0+leJtKRV36hA6lQFTftb0AOeAVzweCD0yDxRjjtdd+Ifhq1jaKRbpbiJjFiTkqSEHUZBYjIx1PJHUqzUaSlJpqNnp9n4NN9Ouist+qaU5ZTf1uScXaaaTfrG0VbVLX/NqxhJptg3kwpL8pfc6uWibgAYUMR97JA5/M5rO1rR4vM22wlXaRiPaXVSQQHLKCCQQDjJ4HYHFfa1t8FLlbKDWG8Fatc2VsHkmuntLlreZVfnZIiELnBOC2ADktwCdTTPh94XuU+3Np1/FNOZoI7WC0NzHCyIeHjVSybSMF3XoMnbgV4TzWjrF2aezTi2rKN3pdpLaze9tm9Po6eWVI3Sm4vSb57u+sX1317N628z8/INJvoZ8xxSzGQBR5cLyHcQQSAOduOoyPpnrfuNJ1mxSS6Swv4njjfdK8EiImDn+JBhSoBLEYx+v1hYarpnhDxLbz3Vvby6fbTukZFmjmQxybXWRGBGAchgfmUgkj+GqnxK+JmheKv7di0fTxEbmxe3kQRpFGgjB3SKqBQN5G1cDbtIyAemUMxqVa1qVNypysnJXsl7vm32s2lva2ppLC0qcLzqJVItpQSu07Rd7Ny2d7vru23ofMHicts068aQyTTaXE8oPzENg/KFBPB9QSMjOBjNcxZu4XfvJZsggKSffOQcgDPGcDoO2N3xE8slvpkoRY4109I8KBklcDkYzjsQeQSSMkGsKxiO1JXcAsWyAPlGSDnGRyc5647Z5FetSfu3cXrayd1azWve+nXvp1OZxV2nqtGrpJ6KN2+99uvV3113bZy67YzjJOSR/d57HJBJBGO3UcVs6RaPc3tonklnM6kMRgghhw2OMnjA4ycj0zR0yNSGIU5GAhJADBumfQcnGMk4OMA8eqeGtJBurRoztJlWSQZVmA+Xpz1wegyvbIBzUV6vJCUlo0r/AHtd11166eoYakpThGW11ovJpK6snZ2elm9NOx7x4W0hEs7+4uYyCulTFcH5lKQnDAYyRwfT8BxX5uQIX8bakxBcHU7vbjnd+9Y4I7kDHToOvQk/r1ouhpHpOqXYxJENFnDMSGKMYCcHIx1XBQZGAOSRmvyZtIQ3jm9BJCnVrpeOCR5rAkYPB4J69Mdq87hnErEZhiW9eSUUvNuS33fnfayR63E9H6rl2FSpySnCUnK1rv3NNLJp3vfWzXqe0ado4kUM6cnGeeFUglflyc+mcduD2q2/huJ2RkjZWySxHKjGc4BHORnOcAdc8V1On2bFYmdWaP5UGMqTg8McYOOT19O+a3lhBZFAPmISPnCj5c/dYdO3TI4HIPQfpsWrJuO+iTT8vJXTS1v2a1tp+RxrT9o73ik7JWvJ6p9GndrrdpPueUah4TiE4lETIojIIx8rHHJBzgH1z3JIPJ283JoCh9qZU5LeoUDccKcbtpAwBkYIPU8n26cSN0j3JESHZgOd34DIXjnlWOOgrlp44GViiqZN7MVbGCAM8EHpnqueTxgZq5UouPM4x0s3stkldPfRN2drN6aESq1pT0lJX1aTtZ6W16u3e19rJaLxjVLGOCOUxoQWjkDZIxlRjA9RnBYdyMcYyed8EWwkmmXZlmmccksDgnKMMcDBPXGDzkjOOx8RuFeVURVwjhj1GTuwMYPXPTJzwD0Nc14GdYLmVgSp891LkZyGYqNqkEE7uDjPB65xnCjBSxlKKUbO+66JrZ3e2/mtbNo9X2k/7MxMuZqaSaet76ap3utk9vXc9ki0S3jt8Swxl2COWTBAXBHTDEjIwe/LYwACcoaVbOWfyY2CkjgHd1zycg4JwQOmF5xgVui6G1cSFoydpYDBJIGAOpIHHt1I5FVxceW5UKpJByVGN2S20Hg59Dgeh/vA/VrA0pcvuJtWurR1ejdnpv001ta9j85q4/E06rar1Er23aavy2d01e9lZaO6bbbdlnxeHrOQEtGoVmUAqTlTwDxnPI3E7eDgDk1C2iWrXCxCIlNx+bcQTjORwfqcnr6dDW7HcJs+dSuWJY4AIBHTg55I54wMZAK4wklwm+IqSyqTyAQSMlhjHClQOpwd3IUYrOWAptpezg02tbLVXi7S7bq395elyGaYzmjavNt2b95taWs918rJ262Zg3fhK3D7VUDeMgqxBGfm5IGckEDPPzHg4INUX8NeSX2mZdoONryDB7MMHJAPTpyM5BJA9MjlhmeA7QUCqp6Kx44U4I6c/X5jk9kvGG0gIHwMHIUY54H6DHI54PXNc8stpNO8ILVyVrN2VrW10T0262urWv6qzjGQs1Wm1ZJ3k7te67vtb79lorX8uGkXCbmiu7yJkXH/AB8SD5sk8ANxxx06EnPOAzydYijIi1bU43ByhF1KEByMFPm6EYPQ89+x7K5KZwg2hMsxIG5txx2HOODz78YHFWUB4djc7VVcHAO7sx5YnBznJyT0zxjjngafK+WytHo7720uut7N7/K+vbhs7xbnFSqz6W97R35fR9k9XZ33R5NqPi7xlpGrqlv4k1VXjRSrtdyMcem0v/ewcAjdzjgDHXaB8QPires8WneI7+WVg8m3LScLkjOMDGPoevXpXm3i0lNfkGAdkShSDjoOMtjBHPUsMHjoePYPg2qNq8eV3J5ZEgzyS4zzjgD1+83JAA6jx8JhI169SnJ3tN2Ule+sVfVd9E/udj6vGZjiMPhKNWNSSlKEXvfVuNm9ddlbV329c+T4x/FuyeSCXX5yyPtdJIgxB5znODx06DnOeA2L8Hx/+KNoFU6jC6hdxBgXkg8NnnkDGQAM5bPGcx+OLGK317Uo2iVPMkJRQQQQxJzwOM8EkA+o688C1orO4YEZBKntjjHPb2wBjjP3gDVfL/ZzavdXS6t/Zet3bVd79zGhn1arGMpzldrW7e75bt817axbSvZ9109csv2nPiZbjbm1lkxxujYOxzyTyMY4xjHXnORWzbftVeP49yz2lvKWIUs27IJ6qoIx9c5AzyBkmvKNI0sGRn8kFQoViyEbhztKkg5I45x6+lba6HYQXZaeHGCGVt2UHHJIwDu6AcHjn5eSFHLlZNpLTXR6W5Wm9LfO9rt32sKXElaE3Dmbs7Jp35n7ul9raq7Te77XPRz+1Z4whgaW40a1lKFtjHhkOcHK7ASCPvL6Z+tFt+17q6KUuvCllNuA3sASW7k42FRnByR0PGCRXnF9pun3IXyrdGjAZmJVVLbcjaB8uTzuGMj8znEbQbIqSsIQ4Gz7wxnOemQPUcA4+o25SwKc9LLo7LXpfq1tronpbu29aHEMm3GppqklfVr3X1T/AO3rJ7+Z7ra/teaOjSrdeBYH3jDYijcYHU/MBuUc+3zcnOKxtd/ad8E6tqWlTTeDIRawlhdQtbQHeSAPlJUDaDjv8vIOSfm8Tl8PWSK8s0SsTkZDAkFSSAV5I56A4PGMjrXlviyzhtdRtY4UESNEGxjksSRnHQHH6Hn34sThp0oR95O7SUVdNJuOq1d3p6Pzse1gswWKfu62jfVLS3Lo76rba7Xbofctr8fvgvdgi58DWqEkFHFlFuRSeeVjKlsZBIJB4J5rXX4t/s/3bCOTwnZBQu5mls1Vs4GduyPg89+h5JyOPiLw/piztEzncrgMyZO4gAHjJAGCMHOBwef73ozeF4TGZhgq0LEKACwIwfmAIzgDBOSMYx61rTy2pOMZqU1dJ2W9rLa2ya+WyXS/Fic9jRqOEqUPdet4rXVO6+7fe+lr7fTA8Zfsx3hG/Q7aIBWL4EsfJ5I3Afj1GCOhxQ91+y5epHHBpqLxufF48bAdTt3NzznPU8k49PjmXTI0kljMWQMqgCoxLHnqVDEc5YdVIxgc1kNpTKCTArFgduFOG4JCnbwCBhiQeuBjkYmWArx1U5pLa3N5erTto9Oj8x0s8w1VK8KakkukbWuvVJOz8nofbD+G/wBmO9eIxS3MEbD53jvwGTJznmQdhjIz1HGOCg+Gv7Ot05Wy8QahEmMALdQkoWOBuVm5yO5yecj0r4jXTY+TJFt4AyjSY5bHbhtoAPB7cHsJ49K2yDyjIEK5wJHBOMfMCQBgYye5/MjN4Ku0m5yTbT0k79PLTV9VvZ6p2erzXBJe9Cna6vaMXrdJ2WqSffr6s+1E+CPwbuJXS08aX0SBf3YeW2YqRnIyZCQCw7Y5yc8Yqf8A4Z+8AOqix8eNuTOPNa1JAxn5yGz689uxzkH41h0u6G5vPuo1+XDRTORtbBAxnJyMjoSRjArUOl6vBbi5j1C9TbuB/wBJlDcAk5BPpnI6EHnb3Fg8XGLtKbsrtJ27avfTq3bsUs2yydr04S0VtLNXcddLWdtex9L67+zrpN3p88Fn45098oAodkXe4ydrHPy/wsCD9cE1y+kfsr63GBHbeLdHmJXgiVeckEZPYjnjofY18t6rrOuRGVYtV1BlEe9l+1TDBAK84OARjAJHXp97nS0LxN4xksVntvEOoRsVKSKLmQhQhwvy5bGM4BGCcAZOQRzp4mM1G757OzfVaXWm+tvTfRarsjUwU8O6nLy0tL2Tt06aeVtle/aKPrZ/2VPHQCQW+qaNO5XOFuUO4NzkNvIGPXIORggDbjJuv2XfidbMyrBZXG0jGy7jBJA68uM8cjPX3xXhVl418d2shaPxNq25FAU/apyQfTJIxyeM9gciugi+KPxNgIdfFGoSHP8Ay0kdivUkgEtkHsSD8wGMEnG6+t8qlo77JqW2mulrddrvpbocEp5TJpOcrrrzXSbUdNV+L023R3c37O3xUhkeNdFMpKknZMCc4OCCH477cdfwrOf4G/FW3ARvDt64Vf4CG5Oc8jByM9Og7rjrkW3xv+LEEhePxHcnIIXeASQpwAcegxgjOATwADWza/tH/FyzAQ6ykrHOfNhByM5B59RxkhV54HQVrz1Ul+7aulze9JbON0lr122+QoU8slr7TS6urptbab6NvbS1r97mbJ8JPibbsUbwzquACcohPcHqBk5GSSD17jmsl/h78Q4CyzeG9WVsty9tIQmeATleQPXtknvXo9t+1R8U0fc81lcEYGPKGBjgscKegye3XueK2rf9rb4kqxlmsNMmY4Vi8KMCq5znKMCMFh0+XnvzQqkrfBUVraJttxaTvq9LPdb9dk2VLC5e9FXS1V79E0k09L6PW6eu1jwSXwj4zg4m0PVFUEkgW0pK8kBsEAdemAQcYxk1iTab4gtVZZ9LvoCG5LWsq5yTzkISQuTjouOhOc19Qr+1l4tkz5/hrSJZHYlnW3j5IIOSFjI67mGBjq3HencftRXlx5gv/BWjXDOASTbIFAHPIKYBPHGCD1bgGqjUb1lGon0d9Fa2907vv0be2txwweCcotYmK3t035dG331Xmn8z5C163v5YVimtLhFSVSWaKUbskMcAKeBwSRxg9wTnqNAuprO3iVog/luGPyEMSe43AA8fewTxyeOK+g5/2n/CoULqXwy0W5Bj2MTBEpyTtJUhO3I4xlTjoStbmk/HH4Z6iiGf4YWZjVWBMMaYLHPGAuCoXOcjnjnrU05U1NyjzOVkmrJ6q1tE9F5rZo1rYKDoqEa8FFa3bsm2otO70S9fP1PFo/EqSREyWsYztG9QgO1TgDHrnOQeTkDknAvN4jtWUKLcN91j5iY57cgZzz69Dmvdx8UfgfKoju/hxPGrDdmDC4Y/d+mM8Z54O3GQBI3jX9nS6CJL4V1e2Y4Ysh4ABJUZ7EdcjO7kcAEV2r3rN8y21abtslazTurtrffW+55by+F7+2oyeiaVRLVcvvay189XbW3c+d31OyLMrW/D84RCpUdyDgNjHfPHANaEGs2flohDgq2VHlHIUEDGQOcgEBeT14ORXvU2rfs4XXIt9WtGICglOQT1LYzkc4z1+lSxWn7Ns0YRdY1KGU7m3yKcDv1PHzHIHPQ9OudFtur2W730j69Xs9etuhH9nQWnPCzs1aeq1Tu9e97dL6qR87y6jp8gcYP3zhAijaue5wQc4znJzycg4w1NSsVDqSgwV6jg4wfm4xnuf4cHcAARXv7+EfgJeI5tvFk8E7OdolBKgHODwOhGPvYGDz6UD4VfBm7t3dPiJBA4PCvj5WJPAJfGDnqeV9cnifacv8r89dHZXs7Pb5/nfN5RKa92cb2skpp81nFJb92t9VptoeDPc6ZINwlRGYABCq/KT1PfIOcHG05P5Qmax2MTJGQMARlFX5uobI5bGM4OSSOTxivfJPgh8OpV3WvxN0wBAP8AWSRfeI4GOT3wTjK7S3GcivJ+zt4fmRzafEvw9MW2kRy3SIM9f7wI6YPIAweabqOzb5UraNXvbRq22n9aELJqykmpxbjaTSd9NGtdtfX8NT5D8Vpb/ZLiVGXzDIBsRQCMnII7gjn5WwWAzhSapeEgkdtucN80rBx8pIJ46HJJyMELzyADng/VmpfsuS3tvJFZ+N/DEpZTIgF6mWYLnqWyF4z6YPPJrO0r9mHxLbRCNNf0OSRnyFTUIlbA43/f5VhwCMHB6CudXdVTk48ig3voneD38r382/Q9OOCxFPB+ys5Sveya1Ttq7vVpvXr12PJYzZhXDsyjaGzgAjOcEdBjpkdOOccmmgwIrcqyuCx3KMnjOGJ5zwOmOeOfmz7tF+zX4wzJGl5pM7sSNovYj0ycDD/xc4zxnJ+lyT9m/wAcRRoGhsnZgAgju0YAZAI++OScAD5ecdgTWjjGT0acdHfTVWWltdkmtfv0ucCwmLjflhNaaXbX8u9l0v0+56HziUtw+7Yqs2SAVOCTgbsKARjGD69SccHoLe/tobNoVAWRkVSFAKk4HTOG+Ujr7fw8k+rz/s9+Og5xpYIhO0bZ0ZX45AKsSeQR1z8pxkEEUn+AvxEjDY0KRiDuBSTqueo4OSByV75OTgZESpwmkmnZWu21pazv62s1prfRLZipZhDVQfo9eqtvrr8u6VjyUxQ3EinKldxLtgZGTyAGww56DgYHUqBnpfDgtLe4llMmVHylGIGQD6DIY4Lejc4zjAHUyfBD4iRFv+KfvSX5RkJbn1OBkEe49vSok+EfxCt2JPhvUSyj5cq5ZhjBbKg5/Lv6DNKFKMXdc17W+LdcsVvda631W76dM7Y+/K6TtpK9r6pRSsmumm99V0ez9UurKSGaGN43jkDNtOAAeqpzkgnpjPcKevPmU+iKzTSlFUuS6YzhVwSCRnPYnOMhs84zXoUvw98aJ5gn8PajCUAUKYnYA4OSwCknJwTnnOelMPhLxVGjGXRtQREQKW+yvtIzyCcYIYj8TjkDIG0ad099NXre22jbvt8t9Lkyhi0+dwkkrWSTV9rL4Xez63sk99zx6+0IOrsq7gOCQOAW6hVGB24Lc9+RnPGxaU9trzRIpYrGX2gbiVJGCBwOhzlgMHHOM19DT+GtXSEs2lXuGyPktnxySfnG0+h54IB7YBHL6B4Y1K88apZRWMwmkhWNJZLeUpDKACA5MY5wMA4xnnJrL2d50tJaVIapaWbSe6T7Jtu35nXhq1aKm5wm7U72cZWbslbRava2iT263ft8lzJa/CfXkRFcS2rq0p54Ctkdt2MjI4x6dj8JM535bJA5wD1JJ4wTgccAjrz6ED7cujJ/wqjVkUloxHLvXaRyQQcf7p+91GMnAr4t+yzSFwIXYKTtKxMQoycZbBOTyDwegUAda5cdCo501HX3Eru2+ml2rWt3s29uiPoabhCK52lf3tWo2bSeq2ereluqbuUvMdiBtYLkYzknBPdjkgA56kcDpgCvuX9mQIG1JZnIL25EaLnJPlN0HTjkdBxz3BPxUthfFlURSEM4BPlsMYK5/hyR15YhVIPqK+1/2bi8V1cICC0cdwGDYz80OB+JOQQT1HXdV4FVVUakkoum7d07x12T2+XmYYxUpU01NRtKNmmndNxt+D6a99GrfJXxEhEfjTxIoVgBql11ORjexUkHvjIzjqMAAdOSjLbyQdpAGASwJIAPT5d3IJx0J53YBJ9r8b+B/EOseM9euoLRRDNqkwV2ZkyA5OcEDOB0xgYODgMa5+T4Ya/ADJcTW0aAYUb8t3YjqckdBx14xuzUSo1E5PW3M3zXsmm1q9rbW630umZQmoqMVNN+7Z396+iTeq12766HT/B0ufF2hyMxPmXKgAZzuBHGDgAAqcgc9D643P2h4pZvHlw5iJc2qKRySV4z2GCo4Bz7DHOM34X239neMdGjklJWC+RHkCggZZRhSCM8qexBAIDd6+hNZ+Htl8RfiRcWt3f/AGW3jUb2PyytHtGQmcFz7AkevHNPEVKeHwVStN2jTV5tdElC9lvo27tWXbY0hTqVJRje7kvd3s7qKbl/291d1e7sfCH2GZUWRYZCcYJBA4ye/TJPHQ46c9K3dAiEN8P3RLGSLc2ecl16kcemQSBgcN0z+t+i/shfDaHTre5WW4vY4oDM8skgKiVULAMrZ49FPynOcAnB+F/ij4X03w34unh063hhghuFi8iILw0b4SRgo43LyRwDjjBIJ8DL8/wOYYn2GHjNuLV242ik+VOzVujWltLdDsqZdXw8I1KyiouzS5lJarV6K9rNba9bdvVPiy5j+C2n7huKtabWc4KFkQgYAPH/AH1g8ZPFfAt2XlfbnhD8yfd6+nUEnJByc4JAyev6F+OrdLv4Y6cl3bl7Ui1llBbAACJgc8Z46Z4J9CK+UZrXRIJGkisFdZBhTIVYDaBgHtkdSSN3bnhR9JiaUZSSTk01vbu01u+t7aX1tdnmSqwhK7i+ZPXpu7rz26WV9bN2ueYabbh57WXYY1E6DLMRjDKSeT7ckcA9R6/bXiFGn/Z1lKzBmGqQMiYwW4A4HOduRyeq5PHWvli7WCaWARxRxKsyDbGQvOQMlgFIwR2zkfhn7KtEsovgkZb2Fbm3jv4y0IOd5BUDaOh25y2cDsxHFYQtThVTT1UUtrfZ121va7S3WumyqM1Vq0204x1bbad37vrsrX9H6r4Ik06cszgMw3Af6p+cjkHgjr/EQe46ddHStMuVnSd7VvJX5PmVgASu3kEcbfTrnpxxXttx4nsrfzI7XSbNFwRGZIYw0YAzkgBmJ788DHAwc1yMmsyXFwI5ZFUSyxllijQIMsMqCOeOM9jwD1OcuTZwS962t0/e0te6e7Sur6Xu7No3nWUVa11pZ6PtvZ62W60f5n1f8H7FJvhF4wzF5jpFMoQIV3JtYnkYBVfU7eAMHDZr5PksNrM5giX52jbGCwAZsZwSQFHBwBjODnIz9xfCVprT4X+MSoT7MtnKufKUn50Zi2OvGScZyCM9ea+H9UuX3yIFQAyv0B3NluoAx0BwehIPB5IHVJS5IJwatGzs7R5lyp23XTtZaLVb8Neo1aycbNrVO+vKrrfbpbVaWZkSWqbgAyZDoQFChTyOp6jnI5GDjIznFfZE8RX9nO9SLBf7fAXZWYrs4B7HBAOBk8H5c4NfG5OxgPLJIKNgDnGQc4HIHsOvevuu082D9nLUsx2/kTlHywVnUttGOeVIxnIbjuOfmVOnzKTukuVNta2unbt89d97WuaYepJe0jaTfLZJLvtpfd66L/h/ht9i4i83jjcAnzKcdCfUEHJIBAI44xWeVSRXGAsalEY4wwOTtJOWDY5wMYIxx3HRyQAswUIrgby+1SXB5UYXPOBj1JGMg1WTS7gj5bOeSMgO0sccpCAH5iTjA4xnqCc4JHFY2holNLRX3T3STs9eu6a1Wmi1le1TTVOTTbSTTdrq3qrX1emtt0j6ytykn7P86KqnyrqLe5xgcKCw3Y5B+Y4Ufd6biRXyfctFGTukO0qpjUooJGMjJUAgHJIyeeT0GK+wdChN1+z/AK2kVq0jLdhMCKTcxQ7fkUDIZTjO3JBGO2K+T5fD+s3LuRo1/Oqxg/LbSrtUKdrH5cKepbOOnUsATpXVOChJTUnKK2tZapqz1d03dJaX8jonTqSs1B6aNtNq1l3tfdddHZ3dkjEZlfaxRmk3LsbJXgEc5HGSCQOckdDwa+37mW4n+Al5aRRqtvHa2U0hG0kyFtoI3cEkKu7GCQVOMGvjP+yNatCrTadNDGANnnq23G4bSAMkkEjBz0HfmvvCxTTrX4IsL20mkVrKCS+iAbzGIYlVjPIVgQcDIwCCSMk1hSq8sZNQcrRUk3urW3eu97r3tO246S1imlFO/Vauys1dJWk2tPJXb2Pgi5s5pbn5AxYxDkr0BHALHI5GOAR24AxTNEtJRq9u3miNkkUMdwGHDDjnAOQVTkYGTivWf7Z0VbyX7N4fllR0CxxSlyUwB1J4BI5POf4uMZqrNqNvf3Nnbvptnp2J1cvFFiRQCMCQgY3KcfxHj5icA4xhVnUqwfJGK9ora36r7vR776F+zhHmScrttpdE7xW/dq0mrdvNL3/9oeKYfDr4YOzLlbcrhumfJGGb1yMDjkZBBPUfGYQhXjYqzs3y5YtjlSC3pjJK8nBwO1fdvxwu9PXwJ8N4bqwe/SS0d4pN67QBEo4RyPvFSMZAxyADkj5ciutLEMsp02yUK+AJBukIU4XKqGLADBJA5A69M+riFS9u+adOPuxVm17raim29E3fbVJau2pzypzUYOEZyeisk29Wk9Vpv57K7fba+BRji8f6SxZGjjnRiAMtvwuGHByOhI/HuK6j9pz/AEr4qaiIpMF7K1JaGJ2UFYl/jVcAgDB9CcDPe58KlLeMNGlsdEdmabdNJbWdxOQMAkFUiIAwO+P1Br2Txt8NfjF418bXtz4X+FfivVQ/kpb3Nr4Y1GVbiJV2lhIbUqGHA4POD2JrmcsHCg1PFU6d6lkuaN0vd1tdWWvodUKWKnFRpYarLROyhJu/upJvl1/p9D4wt4R9k2hZ5JDtDHyJM55A/hzyAehHI57k/SP7L1ndnxNr/wC5uVA0ufYJEcbvlIVQcYBJBUbcEcnBJ5+g/DX7Df7Zvi8x2+g/s/eOJXkVHjdtE+zIu4rgsJ1jyAW5BOQM+xP3r+z3/wAEhP8AgoEb+71KT4R/2PBqdu0LSa5eRWwj3RkCQJEzsNhPJ2543ADBylmeS0JR58xpO0dVF832bct9Wn1WvTUulkWe1ZOSwNVKyfNJSgktFazWvp8u5+C/iLwr4iufEuvyW+kzlJNUuiCRjgSt8wI+bpn5skfeye9atr4D8TywKDp4BZOWeVflBzgbi+QCc4BxnjILDA/o+0b/AIN6v25tdu7m88QeKPh94ahvLp5Q91qtwZYxIxJ8xNmBtBA4BG3J4PFe9aR/wbj/ABDitoB43/ac8F6GJABcJZG0kVNuCQGlmRjznAIHY9BXm/29k0JSipVqvM20oUpNvRWs1Fpu7Vn59TvlwvnU+WUqdOnG6V51IwaenRvbe6179T+bv4BeGdS0nX4Hu4lW4j1EJHGG3DawOWLYwcDOMN1B5zmvP/in8P21jx/4pupNQitzJqDYjIXKk9zu429iwyCMHjJz/XP4P/4IMfs1+A3E/j/9so3LRkSSxWD6XahGVcMqSR3YfJwQCAThuAK7OT/glv8A8EjfCU4ufF/xU1jxdqCkme4bxHcr58m7c5KW0kg+bGCDkc5GMg15FfNcNiKiVLL8wrWekYYeT1bjZ3SXNdp6u2t/n7mGyLEU6EFXxuDotWk1PEQTVuW7036tq+ltn1/i+svhbp0yGNvEdtGEUGXMseA2QTxuOQBwfUnaDivon4J/DDRY9egmjurC/QwPaQ3Elu99HJdsCFUwRxvtYZwGCgHHQ9v617H9n3/gi78PdkmlfCq+8YzoCsivdX981wyj7w85ChDt0AzkjsOK9l8G/GH/AIJ//DeKKD4cfsb2kjRurWl3c6BYSMjg/IxknAcNwCHPKnkAGnCnmGIXLheGsfKUkrSqU5K91GzV1o01pte2p2YajleGm5YzPMGlH41CrFuycbKN3da6ababH813g34OfCHw0LTV/F3/AAlr6ml9JNe6fa+Cr2XSFwc+euLUrJFsbPOABj5sc19EaD+1X+yF8J/EOn3Wj6boWq3OhkNPHqfgC0lvprlcF4XFxbjyypG0A4wM7hniv6F7r9vDwEtrJp+n/smeE5rVldEF9Z2MReNhgqdsDYJXIK7m254Ir5U8W/E79njxVqE+pS/sM/CxNRnLy3Ez2sAFxLIT5jyhYSCSTnJyTzg44p0+EOKszpujicnqUaV7Xk+ST1ja8+a/ZbdOvXV8UcPZVUVfCZhRnVSUeaUHNOyV3ZJ3d0k29G9+p8NXP/BZv4LWMMbaJ4JbSZoQVIsPA+kJbyITtwdsYwTgANwGxnrWNqf/AAWp8BS2Tw2fhXxZ510rBpbLwnaDY5HDxGKE7cjO5c4bkYIwa+1/+Ev+Ei2yw2P7G3wTtVA+UT6RbSsCCzDdut/m7gEgkHHU53MfxrpDQxxaX+zj8EdGiAyDF4V02Vo9vAKs1tncvJ4weMnOM1pQ8JcxS5pYOnTlKzaqVJzdvd39521svl0swr+KNComo41yfKl7lDlSXS6tt0VrdL6H50eFv+C0/wAWIvGcNnYaP42i8CiRUE1t4Ejm1mEAgRsi/ZCr5JIKnJI4HG7P21of/BS/W/E8LTy+NPjvYPcRrIlnafDuKHarnkBhArblTaRjg+rKCR3tv4h1S4kikg8GfDjR2jfIWw8IaVHtTP3FfyckqFUD6eoNd3pniDxKWSUHQICqlY/J0XT025/gG2POD8w6noASea9eHg7KtCLrewg7JNczaTvFPW66at216rt5n/EVZUb8tSpVS292MVyqys+yV1s9d3Y8a1P9vHT57O5s7zX/ANpzUmkjLxyJoF7pUSTbckM8EakpvyNyngdNw+avkj4mft3W/iTw/N4R1nR/ilNbLdlotT1Dxl4g0zUCicgvHHjaWA5XcAOQMnr+pSeKvFbIIribSJVYeWd+j2ZDKVwwJMWcEHBB+6cHGcGvIvGnwq8H+OWnk1zw1oVxcOGd54bGGB5GOMnMQXGQMZ4/TNd2D8JMDhasJ1YUZSja3u8zTfLu3dPVu97abq9mcOL8UsdioclCrWpRa6O2nu6XSvdvXXr1Pjf4D/t2/s/+FbKTw5c+F/iL4OutRdE1/wAS2Pia/wBWk1Ig/JdXDXheRinVgDuJA9OP0M8J6/YfFq1h1n4K/tJtquyPjwtrepGO8ijxkW5t5HjeWRiSuFVgCSdp6V+YnxU/Y406FrnUPC8a2EYaRkWDLBTgHDL/AHfXpz65NfHN58P/ABn4C1WG9sNZ1fw1rlrKDaatpktxZQyspHll2hIAYMMsSOSMkgkmvo3wPhMJTvDCYaWibvSp2e3SzttrZre2uh83DjfGzrvnxWJpt7zU5N393Vte8lbqpfEul1b93vGmu/Hrwsot4ddtf7RiZiVvdPCByeA8Mz/KwPUfMCw4wOg+P/HH7Rf7QGm6jJaa7rmvWMRYIkumTSQWxI4JHlNtKEc5zgc9MDPlXwn/AOChHxE8EC28HftC+Ho/iV4POy3GuYH9s2luMD7QlxjdO8a5bMkmS3GOa+2YPDfw3+PXhubxX8CfFem+KrAw+dqHgvU3j/t3T9w3yRRCQi4ZlHyrsULwdp4BO1DIcqpOMa2W4anJ2fPCnC32dGuX0td2XnpbSvxBmNaPtI5piakHq06s7/ZSWj36K7Vn0PnTw/8AED4g+JSs99428R3MMwH7qDV7jzEXcATKd+cE9VX3GcZWvQY9GN/J5l3rWsyy7csLrUZ3EpOTjJcnG0YBOOo4xmvL9R8E6v4ZvbqXSLW4029tmc3Wi3UBikQoxykZcrvXI4IJzgAKc1V074k3Kulvq9qtrdRy7H8xtjSYOMEE4BB6gkZxxkcV9JQwmX4eMYwweGteLV6cdrLpy3262fn1PIrY/HV1K2NxEpJ6r2k1JXak0lfWyvstWntuel3Xh20t5GDCeUFl2+bdO4BzuwfnHB6A47k4wC1W08PafL88lvCRgKpJLEEZznJOe4DH1yeNwGfba7bzxpcsBJFLgsWZcKoIJwMnbkHGVwcAEAkcdpa3OhG0W8+1RW8WQJGkZWRByAeDkFcDJPRTncec+hCWGSlyYehFJ2VqcE9ovS0Xoulnrs0rnlyeNkpc2JxD1XxVJ63tdpOTevS26t10eSnhO3ZlLW8ITnYUyDkArk8gZBAAHHHqDipU8OgN5cUC7QOQ0aE9BuOe+fbOeCT1rtbS90dwu2/t2hk2tG4berDg8MCfvcdDwSRjkE6H9reHrMgyanZqpYAAsuV4G8HPIyM9cZBYdMZ6FWStanFbaqKi3pG+yt02V31QqdOpJ2qYio3fVTm73Vrrfd99tPiOBXwpGUGbSMJuVgCo34UgNnjDZ5yBnGc9M1qR+FrRlbdZRjcAGXHysMggnj5sev8AjXQXfj3wVp6YbWLNwH2gEqzhieowMnAzxnAwPWuU1P4xeBNNBIvxM+FGIsHAO0kgZI5478cj1FV9ZbTvBNaO6XXSzuovZ9F1+ZvUp0VZOrq7WvK9muW17PXTyTemi2OvsvCekJEI2s0WRBvHAw+T0z2K7sjdngcYzitiLw5aLIpjtYl3YXkAj3znqT3B9OBnr4Rf/tCeHoXA02wubqREyGCMVbA3FfkBwRjoMk4+tYz/ALSF5cKPsvhq6eUFiYkhkI2j7p4Xhjz0A7Z5wC1WqJXWivq31a5O3TV3Xrvc5IeyU3G7lJcrV72a91rq20ktrO+rTufWCaLYxAtiOMgqCSFK9MkDj5vY88Z52gAzm104oT5kMYDFVysYIABJBz259xz7HPxJJ8XviTrbutl4fvYWLDy2kSQKg6YA2kcjHXBA9Kktbj4v3KSFI5ZfPYna+4eVkrheckdAegwOwycxzTnfmlZ6WV3Z6J6LXRtJJa/K6auMqbm4qKVu9rt2jrJadrJre++mv2NNcad8yGSNgDt3RlcnAwMt2UY4PC+pJUCsGfV7mzbdYzRsAcLFLgvz1yvIGVHfBB24GK8FtPDXxXvFUG4S2YooKDO5mGOhGRnJ4U55FaMfw++Issey81k27FiQ+4khhyMcN19M9DisJJyW6emmvwvTbbttpfre5pTrSVS0YJp3S2V0mtru+mtk7K68z3CHxYXULNMkMuTuLsgQgD5hndnuQPbgZHNRzeK7SNDJNqlrCecAzJtZV6ZOW6/eOACMgHAFfOupfCjxZbSnULrxDdXMCbvNs4ZiC+RksORgDLEEA8DqMgVxa6Zpa3Ys9SXVZYjmRiZpGYNnGGG4AJnnI+YjtzzyyTTaUJNWTtdrolfRtXa102k++3rw/eJNys2k9bpr4dN9rX+fRH0/L8Q9BVz52vWkZ3YO11KttwcDPccgqe/y+uM+b4o+EWDBtc3vnbiM5BIPJ+XkgkY4P45GRx/hr4ZeA5rcXEgN0ZcsVkuHDLuGcbSP4e5A78Nnp6Dp/wAPPANjsNvo9s6NjJkbeRlgDhmxjOM4OM9OorN+2k78vKrrf1jqtbxTtddbXfdFTcFe07vRuzT/AJb9f87X1RjxfFzww8gSCW7mkVSqgRytuPbJAPXGQwVs5HQkGrf/AAtDTpImW20q9kdnDcxMFYjGSeOSQOp59eQcdrDo3hKzZHttH09QhGMRIZO3HA6ADrz1I3Zp1zc6TE6eXpttGgGGaNERiecdMc44J689OamMZ3d3qu32n7t5Xv7rk/SLVt7GSlBe85R0S0XL/db10s72bV7W6anF23xK1C4Ijt/DF4xc5VhC4YgerAMRjBwcHkdsYGrB4z8YtlbbQpYlLnZLNEqPjncM8DP4j1JBIzqHxBHauiwW8SgZxtVC4ycfMTwCD3yvfBz0oy+L/tDmJ51RY2YsFKK6cH7zclTnj5T/AL3AOdYYapJqT5nddNEl7vu/ZSV9L669e1OvQSv7q6q1r9G+Z9NF05db2ViH+3/iLcsYxawQq77t8oUDbwdpxjGfQfm2KZND48uiIbi9s4oJcl4wu7I2lcFmxjkk5bGQBgDJAry+MEiZVSZSrEkKGVyT0LFjlhznnp13Gs+bxoItzpcAKSAVJGS5Ix3GCOnHfHfaDvHBuamnH/t56vp9ptrRrXVX00ZzvGUk1y1EtO/ppro9r/puzL1H4U6zd288w1yaKSRiyxRSEwAsSfmGTgDnKkY7DjArz2fwprmhXkUN9tvAp+aVSVTaTgc9D6/qT2r0Gbx3NGjYugUfIJU5Jz90AHpjPA65yCSRk40/ilbqJtxkuA6YwxU45OApJ3A9BnI6AD0pVMBUlTcLOLaSva1rNXas9/laz1V7k08xpU6l5e9FtXu1Z2aaklr23tbo+x6J4a8NaU9tDLNHA4ZkLZIZg5UbkHoPbjoCAM4PpNt4f8PRGYxpEp2qxEm1csMDOf4QODkHk46E1836b4iu7JVWMfumLNtLcjPA5BwGGeAcdMg8gV1A8S3BUSLdbS+FYuSwBOflHBA7cZBOAOvTzP7HqS0k5W0vzK+qta2vn1b36W17555g48tow2V7p3vZeV1ulr27HuSRaDYtGwiXzmJ2kbSGOMA5bgDGQckd++avvq+lxqvlyRIwGxkIQckEksBkjOMDsemRnFfOM2uLO0pe/k/dgfKkmzAzgsoLZxu4Jx1496yJ/EFvGzMLlmBO4O8hzgcEYGc54KnH1HcOOTJStJtJJJxV9WrO7ae/ystt7nO89pJXhTutGtWtrbPtrtpftqfTd54v0+2jBBRpVUNtUKQcMQc7SMcnAHoB3xjnpfiJbBJgFDuSMoFC8g43Dvjj0PPOckGvnabxOHZWMipkARggsSRwM85BOcjPI5HpVCfxCgYyIGfPDtjn5Rjcqg7hu7la2jllKLaburXvKTV3p3ev4aX3MVndeclyR+Sjza21vpd66b7HvcvxHiWUH7OCwID7zkA56Ak5BweAcD6fw5Vz8Q7aQvkbSzY+TJUZA4IOB0ABIGOvPevnq58USMZCLZp2UHBK4x1yCRg5Y+uGGQPmOaxZfGEqgJ9mih+XbmZlRS3PzHg4KnP3uVz19G8NhaPK+amk2k7u2vuq9rK1tE7v5dDOpisfXaUY1Er2Vl2t2VtFvZvve6bPombxaZY3eO388xqWVnAOdx4yoxnJBOQAOeAoyRzsnjm8tbiPzYfKgYAsqpkcZJJIHGTwAcED/eIrw2bx/dWoQvcWiR52t5csXyA9AxLKgGMjjBIzxnFczqXxHsPLnebxJpkOS2VkuId2D1GC/B4HGQWOcdcGauYZZRaVWvRVtLOcG/s33lbdPrt1uaLD5jUUXCFXmsnflaf2X6a3e7/FH1FJ4shvUwQGUgMuQoKE9HPQ5AwDx26kZxmx+JVSZ4lvkCx4OGIXOcEKMkcj1Ab+HjAJHxbqXxw8CadEftPi+PzYg3mxxsD5mBjaGDYDHOFzz05IAx51qX7UHw10+Iyrez3u05KtcqrEAH7qbuMZzjHYehI8rEcSZFh7qNSE2mk+WSae21nra/8AVmehSyzNq0VHklZ6tNWbb5e9te/S7W3T9FZ/E1pud21BF+UsVZwc4IIBCk56AEHsCOcmueufGlmokK3BZgrKoVcq5GQOduOTjgAHv6ivzL1j9uHwfpsEn2Czs5WUFdk0jOw2nJ3cN8w5PHAA614/4g/bx1GZSukWUakgsqQ2+8FuduCVyCuecDsRgdK8yfG2SUleKlLXdLmuklo3ZJa+bdkrt6nVR4ZzOrJ3tFN680ndbPVJteqvd3T7H63y+NFV43+y3DOzbWKAgOc4HbAA45OeeeQBivd/EGW33hbQKUACs8iJyTwGyScj+9jjB5HNfiLqX7W/xR1wCPTnvYzI44ihCtufgIpJyeOM85465NcpqvxN+NupQG4vtVv7CEqZIzLd+TzyCSiNnOQMZI7dVGT41bxEwsW/Y4ecorVaLe0e6aVnfVa213R6NDg/E80efEx5rr3VzScldav7K00vo7p3u7n7bal8T7mMGV73TbRoyS4lvYw2M5Bw0g+YdxnJPXJ5PGat8aNHhLG68WWFvjDskVyrFcDlmCvgZ9Rknk+pr8Lb/wAV/ELV5FS48T3VxK24GOOaSUkg45+YjPOWLZA6kiqMnhTxzqEbXUmrai0cn+uCTFWwOCCPMyFODwRjnpk5ryqviTXfuwoJK7bTbbabTvdW0ttrvr1senT4OpJtVa8ld3cVq9XF82sn2s0z9kNV/aa+HunzSpd+LEupAcKkUgz056/KARggfTvxXmmr/tp/DDSJJDDNdag/3NheMgFc4UDd35Gc8565xX5ew/C2+vIYpZhqt3IWYhZJyqOxzjB3HhjzywABwuFPG5pXwXmYtLPpFqZMZH2jUPuHPyl17kk5IJJJBwSK8av4g5hLm5PZw0TUtW43st3Jq9ttNHrod+H4Qy+m4pqU25X+K6bXKui69b+rdz7T1r/goH4fVjDo2iXBnOQT5QlVl5ABHPO08/3Tnr34e5/bT+IGrNLFo3h67YFWaMCyHDEE7iccEc5wRjp1Nef/AA+/Z9+Ivi3W7Pw38P8AQfC2p+IrkK0Nq8tsTtLAKTNdOibj6Fsk8dyR9WaZ/wAE4f21tYuAx0vQfDokk+zlP7R06BQVABIZJioTABPzAdgSRgfG5v4s4bL5Rp5lnlLCy5XPklNQvFpK6S1bVnfS9tUfW5dwJPFRU8HlsqsYtKU1FNXbV7t9Vu726u1rHzBf/tA/HbVxK8lpPY4QtueU2wUY+VimUB2jk5IwAcnacDgLzx18WNT3San4ptLV5Afme43EFv4cBzg84JP04J4/THTf+COP7TeuS+Z4j+JHg3S1uE8to7rxNEZkPddiSkEAZyMccd8g+xaB/wAEJ/FTxxSeKPjl4HRFPmlbTUre5nRgVJDBpV45yRgA9OgBP51mXjzwhh5VXVz2riJQV5exo4iq20l1jG13fR7bLyPqMH4ZZrUqUn9SpUYtqzqOlG69L3/4bZ9fxAvdH1W/aSfWfiLEs2BI8cDSSPgDJXKkHnAzz9457ZrmJ9K8P+WZLzVtW1B1kVQyeYkbkkr3wcHHBzjrjAwD/SjoX/BE34V6eiT+KPjXa3sZUCUWUmnxMduAwVjcAjA4zg8BcdQa9k8P/wDBK39irSDCur+JW1loAN6z6/a26SKgyQFFwQW4I3f7RGMYr88zD6S3CVL2ihRzfFtK65MFWtL/ALenyp9ddOvdH3GD8LMZFxvWw1NTcVJXbUVom20t1Zarvazs2fyl2uj6Cs+5tIuLoSBBC0krMecY3YyOvB5zj3yD6ZpXhi6kljOn+E4ZJnCrsMLT7c4w21VJI6n7ueMYBxn+tvw5+xN+wP4PQXC+G9AvCrDy5r/XbS5QNHk4KNM2eMAsB2PBzmvUtK+HX7G3hVludL0X4YWlxG4I8+6sJXUE7VA3scEccYOcHLE/MfhMx+lLh+W+W8M5zXlzcq9pSVJWtHVqKlZ26dOup9NgvCmCqP6zmVBRutYR1imkm/fa6rVWtrsz+SrSPhd8Q72SS30vwfPK00aBktNFuJXiLcZyISFYDB6n6gYr6E8J/sGfGXxjcWMkP2zR49kU7xLptwsrAbWEbKkWxSccryQckjPT+oafx5+zv4V0zVrjTPEPws0e6+wTMLhJNMURuqEqFCMXJYEDCjrjqozX098JPFHgm6+HXhnxSs/hqK21DTBcnVkFlFZ3gLuDcRSjqCFBxnI4Hoa/OeIvpR8a0sJUrYPhXEYalKao05VadWbfMlZL9ykpNJvR+d3Y+mw/h5w3hOSVWvPH1YyilShKME9pXVm5JNp36p7I/mp8Kf8ABLz4heKBbf2uvia8jhYboo7UW9vjCoVBfYxDjnOOST948n6g8Bf8Ed5I7qOaXRPsyFcltWvJCF38u7QqzKxAwApDYGeM8j9zdW/aO+Dvhv5b3xt4fWUceXDLG4Xb2IhV89AAMDsMV5Tq/wC3p8ENFkeOHWZdSkXJ2WVu0m7nnG8KMc8DJJHAyK/KKvjf4w8QKSwOW5jRjVla1HCYhOnzONmnyxWvR300dtEfTUcsy3Awi6OS4OLppctXEvnktFr7zSdl38r6b/JXhr/glD4O017F9U/sW1iGEeKx02GVnBxje7oW3Z5yeeoGcV9p+Bv+CeXwJ8IfZZJNGe8kiKyO0pAiDgA58oIVAyMgDBxkDjBHlOqf8FFPBMllcw+H/DWr30wRjbtKiwI0i4KkODkHGc5x68V51ff8FF/G9zbxrpXg6CxcIQ8txcFjkcK2xhg8AknoT0BzWdOfjRnPNHFf2rCnV5YuE5yor7Ld9VK2qT6baO9zPE47HSpwhh6uWYDlcvepQoRlZWSlFxjKScbtXur6bJI/UTwx8FvhZ4S3Po/hzTreQFHM7W6NKxUKBiQjkd+pAz3U8/GH7Svw40K38cQamNKsbTR9Uhj+0XPmxwA3ak7XYjHIG3J5AGenGfjPWf25PjHqiShtRhsIn/5Z20aGQBjjAOAxAI+UgbsDg8bq8A8T/tL/ABk1i6iWSyj8RW6S+b5upGa4hjclcAw7cAL97oMHpkkEGC8HfEjMsRKtVrU6HM+aTqV5znK9nqtUvnayXkzbhviaPC2bLNsZnP1t+xnTqUVOUnJTUHfV8qcZJNaP5XPsPwvd/D74dT6vNf8AiTTkv7qbCxqXvAsYJOyNAH+YLxuAPQ9jU3iD44eC57qOz0/Sdf19I4g5Gm6TdJG5UAneXhRcEnOQ2OM5FfAFz8W/jpql072/hHwNp2nqSf7RfSbcTK+0HIlmUOCoOTlTkdN2K5q/8TftB3rrJqvxW8N+FtMkBZxBfWNkwhK4CkRtuAA4UNjGcdCK+qp/RkxmY4iji80xVSpVjyynarJxk043S5Yydru223bZfQY7x1yxYmVSNOc72jq0knZa2XT3l7yVlK/y9U8Uv8ZNQ8a6nr/w9+G9xb22o25RP7cuoLZVAJ2ThZJVAIAXjHBzWDrtn+0rq2nzxeNvFXgHw7p8FmYbSO+1GKc2+eDtSF5F80DK84x7c18/61r+g2svn+MP2nZWCEKbPSdTubqfJGSF8s7SSeAMj9ABzbfFT9m3S1lN3rfj/wAdSDbI2RJHDO4GSSWlBySDg4JwM9q/Zsv8KFhqeGh9Qw1Wrh6cKMa/1WVWtGFOMYxi6lTdpbu1+2h8DmXi7DFV5VljcTRg5XjFV7RV7atRXMkvN3VlayOs8TfD/wAU31hatd/tA6FbTQxJHHZ6TBcSRqNyjHypgE8FsgE7umcEu+HOg+Jvh/c3lzpOo6L441CYiQX+rabeSCOTcCHjRoWQMrHggdMEcmsZP2u/hdoFoU8H/BJbp1KmKbXrtndyB8rBWDDPfB6EsGFYcv7aHxv16N7bwb8NtH04FvLgj07RWvLlF3ADYyW7hio4yzDkZz1FfY4Pg6ph6MaLwmFoJNKdSdOhScujc3Bcy69etz4rNOOnmUnUWNxeLlb+G6lWpHpFNRcmlZOy+W6R9hWfxQ/ab1qJYbPSPCcMMOYQ8mhqAY/LKMCXg+ZcZ29ck5xgZHyN4+/Za8WeOfGeo+KfEWr6RpUup7TqUEYjs4S5XJaFDtTG4AZ2gkE9TU+nx/t6fEUrLbaJ4m0y0vhiKcWMWkWqLIepZ/K2qAecnIAHHSup0/8AZJ+P2t6taL8SfizbaKrOjTWh1O51O5yCDkwW5kjJydhQ/KASBxivcy3KVlEvb08VhKaSSnGm3LRWt9q1+3d9NT4zMMbXzOHspYevK70couK5rKzWnVOzXXXZ7Hgv9kTwRpoVb3GuzAqwSJ0ck55J2Fk2cnDMQTzg8EV9HaJ8LNL0KIW+leGNF09I1CpPcyQCTCgZ3ENkNhQSfYkjjA+g/hf+ztpejWcVlceKNZ1FYVT7VdRWiWglKpggGVo9sbYypYjGM4PAr3yLwf8AA3wlbC41qazku13SMNXvPOfC4HEds0i7mBBwwIyQTgkZdfiWFKq4R9pV/vU46X007WfddbbrQ82hwzVxCTq3ppNXTTUuX3dm/dena/r2/P7V9KbSVec3WlRNkqEt7W4u3B6E/uo2Xk/d/HOCK43UNJ8U3ls1zpzeI9Q2MGS10fRZk81WzhA00UeSRknGcE4HAwf0S1T4yfB3QoVXw/4Yl1p4pARFYeHo3tpPmBANzOqnZkAEjtz15ryDx3+0t4kTTGfQfA+geGbSVbhE1HW9bs7D7KXUiK4NujfKqEjMYU4xjIHR0eKc4lLkwuCtGTS56kt1ok2krqz10Td9O9u+nwbl8m3VrVJJXd1Zfy3XNe1tLarZ206/Nnhb4DfEDxfOkl5pHimK3uVDi2nuoorhmb+9HBIREORndtB56ECvoPwr+ypY6DI1zruh6FZ3Jwwl1/VzI6HjmSKVvLJOGJUEgnocGvjtf2rtT8L2Lf8ACQfHrw3pt/8Ab7pryz8M20d3eXEDElFFyAPuKQi8jOScE814F4r/AG0Ph697e3MmveO/HUhidl+339xbWa3eDwII5Chi3YAB7E4xjK9LfFeaNU1XjRi3eMqVOSstPdTk43WzuuvVXR2UsoyDLk6ijCTTWkpKTekb3W2nW1rNu1j9g5bv4V+BFa1u/Hvh3TJLSEiS08N2NvcXBkAxsjltkkfqeGbBzk8V5N4o+Pnwy0y0u5dM07VdckiRmbUvEWoiz05WOSrfZ2kErBjycRlh1xzX4V+JP2w/Et3LOfD2j6b4ftpIyrywxLLqDJzgmd+d+DnJ7jrgAD5k1/4x+L9dnuZr3VNQvROzgm5nlMQDDp5SkIAA3BAwvIGBzXXh+C8bWqRnjsdXk3bmSm0n8PNdRu7301emuzMcTnGX4ZNYahTbi004wT1dk021Jta909z9ifiJ+2ZojW97bDX7awiRXSHT/CVmmWJ3AxPfOPNA29WADHrnoa+BfG3xbb4gNqGqJcaqqae8UEMdxcvM6wuWbMshbdznc3XB7HqPiC/8W3t5iGOQxlWLycFA54yc8kjJJPI6FTzmu++HOo3F1pfiGAzC4mkETbOCdoPKklvmABHYY4IbqD+mcJZPhclxtOVBt1G7Sk225X5VbW71dk+9vS/yWb42rj6U4uEVFO/Kk7R5XFtNNvbR6aPpfY7DX/EV1YW9rdtqk0JfL+esjnLZ4hYZXCHJA64Y45wSfO9W8RrHNAJNXudVMsZu54nlbahbJ2MoOG2jkNk4PGea3PinaGPwxYzC1aJFhLSE5ALAD7xC/Lg5OM8gZJAOa+eradp1llYMjGFNrqQQEUYyx5IAPPGcnnsK9HinBxq5jGtKOrhDlbjrKLs2nvqr2d9t7XOfKMbVw+EnhYPlV76XWujk7aLRrlV7vr1PTrj4hNE0DJBbKUbaqshYIM8BxgnPOMk56EYyM3B8TdUmaO2SWMIw+7CoBJBwE3YyBzwMcLwteAXEspuWVnByw5ycY4GQoGMHI49+cgVr2RkjmiMJV3DZJwDtB4PUl+5GBnOMdBgfOywkY68vu2ir6Lt017Nd133Z0UsxxMpOHPJ+97z3bd4trVu7tbWyXToeo6n4x1JXIllKBpV3R7jIXIAB+YkjHXnkg+wNQW3ia5uo5I3JkVkOMj5olPBwcFhxnIAzggDOMnj7u3uXkzJDM3Kuw8shRnGChwOxUEZzz3Ga6bwp4M8W+K7q8tfCeg6lrV1bQmW4tbC2eaWGHAMjOUQqqqo3Atjjg9K5XRSV24xi1Hra2qTT8tdl+Z6FOripyUYuc07JLWTa1b2Xp16yv0vTe7aSY20O+NeEB38EuQfmIz79cZ69eKfqFs3lxqJxIyxt5oLg7cZ4yCDjB4PT1NUJ9I1S3vZITbXIuba5MFxbSbllikQlXSRRnaUcEEkjoQeSdu3Z6Bqkt5OZUEUfl5d5CqiNcZw5P3uM/dJHUnJyaungnJKUYttvlSVrfZd9NPLS99OmjidWeqmrO1rt2tbyel21rfV7I5IqxjVdy7i4C7OpJ6HPGTxz6c+wGtPbTNplsqkkJMfNG3O3LDHIVh0w3TJI5FdxpPhe01KaC3hjudVn8wp9n0m2lupGkOSgCQI8hZiRkYPHAyev198PP2ZPjH478MDTPDXwa1+4SS+DyarqVodKjiYgrHKZb8Qs8aHBbGV2gknBFdVLKMTUlHlo1G1JSSUJNPXo2rX3+faxxyxGFjdzxFOLsk7yV9ErpX2+7Tc+KLTwfqWpaRHqTRSC3STbExTcXII3M6YyqAAnJXjA467a194UhtGi8zUIZGnVZGiGB5BJABdicYwMYOMg445r9b7P/gnJ8RLTR7JfiN8XvAPw3s5pAbmzhvVvdVEbncyNDa749wBZSrNgNwDg13egfsd/sR+CrszeL/GHjr4varDEpnstNtv7I0uaWMhsR3EUiyeS23GSpJXBY5AFenHhrHzadT2eGhdW9rJKyaW6Tcnpey0V1ZKysZLF4ZtKkqlZqyvFPlu7bNpRtbqpaNrtc/D06aXuZbWyVrw+ag2WUTzSl3JQBY4gxOT0+Ut1Oew+svhT8Ef2iPGGjDTfAXw08VTwy3XmNfXFlLp1qI3Iy/nXiwIY8EEnJ7sDnr+vGi+NPgp8PYPsvwj/AGd/BWjFFYDVfElrDr2pbVULHKZLtGIkGQRtBG8D2qlq3xm+KviS2uLO516bTNMmj8uPT9Ggj0y0RAAAgW3VAFAyFAGcAdDXVHIsJR/j4r2jtblpRlZ6K65nd/en3fRHTSq13NOEFBOyTlK0k9HpGKa0v/N53Z86+F/2EviVosdnffFb4reFvhxY3EKG80i21FdT1uSAkbojDbSSxFsEgqSVVs55Br6L0jwJ+yj8NRbmLwzrPxh1qyjiEN/rhOn6OtwpyQLSIlZV3HJ3glhznHNearp18ztJf301y7DJluJ5LqUMxBwGkJIUk9MDnPA4qS6ltrS3RWk6vkANy557gnB7gHBxkdjny8ZkmWKq508NBtpazu5ys1fpZ9+3439/DZhjKdF06laTimmrPkil7t27Xk7N97pXVran0PeftK+M9OtfsXgPR/DXwy0oKYIrbwtpVtb3axYwGkvI0EpOM5bOSwGWznPjus+Ltc8Ru+oeINZ1TWbqSQl59QvZpg25sn5XYjoMkYAPPbFeU33ia2smfz5I4IFPD3EijkgggbgOeuehB9ua46Hxtc6tO2l+HtN1PxFfF8R2+k2s9xEeQNpmjjKL1GSSBkgD+9WmEySrUmqeEwtScm0o8sHKzbSvay6Pz/E83MOIcBgYSr43G0aEIq851akKcVZRXxO3u/c+1k2e1/2na248osMKpfbGwALH074PGQSckZOCARyOr/EPR9GjaO9vI4gqs3lIyyTMw6IiLksxC7QoBPYjNd94K/ZE/aD+JUKaz4mu9L+E/hNgJJb3XriKC++y8NviRzsDqmSN7bsnByc11GoeIP2Jv2TZXnnkP7Q3xSswCWutt1oNreqNymS2DPbEJIuDgkkDgZ5H19DgmsqSxOcYrC5ZhopOTxFRRquKcdFBe837q3WrWjvc/I8f4yYGri/7M4VwGP4jx7biv7PoOeGp35VF1sW7UYRVrt80m0no2cD8OPh58efjxLHc+BPCdz4T8G20gOpfEDxaBpelW9upy00C3giaUqmShRHVv4mxmvbPGHxX+Av7J1kYvCGpx/Gv47mAwTeJr8Jc6H4bu2QI01lEN9urwNkw+XjO0E7etfDXxq/bd+Pv7QbHQtKlbwR4HiLRW3h3w0v9mafFaoCFSQ2yxeZhOCDuQDocEmvlG0t5re6Fre3qtdSuXEZczSyTMThppXLMXLZGc88gqWxVVeIcjyOm8Lw3QjVxTi41M1rpOcW0lJ0Kcr8qb2k7PbqY0eDeLOKa1PH8bYqVDLnKFSjkGDc4052cXFY2uneqm3H93HlhfR82qPcPE/j/AMT+Ntc1LxX4r1K71XxJrV02oXmrS3MnmpvbKwwnKtFDHnYiINqKBhR25K58aTmCVX1zWGKyn92l9dFVK44OHIOccEj5QOOAM/S/wT/ZF+IXxhe1vtLkgisWhd5bi8dktV2YbyVKZRpW6bCehBIK5x9E6N/wTw1C41J7bxF4k0qytDdRw362SKZbK3Z9iyySNtVWdvurnJPbGa/FM78TuBcmxdeGcZ9l7zCnNvE0qlSNWupytK01C8lKTW0rPbToftOW8H5/XoUsPleAq0MJCjBUYpOlTUEo2sk46WVlZ7dN7/mBD4t164fegvngLsN9xPLMJAoACnexYeuM8nHXINButduZCgjBM2W2u5BwDgALvAGc8Dpk9ea/VD47fsv/AAL/AGedPhmlu9S19PLhiVr67jtYbi8kjDmaILK7eWAwwWUKxBA46fCet/Hv4a+HbdF0HwBpV3f20jW5e5nE6eVnGSSrbixBIJzwQSTiufLPE7h7O6FSvkuDxOMhCcqftY4b2VOUo2UuWU1FWuuiaurtaseN4VzHL5whmeLhRbinJKbnJXcb3S2a13t89Tg9O8CeJ9XtW+w6Pc3OI2nlVHkCqg5Mhb+6CDxyCOBxmulsvhR4nuraPUl0a+ltoSsTyB2Uedj5v9cVJjHJJ4AwSpGedub9tfWILRNO8OeF/DemNNZPbSTraRy4DKcBmKds9yOev8W75/1/9pHxvqlvc6Zd+IJ7eOWZykVk3kRxqSdy7kAwjc4AGAMHoac+Ls5rytQymjQglyr2ta8rLlSaUI2d9dE0l5WZzPAZbTTUsXUrSVmuRWg9Y2Tu733vre+z7djq9hqOjG4kvbGzsUtbpEMj/O7jeAOFzuHdiAQDxuOCD+xfiH9hn4B6D+y54Q+NOt+MtXg8Q+IfDUuqyXUfktpqXMtr5sOnQQO/z5JaM4BK8HrzX4AXHjbUdTt4vtt7JcJbSM21pmYyBmyQ+cEjO4njIOMnHFdN4p/aT+LWt+EdL8C6j421W78KaE5GkaHLeSta20fQIsRbaFUcbcFQFGPbxc7xPFeZ0sJDAY2OXSVaLxDpJxcqS5XJL4rtaws7q8r62sdGAnlmHlUlVw8q8eWLgppczstruVlZ31/G9jqLI+AE1e5i1K51D7M0V4uQ2FiZS4hmWNsEhsAjcuQxwCvSvDNUk0dNUMi3NzcwK832USudzIrnYr84RtoOFBx+Irz/AFPxRc311uaR2uCSHlJ2BSc5VVB5U549+fUjDSae9leGIO9zIQFDPkEnpgMf4mOARzwOvFexhsDmE+VzxU6k5KEOVtatKKbsre893dWd/S+VXGUqqcaeHhTgpXSSsnbl5b3dr389Nle2npFzd+H7eCdbmSaFrkFldH3OCx2hWYZOOwySBjHQYPL6tqGmQpBBp4F35kZJMyfOWOMknGTx3ySQPQcd/wCHPgv4t8VrbRNc2GlqzDm/lCFVYbhI6ZLlRnsCQDjHQV9BeCf2XPAt48i6/wDFPRJNchmCR2EaPFYrGoxJ580igjaRgY6YPPJNfZZd4dcQ5i4ThhKkIyinGVX91Br3X9q3Nrr8LfyueLiMxwuH5uaS12VPnk03y7KLfXVppNa2sfDrS/awyxJDaiIKjlG25YkscYwMZIz254PTC/b5IoX8u4d5rcCNdxJBU8ZU9TjJz0PqcdPt/Xv2ZdBhvr1tB+IPg+4t4xgW8jSIm8HARZVGXIIHJ49DgCvFPEH7PfjbTZZJrFNH1aJ181F0q/gbKkfKdssijdjJODk54+9gcWYcF5xllaVPFYGb5Hfmhacfd191x369Ne500MfhasYctRSu7NzUk/JpSs1v+Fla6Z86NrF3I2I9/wC7Y8DchLdFZmGcYHQckZ5A6CZdVu5t3mSs6wsHkjZyyvgY+6zbemeSM45Jrqb3wZ4i0y5EV7o17a5YiciB5EjxjO6ZN0K/NxktgkkAk9MpfDd3dyzxWqDbIWEsjsAUyTwWB3ZA+XB4znpivE+qyhNKVJw5bX5o2lok3a9r301Wve93btdSLtrzJe9zK9raONt7v3km2+Za+Qyx1rSXnSUQNJOsbFVYAQmQgqdwI4UHB3Y7kD1LBeRTnN2sSQu7lUiweQeAxUcge4I569DWjb/DvWhG+FDKFLW6QyBpJO3zHIyozk8Aj+6eDVJPDt9bMlvLaPvjJEgkDARnOCwbO0dO5Hrx1rCpTSk7Nqzd229nyr4dW1pJt2WztZvXeK9y+7a1Su2/hWsb3a6uzWjW9zZstP0a6tCU82z1CdlWOQnKYyfnUHkKAQWxyOCp6A6y+DdUaFJUuoWWPJUrIMiMfefGcZ6kDk8Y/iGbdlYW9jFB5qMzyJiR2G8hAASyHJKYGQc4yPrk6sV/azyQwxRTC1gALMMozqSRzg/MQD97nAJ4wTXLVhW3hdxSTd4tdU3bRqzXRN2drbmcarVlJpvdxd1e7i7pKz3bfMm3vdK1zhZrSSaYWcExeZGMZYDbhiDuOcYyMgcHaoB2nPToYY7yGya2a6MUEELrcH5dgTHRQcguexOSO+RgV0p0nTtt1eQrI14yHykL7VCNklyc4DAghTkZ6DHFULgNJYLpxjjgWRmWWbI3FickAEBjkcsfQVzqUpNRjB3VnLmTei5bPa2j+XW92mumE3dKXMk03u7prlSTj0d7O9/R6nl6o8ssiwz/ACpLlpTwXXnAO4gsSCc8nbngDoegsrhbBNikq02RJgb3Zc7i2/OFHPIzkjPYYJc+HzDtjgE0rRsTuUBwyjkDGfmJ7DOSAOuAK3NO8EeNNSQHSfDer3xO07ksZhknAyrOm0rtx0OBzknFd1PBYjFqKoUKlVvltGEHJt3itopveyt5u7V9CpOCV3UUbWbd9rW0bdl2STbsu6uZZvbZJnYI0cjAKGyfmZgQxfHXGMg9B6Doat5rRQiOLGTtHH3Q3ILg5xnAII4x1wQCK7q5+FnxIt7bfdeD9ViQp5gfyAWHHzkBSWPZQMBjkqeMmvPr/Sb20UHUNNvbYxMdwnt5owTk5JLIADkYA/DkdLqZRjsNZ18FiKatF3nRqRT1V9XFN+Wuqvpo0YUq0JTio1VK1m7S1lorp2btZX1bad9F1M2aG5uTNcs4OwF9+7aXyCDtyQRt45HJwOnOM2aaZo4oyeAdq4IAHsw+VjgYOW4PQZHA3BcRG3X5PLzkckMG4AVQDyDnjIGQc4rm713VgzhTtYAKuRt+7hnAXGcZ6k4PJIFcsYy5mnGzj0af9219For66bK3mehpJL3tLK7bvZOy1T+Vreqdnd6NqjNtjJcMgLO2VKOAM7cFsjnCkAHndkcrWXcXkqysGTy/Mk2hRld2OCFIwoIAJJzngcEEmpYrt1JBblVLEgDByMAAjkHHByMY7HmmPMl42+SM4UYUqAoBB2gsMkY/2gGbjHWnytt6dnpsvhfnpr0d72srWOeTafuvXVxa7WilKW6ta6V2ra62WvUWE9hNZC1ngCxKjMtztUyiUuQpLHBIHJBIHoPlNQ39l/YjQv8AaRfGaPP7sFhGshBUM20gNtPI4weMcGucibzZCPMU+Tt3RlgAQDk7VyQcdAxAGQCPQ+pR3ts/h8WcNnE7yuJZnljTzIwoOFjkOXHA+XGeSvBrlqylRdkueMpap62vbW+9l+CauroydWSs0+Z3VrNabKTTdlZLdbdbO11y+kX00dwVkXOBs8sEgjkYCMPlBUdTg5xye9eh6fqxtZw9xbzT28Sgrbo7F3ZsqWUDLAqTglR14PoeKE9mgS5S3YSsdm1vlRVA4faOjYAJbrkjJJNdHo+p29i32uSFzPCjFGcLJDkkbcK+Q+7OM5B4JGMADgxLjJNqmpO275WrJLS2i03V7Xav0RfPGej5ZdfeW0dPiurWV72bS/TpX8YapHPFC2no8ETlILV0YuiSHCMzHv8ANnLZxjIUcmuS8TQ373clzqJ8tWiDQx+aWQADhG5xlc4JHBJwVyTjUn1O51BbjUMotxK6h0Q4xCOcBQuFIwACORn5e5PrfhI6dqvh3VWvPDv9oyW0IBvZFEkcNoVBkjZ3A2zM+CHGTuwAMHbXlVa1PBQhVjSjrKKai7Su+RJ8ztopataX0t2FCUYPmjFK9lpondpN2Ss0lrZ+r6W+XdOupIlV3iBihkwqkEsS3Vsdwe+MKPqSa9J0zS7fVbmKO28mImJZ55ZyEWIFSxwOQSQSvfBOc5HNzxD4Vuoo47q0sPsNrctGVCqpiWJjwHlUqodiRuGTjjA6U7UNFh8OxxzXbywvLaIWaWQqJi65WOJQ+4I+M5O0gZ6d9J46liIxjSqJVqiSirp2aW70k3aNov5vzOuGJptpJqTVrK6T1aV00rpWtdd9nrc6O98KaOsVgunSS3pmjeW63IFWIhuSGwGKqQflGdyk9skQrDcwQTfZbBGiUrEwVSSAoILjjIJ4wcD24NVPA/iSa8WdbliTBHLHEqgYKLxsIOGcHPy8EEYPHGO0a+Pls5hZZNpcqNqKNgOxZO2RwSAOx65APgV6uIoVVTqXnBK6dS6vzJaWd4u1mlr1astCZ1JPVXa3WnR8vVppX95720st0cXBHJrO7T50l80sFgW43iKJELA7cgYYkkkjr/s8Z6OLwHcQWxtZHtAI1Z0kVsMWbGAWBycckLkkEjscCVtcCoblI0M6uS2VVYznhQvOcLhic/UkjFRS+I7jymDbFg2+a2Tkh+ThWPJGM9sA4C5FOdTGS5Y0IKnHRuKTWzT3Xo7PbsVF20k/eSVtHFK7S956rRt3abS2XZ0m0htMjFtp8qXMuPMmaUAeWwHK5znpwo7n6ZMWn63JBdyXKxiG4hBjeRg7RCNQOBlfmkJXnpwT3qjc6pJduJrcuhiAVAAMuN3zyEZAwM8n0bHNWpb8LaGKIQTEsryzyIhKuTnnGSQD0BGOOeCSdfZVJxcasFJzSTSV9Vay6STW+t99dLXaqXUVZ2jZtpJr3bd2rWfV3XV6WR6JZXNzqVlPdaYhmgiaJpEwiSNMWJIRiVYRqc5Kgn+E8DdVN7mcTxRSTx6czgyOsh3lJNyhld2GGUjJDEDGcc5Vq8XvfEuu2NvdSxM8FuHPzQgwxMFPDxqpOM4JKgZORkZBFclD4pvLoyi7vZG835izMxJ6kJuOCoySAM8cdcjMU8jq1FKUakVB3SSu3G/Lu9LtWbtsnay3tbcY8s0uZpJvW14rl0b1dmpbXsm9Ls/b86z+xV4c/Y71jw4unaf4q+OGviK6n1O5BF/pmqEEA2EyDMVnGMNJEHCyc5XBr4n+Dfh74Y+IJksfGOn6jdz/ALyE3FncGGK3hwfmjUsEcqcc5GeSM5Gfi2z1p5ImW6uT5MTKVEZLNjoQX6uQB2yCMDqOfWPDnibzZLJbJru1htlVZrqLzCzBeWTGCMnJz37da+fxXDeLweExVGOZYn22Iqqsq7mk6bXLGMKaSUYpW1Ta5tr6XNM1zlYijThHC0sMqVPlSinKVSbavJ8y0Sst2l0erPqf4ifs9aPBdO3w98XINEuRHldTxDcWzIodlDhiWXbgAhhuHXnmvOb34b6Tp+jxQnxEJ9USQ7LVZGMTeWAHldlyXViCVzgdRnggPuPFzXMMdteahdXEYjLRRhvL8tEQFldgQdzJkknOOxwVrgbvxDBcxyzQNMrRMUUNIQI4uSQhY/Mp+8Tk4PbPXnwCziFKFCvi3XjTbjzuKVSpbl1lJLlb2231u9T5t18VWaXMuVq2kmmrcu6SaW6Vk3daW3OhW5liittKtJ9giLt58hKqzJguFbhioIOB9SDyK3rjUbG2sWMl8WmdVwGIkMlwPvNGAzbcAFcgDj5iAFFeIz30tzKtwizFsbYokZlH3T84JYfK2Rn26Ank59zrK738xnZ4l2pErFRG/RjkA5OSepHPbGBXpLLFWcZSe9k/su0Xonoujt5u103q6jTleLsla2/Rq1l1Tuul3fR3PU7PxJe6ldtGtrH8n7iOZlYeUEBwxfG0MVGMg8YyScmr0Wp3+nLJcymCUq/yrI3ms+QQowcnaRyMKDkdO9eRQ/EI20X2NYUUFQGi2DLSDHzGQ5IJwMknGOh655l/Gt3PcTEkiTzSIg23YB6nJ643fMBgZ+ldCyWrUfKoqMFayk27aRbba3Uls+V2ejd7HoUoODir80tVfZpPlTurW2tZPbVt9T6UTxyfKeSZbKJIgqsURPMXKnIwV5TPXJ478/NWHH4striWSOBYhFJLiZjGBvUnGExgkqRyqjGAcetfPSa6Zjcfap3RpG+UR8Kx9Sy5BwOM88McZyat2l/Ik0MhuflU5VQSQFAJRWUDqCcjcuOuQKxqcORjFuXNezvq3s1dtXStpdWV/NLboleUbNvXXbmk7ON9G0rJJOyTut2fcngLx/o1uV02FIbefy3jmv2so52ESEMgjV1+RsDDEH5ckDinHxd4aTxFNrF5YSm+tJ5DbXckTSRSuAyxCRMfcJIOxVYgnHrjxPwoRcwyS2VwsVy8IMrPtBJOSNpLDJH3SoPfJrvdL8aR6RrGjzS2dnqo0Ofzrq0uoFaC7kyPlcBSr84OD1wRj0/Pc24YpxniK2Gp1qlWUZucFJ0+duKtFSbcVdJXi7Rs9T8k8Q+EI5jgcZi8Nhp4zGwoTdGhGTo+1mouUIRqOdoScvd96yV03pv94/Du/ufFPw9udO8P3cj3saTeJv7PltGgEN3DKh89lYBzDGjMYSE+bIZQcAj5/wBc1fxc1z4+8TeJLy8u7e0gt7SwvtRs3uLGSOYqJLSCWZSoZQpQgEEAAHHFeqeFvj74Y/4SmLXrDQrnStSfSktrrR7NibPUQ8JV0KqoFvbDqiIADnkdWHo+k/FT4OeLPhX8Q/B+rWE9nDIk+q6tBeFZbu3vC+4NozMQ/lq5BcggR/Njg8fmmXLH5bi8RDEZNWWEdaDVapCnKrRdWcXUjSqWluoR5ZOzbb2uz/MTKso4/wDDvxAzPiTPPDrH1cvz7MaUKtem4YrFZbRlKnR54VIc3PFtKd1y7rVbnhmvweAtd0bwR4mPgtbPQdPi09df17TJhb2mqJt3zWyqmDDeA9tucH5QQefmD41+JfC2t6jPc+DoHtfDjzfIs80ssoWEKqJGHyUVGAbCgqRkDgAV7oLaz+Inwx/4QnwTdf2Pa6JdXup3Vtd3TK2q28IJtXiVyEE5Q8sDznJPNfHF7pDWEN3bam0iSQ78RykEwbC4MmNzblfGc554x0wP0nIacK2JdadXEQnQqThRwzi044ec4uM5py+OSSbS0vvvY/tLwqpLG5jicbicbms6+AxdWOGwWO9pF4fD1XGVOSjOUpSi4ytGXM4pJLRpI8s1m58kRTxztL5pLSAfw88Ej+EjGcn1555riLzUYvPin+dHU5Zsqcnodw4AHYdhz944aus1LY04jBQW7uFD/wCwcA4yOcdc7iBznpz5fqsRs764hlLSLJkwnkhk5bII7gYA7LjGARX7dk8IOMb3VklFyS1vZ2erbejS6WVz+r6E5eyjq2kotN/KXm7tqyd+XR31aa35rhJx53lhxkOq4bOF/iIAJySQMk44OcZIHrHgB1CPcXVxcxNcCO3hRWMcbSyMqIJAMAKCVyTjHBPfPlGmmGOGJ9/yMpWUEAk5wNgDAdM4A4Jz27dfpNyYwp8yRLYT+YgTD7GTYUMmNpYEAMAD1Azyc1hnuHlicLWp35edSjZJ9PRaaf8AB0dzkzShPF4aVJRTU6dk5RunZL+7tddb/do/2e+DXw413wj4R8XeIr1dL1bT7zwza2mp3MV4s89rNqA229tbrklVKshfjjcVG48D7p+KHw08N/C//gm/4OudMsotI8W/ETxtHq9zcXW2S6WCBgCmT84tgo37OFG4jGeT+UHwH+JtxH4duPC+n3DXN/rctmbyCdzJDKiSRrbCGBycPk5IABBIIGRz+rn/AAUW+Jll4K8AfsvfBj+yzd6nJ4Ot9d1aykOyOI6laokblXAQFCCQDwD781/FXEFHOsNxlgctqXqfW8xq1vdUo3wuDw8ZRcYp6WmkndPfR2dj+IfGnJMPlmA4ixVany1JZb9Xw0lG96mKxFOClCycnOMebS11Fto+Z/2RJJYdN8XR6NLf3+rm5km12K0leBXsIYxIq2pUgJPIw+XPy8jsOPhD9or4xeJNe+I3iiwEswtdOneMlrlluXt412JY3Eof5pVKkSDP3g3AUCvfdM0rxbo+heIfF/wY8Vvpup2mlSXXi3Tb25is1+zQBvPhso1fbcMkYwhGW3ZXaA2B+VGseLbnU9b1TUbm6nuJrnVJpdSkmZ/PnRpCZWYEkBiT8pzzg8jIz+88L06GcYNUFFSqZbJyqUpuS55uUZqNSF03JvmV2rPpex/L30ePo+YafiJm/iJjJ4fMsDi6NF4fBYiEpzwuLSp+1lySWluXSTu3qrKzRLH4010alJcwpLCWuViJQMXdGYo0LnG0kpwNxyOTnPAyPihdI3iSG4ntzbvJpkDmMjB3FMkyLyAxxkk8dewr6C8Lax8PNUtobGwswXLQXKC5VQ73wZefOOWKgjJTBXn+7ivC/wBoSSSLx0QLdIQNMiXbGflfjClQD265HoV68n9g4Px0f7RVD6p9VlDDtNK7i7cqWjSUXaKej3e+mv8Aq3w7Cnh0sNTpKlTp0oRio6RivdsoxVlZLSyd27bWsM8AeE9K8ba1bafd30Oklowwu5hGglYrgRoSwAkYkhQTgHA6DNb/AMWvhEPAxiudIe41rR1tWe4v1jST7JcEfPDN5ZfjdyG5AAUglevhGk6s1ksUwmMU0J3ENJtAUHI2tyVK9VwccnPWt27+L2uW1jqOmW+qPdWuo2/lXNteMZY2SQBcAOG+YKR83BHY5Oa/XKGMhOLpSpKSdrT2aaSu79Zd9F53TsfRzhLnUua0bq6drt+78Nrapp3VmkmcHaafJq91cR+akKxIJOduM9m3AkZUnoSSOAO1fUv7PtpFYN4itoiTLPpkvmyrgB9qE5XgHDAAdCTnOCoFfL+gYFjdySgebO5C+WSpKLnKDuFJ7D5hjaowcD6Y+DWoQRnUmEeGuNNuIEUngiOMgkk9MYxjHX68zR9+uqXM/ea8/tLou1/PRq3RjjKUbSbta7euyuumystdLr5WOe8DaDBruqa5HcMyw22oXjKyKGZmaU5J4+XbkjgcgAYycn3G0+GvhmW2jMkjyyFixHm7RkcncuQQTwCRnnJAOCT5P8HhPLceJHG4KdauwxAyCFlYbQ3U56EcknpgV70IpFTYq+WCxGSGUgEEHkDIz64zxyCMCv1HKcBSeGhVqQu5RT1baslG1l1+d1rbvby62InKpKMZXjZ2S0a0i76/PfT5KxjH4eeGERmS2ITK7VDbnLc5BwBuwBjKn73JzTk8HaCkeXgVyCccqCpAAVcHBHbkYIyTjgE6zCe2QlXBAJUbmJGcAZCnIyc9gOMggkGoHhuJVCq0ah33FcjnPJyckbQNxxgdskDIPbUwlLR+xsl05U5K1rLVK13fu1umk9cY1qsbuXNt8LtezcbX2V97JXel7bIhg8PeG4mRTaI0u0kbwrKDuBySQcH3J7nqK0xomhKWke0SNgQPlKqm0jkYwR0A5DE4xyQKyr2wuYLVrpbhU2ISd2FUjdllUE4JJztC5454ByOWm8RxLIsUlwrSeWHC7lCvwQM4IBbJ646kZJ7ePi8bgsJWjRqunGUUkk1G8rcr0tq20nrZO3RO9nyVakHa9nbWKVumr+J7Xelul9z0CLTtE8wSG0hlTZjkISzAnII4BIxwSTk54Wqs9vZoTPBbRwRKdhASMAnDEsA3pjA6LtHoSR5HN42WFpoBGwkQSMhV1CrgbvnKnBKngAKd3UL0WvOtc1vxLqIlmh1WSC2YEeVDIc5bPzDkZGBnI5AyOTmvBzHiPBUGo0o+0m17qjpZ6aO+ulmtNVvfZNwozdnKSi1JXXdLl1vJJ2Savu7X7WXvmoaxYRMwmuooxHt3SboseuOMjI43HkDPPPTMm8Y6a0Sul1bzRjMeIwC7D+EjA4PqOnfHBr49abW2maOea7uBK8i7vMk2YJ5JZ+vUnkHA4GOBW7YMtiI40JuN/wA0jSF3MTdO+4ZQDg9we/U+HV4oxD5VSpxey3d03ay6ed+m5usOpNe9LlfK3ru7JryfLrdK/Xqf0h/sDaf4auvghJ4p1XTtBKHxHNBfa3f2NrLeWESKHTyWuFCsQMAjODzyME18Vft7eJ/hb4r0+0vtD8UeFdV8T6T4lvdNtLfRdPgtr1LAYVp9X8pQsgByUYFhuGQcAGvov9kjxD4cH7Emp2niC11G4hl1q/jto9PhlWS4lMTeW5lhUsCD1JIwO4Ar+ej4kaje6P4v8VzQvdLJLrd6I4ZmdpY4GuHEYdG3AnbtBcEncCcdSePFOpiabqVOX2tZXSsrK/Kk2uidtFo+x3YWKT0neEU1q76Wj0vo7p2VtXbW2h3XiPVLa1B06O6tnshEHlEZA3zsNxwFyQCTjHcZAxuBPi+qxRGTzQ0QAXJ2NtDgs2AdvQgnkAdM9QecsX+pzQZmtpZC+5/uksV5OT1HXkcnHYcE1z97e3g2RSRlYypIyNxOMkbgDuIDDDAntkA9/HwuAdOUm5Rbbu9b+6uRtOyu7Wt1TV3Z7nROMeZOLilp7rbutY2s2km3om727JLQ3H1FJYBA8eBuwzLy21cAY9h0yB1HOc8Vlv2izDBKMPyDnOQAe4PUeq54J/DLty9xhwu0RDbtI2qc5B4zk4xyegHtuqjIxMyiIgbNxwVwTgkEDOePXB5Iz0rtnQg4uPxNq70W+j3W7un0esb23KjG1rS6K+qWit1XRJNddvS3pum+IrqFYIGjWYNjdwS4YdgcA+hJKjgjIzjbvrqd9PMzSQugRv3LJuXb6DvllB4wBjPoa4vw7dQBUeRJDLGw5PJCgEMSDjr06ccgY4r0G3vjdo8kEe3yWJXq29jgcqeQdoxkc4+ma+UzCj7NzSpPWS9614ybUU93rbV/Z+elspWlJaLVK2l72UW9Gla3VvW+qb6+meH9Rv8ATRFeG6lEyw7o3BLN8w+ZSeucZGOSTweoFfSXwL+PGu/CDxSnj/w5P5GuWxmXFyvnGRJ42icKMblJzjrwccj5c/H8OuRWTRBw8zBMSRsoKqz4UHk5BBPrhvlwDmvSdDitJoUkgn3yTMrupbPlqfm+RMkfKeGG0McdT3+B4iyHAZpgq+ExOHp1aWJpyhWpyjeMoyUU07b3TaaVm2vQ9rJ8yxWCxFOcJyXJKLjFyck7KL1Taur6PWzb27/07/B79snwH8UP2Y/G914u8deHPCfj6z8C+JNLXw3dhzqGsi7inlSSIsoBaUkAKpIBx3yB/MN4yvH1O4F3uGGEoGAc7RK+0kbc4I7kdO5Fem+F4PEPnT+KFtI73RNHV7S6uZQFj2spVI0QH96zZCkYxgkHGQa8y8WeIdGvNXu4vs0tl58akiONVWPAJCqqgbRnGCp9MggYHD4I+GOA4EzLPMTlaccNmlajWVFtv2DirqnHduPvu17WVk3dHocW5/LOVSw6oOLSUpyveLbSUUte8XK3S+jaTS4OF2a5hZmyqXMGCqkhf3ijOTj7oweB65IBwfvzwHrr2Xw98Uvby28t1/beh3EVvJMsM0sMMLNKUDsp2gKdzAAjjHXB/PyOewSX9zdybxLhI5VU726jJPbOcZxngMCOa7vUrm9S306aGe4mW6URXEUVx5aqVXbkKrBcjJUMcfxc4r9n4z4Zp8T4Sjg69dU6TnCUm7PZxaSvZb2ab6JKzW08H5pXyGrUxFOk6lRKMkrvmi0/su26urJrZeZ90ftGftw+LtAuPAek/B3xM2naXbeFrSPxFHsSbdrHlhZYEOWYqjLhgeDjBByTX0B/wTe/au8c+P8A4x6lY/ELWINZuW8NTtBfTJ5Jto4HXEIA+8W4wPQE545/Fe88Pq91LI0VzshBk5cPhjyQxY5PUjjB65wDgfSf7Gmrat4S+McWsaZNGjQ6dcyPBPGWS4XhtjhQ28HAIUbs98jIP4Rx94E8GU/DjPcuy/LcB/an1Gu4Y9UqUMXKtOSq1JutGMZtyldL3rWflY/UOGOP+I8y4uwlPGYrFLL8TiKdKeEdSTowpvlg1GD9210nbo2rH9bmg/EK01Txx4l8q4tNr6RYPH9qItoVSKN97iSUqrKDkscnOABnnPwf+1z+1ZH4N8c+E7bwNdeFvE2p2uk6imql76J7PTCwwwlmViomXbyMkhuCcnj5v+Mn7Vmv6pofhmz0SA2Xia/t73RtU+w+H5iTZzq1vEYxHBulkGdyOckEjAxnH5ReLbK48Ozanpt+1/e6k6XcuoyXqyLOlxeOZGikSQq0bDcdqkDHQ+/8m+D30csuzDNqmKzjEUnChQcKeEVpe2bSpyq1VzXS62V/eSb2P27jfjFcOU8JisJQcpNKnJS0tGyirWvo05O92luuz/cbwX8bdW+JHw1g8T3njX4a+G9RbVF09tOutVDX43zhTLKhYKIGwDnptHUZYV+Mn7ZOr6jbftS6hd2+qabrElnHoMcOsaPe+dp5ZJIjNFZTKQMDed2GKg9jgisD4KX3g3RPEnhmLx3oF9qPhW5u5Jb/AE+OeaCa6mTLQgyK+5EDfeXGCMjcMgnwb45a9pOofE7xje6PolxoulLfyHR9Ma4eX7HZ7hsAkYliwQKVJxg4xgV/Xvhv4LZdwhn+YYjCWlTxOBqYdWowjCMZtNwW7dk0k29Xunufh/GPiPic+wOFc4xo8lelVcYuSbcUuZt2veze9uu6P6FdEUWXgW31yOOyF/deD4o47N9TtpJp0m05g84/enG4k4Gc84JzkV/NRpFlb6x458UfaIxE9prusTM758ov9rn3R7sEY4wGzg8lSecfR0HhPxXqfwah+JVt8UNStHhQ2qaGdcuY547e1/1qxwq38aYRIwNpBYNxk15L4M0nULjRdVvbCewuZr68jMsVzsFysbEl5ZG+9l8lm5GSQGAJr9R8POCsPwpis6xNOsnHHVkpRVLkjFQlJpO9rv31qklo7I+A434pnxFhcsounyvCwTVpKXPeMEuqafMtbXu9WrH6Gfs+ft2/DX4H/CXSvA114f1fVfEmna3qE1xNapvtWtpiQpiP3srycj5ecjGQa5nxD+3D4f8AiP8AFvRE8OaHrHh6bW57DQLO8kmfOny3tyI2v3QfLhC4bk8g98Gvz2TwTrst/qFxDdafFDEzkYlTCryroFOOAQeQM8nFT+EdPstF+I/gnWNXnSfT7LxLpM9+LO4LSSRQTo8pYnGF2j6g5PIzj5/M/BDgrF5tnPFP1OpWzfGwrVJz9rUdN1JRTdqekbN2TWvkY5d4icQYLC4PJ6dZU8JSVOmmoxTUEkmm33XknrtvfpP2/rW40X9onXNO1TxLdeMNRs9L0p5tfmwxuklt4pBCAp2gRbtmG5+XDLyK+IzcRtPFIqvERdw4AAztEi8gY9DjqTjpt4I+x/2xLrQvGXx28Wa54XZxoV9BYNavPLvKukESsm7c2QrKcjjBBOM7s/KDeHblGhlE0ZIuIjywA++mfl3ZGeee2eFFfu/AVGOX8M5ThKsXCeHw1Kny2+FU1BKOn+FLZXt0e357xRVq4rOMTXi1L2tVylJLd6Ws07qVrWe221rv7B/atvpGHwrVi7ofA2n4AXA2mJF2jj5SR7E59+R8hwOktwgMThSysO5OMDBx68ehwQO9fan7Sej2+sD4YJcahHZNaeBrAZBDhyIk28Dv3PAGAcjrXzjZ+AYdqXKa1Zt5hA2PIF2A8EsMDB5UgAcHPbk/UV8ZRjUbbtqns9LRi0n28tfv2PFqUKjUfd6RlZvXRq6slpvbut32PrLSNDl1X9ke4jmnFnBN4wAJdgtuNkeQXc4GTgALyc47818TzQ6RaPcWtxPPJKs5iikRlKCNSRuByRjjPOMjBxnIP3DqGkNY/sivoEWpRSTy+MxIpWUlJMxAdV7ZzhWPAGQBgA/C0nhLUUabIhZSxwzSEknBzj2zuwBz+JprFUKjVpW80r2l7trO+6Wq/PuKMoXfK+bld+rvLlezflfm3vrZ9fq/9kSO2T4sTQ6bJK7Dwvq5AZl4JtZSTuGeTk8H0ODXzzr09rN4m1+DUFw8OraiN0cgBZ/tEnEhLZcsPmHG3HBAwRXvP7IGl3GkfFKWa6kjiY+GdXG7fuY5t5QOMgcj3HfsOPmvxto95d6/r09s0ZSTW7/LDAZx9ocgkjPHXPGB1OOlejSqQ9mmmtHpJOz15bLd630XXzaPNlzKtJtW0i+VqySf4LXVNt6Mzov7IGoQJALhmW9tZAS+RnzkJQN0BBPC9T3HBNfcn7X7RyXnwxnaR7YN4A0gJuP3iLVVAyfrj37AEivz2i0bU7fUbSIRyGM3NqxZJCQCJkJYFc8fh0PoDX3x+17Zy3tt8Kishjz4E0yJ2lbH3LeMFlHAHIOcHOAPrXYqsXh6icoK3Lrs9LbvRLou2nYicpOUdk0unk4J3stne9+263b+MrqOF7Ym4u3/AHchIIIZQByFAOMfNx9Dzg819Tq0P/DLEJcxTJJ4qGNrFc8kcnPYY5AyTknGK+QG8K3ssTMmoIygM6p5rqCBnjIGBxk8YGR25x9D7JIv2XbfSBJGLkeKXkVwzMCNzYIYk4GMZ6d85HA5IVqbuoVE3ezW/RPq30flZ7oz99VIuUbJ6baJ2Vtna9+j6d7nkk9jpTfPMrBgvzN5imJBgcbTgcYwTjJyTgZyfYf2epUs9L+MZtSsyv4XnACAYCNGwYjGMEcAEckAivleTQ9TaZV+05iYFWYys6g4HoSCBz0+vSvqD9mqKG30P4sWlzcAGXQ/sjThCwgVgVZ2OMBVUZA3cED8e/L5R9v71RStGT5b7Wj3tfW6V0kt/O2OM5nSjJQUGrRVt3J8qu0r3tv2enS58eRRSvLI6v5Z8yY8nGWaViBk4BxnHYkg8ZJr9wP2GftA/Y+/aeglgDQxeF75mbfnLXCJkkZI6/MO+089K/MQ/CLwpGy2q+O4JnlzcJsiA/fSOW+zjbyzckAjqenJr9r/ANhH4L+J9T/ZK/ab/sjQNU1PS08N6naXesoALRZzFugMp3bUCgEsOoyvA4ylXj7RK2i6NaPRLdefb106c0qajDmfVxvZ7Pmjo9WlrZbK/nofgl4TFgmszi8SNrb7LdIpbY3z7pGIXcAoYcEAZ+9xk9YtR0e8SK7kiMlxDNIGtgJwNqFjhfLV9o24zwDx0xypvan4P1SzmvI4LSZpre+mt3ChnVyJXVljMecg4O4beOMHirsPgnxgLITLpVwzNypaZ0ZRglMI2D1PU8ZPcis3WjGo5KpBKEer+Tsr9PnY2jSqeyjF05X3crX0so9E7trTRL5WDwVpmo2uoXUjWzIG0m4A37iCNvPTByOpVeMfN0ORtt4J8RarapJboEsw4iZnkCIrbizEbmUrwSc5A6nkkV23wg0TxdF4lkvddsJLbTF0m9t4XuVSS3muVUeWiqxO98tlWHfjJzz1Guf8Jt4Zsb+yuNPtwkt6JUZkiWJbaXJiZGBByV49BgnIqamNlKHLGcJRurcr967Savv+HSzta9sZYPmknKM72V9GrrR2d0mtNGr69VoeMx+FdZgiuIliikW3nVWeORSWJwCqHknIHB5A/GuZvdFuLW5ktpYQkjyI3lsQclsY3NnJbGCevQjjqPUIbjVbiyzBaRqIbnNzLHkbju52hgN5BHGMgfwlercIJ0n1Wa8naWUx3ODE+Sx+YKuOpwCSemeOMHGKp16k4xc2pKOkUvhXutveKultfrbe10ayoUuWMFCSuopO/u6K7b93XS602vfW6Fs9JGl3MfnTQqLlHmkK4byw3G3A64C55GBjI71dQWxju5Vna5iKhWkwEKfNxjJDcZO1QO56jge0/E/wf4a0G1+GEWmpJDqus+Hzq3iJGLSM8s0rBBGMkIojx8hI56gnBrkdN0Xwy9hqlzcWN5J5CHy4/MwhIY7twzu3Nzt4z14I6ZVMXCUFP3tbpJX1s1rZrRN30ts7bM6aGGSg6a5Uo6W1vtFt9Lq77aa2drNejfDO0ceC9bktRJLGt9ahXQBUBfBwpHAbpu5ByMnPQ/rd8NfD0sn/AATu+ON2s53zTwxHcGzuc/cJwAMErnOcY4APT8sPActrZ/DvxP8AYoXtYDqFo0Y3BmjJKkFzjgjp68Z6cD9dfhjdxQf8E3vjXbi4jlka/sCDuTYxYIzHcDkE9DtOecngmvbyPM61B1qkZKNsPWhyy15ozjy8qXeSdlfey0Wp5ea5bSr+xg03++pTbj7ri4yTWt9Nr3WttLux/PzdfDzVkvLJHu4PJlgaZZBLnaoJYxyDJZW7EHGQcngYr6N8F/Cvw9ffDvxPfXmoFtS017ESW0LKqLp9xOkbAnJLMWc7WUAnoc8A8XJJpml6tKzTLdedpO1Q7I0fnyIQVGWwpUkbSDkDtxXr3w2aGD4bfER5RbzXMui2V68ZlHmxJa6ihChc5wQoHPXOR0rxatWrVfM3JJzpu0FZpc0b6pbWaV1a19+p6VHDQoXcUpWj1km3Fcq1tve73S9e9z9kv9oX4Z/s0/HC6uNX+G8PjjTNWvrLwuBqcrB9IjvrpIZNStxg5mt2k8xXYYyowBk1+oX/AAU2+M3w8+JOpeBbTwH4l8S3Q8JaXottP4f1OV5dM0qC8sBP9ohZ1DGZpMKiDChSMbuCP53pby5uviDHfDZCs/iHT5UII+VXu49nXaxHXPUYxg+v6VfHjxJZjxPrnh26lSbWb3w34Nv4JI4lHlRwaXCvl78gu7Jl+MnIPUiqjldCWNp4yUZSqxpvlbdk3FJat6p2bWm97b7edOjH6xCftGpQbtFNxi7uCaafxaN6JdWtrI8juNyrBLI42yPHMy4JyTjORjGCW68A8dVyB1cF7FBNbLKcK0MmwrgE7lJUHOP4fQHkgdTgedHVVnNvC2SiJjOAM4wQpwDhTtIBJ54wM5xPf6jLceSoIi2ISrAHJy3C/KOTt4PJOcY616jjJpNKNr33fNey7Ls/dbS9L2v3qbh8Lelna8tVp0skruz8/uPQJry28u3uNsarANjoSMlm74JJ6Hdg8Z54JzVe48RxrK8CHy4Y7Vog6Yy+8jAwBgkYI5JHYZzXnzTKEcqZHB2hlLE8qMg45KkEArxg4zjtWexuXkV0B2zSYAwThQSDkkYOMHt8oO7gZxm6TjJXTcWkrJ3aeibb0733T09TOdSbcWrr4bXbs7Ws5WsrN3enVrfU9LbxSoilgAJP2dIEMbbMA9dxJ6DA3c/Nxjk88p/adyrym3Zm3S+ZjBLAjJC4JHIy2OBljzkchbGwaXcSjMfLBx/eYYJIycEA8ZzgDGeuCq2xad4xlPnAK7uTgHPGcDoeSfXqa1pxhFt3Slaz1s07LS1rKya3vdddR89Sck77cqu91s+y62t1stb2snM93eW0rMZmcgHLHKgk44Xjp0BAPU9DWMmmTrO8khwCd4UlmzgEnk9BzgHk5zg5zXZxJtsH/dSM0YCgqAc7Tg5AxyO46k4HJ6UVkaWdB91Y2CudgHcZwRnqeBgHsQDihKPNzR1Ts1ZNXvZNu2iasn3torXsNxas13i7K+6cd3rbd3snpezsLpumu0dywUFvsUzd8DCg8gqcflnHI6V5p8ZrQwaN4Hmdhl4bsY3DB7fLgYGSR365zXttiSv9oNHICi2cqn5QOWUAjHUBSDjHv2JA8Z+PT40TwEgxuNvdtnHGS2M8Zwo4PHB4993k5tK+HklZrmUb73uopPTXVabvTVvU9vJf97hdp3hJW11uk7pcttdeu3RI+fInDyFWJVX+Vctt7qp7ggBevBBPB7Ae9eEfh1oniX4Y+K/E9vNeSeIvD19aqlkoUW01lcMcyHdjawK525792GK+dkV2YAjLICQDwBnlickHqWIA+8OnJIrudG+I+reE7C70yxmZLTUdgv7bBMVwqEkblJIDAseTyeOwFfK1ac5xjGL966e1k1eK5bpa7OyXfq2fXUpqM3Ka91dXrfZWtf1tpd2uu557qzPHPcxMwjC7wUbILEZyp24C44+8SCT0Nfe//BMXU5dM/aj+Hl8qmcw6vHKAMBT5ZVyOwIzzk5UHJPIavz31bWINTvJpgwWSV5JGTAXqRtA57j+6QMDnINfW37EvivS/Bfxi0XW9T1E2Nrplpd3UJhIEklyVKxRq3GfMI2lgcgEjGATUYy2HwdatVUnClSlOfLZtxjFO29rvTVu72S2R8vn3tcXh61DC8rrVIyhSlulKbSimnJLS97K25/eJ8NvjpFAninVb25g0XTrW5uU1HV9SuoYLe3hIkUmMSOpbCkgqoO7bwBkivwA0Lxvq2h/tGfFzWvBloNQsdaXxg41a0YhZItRiuEW5UqCMTM+Y8KAMhifmyfmvx9+0l4i8U6jqNgdR1GPSr+TFtpEd5MLdgRlZLiNXxLIxG7Yw55HAAFdL+zrqmv3fijX7jSoJby7bSpbe7iBLxQW8sTxyzMozkohLBuueAOBX8s8a1oSw2bYurCFPBThFRhVgk4ydanJSbtZttJKz7a3ufZeHeVYnC4nAYOpOFXFyk5TdOOkPcbcUmtWlZPltfXsfoP8A8Eo/iIvhyy8Vy6tcvDHB8RboypcSYSa6nZlchs4LBi2QDktzjNf0aj4v6L/ZclzLewRRLIru4kCFEADFyfYc88ZGQOK/jY/Zn8Q3HhHwl4qm/tK4DL8aiGEWQFQ3xLbiTjnkMCQCAM8EGv0d+O/7Rmrado0Fppt9fw2Uktql89mj4eCSFQ6748qHPzDls9c54r+c+OsgxFbi/F1sLP2dPMK8YqMZNcsVhqMXJyvZJ6NXs27JPZn7dRynD5ll2CnXjFTw1O9RyV5Je1lG2yb+Cyvvd+R+p2v/ALTDa3J8ULC5En9gwaDq8GnXKN5UUzNaSw+a0jYDwqpLNgkFlIBr8Ov2d/jx4e+G3wm/an8Py3hl/wCEr07xG0BhjAW6u55J4441diH2rGwPyg5AO08837vUPin8R/Dlha6bqt54b8PXNo0IMm64v9TtJpdvyQx75GRlJ++AOdpJJAr6l+DP7BWh6/o0N/qOi380T2xT7Lcj7HBetL89xfX0QYMRK27y4m5KsRwOK4MuznIuC8DmOFzLMlVxeJxmDxFPDYX97XcMBU9rOPNPlpxc3e8W+WCbv2Pfjk9L2dGVPCRwuE9nKNWtVtGM5VEoRkoXvO0lzK6u91pdH8qPxB1261aw0bTk0yRFtZbi43mNyx3TlsqGG6RiCAmMkn1YV9efs3f8E5/jn+0rbaV4s0Oyj0bw1qaybpNct7jT5VgtzteZxPHG43EDyigZWG1ud2K/pP179h79nDRL+x8Sat4M8OT63pVtCkFvKsUGkWYtcMJrpEJhYb1DM0vzN83OWIrzP4sf8FBfg98FZbHwjY6ro/iPUrK3/s+z8LfDyBDHbyBhElvcSWyKuM8MqBuA3Bzk/QZp9JjO+IsJDKfDLhvGyzKlNRxeOxtCOIo0KenPaMZxpxVryc69RQSTsnZHzOG8NMAsweNzrHUq2CqJewpRnLDc1RcvIpSfvTfK7ezpxk23e6sfnf4K/wCCOnxP8MXN9qs/xA0fT4rfcdKsdKlebUZ76Nt0KK4bKO0gXYSVGeozyeS8efEyz174o/Db4YftM6bDZab8Kb7/AIQ+9vg0LaprELuPs1xqk4ZjMDOkaMrNxESvJOK9m1f9ur4q/Ef4gxeC9Af/AIQDT70NceTaRvPrFrGsDTF5JGUOkjKo3EcDsew/MH4t6Nc+Lfizq+pa7Pqt+8uq6ZLeXVxLK1zMzXaNNqI2lmDsoZmP4kn71acJ1eMM+zSWI8QcbgKmLoZXUxeDng6dOnisG8TH2Lmq2H9yKqRlJcvPNtx5k7Kxeb5bluU4aFDJMNJU6uMhRrU3UnKlNQtUacZ3knHTW0d3o9jc/bU+EXh/wb+0DYaJ8O7L7bp3i6w0jVrKLS7cC2t5NWUEWlsiKS0CIwDHaNpy2TnJ4Px18J774Y3dlomraVFbS31vbXLuGLSRyTxCTywW+bf04ZcqcgjLYP6eeC/hzY/EL9qvwjq/g2C78QaX4K8C6LdyXWpOJreSS0sVhaKESbg0sTkAKoJQ9TgV7B8bP2cr3x58avCej3dh52oeJLrSrhEa0kFvY2iZF0hJULu2d/UDGQOar+MSybMOHOHcbWU6dDh6WOzWvVk/aqupctGHN/MqcFJxfvT5n2QVPCulmmGzfMaEIU608bBYKmnH2UKKjT9tUd0nbmbSaXLo1tqfj3Y/DLxHqvhqHXovD17HoCiVRqLWjJ5lzED+4LOArlvvAgjIA+bmvBNY0yO0uJIxOrHZMzxSxbRCATvAPABVgCQBu4P3icD+y345/ATw34Y+AI8B+HNC0oSaPa6TMPKsYTcoqIkdzJG20NJPLuPzZPHUjv8AEPxL/ZM+GaWvgTQ4fhxZKviK30W517XFtFlvNMgcg6hdXEcAdlMwbLbiBjktuxX0HA3jP9dxc44rLZqc8XVp4elh6znJ4aMIVYTqKpFJTlCUVyxum7pPS58vnnhPTWGo4jLsypTh7J+2lVhKCVSnJQlyciacU07XjpHXTc/lJ1JbS51COMbIYY2EckuSFcqTwOMcHjsc49K9u+EPjvxZ8KvCXxXm0SbRr4+JrG30GK2vY45LuOC4YoZLMy5MbKpAcrgn6kAfqN+2T/wT9ju/jtpmhfBTSdKtPhmdI0261PxbPJ9j0y11GOLddGUMFLyk8iOMMMjA5POf4Q/Z4+DXwpiFpe6JL8XfHDzcRwxP/Y8V0uFj2QqjC6CsPkBU/LncMZA/s7hvGriDJ8HXpYLEtYqnSq+xq0mpUrTi1GrLSMLNXbcl7uvW58ZlfhvnbzSoo+yoYfDSlCWPqKSpy5oJN0qSXPW+JNJRV3pds2/+CYvx++JHgrw78QPh1r/hGPT/AA/4wjeWDxVLoaSWmmRrHtmEl5NF86TLIxZUYgjAHAzX318IPF3wB/Zdj8UQeHfitprat4nvp9R1wxxXVzaRtK5uXWNDH5afvJGBjU4PIHIAHMfDz9nD9o34raZbWtnoNr8O/DMyIltaCzWwU25KqiR2saK0jeWAPnBJPU4bA+3fCP8AwTG+FHhPRrS++KlrrnizVLyEz3TxyfYLKEYzJ5rIxVYxgglxkDsuMV0YrgzgVYjHV89nQxcsznh62LyqhJ4mjOvQcfZusoL2cZcyu0na+1mfYYrDY3KsBh8HgpqtiMHCtThja8FRqSjUUU3CL5pJRUUk2r6Ws9z5W1v9r/4KePbySHU/iXb6XZvIy3FzYaAkc17Eo2lbm5SMTFWAyVDFQCeNoJr1T4S6d8FfiPqP2TwV478DWdonzXV7eafFY6pdA/MxW8uEQeY+flBfIbPGOB8z/tn/AAA/Y/8Ahd4O1HUvA/iK48O+PrZJpdG0ixlfVNO1DAwbe4L/ACrKrAhmUHGOACCD+Q2ifGTVfDpGn2+qP5cse94BFtaORuoLoykdiBwR0wO/6/lvC+BzDIorJpzyWjBRpQw8aFKFNU4JRp2i1G0GtU4u1vI/D814sxGVZo6WYUcPjZWvKqqvNJXf2r8t5RsrJraz9f7DtB8H/s2/CvSk1rXtV0zVrmKPzpY73Uori0cgE+YsELuku4jgDAAPORwfnP44/wDBVX4MfCjTLi08J6IurtZr9ns9P08GysprgBkQYt0EpjBC5IDBsdiDX87WmftN+IrWKOO51i6uLSCLy0ju4zcpDuG0ovmEgLgcDJA4Xtis7UPjSuryxXVxpWiXSjhjNpFvI+18fMuejFTk5OQTwMCvnJ+Hj5ufHYyWI97SN3CLScdWnzvpaylZtu1lqdUfEDCSivY4aUW7P35qUY25fhUWtnor9l3190/aK/4K/fFnx1FfwPrN14W0WQtFD4c8Jm5tbqdGJAt572FVdiU/1jMwOCcZNfk34w/ac8QeMNF1W9kt9T0+eeeWG0skjupby/lfduur+9cGU7A+Sd3zN6Z4+7rzxx4LuEjb/hEfDr3ciBvMk0G0ciTBO8bgeQc5PTiqP/CSaBcpum8M+ElKnAR9As4gemeNoIPGc8txgZzivYwvDtLBcsKFKhCyXuwainpHWTStJvd3e+7PJxvEFTH8znXqwjJJONlyvRat81o6dLX5U9bt2/ICw1XUtTtbyTV11CW9kvleS+vDM4SMH/VxhhnC8bSMgEKMDHHZaXeabp9l4ra6gmAudPt47SDbIZLiVGDCbIAx0ycgAAc56L+nVx4l0gkW6eDvAku45VTo1kCc87twj4weOnGcnJwKry6joKB5bzwN4LZWX5iLC2jAXHThDhcdsAHHBxyO6rl1epCUIpR54pSfNpFaaWS62vpdWW70PGjWw17yqVJOLT+DtbdtvTp57d7fmrqXjG4vrAzXs8VjN9ls4Taxxkb4LeFURnxt+YquHDYY8gcYNeufBf4PfGn9o7WdN8G/B7wtPrFwQZLq5siILTTYVXJuNRvn2wWykKdoeQOzMoUZIA+jPEN98LdWEqS+B/DYuUiEZW1hC85OGwsY6DGOQFJPBxXvvwD+MniT4HWuo23w1isvC9lr+x9Us7SxM8t+ETbCzs0eTtUb1XKgMB1618nX4KxcVVnhIYadWUueCqzko3k0m5Wi2uVXsk7tvWy1PoMLnWFnXpQxU68MPGK55QilNpWlyr3m1daaWt1Xb51b9j79pS08caf4WvdIsfA9v4QvfI1bxn4n1G0TT523ebOVxKbi4RSpEJjVlxjqTur9VfEX7SXiXQfCnhPwf4Uu9B0/U/CGiQ6BfeOvCOnu+ta23kiG5itb2aJWhimO4vKjDG7+IHI+a1+IWo+M9afV/H2h+I9bsDem5vL+W4nblyWxHajEaqSDsi4GNyjAFfYXwp8MfBT4majpel2vjRPCd1csiR2niDTxaW1sQRw06ZXzpFyqln4PIK9Ty5lwlhq1LCYnOcDSxk8CpSoU6cJypU5T5OefLduUVyqyktHdq59Jluf4Wl9ZoZZiqmGji3GM3iJ2lJR0vFtPletm4vmatrc+Q7XRPEfi2aSa5tNauLea4kuXs4xJ5l7PM26S5vZuDJNMxJdnOckMTyFH3X+z9+xl42+I0ts9tos2i6ISo1G8vbQRR28ZwwWGRgr3DBcb2XPPHTmv2N+Cn7FfwrstIs77UNb0fXLWCKO5U2VzCLIsoD/aL2+VmGNpy0TngHGR1H0Rq3xO8D+Boo/DHw30iLxzr9ogt7e10ZVTQ9MKgKGvr1VEf7srubazMcdtwFceN4ipYSlGlhqKoU4RUOaUFG1kkowpbtpLsrWsux6eFyn21ZczeLqO0mqd3DXlfNUrP3Vre+6373PHPg1+yV4G+Felw6jqNpYTz2CB28R+JFghgt9iqzNaQzEKRgEKFAO4KccYPousfGzR7Bp9E+Evh4+L9WAaO68UTRvZ+G9MkPybxIwQz7CAQkQZWCjGa8w8VXeq+IZDrfxZ8UpNDEDLB4WtJ2s/D1gVwyRTAFFvSBhWLDJZeQ2ePkD4u/tceDfAtncaILm20rT4op4be4silrCHRSAIIY8GUk8K7DPIYgYFfBYrNMdmVdxw8KlepJuMZzTaV2m2lqoJ62Wisumh9ZSwWDwVKM8bWpxhFwXsqd400lZqLa96b335VfpbU+kvEfiTSTf2uq/FrxN/wlniGKRpbfRGm+zaHZOuWRFtgVheKMEbpHwxwNwwefgj49ft1w6JfX/hXwbeWOnQxpPFPewtENP0oqu1hb+USWkUYC7cktnByOfzF+Nf7W3i3xqZk03UZvDvhO3uJobvXtRbF5eQkkfupJSsjBhwiJleQuQDg/FuqW/jD4kqtz4Qgm0nwjbzsdV8deInFtYzyDLbommYLIXOfLih35yBjAFejl3DsqjjicyxMU4uD5b2im+X929bOXM9Ix1beqabPDzLiOlBexyzDt2StJxfNFJRTtG1kr7y06W1Ox+PX7RB1zWIdWv9Qv8AXrxL+UQSX1y5W4dmOZhBuLFA3KRhPQgHAFeReF/iJ4r8WTa7daiscF9JBHpGgpqYFnFczSkCNoFkwwEYU5dV6Z7FgMaz8M6pH4xtfD1v4dmvNbbyIdJ8ReIrKU2OparqT+TYHTLZ0ZHhd8NHM21QPmBHFesXX7OniDw7448M+CfiPr1tL8U31q4ij06GaJNKhM8azWwgaBmiAjVlDKwDIQQVIBNff8P4ijhMdGlhI01NUW05yjGTiklK1PdK/dq7sktr/mudutjqc/rVWU4zqxTpqL92ScWouTb1Ss1dapeZ4D4n8b6v4f8AFejw+LbSw8RHTtSVdTsbOd/NvoCFPloV+ZIgBs83rnpgsc/YPiT/AIKW6voXgW0+Hvw78A+F/AmmwaZDb3V7CivemKIklJZwokllk3YkdmLduetfdWs/sS/DfxN+y/PqHhLS7OP4/wCgajHpt1qUqxainiXV9SYxx2VogZ7pI7cbBtSPZkgnau4V8za7/wAE+fjf4K8FWMniL4P+D7TV9QNlay6trep2y5uNQO2P/iXo7Tr5hyQpiDDp1IFfAZ3xVwbmWYYzDZtWpRr5Tip06+FxmIVCKqXVqvsXUUKkZ3Tg3zO2m59TkmDzvLaEIZbiVH67hY1KdSnTU6vsl7koQnyualfSXK7LeyTueA/EX/goZ8evjV8NPDfwxvjbjwXDZmztdB0S2kjutYkYbFmu/LTzDGzct5mSwIBA5FfOnhr4eyv4v0e01rSLfXPFHiS5t4tF8FwLumsprlkihn1lwMWtvGSCwlKZUE/KSzD9qfBP/BOP4kaL8OtJ1+/uPAnw9FxDc3+oa6bf7RrMVhp6GS9k0+C9jjjgUoQIFQ7ydrFSMVla/wDATwLp3gnU9P8AA4bSPH3hu1s/GPijxoym/wDEPiiyW6Jt7WG7cA2KXAUM8UbqqK4BG0EUsk40yGr7TC8PexnzVbSlhIuVCMmlFzqVuVRklypWTnJ8trx0Nsw4ex+IlTxub15Vo0qULc7V7Xj7kYpvVu9+eyV7tN2S9h+Hn/BP3wd8OPgP428R+NLuO9+KOraFd3dvpGlzW6aZYXdrZfbYrO3VZMywxROiO7EZYFRjNfhZ4g1m+iv2ht7Yq/m3dg0MOSPMSV0cKq7hkMrDI6nJG3qfuL4ifGjxH4cjvvDWi+LPEviPxH4ntIInt01G5ltfDdo1skdzZOFZg93cISrLln4CknI2+aeE/wBnLxXrFk/xF8aarp3w48F6XBPcPeayY4768mILgR27kPJLMxYqCu7d27n9T4EyfOKrx1ZupjHipxryrNctGlGMY87k5e5TpxWm+y7ts/NfEHjHhzKqWBo1alDAexTpU6FNp4jEVHKMYU6VNfva1aT2UIttv4eh4d4N0yxudEjfxNbahJDJfyJcx2TN9qgtYlLAsNwKNI3yeYcFuQOtXPhT+3B4F/Zu1HxNp2ieAnuPHE2sXL6Fq+r3zjR7C08tooodX05sx6h1ErxTLsY9jxVHxzr/AIQfUdM0H4fXWpRlZLWTW9UvZ3Q+IGN5tVbS3yfKt2A3ZUYfPOO35WftLPJD8VfEZkUxRxXC/KjkAsIRgkHGck9cda+iq4mWBq18HhKtOq6sFCvWppSUnzQTp0qqT92K05k+l9UeDh8HHO8rw2OzXBV6VNVadXC4PFJ0qihG/JUxFNO6nJe86VRe6rJrSx7T8Z/ibJ8VNdvfEd7rtrf+J9YvNQvb2O0iSCxia8lkk+zWFtGRHBDGXVIwnOAVABwtfMt1p2o6fJafbHaMTzDyxy24O4VGK4OCSRkZGRjAJIx5loniCSLVrWSF/Ja2mRt7HIZdw3gj5cg59zg447fVl5Ct/psGqSwR3LW5iupNoVURNofAxksxwO3APQda8acnQVmo62SlJtWso3V7Xej0tor6X3PbpRp14rkio+xUVGMPh5YqF9NH0tsvLod58d4lt9M+G2nSyQzTf8I5bvI27kKyowDDJx8pHZSckY9MT4ZeKNP8BeKNF1u2gt5ntbqOW7inXzo5LdgRMdgByNhOM8AAEY4x4x4m8W3+u3xuL5vPa3jjtrQEk+RbIBsjTGAu3aoJ45OM54FCHV57X95KUhBAQs3zFww6BTkZC8cqSTkdAK8StSlKkqd/dd3Jau6bv1s7Wdm27fhfsliuWu6sIu6UFG625VBfo7/eup97+MPEnwv8Y+JtMi082s+g3y3Wp6pakLata6jK5PkptHI6kE9+oIwBBonhX4M6rPKbu/n8PxCRoI3n2yx5XcFcD+6TySTzj6k/Bf8AbMdpI8toxaSZWAO9iwDZJf0A3EdOmQCfW5pviHWbqZreSaRkHyhWJCjacFgCMgc4z8v8QABzjllGvTjG2sYpXV2k17tldb27qz1d7WaOj+0ql1z04uUraqzTvyrda6u+13ttufc2s/DDwRBqFtZeHfGmlazFcI7SzXFuscdvghtjFVC5HAOGycN1xg8nqfwduZLaWXT7zQLmLzTFFNHOUXeD/FkgDkcZAwcjnAr5wXxXqFhIkVtO6qfldsAht+N209WPI5Hv0ziuy0zxlrOnIIJLkfZJArCNgxBlf7vGcqVycnsRg7etZPF1oKMuSyVk43uk3ytbu+/RrS6u9zf65TmnGpTa0t7qXKnJR967u7Oba8r2tc8e+KEWreHNSbRGuUVbKZWbySWiEzZHDDg8DOW9iD6Zni2x8Eanoem3dtdLHrSaeiyyRKZJZrw8SrcbgQi/NwwJzgHqFB7rx1Y6h4hSa5FuJ2JQ3NzBGWlJAO1V3d+Cpz0HQYyR87akHsC1tCHMm6RGjZWEicgjLYyHyAMAE5B5BGa9jA1I4lQnGSg4N3jGVmtUrSTevM0klprpa12ePXqck6nuqanopSV3G1rNXs/LbTXytw2pacq38ljChmJUP5gAUNgZJCjsc/dAU8YxgYNmwht5hFayWcnnbyssicNtwcMMnAYYPpwM5PIHc6H4V8Ra7HJdaboGo3RiRvMvYLK4nVWBxkMkLAgA8kEEDjGeTaPg/wARWV7KL+xvLXER/eSWNxFIwwWAVZIgWJ4G7GBxjnOfSnWhF8vMrxV3drolvd3vq+2zTVt/OlhqrSl7GajK9nySs46WV2laS1d3dPXoeUz3d3Y3s1sOY1LBVkZXds8ZBLY3nB+6ccdRVguU3i4Dyq4EiggAqMcqGHQg7gBx0yMjkbup6JdpKJksLm5MQCeY1rOJAxJySCgAAyeenToKW+SCytIo/s0hklSMzebGQ8Lkj+9jAGcjJ/EZwCVVJKSadrXas3urdVo7tXV0r672WbpTVueMkt2nF9NLWs01e+i0VrtK9jlXt8SJLCrnII8sj1yc4XnnPB6Dsa9C0a1upJIln2xkQgOkbBXK9gM/KR13Z55zn154JNYTQ3MIQhowp3fvGBI/uYIHcEdRz1PX0CzdbtA01s0Fw0SmOeNVEaJjuMjkDk5xt5wOBXLiKt4qLTVrXezurNS5dFZ6emqTsdGHptzV1a1rJJpSu4tbJ2vbrZOzSuZEdjLFNm0k82RpJB5ZIyuSADIOw4PzcAgcH1vS6fqEbwyHfEs4VW3E5ZmYggZzwuTgnjoc4Ga1otMS3v4jbbr1rhAFlRyWDMMlhxgEdAmOp3AnFe2D4beIk8F2fjHVbC7j07ULr7FYl7SeNJXiI3yQSGLbLgH5vKZuoyOOfIr4mFGVNTnGKqS5YqTSd2o8qTa1lZbWv3XU9jD4GtiKU5RpzkqK55unFuFON46ykr20asn3s9D6o/ZHvNL0fWNM8P3VlFqVn4im0yz1KMFmvJvMuVL2NmY8v9smBCRKD95uepLfq/8A8FNPHnwv1C3+E/hX4efDe3+HHiPw/wCDdN0nxxFd6THaatKjqkNo4iSMS3MksZWWSaVS7MxKk5r8Y/Bmoa38JX0jV9Djtj4ntLq18QaTazqTdxS25WaK4ZGXdhSFdVxjOSOc1+nP7M0fxC/a3+PWmeP/AIu6XceL9V1iytxcloZ7siSyVY7V5oo4mSKzt1jQlXC7gMAtgkflnGWO/sSVbiKcuTCYLCVnUgptSr1VyulCEddOZJNttybSs0frXBOGWZ4ajkCi/b4jERlGs01To0rRjVlOXw8sIXbvZp637S/Cf9l6/wDgL4R8I/E3VbfUL7U/iFb3Oo+H0WwmeCz08wnLzK0ZVbp1PHG4R4PzdK4PUkF+niORrVbC9+1vLHCIQ0kkrMQWdzhsMPmwSAmR3BB/ryg8B+AtW8E+E/CPxO8ceAtMOl6bEPBNl9gVTatBEsd1a34aFGjJiUxbGUBmDA5Ir8o/jV+zB4M1PxJ4i1rwYLa600eayadpNlOZNUuBK0Ba2IiCrH5oyigkkYIAUgj+dcu8WK+Jx0q+e01S+t11HDThWjUnGOlqdSjFudBQbvFySUr3tvb93ocGYPEYL6rkqqQlgac3iPa4SrDDYim5OEK+HxcoRp13OSblCCbhJct7LX8QG+KHi3wB4cbSNKu7ODTZHmmu7VrKCaQ3U6GMypI6mSNtpO3BCq/zdcEfNNh8Z/iDpNtq2maRrItbLVL+S9vbeSMSPNOGZlkLSKTvXPygHGBj1NfUfx18AHwx4l1bw5cmWyvBM00tlPEY7i2AUssMocbgVOCRg4PQk18V3GjslxcTmZG8mRvKUAbixOQHOcbsnCn3PBWv6i4br4fGYKhiLKSqKFRXk72ah1e1lq0orVvRs/AuKqmLyvG18K5ypeylKDs+qtGSWt+XTZLV6aHsfwk8O69+1L8TvAnwf1wfbNW8b+JbTRoNdYGJreGaVYmlm2BXaOCMliCMJgZxya+x/wDgot+wv8PP2OdI8DWOn6/qN/rV1c3emahpl1cxXVvI+n4ga9tVjklMMc8i71V1D4IO3pXzl/wT61bxLpH7ZfwHm0KyWbxAfGW3ToLsL9iklER4nU8YJyuQcZOMktmvTP2+r74h+Pvjj8Z7f4u32oaJr2heONTGn6PJMZLS1sJ7h3SazhZz5cEy5aMKADGRgE8n9VyvA4ipho42Fvq8Kvs6kVFN8yjFpNLZJNu2yV9O34lnXEtGhiJYOq1OrUpqpGc1aTTlyttuVmtLbXvu+/zh8FLu/wDDfwU+KF7pdub+21fxDY20plBxaMoyGV8BUdVJwwPUgH24i68QPPpOow2wN1cSyOZHkz/o7Z+bLnIAXgAL948n72a9P0Nbvwb8DfEWm6E327QtQ1a0u768nKq7SiPcyxqfm4AIBxxyMjPHxz4i8ejTY3g0/b5d87vIhG3aGIAwV+YYPHPU4BPPPxfGeCqYvMsJCNNSdLDJXe8ZSd/dW8k7+9ddbK6Mcsxka2HlJN2dSUUr3SbUIvkd2nHe99EnZNWZ0SeFbLW4pZNQuEsFQOzvuzPJnJYjdgNGzBSfmJ5I6E1xWm+Hf7HTU76yI1M2jSC0kVvliU52qFIA+YHBI5JB4ANc3beOJpzi9dmTeIsruBEIY8AAHk9OSeSeeuOc1nxVq93cT2uks9vZOwVbeIqsjnBOTt43ZwG57kAZya8rDZbjk5U5zSpyS9x25YRXLdK3drZX3s72sdbcbpJ3b05Wno2o+916K6ta7fWyOgTxHM8kjX0fk3KgCLyz/q/m6OCQQ56c9CB0zXpPh3xDNqc9tZPlLdUUOIisclwh5KgrkMOOT6scANk182JfXF3LFDeI1tLJKyzzAFnJydwbdtGSRnrgn0r0LQ3XTZoLjz/NeNlS1TeSzq3GT2zzuAz/AA7eKvMMqpSoWtFTSWujtrG7ulumr2v93S6a95X1Vk76Rd011Vr2089PM+l9J0Cyn1CY29yoCOJQpc+cJAQfLAJAbaSd5Azkk4J5qh8QJGjdtL1m1S+tHtg6MEBETAZV4hgks2QGJCgk9lwBU8ByNPrBRnkjcOsks8x+UIw3MgJO3O0gDB4wB15Hv+m+Bbjx54j0rwhoGntq/iHxLqFrp2iI0TPvmkkRSjOikbNu5g2QPcda/PKtSWDzOk6v72NNRd4tRceW1luryemjte1tUz0sJT9tKFJcqbmo6q6bbstFfmeyVlfTqfEmj6MlneXd4bSWGLK+VNJFtEMR+4zDAUKDyMkk8/UenasuuPp+kKWOqLq8ttb2dusbyLDNJKkSzMihmBG4EhgQEwegr+6T9j79kz9gS+8BeHf2e9b+H/gjxR8d/wDhEj/wn2k6rbwXd+2sR2ZMhS/mTzLfyZJN0cUJY7oxlQQK/lm+Iei+B/2c/wBvLxR4C8SxtY/Dz4SfEy8vr4PpJvbaTR7eczJaLGyFXt4FfysvjARcDBFe7jce6+CjmGHUayVCrONLmTqxr0ox/dTg9bu8VdN25lZprT6/LOG6eIzillVWNahUlWw3tKkqXLCpQrVIwdWm07OCtK7mo2tzJatHgf8Awr+XwN8XvCHw2vtT0pZry30ua/lsy0sAv54ork2sgIG141lUSqVBDjnGBnsvGFr4R1X4v+Lvh/rniDVbeyTwzqEf2vRtNe4mn1S3tQbeBPKR2WCZtsckmAFAByCMV9e/AL4X/s/ftwft86dbWfxMbwv4D8darealoVza2tvb6he3emrEYdCtdzottc6kR5Me3AVFGwccfVn7V/7PN3+wn+0x4+f4eaDb/GUp4Aa9stBm0Q3eraPo+vRtZzfb50ilRpbMwySi7LHrwR/D+icESUMowmJxdOFPMK1CnLExTblSryVObo6Wle7cVKzirNvU9PG8H4fL+O3gIyUsvjVhXpxd3GrgFVpwqVVK8aetpPV3Wjs3o/y/+EX/AAT98XeMfh34c8V3Gs6toU1pDqPi7UYNQsWkuP8AhCrCaTZe6aUDJJNKsTDbOUAJ+c46+mfHT9gf4i+C/gPaftcadr8t38NPF5g8P+ENC06YR+K79xMbe7u9TRZdkMMxjdSsTEquCcAAn9Qv+CcP7angnxnH8W/BnxF0bRvBcmifDHVNM8MSeKLqGHRdTs50mN7pIlu9jxuZy8QVFZQ4OCQCD8I/tfeNtBj8DfBjwt4Z/aOi8UaHd67qCal8GvDJeXRvhzdanqUsUcl3NCWEttDEVuBJJtV9wwCDz9nlGKzKvVmpUk23JSp8ipQoSlWappcy560ZwV1OF/e37H7txTkXhvgaVahkyp4SpgIYXEQxLeIxFLNaVXC89WEJxjGGErYetyx5ajlz2ko6Wk/h34d/CnUfhh4w0zx5p2v6ZYxT6JAy6ZNdtetpk12irNBdoSQbmZiQ7hSsZPXdX0xqV/4rh1S+sNYtI5LCy0+LXRcXt9GvneegaIWkCysCueYwwzgnKjJJ+zfH/wCwDqOveHrDV/hn4o0TUL2bRNAvtWVWTy9XeS0glIslZgIQCxEjAKSwO7BPPyf8WPgT8XfhLPB4z8TeDry50LSo4INd1ee5a501IsDybYkM+wSMCoVsLjODwMfqOD4Gxf8AZ1XG46k1GcZVYunJWXNFN8yd+WNrNytst0tvPyT6V2b8F8Px4R4Px9HB4f21X6zCa/eVJVEqdTl5r2c7Rdo2ulfRM/ZDw3+2z+0H8J/2QvBXxlsPiJFfWGm2lroz6JLYW0sVnZxSCztt4Y+afLRFAYg/dzwKwPBv/Bc7xoqKda8beGGKKnmCfT9gEmMsgVF5w3IIOM9CM1+WmofHS18SfsZ67odpYIll/aL2XkuoMdjL9saRY4wMAKkZ+XgdAOM4r8UfHeva/oN3qF1b2qnTNqxpfyRqtuJWQZjYs3XJyTz6jgk1/PWd8BU8TmNV0pVKEnWm1GDk01o+dWd2pXW11vs9D7rw/wDEzw4nk+KfHnA+SZ5isTiKtaGOqYCjHFNVbTnzVYKMpJTk2pXvvvoz+1HTf+C6Zui8M/jPwQ0u3MTTwvCu4AfI7IuQScDcT0JPfI/IX9pP476z+0F8WNW+JGo3mnNc+KHimD6WC2ny2to4jRomwPnZAHx1O5gT3r+beb4jX09vceS1nFd4bd++BEigZKgKSUP8QOQPfjn9fP2Z71vE/wANPA11eosph0m/VnjJfDrO2MkkE45HTgADByBSy3g2eRYiOMnVlVjKm4vn5nZuVNqScm7aJ3XpvsfMeLPEnhTmfDkKfA/CmEyPHVsTF16+H5lGVGOqhZzlZXa0ta66LU2/jsN3gnUHWRpGt/Klj2gZkMi9Ae5z24AGc8ZJ8y8TXN1B8FnntYpDKNAQysc7ghXHOckjPYdzkcDFek/tIJcWnw1uprYBGSMOzY8wlVcDkL6gcZwAc5PJx59rspl/Z+i1GWcLE+gRpdHbh9vyj5QdpGOF+9nJznANfd5bLSDhzObqQV+uqTuumjaXXa/c/jjOFdVWm9Kd201flajdXd/hvq2r20vfQ/Prw3qOtGSS1sYLi7vFSSUQCASmQOSyxqQSeSSpxyx4/hxWYzfFWDxA8tv4ZuJWkjSNYZ9LkeOI5xgOYwgbkblBB54xgiqh1Cy8PXDaj4b8Q6tp+oy7BHOU3RLt+d48E5ABBxjAI6jArR8K/tF/EXUZdS0lvFKvHZSNF581nCJpXZgAwfDMeR1O7pweTX21qlOMVK8XZO/u2dkuybva12tNep+eUVh229GlJ3aSurWstXa+2y1tsz0aDT/jdZWd7IfBoga7snaS5FpGEjjZdwwSMA4zgLjbz0BrvPhrqfjm18NC11bwzaXqO1wtu7NGs5fzPmZlzhAM8AgZA6ZGa8m1Xx38VPENobKLxndTM3ytBC5hUqFb5AVIAUjIxwD0JwSa4Czi+JluTEusXlvK7SNlb2RwULZJABwMjp93HJIGMUnGhUktJWtG66Nu11trd30bW2vZT7WCm4pRSvZtXsk2nazVrPptrZn19bjXLxrkXHhm0jWMqNsciJJuDYJ7djk4GG/u96+mvgR8QNZ8B6bqtg/hxLuC9vkcQII5JM5HzMzNkADOVHyFsHoK/Ma+X4pWUUU6apfTgeW0skdw+VByTuKk8EE5JPpxng+o+ANa+Iwhmle/vhBKxMYV3aUy7R1Lbdx5bHI3evetP7OwmOg6NSEmlZvTR35Wr6vRdel38jixFapSq+0g0uVpN3s4ptPXo0uuita+p+o+sa1J4wuna70fVLeEsivb2k0cWcZOViV+cE9Tg8cda83uviF4h+F3iTQLzQvCk2o2ej6lBqyXGsL58bPFIrm2uFAdSrdNpPBAY44J+Sl1r4oLepJ/aWpwIwBV2ZsEAE4YgkZ6kjBIPOTzWLr+sfFO9tZlGsX80YaNWiLS/MC3DkMo4BHJP4cGvLxXCeXywtehyte1jKm5JP4ZK3e6una9kvMeDzuvDGUKjipxpzjKN3vKLTWi1aa0d9NL3sj9Yvi9+2X4y+Jt54c8War4I8Jafa6OkUMWmNYWtyERIkVmCsu+MSEEhcDGSDnPHFaJ+1mYPFWm6zeeD9E06whJE0mkaeIGKTFFeQqsahpIgCwDFh74yR+b1hP40m05ILqS8e96lwgYFFA2qzEZIA7lfXr2ddyeO4BEEN/5YULKnlEKQ2c7iCOvBzxznPevzuPg7lUKcowr1VGUuZ2lJtuVlqnJrS+zSt2d2fquI8Vs0cKXNhcMo04xS/dxV7RUWtLNNpWaV0t7tXPsD9pKXRviP8Srjxr4AikvdEu9Mt2nmkRbW4/tUxkzkwrhVwfkyMHIJwOM/ml8SfBHjDVNQeNNOuGmdRtj3ZVQHPOSxwwyB6gYA6gV9L6PqHiBJIbeae+EJG6YITtUgbuQucgYB5GOM54IHlHxC1rUI7qWa1u77zY3ZZGDSAqmWI25GSB93duOTxwBiv1bJcip5VleFwUKkpQw9OFNSlZSajaPr8Nkknppd9T8eznMXmWbVsbUpxhLETcpxim4q9rtWvq1fq9D5W1T4KfEDULkLDo8pymWYyKpJQ8rjdg9MdRwBwVXmYfs+/ESTyH/ALHYRrtQuJItxYDJA3MBg9OoOP4gCCF8T+MfHi3V41pqGqQpHgxkTyhigxk8lc5UkkYBx046cxaeNPiHJbS3ba7rDwWbgyt9smTAbGPk3Ek5zggADtivRlTo3ceScnHV6aNRad3rZbPS3mZ6pJqTSbSvyyWzjZLpdeWiWqsdsfg940S2n36NdYtwAwhCO7BTgg7MtjPK4HXI44qSw+FnjeG32r4f1WSKVwwSGBmfZjJOFBKnaOhxyOewHCaZ8UfGNnex3Fv4h1RIvMzIj3LybmUggMrZGCeBlR8vQnJNfUmj/FPxD8T9H/s7QNau9A8c6JFNMtraT+Vb63Yww7pJMggLcoAxKAHPQAdDNGFKbcLxTeiSk1q2r20aei1V03bXoVadubmutFfVp+9G2ibvFq12tejZ4YfA3jXTEnlbw5rUUXK7biymwc8nDBSDgnnDYPOQDiv2P/4JXePrf4TyfEDxVfaunhvVrTS4ILPTdTvX04atcSvtdEUlFkSOMkorrksM8dB+Pmo/Ej4kGBrC/wDFertP5kq7ZLxgFZWIaNkKEfLjG3pgk7iKwP8AhKvFUzRrd6pqDTFxIs4nnjDMgO3O3AbI/HGcHsCeEpVYOF2oSSTUle0rxutUkm9tL6rpdnNCU95Nc1NXi3e6aadt2lsr6W00Wt3/AFS/tF3Hwx/aL8AQfEG88caVL8bPDFlqN9o8iW0c8mqWlmrbPD9wxH72dFUCCQCR2+X+ImvwK8AfES3f4xRP440u5t5LiW+tzHHYzJc2Vy5kiWaSJI8lEABBPHXjA21T+G3xS8R6FoWl6jp+tzG80eW4vrxbsmYgqp2tHuO1gxGCvOc5OABjD0X4p+KfGfxL02+Y6faa/q014kGpw6fCkc7TMwgjK7VVXlYqC+crkkk5AGtXKqdLB0KdLWLlJpRSkmrRbi/NNXSWzut0kedg8TGpicW6tNKz5+e2kpWT01btbztzX2Z5f8WPBXiWbxXrM+jwarqOlXmq3MtpfTWN024M5IC5TaFCnhQRkLwMivMp/h94siubbZpOoSSIpMitZXIUbRlsAoMg8HgZyMDgkH234k/EL4seCvEd9o+v63d2OoadeiV7Bkje2CSfNHNCoyCCpXKqSuSMAcZ4G5/aG+KbXMdwNet/LQMFBtIQWHUgjGcHoT3II7iuKlh4U1NTheVkoJXVnor3adlZO97tdD0adSnOrC03yxcLWlJtRtFNLsk9r6rrZaL0Kw+Emt6z4FS8Sa5sryMySNYfZbqN2k3qEDGJQUOMEAEjAwx715VqHws8XWCP5ttqEjPIEyIb10K7hjB2kbTxjjIzxhuvpel/tJ/Eay8P77TVIGuriQyXEcllAU+VkAHzDHC5wNoA9D1FxP2v/iaLVrK6k0OUgqqbtLt1wxzkFwmSRjg4zkjkcZ8+pQqKXNKnBK7aalJtWtu2t7aXVr6tM9OhPDqpJKvVb57tLm5btq61afT+W1unQ5GL4beIrTwrZ6rHY3Ek9vfsbm0EdwskUAIVZShUbQwOCSD+tZHiL7ckMSTxuhkQssYSUENnjcMZDYB46dARjGfqTw1+0bruteCdT1C8sdJj1FHWIwR2cTi7jhAVnfgeWGwTwARkjngnyLxV8ftQuZIppfDfheFlhCiEafCTIwIIZvkO1jjLbVIySFAHBKeIqyo1qdk+VqFuay1SvpJXvbu2m9nc7sZgMO3Qre2lHVafEm7Q3ejvZ6vbTdn2/wD8ElBEv7WHgBbqVYph9ocRyk5ZMMSyhhyefu5J29uK/sE1q6s7ZrtpSwVpJCCYiFLZOwAkEYIPcEkc4HAr+Bbwn+1R4u8G+IrPxF4WtdH8N6zZtGtvqulW0cV7bA8kRuEUoG4DKSM+o617F4q/b5/ab8QypHc/F/xXDHcojskF3LD5ZHK4Eb8sVB3Yye+AeB/mn9Kr6JWf+NfHGVcS4HPMBluFwWCp4apQxEKs6spwrOo5JwjbWMuVcz1fRa3/AKS8KfFHLOC8lr5diMLiMTUqVpVYypONrOFOEeZNrTRaaaN+p/Vx8R/Gllot/wCH7q402Qwad4vs5bq4aRUiiid2zLI7MNqEDjccjqTggnzH9qDVLX4jWvwak0u7sI5Lzx7E0EaajbNNHbIwLXBRJAVCYBUsQF5PAyw/k91j9qX4w62lxa6r8RPGGpQTlDdw3Gr3UkUroAASpJBwep989+ODl/aF+JCXts0fi3xBG9hIz2LtqlyTZZQgvb5Y7GI7rznaeQDn87yb6EGYZVLLMVHiDDyxuWU8VSpVI4aXs6ixNKcE5LmT9xze6bto7bH6NP6QGXOSj/Z0505NOznGLilKLWiTu73Xz7Oz/s1u9MW2tzbweK7K6kSN4Ujlu7ZS8qAAtIzS/IQc5ORgDt0rwyP4j+FbvXNW8Mx+LfDX9saKD9uU6ska2zk43MxkCs2eqKfm5xwDX8qMf7Q3xgv50VfiB4md3BWM/wBq3RdmkJDbtrEgFuBwTkc4Occvqfivx5pdzNqd3qd9JPqUge7vVup1nnZBuxLKDvJzu+/yAeTjNb5F9CTH4eWJnnHEmHxE6kWqMaOBUVCbcdZcztZR0XKr3vbqisR9IjCT5KeFylxSaUpVJxk7JR+FKO6ajd66ddNP6Rf2q/iT4UuvhzZ6Db+MdC1LWD4x8LtPa2mpedtghvN0042yMqpEhBcngYJGAVx7hcfEHRtX1nwymlalp2px2ttpamSyuFkKyQ2turxKFLGR2KkADJ3dOfmr+TaDx7rd3JLcTXM7h0USCWeSSX5Tw2XY/MO7DJIycg/MPSPDvxz8daDNDdaLreqWT2WJrQJeSjyp41G10XcQenQ54HLYzn6bOvoj1KmQ4DKcDmkfbYCePq06lWjFQnVx0aMZcyi7qMPZK28tfJJ8WW+OlKjmdXFYjA/uqkYQlCMnFxjFXk7ta83P5Welj+vj9qr44eF08ffsd+A7nwleGHWfFtlq8fiW5dooIXWGCEvcxt1ht3QscjGAcE8g/lz/AMFZ/iH4a0j9tr4ceObadfE+haZ4e06LW77Qnljtjc2d6u+yMkPymWOJQcEnOCCMKcfid46/av8AjT471TRr7xX4+8QapqPh2F4NEla+kUaQDgq9mytmFwcElQDkEZPJql4d+Pfi5tT0+88X6o/i8abPLcm01tvt0V2Z/vrK0rSMZGU46dcZzgiv0fw/8Cs54QyfKMuxeMwWNpYPLMVg8dSpU+SeMqYhtKp7V25VClKNNqSd2k76vlb8YsthWpvLo1sHKFWo6c5xhOEI16/t6kpwekpKo9G3pG6T10/oL+Bf7X/wss/CmszWWriHW/E2vCfw3o2qQXaXN8NoUWSOU8x9r5jUKSCBnqcH1L4a/tq6Loth4qh+KdtdeFfED6881lcto18tm1uJCkFuJ5IMhjGUOQcMcNkDGf53b/8AbA1fTviN8K/HWieCNAsT8Lb43dvpctukun6q7S+eqXUHl7CUJ2qxUlQOM19tfEf/AIK5+NPix4e1jQrr4J/D61fVIiXvls4JJ7aYggy2pMC+WyZIXBHAwCSc18ZxZ9GrBZnONGnw/LEUM1qQlmFVY2nTrYWnCacYRk4yUkoxUnaLvpG+jb+jwHi9galbE4vG53GFWmnyUvq03Cv+7Tu4xvCLUtObR+Vj7c/4KQ/tGfD74ifsvWdj4U8T6Xq93f8AiC2luLW2eRdQjWIDc9zAwBUZ6E5yo6Hv+DNjcRT28Fs0JJBWUyqCDtDjOTgEcYGDyeOcHJd4l+Md34utF07UtL061AJluZrNFjaYqxYRtGduCuFww3AgAAHIFcl9pk1CNZ9NljhAYAKHCP5UahduE6soAGeMnAPNf0Z4R+G+W+GfCseHsthVhhliKuItVlGc71eS65laMuWytte2lm2z8K8R+L6PFWb/ANoRmqijQjS91cqkk73XNs3dX6qz1Ssekt4iuJb2W00qBnjtogrpIWKI+zJcFsKNxJ54BPTHQ8Rq2t3N4pj1Cd3EUrjJlYlWjyyoBu+VQQPlA5zk8E1Po93dWrXUkcpZ54trW3lDzGBHfjq3Xgk9xjv5v4oubs3wjgtZIUEq748fOMg5Y/XBz79QDX6V9XgqjbVmndO1n9lJ2V2lo90nq/M/NJVFKOjk1a6VrKztZWjryqyb62uvX0nQfECWCCaWbDSExKc7iqE4yEPIIByD0APUDGdP/hLrdrx455RPCpEca/KXLNwMbTkDJPJHY9uK8ElS6tpS73LIm35EVtzAnAG4AEgg8HHG7I+mLFLc2lyPNZneRlZQWYn5m+VgpzwVIPI+7ycZxWkMFCcrvVxV+W62927dmt29fLZ7mSlNR5Vpqm03dPRbvW13ZO+q/B/VdhqsUMklvbwlkkZ5t6DlSUyMNx8vOCAxyflGBuz8MeKrW8n8R6u3lPG8upXLqjKwEg3kgoArZ456cnnnIr6QsNfextkPnecz5UgDn5gBgMCMFc8rlcg4AOeeC8Uam8ckV0tvFJITJ5cjBNwLZYsVGchPu/Mc856cjowSlhqs+SF00kk1a2q0ez2vZu7v02aqTl7OLeyfNbqrtX1v3vpZXd77Hmmj+Er65h8+XZGu4gIx2vksM4XOcgYye+c55yS80QWl20EcnCgbgSAwxnI7c5zx+Q71qSa7NdmKNC0WwszsgwXY8Egg5AGThsdRxkkVn3t0A3nGVXDHYjdWGeSzZ5YnI7egA717NJ4iTvKSsknZXasuVyb10ta22iW11cyVWS0T6xbtays7aXadltZrl372dvSZY7G4mkZwsMkMqkDl8ng8YIB5UHjvkdqwJil9NMsUe2QtlTjbwG+9kYAG0n0GccjqN/RrBb+eWDzFEJRmaQscgsMgbsbfwIHzbSMgcuvBZaOnlwx5mLPE07lTkA4+XJ6YA2/geQTXS6zSUUnt1aa6Lruru6tunZeesk7Lezs7PrbTR3uu/RLpdmKbNLaFhLMAwbgEKWc45xnkdDggnHJ5rmZ1WHICvJvLOWIyRt6YJIAA9P0JHHQXbozISNyY/hPzEsDnOCeCeTn0xjqKrPLEyCIBZfMhZdoUZVsYBzjsQMAY6kHkVtRclJSkr3sru7T1jpZ2bVrR7p620OSTV2o8tlbXdP4euzs272StoczYah9jlnEW6N5BnzAQQOW4IHr90ABsY7/Ltt6hfXt4VaRyEhVUXcChOQNzZAwQQQPfsSc7el+HXhu11jxBJa3SC5jRC5QEjDZyFPABKhh0+UnBJIOT7Zrfguza0nhSxVYYypilWIbyMAEHvkEcMDzzgHv9pluCxGLwLnGahFNpJu2qUZdWktXvre1tOvzWPzLDYXFwo1Y/vJpWfZvlaTfm30+ex434WvrkTxO7TeUk8J+XcQ3PzEkk88844HKgjpX7yf8ABI/TY7r4nePGkumQzNpEkeGAZiZVJGRghAT05ycD6/iFaabNaSQwLaOIYZo5HkVMGNRJgglQAMdBzjlevOf3x/4Iv+BL3Wfiz8R7xor7+yrHTtKuYriWCRLaScSqdqSOoXeq54Xtjpxn+a/pKTdDgDP1VkpSWFhFJPWUva05OO/V6JbprTsftPg/VjX4hwMoWs5N6Xur027dkrW1aTXRnxF/wWiS6i/a81GKcEGLw/ZrGzHJMfOOSfTGSMHqSc4x+PbOYirqu1jzzhud2CSCDnrkDJ69OM1+0X/BbWxf/hs7WYLIS3awaBYgMEL8kAuD1yobK5GRkZyMGvx4uvDeuRkTy6ZchPLDlhGx2jqSuMcEjrwPUY5PseCVXm8NOEpNtSllGFdnZOOn4OMdNv1ObxIbpcWZpFy1liNb97Q/Fdvd81oZ9lcDzQJULkyoQSBgbiccHgghScZ45Bzwa6pLSa6WeWO3xFG3KJnB5GGbCk8EjAwcg98muJgkCSv5nLxNyh3LjBxwBkE9tv05717j4M8i7ieQhEljRGSPjBG0bmKnbuZwAOAcEgk1+uc8FTbkleWl3q7aJq+7SabeztrfS7+Bqybi52vbXpd67X1b6u/b0Mqz8PXc8cc0gEUaDaY3yhweQ3K5/kR3PQV3PhHxT4k8NPdW2lXUkMaESG3ViFd4mwspJxjaRlWGSeB2yXSajB9kuC0iPIshAYgDy1BOFwOuO+cAHthuce1vPO1FYwvySQ4kIXDELyzA4ztJz05PbnhonBxpuSaTSurOzldJuz0WjaVr7fcebTr1K0+RpqNkm7JXUlFNq129dXrprstH1+s/ETVNW1q3vNZhS9vXhVLieeLMrqAACrkc7VJ2seTgcBRmuY8QeLWujsWOMQQ5CFo0EmWU5G5RksSx5PpwCeTyHiK/ke4aSMncoZSQNrbY/u4xnJwBk5wcY7YrizeyssplEhLklmLNgnp8x6kjGOxyDgZ5PhzjOre7b3u77q0dXve/Vq+qeqb09SEVBbtPTXZKyjdJPXV7vv2e21e375Rg+AwMi/NksTgjhu4HT+HHBGBgVZLhxEfNZiskZfCMCME8KRk9+cDH4CsZrssBGyFSzZVgo+SMYOWzjKkA4AGSM8jPFsK04AaVSUUeWuSFKHtgYyyrnjpxwcZFaQpcmru9VZ7Jc3Ltdrmsrq91bXTRDum0078ulru1tNXrrou/ew11Z1iBU9MqUYfdOMh+W5POQQOh7CqU077ZU+4BxlepUfwjHGPcZ9M4q3LA8RQCUmNgSSvzElc7lADHAU92AOcDkYzfsoElZvMiZjGoCEA7CoHLMD8vX15Jz0H3rnUhCye2tvdTf2b63/FW8ujTSb1ba0v1201SSvqtdm1e/Q5hzOqrKu0bVJGGLEheckEA547FTnvlhUSXbMCWyoYYOOD65wMHBOcDJIyDnoK665sxIGaFAqRAksqjLZwMBe+M55BXI4xkZwruw81I2UiJixGWwpbJzxjOBhjxnrkA04VYSdm7N622TTtZ3et+u9797EOOtr69dOl1tbb+tkFhOjzojfdjkUAhsHa2Ae4ByR+GR1yDXpcN35EqGBypZFYO2CISowAQDznj5sgjk/eAFeY2Wk3rmXYuEU/LzjeQflKHqQcM2OSvpzW7bahNBMIbhG2qREwYHk8DlgMkc9T0AIOayrKEpRSnqtlGz3aVrpq2i9LLXRkptNPlva2yu7aXV97Wfe6VtTp9W1/UFlVBO7EuSQWKo3ChcrkL0B+8ecjj0yU1u9VmlMzJKjZXaxVS3JBCjuCQccAgAcckN1G2byEufMUqpLOjnOGzhQCe2MEA+245zWD5od2dgUAI2heQ5OMNnvlfZgNpOeMDqoU4OnFuLvqldpaW6v7O13eW90ttavJ6+t0tlpH0tu73aatZPqdbbeIbqfct0qyoOSvzDJOMll53EjJIIzgEEZBx3PhhrS5vDNBAqK8RzGdoCsOCVBPYFj+XzdM+VWyyXLuI1dyq5UouM4HBbPTsOgzj5jwTXpXgu1mFyzSxyRpsJbaSC7pyAuSpxyAwHAGcA4roo8sKkVF2899ejbu9bP8AC9zNSk7Jt8vRvbSMVZpJ+vnpdI9V1DRLH+x7u4lZM+TlyWxh+SFHvn5T1zjJPWsPwFoujTGXUr6NDcJIFtR5gMe+Ns7nUkkLjkcZ7dTmtLxHqCHRvssaqWmQKUXAbgYJbBznG44zkgYwTyOV8M3MMUu10MSKiyiPIQl1PJ5YA8gZHbJODwKWaJVcO6dKST5Ut2m7dtL31bemrb6IUXySXVaNp762111S637s9M1jWGluDC90s62iBo7eMCIN6BuQCoYgbeh4z1ryabWdPtby8uprcwSygK25RJGSSQQoxndgenQ5B5NWfEN5Jq94BZg2LfaEhaRH2NKXwisAGGVPAOc4HIOcitkfDBI4rSfWNWMsZja4nSJ1YxR5OSzlhk4yAQdwI44HPzOGwUaME6jTu+iWraXzutNd2r7mtnNLlStdNtpap2TbW6u776WT0erOSl8XSW0SrE+0TnGYl3M8echZAQADjJUBhtA6jHETeIpp4JIJEcJtciUptDqeGQN1JAOQB36Y6Dobyz8DWEbeS0l00bfuFMgyrcnLAnBUkHPcE46nNc/deJ9Hs7UqtnbzS8tCgLME7/LnOGBOSCPlOMdK63Ri2pKL2Vmr9l/29d62S35lrfUxdNK9lonfZWabTb01u23ZLpZ9Xfz/AFTTfJuI57cyuku5mVlbdHtOcMo4IZuQeoznuRXQ2OvG1SI3CLHE0ZhRYcK6scA8jnoCMZ5HBA+6X/8ACWW9x5UqwBJSrJIFQNGFP8IXLYLcjdgnp03c87fCXV4/OtrZ4FiZioRD+9JX+8MdwDwTgDGRg1pFO1mrJaLpqrWsraW630T3sk7TyPRNJLS1466KO69el1q1vpfpL6XRp7G6P+ouY1z5jbW8xichhuOCccfieSM15c7xT3T+Y58piNpBwwY/xHnn1Iz1Ga1xour3UCKVkjXcxVW3Zbbndu4+90+8AO4HJNZdxplzCqzvbujKxBeRMKdikY54GF5GM8dx3uCs7Rcb2utfPm227a2d/QlcsXyqSStFpdNX5at2s9tVZ2W5MdJtUjl8iVjty5BYElTjJQg8n1XJA9RtxVJo0O23WBiq4K4HzbjzkkdiecgHGPriW0AkjDzSeRIWI+b7mPUDBGc8Z6t9cge8/BH4Sah8WvFC6Fb31vZAKsj3MoAZosgCOMc7pD2GDz14Oa7cHha+Lrww9GHNOpOEIRS12UU9tLp66O/fRhUq06UJVakuWEUpNvpotdWmrKytZXvrpofPMsbRt5UgO9G+UDOMnBBLdWIHJJ47c5zUyrOIAC2CWy3Hy4Hr0I4zjI7etfrAn/BPbSpppHufGUytgBgIAGRhgEEkjJ5IGfrjkVB/w7z8PRSMh8ZXjsxxtEIzyDnnd3656Y4LGvsafAmezScqFNaKyc1e7UWrp72TT09bXPO/t3L+layu9ouyeltktL2WllovRflSy/a9qtE3lYDZUndmPqSd245/ve55OBToG/0zfG4WMRkMGAAXJIZlz1z1z6E5JAwP1P8A+HeehQuM+LbzaSMqqn7jehDA7u7cd+CSCB1Wg/sL/D3S7gT39/fasY8bIGaSOKQYB6pjKk9Bjtx79MOBM3Vk40orT3lOySaTd7dFf5b9Rf23gnblqSb8la+q1XMvPy29WvyHvFhZmXePlZCspBCkDBbaCcAZ6gH1zwanN3BNxiJmVXUOrKMDnJAB4I9zkE9DgV+2kv7N3wh05FS78GWcrEZDO3TOQqkkbmYgkY5JyVJAINYkn7O/wVn3hPB1pErcErM6naQc4z24zg5wo54OD0f6g42S/j0VorpqXVJrVx1d9L28rAs4w7TahJbXukrJctn1V3Z22WnyPxcguo4ItgkWYB9xXIBBz0J4JJGOc5JwOgrYtbtyxK5hJOVfd+8AUcBCOMdcH2I6dP1tm/ZP+DF47keH7mFGJYPDdvuDemA3b0x69sAc1f8A7GHwxmWWS0fV7Fi5IxI0gQEj7qZAwBn2B79ccFbgbMY3XNQqWbtaTfWOiT0XytutrXOmlm2Gmrqco26NLS1uzuvPVrtY/Kq9cTTlY5Pl2qX8wsTn5SSCcZ3dCeQQCAwJzUY2SuqkOVC9VAA+UYAI9OCD6nPXmv0Vv/2IvDty8j6f4r1CDbxGJbfOwY6EYOMEjnGQOOc4HPyfsO6vsc2HiyI7TwZYADgdnAGdpXnB7E5yCSeKXCeaw5lHCpqO8oSTTs4bXd+97vfpe50RzDDzs/aK7tvfW/L6taNbNp+Z8LQlJsKUYlOEAU4YAZG7PPY4OOeT1xTIrQtIJQPmHy7duccjIyR90deeT+BFfeVr+xP8QoS72usaHPERyZcq20KOcBMcj5vUnJzgZqCX9jP4ow7vsthp14oIKm3mwWbdyxDEZGex6fgK86eS5nRb58LVV9fhb7aaJp7Xtr+CPXw0sPXjG9aCfu3TaS6PS7ettNtU3pc+O7W38pUKxq+4AurcnIH5jkEgDGcZA4ya0tjcPcmdlVlcEjJJyM4GD2IGOSefbrX1c/7Kfxdt5C0vhqV1hyf3cgJkbsF+bncBgE55znGKiP7M/wAX95J8F3oSJd5+ZSCCSSFAIyx9snr83JrnnluKprmlh60bxV7wdm3y73jo0rde3dHVOhSlC3PFJbaxcW2o66K+nbXS2u54HZeFrjUFhlt3jV2IV0yMkthQccfdDHIGCOCegB37r4f6pJbRx6Zp91rNz5hW9jsreSZrXrtZmjVlUHBwCRzgV9nfCb9kHxhqV6998QHk8D6BalbphL+91TVdmHFpYWy5c+YgC7mVRlgTX3Emj+GdN0230vR9C0/wzoluI4wbeFG1vVpogoW71O5Cl1DviTyySBuw3TB2wWR4vFTU53p0+ZN817tXSemyVu177rW55laeHox0kpTVla91urauy1b2tbtsfn/8AfgNoFhN/wAJZ8VtGuWks1jl8P8AhQxsZb2YDfFc34QHbEAQ3lvjjg8YJ/RGw8W+EYbWKWSDU2uUjSCOCCMw22mwhQqwW0KDy1WMfKOMn0Oaof2fbB98AhkuWUGS6mlLSAADavzAhcLxhc4AXnIxVSHRLpTILcwvuZSzGXO/ceqqQwB6crk5HbPH6HlmBhl0Eqbtde9Jq7bai9dm2+1tE3uzwcRWVVp6LTRfypqLWvVvVPr3OobWfDcimS1/tTcdrEvExOWySQ2wsNzHd1z0JB24qT7ZpU8YaKe+UIoX5oCHy2BjhRk8nkDPBOCOvO2ljqdu7hzODuzuVQ8e3nONxztPTp0Jx8pNXnfWCimKUqIzuCiEiRjkdR069TzxuAz1r1Oebd0motLbZtcqV3q0311d/WyfJfXVW2e93dW7bWf+fc3IdEnuYt9pcXji5JAdmESAgnCO0m35uvGQM468imvpV/bgQtexpLJwIy6eYBkYO9DjbkYyD2z068zd3GqvEYBqNwozlocMI1dsE8g4HHG3B6Y5BBqg93qkTIU2Osa7WdkYsW5+6SCSQASMgDBbk8ZEm7O1rNd5apx11V9r/wAqV9U9haR2Su3HTf8Alet3e+6V9F1VzuvseqQtCE1NQoGHcTsxBPbaDzk8cnpwSK2LfVdRhQwy3dq3lgIoYLuZSM7lyQT/ALxI4PIAyK8phuNTVmOySXzWLuQrfKSOmDgBlIycDBOeuRV+OUNMqyCR7gDYCVITJHAbgBcY+YtjgZzzURSd1rFbrmbb5ny2u11srtJ6trsVCs00rPX0u3p1ta+z3jre70Z67/ad08caBbbaQC7uUidlb5gowQBhcH1A6A4qW3mjjZo2thLI5wimUMFGcE4JHyjIOevXpxXl1nHNqVw6Ru0TQMTczsxEFvGBkNzhCcfMR1zz94Ka4/x145ufDto0OhiG4uYEMk+qTsEgRssfLjGRvPBwBnjkt1A56rUEpXd7ae9p00a76a35t9Xsd1Od7OScU1rfX+V6X0emyu9dWtUz6FaETTndbzSIWAcQTArGgOAuA2Mt9AVK/LxgGwzFUWC20q/mVlIWQLIrqpBGSV4J7ZGOOpOTX5/RftGfEq7nSw8OWNrqU6SCN47K2WXzJOm+V1zHGhPLPI25Qo4INe/aD8VtU0SCDV/iz4+SS4nRPsvw58H26XOsXB4YQ39xBkW6HhSY8sCScjmuCeKcVezd2ovTml0+G9no9nrfZXtrcVCdkm0m7vTde7qne7tte3e/l7jN/ahY21nol/fzBQFito5LiRGYk7X8pXAYgryfmAwBj7p4nxPpvjaNIltfD2oRXrTIEto5j9pKyYAeSNWdogGbPzoNoJyBwK9w+H/jLxp8TY7FNMS0+DHgvdHJn7FLdeKtYhQ8+deSw+dCZ1LbpCwKk4HrX2B4Zi8OeFEuLnRoNF1W4khUTTaszanq124/1jyS3a4BZiWwWAXeQpPWvExudzpNxhTldOy5Ur68vxPzv5uPe7se1hMphiEpVKsYxtFXdr6W0aTveyvrq1pornw74Y+DHjnW201dZ17QtEt5YlnnW8d5p7aNvmKSbN26Ugkcg5IHOK+w/hZ+yN8Hn1P+0vG3jnT9egVVkltpHv8ATkYNj9xABGokJOARnkHoTXoq+JdNmuoL7VNO0a0g+UlbTTtPUK65O2RkOWcEHHO7GckkDG9H8SPCPnx3WoRiGKMsljCbGzEUm3gN5auc7+ABgZBPHJavl8fis1zFSjTrVMPFtNcq5X9neWstPKzu1dPQ+ry3B5Rg+Wc6VLESTSTqtJbR1t7ytutVrqn0Pq3wD8NfgF4Pshb6Fo3wugtY9skE+q2Ed/frtOVLTTxnEnG7b1wc9Dx7b/bXhCBrcaVr/gyKSZY4YLHTtIs4RNIMARhpkWMqBjksB34IFfmxffEiyuNSj07Sk0S/1e7eNotJk8izWztjgfbNSl37Ikx0UElh/CSAK9JsbnwTpcFnrF7ZyeKPENzGVEEOuW9vo9vc/wASWdsJQEhiPWbYpODyOMfAZrw3j5L2ksXjKlSo7WbnK93G2rbUUtd3rftdH32W5/l0IumsNg6VOC3tFWS5bWWqbs3prfd3Wh93yWdveXH2iXXoLi+UiNYDZaTJb2wK9BsJUIpJwAMYHOMCuX8QaFcXTC2i1XwXM8rgzy3+h28zxxqD8vmxp8ncMAfbnqPi+617xN4gmkW10PQPDOnRTJHK0Hiq7F65IA3I0G/C7Bkj15yOtdbpmh2+mWb3El14v1BkQyTyaTr8l3bGV2ygH2uRGkAzjZtwfoa8SfCmY04qTxVXmaj7jUrq/L1Tu300uk7eTXorirLpzUYYWi0lrOM1F9FdPRtt2V2kl5rf3qPwFr0k86aLpXwonjRcyXZmns7pwWyVQbU2k89M4GOmDmS48GeL9O8uazXR7SZifO/sXxNczNGFz/qoJW8scc7SPUd8DxiG91lIZn0fW/E2nSzGNZv7R0rTpxaxYBMhka4zxg9wWIPcEDmtG8R+JXv7y30rxTf+I7u2mZ73yPD6pHDbqxV1jmB8mSVucKrsM85xjNR4dzL2cuaVOcWk3z05JQ+G1nJ263aavrpboT4kyuLTlCqn2pTjdrR/Yd3rbu9d72t9JyL8R1iEVrq3iRgxiTa9po96hLdCGnmy4Gc8nkYbjINaEWnfEuUN58V7fQM4jdZvCegswVMZZnSRsgHIxt2n7w5r5b1zxd8bg97beGrJdGgmhR7e/wDEVizTNMuNvkRWyzbPmwctt2/NjAxWNp97+0vZWSz614502a4mXzjaaeZ7Vi+c7WR41KFlxvI4OeOcA9tDhKvJRlKtgacmkmpy5eZWT0Shq3bXun2btw1uKcG2o08NjpRVrOMvdV3Fpu8la90r23u+9/p/WY/EmnWcsJ8PRSzLI7Fv+ES0R5SHDBiFJJUZPQDj0JIB5HTfBGua+hk1OTX9HtmRi62+jaJZwiMNjbjzIztC9QQOAOOTXgOo/Eb4+2VtdPZ3NjHNhgZ54b28dmZTkJcLE4DEnlg2AfmX7vHm3/Cz/jpFbvLqTaPPd7W8tZZNRQSE55a3MCgjOQTxgkY+bFe5h+F8dSpqMMdg6cVZxjCpK8fh3TjZXTX5o8TE8QYOpK88Bi6rSSTlTUk0uW95N36206+h+gWjfCbwtZ2uR4nukDs7yS3Nhoylc/d37ZyNxbGSMdMYByK6PT/ATRLJHp3iLSGQmTy7i4sdNIdyMAkrKxG3JCkHP15FfnrpPxi+Kmn2Mc2peHPC1wdxMwFldTKyEFiGCwngDrt5HJwteleEf2mviBk25+HfhKXTbl2ihn/s68EnmZx1NucKvHzcY+XGBisK+QZtC8o4nDTcrOTvFtrlWrVtumm32i8JnmXzlCNTCVqMXy2SUr2dtLXv+H5O31pc/CfxybMSxeNPBTusvmRx3DWkAO3PyssUm4gDtzjJPAyTyWoeFfiZqdy9jcav4BlhCLue31J7ZiIwQAPLbkDHUYOcZGDisGz+Lev3SRpqPwu0OQKXMcsEN8hlcn5VQGILxgfeIJ/WrGr/ABI1qGOGWL4XTWDyoi/a7LTYrhzGccqjtuH3SdxGSFGQQqmuGhhcwpTcKkMM3FRd04Nu7S95KSd30t5Xe7fr1MTltSC9mq8U1duUZvm0V07xstUtP8jyLxL8GNenvjd32u+DYJooiUY31xdAgc7GjYMhOCfQkccZBHj+r/A9Ncu4ptX8QeGFsbSVXaK0MkLMiuA23bgZlGedvQ7sYHPvniL4mmOzDJ4R1eTUnLQFp9B224Uhhy0fGQCOQR2xyK8DvzeX1yxvLG+tp5FaUjzPIhYLkiLymK7VU8kEduRjGPqcujVqwlTrSpU20rcqWt2lbRu1+lr+Wuq+IzWeFo13KkpVU9WnzaN2skur+SS763Pq34fWPwZ8LWlnZ6jp0cdhZxKI59Lurl53kdcSys4ydzdlYhVOdoIwT9Y+DLD9n7UYpJLfVdY0+3JWUZ8RTw3qnAJAQyLsAOew6+nzH8gb2/14MsO9NNskRQWtrpi7lcbFZUzgEgbiFzx97jnSt9S8ZWEaXumy6JKs4Fu5vJpA5RuNzA5G85wGGMYJyeM8+J4epVZSnGvJNpylrZNtJ3ScXe2ll7t+ivoc9HiCdlCdLltaK0UbRstrp7J72Sbvq2fuvDb/AArMUEugeNrxAoEQafVVvZmbkCOYSShvmxySNpGfTFJrWk/FWeK2tPh94p8Jo88J3XerwRO0ILfujuQsAQDyT1zgkYr8She6rbbbi8zGdqszaZq0qHznGWZV8wZAPPsOvJ46i2+I3inTYUtdJ8R+KomASQIdVm2BupDurkhT0xkjHBbjFeRV4anFOUa7sl/K7NpRSS3un3XVO1t300s4i5pSp6xabbTbXwp2TSsrWVk277W1v+sV38Nv2kZYJF1f4q+Eba6kZCptdJgFrKOvLgZLnkdSMAE4HXzLxN8L/wBofUmawh8QaXrE8kZWG60+zsliXZ18yOUruDY3ZOcE9sjPxbo3xo+Lcy2ssviXVZWhmVIrK5uo5kkUYwGZ39B95slh75NeoW37UvxTtB5V3qukWrWciLbySWcck+QVysjQB9wwDkZ6E9MmuCOT46lJyhZxumnqv5dXeyTSa7ad7noRzLDSTU4zvZbptXdmv8Nlezfe6urnP/ET4U/tPaPCl1F4X1DW7qKRre4MOlaa9v5YJwyeWWd1ycAHgc4B5r51vdf+Iem3bR+LPBemWOoRM0Ulrf6RFb3JWM7f9W8YjYkj+Ekbsj5up+2tM/au+IdhJfXcutT37y+W0SWmmxvaqQVyESUKVOO2FGB06583+Lfx+g+IWkx/2jp0P2+CdZZNYudDtkuInwoeNZEALKAOAR1ODnrXoYaWPhNU6lJuN0rqb0tbXV72a0TWrd7aI4MQ8NNXhOzuvd0s7NW3fpsnpZNaafJWp63p+o2lxNdfC/T9RuSPKmUeHbV43X5skFIyVJUnkHAHBwSa8e1y0+Dtii6hqX7POlX90GKukuiNFCxcAMV2QkMd2TxnHcgDNfQjeNvFrOE8OajbwquUkkk0kASK/wApJRoypGGIZs9OM8V2Vvc+LNUitYbrWbW8u4490cEejW8lszHnKZQ5I43b/Q9MA17P1itQgklUWjvackvs+98SV2rX1V+zseXClSqStUVPWybcYu9nFxvv6bvVvVrR/CFx4E+CetKbhPgJ4dsWuABDHDp1yrEsSSJP3IwCepOMYxn06Hwp4X+AfhDzh4j/AGd/CWo284J8m5sp3mTaQI1jcREqrjB4bsQfb7qi03x5dT21xnSzFaBY5YLbR7cTMDwSyFAmQOpBIXkgDrXoWhyanFPa29to2g3U6XatPNr2hWk9urH5drGRSSpJ5GNp5K9SK8zEZpUVNpyre7eWlSV5aRsmtH01WiWm1zvwmAwsanwUJJ2+xC1rxurdNtdu1j889T8N/sfa6Yp9V/ZU0TT7XZsElheTW0jO4wrBQisMjkFgOMk4JAObD+zj+wD9nnuvEXwc8VaVc3QMlk2ia1JItvHIMAlGYK2ATnhfbHJP7N+KfhnNB4bS88Wab8HEGqlZWvEsLKzNvFIodY12orB1U56ckbc9SfjbxLZeD9Kv7hL628Laxplq/kxtosNs6BT9wbn2HKHAPydM7sjmvMwWb4+s5RovG3TTV3Oyu1fV6WS7u19ddD0K+WZVG3tYYV31d4wTu7aNON7eTvs7Jbn51+Jv2G/2OdajNx4O8YeKPBsZ2ym31mOLUJHZzlk2gu6hcj5R6HBGDXiOs/8ABOb4NPcLNpv7RNrFEw80wXujvGoz1UMI8DoM7SBgE9On6uanpPgbUbe2kj8K6fHaMAHurWW3iuZGJ+RSFfMZBIJB28A5HUVymoeH/AoiaK48O3Nzty0aLKjqyDIKsVcA8dCx7ZHv7OHzfOYSjF1cRKEdbVYb210T95Xvpe/d3Rw4nJMlcFONOhdyXwy5VHRbbLW6et1a6Xc/Ke6/4JuaBJPHb6H8ffB2oNcBXhjIktVjxyFkcBSM8ALyB0zg5ql/w6r+IV65fQ/iH8P9SjlbAifVik/XJPLjBJ6H1GSemP0hvY/h9HI0Q8NfZ5bU/u3Fuu5VUkkF84kHB46AEjOAa5yXU/Ck93JN+80dc+UrvLJaRxhcgMhhJXnBznJJ5GSTXprP88lKzg5LbldJLs1qtX1srLR39eJ8O5EleTjG+nMpNb8ujvbZ9/LzR+ZOu/8ABL/9orSVk+x6LpetRxHcJrPV7WRJQT8rRjz1zkAlR1ycEsBz5Xrf7Cv7SGj5iuvhxrTsIyc2SRzqVznazRFsD+6csST0r9n9E1TwbHfCO+8Z6/K7eUbaLR9UkaPIxgN5kqttJIwoB57Z4HoEPjGS2j1C00vxn4m06QeY8Z1CaCQyBRlI08yQhVO3BO7GM7ck16tHNc/lTUpYKGsoO13FySsrNJve1vO+2mvm4nh/JOZxhWlCb00aau1Hq3ror6X7aWP5vNa/Zz+MHhmR49T+H/iuzTOGml0q7dFCBcHdFE4YdMYGQRwc9eM1D4f+MbO3V7jw9rMSAbUkl0y/jO4kgAZtxjkAHHQYzycD+l+b4w+KreEY8T6FfXFlAZZV8RrZPbFBnA4DozIDlsjPAP3gtWNO+LV54pshBPpfw71m6SLzIJNO0rSbi0Ltnck32lY/mBxvKq3GcHHI7J53jOWPtculDSMVGMnukm3Zxv0b+W+yXLDhzA8vuY5Juz9/u1G3VP00dutj+WGXS9W08XC3NpOuXC7poZImz2VS4U8kfw4B5z2rJSeWK5aOUKJmZfLTIDoTngckMOBz3Xr2r+mPxp4V8P8AxAt7dNZ8G+A47yEuyx6Lo2jxCd1J+WeUsgWQljnaTyMY64+c/FH7MvwVnmT7XpOnWWtXKSFkvTawWdlMANoDWLyMQpHOUAI5yep0hmtOq4v2FaOqi7w5rydrptJ3Svprf8zJ5M8PpHE05SWjblsmovduTumtL9fs7n4ZXEwKIXbMygh1RVIZmGAPfjn0z056807Ks0qMBlpAFwMFTnGAR2IxjPIwT6Gv1s8S/sv+BftUdla2XhK8WQ7pbnTtdvIroEbsBIpERN2CMLux0zjcK8+1L9jz4c3ztFbXniu1v1ZSsUCWNzbmTOWSOX7RubHBGRliOe2fQio1LXjJK6u5LRt8qtqk2l2TXk72v5tak1JqNSDf92StJvkvrzenS2ne7PzdMEYjjdrkrICSFYHAHOAByGPcEYPP3c5zo2sqSulsu1tjqWZj5ZbcSTgqRnAzgHnnOMmvvfXP2GsR282iaj4xkwpLRT6LDIFZVziNoixYMRx2IA9BXm2q/sbeNbVZrnR9RuZnSRWddQ026tym3BCuyxZL5BBC5Bz3J4p0EpK3Nayu1dp6K9rXS3tZo5PZVL3cW0ndyurSty3aava92radW/Pw+21WD7FfW4EQkCKvnO3KjBACktlu+QQedpPUVz0d1HDdFnlGJGVUA+XLkg/fzgKfxx2AI49jvf2XPjVb2c9zDoEWpW6jdLNbMUkCgnkRyBXDEcZ2E4Iz7eVa58H/AIkaOizah4V1uOHP7to4y5yo6YTcTltwIHO0cHpjCVGWspNNadWn01d7Jq71Wqb17HQ6tSFvcbjpdt7ap7a6+ffTubVvfKkakqhYk4CsC2SMAnkE8HHBx+opDc5HlgKpQ72+fAGegBz3III6EDlTivN4DrdnM9rNpt7bPECJFuoJEkiYMSxzIFxzkY+XsfmxW9HPeSyndEY12B2KKSzH09M7e3PAxjk5udCTUXdvbppZNPt3Sv8APS+6+tU2oqzbtty22cb3e1+70SW252cFzIxWTcVQhgzKCM4+UAqMAkcjPfOCSc4bJdTLMiICQFwqupO0Ngs+RxnDdOMADplRWPDLdEhfKkVFXKkJ35YlgACCykr3ycE5HAme6ZCJfnblY9xXJHQsMNnGSO/5EkCn7KpaLUW72d+70s7O2/p0vcuOKile7iuu8eqbfaz230SW2t9wGInYy/dVnLAqQVJwwBIGCMYGeRkdhmksFG6V8KsSrgLkiUcn5m9QG6nHHPbFZLTTOqyRJuZyByBuC9cbeWXvtxwO2DxV61E8bjCEkhwQ6sQCQflyAR8vb+7kjBwcyqE9P3fndLbWP93s21Zd9XYqOKpNpKSdkr300XL5pa9WrJ9eqNtWVUEWQdrEqrZYFn5A3ctwfu8nGFJxwKlaP90zmQKd43EnJJyTgHuB05GCOvUmsJneDahUF94ZuHBUOdwKnaM8HA5IzxgdKnaZnXaQCoONvIJJ9cDjB6cknoV+XAzlGSSTUotWfXXRNJtJXTtfSzXS99d41qTjpJStpe60va6vrfo2uju0r3Zq6PLKLhk3gB8ljkgBA3T+9x7gDIx6GvYNCv41HmGdQsSrHlzyTjG3b0xgAZPXnGMYrw+ASwsTGgLgY8xDkqRkH7w5GCMnng4IHWut0acsqx3EwjAJkbg5kcZKAkYPvjHT8ayj7ji+Z3s1rKyeke61vp7qv066m9KotOXW1npK38luj0vd2te+i21+p/A/jyTSNXSWWdYIo4QN4XfuQn5VYDAOQMnPQAk8YI+6vDPjuLX1tv7MaG5jECiVy6AoQAHGwkc9M9zjBHSvyFi1hvtxj+0q+xVOUYnyxnBwD944HUdM9c5x714U8Rw2VkDZandWrBgQ0dyyFnPVcBvus2MHnHAPYVEnGfW3vJ3um1HRNLXz6JNpK6ulb2MFiErJtrbdW0SWl3JpN6rSzV/Q9S/bg8WX6+CdEs7G4+zC71dIr2KOUmWWNDgEhM/JjGSWyQCuSDhvyI+Mvh9ovh5qshA2Pq1tOCgAO6U5PIxwAOp5ycjHAr7R+JlzfarHfvq2oTXIgltZIlml86NQZAcDcSFZlPJ+X1OOK8G+N9lFP8MtViiHC3mnSNtAILMoIUEYIzg7jk8k981pCHLh5ydm07bu6el+uidu93+XjZnUdXFuV0rqKWt9UrPyba111evz/M1tLYbXEe5QMDnk7gDuGBj04yRz3zxYVL+0KvZ3F1bSJ/y0t53jYEkn+Ejpx7+44A7QadMrlCCEVQSduW5HQA5yxJPXsB1JrJurWaMgOGRM5PAypHTJxgZzhhknPTIGDgrO6a3ukuq0Xf5t9U/N2fnU/daak/K1lbRdG9UtXrpdPXWx9AfCr9rn4k/DVrPSr+VPE+hWu0my1AFrmOE8bUuCAzEfeCFgD1xg5P6QfCz9sT4KeOkS31yZ/CGoy7B5Woj/AERpCBu+YAptJLYzgjJGegb8OrmEmd3V8MqjBbktgeg7EFhz1XBzyMb9jprSxGRsFWK5Q5XJK87SCCoyeg5xuJ5AB8XFZPhsTUc403CXSW120tbPR2tq1rbdbte7hs8xmEp8imqlJNLlqLmas0kk0rva10r66tn9K2i6B4E8Xwte6LLpOrW8se5LvSLmETozDIwkJbDFSu4EfLzuAAxW/a/D59Otnk0HXJ7e6UnFpqEXmJx2Mh5xwQCBgYGD1r+dnwN468a+Bp2vPCvinV9GeBwyxQXk32Zn34Pm2xfYRgbTncBzgCvuz4b/ALf3xJ0A2dt420ay8X2MKRpNcxAW18UBwD8mBISAXAYnOT1Jr5vFZBmNGTlQq+0juoybTS0XW6e+6td9L3PpcJxFlldKGJjKjUdvfXvRb0b11ut+2nW+i/UCWHxZpsCJrOizyxAMy6jpLC4g2dcyQMSQWGCRgkDkZArkNZ8B/Dzx9G8Ot6Xp11PtfJ8j+zNRWTYSPmCrvI4BwMsw24+7nJ+Hf7c3wM8ZmztrvUbnwbqrMsZsNbQrbPI2AQrgNGRkgfMV6nqMAfW1tb+CPGFnHe2TaDrwuAsiXOmTwPcosgwpBgJYMAQxU4wAc5xXivG5rl1VxqUqtN6LmSaWy1XS2q2+49/+ysqzSnGUK2HrqWrjJx5vs2+Jp3XRPqu92flj4s/Y/jke8uPBeq3NuzsZY7LUoyUypJEUUygrg+rY7feAJr581j4F/FLwpa3/APafhm+uIHZcS2MZuYyoYYP7vewPy5J6AAdOGr9xh8OZrdJE8P69c2DOxIs9UQXNu7dhufOxecAKec+orOh0TxZpiTPq2gRapaR/IJNKnXMiNxu8hgsZOOSPQ+vX1cHxhVhFxqpVGt03yy3V1rqvNfNNuzPDxvA2Hk70b021b3W5RtdWvF66dUmrr1P5zNd8M3dzeTrdW0lvJGqowuEeNgRgEEOFO7jGchhz7Csm08JXaXVriMiPzowxCEAHeMAZGckcgdDxxgZH7++JPBvwb8WhbXxB4cttMv5pCh+26ebKYPn5ma6gTBx/eyQfmPQ15bq/7IPgW6db3wlrkFuInjnjs1lhvbZm4ZVaTzDMoHfCgLhiQflNe/g+K8HiFKNSE6bcU+Zq6u+V6NO9nv316HzmI4Px1HWnUVRK7UV7k7NrRrTz17PTXR/lvc/Da6dXZEQmSGNgGwrMCu4c8tnnLZzjHy85ridV+H1/ajDBUcI7f6zgtk9CDxjjAPByueTz+qviH4I+KNPEqjQ9N1dURFSTS5fLl8sZ+YpMI1zxnALEEkE14B4r+GNurul9Z6jpc/lvuF5FKkKPgk4kjRkAB4OTgg9Txn0aWZYSq9KildreSWqtt17K1+p4GJynMMLJOph52TTbV7J80dpWlulazld76WR8BW2nPbz2lrcsJQyThcEYypIzwc9RnqOeg64nOj3EZaSE3EMxBeKWG4aNxg/KSwIIGAF4Oe2ORXr3iLwZFomo6KGeK4N294qGKZXJAbIIGcrx82G5PG4ZOK5W90i6jmihikEQwWw64AHHAO0dztAP4dMjqUKNaLk4Rkr2WzuvdSSVuqvayv8AgZfWK9KKSdSDSVrN6fCm+lnrZJdlda3H+EPG3xe8OTwt4Z8ceJNKZJR5cMGoXRh+UcMyBtrKQOc8fga9W8O/t+/tI+Ab3UdOvtatfE9jb3KrPBrVqkkkoU4/1pVmCMpOckY98k1yHhqKS3ZlupoQylFHyqSwHJ2nH8WQM5zjOMKM14t4oWG41jxFGi+WrTHLEDoM9Bjjrnvg8ZAyRwV8owNZuNXDU5J6L3FfpfWyaslddGtz0sLn2Y4ePuY6tBraLlKStotU7peS77WVrfdemf8ABSLwh4hfyfiv8EtB1RmOx7mxtIpZMbsO6loxkjLE9888k11LfEP/AIJ5/Fr/AJCWjzeBtUnjDF5A1tDBMxGQoiUKVU8ckZBHOa/Jj+xN0szM7ErJ+7I28gnGBxwMdM4I6ngGrUXgu5uWk/cZBUEBjhmXhvnGOOBknGSNpJGN1cMsgwVPleHlVw0lZ+5VkkrWtaLbSW3u6bbJHoLizGzSWKp4fFx0UlVpwcnZpNcy1Ta7vro+h+m+r/sdfs/eNrdbr4afGbSImuCTa2dxe27khzkLsmkEgJGfmKjJ78GvEPFf/BPP4taW4l8M6nonim1Cs0QtbpWkkUgkYAbZk7QAc/N7YY18HapZ6h4c1dYbW6urGeONJUe1up4HjwPlAIbgge2MjuMCu20P45fF/wAMsj6H8RNfgW34ignv57iJQpG35HcLge+7kE4pPLs3pK+GxqrRtzKNWN20nF/ElF2vftslpu+iOZZHioL6zljouW8sLUs05cu0bteW9r3V9NOz8V/s0fG3weGXVfh/rXloSDNaQNcIAMksPLEh9MhcnseCc+LX2i6zpV1cf2ppOqacy28ist3Z3MK7ioXG50AH+8BjJ5r688Mf8FBP2gfD6rHqV3pfii2wiyJqFrHvZQNpBbYxJZc/eGcjIJ6H2XTP+ChHgfX2ii+KHwO0LUfMCRzXFrbQTH5sh5PmjXkhiQOeeuQoNdCxWbYaMfbYKFdaNulPlk0uV7Ss+176eiuZxwmRV5S9hjatCTfuxr07pJJaOceurvot+miPyHurW43lvvgnJBLKwBJILLwd3TnIK/KCBuINIWswLqQxAG7IJIDdM5B78r06nH1/baP4hf8ABO74meamteEpPBl/ORudQbWNCewSFdgCk8BeAGxwRiqs/wCxt+yj4+i8/wCH3xXg06S7JMMM95BIi7jlAVmkVgV4J+XkDDezXENFWjicHi6FrczdNyitnuk9G79PnqZvhqpUTeEx2CrXd1FVlCV3y2vF297srp9NGkfimkXLKFUAqGZs5Yc9yG5OQRgN7+grtfClkXa9SWRDC8cQZRgtIvmc4ByQdwODz2PIyK/SzxR/wTE8X24ku/B/jvQdegkXfEheJJpEwcAGLcvOMDof4vXHjkX7FHxy8E3l5e33hlNQs0gEUb2swkWVixAdU6kg/McDj9B0f21l9eLjTrxjLl2qXpyW2zbvff1a1SOSWQZvQfM8LUkuV2lTd47JXsr3S+f5nmNv4L0u3WK5tIpp5pbYSqVZSkbBAQHUHngYAPBOcjNeL+I72ZbmS2eNQY5ZF4ChjzySAQuVHpnqSRxur6/v/APxA8Lown8I6zFE8EcUjLaySCOQrt4wh4GDj0J3Hvj5I8VaJq0GoXUtxY3cTCZ9y3UEkTAZJBbcu0EZOOSe+MZqMFiVUqNKrGa0s4yT1bVrd73vda3unq2ee8HiYyk69CpBp6pwknf3W2nb4Xa11b77W4kuFcFlcHcBhWOBgDBHIweASQMfqB7h8DFDfFLwHvlLK2qMZY2O4lQhPqWYDlgoPXBKnjHh7wSMwLD5t3ILHoBg4C8jptzjnGTiva/gYI1+KvgBywTGqSDe3ZjFtyRwMnGOg4znPGezF3eErLRtQbVr9r3bTd0tHZ679CMPG2JptxbjzwSezs5Rvul71k/dsvus3/R38MvEfxE0/wAOvZ6Za6bd6DZx3eoS2Osaek0d9akMBFGChBKkjcp5P/Aa9p/Y1+JHwj0D9oLw1qfxB8FeE08N+IXv9A1qC40mK503Srm+Zguo3MEkRRIwzCMOqEqp45GT82/DH456j8NdOm0vU4bDXbG6uCDDeRxv/ou7mKCUbmQlRtCZUHsSRkxf8LJ+Fd1rGq+IV0i90d76S4C21scWkTMpDKoBXDEEMHXLA4AGAK/E6k8wp4isvYTavelOGsbSlC143Tu9ea+m3mfctUeWEvaK1lzQa11UFZWt0vfXtpq7ey/8FYf2QPhFo/ieT4nfs5XHhGbwKNFudS8S2eh3MLwJrEj5Z7GIHdCrbiTGqqFPBBIzX80GpGa0vdVgjQiSW0kYMCMpkMSAQcHGMgYzg4wCAT+vPxP+PvhNfC2q+D/DVpq8sup211Bctqcs0sA80nDxI5IUEDOSMDjpzn8r/EWk3cN+RbWE0izQzujbGbc2xy4JALFV5xxxjHTBH2PCmIxUaThi2k/suUXF8unu21dktFq9La6a/PZtPD1a0J0pRvZaK7fNZRV/O129d30abPLtB0DVfEFhHKonaOKOSM7kdlzv4VcbgMjn19Rxmrr+GNUsTtkt53ClVB8uQK33sBjjIxzjKk8ED0r6t/Z20q1ufDIfUl8tre8uCiNED5jBgrBjySB0yOPmY5719MN4W8N6k8UkNlB8wJkNxEoVuADgH6dx2HIPTtxvEsMDiXQqU3NRekkklstXq733cXfdtrdm+Gyb63ho1ITtJ2ailZO7jur9fla99NT83dB0e9uJsLaTkIoDKisSOcYbI554AI6EZyCDXuXgvwR4inuY7pbCSGKMrvLxSYUEqWXDAE7gOODjIJ7k/ZPhfwL4JsNat5dRtoo43lLMsI3ozAkJwARgDIwQOc9O/q+sWmj2FyRpjweXOY9qLFGNiBcH5gAN2Djk9cHAY4Hz+acZ837qhRnLmjvZqzfLrotbX7Pm0se9k/CvNBV601FwmnyqzTso302uvwab6HlWl2n9neE9TNwFRZNOuw6umWDiJhuYAAgHkggdscGvxcmnmt/GF/d2+0GPVrnaxAIz5r7hjGcDgHqDj+E8n91tdsLd9K1FIDkPpd0CXABXETE4UgqRjrg8jGDjk/hTeIIPGGqx7v3a6tfKBkdpSCcHdnIHIJB6nIB5+i8Oqk8RXxVWWnPODv5pJ9fX1V35s4OOpKGGw1NWlGEZLa1vhdktLprVLpq+zPcdK8S+Ihbsyx20oLgqSgwozkY2jkYBwB6jkc4vx+MNZR2WSyglY7iTjYBgDk8AcYyc9z7UmgWyfYRIJCVVlAQLyOnIB5IOW57DjuMzX9ukSyMXxlc4ZQMDqQcgZ+709R05Ar9r9hyxTakmuWySbV77re3fv5bX/C5VpTqN8qV3fyvfS+urv2u0tddWcrrPxJu7JUWfT4yXDjcrYUcksWwDn/gQGOo9Rxa/EmOV2BsSoCuflJGd2DnkAqBjI7dAegNYnj1i8lts+RDuDFScknqwX36E5xwckYwfNWL5cgHjAUk5OABweAPoc4rya+KqU5cmvKrapLyb3ta/fpd33SX0WDwlCrRjOcY8/W6eq91ty1vpbTZ2aeySO6u/E0d+7IYWRck7VbdlmyOuFBwMAgYyME5wMR+G9RSymnkMO8LKxAbqASOMZJ4xnOThSeGxiuSsAxeMLzubLjqVHbJI68A9+MnOCMwJcyW15OVdsJI3yrzuPAHHQkHG7HXqRmsaOIlTqRqNyuvhatZaRfTp2025VdWd++OEpTpSoRiowkkmtPx+euraa211Poq38U2JKLLE0S4Bbch69sdwffOMe9aMer6VJIAJUAYgqwOG56A5wSvHOD6dQOPns6xeKUxJmIgFgQuSeOMALn+8ctxng4ORcHiG5i2O8UJAXjIAycY6AHnkAEnPQd817FLPp0+W95JW1V120Tv1e3T70fNYnhGnUcpwcVe2yS5W+Vuy3d3qtu60ufQKXGmlw3nxMCCDmTcQwzgYJAJBAIxg9ejcVd8qzGHjmXAXkFlIO4Y46qDxkcZGOMcV8+Q+KwFIa1Dl/vbWYH04OCQeg4xgYzV+18XW3zebFMgzgosmBlckkZI5GMc8kdjnLdlPiCM5LnstEuVWTSSV9NG76b+qdjyZ8IVoWcVzO6d7X0006W89Ft9/0BZERSxKChDOWDM3THfpgEqBgfjk/drVu4C8RMYYl8nqBkgqBySOoIPcZXqM4PjeneMdHK4+2ywsy5KyBnHHO1RjgdMY785A6dTB4p0edEkOrKp5Uo7PHkYHPYZLZJBB5688npjmVKopSc4qNvhb6+6mt7NWvpbVu+m65q+QYqC5I05O+smk2rNrsnHRa6LXr3Ooeylk2qIfmK4Zs/Kcd8jIBHTI53ZODgkVW0SY4Azu5ZvnHGONvJxgjI6nGAB04it/EeljezarCrAgojSKQy9ujfNnOctg45IGMHUh8Q6PdBSbyFtq4yrqoY465Dcgn2b26U3jMO4/HG+8k3rqo21u020krW17R680MqxVOUZShU+JLSMktLWu3o0vy12sz548Z2JTXWBIAeIA/Mc5XlhyAzZxwePujgc49P8Ag20ceqkEDbIyx4VhlVz+B9zgZOffnh/Grw3HiBX2DY8R2FSG3DOQzEHI3Y7nOepO4mtbwTqEmmatbTQRhjHlypYDcCTgNj5QTjC88nJHcjxcJVhGvVlzaOcru8raxjdWXe/Ts9WfU47meDw9O17U4pq2unKvubv8uutjqPiZOIPFd78o2sikL1JXg9u4BDbT0+UeuObsY7cx+fdgquzK5ICqjdzjk7u2evIKnBxl+Otc+3azPfuCkrfLsByo28A8YxkkYHB+UZGAK4w6zdMVUsSJSNqEblHyj7ozgEg54OMA4z1DxGNhGUrrmTatfs2l1V/RaPRsxo5fOrTg0uVOKfVa6Wd3bV6Kz2fXU9bXX7S2V0jkTcg2ogABK5Azxk5yc5x0HqaxbzWzelUSUFg7bySQBkYAOAAQOeuASSTzjHnv2rIDsGy5YFyMgE9CcYyeeuckYPWp7d5WfCIzb+MYPI5AGCCxHAORwBg4AwK5amYNqyfLGyWj0W2lr/irK/TY0p5Ty2cviTs90tWtfwtq+iO8GuxQmKFnWRom2ttAII4OcdjwCAWOMDJOTW/b3lnNEk2dp3AOHPAPRfl+8NpGMYI5xnsPH5CyO/JRySMN8rdyCAAMhSB079OOK27G6dGjjeY/vCATjK4Xkbs7j7KwJDDA5qKWLlK/M1a6s7rXWPVa3dtU+mmr0M62XKK54q7aT6aP3Y2W+rS2tZr0uuz1K9tFbBKqhfLMwOGGPQcgnn2bJ9wPGfF8vm61ZsPuSQoV5O0KSfTgYGBgZ5AGScmvS9WSHyopVnWZyhVoycDBXqoHAw/UnIIGMc5PnXiqPZqelqSCWsY84yNpBPBwckA4HI4wcDHNc+Lk6k4WfNaUbW2veNlpo9Fr+Lvt7GTU5UoVXJNScGndLsrWv3T2V7Wa6nR6EwieJgw3NgADk4yCeDg4698gcE56ev2rH+zJfkZpEQ5cnd/Ccnpn37DoDXlGjJ8kKqvzqQfmABwfm4IJBz34245wW6et6Y5axkhZtqtH8zBQAT8wIHGDyuPUfUcfQYON6UbpOVls9Le6nu7W0v236u7+SzOq/rcr9L9720Vle60eq7tW0TOBlUiRXcbWR8jHO4k5Oc4wSMdR+WTXY6PZW99bs5gQvht+7bg5yBjG3qOh5yCQSelVpNMjMpBB5wQSNw6Y3c5yeNpOOnGODWpp8b2Tny2RyrA4yR8vQLgYyDkHoOBjqK64wUHdwUk7W+FdtbN+dr6vddTgp1oSstU4qzs7bJNNrSzvtHbp5nPa1oiQIksUO1eSVB56jAYex/Hp6iuahjVZCWUcgrtAyQWyCc+/Jx2wep4r1TXnDWyuoyH+8dvKKV5GOQfVepxjjIFcIbfG0qhGCAT0PJz1w2TnnuR6gnNZzSbXJFXbWtrLS3S3u3uu6Sa1Vm3casUrKUnayV79OVaNNLtu++lrD7GAHcWGVxgLuyBtPccAkkcL0zg8YOejuLdbnTWLKAQjbmAwx4K8gnPAHr9duOeeDPFvVEJJZTjoVHHAPPJ646+o5OOvtiG0t2wHAVyASAcjGc569BkkDH41MVdNNO9rNu3TV/LWyd+6RDqcttW+nbma1bS6N+rVunVfP/iC1SCS6CyAAQEgBeTnkHIzz2OcDJJAHSs7wYxV5InJkDAFkDjgMxPHr1PAGSeeprpfE9vue7kVgCYGJVgBgjkgAHsPX7wGcHArh/D80dtcs7TJESqbSepUjJAJxyMY+8R6jOK+erxUMXbljZJveySvGyXR6Nap6dL2Z9zgG62VzteUrKy31aTX3dra6/P2iO2hICoj4BUnklcYHQ9COucHjpjdWgdOi2lyTuDYKAruwRgZUYHrzjj8RXGR6jFhSmoRKpZSMsMhuOW5AUZHOBg59xnTXUFzuW7gBZic+avYnk9OMHPbB4GSa7oSoNLmSSa30XSKtu3a++3u+Z4cqFWLd4zafTllZbJNK+vz8rm6+nQx45BDZCIQGIJGWySeMYPGBxljUUmlo2cxsWAH3R/D25yeOnTOOnRsVXW8DZC3ULZ2kDem5jgAlcHJGRu6j078WTJNnAuIzwqgo4A6ZAbJAOOcHAO7qoNb2oaK0WldR1jd2cdNXpaXW/nta2Tdem9FJKVr6N2s42S0klrZp7790m1dJjTBRGUkKfmIIJJyR1AAPGFIPBGO+LH9jhlYYw2NxGBtAGAO/r25x+oiEsz43XCNghgN4BGB16jB78Dgls8YBtW99coAcqzA44KkYzk8knIzgnIHAxgcVpClQlrolo3e1mvdslZvVJdPXozKU8Qk+Zy2uopNN3sk9LrzVn3ehVfRtjbkDHIA5XI4OAccbgOc45BB5JrOu9JCIzFWDKQWYDHBHpx0znIGPYEZrqv7VeNlEi7uMAgZHQ9CMYGOCDx/dGMA0L/UYZopFaMRDGC4O4HoOSDng8tgYAGCM0VcNRjG8OqUmtFfSLtbyd100v8AOKNavGS1m05K+krX03120Wzvtone3hviKPDRg87ZCMfcJ54JAViMgjsASCBt4r0jwLGskCJ5bMCS4PBD45ZSDwTg8g55IHJrz7xQf3zkOGRHG0jBycYz8vfByOMlT6E16l8MhDM1oksyqAzP1ABAU/Kfm5z1xn0II6t4+EUfrs0ldJpW6XbSvbW6em2mjvbQ+sxcqn9lQltU5VZ7a+7b5Xv+nl2baeJkZWgCguRwCGGM4z7AHJxk/gapPpS7QWTaAcKcAnnp1JJB4ODnv17+lXP2H51SWJ/MPJAUlAM5zjjOOCD1IIHUVkSpbBztmQxjpgA/MeemMjBwSOQSB+H00aNF9IbLfld3o22tLeemjdurR+eyxuJhJrnm9dLXabTSW7V72/H0S4ldMWUfNEhXdtJxjqeCcE4GDz64zgEhSDRoPLbKLkEnch4AUnj3zk5AHHXsa6pVg5BZBGWYE4UEsMY68L16kgnsM8VY+wwupUfKpGQykfNwTwO/oePboaboUGkuSGrt7yjorrd7xu1pu9E+pLzPFq9qk00tPi62v1/G731aONXSYG3SRoCgIUZ2qegUkLnOB05BI7E92v4ft337VfZuGWDHGeuACRn2x7jI3ZHZtpxUEptAIXBzuwSAPTgg4OeDj8CHf2ZJkAESAKASrfKCxAXgjBGSCRgc4A5pvBYZOzjBpLdRvdaa2Xya3ta3VMzeaY67tVqqz1vzRWtrvTXVu60u23d6O3nx8NgqdjShWb7qyODkggE84AHHQ5LEjsBVN9CukUlZ50AJBImlJ+7wSCS2OR/Dyec8ZHqp02ZUAUgdQQwXOQvLEDkcAYzgHkjAGaDYBk3Fw0hBGGUbs9c4PYZ49TjGDWU8vw9m1uvlp7vS7va/TazS1bt0UM4zBzjH2tV2sm3K7aVunNbRWdnbbpZnzxrlxq+mwyGLULyOSMsqBbibhWPVckZVsEgcY9AOKo6Nrfia4iSVdd1QFB5agXUuVJBLLjcdqhgNuMj0Pr2HxCtvs3kowH7wkHABOc5xnpwTg5UZHYkEHI8DWa3MRWRCqmZ8YwCWCnB5AOCQOO+QOh4+eqUYxxrpKT5XFt2dtbRe7bVnfl66+mn3WHxteOUrEylJz52ruW+seltdGl5eRt2WteMoXBj8RauCW4JvZ8FRgZwWALEDGeAQcE9zsL4t8exTqieKNX3ZyoN7L8ncZy3TjrgKSMAYroEsUVQnlq2AAcgrtJ24wRyAeCAMY74FIumgS4dFO5gR8uBjHQkAfKp5JAJI6gCu14RqMVGcr37tbtddn103S03bPJ/t7Eqy5na13d3vdx3d7dOne70SK8fj74m2jBk8W6mwkIJ33DuQ5AI5JJByQSuOevG0mrn/AAtX4rwRho/FN/KwBU5LMFww9cckdeoAPPXItHSYz8hRSzHKBAoUHOcNkdzyoJ7EYbrWbc6cY9oLKjBjlVXBOOM5JwR6fw9MLnkS8I3dXlZtNptXbtHS3X9N+ov9YK9mlLVLZ8t/s3W+iXXTs1pc14vjb8YIkRl8S3B2JyrR5PHA479scg9c4GDWpbftA/GJCZBrauVUKTJaxnhWzzwSDjvnGe/GK5a3sllAZiOACqgfwgjk5xuOOobpg5LZFaUFrCqsjAEO3bqR3yQxIBwOeOo4wCBpHBt3bm7WWj5bp+69nqvkn0vtpL4irxtfZ6301+G99E9L7dld9bdXB+0P8VoNxlu7OdZclzNaJgY4yRjnoRkt1H5akP7SXxGVALm00m4jK4CNapkkHGS204YYBG47R8pA4rnbPSo7q2eNYsuF2rlfl+bJByAWLZwecZ69QKz7jQnj2RuAFztbAx0bcMHk5GRgE5K55JyDTwMrSScntd6dLWvtdNqy3vZu25L4jrNqLb2V0rJra19ddbvTV9uh2bftMeMwjQS+HtFkUvtyIArFc8jdsDEHA654J54Cl2j/ALVE9pqU8Fx4D0iS7Lr+8hhVZlxjo+3nPzYBz75IBPnM2kJFgKgO4n76ZxgDp97HIG1htYdQMYU+OXKTw+LXEbBZBMqx4C4ViSASD1Vc4P0wQO/PKhOnKCbupSUErO121rZdU9uu+t7X9PBZ5Urc8W4PkhzXaS0jy2W23f79LO33f4S8O2mrfCrW7q9LJbW8E5AjAy0iDcN+egPAUcZ5HfDfKF3eafZiWGGJVHzYAgjJUo2OvODxyx69zzz9Q+GZ7w/CDxEEn8oSxyjykYDcQhBA5yc9MjjjjJwR8U3DtFI6PdKsksr78jLKecg8EZOCcHkk8djXNiEqVo3uuWy7ptLZrTVrVX1Wvc9bFUp1ZUeWbsrX1aveKetmku9nrrortM1zqNq80bgqzMX3L5K88HC7fu4xtyBtyTjJB4+g/wBniaOTUL59wjCSzBmwCGDKQBwCOCP5Y56/LUMfmPtRnn2HcuxSCwydxJ+UYA7AZyPvYr6a/ZyVzd6vD5bRHeqmQkhYw24AtjGOnHGD7KOeai2q0W78sk9tk9LeumnRNv0Z0Qo/uLNptWtd9PdtZvpo1pr3tqjo9bvdLTXdQhvrzZ/pbmNFTacFsEMxxjH/AAEjoeoI5fxF/ZItHlsbkTEI7CCQgyZwceuMckEng8ngnbR8cWNvbeItULyyzulw0ilWyhU/MQRzjI5Iyv8AETzwPOJdRKrIY0jijlyjBwGcnG0bVB6dACc8Y+laVFPZO97+t+jbTa+Vl3u2cdKm+fVtO6s007+9Fd1a7tdXb1tazRq/Da1lvPHWkQPIqJJqKl1wDwWBODlduBxyCMAEnPT1vx9q+o+EPHt3eaTLEklqybXlYMgYqq42ZAYnAOByBgcck+Y/CpBL440aRiA7XLFFMZDZUjaWT5SeFx6emRkj0/4i27alresRoIXkSbDPKjKI1VRjgDqW4x8pU4zyKzeGdbC1KU1GcKklFpu1kre6+llZ3st9LHtwl7OMW004xbTvLydr30u/est915dFYftPeO7LSTbzx2c1uHYNKu8EoRgjaoO4Y45+9tAKk4r538SeMLvxVrV5q83lgXMsbMIwSiEOpKkNgqMgfdG7qOa2LTwlc6h58U2q21pbhMlFAEeR6ggY+7jp1xnPQtl8B2sNtvh1u3nn86IRW8Sgb8NhmJGcYwTwBkHPTgebSyahgnGpQw8aTfK5SSipNWj21tZd9Xra++jx1SulGU5TirKzu9UlaOu17J35b3Wu6v7/AOLmmX4TQ5IkjkhtWDYwE3Rp0ydwxxkEDpyDwa+N7hPMYkyD72GAUKw79ySu44PByRxmvsjxQPtfgPTtOjilvYkEEMyWkNxIymKNchhFG2CXB54A3EcE4bzjTPhZq2sTQxab4J8V37TgShbTQdRlEiHLAK/2YDLdOuBk9cZHt1pUv3a9oo3jHeT1doqy08tNrP1PLq06053ULJN2v8rNaXa6JWd2t+h87yRZdCqkESK25uACSBkEqxLE4xwOhJ9vuKz8P311+zub60tjcRvfpslSM5aRcBlUsuP7wOOhxyM8e1fs8fsy/FPT9dPiBP2bPEvjuC7xbR6V4h0aZbKBScLdKtyijIyDkDJHU4BFfZnxD/Y6/bT1/wAD6b4f8N/A208OaO2qy6kttYRQWv2SCZiy288asAVjDY5wcBvUGvKeNjSxMsO4c9Oor+1UlZWtoopO71jdvl6Ppr7WGyn2uF+suuoyhFpU2vekrRvfXrbVb6ba6fhFL4T1tpJZRYzAnrv+UIWGcZz9cD2J5AFQReCtSicSTmGDZtdBLKCCd2SAGPJwOh6fTr+yGlf8EjP22fF9wif2Z4f0t7oJIkd1rMEUh3bfldEkONpOCRnAHTOBXrlh/wAEEf2otTMH/CTePPA2iOziSWOTVzPFGo6hZArAt1GAMA42EDmprY3D4aUU+bm2TS5k3o1qoys3f9HZOxMMpxNVXjy8qa5neNl70bJOTfRrR9mno3f4F+D0ekaf8L/ER1HU7MyajHNbGB28wJMEZIsKuTg5yxOBgjLAhs/KureBLGe+mMviLSrdEDN8pUFSxyAQQuSMjknPUkbSpr+ijwd/wQk8U6Hpsmn+If2hPCtjFeSb7gWbRu8MQ+8iB3GQOTk4PHXmupT/AIIY/s92cvmeMP2kJZwrb7lbCK3Qyjjcqsk7YPGRjBPGR1NQ8yqVbKMakox5VGFOlOUk/d11jo9W+yVzuqZXShRpxmqXtFbncqtNXa5db30X3rorWP5hJfCWg2k0om8UxzsqAAQwllYD+ENjIJ6fKBuzxjAr7L0bxB4K034HG0vLBtXii2GS3adIGuxkJ8ilgwA6nA4OfQ4/duw/4JK/8E8PDGXv/H3ifxLIqhXB1N4ELL1DKGOBkdgTjPGNpPo2mfsg/wDBNbwfbRWb+EdY8SLbxEJBdazNPG7ZGRyQuDz8uSPyOdKdLH4hctLBY6SfK+ZUqkU1dNxd1Z/dey7HHTngsHKTqV8DDupVVKN7Rbs4p9XvZq6bP5aY/iZ4MsXuo9J+HOmu7xgRPeMbnyivPyhVO5u5xkH1POc2/wDiX428Q24tdF8G2dnb7Vts6R4bmkmlQcEM8NvI2cfeYZx1xuAz/W7pfhn/AIJ8+DjjRf2cfDV/LEg8ubUbS3vCOygs4Oc8dex7c46eD42/APwsiDwn+z18OdKWI74HXQrEODjg48o7iMZYYyOOjGvRw3DmcV5RccFXhHV3qae63F2s5W66aaa2srnHic/yymrVMww8dkoUo30ck7XsnfV337ppn8zHwg8KfF/XfAet6XpHw/8AE9xqV1dRC0tU8M6g0e4jJkQy2+1t3BBBwCCS3SvQW/Yy/bl8XRf8Uz8E/HEzThYZUGkR2SyQkYMmX2FVcD5cgYHJAJFf0gS/toanYRSDw14L8NaMm5Uj+w6ZaqQBjBAW3B4xweByAe9c1dftr/HfUGk/suaS3SRSo8qBIdq44+5GCRxuXnJycEYOPVXB2f4iMeSnhqSilFc9RNqyS0UU/R3emtt7nm/63cP0m41K9erurU4R00i29beVj8FtB/4JA/8ABQDxdtkn+Ed9psZjUxrrN9BCd5Kk5Al7Dg7skDHGRhfvnwV/wRR/bB8TeAovDPiDUvAfhGSY7JZNS1dC6IFC7SAx5jxxyAdp+Y8kfZ8v7QH7SviDen/CSapbBwG/dSyoyk8sS2BggEY5xjuM5qvPrnx51eNVv/iFr8aFCGVNQuFAZuTjDZzknPXI6AEE10Q4Bz6pHlWY4Sg5JJ2jKUui92/Kna/bsc9PjjhulPmWAzDEO91qoxaXK305bb7u9urbPmbw7/wbq+JhKX+IX7SfgbQwVXcdNuLScBlPRfMcEFemBgA89SK9e0D/AIIA/spaDLBc/EH9rWG9WMgzw2T2Me5VOCA8dwzKRtI4AJJ54GB0T+EPGGqLu1rxr4hvASQynVLklieDlTJg88/xZzjnNVk+Gdisifaru9uuDk3V7cScn+9ucjOeCCxz7H5quHhTmU5J1+I5Rukv3FFKzbWl722s07a/Ow6niVldKa+r8Mub71qjf8trx5WtNGtFZ6JXsj3+H/gmx/wSe8MWVja+PPijf+NRpCC3tYpNYuBHGkahSoSIOOQPQgZwM8Y6K3+Fn/BGD4VFXsPhdH4qe22bxc2kmoCZh0JE0IXkjI9Rg88Bvm+Xwf4ftl2rp0ZJAO5wWywAy3zO2STkc8kkE57cpquk2RjZDaQ7Np2BIo87QflIyDyuMkkAYUelbx8HcHOfPi87x+IflUcU2knrdvdJq2m19NSqnijNJKhkWCpNpNNxcnG3LpZRSvbRq1tOjPuHRP2lP+CfHg64mb4dfskabcGPC2903he0jLkEhGMjIeMnhgCQOhyCD6BH/wAFD/sbLD4A/Zp8M6VAFWOB7i0t7dkAUeWXC25wRx/Fg9chsV+UlnH4g8M3pudEnhvbZiXl0y+jU7gQeI5SG2MONvA+Y7iDgV694Z+KXh25dLXW7SXw/fMFQi5x9kduNxjmxgBsnDHAIPTqB1w8KeH8Ol7V4zEapyVSrdPa+i31Wtna9t3cwn4oZ7VSjh4YOhFpcvJQ95aJNptefRPZa9D7tu/+ChX7UFysqaB4L8DaBG4O1/s0EjxkD5cnyhnaD6hj13DknjdQ/bL/AGzdZikWTxloejB1KA6ZpsalEckfIVI5HPOOe+Tk15pbGxnhWW1QyxSqjpMhWRGDEYbcrEc5zhjkDsDgVdSynGWwUUkFQFDewBXHGc9B2PvXqUOBOFcPZQy+m3dayk276dL6XS1e1tEclXjXifEP38wmou1lTSXK3yvaKVlZ3W6XYydU+Jf7SfihpZNb+N3ilfMGHjsbmW0jIJ+ZQsbnIB6ZORgCuUm0fxjqSFtc+InjjVWKgu82uXhRh8wYBNw3DAzgjqTnkYr0yLS5ycp5YwRhQV56EkgFeuc4I7jg/LmwLFnLb5FABwEIIUkD5lPX5eehHQYONwA9SjkGR4dr2OXYaCstfZKTT92267dNdtFscVTPs9xK5amPxMuZpP8AeTaWib9FZ7tbell4z/wrbTpg8lzLqV6xAJa8v7mUt1LFsyeh5JPIJIyKsxfDvQ7cBl0ewLFcgsrOwxjB+Ykk8Y24/Tbn2WPTiSgJWMgnG1SQVHXJ42jAzk9fQkgVeh0iFirNhgDkFfujBOCRlc4A47ZbPI4r1FTwdKKjTw+HVrawpQjquXolre+193btbhnPGVVLnxNdttN81SWt+V7NtrVvS2je71PKbTw1DAsaxWdrEoJ27I1HOOQwIJJIz+GeK6G10qdhsIVedu1VCkdAvK45HPOMHGfeu9NpYIyq8sAIJPylVf8A2fvHG4jOOeCOcckxyXuiWZCy3lvHtJBGUYgc5OVPAPBHzAjB4waTqQS0hGFuq0SvZK+y0d7bW2eqCOHqu7lOTvq5OUrWdv5mnfyur3+/nIdDy4MpeTnON56Ht14/ANzxj1c+g28YdosRk7iMgNx/dJY5zjI7Ln2GK0Lzxb4agAU3sbsrEEx7BgDoSQTheSfmyMgY68clqHxI8N2EiBUe4DsxQq6thVHP8TZ+nHGeTjmvrM0tV7r7JNq7i7Xs2r9Nb6Ju+xccKnHmqSvG6t7zstE7vlvb7vJaLXZj0tCVEqK+0hfkULg9umADtB44xzwAcHXi0pVX5Yyy7flOBnAPIJyMkAE85z65wa8g1D44aJaylbOyBmRvvPnL5DFlwFKkhQ27blWwenGc2X483YANlpT3HmoAqCFlVSCTnBUbsDgYPY4xnNZ88qik1LWyTbu7bLXTptZLb5spU6MF3WjaSezt1bTb20sr3e+l/eF087TsiYlSEwFJ27j8pIxnsOwxgckCr1vDJbYCgBQQ7fLuUgHPfaS3HToOewIr5o/4XV4tnAe10S4SQSKGPlEKzYCkBRt6E9gAMZHersnxU8cPEjDSnjyhaTem1Qw68AHGN2AMtySeazlGrZ/DutFdb8t9Xd8yekm9bNmNWNDlTtOy5ddNnbVu6+f3bOx9VW90XxvZWRQD5YwDjgnjIbGc4J6gdMDnWje0dXJRgGXG4jjdxxjt2z2w3J5zXxl/wsvx3IMCzjiAxmVVAKj8epwD2JP4gU8eOvHkyMhvVgDAbXCtk7uFDA5yAOM/XoRkZfV5zsuZJ+609ZJv3bX2bs1e6et0goVqUdIp3d/ijzX2tbV6X7b+jsfYFxp9rcRkTW+YWRsEKcN1+8p7MMcZGMkgZBryLxt8J/DXiezmSaygGFZtrRoGBI2gxnA2knPOMtxyc8+GXXjn4gqBG+veWqZQMMEf8COAcDB4zgk5+uI/ivxvcFkuPEU6ooLKFG31JLc4I6Yz+uap4SfIlKV3daarReSejvdtPXa+hEsRHmcXF3t212V3or6tWX4aNM8O+J/7PzaUtxNp0IvrACQGznCNsLbVYxnllZT0IAUDn5uK+PbSfx98F/EsHiz4aa7qfhrW7WcyyWcFxLHb3IiKs8VzGp8uaJyMbWXAB4zzX6EaxdalflRdarfTP/y0VnYK/YEEA5I64Ygc8GvEvGfhS3vmcgEvGjkEr+8LEFs5JJOSOc4BycDaSKxxWXRrQgopL3U7xdneybSerukn5eWxphcXKmnKU9Oayinor2te979d7rTzPsf4IftVeCf2ldKj8N/EWxsfDHxX063RPtZCwprEsaY862YhfNLEfPED1YkAklhl/Ff4d6fbOINZt47WW4JNtrVpGBE7naEZioILE4LZIJ75zk/llrHh/UfD1/ba/o081rrelTi6tLiJ2icTRksvKn5k4AKnoCRkdv01/Z8/aD8OfHrQv+EE8c28Nr4x06BYbu3mdQ18I02peWRfaxlAUebGmSWyT155Y0ZU7UqkdrKL3s7xWnT5PvZJXuen9Y9xVKc05XTknvHX5ppO6u7q2j01PBH8M/EfRpiNDI1uwWQxM0zkr5RYYIAJ5K4CuMnJx0HK6zfePND043mq6Jc2eiXCmC7k5lSIMSpkIOGUAEkHP4jpXu/ivQvEfw+1a4iSSddHZmbT78hmhkVGLLFcLkgMAAMkDAwCSBXL33xFs/FFhdaVqc0KZgeCeF4l8mYgEK6E5UNySMkZAzmojh6tJzUmrSlpundWe70vZrzs/hZ008bCaTk4JqybWlr2XWyv99766I7L4W/CzS/FOhWmp2vxCvDFdQmSG0DAmME5KAFuCCduPTHHUD1dP2fPD+PMufFuoSyElHw+AcY+8N3XA6gehIPNfFXgXxbd/DLWnb+0hdeHLmVgkY3N5DOSVCoPlUg5z1HTqcV9bab8W9GvdOjuoLkM8uCpLDDY527A2EOM545xjk4rpo0683Fws2nZN22Tj0dl1V7bPd3WvLU+rcznJuWrs1K2j5bappX3S16aWuzfP7O/w+lcTXt9f3ahssVnKbivAPXp1OCOT1Gc5v23wS+FlsXkfTpLkKpCmWckgADG5MHjngMMg/wg1yA+Jtq7MEkBUElgzEAdzt3ZIIOR+A+tZ1z8RydzRyKFI28OfmU9NxAJxgHgZJIIxXZDC1NeZNXd/NaKydtu1r3vZpqxzfWsKqkVFXkl3vuklrf1sr2tdu+p6zB4H+G+lBY4dKsA5UyRq6K+ckbcM3zZJOGJGABkVoDS/CtpIXj0awjK45WCMgDG4AkqS3OSfYc18+3PxDtZ2jeRRiLcEeMkvuA43AAcZ7HnAxxUlv8AEUSFRKQEyVwOSw42kkDaDgknkfQYFEcM27N2Vlpd3b5Yt311a1V0r7a6Dji6EamsYJ9H6ctrva6V9nttc93fUtMhVkSxt4iMttSKNVLcgEcZLMTntnJz1xWDceIY0ikZU8thgptwozuwMkfyP3vXnjw698eJcSN5ZMShgiqpIDEZ7AkHPQ9hn2BrJfxWJWRJ52O7ewVQcqQMKGO4hjn2GO/U1ccPHVSafk/NLTWze/T531SU8TRlNKLjdppfDreUF3vdKWvTfc97j8bXEcbQuAJQDIp3/I2QPfIxnklhgn1OBjXnxHurWVWeVAjKA21gSpxhsD1wSGBHJIPYCvF7rxH9qGxJFJAALdCoGQFYhs9jySB0HGRWRc6xE0DhwcK3ViA+Vxnb3OeRnIznqcCt4UaC6Xva9rpaJbpJJt3ab131OeeNdPSLaaeqim7KKir7bq1m7762uevt8QTfbyLseWWwqSEqzZzu3cAgNkHB68kgAAHC1G9srqQzEpHNgKfLUH5TnPB45xnIJb5vl6g14xPqdvFlYt0hkYZzuJALclWPPbpggH5hgc1PHrkKw7EkmBZ2wrA7jtGSNxY5wV4GR1xkDArTkwq5nNxjHeSb2vbo2mr9OnyM6ePxVST5HPV6tylq/d1s+z6XS80j0iDW3sZFlgaT92WRwXZVyx4OwN6KQcZ4GAFO7G7D8RVQxxtzcMpBQ5VOCMHIHY9duMkk9AK8Kn1i8M5Qx4ZlZxKCMnGACwBwoHGMA45A7k1zd3jSiZLqJkIKuNh80OT2yQOGzzkdc89ayq1MDTgnzQu7OzUXayitdUuurd1vve6JYjG1LpRldNRdk9HZWv5vyv13ue/p8QpkkHllGb5yU3DO7tgEj6A9+nPIrOu/iBeM6Qgx/vCX2sScE8gZPIA4wDjGAP8Ae8Gl1byGLSTRLHGrBnZoo5OpJDK0mMEde55PUkHmrvxj4fRcXHiTT7eTcW3S3ESyJg8KWLliSQOME/LxkHNedUxmX07fvaMb3atOC0TjrZ+un3Xa0OmhTzCrFpQqyu7aRk9dLvVbt+n4M+kIPHEuTFJdhSGLdSxDc8ZbJA6YBxwOmACYrnXrVGNxLdRws+1mZG3h89cgFgCwznjoDz0FfJGpfGHwDpSMl74msQ5AVpEuYpN4J3H5lbKnoSOSw6HpXn2rftM/CnTY3RvEC3KBxwkoaRSCR8oBIwfU9c4GQGx5VbiHK6SvUxdGKWjtONk7Lfl1WqV7a7paNnfRyfOKySVGo2+6lbXlte6dt9bJNeaPuKTxjZyv5f2qNfmCoRgh0BJGckZOeue4wNpGDkS+LrCN98ssoTzGGNpYuVGMgDgYOMdz+BNfnTq37Ynw3siZbAXNxLEpWNkQurBs5Dr90nnrnqM8cseC1L9tqwWIiw0ie4yN5knIiUEfMuHPIC+i+mcnFefPjjI8O5WxCqWsrQUn7y5fPtq/xe52w4UzeTjemoJae9JLS0Hpqv8Ag7o/Uu58X2YjJggeXBUl2YIOe6gnuBlgeFHBrMHjSeMv5cNtGnUCSUc56HnGGP3jyDnIB6CvyHvf2z/ErRO9vZWkKMHOJJjIw3H5SAAQp4GMcEdfSuBu/wBqjx9fJcOt1awwglvKUSEknoBhTjr7ZwTjJ48+p4kZem4wpVajTUU1FR5m7apNP7vPdanZHg3Fy5XUxFKDsm7Sslbl3ttpfa9um+n7fnxvMwVBfWVsrgeYRNGw3ZyAOeMbsZO3r3IzVv8A4TKzjh33OsQqnmAYSZEBIB+YksSMnHLHB29zX882ofH/AOJV1KyrrU0ELuxdIY5mcAdxgYDHAwe/ck5pV+KnjTUVdRq/i3U2ljQPbwCeJDkYIHPXJI7fQ4ArycV4jyd1RwtWVldNtf3dLbvorLVa3sjvocD02+apjIWlZNt93Hfms9N3ps3fTQ/fnU/in4I06MT3+vxAEFdpvIssxOCcFgDs4yMHjnHrxOqftMfCLTEYPrMMqwoUZhcptDYwQ2GzkndnJ25AzyMn8N/Dd14m8c+JLbwhbabqza5qLFba31PU50MaKC7O6ZOMqmdx9PTbn1NPgZfwTiy1PTke+mk8uRJNTuHWNwdsjkEKPvcjqDgZAHFeBivEPMZ3jSw0YN2umpSf2fNW2t0e/a572C4GwHxOs6kdLpX5U9G7WVru2j0Wnpb9H9d/bo+FOnn7NYyRyyQgqrtIrRnGAMHcTk4G0egwAO/i2s/8FC7JpZoNK0pXOSsclvDJMxA+7gKCCDx36H16fNNr8BdLgmljfSrFHQLiaTdcnceDuDcYLEZyRjODkAE+teGfgzZWwjV4tOtmkZUR4tPj3FMkb8sBjnBGc4IGPvceBieLs/rqTVaVJav3Ukle2+l7eZ9Bh+Gcpw8klRpy2bctZNpxbbTtt1sunq1hat+2j8T9YZ/+Ef0PVQJixJSykG7027goA9cfQ9BXE3vxs+P/AImO2PT9UQtkqsk32cKDnORuxhuSRyODyMGvsK6+EXhzTfBGoXlpf3h1qzikki2uscTsfm5QBVwvQHggDoBkH5YnW7aJI0N1cTPvjciR/vgsoZCNvK8DAAx0GRkj5/E53m1X3amKrvmv9qVnaza91uPnZX13S0R7dLJ8BCKtSpdNoQVuW2z5Zapq3VrzWpxM2r/HzWfJgudTltEkJ3xi7bAHdnCOeByW5yPmAJOQea1HR/HTu0V/4sQy7j5ipcMzP2xnPzY54HIycjH3frbwF4an0S0OoahBFIl5Y3gUXBd5ISY3YSHcCV2kjB9+nTHyY9vd3utXZilDKb+5EjfMCFMrkBAckJ12jBOCeAAa8qjjsdXr1Kcpzbhy6ty1crPTWz33sk3u1qd+NynL8JQoVF7zqq7hp7q912dknJO/S1ujvdLBPhq/mk8u78TXTLIwUeXI+OeMn5ge3IbAOPQ1sWvwttSGuL69u3jfbJE8kgAmBHXO8MByDwDt6gYzXTweHnG7c4CM+12dsOMnkrtyAFAB3Ag/Tv0+ppBObWD7V5sdjB5MO2LarYXkSEDqCCASAASW9RXZy13y3lJpuzlty7K1l3aupJO/W97nBCWEhTcowi5K2l7ve32r7tp39VuedN4H8J2URJ8yWfYWUMTKpwMdg2V+Xv25HIBp1noeiMrL5LKyKCqLCFLNngZxkA9wMev3RzroJ1eYpGgVmIUfMxAU5ySQeV6kYIwcdMGrdhpl9qEiuJY4yrq+7d5eSMBS23bluPw4IBwBWqw3NFJ8zlZN72ukldtWemqt5X10ZxRxSUpOMOXXS1rWvFadVfs1vZvY9o+EvwVk8Tx/25LZTw6baytICsuxpHTBwobsMFyMdMDvk9J8dvDGiSaDDp2iaQsOo2xRruSIySylEAO07RjL4wQeMk4HavpX9mvxT4A8P+HLvSPiFrMVgYI5GskgUyvNNKpADtgAgjHy8HvjAyeqh8f/AAWt5rpJdPjvZrqWRQ88aurx+YdrYZSqlkCtt/HOBg8CjiITqwjTbWnK3FOzVrWvrd36dE+lm+hOhN06kqsYuL1Wl27312V99LJn5b+D/C7Wt9HdSadPG0kexEe3dzk5BOGAPU8kd+nOa9Il8I61dRTxWtq1tE8m7zGgkDN0ZdoC4Ktzk9uTx1r7w1P4gfBW2eJodAt3kh3Z2LHhNpLKFUDjOO3Qn+8M1Sl+MHgRTF9l8PQOpcBA6ogUnj5sDkdR0OCOhPNcrw+N55t07NXtu91FdHvra+uqel2dM6uGnOnH2qs2o+67WTjFO+vntZ7bnxafhf4vvNIt7p5LmEQyMqPFG0MSqBgO5GGz26dDnliKsaV8CPFNxG17dX0pjnQhVN0wb5unyls5OcgkAAnucsP058A2ngzxtYrNrStp9u8pa2tLGVQrtuJYMOOq9Acde+M16ddeFPhNpLLafbTG8kkfkLNGGKPzu82QHbjrgHPPPUnHxucf2vCpJUaVWUdF8LtzLl672torr9Gfa5RhcsdOLr16fR+81He123ZW7LXfY/LDw78H/E+lalFJomsatpd/Aqhb7T7ya3u0ZSGyJUK5HI4U53HgfLg+tt4J+PE8YEvxd8cKjM0iiTWr09BnnbISOMfNjA4AY9/v6a0+HOnlymp+H5Xt498kfmok6qFBO9VJJOO4JAOTnGCbekzeEr2ATaW41RZGaJV0/Tbq8I6kqrwwyBsDgEjLHPGADXw+MweMxM+fF4alKcbNOtRjNqN11nF2Sd01rfbZo+1wUsvoRtRxCs3dqL0e15OMWovVLaV15XR+ea/DH46zyR3CfFrxjIAwIZ9bvmOADngSYAxnBIGCTx1NXI/hb8d5ZjL/AMLf8YBWYAFtZvcLk9Dl8Y4OT1+nf9J9K8F63rs/k6D4E8YX7RoxK2+gXkSPkfwPLbxj6g9OGIXotrU/hp4v8M2A1Dxf4K1zwdorOVj1PxFaizspZ8nbH577VVicnGQW5OemfJjlFGtUVFUsDKpUduVUaHM5e7pZxu/JW6JaJ3PTnmFClaXtqijFNp+1asly7LotNbW20fQ/ONvgh8ZL1ilx8ZPFxCqu9RrF2AARhtoL9c9jjAH3uKB+zP46umEV38XfGTiRRuI1a53L1LMuJRyTyASeeAMYr7I1/wAYfDnQ1eTVPGnh63eB/njiuI3Yjkn7jE8dM468jdya8m8Q/tNfBLRFC/8ACRwXbZQbrOMSNx8pAUgZOeh68jPOcezh+C8VKd4ZdQ6O31akv5drwXo09dNtr+ZiOKMqpNc2YyTvretJ9kr2lo9nvv6nkVl+y7rFsfLu/iz44uIVJMitq1zlVIGPlMuB14xyc+5A1LH9lnw9O+/UfHHjO/UHKqdXuUYqAcDIlJz04449OtZer/tl/DWK6J0zStU1MBWG9k8pWYDCltrAkH1HGDgdq4a8/bR8w3A0vwZBGFUhJri5284G1imByORtB5yQQBjHq0uBMXK3tMHhaaTvd0aMVb3Uto6Pu3vortLXy8TxrlFOK5MVOq0rWUpNu9t2nbR6bav1PoKy/Zm+FNtKr3kXiPVdgVv9J1a8kUk5BRsyYYMTtKkkAA5BBzX0hpt9qGi+HrHwdYalryeFdOtjBp2k/bJ/slpHnIjTc67VX0z3x7H8w7r9r/4j3lu8VjHpthHIXjXy7NJ5EPJ3LIwOAvByMg8EDOK82vPi/wDFnxC6rc+LNaZSzApYs9ugUk/wrtyMemBg9fX06nAODr0YQxFDCTUXGSU6UJRhPRXSaa5nfRpdutmeJDxC+rTnUwzrNtaJTs3dxSVr3Vvw7vY/VzULjR7E/aNUvdNtio2p9q1GMMCDnLrJNu3Hjd3HIIz93zvVPiv8OdD8173xZoSTI3zJE4kKgcjG0OCSQepI6BckEj8wLweJdclLX11qd5uYZkur2R5MkjcPL3kk85C8EdDx0uW/w71rUp/L0zQdXv5mwpCWVxMHZu4kIYDnp7U6PBGU4XVxopKytThCMU9H1VtNbaWutXoZYjxJzjEpxjGST0XNOba0ir8uiv6762vuff8AeftW/CjTYpSNUv7+SPOEsITsYDggEjrjgc+o7VwOq/tyeGrUStonhDVdTCgIn26QwqQBjopJwRyMnHJwAMivEvDH7J/xS8QxiK38F6vE0jBw99GtsgGQQw3Mp2cgg4AHYgCvb9H/AGBPiDdPt1i60vRo1VSyw3cc1wRjglWYDdgAE8EbgBk16KyjIqNuenSm4paOSvf3WnypO2q10e2lra+TLifP660rTjGW1mk18OlnrZtdel9rnAah+2/41ukaXQ/A+k2DKx2NcytcsFPco2eQBnv781w+o/tf/HbV9scGr6XoyFsbbHT1V1B45kKjJ5/hJOPwr7F0n9iDwFpaLJ4k8WXsk0eWaCytzKSQMYDx7sFzkcEnHTI4Ptfhb9n74A6JAsUfgrWdbnLLvv8AVEmjslkP8YG1iyg9Rg4GO2K1SyulG1DB80nHeNPR/C9XJNJa23Vm7PpbieLzbEtSq4qbTaveclFNcqV7WW33WvrdW/Jx/ib8bfFJmhufGnii5SY7jFp32va5JyVKQowAOeoBIHTNdP4Y+Dvxs+IsohtdB8b60S3+svHvYIXJXO3MgRVXHJyeDyMHFfuv4b8L/D3w9BCNE8M6JZgBAZodEtQq4Awvn3GxlYjPzMMd+nTqLj4jaZ4WQ41Pw3oUADvLLqOrWu6QcD5beHeAAACVUkA8fSHiK7jy4fAwTSSalHRJcrulGK00Tv18tzrpUHKSeIxc5xvHRO978rs7Sb3815Jts/Lz4df8E9Pjd4mlik1Sx0DwvaRhDLPq95FJPGGA6oJHLMq9c98+2Psrwd/wTo+G+mXcb+P/AIlX+qvCA02neG7FYoWHBZPPcJkZydw4xjrwT0+r/tP/AAztWliv/HUV2Qxlkj8L2LzyOyrnasrFFJIBBPGVBIya8P8AEf7b3ga2klOlaT4j1RbdZI1fV9R/s2CXG4h3jiLFlG3BAxjbzkgCvKxOG4gxKvGvSoQd2lCCi0tOrd/y6Pd3PWof2TTlTjKhVrNtKS5rpP3bN3aSWraunro79PtHw/8AAX9k7wLcww6d8MdS8V3ajc1z4gv4zb5XKrJLGz7QoIJIAyeRg167Z+M/CHhK4htfC3gbwL4ThY5ilsdIttRuk2gAF28plDccMWBBwRnPH4n+Kv2+NRuYimnaTo8SIzCK0j3Tkc/J9oudoLgHoGIBOD6GvnjV/wBrf4u+ILua2tvEL6NbXUnlCLSIVtgFbOE83dvLZYKXPQcjkZrwp8N4rELmxeYTqXs3FSqO70VuXmSSu9Fa+l+h9DRx1Ck4QwuDoRTsruVmkuXpFJ3Ss97Jn9Ffiv4wR6ggivdavLmSMrJ5Zks9J00ELjaVEkeUxksAMDnp1Hzj4m/ac8D+ELmY6h4r8HaJeCUYa0WLUL/Cbhktl13kE85+90wVGfwY1zxz428Q6jDZ6740v7ZGVjsv9TmYSrggkKWHzsORk7egAHIHA+IJfD2jlrzUdTfVJ0UMENwzM5JxgBnbKnsS2MrgjkgFLhnCqKpyVSrdJ6X11itno9WlreybsejHH1Y806lSlGKinytRSSXLdXvdvTm1W1tG0fsz4r/4KCfDmxkvIYdZ8YeMZpd3lw2jCwspGOTs3Q4ZVzwO5AAGCDn5t13/AIKE+OJ4rpvB/wAOdG0oDMcN3rjvqz7T0eTzwUBH3s7gc5IA5J/LO6+JFrkf2Xpluu0MGdlBk2k7QQSCcqMNjIAJ4x1r3bw54w0W0+FN5LqUUQu53lMjBFd5GLZAEhAYAk4APOT9TXrw4cwGGhTf1RSbcUk7tpy5emye/X8NDhjncKtSSWKUeWN21HS9o7N77dL31SPTvF37V/7QHjO1mgbxu2kW5ADQ+HbOOwSMNw6Bo9uRz8uCcfy+dPEPjbxTrGxNd8R+I9VPzCV9Q1O58qVwSclDIAF45HB2jqTzXEaz8QjHEi6fBsQqrAqNig5H3gMZYnnnPPBBHzV5NqnirUdQmmd7h8fMCowuSeSDt2kdRk85B/iIOPdw2V4enCDjQpQs1dxglZK2jdu973vv2SPAxefWqSjTq1anMkrN3TtbVp6K/XTqtunqttexwtNPIilgf3TGR3JLcAszEk5wfrj2IpFvri6lkjt4mjikbLncQPmyepBIPUDjjjIHIrzTw9f3dzDdGWZ0SKMSICDjK85BPVVyMFsEdcHpVS41fVGM4tZ5QpOQwVuSR8p+UHHQ9SefoSPRhGEXamldK9lbd20+ei00tt1txrFVK1OM5JrmkmrtSvqu662ttd6dbnot/PqMKvEzQxxk7VZnVnIULjB9ehJyM55J7c5ctK4aN7yNAgwz71HysP4eckd8kDOecjpzMNvr1/ES6ysihQpfI3Mx5xnkk4xkgevAxh0nhPWDK5uXKK6BtoyzEZwQq5/h3EZyQACQSepKU01aStezaWqW9n226vpvojOpaad4tJpbvS143208lZKz9UdHp1ho07n7RrscSIuGZCGYtj5lBzwp6bmzwOvPPtfw/tPDNldMLC/lmaWNUnJJCOZCY93HBAJ/i7kdcHHzWnhxoZXt445HaQBjLtYbPfaTuz1BUHJI4HFfTXwp8JXjzW8LWE7wNamYO0LRPI68qqF1HmAEDnkAE/dArvyyhWrYulKDk7Si7L4U7xWml7pdmut9d4ni6FKm4yhFPl5W3/NeNovXfVXtdO+nn7h8avAdpD8Mxdadc+dPFDE4jdlJIm67sH7qkg4+6MccsTXxZ4U8AXV5e2Y1a8g03TmVTK7yBg8ZPITPcAZwCB2wA2K/QPXtBm8V+ArrR7X7S+p3cf2O3to3XcrQE4j5b5QSMHjhsgZzWL8PP2UPGV7b2Nt4mfStEs3jM5m1O7zconQARruyPl4B5OAFGSMfQ5/gcTXxFFUYtt0o3fSLtHVqW113fnbc4svr4VSnUqQ0k1yKLlZtuPRRbs3pdO2nmj4Y8f8Ahbw1baxFBoOrCSKKPZO6QhVaULuwpGcsRjJHOfpiszT4tK0H7PqBt5r27QhgtwmYXK5ZQwwSMEDjnqRt7H9O4P2SPhNY3gvNd8W6nq80UwK2WlWIWFnR8Mqy7w+0527+GAxjBHHqmk/Db4L+Go2fTfhvb6pcI4KXHiC5Nx93BLNbuoQAEDK5H93HFeZHIqklFVq9OOi5ldyejSvp1V+jV9nsdPtGq16OCqyu9GklGLsusmn1e0d9bPr+WyX3jLxjBawaL4OknVmyG03TLid3DcDBWIqeMYPp6da+svgR8Bv2trC9vLzwHod54Lttcs3trrVdSe3sUaCRdr7/ALS0bphTk7VyBzX3Rp/i670e0gj0HTPDvhm2jOYRo2k2tvKqqSQHdVLFhwFbGSf7xFMv/FOv6nEp1XWdTu0kZtgN1JGiEDbnYu3aD8uMDGQMcjnWORZZSptV5Tq+8rQilGLWlruSlJ9/vd9jvg8ynKMoKnh9IrmcnOUb26Q5Ip2el7/3bo8i8H/8E+NEiaXWfix8dPDWi3uoTvLf22hM+q6qbpnLzMyldjOWyCA20k5BxwPbdI/Z+/Y88FQxibSvGnxY1KzlkxPqMx0XT5+OCVgLmRMgZDcEE7gc1g6ZLGryNcMuVGEcEySlyT8x39wOpIxz6cDcGpRWyKgwzBj0Vc7GU7j6c565B444yK9Cg8JhUlRwtLRJJzXPZycU3a6XeztpbTs8quWVJxTxOMrSs7y9m/ZJ3s9eXV/+BPWNn1PUNF8c+GvCNpFY/DT4OfDjwa6uWTUpNEtdW1iEBsI630ybxJjB8wYJPPHSsfWfiL8TtfvZLHVfF+ttbzhdsdtP9jsUV+iLDBsQKFJAAPIPKiuMs9WsrZ55XmSMSI+eQ20AnauOvI4yAe56msfUfF1okInTEoDhlO9UDBMcDJGFHHcD1P3RXTPH1fdhtFdIWio25WrRSTaXktelzmlleAozVRUqc5tWc5tSlry680m2m9btWveyd0dVd6PNIzyXNw9zLkESTzy3Lb2XJbDuRkk5JI684AOazn0e3jiE2cTNuEjkgK/BAXcOcHPOCMDPBGCfO7/4u28AZE8sq0bKqKRLMWLHAWNQTubI554BzjoaWjaj8TvHc8en+DfBGv6m0rMpla1ljt2Lfdw0ihQmWyAD2wOdwM0cPjcfOMKGHr122leMJtNycUrO3Vq12tLPq2cOYZ/kGSU3Vx+YYPCQjHX2lanDRcrtaUl6W1f36d1ixtE83cgkY4dFO87SegzgHt26HrVW/wDE+kWsG6S7jg5DKkjxnOwHqoIK5wOOAcjrxj17wV+xN8cvE8MN/wCN/EGmeCNOkYs8byL9sjRuCjrKyouSME5+UdT3HrA+BP7I/wAGUN58RfHNt4s1uBd8lkb43TvIoyUFpEZI2ywI2ng5wDgCvdpcEZjOKq4+vhsuov7WJqxg0rrpq720s9LdD8vzLx44ep1HhchweYZ9ir2jTy3C1KsG3ZL32uTlTW6cm76LXT4ltfEmp+IZvJ8NaHq+uXMj+SkdjZzvE2SVX50RlyzHg54GOScmvZPCP7Jn7Q3j7y7i50iDwXorjzPt+uyCN0RxuLqGOMgDADYGeTk5Dez6l+2z8O/A9o+kfBD4O258kFYdZvrSKxiygwsmzY5lAwGwSNwXgZPPzP46/aY/aE+KDXEWqeMLjRtHkzt0vw8hsI9h5KSzKU3KB8pIxk85+6a58THgrI/95xlTOMRC16WG0hze6mufazdk3rdNei5KGZ+MHGKSy7KsPwtgqv8AzFZk3VxCg2tVQVrSUXs11Sd7s98uv2Zv2XvhFZ/2h8bfimnivWUxO2h2d8gUyqSxijgtHl8wM2FxIBkcEYORwOv/ALX/AMNvAkE2h/s7fByxs5xD5a+I9Xs4bRsJlUlaMIwnyBuyxRmyBgEkV8Raz/YOkzPqfijXbX7QSTJ9puWvrp5DyWbfI+GJOFAG3cMcgYrwrxf8efDmlK9n4V0uW9umLhr++OISACoeNPmJUHBCkYyDyRxXzWY+IeJpqVDIsvw+VUmrKrGKniOV8qV6jVly6ba9btn0OV+C2AxEo4zjnP8AMeJcSpKUsNOvOjgIyunyxw9NpSWmiclaPWx7d8Wfjt8dPiV9ofxp8QL6y0YK5l0vTp30rSFhLHbH5UTjftGc5GD8oJbG6vjK+8ZeC9FuWQyya9NGGnm2MXWR+SFeTeSQW9TknkAA4rxb4geNPF3iC5k/tTU55UuQEFrbu0duquTtUKmAQuMD1PI55rJ0nRJINPyY5HnlcDZtZnIxlSSc4HORnvyOgr4bF5hjcxqOrjsZiMTUm0vfnJrVpvd7a3ta2mvY/U8vyzKcjpxwuSZVg8DRoq16dGnDSKirOyd2l1d23vdan0Ynxdim0GW8gWPTrybfa21hbKD5ETHaruRzvHGScbSATxmsvRdR3QvNe6si6hPOphkLhpFYMWPzABgADkEDgnnHNeR6v4N1XRfCsOqyusf2q8z5Zcq+NwAHqM4Afj7uGPUV92/sHfsg2v7WHjuXw7ea8NNs9D0ybWdfubdxJcQwLCWiRd5REQkZlYsGABOM9fCz/O8r4VynEZpmDdLD0IOVRqLnOzUUkoRV5ybaUYpX6aW09bB4bH5tioUYuTbTd5S5YqN4y1TaTfltpbofoT8Ef+Ci3wa+DX7O2m+DNEsJL34iWEVxa3El6WaG81CUYa+Vyu8MqH5GyysoPTJrzPVP+CkF3NY6nYy6Ulzc3FpFclbeVlja/jcyxm4lGGZVZsEHIPbk1+RX7SHhEfB/4teL/A9hrVlqyeGtWu7GG9sCjQS2sbMI23p8rS7QBKwzhw3U5NeGaf43uZJi13NIQDtBBwWA+6GGeRyWwSw6+mT+IUfB/g/Pa9fiSWHr4x51WjmUniJy1VZ+0ilCTSirTs42uk7NbJ/XVeNM3y6MsthOFB0IRoydNLVRUYpu7afdtqzttex9ifHP9on4hfGHxJc6r4t1edbN4UFtpCXT/ZrVIl2xBE3Y3gYIBwSTzXy3N4iugzRKrtvZnZmfDMB6n5slep4yeODkVkalrxvmCBS7ALukLYZgcYGR0wD3JIwMdCDz096rh3wcDCMSTuUKQe2MKRkjnDDp7/rOTcP4DKsLTwuDw1LDUYLljCnTikk0pPZLV77Ju/Rb/C43H4rH4idfEVZValSTcqkpOTTbTsr6JXemlraK2qPU9H1pxIkDTl4pVLsCCCrYOfmBJ4+7wQSWOMc1BPqMYvDNvVCpYbfvbl55BbGSQCew9DgAHhbTUoIxFGmcooJ+8oIJOcnGSnOMnoR64ItDUrZ3eV1O+MERBTlRjnce/JPUjnPHBwfReBtNONlqkla+vuW1Vttb2S3a2scChKLV0neSs1dpW5Wnd66PS176taXuvRrC/UKZvLLRlgFUNjcSe/QAhc+mCBxzgVry7tnmUKAzjJMZPzg4/ixtBIA64xkHjPFcbpd1JLFNtkZJCzbIww4bOSQeB90bT9DVYyzm4UhyZBkvkfN1IDc+nGDnk4HYGl9SnzXSfu2aVkt+V301s9Oq19LGlJJOCT91rVNL3r2e6ejTtdbNrtdnVNYJJMJoyqyOQSjsCR0GdvIXHQgc53ZIzg/TX7N/wYT4mfELSdAaN7m8v3jSwghRjHPcs4AM7op2Qwk7pH4woyB1x4L4Y0WfWL2wiiEty8s8ccqwxvK6IzfN8o53cEDpnHHt/Qj8I/hBcfss/s4j4zyeHJj8UfHMcejfDC1W2fzrOK5AMuo3jyoBE+1jKHxwmcHpn968DfDPE8acUYL6w4xy6hVhOu5XvV5bS9nBPWTai21HZK+17/JcfcSLhjI6tai6UsdiJQoYKnOfLzVKloqTu37sE7ze1/dTV0eGfEr9ln/hXF5p1ppnivSP+EhluRHJo7vHdzrdRRHzIoJSxYQlgVUSbT2xya8x+IPwX+Iel6ZZ6t4p+HmtWFpqEAS31TSdJbyZ8D5JGe33tiUcgY4PJyMAey/C34Ta78a/ir4b0S18ZXGr+LZLs614xne8lddPuIrsXF4gYEhI0w8AxgEYIB61+wv7RH7Rngn4K+ArHwv4zs9PiXSbexs9EUiGW4vpLe22vLOrDc6sFJCnjcfmwctX+j+P8JeGKsMuwGTYaticXiKco1vYVIwhh6VNRg6s4tWXNNuKhKUdIt30V/4q4q8feIuCc4wGW4uGGzrFYpqrLCUKcqdZRlNKnShOk5Ln5eZ80ovRRb0bv/LhJY6RYrd2so1i1vYmKtaXAkjcsMqSyybXz0znBA69aowJFeBmMd1A1spVJTO2UUADPLglwe2Ogxx2/pD+Hvgv9nn9plU8VxeCvC39lQaANR8Sa/dWMNibe4aIyNygAZ0289Scg5A5OJbfsd/sneLdIvL+002C2j1DUJtO0TVbXUTDDdSxFhK8FvndJuIyuAVc4UE9K/JOIPo/t169Gji+fEUZRhVpVKFVRpOo+aCnOLnFvkTl7qaUdUu/0mS/S34aqw5c4yTOMr5Lxqu1OvG8OWM24qUZaPRXSu1byP55EvL3VtJvvDWkXd8Hudq3D3EMEm8KDuCSSkOqqDjPOADjrgcBqvwo1rRNON9p11HqplIM1jb+U2olgBvVolcYUEHDLknPXHT95PiD/wAEvPCNtY2954Y8S67oSX1xPItxNY/aFW1jUsZgd4dYgoJ+bGe3IOPnef8A4JneL9U0oXfw0+Lml3uoQre3Cy6tDJpySC2VmMSXGGUO7AoMjG7Azya/Kc5+jtmVTDVsRSwVHGxopp1cFWg3dJNJU5qEpSd72aUm09Ndf1/h36QvhxnP1d0s7lhJV+WPJjsPWoWcuWzk5QlFSenvc3Krdj8WrTVPE1rIbZPD+swG3lKr5+mXTELn7odYipU4PzAkAEDPBNa9rqviu7N1FbeC9TvS3LqmnXZbPOcMYQGBZh0OFzjHp7V408Y/F/4J+IbvwT43aa21Cxmmh8y4s4Z47qFHKJdWVwVH2iBwM7hlgCN2CK4c/tCeLreSXyddu45cnymtreGFVLYOThSCM4yG4AySe9fzfm3BuW5Xiq+ExtXF4XEUKjhVo1cOoVacotKSqKU009NH1tt3/oLA1qWPw1DF4TE4evhq1OFSnWpVFOEoSUXGUJRTumndNdmn2OFHhX4g6nJKv/CI6vYibOxWsZUQIR33KDgAkkgcDnIPB67w/wDBP4lauvlWmk3k2BtBjglVsknIUuqqQNpLFuBx0ABrPX9oD4mpeCZvE8107EhfOZGCoDnaVIwRg8Lkf7P92vUPDX7SXxRsbeeSHxHp0bRIwVZYomdt/ZfkByCVIJxhiSAOo8ujknDqk1iK+K5LacsYRbtyu7SbSf8A5L5rY7fZTbSXK5t9XJJWS/lslom9P80+avfgv8S9AgY3PhfWAY1MkvmQBgNuSG4yWGemM9xj04q68H+KGX7ReaHfktuYfuLkFT93aFEW3qMf1A5HpuqftL/Fm6dBqWvxPFKuB9mgSRdgwctxjnPQnnHQ81iXP7Qvj2d4I01yDaq7ZBLYxIhPck4OSQehbOB2wRXBXyfhrmth6uLjG6cuaMW+is2tGt76/DcqFOUW3UhBtWtDme+m6aatfe76nNaRDr2mXNteHw5Oz2cqhEurKZ45BnlpVKfdPJ5wCcAtzX6F+GfAPxo1b4XQ+PvDs9ubH5mj0nTYol1CK3jJBEduQN4BVwoOW24KjgV8TQ/GnxfdubZ9ZsWe5TayJaQHcTxgMQTnkHj1yeSa/Xzwh44vPhj+zT4E8cyWYvVN3ELmERKFnku3EZLYOGCgkgYYBumDjP7n4OcKZNmtXOqUsVOnSwmVyxaxHs1GdKpGcFGWl3JRTvyr0vufFcZ5nicup5eqFOnOpiMZToOErSjOMo81tLcr921+iS03PzL1H4g/Eq6a+sbjQfED3tiztK8v2i2cKrMGLQmIKSMDeELDGG56DgZ/H/iK+SWG/wDAr6j5JYXH2iIvlQ3LOHjHcHdnHp3NfqdZftD/AAx8Rx3tzd6fDa6lveTZPpEE7ee4y0cchHzKp4wQD0IOOaxIbzwF4gjbVtIisBLcyst7BcaHbmF2JJCqigZ5OCqHn7vHNepj+CaeJnUjS4qwWJmm3Tozox5pRSSSabd5Juzv5W0McJm9aLpe0yuVPpUkpRStZWkpcrcnreza2evb8fPG/iHRL/TZYf8AhFNO0m93fuJIcxyRAZZvMjAwxJyFJGCTu7k18+XrAgssihpDvIxlkHRuSc46jkdmIOCSP2t8S+BdKutUm1Cx8D+E9YtUmha5iuNLW2kMbPhsKFK8Y+Y5BAwOMAH88P2tvg5f/DH4gWupHS7PTtB8X6bHq2jwaaWeygjdVEsEbFVCFHDbkycYG0DpX4pxtwBjsrpzzadWhWpQlCNT6tBJJT0jUskklZpNvXVO70PpstzrDYmpHCuNSFSUW488+ZKzV7O7k3Zqyv59D5kt0drFxEUbdl8kgsqqMEkcdegBIGOfWs61ikmm2CbAxhy3AC8ZQ9NzHJA98AjmiCZ1LxQqyq/G7I44JK4zjP3QcZJ28EYwFC4DFXyerYO3IycDK/x9R8uCccgEYP5C4uMpJ7N3TTstlrd21Ttvfp5X9pxUuW0bJWejt0js9He+3+W3Sw+Hr2a4tfs8HnJcuqRtCN8jnj7wAOxckBmyMKM43DB1NY0HW9IvWtJjMjgRYVXz5kmAVhXyycjHc7cgHPB55/SfF+q6JGIbORY9rOMugYKrDBCMTwTw24Feeem2rth4huDeG9vb55fNYy5J8wq+7IAyTkAjALZwOcdq4a0KspcyjFpee+z6ctorXRXfkcsoycrpLS2rumm3G7urLutG227JJXZq2huLNzNfxGBX/cyJMcugH3XCuAPm64Bwe5UnjdSG1ms5JnuJTGrb43yCrqgPyFPRj0wDkE8YJzpSxS+MNCupLyS2gu9OXzbNoo4/OvEZchJHBzlQOpPbHYA+dW816LtY4GLNBCY5Ih8qZAOSRggsBkZ7nkZzXBKl7ZNv3ZQa92zSe12mlfXSyd30TsXzNrltZK14tO72u0la6027K+zV+zjuHuo40gQwRy4USghCwQgsvy8jPYN8xxjJbAH0v8ItG1jUAujR2Goahb6ld20M2n2CHzbqAkL58rLkrEoVmY4CKowDwMfNq61A+j6fpttpcaaishkurmRiPMXkI8W7G3HTGOTz1IB+1P2ZviroXw4jn1fXUll1G4MVrDebsQw2QQma1IZTsllGQkygOMnac5J8DNqXPQjCqpQpzqQjOUVeSTcXzKK3sr2a1T6X3+b4uzDNcBkOPxOT4GeYZm6Ljg8NB2560uWNPWTSjFN88m7aJ25r3f0B47+C/gX4U+BLrxp4p8R2evPezw2+g/D5bhWnFym17mW4dcuVgYAEEhTtIPcV+bPjqS88XX13qFhYhIpr2Nra1jkeW3tI1wEtkCksRHlQSBgHucivePjV8W9G8f6zPd2lpLYaPDcXMWk2gnkkaHzjl5XZlJYs4BO7kY+Yg5NeOeEL64sb1lja3gtbdXmlmYZSRySQoyCFkwcNhixP0rhlTw+EqSxWCw81GlThGmqspTc/dipz96SanUld8qslGySbTPM8Pcu4gweRUMRxTjZYvPcdzYjFxaSo4ONVqcMJRinaKoxfJKV3Kbu7pqyz/Dfg7VLvVoUnkGlx2cStO5LIJAhz5YzgbgDjALDOBk4rc8Ya1Z6UiWtjKs+12Y7+H3bcb2bBzkhgg5HXPINWdT8V2l5fzzG8wbeIiG3CrGJGB5Z8NyeeO7AY4Irw3xbrq3kxkDRtMCvmHnYAAQMD7u4cZ+YYAyQdoFb4PC4vM8VGtiYuFOK0jCOiXurW71dm+iVr6an38Z2TcW9+W6u37rS87y3tZPrbW5fuPEVyRsaQAl94RWO1Fznkd8enODnH94LJq99qNygXdjyvkWIkAKMYLqDjaMklhjIB56AcZpgTUZZRLdqse4lznDhQQTEhxklgSCBjPBwNprqH1Sys3NpYDJAUyS5XzCvHyZU89AuenIAwRivo5YOnSShClKU+VbrRWt8T0Vmui32W1xKd03d9Lptyb2WvTZ3Wq6fPoLq7lSFYjdKl24/1cbhUESg9W4JJB5HQEkE5riVv79RIFnKRB2BKPukZwTzy2RzjOOw+lZ+r6s0k0c8i+WQGCiMHaqkAAk8cnIAOcctkkGuVvLm4mAcSMEP3dgI3gFuuOckDoe2R3werC5ZGacppa3du2kdFdJ97X0s1e5ftY2aa2srppu9o6O6T9E2lroel2WutcRy291Ks0JHliNgAC2Mbhkjdg89OoJHTceOuHVZ5IlOyEShAzFsOSxACqoK4ySqnJz3Yjrk27zrFGZGG8MCkeCvG4A7to5yD1GD17A57SytrBBavcBpLhpBIyYVkSMDJwvdgenOTk8nFW8NTwvPyxb5o6JRb192zdrrm139X5kOtJe7olG3fVu2r16PZ9HdJ2vfqvDOhkMlxeEP5h3R2x+VdmM7nblQQMcbe/PGRXuFrPY6bZq26K0YqHjt4VDBwFIYMxLFs5GRjA3DglefPbSCW4+z+YTFaGLO8DEhAHyhjyWyAFAzgDHAJJramzE6lYC8ZjIhZzlUGDl8naASSTtx2HqRXx2OjPFVXFzcVzfDd2S91aK2/rY5J8z5ebXTRa2eu0Y25nbq27a7aa29W8TwXcMsMDNLNKwQuqmIQjGSq4wQvGDxjGQR6+dz6pd2KktKHZZCI4yd6iM8ESDpk5BznGPrWde2d/HdyylbiSB2+aaMbT8/IUIAdgAPJHVTuycGqKyot0iyyLLFtAkGNzHae+f4gRg5HscV14fAYelTXL+8TScn7rSvZuyT7rVPb8TohTvFWWqtqlyxV0r3t1vq072+47D+3rufy4kljRzGAVUhBGpB3EMoHUjgYG1sknjArRzS7vs3mxl5pGO5znGNxLM4Hy+uTjlVBIqg1tJqbFrRIYpoIgYl3BAVJ6soGAGwOuTknpjFcjdT6pFcvHN5gVXZGAJVgVyD5YAPyk4wADxweADWlPDU5O1O0ZJ2tK11ytP7W7ffp+Kag+bW6XR6faUfR9NldLW+53beG7YK73+prHKzF8o4bamPXOQzdhu3bTTrG10SJmiaN7iUHbC7tvUhBhiw6MDjcdxJ68Z6+ZJdXlvIZLrzBk7kjlJ+6R8hIJ78nOPUHnNegaEPtkTXEM0MEqjMUcmCzFvvMAwDYIzyOOhwQMG62GrU1HnnJppO8bRV9OWzW7tq7tPTs7rVWSV1Z9uvS9tXfq720V2y3e22nXDo6xvamIkCMAhXI5LFf9rgY+vpWTYSQrNNFh0jdym8DBjOTjnDEgYyeDnkY55W5uWhnlH2hZH58wkZAIblY+VB3d8HoBnhalsrzTEvIJLkSTwnloEBVi3diCepyQM5xkDgdJdKSp2lzSsr7WfRbq913etr7vVqm7LezTXLa29krXTbt00S/A9w+Hq2iq5nd7hYzsQM5RQ7fKHIOAyhW+6SAGJI4zW5qVpqNhc3JsHS6inLsZDgqmeVRT8xyD0PXPBIIrjLK+S7NulpbNb2iqhLKP3jEgbN+ON/HOOOvBxmutsNfvIbs20cW+AbBteElXfDANkHAGcgtk9jjsPlMTh3Gc6qS5ZNrll2XLd3ez3u+rdtHe3HVkpOzS5HZc2qvtfTf8X2sd74H8TrbiGQpPBqNuAkt2wyOzEHfjgKCNnPDDnnj6f8AgzoWg+LIfjz4qu9JN1DoHw2v57WVZR5UeoTbdlw0QOPnbdkAHaT68j5G1LRI9QgWe21IWzjEl1GpEIWUnJRcZyQOueGyB1OK9p/Z++KPh/4UQ/FWz8RWV1qul+O/A994XggjncrDfSIFiuZV+ZCI3ww4yAOPuk18PxBlFWvgcVWy1TjjZfVfdV1zRjiaMqiilo3yqXRbvpv8Xxbw/RzTKMTRo0U8RUdKUGorm/d1KdRpP/t217aX62PEYPF8GnPFIb64sRLavHLbRsYi65biNkI25H3ecZyAcV514u8X2ut3v7lAIvIWFp1Zmm25b5pfu4fnGcDOR8oIFegab4W0TUdW09NQmM9knmXFwY5RG6Rbi4t1IOSyqV64Jx930574k+BPB1wlxdeA9Ruknj8pb2zuMZebLB0hb+JVxjOOvPc4+myzC4GGMpqsqvtpU4c05QcuWfKrRlNauzlvfS6dnocOQ5Lh8DiHKVC1VRgpVORJySUWlKWl3FNqy0Sd7Hg2t38MUIt3YvtLLEw2ls84JJbg4wW69WxXKXaJcW6TTbzLEF8hwDtYMRld2Oeee2B1OCCe70zwYb/UGj1IOlrbsC/mN+9dyOFBySVzyOQME8gA10GsaNZmzOnw2pVohIlsNgG3AADuRwc/3iffPAr7+hUoYaUYKXPJdVrFRXL1691rbR6n6BTUUklKN7KKaW1lFK+no1fTRu+uviI3rM0byiNnKuF5YKwwcsBgbWGADwSARk4DV2+haLqOpRS3FrcoYIpFkZPN2SS4wCoTgYwD06jscis1fCWp7pZArYjUCdXAChW+XEZJXJwMgYA5HTJNR2yaholzJBHI6+ZsVMguWDHdvGDyA2CSMkAjJPFd+Ip08RhKjpTh7Ru13bSOjTtZ6baLTV/KpUKkpJWTg02uXS7T0S1V9ktbtvq7XPu/9mC80DQvjH4Ej8U6hZaboF1rGmPrurXMjOmmWUE6POxI3APhQOORgkMRkr9w/twfGSw/as/aTt7D4a6paXWiaDZaP4I8K6jIy2wvLPTo41e9ikYoY1BBwVYZ5OQOT+N9lr9xbGT7Q32hxCASnAJxwzEdSo4IJyvAINdv4M8YXWj6jaaw0ji4sZkurFgSRHIrAkMByQcAMd3BOWO7NfimecCUsTnseJFUqyx1DA18Jh6VkqEZ15wlOq0ndyagoprSzbvqfnHFvAWXcTe0hmCcozjGPs9IwUlqpO6u5RbbWujbtZJH3z8O7i9g1zX/AIBXkGjmZZrgXfjDUr6SxeRJ18q6sILnC+Y+wnyFPyPuBVgMV8K/FbwppPgPxh4l8MwQvK9lI8c17G/mwTKXZo5YbhWIk2IQHAOWI+pq94i+I+ueKtbvtbuJoobuWaOX/RmNvvMIzGysCpDggMTkliSSScmuc1PxWutwWtpqlul08BKy3C7jcMHJJ3SsSztzyzHHBPHSvSyPKcRgcYsVPlhGthqccTCnFx561NKPPo1vrfTSya7v5bhDwxyzgzE4utgJtU8U489Jt+zUlJJcsbtR1bbemuq0Mr4dm2sdTG2UXOwxy7pMAom8OwjYjqTgEjB6YBBG3nfjXf8A2zxnLM8uyOS0jijXrsyFIJA5G4DnrweOa7/w/pFiNXs54SIYJJVSFGfARkOQZgDwuBgKM9CMU3xR8O7Dxv4s1W6fWBALWNVdI3AQuikKsZJAZcgA4+8TjIOcfpnDUHPNJVORK1JxUpOz+za73vZa77+h+qYKhGnPnVruKjF7NbfPprfW3qfK0lo4lcyuTbqrZcYyBgHcTnGBkHbyBghlAJzzUsMM95EUZpSzgLFtYB8H5QhAJ5PJyfvEL0r6v074feD9Fa5TUrmW5uDC6iOZgsLOcjIG5jt5JB28E9RxXCJpHhS11QSWab1tASfnBAffuBQ8FgpHAyAB2PWv0WVahSivh5n7ulujinqrWWrtbVW3ex2yguVWk7Sa31aeml2u3dXXdo8qvY7zS7Nbj7NJAzmTauWVRjOQSOMkZOCByfcV2Xwd8QanJ4mtNNa5aOKeG6JTJ2lXjk5JIJIIHIPHJODwD6rIPD+u6Le2F5ZA3DQStHNtUOHwQrKcccEZ4zzkcZavIfhjoN1pXj6COYyYHnrEcZVYmRthBPAbBAIx+PTHbllXC1a0HOSTunJtpNN8t1bS1m0tX67HNVjJUfdabtqm2k7NaPrdpLbfu9EvqX4N2zx23iI7soNfuSCuGZsyOc59CvXacBSBjbXt88se5VRgVVFwCoUg45BIOD6AA8jHQ5x4r8L3awtNcjZWXdrU+FIUswZm+ZdxByQVGR7d816ddXMCRPu4WIeY7HIKgAnByCSePbqM8V+u5bVw7wlONOrCUrXa5tI2cbbLbXW99t1ueHUlJTd0k5aWd1Ze7s7bWvu9NvJNurqC3jeaSSNcMS4fAUqoIJzkDJHI7Z7EAA+e6j8SNH0tpFFubuMs6iSMnBYsPkQ8YJPJJPoOK5vxf4x023sbiIXHmzOrmNFyPLAzt3AMASec5wMfL0Y186XviwtDgZZGd1UFcE543rnByCOnY8jHU/G8Q8R4mhXjhsDOHu355x5Z63StLRq+vdK2qXQ2pRcl+915knFLVvZJqzW9+6X3s9D8b/E/U7m5RbWCWCwQYjhMpCsXzsB25yDnnORnscc+ST+NbrASbzPOZ8Bw7bo0YsemTkDgDDAfMACCciVfs+p2oSabbKCWPmMHQKMkMpJBYncOM5AzgZxjgNa0W4ilkmW7LjcoiOcgxq3XI4yFxgEjOTzxx8BWrTxlaVXETcqzd7vVW0fIrvS1mk1ffTRHfGNoqMdrr3XZ9tH1vay1v16neadqt5KZ7iSSWQ+aCoMhLOOCS2CDsXP49uDiu6N/9stRLGywohRXYjPKjP8A3zxyQOOmeePn231m8trhY9zH92EkJAAIxxgHPAHPAGcHGeBXYL4gEdoIvODxE44BD+Y3UHuBuwMjBIz26TPDTbjzWata0d7LlW+ttHd21dreQTjeTtZJJXVkr+9Hzut9bWvbzR3mraiRHElnNGz+YqO4ChVO0fOT7ZOT1GSMHkVoWWn+JILSCCSx+0f2grS28nyo0tuuW3xsMsybcgED0AyTz5Da6kZJlhlQFZmZ2RGO5k9RtyCvHODz8w9a+0fhB8WPDqR6Lo3j/wAN6fc+HfDjbI9Ujxb6slvKEVUWQDfIkQ3MR06nJOCdsNQg5clSSV2rXdlFe7Z2elra3bvdbFyqKFNWUpu3vKN3p7vNa72Su23q+ltDovhp8ePi94J8Jah4H0LWTZaA/mlNIlQtKLiZQhljzllYdVYYIxkk9vm7x7o8+p3dxqWqNHHqE0gadYyZPtE0kjOWkkAPzljk88ZwRt5r9VdI+O37Jvw/tfEl9p/gbS/Ghu4Yjp8OpSE6gv7tTKyzOmI0HIJBZuMqvUD8wPjL8ZND8c+LdXuvDXh2x8H+HZrg3Flp9uwlFsT0QyFRvbO7J4GOcHgjqxdJKKSxCqSSaSj9lrRPqktNEpaaaLY1pVuaLSUoXtrJcrkm+kbvayd3a3k0QaHp+kWGnSpq0lvFJLbq8bvtcpkFRGN3YjGV4JO7gng4uoeGPD99PFLbLC1xMjeXtxsYdt2B/XJJ/GvML7XvPVnk8yYRhY0k3EQE/L8uB0PQHJ78Dpm/pHiS4EUUR8skSZG4kFUUAcluuFIxt6E9uSfn508TTnKVOTk2+l3qnHTV2a1V99PLUVWMudSUnJK1tW9uVtNO1tHpvbfXpu6l4V0TStPe7uHkS4MrxtDkFQXBVAq88ZPU9DknPSvLr3Q5Fmiuo+I2ywdTuBGcKcBtuduCwxnOc5yBXpfiC4tLuMx/aVLyIrOXfKPj+FckbccrnBJC9RyBwcjyqyutyPssbYRSdwB5ADLjnIHcc4BAOCa2wk6yj+8cua6Tbv0cbvfRLeyT7t7m1Oc29UlZKPRa3ja7T1srXaUdXrbU55WuUZpIyQkJKk5I3EnrtXOcHn5uCc9+a7vQL+aWNY8qsrMoUqcKVUdz0bpnIwQD1PAPMtGTHNcAKod/mUZQAHljg8YI5HTjjGOjbC8EVwhDsXXd5RRcbVHUkgAfXaenIxgCtMXSjiKTd25bpaWbaWt9Wn67fJ20ukr6a73d1e6tZ2fdLayatfdHqVxZ3KATLhhcYV3yeB3yCvB64x0685yeo0G9lsBHDsaVpXI3A/P8xC4VgDx0OQeuAOOvKx63HLaiHCzsIlABGCCCDjoQduBkde2fTSs/t0ioYMkEby5IVY1HUBs8MpOQB1C444J+anhpSTjVVnFq3utrVp97K7XLbbqi41eV80H8Lils93Fu7ul56X013PfrLx9eWXgiXwhDDIqS6r9tknGXnKqMiGTPAQnDYPJ9ty1wmr6JPfSpqlyWg+0AlgwVWYH7oTJ5BHJHUDkEcZzE1W3trJYhOz3EzKGym5nkTncM/wAAK8kZUHgZGDXV3DXWo6XbwNbT3t7lWhmQMkaqMfLgYAA4yTzn16n0cmnXoSVOhBpN2lLl0eq10u09HtppsraRzVateE3K6Vla+9tFdxu00tdE1rutb+azaMlvdRzK4YRuJJfMfJIBwMAEnJ6468YA719//sifsraH+1Hpnir+2fiboPw1h0GUNbXGp3tul3qErKSsMMNzNF5cfI3OvBPAAPT4ZtfAHiHUbqSRYZolklLjzJSi43cDrgjIIUjrg5PPPY6R8KfHUctxJZXslssi/P8AZtQmt1fn5VIidAQMDJIyDgDHAHVxVk+dZzlNTDZTmk8nx8uV0sdGjGvyWtzfu5tKXMlouZOLXlZ/X8NZnhMtx8auOwaxWHlFqVN6p3UUndxe1tLqz76pr+g/wD/wR7/ZO1Dw5o83jL9rBLbVrhpf7Tt7a70lYEVAXJSRrsErtXcCSoJ2noOPnv8AZx/YQ+DsP7V2v6FL8Ubj/hVnhLWJLbSPFDanY2S+JNOhZluvKk+04bY4QZ+ZWHIBFfkpL8PPi6rqsurXggSHbGg1u7ClT3x53JxgY7g4x2qzB4Y+JtjBBFaX2pQyQlhG66tdRhSSS5VhIMhjkPycnk9OPxKp4TeI2IyzNMFjPEfEYupmOEnhlVqYWNNUeaUHOpGEaitUcPcvCVuWTatZW/QMHxXw/hcfVxUcDXTnzfVv3eHjLByaj79LlpL2koNpx9pzJWScd2f2heFf2W/2YNB13T9T8K+PfDV5dafcNcQXHiHUNJ1O3bykLIoWeXapwCN31PrX88nxG/ZX8b/tY/tTftFWXgLxX4C0az8Ka7dyzXl5q1vpunXkUEmEXTlV1jl3gc7CQv4Yr87I7X45W0CpB4j1iMBvvJrt4idyBgynCdeOQT0A5qhpeifFnS7i4vLPxNfaVeXTOL+50/Ubhbi8L4L/AGgxPulJDfxZLAjJODn57gLwJ4r4GqZhisPxZ9dxmKoexpVa1GrWUHKpCcpOE6j5rRTjBJ3XNfW1n14/jHLsxbWPrYzMKUo04wjjFRj7HkitvZKMG5NptKKV1pbU90+PX7Ovj79niPRr7XtZ0DXrS2jjnfUvD2qR3ltDdklY7b5GY+e7gbsYCHG4YNfBesab4m8X+Iri9g0q9vbjVLiSJhEGYhmVTGrt91Tg8D0xnBGK+t7X4b/EbxpZQ2WveJNSl0vO9ftUtzOPO/gdYZernOCTgANkV618M/glb+FdCnGv+ICb2PVTdwozraqkQZmLyzOylhtG4rn5CBtIwSv9L8H4DPsHhKdPNpxxeLStOtGn7KFSK5WrRblZ6O9k1pboj894ir5XianNg7Yei4xkoOSlaVNLa8uu9rN6206/IOmeCvGqeHYfCE/h/UIGi+0S+X5zRozyAhS6b9pAA79e57nN8GfCv4lWmoajEfDN6LVbKVkdrhY0kaPe2/dvG7HZQTkfLkZ5+9fEvjb4S+G5ppJdQXVNQVRC62bvfz78bnVVUFeTxnPJ4A7njJvi/rGuxx2/g7wDOtpbo3l3moqbZWTLDzGi28FgM4ycEcd6/Q8LlsWqjlaLqz5nC68m7XirN26Jp3dnrp8DinRbSjNzcNFypWdlZJtR0b1atro7s/NDUfCnxDe81Syj0HxCk3nTCSVY5xEQXYfu2ACsFyAcMQQc89aueFvBfim1v9Pt9S0zUY4Vu0lubkw3AkjQkHYHK8kkEjAIBJOTnj6w8UeM/iHZ6rGupanFbR/abb/iX2US7UV5ACpfALIFPOTzjB+U19nt4C8R6poNpr2kXNo8lr4ebVL63msU2tFDbiTCLs5YAlvMx83zegr3aeU0Xh6j9pTpxUIrVJSlzWvto3ZbaPbRK6PAVeVOtDkhKbUruztZJronuu19VfXovxm8daa8HiTUYka5aDeoiDRSsUwBkSsV+U56kkk5wDuGK4htNl3RyzEunnJlVRwch13MTjIx3JUDGWz0x9oeH/GdjJqeqaZrNjo8z6nfXCR32oWkWIboTsGSNiMkLg9ORxkdhpafqunXWsNo3/CPaDqFvDqdvbTSrbRxsA7hTs3KuFJPRSxAPJ5OPdy3hSdbBUq1LEUUmmoxbd/c5W09Xurtd7aM8LMeIlDFyhKjUk+azkrtX922reqa6Lp5WZ5h8d72O7/4QWMNGEh8KWUG/Db1yq8HgHI5xzwN3fr4XZ21slwscNysrh8kPIQgQLuyVAxkg52ls5HUHFfoz8WPCPhBtUsF1TQRcJFbW8PlwERm1tyisQgIYldpKljtGR0IrzVPDPwc07UNl74N1Uy3AAsJ1kdY36fM4B2kdu56ZxXbh+EK+Mpyn7fDwUdLSur7aJW5tWravTa+px4rimhhp04SpVG5cqlpotNb69el1a763RzWp6hp8f7MNpH9ohS9bxixVlXKtGsRVQR2KkEZwQFbJr49u9Yl3sFuI9u8BgQMsQcZwDjC9jg+/qP0zvtH8Ar8K5Lg+EZZ/Dema3tlsHuC0kt3L1fcR8vDEY5IbqDg147p1l8H9fvIrO2+Hht5Zw4iaa6aPaUkYY2EAsdoPTknIII4pYfgytOpKnCrSbjNptNtN+6no13aS0euxFTiik7TdKok7abO65W2knvZ7Ld3vc8//Zf1G2m+JDzXN1GIh4f1RegBY/ZpOOo6nHTuDxjOfn7xDNHH4h1xob2Lyhql+yJhQNpndRgZDYYcgnHQ1+i3w98MeAbLxSsOl+DLrTNSkjlsLWWSSRVeN4yZiQ6oG3jgcj5c8nCivn/xHqHgOTxBqen23w5s4Z7HVby0u57iWR1uXimYOxbZtUthmODkMdpwPmr0I8HYqMnh3WoKWk7ylJcydtrLp57Ox51XiTDVH7VQqJWt2b1T197fum3917/J0LTve2xkuEjElzZmEJtOQZ4xtBDHg46ADOASCcEfav7YMcyW3wqQiOZU8FWD/KwyFWKMksc5A4HBGeOSOteLat4z0/S/iPovgu38BaJBZ6zBbut1jznhVMSrJE7Lnd8uMcg5HI5DdX8dvHf/AAkS+ExrOmDdERpELxlkaLT4WWFURAMLuXAVuM47d+V8PYj2GIUJwqKElCTT+Fxa7ru1trv00Gs9oe0pcynHmi5LvKK5W3dO1ldbvTTRny/qOsBIDHBFbbpAASSBjKHK53dc7upPByMng+42ETTfs8RM0oZh4gkBABCMGLcZOARnGCCOQcDHB2I/hn4DuLOKQaTqc0kkcUi7Z3DBWA3ZIOMYOByM9Rg8V9Q/DT4aeC/FGk+EPhkdNuYNF1/xPbWtzG0sguEMjFpJUkG5tqgFSNyjJ54rx6+R18JTdaUqdoNSkoyTskk3zdNH3f4Xt6GGzeli6qpqEnKTSi+7sleyfVq1m0+97H5Tlr/T7p0a5VY1LjOSwIbGSMnbg4HOPUjg8+ufCbxEumeGviVG10yT6hZW9tFGu1WnL8SFM4LbuCSQOcdRgn0H9o3wloXg/wCIPjfwXpOnQw6d4Y1qXTLKQDdNNFaqMeZKwyxY4LMRkk9Dg13Hwd+HPw2n+F1l4x8T6XqV9rOoa+1rdWtjeNAV06JghYRKTubYThgCQOnpXoZdltbEyiqbV5w5o2b+HTay89O6Wiszlx2bUaEXeFSSpT5ZJxu01Llaim+nZNXXU+b/AA7p6an4h8MWEUzWcOp67pmn3N/Ipf7DHdXcNvPcvISVVYllMgDFfun5ht4/s3/ZC+Geq/s4/s4fts/Bj4UeMtB+MHhXSfhjp3inVtR1GGGK8gvfFOmrNeLbzKWSeO0c+XEYncoQSAACD/OF4qH7Omj+EdZ8FeBvAHiC31TVRavD4lvtSnluLGZyGkMW9dyneMqisOMHGcV+5X7APx+8DeAf2Qv2ptC8ZXem+H5rX4P2WlW2u60jT6l4m1JbWSK2sTKdzSPl1CsxOPu9uPB4oyXO8LisvqYStaMJtVqULcsoySjHnbX2Y3t8Wr2OnLM3y/E4PGxqUpKo6dN0nJWlzKpTuk72s4tvW1tVpdX/AJnzr+q+GfFt5pGoPpdvFBq11hvIFwzQ3M8kkjqTliqkgDPIIOcbQa7fRvFHiDxB4jtLqw/sSbQ7W6Nobq7tljhldASRJEwDBDj+7yTxjoOB1uzv9R1d9QitoHvDezqs4XeTbtcSTROq84Bjdf7wwB05rkda8Q+IfBniY29l5FxDqNqoa0uIP3Uc06hGkiUcb1IBVgowfm7k1Nfh7HYinGqpKnUfKtW7tvl81Zb6JO7eulj0cNn2BpN05wnOKfu392yi1Z3dtE90l1te23pur/FnxFa+Ko9Bm0zR0sIr2fDWlsuRDKSvnR7MhA5A2FstnjjOa5zx1rWu6pf2FlJY3ULpCJVlvJzFBcLuJiVlPyqCCAoLd+SOteQG38aXviGxurTTrhnuJoUuWa3kYhDMpYkMNohAOFIYADHbp9JfFnwZ4m1ybTrLR7P7TBb2VhNcTruDq4jTzULgKQuQAR6cg4OK+ryfhX2mGkqjk6kIx91RfvNNLT4raL4rO2nTf53H581iFOLiqcudJNpPlbg4q60Xk1qvm0/EtX8UX6znSpdPt9OEbAO9tOFR9qBi6YG1iQN3BGc8tgE151HcaaL+TGozRlFaSQHczK+SeR0JyOM5+buvUeueIPhF4y8SS2slvBZ2f2SNIWVHZGmwAC5JwTtBYYJ6DGQeBq+EP2frfSdQ/tTx5qMX9gReY91bWhJuWCrwDJwAoKndnjAz2BHQsgxcZThCEuWKbcm7RSS956Wtu0nta+jskTDPaM+VSrU7vls4tSettowtd391vq+jPFtS8Y6zfanFJdX9xcvbWy29nNcOSsdqAAixnJwvIyODwcjJIqGPxLq7pIJLohC3zLHuQS845BADheSDnI+bpmpfFDeGG8calH4cW5Xw3HKVsWmJaYxxrsYknIALKVGOg4wcnGZqWpWtwi21tCi7EAEmNpYK2cn1OAeCcn0zmvKlh4wjKDSbjzLmWq5tNbWvo1e63vZ36erCvJxc+d6pOybSd1HRp77p3WqvZ9T3b4Z3epX3g3xpZB7mUNcW0qDe21WLqoyOg3fd54I6nFfqh4IvtX0P/gn58UrWezlMk2qWQmEruECMiEMy8ZJB3Y4yCOnUfl58C5jJofjWFpVTallIqvhmZhIOOeexxjqRgc4x+voU3X/BP/4lzKEYRX2mpduVG93wgVOAQPlwRkhiOeMCvayHDxqVMTeEGlh6k4c1knyxVu6TWuys7/ZPMzfGVKNPC+zk254ilBvW/LKWtvRvb1PwqvPt5umnctgxkqDMwWMPx8o68KcYB5IwBzX0R8FdKe+0X4gyz3D75vA1ydpkLIvlO8iHZnJ5Uf3TnAIHb59v7nEjQjlGjCg7DnaM7V5yAemCSc5ycg4P0/8As/CS407xxEAh/wCKB1Rgc8hUV2w3P3sgccYx0yePOqtQU21DmTWllb46flduzbSbXy2OnDznUbg5Sd1d20d703o9Xaz3vs3c+TtJtvO8VaRGd8udT0mQl84IW6iOc44CgZ57dR0x+hP7QkVs37Rnha0eHbDqfhLwrZ+VH1knl0aOGBBwQ2ZGBxknru46fn/pkzr4k0mQsqM9/poHJA/4+4xnOcYOMdclsduD+gP7Rwe3/aY+EkgbzGEHwzdlBGDHJHZI+4Hh8gkbScHIzn+FylLmi3blvZyVk1dqyva9tW/NpLprlvJ2bclJ+ru4yvfyW9/8zzu80Qabe32nXURin025ktLiNidyPE+GUjJII6FiAccDOQasSW8DKhddvyDY24FuOzdfcHGfx7+nfHzS4dG+N3jzT7RtkUmqC8RFQIqvdIJXTaM7FB4x2HUEErXj0jSHz2Y8o21RgYxktlSCScnjqQOG6YB2XKuqaUkrJq1171730TT83fTdHoQkuiu20unl17rTd9NnYvJFAglYICA+OTyefu55+92zzgZP3avRwCRIxGCDIxxwAoOM7V5yMjnPde5HRNG0i91AusMEjvIqkEISMEj5SAQCQTgnPcc8V6FpPgXULqwvrtvLiTTJEDrlizZOCMAElV6ZyCPotc2IxmGw8L1Kqjp3v9pJap6fi/iTV7W3pYWrXaUIuTaavok9VdXV3on8t3cxYo1iWKJcNI8O0KFwQ2MEg+vJ5yx45bGKzINPuWvnwjSHzQ7KilmCY+9nBGB6ZYcDcStfRkvw8tdN0fS9T8v7Q1zY+YZGJ8uKTcuWUc/KcnAI7469K/k2yXt7FBbwpLHpkEJRVwHkZQd6uw+8c+mSG7c4+f8A7coVZTdNyly8zTeiulHXV7J3+Tvueosqr03H2nu/DK2rtdLR6Weysn+p5rYeGdQvNI1O4KG3hjAIDqUciUghhwc4xncAARxnjFXPDngSBdU8jUZmnj2W1wyxjIxLkYJx/CTjI6ge4x69CxHhTV45gqT20MEWTyR97g8nkBj7YyDgsc8dpNzjUboCbJ+wWuBjkNkfLg5K57jHygjPHTmp5riKsKnLNx5XaKXRLl0u21e19bdE+xtVwsYOk3Fy0je6V9V16rXrol0syG48M6Vpx8QxQxKwjtLwxMWJKhY1KgZPLEk8k8YP4fJvx0jT+yPAZ2Ar9nu1LKcnIJ6A88YHvk9xnH15qd0Q2truAJsb0kEZzmKMDJBJzu6cnjHJzx8YfHy6zo/gVUkO9YrzzFOcBgeASMjOMcDDA5J5wBMqtadCpGU27yg3zO78rL7rqzavfY6cAqUMbRaSslNPXVvS689G/PbQ8CIMbHaDh/7y7s8c5zkgZwcgFsdABXO6tLt3nY277hwWxk/3ckFcE856cE4Gcaonm2qzuApwpbGQBzk56legxjk5HIqjqIZoCCUZSWY8jIB4JB9SNvfsPcnCnFq17t6O9lf1VrbXWy6Lqe9WnenJJ393sno7PXW+muqW9+zZ5vIsj3DbCfkHJOS4VQcgDOA3bP3s8V6v8JpjH4ltJSZP9GQOMFhuKNu55+93AOB6EjOfK7ncks5UiMBc8gqeBkckfrwBgEkE8esfAyxuda8TSwQOHk8k7MHjzGOwHIbjHHc9SPUjHN5xWWYubfLTjQnzP3WrNRbfVaKyd9VulqfL13arSULuTrLlUdb+9HTvsk9Vr+X27oWrpd6xZtMXeU3Y+UsSCOMK2CWHPHQY9M8j9Y/+CfOnWt38RPiDZX7pE6+FL2aAtjHmmF2AIbOVAY9TgdMdCPya8JeEb9PG9looyL4zwMAc7SX29SR2yMDoWHQjNfoJ8IbP4q/Cv4n3et+BdBvfFNw9nBaXsYtpXs2huwkdzb3LMuxQqkksWPIzyBiv5N8U4YbF5DmGAw+Ow+HxFfBe1w0q9SFOnKdOdOorzk0lzKPV29On6x4eyxVHO8DjamGr1aNLFKlVdOnKcowlScLtNWbTabTtte/Q8T0rxF450jx38Q/hdp/hfUb+5ufF2parZadpkEst7JevcPJYyrFArN5LkxvvYFQp5Ixg/rv8A/2LP2gfjX4E0VfjDfP4A0c3iXcOlwRrL4lvkJGRcKS3lxNFhF3EMnXG4ED6w+AXhP4eeC1/4Xr4lsvCXhjxfrsaLrk93DaedpqxJsMEV3dYEbNjBKMSozg5Gaq/FX/gpl8MvhdqTaX4e1Oz8WapfyvBaQeHniuo4SDvIa4DbVzjc235Ur+XuJfEbOeIqdHL+FOGcTVx8Yww2IzDCUHmGJniYUY0a1ajJpYbDUnOMlGtKUm4pSTimj9qpZLUyyrXnVzGnCl704RxVRUKMYVJqrTjKDd60oqVuVRaUrpJn2j8MvgH8JfgfocFjIralqlrbCGObVmF5eRwou4ANJ8tsC672IGUyRnoa+bv2lf29fg5+z3pepWuo+Lra51YQN9n8L+F5I7rVHbaRHDcTQn9x8xCli3H3sjv+Mfx3/b7+OX7ROp65o/wt1qz+GnhfSE8rxJr1/fLHcSR7zHcCK4zueZF37YkOAB3Wvm+/wD2N4PH/wAHvGPx4i+M9v4i1OwhmNvZeaZf7Q+yoz313e3RZmtyzRskCFQrcAMpwD4HDvgviFj8Lmnidnk8uoYvGUcPHLsE6uLzCtPFyj7OGPxlODpYVzlL34QcrRb1S1N62Pq4ylUnldOWeYujTlU9pNxpYCiqUVzOhRclOrGFnryQjfRXdziP2jv+ClfxW+Lsutabour6p4S8I3Nw0EWl6bcSf2leQMSES8vUO8gqSWAJxjbzwa7X9gfwJoPjDxFfePNU0u7vrq1uYbWO91ANc2NnMqG6lv7kzbxPKSmNuc5645FfPHwD/YZ+Iv7QmlXfi7RHi0LwzpmpQwXN1qE6iW5V3CztaREkzM6ZcNweQM4Ff0K/sp/sZeC/hV4f/wCERnu9buNPijW8uLlnMU+o391Fs/dIpLlY3baqdGTI55FfrXibxJ4ZeHHC2O4M4NlhMHnU3Tw+Kw2XU08RCLcfbSxGIUOedecU179SUtX0TTrgrIeKc4zKlxHxJRccnw0JVsO6vJGMmo/u/Y0btqKsndRV1td7fCnwd0qx8WftM/EHxFZxC+ura31S104WdoBalxG1plEVSiuWPH3cZ5YAYPv2j/sj6F4U8EfEn4p/E4akPFGmaPqF1Y2aqWsl0+aOWWIzZAjWaEYOSQ6nAAFfpP8ADr4A+BPhp8Q7rTtI8MW3hsXWnpfX17OqyXeorJKsstyhKl0lJGSi42k89Qa+gP2h7X4fv8D/AIg+Gba2S9m8TeFruz0+CRkW4lv3tJIoWfzSHKFmDDquDxhcV/P1LjDjDinOsHhuGMHi8JgZRyXLsSlTqSxtbD4RwhVhBU43Sm5VHZat6N9vos0wuByuNOM8P9dniamJxlGtFJ4ej9YfNzyd0vd0Svslpra/8g3wq/bc1H4J/FvT/F/geWPVdC0y0n0+40jUpyou8l/NSVm6qCMoSSFIAHGQv7pfsi/tlaf8ffEfh7xL4i0c6a1uby7bV4YRfW9n5bfJYGdR+7AJAIJBAweRX4l+Cv8AgnPa6Z4htPEHxZ8b2eoWk9/PP/wr7wbGbu/ljNwxjttSu1CiyZkO12jZyCSc4ALfq78PvBHijR/DkXw2+EXgyz+H/g0kCOx0OxbUPE1+0gA8y71QoZSz5G/LYU9QBkt/bfF30dMk42wGAxGCw9LJ80hSw1OtnWNjUpzhQhGHOpUXriJxT91Tikno5PZfkGRcS57luLx1PMKrxGBre3jSwdGSlLnqSSTjU5pRo0uVe8k2+nLo2fpD8SP2qvh9FrklvdXUniSaaF7Y6HosXmMpRiI2u5hmNFyoJViNvQAhSD88eKfiZ4v8UalJL4bB0K1vbT7Cml6eo1LWJbduFhLEOtsuM58vGCMDGNp9C+D/APwT28eeMI4LrxZez+FdHlcSXMKRCHWtQyQzfapWYs3mHJODkEEcY5/VT4W/so/DH4XadZTabZ2kU1kqi51bWESSWSUjBLXFzhEUDlmLHHHPJz9twb4X+HvhzTpRwOEnxPndozrZpjoKUIV1ZN4ei06VKKs0rKTslrc6a/E1CmlUxzjh6NNNU8DQq+0nOLlF2qNJXb+1ey1fu2Pxq8N/sn/Gn4vfZm1qDVtD8ORzKqf2lezrJN82TItsAN5OSzBlA5I6df0U+DH7C/g7wBNY3lp4fg1jXIjEbnWtVhD29tJwC0CSApEyk7g2enJYHGfo34h/tJfB34UR3Vhp7weLtfsYnZrPR3jaxsplx/x+30myGKNeAWjeTCkgZ6V+X37SP/BS64s9M8u08S2ukQxBnfQvDV2iqMg4+2awuHkQHBaJAemAxFfqNP8A1jziCwdCU8Dg2k3RwsVh4OF4pQbik5JLoly332PFzXxHrfV3HL8FhsBRiklVqt88o+6lJ3vK97NKPLrtfd/qT4y8b/BL4I2zL4z8RWE3iUQH7JpGmSQ3F03yHZFGkS+VbngKGJBU4Byen4k/tgf8FB/E2t2WqeGfA2p2fgzRopZkkbULqOa7u4lBBaebcDHEsfJjTHpgDGfxa/aL/wCChvifxhrM1t4ake8uXWXzptP3STO/zAGS+J3DqckHPcZ4z+WXxP8Air438TtJdeJtcaxglkZ10+OdzKVZy370g5ZicE7s87ielfS5bwhHCVaWIxTVScJKUKc3zRck4tSnd6u/w30TWq7fkOccYVa/teTE18RXqWjOrz8kYrTmVNPSN02t9b2u0rn3X8Sv2ioPEep3dlqWrN4nuyzJFNAixWluGJMhtoyThckndkM2AT0JHzJe+JbU+JPtvmNbQSw52SKrZOABnByOcdyTgcYAz89aLrsl1c2x0q0knmA2vIQ0kmwKCZnYAhYgeSTnGO2CR61oHw+1fUfEXg865qSWmm+JNQeB28wGW2tVXMkhLELnZkRjILcZyMZ/asqxtaOEgpQlGnBqKlZqLWi1fwu0dNFou25+QZpGFas5KbnKcuZNycpK9nK7bu7X1kkuuzdj223uW1bRpp45meBYmZriKHMYKdEL4ADBRk+3H92vpb9j79lXV/2tdb8beG/D3jy18OXHg7RbfVZ2u1RmvpbiTyYYoiSFiiDAebIWyqZfrjPBfE3T/h74F+C39meBLySe4uhepfCe4El9NfQlhmBDl1R8A7eAMkhsZFfCXgT4q/GTwNNqt18MvFWseCm17STper3umalJZT3ESlt0UrodzoMkgEHDZwFJOPkPEDG5vPKquG4ezKjgc0qQpuliqkI1Y0U5xc4zg4yTcqaa1TUb3Wup6nBlDBTxDr5jg69WhFzj7N8y55cq5JxalG8OZqStJba9T9Uvip+zZ4f/AGb9Y8aeHvin8bvDkni3w5ZWVxoug+HLuDWW1hrtVZYDIHIhnVWBaMcbsqcYNfG3jnxvpPho2UrXt7cDVreOaBXjiR4MkAmRFZlULzkHpgBcivlfTPCvxD+JPiyN7jxHf69rdw4a61S6vJ726eUnJlubyZmEUSHd1cBVGF/hWvsvw5+yfYmzurzxv4h1TxfqD2ypDaWaSR6XYvgY/wBNYhmeLj5Y0YNjkgHB+YyGlxI6VJ43NsRmWKdOKqShQhTw6qKME5Rpwj7qu73cm9G/I+xxjy2cXThgaGEpKV1epKdWSSS05pN6prSys+qszzvRvHmiXt0kK393qs8h2pDp8BM0bbc7XIGABg5OSD94nJ+X16G2s3W3RP7QlvbpRJKtywNtaxOpH7zJYGQZ+ZO2MGvQ/hn+y9LaRTTW1t/Y2mRsT9sELzajcBiwH+kyKJI1K9FUZxzgjNfpb8CP2Cbnxr9hk0fw/eak120TRSXiyrbzPlC800zJtRCAcDgg+uDX21FzwNKVTOMyi52vGjTVkkkm+Zpptrbp36nkSoQxU4wy3A2TXv1pNyTacE3a3KkrW1f3M/Of4ffAG78S3AvvD9healO0u+7muIwloisxw20kABM8dAV6gknH6q/s4f8ABPbxj4v1OP8AtC0e6hMcUiXBtzDplijAEtLO6gyMinKqocHbgiv2V+Bf/BPzwP4BsYL3xTbQzXjxQP8A2JZf8eUMyY3JK45nVmADBlAzn+EHP2jrWueCvhXosUt1NpOgWVnAsVtYwpGLiVQuEht7SNfOmZtpwArcnv3+ezTjeNKDhl1NUkmovE1LOc/hb5Y6vVLS730SbPWwfD8PaReLm69TTlpUtKd3ZpSdry1tfSyWibeh8ifBn9gf4P8Aw+sftPizQYfGWqtGRcNqFun9lxkgqTHasAr7CAFYHJUDOFNfNv7R/wCzH+y94ft9Rnkht/DXiC+leTRbHw1IXuYZyWKObCAFtsbkBlY9B0wMn7I1/wAefFv4tI1p4GspPAXhWQhZPFetptv7m1bAeTT7FgNkmAGjLbSpIBAHB+a/iRrf7PX7Otje6z4w8V2/inx3JE002oazcR6hqksxRgfsVm0ji2JOcDAK5b5cnA+AnxJmVbFxlRxGJq1nJWhBylKb5k+V/FCMW7aWeiasfYU8lwcaE/rFHDpKNleKjGCaim3LdtWu9bt+Wh+WY+MPxR/Z61qLwnB4i1K78P6nHvSx1Dz4NM1SxcEpGYpf9Vc+VgOFPLHBKnGfqLSv24dJ0fwaYtJ0S00eYQsrQWEURkl1DGHe6nY+YUZjuY5IIwTkKK/Mn9q/9qrw98atdin0vSX0vRfDSMlldSOonuLpiOS2FYK2M7cYUhSvCgV86+EvGz3FvIzSrcCfJ8l2BYpjnJzjjOFxwevHFfd4fJ8LxJQX9p4WNPG048ycLKbfLGyqctk09mrPW1n2+RxOdY3huu45di6lXB1GueE0pRSjKKbhFvdO6T62tZn2D8b/ANtvx94kvTo7yG/klV0todPLfZrMn5w0+0gMy7c4YjHOTivzP8d/FqS7163Ot6td+NPF1xOzad4egmNxDZynJUXmG8uKKI46kcBuprA+MvijXLfUIdD0PULPwxo97vutX11yDfpGvMsFsGPDMuUCqSM8kFRg+TfDnyPEPiSPw/4G0C71K91CdbCPV2iafVNSv7txEgR5cNGru2WkyAgyc8ZrwK2XU8njXjOnCkqN3K1oLkjb3qlV8qjGKWvLq2r8yud39q1s19lJVJVpVeVqT960pKL5YwW7Termlb1uj1/QobXxHrqP8RLmTxb4ieeODw/8PNIlWLQ7O7nYJbx6lNG3krsdgGRmO/b25New/GLWm8IeC5PDPxWv9L07XPD+oaLNoHwr0Apa6bb2xlWeabU5rYkPKqiNcOWBLtntX2X8Gf2LPhn8Jk1ez/aX1X7L8R4NDi8YeDvCvhW6L3PnPEbm2k1+6hJLSK+xEiZgqlyCQAK/H/8AbCSa58e6rrBNza/bHSXVbW+uGuLy0iRilpZTMxJVhGASEJwDyeAK+GwWdYXPc6eHwlacoYeMv33LFQupxjOlh1K8YxVnzVIpykpaVN2eni8FisFl8Z16UY+0a91yvN7SXtWkndWWjdknrHv+mN5+0l8H9Fi8AeJorzSNV8U67oNxbPoV/aRzw+FLy2S3Gipb3CocxwbHdJQejnvyd/xlN8P/AIqeKrH4veFfFfhzU9e0ObQJtTgt4vIuk17UF8nULW0iJzLFa+SpaUnJJPHWvwY0nVLuW7025vBKun2g8uw8sMJHUY2qG5Yq2cgHryCV5r7Q+DH9q6Z4c1rxglreWcb6/aWVjO0bixmm3N5zK7funmijIZhknJ7V97k+UUcLmWCr+0lzRjOh7z1qxm+bkb93m11TetktXZHzs8S54fF3g6sZyVaSav7KypxTi1tFKN1fSSem5+lHwq/aS174Q/HPTfiFr18bjwpoOvzz32g2VuJvttyEXyXETHYHYqB5gTKsecZ4/UX4cftLfDj9oO1+I3x9+JWiRaZaxxaXp3gDSNQnSG1fVtJv3klu/skkqlrgxFWZ/KAAOBnNfzqW/i8at4osLG/BuLB9WM16yECZs7SVOMkjPAyeOg681/FfjG4ub+TS7K91TR9D0zV7iaK3S8kitI42GC3lq21pCAOxJzjk4x8B4geGtHiDNsRVoTq4Ktjlh1iK9FL3qdCoqkkkly+0nrD2j1UbxV9T2ckzWjShGtXjSqyw8ZRpSlpVpxko80Y1GrKmmk5R2k120P3G/ao/bg8G+P77VvDWj6sW0rT7K703RLG1mMdq+o3GmW8U0ksiFQLeKVW3xZ2uoIPI4/PB/jB8QvFFvqnw3+GcVxqvifxlYadpviDUdPia5aCK3bAhtpQNtpaqh/eNvzjnmvMfhP8As5ePPj3FbS6eo8GfDazm+2a3481z/RXulUkz/YvPaNp28sOQThGGPm5LHtfjP+2D8Df2R9BufhN+zNbWnirx+8TWOvfEO7SO4aK6ZCk8kd0wckpIWKwrmNcYDYwT+xeGngZgMkyilmmeVXlGR4aEJLE4qNsTj5x5PcwtJ8sq1Spu2lyqWsnofg/iT9IJU83XAnh9hHxXxjXSozwWXz9pl+SRaUXic7xsOalg6dK6k6Mp+2qNWjG56BNofwi/ZP0Q+LfjBf2fif4mXNutxZ+GbeWO4aK+VMq1wAzO0isAGaULtxgZNfl/+0D+1F40+M2tL9rk+yeHYZk+weF7CVksLSNnAV7pY8LLPsxy44ORzyD8nfEf42+INX1C98QeMdZu/EOta1PJJLeXUzzuhdy3lwIxKwxKDtUJgAcHO6vIvDPxIMmstYoVEN/dWy+ZLgsD5oIZc84IyDt424GQK+xznPnWoPLcjoLLsmoXhGnBJYjFKKS58VNJczna7pq0YvS7er8/gvw+lgMyhxHxtmH+sfF2LcZzqVYL+z8pc+V/Vcrws+aNKEXZSru9ao025JaH2PrYnX4l6Q6LJb29tpujSpAGDOxYxNkKDgAMSR/vA8nlvhT9pe5kufiP4ivFd3E92cIWbK/ucMMe2QAQFI4554/QTw14b8ReN/idYazp8K3Gi2EGnW9/cMPLiYwxJuhhJwHZQuWC4256jrX59fHy0N/8WfFVpZhoxDrNwiRSkABUZgx5IBGcY7kfT5vksLXj7SEeZNez5pJaSi3KPvXV1dLRpXvaybP1/Nqc4YablBxi6yhTVrbKLUop35opWulfXRPqfN+l2t1f3tuttC4eWaOMH5iAcjDccBQc5JPykEDjk/bzXUugeCbKykginvHhEUj7yxYshCk44wAOoxgLjg8nxbwPoElhJcF2geScHaFVS0RRiQik8Dqc4yfTqQPYtPv7SFGF7/pMkCMBbshdNxJDAnk5IyGIHBJYg9RwZnmMVOKp3nGm4prlV5Ncre62tqtrrtY8rBRhRpznK/tJpRvZWVvLTpqur06HiyF2aSVcu8rmNYlXJJB6rnAHOOc4x0A4rF1LUFx5N2JY2jlwIySSrZ4JOcEHqy5wRn1594DW7briLTYbZ5HYxp5YYlNo3bFB5+VTztzknBPfwrxdeD7ZNby6dGqFz5JH+sLs2VLsBnp8wB4xnPIyOfDYlYmo4+zcVpu9L+43orprfRN2vt0IqTVkr9dPd5o30dn21V9H5pBbX8CCO6kXLBWj5IEYAyVCkAkMT1P8QGB1rodL1kSLLcKuxyojXIBO044XdyoVcZIJPXD7iDXkgeeSd4mYIUVWCkhUJ9euMg45OS3UtkYGhaT3okjhZz8hDttLBSu7gkgg52jIHPGe2cdNehFpu7teyd9On9756u8tWklqTGo/d092PVrd2jo30t2tdo9butYgge2RpkygEjYQEhmwcEdsAZAPzYB9RVj+2Lq4lWaFitrGf9YIyQ5OckAKSc8bSCcY6cZrkA2lpbpNfLI5aTdvJKlmHqo+6o5APbJ9QR32i6to6WcbJEZGjYt9nDLtAGcEg4Bzg4YZ569q8ir7kVy0pzaSWqXLpazV1s7bq7fV6GjqTb+zZJWs7N25WtLPS+iT17aWt23h7W7qxgiW+SW5s5ZDJ9mSNg86ADOHC5Q+vcjkZPIx7zSvBfii61S5Oj6jpt1G42liVVUVgGkCvhmLZznGTjGOgrt/DWr+GrmNTftcQyjHkupzHD0wGBGeON2eoHzc9fc/CvgseL7i7s/Cdlp3ijUoIF1O+BWOFrbT02efIdxVZfKQk45JYZIPSuLD45UsXGEaNWKekpQTknZRtayVuVpu6i07NnVTipwjdRlJNXi7N2SWil8S5b3slqr9mer/AAq8T+LPhx8OLd/C3w4l17wtp9oJnvDoUL3N3JMBvMk+1nkOSQMhiqkn6+CfEX9p7w5r99cR6v8ADiO01SKZVWD5IWideWSWJUBVlIxtIyMg5FfoH4Ltr3w9a29rpHxHs4NOtdNE914bu1tyon27UtkiLFWQMSmOrY6Aivyg+P8A4DY/ELWtahv4P7T1TUZLkwRYS3VZCf3sIUkBCMAjC7dvTsKy/NcFjcxxmCqU7OnK/OpTjOo20mp3S1el1HR6s+lx1fE4TLMHWw9RNcqhKlOFGcYrlik4tuUmrrl1SbX3n0DoeqeFNS+FWp/EGfRNG062v9WgsQt3aJLd2gXCzTQEjAiKg4U43MOCAvPB/F/wv+yFffDjV9Z8J+NdVb4l/ZoLmGye2VLCa/Yf6TZrEAQsSH7j8YLZyeM9N4b0OWT9lHxmL0pdXNldTyRMgLxRMNhWTdnGRztOcknk5wa/M+9fy4opXScO8jJ5j5VGIUbpBnAIOWKjPf8AAfUZpkFSrPK8TRxuLwVOMVX9nh6kVDERum4VuaM3KN1srNJrU8rLOJoUqOYYbE5ZgMfKt7Sl7TE0pOph3JL97S5JQ5JqUrpWa0V1Yo28UjzskbxtKoWRsABQRxlQepPQA/3T2Brqre4lDRmaYIqxMxXaShGDhGAPGCRgkEgdOwGBaPHDF5pwZ94HA3EqScd859jxwT1r0vwd4H8SeNNQh0vRtMu9Q1DUBts7W3glZioPLMwUlFAJJYhV55OOsYl+zjzTahCKTlOUrRStrzSbaVtrt2X5ePhqdStXhCjTlUqVJe7ThGUm7uLSUVZ6dtk0rrv7p8P/AAFpOi3PgjUfFrqLDxmizaWIXUIkc0oQTTMzZ+V92QVOAANpyK/sE8ZQfsP/AAn/AGIP2ZJvHvhnSNc8c+EL4Xfh/wAIz7LefxZLdQCSS+1TzY1aawLOo3uTGcOMsTx/K746+E3xI+Gvgv4eXvxJ8G6nbadDpsh8IaosDpaT3trJ57W63AHlkRlQHUksSWBJByND42/tXeO/2otY+HP/AAsKeHQIPAXhLT/CegadpcXkW8sOl/JDPLFEAv2ibaDLJklicFjjj89zLKa2d18vxlHMIrB4eeI+suFmre77KVGzSjVclyqd3ywlJrV3P1XB5vg+HsvxWW4jL6tLG1ZYSth0pckqqdGVOpRxLlF3pOVRVFHTmlGKvY774vaL4o8efH7xK+maPoWi6vrdxPqGj6fp0yDTNL0q4kMllY24XgrHAyJtU/wgAHLZ/oL/AOCbPhjx3+zp4L17xh4m0zTvCeo31nbvput6rbiWHVoQo81o0kQiC2iG5iUADddxByPxv/Zl+C/ie+WD4+/FGSx0/wABeHnaHTpry48i78QXNjGJLSztGyGIOFUjCqxPzkAGv0c034ra98a/gv8AFO9sfFPiWTVfCeg3MXhrwtpVtNc21nYs0kbwyGAMPM+zABTjcDgDua/FPFx5lmuEw/D+BqqGFjiMFTxOOs2qcp1KcacEt3JaTnK9o2jzXbP1Lw6weX4SlXznH008RiaWIlSwNSSh7Wi43neNk4uV3FOLV4tNR6H2X8WP29Pgla+KtM8QeJ7vR/FWt+H9RjaZNLWK10h5YpQ8tvPCp/e75A2SF5PBJyKqeKP+Cm3gXU017VtN8LaZpiahpDLo9joqW6Q6TcRRl4r4zIu7zX4JQglmBPBNfyQeKI/Fq+JJ4kj1GQiWaSWK/aUuszOWkEqNt2yI2chm3jHTcDt6rQ4PF9vd2zzavKlgyGW5t0mcKQVAaEAkb8gFRtxksfY15mB8FslweHw9atm2Jr1lOnXxHNOnetUikuazStFuUvdTa6u7tI8fMPGfGU686EMow1CGDjPC4SPtK6WFpqSdo0+dU5WlGLd4tqz6N3/Qj40fGLwv8SXn1qaxlk8S6le3F5qniG5laaW48zcEh2MAkca54VS3Q5yTXxXqqwp511BHlEDySZQDz/mJDqCRnHGO3Ud8DQur6N7SAxO0cLEJJbyECV3Vh0BIxjHzfdGQf7pxoi6tryWCymtVdngCsxCr5MQyfmAGCygYz/F156V+qZfiI5ZQo4bDqUqVFQpxjZW5Y8qWz1u09bXd9W9z8Qz3iXE5ziatfESTqVZ6uKUY6yjZxUdLOT1um97uzR554I8e+J/AfxA8MeOPDN1c6Rr/AIa1OPWtGu4Nxltri2beo2ryY5NuJF6HJGSOa+t7n4gTftPeOvEPjj4j21xceLNaa2F7eMy2631wpSJikTkLwMFRyBjBAxk/PVhDoGl3c92A93LbO5Er7WiCLkeV1XGT/dIJwcYY8+s+DfG/hfw5Fd614h8PRT2V5DJBE0V2bWfTyzBTcxBR/rQpyhHK8AZGcfb5TxrjMPWp4SjU9jg6s1KqqqbjzxilzJLXZuLstrJJn5fm+RYTN6sK9aM3VpQcIVac2qqhJwbhzRdmnJJtS0eyffZ/aG1P4c/CTTLPwh4fsdRumOlmfWLW7ufNtTdTICJmwzJ+7Y4RQBjA6dT+XepXFhqjtbrbt9ovJ2aB7cO4VN2QDheAAeynp69PpH41eKfDnjXxK0fh2W4OiyWsccUeo3T3FzJInEjyyyZcg87RkAt7cjk9H1HQNFgt7eHSLb7Yh2w3twqNscD52O85CEg47c5yMGtc0zadXESxHJUxNaV40uSKg+RNWdnqu65r2vGytt6+CwdHAUKdCk5KMUn77blzNxvd2vey0fm7PXTw8afbadBdW32W7fDlpbmaN0VGUfIqO6qpB6kAkY4P908RbXdzDJd5i8tS3EuNxEmCFEZ5DHb6NnuOQa+6l8UeFNetrTSNd0yweS4D2omREijVpAwEpZFwZV5Ktk4+XBHBrxbxr8EbjSDPqnhnUBqmmW0q3DW0ewtFkhiJQAS4TLAkEkjjGAAOPAcQU5VXQxtCeFqytyuprGV1HlXM3o99Nm16N98dXdWck9VpFpWTd766q63a1u9DzTSPC3222tLy/nkRXd2MiDDbckfP33kKu3AO3P3fmwfR9C8Cvqeo29tZNE0UeJHlnLRiKIEE5ZgAXxgZzkHJzkZrk9HHiK6voLa3s3lSGQmLbC+0tk5RvlAC5GG4AG4DocD2xJtX0ayJutNlD3MReSVEMSxHBDFSFG7aOQTgY5Jzgh5nWlUvCniYRnOyjZqyTcdtWk0trLV2fkuim4pvm6pN3TbaSinZpvXs7Pe73V+pubnQdHjh0nTjFLdPCIpHRmJFwoVSZJwoLZJ4BJGMDtXoHhD4m+LvBGtaJqfha7bTfFOkTQT6LqcJ81bW43/K4kfKrjIGQdwGfQCvlyfWIheWkdrGWiZi8pGS6sWIcgnkEHnOTjgFuMn0S28QLDFbJJG8gfCRsAFZF3AkB1wxOATjhix4wQc+FUyCLtXd6tRxvNy2b0u07Xtduz0ej07ell9VwrQldJe0glKLsl70NU97q1lJ6rayTP7DP2V/gL+1b4m0v4e/tfaufCuklPBt3e2154ciVPFfia6S0L3N5qaRMRNe3YUeQXOcr2zivz3/AGhfAumj4d/F79orxRo0fiP4keMovFkXiS01a0t7mA6dC7okrLy1jqtuFJmAGXwvXjH7NfsNfFfU9a/YY+Fo8IXclnpEXgrV9G12+v58rpmpW1jKEuYS5LxsrHCAAY3ZIHNfzLfFHxp8f/jZf+Nvg94cQxLcDxTb6fMlwlnD4lFvdXT6jeXbuQpUwIuJSdzdVyME/hfGOX51m2PynB5HjVhKeFzTD1s4arzpN4KFRc9On7NKbvKCck03K1pPlTP7R8HVgZ4/M8bnkcE5UMti8oq1qFOo62IjTk6VGpKrdPnc4pyW/RX0PkL4afET4E/B7xF8JPjF4bufERPhyyl13VNLtrgaVeW3itXkZRZCJ1kaC1cJ5TY/ecAgZOP2C/4J+/tgfFX9qr47/HjxXrGpRanZeJPgR4jsH1DxLGlzc2EdvaXQ0WxigkDyRRWZw806gtkhmK5zX8oPjfTtVh8QNYyzJHe6XNNYXNjHcl4ba4tJnt544yDtP7yFyWAAJxjdgE+i/B74+fFD4H+KbnVfAnjvUPCeo32kXHh6aSwmYJdaffp5VxaXKjarpIuVPy4CnHHFf1Rw5lscBCNX2+JxPPThFe0q86vaDi4Tt7r6uSV23az0v8ZxRxBg83zSphK+BweXVoKWD+uYVQpq8qkJNxafux91rljqm1Z2ST/px/Y6/Zc0bRfgdf8AxN+K/hHT/Gk/jXxl4o0W5uPEl69ja6Z4btL64kE+jxw4eSIyMWErAMEbgHg1F4i/Yh/ZR8aaV4zvvhtezeDPjD4hv9Okto7DX4L/AMNXWiWdwTsgsp5QbZiY8SSIgmJyCOK2Pgp+0t4J+Dv7BuqfEH4h6oPihq7eDtXhTRsv9k8N67rccsFvHHEq+RHMJGErlsOS2cGv5uPB/wC0N4zg+JFtr+m6xe2k2qeIYrmC4+2zxw2VtcX4l+yFC4QxRxybSMbcA5+YnP69hMdGnQwSxWGhTlUcE5xjH2joyklGTdrt8unNzJuV9NVb8c4h56OcZlSw2Z4l0vaNQwzqVKkUpU7KPvNpQs9Jrm953stz+shPinrvgfwxYaTpHh62v7vSLKy8N3MGlGS4nmSwgitnvFKhghbZvLgjDE5xivC/20v2k/Clt+yzrngi807xDpnifxvDF9nbU5ZI4lntGLTTbZAN6IqkqQfvYOQOK+3fhB4GjfwnouswTWbXGp+G9O1C4vItlxbTz39nHNO4kJOSWkJIB4PGQdzH8jv+CoGlJZax4It/FGqR3OnQaZf3cFuibYijF1MbFBhXb+AEA88Z5Nf0NnWa0cLwio0JQg50oKU52jGMJxgn70rOLaajpd6b2ufz7QwlOpntWdWLi415yabdk07Sd5PS6W1tX20Pzz8D6vd2n7N3iLTINSkvgnimzu2YnzI5wwXeGbGAQM7hknHJ7k+5fAnwL8MviV8QfAfg7x5pum+IfCfiR3k8QabHst7k3EUW6OCOZSXR2xklRgg8ZIweD+H2keAfEXw4utPtNTi0fQbiaWYWVrc5vjexWx8s3EcuwGFpBsBUsCcDpkH2X9i/wb4d1H43+GtVvYprTTvB1ve65qMkrSMsFvZoYIrmVUD7UdkEjh9q4zzkGv50yzGYfGcQQpVZQdP2kYRblePLDlbabTune0nbXXWyVv03PM0nQ4bSy7EN1KdCzUZe/CXMm5Jq7s46NJO9l2P1r0X/AIJcfsIXi2sifByURagGWRP7Zm8yJWbPHyjYxXjHIOBkjIr5N+NPwY+H3wB+MOqfDn4YaVJongTSNAgl07SWnN1JayXMayXGZmwz72BOSF28k+h/YDR/iz8D7PwYfHTfELwonh+zlWK61l9Ttks7S7OMwFBKZGdSCrL5eAQRng1+Pf7SHxL8IfFD43eLfGHgLxFaeI/Dk+kW1nBrGnsWsp54IykyRScbgrBuTtJORjgmvqONqGW0ssorDOhGrKtTS9m6d+Tl1k1DVpu1ruy8rWPz7g3O83xuY1aGYYnEVaEKU2oVG3CMrxStey1dklo99N2vln4xQWt18PPEiTfLCLRHt9+0nqNygDOTu3EkAkZODnr4b4qhtk/ZnaaU/I+mLCjKSuCkmEyAfY5Ax3Py856j4x6nNp/gzUEuHNwLi32pHvJQBpcBvXABxtOCD0A6V57481GCx/ZhklmQyiKGEtGONrSsGUDPbHXOccgjOK+Ay9RhUoxSWlSDSbaW6d2vk9bvTV6WPrM1lzU6zjf+FJNbLVXSbfe2mt100PzM8RfabO1OfKZZIXFvsI3qrBiDuGckjII9TjNeMeDWuLa71KeKNFmknGTJnawDc8E4OT3U8ZDbuoPd+IfF+mXrmz8iRXcFYwgO2HapBQ7c7jnjByfXg5GdoVjDBax3VvbztLNM6N50UilieC3K84zk7cA9doyCfvatWnV9mk/djGKs7PX3W31u9rP9T8inOvh4VZP7Um4tu9k10uua93fquiV2ej6B4g1y1uplt0syrRMx3lflDDaCG4wQOB09CSBmtu11zxFpjNPLFbXTXAcxrNNvCZP3k3cYxjgcgHAwcVzmn2TRRPK0En2kA5j2MECknG3Ixjpjg7iAeeMV9QkvTPFvhaOCKMn5Q7KGyc84wCQDx9OnNS6FKVpcyWja10u3G9/OOqXW9o2OOOY4iP2XeTvqk+XmaSvdcqaSb3vqtNLHZD4jeJJYhF9itkQbA5TawfBxyOcAnII+XsSeBj6K8Ja5r11o9tPax2aSbw6wOgZMKCeo65Bz0xy2MAkV8b6fcO13hgTtUquVZdx4AJBBGO4PVQB0wK+qfhLeyXWlGCd0iihmkCPuBIY4wmSckEg/N36npXo5fg6cpRUZtxvsm03ZR7Wa1ve+3dIwxWZ4iUffgpXdk1FaWtbTZarXd6eaPR28a+PHdWt7LSHaNyxEkYAwpIYnIGB27jjHQcYniv4peNtKsJr2bSdKMa7RJ5RGVj/4CuN3BU/dwPwFdnbJbl/LZ2MyhzkHKMoJ6dM575HX3rjvGkEE+havEYt0rIVQhQQApIDY5Bxjt0Izhskn16mX0o05LmnzSi2+ba8Uu7d2ldNK23ZXOGjmbVWn7SnC0ne/KrxdtdFZLT3d7enTz3T/ANorX4EFxb+HLNy58mQtKXBKsc4UggDGM9R3JySa668/aF1eeK23eHrdXbYJXWQgBcEAEFeFAxjdwOBggV876No1/JdwxbAI1y+WjHllQwGAPu5PTnrjpjNeznw1DJZzszIo8lAAwjJYgH7rZyMHPcsTjqa8+ng1FNtWUrdLWacXJrfR6rffvueziMwi6a5LbJ2UXZtKDbVr2vs9nf1NTS/jzqNteyxp4fs5Ucuyr5hZ2yozhgG3c9TwcH0FWrv4tw6iu+78GW+VcFmKbiRySrDHK88ZweCc9c8N4W0Kx0+68y4kAmVpFKkZBX1AyRxtyRhcY5AJrv7iCwYqiKsjbV+ZVCjaWPUY2se3JBz6dtvqi9mlKb5U7WTaVnyvRNt6J2etnpfXU8+OOUZp8lPmfLbmaum7PS+zTbtp0V1qzntc8YaC/wDpg8E2zAw/MrwqeCM5VQCTjkbTg8jGQAa5GTx9oEaCE/DzS1ilRTJmEqrbCCN6hBgnGMjA6g11viKGHdAEVQUCApsUFwCeDg44557gDrxnl0srWTStcv7lGxZPGlupjDoSzfMCOAuBnAH3gMggECuKrh1GXuyfvOztLzUm9246Jq1r7W0bN/7UcnZ04u0l0bd9HaOlumuyV38qcXjP4etIsdx8NdOTDhi8ahBng5zjAY4JHuOeeR1uh+M/htZX73GneAxbaiFJtZLWYpIVZAJVLRgkhoxjb1YjlegryG7tRdh3iWMM+AMqBtKgEjHORjBII/lVXSIrmw1CCeMhZYp1+ZhlDGeDkEFSMcdDwDyOg5Vg7tSTmle7ak1rZWVubV2a08tdjojm0FTlFwSSSafKuiWj07dU7Oz7aemy+MPBGq3y2mq+C4oBJcSss0QzcYLEASkKcMWxjPr2C4PftovwvvVjXUdHvbUNAgj+zy/dVx8pJz0IIB2gEDjOOK8ck0Zzrcl9csVdpEmjClTGFODu25O3LHcfQEegrupbuGWG0tpGjYqT5ksYwxUt8u4joqk4UngFVHOQ1exhMMuSUZuSk9Em3r8Kjzvmdm9el1Hd31PLxOOjKM5QTi3Z8t7N6debo7PySWt7pnpGkeF/hBHaywzLrMAaJ4lEbMI5I9/zB2xjIznLA5J6bck+qeGv2dPhh4+dj4J1XW7PUPC+nLrMyRSL5sYUr83m7gVQNtYFDkADpjI8DaZTps1vEkjERFUbGCvJxggkgHHJyfxJ3Ch4U8e+Kvh/qTT6DdTWV1f24trsO7CO5s94YwOD94MNxxyp4I68ezRhSp04wqU4zWm7bs21a1nq5OzTTS023PBjWrTjW9nNxnyp3vpK1m4vreWiTTS12V2n7H8ddB0rwbBLB408JaZ4ru5NOsZjrUl+RqSWbxKIhLKAXaXbyBk4xz6j4wv9T/Z0u5I/O8O+JrSVQUZLa7Z4hMOWIJPzDdxjnOTk9j7p8f8Ax7qXjXRTql5bwWcsumQWy+R5i7Y7ZAnzKcYMhG4ZwWyOSDmvz6lmCuE3BiW3l1zkZOPvZ6kHuPTPcj5zNKSo1oqF+Vt20drtx7JWT6tq3RPU+lyOq69GTnBSadnfdtct0rWaTd7tvZ231Po5dT/Z1igWJ9M8YKhBRwrn5WB3Aj5j/dPXjnnGSQPP+zRM0TmLxfHGqAne43b+Q3Oc4P3vu5PXI6C9+zVbaFfeNbiz1nQLHxBA2mSMlpexq8YkRtzN83V+WGcc56E5z942ngX9lP4iTvoOt+EIvBursptXuoJ2toTdAbS6MD3cDCnapK4A9fAxE6bqxpOryysm7t2d7Kybd7LW6Ss772u19XhMHKdKVelh4yu0pvXS3LfdXtb5N+p8UWHiz4A6BoepQ6SPEsqXexWWYHKMoP3csMbwThh3OOMEDiLjxR8Brt4pL6w8SS4UBcbRtz2LA/OMnpjBbuSa+ufiV/wT3vDYT3/ws8XWusWAikli0+8ZY5GKgukcUyFhIxX5Uyy7vZjz+ZPjfwZ4q8CanPpHivSL/Rby3keEi+jZIZXjO3fFMwCSBgMqUYjDL2xjikpUpzcKl+Z8z1undLVJ26Lqu13rc9KUJ8kFUorliorVtpaxSXkumjtda2sfQ1nefs53NyqR2PiZJpZY1Ad8RsxZeSoJ2gHJ4AB9M8nsvFfhjwVHZC701b2GQPF9lBcOrwsAvJ4HmAfeB7ggk5Br4bt7uaOaKVJD5kL7w4Y7SVOVyF4wD0w2CeoUEiu2fxjrsrQRNdNsyCEaQleBgEKc4Ddhg7QcnBwa+azTDVsTKMotJJ3slbra76a6aK23S56GFqUqN/3T1SSUeW6+zd3l0dte0dHd6eo6xDptpBK1uJWaLJViAd5OCQ2OGOQQTznPXgGvL76S3l+c74jhy20j5jgcewH6g9OgNptZuLhXLzhXVGDI7fLuOCSqjgjk9R6dMA1yV6XkZXjfeCxZ0DkkAkkgbhngHqPlIGDgbTXJRw0ox962mttNWuW+121qktHbyu71UnGUoyUGrrRaWSVrO6u9dur02106LRNbh064V/MGGH7v5Q20qcgkn16cegxnNejt4ki1uJhdyKixRsqnCqrOR8rn5sk4IU4B+YdMZB8f+xCSyNxG48wRMfLQgBCOrAnndxyO+QOvFVtKkkS5tVZpWEsyq8O4YABwAwHCjB6Drnk9KmeEjFOVtbaavlWz2e7t113uYqTc01JJXWt2le6Xm7L1V07eR20hkQN5D/MwJzt6qW456kjA9wcg5IyK32mcRvEm/wA6NSdygqMHDEKw2gnBzwRz64575rWy+zw7kyY4+YgFD7tpbhu3PXgdM8nrm3EFlFYyzJCYw8Zd2cZCeij0JOAOnJ9ea8yVRXStqtLOV03dK95b+rvslsd/vNWb0as2m2m0tndau+z1aa1aTu/P1MizyyMHO9CzhgWGQCCoJzy3XnOOnJFW7G6jV2ZQEklVlPmdABxgHrk544JwORg5quNStnYjGQj7DHj5ShIOd2cgnjBGWAP0Na9nDpnniaZWW1I3xY5O8D+IkgAFhkgnB6HrxTqxhTTlFyS0Ssu0NE7N6Xa2s9XurApJPr00eitePT/O6dmlZqxIumXMsQuISJEkYPKJD0284XI55AAxnnpgnIswT3Ns8pBMXmRgKoUYJHZe4HGcKB1GT2G1NqNtDa20cSRhNw2PkbgAcjcB0GWOBxyccmsi0uVmuppr24SNIBuibBXPI2gcYABx05IHTIrnjXlPemknom7PazW2i0vfW+i02NI1rXTd7qzTd7aJ6XfRXaei16XssPURdNcyEsyFY1aRwCC38WMryT1DYwfmz1IzVsrrUbeQm2lKqytt3SEFV65KnjBypGTxnH16y8vrOazKSKJpSZCkkYUHay4DcNzg9+gHAz1rS+HPw/8AEPxL8Wab4N8MW8F3rerwzmzSUiOJo4EeSQkg8MiAk567cYbFd+HjzpJR6R79eXXbS6fy6E04OrPlim3OSsk2+ZOyT62T67Jvy0fO23ifXdOCzPeDfKyh95DAKCCME5BBwd20k9j1xXrkJ0bU9Ptb/ULoieYEz3EDpsyASF2k5AIPPBwQvHWuJ+MXwV+Ifwa1ix8PeOdNNlfX9ubyyRH8yCe2LbVlRxyFz7f73IzXT/Dn9n34zfETwtqninwP4Xuta8P6C5TVDbndLCY42lncxkhljSNXcuBjCtnHWlXwUZLS8ZXje1rtvl6dkn02tdra231aqqkqXI4yjbmhJu6StZcqdlpLpb8i0tn4aZZboIHjRCqTMysGkAzyuDlcZJBB2nryefIvEGr2T3bzW3lhFcRbkXmQj5cleoGTgHjjHUcjRsdA8UavrsfhzSrW7u9Qvrr7DZ6ZChMs94ZBH9nVUOC4kIUHJzwDt61P8QPg98SPhvqUWm+PfC+reGL+5je4ih1GBo0liU/fRiCpXoDkg5JDHNTQwM43lJylG6TaTsr8q1ezeltfN9LqZU6sU2qcmotJu2id4J31Wz77btvc5Ua2wtRBFIeWZ2lKlSmMc5OPwHtxjBrnrqee5YStcHy1Yqg3gkkjqc9DnOcc4+mDZk06e0sVuk8zbLLzIyMsfJOVXdtVhg5GCW4GFOecV7iGM+QASpBk3gYAYkkcn+IE8L3Pbk566VOCd4JN+vZpW08lrdb2vfQ45uo1acbNW5d7WVmtm91re/a71D7O8Ezs23DIQRnIb5SflGQUyCAcDnHBwCKqtGZI9zIViB5YE5LDOCc84zjIPU9z947VncQSIMurStkKH+8FAOfYccnI546AAirEsckvlgh2LOWiC5GB02tgsMkjOMjnjnOe2KSStZaa2V9uVperu9LJrS17IE4xjGVl9ybv7r3ts29klbze97SLqG1tp49wjaTIMmPlIALA89DwuOB35HSua1IzX7oscm8bsRgg5Y55wB1ycd8DBrstL0FtSygURJJL0LcsFzlUDdiCxPAwTnoQR3sVh4YsUjEEOy6tz+9llTeqkDPTkByRgZHHc9SMOdRcklzO10lutlZ2Wuj6+d1ZGOKxOkYrXTSN1zXvG7vqrLV2u09e7v41YeEvEupuxtbCVeNpUpszwMOQ23PB7ZI59K77SfhHqBW3fVbtIS7lnSIqZSrlcclj8uSSTnAx8voO5j8XFDl41htY4igmiTEh9G+QcKQB7nIGfXop/GukPpkAjtZNzssP2mVSHTbjMnI5Ug5Ge+e5NZ1MTiWlGEVDrq02r22T000tsu3S/J7SvL4Vy3srO2l2r2ja+t1d7blXTPh34b8PXcV3a6jOkgjUSOGJ3uwwVJBAUZIGN3B4GOTXbXE9lGkkU9x5sWFYOoGVcgBc9O3UflyRjzrWtbsLS0hjgeSVpXVs44bdg+YACSFBOCCMjnODjGHDrbG1lDRmQq4LsT/yzJG3bjnjP1z+m1DMM0pU+SniasIPXlTkk17t2oppbW066paLTCpllKtPnq04ymkrOUOfR8vXTZry013at6taDTNPlW5js0vUkaNpkl/eRthgcHhtoJ5ZeTnkjNffXwj/AG/Pit8DtJtdD8DaV4QsbBrmC5mMGnQQX10sQQC3u7lB5kygIOHBAPI5Jz+bthrsMMGFcLE4EmyTaWdsAlQWJPVcexIJ9tCHWrXUDJKsQjlU+VEjgAEKc8EEjcB2PcnjPT5ziHJ8DxHhKuDz3DrMMPUSU6NbmlCok09dby1Sdmkr7Nux6OW47MsixEa+VV6mGrRXuzpNwaVkmr6rVaarS6aPXv2jvjb4j/aQ+Leq/Fvxja2lnrF/bRWc1rZRgW0EUKqqLEpAXlly3I5OcZJI8Yut08c3lywlPJEDMI1w4bOcKV/hB5IxlsDnoOuI02WxaV49sUgwQ20t56nj5s8qQBkc/wAPqoHKmBYHl2KWZgXLRsGjVD0PzHgjJyvQZzgjOerJsNgcnwOGy7L6EMLg8JCNHD0KacYU6asoRW9opJO11fXqY4/G5pmeMnjcZUniK9WcZ1as3eUpNq19Xe3lo7dL3PC9a+FkguJbzTbjesoMzQmJSzSHLEIxwRtycjggdOc7pLTTpNKRDdRy2k0kJQMo2qAOTxzyw54PDY4OePWn1c5UNKpWByjuqYYqcDaBwWP8JyOufxgvre1vI41uyk3PmRox2nymAIPTJYKfc4OCepr6ONeM4xi5NPR267xSV7v1ulZb6phCvOMmpw0sndLZWVkkm7a+j0d90edaXon2m3e8ld3hLOsYjJ3LzjdJg5wc7hnd1444rFvYL7TdRE0Uc0kUKOHfawBU7iu4427QMcDoTk46V7Z4TsrOK7l02SMm2mZnEiZ4JyVUe2WA3EHjjPHHsNz8N7K80+JoPLMt7GYDHOoCoGOI2bsrdCOecj1yfcw8KNXDNOaUoq7u3vZdHq1s78t3e3k/Gr454XExvH91Nq2jbteKe+js0tN0tV3PgDUZp5ZhLJxgMxTcOBIc8cjjH5kkEHgnCueqsjOeCSpBwpGR8u0Ed8lTx+S5+pdT+Ct9ba7FZpGt+XDr5YwqEqWwhcHAUDBGduQOQASD0Q8E6PpyPDPploL4otqbN4hIhdQA8m8Kdhxk5HU9SSRn5jFY6nhJOG75tls3eOt07LXVpW72uer9fpOClFtqSV7XTXwttvRK11dbq2x8YyESkOZApEe0gg4PA4A6gAcsMgHrk8Z6fQ4YnkMk0YLRQ7oj1G4gbS+eAByBn0z0AFfU938NdEmt7Yp4fWWIcTGBHEokcHIAb7ygH5WB28EDoMtufgHJeWU1z4b3RSQWzSXFrMxjZmTBEaKRnKgcgDuAAe/nPPsFzKE60YNtK8n0k4ru+XW6vovMdPHUnaLfLeytZPrHX5pvXTuj5NljczSP8qGKQkx7v4WYYyOmchegyOB7Vo2cqecg3naSofaNpJZeFHU9BnG4euMYNTa/oesaZd3FvdaXcRPF/rGMbkYGQXDKpyDjP3sDuMGsfTY5vNWVLeYqH+Z9km1CA3fAB5ycnI4ANempUqtNTjVg1yppxktbqPm029t72dtUd0akHbXmvZqzv1jpo+1r30totdH1U0sMKTxoiuGIOSRvjQkggeuM59+PmyM1i3AjmUxqFdYySZMhWJ54IIGCD97kEDacZ4rTTS7+6Jkt7S4vBIGZliRyMMAQpUKWBUDgZyRk55Ndj4T+EHjTxa0z6dpF1awGJ5rma4V08mMDPmBWwWBHJ2ksP7p7c9TEYPDq+IrQptO15zUUtbpe81r007vdakOcI7tO297X6NXd0rfjdo8/tr1rNI4njWZc7YzjlMHOSRnqMDOOM4x1FXZ/JuFYMhjbzFaPpzIcEEk53cn7pxjGeuDXpUfwE+IskHmaXpv2/ZcfZ0jgyGJDHOVOGAP3izcDIxnAyyT4K/EtLlLVvD1xFKj7NodgqS4zvkPAQbuhzgEcZ6nleYYBtuGKpyVk3acbu/K++vS7s7W+RCqwnbld7pbq2rtrfvtp0evQ8+uIPLtI/OdHd5CJIdpBfj5SvzZUDB55AIXk1iGFY5JpDbnC/MiMMoOAenHBAx1GcA89/s7wl+y1reo6NJJ4kZIb540lgSKYSNbLk7jOpPYYIzk4J+UY5S6/ZL1ifVVtLbxHY+XEFMu90jbYw5Crnll4zkdDz7RQ4iy+M3TjiYOzsld62tez0uk1pZWe7vuq50vdcldta3vq3otbW6XVvu1T+XvDVq1/cRW8KMs106qVRANgJwvzDPB55x68HAJ9em8Ia6mILIrG9shZvuq5wu7IOfm6DjBPck9T7v4R/Zw1XQdRuIrd7TU5IWRp7nz1VXVG3EQEYG/B42Zxxyc4r0V/CdhpWopb38ey6klRPMUM0cEYUELISMFP7zlsnOGPANY1M/ozqpUKkJy005mmpXirLR9dkr3bTbSuyOZdNU+W75u9urTu27aLW77anx5b6JdOipeSXMuoDJWEROAzMduNxAycEcc4xgY6rej8EsITPeR3EFzGwmigALCTDHOcLhQu3kDoDjqTj6Z8T21pq16bfT2sovsUqlnj2QSz5AU+U4H3gAcsTjAB5FU9TtLHRo7NrfUFuQIyb53CStGGxIUZsk4BJAIwDluBjjphi8RXcbpuD0drtJ3W/vbbO+91flsYupG3MrPolZ26Xurpq7ffW1kfDniuz1WyuxJPtgQSedEQWRj5fIXsFJGOOAAencdhd6pqWvaVp6Qo1pDFagNtzvuJAAGUZI3ZUEnOACcjIIA7v4k6bYa8FvbaENBG5O62wC0aLhmdSwCYGTk85zyCa5NNQsDp0FnaDymtbYhJZxgwZGCCPu7jnIPQqR/dIrunNezg1Fcytf7lu9NHurrzNKdTnSSbv5t36NWTSSvuru7t6nlWp+HruO4FyJF2EfcLEmMMBhWVSfrk/wAWB0OBkf2VeGYpHa7441JY7WzLvxnyz0yM4Hr0wcc+s2a6SkKNd36MsrD7SNvLNkYC8dO5I5bgDpzcuvEuj6aPLtLdZDjahlwQkWAN6nJYE5JAIHPU55LWInZRjBu9uisuuj13SXV6+hq1OK1d9vVLR6Nqybdtrb+R5jovhC/EvnyWMkSvgQrJ/q2YtkFt5Xdnrg5IA5zgmuzvNG1KxgiM0kMBRmZY4wpVtykgDGTvA4IA4yDlSKqal4xFysaxea/lMD/dKj0UA4AGfv5B46HrWXLqd3cMjgyiJnUxM7M+1v4ywbk85Hr754GV6s91pdXSdkl7t3tZu+60VtdTK601W/m4ptR1ey7Ja2vqZs+r39iPNCspdmjcsu4k55AUnIJzgFcFQCD1ABHqsd3bG21BVeOVnVZAATEcHGeT3PHXn0Iqvq98JrgxxoLkMuGITBBA+/1ycAY3Z6njoBXL73j+ZArQkqSgJ3Agg8jPJ684PQAdc10U6N0pO6ad/k7W26329dtzN072t7rT2as9ld6PddGrNNt76Mv7a1hk8pInaFWBRySpwTypwcsOPl/Eg55Hun7Pfjabwd44j1O3uYoQLdVDPjKKGVTgEqGbHRmOcEk44x41dyRXcLqOcKGTjYwx1B5LY64znd7leMrS7l7LUIbmMbmRgm1ckZ3YO7gDJY56nvx3PtZXWqYPE0cTTk1OnKLjp1vo73vq1bXRdDDF0frGHqUrp81O19tlHW6ck7u7369On7i+HfjfouoahFFf629ws8SyTSrgJFIwUsTz0wOepx0IPFeo3HxL8GpHFeQa/EsLsEBZgzFkU71IJyB2B543YyBX496Hrxgto7lndZcgSqr7UEYxhTjaR0JIIPXIBJUjoE8XSX8yxBZYYUBMRMhVd54DE59c5yPmr9EhxzjIwUXFOSs4t3bXw36v73dq7Wut/hXlMoS+K8btvro+Vqzd0+ur6tpPdn6z2HxM8K6lLCttrFqZJAVJYou0g7SckhcjIB+vPQGu6h1bRVZN2qWEfybgDPGRIWA5X5s8nqC3Ydc1+N1vqGvTAyQzRrbw7lKxTeXI+wkhlPG3OBuIByfzrafxkbgQQT6nex3UK5KefIsS9lQHeTnpubOSABgEkD0KPG05RSqUV9m75nG7aine+7utr7bqxcME4Xvrr7qa5Xbs+70tZaX66H6q+Jb7Sb9YLRb+xSZT5jMJYcFTgqSA2BnsMhuP4QBWImjq6idBuUkAugVlYKTkoQccYyTnocYPAP5s2utajdwzSPqVwZY8bGW5baIwck5BzkYzg4A7ZxmvofwV4z8Rx+Hrlpr2eSxsnjEZdyZ1IU7mBIDMMgfMeAPXHPbhuK6VVtVqXKklNNPR7JKXRaLfU644aco2jdJpbu1krXVlpe8Wubl2evRP6vsLa13bDiNzuXLhfmKnIABIOfUjgc5GDurpnsFaMJtiGQuCADnjhSecgdzjk8n0H5423xJ8W3vi+0u21QmyW5crbmULGLdSNyOMhS7AE4PG7Pf7vs+sfH6TQlE8tmkcW9Yld3OyXH3jGcleMDlcDk84GDsuJ8vnCUqknScG49XzJpXkrXur3s7JdOposNUhBRUd1bRPR6X693a97a6H0/H4dijcuSpfGShCkAt1IAPGByM8ZHXpWza6JDGwijA3Mhba6KcEqDnPrnB54AyOnB+ONO/ax0uWdnbTQ0cZKkiTLEjkkY6g88g/eOWJGTXa2v7Vnh6PD3WlyxxkgxyKQWIPX5dx6cnaRyTtPXB0wnEeVVeeMa8ea9lzKXNLbvolaT3Su+nUcfaQnDmjZPS6u7bK9ltouqd+t0fVcWhwoVDIQGBJ2gDkkZHXkegOQMeg5vCwaAAKyAcMFVFJ4yMjJ9eWHHHA25xXzvpv7T/w7uype5mt25ULMjFQzdVAKgYHqMjqSeMV2Mfxo8G3qq9nr1hEzqAZpGOYGblSqYbcQSOntxmt6mMwk4e0jUptLZJrnWzenS1rb6Nu53YevKE+WPNFX13t9ny6dL+Tu76etC7t7NkjnQXE8x/dwqi73YHGW6hF24ZnYBQCw4OK1LTUUWQ/YYYNR1VAzMGKroeiRDJae+uMBJpIzyIySvGeeRXnOl+IfBuqLG0/iqzELttuJPPEd5eMc4XIJMFqScEKctkZGSSN3xvdaTrGgw6F4dvbew0pAY7+10iX/SNTDrhhcXAG91w3POGOTgZNeXUqU68Jtwi4xXNHSMU03G976OS0snfbruvReLbXKp6uzcr6JLl1Wibs7vlVtr26vjNa+KPw8t9WutMufGq3uuJKx1HXpImktklI5tdMj27I4Yx+78xByM84zjItdc8BXMcjWHjfSpXkkDN9rizuc9WBZfcliAMDIxXlWo/CLQp2kkt7DUIpC3loTkqoGAck5HzHaTk89P4RWG3wj0+NCqtqEDqwjT5gVJYHcRkjg8/dJGM5rmjGFFWjThLfW2t3breyb07vW2qMZSlLlfvXvZXs0/gS3tp118vl9ICy0u/gVrLxJ4ZuoVChjHPHG7ueQFGVOCepx/OpDpN6Im8g6TKOFVre9gVjg43Kdx5J5yVzyfQmvlcfBvV7YtNZXTrFudvlvSGCAHDbd4AY/wASdSQwyVwaoS/DrxpZq81jfXjbSCdt+4Oc5AjXeeB0bHHPODis5VpyteCTTva7/u7J909X16tAlJbxb5lva9tuvLJtbJq2vTz+s7nRNUSAv5N25CA5jnjcZz90lWJI5IC9xg+uc9xqnlgGO9i24Tc1qxwBj5gyhjgd8ZyOvBr5afRPitZPE41bWlicDckdzIxAA67d5z0zknI5bion8SfF+zmVYdZ1VY4Vw6SSOxwoPLKVwcZzjcfXjki44izj7s242Vru7a5G3ZN2X5uzsTyPa2umltb3V7Ly7+XY+mmuXXfEbhpJHfA821dQTxySE4AI+nJHuY4DcI0kv2q38wMSu5htVhwG2MR1yQOM9znHHza3xP8Ai1YbJbhxLDGpz9qsY5dwyc5IBbnIzt77s460w/HPxhEUe90DRbiEnLyfYTFIduFG7CZ5HIGOxAx0XV14paxd9LLVPa2vuuPf3rLuiXT91atdr3i7Ll2Td9Lau9rpu2h9FzXd5MJIYpYW2uVkYPHH1PO1shj1J7YyMnio7HzXuGheRUii3TX1wwVVhhAyzK5I3kAn1Jbjg9PAY/jYJ23Xfg23ygDO9rcyQGRiRz93GAVBwM7eMjG3GlJ8UfC1xDDHqWga/GsxAFtY3Msst7cSA+VbQIuHk3OQu1Q2SR25MOsnFtSt0b25U7Pe1m/PXqtmKnFxqK9pSvorprZa3Tezdulra6PT0Hxd4z0vRtHu5zeHT9FDny1Q4vdalG4AIM5WFnwpC8uM8HOK+bNdj1fxTZL4k+IOov4O8ExsTp2noPK1XWowwKR2VsCJZDIABudU5IYHndXour6l4f8ADE1jqfifRn8QeNtQ2nwf8N3ke5OixyAfZr/xKqhkiIysq2zcnbl8Dp0HhX4cajrmrt44+KN3FrepPg2OhOpXTNLjyDHbWlqA0YjgXaowOxG3nB8y8q9SNOm272u3str6vp1dlZW6brapKcY88uZNtNLTSPu3tqrO97trTRJd/MPCfh3xZ44hFj4F0L/hXPgdCPO1W4BGtaxH0aae4lUSK0qnJC5C5yCOo+jvBHwmsfCNxHdWEWm6hrkmzbqOoN9pnjVOd7PKCFJIOcYB5GCTz7dpkqLDbJHpemxWaRlIFMZSOKFRgM6hQoJAIUEZHTBxit/+0bRyIrW0szJKB5bw2oMcSL94ySNhiTzgLnjqCSc90MIqd1ZSkkm29L3strJta3Tfz2BTUY8z0Ts1FaX1Wrereiu29LtWS1Lml+M/G/h1oFN1pM0pjEQ8y3EgdRxwAhwi87eeBxyBXQ2vxp8T2ss0ctjoVy5bDf6CwL7v4c7FyoAxjOR1JwDt5uTUpLVt6pbpGoVZLmS0jAAXjy40yT2wODn6EVj614zttNj8+O8sokjb/SLq6tFTJYYENqm3MkjHsc5xkgfdqKuCoN81SnSSTT2TTdkna6b1u1v11sbU8ZWUEo1JpptRS7O1rK92tXpp5efdH4xa4ZJTceGtDuwsimO2gWRFjfJId0I2HbwTuIHJPPWq2o/H3zvsun2/hzQZtWZ/3t8PNex0hTkbnRYyjyLknG7IYd+leLx+INW18fapX/sHR0k2+bHaH7frKliGLqEJSJ1GFPVARtHU1v2mo6c0T2g0qwhtlXGYfPhll2ncZJ5BDuaR+SVJ65zgcjL6nQS5qdGN1a/ux5lpFvXVaarytZbFrE4lRfNVfS65r2sk32beuy2a1u0jbbx7E8lxHaW9pPdXTh9S1WVp1kujuOIoSVAjhADBVUlcLk8E1o2fiGW6haKGKF59n7ydNTuII4Fz/q4QjYjI5BA4OTluQagg/wCEbEVsZ47tbdW/eCOKKWMEkf3mSRxjrvHQccnJ0ZpvCsqosD3FtZAkuyafAJJDjhWxITlvmwVBAwegzWscHTk1KdGLbto4q9ny69ErdZPe/Uj6zWfNapJX5W9Z6fCr2091W1b130s7E8GvS2oT/iZalC8LE+TY+Ibnn5eHkDMR/wDFZ5I4xZufiJq1qsE8PirxHAI2BdZtYuzbcncADjDvngEBh24G0Vy+uReDdKiY+Rey3U8YawtBbhZruRhw8hRzIi8gjIGe2MYHJp/Z9182r6nfQPEqyQ2C2bPbW8ispVWO3DBRgEYBJGR7avAYb4pUKUnZWTjFr4lZXtbzs021qkrmKxWIVrVqkXGyXLNpyaaVr3bu1Z69PPR+g3HxZ+JOs3QEPiTVrHw4yN587aheNLeyp8ipjYGCkfNjGME+ortdA/aX+OvhW0h07QfGOl2+m26uYo5tKMkrr5hYNc3Hl73YnJ3krnnpyK8rttZtIYreK38W2ZZR8kE+ntGihj/EAhCqMkEYI+mTW7a3TEs02u+H7hmIBRwIw+Tkgjb0IOMHPHQ81jPLMunb2uGp8r1UVFWvp2VrdbaNeqdtVjsVB39tU05WrzlzRTUU773bdlbR6b2PX4/27f2jrSeOODxH4auWUFWkm0VNvXkK7KAB1ODk5xwMCtqP/goF8a9PcNqNn4H1y5kZI2e40tAwBxnaVQlQc/eGTgda8CvZYWkkR7jw1JHvRjFDJukIJGSCFAA42qRwWOe1c9q8lhEGEVros9xI4WGCGfMmT8oaTYGCqCeAD8w4AB64SyLJp3c8JRaezcUuXZK6TTf4NdrXZ0QzjHRs44yrf3dHN23Wye7S2TXkr3Z9mWn/AAUj+J1plr3wJ4OuYUCBLe0mjt1Zzgg7PLIyehyMngda3B/wUritYTd+JPgxpLXsp8q2ZZzceYCcOApTKqc7cgY6dRgV+c2p21jZkveWcbXLlWS1MLqiseA6NEJCUU/d+VT3xjIrnv7N0S4mSa5u9Ra8yf3RmuhDAAw4hBiK5C/LhgDwFBGa4a3C+TqLccLFXd5JSmuq1VpeunSzezO6hxBmcVaWJm07O0uWVl7tm3bVPXRK+mz3P1e0/wD4KSeHpFSzl+HNlo8UyFjHBpUV3saTqd8qrksp6Kc8gHjJrfg/be+GEyTCSPWdNnkCSQJaaLbLCsh54BwUXOTtG4A55OMV+UT6NophRvtOrSAPuXE2HB+XgBirDoOME/dzzVhPD2lXSrM13Mp3LthnvjFNuH3flUEfexwSfevMnw3lyUuWElJr3UpT91PlV2ru9r6ee6uenS4gzD3W5xmvd1lBJu6j12fe61vpbS6/ZDSv2wPBl9Zxt/wner6fwzh7jRbbZEw42MpDHPqQOgPPLCtSX9tvwtpVoLi38dQ6q8W1GF14ftUeVwf9XGCSWJPHCkYwQOBj8dV8Lx7CsupTwGJS8jR3qyxQRH+KUbhlsAfKuT07GuWeygjmD6XcXGqrDO7R39zI0du0i4ULGh6/MFwW42kkNg1yf6p5bzKUlJ/ztyW6s7LR6X7O/wA2dX+tmYpWUox8+aT1Vk1q7K977N3W5+1Y/b7hnijutU8M6ReaJE0jJI0cNleSSIThjbxIxZDjKhuTlTzkin6f+3j8CdZ82XxP8NJ7lpCI3kttLiRgv3TtcbT0yCcZPPA6j8YINK1h2a4u5btriSTHl28oliXccrhcqMBSABwBkHJHNawtwCYW/ttJgCG8s74jtGOBGSpB75z14wBkEuGMCneEZQ/ljGUk29LJWfRLma8kn0ZxVc9xtaSdSUZXve8VbZJK6Wj6Lvv0Z+0sX7S37DmsyGfUPBfizR5Cv+vgkRUTG08RB+xPy85A6cVe/wCFjfsJ+IJXSPxR4t092QMPtNuVji2njO3IYA8kHBGM4BBr8SY4LVInFxAoKsSrXElwkjnj5nRUwcYHyjIHvSWllfTyusNxax25B3MLyWMs3OFXegLEcZHr39cnwxCm044itC9tFNtfZfK7xdt09dTOnmkm050aLeis4taaN3dnfXq721Wh+5dppP7GGoOBZfHea1mcbkivbU4WVukbE8/KRgHv1ycZrtNN+E3wE1GUz6N+0V4Ut3eMFYbyGBd/YBvMdQCQOR8x4HuK/CeytEs42l8uWSVtqrJIYp97nIAjBdSeQCHAzgdq2bazc5F1a315cOoaQo/kQWsWWIDvHIQzdCSSGHTbkYrircPVYu8MXVvulJJ+l27O600s977KxvHHxk7uhDmTteLcU7W8r6JvT8Vd2/dS3/Zk8H6kSNJ+OfgzWLmZi4X+0reygiAGRmSOU4GDwBliygdCa6DT/wBkTUI7ee20H4g+B7iQMZ3k/t61umZwTwryTZQk52jgHjHXNfhfomr31hlLq/ez07LeVaafNcC6ZcYVpJ8hwvuePoK9Q034t3unKLe1uJorZFQFo7m5NxIw+6jSb+SQMMQCeOMGuSpw/mPKlCvGWibk4Ld8uzT02Su+nozop46inaUFFNpp8zatdJ6pX6b37tXTP1wvP2Tvi+7STQanpOoJHE2+Sw1e2VZSeFISGUnAB6hTzyAOK801T9lP40WVrI/9kX12TKXDx3xe0jXOfvEZJ55OD154FfCNp+0v4y0u3Ii8T6xaSOU8i1sp5o5gIzlfMYs3OMnacZGM8NW/Z/tu/G3SpVeXxxq0sbBGgs5t1woVSNqyxk43EAhgQc85I4Fc6yLOqT5rUZxbVlLmivs6u/Nbva19UrM6J47BtxanJNtJtXs/h1d9tb269lufWF/8HPjJDavEnhq5lkiEcO+1nW3CgYBDM+xnJ4LMARkHrmuXu/hl8U/DsEN/No/iNZFDCNLS8SRiTwSgjYs2CCM4xn5jxiuC03/go58b4bgQz/8ACJ61K6AJaX+kRq0cQHJmdY2RMDJZiwPcDIOTXv8AgpN4tuvN0SDwx4Rm165gMI1PTVKWGluUJ3AbBG7xuQSoIBKkHg4qoZdmzqqFWjSlG6V7r3b8vxXV3b8H5MmeLwXK37WWys2lo/dSTvq7tX/ToQ+IfE/j7wrg6w3ijQIEJDyXU5ErSOMrGqk733gD7q7QCc8kk+T3Hxj+JmsXx0jR/t+l2rK+dev7qWEzIOQyrtyHYjcjZByQDjBA5LV/GHjXx1dSa/4s1w+IrlpBIhW98q2hD4IWC3GFAiGQARgkAA8VFf6pcSWgSWG6mVkEcJ84KY2BXg7TjaCCAxI9ucEe5Q4ep1HFVqVPmai2nBSWiWurV9Fo0r7Lyfk18xnGb9jOSi5KzcrdY7K/Z3u/+Cd5O/izVY2PjDxl4t1yFpEkRW1WZ7SEKMKIozIvAU4U4xgDpk1WttIs7t7hI7zURApG1JJwjSFeC+0yYdh0AzzjkHkV5/bX2oxBEkhnkLui/Z3usxsvoDk9MfNnAAyTxyPXfhr8PPHvxP1OSy8NeFY47O1kb7d4kurpLTw9pESoWmutT1GaSO2hSNAxZGk3cfKpJrqq5ZhMBTb5YU0rfZSb20dl56LqYLE1a00uec3aPV+TvdLlSV1fro9e7rLwvqa28scOsLBFKNyJeSKHZcHAH7wkZB+XbjOVIzn5q+oaRrlhpN7faj4li0KxtYmB1DU7safZxwhcs8Ulwy/aV2Ajau4DoMg4rhPjH+1R8Df2fb6fwN4Ge2/aW+O1u0liDoRdvAPhe++ZPLmu48pqs9tKMNE6iA7clipwfz/8ZXHxe+Oer2viX47+OmkiaYS2Pw10FZNP0Cwi/wCWdvdQ2wEatGpVCpL7zuJxkrWGGw08dUSoYdKmrfvJxaTbUVzd3rtZXae1gr4j2NP36sm76xTb1TilpfvpbbtfU+htT+Lfh3UtXm8N+EPFd78QtWZwpvdISRdFtplBJinv2VVZiQQcNgnkZJJriPE3xC8W+FZVnm8DXfjC4mQtJo0OpsIYWQABSUOSxGMkDPoT0rlNJ0bSPDtlPaaXYT6NA0m9I9HjxAO3ztgSO5GBk4I6Emuszpj20ckt3efaBECs0qSxSl8DG91DfKcYGQOh64Ir6qjk1KnRUqkabmtJPlWlrbLV66N3Wu559TH1pqMYznZJOybk7JxXxJrXys1e6b3t4rf/AB3+PGr6nbQeEfhh4Z8DKMbH1Z21O5hyGBkZ5gCvdsLkjIwOAa7T4f8Ajz4/6fq0kvjXU/CXiHTtQuCuqWE9s8NzBZEHzFsJlUkOyj5MdCOOa6C90OXVY0lheCSSJAC41B43QHowyoUtx82CFHOfSqcuh3dqls9vNdxSQNzMkyXS78gYVGYE9h05BIyMZpyy6jFWUpN3jq7W6NNJJJPeystraO5hHE1XLWT6OLV72ajve92r620a27P9B/C3w9/Zy+Jng5jo+ua94e8SSW8YudLujC8S37Z3pCLmaMyWxbIO4AgEnqMj551T9nH4rQ6tPp3h+wtr/wAO2lzKIP7L1FbC+kifhAWt5WIZjk4JOCeTgbj82XumeLZr1Zk1S4gmiwyuiSWsrqFJDPPCcqwwQB3HbHFTWnjPx7o1wYLLxJ4lsw7oZ7yzv7ufDrkjEUgCkDABwQxGQM5NYRy6pCopqvzxUtVKN77KytK9mtXdv8DeeMuknzJ+6k4y3V46JpXs11287M6PXfhN8Z9CvLvT9RsNV0K2gnM1tJNr0kkskecsAwkOWCgEbsZOc9K8mk0Lxrbz39zb6ndTSRsyyT3esyu6N8w2YdgeGBIOCO+WFelRfF74rWkkjXWtWesWsswZJNc057meVUwPmBGck8E/i3PShJ8RfEF5PKdS8NeFL8XLAMtpZPa43kgBwiHB56HvndhQM7ww3s2k6cG000lFLXTXbTXtdqOlmtTCrVdRpc81eyXNo3stNldPr6q99Typ9L8USRRNf3i3Plh5Glh1R0kKk42lgd2SD1AzjqQcYha18QCeO70i71NJLdi5ZNVIZXGMBPnIYZOeu4YxzXqwutIeGR7nT0sWZnEkEWlme0ToQI5D82DnGQoyckgZNc64s5BdT2NppKwoQ7xAXVtKQQFBwsRCk9NoIxnn+9XRyOUUmkk1qrK6bae+ytbon6aHK4NfE5Ntr3W2mtU7xvo1dXeunZWZBpvj7426JeRX9prOtCCyQMITq5ljIwCqmL5t5Pde4Y5982//AGkPj6mo3YuNTjWIOJo7WWzMsLMo3B5cxbS2cnB65zjaa1INPtQTeSI+ZFEnl2eoXW4DPTEiAKQP4ckZP4Vn339o2mZ7C3uWjuWAcztBcH5Rnbhm3DAzngdRkYGKyq0qfKtFeTfM7KTs+Wz1V+21ml8jSEp2fvNJ3aSlfT3UndWWq00Xa7sey/DD9pfUtci+y/E6GHT7YKUXVtC0lZpp5WOAt1bMFbbzwxUjnvjFXdb/AGr9As72bTdN+H1rrsemzssV7qFsLIXcXID7Nhy7AknqBkjkcj5yGu6laXnnx2ywNCAGm/s6LDHg7XjViGAOSCvPQD0qhqfiu6vgqC3024YOZHlmsBA4BAHGAp9SCeMkZ6ZrhnllGo3KU73WiS2ule1rR19LfidEcXVjFQ0bj5ry1XRq68vV9fc7z42+BPG+m3g8TfBLR7aSQSKJ7G0t/NnaTKkG6+WSJlQlkKg5YHO0gA/ONxpHwZk1jytQ8N+I9L0lXcxtpsjzshYb23nHIjJK5yy8Yz1y2S5t7qNA8YjUuXla2uHQLgZJCKvA+9ncOAMdScPSSyETxpqDRI6nesyNLtGCgzlTjJAHHbr0y2qy+h7iUp6RSWrXZ3a+FaW+bSd9LR9ZnyvmjDmvfZavTRtpad2tPVlWTw5+zxfxXwttQ8baTqasBai5tN9pIgfG9hliB3JPJzxjGKfF8GvhDfSWk9v8ZbexM8Qaazv7Nle3OV3B2CMFJHH8WSMn3da6fYs7SRXsckhj/eBlUDIYDGGG0LknA6nnjqKhufDs19MXgs7d1ULwscSeYpGG3NuXBI4BHqD70RwTsuWaWi5b7b3bu1d6W11Wu99VnGs5JXpRabatZ2a0b0Su93dXW17LREHjf4DeHdP8P3HiHwd8VdD1m4t4S8emDKXV2iDlYQBuLlgNhA5PG4V4J4e0jxvdRvJFDA/k5EiTgoVJOSq7sbm2jPBPb1avo218DiWWICyW1VQGlEV4vmRIxwzldwOCucDHt3zXo9p4d0nRxFHpktxPI2TsurdbmEu65Ysy5+Ut0GSRnBB5NaqjCkpc8k35JRuny6W279HZXbdtsZ0Pa7QcE0vfi0rWstG+7s11XzsfKslj4mt3VrzQobnDKMwBHZVHU5XksOeCFOPwqWTVNItJzBeaFdQsF3kmI4V2xnLdMDI9Rxmvp670S70qA6lqI8NRQSFmeaS9htHjBIO/ypGDjCnOApbI4xgmvMfFPxA+E+iRSHUfFWj30hRHaxtVF3IHwA8Xm474Ye/PJrJ06PI580N7xUuW+6dttFJ2S3tfRGEaU6clGMp3utLu9lZX0030628rtnDWWpeBnDQst0s3LMhXAJwDgEdDwOQPmGDz3000/Q7mCSawSRJZCfLaZlMabVOBIobIAPIODwOT0Ffqb/wTr/Yb+DP7d+hfEnXfEGqav4Ot/C0dsukNotuu6/M8e/7RK24YRMcqcknHU19beIP+CGHgm3hjXwp8a9ZUsW2CfT4ndQO0g85uV6EkZKgHHNfLZhmuAozlSqwUZrS6jLS6jZ3XNtp0S3fmfV5Xk+YYqkq1CspQvZRlOzXwpJXT01fW1vM/nCtfD2s2eozSxRJdRyK+ZY8sD15XPHHPy9QRwOuL63up6dGYDbPG0kgb5wylRk5xxyOTj+H7oJPGP3bv/wDgih8U9MEiaD8cNAuIApMMWp2Qt2ZmOFDuFbGGGGIyCRkYGa801b/gjl+1nat5tj4h+G3iJDkxr/aEscrbeQCoiYDK5PbPSvGlmWBU4pV0+ay05rK/K9fd0eqSbvv5s95ZTmcIXlRvpZcri9LJN9HbXe1vQ/HfXNUNz4W1cOpadPsjSM/JyGXIyWyccYGTgdeMCuA+Jc32n4a3/A+abSw4JBG4g5wT0I2gE44yRu619WftQ/s6fEz9mme98KfFrSdN0fVtXsXv9KTS7pbm3vbaI4DoQdwKkEnK55zktyfjH4iXHkfDhVkfy/PFg+xuN5XcOp6gDnPJFenRqKtRnyyTi480XZ63cVe7W+++rvrc8DGxlRqzU4OMndP1VrdN/mtXZPV3+c47aNkyQpZSuCqg9RwOc5OOAAOD/F1qGfR45lbzFQgscKFzwfyI6/3cdcgYpkOtWcBCPMi4VTzzg4OOcHIH3jk5wAB6CVte00giG8iIBUtgE+uRnAPGAMcjsMVKi0k3surezbWjTv57a7N23PIg7SvK7a3autZO9mrpNX++600POW8OwzeJbLT5rhbSO6uFhErKGSJWbBd+hITuCwxj8/ouT4B+MLTTxqGj29v4qsZMPG+kPHNOsSgEsbfIlJAJyAnOcAkV4TPdQXnifTTEyspuI23qSQTwTnPPB5x69cHbXu0niTxP4bv/AA5feHtXv9KufLkXNnM6pIUJOJI13Kyttwcjvt6nFebicRVhiIxpONl9l7PWL6Xavprtu+rv7NGGFqUJe25lqrNbrWKba072fR21PO28JzWrTRXVpd6feHd5kV7byW7JtYllxIqZPO0c52n0Oa6TT/C7zpE0DjfFGjMMAELnbjjqPXOCMjHXNfR3hz9oKPVo30/4s+BtK8WWchET6tDbx2WrwqSEL+fGu53Xk5LAsTnAXkemaZ8JvhP8RJZrn4UeOV8P6nLGH/4RrxGNgMjAFoYbptxbDMFycDcAORkmVmLjKCr01CKtaS1j0d76tN30TWmlrdB5ZTqQTwmJjUlZJRfuSStG9lqm3orfcz4ZuvCry3JHltJ+8AdQvzq3d1xg9eAB0ycdSRt+H/GXxM+HmoRP4R8Xa9obQsZIo4724+zSbD914XYow46DKsMBsdD7j40+EXxN+H2qrJrHh29ntBh11Gwha9spIw3+t3wB9qleRkcjtjmuNv7yyvYkhvILeGdCUDOoSVQTnDow3K5zhcj+IZB28dMY0McpcvsqkXa6ai+ZaLfbr2T0W9lfOo8dgHGSlVpyi1aUW46qyvFrRvt2aR9G/DH/AIKK/GLwwn2HxrpOn+NrFSBJcgGzvURThg2wHe3BJZiAxGcg8V9x/D//AIKH/BTxMtrY+IItS8Hz3JCzm9jLWqSZwTHMFZwu7IHAHOe52/jBpXhWS6kvpFdTH5kiq0bANk5IXb12kELk569c8G9eeEtlxosUtoN0jMrSEFdwUjl2XqwJIBznGT1znw8dwpl9ZSkqXspS15qbsr3WqSula/ZeXc9fA8XZxhpxUqzrU1b3ayc72S6tbed3e/R6H9J2ieM/hH46toLzQ/FPhTxBauq/ubq6s/OZpBnbtkZJN21sdNxPyqCcZztS+Gfha6uJptPt7rSZ53LrPot3JHEUyDlQhKjIxlRkA571/N1e6Bf6NNdzWGoX+kzQMrQzadfTwuDuB+XY/LqAozkcZXjHzekeA/2iv2iPCNyf7D8danqFvZRs6WOtl7yOWOFWKhWlJIBUDceSOw6g/NYjhPEYVp4XENxumoz3SfLpdN6aaWt/n9TQ42w1ZpYzCOLe86bTSXuX5Vpbbrq2j92rjwf4jtZ1TSvEIuIo/kNrq9sJJGKnODcdV6D7vJOTnJArKvLHxEBIut+E7TWLKNG3m1WO8jkAA48hxldx7LyB+OPzI8Cf8FRtb014rP4j+C1vwJGW61HTZGMrCMlXPklQB0JwSc888fN9q/D39vn9n3xpKkI8Qf8ACM3Nyih4dXhMAWRyPk80ZUbc45Kg5/i6VyTwea4S0p0JySs+ane2lle8W7q+97K6Z60MyyTHqLp4qNOc0k41G43btvfS+iSV+r80WvEPw++CXieaAeJPBD6LeJvEBhhuLCVGYfNJEYI2QnnJyy/Nyc815Vr37Ifw01yGafwn4vvtPuNvy2t+8Mqq3JCjzpFcBQMDqwPoRx+g3hvxl4H8X+XeWGtaDrVqkKljHLaXSbG/1e5S5ZQxzuyAGAXJ7CtrXgLwvqLtcPoenSQXDM0ctpGbOdD1G10ORnIKnjoCD1BVPPcRh5RhKVam725Wny3vG11JPtdWurt7ir5FhsVTlNQw9eLV+ZcrlbR6OLet9E77LVbM/KXUv2PfHWnQCTSNQ0zWo1kLAcpcEDO0IUUKCRjBzjPrkmviLxn8DPinoWs+IptT8IasIFuGKS28YuFkQZ5Cx7yeP9nknpgYr+hOX4eWlmUi0LX9e0l53z5Ely17boUIGPKY42DIBH8R68fdw73wp4lWeeNpND1xCQn72NLG6kXgMxdVILEj5uMHBHHFe5Q4hqRcY1JRndJK7cPis23vvfTS3l28Gtwhhpr93B0ZdeV3jskviT30ur6JI/mqj8OapbajbQXNlc2rySAmC8t5oGXDfxB1GAMAdjlvQk17BB4fvo7QyNaZBBUOq4ZI+Mkkc+oA55I564/arxP8L/DepLnxF4D2SFGLaja2MN+IiCMsJztdFXkLtBJz9CfIdR/Zx8B6u4XSNeGlPcuwMN0ZYgW/uOkqokYYYB2MV5AzwAeqWe0ZpJqcWmnJrX4nFbpuyT1Vv0PDxXCWKSXsasXeS0leD1toreSWqsktEkfhn8Q/D95JrszWyGXbbRlm25KrtPDAck56H9eleaSaXe7o1e3KZ4yYzhiFAydwOO5wSe2O5r9nvHH7DOv3eryar4f8VWYLxgGGWBJrdvLHyBJIWdir8Eccd8AA180+K/2Tfi/pErqdEtNZt4cln06T5iByTslKdeDhc/ePAWvZw2b4aVOMY1Yp2S1eqWlrLRNuyXrfXZHm4jIc0oJfueaMNbxXOr3u3bd6vs+1rHwDHZMnmLLBIQNgOEIHzY/Fs5OOwzjnOSapb2cIsleQRkzD/WLhlHB+fGdy9sklQM9ORX0D4i+GvizR3nt9S8Ma5YNGCFL2UjISMZy8asNpOMMSy8HnmvGfEnhi4P2QtkyecqiOZjG+CQMfNhhtxgnqMk56V3xxMKsU4yhJXsvmkuV2102tZLz0PKjTxFGp+8oyW9+aL8t2+XW7vbl633Stz+oaHYXx3xPtcRMzlCEjyAACcDAGDnIz69MVxsUmqaTIr2N/fWkyyfLJaXkyYIx8wCHaAMccYBPTBFe0XHhK4ljX7MpXZbpvVWO1sqCTkE8ZJyDnvxjmudk8HaksZ3RlAFxsdd45wQQcZO4d+MYP8RyKfI1yyhB31u0na/L0sm9Ht5X1tYyjiKlNuSlKD2Wsr7rXV9b9LPV27Fzw98e/jX4SMH9jePdejiQqI4Z72a5iABJ5Vz2PT+EEEnOSK+pfB/7e/wAbNCsYzrtxpviaGSZIVgu7dI5VjUDcwYc5bnnPBwccivjttA1G2V3a2dgjKFwmR/d3EcYzknr23Zwpxgyrs1O0gwwMUhDLnAJZAxDLk4wSB7549K4qmXYHEc8Z0YXe7UVFvZ3ukn05d+56GDzvH0pN08ZVXLHmScpNO3KnpKyd9Vs766PY/Wnwt/wUR0uUND4u8BxzI2N72+yUIrEBlCuo3DGdpOOBnuAev/4ak/ZM8axiHxR4LtbaS4Z/MkutMhDJk/MTIiljgd8cc9Olfkjb6bI80hG4RsSzYY5yBzwAOckZ6AZGOrCql7atBIz5O0ofvoCASORnsDjIb6cHNcS4fwcJRlSnVou904TlunHfV2u3ytuy5rvZ6+nDivMmnGtClXi1qp04O9uWLinbdp9bK+rW5+sd54F/Yb+ISf8AEm1nTdEu5wx4uGtcZGMBGAX0/wB7cSSDmoPDX7EXw2TxV4Y8TeBPirptz9ivTPDYzT2rB94wqb1kL4XIGQAQBnvivx5k8xJ2dXIi4BKsyP0OcFeR2IIy3pkk16v8FdZ1q1+InhyGLV9TgtTLP5kcV5OEZdjcEFskrnO3HY4wQGqq+XYyFOfs8bOUeVpxqe/FXtfbW6S6bPW6W/Vh86wNWVJYjK6KldNzpvlb1huuzbWzfVbrX975v2VPidIiSaBe6LrGLg3DQrcrI+3nHlNkqVwOm4YOQTnJrx/xv8HvjFpHmx33gXVPJi8xnfTlLxFwCA2IznDDhiBxnBPpzOm3nxc0jTbHVPBXxC1y2F0s07Qz3EskUUaNxGcseeQDxjgjBzmuk0H9rD9pvwr5qaktt4itLMnc15bofOUHJy7gnJXIBxnDAZOTj4pwqRrypSq0puLV4p8u3Lpvf7mlqfR1FldelG9Gth+dJxknzR6Wtpvbrrb0SR8tavp+u6Nc3MuuaBqlsrIwP2iynLR7chlBePAxycryAOuRx5/cX9qLiOaMESGG4RRcIAqqYmXaqdQeOpyc5wM8V+jNl+3xpOsQGx+JPwe065MhZJJoYInz97e6J5ajcRuPy9Bg9F5lT4j/ALEnxBtbhtb8JzeFr17S5InMItY45HUgFXjBK8klWK8gYwc8dNGrUo1IxdCpa9lKmly6NaaWaSvdabX0bseX/YeX4i0qGZUoyTi1CrFxafupK7unZWvq+uzd38G/BHz49BnRFjZJb+8wQi/JG8gwRyOgGT7YwckiveII2tGYPcKxVGZY2RQCDkhcEkZGcYJIzx0r2D4e/BL9nfVLBIPCHxVgtDcXNxcwrLdxbo0aTIjKSyA7Tkbcgk4OcHIr0a5/Y/1TUSbnwn8SNE1SGQERRTPCxLEHGGV2ZSDgMcemeenn4qFHEV5Tqc8LtfHBpv4Xfv0X466np0spx2HpQjh6tKsrJXp1E3rbezVumlnp03a+M7rxhZaVceROHKlgd8aYZWY4AP3iDg/KVORjpkc9lp/iLS9QtIWWZnUPgg/LLkHJY7zkAbgBzzwvGOep8W/sffHbTWaa30yx12EOCDZTeZISOA23aOo7cgcDsa4aT4R/Fbw5Ii6v4D1aJPL5mitnl5I5IaIEkEfN1HTnjIXjllGCxEZOnVipqOq5lfaNrRvdbPta3qV7fN8E0p0ZcqSTtGTutNmtNLXX5ncalqlhdadcLBhyNOugMHbsYwtuZgepzjAIBIPIyDX4ZaygbxhrBD/KNcvQ24HqZyegB4AAHGTx3HJ/aX/hHdS06wnhuLK7tJJLebzGuYJlZDJE+VG6PgYBGCeBgk/Kc/jZrNmE8b65Arxl0128b+HK4nIAwTkZBPX0BzX3HAmEWDr1aak5K8H0t9m+u+rWnldrpb5Hi3E1MTRjKrBw5U2001ZtRd2mla2tt/lue++E1ja2TAydoVgF5BAO4/N9PU8gEdmqTxAkccEh8xRgAAEA88kA4/iOMjkghuAOa1vC1jCtggk5kbaxKkEN8ueDnqDjA7EYz0zkeJk3QyHyiWVsKOzjPTHTdznHOcHHzcV+zzUvY3Tfwp77p8tlZK6vZNO2u+2p+Kwr3qSjypWnq9b2ut9E10Sf5WTPnrxjLHK8DKAzLvJ2gDAUYxngHdyD3OSR6jzmULGeAeBkAknJfIKgEY9j6/gDXo3imIrLA3kvtO8kYyAx6nv2I+XBOD1zyfPJoGYOSN2SQEwRgZyf5DjA7YI7/OV6c5VJOV7aN2ulbRNdfnp3fRn2eXVFOhTel1s11ty2ffTRbWtdt23k0gFpUG1sSOdoA5yAQfUD6HB9D0rKuGCX14MYJmI5+9vRtwHOdpPZsnOMfXqvD9syyp5ivud3ABHQYJ3AEdemM/NnHsBzeoW+b28AVyRcuAxAzhT82QcEnt/dHrjkczcoxhd2i9NvJNpWW2i/pu/fSa9o0k7qNtOmq76aXvZ72btd2IGnLZUfMzAk5woO3oCQcggcYwT+uUEnnBgyuxA28LwoXBPA6HjjOAOD3p7WzIFYKw+UkDnj6AcHk8k9ScA46XY7dioEYcO6qckBTk9ehzgjpkjnG3tVQ5Wm3a2/VbW107bb+XQ3nVjFa3s9ra2elm72Xe3W+mtnaDO1VREfLKDg5bnBPDYBBBOc9MEgnJNBtw7sqJISV3EDJAx1HsD1zkfTFbUNsWAEmR0zgBWOMAHJJ4/H7vXjmpZZRaKRCjqwjbczAFh2VsnkHHTnPJrR0rtNJNNe6mrJX5V+Gj1tu/iSsYPGR0vG2vKru3SOu3Zp3batp5HNss0fyHI8xc4YD5dpOz1PPOcZB6Hg4KjIC+Y5+UZBLlgevGCRt55GMYOOmDUtxIHMbMPmIOMD3zk8c56n3JAO45rOd9yueRtJAznAOOST09eRwG4GBg1hJTUdfhVnpJrR8tu3SyV7u3mmzrjKhUjzWvJ90r/Zbvpsk0nbb1LLlyFBY56D5j3zwepOOx59Ogqe2lmiZGSVgzHpvYKDx8y9AAB0PQjPOBxkGdlAIYZCjGCCNwzggc4OCDweOvcg2re737VkY/KPlwAFJ+8Tu4A+nGTzycGpU5Skryd0tL63206X226W9GN0admrLZ3ul2S1dvNLv02samoandF4SZWkkRSrGQ5JXn1wCDng5BUjIbAFT2vi+9s0ZI0jO0LluQwwpUlDtOBg7iQF2855GBg6nLl4CAASj5O7B57kE5+b+nsaynJA3Bj8owVH3vXjGe2e/wCHQhxq1I3tJ2dr9b2tte3bbt95LwmHnFc9OMrbbvtr6bbqz16pM6m68Qi8YSzRfOg5JYszMRksTkZzkcc8jnAqS21q32f8e5dwQex29chcckdCATxyDuzmuN+YqpbGSDjGMg8Hd1OeuTzjgnJ6HotCtY7m9t7Z3WIOcPIy5UA+uSO/Unqc984xnVb1k3K3Vu/SO2+lvTVfMXsKFGGkIrlSb0vbzXS+mi3XXbXcXU7aRWYRyLtzwADg4JyT82e7Dd9BgnnodG8T6TYLJLMkrTOu1QyZUE8EgckcDLcdBiutPwm1+ezNzp9tHe2khU+Zbspco43EnYeCTzjGB656cR4g8Fa1ogAutOuYoiOJirHHAJDZGMZHXPQEcdK5Vi6U3yKunLRNN8stWtErp+elrdehyKvhZPlSXNbZpx3Sa10utNW1bte7KOseIdNnuhc2quiyA7i0QGG9F/ugjPXJ5OCDkHIHiJAwQI+MctghucZIIHB3FenOOT2xmvENzIxVwCFABIJ6kY4xg/NnnA7cEYBpbSsG2kpu42ncxzjqAOmeMD5mzkHseqPPpeUknstW7aWXZt+ST/G1uFBWbSUbLfRXfL1u1rbTTmWzu9H02l6tDeXiRXHmGJnG9hwQm7dtIBwAR6seRzjs7xpcWtxqlnLagm3t7ZYXIA+Xy+3PU4yeOvIFRxaS1kkcgjdXndRjJJAzjk8cgEng54K8dazNblFtdeVIQFSMOV24Lbh905PJ4znPXk10c84wj3Ti7W1b015b3el3d77t2ClGjzSSUVFxtdWs9O/K09brVd7NtI6/w/4k0q2cfaC4wFWTcACQFJyGOQM9zgDOSec49KtfGPhhIVP2pwzfN5ZU/KO2PlOCO+Rz6YFfNEd5GXIAIQgAscFwDxwSevUDgHnnGeZTcqjSHeFVRvUHJYYPIPGVweO45PJ5x30cyrUoqK5bK3utbW5WlZWeyen6t28jEZFhK8nLlknJX2berSTV+j8tObbu/p0eL/DkgAN7HwMgFSDz/ewecZOGxkAn0q1Hr3h51SRNSiWTOSXyAcDjjjHTj73fnoK+U01ko5blkbCnCDcDyMhT0PHUcnggHjGnDr1mIwkiSEhcBhjJbPcA5xxkAnHdT69Dzio+W/I2tEmlfpdr7umz66s8x8L0k5NOfdtNa6rq7cunl8rn1U2s6DcQ+Q2rWuCFJzt3Bmwuc4HHHOOCeQc8VYtbrw6V8ltQsZBGB8zsASWxlsjknbjPHToQTg/JN3rtrIqmHcrsQW6KCFPG0AkDBGRz19KqHWlRwyqSCOCXbcAA2ABuPTnruAHPY5P7ZklZxi76czbWjtdJP5uzabl33Ljw1TS0lJNbe6tbcrve+19nZtW8z68MOjXDOFu7PYBlGE6hlOCVzk5IPXjjPGOMVctUsY7KWP7XbvH5bdHUnjOCRuzgnkA9FxnNfHUeuMuNpkBJBALsCvK5A2n9R0z93sextfEVpHZyKGlZ5FLLh2BDgYwSM4XdhuM+npjaObqUU1GKco30lutnsn3te6T77Wyq8OKFuWcpPe3LHe6va6a69tdOV327HxTDDHFeSq8Th4ZAgLqxGcDBx0GG4OMnsNwIrwjUyEulAz/qEJwWwOARgZUEZ5xjk+5xXRNqDTSyZm3fIw2bmZWzgnPXGBnoce3AJ5zWH33h2HK+TGMEjKHALLk46dQTndXjYvEOu3NLotb6J+6rKK7Jvpo47bX+iyvBrCUPZylzaprZXslv0S6PyaZSEjMuAWxzjbKwz0Izj1PqOo55JxF51xygkcY5P71ucds5xweAAc5B+bPNRswX5RyBzkgk8gbgDk9ORuOSQMdTQXwcAjAB7EhjnI5B+Ud8dySSeBjzXVkmlzNdPify202e+zt3dz11BaWhFrzjtfl7pvf7tL7WJlvbsNlbmVSucFZXHTOQRxzx0wB19qtLqd/u3JeXXAyxaZuwAI5z2/XkY5NZYYEljnv3+b06/wAQ56Z6Z5qVc5BxyBgEkH8f8k9sd60jWmlpOfVpqTW6Wu+79P8AJz7KDSvTp/OKv02030b2fz1NRNW1JPmW+uc+8znAAySQMZ/i5OcA/gLUeu6ooBF9ckE5YiU9Qec4785HYd/SsJOFYtkZDDnBzz0HU4HXHHGccVKvyqQSQCTnb+g/i24z0yc9DjAzcMRW29pJLtzN7tLX5aLZd0Yyw9GV+alT0s9Yq9/c2t5vr526HRt4g1Ux/NqExUnkBzlfT2GBg8ehA4qSHVNWuEMa3crNnaFLkggHkkE5wTjJ68DtgnmVL7snjrgHJyucdOMknjnHqWA3Y1LGRkLOrOpVWUYGCwzyBg9CCW5GOmTnFafWq9rOpL3UrK6eit8rrrt09SXhKCV1Sp2uvsRa2Vl+Sv3uk2X7w3H2aQTOXKuOg8wDceBuOcnncO6nA47dv4Bt726uokt3KcsBlgETIHzKOAcEZyS3Q4yCa8/Ys1vMpJzgOATuyfmOcg4BH+JBGa3vCd7e2t/bCCd0G/IC/KCvuPoDwAe/duenCVeWspSld9G29XdNdG7vW23w29OXFUJVsNOmnFRutLWVrrTd2tokvTa1z1LUrXXLe6lSO9YfOT9/apBPJJGdpz2xwMYHFZYTxFHlBetuBLKxd89+hxz2wD2IHsOU8R+ItUGpXSrdyYLfLnoO33R1GRkA5OTnOeKw4/FOqqNpumYnjDYIwBx6fMMjrkFeveu+WJXM0pzj7yjo2ot3S072S1SVtHc8Cnk9RJT/AHMotXSdNNvVW/W+nm9kemxnxdAhLPIVLBiGIcegbGCQO3G3HPQAY1YdQ8WwmN2R5AFK7QMoemSFY4yQefcAcEDPmUXi/WYyM3POwDheg67c8jOeeMgYJGehtL441kK0byI3LEKowxz0GSRz7f3s5x3SxTg/iq3TSWrfbW7SuvV3vunuEsnnLT2VF3Sa9y1n7uvMmk9Fa3brbU9QXX/FiEr5DqgHUIDyeh68Dkdx6ZORUA8W+KoA2bdtoJYkxEN1IOVA52jtg/XGGrzgePNZClVdAWOQxVcgggYLN0boPTg7iOQV/wCE/wBXGFAjzuGcoDnscZ3E55+p4+u39oXs+eolbV9fs3v7uq30W1mRHJJ2d6VF3urpNNtOOltvX8rnpMPjrxKkyq9sJeQ+4xEH2HQNxjJBOACAcZGNRfiDqyxyGXTBIcgDajKQ2c5BC8e/4c7RXkC+PNWPBEOSSeIxtwMcMQDggcEAYyx98r/wnmp/NgQKrAsydeccckdMAscEn0GMmk8zXLG1aSabbur3do7/AKpP7gjw+nJSeHp2Vm9WnfRO2u6adrdLN367PiTxJc61NCs1m9t5bsSCSMkAkFs43ZAXv3BHGc6XgszMjIhxiViOM7WGcNnkggd+43Agjk8Dc67LqbW/nRxqwJJcDk8ZU4AU7RwOnQHA5rvPA042SZk2sZmAxgDOQQepACqOWwOOm6uahU9tjFLmu2o3u+q5Fe+q6a266Pu+3MMP9XyiVOMFHkcXo76Jxv2vf53636+uoZli6gg7WPG5gR1yWI7cKdoGeR0wQzSBgxb7y855wc88kcdOg6kHHXBRJGkiwWLPjlRgYHADFuuG56DdnsT0gnd0A3gjAyAMEAjtzk7Qo4Oeo5Havo400opaaq99738ntu3o7K7XU/O3WcJNXvaWjt5pLS69b3tqt1ZLYsr0lsPhdxAzg84xhSBjOR0zjkdCOl+8txIvnFPmUEqFHAB4YFc47kEnBx0AAWuSgnzIoyIyWyOSEG4kkkdAcnDAHGOM9DW7bal5f7qZg6ByG6l1XGeGPykdQCO2BjGMtU5LorK2u+itpqt9dFr37hOpzcrTd1fTdc1lZpPsnpfVPZbkW2P5SSEIJ6ry+DncOMgnGD7e+C1mONX27UxtIO0FeAxGcjpzznOccjniryxWrsJ1fdEGDgBhvG7ndhuARkjHIxz6VcS2hC70C4cgt0yMk4xzweeRxmqdLorra6WmiXVaPTfpe2iZjKq1sku2y006WST30S000NnQBumkjUHYFQtwAQR2AJOTyOemBjHQ1f1W3CO23azndsyMHJ498ehI54x1qDQtsV66rgDbnH+yAQBjpk9h64+o19XeJmjRIwzKMs4G3HPQ49B/PORnNawa5Ummujve3S97t2aVrX3bvu7PiqzlzqTl5rXa9tnotFe68tPLgbjCh1IJYbVJAyo9kznK8evHIIbbmvDr2OFvGrkqMRsGbbgggcnoep5HQkgcV7lqJ2vMGYAqScY3AdcknGM9x83JBPQ5HgssscnjSZgCAN2SM84HYdct2H0BHBrixEFz0FprVir+fPHV6uzVrtb66tnt5RPSvPVqFBt2f+G/367d0tj6j0yzu4vhnqfkSSu4SRFtUMjOysMYQKMtwDxgHOR1yR4NovhDX9TuwYPCOs6gFlDB4dLv5RLuyVTcICMDHJJGM9WJwf63rPxN+ylodstt4c+APhhRFwPttrFIrMDwWUg7m6E5A7k+ldLbfHHwxpkCx+F/g94I0yILuT7PoloxXOCBzb5LdBzjGCAcYBVXJcZiZKdOjZpJ2qOMbtcqUuXVrbfR9Vsr/aSzXKacFfENuyfu3d7cu7ej6NLTp30/lMsPgd8aNelkHh/4V+KQ8cZVEh0S7zJlcgoWhCufbPIJyelfVn7P/wCyJ+1DHLczt8GfF0kV5taQ3VmbNWJOAMOwIAA3MPlwp6Daa/oQf9ojx7Mq/wBlaBpmmFVzGtloduAq9lVhb5QAH7o3HOAG44rH4ufGXVdpjOqIWOQbaEWqAtgA5RQM56EYI+Uc9D0UOFcxbjNeyi1a95u1mo9Ix130tffciHE2X0YypxjXqJ2a0e943dk0lvb4bb+d/wAULz/gmT+154z1nUrpPAdpodpdygxLql7FbqUdhhmIcgbcnPoB04Ir3T4Zf8EePi7pGq2OreLta8AWv2V4nfTr6/S9t3KklmlRuGXkADk8AZycn9M2vvjlq6Z+3aorBy2ZruQZyc4ZQQPm4ztIGcg5603/AIRD40alGjXerTKCMEvcMWO5sEHLdRgYbHGCQcVvPhPGyi4Tr0VzaOUYvm1te12l5OyXbXQ5P9ZYxmp0cLUnZpNTdlra9tHdenzXV/N0P/BKrwzca7D4k8Q/FbwV4cv4FEKQeH9Ot4ookVmZmUK/LkHaWIByMnPfSk/4Ji/sq2t5NqPif416vqd1cSK1zBaqkUcjcbwu3OATu2jbtOQABnB+gn+C/ja5GbvWxuOOHnZjngE53c/KCOCQTggDs6D4Aay7KLzWwu4AZDMcgH5sHB53dc+uB2rajwhKjTUamMctVdxSTW3dtPffVJW1syK/FWY1lywwlONlZKSvrpazVm/n36K9vHLD9hz9gDw26S3cnifxAIsCRJNUaOOYjOQwERXDc4/Ihh07zR/h5+wX4NKLZ/BTStTjtnDQzas32t9y8qdzD5j1xkc5z659Gt/2f9KRV+16pLMVY7wu75umcMThs7R6gkAHvm2Pgb4OhJMiTTHcMhyCeMYHJPp26cn0z6NPhbCVEvazqTSt8UrXtbRtJOz6a2PHnnuf3vSVCneS05Ytr4emz37273epRs/jB+zJ4Wtzb+HPgH4AEIbeivo8EzcnJOHRuTzzkjn3ONGP9rXTbc+V4S+FvhnS441xbGz0G0Qx55AXFufl6kjJGDxjAzft/hX4Fs0CrpULsrDDSjPI+v8ADnn0HPU101r4b8M6b/qtMs0wAmY442YjAJJG35cjJxlRnHrgdtPhHKYKN8O6jVnrzuStbzsr727WfVXzqZxxHW0njFCKSd6aSdvd1enTd2V16nGr+1X8cdVYW+m6MlnG6kQ/ZrCKDbu4GNkK8D2yOOOhq2fiJ+0Z4mtmtLzVL61tZ1KOgleLCsc/LggjA6/mMAcd3HcabbYaGCFI1BClUjDqQNucAcdMcE9DSy+KLaMBU+YL0Y7QN2ehBIHcE4yRyADXZS4dyynLnp4KldaqU4RbdrJ2bve90tPLU6KeNzFRUa2aV2mlZRm1a9r6LfrfpbWytd+BaroPxs0KdNcsPF+sSzRjzFthqdzuQjkgDzDnudoBGSMHOM4Z+MfxgmkFjea/rkl7gl0udRkj3E8ERlmyU9OOOcdMV6/4n8TXeoQSRW0scRxhWBAJIXyxnBAPP6ZHIzXzT4i0nVZZDcXcrSsrNskgJV0J3MCNpyQDzg7ucdcjPTLJcBJKcsHh7xtvTg0m1F78jav1vpa+1rLkrZljMNJqGOxDpy1lepOzat2fdvdbLXsehC8+LOtBTPLrcrSHJf7dOUAJHAYHGD0Od3OPTnWt/hz8R9TVTPLJDub5jNcSuVOM4Ylu+Rg4A4B75rzPwp8VPGXgd/LnYazpCFS0NwQbiJGPRWPOQucHnJ6dePqjwh8bfDniaGLyLuK0uGVd9jdMI50YghgNx+bB+6cAAcYzgU/qKw/vUsHhlFctnGlG6Vlr8Ket216W6XfRhsVRxTiq2OxCbtdOpKzem1pX0eqaXl3OBj+A/iW4kBvdWdlzyqyuVXI3YUAjGfmz1OK1rT9ntpMm51aZoyMFFJJ6AEgE5HOc5Py+ozx7tF4mWcHDrt7YA3A9BtC9QRkEAnIyPWntry7iIGYMy7hlcYYYG44Pt8wPcnJIIy/a1lFR9lCD5o25IWaXu36d72tfbW2jPQ+oYOerq1J6K3v2um47pSfRdOvRrU8htf2dtGi/1t7O4yQSuRuUdeQ2RjIAJHY5GAAeitPgZ4Xt0VZI5ZcMSW3KBkEbSQfQZwAMck4JwK7Z9ckc5EqRJjHygnnjIJXkL369SMYIAqN9bmOFW6Rl4RixIyQOg7E9wfXqTzUxq4i6/wDkbXvyp9nba3a1vWXlmBsm4OVraNt7cu/4bX332ZQtvhn4asUCwWls4DEgSqhI47HbjkdF61dTw1o9mCYbW3RgTlTEGGPoVxwMg5OOpIzmqc/iFo0AkmijJJxvICtjb82TwAOvPPbAPFUrjxVaRH99eWgQoFyZIwCTgDGSfqOM5PB24roi6skk01ta7a5W3FPRWs3utelurZk8DhIaxpRTSST5N9F5qz0XzT0R0qaXZMgCxIpJDAxqqAexO04bcBwBt7jvVW7iiWPBKqn3S+1c8HI6EAdeuDj5h0zniLjx9o1sjLLqFswXlgki7iue2Dnqfr1OBxXK3/xi8MWhXPmXCoD8sW7t0Dc5JA+7kDPXrg0Wm2k5dFZrdOy0+6+7va/qSqNBOMVCN+1rtaLXyW+71fbr308kvKRBXw2clcYGDnHAJxgkcnHoAQKwpmuiwDAYYH5nHAIPQY5J6dSBzxwN1cBN8cdGZGS00e4mAYYV2IGDjv1ycE8+hOOc1zcvxjubhmbT9HSFyzBVlVpAQSeTlcdiMcEY6A5rWFWULWasmlvu7xd+t3bR/g1sYVMJBzjZxSW703fK30tpfu7rs0j06XT7+5G5EMqK23bg8Zzx22kdjnvjbxg89c+HtRkc8GNW3bwXIywPBIYfL8uDwD83XOcnzmT4meOr6ZYrWBbaJgzZjgJIIJA5A+UYyc9Oe+av2ifETWZAH1No3bcW2gqFVgGCnOOQWyAOQSfStHip3to5LlbaV07ct0tmtrJN73jYyWChOTSaukrta9tld2Wn6WtY2rvwxcp5omuPIXjYQ27eOhUnjHT6Y6lgfl53U/C9jLA63k1vMgT93HK6YJAyPnySpHBG059flBB3U8B+J7lWF/rN2DKCThiQMMcjuVzxwNueeazLz4M6xexFj4gn8tVfKyE7lDbiDg4+bHO3HGAOflNZ/WZSauk291d3SWmtm76XV0tFoaPLHJNRVpd7PmS010tbZbJK7tZnE22v+K/BEnm+HtfM9kqmSTRr2bzomA3DZBI+AgA24GRyPvYwR6HoX7TGkygQ6zZzadqMZAe1nkdYZnUZLwnGGySThccn+9XA3fwf12yEgbVFukYHyCf3mCjHAOPmGQOOvGSCM4rnb/4P61qsXk6jBbznB+yzREJNF8vUMCCxUgNhs7s4AxxWUpKctFdt2t1u7JL526Wb67a5Qp18OrNc0Iu1rXlb3ddXbW1m9E739fdX/ac0iHzli0v5gQwMsmGx22hiD8x7nO5s8HkCldftEamyBorW0t0lj3RoxV3JPTaORu2kZB5bHUcV8rXvws1Xw5cxHxE0+o6VI6bLq33G4t4+wk6nAYggsfoPX2zw58FdL8QC0urG+82waNcRSXBR0cYZc/N8rD+6oGBgHGcnNqcZNcuqaTStpsm2rXbtv9zXU7aMo15RSnKE9E4qyejiveXLqtL7rzaTaOxg+K/j3W2gW0juE3nKqkLYYc7SSN2AR1B4OehyQN5b74nagol86e3IARgJ3XJJxnYe5yT93pzwQK6Dwv8AD+48LM0YvxdYK7vMfesMQIGBkEbehJ78jjkV6TbS2iHmRTKjYCpgrkZyCCR2I4xnBPTmqUXKVkm79PRLbe3mknbbTr1NcrXNU2a0vZNLlWu+93deaeljy2PQvF92kYutXnjmAU5WRuTgltxGNuRjPXPHIPNDeBPELiSR9YnYvuzmY7jg9MFicYB3HJx2PPPrL6zZiQQnyxhsghVCs24cOcAHPQknPTtgib7fbFvMYxqMZ2qUdRwv3sHaDjJBwOeO3Oc4TW0WrWtZuL1tZWSV3o730Wnmbe0ouNnVV00rqVrLRJOyd9fR2Vr6JHkNt8NLmRpDPfyu8mP+WjBfm6liCCFAxngcYGMGtA/CaS2RHDNcHG7eZGYRnuCNwyOec49Oe3qn9saWrGQyIxVRnayjA2jdwORggEEf3RUI8W2liAEkgKSMBiUqMBc8dScHPGRkgdsVFqrjaya2TV3a6XRJJtem9raF0q2Fs4yqRto21J6N26JtadLO+vdo8wl8EmAoWsLRzAgfIRSzqMkgnuepJAJHY5BFXfD76DdXRtjarb3du4DRMiqE28NgPwVz1/HpXbP4x0HazvLB5zH96p4UZ3fdHcAk56dSozXmHiq/0mScXulyxWs5JbzI/keUlfRSBx749gepqlTrXd4tLo7q/R9Ukna99N7eRNbEYKnFOE4Np66xbWseW107pu71V03ZnrA0rTpGQlFVzJkYWMegyAOM5Iz0GQvJ5xZXSIfMby9pwpJEihh82cbRkAZ5LDJK4Gc5GPALL4gXmnMftLpKiKVQyON+QCevU88AcZOBkdujg+L+lbVN1CVc4QrGwcE8As33SMDkjtkdeK2cJWbb2WvvXbSt16pXX3HJHGYdtRajv0b966XaT+5RsrWt0PRr3wj9ozImI8sP9WRtyp43DkEMPUkkk8nGKxbjRJrRPKnG9SCqHaDhM8NlegBxnHcck9KyB8WNG8tQJdq5IKMpbcOOAc4OARkcemB/E6T4q6BMHV13FgqgMCoGcNgHOeBxxnDdfSslz6Wvs7pr4rNLRp23dldP8S3PCat2UrLrFrRR006NtPls9vurXWgIFYJEWbDFvlBB44wTzwR+PHHXODfaG5hGQqOgxg4GRxkqeeh9c5JA4q7c+N7K4uVktmjghGMoVByB82AWwOecdM4GW7Blx4q052UPLEJGGCCoXcS2RypIIIwDnGc9SQKtO7SW+l7O1tV27WWrWr7nDUnh5TtzWbskrK2tv+3mtV21T06HCXtqIlEbJvIOARyc9OpHOFxjOPTvxx2p6fHPG5xiTOGLH+HJGVAPPoeRnrjoK73WdVspCTFJAHJLqFbJjwOWwAQRgZ29B255rgdRukU70lSQ7www2Dg8kMvY84GRjGcnqK7KbhdKooqOiTut7RVr6uyve1k776LThrPlVopyvLS0W/5H0d7aqzVn3Z4/4l0KJRKJIWkV1LBgCSCCd3OADnlV9OuRyD82a/Y614T1+y8V+Erm507XdImS8s5bctD5xQq3ly7MBgdu1lOQQWzjpX2Dqri6iyzRklWYrvUYG0L8vPJzjjocgY4zXkeoaIb+4mSOVJXxlVD7WU98EryC3APTIJ3YHHNiKdGpGperTpte9FtrRrlXxNq2+ye29tDXDVMVCrSjFuSktYyV7ppXu1zWb1VrLzu02foF8Avjf4a/aG8Ay2WrG0k8caCkUfiHw/LtEs7IoWW9tFkG4hwpZlQHD5PJxXmXxs+GQ8K2c/inwovmaeVNzPYbQzhiP3ka9SAM8gDOBgjBr8/3t/FvwY8Rab8YPCqXFm2j6hFHr9jbOVi1DT5JAJvOjQhWQx55KkdSecZ/ZzQdT8LfFr4e6N4mtRHNp3iTTFke3jIf7PezR4mjwM7WVyQQRzzxjr5WHrUq054WpKMpw5eWcXe6bjbW/na1raXV7no42jUw9OniKakqc0uaL6Sdm1J72Wln0t63/Kmw8YaDrb3MEd4i3wBM2mMo3h+N4Csc5zypx0246Cux8NaqsKPa2xdV+ZisrkGMgAZQ9CD9BkkD2rmf2jP2b9d0rUtQ8S+Cra6sLjR4Zb7UI7Hg31qjFzIoX70oTIZcYB/hJr4y8I/HUeG7tnvtYSZP3sMunaqfLuUZTtZWLAtuyvQ9Bz8pGa8PMM//ALAxSpYuEoU6ivCovejOL5X1Sva1nZbW87+pluT1M4oe1wVVzkklOk3ZxbUfds9NNbW3tpqtP0rt9W8tI/OmJIY7t5OcYzhNuQc9mJB68jiteTW1wGii84FRgucDAIUnls4wSBnbjIBx/D8HRftYeFLeDzQ1g1wFIMEk5IROduBtOT1+UcZJG7nA4XWP2y7WN2OnwhlBEeI4Xk4GDkjauBkDbhs9M56DD/iIOVqN3Uc23dqMG7/D5eT6aO27vbqo8EZ1z3lGMdVu1d6xv3Wqs1dfmz9D7zXCm4BPKbP+qXBJBBwQ27AJ4Pr1B65rK/4SGeOLZhoyJCVAyWOf4g3XHJPA2+uRxX5m6p+134gvoy2k2V4ZA4wVssZGcK53kdCeu3rjuDniNS/aO+KV8hRHuLVmy58yNINvHZw5IJPAGMgkcg815NfxEwN37OnVm3aztGPLG8ejfV6X79D0aXh5mNSSlUrQitFZXfZ20T3fay6aI/V6XxHJCpQyksjF/mIyS3bJYc9uTjgnOSRWZN4raEebJfwxNnB3yoo8sdTncvOOW7jng8Z/HfWPjH8TbrK3WvLbAlWyt/g46glQpyVHJGRkEYOOK4W/+JPi6ZjHe+NLuQfe2RTs/XB6ggg8DrkHjvzXmVPER3fs8LKWt/elppZxk+VaXv8AJO6tbTvp+HFRuLq4pJRv8Las7LTV9Xvbvpex+0118QtIgjmeXxDZ28RAy32hOWUnLFeoAOSSPlYYwDjnib/9oT4faQJI7rxVbXRjJZis2QF6++W5YkE85xkkGvxpvPGQkB+0a3ql4xUBk86RQTk54DEYx3GcdRnNYra3p0mIxZXl1vOT5kzkKQM7mPOOu059S2cg48bEcf5tJv2FNU09bq8rX5Wra2e+lle7e1z2MPwHl9PldatzyXxLTryrS1337ab23X636l+2T8OtNlZbS8luBGxCskIds9iMZOOMbs988A4rzzU/22LG5Wb+zNHnvGVsxsGeAsOGJKhMc9+ATg55xj4z8I/DHVPEsNtfCHTdJsLhPMSaZhNcEDqwRsZHGcg9x2IFeo6b8DdAeaMTeJLi+diWkhtkW0j2gnchwcAEjnrk5GDXNHiDiTGc0lUcYyWjatdNR6detndJa+RNXA8M5c2pShUlBpOEbykpKyvyq1121te+mjO11T9snxxeRzPp2m6fpsZyqtd3KyzI3HXBDMw9MDqFLHAz5rf/ALUfxe1OJ4V1doGD4A0y0mduRkAMo2/MMYIJU5J6bq9T0r4WfD/w/PDPJoNrdxFj9olvrg3RVmIAcpnGSRkKcY56da9q1LQ/Del2sLWNpo9rp0kNu7PbWkCSZYZRQSC2Rg889MYHWuinh85xkV7fNXSSV7KbW/Lulyu1+3nfu/MxXEGSYCLeFyqVaXMlKXIlzNqNnd3l5drqyuj89774k/GrxCxiS88YXKyBvMdTcRxsT1+U7QM4AB6YznngUIPC3xj15pJprXWGzlCJ7+RSABnLcjO7vwQDjOSBu+7NbufDmmWTtHrFpFbLH+/TzYklQvyoUqvXc3zYIxgY46cRp3jXSbm9t7RBFJGiE+fbYPmORiMyNwMMDz6kH02iamUU6bgsTmtSbdrpTe943tq9NfK9vmuJcVZjUjL6nkUacVqrpK2id17qT0erd93trb5ag+Fvju6CNqPlQw7gGM2pyF+GxhlJPcEA4BPpmuni+CWsAQCW501BcAnc8zyuBkEEcKBnOBkgHHzY6V9FeINRD2ayWuiQQXAlCLNNKkQdeu4KzYDADHTueccDl7zUFZRDNq6WU8ka7xNeIdnA+VAAdwYDA2kEjG4scgebVweWU5crlVrK6Tlz6fZ1btts7aaJvZHr4TNM+xFOMnTo4d2V4+zU37z0aa0tp17dXa3O6T+zjHd2cj3Or3SGOLzPLtrSIBmHG1GDksCFwvTPGeuDpeG/gh4CufFGn+FL6/1K6vdUhlnhMsZcxvEpLQ+UMDORt5xnI74x3nhN4btJXs9Y1K7a2s55JJIZ8w24iDeZvG8BlCjcowDjkZJCmL9n610zW/ijZaxb+IJC9sdeaZb5g9zvjtJTvt0ZgI0VgTlehy2M1rh4ZPCpSboNr2i51KW8U4qbSbd3Z9Hvbc58RPiJxrJ4q0vYzdFwhb94kuVu6u0m1zJdXprt6Vb/ALKHhK3tVvYLGafTo2aKYTW6GczoPnbbvJRFI/uhQeeSM14j4h8C+GvDeqGwsIrG4nnnJEc1tGoiiR9rLknbkZHJznGeMnP0tq2vy2trJYWGvapc3UwuZJL0XTrasZXb5CpyAyKcHbwTkknnHzxJp+n6/wCKdJ0i21Q3t9POYbzzZ2V4WD75H3AYCDBYHp64Xivpszx3DFLCxWAwcKdVR5pynFK70bSb5ntp1std0fBZLguNK2PnPOcwnOhKT5adJyUY7dLRWlk2ldX10sjiYtC0Z59SSWG3gYSgRultFtPRSkeRxnkA5GQQRySR6R4P8IJE6CW3KxTx4g2W8Ue5gwKmV8nap4znAzzxjB+OPHfibUdG8XeJdHg1GRhp+rXVsmyfEQSFyocEYyMqMEdT27ViR/GLxJaoIV1rVC6cKFuH2AKwAHTjHXI5718VHO405TlDC05OXup7Kzt8r+jb30tov1inks5UYJ4uULxTer1+GT6pX25k7vsnuvvjS/Ck3hr46eFtfn021tFubaeKOWB0MkhWJwSwQ53EcgngoOAe3o2pXCT6jfTXDSI8d07q6LhQpfJyOCMj2PQZ54HxT8DfiVrvij4s+FodU1Ka6USSxrDPO0oVVgdQQDx0HTvwQTxX2braI95cPG4BeecyDdgDDZAI6AH6AYwCeK82lz4zEVJciipSu4xSejaVlFcuzsnotnd6n1GDh9UwdKl7VycW03dPmVl89L2TVnbfoaelX8C+eFUyo7Agsm5gdpyDkdM4wMYx+FdpbzbUjkcurhN0RByoHGBt5xgcDgZGOuK850YLMoxMokU+XtUBQQep3cfMADleh9Oqn0e3hVLUM7k7RhMndkgcjv8AeJ64bLcdCRXoLBLRO60VnZrZpvdt33Vm7dut79vduzafL8TeiV0v5r3bauk1o7WuyzeX73FtNG5kZLhPL4YhdhzksmMAtkZGQMDsM55/TdK8OBZXltXhktDuUx48tn53MQB8zN1AU4POOfu7MyK1tOQTypKqDjBbkscHgkDOOmcdunP2iusgjWQ7VIDKepxkEY6nB9M8c4HNYyy+Mmm4p7NWSstY32adnrLd9XodVPESulKXbZJ3u4q32XZuztfX5HQJrUVnHeRvbrPBJBNDbEwjdHGUccHOCcAE9+CFx0Px2NF05dQ1K8Vpi015NiEMBgNIcsoBxhSR8o28eqnJ+wryyj+yXUMkvzx2kkic4JaQEgZGTjBIIOcZI6CvkKOxu4/EVxYhFOLx2ULltqEltzNnBznH3eOckjAPNVwcaTb5Eua3vafF7trbNq9/VpHLjK1WpOEXUcoQ+Fb8rdrRu9LXvfTRd7XXUQLbwxoBZRsyxEfvGyWyeuMYLcDPQjrgg4pso2hBFbW0YkAyCik5BxkcHAXcRnPck5DZrea1jhRXkClgu18jIJ5GFbocHBxjBBwo4wGfZk2LJ+6YMAdmCGHbBOMKfY+vXjJmNJWvy7Wb2vyrlTk9Hp0dvXVHC3JOybVlqld3Xu3enS1no9+1jmprPzHVmijXcSG2AAEk4ztXO3uB0yR9KVNPhiJ2Qsz5CksTwO2CDxg5wBwActySB0bWjMVlEOwFWGChYA87cgjjBxxk5Gc8dKy20qBnbhiMbSvGRk5ySowRz93POeM8ipa2lpqre7pJXjqm7ct1o07eS6E8ysrNt6WfneKs0+7tfXX868YkjdYlQqBhgd2SDwOM8E4LYAAGV9RVS6llSY7WkkZmGRvw2euQSRncSe/B7AYNaTsI4QXAcggtklCckdOuRwMk+gI7VgXdwu4lFLkEEx+W2QMHC7gpyQ2T9ByAM1Tpe8mk73i9tVbl3Vrfen+AKSlFWvey7t28/O21mttFcY0lwJd6sUJBydxYggnC8tycA8k9c/KT8w1bKeSdkMj8KUKlm2pknHfJ5GOe3J25rjp/tE6mQ21yjFmKKobaO2ckAnuTkHGB8war2mQ6kAkhgk2qwwkjHy5DnJCjAPAzgn/dJY4IJUJatJ2d7pLde7bTW2rbu9/ncdmuXayavq7tadvLX166H3H8N55LTSoJFmkaRCJD5UjBFx0UN2bI554GGPUAe7eH7fUPGt3ZaNaWr3F/eXcEMLyTGIu80yoBvcAg88YGN3zA9MfJvgSTUzp8BjmS3XI8xeQfmyuScd+cgfUAg5r3rwxJq2m3UN/FryWlwkiPFPG+2aB4yGWRMAFZAQCCeTwoz0Pj5tPC08PUgpRVR02k7L3Z2VrrfSVn8vmfRZa5znSjOMnTUouUb7x0fl5362v1sz+n/wCC37Bf7KHg/wAKeEdd8YeBdP1LxTd+H7WTX5fEupx3VtNfSxpLIFhlkWPYrfLjnOMqxBr6T067/ZG+FFs0emaV8LPC6W2W2Wltp7uGXOflHmnceAQowSc4PBr+X8fGj4gatbW1nrHxE8V6xBAixLGNQuGjVMDCoFYEDGEKknOeOxqjDeeI9ZupEsNO8Qao0nAaUX8xYuc5JKMuCTnlgeTwRjH86Y/hnPcfiZvE55L2LnJxUOeOkrXTfMlZ9ujttufqFCrlNCjGUMPVcmk5LTfS+ivFK/W2/c/pI8Xf8FAf2bvBYkS01qxv/L3DytF0y0BBQEbQViQbSBkctuBAPpX4t/8ABS3/AIKD+Hvj98DdU+Ffgjw/cWwvNYt7qPV7x1tpLZIXyGgWNF2u+McFRgknsD82W/wP+MXimfFj4M1CK2wD5s8UkSElguHMigsuWJ4xgA5PHzaVz+wv471VDceKb3RdFtlbLia4WRowe3kAnD89+OgP3RXq5HwhlmU4yjj8TmWIxFfD1I1VF1bxck02nTTd1psnp6nk5nm1TEUKmGweXKmqkJU1VldyipLlunolpZp2S8t2/wAMtV8HeIL+V7me9eQuMl3uX3BV4IUFiDkkc4G7A3HpWXF4FmMKGeKSdRIozvDMzcAYUNnHO7sSoycZr969N/YW+HFsQ2q65feIXRNr2mk2EiZ5wVWTKqgxlcryM+oOfUdG/ZZ+EOhWsfkfDu2LQuGNz4m1SGFcKTuzG7ZIBUMnHXGARmv1f/WLDcqVKhUqu1laFk2rW6LdrazS7dX+dyyDFuanVrqEW1J8zbtqmleVl89/RXR/Plpvw5v5XgS30i6Db1ZDFbzXEzqX5JRUIIyM9QQMcZ6erWn7O3jrWD5uneCNdkRlSQTy2skMJUcsSJNh2tyc/eAOSBxn95pNN+FXhIKqat8PfDLRhTstLS2v512kYVHwQW6huT2K5OMcF4j+OvwZ0OZ473xLe6xIAFCWqW1pbMBztARxhW6HPKYyOgAlYzNcW0qGBVOLslKbdkny62tFLfq9DT+zcLR92VfmaWy2taLdmlZddnfTu9PzJ8L/ALI/jm5An1RdD0SHyk3x3UqG4RmGB+7Uv82OoA/vZNe/+EP2Q/CdtLDPq+r32rS7D5lrp9vNbQgg9pEHzKTkg7toB4GM577xJ+2R8KdJW4/sfRdDikVgomurs3VwSp5cxElR0zjJyVxycZ8i1r9uvTZIf3Gq3sKkNElvoulJbYHKgedjIGMrjk+vAzW0sszSvGPtsTSoL7Tp2Wq5Va+t3vs27vZExhhqbvTgptXa5n0dnu+Z2dtbWa0u9LP6g0P4AfD7QoUlg8FacWSXeZ9ZuEbfz8zETFSOmc4AHTIO2u6efwX4YtmePWfCugSqA32ayt4biVAvACLCkmXAHJGGY89ev5geIP2s73Vp0Wy0fxBqskiNtTVdXdIn/unylwNpxyecDgHOa8H8X/tVfEKxja3h0LRtAlZl+zzLB9puXUnCsGw5Y85BPGRzhQcYLh/DqzxONqVXe7XNLfTVJ36u/Vb67JdVOvOSvToRgk17yW6bXVp632fR62P2oHxQ8JeeWOp6/rk5R0VdOtvs0LKoGWDSGIDrnn1wCfvV5X4i/aF8C6CrBfD95eXRlYStqWrqpQA5ZWRXYggjGFPBHHTj8ePDHxq8batrbr418SapLZX0FwLW306UW3lTugEYxHgrk5PDfKpxgAV41r3iHV7e9upGmmkU3c3lz3l67s6FzgkFgAwVhncMgjpgtiqeW5PSmlLnnZxd1N2e2ml9dLpJ/JrQ3bxTg5Ri1dK942tdJ9N1olts76df2O1r9tW600+T4X8G6VEzFgk1y0U8LA8Fg02Tt43ZJ/EEjHkPir9s34oTWs/2nXdE0S0i2tJFpttC8qBzlSCoPOTz35wM1+TWq+LJyR9p1aV5NgCot0xU4OAAODgHG0AHHqRiqdj4hvrrRtcuiVZB5ce+WRpSCG25XPUkdQO545zWtdZbRX+z4aLacYpz1urRSeqb2abvu7a9RUIYmq5KrVa3aUb2bSWnK3ddFa/qn1+9bz9qHWdXFwmseNvEGo+a5ZY4bprSDZ0wFjKqMjOOQM9BjBry/Xvjy05nW0s4JwoEa3Oo3klzIGAGSoZipB4JOOenIzn4ae5urmVmE8wQIWTYXbecDIyqAIAeuMjGckng5C3d/GJRHHNKdwyD5pxg9wByPXv25ByJhNtytGnFSulZLSzja+jSVu+2mj69Tn7KMJcsrLaVtd47LXzbaadtE9T7Ns/jFrV9HfeRdQQrAn+osYgu4Y2kq+CeA3JBLHGCDg149qvxIuJhcNK88splcsJJXP8AETjA4BxkgHoecEGud8A/2pc2erRxWcr+YqA+VCxlUt125UZCnBJznOOOK5e48P620t2zabdgx3D75HUjO5sAEHIBOQOmM845wONwlKco1GrJp2ST0ai7at9/K99fPpdecaUJ042bu7yhq1ZPS/N2utup6nZeN3ayZWhUcpzHgM4wMFmJJyCcZG0n+eNbeMdRk1mzX7RJGq3qqiqWA27umRkFjkZJ+6B8wyeecsfDurfZ5NwW2Ct8waRQdv3gMnGF25JI4UkL1FWk0SO1uILg3plmhlSRYkBJOcM3PcDoOcHkjjOJlhnzWjGU3JJ6Rtty6K2mlrW6t7bl08fU5abk2uVq+qTsuXbW73s7J+Ss0dj4/wBeup9St3nlk80RsYzv2gEEfKQpAzj88jK4Az57eeIWu4niuLvDOAoMgJJEfHlkscld3II46ckVuawJL6+t3vnjRGVwhTJfapO3gqCCQO3T2wBWadIsrhs2trLfTRZLD5pOgIOURWJXB54GMHr3ulg5qycGmrK10tbqyXbzV0lrbYyq46pVlO1RqLaVtb2dtN77dVrrdmJY6m9/ILW3iZgmUMikgMFJbPQYAA3Zy3fK5JNe2WTX15oKadHcDZgRrEzfIHyCWYE/Ng56c89DWH4b+G/jjXbm3t/DfhHW70TsADaaVcBJH4+UTMiqRzgHI474Py/XXhL9jr456pa2d1J4dh0i1yqyzaxcJAItwHzOhO4Ac9wckDg8V1rAVaqjy3vGz21Xwp6Pst7ddtNDOlKopK8JPmtrGMk5Wtp0bST21ut7W0+Tr3QZVigtHvbWPcCHYuMq2VyFHzEkY6kDGAB0xWRbeGtOSWQXWqQ7VyzLlSSckcvyB7HoeuPmNff8P7AfiO5ulvvEnxI0LTrYXIEy2a/a7hE6mOOIlQFHTeOSe5xXsui/sbfs++HNy6vqfiDxdMVR5UikezgMykFtpBcFSeV5AHQY4A6KWU1ZNxc0lda2UVsl538rbK9rnTPCVGozp4Vu8o9VfXl3Tezd3r076nwL8PNL8IW2n6tJJp9xqcjxqpBQyhmJyDABk4yUDEHgcnPIq7ZeCb++u5zpPhe+uI5JDIkVtps7FFJOCHaMAAYx8pwO2Qcn9evDPhT4P+FbEWnhn4d6NAIkjCXGpql3Ozr0YmQKSQc5yCcHnODnq5fESvK6WNppemMIliWPT7OCBFAXBG5Y+QQRyTyORyQwmGV0KVScqlR62u463aUU0rpW0/pM9NYPFVKcIWVNKzslrZtXV3o/PXu1bVn5U6L+zr8UdUiW5tvCc9na3LYSbUtkMcYzhGZWOYzg5xx/tHivV9H/AGSdRjhW98UeJNPs5UbL22nILqYxqRlRyNp4wcZAGOuePvY3UbK0dzLNIVwApchDk/MVAIxn5RjABPc9qV00MKIUTYkgOSQGOTyQM5I9eSc7cdTiutYTBxV+V1Ha7i5J6+7Z720dr7rpdJs2p5XzRi6lV6JXipXd1KOvNt3XVW3etj5W0r4H/Czw1Ot8+g6jr96ChM2oSNBb5Q7smBSQw+XcRkqPWuL8d+MoJNTMkdtZ6PDpVrPa6da6fEkSRxxRhR5hVRuY5JOcnGeec19F+MtVitbK8uROYltonEXIXeWUgdcdeeQcE8cc5/PDxtevL/asz3IDSRyMBnJBky23IAP3euMZIHYk17WSqjRqOaglZJpNLpZx22fN5tpx12seBxJCnhqNOlStzNp30ukuV62vK9+id9F5nvPwMuW1C7tZ7y4knnbUJbiNlclVVmJDNg4AJ+6AMndkgc4+ydQmiH2YMzGVztLFjJ06qFJGBxgjheOMda/Pz9n/AFIWsMUskquY/LCnIVVbe+cnPI5zngDgEbjivpDVPiJZWtxI813CojLbQCGG4EDtwOSMYHByK6cwqc84zi3aPKnd9G1Jtt3fSyflZWuVkM6dLAOVW1+ayuo3STT5ne/nbbfserXE1us3KkSo42om0KSdo5AGcngnngd6Se4t1jMkincu8kHlD8pyCMDg4ZR15yAcYA+ddR+KtsW8+0ieaQvuLSNsUgAZI3Yx83zY6HggZyTn2vjfxf4gla30vT7258xfljsLWW4WRm4A3BcDg8jIBzjvXMqVSo4+zpzqt6NU4uSel9Ulq09FffVPQ7J5zgqMJOrWp0lF7zajF+8nopWvbo0+9tUe8z6taIkcx2Qxqxfc5wGKnpgkgL6ZPAK8ZznPuvF9liN4cS5Ys2BtjG05IC8AAEHBC+gHasjwx8Dfjx42WGS30K5sIbhsedqCiFBG2c/L1UL1yQoyCc9j77oX7EGteTHcePPHGn6ZCELTQW9xCrbFAJDPJICowCTkZPcEZx3UMgzTFJ/uHRp6PnrPksk4vVyt0turLonuvlc08SeHcsi+bGfWKkUrU8KnXqtrl0jGmpays0r26JaXv873Xj2ztftEnnxwblYsXdTIOccIrHp0555APpWBaeNtd1e4lTRNO1rVmZQkf2SwndWySqhZAhADHAxuySByMYb7ctvh3+yl8L/LbV5LTxXqUShWRrptSaWUAMQsChk3Fuwbk4OF210a/tHeG9Hhey+F3wjgiSNcRXN7a2+m2oAON4GxiQuN2SMkk4Nd7yHKsDGM80znD0mv+XeHkqlSTbjfSNrXd21btfU+Kr+J/EWay9lwzwlmWIU7JV8bB4WjqlafvKXut6tK34s+TfCXwa+PHjOZHtvDF1odjKdrXWsK6cSHklc5AAOBkDBOcV9G+Hv2MVhVL74n/FGw0q0jR5J7OG5ghVV6bQ7yIwxyuFXPcEMrCsnXPjj8cvEqSQRa5pvhm2fOLbRLNZJ1Qsf3f2hAgJUD7w53BsCvEda0rVtUne88V+INS1lQfMkGpajIqliSSDDvwFy2eMgLk5B68lTPeE8umnhcur5jVivjrzUaV7xV+VdN21ZX3umjgq5B4t8RxbzHPsBw7hJv3qWXUXVxMYO14+1m2oySv7ytqkvX7I08/sQ/B1VEssXjbWoVBEdsjas7zA5GFYbUZjn5lPA+ZflC0/Vv2y9XjhbTfg18MbLw1YquyDVdYhijfbwA62+F6bdxy4PX5jgCvg9tZ8DeHS0xn05bgxALHFGkjxheQQzMWUnruOcY6AAVw2s/HaxtQ8enWfmhSQs1y5ChhgB0BwSCSew5PXgVxY3xKzGMXQwVPDZXRstKFKKlbRK7te+zWr0vY6Mv8CuHZ1IYziDH5jxHjI2k5Y/FTnByfLqqcZcttE7N2+Wh9aeJviJ8Y/HrvL41+ImqR2bhg9hpbmwsACeY0KsoKjkMcg9TxivHtSfwNoJlub27t7u+bJeW4na+mZ8HK5dyNxwSDwTzg85r5Q1r4x67qZeKXULkQAFlS3LRRjK5VfMXG1QBycnj3NeSah4x1SS8KRuZEI5cZldmcHLAt0AB6naCV6nNfneZ8Q5jmFWU62NxGIbd37SpNwV3HaN1FdHr0vrpY/Xsl4byHI6KpZblWDwiVtaVCnGT+FauMU5apte827Xfc+w9Q+K2ixs0Gk6ZGQiM3nXsgRFC91QDAB44xgdDwePCfFvxd1q9aaztNTZHbJK2S+THEmSCCy43EA44xySSOgrwefXby51mPTQ7BnjxMSfnAJG4HpgYPAGeTnpyOgTQZLi4LIx8ojbvJ5Yrgtx6YH0zkDsR4LliK0k5Ts2k9Va0W4pPbz31bs9dT6KNTaEFZRaTirxSbcbqSSS2sldtJ2TvdHKaleXWp3zTTTzzuAxUyu8rljk8jkdDnPGDwMdTzUmg395cJM9q8z4ARdvG0/xEY+XHUkHjHavf9G8N2qxiYRBnDEFnCk7QQvI5A4GOpz15yc9fHp1qiKFjVXx12Dhcjk8HgHqMDIPqAauOHkleUnqtrXSbs9E00uqelra9dIcXUatpdq6W26s1a+r2810TaS8A034am+uEm1GPYrbSFJYFCgyvXGc9Ce3OTkGvSNP8JabYsqC3WQqNxZkDEDnnHQKABkckHJzg89D4i8R+H/D1q9xqN7bRxwx7mUOiyyso4CgHJ6Y5A/iUAjcR8s+MPjbeatFLa+FgbC2YtG1y5IkcdvL7hR1Ddvl4z01pxUUm5J2tta3T3VdvRp7rbWysmaqhGD99y953tfpeOi2vHVK7utTc+N+v2SXOm6BDOix2Yae4ETAgu2QquFOA4P8AQDvXDeAvj98RvhBDq0Hw38U6h4Wu9bs3sdSvdJuXgmubSUFWimkTDEFWABB544PUeP6rLeX5e6uLiS4uHcebJLIzMQDkkk5OM5xgnnJ45rKMDOyqxIIBJAIwQBgKxAyNpHBPUYBxzXNmOCweZ0vZYyhTr0Xy3pVYqcHyyjKN4u8W003FvZrvcca1XDSjUoSnSm18Sk1O2mjSaa2TbT01b2NHXde1bxDfS6lql/NqN3cFnubyV2kuJ5mJZ3ld8lyzFixJIA79TWGqMZMxZBKMp55HHUEHkY6Z+gJGc2ViMbE8KFzlgQdxIOAM9N2dvHYA5BzVdr9ISrugLRk4C/dKjruxyMkgZ9u4wa1o0oUKMKdKnGMIxioqKSUYxUUlGNlFRS2stuuh5VRVatWU5ycpSd+ZycuaTtZ3bbTdr/ibMUcqvEwkwxVdxLc849OCT/D1bJGODmnSObdGKy4BccEAkkE5b5gcgHgnBByvFYw1USAMgKkDKoQAM85LNjPPB47HHOOa88lzNGMqzkOCXUkAE9sAngE85yc5IIIBpQpTlzfZd9kt9FvZLdN7X89ruKdPV2Tvs1FOzWnS+rWvRK1tb6vZmmSIoA2wlCRuOTnqeAfulcggEYBGM9Dft5reaPKlw0cZyOMOTndjpwRnIy2BwQMjbx85kR97NhkGOgwBjDHOfmxg84HI4xg5S1mnUMVcKrNnCn5jkA/MF4GR2JHJz1GD2ww9kp6Nbq2mml9mnqt97eSvaoRqO6vfrqm7XS83bVNb777o7Wwv2hErIp3sxAwSMKxxkjdz17Z7gY5zq2FzIZ94lViDhdwG4noSeT8uccgA5YjbyQeQgfy2XkEyMuSpwCABkgEHpzxgjI5zXX6FZSX+p2kdvbSSnzcFEUsRuYAHaOuVbocDdkjjJG9Ch7avSpU4NzqTjBe60/f5LJWSt2s7aNX6FwcYOLla0Wm7e7ZJR125dHvru7dD9cf+CZXwJ1b4i/FbQvGGt6R9v+F/g/UoNY8cXNynlWrx2jfaIbJpnQo29kDyoDzGTxjJX9dv2zv2yfDnxcsta0nwtBp2j+EvCM0fhPwToumKrXa3q4tpb2BY0BEKEeVERzjGCMAV4nolpdfs1/sKfDHwLb3cGgeKvjbcjWNRmiIh1ePS59qm4uQcSpC1mxRATtC528kmvFf2Svg5beM/HniTxnqFq198LvhhcveXeoaixVNd1qKfzoLe2ZzsnKyL9xSeSAc4wP8ATbwL4QyHhrh/AY2ajHiONKrOpRnL34xxEIRcowTt7SabhTau0tlufyN4y5xiJLNeI8Z7dcP5ZD2OCp04u+IxGGUnOcb6tVKqSXKl7sVddH95fsl/CLQP2Y/hP4l+KuqzvqvxF8a2Et4puyUuNPtr1TNbQ/vCXiUkq8z5B4Ixg/N+R/7RnxJj+IvxBtb/AMe61c6vY2t9cxT2cErlATMWSG2jyQI1OIfO9CVGeAPub9pD9oHU9duryHTZYtC8LWVo76javLtdljjKW9pDGu0BmRQBEMfNnHNfjvcTp8QNX1a5eCfSoVlkuJr5gVMVsjExRRKRjzp2KscH5sknIJA/pbKFTyKnKM5U62Y5rJVZ8k05YWi3HkoRSu01e8nLl11stT+I/D3Lc0454lzHj7iHDYnC0KHtqGW0sTCSpzhJrkqRjJJaQ5YxvtG6P1r8E/E7TvC3wKPha21Gy8L2WpRXOq69NZyoLu28N28bCx0suCGkuL0FFYgEjLEjIBPYf8E659U+OPxf8Q/FXxpqk2h/s/fBHS5GstKvZns9M1TWlEhsbaOSXZFLPPjdI2WJcAEfMa/Dq6tPFFnrlvpS6tf61d6rEkenaabqR44IR8tubhAduVXDEHCjB4xkD6Wf49fEjwh8IbX9n/Try30/QI9RbXdat9Pc291q+tLMkggv7iEB5reL5h5ZJGO4wa0zXMq2KoY7L8Pz5dLHz9jWx86adT98oU6s6ckruoqN40pXXK0pLRa/q/8AxDrCywmNnhYUMbjcfU9rGNSEFTw9GH7xpR966lJq+nvbeR+8f/BQn9ovWfhP8H/DviLw5fR2Hi34p300ujaBb6hHPLo/ge1LItybZWxG18u1lfaAVztyAa+NPFX7THjHSPhN8Hb1JfsUvi3RZ49WghhW0c2ikGSVZE2nzpM/NKOvU5OTX5u/Enx7rXxr1zTNV8Taq8mr6F4Q03wxpumGWdNP0+1tLfaojVgURm2gs3V2+9157f4l6Zreo+APgkmoa1NPLZ2M9tLa2jhILKwUqI8sGw24DLZByRndxk/D5fnNDheGMy2tGhmEsNXlWw9ScVyynNqMXZpu9Ojb3W5e9Fyd3I/QOH/CXKauUZDHFYX9/PE1p4upBLmlBUr04uV1yx9or8qirNtbJI+gLj4PeFv2w/hL471pr6WD4mfDmW5vfDouX8yS701cyNZXDHLSowjYLKxOBgAZPH4z3vw58TLqd5A1lNCbaea3VXA2SSRM0TCHoWUsPlUDGM9Op/dD/gm4Ypfij4z0Ca6gvLPV/D1/Ctm7FkkjggkjG9tpG0b8HOGJBAYjBPxP8WtX0bw/8UfHPh77JaR3Ol+JNTstPVLcPFbj7QzKxYA8D1Ktgd+MD+cfGPgPKeMs0o8RUqkcDisTRjHHOjGEadSdkoSsl8SUd93pq0tP6R8Oczq8P/XOGqcZzwmCVOrgozk24U6nIpwTevJGV3CCVld2tqj4t0H9nP4peIrWbVNK8NyXNrYr511JJKsQReqsqBwzOeCo5JLDA9Nm1/Z2+It49xINLit1tow90k94qspIyFc7shifurkYye/Nfbtvrng7SfDGmJe+KdZ0vUdY1JZ9b1K0nIsYbWABljgtUcBw4Gxsgdc/Xyu78e6Vr/jqTSobu70/wbqE6LJfQh3u5o4ztN3Kd3ylyBIE3ZA44GBX82Y7wxwuHlKnTrV601UjGMYygo875eW63SemrbT26H7Jhs5hUSU1yOybbhJpS0Ss7aXV9ErfcfO+sfCbVvDkNumu3X9mXM0HmQRKySxsvUMHVmOMHuuTtz0zjk5PCUbRiP8AtSBmXABKDcxbJ4PHODjrjn05r7jn8NfBy/v3gvfFWvyG2ikVL2eF5kZFBIRVd8KozggMeB0rjLvwF8M9dEd1ovito3iuzZxRTWJgSRtxUTSkEjgdGOA/3gelePV8KM3tKtRpw9inJxU6qc3yuKnqrpW303ta63O+Oa0JWjq31TTSlyqN5KV2lbe1tbK1+nx/Z+Fri21GFleADzuH3ksgzjcRk8EsMDpxjjpX7Q/FiGbSP2HPhXFNKyJdXdvvZW2khXLqcccMDjPue9fCV/8ACKwjF3d2uv2FxPbIgxKUjc4K5eIA4YsAeCueTjnFfff7S8DWH7GPwVspHwJrhcOmMfKMZGcZwME4bHoPlBP6v4W8MYzh7D8UzxNHleIyWdOL5rpx54ppW1tK276Kyt0/NeOMdSr4vh2EZJc2axTS2vGEkt7aKzT2Wt9Gj83/AArrEw1R44JvNtLa5Uyll3ysrkBlyQu0sATwB0J4JzX0N4Z8dadp2tLpkl0tov2iKayjcDdJLIxYxt2YA8jOMMem0Zr5R0SKSyvw0M6shuh5zrjlDyN3UYBJ4IJ9SDgjL8WX8ttrH9oq9y80N0pjZM7dq4ZS3oRwCeuM/SvzLP8AGvKs1p14+4ov3ot8qaurtO6dkmk9N9tUj7ChRVXCcqWiineSWl1GS5N27aKzt1tbp93eKPjRd2EmoaDZPAt1JC8onYKmxQhbapALMzEjcoxjOTkHji/idBL+0N+y5qmo+fDceMPhLf8A2oKyA3D6RPlZkjJ5eNRlwOVB5xkbh5z4Z8Eaj8RfDo8aOVtTZ2VxAkcThpruaFWknaRSR5e2ILh+N/IA+Uiut/Z18VadpXi658HXrR3Oh+NYZvDWorKcKZJ1ZFkkzkEh22AtkcYxzg+HDiSpjcbisuxk4zwWYYerhXGrJyjSdWClTqO+04VLSi1oklvYwWFpwp08TSU1Ww81Lb3p8jTlFtPmacXJdUumu/5NyxLHCjKkitvI3AHOeOmMFiSCABjIA/2sbekeHNc12OSHQtG1DVri2jM86WVrNO6x5I3bYlbcpJ+YKM9+pJH0J8ZvgfqHhD4na14JsU33S608enWkKgNLbXknmWpiJ2g5QrhlIBJ7d/rb9n+y8afAqfR2ufD2neENZTVY92seLZrZtO1S22iR4WgYS/Iq5bJG33A4H8ycWZvLI54ujSVHE43D1akIYWVVUnJQbTkm05O6h7ttb2XkcfGnGNXh3J6mMy7BLMseqSeHwcqrpKq9G05qFSUfd1tGEm5dGtF+Td5Z3dvJc297BPa3ccjwS29xE0c0TJ1SSJgroVxt2kDleQTTLVGYCFASR87AsVK8dM8ZHPAHJz1PU/p9+3L4S8D+IZvCvxF8IXvheXxLr091H4q0XwmqzobppWcag0cK7Y94yEQKcqcgcV8kaP8ACy4g/wBMu7W6e/kS3kttNls5181XZdhwEyN2cgHr1G0AVz5JnlPO8uw2Mp4erQq104Sw1VNVIVIu0ox0TlFSu4zVuaLXdHRw1xPDPcgwWd4jDVcs9vRvicLjU6c8PUhJxqKTlytpNPlnypSjZtbW8gRdU0q3jMiXcSzIxg+cqrMQOpByY8Zxx0IPQ07S7tlA3uok3s/ygmRh8vylsk5IbJHQnJ55x9naP8A/HHjBJJ4bC0i0+xCWy2pic3EFw6DMOwoWYnHIOCOgGTkcVqnwP1rw9fXgv9LkhWNmiQ21s8yiZcn94NuUYjnaPugHk44+mlkec06Kr1cpxtOlNx5assPUjGS92zTWjXRN20s10T9HCcScP4zESw1DNcDUrwtGdGOIpSqx2tzQjJyte6TaTeivff59N8gvTNcI5laIKoBYBQuNqHovJwNvJz0Feqap4nht/DWitGksWoqyiS1VAtuybQFeQqCCxHLFs/MevIWua1G3sLW4js7pCb2OUgsLcqWIPy7wQCMEZwCCeTgmnvqj3cMWnS+XdvO6gCOAlkVSFUbuMIvAUD5vYKOPBxWCcpQVSkoRpycpc6tbVaO7Ti0layve+vc9tqhPkkpxla3Ly25XJpbtWctU2kk1tcwl1fULi8YXDIFlIPlhsBWcgExrtKqCBjgnkA89a9ObW7O00hrFAg2AMhfaXuJGGSQ4IJC7c4OMY7EbhiyeC9ZbyJrbT2aN18oXbxlPmIBAjUDLhGHXrn+HtXHeI/C+vaBAJNVtL22kZiInYMA6vnZKuM5BA4Pb+LjGeCthcPiZUqaqQik20lUTTcUtdtbOy/W6Hzxl7ql73S71XwrS65fw5fUzNduJS0shlMcxAlcg4XaP4UYYIyMZHfA6gmvPJppJYyXkZo2kycMS2R0J5yeR2IA9AAK2b8anIiO9lebXyqSGGRmmIA+U5XPIBOQWY9T61yt08to5iMclvldxSdWVjgcnDgfLnjryO5XNfTYDCxpwpU24SkrJWcb7q90r3Ur62t917Yybi2k1y20tzOSVo362bs09W9Lvq07kEhSMsrukavlmzh2fJHQ4JAO3PPHHINXLMSNL5jzhRht5J+9j7oBwp56YxnIPOOa5FL+Vvl3AKCRx90kHA9xjuT05A71p3E4W3hVGZlQKW3HA3NySCuCyg9/XggAYr0qmFvb3Um+qtra173620T8311SjUW7e1u62cUldO97PTsnZba9TeSCa2aadkYnCxqGHJXOVYLgn2PPsB3oWV5HsctEDMN6RoclRgA5YdAcgYPXgA5rnpLmQOoPCgDahJLA8euDjjOeh4xTWndFKICC+GDE/MSSQcDpgH16AEc8guGFio2a3cbtL7Puu6fW7TW/W6e5cKkVqt7Xb69Or62XRpJaanQQ3DySlslpSpwvVVKk5Y8cgc4IB+vFdBpKXj3UcygOUUli5Pl4XvjHIAyQB+GcgVy2kW8884hVG851B3gHhDyWJAOR1wAVI6dMGusuNUttLGyJ0lkiAC7QSpLBQwcjgsD2OecA+h4MTFKcoRT2urX929r3v231tu9GrDTbV7+6rvezt7tvV622s762er9X0K9uLu4DST7RGDsgYEoflCghcDIJGFHAJ28YNa2qXk4iY3ErW8JA8qLoWYMSehyM8nG4gDk9cVzPg5YtWAvFn2SwgKsKbQWlIyAF3ACMc+45461e8QWk7RSBr9ZJwMx27nGw9GzjK7TjgggZ7c18XXpUXi3TlzXi1Fqz68ursmnbZvRW5V0sXZycdXa6Wjls1B33v1SfRN7blb+3rtQ6TcwEgMQVeRgBkbSOSenO3PG0gBeOeN3brNLHEjyCd+cqQ6AnOMgt0JPcHB9iaxnt7m3DMZw04dCqFyFTIAICkYIyMc4yAQSQcU62GpXE5SGLKZLGVSMBgOcEjGTjBGRxk9a9JYWhSp8yaW3xdLpaWvbXR2bWjWutzROcbXTTe6VpWWnVJ6NW0astDtNHmjt47iYbWJXaomOGLqcjaCBlV65U9R35zz8+qSvdG9dYy8Lso54GTyxQ8NjnGRkkHqeKtP5d0sYdpYmjDIijGxpAACxIwSCcA5Gcnpjry97DKBKoY+YpJbDHLEk5AA4LdBuA6e4JGVGnRlKV3rLW635fca6O6Savdvp3NYq8U5aWSulZXaSt91m+u+y2foNv4i0O9mVNU02C4kitxGrxAI7O+AC68cqTnkEcHjAzXLTszagIo2aGMMwVw20pHnhW5XLFQBkDrjHNcWyXSMjQ+aJOuGbDFunzDjbjI4PHXkZYG8k1zGYVkjkkdgA5Yn1JyrdSBzuz1OCPWup4SEFJqcrPo27J3V7O+l9F9+4SnFR6K2rejvsk0k7pvXXW/ZNno1tp/2vDiYM1sQGDgFX4BA6kk9COMjr6V0lp4YR5kubrbbwA7gUkHmSq38IXgjI4wCck5AJJFYGgzTW0TXMlt8+VaNCh2mNQPmdSMAHoGJADHB/2tPXr6a9EbsRZttURwZ2BuCWZiMY57cEDue/iVVW53ThJKOvNJatel9/Xq7663OecpOLcdbaNJ2d72i9Ve70vZ6NtvXU9HLW0MAis51kZSBJbxkZSOPHzOw4DHPJ6AHC8DcLdv4uhhItQIirKgA2h2LIDkFzgjJ74I75xgjx611yHTRIz7mnKqruTujwOoyc5Bzjg+meozjXfiB2lleGLylYNJDIq4cElc8AnaOTjBAzzjjZWay+U48s4vlvfmafeOmtklq9U9W99LGajdx1s5dk5aLlsns1rdN91dKzue5XviiSdXSSYRl3+UDC8J0L8gMRjII54HGcCsu+8R3IhT7NOrRIMylSQCo/vDIJPPT5s9BnofDY/EEswkjkuVZkG3OcsuQSMkdC3GTu6cE8caOkayZ5BblkkMreWg3DaQMAl8c8YyCMZOOON1aSyWkkpRjfRN2avZWS21trt6LVMznDZPrrd7r4b7N6L5NppeZ3Vv4uuY7p7e3vM7nVnyx3Bj0UHnkLknpxyDgsa2Y/Ec7zIj3CxCSQhkxw2CP3gOR/v5JOTg8dDytz4Ta8UXOlzoJ1iLzQghD5wU/KvIJx1JI5A65rFht76ya1W9BZmmMchJy6LuAbZjAIIydxIUYw3BraGWYf2fNFxTVm4PfRRu2vitey630exk6XJbl929rJ6r7N9N0mmkrNpp303PUY47y4uVNjGbza5ZpXc4DtyOgwQMYAOSNuOpFaOm2l3512t3PCW2Hfkq5QgECOPJGT93OC3OPauS/wCEgW3ntobATx2ccfzsrAPJjPJwR0OQeTxwO2L0/iSKBEzAHdnbDMdrFGGSzAY6LjJ4PJIGCRSnhKkYpQUY69PiS91XVtWmnu3f806fNFptKyei1V9FsrLRvTV9/lo61aQ6TafbI5biac72ltpCWDqOQSp42gEncPugfKQSK0/gxefDbxX8TfAml/EtLvTfCU3ijSYPE11phBuYdHnukS9lDgfJiMnJH3QR24ri9Tuhq9q0C6hiSdWHcFISOMMcBQp4bIB4/GvLtMtr/wAN6k1x521fPCiZn3LMiufmAI+VgNuQMYA9CHrqo4L6xhatJ1Z063K1GTXvXtutejt1SXVXPWwtV03CUleKcVODaaauru93qu/Mu1rH7df8FFP2Pfgt8IvHHhPxD+zHrK+IvhB418N2d3b3s9wl4bLXpIlM1gbzA3yNkNJEcOhO0jPT89b/AOHWu6JYQm9085miO37PEJPKXbuLO3IG7PTAOeRtGa9K8PfHbxDqvwl8L/DrWJ7G98NeF/EkviGGOdt15HNOqrsWRsyGNsHKEgZyMd69ItPiz4bnjvLnV7ZEsrlPLtghUqpCciRDwMjIB4yODkYr5SlhM3oRVPEpVuWvUV4XtKnzJxlaTcklF21cm2rJ2R35pSwdalSVBT9p7OKlKfLzylZNyfLFQSuuW6Su7NLofCtwrJM6MCywKd4HD8MMhwDyPlAOcHPc9DFBdwmYshAEnyGAqu7OAMkuRz82SPlwTuJwAK968fXnw28SWd7f6Cp0u/CiJURQqTSE4MjEYAB6kk4GSQSfu/Nv2ZLOSPLFzvb5lbchcNxsIPzA8A44UnqeQfaoUouKfsZRvreUX9qy02t5q1763adj4qtgK0LtvRr3ne6SutIvq9F8t+tvcfAXhG78beItN0XT5Vtp7uVLeKKSQQK8jYwzSk/LGCQWwPxwCD9fXX7NXw08IfD/AFvU/HnjDUNO8ajUPs1nLbc6QkS54BV/3xUZBc89c89fhjwFquqWfijSpYbp4ngkSRbhA22BCx8yWRlOW2IcKCQMjucCvoD9oG91a10ya61nXbttO1TT7e60a0kmzHc4RQ8ioCWXLAtg4JzzkcBQrVMJjqUKUlT9o53jy3lJygrXcVtfZLeT3bSPZy7DQeGqzdJSnBWUppbxS0jq0rWtezetup8b+LLK5/t+/t7fUZL2JLiWG0vc7UntlZlSZOSvzrgkEAYJ4K1xl5o+oRETedl1fafn5dfZQxIAAJLEYJHGOQNOLUYnaSVnlIlQ7MuCVYfd4BJVBnGMjPfGOOc1XxFcwTSRMURI1QkFThwRnP8AvcnpyTk5Ga+ohKtUaUryaVmlru43b1fbSyW12cVVOV4tWvqrN2Wq31d9NdldW0Zdl1e4s3ZJGk3iLDKuQCFAwSQRnaT0xkH5hzV7QfEK6fOt/dXXlSSSBVl2ZdYgCCoPPbIByMDOeM153e3kl+qSC4VMuTGgbBK45Ljn5iwI6sT1K1nOZEKK8hZEIZXL5DN1zjn6bdoy2eem306VOpFXUnGT1Vr21cb6qz20WiT3T6ESUWkk0tVo3dbRV2r37rdWtskew3vjbUbS5uLizvpY7d5omgKkqwIwfNZcHfkActnng4xk+v6V8SlufD073Vyr3IidGEsYDzMeFIOc7R1zjJPI9D8jJdieVXLlkOBs6jeCPvDA2gnoSOcEYyBWot1eSXqLa3B8vy40foEjUHDEKBt+UH1HUDnpXo4PMMbgZzdGrUtODUo3k73tr7zXSz6vWz7HHXpRnBXStzJRsmm1olfVXupN7Nvv1Ot19r7UbieSLDI6id1TIVQoyFZsAEDI4wM55GSDXn160sdsZZSyuJCAuNoIGMbeD87DkfQfwnj6Thn8IW3hOW0trhbjVLmIi6nmQN5BBwCj85A6gYPABxxivn/W9MPmyEXAkttp8qRehdR94gdOuSR0x1HQ8NLGVK+Im6jldya97Tmu42koprZ6J7N2WtrmfLFKKTTbXWzS0SWmjtpZc3V6tO6XI2165Q5ldAWYxrzkMcHDeoJO7PHY8cU9rt5o41nkUhWYqByFK/dyfQbiAoI5AIIyay3Z4wYnKu3mEbwpOxS2N3y467hnP6tknoLDw5PexSrakywxlZJGD7cMPnIxyxwAcZwB0xzXoSp04pPnSbav0V3Zqz1Sd1v000W5UabVm9ra3Vld263vo17r1srLa1npp3nsk0Vs0s4iL7WTK7AACwxkgbQTnk4UnHQnpF8EassVtdHRtT+w3du9xBePZzR2MpjH71be7ljS3mZP4lRy2QBj09w/ZW8KfDzxV8avBXh74s+KT4U+HOp6kmn+KtdYMP7PsGUhm8wAmL59hZ1HK5/hNftZ+0P+1D+yLoml/Ar9mHSvDGjePfg/8FvGtpq/ifx54dsYbbVfE2gXFyC2nwTBEnvHjQA3MruElVnUgEYHu5bgMFWoueJxUaTbUIK6acm4pOSb10u20red7Hm4zGzw9SEKdOVS6c5WV1GKs73tZuTTUUnfXyP54tL0y0iVbqSOY+W8kY3DLB1xnOTuVU5BBH6Hij4g8SwvstF4kKgs0fyqNmcA4IyOD1BBzznHH6xf8FWtP/Zk/wCFreBPiJ+ynN4e034d+PPCVncXvhbRVRZtE1JLcCWXUrUMVs7q5KhHjz/rAx7nP456lDDLctEwaFkBZnIwXBJYAFs4yCexA464xXnY3ARw2MnRdaNaMWkpU3zRkuVNSVr6tWtfZr0Z0YWtHE0Kcork54pyjNWs9Lpx2unzLXZLRLZyQ69qmqBrcTsBGCu0fISkZ4UsuSQcDAPX+781Z2p38k0G2S2HnA7Q6r1VcdcnAyMHO3OTgnOauWr2NmHaMh13jzMtlie4PXOD0GeM+oFVZ7uG7YwKmyFiWVgQGLA5I5xgZ5JJzjBxk4rJU0mrQdm9nrquXWSaeu+tzupxceVNuXvJPZ7Nb3Tfd72Tdi5Z6rBPaGzulCkrv3qMHIHCsRxlccHJ3DsMGs1rt1uBIm9VRSq5GQ6464AA4HLDAye4AyVZFdRFCy+ZkhyQAGUDOODg5HTHJYjrwKpfvGYQmT52JCqQAAFPIBwDgngY+6MDAB5v2MZtWuk7O26s0rpp7q6VtduhqtemzWj1vtfRvXpora38raVxdYjLyOCzAFBuJ6k5PPPPAIIPThs5w62aS6Qj5Rgr0HG0c7jxtJ/2ccYHoc0JIoio3jKhfnOQdpyB/wCO8fL09AM4robJbCG2iTzCrEq+ckh88lcgjv2I2kdRnmsK9HkgnTgndOyu3ZWX91W1t0/FWeqUbWXKtltb+VJb36Wt0e2qd+g+xG5tfJYoj+WuxuNroMZ3H1zkc9RnnuKK6UwaN+I1iIXePl3jvtBBzjvtLYz6nA6LT5dOukCPIYiBsRMgDleeBjgncARgHI6k86TCCKEW8+wcfIrEZfJBBB57ZwMYLcZLZx40qlRTcbSsmry08lbS3m7J6vs2xOEpRupJOya/8lVrrXdN7Xd+2jy7XSLppIxaqpUjG/e20Fvu5B6tkk8DGDjkYr0nw54E8Q3lwdMjeUXUwDo4JW3QFVbfI4GSSh6LnPAxXmNtqGp6TfobXE+9y8UTZdDgEBHUDhgO5GCSD97p9XfCTVPEtxqNlNq0FvHpJInlaTCuuwBQijO4gMMKGzngnPZUaMquKo06koxjUnFNbtXdmrX1eu+lmmtdLTyRhZTu3u5O/LFuy6Ws9tbN78x6D4P+CUdjYQ3usxx3t8gCxyzOFt0JUDIB5YDIIyO2CRg13k3hPRLaLy59RggjiX5hCqBlfHzIu3Pyk8AnPbGOa6q20nXPEtzLFp4v5BLIBDAu6OFExwSRlSOeMEYB4PWu9tPg1eWiR3GorZ2yFA0hnfe5cKCdqysqjk4JyVwc5r9LwuRQp04ujSSSinzSik72jrflV++r323YvrVCndymk07e69X8Oqtdvay1btta+vhccvhq2Ags7a6vXXC7mVny+SCRwCR3+8RyBz0rRt5dXuN6WGluEjXChoREMem4nLfNgYPUccdK9nu9I+H3hePdrGu6bZl8ksbuNpyyjLBIYw7Ln5iACcDrj5a5OX4pfDyzka18O6D4h8V3igCFba2mNq57HzQowOerL37Ak11LKKC/jVe/upp7W06bq/z73D+1py92jScmuslu/dvra7e271fa6ZxEmneJLqeJXHluVAKQxySOo4AUAKV3ZyeT156EY6JPhl4qvik091JZWp2uXu5ltVVWGQwRyu7rkg47EjnB308Q/GTXEiXw54I0zwZaBQWvdYCPPsYnDbXAIOD13Ag5GOlZN54B1zUZYrjxz8RrzVG6yaTpMskNuCRlo1MJGFOcZ5PbdgjI8Fl1JOSpuask3LaVrKzs0rJ6aera3Jji8bU0XuyutHvFPlvfd6q+i1d+6uV7rS/h94a2L4m8arcSxjDWlrOZJJGXIwixbxnnGDjGPfNMsfiJ4Zg/ceCfAGreIZnZUS5ubRlj3ZAVzLL0BONxweD+fS6L4M8GaS4bT/C1u78n7dqzm5m3chnBmL5ZiSeg69jjPWPNFEjRR3ENoiEHy7KGOHOWOUygzgDPzZHQA9hXNOeCocrjSppbN2ja7tZX7r1aXfW520MNjK8f40k2tovR6JtWSvrtrezOCn1r46a2cQ2Gg+DLByqjeIbm6jQbgWO5QqHGMDseMDOayJPhJfal5jeK/Hur6+1xKJTY28jW9sh6sNsZGRkEDkDJA4Ar1JWtZEU+ZPO5YNJvdiOCcbt2AcjpnjqACTxVkv7KCZ9gxLlQAzquxQDt3HPByMHk8Mc5GaxlmmDpybhKO27lFWVktld7b69W3udCyvEuFpzm01vd7vs2+uv5baLD0f4d+DdAi/4l+hWTzgMPNviJ5ywGPMYycgliQM8nr0GTPqNuIEx50ECKWBjgiRVAbGFwnzEdeQePXB+Wld6/bQSyEzxjc5HlxAzv9FSNS24jgFRz6NyRw/iXxYbFIbhdNvfKuXCLNeQzwQyEHAKGZQZOwAAYsMY5xnhqcUYJVYYd4rDQrSa5abqRU52te0L88mlZt/8AAT0lk+I5PaexqSjFO8uR21cFzPlXfz3b6HhHxClRNSneeXzW+12oRQo3qPMXao6kjGAAO+SvHX9fvhndacPhxei9aOG5fwDMkIl2JuT7Du3BmwzAjGCM5wQR0Nfh38W/GN5p18B/Z0K3UzxzFGJBgXdujY7huJK5bkgHp0yR3Hwl8afEL4lXOp2WreLNXj0/SrBfItrOZwnkRx4W2cAAFBjaVz06Ywc+tU9risNTnTr8kLqUmno4ppuz5rX0Vm9PPv8AOwqRwmKqU5QUp7Rbi9HJXT10TV1ZPsr3RyWhQaOPEt3f3+nRXyaVr19PHbOoZJC17LuKKcbggwygAAYA4HzDu5LHRI/EGn3ttaTqdT161uJwihFsovNVijEE5jJyFDMOQcYIFebabol0+o6nI7ylob+dIjHJtdyZW+Z0yPm/i6HrkkjrsvpHiD7dbG3a4CNeW3zSzd0kBwVUYCE8EnHck5Ar6LA8VwwNKGGkqclBcqlKylqop7aN20V21a9ul/Dr8LzxaliLSUpvnsobu6XM99krdrXfU+lfjRf2dr4oefTCtzato1lFJ8oYQuYlJL8/KSCScZzjI9T4BrPiC6nuNPkN1EIbWKOOFhFyhBXJ6cLgEHGDnuGzn0Lx/wCHPF2u6m17DLaW1u9hZxbYpAkLtFCilyVOCxYHklQcDBI6eZP4I8TxIDNd2zhCfkZ0dcnjnI3KB23HqDg8Yr3sPxhgaUVTjNx5tXyuytzJyVuzte2/Z9vHxHCGLqVOdxU2rJLRJPmirK+vK97a6u+1kvShr1rd/CDW7Q3aGefXYnWBTtdlTaXlEZPQkdcH5eM814tYxz3vjHTJ4JzbQ6Vbx3iTNEAk7RMknlkHaGyyqCOc8g9SavHw14ji86FbuzVGJPl7xsLMMHAB69eMEnryc5qyeEPFMm1YNShif7uUmC4HUpu6gDGAOoGccderC8X4HDzq1IVW+bVKT1b0el1o29ut097mFXhbFThGEqDfKktFrJ+7ayfdNW2Tav6fR2m/EWHxR4u8Mm8a0sHhv0jtpYYRAbmQxeWBMECYXfxkNyeSSTmvnfxfrtvaT+K9JiS2e+k8UaoxnigVnjJkkBy7AMUbPXO0HBAyCKsDwt4q042V1HrMP2i2kSSGQMu+OQ/xhhz8oJAOOCOSKxNX8EXc0lxqF5qZM1zK0s8sZBd5pQxcvg5YOxBVh09iDXbheMsDXxLlXqNc1PkUrtJ36tp7y110XU8rF8J4+nSbp007JN6a68ttFZXS0VvJM8A8XSmP4s+Ap4phLILJFkY8bH2bSoBI4XA2jJJPBJ4xt/HCZI9b8MQ2dz5wEUMlxzny55JElZTz1LA54zjg81xHju1ksfiP4bsRcM8iLCFkK4lALDJJJzjgAe/BPNM+LbNb6xbx/aHZ/MtmU7twCqoOQVLEc9Rxg9cnFawx0JUMU6UpWrVlJOMk3yJxbT110a11TaWzSPIeCqQqU41o/wAKKhq9m1CLS30lbVtO9vI+vvC9wktjbXLOMPDHEWKKQNqncCfZs4HXnJxzj6i+Adu1x8TPhfamVHSXxjblCFA52kZ5LYzjgegGRxXw54GvFXRdPguL+J/3ImCeYhDAgEKGJGCDk4wB755P3J+yrd2F/wDGP4Rad9ogNw3jCBkiaRVc7Ucgg5IyB/tDvgYJNfN5zioPBV4e1qKUqck43tJtpNre2qfZXei0PpsowTWMw0uVKCcW3fZXV9FdO6XRrTRLt8M/tiwTWvx6+LFu4IceMtTQnPO12GDkEZzjHHHGAAcCsP4XfED/AIRTQdNtWslvPsxuJlR2O0+YerIRtZsnnjI4PIzjsP24rbP7SPxVtreUF38c6irYwQP3igDOemCMN68njK1h+F9Gs7extoruCEtFArSEFHJV0BBJBGCOeCD0IyM5r1cmx0MHSw01VjGSoU4r2m6vGDbf3J7Xb0bPMzHC1K2JxEY03OLryaavy/EtVa67W6d1c19a8fDxAVZdNFnKxVzJCo2jDcccZAzxj09c59pm8b6xa/DPW9EGpv8A2bq9hbvqNpkFLgxgeRvHX92qgkDGOMEd/H5NH0aSMuo8tsgAKVXcuQQwAI4xkemCB1yB6XcWGkS+E7mDcBuso40XzFWY4I5C5yQAAQM4OM4GcD0K2Z0MXUc69alOairNOKTSs9VtZWtbre++/FTy+vSjFQoyipNJ2TV9t7WXa6d9/m+H0I2xu9MMMeVNqjyDKkBwvfOR2woGDxwTnLeV/E+CEfEbw4QqhdkLSIcYYFsY6YJz37jpjrX0Lo+i6DZpa7bo+Z9lQBN6gEtnjAYEDPPIIyMYJxXg3xbit4PiF4fctG0a20JkKtuC/MOSccEYGQwHtk4J5auY0F7KKq0rKabipOyimr7+S6rTddL708vxCjO9OVuis+0db77raz3eh9DWM0cc9pP9niSMRQxlYoo2eSN9uWyQCcAjOBkq3QdD2utag0GqvbwxNFD9mhOWRSXDKCCQQOgwCTgcYxj7vAWWsaJavp7y6lYLAj2jSF3G9E3KWBOSNuMjI46k9OOn8VeLfDWp6zeXVlqlnJD5dvFCUwE2qihguSDgdemeeB3r6TCZxgKNeDeLo04qOtpwT15eqta9vs9d9z5nGZRj61vZ0K8nzaWhK6vbyW/pda/LIurwrOvkFjtIblByfpn0I4znC9snPn3j6e4l8Ma2yPsC20zYIxuJUk9Dkgnnp3JBGa7C71nw9Ewf+0bUOiryWDdmznJLEjjuQAc9BXA+Ota0afw1rEdveRXDzWskcMSnHmSMpPC+pbgA5Gf7vSt8VnmVzp1lTxVCUpwklGM4X1ivPms3a6663Fg8jx9KtSlLCVor2ibcoTSsrPey18ttFs1r8DRXLQMWmIVi0sY2jI2kAAY45y2SBllz06VQS5Vi+2MkDKhuchWPzA9AOMnoMkn6VuPpqy20lxJFIlx5m1Iz0YcrwD0+bPIwR1HIrEgtJQ5iZhHvY5BH3RuKhjjnO5T0/wCAt0r4H2qknyyundq1utu70v5W6WPunTnCMFZ25Voldr4fOyaSXTTfufSHwLm82HxTCsTu7w2oGAASRKMDBPsecMeCec5r98/Dnh6yb/gmb8ZLgWj/AGy813SEjd1JCuqxAqp5OcDp0wfYAfmj+wJ8APDPjnRfHXjjxbqN9Y6Xothc+SsEZWF7y0hNxG87bvuNtCgnq2cY6V976J8ePhMP2J/G/wAGbbxm6eONT8Zi4sdHSAkyWNtdlhNNOT90qoVVA5Y9cbjXmZVxllixWfYShUl9Yymi6eJi4uMY1KtNzjGMnvJx1bTdno3bR9ea8M5k8Nk1epTtTzHEUZYdxs26caiU5SS1UdVdytro+y/Hnxn8Ita0J7e/Ww1aTSZdIiupdRTTbkWEMsiljCbhojDgsQN4JGcKWHIr3b9l/wAOxTWfjjdbzM//AArXXJihDYbb5y7xnIxlc84BGDznB/Wz9oXwf8QdB/Y2Wyu7/Qzo83hDRTpQj023F/8AYb2SG5f7RMUErTB32l95IU7Qa+Rv2LPh7Ya/o3xWi1SeRriz8AahYWj2/wAhUzWcs2zjHBchSM9Dg4J4/J8u8XcNmGUZpmtWhS5MBmM8C1TqOo2oV6dNTeiUXrdq7S77W/QK3h5VwePweDhUnL61g44jmcVHlbgpcu7S26667dvx2htMa/o0uwRquoWgfrhBHequFCg+2cjBPIODmv0B/aEsb28/aO+C8un2N1debZ/DUmQRth9slgAF3ddozux0wee1fK1l4Vh0vxRBYTQvI8OtGKXzDuYNBqSrgZ6DGclTg8rkZY1+qX7RtnBpnxv/AGZNTk2wwzaP4IxHbqiN+5u7FSzkDl+MHnOCecjn7jMONaOFll9FUVP+0KVXEQd+X3cPTjVlZJNq60ul2ukfNYDheWJli5yqOP1WpTpytFO8qlRRV1pb3lZpd93ufN37QmnaneftJfEOwMJimF1C7RzcMnl2pJUjBwT3AOGOMdQBw1n4UjufDkt/LJJLdmd9yIPlURybc5x0OTnBJIzwc8fVnxhsdI179qb4o3M0cqiadntcMMNItmwJLjBxkjcBjAJHJArzDR7AQeFtTBdFMd9NFGhwzMFfDAkbeN2DgdzgHnI2p8SLFUaVSCcITp0Klm729rGLs7WWi3vZNN92avJfYOVN+84yqQvfROnyLX5a2v2um9W7wxoFwltpSJE0JkjC7gMN5ZIPzgDk9F5xyOCBXb6ZZeVbeJ7YP80HzeWT1yMs7DjcNy8dgOPpp+GJUt7O1kmyX8nMYyDggrwACAvqcdckE4qWyPn3fi12GwPEpaPgfKcAlTk4JycZ6YJ5PT5vMcxqVZzipNLmhbs/ejfSPR9um2vT3svwMacKckld3025Xyprfq2k7a2W191p30s0/hDTZoy7RRBLaQbiUYyuobggcDA2jpkHj1wPEMNvp888q+XEs2l2kgONxMm3kcDgng4OCM5bJFdBao8nhG5aNisFvdxlUbBUqrAjgH6Y4B4GDk5rn/FrPLJEZceXJpMJ6DqoAAGegGTgZGDnPPB5MBOftFFNNOU07tWTahqtE7O+lk/kmdWKpL2TnPV8lNuydtFrZvpsrWe2xz1xrNsdF1NUJExiR5VxgeY4U4yeMnAAHUdcjPPmFvdvZ3zytIMSWkUm09SQeATu65/h6cbR3xZ1V5tmqWkTlx5aSLGuDyAMMxUnnd0XPQY4wSOT1S2uN0AWWMStpsbOQecqoIUkYww5BOSM8Ec19RhqapqV3e7bfe6sn3tZrtfV632+exMm2ldqWya5lon1Sa313d9X1SOkn1kyza47E/Pp0wjAACksgz1AI+73IPGBnFfH3xw1SBbHwegIDpFdGQc5UEnbxwOehJwSdv8As59+aW6gW5We6SJ7q3CKDyXz8vJUtgFfvfN+Bzz8sfGTQ9YuJtOullW4s7VGhRkYKwbgtIVIJCjOATyTye2OxTpq0HLlUmkr6ybXLbrbXS1u93rocdCUoVo1NL+9vt8KeqbVns+l276bHmMWrW26MkZB+ZsruUbmxyBjac4PbBIOTnie4ubaWA7fnDK3KjBXgjDHIzjPXk42rjrWPY6LqV1G4RAFi+VZTjBYnopYEEnpnOPbHNe9aD+z34p1jw9BrJ1SxtBdwyvDA5AZlhDFw55wW6DJBPI6nBxxFShh+VzqQjFy5U3bVq2ite92rvW+l7NaHqQxvPzKTjLS7aXwpclt331t5t2ep8u39u7m5VT8mMgEnOR2OB6cYzwPQACvqD9irQf7Z+J0UEuPs8EttPIqcBkjkUlWOASpzkj8fUV5Zrfw58TaNpdxrF9ZsunLcvZC5jXejyITu4HKqRtIYjlTxxwPpr9hbS2TxnrtxCqqV0aeQzXO6KOF4wzYV9uDISoAVT1I43dPB4qxVKXDWbxhVjzSwlSEZRknZySSSWmqck0r3v1ujClB/wBoYKq4pxVWFR3ekoqSdvtK2nXsm9mfr8NB+Efw1/aK03V/GU9ncaQ+k6RerZ28ICJdzNEF8w527gSPu5BIya+vPih+0X8P/A50t/A2tabbWPikE35t7W1SSytFwrAuGJeZRkjdgt0B5GPzY8efEb4Vr8K5JNTgu9a+IesO2mSXc0wZtLW1lZYJbJs7kUbQZHwNyqPu/Lj8zNb1u+e9vXvb+9lghf8A0Ax3Urwqy7ssTuK7QeTjALcdK/j7B+FM+OsRRxWbYvM4/wBnWwKpYmnBUMRSpNTVahGV+VPncW5KXPyRb0en7TjPEyjwjQWHyrCZdWljYQxTnS+PDzqKPNCckveaS6aLmtdN2PtL9q743fEb4oapceH/AAv471R/h9DdqINLS8ksN/lpulnnWJlZVZwxUsTuLbRjknwT4Sw+JIhd3M9x4filEV1Y2Ta1dPJNBbMrCe9iWQlvtJUv5OcEnBx2r5ivvG+p2Eq3FvdfaZnkXzJcGRQgBG05HzFgODtXBHXjNaelfEO3jnaTVBcSw3s+GngZ45oAMJIYx8qn5GIG4/K3GMEmv6Eyjw7hlWSwynLcNgMJThCnB1qWEpQrSUbOU5uEUp1G3q22732Pyevxnis0zeWZ46viajnK/salSapQ5rKMU+Z8sVe65du50nxD1HXfBN1J4V8P6u2t6Pc3Ml1f38aPHBdS3amSSJmR9zFC7Ic5BYhsKQc9x8OPjH4v8MabqPgq41rV9O8Ea/YLaX+lWTzCyYXHyM8nBB4bc6ZGTnJPFey+AvhZ8DfHtjDdzePfEunX0kJnlsJNNkuYbRgB888qhgSw+ZQSPmwCeuPqHwP4R/Zv8O6ZLpEPhnxJ4+1UL/yGNaEul2aTj7jfZUifzIRtyFJQYOWG7Ar6ulwPHOMLSy55XDE+ydObrVcPCMPa0VG1VzkuVTi1zwknzJ62a0f0GVZzjMtxDzFZr9WpVE4RoQrSq/u5JXounFt8s1o1JL+9fY+vf+Cd2vaZ4p064+C/gfWLg3mh3djrsN1dWyiC+id43uLZryWSNQoUsNo+7g4yQCf2y1/4k/Dn4X31p4m8beNPDemahYRx2ceh2s8Ny7rbYLt5UJZGuXK7AGIxzhiBX4WeBLvVNDsI18MReCPDZuGMVnBp8b6Vqlwj5CxT3iRq7Ju+XexxwCOBhfQbfVviZ4VuE1XU/hF4M8dWcZ+0b7vUl1NpHB3P5gldifQggfN13EV+YZj9EfhHMuIsZxNmlOvjMXjK1PE1cJRnThTjVg4Scp1L+820+ZwtpfTqfqL8dcX/AGXg8loww9CjhaM8PHE1I883TnFR5ORfCoxfKnzXa03TP0J+Jv7a48da79t+FXhW5+1T2xtbXXL6CWRyFOweTaIjAI+AVTdhs+gOOM8P/CL9pL476vDqesv4kkt7uNYRuEum2NvFnlY4Qyhs5IBxnHfGM+a/Dj9uCXwK0l3qf7OHhi0lBHk21jGsCxgYIVEEUgAwMgjgk5zzmvqfTP8Agq74ln0ee5sf2e7yFrcGKO6tLxoIbeFUOyRkaFM/MAQVGfl2gkdf0XKfDfCcKKVThzhXAYOtOTlPEyjh6tecopLmdR2lByWqXNHXddvl8Tx19ehTpYnNnOEI8sKMfaU6UYKy+Bc2nm276t9l9H/Cb/gn1puhraX/AIumjtMury2yMJrucHBYzXLfOu9s5Hb/AGa+/vD/AIH+F3wh0aKay0/w/pEMLgNf36wteOF4LDepkYfLkkD8cYJ/EOL/AIK1+PIIbqzk+G4lu5lkkj1C4uXmksySoULHsA3IDyq9+gI6eCfFT/goJrvj6zsLS+1LVNNu7Z3ub69fTC5G5W8u0g/eAeUnQ8HJAJIYCt6/DPF+Y10q9KcKcvibmnSpXcUlGnCT5mlre9tr9DyK3EuVxp+zePhCN1anh4SVWd1H4ppXs3q25W03eh+6nxj/AG0vh58K5rObSdOl8VGYYl1eSaPTdA09lUjdPLI0ZKxnJO1XIzgE55/Hf9pH/gqLpOovqdvrPxBuNbsNOne4tfC/g2drDSkYkGK2vtRRlfUIzwki4A2gjLdK+Grvxn8GPidp8UfxU+I/xD1hRdtPNZ/vobO2jZ8+VZwwyKrL1Gw9R26ivov4WD/gkp4YsL2bxr4Z8aeLdVQRvEmqWryWLheRGlqXwvTJZmJzyTgkV7uG4U/s6Mak8JjMfWTi+SnhlTimoxTfNOT92+qvrZWW7Pl8TntKcJfVfqdGUrWrV6rq1fijbSKaVnd6dVp1PzD+Mn7cvxD+JZu9L0O2m0XTpt9xb6TpDPAkkTHCG6vATJKDwW3scnqScGviDxH4s17WbMHx94rTTbFS7nSra4LzzYIKpIA7ElsfeJOGycev3N+0L8L/AIG+M/iP4l1n4SfFkeAvBmrX3naH4afw4A+jWLHAtvtKvukCj7o55xkYGR8y6v8Asf8Aw0nll1O6/aGF7IuFSFdFaR3lbG6RlaQhev0wATg5r7HD4WVGNKSw06LlCPNF0nzptJ8r0aTT8nd6rz+Hx9XG4qc5VK3toxfu+zq8sEnZ6Qvp3StbTbQ+Otc+IyW8M1p4X0+LTrdgYft0iGW6uUY7QU3/AD5bqPUg5AAGLemfBy6vYNK8WePNagtdCv7yIMj3kbajLG5DMVh3ZiUAnIJO3nrnn9Efhj+xf+zjYQX83iv9oiG51HU9OkisjdeHWmt7CdwdjpIZFEcsZJPGGz3GaS1/YI/Z/wBbnbSr/wDbCso7CKZp4m1DT5IVV2IHlx/vSqIBjAXgEH03DrhicPhpv6xgcZiai1p/u5xpqStfnbj70XbdNPptZLzpZbmGJow9lXwuHVottzpur9l/C5KKvZ3cot3u0tEj5e8QeJPgz8NzrOmeDki16K70CK1slthvl+3SIA80l2BuYhjhlwRuB5IYGvm/WfFfi7UL7TZLqWWwtrGEGxiR2RbMPja5Az++IHzHgYOSODj9jfD3/BLn4b37xzeDv2hfA+thh5EFxdTxCZ94ADJbuSFGW+Z93HQ9MHq7j/gip8YPEdx5fh/4jeAdVt4mSYSx61bpNcRZB8uOMyLlwDwu7gDHykAU8zzvHYilRoqVHC4eK92hT9xxTafvJxT5t9W3p21Ky7IKWGqVKs41MTWlLWcpKpfVStG7SUUruySSsrn4x6TqGu6lqUNv/bF1dSSo6gTs8pYyDBWGD5mLNu2EKvJ9M8/Vnwe/ZB+IPjiVb/X9MvNH8LTSiSO91NjZtfqWz5Vlako5DKeXIXAOcY5H6+eDf+CXHjL4Ox6f4jsvhjceKvFNmqCfV71EvtOtdmAbi3gVnhKr97dzkYJUA5r6y8C/su/ELxvr+mxX2l61eXk3lxNYpbPZaXYj5VkkeTasUSJyqBQWxg5A2g+NTw+XU4LFZlj6TTan7KFRyco+6mpNy93Z6P5W0v8ATUqWJnH2OGwk4uMVao4WitI7JStZb3b6a9T8+/A/7PGn+FLKDw/4V8O+HlIWMXUqfvbqduv+l3u3OCcmSMED7wJ2jj7U+Fn7IPxG8amzfRtFOqyQXUaPbRWL2+j6ehOBICVUTBSDhuck89Pm/az4G/8ABPLwl4YtrfU/HM8eoyqFlXTbL93bqGG4JcTcNOyseW78/UfoFp2l+C/h7owtreDTtKsbSEbURIbaHy41GGllwpLKAM/MxOORnrnjuL6VOl9WymnGhRjG3ttFHTl5bL4ptu6vdL77jhk1OM+fFueJrN3jSi9E3bSbTu3fS0dL9bH5l/Cn/gntomlaVZX/AI5RNV1FGglexhjSDSoVGC8c4AAk2ncmzoQcjJOT986XoPgX4caBHbWVvpXh3SbOIvPcOsNin7tAcxSMQW6HG3k8fw1xviX48T61Ld6B8LNCn8UaoWMbaq4eDw9YMCRvluHXZIIjkvs3MSpOei18s/FPUvCHgqFfGn7RHxNt9UuYCZ4vCkF4LXSIZlTcIo7KJw16Byqh1XeAA2cmvgcbnOJxNW9SrPE1JOy0v7146RjF2S6O3bXQ+lwmClCLUoQwlNJXpxVpW7vWFla75pvbfex7Lq3xm17xZdXelfCPRJLyCJzFdeNNU3w6JaAZ3tah1H2uRCxOUABIIzxivDfF3iT4Z/CCGfxv8X/GFn4k8RxRyTtd67cqYbaUKXWHRtI3uoAYYR2UZ47gNX5a/tL/APBUnUNO0mXQPgxpdh4d0UyG3s9UaKNWkiQ7MW1lGAYmfG8OSTgluOK/H/4g/FD4h/FfVx4h8Z+J9SlMzZEmoXMjs5fBVLW2LBY0GcAkY2kHqCD0YfIcZjYqpim6FKVnqvecXyrlUU7K+i967aeyd7XVzbBYNSp4eMalSKu+WXZLWU763vql9/Vfrb+0j/wVH13xDDceH/gjZSaVbmSS3k1q7KiXaPl820i+5bqAu5SFxj1wCPxz+IHxTudY1S68TeN/F13q+pSCWa6vr2aSWKCRslooo3YhnDEqhXG084BGK8i8a/ETRPBhSKKWO8eU7JLWGbfd3UxHzPM6k+TGGwCBxgdSc18keJdU8UeMb+41K6jez0RfPkUldlvDCAceWGKedI3GG28ZJAA5H12AyzLsphzRpU1UsrTkr1JtuLvd3d25bJJJN3T2PnMZmOOzKXs+aXs01zU6bajFe7LZWvu05NNrYrePPi3ceItWvLTSbqe102KV5DIsnzThCRufaSqliAQpK4U5wMAV6F8JvH+qXZgC3jSrERA26QZG7G0Ek89OPplh0FfPmh+Adf8AHUt5Y+D9BvbmJWl8+/IMVuiqzNLJPdPtRVVVYkhsnsDkivoj4EfCyz0HxObfVtZttSiYCO4SxmM1pYTgMx8yUYDzAgjB5B6Z24PtZHiof2rTp0pR5q00nBO795x5ebqktfJ3bWx4ma4WtLL3OcJcsL8s0mvhata9m76Xem+p2HxHtZNYjF1eQG4e2mjb7xeJI5CpZpgDnyxgkcn+IdzXsXwNsr7wnpFz4r8I6TbibV9YtdMXxTeOscWmTRncP7OUcqYWT53ygwOGB6XdbtvCMthrelWU2/UIXlilkJDBrURvmR2PHy7eCACOPUV5F4A8Uainhd/hpa6glromoa7JcXGtynfLYwwzEymDBG0snQEhmxjnnHneJ2Al7KVPDunOVamvrEPig49YzjF+95xuk2rO7udvAmIUKv76PwOUqTdlJTXwxjK6dvsyk37reurTPrjxl8ZPiH4j8WW7Xl9Fe3cVsdJv9ejaS11PX1jUAW9pKxZ3tbc4JYDylUNhsMQPhP4r6G8/ibXH8SayfEOq6iY7o21nOJbW3ONypPMQQ0iA4cHHzbjzkV9L+O/iF4YFjYWuhWMiJodkNMk8XzMDdX0CoFZrGAD9yZuQSMnBHOa+Odfnk1m8V9N85YixwryMZ7hznMk7ZJJYnJycYP0NflPC2TV8PWnivq8cPCT5VHkjGrUgmtW23yq13GK6cui0v9/nuKoVqcaPtfby5ua6bcVdJOPK1Hm00cmmnb3eaxR8PeHpNYu4dLhga51SRoLXTLG2TdsmnmSCI8LljucE8g43H7o5/cD9t74KaZ+zR+yZ+yb8O7eKO08R63a6h4u8YzkgTvrN/bw3Do3AYxxRum1GJCksVIzz+VPwBnsfB3xb+H2ueKbyCDSYfFOly69eXCiRLGwhn3zyFCqg+WmC55IwCTxk/Vv/AAU//bNsP2sPjToXhv4Upd6v4L+G2h2PhrQ7mBG361exQxxXmoLEFGyNyApLDGFAyOM/YUcNnGM4syCnhaNWeAwzrYrEVIqTUqqpqlTpOz95tz0TVkrtWS0+bxeLyvLOGs0rVqtKniaijSipShFxptwlzvmeiXLJtpqKUUfIGk+IJLTWV/sq3k1HWLi+S10y0t0aae9vbkLHEsUYBZ2DsCozk5yCa/RLwN+zV8Pfgn4cHxu/bT8VR6bawqNY0X4ZQXEYvdSllX7RAupw7mlYtlQYCmzkAnINfk3qWt+L/gxqukeIoDb2/izQrm0123S7jWTyZid8AWPDLIyYAKvkqRk57eUfGH42fE748+JpfFPxJ8W32uaheqsNjazTyGxsIlXhIrYMIYVTgZ259O5H7phcVkXDXtMdnOB/tDOYyg8BgK6vgaV1zfWMXaV6vJNK1BqPNq27aL+buIMFxhx/ChlnDXEK4c4Wre0WdZtgU/7YxcObleFyyo7UsNCpC6ni3z1NV7JPVn2r+1T/AMFJfGHxhin8B/CfTh8NfhTZlrDStJ0WM2moalZRExRmdotjRrKgBZGwSDnPIx+dMF0sjBr+CeSe93F55iXeKTcWd3ZjuLk9WJJJHHWuJi/ti01KZS26OIjy5Vj3RIAcnYVI69OBjORXRaDqOoDUZ59QtppIE5jtmtmJb1lAIIMajnrnrwG3Gvks84uzHiLEe2zLHe0i/doYeLhTwtGGihDD0ItQpQirJcsea2rbsz7jgTw/4V8P8v8A7P4dy6lh5Sk6mMxtSKxGNx1eb5quJx2LqSliMRWqSlKUp1JNpvRKKSXql7+z941+KHh621LwJ4YudStbUO73BYQl0hT95GoZhmThihOC2R7ivmrQfDt14Y8aWlv4l0e9sFtdUhie3ukdZGNvMUkRMAhk3Dk5xwSCRXuVx+0J4m8PWOoaP4f8V3+lwSOgktLAvAqlQMBtuOFA6Eg468815VqXxK1DxNqsF1qWppfXFnCVSaeMeYS2SzFsEu5JY5LEljwfTw6dfE04TUnCcGpOCTUnFXsrtz12ve2rdtj7LHSy+VbD1aHMqsHF1G3Bwk7rb3ua+71dndX6n7JeALzwzpOi+Dbu2vbaCfVb+WaHRjthKBrYRpLMwJZ1bAzuyRk9xx+PXxo0fUtQ+Kvi67R4mRvEV6RcWzjD4mfAGOqqOQRwQOM4Ndxp/wAR7y0tdNdtVv7iSAFbeRZGIs1dfmAB+6APu5JPIXGBmso6zpOsXrz3bNPNDMZxI3ySXblssJSeXJ5Izkt0HBOfGpV54adWcYSfOlGSa5W0uVpc0nKN3rskrW13O/NszpZhQpUVTUXTcZJRdm3yQTTd2t1zLXr52PONMW5TzLaKNpJLZg80yhlYbsZ5J4KnIwCSeM8Zx2FjqVt9naFkbzYyz7wg/eFSR86npt68D5hyBzk+hRt4ZE63sVqv22a3PnWe1fL2rkLuB6nAzwCc5OODmt/Y5vWuH07SYPOZNwI/1UULqGKkYxubccDk5POBxXBWxkas/wB7T5Une7sk9VbaV723v1tZW0Pn3BJXjLmV2lJrXpa1npZWV9bWtfQ8/n1wurxF/MnVCPMhGPJDZXkA9cYwc/KR3+8eT1/QYJ7iGO8luPs90q3DSAEzRtt5yCGOOv8AdHbaMEV1OpeGNZtbtJLW2jhhkkjle45+QJjzUcEDC5BKjGMYAB+avWNFtvD0tks11B9quvLEd00qhg0ZJT5C2ACeMFTkjccAZpTxkMLGNWhHnjK1+R69G03ZbK976t6EOzsm2rtNPp6d3otW1fXTTQ+P7bSLC61S6tIEuJLeFCyXzK5AVMgkn5V4wACMYXODirMOnzo0zQhVtmZo0nIBYlVIyGyQV4ycYGOMgV9X694T0iazey0q0trKFkMxlVV85t5x5buBnDE8gngEjOa40+BIbHT44riFhBGGluhGSyMeSm0jdtyCvyLxz3yK6qOd0qq5W+RvlXJO3NtFa+f39diVFJJXSlF3k1o0n9lvz7t3aWlz52meW0lNu8TXaCLcGwABu5JUluG549ePmI5O9p6vbRRT28Lxhjsd5FJAIPK7eSQcDovyjbn29Av/AAoLZF1Sa0MWnuriAMOfMjyQSgG4liuQpwDzggZasS01dYXkL24aAoSs3lBPLkG7A2cBw3BwSCCT713e1hWh7ijJK12r7q177pbN9rX1d9N4RVt3Jb63k4tuNmrap6ptvS3mbkF39otS5jlVgypI8KgKoAHzFR26EHGeQOecfXX7Iy6Rc/FdI9XfVTp9v4fvxcRWF2bZ76UQMYI2KuFlVmA3REncABjB+b5S8NXVhrMc1vG4tF8qQSkgL5sqDI2ZzyTndntwc17l8DPDenQ65f614g8R3HhWz0ywlvtD1ATAJqup2cqbbNSCC6SgsrqeTjG3tXZkGG+t5vhqTha1TmfPFONoxcm23qopJ6t66pX0MsVKpToTqU5J+6rSTSd0426N3d7X0V9O1u0uPFl43xC1HSLvS72387XHjsim+3mjtGlkWGIoTlC6gEjlW5PTp478Rry6m8Y6vBcwIIbAPbRtI/75Tsbam7PLfeAIJ4yPTOx4j8c6n4i+MC63NCyIuu2cEM8K7VeNSqI8qgDiQZbdyRkmuV+O8r2XxB1mFIVQXU0M29H3KSY1bO1QQM5OeMYBHfFfMVcF9U4hq04KmlWp1qrlFJNuFaEb7PTWzVlt0vp6c60q+WKpKV3CrTT91JWnTb1ajrZ6O/bfc+lfhpDCP2QviZI3nJML+dQZHLAgkEZJzwRn6Y575/OHxNfwavoWi6RMbWC5066JeWCIB5FkxxIwGX2g59ycA5r9Evh5eO37F3xUlk2edFqGyMA7CsZAA29eDtx6HAHPAP5q2Nh9ve0KMDM00S5KklScAAgZycEHGM+vfP6njrvL8l5mkll6S5dNFV0vbq2r2urI+Uwnu18Yo3cpV+Vx1V1anJJrmvzXsm1ZPbZu/ruj/Bu61yOy1Cwu4RoMj28d/eooEsbgL5hjhOC4Re3GeCMniv2c/wCCcNx8ELLxR4h8OeKLOKH/AIR2y1K503xDLCq3+rXSWq+XbCSQMILcMp344Ct1ORn86/BGjz6H4btYY7t2hDxvLELaV8MQCcKRkr23Y+U575pNQ8Vax4Wu5pPDl1c2lxcmYSGxgeOQ7lwUdlUFkYAEr39RiviOIMrjmmBqYP21SnGrZKpFtfy8qklo4LT3Xe99dFY+24ezhZNj4Y76vGpKmrODip3S91OP8t2007c10l0P1b/4KZftmeCvHfwg+G37P3hHStDhsPBL3up3fiDT0iklW9uS0SWiSgb2wMeaN43E9ACa/If4ODw1dzag3iW+tbaeKJDaX91aLNFbx7huMSEAPKqElOgySc8YPmN3f3muySDWIZ1T7U/nzMCJGl3bsEsNxbdyVGQMnJ4xWPrGuC0tmisp/IihUQygKqtgHBV1Cgkt8u44PViO9eVDA08BgqeX0G9YKMpqKUnJxipSajyq7te7u3ZX6MwxWe18dmjx9WLl76cKdTmlorPkanJN2eq2XbRH6ifGr9ovTNa+GXg/4UeD9Qsf+EP8DQLcQX8Mf2e+1fVLlE86e7VWAdY2JKKdwHAOeAPQP2J/28r39lmbW4J9P0rWdA8bQrYeJlvo4rqSCEOWWe0jdWw+W+VFx0IPfP4tN4pu3CiLbLFbR/MgHBJHykoMZyf4jwRzjPBm0vXr8OPPgZLN38wyAEBSPuqueuTgDjOF4yMCvAxXDFHEYWWGqWUHaTnoqnMmnGXNZ2a1ad21ZeR60+MsyWMjjIytKMFTjTTbpqCUYqPKnpaz1T03vpc/Qf4h+LfD3jL4g+LNa0ENb6X4i1m+1O1WZFEkEdzNJO4AXiJSzkKi4AXaDgLzxBnNzfQgSW/kQqUR0AUuynChATw2R3H5Dp86ab4i+xLK8M8ouXCvFDI5IVFxwdxYgbeAFJ6Ae9aVt4tiUFnmkmuJGzhnKRxzc8dVCr6HHPTk815FTIKtGEIwlKapxjGLk3JtJRV5aXd1dttLdNrS6+dx2Y1MbWqV6llUqVHKXK9G5NJ6Wdt307Xtqeq6zBJBeNdRTi4ijZproswXymGQFVFOdwHJ65BOScAGtY6zrV4GvI42t7SJWjuJwGV3QKdqx7sFiQdpbbnB5HIrjNO8TzypI8un/ad8jpPcOxWLcVO0nkhsA8ADBxjnkVnXfjm5lWS0L7/LVlihtlKRs6AkmXaACVCgEHsSQeSaKWWYhyVNwi7NL2jfI0kouzV1eSvpZaX02PHlJt3Wmq7qT+FpO6jfW7Vr7OKt1TUfGN9a6otjCxjgkaSR4S2XlJJwpAyfMPGVzgMSBjAI6TVvHVkmjPaa2GSN7cFMYAgVFY7CMrlyQACcEZwSMZrx3QVl17VLi/uonhSxMjvNubAIJISMEYzzng/dDDtivJvHmoR6pqLWdnfXCrA7lhJITGZFOCUHIbBGcAY4HpXu4fJsJiMVQhZc1CKlVnFO3O2m42b3aSurfcmSqnI091JKNnZ3atf4lurrb9WjsbfX/wC0NSk1GKYm2tGeO36glAdqJsOFOF4JdQSQeMZqbxFrdwtp9ojuyzT4kZVcqY8nb0UnG7HI745GdorzPRllsrQwyzbGnJdncliAGwSWwPLLddvB54Umur0bTZtWadWlX7KrhJZZNwAULkbdwC4Y4GR0O084GfoZ4OjCam7csUoq6tf3Yxt/nb7V2m+kOTkmndtq76bJXevy7Wsrdj0zwZrlnfJaWmou5nt3RoXhBXeW5+dhxnlhk4wSehJNfTOleJ9Jjikt5oJI7SaIQTDzNv7zbzK/B3hucnPUE9CM/K1to+naHpMz3d6LWe6kVreaOQSAxqoYLuBJRjwOCDyM+2PceMZLq0lt1vZk+yqUjYnAmC5AJxncOD1yehPpXz2OyiGPnz0lJRjJWurXfupK/Sy0Xl56umpcvut6pdU3stHdptcumumvXp9mWXirTdOl8tdNijtpY3iiuEVUd1GPnZgvHy5CsDye+Rmui0jxFoOszGy1NDcwnMMKREPugOQ+7pkgA5bgqRgDgZ+B4/GusJbBWnbykKqgLs5Zerr0O1D1GMc8ZBzj0Xw94yW0is/NYwRuWJmVgJiG45JyQOGyc5POOOK8vEcOzUHKE5qonG003dfDsk+3ZJ2ZnFzU1eTT0d2+Wzbitr2drPW+mj2PpfxJ8LdG1El/D19HaSxb5ViUKS8D/N+8OeWB4YsM/NuAJ2g0/AHwZ1rXdf0DQG1jT9Mu9X1H7JYXOrXBg0yGRm+SS8uG+WKIMcsxwAvfu3n/AIW8ex2OpIrF5obiUbJGbfJ5BblRjBO5ehwSfvAckN3Gv+JpHvZbpLp9NsJYt1syEARzKoYn5cNGd2CdpHUAnrXBUrZthYvCxqc8uX3Jyi5NaR+bStey8m9D1MBiHCtTnVpupGEoNxk2tU6cn7ysrO17+nmfvx8M/FPh34TfBE/BO++PGn6d4206y1k6/Z6Nr8jeHHmeNWsprZIwUZW5SWNThz1zjFfEX7PfwR8bfH/9sTwJ4e1XxymjaDqlxrmpX1po2qizv73w7FEIrpNKnDxg3upD54rZioYbs4ODX5aS+LYbV2v11+ae/uYhCLjzWOWUj93IGLE5GPm3EknOCcAdr4c8WfEC3lsdT0Px1e+HNdtraX+y9b0+8a2v7ZZF4iiuI28yNApOFQnOfuk4z4eW5LUw2Lq4yvKPNipJYmcqSg5Rm058qi3yuXM22tI20vdM/XsD4gRg8Ph5UHCjQcZQUZ86UoRioSknpU5Wk3GWjemq25v9rn9ljWvhV+0j8Tvhx4N0jXPFsWg+JruDQptNjbVru/iurmWWKOcWgneS+TzfKkCbwGBGQap/Dv8A4JufthfE66TUbP4EePobCA291Pqd/pxsLe1gMgbzHFy0UgKIThCOTwc4OP6E/wDgiX+zfaal431j9ovx/wDFKx8ReL9C1C4tbPwl4gnttVvEe7DPeeMLmHUX/wBI2Ll4g2/Y3zKRxXRftif8FavGvgb44+N/BPhHxd4ZuvB+l3V7oVjLY6LDIdU1BC0ZuL2K2KxokEnCoBtBUAYGBX7fkksLhsNQVaspRVKPI6drtRsr63u46XTs+b7znz3PsBi8X9ewuH5YTlCdSE5KNP2skrStDrda7JaJN2R+W/7Qnw5+L3wQ/Zeuvgu3gvUdD8E+I9bsrzxJ4h1yaPzf7Xt4UK2Q2s5RJZQRGmV3AjI5r8gPDXw917VNWsbOTy7W3bUo7K3beY8u9wqrLvGdiIGVjJgZUdcHNfrr+0N+0ze6v8ItK8N+I/iVo3jm68a+IZvFusaDNpLG60yXc0lvbi6dyY44W4WJRtUEZ4G6vzl03x/ZXVxcyKIdMt0eYOiIE87cWVDHJjKY2gfIBjHc810ZhnLU6MMFKVajTjGMXKak0k4ycbJuyu779WtLWPjM04jq168akoU4VlDlai04u7i72V3Z2jo79Xvof11eAfEvhT4BfBb4WeHdf+JHh9Ps/gKwutS1K61RLvejWySNAWDtsliyIlEmPuYGQSK/Fv8A4KSftF/D34l+IvCUPw61yDxN4Z0/RJorycQiXzNYkdxIkMzYZo1BBAxjK4GQK/MnUPil4y1DS9Z0W/1y5fw7cW6IvmXU1xOkMakxRozufKjHPyKcEZycAGvH4NUjmAie/mkt7Zf9BbdmJZBkkunHTHJIwRkcY497OePc0zXKqWUwoRw9GnCjCpNO9R+zUFyqzVoyaXnbc/Ovq1WOKrYqU+aVSUpKPK4qnzON0ru8r7LZbfP1C28U202nRQA3+lR2zNJKbeZol8xMspdFYcHptxkgbeoIbuPh1+0V8Qfhde+I9W8E6pJC3ibRbjw5qxuGMsd5pV1GYphAGBMTYYkkbSCTtINfMt2JdakmX+0HVoCGcxN5ayoAoIBGAz4BAHQn0HFZ+nz3VlqDWivcz6RcbUncMcwKSd5YnhHTJwU7jAzjA+JpSnQk6tPEThV9ZRa0jqpbtt9NXob/ALyS5dZRfLFrTfSytrG2mqfn0tf1LUfiDqyWEvhuzutYk0iS8a/utIlv7l9PnuZm8ySQxGQIzNKwI7AE5OAMfop+yo8s3wdN35Twt/bF2nlsS4QPuYRqW7DJG0nIyCa/KrVrCGykhu7HVme33SG0M5UsWAJVZWBzkEfLwcDAODwP1L/Y/vZZ/gTK1zIrmPxDOHk6tuIYBcYByxwf4RwTgkg162Er1a7XtKk6qjFv35S0lpa2t12Str5dfTyanGli3Lq4t2XKr25G9tbru97q3VnSfF+znu9Du4di7RYRORIMBcyqSUBJwT1wOBg9CGFeafGeP7L+zdcwwwma1b7DGZM7VWSWJSfmBIbDZB64HpwB9IeL/D03i6S30ez5mu9KnYjao2raQPdEkkqAcR7Srfh3x5p8V/CNrqH7F+r6sNWitdQt9dSIWspXfLDaloiV7qQRgDvn0HH0GGlGFfDrX+JFdHq7O3RW10bv172Xbj481LEtWuoP3XZ6tXei312une701Pzm8H/Czwb4j+Hl14nv7W8j1PR7+OGZLCT57osVYyyKTllUqRtCkMuMkA4rWsrOxsUeCWDfCy/6ExhjDxrjgMwHDAhS/TJHJANbPgC/8H6N8GPFOoajf3MHiGG9SC0uYpFa0BKMCjw5++c8N0xnGSuK8MXxxZNbmCLWo2nQszidguBkn5OQQS3QcHIHHzHP6By0Z0qeiU5RTdtVK6jum9Xa1rLS17n49i6WLnXq2jOUE9F0v7t1a9tL6e7o02nuemyXYRyFhVRvUMzxrhhnGMAdQpBz9M54q/O2nyxg3Fqr8qoXylZQOMYGM859cDnnNeX2XiYvbo63lpcMrNuVpEG3AyC2OckHjr69zWpB4kS5bypp4ozyXCvHyOiqxB65OMgnbg8jk1yywsGk41WmrWd3Zt2u7679bX11b7efKFeHKvZyu9bOPkrtvZ6t76302Z2FxZ6AgFwtuqO7AMNgYkYC7VIHA2jHovB4AOOv0DVdH0uMpHEEtXlUsqkCQPyDnHY4BzjOTyTu58zi1CKfZbGSF4sE5V13lsEAkD5gR3JHPQep7q18LP8AY7OSJJA92Cd6v5kYOCF7/ieCFxjr12pxnQblGrJKytd7aRvZ6ppu229uvXF06ri1UhzXdm7cq2Sas73stXZqyV9NT1LTPFWiXczNB5iMqlQTwGByD1YHe3QcHHBB3A42LHRNf+IVxNoXg7RbnVtRMYZ7a3cEvGAQzk54Byctk8jjqTXzzd6brGmJOi2twTuwku1sDJPClASMDkY5+bluK+0v2GrqV/ipLaXU7WzPpEjTyBirbI18zaXYAhsjlTyBkdMV4/FPEmYZJw/mOY4WUatfCYedWlTqN8knGzUXZt6vez+V9T3uGMjwud5zgcvxCdOliK0Kcp07JpScU2rpq6et3q1o7Hntn+yn+0FbSzXD/D7VvLtgDsVomaMP91GIbJJBHXrnjdkYg1L9n748aLaXl5qvwx8TxadbxfaWkERlVUAJ34VmJjAwdwXnJwFGc/0C/DbVtD8XfEPwT4Tt7m4uNP8AE1/c2+tNHC80sElqhwR2kbcoAUN6njLV9z+OYPgf8IdG07/hafiyz8OL4n0y9fw2dW0sF7+S0Mka6YIj5gPHMjHqCMgnBH8eV/pT8aYXOsHkzyDC43EYhRqRhh3VdSUHPlfKtXzWTesXZ6tKx/U8/o/8KyyyWNeaYvD+zgm51fZyh8MLSbcFZNyWt3Zde38Ydhpd7YXIkuNLuUkVWEsUyljHKchlIVSQRjBXAwcj6b9xaXZjE4sbwBtoCpBIACckAfKCQP8AGv1FtvhNqHjXxp8Tofh7oegeIozrt7qelWluFjuIdJiK3Et24cEwwsjsxxhRgAYGDXG+P/AWr+FdV0rSr+zjsDfaclyLCbTmWVS5Cu0YCMJI0YEiRMllABB61/ZeR5/mWbZdg8UsHOnPEUKdWVOUXzQlOMZOErLVxvZp+lrs/ljiDLMrybF4mhPFQlTo1pUYT0jzqMrRldaO9rq217XR+Zt3o2uXd0iW2l6heySbUEcVtO7+Y2AiqoU55Ppx069OktfhZ8TRpeoW0vgrxItncvFIynTbh5GAZSNgMYbvk9fXoM1+1Xwp+H2gaJqVrdRvpV3eRaLb3UAu7ONJ5ruY/NtEqhgUOQuQNxHPJr7qtILaOXQ7vbBNczRxC+T+z4WjhY4AQKIyct82MgHnvnj8j8SfGPEcBY5YOplyxE/ZRnKUpunZy1UWmm7X3b01s7n6D4eeG+D41wn1ynjXTpe1cINRjJSsle95XafazejvurfymXXwg8c20ggg8B+KWlZS8Z/sy7K4C87gseM5HzDPAA6cg40fwz8eLvhuPCPiOOaRtq50q4bGMEFiUBAHoCWwO3Ir+sr9qrUX+F37Nfinx3o1vY6ZrlrJaW9jLcabbxPbJcTJvkEhjIO+NjkHAwSFzjnxrW9YTSfgH4L8c39npsM/iKw0zUU1SOwtZHu55oY1uOPLBTLHdzkgHIAypH5vh/pRYr6nhMY8hi6WKx08BBU68+ZVIQjJyf7u3K47Pr3ejP1CH0dcHiKtahDNZ050aKq+9SXK4OUYq7UrJt7Pzs79P5i/+EM8VQXscT6VrbXMR2PFJp94gAU5AZ2j28gcAkAk5PPNdDB4T1sIwuNG1O1uQ3MRs7qSV426P5ccZbHTLc4UdMgV/T54usfCml/Babx1q+m6LHY6lpVrJHfHTLZrqS+dlVXLKh2qCy5AcZBzya/XX/gnT+zP8MPEn7M/hb4g+NPhp8P9T8XeI7m8vYtX1XQra8vbrShI0NrGpmVQiGLa2FGMkEZxz+jcFeO8uLVVlh8qqU3RqSpyTrcycocqcmnG6V2le+7+/wDPuLvBijwzFe2zJTjUa5VCCvaSjyv4rq6jprqtWmfwlf8ACPa1a6a076Jq/wBmFtgXK6PqGwMuBywtux6gkH5hgnkVxjaVHc3VrPMmovNaBZHiXT7pyVBJwY1hzllABB5BwcAYr/TU1/4QfADTvD62GrfC/wAEWmmxgmeGDwtYIkxVsEg+UcKepZ3AAwTgFhXw5Z/Df9kC2/afsfDmnfD34bxWOq2isYLjRNKe1uL+W1LLDGAzBZc5PllCcEkeg+u4j8YpZBhaFXEZe25uN4xq/C04O7fKmorq2ml958xw94V0s3ni1RxlW2HpynpRbUoxSbiveWuis5Po7JI/z9/jCsV7oEcMMNzbTz2ZHky2FxaqI15GBJEC52DOAp6jjpj4Zmtipc/PvjymwpJnAPGW8vH3ieMkDBJwea/u/wD+Ctnw++DWi/FTQdN0LwF4BsrfRfDiQ31lomkWduZZ7uQCIywRFVWUI/8ArWIBGCBzkfz1fGbwN8KNFnjsNM8M6TaahcRrcOqW9s5LSHf8wVyAM/eHQDsK+VwPjhSz7ERX9lYlNNxcoSU4WTSUr8sb8zu+nXpdH2mF8G5YDLli45lRhGtBVI060XGp71moq0rXum1q+iPzn/ZjlA+IAV/lc6ZPtjzhmAyCeSfvepHHBGCBn9BIfh5p2vRrLdQqGnMrxvGCswkOTwyBWJUjBJGMnp2PjHwo+H+kr8Q9X17TUtw+n6bLi3gj8tULZB4GVPJBznBIxzxX2p4YXyYEcwIGVCyA4KxsScgj5sEkHAPrtOMDP0mL4gWOlTr04Soy5Y3TveL91620vbZd32O7JchjgqM6OIlGovaNRlFXurwTaa8l03fRM8702w8f+BbWFdEvb2bS3co9ld75IwFPy4yeARk7gQeOOcGt/Wm+G3xi0uPwp8ZfB0ZMRaKHWI0CXVs7AgSRXIXepDEEg7lIwcjmvoCDWtMvNMks7hIlnWAoqSRqMkjJO4j5dp43ZU9OMYzxcPhO2v1uLhRFIJA6gygFdxJ2lCuSuAQARyGPrxUYTPKkKj55Obty3au+W0b6Xd9XpZ2SXmd+M4eo1eVUbWa1il2cbX1d+t29l958Qa9/wTQmvJW1n4V+K7TX/D73Iuk0m/2x3McBbd9nE4YmQ4+RdxXnPua+YPjL+znrHgK8jOv+FdW8PJAskZujaySWMsqR/IyTRK0e19hJLMOOM85r9oPC/h/xV4cV5/DuozWquR9ptSzGB1OPl8snaQcgADkKeVLGvXIfGK3mlDQ/iP4Ts9c06ZGhuDd2sVzGY2ypkMbxnYqhsA5BwcnocaVs4hNxVtGlZXtreKel9d29Nn3PNfClRw56ceVRs7Pp70dN7NybenTbufgl8NvgV4a8e/DGTVILbUW12LUprae8jiL28aLu8s4H3cHlk4KgZA4rxvXvgZ4m01bmaxi+2pY3PkM4TyzncVjATOXLHoACRk4yPmP9HeifBb4Vvp93H8K72x8L3F1dPe3mhu6nT5Z23FQkJI8gbmBdVDgDG3rkfHXxS+FviXwXfS3PiTwzeTae2pR341nRbd57Ro0kz5brGrZjwoOSCAOn+149GvmUcYndSw1WrFRvq4xvFNavTe9lono7vQzzHLsLh8vdqEliqNJObhFpylFK1k3rfRaLT1Pymf4CeP7TwtHey6FLvu4JLmN445PNWMLxvQDIzgYPIPIOACa8PsfC2r2Gr21veFoXuJvlWZGQqyPjAVwDncoGQG/hwTyD/Sx4B1jwF4stCbDX9DaWfT4LWXTdSEMEts6JsZDHKARJkAEbRk5BI618iftW/CnwPfa34O17Q9NA1XSrzyb+DRrPFvcopDfaHZEVZVOSW7dSTX3WPwKhlssTSqRnKnTu489mrKNtlvZXfXS22h+Q4PPqtTNHgcThKtLmm4wm3KCunFLmuopXV3e2+m2p+a+lfDrxZrF7F9k0+a4aR1AkIKRiLAVWkBAwGzkjg4Bz1XOj42+HWr+H9IvH1AJJNHHslhVlZC57oVJLbR1UBjkZPv8AR3ib4jah4Wh1ZbfTo7O0mgEUTxQqkkYiXaGRgoCt/eC9GOOuAfhnxL8TfEuu6kbVpLgWJm3RPM7SbizndK/ByewByF4G35a/JsHUzTF4qpKMFDD02973bTSs1y2s0tL32TWh95KrRhGKteTUr21bSskmtU+azSu9rq/Q42Lw3crKtzcJ5avmdY0LEybcbtw52rgcjHA64A4beXMyBEismWB5SpYg7iFwpKkDgfe+XOTznnNeg6dqUMjwxSXqykki5IQYTJ+ZQ2flJ55P860LiKxSZmkwlpw0KuoKM+dwI4zg/ew2ctgY5Ir2/b1LKNSm246LlinZ2T+7ps7Nrre/PzRet1rZW0k1pHW17Lqm9LtpdEjgtPimukjaaCUW+SU2bi+N2DkYzk4GTnAxx7Lq6RosUcaSxAljGzHHmrnGCOCCucnjJB/P1qw1HT9Pt7ia2tluLhYwxgZEaNYgM5XPAV2/hBJyRzwa8U1W91DxBqkwc29tGkxNvEr4CbuiJjHK8tnng5wRW+AjVxNTWCUYt3TT11UbX0SbWqtqn11C0eV322dlpZW1ukktlbZq2t9jNhuj57QggMqFQScH7ozg4IwD12FunckCvvn/AIJz+HodU/aU8LS3UzyQ2mla7eFEdkdGSxlIOR1BIwRjBwR7j4x07wPqFxMnn3CIjK8jOjj5cZygz95iDkAc9xxX6f8A/BNLw5Zaf+0PpU0csM6nwl4hULKAGWQWU24uRkgjBwByR14wT9M8vqwhCTg4xvHdaW9ztb8ro1ynE0XmGHpxnGbVVJq+i1jdPom3Zu6ve/z6/wD4KQaMlx498C6hcxSGM+GZBA2cvsWQc7TyAcY7HjjA4r3D/gna4tvhJ8fI1guMSeFNQ+wrE5WPzTpsisduD8xBySRu5PQZx4R/wUF1We68ZeDZGlaRY9Fuoo0EeFWOO4K4Tk5DDHQnjHHr6f8AsHeNVtvCnxj0CzdLdpPA+o3sqyBcfJp8kfyk52uTkEDuQfWs1FeynZXnG3Lom+ZciXS+qV035bI+hxU5wzqUFyuElFNaO1ox+/e+j9T88fgCZLH4/eA7u4t3P2X4hRsyMWOXfUAvPBB6nOcgHB4GK/Wz/go1plhf+HdA1XUrW21W6GsXMa3E0aCa3tGw62YfG4Rc4xhuegAGK/JP4TeIhYfF/wAJajMQwtvHsDSExqEO/UVGeSAeFPPbr71+uH/BRgySfD7wrqpk3RX+qtMI4CAYkkjGEKgA/Mp3A56EAYOK7MFh3UoV5yScIQV7t3vK1nu01dPXo9kgw806OKTvLlldW+G8uW9/Lrbpq9GtPx68caTp3i7wkNF8MaQ+oXOlZ1L7Jpdk8t7JkAzxKkIZ2jt2GNwB+XGRwQPizV7OW0mEF3bTWMgbY0MyPFLGU42SxNh0YcFg2Du544A/Xr/gnvdJH+0nocFvbRSmbS9WgMd7Es1tIWjkYF45FZSA2M8fXtj5G/bN0vRV/aK8btdwx2XmXwSSDTYUgtI7pndpJkiTCYfGW2qMHIPGQcaWWcuHeIi1/FSasrNvlafM3pbstEmmrrbzcVhnPDwxKklecabi1aMdrvmaet1t3tp3+LDMY4SIUwVfG/bnIPHQkdF4ByeMk4IrufCOn2N+7y3AxHEAHcYDsSQQFBO7aOjDPft3u2fw21/xTa69qvhW2a/s/D8C3GoxW6sbgWvyhphAoLMi5+ZguFzkjrXBC4uNMvRGhliIQO6n5QxHzAMCcYBDEKAecg8YAzq0JKK5t7rVNWveKtsk3ddru2mjPLqUqkYJSS1stHZbpPZLVu6S30Xkeu31xDZXZSCFfLSMmOZFIICDBIUcc9ycMOuGHFc9FqKX4e3SIhnkaSSfOwMFJ5JB+TGenXBPUYC80PGst0BC/l7jlGkKfIMHarq397BGeg49xVZ7x7a2E1usiee5EjEjLrlgxUH+Aj1I4PTJNcipuO2+zbSvtG2yVlZJW036tHEqVpObSdm9lbS0dt7X6aX02vc9Atri0tLQRSvGyFmeNHCszyEBUOcgryMjIAOBwO1LUbzzdNLXIkDwBDb+SNqFA38eDjfkcYIJPXrXCtchpFUvuR1Vtrlt+72PQAkHAwOV68mrtxqVxf2bwmN7aBNp3Llg20E4YgAA/KMnJ689QaapNOztpy7y011u72V9l1V1e17Jetg405uLas9dFd/yuz6Ozu1bRWtdE866nO0V9OWhiZY1iG4klcjadnYDPUcHkDPNRatqhs9kMcpZEMYcqACST8ylvQnOAAQDtBAU8WEmv9Y0OOOFY0lsHCNKDlpYU6J93dx6gDtnHUZ+neEdS1OGbzpYocMzgSyEO5OCSuevAJXg9+DjndQSs2m9d/kmtHbZW0Ta3s9dOuWHTa5U02mm27Lo09fvuk9bWe974v7wBLuIzMowiqScKCM/Lxk8E8gDg8jHNdh4f12O1kEVwBK0p8zo2VYDG0nG4fd6AdiDk8DPXQF0+zs4V1WCSWIEyQMdzI65yjEn5iemdpOMAZNZn2W73vM0TLtwECLtBBPyhsnO0j17/NkdKxqUoSXLa7fLa6srNLX+tVfRdDCpgZOXNZLmtruraS06aqzd9nZaX09V1PUZYbBpJRJGXYSwIHzF5eerY4zgZ57Eehzwp8W3EjyvFIsCMrRSENwCoPOMAEn19+hNcjeapqbRNa3U0ixRuXCu5DHGVwOOg7jPRcYJFYJkd4ChTyi0nUkgOeCCM/UHgHPOD1qKeFjFSTVlurpJ2922ut+uj2Wu1jNUI0lecbdPxX4q/wBzVj1Gw8QiRlkmWNkjJQjaG3Ej7zKT1zyD0OeDnBoufE9u7NvYKYjsWRFwGAfG1QMADHUjg5JwBk1xmmafNcFiEcwxqvmYPzFuo29OAQC+OPXoKq38RaSaOAEBONnIDOCM85wCT94HHvxgtboqLte1mlur7RtbS99Orv0XYmdGEkko2u9E1s21bre/fq2r21aXr2meJ7WNt5ZopDGojeLAVVJHJJPc/eIJYYwc81774c+M2mzabHoV1FbL5Txqb1pBvOwAsXOM5AHDKT8xwTnJPwrJLcB4lcvGiqPMKtkbsjg8Ed8buR+ByLOmzTC8hWP5lWTLSFiAEzyp47jg8cHn+KlOnUVOSjUnBNaq7jeyjdWur22vo3ZI5a+Bo1XHmgnJXtzLRXavv7yV+tlqfZ3iD4gWWma1GtgouNOvCs0t0rMbhQFy7RPj5W6legOOccV6Je6b4U1jRYNU8OyXsjSwwXGpyXAVriG4baWYH7xQgnKgEck84Ir5IXX4hbqoRWJjECLIqsYyGALxMQCOgwDjp14Oei0fxhHpKwo97cwwBx9tVXIEke75Nyg84AAAAGcYOcivmMwwdevBcspuak2m7u6vHdva6vrbf525HgIwUkl9my2a1ab0vdXS9dbt30PqCx8Xz6WbCF9Nge3kxai7kgBklhUhBKqEAMwIUBsnrnPc7P8AbLXjXlvpaWwSKUC4u8LHIySqcoyJuJGTnjI45UEEDxi3+KOk32g3dk1zY3c8LrJpxkEcctvAGBcbyOTkDAHJwACQVJsaR420i0aDUTcw2cVyGYncJYvkUiRpssMSO2SnGDhTg5GPi8TlGPd7Uakp3vG2q00Tk78z0Xkk2tFpfkqYCbknFNKDVly6bR0dnfomk5aXtZI9Dv7OGG18u90exvMhoZri5t0G6ByTmIkbpAoHy5PJ44PXHn8G+EvsENvFYWNsl9EzP5UMayupz+8XBykiDPy5AJPAxjHk/iX40WMjTMzJdLaiWOAxSBA+4kISoypHGfUE9z18OufidriMWiuGMUiynMsrMYkcjasfPyY3ZPvXpZfk+cTp03KtVw/La8ea6avHlsrpJrS9ne6s7F0sDXuruolbl0v3jultu29d921qvpfRr/w74P1WW2sFsJrSBs3JnhjZ0VDtG1WByx5JK8YUHaSePTLT4kWMd1axR6lZR204ZnjtUjilMD43RgjbnhcMrDJUHoBx+dd3r9/IonN7I0kisZAshUtuIIB9COmCOCO3Gc99buY1haOW4EyglSZHDLkEErg5bqAFAXp/EMivcq8NLF2liK05TSi5OUtJPRN21V7dUk7Lo727Y4B25pxlK9rt3tbRXas1e22ulkfoxd/Gaw0q9uYtJurZ0llwQqqoi8vO5iQSBIeofHP8XasOP4vWslxK02pZOpEiYzEZVl4wjggIrD7p9dpJr8+4temLy+ZvZlXErEsDJnOQ3cscY4bkjgYziAaxcSmZjNJEhG2PD8YAGAP7oHXPTA4OM4VPhTC00lrdWTu782y1V7J62euye5tTyx7KyVr2ldrpdJO1nsr9tutv0Aj+Md5p/mRxhTBJvjjuppCZJIlOfLHOGB/gcHPHIIzu56/+MVjY3lrdz3UjXEiM9ynzNJIg+6oKnCgDAwVJbBzjFfGNl4k1WNG3SLNFboVVZmLqAR8zDdgjAJwO3JOazpL6e4lnlaSSRjlkcE7ED8kc/mF46duldVPhrDwd/ZQS0ulHSVuVXt01s9NG/M1+oyi2pKL215UtfdSstLau7ukna592QftDSadKzWUsMkUjq0UJyskQcclnLZOPQ5JKgdMVsz/GlL60ha8eGF5ZGSZpNrvOr5IZWOCNuSBgcAfNXwAl2XjGxizhMPvLDJXoQSCOT1GCM9MYq6NUuIIY2mczeXuIic4VcDJ24JGcDg7cDGdwya6I5BhISUo00nHqk7K3K1fX0slbvbqTLAtJcu7666JcrV29UlbSK3d/U+mPEHjliTFBFtWZpPs9yjlJCjkYZtvUcHBOehPY15nfeNr+ESWCzTuVdQ07yudyvglctkMDngEHBweflJ4KPxJPJFEHIZMBQMEui5JIViOcgjjPB+pFWhq8HlsrwtOpYN+9jB4xzucEjIbJOCcc9CK9alQdOKhFR2SvZN2dnba1r63dnsm0c6y9qXM1ddOaz00ei8/v/J9bpPiu7uJmtdhNtCf30QzlomOGDSZy7ED5R9P4Sa6y+0yxu9OuNS0eJ8K6rPZeXu3cAsd2MjOWxgHnkjrXiqau9pciOMbFmkHmPGMMqNj5VI3ZIHy5wRkg7e1ei6P4r+yEWizSeWWRolKg4bg5kO1t2ffI5weeK2cJR102S211tbd3v0u/1M5UXGV4pppq9lZbWWmt+iWtr+pzNzbedNJPJDcWu2P9zEqtjeAQRtI3ZPXHTqe1ctIZVlnM6EfKdiFiZF45OOmMZwO3J6gmvdbvX7S4WMSWUbySyqzXKoiMhwM7VycA8nrjr35rMvW8NJG77I7i7d/mUrH5g3jA6HLY3AgkdMdQBhrmUfgV778r1Vlvry32vZXs73ez2i7pua6K71Wulno9dNbK3a6uzw2CKaSR44opCCpIfcfMVgOrEdhjPvzyM4Ho3hO3a2tHnvIi0TiSIyXCrIYlAZjIgJG3oxUZ5I4PrBe/YLbZ9ijcSLIyzK54VTyUYqG77QoUkZOeVANV73VZ7hY44rZ4rYELKijAchcbzzuXGOABjIx1Jrde8uVxcdIvRb6xlyu2mzTejfdWva0oR3Sls07tJaLS23lre676mlZ6XbardSyw+WNMsW/eTKNssiM2XVVwDjAyFBwCBzkc+p2eg/De00+PUtQtJCuCkKFvll4yHfkclye3Prz83kENyLa3j8tTbhiwMDtt83I4LjAJJHIznrzz0nGo3F1brHMrpChYoq7xDuABGXwRkc5HTIGOQM9ELRs2tHZ2veL+G3nZ6b9bt3tY4qrk3aNr6NJq9rcq172Tt53XU9NSx8ECOKSDTxJJdSMpWVlKrAT/AA9lwD8vUgcnjrbl8A+EJp0EMU1qzxmRiu2SPH3lZSM+w65weBxXkNi0ypcJNMYwwdkc5wGJJyDnjsT9O/ONKz8R63YzKguC8CLsAZi7EA8HJBbCgYxz35rohWUZRXKrLRaXaaila1+yvfe2iHThLl1v0u9+iTdk07O19btrskzsdd8JarpiE2djO1gI0f7S0XyspIIL4JG0njJyfXrgc7Ctw85Dgbo1G9AVVSAPlUsMEnJx14wMZ5z2Wn/FL7PPAmpySXdssQje1kO63dTgAEYxjORgnIA9M1RuT4b1q8ub21vU0tpj5qQIg8pCV2iMEDGGbB4+vcEdN1KKUZJS0Tu7LaL21169b2faxFTB06ytGy1Wl73skrNWdn2Tvezve5Wtrx3DQz3Bt0CsQQSrEHGE4Kg9eWBycn3FZNyrQytP+9O3aDEQWBDBjuDLyCewx97ruzmt6z0C1kaS5vNbt3UIVhSI73IBwAQRgjAGMnpx3yLMwtdMsGnEjTM8mwmREd3VsgBBuJA4yME4BHfmroqfNyy5rJXb0ezS10tbe2qVtNbHDUyyotbRfay6Jq13orvula11qc3F4mbTpFuJVaFfKYD58RZByFbPBzgAjJONynoRXSwftC3y6dc2lzbW1vBMq2qSQN85RQwLNgjkn5cbeucNwc+U+N4bm60l3t4ngVWjkWBXJdyzEliBggEFflA+6CMcZHksOnTpG6yBwUUSpEfmBZ8ZByACeo6DjtjIrWVWULxUrJreyWj7q227Vne/lZG9DBKMYuSba7uyWsbXWy6uys0tHZtn0BD8WjawIdPtPPUXG95Lhzv3MxO3+8ys3UAYGTj32dZ+IeqeKPsi6mn2exhTMdrAx+RmBXdgDuRyOpwBnvXf/B74Z/A/WPDOm3fjLxXFb6zdOTeWs05gFio4A2qGVueM54BwAQRj6Z0P9mj4HeI5JrnSPGMd3HYA+a9veb4IkYAxNM+VCntk8HBGea6aGEnXiuWcVdJO711SeltH069Njaph4pOUU72VktXqlezUV0+93vvr8l+EPCmr6/dQR6TZsVfcHuZdwjCttJAZjgMRkdR6gc19Zab8ItONla2d7FGLhApmmSYNJuIXdsGT8p6D1Cnv9737Qfg34O0jTYrTSvEtvPEpBjNvJBzjAI4fO7HUlgDg842mtq4+GF0Yg9nqKgZwGkCkhV5UEhickjHTPCnOOa93CZVSo8rc1UlZNvSyso3Vu9+t7u3meY6Em37qjrFrZbW3VtG7X0slfZ9Pn21+BWhySNJHdzJ8xAEjD7oGS20vzwRjsAc4OBid/gqUCLa6jOY1fczlQwVgTg/fBO0HkEk7eRknJ9j1P4deM7Ys2nywSskalSoYblPJbHIxg55OOBnrXI3GgfEyzJkhSeZFADiJWeMEnndGc4P1BB5yfvE+gsPTjdxUnbom9dYtPRpaaOz3aurGbwtV3e+1rN3t7q6WSsmt3u9t7ccnwq1szGa21UssQVd7MyknhckfKByMjuexJBNXYfDfj3SpPIttbujgl1C3RRAOxHJxnsAcdsHFdnHeeP7Axtcae86lVDrPZkLISMMQSDgAg8lSSc4G08Q/8Jf4qgdRJ4UgvApYuYopFORklMbckAYxwTkfjVKcqaScZLm0bTk7ax0aaa1362066FKhUtfS2is2r3dr6NPTZ+qa3OfS/wDilayFI7+9nDOpO+bzkBXtggZPAPJB3YGcDFW3+IHxBsZYxc2sE0ca7WE9mdzYblgRk55yckZH0AHRQfEncoF94Pnt2DfMIRJ5g45IIVSCOewPJ6AEVYg+IPhvY73el6nC4bcDPZNOhY5O35hxwScnJIBGea1hUi3fnlHbWSWqVm7Ley2dtdNmWqUlypSlfS90rKyXTmTurXWt7dFoconxf18iaO48OWsm0gvs3RHaWAzgg4HBHbpjHPOnbfGnSVAiuvDM6EYWRoLt1AbGAQu0DggEKeM8HoKlv/EXgvUleXzo4Z34WN7VkwHIAz8oUfjwMH1rLW28LXUciMdOUFgQUlVHcYORzjnHOADyOCMVL95twqJNxUr2V9bbrVJW6u/S+9yEqkbauy9XdaW0bdktXrfp7pvTfF3wWQDPDr1vIqg7Y5DIoVuWzkHOM568ZI7caMfxH8DXkA8nV7u3JQLi7slIBbrufBPYAgrjj04HLt4a8LMqERKhZRt8t0KsigZ3E5BPQ7dwOD8tYGoeFPD7hjYhY3IJ3PtKcHqATt55yBnGcDpVOUkr83MrxVk99l5/d89NjWM5Nq19ur78vVpK/lt2erv6kfFXhG6iSK38QaNJMyH5J4VTnkhWBJGQM4B9TwD0qtBZasGSF9BumYbYxbpA5IIO0srOu0kZO4Eg5OR0z8/XvhTSTK+b+3VmyHZEVPKZQcgkEAZweAQRy3Y1b8IeDL7xVrkPhzwBDfalqkp3XmrGSSPRtIgAAkvL68LeVDFEu5nV2BAB2jpWMqs07yaSSvo2rPSyta7fd6rzN4qU1ZR5mtdUracqvvfXV6q+z3PTdQ0rS47i10uDS11nxLdyi3sNC0uBZby4dzs8xljJ8qEMdzySbVVcucAVla5qMHw/1WLw34dt9P8AGHxqvFVVFpsutC+G8MoC42qrwXWtQqf3jsSYJBhcnkaOo6vb+BHu/hh8DZz4u+J2rK9n46+LboZYdJikO270vw9Od4t4IxujN1GQ7nBA5Brpvh38LYPA8Pm2xmvteu3a51nWpnNzcy3DMHlZZHBdwzZO4k5OSAQeOF1a2IlyJ8tNNJtLzjo3s5JXdtvyN40YwXNa89LJ7Ju1k38r62W3NZWL/gH4VQ+GpP7e8USXviPxxrcgur/VJG8+fz5DuKRlgTEoJICjARQMd8/RWm6Q1gyS3dlcNNLHmBJjuS2jPTdHtIL442kAEkjGOKqeG7mbS547qENfahcv8sc9kZRGCdoOCMKSeQRkEeg6+yWes6XbQQTanZyTXUuVaJrJiHk4IEWGGApJBxgZ4wea9CdX6qqPsYprRya12a0k9m9tF56iWE9srylJdOtrWST0dvTRrdrTbzi4vNYQwx3Fuosx8kMCwxiS6PODIucouScbRgjJIz0yZlubu4ZQs0ZhUyzSo4itdPQZO0lchpABtCnknjHQV6Jq/ifwvEkjtp0bXrMxhM6tCbdcfeYDKrGgOdxIOD2GM+KX3jgapftHpmixw6ZZuWMiSuF1i7B+62VO+AEjJyE4OSQK1WOqVKnM4pKXLdNarZWsk3Z62Ttr3uTiMHCFOLupJJWule+m7drarb0tsjpImuLgW6QztcXcrOml2Mqlt6JkNf3SkjdEDlk3gBuNvQ1oxeGdKQJc+LXGozRMzWtsCCkTclpvJUkbi2FTPAUL1OcczFqmowyNKmmJHf34Ed7qId2W2RsH7LafKoQooAUL8pb73XnvtOtrGK0imlmuUkkjPnTXKh5HYsf3aKzHBwTg5ViCOflxVympXlzapW3bTd136LR6XSvq0zjirNctkrJS03d0k2noklvtfT5mmw6Kkj3Emo3Fu6Ei1gntt0FuhztIj2lOFxtB446HtvW1tDqIuI4tXdVA3lxZWwLjGdwLMoKtg7fmGRyu7Jq1DFpMn2Vbw3ItyNyR+QjSSMMAySkPwntgE+vpuLpvhXz4t22JJVJS3WBRJMw+60iq5wuRn5jgjBIwNwwc6qlFRUuRNXS035dbau2q201W7udShBpX5WrxT01V7X0atu7qztr3uziptGspMxSXcMrQ5VHXT491yx42sFkx14yRgkYJ71ympDTwXsbaXTLrU0jAhsoUFm9vJj5XmcMy4XIJGQOTyx6dBr6wX81zYeFbJr2/jmVdQ1BXWKHT1ZsbYk8wLJMB6EjP8RPNcrL8Po0ae5e11oSFCLu7E6F53xy2C24LnOFBORjnnNdVOvKybWtkn5xXLttqrJdUrb665zpJxSjG7lFXsk+ZXVnskrOzetml13M+38IaxO322/nmk1Aw7nubS9S4EEYI2xwqzKqFV4yuT8vTAq9Fo14N1vFd6yiIpDu0MMpdmDcF2bpjAI7gg455yT4durNiqPrtvahR5e+DzTISQcgiXJUE4x0b25FMtdM8TiWfyLq4EIClRPbBNoBPzOGlwcAA8MwAOK1VRS11u1qvete0WmrXsnbSXe/RWOXkaesZWS13Vm7W2T7Oz9G7KzlpHSUhSNY7y8+0FisrXunQlFycj5lY/wC1gnHBU8Y4jl8O6nPLGlobO5knOXJt44lhAI++6yAR5zuJ9M4GMg3dMi8aNHfSM+nrbW8TfaNSubNRAVXJUQFifMl29lznjGB1wL3xNez2H2Cy0iCOyhfN7qrI0NxfEk7/AC2UlwCcgAYwCOD0EfWeVSSiujXKrRv7uqdk7tLVu+91qVGCdtHF7tJ6Jrl3atq1fVrz03MLxF4V1pWki0e3S6vCpW/vkvz9ktADgeWAT84OCCCTkY4BzXNQeEvGlnaJHaaZKZHkIk1SPUm8+Q7iS6E5wCMkA4x6Ht3dl4vgtIEgOgWkNqmVw1xKXnG8t5j5XLEkgksRwewAraj8f28sUtnDor28K8q9vEJfmGPuuzKQCBntkHkEZypV5StZrf3Uk3zPRrS6drqzk9X0djRQjFxSdlpsld3a+5dbtLy0PIZLTxPoUsl3cW2vTSSKESVr159zgDDL8rgoDjgDuM+hktvE3ia3U28w1EOQZGkuLaOYKrZ+8zAEAZBAznHZcBq9kt/iVoNjbot5Y3IkjG0Zso3ZOMK+C/ToSAD36drFt498LahOLL7HFNNcKrBn0wbI1OSZJSCAgB+8c9Bhc5xWMpTduZq26V9uazaaSvzPddU3fXQ0cLxvF22bWl/ecbKXfZ2fRdVZJ+Sab4v+zXM0mqFrrMajdLpimRGKnBTay9OecL6r0FbsXjW0uIZgun2xsrQ+dcXs1g1uu04BgilyC846Kqndn+EHBPZ3Gp+GiZylhp9rbRBo5vEP2YOryDOLaygJ/eznkFl4UgDOcY5O8kutShhtoo7R9LgcyWGnrIkM9xIGwtxcoQCGYYbYSduDnHccUtIxjfvq2tU7N32Sinf5dWRGo4rWUkrNNJttN2u21d9ulr2tvY46+8SQ61c7pdOvdM05VJt7e0mmEl2FI2yXDFSdrAHA5wD09bltr+j2+bVVnJcqYrdppjFGhwSpYRjB4IJJ6nnng+g2NhpYbytZXUBePGGdLMwPHErZ8qJSHAVsdcjI4OMk41ovD3ga4gAkm1+zuY3y7tbQSljn5MnzR+7J4JznnIApKmnbmXNvpZf3duu2/wB/cTqwnJXeqcUklZuyV7rSzad7ap3fmcDbeJ9Dd/sk0ctuSu5pYL25XewIHynacejEZOMHOQBW9p/ibwxayuIbjVDMEcnyr55kAboCJFQArnJwSzHjGeT0cngLSZojLZ6petK8hSRXsrUsiggggeYRt2nIK7uR0CncVufhLayWpu5Natxa5VlneztxLcyYx5KosufMZsKQfQ561Xs1dSUHDls1dp20W11666L8yrzjbkkuZ7t9LcvKkk2vNOzdlvcq2/ijQkZbzU9U1KG2KjYs1mlyHPZEG4EEcdMjkYJycbZ8R+HWkjUXlosLor28V7p8cE0rHkkxltwQE5yeec8dKwrb4Q6pKJLmO7jvdUkUjTNFnaK0g06LAA1G8k3NwvDiPDE9M5wDeX4KeK4C893DpWu6mwLXOoS6kjxxLJnalvtBVQmflIA+70PJrJRs3oknZtytd3tu2t7t6X9dLouEqqt7Spd302V27d7dve/A2Yo7S4uAyXGg3FztQxRR3UtrDboASCcKRvxnkYOR61cnh32qEGG3tg5MsEWrSk3jDBYlwmcZ5weB7ZFcLL8IvF8d0wkjFrbbN2YtSLMzckbsR8jOMDOOoHXBSP4ffEFWWCBrt4YmeTIvyVIA+UASLHyM4zj6kkKTLjBNt2lK+/mra3T2dkt/vK56iaSbTVtU76+6t1J3vq9VbR6I9MgsRIPPSVId0QXy1vZHkVAuFCF0CuTtJAbBPXrwL/8AZl1BCsm64CfKFG+FmJY8nfvBZ3IwBjjI/ugnzqHRPiPbxE3FvdtEjr+7kSOeNscKN4bczE9AMcDIPHFfUtc8QaDJFFrulxQXExKWenTI8FzdZAMckMau33iQMlQBy3AzmVQnJO0nGPu6Kys1az001btv89NLdWel0t4q7dnfTVapb+t+2p3l1Y31pHJcSw3A3kHcGWWZ0ZsbG2bjEoA3MTkHDDisGHVLWNpjZXSPJbsovL2WJpSHI+W2tUYbHlH3WPJXOWFecx65ql/9pttSl1LQIpXlW4ngu5JpZAQNlnaxAN5akYDuACfu/exu0bObUoLMx2V/GljG22CO+hMsxBUBpmJQMZJB0fnHOQWOa05F1Sdm7P7tetnvolffyMud1Gmm2nb3Yu1muVattd+m+97s67VNTuJglvLbyaTbyj980UzLeXKlMBpZFR2VXH3kzgAdM4BxNO02EP5dpCiWbvvk3XbLJI2Mb2YhXPHJOeo4BOKZ/bF0IHU3iTTgqpV7QsFx6PjJOQw6EYwBwMm5/a0ghZnbRpZVRcKYnjZVwArEFQQcfeXA7bslciVRVuf2Ss7fZt211St8npdPa6LlV+y1Ju3ZWfw69Xq9G1bbbVJ7cdpL5EtrZ3LQHfww1UoCMdAqsAQoyGGQB0BIyDYlubq0gMEd7d3MxKxPCuotcTu2dqLbW6EyTyl8BERSzHbwDgVJ4P8ADGteOfFOjeE/DPhj/hJvEOuOsdjp+hI07RRyMFkur94222VnBktJcTFI0QHBG0Z774q/FL4B/sPXj6Bo1po/x7/a9d9mnWmkSnVvAnw0vJ1ylvIkZe313xBZSHDKf3cEykFieviZnm1LAtU6adTES91UoWdtrOTSe2/pfRnZhcJLEx5tadNK8pzasrcj0fKk3r0fbS9mu50j4feGPhb4WtfjX+1T8RNR+Hvw9RDcaJ8PN4HxF8eSRJ5kFrp+mF/tFpaXBCo1zIiFQ25QSK+Vfix+118Xv2m9Pl8B/D55/wBmz9mKGdksvDekTTW/ijxrbxsUW61q/jCXepT3aAl42KIrORnI58A1bw/8V/i140b4rftD+Jbzx98QNcdrvRfA11eH7BoMBfzIlu7VW+y2EMIICWaooQINxwDXp8WhW+n3CS6uLqfXljWO0igliTTtJtwnEVqgbYqxgDGEyQOcDGeHCZZisyrQxOYSkqblGUaKbUEly72vdtLr3ul0Lq16VCPssOknZJy6vSKtfaz0V77vQs+BPCPhrwZZrHouiP4dYR7JNfuLf7VreqSOSftDvIHkTzOX3MzMufmOc47m5EqwskV5NHC7F1u7mzX7RcOxz8uSWLHsSMjIyeAK8/laWOaP7Pf6pf3rKwRLq88mCA8gMMDa3QYA6DBwASDn2mkeKprh57y7nngEjFAuoqWZ9wxEiMMBFGASu3JHAr7RUKeEjSVGMYxspRUdLW5dbLS9la/xfjfxJzlNN1HdrbW+t4u6s7aq9mkvJJtW9GttNv3k82+mvIrQAgBrny5NmP8AWeWQMZA4+bHQ5GK0LJblJZoHtr+azYD979ojaV0UELtVsZU9cA4AFcn5fiJI4pr1J0tYVYBHiS7dguAAzh8kY5Py45B4PzV0EOsTXAhWW200JGiqsbxzWkrHBXnCn3HPB79hWk53it0patN35tFfXSyvpq76X2sKMopXd7aNWslJab/3b6Xet9upvw6/Zwxx2kli8ihmRElskO4LnAeVXy2MZLc8nPHaCHUtAvrqVbi2ghnRgUSCaeJY+fmcYXbuyPT5um0Y5yriJGaOWSOWOQBn2affMxVTtG2NXQLnuSWzxjpxUskAmMMVpHqiS4UudsLykYy2WJBwRk7cn06cVny3sop262tdr3e2ml7JvS2vUbmnbXl115NFKLs7LW10r6bWV7336e3bSJZHgtdVYhn3fNftuTAOchoxgqemTjGc8cG+ttaRM7RXk+NpaVpVhnilkHQxMSTzydg5YYyOleeSx2kUsqLdm2wcTSX2nKFMg5BLox5B+9yQSCDnBrLBvrxgunva3qRylS8d09pFHjgMEbGSW+bjJznjqKr2UtG7Wu/d6pXV76J7dlr5tkJttNpO11eT22vZtXf5a6dT0W9S3Z4d2oxxSxsxggksEPnFhkbcKc5LHkZPJ9OKi2+ph4p0trGIpublDHJKpJAJi8sDJOM88FsjBztyk0zUo1guxqK300aoZRHqqb7Zh/yzjVlBdkOBzjseCQavS3+vWc0Mv2rVJ1lwrCe2inCIOTsbdyO+T8oODnIxUqKcmldvTa2luVXbt08tXa111u611/la5bJpXi78yT0WisnvuixdM0MilhH5zuT9kEreUXbucoyhlyQQOAOmD8tJZ6nKJZ4WsbN12qsluZQgkfOA25kALADnBGCSQechw1Ab0jvNUiSWSQOnnWRDpyOHKghezZBbC8gnJxLJfM7osX9i6gxc7C0rW7nAAy42dc4+8cnPcU3Bp20Sla191rHdPXe2j77bkqT5r2s1ddLPvdOzWuzv02s9bsOs29rutptLssThgIZbWG7CgAE4lyGVQDnBCkgYAFY8+ueG3uRFP4d0OOSPAiMSPArNk/PIACozx32gAZNLLawuVkvrOztUkch5rXUir7T3VQpAXOVDDv8Aw8gVVfSbJ4ZhZSR3SFGCLdXqiSMEAAiXGc4Py8Yz6EmspQTVkk7NttPomnfTSz790uoKerTai9dr6pJO2ju9k013tqrEFzqXhBpUWbwvY3DzOAfsV86hH3YwTtx06BiD6E4FUr3w74OvCkx0i+tC7HfHHOkiOoP3AeCcZwc4zgbetNi8L26RfvYL5A5wXhu45LcyHHViy8YJzhlBwQduKrxWWjJHKras6GxJ853ZYre04Yh7i7L7CBnBKlsYI4yMZ80YpuUUlpa+mitdtve/9d1tTkrStq172uit7r31dtHpr69Xnaj4Y8H2kZ8p57FmYKVks9+AQWJZsEk4JIPO3jsQa5weAtC1Hz5bW41ZnVMgRWzLE4XG0hmwgBx3IAOOmBXlvxF/aH+E3gWCa3fWtU8Xa9blgLewutmlIwY5BusfvCQCCMYPY+vw/wCP/wBrz4geKPN03w/rd74b0y7xbWmm2MykhTkRM9woDZJO3sxySCBweDE43D0ZWlytpNtJq9tN/wBLWs7pau44wqSTtZXtvdNttLvfW/krbWduX9B9X0z4b+G7Se/8TeModHuIV2vb3ht3YEYG0JHKXLjgH5QwI6Hgn5p8cfHj4X+F5zBo8useJX8kt59ncPa2ZbOVUFST85OCCMDJ56Y/OhZPE3irULsajqN5c3UUpN1Pe3U0xkYSAvjexUnIxgg/e6VP4t0e+8Px2l88klxbXUChJGy0SSBcmMY4yMcN8xx1zxnxaueU5S9nTXJdWiuZczvZvb17/CjaFCSS15n2Sst0272ck+m17tP1+tdQ/a+1Ww2TeHPCek29xJGIy+ozSX0iRYIBkU4zlfmPGQTwDyBwF5+1F8WtdWU22uQ6Moyduj2y2oVWbOFbLEkDGGxwBzXyQNaZJBMFGXBUgHcpBGQNowM/Lnvnjpzja0vUQ4GUWMjO3Y2MnJC5GM/mccg98DKpjZNxanzWV9W/K6vr1f2nfbqzaNKTWttfJvVKNndp2X3PS977ep6l4z8V+IZGk1rxDquoEgsVuL+YruJJztBUdT759cYrkbqQmRdjgkspbLFmHHQsSSR1wMH7xbGMmoFuHwDJg4J4Y4POFBJGAMc56D5cg81Imx1OcHc338jOdrH5WGMDknpkdBjGacZ1K0X79lu05aX0srpbpNvp1MpUmnu5d+ZtJWSWqTb1S8kt97M/a/8A4Jqf8FKZv2QvB3i/wnc6EdYtNeuY7h71LkxT2yxDb5W3kyIOTgsAN3GM4r9U9E/4LjfD+cK134YvrU+Wd0iQCTY5OWYnfkgHPHGPQ85/kMhL2iYiMq7gCChOeTyQFJB65YnjrkEir66xe2x2pPOysACSrNweMEFcZ5x0AJG3nOTMqGBqWeJo0KtTRSlKN5NtRSldNO2mttV26nXhsZjcLDkoVqlONnKya5W/d1Wmz0Tu76O17af2IRf8FofhjrMH2X+0pbKVySXnseVySAMjowGR/Fjt15qyf8FQ/DGqiKTS/iS1pISF8tEEX3hggIx9GIHOFPGM4FfyCHxBqMS7hLgFQQWXbx64I59s9fmx0NJ/wlepRuro8h2gZyzKFbOcgDAH3skgcfrWEsFliaisNSjr8TSurWu9U+2z9EdEs3zZtNY2q1tazSsrJ6adfV/a0Wp+4H/BQbxp4Z+PyaV8SLDx3eah4j0aKLSpLKe6MsU9vcn96YE3ny9ucsqgAZOBk1+dHxY8DH/hX+kteajIqP8AZVgG7KjKjzAeVUkcFevIxnnj5007xnqM00NnJNcFbm5tx5c0zNHzIuTtbIBJ4ABzgcA5r7J+MEZl+E3h0xsVEdzbrjGSTsDFlb7xQHJJzyQDgnk5V40aMZxov3FCKutLWtZW26K66q2z0MalavXU51ryqSV3LV3vZKy6Ptbr3Pjax+HmnXEiJNcSmMKQDuwWyByBjbgd8nPTrXRD4U6CgYwSyNGceZvbJySMjB7Dp+uOcDa0ewunkijLrgAHlThTwOD2+XcDnqeR1Br0m00SRIgxkAUgNgc5fjAJznHB656DPWvHqYmUWlztapLXXdJLRXStr3Ts3ds8zmkpapvTW+ltVZW07v010uz5R1Lw3BpvjjR9OtXWOKa5gwWJwQWxuGcEA4z2FezeIdJltNR8NwJPFJCpmjDh1GTyfuk5wBz17Agc8cR4yh8n4jaHG52Os0HIwBjcW4wDnHTPO0nggkEdx4zeGN/DcwkQOLi48ztwg4OQRyT2IwSCMDIFeRWxLljqO9pJt6WVk00n23vbyu9nb6DDQhPA1JPdtaq/eN79FfS22mi7lBVS2S7jdg2CGwTySXIyGx2ByMcnJHavcPg9Z28viDTDHGyPNKqhkOwhiVwfl5yDwPoeoPHz9HdLMt67urblBXA2nAfv8x446nk7Qxxjn6R+Cjg61pEsflri6jG0nOMhOFPoMkZJJ9eeT1YySeFq8ur5G1fdba3tfdXtqzmwSlHG0U27OpTVtdE5Kzsn5X67621S+vPHPxJ8VfD+HThpd9FcWhtWNxY6rEt3az7T/q2EwOAclDz93HPBNeAj4vfA74h3/wBn+JHw4ttFvpmER1rwq622Jt20O0KgKGZiSQWHPI4zj0/9ou3EuhacCoyIHyQQG6ZGf7xAySPfOOK/NyB0TUwgby2+0osZb5lc+aOo6cYyOfUcdDwcPQc8NOq5NTi2nJSs/s6X1vbW6d1ZPa1j389xFSlXhRUYThyxdpJO8Wo2s3Zx0uk1LVtLqfoyv7MfhrV2tL74Z+Pbfy7xBcxaX4jjNnKfMX5YjMRtc4+UHucA7c5HnHxA+A/xZ8H3uhDUPCWo3duzu4v9LQX9pJCctvBiLSAFSGVSq4GOORj7N+HHhu21Twv4bNzdRCVtNslim8va0BIQEllIOwbc+hHO7NXPinq3jv4beIvBlxoPieSWO6ikC2byD7G6RgjEkcodSCvGDgnB6mqeOx1Ks4RnGpG91GV07aOyabeyvqu3Tfgw88sxbtOnLD1FypzhqrtRTdtUrq9tk3uz8ydQ04xrfJqFnc2snmNG0F9C8EqOG25XzdpGMEDBzgYzjNXNK0i1ME0scJBh0658ybaCVYxswPAJOQMZOQMnjI4/R2T4x+DfE2nXth8UvhDpGulZT5+saVDHFdqCcGQNCgzzzngjP5Y7fC79mvxvZ6lP4K8ZXvw/v/7KmaSy8QFntFnljKKHkc4RRkgE8fxYPBE1uIaClGniKM6c1yJv3Zwbulo4tPlfXrfa56WH4dp4iTnhcTTqxXvOMnyy0skrNdttLXu+p+Kd34bhvI7kqwBlvJyXDAMoMhPT+EdscAYIPWsSbw5c2C+TFH9pSVgdwRVaPByp3DAXI54PXA9c/dHij9jz4v6HatqnhuLR/H+htcSSLqHhm8jvJHjdyyl4Uc4O0Kw2rk856mvnnW9F17QZHtdc0HVNJnh3RNHc2ksDB1IB3+YgTgjBbeT6ndivoaGMwlahH3ouLik3u3dR2fTdPVJ3tZ6Hz+My/H4eo7UJqKldSjdxs3HeUbrppfZ36LXnPAvinxZ4XvdXGia5rehXDacI0Wyvp40EgIwXyxUrkcYBUccY+Zvp3wV+15+0L4UFna3XiSDXrREQmHVIzNI6KBsCTMRhu5P3gQM4IrwnwxpsN/rEcLKZjPaMbhQRvKKdwKgEhgegB3ZA+bAAU+yr4E0meNGhkNpKYVKiTDKWxjaCRt6kfxZyMgkZrx8ZHLZ1I+2o05bWk4q7t5tX207J3tY9PAVM4VKUsNVqU1FJSipu1vddmnq3potdfVn0noX/AAUX1yzuY4vF/gnd84VbrTbh2k3FRuYR7VXBOOF4zwTlQtfRvhz9uP4K6/c2sGrarceHL+VA8iauvlqrH5sBgDkYGMcHHGSTX5U6p4E1OKWXzik0LFTFJGoZ9u5Q23BAz82Aucn+IdMcF468LK+qQ2iWQeQ2CKZQoUnAByTzgjnLAf8AAgeT5c8py/E1OaneHNquWWmy2vprtba+7Wp6tLPs5wyUa0fapNJ88buytqrbycd7J+R/Q/4f+M/gPxTDDJoXjLQ76IgbES/gUElvlHlyPlmPPGOvXB5rtLubRNUiDXVjpmrRMhWNjFFtDEAErJFnOQRhgQeDk9TX8v2meEfElmGfSZ9StZUYOktveTx7WDYCcHBbB4IAI5x0Jr17w58T/jv4KiUWnjPX1WJlEEF/NJdW4C7VBxJkdyCNoODjG7FefPIZ06j9jio67Ju1/hsk9VZd0lY9anxVzxpvEYPlX2pU0np7rutPu1XTo3f+g6Lwp4b2xPYyatpUkjhm/s67kEAfuTCykYXqF3cZOc5JqO58KX8kspsfE1hqMIjKra6tpqecGxwDd53HHOWAB9CSTn8WdF/4KCfF/wAFamNO8UaTaa7b20cJd4x9neRW43qVB3MScZXkY9q+kvCX/BSj4cak0KeJtF1fQriYYedITNbIx++5bjjA7LzjgLmuWplOaU+V017ROzbg1J2ur6Rtvfqul3dnq0s+yWtaFSr7GTtpU91J6W7rpdpvu0fb2qeC764Mi6l4QtNShEeWk0nUUufNU43BbV0C7mH8AI2ZwTnFeR+I/gp8HNWiWPxB4NttNmJGf7T0gWkqyO3A+0whwrf7RAXg5FdX4J/aq+DHjWKH+zvF2mLJuRXinnNpckk4zsYqpfkZ5GPp190k8T6HrUMX9n6lp9/bXLrvV5re6cp8oGVLE7RnIwSR1bOM1yPEZhgpcslUg1a9uZO1lsn6Ltfp5+nHA5VjYp06tComvh5lqny30W3VdW72T2R8F6t+xl8LdbQzaHLPZF13RnTtV80DngG3mMeQD0XHQdwa8W8SfsS6rYO66J4illB3iOPVbAQxYGWAM8QkLDPUnORgYJOK/VO+8J+HNQlDpplsWA/4+bIvBMGIyANjrhw2ducqM5GDmsM+Dr63lYaP4j1iy2BisN+Re2/JJCkPkheckEnqea6qPEOKg0pVXe6VpK+i5Va8dFdddXa9tdDixfCWBqp2w8XfaUJpavlttte616/l+KHiL9mz4naIjRtoCatCW/1ukMs28LyG2OEbAIOfkOD93cQM/F3iX4feJdJ8UTJqXhzWbKP7YQZpbKYxIFA4Z0j24GBnJHTaOeB/Tc2heMBIJJLTw34gIJDSDbpc4jJyWyqsAx6AkDJKkZrjtT8PWFxNeWniDwNqENrIV86Wzjh1SJWYgO+HVHwOvHJI+ufbw3EcbLncZvaym09GmnZ2VuyvZ/NHzeI4IhC6ourBaK8oqStdaXSWzjp166XR/OwukeTC3lkB494Ksu1gvrtbbtOMgcA4B6gk1zGpabdSRo4iYoWLMedpP+yFJyCAMkkc4/H98fEn7PfwO8QxTwTQW2mTM2CLvTpNMuSZBlQbiNWUZZhnOCM8LkHPg2ufsO+Db+KeXwz4jNqAriOKG7TUVyThcRyGJvlOAFXcDknAHT2cLn2FquMZycJO13ulZxu7LTqrX27dD5/EcJZlSTdKUakVtGzTW3R2S6b9976v8YbjRZHPmiMhDgsQDglBjgAcHA54BIHHbPcfCexZPiX4adIXcCeQNGAV3kR7AFyME5PIbj5cZPSvv7Vv2H/HmnRXEul6rY6kio4WO4tzAzIM85VWBYDGMHHUZPWuC8M/AT4h+DvHPhvUdY8OTLp1lNO1xf2ERmSIbCA+0BWJBI4wOOMYAFelUxeFrU3CFdOTSejSurxVt1zXvrroklc86OWZnhpJ1MPNuybajfSPK1Zrtp1232R658MvjgfB3inVdJ8cadd2OiWySQ29xPatdWwSSQHcBtOzO4dARz3wAem8YfFjwBLYareaTri382oNm006GLYyoTgOh2gZGeFLdCB15DvFyaFPoWoQtMXvJ1lMw1LTpEKCNW+ZHZAQeyqSQWGSOlfLFv4V0rUDbhdRWTzXZWG9bZ4AHwPbAPThcfU5r5yrkODq4l14N88lFz5XaN7JK6u0r9r2b37rsWa5hQp+xmrJSt78W3a1kldKytba7uldHRXvjLRdYaO0udPngjgSRmlGN8shA5yoJJAGCMHudw7cN4hv9K/s/UlsGB/4lzgrOo3oQu35WIB3HHqcgcEHrvaz8Kb+KVLjSLxbqI4BX7YC4xglQCT75zyM+1cnrvgvXLC0vJHsZnU2cjl0k8xSADw5xjYQ2D8xwxA4+WuqhgFSqRS6NaPWKd11sra7vR2v5HnTxdepUcpLlUpxu1ompcrTSSW1lexxvw8t3n02KeKS6S43SHzIZ5UYIj9Mq3BHGOM4JPfFfRfhTWvHuiStJovi/wARWajmNbe/nZEz0BXfgHjDcZyMnaOvlHw80UL4fhuCGilLSDymI5Ufe5YgEnaS2PQbe9eyeFb+3tN0U0imPy5NwCjzFznoxBUjOCcnAxgDPI5MypVIt2hGW11ZO6dtLtaaNeWlrp2O/DYqspWVacLvRqTST0Te6s7pbXtpfRtv1DS/2kv2g/DEtvFB42ur2NcMV1BGuVdQCQpLtkj+HGfx449k0T9u3436ZtXU9J0bWERFWVpbWIgg9AFKtkEbh9Mlu4Pz1qV7plxFbLBLExVSyBlXzGc543FQeO3QE9eRgxaRaQSRsSxD7lYqQNgUtkADONuMDk8nHA5r51QouMpSwyjLraPK3otW103vfpZrVHtrMsfGVJQxc5JcqtOSne3K93otH5LTufa8X7bUeu2htfEvwf067hu7edZ7mG1RyGMTgkFYwNqkknnqDjBOD+WFx4n/AGaNd8beIn1vw7Pol3catePKImeMK7ybl2hVYoQwwoGc9wa/Rn4f+GYbrQtVuXhjdLazkljzGu1SkUitw3TJBzzkYAPByPw58bwxD4k+I9kag/25esAQMY88gMOvHoAccjqwr6TgetRxGKxNCjGpBUnFOXM3rddb6rfTbe3Q4eJ8VVhhqM8RTjP2l5X5Yq/wqzsk3r3a01trc++9Ks/2Z7qF1t/EupaZtZth8x3GCBjBPPcAk+mM9KZP8PvgFqwaKH4kzRsS0o8wgBTnjO7GTwD0xgfMK+QNP01ZIThUKkAkbRuJA5ZSQeBgk4+6xGccZq6ppSQISkLBdowwYjGTkEkEEleemWABI5r9fVKtGndVJyStpLXZpJPS+nn2s1s3+TSx2CdS0sDTST3Vk3e177eer3+6/wBPXnwE+D1y1s6/EyC4ilaUFS8QJ3NgYLsD/Dz2yD1748/7KPw8vhIdN+IdmrswMSzTWxU7TnOfNxn5jjg9ycHk/GusW0kVsjrLLuEnAE0ilfQrhsYB52ngn5u4xyUl5eoCkGoX0TBsAC6mA/Btw5Pc4OVBwMiuCs6ilaSvdJu6d7pL11bV9Nn3W3sYbFYN04KNKVO1mtrWVndXWr111tfR6s+5v+GRvs7odN8Z6PdLskbJmtg+cEYQCQdB7DqPoPOZf2PPFM11NKmv6VJ5ssmC1zFvyTwWwxGeCPTnIzg5+YR4h8S26r5Ov6vAyh8BL6fgAcgfMcHHv6degr2XxB8dQ5EfijVwqO4Aa9kb5gT1YknPHAznv6iubVuClBNte6ui0i0279E7tre6W6O6E8NyuUXNXaT6ro9W9lrdvp3urn1L/wAMZfEFS/2W7026KBgMzxkHIOMfNj5lAHPC8E5xWDcfsnfFez3g6Zbz7eVMMqk9u5fOO+OD+eB43b/Gz4p2MflQeMNUiA5wZnOMHA+Y5OPcjrnIz03rf9o/4wW6YHiiWQjHEgZi2M+hxwcjGPXcO4HeGkqd1Jrmtd2WjTtdryv6rl76Wo1I3TbbSu0lZvS9tXbbV3et7dTo7r9m/wCLFqkm/wAMXUmMsrREtt65xjO7LEZI7ZHBBFctqPwL+KltGxk8JaqcqCWETsM/eGcKScgYAAOTnnChh1dj+1p8ZLQYOrQXJX5QJosjoQd2QME4PXIOO2a6e3/bY+LMHlm4h025WMDKtDCpPYHjcGGexz78HAcp01a0JJNKy96Lv7r7bLru3p2Mo0qDjF8yvGWnVaWfva3tbTS7Vnpc8DufhP8AECPmXwrq+6PC4W2l6cBguFOe5Ug4GB3GDzlz4A8YRM/neH9VUKSGJtJs9sZOzJIOT3HPIzk19cwftyeNFby7vw5pU0TYZwI4kZnHBO7y8/NkYAGAPY83o/24Lgh1vvAenzfMAQPK5I+U5Hl8j2xnnHYYfNRd4yi49W7732tdLZp7Wt1Seht7Pka5JJrT8Gnbsrdr/pb4bn8K65CR5mlX+SxJ8y1mUkAAdSoO7jHfgBQSelVdF1GN8yWdygT5tskEgyc8kfJ0UDOMYJxkHJI+/wCP9tHwjNk6l8MLCQ5AYmCFyxHIxhAQOc+/GBxV6P8Aaz+C18yHUPhjbwtjLFbGMqGBAPyhRkH7ozwevUE1i4UI6pq90oxvF6WWrbW9367djaLqSSjHk6aprZJXdr/lfur9Pz1vLCSRoFW3kUBPlLRScueoxt53DPp2x04lh0PzEJkSRGJAIVflUYOcAlWAPBbocjriv0Xi/aQ/Zt1CXdceA7SAqpQh9NiAcsMZVsHHcHbt5z2zWrH8UP2TNURZbjQktpGA3qLbywCfQDAbb3xnHBByDUxp0nqmn5KztrG27u+z63bfro41HFe+lzKzV7vo2tFr7qvp1Ttc/NxtCtkXi4IkU8BlHbjJ64OCRgEFh3OaeNPFs6ypcK7bckKwBOPbn3wcgEEAkc1+lcT/ALH2rHJuTbeeAWwTG0eeSMglkIOAOnPJBwKmg+Gn7JOquETxS9krZCyfaseoHvzxnA5/Aim6FCybTu20t76Jbauy11u/uurc7jVacXU5rpJO7V3eGiu+t03su2zPij4ffEHXfCmoW07XjT6dlBPYXDF08sYB2EgkfLygHOfl54A+2Em8N+PPDZvrW2gvbaeJ3ngKr5ltKQAwyPmXBzjPvjtVhP2cP2fNRKHSviKscYYnfLOjcEEhVDOvZTngfhyT3fhP4J+DvC8NzH4f+JNpPDcSBWgkeE85IwFMoySGxnIz0xyuPnM1ydV1HEYR+zxEJK7jLl57WupaJO22hx18BVb54K07tpp6bK+lt2kt9H3uz87/ABr8PLXRNVlNrGJbaZTIi+WB5TOSQoJ5JBAztwSchsdKwtO0W3tow00WJMblXAOAMnGCAMHjOdvqeTgfoZ43/Zx1TxAySaV400BkiQvEJbqBHw2cowDEhvRj1ycA4xXmc37KXxAjVGi1rQboMDvIvE+cZOAoGCh9TkZ4wa9PAwr08PD22laKs3f4rWd+zd0tL36dLmc6GJlaDi9l0S2t0Ti7p76q6d12fyeumfbrmF549kKlslRs2qFwCR0O30IUtg4II48o8d2622pxgYZJIeSAQWXcdowB0wPbHsMZ+8v+GafizbGQRWumXKbW2FJ0bI4HyjeeDn73T1YCvI/GX7MHxf1PU4CmgwgJEkZPnAK7HccdTweoXqDnnPFdPJ7RNXb+aWvupPXTdWspJ+sXc6cLDE0dJU5WsrabK0Va3S9m7t2vrZa2+LACJCAM7QTg98DnkdMe/Xn0yH5DlxgFmQ7hkqT1HIXg5JJYHAxz7V9QXn7I/wAcLZEKeC7iVDyrQuGwrDGeDnpnaQcnAGMjnlJ/2bPjTaFmf4fay208vDEXHTPy4PUDgZz0PU9BUaiSir3jvZNO1tVpundPe6avfa3Y5Sd+aEla9tO8k1q+qaS0bT7aHgDbhtQMCM8YGCB9e+T2GDkfSojvyVXPy8MeQBnGQeuCSenOeOeuPXbv4K/FKz3tc+A9fjC5JJspSwwe4UNyBjOOMgcccc9c/DnxzbIJJvCWvopJALadcbRnqGwvynsCfqvpWLw9V62bi2ktPRN2St2W93ZaX0NI1VbVNNdLN6O3vffvu99zz9FchlydoU4wcZGCeee/ccckHkc1KmQWLYIK4Iz0BPv14B7544ySxroLjw1r9sV83Q9WhJwTvsrkAAdc/u8c+p4JzgE81Sk068iULJZXSHnAe3nRupGWBjBA6HA7AnsMQ6FTdp6K/wCMVrfbfor9rEyqRlZ80dUlunbRO2tru+nTaxTjTALAcYIGT0HfI9ug6r+VSLLIMIrfdB68kDJ3ZyGPrwO5wQBzUrwzRoqmNlUMCWZJRgZOTkqvAzkcEDOScGo1TJ3JImScAk+pI5yAM8dT9c9MpRlF/De610d1t5b6rTV/gLl51bdaNdeqv1S263v2vcsQNtOS2Wdk4YHKsWz25xghsHGABnnqy/LNcyFlwpCj0BIHXPHPTOM+pOeKa8e4ouVzuT5icgkYJ+7noB7cDFR3DO0zlirAMqqeADgEcd+eMck+mRwb5Za6Xb0a1UbXg420tpfVadfna5YxXKrJOzfX4krPzv0Wlr7aWrMAV24bAOc444J49Tnp9PyMJB3AdhzjjGWHXHPPJOOp4JOBV5YSzkNt4BxyOu7qB1IIGT6+uCKV7YZDYXeccDnGSBn24BB7cnjpiJYeo3dWS01t1012Vul1Zba3vcI16aaV9rW0eukXe2t3bXTS2iauZ6pnC9cFuRnJxkEH6E56dQTjnlxTjjk55zwcbeg7Y54Gen4A3JLfb93uQpBByABgfw547sOB68cVmjZSDnP8IyG5z37c8Z6+g78zyOKjFrV7X2vpfz7376Mp3lqpae6t1/detrb3fZ2ate4gXsD8zdyM9CDwM88Dnp/LEqAMAgYdSSSCBwTk+xOfQ4JJwTTdrE4GCQDz0VRyCcZIAGFORnpggY4dEhbAGAfmIwp+bGRj2578rnr3NPlem9tbrTVaXV1vfZLT9SE2vOy02Vnou2unZ6p332XOPlDZAGOCTjOD265wD14PU9KuROqCQ7gW28AMdvI5UHGCSCQOuRyPUVQhZdq7WIO7I6Y75PTAz0BHIPJO0U5QdrZACEjgA4OG9eDjhckHOAPU5tK2kvXdaOyle/nq2n8mlvXNG2qfTTp07eau3bTXS2hpI2+OYBiAYsNnofTk8ZHfqc4J6CtrwqrTX8DAnETZGSCCRwQfmwQcn06c56DAhXKTFSACmd23oAD8vyn2+bJ55AzkGtTw5K0d/bCNhlpApGCDgnHfA5xhdxPpjmtqUrVIre/yWtk9L632S67XTWnNVjHklyppOz1vZ2d0u9tVd3aas9iTxQfL1e7BYgh8jjPG0e4AOPmzzndzWBHtOWbOSSSHYnjPQ9fxIPBzy3Nb/ipca1d5CjLbj12hsDOTwOcdcdMcYrmBndgAc9gOp7A4z15xkdfXuVGueVtLt7fErLRp209V1vtoiaD/AHcbJNNJpPTa3S6vo7tX5XsaIuFVCm7gkMO33eABkdDgZPccAEZFSJP843MSeSAx4IHf655/ljtlEEg5AyoHA5Axxkn0HIx2PH0A2CM53E8DuMAckg9jjp2xRGo09btPXWW7ut9VHX/D+hUlzKySWiSaSaWkdn8Vr2dumq1tdaxdQ27O3dkgEA8kgEdvvdvT0NIRypYDONw6bMFjj5ueQx4PXt6ms5Gb5hnb6Ak4+pz6huOpHOetOMjnbzkjg7uOBnj24APPfkAgcqU5S+F73s29dbbaJXtezt/Loi4x0i0tdLtdNnfV9LLr3fW5eQx70JU8lgvORnnn0xnp0yT1JHIcMygL84JAznaQScgZ6+/PPzZHWs8SNgkdfUk7ee2e4J4BGR0J9CLMwOSx65PfBHc4wccfQj3xWacr2bvfWy76JWXbotLffZaL4Vpe7sn9ppKK7O+3yu15vajIWSHKFDtYA8kZGRnkZPIzwv412Hha7+ztI28KQ8jNz8xySGI5HTJxxnJGRjpw8U5LwvwSqkEY6DBzjp1LHGc8d6X7QQ3ysVUl8kNyF3E4IGBxzkdP4evB6MPUlSqKaWsd9urV4u110/P5cmNw8MVh5UZSspWu7ax2Ta2Xro13XU+jrTWFCIyTxEMMPhl3AkZzgnGT/POT8oxr/wBp2sjJuaNioJZ9ww+QCRgjGc8jPA9+K+XhfSREYkcDkqQ5JwDwBz78d8DvV4arII4h5z55J/eEHdwc4J6KMgkNwS3Fe3TzdxVpUubbqvLrvfRq/bp0PjavCUXK8K7Tk+sel9d7X1vt2tpsfTRkspBEySBc4YBiuQSDjC56eo75BOBTAykhI3GUYkMOmM44IY7yc49BjJHp81rrF8jEfaZgd25CrlsDnrwOMYx0Gc8ZwKkXXNSR2kS9mAjOSS5JJYgNwSSckE4zjsMc1azim96TVrK0WunK7PTfd63aTdk9DnlwjWTVsTFpu7umk9nda3+7TS9ur+j21aKJkt87RghnycHaOOeeD1J5JPGRitGy18RBgzIuB8qlgN65wWwc4I3DgcnpnJ4+X7jxBqDvuN27gKNh3EBgcZ3YOMjA6jPJIIPNXbfxDqDRx/vQrfdDNwMLkbcjJ54AbHORye9wzaLtaLVrXVrXVo6W+bT7u/TaKnCdfkX7yEpLm+G6km1HW/XZ32327/Wmj+JbQ3TpJcqHJCkgAEAcHI9BggsccjI6120uqxSLHslVgylcEKxwccgnOc4GSMFsnvjPxTD4hvoJo2+VSuSfmwzhgQCQcfe5wdy9e3btNO+IFyksEU8IRVAAlzuGBx1z6kDGTzgY5FddDNaEruT5XeyvfsrPRb20u+1nfp5WK4Zx9NRdOmpWtdxeu6Wt7Jvt67HveqMjq5Djc+4NuyoIXOME8DGcY79/unHz7blZPGdyoUAM8hJJyDggDjBwDkfN75KjkV3EPjCx1HfumQsrBPLI25YjqcAHaTxk4IyAAeN3C6fKjeOJHVljGd6uSG5IGMkkDBBxhsZ6YAGBFepCrVwsoTvevD4W7xTcV5u7b+/1NctweIw8cbGrRkn9Xly80Wr2cXZ9LPXVJ383qf1TeBPFPgqOeN9a0JfMR13qGJAB/iaMkbj6nGSAOSOv2h4R1b4ZajFGNMg0xXdUYwSxR+buORgKSDuJypJUcgH72QPnXxD8MdJu1NxaWiWlwql0ubfP3uvzqMhvXkHIBJHp5csWreG9Sa3uE+0bCskd3YsVlRBx80a53DA5YYA4yRyK/X6mDws1aCnCV00o8zuvdtZp7aWfRva2jPGhi3RajVpQkm7J8t76q1tNtE0ndbJ2uz9L7eDw9tAt7SyAIx8kUSlBgggHBycZznPX3Obu7TYEVIkt8DJO1IwyJ1IDEEZJPXtjJwTXyJ4L+KNmLaOK8vkckBCsp2zoFIUBt2CeRgjABwMcDJ9dg8caJLGkqXcLLINrBmVSvHAAJAyDgA53EkMSCWrF4WUbcvPJRsrv5PW7skk+0lpur2PSp42jKF4whF2u4tK7dl520b87NNWPXReW4ZlRU+bC7vutg7eBknJ4Axg8cKRkgO/tCCJGUFc5GFIOcDkENk8YJyfUZ+XFePSeN9Fj2+ZexcfMS7LyoJJ2gsCFAPABIzn5c4AzJviFoKK7vqEe0rnJIYADICLyPQYPzAYyQxprDyqK7glZpPa6bt019LP70ZLE3d0krJbStfbR20fS/Nq11d037PNq8R+ZSC4OPqRzg9QCO/HbJ61Ql1QkvgMR1GCOD3YgjPzZyc+3Iya8Cu/ivoEDyeXqAbpzguenuSRnnj159a52f4wabnMP2mXI3EruAK85xgA8Fe544xgg1f1fl6rorJ22adtXa6X3NNX0sP29ScnFp67Wemjjfa+26fnbTc+hJ9XIwm4KQy8gfMqkdQMgk5zxzgHI5PGVeaizEqkz9QSAwBHYZyxUjAz6EnnivnS5+K0jKDDpzys7FlLMdwzuIyOcEnAbg4+hOcKT4jeJL1wtnphLMQrEh2C/MQPuqOR6dO3bNa04xtZXW2iutuXo1Z30ukrNPbsryVruTd4u92ltFau2uur7tX2sj6KuNbSNyC5ckEcncQRySBnH4gn+VZM3iSJ9xd9q8gYYAA4IyevA75/h9ec/P73vj7USwS3eMFscKykBgMchM85YA/QZGeai+G/iFekxt58aNkFmBUFSRypA9z05/A8jSWyTWsr6pPbS6d7J23e+m+8v2jtZqNrXtveyb6y6vTpvvZX9wufFVvGGRpoVEYJILgBj1I3Ak/dHPykAE9a5S+8caaEAF1EWRwAqvkjPIGT1BHHUA5J55FcUnwn8T3CqJr4q25WZ2lJ4I6ADAzkgjJ6duoq83wVumx5+orGoZS4ySzE4OS2M5Y9AQMZxzgVcXNrSFujSTbbtFW8krXd7rW66IlQva8nK0td207R66LS7333a3G33j21cBVyzA/OuRtx6k8HI9xzgcDpXN6j4yjmidY22rkHBJZm45IGONo455zzjJ2j0CH4P6REBHJePO/3m3OQCpA43dOx98r9cbqfC3wrGBu2MyqpVGcZyCCc56gjOF6DnK5PDjCo2rJJ331Wuujst07PXTTrs4nShNuLk722uo+l2rLtuvW2p80XuspNN8kMo3INuwEhuBhSNpG3HbGc4xx0oNcZlSUWl9Z3Maho7q1SSNlYHKg7RzzljnjBYDAwK+vJPBvhmHYI7WFtih14UMNpxyM9gpyDxgnr3jn0vRhGY0tIm3gEDYijIB6HGAOoOTg/gWreNOct+VN9Gtk+Xe22+jVnu9EmzmdDD03pOzVrPm78u9ndK9k2u6vvp85QfFHxr4fgjWX7fe2iYKXpEilT0AkJ3Dj0OVByRkDFbFv8AtC+Irdt81vLdwNhUWMYY5Geo+YEHggZwMZ44r1q6stMMElq1pDJHIro8UgXZtYcFchRn3BPqD0x4F4l8ELpU51HRCr26ktJaEB9hbljGDnIx02jjoWJPEywr0bcZKy1SV42sm2tL6WvffozhrV6+Hs6GIk1zXlHnu0la9lfZ639dHrp2Efx712/lWKztrq3dwf3boZBhjgBuw56HPbv27Kw8QfEjWyrLL5MJBUEqVYZAJIUY44HJAK/eBI4Hl/he90iSPzEhAvImEcokjCsqjvyFGVPCscjHr1H0j4b8QWdrBDBhRG0YxkKSjMFyTuxnJ5OMk46nArOdBRgpKMdNbpau9radLPdJO35+hlmbSrTlGrNrbd3Wlkmr92ndauyenfiJfDnxAu3RLjXJFSTLkbuAMZAB4OSVwCPXkGpI/hnrmobkn1ydY8ZIZ3JJGCeSfuk9MDOD0HQ+wnXbVdiJLFKqk7WIVCAQTy3GVyB2446Cqba/AQIt8QL5YuCMHHIB6jBKkHP6E1hKnKSjo1tola7ula/a/rdrVNanqvH0Yys6mi0avZtWjbX7Otk0t992eeQfB1rmIibWLgZCnzMscEHG0nK46cnOQCcluQdTTfhJbwCRNRmS42ksjqfndRjaCe+AcnjuOO1dP/wk9tHiNrpUBySI8sOfXaCc9MDkHnntTn8ZWCkJxISvMi/KcqCQSAOcnIxknpzk4WVQnLXlbtZtO97e7slro3u9NN7XJ/tHCp8zqJt69Hdq3bdRdml2W5HbeANCt1VBZiVyQxD8KSvQg8ce2MEZ6YxWvB4f0KyLGOxt0YkAK0aksxwpyeDt5IPQdMnNczP423NvhtiEQlAQTgcnnacjnHcEd8HBqnJ4tnk+ZbcAKxGNwJYn5ST1Iz1BwD69xW1LDSbTcd3ZtxW1o9d0+t7rXZJLTmqZ3hk73TaS6K+nLpdO7Sd7679Op6HBFYQnzDaRKV+VNiIAq45Lnj7p4HU85GAMHQh1C0hLkKkbbTt2qGBAHAJBGTnrxweAQcrXjL+Jb1mxiKIFmwC4BAHZsdT07depJBzBL4gumAX7RGrYIIBxkEZJ655HABHXpx00lgm9Hps9HfR2Tfm77tbq6OWPEdKGqST72V+n6LrZux7edYjII3BGAGzJ42gkYCjgfTGOmcjGYpPEdq7eW8q7QoSTYoUqQMFeOCOo4yOCOOg8KOvSt5aNcs4A2uRuOGBOA2SM/MvfB55PeqcutrlgZ5FBfJwApK4wCfm5wOM89R06Vi8FBJ3kmm9Lu6a0ur3W938lp1RH+sc5Sagk1fSz22dm7rXXZeS63PcR4k0uAiTanyFvm4fOSRkg44yCe+CcccVg6h4vs3WR444iEJVcHaQWP8PXIOQD1y3BOSAPH21232uPOZox8p64BJzzzkHIG4KOfWsqXWog/BdIx3PR89CT2578kc+2JdCnFbxbjay17LZWs+m/n0sQ84xE79U1pZOz28ktNd3eVu+/X6xrqz7I5THLbyAqylQw+Y5AUtggjAUEHoM5yTXOaTrF94d1DzLCY/YJZt0kDSHEbtgAogIKkcnjgEDOM4GDJq0Mm6QMr7P4GI2gZ6bcnkD1OcAMAQcVnNrMTMzRIECNkLJjYx5yynn14GPQEYJokqbXvO1lqrq+vLt0eqTSeq6I56GOxKqqScrt6aNuKdtPPVaPdO1me+t4m1i+jV4r5ELDBYMq5A/vYODtHOGAPAPORXO3N7qaky/2rKpXOQHIJbJ2454wC3zEAcYwBXlMXiJ4QoGVLSMwCEO2W74B4GMgDGMHk4qG78SSnlUmZdhCA8EnaMlsEcbh1IIxjAyKw9tGEo8sot2V22t/uVrd7p2euqOt18fXS+Ja2ur6NOLdldP7tNduh6YNZvfLdbi/mff8y7HzhlOecEE5yOemF+XjrE3ieUbI31GUAIUUrIepXkNknkHg9hnpjGPGJfEVw+/EJQAEAsy9ScnK8AjHJPfk4rGudXvyHUS2sIIJVi6tkNkDc28kDH8XBBIyCcVm8xwsU/aVIJrreMrO6a631etruztpZOzhg8yqyTXPLRNLknZbbWvt1vdeqSPeW8SMIgZNSYABtrCQnrzjCnLYHUkHofSox4stVRQbqW4xtIcOcjB5IAJPXucj24Wvnga2kKn7XqVtDwVLOy+XnBbcreZweODtHBOQRkVkXfjHw7YxobrxDYRo27zXadAwUZzhQ/HbGOh6+lcEuIcroqUalendSe8uZrWNrLfVrtdbX3v6lHh3N60k4wrNSjtaXW2rf53PoyfxjZvkRFiRkGVieTjC5OOcdD3JOOc5rJm8aRvIFURlASpBkySccbSOp5JPbp8wBNfLGp/GX4baVGWl8S207IAXS3nAduoU43EHHou0sc4yAK4q/wD2pPhZpyg+fLcyptMQ8vGc5LBsNjJOeTk8DI4yPIxHHGVUotKrSur/AAtPW669NbJ6+XQ9XDcDZtWkueE0na6fNrdx1be/pft3aPrjVfFUKlWEMhDOARLuCkrzuXggDjB2nH+zuPOFN4qnj2zQWEZA+YliTEyknBA+9kcnBCluPqPhfxD+2Z4fiiePR9KdnYthbkrsA6rsDYKg84xkZ6V5Dqn7ZutrJ5dvY2NqhIKlWD8DuVVcnGeB0JyOMnPyuI8QqN+ak03d6JaWvH13t22ufT4Pw8xEVFVZcrtdNtt3tHz6/JpdI9f0/bxZqUzbogPldSY0USIp+7yTyo4AxjjB6Ac6CeJtTVoppZLZQ7g7ZJUAHuNxO36A+vU4x+Nus/tY+O7+VjY3M8XzEsILZwrFuikKADkYBIAA4PHOeFvvjx8V9aby47rUyrj5gqOCu4Y+Q7vlIxnJxgj5cdD5f/ERKqk+WlKV3o3om7ppd0umy2v1PYhwDCNnUqq6tFWi3onFK91ayWl3Za9en7k6l43KQu8ms2MAVjuV7mJNvBU7Buy3Izng9huB21wtx8XvD2mzhbvxnYxMxVDvuI3bcCc4IO3HOOAOMHORivxQuvEPxR1tMteaiFHzf6VeOEDAc5TfuBOCcEDrjHJrMbSPGF/GPt2rrG6kCRBO7sCfvAjkkg4PXB6ZyTXFV4+x05fu4qF97t63ta2rV0rerTXmehS4EwcJRc1Vm2l/Kuqe7u9bPyV9r7ftnqH7SHwssQy3fitZZo1AZrEhnZs5J6/MB0A45wc8CvJ9Z/bN+FVhO0ULalqMkJ2htjKJRnj5gxAOOAPm6cEcGvyav9Cv9NAGoay8Lkrnap8xkYZyAP4ME+u5SeSK6zwd8MYfGEZmi1i4RY7gww7kAN3OFLFVJ54U4GcjGBjoBw1OL82qtclWUXdW720StqtejfTyu0ehS4OynmUZUG5aNqUk72Ubap31ejsktNrbfdeu/tteH4d0mk+H3dWLeX9ruiCjcgCRCDkZIIAGABjkhq8z1j9tbxHcASWOjaXbyNjDod5CquBwoHzEgEfKck8jgCvla88PeHtHvJ7S5tp5ZbaWW3kDyHDSIxBbByACV6YIGeuMCqMd7pFtOYLfTIFRWUxtKFYg5znac8Y55ycjoeK4JZ1nFWMufFzak1dOTvdNPZ6q2/TzvobRyPKcPUj+4pc0bx1jdrWLtaVlf8O3Q9f8S/tLfEvxS1npsd1dwaZqV7BHe2cBeRbqNnX5XBH7uPHA45+pOP3Q/YB+IjHw/feBdTuMxxQre6dG7ZFqzoDIi5OfvsegwDk1/Pzb6vFHqmmSpbQIYryEttiUqELAdxjAOTxkArnOcFv1V/Z/8RS+EfGHh/VbQhI71oEc5yjRzomUxkLtOTjryevavqeFcbVWIlOrWlUl7sWpScuW/Kk0rb395pLd/f8AP8UYGjPDOnRpwUYq6UErcy5drb31utdW0frx4/sZNQVbsyGK3vVNhcyIMxmJjsZ3UgqDg45BHcAcCv5hf2rPBtx8MPjJ4t0ptPgu7K7vJNS0+5lXYTb3LF3ZcEZVS2AEwFJORwTX9OR1E65a3FqkgSRoEuUjODEDgOChyV3E9QQB25HX8d/+Cgfw8s9Y1Hw34tuLaaK5SRtN1EIGzHbu+VJAwMNjILfd6A4Ix9TxpgYY7J44lPnrUOVwej93RNW0tq1pptqrnynBuKng80dC8oUqytronK6a02VndLrfrZI/IWDWmjlElvpuntHjguhkIUdSwLZJyDjOB3+XOa2IPFmsSK4hhsYMKwO22VcYPGMggkDqcHnJ46D2GLwf4R0qNZBbS3CgtuJKsCQAV+XoR0UY68HoDtpy6p4X05ZHi0KBpslVDqpXGSBkcgkkYJzjjPQHH4k8JK15WWqSTtLdx1s9dbr1tbvb9uo14pK83HRWas9Hb+V3+5O9227nlMereJZW8rdcsCDt+zwgK7Ej+JY8jGOSMscNgdMzy6N4suwsjW2pHdtw0rP5YBA4IwMtjkg5AA7jBrsH+IMkLEWVjZ2siHCqsCSDYu0nIxke/Xn/AGhxkXnxG1e+w80ojjVyDGke1GA6FhnAPfAwvtySZ+rtqLSitbJbveOvup2f3PXQ3hiqTjLnnJtPRbaaWbau7u6vovNHHal4f1OI7bt0jbcrFWySCemMsWI4wM5xg4BHFZ8WgiT97Pc4QqUOzGQy4wAMEYxnA6egNW7rXGvJzJK7v85A67QP7u3p67ee45xtxJplwk0hLL+7VvlAyATkgbunJwCvHIHqAazdOUFdSV1bv5dbaLRdHZK+ibOeOKhOpyxvbTdt22u/T3vdvb3bW10d+Lw5YMM7ZmYgAOAxLArnPQDHPfLE9fU7ml+FbQKwmt2EbYO9jjfnnnkZ5B4BLEk9K6rRGhZgxiw42qPlBUgjrjI5/wBrHGTjPNdasEbsJdhKxrsK4BjBY8fLzxz36fQ1gpzk0mtOayu3q046trpp2666nowownC+jautne7tu9dFura3fW9z33wj/YFh4Ps4IrGaa4Wz2wOVd8SKPnTgHapHC53BskZJrBudd1pLsRWOhQI5wytNJhWjXofc8A5HQ/eyNxPWeE9U09NNsFBAZIVhkDhcYPUlWGeucuPQDviuum0awvpVkhiRlA52ttByeoA7HByRg89uMe/CdedKCp1OTkjGyirPaL07W8lula58fUyPAxxM6k6XNOcm3e7Tbs7Wdlq1utu63Pm7xTqHjj7HfTQJBaQhczKhJZt3dDjGASWx0GRk5wRi+I/iRcReE/D+kafa39/qa227WLm6kkCLMudkcQIA2LgY556YAAFfW+o+F47rT3smWFxJtyy7VOwnHUdTkNn+LHPQ8Yp+G2jvD5QtY5ELK0sgVDIDgcH+9jsRgdskmpSxN/erSWmt5NWu430Wlvh0Wq6rtX9mYFJKFCnaL2cbK6ato07vS9027dEj86r/AMW+ILtXgutNcxs5Z8rIC2OQST1AzjIzkk9MnGHJrfiFdrRpeW5XGzyndBtGSuSNp44YZ/HrX6WX3wp0eQqkdnbyF0UgvEowOpBYL1Pbp2zXPT/B/SyhDWShnk2hGjVtxBJ2rkAgnp6AEA+oh0azqfx5Pl3bUm1azuujb/8AAtrre29PCxi3FUopXsmo620stY2tpor3Tb36/AU/inxNJbeXf3Gpzq4UqWnkO0gcYUEAEAnDHOepzkCsS61SSQK80uoswUEtJJIX5PTOQcDGCc5yOTmvuTUPg5byieOKKKCRWJiQKAVGcEseQSM4A3DPqcVw2q/A+X75gDoD86x4J3DocA5578c5PB74SoVruTm2k91ezasm9LO66p9m7O2rhhoqV409k9rtdFZ6X8/83c+WrP4n694f0y807Sp5bVLres1ykridonGx0ZjwcpkYOMenau//AGcfGcmm/EQSSiaRBoWuzCRnY/vpLKb5mycck4Pr1JOOOn1H4LI6MscLJITtEeQd2DkkdNvTJyDn6HBl8H/C3UNF1qW9sFcyiyuLIxlduVuYzGwDA4LgN656jJrlkpQlq3e6la7el027N32Xq9bX2Ws8LOcErJppWWml7dL32VldXXXzwdc+O+p2kRR7gtNCZVhSNSQU8zA3H1xjHrgjp1v/ALP3xht1+K+l6nrqfabWeK/jeIx4bzWtpdj5J428ENySRnGCKpaz8BtT2ebcqy5d8eSMlhuLFSQT8w7cc8nHpylt8LNa0fU4dS0ZJ4XtN6ySnKlDMNrgYABZgccH7oIHfdFSbcZJzTutubmb/wC3bbpdL6J7HJHLa8ZJzoycVrfllqnZLdK9vK2l+qseW/EDW7fVPGXiq/tn3xTa/fvCpB3LG0z4VuucAgAg4GCOelcfLNExVhu+6pbrkHOeSCB1ztwBgehr20/CmCe9mlvZb2CWe4eSXELEyPISWYHuoPqOp79aiu/hPBa4e2e6khBbc5RvnyRgnd368ZB6gdM1l8ML2S6ct7tK0dkle90uZWbSSWl7r04YSfKmotLRK7d+j2VraLzTS1s9DT/Zvuki+MfgySSJgPtUwwSQGzE/YDoRjGeMZ7mv0v114zcXzR5DyzT7VI6ZIAwc8gDnJwMAmvz8+CfhCTS/iz4RvR5xSPUgiF4yqZEbAbz0HG7j5ckEdDg/f/iG3ZdRvpHk/dJPIPM24UErkrgHpgcDON2Sc4zXo5Q3KvKyT669Fda9dl2+XUutSnGgrvXnlyvW9rxW3ffT8GtSvoUgV0gDKW3KoUKAQy5U89+Mgsd2e4A4r1cSRpbQITjawJUAljzzznpn8OgyOAfJNCaDcSgZn3gqeQo3ZPJGevPPUHkttr1G3MDQZffuUKCF55Bwc8cAk8gAnHfAAP0k4txinyuyjdtpcuz00emlnqvNts8+lzRunUUnprzdlHZO99dnqu97ItXMw8tthADIzEkHjp6bcDPUckc8ciufhldZ9i7WjZgS2OVwRg5PJycccjnnBHN90mlWbZE6qq5BJA7dW/vDg55AU4PaoLSCKNnN1cRRqpTOHXJJ/hznnIPbHoB3rG0U/ijFa7tpbrq/66vW7e1Kc2225b6aWWjWzb6aq7d9dDpLaaCW71CObbLs08LHgcFyvQgjquCBkYzgcZrzC2i0mHWrvEUb3ck3zL5YO3thWbkZHcsSOOoGT1lzfabEl9LZi9vJZkEMaWVtNO3mYwCojjPPPG3rhu2Mcl4b+GPxi8S6ncv4X+G/jTWWuJl8qeHRrtQQxLKd0kaAKB2bBA6/d48vFV8JGSlWxNKEb3s5wXWN9W09uZJu35W15MZWlenQnNtf8+5Sb2VlZO2ndu+xqtY6fcpmaN9yO2I4yEAXPUEjDE9OnXnnvNG3h6zXyEWMythds675MgfeDg8Ak9s474IxX0D4U/YJ/bE8amB4Ph7caTblgXm1aY2flhuzIBztDZOTjHPOePqjwn/wSB+OuprbXHjLx14d8PREK8qQMl3OgIBIIJT5lGB94DIz1OR5GI4j4ewaaq4yhKfKlaM4zb0Wyi5a272V9Xd3OrD5LnWKn7mCqQTa1nFxX2buzknZJWfTXQ/OGTVNMihSKQ2WBhVxGqsoODnvk+nrkZwenJ38+ktcrIts0sbS7WXcP3nO4KgBGCSMjjGAcZOAf3N8Of8ABKP4PaAiv4++JWra/cRsHeHT2FqgCnhSVkclWxycYI7nrXt3h79kP9kvwZNAdO+GWseK7i1IxLq8ouIWcc7sqfmQnI+YKTkcE9PFr+IfDkEo06dXEPmt7kHdpcu/O0n521ta/c9ehwFnFebdWVOiuju3zfD0291Lvax/P/o1jpmoBLay8GXd3dmIE7LW6n3OcnCrHEVOQeFHHAU43Cu8sv2dvjH45IPhf4ReIWSQbUmi0aaGN+gXLybSnKliccjaPc/0paBF4M8Iwo3hb4T+BfDUMZ2LPerp8csaIPvObkM3yjozHOTySOVwfE/7QmmaPC66l8SPAfheKNzGbexNq0qBeQpS2Vckc4AKk9M8AV4uL8Rq1ST/ALPy73X8Mql+ZpKKtJQjo9tFe7eh7tDgTlUViMYvd5bxgo30s9W3ey6cva+lj8MPC3/BMn9qbxVFFLceFLbw9FLxC+tXsdq8QJGS6HcMAfNnOQDk9K+jvC//AAR48bxR2lz46+K3g7RjvVp4IrqC7kUHBZQqsnO0EHaD3A5yK+uvEn7YvwisDKl/8VfEviR1DFrbQdLmERY9VScSfKDnhtq/3iMgV4PrH7dvgmOZh4W8CeINauEIC3XiK6mMTqp+VxAxUYDds4OMZHQ+FV4o4qxkmqUIUk2/hhray+1Uk7XVldpq66W19KnwtkdD3atWVWaV9Zt3s0+ltdd7O22+h7J4Y/4JufBDw9BBB4g+LOqa5JBz9k8P6bIAzJyyqyBgdy9BzkY5xmva9A/Y9/Zx0T/j0+HnjvxNKuGE+qXRtLeQg4DMsoClWY8qeoBHXFfnFrv/AAUJ+N85lg8L6X4d0GJiEiSCwjF0iZwN0zhiMDbgjpkckCvF/E37Vn7R/iOV/wC1PiHqOn20g2tFHrUdrBg434CIpQEZIGcA8AjjHDPC8SY982IxSjff3tHZr+SKX3P7kmdscLlWEV6NNOzTSSjZWS63vuur6272/bhvhr8KPA0ZuD8N/h/4TtYQZDdeKtUsb1wMEhmhM4JZSOQQdvQA4rgte/aU+CXgeRVk+JHw50sqpVoPCuj211KpRSCEwhDFiAEYHvkcZI/nv8Y+MJdah1bUvEHxJn1CWxtmu9RgTUry+njQMSWIFy6cEHPy84AAwQB84X3xp+Flmyzed4h12QKAojBgjLLngb95AyeTkk8528A+rg+Eo1WqmLxdSTtHmipOKWserb3tfTa6T3duHE5tKklClQpRT2cpX0TjrbbVfc9NL3P6FvGn/BQ74NacZorPVvG/imbedpsok0i2kyW6CJAoUkYBwOwwa+TfF3/BRuC5uZYvCXw3lnmZm8uXX9WuL84UnLNAIgvyg8888gZBGfxv1T9pDRIF/wCJX4JtZXZspNqd0J2L5GDIoCKGAwTxxg4GDmr3hn46eKtf8M+N7u3s9L0vVtFtlfR4tO06N8q+0PvchgcDLZI7DtzXu4fh7LcPJShSdSWqbm+a+z2b3u+vex4eKzOvUtH28I3aVqacVstE0o6eVtW9dkfoDr/7cf7QXiVHTRLL+zIGYiODR9J+wjOCuxbxiHIA65xkgE8jFeG6v8RP2kPHAlmvNSltYvmMkuqaqZHgG7PzESxhCAccjOM5bjFfnbffG74l30BF14i1CAksNlmogVW6HG1QTkg5JwM9zxVXwh8SNWtdWmuPEWr6nf2U9tLut5rycIzvnDyLkZCnJwO+PYV6UaNOlHlpUqcEmndRhGz0tqrW269jzFW55x9pWqNNpO+mtlZ6atK26t/l9i60niX7QT4r+LdrpyKAssFrf7lyBkqqbmLHg8gnJyfp5xear8L7O4knv/GeseIJ8EOkDzbWcEg5YOVIznPTjHJOMfJ3iHVodS1SaeOaRrUsxRDI+48k5UsxygHy5/LGQK503MrfNaxSMXO3bGryDbwpYhVYtz1B5znOOtXJzUVZJJW7a2UbbX73vt0tdsj9w59ZvR3bbb2Xupu+nnvbo72+r4Pih4Ch1O20zSPCz3EkrtvuNQndyzDJG1GBzjAyqngnHJzXmviv4s67fXNzaWun2Ok20d3KkYgjWNgqsQAWwAwP0yecHGTV/wCE3gS81bX/AA/c3WiajNYvdus11JbvFDESpwVdwBkngEkkjoM12eufs/63PrOpzXV1Y6Pp51KQxJe3Me4IzHDZ3jOQQcbSCWIHJFcqxMvaOk22uW9lrq+VbJWTas/TW+1+tYOUqSnGCgua17JNK0XrfZNN6xu3rbU8DPjfXrW6huI76WeVSo2tIWjUE/OpXPzqSOVzkjJGOh2dU8XeINddbqQsWt1jCEqDFDgfOq5B6gDht2cZzjivT734R+F9HklOreJdOMcUaSxhJ0h80KeVBy27ew4bAOeQMkVvaNefBbQdLmn1HUjPfQzERWUGLuBkAwCwPViQN2VABPU/KGK1CrWgnTpycubrdW0V332tZ6KzT9eih7KhzRrVYRirNu8Xsru99Wr2TT0+88PTUNeurm0kczorH5Zooz8z4ICxgDnBHVcbT+uZPofiHUbuaORbkoJGJeaQhckkllzwSTyc4JBI9x6R4o+KHhG4mtIfDWgzedbHe8kKMPMGSFSOFBIVJ65C8gkg8gVixXnxa8UO1n4Q8A61d/aJVeJrbR7ueXLYAJlMW3LZHVhj37KjluLSjJxjFtq/M09LRskou7l3euyVjLEYzBvntVlPSNnHR2UUrWsvPXpZJuzOb/4QDUJ3VZEAUgBpJJWUEDPzDcdxwcfMCcAAYIzXvHgfw54c8P8Ah3WrfXP7Hme4aN7d7i4UpCq4ZxncS0hGFIwMZzjAzVvQP2PP2zfiFNAIPBGu6VazoA95qxi0u1jRgWO4ySFlABJ3bTzx2OPa9B/4JhfEhopB8RfjH4K8LohaeWzg1L+1rzGPmBgQkNMuMFQ235cDsa6K2Q1cVaE+aC92XuR5d0mvedtNbWVlbomzCjmFOi17Kg6jaSd1zPWK001s9G72s1sjwDUvGPw1s4ltbD+w7cKh3rBarNIGXgr5mfm3HJGPlGR714zqPjjw3bTSGyt5LiJyzMPLRMSFsfKcZCdCFGMeoxX6ceH/APgnz+zb4fzP4q+Jni/xncRIC9pouivpUErnJKLdeYw2E8AlTuBBGPlx7LovwZ/Zd8DwxR+Hfguus3kbBlu/GOqDUo5ejBntyqEfMeU3dDgnvXbhOHaFNXnNpxUW3Nyk3a17cqtrZrWz20N54nG4qKhDD8i2T5E0rcq+00l5NXv20PyF8G+JPGmrGW18J+H9Vke4dI4EstJubuV3YgAFliwFPGMn7wyM5r2HRf2af2oPGUjLD4L8Q232ucOJ9QtksoArcksZXRlDAnnHA696/XO0+IM/h6FYfCXhbwZ4ItVMZjj8P6HawsdpVVRpXSQlgQCcHnGeaz/EHjfxHr1xPNqGv6jcTPDHvRZmtkQA/wAKRbFXao4P5juO9ZPg4Ju7lJta8trvS95W6tNLvvo7IulhsfO0atR8iaVm2tWk3dbKyuvTorpnxHof/BPv4oE2kfivxb4Q8PrKEe4S91RJrtQAC6eWvAAyAACSD/eJOfWdJ/Yb+FekzRXfij4sCUwuI57PQtOEwcBsSCNyQFz03Enke1etSXTXd1FI80siogBaSeWSQkrzgsxznocZyeOMDKXN0sPyl0CsCxZ0XcgDfdVRz0Ax79zwa1+r4enbkpQ92yb0k00ou92vO/bva1jrp5dHRzqOcNGo36NR63b3311u73Mmw/Zz/ZL8O6rDLPoXirxdKpR4heXhs7Scbdz+ZGA5xuzuGTw3QZwPS9Jj+Dvh6e5Twh8FvBGmrKWgSfU7VL+7CAEb/MfgknqQuRgngA58ta/STVTnzGijgJSQHqzeg4xu7/UY6VLLqKsYkA5+ZS5bDLnGc4yxxyDnHPAGeByTULppKLbbbSV+b3VZWVrPy3s+x34TA4aDT5VZO/vO7bdkkk/dS18t0vX3BPiXeafBBpmj2+kaPaRFspp2n21sEI4Ko6xblI4AIOeRnIyRhz+LdUvJV86+upoZJGaQNcPtYnquwEDljxkcDgdcL5Ulw7skattJJIkYYwoBBwxJJGScZ6E4IPOJ5dRigQRIHeQKqqxYYByPmOCCOxOBkYBXiubn5ZRvHlV0t7W9HdXukvJ63T6euqcYWkoxSule1raR1Wi7O9m/M9Cm1QSPO8kqK2MLk7tq8AHuc464wcHoBgVz/wDbkKieFm812O3eo2naMggEEcYIOee/PpxU2pyOsyAMGYhS+M7gQuQDkgdemc45wcGse4nPlStNLEnlgiMtKq7RnhnTO7AHcg8HgFs1UXOpNKN+l3FO978qVree9vLqTOrGly1G6cY2V+eS0s7auytfR33vdKy29E/4SNVWRPMDBCEQYy4UYyCeRxjBPy5GQCT0rHxT9lkKtN5qyYc7BlgT/CCDnOc47k8EkVwVgy3DPFbxXupXEsYKx2NtNMjAgFgCsYUHkD73U8Z4z2OmfD34reIN/wDwivw11uZJIkVLq8t2jj3H+IFs45wM4GD7deqGUY7EW9lg8RVbcWpKlKzei6qKvZt2b0eiVtDxsfxhkeXRf1zNMDQtrJSr01LS2ii5J+mm689bqeM5xNKVgYRxkEiV8AkYBznB698Ht05zna38SBHGEjVWnERZizExoD1zkjaBjABHOMY+WvQtJ/ZB+P2robrxHcaF4ZhlUORdTgyxpzkeWwADAZ6k5C9QeBh61+ynaeGLprjxV8TtLmslUz6iiyxwvKqD5ki2yEkj7oOBuxkYOK7ZcJ5y4qdSj9Wg0ryqzjCyuuZ2u3r1V3utdj5Gr4r8N3dHC4z65PRJUISqt3cdlCLSTfm09bPSz+Pvib8VpI7K4ExYxeUIoVXKo0x54bjco6ZGAD65r5VTVNb8ZONG07Sbu7vb5lWCO3jd5p3duEwM4Q5A4x154BFe1ftR6v4TOs6P4U8FTQXNhYwALeREMZpyQipIVz5zAkE7vU8BsU/4cXMnw9sraews2v8AxBdRLI10qjzbOQ4bETFCBkcHGNp5BA4rhdGOCnKjOrT5YP35w5XdvlTcXbuvJbt6GU8xrZ0lWp0qjlON6VOUUmtmua+q5rdW9+92ek/DD4FfFi7t7GxXQZNB8xEEv2wOpkCYyzNhgPvHaAcew4B+oNG/Y/urwm58Z+M9P0eIEyPHCokdUxhy7lhtO0McYyPqK810D49/HWSNFgltbGOOJYbeSaBWnKqD8zkqd0ncPznI4yBWZq/iH4leI7iSTXfGF6Wdt8yQ5SL5uSqFeTkZ+XoMkD36o5nkGHp8zhVxlVPrLlp391u9tXqr2te3QxWV8W4u9GnVoYCg/htTc6nJ7qbs/dTXfyPrKz+HP7LXw6iik1q8uvGN5bhEYFvNt5JEGCBGGAAzznB4z+OjN+0p8MfDEL2fw8+HFnA1uv7t1t4YwMcK0kroSfmGQuOueR2+In0WKVlee7u9RnA5W4lKoARndu3Bc4PrnHOTzi3DbeH7FFF1IEJK5h3kKSTzubdmQAcsxwuODydoc+NK9ClyZdhMNgopWcvZqVS1t7tPVv53Ttrcxj4bYfEzVXO80x2YSerpSrSo0dLP4IONo35urffe59Ia1+1J8UNXhSPSNRt9BgmVk8nSrXfcIDnAaUNsDYOCyg+g6ccP9v8AHfi2Mvqepa5qkkzZZ9S1GaGEbicgIrKNpBJ2kjggEYrzZPiD4X0MGNbizaOEHEUYVnDgYG5iCcg45wCPUZNY2pftEaJpMBMTvcO2dsJ+QLgHG3a3UHbyAQcBs4VRXzmO4izLFaVsZVm5K7UW4pNW1tHRfcrbtbH02X8McN5TFfVcsw0XG1pypRlO/u2vKXM2r9VrK991r9E6R4UvLJle4fTLYQRlyVi82QZByfMdmO4k8HDHg9QQat3fiPwvoESy3N3cXU6bnaKSVBEcf3UG0bWIGOpxnOfvD4K8T/tQ61ep9l0iB7QSfKXDszuDwCeTyMjnKjA3cAkV5FffELXNVnkfUdRlUOQSPMO5iTlUKqMADdwMjad2emT87WxVnz1HOclZvmfNdPl0s07fLTddNPYVWjC0KcIQj2jGMUtFaztyqyS6X6K1kffviX4+RwQS22nJaWIHmGNlKyOqkHnAwQxx6jPIGM5Hy54l+K+r6tNIZNVuXVy2yG3LqQM7V3Mu0cn5scHtjivArzxKBvkjE88mMGVlaRQcckrgcbhnBB+YDnJq7oHh74heO50sPCPhnV78ynY19FbvDaqXYKGkndQuxSSTtJIHG04zXkYjGSt7RSdKmr/vJWjG7SXLzS5bWtZNbJ+RFXE0aUG69enCDteTko8uzs5NpLo07W773e1feLLu0WV7q8RGkbaodzJKQ7LzuDNk8krkY684rLivrrU3DrI0nCABpDtWNv42HqOBx82cd8A+ieIv2TPi14L8PW/jDxuNLi0prpIfKtr1bm9WRvmxIgBZSoBJK52kY7ms7SdAgs4xFFE7ld25D1OBkH6Agk5OB69RWNGEcRBVlWjUUtLqWi20vdt2u07frc0w2Mw+JgqmHqwqwukpxkpK94p3s3q2mnyq2vYZZadK/ll2DQIA2C2d3qB8ucZwSTk5GDkDJ0tOtbdNbuoHhVvMtVKNlWCgDHGQMnBG3vke1bWn24VSPLAMYZlXB2gHOevBOQMcj5scHocKWOWLxVbKvmE3FryV+UDBDZweATkH7vHIODmuiGGTaSXbyas0mneK0v8AFq/e01tZd0ZpcrvqpL3Xrfot7abba6a675F5pIt/FtjcWyKYZY9szMuDnb0JOMAjHtu6ZPFekWcLMhChQgdc7l7sBypAB/HjnOPWqs9qtxc5eIM0Thw4OeVA4JXHI745P8+isGhVB5jApksEHDfL2xjJxj5QMdATyOOqnhpXsoN6JbpvW11pZ2vbV31ut2ZuvFSd3a8r3vqnomur1T11d7dGzQtLQxgwgJubbtGeXyTubPAGAQdoAODnk8DxP4t/GCz8HeZomjNHcaztEcsindHbrs+6zDI3KCA2BkHngc19A+GrCTXtYezRjHE1rIxmUZMaKpBkBz94bhnGeRgn1+fviP8AsmTTtca7pvib7RJfXMtx5F3lZiWbO3e5JA79RgDr1rxs4zPBZfXpYbEz9l7aLlF291pOO71St0/HRnJWzvB4OShXqqFSS9xyfuuLcdXfT5dfLW3xNr3ibVdbuGn1G6muJJDlt7uYlZjllVTgADAAAyeu4A5FJptlJMi7VyScEAY4IAwozjAzxjqOMYzX0db/ALKPjlNk80tlcWxAKxpcIZGn/hTj+FuCfXrnk1kXnw68QeDb6O2v9Ikikjbe1wmJoUXkAgjdng9OhBPyjFcazXATahh60Kjeyum7vlW+1+36WNsNmuFxM4zeIhJXty8y2dvNLZb6dXskeW3enNbxkGFyNq5Tb0Y/xcLkjHI55AGORxzdxaum52AjzjC84UE5zjA5PHHIzjjB492kv9lu6rawTSq5JLwYTahPyKQOMcEDqMDkcgxi4sJkM91p1oTwCiRgn7vXavUjjdkjPI7jL/tBwjaUHy25m1ZOMdOt2lvtbXXc9Cpi8JKcWqsb6drJe62m077Wutm1bZ3Pny7jk2MFj2lVUkgE7sZ64wRx0B/vE4zjHP3FtNc42qyFSoywZec9Bx+8LHoATk4HGRn698Pw6VqE8In0CKaLc37tIDmeNTyu3CkEZ6EYxyOpA9fis/A00drHJ4Kt0vrG6jmaRoAYpYl/hkGRuO1ccjkEE/xVzriDC0eaM1Lm6RfK9GlZeXRqyV7X3scTxeHbk1UjtdXjr069E1q9r/cj4I0S3sLS9tptUi86OIAywnIYk/dUrgkZ4xxkk5HSvWLy98OtpYitNIwt5IHQmMgxsAMHOASoI427h0wD2+ivFfhf4c+Ir2fVbbSYtHd5IUa1tWCbhDjeCuGALkNtK5wzY29RXb6LafDLSrewiufDx1GEQkRw3exgsh6u2OQVJzycHPJLdM555hElKSmmkmklpFvlSu29tL8zdu6sjXD4ilKTUJRta6vG+ukerW6ve73fRo+EYvhl4u1hMaHoOpatJclpIIrOznkYxseCcJgKucgsQBnLELX0B4K/Yn+MOvae2qa3osfhmxzCI/7ZmjgnkjlCs80MG5mYojMcMAMBgBg8fVen/GHWPDKz/wBgxaZpFqkL2dutraweYYWBAXcUJ3BW5YYcgCuV1b4t+I7iJ7l/Ed9cSlSALieUpEGHzKkYOwjAKjA+Un0xXLPihqHJRoyd7RXNZtK8dXFbuTXV9Oi39CnQw1nOcr6L3W0rp295Rdr3d38r9zA1j9j3wZ4fv9Hsk8eW89rc2aS6xeTxCJY7lADLb23I3FWJXcgwSDgHIxnaH4J8A+BvGejmyvP7W06z1G3ub+6LgSXEFpMsrW8S7eWkC7SFJBzjJrA1/wCIF3qUUcD3L3rqmBk7REzHLnA53E5b1HY4651hcpO8N5HGpaAjfuJ2gkndtyeTjkE4565ANVh+McdhpU6tOnCjWozjOErRbUouMk+V3vZq9tkmtbM5amGp1Jvlb5WnFRi7bqN7cqk27Ssmne2ujP12+PPxz8D/ABu1rwj4nuEuNO8K+FPB1h4X0fR4p2+0WzpBHFNKsQwAWxvO1QSMDPJrl/G3xu0+z+HHhn4c/CHUZ/DvhnT5re5ukVzHfa7rM0i/aJLsgq5jTLECRiuQoX2/PKy8XSCQGSbZaooKJIuYGcDBI6g+g7HnluMX7jXd8kGpSRRmwt2DK8Mu1TIxyJBg8FeMn6ckjbX1+V+PXiHl+Or4x5tWvLkjCysoqLSioW92KaSt+Ntz5niDgvIc/wAvw2U43AQxGDoS5vYzTcHJuLcppe7JPmbale7b6M+hPi/feH7nydBsNa1S8kktrTVtbv5pGfz9XdB5tsAeBCjttCnCqAOeCad4M/Zu8Ualpkmqxa3pc76ki6ymnPexQrb2EBBXzwSC8kiAEIQNuSOcFh8u3vjaC9vRJ5juLUtvXcCs+W4Vsfe2A4GdpH1wa04viLrDXVvFY39/ZM8TQ8XkscRgbP7okNtVRxhSpBAyQea/qPwc+lVLJcwrY7jJYnNp1YxVNqpd05Nxu2ptxaWitey6Kx+Jcf8Ag7is0yqllHB+KwuQwhJJzVDnXKtlGMHHVa3vdu7T6X+rLnwXpfw0stT8W+J49DOs6gUTRWt7pLm7gtyhQEBSTCSCWL9Qw4wQTXy1K7anr39sx3aTXMl4yRW7AEjD790h6YIUsWPXI7liLQj13WLjytR1Ga7smREh3u858wlR5SB2JGCQBjbzg9Qc62ifDjxLa3z39zo99YWEV6irf3kLpashO52jkK7G3bSGAZmA+XaTjP7vmv0pMv4ox+D+pTpYDL41YLD0Ks6dOrOp7t23HSckumum7drnm8N+EFbhvLJRx2LlmuZzpqGJxkKcqdOEbKMVTptS5Fd3et27ux7Zplhouj2Om63qYgV9WleW6R7Tm+MXyxwwA7cIpPXtg4IArT1fWPDVzJYXOsxX9xFZogtNOtyI7WFGGBDGocjOCobg7t2Oeg53xGbC9ntrm/1Ca6sdGtY4bSztFCRh2Qb2GAOAePUnP4p4Y0fSPEkE97Lp7JY2Nw2Jbi/MW1wpaNirnLCMA7uu76EZwzjxly722LqVquHpxfs5SquUZOa93msoJpRd31u72Wisvuct4PqOjQo06tbn95LlnypN21Tirx5lqtundW+t/wBjz4paRoPxz8PaTaeGLbQbLWWvLVblVH2yRJIWPluck7ZD155AJIJ4r4K/aU1W2l+PfxWvIpUtyniq/WMBAQ37x/m45y3P1PXnIM3w58c6d4L+Onh7xHd67LNYaXrMpXy3Lx28Co6EkjkqCMKDtJIBGDXlXxGvIfGfxB8ca9azB4tV1y9vbQs2XZZpCUbcOrNwQByMgEbQDXxedeKuS5zkkFgcZQlWp4yUXTjNKo6UYJxnbWSs5O0tezsenlHDVfLs7xGJqRm41MJThz1HKTdRVXopN/Fy2d9fXSxyEV8+qs9vKZLmJHVCWkbYvzbsImSoDc5H3c56c16VodgHiWWSBlitSBkEB2C9jgA45OQCcrnPevKrLS9S03UoraWylg+0bHZ5SUDKSCXBP6EkdOc4r6Z0DQtGOnRyPqcqExhp4y4XDHGQFJOSDgAccd6+VyXiTLcS51Hy1Wlyvlkm1Zqzlf4kpO722fY+xqYSq0rRakldta82qadtpJNpvy0TVkc3qU9nHaQKgmeIu26PGGKFeQTjJXHHPB47ji94Z1zwtYeFPE2mXduzX+oXMFzZzeUHngSNyyqjBTsHOcgg4G3rmu9uLTwPDbwJd3dzGSpSVwoZiHGflIbg54IHJGCegxx2uaDoE8AtfDOoiO4uwyvcX6BUKt91TI33Qrc8DIJ+tfR47PsJ7HnTtGFG8aavFyk+VO0W9U20raR+02tGKOGkn78ld8jko35lrFP3NXyy0jZ2ivmeUXvjMQ30lqlozQowy7u4aSM7CA+GAyo6ZG0ckDvX6WftR+LdJuP2av2dtGk8lVmsjdyL5gZkjKDso52gAbcgg7hn5cH8xfFPgXxjptnJJaRWeqsSfNntLiNyiKMkqqkHdxxgZzgAc1674+8V3mu/DX4K6XqbXm3SLKezu1mG1lcSOGVEIJC4wAV5IGcEk5+Ip+IsMvy/iCSqp1/7PVLDwnZxU6lenGUXq7uEHKVnruvM8jNMlji8Zk0pR51hsa6030ivZT5U+/vW1XV6va/MeG9F0y61lvs16kUNzKjW6yIfLmIYAqF5AI42kYGB1+YZxfFZg0HWbuznlS5+2tLHaxsgyjOCo5GSvI4PPy5bIwSFu9bi0aCJIViYQykW6qVE6IRuLgrzkZJGeAec4xjgfiB4kTV30q7tWV/KjETFiPtEAyFaSTBG9twJB7rgZO2v5mz/AIpxeaVvazk3JvSy7tXSgt0lezv8tEfX0K0aUHRgrONuXS715eZbK63SUm9Fstz2X4Y+PbXQEtfCmrz3NtZTX7vPPFKSWhmUrJG0i/KsRU7CMc7cY6ku1PUfD/h7V5LrSLq2jhi1pLvSLhGBlQrIH3SkYbYDgZ6DJJ+XBb5KXVZ4LudvtjyRyAxxsGBcOVAwG3cD345yOTzU/wBturDyjeytLIwV1t3lLBombcoH+83f7x+nNfC4rNcwhUg4VHHkkpJt6/FC15X1bsrWe+24U4yTbvJxfR9Fom2r2k9Uk4vvukfoX8exo/xF0/wL8TNJu5DqbWKadrlzp6bbv+07FB5LPMCQhYIArcEg/hXx78Rb/wAb6zNaar4iGqrZgLaWJ1LUpGXyFVY2dFZsLK6gKHIyudvavVfht8QrKbw7q/gTVLJmGtwreaeImwLK9hB2SKzDqFALYPI5J4GPqv8AZ9/Zh+HXxm0Dx1qXxe8SeINK8K+FdPD6NqFpL57za1Kw/dS23mI0cEb4CquVwCQRzXyXG+eZVgXTzzMPZr2tOFOvVdN1KirPkjeLSbjzO7ctUm3e1jPG/V6FB16uHjXnSjLlapRnJWV4xd4ya91OClHV6bXPkT4JWvgvQfEvhrVviLJqFt4dtdQScRW265uS4IMD3YZXE1oHGXhI+dcg4xlv2E+Ffi34E+O7fx/JDZ2zeJmdIrKe80hLdBY20Hm2cml27qDDI7KrSlQQFLEccVp/Df8A4JneBdd8B+IPGmgeJjfaD4W0abUNGub/AFaOO91LV7e2a9Kahpbh5INOhjQrFuKrI+F3AkA+E/AXxDoeo+K/EyeIDp9rezaXcaJpl3G8NrFBNaB7V3Y7QrOYUOzGcDqTk483w/xnDXGPGOT1sNnjoUssx1GnjJzqKFHDpWqKnUhJ8qT5fecm1ey6Nr8J8Xc+xFfw34nxeQYHMJ4+nltSNDBxo1KVadeSjGPsYrmd4tu7jFptW1bPSPg14etbbxj4gk1HxHb2w055dRlkSGNLWWS7VmikKHKO9vCcNycqCCASa8c8Z674Xvr3VZU8SQT+Tr91DGbfT1D6pL5jRnYedzEnaCM5BOOOB1nwen0qLUviBeeJL+FvD2hXN80Ymv0FzqcdtcFEigyQZVkjBRVB2ndkdDu+c9b8V+Exq2q6tp2kTW0P9szXXhuwaTIR3lyjyKQN5TGAG5wc5zX998c8Y5JlPDPDuIp5nlmLjVniIyp0HTnWlSw84xjKdOLbhzbK9nJuVlax/HPgVw9xdPxD4wni8PnsYPKMldCti41adFYzEYSnLEQhObSvTkrTUVdW1d7Gh4p+Enw91i6trjX7XR/D4vrffDcMiC+llf8A1ks6ZXY5yWAJx17dPAtZ+D3hHw3dm98ParBfqsskdqJIESSU/Nh9pYF1UH5TnAGMj0yfHHji91fxDPc6nqVybiPc7jfuihzkCGMABEwpAIAwx5Bz088g8VT2ty11dM00ADC3a4k+Znkb+HnCggc5x7jPA/knjTjKnxLWqxy3K8NhILetSTVSqrJXsrLVauydr66n+iXCmU5rlmFhDMMxrYqbgr05P3aW2ik+abata700ex1E/ioabcwRyvDBHppEbJtXLyHgt5XRRgsGbJJJ4Pp0x1TQ9eAvdYsIry22CK2ibY0ZYEAFVIBU5HORlh1Nec6npGkeKtOe/aZLG7QbY4rdw7XEyjcC5BBA/DnJPufNbrU9W0t47KEzyRIyBi+Sqeu0AhVIxyeSMYHTNfm9PD+1j7kqlKrHWzupXvH4VvZ3alvvv3+vUnfTdRS01bfMkn0dnfXTTvdK/vd42kGdbY2Wm+RbRPLCi20ZKSsAVUnLZZApz2Ix9R5t41+H3hPxpZWxuFi0vWnBjhuYoVSNUG4ZdV4bC4Gf4c7umM80/ikAlHlGE2SHecOWwcruxuOTxtz0IJC4xS2utQ3jM/2wmcuQsXmfu0j4LcnJOQPvDB7c5OO3C0cXhpRrQxFVVIPTVyd24+rbsmrPvZ2uWnVdrttXdrvm1urR630Vle7S69D5U8a+EZ/B+pz6bJL9riRsx3USFY5lB+U7uQDkk8E+g6iuTSeVZVWRdyYG0ZyoJPBBXt2wB+ZNfaetiPxYj6dJZWsljaws0lxIq+cVUblCv94su0DjkjPJ618ga5aCw1S8itjvgjkaOJdpUYyenU4HHTOR0Hr+h5Tj5YulGNVNV4RXPe7una70XKu2nXyNFyqWuj3toltG+lravpe+t1q7FGe5LvtC8sByB8owRkAhQCnoeecg9cGxbP5jIxz024424GV4O0HLAt1OQM46Gse4JSRCjcEEDrxkgkEHOR7AkZHX10IY5vKOzLcgkAAYb+IZ6kcD0wcgDFevKLaSu1rontdW00Vk/wDNpb2G7aKN797apaWWnndN2vra7Oy0rVJrHz0iCoJQFaVgpkA6EISBt+XrnJ7KG4yR6Zd3szWsBE9xdEkRgAnnLFicscbT9c9uOeaFxcLsjAzkBiFUEqOADlQecLkdCcDGQSB1PhpdXGp2yWSyJNI6vHIQd+dwJBz91CMZ5xzk4NePjIOhCpXUoRai2+ZrXbu23utnd2W70esZOzUr3VtNY2u0ra2uneyey+9na+FrfUNBbyzDckyyFXm+zyBIpUHzbZGCrhepwQDzyRzXWrYvfTXUWratbWHmwNLDcXAJQYz5UDyjgE4OSCePXrX0Tpvj/wAR33hp/D+oeHPDs1ra6YbQXz2KpLHIR807TBA7TncRuJyWA59OE0bTrC4iuNB1jSFks7sALdRrmfJJO+I5yAWyvDBQAfvHFfEYzF4F+zxEKyqYpv8AfUYxsqVrJrrzdZXTtqtNGzy6WYYhVq8cRg406VGX7up7RTVZKKbbjaLhdp25no1pfqsXgH4deEPC9t4l8X+LLXxR4ouVmgtPBnhwCWC3imgDW2o32oA/L5burNDsYMR1A6+Jy30tgT8kcdnIXnWGNBnDMdqb85yAQDngjOclgD6nqHg6zsL77Dp0F7GGfylvJx+7a3KjbEzYPl4x0BUHGQehrhNf8MajYzXEGI7mNCmRAQTHGSAQFBb5z1UAbsdgeayhjqdaTi581rWk1pdKMXonZNJWlbVNO3Y9d5hSnThNwVNRS57vVXUdW+travVXu9rnESmcSGUSSBZSzxxrypUk8DBHIzk8jA+UelXLu68qCFvsYkeND5kxyBznghRySCCRnjByScV0Ufw/+IlzoN14itvBPiIeG7FzFda0unzm3gwm5S7lVIJ4bdggDA3Y6cZbQ3jL5LeYbZnG+SRWJBI4x3VgcAqB0ySeOe/CuhVg5061Ko6b1cJxly6xXK9Hy6acyaSa1t058LmWExiqLCYijiPZyUKio1Y1OSS5VyyUXLkatZ7W12TJBLCkDTRQs5kwWAGSXK5JVyv3RgZHTGRjPJ2tHhlu5BfSKjJAQojbCoWXoOeoHU8nsOeKy5y9pJExKyqqlRGAFXABxvO3qBnqecgg9MTW15KbaZrWNnBALLtwI2PRVGRyAD1AA7eo3lOVSFqfu3STbd+0VazbW+lt772tbqT6SVrxae99eV35m3s212it92ejXeoo1uFtzGkijy1WNVyx5DbRkDYo7A9ewHFed6prc10ZPPhybRSN2cMCoG0ux5KkEYPGOpPesma9uleKWJ33DKyMzHqAAcA5ynI5J6ZPBXBcGmvi/mkAqgJ2rxJzyzH5dqjB4wOhztzgrDYT2fvzSnf3k7Ju7d1e7ta+qb1Xq7Fxk5JKKstLaJqzd97aa9Lau7T0ssa4vrmVY/O4V/uDOSvPDbRyc4AwTxzxXdeB2tb7WtOstZvks9PmIW7meIHZApVmQjgK0qqQGOevGAK5C0FusjtMA0kcjeSgG5QwPUfdzkHrnkcjpupNUjlv1eK0fygVKsVbyz5x5C8HOCDzyOrDGc11VV7WnOlGTpc0XHnWvs7pJtLVcySemya1XQiNZU5qVou1tL/Z06Lro3Zp2300PpD4hax8MNftn0nwd4Rt9Fh0t4Yb3X1kBlvjCNruq5+Yu2XYqduWwMAV4/ZWcAvYP7OEc0jMSsmCI0XcMArtADEcsM8nOOABXE29hqdr9ls2vChf78LMSijtuYElsjlSSTnuea910nQ73TdJtr+OzM0EgQSzMuzHBwIuN245ySBzgcdCeBYZYGjGDrSqN8ri5yvKU2073eq17q1jnrVnWkmo8tn05fJ2unZbta6X63Vjs9F0C7dDPdskW5EkQLJs8tSMM5GAckZ+XnPIDDijxDohEVvaWaWs3nbwbp8D5G4IB5wf7rbh7AKec2XxKYNPH2i3e3DZ2yHdmRVPCHABPqRxyB1Fc/q/jbzrNo4izMkX7nbuUI3TDMvPuAR8pGO4zzQjXnNT1Ta5r3u2m1bVrZva6eyWzuOM21a7V1re3M5Pl0Xu3tK2mjfonrmN4L1OHU2S21KIou3KNIAip1K7CfmIOec8nAwQDWxFoOpx3EkE8sUsc8SLHIxACIc4O8dDg9DggscYODXm1z4o1OJ4JSGaaNgchnbAxkYGNpXA5ypDHqD0rtdK8Xre6ZcWEksUd3dpje6ndHMwYARyE9AvJAHGDyOlelGFaELNqSdtWr6e693bVry+K97PQqKurK8b2bs27ppJLVpJu92110udRpnhrS7QmK+v0kmn+4BICsWCQyEg8g9MrjJPIODmn4m8MWs0MlzaEYgYyJHC29ZigBI4PbGcdxnoM1wVxZX+knzJ7uSdHQ4kRtyFhyF3Z4HOOOvTrnOxp/iO7ECRsMxOPLaLPzEglQeeVJznPqQSSMVzcuIpVFUjLmWjfKrxto2nsly3s3e60V2XHRWV1pvo7WcN2tGte+762OWt/Ed1YXSRPBLBE0gWWNiwU7McbeSM/wC726HOB6A2rza9YG3t3WJIwCwzsIfkBlw2PYknDYH8VV4tB0PUtRt7nU7ia1R490qRYfYwUEhwAOCOSTzzycAk8jr2o2Om6xJaeGfMl08obZTOpErTDltoBwcnOGB447nn0aVWjirLlUZLWWlo39x2vtu7tL5p2NaeJ5NLt8yS05d/d10T6vZa63sule/vdRsWayEkjspCTHJ2MMghwQTk8gA9f4Twaoza5cKVtwAFi2/vGycsx+6d3bJ3Dg9vSp2mY2h+0Mxl2sLlHBzkn5EDdj0OVBGRwOa6HwR8MfF3xKnmtvC2halqs8aia4hs4y5iiBwMBclpJD8sa8ls8dK6ZRopN2jFKyTto+Wz7NJ33d3bbVE4nEQjRbqNRvF3u1ZK6vd300Xe+mrsk17j8FoLL7WviDxFcRR+HrNhFcF3MazuQWYFjkleMgHGcDBxtNcd+0V8W7XxrrtrbaTELfR9Dh+wWKwyMwnQH5ZQvTbgkDgA/Lz1NdVe/DnxnoWhw+GvE2jap4aji3Ty6fqUL2d0xDERPIjks4fGcEYAIxnAA8vtvgN4p8R6otrpstpBLcN53n3Fx5cSRAkgEsSAwB6dCD3JrxsPSovMZ18VKEeRclKNvdteD5td5S0s7JXbTs94wmOjHByp0Wpc9pXVmlGXI7R30k1um+tux4cNQm8xirnaAAMthixGMYwyj5upxgcAAngT3OoWj2IgvBGtx5mVmjAZ8E4UM3PHY8cc4yRmuu8dfC3xJ4D1FLbV0Vo3WQpfwNutpijMcIwyuM55ye3OK83h06S/uZAGVUKbi5OWO3t0IJzx2I5PG4A/VUIUKkVOnJSTafNF/wCG9l2TeqV1a++rOOc23zSb969ne+jUbve9rro7b27gyQNH+7JdQSULNjBBOflyeTxg4x0HqKrS27yQkFiCQQEB5xyTkjoSMAn1yQarX2k6hpsgZw3kucRkEupJIYswGMDH3jweu3ADExpc3SIZDG2V/wBb8rbVTI25bDYJznaOp3ZPANdsIJr3eVq93y2ty6Wskt+nTb1MeVKTfNfmdnFLS3u7WXV2W7enZO1JJpbdyVjYLkqdxIIbg7lGMHOPQevrW9Z6zLDF90LAwdWA5kyR/CTkj5gffr3ODkxXDSO7SlFO07RjjDAYOMc4Gc4/Ps2hZmK7UwoyrnJ3bcFsDGFPUHPQEDI5GOtbSjZXcEt02la9+WNrLfe/5aszcl1emmiSTvdK1nfZtKzVtNNN9201ZDG0aSsuAQFkySzHaWUdAec/eb3GcDAkshLJOruoYkoAckMfv98kZwVDY/I1z0Vk1tKWkDvwUJ/hyxOGB5HPfIwo7kYA3LG7uLdBHKYyMu6l8NIEI4wcfeP8QHfHAIrhlThz3jBXaur7LVeidmly63WrMXTUkneydkrRXVbNNrTqrdN7Fq00m3uZBFFE7K5YxuFAALAblJbgAEHGM4K9OoHqPh7RLXT7EhUa4eZl8xwDmNiCHDkYIUZPGBluQM9LHwY+CvxO+Mt/rk/w38O6l4gtvC1k2pa7LEpS2023TLyPK54y0asUXoQCAx52+o+IrP4c6X4Gs9O8MXusN8TF1G4j1+xnKy2gt4GIOwBjtYEMNoOcL65NeTi8Uo4iOHjedV6yhFuSpp8tnOyfLHey3emy1PbXDuMq5f8AX3P2VB/w5VJrmqfDzKnBq7erVr9F00PM4NPsYZ5bez3vEzec0cm1DkEscEgkkFSFHzcEAHJOKF5c2czTTIpiuYjsRGYhcICFGB8pye5znjHOGH6GfAP/AIJiftY/tG/C2/8AjT8N/Cmny+F7O3uG+3a1qUWmf2mLQD7SunxyEhjBu5Z9g4CgjPHxV4++GF/8Pde1jw74ieK11/QtQaz1e1jmju4YLxGIdBPGWR41PUjIPXvx0To4zDU6FWXtPZ4hPkaTUWouOqSdrxbUXol03Pkq8I0qk4tqU6SXtIqSbjdK3urWMt9Hta2uifjGtXF0+mXV1c28zSxvnbuLRmEA4KqThQT0CjBznAPA8gvYr2e7SY+YTNCTHG+VGF3YyPRBjacEEgkc7mr2vxlq1ktjLCLmC5lYRRFbf5SAuRtIGSVHAwQc8cAc15vNqFqNOtLy4mjNxGzpDCUBZY1GACAeoPUnheOhBrvw1es6cVUg5SbjFN22vFbvey1trfdI6cLKChblskt20nf3W+qbfK9FZ6d9DhNP0+9naSKONndC7uWY7OO4yANw2g4HTqe2Lv2C6t5bdZgRHJvk+VssBt+YLjkHg9ycZGBjNTHX3QSNlIP3rNyApIJ+7u4G08DAyD1X2z7jxMs6+XII40U/6xMFiARg44KcHjuc8nJXHoRjiJKKjTsrLmVtdXHzaaslurXdvM6p1OWKd9Nl8pR31urap9tOXqb+mxwTNICuZdzENnJ2rnpk8HjDevzDPINMfTLu7L3ERAEZKFuFULk9R0JyPqPoM1hf8JFDE0SwRg7kVDIOCR3ydp28kluATngDJxtp4htIoZY0fzkJUENhSJTwDxg/K3GSMADBAJBrSEKsZJyvF7W2f4/e3ZvTrYwjWndct3r1k43V1dO695Wvdq99NUlYh1ixu7e2UbWdVjDPswu7J6qxOPbK4wOxyMcxbXVxG8bS7lXJEaPuOV4BIyAdxOB05JHqRVqTWL64lVXuEWGRwsYLAhArg4YY6EDBGMg889uz0W2XxI5tItMkvZ7fYsbwxYQtkAl2VSMZJI68fhnevVpUqS9rKL0V5Tdr7SavrokrvVXWj6nTSm3ZNfDbd3batbTVpWV7vd66bGHY384lXbuYFmfy2yTuAJAB47bs4weOB1Fds0Gr6gkFzDbyvJGqK0LkhV3nauDyMH2PORjitvV/CieGra3ln024bUZEY+U8bDytwwpBwAVBKkZGe/8AFXX6DbXEegi71AFZpZ1TylXEmxTmIlsZGF4x1GCMnjHhVq9B2qUmmk/LVrlTd94rWyau73Vt09Z1PZwc5aJJu2m/ut6q/Lvsne/3mX4dF3b3kdvqdiftUzxrA0a7nGQWBLbcLk4BZdvr93p9O/CnULrSbvWrnWdObU9NtrVisIfBtjEd22NTgtK+Aqhe2f4Qa8dhu4VvLQooeQJneYwZIQvUs2M7hyMdehJzkVpvD4z1hxH4Ze5VmuE+1eWChnUMSAFIHyAdeuD1wCa8xTnDFUaqXKozjLey922rukpJva9uq0srcsMdTqNq17Xum+jUU7p2UrX0d07P7/1q8DyeI/Fvgqy17wxJ4e8AaJMkcTyam8M2pIVjbdK6th42cHcAQMAjg4AHCeK9I8OLK8Xiv413OthkUfYNHn2xA7gzKBHngc9ySMkhcgD4p8M6N8QdMMsfiLXrqy8OSkNd2TXkjKHCgEBRINhyMLhflyOCACOwt9V8EWU1qtpPI83mhbi5ulMo2r8rFCSQQSRkgdxnB6fouG4ihOjGLtzKKTbm4ptJNuKVk1s7Pz87VSoYZxk5SSk27q6UtOW9rqTaf3LVPTf2FNS+DmlX8drp/hDUvF16zBYbjUXklgZ1H3suSNu7JBGexPOCdi7+IfiSyhEfh7wp4f8ADdu0pgjkNtFNOqMR/Dt3BgOrZ52tyeax9P13RnSzt7GGzluLkxQ2KwqqsZZHCoHYfMC+cc5bJ5HBFfpZ8Lf2EPiV4k8Kahq/ihPDXh0axFa3+iSXciXd5FDcKHj/AHG5WRmXG8FDgNkkAivzjjzxl4U8PqNDEcS5xg8shipezoOvUUZVXaLkoxtzWildu3VXPsOHeFcTnvtIZfQnWVFLnlZtR5tbybVru2muvTfX86v7W8Q6tP5WreKLm6imiHnQQSm1toDnldq9BngL1wcA/drasb/yQLOxRJioKMYo5LyVmQnBARWPzHpk5yRycV+unwY/4JneGbTxcdW+MPi+HxHozKl3F4e0SL7Msso+6kk4JB5KKwK4Oc8AnP63fDr9m/8AZr8B/YYfD3wm8KR6nJDGYrvUbOO6uWRBkM7TBsuw27vlzuOSOpH8ocY/Tu4ByytVwmQRxOfV6V7VKTVHDOXLHSNSonKbb0XLT19bH3EfD2rgHF42M2+VS9nSjeSglHWUpNRitLtK7T9Ufyajw/481C1uL+x8J+Jbq0XDTXaabcwW8KH+NpZI1ChyeuSMYxg8H374a/sP/tQ/EtLTUdE8Dro2k6kiz2WqeIJhbQTwyDcJY2Y5wR830ORnAr90P2wdG8Tal4V8U2PhfQNP0bwnZWcS3p0yztrOQzRsuwRvFCjBByCQRn5QcAAj6C+GPhjxM3wV+GdxaNcNBa+H7J7yVZ2STylhBOF+XfjAx1zg85wa/BeL/pzcbYnhqpmXDXD2Ehi1jKlGdKcquIqYfDQhCSxE1+7UbuSjqtOvc+zwXA+TYTB4LGV8RGH1utGiqdWUbU5uHMlKUerelr2s9z+eL4r/ALCvxD+CPhGDxh8T/G+lW1ve6tDpS6Xo6LcSGWVwq/vg67QpJBJGTnJLDBr9Gv2Zf+CWvwO8ceEdP8a+MdY8Q6y2oaHFqawJd/Z7VpdhdlCgt5irgZA7sAcHdnoP+ChqPqnwPtbWDTLnUp38TWkplUNJPavDJkswG4oCcDhT6HjGPub9jSafU/2dPC0TxjTnsPC6wNHIrrchdpXcY2wytgMQcDPB5ywr4rCePHiPxpwpw9neP4pxOX1sfmWY0sZgsBOOE/dUKHNQpXpL2sYqd3KSfvKyv29jPMlyzK8jlVwuFprGKvSg66pKcVGU4WcYzc4uTi1a/fdOx5v4B/Yq/ZG8G6VPeS/DjT7vU44LiSyl1OxfVJY2tN372c7cAyFdwBJGcbiBmvyC/wCChngrwFq0nw0udE03Tlh0/XWRrPR9PXTrZIYpwF+0Kqr5yoP9Zu3E4CkYOT/T9oXifwr4T8LWOn3N3ZSzTrJHdLeW6vcpHcDDEHBZlOeMnkfMw29f50P+CsvifRNOG7wrp0SQaLCt3b3dqFijP22QeezIEGGUglS2cE8kgGvT4czfN5+Ifhxi1xZXzPHYqMqWNwkMVWn7GWIptL6y51Zqc05x15I2aWnU8HJK7xGF4kpYnAVqeHp0pVqNWpGPs3Gk4qXJDkjyuTSkvfldX1Vj+fT9s7QNHPxHVNMs7a1tn0Wx8w26bB5gRQSAPlDHHJB5+YnODWt+yxoenadaeI5AV+0NalS5G7cApwOnB54yQQSc9s8d+0V4hHiPV9L1coUE2hWkagck7IUDSMCeSzkEk/dPOTmu7/ZsnT+y9cdFBJt0ck9AwBGCc9wufl4HXpmv9h8hhisPwvhlWnzVaeFXNN3blLlV3s9W7Xfm1c/nDMZ0q2eVORLllVbSSSXLzRVopdeiT1Wut9D7t/Yc/YU+HH7S2veLLnxd4q1rw/Ja6gptVsv9U0tzcsshcblQqoPyqOxx2OPp79sj/gmb8Mv2bPgj4n+IHhLxhrutatYajZW0UV/G3l3UVxKimSNCSfkLcsOg5BwDXR/8ExbySCXxRJbwJNNb6haXSoW2K2Ls7k4A3My7Bt6ZOOOtffX/AAU68S3XiH9mTxGb7S1sNRgv9FFrFFuRZozMm95QFCqdg4BbBPGT2/zY4+8VeN8q8asXkeEz/GU8sp5hgI0sJHWg4VlD2tOT1Ud9E+nW6P6ByrIMLVwOTy+q0fY1qE44ltRUuZ2alG6cm5LVtPZO92z8SfC/7BWv+KvBvhrxDY/EaGF9f0iC8FhqEIjS3ml2n7OHLkyOoIbOBg4PBJrWh/4Jg/FC88UWfhmy8a6Bc3l/ps2pBFydkdvEZypJYfMUXOAOD1I2mv6f/wBh39mv4X+Pf2V/g/4g8QeG/tF6vhxJ5riJyZJ5ixUtIepA2naehwQMHGPrVv2fPhXps954j0vQoLe+stGvrK3vGAkkiX7KykbAc9hk5BHOMdK/XYcQeMcaeHzKpm+UwyzEr6xRUox9v9Wb5tU4/FGmlom05Ne89EfI4vOOBsPjMXltPAYqpi8LWlh5Nfw1U5+R2bfMo6aaK6S66H8YVv8A8EpPjV4g0yw8S6Pq+gTaddXl3bBHkKvHJYStDPLMASVDSIcDp3xVHRf+CV37Q3i6fVI/Dk/hW5j0yc2txL9u27Jc7CGOOAnUE856A1/TL8CrLxVqXgqXwr4dg0yXUF8TeKVge4iUolu2oXCos6Nlo1YYHQDcchsji54a/Z0+N3gnVdcuLBrOOXWL4XElpZu8dqqSOZJZSCDu+ZmGwY4POQOPzKr40eMeMqSr5DhsTmeX0KnJiKmHy11pe0SXNCnOneK5Ur6ra2mh9LVyzhTDQr4TGywWDxbgpYZV8Q6blCXK4ycXdtW1XVvfsfzV+Av+CVnxMvPjrpP7P3j3xXo2geIdT8PXHiOC/syNRt5LMEFYhICP3u1gShwQ2RwOK+kvEv8AwQ88RaTaXqx/Ei41G4tgXg+waK7vMEBOzKk4cgKCPUj1r9KPGGl+NPCH7fPgjxA1o7+JE8DvawWKElLtXAWVVR8Eh2JI5+XOSDg4/Vfw58WPHnh+80rTfG3wymt9I1K0lur7WbSNJ5LSJckZjWMsrleMHGDjC5AB9/KPFrjbOs7wOV5jnOZcO4ipSpTq1P7P9pQw06kuRU8YlCUqcrrW/Ko9u/i55ltHKsNhcTgcBlWZYevhoT9hUxVOFWvONvayw/NNSnFxS5VFvZd0f5xH7VX7MA+Cv7TfhbwhrmryauHNr5wmt2sp4QWXdDLG6qysCOCevJC5bA8Q/as8F6NoXivS4tMiFuh04yyKGDNIcAhiCeDj1+bk4OGzX7bf8F1dR0HWP+CgfgzWPD+mSafBc6RpEjmaEWzXL7kWKZkVVAbacMDyTjINfj3+18xbxlpLOigf2WB6nayjHY8HjuffnGf9EeAcXmFbhzL543GrH4hYeSq4uK5IYh05Ne2Sd7Ko7NLTfRan8/8AFNDC/Xq1SjhI4SFV0an1dtt0pVYU5Om5PVcrbTu9beYfDT4AeG9Z8E6R4kvdd1eO+1C3fyLeGVkiVgfkjCHjJwePTnjPH6z/ALDH7CvgzxX8R/hPq0/ivxHZ3v8AbU1+Hjmc+VLaQSuo3g5CsQNx4AByewr4K+EUw/4V/wCFLZAHPkgrEp5UlTgnnByD0Hrj0r99v+CeI8jxl8OHmQ7La3127k3AfN5Vhcvk/LkHAAHHQE85Jr8A8ReOuJMuzvBZfhMfUpRx2b08Iqa5bexdWClFXTSunq07tb2P1Thnh7J6mS18XVwcJVaGXOtzuUk3UdONpWvrZ32urb6an4BftGfB7Ste/bfvPAdze3l5aa58Wb3RdQu1ObmaD7YUklRgMh/LU/McgE4HINfop8VP+Cf37O/gePW49Mu/Gn2iw020FkFvmmSa/uYUMUQ4HmBpScRLnaOABXzTpU+k+Jv2/r3xLrD+Xpmi/ErxVrN65bLxw2k8wBBOccgE8ep9K+of2o/j3oniubwK/wAKptVvEsPE5utZS2eRLrW720ZjBZwII5JJIo3CpgAggheeDXy/ipxXx0+LeFco4fzXEZbg6eUfWswrQm6dGU20o+0ck429xrXTXW+iPouCeGuH1leY47H4ClipSxns4JwU5pKMU+Xm6Ju780vU8Q8Kf8E7fCOs+LvBOh3nivxDp58RaVfapf206PH9gW2CukJJIDSMHG9QTjPUDp7zqn/BLjwDc6PqV3pHxD11rvSdG1S+8obmRWsYZJVVsHbsJQDnGFJySOT9Ffs//FD4gfEvUvBWv/FP4bTfDq70v+3LDTbm/tzBca7HIFRHKlUJGxATywyfck/pp4F8I2aeEvHc62sc02peFdcn3Ou5Yg9hdYVW2lRwPu5BwMg1/NPFfjz4n8P8R4DK4Z/VqqcqVOr9VlTrUal66U37SKfMlGNpOLWqertr+lU+BuEK2WfWpZRhocylOnzxlTlflg4pxclZrVd+x+CXwt/4Je+D/HXgbwV4pu/irq1jqXizTZbn7JHCTHFLHczwJBGS4GB5Wd3bIB4ryXVv+CaHhrV/2rPDvwOk+JV/Bp+peFp9Zm8Qz2xmmhmgBxbBS/3WYABgfmPQZ4r9cfgj4v0cfDD4XWH2RIzpFnqtuJySjM8WqXQ8tMdcZIPUgbQMLjPJareWtv8AtyaFfw2RAT4ZXTxSEE+W7RZDhvvF85PLDoBx0r0MB45+J0c74ppVs5rOGFy3NquBpyhTcKVWkkqMkuVu8HayblffXQ0reHfCtTL8un/ZuHjKpUwylOKknJPlck9UveuvXdaHicn/AAQp8Cz28U7/ABt1BI4hGJmGl742ViRvyJQEOO3GMjnFfGXif/gnn4S+H/7ZXw6/ZzTxffa34R8V21hqWp628X2a8t7V5CJ44pWfCsVRhGQTgfL8q9f6DH+L2q6b8N/EybbWWaKBXj3hlZY0kJZmYrkHk45+7xkHgfmN4r1Pw78Tf+CkfwH0vxJczaRomoeAtPt9S1SzujatFKwfc8c+VKOCeH3cAZo8OfGXxZz+vnKzfO8RUo0MmzOrRcqdGEaeJp0lOlUj7OEW3B2lFaaaPy8/iDgfhvKqeHqrLaEIzxVCCVOF5ShJwTSXva2t7rvr1R9dN/wR+/YFszfW2peIfF05EAxPJr0UcUEqgqZJGBYlA4ywBxgjJ4NfEf7XP/BH74W+B/hB4s+Jvwj8Y6pfWvg/TptTRLm5j1K01NFDPJarcghYpYIsEgE7sEjkV+z+ufsQeENX03xk3hXx5q/kWVnPe6PLd+JHnW9dDJI8M7B+EcDCkjnJIx1Lj8ALvwp/wTm+Md34lvX1I3Wg+Ib/AE2CG7a6jgEMckMceWck5kRmOSMqRgZAzx5J4qeJVLOMHiKXFOJzDkxNOri8Gm/ZrB0q1ONepNSnUjZRfLpFe87x1aRyYzIuC44Cn+7jOpWxNHBxp18KqVSNbE25FBuMZdHZptWTuktv4u9B/ZItPEXhjR9Xa61Bbq5lja6VFZ47VZ3OHLhsO55O0kFdwx1yflf4t/DO08AeL9T0eC8luotNaNIpJFEbyFvvAo3Ug5AGM987flr97fh1othD8KdIaOGSC5ubyKSVzjcgQAZAYncOPlGOoHBOQPx+/ak0tl+I/ieWUSNImoKVeTAPlAcYHuOmdvTkjNf2b4WeJuccUcTY/L8XW5sNh6cvZwT1lacbPtdJN26W21Py7j/gzLMmyqliMJQjCo5RvPrdJtq999tGr2Tep9b/ALEPiGCT4EeP/DFrqCRXuoveQSwMQHAltwqdAW+Ynrx6gkk48xtvAI8J+JZrK7iWS6s/7PjvBJjJN3dpJHKCRnlSN4BPfrnjzn9izxJcW/xATwUpAt/Ekpdi5AC+V824dBklcg888Y6V9YfGa4j074m+L4ni8zy7rwxaq4QAK4ltwAxQYLEHn178mv03DZf/AGfmHG2IqyvHHUaeKpOzum6Dg1Jav3Zr8lo72+PrYxY7L+FIQV5YOUsPNW6qrGe6fZ731t1bR+yf7TGl2c37Jd4lxiT7F8O/DZjBIIRRFBnjGM8bR24zkAHH52fsNGz+yfFVIk2+fpdvbR4JBO+2+fg8c+uTgbQTgZr9GP2kzNc/s16nYxMIoG+FfhycllHzObeDjO4DIJ3dT2xjFfl7+yLqr6DZeO4/MhMt1DZLFukVDIViwQCcDkDJBBHPHHzV/I/CDqV+DeKowk01xC3LVpu2Iptpfcr9j9uzK8c5ydumn/wntaq6/hv3lp6tb30a8/z+1fT1h+LWtW6xuxj8SXoRADtTytV3EgYJyAM5yOcH5Riv0G/bHto7Dxd+yxqKRFnm8PaHMrMxzvgntpI1AzwSwC4HPOB1OPgnV7sv8S/GV3vjju4/FsywRhgWHmX26VQck/dPIx6t1OK+6f22Li5e+/ZV8qdZHPhvTGQg8IwlgAB7jJwNoGBjB5Jz/RWZTc874Jozek8tzFTV0tHl9O7e12nolrsrn5PgkoYHiOrFaxzDDW0tvikrrday3XTTTWz+fZfFV/4h+OXjC9uHeGea/uoyoO4qEiddysDwOMd8DJx1NdZpQhg0C/E8YfdqV0c8FmJlz82TwB04+XI6gcnwbQdSuB8Z/EiXEiCZr+98zoBvVXXHU4OMk8cHkcrx6vFfpHoN0ZpUQNe3Ugdsr8omOcZPzEc5HB7ew+5lh1ShhI0Emnh8NF2SaSUY3d07dX9zPnYVnOWIlU1ar1d3ZXbhe9/y111XVnd290i21o4cJsO3a3y7QGGAQcdhg9unzA8Vs6TNA914jeUgCWxTLkfLkgEk85xx7jOR6GvMNNvrWeO2ijmN0CS5MY3AKwBG7HA3DH8RXsc5wPUPBuiSatqmswSutra/2K95PJIVYxRxDj5WwMngjkjIUjHJrhzGrTwtGrVq2hGCjKcpWvHWN+r20t53vujswEalepGMNW+W0U0kpOO977WWuv3q1tzR7mEeG9Ut+JEa5QpnLl48nBiVRle7HgjnAJHFcr4+voZtOtZbTT7lI4rNrdpdjKA6bSCd4zhuW7dfQ17z4NtPCGgyWMUd2uoJqmmieS+uLMTR28sQPypGGbYIzgY4JBA9CeT/AGj21HR/g/a+KE0qaW2n1aaKy1GGyFpazKjDd9rPDEYUbVxggA85zXzWG4wyeOY0MHHEJSr4iFClOXuKVWaglGKk023v1/z6cfhsRSw1SU4pKFNtxVn7qs21Z2b/AEdumvydNcCysb7V72zkgsjDEpmlIUt1JCA/eZhjbjjJzjGFqloGn3XjGO2v7HRbwaOZWtXu2DtvUMPlicjluMkZ4A45zj478c/FXxDr80tpLdqlnaqqx2kMpEDugBDOqldwUfcGc4645NfV/gb42S+F/hT4ftA8Ms8glVbcQBws79JNx5ZifvHPGOM55+1z/GZjl+DoVMvpKvWxFWFJKSfJCLinKV1bVva2t5d9/i6OLw2IrctduMIRbV7XlJSSdm+rvay1Wuj69f4l8M6bb2axlLm0urJlCRm0Zy6sQWaRgSGKjtwvCnGBXi/jbw7pEunzLJHcTTyqjB2XbGdx5GCOACdxTH4d66DXfjN4ouLFo3hUtPbF0EMCh8/eU7zv7Y3YG7nqO3lM2t+I/EBt3v7hRE9wx8u5VvmJIO1Ng5PYDBJxx2J+fw2NznnVXMZQouLWim9vd2TS167bK6uTjK+GacaMZuMoxXwuLSsot3d9dbaLa17Oxxo0eO3mWFbW2hs/NhJkD5+YMMgHHAOOduc5BOcAV9zeHNPe48PWdra2MCobBpBIWACBoQCVXGQSADgZ6cgdB4MND1nTLVrq58JwvpMkUc4v51WPazEbZEDtv2kgDBQA925Br6f8OX9o3hbRLiA2s09zIFltrUfvEIXYYgV4YkDBOAM84zSzTN54nD03TfMqVVyc4zTjZb6pWtt6X1uduU0OWq1VjJKoox96Nmk5Ky1grq7suVN2bucXrfgyzT4dpf3sNrfJceIJ7RLGSPEYkEYPmOSduQSM4AC5znJxXzRD481XwE11pul6dZ6Zaxtdebd2caRXEgkUgoJRy4UEjrgEZx2H6sfGn4M634c/ZK+G3jn+xDaxeLvGGomyMbMJZEZNimVcAqxcYUEnHBzg4H44+OPDXiiLV/sN5bXBCXDqY1V5GCSE4Lqo3MW34AxuP8/E4dxWD4mhVqSn9Yoxxleg6cZOcPaUKipyTWzacEkmlr63Pa4mwk8uhQp4fmjN4elK8U7JVYxnrde7eLuvyTuzndQ8ZajrjXl8izM/LxrLMSgGCpGOVLPnLAHJOTzkE8jdXWpX1tEowpZmEkKPhQGIBLZOVJYnp1zjG1Tj6m+Hv7KvxV8cvp0mn+HH0jw/IfMl13Xs6Vp5TOZMNL+8c7MMUEe5uAcZyPuL4YfsWeBtG1JGv7K9+KfiZ5onisNOgli0G0myAsbMgYXyhxjaQmRkk84X9cyrhqrJ0/Y4X2VG0fflBU4pe6072tuteZ267H5z7Kcpx9rVlUlzRTjH3mtVskpK/SzdnppdI/KjwN8C/iH8S7qHS/CXhvWL0hw91evbvDp1upIJlmu5EVNgGGJXPAwORiv0L+F/7EvgTw89pP8AFvW5fEuqxMhtvCfhxzHYpMQGRbvUlU72LEiRNhJyVBr9uPhb+xj8UvF0OnaddaLF4R0FBGyeH9A05bQLBtG03BQCRQVwC7ORwwI64/RvwD+wB8PfB32R/FtnFDqN2iNbTzTC9miO0EPDAqkm5diVUsThivHcfS1JZLlEJfW69KvWio/uYO7unHRu7Ss7N2Tu9b6a+9gcpq1ZU+Si4RfLaVW9klZ+7G2mjTbs29731PxV+Gv7Mh8RRWmi+GfC1j4Z06fZHFp3hnSVn1S7XI8r7dfMuZGK5JY7DklsYJA/Uz4L/sBweGILLUvHGlaTpGmykSrBc2lvqOsXhjOfKmjwGjeQ4CptwM47k194ap4c8NfBPRJl0yHw54Q8O2gtp9U8b+KJ7W21aKNtvmC3sm/fSyNHl4woULx2Ix8Y/GP9vL4YeDo5ovhl/a3xC8QoJUtvGGvXX2bRLS8Bb57Wyc4uI85KcLgd+gr57EcUZjjubD5RhPYUmre0p7q7STdR2hG9rX5m09N7n11DL8Dg4QqYupCc46pSilslpa1rdVqrn0f4g/Zq+BVxoC32veB/DOg6bZnzbjXdeSDSJPKUFd8W9kKxIDk7eWwTknJH84/7bfiz4Y+CPiavhf4B+JtZvtMtZ5zr0+m6hK+lW91JISFs5TkPbAAZXOBwc5FdZ8f/ANqP42fFp54fGHju5vRJHLIulQXH2TRbKBiSMwxMqyhFIxnAIzkY5r8o/HnifT9G1O+L6qdVup0Ik+zOBAjuT8rvkAKoxjJ5GcDjDerkMsfgKrr4/H1ZOSSlS5pTg37t+fnk02urUVre2mh42eSwOOp+ww+CpQkpQftmlGScbNvRa3u07tLVyR9H+GfjP478PanBfS6va6hZ253RwajcR3aykOHPmKwPYEkFgeqltwWvV/FX7YF/4htYrCeXQ9JVQFu5bCCOBpRjbsKx4BAI5znkgc8ivySufiTp2l3Rs5s3T3DGQww3BdgQSepP3cE7vTry2MemfC7wz45+N0l/D4B8FNdyJdi3W5vZxZ2qhRl2EtxtjfAU527+ATnkV7uL4lyuhB1cVGjShGVva1XCnBfC1rLlTlJ31V3rs7nz1DKsRVfJh6spS2lCEnJpx5Xa60Wm93fXd9Pt9vjjp4i+TxBa7D0JiQM2Qc89Tk4HTr2wK5O98f6ZqCNNPqVzPvcAvHsRCDnjaQBjkDnucDA5HkMXw9+FnhkXen/Fb4oW+geItLuTBd+H/D2nNq7/AGuMhfs/2pHRI3ypBflc4AJA56S51v8AZL0G0MWoar4+1ya4iiaBYI5LMpIcAxgAnO7qGPc9uQfGfHuWxkqVPC4yvBr3Z0MPWdPW1v3jUI29E+l77mkckqNtyxNCPLa6nWcmnZfZTbVtUk1v950zeMtNSMJA07suSuVDKQuSMnGPw4yRzgnFZreLZGhld9rpJlf9SocLkcq+CQR2IBGc47ivFdf/AOEQ1C6uf+ELHiy0sZG82KxvX826gs9pZriaXIwMDAyFBPHHQ8/o9vpC2E1/rXi7XdF0+K5aK1WaAytegAl2jbdkKjjHQZJIUkZr0IcX5dKKk1iYX5VyujNyu7cqau23ZNq1mvUJ5Hjlyqm6U21eL9pyRdrK75mrr10u9rnrd34jtjesqblYRliJYw2QOrsTkBQBxySOp+bphweKoFvm/wBLil3I25RGvyPxu4OcDGMnJ6H8PKNKn0O71iTUNa1LxHd6JFeiJ0tFaKfULRjtQwMpyv3RuAUsW+U7etfUPgD9mST4i351Tw1aeILTw+8IzqevM9pY2OcAySzvt88qpwUAwxHynNdtHOsFiGoUo15NtNTlSlGMb2SSbvr5O+7W7Of+zMXFXnKlFKVlarHa8VdWbWmjW6d9UcHc+O7WJVhHkTOFyyqibhxkc43HDZ24XJyRVbRfCHxF+Kl8i+G9CuoLEPsbU57d7WwiycB3kdVWUbcEY5P3vl7fafhj9nP4UeAbxbm5mPjvWbfHm3F0DFo1u45KCIkibY2QCSc4Cqq19s/Cb4W+K/iF5EXh/SY9D0BGjiS+lsvs+ngZXMdhbKu+5mRPurhlP3h1JPVWq06FB4jEVFRpxXM+e0ZON4+6ubV3S208jFUalSqqNJe2qOVrwSkk107tX6veydup8sfAr4Caf4BuYb3W7nVfHPieYqkOmWc1zBYW5k2qwPlkmQxgYDkKB1J6Cv1B8H/slfHf4q2sd98N4bvwWkCGdZdSvbmOCV41BKxNvBMeAFBIAyM8jr+i/wCzR+xZpOh2lrq+pWIgaRFM+p38Ktq9+SAX8iKVf9DgbOANu/GTntX6Jatq3w/+DXh5J7ybTtNt7eDbDbuyC6uNi5VIoVw7uxGfugkkkY6j4POOK6VR8mW0lFQsniK0eZyXur3aWikpNOye/fofTZfkzpKMMXKpWnOyVCk5RcL8uspLRdG9L266u386998Xv2wf2TNTitPFMPiDWNDgkMFxJdWsuoeHby3jA85FlYMYVdA53kYHyndngfo/+zr/AMFFPhZ8TtKt7IaXpnh3xLaoF1LRyYUeaQBRJc2chCNNGOSVJJ6Z6Yrr9f8AE2t/H/Vbm0svCsGl+BJ3mtdZ1vxQIo9PawcNHKbOKaPe0ssZ3KyHvnJ4I/nV/ar+HfhX4EftF6tpfwi8SzX2ihl1K1m09pAlleGTdPZpIpyYg27aMFRnngVx5fUy3iGosHj6NKnjpR5oVsNyxuk43dSmk1GbdkovVra2qHmdLGZHSeKwVWc8MnGNWhWXMoObT92Ts5ba2u031Wp/WRb/ALQtr4gih03wHp7eKNTuYGMtxvWz0zSjk7Deyk8qgBLrgkhCD1ryr4heJ/B+jI+tfHD4kWFyLSI3J8O2F3HaaRaLjIhuhEzfaiuCg6Fs9Bk1+Ln7Pn7R9zr3ha8tm1i58P8AiKC0bTdQW1uDE94JUMceohOGd43YM+Oec9zX5d/tT/Fj4qaH8S774f8AjTWdRubRz9u0W7SSaSTxDa3J3QTK24+YoD+UVwACME9q4cw4RxWGxdp4iMcFFJqVrzabW7XupaPpfSy87wfEWFqYaFSGHn9bfLflV73sovmbckr3uoxVuumh+xn7Q3/BUnQtAhv/AAl8DtNtNLsYd9tDr3lLDCv3lJsbZMNIxHKysSvGSc5r8TfiP8cvid8XNU1K91PVdU8RXty7qBcyzTlCxwZUjDFLeIE8YwRgdeceWDTZzbQ+KPHGoroWkRybYLSQ/wDEwlTILbImIIyuOoyM8ZOSee1D4ratrF5deE/gx4Vn+zTWrxyapFbPPfSlQTLJJcBNtopySdx4GSCSQK56cssyyDjgqMK1aLtPFV3FU4tq15VJaKzskobaLsdMaWYZlJSxVaVClK3LhqKlKdSDcdGlZ69W2rKx6Ra6D4R8P2n9sfEjxVa2LWmnzXVro8ri8u9SuiCwiWPcfLZGGFAXIb+93+aPGPjTVfHemSXnhywvvC3hLS5Hgl1O5fzb2+wxGbcMEfdInEaKn7sEAE7Qa6j4N/AL4xfGfxTdWem+H5vEOsadNdfaJZy0uj6WiKzvLe3cj+TvUDcUBOGyQDzj7kvvgl8EvgP8KdU8R+PvHWmeI/iCXltrnw5OI5LWxuZ4HjSPRtPV9sj2srBjdlfl28pmvnMfxrToYulgoYieNx0nGnDCYSHOqbk4qMqkIX5I3v8AvKremsY72+gy/hmVTDuvOjDDYVRbnXxElFyUeV2UpWbeluWGu12rWPzF+Fnw3n8dfE/QdGn0W/1C3v8A95Yx35eGAoOt7qly5YQ25I3sX255UAZ4+ufHHwq+CHg7Q/FHizxl4sfxV4r8IaNqE1p8KvCVrJ/YpMEv2dJNSv4gVWFWZZAWVhJgkHBJPM/sva4138Z9GHiLX7XRfCmragI5r28KBZNLs7hZZLYkbSsc0KFGClcg4yRmv1k8QfA/4GeJP2cf2pPih8K1vdf8eeJbfUNKtrWSKCDw/peiWF0qBbBpjvMkzKJldAxk54PWvL4gznM6OZ4alVni44b2eEnbDR5XKrUxVOnUU67fNTjGnzNxpxUpcqu7Np+llGX4KGW1J0oYd4mpVrQU6ycuVRo81N8itzOVRJJu8Y69mn/Oj8XPGuq6FoHhOz8KMPDemeKdOt9Vn8P6MBbRWqTcJHczqfMmklRgz5IA4XHBA679nLTL1YtW1C+aVLeSfcpcMEdyCSyM5BbaSVJz/EN3t6xZ/s6w67B4Tu/E10089hYRTT28RyFCDcIWbA2xjaFCkDAzweM9Fqtxpfg3T7i3htoLdArR20EQA2hWCgkgZLHAJJ6YxwckfrnB9pV6dWlSlThTlOTk07yejTbfvSdlG8nJvq3dn57xQ/Y0WqteMpThTSpxtyRkkudtKyTbb91W16W1PItemuYtZ11rZmUFGR2DHc29toVcYJJDMOcevAwa5/w1ozafBdT3O5ZJJS1pAXJBL/PuYHGCRxzjIBwMc11kU0N5r21mRRfRpcTH7wwmGIyeOMHOcDnAHcdamnRa1cQw6daPMgmdppRhVMURAwpzhVAB3Y9M/Ljj1c1hLEYirKok4zk2nK8m25K1k7vezato97W18PLakacYShJKUE2ox2s7X26fDf3W9N76HCXmkahq08FtIMpMifZ7QPtjJydpdQCAMkEDJ74bPFb+meAtN0dFXWZo7a5kRpZJIWE0kcQBKRxRZPzOMAYyV75Ir2Lwr4Tv/E2orp/hjQrrWNcDraQJbgyW1u2dglmlA24U5JyRjBHPWvqGH4Y/CD4AabH4v+OXiHTtY8WNH59p4MtnjurhplAkEU4R/lUMAjbgAuMN3I93h7gLMc7pSxbhHL8normxGY4pOlQjCLi3yOSvUk7Oyp+89mkfm/iB428NcCV6GVxeI4g4px0408t4byeCxeZYicnDlc6UX/s1FNvnr1nThCLufDfhv4K/EL4k3dwPDuitpfhi3yLrxHrkf2TTba2AxLcPLNsEsroGYYb72VJxy234j+IXwB/Z/wBIn8P+ANFt/FvxFjxH4g8ZXai5sY5MGOSHTYyNhXJcLtJJA+Y56eG/tXft8eLviP8Aa/AngRLLwd4OtZGhNhooS1MsCsVVLiaADzHCEA4zySW6nPyV4aubnWdLlE7mWR1QzTSMWcsz4yCcswJLEtksTg+ufVzDNsqyDDyy/heipVFD2eJzzEQX1itKyUvqcH/u9NNXUtZta3Td34mQ5DxdxtXpZ34hVlgsNOar4Lg/L5v6rhoOSdNZviYy5sfiIxklUpQ5cLCV01N6n0p438SaP4h8KadrWs2kEus6lrcU6vI5ZJLW4cqLXYR8kSs3CbhtxjgACvh3xHcap4Y8Va3ZhEktYJ3YoRujSN1DxxoedqqrAYGRtHHyjK/anxB+EXjPQfh/ofifULLyPDIsbe/0+8YfLNNJlkXGQQhIG0nIJzjG2vhnxHBq2raxe67HtlhkljDRqQyyhFAZDGCRlSDtPJxnGRxX5ZiMZOum8RiJYmUqk+apVnKUrtxbTlJuTUX2vd2sz9lxWX0MBSp0cNhY4OnGnSUaVCEaUFGKUfgiuVR+HpsrbtGQPGzTXI+zQt5lqzT7QSU8xRubamAWC45XcSeOTnn1nw546uNQjt4riKNLkqUaVbVR+6cYYsMfKAOo6DAHSvnXVL25s5nhSzS1nnBaaQLsaHnPDAEAEEk8d89RtPfeCtYt4IJTczGa5miCvESBvVTs2xk9wc8gcAgd+ODFYSDoRqwi21ZrllLV3TvG/lqr21eyvp59CrOEneTSbd0nZO1nZ9dkk7WVrrZWKHxG8OkXl1daBBdS+fMGvWSMsEJGQ4OB8rMckdMDDcfe4y00PW7ZoZhZz7I9rXEz2z7CGZcAYBJIyFKlQCe4GRX1NY6tpraaoWyEzYBulkIwI8n59x6bcZKnJzwMCtrwx8Q9Ds21C2mjs7uBQwaC6hj2ABWCpG7A8rjAOWLfjWtDN8RChGisK6rglDWVm0rayVrNpN3aV3fXunKnTm+ZySaXupdNpWlfXsm43beuh8x6kurWkTefbyQK0QlPABEZGchB0JwcZP3iQeOrNJ1YIEUxvI0TKYg2Q7MeRuI6gYPJHTJJIyR7l4ttk8c2b3GjWdtY3gD4VHX95FECV2qMZAxjGPY4PLeK6d4e1KK8mN1bNGAywsww0mVOGKKSNowCc9PUE110sVTrUpOaVOW0oNarVPR2V97aryeu/M3JWa621a2Ts9Fbp1Ti7eqNRddntryW5kQrcqF8qNjvRsA8Ljn2O0EHpnkV2ek+O/ED2ziOGS3EbCWeRY2CBMkBQMA9hk57424IIzLKy8Ow3LG/uHZrMeYhmYEO2RkPkYAJ+6rclQDxxXQweI9Odp41gVo0xIWjVUjdACFXbg7gRzxznGRXnYhUZJQWGc1a/POyT0Tvsr62fm7PSw3Nxtq9X0W7bV9Fd9Fto7Lm7nYWnimDUmtrzVAxjdDb+UqbI2PKMZF5yc5B3Anvya6e80iwupYZYmeytPID5HG3aMgOoIAQj7rEnJ6Cvn3WdWksSLu2iV4biRSiS4URbeDgD7oTucYx1x20bPx4ZQY57szJJGI/JDbSjYwB6mMccHAO3J7151XL60+SpQbhFtKUbabK/b3tlbbdbaCjLa/vLS143TbS63u7tLVOy1s+j9WlliYJ/ZtyjmJud8gBIXO9mLZLDI+UgdMHtgZ9/rGqKzmNlltownykDZJJjdnYASyDAPORnnkYz43HLqB1GcQXRJkUMj+adgVjzGAoCc5wAOee+DjstJ1vU7OUw3VgyKEJ88RlxsY53lc4KsO/UHtnaGHgFSUZXhNvl0ldSV7NvS7aT19de4003FJcso9Fe3TRq6au2nfVXS1dnboZJ77Wgst8rNbBnjht4v8AVrJggOygcKpOOcZ3ZJxjHlmrWsunW94HdZJfPYBETOM5G7oMYHBxxkdDivS01KWWCaO2mWN3kMiblCnaMj5MHHzYGOeWIbng1i6zcwIRAfJuP9HJdWUCQFsszMwB+bg4OevBxmu7CVJ0pxjyJJtaJSsrtO/nZaq+l1sb02427JJK+q0SstHqt9Xff7vMNIuDbwZWVWt3kYucqJBI2VCjGH28kE4PB2jnk/sb8BPgx8LviD+wd448c6g72/xU8P8AiE2nhnMD3dtc7ZA626jhbd3RWZ33N8wI6dPxZe4SK/YRPGsMOWMZG0M3P3R3x69ScYPzAV+v37L3xFk0r9lPU9Btb+3Xz/E19eXemmDLXLJbzCJVcjhgCSSDgD8Sf2Tw3yzD5jnNelW92P8AZeOq86Sf8OjzNKTv0te936HzvEeKq4fAUqlJuMljsLDR7xlUine7vKKbvZ6O+t9z4Auv7ZtvHLXDNAttHqdkLlEKkNKjouUAHABBHU8jINQ/G29a88cXclnbmCSO3thJ5rArIFh+aQbickkgDgemOdx5a28Rvc+J4WkH2Zk15iobBEgN02A+7bgLgkAg4bqcDmx8Zp7i+8X3EsFzFct5VuuYgF+UIpO4A5ITO3nIB49K/M8wpQ/t+E+VNRpYmKez5XUpWt5+7ez01tfW59HTqtZbUUZtt1qEmnvfkkrx1vFXe1rW30bPqv4buJv2NvitHIFkmF8CqjABYnOAOpwpB7DPuDXzj+zz4HktZW+Kfiizt5vBnhS4Wa6tL4AJf3CgFLaONxmVSR85CsOccbq+jPhRIJf2UPieXVGSPV7YsqkIRwN2eeR97IJAYAgDFeO6j8atMvfCll4JtdGgtEtdESxmVPktpJxnN60YJEl02QQTzxwMV9ZmuIqUcFk6VF1OfBXvvyRVSSva2rvbTVaN20dlkGEw9XFYrEYmooRp1XKnFpr2lX2dKUU+r1Wq667bn2Pf/tk/C1obC10zwBpVpfXIXav9lRNCkQyqDkKJMDB3Ae5J5rltC+KN/wCPfEM9rD4M8IaXp9pPJdJqOqaVHZQGKBd8ka3EhAmkZSSqpknPYjjwT4C/CDS/iWureIPEztp/hzwlbLc6hfo6o7pF+8S3QMV2tJjBA5wT6DGV8ffjDYeM9Q0TRfCGlDw34f8ADcf2GwitX8k6gsIEZvrkptaR5cbjuY7skGvm6mLlO9NXlZRbldOKd4+5pZ86+JK9radHb6LF1IYaisRWhRg6yjKjSjBxqShzJS5nZpWk20mk2lfoY/xk+Jdt4r1IWdn4W0jQP7CuJoJrnS41hW/cMyi5YdGXgMhzzgE8V813t+l2JImkUxFtzuMZDbuS2DwD8gKtgnGQccG/4gluJ90yXbyxkAXEgOJDLjAwvTAPDDggY6HkcFaqROYZD5ccxZmfcSdpOASDjGSAMHnAODuFc9nWlKpKTcm+iV3ZR5UklorRTe+yV11+RqNuSSdldO32rNpRvbS12r7N6uz69lZSW8MMaSbJQ84d5QR8qZAUcDHzH3PPJ611Ws3hujaWVjEs0YSEMyJtIUEEAMP7p+8xHOOR0NcxfX2kW2lR6fp6u8sp824uXO1gwA+6237nBwq4BHByCAcqDxEthbhIlkkaVGUkkb94Od+T0C9TgAdcHjnFYadX34xkpKbaUtumrtZefLZaPbdPGS1inNdLWvo/du72bv8Ae/RaHriW2mRW6TTkrdRhULgg244BAJz8xJI5POSCeKwNUsIJbi3OmXLRPKWZombAMmSS2/IOOODx68jIrzWS+1G9kQ29yTaqgacvIF2scNkqQCwAI6ZwoyTmuqihv74R3DzLJBa7Eja2YM5LLySBklBk4JPbueKzeBq07SdRtyaTUldO9nqrNbWs3r17XXvtyUdklvbV6d9L7ed0vI9L0S6vBZS2TS+bZ2wJuVVy8rSsQMIQpJG7uDjHYZwOetdVbTLiWORiEnmkVA0WZwDld4yD2bGRnHT733cfTtZuIzPZpGbfa22S5+95ihycsfu5OD8x5xzkdD0Ng9pe3slxcyebLaBRblY8xSL1ZnbGHIAJ4yQep5rlq0nRVSTjo46NLVv3bNq6tZq2m9noZJyTv713bR6WdlZKzTV9dH9+xt63eiz0iOLTbqKJLiHzpVVAsrMwCuWYAkk7sEZBDdDzmvnK9uIp9WJgCoyEKu5SELHcXJY8kHnORgnjGMCvYtXb7QXj81jaoWYyDG2OTdhIxtPygHAySRkAk968xsvDd/eahNJMg/s6OYvLcswD+WxJIQHglgMYBJ9guKeUQp4eFSpUk3OT55yktXorXbvfySW9t7FKfNdN2tbTdx27Xs3vu03vuaFjoF/f6fe3bzoYyxECs4jDyKBgAddvQgDII3dDjGxZ+N/sOiTaNcaZF5ltgS3MSESsRxgMACSSAQ2TkjcMU3xXqVjYWdtFp2/yrWIZV3KHecDITA3Y5PJGO+ea8sl8QyRzqUKvHIC0pcZYsR2B5OPVsKW6HAxXp4alLGRcqkUqfNeGklJJNWvZre93e+jutC3FRat1j01totI7aq+q9Te1XxPdzi3t84tixkRXLOUDHKjkY4xxgLjO0Gu78KeHLdrMX+oSGVp2E8CCQe7EuhBIAB6dMA8YGT5HYrLeyyylWaTPmQqBhAD82WzkgDsBk/rXX6ZqvlSpbNcskaIY5xJwygcEISxAGcjGMEHkElc9eIwz9mqdFqPVtWvZct16q1rLy1vq3Hl2vaPZXWyTSvrot21s/O52eq22j2Vx5Zuc+eq5eHhIsEkgDkAg8ZPTgnHWrCzW7afOroybEZba5AOBGMY3EfeBx0GQD05GDg2l9YTtNbXFsbjeyJCYjliCeNzZJAIJLHngnpV2+1qO0trm1mCIqJ5UNo6jIyOrMM5GM7TgZ4IGDXm/VKrSg1KTdrttrtsl7vZptrre62iKu9mlZbX7q6abteyTTTu1uT6N4iTSbmK6F15gh2bQ5yAMgO23g/TAUZ5rv7/4h2Go2slkge4DKshkDFRHu/1m0dVPByQCRyevFfO0t2QcR4d5j867d4wOFCnkYC5yQOmBwRWxa7fNjZUYPbxjcoGUdipI4OB7MAe27OeKK2U0KrjOaTlG1mm+ZaRv1a7J6+qsml2UpRjezSuk3vypNqy0la9lpdP1R6IdesUi2SxyCOLmEgneMkMfMA+8Qc43cYJ9DXqPhLxjpRto4ZQioqB4Z5XJlV+AdybuMkcKemOpBGfmK8vHMjBpAm528xFGVcgDIyCMHkngjHTIGTXVeHbK+17Ftoqt9qEUjPEDteYxg5ClvlwuBkgHd9RxzYrJ6FWjy/BtJ20dly6Pu/h26vtqbQnaafNG7V7K1rtK+sbrdJK9umrsfe/gH4s+LPCF4mr6P4w8QeHxcRPZTXOj6hPam4tnUrseKF1ARlJBYgj5jwAa3PE3wo+I0Hw51f8AaJuNGgvvh/qetHTB4i1K6imvpNVuHy7eS7mXcdwctsG4k884r4n0TV/FBs5LO6ilis9OYRTSSMP3TBimWY/fCnIOB3JOOcdlrHxL8X6h4YHghfE183hKK5S7XRHvpHsFu8BTdfY8+WJkxw2M5GFOBXl4fL50arg5TlSUeWKi7JXUej03Tdu9/hd77fXZOm4K+/Nq7NSuk7K973ej2Vm9GtJNV8W6Zfs0eoRRvqEMQSG7kVRtRlHyGMAbV2/LjhhwfSuD+xo5ludOvYrk7N72IChVfOQGIPAB24DZwDgjqR5t4imkW8UswuEBBM0T7dzgdHIOCeASoAGMggA1Z0HX0S/SJxHDHKyx3Uu1seWW2hlwANy5HcjkEHPT2oYCVOCnTlJ3XwvWLvypJ3SS623PLnOc3eWt2uZvd/Dvot9NHfZq+mvTXF/q1pFLb3dgFN0dkwQFz5ZBYbOwOCQfl9cGsuz0qx3rc+dcwwK25rVs+ZIFYFgASvBHdeoPXqa2dZvHnuFa3mD2sf7rz4vlnaNhjLKSc4zgEHHp155+e1lQPJEzXACM0TmbLEH+F1JHJ/hUd+Oo51pwqNKKi6TkkpWve2jas111d/0sYSTik7Se17aP4lsorRavbWy9DptQ1Hw5ZCO7ihmd2XY1qzlEiQfxLtyxP8WcgE8HPSlHiTTRorRR2MX2TzxOwchbpkA+ZS2ASjnIGPUnkjnzQXKpHsJZZZt0bCcbguSVyrE/Iv8Ad5xznGRV+7sYZtMaK0n2XUCK5ySzzd9qHOCoOSTgj1zjiHgoylFznKWq1bas3b3mr6r56XfRIcOaVldJNbW6tLZW10d1zbtPa6Nu41HS9QSN4LWa2thulQFyQki8gHJIAzkdDnPIzxX6l/sk6tFN8AblAyK48SPuKKRlSP4ugLAEbs89cqMEH8doL2USfZ7uZYsgoYZE25cZVCAOOfl3ZAwMmv1l/Y/imPwM1CKQqir4jUhlYbWyQAFxnqPXoBkDjn2KOG9kotSdmkru1re6rPZbNK/VLfQ78ussS72b5GtkndqDv207q2+/f6vufGkHhG7TxLLbR38Ph63hvp7F22reROixS20jKM+VIhIYdCrMCD1Pz58bfGuk+Lf2avHerWFgdEtbrW7nUrfToiRZWxlmJS2iOcYXI5Hyk59a9I8ZWLTWPiuFgGVNBzgnukZHzD2xx05wMdcfNfjydE/ZF8SLKFeP7ciKo+8p8z7zYB43bSBgsd2cEZNenGnGVfDJS19pC+raWzt3+GyvZvTzbO3Gczp4j3dHTlK7ve6t6rRX+XXc/ODQfFNlPoeoaBqLPC8uLsSR5eN5kICIy8jgkDOBgfMT0ryG7g/0u4eZmiY5beGLK7ckbRgFcjORgHJbgj73snwXstLvPF8Tax5P2Kcvbh5QJIopSpVHZCRlBwMkj0yOK9A8cfBiwt/FV4kWox2tpdQCeGY24FtO78ARnft25xkZ45BHFfYVH7GnBzl8SUo6OUeVNKOvTq30sterPzerKPtZpyjrbRxaV2lb4ftPR6bt2a0PmLTLy6j89rcKYzAfnLswz0PlgnGQewwc5I6U9L6/EkQUy+btDsd7YZVzyCSe2OgAJxgAdffP+FI6rp9tNE+paZ5FxCJYQjLuKsAwKjLNuOQcduMZJrPtfg1qSXmbmQSxeXtilikJkyOgAPRT35A43AAcVlLGUVGN56rSz06rTbb7r3exzSjTlJXipapNJJKyaT05bLZPa+t2zgdK8TX0dw9z5rO8aKiRBHYydhgDklc8nbgA5xzmvQtF+LvizSpIk8yJre2fi1mBKhHY5G4nngZA6qRzzitrTPh/e6FdxXVkYZJU8yKWO7QMSsnVsEHC4GAQwyeQSM54jxH4auP7VlZEjWGZRKYo4pBtfncTsBxnDdWA5znOCKp42E5RblzXd2tFo+V2etntHRJdbbq7nRpyhy8iV1G7ilpez19697JapJdNXdH0Fon7TFzBLFFe+G7C5ghG8rlWO3nO1cMcEZPtjivqb9mH4o+Itd+LMM/w78EQahq+sWb29vocYVjcGQqshVyVKnJOCAOQADjFfl3p+g3bCaPy1VkUtuLEjYCDgg/yP4A9v0T/AGC9auvCvxs8J6zbysbjTYRN5acecokVmUkfeGAMnPPvnB+W49ruXCucVKdJVZQwGIqRou37yUabahdP+6l5XutdD6XgnBUI8RZXepOlGeKoKVVX9xOcYvdKzi3ppb4T91vAXjzxN8LvE+g6r4h+F3ibR/Fvh/UjcxWFnZzSW6R3AUTSfLExZ33Eq4Yg9OhFd/8A8FePEniCy+EH7N3jt8G61fT9cvW0+/t1S40yW5hSVE2sDslUspA6AgnC/er7vs/G178Q9e0XUvBMenXWs3nh6JbxdSs4INIhmECmSNriRHWSVQB8yuDuB+o/Kj/gqz8er7SdW+C3hbxLJoviC10C01O81XR7mFTaeftKtHFNjbgchFAOUI9cD/Nzwr4lhxL4zZDGpk08HXwFTF06lq1SUKlOEJ3bpyjFQju1GV2221dbf3D4iZR/Y3h/mHsc0p141cPBxleKqXm6cYctndxklt0avpY/Jf4R/tN/Er4e6rfeNNG1xrLXr23n0y7mabfZ3lk+RJb3VsMKQ8YCk/K2AMnAzX6s/ssft2/Br4m67q1j+0TpmjLrz6Vp/h/wh4kuoI5LLRbmScI8rxsmEjJ5JY8AkZK8V+SfgKT9mnx1q8beLrrX/BcGsa0x1Kbw+5vLXToZH3JJFbqVJRcneuMYyCOcV1vxE/Z40Gwni1j4P/EfQvGPhDVtRNgtnIY9O8QWwgIZLme1diwaUEKkgI+csCAQMf69cO4zCYahGo4wXLGHuOLVlaNuVrR62vd3s7WVj/MfjHKXmX+z1Ks05ycozfM1zqT5btNLdp+8klfR9T9f/wBrDxF8MfB37TnhnS9E8T6RdaTqHg/QtYlvPDl0p0l5ogsixxxQ/u4y68yJ0y2Ww2APqP4afES41y68KWPh/wCHl9e3/iOK51FWuArS3ml2AO6+sI3yXhjRTKzrwWJzX5Y/sh/sleOPjx45uNK1nRNQsdFsvCdxZDxLrmoi2ubbUbdCba1s5JyyyiUABEDruQg5Jwa/Yv4Z/sW/tO6Z8ZP2eLaS40LQ/B3hTTdRsF8RJr9pdag+mBCHs5YY5Rtkmj3ny2DFg4GCOv8AI30jqWS51mtqbo/WpU6cZJu0/iiknyW96zbbask1bsf0l9H2GLyDJlh6yqSpU5pxkveTg3FOUW39mMunZpuyPDf2+fHs2s/ArxJ4BvfDWu6ZZa8dOuINX1KHyrcPbXKiaGFjzhShG3OSOoIxjwTxXoegaz+yz4Gsrj4qRRf8Ivp1hFZ2UBDSS3MioJbZo1OdkcWEVyBht2Bxx+9X7X/7Hnw11r9nn4l3mqTeIfFev+HNBuNc0jZcmWyNzp6tdTxSxKVEUTlSNgZh78Gv5r7rwXq2r+EvDGoXPg/VvDng2+spYVu0SVbaa6iZlZFJU52soB+XBJxuAHH881eFaeByrKoYytToqlj3jacqElOynTjHla1Tva1pPReZ/ReT8Rf2hjMfUwdKc3GjLCVFJSg3FNOMou6TV27NtvW9z7M+LHxr+DuifsseGfBt3bRXV1Bb6TGEcI4u5VSI3U8rbz5SuQ5wxBzkDJFfafwi/bc+O/hz9mjwZ4c0Pw58M9D0awMVj4d1q7160ju2019sltix8wOCsZUSBu4bIHb+Z74+ifRPhvLp6SySWw8Qx+TLdPMZ5I4yp8m3Zyp8tVIztJBOeMYrlLb4qeGLXwlaW+rW/ie+Ma2wism1i8hgjKRKpe3jRwqjIzhQFJHoOP1LgvhHGYfL44rh/GuM8RiK05S9nzLkk4vlajJK6fvPqnom7tL4Xi/PMvq4x4bOMOlClSg4Rq3spRUbNpJuSettt9j+oHx98Zf2r/Ffw58QHxT8YPhppNr4mtJNLsodM16yt77T4LjJS63rLI8LKHyQmMDODkmvz+/Z48NReBv2rvhVafFD49aB4qv08U299p7aNrD6pLdF7Uk2uoXBkCBSCxO44G3r2r8X9I+MXh2SfUGvLDxJcSOwjsNNuNYvJLdY1YqoKNKQWJ+XIxg+4NSeHfiBoNv8V/h/rkUGo+HLW31j/ieXQvZGuUidjGRb3JBa2ZYm4KkkfMecfL9fnHBXE2Y5fiFjsfKUJYeoov2EFLSLbTlKcpR5ny2taajZq1zwMm4t4ZwNZUsJSowlWkoSUZNXhK0XKSilZ3adneyWrbZ+/H/BRbUvB1x8fPjfNqUb+I7C+03wultqGn3KLb6RbCzRpDavHMy+eWAV1U5B6kda/ng+LXh74QXklxrujeN/Edtq0WoSWzaZqBeSIWx3cxSl2J8ssFwBn7p6A5968U/FiyeT4p6m2szapYSapPb6PJf6tLevc2wV1tVmV2zI6KRhskZRcADFfmPrWtN/a1y/myXUbzy3DhSREzSMX2lWzgp6scHjsM10+HfBNXLaSlXryk+WnHllaVrJXlzPW1216K9r6Ll434npVY0MNh4pxpq102nyx5VGXu20Tbe1pJa30t9f/s5y2sOo+MYjctdobB1tp3GX2AjBZ25ViwGBznDHrxX1r4VinjSGKdGZZsyHd824KcggnpjvtyDjODnB+Gv2adVt5bnxeXiMY/s4SqP4uSvAJI2qc4IOeuMdMfePhS+Z7Wx8wYUoFCEZlAYYCkgDIPoCf7w56ff4qiqFWpGLu4rRq3aKtJeSV1+Vk0ebk9aFbC0ak5atyak7ST96Pu2dn+tr7vfcvdKjvftFvHutzdRnbIxIIdV6jpgMSB6bjnrir2hrc+G7e2gaZrlFYSM8i79hxnBzzt6Y5IJ2k9auan/pH2YJw4yG28MFLYBJGQRgEDkkk9e1QnzW2rIS8QPlswBJVVHCscZ546E8YIHp5UJSjKaTSba6LTWm22r7xXm73R7l6c6i5bLlSaaa974W5O6urbNPdv7/AEnR/H+iwT2s13aRoIruCS4B6uild+xDjcpGQR7gjgHNrx14r0/xTrl7LocUVtZyxRxxIAo81lAVn25G0gnDADB5znHPmNxoVvfW7fZ2RZkQeWynawzyAygjJO39BwckVz1vYatoV6GuBJMkgGxl3NgqRjBBwpBI6jnnvg060bRU5TbtaybSSs99U2m7+uiXRX64TrcsqSSkpNWtbVOz6Wd7trVdFa5fvdMmtJft1lcXlrdIWLG3d1zIhBDLtONuecEk556Yrd0r4v8AizR4I7HW4l1nSmLR+XfqspeM8SR5dXG0rkY4Ppxk0+3vcqPtMYWVxny32qZFIxtAbhWwP+Bc55xhZ9NtrqJFKRyNMDhAivsY8kbgSMdcHjoTjoAQzFU401zcyhu+bS+l299NNdttRTy+VanUVSjL3r2XI3e6j3Te9r7b7a3ILzwR8B/ibIb2DTz4K8Ty4kjudOla1SS46kvFGyrIQxB6AEHGBurjvGHwg+J+j2gHh/Vrfxhpdop8tWWNr9ICGOEUbmZnQ4LAnkc4wRW7qngiS3hiks5ds7ZKhiVAYE7fLkGCp5/vD5uOCAaraR4o8V+Eyqre3BeJwVguNzxFVySgJJYq2cEHopIyCBj2sLnDrXo+1U4STUk5dElfW+r6PWz38z5XM+EsPVXP9WjCrpafKuZP3XdNJSV/+H3Pyi/aP0jxNptjNb3Ok6npck9y5njuYJI0jUk5KMUC5LE5I4Izkk5DfB90t5bCdbl2iWMHynAydoycFs5Gep4yMk45r+nrVvFng74i2h0f4keEdLvrWSEo915cRePI5kQqoYMo5HJI+pBr5i8f/sD/AAj8d2U+ofDrxAmg3tz5jQ2t2wltZZWBKxDc37v5+OQAO/AFergVglzwdqab3ezckrpu+iu/lfo2fGY7h7H0HF0lKcNFs2/s6arXfut2vN/gbba9Na+a8EilGxkOBubYQxzuOcYyeg+vYSnxLqV2ytNOxQBigU/KgAwpGcgrwAB06AE9T9dfFj9h34vfDd5GufD11q9lvdE1PRIWu7XbliHfyVIVSh5PPIOADxXzXL8NdW05JWu9wuIiFFjLC8UoKsVCsHCkt34PvgcV2wwWGmuaycX1Wt02kvO67a/qeDVp4ig+WpCUJpLdS1ty6taJr0vfV2srrAufFeoR2wtYpSrSRlXkUlX45DOcYPBwABkAcnAGc/Sb3zbuNHfMsZDiRQdwI+ZWzlR2IznnrgdKi1LwzrVpPNNJpsyJwAwVmRS2PlwobOM8568k+pz4rG/tFWdoLpXZtgby3+TAPcAcgcge+M8iuzDYLDUmmk1rFv3d7uN3trbsknva6sRGrdWbtZJXbu/s9/htrfmSemt9EfSsV5F/wjejX9vHmU3EkVzKQcMSSGZjweMhlJIA6kdRX6B/8E4dStB+0joMUUXmR3HhnxAsrhskObOYs3zsAVbBGR264zz+VPhXVNZvIrPw9OjzWq3DSLbiNxOokJVVIIDYJOWwchTnHYfVPw2tvEXg3WrPXdD1i70TWUims7e4s7gxXESzBkcFwCdjRkhwcEqT/ExI9TNK1GVKnCk5csYx3VndKCd+92ntpra+hwZfKll+YQxFSXNerGo43vZcyvbW1vud+llr9n/8FA9F1218X+CXe3LJeaVqUtg0BSRZbdbxhwELEMvA5HUcEA1o/sFXGl2Gn/HG81W0kU/8K41KJGl3bYZjCYwzHI5ZuBkDP1UCvB/Fl7r95ZaJdeINevvEGowNNHC+oStdCFLmQ7o7bcfljOQxyducfMMcdl8Pdbl+Hngn4oyyGSI+JtNi0lQrgkNOQzqNoBbuG5KhRg5YYr5z2trRVk5KyutFdJ6+urb1s7fP6Gvn9CpmLr2drRfdQ5op3bts9dXa197I+ZPBtjbTfELw8lmz3LTeLrNooIwVU3LaohjjBySu4EDaQc5A5B5/b/8AbR+E2t/EPwZ4N8Naff6XoWrWlnb6rdwaxqKWaMkUSKUhaQBSccbB1J5zgY/Hf4Rrpui/ETwrd38UbwJ4n0u6aZwN0eLyNlwCSchsckcEnA6bf1i/4KJeKdL8S3/w58PQiVNZXw7PqfmRXDWrXNtLEJIGmlRlZgkeNoI2heM8120a1TDYbEwaV5qD1u0tbpXun1umnbfrv6WT5phsTSxcopScWrwSV3zWskk7pvo3um772fjn7In7Mnjv4X/GTQPiF4ll0n/hD4bO7hGoWurW07tPMjjcUEo2rgkbj9ME18W/tX/CZvFXxa8Za59k1YWKeILww31tbSz281sZXaNy8RYMQBgHJ4YcHvm/D691Hx14q0L4a+GvGniWw1bVxdRyxtrFyljbG13yOULSeWMqhClecAA577UfxC8Y+FtT1fQv+Eq1WRdE1Ke1lS88u7ivfs5Yb8SKzFWYc44IB45JrGONqUcP7FwUoylzayuk3ZJaPRbNLdW16nRja06mBVOnhJRpKqnzXctVa6TXVppu0k1tsfSn/BKn4I+G/FXx98VaRrNz59jL4A1aCbSL+3cx3DvGI0eSCVRzubIYjgBSCCc1+dn7SH7L3iqy+LvxG0HwzFax2GheMdXsIo4y0YiiW5YpEBgH5VYDAHUcgYyPvj4Ifty638IdefxdoXhvw7J4oKS2N7qN5paQyXtjIpRoSyLt3DKuCAQGXccHJrj0+Jvh3xh4q8SeIPFXiGwS98Vaxda9ebflEdxeyeaYEkH3fK3YDDOVHWuDEY6tCjaFPmk5tv4pK10tObuu1l0vZs+fzXEYmOBpxwVJzrJxXK05JvTm3d72vqurvtZH5cTfs4fEq2KCSziO5wWHmjLKD97nv6/gM4wC/Uvhx4z0y0NvfaBdSBNojnjjYhQowCH74wfc9+9fsKmi+A9Xi+0aX4gg1MDICJKjmPbySjlwSM9VPTAxiuZuvBU2pW8sOm+TMiM7rE8cTSMnYt82OOTjB+8OOcVxRzCcmuek9UrW3+y1pp57X066ny39q5nQaWKwjSaT913fR2SSdn5atd97fjYPD12t0GuUmidcIiSI4ZmyMqoIyMeuDz93GSK9hj8P2VpoPlXMcsayIkkhljAJMnUxnGeD0GTnjIAr7Y8VfCDUtQEUx0H7sm1ZILHdJHIf43VSSRwCRjjGa+YPGVnfafqq6JqqzW32YbfLlgeHzNjYBQOQWUYyAF5OD2wNPbxqWcL7RvFaO7S6XS67Wv5aHv5Tm9OsnaDpzsrxmmtWo23laz7pa7tbnmOheH30+SXUogrWryOoQgMAGXhjFuGc9M7eDgnGBXO6lehZ3aKDyY0kdN7ZDCQtglV4+U9QNwHQDkcekW97a6estxGJJFWRfLimRjGXB5VkwMjPJIPy8nmuV1pIdTknml8i1L/vxGm3a4J+YY67iAAeD3Oe1aUa0m7Ws3oveva9tOZO6utNU3ppc+jo1pVLtNR0vp2TV1fs9fS73scXDBLDdxzTs7gESF94YE4BUnoMA4zn6N0NaEuqvO0hdljyNuVUAMq5PzDHOeD6N696jlQCRVlVjCkYYMvB44Ut64I9jxgc5NVbv7OZFRQ2flIxwuP7yccMRgjvnbkHmuqd467vSTvu/hX2U3ZJvp5tNPXq55ciVt9XZ73tu767PptsugSJFqYYKE3Rrjd8qY2nk5zy2OnG7DAhTgmo7u002K2Bjje6ZFXc74/dPgEkYHrgDg4zjNSWqQmO6AV96xO0aA42kfeLZB5I4JORnAwT0o2jlxIBiOTdkq33CB8uck7ST1GBuOenGKT577pXtez1+z7trKy0bu07ttWuZTpvdq99016Wdn56q7XroWLjVZrUwoiLbq0WzMLZ3KRyWAB+b25Iyfl45yrUTzXIgRkO9mlDNjK5U9TgZxk8d/T+864imaGeVmBEZ+RlO7AYnkpgbVPQDPXp6VjW2ofOyDdydpbIyxAGQDyCpJPGMLggeouL0Sbtezs0r/ZXvK+utt3u7MzjBLdtK+l7p9Oi3/G17a2Ook0q3KOltOtzczKHeMDGx1J37eSCoGTkDsTzzVGCWKximRo2UKwJwSzDA6MxGQCTnAHTKjpiuq+Hegax4v8AEth4f0Kwl1LXNTnW00yzhHzzysB+7PXg5wTk7T0x1qr4/wDCXijwp4g1fw/4m0O60bU9MvGt72yddrpIhIKnscnkYByOMAZqJJTbTkrW13fZ66bp9W7LXzv1SwVsOsTGN435bqDaTST+JK2u6V76qy0OfbUCwJ8wISDsVsDAJIB6j5QCoPf9dtad57lQxLyfIQzKSflJ2gLwOvIx6c8jrm2ULNKYJA+3qeu4KOQpU5xlgC3b+I56Dop7qK3QAIrlItoXGNvAAzjO48c9Mk5PoY5IxfTSz1T8ns/LVNPVLTdHlRvNu9t0tZXvr2e7trtptd7nMSTXFqDCoaNbkMS7Md+3tgq7BB0JVvvEZxwcvN9eGEW7z3BQrsSPeSgGM9MdSO4xxjocmr0hWaJzlTgDJkGCrNtxtzngHC8cD0xmo2CRxqufMk2hflAG0typwTngAgZwOCcGq9nGTUnFLtpbqm1vqnt2tbsjojRSSsl3vo9brR6Wb7XXVt36e9/AT9mP4iftFxeJj4DWzNv4PtVvNekv7hInKyKTBBZRuw+0TzNhUQcsTwRivBfGfh3V/BviHUvCer2s1hqmkXMljqVpPFtkgmibaQ6npjAJ56HkBa/Uz/gnZ8Ok8U6B8SPFFlqnjCy1XwlrXh24m0Xw5PJCmrae8kZuJb8IQHghwcls49MCvE/2+PA+j2v7T+p6T4Thv7P/AIS1dKuNutkib+0L6FFuZXmZVLRvK4ww+XAHTJFdTwqjh4VYJP4bpcvVpWt5qzWt9+x0xw7nRvHV6XSv15brX4rtp2ut7aHwPpkH2vUrCyk+WOe7trR5UQsyLPMkbOFAG5ow5YAf3fcCvrL48/AHwh8MtI0298KeKbrxJdXOnaXLrDXVuIbexur6AytFFIG4lQkhomAYYGVBwDx/wQ+HU1x+0f4C+GuuXFvG/wDwm1ppOsTNiSJUSVJZHjznIAGI2GQBjIPNfp/+2v8As6+H/A3wx+KmraNa6jIh8b6Zfadez3JmtJrKCILeGIEfwOVxt+RMgYIFaUKdOUKjnG8krJO97xSTS/7d6O2l9ma4anDm9lONpt8qun7vLy6ddLelnrvqfkx4i+EQ0DwD4E8e6f4nstfh8WTX1peaTbRj7Xot3Y7Q0N2RwC4f5N7DcORnG2vLZbC3hNxulWXBG6MY3RscjDL0Ge+fqOhr7D+Amg6b8RPhh8YfA+qT3C3fhe0sfH3h61s1LXFzHpk6jUrcEAsEmWT94U47k8ZH13+2T+zb8PtO/Zu+FPxr+H3gqDwSV0TRIPEqeYZ5NdnvIyv9oOeSZQ6uXYgnhRyQCK+rqVJzXLZJWTeid43Wu2zerWjdlqjonhYwnePLytO2sru1trbNu6vt1sfjxKnlCFdikyqVAyV+XjGTyoI5bqclsjA5LEjlzJEc7QQNoOdgx8xzjLbW4I5Oc+mTellQBmbOF/1BCgjAIJ/i5GD0P14xkOS6jAbMZLFSzhgQSAOFGOmPvYHXAGTXHya72TstbXs1HXpa9vu0drnHOMVJxjZr3Wtr2avdp9r6aLfbuyFbWPeWaRmj2lFwcNtGcYGeDnPXkDPJPCrbNcSmSGB3E2AQ2f3YPHvgADGc+x5qi0mMTDJDH7p64zwqr1GPXJB9u+3Z6utlGGZd4IPmq4wO+EXBzkkg5OOeB7xOVlaC0dm9LvmSTfxW6vvfpsjNJO/RWXSz1td66W3Wj1XQz7uNrNFUA7TkDcBlOMkg85DHrj17E8U1uZlUwGQBduSVJ/iG3kDIIC8demTng0t3qkd09xIwwjAmJV+YJgkYPQgf3gRgYyp25NUrNyyEyqW3KVXHykDrwAMHpjpknoRzV0buSu91bRW2aTure9dtJW6JWtq3lViuXd7Xu7Wt3svLulr2V0fVHwz/AGVvi/8AFLwVqHjvwVpC6lpGkSMDG/yXl68al7j7HCw/fqkYZxgseMZyST1v7NX7Mniv9oX4gap4F0vWNN8Nalo1pd6hq0utFbeO1ttPLLeW8W9gJLjEZ2Rg/e+714/WX9lufWtc/Zm8EeG/B+sp4b1PRtI1LULq+t7ArDdQrFI7wzTjaJbiRflwS2OmT2+RP2L9Bi1r46fEqxm1u+h1A6f4gmils2NtdPeefP5hMgIYrKxYsueOuflr6tZRQf1NyqW9ulKSbSjol2WjT6W0dn0aXnUrVKk0rtJ2im3ZrmS2vZu/S1ldaHz/APtJ/s7xfAi98MwaT4oTxboOpW8sl1rUFu0UUF7HKVutOJLZd41DMdoz0wTk19wS/A79ljUvgCda8KeCfEuqa4/gCPWLjxtNdSeRYa5FHvnhlQxhYoTPmNQW+5jHqea/4KK2WmaH8N/gnZ2kN9azW0l8+oNcSB31K6YtvuCORjduDEqQf4sbiW9q0jXLbTf2VfFNzptveNosvw5iS40+CNY7JpJrba9wWA3F1mLFgvO7k+zo5fh4V8ZC8HGnSbhpe7SV2uaOluul79O2c4SdRRur7txjpaKir7LS2jsk9LH4n6dPpELbb2H/AEiMsYfLO+EkSbgXyMNuQAZOM5Axzzr3Wp+E57mHzLCeOVWVpGjkCQO4AwNm0qq8ZYc4xuPHNedWl4riJFjVFBZ0lPzMAXbjBwWbBH0yM4OQY725VM5IkG/cF6Nz0bIwec5IUcg8fLivn501d22v6JK+1rqzW10vQJYeTjdO92027R7PV3T7WsrWsr7n0FpniL4TWLx3mq+FLnV7xIW/dm8AtXl/hLAIcAEKc8DjPWvaNX8D638Vfh5a6r4M8CaNpGnxysdOtrWIf2nem2QtcTPIdm6BQpJbaRkEDg5PwvZPNd3dnHEUje6mhtyjHOFldUHUcArkE4GMDGMk1/RD8GLD4c654Q0nRfIuNM1LwZ4EhhjhsGWO2vNRuLXE0ucKJJGZssMkNz6DPrZZgli+eEm0oq13o29G7Ozu7JKz6J+ZjOjyRU3u3ezvbVR1T8r2SevTu3+B2l2N7cXuvabcwpBdWVvNE0RXmOaBtroR2OQfXGQccnPnl3qccEhhkjZGifZ5kYOTjJPynGBgHkfwg8nFe7ajbtp/xa8Z6dHKzj+2NbU7sEkGSQqHx/EM8D5hzyQTk/PetgDVL6I4Li4kzuwFG1iMZ7HkA8A4/AV5tWn7KrKF3eMrX3uot7WaTtporbLVbHdGhTlQhJtvmaTi7X3V7JatpJN6rQuNeWkyBSDswWRwSAVP3dxxjPoAp7+uau286iIJHvQJhyzMPn+Y7Rx8w/PGPlxniuInUpIJkkyGYZ2k7VXPzZHRhx1wMYOOprpLaZdqxbwcYYcHoMY64JJPI45I6424uK5kmnZ8y5XyqK93k6x5ZbNLXTqmrFrDRcfdikrrpbRcrs7Nbvl6fMv3M10JjKkrhQAVCMy84PzYJ49cY5XBzzzmtq+oIAFuJGw52FpCwTBBBXdxxgdBzk9ckVoX9wF25beQgUAAgjtjjjOMY54PfI4xZXiFoMj5d7YHcknpxgY3Zz3Az0B40hNq9m01a7u3dWjfV2SSdrb2aa0TuueUUm4rVp7PW11BptNabvR3tYZNrN7K7tLPJJhQuST5YU57evIyQoyR26GtHcSLFKZWZpGKkNtJABI2gHjBxnJ9SBg8ZoS5kjKoG3k7tpHAAJxnB6c8tjqeATwasskqPHDvUKV5HOBg8g8gDIwABwSvBxVqW13d3vd68zaSvu/ta389l1zUdHa3R6W3bSV9evzemqS1PQtJhea2lMnlyStIEPJBCsRwdpDAEd+ScYwpr63+ACCHwR8V0t4ZROdPiVSJGztBfBGehGCQw5PIzjAHxRol9NG048zkvH05ZhkgHqPugEnHXPHJ4+zP2e7qdPD3xWgEoRP7KhYbsZGAzEnI4HIBPB5A6jNezlb9pWhFOzd73V9uV2tfpr203XQ56+kZW6Jt33tok/Prfe+l9LI8ak8Z+KNKdTa63qloYSypFFeS4DK5G7BZsluv8QPTJ6jq9K+OfxNsFU2ni/VSsa7mjuJi4OGAJw2QeOnXj7oOK84kvbVJpGuGZpd8qhWVmUqHI6ZyoJxhjzxnJyTVLzoJWkZYgAsROCcEEkZYrxlexAxj8cV9NSpLmfvdXzRi2m0mrNJPrvstOp4br1LvVtO17vdK1k/S10rd73srfqX478dfEDwZ8K/hx4303xE733iTSTdan9pjEkRAVigUEgqpKgHIG7GOua8Ntv2yfiXbRBr220i7KFdxFukZcLtUBgNu4nkjHU9RxivXPjUBL+zJ8F5mjAV/DAdSDkny5JcjgnJIXbhSBzxX53Oj3EMzpgFUTa2RwMkkHkE8c9sDIzwM/O47E4qjipqlWqQikmo8z0Xut210X4apWvqvfUIKlTaipOUFJ3ervZpq191be2nTqfp/8Ff2ifHPxjv9aht9B0WGLw9ppvrwlV/eRoGwhyAqklMAkZOT8uBmqUH7ZXhSO7udP1/wJAZLa5ntpntJkJ3xOYy2xUzyVyvPII4zk15//wAE6LSO+1j4xwvhwvg+eUAleCqytn1xuGWIywJABB5Hw74jZT4g19QBuGuaiqtuIyEupuB1BGcEkHA5I3HBHLUzrFUacZKpzSe/Ooy1SSbWml1ZbdLeR78cow1TAUMRKPvVOZXTf2XFOyu91b7N152P1P079pn4KXrLcXenX9k7Lko1sJYo1JIw4Kc9OApyM88Yrs9H+Jvwq8Wre3GhaTcX1lpyrcajdm1TyLON/lBnRT8qlzgBiARzkZ5/ICRpBaoEkKHYoYBuATtPHByODknJwMkgYA+/f2ObH7d8G/2jryQLKbTSIQPlBCqik5boQQ2D8oHzAEnI4xjxPiEkqlCnJp8qdrbta7u1rX+XfQeC4cwuKxKoKbpvllJaJrSzslZ6uK7Wt2ufTthd/A3WgHXX/DsLzOAizwohD4yytllCgHOQOp6HvS6h8I/hTqrfaYPFPhyN2BeJrWeMBc9PMAlGAS3OemO1fkzb6lOtzHbQsT5sksrZJyWLN0IZW57jOeOMcCrsGq3Y+2xJe3KzW8UjErcSDPJwoG8DB46cdsj71aviSTcF9XpJNq9rrZptNt9bXtul5lLhahJpRqNvm25d3pp5u3a2ulj9Obn4JaPO4isNaW6McYeL+y7yOVWDcqXTzSyg8Z7YBBAIrmrn4H6v5UkMGsyROHbyrZrN555Mc8+UWIBAwCcfN2zwfnLxN4e8SfD/AMJ/DTxNaatrdvH4u0C+1K5mjkuUYywyYijhJyXTozYGAMcHGDlfCj9pr48+D3ul0PxNHfazdzuul6ZeWP8Aal7JGWMYYxvE7cFgoGAdxBz6+ng8wxOZyhRw2GcpzlypLmcre6lotZK+i3bekbq9vNz3K8Dw7y1cwajB0nUcm1BQhyxlzSb0SSaSV7XvfWx9E2H7KPxB8TrPf6/fWvhfwZavvv8AVHtpP7SubaMM8i2dscSTO6jAVTlSR3q3b6P4n8RwzfCj4J+Hdd8A/DlGNr4l8a6haSW+reJ3Q7J5XumCzRW8uCY4VfBB7EKW+2/2fvh9+3p8Z/Dr+K/EyaFpulWyCe1TVtPjtZSszLsmFkyqNqoxZiy8gHAOOIvG+qftOfC/xXq3hc+HtG8TwaSLKVp7LTYltrj7WoYSIqKNx4IYH1APIr6aXDPElGdOjUyzEOdZe0ivZuU5QSi9IW5lZPdW3u7NH5tHxM8P60asqHEGBpU8LU9lXqTr04whUu42cnJRTbi1q7J3erszzj4ffAXw/wCA9EWx0WRElCqb++ncPd303BaRpHAYKST8meQTXp9n4Etrpn8udomRCHEYjTecfMQN/wAwOM89zg46HjpP2jfiXpFxJB4k+AUN+EA+0XNvpjpgHjajJkcjow7HAPSss/tk+DbWaS18SfBLUtFikYie6tvOiK4GSN5ACZHA4A5OCTnPHicBm+CjL2+WYihCN4tzpVI22u9Yqy3u3q977W9/LuKuGMycY4HOMvxTmkowpYilNyd4tcqU9b6d2+qaPcNC8GLpknmRMymXP726WNtuAfuksdpJPHAYgZyB81W9ca30q08y6eOJV8zzb26gXykwAxEWed3HyqvLZ6DOK8osvj18Ndb03TfEbeHvFOleEby8lt49SlvWeOJ4yd0O07dxU428kDgg4wa6GL4v/sx+L3WDUPH13arDKBb2WsITCsykLuYAfNggEk4+nQN4qxUZpR55e0TWjlzWfNFNdGuzunZH0ihdJwUVD+a6d9Ft0++/fzfmuo6bc+MrkyQF7Xw+ZAtxKTsvNXCt92JCA0Nu4OB1GM4LAit6y+H19G3m2FotpCkZW2jaVCIYgoBYJjl8ZfJHJPqct71pWr/BO/MA0f4meE5iqrGqzPHCsaqBgBflVdoK7skY/wB0cdTD4f0a7cx6Z4t8N3y3ZAi8q8hJAPGAvmLtDA/LwT2xg110MRTTUZO0la8mrNOy3bu/efm9bt9TjqUPaOykndaRTTfTVra7662d7vY+Z4tD1dGlhto/tqwgqZGZY41kYc7U2gswIIU5OAPamf8ACJyzlnuUcykFpWa5by4WHQouAGcjHHvgdTn6kT4d6mguEs49LkiQrvuIJo3cZ9UVhy/rg4GSOoAz5/BWoxRk/wBkgbSxWcKWjOANxccklmztxkY78Db1vH0uaMW4qz+FRTvdJ6vVvTTa/occ8FOGqg3LS/u+m7u2tPS/2up8s6w02lW6aZp8CTXdyNhu5JXJt0PBdtx2pwQVGQVA7DNcqumahd2tzBb31zA6RMLnV3eRwzH/AJYWRJxx0LLwBnHHJ938Q+A/EVzeyGfRLu30ktE7NaQu010V5O5yMhCvO0DoWJyMEzjSLhIFtvs09pBbwbUhfTnCR8EfvCVw7Y3HdknI5PJrZ14T5bSTVktXstFZ/PVPR7WW5h9XknZxktktL6K27b03T7Rt5afMsOnaposOYNSS1GGkd/3skt0y8hrgKQWkJORkjB6fd5v2viDxM0RkF5Y3ChflikilDBR2Kt0J/HHc5Oa9yurO1to4WluYmlkJQtLp0h2rnOwjy8bffbk8ZJAxWLMtpO2yO6023HmhGc2mx3GMEAFBgHucn2JAOdVUpK1nFaK+qae1/s2tulqtOty+ScV8LeyTs3ronfVed76JO3mec2PifxrEJLm7isJLMExoyxGaVFHQpHu3Ac5AxxnquObJ8X60yWt1q1tYrYwybordbfZdakA2QkwVsiMj7xbK7emAcV3l3YabpNrcX9/qNjBAykx3E4WMzYBytqpYB5GOERQvUDiuRsvC8ni+SW9uXfS9BMOy2gLq2p3gDkFmXOYUl4I2jIVs1pGrSl7sOz0Tu1dx0ta1tnZfk7PJwnrd2vd3s3a7TsraNt/JJX6O/MXHxY1nVLu5tYtNsYrSB285CxSxtYFY/uYWxtkmI+UP82OBznlYPGV5MEmk8MaQlhG5jjIvAsnlljukwQAXZueeMk7cAjHr1r4Q0K0sI7E2lvHbWp3LC9uGZyeS00g5diDncTtJJHXg5934N0S5VWNnGys4YW6wsmUXkhcEDkAcYHfkYrNtWuo6K2jfvN+69Ve9vTW7be1gSaSSWvTXr7rbaTWjaeyvLZ6Kxwtv4r0G9u3M/h69j8pFVCskckY/2kjwM9Rxjpg8Ywb1xdeFAFuP7PvbMyyBHZ7IPuDA8qFcqTnbtwD1B6AZ3J/A+kqfMi024LgEqsSunlrtGMfMRx1BGDkHIxzWBqfg2CGxN01xqdqwf5bi8nMVvBhQ259+RgA8AcEjC5XgxGcVq4py2j0te3lt0s7tl8s39h77pWf2Ve2z0drXd932aHTfBkkpMU8Ml7JtZlu7EhY4yf8AWuCdqherbs5HHQc6V1YaFHYSW9sbRdPMRa/122QW91OVB3WtntyWU4KMw5GMDk8+VT6TqmrQ3Fpo91cLb7XivdWkl2SakwY7YbXcoZYcAKCDyOSTipo/Bniez0u3MuqSwRQZMVmk6zrvJBww4IBxl92c5GRjkdFJc7TaXK1q10aaTbu76L1v2tdmUpyg+WMG21e1rWXutuWrtvs79LPqX1a3B8yJ0W0QNDplreEyJFHuGZzEFH758ZLt8xJ4IzxYttGGqMZLPSt28yLPqMkrwR7hkSeWrMvIyVXbjG0c5Ga5i10Hx1BK08eyVHTCCaRDHGpPJCkAqcjIXjrWhFeePrSVkvraOe0hDvt8nbEqsM+WrrtGGyoJIJYepOK0UI7WbutHy309219bRbW76bdTBztb3L9tPR729Nmu3ctyeCLEB5ltdQUxMqoVv2zdT56FyxKIDyxwQeDk5OGL4HvruUDyJI7mVQZNuqnyYIRyDnd97GCB94nAPAFVG8d+J/MZx4c0+a0jQR21jbxSPKD8obucbsfMxzyOB6PvviLdaSFbWPBqrql15aWOlQSvmFSfkmuI1BLZOCQ5Gd3zdahJ7LRJ9E027pLVPRaPd7e8+5KlBXfvpu176bJbauyW13bTr2sXXgLUtHBctdeRs3wONWaN7uc8bYwDkKWIHTBB64PPIP4e8Q6aY5tautSFy8rNpOh2+ozNPHK7/u7m6A+SOBMbiGG4jB4zWtqXjrybmOe605b/AMQzRfuLNbhmtdGjGzazwZIEsedyqedwJOMU+x8cvYyyznVbsX9x5gvLm8sVujsZQAkUrHKR4+UbccAYI5FVyzl/K43aupX00stWnZu6u7t/Mm8ZatyWyur6vS1m3orJq7d7uySHWmmeKLVJnuNWnu9TIL3Nw+ryiK3hIyYFGBuAGFPcEY+9gme11vXrWISQXd1HaxkiURa3IGmdTk/K6HAzuIIIz14ySJIviTbbBJNLo86IHUeZpbLLKe5bDc4BA7genWruneOdMnfzLi18NCMBiDIq2/DAAZjwQcdx3HpzmvZSbjGEVzdbtuKScU7WTd9bt+tn0V87upKTS2VtbLSyUW3e/ZvV9W9iLx54tt7g3cV9qTWXKKrauHLNgADDoAyjkEY59eK2j8TPGMRj1CedZbVNkZhuYVuSV9FdXj3BshQME5HHIJrOl1zwjqbNbXsHhy0tyhw1lmWe5cFjGIY1ZQGZmAyDyTzUMttonkwxvcWWn3u7dY6LexNDb21vHjGo37szAgKdyQk7mJGBgmj2aScpxSsrcrUXd3jspJaX21s0ra9KdVtLlm1pfW12018Li22tXo9rO/S3SXfxi8RWUqTxNpDXU0BKaZcW7otqijP2qbDkRNH95c9/fK1kT+Nr/wARzxX139l1DUTNhtWYF7iYhVBtNOiIAhSLJXePlAAweDjJ0XwXN4hu54blrdNJnlZYruzKyalqswXIwhYGKz3AiMA4K85YENXoVh8O9Nt4mhttVuBOWa2NvEEFxEy4AihAb92v8LvuycemDSnyWtGLSa27NW3s1du6ejV7pLpdOdSd43Uur1jbeKSe6u3a9r72a3E0mXR7CY3eo6Nf3c0gO9YJleGJ3xtXk5MpyWc8gZxx2v32q+GJHCXdr4gtAAv+pSOXarHIAVcfNjIGRnOQuPlFcpN4Hv7US2jtqEUpc+VFHcLNIVz/AK9kDgIcnjOR05JGaqP4O1izcr5mo+dLGrxFbtJTgdXkUnKnAy3VRgj1rOlSpzk+dyik0303a3V211fTa1i41ZxS9y2q3XMvestrWXWysu9n7p28uv8AhC1WKK31G+j3bXIudK3soB/jYtkt1OdvfoQc1rfD/wADah8bfFjeCfhddW2q62UF/rWs6pZfYvCvhLR4yWvdW8QatIVtrWC1hR3EUjh5DHsA+Y44rwJ8KvGfxG8SyeHfDesNpljp1udV8YeLtfWOPw/4a0aHLXlxd3kmIfPEKv5NuCTI+BtO41yXxz/aKXVdNX9kD9i+G8s/BmqXSw/Er4kWcRt9c+JOrxuFvrq61NAJ7DwxBKsjRwiURyxjBB3Gvnc6zaVD/ZMCnUrVGoqX/PuyVm7W1V1bt6nqYWjKpL2laKjBNWVrc23bo7+S81pb1b41/tYeFPgZaX37L/7CzXPjH4n+JA+hfFj4+2UZl1bWruQGHUND8DSYY6R4dtnMiPexMvmRAtkZGPnH4f8AwtsPhPNEs0q+N/jLrZe61fxDdOb+Dwabv554op5fME2oBnLXF27li4KjHNdD4A8DaB8D7NvC3g6OHX/ilrcH2fxN4xiQTLpsTqDLa6ZIQwiRclZJRh22lidpzXeRXXhbwXYXWnPf3Oo+JL0efqGowsZcM+DLDI53ZYFsPz93OMHr5+V5NOM1iMTerWm+ZzqWdtmt7ppXa0t2va1ujFYpzj7OCUYLltGKSTVkm3rot7vRvSzstKE8Wm6Gtwlhrmn6hrdypl1bVtTV2mWZxl4beTPyoC2QgxgnCjaao2mlf2sql5NJukV8SSpcvDcSyEHDMxYkqoG0D7p5wMCqbJpE6OGnspZJpC4jePyWXI3L8+3dnGSSe55GcVFa+F9Yu0mNskbwE7xJbX6K2zBKqF4IboSeBjIz1NfY048tNRiuV2imle7+F9Xve3XfRWueBUbqSai1snfRXvy6+9JLmWi9G0r3O7g8L28luRFADNDlPkgEqJjgsH34fA3AZwMcYBwKo39rPZTQyWVqboW6lZJWsnEaMD8wChzlhgEkqCpJAPAri5I/EOlxG3spNUtQ7MLhnnLIcbgQZVwwyAVAAPLY6cG1p+peJk3o08sdquGZjdEFsDliWj+bJ5IzgZXjAzWmmzjK6Ss0r2d4tWd3v1bVldmV7Wju1ro3v7ut7fe/K2uys3erPa3WJLo751PkhPPtVWXnAOVdSm5M7sdsYIFWrTxLqEwxeQW9+YwIykV+kUqgZG7c0SlmPdjnp3B4sWviWdz5U1nLcXIxse4jhnhZVOFHJX5SPpncD61bku9JkT7Vf6VHAAXV2/s8AF8jCjypBwcj5hwBjkEUXlJuySu1rfZpxs29I3Slpqo29NZTTbT0s9Va+vu9dLtX016rokB1CxmgML2uuW8oBfCsl7ChyCVIUqSADjIZT0+lV5tatY4lFveWtzdIcx2oWSxulXrw43gEjjOCoJ7jimfZre/mSXRooreBwY7hkvZLeUqQMlUcEKAeCMHH3c8A1atdAtrJ5llF41yw3w3Uc0Vyqp3DMMc+o4JIPoRVKLk0pO13ZvbolHRK97LyXcpLa+sU1e22lmlfu1bq/wDPY0UNdGDUtVfULO13IyWYA1G2nwSHaZm2sy5OcHkkAdcEdBqE+j4KQy2eyVHf5tNeMqh53sUAJfH3U569jweDudtuyGy1O6LqGM4kcxxKCCDtBUqXGSxUdwO/JpW2u6tY3Age4a9sppFeMidS4fOcFzGdpAxtHvnqTVJct+r0ab+LTla0vaKtppfVWvd2HdNp2aemytbbsu+6W3pc2pPsXlzLY2mmzKyhhOsstrKzE/MArAbWyCQcY+UAEA0+3tblrSQra6iYQgd7mK93mFTknAV8lAFBHHOR7Vp2ni6ySVf7Us4GjVPLEM2nfalkB4+aZAoOcEZwCcj151oNd0PUruVIdNgtLTKK0emo8Uzr6hHcqOhbG4+nIwDjGTV3FuN9OWLd3dq/VRS87abJMFfmS6W0s23q42vrpZ9bO19dTjiYlNvK9/eiGFsebNIxkUg8b8p8ydcgsc4we4rei1PTv3UUVzaTpKSQwsl3gk4bzSzIckHOR93qRwDXVrP4diOFlvpLfYXMV5aRyqCGOyIgEMQR0cHB7421g3l94ekjknj09r2Zv3VrYRWJFxI2MBbVU5VcgAuRkZIBUDJIxbabaV3e91eytfVa2eys0rponmcXeyve2j1e2qtfRd+ZWV7tIguH0ssIbjiLkQyJbg5Y43CQCUgplsdeBzng1Ck+n3BbT9C0qXX7+DINrYWxjO1gQxmuA/lRbOpZ2BUDAzg48x+JPjbwX8OdMtdV8cXEWlv5Z8rwfp1yJfEWoKVJVLphIf7OjPILEsV+6RjOfzh+Jv7avjXVoL3w94FUeBvC93M6G00ltupXUIyA19qK4lkdwRuYMhzkgZHPn4vMsLguaM5qUntGOsteVqLs24u+l1Ztu2tjanQqVdVH3dLSd1vbZ6N+iXqz77+JvxW+HHgGCa48V67Dqt9bJ5kXgfw7fsr2txCxz/auoRlgvluMSwDcT82Cep/L34uftPeMfiPNeWmmRp4Z8Nxbo4NJ0mR4YpowxCSXLh1knlK4DOzYYqSQAM187ap4r1DUrmZ7qVpnuD88jsZJHZjlpJHclmZ+QS2c7gTjPPPSXe+baCcZAG1cKV4ypGcA8jqdxwOp5r5LG5tUxPu0pcqvrZtNLS1+i26Po+56dDDQpJa3kk7vdXaTtbVLt1fW62LN1qd5dx5up5JwobDO5HJGd3OTwOCCeCMdgar+HmkufEGiQ5AMmqWqLk8gNKpzweSMjBOcd1HJFe+ZiHEeCyAMF27flK85wMHGOex5B64M3hFkPi7QWZgyRalbO3qqqynOMjPTrj1615FWpUlF+83LlSdm7vZ2bWrdtOqT2ut94wgmrJavX0vF+Wl/+HPoW3sBp17qSKytLJqM6OGI+YFiuCD0Bzz1GOuMqK0/i5aqPhvocm5Mw37DCjLYCtkA9QOo9OeeMCqMl9A2s6kmN+2+klzgAElmYcluSBwcKM4Jz6O+JF9HefD6xAjP7q8ZiQ3G4g4IHAyOCR2yRzXgxnP6zQvf44rfde7a9rbt6q12r7GitaTVtldddlrt169drPZnypM75SMLtZXGBnqG6Y3YxkbfyznrW/pzyLK4bjEYJZiAoz1GORxkHgnjvxgY8yl5iSCcsgPAwPu8FgBkhunX7p65ye10zRryYpJ9jcxyx5DKR91cDPJ+8R2yeTnjpX0cpKEU72Xu3a0Vna+92ubv0b9GQpOSjZdtU7tXaV0lbe3pd/crXEvyyPEnBCHLA9MYbHXtgHI3Y49p471l5KHaHXJ4I9SdvcYOSSOCdpyeat3lu9nEqNEYwzJsMiDcQRnI+vqeOB+Gfcr5cMoDbV25BxnPGTg9ucH2PcCqpYiSTSk7WezbS0jqrb+u6V+yJsnurO77eT6ave2trK9+jfovg65/tTUntVMEaNA0kbzRqzJ5QLcBjycjkqT6AAfKa1541uLK5uLY2OnSLDMyCSS3UFmjLAEZJ+XaOOcA4JPUVwGkzSRrFLHJNE4DAFGKsVYnIGAd2cjoDkDGAMAVdXkP2knbIWIQlmB6+rc8cnv64IHSmlGVp31dk05PTa+ifre9tEuupE5xULpNNJb8yVnaydk9dXpZq2tz1ax8Xw6oCbzStPTap+dIwjEr90BRxypzwQTjoVWt0a34GdM32n3Ec5UPmJQIwR/CFC9+mMMR2IOc+KROVgj3ZGXzjcRkBuevX1Xhe20dSZprpFXawYKVU9ySADzjAOemPXBIHU1MqOu89LX1lrZK/bX07Xa0Ip1Zcy929kr31bclHW1+urtzO1ldLr6k974W1O/sv7Nt7m1uDfW6l2GEZd67dq5HIUcMMnA/izz+lvirw8mtfC7w9C+4wQzWylyB5hk2Jjj0XggnP029fyZ8IXTDxHoySbSsl/bABuhUvlScLgYYEY/hPu1fsK/iLwRZeA9Dtdb8SafZyG/RTHLMEwFjUFWAAXCngHJ5OM4HEV5ulhqrXNKXKt225aJJ67t+flr1Opr2qs4pX5b62VnytL3fW6Vr2svXw+z8F29koDJ9zOG8scjHAznJHHbbk57jIkuNNFsVAwFKEgbc4B+bI5xggnIA/wCBfdr1m81n4ZTWfnWvjDRvL81/lkvI1JOM4ODkLzgdsc+qjgdV1vwkEcQ+JNInbYxiCXUbLt6Z3g5zg5CkDrzXy8MRVlKLlTkk2vst6O1+y81dJW002eE8NHW3L63T6xa66pJ2e+tu1j4s8dJGvxQ0RLgEoZI+SR03cAjAPcnuQMjmut8faenl6DcjcqvLOkfy43cfIc/mBnBzx1IzwPxBvIrv4m6TNYf6fEpUGW33yxrubbuyoO1BgEN0JAb7pJr33xdoyXvhbw2ySKzQXoDvjBAdRuU9zgkfN9fUVjiqyp4zDO8bzbVvNtbrs1a1+vqj6HLcLOpl+J5ItxpxjJu2jcXBNau1/Pq16teGW1slrLNE8oVpLUuA3TcXJAxxjGOnA6npnH0p8FbpI9U0re8QxdQdAGxkIoxkYYkjnIAzkcDAryDUfDyzXsscbqfJsS5CgAHK5UZB5Yk8HHQrnsT638JdNNhPp820q5voVG8cDnoCcjjrjIz9AMduKqKeEq3sk6b1aslG3/B6dXe+it5+Fgo42h1k6kNlrZSW93pbaybtbRau/wBM/tB6hbW/hy1eaVDuWdQNvzBDESWRRyMdj1B4JBr807aa0OqW9wGfIvoQUYcFWmyx4yOSSSRgZJr78/aZ0+WPQrBi8hRdNuZiV5GTGSCTwByeOhwRnNfnbArJPZkbn3Nbsykgc+avGT09z97oBySpw4bcfqVSUJJrmld3TS2Wz89HbR/No9TiKm/rFOUo2k6cFt0tCztu9WuttL20P218GeIIrfwzoyWgVcaVZM24FhhIowSpwDyB83H1Pp5t8cvihBca74Q0+6t4mt7K0lctg+YXZcZVskjkj2yPrSeGL/Z4b0Tyyse7SbJAN2Qx8pVYjOML789e9eD/ABotprvxf4faIvIPsbA7T6H0+b5Rg4BBPAPqK9Wlh6c5uVRJyjqnto+r06nx1KdRYtwT91aNJaX0dtdPLXv06eu+BdZ0PUo7/wCy3bhruQRm2mAYhiVYYVsk/e9eOegxhnxA021Xwd47ltGhkR/DtwrbFEc6PGp5icEMMfd4wrAdM815V8Hr21j128huVUy280zKoJVQFjYYyAMsDjOcg4wAAML6z4paLU/BfjIxQGLzNB1MqFLfdCyMXAzgtkYXOep47D8y4nl7LMsNGlK0XXpKybV7zp3T3VvJ2Wvkz9H4apxcK91Lm9nPXVWvFbX0Vn2s+3Q+F/g746+KXh+wNz4W8Q+LtOt7ORCv2R7q8sEOdqrcJ86EuCMnHA6ivpST9rLxLKlvpPxN8E+GPHVoMQzy6lpy2WozRsRuPmGNGZj3PzEN9MV8h/CX9oTx38GbWaDw8uk6hpd9O/2uw1ezhu1Zoy6KyeZGdrFcchuvPevbta/a78CfEK0WDx98JNIS7tU2nV9GRLeYyIQS2yIAAkLuG4jHbOK/SqeX069CCmrrki00nCcWlGyumn+KWqaeqZ8zWzTGYbEXo1p257OM7ShJJrmvFpq7b6WT176e/eDZP2Sfir4vaCbT9e+EGqxac7/bLW6e70hZGBDKIcbfLGSx+fOwfdxyPs+L/gm9rmteHdN8R/CH41/D/wCJllqcAmtLF7yK1v1kZdy2rRqxYTAADDBdzDGfT8cNP8afDm/v9Vv/AA1Y3sFmlkpjtrxi00cznMmJFUblU8KCcKOmVJB/QH4B/HTwt8KNL0TxB4I8b3mi+I4ybvUdCu9PmvrDUWXAFsC0myNVB4MYU5ByQ3I+UzvBZlQhKWX13KVP4addKcW7r3VJtTV9tG+p9rw5nWVVJulm+Gp8k1b21J+znF+672Ss7WenM/IqeP8A9kr9o34eXF0/iP4XeK2sbMMz32nWEl/pzDcMsktv5rbD1Hy5IxxkYr5O+IOg3Wl+ILD7fZX2lzSWAaRb2yuYSjqgDpIZIkKnIIIJ4Pbrj9kJf+CuGjXGjnTfEEPinQvEltdRyS6toGJNHvbaFgXhutJnjm/1wU5w5JB2kMRhvlv47/8ABQ2x+Kvj661DTfh74G8W+BR4fsIXi1Xw7DpusreLEI7th5SBkkkYli+BlsMcEgV5+S43OHUUMxwPsmoOTq037jvZWs3o111e57eZYDhqpRlWwGZxblOKVOcWpR5km7OSeidlrLr1R8FeGIrWKCUi5tpFkfcEnwGbaT8oy3yjjgceuO1enRabp2oiP7TDEiBN25UDQE9j35IPA7k8A5GO6s/id+yf4phWHxb8Pdd8FXc5KSXfhq5aW1jLkfvGiCggKSMAdsdQa6e0+Ffwa8Thf+FZfHnSrOebIttF8WqbOZRhdkTXEhKhgeC+wc44HOfarOUpJxlKMpKLu09Hdbvm1dredn5HiUcNThCKTo17NJ2lFNt8qTab890+6sunwh8Yfh/INS1rVNPtVks7Sx08vJBgMvm7gMr1I+Vtuc8jANfOL6PcssUYRf3vC70wzKcgYbrkcnPGB69v0q+JPwE+PGmXOrw6RpGmeOdGu9Psz/afhu/i1SN0ty2SESTLMwY/IFyCRg4wK+Ttb8Ia/o08cHiDwvq2i3USndHc2M9vh1AyCGQrgkEDJOOcYGWP0eWzk6KjKSk1HbmTatbRtPd7tPytumfG59hKlPEqpRoTjGVr8sPdTTitHG9vW2i1Tep5XoWg3sUhS0hlkuYW8xBCrIW+XJLNG6jgjhuST24AHXnxH8TvDWm3up6Pr2v6LLbhZQRfShAFYlfLiYnsGGd3BOGGSa7rwbAljfSSzSrG00ZKq4WXcwIARuflzgg8Y9ARitX4n3cepeFL0QxRwNFDsCqgR5OBkkAfcXAwcgMcnnhqirClWrWcIThdXTjBraK63W2nXyXR+bQxOIoqKjKvTkmruLa1Vkm3eO3W+np1t+A/24/jp4atYTPqdvrlpHHGG/tCPdO4Tht7j7pPAJ54zz8wNfVfhL/gpNcyC2PirwaqhFXzrmynLBuSpIjCnsBg7gRjIJFfltoenPcWzRy5REiClkVisnJyTzxjjk8Z6YFd9Y+HRLbxlVVoGUq6qu0kLkcc8En5snGW9wc82JyfLaqV6EYt2V6a5Xd2TlaNtdL26Xtez09rD8RZxhknTxdSSVr8zut1y6Pbbq7aXep+zPh79u74Ma9Mhvbm70WZtrH7ZCyRZwBh3wflUA+g+mcV7tofx4+E3iaRX0rxnorTTqhWA3yRFtxwoIkwCwcnjnjqMbSf575vDCiSVV3hMY+ZAwUdcZwCODjP+zjO4NXGeKdNutMSwltrua1l+3RKGgeSDjsR5bLgAc9CCQTxXkVuFMFVd6dadNpqSV4uyVl3T9Fr992e3hePMypvlxNKlXi7XuuWTa5dXe6v207aK9z+qD7doWtW6FLnRtTjwpdGFrNuGckKwO5mIA6HBI49a5zUPBXga/mMsmhWtu69HsZZbWUuABuUKdpIPIAON2SDkkV/PloHi34ieHo420fxjrkB8iOQot7KUB2qyr8xPBxkepPcZFes+HP2ofjf4dZN+uf2l5WSq3yeaGGM7csPm+UgZ3ZPBIIrzZ8OYqjJexxHtIpp6tpWVtLJPtbe66now48wMm418E4Npax1Ts1q1ZabbS2T62P2Z/4QKyRC+i+I/EulIyyBknkN7bhvmO3y5FDhQcDAPQ8H15NfCfj2O7RrLU/DviKC1ZnZb+3XTblwzYEZZt4JBwhBUnk8DBr87/DX/BQHxrp+oWtt4m8LwXizqqNLay+QSDtOdu0guQO+ASQSMV9F6b+3v8Ibg2sPiWz1LRbieVEZzHvRSAF/euhDYzknkZHH0l08zoVOV05VErWs1JacvbW2t9uby0PUw2cZFj4qTrKg3Z2n7q2joubTTs+nlv7zqVneyRXC+K/hEL+3mdo3uNNEWpIqKDmUIqRkqBzgYOOCDzjztvA37PepSLFc+HG8MXsm8PBqujXFmEYkruSdQ4QMfmz0UEcZIx6r4S/aW+CviOfy9M8caeibQY7d7jy33soK5MjYGdwyCMcgYzwfX7Dxl4S11mjbUdA1K2aLYCY7G68zKnO9+HAIOOCMAkZHBrFZrjMNN+0hVhrZNOad207a9H0stNW9W7dzy3K8bZQrYaqna9+RvRpJ3euuyVn89T44k/Zd+F/iSGf/AIRnxE9rdrvcDTdWjnhkYrgbIZmiYY6lRz1GOOfMPFf7IXi600O+TSPFcl6WtZIorS+s2RpBIpwBPG0g2ADJZee3I21+g+o/D34a64Ip/wDhHNNV9w/0vS5JbKWNj95l8iRVJz0OCM1Q1H4af2VDLL4V8feMNBijtQ32a5mTUrPLYOBDKpwmcAfPyvG7njrw/EFRSvOcu/vL/C07pp23Tve9r9EjzcRwjhqjThSirbcj7crTsmrK33LtufjE37PvxW0TTYNPu9DluUt1llS70sOxcEkbTlY+cEnBz2JzVTRvCOp6ZBJb38NzBeguvk3NrLHJgHG1pXUA888EkYbbX7UaZpHxut9OVoL/AMF+NNLY/JDqemLp16ec5FwoYKwyQXOfmOW4BAwfEMkkgZfG3wdlk8hRDPd6UItahx2ZEjSJwOAwwQRxzg4r0v7ZpVWnUUHJpfDNN68uqTta173u076+XhV+EalP4PaxWraaTW6e61um3Zuzt3Px3u/D180y5tVysPyeU65yQMYAIwT0bduBPHOc1Fb2+s6VLFK27ZkARyEnoR94BcYOQDnoR1wMn9Mr3wL8Dddunx9p8NXjJuWO+WfSQpGcgxMjjIOR94A4HTGa5e6/Z80/UAs/h3xVpWoQLlY7W5MDfMxbGJndG28gbtvQA46VrTxeCrQlzQV2rax0aVrptLS/d20t3Z5VXh/MaXvUpKfK9LNp20Wt7bdXrbQ8U8A/ERIdD1iyePyJv7Ku4sKu1GIhYcliAScnJPc89Aa/F3xdI0vjzWJyBmW9mckg4YmeTuQOeBkjvgD0r9svH3wW8ceEtF1nUl0yxvIYNPmEz6TdrI7CRCIlSONmAY5ORkkjcSMYz+RGpfCz4g3Gt3WoyeFNTEcpkLDymYq3mMQGK8dDk556cjpX03BmWUaGKxeIw0bxrODe3RqWj06dfP1Z8/xDVxlbD06GITU6MXGK73aT0+V9r3v6k3hy82RMZNvJKkEBjgnGRu4BAPOTk9SetXtSbzon+Y7AwGSBnjuAOig8DIAIOckAkNsfBfi6xjRbjQNSRyQxRoXBA6buRz14OernpxS3Gla3HGySaRqEXzYybeXBwTzgAj1J7HJx0zX6pyx5LOS1SvrrtHZ69bbvdX16fltTC4mEm/Zyab+Kzd9VZrR9+trW6HmniWILZ/KPm8zk8gHtu9P94dBnqOMecPGVfy85ySwIGT2z6fgcdxwDzXtmv6Tf3NkY2s7xXDgZNpNkHAGWxHyRkc9+Dg9/N7rQ72EktBPlSBuNtKMg55Y7B2PXAyQeccV5dbCc0r870V35fC1a9uqvpqtV3PQw8qtOkueD0aa6e7ZbprZ+is737Pi5wq5Rl3F0Y5J+bAB9eAB0bIx2784OnhTFIr4wJXIwucEMxxtHQ/xEnrj1NdffWcyqWeNg37xSWVwcBTnAK8jPU4OM59c8rplmzhw6sMytk/Nxjdt5xg5OMgnJ/OvO9k1iIRTtzJpc2miUUurto907+iaR6+HnUnhJSsviTVrJOL0tZqyVt9fLdj54WDqQgbC5AB7ckcc89sdgvPeo0i2k5TYTg4ABPGMfTvnjGT7E1vSQLtDMu1gMKM4BAAyTkDOc4wOQcZ7mmywB9o27SVUcsMHnB3Z9cgHH1PQZ1dNytto7X87rfW1r2fXbyuxV5qNlsl0ettGld223erS0S6IwmXGV7OM8joxOeRzjByR2weuMmqkwcptJ2krywUghVOcAHpkDnk9SCQK22iKlGIAwCG+Zc9xyBjI59+h6jqXUAjsvM6SNgZAJKksBjg/KMEgA9zgZAqXScbNKTd7WTflrrzLSzfRbrpYVDEOUkvhd0t1Zv3dWtNUrvRNeeitzrYk2N84K5ywOMA55wF5Oeu7ocnnlS5GSNlbcvyk5DjIJ5AOec9OFOM5x9IpmmaRQq42LhsAls/xdB2IJPPzZ+8QeKIjk3MWbDKxAG3jIGcemT07dcZJyK5Jws72baVnd2erjvZdfRvr0d/RalbScb30vZK2lo2fk766q9nzJ3NtpLSVVcoA4f5uABjJ5C5yT0PUduOmElt7aQ7osMNgJAIGMnPQfdOe/qWznIzgsrlgSMcsD8xBO7BzgdecZIz3xnPM0YnR8Rpww28gkEDIPoQS2fU46g845JKLajblej5pWs7WtZapN6a9ElumEZcru58qioq2/vKy1632VrJ66pWd1mtlW9hPAjZclAQQx+6pwRhTjII5HBq5I2wMWjddowQDyecAg4Bzgfd6Eck+k9vb4u7bzRkiIsAgBw3JGckcgkY4PJIHTNaF7AHRcLjao3MBliM9lXkkkKen55q6MIpSS2ctt9fdvtfa/RaW8zStWcVFuSd4p2d7bXTSsk9+q195LoZUMrJ8ybyByCD2BweoHPPJGR0we9XU1GZX3rJcLtPG1jjHPXHT3+nr0jWAKpOGYEY5U/MRj33YHt1wpyMcyGEyJkKFwoJCrx7ZJyOecgg/UYroVGDadtfJPy0Sb7ra1tOlzB4x3SitU00nLqmle1k1ZdbPTRbWJG1u+XmO5uhuYMCLiVTxwB8pHoO2Op9asReItahZJIdV1KMsc4F5Mm0jkkAMDuGOO/UcDOc9rYgKPmCkbTu5GBkgD29xx65wxALcoDJwcgkAnhlBzyNwAIwSOOoz9Zlh4SvZ21WjXVJJPTsl2vtoXHGTbTnJLazTaa2W2u297LS7vrY7Ox8UeN8SPa+KNVjH8P+nThm54IBbIJ9RnJGDjLEa1t8SfiLbGRYfF+so44Ob6QggcADJYDHUkEAkt0xXn8byJGpJLFQxUdBgYyABwPvcgjJY9DzhBcSFmyMHBOcA4LZzgk4bKngnPIIBzuNCwsP5tHo/ed+lk01rrq3drTu7rT625W/e3eyTS00i+/lvfTazd2eq2vxp+LVqHEPjTVAyAgM9zI/yjOM8nOAfc5qK4/aF+MNtdQSt4vvJ2UDasjl0JydhbJJbBBGeBgnnpny+OV5NgDA88sAWIJOQCwxk98g8HH4UNSRmngIYfKvDDnGeCCOnTn04555Odem6aXJJ7xXutd4qzdt7bb6vpdodHE1Jza5r72t00Vr6vS97taW+4+kbX9r/452MaKNaidVAB8yJznaMAjLEYOT3OAR1xXTWP7dPxqswIml0uZVAyZbZSSTyc7gTzwepyeuTivkyK8IjZHUSbRgKV3cA8EH0J5yOR0PpSRXMasWeJSzFTt24TAJyMA5GRnPTHQjislGok25yWtrtavVejskm30fS9tdnianNZXvo1dXWllv6u700+4+5LH/goF8SbdVjvvDuhXu4hnZraLLdMjlcg57E4HUZ6V08X/BQLVJYlXUfh9o0+T+8EcUChwvZVMZI47ggNwec5H5/fa7VlOY8sx6bBxyeCfxIHTt1JyEE1qEUgjODuDgMSRuJC5PDHGATgjkhfXRRqKKjGra1opJJX21Ttre9rtXaTelrKfrkoP3krON2rLS9t9Olr72au9WfotF+3f4RumMWqfCjT5YtoU4ht3YA5yQTDySSRySARkg7auR/tg/Aa9eQar8JNPCyDapl0+J2UkkEhlRSwPTvjjAzwfzY8yB5CcEJt6hQMH1BGCAOOnOeTg8B5SANhjuXJ5IBYHnGOf73YnABxk9adqqjZ1E7ptvdrlSdne6V90rX13SCWL+H3Ya9ktdtLW2dlZvy7M/SlP2gv2RdU2LqXwxtrVsnzPL01WX5uoBUkgjJxnnngg1bi8f8A7Cernde+GZdOYnASKwKqpDdWIYnIx3HbgkgCvy+MaCQEcKTjBxuGO4JJzwAcc4A+9ipPIRXwFGw4wSRkEDBJBGCCQG68fd96z/eve3pyu2ys+vVar1BY2PWC3tZtapcrstL6Pff7j9PNRsP2DNXgzbX1xYPuDFQrREljy2MdOfmHfOM4NZ8fws/Ys1M7ovGkMLSDdCGnKEHJAD/KPvZzt465GQK/NRbWNi42DKxnIXbyOSOSACcH+71yMZ5ML265B4TcNyncFYcc/Tn1z94H6W/aNXtror6Ld6aNPutetlp21+tQnHWKs9bJK9tNdrvpZry1ufp/bfs3fss6q5Nl4+s4kIIQpqKMzchcEMPlzlSd3YfQVJL+xl8CrpXey+JcULNjylFzbyZ4OMMCSM8ccemcha/MC382PBE8isMkMs8iDk8EbWByQflI4OPY1pxXupxBdmpXiEE423k4J44IPmfyAyegA5Yi6yt+7TS6yV7pWs27KyW/Z6+ZLqYfflXm+V305dX5fdqu7ufo+n7Avgi8k26f8Urf5k3IriBjlgCOPPycjaDj1OADuzhah/wTunEayaf8RdKmDOwBkWFMAZXLHzTz06Ae3QivgyHxD4pgYNDruqoxUqAl/OGxyc5EnCkA4z0yPXB2Y/H/AMQbQRmLxbrseR0bUZeAw+6oLAgjphsHp6cDqS+3Qi7Wvor9N17u9nrv+JKnh5K8ZSVkr2s7Oyb6u77W9bbH1dc/8E9/Gsau9p4p0K5Abap86L94SMZB5wOTjnH8XPNY8/8AwT++LsUZktptKuFQ8bbpPmwBtIAJOTwOD396+fbT40fFTT8Lb+NdYQpyga6d8ZI5OSD1AGeSBnofvdBaftK/Gi0UBfGd3Iq8gSu5AAyeORgn73pgd8YFQq0tE6CV9JJpq6uru99tdU0mrK9klYvSf/L2d90+zTVl301sntqlY725/YX+OVsjMmiW9wqk8R3CHcTkccj5s+hJ7e1cpf8A7InxusEkMvhC8YRseIxuBByQoALEk8gHHbkZOK1LT9rn45QJt/4SRpEDBh5isRnj/aA4wOCOOPfPZaX+2d8aYVkk/tGzunPO+WFmGR1PzcA7sjI57ZPIqnLDNfwJptLbZX5btW17dfQV6cUoyxFr6vmtu0rOysm/VX01voeDX3wB+KuipO2o+DdXtYzH9+S1faSccZAHGD2YY6965/Tvhv4zs5Ynn8P6hEocsXFtKW/dnJKnbwQAMjHcHPXH0xqP7b/xO1BIodYtdMvEWVSUSGNFbacBWwpyCexOcHB5rptO/bk1WJFjvvAOgzrGu3KRxKxxkB/uEZ75znt1wwVJ4fm5vZzTjpZtNt+67pNO2nRrXXps/ZXj7uIhaVrNxaV7RvovdSW+1rHx34p8HeIJL97lNC1EIY1z/okxO4cHd8h6+o+bnoeK4V/D+rRf63S72Mk5ObecfhzH14xnngfjX6Rf8NseHrqNUvvhnpyuQFaW3jgy2c43L5ZB+n94445oT9rD4Tzrt1D4fRoS5ZpDZQvg9iBsB69OpPcgCtf9lk3zXi29G1FaNLfprq3q+um5jCFZLljUpSSst2l013V3rrqu1mfmk2mXiD5ra4U527TBLxgj5sbOuMDPHQ5J6q37KUYOyyKFYqMxuOeSQxIH9046HjA9/wBMo/2jP2f7yRPt3g21jXJLD+zI+cjI5CheB1AY5PAOaG+LX7LGolTN4YtIC0nIOnhUHIGTkAA4OSc5Ug8HgmGsK3J+0UdVZcib+zZ3urfJ26rqXyV01bkkrX1naztHRdPmrdbdT8ySmSCQB6/ePAPXbg89R05UkHtUghyNykLjr8yknO3p2xnBPOC2c54r9NE1P9jy/lLG0SA4xtVShye4XcWKAkd+Oc8jixB4a/Y71EN/xM4rTIwFaXByTu4IGAOg57cdqunhMPUv/tFNLW7ava6V15b6q9lv5BOdeCSVO8tfhlF3+F39LrfV3d27to/MQ221QwIUgAgZXgE7TnsTxkDH3s9csajNs5ZiQxUjJPA5ycEAAD3IBY9/Sv1H/wCFR/sp6jCfs3ii2hwSBnUFVyOxAA3EAfeHU5GFzTZf2bf2eL4oNO8fWiblUlXvoyoLdTnK4XJzjtgsOaf1ClK7jXgktVa/vJuO2i0fktXd9Xde2rqKTpPpu1e/u6atXt0e1tXeyPzDS3KpEzZBjJZlKncFJwASAAc/0I5p5spy+TEwVsSLhTgg4IUAE5A3dRz265r9Mbj9k74WXNux034iaesrxlUQ3UJQNkhSSZFJUdc8cnrkcxWX7Imh3iwmDx/pcgiBiYmWHk5yON3A44I4PXPFVHLafNriI20a1aeqi9LLp+N9Lamft675UqTTd072Ts2mvJpp+T01XRfmcLOZ0kwuVB27sEAHrnB65Iz+H5sEEy7cRklTgkDpu3Y9MjbnuTx25Nfp0f2NJDMIrPxZo0wfLsPMhIOGyuCWyxPUd+OeMYzr/wDYk8SXBRbPX9GdyzEhJYkJGQPXnk5yQeMDdjBD+oUuW7rLmtfzfwrdStaTbfS97NNpkqvXWjpS0fZWT0V9ui0jZNro9Wfmh85blSAjYxwmcDke2chiD7jHTcjOzZUbj8wwAOAxzjBHHGMfkO9foFefsK+P5HJg1LS3CyYGyZfmLDIyowDgHqOcnGfXBm/YW+KyNIbVLS5Ckg7JU+Ytn7oJC9MYGOh545rn+pyW1RNbKzWkdLX3s9Neuhspt2bi1Lf4Wnra+yv207vfW58PzttlDqQcICcryAMZwCeMH7oAIPXPFMSZ+ucDfkgjHQkk9jnr7Dp23V9mXf7FPxet3K/2R5hAGGRw5OQeHUbsYIztPqc9BXNT/si/Fu3kcP4cuJEjYEmMFhnnoAOpPJJAX0x1rJ4etFpxcWr62ktVZLS2l7dGrWW6uUpLl96MkrNc3K7/AGW9badVa+zfdt/NBuy0u5j8u0KgPJBGc55GR27e1XrSZvNzuAVQWCk5BzjOQf546DAbg17tf/sv/FO3ZynhjUJdqjjySjKCfm2g/fAye/0+brhyfs//ABWtWw3g7WMlR8/kEg4OCBt6YJ45J6n3OsaddX91tW6WSTervrtqvw7IyaUre84rttfZ779bdrPQ8tju2WfIkfa8q/KjBeh7g8hupPQYA9zVgXTLqLytMyIRhjGSrcDBO4HJ7Y7AcDggjuJvg58R7dlZ/B+thVc7nW0lwh43bmK9yMH5R2wMrkZ9v4E8UfbbiG60PULaVFI3TWsqxBuP9YwQ5KjheCT9Bmmo12lpJO6et9LNdnp+HV3sTGlTd/dTUo63S7Le99dE7Pr52P7C5vG2v3Q8u28PXUbyH7+HA57FTkdPwGMk81xd9aeL9QukmTQZVkYsvnEkSBSCCuccg5wM46DgYr6Zk1fSoiEaWzQjA2gIcZJ2g45IHIBwR6nkVBJ4i0hGVUkj6nBiXK4HBZgMYHUEk/KOG4BFf0klaNuS1uV3s9FaLs//AEnddNOh+J1qVKe9dbp2v2cdUr6a7W01Xc+Vr/wB4y1J4zFpMdldRkGO5V9obgf61Bt3ZIBJAAyBnuF5DVk8b+G5/smswyxDaBFKobyXY9xIOBnrjkDvg9PsyTxHaF2AEtwMHG1SuCDkAdeTzz29QK5DxQLTxJYNZXNmHwCY2kILQnna2cA5AyeTkYORzQk3rKL5XooprRLlu7a3bT3830veJONOlyxnzSWz5tbtRSv/AJdF00seJeGtE1vxM8DS3wjacMp3ORsTAOSu7njGOm4jGe1ez2HwVZ40e71MtvIJy5JdQc5O5ucDO1enQ8kV5Hax3fhLVLQTTTNBGwKbRlRGSPlyC2AM85OMnueD71aeObeZUjVt21RkO2GVWA4OCOcnIGM8EdSaToOVuW92111btFvZNy16bX89DXB46hGXLVd2koq28vh0sk9nq9r/AJWY/gv4djVfOutwOSSGA54JGOp4yOn8PrmtaD4Y+ErVFUSSTlQBsU5LKByDkHORjuMADHHFZjeK1Yucx7M8fP8AMccEZBzlgem054681SfxKzKWjkdmZcAA/wB3I4BC4yRwTlcepIBmVBpXkt0vNqzWltG7apLrftv6U8dhIL3Ypyavq+unp31bUtdElc9AtvCnhGyhUxabFJwwIm2bjxjIB9eMH1IboauwQ6BbK6W9jaRqibiVjjJG5mOTxljn1xnJzng14/L4rnAA8wsynAR3JySfRe4GOnvweBWRdeKbkF0XK7iF+9gZyATjOdvOee+ASehcMNHo3zO26tpaN7KPVWa1t0vpe/n1M7oRfLyLdbpLVdvO3Xd+TWnuUuqWEKiGBYxzuJEUaj3IIxjnGMD0z0zVKbW41aQRsoJzwdvAwMnjJB4zxwOT1wa8FuNb1BtwEkihSCC0gGSvGBwMnODuzgAZO4FiaL6xfly0kjoWAG4yAZyucBRgnbgY7EjIGK0jh4JXlJtJpWvo7WTW+nw6qS9WldLjlnjcnyQUtVrbVt8ujaVrWSdundPRe6T68flCMH5BOQCQMHkkH5mwDgduDgkHGXc68hMiPMpYhWCtgcjAGBkHJ3dMhiCQORk+KS6nchi8k75wAFVsnphsgZOBnA/3eM/NVOXUUZsvPIXOBguEJXHoOpHZcnOcHAJquWGtmrWS1aXRW7Oy0trZdHa5yyzapJ6Qabd29VbSN9dLX363d1uj2STXMq58+PJOduQSq9Dg9eSASecnBye+Y3iAKcGQPhCAxPzFufl5BBPX8QAAOSfLBqtvEcJuY9Tv3EkDleSeO+AScMOBnrTm8QooYIFBJGDjJVQDw2TgHnOCPYdjTSppp2WqTT2193S/fo9d7X8uWWOrytJuS0Tst7aNpvRba7q99PP02TxKpI/esCpbkkkE8/KcgcDByOc4K9MVlP4glmO5N5OOqkrnrjn3ONq9wQTjGK84bX48DMsKruAEnAJJ7EngqQOTnBzjPNRnxRECyCeM7cnKqBjgYIOccDBwSOuOT0E6aluknyuKutfheyu35XfW1lq3m8TOo4vmk10V7NbW3b7NaL5nb3GsXgbJgdyQT8x/hB9OBg8ZA75OOuObutQ1B43YRqocueSCuT1yDnaBnjC9QTkYrlpvFkQcETs/B+Y/MVYjgbcggAjaMqec9erZL+KI2fc0hwFde+1iMjdgYBOD0x1xzkChVYRTSkm7vdpW0inZ+ieqtd7JvQzcakqijeTVtLeairOz6WWnW/yDVrK/iM+oWTtFcIF8yOI7VkAwWIAOCSM9j1wRkgVt+GvFsl3bql3NLHOMBk3bT8hwBnJxkAZA79ffz3UPFGEYxR7g+QXbIAbBzjAyw7jqTzk964tNZlNz9pjAicRMPLB3LKoIJ4VlG4k/eOCfc8jzJYuEJvna5XF3s3ZPmilZ3V002m973t570MJUnN8sZqVrySUmt7at913t959gW+uwqd0t1IrbQrHOVKHrtOT0I5Of9oEdrP8Ab8CoW8zKhi3OSSD1wfQjJ74HXivlK38Zy3HloQ8JWM7wzFtwHA+YkkEkZ55xjPPTSi8Uvv2zyRohOd8lwoTI2lSpLDBJ7McAY9qylmOHjC8pwi9LPmS0913vdK993be731XSsDj6lR2pVWlbRQm97WSXZrR6av7j6Sl1+0Jyz7C5B+VhgqQcA7ud3HJ6ngeuaI8XwtuVIgw3YLrwwAIzweoIGcevYkEV86XHjPS7dYxeaxp8AYs283cZIwOBjf07leARwTkCsG9+LPgbT0dbrxRp0ToqFhDOrMyAjg4OBx2UZz94dc8ks+wdNNvE0Yu1knJLSKikvia10vpbfc9Gjw7mtdxUMJiGna6UJaXstNF26d9WfUB8YqgJWUIytwGUoAB3yCcDHY5PGc8tVA+Mg0xCToSM/dJ5bjoCRwVOeQBzxxXxvqX7TPwnsI3STXftcgOf3C+Y3AwAPmxuBPVhg/MflGceban+2P8AD3T2cW1lfXb/ADbHyEDDO0E5woOMDH8Iyf7xrhnxbl1LmcsVTko7Lmu76dm7Lpta+h30+Cs6rS0w8oppfFo7e60vxe6et32Z+g0nioM6mRmd2PO3K5A6DPJ5Jxjoc4z/AHYR4ldnWJULZLscZLgY9+o4IUMPb+I1+Yeoft0aPAn/ABLdCWRl3Lvkuk3LluFGVzgZAxjtznqeC1n9urXWUvp9lZ2r4CRt/rWBOOPl9d3Xpnkg8E+ZW8QMtpNWqucrJJQi3dq1tXo/k7vVaaHqYbw6x00va+zppPXmlrZcv3pLZb7LfQ/XttdusBo1WMNtxvJUgrjJGTwCVwwPB9xWfNrk6CRpLmBMt1kmQspBbOCT0JwDhee+STj8T9S/a9+JOrRM8FyAwLcrHIqqpPYgggAEk8DIPTpjkr347/FPWysg1KVTjGYZnTgjDHBI5bkLjsRjd28LEeJFH3lSpVJ36vTV8vSL111d72e1tD3cL4eUqbXtK6eztHXR8q3s9n0V39x+4Nz4os4t7za5bKoxkmePaCFBJ5YEkfMB2+oIA5O8+KnguxM63vie1XDAsv2lSQfoMkDIyMZBOdvUV+HV/wCMPiHfyNJPrV0FYlnSW+cDJOCWVCq5A25xgkggkqahsIfFevX0VpHrrNK65eJHZtwXqMlmZsZzndjp2OK8Kt4h4ucmqeHjzPVJyd9Guj3669/kn71LgTLaduerOXV7JacrdtL67pNN3e2zP2dvP2hPhjpYkWbxLa3LDDgIwYgbcBV2txgcAY5XAGQM1w+o/tZ/DewZnt5bu9XJZ08ltoYKT8nJULgdMMd2cDrX5Lapod3YSPHca4ZXEhR1TdlHHHO7JDKTzx16jtWdbaK9wwV7y/dJJAoKhijNzg5Xgg9xjnJz0FeRiOOc3qJqMI076bO6vy2tre/W9uvRHqYThHIaThzxc2pbt3vdrbfRPR6aaJJXP061P9trSAX/ALJ0CV/LBWOXfsG1s8OD17ZA9hwVBrzjVP21vEt6ZItP0aG2GPLDNMm8+hJx1U98dOuM8fMnh/4JeJNTt4rlbSWG0muoYbe5up/JSZppAgTLn5RlgSW4wMnIr738T/8ABID9q7wt4a8NeOZ/CFhqvhjxTpdvq+lT6Fr1pfypY3KIyS3ccbl4SFcAqR98gEDivkMw48xuHqU4YnHPD+1a5L8yTbt1stW2rJtXT0ufZ4Lg7K50ufD4KNaKs2lvbRqylulb8U32Plm//aq+I14zxefZwowK7g2WwPmChg5z3GenDdK4LUPj78Rbx2jPiCaGOUn5Irk7dpznCgbiRnBXdxzyAa6Xx7+zrqXwz1SWy8X6FqmmSRsLdheHaz3DA7iAGJZd3CnHIJIJwpPmY8I6JCfMt4WeaMSOVkLEEg/LkMeAueeQM8j5hw45jmWKh7T69VlGV5JqbSd1G+3lfS/e1zZYLA0W4LB04Sj7r9yHMneN7tJ6aPbS121uyZ/G/wAUdfMgtdR8QajFISAYDMkZYcAb+ASAFIIJOMZzWvB4G+L/AIgiQpY6uyyIDK91czDAbGNpZgAeucjB4AwK+qPAKNpnw68OeXBaQeZqE5mvPKiMsqgk+WeN7BSMKenTaAMmvV9PuZP7MvruKYtJNEQImU7FDggGPAAABxjHQ8kAYxhJYiT5p1aku7lOV2rJpK8n+FtL6vp3YfD0r6QUY8qbSSTT0b6Lt08tdD4Y0v4C/EO8keDUbuxslPLvc3RYxqBwCxZgz4IHBXJ4BHbrNL/Z70+3kZfEnjSOKON1M0Wnxecdmcuqtk5bnIIxg5yDwa92ubq5dhDMSwyVldd5kAJ+bktnsu3J/HHTHuFWEziAu5YEsGXcQF55PY8+5yOvNKOF543nO73673j6NvR3a0+4iOIhRq2jGNrqzet9rq2l/VXas9VueYfFn4GeB/Ao8O32iajqWtWetae100t5mF1k2gkAEAnnPUAgZGcCvMLXw/pCBBBplq7gr80vztySBuyRyQD0AJ644BH1H8eJfM8JfDa6WIqxtbmI8NgmMA564Of7o4BByeePmqCXy8tGVLMyl+Dk47cntz3PvyOCOFUNJyUl66tO2r67X1dmvxWssT7/ADJJKylpvq1d6t22Str28zSjsEiz5EdpCWO3alugIHBzkg5APr0PckE019OiLh2llWTeVOwKqt/d5VeDnHGQCGz14qOS6xtVVRn3EMVY7yfRR7kkd8kjPOcI7tMVVVIZTllCkEZP3s5IGcknBwDnnuRxoRd7RVtOW6Ss+W7bvppZvTS9vMaxjk7RhN9bJO+tvJ3d9NdbJK7WhN9lsbVHzHJLIcI25idxJPAAYKwBOMHPHU5GWu6fJapdx4hjiDtChDJuUgsOn49T1AB5JznDuo5znyxvZWYqVOQCo5JzkM3UMOSDjhRhiyHz2lRnDeYrxkhCCRghgxA+YnIyCAcY/ugipjiMLRd5ThGKt8TitktU9tflvstgqzxVaypUat9NFB3vLl/ljfbpt1sraRfFtIn8WOIJI/KhsoBsVQqhjErbQo4J68D17da6n4QX9vpGi/aLmRAItXeRRIxQIjJglfz5HGT0Iwa5HxFo2oaxq893DBcvlI8fuWlJCoAAAoBGASQCO7DvitXR/A3iy4tDBbaTq0sMg3YFtMoeXPGAqcDpwOx4Oenn4jiPKMO5Krj8LSj0VSvSVrcr15muzv0Vutz0MBw/xDi581DLMZVbty8lCtJaqKtpBpW6LTujiPFV0Z9c1ScMZI7m6uZImHy8M7AYKnHzZyOB1zjBJPEos4nzIGbDrgEcgls4xt9ivUEdzxX0xp37PvxK1wO1t4a1RgDuDNbTIM+hLISDxwOOfXiunsv2Qfi1dSRf8Utq5kk5jBtpNuM9WYIc5JIwc9V7bq+axvidwZgv4/EGVwtdO+Mw91pFJNuadlZXum7Psz6HD+FHHGYtTpcP5k1KTlF/VqkV7yj3ina1murv6HzG0jw7ps43FAATgqQQepXvj+HAzzjJ4/Tr4HaiNW8LaJqGd8tokBWRhg+bAwUKXyRgDleg4BPGSfPdF/4J/wDxw1aSEP4amjSdgVFx8iouAGYsQBnPPXJ6YJ5X6r0D9mrx5+zn4Xs08dTWz2+urINLghO5reRQW2fKc52jgKPTnAwK4S8b/D/GcR4bI8JxFgMTj8fP2dDDUMTCpOc7KSdoSkldRkkutl1uRxT4J8eZfkWKznGZLiKGEwcPaV6k4tcsG4xbcWrqztrtFLbqffHhPxbZHTdKnnuEt7sWceWZgUkVYwdrDJJJxnkZJ+teTfGXw3oPxYW60dHgmutQ0yaLylwWivI1ZrRlGTsMjBUDkckjlu/lOlalNd6BB9nm2zW+4ABiSmwHofUHoCc4B6kcc1B4g1fQfEuna1b3byHzreOcSchgHBZeMD5ecDHXjJxX9URxEMVhHSlacKsNOqaajaT180ntdNu6sfyxLD18LjVKLUXTqRnot+Vx13W2zsrfmfl9450TV/C+oXeg6rYzWmoadfXNtPC6FCVhlbaTn7ykDcrAAkZPBxnxnUWmmupGGXBUnaBzkj7vf5lPOR90DngV+93xX/Z68BfGDUbLxzDqDWupajp7R6pZlQsf2qMZ8xwAASyrl2PUnnNfKkv7O3g/QZLkSWlpceUzotwZVePcNxIOBwAARx0ORt4r+ZOIuM8LlWdYzJqmHxHt8PUcFy03ySUVFwkn1i09LadbpvT+k+HuGKuZ5Thcz+s0FRrwTd5++pR5E776q1lez22u0fk59kuizBUkcMAF2xlpCSPujCkgcDk5xwpz1MKaBq06AJaTsdwJxG2DyOCcfQbT27Z5r9VE+F3guAPNDZWEkquB5ZjUKMHod27r1GOvbIxi6/hLw2ihBp9rEygyN5UK7sHpltvI6k4I5ZcdwPN/1xnKypYSrK9uVu61fLvba3Z9rvXb01wrh1dVMbTa5krRdtnG+ze3fo310t+UyeC9aLFVsrhSzhgGU4ORgkkgfMfQ+vXiuhsfCGqIgcwOiq3zbgzE5I7KAeuccEcnJzX6D6zb+GLZVTZaqq4GDGgk3ZIxjGcfdzjng4HGa4W8uNDTCJFAHHJ2oACAvAHUFjkNn5cHHGBmu6jneNrpNYVxTWnN3fLpd6X38tehzf2FgMO7/WYylqtLX3Vlvaz8t0tO5802WkXsMgLRlQseeeCSo9COQe5HqcEDmumt7e6WJmdGUbguNp2k4C4I7jp069+MCvSbq/0+RwI4EQqpBby1w/GMYyc/dzk9z09OZu53ZwsYCKQVGxQcn1Ix8pGeQM4GMcEV6tGtWqOLnHXSyTaV/dve9rNLXte/XUUqFCmrRndtdlre1r2Sa7a9+iMyK7u7Jl8u4baAoyrEBeSdpznvjkZ4IBOM16boviu4SEF3y5dFJU7FAUYGAeT0yTnoTnrXmMlo0jqY2Zgg24ztClj14XnB5xzz25xU0MV8ZgiFlXks8eSC/J4UA9TwcgE4HIIxXfHGToJpNJWdrS5tdNle13tq9dtDzKmHhOS5m7XbirppO6b1urt2Xp012+irLxkbxYbf92rTsFyrgMWUYHOcBuhHYjHGWO3sRqgsVaC4mWOQKkrbyOU46N0J6HkZGfYCvl+xiu0mt5c3AAlUyEK3JBJAXaecnHIzgEYyenaz2/ijxDdMlhZXrfZrXFw0cUknnchky+cLuwDnJyQcnjjTD5knUvNpxS95XSTT5brVRs/O2l/W3P8A2dyrRTm9dNbO/LsktLq+r9Nb2PdrXxHbFTlFmywMc2/gjgqAc84GeSTk9M4ANe716zdWM+oRWojbdEpIBUZCuFJyNwGcHAG3HBINfOv/AAj/AMVDCUtdA1oJ5m0PInlICD8jIWIwCQwAPUcg4as+58E/FR8B7LG0AFLu6jzvOM7h2GTjuCMktgbj3vMcPF811F6JJyUY2aSXVN9fW1tGTHBYh6Qoz6e8o+6nppo4vr1d+tryPoe11Wyns52TULK5WSZgsjyASyAcld2eDwPqcewqjcaxDFbyyym2tFyNsryq+5ExtYAnjoSeDnjJ4Br59j+HfxFhiVjf6DYKweSQXGqRoQyDcNsecEnrtA+Y54GRjhtbtfEYZbe91m1cFcy/Z5nlj+Ruiqr55H908nH8WScfr9Cbbc7OXVSXdLe10lre3qnrc0hl+JTTlRlF3V21rLVNpaSaW+yu09W9j1TVfGGmR3kkolt7gRsxeRWAGckDAxgDt2HJyeubPhnxxo9vrGnSX0VvLps2o2f21YXxcCz80G4MRIHzhCQo3Y7fKRz4tpPgDW9cPl6bDquqXErgtBYWF3MWViSQMQlTkkhecAg8gYB+kPh9+yB8e/ENxY3mg/C3xLdNHcQywPqto9paNt2ncxccxFiNxwSehPAFePmOYYSFGsniaUZyg+VurTTUrJLVybvd3u/LTRo9rLMrqzxWHnPB1p0Y1oSqLkUk4c0edK0btySe+u19bH7V6J4j/wCCbkOhWS3XgnxFqV5daFa3XnS+ZKP7XW2Uy5AT7jTcY7A89DX56fHDxF8KvEmvXCeAPh5b+ErERbLZSm5rh42IS4ePjaXUKxPTJOcA8e/+A/2BP2s/FYebXNT8FfD2xkhWOO3FzDfTwooAJECqrRvjqARyfl56/U/g/wD4JV6Uds/xJ+M9xrF28MYa20K0+wnPAcJI7MDg/LuyM4B4wcfiq4l/s3Fzq18e68lKS5KdSdWPLzK17JxVrrW65T+kMRlXCuLwNGGEyypSUowlKVeFNOHuxThG3vRjfTXdavY/C7UbFZLmJpRpglXcixhI959ASMDAHOcEZBwehHK3/hZrsxl/s0JZiypBllYnbgOEypPXgEj6YGP6fdD/AOCc37KvhtYbnUdJ17xHdQoTNJqWoLIjEfxFFZSc9gCRz8o4OPYtM/Zn/Zb0VYI9P+F/hhDGUcS3kDXc4YFcF03sN5xk46kEkHqOifiXFXjDC4ipJ2XNZJP4Ve+/bdW163PnqvC2T8jiqMEt021GX2d7yXXon5X7fybeC/CtxD438NJaRyyLHfK8/k2Fw4j+U5OVjYYYkKCADnjPy8fREnw2+I/jLxDd2Hh7wn4i1FpLuXZHbaVdMkqg7VYEoqqGzgZOD1zjr/TjH8HvBelpqWpfDvwX4QGsWVlNf6fp95oMEVve3cMbFLbz50CRK6rtUFuHYHPYTfDD9ozwPqXh1rqDwd4S8B+JPDl1JpHizT/FF5pelBNXtty3U1i5i33NqzKzRSISCnTtj28n4+zH2TqUMtnUlKagozk7pNJ2tGKat101d1utPgc74Xy6riIR+sww1JKzUeV6JxT1Tb2stL3Xofg98PP2C/2m/EscEsHw8vNMhllXbPq4+xgRnozKxDY6jBHcnJyBX2N4U/4JV/GjUf8AkZvEnh/w5AyI5WORLqYbsZJRSNuBz129SK/RHxP+254H0J0/tP4kfDixtGZlaPSL5NauI1UgErbQbCWUL0yM44GQK+ffGX/BQf4OWqXS23xD8ZeK2l5W00bw7NpcQyOViupJGwpIwp2k8kkHnPdW4u41xc5LDYanh6dko2ouUkrx3cnZ2v201bseZS4c4Zwyj7XEe0cbvmnVdnZK9lFpp/531ujF0b/glF8PtLRbjx98X7yVCoeeCy2WqAKPn2uZDgDnBwcHB6nNekaJ+xb+w54Gy+o3Fx4nkgcbvt+rG7DuueDEiZAzkgfiDxz8YeLP28PDd3DO2gfDzXdSndMRXPibxJ5kUhB4Z7WMIxzwWUnIIAyK+btf/bi+I0rSW+jab4K8KGY7AYLRZ58Hcc75mYbwdoDdTkYXI44pLjDH8s8Tjq1JN6qM/ZKOsbpcmrtslfbv02X+rNCyoYanUnFWXuJ3+Gzd3rdq99bX3dj9udHj/ZT8DxCPwb8IdNvZIiDG8OhCWQumCp864B+Y+uFBBB7mtrUf2jLLQYA2k+BdE8O253bH1KXTNNEeOQ0iJGHxwCRkNnjoc1/OJ4n/AGovi7q1tJ/aPxQ1C1jKEyR2klvpsEYycCNhGjt8uRx8wyRk/LXz9r/xn0OVVl8TePtS1OdcvMja7czyFiSTtQSheTwQQeePSsJcM4vESvXx1abbTdpTlr7t7Xkrvz7bboqObYWklGjhaMLNNO8U1t8VlZLXbVdtD+lHxH+29pWm+Ymq/Evwv4fVCQ1roMi3t0QCQy7o2IyF4GAMngZ6V8/eJv8AgoV8JbZZEbW/HPjO5dmASIzW1q/fCMqDaGPBOflBPXgV/O9f/tFfCyymCxWt1qbrJuLMkjyk9dqyFjnPTOcZ24yeuLeftc6ZCzw6N4dVXiVjbrM0eNwA4lBTLBsDGcn0GASOunwlQp8rlTrVnb4pSUFoovVLXS2rv131FLP3GzjWpU1f7OrV+XTRer0WvW5+3Xib/gorfBmXwZ8JFSOUskd9rU9xe+YeoLIpXLdz6kFR1rxvU/2yv2gdcM7W99pnha3nBATTo/sRjjGd2XllcBQOgwrA/MMHGPzW8bfGvxJrHwe8MeLtMlstA1i/1S4tbgWcbYSCIAjaWypdt34Z5z90/Ik/jvx3r11cm41zWboFiXEcs2wjA5ATGAf4tuF6/WvUwGQ4OalyYejFwm4NyUZSTXKm7yvpppdO/ocWKzuvCUU69WpzwUoxhdRfNZJ37vppdO+5+wfiP40+I9Ujkfxd8WZUZlcusutO5LDqNkEgA78dRgjAyDXkGpfG/wCGtjDm88UXesSmQeYLd5ZSTgAbzIzt8xz82B39Tj8+PDfgX4ieIZ3aw0bUr2GVCweaOecDcSSXMpwuMjHyhQBkcHA9v8MfswfE3UPJXUINO0KK4mAWbU54RlSASJMgbE6cjPHIr0nlWBoR96UL6WSUVreOnKk7rTbz3s0jjqZnjqnJKFGq095Scnzv3Um+nV6317dD6n8F/G7wPrVn4iuY9OmtrfQIDLHI2Ge/YHJRjjjIAHHXJBxXjXir9pSSVZ20rS5YXuQVtElmURxRg/KWQKN3Qd+QM9T81PQPhvdeDtN8b6NdeJfD9xd2MuyExXETQXjzjbs8wHBSIZIHzbSMnpzxdx8MvCllDa3WveOtKgllUGa3sSJ3QtgsFdHwGXtgAAAbRjmuChSprEYrni1TpzgqPuO7jyxb0S97XmSd+ml7H0eaujRy7J/Yxo/WsRhp1cZNzi3GbnyxUlry3j0drWu7HG6l8b/iLdvtbVxYRbsbLZdjbD2UkMxwO+c+hyOObvfFXiHVv+PvW76cswYh7uUIxcf3Y9vBzyvIGeByc+lXEfwH0EO1zqWqa9MkmVSNzGu4bScqQxwT0yQBnnGRT5PjF8K9FXb4e+HMF/cYVVm1DEh3rgkuvHBI6kYX5hmvW9m5Qjy0ZqNt5R5dLR35mtNnotPxPmKbkk1VxkYNXXKp36xslbRrXW1uqV7anw2s55tO+IUrRTXGzw05mluRLsCA7v3O9cMxYEYXLc4JwQK8Mj0nU9ThSKy0jUJjIflNtbsylVbaAD5eAOArHOT1ya+wvCmv/tIfGOxuLL4SfAjUda06aNNPlbwt4ZuLy2kd8bIbi6jjMbDLAkZP4A5PAa14V/az8EeMh4C1z4feIPCnitgrxeG30Qw6kySLxJFbNECUcYKNuAOQwHAzFCpQhiKtJ16UqtlL2UZRc0ly6uF/V3/BtjxNKU6dCUKdSUdVzxpzkveaa1kle6fztdJornwEX+Aj/wDFvL1vFcXiKR5vEspKOlkiMfISIlSyqud2eN2DznNZvwU0G7udC8Y2Sw/Ypp7Vfs092o/0h1ASSOPdjjruYZCZyOeD7r4c/Zx/bD8T3ltpK+C/GFodUgmkjfWiLLRxIQyyPMC2xMAhSWHB+YnJwPRPCP8AwTi/aV1qKWO98d+G/BKW8k0WoS3erwylgxLSRwRR4LxqCcqDkkY4ziuylGpBvkUvek3FcstNIy92yXRX1d0uutyZ4Z1alPkwlSShTUZRjFQcpLlnZttPm281rd2R8q2vwXnvGnTWPFHhzRLZIRJFM8sLtuZuVdgSFIBz6kAnOFrPh+FXwp09rz/hIfiXaz/ZkwpsFR1uHzuVUYMFYemAvPTdxn9JNC/4Je/C+2sI4/iT+0TqGrXXW8s/DVhcojkMQyLcNI65wSuRgc5A5OfWtF/Ye/YQ8Hq6Xmj+OfHV8qxrHJqOrmG2MijgmMAAFiCxyc4OCehrT6liqlRv99NPVctNRT0TScnfy16WSs2zZ4Ccowl9Ro09d62IXMlZaOEb7O2nRH413F38CdDnt4bSy1bxJcxoWdnJWBhjO0qisenG0jGDgt1Na2lfEJLkLY+BPgpd39yZHWO4g0m5unxnCl827A9m6/xHmv3JsfBv7NHgyaNfC37PvghZ7WELDdaxGdQncjBBkDSbScjJ4GT1xnNdUnxTutNheHw34f8AB/hO2bCiHRdAsUaNj8p2OYC42jknOG+XDAZI9Glk05RTnGSUrXU5PRO2/wBl/l16mLw1SLi41cNRl/dpqUkvdtaTWj7/AKbH4waB4K/bW8YmOy8O/CHxLY6dIN9s39ijT4EJztdpHZSABznnbnoMkDpbb9gz9rDxFNHP8QfFHhPwbBczGaZNf8Sxi6hydwJtkkyCOynIP51+qmqfEHxbeCaSfX9VlDMoAhnNoi9iFjh8rYozxgAYGOuAPLNYvIbqdZbyW6u5XYu0l3PJOoLAclpHYE55J4HPc5NenQyfC0YqUlFyXL7sUk+mvfvZJ3V/U4sRh8ZyOMsa6jurL4Uo6X+1Z2u1bXfWx8d6d/wT48B211DJ4/8Aj5FqcgJM9l4e06S/BCANtinLhWx91TtxnJPHI9i8L/so/sl+F3zL4b8WeOJHLfPql8LW2kkXgE25TKgkcLuYbThSep7KS9g895Yo4Vht0ELNbKAd7n5ThV5/2ufXvmp7XV4I4xJJL+8Yvu3MDgYC8KcBWwByOecDJJJ9FUsFS+Gip2te93ZrlWzb+5vb71wwwM2/fnKVmr9dfdVvNdXfzu1qdlo2g/CDwzLAvhj4G/D/AE57aI+VdX9il9clQMKzl3IZh3LAjjJHOD2tv8RPEFnEYtGk0bQYPMJSHSNHsLZkVOcK3kNIoXOAdwOAGz1FeHy6/AAzbjkfKshOeMjcF5BPvkHB65xWfd+KYIT5mAqpGVLs2z5jkZA+XdnJJAA5J6k4pznQgouFOCS1Vkkk3ytNcq3VldPt0tr2U8FTk9dla7bTva17K1rJr0t9z9b1Pxx4gvpsXGv6vdu+ZGje+kijLnOTsiZB054wMdFrlbi/USll2zTsuS0rGZ88s3zS57dOT/vEHFeP6h42treQTPOjlQxHzgHLNzlVIxwQvr7euTcePBKWe2inkcRAoI0I4KnB3Fc/xd/Tjg1x1MTeSskpOyVrO+ibsm+ivZ216XO6jGhTiopRSuo83K+nK3Zu9+vne2rPabvWCVKwkbnVRIgTBBQ4JBAJ25I4PQ5wM8nJutSTbu80q6ouWkUfK2QSFIAwcjA9OgAwK8efXdcnUXENv5Z8oMoldQ6hzgsynrnPXBHBHAxinf6peOhjutYhiby1YxK6gL8o3BmA7AnoSGPGSc1nUrR7SlJqKkn/AIU7L8W+nps+2nXjyWSUdPd5kktk7r4b6+Vmr6npDamolVZJY1j8zf8AvHG5/mABxnOCex6dzzWheana75Nk6STSRJuAbasYxzyOCApHGODyc8CvCZPE3huxike91V791YALHISRggkBVOepPUDGc4IJJl/4WRpkskKaPo11eyFNsQWKRm5GdxCqwLEjPQj6E4PPSWJrNqlRrT96No04yk9NrpJvrZW1vZq9rHHic6y/BxlLFYvD4dLW9StCK3V0+Zx79/kj26PUA8eYEOItq7xyoIGeuMEHvyMYzjjNULq/llR9zrvyN7uVBA3EADJ+YAA9cYI4Bwccbo+l/GbxbJBbeG/BOoiKRxi5aykWJg/K5cqBxn06EYBr2bQv2P8A9oLxRcJLqVzpehW7sona9uY4hGCeqxuw3bRnnOck5z1HuYbhfiDMHCOHy3EuLinzSpypxT0SvKSUbO3W/VvqfD5p4scD5TFxxWf4HmVkqdLEU5y5ly6JU3OV9NEt3p5Ly4a5bW1xcNcXEXzKERWZei/NkHJGVbnBwQBgEn5axZfHOj2IdZb63LPI7B0YN8g5OQDjcQuNo49+cV9YQfsOaBo4kuPiH8ZNE0+COQGSyiuYYyd/33MnmFsjs3zAHbxkk0kngv8AYe+Grb9T18eMru2IRo4pvtyvIoJP7tCdwc5AXPI4wCBXqf8AEOcfCHtcwzLL8vg7Sl7bEQ51azfu210vrd/fqfHVvpEZAqv1fI8nzrO62nL9Ty+rKnNu1v3k4q6elnd31TbR8cv8Q7eWaMW66nfCbcsUdjaTytv5KnMaMfm6D1HX0HpPh7wt8WPFrwyeGvAOsMrFVW41C2lhhCuPkkJcY2889emMA819EH9qv4GeGIBH8NfgxFf3EChYLu7s4LdM4AVsTo7HOA5CnjODn5mHGa7+2n8bNSt2tvDNl4e8IWsgxGYLaGS6ij6hsRhANvIzs6kkjkCsHlfBWVyTxucTzGpFa08JDRy926Une6111203OSp4h+LvEPMsk4Rp5LCf8PEZvU99JpJT9jFqaetkndJpK2mvofhf9kH4j66ltdeN/Eun+FbPcsk0C+Wkmxhljl3AUDkEnsSBxyPXIfhJ+yP8LkmvPH/j/TtYu4kBktm1NZ3dkAzmCLOTuH3SSTnqSK/N3xP8VviB4yNw3if4k67qDuGD2drcPbwoejIFiZDt3cjnjLAc141PqPh2N2+1o94Y2bzGvJ5Lid3Gf+erOcE4JPQ5OD96spcV8NZfaOUZDGU1qq+McZyu7W0tLZ9E1re17WeEODPE7P3GfEvGroU3ZywmVUpUoJWXNB1HyvppdPo/X9g7v9sT9k74eW4s/AHgOfW7tIikMsWnpFE5TgN5zxvkM2OeQB16mvEdf/4KK+P75poPBPgvTNAgLMkMk6iWTHO1gECcgcnggd+1fCNjqWirZNfJ5UEQjPkgIqxqR0BHU56ErjAHOTiuK8QeOLZUaK0ZPMRWG6PEYXPX5+uc8++OecCvKxfHucYluFGVPC0re7GhSjDlslbW35ffrd+7l3hHw5hZRxGOlic1xCabqYzEVanPKKTcnC9tdbuz+ep9N+If2kPjd4wlupvEXje4sLaXeRb2beSqxkgMFAwRwcbs5+pK14hrXilZjPcalrV/rDFWZ3u7uQosQGWyu4Yzg4HHOOe1eITeLbi7HlMzbQAq8/fOM4B4BUEAnAIx04Arzfx34kntdOaxhvALzUMRiMH5o4umeOwHHOOST6Cvn8Rm+OxTbr4qtVbteM5vd8uqV7JadNHq2z7LDZBkuWxUcFl2GoJJW5KMIu+nVLVvzsnu3prs6XJaeO/iKt2Y/s+jaTKWAU/I6xHkhskMTjHJPZuCTj6qt/Emh2kcaR+RBhtkc8kcZcKvyqC3JwQeMdBj+8cfMHw48MXNrojXc7N5twgdFVvmZBlwznjIJwT6r1DK2a09RiuHuZtis7xt8wdztRTgcAfnkDBPXjp4eKqwq6OUrWs0rXbtG9kttPw120X1OU0KmEiqsacG5taNaKNlta/S+y3d9LJP6Mu/ibp1oQkN4soGVBjiHTJ4B6Kf73uQG+bGOauvia0hkREeTzD+6d3KKMnAJwRjODgYIHrmvFxaSNErOQjEDCK2D0weozn0wRgZAAySS4bS9NtXlv8AUILZlXLtcSKWHVsIobIKgk4IHUjpmvMScYuMYpxTu1d9ZK6et9V3fytY9meLqcy5pWdtI6WV7XWt9Hd289Glojvr74h60kbLHIIlfcI/KOW4OTkk5KgDHHBPHUYrzrUPGeqyTyhtQuXZ1ACqScZXgAnOB6lcZ7AEDPReGfDyeL7U6jp+oww6QsjQ+czASTMC24AE7sBQBnqcHium/wCFa6QWCxSyzSopG5iArONw3ZGSQ3XH8PQcmtI03OEeZxjHRXbvordrLXTz0t5vy8Rj4wbTlKcr6qzf8trKNtFdXvslqeEy6tqzPOVY/cO+WRixG4/dJ3AYxyfxOQMCuPmluZbl/NmUqpGZN+5lzjJCZAAGRj2OFHQN9OSfCyLZIXUxDqxWYMSSckABu4OApPTIXAxjlb34Wx+bvgmRA4AV5jtPBwBgt1yMA4AOfvdMdFLBYaaTlVTk91fTeO2ytpbf7unFPHVJx0i4rSzaXMtn/KlvppbW6bvt5hYT+H4GWS5aeecFQwXhCoOBghduSMEk8kc9q7Ua34MSHjTIvkG9WllO9mGMK3QkcZ/lzWkvwquWUyfa4WMgYYUKwPIwQc7fTA47DGKpt8JdQ+bbexKEwduxQMtxz82MAk8duDnjNejHC4KEEmoS2+La/u6Ws23ouu+/nyTlUk378m3uk2tHy66at+TfTWy252fxPphPmRWcUKK6kQxsojYjjJG055ySpPQ4GAMV7f4F/aL8U+GNMOmWK6cun7WEUCwpDKcnlvMRVdmJxjDfe5OMg15C/wAKNVjYj7XAVx8gITByQxwSSQSO+MjPOeQEh+GGspxLe2aop3EGZARx6bhkj1AznOBkmuTE4HBYim6c6NOSetmlZ6Jaqz6N2i7JcvXRnm1sPDEwtXjKrFNpqejd+VPm95v8Onmz6D1X46+I/iVY2mjahKIIrFzKIo2eRJnbODKrE5YjI+62eOT8orGRZAGldljcsQdmANjAnC4ORkA7gQOfyXh/CHh29026leaaznUxlE8iRGcBOA+0EkZJHrjPOcZr0+GAzusLnO1QzMuRkjAAAGOcHBBGCec45rzfqFChDkowhGC1iopKLbcdeib0u31Vz1csjTwVBUKEFTgnpCOi1cbq2mvW7e627w22RH5aYZgS+8AdD0y2ex69weSOOeI1uaYeJdMijYmWSParsdhC5G/HPze2OhOeMCvTY7aCJXJ3oAoAAGCSA3LNkYAK5yM45HHUeWeKkf8A4SnQpkjkLheDnCkhgF3Ae3PU5I965Y0nGd021fz6cut3fWy372drt39+NZSikt7K++jut29brZd+90enIzxwOH2BkbO/gs5ZcnkfxDJ69ACKs2cKPHvKZfAIOcfKwOcA7gD1PTHPGMZqiIf9FEjEMzSEN83yggc88jj8Dx6c1tadal7cFgxcpgjJ4QcZ4CkE/dxwRg9q9fD0k3HdqK9bu8dVsmtvLdPucNarZq/V2Tu7NOzTUXdK/up2aerTvK9rvhq9m0+DxhqME4iOk6DPdx4wDuTb8u7sCSBnrgEkV8/n496xMJRqMsE2Wbywf3gVdxUoCBjJ6g8j2PWvV9Qv7bSfDHj67ut1vF/Yktq0hO0ASMF3YI+YY3H1PBHUA/n3qKaXCh/sjWI5owouctw28nc8SsxPOSMdegHoR8lxFldDE4um61FVJRhywly3tdrTXRaWs2/uWr83G4GljacKlSKcoq3vO6+z9lpWStffT1aa+zdM+LMVxbATPLDBJKS8qysHjY9Nqg/IA3GB2ySAvFa0XiTw9rQia8vLm8Qh4JI2fc2wjAJLfORzwR0zxivibSNXkeDzZrqK2jLbWywdZG+6rMckLz1O3k571uQa/P8AaUitr2NvLTaXiY4JPJyAxyvOC2PQZFfKLJ4YepLkoKCcub3YrZuLunum07NtNdtLW8iOVKLTpyULtOyVrfDa1ml0193ta6Wv3R4V0f4fqktve6TGdPafcJY5I2unDFWbBYErx2B4OeAa9+8L3/7L3hpby28S+GdNubVYWuBNLEst7JIAD5e3cBjcCGZckLye1fl7Y+LdZt2FvFPKI+XYrIcjIzkHjk55GOvfBxWXdeK2u5jDeyzvw7NPvO8jdghi2RtBznOAR8pPUHCrSqVE6fPJRvFWjK3Kna61tp3Wy6O1jrp5dipypp4uolZJq7XZct7q9t9tE1Y/RXx/8aPgHrSJafDf4a6To9zBHJE+okGI5QEGSOMkrvI2lTjqQBgc1o/s56X+zz4om1S5+NnxCl8NWiy7rfS7a38ya8WNizItwpBjAHAPO7DdwAPzOe6t0UmCZ1nOzJY4BU5yysCAc9OpU8Dk81qQ3M4SN0nBEIy+75mBY4+RT1UDqc9cHrXmVMrpe05+afNdcyk3JTXu72aVm1qls2rW0Z60Ms5Kbh7apN2d5SfNJfDqrterVr+qPvH9pPw58BvDWtWWp/A7xy+vaPfSnfpl7Di4sFKAeZLISTJvbhVKgqADnoa+cbG5tY5ZLm7nSRlYBYwSUAbGGK54YDaeuRx/dyPIp70K4eG5BjADShuoOCR83JwucjuDx14rmJdZukvQkcziJsv5m7CkfMADz8uc4AIAHAHOCCeXzq6RfLHmu49Gko9JPVKT5vJt73VuvD0pYeKXM6nI7e8/KKu7Wu1t0V073bV/o7UJ7FYJRB88Trv8wDhWxkqMdAcYIHzevauJuLsz3EcZh2xFduxiRkjADncMHHByTjHUZFcFY+JJg6Qyz5jJJkJOQwJ3DcMjB55IPPDYOCK3LrWZ5EkkjiSURxDLnapUZ+V1wc7QMHp97vtGawWBlRfK7S1SSttZxlbR2vZ2b/U9WjiW42qJJe6tEu3dLda2bfXr034tNhjRrxmKyRuwA+9GgbOM8DJ59AA3GcctojUYrZUiERVWUmRtvBz/ABAA4Bz0GRySR/drzW18TR3iNCZjG+4KIdxCNgkMST1ORwenXpXY+Yy20csTJcRon71XwxBx8qjgsQCewAyVbnBxhWw9SLTlzNya0Sdlsk+mmy323Vmethq2HcFFNRa72bvpbRq19Fez62ZsX+oxGBLT94lvJGXJK8hiAwIxkjII49unSqGm3F9HBOhmlltEJZYQ2WkUcKxBIxgfUcH5gD83C3WtSMZnmkMQj3Kqk4TbuIxzzjOeeMZxnOcQweKrqJTISrCEAxrkAEYC4IxkjkdDg5zjHB2pYGpODfKpO11zLZLlat21vbdfrl9cw/t3dJK3vPlV3bleqT1Xu3tva97p3OrFw1vcF1SUEszNG5x1J25yOVXjjAyQe/A2dBgutc1KRI3HnuVihhD4AckYIY7QVHPJwBkjOTXA3PiRbnyJg0cIKAFNwwwHUK3GR1J5II3Y2547Pwp4k0bS7o3t3KHllXEKROF8rOc5Iwf+Bc9OAa66eGq0VdKXRtRbWrS7XdldNv0+fJWq0pTT5k0/Plbula3q7Xvd66JHst5Pf6atppE1xFp8lsVla5D/ADCWPDjDE/xEYBGRkHPGSf2l1GLU/EH7B/g288Yn4eeHreHUW1DSdSt7u2/t/XGt4NiRagFYXCyTnB2MSDzuxX4Oa54stNSkS5kJ+zRkNKA4Z2VThVLcYLYJA4xxwQQwta98Y9Y17w3p3hZNYvoNE0xnltIJbqUxeZtA2rCWZF5HGFAzng9vC4lyzPc3qZDUynMp5fVyvM6eOqzSlP2kIx5XS5VKKTlfdqye2q17sszDAYWGLhicL7WNeioJOzbatvpyrl3vt37HafED4hXtnAkEUsNqJZnVjbOPmgR8hyVOQGByoIJYEjr14dvFerHRbu5GrzpbzODBFDOY45eAMyKjAs3TjqwxivF7q6a/DyaneSZiOULSGRplJ5PHG0EDnHHOSP4al14ihtbBrXcDkhEw27ZEvduQoLerE8ngEEV+gwx2a4inGlWxVapJwh7RtySu1G7ad9OlunkjwvaUedypwjCN3ypJJq9rapW07WTv0vv28/iCOKSOSGU/ajIvnE/MfmI3BQegYdc4yQc9Qa9O8P8Ai7w7pDm+1OWN7+3DG2sVjLrLKyZRpcj5stjjoAR2Ir5Hh1KSY3TBnQ7iYl3HLEH7zEjsMrksVwTgE9dG019bLfcXcqs4T9wrKJD3GN2CN+7knII6Z613YOricFL2kJSnzLllHdbWezTte789u5jOoqqSbSu9ZbXs02nd3WyV07vqkrNfSz+I9T8TakLq5ngRZFEUMSkKLaMljEihTlWGe443YyTXotpo2rvbCUNIRtXZmdssoxyVBzuJ5wBgZAwMivkTRvFdraTLeTOZUciRlDsu1ww2jAxwDkd8kHHygV9IaL8ZNIgtIYpdKnu5Yo1I2llDbh95gOPTAOfbngfa8P8AEKwEaka03C+uspWWz0tHTuu9tNzSNWF1Fu+kYpN35VZdouyS1W/y1Ozk07VPsz+cspHl5UkMxBx2IJ6d+cZ6+lc/e2Os3UCwpm3jETMkreYp34IUhiQVJYYxnhhkkHmr1v8AFTXL23kOleFGVFUqjy7sKD1J3jpjqOAR2GM0yy+I/ieSMtqeg2UMMTKIw0O03BVuIxgYwfU4x8xIzzXsY7xApewdOFSTl7NxS25lZJxu7vXfbotTOnKCquMp3TsrtrmlotNL6Oyd+mmr3PFNb/4TTw1A882pX/lGbcnlTybenBkBcZB4wrDqTkHtxmq/FTxNfx2qahcS3Vtp6OIUdsFJMn5wFUYI4I65IJ9j79448a2V7vi1Pw5BaLdwKYw5Adio6RqvCljwDyGAByec+MT6dpF9a3F3HbiM7H86FoeIlA+ULgE7sZ5xyDnp1/McRnk63tG+ZQnJxavq1dNp/g9brd6tXOpuj8MZLVNWdpbdV10VtH5u5z1n8Rb25nt5Llx5cq+Tl8l1Vj6Mo6j+LAPbGa7qG803URON0C2VvbsJpp5QJ3kbOEVSecuQPlB4JBPJx4VfPZwbo4o2hZC3llv3ZbJO3dx0AGcZz177ar22p/Zm8yQyFkAwC2UZlJZQQSQwHHXOOeTxXC7SSaV01FrVtbptNtaJu13ZO1tbXT54RSqS6axabva9o3SaTs22ukW9Gt21uNe3Ul6UjfbFa3DFQHKlYgxPIBOMqMqSevIz1r0o+LtEmjkElnEjrBFCqFd8kkyjCyiQlyASdxGMZJ4BOB449811NLOI1jmkXMhAAJVh8uBnIPQ7vT0zkVYZmi8wu7IeApc5yQOAp5B5HBxx90glcnnxGHp14rmilyrW1tL23vvqlbVJab7P0YOFoyatZL3trWcUtbaN9bNLXXQ9q0PxDdS63GwkeOaNlKGI4KRADdjB7qCOncc4wR9qeCfiUdAs7qzj1XUoba7SGYWgnZIZ5VAdRPFkJIDIBwy5HXIHT4C8Ex3Wp3wijnSObBYvtDMqjBXYp5YtycdOrHOQK7DUdV1DTriNbm4mWeNyipIPl8tG+V0GcgEAdQcZxjgEfF51ldLHt4OpSpVaSipOFSKkr3jZ8srp8uyTTWuvRm0XCXvWjJtKLhPVNOyvZaO1le/ldaWP1N8M/te/EPwtpmvaNHenT7XXtPa2vpre5ZWeAo8SxBdxjUSRnYwCA4yd2CFHynqHxBaZw2nSyWm++knDJOYpRNIxMhZl5YOWycnBUk57j5Qu/H198u+RmVXChpASxUDcVBP8IxkZOePpWRe+MbmZz5Epy5AYFSPlA2ZTBHIHBJwec5bJrwcl4NwuU1MZUweGoYV42pGpiJUoqDqTjypSlypXab0e/n0IrYXB1qShKhTblfmThFtt2391Kz0tpb/wE+0pfiU9tYkXOrSJPu3PHFIBDKFA2Dj5ZGJ2ls5ycdfmJ8/8Q/FZ9QjhaO4xdq5MaRgRooc7SxODzkgk9fcE18wnXZpm2NdbBHh1Dk5Z8n5QSTk8kAcnJB6EVBeahLcQqY5MsGV2ZcBnAUEsTxwo4UADOAcmvq6eV1JKEK1WpOMbKKm5NJPl6SdlbraystdbnFSyfBUJupSoUacp8rlKEIqTSUVdtNa7K9rW210PT9a8VuWZzdM07yq1xIxGHwBkfNx0xn7ozjjnJ5PVPEsl2gC3GYNwVUD7d7gEZGM7SCByAORkHI48zu7ud5CS7tErAjBJYt23YJ4JI5OcYXgHqySZ4kYsGLOVZFP/ACzBIO765IIOASBj+Igezh8roU4r3Y30evfTVWT731XVPsjolBKy6Jbtt6efd/f301b9k0XxBNbBIZbkxuQW+dyURTgYwDjdhvlIzg7SSM4HYarqNlHYxXkdyHmQMgtzJukmZ1Adn4yQ2QRjkdDjOK+bhqUiv8ykhVGSSd5bjG7BGR0yB6ZPoLw1WfKySzSbG3Oq7slQV4XHBB6En6A9DnKrk6lUU6dkrq/IrOyUVr5de+mqSd2lTS6eV72au43+K706XWrt3ue2RS2V5pC/6MsUkk+TIHHmhgTuUbuQuOBzjJPHFV7JNG0u7SQ3jzOxZ/s0hzhTguXORkbQwAIwTjHTB8T/ALbvEk2CaeGJcMgDHDMQdu7BA65xwGA69KqX19cE71uWMhPzhWI2gD15bPA+73PIOCREcprS5kpyjB25rWWzV2rK63autV0GueOi2TTvdJ7xWiSVm731TbS16n0VrvjDR5o3OmyLFM6mFolAjWNMbWYgYDE85Oc+uc4PyzrlwbnUZyrBhhgX3cEbm5I984OOMZqSS6ZQ7iWVWZssWJO/P3hwOQc/e7dcdzlu26QsyZDBivbI/UcAEnABPQdefocpy+OCjpK3NvJyd76O/wA+t23zdNSU5Saukl7t7b3Tj73WzdterfqQPGZ2Gxg7kdMqvQckk8cjpnv2OKkjkuVAOflXKsykZ44xx1OecdD+hYkKiUKDnqWO77pJHYEEjb056e5OLkXAKLh3IPGCSCOcnp8uBnnrg8969xqMorS+1r6p6X9fPZ2Vr3er0pL2mr022d7tJXbu79Fff7krXtHuTb31v5rRyR78ujDIfB6EEE89AB12gjORX0vo93p7T2dykUNsm1FedoxtXaAWVdxyuMHDDPQqR6/O/hvRLjVdUgWCIv5JDylgQiBGOR90DGB6jHAxwK9f1qE26LBBJIm2NGMIym9sYdhjGBj07YBJwa+I4h5KtSnQjNxbi1LlltrFxeqtun0vpougTim4x1SSTum9U1Hu3yq/MrK+6trq/rPSpbLVLG+SS4tLaJYFECxhQLjI5diOSVOfmBBGR6V49quuNoGsObS7W6WzCosi4MalzyoTHzMp4CkkggnO04ryW18WzaYEtUvp0ldQp3NwkRG0xjcNqc5BOcjPUnGcy31Cdbm8vS8SM5PlrNJuRwxyXVmJGW6ggdc4PavjMNw5Xw1XEynN1I107Rs2ottNWlo7pyWi7K/lzyScXeKkt2r8zVnfyva70vtsz6vh8dadfafbXd7bB44gkM8QRh5rgAltxychm3YznAIIAAFV7K58KaVrumeKtRtZpdPj1K1upNMIZ0u4Y5FYo6dHXj7m0EjngDJ+b4PHEdzA9rO4gt4CC7wqoMmBhiCB2wck5JUggDNJB4mutYuUtbHUkItzGLW3faS0jMQikc5LkgMvZSflINctPh6tCc0nUjzRkmkpyXvqzkrtNW1dk09buyV35GY0FisPXw8pSpwq0ZU3OFozjzx5JTjblkmk+aKTep+pvxQ/ai0qD4d+JU8J+JYLabxDYrpFp4LttLhSwsrVrcI95KgTmYKShfAZcggkgivy4tZ2W3laOa3mLTK9wTtVSzN823JHTcMdh0xxk53xE0/xH4WuLOXU71GTWLYSMbUI4TKgtESpypU9Q2SCMYNeT3GrXNtE8MD5jIyXBK5J642gs3oWGCOxOK+h4c4TlhMHUtUqz+sVXUk6kZRcbcto6yldK1+u/RarwPDvgvJ+A8JjaGXVsTiZZhipYvEVcVXdSrKc7W1lOVoxTaWzaeup9F2GreCoNKvre9s2u792fZ12BtpKbGIG0ZbBIYDoScnnzI6skPnfZ4ljl8xwx58vDZGDjg4VsYJzj5mORXncet3OxUJ5JUqFOC4Xk54BwT9454Hr37rSnt7izcvC07SFVeONfn3kA4UjrjjJ+g5J3V9DHJp4ZuMVKo52fKrvtblVnb5Xvpqfov1iEnq1GNl5WTUVe+traXtdrfS+s7bLwRGOMiZvl2A7VaRhw4b6dQOmMZ43VYvLG4022Sd5sOY/9U3RTkABcEFlA3Hjg49ATUum+Gtdv5JRYaVqcrByIkSByAwzgA4BGQc5B4689K3T8PvHs6lLzRtSyiLtheI528ENubvgE4Bzg7j3rrhkWb1XGpSwWLlT0u40Kko2stJNRdu3r0tqYPH4WDcfbUk7Jr34q17b2ejT1W6fRX34IskrRMikSL1IGFJPJbKnAH8WD0OPmHIIjAXDtEu4I37xS5wOP4h82TnjOOc8k8Gu2g8CeMFeWGLw9qEbIpfLRO5wuSdqkYPy5GAQMnPXirun+Bdbub+0s4dNu2urx1WSCRPJePLAM2H+8pG7kgnac9fmqcdlmLwNGU8Vhq1FWbcqsJU7JLpzLa2m1nd66mUK8MTUSp1Iy3+DWSSts9esldNKyd+7IPD+nyXkrXlw8bRqyFEyNoI+cqxOcKQNoH8Q5GSM16yPiDcywTWxsLXyLVBFCiAAKyAKJSn3fTnHGevTd7loH7KV5J4Vn1y41yC0meaGCK2lQmOKRgBwysAwU5BBGSMZIU5bgPHP7L3jzw/p0+s6de6ZfWTAmWS2uI1uJ9iBnxDuyFVeMc/iBz8V/aGExeIVF4hKakoRhLd3do8iaurt/Fr6M7lgcQoqfs5STS0VtL2Ss2pW20t5pJbHgmq+MI59QhFw0NyhO8QqCoEmCSwGSAeBuJIGAAeKr2+taMJGaZdjXBKsGQOFfdkCHqBt6AgjBxkk5rzO9spoboKYpxLuaEgqciRGIJ+XgKCCAfX6AiTNvEdru3nRkM6SFWDOOR0zgE8vwCvQdsfRrDJQVlukk7uydorVu17pW0to9F3xaal5q127uN/dsndJtNLp0T7o9KuJ7G4ttvlqpR9qEKu+SPggPx/HxzjBJ9cVy97C0Ege3LCQOHKY2omDkHcCxJC5HHBOMjvUunMZ2YF1XzI9wLNmMKvGFYYGeOnOTk5xzVhmBmkSTaAMIVYfMVYYVhz+h4zzzxStFJRbunune91Zt66JW8tW1rcXLZJPra/Tsk7tq1rLrqbVnr1hfQHTL45kVSsY5KGVgAGLZznnnJAB/HbRuNOn02SHUlnCwg4VS5JLL91CBlVUDvk5AA6YzBF4K1S6xe2WJBIGYqsiqFRSMYzyHGADnGc9CQMdLpOgagbY2epExhi6hnIZljXgjB6hjgq3Xryea5atSnB2pTi07OUVdbcijZLaSuutn2vqTf3lbto9UtOWzst3drV6bu2mu1Z3cWpac8jBjNDGWkZFUbj7/wB5TgZC46Z6c1zWsyWVlYRX8MZF0rOxTyxtJPVkHJHIySTyMDODkXLpG064TSomljikkHzKuGeLaPvE4JU+p4A28DPNybRo5lLTljbEL5ZLBjsBxIfbAByTnORnsazoz9nUclJuL1UVbV2Wu/S+reja+YKpy2bWz7L4kkk235Xum7NrZvfiI9VW9iiaJC0pdZJ4NoG9iQQDn+E9FGe4ycHB+yvg38QbP4L6RbeLtH12ZPEralBeT6XbSIEVbbZJbxTKVceUrAFweCAAQ1fMq+GoJIXl09FDn54mVhlgo481T1Ocqg4PQgniuXurPV0nuVmmkCeWWZlOfMKrtC5XkEBQDgkjoQw5He6s6koxpvkgtZRtd3aVmviXVXSt3empxYz2eKiqUm2pWbW2mjV1tKLW669Nz6w+Jf7QHiP4oeJtT8W+Jddkv7y9hdf3ypttlJOIYEQRqVTlQwA2gYGAOPJdM8eXdtPHcSXzCOMvDEis6sRIMAkggknPy5JxjGMA15BHb3F3bQxbtkkbbnRlIIjVgMMM/OenoODlccDWfTZwEcJIXmU+XEAy/wAGFfnoAckemOnryzw1Jy5pyUpSak5Tb97mcb6X2irrfdu9kjnhJUIxhFxUIJcur5VFuOlla6SSVtbOWqWh7XqGrweK9NWHWlkmsoRNHCrSF3BbLAqQQ2OdxOeoGMkAV4ZqXhxNLnEunwGSyWYMhKtvJ6lcZ5UnqcfLnGP4aswaxrel26wy2rxxg+VG5Uktk4YkY5AwWHqc8nrXRWerEWytPLGyy7kEbpl1PThSPlOOwyTkZPBFdOHlUw11H3qb2ik00vcV9W7JN6apvXe5MqknLTXRa2StflWi3srKyVla29tfM/E12Ht5Ua1aBlZQr84MhGNq7uMdc4OMgYX15HRnlCXVncossN0xAAiMsrEqSvlgcnJC8AYGcgenpfi5f7ct47SxgDTxszu2NoZkzyAB1GMYzjPHoR5lFHr2jz29/DayC7tZcxgpkEhsLlGBJ4xkt9B6D3sLXhOMYtqEm9IuXK9bWvfX57rrptvTqJLVt2s0+7002W12l532Vzn5cm4kRsxqm9AjqUbcp27XDchvlUkEdePepIS0ThSgXOFJDY6kE7cEgE9yecEA4rRvbTULm9uL2+srmMzN9ruHCYQSScttwBhdwHcdxj0Z+6MSPlCdxKqMq5AB5bJBABA5yAT6mvRTTSfMmoq+lt1ytO1+mt3dq21m9LdPnVlu3d7XteKe+6Seya9XpbUDmcT2xwqpCGxn+790Bu56Hnk8EDGcQ2kKzw75Gy8Zwq5PKJnJ3ZGSMDO3IOQSRkisq2uHkWQoredtYY6ptXpyevcA9wcY7Vbs7rcFjEbb1Rw6Rg9Dk52gcFiWLYxkdPvZrBU/ebS5r6Wu/hutW15dNL20Jla0It3a2et1FtOO3W2q921rW8/Yfhl+0V8Wvg7Y+JtL+HXiWbw9pvi+3Nh4ghtCqtdwbTGN7gbs7dyhtwGCRnOa88l1u8i1WXWp7mcXM7F5JhKWd5JWLSs56kOxYt2wRwOah0Hw9da1dSC0gd1jjLSuFJCABjyrD5jkrg5BHJBGcjorn4e+II40n/s64kh8wLnGCArZ3MDnAwQ3X7vuDjnqQw1KpKp7JKc7Oc+Vc0krJtuzcrNu3bR7anp+2zTEYSnSVWtUw9Fr2cG5OMW2rtLRW76XVr2PrXwt+3l+0f8ADz4Xar8MfBfxK8SeHvBGsaSdPvfD9nezRwNHMAbh7Voin2Z5lz5joylmzt4Jz8ZXXjDxJr91fatqGozzrdOTcS3M0lxNNKeN0sspZ5WzlizHB65GM112kfD7Wtf8RaV4ajhubi41Vo4NPt7eJ2kuLiT7sNuqnL/McN2HLZwMD9G/Bn/BMHxOdO8Pz+JtbSxh1otd6pJGVj0/w7ax4Zlu7yRgj3m1sNbYLI2F7gFTxtCnKjRnzVakpctCmlzNSbhdKCu0nzrX3Yt76I8bM5QoUZ4nGyhRp01epUnKMbyShvZKUtGrJNvXdXuflX4X8Parr2opYQ2k87Xc24XvluYLeMkkyO7DaoVOeSRnGCO/tHxj+D3hrQNA8JXXhO9m1W6uNOkGuxC3aS4t9QI5dyo2rCWyFHT8Tx+7vhj/AIJqeBtP8D3mp6f8RNOg8PWiSFtRvtRs7Se82r+8mj3EubdHyTg/MAMdq+LvHeneHPA2s6j4KsLzRPEOj2Ea202r6dBHcJK6Z2MtwQxOcDcxxk5BOCSFnGFzzASwWNngZ0cJJtxg3H95dR+JKTls+ZPo97o+Lw/HnDlVVMLgq8cTWW8lFtLWKkk3ytK90m2tfLb8TNR8KapGVt7q3l891BjjFu434+ZU3BcHI+9jPLDBzU9h8KfFOsypDa2EsMpGRHICpZQu4liVwqgc5wN3XgZx+kuv61o98i21jpVjLc20h23D2kYLqDyA5H3lUAjH0yOaztJ8eaPZrIb+wtSIZAt0ywKhIGEC7xljwOgwSMgcjnnhn2LUWqeGjz2vJ3b25b6XbdvKyav5ndTzaGIinG1mrxavayUX1vK/W6v26nzFov7LWs39vZyT6nb293JGG8sMmIdwAJaM/MQASc5zz6HFcifgZq2j65c2Goyu9pbO5F6sBa3kJ4UZB5J69eBk88Cvsu8+IHhX7Y2o6ejlo1C+UHZFVeSfk3jjngHqT2G7GfJ4+t7gC5ghhmgSZWZJ1VmLckY3Dpk8Z2kE8ccVMczzOU5SlGTT93lcdE3y6prZLS7ej03vr10cRUkk2rq/S7Tso2atte997699vnbQvhZ4Pt9QT+0Vup5Iw0sm+NlhkBwdq5BAHQHqRz0rtDrnh7wessXh2Cwg+0SEoixq8v7sAcu2SBweBx19a9WPijT75ZnOnWEnmqY9zRIhiP3pApAyxA54bqMdzig/hrwPcqhm0+B5ZIzJHKWCmNiPmUDO48MwA7qT1xxjUqVsQ4RrKfK3fd2STjG1lurc11ok7Xt176FfmTspR10d2rK8EtL6p2lvprtu14Xc+NP7e1BReZluJZPLO+PzE8vPyhFwdpC4JJLZI7DGPTdJ0SbVLOaOxsLi5khMWZGTCiIEfdz3Cng4PHGB2uW2n+FdJ1B5INIjjdAZDPIAyuAuDtznngkAAkkjGO3TJ44t9N0e6uLUtEXfaiRIEIGMbMcZyPlGOh+UHHXaOEc0uSMrL4Vy2WiStbmVrt3bs3dbWuZ1sQ6lot3u23pa9rfDr2ers+2u5haP4cstMa41G+jdpbWU4tpR8r5OGBz94BsKAM4xx1JG3fePX0xoItMtrezEgSXMcasw2rghjtAzweOmDjocDzDxN8QZ2YTtAGeSDyyqknYucZKjA3ZGT1JP3vbhp9buZFCxFnEiRtubIZS2DhQSTkDkj3HUYx1wwE3BJpWSt1dk0nq3q+z1Wz7tE0aMVGTfMtm010Sj8KdrPbZ207O7+gdQ1yfXdO2G7m/0yTcsO8n94GGWkUngdyoAwMYzxXAaz9pWK2j84RGJvIKjh3O4AnO7occg56E/TP0ebb9lmW5CvEhaXflVLEH5VBGCQB1IUnbnHIx0i2bX1q+oSHc01xGYlCghUDYLjP3Bk98HPUEZrnqUJ0U3Z2T69rR6Lz06WvpsbRi2m1tZJ6vsmu2rbtZ7a7o9g+DFpc3fjHwdBdO8nneKNBthApLEwtfwLu27mGdp5YAjHIwDX9hEccWm+JrLw/bJLNBa+HNGmEUshIj22kYwFJAHXgYPJBAOMt/K9+zH4Tj1b4m/D9VBEcnizQ1llKg4ZbuFiqY3EgkEA9Tgnk4Nf1bX9jBJ8al0aG6iS8uNBs4okc/O6xwRqoHdcEAnIGBz61/mp9N6lWx+K4fw9OE6n1fC46tFfFabdOCaS0bbS+JdGt0z+n/AmccNSzOpVcUpQT9+KlaMI3vd2766W00R0unzmDUbeURGOUNt8sDK8cBRkkEc85/E4zXtPhKY6j458N2bxSSLID5pywUAEFgcnHy4GeWAB4GeazNK+FWuy3DTTajZiCLd5kwILJuycRjHOxerDIJxx2rrPAfhjULD4n6NaxX8NzY2lvcXU91/q2SM/KFRG5c5OTgHOBkkljX+emScMZlLN8tni8DOGGq4vDwkpcsXJOpG8tZbWTu3ZJNrTU/SuIs4yutgsw9jWjUxFLA4iSVON3FqnZSUrWvd9FzWfQ6v9rfQYYPgH8QLpmtrJzpheAIERmUSRqFYgYZmY7s5znJ+7tFYHwdk1M/BTwTEHurmGTwtbRytErbE/djCoMA+ZgYByeSAOMZ6z9px/Cmv/DjXfDOua89pazJBbPdNLGkYLTxNswCN5PQjcT0Bx0NPSvif4c8H+CdF0TRLBbm38O6Pa2dtdOyrDcLHbqokXGQ5baCTySSeeTX7nxNDhrCUMVh1Xp5dh40FB1KHLVlWrOMFODVNOKlZapt7R6ts/LMojm2IyLAYeng62NxEs2nXgqjcI06Xs4KM5OXTRWb/AAPGvGPhUyHSpNQ0KybSYpZLu5/tgI0buCSrMsvyBycldwDE8gda9Y+HGq+EdO8J37afPa29zLbSCWzt0GyPJYRQwxx4CqccMB05wAc1+R//AAUI/aM8bJ8OZb/T9WvdMiutZhthaaeTCxiEuARIuPvYG77vBGa+m/2Yvim1p8G/h3qEmiPNrOs6NaT6hf3Eb3DgR4xJNuBDMS3zZ6dWyea+WyXKaXDuQYDieniVLJMZjsVgqCxUJVa0JKlFzrxowdoykm7QTu73k0z7zMsvxuOwNLL8SksbH2VR0aFW0W7r2a55q2jjZ2130S0f2BpZ8SalJdS2Xg+91Brm7EEF3qsZhihgUFjJBI67ShVidpHzfKN3OT+Ev/BU6C5ufDXjiG8ktrW50mC0jkhjCo4AlyYtwx938fl7YxX7dav+0F4n+wf2e+oWUEcM26M20Kw3caFcBUQHduwOhBGduScivwJ/4KK+If7e8DfFS9v2nkvQttIt1KcPN5j5IfnscMeMDGDyef0LwxzDJ8X4kcGSyWvj8TKOa4X6zKtR+qw5pV6KfJGMpt8z5m3KTbilZXunyYbB5vg8qz2eY4XC4anLL6saMKVepUnNxgrOUmoxTlFX5UrKTlufz4/GC6mhs9DZ5t26KGP5Rz5ZgTgkHA6+4xkgDFeyfsyX6/2LrqlcAQMgIyOm4gnjI+YNyD168cV4J8XpUl0Pw+U+8oh3t1yBAmc8DHU8ZB4APcH0n9ne8uLbRvEW1gco4BBIHCnkEYPTJ5688Gv96sJTX+r8IxbbeHja13rZWV73TvzXa876H8fVqslm85PRe1d7La8o/NbtO1ttrK5/Qf8A8EoGilv/ABS9w8IWCJLiLzNoRpI7lipkLdeVxg+/Ukmv0R/4KR65Lrf7JfxAaeCwjMVxpCxTwKjXC7J48OCAGGCSCOCcAtyK/KX/AIJgeIrfTF166MPniJ7cXMTOcyYmZtqLn0PI79AMgEfdv7cvi628Tfss/EudtMm00SXenJbozNtxHcAGRlK/IpwcYAG7ptIJr/H/AMUsVXw3jrjsO5pKvmeAp25NXZU18Tve2t2krN2b6n9bcP4GGIyXI8dyc8aFJNSUkkm0lKPLdOTbW+vTS2/6j/8ABPjXtdm/ZQ+D9ja6hfW8A8NRwSPDHnzQ7FSyE5wwJ5xkHbxnrX0xfeGJdIk1a5HibX5y9rcPBazzFbdp5ImzvUjB5OAvQAg9mx8H/sC/FPw34b/ZY+D1pqOp7LldAjG2IbkI3dHBJO48A56ktnrX2Tq/x78C30T2Mr75RHKpkEZUgGIgs543EKemRuPHTOfvZcecM1MseXZvnMZY/Ae2o0cNPF1YRptTsoNQnyxasrqStpqtdPyzNOG8+jxFjMTgcoqrC4jGOpOcMOpOovaRlzc7i201fZ9dD4l/YOuvF9p8TvGWueMbqC30i88Ua3o+nwGaIxeZFqE0kczq5AQugIJG0k8EDPH7VveWDmW6+1aeEVPLYu9sMrt+XDFgSS3Gc4GA3A5r8OvgjpH7Nl9rHjW88TePvFGjlfEl3cR6et/LbRm6kvmkae3C5wGyU29o+GLHNfdPjDxn8BrLwZPpOl6lqmrteRxxWt7bahP9uijRR8xk81cDAJLAZy3sa/QvCPxIy/hDIczlVxPD0sJiK9XF4ahi82pUcdKSpqPL9Vjh6k4xnKPutpKXMna+p53iVwxjM+zzCPD4POY14YfD0as6OWVXh7qKfOq8qlOM2lL3uVWTi1ZNWPGfjF8O28R/8FDfgp4pF3Emg6Z4L1G41GW1njADJIRGjlDgknpn5Tx2FTftbftd6h8LvEw8LeEdAvbiKGwigvddGnTais8Ny6/uYII0YSOF/iHpyMAA/OWm/HL4c+Ev2ufC9gxv5/CsfgJxdNqc013di681eVUsZPKIJBfdg9Rnt9l+Iv2m/gVqUty1va6atxaRxG1kv9IimhUrgBi0quxIztIYg4OAO58LG8R5Pm0s1zb+3Mp4fxGb5t9enRq1vbYmvgnToqnSw84wpv2HtFNwlypttqyW/fQ4czHDY7I4YnIcyz3C5dk0cPGLTp0YYmVScpSqr37VFFxTg20o2bZ/Ex/wU98cXfxO/a88O+JbiwvbUwwaTaRJdxNC5YeWWKxsqlBISSEP3SSM9Qfzu/a+jQeMtMUQsHj0yMYI4IEagnrxyPcgD6V+nH/BUPxVpfjf9uFtT0C4tX0+fUdEDR2VstvbQy7UVmhiXAUP97PHYZ65/Pz9tGw+z+OrCMgOX0uAbkGBl4lPYcggHqOg6YPH+hHhXioPhTJadKqqtOWWUnCq2mqicYtST1+PV/O73PynjvD3zPG1fZOjy16UXRaX7rljTTp6aWj7yTVrpbdDrPg2gXw34VMS7StuxIYgnkAAMCDw2evbPy+/9Dv7Bdk8Ot6DezDCWfhPxPePhcABNKuWyScAe/A4OBz1/m3+FXxN+FWiaFpcPiTxDd6de2Nm6uotpHi3K4yNwyMAYJIHygru5xX72fsVftM/A7R9E8Q3174umfT4fhd4ktrbVWtWi0+1v761e3trae5YoqXM0ko2ZIYjO0d6/AfErh7N8dx1kE4YLEPB0M7p162IhTl7OMVUi4yckrbru1d+h+gcNZjhKPC+Oh7elOtLAKEaMZLnbcYR1Vr3V7NNu77I/MD4CaZP4m/a1+JniiW2gPhPQrnxZqWs3F2vlwSK95KojVnGJc45RCzN0Iwef2A/Y8/Z0sfF3jy1+OfifRdO07wZpUs0Pw80A6evlXU6swuNZuYJUIkScjdDuXccEgnIFfIXibxfonhWz+FFlp2i/D+3tdcvINPvm8N39pe6j4h/tS8adr3XnhYNESdnnibdsU7SB1P65ab4s+MJ0LSdH8MQeDdKis4IYrOO0ghlt7e0ES+WI0iYKGCnJ4yWPXnNfz59JPiDirDYh08FTeC+uQ/s2hiaU5OccDhmva8torklXnJJyTbUVZJ3bP1ngDL8FWyl0MNVjVlUm6+IjWqQj7OdS1lbqkleKdnfW12b/wAePDVtN4n+Es8cLXTS67qMFnptrbpDEGnU7gBGiqQSR8vY+gIFfov4L8LeFNC/Z41uC70tv7auPCmvtcpPAZJ0lOm3hGH271VMr1YKMEfNwB+a/hPQf2g9S8UaB4n8YX+g65aaDNeHSrKK2EEdpPIRi5ZQSQ5IyrE8kcDnj65vvFPxtuPDOv28aaRaWb+GdYSZ/K3MsZ064DBFXAZtvcHngA1/LvDed1slznL62JwMs5qrAvDSnUpyqxpVcTWg51V7VJp00m3JJJc0tr3XvcY5ViMRleCwVDMcLh1RxMa9WccQqbnTjy8tNpayckm2rvWy1S1/J79kvwppvij4VaJ4hv8AzYrfRNe8VWChSM4j1O6Knygp3DLAnIOcHpgGpLHQo9S/bg8OWVvi4Sf4YahKVmTa21EO7arDO30OOMHIBrqP+Cfvi/xlo/w2lnt/h3p3ivw3Y+NvFNi9w9xDHPJqD6hMZQLVlzs3NwcbeOgJIHsXiHxIg/br+HXiS/8Ah6NFkf4S65bR6XpojuXn8pFZ3m8oIsbR5A28kHOPb6Org82wvFfHGLqV26E8tzVUcPTbqTjGcIz9pCzcbqDfutJtvXU9CtmcY4TL8HSwqqQp0KdSGIeIp61aaglD2d3JuTSV7JbPU7L4l/DuWw+Gfiy8XRmggOnLGrKqqJl38vyAyljwMce/AFfhN8WrIH9tT4b2kUNxBLH4DsjGtu7Ryo21yArrhgw5O5SMEcZwMf0ufGn4k+H9f+Fuu2UOiXmmSPYxqyzxopjjRxvdVDsSCeBxknPTNfzf/F7UrKb9vD4azabOyJD4Q0u3knmRVSPc7eaZWYgIQpx8xB2cAc5r6LwT+uSxuf0KUcTisMuH81qucqNWF6s6EU6cVOKvJpJK293bU8zOcc8XlmBnjadPCV45th1CPOnL2alBqV73tZ30T2e+5+nPw61rx/Z+G1j+w6ymmRSzW73k1/P510sZLRwpGfmkiYnbKc9yQd2RX6b61qb3n/BOD4hSPYtBM/g7xCkkJy2xxHLuOWySSSW54GeCOo/On/ha9pYeDp9DuNd8PxeV5srbbq1W5txFkqIl372diNwCY3DO4kdfud/F1te/8E7/ABdDHqulMt74E8QzrNLe2olmQxzlsRiRd0zkgBSDlsKFJK143C1XNMBmubVq+W4rC08VTr4Wg3QqRu51abjF80bapNuzeySSYccUcPiKHD6oOhOUM5wFSfI48/JB3c5cru7X+01G6vofzCeGb25g8LeHrWOSd3vJnaOMIQiiF2OwccZIyOMHPA44/MP9pCCS+8beLXkUOy3KZ7MiKCDlgASdxIOdq5BOBX6S6NqkFva+Ebd9UswrSXK7I3jNzG8pfykWLcGLu2CMgBuM9wfz9+Nngbxhd63478WwWLpo8F7PBcz3MiCdGiUyqwt1b5hIpAzjGcccED+6vBnCrLc8eJxEXQliqUFzVIuPNKU4q0G7OTldt22utT808SpSxmW1KNG1SNCo5y5HH3YqF72v7y9566b3t1PMP2PZVj+P3g5Ety6m4mi4BwExlnUZ7DB5O4DPXofsr43XUUXxR8XtcG3ihl8VaEC00gU+TE1uS53HkIF3HHK7Scd6/OP4Q22uXfxF8KWmga1JoWo6nq8VnFqUXyz2rXUgjkkVRyo2ksQpORnuQK+jviz4J1HTPiteeEde8V6h4gMniDR7K71Wd3jdxfNDFKyx55dRJlSScjIwTX9WZlTwtOpinVq8vt8snzwUZJqnHWU1JOzstLXu+3f8ByueIlQw/JR5/Y42PK20oOUnHlhp0fe+l1e2t/3x/aD+L/wWT9n7VbJPit4NuNSl8CaDpUWjQ6pDLf8A2tLaFpIliWR2BXGxueG6jNflZ8Bfi98CPC1xqd54y8V2liXb/R7aFftUUwjtyA0wRhsZZgMHkZ5OcV+g3jr/AIJifsneFf2YfF3xRS68Z6p4osdB02+in1DWCYIL+7tYneRLZiWe3ErNhckBcjgDNfn1+zh8Gv2edStfG9trngu18SahoWnrdW15qU7MvnS2jEhFXaGCSEMpB5PBbHNfyhwnX4Djw9xF/Z+IzrH4OOc8mLao0MNP6zOrCNqTlKUfZ3nHmctdWrLc/aMfV4jnmOBcqGAw1eOGlGmpynUUYxpJyurR5m1dpO6V9X3+Vk8UfDfU/iRq2oLrdpBpF54j1DUnv3QpusJZHaJogSSzdBgbjxvBGK+yP2nvij8E/EGs/swX+i+PdM1DSfDem2Ft4ia2VpXsBazQzM0q9ZHIQo44xnaDnmvzGg0TRE+IXiO2j01V02y1e+htrTBMaQtetCsYBJIQRsFA7cdDkV92/tc/DP4aaRD+zTp/hXwhp2grrPh7T5ddNuPLfUJp3jWaWUkkb33N8+RgZ+XNftma4XKocScFqrLHc9XAZhToODpKnCi8vUpOtzRUnUcOVRcdFK7aSPz3LsTjpZRxCorCuKxuGlUbUlJ1PrEVH2buklzatO+r6bnjEnjX4fav8cvFGr6NrMP9iX2p309jNFCytNCyylCqHBQbvuqT055PTN1/4ieFrfR7yNJL27SC7uUBAKqZZJiw4bPABwQQeeR3NclpnhfwXpXxS8Sw+YdN0/T75LC2t4QJSD5LFipAJYswOcc8+uSczVbn4clNVsI7e7vZjPMzu4KqJkJ4UH5eVA+bHPPbgfpGEp4Jxw0Kf1irCGFouF7XcYxjy87krczjZt7N/NHxuIq4uMqqqOhB1MRU5nZ25m1e13eya27Xt3PVdH+Ifn6XYx+HdLJupVRUQRmaVnVQPMdh0yeigADAXnOa+rvgv8OPG/j/AFC7tprmW1m1PSJYpbmaU28FtBIcSM6gnzBCpYhOM4HTNfIPgbxZplnpdn/Y+mR2b/Z5BHI20yeZGAN5JGDgDAXjodvINfXngnWPHDeFvDz+FtTuYNa1nUbnYYiUzAmUlSR/m2xHJwDgAYzwMV+c+IWLxVPKsdRwap4KrVi4QxNdKcYTSTdRrRWVm1qlok9EfXcH4HEZlmOEw1GnVx2Iqypwp4XDwfNVm5QhGEFHVtt2Vk9NVc/VjwB+yP4a+Enwf1rxrqd7a+IobGOwMGrXsnn200zMssttb2hYmNZCNoYkhl5HJNfO37Z3xY8G6t8JLOxudF0fTdJuYbm3sdLgC24e+MQVLxow2VwwyM7TjCj29C0TxH8RNL+EEfgTxBfw6hBMbXW9TBnkuJIrSBg0sTqpcAgnaFGck5Pevxl/bv8Aina6xew+G9EWWxtLG8kZgrN1AVQkatkrhlO4Z6kgkEV/JHhzwxmHFfiBH+0c0xGYPBZhDFqtTqTVOEcNKGkKcZJQU3G+yTTst2foviPleY8HZesLmuUYjLcTVoRVPD4ui6VR0at1ZOS1Vne77W30f5/+IBYz3NyLSZYhBJKrLFkCTDtgBiCcY3KSOSCQ2cYH1P4F0FNd8GaOsms6NEIFRbeCd4w8U8jqgaZt2UB3ks+CFyTg8iviKdmOxlfJKFsFwN57g4AIbII5GNxJ6AA+o+AL6eO0u4WtbqdZIj52HdUjiLKV2nI43DacDrzzjn/RankyxM8uozc1ThiKCnJJ/ApU01a1rct9dH01dj+a5Tap4iVOEFVdKp7O7tabinCzV+azt00avufqX+0Z+zz4L+BmmfBe8TxvpOqWHjrw4dR8Riwuor+70m58kSziGSNspCfMVYlIzwQMDBXov2aviF+yVpfiOLSfEU0nim7Ajjhk1HR/t5hZX/ePbpuRY5gG+RmJzgZBr5/+OHh0a18M/gtqVxdWllq9zYtEyxal9suTpjKqIfsxctGwUYKbQ3APbJ4b4V/s4eLPE2pTQeAPC/iXXb+SaMNqsdrNb2lrnBL/AGgxqIxyxPJ6gA81p41eF+E/1ixmWZfjcRSwNXBYCvh3l1X2dNe2weHqJSkveUlPmdWLkndtPTQ8Lw/z/OMZw9hMRmOEtjo4jGUMT9Zg3NxoYqpSg0nGKs4wjyy5dVZ7s/XD9sjxD+xZrmjw6L4B0XxLbeMrzTtNmg1KOKWztktYQpvYpLGJnRjJuIiYY2kHk5rwPw38PrGx8K+E/F2habFY6El/Y2Ug1GUNeOz3CC5u1tMGRmEQJXCkZ49q9m/Z2/4JyfHNtYk1/wAY3uiaHpBt8Tax4ju11K7ghdTvWyglI2kqcbQDg9Nx4H6j/Cf9mPw74TuYNC8IeErz4la0xJXxBrys+g2ly54ktYnXyVWNxlAqtgBQBzX5XheAsdRyqOHxGb040qTnGvWqte2cJR5Y2ckopJb3blzLvt+oYDEWxVNxwtVyaXJDScYS5otc0m3ZS1urKy2tZIn/AGj/AA98N/jr+zb8Jvh14I1PUdJsfDb2V3Nrn9ltaWcbC3Q3aRI5UvcPN5gLBTknIA4NfFvgv9lDQ4dUS2+Gfw/ufiH4qkYLdeJ/EcLXMFrMGwLiGJl8qFcgYLMegOOgr9ntF/Yy8W+IL3R7j4kak8umRsHOgaIFstMtIsg7cwqqMFTqOeT1zxX2v4T+DPhn4baAYtAj0y00md1hmaXyoTGYzl5Jr92DF8HkbiOenBIXBGC4S8NMBUyzJqGKzzGTxOIxVTG46XPGNfFTU5ulaKTSk2o8qXV81z6jOMuxnEdWGIzLFU8JQjCnTWGw0uVyUElFTlq2+mmlrXXQ/Hr4Z/8ABO/xd4qmt5fiRqrQEuHGg6fMEhjblvLAi2Qqn8J+RgoyTnPP6IfBD9l34S+BtS1e001NItNW0K3Q6mClu76YhAYTXc05VXeRjxgArwTwAa9W8V/tIfB74ey22gaWk/i7xAsZz/wiAXUFhkZjGY9Rvl/d2pWThixYdWHda/HP9qH9qrwBY+N9Q8T6xrXivTvEN7GljN8P9E1kW2gXSQSbopNdntyHuXYKBIgYENkHONy/TS4kz/NK0aFStVpqcHKGGoQ5YRcrKEZJJu2u72te5y08jwOBouVGhSpUqcoqVetJOTleN2o2T5rat7X0u9T9w9T8Q6D8N/D+s67qM2j6L4VtdPfbr11Nbw32sMBgppEe8yTSFtyoU+8xGARivy5+Nn7dOlyWVzZfD+JPDDW9xFLa69rc39oa1fXcZXa1vAzYtoTjeEI5bGcjIr8S/il+2X4w+IEzaZqGv6lb6ZYuItK0w3cr6TpNpkbIoUZ1EhVTjexY5HQ8Cvl3xV+0L4a05RLquqrP9jb95I1x5kt2+CdqgNkAnK8YwPfk+phOHpVJxq5nVVRyabozdoXbi2pvdtXbSeiSWh5uKzeNCLWD5XOK5Paytp70V7qdtXuno7JLyf3/APGr46eKPH+oLq3j7xBqviN76cNdQ3GoTsk8ULERRx2UTLCgwPvGPgY5OePkDx/8QtBghk1S+vIdH0yDdLDa3c4BKQhgqRRIylfu8nGSfZsV8V+Lv2stV1qd9P8AAWk3FzfXb+TFcvG1y4J+QrBAFYj0G3A4GDgCue074H/EvxxE/iP4ra9F4W0SYGaSTWLkC5WBm3H7PYblIJVs89s4/hr1cVjsDlcI0XKlRoxSUIRS5p2s1yRi+aTe+kZbu/W3jqpWxk3OMZ1ZvllKb92KWjd6knZK2tvkin8U/wBpS01prnS/CWn3UgmBSS+V5fMnI+RY4EHzKh2gLztAHYAE+X+Fvgv8bPilp9zq8em3Gg+Ho5DJPf6k5soWjLbiwlmIeQ7QSSOGKrxnBr6T0vxF8BvhAzWvhLw5Z+OdYsocyeI9aKPBFMQVBgtnBXKkAIAOmCPl5r558cfGH4m+MdVktjq93puhXtwsOn6LpRMVsyykFEaGEqCOcZIwWwAOtcNLE4jNOZ0+XC0YyS9rWjerJOzcoUbp6O1pVGlfXlIqU8PRlB15PFVZpp0qMnGEZ6JKTSvP5NW3u76+16T8Nv2afhVYx3+v3mr/ABP+Jn2JJbbQrWGRNGgukYbhO4LCaMnILbsMMV494o+MfxD1HW7K00C2bwhpVleY0bSPDZlsYbM3LgGKdLfbJcPyFYuxwWBOTXpvhL4LeJ4oovEuparMZZrckRKgkntlIBWO4lOfL3ABgG5HUjIGOnNpY+EbiLWdWv8Aw5DcpAUtrVzDLeBxgCXbnLTSZyDglW5yC2DhXwuU86ahVzjGWt7WqlOnGSUV+7hFexhZr4ow5ul3qzemsVGK9pyZdhXJTcKdqTlH3bybcnKW+7e6Vkecan4P8S+KEs5rrRxYav5qS3N1Nuaa9lY5e7u2kDO785yxydw7kmuh1Cw8J+C9FGp+KJre/wBSikj2peBYWeOIAvHZwkFn3gMokwQQc7eOe5s/FHi/xveR6H8MbC8utXuFC6hrF5EDY2iHG6Riy7IkXrkOTjoCOK9k8N/sKaj8QTbaj4w8TT+NdfLmTUbWyRrXQdL3AkpLqcn+jvsGdyxqOQw5wAOSlk2OqNvFz+rQbUo0Kf8AGmtErtWtG3f+7aNj01iMBCDeCpSxFRR5Z169o0YtqKunL47b2Ud9WtT86td+NEfiG+1CfQLQaJZTRtbi3sGMt1PGqhFiRFBbBIBIHJ6e49i+Bv7Nfxl+NFtDqlta6lZ6FDMzrrPiNTY6TBEWLM0KXKqJnCjgKBk49QT+nHgb9kH9n/4LX0eo3Ok2vjrxerCSLSLciXR9ObJI812BV/LbBdiQpBJwR19sN54k8UXa+H9O025vVcLDp3hfwpb+XY2qsQIkuWto1iYoMBwQCQCc+n1WByJQpqdSEMNSVnKU03JqyXNeTXR7vf0uePWxNSdROU3WraxhTpL3F8NrJWvHTX4V2tueK/DT9nX4IfCS1hn8QXMvxN8YRD7SbdlL6RZSrgtstx8oCuMLliDycCvdFl8bfEO4tdC0HSprCzldINO8MeH7UvNIgIVDdC3QJFGRglnPQ4xyQfsn4N/8E8/id4yt9P1Xx28fhXw7cOJ59MtkzrN1GTuEcpA3xIFyOT1HPcD9c/hD+zb8Nvg3pci6RZaZpkASJLzWdU8pr5yvIzdXH+rG4HODwAdvTnLG57lmVLkwclXq25U6bvHm01c17rs1tHXztv0UcqxmLtPERdKKSa0962jbSS92/W92no+l/wA1P2fP+CdniTVJtP1z4m2qPGTHPaeGo+IIVJV1k1KRDhiMfvIWwSf4uQa/YPwH8Fvh78MoIr7UF0wLpluBHLdeVa6XpsUS7iIY3CoNgABdi78H5+a8z8XftWfD3wXft4O8DaZqfjnxO2+IJoCPc6dHOoC7rrUI1aNY42wXGemcAZ58/wBd0TxR8SrO21L4x+J4dN08XH2m28E6PefZrdrc4kjXUJkeNp3KYV4iRk7hnIAr8/zriPEYq/1rENP7FFX0ScbqEFe+q1bsr6u7PpcsyeFHldOChT05qiV5yaaV76X1vvZL1tf1bxd+1sb7VbvwT8CvD83izWrfzILrxM0DDw3pO35XeKcosU5iALAIwBIwMV5ppvhq0vL+Txt8XfFkvi3VGcu1hcymPSNPlAyY44NwQpGxwOOowenHlHjH9oj4WfD6C48LaDbW+i2llbsslvpMUaPI0K4KSTIRI5c7cuzsxPHOM1+cfxV/a98Q+MtO1TQ9CS303TVmdEvSxhnMKcFd2VGduWJxuJxgnOR89Rhj8zly0qcqFKzi6tS8bxXLrdWaVr6RXTezuetXqZdgYtxtUqtfDGXNPmVmlO2y3ulpvq7H6A/tK/tYeAfhv4afTPD98NZ1S4URQaVp4EdhYKRtRpFiO1nQAD5uO5J4r8J/iV8SR4x8SXXiW7jt45plZJy8a4ijck/KTghgSW6tjBySTXA+P/izounyeVdax/ad0VLzpHI0jvMMM28sXJXdkYB7Nxg4Hwv8VvjRcajdmCyu10+0CZlsrciS6lbJ2oI4ssxbrtRSewGCVH3fDtDC5PyzjaVdNc9bSLa91yafSPWzs+rd9T4fPMRisyi6fuwoJLlpRs1zae9J9ZW05Vqfc2meKJNI1Sx1LRr5Le4W4jDRiTb5y71yCgYBlOAMYJ68jbmsr9rD4q2d/ZeAfiEmi22oeMvDF+NABuVWVDZzxgRSGJVILRSuDH8p5wAo4Zvz88NePvFGkWiP4gieDU7i7juNItbqUpdtYAhklltWIaHcuSoYZbjjk5+oPh/4mt/GguZ9Sitry7s7m3u7CPUED26XsJRkMkZ3CVY2AY5DcLg8ZA+/xs4ZzlGIWGj7Sp7Co4csnaUox5tJxvo7Wt0Tu2fFYBVspzKhGs5QhKrSU4tc1lO3NJxdk3Hfe+iWmrVvTfhpqHxA0m38W/F3X38H+DW1BLi7N6WXWNcjdllW20PT8q7Q7WVEMcZHOcHIr1jVU8Q6T4I8Qp8JvAsPw1+F+k20t7ceLNWiDeK/FtiItjfZJGXzo47nCkopDAMQOnH1FrvwR8AQeGPAPxa+KvjmfxFqOs65Zwy2NrtS0RUSPyNH8L6TGwjmmzthkuUi8tScNwK+e/2xvi9Z+H9HvfDpvrjwrfO1vZ+FPhrbiO4uY9LcI0Wr+JbiIskc88WHSy+UjeGOM1/KqzHMc2zSOChQqVoU8RGMnKE6eBocsrSVODalia0UpN1an7uLtaNmj+kI4DA5dl/1x1YUpVMPGavKMsVW54JwU5JWo056WhBuUr25mtXd+FPx/uvh18DfC/hfwFoqeHpvETazqvibWbtZb7XtSu5pHSBLW3g/0uNZI2CqjsyruBwRg18Y+Hfg18b/AI4fErVrNdCv9Nt5biTUbrXPGDSWFlZQyOZEuJTduFRfLJkRAihhhe+6v1I/ZK+Mf7JH7PvwK8M/EDxFp8fxG+N/iMXxu9L1i2W/t9IeN2jtUsIJt8NrCp2u8m0jcMknPPyH8UP2in8e+MfFXiI6rLbJrJZ5oYGFnpmjWwJMdlElsYkmkVcRg9ACBnOAZyPH5lSzbPKGV5N9XlLF1IyzjMIyk61Xnath6MYxnOEVb2blNRSV7Po8wwWDrYHLquPx8pQhRpSWCw04pcjipN1Z391yulpFvd32D4meBvgB+zx8CLjVZPEVx8QPjW2oyWSzW+Y/D+lKCFnuLWJOJYUOULq6hzgDAxn1j4XeL/FGvfBjTNQurdbLTbzTFNppOl37WenXlokYWe71S2RlDzSSYbbITkjoD1+CvG2ka38ZNHuIrS7bSNDsbVYob64X/j/dWBbGdvyEgOOTnBJzmvQfCGp6j4V8FWfgu1v769jtY0ie6845lZseZDAh5EAbg8AAKB0xX69kHDUqmGpVs4xFXG4x1JYidWvy+62o8sKVKzp04LTlUVdJ3bvqvzvO+IPZ4iVDLqcMLg4UoUoxprWTjvOTd3KT1u2tbJ9Xb3S712xubZNO02y8oIskt7dREEchmKl152DDLGAe4GAQCPz8+M3xA0zTvFMNjt8y1it28uHczSvM7YDkNzgEjjoSBjHAr6W8VfErRfBnh6MXM8K3BRiLK2cNd3FwyEhZcfOYy+DkZAzzzkV+aOq61c+L/GNx4g1GwlnSKaZra3XLl03ERrHGqMWCdsZORkjHX9Jy6lUw0J+yhu4wSjHVaJLRbK1mk0r6Pvf81zrMaM3TjUrR5laU3JpKKXLq3eyta+tr2VklofS+janD9ph1C5jJV9MjMMCfM+GVcZUfMSQxPHzdOp4P3T8Jv2XPiv4t8L2fj/xLZXnww+DYEt1c+LtbhexfUrNMvMdN88o0iuoKiRcgcEBs8/NfwDsvCPhq98MeN/HdoNUbSdV03WJ/DepRtDA+i2VzFLOlxG4zKskakmPq5P4197/8FNv+Cnnhn9r3w14c+EvwHsbjwt8KPAGl2b6ha2duulPfalBbxQy6eIIFj2abbSKwUNlpRhmJ4xvgcbDBZ5hK2PymOYZfTlOeKjWxDo8rjH93T5YrmnzTScrOMbO13rb5TinAZ3nXDlfB8NZ/HIsyx0I08PmVPCwxc6FJ1KXtqtPnl7JVHR5/ZtqXJUScrnzj8Tf2zfAfwd0m/wDhz+zH4djvbqKOS11L4gX4Mt7cXhzHJPBMRuZ2fc0e0jb1wV6/lv8AEjxH8UPEFz/bfirV77UL/WJTJd3M93JcXGyYk+VEh3eSuD0zwDxjkVgx67eeH9fsS8NvMl3KrQ2sq7owZQQjSZzli3LOeVILEE4rmfEfjHxgfFD6LJDYP5s4lKA5WOIjdHHE7HGAMksuCxwR0r2M/wCMc5z+UKMpxwmWUo8uFy3Cr2OEoQi4qEFTh7smkrOc1Kcmm73vfw+AfCHhHgZ1Mwp0MRmnEmMkpZlxJmjWMzfG1525p1MRUUnTpyd1ChRcKcE0lCyueeX+iX0N3ezGzlWFSDJJIrfebGSzEYYtknO7PbjnHsXw7RpLQbGVVie23gY5CSpgEAcjBbOey9jivuHx94B8HW/7CSePtPSBtevfEWm2mp3UkYku4b4uyzwwTqNywbQPkJGM9M5r86/DeutpGl3EkUbTSrGs0QXAUOmSGcYYEjAJwcjIBHSvg1jXjKNZOLh7GrOk7tJSceVc0Xq2tdLauySejv8AsMsKsDVpSUueFSmqrasuVScVFeumyT26JWP1n/a6+KWiax+z/wDD3Q7K90uGTSdG0iDVLS1IWS8dVdVQxKQVeM8ynAJJweK/HyRH3TlLhLeLdvtFSQEHdyd24EHG7I4ySPxrE8TfEHxFrsgl1m5mNlIwEcG/MKbDjdEnHPHAGPmA4GcVxNxq7yZEUrqsr4y+QVPHChDlT75wQc4ABz5Ky2ctE2otpttbczu7+qtr1tzNGWYZo8TKMpRSUKagr3Ta1u9fk1/eRvSbLi9u40iW+MpVJJGAJV+B8rEHaqlu2O2ODWhpPhuRLqS4mP7uJcrIpBSNV/5ZqgwWK8jgHJ7gmuJhOo27veK8kFsSHMwKkNsOeQOQSQQTgZxn1z11lfXklsk8VxJJFK265MbYEaHAOEyQGPQ85JxgZyBtVhUikoTik0k7Lmtqlppp5rV33sm2eQuWa5kndcrS7J8ru/e0snrfbfVHpEUKR6VOfOEMckMgSU5aSYgfxjqF5z1yc+pzXhU988Oo3MdzC0UXAt5CWiWUj5dyDODk7j9ecEHFelRX6xKxS6ZoTsVIJgXZweojA3fiAozyMg7gX6jaQa3DCLm3kVrRHmPlQbdqr0DEr8wYYyD6DpgY58PJ0J1Odc1ObtzKXV2V31S8rd79QlGVor+Wykt01pZNt6eW3q9UerfDbRJLfSbfXNQSKOK7UjTwJSUjAXDO4yT8wG1hyTgZAziuH1W+Nrq2oqlxHJ59y0ToqElIiMl1GTgAH7ynvgknis628ePaabDavIBDZuI7ezB8tGQZAJAzg5zkYxnIOcCsu5ii1zy74TiCW6l8yUJKu8RHCghTglgB8oxg9Bk4NcsaEoVKtbEN8k2lBJO8VeNkktO9mk+nyzqK/Koybas2/wCZNwXvWSSW/wBluy6WM3WrO3vZZEsmG4pulkL/ACuEUZyuTtcYJC5ORwOpzy1pc/ZXWFbksxlZXBJUeXkAAknB4GSuML711+p6CbWGRLC8DxPAxIYMbp35zxuLgjHBUAEDueK8vFpOpLmKaWWNmEygMSgIOGIU5B7KQT83UEV62G5JU7KTau37907O3u7Xau1tvdd7GLV2lpF2unqrv3fm7LZ2ta9lfV+nwyWzvEl1m4jIZWVgHSPJJUpnBwoHHJ+6SCfvVmatY2FoIry1lMcoLxmOYYBQEhYwp6FuzEbj3HSuTsbyaSZIHEgWBvlKHJ3E5UOc8jByeOOTxxt9JttFttWtomuEuZrlmIeFQQpc8DZkgbhgHaPcA4PGFSP1WopzneMraJJpr3d9e3XXturj62SSvZqOuukdnbfrezb1TtfXlNK1Rt7QSkwLy6Sghm80H5U3EcAA9jggjGTjPY6f4kvoRNb3kqvlgkfmKGkJdQAFOc42np69/Xz7XNIvvDVwqPvaGZ38rchOwljhWY42kMRnI/DArHsLyczSwXhZ5OsagEsG3ZGWHIU5x7ng579MqEMRBVoNST2btyp6db9U7fcvIE3o4qUf7t7WXdu+t2tHy3tv0a9XvGnnUyeabaeAjcgJELQk7shgR82DliO/H05bVtcmtyBKArMyxLLhsyr0wc7iUYcDoOue9Y154ne0f7LcW5JKZlO4gtnBU7ucgZyw6lsZOcGkS1utVjhnZ4jbsDiJiMgoPlAODsLDpnqeCAQMrDYdwcnUUZaxs0/eW1t9bdr3+SNYJy5bJ3WiV0t1FLS179r3Vl52K18TqM3n2sbLMNqMpUKgAXO5exzztxk7iOAScfqv+zraS2v7Lmp3R06STVV1LVL2B0t9wa1hhkWSQuPlZY2cBiCcufmGQAfz7tfh5NZeCPDvj2TXNFnt9Z1640hvD4u45NV09YjsN1dWwPmLCQS0bkEYBxknj+mf9kf9jrQvG/8AwTH+JPx2m12bSrT4eeHfGEdlNAyzrqmpM0e5bm1AEkNoNxXzWJAJByTtFfZcI8QYXI8wr4mtOXs54PF4KLgnd1q1NU0raN2b3TevzMs2yXEYzB0oqMYy9th69pSi1KEWqkZJK+7Stbqt0fy8+GM634xt/tL2yQJqrO88pEccDC5Ys8xfB2IOuPX1IB+z5P2K/j38UtW1vxf4E8DXureD9Ngtmm8R2Lxiw8qZEEEqhpCRDIzALwcHcTjt8Y6BokGseMpdFhScC6virNbbm3tJcseNu35SMNzk4ySOmf6DfgJrkvwb+Anj3To9f1XW9W1RNO07TLf7XMNL0uJIvnjntt4DPCMtG7DAIIChSM/H5tHF1syg8JOmqihUly1YSkpRck38MoWaaTV5WWqSWifr5Nh8PPC1PrkJSpqtFuUZqDUoxeluR38tUveSutb/AJqX/g7WfgT8DviB4E8dfZ7LxHfarbSSWEdys8UKYLYO0nLn5W27lbJ69cfOvwN+A/jX41eNNI0Xwb4eutbu9S1G2021tNPje6vb65mlVFW3hQknIZskcIAeQAc/Q37RGsweJ9HvJ7s3d3Cl+rXd+7vLLfXpPzEsSxZEOEjUNhVAA4xXYfsZftC337KPjzQPH/hXT0m8RaRqFjqzPqMZMENnGyvNDGjKypK8ZOxwAykZPSrzbMMdHL8JD2lKNXD04Ydy1SjGU1Kc+R3atzSklzarRLU9vIMtw9fH1eWEnQUpV4RT1nUjG0Kcm1ZKTgo8ztpd7aHrf/BQX9mL4l/sX+AfBngLVPCupeCYvFlha6xf3iOwXV7uVEaWwuJ0wrXFoeZ4W+7uwccCvxa1C4vPPzdzyb2jVE27gR1XqpGRxnsWBJJVRX7+/wDBWL/gocn7eujeANUs/DV1pdl4Ogkt3X7Qt4uoavcxqLy42IgMIRlBiPGR0IIzX4SDwtr+qu10mm3lzabzCGjikG2bPCHgcqCNzcL1PQ5rzsHLBYSlOnDGe1jzynOvVaTnKTUpSkk1bd28kuuos8wuaY7EQlUwMoVJUYRVDDxqTp07JJKPIrSTTvJq+urb2MJ45mhOZliVhuEhP+syvCnnhj0Pv6cY5No3jEsDzEys5Zfmx8oyeH4OAMY244wBnIrstZ8ParpF/JpWowT2cqpvdJySQzKGVeR8hPy8cZOMAZrjLu7uI5hE4iZyoQuQGIGSFOf4iuBjkA4x9Pbw/s5pSpuMuZJqWnKk7N21V+jTWruttWfHYihUoycakXTkmk4vmTUrJO6dtdLJW6a9WMlS5a3853I2nYpz8pAxgY4wowPrxyScDOuWmiHmGYeYEAyCAuGOMAHOe2eAOCSe4t3l1JdqkOPLCoeVQr5m3gnk8MDg5PHcN0rJl/dxpPOrKqfJEjfKHyAN65JJJOMZ4OBtx1PbGLVkrJ2irX6rlfW+jvZO+iu97X5+WT5bJ7J3be9k3fb8dEle2zc9/O76fb3EN0DMVeGS1iJQgYzmQqSSGbjOONw5xzUvh/xHqFncxR/aWhikBjljycFVOMDJyD15wMeuM1mEwRhkhkcvNsdmwAEyQSrccLwCQTg49yDJY6eZpwzFf3bfMCNigE8swOSxyc49OeTwKcISTjJJ631V9bq99O3T7tRqdpKN1HZa3Stpa71drJNp6drdfvn9l/4a/A/4v3OsaF8Tfi3dfDDXWnjtvDAu7BrvSdTnucIn9oXm9EtYCxAZ2yByx25Ir6w+Kf8AwS6/aQ+FPhvXPGekWej/ABH+Gug2UWt3PjjwFqUGsaZHpk6eZG1ybZiYnVGXzUY5QlgRgEj5E/ZF/ZH+MX7W2ueMPDHwfg07UNW8G+HZvEuqQ3NzHbXMtjATiKw3czXEjLsSNBuJbA6Yr9Jv2Yv2svEv7Ln7Mv7XH7OPxR1DVLS/8b6IdL8O2etXct7d6Hr1vcGyvLaFZnP2ZWiV8R4CjdgAjBr57GxjOpKFOupyhy+0oacy5krSTeybto7re2yb+mwlDD1MLFV8Jy88WoYlTtfWN7rqraq3uq29mfjHdtct9ttMGAtI/lp93eqs2XLEfuwCOS2MfdJBHHLW+pyR+Zps92IkZzhsszRldwyxBwxb+E8ryOM1Nq2txXMtyWchosqtxggyEMSzcDljwR2J9K43VNWiuCrWwiEkSACZtqbuzFlI5OMlhn7xOG4p4XBVJWjNXi9WkldNNO722s1pptvsfNTgozcYq9pNJrRvW19Gtldabt9bWVPWb5TdrCztcqjbGlDZEgUgISAcKU464zjPFZsdi3ky3O3ckuTGcgkkEA4HYDdjowJ5PDYpVsZZt5R/tCzjcUGBg9SRltwAxlsdxtxjBNy4uY4bMW0YZ2VVV2LfcVCMhAfvbiMsxAPoeK96nT5IRUVG9rOySu9N7JtPbu90+hKSb311vbRK1tGrPdvq2m7X0saemg2Me1yMSqHd12lggHRcDBPbIIGM8EcDU+y6dbIL6WVm+0sJo4mwVYnAKsTnBCjeAeDg9DjPMJOPJSMIx2JuMg+983OMdQcdAOT16cjR85bq0a3Ux5VVKCQ5kZiRkndyOccejEjuKUqblrZau2rbWnK9VdXfna/m9hqy0vqls9bOyWztt3V7PbuejaNBpuw3ot544vLVoWjOUBDbmL8Yyw6AZwC3tXQat4Ik8R28d/opgSe4VAbNnBkdQB+9DMRh8nkA4yMcGvKLHUtUsleIlUtoNhe3yCrFSDhQMnB6DPTp05PW2PjuUaraPCixFQIUjjJUpkKobcDtyc88YOAc45rjqUa8XzQl2a6N/JO6SurXs3d9hxabSbdrJP3eXTRN21ut+i5rvtd1b/wtqunRRxyWMqyJuhRxFgeYvDZfkd8jls4OVHWs1oZreK3tYQwuZCyXDOy4UnhuQRkBgfp64xX0fDqmnnTSdXkMjqoxDKd0bswUkq+B86g4yuV9MZOPO/E3hGPU2fUPDTJGqKJpLZ3zKS2C5j5P4BegOKyo1XOfLVfK4yTupXT+HdK9tFZ/e9dTodNKneHvbPlTd9XG2uut9720Xnr5NcQNHsjlYIyNJ+9+UZBPGR/EcA/MSMjI7DPZ+Fbq1tbqJ1MsYt9qy3MEjI4ST5XxtPyuwJG7Axj61xd5p+o200qX8N1Gw2qDKhUIrY5GeuedpyBRavcW8yLDKUWRxtJIIAGBgqV55Hv3z7ddWjGpSlGEndq1997WfTotLaX+ZEFKnJXjJ2bTTSb1s1o/O3RbWvuj6u8X32haj4c07SfDktoqW8hu52ZGGpXbPH80N/cZxKGk7MMkdsjcfGU8G69eXME1tDl5nx5KyDaGJ2gtjAWJM5Jx0BDHis21v2iDhpW/ekIzAjErHpzncNvIJU+oweldvpF1FJbzxwX1xFPGioGaQr5jZysaMA2Bk/MxwoABBGa8ilg61OagpXjOWjnvdtLd62te2iXUupyuLlZJrVKLiry92/utXu0tdFZ7Xdm8fxp4LuvB2n2n/CQCJrq+l8xLJBudQVDb4mDEtGwIB3A9SOMCvJEube3FzdLIR99JUZOVXBA8vI646HtgdBgn9hPFXgH4B6Z+xn4dm8WarpGq/tI+KPEyap4aazv/AO1Fj8NsqpLY3hRh9hmRUIdJA3zcjGQK/K/WvBWuJqL250+J45b428ESthZnmO1ESQDBQk4ZiMqBg98e9i8MsBKlTlUU704zdmpJScVJ6xbjo3a7v/hdrHLGoqkW1b4pR+GSejWvM3dpp72vpor6HmkurSRMtysl0IZtoUbiRhSTuPULgnHAwR261ek8QXKIF2pIYl81G3E7eMlXHRj0OMDAGflIzW34w+HPivwfqUela5pNxZYijnVChNtLHKFkQxXCgrKVRhuCHOR2JxXCpo95PNeJFFcQ+Uu5EUEiQBeCDjnGCcc5HOT2ilOjOMXywbdmrcrenK3ZptNpJtLdu6S1beUoxta6s7Wa6tuLbTel9G1Zp3s10Hyak94rSzs6CcsyiMg4f8BlV9gflIyPWtKDUpLeCHyJvtBiUu6kN8gBJO9jyvXqSdwHA9ecWyvQqIsciOoZ5kPytsHVwCCAR3XAPTnOM7ui+H7u7hWRLyO1hlleMm4U75ON23DYOGPHTkE/3jTcMPq5XukvTSyaSet1rdPbXR21IxkpaWXupbPRabdNPTpZaivqFrqrRXE6tFIsjebPECVJH3CeSAeNvqeCfQ/sN+w/NbXPwL1W1ZTIo8ShRKfvKc7gOhwDg8dCMDnv+Mt9YXunXb6c4FvJ5oeWTy2VDEw+ViTn5TnJIGOxzgY/Y39g6N1+DGqASRsD4lJYrnbtUBj8oy2Qpz/dPTAJwdvZxlTj7Ncy5U/kkru176q17W/K/Vl8uXFJt9GrPZ35dN/m9LWbS6t/VOsQWUsPjNbiIskWhzJGOfmKxEjhc4ySVGCc54IzkfLvxF0KFP2PfEuopBIJn1BUS3PKsplwCFBzkdiMcnB5Ix9T6pbu9j4zkSQFv7JnbgZ4MZAXB5ww5yPUE85rwDx1bqP2O/Ed0ZT9qTUdqxPIpUAuQWUDIzj2wD0wQSNMLSlGrSnKV7Tg002no1bfdpNpp9eltD1sdXXsq0WnzOlO1krpOMdVq+az2Wz0b2Vvxz8Hadqt9r0Gl6XZTG9uDHtt40eSaSTI2LFGvzFmYgBQTyOc5OPqz4ifB/46eDPBGiePviLoN/pvhjV/M0/RDcDExmjOR5sQPnRDYAfnXHJwcDA5b4F3+rW2sXOtaXHZRa7pMsMltfG3+03EYjYNtghVG3MoBdnIwo+Y9ee4+KHxx8c+I9SuB4q8Rz+I7GO4aNrC4mZ7G0U4Sd7eyJ8uGZgcFlQYJxjjA9+pjlUqewhJS5FFtPVrVaWuvdXzvrayvf8AOK+Flb21m0+Zt7WWltOmt7O/TpY8EXxXqd1DY/aGMSQEJEQrHzEj4XOCOhBznIyTxzXRyeLrhlMyTeTIgWMHDAFhjkYJxgbcZ5yMc9umubjwD4gitdO0ewNk1vb/AGv7a5aKSWcgNLAN64YKSQpAwDxx1r03TtH/AGfPG1ppem2/iHU/AuuWenyjVZdRgbUrHVL9McQ7diwCQ9c8AhcY7bTpxcE5x5vh13bdkm1Z9E7Xdnp10ZxOmo2UdGknvfVct/ei9rNNPfs9kfP0PjO9mge387fkBjPuKsPm+YspGTgnBH4YAJr6Q+DOteGBo+vjxVFo11LdtEtneX9uJZApH7yOJiQVcA4HByc4zgkcjqv7Ouq3NpPqHgbWdF8T2cMDXEy206W95FHkgq1qx3EsSAuef4vTd9S/sS/sP+OP2p/EfiT4YaRDp/h/xJp+l/2rbalr19HbWKmDLG3i3sqzTOVwFUkjtk8nnzCphcBhVXqyjGnyxcmr3S91a6X0Tbtf9WYQVerCapu/K0rrm1s0r6rzvte/bdfIPj7SfC2nteT+HjFcQXN+3kqgKSLvYZRhn7uThVGQAQOMV0H7P11eaX8QNJjjnaymcyL9oV8OkbDoo9MZPoMgnqM9B8dPhBrvwl+J3iH4c6/JZjW/B+oy6RqMVm/mWT3NqSpmglGUdHbBDBj1GcYrnfhg8cfjbSrqRA8kbtFIIlwoVQMkE9crjJJIG05JrmxP1XMMtnGMlUo1aL5k7NShJJO7vqmmtGtVfsjvymri8Piqc5cyqRlGUWrxaS5bO6e70XfR9LI+2PFH7ffxx+EGq/8ACH+HPFcX9j2KMlok9sZnleQlfMmnjKyKB90IWCgfeBHFfFPx6/aT8ffG7VNP1Xx9qUOpTabuSytYCFigSYAuwzlmEncM5K44O3k8j8XbufUfGmtSW1m0iQzn7OfKdmMWckL8v8DHLAEAjoAevj2qaVvsUu3bypZJtrRSiSMgLggAleeOg5UFfSvncg4A4PyzE080wOTZfhsyknN4ulhqUMRJySUmqiinJyk/e1T1V07q/wBXmvFvEmOpTweJx+NrYXSKoTqzlS5Y8vKnF3Ts1dLTldrLXTsNB8U6PomrWdxbpLZzMGdif3ib34DGPlWBJ4xyB15Feszap4rN/YXF0l3BDehLywnt2ks1cBt0cgaPMbZAB52457mvmDStMuru8ik3x+XD8xEjBsmNugxnqegPPAPXIP6QeBfiN4Ot/CVqvjXSPPNvp8UFnFcwobaSJQQxt5MBopWGSp3HGfoa/WsJTXJ7OEHootWVk46X5lezs9bqzv0a0PyrNHP2kat5K81dJNNJNXSV3HXTs227+XS+Af2vvjr8LZ9PtNE8ZXF54fubyGTVNA1aVzBOYwqny7tGSRXKjCsJACAD619y+Bf27ND13XrfxH4l8V/E3wDqejanZzLJZa/fal4dtbNyi3EkNkrksrDewUPg8A55r8u/Feg+AvHVxcv8N76SzgMP2qTSNUmKzpdIu6ZLeZ3QGNm3bFwck56nj2/9njwT4Z1Gz1eHxVqeg6P4ijgitvD+m+I5N+l6pZu5S787zCqtKFBKvn5eGyOK+L4k4GyHiCrTljsMlXm1F1oNRqcz5Y8rlrpezaaa2dtmfS8N8XZ1kkan1PEy9jCF1SnG8ErxvaLvrbdpW1tZWZ/TN4J/aM8PfH7w18S/AHwz/akv9a0rWfAN3dx6/rCLCrywWLSy6RBYzPEYpZZQ1qzb3bHOB1HzPrP7Ufxl+DvgX4Z23iH4J+DPiN4Gu7G78Oadrc81mkhksSUe+lt94EF2uDIcqzOO57/iJb/a/hp4w8R+HPEF7pukeANIgub7RtZ8KXhFrdahdQl4dPS9s3QtDJI6xtG5fAO3gE1t634ni+IDfDC/8T/FPStM8LaJZald3vhtdUuoBawWiu0bR232geff3IwuVHOQed1fmed/RlrVsLD6viJV8FOtKunWnKTipKKUYTpTgoQim42bV0k0lY/WeGfHXC062I9vSpRxjp04ONBRp80otKc1HlfMn1umn0ase9/tb/Fnwn8avAi6Bp/g1/Dvie01walHd6esf9n2tk8gEtuojABKsDgk8EY5BIHwxff2Fay2o/4SFNllZC1m+0R/KJgnzIyHHzKyghxjIXj25rxVrVtc6frWseGPGs174bbU3XTbdibWIQpJ5gSZpWaRnDdRkBiRtAJ58c8U/F/WLW1RpfC9newNbrE95La+XGxA2GRSOXIVT8+4dQcsTtP0PBXBb4NwkMtjetCFWUuZtySuo6JzTajrdb2SaueZxhxdh+JsS8fTj7K9KEWtLWilb3bX5tdXa+97H0F4Y0TRbTUdI8ca3468LHQ7a4u1TTJ5wbu5KI5VXgUgq+5V2EjkgY6mvINQ+Jenx+LX1Cx097zQ38UwS3a53LJZLOI5UgG0+V5sYIUDBJIAJGRXDeBPFvw2195rT4gRahoFq0dy+mXGj27XSJdFWcSXMQyWGTgMMYyOhzWfZeHNXS0vdc0fWrHUdGGpt/Z8EksdteNEsp8uWW1YBkYIB82fvAnla/S8fTpYzLVhvYQhF05RlKnJOo3JJN901slZ7J9z84wGKo4bMVUqKrOpzQqJtNx5Vyu17NW0irJa3v3P3kv5v2GviR8JNYg1TwR4p8EeIdN8OQ3GnQ6bZT/aLjU5bPe2p30yxOLmFpwrYOwLGw96/DXxLof9marqKWEs19a4Zra4ktpYVmh3EJ8rqCWCkbzjnHB619p+AfHHx90Owt4/B2sadq8mt6RHZXNpcQ2l7JcwqiiLTLdZLdg0m0iMhWUk5G7JAr0r4A/FuHw38SdX8S/tLfBnSdX8HaHAmm6vompafHp1zalWw17pkflqLoxjmSELuKZyRgkflmS8PVuGZYuqsVisTSrTc4Uq9dVHSvL4afNGFlqlZt7O3n+s5rnGB4jpYaFHBQwVajCEJ1KUOXntGN5vaOrXM27J282fFfwNuf7P1DXVaZ4pptOB8rDDOGXKgdcHqMccDnrX6G+GL7ztPsZIgVaK3jV2CkAH5SSfYHPA64zkA1d/aJ8I/sl+NddsviF+xrqzmz8QtY2fiHwbfQtFeWOv38sYeDTbZmLxWcUjlSxG3O0jIIB+4JP+CaX7W3gL4e6B471P4d3WueHdc0ez1VZvDLf2ndW1nNB5q/bbaEGSFkB+fIOCGwM5JwzTOMBQqp4utDDSrvkhGs1BycbXettet+t22dWXU1h8NClzc6uld+7G8kmr3aSlq720s/O7+OxfyG7jSPMrKzqWBJ245AP8IGRncwJCk/h3Gl3EcummaQB2aQq4IABGcjBBBOV5GCSMcZzms6HwnqGl6xNZ6hpV5p94jzQ3NtqEMttLG4BAUpMqNuHKkDjnGQK0ItOMNnawiN0AuJSwIY8hgBkZIAHHOCcEdeAOanKlVSqQnBxlreMrpuTjZ8yeqcU3d92mrb+5QqOHM2kvsru/gtG73Wjtd31e5oRWsJuYZ43aMu+BGTgAjBC8E5AyvPQ9c4yD7j8KPhx4c+JHjPTdC8b+OdE+HHhWecR6z4p12ZLey06GRlCHzpcBGlYhYwQRlwSckivFrK3KXSrNhkRiy9z90Z4wOBgdSOT+FdxL8PNS+JHw7+MvhvTLJNUvrj4e6jeafbM5ikW8gZGiaJgdyzKB8hUgkgYI6rWIpUanJSq1vYRq1IU51bpezjNxg5u7SVr3vdavW9j1cJi6lLmrUqLqzgnKFOMXJuUIxdnCz5tuis9b2vr/AER6V/wTt/Zr1P4eaHp1rp2m+M7EWMUkHjzQ9RiuL3UElUYukmt5JVET53puUcdsnFfDXxQ/4JdXGh391efCDxU11ZSeY/8AYuvlftMaq2SiXLYycEjOFPfstfg18Efj5+3r+xXo+i614Y1v4gaD4WlMAHhzxdBe6h4Wv4kcKsUaXXmlIpdrKuxkUjlPukL+x3wZ/wCC6fgjxLaWWnftA/DXUPC/iKQfZp/FHhlxc6XJKAFaWTTU+eDPLHLEAccjp4nFPhfxJleGnmOQZtDH0HSdaMIVvaOcbKTShJyjJuzVk29XsfecNcXZVjJ0sJnOC9hUquK56tL2dn7i+JJNLtrZLdXWvifi/wCC/jvwFF/ZPijwdf2b2oK/2nDaPc20zqzLujmVSp5AK4wM4z048g1LwBb3Fqhks4XmBaR5G2h0wCSHQ8g9MqMZ5yetfvz4C/aK+A/x+0pJPCfi3w54kS5iUyaVfz2y36KwXAa2m/eK/IBQEk4U5yBnzT4ifsr/AA38XNPfaTDL4a1STcyS2ZP2NnY7syRqdrgkDIAxjHbAr+f6nH2b5DipUM3wtfDSjJQnUUJpe7KOslJ6JauyutD9dfBeV5phnXy+tTqKcE4RcoTTukrc6u7+tlvfW6f89nizwA+nrLPaKsrMuRFGhDopB3FeRkjv19uRmvGml1bTLtreGe8tVI3ht7RBGyBgp90H7pLYHXk5PP7C/E/9ln4leEVnv4bK38SaOisTdafGWuvL5JbyFUuCFxkDqBwTzXxD4m8BaVfXd3a3kEmn3qIwVL2I28ok6bWL4OQRj1B75xX6dw34n5bmHJGWLpzuoq6muZOSs7xe+lu+vZWPzbiHw5zLCN1YULQeq918rVrO0rtapprV2fmzwzTfiz4t0pBaSyWuoWsKBWjvRHPuzuBVvN3Biy8dMrx3FUNYm+CPjWB38cfDrTWv5y4n1DTrRLedGP8AEjxqgJ4BB/H1Idqvw91FNQu0j8rdageWF4ErLyCeoP4g7h6455u7ttVtohFNpyzMiuJVWHOVIPzZzwduOOMe+MH9cwecYfEQpOE24tqcWpW+Jxu1bW/ZX1PyrH5HTi5wxOHTabUrwTWyTbaS1bXVvc4TW/2aP2avEkaf2H4r1nwrK0ylYb2P7bb7sk/MpUYQDGV6bQMc8HzLX/2JJJZorjwX4/8AA3iGLeHS01B4dOZtuMB/MVhv42459S3p7Bc32iWzxw3enXEEoILERcop98EcluT8o7kHNaEVx4TkRWN28G44UuwjZD07fjk/U9+Pp6ONXu2cpLlj9rXo79VZc2vbrc+SxXDWWz2pckm4/Do42UXfTsmk29O7tq/kTVP2Tvi7puoteQeBNPu2ilH+l+HLu2vPNRB95QhyQQASMc4GCec5GoeAfiTpE0sWq/DjxDALZHAmXTpDk4JJZkDBmH3uSAeRgGvvOwntUiY6Zr13BgAK8OouoDAY4BkOMEgkbcHkkjBFdDZeIvFlixMHi29wBlQ5hvV4HG4zK7EZOCRtxgjg5rqdSnXUYt1Lt2k4tNLSLVtEl2T9Txa3B+FnJShUnGTekrpq6sr6aq0t3tq35n5eXl/eWyaVFquj6rZ+VMVc3dnciRGDAB2ZoyAFzuIOOD14Jqr4p8Y2badFo1jeSPAbhri5kljZP3igkKxZRgADbyMgblJ281+od3458XSyxC//AOEe1uIgqsep6NaFiMHLNthGe4BBzg5BAxmheHw7rNukWu/CLwBqe7eJHgsVtnJbJOXUqN2CRkAkEk8dKl4OlKUHGT9xprmjs1yq+91bo0mt7Pc8mfBGIcpSp101KHLzOMr/AAxil1TtaKfRdLM/JPS79ftFhqC3NvHNFfQSw7ZV2K0MyyoXGcgeYoJOQQBgjOa734r/AB38TfEvxxBf+IJ/tVx4e0CLRNNlgk+WO3SERksinOwrjOCBgY4Jr9CLn4c/AG7gii1T4MS2Uhffu0a+aFfqBlgNvACjjBzx2871X9mb9m/V7ie+s7Lxv4auroPG5jvGliji4z8rKS+BwME4IyB1reeHVVOEasU3yp7rqtGpfaW2tt+pOX8L5lllWVTnhOMrc0Yt62tZtPd6K11dXvfSx8d/siaD/wAJD+1P4OtrYr9njsr+7vZI5CkiD7LOGcncGxvbnB4wQM182/HjxLrGj/GHxzbW11taw17UbJBbyN5DRQTukbNn5Xdgfnzk5HSv048D/sk/Dzwh4xbxj4N+MvifwxqkFpNa2Vzd6dJJJEJAVw7qQCpyOcYOScDOK838Z/8ABO6PxXd3fiKz+O2hXuqapeTXV1Jqdt9nkubi4k3vI+9iEZsjcTgDBIwMVzwy2tTqVG5RnCUYWXMmlZ3aXVbrTTW19EfdSpt5VDDeySrKq6k3FvVWi7aJJX3/AOBdn5/fDL4kXP8AaptfEklrLazAiOWaJWERJHRcclskZ4IwM8dfeJ9V0KJ7q9tILNgCAIp4AFlVlOHTBYAsck9CMA4x19Huv+CZXxdGJfDfjTwFrrZUiFNbt7aZjzwiMMhjxyQcng9c1Je/sGfta6BboIPBqavbqwKy2Op210jlcEBSOSCAAFweeuAeLlgasoxaim9FaNm+l1018nffTdnnwwScHGpRalHTnST9LXfbdv0XW3wv4r8WeJNN1m7Wwu59NgcNPFHaXE0IG/hcbXVeOMDnOcdxjO0v4w/EPSVD23i3W4p0PyMt0zZTkhD65x3BAyfXB+vPFH7Kfx++wy/8JH8GvEH2vcVF5bWjSbNmRw0a84/vDO7j0wPm7XfgB8Q9EVnvfB3ibTvKypa40e7AUgkk7tnBAOQRngcHNKGFtZTo+8kr+72cdlo99dtuh5OMyqondQlKN9U4J9Vbluna7V93a1tdDtPCv7Wnxa0adLk6/NqJQKpi1CMXCblPBCkehyc5HJOAAK+sfDvjXTf2rtD1jQNf8PQQfFvw7pN3rvh7WtMiWC1v7S3jEklpdpGAjPsUlGJznrz0/OiPwprekuq3OmXSopy3nWk8YLdP4o+Djj1OSeRjd9hfsa6pNoHxVa3uLKeQ6v4d1i28hQVnCfZ5DmMkBlBBYYySF/iOcGsPhKFSrGnKmlfTWO70t2UW7rltonq97nnVMvjSj7T2KjNauSjFaJRafu6WfK9NlbW7sjg28DeOLXRrnxFfeENcl8OQm5t59WXTn/s+Ka3JSZzdbdhVWHBz0z0JBr591q/V5VeH93EBlVbBdhkAAEE8EdQM8jr2H9Men2mmyf8ABOXxtPNAGgWLxGsdvJFHJNHLJM4EhmKlndTkZDHBBPUcfzHarZFpGEUifu9gGWO75icZB6cEY68DAAC8dWOyeOAVCcJOXtIKTTa0tyvS1rrztfe63tvl0nXdSNOHN7ObjrrazjbXtrqtrrdJscRLfWU9zbCaRLYhblY13LGr4CEnjAZgQSRgDGM4OK6RtGY0MUpd/nTecDAGB1XocZJwORkZ6V6t8IdMluNbbw/ctaRR+KgmltJeKNkUznEUxBbGA7ABsEE5GQenu/jL9lfxB4X0rVL248QaVciy2RRPHHjBZQVAbsSCDnJzn2rkeHnWXNRhKSiuaVlpvfrd7LbRXbe+h6eIq0cJ7P6zUVJzXu81ldXvu003ZdUlzN79fihr8WFwI5ATuJL8kkk5G0g9VHcDBIU5qld6jBJuQKsDZBBAKlhkNjA46+pxj6cdV4p8E6roEscF7cQ3bzsGSW2JkKqACGz/AAjjAJA6cZAJrjH01pIpZJWZJQ21C4UEgAA5PQnd3xjOBgiuSULLlcXz2TemtnZNN7XV7J2Wt92dK561OE6aU4ySako2TvZ9NJNXsttFZ9U5nlluLdyZUi4VQoJVXXg5PIByBwcZ6fSsZVELgqwdtxZUxwpyTtJHBAzljhe+O4rUW0EpjilLFApwynPzDACn7rdQAOe2APuqSS0hBKYdWXADEYwuc9QB1GAQvTOM9AH7J86smnZWul7svdbSWyT73s3e6a3xqYeo0pWaur62bUvddtNHbS19N736+7/s7eIG8IfFXwb4i+2W9pLBrNuI57hgkduZSqNMzErtaMbmB6HaBx1ru/2lZVvfin4ru9Q8WS65Peaqt5/aaxhoWguRu2qnzAGPcRgt8ww+SCAPlO3m+zzoplkY7lYvF8uwqflO4fxZJ5XbnOOprojfXF6ojnnmuJLi6ghM0vzyIWcLG5LZLBMqxDYwmTjsanStJTTslZWbvd3vzXjZL4krLS34erTqxlldTA8ic3UU+d3VvdS0ta3feyd9919Wax+xb490/wCHuj/E201/w5caPrmlTazDYjVLddU+yR8lmhLGTzG3AiI4II4B5FfG95bT2am3uoZBK7sqkrsZtjY59Tg5JXAzjrivfvi9Z+Lfh3qFt4MvvG+pawtvoGl6lb2i3M6WttDqtrHdCFIRIFQRq21kAKvjJOSM+CX2qSXVqplXzp1wqXDDayjP3Q3cDqT82T8w6DGcuWUYOO9m5PTl3SSt73RPy6vc+ehgatObU9UndPRpJqKVrN3aV2npo/mYF2s7+VDFk/eTYTg5UgFs8kj6cHgD7wzbgtvIjYSOuWADsx3HcMjagHOcnPt7ZFVI2YXSTTIzyBnZQvzKUOcE+/B7ZbIPBIAke4W4dpGUqiFmC5I+YHAYkckZPIJyCOMclVDk63urtJ2Td0rcuj1dtNL7W7PthSpxXM/SzstLJ8zVrq93bW7as+5+vP8AwSw8SyR6l8avC7eL9O8Jf2r4VguoJNRmht31Ge1mj8uzs5ZWUKznh8FiRyO5HG/8FEdUuB+0j4K1HXTpk17p2k+ExdTaXNHc2sttFLFtKyw/I8ghBMxGfmOCQRx+d3w8spdc8XeHtDW+v7D+2db03THuLC4lt5o4rm4jhfDwshJVW3DPGR6Zz99/8FDvhPafCnxr4A8LWU2o31na+A9MdL/U3aS7uJvISQyNI5Z3ySVOWJUAKCK9SlKUsK0leFNx1et03F6xab+bvs+ibPQw9OEqcuW611bV03eKvazbtzW+9LT3TzzwZaWGm/tyeC7gNaxaVrPjPStZhkmkWOJLDUokKu0pJEathgSxIAOATnI+9f8Agol8TbiTwN4j8E2ep6Zb2Wm+KfsNnp8N1HcT6haXoDTygqf3kUe35ZB8uRxjbx+fPgD4YeI/2grrU/Evg2P7Bc/DfwNYSa7eG6+zXSJYBYo7q1fO4zHeHCx/MMbsDkVL+1r8ONV+HNx8LVvvEF/4hHifwpa6tdXt+syXX2pk5icyO2/Zjb5uCXGTxilBKmqklFtTm7SjslaMd76K973TfWxcMvk6sa0b+zc2lbX+Wz30sm3rd7a7o8U+BnjK58G/EeyvLXUY7Cw1mwv/AA3q8rgGP7FfQlfKdThdpkC8tlcn+8DX6j+Ofi14R8WfsKXPgnxd4ltrrxP4Ykv9J0nTwGhYvbzPJpsoU8TL5bjBHyr0B5yPxl0+NRqdk42lFvbd5kY4AQTx7jkEcbWbBHQYAOOa/cvx5+z/AOHPGX7Ot1beHvDyxa1pnhe08baVqcYVpb52tg93Dhf9eigMRy2APmByDWuHScZ2i2mrJPm1vZJ2SVr7621eux2Vsu9pSlOPN7qurbN+6r2to7bvR6X6K38/QeVQS+cKB0PDEfKdqgcAYJIY49QDzSxs26QqflfaGJI3MD2BxkMCCOB14xVjUbaW2uL2KQMpjllWRGUoY5Fd0ZSCPlIcY7Ec/KazEmClcqGeXC7A2NoP5ex9genIrz5Jxajb1T8mlvb0v6aWZ8xUp8s3FqSt1as9Gtt1Zu+m/ezLEqukjiNgVCliWOQFAAyQecZOPvDngHpmtcSyKXUZf5BknkKrcAKRgcDnnknjAAJq8gVySzB9pAfJI+XsoY8ntnjn0qm/yyyBVQLJ93OSpCg5AHHAxu+9ntyDwRj7yjyvX4b2ae2trO979ei00uiGr2ta+ltttE21Zp7620VlYopny9qhlKhiPlzgtk8nGMg84y3GPc1fs0lO8bQJCgjiTJDMSV6KT1PQNnHrjrVq1gMs8cYfC53K+3ILkfdY985IZRhQAABhQR+jnwx+CPwrvf2ZZPiF4r026vPGuteMk0LS57VniW0s0VS0sEe1hKU+U7h1Bx8vOeylhZSkmuVONpX2S+F2eqtv1WuvXRbwwsqsXyLZLV2t0WrT2fpfy3PuP9nj43eFND/Zm8K+GNM8VeHNO1fS9H1FNat5poY9TtWmikXBZstKckiMAZY5GOhPw5+y34vh0v4z+J72fU5LZNYk1a1g1C0hle6kknmlMYCxgEedkE9FAI6jOPIfjd8DrD4SaR4O13w/c67daZ4qt5Wmnv1ltS9xFIWaGEfKskIAwWI+oxXuv/BPyZLf47aPPLYQXjNpWoyyQ3sMU8O4RsPMEbqV8xFG5W5fOCMmvWhXnPE4ajJWVLkS6pppNWtZ69bNSs7PZGNHATpzcUle99k76XbTfl0Vm9VuZf7VXxK1v4teJPDfgjSrDXNSn8Iw3emRWb2k015e3hLOkkMKx7/nBH8GB1BBrpfE3xP+I/hj9n3/AIRb+xdV0mGbw62k+JLW9Roo7WJZWWPZBJGrJI2BuHPOBw3T6x/Z2+IngTwv/wAFCfEWseLUsphrN/Ppfh9L+whlsbbUmttiq0Mo8qLexESSYJ3EMc5DD6E/4KUaV4du/g14u1b+ydC0nxjb6rm5t7EwCX+y7gFo/wB1ARG28N52cHDE46AntjDXFVnK7cZxtFe7FJpK7i3Zu1mm9zF4e83dXtq2nbTSzWrvbW/Nd9XpZH809tPhLbKM+0jaC3IBIJ3kbSRjnr04w2as3ksQZpNjhskMB90qQNuOMZ9zwcZHGazbSVYiS5Z49hEAYAqG4HTGfvHIGep6DJpLuVjIG2bVOGVQSQCBgnbwQCcjnkdO1fNNxbd1e0ld2Wqejut7Kyey6u7CmouLUoWbS05W29I3u7WeqT3e9ttS/p1wi3drcKpV4ri3cb2IVUSVWLcDIIxkcsSODyNtfrHf/tceCPDHg/QNM020N1rMOlWomn0pfs7PMloIit221mkIfAJJIOMlScMPyFMm4nKliygjaSFzkELgHrnHQjqK/Qb4a/s46J8b/hzoPivQ9Wk0DW7SY6RrFvtM0BEQYRzuoxsaUAFmY8k9Ocr7mVzqw9pDDNc8ocyUlZNRsnpqnbryvy6M1o0YYhSpRgpSUb2atdLl1ata702+d0fJun+JpdZ+Id/rjEI2sancXLI7bmQ3bOQhY/eKllzzyeMgYxwPjCze113UUdw4a7ZmIIXG/wCbAwMk4IIHAwMkZFdnrHhqbwN8R7zw7PIbmXRNbe0eWMMqzoku0SEEYG77wA5IwcHtxXjC7WbxLqs3llQZlQq24qSqDOM7ejdtvAJPXBrzKsJTqT5l73O7ptK8k4uVkrJr0t11ejUSoQjTcZWThKySbSfw8ztazVtGl910zLjRceVgYAyCQCSCexwTzzxyvdh3qaMIhRlBdiQuPu7SCORgAge5A6H05zRKqoxZdpZcDPIXOD9QAM5Pry3qLlv5cJQsCziQFsuSuCeAp3EEnGeACoIXHGRlKDtGz0lpt8LstbN79+miV7NCpqLTilfV3va6+HTXXXy81pexf1EgOiouCyKeWyRtXkZ9AOhx0HHc1mOrGzRo1ZnWU7S2RnBA6Ht79Ac9+K07sedIZAMM2wBCCQFIbK9xldvXK4+UnocY8W6bdCzhEhaTavUv2HJyCOSctyeSMc0oSV1fXZNqyv8ACrdNbLr37nnyi4zle2rST1Tei0UneOt+u7aTtqlmzytDn5X3kbCSMqpbkqMdRknoeACO3NeWFpQrkviMAMcfKcdBnsR2PXGT0Ga0JoF5QyMVxuJ3fMxAAGSc8AEDr9MVQDYIVWA2kk5Xg8YyDnAOQD6duQMFqUdU00lt1aV1db67X69UrbkKD2atr3j1aav71+ZvVq17Xsn0uaeXS9xkLtQE4OQD0H+I4JOD+P2V+z1OTpXxVDsrIdBQnJGAQpw3TDe2T7Hpz8V2BkkvVG8fUc7R03Ec846lu4P0r67/AGfJVWy+KMYdRv8ADxVO7BguR0PU4OPds8mvVydr6zC2/NLdbprrbTq/LTzSOTE05OE9HHqr+TWyvprptZ2u3bfxprU3E0m9W+aSQht2OAXJIAHq3AHUYyORi/DaiNXjPlgeWxXkAjoCM8j+HAwSM9881SkDK7lC28SOF3KQPvNk5JwT6MDjjggYwkE7MsseR521sEjAA755HIyCpI5PFfZ0Lc23W9291dO217u9vL0TZ83JOMrPdS06dtNGnquj66PZH6e/F1Cf2WPg/uyPJ0ONFYEH5ZJ3UgHHPGMgEkDOe1fAumGAxSIIvMYiQZCkZVVOAepBA5IIxnHpz90/Ey5Nx+yp8KY/MWSU6ScY3MqG3mlY88ADj7uRnIPcrXxN4dmdrW7cLEY1EjPNsxglcYAXk4PXnOOhIOa+WzJr67U5Xf3V9n+7BPVNKzs1ay207H00dYUG1aPLFX5btbWtdpW0tZ202Vt/tz/gnFEo8S/GMxhkLeEblSGU4ICzEgfT0zzyOmK+D/Fqj/hIvEYCoD/bupgKSFOPtcxJJ3Hjbn/vkHgYr79/4JyFH8VfFUbwWn8I3+Pl44jnyB3JPHYYByTwK+EPGVgx8VeI1yONc1JyHBGCbmTgY5xzkY47n5s7fAxikqcNHr2s9LpJ6p9L3u321uz66lWX9mYaC1cXJdrap3Wmjat/wzOe1Bp7S2tpHRUHlrggkgZIB5xyxHU88nB54r9I/wBhv/SPgZ+1LtBYrocUmQ2AdydOc8BsE55zzzmvzh1q0nWKzMuwI8SsiMG+bB4Kg4wSTgcDk/XH6WfsGW2fgl+1Uilyy+HbXcATwXYDgEABcnjuAoJHUHijG8U1FtbvZNJqO2kdb303S1eyt05VUSx1Oz3hK3nKUF2XVq+qvZXaT0PhTS7ff4ghR1IKKd6nkfOSRjngDgY29sngACjJqenadrGrxX8mAVZhGmRIVByQAckcA4HBPOSAMDqtFQHxfLbqxdwqLtYNw6gk5HQAr3xk+2SD5B4vt5W8a6nGHAcTsNoA29+DwM4GcDp82ehFTSpRqy5FdRjd7Xu1K173u9Iq/e/Y68TipYCjTqKMZSWItZpPW9tddGtu/wB7R+737SPj3wrP+zd+zPrWg+FLWG00vwHHY+fexosk906pHcT4K8bnZpPmBUnkcEZ4j9k/xZ+zZ4V1dPFGv+HVvfFzMJJtQuLeGe3sxnd/o0ZygTdkDC8FecDmsX9pXT2f9jn4CvIxRYvDm4BAVyyxb1xwASME/wDAf9kivxn0zxr4g0uZ2sb2SCPIG0yt+8wSctj064+7yM4HB++4XzepkeIjiMNCjVqRSUfa0+ZRkrWcYvXvqrvR21ufmfi3lq4oweHwWMq4iNGphYc0aE/ZtpqLlB2d3Fuy1dklZJH9pvgz9uL4AW+nW+lf2je27Xs0Fq7+SYoEVnVFQIgCqqqWG3GcYHJzXHfFf43/AAStvit4llfxdpGnQanpWhG3tdVkSN7iIQ5doUYqUDDkHOTnnrkfy8fCr4o+ItQ1rQbO6nN3G+q6bG1vsG0hrqJSxyBwd3PXj3YgfWP7bsccXxdinuoFjuZPCPh6SKKO4WFEC2qYbjaAxBBAAB6Z6c/o0PFHNKWZ4HMK9GjWdGnOn7NKUIcslDs21bS2unY/l2X0feH8fkWaZbhauLwn1qrSqOtzKc4ODulHmTTTcnf776a/shrnxF8FT3bXXhzxT4Uu7e5gRfs0stqDHGduRhjl2K5IBBJ4zgY2/Enx9sNM1fTPE97bS6XLDNArLD/o8RZgPmntyhBIU44B5UBcAEmvyp0wXt5GswOqREBPKNvqT79xGQSN4I5yQOh98ZDtUj8W6mJYX1DxNKkUbCOJ7mWTcvXlRIMoACOAAduOO/uZ34urNMBVwk8qo0/bUpQc1JOzkktpQ6N3W9r+bt5nBf0dK3CWdYTM6XEuOr0sNXjVWFmrRlytPlb53Gz2u0loktVZ/pDrngvSrL9iLRtdmlS4vYfGE7QQRPiN1L9MIQ2fmwwJIP8AvDFeIfAz9n62+JevwajMjxxz2z3FvY28Rmj8xCodpF2gqmGBYEDJyBjGK9x0O8sPB37DXhnVtYs7vXIIPGTy3tndSE7fMcbonVuS5CkKO3XB5qp8Hf25PhL8I9QutRg8C3dvfXMSrbWisjQKj4Lw4ZWK7yM54wcZySDX5BktbLf7ThWx8V7F1ryXxRUW1q2unTlS1dmtN/6M42nn2H4erRyBL+0fqn+zu8U1NRXvNt8t3Zru2l3VvZ9U/Yc0+TUba10i4i8qaGKS7ihVoHSSQj5Y23goxJxtz8pHoKx/iV+x1cfDfw/d+Jf+En1PT9Q02806Cy09rq5QSxXbY3PKJVB8s4Y4XGCcdBXZx/8ABTT4S6tr9re6h4A1fTIJyrTrZzhjNMnzLICNoA3AMBglRg4JrQ+Nf7WXhf4zfCrXfGPhfTNQgsdGubS2kstQI877VaHCTsSPnj6Bs84x3Ffb8Rz4Rll03lMYvGSilePMnzWV37yStfV6aa2tol/PnhVjfG6pxjTp8YRlDJFOTnJqk4y5WrJNNvltytr4r3s+r+M/2kIviN8B/BfgvxH4f8feIYtT15g1/AdUeS3ZtoeJ4BuI8nB+YEZyDjrlvlPTP2y/2k1v4bSLx3dXEZaMBJisoQBlAU8ENuOMDgnGBgCvQv2jPi7J49+Gvh3UPFNmYrOye3t7GC2bhEDESSYPZ1OFXqM5HIBHzR4BPwLOs2t1rPizVtNkV4Lkn7M80aTIwcRMm4b0DbQSQQxIDYGGP5ZQp1VOLnJ2ct30abS6b2227ev9gY+rJVYeznKEHGHM9lur3Xb52tqfp34P+J/7Z/iLRbnxLpWq2OpaRpVgb2d7vT2CvHBGJpVjJULIUUlioJ4wOowX6P8AGj9rPx3H4cn0KTQtTbxGl4sOmw2UUbINOdluJZic7I12kYJI44OAQfQvAv7cnhXTfg/4r+F2m6v4OvtLuNDu9P0u8utPistYMssLIWhI+dnIbJJP3gcgnitT9mG607SdL+EV/dx29sNUtvEqvqM9wIYWjk83ne5ABkOFAGAeOuc17+T5XiMxzXB4OvN0qGKxFODlG3NyNxV2+W2z0u0rvXU8TirN1k/Dua5thEsVXwOAxGJVK1+erRpXjFqKvaUlbdaXad7Wz08c/tc2Bjiv/BegXaMEUBrGDZIynBEblcNlhjJJ64zxzLdfGf47aW6R6/8AA7QL8EFVaLT4ztAXly6E8nJwB0PYcZ+1PEHjDw/d6XbxWH2S7/s551lP2lMopZh5kbh8kHBI4IOAVx3ZeWPhPUtM0u4tZbuC5hWGVh5m9Zndhv4BYEDuBgAEcHOB/QK8FMFiIxnSzWrTjyJtzUZW+HSyaXfqtdO6P4Fl9MvOcBOVLHcM0ayjU5PcnKlKUU4p6SUop2TVk7bvufAOu/GF/Ec0Vn40+BD20dgY7qOa3lmtLS2VW+aWRTmPA6jdjGd2MHNVv+FufBtbtbXUPCvjnS7gRkTT6Xq7vaiBvumGPy2VRs6HJ6AfT9MfE/w206X4HfEXXr62M4m0mUIZoUDwwhCElhkCq2GI5CtkZxzzu/P+y8K2DaD4JZfD0F1a3dmbe6unhHmyQiQ7XJYZZjzgk85bHbPyM/DDEPN62WYLNFN0KEKsqzi4r4oRUbRlK9ut27K9rH7Xl30iMDW4GwnGuZZJiMJRxOOlglhVNSqRSjf2l2rOLaa6q3oUbPxx8BJzIy+NPiPojsqMiXcLXcbHghWJAyp9z2HuR21lr/wsuFd9P+OQt38obYNZ0Yqse4YCMSR90n5ivPHfqZLn4U+A7mZbU+H432MJJCYZFaOIAFghPynOScgKOccE5q1P8CPhRqIjCaFNCGJRjGjCQZTK5G7PDEdQccHHeuqp4N8Rxp+0o43D1La8spyholF31Uk0rWf4vty4L6VnAdefs8ThMXhLcq5pRhJO7gr6Nb36JaPvc19O0y11SJ10j41+AbxUQMWnRLRlZ8EAs0v3sAAkYHUnORVt/hV4k1i0JuPFfgrxPb+erxQxa9bRQugOQrQq2SpIG7P+znpXyt8T/hBo2j+MPDWi6IZbPQdSswdQ8tnS7d1uQu7IYYKqMfXGBnBHrOl/s6+BZIt9h4o8YWptUIYreXHEuOB8r+vzdPxHf5zBcC8S4z6xHDYanX+qVZUKslOMW5wfLLlbtfvtba/Q/W838V+DMjo5XUzLGSoQzbB0sdhn7Jybo1YwlFzaatvqo9tdNT2m0+E3jFHcW/hrwxqKKgCRWmuW+UyRwseQBgA4Pb25xRu/hd4vgmlkufA06RxYfFm/2yMYweNrYPA5PzZHA4JrzmD4Bagsy/2H8WvFGnuyllNxJdDaMAoDmQE468cjgZ6ip9X+F/x58K6VJrWlfGu/1G0gmiiFk8kglledtiZDMSVj3Ak8HjGRnByxnBfF+X05V55dN0KfvSqRknGz5bt8subdPZ8t9kkLKfF3w8zjFUMDg85pVcViJKnSpNNOU242ik4313td7dbl3WNE1C1ZZbrw9qloGKoq/wBmz7SuRkkKSM98hepwQVFc3f21sh/02RxGNrfZjbTxAjnaGO0bgSAWUnjnoTWra+D/ANtfS4ob228X6brFnek+Qlx9nkeOLKld4eMlWOQCSc564JFaK6/+2DpIWDVPAnhbxDbxk73msLaWSUA5LZVB94AFc8DBJAJ+XlhkfFMYRqLJsVKnKKkpwoTlzJqMk48qas7X121PZfGPB1TFVMN/b2Xwr0Z8k6U8RCMozVuZSUmtV2ezS66LjXv4LC2m+wtYm7eNlS4FqFSzhU/O8rsoHyjnaOSRxuyNvBpcTXbtF4dtk1G8kSUan4k1BVLMXP7yKzEgwqqciIrjGCeuAvrb/ED4sytLDr/7PGk3yZYzCxszbeYCBncQGByRnaTjBOM1wGpfFfT9KuorLXvgRquhW+8Am2meKDzZHAVS23aMk8DJLdxkE1x1oY/CRvjcvxdCMficqM4xjdr4nZJWbXlfRW2XpUMZlGNlGGEzTBV5y+GNGvSnObbj0U23o27dFt1RlDw1pEltE8vhfdOju1xe/aQbi7ZjjDMCCGf+FcYXO0EEA1WPgzRLyAg6JqtuVc5EcysBglkVsrlRg87jjBA+vpNt8QPgtBc/Z9d8L+LtLd1EsggmlkETMAU2qAcKpPG1gT1yep3U8d/s6XMiQw+J/FWkyOIzuurdmiwSMZLdSM4Y5x8vHJzXBLM402l7KeuluWV2rJtr1Vr2Sv1O2OCjUlZV6drtfHFO6sldXWnW9r9Vrdnii/DLRJZ/MkfVrVhGdiPGCgz1zlR9cjrzuHQnMuvhDb3kq/Y9RkWOPaoF3AMEFiWA6bh6YbnI46V9PGX4IaqNtr8XLRcsgSLU42TLcnLkMGAHTrznPPNO1rw74MOnRS6R8Q/DeomSVYbAROT5lyOPLY7jwSRzwMg5B5B1p4+jUg3UlOHwtXbi+nfrpfSWi27m1TLasafuKDirPn5k27NPdfCrPfr01PjXxT8Pf+Ebe2uo5re+1N1EdhazSLbpaEdLqSFRjEZGUyVJbknOa5uw+H/j+7Z7q6u0vreaTzJPNuwRcTDlIlDfP9n6AjdgAED2+zl+DvjK/SW5MmiagrnJlkmjkkjiK5URYYkIRxjII74GKqP4D8TWIFvFodlMEUBBBP8AMpHXy0zgk91wcgZJ4yOuGJw81b2vLG7aV23eystHe1rtLe+l9deWWArNpqMrvTmWvS6Wi2b13et+x83jSfHC2zSjRYraWCSNRLp928TfJgBY1VuFwMFuOTkgdsyPxB4j0+6y+iTySnLNJHcTnaQMFpXycvxkdN2fXJr6Ybwtrlras93pmo2CeZgtFBJI2AOT99uDgk5A4HHIyIzpsawRSxzN5hby3S6sCgVectKxUcY5bI9zx10jUw9RxSrxSSTSdrt6JtRvptHRW6vtbCWCqxUnyyW1+W65rcrbVrvW99FdXPmiTxfdWkwuZ9Nn+0Fc5kvp97AsSyshbICE55AAJyeprsfC3ijU/GXiGy8M6a2naULlRc6prd5fOLLR9HiG6+mubt2CRukIdkjLBnOByeD3E/hWx1caqk2r25aNCqPbwRKFDH/VxuQMliNvBAI65NeNePPhL4q8QaXpug+GNasfDOgPdCTxEY7uEXuqSAg7bhlYTCFlOGhDbX5B4IrkxylTpNYdqpUku+2qT1bej3W1ra3djTD4abqJ1G+W6um9NLJ7avzbv+Omv8Zvj1efEYxfsr/swR3mm/DyOdZPGPi53ddQ8balCSl/qGpakm14tAhkSRra2Z9sqhQAAa2vBug6F8JvDa+DvA8aXnijVY0tfEPifykN5eybgJEsmbL2mnwEuNyMC4UAt8xaua8N+GYPhXpt34Z8H6DeXl3qYWTWfElx5Ky3IXO1FlBLxWSH5hGjKSBkk8g7h1GHSLKSa3+2PqcwjTUdVNrIwihdQWhszj5gpJVWU8nluoNeLhMso0r169SM69SV2uZOULuLtvu+trLpqj15zq2UYRSjF3im3rdrrfRJ20e9tbbHQNfx+FbWbT9Fu7a612cO+p6vLy0Tun7yJZGyQo55zjIwema4p7a/vzG7RRE7syXcdwsbTuzAktkHhWOOABgg55IGDdeINOillgV4jbsVmM1/FLBJcSkgspJTJz1Gc/e684Ota6vZpEsgfSghbKIt1uZQQCdsZZGyOBjj0wS3PsQcbN80XFLRu7V/dW1kr20+T2aRwVfbNyVntu9Pe06fDte1pW7NmnFBeQvJK8KytEuFLTR+V0xgttUEEDGQR2x1BqePxBdw2ziazso1VCuIZnjlKqcgArweOA2Cfl6Y6011SObiO2ygUsZYlEiEZJDBfNHzHk5OB1BByKsPPYNJbtPcNG20AxtZloyTgAkqWPTnknHHY1cJpu8JRbb1d0mk+VqzTbT7rXR6p3scSpyUZSlZNu1nZaPl0u2u+lrq69L27TX7CTZc3LXsCRt80UN0JFJI6+W6ktuYg89sFj94V0yTQ6jLAsOoyNZyKsjLcWQKqwz8hAZMsMEMMkZ9RmvM7+OzuXnK39qI+ot2gdEwMAucAFdvTGTtHfGaWWWaeKGCzvbKQxQrlLaZoSSMnErEfNgZBB5ByT0NXC71k3y3iuW9uZJpNXttZ6f0zOzVk73srxdtnbsmravZu2q0PTYVgt557SOOyuHkObeMwyRyOqjOS+4eWoIZsbskDsTg1LzQrkqLueW4hDzFhbWl0GgijA5bY4YMck8cknOCvU8ZYyyxCN3JLKUPmS3KhTLjaVZs5MZ5wB14AyCK2J9cZvMklt4ljUbEgE3lhnAOWByQwJIIYcY5GTim3D3opqzstJaLWLW8uVW3bs9b6lqKesW9L32tZuNktUn09619WvNb0l7dm2aJpbCaOJPJiWe1+zSFQMKBIuWOM/MeCW5JAJJzWuDJbhEhEBiOySS0v3AIY4KgbSQvIOflwcHOOSlpIZ2ieeC9ijuMEmMrIQoHCxjpjAG1sZ+Xr2rUFpDFPGY7i+Rmba6Pahl2qCAWUbQRgAuwxu6noMuPRd7K6SdrWtJWsr20ta/m7MV2rb2Wmz30aa6WflHV26DbC2t51R/7WkhSFgXRh9rOQcYcBFLLzg9c9wODXTRXlrG5tIrmKcMwKSR6cTuyOcsRwcL0J4wDjrnmWtWkmc2N2zTK2ZI0C2wB+XkhlIOBkkc8EHOBmrq3WpWTKFhSaFnzNJJ5d1gryWURhCjdmUc+mMgU4x95622vezfeyTV477rbW1lZkprmu07ebeyaS3V1rbrpv2Ny5tYiyyKt/JKhZlt3aK2ibgjdEGB3bT25yfUDFYV1HMxKLb3EbbC3lNfxIw5JDiRVXZs5LZOPl4AAqpdXUVzcBZY547iWfy7OCG3nMtzK2cJDHvJQ5OGyMbTjJ7UddvND8FWNxN45u4769t4TcQeGrG58h7JWBeP/AISHUS5W1DFgfsRJkkBwTzxhXr0KMJSnKyi76OzXLyr3rWfmuiS7alwjKclGMbt6JLq9NNu1t7Wtr0NnQrDULxbu8l1G10/QrGPdqPiLXJRa6Tpca4LIlzIwW9ugMhIotxZsDPBA8Y8fftLeE/CuqReHvhRqUF/rGqH+zp/G+pqou5ppCInGiWL5Wwt8ltk7q24DIOc18+fGnxX8S/jJpKzafqEOkeG9MR7jRvC2lMbbS47O2DGWeVE/4+p3RdwaZn3E789a/OKwF1qXiWCM3MzXjaiEikaVgYZYnKuYypGxc5yFxwNoBOCPi8fxFTxMKsMtqJSgvZzmpLR2imk1vrrrY9TD4J0rSrxUrRXuN6W93Vytq+t1ZLS97n6/aH+yx8MfjJ8TfDXhDx/8ebXQpfEGj6hr+v8AiTUrwSJpOpxWrXUWnTyPIQ4mYhAEZVySAoWvjv4TfsRfFT9pL4p/Ef4a/AK0i8f3XgG91GS4vUdbe2udGsrueCO+t3dhua4SLeir13DBJJxf8PeB9QvYElnvby6ubgyOXSd/Nj2Rncm7Jco4G3O4gAZUcCuQ+Cf7QPxd/Z48e+IfEvwl8Uan4V1qO6a11GaylaIajp8U7K9leYI82OQEBx1wx65xX5PmMs/isdXweYKpiZ04OhSxMU6MKnOruXJ77Ti9Ly038j6DLK+X16ihVw9owajJwd3LRWS3UbaOzt2Sbat4l8Vfg54y+E/je++Gni/Qr7SfGek3hsNR0maHZdxXUhAgjTaSZDONvlqOWVgOe/P+Jfhp4v8AANzaaX458Mar4Y1O9tIdRtrPVLdra4ntZ8eTdIknzCOVGBRh13A84OPVvjp8WPGvxL+K0Pxd8W3jXHi7VNSstdvLgE/vLjT3j+zgKxOcCNQdwcAYyBgY9b/bL+Pdz+0Z4u+H3xIutKfRXg8EaP4bktFZClxNpMUUEl2diquZjEXPHAYjGea1wuY5vCpllLFUqUo4mjN4qrCTtRrQjTtGEWrOE/e1bTSS6svE0MI4YudNzUqU4KnBpNSpyUU5N+Wis7t33R842+gada+HNT1F7eKdkhRNsiDhmzyjscgj1OTt6nggeY6NYJL4h037KY4pDeRHaOQMFSQMfTjAyxJHrj6T0rTEvvhf4nurglXhKeWNo78Kf72D25HfB5Aryj4aaOl9488LWU0RK3Ws2kTMQTkSSooXP945GQQee5zke7Gu0qsua61Sbb00W/a13fbTXRNHkRfN003TbezsrJr0W6stL22O3utHmtbuZZw7PJN5m9RgMOp3E9yGJIy3XgfMcz+J7Bp/BM6CFnWK4LRjGcngZYfMdqjBwDgD5sZGB9IfFTwdaaJrmppEiiO3ljjYDquYgFGMnB6bscgEjBwa5jw5oD6n4Y1XZGskVok8jq6AoFCbcjI5ORyO3BAY4riWJUFTquytUi0nbR3ium99dVbb1vnB88pJJ/C2/la+mu+19Nrbn5/yQstxJ8kiBQQQckFsgZyRwP8AA+mau297qMLRJFeTpnAGJDhVOOgAyBzjJ9xjIzXr134Hl1u71O20swpPaRPdspbZJIEBMixA9SOTtBHAPTivMobMxyrHLGd8bsrbyAy4yCACMqOMDoM7s+30Dqp04uUlblU7JLb3X56pLq+v3lGXPJQi2nzpJ9L3VtU91fpZa6ovyvfXFsPOuDPskABfn5V4BBJ6HJBUkkFcitI2M0hghwqxmLMm05zuBwTzzwc4XHHTpX7eaD+wT8Kl/wCCXniD9pzUJLif4hSMt1pEyHFtbQxXkNu0EkRDbywYsXwQeAeK/HqOyjEtrtQNHtCsQBywbOMnOSMbQTzyeuBj4/grjvJeNMTn1DKJVJPh/OMRkuNdWDgvreGVN1HTuryp2mo83VqTa0ue5xBkWMyClgZ4twX9oYWnjKLg+a1OprFS0VpWWuj0t01OWtvDc8U2RMBGIiwBXGCQSQAM4I9M9CemcVi6jpF9C4nlcHfkAMcghSGAAxjOM+ucE9hj22a0ijGWjOSI9uFJxlR+PP0zt6nOM19e0dbjSo3jgI8ltzMCQfc89R7gYPTOOB+jRgk9Ipy0dve3fLo07aqy8tb37/GxxnO7NtvrbzcYrlbWiVr6equ9vObbwfqt1pH9sW5je2HzPCGDPGeVDMudwycsQBnqQTkY5Gex1JJmjZMFMlgSFAJzgKSMH2xk5Oc4BFexeF9XFvDPpZRnt7sxpuZ2UKyHBGMH7wwcDGDjk5BpviTRY7W9kdUHk7AyqNpKkjIT1xjOcg44xjIq5w1jZWcraLumlZ3dui9HZ9kawxHJpJpr7Ot/dtbrpo0t1pd6nnXgixuZPFWhKxJzqUG6MgZHzEHDHpnHcE98Dv8AqDe/D/w34r8LxwapaRr5dyrGU58xW2Ll1O7jd0IGO5GO/wCd3guF/wDhLdAMaFQ+oRcYAwwbBLH5wc4IBJ46+lfpTczi38Ll5ZAjpeAEHILDavcdM4HQ5AGccg1z1qclGaSTldb2dlpdP7/PdJbK3Z9YSw0pJ20Wq0b2aa5X00Wvkk+3hGr/AAF8HQna8rx2rMzZimkB3dcr85Azz0Aww6civK9e+CmhwhhY6hcop3FA1w7Nt5CjIcZAG3HOOuccg+9apqTXERwzEsxAGWGwAHowJwMc57fWvO9UlbABmUlQVwWOQSWBxx3OMYwT2JzXAqctpRjZO22v2bWfK9NE1Zp3s+tzzI4ipF3jVlyt3TbWySsnZbvdLzeuh83abqGt/C7xrZXVnFa63bIQr213F56TQFsOmGBMbYB+YH5T1PU1+g/hX4g/Ar4zaYuiao6/D3xPbvG0IupPK0t7grtJLP8AKwd8HjAGckdh8Oa9HDJ4jsNwXDdXK5BAb5uD2B5JHJHQcnHrL/CzTdf0SPU7e6gjvpSgMduwVQEGWI28hhjk5yOq46nw82yahi5068ZVKVWm1yTptpprlupRs1JO1rO19bPQ+wyTP62CozoVKcMTQrxSqU5RTvHlSbjJK91d31suup7frHwi8QaVruoS24t9Z0cW48jU9KcXcDQlQVkYxbxgqAQM5HGc9Bs/D3TZYZraOW3keRNXiURldrBFKgAEnK7gCQpAPHPdq8H8EeLviv8ACPXWg0HUZ7vTliBk0/UG+12NxGuMqVlDFAwBGA3U54bFfZHgj4ofC74sR3Wj+MNF1P4aeLGkjdvEejE/2U8hQBZJlAKxZkDNu3AYPOcE14OPqY3A4StDFU3iKPI0qtBOUlFq3v0muZW/mjzLXRPW302V4DKs3x9CeArqhiOeMpYXEtKMmnGXLCqtFeztor2fUoftXyxWfhu3e5VbcJpKQPEzLuDygBQyqc4w3O3oOcgkZ/MuEFryzCkJGnkbGIwG/eLjPHoBtGCCD65r9Dvjv+yf8RZdNHifQ/HJ+Ivhy+kjMdxZ3wup4l+Voo2swwfKpjfgYDDkf3fjrxD8LfFvh66s2vNOubhBJar5awvG8RLr/rlZRjGfmHQjIGc8a8LSw9DL3GGIVR1JOWrs03y6ctuZW08r30WjOrjPDYh4yCngp0FQpQi5e7OMrJJS54qzTV2mtuq7foX4clhHhzRzKpV10mzACjOcxoQW6Yz1JGO2eteW+PtbtoPGGnNKF2RWqR4KhiokbaBgHIO0g8nnHfgV30d7DonhS1lu0MUtto1u4VshiViXjljj5hjHOcYOOp+KX1/XNe1vxJrdyZXgguIYoDKrbIl81RH5YIwMKQcZzhie2a+sjFxo1Ju6Tg7O/V2vfa+jt3020PzDCR5sdHspW5tG3dxaTWnd2ulp5JJe9/D+6tovHOrWxQhw00sCBM7t8TnLHIBDDBA5HIwOMj6A1jM3w61o2+FcaHrHnptwUUQynls47YJPOR7Vynhz4NWNtaW3jWbVbmGabQ01C5mQgxQvNEoG5FYHbhuTnAYfeJJx1t9o1ho/wz1q6/tOW8e+8P6vOxd8+apgl2hAuAnXJzkE5BJ21+NcQ4yjicdhVSqNyhiqUJJKzco1ILTS1tPye2p+t5Hg6lKGJlKHuSw82rO1koxSdlZ6u669XazufjZKgWxiV+VZ7h0K8gFJWXBK5+6VOMDHIwOx5G4nnR2WPdtkBVvkwSpb1UdVznPHJxjHXuLm1X+z7V4WbJNwSpblSZmPQjPUfjg9MVzk0ZQ7dwLbTtBHJ9uvuSOeT+NfumDfLhqOj1pR1SSbTjFteaWu+uuuyZ+ZYmDVSo1o1Jq/Xe6T2equmrNrmWi6+ifDnTZZNK8RzCOQhYIiWwCQTtA24BPzZwOT6c4O39Fv2ef2Zvj/APGvRl1X4YeDYNa03SFjtLm6PliZZpUJjRMglnkyML1OSD1OPi34R2iyeF/ErSE7vs8QAGOCgzk5zkcYIwD82eRxX9TX/BDHXtH1KPxL8O7yRIjcWtn4jiSQ7ZJDZ7RIFYMMjOMqMZA4zXzeZY2jg6WNxWJklRwtN1ZvuktUu3ZabuzPOzSeNoYLDzy+MHiatelBKavFRlOKlzWadrWV029FrpY/B34hfA74kfCLxNqXhn4h+GLyw8ZKEuptCl05pJI4JAZFYMARsZRuweMADrxXzt4B1WCXxp4oW7sWt7poZIxayQjyY0iYAkoVXYQcHaQBgENnBr+m3/grPa3nwm/aB8V+OtPaw1CLxd4GsX0+PUo4p/s9tBCI7ho2cfIwJAUrxnIHpX83ul6hZa74vXWrJI0m1m6vxfvEqrG53g7Y1HO1W6c/Mfxz8fwhxZR4povEYWEZ4X2s6dOqrNtQm4O62u+Vt+VldPf9WzbhiplHDGU5pVxUVisbhKeJnh4p3ipJO6bbfxO+tlay1R1upafopEbXMYRnjdgsaKqEt/Ft2jacD1x6E98geD9CvFM2LiAkMyTRSeVJnH3flCng4JIPXqRkg9preiGO0S5+diVO1Qx+VQQMYyQmRgAHOPmJBGKybKJxEN3mbAoIjYZDHuOmAc4OME54OelfYYiNKE1C/T0aWnXRW20SvrtbQ/OaeY4uKclKVk9NdbR5XfTZPe61trspHFr4u8efD3xvoFj4T8ceI9Otp9Iurp4lvpWhLwgFFaFyVIHQjaM9cciv0U/Zo8Y/Er45+IvD/g3xLbeEPGk2vubC2XxDp1ujZDFFa4vFVSCw/iY7sk45Bx+a3i5gfHvh2YIQRoWoRgdDs2DBIIC4JJ5IJYKOe5+6v2QvEo8Ha94K8WmF5F0TVY76SJGKNOsFwrNCNp3EuDhQDliRg5BrxeJJ4nB5DjsTl+uNhhatTDt3TlWjC8E2mm+aWi1uvI9XL8zryx+BWJrN0J1qarRqWkuSU6ala+1ot/je3T9C/in/AME6fCNjPKfGPw21jwVd7hHDqPg5xc6fM7EHzBEn3Y8kNxjgKPr8X/FH/gnjoyaPrMnhj4sWlhHBaNI+m+K7drJ402syo00rIhPHzMpJXPYITX6k/Hz/AIKN/CrW21rRr2a78NatdWWm+RBIsjXlk8aBHmhj3EGORgSRhcg5yAfm+APjD8fLP4j/AA+8aaANb0zUbQeE9QfTr+WNIr2HNuSHZl8t/tDA7VDMSpPoMj8R4A4w8RsZWi+IMrnh4TrKFOUk0qkeZJTUZ8yae611SvZJWP1jPsFwjSpUlh62FxFeVNOUYqMZKXKna6erbto0uq0ufnZp/wCxf8WtIsftmnafp3i7Q2ykF/4cvYNQWdQzbtsaPvyAMkcE/LnaWBrkdS+FHiPQSYdU8O+INLkiZo3M2mXCIpXOSdsZQKAQPUnPXnPf/s6z+PLP4aWeraJ4o1uKaDU9Rt7U22pTiOAwsWV/Ld3jIwN3K45OR2r60+Hvx3+M0Vs0WqXmjeMLaFnWay8SafbXYZFJXZ5pRWJbG0HccZBAIOa/ca2fVsLVtXjTko2uuaUJWSjbRpxel7Wtfc/P3hclxa5KbnQqLfS6W1nre3dvRW1TVz80rnw/fwyzNHKHXkCKUmNyVBABjlClRkZyc4zz6DyH4iwS2enWZuIgrf2hGQQwYN8wxjryMDI4AOQvYt+12teO/hb4nR0+IHwQ0iO7dHEt94XkFhIpfgOqKCC2GGBn0z2r5o+KvwU/Zq8W6NDPovjHX/AMyX0ReHX7R7mwWZpBsTz9yqFB5LEgFQTwCcdWF4jwdasou8XJWSbTi720Ti29b9ldWTRy1eH+aHNhcTTqOKTcHZNpON0l3s9NPV2uz4ls74LZwGJAC1tHv81T83yDB3Ng5XBGM5zxwahuL12i3sigEttKr15KggjkfKefTG4jO2vu1P2UtWl0Rrvwx4j8EeNLSG1iEQsb1IbmaExqVdAcgv0JTI5GAP4T5xqXwL17RoQdc8JazpkIQsJ47R5raQE4LpLHvDqBwehPuCRXovNcC5Tj7aPMt4qWzfK1e7Vt3ZXbu767HjYnh7M6dpxoucXqpKLlF2atqrKy/wCHWp8qaRp8eq6jEs8ZBiUsoRdxJI6EgHGM445yRg4Fc58R/C08iacYrKVHlvFTccqZEUlRgkAFsgjjpj3zX2j4Y+H2g6Rcbmu5I5TGSDcQSIBuOdqmRRtIGORwOQc8kcn8eILC30zwhDa2wWYaoDHKmB9pCcHHVgCAeSMckjuB5scdCri0qesOZrbsl1Wlrt/J+atSwFajRvVjJSSu1bRfBpe2+itsfHcdimgXRDfaI/MUIoDMjq5XOSVK7SSB8xyMZx8o3V6B4Q8R+MINRS10HXNZju5GUQw29zNIoEjBFyxcoo6ghsAc9xz1UMOjX/iK2TX9Hma2Eio6W4O5pAgwWODhSccc7gMg4IFetanpdjDpUE/hXw/Fo7RyhbqdJVW9eEPgOAwyrc8d+hAwMjbENVJcjpKTlazceZR2vdtNPfZW/U5qVepQmpqrOHK27czWl46X7rVvR3Xoz2vwHb/tQ2ei3WqJ4xtbWKzgaZ7LUryMusQbdGGy3BkUHGACA3Oc5q3aftefGjSLyax1PR7TVbXTo1GpXcKNsEAdEeVySdynGBIoI5H+9XyfrHi7xDot0EtfEl7OJViEkdzdsylBtZoZU3Y4wRzkZ5HBqxe/HkX326DUPD9jPPc6V/YiXEG2KQI20CVgB8zZIYkgnG0ZA6+c8od+eVKEk1ryrl5VGzvpd+elne99D6HCcR4iLhGONqxsldSk2pJ72e7Ssl01ad1Y/SjwR/wUF8F3DS6Vr8g0uCBkhZZYchJWADFZEYbkJ7DqASD2H1B4d/aR+EXiK2jjsvGelx3DEOytcKjOpwqKfMbaCQQuCMt6Dof5j7uK7m8SagkGI4oRE3lMDtYhS27Jz8wLc8gnkAnNdrA14LdJEuJLeb5SUgkMQKrgj7nII5PB555AJAqpkFCUIuM5wluveVt02km72VktL6PW7TPZp8cYuhLkqRhiIRna01q480bqN1dfNaa6vU/qPtNW8F+KLMrOPDupBwxDsllO8ik4AEibCpbkhc5GcbhzXKX3wl+EWuTMtxox0S5cqVuNLv5LUowXIYBJdikcAnvnuRgfzkaX8RfGHh14RZeI9csCh3bYr2fYccocFyoPTHHJHHYV6R4b/ac+KtheGKTxbqEqTYKfaZTIWwcgEnlc8DcQeACOhI5lkuJoxvRr7NN2bW1mldPR9GnZu1tGj16XGuW1kvrOXwUtLta6uzctOt1bsvTU+7f2kvC2rfDjxVp+i+EvH/iKXRdXgklms7q4N19ncqFYyEqTJEoGI17cgc9fnSDwT8SCkrWnjaOeCcvNHFPbjzGJwwIDdM4wMDnd67q4fxr8U/H3xDFtrDX0Dapp9sVtJplDIqxIXkV0z8xcryW4ILYCjivl6H9sf4l2mo3Gn6hZ6TeHT5prcRpEIiTExjLccA5BK8ADngHGfuOHsZVp0nSjeVWK9/lVlJuy1stUlfVre2p8VnNTBYjFTquE6dGTvTTtfXl0T266aNpn2hJoHxTs5cNdabfsEUEyxxYwQMYHyktwQB64+tJO/wATLJ083QLK8SID/VxQnOTncSA3AHOeowAa+Uov25vENjgah4PsZ8DLYnwSMkdwcc5/vEdAOSa6rTv267cMk994HJVgARDc8LwDn7pHJAyMk989BXvPG42F7ryjfdLRvttbrprc8NYXLJ/8vrWto469Pl0d1zK76u9j3xtT8SbGOpeBzcIULFYDAAOBxkQkEYwOcZzgDOMY1ze2VwgS7+H+oxYOcLDFKxIz8rFYVJTuATz/AHugrhLf9uTwNMFF74MvoVOA+xy43dT0A3e+OcjPsN3/AIbP+DV18t3pF9bPhdpMJOwkZA3jktwev6cVEM2xii2/JOKurt8vLby20Sv+Q1l+XNPlrQd3Fa6X+D0bT1tZa9LkGsf8IPO8UE/gaVJAhAZtGfapIO4vsxk85JPJ446tXGaDovw3RLxLjTbe1DXczRLd6I8jFgSQSQQ6RnO1exGcZODXpEH7VPwFuyFa9ng8w7S01uNqHd94sVOOnzEZzjOMcVY8LfGz4CXF3q8l1r1j5M11tiW5SPcisBueLchXYQCGweOTk84zeZVpz53TitE7+9dJuKX6PRbXT2stqeVYPklBVY8rSfLe8ea6Wi2Sv5Xt6XXlt/4T+HdztmEfhdQwZQr6e8LDkjLAtkHpwMZwe/NUJPht8PbhfMFv4WbIUHy73yDxnBC5I7gYDLjkHHSvqqPxj+zhqsscSeIdEkBj3BZ2txGTjncdowQc8DBz35BMxs/gLqmNmqeGJkYZCxtGAxUk54cZyBnPQjk4wRXTDMKuzjHdNu7/ALl0/edtdn8lomjmlkOH1UKsbSd/iXXl0tulv8OnZHxzL8G/B108zx6bpcg2/L9m1iIMONwHJ6N14IJb/wAdy5v2fdCuonxY3iiUDb9n1CGUBFHB+U8ADGFBzgdjX2sPhz8I9SYLaS6IVZiWaG6CMw4O3AlBAXI+pK8k8VOPgr4JldDbztGu3Km11YBsD7oCecwCrxkbTwOccmuqWaSly3hFPlUbXtd2jq73crLfXRepxPh+EV7tW1ne8bXesVo766XvpfVp23fwbL+zNpZCmP8AtuEnlf3Sz8Y9Q/zLjPzYPTB6gnHuv2Y4UIMWo6kpYs22TTCRlQNo3ZxluOeAPav0MPwVtid+n+IdXt1QbEU34d8DIbClmyo5zkcgYNUZ/g5rG5I7LxlqYcKP3Uo3AMeOST0PAOOo6Cn9dhKSc6akrxbab1XuvfpbXRLuk9bFPIZOKca80k72Um3a6vpZX8unazaR+cV7+zdeAIsOpsGIJ/f2DxJjgcvtIBycEZzjB5VcnnZv2fdeg3GG/sJdm4nJYY9sBSMtx36dMZFfphdfCT4hwujWPjFpDGpVlmtk+XAxxuQB8khj13Z6cjPPzfCf4sRQ3D/2tpdyhcvlraJiRuyAQEU5zyc5HHI6g3GvhWlenZ21s230vutLd3v2dtOSpkVa65a9S+6TTS0s0npfo97PzPzAm+D/AI0fV2tNP0w372lupuJbXJjVW27cjjD4xx1PY54OzJ8EviI1vvHhi/ZQoHyqCxBXBbBJ6diOAvOD2+1YvB3xQi8TazDZQ6XdXfk2wvUjiMY8th8pVVwAB1PPBwcDOa7ldM+J9lCI5tD06by0Qbo7hkYgYzgkHHUYx2wMnnOVCrh4c93LWd0ne1vdbtpd9U77J666mmIyfF1FScb3jCMbpvWSS1ty+e23orM/My6+Fvju3cpJ4Y1dWTcGUWzYIB43Y4G0dcdQCc8msO58GeKLfasvh/VVJPIe0cAYyMbcYIHOR/ezxjAr9RorjxyjO8nhoSlGAZI7xGMhPJDBozw2cY3Ek7eDnlsuo68one68FXyybjtERikGOcsoMRwMfe5xwT1xnqeKpbt0/vd91a+m2unReWz4XlOOg3zK91ulrayut3r2unrqtFZflTNoeqw4Mun36BSc5tZQpbnG4qDnnAyWY+g4qjJZXIC5gmTgj5opQOCcZBTBB45wOCQM9K/VhtTtfLZtR8GasrIigY0+GU7u5wI+QfU8seoHJrNu73wfMkK3HhVIWO7etxoTkhepLsFIzjOCNoORwQCS418PJLnUUvd1TsteW+jtJ7a31v5Mj+z611zUqnT4U7PSL11v/dXld9Lr8tFtpAZBgk5xj5h0OACrAYIB47E8D0MRgdXlVkLMvow4Zh/I7RlsDjt2r9NhF8Lpmn8/QdFh5JzLo7g8Y4BBJwDzx16g8Csl/DfwquDOyaV4e+fs9vJbhQeD1JxyTkdAME+o2thpNJXtZN+8pPpfZaq3ovOzsZywVSFpKnVfrd3200avts1b3le+iPzlgtSf4QAW+9kYI6qBjo2Mj684A5FHV0QS2yRrtVR+8beW2nsTyCTzkcHdjg1+jj+A/hpdRARaf4fTaQc/bzEpzwCAcZIAHQdccEDnzLxX8NPCX/CSaJa2FppEsN0jM0Ud8rRvtHSSQ42EE56dcjIIOcq9GjOKUanWGr83G+utnu9PQvC0q1OpK8JJNNJNWeydmlZWa000vqtrHxOIwA5T5tqkZB459OM4JBB6568ciojGxUgYG3oSRlScEk46j1PfPT0++P8AhSvhWZX3+H03lsf6FqUTjALBiF+8wBOcZwc5wOarzfs9+E2jUCw1uEschoykmCQcg7Tggc9TwSuMZUFxwlJrSrT6aSkk7+6r7brXy62vcpxxDk3KnK3fd8vu2WrW6ktdutrHwikEhQLn7uWY5yAAD8xwSOcDIPQ4yOoMhhYgAjdjJkIUHGc/XPB5xx07cV9r3P7PfhPH7nWNZtpTnKy2EkkcfQZZhjJyCPVTwMkACnL+zdp7KGtfFoUykjbLp7rjuQeG7g9hnnqAVOv1Wmnb2lNtxXvKXNf4dLW0d9eq3u9DOftV9ippZWUb3furZt9GvTZd38aR2zNuQLlVAJJOcdTn+YzxgHAxnNKbRhKQdxDADIbkE9c+obpgjgc57V9cD9m3UAzC28S6ZLggB5FaLdzjJwMAcZPYEZHOC1Gb9m/xYVY2t5pF5sYt8t0qkgfL/EMEdO+eOmTT+oR05atNN7xUkm7OPZaK19nbV33ZEq1aEU4xlay3jrvF9nZ6rbzsrWZ8rG2MYIyQemW+bb6LgEbs/wB7GeCBjimmNg20DdjBznJGTwxAboe2O+MnvX0Rc/AH4gKC402G4UsNrQ3MbcZxkHIOfmHXPPp2ybn4IfEOAkr4eumC5JMSh+NpOeOg9Sc56jjFH1Ca1Uou9rOL5r6rZLtvZLpa1rmSxNRJ+0TVnF6xbeltd1s16NrZ3Z4kGZDvOMbGLBVOASDwc8cnJPTofQmqW4N8zKSGyuPmB5IHG388A4J9eTXr8/wt8a26vJN4c1RB5Tk4gZlCqDuJwOBwX/h4GSMGuWj8F62Ywz6VqXl7mIkW3YqcNggHDHAPBwDzkcHNcdWjOnVUbaySvo+XS1lbZJ36X116M6oYhToyk1pFpS0bu3a29m7dU11un1XEFgrbfLBUj5T34PBGAB93JXOcDAPu0OQ/Qt8mQCOgYHBG44BPqM8gcDJz2zeGtQVtslpdKRnCvayKQcjPLL3XoBknsxGSab6JOjFjBKgAC8xuBzjj7ufYnPBx0ABrWNKo1ezStZLla1aWnW2jtbya1sRDE07OOisvs97R0a1vZOzd7tI56OeVOQu0k7SGy3uepHGMAYHHAUnOKk85mCsyhtp25yRgANnjgA5GMdiDzkbR0iaDIE3ND8x3ZU8djzggYyc5x3IGOpDP7D5A8ohMHB3e/XBYk/Mcc8nPGKylRrX5ra20V/d+y7Wa1u9Hd9UuiH7am1bV/C20/wDArLRWWl7O3Rvb3ucWZn+UKQB8wCgdVBHLFeMD7xb0HWgyIeTu3L8jNjIYZxkjnJ7djxkHJNdF/YRYkAtu5A+6MjkjH8J4428FiM8Eg02PRX8tsMmd5yGG5sjJ7kcjPzfTAFN0p31haSVuitflfX00a22T6ke11SU5NXjq27626XTdrtNeT20MMSQBiQGXAAY4JGSSc/LweAMtzweCAc10+mW8cmm3EhGGyx34ADcdgScHnAbp1HXIrI/sa4wvzhQGPAH3hnuD0zyScDoeDwK6nR7Fzpt2jYUbX2gknJ7nIABIORjnqBgVFOnJtqy1ja+rbdld97X2vro+boiazhyqUZSlqlrbXWOm6W17XVr7nmU7sCgLAgTHGOSQTjJKqfpnGAMnPrr7YyQ43H5V3EgbcEDGAPl981lXkZWTbjOJWORznDY9O/cd+cccVoiNmXhsAlflwRuzngE4xkdc9h7isKfxTjq0n28ldrb4ul+ndnbWbWHptN7Rve7smk99O78tL2uk1YG0rlgxQcbxgDKnlhzknkghQM5xg7slCiHIYsuMAMSTkHHfAUtwAeOCeEByKZDFKsZDFdoY5AAKgkcHGQVGcenA3c4Ip8ajaysfk4JY5zkZxngYyD0AGcHBAzW8YRdnKN7dNdNr3euuui0equ+3I5Oyak9dOysrb23eujs76X13Hgil5Cf8CTC5AVcnk/eBznB+uQAKqNbIFKlFBz/s5bkt1weuRwOeo54qS6Plspi3FSuCCAMEkcbTnJyQTjGRkc9RERKULD5hnGX5B45I6Z5GORk4GfWpcabduRvS1lZvpbvo1ur+V7WLpzqR2k9Fsm73uldt6arW3fqC2ADDaAHbJGcbgByeSR0PUYz0zmnfYgCFO7LKCT0DHOeOm3Bx36g5PWlaSbG0bWAHJUdxyRuGCcEjqAMEnmmm4lI+bap2gHIPQHA3H+E+hOOOankhFv3WndaPorxeuu+lvLQUqtRyUlK7VtLrys3rdaLTftumSrCchVd8c4Ku4zwRjqMEHJPXtgfMalBni+WO5uAVGUCzyqOOd2d3BAAAA6qDyoU4hExkAULu+UDcBjA44OOdxB79D2q1G+8NvTcARwBg4yOCQOSce2cHpxhxhC/W3S/lZ2vf5W8m0V7aundvSyte93oraNW26aJdb6EFxdapBEHTUL2LC8bbudQF43Y+fcOBjg5z2FNtfEniSBY3g1zVIwdyrtvZx+Iw/b8uM5JIFM1AF432gqVVMq2AGDEHOSdp4JyF9wDil06yM0Dso/1ZyqqC2TxvOe2OcdenHYVi6TnU5YNppa3bd7cvRb7dXd7vozeFeUaalKT+K1r2v01fy17+W611+IHjq1ysHivW4whyCNQlyO2F+bPp8pOff7xOxb/GL4nWxDQ+M9aDIwClrxyT3wS3IJPX05B9+HkiZN7soBDncrLnCgYGRjBAJyODtzjArPddmHZeCQV54AyARgA9M8gjOfRcU+ScW7yej6X0Tta7X9W69TeGJb+1K6tv72to9X3burpW11119ktf2gfi5aBpI/GeqFgScvMXOe3H8XUduMHjiuksf2pPjVa8p4wu2Xg7XJIJ7BuwyeQMse+O9fOoOXJAAAIOCAOw5wd2c4PQcdtxBAcFyrE52liO6kAHjONwwdoDHGABk88Vi4SV1GUrNO9nvqtL6NtJbXv2vZpWq15J3d1ovO9vW6279kfVVt+198arcqP+EkSUOwYl1c5IycNubpjqMYIGOOK6ex/bT+MkZkQ3FhdODlmaLJOOSQQSBu9R24OSRXxgFySyg9DgMflPB5GQMrj5jzwOp4q7BNIqFcrsBBJAORjBGCCCBkcYJ/DBxUKdSzfPK2lrSu+l9Vord9L2dnbQtYm6drJN3d0mtktr9Leq9Iu33Ha/ty/E+Islzpml3bH5cGMK64AOAwwp5A5HA5BBrpLb9vHx28bxXXhXSm2DBkVQrqDhsEsMHIHQDAxnHyivz/8AtTH52Y7lAA+XaSMdwScZ74247f3jYhuXcqDkAkD7vfBB4xkYG3aSevPvWkIuKl+9nfqtdb2Ts77aWXlrq9DGeJmo/Amls7J32Svva/Z320Wmn6Jr+3brISGK48EaayqweTDxZl24xuwpyW4B42gcZ9FT9t7RdXv0k1P4bWMQjBVPs4gYs5Byz4jIc9SQTwe3Q1+fKRs7FMMpHALNgLnBKkZ4I3Fckhd3pnirE0sV1M0Rw4YBN33TkkEEBTkDnH+0MAKAKLVOZKM5NNpNOV7tct7PRKzT3tbS61HTxk3qoxily3vFJLVJa9NbO+ujep/Y0bq3XAZpJGBAZmLHnOAAcfQZzhvbAxMdUtolCEBCBgkAkgZzhie4yD1Gccd68yk1q1RQ7XDvLu529GbpnGSc9hkknPGO2Rc61E7SgSysZMBwCV29MHAIIxg+w4Pev6g73XN10srfC15/m9E1sfzEq9eSabafrF3s4p6/Lr067nrFx4rgt3jjjCyucbMDAG7JBYg8tyCc8g57ZpkniWZkBQhXIDuBggHjBI5OeRx+JwOK8fhuLcTbhIxcYIZ3J2LkMxJwSTwMD8MDjF9dRh3OqEZ4G9iSCfRiAAQDggDryM8gVUZXs1G3q7XSVrrS91Z+jsvIl1azi2py3SSvbT3U+76Pa72sr3Ok1vVmvY5Y3fexXHmAq2BgYxgZHPBx168gEV5uus6roerR3H7y4sWMUb72LKpJHykZHOeuQM4II6E6tzfkyBUzuLgtKFzGQBxx7ZHAzxjOMisbULpTFMkgZ1J3EAAbyeFdSewxldvT2GcTUrqCcpSjTvZrVW0cXe9t7vt+hrQhXbTip1Wmm7Rerdmm923ru/JabnsNv4ktxDHI6gl4jIy9NvUg5B4PzdR7YJ7sPiuIqgVFHLdW3YBOAWHC4GeM8DjB6ivnf+3ooZDC0zQrCF5kcDeuc7SCw3Adx931wMms+68faTp8Rkn1mxt41Y53XCAgDkZUnAzk5GCBnnA6ePXzTDwl/HpR1W80v5em+rVr9Hda6Hv0sFmVaMXHDzd7K6ptpK6S6K11btsmtdD6PbxKhjJVQdz8ErntluQeMeoxjt0qjc+I5t7gFEUgDLHHRSRjPJGSDk9CNvQZPylqHx38B2CEXXiu0VimUWCZWG7I4wCck+mQenUV5zqn7Vnw8sXeIahJcOo2rJGjOpIPLM2RlcAkDPzcAckAcFXiXLKGs8TSTdr+/HtHVJPR99b/AItdtLhbOMVypYScU09ZJrqkr3XX/K3Y+4/+EpYu8b3duAqAAg4wTgf7pHAJJK45JIqq/iCWYKPOUxkkBwNxB5ydudwBAxznGMjI6fm7qH7aHhe2kZbPS3v+AElYiNcg4y24gg8ZweufTkchqf7cUyFl0/w/boxIKyPOD2x05yMnOAAc4GeRnzMRxvlFNWjWU3vpGVpNuPVJtv7r2uenR4DzeVueNOEb6NyWmsXoku6T/HXRL9PpNbuUkEaugdcYZ2Ibk4U4J446kc+3FEmryYbc8aMh+Z2BAYkckMSPlHBPbqMYzX5Ban+2Z46vGC2S2Nq7ElAsLSNknC/NjBGOxAA6Y6GuF1j9p34r3W6J9WkifHzFWEYwQT9wqThc8ZJJ+teJX8QsHBqNGlObbTfy5e6s9Hrfpfc9Wh4cV5r99ioQd43UY82rtZ2fXa2rfVaK5+0Fxr9skfzapAkihiRHKvmPkk5XOcc7en3gA3U1y0nivRo3aObWh5vUuZUUBWAJDAvkYA6E9xgZOT+JF78Z/iPqMLtJ4kvELE4EZbc3PTK4J7c5PY+orkpPFXjfVS8kup61ctjLeXLOD8oJLEhwBg+2BnGcg7vLr+Ik5tuOGbs1b3rO3u3fa9luo7N6vc9Wl4c4NNKri5O6s0lHdcrbW1lrd3T2WtnY/cm7+J/gjT43WfxDpZMZIbfcx+YzEDOED54HBAxyACeK8+1X9ob4aaSXLeILac8qY4uXBOA2NrLn2wflAIxwWr8kdP8AAvxK1jTbjW4NF8SXml2wT7bqEazzW1s0n3FnlDEK0nOM884AOax7zwV4jWSRLixvfNAWQqzldqEcMSxGG6deT09MeRiPELFuUlBUqe0VeV2notdtX567Psj1cP4e5RBRlOVWprdbWfw6bNN7v0aWh+n2sftdeALSImxeW4YnDM0JOVUcYz0OQoBxjoScndXnOrfto6U3yadpPmkgruklEQBGSGCsAQRjBw2ckkZOc/npN4P1u0gDXFnewJgO8smVREzgMCxI+bPyk5znnqTXoGnfCm6ufDjeJlvJJIU4FqIsMQBwwYngHoSOgwcAkLXHLi7OsQpOlXhFWveOunu266LV9H6M9ClwnkFGSvh4ttpNSvvpdNO1m2uzdterPoTUP2x9ckytlplpD94fNIHXgZyeu7r37E4zXAXX7VPjaZ8pdwQR5LAQpl1ZsbgCO2cgZx0yTgGvKrTwtpkADTKTcyJ5ginQlSWxjO3aBg5znAHUjoa0brw3e6RaLdSadpy29wnyzFFZskEqTycZ25JI69zg48GtxHmtSXLPHTbe8YtrldovVxs99tdZO7PpcJw9lsI89PBYeNrXlyqo7K2+nytLv927P+0D8Qb15biHU9SSRm8tlTITBGePlOCQMZyCcnqMkZ938V/iJqQMRu9U2yqNwkuXRBt4JyuCB6j0OAccnvD4S0y5+Gema5phb/hI7u/MF1CiBLfZkAHlSF4GAduSe3BzzVt4F1ycMtw1tBGgPmTXEynazLwFCFffn5gOdw4rhnjcxqpKeKrX0d3OTi07NXfvJXuuZdNnujqlgsJSS5aVJf4KcVZqzSuotJ97WtbXWxw934q8byqEmvGEbKdxa6lfGSx43S8AZxweuT04p8Oi+Obyx/tUXTDTmLKblbjKFjnjLbiQMEHr068Ann/Eej3emah9kaeKcBG3mN2aMrvOGQknGemCO3cbgPb9E0+4vPh3YWi3EUCGXO0k5wWA3sM5OSuMtxgYIGM0lTxE7p15NxVuXmfk9O903zJ6p9tWZQcI2tZWaWistXF9FG+m2qd+rPFU0l5FkS81Z2kY4xFkhsdQHABJ3Zx0Deo7ZRtrJrlLdFuLt2njiJnkcR/vXC5ySRwW9ME+x3H3O48I6TDATPq8SzYUbFUMDwC+CfcA8YAPU968uMMEGrqh3TQrcxGM4AB/ejaeAAGOSAMgjnJAFXGjUvTU5Su5qN7u2rSt1u09rrfpuZVq0ou26STTilbRK/MlddOnbsdd4m+GC+EE0WS4sra6Oq2YuokEhZl8xQxLgE8KDheAS2MHoa7bwT8GdZ8Vm4OmWOlRW8MSyTTzgfui/wB1AGYbgSQMgcHryAK9B+KM8cMHg+6ssNcjRoVMcgyUCRK2BuJAyPYHqRmqnwx8a6lpN/fpcMkiXVpKRbs+1Vk2OVdQjAELwcbWA64PSrzDBShJ0aCSrJR1k/7sW7tXV3a2q3/DHDYum+WpWjzUmul0rtRs3LRLfrG/VN2Z5tb+GBpXxF0Hw3q0duITqEEN1BbxqYJ1E207xySH6FsDjrk10HxQ0HT9M8V6rZ29stlbx3aJbwWi7IkjCjacj+Ik5HO4cE5NZ3hjU11D4p6JcXo+0TvriAyHOFD3Hy4yTkKwGOBkL3GDXffGLTZT431wCNmSS4RkkWMkRHYCAmWbAGRyQM4J3dc7YXDUY4Pnqte1U0pJLTaN7972sldJ730ZlUqp1kqcZKE7uzveKurKSWnazWne10jxGaCyjiZVRnxH8ww5ZSDgE4J5OfwHTgCvU/gJZ2l340t3mT50trgr8oZSu11AZWBz3znkdz1rOi8GLDZ3MhvnaSSBXG6P90m/B25OcFSRgdQOnJIHV/Amx+yeNVRWQsba7DMzA9BIASFztJHOcZ6AACsJQoxxFOMYpRb1dlZu0ezb0XW9l23NE5yWl7paK2t3Z62er0Wrd7t3Kfi3w3YvrWpSKzNEl7cNMI41Dku7FcDB4DN0GQBhegIr3/4T/C/wNqFjp1/4rlvbC2jinmiACLAwj3BWuDwX3HaUUENnjpgjxLxjLFbX+rKZZDcNey72gwV2bjtIwMkknDZAxnoK89l8R6zPD5D67qUNnbELHbK7KoTpt2qSxXvgjH1zmvIx+JpU5STrQSb195Ky9121krWtulvutD0aOCxdRRdPD1HKVtFBytdwvbVNPays97LQ+qtTmtGuodN0u/mbRvtssVjbySGKSd/MKxOTkbQpwUIGVHXknH0peaR+1lpvhS0uNM+L+saV4d0/S0ZNLuPG3y2enlRLBFbW0lw2G27S0QGAeCBwa/NTQtX1WV4mNzd3EME6bYtrmSXBBBjfAC4C5DdQQBzmvStS1Lxp4oDx2+l+J7hZRFAQbi9aLy0wiqI8keWcDqNuMDBr88zjO8moVqf1vFYNQi4yftpU2ko21XO37293dbJ32R+k5DwhxNjsLfB5ZjqzlZL2dCs9GrXjyxd73StdLV7Jj/iBqPjvW9Q/tTxt4ovvELM6hZ59QW5MuwEBgASOMfL3IIIJHXzxhDDJvGczK+VkJGSwO1ck8cEnJ6ckjrn1Ox+C/wAXNfltrbT/AApqU6bV2RmOcsu4gg/MOSOu7GMHoa9x8PfsK/H7xNPGG0H7EZFDQrdArtVh8oYkY4zxuU4JzzkmvOxvi7wFk1G2P4jyvCxjFaTxdFdElGykmtOiTt11PpcD4I+JeaVIrC8M5tVbau5YSpGKbtduU4JbXu73WuqT18/8CXX/ABTmiwOfOt7e4lleF5D5eCRgRkjBAwT3xzzzk+u6fcwizvpQIhGVZbZDMB854+7nJIPXIwT16jH1D8Ov+CbHxR+w2qa7qVrp8KsVaJX3IzEHzJAchl5xtGRls4weK+l/Dn/BNewihQeIfEU08TsDIlqxQ4XGM7sg84B5HHzKMjNfl+e/S78I8m5qf9v0MXOnpy4W9W9krWaVmr7JN772P1PJfop+KWMjCWJwmHwMWopLE16cZrZ2lG7at2a1enRn5JSXxYSK6xl/NbAhHmOdzDhtob7vA3EEZIOeDjHczGW4ZGeWVxgRCOQsoPRQVX6DvgnHbNfvj4e/4J8fBzSAk1wmp6hOApYzSABnHQ845PBYEZGMlckEexaH+yh8F9DkRofCFtc3K7WZ7q1Ep3g9C3OAc5PXjn2P5Lmv09eAcO3DLcuzHGys1GShGEZNctldtu79H10tY+/y36Fuc1bVM2z7CYd39+nSUqjS0e75U7a2u97PzP5wPiToPiPxR4M8C2djp1xdS2L3YmRbaXfErgYVtqYIPTJPON2QCK4vw/8As9fEjXDCNP8ABuu3buyBW+yzLGeTnG5Gzgn3xwACOa/rLsvhN4A063/d+EtGhjiIVEbTYn8sqDhiSmMDGQOwzmuvsPDukWag2Ok6NZwgqA6W1tHkDGcLgEEAHjJzx0xX5hm307uIcdzU8h4OryvpTqVKk5JJ8tm406bu1dW72Z+gYD6I/B2DcZ5lndeuqaUZxjGFNNxSbd5Sbte60Wvqz+Y/wv8AsF/HLxG8Pk+Dvse7aRJdyFCCwyNykAkZwCBtOdw6HI+g/Dn/AASw+LmpSo+uajpukxNgssbo7oOMqI15xj0Ptxk1++d1r3hjSf3uo+JNE05E3F1N1a25QLncRl2LEHAYHIU4yeeOU1L9oj4BeH7SVdZ+I+mGVVIMNvcw3EjEF8j5D3ONoVlCj7uc1+eY76TX0ieIXKnkuSzw0ZySi6OBr1pRvbS8o2va2vL8u/1dDwQ8Gci5Z4qjTxTi48zr4iNr+7dtK1rJapN9Eflx4Y/4JMaFbRq/iTxRdSO7htkFs2ASSWOQejAcnAwOO1fQHhX/AIJYfBXSwl3dNqV9ICpHmxYjkKkdUySAccnJGBx2r2/Vv+Cg37M3h+IW8V3f6zPBGQn2eJyGZRjAkJYZPHrjAOWOQPAPEn/BVTw7b3hg8E+Aby6xJ5drLdOCjN1BMeMHAGfQAdeleJHH/S14vm1UzHOsDRrNxtGKwUY81ve+GMra6JSv0v37pYTwbyNJ4bLeHYVqLvGdeFGtK0bPa9Ru6/mXfrqvo/Rf2FvghoO2VPCtrcSRgZWSz8zcWPy4bGBlRlTgDI74APrek/s4/CXRo0dfBtlEFA8sNZQnJAyoB28FcD8RX44+PP8AgrH8a31O5stP0bSNDeDrG8aGRkzkAAjqR/cx1Oc9K9A+JPx4/aCvvgXoPxUuPiFDo114nVJLbRbCVFlSHITfEvUvkZYDawG0jIAz24f6Pfj7nlek894vxtJYiSjB1Mfiai5ZWb5lCbt6Lz7oxfi34fYClVhhnlydCPvrBYCjTXLHlXLF+zgm72s27a73Sv8ArzN4E+Hfh+BpItO8OWytkyJdW9rE0YxlhllH7xguAMYzyfSuD1fWvhHojRz3niDwzpcrtzFLNZmBI1BPy7MFScBsc+/av5t9W+MHxr8Xz3Eep+PNcljIBcSX8qCUlSVdFVl2ZOSSdwPTkEiuZmn1+6t0XWPEGp38mXDJcXdy3LcsqM7j5SRjPpgE9K/QMr+hRn2KnGWd8b4upCUU506LruXM+W/vzq6XbvdLZNu+58PjvpMZBhoSjgcsr15p2U5yo048t4pJKK03Wl0um+p/RbrH7TP7OmlLNDf+LtFZIBIFFhIjszJuUhSp5UEYCjHIOD2r85/2qf2j/hh8TrXQtH8H315cX1hqP7qaRSbeOHdtG0NkhmxgsBxu7D7v5r2llFFJIZULOiNsD5kUljuy5YtvJPU4Ixk4A5rTt7MNqOnzKiQwNe24bcgPz7lUt06c9zyMr3JH7n4WfRLyPgTirKuJv7WzLGZhl+Ip1acqtV+zcoqKSkk22kmnv9+t/wAn48+kZPiLh7Nclo5XSo08wwtWhUnObqSjGUUrxtpfs7Ozv2Z9QeC9TjUXtpIB5od2VRkMwO4HHUjIOcY5PcYrV1+wibRpZlADxTLJGcZIbrtLDGcAEevyjHWvO7VpdN1q4LN/rFUqSPuhgCDnkD6cYHuRXqaz2t94U1C2nniW5WNnB43k+UxXZjnGME552g4IyAf9P8pm3hqUJu3LCMV1bslZLzt1X/AP8389i/rbqU0takm9Fq9JKztezS8ldeRA2u6leeF7VE1GW2ntzIYnhYrvwpO1iCDkjHXkH17+A63rOs3ETo91dShC0k8iEqS3O3cCOSMsRnkkkngZr1LwzdxzeGZ0Zg7WUspy6gKCFc/McdMlgM4x0GOleGa74kt1MkyTQRzSO0XkqdysAxBAAOM4GMY44U55r894/wAhwP8AaWGx7pUVUxNFOdRqCk+W27dmmtL81rrTyPvuC82x/wBRq4V1Kjp06l404ynaN7OyWnfXs99tcyPV7sxtbxiaSdBuDE7XZjgAEjggZwBjHJPfmG41jUIbSRC84vHwF3tuREYHIPpypAJJzyOSaxLm71e6KPa2d3KzELGtlaTO7AY/iSPbhv4QFyAcMDXdeFvhR8WfG00cOl+DPE9yHJdWXSbjDdMAuUA5znIAA46cZ/PqtTKMA+erXwsbLX2k6cUn7rTd2nbfTo9LX3+4oQzTF3VKnWk3Zpxi3q3Gz8ou99b69NVfxWVZLkt5ssk07M7uFzhTnAJGCPl6HJ9ueawZtOlSYuxfayAh2YAMechQSTjB7rnI78iv0G8O/sFftF+JpY/s/ga+01Jfk86+dLYkHuyuF28kYBHHp0x6jp3/AASc+POpXMUmu6x4b0GwkASRru+jnmVW6nYrAq3y8gZ5OcDpXi4njfhnDNReOw0pLR+znGdn7ujScra627M9fD8PZ1O0p0Kii2viVv5d+bZW1dklq7LY/JlFUZJliJBYsxbIbGRtJB3KT0PTIHXgkPiktHh+eVi+/DLEeABxnv6n3yOOwr94PCH/AARu8PBoH8YfEqOeENvaLR7dtoHGRvLEZGNoIOBgknrn6k8Mf8Evv2YvB8atqkuta2iFGlNxIgDsxHAQYYocDJBODjjivnMT4p5FSco0vb1mtL06MtdUtHaPu6XVtL7rv9BQ4QzGXJKpUoQT1d5/4dHa11bR9E979f5iLdoGiP2ewlnzJxLIrgMOg+5nJA4HHXPJOTXU2Wj+KdSaNNM0C9eaRlWJbbT57gkAKFAKxnGScH5myTniv6yNJ/ZV/ZG8LokenfDXSr6WELj7aNzMVwSwLFu/OANxBPQAk+oaRYfCrw+bey8MfCjw7aG3UlXWys3diDgYMkTFjuXq38XQ+vky8SPrHN9VwOInJ25faWir3T21a0/V9D0ocK0KThKtiaceVXlyxje7cbOL100ejW3S12/5PfDH7On7RfimaBND8AeJbz7Q4MckejzpAjk/KWkdAAB0z8oycEDnP1L4R/4J9/tu6xGg0rS28OxTuBPJqF7bWMsiEAY2yR7lVA2GBB67unFf0sDxbqVowFtoWjaPbCMHEsljCiLjAP7vYw+i89uT14fV/i14esN8niLx/wCBtIhjZ5CLrxBbwMgAPy7fNzjI6YBI4GCawXF3E2JS+qZbyKVlflqSbta7T00vqr3S7O7OiOW5Fhv4mKT5Xo5TitkrqyW92tWnpt3Pxas/+CUX7SeqWyjxj8UdI0VZAhlVtRWdUAOSoW2ZecZBwBkEgAcmu9tP+CQ62cVv/wAJB8aJb0SAPcDSLW7a4BXqRI0rDqSMntnBBwa+9/EX7XX7N+gmc6x8cvDQlJcSwaSW1WVgoyBGUkIznIwMMeDjrj578U/8FKf2ZNBkYaPrHjPxZKhMfl2OkzWcD4HBR3BUAgjn5gCOffop1eOMYr+zqU1KzVqS0T5esltrrfVW11NJ43hejG/PBtJXs3NtWjskne9vyau72yNB/wCCV37MWnW0DeLda8b+IJ9qttk1E20M8mSSMMMhSeMd+5712vhX9kP9j3wrqpsI/h5ot7c20skcLagLjV7ksqjBkSNtr7sZYlWXceeOa+XvFH/BUnTwS3gb4P6rdTJIfs134k1SNrcqSNrPAFBwQdxAYdeeSK+ePE3/AAUb/af1PUJb7wtoXw68ExsrfvrPSvPu0VgQS88okBfnk8YOeO9d9DIeKcU19ZxNane1r1eW9+W7fLffZ7fJaHBW4iyPDu+Fwsak94tw6qyveS16vr6LVH7peHPA/wALfD1ubLw18JbW2kaFYYZ9M0S0tEAIAEitc27OG28hixIAyCScmnrWojQLZxeafp/h+1g3LDPrOr2liuwNkApHInyhcZUD6Fa/nB8T/tfftWeK1l/t74ya5axSE/uNIjjtIQrfeVDBHG6Lzhfm57HI48I1/wAY+LNcRn8S+PfEmpyu3mF9S1+7kQk9SIjc/KGPDK3TjAIbI7qfAOLrOMsRjpN905NaWtu0+7+btd6HFV46nG8KGDhGy6KMXdtRW6t2V0+ruf0l+I/2gfhd4Xjll1f4teEdHdA6z2+lX0d9cOSeMBXfcRkjAwSRk4BAHkmqft//ALNejW8lo3ivxX4svIgSf7MsJbdJmxu8sTBeQenHABzgAiv50rzX/DVmiPdzm5RwSbma4EoeQHG1XkZiWyMbQOhJArLT4x+E9GjeP7MIy/GbdUJZMnlm25UnjgY6k5YfMPcw/AmV0KanW5KsoxV+ZL3m1FWaTvdOy/yR5NTi/OKz5YYiVKCtZKVlZ8ui+y1dWun5n716z/wU88IxeXB4R+DevagfnEd1r2s7Uk2glX8varndtyy87unfJ8Q8Xf8ABT34zACPQ/CXgnwlFJ9xntTdXaoABnzGfJKg9SDk98ZJ/L3wJ8VB4o1HWLCz0UXdsvh2+u9OmBJurae3hkkEhAI5LITuAbIyepr5B1j40eJZZJojKZplMyyPIQ7RlZWULkH5NmAMdQe+MV00eHcnpzlGODw7lFp+9CLurrlet27q9tLWbbs7nPWzrMpQjUnjaz5vdSUp6/CmtHrZarvfXU/X7xr+3R+0J4xs7i1v/ifqNpaXUe17TSvK022iXkMiTxokirtyBggjI614voXiXVPEuk+LUl1iS51bTrI6nb3Muo3FxLdzsG+0T3JMxWRyC3JBB5BGTX5Wy+LfHetvKkB1SXzCAIrS3ncMGJ+6yx4DZGCQcYP3hg7vpL9mfQviLJ4o8RaPqelazp8OueGbmFJ9XgnggYyvGkSxPKAvmPkKp7huOBgd7wmCw9Nypxo03GKfLGMI7ONkrW89VK6vZo44YvFYivBSeIqRvFSbTsr8u929Nt7/AD6djd/GjSNLVvt+sxSSRSTI8UMKmVJ4SVkG9tx+9nOcEn0zk4Uf7QsWqyrZ6TLf3MjqwjSJdjOqZOFCqCSQDlhkjtwKvJ+xtrWp61qlh4r1vTfC832uWdLi4cSoltcNvEkh3rtYjoWwfftXX+HP2Uvht4O1m2uPEHxv0i2ksdksMemRiWW4G8NJG7hivmMBjGSD3zkEOGNwVNSUZuckrONKE6jUlbS0dO2/u99bGssDj5SfNThCk21zVJpPS3STSUmr20XW/wATR4RqXx28WzTXltbzXkawuYZI33h4iM/fY8Y4AO0ZGRwQMUfDzxD4s+IHj7w/4bvtQu5LbVbh43WA+dJtQNIwUJltx2YJBHbJFfYF94Y/Y00weKZtRu/GPiDW9TQ7GtLiGCyWYIAZkRRlTkbvvEAHHBXDeNaH4m+Dfw28YeGNV+GWlape+KIZJl33t6k6hJI3VlGRhJVjYkllJUAnAbpc8eqlCoqdCq5OnJxbpOCjNcqXxcqSvvp03M6WAnGvSdTFUko1E5U1NO8IzjdXW6tfTVdmJ+2Pp72WofC7R/CsN+jSeGSmpQ6fFO3m3sbOrG8MXEk+EySxBDHBBr5W0n4R/FLWGeaDwvqflswAuL2KRIyGGPl8xgBnPvgcYYg19BeN/wBsjxHDf3en6d4d0lruyuZ4La/kt4biZIy7MyI7o53M7fvCuOQCOc14zqXx4+M3iplt7bUNWUXOQtnpVjMeTkoEMMSr3OAMj3ycDfLaGYfVYR9hFysnzzlzNuTi7uKT010u7X37HJj6uXvGVJe3qu7cfZUocqTSjFq93a78rtdXodLpf7Mfju6mMutanouhQvIqmS8vreNo84yGQnOVBwcZzjpnGOzT4F/DHwjcs/i34r6bdBExc2ukbLmdMp0VkJx2AOFIPvmuA0v4V/tHfEOKOaz8JeN9VVyHE97FdW1sSTxuLMp25YEnOQD1HFey+GP2Af2jtaHn6ha6J4eiuU3O+o6jC8qAgAh43Yy8DJxgZKkE5Ar0P7Px01FVKqhqmlTpJaXV1q5f5aPsZUsRhoq1LBVKrSTU6s07/C78qa8tLKy0toaGtfE/4B6T8OfDngfS/wC0teGh6pc6ggnjMSzK5OUncoSwcKBkHI47/MfN4/2ltB0O4H/COfDnRLZN3yvdRxzBnX7rDeuCp5ycEAfLyMCvpfRf+CaF+8at4w+KWmQZUF7fTNPeRo3PVPNVgD82dpxgnsD09f8AC/8AwT3+B+l+SNe1rxTr8sWSTHcR2ttIwP3SJASqtjPQ4B4NdWHySpHmacm5Su1dq7sldpX3vfdXf3lyxWMquPJThBQUUm03a1raNefTfvZHwfe/ta+P7p9lha6Xpcbgx+XYxxxMCcbdoijGAMnGQw6/MBism4+JHxd8cSpBDd+Kr8McJa6bDeOoUIMANGgABBIBzyO5ORX7EeHv2bv2fPCEltNZ/DPQ7tkUMJ9cme9k3R4w5VXC5PPbGc5ABOfebK88O6TbQpoWm+HtDWNcCDStIslwijao8ySEyDhc7sseRkniumOQJtWhTi3q24rV+673fmukl91zSE8XUVquKaina0Wlvy62Vu1ra38tEfhh4a+An7QXiYvLaeCvGKpfACBr2OeCKV3+VneSRjljnguDg84HOfo/wv8A8E7vj9rMMTa5qfhXwhYhVedtZ1uA3sfmcnMLHcxwc7QAcc9hX6caz46jjjtVnvrmRobhDFGjCBAG28KsIjGMtk4xxnnOScPWPFUF+yiZXkmJVpTLcM52DhQN7MDkYLHGSRy33q3lkcYq6nFStq+VPVNJ3V72vo91qrba6QoUbJ16tWs1e69o1dJq6fW22nWW/n8oeGv+CdHw/wBPyPHfxttpJopdz2vh/S2mMoz86rc7iGwoKjbk5+bHHHs9l+x/+yXoscduNM8X+JyjRtJcXV2ttuwcuB8gIRm+bHPboc47Ma9CXd1SGFNmyL5QTuUHOSo4Iwcfnmse58TksGechAcbUBVm2qDux04O0kHOT7jFTPLKEV+8qykuZKUUuVbRttstd7vddrHbCphKS5qWFpKzSUpxcpWXLf4rLXTfS3m2fol+zr+1hB+yz8Km+Fvwe8DeH9M0q21V7+z1DU7e3uruN5iQ5muGX7RMy87SZSF+7wBXiXxK+LevfFDxtffEDxZqkF54mu3Dpqtpb20VxZwiMhbe0YxiRUVTxzgHAGAOfkG68XwtCFJZ2e4UddoO3puHC8YxhuCSSegBuxeJbVzIzMMxxbQgJKqAuM5B5OBngnP4isMFkGR4TETxVLCU3iJv36k5Sk5c1pSaUrpbapb2b7HVLOaziqUXGCiopRjaK0WidkmrLTvt1vf2dfilrdlG1iuqavqC4lc3F3fzebtkZmZY2V1VEzyFACk4B7isBvHl7PGNszx7S+RJK8m5mJIJJbLFiMljkE5BXkA+QTeIopZSxPl5jAUhcb+MnJPGTjk56ZP901z9x4ijWTZujToC/mBgqk4ztGQflIOMAkYJ+U8+3aCaVNU4xSurRiukVZd0tPO2i6HnVM1xEFpWs9dNrtcujsnJLfe7Wmjbsvcp/FssFgz3V3HCm8AeWAZHZiS7A7fmZeVIA+UEYGKzJfFFvcQqPMfy2kYrIjASNj+Jtu08c7RjAxyeK8P1TxHp0kNraG53KrtI0kak72U8c4AySB2AGMDnJGbLrEzK62kTKpUqsk0nkjcRg7ATzxySMn881HtoQdpyirSSStrb3V012TVkvLfV+dPM6k5WnUu43vq2k7K1rtX2191ave2/tZ8WWNtcSPJcKYyAjNITI4duSSOSM8DHXtnnjLfxtHMrrCiGPe2JvlUMwwe/Yqc8jPb3rwe5vJEtz9q1WxtvnJJ8xXkLngcnPr/Dn72OODWA+u6RZW6pNrzygSEuYiSCSScRlSTn1GOBgk88z7eTk1GLkrq1o2Uvhd3ovno9VvZ3OepmzhFc04wTS3la+qs9UlfTW3dbap+93fjSUQvi6hUmQKcPkgbsEHsOcYxnj04FcXrPizeV2TfaHJRXWJ9qYzyrADpx1GCOVzjIrx6bxv4Ztl8uGOW8kZtzNM5UZA4DD8/lxkDv2Nez8Wanqj+Xpeg3Em93McdpZyXDyLnaNrqmAc9j3yOnFdVPD46u4qhha1ST0tTpzqXs4u/uxd7WaTdmnfbr5GL4ry3BwdTG5jhMNGKTcq9elBL4dbymkrq11ZW8rWPVF8S3Mlndtawrao0kal3J2nHysN3YKCTu5J9+aqHX5khZUMbz7ss28BTuIP3jgYU5/M5JwaydF+HHxp8TwlNM8C6wIHuMmS+heNNrfdCKFXAPXcQcH1GK9S0b9jn9obxErHURpugWkjCRBczokiqTkApkN8ozxjK4OQOce1heCuKcwu8LlWLcW0uapTcEm3G7vNRtdb7W/FfCZt48+G3D945hxVlfOk5Sp0cTGvVaur2p0pTd3rZKLbdlbU8uu9YvY4GM1/a2xyDhpASqE8cA+vHQEke2Rg6l4g0hkRbrVZpmKjBjYJb5B5y/QA4xg4OMcsMCvruw/YES0Zbzx78VLCyhVQ9xDb3EUeQMHaZHcjuccLnHp01Lv4W/sV/Dplk8U+MLDWrmBdrpLqkdyHZFOdsUDqCSQ2Fye4BIJr6Kj4S56oKpmWNyzLabav8AWMXBzStG91F201Wr0tp1PzbHfS+4LlOWHyDJuIs+rXtTeAyyu6VSS5fglOzabs17tnuuqPga88UaZHIEsLB72fy1BaGKW9WTByQFRcbicA7cHuuRnHQWFl8UvFB8nwr4D1+5DRRkPBpU8fy5AKbyg2jnOTg5OAe4+yLj9rn9jj4bjy/CHgG31u8tUaOGS10wSK7phVYyTq6845Ygt1PUYridd/4Kb65HG1t8OfhrYaQzviCe7ghHyADlkjiTIJPtjBB61rLg7gnKlF5txfQq1Itc1LARVWV1yqymnN666WXz1OfD+M/i7xOrcMeF+PwdOok6eLzyr9WppSXxOnLlk+7tppv35LQ/2Tv2ofFkazNpA8O2swQodTmWJ0jA3Msivg52Z4BDdhyd1elaf+wDfSwvL8Rvi7puiwjDzxRzRRCJRgNGJDL2I2gnjIIGckL8w+L/ANuj9p3xhJJbyeKl8P2bkkw6fGkZVSpGQcEjgnGOOfUYHzzq3jjx74peWXxL431zUy7MZB9vnCkMclCFcLtJyOc4GQeea87E534Y5a7YPKswzWcIpKdeqqdNvTVx0bT2aS7nq0uH/pDcSxi8z4pyXhnD1FedHLsNOvXpxajopzaimu6nZ2W5+nQ+D/7EHwuX/ipPHS+J7yAH7Sov1vfMkRQG2JFyScYVQSQD8vyjFZV5+1j+y18PoEtfhx8M/wC3LiENHDcSWYhUOpyHMk6SGQHOc9MepJz+V6JYwLI80gkYsGeSWXzWA6DbvJ5PBJOemPQCvd+INPiVYrKIM6gIkjKm5T1ZcgY9QSfmI6EdvKn4pRwceTJMgy/L43/iSp+1qLVWbck9V2V3dO6PQpfR+WY1I1eMOM8/zyqrOVN4ueHoN3jdKlSls9L2ey0e1/0R1z/goh8SJBIngrwlo/h63VMRyPBGWjHQfNGETI+6SN3XIHavDfE37VPx48Wh31f4j3djA6tI9tprGIKDkhUKYIO4gd/4jkgbq+QpvEV1cZUvEhQbNpOF2dgRkDoAQAo69c/djkvzKrSicFkQbUUYXf16AbSoJJ+UgknB75+Zx3iNxVjuZTzGpQjLTkw/LRiovfl5Uru19E1Zq3Ro++yXwY8O8mcHQyLDYirDlarYz/aZt+7revKd2/k+ulmez3Xja61ec3eua9rutOwAd7y/uWQEr3TzAuG4I4z9BUUPjW0gVo7fT4Blv9dINzkKcbvmySzE5Jz079c+Hvqiom52zuAJC8KWBPACk5GTk5yAOD61DPrKrHlcuCmFGcc+3pzkZGcjjgdPjMVj8Vipc2IxVatLmvepOpJX0vdN2aXZdd9Hc/RcHlWWZfFU8HgMLh6cYqKVKjTik9HtCCelnaybs03oe8XHxHvAnlxqm502JgeXtUHKn5SBnKgE7tvIxx05u/8AiJq8kahZljlBfJDkfKMjBwcEBR/F0HU9a8Wn1lipYTMflPy8ADcCcZwCAB1HUcEHvVCTX7eFQ8txGmV+fzXGVx1GcnIz06E/oOJzcbWai9Ha+/w2879ttl1uejHkaV2otW1uo6q1k1e7d9rt9dbqz9j/AOEzv5Y2X7QQx/ijJDMSQSxPHHueDnFZJ1W7kkllWbDFyG8xyzFn5A+YHvjBHHHvgeNS+PNGsonk+2RySHnbCQzHPTHO3kfgMj5lxg8zffFaDy3W1tsyY/dO7YJbH3inBwcKc46cFSOTDmuZKUmr26+m93a/W/Rvpe5SdNJOTvJWvbR2biul10VvW3Y+rNM1BntsXF5PhVbZEsjmMsD85ZeFx83T7uO/auU1HX7S3uLhpbmJUQsxaSQ7QcNwEBGQoBwCOckZ6Z+VZ/ij4muWMENy1uhDIfITA2nBYDgkng7SDk4yMDAG54Y8DeK/Ht1b21tLMzXsyqWm8wIkbYyW5CjrwecDrgYAqLnPSmnN22jeTTsnr238lv2MJ1op3+FNptz91Nuy3be6a7O99lqeoXnxM0y0Zjak3dy0iooTJCsM4A2kr0IOCeQc84OOTh8WafJrKan4iuPOxOv+jId3lxBiwQ4JGBxk88gnPIx+un7K/wDwTu/Zq8R6LDq3xz+JOv2t9Hc26/2FoVjLEiJIwEs0t2xKsqjJJHoBnJ59r/4KBf8ABOn9kn4e+CvCGrfs1S67PqtzareazPrEokhvbZVR2kUZ5kySNo68Y9/lcRxRKjmby1ZfjeaKtLEOjKNGMrWvzOztdNNpdUr2k0fQYXh3EYrDQxTrUHGahOEIyvJ3ad5KOifk2tWrXsfk3efHzwlp2kR22l2ck100IjTYCqKFyMKOihRknkDOT7V49ffG7UfP3QWUSAOS7ytySckZx1YEjnkd8dK9o+CP7Enj749fFTS/hb4XvbS1v9Ud5Yrm5ylvBbIfmkkJ6jBBxnjHB5U19y+G/wDghj+0P498V+NfB3hXXfDF1qHgW6jtdTuprlYoJrh1LhUJOGwFxgEjPOOpX4/PfFDhLhzGywWdZ3hcvxcKMMROnXqcsoUak404SkmtFOpaEUvid1se0uGc4q4dV6eGl7GHuRlpCLcWru7e222jsuiPyQ1P4v8AiS8VWjvIbQZ4SFfm5z/EMc88YwRyOBjHGnVr/XtThS9vru5kllHG9ipHy4AUEr0J5Izk+2D7l8XP2W/GHwh8f+Ivhx4kaFPEnhPUJtP1ZID5kCzQkIxhkUbXVsqy7epPboZ/hN+z34n8aeK4tNsJYka1tJL1ZGUDHl5J64O455BGd2OO9fQ0+JMurYCGOw+LhUw1alGtSqxacKlOajKE077NNNWSWveVjyY5XjamJjRq0mpRmoyi27K1tW7rvvt0avZnmL+Jte8PsdN0jU760tom8026ysq5IALELxuB6gjB5wMGqq/FfxvbO5TxDfKQOpkDE7T/AHcYGM9h0AHpXcfHr4V678MfEtvZ3kgvXv7NZhLHEwjWRpGzHycBgoIPI5OeM8+Z+Hfh3rviOG/uLJ0txZxtLcGWNgQNu7auQ25sk4wPlG3Nb0szw7wlLFyxEfYSSlztrlteOzd0rbNvrp6cuJwdWOMlh40r1Yuyikm7WjtbRWXn6q20z/Gb4i7nZvEN46ZwSZfl9CCu084x970xgE1ln4xePZJR5viC6bqFXdnAznqeu485Bz3zmtjw78JfEfi/xHZeE/DqyanrOqOILO0jjZWmlJKspZl+Q5yCWyPUfKRXJ/ED4e+Ivh14t1Pwb4ls30/WdIlC3lq6qHjYqNqlsHjHHC8dDycjpwme5ZicUsFSxVGeLVFVlQjUjKr7DmUVNxi2+Ry91Pa/bYwxOVY2jhliZ4acMOqipuo42g6iUfdbWia3au5O99rGsvxY8dFnH9uXSgDqsjqRkMOOeGAOAO7buOBUB+KfjZpPn8Q6iCwAx55IJz0yM4OBnsMH1Aq74Y+Hlrrtje3dxrC2F3Dbma1smQsbnbn5V57kDk5Lc4wOmVF4K8Qm5lhbSrtYowGW4+xuY+DwxbJBUrhgFH8QGMmqqZ9l9GpUo1MT7KdN2casuVN2TSjeyfbrZ202R0YbJsZXpQqUcPKpGeicE5yi00rSUfhTut7We10y9F8R/GIkBbXdTbdjCee4yTnkgj5e/TpnHGch0njnxbMd0mt6gC55BuDj+EYAViOCRljkD1x19BvvgZ4y0vwzB4wu7MSaLPaiYTeRIscPICiSTGA5bgDceenIzWFbaN4bTRlllWWbVJQ2YBvCqQMhl5G7uCpJ7A8cVwUuLcvxKnLB4iOKjSqOlVdKan7Oa5bqTi5csl20a0e+h31Mgr4Zxp4qjLDynBVIqpCzd0rNXX/BV9krnsH7N1zq+q+I9WN5dXdzFDaGTbPMzpvJVsDJxt9NuRg9DgZ+2RGCVmVCGcgEKcL8hznBPy8nPYNnKng18v8A7Oehw6ff6ndiF4WmsQSrAhcYUnH8O44DHGcZ6ZNfWyRiQAnO3gLs5BPuOR2z05A7kZr6jLa8cdhY16a5oybV+1ny389mnZdz5/GU54Ku6MtGoxlqtuZR5ZJWt8N4t2T17mM6y7SZNuCxJjJJ4B6FuBwP7wwSemCVrzbxEkr69obIQp8x8RnoAH6EYBIxnb6ccCvY72AYBSLMilCxLYBBBwSPmxgYPI64PIrzDXoHGvaOyMHYyMDuGMBm5znOVIBIxweccjB6PZKM43heN7t3bbulout76votbPWyiFVyaau7fFrffls3zW93a/xWu3pZN9TPIXiVdmN5TJz8pJOGBAxj7x+bkknjpx2Wnwn7OhwVZAFZRwF4wp6dSdo6H5uvpXNTxqUt2w5TcmQAwGQAMt1wM4IYA+5PBr0DQonmiCMgG3qT3VTxk5OGxjP+HT08HyykoqCato7JXtZ6Wvd7b63fdWOSvXcrK9ttrLdRbto7JvXr6aK/jHxltJbP4W+NZtrM9xYIDkgbMkHJBHOADkNwGJ9Ao/Jlb28VTu80hMBc/KqggjPG0c5HJzyevOK/ZT48IzfCbxVgxh3jEe0gAsoI7epJIwAckHp3/Ka00SKeEXF2DBFsKbDwNyj+INg8jJxgfpXiZ7Wo4bERUlfmhzWtdqzSemmq076u6uzWhUlUpq7Wjdu3R66NW835LV2RxtnqksriIFwmPmjMm0MeWIySRkYODgN0OM812vh+DVbi6W5htbhrdcqzrnavltzuYAZHccDocA8Z6DTfC2hsqXiO0oDFViP3VwRkyAhcDB4O709Mn0Sz1OLSM2dtHG1nJgO/lHLEjBUMNpUfiD90sQck/DZjmkXGKo0ZObT1aajy2i07rW++70tvq7dFOnBpOVkuvVP4fVq9+lktkr6KimpYi81xtAwroEC8KMY3A8ZPG4Y6AYwQa5W7vI5LpmlYxEqQIyB8wzxxng7TuzyOcnHFdBrMEEs5eOYW0Uu0BSCAhwSVyTyecgkALz268pfDTwwaS43SIDtKkMZcfxZ4GeeBnjtwBngoNTi5KLu1az0aem/33W/ytc2dOKkpJxXWKd9Lcvbfvuu2ratvRXdnGyCVyhIBUgg5wM7eV/vHOT6d8YHRrq1jMdiHMhQRgqCcMB7MQwxnPGM89FNeQ3d4qgkLgqB0JOR2ABHy+5z+VJa6q0jqpzEFIO4HPTIGTyoYYypyPcdBWksK6i5paNa9VJ6K13ol166dkzX2kYyUW09OW2ra26t2T3d9G7s9bka3dAqsseVKssmfnP3jjDYA3Y6HnJHKkVg3dhcGVckj5NychQynJ5GBnAGeoO3kYwcc3BfxySAzTMVUHJBPLgk+nyk5GO4BIOCONCTUxP5KJMdw4MjM2CFGAB1AOAOduCOCME4zjh5QV1srt2sr7JrRaaO++7tcrmUlpovdurpau3bT81v6GjbTKJl8wLFj5V3FTuwoIJXkjnByTjOMA4Od3T7mYCdWdBGSRuJ3En+FQPQ5O4Y54Pas/TdLFyVuLtSkK7iGUqWfIG1tpJIzyp+XHTOcVpi6tNkirHsRMBSpBGVcqHJOQWIGccgcgjqByVJJy5FTvK7baeidkrfCrO/XTV23vdTqKEbPlV+aSffSO9lZapfJeifMapp91pkn250LRSSFo1Qgr8xznGRg89+h5HZSQeKLy1KJ8wBO9QzkrwGIUrjIUknjkE4wOubd9eT6jFPFCnmIuFjRwV2sAFVt/rgHHPGPu5rnNS0TUbeJLiWMuFUHCjOwHoAwwMA4HHOR9c7QjTqKKqpc1o6tJt6xjq2n2Wlujvrtkq8lblbs7Seq1uorWV273b+z52T1Nu/1r7f5ayxrHK44KjKbiS2WC8be2W4yehGRWI2qSCUwRMssgLIVUbieCckDgDAYk/MRkZOOa4W4vbyOVwMxsuVUZPJJIyOmeT7gHOMdruk3cyXUcjkSTBlDKRnJIwwckcjkZP8AF1yCQK9Kng40YSnHWGlklpZKLSulpq21pfy6k+2k3pe+iu2ltZ6X3bu1bS2nL3e7c3V1MuNrx+Wx3Nkce45wFbA7DPXkCtKyvlOyMtIGQqGdScEEZIzgk5znhenHGMm3eSWvmRysFE0sagwoPkzjBBGcDnJyoA4745gt7qziuNtwqxiQ7Y1jUBS5PRgMAgHPUjA57CspOMk1GmnzRaVku0b69L9NW7t6dTKU2paSSundtX7dVb4rK93pe3kti71KYWrgXBVdgZgrsG29jnPJwRuHQAkAc1hxXkl3G6tM6LuQRR7j8/IwcA8AnqenIyMc1Z1LyljH2R41VlO7LEFiDycE5XGSDweuQABmubt71I71R8uxCGB5IVjxnaQwxnkEjHp6FQox5JckLN6NNJNN21vvdXurq2/W1ksRV95O0k1a/wDiUe71V3dLRX2ta56JJFc3EccXmKi20I8wod7HI4XB6sOSQMHgnrivM9US+tJ54lbzo5AXLs5CoM4UckkZwfl4GcDsa35dTuIpJZI2GyQEndnLtycqoHXr6AjknBqTTbKS6SS5vHbJIaJD8xcEttB4wQAQAoUEEDBPFaUE6MpSlZxirNN+9tFLVq9rJff30N6cJyScunM3a7bT5XZJ2s0mrKy872MPSodVuVWKRxBFPhWlYkERoCcAHGBj7vRehIzk11tpodtdzxwIHnZAI13kp5kjDkMxJG0YJA6kHkY4NyaNfINtGqmUIf3h+XywrDao7DHBAwDk9SBza0qC7hESgmMvIjHeCr5TJLZwCMjGem7gnIxW1Stu4taJWSb12SV76ty1et3pd2etKlK10nbd297azSd9dZWfXfTRa+kaV4X8MaRpzf2rF9p1BTGyQNICkjE7vLH+yvDNg9DxyTXbaZ4m8M20lrbrotjE0bxidwBI7YIKhSDk46E8gcA8V5hcXSb4Ex5syAIH355OFZ3JJPPUHPbB9arWrql5IyqRdFgIW2kRliSCCe4OTk/XGO/n1KlR3j7RtuybV+VJ8rV0u23fZN2MZxknGLnaStFptNWXLZJWSvvu3fX1PoLXvGkMAtp9NiVUCtNtWNYkCDAHnquVc5GdpAz6Ywa4pfGOoaol7meCBmBdN2CigdCgA+RiRgjjGQvJ5PmV9JqsEsrXc7xIf9Ur7vKJwTgnBwMkFRznBGea57+3Ft1uPNkj8vO8rxhiBk4xgqePQjqf4eeP6tUqpNNyvLVOyWvKpaK9rWbtutG/LBx5Z812k25N6JaqN9Vdq2rV9lbq9O61rX7u5ntY7zZcyJAo+1y4xHnIBUkcrgcYJJOcn05d9R1u81EW+jwnUGldkVIEZxM6gAbVXIVAATuOBycHbXmupa/e6jcSL5xjtpGUJ8w2hc5A6AgAbf4ucDoea9X+HXj+08LabexSG0+1T+cs13KitL5ZBVEtWORGQTnI5PqTnHasFOlTUnB1J3jaPRPTfbdPrdu61tcuFVKzjJpJxaTtsmlfTdtbu+uvSNn5trVtrMFxPJqkBgd2k2I6ANG6/eQccDJwD224we/LtJPsRpC3zE43EAdANwGecjp2PYV0+ta3NqUt7PK80sLySGCORifvMSckkMWJ5D9DkleAMrpuj6hqNj9qjs3uLa22eaUjZnUHoGHVRtHU9cYB5bPQv3VOLqcqsk7b2bd/J2T21l5HpUq8bRenvJWvr1SV3pvbXXyasrmFE8+1GRWbDZBJO7qAV55YEdweACOtWzHLOCR94HcQQAo4IIAI+brnjnJ468dYfDd1LcwJbJbgFFd2Z8eTuPyq6kjYSeG46ggg9sDV7W902+NvqEL2m4F4y6lI5QD9+JujIeehzjsOKV4VYqMdXKyUXK2ySTXW17PWT3vq9t4zc3J2uo8qeulko67XaTe7b06bt39NuL2xniubSR42RkUyqxVFfggZBBYZA454z0BFdfqUeq6hJbyXiz3aSMsizIrt94KNqhCTt3Ee2R/CMCvTf2cr/wCEN9rF5Y/FGzvbtLgxx2C2h2wCNT887chRKigsgJ5IHQgEfW3hvwx8JtU1XULPwncxx2MU95Bod7qJWe6muSjeTbSwDJWMMVAYg9OB3r4biPNv7Jq1JTwdebhTjKNZQc4SV4R1kk20nKLd728tE/zrijj2nw9XnhJ4THS5YRqfWFh5yw8VNwXvVUrNXa5lf3Vq7anx7a/BjVdUtxdpqITNqlyI3jYwp0KxSyEny5Cp4HJAHuAfJ9b0PVtJvZILiF1jTcscywOIn2ZDLG5UA5I4YkjjnvX15Z+M9R8LfEaTwZ4vu20zw+bmKPWJbe1SXajSDZIgALhApHmKCCR0zjJ7j47+J7j43Xmg/Dn4N+CrTXLLR5obaXXdP04WM+pNs2q0smPlVMnzXduSMnB5Pl4DNc4o4yn9epYWWBr0o4hYtVPZ0KFHRpyqTSiptWXI302VrnjZXxlxLQxsMRmqwL4dqxliJ5k6qw9PCUUouM51Jy5Wmt1Jq19OtvzjHms6GQFWc5bLcBMjHTALdenBP0FWZNQZJX+XYpARAudxDcYxjgfLk5HU9MgZ7r4ofD7xV8LPEsnhPxhosul+Io44rtrc5MaQSqPLZH/i4wM4GfU548+/sjU7sG5jtprhDIuDGM7yBgqCBxj5uMrnk4XOa/QMPUo1qUa0ZU5wkk4zjOMozWlmpa3WulrLTq1c/YsFmGFzDC0cZhK1LEYfE041KVelONSlUhJK0qdSLlGcZJ3TTsls2tVMb/5REIsuu4swHzDjgknHIPJGcd+DUS3BlQBkIwWLOAR8yng5OcAgkkfmaiu7S6sJVW4glgmdFxE6HcI8gnIHOM/eOQBw2BwKhe4aBtpGCQG2hfug4xkEnIHfGcjoRXVywkuaFt072Tbeju7Xeys90n+PWnF6t6K1+2tt+t9720W70NOKRfLYEbhuxuKFiWboRn+FefxAIKgZOhaaLqGoSOdPspLjbFvMqxsU9emOTn0+YAY78Zdp59wxQfMJCi4VDwAOgOcfXHXJONte/wDh/wASTaLpI0640xYUIYQXbRFWckjazOAcrzgjoenTGfPx2Nq4WMXSh7WV7KN7NWau00pPba68rJXvMpRV/dTau07JWu09dr9dk7O9mtbfPtzpWri4NobS688/NImxty8rnGRyO/JJwD8pya0NN0O/uy8H2eWFo9zmR4mLPsAwASOAOex9RjAz9GW1zAZnvpPIuZZY9q7IlbzXABIyOjDHzc464AJ419MW3upIBOigM7StHFCAyZzw4CjIJGCOQMY5IIrz3xBUiknQcXfV2feNrNpO7u76XtprbTOnP3lvd20srpe5ZKSV1e7vq7ed038nX2jOgMgdsAiLa4KlnDHIVccHr0xgDJIyKWbTobC1LX+0TsoVIiMsPMwEIZehB56DBHcqFb6u1zwfpHiKNLSxiFpqKO0xn2ABwvzKo52k5xkdTzk56eP6/wDDPW0ikhupvMufMBjUKG8yIMdoQrnB4BK+h/L18Hm1PERTnL2c3ZuLSW3KlFX11burNvRK11Y39mm3aPLdOd3fVXjde9ytX1Xeztqt/EPs5jnUk7VKj5cnoeQc/wB7AwQOhyOoreW3ttLVJbl0aWZiRblgSY3ILMc8rgf0PYGn6jpd9pasuoQNaJCVw0ibWcZwmAQWJPJbGRj05J4S5nnuLkzTSM5IIi25bG04AwuQCBgcA7vqMV70ZOpC8Jrlt97aWl1672S1bepzKUoO6TT76+XTXZ2a7tO+m/u2k+LNO09JWsVhhWVAuCo8wMAFLZzlgDnJJGSTT9Sv7jU2FxAzSKU2M4IBzg8AADjHJIwcZODXgtp5yTBnfCggfxbxuBGNvToMkDJJyTgnn1zS5fIhMXlTyxtGJMkMCrhcbmIJOM56jnB64r5vHYXkl7SCUpyad3rLeOi3aT1Surdupmpybad9bX81dNNWu2tNvXW21bUbBHeJkaTeQMhm25JzuC5zkDHbPHA6EDtLXwZa3VgjalePBIxXy4YmLjaVBVDg5DdOGJI4I9KwbgOAl/OEcRBYlYsBHubknBwMgDHA25HevSfCup6QbhLm5bK2+CIiwkRnVATJIpB4JwBgZwMFSOnkZhVx0KUJUKbi7q8VFq92ktldK26T+a6YzmlaLlFN2VnotWunZ3v5vRXseYf8IqNKM11cpdPZ27s6wyhl85W+UNtJ5TaDwcj0Azz03hCTwe/irR7i1nis5xMii2uD+4EhUbml5+ZtxIXBAyARhuBU+IPjy0uReJaRhXldreFgBsCjOSB1GOTuwQCOg614XoTyDWbeZy42OZS+TlSrbgw6AA/3enPAxgV9zwrXrwoRxGMwlCo3yuMasItyTa1s00rr526X38PM8LDHUfYKvVop+7zU3ytO8bt2vumm0rWTa0dj7Fj8J6J4p1jUbDUrm4lgstTb+zwZXaO5muZGzGHbOIckhAoGB3xmsX4mfCOHwddQwwLHcJdrA0VqiZlt9yBlBHzZyABuOc8nAziu5+D93YTWuoaprl5GJYZ1NhGGQSO4cFGw2SXBHIPUngnrXe/FDxPpet6DaR21lL/aVkZLi6vTgySKCyxhWPzMwGFAGFxjaAOR9XneIwk8mdSlQw9HFtxcY07JKKklZqKSS5X1t6dvynBY/Nsq45w2WrGVZ5S6MYVIVG3D2jatJNppPlWt3562Pk1fC+h26K9xKIpMYnWcKGDEE7IskAMx4zjpjr0PpXwn8IapJcXmtaZp1ndW0BaGNLmRJFU5+VljPXAxuJGTjseD4Vr5kuL/AM2aaYpIS5Qg7kYElAUB4OCM4OD1DHANeofD7xteeGriCK2tmmhu4jA0EkjhE3YAlAznnBwcYyOW6AfJZNmOJy7FUcZelVnSkpxVWMZ072XLeNmpJWV1bVNtO17/ALvTo0cRUp0MQ3GhUlBTcG+bllKEW9It6/3ddX5n074h8ZeIvCdvaxXWk2sU7xIwk05IgFABI8wohAwOSQclQT8xBxxc/wAZdVB33lvBGZYiyvuCyAAYwpXOOgyDgZzxkjHVW/jLRrHT3i1KS11GCeHzZotnmzxytHtMYkfd5YQ8HnDEZAGDj5Q+Ir2slyk2lLJDazhpCZDtILsSqKvXjIXI4xggHoPvX4rcQ4qg8HGthqHLNJqjhqUeRWilZ8r5k09EtultWvXzvg3K8spU8bhaUKtGpGm3FycqkXLl1l0cdbdLPTyPWLz4563bvcSQQLiSMxxO5HmruGN8Z5GD/EWByD78cunxN1W6vLS+u7i6j1LBSO4iZRtUkqMhAOU9ST93OeCteDG4lkQJK7lkKhUBdm5IHABO4H0yeeMZr9QP2TP2Bpf2h/Ds2u3PiC60e60y3fUbnT1t3eSKwCFoLhwSuRKcNwB8m7JIOa/JvEPjSOEwX1/iLMZexcowinH4pSs2lCMU3Zb6WXSzOLJMFOvVdPA4WEZL3npFWV4ppt2fRNa3tp2te/Z317WtYtfEP27V5tYgsYo5rexld5YxKcHewJKqy52sw7g545rmv2h/HGr6f4caLTXls7u+vmimSGeQeUi5VlRQwABU4bAGc9ea9B+F3gGX4WeNfF3gm01SG8vUvpdPlmiQhFCMwSUlui4BBXJ5yD0Gfnr9rHzdDu9L065l3zy3VzMZFYeWyM68f7XBwMZwM88Gvx/K62FzLO6NTCz9pRrKFWnK+jjKEZxadrRT5kuXRrpZ6n0+IWIo4OcZ2hKm3B3d2nzLVS1vvaz2+enyWL6c3sUshUrKoWVyFdlLZDuCf4ye46knI9aD6fDc3ly9qJJUlbasjZ+Uk8kkj5d2MkDB4A7gCrHdQF7l8sDtcDBJ7HOAANp25HbHIr6A/Z/sPBetS6pF4ua4SJIQbOGHHmOx3DKqON2chSOcdRgV+mY2rUwOFlWlF1IxSvGKvJRfKnyt21S3drdrbHzKmpSa5lpf4raNWT0ey3d7Xtpbv5BY2TWLsjncxBzEWyU2dNvJzk55z68gDnqp9NimtoNQgcM4PmTrsJ2BM4JAxnvkEkkZ+70r7Ij+AngLV1ub7TtWmsGVbh4RdAO1mQm6MTr8rESjlRg85Yjb8zeHQWHhzw80ttbazFqU8VxPDqUdxCFiYRsR+7JHCHacYJHJzyOfCo5osTBzpwnGd7KLjumk9Vpy3T6XSeqFUSvrKKSSsrrV3Wqu1J3utErp3t2PKLXWNRSG7hhiZY1O4yQOQw7DavQA4557tnqTWde+Lb9jBCpkWaBgUY5DEAZHmA/eJ4+Tnbk4xxW1rOo20UzzWka28DySsUjwVdQMgBR91CcY3cYXIHRhyjpbF01CT5pZgZFjXjaB/EV6gIOemMdCea9WhThKHNUprmaXM5LVNyUtW3fS6cbL8NVklFp+9q0ldq2j5Hvts4pbNeW5q2F1qWrXq305d5IgHdW+UuQCBGuVB2nHIwMEjBrfudTkuUNs0UkbQk+eBngEYK8EYGMDGOclhniuYstRSa4VYz5RgV3aY4GZAMDcOmO/3SOBjPAqObU7q1uS8zriRTI7AA+cp6KOvY9MAZyceusaUZ1OVR2aaXLdW91WurWd+qbjZt9AfKld6pK/L8lfV29dLqy26N82vXem3zQWxZ4HdF+Zm55BwBngg4ySB0wBig3GpXN4LrzQ3mFTsdsomGGdwzg8DqSoPp68y98stxJKzDbMGKKckqVAwAWzgjgHGTgdQOKsQagY2EoXbExCy7zyQvTgEEHrnB6YxnAI61RaV+VR0V7adEm0l3fXS+l7aX8mpKDnePdXScrxva7vqmtui1W99F6ra3mm6bp09xPGkt5cMYmDcHGcgpuzleCQCBwcnP8AC6O+jkuop4J45FMI8xTghFUcqFyuCCSCc5Ix0zgeZG6FyTMXMkWGCIuMtxgNhiSCvGQOmByT1saZOJQzFjF+7xCqnO8FuAMAFc9w2ew+mEsL71222+V/Fyu6Sbu1ey112TffphKEpaXaWjau1u0+ZtaapNWlLW2iWifplrcrqNwDG8LqhcBHVSsSnndhgQQOcEnOMnggA874uUWL2otDAyyoHZ0ICo/948jBGCAuP1wBhi7e3u9kEcylhiSQg7QQPmUAA5BHPHTgLkYNQ37XOrRLHb2M7RqrBnG9iHzgHJ6npkAk4PcmtqFGSqxvJcsla3Om7prR76Pqnqkl0NaUFBe/USa0kubezi7e8umnXp0WgaXqM8UVwpKB0RmklbaxYMxOA3JJIxwDkA5x6R2epSNe75XjddoCFsSCPd8pLA56Zzk9Dxjk1Ubw9rpiEUenXGCY0eZgfnJUcMexyMcEcnb7VtW/gHxRNFNcWOmyOsaqkxjJbAxuYngDKg8ngnHNeg4UYtzU4p3Su3a0nqrvr7sbdm7tvQJVqUZJ+0TXP97WlmmtrJ691va94r7UwkN1E8sDJ8yKoVWLE9e2MDbwM4wckcZHCCG0+0t9pi8uKSNfLEYyQH4ORjHIOCOmG56c9pH4H1adhHcQSwKZTmSYjh92MbSARgEdc57KTWg3gW7tpXMzNMFChWLrsUAZ+X1PQ9MkDJPAxvSjyxspp9b3u3s9evZKzd1qr3M6uYUY2XPblta7cktVpZq6S0s420T1exzVr4alS3N7BE8luwKJkAHYC2SQB0JI5HGc/hgmzurB3WS0YSzSR7WA+cIzYAOOCD90Y6cEnGcfQejW0NhbzQzGE25gBDTMCdxUbgmCVyScdOuMd8Zl6mlR2UsgKTTSsUQAKfLYbgNjED7pZiMEgHlRgVdKrWhJqytqlJa/aSXS7fz110MZ4+hOUL1ErSTbUl0a6Wf2dF3vt0NW18G+KNI8N217pjafaDUEhuYgs0ZucMAxEj/McA4ZlKgqOM5zjiZtZ1lLW8s9X8RTXN55gj+y6eu5uW2ooKnG0HIznBYEkYpdF0/xXqU0dhJfSLYRlijXVwfKgjkOFMZBUkovIU5A6AYznuLPwf4J0W4luNU1y4vrgBXEFkCPMkXP+slyScHo2cZ9uaOeDqPni+Z6WjF3s0naXXTW76Ls2z6KtnmGhg6dPDXjyw5ZJyXvO1pPRxTaezaej0Wp+rf7NnwR+Hfwm+Di/HXxzqumav8AEGx0N9V8NaVqNxCJtOS9jIs7azti7NPqcwIJcLmD5mOcqK8D8d/tGfEjxpCNGvdfvdL0eJpGh0q0naG3t4ZpC00cxVleaSZcbmcsewGBz8p6d8QdKsLKVZLjVriOMlbVL27nmigOdqHyncx7lAGxEACjO0DkjmJ/Gs2qahJIn7pWAcrtH70EHaW44XuRnOOuMV4X9nYiOP8ArtSUpzUl7J2bUIXXKrNpKyatbVr5nxHEmKWb4eGH1VNwipxV25pRSSd1GytbeVtG03pb62HxQ0ifw5N4buPEfiaGa3tZUtbSLVLn7FMJFGUkBcqQG5Axkn5TnIz80ajeaslndNavcRNvZpDJNuZ1JwuA2SSQBySBnoRjB5iPURPdR3jXkSLuKOe3mZ4HAPHAySFyTgipJtXlv3FsolYQ3KRtdxRs4YEgquMksRnGCvfp1B+hrZhjKlOMcXifbRhFqEKiSjBe7azUmktkm15PY+LwfCsacoywuFcPaS5fdop8zdtpJtX7Xst/VZcniKW1iaK8lVD8si4IEpYg5USAnLYyQBk9sZFcm2qwXSTuqM0M8qrLK7Y8oknkpjklgef4enTNej+MfButWDWh1Dw3qMa3lmbi0lktZENxEy5S5TIJIOVI2gMSCOpYjC1j4A/GXw38Oj8TdU8G63pngO7utket3Vo6wSscbCqOowjZwHOMdB78lOtgnKnGdahCVaSjBKSjKc3yrljd+91SSvpf0PtsFwxmsadSosDinChFynKNKqowjGMbubacUtLtRdrPzZ5QkMz3l3FFOZIkDvI6ybTt6hACQG5xgLwckDJOQ6bVZ7fTrdYtwnluNu7ccDbnBz0OMAHH9Sa49tTXTpHRfnFyTJvZmLKCoHB3cD5sAdx3OTV681APpEB3osz3WEUD5iDwCcHggE9OARkHvXo1cJyShppKSva1mrq79fk7trRLU68PRgqUuf4opu3WyaV9bWb28733sek+FNUuZpoILly8bTpCqAFpJJ5nCqAAGLMWIAA+9k/NliT9D/EL4DfHH4VaPpfjXx18PvEfh7whrqxtoWtalayx6ff/AGiJZ4AkuNsTSo6uq5IAI7kE/PXgTSbyWK2vULebHMJ0IwBBJEQ8bjcpAZXwVUDLHjIJIr678bftKfHj4qeDdJ+HHxH+JGreLfBfh+ZP7E0C+MQjsmt4RFCUIjVgIo41RRv7ZznAqq+X4mdTCzw8KUqLmvbqd1NU9NYJJrRt3T9E309nK1lyw+Lji1UjWS/2ZxUXHm0Sbd7b2+G6WvbX5C1nUtSe4iaQTRRxogMSsejOPlIwCQRyAxyBgE5yaS+mu2sYy6ybJZ4miUZHBUHI46kEcElsDnO2uz1DTI7q8V/mVAFSReM54zxg52no3brng4ml0syfYkZNpW4DLlfldUGOSflHAIPTPIxzg+tHBuPLyxWmrW1/P1tZdO/TTzfZ3lK0fdber0d7xT7bbpOyfS7OEuPDtybVVkjdjchZVcvlkZtu3BHTj5um3H0zWlYaCttaXDPhtjK0jMCzqVIyqnsNwHOBngZr12PShdQTNKhBTY0aBeAAByvQj6EZBB5PWp18PJKge2RiuxmmLZClzn72eu1hgdFGCSARWNany2SSs3dRtaVrw1tvZu/XVXSV9++jh5yjeLb0S97Xbl2T06u++ivo7HlumeEdU1BrjUfnNhCGkZS2zeNuUCjqGABHHcYIGQa17e+nsdJW2jSRTPM20yEgoFcKQu4DHOMAcE45OCa9ft7BrDw1eJBIgDgSSFuSJBn5VBzlR0C4B2ng54rFsPCEOp6NbapLPLMjakqtDHghPnBJB6AHGcFcH34FYYiinRjKSsuriuW6fK127dF16PbSGFknZJXkm30smopptfEt7Jaqz3aaPs79m3W38BQaH4+fT4dQuvDM8GtWlhMAsd5NAomCzfd+XdjAOSOW3D+L66u/+CjPxX1/4qx/FKDwv4d0u4sbe306DRYxI0EkSxGMO53ktMxA3bW+bP3QTmvhaPWobPw6mlQqA62gtwq7VCoqhRuC4wwGDkcnkjb1aT4QRS6t4z0DS7aC3uJ5PENjmCYqxlRZlIVgcgh3G3b3z0x1/HOPvD7hPiLCYrMs9yjC4+phcHiFCpiI8zp0uVSmoJNW0V2+l/u+94bzrMstr0MJgqs6Xt5KE4QbtO/IuWXV6aWu0k7W3P208Hf8FHfirH4l8OxeO9E0bQtG8UWapYR2EE007XTkRoXjEhIzJIucjkc8jJr7h8LSfGz4jfES3urDxgmjCy8NrdTvaRhDBHfAPDbmIH5pWBAJJJBJJAxx+a0v7LHxU+LPxZgGtW1r4B8EeCRp+uNqU0QFxLDIkcklrZooG1pGVDDj5FOOAQM/pJb/ABL+GH7OvjfwfpOq6zeXd9430+z0/R1kdmu9Ue0iCS3FyofIRj9w8KB17V/l/wCIWR8O18zwOE4NUK1SpTxaxdHAN1p4RxlF3S5qjUoU+ZP3Va25/RmFTw2AnOrQw/1ydHmi6tODTbUE/i0alaSSWje5yn7Snwe8a6f8G/FfiPW/F2qX+rw3FpMnn35+ziL7VFktGjAb8En5WwMY6A19SfDnwdqGrfDrwldNHbNFH4e0uOW4eQstyWtlEk+HY+YQcncCeAc9SB8U/tNft4/AgaZ4l+GWqxX1zqWsldHNrDmWGxuZ3RvtUjncmE28ZwV5AIAyfrf4e+MvDWtfDzwBpWh69eW+lL4Jtp7e5QlPtPkwZEJYk7m/hJGcEfQV8Bm3A2OwPDNOWcYTFPDfXauJw060FCpXU6NJWV4L923FSTu0tVa7ZxwzLMcRVw6pOnTrwly1FShFqlCKi1zQi7J6rXRrz0b/ADz/AOCl3w70rRPg3e3994psbKaw1+xuYbFREJrhJZQXWFc5KoR275yBnNfQXwD8dWkn7L3w0g8O28eoTpoGlWdzdeSFlHnOEd2lABAPJBx2Uk5OK/NH/gqhqM1zb+E2kmvpY7+6ZXied2t51tpMJiPOFbn5jgE5HTGK/QD9ky1gT9nj4Z2cNhLHFd6ZpIm2AkMzSt8ygZ3EDb3GNx9AT62cZXQy/wAG8hrqXPSxOeYz2VCcU/ZQqUlGybu7pwT5r6J6Ja39ajiJ1s39jiJKc6FGjOVRXhzW1ScVsrNaXv0dtDvfHPgLx9YQ3XjXRtPXVNNt2glmWW8zPMFjLyxxICuGjxgDBJIBJFfjr+1xrt14t+CPxU1fUrB9P1JnjRLcP5m23imIDMcHaQV+6ee524JH9LXiuG0svAk+nCCSOO2MlySM58oW3zFjgZA3YbOeeD0AH80P7ScEd58IvjZ9mjlWBrq6KSOS0eyO4kbbHzxt6sR3wCCK6fBBYWhxfkq9jRlVwmaZTVlWtaa9pi4L2a0s1HS95X7vVmOPxdbM8lzicl7OEKeIp0vsuVKMbRbvrd3vo+97pn4PfEiZZdE8OJ8y5sd285BZ0jQdcnvk5yfl5zkYPqXwEd10LXFjKBpImPOBk4Ixk9MehOeuMV5/8RNN+2aZoKKdqw6UHyORjaF2nAyGyoxu6EcAYrrPhLaywaBqsazGNL233bxlnDBSpI25wRwe5zgD5hkf72YCca2SUdVrh4ttJJaxjulrbXl+V766/wAQ41SpZrV0elXTZXblFpdnqkm0+vmfvD/wS4XTtNg8VXmo614eQSSW/kW+paha29xHceawG23kkV3VTgkjjjHU5r9Cv217K/1D9lX4qRRTaHfAW9vf4sLyzeUrDKHXasblucdFHJ79h/NP+zR+zTo3xg8e22map4w8X+Hkmj+0S3Oh6vd2UqiN/wCJIpVUsVwAGz9cqDX6B/HD/gnpL4E+F/i3xJovx6+JEqabZR3MWlanr15cWF1G2AkV1FLMySAZ4DDaSOmRg/5j+KvB/BMfGOWZY/iuvhc4xGMw1eGAeXzqYeC56caUHXhVu1Jp81oaXbvc/qzhXMc4lwvgHSy+LoUoJRl7VJzjFpu8eW99H16t2stf2R/Zk8F+Iof2ePhIzJ9nD+FLWZY41R9qzRI8ZyCMDkA4yTnG3jA9nn8K67bq817cywIUfDiLk4QbckZyM9QccE87eR/Px4Q+C37dOmeEvCY8B/tN63aaX/Y1lNp+nTzKILS2lhjeO2iLBlZUDBUbHAAUDnnqtY0X/gp3oFm1y37QY1SK2tpZHR3t2OxELsGzGADgKPrnHAFfj2Z+D3DmY5xjcVhuN8mjXxGKqzdKrLE03GpUqJpSj7F210aTa+/X7anneeU8PGc8rqyhaLvCEdIvldr8ybduqVr9T9UvDngR4o9WnupprprjW7qVmS3+ZMO23a4U5U46dA2cHqD6FFA8m2Hz9Qt4bNWI/duo+RMnnbgKQOhGMEnrwP55tH+L3/BSbT9Pkk0fxVPqFpHfXBLpHBL504Z9xKeTuKsTxwQc4GMmtKb9pX/gpfpcSJqNte3TzsDtXRw4fdgBdyRAYYnAAI9OgNdM/AjF18RHl4v4cqawVnj5RdlGMVFqUYuKuvh76aGkuLKs6TdbKcavdXvLD3tZJLWLv3a1177n7B3dlBd/tP6DdGe4ka7+HlyqhrcnAjvBGZNhTOApABGACOte5jR9CgmvLbUXuRDGY3E0sRCSMWBCMxXDIewGOp4GCa/nbf8Aa0/bhu/H6azbaZE3xC0DQxpMViujMrQ6ZM/mTLNDgEu7ZbkHacgkHgdFq/7Zn/BQp7IWl/4UlfaySNKvh2UpIxbCpuVeQD/DnIHpmvrc18B81xVXKpLiLh6nLDZfhsOozx9nU9nKTU4JpaNO91pdu2h5eE42hhvbJ5djmqk5c1sPK3o29Oa6a5b3vo20eJ/t03FhB+2abaxVIrP+09GldgQgABRVkIIBUEYOOw29uT8pftj6kJviK8SzebHb2FmYyDliDCFzkEkLluCCvA6dazPjj4++I3jT4tDxf8S9PksvGok0+S9sktpLPbFA0YjUxNtKjHVcZOcY4JHi/wAZvEt94g8Zz6jfxPA0ltBDsc9AIjtAB3MB0JJyDnGK/wBPfC7J55Rwrw/hKlanWngspw2HlUoy5qVWUadNOUZ21g7Jx010abVz+Q+Pszjjc2zOcac6ccRj5TUJK0oqUo3jJbJ7t7NO9tWkfYX7L/ws8LeNPg/4iu/EGl2FzI9zeIdSubdGuYkhjdlihlYHaskgXJA+YgemB9efs6eFPhp4y/ZM+Onwqmtr658V6p8QPB2laE9lCYvsMVxOqvJDPEgfKwBv3W7Y3JZc5NeD/szSz237PF1bxlWmu9RvQBH1kLIxAJHbaB65IGCRxX6xfBX4HQ/Bv4WfArXxbWtr4g+MPxM0O61S2uGjKrZ2lncTWd2Cwzhwm5y3AOMYBNflXFnELwvEmbUa+JqxlGvXrYVptqk8HRlUvGLly7xSXm1dO2v6FlGUU5cOZTVpUaUfaQw0MTNxXNUVatBcik+vV36XZ+bX7UP7I/w3+DXinwj4T8Gar4xt9RgezuNUu7rU7mZ0vLhrZcxM0jLAAGZkVQANp4Ir7U0T4B+IPDmlaYdD/aB+L2iSSW1lNHGuqLPGrSwpIyoZI3YqvG0Ek4AHTgeR/tSeJrrxV8ZvibBeajZzT6J4g8PtZvA0cuI450R0yOUHygnkFsZPNfp94a0e2u9K8NXF5dW7hdKsJUXCMoKWi5384xu+XJxjq2MDH8meKXG/E2X8KcGzr4mpicXi6mLniKuIw9KtOpCcqU6d/bUpr3IzdnqrXs9Eft/B3DuT180zaMYRp06MMMqcKU3CMZRjyTVoTjreN3vd3V9T5g8H/DP9ojVLXULrwz+1B8UPKhvzaK11JCyFkOG6wYwMYI/NcgGvWj8PP2vLLw5fvF+1V44ijh0vUBcQXNhbyx3UItJfNiL+SWUSKCpYHjJIyeK+pPgf4asz4f1i4m1GEiTxNfSpbwtGCE3AIAM4IGBuA55PvXveppp7eGtZsElhkY6NqZO9ow2TY3GF28txtXPUHORjHH4fPxGzZZ3GhQpYGWGvRp888sy+823T57yWGum5c1rPz3PazTh7ASU4SpVJ2u43q1ZJWaateb+FJNaJbX01PwR/Zh8H/FLxB8Gb/wAQW3xk8aeHDY/ETW7W6h0e+WC1doLtzcXrW6phriZvmfqB6Y6s8QaN8bfGn7Rmg6J4e+N3jH+0F8G6o+m+KJ7hDe2dvDEnn2i7FXek20Bl4PHUdvX/ANni7aP4B67oiWrWr3PxQ8UoJYWCSHfdyglmHO0jGCOFODwDx0vwfsLvS/2oPAFteWIKDwl4gVmKed5iyRnbmTnJU491Yk5JAx+uS4uqUs74km6ODvRwOYTpUZYTDOPNGhBpP91eSfvPllo0/mcVLh/D/wBj4KspVFNyo8z9rLSKqKyeuqs3qtbr7/nD4gfC79qXQrAnUfj74ovI7iNbffLOx5lfEbSREYdOhII+XBAGCK/PfVdB+JN/+0NH4D8TeNL/AFLxC2lhl1+VWWV7dVDIU8vZIqrnACsBnAOSRj+lP4i+EhLPeLq0ebPfDPbRiAjYhkyAGIOc4HGSBkY6tX44eINItE/4KKabaWlo08U3h1FgV4dwKmIANtIJBBBGODtPB54+v8I/ErG5rSz5V8DgISy7I8biqPsMHh6M51KKg1GXs6cLxe0o6pq3XQ+X4wyOg1lTjWqqNbMMPRmnVlKHLNqMmtbXW+mq3u9zzWX9mH4p6jcm+ttclvIvImkeRb+/jMqRcFmVpyAXx90gndxgjr+2Wr/DX4bfCj/gmhear4z8P+KtW8S3Hg7UZbaaPWNQMQ1yZZI4HMKS7VtEO0bApXPBznNej+A/CGh6Z8PtXXU7COfULmG9eFmgjQooYkJDI/TZySF65PGABX1N+1y9tF/wTn1F47KyRT4KijVDbwyG35ZfN3bSockHlRubOOmS352/FHMOK8y+qYyhQwlPK8ZQrRVPDxjLEKeIo0WkoqK50pSal0av1Hm+WYPJv7Jo4T2spY3Gwoyn7SUnHlpc60ejSaTeuqtd9D+GGe/1ePVkEFp4gtdSuYE1C1jNxcbbSVSGUxOWCqqqFYn5s88A8V5vd6x4r1i61Bby71+8M01zJqUb3U7W8hVCN7xlxGzBOG3cbAeBxX6X/EPRrHT9N8E6tai3uZLrw79plVLVPOupETDByoMgQ7QFHUrzuIKivlrxXDa6DFYgKpGu6dqOoPBb2+JrWeRXTymOCxABDMd3U9hX908E8X5Xj8PgeXBwjV5oU4upCLcXCcIOXMod7O197XfR/lHFnDuYYeviKksY3RknOSjLT3rOKstLXdutr6rXT5e+BlzGnxm8DM+VEfimzQADGQLhAOgwWJxk4wOmO4+qPj1qEt1+0NqjxR/NH4v8PJsO0uQLq3XgcfNx0weBnIHFfIXwTKTfHDwQhDuT4xs14yOReB9uMjaQDyflznJxwB9P/HWWNfjzrhxLFI/jfRoUOSJEInhVWBz8uBjliQMY5zuP7RnjjUqqnJpWybEzvvpJQu232ts1s9Vuj8uyNyhhndKTeaYdWva7hJK99dNlppfTe5/SZ8bdd061/Y3+I9jfXol1Wfwl4bdYUkQJbr9ngWODCsf3j5G8Y+YHLEgGvxY/Zxu4dFufiVBf3EFsb7Q7JVLBW2mS33AIScK7DAC4yWODggV+gfx78B6Fov7OPjTW9Pudaur258K+GJ9QkvNQlktYJmS3DLbwlvLKhCWAAVQegBr88vgJ4X0PxZqnjuGW2u/KsNI025jKSNvaVbZWdmOQHQkEqOo46rnP8WeHMcBR4S4mjCpOrTnxBXqTqOCi1KNbDqyjd80Yyfuyv1ukun9D57Sqf2tljVOMW8FF6S6Ok1ZtRu3JLfTe/Q/PGWWePx342khXITVLoqCVLENqXDkAHGehxnuc85P33+1o1hbX37J8l3qSXF5c+GbKa6tAyK9vEBEyZU5bHHcD5h1wDj8+1jiHjn4ixKZhFbarfoGOSQI9SIUt7kjjOcHsMkV9UftKaRPD4w/Z6YXtxcm88F2bo94xP2aMwo3lREk7V53KcH2xyT/UuZ4anWzvhGtKVvYZfj+V6NWqZfBeSur7vufiODrSp5bn8FHWeNw/XSPJik76LrytO62dnZu78KkWGbxxr+qqmFvvFNyISeS0UUTrhSeQBtHIwSQeucV5u1p52q6qFOPMurp8nGRtDggEDHtkHJ/iz0r1i200wahoBlZv3+s63IxOP3hjeQIx+6QAOM8Hp9TwNna+ZqmpOW2xi9uxyRn7sh4JySDz9QB1wQfssrrU4xjySTiqEI7qzSkoadmnstNU7o+Rx95zSad3Wk7KOzkoz69Ffp6Js1vCci2umW25g7rFNyWwFJYg5544J9ew55NfaXh/x63giw+F9opKyapaarcCZgCIoxIpfbgg7gDgnPQ4zXxFomxbFfL5IaZQx+UKS2cc8cDn8c8fLXtmuQ6V8Qr/AOGGnaU+t3Nx4csZrfUbfRkdyTcurFPMQMqKcAMW6YJGSOPIzzJFn2Iw+DqUZ1MLWlP27itFF03GN9NLys22/wAN/sPD/i+rwTnGG4gw8qbxeW16GIw0KseZTlCrTclyaOUuS+jS6NdGfvT/AME/vE/h34lax4p8TeNWs28KafYzaAJ7xlW0guGjfDv5+VcrsbAB5cD5a/LL9pj9miL4i/FjxveeHdE8RappFr4ovxoJSNbaxu7OebcZVnCBWBOBHjACj+EYx93/ALO3wd+MWq/DPT/Bq6Xa+G/Ay6vHqrWllILHU75NwkWbV9TfagIBJZXYA52njivRPiF4esfCOrPo/hXRNe8Y+KbaJNkej6mLnw9ZzkAKt9dxFopGDAmVVIYHIJ6Vn4VeHUeBeKc4zvH4fB5jTxap0cBgqVFxjh8PGcXKWJr/AAzrTkrNpJQhdXZ914++LtfxjqZdioUa+XTw2Eo08TOpPm9pVhBRbw9JaUoOTlKzldtpaM/KXwl+wT458STW+laP8H7W6ugIv311qkfmNgfMzrkcgkEgHpnIwcj6Q/4dgfGfVdMttN0nwt4T0y3FzEuq3Ul7Gk+nQNjfG0ysQzDLAID94HnPFfVqfB39sfxqltc2Op6V8PrOYRlbTQ7wxT+WVxunkLeaXCnDBSNxLcnANez+Ef2ef2xNKshpHhT4tak8l3Kr6it9GZLZ5VwMm4nEm4ZOdwPQkDORX9I5tn2IcKlPD0Mly6hUp3jRpYaM6y+GzjNWtJL4m/h6JrU/mnCZJh+eFao8zxVSD1lzuMHZpWVO7ukmk23ezuuxy3wP/wCCYXgrwDaadf8Ajfw+/jbWNOWKaK98T6qW0TT/AC8tIdOtSwXyUzkZYq2MYOTX6SfDz4eWNxPaeHfh/wCBrTVbqJo4lvdJsorDwzpm0lc3t0saC48sgHBclsMfUj8vvj3N+2f8G57Gy8eeJtTbQ54jBZalbOkulX82wEwtcxoqxFiCCjnvg53Yqt8KP+Cgn7T/AMMNFh8O6VqGinS4ZTOyXNlHJJI+SfnkjCuyndyP/rV8visFmmOwkq+FrUMXWmlFVKk5RitUrWWrSVtLbo+lwVbLsHKNKtQr0YL3mlTi3rZvZ6b3b311dz+jTwZ+zfaXM9rqHxB1VNentQpl0eFlstGttuCIUQMv2jaCAW3HIyzZBGPX/EXjX4G/CO1ii8SeIvBXhj7HbNPbaa2oWcdy0cK5xHDEVklkwOARncTnHy1/OHef8FR/2ldQJi1GDwmYRG0akW81sAGwCQVdfnGAATjA6EV82+OP2oda8Y3jarrXw68G6trMjSA6nc3N/Lcjzeqosty0MaqegCggZHG2vjanAuf4ypfMK9N0373sqVRpN6aRjZRTs7dWt79T3FxTk9Bfu6Va97c3KlNpW1Wsm+mj9V5f0War+314V8cahdeC/g9olxresLH5UGt6oBpug28spMaSzed/rY8gbSknzZyPvLnyzx/43fw94Mmm/aE+K1texO0uov4M8O3Q060ijizItuhjcS3fmL8pkR1DcjHIFfgKn7SGuWs2m3g8G6Vp72MkUirpt29uk5gAZUlEcillGCQp3ZOMAYwfVPEn7ZeneNrOGy8Z/B/wnrYW3SA3dxLeG7KKCGBYXBVWKgDC4AGAMGscX4c5jOvS+rSo0aMYw95STxE27cyc2uVbacqTTvrob0ONspoUpc9LE1Klrx5leKldWb95y6XaSir6bptZXx4/bdtpJ9Y0L4PWsXgXwrHOzXuoGZY7q5hxtBaeQmfLcn7x5+bjIx+PnxP/AGktHN/f6hdapDrmuK7upadpcsxYgs7swZySWZhyOSBx8v6B+M774AeP0uYNV+BthY205BnOj6tPbPIFHAw0uAB2HABAz7eA6n8AP2OdUS7L/DTxjp00yEK1lr0BVP4cZfcx4zg5wGPPGDX1OXcKVcshBUsNBSsr1JzjJzkuXVy96Uve6t+VnZX+YzHi6WNk+apJR1cYcslBW5XaMYys9H1u2fmfqvxd8Y+NLuTT9Etr25kvGIaSxRjGpYjbEJF4AG4bnzxznlqm0fwIb12l8f8AiGHRvKZRLaRvJc3SqzgNECWZfPfBVjztbjpjP6a6X8H/ANmzw/oq6HpmmeN9NtPOV0uIdRtTeBc52vOI95wTjgjpyRVy/wDhf+yvfpp1tdWXjuM2Upmmulnhmnu5Q2VNw+0+YuMAjHIHJIK1vWyDNsTJqHsqd7Xk6kZTs0r2vHljfRKy000ex51POcGo+0qOrUqLlkoSpy5W3bTS931bb1W3Y+L7Dxf4Q+HdtDYeC/CU9lcho4IfFWq2rT3VxKwDh7WNlZRkfMpUZU9MHOPUodCPimzhuvGvijXW8QanFIbex1O3uU0uC1kQyW87pxGu8YEeAQxIUZJGfrTT/Cn7KN3Kra3feNpI7TY+nWpt0eG2eMqIydiEsThWI3HI4OASa990rUv2VtQhgfxJ4n8TXt3aNZyacsulRxIn2B0+zQTny13QJsVCnUgc5ANfB51wVn3tFPL4QnOKlKtWnW561Sdk4QhKd3GDb15WlFWSjZaexhs6wVWm4167pK8VCnGjNRSvG7kqbi/hTs3GV7WbtY+M9F/Yd1/RfAHibxz478M6no+ntoyap4YuLnT7iODWVnAWK8uXfC2liykPEZQu7OQDnn4ltNc8F+CFvzNos2ua7p9+yxRKrNDEsZYMIGPOCRtSTuuSCe39PHxB/aj+Dvxw8Bz/AA98afFa/wBE8L3Oi6boMlhpGhrHJPa6ZGkVpmRY8oYwiiQRFVbBPevz9vf2YP2GJ7u8vP8Ahbfi97i6xHJMmkMyiId8YA3FTjJwc8tzXJwNwpxfhXi63FcqEqmJxF8NhqFSNWnRoRhH3XKKT5pPWSs9etgzTMMr9lQjls25w+Oq6coycm4vvd8tt5JPpbt+ReofGL4l+OYRovhy0utC0+8uIYU0zS4mmu5RkKquyqWQn+Jmbv8A7pH0B4D/AGONa8V6hpeufF24v/D2kv5MtrZrcPc63qjlVKIIQ7GFXBx8wwhIGD2/TP4cfAX9mrRpRpfw5+Jel2zXeVW/8RWC215vLAq8t1cBljO9QQQ2B0yAoI+lLL9mVA0P9ka3d+NL64cRnU9GvE1WONJOnlCNiYQSQFZAu38BX6hDB08LSdKNOjhU2pNxgoyeqd03FLfqru9rdWeTGvKtL2tatPF1OWKUG3yxaceWKje2u6tf9F8z+Dfhh8M/h/pNtplrZXVwoVDB4ctUK3U7fLtl1i6T96zsRlot4GDjHBA9ZSfxXrsEWhWVp/Ymmvtis/DnhyFje3RJVEWdoVMzsW4YyMcdxxX3l8N/+CfXjLVJLK41d28O6XJslYsrXOuXiseVlZiXhMgPDMAo+XGW5H6ifB39kz4ffCq2juYdE059TjUSSajqHlXN68ow7uJZiyxfdPTaVOcDjNeNjc7yjLZS9nGWMxcFdTupRUny35qnwq0lry3duqZ7GGwePxaj7SosLQuvdWkrNq146Nr1svLY/I74I/sA+PfHX2fUvGMTeCvDFx5ckkEil9bv13DCSM2ZIw2eT8v3sYPQfrZ8J/2XvhV8G9PB0Pw/p9vcRxhrnWb+OGW9lcD5neaZSI88kMWBGCcEjNSfFL9qX4XfCRn0Wykk8ZeMQjCz8N+Hdt7OZVJCpcGIskCqf7w9SODivkXVtS/ag/aIupv+EijPw98BXsS3UHhywnNhf3VgGJkOo3x2hWZAFCLhmwMFT0/OM64nrYpTnjMV7KnJ2p4aEuWLs4vSKfNNPbXS+zsfbZXk7gkqFHprXmm5S0i9Ha6vrpG2nzPpP4k/tP8Aw28Dapa+C/Dckvi3xfqJ+zwab4fBvVimdiqi7uYVeO3iD4L5YYGQCM8eQ6t4I8f/ABEudTk+MnjCTRvDEkay2HgrRbhrMMhVXg+1Xqup3DpKCwGOGzznzHxd4m+F/wCzRD/a+mQeHhqzaYIWhRk1DWZZ0XEjvNKZJEleQbvMBXOM54xX51fF/wDbq8ZfEOzv9P066XSLaZjCkVsCbyRFYgPLcIQY1CgZHGeg2nmvncLhc2zpuGAw8sPTb93GV/dSSa5uRPSOtknG71d5dD18RicsydRniasa1V3vh43lKTSTstXyu7e99W9L3PuLx78cPhL+z94d1XwzpEFodaiYNappnl3V3LcSABWub/5pA2VUshZAz5HvX50ePv2n/H3irVUuzqV9AzxFYLDzWWNI2yglcowCMo2g7hgdM4BNfDvjP4jasYJ3ur9J5HmaSa7ndpbmaTjCxhju4IODnAbkdzXzx4o+N19pKS+ZqIs4yhR7iZx9rkXowVAdygAAABQGx3JxX1GH4dwOXU06z+vY6Si51KlptO6clC7dknta7srXdj5qtnmMzCclTisFhb6Qj7rfvaN7Xly8qukk+qdz7M8e/E2302OS+17XEub3Y7NZQXDM0jsM75WLFmY9MFmA9uc/AHxN/aacwva2d4thaxFxMscg89yxYBRhgxZiOR2LD0xXjkmtfEn4w63Po3w80LU9WuJDtutSnLJa2kDHBnuZ5AI7eL5izFio25IycV2Gk+Cvgt8C7qbVvjLPB8WPHcANxZ+B9EmEuiWV8AGUapeqWjuVV1UPGpDEDg4INeZmecYXLnHDRo1MZjnrSy7Aw9piJN8tpVLfu8PBP46teUIpJ/FsGGy6viOatzqjh01zYzEy5aaTa+Bv3qknr7lNOV9rq7Od+HPgX4y/tBahPdeEtPn8N+E4y7at488UF9N0KytQdzy/bbkqkpA3OI4slzlc5IrtPFd7+z5+z6kdr8Or6X47/GJJni1Txnq0En/CGeH7kj520mwkZlvLiJgRHcFmiPB29McT8QfjX8bPjrBpPh6aN/AHw9F8lhong3wtZSabYPESBBB5Nskcl+7ZG5pmkVyWzgEGvJvjB8JvFvwTfwra69dWVqfFdlJqyabFLFNqVnasXRP7RQEmGaT74jZQwBBOTwPLwdDM84xNF5xjKOBpTblRyXAVZSc1FRbeOxifPX5VZTpUVTor4ZOZ1V1hsuoTng8PUxEly+0zDFQjHlcnHleGoN2hd3tKV6jvdJdOh0DTNZ+IHi7XPEtxra6pq8Fu2qX8txLGiRysp8u1tIwVjEQIVI4o0AHHBxivV/h74rvdE8Q6fFKxht53ZbhQdyOx+Rug6jBBwOVPAz1+WfhFcvp/iCecySSWskxaZfNKh0HzqrHcAWB5KscADGAwr3oXEl1rUd3aRiONGeRUUhgp8zG4MAQSynHfHvzn9m4Xg4T+rWUaUYwjGEVZKLUYygoqySUd9dVdeZ+ZcQtONPEpv2rk27ttt3j7yem11Ld/c2fYWt/F7xhd2s8X2pr9fCulXUGhT3PMPhwXBdln0215jN3lgyTlTIGPysCAK/OnxF8S47rU5zqN7qWt69e3Ek2o6/qty91ds6OUMSSTszbRgqqBgACAoAG2vsf7Jc3en6jPFcbRPaW63Kjl5mcDdGFBwfYbSdxJ718RWHws8ReMfGesWWl2jRR2l1JvvbiMx2VpAzuXMjk4Z9oHyYDEhQcda8zN8jy7CY6SweEp06k5y5nCMVzOUuZcrSWjvq973s1svZy7OsdicFTWIxM6jjGEY88m7wjZJa7tRjZaNpaLS56J4P8AGN1Mkl3q1+8WmQB4obeFCLqZWG0RwgYZWkbG7Ayx+ZSMivo3wT4EufE0tpqurwS2Hhy4dJrLQ8Mbi+IPyy3nUhWUeYwkBx0bdkkaXwv+COhabaR7Ui1O7tVX7Tqd2okiFwF2lbWAkrheCGYEA43Ek5r1vXde0TwHZCygu0vNTeLBdGWQwErgqiZO0KOw2gYxx1HHQyGlSrKq6UHUnaUYpawfu+89Gm3tqt7vZI9KrnVT6vGNStKNOK96cm057Ll+K6VtLWtvq1ZGxrc+mQW8WnLDbWkNtCqQ28LIlvbRxIVDShSqPIwAPPpkg5NfOHi74naf4fjudP8ADgW91VmZZdQLB4rZnDb1Uj5SeCQqANyBxxVeVfH/AMV9Zj8NeC9L1PUJr+fYkNlBJNczyOwBeWRFHlRMT8zMcKvB9T9f+HP2WPhJ+zro1t8Qf2p/E9hDeQQLfWXgCzuY7i+uJgqyLDdxI4fezcOW4UZweDj9K4Y4Lxub1HKEY0MLTXtK2LxEvZYejTXK5SnN2va6sld6bLQ/AfE7xp4c4Hoxhia1XHZtjJrD5fk2WU5Y3NMfiJrlpUaOGopz96TSdSajCKvJy5Vc+Gvh18Afiv8AHTU5Liw0y+GmSyGS98RaislvYWsO4lzFJP8AuwigZO05xnnkGvXvGw/Z5/Zf0i4s9N1DT/iD8V4rSaCa4LxXOmaPeBCCzKu6LMT5wpGSwBJGRjzD9pn/AIKEeK/iFZ3PgX4I6WPhx8ObRjZLHoapb317bqBGqzTQhXCuoO4FgxGCT0r8/brwn4uuDa3t/bXdzHqxV5pJJjNJP5pU7553LOXO7OGOdwLYySa+lx+ccN8NU5YDIYU81zNxcK+b4iCeHoSkrNYCjLSU1d2rzu7/AARVrn5pw7wv4jeJVWlnnHn1jhThtzjiMFwhgq8oZljKcZqdOWeYym4yhB8sXLCYeUU1eNSTV0fYln8Yv+Ew8Ja/qF9c+d4ha1VXvFiijto7dwx8qIIqoFRSFwoBUDn5vlPm3wfks5NO+Is6t57y/KhYA4QhmZ+PuhyMZ4Hr60vhv4Sa1pPw38X+IZ544LKGzkZbQN852KOX5K7h3bjOeoC5rxv4VePtJ0Lw947s7i4dNW1q28vTrdGDHeMrlccH1JGMcnBXivzTEfvvaz5nKVSXPUlLVuTcW3vZuWy0S68p/StChHCwwlGnTjSpYemoUYxVkqcYpJLvdJLV3fyJviLPFFq2iBJgsr+WPkK4RPOj27scA+pPPX1NYXxLaez8Q6dc24UC4tIMXCBg/mbEDEsOfl4GSDxx3ryqa71e41N571Lqfy5ApeXLLFIJAwwT19iud3XkcD0XW/G2iWWseHZdQtxdxWtun2m0nUuXIUcnBJAbpnPbg+vEqapqHVtNWVtIvldmrWs2rX6d+/oxkpxmnanzcrs9b25VqrNNOV3dO66dT9Gbyxu5f+CZ+qag11LcfZ/ibAkiqjPEnmMh3eYCABknqQDgDaQSa/LrR9QmhsL4qodpCscYIJKhjtxtBBGTnjjnHfOPfH/aE+KOveANQ+Bfh37Mvwz8TazFq39gW8cTSG8iO5ZllC7ogmQcFgTgEAjGHfCP4O6p4i8fR+BrXS431i9tVkKahcJbWNlvKo1x58h2SmINuWMElsEHnIryqMI4WGKVVpOrXnXgr6qDjF6vVOzvfdX80d2Km8VLDezVo0qcKM5R25k+jt72jbtprrorHyr4ha7yYblPsqxp5iDYQV3Y+YgjaA33hjHOeuRXBXE9xHIsyHOWwmXymVzjKjPXnnGSOenFfTP7Ufw31P4SfE3WPh/qWoWWpXelQW8j3lg+6GRZolfZuyQChfaVOcnBGQRXzIyuEXbgYUgK2CEJUjOSMlvlJABJ6nBzk9uG1pqStZpPS7umk43Stdct0r6O+lrNnk4ilyVHC2sWruVpNP3d+2is+qbXY1hqt5f27QSKRIVzKICVwAMKdoJHJzkAcDp1zWpospXfbSyS2yHYuHdl818jbncDhT/EcE8EN04xtOiaPErziOR0LDbgmRgMhTwSMZHXggE46CpxK8ypNLOjzrJg7yOME8qeATgDGMkDnJ4qKlCNSNoqHbRXau463Wu7Xorq25EU1ZuOq72k2mortu00mkt9j2oLoNno811M8k2qIiLHH5q7ImQKQYQARwCC55H3sk5AHUaR4r0u48Ly28r2tpfKhAaVVE0m75VZnZiZMk9MAYA6Z5+e5tYlhiYNK0xkjKRszBQoIJAAIHzAY9+o3HIrmhNqM3lpHOWYbygDDCk4JVyMnqDwTgjnGa4P7MlOP72Tf7xTvs94pJeTvorXvvqOVTls+W60TS7XXW67b2TvZva52Gszs11MbWOKdYpA/nhsKCRgnHRQCCVAHHAz1NFrd3kuTvRcASIwb5YxnJAGQMj0HQYxyK5ezvHhLwsB5sisZVYHZIcjODjbu5xkfeGSOhNbtta3dxbCe1Q4RyGiDbdpB6nf8x649Tjn1rqnCFOKjNRasrc1norW2trbW7M1KE7LlfvWvaySSatrve2z3W90k5HT2Y1TEV68sjq7lBJvWRUjBJY+XnKgAcknnpg97F/q1rps8kcyxvHcxgEiMb5iy5wf7rc5BzwMZByKqWmna3JaE2oSWQkmZRlgFVTgEEgKcgZKgZHynvXBa4uptcRR6jDMJy+yIMrxkDkR7MKcqc4J4I79656VOjVn8UE0lomrXvG6tfd36vputhThaKkk4t9LPl05bpt3ez6/f0Og0a3nu9TupIAwSI+aqqThY8HGSQQxGc5ByeoHQ16lYjUZXgeNmht2YSRyKwIWWMZLED5sEjBLdcjgcVjeCdEvLOzha+t1VrmM7Wd1y5JG30JUj72cc8AkV3o0LVoLO4+zKkcqSbpSGVkSLA5QcjnjIGdo5PTnysbioOu6XtElG0YqStzNNXWqTum7eivtZExpSsnZtX215le1733te2+vxPa5578QNVmSK2t72CNmL7xOCQ8r5JVigPAAwATjI9TXmcdw+/7UWQFiVKsCSp4G4ZJI68ADHp8u3Po2o6O2uaqtvcM00ERiMl0HH7hQQGCg/KzDIJXHpyM5rT8SfCs6VHa6pYXhn0+VSZFlTLx7SAC5G7AJC8kA45AO057sLjsLhVSw1SSVSrZxSVouT5Or0Ttold307XHyTTlJJySavaz5VZa2um9Vrpdpt6XPMrqISmF5nQA7QSTzuB+RieCCeMLkHjHXJq6lyloiPJLHtBVvJz94qDsYgEAAAKDjKnkAjBqfU7WBZreFxh1KNIyYK4Iyu5sgAgjAyTnnJAJrn/EpVI4zFu8xdivgchccMFHQN257cg9a9aCT5VZuLenM27awSXbvZXet9LJtRUlyxb7crfdbXT83bum7676es+G/E/gMeFZxqGk39z4zj1uG7s5UunXTGsY2Imia35USNtyzHGcYPByP3V+Hf7bPhvwt+whqXwJ8NeJfEvhW+8cWWtt4jsFjMmh3VhdNGxsY02BYnYp9/d0ByMHNfzXxSyedF5TkY25K5Ug7cZZR27EZ4zk8df0X8DanHrPwCvdLkeK4vrCzu7gTwwLJPB5LJ+5lcAsiPlhu+6Qec9voeHMpweKx2IWKaqQpYaviYQqu0XUpwjKPKnJWs7tWu722Zw5lm2JpYWhGLcU61ClOcYpS5JWs20m1Z6X7NX8tT4A+BfC9x450PxpNezi3h8W2lmNOaHzBcPI7Kr3AP/LBSSzgkg4BOfmNfaXxG1O6PxA8T/Dfwjry3dpd3MM8wsYi73N1KilLO0hiDknLCNAuSCPmNfDPwu1270r4X+JNXa/s7PU31vTRpMLAC6TySyNKMZYDnc5G0EA4IYc/0F/8Ek/2cNHe1+I/7ZnxA0qw1nQPhp4S1KXQ5NfRJbXVPF89qyx3MMU4ZJxpsrjsw3FT1Ar4Di7PMBwxRr4+tO+IrT9lhaTdteWUmr3crRSlOVnfli2tWmvuOGsqq57WwmEpXjRU6Uq84RbnJVqkKEVGKcuaVSdSEI30u76WdvzD0v8AZ015LCO3+K8FzpdkbuW60/S7OESXQIZWhk1BcFlZid5jZc7cEbcYr6I/Z9/YJ8WfETxxq2gaP4a1DxLY6jZ+Zcaxe2otrHRrN0ZlUySIUScxjbEhwd3ODzu9P8Zau+rNr/jC81ea91nWddl1u5SVSmn6VaXV25tYYVICLGq4CqBjAXtiv6Hv+CceqfDTwb8EdV/4Tu5Or+IPHdu19ZXFomZba38nbabpEYGF42Py5x0HB5r+PeIfErinNZqc81w+X4etWrU4VZ3p4ajGnB1IU78znKckuRSk1eTTlZan+iuf+GfAfhbwHha+DySfEXEFSlgo1IXjVxEquI9mqs5RjoqFFSm3pd9G9n/OLB/wTz8ZeCPFGn3+o+CmuPhx4S8UWUGuabJEt++ptdXBicm3jG42uPnkctgKh+YDGXap4N/Zo+DOvftGadq+naRqOs38UOjfCfUNQmhttI0+/wBUjja/ZdMYZRbQOYlldmZZIjhuCB/VhrvwNl8Z+Atc0L4ealNo1lf2k8mv+J72SO7lSZvOlt7eGAsZBIvmANID8gKndnAH8Vf/AAU1+CS/s+3uj+H5td1LV9c1XU9Uu9R1S63sbmB5pGjlhLkssYOACpJGARySBxcG8TZrxXm+HyTN8x9lXxMZQws8LJuFalCUHKUlKdqllFc101zN8rVmj89lj8iwWTZrnWW5bh08qjReMy+tCEa1Bv2ai+dwdSPtJytKEWrQV5fEkfnL+1x4Q8FeD/GGn2Hg/wAXjxu95pcOoa/qEBxb6fq8iq0un2zAljBB91Cc5AIUdTXw9cSeaGPQl9iyAfLgN0HqAcD+7jHUHj0nX7uScyIWlfDnLuxffuwOWPLDkAZOcgFuoz5ffRNHO0UbOYyWY7BgbhyMYycZPPft04r+1+HsFVwOX4bCVsRUxc6NOMJYiqoqpVdo6yUElG2sUlptromfxNxpmVDN86xmYUMJSwNLE1nUjhaF/Z0U2tIt6tN3cndXbvpobenWNhfQTxXmprZTRQu1q2AUmZVJMT8ghjgBQSMknk5rkNQuJrxI7Z5SxhAWNlAAwhyDnucAkeoxgcZqxKFdQiBlbB2qxxlgMtweAM5wVPXI4AyMq4ZiVhwDMMjcOGAU5wQCf4RjIwCcnvivoIxlzNuTkrJJWVlprZpXd3rrroraXPkpTUlFcivFJXX2tI77S0063809S3LGhjWVZQpiRQ6qCGJJwwbJO/I5zls5z/DVzRbae4vUWGJmjkdWdiSBtAzg/UA4Bx2HPfHjkWSJoWCpIzBdzNyQBjJPO0g5I6AnpjJI6rwXHqFxrUFpp8ck0k1xtAQb96KMMCSCVA4B4AIPGR1uc1Tpucnpq7+tlq993rbs1rfSqcFVnDTRtbK7Xw3TTu7NrXa12rvQ/os/4N1bPwVH+194wm8YXWuWumxeA7pLa20czF9QuzK37mVITmbylPmRpnaWBA64r0L/AILQfsv/AAK+Efie8+Jnw68U6xfap41vbzWfF/hbXLZkk0iWSZkt5bbeAY/OLCSReTuOOMHPzZ/wRh/aB+F37MX7VHijxL8bdSudA8L3XhK70yxuraEGe01mcuYnKMpyoJBUgg5z1Ar1n/gtp+0r8FfjNffDbT/gX4m1DxdqdtDPP4y1i8MUX9oJdzmW0tkj2gzNbBghGMLg8ZGT8niI1qmaU61GnShTkoRrVE2pSikpW5eZpxva0rKyjtsfb4aWFpZTVjWqNyjTqOnCy5Oe6ja7u+ZvbRXXTofzoTFmubiXfvtTM5I8vAwScHk9V4bJHUDAyKyUskeSdVJkLcrgjgFsgEYO05OSeMtgkkcV3mt+CNYsUF3cQstve4dEjdXZZHXJVtnzLtAwy8dTgkcVzdhbtFKY3V/NikIHBKEcgh3GF4HIDE4PHbdX0UJRjTtCcZPlWidtW4rutG7PZ67bo+Jceapa115O+nu7PVWas1vrpugtdLuLBeqtPKAYQTwqZwQcHK4HbAz3wSMMi0K9WWWVmjbeC4UsWDhgCoAPGVYjPRsg+oqzqWoeU0EMEaxuTIv2gP5gyWIwoB5yRjJO3HWptFM7XEsbyoUhYO05YkxlsHaVyME/3ecAnIzxVxqzhF8zvK9+XS+iVrLSye/VP8XcYqTSV0lbmvqtGndrS+raV0lZJ30ZDbWNzHDIht0lklbDImD5TZOCS3TI7DsDgDIrLW1u4LjZ9mmlkaQDYFIAPHIO3BViOB+OeeexS8cRXod4+SfLYAFpSucAEYIIBOCeQAedpWtrwHcS3GrG4vYVZYYSPOlQOkbAjYQuACehLZbkjB9MKtecabnJLSzS/vS5bJKV7p311dlq7JEyhC94tyWktovTRWae3Rb73ujrvB3g1UtJr7XLBHnu482iSuoQxYJBkBPAxnnj5sFu1Z154E021E+oC5FvO04lgs1ceW7BuArAdBk5AOQAcbjitLWPHriKa03QyQQkwjYdrsCcDG04UBhgZPHU15zP4lnu3dflighzsjLlmIJzkPkdepxgjIGMYB8rDwx1eq6tSfKpvSEdlHRrqrO3W76LQyjNcysrLqlsrNO/53d3fotr+syPPc2Fmiqt1PCpga3jAIU4GC2CeRjG843EjDZ5OLZanei/nEltteDCRRI5GwAlQGAwG6/dIbnoMDI53wn4ikW7uBsEcDqplZmyY24AZAxJUg5xgr/FnAIz6XfxJJLBfwpC0kZiKlH2PI5wwkkXuB339T93IOa2qKVOTg5ed1rrot27LRbrpfs7+lTq3jdXto2ldtrRX95O6VuqWui10MD4nanaXNloenQafLayiM3F/czD96ZnUbsMMERD+EE9uTuGD48E8hlf5SihmG7J3BRwMMevP4d+c4+nNR8FXHjHSZr6PUES90yGa4voWQDMYUYij4PBA7Nxg574+fP+EfuZrmeFIbh1hcxoVjdiTwAVwoJYnqAMAc5Oc13YWpB0veqfC/eu1o3Z2s9ba3d18tEZYidqkbcuqTjrblXut2UtNdbOys01exlQzi6Z8yiKJCzIuSmCQNmQQMjJz1Ab+8CePRvC8i2aIbtJJTdxtFA8KFnjLgAsCSSWb+E4OPujcBk1vAvw6v8AxTryaNBKizlCY/MVvnmdwscHT5WcsFUE5x0OTx+rPh//AIJ2asPDmkQWviWDUvHmueH21qTwu1s/9o6BHHGZY1MW4EmZcBTgbuOxJHjZrnuBwUqdOtWjGc9VZprlXLduzdlt36+aaoYWvXTlCnzRi1GTumldK3Vt9dkraaW0f57eHvAHirx74k0fwZ4Ba61nxJfSmLTLV7kGdJZAu1UVy23nKkL0IIPQV9Q69+wZ+2p4Y0yyvNZ+F/iDUYoIjKxtbZp0Xcc/M6/OzHJIZW3AjAyMAanwN/Z++N/gL4/fDzVrPwdrE/iC08ZWFumnsGguJUju1RzJGuHEMyAsTzwfm4wB/Zh8RLCXRPD+lTa3qGr6DqV3o1jJLYiKSaws7oWySXCxoc7hHIWjbkgMGHBytflHGvGXF+CzHLqfDWHy7MsFiKTdaWLqVeaEoyjZc8GlZxlppJ3TVtbH02ScN4fGxrSxMq2HqQaUOVaSUkndcyd9V3V7+ST/AIqdQ/ZV/bS8aW+jm9+E3i7UrTSZFjgil0uRhbx5IQTSOpd4wBj5mwQDjOGxmax+wR+1ssTXrfBvxQkVwshV9P0mWcqwQ9MIQoJO0qT2G3ILV/WbpviuS21CUDxrrHkhy7RW2mygTMnzYAA27MYODx1OQAMdMPiz4iSV7eLxBqi2sTAwwyaS7PMMhiJGCcKeQQADnOTnJPy9fxB8S8I4ypZLkcqVkpx+sVt/du43kny63el93ft70OCcHUUY+3rczWi5VbRp3UVa131vbRrVH8Ylt+xh+1TYyvaN8BfHs1wI9qzt4eupPOaRhkAhRuXBJwM7ScngYr0bw/8A8E8/21NRikuW/Zp8dXyMYRZSHRp7aOHPJfy9vQDvjoCSehr+xnVviF478SWukQ6bqul6RHFe26HULvR5UuGLOgbZg8qowTkkHBye5++PAt/KNPsbfWfizeLfx2UYuVtdIeG0eRhlEjyCSueDyAc5xzXHmfi/x5hMLzf2FlPPJqKlHFTaUmo3clzK6u9HzJvW+m6hwJhozvOvXtrdctlZWs1o0ui1fey7f583xa/4J1ftd/D7whrvxL8bfBjxBpPhXRrSGTV9Rv4DFHpsc5EaOyFQVCkld3TruGK94/YO09LX4Ta/A4wI9blXDHIDG3bPOeozjHykdx3r+zT/AIKOLoevfsM/Hmz/ALUutXu4PCTSNPKjQoGgYyBpYyBuBCkqcZUgdxiv42/2LFt4vhh4jy52N4hkOB9/CwOCcg/MC3Bzj39R+q+FfG2c8V5fi6mcYfDYXEUK0acYYZv2fI4RlrKUpczUuZPW2i00uvLzjh6llcqNWjzNS5kufeylGz2T1u3tpa3Rn0rewuNB8WPGVLjR5VJOCxxEeAScg478e/NfNnjKIT/se+KjLE/mf2iURl+6MSbstzgDjOSRkjHGBj6jJguNA8VYXhNIkK8Z3EQMGB6DBAHPAzg5UEA/OHiwTP8AsieLFRljjj1Bzt7/AOt24A+vU9etfr2FrXxEIuOkakdleMndXdmtH11d9b662+bxsP8AZ6kppa03tq+npa/TVv8AE+K/2TvjZ4e+BWp61qz6XousatrOnXWmG38Q2K31lBHcqYzcRBwyxzR5yJMkgjjG0EVX+Gfhfxr4lv8AX5fHOi6VbeItQu7y4SNVaK1kuXMzRxw7lKxqTtQKePrXzfAbJLZneEl2V4xcCMmMMCMs3QBRzlieuOnFcOdVnivy1reShImGxxL8mASconC4J9QcrnnIAr36GBpqvLE0qf76orNq+y5bXVtNNHZp66PQ+Jq4i8VRlFyjGVo94/DfTzWj38rvU+7vCvwDvNSW4Xw7qOjahZ2d5cW8et3F9DCoCqxDtA+GETEKCzZCkjIA5ry2f4d+IdK1m5uJRYSR2140ErW7RzW/yOBJNHsyGjbZwxBDEEd2z5R4d8Y+IbjUksrXWp7WGeMJJ5M7xK3IVt8aMFYjJzwckljkAEep2en62daWzl1O4FtIiAyvK7JIGG4ZXcBvJHAzn+HJzk7YlVsNBupPmbfMtLPS2yUnbV6JO/3JPmkqNSUUlypWS5VZt3jZtrbd6P72lY9YluNU0azkmltJtPt9QSG3gvYfOsllhyF3oAQHXHAYMeOpwAK9b8LfFHxV8KLIan4G1++ttXSaGaLU7e8mg1GMyDmFJYirSxvu+6xPQkgcrXsOkfEWzsPhG/gr4heBND12CXTYbPwpr+oJHBqOm3M5H+kRyqELqoBKq+7I7AnijqvjX9lLw/pOgaTDp2q6r4pj00T65LdzodMtNUUFongKqN8MeQdhxnJyeuPmauPWOjKm8POpDmcG9JQdmm0ru1m7tppW7qxq8LToU9KsYykouOjk+aTuk0k0/NNfOzOA+N3ia51rwX4c+JHjHQbjUfEHiPVWS+vrm1mgvNRJI33M105BuGYZy/O47sFlOT4x4O13wxc+Kxa6JpclukFlNPckxkzQTlGZyjHIK8ADjI56DJHs3xE+M3hX4q+FrPw9earYQ2OjxQ2ulhVW1/s+KDrLCpwXYqRzj5tuSTjFfPvhnSvDug6tcX+jeOtOu7m6juLWVZ2WN0gkQqzAsTk54AGMYzXTgeaGFdB0ZQUm3CLTtFKUbJWskuVr3bq3e++lONOMozlUg5WUm4ppXstIq60XW/bzOY1X4+6pousXYi8O6FdwQ3FzZLNe2kcs0ixuwy7bSVLcEsOQT2ANYOr/ABz0rxNaKuq/Dvw8i2rllksVNsZGP3lchsZ64PUEjHqH6h8HE1W5uZ4PF+jSieaW5Aa4RXUuQSCCxAJ3fxctkgE4BGWPgvI1nLZN4o0SIu5YKZo9uFJIbduzkMOnQ98YK19NhcLheWN0oz5YpPmaTdl2TW6tbTor9Tlq4rESnJU5KUVK7i/lpd6Xv0vrp1sWfDHxL+F009rZ3HgVrS5mmZGuLW9DeWDzjYQ2QvOSwHQkY6D2rW5/hlc+HbFLk63D5swMPzh4rdNx2mNQBkNg5znIwc85Pz7pXwIurW5ivp/E+hPDBMWJinQydgu8bgcDPzZAxxn1r1Cf4eSNZm0PiXRpnhUTIz3y7o1blQilgB7g/KAAME8V7eEcYOMXUtdcqtUbVlyN76P4dk1dq54eYQr1o+7Ti3a+qSV21ZPTR6atWWiVt7VNZ8OeD7ZWutI8T6pb3Cqk1lHKjQI8jYBSRlIJXA+UHGMn+HAr6ZvdT+Hnir4c6BdX3jWwsPEmkaPcRtDaQCG4aWGIg2s8mcytJgMk4I5Y5BHI+Pr34f8Aiy6cRNrGmTWyJuhVb6ASfKcAKASW4IOeewwMcb//AAqPxXc6Jb2cF1osN/GzXAYalAJLiLGVEhZgARk8MFI/iXmscc6dWaam4KMrpr3W7pJWWyeyT8tVfeMvoSptyrU+aU1qr7Xa0d3prdb66LdmBeeK2QwafZ65PNp8cjTT2N9K1xHKyuTtk3kknglSMYGARnFe1303wa+J3gvTrF1udK8b2Mc6W15bF44ABFhYriMELtaTO1ifugDOQd3z5c/A/wCIMsLyw21tcyBj/wAe9/A5IBGRgDOCM7fQHIA6juvh/wDCbxrpMOr3ut6FdJEtrFbQ/vVJJlYsznbtKheCr4XIAyx7fQZZnuKw9GGBqVY1cFXcY1Y1dXytxu43d4uye35Hzub8OYPFOvmmEjLC5nQjL2FWlUcU5RalGE6aajUUmkmmna+nLqUNH0vwR8PrHxHoXxYbVpZbuFJfDiWF1ttzcMMQXM0agqUDFXKquW4BOMkYWreKPhhcafY2T69rcFxBsiuIZovOtHiGCSgKkqdoJAznIz3IHRa94Ym8WeJIEsbJr7T9MtEtb1LyUSSq1soZ2jLOzHaQSuOuMcLzUfiX4b+DraztxJpt3ILtYzBcjaHimPDqcEqQHwOnHGPmAB5sfRoLESjhpRVGfvRbTbs3FO7s9E9t1pa1rHVkuLx6wdL67D/aErTu2lo4q9rNO6ta1/Rq7fpvg/VP2YrLTjp0vi24t49V0yW2vNR1PQpbufTbmUMTNabOE8tvuZzjAznIrwjxTofw5t7C8vPD3xbu9aFlqAig04aZPYSXdtuIFycNgLg4KYySxPTrw2q/D3V7BLiSBraS0ibMMe6MShOihhycqhz82W981z+haFdxrf3b20c8Y/dhWClzKSBlVwM4Y5OMcBuuRjyKkZwUoRXOnzWbfRpWUWrXXNqr3+69vo1ioSlTdlTenNte65U27JbPZL8j9yf2VP2gvD48LeEPhs3hnwhFFpuj3Fzp3j7WNKcSG9jBuMTXJKlZ0ZdqMXOSAAAMA8h4w+Jvhz4r2Hivwe5svGnj/XfFEi6VboRYLaC3ZkWKzn3ASx3OAGVt4ZiAOeuF4N+FE+t/sqaBqmm/FP4XaFPBp+q3jaJfahaWXiWO8t9zPbzAsJJXuUVlhVRliy9eMfndbavL4XutP1q0urm11+zuRPFdW8rqyzR3IbzYZFOTuYZB3HAOB7fH4yFOpCrGcpKoqjvzOUUmmrW23V3bmV9PQ+yyvMKtCUJxjGdJwjzNxcXpra1tdO7dt+1vuy5/4Sv4Y2Etjc/C3U/hTq2nXVhcNrtzatHDeXMbrJE8czIEJkYKQ4bBzletf0b/ALBv/BZHx78PtN0Hwd8dEfxb4VSytLJdRChri0tPLSNBKrI0VxGEG4DZgruAJycfzTfEn9pD4ueOPhdaaH4o1mfVNA1N7G5ii1COK4uvtNkqRxAXYj85ISnRWO04znIBPsHwwurk6Bp93Md0gsLUSIpDK8YQBVC5wNoDDgngH1Nfn/FPDOA4gwsKeMUoVaUnKhWoztOlUtGzTVr7aqScXo900vrsBmEfaTjCnz0qiTnTqR91axd1ZXTts1qn62P7trz4efsF/t8+H49d0218Mw+Jb23Ei6poclppXiOzuJkwPNtoyiyMrZzmMs2D1ya/Ln9oz/gkV8Ufh3b3mufCi4i+I3he3aWdbO3QDXLS3OXAEGS106KAu5B8zc9ASfxH+GXxU8U+AtT07WfCniHV/DWqRy+bC1hdzwxMYyPLV442COMjDEqRt3ZJJbH7k/sxf8FifG/hBrLQfjRYyeJdLheK3bXLI/6dBEpVfMuFxiYYAZgBuPK5Oa/L50OKOE7ckp5rl8LcsoJfWKdNW0lS0i0orV02n31sj3qFOVRpYSsrvfDV9Yp/y05u8o6Kz5tlq1ZH5Jar8O9f8Manfaf4g0bUtE1G1eSO4s9Us57aWN1ZUIIlRfm+VuhPPuCB9A/s4W9tp/iXxReSW0j248FaiJI2wqO0aBlLjoqEnOSfunPUgn+l+3k/Y0/bt8LeeV8NX2qXdsu6WFbbTfEtlLIikFlHltJKjOAAysWxuGDivzJ+OX/BOTx7+z5eeMPH3gHVoPE3wyh8J6zJqELv5GqWFokYlS3dCSbglRtaSPGc9OMjDMuLqGd5PisPBzo4zlUYwk5RqRnzw05NJpq7vzaK29j6vhbGYfBZ1glj0sPy1YuarJezqRajdU5L3Wmtr3eq36/mXfT+P9c0+6uvi5af8JH4e8T2usaV8LfANjYx3umQ3GjIzabcalcRKXj8/cxyHXGMHIJr5G1v4B/BXXPg/o/xO8VwwfC7xxd+Irnw7f8Agexv4bgzfZ5njOpx2Dt5yI4AL84HUZwa8C/aA/am+JEFtaW/gW8ufBekadNt+zQzs9yrxyyRStCXLvF54X59hjADYyDgV8J6t458VeLtSXVdU1vVLu68x5i891LgyPzI8SbgiljyxCbsfeySWP6hwrlvFMcBhJ18zlSwvJSaw8ZTnGUIpaOMm6cZS05mrvT7vV4s8SeGqFeeEwuR0MTiadWopV6iUb3krcqjHZJaN6279fvrw58JtT0TWp7/AOFfjtpG0+UtDcadqD2F3E4w6+YiSqrFCANrKeRg5ya+3fhZ+2/+1F8K5YNI8ZW48b6BbFUD6pCZLp4oh0hvkAU5XPzFTkdydxr8ffh/feI5MnRr/ULe9uZMZt5XWSaQcgkAqASSc5HOM44yPrb4ZfFb4jeFtYOheLNKXVNNISK4F+glukicDLRSOjDJzwRyxOa9XiLhDKc8wypZjgsPiZST55zppVbpRu4zWqclro03vbU4+FvEasqjeFeIwDU7RjTqSlRd+VpOL9132SSdvJ2P3Y8Cf8FBPhn47vfD/hzUtF1bw74q13ULKyhs543n04yXMioVaYoIwucg5BCZXIwMj9jF/YO/Zy+L/wAPk8W+J/Csd7qOpaZcXh1a3Itbm2lhtXkV4GjVEZFkGRkfMMA5zhf5WtNn0XVfHPwf1aw0c2rHXYm4jWNyu8NhwACxUnOTztwDkDDf25/s/R/bf2b/AAkWG8zeFb7d/eY+VKo3HOCQAAx5HIzwOf5qzTw2yTJeJK1XK6VWMVlteu6U6spwhVpzpqHK27qyk7q+y0PqeLuPs+xOU4Dlx06Uf7Ro0ZTovllOnKF5RmnGzTava2/Xc/g3+Ki2fgP4h+P/AA15zy2mn+INUtdLaXLSCztL2WKAOyjgiNADyT1HQCvJk8Q6fPHICyO7IzSqc5BYY4Y8DHIznnqANuB9G/tJ6XYwfHP4gWN5GHkl8Ta2yiVSy4bUbjAVhjp0IJ5HTIJz81ah4PtZ5Z5baN4osEAwkAMRnJwpBx1I7Z6c4r9f4GrVq+TYKtVSblShbS7fwXd0ns97/wCRwcRUpLEzUZKSlGMmrXfvRpybbW8ryu7adL6nOTz6deXDrLZRlSVCyOgZjjIOcAk8YwDjvzwBWfJ4b0e9cg2UaxKGZWCgZy2Txn5gDxjnnJHWtB/Cd9FIZLW9Zm3IuJlAAznHDHkntkYxxkZ5rtpPiazfJ8uZUQ4LYA5G7txySO4AJx6mv1fBVIOza5VaOyWi0e19L27XWi23+ExS+zGmk47OOmt1e7Wiel90rLukZ03gXR/JhFsJUzkyCOQoByQxG1sAjPIOeRnGdwNFvAUKvK1tql9A5TIAmJCgjkFScHHI7AZ5ycZvTXPiG1UNJpckm8kB488YOCcYJGF5Abj1+9yNrtxHxLYXUTHG+RkbaMDqcZBP04IwBn+H26E6LalGz2ve/RJK1776v56M8qblF2SlGzvpdJPRbvvu0+vdo4q48B+JBd7rHxRdoEAG2YFgBnsSOnOBxn2NaqeHviNAoFnrNpdRIylhNGCW25JBPHVgMYGNpOTXYWniOyG2N2MR3AEvGRkDGQCc5B/u4yOTXRL4k08HykuLcZIO4YXPA4wRwDnHPTHOBkntjyaSaVrJJ8l+2i9N2320QliJRSu5300s21dR0u3a1rNt/K3XzoXfxHs2Jk0yxvYwvWNgrNjJ6Z+XGM9OTzxnmYeMPFcUQ+1+Fi6KwLGMjAUDaSflBPAyRnnkBQSK9Ut9ZsJCzC4tiwBDAuBjBIGATgk89FJ9x2twTWUqtMzoQd6lVGVPHLsvJPPOeSMnJxmq9hCaVmk3Z3TfaHNfzTezet9bajWIdk201a78rW633Wl79NNUeWQePbUgrf8Ahi+t4/vkrb715JPACk7e2CQM5POAavx+KvA2ogJJb/ZQhJKzW7x4PY7yQADkdD7kenpEUemXbbWWHy1B+RRGdwBxyMZxyQRzz0AFIdD0S4AjFnZSYJZgYEIbuVYgA5P4c85Y8HeNCeykrct0ttktrp/Lo+nYr26stFqla22rjLazvtrsrb6HDadP4VumJtdQghbzOfJvHgYLwMjDAg8DBJxnAHTjtreS5h2pp/i3WbfYSymDV55E5GARGZsAD5SMc9uwziyeB/Cd000b6Yiyud26AtDhQOoCsBz3Awc9OTVO5+Guit81hcX9oVHDR3T4CLnIAZuGHPBGe+cdYVOo38LSTWt1Hdxuu6vq++qb2CFRLW2nay76WV/i8raHpVv4h+JtrADZ/ELUnhViES7VbpcKOAzSbuDjqx9snJqo/wAQ/iuPMe+v/DWswjKEaho9pKpA6kgw85Unr6jjOTXlj+CdVij/AOJb4p1RIRuX94+/aSB1B3ZAPJBAHQ9iDk/YPHNoGS316G6WPdkTpycD7p4PHYnjJyDyCK0VKafu82iWrcvLra3+VrWTBypTScoqyXVW2s+sX/W73PRdQ8SX+sow1r4a/DfV41LFmGj2tu7kDgsyquMZ5IGexwBk85YP4I0/V7PVpfglodhqUYlibUtDnS1mS2nR45VgHOC0ZI3c9c4zzXGnUPHsUJ32lhdKGAOxhE3XjOW24OSQc8gZ7isl/GPitLtFn8MtIqAxoYbhSSwGBgDHB/vAYGe/SnClZqV5XbTu11clq2+iXRX173uZTpYeqoxcVKLWqaWt7WfR/Ju/Zvd/S8/xY+F9z8Dda/Z3l8PeKfDnhfUvt7PrO1b29i+2v5kqROkYGN7vjPTIIwwr87r/APYm+Amo+fdaJ8Xta0ydkCxx6xo8xVnUDDPjA+pwMnOT1r3hfHs7stre+HtRgZGJkeOEzY9mOBxyT78kDg4nPjbQZmjE9hLGFcgpNYfMMADONuee/wCQ5XA1rynieVVv3ns4tRvF2jtpFJJPl2at19SMLgcDhJTdOkouT9pJ2esmlfu99Lrrr0s/n7Sv+Cf1p/aOlajovxo8O6gljdW97LBORZzmCCQSMkLu3ySMgOG5JPYV9YfFL9n/AMUeJdA1HTfh7/ZWr3raTbLaF9QiCGaGFI5TIWKrNNJgkNyc4AJ5NcJdeK/CxMjokEKiNg25GgJGei4xzkDHPXHsa6zRfFfhmSzhFprs1nwFGy7mgkDYyQxDA4JPykdBjIHU81KKo0qkaWnO+VteW6V2mr316pq71DFZDl+cypPEUZqVFtxcJNKV0tXey2T0ejvbS2v52eJP2GP2spJZbj/hX93qaeUFU6fdQ3Pzk5IUoTjGcd8jA3Y5PmGo/sd/tH6fDNHqnwi8UpJGQ00kVg+7a38K7Rgg8fMAM5AJxnP7BW/jrUrCGT+x/Heq2wBBG3U5Cysc9MyP1GBwVODj6a2m/F/4nWzhY/G97cRtht1zcpMpXqFIfnk8sxLZLYB7nz/q8rtwc5z3leScbvTe3kndLR6p2sfZ5Lw9lrpQpunW5FFKKUuZfZXVaLW2nXU/DDUP2d/jDpNs76l8OfFNjHGwZHOjXLuFxhTuROApHJJHdj0+Xz/UPhh4s08Ot7o+rWrsc4utMuo9oPLAtswCMcjpx34Ff0iQftCfFdYQr3+kX0Q2KRc2FnOGUNgEloiTknOAGYYOVHe5cfG3xDqcIh1bwj4C1MuwybnQ7AmQEAlWKxBiOnIJOTz15yWHrqXNKmmraNyf91WW+2i1u+jb1PflwflOIi4e1q0rKO6Vtlpo0tk/PbqfzE/8IvfLvEtvJCUwCzRyqrDI6BlU56HOfQ8E1Yi0+4hEckEaO9tNFI24kI0kThgHBxxkDdn8RzX9Lf8AbvgXWFxrvwN+G1zHKwDyQ6ekBcgfMBsO3ecA9DxggdTXKah8Lf2ZvEl4k+q/ArStLttjPKmj3vkiVifvtljt5Abgj7q8HkUp05RjeUdU0+VO/ZXb06W366W2vnHw8wcoL2OLeqdpShZdNL6vW1raLR20Pwb8Q+JNL8aX0mu+Npbhb6Oys9PZtPAZFt7KFYYI0OeMKAGJyAoIOc1z1wvw+js1/sTSdVvp5FYSTajIBDbybThlTC7ugOCcZ5HY1+3+v/slfsha/dmSDw74n8ORuh+S31JHjSQ878EZ4yAuSCec9a8t1P8AYC+At3Iy6L8RvEmkIxdkiu4TOibgSN20c4yMsucZ49amWHlOF6aa2aVuWUkuTbpa9tLPRvVu55OJ4Hr0tKdWjJJJaNxk/h1SkuiWy0drNbH4aXUZtzs3xsSzsgVcjAc/Kv8AFx0+mTkYxWQyuJUAZnDsGUbhxycADHIzgkE/X3/YDxJ/wTZ0p3jbw/8AGHSWQByEvrKVWOM4ViGOCSerbRyC3avF9X/4J5+P9PlU6b4y8NarGMkOZ0h3DAAADnKg4HoRxzjk5vD1YKLcbvRJWbs3yt300e1mttEfK4zhLMqctIOSjb3oSv8Ay6NNt/JXWj2W/wAgfB2VrX4neBJXcAr4u0VB8oODJexgEnBGMktnpu2ndyAP1W/4K5vs+Mvw9s45ZbhT8ONFkd3AyjTWUcjnA6ZII+YZ6kjI4+SND/ZI+MXg7xVomtnT9K1O30PXNM1NxaajblngtLuKeREUZJfYhyDnlscV9E/t42vxA+OHxM8P+MvDng/VYdKsPCmlaQ0TyLNJFc2dqsc7AKufLLjK4HTuOK9PDucMFWpzg+apKDjZe9ZWvd2V7u3VWumuqOallOKowlGVCtdP+XpeNt273d9tldrTU4f9gDxVp+m6t8ZPDt3bTX8us/Dq9ntbK1MgmuLjT5ImWMBPml+VWYgqxVVLdQMx/wDBQ/V5Na1f4JzsJLeGbwFBJHZum37IoXYEOQPnUrtOCME5YE4FYH7EVn4z+EX7SvhHxF4q0C90fw3fW+p6Hr+pX1oZrS00+/tpkadlZdrsGZdpK8EjHPNdf+33ol94g+IPhhfB0er+LPDul6P5FtrlnYyG2XzpZHNsFSPCpBuUZ3ckAnritKUf9m5WpKUZ3atry3Vna/XXmVrLvd3O/C0sU6bpOhWb5rv3G0klDZS6vrp3a2PzRfKNsUMGZ3Cyhju3fKFO8HPAwB1JwOODn9yf2Yfjja6z8LvAqaze3lpb6TpOs/Dy/lky8LNeWzx2TS7vvbmJADE5xuXGK/GG70DVbdDHdaTqMEkRVSz2E6kYOW+bYeR3IPHysMgYHbeHPiP4r8IeHrnwzo092NNu9Qg1GWGVGUQ3sAOyVN0eVZMnGCuQv8RyKimnB3Seq7bpWavtZ9rJ+etj1KeHrUYycqFSSkrcvI9L2utr6W119666Xv5n8QrD+zfHniewdllitdd1FH+VlYqbqaRG4wdu1s9+MAEcY5mez0+NVlhaOVmUuw2Y2Ec4XHYleV6jrgDitPW5b/WNS1LVr7ebq9laW5eTO/e3GdxGeQCCD7cEnFUI7J9iLjaCCW3OAXA+U/MDgHp3JJyegrnqQV7qLd9U5XTd2r28krba33R8VXwtT2s70XZzclzQlfVK97rW1+tvwM10hJSQII0LhmIY4IGMlh1xnoMkEZGTkEMldZGdU2qsQ2xuseCoPQnOPfuPyBraTT/mIAKoTwzkYA3Z5B28seQcY6ck9HvpiqxIXzBhgCcBe/Oc84zyAcZAHBAwo0ZNqTutF11tdWWlrq/S3vdWZLBzvzRglpZuzu0krWTSezvpZ3W62eVaxlZAqOBgDqp+v3s9eOCecfjX7s/smR6H4h/Yh1e0vZNOn1LwX4/tNQkaW3Wa8srJ5EaZkXaWKzLuUvnAOSTxivxDh08R+XLhG4XdufnAI+VASCT1GO2D3Ffo7+wd47ttK1Xx58MtUvpUs/iZoT6bp9upSQW+sQ5Nu5VgQC5IDbQD0GemPSwT5a1m3Zxcbtt/y2dl22Xn13O7DU/ZtQlBpvv0S5XtpZK+iS116b/T3/BS3RdKPwt+FWq6bFFFYCSA6dGkPlgxS2kTzMCBgkyFz0xkkHOMn4Y/Y9mv9P8AinZ3+mxPPfW1nf3EEO4jegiO6MgEHDdQuAOeRkGvvD/gojo2t6H8FPgx4Y8QSq2oacrRwkTxOZkSMYcCMkgqo2kHOOVXGMV8kfsRwIvxQZ2a0t5bbR71RLcMoj3SCRcuW45y2SuDwVwc11VIuOaRfK7JQkrdlGNmrJ2Seq0a6O6VzSVNPEJWtHl1drK6sr7W6vfslo9V8vfHHxBrsfxn8W60tzdadqcOqrexyW8xhktLhVLRtEyEMrqwGCCBkZxwMVZP2jPiDqXhjxP4f8U6td+LF8S20Vql/rF09zc6csP3UhaR8uNo25b5gABkgDO1+0ZpN3d/GXxtHp9pJcLJfhHe3gmljkk2jJiZFKMh6gLnpjpxXllh8KvH+pFlsfCGuXSbSUkFnL5Rzn7x2dxk56jPOMZGc44mVarCnGbUpTfKotrXlSktk9G1fWy2XU8WtSnGtU5VK3NJN2Vk3bpdLrurryseWJI3mDYwKxjkt8uDx0LYGQeAOhA70+4uXcIF5AVidqkEZIz26t0BI6V71pH7Nfxf1Z2MfhC6gV1PNyRCoI4Bw2SMY78Y5PPFegaZ+xl8Wrt0a5TSdOjdQpMt7GxT5gCNuAWOM5254yMjOTMcBiG2vYTs+ri9tLXTvr0drXv8JzqhWk7KEvR3TTurdNt76+XVHyLGxREBbG5wC2M4OQPmPT2GRnkDlhX6q/8ABP3xJcvYeMvDD3CKslxbXMAIDJnau5gOSvzH5mPQ53GvI9P/AGHfEcuxdS8VWEKqcyLBbSTEEbic7B83TGenzdOpr6X+C/7OV58K9S1HVNM8S6neT6pbrZzxQWMsYjCgYdMjAYHBByMY68GvRy3AYmjiY1akHCEVaza97RJLXV3v8rdjpwmCxEKynyWWqbb5dNGk7bvs7dV0R+e/xeuGf46+L45nhIj8TXKvLGw2loZGXIJJGCAeP4mB5HSvCfEQE+u6i8fmyE3GdnlyNuUcFl2oQSO+0Hjhcjp+3Fn+yh4MvNXuvEkvhO+13VL+9kvrt9VkIElyxLOwChfvPkbew9uD6tp3wV0fT45JbP4U+FxcMCoeezVpEKjqTIDngdeARzzznapk1SVSpN1acYynKUbRlKSTa0k153d72srJO6v1PKcRV5vfUeaV7PV2lbqrPz1av+J/PWmk6jdx/wCjabqEq7sb4bSdxycZ+WMkZ4x2z6V0Vp4D8Z3kgWy8H+I7kMFZHj0y5IOMfMpKgHOMDHYD5h2/oE0/wT4ltImisfC3hKxVt+MaXZllwT94FGwcEbevTP0sXGifEaGFAL/w5pyA7DFbWVmrgbsA5WJTj0wR1wOAKxWTU/t4hvXTlhJaaXS97ol0TewLIcRb4k23aNk090nduOne2t03fS1vwwsfgX8ZtXnijsfh14mkM8eEkfTpURieoJIABDc89Dkgcmus0/8AY8/aEv8AzQfAk9kY13btQmEDYJ4OGAJPPAzgcdQOP2O1CPx1B5Zk8dxWyx8bYEjiILcggqqEZweMdenXA4XULbW5rpn1P4kan5ciFSI7lgCxHOFUgheSB14wADgkTTyrCKTTdWotLOPLFWtF3a3vd/Pq3qZPh6snzyqLpbS6t7rb6eTVn8kkkfm9pn7AXx11C28y5Hh3SyQrbLrWLcPtySrYJzjscgHnG0gE14j8Q/2afil8OrmKPVrK2v45pXSObSZo71Sqk/vGWEkqrHON2Cc8sa/WcaX4aN4P7U8XaxdiMMedRlVWHcFQ+AM8YIBGMccCq13P8ONOfc9lPqucAm4uZbknBI4G4qM9wME8YHTaVcuwbg1CFSEnpdzunpFbKKsm7vRv1OWXD842brwinZWUm27cvK7Xvpsl6W21/DVNF1XT9TMN3p2oRGIEzOLaYIEAIJZgmFBwQxJ6ZyORn6a+CXmRaT8RJVRwJNCLb1YKVUKR8mAWJIU8Yzxg8cV90fE7WtCn8C+L7XSPD1jawXOkygzjTYjcJIUIUpcGMOuO5+XBGRzwPjD4AatBpE+vG6jsZbY2SxTfbQWgaINlvNXI3KASDjnkqMAndGAwnscVCn7S3tNFKVtNVZ3vr3TdnurXVz5/NMJLBX972lldWVuzaeuvTV21euu/zDf+J7iG4dYWTABTzJVO7O8qRg8cEd+553ZNZf8AaV5K5kmu1MhRtkallDEnJB24yQDgZAwpYY3YFfopNrfwmv7gGTwZ8M7l3GJH3NaNxkMxJlHJYEkkfKTkBgM0k+nfBSWUXMnw38KzIEYyCw1uIfdUHCAyZILY79OSd3FfTRyqpKbSzCmr6xi00kt9OXfrZX1XS2h8dLH07yj7CbtJJXim/s3ejSd2n1du3R2PjZrV9of7IHwauNKlkWSeCaOeSTJDCRnBRcghl68g4wAT7/Aen/EzXbSwazjhgwxCvKwxlSNrZG4kkgHJ6DA561+rnxyg8Fa5+z18MvN0R9P8NwzzQWWn2twJPsoZnAZXBPmDJJA4HYdBXwjH8LPhPf6XqE9treradMgZ4EkiaWLdjq5Hy4BwRnJ7dRz4mOyqrDEybr05rki76K91GzUnZO+t93fVO7uetHHxnSptbrlj1eqtZWWzst7Oz3b2Psj/AIJja9NdeKPiiJkjBXwZfMrKRwWinJIx2YjnB6bRxnA+E/F3j+O18deIILi03rB4k1EO6yYdlW7k4xkgg85JHrxjp+gP/BO3wJp2heKPiSNL8RR6pHe+EbiFmWJg8JKTEMVySTzgn5gcE7hjB+EvEXwoGofELXYhr9kpm8UaijGb926l7uRQSScL1wTnuO1cLwaqwhCS5pX5WktNWldWetna1r28rnuPG1qWAwzh15n72nwuOq3ei0e/nZnH+LPidDruoQQwWqWdlbRxRocL5hK4DbjxgE5yMHBzuGc4/Wz/AIJ5XVtq3wN/ayeKRAYfCNqwZBgFldRlhg4Iwck44znpX5veL/2TPGOiXbS2mtaJq8E9ul0iwXcKSCN1Eio4JGGUHLHB9McV+jv/AAT78Faz4P8Agz+1fZ6rGscl74Pt0iW3nWZNxflyy8cAEE9iT6iscTlfsYTvBrTpFaKTS0a0dk9eultWacPZhVqZjSlU967be+1rbLVLVK9ra+V38ZeA0W7+JTJKRIpbLSYwNwQ8HjDE54zgHHbjdxXxG8NajZ+N9dvoLG4aIziWFkRmWSI5DPlRhQG4yeNwPGBkWzo+v2/iJL/QtUgsrlJSsU7OF2SKCHMoIBAUYBPPA9zXuvg7R/Ft1b39zqvi7wnHLPDcQS/2lcRSSzbgXMyBuUPO1QnLE8Z4FGWZdzyldXjy2TstHdNWslqvO766ux6OaY3nhChZ8yxDmmpJ7u7bts1v1VrbH6C/GyxfxD+yJ8DNJt7G41G8GgoBaQDdOWaAEp1yQpBPHQ9evP48eJvhnaeFNV07TLyS9W81dI53tJrN43sHkb/UsDu8zBONwOMdsnB/Yv8Aalk8R+G/2Svg7d6PfpY6lHpSJbahpxCvLcYUhoSFIw8eepYf7wxX5I6V8aPH1hrEOs6lYaT4lv7OAr5mu26zyEqOHJ2jBXgjOFJPAGQK9GOBqck1TS0ezj8KurJNNvVpO1tN2rJ3+Z4yqV5PCuDSaw1NJPbSMFrtdrR9L67tH0B4B+Cdjo154e1m51i4ttUTVdEe20kW7K8sMl1AwmAweMYZicc5z1wfSf8AgpRpl7qHxQtBo1teXUqeGvD8Dtah1kAislEjbVweoPy8dyRjNcD4c/azv9dvPDumXnw70ODWJNU02zfWbRgkypNewL8qu21dgJ2KqgjBHJxu+hP23fiHpfgj4s+GZNW0GTVIr3wdp0zXccyrLHJ9nUMzEgiR1yQR6dcVx1cPiYqEm+ZKd032929m1ftrt2etn4eQxrywmJjipwXNOLUot6x93Sy21/zejsfkhNP4j0cRiTUNYsZYUUrGzTLtXqobOFyM89MjpkDFadh4w8bQyrNb67f7XR1DmbI4DEj5iR6gkgYPAz2+19P+MXwD1q1i/t/Q71p5FVbk3OnrMoJAHDRxqxA6cHOWPHBxi3N38BNYuHhsLWyjtCXdXkt5bZ1O04Q5bHAwOcY7jHFeiot0YysndLRWvFuMbN7+dtrW6de36pzVY8lZXco2j9rmdu7a5Wre8u2tm0fYN0b29/4Ju6TqN5O8t8PFLTTF35kJYHeVBBLDjHH3iMYxX5LTXV+JlnSZp5WYkR7HZ9pHAJIOPcnA6/Sv2VsdT8M6x+xM3hrRyIrW38TyR2nnkG3ldZdqjzWwBGVGfmIxwTgk58P+EXhzwTD4ustP8eeD7fUfCDm0TxBcad5I1BbYjEklkSCWkJxyhz/tYIK+L7RQlVlyv3XpFLm2ae2i7vs3sj0swwfNQpylJO1KOze++nz3srPfY/Mi71LxEjjMd1DsIdGRiCi5Azxnp+OSBgdTX6GfCqXUNS/ZO8f3PnuZV1IxumCGYkjzGbIBGcADOc9s5r9C/iV+zH+wRqfhW5vfh5Z/E2HW3sPtkljcL+4trnZmDYWUu0e7PmgHAA6cV8seHPCS+GP2dPilptuSsUXiH9wjxgSNCXOwOSoDfKBubacsDk4xnbDY+NZSXs6sWlZ86Sb0Xy0V/N+XTzcnw0VXva0mle0oystFdOK35t9G9ru12vhz4wxyxfBHQZJJWLfaLZSCdwVskbfmOMhjkk/e6cAV8N6fcJ/aADkFhKCSDkMPujPOPrnAAx93ivvn486fP/wojRJdpSRdYjV1wFO0LkAAjo2Rk9eq/N1H532sbLe+YAyESbWJIGWXAAA7gkEe3fnprQftKkJNNK6a1aVrpX1Ss0lts373e/fm8JqpCKkvegndtW5XZaLRp6Jq+t7Wuz33wxEZdVtZt0Zg+0hGBAGAwGRwOTznvjGG61+n/jTxNp/h74FfCqHWNRnsdMisNSIurF2iu4t29lKPGQ2GLYBB5CgYPFfmH8N/DviTxRdW+naJouo6veyz7kttOheado0wXIVckooXcTjHIz1NfeHxw0bULj4F/CzRWsZ49Thju7K4hZCZ4JS7R+XKnJ8wHgggEHNfRYXFrD4rD4mk1+59/WTu5Wi1FpNOys2+z1Tuzw6uD9rlOaUK0n7LEYeUG5bpTUVJap2Sjrrfr1ucno/jzwZcWsLWXxU8T6SrRiNI57uVw7M2SZAXyRyCSTyCSfb1rw/8YPEfhkxPp3xlGoWUi+RBZ3sglYRrzjcxyD2ySpGOM8GvzUbwR4kiuZNOn0zVYZ7QB44Ws5A8gBJUxrt+6cD5uDtHByDVHUtJ1Szj3mK5WUNs2MXilifjCmMYx365J47Zr76h4i4ulQVNXi7Ri/Z1prRtRd1zNbdOV3to1Y/mHHeE/DuOrObqYTEQbu4V8JhaiUtHpLk59La2bd09kf0I+B/2rviN4x8P33wt1rXvD+q+G5dAvZ5UsWVtTdIoi0ayMCNyq5yRjpnjoa8g0bV/incwLPpPi/wWdIhUx6Rpt5fQRXtsokK7WTzB5ZyNpBUjPIKjIHxP+wnpOry/E/xLe6hFcSxWfgPWpXS4c5jL2kgRl3Fu+CDgsOnXBr508XJ4ntPF05gvdQlEl/fNCbe4miEEcl2+0YRwo2cAcHBIw3Brkhxpja2PnicLiZYepOEIualdtXtaT000v9766fcPwwyP/U/DZVi8JQxGEp4ydaFJwUafMkuVqCskopu1k1pqloftLpviv9oTSjJc3Phzw34it0jUO1pe28jPgYySr8BhwOCckjOTkT23x38e6Xcvcat8HNSLQREhtMnDAMF2syoBIGxndyCT0LY6fiifiB448Pag8Fr4r8SwT+WrpG+oXSgHaMKULgKM42kgjnv1Ha6T+0v8bNDYLbeMr/JCqq3ciTZJYAgiRWBJUfeIH3semfq4eIPENCjRX1y6SalJqMr6WSk7W6O6u9fvPyiv4HcFYvEtrB0oOdWLUI1aqUJXirpRnFRadrKzXkz9SfiL4qa/8RfD3xFqsiaNHfWMk7W+pTeSbAG6DCK5JCgyKeCMKePU5Pv+i+KrGdk/s7XdHu2lkiYpbXMWJVwOAA4G7gdMeuecH4G/aT8RyN4J+F+teKLJtVfUfC1pe6hFCPLLXFxsd5GZNo+YtkdACRjFfLGh+MPB80qXVqfEGjGNdyC11CdUTB+UcOBlRgkdsFVJPTq4a8QK2Tzr0alCNf6xWliKkpScZXnJczjeMou6s1Fvo+yPovFDwnocQRyWnRxtbC/2Xl2HwdGEYe0g6cIRSu+dSvbp717PyP3ubVWM0bmOJIlKLKAEYsuMHDBzjrjHzdzkEVJ4g1WyOgxmMERi8VirA/N5attAGCpG7BU4+bAI5Br8XLTx9ZSyRvpnxU8X2VxuRmguJZJIl2gYVS3ykEgcEEdSQRxX0H8LfGfiXVtf0zT7j4lyeJrGc3Ej6RcbPPDJC20bDl+CMjJx06YJr67M/ETA5jluMwc8PUhOrRahUvBxTko6tq0k43vJJaLXufk3DfgvnGT8X5RmdLMYYijhMXTrOHJVhKUIuLdmlyptJadfvP2f8M6xZHQNHmlCxsdPVlZuVaQ/eyd3ByD6juMn5a2LXWbKWRblp4gjkRMu7KqMkFiMryR0YnhQAvfPxv4V+I2htomlWM2uW73NvM9veWvnxlrTDHCuA67DjIwcHPGPlr09r6zaJpLC4+028yxkOkoKxsxGCoD5x82cnODlhuFfp2QLB18qy/lxFNuGHoc754tx/dx1aWttHe69fL8Q45WeYDjLPo+xxcYvNcQ4OPtYpxlV0dlG6Wy5k+ut7XPpGBLK7knngvLLyoQFkQgOXcA4TJY/3iW5PUg4FeX/ALRWj6APgbJq0KaRJev4g06KeOG3j86NBMdrb9pmU46ksA38QJyTzMMtto0QkkvJQCyyuZXPk4cZYO4YjjJAByTxwa4342+LfCqfB3W7JNVhadr2x1Fh5u0xwRSAybAxwEXLYHOBjjOQfn+O8JQjkOOrOdKUF7J7RblzVIJJPV632Td7Xbu7n6P4PZrjv9eskw9SWK9q4V+eM6tZxpv2TkpSjLTTZp7vVbs9LsfBfhbVotFuZ/D+kzrN4aspJZZbWJmkkeHDO5K7mYkdckjrnPFcfcfBH4a6xezLd+EtKmSOIhQsYiIwxHy46gDcBznoc8gDC8C/tEfC2/03SIbbxZo8rWmg2tlcpJcxxmKeJNrpuZlywPJ7gn1wT3uk/EbwJfzNJYeK9BmZwfMiOoQqyKOfm3PjnjpnJHTPNGW8OcK5hg8NOthMvqS+rUub3aPPdQhdt9097v5WVj5bibjvxHy3iPMFgcfntKnHMcSqUY/WVBRVZ2tHaVNbdu2ljhp/2U/gxqNxIlxoMtmzRls2Z8sAsB/ExOPQHOM44PJr5P8A2o/hVovwkuPB+j+DTJYWmpWwmkmkYtKJn3l7gsThJCu3lTkbTzX6V6XreiXpVrbWNMujIpYCK+hYjjPDB8A98dTxjkV8Tft4avoSeIfAH9pX0FvZW9nCst0XHlID98swcqxHB67eTkDv+V+KHDeR5ZHL6uW4bD03VxEYzdNRV04p2bi2rWTe2+u9z+oPAjjnjTiDAcQLPMVi6rweCjUovEc6nGo5JO3Mld2Tba2/L80rLxf8aNDeS30DxprLma5m8oS3BEWxWwu1ZC24cDABCgcAHpXXQfHf47aSqyXuqxajLEUDR3luxUEDAYtEFJUcDORwA3QZrs3vvgeZbIw+OYnvYS4fySCpVyD8oDcbmOATnJ6fNjHSXV98Hr5WsT4psow0cS5lQFnXaCJMqSQd27OWznt6/ktbB0pVIwpUHJWvzaNK/Ld80Y2XXq766LY/UsNxtmOHofvsY+anJRaqXcn8K0btyu7abl623Oe0f9pr4wQvaNLpOi6gstxHEzEOVDOyqFRWZlBG8cHIOOcnivfPjP8AFb4ifCXR/Ck/iLw/our3fjOC1u7W0sUj8yO1uwG8mTahzMoIUZAbHIx35HwR4U+Fd6xeDx/4VzbXSXENrcXCxyTGJg7htxPzN0QfLz1IHFbH7WsqXXi/4TPDMLixit9KazcEeS0cMi72jByDEFyBtADAjJOBXy2d06uBnh1SlOM6jad1olFw0TsvS/W9rM/S+EM+edYfEyryU/YqMlpZLm6rqvh0St3vsfH3xm/aTk8I6vHa3fhJ9Km1CzhuY1RmSKFSpZiUQL5kmQQCSCrEk9iPHLf9qrwRqyRrqXhq9diwa4nj1WaF5HXoQgcFQSDkkbiMDjnPZft3aRby+LtCaFVVJdMhOfLAJQxqzAbVBw2WG75lAHbOB8LaJ4Y0ueBgrKZjKYiHRmIdztGFXghQRu7Lz0xk9uCwGOxlKnZ88nbWUkn8UeZpPptdqyvt0OLOuJ8NlFWoppKFOKlPqrWi22ttrpu97bX1t95ab+0F8I7qb7RdnxBpixxxpGtrq8jkIvYhywfBIyzZ5OT90V7v4A+JHgb4j6xp3hrw3438SLqeoTLBp+nS20NzE7lAQXPlKGUAZbJAHOTnivjr4ffs2WOtsj32v+XbTRrIy2mlTXPksUDbGdVAAA5OenJPHNfYn7OfwV8PeFfiv4Tv9P1Oa/uNKu7oC3gsZLfavkkedNJIMlmPLFSCM9CMmujFZFmWAoVMVUptU0lKXvLX4b6J76WS6etkfL5P4u8O5rm2HyXDYhSxdefs4QhZpTXLo9W9e29u+p0OseP/AAnpWq3nh/W/Hdhc6jod3LaX9tqPhqNooJEJjVZJUVTuDYXpk7sYyKzptX+HWqI9zcT+CdQjKq0e0y6VM+ecAibrnODgAcgkc5+FPjJqCaT8aPiT5lndXLah4h1FW2EssTNPIVkjX5gzDqOoB/h5r9Pf2fv2KfBfxJ+FOm6nrnjaDSdd1XRZtesINSspZ7+7mjJ2WFusP8DMACoUlmzzt4rjwuEzDFxiqFJ1dE1GLejvG11f8PdW/c+kzrjvKMklNZnWVCEW4upNxilJWVpJtWu3u277NNtnk8XhrwZqas1rYT2kXOToXiRbjKnkbIM7zkZxyORjORgpB4K0+WRP7G1/x3ZFnEQje2S6TfhlVQzgg45HUk8YHPHYP8FbTRPGsPhTWbd4tNhihSRtFguY52csse9njYeTIxGWjwTyAe9ety/s1Pp+mL4l06XXbDw9b64kb293c3UF65j+YsI5WO6Nyoyw4OTjOMV2SwOY4OlUrV8NKnGmkpt3TV1C3L27rp11sjyMB4j8MZrj8HgMNjqWIrY1KVCMGm5XtayWykrvRbrXbX5t1jSNZ8KvF/afjDUrT7RvVJtZ8NmSAIN2EMwVY2Zx0A5HrxxgaX4kgV54R4o8GXYZzhrjT5bVztJ3biJAP+AYXBPcDJ8T/a++L/jaHV4PhpL4hls9M0WSfUrGJvLaR4ZXIgRpgolZtnOGc7TnBIOB8NQePPGNtE4TVFJBLDcsbE5PfK55xzk4PPOc1zUKlScU71OV/Zi7tfDpra1ne2yW6Vtvqa2OoU67pqlJuCTbsv7qknpdNtd9vJo/YDS7yxuzMou/Ad48kmVCa0tlg5+6BI5G3gYIPAHVh11zEzmSG28P2N9K5TMmk6/a3YwRkBAWx25ABxxznp+QekfFrxi1zHabkvncBVgjt42aZlIAiBRd5LE4OCAeuFyAPb7PxR4ttrVL268L6pboqKZTAt9arEzA4LMJI13DgntyefS44mtF8sea0XZ8yblZWvbXfS3zWnalioStJQkk1pqk0rxbsk4tu6T0XdJ7n6Ds01vPHHJ4a8Zwuh/1kBFxFHjJIUJwcfw4yuOTxhafD4msoJxDIfGliHkxLcXekT3EaBMhyxUZ2jHVdufUmvz5X4peJ7CMy6fe+K7OeUsQlve3NwAq4JA3s6jLA4+uOf4e30H4g/GrVY7aHStY8Ru91Ioje7gUQBTjbmWWJlK4xuY+4bPArf61USTcZbXcYxcnb3bXbej63bv0urItclS1oO70alotWt3LVa223bsuif3va+KvCbwtEmsRbijMsl1pFzBPIyHLBskYJ5LMWwuMjOQBdstSsNbspG0KSzv5rcu95fukllpGkRxDLT3lzKwjICgsRxk4GATmvDfD194+06a3u/iV4xsNP0v7E0r6WttYy3t8FUHy450hxG7/AHcMFLdBjqfl/wCPv7RuuyPa+FfDlr/YXg7dIHsIUW1vNTkU7TNqTxLHI6SEbghYg4/iBJqa2ZRpxd9JJKycbO7tq+V3as/Pu9SlhXJttuzeusmvsu6e7/wvXTV6a/d3hHxafiT8RNL+G3wkuLa+8R6ozW2u+Obx0isrG3j+S7Tw9HIAsaqm5Tc5YydUwck/F/8AwUW0nWPhJ8RrP4V2HiA3+jwaHa61qd/bTu82papdMfPa8uDI73AV1+RSzIB90AEk8F+z78Tbjwzfv4psFmi1XTp5Iy0DmJIbeZ1yNylcAAEnGc5O75gKyv2zvGlr8UvH+j69YupWDwrZWl2ROJzJdqWMrSSAkkkkfKc44JAOa/JM3zbPMTxHSouaWUrD1JVIQTTdX3Lc0mruy003vc9/BUsMsG3ytYhVPiu2+VKOuumrVnvuktz0rwj4wsNb+GnhSMkWostFubS6mEiRyXDiNlBYnn58dyST7nj4a8IQ20/xJsoWXNu2sXWNvGV889vlxjgnHJAAXpg+leH7q4Gh6HpEBMTIjtK2W2MmGbacHGW5HJ4Gc8cVi/Br4d+NPiH8Xbfw/wCCtFvNa1mG8urxrOyiLyLbWz7pZDgnEaKCzNjKqScE9c6GEjltDGV5zUYVZubk7RjFJRbd27JJpru9fR51a8paaWpw5fujB3fVJW+b21u3+k2g6ZYS6TY3EEcdqtjDcq+cJIziNijHPBDfQ8ZPQkn4C+G/gLxN8V/idq/g7wlYtqOraxq2oCGJM4jihunMsrH+FEGdzAqBjJ4DGvtpYNX0R08P6hJtuQL1b1XDGS0lt1dJYpCuMlCu0ZHUDJrt/wDgkVoVnrf7Zl+07QG30/RPFEoMygKc+aNxLAlST6nJPHtXxnFuczyDh3N85oqNWWGwTxFJTbcZTShyKyd3GV79Pm2ZZHi6FOjjKs7NYeUnOMdLuKi/VXSs++97nwP+1D8EPGfwZ17wvovjDSG0m4u9LN1byDLR3kSybC8LnhgSpGQcg84Gc1ieM/Ccx+GXgLxGLeeGzaSazhmeFljuHyS4R2OGKjnapyT6gE1+0P8AwXJ8DGy139n/AFaG3WG3uvD+o2kLRjHmIs7S7jkH3wMjOe9dLoH7Bvjr49/8E0Phlr3gnwZLqeueHNM8T+OjqKzJERpekee940gBLSbYomMa5OTgY9Pm8g4yWOyHhPN8wjyVs1xlPCS9mpOEalZyglZXaipRinra77XO2OZ4bF4J4+MXRpV4czjPRpQtzN72skne9l5bn41+HbCNvg74uma6sPNNnE72zzRrc/JLgCKIlnLbQoPGQMnB4x5N8GJYW+KfgZbgxxR/8JBp8rtKfliijlj3bzwM4G4ep75AFYviHwn4h8Ppuv7m9ijvYph9mi89Y1kid1eKZRgF0YYPQ5GMgA54PT57qB3urO4mhu7ePes3KGKSI4DIxwVfjkrgbsfd6n9ylkGKwtOTq060HiEqkXODVk4Qemzs/de6sna9meThM1weMs8NXpVYqyvTqRlZLl25XZ/4dd9Nbn6A/HnxTpd14v8AE6WV9BJC2qLGp3BQVjULxgY6DgE8HIzjit/4LS6Xe+CfFjTXdgitbyuomkjQsAhVkwxB4AIxg5GTt3bcfmNda1rFw8n2u+uZ2ZzK8rOWeSXkEliTk5Yk5JIHPPOM6PXNZt2kit9Tv4IpQyMsFzLGjKSWIZFYK3zEnJyv3hxjFeRiMkdbCqgqvJNTg1PlvopRbXL57XenZWO3CVo0MUq0oupCzTi/dV35PpZy1utV6M+ttN0m1uvG8L2sc5868ntEjtpMpPG6FGcsp2lAWO4sNue3O6vFfEugX9l4n1iyNlcyx2tzcoZ4InaFUVyBmRQVyMkHnsRnNZfwz8W3/h3xjp2oz6jObW2FwWSSRpELyo6jcBnB3HLEHua/Tb4dW+jah8OJ9Mkt7KW41+e4vZ7ye3jdo453MhxOylljAJO3cOvA2nFXi6NTB0HJv2nJTULRje9lFfjdq91t0ua4d0qmLjCCUI1ajk76Jawa2adrvy2eyPvTx98XtL8Jf8Ek/Cnwui1GFbvX7SBGtmZUnIlmjnIjBGWG1cnB6gg8jj8ArfURJcrDGylUI+8CcAEEr8oySegJUnAyBjg+1ftEfFrUtTtNG+HNrqiXeieEkWG1htR/o2UJVgqjAyh/iPTHy+lfLVjfSRXqBDzMgVvmOWJIO45wVIOTwQeFbBJAr878IeDJcI4bPcTWilieIuIcwzureKTj9arL2UH/ANuQi3frfpc+t44zWnnFTL8PTmp08uy3D4NTjd80qUY87WttZNq2uiv0194M6PE7PgkeVjaMBuMkDA9+mSRurs4tPW70JypCvhg4fgMpBwNucA54HUngfLzXk0E1xfT2enQbpbq4khSCNQQHY4xz/Dg898cYIOM/WHhv4VeJr3RoIbmaztpHJMqCRC+zjG7bgbhnk9c7Rx0P7dGXNNvm1sn5XtbT0u3ZdNe1/wAxWBqyu6dnZq293ay0a2tzPR9Lb2SXyS1i1qQuFBW5Q7lGCRvBIYjqTyc4JwAeBgH0DUbWHULYuoGY44iwYknds5bOdp9sHGCRgZxXvJ/Z+mnDx3Or28ext4KRsxOSSMZ4xzzjoTg9TV1PggFtpbebX1jV1UKyRZY7Rhev3SSTxkgAevUTak/dbWivfZLs9dW++i3dmXPA4pwTaTaSSu1e2l7u297atW0Tetz5K8E2sieNNAMQDQjU0DAcjKt2XAyMHhiO/PIyf0L8W+FfFOr/AA+bU/CNqt/PaapiW1IG8ocBiBkHA4C4PQA5zk141YfA+y0C6stbTWWluNPnEothEVR2zkMx45PPJxk5yeQD6h4r+Mj/AAu8GWt/O3mW2pagYpLeAkyl8BS688lSCfqSO+KxrOUKc3GL0ipRS9617W1V921dar1PXwOHUowp4pWg2ru6ella977dfSx8tX2m/FxZZUbwzcQx5IJkR0G45Lc4wQCPvDGBjJ7VjN4Q+L11mSPw88gAOGjYEjcQOhbtkYyPukjua990r9rfwJLbSW2oCZo33MDdwb2IPUuduSBnhepHHJyK9B8LePPAnja7RfD2p200tygDWkd0beaNm5LIjOoJXIwCBzwBg5ryvrb932kJK21la3wu6066JJba7JpL14ZPl8+SNKpCV7PV6/Zt0d09vRJnxhF8MPiPd63bnVdJu4FRQ2/y2YFRk7V+UZ4wT0IPTODXtWk/D7xJp1mZrW11ONVZiYSr4DHG5hgHbg5OBx3bPFfa2keFdXubhLezu2ieNg8cOoru85TkqFl2nKkdOf1r1W1iNkot/EGkNYBVAN9bQGW3IA4aTKbQGIyeOMjAIzWFbFxdvd8pK+7001WysrK19r+dvJXF2pqSVkm4p2tps3ukl0tq+up+fsnhvXbK0N1cIJ/Osml2ypudCCc7+FYYZcEnBbnC9TXI2us3WlanFHEqRyXEAM4IVo7jaSwjGM4K5wOmO33sD9TdQ+Huj+MNKktoLazJuLd4YdSsCokjyMjfAoBPJy/HU9RmvhX4o/AP4geBtYi1g6XPqWgRxMBqVlG08akEhRLGilkkC8EnC8EZYjnjnOliacoTg2rJSi1dWaWi+5vRWV01ozOnSxGAxEatHnUoSj70b3TXKtLJt9W1bTV7ale5+Jut6ZYaXJpV/faRcW8luzR2cr/ZZGLqjB4GLREkgllVRuByR6fYepfEXR9d8J6NL4/8L6ZrUTLCG1fSo4rLVFXyl2iRQgMr55LFcsCcY6D88PEFw8VpaQcLJGIpHilBjkVzJgEqwUnk8g9gBxk19DWWo3n/AAi0Et2ol2WUBjQAHBTlZFH3QCSeQB0BORivCqZbRoShKkuRuTacW4Wvyu7a1aT1s9b33sz3v9ZMbXjOOJl7WKiov2kb35bXV5JNXto+rvqj6H1j4ffDb4keGI4/C/jBNGvLhVt4tO12PypuNhAEjEBgD8o6DgDkYrwzWP2YfHXg3w5rYGmx+I0nnhuFu9ICXERiRhtZhGWx8oBx26Dg4q7oepW19a6X/azxeeZCfKhQBjDnht0ePnUA4ccepOGz2M3j7X/B1jfTeG9dv4UjfLWM873EE0YPRomLHaw+XavBU4B5zXZCpjY0qlJTdSLi0ue14tqLTvFelrrre9tV5FGeUyxcKtSi6MnK7UXZPWNtEn1tfV930v3TeH9vg+w067na283wvHFdQLuRlaOMZhcEDLIRgr8xyPY1zfjzRtE0v4WOukzTXIg8L6gZYJAxdWe2cMy5YgBSPoQMgA5NdpN8cbfWNJ020+Ifgy3njvtKVbW/0QrZ38alNvmtGANzA/MVOSxJzitG80Tw14r8C3OmeCPElrc395pOoWsej67ssr7zbi3dUhWSbAcKSEPUMwyCMGvzDM8gxccZh6tKXO/rcKs5OV7L2kbvTRrd2dnp3P0zA4uiqNdQatLDezhp7z92Ois0mr67b6eZ/P8A3cjLbQDZIBH53mMckFWdiADwM7hg9zzluARUkjifyWZZEKhcErkZOD1wMrgYyeoO0EZBr6r8UfA7xl4Xs/s/ijw7qVgLeWZXuobaSSzmUyFlkjnQMrKT0IBDL1GMivKdQ8HD915EjuqIWMZXy9x3HaoyAckADnjHygjqf3bCVKfsKKc1dwirJq9koq9k77eT7a9Px/Hwr0KtRzoys5uzcWlpJNSVrXXTTW1tei674RxhdC1qLODczMpXBHAUsRyQM4A79yc8Ba/Yb/gnZ8Vr74PeLPC3jq1ga50mKW7svEUSSNHLJpok2GJW3AlsHIOCMZJ6ZH5O/CLSyLS8tVG1zdSsI2ZSwVYW6Yz264+h75/oG/4I+fsneHv2kNK+Ith4uurmCw8PskNqLaQxNHLfMGeTIxkrgnj3Ix2/IPFzjPIOA+FM74g4jlUWT0aUKeK9jFzqT+s1KeHjGMVu+eUUuiu2d2V5JmPEqw+X4F04YyT9rTlJuEYqDjOV2r9E7t7WSPz6/wCCqX7bOqftKfHHU00m0n0bwl4c0O38N6NbvKTJMqJ/pLTsgG5dyqcgZycE5OD+ZnwZvc61o9s0hkQardIxDk8OcjavJCk59eAckEhh9E/8FIvhQPgn+038VPAOjyzajpXhfWHt9PumI3mCYkAykk73xt3HJ5xg4OB8z/Ae3eTW9IkceUG1clgQC3z7iTzgjPBK9ivpkV1eG2FySHC+TYzIKahl2PwtDHYZtLnlTxSjXU5t6uUvaaq/4Ox9Ln2LzJUf7OzCq518DTWFaUrxUadovlT+zdaO1tb2T3+4dYgc2iRHYiOGK9xnJKkgdOh2rwcc+1c3Z6dK4kO0yRKxHUdT2AJ6Zwf4sngYGAO41Wxu5rfaUIRQzxtn7y5Azg85HYcdccnrNpFtcJp7BoghYArvQZYgjo27GQOxbJxu4Ga+txtZKd1a+l02tLWXz0/S97HwNGg56NPRysr3SSt6Jap38rK1tvmzxpZzRfEPw/CyH5tC1Btu3D/cXAAIC5HPPDHIOTjI+3v2XdJTULLw9ZzqyK94xEjfdDLMAqcjJz06/wBc/J3xEgUfFHwvvGHHhu/LlQRyY1zgdjgD6cjg199/sg2Ed4/hVYkaQW1808qbCwEQmBIJ6YwDuHHy5/i5HicSY+pRyCvWilK0HaOuvw3S39bvRJX1O+hhYzxVCnKTUeZWey1UN0+quul0r7s+Sf20LCHT/jt4kiQoki6fYRxmM7cOI1KlhyBnKkjBHXqSSesh8Hzn4EXWqW+nPPeX3hy+E9/Ccny4oWBeQAYG3qMeo9Fxj/t6W8TftI+MkWVUQWlm6JgqAQisQRjnGMH/AL545rsfh14mvpfg/wCItDFwVgs/BuqMiFCyENA+UDnBBAHfGMscnO4cOErf8IuV4mlCHNOFBy0TtGXIm9EruzevutJb9C6kL5lUoTqSjGM5xTTve0rXT9VLys0lY84/ZS0i/wBQ+DchtG8uK31zUg5djuPl7vM2nPJYDjJHJ78V7z4L05odLmWXDmS/lWQBMsuGJyXGCPvDcWbGDnkZNePfsm3bWvwE1K43b5I/EmtDYAQyg7ic4Kj2A/POc19zfspeENB8d+NNN0PxKCulahHdSyIsgilMoDbF3NxjPJO3n6AV4/HOa0spyjG5tWi3RwNKVauqablyQUXLlStql+Kdu56uQ5fLHZtSwEKzVXE1FCm5/DFzcYxsrPS+rvutfI8Wl0GI3xunkRI5D8qh98bhRwuCTg9Rz789q+fP2jLFLX4Y6hcrB5mdVtBGZAEK/vhkZwDtfBwSOm3kniv3o+NX7L/wN+HPw+XxdqGoahoIh1O0spZXV7pCb6dY1KKmNpUHO4cEn1OK+Cv+Cm/7L/g74Tfs2af4+8F+Mb7VLa8n0K7NrqQWOTUI9TMTpJAhG5UhZ9uTyByvGQPwvgrxp4c4izfJ8JhYYuMsyxjwmHlUoVI05V4cvPFzV0uR+d9Xsfp2P8Pc1ymhia9WrSlDDYeVep7Op73LZbxsn0aV0nfa9nf7U/4I16j+ync/B/4jeG/2i28Kx6lqv2L/AIQ+w1bEV5tktkjdrK+DI8TvISRyAMlhnHGz+1z4O+Hnwb+LPhPSvg34qgvfB3irToHttDlurfX4rfWLm5VUtGVkldLdA4YrwQFOCMivwX+HN/dxeGfDM8VxKlymmRSiSCTyiu0YUhsgkrgFQTkDI5Kive/CXxi17wX4p8PeLRCPEGseHLlr6wj1iRr23DogZC6Sl1AQjK5U/XPFe/xVwpxXU4mxWc5Tn9ejhKtKs1liTUJ1ZUlGm5TU3FRjK0laKf8AKa8O8Y5Nh8NDCZjl7rNOEJV5uLhCMZRlJxjyuSbV1a/S2x99/tWaFpnwd8Qab4d8VeGfht44vfEPhvTdZD6ZaJZ3Vg11HE5tZvIZRBOhbaVeMEAEknOB+ePj7xH+yL4h8SeGfBXxH8NeKvA2tzGOey1DQbs3djFMzIq7IgjfIAeQWyVU/dyTXM6n8YfEnxF+IHiLxb4xvZb/AFzxRqLSzCeYtBZRqxMVtaoxKQwxoAiKgUKAFAPb5E+PV6bj46/DyCMEhEQsGcP0kXI3beRk9x9AcV+i8A089w8cFgc5xXt8WsLfEVYbOs4xbcbp+6m7befdL5XiTN8BWr16+Bw0Fh5VuWnCaV+RtW5rJK7S8+3r9t3v7MXwc8Q6jMPht+0L4fWUSCWPTfFUS6VchwMopuLhwpY4AyPlzuAIwTWN4j/Y9+M1vHLc6W+l+L7Z0VkufCutWeob1GCN0UMgbOBkAAEjvzXytr+kvdeLb3axi3hTmPahDFONpUAg5OcjHPGMjNdvpFr8QNEt4JfD3irxFpcyPvBtdVu448D5gNnm7WA6gD5f4cZzX6Hi6uIwtWMvrNOzekZwST+HRyi03orXs3ftZnysKmV4v3auDlTdtZUZ2+0k3bRWu+1+uu5xXi74B+P/AA3e3N14i8I+JrOPayySXOmXBCNjPDIrg5I6qBwTjqMeP6x4NXT4HuFiuIpECSlriJ4SipIDkiRNvy445AwOATzX3xo37Q/7SXhe0CP4rXxDaY2tY+ILS11CN1XgqfOid88EZLbhnIbmu0m/ai8Laxod/H8aPgf4b1TS7fTjJe6lo9pHY3O/KgSYjVTknLcAA5AHUE6RzaaSXLTlJpK8Jpu75dUpWdnp3aa8kR/YeW1JqVLGypLRxjVWremjknbaz6WWr1TR+angLwlH4h8ez6bf39lptveWySJc3u1YXPl5QMxIwG/hBPTJGCTXonjD4RX/AIZ05L5Liw1O2e5dY5tOlRpUOcBTEjF3QEjDZ7EZ7V9n3Hhz9hn4qppuseGPFmu/DzWLvS7fztPuLSWSwt2A2KhkVgd4Ylid3Ayc43ETj9j7RtXtY3+Hvx18J61FI2YrPUNUW1uC2chCk0hAbOAScbeM9CBLzSHP7/tKSSu1ODtf3Fq2vVddWuqbfo/2EnSSpyo1uazXLUi5aqOlm7673/F6N/l9deF9ce7ytu0sfl5CsDlR1UjORxkj169waqxeEfEEN3DO1rcZUBhk5EYX5ie2e4IHqT0NfpHrH7G37QGlGSaz8NW/ia2AOy40e/tr1GUDG9fLbcwwGOMAZPHBNeR6n8JPil4amddd8BeJ7HadrA6fO0S8n+MIw65JOf8AdyBx3YfHYaveMasG7e8k7NL3bXvrZOyt0d3tYznkNamlzUanLdNtJtW9xpc2qt096/dW1PENKjv49PnLWU6n7LcK8vK7ZFiYKyjHHAG45xnHpx8Ay2cj69qbEBy+o3RkJb5mzKSAQCCWPPHB75/vfqZe6fqtvBLbyQy2iNbTh2ubeWKT/VMWR1ZFIK9WYfNwTjB5/M+a2K+INWQODIdTuM7CQpAlYEr2bHPYAEHBGDXucNqP1mcozjLmd7Jdbq1ndp7em2qtY+d4hVXD4aF4NSilZvRte7smrO+l9Xvo+1DV9BEqS3Maxp5EUa7Bgg88dTjjBwSQeueMAc+LKVUV1LhRhgApB5GBlcc98jsB0A4HpdzERZ3a7VJbapOdxyoI6A89OowQAepIAzIItyhFVWCrhfl5VRgHdjkgE8HseM9K+xqQhNvmim2tfS6Sta70tfTTY+Lp4ySjrGSu7X1te8dk9Vd9nZvReXESxuG8s5wctkLgg88ZOccdjznoOARkX8KpBM+HKoEyNvC/e6EDJyTzjk4Oc9D689ipQt5fmZweYwG3D0bnjgg55PuMVyOt2iC0lZVCEAnDLgkkY29MYJ4A29+PuhaxdGmotOmpPVq17W9219Fqu93bfvbpoYyMqlpOSk0l2aStZNWvpu9dFok9Dx9zuCoVK5Y8EDDqTnkgde/O7k+qiqttKDJMrZwj5VgOgBHGRjBJ4BHA45A6bEsQaVEO5UWXoRl85IwDzz68YBOQMDirZ2YaW6jYEDcAOoBJ6EEDqScZJ79uTXnOHvxTTSbWi16LRaxe9737erPep1Y8nMpNbK6drppPRXWzt5PvHU2oC85jEfmo7AABGZS2Oecc9MBux45wM1vvY6naxrItzeRHaMLHdyrwTzwHJHoeCAck88nY0PT7WF0ecfvVTEaA7gVIXGMY5OT90ZI78YHamOzkh8shQMj5pACcqcqBkkZzzkjA65YcVU4RjJLe3xXuru600tZtbeenZLmeJlzrlqJXaTb3+yrJf8DpvY82g1HxHbH9zq2rQk85S+uAFGP98DLd+Oc9gMnXg8c+PLQq0PinXYTHkKRfzDPHJxuGcnIJJzwfQGu7GjW7qAbiPLFeFUMygj+I5246ZHfrx1Dv+EchfnfFlTtA2ABg3GW6cL2Pf1B+YZc9G++tkm7O/TZP70uy1839bqaXk2oq7dmv5Va26d72t89TNsPjH8VbVlktvG2tL5YACNcs/wAp7YO7sMZHJ9jyOktv2jPjJYsssXjG8kKcHzwCT1GDgEkf7XTgMT0rjbnTYredof3e4ZYMiZ4AwRxjIbpn0BwR8tUhZwsXcKRtJ+TZ0PHzHIxyQQOD1xyDWvKuVSU21a/Ls7WVtt/l8mDxVeNpRqS+FKOutvdV0rq/RNWbvok7o9osf2uPjTaox/tm2uCMKfOhyxBIOCRgjO3JUEcgnAPzHpbP9tr4vWqqkkOkTYbcy+UwL4Y8HDc8jqM9uvzCvmw6dETiLPPDcAAMQcA4wejA47EcHnIY2mkDDGPaV25O0nIPBGDxjHJx8xzg8mlKDtpLotebXTl001va976766aU8dX5U/a9Ouuvuu90u33X07n03pH7cHi7TNf1HUrvw7Y3d1qjQRkIdnliNMZXAAxxgKQckYO0ZJ9vtP29LgQhtU+H6zrsUM0MiqWIH3jmLDZ69TjOFOOK/Mq4tY01xVdQVMsI4AAJLc9OAQCMk8jkc5GfqHTtL064sEUxRkpbFmEigfJt+7uwSSe3Jx+BrkUZSb/eSWqSV9dHp+K/C3Q3nm2IpezXMpJq7asm7Wtbr069vu+rrb9uj4f3a41DwRdWYYAMyhWYHI3D5QD97IHUnG0Hmulsf2xPgjc8Xdjf2zSFeDaSPsHcckHk/MR0/KvzffR4vtM5WPMfnMqqMEKDwMAYGfmwPU9D3qB9BVnClEfZ13J8x3c7e3p0z3Gf9naEalrKadknqknZ8vTRdV3bu7Nu5pLOpx39m7pPZXs1Fu9k1ppff9D9U7H9pr9n65Yo+sC1EvzYntJMpgHqdwAIx0yec8Cupt/jJ+zxqyxofFukxngfOkcZIYADfvB4xyBk4PXIr8f38P2xLs9uQeiAAAfMAWH3RjGc54JJzjFVm8Owl8m3O1jkHZ83fAwAMZ9OQSwGSeKJfWI7NdForN7LS/mnp6rSytazeNk3Gm9EtodkknfW6tyu+vpY/Z4a9+z5fo0dt4h8KXG/aB58tsJDnn+Hbgjnkg4GOfu0h8M/BTUUPlan4ffzcDbDeWQUnjOPlGB2X72CT3xX4wtoa5JiSdGQ7ztkZWAJABADBs5Oeu38TSpYXCAKl1qUToowFup1wc9GIdQMf7uMYx61HtcXFpqTvZaN2urrpto0tdbJb20BZnh5Jc1Om3pfXfZ6NPfzV7vdvVH7MN8LPhFONgurCVnJCslxbFVOOCwUjbg4we/ucY4DXPgx4Hl8a+HdOsbWxu7G4tJ5LmRLlI2fYqlXVs5XrkAEZwfpX5Wrc65bIVg1nWomBKhkvbjg4wR/rSTgdCSBjIHABGBf+NfG2jX1l5XibWhcMCkEn2yUyRhiFIVixO0+hBJboMYNZ/WMUleTcY7tN6Lbs2le276vZGkMRhJyXu30u0ndtWVt2vTZ92j9rh+zF4MuozNbQz2yINySW+pu4U5PVEl5AJwMdB9OKMn7Nlg+4abqOohISN8sd/8AdQDJAVizbl5xliTnJ9/yX0v4rfGTTkAtfFfiGNGXdn7XIwPcZByuCD357cmux0/9oz4+6U+y28U6qUYjcZPLZSAeG+ZevGGJPPfHNZPMHupK6snzSfTl72VtX11210v1L6nJW5ZR6NcsdLcujfW9272t6Ja/pa37N147LJaeJtYtIwCSWuYpgSNxJaMxkluBhccnrSH9njxdC3mWfjK5ePcRHLc2cTqNoICk45JxgtjqexDV8IaZ+138frA7ZL6zvMBAPtVvliMknJCDA+gzx77a7Gz/AG3vjHAQl3pmjXMSnO0xyqpYjHI3EHHTAB98YyVDNaaXvSkldaKaSvZWatsrv1fXsSqVC1o666tqz6WWit1SWifm7NH1NL8Efimkk32bV7G+3EqizaeiL0JByB0Aye3fJ5FULj4UfFyz2QvomiXRAIdlXyy2T8pGxgTkk885J454Pitn+3v4/gEa3fgrSZdjYJhkdDkjry3XPTg5OOMV3Fj/AMFBZ/LiTUvh20p3bnkgvFDAEqCB8ucDnALYPT0A1/tSDcbVpJX35rpax0Sb1bb/AK6p4WjJfAmttFfrHX1ul33vY6dvBnxCspdl14EgmEahT5JuGUnd14lGAWHPBHPY8Uw6b4ihMi3XgGdCg3Mq3UsTAbP4QxfIIJwBuJJHXFSwft+eC5HVbzwVq9tvZd5juN5AwMc4OSOemBkheBW8v7cXwjumUz6brlqSRuaa2WdcDruJQg85OeOecZNdFLOIx09rtp8UlvZ36K+i6LT1E8uw7UX7jvZ3svd1jFLXS+vW6tfyZwupTNBpd+0ng/WLNjZ3Cm6WYzRQ4jI3SbkKhensOBg9a4zw6YbnSdPENpdIEjYzSJbpc7mLjcwBT5lIOQMkg9ck5r2zxH+1r8D9e0TUrIXdzazXVlPEjPaLCHlkjZFDHbgDPPTJPcVJ8Ofi58AU8L6Vp9z4j0iO5EZ89bhUEyOx3MWfK8EnjcfXCrmtoZxzNSlUvGOl3ZPRRe6t3SaT0fXS7yeVUWmlKnra6vu7K71sur1Wm1vLy1bHTpJnSZeAu7FxoQYE/UIvHO3Pt/EeapT+F/C9woMy6JvVtxW50hotw4OCAQecZwevQAcY+s4/GPwH1B0W08S+FJt20HzLqOJiMDjLkYHAwwxyehB5vG1+El/IBZ6n4a8uXAUwanaOHZc8HzM4/i5B5znGSa6I51GPIm4tdNW92r/E7d3tt8r8yyGnJO06d2076a/Dpfbve62tex8Zt4G8EagSoi8KKXwWJieA55U43MFXk5A5bnucioJvg74KuQscen+HZnY8vDqkSAcnPyl/lGQAOOO5J6/cTeB/hzdxqUXRbpWIVlW8shuVR94eVtPX5QO+efWoJfhF8P7ogwaZYBVxuVLxNy5yCVZJCCCDkqAMhgQSMVX9tRVmqaburvmSX2dLrrf8PQylw9150k9Ela/TVXl3fS+m+m/w5N8AvC7ogg0S1ldm4+y6xATj2HXjryT244zVGb9mzQHVmTSdVhRCxZ4LqKYbj7L2AznBBzyOMg/c0vwT8Fb/ANxYSoSMB4ryWMjaPvAicKRgnbxyRjGRiqMnwb8LxINt7r1qxbLLFeSsAxyQM7yOAMEk5PXP3a2Wdup7sqcbdU2ruyjqnZ690tW1p0MFw/eSvVtKO10o/wAqezu9ddN/Sx8EXf7Nekoo8qbW4WJJVZrRpwjMvJLLxj5eBg4x361kn9nu0jiaM61d2yHeuJdPdSwYnHO35uvAAPOcdRn9Ap/hDpzIDbeJ9fSRn/1ZvApAHTIkVsEcjJODjgVFN8Kp7eJifFOvkDdtWRLecH1yxjJX2xgcknjp0LMsOuVOlyuys1zcunLdO+uzt03veyaCeQ1npzJper25bNvqlra19Hu7n5b+If2cLSDT72+TXWWW0glmjBs5EjfachCem8ggdBzzgDiub0b4A6peW1tcfaZUWeFpVZrXMe45xzk8Z6Meh4GScD9IfFfgS5sPD2ty3Wtai8cWnXkkcU8KLHcELuUnCEsc5J4GCOvFeC/Cbw9c6nKYZdb1zP2YPbQROhjjQu4ZSjIy7VO3rjHOBwMKOKwvPzRiuWSV24t66XvrzWd7pNbPayFLK67p+wck3eLTSe1kraJN6aq6j57nzBd/s+6/AN0N/ZyjbkId6E7iRgAgYIOdxwxznOclhzd98DPGFuBstrdwV3fu541zgEjrnGPckgY246V+oQ8BamIsNf6m55KB4IHDA8jcViLD3+bK96qz/D24mjVJbS0uGBDM0tvcRyYztIZkdU5xnhcZHJrpji8FKKVrPrKSlHX3Vpd9LXutLW66nC8ixMJcy5nazSunsk7/APAau76tdfyouPg14+th5o0h3Rs5ZZEcAngHgAdsKR14rLufhV46t/nfQb1lC8iNN5yT1BByc44BHA9TyP1evPhbG6bjottKxHEUOpPCQwwWwGk4zznIIGdvUA1Um+GbQbEk0DW442ZWkeDVopFUkhuFKkkcYI6kdyRilCrhbpe1u7rRJaq8UtW721ervo9lZDeXY61owauk22uislrvZvrtuktUfkpP4H8TWYJk0bUEbB+9bOyjkkggZBJ6/wAODnHQE57+FtZ3bpdMvQFCj5oJADj0xH1Hv0znpxX6x3XgG0RxbqfE9qdxDs8MVxGinoG+UkgYAAyQc7sg1tWvgnQ2hJm1e8DQkAR3OheYGwvGWCKRzncTkZPXg5fPg25WrtNWbT91K7Wl5NXs9NOvyOd5fmMVzcibbs1Zpq3K77676X6u+lz8fhod35gUWkyFQwPyuOgAOSVA4PO3AUfXpppo0sakiB0JI6gndwAdysCc8YyAB0wc9P1eu/h7oDlXbUNABkJybnSTC/4gkgEdBkcHgnvUo+Deg3JQNe+D5d4UgOoh69CeQV6EEDGPXmt40sK/hrR962+rabjZaO99N1+hxzw+ZJNSotro1zWXw623tZf01r+Res6RPHbs+zI8sMFOOuRk8DknHfHf0zVzw5YPJbIfuBWKsD1fg5J4JwM5KgHIxuzzn9QfGn7P3htNJv7lpvCUhW1kZxbX8ayxooJ3RZchn/hCYyCeGPG3yvQP2eY9W0u2n07S4EhmiKxywanCJZmU9NmSQWAzjb3Jap9lRjWU1OLvBpKOrWsd7J7/AC20vZkyw+OlhpQ5JKanFpaq6fK27t/P5O2lr/C2qaCZHEkKooOQ20Ek5OQSMnO05O4ghTkcDrzsugTiQIyH7xGCdvyjAXA9sHueR1IIA/R64/ZVunCsbfUYY8Y/cXsMzL/wAYL/ADc4DdB1A5rHn/ZQ1DeBDca2oViWzZtI0Z5XjGST83YEnGVGMVcsJCUVPVapWWl7qK5lqnbsrPZ303ijHH0vdcOZRundxdrKOrs09G1372tv+eR0ORN5bOR84U7R6feJbHHTHYZxzg1AdKlTO0EHoit19wRn3AyPToARn9ALz9lLV41bZql8HA2iKXSJWcnoDySwHPzcc87j8oB53/hlrxPN5oh1eP5MJ/pGnyx7fXJOWIXucjopAzisvqcG3Zyts7SWm1m0nb9Wa+3xau3SavHqrt25XbV6a2en431+H302dVEhU4ChmO1iATwQpIwACScAj7x5IwKhW2lX5WT7wABycMOWOc7iCRnGQBjoOQR9mX37NPjCPPk6hpU6Q5RtqlDuxkfKQSBgfNngHBwuOMCf9nTx6iqypp1wo+8qTKMgKuSBjpzz14wPpMsDbabbbXwrd+7pp0uvS3zu4YqsrqVLVLe1tNG7eV2l/M+lldHyotq6u4K7ssOCQCCTwB2IwDkDHPfsNWys5TK3ykMQCFAYtkgkAAcLkc7t2Dg8cZr6IP7PfxJUNIuhRXI2MwaCZWxtPU4HXAI6gZ/iHFU0+DHxHiMZ/wCEcuN7Od3lEk4HpgZyTj0J59aw+qct3fpFySbu30tprJ+rctG3bUt4itJL927c19rt/DtpfTp5vsjyeCweOGSS5Klwm5AwBJXOCARkBgRjHOMZPrXMqoXUJiMYVyuDngHAyenbOe+RzxX0DJ8K/HVuCk3hzUMxE7sIW3E9gB97ngDjvxnNeX3ngfxPZ6pPFdaNeQvkuBcR+XGAM/eYAAng9MEfTbmJ0+Xk95p3Vrpcv2U9GtFu3fqr9LG9FVHzNw0kk76tp+67aLe91fqvLU/oEu/jL8OtO8xr3xbpsZhwNtvNGxYc4PLFSM4JwOvQYyG5e9/ac+F9iGKaw10+35jbR7t+c4BwvOV7HPqMEgH8aobPxNqoMtnZ3s9rwjSrBKyKw5+eViy5B65OSMkYBqRPCPivzXE6TwsylgPM2/Lzj5QBkjBB34Gcjvx9VU8Qc2nFSp4eEG1bSLae2vntslb8W/Io8BZFSbjVnVrKL19+MH07Lz6buy1vp+quqftjeBbTc9pZXNwwJwJZFhDsOjYKA8decjOcA1xmpftxaTbRyrp2go8hGSHmXZlueoGApzjGQBjaecqfzvi8A6ncxIbq6jjYngSSFmBIAPyjgHbjsSc46EEdR4f8A6LLqJstXluHdFGxIRjz5OgBbBzxj1zwCBnB4KnGWfVfdVZ01O1lGNkm2u2zaVtdLJJa6L0cNwpw5R0WEjUcbNyqS5r6x62Sv010fY+j9c/bg8ZSvnSrKwtUByE2mbnjH3BtG0jkjvk8gfN5rrH7WfxY1l8xajNCuCCLS3KZDE99vAGBz0AHAGDTJfhPFbiKax0mJI3Uvuu5AWxn7wXI4AGckZz2wMnM1PwdFY2ckjXHksqnfHbxLtULyCGABx8u5uvHXgknzKud55iIt1cXX091rn5W0+V7XX49OzO+jgslwt4UsHh6abTvyJttW73u9Fpfum3ZHJSfE34qeI9TjhTV9W+0XsmI42maJS56BdpxtOeSoX+8ciodRtviAzyJqF7OJ9+2Vbi7kJDkgsQC2AMEYPoc9Bg0tESe28a+HIY7uRlk1O3jjd2wUVmAYlRznBGPQnGB0r6X8QaBp8N/qEk8/wBpYvu+bqjsoOFOQOCc5I6egrynUxmIhKTqVZTjJczcpJ291977J6arqzuliMFQUVyxgmla0Yra2qS3Wm973tsfKdxoHiBiz3WpRqI8FixDEDuRnk4A46ZJ9Oawb2wtUYi41mSSQMp2RIfmB4bLr9c44A64zkV9K6nbaHDZxwkWys/MjS7t2Om3JJznPIyeeg6V4P4ws9PF9HNYxxpGHVCsbJtdsAEhcEgDd06kHpkiuGftlLlq8ys0m3d72a6q7Ste7+R1wq0KsE4W+y22rNp8tunRdur77dFZ/Da0aws7zUb+6SG7TzYdiEgLtDAMo7nHqT/OqM/hbQLGDz1kvruTnajoFDhR2+UcEZGRgc8ZOc+3ahDHaeBNHuJIsgRQLxJkhnjHXB4CDPTrggAVytn4n0SCAW5to5pghQSyx+Y6uepJwVCnJwAcsuR0rTF040lBU483NBNt3Vr2d9XbS21no9NL3jDThU5lKVnGTilonZW11dn56P5njs1kkSR3UNnPbQGUKsjKMZB4+YqeRxu5P12qCfe7PQtEufh3a6rdQxR3sl55ZuZIw0soBx8ucggjoOe3AJrm/GGqpeeGLaK3gijEdwCZI0jjDMSSBtwCqjAySMn1xuFdRas0nwltG3xxzpfMQx4x0yw6jjggDOQB7ZeAoxqylGppyw59f5rx0vZXtq9r2tqrMzxFeNJR5ftTjFdG/VrRPSysney1Rxy29jHO8cNvalI1+QyQABePvA4Xk4OM8nAzwMVzur6q2nCGO2uLdDNIEcRxoBsYgbWxgjg8Y5GOCAKw5Hv1upG86URkgBi2Q49CARnCrlVz0Hb5jXO6oA15GZSzDzI3ychmwwwOuTyMYxhgRx6VOlSjaMG7J216Wtd6N3u1a++j2Y05SimpvmSTSu4xVrXbVtb22bfqz9MPhn4n1DS/gH498E6D4Y8VeLtZ8QT6TfS6vpMYks/D+lqgNzJdr5eEXJysh+UYYjJUGuP1TXvA+l+AbjRNd8CaonjG8mB0zX7/AFBIxLaoCUlmVQrPHkHG3rnB4GayfBvxj8R/Dfwvq/hvw3q8+lQ+M/DltZ6mbeNHaaBownleYyEIm0sGIZSDz/er558b6te6taWUE95d3dxYgQLLNKXMcb/cWNs8gKPl/wB4Asa5cTkmDqSlOc5yTlGdlNxXMuRWune1tUnfRrtcijjMXGKhyqMb2co68yTUVdO6UuXlad7aXd7sq+JviBqGqFbHy7GG2tYRCVhAPmrGMYJJ6jH3s5Yjk43Z9N8O6hey/CqWbLLCbyVXZQVEaAE7eeqgYGB2HbGF+YbuxlglJjIbKBd5YYyRySQQq5PIPA7EjAr6Y8DSW8/wons7y7SO0F1M07qpLIig/PwAAV/UYXIGDXdgYYKhTqQkpRtBpc0l/dS3S0aTtppvuaV1VqKL5ajk5p8yXM9422V2+vV2ettTyyz8T2dnE8kqxOylkaSb94zKDxtPO3HYHsSSTWrfeO9Lu9ONpGkWSqje6uyKQPlAB+QFTwRxzgY44uaf4Z+HdxZpLf8AiL7PD5jFxbQu1y4BOc53DBzxge4569Jf6T8BdP04Jp15r2q6hNC0aSsojjS4Yfu3k3LjardWXqCTnBBHnVHhEnN1aUbbc00nZNNWV/TbVq9u56OGwubVEoUKOIlGW6jCWmi1tvrp0V9LamnYaok3wrF4yrHFb37R7o1cDdkKhGMNknk4Pb254+w1O18oQq0lzdyOZcPO+2T5dysF3DAXurAbcZyRgV6L4Kv/AAhb+BrzQ9dtL+8Kaj5sNtaxs/lwMQGkDooUsoySpOW/hNddpdr8OtP1+wk034feLNf0G6gWO9aS2kjvkZlwzWshUIoznaCCdoz14rjr5vlWHipV8fg6Sik2qlaEWtd2m3rpZvt5XZ9LguB+MczcFhcizbEubVvZYKvUum4q8eWEk76K9009T468URyzzzXrvEriTyBGCcj5mH38hDgntzty3Pf2jQ7K6k8JaOgs3n3qGBjbCJkkFjtxtJHUkngAZ7V9b/FnUvD3j/4TWXwu+Gf7LkvhTU7PUku3+I18Gl1+9iXloZXVfK3Snhj0UZAAJOcfwT8Avi0vhvTrNfDFvYiK2aOZ7ufcxUluSo5DdWI6DAIwSM/K4/xH4LyyTli8/wAvhZXfLiYXTVnrHe66OyXbz/TuH/o1eLnEU40su4NzqTcVLnq4CvSpqLta8qlOMb633d/vR8vr4duwjzT6fMTuIVS5YNnocc8YOQSRzjhjXCavpkkGrqz2YhCvbgRjA5DqwC4zypBIbnaRyT0r9HNL/ZN+JeoqBLqkGnwuhDKhR1BIP3V5O7JH8WRng/drasf2E5Zp4p9b1y7nuTIvzLIvlhc58zBOWx1AwQxzyCMj4rMfpDeHmAs/7Xp1/ZSTvRbndrlsk0um+mj9GfruUfQI8eM2hBzyWjgIuzk8ZXhS5E7Xbu20lfZbq2h8QfF2K6Fr4UEUM6ytpMTuqNltoQfcGNxGT2UEdOMA1y3gS2vZNUUzwSQl7aQIZFd3JKnlRjHzZ5ORkDkfKDX7dS/sc/CWbTNHuNYm1DUtXs7KOGN7pwiEKo3LuBCbeCVz6d8AV0/hz4D/AAt8HxvLYaRp91IeD9sjWeTDr/A3zZHOBwB1x1IHwPEH0uuDsPipTwmDx2LqOnFqKjCnTfLGP2rtq9lfS73SufrHDP7M/jrGwhLOOJ8nwFJOMKtOjTq15w96PNrywhpsne2nrb8PPBfhXWrj4kaEINH1Zo49ajae5jsZmi2CRWMgYLtACnPpgbhwK+hviX8HPi54s8b6p/wjmkXc+lsYUtrvyzFE5CDIJcDJBGM+oHOa/Z3wb4N8J2l0JNP0/TllLMyIthGTGcYYAlQ3QHHOPwzXpq+FtMLlnV4nY5McFvtXk/3QMAFcAkD5e/PX8bzz6a2YKFWhkvDPJL2rUalepKejUEk+SKu1dN63bs+5+y5H+zo8O8nxUVxXxhmeYNRTnSy/D0cOlrFtc03Uk7W6atdT8J/D/wCx98cZoAuopHaxyEEJLKH3BlxjbuJGOpB+XtivoH4TfsO+KtD1b+19R1YrdzK6iGCF3UpKp3hj2IO5unTJJbnP64JpFhp5E7QweQi7jJd3ESKnruWQjC4zuJGVzg9q3YfG3g7R5Izfa74YsUSNpWIu7eRlRVyzHy2JGwckdeuATivy3G/Sl8XM8qOOWYKpRlzWj9VwVSbimkvimp3bvdXfRa6WP0aP0UvoycI0Y1cRl9fFzpK8qmaZhyxcklJ3gnTtdJPburXPzttf+CeGg6tK19qk+pTXdzN5kqgNHBIGO7gMCByRjIyeM8jB9p8Of8E8vhppscU15paSsoDSfawJtxBUAfIT0GDyCe3QV9H3f7UnwO0xbmO78cQ33khsJpVs9ygOCxAePPIyRgn7vQEfMPKdQ/bu+FCTXMeiaPrWutApKHzDbrM4bjbHICSWO7jjjHfmvmq/FH0j+Jq8nh1ntOFVNKVSlLD005JJSXNyJJXVne/k7HHUwP0a+GacY4fKOFKbozW8qeKryty7azu00r6vysztPDf7Hfwb0+ZZ18P2TvAB+7iskEO8DgHcp75OcMRjGCc19B6B8F/h/osEYsvC+jIykErJp8ErsVycFhFyAOABjk8cjB/OzRf2/vHfiPxhqHhrwt8Ky8clu82mx3cE0t4ZkbAklVMYhXcQshGGJG3JJ2+iXfxe/ba8U25tdB8G6d4euGiZkkmthbna6n5g8/ynAzjB7cjvXzeZ+E/jtm9aEc7z+tQ9tSU5KtmM3yxmlvGEm7rtp1T2d+mh4weFOBw1SWRYTBwpU5KmnhsBSp3cVraXs0ulk9Olny6n6L2fhbQ7OMy23hzTYROqlZmtra3wUC5w2xXUDsMdTyRg40JrnSNLha6l1DQ7XYhV/tF1DEUVGwFQlzhRg7jxngjqQfzLHgz9rzxholofFHjy30SZZtlxGmowQhizfNGFjdDgYIB6jg88E8JrP7OvjJ1mPi7412NtGkgM0UmtyG58tn3ScC4II4GSA3UkAkEVeC+i/n2YVKX9tcUVK0ZWbp0qeJrSUnKLvzStFvZPR9LabfNZh9ITIqFCc8JhEpXbjGpWo07x0SvZNp6Xsoqz+5fqDqnxi+GWhRodU8baDEZHOYI72NnyO6ASHOCCSQOcdMDNef6r+2D8DNJkkgPiMX0sPyGGxjlk3P22kErk5GMcA5HOCD+VHiP4b/CHQb61g1jx/d+I5lYBZNKneaAJGMMsjSM/zM2ATkAkZPK5qvDefA7SZI7iHwjqesz2zMUMlwY45B/eZRhiWznJAOBkg9v1DAfQ24acaUsY81xk5KMptJUoT0i2tU30ato736n5Zmv0o40VN4elgabTatKq5yjruuVpNpPd/E9ezP0H1f8A4KEfDWymlt9G0PXNSnVmMQcsikrgDIKkAMfTHfFeYaz/AMFDfGVzP9i8O/D14ZZ2VbV5o5ZpXZjhAUVQTu+T68jHAA+ddL+IXhawEv8AZHwv0sCQho7i+Te0eSOQ7A9OQOAeo+tub4o+KZ7iKSy0Lw9psYIEMsNnbl4Ix92TzNuQw454Y9hivu8B9ErgvBRUocP+1knHlWLxEmrpQ1dmrb69/wAD4LMfpQY6vKKhjFQpyUVJ4WlF6Npfa5nd+qfdanpXj/8Aaw/akfwdrmupoT6Fp1jCji6W0aOVNwxjbICxU8EEg468kV8+6d4+/aS8c6FHqlz48n02HUrdJUjudTER2OSxKhXVoSQWIBxg9cg5M/xR8a+L9b8Ea/aan4lmlhmt1V7KAhIJGGCGdlAXYAeBgcDI4Bz8weDdQmNgllc6jcTmMIQDd4iCL/By21SPzOTzniv2ThLwH4cyjDRvlGV0JxqLl9nh6VTljGMNHKrFydmm3tqnson5ZxR49Zrj8Wo4XH4v2Tgotup7Nc2l3aDbbffvp1ses33hvxdOzy+KPijLfGSR1eFdQup3jwPmAxKQzYPynPzDswFQDwL4JtYlubzX9U1GZ8MFZZNjMOOC+772TnjgnHUVz8moaRbNAZZYIirbjM1ym8DIJDbyck8jk+zE4qnffErwTpreXPqULSROWxHKk2CB/dUsFI4wM4PHA4NfpuE4GyLCJJU6FOK0tTpU6aUlyu3ux30Wut+itc/Nsd4j5zipP/aK84ydm51aknd2fWW+uq11s11S6O5sfCWnxl7DQLm9kmwqmQMQDjG5eBk569vUnNZSJqRCS6foS2uciNjGCsZBJLAhVIwCTkE5YkAYxnAX4wabqL+To2n63rc7jEEOnaTczl+oCqY4GBye6kBsbRgE56zRNB/aS8dhU8FfBT4laqrMPKFt4Yv4kYtwm+WSIKRkgsVXGPmP3s17EMoyTCcvvUvdsrykrq1tN4q/bZtP5P5mtxJmuIlLndaal0gpNu6XbbvrbueK/FHSW+3RaldW8CTPF5M7AYdnGNzEH5t3JUHI7Z46fWHxAn0u4+CvwYsNN1KSRbXT5muLeV5ConLHcETfgAHgnGMfxZAxv+Hv+Ccn7evxKmivNQ+FVp4atZmGbjxnrNnpXkowA5guCr7lByAOc5Gc19PaX/wSR+PN1Y6fbfE39or4ZeCtL0+2dIbK2mS9nso2+ZljkikK7lyw4JycEc4Fc2OxWTUZUp+2o2pPmVmr6q20W9F22176HJh6+Yz9tHlrpVlbmmpaptLW70v1fa2zPzKg0meZ5GEJhXIO9pQASuOQcqQvAH3sDB9qcw06yVTfXVpCIiSzz3UZAJ7bdx4OPTJ447V+ueif8Euv2VvDkY/4WN+1d4t8WTDd51n4VjaOJsE7xGx52kjaDk9Cc8V6foH7Kf8AwTW8EJ9mTwD4++Jd2SN8+v3twiTeXwpZVfaqscnIBLc4JPFcFbirKqUlGMoyvZ3i1Z7WS3b07rT56kMDi3q5civZqT1cXy22dm/Nu6as3bf8LL3xf4Nt1WRtagk+YKI7QPOWwMAAIrMx6cbgOcD+LG34ZbVvG+q6bbeD/BXjLXsXsEjy2vh/UHtYYI3+eZpBFsWJQu5nBC7QTwOn9DulXn7LfgiGOH4ffsneBbJbcAW1z4gtob5iychz56yEtkg9eeR6kdFP+0j4ztrS7s/D/hv4deC9Nl0+7s1t9B8MafC6RSQvGymeK2D5CNjcG+U/ganD8V1JYilHD4WU4+1hebaSs5JOyau3a93rr56mdfL6KpTdXERk3FrRK97RTV3JrR6Pbe3dL8Ntft/sdzftIpDRoY2WQbGhmg+SWM5Aw0bKd2TgkN7Z4+bVzdQF45QBFGRsViEJCc5wcnpjBxx3OatfE3Vrm6k8RSxSO8z6/qTzShCivLLMwZYiCBt3MNvXAHJY4J4izhay0aNJV3XDQPO5yem3jPXOO+eCPTgV/TuW141MLh5tpOdKEpbbtQsltrq9dNnufhecUHKvKMWvdqWu0+kklypfLX89l2vgvVrZorW3vWLQXWs21rfQwKS32a4mEcmABncA+c5x0xgDj9iPD37LP7JPhuy0rUH8MS63e3tla3xOpxz3H+kzRI8hPlttbDkhRjrwfb8T/BOn/btHe5aWSC5ub12gaM5YNE+5CM8qWZFAIz1J/hGPqG7/AG1P2ofCWlWHhrQfhr4Ot7PSrCCytvEusF57nUFRPLinl3sy79qn0IG0EDofzPxSybHcQ08tWBx9fCrDqarexnKDqKXK4qTi07rs7W1auz73gbGUsojiJV8NCqqypuMmk+WSerfm7K66dGfrnoml/C7w6Uj8NfDrRQqA+UB4aM7KVAK/O8Tdcj5iewA6k13Vr4y8R2q7NA8CXsJPEbW2nWdpEMHhhiKM7AcYw3Ax1r8Bdc/bD/bS1SJ2f4meF/B6yqwEGkafaBkBIOEaWNskDIJHIYdOOPD9Z+N/x111XPir9prxZM77xLbaZerZoMnLL/o3lsoGCFIP90cDmvxiPhVVxEoyxeKr1E3G7qVJyvdKytKy7776K3Q/TafGEaafsaajLl2irJWSta+79LvzSen9Kuo/Enx/ZxyzavHo+iFA+99V1iC1MaY6nM6quAc5CfKFG6vEPEH7QfhXTEnm1/4veBNMnhBZorXW49UmVU6qsEczF3zkbQpyQDn1/nKvfEuilzL4o+IXizXpXJMkmo+J9SmD7iPleP7SVO4ZyoXA9QOQ2z8cfCqAvHD5EpRC3muGllZlyCDJP5hwx+9noeflzmvQp+EuU0OWVWpaN1KSfLr8Oq1vfX3n2WmtzF8a4+q/Z04Lmei5t73jfbd2u9G1p6n7qap+3b8G9O2zx/ELxh4nmiDRtbaDot3bQuwxwJmjMbBtuFYAjaMg8muNv/8Ago/oKGX/AIR74Y+NdYfkR3Gua1DBbyEA7Q0GxXA4DEE59e1fjX4z+Kuh+FbDQrqyhZbfVbaS5iWCJUA2ZB3EAAqeBkZHU4Bya8Tv/wBom9nZktrcBW3YaSUE8ZxuAIAPH5Yz7evhvD3huKi4wjUaklq29VZWul0e6u3f0OHEcS538FSq6WkWrJtpvls1a7u00k392x+2+vf8FH/i7Ksv9heC/A/hZCP3VxctPfXabuhJMpUsGILYUdyNuefAvFv7a/7RvimUtP8AE5NKgcAG30Gzt7dUBOQA/ll1UHLfeORjpwB+RN38atauLhFRoV8xSDlmO0jcSfnJ4GB0wQehIxnA1D4ka5cOu+7faYm3bJPKjHOCAFILcfxZOMe+K+hw3DOQ4RWhgsOmnGPMqcXeyi1rK23ZfdoeVLNczxD/AHmLxDjKyShd6NR13stbLrpqkrafod4n+M3xO1r7W+r/ABU8WaoDgzeRq9xGMMTuUrDKuMdACCAevG7PBjU4L3w5f+KtZ1y9vLC3nFvcNfaleXEyOzFAZFlmblzwABg44JHzV5X8ALSfxL4a8b3063F2lvIkIvG3yLbswYnkhiFBOQfQH5iM1xGix614g0bxf4R0jTdY16/mu99jaadbTXDTG3uHBfYgIO05GB1GAeoz6HJgqamqNKjTjTUYvlUVZPlSvay0euvyRpHDV3GlUqSrVHVUrR95yulHt5+T1bseqJ42+Gtk6MXafKlstGjnOMjcNu4DnIOTnjr3nk+L3hKBW+y2RJRlVEWMLGSc7SCV+8Bx25/uggnkvDP7IH7QXiMWs6/Dm+0i1mRW+169NHpUQXAJ3m5YYXHzHJ4BOT3r1q0/Yp8R6esd345+KHw48JW7ybZ4/wC27S8ubcL13JDJktwQwxvbgDPUc08xy/D2vWp30tGC5pO/L9mKlbTa1unmztoZXj6sXy4ZxWjUqvu6PVP32k1be9rXep5NefHNxMw03SN8qKyo0jApv+YAMvIXP0JOQcAitew+IHijXfAni7WnW3sJdGmthaIEULO8zhXQvgD5dzEgjOMZznJ9Ll+CH7KvhO2uZ/FP7Qi69dxuPNtvD9jMQRuBdVlLFWwCVG3OM5PWu00P4j/sceEfCXinSdB0jxJ42sDLZz3VrqTJbtdzIyj9zI5AVP4sZPBzwdxrknmsqqSw2GxVT34+8qEopxvHmXNPlXw7W6WXY6aWXOk/9sxuCo+67RdaE33fNy3uvndXtvqfA2qeOPiBqU6Qfa7hkljTd9mQ/KxI3cKpOAcAsDyMkYOAKkfhb4neIriOHTtJ8TarIQM/ZrS5ZVYkcsSCMfMD6HOe1faup/tn/Cbw+0KfD/8AZ88IWQitxGk+ssL+ddqYDSY8xWcEA4wPmHHJ3DzfVf22vjfrknleEbLTNDEibEtvDvhuIuobbhVlFqWaRQcZ3AZycgmtY1M0qtRp4GUOay5qtSKd3az5YqWuibu+mm5w14ZXRvUqZiquvw0IN2as2lJ8qSX36Xvtav4Z/Zg+MXij4fFD4I1Oy1O01wT/AG3VSbaOW1dOExKwIVWJJIGB69x0Fh+xP4uMNxc+MvGngvwnEoVmiutXsZHGSCSIkk3AgAhhywbjBPJ5SPWP20fibCLSwtviZepfHJ2Wd1YW2eRwyhFCEEkkcHBI4Arc0z9in9rHxc0DavBBpS3LjfceIvE6RyhRw++GaUHPPIzwflJzgC6eT53OXLNqEZS5kqdGcrXcXKznLlXyir7rVK9PNMnhCDp4WpWcYrmnOokpN2vfl89Wua9lojufhj4Q+DXwX+JWg3mofGCw8TwXltqOn6xp+mxFrVYHt5EkiMgYxlWLkcdux61xj/En9kvwpquuy6Z8MbrxRqf9sXhhkvrgfY2iEzFSgzgqWIZSBwOvORXrHh7/AIJo+Lbaa31Hxj8XfBuhxxyNHcxWsMmp3EcTghzFJbs2HIOCxwCBgHJIPo2if8E8P2c9HeSTxL8S/GPii7knLNFoUBsLYQs245a43nJJwSDg9/lrqXDOJm2q1arGTSbi5KnfZWtFXs76JSfrZ6Yf24oNfV8LSWt0nFzSV4/zJrV3Vr36dT5Z1f8Abds9IsGsPAvwg8FeHkhB2XElla3F1ujwF2tIjMeOuMc9+pPld/8AtY/G34ia/bXSCGylsNNlgsotE0nEbNJgIgSCAbpQcFCThSCM8Yr9XNG/Zw/ZT8HM76P8JbjxRPEgWK98SXxuZN4ABmkjgcL8xySCDgHHpXp2kSeGNAsJNO8I/D3wb4bgjkDpMmk2ZljIJOxZ7qIyZBIyQ3TAwCcV3YbhbDU/elFufL9pubsraScm7Xb7Nb7PaK+a5hVlG9aNKErOUaahGKvZqPuq9073f37H4bQeCf2sPihqBvrjQviDfTXRWJ7u4t7qytiucRmVx5aBdhJLMfugL9fdPDP7DPx61O4V/Emt+G/CkDwgu+pa3Dd3QVwOXtFkMok2jBVSCDjnmv1A1nxbqG8xX2q3UMUoG6GymjgQLxwqWwT5Rzt+jZHSuLl16wE0skdvPLIBsWa4l3u2OPMZpAwJULg9cEDpgivcw/D+Gjb3IxlZXSaSaVk7JJedm7vfXvxvE1akm6mKlU105nK9rpdXbskvLbU+YfDP7Afh8pcJ4p+L8l5KWwYdC0+7+fPDIs8j7QecKTx6kivdfAX7Dv7PWh3Vvc3EPj7xJqMMoZXkvobWBXbdvZSY94R8jeCTnHpnPXWfiO/tpJGE22zuJAxjRYw6heflIAIYYGQSCSAewYbsfjPUYhGbXUJoo/nZmdgHYYPvnOM8YGDnk8V0TySk4KCppRkrSet7e75y02s9FZNPQujVp05KblOUo7JvRvR3V0traWafR62Tda/s3/s5+Hb+9urb4W6A9wLhpmfWLk3Uu/OSXBdk3sSM4xuOPlOdo7qyXwP4chX+xfDfhDSjGDiK00ezeS3XA5DyRM5I554ByDjIJHhuoa1eym5nmlllMsjyLIZiR6tv5wWIwOck8nIztrKTUnNvNcmRnZ0C/McFCem0HqR1BwRgng8EdWHwNKjTVHmSjFL3U1okkrtpX0vqt3s7WMZVqcqs5RpRTb5uZ3fvJxvfRP13u72vu/ov/hOAYJorXUZIowFMv2OKO1jUMSTsSMLjn24NZH/Ca26zyo99Pcny8h53kbygBncBk5bknAGeDhTznxJLx4bMSCQl3iLvtbI4Gc4HG4ZyQwyRgZyd1YratkRyPM5aQ7mIXack4AUHPvwemMDOa2o0KEZqN00tLba6N3bs32tr3a01meJna6tHTZXW1tfV31Vns77s9k1zxVcrNI+n6g8qPErMcBAnBwAOvB5zznoMda5yHxLqDbnlupHWQN8vmfLkjGcHhSRnt9Byc8lNdoFhXzCJFiJcYA+90Lf3s5Y88jg+woNqdvGqh50VYvmb+ENg9M85A3fNkk47nHO84xp1FCKjZW0vy66bPfWyas7K2gqeIqcqblsrWcmtE1ZNPr0Wt9NNrHqdtqs8sEAkkd1cv8zPvKIS2SBzhRxxweckZxUsepTKXCyMFIK7yQoC55yCMjB7jHU45HHkS+MLSGNcMWXlVVAQRycbQO3GM/n6VQfxm5MuCoAU8y7lCjAwd3IPHQkAeowaxnWpwbbXvJpXUm3ZJK+jtfd7W0vbY2jWpJR5p3btrF6vRXa2dr6adrvVWfoeualIr2SiVnV5+quMtnbkjPJ56DjOQOoqxLq0caI38anO6RwCdpJIwSTjGDg+nIOePnbWfFKST2Ba/hWNZi5nEoEcJB3AMAwLEEAk5PIBJGRh93470dYovOv3u33Mm+0O4EkEDkHAGTjaTyuBx38+pik0uVNuSSSvd6OLtt13fo9no7WMpRcnKqvh+GTS0XK9XdX20fVPW2h7hf8AinGYkuISdjMrKCBgkZZTx8q9BnOATntjg73xLMEAheV2ZmDMinHRshR0BLEncevAwQMV5VdfEe1tnYW+nhhgqstxIqHgZLMpyfpwdxwT0456Pxd4k1p2h0u1mlLbvJSwspZ3LFgoyyrtxyBlc9c46A8Xscfi5uOHw1eq29I06Up3fu9k7PRWV91v0XDjuJcowUW8Xj8Lh4x1k61enTikuXW8prR2b1e21keyW+oajO1u0qssYkMrLNIo3BTyx4BPrjjJbODyDqPrkrCYG+tbcMGZh5oD7cgAjJ4GCflYtkZ5wQK878PfC346eMmhh03wn4hYFiVmvYpLOCQkg8swUFAOOoxyQeMj2fQv2HPjhrTmXWrrR/DyTIPMNxd+a6qADkoHDJ7qcNyMkZr6DLeB+Msxb+rZHjeVu6lUpOjHWMVdyqcqt3aa1+R+ZZ747eGmRKf17i7KYzgmnSo4yFerzNJWVOg6km/JJL8befz+MtJtpil3rBuHVNgS3yw+YAdEJIz046dDnkjnLv4kaHYzsba3WeQqIw08x/1hAH3CxJ78ryCOmc19g6V+wZ4P0gLP45+Jdu8kUZaeKymjtFBHRA0jMxYrwccZyOCONWP4e/sbfDSRX1ibTNX1CEvuGo6ityxZDu5SOQqW4yFYHr0OCB9xhfB3iWdONXMsdlWVwfLzfWsZTU42a1fLeLas1a++rPx7MfpacFuvUw2Q5bxDxFWi2of2dlWInGbsrcs5xTkpO20bbbJn5+3fxNvb+4Nrp1pLPcEhUS1sZpGUseFXbGVYsdoOM4/EGul0fwr8avFvlJp3hDxHPHLJgST2k9rbJuIUOZGVSEHynJK5JGBjmvti9/a3/Zg8EI0PhLwRY6jeohA+xaNCEJUAIVlmjJzjALhjuPLAgivPNW/4KI+IXgNn4N+HlpaKoLQT37QqE29zHEq5GOFAABx1bIx2U+DPD7JWpZ9xjQxVSC/eYbLkptyja8faL2vXZ2SfV6M8Ct4v+OPFUHDg3wtxeX067/d43iGo8PCMW4qM3RfsXazu43b8jlvDf7F/xl1xi2vX2m+GomZJEeedrqRI3+blQ+Q2OOR8pxt7CvffDn7CPw906ESePfiHcXLxFJJktpYrGBVUgsVLkDHp64I7c/F/ij9rj4++LnnR/EVloVvcA7otKhUPHwAoUuhb3GP7vbHPimo+J/HniC4c+IfG/iK9DRneFu5kj+YAgFEZR0J47j0JAOj4r8IslcY5fkWMzWpDaeLmlTnZqzd5PTa1qfba+vBHw/8ApQ8WTf8AbXGeTcM4WbtKjldCpUrRjLV2lGMUmlpf23kz9fovBn7DXwzRG1S80XU7m3jJZr3Uo7qSR1OTvijfGdwb5SAe4PQVzWrftp/steA4/s/g3wxb6hIhfyvsWlxDa4+VVSWSFwV453buMnPJB/G+Xw8JJgZjezRMjBpppWndsjG0+aWKgkZLDB4PY4q/Z6HZJIqSXCQRLGdgVYzKHwcbiBuAB9gR2zzngxPjfUoKdLIOHcsy2HLaM3TjUmldWdkoxael+22t7ns4L6JUcznCvxxx3xNxDVk4upSWLqYWg3dXSSnUkotK2kk9d9Xf9DPE3/BSnxK0slt4J8DQ2sSjMM93jKgYK7kjCqABjA4x6nv82+Lf20/2jvFrSf8AFUnR7WTI8qwGwJu42LISSCOoOTjOeep+fZ7SNJQiSS7YwSGKqiuD0JcY+UknBY4HQAjJrPZWRis0jEDLBUVSgxjaeFIyeB19SF4NfDZh4rcYZgpJ5rUw8Zt+7hYRw8bXUtHCMX38935n65w/9GnwoyF050+FcHjK0eV/WMxnUx1RuKjdv6zUlG/pHWzttd9Pq3jD4k+Jy83iDxv4g1Ay8yodSnSNVbBYEJKBjPTHHIzjHOAdL0vehu2ku5Dh3ku7h5XJGC23czHk888+w6DIuL2SNkBcMm0gqnAJYtgt1YdRgtgKccnIrLe7EhDNuGCygFwCB7AZ45ONuCcg5BUg/F4rOczxs3PF4/EV5Sad6tec5N6buUne99dG9/U/Xsu4U4cyeEKWX5PgMJGFlGNDC0KSXw6pQhHpZ7vRux1TajpWnEolvZkM24ukQLZ5wAcdRkbhkA/ljJn8Wxrl4VcOrbAoCAKuccYX5V7nnHAHIzVRrDzYspulLnPyAHbnDADqe4UHg55+YZFVJ9HaNWZo2iDqrNLIwTDDk5Dc4PBBxwDk45ryqlSTb5pu6tJNvXXl1V2uqf8Anrr9JTpqEeWlThCO3uxS0ajZaad76arzuiG48U31wJEjh2/OGRTuHG71PJGACeOBgfTKS+1a4DkzlckghTt3ZxgcEDBDDBzyPvY5q4ZNOsi32nULVJTkhS6N8uwZGMY429c98jHSse+8VeHtPWUBnu32hgbdDjgjO0g8Z6ZOBkg54Ncc6yjNyTW0e938Kte7Wy2eztfm0NIxlZNycbNNK+9rX0V2r2d1pa6Xrq25nkBeTcSpAPzna3TcDngkZ4HccYqaSFlO8Egth1V8jIIAIxkHAzwACBjBxXlV98UpIUlj0vRWbByGlwBnGCVAySCOcZO0Zbtx5lrPxE8fX7eWkLW0TkiMQxnOMgZBwRjJGBjjqBjJHPKo23Z77Ju3bVdlfS78+7CThG0rtvZ2Wj20b+aSdt16I+lZxDbqxe4hj3cuzFEVOmFyTk5yevPHPAzXHan4v0azWSH+0rVXCFMI6sxIPOGBPupJ7DOMAY+cLpPF19IBe3N+/njeEEpVSOpGAQAvcgDuR83FZy+DNfuDgWrRuAf3kjs+7qS2WORkZ/u5GfxXO3GzlZLtr20W3T0bTSRm5z05Kbb93S+t9LaJJK616ee1n6zqHxPson8m1kkumKkKV6bs/MMcZZiMkj2P3cY5W7+JmvylVtLaO3XBAeUk44x83QA59+nI64rNtPh3q7RtJcSwWzqoMZAGWAIOQwzkn+v0zs2nw1Lt5l3fytGWBbYPlU7RwOO/TPPbIxWLnFNa7vz30SVtNOtlu/mEY4iTV1yqXbzcbX0Vu/l17GKvijXrpWe61VIOfuRkAHqSuR0XrxkYxgEZGM2bVI5gftNxPedSQrybCchQpUEAjHJweAcEE816BF8ONOjVSUmmjZmLMzHGO3ygjHPPQggY46nptN8IaVbgBbSNkVSdrJgjbkE7gcHPDDB2/gSBm5Rc9ZNXsvJ3trZXdtO7affRG0KE5Jc0ltH4tXvGzaVk79du+9jxeB5pTGlvaSSqSGBYEYXGMDAHtwSODuXnNdPp3hzVL9jI1ksKuQwdhtAJAIGG4xgHOSMHvkkn3jS/DenxI7x2yKpjDEsg4J42joQRkjHTP+8DXTW+kwwIPLTKuCxVuCDjouARx15UemcU4xjN9/Rp6e67pNdb/dKL16bSpOnFNvmtZW3S2W+uj1sna2lm3ocD4Q8CwLeW814FkkZg7RtHuRSoI59OvT6jqK/Rn4N+DtMg0YXMdusd3cEtEUjUhPLxtO4AFVxu6H5SCeBnHybpOnv5sTIo+XJbau0quCNpIBGAByvHA5OSa+5PhCCdJtUALyRpKQqgsq7gMh85JGRg/QkEnmvo8lhTU5ym0rLTmtrrHz7Xs9LW0T0R5WZybhTVKLu52SerekV5rTzdvKx9t/DeSOTRWsZWWNzDEqNHGN7bTnJcDO0Z5IYcd85x1nxT0y+1/wAMWVjbvPdTJbNbJI7MyBCM+XGo+VAB12qOBxzW/wDs9fDTXPFcVxftE9npqQhFuGUFSSTnaAOM8kE5xjpX1Z428GeEPAvhBdQ13UNPWCA7TNNcRJcJ93LR2+4SOxwSBuDkgd+mGKxOA+tVaNSNLmq07c01G9oyi1JN63WqvbVavofQ5bj8dTwlFXfJGL5oyk1JxTi01u9Oito+p8qfsGfDGDwV8bI/FmuyG1Wz0K6aFYsLLPMVDLCpwWLsRkqnbggYOf2A/Yl8ceG/EnjX4861fpe6XHdeOGsNNVHb7TKWCxGW4QfPlCMxgnABBOR0/E3xZ+2v8H/hibtPAOk3Gs+MtMgeCynlcWtqs8qlWuDDLzL5bFmXAcemO36E/wDBJnxfqPiT4c+M/G3iOWC61XxB4+ubqZyA7xo0gkWLgEKseQFKjgEcYHH+af0zeCaGSYHM+P44yniFi1k2VUsJBSlGlyY32tSdRprSUYtKMWveSbbTVv2XhTiejnGBnknspwrwhOcptJqSjyN2alz/ABKz2aunrfX8W/8AgpJ4W0/RP2wfina2NxLc2U+qi5immVVmlknCs3nN94gMxHJIIJbqMjmP2X9Otbbx1ekW6RtFoMkmQowzFemRznkYyBySdxxz67/wU6SGX9rzx7eQsvlyJBN5ZXB3fJuJIJ/BuxzgZzXin7POtNB4zuhlQ8mihGJ+UDjGAeoJGAee/wA2ASR+ocDYmrj/AA64ZnDntVybL5Wbb910KbW93ZJaNu/d7s8nE1I0M1rqaUZQrRXVttWV1fW70vfVNa33PIf22khl8QeB5Wgi/emdZd6qgYK6gkkgZCg5ABxkHBxXB/BG+8KaZfXr68+nwac8V3HItzGpVpWhIjklUKCyZxtBGQeV/vV0f7bGsRXeu+GNoO21uLmGAKRhgI1b/vnPO5vTnczZr4Li8ZXiTXtmVAgcncN2CSoGASQQACGJ+Y7hnNfsOHyerm/DcMuVWdNVaMU6kX70UnF3S3Wz9FpqfPVs2pZbm7xjhGo4zTUZJyUlypa3srN3+Xa9z9tf2QF+DV38WvD1hA+kah4jvp2GlSW1sgML/aWdosoMrKFIIkJA4556fAf/AAVC8FQ+F/2tfGiWqMyXltaXrbs7iWjRTgnqpYdT1OQBWn/wT31a/g/ac+G0kzW8dvLqEqozkfuy4AyDxz0OVwQQeemPU/8Agq5pMt5+1Hqs5dLtH0Wz5QZzuZU+8o+bcT0YDJ5OTjP4XlGExPCvjnRw1THYnEUKvCNRzhVnJqPs8RHl5YtySvZpWVt9dT9Ox1aPEfhzLEQw9GjUjm1OEVTilduENbp9nvt010Z+Z3hiK9lNr5SqE3R27lyNxVnyFQfeDPkADJLAjAGRX7u/B/8AZe/t34cWeu+LZtO8HaW2lWd1DZanDC2oapIAjJPbs/7zbLwcE8oTxnAr6O+Ev/BPX9k+w/ZM+H/xW8SpqB+Iup6Haa07XEjRwT6m8geOFYwyh0X5doPU4zk8U/XfDel6pDaNqmuarcQaTDp9vpWmQzj7LbQh41CAIACEA29fl4yvUV+WeLPjZhOJsfUyjhyWYYGplmLxFDGYx4Zy9pKlL2fLR5Z81nKMuaUrWjZ3s0fovhZ4c18vwdTMMwdGrCrCKpU5SlZS5IT5uWcE5KzSXKmm7vmtqfSv7W/wF8E6P/wTjnj07QNK0680/RrHUE1RLSBLi7L3COzCVUDkSZz97BB24BOK/kjOlTXuvWUNoihJb+zs1chQqmadICQOMbtxye/TkYr+1v8AbJSG6/4J8+IdOtS1xbWnhjQ4lmJG6M4gYwkZJB69McEEnOBX8b8WnvB4u0iH7MYEGs6TIoclQyLeRMeGwGDDJ3A/QdAPf+jtmmOp5DxNTxOLnXrxxU66lUleop1sLCpdqTet90kvO1z4LjzDTq4rDynC0VjcVRilGz5KeIUY335YxirJv9Efsp8ef2WdC/Z68D/Aa50eVribxt4Pt9X1aaQDzRc3cKTvGrKAWRGfam4kjBA3AZr5xS2KQx7ckozHBGMAE5/h655wAQTX6/8A/BRbSbcfCT9lG+TZuHgnRot8bKw2SadG4z1I68ZOQffgflHFaiJSVwytkEuSQcgnjGQOAfT73U9K/qf6OmcZhnvh1hsXmFWdbFRzTN6Up1NZuNLHVOWL3vaLUYrWy08j8i8R8NRw2ewdGChCeEw8uSKikuWCi1a+nMo7s5+4GUOSMrk5C7gRjocdCfT/AAwfIfE1u66ro7425nYCQbgclsgAZJI9yB2yfT3OSIFWdcHnZtwAQOQx5wCRxz7HHQZ8w8Rx28Wq6YSrN5d4BgglQGPQdPmI6HI5yMHbg/uUleS5l7yenXXTdO2m9vPToz4Wi5JWafRXTe3ut20V07NWdl5taluYTBLchWQGTYBhsswAAJPTORnnHPQYFd94ehmWNIpHIP8AHk8gHkYJHOeQe4wfx428BYWrFcA3blVUk45HUjPJye/Xrzg16Jo4WRo0JUHKhsZ3ElQRzjjj7w55x612YTWV0rO0ddtIpa+t1o9b83olhP1Tdlonq20reS3d3u2m09EjD+Jml2N54B12LUwiWKxI9zMTnbCDh2TofMKk/NhsN1Ffml8QrXwTYGxHgW/nvoZI3S6jul/1GFBDYXgD07YPfmv07+LloP8AhVHjZ4kffFphAwCcjOCeecHqR1HIyMYr8dVvbqwt5XCR3Tsx3x+V+8Ee4hdwUYQ45LYGDx/dz8JxcnPM8NNVnTdOlK1FtKFRNq3Mrq7W9+nVqx7mAw86mEn7KhKfv3lNRcuSyjtZrlXRO1mtLamtp+iatPAArPbwsGkknDnaxxnbg8nO48jGMcEmtuTTNRstKMksnmbQzIoO4qoJzIxBBU4zwc4wOcnnk5vHt3ZQ+QbMMcHy1f8A5ZZ6jAwAuRg7sjJ9hWPN4w1a8jEUCvHG6t5ygM/BB3KGYkBRz7lVIx3Hyv1DHVqntJqnGkmtV/K+XS2z0v1Ur9L6GMqUKbs04ytyu99E1HRxdk+901bzs752r6xdzSEq8yQxHZsZyAWJwwwSeee3PzdeM1lw3sizb5S7IDna5YHHQFQdwAXnkkjrmtyXTxIoeWQojRhmVgd+7g5wRnB6ZyeCM1n3NiioxcSg7AyZUjegPDNkcJ8p7Ln6DB9ijCjBqm1G+l7RV3KyV7b+lrdPVuSUYKVnrbRK+lkm7q6s7N3snq721Jra7s3uIvOdhFuCy4+YhWOCVGPmJ4JyDtHLcEVpT3elrfyRWjlrJApRiQWLNwcrtGVyDx/vYOeG4md84ABi244OAAuAA3rzyOOOD3xmv58jTKuQFxyw5KkgjuMHOeM855zgiulYNVG5Ncq2ioqyd9bvXpteyuteqtkmnaSutb3Servdat2T8te+qPQJZ4VOISX3rj5VA25BzjBxxg5zzwSeSAc86hFC6I4MjK2QORyGyBtyTjAODx0weMbechumjMhWR4yCVZiSQFxgAc884zgjp1HapJeymRdg3hON38Q6kZweFIPLH0wG5zWawHLp0aWrV0m3G6bv3SSulZ6pvdN1OWLtrtulpdpu23ktlyu9tVY9Og8XzTJ5Q3xkrtEaOMbVGMNk7VY5yQP73rkVfg161CBllYtGoRoySec7i/OSQCBjGegPJ5ry+3v9oY7EDZGSRlTnBYkAgr68n+EgAcVLHqKbn2RoEGAwxn5s9Px6ZHToABxWM8si5xcUorur3b0d3qn99k++iMpS5o+87e6u+38y1SvfS7vq35td8msvHva3YyIWdm3EquT0zjBG0EsOuCc9BitC3vNVuogxuS1oJAXiLYXB7YPzEAbS2DtPOc4rh7C+TcEGxY5BvfchwvA+YHHUc53HA7DtVy81FSGW3nKIEO7y2KryD91SOWOPm6/MSc5NYTy6XMowjF/C78qTS913u776beujHGCtGSkrPl0ulvy+ezvq/JrprS8T3aRX6xpJCSo5aPhQ2eV9cD05OTjPJqtY38ahpA6JtPzORg7yxyqngKcjHc9uCSBgXEgncvITuUbQTgZUk4JzknGSegzyeO8KoBEFVmO75gT8q5HZc5JGex4GSB0r1IYX93CEm2rNOzd38Gmyfy1tZPoPe789bbJXWm6et7b6eT1fXR+IJLu9Tc5dgfLjwMDCDOTjHPPPpng9xf1DUA7RybwrqAm1RgZA259dpxgEkfNyTk88JA3lygtkMAMlQSQef7q9eP4u2R/DxYlgvbsEwJMyw5LnDEAHOGJznoB8x5688ipWCoKpGWijs07LW0btt3v56bWHFczteTbsrNu8tVonqk1da911aOotdTDl1aRmTCq+TnYTgAKADySME4zheuOK2rCSxknRJFIMmQzjBJVWOT7E5U/Nz2xg15lC0sLiPLb3wW3HDHrjAAGSTndkHo2a6jTBcNMrq5Z8YZAecEjgK2OSCR0z0IxiorYKmlLkdnZ2sk9FZ73Td929W1ddLjTVOUU4tcrV3Jar4W/Raab6N3129Pt9MkuLrybWFrv7SVSFQN75ZQqjHYn5uMdDycA49H0z4S/EC7+eLw9qdzHFAZ22wSBIERchi2MYADEbvukAckV33wd8Hz2i6fqt9Zb/ALRcJLG8mZJI4xklkTqWHGOAC2M53E1+gGt+JtWTwifDvhC0NjfXdrGjak9sfPl80eWYgWViHkLYXoeD+PjxpYqrJxpUOelFc1Ws7qEYr3neTVrJJPr59n71OOXUsK62LxHs6krKlRi0pTcuXlik273uraXemnQ/LKbQbrTo2S9jKyAusxZSHiMZIKEYBJypJyQR1JAxWDJfbApkDqoykbMwDqvdtp4GOTg9CccZwPqn46/Bfxx8JtP0G98X6fNZ3Himx+32hmJKyxzHf5xcfIryHLFWO8EjtzXx5d3B8xkYlnjCglSTjac7cdN2RkYwdwyOOK4cDicPjYynh6sK0IznDnjKMoNwfK7OO7umrd+ulzmxcJYdRTpyipxhNKpGzlGcYuKasn8LvbdXfU6+G9S20x7iQBSV3RM5BdlUFgMg5BwOSAxJGVHQVhr4ikD+e7xlmYCJGX+D1BOOTywBwehBzweUutSeaSONt7QsMRAjkjOMbRkAcevOCOg5zryfAiWGFi8TArg4LOpOD3zjIxj16jk16dCheTTWraellvbb5Xstrq7umedq5bcqsmlunK9rNaXutbPybu7nsNlqP22KIalA7xTIREcnCqcgyE5JwMAjOc49uPKPErRNeSxWO6VFkYMeVD4B2s3YbRnjoeD1JrWW+1lYoBMxhjeLc0ZG0BF7gkAgHPQcn+7yateG0t9R8R2Ud2AthcXdrFdEAAPA0yG4AZvuM0IYZyM8EADFawpKjUlJRvFaJJWvblfRJX5v11SSM6sY2SV1ezu4rVPl6pJP10sr66WPP3sr1oEEUfmEMrEp8xT/AGWAJUDkcD6HPGKklrqjSbdk2EwxLLtRBnLbic4z39cDnkGv7aLH/gml/wAE8/2yf2CH+Kv7KdnH4Q+L/wAH/CySeIbaS+Vbnxd4nsbFZdS0vVLWeXfvu5gRZXMKiIFwCMjn8EvHH7EHjD4Hv4X1/wCP3gTU/A+meOlW80PTr4o8d7YRMftDRuigIXjAZQ5O4EFQSSa6swnLAYWOLqUXVoypwqRlR9/+VNWSdpXum5JJNtpu7McBBZjKcIc1OdOrOnUjVVneDTco6tShy6qSfrbS/wCcfgH4b+NPFdnNqFjpkt3pFkjvcXOMoDyRhipBGcgDnkYHSvcfAXw11m4i1SHVL1tIW6s5JoFtlL+aISVRplAIQKACwwSOfrX6E2+s/DzwvpM5+GtrpqaLaadHEdIaFw89wgYSPOXJViGBJJ/AYxnwptUXXrC9n0O1t9N1oPNJeSMR5KwyOw8uJTwsZ4BVRgehzmvzKtxHicdOpCGFq0IuorOajzKKcW3ZWvpts7dL6nrTwX1XSdRVLxTXLd3a5dFLTmXldaXufEPiXw5rvh7WFgtrW+uonXdNqSRyLazRD/lojHKbuw5xkfKPTpUs7fx/4P1PR7wCLxH4bjFxptxJHm4ubUli1u7DhwoOVAzjsR0r6aa4v7XTE8O67Z2t9a6jDLG925TbZtMP3csTjBwrnecMMc5BNfNc/h3V/AvjB3urr7TBJLB9nCA+Td2ruAFDghX/AHRAPJ6DIPOPdwOMVeHLO0KtOKlTlquZpQvZPulr5213v14Fq8k425laaaSS0itE23dJR773XY+e71brw3DHsE0EgJWSVQEZGCgYV1UHLADAx2H94mtLwR4+8QaHqlnfaHqM9vdxXPnb7iQuC+eCVclSV9OcnHPc+w/FP4daleXkl3boYtNuoUv4RHtcLI6jKHbjZjJAwxAAVeTivN/DXw9MczXV08qyQBXWNgFVyrZUEDgk56kdTwex9jFPBVsHNYiMKjnTScJqNm0lda9rN6XueDm+WYbEylh8RRhOnNJSp1IxalH3dHdtNNa23a16HWeKbLxjrc8vi7X76ee51SbzWnDArMgwQGVSNoLDqcYHbA59O/Z6+Juu/DLW7zWrmN73SoIppobFLhoWN/GwEDGThjGjYZgCcjgYHB7zwtHZ/wDCOtFqWkG6uTMIoY3y6mJk2qEGCEZTyCOBnOfTjJfBrand31vZwLbxWmZngi3CVYlUkh8HY2SoU+mMHk8/GzxWFxeFxGX4nCw+rpqEIqNk0mopxcorlaSurXe9icZwjlGZ5NUynE4SGIy+vRVKrhknGEoPlfI7pWvb4Vqk+qZz/wAQvGus/Fzxdf8AjTxvetd6nqEwhttrbxa2cZK29oo4+WOMBeeoB55VamgutO0hVjjtmlZkSIKgVdm4YMqqQfm75z27EmuYuNDXTxI7K6jzHKKUberqMqDngE44Jz6gYPFTSLqeS+WK8G8YygBYPgYCjk8E9uO44zye2jQmqNKOHSjRpwhCnFaRhFKN7a6t3sr+879TXL6GEyzD4fLMDShhsPhadPD4ejTSjCjTgoxjBRUYqyivd+a1PrmDQvh/4o+F2qRXHh5D42so0ksr+biSaBwXcyPwihRhQvQngY4NfIt14LaWVLqO1a2tDOsbMo3Zxw4G4Ajk9MdeB2z9O+AdITWdF1JbPVxBrwjzDYzFiskCkD7Oig/NI44AAI5wOMVtaN4Ui8U2954euni8M6hpRmnnu71fJhlliO4RrvAVHcAkA+vByc1nTxFfCzqJ1JOPOrQb+G7StB/y6s+2w2XTr4ehUjLlTT1TTvJcrs3pbZt3aXRO1jx3QvhzFcaZcyWUBMNtIrS3pRAIwylzHISCdzbTtA9yDkZMPiG3h1fwp5dlarbHT5o4fOkBJmZMgujKxwrHBI2lT2IFfTngeHQIdC8R6Q+tKJJoZURTGrLeXsJ2rJCwG3avOcc4yV9+ET/hHtB+1W1/af2jLIsbLCrK0ELs2WnCA8j+/k9MjuBXm1MfV9tUlKLvCScFrZq11dO910k0k7O66HS8vpUoxlOrB3TU9vdeji21rbS1tHrv38L0jwN40tLa31CDS7i4sLuIEXIRzCCSoLRjHyxqMbn+XJ4z2PWWNhcafeXNq96jXxiCEIQVy/CRx5IG/nAPTI7g17X4g8brNpjaFo121vHd2CwBI0WOO2jCqBHCowwZ2Kgbcljgg9x4Bp1jc6bePdXU++6YupEjbjCpI2uO7MeqnOVLEnqMqliKmJ5qlSlGm/sQtezsk276WlvfW+rbtY4qsMHRnFUpc/NZv3k0pJR0dra3/DpudGvh7ULIebLdOktu/mEtKQCjkMVQqTzxzkH5g3tXR2uoJI3mXMKvL5YcCRdybYwVGxuNr5HXOCTyOxyLmc6hMluJQUMKyTSFnxJtyeDkAdBkL7nBGTWTb6ji5FkjeXGqsryEEoy52/KxJwSB275yM100oTnGFlyyukrbtLk1WrSet3JuxzTrU4OTvyfCk9Omy1uk2+XXay87vnPFfh/TfElzH9tSWLLAiQgKoj3Eqqrg8gcnJOBkjk1yUHh7wtYakPK0lr0Ji0gTyHYTXEmFDjOQTuIJIA6ivofR7rQXt3nvLm1murZzHHbShWUxY+ZxtALSdMcMQAOADgW9IvPDr67ElrZ2aRwwy3C+ZEGZr3bw6gjKqGwQzAYxwMYFfXZVgsXiIxp882rJ25tW1ZapPZX26vey28/EZlhMOnVnOEForykmk48umr6t3fV7b7+XaF4X8B+HNUe38Y+F0iaeMXTXGdxh80BooxHgZGcNsI7fxZAr3DUfgh4F8X6LZ3/gzVjaX8lhNcXiyNGtuyAHZE68eW+3G3OeQSM15t4ls7nW9Rht/wCzrrVrm4QvLLEhLEpIxWNCBt2AAA88jB4yDWpa+HPiPD5Q0jw5q8EUsDRGGJZkgKjqGUAHcQcqQc7sfQ9GKyjFQqRcVVThupJuL1i5cyta9n5b6XOXD8S5G4KNWthVzNRV5xjLmbi+VXav5aa66vr5b43+A2t6R4RtJbK4WSZruRp7dpFaVo/mCmM5YFXJG1Qcg9eMA+E2/h/xjp4+zraXMQJeF5DuJKDICNxyRg8nkg/NlTmvvFfAXxkvLJEvvDeriDeotXmBEMY2jD7myzHrzjCqBhu9Z1h8EPjDqlz9mh8MXN5GZnZp2K+UJGHG1wAo2jHc84z94kZU4Wi4z9m5Xi5OOqi48u99Vst7aPbVGFfGZdKcZUsRFRaSSUk3py2sr3srpN6PddT4Dbwnq1/cJBcxyqtuzmVyceXkEjryTnPOeR/F1rrLTwdcW0H2uGzDqiqsjMq5fBwpAAAOeDwMdflGc19f6j+yT8c7toBo/h6WK7v5niuZZJoxFG2COc8KBjgnnGT1PHsvhT9hzxi2mw2fjPXLzS5IIvMcaeGuc4JMjSMoOFBBAG1QQuRjgV3UsTQi1GVWKairU03a9o2V15XTb0v00Pn8VmFCm2vrC0tG8Xfbl5U3Zq+ur2Wi6HwBaaB4mtwk8NrNboD50YJ/doW53McEZx91eg9Ohrf0rW9Sa8khvTNdzqwSVWUeT5ce0uoGNpztIJ2lcZGDzX6Aav8AsgKGgt9O8Z6zNpZjVb68mtJFWEqq5jUN8y4OVDDBJBA4NZ0n7G3h7To4528V65LEqm5urqK1baY/7ocj5CexIOcE5wDXLicYtKaUnGdopXbTVoq6eie10/XtZ+bRoYPE4tYlx56kHB8zUbttppxkrJq1rvXS9+p8HeJE0e4niliiTddffiii+eIR8E9M7uozgBiAcdq567lSymshZshBIAJTEoQH+7jhzuJJ7njgZr6w8dfA/wAAaQj/ANheNJbvXw4S1sZFMgZX4bznX5Q248jngH72cV8j+KvDmraHe3llfiUXNsQySNG0UUqMdyGFnHKkdGB5HQGuJU1GUabrqHNZqLkrtXXMlfe93srJPqff4bFQdJSUNYKNmuijaT/l3cdVa6VraWNmz8U21gl3C/lyxXsmHnlQM6NtbO0HkYJABHPUVx+oNJrLfZrKGW9IBRHAOUZmOFA5CrkYHJ4Ayc4I5JobraJ7iN5Qs6hI4zl3LNwuFIOTkfMRjOe2a/SG2/Y3+J/w9+D3hb40ajYltC8XW39qzWZtHaXTNIAG27lnJEbJIWAGB8mOR6cGZ4vB8P0o4mtW5Z1aijSi1dzqTtZJX1b6ta2d27o6K2fYjGUoYWU24RilyS0cUrO1tFZet7a3asfn1o/g7VZNUEE0T2wgmgkczkbn2yIdu05JyT06HBycdf1F+EP7Tfjv4ZePtIg8GzXK2eoaFY+HNWtIk2QTLFEsOdqhfmkGQGODk+vX4xv5rO813zNNiMTzqqxszbgWXhn+8wzn6kZ7HArrvBct5pvia3mvrsR2v2mH7RchgZreBHVpZEJGQwC8HqeNuBxXxXFCocS5bOOLoRq040240LOSlKKUk+VfDJuSs1b7jky7Oa2ArxlQn7JOpGLkveVlJNOSSTtK99VZK2629r+IXxg8QaH8Q/FGrjwyLW4upHnZCpDySTHf5plC9CSSQD6YHHHyz8TtX8a/F/UtK1C9tkVLWMxxQoOFTO4lif7wAOSc7uPTH118dfHXgPxzrujR+GbZYrLStJt7S71MKDNqFwEQPJcgctJuGGyehx3wfEpruOzgCxiLgFECqVlBI/2cENjB79eR0NePw3SpYPC4KtHCfVcTCjGEuZawULK27srJJye19C82z/ETrVaaq+1pyfO1F6N3TvoruKe1+ulu3zafhvrM8iQRIWuJZtrZUrgZICli23oTyTwAOcg16T4c+Hes+H9Q+1yTyQTwpGYol5j8yMKVJxhSoPQHI9fU+qaV4iRka1ubWNmVwsUgiKzM/HGcFn6DkE54A3bsm7PqL3c1wqLPbqE+RMOSuAM5btnAbAPHHOSBX1FfMsXXgqUuTkdtF7zko8ttNdJN+StZpd/BlmjSUurbvvzNLdLpa7v3uttbHkXiqXx2t5ti1G/Mlw4aZbWdlRwFGxHRWyucEDOARnPB44K60XxeWJ+yztLOxDswLEhsZwSMnHUlsncRg9c/SMLidDJcII1iVgQ6H59o4IflgTjBLEk5yc5quupw206v9jWS3lkWMGWQfKo2g7Vxuxk/eB59PTuwdRwppRoUpJ6OSVnJ2j37PS70erSels/7XTik7O/aXvauNrpvo/d5mr262ufMs3hvxO8gtfstzucIp3rhSQQSsYIJIOOgzgZJrWu/AfiaJoGmhePfbHauM+UOoBz90njPY5xyc19n6HoWr65DdazZ6daw6fZxhEnmQFQvIO0lcl84CkADIz1rAh8OalLd30d+bkh8tC/lFovLBJ2q3ZAe6n19cV0LHLm5G6UHFu6TikrWtrLlV29F12emyI5wpXV+W3uu7tayTVrtWbtbr1ufK1v4B12wSGWW3fzLogAlgUK5IbIwMblOVZvUDOQM3NV8DamlnFeyRSSeZEwMSqzBAqtwpGeccgdw2eckD7Nt9KshpbR6nFHJFujhgkjjZ5YlTk7xyAenYnnPINSRW2i3Ua2tsot4bVC+ZVL+cw4yQxyofgEHue4+UKljIxlzTlTdn0lFJp8ttObqtb32slqy1mj5W3NN2ty88Xq+Vd1q1q29NdLtn5/23hLU7qVLVLZ41VWJkYHKswIwwzxjIyOOPXovR6P8NdVubp7e6tJ4oETLzMM7lyTujGOTj7gABPPQE19mW8Onxy3mdMhGRlJBAQ0jADCdMYJUEY+8NrHIAIrz6tcafIrvbWxguGSLEiCMoqnouRu4IwvJBHQtznvp46FSLcHHr8LTSskrWWlna737bnmVM0al7sXJv3rXunZxdrJO+vlv22PBtI+GPh+1tGkuHuJZ0OyGF1KqwZj97JHzAHJU9Fx1yBXo2k/CvwrPAszIYpY0ZmjfiMvtzGEIxyAQeT7nvU/iPUUumfyHhV1YlooSFYkrgPv6ZBGMZBIIIIIxVbRJr9rSRZbmZYYyXnIJd0CnI6ZboCMk8DKgVFScZWcZ8rb2vaKfu3umnppf0tvozKePxc03GjNKV2rfDpyK+2iu9dUkla3U+mPgr+xrrXxkvru08OW2kWH9n2L6tqt/r19bWNmmnRKTK1sbhlEk2wMVRGJduNuDz4h498C6N4TuNQ07QtQsb+PSNVm0+a5RUVJJYJGjdt4JEkSuh2n+I8DOM12+jeKfEuqjS9O8N6l4iE1wDp0FrpL3Uct9uXaINkBVnR2IViQVAY9hx9//ALLfg/8AZy+GPiI2v7XvgDxLe+Ktd086jZaFd2Vzd6NbWZnH2aWeG1UXD316pUHkkb8sSeK+WzPO6GSP2uNxiqQqySpYekuaro489RRUm1CKtzXSsmrX2PsOFOFM54s9pSw1GrD2MJSqYiSlGko+7aEW7Jyk1ypXV91e1j8kHmheRLG4RFiKhma2UNuZRnccZKhmxx3AyMkYOzpniIafC9lBbqZmkLIqqysVQHb5pPyspwM5z1JI6Eftj/wUV/ZG+BPwy+FXhP8AaG+D3gfVPBVx471KK0g8KTiV9Jl065g823v7Xzt0ltJtKlo36HIH3cj8sfAvwI+J3xO0q41Hwh8NfEOrQ2yyyXurW+nXMVpBFCrCSQTPEN4UA7SpO5wFAFelhs+y3E4SOMhXiqMpK0ptJSbirR3jeVprdPfq7lS4JzenjFhVGVaTnJXWsU4z5JKUlommnvs9b9vk7V5NVvLmR3RVElw7SxxBtu3cQFyvzBsf+hHgVjXbahI5hW2KLEFYKzMGfgE5yQRgduRxjj5q/Rb4d/sP+M/GttFPfa3pXguGTUfsb3OtXsYulkMm1g1qxSSM4bCll54HUGvvu2/4JJfCbRdLsdZ8YfGCS71CaOK4ksbW4gt47jCBvLiLtho5GyCQTw2cACsa/G2S4SLSqyrunGN1Qg6lkuSNlK3K3eyVrpNLzv8AUUvCfO8QqTqKFJTUbOpUitLR3au9ba2Udrrqfzy3dneXKgtMttFIVAUDdgqM8AZYZ6YxgjJOBgmOw0O8uWAg0nU9SmJJAhsrl4S6kfdxGASMZ4PbJ4Nf00fCL9kP9kv4dapqOq+MNN0DVtSsw7WcWv6tb3FhDHyYXVfNCvOxALArjOcjvXuPiL4l/steDoLO3js/hlZ2loVydJsdNubwYwCCIo9xO0kZIJI4OAOPKreIbcorLMpx+PcrXfJOLSfLdqPLPRvZ21s+iPZp+DioR58fm2FwzVuZtxcdOVvWUoLvttqlZvX+U7S/B/j7XpGi07wfqstyX2R20Vncxyvhgo2whVLfMVDY4GecgEH2my/Yk/az8TwwalpXwr1WCxuVj2STxC2aRG2nJ8xVI4wWPuBgggV+8/jP9t/9kvwvMr6N4Xt76/eJoUudK8P28DIyDtL5JC7iPmIA7k4FfOfjP/gqkDp7af4R8IatELTMNnLJdwQx9Osiso+UdRjGRwc17WFzTjTM3FZfwxiIqUYtTqxnFXcop3c400tHra69bnHieF+DMojNY3iClUcbJxo1IaNNbKHPraztuulnZH5BeL/2Fv2lNAkK33h3y3WEzvZpdRM8YUAsWVRg8HnAJYggE/LnyfwJ8K/Gd54wu/DuvwXWiGyglR7m8gZYWlRSUiEjAbjIVwrEZyM8d/vrx7+3t8VfGEM8S2Oi6bNITuupJPPujEemSh+7jjjHdjwCG+Qte+I/iPxLfTX+ra8UuJ/3Ui2aLEGU5AyQAynORv5YFs5PU/o2ScN8Z4ymlmWDwuG5rNSU3zQd43uk5LTe19bJq7dj4TOZ8HU6kXluJxdblab918s7cujlLlutdNNttDd/Z98N/D7SfibqFp8ZruC08O2kl0lqZmEtlcSI45ljQ7ydpG0ocZ4wSDn1f4naj8C/DHje3134ZX01/Y6dqEV3NpcdoG0+5cFW2RiRGDQgAEg5BznHINfKRbSTIv2jzr+QOzF5GLsM8lmOSW3ZGSR82Ac4wK27e+jkR0trPO0hUVIlQoQSu7JUZIwM9+cAdq95+FlTFY5YyvmGIpwlRVKph6dRqk9EpOyvJN7vVWbe6WvpZbxysFlMMqweVYGpKnW9rDFVKPNiVqpJc61srN9Vb5n1j4+/ag0vxpqvhHU9F+H0YuvDUluCuq7GsZfKILRJAiqggYggRsCoznOOkv7QP7Ynxi+N3gF/hffaXomgeDH8jyrCwSKIHylCorKgCKi7SRsUN0BHFfJa2+teZuaQW0JDEZK8KTkYCgZ5HY8DHXBFSnToEkjkup7i6IB+UM3lhjwAOT7kj0656V14bwiyOhXoYqpCpWrYaSdKdWrN+zlzRldLmcdGuZe7a70t02xHiLxRiqOJwvPChQxEPZ1Ywo04Jx5YxkrqDesXrJdF5s8PuPhvdTM8PmwS3CjYiwxkgAchVOSSq4AyQRhedwHNBvhH4jAZ5GVEX51Un5kKnPCjnlQDx24z2r9CP2ZPhTpPxS8dX+m63cTWekaTZrdSJaR7ppA7YVVYAsB2fqdu3OQcD9evBX7OPwLt7qz0628Epqd08iR/ar+OWQSgqBJv3AqA3PIAycMOcmvzLxK8QeH+Asf/AGbOhi8Xi6MKc5RpwSpxjO3LzVZONtF0Wy2ta6yDhXH55QnX9tSw9NuSTk23K1tbPdJ3ettXvY/An4faC1pof2eYgkufOuFTI3rGCQCecnqc5GOOozVe4tFF+yxBXMJfc3QbhkA9VB3D72MZwcelfbn7SvgfT/AXxm8a6BpWlxaPpsVxA9lp0CbLe2hlhTLhVH8Rbdu4zyMkgV8hXVkYbgzhDKiuysy8AsScA4HIIORnkZGOvH1fDedUc7yrCZlSp+zhjKNKvTg7NxjVjCST5dG1rd21fyDEZX9QqSw0pc8qUuVy6t3Wumju1dOyeujvc5Q2gWUt181gQrHLeYHxgZP3cgDIzxjHU5murK6nntIwMKd7Iynqc4bPGcDBGD9Rwc1IY5JpZDkApKFjj3HO4HOR0zlcYzgrg4IJyvTG2MV1ZGUAAQltoyVAK5Jzwcnp/IEHFfQKNm76pdF1ejt1/G/ku3nuipSdtEnFNpNK948y1tbS7/Jdn6dBI6jdlUUrG5G75uAp3EckZHU8bfQYFa8wMNuwRhuLFNq9lLfeK45HGBkdOnBNMsQjRySBWABZghIJIDk5HHTBIHU4JzzkVcSMXCXYWVVVdshIPPbAHHJByMjnceQeSfOxVOUpKUFdpq2/dNbO97rReW72foU0o07RV7qya1taz0s72dtLd/vo3KSzWd1FGm0xx4AGdh+XJIHJLEA8dMYGag8DtdS6Nr0cZdltZ1ljiwFjiOTl8kADJyCCDyPYGtZJxtFsRmTy1xjAYliAC2772RkEe5+Udtv4e2NmknjOz1C6NrJJZO8CbcJIy/N82MgvkDGexIAxSrUZSwzVnzJQv6pxTXWyst+6uk9DPnUasbvd2d1vdKybv7t9fO93bV3gOtNbW6m5bdNImVGBnKgjado6EjrwuPTOa9S/ZJ1SK6+O3gmS6AaP/hJbWVoGICSLDKHwWcfKAVB5OeRtAGAfnDUbu4idwz7iI5BCQRkICwXPHynb13HKj6mr3wU8V3fhvxrZ6rCWa7t78PG2CdhJJOMDOcYPGR8pz83NfH59lzzHJMzwKfK8Rg69G/b2lPlUnZX2bfTXQ6MJj1hsxwlSSko060W0ldvlcWpN3b1u09evRaH9tuqT6TrOnarr9tc25uL/AE/S9PtLYS5jM4hVGV1LclWG1ckYC5yMjH4yftmXWrTftlfAvwrr12I5NMstPaCC0cAIt5EWWCMoMBmIGSv3icAkZFfa/wCxxr1x4++Ckes6tJLM1pr013cyO0jSyLCw2RpltyovHJYjIB+v50/toeJdMsv29/g7r12syQ6fceHZZ1mLtviR0VCclsR4IIBJ6cdcV/l74c8JUsp8UOM8PKUKtTLcJm9OnTveM7QvPki4v307KPK7atea/pTM8fUqZDl9WDko1ZYdqUpcripyp8sU9L26ar3Wlre54f8AHb4I/F3UPibrkGjeCNRkg1PxHs0q+8h55Z/kLlGJBbhCxBPQDPHAr9yv2ZNT0fwX4J+D2leI9TsoW0jwrJZeIbO8iJe1vY1KvG4OdgRz828ZzjGcmvm28/aQ8L6T8c/G+vXtld634etfs0WnWSEqNPvV06Tzby2U5VQHIJZhxgncc19K/sr+PPAfxl+E2o3cegWkd3Be6vf3OqanGry30DXbstjERhmUopVyhON2TgGubjzOMxz7J6eX4/Cxy7C5fiMI6GKlBxjW9rTvClLmVuapGErRe/K1odeXUcPg6U69RV8ROrTtWjh5Q9pH2iUbwTeijJRu1e6l5afmx/wVw1vw7dXHhJtE1GxmCQ3FylvZum1YJZh5U5wMKzDPygDgcAda/UD9kefwNb/s3/A2S68VWMV//YWnzTQGeFmjkUMTG6YY/XcMjPUda/CT/gqtcQ2vxcsjYGztNJPhy1nXS7Niy2w3BHQ5JIJAB8vrg/cxxX6/fsgeGPDcH7P3wM8RwW9s019ods1zJcRvLtUjDsEc7Bx04Gce4rxeOspp5Z4O8K1PYwxNOpj61Z88eVQVV/xIxV01G6tv7t7b3IoYinic9xdF1atKNOjRguWzrSsoxUZJXSetnq9U9Lb/AFf8SPjhpGqvrngnwmLjVde1OBtMsYkjYW8Uk8ZhMhm27AoOGByQoJJIxx+WPx9/Zt8UeEfgL8Yb/wAZXLNdrpE99a2FoBNbqZGeSRri4T5S3Py/MBnjOADX6seINV0PTdV0pvA/hGPUtQa6dbu4ezSKIyMBhvtRT92AScEEdcgkYr5j/ay/4TS/+BXxg/ti5tbO1Og3pGng+ZMMwkgCTkMoO3GOCRgAg4X8E8Ps8qZfxxlVGi40lic6y/maalKo6eKpcqTaTUIt6RSu9bydlf6SvSdPJ61KhTjSo1KNX2vtZxlXna8V7q+FWV/he+ux/IF4kEE1luEZAi0pIsOuCzDcoYKwHIAJ6nge6113wdtoZdJ2vGoBhu2VyoClljbj35wB3HAwOK5DWJUlspo3jLytFPBuxgZikcnp0ABwMZHphflPoPwnib+yEVAsaeXefw8giMlT0GR3HGe2Q1f9CmS1G8iwkr2UsHSb780oU7vyWyXTtbVH8SZkks3qxumliG7WejU4+iWujeq7n3v+wdrGmWfxjszdhVhitXjLbco7tIVCvjIbkZA4PHIGRX66/th38N1+zv8AFCW2aFY49Ft5IGI2MVVgzeWO44K5B68A5OG/B39l+51Cy+KOlJayTBLm8Cu6AEbUnJKgDqBwSQcnrknNfqx+1Trl1J+z58SbaeS4YxaLHHGT8gUM2SCPlUnGcZyR8ufb/N3xr4fp1PGDKsXz88sTiMJzWb91qqk11uk1ezs+yuf1twJVcuDVUco3w9OryQa3Xs1u9d3ZX0vrtofp5+w5+yTP8b/2dfhz42/4StNKjvvC9lGsIiM0hWJFiOWY4UgouNpDKOedw3dP+01+x5efBb4b6z4vHjY6nBAqwTW0sKoxF1+6wjFm45bkL/D25NfJH7EP7Vfjj4Yfs4/B7wvos07Wtz4TEik28kpLpKcJGyLuYkjgZz14O7FfR/xb+PfxO+LHw/1Dw74m0q5OlajB9tW7mtXgBis2aQ+UXALF9vOAfXIwQfns1j4b4XK8woQybMf9Z8NiK8Z5gq9V4ZYmOJ+OUVNpRs4pxcd7o8/BvxBqZ7h6zzTBLIatSnNYP2dP2v1ZwguS7gp3Te6lvqro+Rv2UPgL43+M9teW/hXS4rm30jVphdzTyeSuGlbaFyQrMeoUc7eWA5r9ANQ/Ye+JOk6de6rq+nRm006MSCNJoSdkILEqWBbIVc4zkj2wa8+/4JnfHP4Y/DbWPGnh3XdVksJ7/VIpLOKaNjGzyHaQZORlCRgOcnlvU1+znjj4ufD+/wDDGrW8WrR3RuLV38qGQEupj/h+fJHIPIPHrjj6Dhrw+4C4i4UzPPs24lq4DiGgq8oYGGOpU1enTUqN4SvOSqtXsmr6pWZ4nF/GnG2T8UUcqy7KFXyqUqEPrLw06qqe0UfaNVYPkXLqr9LJtaO/8mWk/C7VJv2x/GGjWlpcebJokckshhysESrlyVAO7lSAykZyQOlfYuv/AAkvvD2n2t1qKG6sbgKnyWhAT5uC7lNwJPcnPdTXqHwb864/4KL61fzWtnB4auvCKK09+kf2VU2BYzI/CqSeFLMOvQ5r9pPGupfBfStFjm8Y3HgtbK1WOYjzbNS204VzHyGXlvu5IBPQmvMyPw9q8a06uZvi+hlP9lYfDYOlRxc+SFRQhF+1c1VT5ZJ9E25Ky3sexn3H2I4dxmBy6OQ1cbLHUFiZyoU25KVXT2aioSTacdU2n163P85b9ubTGT9qTxAqKsMNuNOO1hjKKU4GAueR16buOxA+IfjwLQ+IvMgTEgtrIO0YwuNnDHHH3gT1xyOqnI/Xv/grlP8ADvW/22vGOpeCrrTrDwzPZ6dNbzaeAtrJJHGjSqiLgruZckEkE/dHevzG+IugaF4quVvbbxNoulPHp1unkXb7ZJ2RMZHPL5JwTt4ABIAXH+lXhrGOC4SyTCe2+sfV8vo0ViIKcqdZ0oxiqkHZNwnbmi73tJdWfy5xmp43PcdiY03RdbEe3lQqNQlSlU5JOMlHaUG+VrRK1tUfRP7N13eW/wAE47eJpGe48SW9ugAO/bc3CROFzzyrkcc49uR/SD8RtIs7zxR+xF4BK3CwQ+E/7cunBI2y6dYtGrFR0b58HoQSv0r+bj4B69o2g6J4P8Fw6vpus6xd+MtHc21k4ZriObUIQV2ZO1sEnDDPoWGAv7t/FP422T/tz/DTwnpl3Emm+A/hhY2U9vgn7DqOoWEbXMY4O1gxGSevIIx0/n3xTyHMZ4/P82owlTpYHJ8+xilyyu5SwapU5JuzbTba6X27L9g4Yx+GeWZDlzqQnVq4nB0nBSUuWpGrGVnZ7tNJq2mt11OS/aL/AGZPg/oej3nxAhtru38U694xs11GQ3rlLi2W6yF2bjhSASAcgHJGTX1pY/Dj4YX2i6Qtpq91asdMsle3g1B0ZVeBBIqkuozuBzgE8EE4JI+ev2j/ABANV0RLMSRTW8Op6fOGZSB5rTFjjPfJGe5OM5r2b4dWun6xfaBZ3SJGItPtRIwRwjYgUkblOMngnacjglgeB/m7xJnvEeP4TyJ47M8VWqYfMcbRp1K05TdKjzUYwpRvzW5Vayu7L0P6ey3K8NgcfiqtCjCmqtKg5KmlFznZ8zaS6t73176HOj4dweHLm4j8K+JNcayuNTeVUhu3kMJVcyjIPJwvzHDfTAXKWP2661K/D6rrBSCyvUJluXHmSfZpAEkXnJYg5A+mRmvV5Nbt9M+IHgvQdP8AD4urW51PU0uwgKxXmMBSxA6JjJByB07cfpz4X+Dfw51HwZaSJpmn219NYXN1qPl2O6SaaSCVlXzWUktGRhirY4IOTknmwMcbiZYX2NRYutLDwxtR1WoynyTpxtTapq+kndtp+67O6uebxBxBgcqVOWNp1IqvJ0oygoy5G4x5XLRNR1TbW7aSv0/nf/ZNs/AmseH9X8NeJ9VurG8HjrxPcQo5ZI3nE/7qInKHcS3zYPuOBivb/FHwT8aWXxp+GE/gfVls7g2+uSrqC/O0eniNS8EsDHzJUIwflI9iCDjnLD9n5PH/AIb8axaCyaTr9n8YtatNKvbB2tLxba3ulLDKHaSy5XO3BOR0ya9S8VJ8T/BPxB+E9vo2sWOoavp+k6tpEH9rI4dEjt41maaRSDNKxGCxyMg+tfVZhjqWI4kzCthczjTxVfCY5V8BiovkpxeCSc07ShKLV2rtu6urpnRFJ5bh6VOMZ0/dd72bSqJq+l49NW7ateTm8Tad8YLnV00DU9ftLyBL5Uub6LTpAIlDELGQT24JHRmDcjt+Xnxe8D+O3/bgOl6Vq0dl4jh8Ff2lFr8UDQtbQwx/fVCQACpAAz/Ec4C1+g/if47fGPSr3Urc+A9H1++273udPuGtnZ4ZG3MqSnG8kYDFd3fJODXxz4O8Q+Kfiv8Atv8A27xb8PvEWl3g8Bra6jpenI9ybTTlGDfXEsSlyrqW4B54681+geFNbMcmhn2aYmvlFSlHh7GyhDD1cM3JqFNQjWppuTT2kpRsuZJ6nyfGeEhOllUJUZ008dh72i4q20mpRWkkk2m0nfVN9Pffgz8Df2mvGP2e/wDFnxN1g+EIr6SFJrZ1DXM8jr5cEVuoDmJwVDtyoJw3ANfq/wDt76evg/8AYbufAkVzOkjeEbIStKQZXaNFeeTPXMgO9htCjkHpin2PxI+G3hHRtE8OadcRQ2WmRWrLDPZm3uZJ4QryRnI3FicozMS4CkEmvOv25fiXpPxE+AXjjV4YJYLax8OxWtpE6v5ZDYjkcdBhxypUYOckhjz+PUPEetmXEksNisNQhiMbmmBwmAp4TBwoYenTWJhLEVJ1acYqpNpRi3zO70SSOXHZFisXisirewqUstwVStXqV6sn78uWMad25XlzXbTWitv3/GnRP2HP+Fh+AfCfjKDxveWF83h+KWytZEZraDzEG+N13FSGzuJB5JOPRfib4ofs9+IvBMgkvb6LVhb2upWbXNwgCBkSQk2qEZyQOwzuzn7uK/oi+BNjFF8CfAqtAFjufDlnKWkTLMhiAXbgZC9T364Pv8PfEbwDZeNde8QWF/LL9isU1SWERxZUXAgkZFAJxwcliG6YIDAGv0Lw38XuK8NxfjMrx2Li8uw+ZVIUoypJOnTjilCMYyVmrK2t3ZXsj1M34dyvH5fXlGlFV1h2lKMvdlaEE7q7Tb1s1s+lz+Xj4Gq0H7RHg2MAMlv49gDggBCEuxknGACpHJzx3JBwfoT4+Xn2j4+6iSIx5nxO0lVEeGPlteQgAnIz0BxznACg5OPDvh7aHT/2nrOxi3yLZfEq4twVxvfGoNGgQd2PoFy2cEYxXrvxmtm/4aB1GzeGexnT4gaPI4uTtcbryIhtpO0HPzKMcsADwvy/624zFQxMaU1aTq8K1ayla7lzwg+z0Wnm7630P4twWHlRdaErKNPPoU+XVpWnFbJbWXR9NNmf0mftJ29hJ+xj4te3ghkK+F/Dcf2gRgOHS3gLq7AEkE855Bzk1+U37H0Mt14j+KamWFXHhK0uFWIBsCGx27VwMsW28kD+8F4wK/Rn9ov4q+ALL9lPxP4ZuNO1pNRTwhosKIqSqlzcpbxBruR8geUcEZHBBB5B5/Lv9hnX7W+174pX9oEsgfBLwRx3HIbbAyF034wWJJz970JGAP4e8McDjYcCcYVa9KpG3EVVx5tLxniKFuVN6u8dtFsnZtH9E5/XjDPslpxT/eYK+q1aVKS5tLvql0XZd/zCfUrhfG/xMZHO6TWtVXBUYLLqTnGOcjI+gPJGen2P8c4tf1nxl+zfFPC05PgmyeI5KQxxLFHwTgA7RweSM4yOCT8A+JdVex8beOHW5ALeINYaRI8fNuv3Ifg8gglhxwQQF55+/Pipo3jvx1qnwGh8AWur+IJ7TwDp6zSaVaTSRWdw0Me2C7mUfuAxJLFjhec57/25WyyrisXw3OkpSUMBXhNrZOpgqcI3Sulq/d2a/A/nqGIVLD57GV3N4ylKKi7Sly4hNxS3kuj10s7aux5f4gSfTte8PwSeSoh1TW/MYOAkaMzkcZOM4xk9iMk14zHe3iXmq/YbKe/uZL2ZbaC1UzvJ5m5OERS3zZxgc/iSa/SH4c/8E6/i18QLi38T/FLxDZ+DdIiMkhi83zLnyXy8nzBlWNiPl3OCGJ+Yk194fDD4I/swfA1IbLw94Vu/in41M6oJY4TqM0l0eAiOoeDazc5C7s5xgrk/cZPw3OjTp+3bk4wSl7tlpJTd5OyjF3tJ30031S+fxVSdepKUU6cZT5lf3pNqMFZJWSs7LWzurXufkv8AAf8AY8+LXxQm0ufWrG80Dw/JcCfbNE0N1NC8gch2dQLUbScPINpBYnvX7G/D34KfBT9nvSo7YRwa94qulRo9O0toL+4kmABBvbgh1hAc5cAqM5z3Nfb/AIN/Zg/aW+OluEi0Ow+DXgJ4EbY8KQajLbuABuVAtxkoR9w9TnGMV9l+Dv8AgmP8H/BWgx6j458bS3cwtJH1HW77UbfTrWGVY2kKrPcMrkE5V23YGcEcnP0P1jI8vcY1q8K0pSSWEwnvyvol7SsvcSbdmrt9brQyoYecVKapO+l69bmulHRuEHvZPT03dj81tBsvH3xLt20zUtau9O0OJkMXhbw0VswlseES9vIApJ24DDO4ZPLDBr7L+FH7OuvAWUfh7wOunWgSL/S9Qad2uJGIAmLOczs3JLFyATxtByM3xV8cP2T/AIOeHdL/ALFsJ/EPjvwn4lltYtA8DXUd+PFGlWbsi3ms6iS9ukXyqzfxNyc5Bz5P8SP+Cjvxp8Z6FfWnh++8K/A3wc4DWV28ltd+KprNEwIFlVBFE+3KjaqtuPBU5x5WO4gzTGqWEy/LFgKUJqMKju1Je7az0lJ2337J63Pfo4PL6VKnVnX+tVKi1VS0eV+6tru3ztbTpqfoF4q8B/Db4BaXH4n+OHjLSrGFwsiaZa3kUmoncu77PbaZCxuJH7Zxxk9O/wAafFD/AIKD+HvDkY034A+BxZWFyDGnibxTbNLJcE5UT29oxDxKuQ25gRyCxINfjZ45/ayt7y81Wa7n1H4j6zJ5kQ1XWr2a/ILEgzhJpJIomcklREF2rzwqgn4c8efHXxbfXtxc6p4ih0XTWLQpYQT7WghGf3MOcFdqttLLj2bJFZQw9aUoVMXWqy5nBzjO6s0kpWjdScZa2u1r0el+V46lGm4UYJXlJJxd5Rd0rSvy3i9tW7P7j9Ivj58f/HnxbZrHxj4/fxFa21yb46QkkNvp+mzMScQxIAxKdAFIO0Atg5A+YJRqM9s0tvNavDACXljuVVwhPyBtzYDYABLZ5xwCAK+YP2bfDvif9oj4v23w08Ewatqk2siW5vr6MzTS6fpcJzd6iFBLOI1IJXGWJXAXrX6tfCT9iSFfib8UPhX8UdP1jw7pPgvwKniawmvZns7zxY2JDFJE8koWxjnIyrzDDbcDrk45r4i5NwdRjSxsa0YcntFGjCc5WTivdUE05PmUuVLWN3srnjzwNbNHKarQp2ajJc+qT+ByW6j0vZ287s+KBqSgss+oT7gAQMiRDsyDh03qQcjBX5TgDk9bMWsi5Jg82QIhChkjDFg2QrdBkg9SMk49QK5j426L8PPAfiK18M6J4tt7iGe2ldIbS7e8vtPYyMgsr2dJWiklVvlZlwO2AeG8Uj1rw/ZXNnFL4i1OzkScQn5mbOW/1pGcFQOe/AA9q+0yfjTLM6weGxmGhWjQxFKFSEq0J05OM0m+aMlGUd1fZvseJiMqqYapKkq9OcotKThUUov4eu/XWzS3WzPpyS7ubdFMPnXJQMXWaEthSN2c9SDnBPzZOc46mtPq975TMwWJXVgD5DZ6Bcj068dR278+VaeLaS+mlTxVrc9jLC0lpcRFGSc4BLOoyURSSOcYAz3GadvrGkavqd/oUHirVYJNOgMtzNKEKyNyWED4AKrx8oPGcYx19xZnhuVOLag9dJK2jSelrvmut5aJ306+a8NUi5Rbs4tRavLdcuq1d011v10tZHoza1cLhUAc7GUYjZctz1PqOMZBwFxjFOj1+8hSMSQBT824+ST8g+Yg9SOPbbg7RuribTTrG7toZIvG2pxjf5UU0lsqpLMSV8pGACkr3w3Yg7TgV0kvgu+uIYjbeM5LjcCkq/ZjmNjx5Z7lyBk+p4+8AKzlm+Dp35qkoqy5eW8tPd6pSdtO6stlrqo4PETf7uDlor2aSi9Lp82z1tvqtdi7P4maWMKsOIhuwywHcSM5z1GDkdBx146VgT+I5QgjnVbVVV2z5fJU7sHJ6NzwfvAHqRRqfgZtKt9918TrKxDQ79t9AYHWQ9I1ViHaTPBCDjnGTg1z+hfCn4l+PtVhsvA4vvEdk5Cy6xPbPZaSsa58xjdTqEwvzcg5YYOSc06Oa4WrK0JSk2rNxjJXvy+620m7LZKztpct4LFU7KcFFuz0lF/y8rbWqtZ7O/my0mulyy20iTKVYl2XaQRnJ34A4H97OAxA6E1jT6re3FxHaWEV7ql5KQsVrp0DTDcSAA5RWUAE4bPcdQMgfWPhD9liz0RoLrx1rcniHUN0aJoeh7o7OSUsP3DSr/rSCCrbASRjGSwx+hvwY/ZI1HxQYLWz8LQeFdMmeJ4ILSy36rOhxt8yeRGkiBBBL7lUg55IpYvGUKFJVKlSlThZyTqSSWmuiVm209L3u973O3D4CpX5YpN2skkrxWkXdNatebvZ31Py7+GfwZ+J3iTWLSTV3t9GgYo1vpzQC4uljbaWklVVPllUJJ3DJOQPmr9Zvgz+xrp/iG4htLLwRqHjS+u7dFuNU1JWt9MimIAeSJVVAhQkj5+Mg+xH6y/BT9hvw14Oaxv9e061K7Ima0kVbi5uXYBt11O4fcGIyVjOQSo2jqPv7TvDWg+E9Nzp1ppWl2ltHteRRHaw28C/eMjjaGcD5mYnGR6Yr4TMeLIxThheapKMmlUlpC1lrFacyfySt6H0eEyWlGzrtSvoqcVtdK/M5J9ne2j6re/4da7/AMEr9YtfDl1rmjS6NYayI2ePQJIBPasmAxRJlIIkY5AzyCABxmvz+0q/1/4CeNtW0+01vX/h/wCNdEvhCtu7y/YLkRSD547W6YxtbyMoKsFKlSCCTzX9HPjz9qnwNpF7P4P8BW97478YkNHFaeH42vbOG4DbVa9vEV4VRH5ZTjAAJ4HHwP4r/YPu/wBoDxvq/wAUfjebqw1fUURodLsb+K1FrbxDcpklQqisqADa/wA46ZzweTLeLZUJyWbShXw84+5HlUqybkkoxhu42eremjtLZvbF8KyxVOM8Cvq1aLvF3aU1a9773vrpo300sT/B3/gqNrPgqGKy+OPhBvE1sbRjH4o8OiOK8dQv7t5rbawcgD946KACSAPTd8MftB/Ff9uLVtct/AvjLR/h18LbO+k0uOy06ZD41vXaTAa+i3ie3geMNmdUULtKkg9fxn/bG8D3P7P/AIosX8FeM4tY0GB7m3m0Yu13d6PHCxjRL2QMyNHIMlSAAB29fG/gT8fdf8F+L9N8beFLq50DxHp8rS3tnaOYrPXrBiPPglgDLG5aPcQ21nDBSp7D28bwtlvEOXVcdkTWHrVoOVJOL5OdKLacJXcJX0VrpatKx4mFzrGcPZpTwucQjXp05RU5P35qD5fei2+VuN+azWya1dkf0i+I/D/7O37L2jC48RqNT8XOV+163qE/23VJ5uXJRyXcBnBxgHPIOBnP52ftHf8ABS/U7zTjonwxZ9GtzHJZT3UyLJdTRrmMLbInzxAoc89M8jBr8/P2iPjL4w8Z+Jz4pk8SS3Hh7xLEtxbvOZzDpAVGF3pbLKzLHcxMXAYkMSTjFfG2q+OtKsbKefSohPIrymbV79v3aAkktGJOGKkfLtx684Wvhsv4DwWAcsVn1ZVsWm7UJycoxs0+VJ+9N3S6W3ulofaYvi7FYxexyiMqeHcY/wC0fbcbRu7RVoq+6S5lsz3fxP8AFTXPEt3Nq/iXVr8+ep8xLm6eS8nMh52xlvkjJPIUKBzjhSa8R8WfFnTtD02TFzDpkJZ1LPIHvJ8kkMAf3gBGc5GTu4zmvjb4g/tEvBPPpnh6STU9Vm3JLeOA8cZOQPKUA7UGeoHUjJznHi+ljWfGN55+t3s11KS88sPmExRRA7iGJIRScbSqqCB74Fe84yrKOGwFGNCjGMklFcspK8dUraLtsmtro8DnhT5q2Jqe3qycmpNtxveOibb97W1lrd9NT33xV8Z9R1e7jsPC8MtyZGIa8nJdC+TlowRwFzuPYAAknAI+dvFmuapPqC2B+06tr9zKWedt72tmpJyEQKVZj1X5dp644BO14x8b6fpemxaL4atLZr+HZBPcRAgxg8EK6kMWBGHI+9ghhjg+7/sEah8K9W/aJ8I3/wAfJntvh/BNLNqpFsZY7ie1QPFa3AdSTbzsSJCCGAJ6lazeGWHo4ipOhKrUox5+SF3UlFJRcIxuveulZLW/S52xTr1aVGNdUudw5ZWvCMGktU2rTvZxXMmm9bLQ8n8A+N/ifpWkXfh3T7vUfDOhT3qw61qVihivNRRyFkSWdAkiqACQisOCeCMZ/cL9mn9gX4NT/D7Qv2hvF8reI9LuXlnvIdf1GKDT4rW3h824luhOwkkug5b5CeeMcZJ+X/2p/Gv7N3iP4ha7pHwN0JPDXhi41kzLeABbe7e3wVNnC+WEchUYXBU9Tk4Fcp471v4keGf2eVgHj3Wtc0jUppro+EtOaSCw0SyVdkE10YWRGSYKAyrgEbTkjOfx/jLA47GrArLJ1clqY3FJYmMYclavCaUb1qlNObUdZNOSTvZ2P0fIFg8LGu8XVhmMKFJOnKqlU9jKCvKFOnzOKnra6UnzXabaOa/ad/aT8DaJ8RTf/CvRNOivfDE7ad4VS1tIf7KtIrd3jS9EO0pPMoUCKVgTkA7sGvzS8UeMvEXjzX7nWfFOo3ur6ze3krT3N3M8whWd2YwwqTiGFSflRAqqAMKAABlarqt/d3b3lzIslzNJ+7CDBWMkgKB2AJ5GOcE8ZIo0bTLqW1u5HObwzKwTILohbI6DknOMZyD2wa+1yLIcNlGGpxiva4hwUZVqt51ZyvGUoqTbaU3raPV972+LzrNq+aYqV/cw6k7UYLlgox5VBzS3mrJJu+nRLU9d+FPgnxD4o1M+HvC2kX2q3lxeRxJHZwNJLJJIwCooVcgbjljgBVIPQYr60h+FGv8AgRZrbxRbCx1q1maKTTXYM9spG7M4AJD88qehIxXon7F3iaH4JG58Y6hpiPrOo6LcroRnSN2s7hkcPqMu8HbIoB2DhuBtHUjN8S+N31+/1bxV4hvnuX1LVJ5ZDK37y6lZmIIyeYwfuqMDG7GCc1+28HZTSweFr47N6MqTlDmwrcuVacsk5QklpZxu73vor9PyPivMqtfGYbAZZUpyUZyhX918ya5JJQlzKKilNczs7tWvbfI1BptE0XUJ7VvPvZbESQKrbQGH3WYDgBWC4ztIA6E4Ned/CDxVM8Gp2+vzQwxS3txPeyw4E075bEUjLt3LnK45PQg9BXVaPq1l4lsNfvbmV7SxsIZIMNkEqrMwC88fLkYGO/GRzwPwo8CeM/ilrsvhD4WeGLrU5ptSl869kjZbO2jeQqby7uWGyGOMHeQzgYUnAO4DzIYWtmma1KeBw0q1SrUUaMKd5ykm4pWjGN7u7s7rR/M3xWb4Lh3Ko47MsbQwmEw1KVTEV69WNKlCMVGUpTcnZJe9G7a3aV27HqV78TruGKTTvDsMkAllNvCyqzTSKSRiKJV3s7E4U4Jztznkj6j+CH7E3jb4mWbfEP4u6vH8LfhlBGLzUPEHiKUWmoX9koWSVLSCco6GVAQhxg7gMDAqxFd/st/sKaQuo/EjWNN+Mfx32GeDw5ZSR3ej6DfFSUjnbc8W+FuG3AAbD7Z/ML9pb9vz4xftE6jcWep63e6Z4Rt2eHTfCOhzNaaVDGTiKGVINiShVxuByCOMHkV+kYfhbIOFaCx/F2OpTxigpU8owtSnVrpySlFYhxly0tbe423HVNJ3R/NOc+KHG3ifi55F4UZXiaGWe1dDFcYZtQnh8CoprnnllKajUxLtfkr2VN6cra1P01+N37d/wB/Zf0W8+Hn7KXh+y1PVYomsL34majAt3fXFzGhjknsHKkjLBmRkbaDtOfl4/Ej4jfFz4i/GLV7vxD408RanqbXEryub26llcxuSwEaMxSJMHO1VUgfxHGD5e7Ssi3esSefKHzChOY4gctyOBkcZLcnGSBXMav4kRLaSK1fdOQ8QkVtq4JHIwOdo4BOVA6Hg5+F4k48xucReWZXR/svKI2UMLQ932iSS5q9VWlUdtXdqL6JO6X6Z4d+CGScH1lxBntapxLxdiFz4nOc0br1ac5KMpQwkKnNHC01qoqnZtLV737Jr+CxgItZ9xRBPHAvJ8yNht8zuQ3Oc8H5snjj2DwV4+1TxHZLbSRQJdwXVpEcNmNYxhRwxKq7bTjaozyAOmfn7wPpzXGj63qE8rPdSRmC1DZcHALErk8YIA4xxgg5HNZr3xHo+hSR2T/ZLm5lMyTxDErx2+cEtgkHk4IPA5yQcD42lS0k202lu31dmuZXeqlJ+u/Y/a+eUeXlSUXG7itWr6Jf+TK2n2rW0P1T8X6npel/B/wASaYb22E13pRM0bTIGWVosldgJyzHAGASc+mCPxunu7i1vUltg8RDuvyud4yx+ZcBucYOATz0ORzWu/GXinV0lXUtc1KeNpAvlPO+xjGRhWRWwQBt7Dge5y1LkWkSTXSC5nYrJEWLAjnuO4wCcA9jyBwdbKnzyVrNxbvolsm00uqV2n30OeVeNRWdkoXSeisnJNXtpe7d/VadprzxdqcZ8nzJB5coZy+fnfOQXBAOccEgnDdMck0LrVpdZl3Xdw3nqeZxkIAMbVPtjPPP+12xrSeFte1YnVYtNl/s6VUkBiXeygqxDKFGSGA7dDk8V2fgHwjd3wvrSfw5dXMN0zRfapYijW47uCwGAxwQT2POOMc2IxuGw9KcnOF4pOUOZRfLdXvtayd9/TzxlUquXJFNqVleUWkktn0ers07a3u9bn0l8F/iX8HfCejacniDwxJeX8ccsWoX63OyVhIuIprbneroeTg59+1WtS8eH/hMYNY8KahdQWF5EkVgkd0U1CGKOTzI/MmUhjL0AwcELg4GM+R6f8BPFF+5mju7Ox0iOXIe4miDLCXG3KE7mCYPBOcEda9u8MfAz7OjM3ie0uL1ImfTlgKkqyjLKWJVQwwMHGVHfNfH5jnWVwTlDF80pXi1BSquHM478qatdW5m1Z7PXXopLFt3i3GKdN2Ulb3VFaxvZppO/95O9rs8y+Psep+KNcsvE1zqL6nqV5YxNqZmLT3AaJQqxsRy4VEHJyceoAr5UlEzSORGViVyWyCoIG4A4PPQYxgbecZyWH3+LLTvCOoLeazPbajPHDLa3FtI0crRgAqcg7lLMDlT8p9yOV4nxv4J+H/iHw3da3o0Mmna06SSRwx58u4lTL+X5Q4w3OQCOSQKjLuJFTlSw9WlVnQk4qnioxvDW1oyVk43va9n5m1SnOU5Sm0pO8nHm1aXK7Pe+7ejWt77a/FjysGXYJMH5iScYx1APAAIHY55xnmmPISoWQ+XkHbtJO4sxxkjBz1zkDA44zmpbljZv9mkwZRKyyo2cqykgrySTgjjnBHyg8cPto4Lid/PYRosZICDhT3B7D6Y6888V9xTfOlypSUo6ejs+j003vbRnHzSk2rauSVrcySai/e692mnbo30dUGVvLh2O2XCKynLYIXnn5SMk9B9c1Kok064lSRcyP8oRic5xgbfQ9OcYHQnPNe9/Azwl8O/E+t31n4+8Qz+HrCDTru6sLmKPzBcXqRMY4WfawVSwGOedwzkDjxvW7WAazeW1nK1ykF5dLazyZDy2ySsIJGORnK7cY7EYIAxUOrF1JU+Vpwim24tJ81tE2ve01eumzfVdMsJbD06/PBqcmowi/eS926cU1vq7tPW9titYSGa4CzKVkXYYyvV2B3AE7SSfmI5GOAADxXoGkMkoaNmaC4gkEkiqCA+GyAw+77YKnOCD1zVTRPDl6xGoT2okjkhZk2r02gjcXIChl24UEgk5wARgvuLNvlminEbSScxqTkAY5HU7j0OSc8Y4PPkYirTrSlTjLm5bJ6pcrstGlond+Sb11Rz+wnTUHLbe1rJqyaej916tNve2t3o/SVluFdJLAQeYVV5fLXYURBnDgEKSdvzL0B4HWl1WCw1Rbe6vYz9s37kKqjrvXsMAlckDcDjcODnBrz+yu720uliSV5pWCnzCWAI3ZKMpwQMZB9wNxZVwNLUddltlViimQyY+RsCIgbWYqQxV1YDhl29x0yfMdCXtI8m3WSbdtY9eu7dvJO2lyZyaTum02rpu62Tv0s+9nqrnRW2vJHdmzmt3ikiGLbcx8pWXo/fC4ySB0yOwJr0HwxfDWJI7a4kdUkLx3L27ZMh+4CVycR7clmHXGVA6D5/l1u4W5ieRYjAZVYTSYBbIyQe7LxkYGA3GcZNd3p/ia3t2QaflJdyvLcIwA2k4YEd9oYjCgA8k9cVx4/AVJU1KMFGo/t3V0/d1V9/hT28nd6k0aqTs2vRpXekdNLpp73V997HYv4Pm0zXLqSGYf2d5nyGSQssm35hGVGSAeFJJBGCMnGa9ll+D3xD17w/HrkukzaT4SfTZLz+0pcyW8i25XeGBYGJX4CkjGGHPSvD4NWuTMLqO5Z4JWLtJKwZQNo8wBeQpbnBwByenQei6Z8SNf1VNO8Nr4m1ltJuQdKh0VZ5THNHOwCwLAW2sZHwANpA3Zrx5wx9Sph+XllKnZSnKLbbvBXjtFyb6u62PVw0Kcly1Ita3S5rKV2rNPS70Wz32V7W8W8Q+DZUvkn0+0udTsXgRprmyillt4JFbaIpGQMiOxIXa7KSTx0C1NqXwa8V3uiSeIYtH1GLR0mt4bi8Szmlt7eZ8fubqVImSGTJyFfB6E8c1/QZf/Akfsk/sMSXXxP8ACvhm9b4i6npXiSa8uoYm1mwsruE3Gk2Npc8TGVo9r3kcO3yyNj8819K/sjf8FSf+Cd/wm/Z1tvht8YPhHpevape6lc3Hi3TLbQYLy01ez8tlgaK8uIJJobvYQm9ZE2s3OCMV+iY/AZrl+U5djcNTpYmpi4xlKk5uDp02ruUnFSm2+llbVXep40MbhcTicbQ5a8Fharpt04J80vccpQvKL5Y8zSd9X6n8ket+CrXRY1kjvAXQRC8QqfMjLYJBB6gdBzyOOSKZa+MdV0e2nttG1K7tNNuo/IvIITsS4Q7QVcYAIYgZwevv1+sfjlrnwx+Mvxr+I+p/CbQZPBXw28SeI9T1PwhosymS703TXkY2liWHJChgir1VWwDlRXzLc/DTX4J57KaxuoltbgoqFQS6M3DdBt3DB5UDBA75qsvxNZwVSvzYbEShFTpxmny8yTcHJPVapPVcy/FYnBzmlKjTdSjeNny2kmuV6puVk11vrc0/BWo3dze21zcXck1i9yitZs7eXIz8bhEp2llwDk8buckEV/Sn4M/4Ka/Cf4Rfsu+E/wBmfw3otwk2p+Friz8carqC7YNOvbtUMs1jFGE82eYjlpd+3GM5Ffz+fDz4T6tulieM2EzlZoJ5FBCIAGU424BbkLyCGJz0Kj6b1H9mz4geKtO0268PWNzrfmCCCe4sbGa5RWcgItxcIhXe5+VRnGRk8dfjOMOHMo4glhv7UxE6UML7WUFGagpTqwdObk2ne0b90r6aPX7DhXF5tk8o18Hh4zqKtQqx5oSly1cPVjOm7Jp6TUGotct2mrbH1/4o/ax+F/je/wDCHguxt7/TfD+yzi8SaigRZ9Re2djGU2oCiYzkPnjOCOM/un+xR8RLrxN4H1qbQPDmpXXgLR3t7GTxLcOILCx0u3UCR4LoqqtcIg3OisMckA4AP8/vwo/4J0ftCeJvFOhW1n4OvGtgkUmoXOoWb2FrbWoMbXAaWZQGk8osU5DHIA5Jx/YF8PND0j4Zfsw+HvgN4L+E9tcXV5pclpeRXN3DZW97PJatHcatdXBCsQs7EojMCwUHvX8leKOQ8IYLD4XJMqxsZTpzliKlpTryjKNlFSdJ2Uqkm/ebVorZpH9U5Bx9xnmjliuIIutOt7HDU6U5xoOFJqKlUjzNtxhGKdoxblJrXc+bfiJ/wVE/Zg+H8d58N/DviPU11C2k+w39zpt01xaPNEMTObmM7XlVgQydf4eCOf5y/wDgpd408V/tStB8YPCmi6jqvw68MWX9kLrMds4ggKM4LXE4QIZd2WfnjOGHWveviZ/wRy/axvvF2o6rp3hiz8291e91qwS01+1Fimm3F48v+kSbjmWKKQhUYgkehPP7+fBf9jHw18Lf2S9c8A/EvwzoeseGIvh/qOoarpkyx3V1N4ilsZHuboNDgy+RIuVA6YG4nNY8LZdwxwtnGT5nlOPlnGbQpQhiqMqlqOEpOEHXqKMYLkd3yxUm22no22xY/H18TledZZVwMMJgswqKnTxNJ+2xOKqOonB1ZSknyQtzSvbZdz/Og1CG4jka2MbeZvyVOSQOSrkAfTHbjkccZVh4V1/VUub3StPmvrWy3G7mjRpEgJyPmPQE9gCT0zxyfon4zaHpsPxQ8aWOh6fNaaTaeI9TgtnXMRt7OO9miijVG6KiKoU5wAOSQOf1V0lPgh8RP+CdPh7wd8OPh5LoHxk+HHiu3vviF41ttKuIpvFNjeT+WkMmpNiCVY4yA0OcFdpAPNf2jXzaeFyzC4ylRU1WlhouL5k4wrOCc/di37qabcrJPe2x/MOB4dpZjnGNwGIxXsfYKv7Od4/vKlFOUYLmlFOMnFLS+skknql/PTqtpJYzSIY5VnVwCHUrtyAfu8Eg4wO+frXPTloy0hwDwVJ3FgTngnnn6MDnIwMV7f8AF6yew8Za0kcTJFDIse2WJlYHAVicgDGc4HfbuGRnPj91FH5THacvsQHJGJCQAFU5LAk9eTnkA5r6LD1lVpxqPl96KdnZrZO976/Pt5afFY7DKhiKlK6bhNxSiraxdk01bfqt77PYrWltHdHy0VzNKFxgHLMWOCSRnjq2PxIGQfrj4DeENES6mu7/AFCSz1dnS2tEKloPnyHkDsCA6Ag5DdQDnJIqr8Lf2dtR1MaLr/iDWbTS47lhd21k7KzS2wG5DJggjewA8tuc5IAxmvszR7Cx0S8sdPj0HTrq4+0I8F55UaySqvCvsVcrGCOSRz8x6HNfHZ/xJho+0wmEUq01pOVO6jGSabSel1/M0+7dgoUJQcZyaUlrHo7NRv8AC7bXu2nbq+3kkPgrxIPHt/aaRZJrcV2sW3WJ4dsETw4ZdoYBQVIAIyQxAIwSa6LXv2a9T8R+ILfVtW8SwrdrFG01rGojeGUgFVt4wVVQhBLZU9PY19W22m6nBatfWSx77m5R5rSCIL5bKwPLgYVSOMjAYYPOc1u6VotpfW99rmqL9k1GGbBQ72hSBRh38zdgHH4Y5yeK+NqcUYnljGlNQ9nFQcl78rrvu7tLZtL8LdNVrlS5pOLabV9L33S1tZK7i2nrdaanzY/7O+lWc1mLzWJdc1N2jeG2WQfZ3jVNpLnOxGU8E7eduQACcP8AEX7OvgO20y5u54LlbmRHMlukYCx3OcOYHUAv8vUZOccrjFfRF9Fp9yGu9NeSWO1iVrRYnCfvlYCR5JD8+wsRgg4BB681RsfEa6lNGl5faaXtnCLZysrAsFBl3u2QxU5Oc8MB6DHPHPMfNqf1momrXirpS+GSWurt3T83ZJHFOWrSTtbom01ZbX3Wqbavq1prY+W/DvwP+HelpIi6RJfzX1t/o8N6GZ7eQbS8oY8ISwXlhnJxnufJ/HHwdsNYbUrbwTpcenajZ7TPGZMCRlKiQrjAOfYgf3ctwPq3xPewwawIbYS2VlcyuZNQgYOWLHJ8sKW24JC4Gdo4JyCa801SW40ZL6S11NLh72UJC5C/agWzzMwAIDcg8AAgn2HpYLOMwdWNT29SpJrmUHdqOkbxadk77aLRbLRkX16qyu9NkkrLW2uvRW1fY/PyXw1quj6vd6NqsEkbwEmYqMoh6kxnkZJPZjkH/gVW/wC2jaxSWloYoymIZSBhhEM/fJI3Njqo+5nsTivq/WbG18RiZLiytHvrOICW6QhHZyNyu7HDOT77v4uQCQPJ9T+HOiQXq+a07LOGa62MN0O7nGehBznOOi8cGvvMJmVOvTg69NxldNpc1nezT6rW6W2mi30JckpJa6LV7Wu7va+uuqtornhk9xYzXSlAsrBv3kZ+VDknc2Sfm5Bb8CfSpxaWxZZozlcs7q6cHaPugg4xnnHOeQQM10ereB9Psr1Uiuz9klZ1URjMoCk7DJjO3ByAQQcDp1oWw0lpoYIp5mW2+R1+bbNID827BG5X27Sw6d2+6a9WnUgopwv0sm9EtPy2+Hsr66awpc6StFK6as91dbdXfSz5rdlrcq6elvDNJJChlSaI72CYWLkngA53dDjPIGexrpYFvVu7W4WcujKu52f5VUeqryCMcAgkH6Vb8K+GrjxTr8eg6SzwzahKkMUAQmU5Gx5FRRl0jBJVQM4J69a2fGfg1/A+tR6ZNfyXUVhcCCa8SORYpZBhnjKngOjZDgnIAwwJOawko1JpN6vXRpdUm1fm382tHpbRnTKmoQuo3cdXZ8r3jqtW2r73d7b7H0H8GvAXibxnqo2Qm50m6jlW4hUMkk9tbLvcgIM+XjhmPy4yDnBNfUXwN/ZTv/HPivV9W8S6lofw08D/AGTXJ7LxB4jCG1nvNOj2x2loCyh7gkDaBkgttIBr9Zf+CPOrfAr4a/s2fFL45fFnQ/AvjG6i0XxF4csNB1m8srbVdND24hs57a0uyZJJLtpMiaMZjKbs8mvin/god8QtI8DeCvh14V8H+B9e8H+HNV0S98U23iJw82iatqGuTSzPa6fdMhiuY7WOROYTgHrjBFfd8OZJlOMynNVmUMVQnGjKWFxMJQUZ1XFOKSabVnqrPSzezufm3E2aZtSzfKqeTRjiITxUaONjNy5aNGnF1alRq6bdlCnFRkklK977fYf7Lf8AwT/+DVz4f8HXc95p/jLxzqmry3ep22nLDZJLotrcma3vYjI5dvOUAuYyu3GQRwW/Ym+/ZW+CPhTVX+ItlY3uieJNU0yz0MFbhp4NPsLNVjkZXdiw3qhVyzHAA6grj+MH9l39sDxV8A/iT4R8b22t+JPEUxubfS7jRrvUZzpo0+8mWKdIoy5WNgrgoqDC4BKkYI/qb+PX7RN1D8HfCssN7cWlz4u02GeBpJVLwwXtslyyA9eBJ5YYBegDEjmv5u4h4XxeAz6lKvi54vCVFKNCUk+eCbbkpWSi200lbp5K5/QPCMqOZYGShRjDERcHUUU7XcYxbi97ySlZNyvfVXG/Eb4Z/DNvi/4W+IvgLWbq317wvPbxXKQXAEFy1qyusxz8jtI2VlcAttJ6fMR6f8QfH+u+J3a91vU7Z7aG322lq7loom2DcFZmOSx5c8gkHtnHw/8ADrxtbTwC7muJbh/s4Dbzu3biVdj3yx4zndyc5zmup1rxIl5DdObhYowQkUcrSHYpwGdRnAwoYk4B7+lZVstwXPCEE/aLljDllJ2vaWivovmnZ2elz9KwWWLDUfaOldJOT6SdknqkvNdbN69TqbzxiNNmCK9m0knyxqiAZYnIQt0Hrg85A680+08Z3c90yzz24eQoCqhdwA4wMbsg9TyPmAPOfl+ZPFvxF+GMV5oel+DPGsHijVBJ5WuKkLvHpt+pzJbs4K5KYZBkEA4wMCu88PeJvCml6pBqer6zabF8uUQx280ysykbgwXIDDG7acZxjOQAFi+EcT7OcpU2+ZJtK7iuZRlvs2la+qfS7tr9FkmVZjm7pPL8vnWUuWMZRjonomm32srp7u1tW2fXGk6jq2qixtlKtuvYYIIguHcswAwCMhgeOeQcYPUL+kvw68P67oVlDe6nY/bJGgiBSdomjiCxqVyGQMcDGcDk5HsfzF8NfHv4TeHry31a51uC5WOSGWO2Gk3IWBwQ2QSmCRuI3DAUc5GOPpu0/bc+EVxLHDL4ivEEgDMi2dyIiAoXY/OVAVeowMDGM4r8zzfhTOKnu08NU9lFuz66N2bVmrrZre90ffz8OuJJ0ov+zJybV2ouEnpy6W961lZNPW2q7Hb/APBQG+l1P9jr47uLW20wnwVdm4EYUrN+7fCjYuQdw5JPGM84yf44f2NEaL4U+IXJjAbxDcKGIBwxifAIz8vO3HXsec5r9+f+Cjn7dvwWtv2dvHPha28QXL3nivRJ9J0y2gVkjlupwyqJlcA7SxUkjjjnnJr8Af2NGiufhP4gjR0Lpr+/qQBlSVUt90DkYAHHQ9K/TfCfh3NcnoY/67RlTp4ivB0ua6ckoJStfr71m0tNFa6bPwPxNwVfKcXhstxVP2GLpwc5UG/fipcnLzW6tdl021V/pEXEj+H/ABU0abmGlzRudxUKVhbPQnLdj1HBy3r8/eIBdXH7I/jEwJ5rtqBQxowzk3CqoCdSc87QM7uFySK+m/CdvDd6F47a5WKRIdK1BhkhQHCyBWBwM8Zx3+XGSRkeZeEZBa/s3eLdTs7C3ubrw5Lca/HDdoJLV5bG7E0YlRhtkVii7kIwVLZBUnP7TRrRp14QaScakPstO+jsvPzu3Z3u3v8AkuJpuWGns06VSyvb3lZXs3ZeXn9x8I6b4V074Ufsz+Mte+IvhD7X4o+JYTS/h292Y4pNMtEIa71Jbdz58PzqURmO1wwIxyT+as9vcKzSIC7K2zC8LtGeSQTuOP4uPoMc/W3xn+OXiT4xavdeI/FkrTyy2/2a00+3BtdK0uGIeWsOn2MYWKBdigHYgZsHPODXzRbLFeSJaAPbI8gwxB3EZH8XoOMg555Pzcj9Bw0YzUIqUWvd5d7bw76NfNPXySPzGtKqpzbUVKTadtYrl5VFJtdrbNJO+3XY8BwMfEGlh1bebuLgE7TyBgn5uC2OSGHHcmvt/wAOaW+s+KIkFxbWVm88UEkkxUR28hQqshLFQu3g5z6DnOD8Xx2Nz4duLXULKfzY2uI9kj4LB0OT8o5G0ZAPRsZ3N1P1R4bvf7WvdNiSaKBb2OGWeSRvLMrhVULnPG4nqSOeccV5+f4eVNRTm2pRu7PR3UV8Ub3bdm7dXK2qMIznOnKSWqtZptN6q1pJu+rs0tWnumtf0u8V6VoXi39m6bR7fwpA2r/DHU7e41DxbZXIuW1RLo5t5GgU+a0SAnIQKqMR8o3Aj8sfHdhf2N/c3U1uYXuUjG3yHCssgIR1BBKjBztPYnPt+5//AATi+Dnhz47/ABJv/hZ4y13UPD9vr/g7VoNIn0h1ntdS8QWcOdNs7uJiY5WlfnYAXA3HoOPzu/a1+Hev/DPxR4h8FeIYLSXUvDni6+0W6eK3aIrbWVyUi8wHp5kYB4PXIx90jzZYChlGBwlWNXmeLTrOLj/Du/eu7tWum1+NrO3yGW8Q43M8+zXAVaDpU8DWp0qNZym1WjyRc5ct24qPOot9Xd23Z+eUvhbW5rM3Mccphkl2+YCQpXdkgL1zyOOAcnpV618EXrwrNPFdWv7xV3KrZ25G5m4+VSDk88qOpxx9tal4W0eDw3pc2mwx3a3thZSyKQYhbTEfMqE4V3BBLDnnqf4jWOgWqaJLcXlxaRsfJEURQs8oZiuxTyCwIyTjJznIwcedHPsEp2coWi7N88bXi46q2j1TWj8mj9IpZfjHB2pVG3FNNxk42ail7ystmmmn1vc/P3xt9t0y+W1hkuYowkQaVHmjMuT94bX+6SAGOQpOQRwMchJcX5HmrdXZwAn/AB8S5b1JDHrxww4Gdp9vvHxB8ELj4j6lmz1C10OaytYw0NzGVWRVQtuZSpOEUDnkLkgnGa8b8QfC2x8LeEdT1efVdP1T7FfC0cplZ5pQ+0rCpJby025LAHOTgkfd6KPFGWVMQsMsRD2rcbQjK8lJ7PRt231sum/TaWR5pDDKvLC1PZKKk5yTSTg03K6bd9rtpbWu7s8b+Hs8k3inTbXUri+azuroxzQefIQ5YdQA3IA5/HA7Z0vG0E2leILy2tL+WRPOeSAJM42xliFTBOcJnBGCc44OQDL4SVpPEdjJbxwFo54ZLeOY4BkDKqJvOApfOASc4xkdAPqb4v8AwN8F6Toej+LdP+Jek6j4v1SOQ6t4NaCTzdMdoEm3pONqNGucEY5K+oyP0LK8G8fh6k6c480IqV5TjG8VbRczXM9dlra/kfA5zjcZgcXh04uVGouSShGbldNNtuN43etlor/h8RWeq6iLpSb278xZGUIlxKVAJHOMkEn16jj0NdJrer6mLu3Ftf6kn7lVYpdz5U7d2Cd2AMDPJx05zzWrpnh5DIbmWRWlglLGGKFiGG7BYqck+xBAB6n5smTWrS3S4URK7qIwGlwfk3tyrqFyDgAAkDgcHB548Qo4WMlXnFLS7bV9XHRO/ZdXo/vOvD4irXlF04S5XFNpqTbk1F3b1b2tbZWs7Ns5O18ReIreV5rfWdVizwEF9cLubJU/8tdvGPTjJzjJ3d1bfELxsPC95FFr+sPK92iM7XUhxGpwATubIU5JIxgKM9DWenhQ3BhkhjMiqgkkZQ6EjvhWyTzwDjnuT0r6V0P4SeHrn4Da94tlK2niC21pFWC5nCs1oVAXZBkOwZsHKjk4OR0PnU80wTm4qpTty2i1KLd/dv5J6WS0vfbv01qGMhTTjg6k+ecLpRs2pON5pOysr7Xbsr3bdz5JXXNehuBcQapqMd1Nu87y5nQMXBDZwQfmzjp1OMghmq415rWoAGTU9UkZXURhp5SgJI3YXzOCGBGRjgYBJBrrYPDpa4UvEEbAcIyEoyEHJVlAHPykAdRkjnIO1p+jFTcSwRSn7MHZlMLFDlipIIUk/LnHLfLzngiuqjjqDa5qsUm1ZX3sk290357W67Hn1qNaOsMPKMo6u0Wkmkr2t1t8X3o4aZdREkIe6vHfYGlWSZ13ALjJ3EAsAAT8p68k/Ka9z+FOr+BrfwN8V/D3iTSXn8Zanp9re+AdXLs4tLuKeMXNqVU+WoeEMxLDJIHPK1ga7oJubSyngiEX2i1ADnKuZEIyvO0leoB4yvGM9a+jaa9ldreoY/Mt4jEUIypLIVYKNo6E4I9s9hn0qVShWnF3XKkuazumrLXTzeybtfXueTiZ45QUlTcZStytp6P3Xd6pJbbu2z7X8e1/XdV0+4hHnzuEBMkTTSCESDOSsasF3E8dOv8Ae/ir2fjrUXVTdBLgQ4MYfny1DKwyOvUjkEDoCai8cAnU52CbBulZxyULFsHA6YznA5I6nGc15/I3TZlFRQDt6k5xkAEnAzgZxx0GMV5uMwVCdZy5E02nFtPXSKstWm1be+r33Pp8Bj68MNTU6nvqCbtvrFJ67WWqTa6dD6vs/jVeaxpg0K9sbZ1YWlpFMm1RFEHUBlyeG4BBAGSQMHrX6XfD9YYNC0pVk/dpplm2M5zuTjdjBOMjH8Rx0PWvxG0Bj9v03AOftNtuAOAQZo89SC2ASAMeu0cV+0HhCYtp+nwxlRnTrQNzyu2Jdwzt2rk5A7Y5PWvi8+wtHD1KUaaspN3S1u9HfRLS71Ts0trM+94cxc66qyndyhGOuvd2vok29O+zR9BaZqkUV/pqTAMixMU+XqxBOfu5OewBxnLEDGa9bsruGVLbaeXdmLqB90scKw4yRkHBGDnO3PT5sSeSK60/aw3iBuCc8e247up5OOM8ZHy161oWoJb/AGYsWYiJZV6lQytk9OCQDzkAYB7nn53FYRSpLmjdNXjzW7R0skvOy82u59hg8XF1EmpRfNHXtbldlrdJtPZ3vpZJH1r4G8T+I/B93a634P8AEGraFqlkwmimsLmWCGR0IaNpBGwDnOCVYFcY4HJH6+fA/wDbZ+NXxd8CfE34V/Ey2i13SbL4V6/qMPiGNCl9I9rZOIo52UqkqsMbh1HGTk5r8VvC15NcvZyIU8qUjcMcKCBjcpLBec8FSeOlfqB+yDIk9n8cZY0gdLH4OeJUuEUITGzWMgU4PTOT1BJAz2IP49xVkWFpU6mYQw6hWVSkpTguRuLqQT5nGKclrs35rTU+8y2th8ROnTqwhVUFzU3NJzi0lyuD3TW7s+z2sj+YP43vb3rXrSIIZZbt5U+YbmjF9c87MgZX0B9T0r55trSQuUi/5ZhtzkYHOMHqckcA4bgncB0A9D+MesWz+I/JjlednF+TlsCHbf3Py5yRwABn2xnuen+H3wv1/wAR6OmuwaddrpVy3kR6gYZJIDKB86GRRtTB5ALZOM5xiv3XB4/CZbk2BniqkKEHTpR56slFSlKMLK7slKSeiW6081+OZ45V84xip07uNaWqV0/eu9WrJXdktVpqm1r2PwVQ2es6M0jRgJdJvd8FC2dwEoxkAAHGeQTu9K+4o76DU9dt/PtYZvLvAs1ysSqzKpHlrubO4A5z1B685r5P8OeBdY0CaAKu5RKzKAPmYgZBUAEckFSRjjOenH0d4S1C+KJZahp2yWO4i2XABVly2CWYAZ4GOODnnjryYjN6EoVJ0Zwn7l1aSafLFaX6N3T27W7n0XD2KdBKk6VnK2rW7iop62dvl99z6R01VXxv8LjbxyeQniRF2gFMKWQ4VAMAk8nHHA4zX9vP7OjAfs5+ClHATwnetxkEAxyYwOg259epHcV/FP4alZ/G3wsHyGIeIo9jupBJAjyWU4zgg5IBz24r+1X4AsI/2ePC8ZIy3g/UNpBwP9XMx5wOBnPUADkeg/Fc3zP2mc4tyjaMsrrwelrJzh5vS923fRbeX2fEMZf2LgeXVvNKU7a6Wgr2t07erP4iv2s9Kt9Q+OvxB8u/t7e7Txdq0TKzlWjja5lbBcYHOQR1HY8Cvli88KeNLWS4fS5Ptlu2fmWZZXbngBNxIJY4KqMhh+FfpAfE3wY1j4xftB6V48n0W81C58ZXv2CyviIrtUS/njl+z3OVMZGCMAhznHJ4HMeJ/wBnT4B+JdUa88K+IvEPg24uYY5LKPTdRke088dSFkldWXdhh1HIIB6H+vfBvwBxPFfhxw/nWAznBwq4zDxnPCVeZVKT5tIuUeZNuybuo2vfbU/zw8dP2jWTeEPjHxJ4e8V8DcSLBZHLB0qGeYGj7bD4yE8LSqSqQpy5JctPmcZWc02ujufnILrxXZztHe6bLJIH8tgYmyHGAVBAwMt1I5GASTztki8Q6gs0iXGmTxGNQWUIXUgc4YEcDPI5wcDoCa+6dU/Y08ZTPFP4P+L1lqCHCC01y13Sh8Bv3rRKvLlthbp7Y6cpefsq/tC6fPGZfB/hvxFaIHMk2jaikNzcImfn/ek/M6jA4bBJ6EHP1mZfR847yxynRw9HGU46xlhq8JuULpfBKzs73aVnb0Y+F/2ln0buInThi+K55FWny81LOMLXwfI20rTlUgqbu9LqduraPktvFFqzhZITECVJ82FwoB4KYPAx7E5HTjpal1PRrl1814wMoCpjGx22gAjI4zz944xwc8kfQ158K/EOiXcFn4w+C/ja0tpVeaW90+y/teOMpwRH9ljORgBtuTz6n5jXl+HHwpnjlutY1Lxd4cUxPMbfWfCuo2UUJXIWN5GjUAk45xwOeSCa+Ix3BvFOTe5jMjxqUdOZ4eXKuVq1pK6b3S1el+mh/RnDn0lPBvi2nCpknHnDGPjUinFUc1wTk7pWvTdbni3fblvr52fhsmn6DdxxuYLdkDAgNEoVucfLtOQc8ctkYyoJ24rXfhTw1Ou6SyIcjIVC6ZPUYYtjHTnHPXua9ZPw98BXbQPpPinS4tLMsUQvLnU0t2jLMN0slvJtcKMhsEDOcdKs6n8G5VvZbfwx4rt9etw0RN9aSrLaxlwSqykMSqgtgHB5HcnNeS/rNJKNXB1YNNKScZQtK0V1SvotdLXfofpOF4myTMYxngsdgsRCSjKLo4mnNWkk7rkk9+6TSWjVzwaXwFoUgBhe5tpCRlYpSCBxg4JAJUZ/I8EVYXwKsZItNXnjJQBEZiXJYdeSM9c8DPc46V6tqnwf+IGnINiw3mCWcIdrBQfvl84ClcE9OozzgVzE+h+KtLl3XmjzMiKMvbkuBtySQwBPIDE5OfUc4OyqNqLcZQb5Vt8Nrb6XbVtnrtoelHFYaa0lF2srqSa3W3fRtq2muzPPbn4d+J1cvZa4UZP4XUpkYPTgjJOMgZ4ALZNZg0X4g2ckgW5hulVCcn5DkA4Ix1AJAz7ZH3q9Qj8QeWxa6t721XDALJDIckcEZGeCM89RnryKYfEumyyYN1CrqhG2QGI4AOCxbHbpuOedxHArspTTs+ZX2fN7sulraNu7Vn627GinTlbllFRto0ot2vFLZX06K3fqkzx43/xBsTul043HKruQ5YDOclR0zx0PzcZ68aUvi7XbdW+1aFdIwVfmUNg9MgnsCd2Oe4/H0b/hIdNnAxqWnbg5BUXEeeDhgRnqMYOQcdFAqwb21mVZWlgkTO0DcjrjbjPByR1xz3BP3d1bOpFKKUouVk7czV9ul2l1urX69y04St+8V9Ha9lbR2e+j6aNJebPN7fxyrqWns7y2RWCupjduRkEjHTDHgtwf4uOSsPjLS7e5nDv5UeCyGSNtxZuzA9epH0Py9c13M5sTHIWtYHTIBzGgU/KTjlckHqGBOT3xWE+maTeNLO9tbkDcu1o0AII6YKjoen5/LwBpSlr1b03elur1VmvJO72JbV2ou9tbW3Xe9tb731bfo0Yk/iPTpVzHNbqkgyTkBSRjPRiATkEgnODnvg5lsLWe9LC7RUETMF81RuB6gc4wcsBxkYB4OK3n8PaNNGRLaQIIyCgUbSR7Yx78e3QZrhb3wppl006QrcW8qMEQRSurFAxwQc+oGTgALzx1puTXduVlZx1u2n0a6bL7jPmctObRr+W0tWrPdNNapre76207KKCJrlntthDIfMDkMwx/D1OQRxwc4PJ4rPu7KzDeYVhkl3DKNFGcnkn+EEjsCMYUDqevPaZ4IuFjmmj1jUYZmG1V87dheq8bskr049+Tisq98LeM7d3SDWnICloxcKDu5AGWVTtYcAj721gAOeOlSiqafs7y0dnzN62s0lfXVt6vubtVJQUoRW97yu2lbRpWkk/+A7WRt3fhzTr6OVrixtlBByfLQAqx7cDGDyMHGDn1q1bfDzSbmGFTpywIE/1kWAzlcYyDwOcr1JxznjB5+K3+IVso8+fTbjAziRGBYKDjJG3oOFAOM4HfNdBL4m+IGmW8Uk/h6K7ttgLGBgQGPC4xkc4HBHf1yBEY0pRd4NXb5lZXV3G7dvhSuvN9djuy/EVIS9+DTdrcqvfWN7pWSunZvez6XRWuvhzpKlEihkV2BGVkIbvjK9gMcAgfhzmrc/DpoRH5M9zExG/PnNh128qCpHAzjvnJGOM1fsviDeSRyNf+F9QjnRskRK0gwOzE4IGfunuO/p1GleNdH1SdIbu2v7XJCRwTQuGMrAkYbHKg4OcYycjHbzcVyUKdWpGUY+zpuScuiSTadpLRJXtu29dj9V4OjDE43CUKtGTVavSpxTTf8Rwju9Um27brTV3PN4dAv7aQQx31yHLMQrBgAvOQWPOB25PZiMc0jWWr2cwgZ7l1cFhIwcgEj5WRuAi54647k191fsnfso6h+1R8SfE+lXviKfwv4Y8OadHd32qWq+YzyTSmO2gjT+GVnHz5OFAIODnP3p4o/wCCUMd7oGs6l8NfiXNqeoaPC1pFY61aukN3exx52NJ/yzJcYDYIzgEEDn+OOKfpgcAcH8TVOFc4x0KWYUK8KdSCVSdOmpzSjGpOEXGDlFJ2atbV2W39r1fCPwwy6WGy/iDid5ZmuIwmErTpLD4ieHoSxsYOjDEV4QlTpyk2m+Z3hF3lyxPwfS71e1mKz3btGGZwrOdp4x8uMYYAjPPfBAGTW5JqeoC3yZmX5A6oC2WAYnB54G0jIyD1wOw0PHfgbxH4J8T674W8TWJt9X0K8ksr2JVfy3lhcxtLExG1kYruDdGGOp6S+HPAfjfxvFcP4P8ABniPxVBpcDz6pPpdhc3UFjGkbM7TPGhAVVUs247ioJ6jn9twfilwvjstw+bVcbQpYXF06NSlWlWjGi41VF02puag3NSSjrd20629XNfoy4vDUOfB43DPL5U6VWhjKteFOjVhW5XSlGrOUY/vFJKDvbXRXenIReJtTjne5H3FZd0UjMyZYEA4JBxn2yPU4zTrvx1qkagrbxnygcHko2SP7uM4GfU547nGddwpCJxPbzpNA5injeJ4ngljO1oZUcZR1cEMAcgkZOcA5R8tkUHlJC+VIJIIyRgY+uB0Pt2+9yjPcszShGphMVGceWMvjhezs09NGn3fTXXp/P8Ax14N8ScJ13DGUa6p1YqVLEQi505xVruM0mnrZp7Na9S5deO71TG72KZA3lhlQ2cZHptGcjoeMkcc5d54weSLzGsZEIQyKyudrNlT/CThcg4wODgYyRjYg02EwSNL5LfJuVWzgA5PBOCCCuOoPP5RPp8MkZKwxIsagNuGVcdflBJCjGRycdCSQQB9HTnSjTV0puWzXK3b3bNNJO/Vd9X6fj2N4fzOgpfx2opLlnGTb1Tett9ls+u+rfFjxrcGZc291AspyXimYknsACduOOcYOOBxzT7vxhlfMlm1ZXjBAw8jKQcqQADt2jBIwAe4GRtHS2tlaNO7TRxZhddqqmRgkf7OMnHfpkZ7kWntNMmkceWqEbSE2o29s/Nwc4HOP8SBVxi5Qi/Z819Xzq9trarpa9l99z57D5PmdTm55OCT93njvayXno1p8/I8/uPF9sIy0DXcsyr+7NzGrRsGxjcoBPykn7zZ789T7V4M+IFrHY21rq0cNxHJENu20hYxKoO4KHiZeP7wwMnPPbzfXtJsXsZ1htVWQMMyhVUqpyG7Dg56DqOCfXe0PSII7SzVQ7DaCXx93cRnqQBjsOd3JBIHOyoOc0tEk481uZK2is0mk+rd720ttp14bJ80dTlilNqzbjFx0aVua2nq3ur77ntcfifwFebYLjw5ol75j/NJfaTbM4wCOWWMAkgdctjkgHgjRj8LfBXUflvfAnhW5E7AyMlikckedxJygHOOBg9O2eK8fuLGJZI0jKqA5beAQVJAHoQGOffHy4JAFbenq8MhQEMzMituPJAOM4UZBXHDE5x37V6awlNxhKDhZJJ2WnNptdSdkunXyZ6bwWbYeCvFSa+JShdNvlvvskneytrZ6noepfAv9mG+2R3Pw/0WZp23FI0e3cN05bcO/TIx/dBziucm/ZW/ZVuz5UngSS2fIcrb3TFUViAwDBsnAGCFGTyMHdU0iHdHJI0nXDMDkBTgjBycd8dCGJ4OTmTzJonLiaU7wUjPmkk8cDGeBg9e3I7ZNRwKduqcW1a1pO8VorX0W7VtUm1c8+vRx80lPB4ebcWnJ0Um5XitLq9rdn5qzemLP+xn+yjcuyf2PqkAfBdEuWBjTHYMevvkfnVCT9hr9l64j8uCz1zG7assVyMojMc7geO/fdtwc8YA6+3knRy8sjgohy7uxDg5JGcnO0YxlRkZ7EYyZrbU59QnuYtVu4IJghSCCVwox2C7gBhsYBz1OBxTp4KhfWMZaWs0lrprrp5b7s8ipgq0+ZTwtG6XxKko62jta1rO9l1dttjnn/YD/ZykJSGy8TybdrRH7UgDt6FiD949zgc9Sa63wr+xd8J/Cl/Z69oHhnWINZ0+4WawuzfqrpKn3XJUjGSATnI529TzuWqeI40hEWsXrqmOPMcFRkYJyecg85GeDggZrdmv/FccJMWu3wkIbCliMHbkHOePUHHXPpmuiODwqbaoq61cnZfyvTd3ulZKy2PLeV1U3NYeCV92rWS5X2t21s7c3VEHjX4Dad8QTbN490678Qpp8jtZR6rqReKyTB/49wHUDngrzuBP3ulc9pP7PXhLwwTPomh+HdEmkjKfa1lbzSm4Eq7CUliRnOB82DgZqNofHOoGWGXWtQKAOWPmspIb5htOcg+nGeuME1yuq+EPEh8oXXiC+2s+0LJcSgAHHyna/XphgM8565NXChSU7ulFyeib1k9Y2bdr2fz+V0ePiKfsZtOnZrVtW1k7NxfVqyvHdaff20/wm8PO5udQv/DNrJuUtcwW1oZnCYBLyyqzseOcnr3HNVz4V8C2Ms0U3i6Dy2AQi1a3iUYUkD92oUEEZJHI9CeKwtP+FX2nabnV7y4DRh/L+0S4HIzuy2BkH0U5HHQ51z8I/DqSKJBM7/K53Sk72xkZBYrg469TuPJHFdcILm5VFJ2tdtKyaTUU1p20VrO9jzKs1quRJaO6Tim3Zp6uytpZNp2urXWmXcz/AAr0abB1u5u1O1Sq3BkUZ9Qp9MYJA2nP8K8Ofx78K7VR9jtbi6ZQHysUr7iv98YZTgjPXgDBJyM6N18PvDNozeZpUZHGGYls5GMkc9OTjnvwK6/R/BvhmO3Cw6dbJ8hYEwoxYjrncGKjkkkdM+3GkIya3iuVr4tLXS1va7+JWv2XXV4J7PRbdfNK1lHVrqultTzSf4z6HZOv9leEGuQUXlrTgAKMEDZkkZJB5GTxnrQvxk8TXcQn0vwZ5eSfLc23GMHGflyTwvBx+XFejahpenQ3cccUFnGhVfMRIY1O0Z24ABAJOMHGevBAzWzDFb2yKitEAcAKkYHBz6Dn1PcHqc4ySnrFKSS5rKySsvd1ldJ6K2rWqjrZtWuM6iVm+1t9dreb2W/y1s346nxL+Kd3EVt9DWCQlmJETKACeCMKOR0wOvGeTWbP4h+Mt0xQyLbB0DBugwcjBJJ55zgHGBn0r6J/0eFGjAUKBuDGPAJOSeVK56d/l6jPY8/f3gidnTy2UgqzFRtGQCwAA6DJ2seOBkHnMzUeRq8nbdaW3Wq0tda7N76WsXCvUjb3mrvdJdOVa76tfE/zR8921r8TGnla51mYtIm1VQfMrMwyoHOOcHLdPmA462rnwh4uuE33uqXYY4wTIcFcnBwhHPJGODz7V6k+rwJeORPbLtQEcqvQkdeDnj2659Ko3/i/SokP2q5t9wc4VXCklfu5GeuevpnAHGDzzUbKytZJXdkrrlTu1q3pq3bysmjphiJNe/Ls7N2T6XdrtabNL8Dyu+8C3sitHPeXsm5VYuCzbgM7uCxJAz9ckdBzWDdfD+0it3eS5uGKsGHnFsHIyQMk4x0x7nI7Du9Q+IumWqsovEPmAA7SsmFYZwEAJHX0H04NcHqPjzSrqzliS4nYtIc4XIVQDggAcEjBPPGcYPUc81BU5OL1VnZys02klrfW63vezelmzCdSLu+eT0WnPor21T1vqnZt28rnPad4S0y6l3C3EiqWVmL43Fc9uwyR78jjBq/daHpdh5arawMSpZl8vcwJOOOoIx0PJOMng4rBTxlbWBJS0mkUoSDkKSTg5wQBz0IxjqD1JrKuPGN7cKj2+nK2XJUSOTIORwx5wOT34GRyTg+TUlKKfLHmSbtKTk3FWjbTRdH1e26T085Ri5uSvJ3lo3dq1lazW909dej8zM+Ktktt8P8AxNJaqI0GjXHmlkRQoZWyOmc+mM4H45/NTwPIqab4lMhXD2LrGeQshIY5Y924PUDGDnJ5r9APifq+tXng3xGJYEitLjS5QyglmZUQkrGP4m6nIGOAR82BX56+FLf/AEHWoyzqGsHSNBub94xbBzu244zjjOOpGQef2kpYiFrpqMlFJ3V7qzdr2ul8rtu6PCzv32lGLuoO6WqbvGz/AAve+mtlffyWWTe2RuGHZTt4XAZueAfTJPJ5PJAGe48Mxedp9zMXYvDJlU3kDB4IbBGSQAO479QK58eG9ckOYtNuCjMGyqEh/mOGUfxZB5HOOck5Fel+EfDGrx6bqpm06W1QFNomVgZHx0GQNv1OSOPUgejhKk41tea9paty02s1fTpbb5tb/ESwzbf7t7tttW1bVrNO7ST2vfY+5fiHbEfsc/Ce9iViHvpY8sckFZnzyQcE4HQkgHkZAI+PINOvF8PalMWAXDs3ALYAyVJxjByep5PA4Ix+iPirT4j+w78NI7uBFeLWJUJOS0YMjdSD36g849OefkddBtP+EW1G3t5w0sqMoBGVLOmcghTwMYbjAJGO4rqzTFUo1IuTt/s9NWbs+aMYXb1XVa3vZrWw8Llc6jcle0ZuVrpatprdpPV3t5dD6G/4JoLIfFnxEK7ZE/4RlgdoGQMyhc8Z5HBwMAkA4zXyF4x05pfiZ4rMJCIniPUnZDkHP2uQ5GCCDnBAXGDhhxmvuP8A4Jp6TNpfjr4jRT7XSbwrIoIBO1oxLhduMnJPBIPbgcV8x6r4cTUvid4qmmkmtof+Ei1YCQplHK3Um0ZXtuwTkgdcAc58KnXUfY8reru22ur6O9lq7Ju17bn0dXB1KmBwtOMUpRlK92otLTvZfa81ZLfrxni2/vLaeDyb25UrYwRmJppTlSqqQ3z/AHSCehPQknNfpN/wT9tZrj4T/tMLNI92s3hgLsdy5TdHkbWbJAUnOMEnqPb4C1vwfd6hqR829toisZjVmA2mMcIfqeD6qcEdK/Uv/gnt4cTTPhx+0LZXZglim8OKplg+5t8nluATkk59Mgd8kmIxLlzRlKXK0/LVJSacdWr2s76NfedeQ5TWWNoya0u7q9nzS5U20pWVuqTte66WPzQsvDEw8Y21nKEVWa4maExnBVN7gbhgPuUZIGR2OO3Oa3ocU17e+WsjIskg8sMUCEygbUIwenTG45xnj5R9T3nhp7bxMmpWrReWlrfLCjL++KgOu7BySAMdT6HHOR86+JtSsNPtpVumH2yWSY/ut24gzEEFQe2MrnBx6jbjmyzMoVVOMWk4XvforRSSaWvVbdE+7OnPckxGBrUvbRlapKTg3e0kuS3vap6u9tktT9gPjrZaLbfshfA+bW9PkvLKDTrCHySx3KXtI2Zs5yTt44OSOOuK/Km8tPg7PHftJBf2RWXbDGqZRlPOWIXdgHAGc4GWPSv1W/aS2p+xB8F70hpFnstK8ncx3Y+yIcZORnpywOOxHJP4leJLmQyqIlWFZHwyH5yWRscEkdSd33cYzzk8fU4Ks/ZTjZKMmpNW1d7JJPpv0fy3PA4toJSwtk2/qtOyta2kdNLavfS3lqje0i18DN4t8OpplvcCSLxLpKeYM/OGv4SpIbJJ79AePfFfYH/BRzR7T/hYngZPPbyX8I2QUNhsk28e5Tkbhub7pOcE9+M/C3hN2HjnwfHj/maNG3lRkOGv4AFIA5x1BIHfBzgH7z/4KXRAfEjwPGpMX/FLWu1i3yf6iLrjGDgcnrgcnnNGIhGcottcsJWau7XfKrtpK7aSfTRaX2PCy2m1ha94t2lFatpu6Vr7Xffd6Hwbp/hOBoEaGcKSm9hIqEucjnooHXvt5YbRjrv23hqC3Qo8cUsk8cox5annBxtfGcg4wCe54zmuJ1q4ntNCMsMxhdFiRZkkO8h/vgEHjJGBweRyP7uX8Ptd1OXW5ILu8eeCOMeUZ5AwDBWII5OTtxgZ5zxkHaeqdehRiqDpxfNF2lZWs7aee263aeuunTTinOLtJaq13ZK7i3ZXVnv3T2R+n0ulG0/YB1B445Le4g8QzzRPENrkoygnepRlG3q2cLwMdK/O7wH4z8QHWIrW71vVLdPLjijZJmZkYjIIOSSgIIOMkA/Kec1+sVlY2urfsVx2t4wS2nbVr1mTJJ8l1LDaDgE54428AkYwK/Ozwd4E+H+q213f6d4hvLa6hZF2yp9yQMRJkj5tqkDBAbK54FeBl8adbGyhOMXFVOytJRUb+a0e7TV2tbnrZzSdLC4aabXPQVrtatJaNJ9L+a1se2aX8QPFtpc2dtF8Rbr7NNa+WJLqJmVgq58h9u04IwhOQfbpXtmleNNMu/gT46utV1H7Qs3iK0tLqSGMoqy7m2vtJxsYgnj8cAivJI/hbpqeHE1WLxVZvc4cWi3AjWBnwoHlk/KzkZyMYDHOTjFd14a8H3U37N3xAtrhIJLubxRCFkgCsrGNXZwGwRhscnjjB6Zz9PmuFy+jhoPD0oQm3GblZ635eWC15uj3unfTY+Z4fp4mWLqqc1NcrnTTcr2ajaN35r8X0sfOHx31vRtR+EWkRWTCW3NzA0TlSokdGO4t90k4Iwe/GT/CPztkl0xpxI0DJslIYAdCMAEYzk5B5OCc4+6cn7k+KGlXUHwc0CGQoNs0pwx/54u4zwfYgAnJOTx/F8t+AfhzdePPFdpocN3DYR3UgU3sqkxxhyMFsDBOckYBIOCOvy/M4WmqmkL83tHo7O23e9ktt1e97u1n7GcwquvRUou/JBWSbV3ZKN27Wu1bTXv1X1J+yX8WvC/wp1tvEs02pwa21wlrppt0SS0VJwY382J0YncOCBz9O/2d8TL43fw78A+Kmu4ZRN4xu7ue4kUYJlnM5WQABcBZMsFCrtGOCefiGX9n7xJ4D1awjju7bUNJg1W3J1JCpjErEExumGODnA7HIxy2K+xPiPp7y/s4+FYSUjkg8U3RkZCQoG1QWBYqACACRno3cjFdVN0aNegpRSlOdp3dlJLTlT1TWr20+4wlhcRVy3H05pxX1aagrNO8opLXy6WemtzoPD/ibW9cvNXHhzwn4F1/UA0BsdXnRUmtZNoHkOzkhY5GJVwwOOoxnFUF1vwj4eOsaT8YfgRZ3PiPVi0ttqOi3MRj5Jy8aIzAIzDC4Axx8xGMfLvw58S3HgbxJ9t+wX15plxcwR6jFZSySGe3JwxgVM7Zyx3AfeyVIAORXrXxZ8R21tqei3MekeILCaVRO1rrhuLfUrS3kKyRr5E+GEcsZVoyQEIYEcEV9DiOGsFjIQrU4VIOau+Sq4tfCnJRST00tJPfTyf8r47hjiKhjakaVR1KUZOdO9apTa59Hflab0la7Wmmt9V9HfB69+Gs/iDxRH8PPh74g8Oalp3gDWpdfjv5A6zI1rIIpIGKgiMjB2gkFTk7gcnwb4YftKfBTR9APhT4i/BWw127TWbvzNfS6jS8e3iuH/dk8OfmBPBznAJC5NfT37K/jKHxdD8RINP0KW0v9G8Caml5qMqxtNf20kMmVYsMsQOAASOBgfdx+f8AceFPh5rEUkyW88GqjUr6O581XCiVppGV+MAhWIJCgNjlcDJrhweSQ+t1svjKco0lTmqjlPn21jzJ3ur+ere5+p5ng8dLw/yqOMnWo1/aVlUdGvN1GoO0LVFLmlddz7AXxv8A8E2vGOsT3HiXwT4h8K3k0Ucam1aa4tlkYKGLkAnIJyOcZHSuptPgX/wTp8bXN1baZ8SdT8PQi0M1pcXlxCv77ZmOFlcbjl8DGSQTz7/mFqPhKO81a/s4LqAxWiIYzFGvmMoBC5Zhg9sEljg8DAOKGm+Eb2LVIo0WSW3kntkkEgEeHMoGQSFYgjLADHBPpmvRxWR4mCjDD4uvTUbuyk5K6cbqV3K9nu7K7b7afleWZHj/AK1RrUc1zFOVeMlTqyU0/f1Vr3s317dUt/1v8b/Aa3+M3i3wL8GfCHiG1s7MaDbWOm67qBUwy2cW3yZw0jBWWSNQ5wct6EZUc/ef8EdvjpY3GrXeleKNHv7aCZ44bqBVLyCJdwBtUkYmOUDajhQCSBnGAeP/AGnLPUNG0vwFc+GtS1PQdRtfA2lTvf6fcSW88ZhjiBEcsTo4JweAe44Pb5m8K/tYftI+CblJ/DPxc8XJDAAES8vDchypHEi3LSNKDtxh8g4BPSuSUsSqtN0nCo4RcXq7Skmk37qvdvdOz1sz7/xGwPFUsTgFkeYYTDU6eGpe3p4qnzurPlg24yUZOK2T23Z4X8R/gV8b/Bni3WtEvvh940U6TeS2cl3Fol99jmELFTdW88MZQxPt3ggkBTuBPWvR/wBkrwr4lsfjlo0esaPrNpFJY3uXvoLqJElEDrudpECKxYhQCc4JBHavrTw3/wAFO/2q9HjmWbVPDPif7ZIIblfEWhWFzJL0UrmS2OCQTnYQMnG3rn7J+FP7dni7433uj/CXxj8H/hno815FJPc+MdA0WystZjVY/NAFxDAshVmA3KG4HUjteJxVaFKbdKUan2opvkafKkldN6LV62PO4WxmdTzPA4bMMDh0pThGeKw8+aM6nuq8Yv3kna8k0lfzR+M/xD8LfEqL4l+MY/Cuq34WPVZJ7pbe7lVIFEjZiKhtvykDoAeCcDoen8GeJPjb4a8QaSt54l8Q3GkPNEt3Ck8ksbICN0QySqknOQST65Jr6fNzplt8VPijB/Zsd0/9pXSGWNwETaxXPXnOAcDJ44xnB6PQbHTJIooryzubaV7pGtw0G5GcnI5xwuOdxyAAT0rjpcUZrl65aNfEwjHRKNWcU7KK5d0nFpfC9Hrse9nnD+V4rNZvE4HCVU56ynQpSnz3imnKUW3d66tX06nyn4p/aq+NGmeIdX0uLXpzpVjdSJZWt4iljGmMI7EZJK8ZJ6KRu4r23wR8VPG3xZ+B3xa1bxdb2syaRbW8NhcWsbRkq/313DABcDAHDDPTrniP+Ef+GupeN/ER1zXbW3vP7QlU2t5al7dFYgOdyjG5GGcnPIIyD8p+lPCvhrSbH9nX4yWvhqa0uLB7mAW8ttFjzupbapG7GDgcnGO64NexieMs1xmAeHxOIxEqM3TTpzm5RfLKD1vdKzeiT3tfqRkPCfD+Dz+OLwmWYajiKdOs/bwo04yvyK+qva7fe2tnZaH5SQ+Ko7CZ49PtZ7eRZXEjCaREdic7iQ2ecZ+8DkjgcV2HhbxNHd63pltqN5f2NneX9vbXU9vezq8cMj7XKBJNw9Bk98cEZHSy+HtHaGOZ9JMsmEE7pE4YygnJB6HcenHsPStfwh4C8P6rr1hEEvred7tBHG0ZZVZPmBx0PbBb0PUc10f21iaeCn7PF1KcnTvbnkocrilaOqte/re9urLr5LleIxr9rhKNRym7p04Pdpt6rZuydryu+9z3Txj8SvDfwy1OXw74dutU1cCwheK/GrXRuLdpUyWdRLwcnnJJHQ+p6T9qCbVvEHwV+Et3fzXM0uo+H7m68yWVpJ5XG5kDSsS7EAqNxJ6ZHTNfP/xD+Hgs/EF/e2+rw3DtbqbuFwPNi2FQsRzkj5QORjAOeSQa+tf2gLZbX4DfA+6nAVLTw9CrNjIEVwWDNgbicbfThjnPNfNZvm2YPL8PVr4qriIwvOmpTlJq6ta8m3daq2i031P0Dg/I8towzRYbDUqXNQSmowirpyj8TSirdL+Tbs2fjMy+JLZpZI472EJIx80Biq4baCXAOMYxgFQfzzvp461/SBG8c3mOY9ryTRlmOVAYENkkZGAM/eIw3BWvqhPG/g2y0V7c2dnqCGTpJAsc+8EEhiyc8jHBxj68+D+ONKg8R6g2qaVp8VnYTCNFtoCrFSuORGCSCSeQNuO4xkL8tlfFOOlUnTqU6uHtblqt3i37qTdtEmn2V72tbUnGcJ5dJcyp0qqlZuEadmm7XbWyWi1Wt/I5XT/iXr1tcxSOYv3t3bAtH8hB86MkLtIPTO4ncR3z1r9Xv2jvFbW0HwGumcIz+FdNlwxJBeWKPDduN5B3Zy3B6nJ/I6XwrLBcWqvFOFE9vKoZGG5hMnAIPY454Bz19f08/aUsJru1+AiIrMU8J6aQpGCRHHGOSRgZCnknofU13YnETxFehKvU9o1JWTs+VycW23ffp8rWs2zuyrLMNl+HxUcPSVNOMYuKS10Sd7dLu66999Pnf9q/xNPrWsaA006GQaXCAQSMKiA7VbB7YByeR0OeK8I+DmveFdH1/wC36/BJPHAXWJGUTQmYsf3kowVwAcr0ySRjJ49d/aR8OXNrqnh2eeFiJtJWRVHyjaY8kAj15X09SAFx4h4Uufhra+GNdtPFlrq66w5DaJcadNEIop92FFyuNxVDhjjqBjjkn63D42OXQo1Kai5RaaUm27ScLX0du+l7KzPheJuH6eeRxGFxLqUqeIounKdOVp8rgvhl01bS/Hsfp1H+2H8O/C2g2ul+GbfS7ec20cN6s+lRkrlAHcSeUcFsEKCc89Tur0H9nz46+DvHvxBtNG0uRbbVYba+1I3SQBGkKW7swBCrmPACBSSQpGMg7R+Lsh0Ezpbza7vSQIxlCKXGQPkPcEZxz7nHQV9i/sS21rb/ABklurG9F8IPD+qbZVCkJGbWUeWVCkjqTnrk88Crz7iTGYrAV6VRUownBxsk1b3Yro9rq7stb3PjODfBjIMiz7BZthZYqeKw9RTpurUbSlZN3TspNttuS3dtblnxXdeEb34ieMta1LUraW6fXNTia3uUAK4llBmjI6sCPlyMZHBG7FfqN+wj+1h8EvAms6PafEjxDZWdpoNm8Hh9tSWO5iLSDe/2jccKS4GzIUKMdcAD8KvGt/oVx438XQ31/c213Pr+pD5Eyqn7TIcFsbVJK4wdpwBisd7Gx1gW1va6qh1FpPLt4Yz5LSnHyLI/AGchcgEDrmufJ+I6OAp0YxhRlUUYxd5cvNqrpyd9XpZaeXdLjnwtx/E2Mxc54ys6dSrKpShK0oRleNvdsr2uny21e3l/VDffEX4QePPj/wCDNa0nxP4PsbDWNUbUdSuYbm2FrdQR3RnghnQHZE0iggq3UEd8AfYv7QE/h7xD8PY9Q0QaI1jdeJJIIm0827eaqQsokUQ7QIsAnBHU5Hqf4z/DGk+PfLvbfTdQOn3WnL5RD6mgkVlwA0Tbg+4jgbGz1J4yB+n/AOxV4s+Jd1q3iLwj421XXX06Dw9FcaVZaldSXFobkShWuoNzHAZCQHU8qcnk7q9XNeKcJmWFq0JU1TqSUVTacXdq14t6O+jvpfZO1j5XgXwWzfhnibJ8z+trFYbDVU6vtqcoVYw1SVPeKs3blbsr9dD5A/bI+D3i/wAZ/HK2j8NWlvLcapZi3tY3YD5bN/Kd2Y4AGAcZAzjgHbzHoH/BNzx1qtlaT6j4t0+wnmtvPntUjkYwFgGMeQxBKsdvUAkZBAGB9o/GvUrLSv2qPCRhjZ1h0mzjWP7yedcpmVyABksXLE5zuAHJUAfaugW6yWU0jRbZ5SRGuTg7sALHgBeAQwG4AHjjioyHA4HE4WdSonOakoPV2VlG8nazu32s3ZeZ/TOLwsY4io3TUnpftpbmafmv6Wl/yj+HX7B2l+CtestX8R67canqWnzNJp0UcLLayTq4VTOmMuOM5Hy8gdgK+jvFX7I2s+M7i0TUPiVPpPh24QyXWjaZaxRyvuBCoJtpKleABkEdPQD6cvbxR4jazmHNjFhdgziQkjDFeB2HUdOQMgDtYZjMsWz5pdqnDLgjqAcgY5GOeckYzkAV9hgOG8BUpczpKUW07KUlzN8qb5k7tO76u9rHi4rHey92FNXWytre8Ute12/W3Q8E+Hf7NHgz4f6JB4d03ToNZiNy011q2txR3eoXDtnpJIHCJjJUADr93iu28S/AzQte0u80oTnSUltHS3ksII4JbaXHytG8KqeGwcgZxwDwCfbrRW3Q7jneoByRyTkjOCMkcY7ZPAB66qoCzR7FLHIUgHdjp8xORxjjH05r1FkeW04cioppxteVmrJR1T32vrfds5YZjWly3i0+a12mk0rWtu3bZu9lfU/Kg/saeN7rxXBpN5d3Oq6DIylPEEuovHPbRB9zBLedmJkA4ycjjGAQcdr48/4J0eDPFsemXMHivWtK1i2jEd3cXG25tpyg4KqBkjAwT+QAJNfofrsjQQMDIxkRCqgEg5PQlhhsZ5/EgMOTXnR8X6rZOLZlQoDsAILAjoMMQQO4JODwxPevCqcK5Q5S9zn59VzNtRu46e7qtnZ62V9U02dNPNqyd3OKastYrXmcU0018r973SufnDb/APBObxd4btbyPw98QrK4jv5T8ktlJGGVS2CzE5xhuMEc5PGCK858Sf8ABPb4sfaR9muNF1YCLa0nniESM2S2FZuvXOMYzjA6V+1Oh6lLqNhDczIsJV9gXaCDjjc2O2R68d+OmvK1u7OzrG0kallZRgdFB3EYAGemADg8k18ziuAcsrYxTXPC+rjHZ2t1lfVfhbfQ9COc1YwgpRjJ2V/d5bfDzX001fzVrNXufgdD+xX8dfDt9KIPDlldWcMWQI7+NyhQcBTnqfQZHJUYPJ+4P+Cb/gvwn+zR8SvHHxC/aG8E+L11fWbYaf4Ufw5bPex2sE++K9MywIxRZI2VVY5GRz2A/QV5I5t4EALPHuIQEBiWxnKY4AOOOPwPHHarY3du096JpPIhjDMgJIjXByW8xc8Z53d8DPNedjvDnL8dQqYWrWqRoVJWajJX5Xyuz5Yp6Wez2XloVsyU6bTjfm35X00322t16bPc/On46Xd43j/xlqngD4f65qHhfW9Q1W50qe4tH+3Qpdq21ZAFJVizZIPJJxy1fKn7NfxB+OH7K/xJ1fx7ofw0v9Tn1ayvLCePUdOuSYYbqR2ZrV41Uq4DAEHjPX1H6+jUo5pNkWGhMpZnZF3qT97aDge2eOR1A5rbjmtZY/IEVrM/yjdLbI7DdwCSV4OSfUkA884rxM38IMkzHLKmWVpzq4OrRVCtSqWlGdNct09pJO2lm7d1uubA46GGpVaUaTcKzbnGc23Jtr4nvZu2vnbY/Lr9rb9qL4hftaaP8PdN8QfD3xLot/4Gmukid7Wa6S7WdWXy1xHmKPk7QfvDnvz+9n7DH7Un7Onwq/YO07wJ4m8f/FLTvjJL4K8T+FT4QGgXp8PWc2ptcvCsc+wK0M6yBJiXAYEhSDyPkDUrTT7UK1za2KgO3zLZwqW3AnG5oj6ABh06A9RWZb/2a8Y2Mow4PlqkYKhjgbcKGHfIHJ49cV5mW+C3D+V4XAYSjTpzwmW4ilisJh5wk40asJKalD373T1Tu0k3ZMyxeKhisDPA+zlSpShOnaE5XjGceV21vbW70dra6I+cfFNn4b12OOK78N2xmtkuh5g0FjC7TO5LDEW4yMDuY9A54zjj8+/i18EpEbVJPB/g6/nE6r9lkgtJIlidnDTbkKZcM2SCAAoODjbX7Vf2Fa3dtGsCuoYszRlBnHV8E4OTngA9BgYPAoT+GLRQqbXJjV227fmAYcqeOxJI6kHsFOK/W85qvNcPSwtenQhGnThCMqVNKXuxhFWd79LtLqmj5jhnhrAcM1J1MFPEv2knJwrVp1Yczcb2i20rXb0WttOh/ODN8BvitKjxp4J1pjGCwYWzBSDyNrbME+w59DWL/wAKL+KMOFuvB2q24Ayss1u6ock8Z2c4wS3PTA68n97/ABPYa5oWvGWBWfSZrdZNjclAR8xBG3kZOAR/eyOAaZZ6jZ3oMbpHctEpZluI1fapDdM/eIPUYPOc5618Q+FaUpu1Wdr32Wr0a17O3Tta70R94syStePxJX1aT0i1e9tVeztbZqzsfhlon7O/xR1BzJZ+HZnjHy5yCzNlS21SAeRkEkjr+I+vdH8J/ErQvB9zZafoOo/a7bTjZLEFIHnGMx70yOFySCAeMDg198Xe3TZluYLO3EbsOYFEfl7wMsVjwMgE89DkAH0j/tq1SCZp0JhRlZnjZlkRSQGLZPJGGHfGNxz81Z4jhGjWgoSlK+t5atN2Ti9VpqmpXbV1ut3g805KsZtaR7Xa1s9HurNdOi+78R9R+DPxc+03E114O1syyNJNM/2d3Z3lZmLF1ViR6DuvXIrn1+GfxCtZEup/CWvxpGw3EadPnAO3IG0cep6BuMZ5r96ntYWtv7Qgu5mhZFkUP8y7GGAr5JCkgLu7A4wODjkr3UbeYPbTGNUKsFkihViMt8qsSCMk5bHoM5B4rlq8IeyhH2VS6ik7tq1ls1y2Saaslqlu+h2Us2p1pNWd99Xo3ZN63t1110b17n5FeD9D8Up418PibQdUtdl3bfPcWMiwomP9ZKxGE4HJLDHUYJwP0l02C3soM3N3Z2pTAcefw5I7sTgFiMAYAzngAVq61aW8oDQskuIysuyONTt24++FBDDrwQSB1zmvKNR0e3kncIWCgZ/eTs++QDptLAfKcMPm6HnNY08mdFtyneV1poktI7aN37bq1lY6aWKs/ciuVtu27d+X+8+6Ta23PQn1PTPM2f2haZ5J8htzEr644OcYJOc4OMdDHcX2muxdJNzKEGJFIQ45JXbxnGc57dOrV5nbWS2xLtGFckg9SuDjDdepwMdQCM88VpJcLtDu67lcBVOSG4wBgcEk5J9D3655K2FjdptprR2su121s2+i6X76napOdlrrrpdL7L2vr01avZ/M6W+1NJI5EH2ZIhESUTaGfaMDGOccg+/8PINfOP7Q9paXHw+0cCHzGbUtwkBYBCTyuMDGBycc98dM+nalqcGXIKl1jyqRnByOoGPTJBHqMdK8v+OdzFL8OdGkiYor3/zI4IAcHOAfQHdu5U8YI5486UUm1dWa1ul0eqtsn9973RtKLjTkno7q3dv3Vq76Lta26sl0+EZrGKBGVVJUEliwIOWGfvDjGRxk9OAMDjlBqepaJdw3Ok3N3Y3MLiaKa1laF1YNkZ2FcjoSp6jgg557rUWBjLKAxOM4yMDkDGeDzwDjHrjFchfxll3LtZQp52hmUkNxwME8HrjBwCBwaxdGDjypJ2tZpLRuzvdPondpbXWnQ4VVnGUGm4Pe93suVO1ve6bu7vJ+p9h/CL9trxZ4Zks9N8dQnxJpkJjQXhcpfwQp6tkB9qjjOcnC55Gf1o+E/wAcfh58UNNSXw34ksZ7iWNBJompzRpchyAXRYZiGfkYDBf4eMZIH81iKEZ1VfndiPZcjON33cHJJyee9dLoWq6tpN1Fc6XfXmn3duweG4sZ5IHVgRgkxsm7AAIJ6c8jivIxGX05zUtpNdrq/utu17XvbVb7NPY+mwGe18MoQrRjWptpNvWVrKz127Xb1066H9Tr+H9LuJbeW1e98M3oUlbyxYi1d8jJaMlkKHJOANuPunBzWhHqXxA0lm/taws/GvhXaUeWxija9jA+XLWrbvMYKAWwgJLZ61+L3wO/bs+IngZbfTfHcR8ceG7ZkR3mZV1WCIADMcxGHMQ6B92SD3OB+sfwd/aT+E3xUt45PBvimHS9UdQ0ug6tMtnexzHBdIlmKrcADKbo1AJz0HJ87EYavhYuTjzR5tXFtpr3VulzJaXd+uvQ+ljPLcygvZzjSqtRvF2TTslZdVrpb00VkzlfGPwZ+Cfxje7uLC+bwZ4pX920DoLNzKrZBls5VXzBuGD5YUemcgV5T4h+CHxG8F+H5fLs28TaNDGYIrrSQbqZbdCcSyQR7pFJGGwDjHOMYx93a34T8LeMIZj4i0WFrzaDBqmnH7LeRktgSrPCyeY+RnBPJAGGUVnaf4J+JfhG0af4f+JLTxJYoR/xT3iA4u3j2lhDFOT5bfJx+8HOGJ715E6znJOS91Jcqbs1Z9H36XaV1fXqcOIyS0JRjG7lq5Rd9LxWtk03tt+Vj819CXT7doFMs8N5DII5LO7jaJ4cgfIVcAhicjsM8A812slpY3FvqM1xE8IWBtjMchtoOWYcAAngYGMhc98/YviS4+Gvi0x2Xxd8A3fgbXidq69aWJhiWZflaZb63RLV1H3kZwcDrwoxwms/s2azLYale/C/xfpHjPTbyzeW2067uI1vVJVmRPP3CMsB/DjJJB45rSOKg9G7XslfX+XXS+vXTy9X85XyrE0ZwnFOajK9uVqWiV9Hqlum1v1RmxeENG1zwZaSPai51NdFh/s0x7i+8ADcQhBCngHIIxnt1ox/CLVdL0qCTVn8iVdMub+2kgJIDJC0qIzJiUE4HVvmxgg5ryvX/FnxA+Http0GseHdZ8PXmnWQ06SZLaSawlAYq0iuq7Cgxjjpkk9K9A0b4w6rrVjaW09xDfpPp0qPICFlQGEhl8p9rDg4yyj3wTg+JjMJi6tWNWjUjKmneUYyaaTcX00Vraprq1puff5VnGXUsNToYvDThWUVCNVq6baSTbT6O1tetnZ7cb4T+IviZ/DMcjXaarCl7d2cmlazbJeWxSGcw7RJMshCbeBk5AJwcA1y2u3PwE8W30lr458FP4S1AoY21Tw1MYrcy/caZ4eVBJwSACABnjbzLo7Ovga9mtojEDrGqLG5RtimS7ZsuwXIPOQc8npxXiHjDw9rckdrdrLHcRPuNwUTeyqzZZmABYjpggYOTnABr1sPh6janSrTjOLa0dldKPS6i9baNO+m5x5pmOGoLlrYWlVptXvJJJpyi0m9eVtWS1elr31Pon4d/sp+FdQ1pb74cfEDTdZhmhnuP7H1KeOC9XETGNC7OAzYPO0ZZlA5AGP2U/4JaeOZf2W7H4l6V490q70a58Q3aXGlXtnbNe20sNqJNzyyRIQqHHooOPbA/nO8F2usaN8RvCl3peqX9mJRcNcLDcSwq0aRnYuxTg8/d3AkDjIziv0P8EfGL4veANB1PW9K1WfUbG3jup9QGoxx3yW9mAwCsjK7BSSFLdGAwc4yv5l4t8CYHxG4YxnCmd1qn1HMqmHdV0pOnWUqFWlVp2aTil7SKumtd9T6LgbG5VSxUsfRwkqNWhTmrRk5U4xkk3JaWWknstbW8j4F/wCCkHjm8+KH7S3xb8XWsUi2ep6272s/IW6SGQqr/MAPmGeByBwepr5R+BGn6gPEhe6UyiC9hkSKNt21GUgscHgDPPyjPRugFfpdf/tRfCjx9DND8XPgxo/iFbm7mjk1PSlisrs75MNMQgVmLZ3hWJ547c6HgjwR+xd4p1e9u/h94x1n4caxKFSTTtfhaexin2n9yHJLBFYkAk4OcnOAK+64XynDcKcN5VkmEhVeFynAYXBYe/vScMPRhShJyW+iTbavu9rI+bzinSznHYytg8VSqVa9Wc+SUrN80tebdXV3ryp9L9+FYz3AiVkCKFdckMysowAGPcEZ7DqPm5qZLa7kby2lRoIskqpwvuFwOATnnoDjrnNfRV/+zt4lfTl1DwTrvhjxxZR5Eh0rVLYXpU9D9kMhlJbgKqjO4ZGSTnyfUvBXiTw05i1rRtR02Y796TQOsY28EiUgowB/i5zwM4Nc2Lxsqk3PWKbXxXVtu+r6dktm+/zf9i43DaSoTkr6yheaS93aWzS07bP5fMHxHtUPxR8KAoyvJ4Z1HIyfmOxQAG7bty4IyexGRx+m/wCxN4Wv9Qh8KabpdpLPqmqXUtrb26KRI8jyDA34OFJ4JPA4yQDXxvffC6Txr8QdGjtpHjurHwHrmrrIqtK7i0RWZVVSCAQPlBI5yM9BX6+/8E8/BtyPFXwatHb7PdDW0COEKSybHG5skDcMDp0bHcDI+S4/zeWG4IzbFUpJ18LgcRXhG6tJxp+0V0tWrx6fLuexkOTVa2b4P29OXsqlaLctrK8E1qt7a7ba22S+Df20v2Gf2nPEP7QeuX+k/C3U7+K7sNPlhNlItzLLGow7kKrEBVXJO3gHqcYHkOnfAT46fD7wN8QYfF/w08Y6bCmg3sMTnSrh4ki8hhM7SJHgRqBncvG0EkDOa/qv/aMPjeD9qmLTPBeoRw6unw1imittQmkFq04Z13lEZAZeh6EAA57g+Q/Eq8+NMvwv+JOm+MU8LSSab4H1uQzW7qZleWzkLI6klpA6nnIfBPy4G5h/HnDP0lOIJf2DkmIwOVzjWjg4Sn7SrRrclSsqSuvejJq2mtrvyP3Wr4RZNjMPXzilVxNOcVOpy+5KD5YN6qyfR9/Vtq38l/7O73mn/AnUlhWVCPFOpwcrtzIzkMpyc/KCRyDjG0EDO37L/ZV1TWbH4qeFYHhaeZbtQsby4CxuUO5sYztU4A5B5HLAmvnD4JeGLrU/gX4ovNPuhJdxfEzXIpNOUFVy11IZHU5AYZO1VHocnKmvor9msaxbfFbQ4BaLJNDqVojzEFniUuAVOM7VAHIzkjPbGf6w8R8XQrcDcQc7i5zynEyceZOz9hzW0VrdU2tt0+v41w7ltalxbl1SnGapLF01GSWjUKkU7tq13ZX0Vvmfpv8At0ajr+vfB+xsbZ5FUa7pzXkG+PywRKghPIIVlPOT+fINfEH/AAVBs7+2/Yk8IXE015cz22p6BayPcyvJHHE0EAEarkoACRtA43A9SAa/Sr9rSCCz+DLTsLOWSW90yVm2Hcsyyrlicb8EkKOQQTk55A+Cv+CqEgi/YA8HvLFFuu/EehsJEJYDbDAQoyclQPXIXcF6Yr+DvBjHqpnHAFCNKEWuLsapTjr8Uabkm1q3o1rZLfY/pHjGkv7P4gqSk1/wk00k00k/XS9/u/X8uvh3YNL4M8INETH52lIHkJIBUgZI7kZPIA4weDjFevWngy7aMzRXa4kjKruUsdvZucgjIAPA5x2wtecfDa6KeDPBjSbBE+kptBGRngbsYYcjj5cYJ/GvdbPXLOKEI5VgsYCjPAO05z3zu4JBOCAwAAzX+hWZVK6qylTSum+i6cva19tX63aP47VWKxUk7qPPtayv7u/k43Xya3R5na/DW5i1uKeW8geJJVlKqCCzlgWBIbdjtwSCOwr5e/aI063tPj78O4YWCF7dTLhlHKyqF6FiCOc88cZPOW+35dat3uY3XOxztwRkjBG4g8AHp14ORgc4PxH+0cqN+0B8NZEDEy26sQSMsA68cjqPQ5BOeoqOF8ViaudqNaSfLSqJJJpLRWsl23um7O9r3O3HOmsHJ00ndppxWltErPo3f5WVrPf0jVrCyTWjctMGMjxoe4ACq2SR33DnJOSOcZFezWFmZdMtyrRpGynbjrjGRuySADjjPcAAE14Frkjf2ptG8Ikq5DKSCdoPXvghvcBRXp2h6tKLBI2BILYUkscAkD1xtHBwTkZJOMgV9HxFGo3Tbdkmm+V2evI0/v12t21TPPyqable2ya2XVK3Tr9y7316dbCFpWR0jbAzuPzEkAgZ5x0wB0ycE96pfFT4fXr/AAL8b+LYCY7S2sDBI5Vdi5nRQDnAHYBiQeSNoJIGhZzxPNkKSXxuLHrztwPvc+pGOoIOc4938fRxv+xL8W5DE5MDwRlsAjbJMjEYxkcgAHPvx1r88zTOK+W4zLIxqSccRmOHoTSd04TnBa9Omv3a7n0uEwkMX9Y5k06dCrOLXRxSfbq+nnp3Pzx/Zx+E/wAQviN4aaPwN4B8SeOZtNjY6k2iaVLqQs42cBDIIkdkVgdw5Hy5C8jNesa58Evir4TmnOrfDX4g+HUtSGaV9E1S0jiYAncXVFIUBSx5JAHFfuL/AMG8f23Tf+E70nQVgWa70nT9SuvtVqs6NJ5YVEJZWAXJHykgcNweQf6cPEfjrwr4dmh8M/FPwRoL313aPci/fQtNuoZ4pMkNJ59vJklSPlA4I4xnj8+478f1wbxJjsqxOXUqmEwcKSWIdRr2kpwhJQlZNRk+Zpaa31e1/cy7hGrjMFh6+GxFSU6kXJU4ys4xjaOm10rX0trc/wA6nTfiF8SPCdwDpHjPxlo08TlPJa+v8IQecxStjqOMrx/ERg16/o/7Yv7Q/h0ok/jKHXrYADyPEOnWd0ki4GAzSQs3IOC24HHToK/rP+PX7F37F/xw1RfEcngfSdO1GRn+0/2Cg0ya7aViRLLDH5dupHGAqD+LkDp8m3n/AARz/ZS1+dotQ1nxZ4YtpQZIGs7qO4bk/IrFt5xg8gfNjHBxmvCyn6XfhxjqlXD5phcVl1anDmlWlRhUobRu1Wg01Hs36Wvod1XgzifC041cNiZzXMuWnJtNX5XeW6SW29tXe6sj8K9P/a21vxNY3dv4x+FfgDxB9ttbq3a7t9Nht7iLfbuhljMQUb1BLEhefXnNfj23j/4QQ+Mtfg1TwdcrKNYv8iB8qm6dnKhMZCpk4GAe67cHH9pd7/wQz+BtrY6pfeH/AI2+IdPtdP0nUb+IXsUZaR4rOWeKMtjhMqFbc25gSDxjH8P/AI78Hw6H8a/Hvhy3uYrptC8Za9pa3gXAvlsr2SBJVGOsipnAIGSTwDx+9eDHi3wn4i4rMYcK4yWIjgFSde8ZU3TVSbUfi30XTyPkeK8tzXB4ahPM6cJXm1G1rtpRdr9ei63W97HoF94q+AeoXE6LFrGmRqRhViYkPggA5xxx/Fkg9MnIqK1tPgheBTbeK7y0lb5QtzblVQHoCxAAwOpyO/cCvF7zw6W1O8t9yv5bB3YBQMs2SACM4+uccg9hVpfDUeSSkAwqqCVUk/U7Mhs5zjkckelf0V7aUXKSm76a62taOz2s9Ne/c/NKrpx5IvDxeqfzvdpPZ2v3tpfc9wt/B3w4vVKWnj613MxIaZlQkqOSSzAAY9PlJ21kX3wa0fVFaOx8eaK7yyFU86WPht2A3XHYdDxnpnIrz8eEYookmWNTuXHygbcsBkgKQduMHPIGRk9hWHhxI2QxCVZANwCTMoBVicHkYxn5Rx06DFczzKUU4Kd7XTva6S5br06LrvY64YfDt87oNbdraJLbd32+au76HaP+ytrVyWe08TaBckuuTHPECBzg4LZ479Qe3HTkov2YPiFHPdS2y2F3bxXRHnRXMLq7K3I4YEHHfJ64wBgV2OmaPepYXV3Fd3kcm5IyY7ibahZSQQQ+STjbxznGM9vCLLxn400zVruys/EeqoF1KaNYvtbsihHYqQpfJ+Y4J9VwMkmoo42VWcor3nF7rV30WrtpaydtW9NnqdqhShTty2TSs1d2V9Lp9Frv9+yPZP8Ahnn4nRASw6HK6R7QzK4YYPXoN2eeeT1AznG6Jfgv8RED+ZoN8xBPKqxyM9OV5wONwAwPoTV2w+InxUkij+z+K9QXZtWQF9yHGMnAPIwAM9eOnXPUWfxR+NMJK2uu70U4zJErBiSDt5QjIBIx9454x3xqYyopyTjBvRvu22tbWeltdfJ3sciw1Cpb3pJ6aJrXWKW2r3dr+S1srcVH8NPHFurK/hzUPlI58iRiDx0OOc9eh4A6YUVDJ4D8WWy730HVQBksRBIFAJ68gbj27tngnpXsNp8a/jXChdn068ZQBiS2U8DjLAIBjGeTxk+1akX7RXxat0C3Xh7RLmMjLE26g55yDkZGSAcH5R1wDmsYYqVn+7pyk3bo9Xbfu/V7M1eEoqf8RtxWzUeZr3dVdvZp+mvZHzrP4R1lZQZtK1JTg7f3EgJ4cMCCOcHJxnqcnrVJ/Cl5FkTJdRPKM7Xt5AFxzyduMj3HXngAY+q7f9prxgWAv/h5oV5twAohi3HjBxhMg9+xHXGK2V/aZsn2w6h8INOmlXAd44I9/uANvckDI6j3+atHiK7UbU7u8V7t0ulkk0tE7aXa+/XNYShfSo1qrK66pNa3aerV7XWq6po+NJNDKrtLhXbKhhG64wx3Ek4AbnqOg57ZqGXSY1TazxnkDIzvBXHc46gZPfP8JxX2dN+0P8NLpTFqfwbaI8gtBEikYwTjCAjk4ySD6ds40vxW/Z31O5T7d4C1HTgThvLilcqSoOcJtBzgDJ6DOT0Av61VvFypuLtsrXs+V31bSfT77aajjhYuKSqxstNrp7JXu7dNl5pXR+fWqwmHX/LBUASwnLn5gMgDGPlHOMgjJ6gHkV9I6J5r2qfuzITHH3OzAQAtjocnG1gScjBOMZ7V7P8AZX8Q688kmpajpc8k4ZRMGjRQgJClXOAVIHHI7nnivatJ8F/BW5tol07xdFFFtyzy3cUbFgDsYqzBsHrxwOck9KqOKjGOsJtt3dobPRXS1vbV3ve3ToPEYBzjS5J00462crfE03utN3tZd7dPk+fTmDSbUGTMc7VJweeSOgGRn2OOcnJqCxkV8kDLEH5eoxjB6eh5znvnPWvsCT4P+Bbnd/ZvjiydpMtuN1C6rnOFwGBbA4PJyfzMMvwH075WtPGWmTHYMZAI3DDYLI3vzyc5AzkgHop4uk0000tHZxt2tdtadNOyXS6PPngcRG60e2sZJ3fuvu21po2reiPkf7NKpO5SQu3bxxhRjnHJ6ZAJ56nOM0ojfcwGNo4IAZgu7OcZHYjgjGBwCea+qbj9n7VJDi28QaPPvUELv2g/dzjLHBH54UkjrWRP+zz4vjVjFNpk5PGI7mIMwJB4ywPI6gqD+Pym44qg4354Xv1bau7XunZ36PXTR7N2xWDxUU26bfa7v8VrtJXVltpfytofNb24AOVG9MKcZycngZ7DjaSeM44JO01XgI3tlWcZyAOR6fhz7juenP0U/wABfHcYZl0hJio4KXMLsfdcEjJI5yMnHYisu4+Dvju1L+d4ZvGYgFtkW8HoeCuDz6nI9cdK0jicNGz9tSs7/FKPXlt2v83pd67hGlieVc9Kau91Fv8Alvsn56Xdt73ueIWtmrsCy78DcRsJwx6gnnd6jGcA1574u0mL/hLvDMGF2XE0CsFXG4O+SAMnqOMYIOQOnB+mj4A8S2hIn0PU4grfOTbuUQdycdcYz35/hPSvHvGmiXll438KR3NldQyme3MTSxsjzEOMBUY7jyQRg5xgHBxXn4+vTdCbhVhflbVmm3s29NWur0VrdVa/oYFVPapTpuytd8rXRd0tXv3Tu7n1Xpnwuhe1ikMELf6PCwDQ5O0xKVDYXb1JyDkdRjNdDafCnTdpeSyiY7cupt0bBUDkYUn72QM8DkZ7HsbFPFVvBG0mj6mqLDb4WSzk+dNiFSSiYwR1YDnIJOPlrobS+1Q+Z59tcQ42ny5LeYcAHPO0ADGQRxkdeeT+PYvHYxTmqeIptqTt+9Wza2Sdra2te6bs9Vc+0oyoJL9xO6Sv7sracvZNaWvreyRwkfwr0VlSb+zIAgUYHkA7vVSMZwcnjHA6YxSSfCHQXCTSafGkbHAAhUjOeMYXAx0OcA9Bnv6xBrZXcr2YdVXBwkmGIyBxt+XnJ56k5PvbfXVe2wlp5R28FywVcgY+8Mc9M4PA4FeRLNcepKPt4Nq17VINrWKsnzSu137200R2xp4acb+ylFPVP2b2su6Wr8ls29evi4+Dfh2VTv0xNoX7wjCqxJxxkduOcdgCDVKT4L+FgzJ/ZwI4YkbgSv8AEcY6gnPfg568V6dc+Lfso8uSBI97qiOZBgHLZIB52sWz6cY5xVeHxRbNcNiMbnCFiZFIk65z1G45Hbv0YgAdixeaOKl7RSvayjK+3Lre7u9b6W622RzKtgYylTa5Xt7ya6xv0s2raJpX1WujXn6/Azww4Ui2dFYMBhVY4GTnG0kcZyTuyfyNOf4D+HW3IiMx5PzIg2kYBIJXqNxzk/MOgOePa4/EVkXKsjJngEBgqkgnPGOQAeQuBnJHPE7a7p8bndJGSSoyA27ODgHtnuARkAAjmspZhm0Zb1FG6s3dpv3fW6b0+elrtjjLBS25bO17PXaKb231TtZadUfHPxY+CWj6J4P1fVLYEvaQloyY1BDYPzblBzjkY44bg4wa+WfhX8O/+Eyt9Qm3sDa3Cwgop/iy249SvQdAAeB97FfoT8cNatp/h1rsMY4eIAyKTyC2AQCQTgDJ7Y755r5o/ZcWMaX4i83BU6moYuPlCgHbgcDJ4weMD8a+sy3H47+yK9aq5OrGouW93K3u/gk9Elt5bedXjh/rMPZv3eVqST0vZWV9d0io3wH1C3UvFeOMMdobcuCTwRtKgc8BQe2Rjiq0nwY8TW6sIdVuUcHgJcTIQTnAUhweCQRgckEV90xWthMAN0RRwuwhskD5eeemPcA9OByKsS6Xa4xsRwrAgEfM2cnaSDxjjjAPr6nzXn+Oi7SUr3u9N7OKsrJrdLZt6nVHD0Jq6nba6jN3e1r21Xdu639T4Ik+GvxFtsm31/VkxgqqahdLzzjrIOB17hu4601tA+M1ht8jxNr0a5BGzUbkk4xj+L5RjqfXIYHrX3ZPo0R3nyQG2j5WXI5OBgkjLY5HXpgepoz6SmY38tAu0oFKnG4HGc9FLAcdF79Tit6PEWKuuZcuu6Ule6Wrfnb8LX0JlhI7xqTSVlfm5ukdNdbadOj23PiUeI/j9pRLR+LvEgVTgBbh5cDn+8x6YHBGQM/KMgLZg+MX7Q+nsHHinW5NoIQXESOP4jtzt6g5B788KMZP1beaTG2/KIQu7Cbc5wCS2SMcdCcdDwQDzhTadbMnzw27Elsq6buSOMfUY9/pxn0qXEFdJSir6Xau/LS19fO7fTzZzyow1tOzezv6Ja3VtLW/Jng1r+0l+0TZSAzamLsBCpS4tF+6T6hQwzgc5GO3J52rX9rH442quLnT7K4XcGBeORsY5yDuAySSV5A5A6nFelnSbPlpbeAHI4MW75f4QeAB6MME4/vDpAui2khby7KEptZcmFSoJxnb8uPl9Sc5611Q4iqNpyi0r6q7v0vru136abPphy1YXaqyXbul7unfrbppZ9bPyXxL+2r498iXSNa8PWcbXtlLakqSoSKYbWkRXyQ2cnjofQVk+A/2n4vCUUEp0MXRWMxGQyhZidxYk8fdBJwo4xkcc58i/aO0y3tPE2kLEiRq9ocKq7ckDuOmP8eCTgHyX7I3kpj5QyKVwMEgr94EEfeP3sDcMZ68V9jlk5Y2jGpd+/72l9No6Xd0+jatdvVK552Ix1XDO7lzvmau+lrd9+umrWh+jEf7dumoUW68MTxuWXdJHcKchTgEKpYYAwehwTyOMDdtv23/AAO8ga80vVY42UqU3h1A/iBIBPXOMgdcZPGfy4WzlB2t8x5cDdgsTyDuPTvxkYOPXJZ9klkyjEgkcYAAIxuGSO5IIyOemenPrqhKCXvS2UbO7Vnbru7bed1vfTleeV7auNm1ZeXu3VrWfW2id76W2/Xaw/bC+D1yQJ/tkDMcs0sMjMq5zjcBnjtnPUkdsdTa/tV/Ba5KRR675e4qczpMm30Bweg9Pm6Db0FfjItoWIIY/KNpG5V3HA2gA+vUjJOMnHOKrPbyO6qNqnnJCrjjnk4PI5I5w3XnvLo1U/elyyvZO17bP+X0t1VnoUs8nLorX1sk73te7dr3ts9EvRH7h2v7Q3wfuCVTxXp+S5ZWmZlxkZwS7YxnAB5HHXuNyL4v/Du+gKxeMPDiknIzcQqzDPAyW9TycY75Nfg99mkVsFcYydwA7bgA2DgHJwOmDznkCome4jO9GKqDjIYnndgDC+hGSc4zzkDGIdKrHVNpdU4p3d4tNvfWz2d18teiGbqSSdODu1q3Z20bd1daPTp2vff96bXxr4E1JGX+3fDt05cqGF1ZjbgYGQ4PBIAzxkE4A61sJd+GbnPlT+GroKVJKXFuSF4wvyN78leTk/h+CFvqeowNGEnkGSWG2Rwcd87WIz0JH3uoHC5GxH4o1qJl8u+vEB5JW7uFGc5XGJB93AB/EUKGIdmpN2ato0946X63tZLf0uaPM8PflnTs99JJ7cu+j03a66q90j9u/Efg3wrrWkXczLpjSAK4igu9hcodzLlZArKwBBH0wM4J4P4d+B9IgF7qDRz+Q1w8dvbpqsii3Y4UmONZgpUjOCBjHQnqv5f+B9R8W+LPFGg+G7PXdRt5dYvltlmF/c7ELY5IMhBzk5BBPtWtd6/488PeJ9c8PL4m1aGbRdTubJyt1II3aCUoz7ScH7uQcAcYyelTz1FU5E+WaSb1l0cUnum9L6X1d29yVjMOl7R0vdlZWdmr3Vumt7pvv0uz9mIPCWn4/wBHbVA5TCqL2Q9RwQxkAIA6A/wgADOSLlt4de2LbtT1m1dTiNluGkLE4yxJ3D5eoJz0znpX5CWvxW+K1kqm28a6sgCghnl3D5RkAFsYHUfKSecr156C2/aA+NNoUI8WXEwQcGZUbIIwGJwRu9QcAc4IINaxWKcknUqaPRJtJaxW929Vbz13WqGsfl0k70raK7Si73SbTvq+3Lsut9T9W10e/lkZR4h1zzN3/Hw4jIVORtI8sZHOVJ+bP51ffQdUEDLZ+Jb0OeGeSygfjHzb/wB1345U4B4xjivy5sf2q/jLp7KX1Gzu1ODmWAEk4OeUTk8ngdxu6iumtv2zPidb58+x0e53A7nCOrHkbjnIGRkZHPJJHvDqY2mvdq1UmlfVu+2u0f8A0rqtXYFiMrqNc0Yq1km0m+b3dFpo9e9+92foLd+EvEKROE1q0/eqdz3GnxkMDwGUhQoyDnK89AOigZzeGPFMUREV5ocjlQibrIA8g4JC7QOMdR8voT1+KIP23vGiyf6X4Z0+5QgHar7VAA5K54PJJAyB1OD0rZt/25rxXK3fgyJlYKHEUsecr0x3GBuPpxyQvVRxOYX0q1FdJR5pNtW5bJa213Wi6ehLhk891GLutLdfc1d+trX0td2S0Prd9A8cwxoQNBYIpYFUaPIBwchWG9eRkHB6+oxVXS/G6uzJo2h3GRltrsoLk4BwHG09MjC85OcZz8xwftw6PJJm68J3keCdqxzAgDucEAMDzwOvbjrvWX7bHgVmdrrQtSgDHkZJBJIJIxghc53fdyfun11jmOZUpJ3TUfiUopt8vLun5Ld3ukNYTKmvdmo6ae87bRfyWnT066+3DTfHolmkXw3pc8g4VGmBUEjhSCcMp7EnPXHTNeReLrDxtqPiW1srnwXpEHlWpkwu14Vcj5jK3WRCP4Scgc4+YZ2bL9s74Uybhcf2jbblHyiBmAz0JI+Yn2yec4xTZf2qPhVrPiHTPsmpSA221D5lswe5aQ7RExwSQcYOemQMAgVNTN8TOMadWlDlum0o2um43u0r2d9Olr7vZU8Fg0+anXSa0VpXSd1dvpbru7rzOG+D0dinwz1pLi3EgtbtxHEu1mKjn5m2+YTwFznjJxg5xkadrNhrGqzWR0yHTbcN5Zkm+aRlAwfLZwSuOScYHHC5PNb4Z3T2/gHXIUcLIJixKnLMTleF5OOM8dz9K4K/WSaXzVkkWXczO6nZhmPqNpOOh5Occdfl+niqf1eg4RWsVdOMdVou11tZtRXXVaHwPtqv13ExlKSV7JqVrJpNK616vbz11R6/e6T4cg8sWjwSsSWdpwAMgfeXAAI7gdAoOQSMjyvTZIIPiHb3LBfssUysVDZjIiwTxwCvGQBw3PGc1DpyTZPm3Esirjb5j7lLcEkkk7eij6nqeMw2aQt4lRZzlcuzbQRliCduSBgfMAFyc7RzjNebiYr2tKStrONoqyjdONk7dtt9Xq29j0cNOsqddc904XTaeukdF9+tt2j2rxj8QNPunkt7RrcKsOxpI1KhAAcqAMDIPHXscjtXgms67LdyTxRSMYSh4Gfm44JBOT1HKgc8jJzne1iz00TXDnzEdpGwo3YwB8pPGCRycYOD7ViGwtVjZo2kfdEQRt6DAAAOOCMAHGD29a1lFynUTUV7uiSXXld+l3tr66WMKcptQbblNNOV330s1fqrWvrbV7nHeHnaTx14UuZlBUatas6kAcB1ByCD82VOBjOCc8kZ9x8f3Sy63cvHcNFG90yrFGSBsx1IycEkYz0xyPfxfRLZB4z0BRvRE1a3AZgeQHB2/icKWA6djivXPGtuG1zUd7MsaOSjbcAccAEjjggZ7ZPqQMMLFRjWcna1RKz17X+Xlp0b1sd+MpyrKhaLacU76u7vFbJbWvbda362PPb+2hld3ubmQovzIsmW5JHBIJx6nbnoDnPTy7xOnkzB4ULIH+VtxCAYH3QeDhh3AJJJGeCfSprUys2ZGKIM5OWGARgkHOCSclsfKD7KTxmu26yYVUcZcYYg7RyGOFxkgFQSCOxGDzXm4uUVNtSi1zJtyd77X66PRrVtWVk9Werl+HqKnH3ajk+jjLV2jsrO9nZJK2mu9reyatczt8OdByZZN6RDjkfdCgA/N0Ax8xYkrgHjA8wgt1Rhjf5h3bjheVY7hkgYI5GOSN3Q5Ne06yjj4c6EgjQqypt2ggYC4bJXaEbOSuSRkDHzV5nZWETyknKbgAWJJA+bA+62c46EZHUk4wDnjcXSg4JuPLyR0VmuZJJ7NXs1u9z18q4fzPGOfsMPVm5VG0pU9tUuqaTb6rdvp0y9aMKaGI1LFkmBBO8hn4JB5524PbPzYzya9a0yI3Hwetj5Jkl+3t0QgNgg5LfKzZGAcZyfqy1xkvh5Z4liZJbhGlXdhsKRnGNpwAvQhj/FgkY5r608IfCzUdU+GtoitptrYC9ZmSe8iM4XOQQuVYEYHBJJxkE5GPJq8SZfl0K1WrNRXsXGy1Tdk36WtpfZ6dD7zJvBvi/iKtQwuBy2rVnVqQSi7JWbV5Nyajo93fZdb6/E0ljM0pj8nYxx8xUnGTyCo6E84ODggfMc1HL4N1PUp4mtra4mkWRAA0TBNikMQHIx93ODzjPGTyPu7Sfg1bxOWkn0+9kMm3buUqyg8gvhgCvA5Oc5+te4/Dz4N6hNfRSiDThZRlm8uQwMrrkrg9SFI74yB1OM1+T8ReMeX5VRqVaNCWI5NYqN25NWeiSbdntp09T+yPC76BnEfFuIoxz7MqOWUpezdTklCpOmpct1uldL8ep8HQ+AvFPiG2gW00+4ke3tkgjhjRw22NQGbzcA/KcYGORW5Zfs5fEG+hQDw9PNK5DOs8wAwWAUg4HIz06Z6ZyDX66W/gfT9PiiNwuh6eI/kYxPFEGGf42UgFicZPYk4BxxsTN4N0lcy6zo0RRUaQ/2lFlwoyQoDggHjrjsMYwa/DMz+knxRiJ1KeWZFUdpKEZSjVk91FPlUbJ7Xsun/br/ALY4f/Zo+EGWKlUz/ivE4yooxnUpurQoU2kotrWTabdk/Vvqfljp37Gvje72yy6VawsVUyLc3QKkEHaOWzwOgA6EHBByPYvDn7HPiW30p9Nl17S7LTp0kNzYLH5pkZ+TluvTPHGce1fY+qfFD4YaUwW78R6bEQFQAXnmBiSeuHOOxBIzwQQFGKjtPj78KbOCaZ/EVqyW4ZWWGHeZM8NsY7t2MgEg4wAQO5+Yr+LfjHmNlgstqUFO9pU8HOUne3eCXXfqtXqfo1P6KP0SuD6MZZnXyapOjJJrHZvh4SurX5oqcZPVNav5dD5d0z9irw3bSQNd6tHNxta3s7dShB6l96FskcY6c56dfUNN/ZN+GWmOs0mkyalICu9blVijAzyQcDA44/HvitvUv2sfhRbRSyQPcXnlN8pURwPgA4xu25DN2GcdD1GfIbz9ufwr9qSy0nwxf6hcTShIVuZxibczfdC5LEYP8PQ8nivHlX8feIXaU8wpxlZq3LhoJaXvb2bsl31vsbvMfoQ8BRcaMODHiaMUp8kIZhUc0ls7Veu2iTd7W1Prbwz8G/hvpcISz8OaTbFXU7Xt0uDkDALlgRk4I2g8k9+ten2PhPw3iKEadp1siL8v2awhU4AwvGzdzjk8Hjp0r89R+2nr7XMum6d4W0y1lQyOklxIXeEJgkSqnQA9QQW6E8/MOIvf2yvjJd6n/Z9iuj2sd3kJcW1jLtjHzZZmaMLkEdNwJyDjJC1yy8GfGTPKsK2MzWVFTVp+0x1SUmm10jKWm6s7pJba3Pls0+mF9GfhmnKnkmBo1o0n+6jluSUILmVmpKUlTVra3d9rvSx+pmoWml6VHbW0UVq0cmJCz223Z82AFZFA3ZGCvBXJBPQ0822mxwCWW80y0iYqSZbtIwF27sSKXAAbB98g8Divw4+JX7Rnx/1WU6fD4mvVhSGRpZIoorcR7WOSuUSRcADvySCCMCoVm8aal8MNG8V654x1h9R1fVXt3tZNRuGjkhjIUSqI5AMkMfkIB5x6V6WC+i9xLiXF5pxCmqk1zRj7WrJRdrv3klZX73XqfBZh+0W8PsPF08j4YzGrOmvdrVXhsNTk7R2UXUaV99NPM/am88efDfRVddW8Z+HLJojgiPUY2cDJBUBJBhsjGNuc5BryvVP2nPgLo8pjfxi9+ysUYWqyybWDA8PyGUngYUHkbcmvyfXQbGFTPdy3V9MVSV3uJJHBGNz7sknrnHJJ7jBrzC7awHiYw/Zn+zxFJVCxgZBcfMxGMKSdvzZJHAAzz93lv0TskhKn9dzHHV+ZxT5JRpwbklfS0nt591dbr8m4l/aS55KnWhk3DuXUedqMHXq1KklGysrx5I30b7bbJo/avx7+1z8NvCy6JbJoWsaquo6YLywlDmKOaBgNpYOCw3EBgONxORuJJHj6/tzaZL51to/w5nEjNujNzINxYkqCxKghQclfX24U+CfEW0sbvXPh7cafp5vp5PCNtElmyu0KsIhgqpO3eSCSMcnIAwDjzGLR9WXTtQRtHhtruW+2QSLKEuVVZAREd+cKpGRxwM8HrX6Bln0YeA8NKUcRg6mLqw1vXqzbaulpGFopWt21vdXPwPNfp8eMeOi1gswwmW0JO6p0MNCTTbTt7Sbk0n+StZH0Ov7fvxFsvE1nolh4W0XT4rvVbaxeaaMtPClxKF3IynDFQ2cDk9ccc9D8dP2ifjvo3iMaZ4d8Ss1hHpcWp3U9tBHA0ZmRSsSFwGIDEDOcYHVT1+B9e0yfSfFXh26vryIl720lMPDuJo5grhSoBBQ8g7ue/Xn3X4vtt8TLcT3F6YLnwzbSK8haNSzqCEBYkFDkYByelfU4HwN4Ay981LhzL5umrNVqUavvWj71p8ycl3/Wx+VZ19K/xpzyUnX40zGj7RvmeHqRo8sbxdlKmk1o299Urs+jfFfiTx1b/s6SeN9W8Vavq3iPVJ7ciAahsEFvcFRKkkcbB1A3Fkbtjpzwv7Kd6dY8D/G7WtUtP7TbS/CTi2bWZ5LuS1uCjGSS2aV2KbsHBXgHBJJrnPGN+g/ZVug+iNBJHDp6R3olJacmRHGzccfdHYDGePSuP/Zm8WwWHwp+NMl66WzS6CyeT9oRJGQxlFBRjycMHKgbmwP9oV7+D4F4ZwDqxo5RgcOnLnSp4elTtZxcUmoK3bTp66/m+b+LvHmcyjPMeIs1xt0lKNXFVpOV1G/Xu9W/v0V4vA3xZt7GSy0rQPAOgaq0qSzXJu/MlumkTcH3FWKhGyzAEkrzwBtzeu/jxrsDaj9k0fw3o88chiaCDTLe4lgbflEUhGYbTtA+YD1POa+cfBfxMs/Cyzq2n294sv7yO5Qr9pVXzuUGIbzljjbzkc9cV30vjfVdamaTwn8Pru+urtITFFY6Be3k8s2FHmOywHeXOMjOTnAx39v+z8ko8vNRoRsldtQ0+Fpa+qvp1ej1t4/+smcYikuatiZyvfSU5WS5du127t+fk0ux8JfFL4k3/je48RWWoagutpZC0jl0qxjtgkLHJjKJEu1QoyGxycHOcivY9V+Mvx/mAf8AtrxLt8p0B1G8ltodiIQSrxsjAnGQP0OcDzzwb8H/ANsvxdqCXngn4MeOI572MB7qPw5Lp9psdcKPNuIFVRtIIJZcAjuTX0p4b/4Jof8ABRD4lJbnVPD9v4dsmch5vEfiSwsliViCT9n81JMLuzj8DnkjnxUeGoSVWpDBVJRiop1IQnJONuWzfM0t7JLqy6Gd577GWHp1MbCMvedp1Fq+XVO9m2n5JtLU+X/AvxT8d6hcak/inxZrzTR3rJDbLrF0YpfmZWMm6YlVAJ25x1yOleiXXjPSjdxz309xcfKTK11qsk27Cnd5m+VtwB6LzkMoYAV9meEv+CKvxGhecfFf9p34ZeBopCsstnpsr6jfsckyJvgkOJUHy5BUdMdRj2nSP+CXH7DHg0tN8Q/2k/HXjyeMqJbXw7amGzdwFDRB5MOVckj1POCcADyZZ3kGGTVLDUd0k6dKKs/d5UlZaWe9nq29CaX9t4hJVcRiFG7t7WrLRXirauXfv5K5+Vl58VvBFizSSLaKIXYCNJYnyScHcck4IyRg4PIOeRWTL+0J4cB8nTbFruQAqIrKzZ3JI4XKxn1I4PoSSPmr9yvDvwD/AOCX/gaVjovwH8U/ES9gKKJvEOozRxTyLwXZRIFIfGW+XvwATkex6N49+AHg8yH4dfsgfCrw/wCUAILnWrWDU5k2gBZX89ZNzLjBJ/UCuOvxjg7Wo4CcnHb3LJu6W+tuj1eyd2+nRHKa8lGVbFxinZtczd9Y9dPLWz63P58NO+IHxX8U+RD4P+FXjXXvO/1SWPh+/uombAwoMMByfqe44xjHs/hv4Cf8FAviGiL4P/Z08WWkdwwRZdb0yfSoAjE4dnu0jCgA8/N8owT2NfuaP2tfH1lGkHhuD4c+DUztii8O+E9MiaDqNqyLaliQM/dJ6j5hwawdV+PXx28Tgg/ELxdeJKQpi06Mafbop4wnkiMKhAHPp93AOK8utxdiaqSo4SSdkvg6+7G11qlfRNWXlc66eDwlFWnX5mrK6knZrl1u7v7ujXRI/MrTf+CVn/BQnx7b26+MJvAnw503apnj1jxJpyvtYjd5sQmVyUzgqd3Tg9a9P8P/APBFe5gDz/Ff9sLwF4XjJDT2Ph0/abpQnyuiPDIysePlIDDJxX0vr954puvOufE/i54VZctL4i8YC0A3DkOktwoUjqwKnJ9Oa8n1T4ifB/w5HKPE/wAY/AtoyqxkS31Qa1cKACDtWCVySMdskcAc1xxzvPqtRexw9V8y+GMZWd7at8v36u/dalzWVpXnUjok3KTd7WjfdpeXV+XU7Tw7/wAEzP8AgnV4FSC48d/Gv4o/Ey7tRvli0rMVlcEAg8hWYKSCCAwIGDyCM+u6H8MP+Cavw+Bm8Efsv3njO8jPy6j4qvLh/MkTgSvC7KpB6sFyD2xXwrq/7Wv7M2hQyCD4ja/4mKK6+T4e0C7iV8dQks0e0ZGQGLY2/dI6N5VqP7enw1ijf/hFvhx4814ldscuoXsNrASAVy6ZVwCDg89Nw4yK6FhuJ8W02lSTenMtbPlTau5PRK11Gz02TSOZY7J8M9JKq9Nmk9XF9NN1azV9dj9am/aE8NeElW2+G/7P3wh8DQQgiKefQNMvbqIZUhsyQO5ZMBuSxya5PUf2sPjVqQa1sfFVnpEUjMotvC/h+KyUA9NrW0MZHHAwcdTySa/H66/bz+I4Lnwv8KvCej7lwLjW5nvplXsXVnkXPTGABnryRXB3H7Xv7RvjLVYtIXxtoPhYzkhYtC0ayUQxtkviYwKwCKc8lTn7pTg0/wDVXMsQ+bEYubUmm0pSs21Hzta+7tZaeRlV4mo04p0MPFcq0b3taOuutle2ztZn7E6p4/8Aiv4gU/2n4l8c6nuG5laW7tYQHOMs8rhF5+8QBxyegNee6tqtxZW8kmva/oFjHt3PJ4h8UxvdRjBb95B9oBZu+0D7vDDdkV+H3xF+PvjLT9au9E8WfFzxtrEsRBkWw1F7CBiwzt228iFUI4wOSB8o2j5fG774z6EJA72N/q0ocEza3q17dM67t7blllc5J3Hk9CAoHO7sp8FUIq9V+2nu07u6SirN3Vu2rvr6HE+JcwrpqMowjJLSEW+1tb2Ts73vZXT1vZfup4h/aD+Evg+2C6r4+0aaeNSyL4es31GUscbUd4gw5IwGzgjknqT44/7cvgiC4li0Pwn458RuhKiYwDToGAwPMX7QgAX+LcM7c9hk1+XGqftR6a/hTVfDujeC/C9h9vs0jTUfISS9tHUAeZFO6GTLMBg7iBkdM184TfHDxeMww6hcNGqRwqhKqgVRggmPn5uo7kkgkls13UuGMvgk54ODa2d9Vez6PZW/4C2XL9ZzKrdLF1UtHrezTsrxsm07XV3fzP23vP22/Gd5PMNF+GOm2sYH7ufxBrEUhUHhWlihdQCOCQAW4+btniL/APag+M/iAXdlqXj74deB9OvENs8WlWjT6gttLxII5p2dFkEZcLIoDKRlT6fitqvxG8WagxMuqTQ722lIZmAbI2gYDDJGORnBxnOcCpNEh8U+I7lbaxTXdWleRdwtreedvn4VdwB2gkYJzgDPGK9WjlmCwzg1QpQacXeyezWiv2to2lr1ZMKOOqcyjOrUd7attO/L1vZ62ast730Wv6vavrXhy90Sy0jw/qsmuLaaoFvNekZWe+vJSzy7iuRh2yQBx07iuc8T6hJaabqWCoeK0baV4EYEZAHGOfboO3pXz98IrPVdBsn8NatZ3NneWurJfXFvdMyyIjKNpcPjDdDjjHGDjIr17x5ckaTq3ktlfsj7mIHGFI9uuOCM5yBk9R+wZXU/4T6MlqvZxSvs7Rbu/JW01s18j8/zSi4YucJ6OE7SSet9Oll062u3drrbuvAF3KPCmg3MTbpZpmDOAuA0jgAY5zkbuTnBOCxzXn37U/xH8Q+HNR03R4TJb2LadbTgh3QvOUBGGQghDyehJAyCSPm7f4aRSz+EPDIG7y/OV5NoOFPmIRu4wcjnnj7wBz0zP2g/hx4Q8fa3BqHiH4teHvB9pY29tby2F24muyqRkBliVgwIGSf4WOCME14WdY2FClGTk000rKLbu4xfRbN2aet7Polb7DIMJLEUZxp8t3GGs2o2XuptN9u9rJ38j86tU+IWvX6kvezdW5+0SkANnAALlvTjtjnBauWm8R6pNA3m3EiPuJUrP+8LDJy7btxJ7gdSeBzivpK/8E/soeGJ0/tf4o+IPF0kJPnRaFZiGKQr/CjzDYUPPIOcgHp0oyfEn9l/w4rJ4e+EGr+JpY33Q3PifUtsTnqpb7O6jHGSOBnbjnNfIrNK1bm5KdV3slvFO/LtF2VtFd7+lz6SGTU4SftsXQi2tfe5ui05YJ9bat3VvmfM8mpX9xFtaa4mZ2UrFEkkzjJyoOFJbOBt55GOuCa7vwr4S+IerTKmj+EPEF7FcISZhpdwUZHyMqxQKAe57AAZwK9Yu/2sbqwCp4F+FHw98JNtEcUsVguqT4GQH/0yOX58jOByTjIJrnbv44ftGeMpI4tP1HXBlWRLfwzof2QYcY2oLOGIbRkAYJ+8AODisKlTMa8HCnShG6VnNybS0eqS1tq2lLdrU6sPh8sw1SM6ledRppv2UVZ2cb3cm20/S+59Fah+zV8WPGngzwXJJFpOg/ZILm3uD4h1G2sBbwE8SR+c6mTGRvGcjC5AwBXP2n7IXhrS4nbx38e/Afh54y++CxnXVJGXqdv2WQqWAU44GPxweT0D4JftffFSx0zTrXwX8TdWht5nWGfUE1O2QNPgnLzER+ThgckYAOPr9I+C/wDgk3+1p4jTzfEGl+HvBsMuJPtviLWIJXUNj5ng80OxCnJGMg85GCawwuT51KNnifZxcpNeyopW5mtFKcnblva9trarQ9HGZnkcain9QqVmoRvKtVsrpRV+WKXTfVqyvorHmdj8K/2LfCklpda/8ZPEHi+SJtl5YaNpjwRyKOWMcroeoBIw2DkcjAx16/Ez9hfwk0Q0P4JeJPHE0TOILrXb8xQyKchPMjjK8E88DgDOTjA+u/Df/BHSx062t7n4lfH7QdMRWU3EOg6fNKSBgskcjgpu6hSOOBwSDXpEX7C37D3gZo38QeOPGfji+tv9Zao8NjZzNEPm/efKRkj6lcAnvXqQ4VxuIUVWxmIlGXLe9Tkj0TX7tK3Tq+yucEOI8JSd8Nl2Gp8qur0vab8tr86tfdLTo9dNPzxP7X1noeg+IfDfw4+C/h/wppWvs8Zjht3u7hI2Ur5zSEMdyKeCRgjoo7YfwI8B/tnavqZufhB8PPHNxp+sx3VxBq+keEJZY5ftJbctvePbHbHyMuHIVe2RX3lqvg/9n7wfqF5J4C8E3dho9zEYWub5BqVyGDrtVDKJY8SHAZl2kDkHGDX6a/D79vLx34L8D+F/DXhGbSvDFnoWnQ6dbrpuk29veyWqRgLLII4Vj3kfez95s7iTXVHhmGFhOnTj7WU0rqUnPmacbOTm5Se7aT6p36Wcs8xWJcair08O6esVywgknNX0ha27tdpK1ne7t+FPx3/Za/4KM/DvRfCPiL4oWfxBstP8b3UlhokC6vcbzO+SFvLWFwLTkqCsqqFUMMZxjy7SP2E/2ofEkSya1Da2IlfzZJtd10NJtGDv2NKfmXocgtkY4J5/cD4w/tL+OPixFaW3i/Xtd11dNvjeafLcskaWbS8ZiRRsz0ydgxgngkGvCk1S6uir6jrN3LGpdRGJ2dijYPzAlh0PYE8YGSQT7WX8P0FRUquHSmmlanFRUVo7vR6NJPRrq0nojxcZjsTVk746dVbtKpJx6aL3krdOiPgrSf8AgmtdNFC3jj4s6DpKuQ09tpcTXU2Fw7AOrbWbdkZIwcHjHI9l8OfsE/sz6JhdZ8Q+OPFdyrAzR28yWVlOQcEsihcowAHzZGAfU19D/wBreH4C+C1xKjHG8kqqgcsSckn6/KCMn2qHxrotvIfLt3KrnzDvwTIQc8gkCMDBGOhIX7xFe5DLMHTpWWHhaKV5PVtrl1V/xdkvPZPxXVU3ac3N62eltXFa6P8ANd3otcXS/gR+zT4X8tfD/wAFNEvrxFKQ3ev3s1zI0ijbveJZNu49wVOc4GK62Iw6PPDH4c8MeD9BRV2ImmeG7GVo9oAP72eBnyBgbg2SPm+ZuK5a78fxLKos7K0MylgHJPCEkkFSCOhzzxngHPB5u98canctFElwlsS7sfJjAztJBGcHqPccAEgkADq5KcIw9nGnBxu1KMUrbWvp6q/kn6ZwpUWpaaOVlrdJ2irX5rW8np23s/YYr3xG08cg1a7XIYssWzT4cE5yqQCIZ5AAUdOODTrp/tPz3+qxjbg7bi7eQrkgktukJDH72cHnmvnu78QalMHFxfz4Vi0eJQARggHhhgcElcDHqM1Vkv5HC+dcSyCRVLsxcMOAFKZycgckEc8Z6clV86jJtJq12k7Sa5bNve972fXTdHoUoxhDlWjsvv0S87PurNfifQFzf6FBCYLnV42QBkItIw7kYJ2BuSecbsAHgHk4rltS8W+H7aJFgtpLqSJCVlkYRL7AqpUtklsjB6dQTXj7aiEKKhUhnxgnDkrgDk8Lnqc4647VmzXZaO58x1JBwwOSyk9vTPPGOpHBI680uRPV3enRNJOzerW9la2m99NTX3bWWjtorp6tK8t76atXbtq10O01rx7qCKGtDHaW5iGREA0mCRyGIJyc4yc7QT1NeZz63qF211LLd3W1wzRqZWRCMkliA+1Se5wwyDjJHGPql/EiQx7ZHSTcGySC2TjAGeSDxx8p6gcjEEf7yGQNJI6lFwmOQCQdufm6DG7dnnOD1zinFSk7RS0bknZ6rRaNddH2fZbcs6tSclBSTejdldXdrvS3kra308rdVpl9PcRmWXLKNscbSPk4UHByTnjjBHHtWvJMwkjZimIWG85G3cTkHH8R9huyDycdOLtrsW0LRpubag3BjtO5eSQrYGBgfMpAbaRyVrPuNcjjQCW6t4tzN5m+UDaTzxySSOgGOMd1xWka6gl71nskm2t1fRp9Xtd9NdWXSUoq7d27Ned+V2s766u9uunRnaTamqBxG0eFkLMyliFIycY44I4wcH3FUW1jfvYMf3ZLbf4TnsOM4PJB54+leW3Pi7SbdpIm1Hzd8hysAMjDDdcDdhj1xnkcEZ4PP3PxF0+zaf7NaT3JU53O+yNjjlSrHDHswGeAAOBmhYpylyxi5W2UbtvZa26vTpfbuy3iqVNWqThFXbackrWstbta26rW29k2n7z/AGuptdp2Kjqx2sN6yd+u7AB6Z6nH5VDq0KRoJMlHXfhvlCBc8DoMk9sgYxxworwCTx74m1ZVg0jR5n3oQEtrWe5kVj90RmNCCe5x0HI6EVvaT8Ofj94wEKaN4G8W3wuF2wudOnt4sMQOGdAMnoDxxjkHGOrD4LNMVLlw2XYuu5culPD1XH3uWyvyre67dXd3R4OZcXcOZVDnzDOcuw0YpOXtcVh6b0SumpTXbVLbW1j1XUPE0UVqE+0Q24Idg7vtBXB/DGASAeTjjOOeEm+IOgW05S41mKQB1IjhG/b7gjncTjPOMgeua9GsP2F/2mtet4pLzw+ukpKu0nWL0RspK5IKll7E4GCeMAmuq8N/8E6PFnmxyeNfHOgaG4uMSW9ohlmI3chJWJjY7DgdMtkkn71fS4Lw740zBp0cprUozatPEThQjDm5Xd80ou26e76X2PyfPfpHeFeSSqQxHE2Drzppt0sGquMm3ZSSSw8JR103dlf0Pn+8+KOktLO8El3cR+WFXAwZD12qCBtTHO7GAMjJHXk3+J8xacWunrhj5ayTylwuecBFJzwckjuTz3r9GdO/Yt/Z58FyTXninx7dalJtAnFze29pbYA6KzMp+YkjHGOw5JrUk1b9hf4XwnzbTw5f3MWFDPdJqMrlcEOqo7qTyDjaB1PvX03/ABBvOKSp1c1zrKcBD3XNVMVByimle7bSutnr57H5divpecOYirKhw5wzxRxBUu1TWDyurGnUd0l70k5JOSTvy6LU/MBNf8caxOi6bp17MssmIl0/TLmV3JwEClUYLk8bjjGCcYGD2uifBL4/+NLpjbeEvFXksC7NPBJa2+wn5QxdVXaPunnPYD7xP3ZqX/BQb9n3wgnkeBfAVpdlNiQG30e1RGZchHEksBcAMPvAjPTgkGvFfGH/AAU1+J+rPLaeC/Cdro8b7syNGqARHKqxwoA4BwozggDBxgurwh4c5PJPOeL44x3XPQwMoyu1y6Xgpx33u/XolMPFfx04qpNcM+GVfKYVE/ZYrPJyppJuKU5U702kk27Wf5XyPDf7Afxu1ya0n8T3On6Dp/MoS+u0cbQeVMcbo+7GWXcOo9gT9BWP7CPwx0S1t7nx58VYI1iYG4srS6t7MRkHcVDSOC3yg45J46bhgfnz4j/ap/aS8ZtcjU/GT6RbTJ5cMdu4QpHuIJTaAQQvQnkYwecBfE9a1Pxbq8yTeIPHOu6mWxy95cLG7HBYHMgAOMjOAMAA85rklxV4Q5JNvAcP4vNa1N+7PF1bUm046tS5lbrbkSS3BeHv0luK4xWccb5bw1g6qXPSyjDOpiIqVnyxqSUHdLRNVOl7vp+v91oX7Dvw7JivNR03xBNaoytNeah57s6jkMiSFWbcMcAjAOeDmuW1D9sz9nTwRGtp4G8IWeoNCpERstKhRgRhVBlki3PyMls5yCcnIFfkbFp2mWsnmSxm8DPlnvZ2lJbdu3YZmGASeTxgYOc1evNXsbeP/R47SMq+fMihX5FAAOF2kbcYHHbnvzyYnx2nh4+y4d4byjK4JJRn7CM5vWOsmowjdWvez1T3szfD/Q7pZtV+t8a8e8V8QVZWc4VMxq4ehJPlbShzztFu+0k+3Z/ovrf/AAUO8a3ETQ+EvBqWcbErFNcssaKh+UnbGqgEZz17Yx1NeF+I/wBrL9oHxHJMs3iOLQbSTdhLaRiwByMhyxOCMYIIwQdpHFfIlx4qjQIPtm6LKnaQEByQT8qLkd8kFQfUmq1x4t0+NiEuIpTjBXeSCSBgYJPzAdOgHfgYr43MvFzjnMk4yzOeGhO75MNGnQX2X7rik1otUtdb7n6bw/8ARe8IOHnGceGaGPrQ5f32ZVKuOlJxUdf385Rbe+ib3tfU9b1Txr4311zeeIPG2t353Dci38kMbrnn5VcEE4GCNoGCeSMDEfVo5AWaFrglyRNeStO/JJwWlJ4brnJ3DgDaOfI7jxfZtGqr5jszkdcADOQM9AB8qrnOfwzWbdeKrl08yGB+WQB2LBGwMZyeAMDr0IA7ECvhsZnubY6beMzHF4mTa0q16k/eur6uTTi9eV7p7rTX9lyvhXhrJqUaWW5Nl2ChCKSjh8JRp6K1k+SnHblXpbft7XbapASzbV3spQrFGoTb8wLfdJwckE4x0OeQKtDV7e3X5ZYwAysRKf3jDOc9QcHqBjrjIByD4xpknifWXWPTobmadwwENpA80jA9AAq7WxgEEbs9O3HpWjfBb4yeIIhPa+DPEdwCwUM1nLHkngFd6AkYPUfKfXA58mo51JOTlJt2Wt1d+7ZK+r1S2Wqu7J3t9LQoxUIxpUE0mkvdSVrJaaN76tpu3ZtlyTxTAh88MruNwK7Qo24ODxglvQnHOBzxWIfiDPBNGYIxsMm0iRt6thsKmM7j0HPGMYJr2vQ/2NvjBf2hutT05dEjByz6tdw26Qnu0mWBOF6ZHHA4yK6a9/ZU8KeFdNN/4z+LXh2zaErK9jpjG9nA4IUmJmOcDAz0b0zxnTotzum9db6PX3W7O7S1tdNdVvonv7CpL7ChrdJtJK9tk7vV2e/ojwi/8W3tzNHM1xFbeagbyYWUEgA7eCSoOM5OMgjGOprCbxcbJWWS4gZ8llDAySHPGCwznJ7fX0r1i48N/Aiyv0W11XxH4omjTlYY1ghLgYAAI34P1Jw2epWq2o6r4K02XZo3gCwS4ThbnVZGmkw2Np8tSQc4I5HBIzyCK35KkruKcUkopS0bStvotb7P8bqwRoKOs5wS0V023qo9dFftun0R5QniPxDeTItla3moORgQw27Oikt8u7CZwvUc4B+b6dLaeGviXrEbSjTTYQFuZLrbbBIx1J8zBBUZbBPC89Rz0s3jjWhH5mlrp+jBWCpHZ2cQfg4YK7IWBPHY+5yMjza98ReINUkuV1HWNRYmVxOFndEILHCBEKr83HReTx71zShUi7Su1teLve/LfVaLW+jSVtE9EXGVG9nUlNJpWb0eism108ndLXu79Re+EI9NQy6x4u0y2l8vJitp1uZHK8suISQG6LznJ6j05z+1/CumMWjW71iUKVG5SkRcnbyCAexOQTxgZ6iuZttLEs/luc7ssZGYyOxz90lsk46Dngmtt9JjigkIUKoALMR0IPA6ADtnjIPTAzWMqkYu9rLmWr2uvKzfK3tbdtJpddVyNvkiouL1vZWkuXyV+6tvdXJb3xzqTRt/Zttb2MQAChVDOGyNoIwec46qcc7hjrwl9qOr6qZmvLu5eNsqwRiilhjAVVAOMnn+LvxzXUxWUUSPtHJ2tkgsCTk8ckjGSAOuSox2FQ237xok3FGkUO+0Erk9BzkZbAOPugA55rlnVk/RWdkl5Wvbzdnd9bO1iY2bs5K63S01vy3te6S87Reju1v5ddRF5hbvJJ5m1mVj8zEDkp8xOFwMYz1OPvYxqrZR/Z2ZuSIdxYrgnHXkAY54PHPXFWbqyiXVpIWLOQTg4HO3IAyOhJ65wvfgiui+xxJavvUqDEFIOSSQMLt7DA9vcjFcsqim/K1073tdpNOydtummjtZGnu7S2t23fu30Sdtem7tdvqclpNpFcO7LEGZ2x5bRhh93BxkbScc+xznmtDUNNVJIgIo+QvG0c/MQdq8kZGOnfPatLw1bqC6qjea0riPcC23+8QRnGAflXjggY541NStnN3Ar4GxWYfLjJGRkk5HYnnJ78DrKd2rXVndLqnZaJpXeq+LXv3vfs4undaO8b3SXROys07vTXZ6dFzHASWhGpRrtAg2MMdDkHBKnhR0Hpzg4JBrq7SyQxM0iFxlQGbdkqPYeg6Hpt9+ta0ga4vhGzAEiQ/dw4BfGGK9yeAM5PAycV3MVs0UGzaVUKAQRycHAxjvjOcDOBgDq1VLkcUtE+VXaa1fu67pXs7p2d9NeoUqd2ndbfF20jo/S6b2srNtnKTWywxyuybxtBjVgAVAOMD2xyT74HTNMs4PkeRo2KuUKKvRWwCMYPryAAT6AjmusltFeGbcRjYAwI+ZCME989jkj1OBwazbeFUdEjzIrNuAIIO4cZAB4x93g+p6cnPld9Xqvl1jpv5a3v12SsbtpNK63s1dbO3S7dm3re1/uvmi3JQQAbTIxky/GQCSAoPY8cYJHGMjIrWjsmZbfaFTPytkfKy9CR90E98dyc89tK306RmD+UWdSzBcKB0GRycgc5wRxnOD334LJyVaXhUAQRDnkjkgr90YAOPXrg81HsnfZRvbVJt3Uo+q0sldbPVq+yjB6NaW5eklbWGvvOyad1dXunqrJ2zrGwCF0aNpVBUHaTtxtOMAHrjr8pHHzYIIrqLXTVZVaQGM+WCmVI2EfeJJGCSeQR0yOo4FC41Wz0+NE3xSPvIEcYBkLjoCwG7jp9AcHk1PZahcavNb21tBLKWfcY4N4WPPTzG9gSTzjI5x3tzp4aLlNpJJK8vddvdV7trRW7b301Se8acqi5YpSlpaK63tZe63snrZOzaklokbkcVpYoZJMjzBuPzqXAVgcY4GWPXAxjPQ4Ne2eCfiFd6RBZxWSxwQkMrTTgKXUg5Ck8lj0yMk7jx6eJ+INMk0G1W6upYDNc4CQo5keJDngjnDMPTG05zXnp8Ra5OLlLRHeKNWWJFQ5VTtDPnAAI4z6Z968PE8RVYKUcHPkcrx9o2rXule+1317tqyvc7o5SpWdam4tNJRtqrW1tu7paadVpu1/QN+zRd3fiDwqNW1n426X4H0qOSHy9Ie/to7i5BDZMql1MakLzkAgkHuQfYJ9O+BviVbmHxH4/g8VWmmXn2i6mu9ejEEsyOCqLEZgWibB/1ecAZAycj+XiK98RRPNK+saksO3/VxXswiQngK0e/bx04HBzjk1Y07V9ageJX1XVo7SRyzst5P84BwSyK2Dxk8jc3JBznP4xxFwlxjnuLq1/8AXnHYOhVqSVPDYTDwpqnCTS5XOM1UaSvZ3vdbaq3oUsLQpQkoUlFSa5lNczavFXVmlFaPZvyVtD77/aqf4e6n8b9aj+H2maZY6PBZwr9qsrkTW088KkERMGwCTndyTnIPJNfpX/wT/wD2mvAPwB+B+p2PjLxNp+kX0uu3+pS2XmqbySFIw0CwJvz85QAAA4GcjO2vwJ8P6hBPeXEbvc3M0m54ZC7lvlOXDk7sglQSSxwM/MMha9Ej8K674o0m413SNN1C60/S3jTUb8xSmxt3kbYiu33SGK/KhYbtpwBkgfJ+I/AGX8W8J4DhLibN67wdGrhZ1cVUqQjWxdWhJWUnJtXm27r4tUexw3HF5XjKmNy7COvUlCpFwjCTilJxcm1FaJO3da/E0e2/tA/HSX45/GPxn49Ewe21G9lXT9x2u1lE5SIkADllVWPQEEZ55HTfACa5uvF9xLEkbQf2RMu8uFDFFKgEn+LPbIyCDzgGub+Fn7Fnx28aRzalpfg++bS54EubfULiNra2uopslFtWkADBslVGe5J46/aHw3/YG+MthqiWeoofD6SW0UkqRTlr9QMkjykJd93cLgnPC8k18xmXiP4bcB5NRyTD8R5TB5RhKeDpYVYujKtBYaEKahOMZNp+6rq261Ppsv4R4tzrGyxM8sxKVabrSlKPJG17ppyja13fRXte+mp+dv7Xen3k/iDwxawWskswt5ZmjTLAyyP8w43ZJCgcDp9c18dQeCNSngu5J7Oa1KOxllkUnylJJJIOWHTkHK+2BuP72fFn9jP4iHU7qKz8PnxFd6RbmaO6abE0cSW4ZnlDkum5gMqfmDHnHFfk/wDGTQPHPg/Un03U/DV14fiuYZggmEgW6MTMjvG5IEkbFSd/Oedp4GfsPD3xhybiilh8HlGPwOIqOC5qccTCVXlajZ+z5uaKStZ8r0d7bs8nivgTNsnnPEY/D1oU9JRmoNw97lUbyWmjdul7vrvr/sOz2Wg/tMfDBb2MTW0OsrBLO0m2NROyrHI+5sbVYggEKc5yDuAX6w/4KO+G7/Uv2k7++8Pwzarp91p1qsFzGoe28xCGeAMMqGAHK7hjjABr8xdFl1yyvtFudFuZLPxBPewJam0do7gypL+68l0w3mFjwVbHHORjP7E+B9O+Od/4L0nS5/Dmm6vr8sEl7qzaqEuNVtg8QEF6ZZ1dkymxyAdnQlD1rwvEZLI+Lsr4yq4rBqpUyutlUqOIrRoyUJ1I1OeNVptxjezjJadG7n2PAFOtnHD2M4ehSrWpYqljIVqVNSsuWEFTlHa9lzWurWdupv8Aw++OnxW8b+A/CXwjt43vJtE02O1h8PrbyG4LIoigWOQdCWUdhjBPPQVfEFl8fvhTpuv+LfE/gTW7bSdHWO9a7nWSe2tHjJeNJQQwCOTjDY4OMZzXnvhbxN8YPhF4nPibxLpMHh27tZPtWmajdWsUQ1QWs5cQ28qKo8sqN25TtBIHevoDxp/wUc8LfEbwJ8QvCPxKtmhvr/w5NZx2unDzINQuPJIhknj+WNTG+Gyi9R12jI/Bsyy7MJZrRxXD3CmXZ3lWYY6lUzKrg6ntqqVetF4ialTtCTUZNt3k1JNSSVz9bw2ZU8JgnRx+fVsuxmCw040KeJfsk3Cly0ko3v71oaJxb3jolbsPgP8AtSeM/wBpr4Oa58GvEbo1z4r137NEzbvJsdOERWOZFzxHDw20ggYKqDlq5fxZ/wAEqtOupmu/+F66PpF/bxIzvcW2ViYkFGjKuCTCOOdxyu4buK+Cv+Cf/wAZPAPhj472dv4v1qHw/wCGrqz1S3jvtRuHhtbSecSmCR2UqqqgcFTnrwcrur78/a6+J/wM0Hw9I3gf4pXfi7xTfwy3UA0TVZJrFWUELC4SUlCrHcN+RhcnHeeJsp404R44o5NwRRxuS5ZnMMLialWhlccbQdereMo1JVbwhCmkudOVutrPTyuH804azjI6uJ4gr4XGYrCVauk6qp1KrjabktUuebelld9Dv/2kPGtpc/Cz4L/CObxhYeNdd+Fts+lal4gtpxPLfQQfurd5EDN5OxMKqMA2M5JyAfj1YMKV42rk7gCQS3vjBGD9dxHTnPzV+ztqGo+I9R8YanqM8s807RuxmleZkc4PLuzEYBXkA/Mwwc4J+q1tCIo/MYKy5KqBlcAc7sDIwcbmGce4zX+gnglwzU4W4HwOW4jFfW8VOvisVicQqEKEJ18TWdar+4pe5CKlJqKWyWj2R/MHiHm2HzjiKtiMJR+r4aNOlQoU+ZykoU4xipX3vJa76Pdaq/PTWqtuAZvu5Ocodp64zyc9ypzxx6DyjxJDJ/a+llSrK95Gi+h2HHToWOeM5xnOARmvYbiMqGZ9zEbgw4ChecMuPpjdgjDMDjnPlXijC32hSRqxBvwSD0yCcnI9AMnGBzketfqFfSolezet1ta60Wmunvadz4+Cdnd3vq+umivv0Tv3Oo1axht1siCpYShiMZYElQ2cH+IjKg5Oehxwes0iLaN0Yy7bRyPmByfoTgDoOw5wc1y16DNHBMNzb5QeAcrg4GM5bLe/OOnfPW+H4ZiRkDBDHdn5gVOcYyMnqCBwMngjNdOHSWq30a3elkl8XZbq123fffnryjsktO177R+Vmm3bXay1VjstT0zw/f8Ah66svFd19l8PTTWr69Mm4GPS2mT7SwAOSfKBJGSfrwK+y7b4S/8ABJuLwTczzWMkzyWmnyx6tGZFMoeNRcSyluFCOXIVSGZsNjHT4J+LVy9t8N/F6xBWZ9EYDIJKqu0kkYOMkcccj06V+S134v1UWkumz6temzeJCbX7RIsRCk7UVQ4QKOwAz6HINfzb41cIZrxTneTV8t4gzPJXgIVI1aeAqShTxEarj79RRlHmlC1oSd9buz2P1XgPjPLOHcux+ExmVwxzxMounNyhCVOUY/DJyhK8bv31G17vudv+1F4P+Eel/G3xnZfAl726+GUTltIvNRAaZpNoMojyPmhDnCDBBwOMCuJ+D3wm1fx94h03QLW1Yrqd7HBLKiB2htwcyS4wSCq5I7kjpgDOVp1/bzymTUDmGOEBUZgQzEYGc5zubBAOfXjJr3j4D/Ga0+D2vf2zDp0d3cm6SQwzFGBtiRlQWB2MV4BUA8gAZr6DKJYzBZfhMvnVxOJqYehCj9ZxE1KpWcIxTqVJW96crOTb1bbdz5DPc0w+NxmKxtDDQoxr1Z1FQhpGCbT5VHsldJPtorH2jovwh/Zd8EHUtB8deGdd1rU9NgSxTU3tLhIXmKjzJ2CJ0jYHBACnGSemPlT48j9liLwZqVj4Eh1G38V6ddny5b5WEtznO2OMDAW2jH3VILEHGTwT+lGn/t9/AHxPpklh408C2VjLc208L3MFtazXEheLY0buy7lYHLK55BOQd3Ffht8eIvDmo/EjxDqXgGG9fwfd3E11YNcr50kKSuzNGzKOApJCjqOBweB6eBhUqYn2tedWnbe81yy1TV1bTZJatP1RxRzWVWlGisNytxteVNK97JJNvSz11V9LptI+etSkE0hdVwOBlVYYOeAASSDgDJ7D3GaoFgoYgt0Cjg/ezgBjnPXJyM8AHPevQfCnw28b+Pr2fTvBfhzVvEt+okumstIspru7FvGD5kxjjVnCINx6YA56Yqrqvws8feH47iTWvCfiKxit5mhne40u5VYZkb5o5SYxsZB94NzjnHavqI4jDw5YOtTUpJWjJrmd7Wa1vrbdd+10ZLC4yadSFKcoWV58j5Va11dX01sut9dLs4pS8cZaQFlI3EZ4DE54wT6Z284GSckk1WmkZDmIn5VUFScDJ/Hngk5J4xjgAVfe0vCuz7PM2FB8tYnlkfBw2FUbhwMHIAB4OMkLRuILuJ1V4nUeWC0MkbIy5HRlZVI9sZ6dxiuuMoSajzQbVmlzK9ny7u+q30tprqkc0qVZLmnCSjfdRbfSz1tdX2Tv10e5K1y7Q4UqNqgsVPXB+bPPXHPBzkDk9CttOXJjXIaTnhfvZ7kHoSe5z3OCM1n+XOdoVNoKkMMHgqcnPXr8wOc7uBxnj274HfCu8+LPi9dAhu4tNtLS1e71XVrggW9jbRqxMrnIOTggEYOfm6is8VWpYejKrVsoQSba13fkrvyb3v5FQpSquKjGV3ok9NU1vp0SvfVa663u/wACWWgTrdL4jhmlj8lo7ZYCNwmK8FsAjgcEDGBnpyKp+J/A11p0E19aJ5thIpmhLMQ6R9VDAYGcEZC45zwMgntvEnhWLwT4s1HRtK1WHXLWxnENveWkZkguk2nMgI3AnIIJOcHOeSFqprdxqKW0FpLOsouFYmEOT5aMOY8kDAxyQRgYxwMCvnlim6/tYTvCooPlkrNR0tbrF2u1e63d+3Rz0o0o06lNRqQaV737WbtZ6rRJq/XVtW+fXkY58zMZIIGRyQuAM9yfXJ5wD0pI2aQKvzAKSSwXgDvhSByOQTx9OM1e1iyn8yZVjKKhfyypOGXdkDPO3HToc4ABPNZVpqDQB0ZFYA42sGDBguAd2AMAAk5Zs85GeK9+DjUopwab5bpvy5bpu19U27X8ttuaM1datq6T27Rut77Xej1sm7ao6CzijmljChmkEipGpB+ZtwyWB+UDnnGPUetfUng7wpb2OlK1ysErXZjmnWfaGELY3hSANoIz8xzkYGO9fO/gmwGp6iLm48xY4NzFkB2EknlV6E7jxgdCTtY19d2a2Fl4cma5vVu3NuNoUASRjBGDxlcYGQeT1HOa8TMqrppKM2uklfZO293zJNN9LrXZO57PD3s62Z0IzSlBSTaktHa100291dLR6rocH8W/h9omnWWm+JfDsEKWl8Y4ZLZMCSOVOHYAjKjqOMEnn1NcX4A8NC61cS3UIW280K8jEBUAIOMHv19TjqPX6A0HRI/HWjS6AEuUljia7tCF80uq53bFGepywIGBnBHoaB4W0zTN+n3cksJjWZXDhkeSaJsbME9z3xkBeeDhfJ/thUKMqU6nNKGl7xvy6Wtd32erS0TWnb0OLaEMNmDdCCjCajOL91K8lG9lpbVtdrfI+lPDXiHRvD9roduv2MwqViSVoy4AGAAz4OBkDnGAR0yAK+i/AnjDwfe+NNBTX/FemaP4a/tqxGpXUiqZIdrhmaJXXHlKQN3AwfQK1ejfs4/Df4Tj4Tw+IRcaP4r8WG4lefStcVRFYQxoxKwsAoAEYYktz0xgYx8p/Ff46eCY77xD4S0/4c+EdEt4WcQawFDzvcQswYQ5wNsjqBlfu4+XcOD8hR8VcXmv9qcK5dkteUfZ1MPVzBSp0pQVROk5wdt023Gzu7K/cp8F1KFDL+IMbmtKSm6VelglGVVPlUGouzlFPZSu0k7Jpts/U39szS/2ZdX+G0uq/EL4sab4qDWttJ4Nh0KSB7/TQbY/ZYZY4ySFZwA67QBkgjJr+YrxELWLUr1bGTzLITzGF3UhjCZCYg6nByyYOB0IyTjBr2i98c3PiZLlNaZJIYF8uzgtkZoTEMiMDJxkYBXaCRkkZ6V4V4ltzDLcC1jkKPuZi4I2g5IViTjOAcDjPQZ5rj4D4ercO0auFq47E4p1qzqxhXcYxp87ukormfVXblZu9uh3cRZlTzFUXChGnOnTjCU4JKU5R5UrpJpRtayexylxexCbgqr55bsAeflHQNjkZ5OR1ycxxaslpM8rxJKNoSJHBOGJ+9gA7eGxz/dOOua5693AptBzvJwWwcnuQSMk8/N+JzUVrC886rLkYORlySW6gEZ4GOT35POOv67Tox5G+mjSWmtoryb9Hb/CfIuTTTaad7apdkm2mt9em+tzvJNSkvIwvLGYFQpxtXjhEHJCg4xzzngnINXdDh1A31vbRxkvK8ZVY1ywwwO/cARwM4wSc575NesfAz4STfETUBHfzrpOkG8t7O41e4RnWETSBClsoJMkoUH7pOOc4619L/Ff4O/Cr4X/ABO8PeFPhL4mu/HRjTSU1+5vQITDqczRPNZWqsRuQ7mQ7s7QCCeufmcfxBgsLjZZdFyniYUZVpRhBuEIRSlJSnrFN6Kyle716IjDzoV8VHCxmnUfK3FWlJJuOrir30d3p1s1c9n+EOu/HHwd8P0bwhf+MvCOiapOzarPpd1c2Frq0KKB5skcRRJeRwzA5znJ7emeLviD8Wvjnodlo/jXxvrPjrXfBmny22gaf4kuhcpa6eyAJDaq5J80RgKNvPBG4ZNfaf7RnxL8BeG/hr8M/DXhjSdLXWbPwtZRajaac6GC0Y2sZlWeME75/M3F2K43ZA9vy/vvEGoaZrsfjTSmH2mKdJlskYxK0aHMiOgAyCM4znI4HVQPm8hz3H55DFTq0J4fC+3cKMZub9pCM0oSa2tK19E0n8Pl+l5hRyjLaOFw+HnTqYn6vGVZcsE4uUE7KSTd7NXXy0TPL73UNS0RY9PuITpcy3LxXFs0Zj8x0dg0cjH5iMg5LDawPJ4JrptNudGFk0m+Iu+8XsMLiOTe4IQIScsgPp3BxnOa+jdb8E+FPjXpun+L/DvmW+vCIvrulKN8NvOiZlndQxbygULSOOB146V8seNfC1/4R1u4hS6024gERLXNq26BJQowp6/ONwVvlKgjIJ3HHRjsupwmpRkndxvyppar+VXv0Tdtnrq9Pj8RS9p7yd4OzUea/Ktr2ej2UbJL3XZ62Of1XVZLif7Fb24kis2aRWeUkIoGQpXcd4A6gnrz069V4Tj0vx3YXXhrVFWfWVSa48PyGJDMkyLzbB8E7WwwXdhR7cZ8QGtxG+nMjbJhnhMhJmbgkqOozgZHG3kcDn0vwhrL2Wr2lzb/AGazuoEV1uAfmWVG3JtI5Bf7rDOemOcCso4d0oRkrUnC0lJp2SsraX0bbs09NW1otOahVjh6kbySTevNtaXKvRP/ABXSa0vZl2TSLtLGbRdTju0aN3tPKlRnaCSNz8oOM7cntgjOW45Pn+peG7lN9pFmNopFYxsNrNGAMOXAwcKwGOnXkda9m13xnHqWubZEjtJz5ct20qMI7i4YhWlDsq4JyTkABzj1rQtn8NTazE+u3cMdj5e9vKYM80iEMQ4B4AZQDyQAOnA29NbEQnRTUk20m+W17tRTtZt2vpql1W501oUcS4yVSEVZJ3duX4dG0+m6ey23evD6f4X8VTaZFPY288gCo3lWwZhhcL5zEqdpI52k4I+UkZ57DwzdW/h/SNaXXbeJNSeKRvtDqPNZicBZHHC7gDkAnnGcdRseLfHzWs4bwjbrbWAtY8WyJIBNDF8rSyNkKwYgnanJGA2R18V8U6xrfimxFxbeQiPIZJ4EG0hE+V3cE5LErwOcgc7jisaGX18ZNNqFOm3HSybsuW7a0SfdJJ7bao6oYzBYGi3Gp7StySSekou9k5XfbRPTRJ2tojmdR12wvL/UFeK3eZ0HkQxsjCMEEZ9DuA+Y5ByPUjP2j4U/Zt8E+JPgPq/xr8LX+nXEvg6yij8aaRd3Mf8AakF7dOiwSadbh97w7XCl9ncDnoPzlt/D9/J4jaFZ1VLlVYSn5cDIJ56jqFIPAHrX1L8JvFOu+FfGVrpFtcvDYXcMaaraS720vU1RcRpfW2fIlUPtYMwIBC8DqO3NMLiqODorC1Y0J0pQk1NKSq042Uqc/wDEraq7XLfqzysmxODlmNV4ul7WNeMqcbR5uSpJxcZJWesW04/DfbXUk8E6Jd+LPE6afoMkNle2jQrDB5ZiubpwwEUWF2s0zOQBjpjpjivQP2q9Ob4Y6V4O8KA3J8Xa7G+qeLi5Uy28wAENvHKASqkEBwWySRkYPH2b+zH+zjc+KfFGv/E6e4tY5vtl2tjY6NEZks9R2vMPPADLBCIlaRCQAPl45NfKX/BQXxFpF7f+HtV0opK9nBP4euLmfe1xe6jaSMt5cSSH7xWVSpIyOBznr8NTz+eYcU0cqoQ56VCn7XEz5W4ufKkqd2nHmje8tWvK6P1jEZJLKeDKuaVL06mLqKGHg7uXst1Pk+xJxsn631er+INN8W3+ipIgdUXLKqu+RiXHKFjuDDqWGAe3Xj1rw7oP9p2aaxftOLS8AjS4WQuZZuCFXJLbAc5AA4wTwQT4D4G0yy8SS3N5rdxOlrZNGuEXd59whJCjp8uBluOoJ5NfQsnifR30uz02MmzUSpDFcI5jhtVG3AVFKgyEcsWDYJBJyAD7mdQkpclCNpXj7SSSTitPddtN7Jvzsnbf8op4+pO8Jzl7trc009HZNaP3bPRp2WivZXOA8YxXGi6q40/zbwFY13fPtRxkfuwp4CjGMZxnA7U/RbhZYZrvV5AtxIzKrSAnEORnAwdrYGACME5xwK3/ABBcWum6eix3y3siXAaCXAMkhY9W7lckBQBz05IwMee7sxbRWTJnz2jmmuioyrSFSUVSOgAIVcemc1xUpVFSjzxcbWSbVnayveXXR6a30VkQ6nJN3lqmnqnpdK6bjq0lonfRa7aGhYafDe6qhhurg6f5RZQgYMinO4uVAwT0xwSCCCAMV9A/CH4U+FfiV4nufCsH219cvvLtNIt1OxYmlA33hLgCQx5LmMYYjoCRXD+Er3RdPtPLaNZBGS+0pmaUbTlyR1QEghD16VvWninWvDHiTRPEHhO/j0DUrSYXlrdRqFnUKWJV2wNwKtjlip2/3cVWXZtHD46mqtKVSEZ2klHmlypxi9LWjvone2j0sePnCxOJwdanha7pV2n7OpBXlGTUeVq2iTdk01one1y94+/Zr8VeA/iDL4CsJxq93BOsq3lrayurRSE7vMyCsbpyCjMQSpIz1Puvg/8AZG8bS3VtrNtZLfEEJdTXM9va20m5QDEscpBB+bYSe449R5p41/aq8Razpcem3Op2yaoi3cs2t2kCpq15dyghopLnaHKBsHG7C/wqCRXjXg749fEOSxn09fGfiASfaWRITPMy4lY4RMsR5j4wX4A4zjHP1sM+xFF1MRl6hRpR5vZurolZq75Vukle7euvdHyKyvOMwpUsLi68Y1JNKfJKTU+XlXw9HJPXTdOSTP1c8NfsZeM9UZXufEPhjwp9iTes/n2czbGwzrJJnbkDAwCF4Gcniu6m+AfhrSrZYvEnxZSaOJyk76WLeGF3TChEkAyT3Lcjac5718WfCvwtrPjPSo7nxl8dZ/BaXk0oms7y8vLy68pF8wLtgkKx7wcYI4Jxn1yPjjqXw48E6RY2XgDxl4q8a6vDMPtN3dz3EelTDdskESlgxcyKxByTgg8KRj8sxvi3jMTm8Mlo47F4mvKcoVZ0MJVhhqequpV5xVJKNmrq8ndW2Pr8F4Wezwyx+IVLkcY1GpTg6nN7rio0/iu11tv33PvT+0fgb8PkstOv9eOrSojyG4v9RN0jqwKgFInwvQEbhx1wWzjhtY+Pvwg0a4jFhjyTKzLDamRY25IZtwONxAP3jz2XFfjxr3jXUzcJLJo+q3d8BuYRpcShVIBVNuCpQKducYPBz0J4aLxL411Z5JoNE16ZkkYJawWMz7MsQCAsZ5Oe4GDxxg19NgIY7G2qLGVlzN88FJTSi/Z3cpPd3Tdl+DvcxOR0sOoR9pThBXV5p8yj7uru4x1XZP56I/ZXxL+0n4YXQ7zWNH8P6kqWLMY0imYRTnOGkd+doA98ggAYGceIx/ttahDIsumeG7RYXJjlS9nMqSFFO5GySTklgQTgHjAyRXyN4E8DftA+JdIntLHwN4wksJ5g0EF3aT2sFxkdXkkVdy85wOgGO3O3H+yp8f7m723fgGfSo1Zpf9NuUgWXcc7uSuVG7dwD2PPQ/Q4fD5hCrKLvNwScJRjZqPutuVl970du2t/AxGG4cwElVxmPwsZuTdp4mnD3k4uygpXV7PRat23TPoLxB+1h4x15JJrLwzo+lwZRNsR2xStxy6ehyMNjHrxkV5f4k/aF8c6vp+oWFvL5UUsSxXEVuY0typHzIrY3jjOdp5446Vf0/wDY5+LF5arPrHibQPD1k7oWtrvUYiyAAHosm5tuAFzySPxq+v7Kmn6dceRrPxk8MWtuZVEsNnc7pQCQGLHzCSOScdDyDwTnsaxTcVOM3LeN4vdtNtOyUU1qr2a36mseIOGMLBuhiYT93m/cU6laTUUvhVKElayTSs3d+h4j4d1uDVda0dhBY280F5GdQlfEzuHcbwWJLEuQAQ3vkcYr6n+L/wAMNF+K2naT9rh07TmsLW3t5b7SYIlndCV8rzAigyOF5fI5wc4GDV3w5+z7+z74auGu9U+MdtcT/aI2miSWCOIsCGLNI/zcE7sqUJOOxye8n1z9lLwhqf2ZviZeaoGKyyxpcPLEXQYEaeU7IIwQQeQQOTyK5MdwvnGZ1KOLw1ZYd07RpzliEocztzJxi3fb0sttDxcR4u5FlyrYallOe5lPlilDC5XibXinopOFOLb9U72u0tvmjwh+yh8M59Vi0NfEV7bXP2+2k1DWL6Bvs9pYiRTMwDfKJdm7YcdSSa/SX9pHT/Anw2/Zz0jwd4Q+Omo/ErU57BdLtdEkYT2WleHpVDmGa3iB2NAw2E7Qcjp0r4j8Z/tBfALRL+z1LwQg1SazunbUorqeWOwuYPuDckjl5NqklV2ke5yCPStN/bR/ZRudMt4r7RYtMvbaJUu4bPTUm8+4cb5lZ5o2zEGGFVT2wcAnHTi/DvNsy9h9ezDDzpUZUqkU1Um3KPLzuMVJLXTdbWS1Pw7jrxs4wyelgsdwx4XcVZ79YnKDwlGnToTpr3WnVjOU3BO7V2lr6I8G0H9njRPEXw4t/FmgQX+u+JvtQin0fTNIvW+y26dXVwmMS8gkHaoJB6gV5pcfBL4sXdxfQ6H8MPEqw8w+U2kXTPJzhdjlDncFOMdOuRwp+37v/gph8J9P0ybSfh14au9JuNP0+SC0uLG0srGGW4YFUlu1MahkU/MwGWOODkcfM6f8FLvjgjzLB4ltIp4ncieLT4QIrfLbFTEWHlUP8xJO4jIwcYw/4h9isDUUqWYUsTGy5o1KdSKjr0SnbRNbp6LvodfAfin4n8S4avVznwpxvD/JNKnHG5lRVWqrRStCMJNNK123ZtO1lqU/Bn7HP7QfimEfZ/hvq2k26Mnm3F/amLYATlxA8aO2CCcKTkZzyMV7jo//AATR/aN1R7m5j8P2MsB2eXdSXUVsykqOkcsg2HOc7gcDsDg15Ppv/BRj456raXFtN41uLdDKhFzHH5c06uxDklF4WNSTgcnBxwWr6O1Hxx+04ngzT/G8/iDx9H4L8UQRXGheJF+02uj3j4AuWFyNiRpEWwNzYfkqQVOPIzfKMJlFWlHH49QeI0pQhHki5vXkjKTkn7t/mlZH6HTzLxMzKK+qcNYHDpXv7TETrVNF7qtCKilZPrpbdGn4d/4JdfF+2vw3jLXvCOg2kkSy29xcatZTCNj0LRwyAoRjksMjDcjNdhf/APBPbwjYP9n1r49eEbO9gRne2jeNzJIuCyBo2G4EnaG6+pOa+V7T4reMr+8vbTWPGOr3U8LraW6Xur3DQ6jcgbj5ZMnG3vliCSecDJ5fxR421nbvuvEFpDPCC6GGSS5ndwwHlyHL5TI+bdkg/iRhhsNlcXzyxk5QgouSXK9FypqTS0u9LNN9L9vnswXizVpypUcFgaDcnGM1CpJ30Ter0s7PXTyPbfHv7JfhbwpaazfR/Fbw1rtrZW8Mi2gUW7SMTjEL7gHZSeSDnAx6AeK+J/hfofg6XS4Y4LPxZFqemWuqx3Oms0lrpzykk29y6lkW44+ZGIOcYAIFWPAXhLxt8dvGOneAvDmj+IvGmtahNZSvHp0c4torIyRibzJVURwoFOWkkICj5iWHI/VrwV/wTC+OGrePJvC2tahoXw3+FUsGl/aLqe7iuLxZAivJbW00sjM12MybmPGWIA4Jr5rizjTIMjnhqOGxMfaSjKU6XtOfmS5UoSjBOSlKUvdVkr2vLqv1Twy4H40zfDV/9asVQpzgm4ThD2UpxvzNKO81FaNxu07JWvZfmdpF5qfh/R7RrTwXlJXLO1x8trcQqSyosZwj7QTt4OfUkcHie01bXbW3vILXT9HS43usEEYMkbNwYyUChVbnhuhAJ5Ff1DeGv+CeX7KXgzw/pdv4wutS8X/2TbortPd+ZDLKmB5jG0fCq7KSFfDHPTIJP0HoP7Nv7JWnaMLPRvg5p1+txayxiS6s3cokqlRN59yTtdf4XByM5GOSfy+fiPia9SdTC5dSTilOSq4pKbp+7dKnGM5OT87K6s1dH7Bh/DjKKMYueLzCvJNRbpYW0HJpNycqsoNrvurbH8dmjadfra21pFo8V3dg+Ukcdq115odthJZVbc+Pmw2MEnp30IPh5r8NxcJJ4S1JbeYO/ny6ZMF3L85jQqm0D5vl3ZOe5PT+vfwF+zX8Afh9p0lovgrwhp8T6jNem6vWtZrtPNdnVGluAxjWMEAKuOF7gA12OseIf2X/AA8JLfWZ/A4EUbQrEtrpdw+CM42RxlyxzhSOM8elcf8AxEHPsVKDw+TQhTkm06mIqJNq32Y0nZJ2aXfbXVe9HgDhqiuSpiMzxEnyq9HD04R2ja3M3rfa/wB3f+OOz+DvxE8SuE0DwH4gvYkWWadbfTLiSXZChKtEwj+ZCUHTPIxwevybq/w8+Mer+Jr3S5vBHiSySC5kAtdV0y5syUicpvXzI1LLhSTtPIBBAFf26az+1N+yV4KCRWrabE1qHEUttaWOmxEBRuVnZY96c42kFT04yc/OHjP/AIKKfsW6Gbu4v7bwrd38yMHeXTNM1O6br8kckMTspO4jJI5/TvynjnjWliZwpcLzx0KsUqSw9PFyUdmry9lKMr9dFunfoc2I8PeGZKM44zE4NRfxYyrhIX95JvWcXbq1vdW3TPw+/wCCa37Enws+PHxH8W6L+0LZ+MIre205JdAt9Osbu3017tZWRpLq/ZNq+UA7CMMcgE5Ar9RPG/8AwSV/Z08KaJret+BLDWTY6Ct7qviG58Q3bLYXdhYxtN9ntQrKcyBCuVH3fbGOQ1n/AILKfs++ERdWvg3wHIVBaON9G0nT9OaZsgjzpVhQsGHOMnHJJ618q/Fz/gtp8Q/GXhLxB4K8KeBdL0nRdetZ9PubrU9kt6LOdGilEcce5VdlOOBlTwDgYrSvw54w8Y53h8Vh8BmWQZbUlCVWjCrKmkkoqUZ89mozabdoKVm1bqeng6vBvD1GnCeIynGzpNRqe2jTr8yclzTioRb5raJc/K2oq1ke2fCL9nPRvDfgDWPjPpOh+CPCviDXLyTSPAGk6ne28sWmaLbTmFtYWKWRmS4lI80SSgsUOU4INfWXgfx5+xJ4Gi0rxd8Z9f0nxv8AF7S7JrXUNU+xyavDb7G2/Z7O1jElqUi6RPIhIIznK8/zRXP7UXjtmUWsN7NY20BS0s7rULmWzgZyS7RwByiqWJO1V2qDjHJrgdT+NfxH1GOZAbKwF0Tkw28fmKrccO4Lc5yTkNjsO/6FgfAHjDHYyeNzLOIJVKmtGo51kqCsoQblK91GzfKknK7d7m2J8VcgwmHqYPLYVqVNuV44NQw3M/d05oRg1BrS3NfXXsfvP+2v+3f8Ivi5B4P8KeAPDtx4w8MeCtah1jb4mK2GnNLZENHawWmI8WhAVGiAwwJG3GQcbw7/AMFjdYtra30HTfh38MPhjp9raJpSS6fpdt9muEQCM+dbxxhJMqu4swbcc7h1LfzyX03ifUATf6tcyPK+90jcoDuPAYoy9c9eeOd27iqiaK+VMxZtrg5ndnbBOSeSc9cjOSRxnAIr9jwHgjQp0KdHF5liXdQT9hKUFf3E3Fc1o2SSVlsrfCfC1fEiKhTp0MpoShSnKcHiXKrNucuaUnNWk5N3bfPa736H6V/tCftJ+BfH2ual4jur2S+129vEvRJ4ZeXSdOLq2ebS3ZIl+YgkqgJPXoa8A1X9rjx7NHDYafqF19htbfyLdr+7nupokOAuze7YZRnHQdScdvmwaQ/lbFDeWSCXVMchSTwQQB06kE4z64vJpELYJCYUoN3l7W2gk8g8Hrg9uh7V+gZX4ScMZfSpQqYVYucGnGpiYqb15L+647Xu3bRvq3q/NzXxL4kxz/c4qWEp8vLGnQbjypWSSd+bay3ba6rp1OtfFHx74jeR73W9SvI3JkZBO0UbsoO1TtO7C5BUMT1/hrhrq51u+DvNcTiMsCUikJPXIJZmLjpjO/IwRwDit9beJF2RAuBggkOMjuCTjjJPBweOTg5DSo3mOGJlwuGdVOF/EZAyWxyDyQOgWvt8Hwzk2A9n7DA4Smkkly0oRdk1taPo1Z/LSx8ji84znHxbxGPxVV2t71SbS1Xd6vbRu2r01OQ+wXs5xJLdJGCdoM7nJ98E5zu7hSTk5wCDWl0oKAkszgHn5ZGLnd14LYOcFiMYBP59vHp93cyELAQFTIcliTwTnaCoJz2A3ZwDwCa0LTwfqV4vEDBeT5r/AC8KSRgEcZ3ZA6cE4AIFe1HD4ak4qEacGm2tFteLs7aafy66drnlPCV6qjJ883zXfPKTT1V7q6XXaNn+J5I2lW8DYjBlY8ESZGcgAk7icjt+PQ5yJ7fw80w8yGNvmbBCoAgPPIyoAzuIAzg8DjqfedK+Hxmnjjnw7kgiGGMzzyccJ8qn7xAOMdevFe6eFP2cfiT4tnWHwr8OPFmrcKFePSLmG1YvgbjctHsAOQc5Pr1PFLERvOFGlKpJXSUIO1/ds1ZK/W+unW6PRo5bhKCjVzHGYbC0rXl7SrCnbSDd7/03td7fGen+GLKAEz27TyE5JcFdoAy2DkADg45GcnDAkVsSQ29qqwwWakErhY0PmH1G9fmPI9c/dAJwK/VjwZ/wS6/aX8WGO91Dw9ovg+wlAK3GtajEzRJwSXtUZZG2jOBgHvn1+mfCn/BIrSrSaKf4hfFq3l6mWz8MWjJIMZzGHuMqTuwB15xjIGK9TA5HnGZWdHBV5Xsk+WUb6xs7eW+vnfex4edeKfhjwhTm8Xn+XRlFtS5a8Ks29LpKLavaLsr6vv1/n2n0/UdQuVVbOURjChQ5AXaRjdkk9CRx36Z77mmeBPEmsM1pp+n317PxtisrO4uZCSx2gFFI5JC+4HHJIH9T3gX9gD9lTwI0VwfBV/4y1CNg327X7mVVMhyQTBCwTIYfdIPUjuc/TWkfDzwF4ahEPhn4e+FNFiUKsZh0q1eUKpHPmvD5m4EZBDZ3ADIPzV+iZR4eZpiKfLjKVPDp3vKUrys0koqKjumm3e763P5g43+mZ4fZPUm8mWKzqupckIwSoUk7pe9Nc2ib0sm3srJa/wA5X7CXw+8TeGviT4vsvE+g6noNydCsLlF1W0e3mltJ5iizJDMofa5Q7SQM/eBLDj93PAXhiJpIZTY28bWphWKQwhGdWwd2cDJIOVYcZPUck+AeKVz+2T44hFqAF+F/hgRQoiLboP7RkDFFVQigkMBkBlI9Rg/cWh6cEgs5GYNJIluwRThQFAYgYwcBcZ+6fQYyK/xt+mbmdbhzxJzrLKNRv2X1bDprRuMacIu1r3u3ttd9j/Rz6OXEMePfDXh7iutho4ZZxh3ifYxk5qlGpJtQUpJN2ST1Su+tlr/PF/wUIsGtP2kPGXltH++tLE7cDaR5UY4IxjHfIPUH3X86dSiVbSdo2UEyjCoOdynOMZGFJ6DsDjuMfpX/AMFE1Rf2kvEsmVO/T7NvKVjyCqqSR1HHPA45x8oJr8xNQu44GuSoIWN3wxO4FtxDbhjnI7YwcNgjAr+g/BetUr+H/DNWb5p1Mtw0m7P/AJ9qzXW8b33ettNLD4qjCOc4yEElGNV2sktNHtqlpfdta72ZytvDsuo5X3PukZ3BIzu/ubRnoMEc855z0rrpUd5bcpEdhhJCMMlvl68Y+UDGCQOAcAkHPOw3CG4haYxRxuHcEjkjvjnHI+UcA47nkV0CXfnLbXHHl7mhjQMOVGRkc5we+CePlz/FX67aSeqVmtdEn9lN3e9ttb81tNLHyV4JOTjfmaumknrGN9XfZO9ne8na+7J453jR2C4AhdVjHy5OSPm9AO59uM45r2NwyRSuFKsdqhi3X5h3PUjsevbnqJUBllRVUx5MkeMYDf3ix+XIA7Z54zkcF8NoW8xZJVRELhCMbmwSRgbcDjA9Tk4FP2cZNaOStvvr7mra1220fVbNEylJpODfLs2rNXcY2erTslbz0a62catI2pBSVcypHhgfuqSpyCc4Hy84GCe/Y+iaLp0Vzq4Mxi2R2dzK7qCGd4w4XzOhPPY9R0xxXm8k8dtqKNJnY1uhCLnJxwowM5GQOehy3WvW/Bt3ZW+m+JdRuVEs/wDZhjgQjO15lOHB5KsMnOMdTjg8utBKi2m1Kz1d924tLm13TuvPfoc0Zt17X+1dpvT4k0tnpqmmkt3d738K1lts93MBHgGdginleSAepxwThRjHcAcDN+G0zJ4ksJMDDTuVUjAJOcFjnseBn1IxxVO/nyLxju80zOHB6AbsbfqQTjGBjvxzP4MlkttTilXCKt1EVJ6qnmIX649Ofu9c84wPl8ZBrDVt03CT022T7JvZLyf41F1PrFF2uuZO+ui5o36WVrJNPZ2vc/pv/ZP+Jvh/wL+y7c3Ws6pY6IbW/u1uLqSVMvPcSp5MQjzuAwCxOCCPqMflJ+3v4yivvjvpniaw1mPWhF4b0e+sdQs3Hllo0WTyoyufmjwBtXnJ59R6d+zvFa+P9UsfAeuPv0K51a1vLi2kkYxXlokZkkiKqwSIuM8nk5yAOAP1Tg/Zo/Z91htEm1P4fabe3VmJ1sRdh2EVomFhQ5yJAq7iCQVK4Hpj/L7i7i/h3wf8R+J+I80p4vH4vE08VUrYPDxpxpyoYmdOMUpVJ2cpS3vG6W17q/8AV2DyjE8RcKZVg8PVhSlP2SdSUZPldOKV5W3adttVbzufhf8ADP40alIPFWs6wl9ONe8P6lZQO0TzMt0bby4pjhPlYY+9nIG4qT1r2b4I/H7xn4S+DOneHrGLX31CJtRmtrzSYJ47cQzzs7hzGo8xtpzgktwenFftmnwl+GOiaDf6dpfgPwxaxQ6VqccLf2ZaOQslrNg7jGTuBAwxyepyC1cH8E/h7oGnfDDQbZNG0WSOKa+fcbGBiyNcSMY2cxklTkY+YrtxgYAr8w4g+kpwpxNkeJxL4Nk8LSzbAKGHq4inFyap4iVOUpQg4pU+XbVaqz6HsZNwXi8txcYVs2lKXspxkowk0+Zw1alOzs43Tto+rTZ/PD+1t431z4gXegeIL/SdagWCyXT7vUr2CXN5dIB8skrJtUuT8qk9QQVzyv7D/wDBPTxv8YL7wb4M0Xxj4QubL4f6DY2Euha1NKY0uLZjksY2yJYiAeQoAU5I29If+CifgrRJP2d7y5sdK0yweLxLpDxSWtnbwtG0koVgrom7DDAYdG6kYr6z/Z6sntfgf8L7GPfKg8I2ACncqj92pxtHHBPBxkcccnC8Q/FnLeJPBbJKuGyChhI1c6xmW4elOrUqSwv1WjRqKrScORXnCrZqalFJ7bMjLOGnhOKMwq1MZKtTq0Kc5tpR5nOSi07JpW5bq2uq1dj7X1D4peH0uW+xjT4kgj2vGsSqnmBOHDAAEk7QMY+bPOMA/H/7UPjay1P4IfE9PNg3y+G9SeUlDiNPJbaijPIJzgnGPUDBGqFafVNRtriIwfZSu3YoIYDJO84246nI4/4CRXh/7TVpCvwW+JkiR5jPhO/LDaAu/wAliDkE8gkcfw59en85cA05YzjvhV4mrDm/trLW1BKEeWpiaPNG27a5bXTX33Z9RmWVYPLspx9TD+0nP6tWlebcteXm3d0tet9/O6P5SfEeoyC3EkOGQ3d1GCF+XyssWYkAknjAO7HQgda91+ETwz+H0SVlicWt04kcZJbY2AMnk+vY9O+K+atauWj05SihR514u1iuCSzAk8ZJAHXIIyME9a94+FNxLNpGmqpVT5dypVcc/uzgHkdMkgkZ446Yr/o9y2iqWRYWK95LCUklbZKnT0Tu9bXk9vXY/gTEznVzarJ2b+saq2j/AHkE0rvpbTRbLe6Prn9jvQ7jWvitp0DyNGsdzvjkCEhY2uCHcZwCcAcbTySemMftZ+2j8GYNJ/ZX+KWr2eo+Z5Phu2umE6KHcuF+7ggoBwcH5sDgdRX42/sMar9l+MbidWnSGOWPyxjcpMzAMoIxwepHK4IHBJr9r/2wPEzz/smfFez1O3v457vw1CLIZO3ygVO5woxjac7Txk8YIr/Nbxqx+Ip+MGUUEmqca2AdOyvZyxEW3LpezcV3e9tL/wBa8GqS4MoulNxg1U9qrK80opKKtezSXdW6368n+zb4Q1HwP+zz+zz471B45rWDRIja2zeSY53f50EsbglgMkYxg4yRgLjvfEnj/wAeeMbTU9T1XUTBY28GqRafp1sscNvDHmUKNkYUFSvHUD8Oa8Q+Hnxt8P8AiP8AZq/Z08C6KLuK60zRIW1dZk+WJrUBRKwJ3CN2UYIG0g46V6dp86T+Dr7L+Z5lrqjbghwFJcqeBwo5wMnHbvX4HnVXNsNnGb0a/tVSxeZ4mpKNSMoOa+tLkVk0pJK9r9LO2mv6XkuXUK+Aw+MrUoe1p0XTovdxppwUXuveab229D5P8NjV7TVtWvNNvWgd54ZZGRgjGThmAcBWGG5JBGOMnPNepr428dWMd3NP4g1YwuYoYlTULggBiAxAaT5hg8cAbj+NY3hPTYpEvJI4QoN1EWfl1IGOcrnOem3jnoGHJ7HxHY+ZaRx28cW/zomIUbQQAD3XJ4wDjnsvJXHdVzOE6lSlUjGElGn7jdlK0YxSfe27ut1rfc95YOm4ylOEKjV5RUoqbV7pNXXu2StZaaejfjXwj8eeJ9N+PvxDutQ1jU9RR/Ddv5NtLeSgAAAqqzB9ygHgbWwMDBUcj638ZeObrxV4Bt7rUbG8E41OxsoQt/cuBAXXdvDuxbdkA5BGMAZ5r4s8HWM0nxz8VJFtWU6Tao6AbWK71RhjngD9DxyRX2Z4q064/sXTdOtzAN2raWqogVSWXZuDAYAGR1POSfx93E5hh6ObYTD35I1MBhJNRlaEmorlvFNq7W+zbWiskebDAYeVCpVq0oyrU6tRQbirqKXNFK92lHpZrstd/wCb/wDb3igj/aE161iBREtNNVImOfLLRxkAZxwf6+or4E+KcITVdPLIAp06NQEwoZlXaDjO3glT26kYAOR+h3/BQ63a3/aj8QwOgR1t9LjZUBALiNcnGdpwB1xz2ODXwJ8VQjalp7Mu4LZLnHPO1VOQPcDnAXJJGTmv9cvC2FNcEcNzXvc+WYRt3bWtKm293a13u+ltLI/z68Qp/wDGUZzGKaSx1RcuqT9+Pl5q1r+miR9X/wDBNj4V3HxF/aJ+HMCQfaIrLxLaajLEFyfLsHExdycqFHl+mOB061+j+i6qvxG/4KFfEjVrqOWGHT/EWoaUZLc8LBorC1ROMKQ4TJQHb8o9mHn3/BEvw6tn8RPHXj/UrZ2s/CHgXxBqULsnyRyCyndJQ+NqsAvBC7uMjBKrXEfBnxvqa/FnxD4102yvp4vE3jXxHcPrFvCxMRubycrblyh8wuBn5Sfl3456/nfibiPruA47w1KSvhsh+px2t7TEU5Tlq9nblWna/dH3HAVGVHEcLOcbupmEcRK938M4qLbdrK0d3Za/f+pvx58Fq3gvV9WttSnby9U0gwwshyB56KxQZAOBuDDockNxzX6M/Aj4A+INf0nwvdwatpFvPqOl6dOjXyeWEtpYFyxlyoL5IBU8A9hX4x/Ez4ia7L4Kk0291PUJGM8N7cRtCVKQ+cgjUEKCwBOSODnr3r0bwf8AGzUtB/s2N/iP4ndm021jGmw3lwiW8JiGVjKMNrKBhVAyBg9Rmv8ALXHcNVa+TYCOLpVMVhcPmmKlUoUqkqTrU26L5VVtNRfxK7i/S2r/ALKxWIxNeWIpYPFUMFip0IxjWqx9rGLSaj7inFTcXur30a0sfuPrn7IfjPw54w+GfjG613w9caJp3iWS2uLKyuIVuZku1IaXfI5xEpHzFjnbxnkmv0HmghsvCF1bW76LZavZWtzBGImjERto4JSJEckBy3O51HUENwBX46fALwza/Ezw14E1PUPir4nN94m13UHj0m81OctbWNmuWkhRpQRK4Hy5wuCMZGQPs/xT4C8CfY9P0TSvFHiu8uLbR78pL/aUy+VcLBIpa7/ek7VK58tiVAK9BXrUc0yDKKeKr5dkXslHB0sBTp4rN6WInRXJFS9gvYU5XdSXOotWg1Zt3Pw/iDLc0zXH4HCZtndTEVcPWq1HLDZTXp01TVaKg5zdeSXupxUnZS3WjsfFv7GWn/8ACXeKPHcVxa74NP8Aif4suJLhQPLMokAXbn5dpIJQ4OQPQ4rW/ai8M2eg/G74D3BtFlg1rWNasbjIWEwF1B+YYG4MOhz68Ecj46/ZG8Y6l4A+M/jPw7eeML4aLNrviS6nFmPOjNwsv7t5JCCIzg5lI5PH3sDPunxy8WeGPHnxR+D0OreKdWuha65fzyz2zjMNtFjDwOmP3uVw+Mjjjqa+Ox2ApYfifFSVKUsTiMslXhiVze7h62WNcsoqNrpt8130vpqfp1PLc1o5hh8RCtJ5esLKLpRhKa5uR2k2/dU09Xe/a7ufRPiL4IeHdVuZdcs41ht7WWOOVYrePdI245LHH3CcgsMlvViRn5B+A+i2umf8FNPHulpMiW3/AApVHWImPYXjR9+4EDqcZU9sZPavsH/hLPh9Y6TNDbeKNa+e4W2SHzG2sofaHcsS3zAAk4wCSxxg4/Nv4feM9M8M/wDBSvxNq3+nXdle/Cm9t45JGYvIogbEhI4CttPJ47/eyB5PA8qkK3FFKpWk6C4Yx1SUVKUk1GrhpXS3XOla/RWemplnH9pYzL6VCSnKf1mmqPtKTpyi2tGpNO+rbuna9tHZn1t8SbKXUNZvJoINN3WkssEX7uMDYsrM7sQBhtuGLccjIzzXjv7RVn481j9m3x9Y2EltLbQ+GmlW0t7Vpp2jg+ZiNiEgqpJ9gCSf4q7XXvi94FgvNRuZbKUbobmRY9wcwtuYl5BnIGMnkcA46Dj1T4p/G3wP4Z/ZM8R6tp+iC8utS8E6vHbOIo4luZnt3BVpZF37eVBIPC/MpycV8Zw3QzrB55klVZeo06ub0p4WriIOUqspV6SjSpyb3qNqOttG9tT2M7xGIwuU4LDxw7qylGMJtS1px5YudTe7StdbJt+p+fvw78SfEPQvgl4EutY8bT21vH4fs47ewFmsOyAKEcPLIoAZAOme3TGa4z4eWs/jHXdamn1/Url7yHVpI4IWRoZYhBKBMXHRmYHzP9jOOcCuZt/GOs/Hf4a/BzQ7Swg8F2MSta3oSRvPv4Y0DySgMctGQSoJBwC2MYyfRfhV4LvPBet69qcc2rto2naLrMFkfs7FJ5Etpt7BtnIzhiQx25zwCDX7zTwlHLcbiKletChj8wzKfLRpUqTUYfW4pw9pyxfO5qV0m9FfqcFP29fAydOMmo0G91FcjjGzu7PbRxlqmr2Wlv5Z9C36V+1wkPnOj2nxidJHzktt1lgc4+UkEce/J5zj6X/aFNpf/tM6leqTl/iB4X3yPzvC3FsW46HJB4AHXuRk/NehaN4j8VftS3snh7RNS1a9f4p3l48VnZz3Miww6xK0kjrEG2IBk7yQBzjoK/XnXf8Agn/448d/EJviV428VaX8PfDDavpmtWlnPIJtZunsDHIN0YJ8ovImGWUg7SRgE5r/AF6y/L8TisJlNOhRnN1eGaWFlJQb/eVKNBRTfK7Ws276NPXRafxNGcI1cz9tJKVPPJV+WcuVtRnLmcb2ukk3ond22R9D/ts+ItKf4RTxSapp+nzXHhbStPW12otzcyJbQmNfKADgNhcEDJPGQeK/P/8AY78CeP1PiPVLDwzfzwa1ZnS0u7+KSx06OCSBk+1hpAvnKud6hDklTkHkV+nWu+FfhRLqVne6nYXnxE1+1ht7eBtRjM9iGtESKIi2AMTghBklOWHc9PoX4d/s/wDxz+Mtui+GvC6eEvC8W1RN9kXT7aO3HGY4hEm8hB1UDpxzk15PAfgbS4fyHG4TiXG0Y4fMMbPHVsPGooxTc41FTcmk220nJJN306M+p4i49WY47C4jJ8PJVMJh/q8K002pe6lObh97V2krp+n5g/Dz9hz4LeD9avvEfj17DX9cvLy41G7+0sZLGKWeRpXjtrZmLSOrNwzAoTgYPFfXHhvV7HT3tfDnwX+Gl7qmoXEy2FrqH9nSG23D5I4ozHGp2KQDtBKqvJGK/Yr4T/8ABNn4daBDD4n+JerS+JNTiUTtp9zMbexQKATvMxwBkHrkEsR1xXq/xW8XfAD4O+FYPCPg+00fRvF8aiXS5NEtbO8e0kLAb5Z4EeXzDzuydx5weTX6xHMcqy6lTwuW4Z4iVGMadOpO6ilFRjGztzWtbVJKVrp3Wv57CjiK9SVSs2vaTc58iSTbtK+iXVt7WWtn1fwR8Nf2CPjd8TrrT9T+Ofi2Twf4euIkuToOlMFuGhk5EeYz5aHBwUlXPODgDFfoh8NfhB+yX+zrZmxl/wCEW0y+iV5ZNb1m8s7zWL2S35eSKORnaOclWOEVWJyqgYFfMCfti/GLWIR4bns9B8E6fZkQJ478QmOAX1osLLNdCG4K4IHMbAcHoK/Kb4+/ti/BH4b6xrA015fjJ8RotQmkfUVuZ5dGtJZHYzBImkaExNId4Ma/dVguetefXWdZlUl7XEzoYedk6NBcsHzKNoy5bJLVazcr3TUeh3U6mDw0bShGdSOilJ36xsrO1npe19tdWj9vvFf7cdu15qmn/B3wrqHiaG2hmtNP8Qa6i6b4bt5ogymaRp1TdFEBwqMdwGARX5IftRftJDxhpkll8bPjLdeITp1zLeL4I8B350vQ7aZiWWwnureRJ77DBVf52TjIXbxX5AfFT9s345fFkS2lx4gg8BeFI22RaVpMq6dAVOQIyIvLeQBSVBckH5twwdtfN1/8RvCXhnL6vqr+INTkjErPLObtnmIJ2ou5slyPmMmSeA2K7MJkuDwKp1a8PazjNX95Tk5O0o3u9uraVldq/R+dWx7xMpKl7lOzipL3bJ8ttWr2VmrL/wACTufZXij46NqNtJH4C8O/8I9GsJg+3s4DpaAYXdOw3yl1wzOzEuwJOG5r5y8YfEiFoPtHjLxZJfragZtBcFImYZ/dqikb17MR8xPBztr498e/HzxHrNybXw7apptpOmwwCQK0hGcEqo43DkDJBAIyTnPBeHfhp8Yvitc79J8Oa3rRMiK9yLeddPhVzgYlYCNtoODhsjgA8gV2ZhmdChRdavVo4ShCNnJyhTUlHltdvSyeu997XWh5lOE3VdLD06mJrSeqjGUo7J6NOTfeSbtaz7X9T8V/tCLG91p/g+yEfmBi92U+6mGCuhC5PG7HUMSSB6eOX1j8TvGUcOsvoniPUbW5mEdvcW2nXLWrF2xneE2DDEbieAMk4r7m+Dv7N1h8GPHPhfxV8dYvDt14diUXuoaHcymU3MsSb1gukjJCxoQF2kBTnAyADX0B8cP28NLsPDF/4G+F/wAPPCWhaJf6gG0i9gsbc3QtYXUGK22oXjSQqAGYgsCOhPPwuK4kzbGY3CYXh/KHmWEq6180qV40sHh4Xs1H4p1qkbOSUbK32ru69GGXYOlh8RWzbHTwlaF40MDSpc1SpPljKKm+blhGV7OTem9rqxY/YJ+Df7RfwV1y7+OHhvxDonhx7XRV0sWeoXMEFzLb6vgTyM7uFh+zpEWKtjB4HNfX/wC2J+2d4G1PwtqGl6Nd6xqPxnj0Cy0LXPFOn6+0tveww7muEmkilPm4MjJDDE5SPao285r8bvGnxR+MXxA1fSQuq3OkwXVtaxS6NpV1NZ2jKoAXz4ImRHcjdvL5JyMmuh8OfD94/Emn6l4qljeMyxFrbczLNKu07SCSZmfPOcgsSFbAzX1GIp4WlgJU6+Aw+Pr1Yy9vjsVQjOMYyil7PDwn8EIaWclJ3V20nY+KWR1MfnEcdUzDE0KOGdNYbLMNVlSoucUuWeIknzYhycknBpU0+jSufPfjDUvG08g8QtpF3Y6fNO7wXzyO8rngyL5khYtI7ZbGec4UDArkdJu/FviDVbVUj1TVbwTKEt4DLJIA5wImRR1J/iPQ5AYfdr7++IeleE/EtjBpGrQf8IxoNvfLJJqE8htXbaOkFsxRicYIYKAc5II4rmNE+Lnwi+ENrd2vhrS4vE2rtC6wvHbo9zhOFaeZlJDBgGzEQcNnINebhsfVjRp08Hg5V5y0gqSjGjCK2bkkoJJJaK8rXb1PonlUXWc6+J+rUouPOpyvUb0k0oKKTbdlfVNW6b0PAvwZ+L2sGN73VT4Q0b7FM7z3MryvApQlopog5aIkZxkgZwWIGTXCa1pGkfDXWYLrXPGv/CQWsqTPdWOmzETpJA7NH58qkMWduSvdWAIzgVS8UfGX4meONMEMV7Jo1jd3J8rT7MsLpkdgAJSmZGQKQpBznaMA5wPW/hF+wn8X/jSLO/tNOl0Tw/dsG1HxR4pEttEyPgyy20MoWaUAE42AlsHPYH0cBg86rT9pjcRCnTkm44fDxXLHm5Uk6krttbNxSte2yTHXnllKEY4ahUrVI2cq+Imkm3ZK1Ncqs0r/AOR8s6p481zVYfKsdY1LStKXUHu7K2gkaaYqWZo0WNMurlcYC/eJ4Oa+pvgh+zt+058Z4U1PwsniLQ9AMyvJ4j8Tyz6ZYRwggNcwpcGN7rYvzLs3Z4xxgV+q/wAGv2H/AIEfs9vbarq2k/8AC0/GKIJI7rWwE0WyuFAKtaWTgmZFkGFEitlcA8Gvu3wT8MPjL8b54dI8M+H20nQMpHBHaWj6XodrEuFzsWONXKIMjy8K2OTgYP0X1ejQpqpiKsYwgtXUbstErK7T9L6PQ8ynKdSfLCMnOWnLBO3Nda3TS5U+rdtb20Z+ffw4/ZB+EPgBLG++IWr6n8Z/HgMcjRXlzNH4bs7gHeXWEli5SQ4CsSrDjgEgfoL8Nf2dPid8WZLTTvC3hxtE8NQlET7HZf2VpNvCMBgTHHE1yFQNuOSGPGWGK/Ur4Ff8E/fBfg6Gz1f4gPH4m19fKcRGPFjDKvzFAmAHCk8ls5wQetfoNo+gaP4ftBY6da2dla2wCiOFYre3hiUZyQu1RxnJJ6jdjqK8TGcQ0KDUMBT5rXSr1Hs/d1hBdOzdujs+vuUMvuovENOVkuSCslpFXlK177q62drO5+cXwf8A2BNA8LXFleeJUg1m9j2sbiaMCC1YcstvHyC5AALvkAgZ3ZOf0A8PeBfBngmCX7FZWNrFbwh5r26MMRVUXl5JZQu0LjJ2sqgAZHFeI/GX9sL4V/CaU+HrW7n8Y+NmjdbHwx4ZjOoSmYKwjFzLAHjiBfaHD89f7tfHU3w//bB/ayn07UviPdzfB34N6peHFhoty0Wv3emlshZFjKSwvLH97eQoBAAINfK4rHV8XJ1cTiWk9YupJpJK14wirN3vsl9x7FLDOEUowcYx0tFLmtpe7uml5vd99D6l+K/7bPwn+HurR+DfDc1z8R/Htwkkdn4b8LRHUpTPhlUPcQLJHEpbG4uVK84OMbfNfD3w2/aA/aSsbi/+MusXHw28CXsomtPBGgzPZ6rJaCTKrqN2siyI8yHEiBlw24gBen0L8PPgR8BP2aNCvNX8K6Lp8uq21pIzeLNfiF7rVzcRRlnlkurkO8LyMB8yMFJJB65Hxl4w/bG1qPxddrbTJPpd7MtrHZQEjC7SGmLAjYHbnPOQwwpXr5sfrOKqSoYai27a13vZuKbjb3YXb680raqx6mFjhKVJVpSaafJyzs7vS9k35atqye3dfTOoeDvgP+zj4SudT0J4ob61Rv8ARYpoptTvngRmBlnO64kkkdAWIc9T1JBP5cfH7/gozruseEPEuj+DLKbwo1rFcxm+mt5Jri6kO5ESGQgsrdcsTgnK898T4h/GPT47zWfE/jvWYf7PhnmNjZvfDZCWBPyqzqp2jg85PUZ7/kN+0/8AtKWnjW3l0v4X6RFLK06wzaxJElvYoq5jDg4QSFT8xY43YJ55NfR8P8L/AL118XTnNJ3nKo2qaTav7027+81ZvZ2smrs4824ihRpOlhpp1YpqMI2cpSskrOKfIrrRq706WbPmX9oz45aquh3l/rPiqW98S+L5o45bWdkJhtIZd0rSqSGRpGBIJAOMfd3bW4vw78Q7C2sNO1H7QYry2tLVonZ9iuQqk4JwG3HgEk5xg180+PfCFvrGp3EuteJpdc1yYGW7nthus7ADLvbxEEDg/KWAHG7pgE+PQa1ruoag2i6Y88lrpyeTEM4YiH5Q43c4wMEZByTz0Ffr2T5hh8uc8NCMZ01aMEr2UrJXirbNW2S0SW1kflmc0cVmE416qnCVo8zlzPZR1d3fR2tpqu+x+0Wj63YeMvBk6yGOTR/EKG2mUhWGk66EIguoyP8AVRTtgSjgHcck9B+YPjxvHGo+MtR8DX1xHpNno16ba+lZhb2cduH+a5xlWkLRbX4YoTnA5zX0X+y34i1RYNW8Ja/5yWesRyJbs5/1V+hDQSREnCsJNowoHU4xjnm/2qPDX2mLQPGVoLiO/a4k8LeKltl2hrq0bbYzSbMbmu4zks2CxGOBzU8VZT9fwNHH4WmoV4Jc+nNKKlbeNle3Tm0+7XPI8y+pYp4TETlKjPl9xycYuUUtG1drmWkkuqW1kR+EL34CfC7RPFenW3hqD4h+KtX0ltPsfEV8A1tpt7OhE09snRBC54LYyQMY+bPhPh21vC0llplrG0kzShvJQyuXuHKxwoihmZyW2qp5GcEDqOr+H3wh1fx1r+g+E9OeTSP7Tmgie4kG8lrhlAMgQEoSGBO4gKN3zDBav12+FPwe/Z3/AGJNE8feIvjHqWjfFX4kyadap4M8K6TMLr+ybqZd8d5djdIiywuUaTzFOCMKPumvk8jyHDYDELEZtmH1GjiJqdXFY2slKXLFPlpU9Ha2kY048qafm17/ABDxS50KdDL8t+t4ijFU8LgMupQlUk5OLc6s0m6cL6yrVZaaq93Y+IfHP/BMj9of4MfA3Tv2mvid4Mt9E+HmvXli0CXdxG2rmw1U7rC8lsVPnRrdg8Lt3ICGJwRj5t0PwP4j8W6qnh34W+EtS1jW750SxtNJsHuZ40kwvmNHEhaIZx5kj4AAz6mv260zUv2yP+Cl/h7TdI8UeIJoPgh8MoYotQh+zSWmk6Vp0TgWcJtogkmqX8EDKtuDuRGBYELXtOufGX9mf/gnr4O17wR8JtF0bxL8T9c0aGAa7fiG98Ry37w7JZmuU3nS7aJ+UgRo5Qow3GTX49x34wZZluaS4Y4Ny+fEXEdWp7N08JGf1HCQlJRhicfipXVJOPLN0k+eXVJav7ThzhnMMZlkMzz+qsvwyUask7Os+aCn7OCTXM43cedJJtJpbH4CfFP4PeMfgXo1jffEu8gj8ZmTZB4XtmSa5sS6K0cl4UJEcwJ5jYKUbPIxg+V2Hxh8UxaNL4funmGn6pGLe+tZJGlJh/hREJbYR3BClQV4A3Z6f40eO/HPxN8Xav4k8TXyatrOr3Ut1JaoWmWy8yRmC5JOBGG2gk5IGc8nPLeEPA95eu905WbUCcHzADDAAOQN2RuyMZIJPbgDHsZThMwxOCw1TO/Y4jNJKNWoqMP3VKpLlkoUVq+WF1Hmb5paytrYwxWMpUsRUhl7qUMHFKEeeTcqiSSc5t2Tc7Ky10vfQ7Twx8KfD2uz6c1tpkl5rGo3EUcVhgqIxIQI3LNxj5hknODkZAJz7V4n/Zoh+F3he78ZazE7X0lwgs9Hji86CMHaVmnmG5d6njaT0HIPOfN/CWo+MPAet2160az2y3HmTyyEBhAp4ETryu3BKgMDnAHBJr6M8e/FCbx74EttO0mZ2jW587UBNK0jzSx8iNVflRxkdsYJx1r9T4YyXKoUMbi80rSeJo0HLCYeaaiqlopSabi52bb35VZ2vsfG5zmuZSrYHDZdRisNVq2xdRJSnyWilypW1ber20atc8b8AardXdpIupzJHbxtMyRTnErrtOEjXjEa9Nq45LYPIB5fxZfT3Uth5IRra1lllFsqkOfmbGUAPQ9MjgHn1r9Y/wDgn1/wS41n9s86v4q8Q+Kb34e/Dzw7YXDalqslvJ9tvrgRPKI9IjIAkt43H7642sgTocgA/kR8cdFsvhr8evHfgnQPEMWuaN4N1/UvD9pqu5/9OgsZpLbz9rZAmKxAEcruHTbzXnU+NMuzbGV8lwuNdapgVKnWlTb9knSnThKCkm4ylRlZSjeyd1e6Yq2RPCOOIqUoqbVKTgmvaQjWUZ05ygk1FSjG6W71btoz7X/4J6/Dr4H/ABn+IviTwv8AtFfEbTfhh8N9O0PUdcvb65u4LG61aa3STdplrcXJEYm2oGEYy8mSqYJGPOv2rP27vht8M7LW/gf+xBokXh3wlbXl1pd58Q0jB8R+IkjlaEyW9wFEypKF3l9wQlgU4w1fNnxGtvAt18OEuNPu7mfVIokuS1sjDy3l2rPHcCM5YFicNngHBIAIr5Q0fQ9J02+s7q3uVub2+VnjW4j/AHUCnClSCDjAOWI6N82V5De3l/Fs+HaWNhl0JQx2JXs6mNt+9pQ0k1h29aTknrOPvW0R8DxX4V4XjrMspqZ7jKuLybLmsRSyb2ko4LE4j3EqmNpxklio0nZwpVE4Keri7JHk3iDUdZ1bUrnUPFmpXc97dhru6nnuHnvJ5JiWJmmdmfLE9M4XgBRnjHsNWFm8YhSNLddxjDqFI5K7snlsqc7ickjoBipPHMiXPiHUjbMrhZBCEjZmDyJguVGWxHk5H0x71yU6uoUO5JAwqLkgsR9fm916DOfQ18vicXXx83WxNapUnP3nKUpS+Jrdu923u3d382mffZdlOByOnHC5fhaOGoUVGEY0aUIQUY2jZKEYqKVnZWeulnuX9a137T5sauBHuO7AKeZt7BR0UEdsbjnjnJ4/ekiuSQDJwmWJYKSAD2xkDuOdvOW4Et+oR44zlpDgNgcKDgsozx2O4jqMndk8Z8gL8ICBEAFBOAfm6nkZIz354PB4rOFOCikklKzWnxLRa9PhTXo10OirOU5Ny1drb666tPe7V7vz102Po74SrBcWjI5DxLMEKYHLbCWZtwBIz1AJJz9M3PGbQWulahdgIgtmubeMbcKTIxGB64zgqDtwc4zycn4RwFrK7vzKFgtGBcEnYp2kMzY+XAIb1GRjJGKyvH14NSsnsLW4WQ3N5LKFV1KGJDxnBPXBIBHO3B4PHoRhGFByejk01tr8KV7dL/g9d7GfM7R91uSS91bu6ik33Sa0fS2nn8+xzzCVDhCwd2K4yMF+vclsnJxyCSTnaSfXPBOgQa7dpDfJm3YxrJIibpEV+SE4xnCkdgOgOMCvNYrMQ3MIll24ciRhg7QeCMAdsnBAIAyeAc16rpurSQ2sMeks0MltnzGGyMyIAduSSCQee+SM/LjOPEzOdb2LhRaU6i5ed6qK0V2rvzeqvdaWd0csXFSlzXfeKWr+FW/vNp+9tfVq2693az0rwtB5llqBmjtowWtHPyxoowkZQtgu7dVIGeOABzzNt8RdcYy+WPs0Nu77Fgg2JIr44mYBQeBgAjOSMA4xXPaLqY1ORbnV5UiS2dMohWQTgfMxfG48YGN2QQScNxi7d+K9D23tstrEkW8lREmDK69GYqMgKTnao9s88/IU8C4zUKlJ4qbT56klLlesbq197d72s9tDZytrGXKnqlqrrRrre61bWmq7HQHxzdajOIPtZggVQjbWZUlZsbtwBxxz7Z45I50NK8T3EOrLHp+oPKm+NTIJXAQfxKgGBk9GO35fl6/erxSGIXE/mrNI1u8nnyAEIEiLEKxJwMgE5AwQARjNen6HBo2m6c10sslzLdfOzoAdhXDbY3wSoPyhhnJP1rTE4HD0qaSpK8tJKMbW92C2ta7urLvquzVOpVck3pZay5mtFytJKz3TS3euq1R6x4p8O6Pq2nXGt2V3dPqy28Ul3YP84cJ/rJAQcsMYO8YPcck143Dq0dqkuyV2W2dmmimdgka7dgVRnkqOQeQc8Y7+xeH9XsHtrozpJILuIW8TgjdEWUgQhj/DuKjn6devzD4xtb6z1HWbaRxAu9pEQkCSVGPyLuBwdoI3HBAJPHGawyug5yqYaq21B81O8deT3bxT6pN2ja69Drr1IuEKluVpNSau76K17qz3bSS2vot15z4nt7aK/l1EPHIL2d5liTJMaByS23knd905zx05rlmcMyvGHVHYsc5HTJI29cDqM9P1r0PUdJt30nRvMTZNdOwku1cskW8AYfrygw2OSo5I4rdv/hdd2nh+w1zTNUsr+yuZ2tiQxE7sSPnKHkIrNsBOeUOcnIH6BhJKFOMHGfMlZNW1UElpbVLq093FX035JxjZNSSVou14q6aW97bXVna26vucDYXF0CEt2GyUCGM9CzE4wgHI/wBrHT27ex+HfhP4k1HUIL7Uo2htkSK4L7kUvEQCUwTnOBuPHQn/AGcaHgXwJFZpcX2qC3u5dPBeOzUhpGkYApIEGSR0HTPPQHp6fe+LnitrZZbSQLGrLNEjsphiUAhS5YAAqBgdfWvmc6zWvGrLCYBLns1Um7WSbStGOqbV11bVr9WdtGlFU41K7kopJqMX7q7tWu1urJa9zS1TTbDQ7dbdbnT3s7i28kRLgM7bSDGGGMMTjcwYZO4kgc1neGtH8K+U2oGyF/eRSoJ4WQvbworDJBXjJ/vZLEgg9Co4WfVZtdmtdtq6WazFVbazPFGx2vMWxwdnTeM9xnv1ENsLdBb6VrK2sc7qZfMCh5SCQdgx1PXpgjk7iMn5aVCvChOEsRW9pUfNLkbu79NH001TV1eyVtCriY1GrRTtaz62tFK/Ppe+zum10TR3uqWfg26vZBpmg21yzxoLxo0aKS33Y3OowAMDJ4yecjAJrI1T4QeDtbDx6PqE2n3R2TTCYB0RXxuB3YO7IPQ8EjjHzGPStNW4muWTUJY5vL8sXJdQGK5DmVRzuIztyCOgBrE1Sz1mzuWGlai18sH7xtsmGkUctv7nDZAUZGc4Gc159OWJjPkw+OrUZQu06jbhJvlb5ue6636eVzGcopPmhdS10srN2TSfS97tarrdHN3vwF1E3U9tp2r2l7Dbxsybmw8hZWAKnJHbGcA4OQTjjlf+FWeN9Gjmkl04yQWysP3BWSUq2CCAudwbjAxj5iSRnI9Qs/Euq6fEs19bS+csoGVDoAGxlXYgZ9QT908Z6V32j+Mrh0lE9wiyRlZY1YgmYDG2Fi2AVHRs54yAPT1Fmeb0Kcef2WKjpdqHxL3b+8rJaXa2vZuzuYU4UXUi7OKTu3bpdPlbvZ27JvbXU+VYZZ7C3kiuIrxJt0iyRSxsPIY/xbduCQe3J4yTn5hvfDkvp3jPQtY1SG7l0/Rr+HW5mt1Z3VLOVZYQzYKorygLtbAI5HJNe73Wk2HinW0tn0+N9R1W5ghsY7YBEkuLmVYUjfGFyxfOWypII45z+if7Rfw38IfA74JeF/hJ4B8MaJb6prXh7TPEHxK8Wau1tdeJv7buo45o9IsHUmW1solwFAKBgM4Hb67JIvGUvrTw8YwpSiqsGtOZtbxV3bqlftdpnROrRjJUozaqSUnBKOtk1zt6W91PTr7113Pz+/aE/az+M3x9vrex8b+KNXufCmlRvZ+GPDrS+Xp9hZxgRwu1suEklRNoR2Q4ywUjrXznYW81nagNb+dEHyHm53M3GEzwflOcfMCSOPX1KfSYrvWLW1uYkYWyI5lWIN5mOVAOMEgDBxgHgnpXbReFtL1aKSJ4vIUbHEojYMzKFyoAIVenUbc59QDX09SrXqq0neCVoR5rKKfL7sVZ8qVlotEuyZjSw+Hi5ctoybsrK0uay+K6fVa3veSb1vc8n8OGfTrpJVt0imkGYyE4g+ZSCCOnT6jjOcV7/o/2zULvzAqzPKitcTyqGzjAG0YyQCQA3J+bgjBrAtPhZf6lIjprbR2zMMxLGVkEYOcfcOBjo2RkcDkHH0h4M8B6Vo8MKxNPf3MrpGFlR8BRhRjHC4OG5yOnOQK54YWlOd7NWs+a6SSVmtNbt33tftazt6uH9pFKKceRtNdL2tdcrvq76JJfEb3gjwfcauWkQSB8xwrBDA0gmBO0qoC7ixUkLt/Dg8fvd+w9+1v8NvgX4T074MePvhjpGpaLd31xO13F4Wnv/GFzey7REYh5Eks0UMrKYkjJZcsAR2+Ivg38FPiJoDeHPF0Pg/WLCzIS+0vUtU0WZNEumJ2QtHPNH5MqybgEY7gSRt4BFfUXjX48eNPht8dPh74B0jTPh9ZfF/xB4eitbCW60qxv2TWNYljFgLUJDJHBcqAHdnBxtwAe3xvFmX4XGUqNJ1XTlGal7alKm3BxWt4yuurThNJNNLdn3eTUqMMJWeIUaqnCzpyqSpxlJcso3nTtODUn0V0ls2z3i7/a3+KPwW+NPim9m+H/AIr1DwBeWVxqGmw6t4Wvli0/T7j57cRW6W++MopDSC4LEL0O0ivF/i9/wWN1yy0y6t7Gw0Kys5Zo7C3vJ9LubeZCz/PDbEKHXyyMMBg7jtGT0/ol8L/BP9pJfgle3XjHxx8PfiD8R/GmirZ6rDqfh6wmtNIa7tQoitpIrcyqIUkCPlvLBVWXOdw/jq/4KAfsz+MfhrrWv6HdeIbHWfG2h+I1dvBWgaNEBZQNcic39ujxkzwv5hxwwIUjC4O38Ozjws4bp5hB42hieTFRk5Vp11TVapK0pLkpTmnFw956xUeivv8Ac5Vx1PMMvq1MHQy/61l3JBUlF1Z/V6cIwc71qdObd422k3e7Z9Ax/wDBZLxxf6Lc+E4fC8t7qLLIYtRjh1JLp7ZVDNLExYhBt5XPyYzx0J8x8bf8FIfjv8T/AAzpHgL4f+G/idDqviHTNSsJnjt7ieDV4/LkVrW0KoMxAE+Y4JKqGzjBB8B8Hyp4euGF7BaeKbmaz003+lXOiCHUdQu5bfa2j2f2VFkhdSAsqrscAZ45x+jPwZ1fxHq1n+zzqos/CnhvTdCuvEEE3gzTtPJ8R2M1sszp/bUmw3aWlyrmJHZsKVYseteM+AMlyur/AGll2VU5ywi5YTrYyrKLp0LVY8yvH3Vy3tJ2aSTetj2KXE2Nx+KoZbWxNPDyxbpwj7DBUvaKVVw5IxlGzg/scybeuvRH89XxB8L+GPEus6T4b8S6de+AvGvkXV/4hnluhKmqyW80rzBVB3rcmUGKQMcIwIIAGR+tmnWPwM1D/gmLp/xAuPFnh/wbN4V1iz0PS/D/AIYvfL8YePNcs9Tb7Y3iWwEvnS232dV2ShArEkg4wT8r/tEfD7xn4k+Luqax8H/hPB4t1PXtb1jwO0zN9oX/AISe+upJPL0hG3BdolQFuAGPI7r+cPxw8EfG34RXeofDb4o2F54D8WaBqSpP4JvD5P2aSVBKtyIflR/N3hhIYyTnOa/pXA5hQzHIMKqc8LL29Kl7X2bjUUeSEW6TcZPlls+XVtxV72PxbPsrzLIM7xscVRxVOrh686lKpySpyrRbVpTUlacZcybtHW103qyp+0Ve+Cfif45upfCWlGwuptNskFuoMcazwwoJZZezSkrkjnqSSDXjukeF/Cmipbx63aNqupT3UcYBTbHasCAzJgbX54PHQdQuMd94A8BeIvEtvrvim9s9SttK0C3Da14iELGC3Mi/u40IHLyPgAqSoByD81ebaiGh162lh1Iz28crokCEPujDB97E5Jd0AJ7gkj71ef7WahPDUasvZ04cnuS6StZNvVNWTsrO2rs9D4jFzrTqyrTSUqsrrp1T5mm1a+t7d5O12fWel6bpKrFc6l9ptY7K1i+xWkUjPCIWGd7FflRtuCowAOAR6dZ4Y8QaVf6qqQJNHdQOILdnJkLWy4y53cqSo4K7eMcgmvCrC81y80yOyRntRPtmZrlxve1UADnkqoX+EEHHIHIrvbaGXw9YyaxZXjajdiONBJAmVh3KAyuRkcZwSSDz0GcD4TE4W0qvPO8puSg4NtWfLdt22ldJtpu7tfUy55NaNO1m7rZ2Wmkk+109FpdbW+nvFnxBh0fSY0tZYUeS3WBPKCrM7oeS5P3Rwck4HPDACuF0f4uf2naTR6hLDbaemYLmJSx84gEKxJHzZIyTxu468V8p+MfEOoXUkU0908hCK20ErHHIxHyseB1HQ8tntnBpWup3FxHaxRywLBgedtYbTJ94FjnJcHsf+BdTnOhkMVQUpWlJy5k17zeiVmr6qzaV12t3M5Saa02V7Xvd+6mnZ3slfS/Vq59LP45ePT9QXR5HTdITJdAny/s7ceXGh4ywwPlBJz1ODngzqtpbzRyG5muLu7cS+Sp8vypHYEyBgAdo4+T8hg8clLeWcOnbBeIseQSpf94045O1QSAo5A46HOM/d4aS7vTPI00xSOVi0UzbSyKpyuCP4cADAAPUnjBPZhssjquV2sk3JJJJJLfotn20aV9UYyS0iktEtWtvhTTV7R1129dVc+gPE3iLRp4dMt0u3W7ijZCzOAsb4O7zIxtyB1DYA6ZHU1wOneBrjU7z7dc+IP8ARWnZwizEyyxEZ+UFtqYHZgOQRnqa8zuZpp761gDGKS5Vh9sn6SKckMVxhemEOcDjGea09OOs2S3cZu5Wt0x5k24N8g5Ai2/Mpx/COSOoAAJ9CjhPqtNKnU3bu7KXK7K1nK1r8v467jj72iTspfZV2nps209Ur9E9lfW3sM/hPSBbTJY6hGk7rIIvMlJm8wA/6wq2CCMKvTLHByVOfnvWDqOlSzwyw3M8xkaLzvnELJnjJbjIGSo4HqK6qHW1sRM7XUZaUBkeZsyBh83rwc9h/XNU5PEV5qS+VeRQSwSNmMFVLuAMA5GCvQA5wTwc8iu7BTxNKXNNusrqzcb6+6ubR2e/Z66Jb3mULaON27Nu12+ZR6q1tdE9UrvRtXPN76O4vrR5LO2kjNlg3Mu7eCW+8p43MHGOVB4XjPSvO3vGivS0SFJLYs74ACOx5PpkMRnBOPqOnvLW+pRW9+gjghhlR2AbgwMSWjMgHU8kKGB6/U18+3NlqD6hcRtBIjSXOJJgC0YBPLMvRdyjjqCMLzy1fWYDFxnBxmlGyTSekuVctkuZrrpazW2l9G4TUbvmaa2WsVpZO3z2tZebV2d58NvEep6f4og12yuRaXVq5kWRcb0Ughlg3AkMy5z39O9dz4mtfGviq2m8RWtpc6lp0epzTXM/ku6wOxDFrgoCfMc5O04LYOTivKEhj0y7068WWJYICu+PayNK+drsoBUsVGWBPykg9jx/QT+wrafsleK/EfhvwzB4q8P6FoujeBLjxV471DxPdQxXl541S2leHT7S3vnNpcQmUKsUbIw+bgZAr6/hrh1Z/i60YYnDYSNCmp1J4iqo3jde7BNKUm07qKi+vz+d4q4vp8L4ClXqYLHZhLEV1Rp0sFRlUlGTgpKVT7NOmlH3nOy2au2fm/8As+/Br4//ABrvE8K/Dbw/421A3GiahqGs6bokVzFb2mlwx5l1Jrcjy5XVFOxCCWPC54r2r9s741/HL4hfs5/Bn4EfECO0tND+AF7faHoM+p6fFYeM7yJ32Cx1mIxJcJ9mlDFTMP3iuCOmK/Sf4eftS6D+ykdY+JnhTVj4M8SrqWvPd3NnLpl1a674bMrxaTGbIZCW9wvzmC2RVwFyuM1+Knxw+I2r/GD4m+K/iPc+JJfEWq/E7xI93/Z72/l20c880ZiKREKlqr71j3KFIwCMYJr6/ijhGeRY3JcNgc6o4ujiYJ1YUaqqRc6jUGmoyaUWn7rkrpLueT4feIeG4nyfiWpmfDWLy2rg5KOFr4ui4TnaKlKdNygnKyi1JRXLtaT3PkrQbHW7zxFo2lC1vWuptRsY4PscTSusklzEI1JQEbyQSAPmBBxzX9Lvxyv7+38M/Bzw1PdXeoNpngjSZrly2dlwbSJTE6kkK6H5Cp7gZBzz5frHw48LeBf2Trvx7qvg3wTpniXwhF4eaxu9OuIf7ftdaJEhupZASbnzVZcD5wDkHnpW+HfiK68beGdJ8R63NJdXd5YQOj3Z3gqMcAHOxenyjggE5wRj8/8AFPhv/V+plqrYmniK1SjKsowV1TU1BJStpzaPpZb3Z+n+CHFVDiV5nVw2Er0KWGxH1dzrRcXVdJrmnG61i7qz0u3b07Pwr4q1C0gFvBDNC5hCMUJwcEqN3B2r93JHOOxbNdhf+K9Tgsb6SZiy22l3twxdwM/uWAOf7oPIPIJx96trwzpVncGRpUhXzFUgLGdrKh6HgkYwMkHB55IzT/iHpvhKz8C+ONSurlIWsfDWosPL3YV/sr4IIHAyTyAB9MZr8Nw9ZzzHD04Qbcq1NWb0ceaGqv062SV9rPp/SmYVXTyzETU4xaw82rStZRgnazS7LXfslofkh+zv4g1D/hPfHevxajLHcRapqD2tmxV7dZZbqX946MNjlgepHAJwc5r7WPxs+IGlWhgt5tIJjIEjy2VpJKjHLFULRnduBPAzyQANtfBH7PWnBbbxRe/asz3OpO8YRWctbSTkoWYgncQRwMnGWwRyPoiUW1xePGZXj+zlGcKGJZxjHXqc8465OMc1/tX4A+EXBWd+GuUY/PMgwGPxeMpzqVKtehCdR803GClKS5laMVo9fmf568VeK/G2S8QYvCZPxHmmXUMPUSjDDYurSgptxcn7k1du7va628ke+3n7TPjJLALPd6WXt/KLRDRbUI23GfmEOCM8Mck+uM10OkfGLxbr+kJqy6jpEUjGUfZlsLaJpVUHAz5a7FVBhslTgknJBx8ra9Fay2t3b/vRJtLSTIhyIymACMdGII5OSRxxyPYfCXheG68LWNjZPcmaGzM7MoUNKz4KgMRjAJB5OcAegA+/reA3hhTxk4PhXKVDl5mnRi7zulblu/iV22krbbqxz1fpAeK0MMlHjXPFPSCaxtbmd1FuOk3dvvazPl39uPX/ABJ4y8D6ZLqA0e6tdMuUWS4sLdIpIt5B2gquCwyAzPk5BIB4xofsT6fa2Pwv8QSCUyxTamWwzAFZBAx+cBuuemAQTnGCMVU/ar0mfQfhLdQXUNxa3j38RaN1VlmHmDBLKCQxBBUfljjEH7GDMfhb4gVyqkaq7bSSWYmFto7jqMHgc57Zr+C/pE8IZJwpxg8HkGEpYLB1MFhq0aNCKhTpzldSSS5bcytq1vrqt/0zgnirPeKcNHMeIMfiMyx1S/PiMVVnVrWjbljOUm3ZJrRv57n0/o7m38NeOyEchtLvBhWJyZEbnO7ryOgwc5OSK4nwfBJL+yd8UZMNC66LqJVV6yBpGBDsB1xjnn5cZ68ei+FhDL4Z+IbOSdmh3DAbRjIhfDAdBx06tktkcmuW8AWIm/ZJ+KeovO4t10m/h8tgEDMZmUKB0B6N0+bOV7Y/nCnBvENyV37WiruyaTktVfV6JK3dXt1Pt8TUfsbJppYes3bdWs9NvN69Nba3PwI1GOUwxxqrqAWyGJKsNxJYZ45wcnGO3BNZ2mQLNqdmshIUzIn38Lw+DkAcDIBySPlPevpax8EaHrHhvUdRik+0ahbpKsNhCrtKOGZpeM4AxljyMAjnBx4Rpeku+qwLMrRW63ewckFHBwVfIJJwPm5x0PTr+p4fLqsHhJSuoVnBp30V3Cyert56eWuqPyKWZU51MVTTfNSbUk9l5pPo99NE2k+hteK7URGMxSK6BhuSIMVQ4IAAHBLZBJAPZXwK6nR47oQ6OYRcG4CpLw7KVRSThST0HGffGe9VvGuny22zb5fl/uS5QLtCBS2JCcj5u/bnHPFd14djnuPDWl6iyW6iCZkabIzgnA6clQDj07Y6E5cWUI4apGDu5csE013taTdr3srO6tpZboxyussThJya5m3JrXopR1suqum3ayadj9Iv2EvFWuWXxh+GtvNqWvx6fqXiWKCWLw7dNBrcUrxyBJLKZMOsxJCheOp7Eg7X7Wl3H4j+Kvi7w4ltqNrf6P46uo9UuvErs+tPA88TKb8v8807KSzMc8NnPc+TfsyeI7zw38U/hXeaI8L3Vt4x0O+S5gbytrLdR+ZA0jY2CRTtBUggn1IFe/8A/BVjS9V0P9qbxdrr6GvhOXxhpnh7xLb28VyX+2LdWsZubpSTw8jqXfJJHJPoPDzWpUxfCjoUox9phJyl7aFnOEZRi0m1duMZapdHtfU/P8tpUcD4tYaVapKNLNMtTpYdJ8lWthaydSUZarncJxTSeqSsnuepeI9O+BcHgfTYdU0+01W90nS9HhtodHcWsjTiMfaHukHJlBb5iRyBn1FN03wn8CtTnsbrURc2tsgs3tNP2QPbxxyZZ1nkEfzOvJQk/eIznBr83rHW7y5tkuZ9SkI+yeSBJIyN8iKC5xgszYyCc89OBxLpXifV5I5vO1KdLWJ4R5azviVIyxAU59gOccE8kcV/JOL4czd1qrp51iuZ1ZzajPkT5ndRVrNraybfU/vTA5zk/sqKqZThnelTj/DjzNqMXeUkk23eKvLs1Zs/Xr9n7wP8GNX8b/EeK7sLiTw9Ff28UN9cpDNOsHljzFst4I2sOGCjGMYOenyv+3v8I/gX4T+Dd/4l8AJO+ut4xMA86JYbNNNmbG0RoqozrltxI3c5+bFcJ+z38Wv7M0PxnfXM8kTPqrR6eJpXKsu0BgGUlt3ykAsuRxkgmuV/ac8df8JV8DlguJY3t4/ESy/Z1BSVnZyxZixO4KM8tjJAJAyTXzvD+TcRUPEDC4mrmOJqYL61houlKc3GUIQjGTacuV3bTejXpax9Pn+Y5HV4GxcKGCoU8V9XruEvZWlFuSSs1ZrTbR2S2s7v8zvCenwal4v8NW0VrJcQ3Ws6ZbTwxv5W6OS4UOqMCDhlB2kDAxk9Of1C/ab0D9nbwx42sdL8O+APF2h67p/hPTTrEmoSLdW2p3UtpH51xZAozcvu2lTjHBJ61+bHw9s5p/Fvh+SOT7Gya9piJISBhPtalScZ27Thc8NtB9Sp/ej49QeCfiF4T8ZeMvFt9Y6N4x+HXgXQtJ8H2dtaRxjxJPLbok0lw7DfLJBHhgQSQeWJr/Rjw+ynCZzSxlPESqRnCFL2bhdxTkkpNqN2uXrK3TR7s/zr8T+Jcdw1isnxGEjSqUq1etGvCpDeCdK0o73krybi172i00PyDsX+Hi67aGys/EDWrDF3aSwQiSaF8ebEHVMKu3IBxvX+8SSa/QP4Hfs5fs7/ABXsvEni+GDWfD1v4eeCIaDdQCcajM8S73Z5FJUK5ZhjGMnAGCK/P2zkdbsXRdTL5MbYRcNHK3UAAZBzy3PHOMha+rPAXxJ17wdoDXmnzSRQXF3BJcwsyrbXMaBQwkC4IHBIBz26ZIr4nx14Ox+WcDYrE5HjMTSzGdeEKVT2k7xjK3M1JNcr6tJ6/C7rR/o/gfxlg854ywmFzjA4apgY0JV5wlRTb91OLim+srNw2b3ufZ/xQ/Yz8J23w7bV/B1jpEOtapp8l7pFvJDtuBb2Kb5t64w/yIWO3oM7sKK5z9k74DeIfiz8NviFoMPwYi8dxRX0WnXPidpUgs9DuXAgLxqMCR4z820YI4Y5xxyek/txeJNFvNNsX0Sw1GFrC90u0uL1lljgt9QgeKd4EYEqI0YhWH3Rjn0/dv8A4JhJ8OPhj+y3qPiXT9cGuaz431bWvFHiXTZ3YWeml55EGJmIQRxD51yQF4wCCMf52Z1xjxz4f8JYzEZliauMzCtjMPSwdWrUlOV5u9TlgtZtqOkKey5bdz+4qOT8KcQ55h1gMtpSo0qFR1qUKUIQfL7Plck421fNrbRJarQ/nS8X/sozeBvj/o3wW8VWK6DqF5LBE+2B7kCzuVV4THMmVeaUsEjweCQMkcV9yr/wTM0XSPD13q6+L7CytbOzmuRY6jFBbXl4oJWS2Mk2ArjltjAHjpw2eB/4KFfGr4fa3+1Xpfi/wBrc9+PDmmWcWoS2U3nf8TNZFcrDcIx3i2boQxCbcYzgD5D8VfG/xr4s1eG2u/GPiOXTtQZ55i+pz7YQ7EbWjEiqNq5BB6n/AIFj7DAZj4ncVZJw1mmDzmWSe2wVHEY+hKE5VJVZSTcYqfvRU420drX110PGxeV8BZTmGbYXFZTQxjjWtRUXH92moqylG6ajJtPRN7t7J8j+058IPCfgHw/4RvdK+0trF/e31re27TRSwRxQyskUsJhACq6qpA4zzjJNfIFxY26W0727KiiMeYTncsoAzluT7YGBzxjt738d/FZ1DS9It1nnvWtbuOM3LztIPLSMKuQSQrvyx6k8E9AR88zXUAs7gZZ8jJQbg4cjOT6gHjOcqMAAcV/UfAGJzeGWYanmmM+t4qLaq15K3NzSj73Kla2t7WdvlY/nTjfLsqlmdf8As/DQw+HcPcppXcVyr/Dd672STdvJ/O3j2Jlug33Su7fhcrgNnLdSTxyBk5PqMV5pJIN33cYAHCdRt6sBg88YwS3JJXk59U8crMkkMrrtiYSSKzHeRuOCDnHGeF6AcemB5a0ojhkJZGJYFSoZjwM4UnrjOMZ9QTwK/VKk5TlHVN8sZPVtWsrvqtd/uufnMcJGjGzd9N7+V7d+u6X4m74UEMmsWcNwZFzeWvIBG0LcIOcADkjGB6kjA2mv2l8L2axWVsyqWLabbmLn76+WoyrcDeMjKnk4xgmvxV8NX7m+tyQpb7dabTtwwUzJkE4zjAzjg8HBwK/bz4ZTWc2l6fDdNvaWysooXL/6lpI1I3EkgA5J9MfeCmvj+JJPmouKV4u/TW/K/JaX038j7bhFQftYuyuoxTWt371r6PtdapeVi9KZU13T0KSKhtcbpCyAsQSQQQOd2QP4TkccV6RoepIsbh5A/lIVZQ4d0IYDcynOQeRjpndx1x2a+DJblPLv7AXFv5amG9hUMRGR1VlPDeqggEgEZ4FNs/ANvYfa57adh9oiyiTLgKO68gjcOoYkDrgkDFfPxxlOtTVOyco+69mrpRWt3pqrpfjc+onhsTRqupHWM3pu101u7Le66eq2fz/8XvjV4x+CXjvRNb0PVjfaVrvh/ZDpMq+baQ6gowrOFI2tkqQRgk9jiv3B/wCCSXxb1D43/C79qTXdU0+PS9Z0T4T6jaX6RgmO5ebTrn94A+CquE4Xk/3Sa/Hjx18KtM8eQW9vqlszyWMTrZ3WTujmyu1yDnGSMAc9uMEV+xX/AARo+Gt54C+G37Zdjf3Md6174Dn8h0G1o4zpl6yJngEkDjLAnGSvHHynGrw64dnN0o+0VWiuZJ3ac4PV77tWb5rpWPY4Zli/7YtOTdKVOUkmnyxlaLT1dndLs09z+Xb4qT3N1r0kpRy/2jVoNkeV2qmoXQUtjG49zgc557V+wX/BNf41S+F/Bfib4ceN/B1r4r8E+ILdJFvbm2jmvNGk+bzJbZ2QvGADyysN2AecYr8vdM0T/hJPiq2m3s8VvYy+J7+wneYjy4reXV7iOWRg24AKoJGQP+Ahuf6kf2U/2Q/A+nWutSafptrdWEnw2uJrby2cW9zI1pvF6sinHnO+5iozgjPcivx36QPiPw/wjwdlOAzqGLksw+rqlWws5U5UJwVNe09qpJRfvN2Wtk720Ojh3hnGZxm2Z42nOlGNKtKMqVTV1FzRVrWs7vR+rdnY+TI/hZ4N8aa3qsXgaeB/KupDa6fdOkN4ickJCZCCw3FlwASAABg4z57qvg+bRLySy1O0ktLq0vEgkjZSDIVfaWBKlmAUZydwOcnI6/ePxJ/ZOHgHwh8N/iF8P7m6t9XvdJvNT1u1llkSSK4tLiQK0DhgZF2qP3ZHzg8AANu+dfiTq/8AbthoF3eWpt9dgmFvquImje4dAuyaXKjLOSPvAgnoeTn8p8M/FfCZ8qFLL83ljsI06DhiJp4qlKmopRqO95aL4ktV0Wp7WLyCpluIUqlH2dnF8yV09VrtfTzfqk074+mCzh+IHwoCqVDaq0xHRT5aIOvI6gHcfU8Zr+zX4Dzb/wBnPwbISD5ng3VCCOc4jnAHfgjgnqM5HXFfxM3GoovxB+G0Cs0f2e/ZCFPz73wFwQRxkhQc9OBnof7Of2eL9z+zP4I3Eq8fgfUm3nJYfuZunGeevQcjB6AV+g57msaWPjzJWxOAnTTT3/eU3utGnfXuvS525tCWIyfAqL0hmEZaJbezSV9NLNfq3bb/AD8P2ktIm1/45/FO5ge8sp7bxz4k3XVnM0ErhdTuAmWRgcKRx9DkZbNeKR6p8Z/CottQ0HxnrK2ttJujNzdG5VdpyF2ys42rnIC4GBzgnj6S+Jhnvfjh8Uo9ysJfHXiRWbaDuA1a6zuwTtGMAgnBI7d8fWooINNNqY4dwc4LKQOeMkE4OB3x3ORX9Q+HHGmfZNlGVYfLsfiMNTpYehaFKpOEUlCDSUVJR1euqt6n5f4leDPA/G2KxWK4h4dynM6teKjOpjsBhsRKTcYq3NOlKXXureVtOZ8N/tqftF+EL3M8mn+IoyioRcxhRIACMlotpDYBU5HIPAGC1fR/gv8A4Kga1oU8KeM/Ad2VVS00mn3kkaeaeMqHYlR1zj1AA5GfkuPTrVnnU29uVYEByu/PPG3g4JwTuOQOevBqa28D6PdET3UauZcjBQMD6DkZAPXOODlietf0blXjtxjgoRjiMbLEU7RglXhGaivdVveSlqlK+qer6an8ScZ/s7fAPi11JLg7B5dVqNuVXLJ1sDO72sqE4xXLfRONl3aP1N0L/gqB8EtQOly6rceIdDuVfzJ7eaOe4gBIyImJUrsbHzY5YDv1r668Nfto/sx+O4YW1Lx14Mja5jilTTdZ0yxML5wFjla5jZhux82exOWB6fzq6j8MvD2oalLEITAqBSDHkq74HPPAUgHcf4dpyNucUE+Btiyb1vXhCufIG1XCEnKjKn5sH7oPTJ4GSD9fhfHiVdQhmmBw1ZO3M4RcJcrab1u7a+SfVNLU/m7Ov2U/CFGpWq8J8VcT5JV5pOlGGKpYimpacqfNCFS0XZL95zOy16n9Vmm6n+y/8SLBrc6B8FNes58G4gs5NIs7pxsHyg25jkRmfOWDDk9VwTRJ+y7+yP4sEq2/w7h0CF0Dyz+F/FN5ExkjBAUwx3flthxwAmDwFHHzfysr8GvEOnKz6R4p1rTpmfzFFpe3VuJDyQQ0Uilc84yMYBBBxmtrR7b9oTwkHfRPix4x0goxZXbVbq4DnO4KUeRsggKxJGSeOletT8SPD/NZWx+SwgpKzcXRm1fl+zUpq7dktX21WrfwGK+gh9JLg9N8F+MmYqFNfuqWLhmFBtKzipVcLi5cqWqVqb78q2P6TNa/Yg+CUsbyeFfHvxL8Lz4kVkF8t5HGeSi/6V5mYxwD1OFxjJ48O8S/sPau9nMnhn443V20URnij8Q6dH+8cDKxE2yxkDB2kdT1A5wPx30H9pj9tvwso+y/Fa41W3AMapqNrHKzMMgbztY4IXBOOgIPPFdan7f37a2loLe+j8O6mzo3zm2ZHIHyj5ljwDt9M5PJzzWrzLwgx0X7TAODd7N4aMXd2sv3NSOi2TWy9GeNh/Cj9ozwliE8o8R6WYYaNmqdXNKlaLjFafusxwE7XsnbmSb66pv6H+J/wn8Y/CTXdK0DxjrHh3xDPrOk3GrW15o9pIsdrDDIEMNxFKX+c8ZYfjyTXiGoWWgzxT+fBbl5t0RIgK7GbgOCoAIYHPXkAjrzXjnxu/bM+M3xI1Dwl4kvdBTRtR0bQbjQ72GOzD2d9NI4drgBV80Biv3mIGBnJPTyWz/ag8Z29pFFqmgaTLKZF3tLZToWG7B3EDAGASMcsc4X1/DOJcHlcM5xiyayy1TU8Ndza5ZKFlG7vpru5NLvqf6yeBWb8ex8M+GoeKnLU43hhXHPJUowVOWIVSUVO1BKn71NRcuSybbdk7peta38IfD08gurL7VG7MXYR3UiAk4JIy2SuehJOM4Ark7r4Z69Bs+wXmpwxqwJZbqRyAec8E5BAGeOx6jivb/hJ47tvippOrX1/Z6JoB0e9t7XyruYwrdrPkmW33Y+VBncSTsJHr8u/qvjLw5Y+IbXQV0DUL2G9ma1sNR0i/tbyK9nQhdkEUbMwDsRtyck9RwCfBjh6nM3GleMktU73aaT0vbzvd/Ox+oR4nyp1ZUZVpUpUmlLmjOKi9L25lyu2n2nfofPqeEPGiKiW3iG6BTBZZo94CjGAc55b5iSP7vJxkVFNa/EHTblo2u7O7TyxtDAqZABjdjjkDpkDrnBGCPsTwp8Zf2NvCOq6j4S+NniHxn4Z8a6cwuL/wALW+lvK/8AZknRmmCMPOw28YwB068jy3x1Y+H77xI2sfDy5vrzwD4juXuPBt5qEYS6n0xgpHnbh8rryu3pnjuK1lg8TThGtOLjTlKDTV3G/u6Ja3e+j0WlvPTC8T5Xi8Q8NQxcZ1I8s3F3ScY8qbjdWdk1dptWtfufO0niDxvAJBPpYuY4jkG3kAbIB4OTyo+pJ5x14qaR4x1aPUymq6Hex7y7CZEaQpHgfKwVcFsnsc453DFe5aj4W8SadpP9qXGh3Tac5O7UILcm33qeFaZV2E8fNz047ccPC8lzekHy4nEZI3DDMg4AIOeTzkKOCARyCGiFOpFq8m2rNpJvSNtHq9e1l+h7OGxNCvJqnU53dX5W3ZqSTvq7NN6LXundDLDx74cinzdfabcRlgpnilVWOCCSSAAWyeAT+taNz438NagRJDqltHCxA8qRyjgqcc5J2biQQAB36Ak1ovaWcEWl6hc6JHqyWdyLq4tI4Ayywo2W85sHKsMcdwfmxkVQ8S6V4O8Ra3calp3hZdFtLuMOlmVxifaA7oq4GCwO0KcBRjHAojVm6qotwacXJSV0024Pl73809NpbI/QcJlGGnkU8c8fRp4lYhU4YJRftZwlCMnVUr2tHa3V3eulrkOs6NJIhXU7BiqrtTzRtznnkk8k9Sff8eya/gntFhWW12eWpG2VTuB64ORjJOBgZH3jxyPHD8PtCnRgIJ0nLArtDoAFyV5J2nHXHBxn3NZl18P9WCk2l7eiFDsESznrxgn5sdMAdyAOmc10fvYqXLGybu2tXa8U1Z33Wn9a8mFoVIVIuMo8rkm73a3i3u9/+Gsr3fuNrBaSeYwAgOURgoDhycZLZBABwTgcjoDya1kttJ+0xYt4WdAjO5iVJEYNjeDgDpnkY6DPQAeCaT4f8RWhbdqt6hVlWIMxkwRgZYZJPpknp3AAA2kufF9ncPBLeRypIrP50gAYKABgcDB7bT1J54wB81n1TlyvGShB8/saqSTs7um2mkrOzb1Wuvkj938NcD9dz7KIOMGnjMPzckU3b2kNtEra+98lbVH9GH/BLvw3oUHwr+LvinSrYR6hca7ZRvcMgJ8m2VXcISMhdwYgAY54B6n9WbEWmjeCvFt4YI4raYRak7qiqYlFuJZJiTwGOGYsSABkEAbgPyy/4JLXw1j4E/Ei2lkhjvDq4ibYcIx8hAmWBwxZscZPJ7195fHzX7jwt+zV8Rdat7ja0XhqawDIwDJO0TWxYHPDKSoJypzg9yR/zl+JeDxWceOHFmX+z9picZxBSoRk/fcIzdOC0esHFTVlrtfa5+3+IGBxeZeJ2KyVYmbeIz7IcFR527KFShgYQjZbKLd1pa+nkfywftP66fHvxk8e61pzxiG61aeNHVQF8q3naDdtXG5nAz8vJz3J3H9tf2CPhD8SbT4A6NpugaNpfhpr+4kv9Y1a6t45LrWLKVC6LcMU37ZInEe1idqng8fN+Pf7L1p4P179ofwe3xFR7nwzHqj3Wqb0M0Vy0Tm6QTRrkSJJKAJAysCDkgnFf2OfDm38I6d4Yu9V0WytrPQtR0lrvTre3jMUUGnrbbLfbAQojDDEhIU4GTgAYH9EeLPEOPyjLeGeAMHWlg4UMrp42tWlOacqWDpRpxjFKytzq7k3o9Fa6v8A0T9J3xBnwTw1wzwdg8pnjKk8Ng6312vFywsXh/Z4ejR9mpR9pVdpVEpPkpqMG7tpH8ZX/BQ74W+KPhb8a9a1KXQINI0bxSjS6edNt9ulXNzCwW4l3bfLimmb944JGSSCOlfCPhO01fxTqdjpOm2sdxql9eQ2Wn6eBiW5uZpFjEcZ9C7AEkAfxYwK/qh/4Kc+BvDHij9nLWNXuraOW+0WKbWdHuSgMkTPdiNgJF+cxsjbSCDkknnBNfgT+w9Dolt+0Z8KptYsUv7STXoo1haHzAk7y4SVtw4MasrJknJ5G0nFfuvgl4343E+FWYZkpVp47IaVbBVZubtUlhaMKlOpu21Km4vqutlY/SuAMdQ8RfDFcSZrgYVqnC+W4ylWwVSMZRxNTLcOqsbOfM0qkYxi9VZ3XRHpmo/8E+P2p7bSotSn+E2oXUdwIZs6bcJPIsUqhwPLU7mfacYAGOd3FfOPjL4J/EfwTdXWn+J/Bfirw9cW2B5V7pF55ci8fNv2FCOEOeFxk57V/Rl+2V+1x8Z/gf8AFWx8IeCNPHhnwVp9lpWprqmpWctxb65FMI/tUcc0iuodFJVVQjBwCB0PU6d+3P8ABDxp41+Gfhr+wIvHOqePha6Trz3enWl3DpWpTokcqL50Dsh8x2IXGcL/ALNLA/SR8WMNQw+YrLsNmeCxNKWIXsK0lUo0qablzu01FqKu1JK620bPyOhhc7zDIMs4ozfwi4ez/Is4wOKzGjV4dzCrRxmX4bD03VtmM/ZVaFGo6MG4xcrynHkdndL+VbUdDu7W1e6hcKIVUXaywyQvuLA4EbbScMMHA3dguDWJplu1xI7eaTnBjDqQCwA/iORg44wAcHt2/qw/4KafAL4WxfspeONa8OeENB8P654P1C01QatpunW9ndzwzsjGAtCiM6kSkOGYqMcqSAT/ACdeGbl7/X9O09jKttf6na2ULoQEWW6uIoBISGG1FMm5gensea/qbwe+kLW4t4axmfZrhFSWGlUpOj7VSlH2UISlLmjy6N3WiT02dzyuHvDXw68V+HJcScP5XjuGqeHzDE4PFYLEYiGKnH6vClW9pGpTUU4TpzTgmk1qml12NYikjj8nLqWG4godrZYELk8jdgbRxwCc5ya3NIAa0CtdQwMY1IDEnBwem0Eg4AOR6ng9v2H8Yf8ABKy5tvEvwg8K+Fvi34b17Wfino0GsX+l37QrdaIDbpPIbZI3LSwpvCrkZZlPGRmvvv4JfsIyfs+eMvCHgXxr8GvB/wAQfD/ia5jt77xjdW4uniMYxM2yRXEOT8wBwGOchuS3j8X/AEueHsroL+ysPVr5hOE2sHJunP2cZOE566NXXupSvZu9tz5jDcP+DHDOG/tSvm1XOquJwmKxeDyS8ctxuLoYOtUoYmpSljY0oWjOhVVNN81Tkco3Tu/5j7lHtrQyfabeXA3h0bLjI4HPzcnrgHJz6HN3SJWBilu1XEmAj4J7k8nBIJ65z65J4r9m/wDgsN+zX8LfhB4w8E6r8NvC2m+FYdcsL2PV7LT90cDvAseJliUbVbLEjCDtyR1+GP2UP2P/AIuftN3VzB8N9K0640rR7pItT1XVZxDBbO+SqIHK7nOApC9yTivpOEvpP5NiuFYcS54qWDws24pzrRXJONT2ag7tKb507Wt997/Z4jwt8NeKuBMq8Rcox0+GeH8fQdaus8q0IfVJRqujKnVqwl7OT9rBxXI5KSacT5zlkjcqQ6xosoyrEgnjqSeMAjAywAI44p8iKJEdfmjlYFS27aowAMnBIyw6nn7vI6V9q/tCfsJfGz4GXmiSfEjSbTSfD+ualHp1j4o050n0qKZnCGS9KEtDtGWVX2lgrYzivbtN/wCCUXxF8X/Dn/hMvhh8TvDHj+++wJqK6Jp7tE7ZUyNapKXaNJgoI2sAWJUEY5r6BfSz8PKVLA1a+L9lQzCr7HDYuKnUw3tbxThOpTi4UrOyfNa/XqfKYvwh8PsFk+V8QYnjjJnlGb16uFwOYUXOvgamIpOMJUquKpU50cPKMrRarTp2ej1vb8qdS1G1t2hUvGAkuHbcRkZAPHYkdsEc7T0zWzplwJnaVNhRsGLeuOcgKFDAepXBPQfKucgeSfFDS9f8E+N9Q8IeILC+0nW9EvXsNX06+h8ia2uYpDHJlWA3RkgFHAI2kEMRwPvL9mT9j744ftG+FNQ8UfDPw3Z6zo2hTJZztJexQTTTKASkKSHdKRkgnGBx3Nfq2a+M/BXD+S4PiDOMzwuBy7FxpypYmrUj7KSqKLg1O7Ti4tO99ld7a+bU8B8DgKWY5nmuOy/AZHhvYuGa4uvRo4KpHEygsO4YiTVNqs5w5Gpe85JLV2PELO4LO6hAoAywbPIwM8bhx+BIPQYzm3/a0Mau0xV9iuj8DCkZHIByOF5zwOxB3V9I+MP2M/2l/A+l63ruv/CfWLfRNFMrale2+25FlFCC0k7+UC3lxou52JO1eW4xj4Z1i61GSX7Bp6OpuJJFjkcbWBDbSrfL8uCeuON3cnjr4V8XuDOMVKfD+c4HNoRmqcpYLEU6/LOSjyxfsZS5ZWeqdnZNNK2vLPwIwGY5bisfk+Ny/NKGGi1XxGX4ijiqVJuEZRhJ4ec+WTSi4qTu000rNW9XsfENvh32ptPGdpPThcZG7HHy5IIz261keJdUt5Ft5HaJQrEqO4XGTxySc5A747HIrD8O+ENXYpFqN+yuUGI15+fI67cfKPQ5xk44zne17wRGtukrySy+W22RjjBzwDgg+44xzkcBsD9Up2rKM4ppSSlZ2uk7Wbjskr7Naq+nU/inj3hyvkuOxNJ0pQhTqSipO383RKTtrdX30t3KVn4r0q1UCW4jDFMAoWIYAkAEBuSOBgsMnsTwbI8Z6YrNh2k3DJJDs3TACkDjpg7Qf93pnCj8I2iqkgtgdue+7kHJJycc/QEAdwRnXstMtY2UPDEAgBGEXk7vlB4BPPC+v510xppNyb02TvrZ8t5t+burqzb7n5HPni3fS2yaeuz5uqt0vr0tqYureKfOGYY7pgrAhWTJJwePu4xnaOg6Z9CHWvi/U0tlji0q4MjZUNyo5OeRgZGDx1C5IPzAEdFqUmnqFVkiVldThFVWGcfMQVBOMcE+4Gas293YQw5YK4ZGIbbg8EZ5x1zjrkZ+UDJrGTvKUYTVtHdPpaNtk2mne3VJPe+uNNy53G6trq5bLRX6Po79nF67HC3Wt6/LcxltKKcDEkpwTk8DgcnB6DAyQMKeavRv4uuCjxQooOEAJGACTkkkg5wOuTg5x/Djo5NQsmuImM0YiEYIZ5EwWH94Fic8A/eB69+KuN4g0u0Cq95Zxq3VmmH3u4GDxz688VmlK6d1o1Zu73tpfrvtotXvqdUZPRNq2iTV7p6NbvXbrr112OXudN8c3KsFuVSJgMKSowCNvHoQcY9uBk4AxLjwx4nmAjl1BvMJyVDFTtI69cHI9TxtPPYdlefEbwtZ+ZFc6raJ5QzxJuJKqDg5Y4G3PTjOSRwK871X4/fDy1LeZqaSMG2kW6HchU4GCMnnnqdoO0k9xXLN7tP1T0V1p0sradNW7omUqSvzSSat02+Hrv3tqrt67pGfP8P74XX+lanIgdFJAYh8kgEEA7T0GCpxkk/xCqV58PLRGZpr6bcRwGJO4kH5sEnJwPvdFAwRxzxfiT9pjwlBOh0+0ub5lUDfIdpZOvyk4KtjoAMjBAJBrybV/wBqqYg/YdBjb5mKCeRWbBOFOCWxngjIB9s1DgpPV2vZauze2rSv2sr6vTfQynjcNC157pXs9d1o4q72e7b33eh7feeBdEtxumlYSBQxLFWLAg8jkg5IAI98dBTrDR/ClrBK91bjzTuWJtu7J645GDk8t1z9MV8d+IP2m/GN4xW10+yt3aMgqCCVXB5BGei5zjAB6dTXmN78bfHV/blH1PyN24BEjGQccFWAC54AA6gc4zg1lUp0VeDS1tq1ZO1lZ2srpLS0rq9tdTglmeHTtGMpLW6afK0mm1Z22u3p8r62+8NRbQiHWK1SGIKPmIRVJXqBk8c7evGSDnkGsC0i0+5BCSW0CruZi8iDzCD8ykjGMnGM57gkkZr88rnx94zuFkW41XUXjYhlVS4Bz3BXvngkY9MjNO8Oah4n1i7+xpqmpQFzlmlllWNOdxJGQDkgAZHf5s848zER5Vble2y93lirK19VZu22vR+edHMYymoqk/eaWyi43tpeyWt1vre2rR9z/FTV9Fs/CepW0l1ppnl0y4jjjSRWcN5eF+RTkFjgjC53c55Ffnd4dH7rUXjCK8dlIxQDIcB3IfgZLgEgH5jyQcKa+lLnwnpSWd5calfXOp3ttZMWWRneMsUJ3KDnJAx35IAzXgPh+2iC620CeWv2e5VFbn5QTtz2BOOp4AHQA14rqv6zHW65e+ulo7tbq2t7LV6WVx5hSnUcajikpQb5WuseVderbei/BLXhofE1/bEKqKwTc0ZYspXLHADZ2gjd0K7uOPQ2n8SaxOC0l1OiFT5sSMdrL05AOSSD3zwOOvPOzW0vIJDbnyFwOTvJJPHAwPXBwDnOc6YtZYHglOWTYVfjEYJXoV6ZU9SfvDJPovTTxCjJtzmrdNNOayvdapL/ACXVHyzjeUklypWUrpRs3aK2V9d9ejaulv8ApR4mvSP2FPAFzF5jtHrUrhnYnBMpJDZJHJPf27c18F3Pj7VLSzMaJEu9l2qvQoO55zg8jPrkZ6GvvDWI3l/Ya8IhnjMCazKWX7oyZGCgLjIycHPUdSRX5wavCgW3RxgBioAGU+9ncvOM4Py9AeSOvEY+anUhdbU4qPM+yjZ6fn1vrdWT1lL2FL3JOLk/e5dF9nVa3ad35p3XQ/Sj/gnTrk954/8AHE1wFj3eFrneyAYWRo5QCFGDnaflPUjkdsfEHjDx14h8P/EXxjb20zSWq+JNUwk6qwIku5cMDnjgjjcME5HJFfZH/BN+3jfxr46kG9QPDE7HPQ7UlIyD0zjnjOOuMgn4d+JttIfiJ4tdQXz4kvjymQQbt8E4xjpwR39Kxi5L2aUVdJWvZKSd276JWfLdJbNnZVnJZfh6kZfvHOabt2stV5LdNPS7sltq6v8AEXXre4jFxHC3+jpKpZQcCQD5iOpAyoIxjPPrX6f/APBOnxff6l4D/aME0hQxeHEaNFIKDzAVJCtkfxNnOT09MD8k/FCMb6EZVmS1gDDA2kMikgg84BwcDIxk+mP1E/4JtwCXwX+0fGBgr4RaXAGMFULZAX+HgEcnGTzzz1S96WqUrvayu0kla67JK99e/Q6uHq9armNKPO3yqW95JtKyd9L37NaaHyBrfxo8TaJq+qwwJBdSQ3N/ZwySHcYYy7IQrYIBIJbORweMAKK+cbjV9T1G9ury5uWkllmyxdgyL5knmFYwSoAGepxjofWvQfEdosuu6gT1a+u3cbeWbzXGcjk4ySM5BK7s8muGl0+Jrh40VuDuYj5cnOM9iSAcAjgnPU815+Gw9KlOUqUFG795LRttRa+aj96T3Ns2xOOxNSEK1WdVU5SjTTbajfkdk1rsrfcul1/QH+0PMP8Ahgz4IPO8cm210hcOSQC1lGC4IIAHqwGPmxhuQPyAs9G0jxDr1np86yR29zqVpbzToCWiR5FD7ADnPJORkfXNfrp+09btF/wT9+Bojzn7Npe8qPnGbNApJHPQE9vmHpjP48eHhKuuaZIs0iZ1G1G7BJRwyEO2R1Tqwz6/Lxz7kakoKVNS05YSUrJO7s1potG/zv1NMywkcRiMIqlPmSw9FO/VtJavbTzejfVna634H0Lwv8bNJ0nR70zWNj4l8OiBmBWWVmubZ28xW6kNndt9eB2H1V/wUlt7W7+JHgw3kht2Hh23jDoCVVBBFtOfmO44JDfdOSOBzXyvexM3xs0fz7lrqV/FXh/ZJIDl1a6hOFJHPIx9Tx1Jr6M/4KXyTL8R/CVvIzIYtDjIYMPlXy0Kg4HIyQB2PBwAwzaqTcZ82qi47vRu0d7Nq71slbrby5Z5ZTw+Gxs1BRjGpTSj/dajfS9ruzs013WrPiNvD+mX+nNam582ERrnLqpLdcsrNnHHfjgg56g0HwCLKUT6ZatcSvvZojMpyAGClefTI4PBxj38btdSuPtIt0lmKyM/mMkjADkE8c+g6jg89uNvRtf1iHUg1rqFynlGTa5lbCAZGNpPzZA5PPTPfnP60pSjaHM1aN9Fu07b3SUeq0v87+FGNBTUeVK8kk73eri7u7Stu072d2r7n7S6fHc2f7FNss1k8Usdh4gRt3zBcsvzE9MDBAz/AFNfmH8MpoUtL3zZ4raOQkTNKy7ijMwGzpjIPzEnknPYk/qf4cub69/YWsLmaRJnk07xE0jvyWJIO0D27ZznB69B+PPh3UY7PTdRSUK8jOTHnJC5dwAeO3OBx0J578mXVJf2hU+zaTtqlbRK2qu9LLyaTvdnbxLGNPA5e1a08PdPy922qe+++mh9SJqHg2ewt9Lu9exi5Z3j85lMLLjBj3HywpPByFyD8p7D6h8EvYN+zd4vm0m6MsMPil1VxJ5onZo2G7ALEEYPyE5x0A61+TF3d3UdzPOWR93RueFYdATgDbjDA7cggc5Ffoz8BbqX/hk7xUXdUYeNFIIyflYMPmBJ54P8XpkgE4+gzispYWLbabcNVzXVkkrS02av0Ss+583w428fFuNrrVry5bNW7pX3167nzh8Yw8HwW0KViWkF1OnIx/rZXyeeeATjqRgqOAcfNngPx1DoM9vLD9njuLdF3vtIZmTphgMknOSMgng9RmvqD40xed8GNKIVtkV3Lkgc72kcqQN3AOeSc4PJ5Jx+fFgrHUTCuQ0rhMtgKC5C5IOc5HTkZOM+/kZZKUORtJ+0k031e3vPffl1R7ef3hXpSi7L2cdet/ibet/uevc/Q+w+L0/iSy0e1h09bqc6xbSu7SEI5jIBV485cFSwJx6YGea+p/Hsk837N/h+6NtEy3Wu6k6qcfu5cHgcZ+VgccAEAZGTivzq+GWlvZazpCXDTEJepKjRsAr5GQNoJI54OOD69AP0d8dRRt+zD4acxyhR4g1JlOSPulixHp0znADAg4yuQZi/Z4vDSTV007Jx1+C91y6a9L6K7ubZWpVsDjXUfM3Qsr8ujSi3fRvdtWd+173Oa+CUWmQv4Rl1DQ3uTpGvWGs6mkEUU32i0tJklltpvMRgyy+WcKdw5OeOv2R+2Hqnwm/ai+LXh7x14HhvvCc11p2laBrFhqemwwWlu2mWkVv9piS3ihRVLR7DIRt27RnOTX5ReGviB4o8Oa7c2uk39xpcMltFKzLGZi4RBIqMkhwFOMEdO/ORjnNf+O/xJutYe5HiOeN4pWRVjt4Yl2p0JRVVWzyCCOc7h0Gf03Jc1oSpUZVcL7WdGDpxSaTcXyp3Skk+XlUlLl31sfmGc4GUa6lGdnzKDvy2SUkvhXa8k1otrn6//Cn4caF8ItX+IZtvEJ18ax4Ju7O0m09NtqJpIGDREpkMyliTnkYPXOa+BPh34B8JfET4q6V4V1vxJbeFNOudUukv9Re8jhWCUzSYaYu+3YxwC3y5I9ME+o/sM/EDxp48+IXjTTPEGtDU7KLwXqE9vbyxxiOObyJAZFRVB3kYAIAY/wAWea+NfEXh3Xh4n8Qy2ipI665qTCSFykihbqXarFSGVlIDAZHXA4Jzz4Sqp59jqsaXJCcaco0017sVpvezbVu17X9PVzejGXDOW02nJRrVUtn2d3ok+ZtKyvp1vq/pQ/s36nr/AMbJvhb4P1qw1a71LxJDoeganbyhIdRaeYRQuswwmArISTkEgtkhq9F+PX7G3jD9mz4hP4J8fags/iOwt7C+lh0yRbi2aKQJIiySRFljlTIXD4bf1AGa+XdF8d+OfB8mlalpkuoWGtabMl1a6nZljd2t1FtKTwz43hlYAZznJyMAHHQ6r+0f8R/E2uy634t1fWPEWtahLBFf6jrsst1JJHEygMZHDMoVOAPMIHzdK+lxFGlKMZqpThTlTnz0+V8/tbRcXGSktP5ouNtbrTb4zL3Qpy9nVw8XUdWnKFRO1ldNpRtdvVLa260aPuf9qHw7Hq+lfDTToYbkG98DWkc5ghYyhEiVixKjJOBk8ZHbB6/B9l8KdLv/APRZL2/tEhMgt5jAWZxHlpBlVJJxlTnOOPrX3F+1h8UNR8EeDPhB46tLG1vWvfDlpaxW7uVXypIEEpOOVLZyo7D9PiHSv2trG0ZI73wRBEsRmeEW0kchSe4JLlzJuJDk5JzgDHvXhZHh8BWqz+sSUZKo1FyUkuVNJP3Wmru90mndfd9RxhQi6tGfJef1enpaVuVwhy25WnFys+q1tqYl78M4LW9SOLUElSUxi284FZRKSCWZFOQFweQDxxjPFfUP7MXgzUrL4w6Be/YLtbRYLqF75FkFvI6W8gYgkEAk8EHAyQevTx74YftA/DLR/if4a8Z+MLGa80nTtbg1HUNIkSFoJIYyD9jkjZSHgZslgAeMgAH736bfDL45+BfjN8eGvvAqaFpGg6qt3fWnhnTIUhNlGkDo/wC6UKwaTqVVR0J5zgYcRZXTo08VWpShKmoqalF2bemijdtNdX20u9bePw5Rozx+H/cOM1OMtYNtWS35rvRtb9NL30Pyd+LFxrOl/FfxquljULVLnXLgeZCXHmBJSrnGDuBOCD07cc0kHxE+IlnLBHBqczWkEJ2/aYU3DahHyllOTzwSRj15wfrP4lHwPL4w8RxXyukqeIbxbh0SNZLcLMwK7gC+OASCDzg+9Z2o+GPhLfaZKdKW7vphZSFDO6wtDchCBySAUy3H3RyPu9KxweQ4evl9Gr7Wm6lWEHyXcZ+8k7Pl952bu/dbT7dMs59rTzSvKNO0I1XqnKKtzJ6WV9LvRpp212PzWPjHV08Q399MkFxLdX0jzy3CIzM3mAsGOOhzgZwD1A6Gv0o+DHic678Avibujt7SGyYSOYFKKG+zybS/G3BbB6deOTgH4quvAGjS3c37mVblrhwUUMwI8zcrdSrDABxnoR26/aHwl0Kx0b4F/F7TYpJf3tiGmUodxATaGIIJxklgc4HNeXn2WVMBg1KXI4urQje2rbnC0db2XVq6tbW1jp4drQxOPlJQkmsPValJtrRLe99u72tY/M0+LdYsbi6hhu5pGDyOiszNECZHKjnP8IzgZA7Hjj0D4efE3VbLWbS+uhC09tL5kbFVPzopU7iflx6hvTjIGT2Xhr4JaTr9ouqR+Imt5LtZkWF4wVjZWOAx3fLkZxkAHOMcEV9Ifs5fsh+GfF+peINW8e69JpXg7w3pl/e3+tx7BHM1vEzrbxlsD5yMbgckkcnNdGNw8cJllOdZLkqwjeN3fXk5b2vdvm08zCNP21eapySlGcntp7tt27rXo1pq1pc+S9W8aajres6vc3QiJvnd3PYqx42gcEH0GR3OM1+jnxf0u01X9nn4SQaheQ2MC+HdOIubhS0cWfMIVgPmIyeRnuTnAxX5sa23g4eMdfsfDUk02h2l3c22lXEuRLcQRTlVkdeSFYgsBg5wvQ7jX6U/HSylb9nf4XWe5Y4p/C+mbCw+YYMhDDudoY9wOvPAr53PsPGjgsJycvvtOzeii4xbTSWlrq/bqtz6jgepPnzZu7UaCTu7t2ld66WS12737n5sXngiGdZBbavolyglkO6OJlDIGOGwRxkEkcYz6c55mPwPrMdyEtNX06VQSYgkgQqeOArELkdBnOCNwrsdC+H3izXdUtbPQrKTV9Runa3s7SzDkzOzlRuVMqAcqORgjnrXrniL9kr4/wDhRLi71vwULG9tIbeY6SLxJNSmivCPJkis4286QsDyFTjr05r5anKEpwjJRulzJKNkkrXabavZW30b0bdketVzLB4eVq9WnRu7JVJRjquW9m3a9tLN3el2zwNfC/jF5wfKsb5EkhWdzJEzoqyqCVXOen90EgDuwBr9E/jrpTrP8EBJbIwj8KWHmKUDhCIVBwQDxliOMe/GCPzx13w/4r8HeIF0rxBZ65oeonyZZLa5huIAFLI2wo+1lIBP3gM8dsiv0N+Mmr3flfBqWFxKsnhawiZpeWHyojkggkHGSfxwoxW1WUIxjLVTTTimlbpql1ulH1V7Xd0+nD1aFWEpUnFxdrOLjJNq1tpa6a9r20WpifHH4VReJtV8GyzzCK1Ghqs5jiDtFGYQxyACcAMAFIBHUE85+MNZ+E3h3Ro9TjhtW1WFmf7Os0LJcSOGx+7kbAwS3XsRgDHB/Rz4wa/pvhmz0O81cgwroVguYpihbei7wSTnDcKcY+UZ5zXx5feIfA+u+ddy65eWciSypDYKqssYbcVZWAPmHLEckjHTnrrKpiWoO3uqO27WyV77bLRJ/Ld/JZ8pPE04U5Ti0k7xtZt8qSd21ayvr0btd7/A/izwOLHUHla0n06NQC1sY9+EP3WyckEY+UHLDAwcc19YfsCW9tF8XtXijWVgnhfVSCfuPmCU7xjo47j3HTjb5/4z01byW4S11eS7tmYqJWiUuin5VQZ+YgfKC3OOFPbPun7Cejtpnxg1KNpFmj/4RnVgJCMNloJTyV5yMEY469TwtZ46dT6s5SUtEnK70W261vdK/Z62utu3IpSeJoxlK7bSXM9YtqL1s21e1tLa9VsfBXxP0K+n8b+M7mAyEP4i1HG04Cg3EgJyD0PQ4wN3T5gRXKWnhTXkls7qNrlWQrIJBK29dpznGVP0xjOScADFfbF18Or3xD4z8Ti2ihkhm8Qag2GzvLefL90NyAc4GT1GK2v+FOaxHeR2raTcM0Su8koBaNIwSdxAzhAvU9Md8AGvgMZnkcLNRcmreb393pGyu90ujUnuj7vD5Q8RUXNJJylZJ9WmrLytzXWnd3Pk2CDxRevHHbpKzuv710uZUmeRTkFnD5O5unHUc+o/Tb9gG68Sah8UtTs/ENzd503wlKsUF3O8iBAzLGFc9xwp3Alfoa8Rh8BaRodpI8utWF3qN3IqJZJEVltl3hfmOSQckgnJ6AYGRX1V+yNYNp3xV8Tq8kZQeGViWeNeWLkKozycHHUnP6Z6sszepi8ZRjHVc0W7WvZNN6rfvv3T1uezUyJYSn7SfK2t7KOmzirrWN7XT1e+uli/8Tbhb79qKxjsbYXuo2elW7rEXBDiOMbmXfkAhRkYXjOQcDaftTwL8TdAsXFtrelyW+AsDuziTZOCAdowQpyCAW+9jJ4Ga/OnX9akl/a+t2tQUkS0ktGkdiVUxoyyBvm6uQQQOcnv2+vdavJNNeJ7qC1t4LqJHjklhwsjgqSPMZc5YAkNuzyRyciv6J4IpRxOEru6fJWUZaJpWjBp2el97rbex8djqcVOfM+WSbTtZ2Wlnqn53Vut77HnPxH/AGg/B+g/FHxJa3MNzY2arbiGd12q7ckyR4UDaAOWGTyMkZGfX/BnxV8OeI7O2udPe5vFl2ZeH52A6L8i5OGyCckdP4s4Pzd8U/groPxbv9Pu9YmXQr5YJDp+owS7EukUB0ilRSplV9m3IBIOWAXivM/hnp3jLwNeX6eEvDt7rltpF+9jfPALiWANbKxLKM/KZFV2VGAIGQvXFfRYjOK2T1HRrQiqDaUJpa3vGTdkttktV07Hy0slrYuU50HzST+CTerTUuZWitNmr23tdo/S2DxXaOSRb6gojJJzAwAPGcfKSAABnuTjAJznTtvHOjJI6O8qMMbXnjk2qQoOAccEHo3GCBjOBn8+Yf2+PB2m31xpGu+Gbq3vtOc2t39mUh1miJWVXWXkOGHIIJyuMZJroLf9vr4I3oQXmlXds+QrtNCjbic53Ki54B6j8Dzg50+L8smmpYqlF8yi73Wvu/ZaWqs9b/fY8r+xszpVWlRlbS2ul10s03fS2+u2ibR9xaj4t0y9VWW6jULliXBAOW9zn5uQBjJBwB0xyF59iv2Ror2CPzX3HBUlQR/CODnk5J6Y5zxj52tf2zv2btQ8uEy/ZGYFSZLeQgE43MfYD5gCAfw5rrIv2kf2bL0RmPxHZIyAZXy5YmyTnHPzdQcdgQxxipfEOVSlf61Sla204JauOi031bt3eltyP7Lx2rnh52skrJO1vNayVnrps/NH0fpOq2thZLbSXcDLHuQDeoY9CGOSoLHBBOPl54yQK3RqkHlI6up3ArIUlTDY6YIJJPbjv14xXzKnxa/Z91H95/wmum2zMfkBuSj4boQS+AOnDYwCRtGTtsQ+OPg/essdl4+08bWxGP7UjjLHjGNz7VyOMjGT0GRka/27lc+WXtqa0W84305b63TSdm9tX6GsMJi6bSVKo02vii1J+9GyTvzaeet7Wtc+ptHlSS3mZ1KvJzHJ97cqseOMgA4zjGfUei6oYLi1vLeVlJNu6uQAAzFcDJPBwOe/Xdk8ivnuw8aeDoS0dr8Q7BWACRI2p2rbsnGCTLnjjjgnDc9cvfxzp8UzRDx1ok63DrGFN/bOcHjaTuOCx4yMjJwQMmpePy+pLmjiafLp9qFl8Oju4pPVbbPTVbdEqdaME3Snbd3TutvLzSSd2tUtFZYwGy4KMSi207+YYt33Q5Kk9Mg8DdlsDsMcbsGpLHJuVtyyBeqY7n+LgjGc/T7ueQec1u0029kWbS/EFlHNeMXnWLULdlfIALRjfgbjjg4JDHJGCRiWOg6vJdMqaq7QZBFx9pgkO0HaygIeMDPzDklfpUVMVg2nyYim2pJr34OX2d7XTbVr6W2b7rGFKq4uUITW2sk7t+6u1rtaWfVX15Ts9fvo7qxxE6jyHVnL7hnHQHPJHYADOcZBGa4uC7SF2umYYdo1VQ20BxjBK9cc9doA5HIArsD4Qv7mB1j1gTxldoRoy249Dk7Tzz33HrwetYn/AAgOuyM6x3iGNR8gmhIAkyDycdOTk9BjjOMnBYrDSTtiL80dfei0rNXXVaaX1TtpotDalQxC1lCW6STi7Pytb3r311102tr6TpGtQPaRb5oxKqZYKMsOgUjrztOSOvUcjFST6rEHaTzIzuwu3IU465xnkkHcWzkg8gCvNLXwz4rs3ZfPtZERW2OC3zEYJAJ9DwDtIA4DDgVj+IrrVtBtbrUdYurK0srGET3c7SBRHCmGLqGyTtGM9xzjua461XDxXN7aOvW6tbS3S1/N9OxvOniWlGFPXokm9Pdstu7s7JapJI1PHFwk5XcyvmKUbA3zbW3BRwTkEAZJxgKRx1PiURFpqiKoCowjSUF8EBtvzEqTnPUcAgYPbjEPxx+HWtTn/irdNm8wGNWklEIQK5UtliN2DzkD5gePWp5vF3w2kZZn8a6MmHQCT7dCTtGMqw3gAFvmyDnnhickccMVhnO8K9OSv/MrpLlXml10t3RlPDY3T9zN90lJtpcnbz2WqtfVNs9bgt7d4Q7RxyxbsAFM/dI65HQEcnocbu2TbGg6PcQbZLOPLOS6gFMr0HQZYZ3D8OAeSPL/APhaPwzs1ETeN9EbYQAVvIxlQOQQshBXAOSRnvnND/HH4TRkK/jfSUbA4WcMDyDlSr8n09/lHTNaPF4VWvXpq6V0prql389Xpp0OVYPGzbvRqWk2uVqWl1Fau2y0d7K3fV39Pfw7pkVvPDCJlWQgmDczIBjCgDOMDgcA4OT7HnrzwLpNxkuZITsUYWTaGJ5GRhfmJIBPTcMdK89v/wBor4PW7Er4ysZTkAhGJ2bSSSAGOAcZJHOeDkkZybj9pz4OkYl8W2u4AsVQMWAOSMYJycdCehPABxWLzDBJK+IouOy9+L0Wu1907atehvDBY6ndRo1U42urS5WnZp30ald2vt0tsdjffDq2mika1uZreQkqBIQyNzwxK9c9znOM8kcV4P4u0W68PztFqFu4QOAtyqs0Mg6qwZDgZ4LAnn1HWur1P9qz4OQQSMviMTuF3IkSSMZBjJOSCAQecE5yeleYa9+2T8HZYsXKXWpW5UobZrUMBnPzZYE5GAQQQBwe+a8zFVstrxlJYqnBpbcyWt117Lbpd6+9sdmFjmFOSUqDnDRu8WnbTbS+nq2u7szIurkOcFo2VgCUDHJB6kAtnIHUAdOcDisbUbtIIpJo7i3EaRtvRp0Bc4xgEtjI2ggkc4wvAUn54+LHx7+HmvafeP4E/tfSNVmXy7dW/wBRhvvMzYO0ZJxt5wew6/F154o8RzSu15reqOZFJcC7lVWLZ4KrJgKCcbQueATngD4zGY6hCTUZRqK8rTi9rWXk9Vfe2uurtf6rDpLklUUorezV2naLfla97Wa2uffs2uO0jfZ7mKTz5CiP5yOVYN86lQxA78njqeSQR518bdd8QWvhTTLViJNOS83KSqks7cY6ZChhk98HgHg187fDXWtQTxfoUMlxNJBNcBJI5ZmeM7zjlWJ+YgnnGRyTnivp/wCOcUY8D2DOhObxmXaSQm5sAEYBAC46c8Afxcedh5RrSmtUuW7T01tBre7v7za9LXszfF1Yxw6nFcqTStayctHr99vS++58ZPqeoMoyyMCxwhKfxZznB4xyFOO5H941K2oBSvnQnYygnacgkgBjjJDZOemSeoxWcAkchwoG4E/TPGQv3RyMEcDI/J8yYUEjIJA3DOAd2ckYAbAwD27Hg1XLNe8k9EtPNct+ySVtdb6fJ+Qpxk1dLppe/re3vJb21Wum1rdP4Z0bQtZ1aOx1G/GmG7XFtNJxD5zE+Wsh6Lk4yWOB/P13xD8BfHPhSzg1ebSH1PSbgB49R0ofbIWjIJV3MIcoGQjduORjsQa+f1QNNEEBPMaq2eVYvjOSRkknjnOQPbP2d4L+JvxR+C0OiXgkfV/DOpBVfRNcQXdhMhVWaLbKGERZTgBdoOemevg4zHPDYuhCdRJ1ZNQhJpOUlZtK91fTWy89T3sJChUp1FVuuXlanGzS5kt3fRPe7d9lfv4Bo2iOgvkcGMhJFCSqwKsCCfkbBB46Y6d8HNRWC3enXUM9jdXdjeQBpI7qyklgl3g5DCSPaVIAHfBA+pr9CdO1P9n349/aWuLVPhV48nVgjEqmg3V0y7VPy4WJZJADzjA2jpkDw/xp+z38Qvh202oalo/9qaBIZHtNc0f/AImOnTQv/q5JJod4hDDBG9gRu4HGa66eLp1rwqR5Jtu6mrKSdvhumne+tk3rrrqa4jCzpxjXws3UhveGrim42bSbfnftrtv6b8K/21vjJ8MdP06DVp4fG3hyBER7PVz/AKdFGpC7be5GDnaPlMjHk/xcV+mnwV/bq+CnxJENjqGpv4D8QSiNGsdckCWhkYAsY707Ylychdp6Afd4WvxKv9Ftz4ckuCrsVjTedu0xvuJGEOCAB0IGeMN0NeaNpyRyRLuaUOu8nADDB3fKxyVx9cg8ris8XktDEw501Tk1dOFlfa94ppNfd+CNsu4hxuFXLUftYRbUlO90vdXXXRbbWV30P647W+0jxPZQC4k0nxDpc0ZMTstvqVhKjKceXLiTaSMZY9CMZzivNtU+EXhlLtL7wveav4H1Is7i50S5eSzdskgvaSM0SKSQCoTpzgDGf5yvhv8AH74s/Cm8hTwf4y1a3tVmBOl31w17YTKMfKVmLiNSM8IF5B4BGK/R/wCG/wDwUvss2dh8VfDclnIu2M63pDK0bbQA8stueW3EfwqQVzjkDPzWNybGYenz0o+0gru8d73Vvdd1Z3TtfTfufXYDOspxjtXcaE27NSty3fK73tez36aWe7Z+jUln8SbGPydY0jQfipoZRkcmKCHV44gCp3JOrRtLgAsUUkE8EkEV41r3wb+Bfju7WRbvW/g94uUyIrXEM1nYvcPuJR2mVbaWLJKfuxhs91IJ9P8AAP7Q/wAJvH9va6l4M8aaJLOwUvY3N0LK+DSAEo0LMm4gvt4BGeD1JHs17NpuvWZtvEelWOq2lwUEUs8MU+6NhhfKuFDMh5GHzkDJz0FeJGVaim506lGS0lok01bSzvpovztZNntU8rwWMlF4arSqax5U+WSTVnbTRWW3bvqfnrrPwS+OPwx0aWDw7b+H/ip4MW6lvBLpLRzX8sbvuzLAhaQluDlV68A9hwEPxR8CSSSaL4m8PXnhHVzAbR7bUtPaILMFw4RnjB5YHkkhgADxk1+hyfC+LTZzefD7xbqvg+9kkd/s0ty9zpJILFEWOR2UIckMq4wACOwrF8U2OrXthLZfGH4RaB8QdHB8s+KPDlrbxavHFjAnmjhRbmRzyxZM5bJ6AAdNLGwpU1Png5O19eSXRO8ZaNu+60u9dHc8/NeHcRUjKFVOMbKMXFc0eis+yt09E72Z+WOtWNqvjLwxd6TGGjupLiG2miwsciHIQ5xgdzzj1/3fq2b4iaF4c+EXiLwfeaNdjX7uwktjfRxB45RcjkO+zBVSy4JJGeBySDreL/2YfB3xAj067+CPxDs/D+oaY7SJ4M8Vu+nXMM7AkW1u87K+VYFBz1zkMOK+d/GXgL9pX4X295b+OfB1xrGi7gRqOmxf2paS2ycpIJ7dXKIqHJLvym0nca5q2CWayoydR05QqwqJXScrThJJxemqutL201PncK8xyL6zHDQdWnVpypuSXMoxlGKulum9U2rvt5fMVl4etyJoXUtJLdgLhcFXMvJUnCnBbnjGccYznP8ADWkw6X4s8X2c0cIEd1p/lPKQ20zKdxUEbkGMdlyScEjgeqad4o8LX0sSanYT6ZdteoHBUhY/3iliVwrJggsRwe4Ayc3rTwDYa34v8b6jY61ZzWdwmlPBArp5jlEPmMhDZVgeCCRzj5eBn6T2Uo0+VpNcvK5aN7K/W6elrKy3S0sfEUMTjKeMk6l6bUk09VeVua/d27qzV2tU0dPp2ja9YyJe+Hta1bTTEVkMml308Ee/C4IUSBSAV6EHJ65GM9Jd/tHfF/4Y2P2nXdS07xfoKEq1t4ltoLkBAyhgZyhnBPI4bPcYwTXpOiWOj6bozQSyDbDAiSCXKNvRcMQ3RuSRjJ3Dj0FeEfHvTPCOraPB4YS8E19qVtLdRm23zRQuy7l8/wAndjJ6A5+bnBxk+PLC0cVVjQrQvBuzlLu1G/vWVk3rff5vT9Mw2Lq0stdenjE675WoNqV7tbq+uiva2/pp9Xfs5ftG/A74sfE/S4NUtLX4ceKbnwrqelzahZKbvTLu3vFAmgt4/mSFpACFLEKBjIwTj73+EWoa/wDDX4y+CNU+Gk0/xG0rRdXjudJ06zkigu5laQtdqYmVWLgE7QoIweRnmv5g7Tw/efD++0mK3nmS/eyuby2uGD20+ImDbQ3yuFJ4BBKkE/Ke/wCz/wCzd+0rrN1pPhO81HSU8ManoFpbLaeItIfF7OsRVJ5XUfNJcOgyH5dtrDopz8Pxtwg6mWYmMJyrYOthqlKthXLm56c42fJNWkmotWSlotrM78q4ww8pUsPjKNOnilOEqWIjFKKkuS97KOtrNvRNux+5V3+0jovjP9si91vxTZN8OJbPwNpWjJp3jJBZteajI7m5+yXMoRPL3kBSp79Mjn1P4tDwnqXgb4oalHd/bbvUvCGvCAWEou7R0jsJDHJFLGSgBbJzkDqAOjV+YXx88UfBXx14h+H2vWfjN9Y1jUtDFn4l1LxIJmNjcsoaOZPKIkjlSQsMOw4I4HFeYyalrlnDrlr4T8cRtp+neGr+W7s7fWJX0/UbCKFzJC6XEzvG0seflU/NkgAjGf48/wCIEZdjswyrNMt+s5fLASoJYedLnpynh6qd4zck05NbS5ldrXRn61gePZYHB1cvruhXWIhNRqqrbl9rGzaWi06LZpNdzx//AII//s1D9rjUPjD8LtQF9Z6F4X1vVfEl3c6TJFFfm5mv7iG3jXzAMBymZBznHGflx9MeAvgRoH7P/wC214m+FkHimz8Q2ejOktrJcxrNeXM8sYkW2uQd2Jbdm8slNudpJwCBXCf8E7P2ufhT8HbDx9q3wl8NTeCvFl1Bc2vjTUJBc3lnq11DdTlp0aDLwK7lmUlgCSeR298+Ctz8G/G/xs8Q/F0fEzSta8e+I5n1ObTri5S1m0u+nkKmFHvWDugGPYckZOSPuvEPDcU4ilxTRorF/UKmSSoYbBxp87df2MEpc0VJxjJqVne75lbz5+FqGWzqYCtKrhXOlVjNTdlJ81Xmak3uknFJLlatrvp9O/tI+DtP8Q/B3xN5l9aWN3ZTxXbRX8HlQLFbzNIY4QcDL4Kk9xjIAAr8mf8Agq1ewz/sCeD4IkjmlXxLpBWa3YiExrDCmVGSMHHbg/pX7wfEDwJ4W+IXw11bQNV15orjUbUn7TbeVOi7TllSaElJA+cLndk5HcA/iX/wWZ8NaN4Z/Y68C+G9F1SFrXSdatLEyNGY7u8ECRuZrm3Byvz8ByMFQASM1/MH0fsrzjCcXcL4PH4LF4d4PiWtipqvSkoxhOHJLWSsneKd01fW2ui/SuO8Kq/Duc18I41XLLVSUqUrp8tn/M2mr2fLeLPyS8N6vp3hfwD8PZ9Wu4bOG/0VBG1w4+ZskEJhucAY469T1XOxceMtNiMBbUo4op1ZoZAAI3jUcFST3HU5xjPUcVn+I/h9B4h+FXwWGpPNZQR+HhOt2Ix5MxHzDZkZMRwobggc8DaQfAdUsZLBzaWzrdxLM0EEzMZUSJeMDcxQD02k8LwcBhX+odGlhsY6j5lzJyTtqlZxVk0urWu2l77WP4ux2T4zBVYzr03TU4qpF63aaXTR6N2TuraXfb6o8P8Aie11i6ihsby3vFjO5jGRuG1sZIyCDjGDgA7Sc8A14B+0CZF/aE+FB/1gltVYK2DnlcLzz749Ooyaf4LtrnTvFOk3lvLDDbYH2+OFgNyjBbeueCQAcnrg8A8nE+O+tJqHx7+EtxbsClvCUVl6bfNG0MAcAnjPX8DiuLL8up4fO4VKTunTkm0nu1HTd+e63vsjGtN/VVBt2Tje9k7JRd9r6aLe3Xrp6x4pgIu2Ax5jXDsU2jI6YyRzjaOMZxkdeh6rQYXFpAyxt5bD7zBsfe9GJyCc8qM57nG08V4u1Vk1F5mwqmZDlgcbfkB74JCg88A9e+D7x4VjsNU8L21yh3EBlVSu35hxgY4yQcEMCePTrPE+Lq0J0k1dX5WpXb93lXRWd/kRk8YVOdpJu7Wl/suKavo9fetrfZ7GZaho5B3O9OcHCjPGSAM4PrweSBgE1714t1N7j9ij48xHYqQSaeV+Vs4Mkf3ccLljnqehIINeGyRTRuylVGSo2sencn36nBGACCa77xfPJb/sYftAPvZFFxpgGN23mSLGSD1J4zyRX5nnU1isRlDcW2s1wUl31r09eltWlbdNdev1eX3pPG3k1F4Svq7LVQfVO97O3S+rtc/V3/g3YvoovE/jVr2e2tLSPwtpe95GCqX8kMA5JO0EjA7556cV+2X7Tfxp+F+u+M9KsI9cF/faIzWmsG3kMkUTozf6OoU/cAUj0GB1yMfz0/8ABBqeWa3+JTGVAD4e0mMsjEO6mALtHIAYfKBxnBAGTX2L8QND8Vab8T/Et5pOntera6wbt9PJDCeEuSRKTyxZCFxltu7HAyK/mLxnyT+0+Nc6wtTmjCcMNVbbtzNU4JJaO1lqra6Nvz/QOD8dCnhcJVvLnhBxgvdSfvJPS13te107ary+0ZPiZ8MhO2ox+KEtkjbYtlNEyfKnUEYy2AOCDweecDG5p3x8+Hkt3FPYaza3K24EbwyByMnGHQOzcZGQMDnAz3r5n0a/8AeM9P8AI8Q+H4/DGtwGQSxmIKLgqFXahZccnoec85GeK5M+Bvh3b6tKlpq8GmrJExDPcxlRJgLjG48E4JyM5AIK4FfzZmXAWBlTnF0K8YU0+epTi5KWqvFyata6aWm3k9P1bD4uFdU1J350toXitrOLu+V3S6pWtdH6Fa58YfC2paRfGC7iZrjQtUgELMsMDn7FOpYEjacEg8tzjt0r/OV+I1tDfftKfFOHhVT4geI5kMLEjY19I2c8EjHOMDkAdMV/a54o8MW+k+H9QvbfX5J7G10bU7jz/taKq4t5vlQFj8u09iCCD7gfxAeLNYhHxq+Il/bkylvFesypISS7rJcuNxkGAeB1PU/U5/tL6EnDtDJsbxRPD0qlOFajg4pTTvLlk3u7J7tv8u/454xKlSwWXxhK96tSclJa/BT0000lZXdrrzOF8QtNa+ILsQSSJifyy5b5nTcOQeCM457Ak7cHmursZfMUoSDIwRuQWI5AJGOrZGOp+YY65A5jWJFudYllfILKH+UHOQSQGJ5zz97o3BzituwdXeIAcsYlO0Y4JyQT2PVgOeOp5BH+iWJk4waWlt++lunTV7Xvou11/N85OdSDUb2totezultv1avbfdnprQFbOAgbmYKRtGMYAGADnAwAT1GcAfL0zxZrmIlcBnADY5xkfLjHHpjjnGM9a62G1SS1hAUlUIOSCMZGOnvn5gOnOM9iLTvNkjLLnZKuFB+U5bb3weT0478nivl5VrN+8lq7XT0ScddN+1u127a39ZQbgnp8MWnffSK28nfrquraZ6J4T0C3uvB/iid1RZbeRWjDDJKopcsCzdMdwMZJ9sfnhHa+f4rmIDbTeXUruvQN57ocsDjBwVwDj0znI/WXwJ4WurrwH4yu7dMx2VtcvckhmChoDsDHkAAqw5ORjrzz+d3g/TdaubjxFDpHhwa7LNdzQs8ZXzoBHctIzpnJUMDg7RjrnkDPNlOOTq4xqaapVEpXaaTST3vZXTXd9ErHpVqElRpJw1muaLV7vW9rPp0ejd9e56X4S01cIjxBUZVbPO5wRwcnoC2QRjg54AG0+n6bp9qIZVkjjwrBhhMHk888cBSR6nA9BXB2Gl+NLUQlPBuuRlNqDZbTTL8oGCpVcEjjGTgcd+R6Pp/h/wAay4E3g7xO7TIJQIdKu5XCY3Z2pGSFGDlsDAOMgdVisyoc7viqUHdP3qsY22e7kvLd6J+evHTw9dSUYUZSk2rcsJN2dna/Le12rd7XeraWwmjWjREpEB8mCeQxDZJy3yrz053dgfvcZ2r6PaRabNL5CiUqu3aCSFBxlh6jqCRkEcHnFXYv7atiYLvQtdtdhyxn027QYU9PmjyOB0OO/UmsbU9cje2ns8XEcm8hhNFIjL6LhkxkAE47YwRgipweMp1KtOMcZQneS0hVpybtbTSV7vS3mTOniYc3NRqRcV9qLSTSTvqlo7u9jiDCFkiRIzkjO7BDMMZ3Z4G7JAPqeAOKkVFjWbzM7wSwlkQEjB+Ubh7nPJwAeMnih721MZZpAXjJUE7lJ4I7lQM9yQegGAGzQbq3lUsJEO5VAQuvHXp3Ykg8jIA/hXivsqTTUWnDbZtd1Jde9ktL2021PAnOqpuXvJ6+81ok0rrVb6Xvvdd7GdextKoZ1UfKcNgZJznOMc5OckdAccdRZ0LSbTULt1kghO2MFC0S7WfcBk5BI6kE9BjkkCppWtXCxiUJ2JOMHuc/3do3AHvznqatafcxWTXBjKybl4KuvDKflwFxtB+6W3DHJOeRW3LdX0cr21esdr3te+j72tZ+k0q841E5OVm07XbfRax9JXTTfmrnyf460+3tviJcwbV8tZoxsVMKG+Y5UY43AA8du5PFelWNnE0CxpEir5SZYBoyuQM8A8k8DB5+uTXAeMI57vx+o5aWeeLGz5y8krLsjXnJ+YhASeCfSvZZ9C1XQYIP7S0+azuJotxjuWEblBtKsFOCyk8ngkZzgcZii4QbU7Rd7paXdlbRPezavurWfp6mL9q6VOVLmUWk5Wvovd3tfv3dt7GMiGNQsRuEYkoCksi8jnoGyBge2DjPPSeK71GIsF1DUIm3hQv2ybA64OQ34j1weORUsUF5K4kkhDDI24kU4VieeCcE7gSATj5SRXQQaNPMUZ1WJANzsRuwG/hO3k9ucdwPU1o/Zf3Ol+mlo2duXfV7d3sjzYvGJXvK2iu776Wsmna7V9Va3WyuZkWva/A21NY1IdQD9slbAHoQ/H1xx64ZgduDxj4mhKqNa1NyQMB7mQAgdMlWJxxkHJOSAM5Iq7H4TMilxPbsJOgcFcHPQknAOeCc8478g502l3NrcNEBCTHkiRXDqTzwDuI9Rxn0GO2fJhZpaJ7W03at+qtp3fUp18bT1cpp20tfZWvsmr3slfdeep7J8LNT8UeN/G3hjwkmv32nr4i1qw0prtZ7h/JN3KI2lAZgD5YO7bjkD72Dz++j/wDBJvxpFaI+kftAXa3Fxb28qC/s3lA86GOTbk8fJuC4UdR61+D37NheD42fC1JHs1U+OND8555EjjiDXS5aSR/lCgZOScAd8c1/d81npt3Fp0ltruhlobCxYpbX9rKJC1pFgfK7cArjJH4YXNfwb9LvxU4y8OMx4Yo8HYqeDp42jiKmM5MNHERnKFSkoJ88JKLSk9YtXd76I/dPCHIcs4hwmZTzmKqOlVpQo81T2bSmneyTj83q/Q/n01P/AIJPftDqHXTfjZ4W1GOLdMRc6WyswVckuwK/gGxnA7jj8uP2jP2Pvid4H/aY+DPwg8deJvD174m8b3thHomu2ERSwsEu7gJbtcRk5JRgN+TkDBwDjd/Z5d2hsopp/NjnecOhSGeMq3TldhPHrxjjHNfzZf8ABRfVCn/BSf8AZRRPkeC98KFogcKPMv25xwuOnLDLcA9Qa/G/Bn6RPiXxhn+Z5Rm2Io1MNhOG86zGlUeBp0p/WMDgKmIpc0kopxdSCUk01Z9NT9A4g4G4cy7D4fEYeE+apjcLQ5VUUk6dWtThKyaunyy0d9N9L2PqLTP+CbH7U+kWsS6Z8S/B+oywW8MPlzaZC6SFEAUkyhgFKgYLAA5GSQObE37DH7ZmkkY034a+IQGJdXtrKN5WIxt4CkK3CnsBnnAwf2XSXUvNaW3ml2hYH2qxVCPJRgFXvnghcDOME4znSXW9bhYNsWRsYKszbh3UAjkZz6ckZ284r+bcZ9KjxG+uYhV6mTVIRrzio1MIoNpStbmpVKbvprbqm7o/WKPhhw3Uw9NwpYmEpRhJSjUTTtGNrqSerSXS2z7H4z6N8EP2nfA8sh8Q/so/D3xggYF5bN7dWI4HCglc45OAB3+8CK0dUt/EdtAyeJv+Cf8ALKASSNDgWQMpwTsEUZDEnGDz6knGT+xL6r4sluIpLeXyF8wNJAJRtYA98kkAnOcDnORxmu5sfE3iSDYHaMnAG0sCF5HHzHjIyc9OxOORm/pK5tKdOrjcmy+rVsnKeFzLNcLJ/D73LTxUoJpt2airLS2msvw4wsI8uHxWI5duWth8NVS2dryopu2m7em9rafzy+N9a/Z/tNNZvHn7EPxJ8KGMZN+um3YtIZTwHkkSHaAvzbRk5xxkEV8k6t8Qf2E7DUriHXfhl8QNFZNpObS5Cjdkq4Xbn5Rggk8EY7Fj/UT8fNSvNe+E/i+01C1tirae5SQQxyMHCsUId1O0fKGBDDHYYwa/nw0zw3pPin4h6V4Z1bSNNvUurw21z9ptIpGYEgKCXUkkKdoI2jPy56A/1f4M+L2G4s4dzHNMVQzHC0suqyjUp4fNsVVvCFOE3KLrOTTV2ldtebtdfhHiDwy8kzXC4SEMNUnioRcZvC06bcnNRimqbje/ey16LY8DtPEH/BPHXWiKa1450L5wZfMtJpFj6YyDGeFDE4/u/mOwsPBH7BmtyxjTvjzqGnAv8sOqaa8WCSDksVBwMjcxOOOOcA/f6/sW/DGOUB/AuizwCUm5PkFWeNiWyCoG0nkDAOMcdK6mD9gb9mbWrNH1D4c6dHLLvLPbyzx7R/dAyBlT2HBOATmvocb498FUeXlxvFFOEpayp18PiOVxeuk4Xttf+reFhuB83qy1wmEvZSSftIcy93onZ28v+G/Jj9o/4B/spR/BjxxrXgz48aB4h1vS9Gku9M0hr2C3mvrogAwCB5RJK46rswcgE7utfH37CH7K/hv4p/DbxD4g1T4naL4Mvxr/ANjTT9Q1C2glmjEbEXBiZxIIycZY4DBhtOOR+j//AAUN/YB/Z8+F37Nvjr4m+DNCvtM17Q1tW091uJjAGmnCTq6O5JBBYfdIyoP1+Wv+CZP7Enw+/aG+COt+OfFuveJNH1SLxMdLgbSbuWGH7MIy26RQ4yyscAnoNpBXIz+r5T4o8P1PC/MOLMPxFmkMupZpRwcsXi8DRrYmhWkqf7pUacoxlTleN5fElfzPEr8N4+Of0MrlgKX1iph3W9nTrNRnDa7m9Y2ast/NdH7FP/wTw1RiraD8bPBl+hAC41a2UjpgAefx0IGP4uM4qhc/8E6/jmCo0jxfoOpgsNhg1O2dXIwVwPNJBxuDHGCRnLZWvsq5/wCCSvhSUB/Dnxv8caa+CUS6vbgohJ+XBjl4H1IJzyTlWrAm/wCCVnxmscyeFv2lNUjKHMJm1LV1c4BKA7Zsd+gOTjOO9fF4fx34Wr8tOHiBgKckl/v+R1YPZP33BW73d+rvfp7k+Bs2gryyPETj7t5YfGUm/st7xb3t52d902fI17/wT1/awtNzW+ltqMaIGSS0uoHBbnAA3E4OB39PUmuXvv2NP2tdJt2Mvw+v7t0BJBZHz6HIU5JAyoHT+IgEEfbtv+wr+3p4XlT+wf2jL26UA+VGNWuzkfeUE3EzAg8DoeAfeujtvg5/wVM8MxudM+KCatHEc7biWynLgDOTv3EA/KAMZ5I5B59GPi5SnOM8HxxwBjYyslDEyr4OTvZLtZd9Fbc5KnClWCkq+UZ/RSS+FUq2vu3ekYt9NVb5dfyW8XfBH9pLwrbST6v8LdYt4IQwmuPsc3lpGGG55JAoVUAySxxkZAIyM+Fzad47VnaTwxMUG5MxMXww+ViAvQqcg7myTxk9D+uvxC8Zf8FJtBS60Hxta6ZrVhd2zxXEV1HZot1btlZVWRI1JDfMflIYLwB1r4d1Y/FqO6mbU/ANlZs8xLxWOoxoAQSXwCwVNxyD0JPOcCv2zgzPcVneDniMXLIMVfldKtlGM+sUZ02ldy5leL2tq72bs3e3wedYenl9eMKUsdTdrShjKLpzi7q6TWj0fa/mfLUtt40jYqfDOqqCVP8AqGkVj1AGQSAMEBhzjrgA1fsU8TyHDeHNUjOGOz7NIrEqGAO3GMEf3QeAT9PptfEPja3txE/hO7i2sPnjubaYjjspJc89MZwRWlY+OdVtR5moeDNalZFDNKlvGxDI3+wpDBgT8pzn26D6urzJ2p4OnLtJTutUtklrtp1301PDjipy/wCXqtdJtp2+yrNp76q+lm7WPyW/aWsdQXX9ElvrGe0ka1VRHPGVJyVwTuHAP8OOQ3YZNeaRaUHghZQC3lx/fHUsMtye54AAx0B+7gD79+Pmh6B8W/F1impalJ4MjgtIwDrMawO5XGwLkAr1bBGASc+9Ytv+zP4ZuLa3Sy+JOiyzouB5l5Dg4VQPnDZ5zgAZ+6AcdD+m8LuH1Sl7S1J8nvRbXuu+ydtL2328zmzDC4rEU4ez95uzbTS0Ur63v8Seid9m2kfD8elxkEybQ2G4IILLnkDOPl44Oeme/JpSaKPM3DgAfcPDbTyfmU/xccDJ9O4r7rH7Jeo3O6bTvG3h26jBKor3kPmbseu4EjrzjA/LPPXH7KPxCabybG70i8aIHcY7qEqcEdCznPHHHygkAtivq4KjJJ88dXupdE1fRJ62639erPAnhMxp705u17JNP3brpZbu3XW210fE8mltEGdlUrliMFgechQecAbjz179SQRTlsiOdpXaMEAdSTjJIGT19Scc8c4+yrn9lj4rbn26Rb3SRgBlhmjYORnJJUkggcdAMg9gK5m+/Zv+K8ETyP4VunjU9UUYIHPOMnjp1GQR82aKlKk/d9rGTdtLq9/d6X0tfor20voJRxtruhNWsm1Bu+qtez02fZ6bM+V3s2VGBVlJG4LjIPXJ4IHPGeOMd+Wqo9uQQvlgKRnlen0BxnoAeBz1H3a+g9S+C/xNsozu8HamEIG0pA8hBBxwVQkEjPYjAxgYIrlLn4a+OY8Cbwtq+SdoLWUoYEZJP3Rzknryc8deeedKSty2asl3vbTdX1srduu90awdaEb1KUovdK0l/Ltu+q8m+qPJxbkAlV2gAYwnHcjHfng54K4OOmagkiHChcEqvCgAEnkgM3U9D26kcck+my+DPEkZK3Oi6lGQQojNnIrEAcljjjgg9OpzwSMZMnhu+DEvZXcXlk5DROP4jnI2gDA6ckYAByaHTkrNRvon62cXf52tvdXelm77KtJNKUZa2to79Oyd13121RtfBa4ex+J3gd87ETW4+2WxlQSOAMgk5GcD3C86vjh3f4neNWVWdpNcvWZ2JHLTu2V6EjBOeSQCVyelVvhtZnT/AIjeC5rhZIo11212ecGVG+dDlmcEbAR8xPFHxJumf4h+L7mKLAbW7wbom+UL5rAMm0EFC3RuVIweeteTy2xknNWTppJ7K6mr9vJJd229z0HJVMIlFtPm2a3TUd7a6N9W76LZq0zKxVRKzFSiqTGOPm29/wDZ6HB4565NRF4wrq0eFyU3nPI7jPTHGSO2AOMAHlY9QuQpj81gN3C7gxII+7kA7e5+Yc46cghxv7p9y7sLkg5ZRgAkYJGBjGB94Zx0HGO/ni0umi31bWlnu9X9+rv3OKMJa6Ozdr6abOz1Vvn3saVxeWyiRIEyw+UPl1AxkE8/TPAOcdBwtVIr+PMYlVNm4gkA7mI3ZYHHTPGBjJBzjGKz1YlyoBKuW3AkELu6lfQHnJOc8495igKgKFbOQGIwBjkkD+96dPYA4qJVNdNun4Xvpt21TS3vYStf3rvVbXtpbsvvevXfdbXkrcI/llnGGwRwFByc9fqcDoDkHvTjp7FCJF24QAMo3tngZYgkMeuDkDjJ6k1k28s8TqFfCM5wCSAwXoe2DjII747ZzXQW+o7QiSqqBjtDgZLLjnBHXk7gSvTcBnBNXGUdbq2yV9raN+SfzWi9BpNPRvputkmk77Pt36q+jbyZYUJZCCSg2b1UqwGQOMAjOTkgcD35yqwo6FWyAqkb8DLA9+gOR1JOMcle9b7W4mL+QUBKnoMhg3II3ZG0456jOM1Ra3lUAfOpfKs5XgbTg9Onpxx1PynNTJR+1ZrRLTppp96v0tq22hOpZLVptWu7+T1t2fz877M0vT7a81bS7WRC6PqFrDIAmFdZJUUgjAwMHH4Z78XNS0SDTvjBqOjxQiKC11IBYkAzGqopAA/2QScdMHPXOL3hi3MXirw4qklTrumhjyVKtdIDnpnIJ4x04PGc9p480tX/AGkvEkNsxXfqgRRgqodrePpgDPfHcZ4OeR5dVxeLp01H3VTc3brZw1WtrarTqttND1MPOH1WpLmd+eEL+TS6rora7q7ufQ3w4sriPwfrKybY5A4yzNghgOOuQMnoQCcd8Hnkri1uXnkwC26TDBFY4ByFIBBIyedwAHYHOK/Qvwd8Ofg5pWj6jN4r8RW9jaStHL5UO4tJbsSW3gtnep/hX5tpPGMUs3jD9lHw/MV04TXxt0CtstfMNzKuQGJkU7QSPmHr0z3rE8UYahClQo4XE1Z04WbUHFSlore9Z21aeiXzsfdZR4QVsbH67mHEWS5bSq2latioym0kk1yxbd2k9l23vc/PS10+/wDMaOG2vSWK/KkUhDjngAJnA54PJGeea2PDfhPxDfeIomi0PUZUIZ2P2SbywMALliu0fMBjJ5Yc8CvtF/2lPg1ot2V0rwG2pHkF5oLVAi5yqggfKOhHGep74OPd/tcStdouheB9I0+2nQRRmaGJZVQYALFFGcEdD8zEk9ea8OvxPjpuHsstlyxnFpymoq1ld63vbTTTWTtsfV0fDLgfB88MbxtSrVHTs44LCyqJuybSm2ldPS7v1d9WzyC6+Efiu6IW50trRmR5FaaNiWQjIbhVJyAMZHBJ4646Dwx+zR4m8RI7Jf20K+QWFvCrSSFQfmZUUls5HPGARnpin67+0F4+1C7N0PssIOYogsCNsjIIKqqryT/DwTznaRwPZ/glYfGb4k+Hb3xF4X1zStDsNP1oaVe6rfFY5JZJyAYkQcjy9xO4DYxCgZO6rq8RZjOlUqyhToSfKlFNt8q5dbtJXau7cu+jVromnwv4bZbUi6uKzHMYR0fPGNLmUeVpqzurrfdrY84tf2R5bPXNPvb3WnRreeGZXEO2OJ0fkyBhnIA4wctnaSOteefFTwjpOja5qFkNV+2zAgqyAYlZBlsj+HBB7j3xg19G/HL4X/HD4W6Re+L9d8eW2q6UksH/ACDnfzCZMsGWMHiI52k8E8gY6V+fGu+JrvUbg3t/czz3Fw7PMzs247u6kkkDAJ56nAzwa4KOYY7EwnN1lGLmuaMW4tbLp+LserVzPw4w0adPA8Oyq1ION6mIquTb8rt76OzTu+pqNpNmIBIZWJkYCRQBtCqR1K43AqD19PmyKpXiaVZurRaet2SpU+YAFDYA+hx1wOM9zzjPtNRFzbIoJRd7MwL4dwnYAjoccBRu74wFNXiILxxA29d7KMghRt4DAHcM7Qckkru56crXHUnjZys5za0TTnKy+G7Wy1d72Wy7n3mCx3DFDK6GLw2TZfTqzgm3OFOTg3Z6cy322Tu3uexa7J9p+F+kypZW8P2icRggKdpQna2BjAOFHGAQOQuTXkEdmxtgvmW0czNjyydrcnBwSQTuPAx2IPbFfQ+tafotn8NfCj3nnfYjdssjxfelIPRe5JAGCCcHByQAa8olu/h2J5XisNSmlbIVJJFjKIDkvHhtxdexAyCVOeKzxNLFSUI2mo6XSm37ra1TaV/leyve/Wcq4qyWCxTmsLQqSlKFOKpqy6OUVGKTd0rN/dayeXrHg/X/AA5ZaW+sQy2Q1SNbmyVbhH86BjkyNtJK55ODlhjpk89BpUl5B4VubuHVbthHqAhSJruRYyCoJIjVhljk4GOi46k1U8YaxBrGmaLJA1/FDaxGzs1u5GlMVuP4gW6EkHuMjIIA2kx6BAW8KXMSEsf7TQcgueBhn2gnG4e2cHoDxWNTJ6Nem1Ukpe7FNTaeqcXtZ3Xnbfe7ueHLxDzXLcfzYDGTpwp2jCdKo1aKSSvbW9luredussXiTVoV2x6ncqysx2ebKAMg55DAnJPHOMnkg9XW3j3xvEtwdO8TavDJtYKkVzKipH95schRhTxnluT0O0yro0jzAKFJ8sMx2twSvJyRn6Af98561r3So7exG2UI88uGKjbJg8ngjPTsMk9TxivPqcJ5ZUpxlVweGqct3rRi77JNXVru903pf7z3sB4/cb4HF/7PxDmVJLW8MVWitLLS01azd7X6O+9z63+E3wf1/wCK3gCXxj4g+L+paHG0kttBpaHULmWa4V/LCyOhYK833lBwc4Ygjrm/tCfs+aZ8KNK8LXem/EfXNf1TWrY3OpWN6txA1lBuBbymkZchAQAHG5s45JzXTfs6/EjSPD/hG78JR+GfEPiPVbS8bUo00yOR4eCCjugBK7DhsFRnkk9jN+1T4o+JXxH03R7q7+Fus6FpWj6T5smrXblbmSADKM4HyiMAZ2kZyCSDw1Z4Xg/KY1YypYHCwg7OSVGK3cd7J6q93e6V1138nOPpLeJ2Pq1cNieKcyqUqb5YQ+s1VeMnFL31PmuraO1m7rtf5B2eFW1Wws9SmvrxSqlHmDqkYAyxkI5YEjjqOc4OMV6v4FfwzPZa8smkWt5Bb3zJayys/l+UqsCCB83oecgkcAjBHx5Lc6vPfBzJcEMUWPDAqFGQQHySGAznoSe3HHsngWeWy0XWGklZY5bh1yZQFAUfMcFgcj5uuQTg8A19DhuGstpyX7mKfeMUrax+S2eqstraOx+b5v4ncUZtSksZmOKrNtNuVapOTd0rybm7u+ru07raxt6pJ4QhurqSOGya4Dj9y6SsqIWx8qqDhxgBR0UE47Guz8La34Pfxx4JFt4b0iSOK4S3u5hZyufNmUhGAKgMw6dDyQAQQa8Hj1vR9N1CeSZmmeSNiI5DHIpOTgszEqp+XkZyCcc9tHRvi3p2k+KPDuq+Ti1sL1JbiK3jilaaOIkAjbn5skjjbgeldywmAw82k6VOO15WdtFfS66WWm+vz+U/tnHV4uTVWcqjV3eTb1Wrd2t93p3819SeErXQrfxp4zY+G7S3tbrU7u3FzqUZlMLsu5XiQjKoQM7AAACMnjnKsdVgvtQuLe103Th9nvxaxGO1CxlY3OWZyoG0gbjg9Dy3GK5DR/GPxF1/Xtc1LwZ4C8S+ILfXZJru3ii0G/v5UaYFUz5UDxgZ+7xnp97qPRfAn7PP7Z/iadZ9D+CPjGKG8efY1/osunWnmTnId3u4YyFUHO7+HGcjFZzx2VULOWLox5einBLRR0SbW7Vtmxr+1cSnGGGrSSS2VS6vZN30uk7PXre+iV/l74zW2pS+Kpls9sim23XDWUoSEIOGUKSAQcnnHbODXpPhnSbvU/hN4at1tmVItUml82W5TKldpO1GcgLyT1H5jn7Bh/4JV/tk+Ob2PUvFieDvBcM8JSRtY8QadA8aDGcwQzLLgLywIJJGMEbq9W8Of8Ehdb0+BLbx1+1T4Q0myicvLpmhPf30sS4zIsRVmhLKOAQeTjHFefW4jyinLmVenNb+7re1r25Y9b2vpd6o1oZRmdS0ZU6kHez5mkvetfV3t1vZ7q93ofnfrUItttu95ZB/JUOftES4HA2kFgB/d5GBwAM4NeN6o9quv3UkFzbyI6Wtu80UkTRRO0iLtY5PAGc9uASMV+6fh7/gmX+xpoN6Ljxn8WPib46uIlUSW+kwRW1lOVyWAM5WUI+SVO3IByuRXvHhr9mv/gn34AlX+xfgRrnie4TMvneJdVmYSyA5V5I0k2k5Xceu3BHTJPnVOOsDDkVGjWqtVL2imtVbVttaS1SuvTVa+nS4YxMpXrVqVNP++29WtktX7um/zsfgv8Xfidpmg654LtdKvb69v7Lw5aL5emRmcC58sbQjxK3OSFYZPJI24ruPA/i/4oeJNFew8M/s/wDjrxbrd3ci6g1JPD+ozpIxVWyGjg2qGJBxu28+uK/oBPjb4JeE9n/CGfs3fCzSpokWO3uNT0i01a4jCYAIa8ikYEAZODnPXgA07Uf2pPiNaQC28N/8I54ZtkjA8rw54csrMxKeAEeG3BwAQOMjvyMGuarxxi60pVMPhJKo7L3nqvhtZX838313KXDdGm1Gri1KMUk3C93te+t073dtNXfVH4m2X7FX7bXxnvtNvdP/AGc73w3NaIJ7a61x4dFh81nDh5RfGJgFJU4XHoBzX1cv/BLL9rLxqsdx8VviP8LvAdv9htLKWC51G0vJ7SC3RQFHkTZLgcE4BY9yMg/Y2s/F74veLEK3PjHxlesyApbwvcQKVJBPEbcKcfLt56cnAJ4+40/xvewl9W+2tGQGe41nVngGDgAyebKEGMngnPAJ44rz55/n+ITlDlpRk7tKF7XcbOS1V+nS/S5tDA5PQunKVRxaSvJRu7x16XurLZPrfqcJZf8ABLv4TwaT/Y/xW/bRuL3SIFheTQvC0BkthJCACkatuQkAbVBHHtkGvafB37IX/BN74dafe6UH+IHxH+3RRjUZJ7iWyN88S5CYh2RiNscjAJHoTx5JLJomgiV9a8ZeCdOw+/Nxrdk8qAAFsoJ2YnaMYI74xkAHhNQ+PHwL0Bp7fV/i9pJmBYiLSrae6DYB+SOSBXBY5IXkDAxzWDef4pXdatK9k7R5Yu1rbWVk9traG8cRlNBr9xRStFWna7dlpduzfRJaLdH25oml/sUfD9ooPh7+ynoFxJEMxXnieUXzBlJwZEmB3BupGChOQepI7KT9oiPSGiTwr8N/hR4OjwEgWx8N6W00Sp8qjzTbliV4AU9B0BGa/KfU/wBtP9nzS1kmtT408Ty25MYFrEtnCwGQpP2nYQrE5wo4B3HIBB8u1X/goZoaSIvhf4QwTNubyptdv3diSMI7rC7LngFgM984yKieS5ribc9So5K9+aUlp7vRX1103Wq20JlxFh6crUKdJbfZXKvhvvu3trZPTe9z9oL79pz4sX0TJB40bTowuzyNGs4rWMr0KoLWNFUAcDHfpzzXJ3nxQ+JOuRmRte8Uam2PmU3FxCgJIJDksuNwAKnnkY5xgfidrH7eXxs1LdbaDoPhLw0j52yWtlJdSRAgYAaRCDgEYGWwW65LFvLdd/aV/aQ8SCWO4+I+pWiuCpt9MtYbFEB44mVYyB0UngjaBngVtT4RxNWKdWqrRSVm297WXZ7q+raezSOOfE9ZylHkhyvflSV9V8O29lrp03Vr/tdb6zdw+ItRi17U4LBfJF7NN4i1ZIihBIYxNNMCqAdQeo4GDxVPWvix8FNDAbW/iv4Vt9p3S22mSxagwOckMsBdmbIyQuN3Yev8+OueIPE2rzSXni3xZrmo3Tw7HnvdWuHidP4lkRZsMuT0x6AniuSi8Q+GbCOQrdxSNGdreTH5jbt2Tl5Nzc46jB78fMR3UuEMPBKVVym9HaKUei2b1e7u+nTy5XxDXqLkhGS7r05Uk1ZPq76XVz96tT/bC/Zf0aWWO08ReLfFVwmF2aPpVxZRHqcLLNGFIPQNnG0bgflxXj2sf8FBvA1rPOvhD4T6pqTAskdx4p1mMI5APJhtHRwmcAqQX6n2H42z/EbTYYwtla3bkDJaW4ZM8cYGeQwxxgBcnPIrIuPiTcsuLO0tEYqW3nDSgnPzGTnJBzyTkjk9OfRhkGCpWvRWyd5LmctYq7dtt9H37I45Ztj6jt76va972t7ttlZadv8Ahv1M1T9vj47ajK7+GvBng7wnYncIri002a8dFzjcJL9ZIwVJHzE7fUc14n4m/aW+O/iYs+vfFTVbZJWO+z0m6s9KiiGCfLQ2ZjIPUA+uCODmvmHwL4/1K/0bWtO1mU3KXMT2tkwZ90LSo3CpEQBtIyGPoPU5+fb17xbu6s47i/uXt7mVfkSVuGP8PDEnkYGTnHTg16ayvB4eFOUKULTSdlCKSacXba3VLRdd+hnh6+KxVacZSnzQa0STX2NLa3erSt59z6513xlPfuJNc8WavqbOS0smoeJ9Qu0f13RNc7fmzhgAARkA1xcvjPwpazGExac+ODP5Zmk5wT875yST95sgNwck14Zpvhzxrrjm30nwl4j1GTGBJFp11IHByQSxjZOR6ZBUcnPT0LS/2c/jnrxgaz8B6lbxcZn1JobSMc9XM4Xpkkk4weRzxWahh6TXL7NWel7aO8eyW3ZtvqrWPQWAry3VWV7PVys17nl33a/Q7eT4p6FaRmGznk4ADCKGJAW7FRtA68dwOeeucy5+MDSwqlvHegor7drbN4PXzMYGCRyRnjAJ4zXRW37GnxGjC3Hirxd4E8Hwqd7Nf63azyKCAWJihmLb1AGc8nGK2U+APwK8LRs/jL9oay1CURBprbw1CZQp3ENEkkmdzDOAemcdOa1lWpxaSTnJ20pwb00trpe3l20LhlcmtYwhFWV5zStrru7u3mlbr2PH5PilqUqOBbyxkgqXkumzx1wN23jkEjrzkdM6XgTxhJf+LdOPnXFtulZBJHM8nmO4GE3Fjs3bccYGBgHgV7JY3/7D3hJ1/wBC8b+PbhFCv9rlW2tJpAR3ibhXOADwflOACKw/EnxI+HHiaeyXwB4AsvAdh4eaW4N1EzXl3dgDMa3MrbwCQMEjaMjk4xUQq1Z1YReHqKmm/emoxWnL03bfXTWxVXA4elRlJ4ii5pWVOHxXbS+JJO6+f6PxP4mprl7431OO1tLy7mmK7fIglnkk27cKpjVsE46Er8xztp/h74KfFrxJCJrbwlq0cLLlZtRjazi284Z5JljU4BwM9uQPl56o/tI+ItKmvbTw7o+nCeXb5d+NNju70upG5oZJI325YE5J56HlcVnD4pfH3xckiNdeLry1ZSFt7S0uILfDFsJiEKqqCcAjoF9cV6McNVr1Go05NyVoxV9/d3013Wtkr27XOfD18DhqUJVqjk4vSKkt1y337PftoraHp+ifsm+Ip1WXxb428I+EbZ7cvL9o1C2uJkCAEqyRSl9wwTzz0yAOD02n/CL9lnwo1v8A8Jx8Yb3X5Y33T2Wg24IJDcqsuw7kbHysCeO5JArxrSPg38aPE/nX8+kX4t5wUd9VvXTYW6hUlkDgjqSwOVXjgA16P4a/Y58b6gyS6pq+j6dC6qd5xJKBk5BCcgjkZ5yemDTjkmOlf2kaqV9Pc5bJ8rtqnded0u2uh3riDAQ5VRw8G1G15SUr6R10vezja17fkd43xV/Y78DyhfDXwl1XxjcxSgwXeszssTtHjYzrnJzjB68EgAjOFu/26NT0hLiw+Hfwm8FeFYJQUglFlby3cYABVjKyBsrw5GTyfbA67RP2KfDcZt217xRqF6wbBjsY8RkHqFbB4Y8bsHG7g8V7Rov7Lvwu0ZUlg8OPqTK3+uvZWbOOQGjDHoeV4xgEHnp1Lh2VWcXU5b2i1zS8o7pa2Vra67XXUiHEGJdOaopQje6UYxTSbVtWk7P110WzPBPhT4k8RePY9e8d+KDHNe6hMsPmwRJEiuh+YIiAAIrAEYGMYyAOK6jxvMG0q+hjyPMtyzOe6kfMHB74xjtweM8V6d4l0fS/B2nSWWm2Ftp8DSMsEFsnlorMSdxAABK4wTkAHOCOg8C8UazELC88wsQbc7nySCFB+UscnG4E8E9M4yDu+ywtFYbCU6DteEIpaq1rWdlpZPW6stNOra+Bx9R4jGSqVH705uUuZbrR62Vurv2s1roey/CXXkh8O6TbyKjRwEOEU/NIInXanPJdzxgYyO4I4x/Ef7BP7QHx18a6t40tdH0fw54Z1NUuNLv9b1SCMS2kYwsi2jzrJtKEFsAAsQeMMDwHwLa51NbiRJisMEM/lqxyEkGSD6BsADgDkd+ce22njnxleX8em3XjTXrqG2zbW1vHeyxwW6hwFgwHAC44OByM+gFfOY3DxxtalTtaCbb1u3flXVWtotEt3o1uvr8qq0sPhry15lFJX1vpK2jTS+93WrL/AIb/AOCSrNJaf8Jp8Y/DGn72WS4t9HEcsiKpAYb2LKu0EYLHGQTnOCPpXRv+CaP7HnhIrN4x+It74jaEo0kT6naLbyMAGIWK3Ik4Y7SpCn5iuM8VwdksskYub3xDqLyhI45bdbt0LR8F1LCT5gCcHJww78mujsz4fWQxt+8K5mSSUmZ2JGNmHJVskEYJLZJBJJGfSo5Dhk05RfreySSi2923s01a/lrrdfNLWUIctk7zuuijd2fM0+l7a7b3R9AaN8KP+Cf/AMPoIpNM8GaJrNzAwK+fZ31/KSg4YM/mRlmIHTjpwQa7WT4/fBPwnBt8BfBm1EkQUQsNE0mCIspODuaASYG3OSc9OuNw+TrvxBpMJCW1vGHYgb0jSMdvu8ADJB4ODkAdSWrjdW8TiRWNvHLGV2pkOQDwRuKnAwDjBbjr1xXSsDhaErR5UrJpS7LlSu1bRabJ37panmyxdaco3k9UmnzSTs+XSVla9vNuy7Oz+yz+2X8SLweToXhfRvD1sS4jk8xkZNgwuUhYR8cZIAGR8p5rhr/47fFTWZpodT8XRWolV5HFsWuDg54XzSwAXuVIIJ3DBAJ+QNO1OUFokeSfc8jhncjYdys2BjOOdwx9AOldNBeHbv3EybsljkAHpnnBzyQORxu9a6IRoKyUFZ6rzXuvqt7NaXf46bKpO8W5SktL20VtLuyfNt01bZ6rdeJL+7kY6j4k13UP3jZQ3bpE7EjogYAKd2Bjkcda5q51q1gYiC086d8uWu5mmYFTuYlZCykYAOeCOBnkVwz6jKNxZySshAAPAzk4znpjuPvcYPBrNmv/AC45JGbMjbgmd+TnjPGcAA846cnGTit04pcqgtEn1eis9nt5teW+7bqbJXbWrsnprF8yuno+j6XTs9DWv9cmvZEgkmRYjcqFhiUIgCtnOMADp+QHBUHHcW/ib7IQQEYRRrGzOFxwBgjqOPQDj8hXiQvN11bxB8lHeU4XOcdMkgfxA4JPfOCMhr1xrK7HDsokLA5LZXAPBIJ28DjoMn1BFKE1F3aTe3vLmSvZWvZ/gvy0I1JWvdtaNWbdk9VvdWTaSaWlle9216pqHjGWeKRHbchwHKAAYyPkGR1Ay3UAjIzjiufl8RXG6NYXK8MQR97bjOXPr1/Ag5xgDy671fKHy3cDO07ASC2Bz6tjtwcHOcYzUH9o3TqZUhmHl/JhiVLBl5yxxyR3z27YGG6y99NKKbST23St5avXR3T6vYcbczvJpW73vdp2urddX1Wq0PQ7zWZSnE+NwyWJ2ktkZyfQ9Mrz/Sh/a07xuAwiQnaNnYfKCylskHg88ZPHIxji57udwjs0aGMDbE7qHJBGQd2M9BzhepySaq3eqwWke67vIYCQHfM4wq+gAbdnpncCOeACKxnUpxi/eXe3Mrq/Le3r3fe+j1IbhFv3+WLsm1Zdr3crW10aStK+itq+wF9IjgPIoDMxyWJdl+7k4Oc854ySeR2Jd/abS+WruUILGNecuinnccAc4IX1OMAjOfJNR8d+FbRSq3UlzMgGwRK7EsScEYB+Zs9cZA64wagt/G99qlxbW+ieGdW1Gd12r5FrNcsc4x8sSscsTj15YZBNVSpYir7NUMPWq8z0UIVKjekbJcsW/S63evl59fOcswEJyxWYYbDRg3JzrV6dNJWjpKUnHbyt56b+wf2gWI+UkglUQkknOcM2MkFTwT09ycVEbu6DpuIx13SNtAAOOAc4POCDjt0PS34U+DH7SPj+SJ/DHw11dEZSVmurWWzUE8gl51jBJADHHX24z79o3/BOz9qbxILd9dm0PwxDOCWe/vSZI24YMyRNlcYyEI5PYYy3u4bhDifMOVYfJ8byyaSlOk6UEtNW6ijt/XY+FzLxn8O8n51jOKspU4X54UcXTrT0aWkKMpvRLok9Voz5ouNQEMsZubmALIco3m42gZwoUEnJAyASeRx6Vgal4o0G1jmeXU1QjewBYkuwPy5TO4AEYBxzjkHOB+humf8ABLhbMRXfxE+L8CrGhlni0yeCGJcZ3qHupEAA7BeeFU5JyNh/2Uv2F/hwWu/Gvi2DxBPCQXXU9eiUNIq5fEVtOCVZgcjHBP3T0H0mG8IeJcTFTxNXB4KNk74jEQuvhu7JNXWtrv5rr+Z5l9K/w8ozdHLpZpnFZP3I4HA1qnM7JLllNRTvbpG7bve6PyT1f4kQXA8nSUe+miUHzEhdhGwOMhVUv0O35RjrznaTHpDfGHxNII/DvhXxRqazkMv9naLdNESQcAuYDtzxk8Db3OcV+uh/aN/4J3/B+Fo/D/hjw1fTW6BFFvZLqczyoSFJe5WQEsSSD97J4zjNcLqv/BWb4f6DI9v8MfhbbHyFdLeZdKt7US4yEyIIRgHGBjnI4JwRXYvDXJMtjz55xZgaUVfnpYetRc09H/POWutrRVn0PGj9ITi/PpcnCvhtntfnajDE4yjVoQldxs2nTirWfM/3j6nx74N/ZH/a4+Ibq6eB9YsrV3Vt2pSpp6qjkFdyyFHI53HHPBycDB+mfCv/AASo+MWpTLd+MvGvh/w1EWXzoZZ5LmWEPndhi5iJKtwcBc/KTt5Pmfiz/gqb+0n4phuI/DmiRaFDKQkRjtcui5wpBdQwCgnrj1PBJX5g8SftKftVeNDI+o+PtQtBM5eRIL2S3BDABVQQurfLu5Ax97BAHNYzfg/ln8Wvjc0qU42aU24ya5VzXfsk1dXtfZ3tbQ6FjvpKcQyTw2Cyfh+jVekqz56tOLs1ovbXkvO12nsj9WtM/wCCaH7OfgxTd/E342Rzm3cyPFZ6hY20YbALoUZxL8zckHBGcZwATeufCv8AwTV+EsTG4v8ASfEd5bAPLJe6g108zoME+Ujsm4/KcAAAjsMmvw01WPxv4gkD+J/iLqcxeQtOkupXMhLE7trKzkEhuCMYGCpGBzyt14d8GwyPLqGr3OpTcgq8zsGIwSBtbOCrDkjIPXkVwS8TOB8qkv7H4So1ZQsoTxPs7e6lrL3Ztt2u/e2fdq20PBbxaz+DXE/iTjKMK6/e0cshUo8qny80Yy9pTikldL93300P2i8Sft3/ALIPgWF7fwH4NsLz7HuMP2XRLQDI+4pmlg3FTjhiSfc8AeG6/wD8FYNeSGS38B/D63sY2jZYpHhCOTztZBEuU4wwAIx07nH5lmfwXYxIbXTPtBBO5WQEALnBIYndsORhh03fSqj+LbKIeXa6bawFWB84JHuxgYBXHY8YzjgAYGc8uN8fOIFGVPLcDluX09OVUsLTnO1lyrmmpbJb6P0sdeX/AEROB5VI1s/zPPs8rPWpLG5nXUJczTl7lKcd222ru1rn13rf/BQj9pvxRJLJBAmnyTN8krySsIQDyERyFOMDJK89yBnHjuu/Hb9oTxY5Ot+OruyRpGdY7crEVAzuwygEc55OOeM56eLXnjGZ43iBDyEEAr8vlq2AQCuCDyMHDYPI44GG3iudVkjd1JCEFCcsW69exPIDA8AHa2cAfAZp4q8cZs5e0zjE04yfwUZ+xSTtdJU1BLzW2ruldo/Wsi+j94S8PQhHDcK5ZUklF8+IoLFVJP3d54hVb+d352Wp6VfT+I9aTdrvi7XL+NlPM+ozmKQgk8IJWABwM5HGM8YArmJ9K0SMqZoxK68LNPL5gdhjJckk4GFJHQemeK4m58TTNFua4blS3lBiqjjbtDMxPzfQgHHfGOWu/Eh8tg7/ACorkozkkE5IPYHOeAec/QY+TrZtnGNvPF4/FV22k3Ur1Kl2kru7m7attu2u2rP0XC8O8NZVTjHLsowGDgrJOjhqNJLa1lTgnZvzbW924nrg1PS4GEccdtGiqEEkMe4ZOCCTjsc7cDsDmsqfxNBbvMpeRgNyh1AG4D5cHbhtxHHoABnB4rxefxQ2weSJBt+YlBlQwBGHJySOCD3+9is+K91fVB+5imnd2IEcSmSRyzfwKuS7Ethj6cA81xWnJqU5uTaW7btomvVprrp+Z3qpCK5aMFtpywSWltUkr/rdK565J4zVJpAzJtVdsYkYuwyRngk54weATjIJHQczqfjllALSMyFgNobaCwO35RnI24yTjAx1Azinpvw18d6vDHNF4f1ORHO0NMhgUAgrgu4A+UYbBJIznjcBXoGn/s7eJHWN9d1PRNBiAEjrf3sJdUO5WBXfncMHjrxnCknD9km01/29d3T+DdPTWz7u/nFNWqldx5VFx0XW1tujdrb6b772PKZ/HFw+BGXXcSAC5YgdABycE+vQnOBxxmyazrN07RxeexcHZksvG3rjj+R5ODzivpzSfhn8FdAfzfFPjcatMrKq2GiWzSsDkkASEFfmOAGJxzlSA3Hsegat8IPD0Bbwv8Mk165C+ZHd+JbgbFZGJJEcRIKk9FwCRjtxRanGNnyR+5XtyvdtPrZq2ujtFWZ0U41Z25qtrJK0U9bcq8tmk9LNtpWd9PhHRfCfjfxJdLDpmja1qMjsir9ltbidXcHAVSiEHdnaexweMdPp3wR+x/8AGXxGsV/qWhweHLF3Amu/EN3DpvloCPmC3LRkLtA7cj2AB9Zvfj74xtY2sfDy+H/B0YJf7Po+l24mi+XCoszx+bkjDMVbGeRznb5vq/xD8W6/sm1/xVrurS87oZr+dbcr94gQiQx/wjAAyRwBg4FL2bhG7bldJ62Vkloo7X7rZPZW3JKlTcnKU5v7WkrKyjq1qrrR7Xs+yZ7Vpn7KHwo8OSxf8LA+L2ipg5ksNBB1GRXViWiLxGRcnaRvyMnPcGvYNP8ADX7H/hRI5IPDuv8Aje6jiDIL0raWzvGwG4oQDg47jIBJ44r4Xk8SbIwEVEJb5CATLuKk7izbQeQM++DkAVRk8R6icI11OXYgA+aOATnAwwbaRjjOOeRnppGnTlZ3cU7e8rKzfLe+uqbvs9Ft5qOMpUWnGkpd29Xeytpa1tXr5Wuz9IU/aR8AeEXih8D/AAY8J6UtumIXvIYZrrzHUAbpCpbI6jnJB9OvM+IP2wvircpJHp13pXh+3P3INMsYAyDB2puZMbffcCDjaRnNfBC6s7kLLcSM+8HdglgOpz34zwPXoR30v7XxlFKOwUHadxIXHVjnPTDKR1wByMit4U6ELtqTk7ayd7u0d7Pa+3p1FLNcQ/g9xWS91RVk7bWau+n4J20XqetfFL4heMbuefxH4r1u4imJDRJeSW0JUnhfIhcKR0HTntxydu7sNJl8NSsQrymHe016TJOXCnOwyZOQW/iAOecdceKQavGoYs8RkztywK4IyBjjr7FcnI4Bp9x4n+0WsUD3UhgjIDJkdScAD7xxn7w6cDJ5zTjKOraV3HTRK7unpu7LyV38kcrxOIk25Tc29bvrqn02Ss77p26XdtPwxZabpIku3k82aczKRKpKoCW2lR1BOei8AZ7HFUr3U4W1JYfKXmIEI/LM5JVTk8gjII79hgjFJAtpFboPOmfzJA+WyAnOcA5HJAHGf5LXHS3Ek2s3V0ju0cQZI2wBjawUMQSTzk4Az69xSnOENnHmdr7St8Lcna7076Oz6dKp1ql/eSVuVWtfTRt395pK3V332OtW3iIaORjv8wOkRIAAJJ2lioHyjHfAx0ySa5Sf7KPtJOULXBDZxhiCMgHuB2ySc9D6yXNzM0wUBgGUMwJYNtC9RgcdFA4z1xjJznR2ouYW3syM0pIYljhucknnBLDOfbJOOa5JTi03dXd7a7uydtdbrW/Xu3ubRq+8ldPmdtXr5Pa9rNbvTtudTZx2omhZQEcqiFWXIUnPz7jnORjJzxjOcGrWoxq9tdLCCVQDL5yGwTnHX054GOCTziuJmuLm2mhiw6pkDeqtggZ/iOTyPQ8cA88VL/ak4hulDjYwC4Dbi3OCAmQRnA4yDjpgLz4taalOS97e6tqm3FNt3s+l72svnY7adRq6V0mle3TTV772tfo+mosTyMVRCGbacgNnJOcj5sZHIPPfhelV9lwlyGLFdxLsc9CCMDg4O7qVIIBOB1OKumXSm4BJIcAjb83IBByc5I5JHPpkc5ruEs0niMsaxZBWNQwIJywLdcYPsBkDjHSs4xbT9NOvZ+b21vvra/Q3w+ut79O9rNa9dbLls7bJJOx5dNAzauWlDgupZn4+Zj9wD+6DzkdMkYGK6m9iZNPlICh1iRRyBx6k9s8noRwDn1JreOPWVGwfKmGDklSR2GOB7HP1PGK2dSgRoCI1G0ogdmyOTgbRnAJOcDI6EMCDWbg1sm7JbWtq421j2VtfNX1SOnR3v7r0/T8fPz6nFWNzb2jW4mbZvZirKSeQo3/iWAOSCQTgdDiLVtcJvra3DruaGQAv12kNtC44LE44b1zTrvTWa/0+AlEV1bao4OGLFcHAJPILYP3iB1wa0L3wUqSWszMxktjG5LDcGVjleeemcEHtjnHRxpp2u5JpbK6vtZvrs3s7LrdGbnJJpaWa8u2u+z110tqummVoEck9yJHG4hXDdBnc+ArMDkEKCeoORjjv6rFYl4wWZS7x53EA7QuCyhsZzwODzn8K47QdOlSeffGoTe6IxyMHcWycHGMnAII5554rv443NuCo4QFM7vmY9RnJztABH93r75fsY6vta17JXVtX59LvW73SWjjotdLpJ2vbTlV7ba6bvXTskZEOno7TFlLhyVCjoeDjCj0PGPX61o2OipCS7Jhy7bVZRxhTjGBgDGOM47YGMDX02yV3zhm2hXK8ld/C8Zz3JyenXpyT6f4f8LG5JmliJKbnRWBIIfkZ+UgAEbzx2wQcVUMPKo0oau66q97J327b3T1uXGVGCSlNXut2rJp77Ntraz7v+ax5YLcoC0cJzkhcocljk7s4K7Rn+L1zuyc1BJpd9coiwM3mvIUZUUjJYAgZ4AAORhTuP4A16pqGjiJzHFCwaJnLkk7TzyuMfdx7Zzxnpjv/AAn4OTUYoJJYzGiOjMVXDFjhiTxnaDnGNxx0212UsDVbd1bRbp9OW213tq9Gr36BLGUacPdbbasrPVNctlvp5aJPro9Pmm1+Hdzc3TpOHjjgO+aULkfMCdp5zuJ7gDByvQmo7fXYtF1c+GrdFtIJLm0srnUVjJuI45JEjcxZVjk7+CCTnqTivrzW9I0/Spb2SILiAxhojx5jkcbie+7k9TnFfEvi25l07xtPd/ZlYpcxXO1uURkKvHwcrncFJGcEcjNfL8SYSvKhWoUJctSUJxjJptKbj7snbTfXu7dEz2ckxND21LEVk5QhVjzRauuRyinF2S6Jro7L5P7m/au/Zg0v4N/Bz4c+OtP1fUNZuPGn2ea6F1uXyYrmES2/lMxAJKkhgOoJ9Sa+MfCkOPDeslkiku5IRDDGwzIikFd+4AsOMEnOMjk8c+sfFf8Aaq+I/wAcfBnhbwJ47vrVdC8HpbwaPBaQqkn+jx7I2mZAGJC7QBnjknJBWvA4TcWlpMkF3KkcilnZMFjFg4U+h/ixwR04Oa/HuFsj4owuRvB8Q4pYnMFja9RVqVrLDSr81CDaUb8sGl1stk9n+jZ9mvD9fMo4nKaPssJ9UpwdN+6vaqEYTaUnKXxee3e1zhHvGsrqS2nOT5jCYDeUOwk5GTjnP04ye4Ny11GG5IiiwS8jIG+7tVgCzY6Z6FSvJznoTXKXiySXBWOVi00jkNJkBUJ5y5YgHHTJHHGcDFRWX2izuYZTIdiOWYMRsOMHJC55z3GOMDkHj9NhgeWhBWd7RUmldfZ7Su2rv16bq/wM8yiqrStyXbXwuyfLblldPv8Af0ur/ev7FXwu0L4v/tG/Db4eeIJRD4d1S+83WbtpFt82MbBp42lkZFXzVAQc5ALYr9Fv+Couv+AvgDrWjfs9fA7T9J0zwteaTDq/iCXw/LBcTNKp2WNtcXkRZjOJEd5VdsZfAxjJ/F34f+IdVstbh1LRdWuNNu0Dg3enXD2txAHBG6KWMpIjYHKgkEcgZxn0TxN4luNRmim1m9vNVvjEwN5qUr3VzJID8pknkLuyjJIBJCg5Ht+TZ74W4ziTjnJ+IsfmtR5Nk2GlGlkaU1RrY+WixVZqooTcIu0IyhLla+/7TLOMqWU5PiMPhaNsXXm4yrtQadKSprljvK7a3vZJtPXf9Xf2cf8Agq5pvw2+F1h4B+I3w8u9Vu/D9na2Wm6hpkyr5trbn5XugeROVIyy8AjgV7Wv/BYr4Xw6w2rJ8NdZlElvBFBulV7q3ZAc5YhhtB6A4JA9Plr+feXV4xtcLAFdtsxCDoOp65ILDpj09RUn9rIhjSK1gkGcoSQpIOOOckjGQFbuOgGK/PM4+h74T53muLzbF5Xio4nG4h4iv7PH14UXVqtSnOMOd8qcnfl0XM7pWse5gvGriLB4eNGFShKMYRpKc6MHOUYqMY3dn0sm39pO/c/a/wAW/wDBXiz1IajcaT8OZ47i8M8bzzSqm+F0ZUSVsAtgcNtByAc/LmvyU+Pv7RHi346eIbXUtUsLews9KR47G0gOB5U0hlCSDgsBvIYZwT0XOM+dz3qzOpFtESDvcbgcL0ACcgnHUAEAnjsacxtpTHttbdmHJ2IAyg8cjGcdRwDjBJ5FfdcD/R14A4AxccbkGWuhiVFR9vVq1a9VJKN2pTlJLRWskm7bang8R+Jue8R4d4bG4pyoe63ThBQi+VxaulFPRqLWyevmchHrbaXrfh/xBBAn2vRr2G7MJTEBkhZXUbmJzlhgY64x05r6yP7c3jfTNX/t3TJ54p5rZbK6t441A8iNfLIG/LEEAheoAIOO1fON5Fak+X9lhmJkDcADbwOvOfmOMDkA46mrdlo+mThSLSABATIzgHcQWyCMHJU/Xp7V+hZ54c5BxE6P9r4OnjIUY8kI1IKyjPl5t9G5aJu99bK1mfOZNxfnGSKusrxFTDTrSjKbho24pRi73tdXasm0tXp02/ip+1z8RPic2kR63c3c2n6K8n2C1ZBsRC2djqBnYWzwcgAj5ScV80eIvG2qaxcz3McJtprlSHaNQoZMAYBYZBYAHj2GDjj6MXQNFc7zaW4JGArQgKBgfMCAPQcn6YO0VXPhnw/M6B7G2ARfvJGMP04IK428Nknn+6oHNejkvA2Q5DSp0MtweHwlGCtCnCEVGK9270877u/yOHMs/wA5zmpKtj8ZVr1ZSs5VJ6tpRjpd30Ts0uXSyR8kWmo3MJZxuZyGEu5kLFSWb72DnBOc8ANn5eDnch8R3qRoltPNGSpD4YZ2ng4ZgDtOf4RjlhhgcV9I3XhPQVLAaZboCQN3ljGCAx+6vcjC59QDknnjtc8JaRa2wkt7KI5J2MgwQcHIOcZ5yfQH7uO/rYrJsFNxqONOckope7G6soW62676K199zy6VfF0VKMarhG2qUmu2yT1vZ30+bTR9Q/sWXdxqcPi1Zn5iii2g7cscAAlhgZA6k+3rX29IzRwiPYByCCxJznGBnOcHG7OehGf71fHn7GWnRWi+LI1hKtJCrN15wFyMjnJx2A6jp2+zryFIkAZWJ3DknDHO0ggcfLjAA6Hvmvr8io06GBjCmrJSldWWl2rtXVtXpazt33S8nFSlVqqU5Nytu3ez0aV9evq7LSxz1+SEyAXVSNw6AHA47Z6ZAyfoDgt5P4x3pdaFLnCrqIXaBnIJOOc9euPxGR1r2QtCUlA+dFDABgeCuQSxAy2eSO4APoc+QeNCFudC8tVdBqBJGCSWBwBt5yACQDzzjIzgV01rxqwk46NpLdttONrWvZ20enddbGkeVRTvdpra26tpfSzs/O+nqdVKrrbWg+bMjggYXg8krnGeucAYPvzmvQNDULAFwqOpI+bO7cwyCNuSTnA2gHAXjkkV57PMz29nkYYScgEEKSRjBz24OMnIHOO3omiBHKBsgDaQQM7i3RjkYGeADkg54z1PpYePPFRWnuqWll0i0+VLV3VnpHrdnnTlFSvzJLV638rKzSvbVJJX0e6tfgPjVcTWvwx8WyqZGkXSpt3UrsJXBIII2jODk5z06GvxOu9UmuJpXZmLDAwSAdoyQTzkZPf04wMkD91fjXZzXXwv8ZR28LzzyaM4jgRQWlGQzAEfxf1PNfh7f+DdeS5nT+zbuKUZzGyElecsDkfiMkHB4J5x8DxLGhRzCnKvyq9NL3mlfW8tXdvTT9VodmGUp05KCk3zpy3e6jrZp8r7pJvW8ndWMJdYuJDguQGXoCf4TnnG7HPU4G5uDU0WpXq3KSRyGVtoPLMQFGRuZc9Mc88jnBG01EPC2uGYoljdIQh/gwAcDJHUknPbOPfpT28N+ILYpMun3DOx8ssFyGweVK8ds9+RwCeRXj0quBg01OldvdSjo7pXTd7p32WqV29WdCw9WbjaEnaSvo1qmlt13ur6J3s+3W+HxdahqUUbSqfODli5wI8Y3MRnjCnO3J4UcHNe0+HtP8J6ZqAtNY1lbi0MDzPayqDDNIytmN2GSuOwwCMj3r5z0uXUY7p4zFJFcAyKGQFSpAACN12qBnd0456Yx0FlFeQFzeOplmzt8wAqN/BYn1AOcYI4IO2uerKmqjanH2bVlyq6v7ur99NdOumujO+FJqNKy5ZRbUnJNWS5G00pJWvolqt9Hdn21+xZ8YNS+C/7QMnjLwtpOnT6Jc2+oaW9rfSZtjbyqyjzP4lU5JGDkgAZ5zX2x8XP2j5PiV4a8UaZoPhvwbpU0kt+NUu57eESXf2rerLZpMv3oudsoUDJBDN0r8bfBEd5puqXDfbZkgO9nWBm2s0nGBtORkYIPJHykAHON/xHqV6hXyNXuURo33RNI25zxhd24tgE59tp4GCT81meGoYrHUKkHJVaKhqp7NNapRaSaXdPs9D2MJmNbC4adHlUqdRyjOPNC7XupWUUlFXSd7aaq9mz1X9n823g7WPEHiHUtC0rXp5p5bS0i1eOK5ghLSsHeCFgUOOQCcdO4Fcr8XLPRdd+L+mXt/punaJaava7pILCNIrNZAp2hY1IRc/KGIGBkkA4rL+HesNDYyT6ldQpBBL8qSnZuBPzM+T8wyAQTgMT054n+IWteEvEF94XZncXNpNKb6WA7wlsVymGHOQ3QnkA8ela4SWKlmtWsqlRxnQlTtzPkh7kUnGOqTTt21va2rGsZCeCjRdOCjFqd5NOVrpu7Scna+19bPSx4vqPhrRrfxVJaBtlgty6PNETJGBvyAgBIwVIyeSOMYGa2LyfUPh5c3h8OalPFFrNsIpDZ7o2a3cjMUjZBKspwQxGDnjPWhc6JJNNqMunzs1sty8tvkkyNHuOCSxG1iBg89+OnFm0028aH7TcTpIp2QiKc7nAP3jtP3RzwRx14OMH2vbzslWqKUVCKnCVnd+6rvtqrtdLP5eFPENVJRguW7crqKutk+qv5aJ+XfU8C67c3PiCO8l+zNHHE8ckNyFKiQodrHdnGWIO7gnnLfKTXQan4a1C6u5b10SGOV3mVwcxpG3Iwc8ZYAbT0JAPbHMaD4YvbTULi4aRJbZmGREq8BslVAPJ2dTz1GMZOK9FvYpoUQSX00sIUF15IyRtC49uw7gDg8ivGx+IUa8fYTcYpRUoq/kuaCe6aS1T01va9zycTUn7Rxbdm76tWSbSbSld6rV20SXRaryvUrS0VZ3fDfZkZNu0bZH5yeOTx169eCCcV4NqIV7uUqRFHI7kDBXBBOCCO2f5+tfT2q2litsyb+JNrbs7SOTuVlxkAt8xIDMAeOhrziTwKmrR3V5HOFWEyMiMUIc5OfnPAyWBwcDnpjJr6DK8zpQhfEK2kb2TsuZLzv8ADZXdtdbPW0U7QvdtuSu+vvWSaW+ijFK3VPz09Q/Z20OK63Xt9Gt1apN5JhIQrgbvmffnIXkggZzzk5Jr7xv/AAH4OufCywaYLZpbgyTyyGI74pFjZvLYptxGCeAcADO0E4J+Evh/qMfhawgtzKEjw7SuX2ASA8EYbJUZ4PQLzmvoPSPiT9k0j7IkyTJcNvlbeMqpXGNxy3XgjCn7xGTmvjc9q4yvjp1MPVnKjz/u6au7q8Nbb27v1e7u/VyzGrCVI1VFKUW5cz1kvgdkk7WlpffvZNMpeCPGzeCPFKXYgj22Ms9sysoKeUzFAQMHgZBwCRjHArsvEN1Z6pq/9tjyc3H+lMI1VYfMkZSwjHAUY7YxgE4wRnw3UtZtL6+a4toAgEjs2MHzMtkk+xyFJAOPmwcncOsg8W6U1hI1zEY1jRYwOQAVABCcDJ44Ix1OMnBPmY+niqkIVKdGXO4qM2+Zq107aLSzad76W26np5xnCzP2cp2ThFK9nZ8qW11ZLu3rbW1r29csda1y00+//szWbnS7VYHf7PaSmMSl0bJUKRnOMMGzj6HFfLF7Bqfj3xFFpVhbT3N6nmKokdhJK4PzMwJxgfeLZHJ6nAI9Jn+I+l6fbwRlVNrkbwWxIdvUZyGwepBx0PXOR1Xgbx/4RsNRudWtra1tr66UeVLKoEgj6MI5BypYHG3cM8c9c82Bw2Ky6GLxP9n+0r1IxcHGKUnJpJcztdpJ6q15Weu5zUcfN0VRk6k1Tsowbk1ry6LaNltortp90eg+B/gjbWlja/2u8P8Aa0SRb7Z2BiDOMCMKvLOD1JG5eT04Gf8AET4HWmm2807SRSveRM8trbAtNHIANqonJAxjcSMDnggZrdX4jaZqOri+N0umRxQb7cJKCksyA/MxBJILclflPzEc4q0fiboGnW2o3erXZ1m5vocAE5EYbK7InydrdCW4xx1xXjPH57SxaryU5czSdBQcVBc0dW9OW6dlFauN3fTXzqmNxbkk4Lki2nHXVLybvd3SS0vvqj4Em8FQz63PYXLy2Rgl8uGN13tLk8LjbkkHAwTgMTnkcdt4W+C2p67rNpomix3Woa5eswSwgtZJriKPgmY26KZAEB3FtpxgnPOD63da3oF7eS6xDp0X20F2V5AMKcnylCk5dhx8/JB7sMV3vw78feJfD/ie38ReDLZtP8SxQiB7uJIiy2ZI8xm3jK+Yo2k4+YE9STX2VfPc0+qwnRp+ylGmm/atqN7Ru1a91e+itprubqvCUV7Sk4c7jaVpLotbtcujfkrbXset/CDwP8QvBWvaV4E8O+HpdXvo7m3El5eabKuiWlzdHbLNc3bxmBZotvHmPlGRtxzX6P3f7MWh6DYJrtn8O7aXxnqcdvc3vj3WLuNdLjugWNz9htywDRK5IWZQTnBU4Jqa+/4KjeMvF3wPm+Cl18Mfhb4Tn0/SbLTtT8c6RodhH4guVtFcyXVxdRwLNJfXG4vI4csXbJPJr481v9pPW9astE0LW/GupReH4ibNJLS4aVprZiB5jRCTMKqdx2lAAfTkN8Zg8uzbP88UaEoUPbKFOpXr3i3NyTnJ8snF09FbWN+qS1X1mTQyLh/A4jOMbGGNxkoudKmpQnyxUYtRbUVLnbdrcumln263xX8CviPNb3euR3tlIl3dzQrK5km2W6cSTR5JBt1HKbQMjG3IyTweqeGPAdp4Wu9P8SXV1YanY27kazZwyeTdXQB3KVALiMtx0+UfQlvT7H4ieG9ekh0uDx1dNo2nWH2YXMuopA6synLvFvAOMkYPUjAAFcy11omg21wllfx+OrO9MzTNcz2JjtUbJyDIdylRzjHJ6HOQf6uyXw3yzBZND61jMPWrwppz9nOnGKklH4IRlKT10bs7dXa5/O3EXH2eYzP5/U8FXoYSdR+xjJSmo8rinF6a8ztZwTasrtK5i/BCXwrrtpeeGI9Yv/DN1HZyQW2o2ZaFtWFyWjKSswC4KkHGeD1IxWv41+AfgBNITR7TXLi41N2klm1C/klEguSCVhkGQrozHggE4IxwOPmjUvjvoK+PvDfh/wAL6XDp+kx3n9k6tK4iD28jybZZreWEFtiEsUPzBPlFfQ/jDUPEmj3Et94dsJvFugLHbC4ukdJp4RIFfeoYGTzAxIAODxg9DXhYLJcjryxdGtLmnTqckZc6u4txSmr2bWila2rVm7Kx9Pi844go0sLVozUYzoxc41Ip3acZOLa0atFXvHbrd6/APizwb/wieoyaZqBkt7uK9ZIHEDbLmPIKNG56jphQcgHJ9K9P0fStC07QrXWJr2NbnTpo5Lm38v8A0u8diH27W5C7SAAoIwezdPon4g6V4W+Imh6VHqWtabpuvBUkgMipFd6TIn347xAFMq5X5j1UZyOgr4e1TxnceEvEep2FzdWOsQwStZxXKKslu/l/KJ93IHygspPQemK/L+K8jrYLGyo4bERrUJNyp+zfNLk5bpOKlZSj7islq3vuevg8yqZtQh7aM6WIjyqryxlGKTTcZxbdukW0knrZnvnijVvCt94cuLxtHSwL20txZ3EjH7ZLdLHgBlyJFi3AEAkAMBt4AY/L3hHXdRudcSyvEVNPRJZLuS43BooBISxQv826QDA68MMYANP1X4rma4V5p9PunuAsLEbfIt4lO3bHH93JGDv2g+m7qeC8R+MLaa/E2no2+6eO3nuUwsaxBQGChcAgEEMTweufTzMpy/Excva0azjNqcXJt8tuXTbWMtLxs0u92e5SqQpwcHN3UbN9XzW0elpJ3V0tEk9Xpf8AQHX/ABJ4Z1aHw1pVno1sukXejfZ31OEeVcxLGVMky7cFmzkHcDkj7wAAPmnjnwfonga0tNT0nUrzV7SdARbMkq3DGZGZt3aREOFDZZsYz3rwW1+IsFvNpkchmujYwrbgIxCLbsPnJUHAwRz2PJzxz9a6wtxr/gqx1yHw3rF2lnbWoge3heWNIWRR57BVKhFOF3EYIBxjcMfbYSvlWGw0njZQw0vdjTc6ihFu8YpJe6rXvZSb1lZdUeHiPrKxOHhQdSqptqSs5KKfKnblVtHrrdrZq2p4X8ILzSNY8X21pqumMqLd+cRKCzFTKE8uTIyEjBDkANgge2frrWr3whompaytxZ2EtvCqm0ngCxzHK4SNCFUlQxBULz1564/O688SzeEvEk2uRCYTi4dHQkwgYblCuFO8cE5XI5Gcnip4h+L13q0s5kaUyzRhFG7AiB7ccMc9MjJI4PNfI5xlGIzXMadehipxwcaaTgpKMW7R/ldpNq6utLbM+goVI4RQcYRjUTi+aolzLlit01a97WstFrbqfrR4c/bWm+CfwnuvAPw4bT9H1XxHfXF74h1q4ZJ7sRyxtEgt5HLPE6xM6bF4KkgnB4/Nb9oT4tt8T7HQ4J7q2I0IzHNqqxnULq7fzLm4lIHMkknzFgGJ3dWwa+XtS1u8vb2RpZ5goXozNtYE4G7Htx3wB/CKxoLh3lAmH7tAWXdgszHkEcHHHXGD25wavKOEMHlFaeLpKMq9WbnKbbvzt3dknpFX20Xnrc9/M+LM4zTC0MvxFaKwtCKhCnFxUPdjGK5oxsm/dWutnY9R8H+NLrQlmsIIA6yq0jebhmRm43qSCcgHPJyeMD5WFdpJ4kS6sjbzPHGbUmWEpFh5WJLYZuoOcck9MnPNeK2sq7BclJGlJIITgsqjHXjAGPT1yQK17KaaeDzVZmAlUbGdV2gfKAxLYbbjpz7DpXo4rAxlUlKb96Sbau9VZXstU7PXydn1d/Foxk3eMea8drO2qTfTfRW3s7+Z3cOpapq2owyRrInleXtidsRLEgxv2cZbHJ4yO+ADXczSXdzcxRPIpRCjq6MpLlRkhME8c8Y+UdKzvDsF1JbsZNOaWNkZpLmJGBChVwocYypxyQcAkAgZJFpILo2iuLOW2InKQzFGZim4jAAB5GRlgfXOcZPhYim5Pk5fdjorLoknty6W6Xert10RNfvZRkpq/vWd1de62nulZdW91a+1u/t9WKrGwkTdsTeLcZkXYcFSq9ABjeSNv9729Ijn0uTSHvNRkcyiP5iVIMNuwwPLYjO98ZIAyBjjrnxbT9GmswZhJPcXSyeY8EcTFmRvnUMByAOCCwweeOtdY02q6tYSNLFdWsI2K9stnJ+8WPoS/l7TwMkMQST24LeXVwLnVjKKUUndq+qXu3vaydr2a9Wxxozl7lmnJrTfZq7bVk7Xs1q9fQw9ZtodW1HTB4btI5TLIltEspAeSaWTYqAZJaWQnk8jsBxX378Kvgz8FPg3ouk+Mf2jRrOs6/rKz20Pw80G0ntpdLZkWW01K81Er5Ll1YY2sSM5IHFeA+DPBvwki0b/AISPxr8R7nwvqsDqtnoNhYNNfjYN6XMMhVkWUkZRgMg85ABx774H+OnwQLPH8SNV8f8AjDTdOdhYRSJYySXUaL5amea4zIoZMAIp+XHAA+WjOMNVllqw8HilQkk6qwb5cTJJRXLGdrxTSbbTu737N/R5Nh6FKvGdWWHVTRxdaMp04uyTdlZJq7d7t6H1t4e+Ov7EXh0wxad+zh4u8UXksIB+06kpjdguA5AJK5/iIwT6npXSWP7Wf7MXhqKUy/sfaLJcTzrFp9vrOoJKluXcBWeNyQDyDuIzkkZ9eX8C/tF/8E4rBX1fVvg34/vtQQiOKKLUUjT5lw2VilADHrjjqudoIr0CP9sP/gnxZXkd1oX7NniDULrY7OviC8t7hHK5+UpO7FRweVweODnGPxzG5flmDi5YXhvP8TiW5JSr4upBtvlftJTlXim5bxSSsvvf28KVSulF5pg/ZtJKFKLceTTdKF239la2tfuRfFn9sfw34O8NWWtWv7H3gnS9Eu0aKDxFaaJBcWfnGBXW2bU5YjayOqlSyK+7utfntr3/AAUP+IN0JW8G/CH4ceH7bzJI1ltvDllNcjeWClwIdxKLtOVByScDPA+9P2mv2k9L+P8A+yhotv8ACL4Vnw34SsPiQum/8I9DZRXayXYjiCvugjd4kk3KgBwCOMbevgfgP/gnB+1d4h0q31nXfhzo/wAP/BWvAS23iTU2RpbUXSCSydrVAZ1V2YAbgSo65GcfbcHcfZPw7k9aWdTwuU14YqvQ9hXrqtiOSk4Wt79Sb0krSaWrS8z5HiXw0oZ/jcNNUsRWhKKcW6tWNOTlyNpqNSNN81m7S1itGuq+QF/bu/aS1Kdbb+3rfTYirRWltp2nW1uEeT5P9X5S7AhGAeABgEE/MKz/ABY/aM8aar/ZmufEqazursBo1vbpLeKOArkqWV1CglugB3AfxEDH2n8Ef+CaL/Fjxf4q0DX/ABxa21t8PfE9po+u6zoETTXV/JcSISIBzHEsOfmd8DAwTuOB+oWmf8Es/wBmPwp4o+0a5eax4vj8P21qWOs30Fna3BwA7TSxyqAepCsxGMk8YzxcZePnC2SRq06OLxdXGqjTnGhg8JUquXt4KcFzS9nBScbtNydtU+iXoZB4MYKjUgq+UZbanJNzrQp1WrON3J8s5KSs7N30W2p/Nh4m0fxtBHf6jqPxLOptZTGJ7Gz1e6lLlyCZIwsrRjngFiBjI5OMYfg7WdFg1Sz1LW/tmpvbXaRvY3F0zxyozYY3G19xDEZJLErkdQMn+iv9sfTv2PPhV8B/HHgnwL4D8K6V4z11LW00efS47TV9Rtp2YCS7e5jMssec4J3856A5Dfhh8DPg9onj3xxYeAm1LTdI8Ra/cSQRavq0hjsYVjQs00gfAjCsMtvIQgYBGK4eEfEqfFGQY3N8fTzDLMNTnOnGeLvSqzpRhFyqKKjtq17t7Wav1PoMx4NwGXY/D4fB4LBTc1f2dOnBJtSjZNcq1dldWSt5nCfHO70nVLGwOnaTp+jzmYyWtpaStuurZl3LLM4YEhTjg9MEEdBXyXc6dcQr9qN9GAAzFCMSKSSNozhuBlcHgA4Azgj+je+/4I8XXiS8046v8fvB6qtgrrqVjEZIVUqW8mJyGSQ7MgMPlPVflrTi/wCCPX7OqlW8TfH+R3tTDFqEZm03T0ZFx5s0BuHTIyCQRhePUZr28i8bODsmoLAyxuOxtSM2v3WDxVZy1W0lDlb3Td9He255WbeG2YZjVdehhcNhY8qaV4RSatdNKKu073srJbH8y19bXU0SJGroVJKv8iiVm/iyQcduQRyeO+cJ0d5/JiLiQsFlYMgO7GTtwdzkY3fKW5Priv6kr3/gnZ/wTj8OXEWm6/8AF+NktZluZNTvvEum5mgiALWwitrngFuDxuweMVlXPgz/AIJAfCaZpL7+wvEepWlyj2t7b3l7qELopK/vYkkcO7kZbIIHPGAK+0p+OWX4yPJlfDnEeP5Y3hOlltaMKklb3U3a2qSckkvW2nz0vCivS9/GZpluHg0+bmqxTjte6dlq732utvP+arQAbd3tFRb15pEUmUBZN6/ehXPzMxBIZQDlsYwc59r8PfDTxt4ruJ08M+APFepvL5Xy6doV7cwojBQWSSOIj5uSuSEye9fuh4g/a7/4JheGY2n0L4MWXirVdNlE1jdWWiQwRhkIKhRLDtk3FOTJuYjjnkVow/8ABaL4N+FrZ4fAP7OptZkhS3VkstK06Ly4lITcIY4yQMKd2c4z2JB4sZ4i+IGYwjHIPDbNeeVlGrmc44en71k7qWt+13bXTz1wvBXDmXybxnEWClype5RcZXSsmrptvRq1k+72bPyw8BfsE/tTeL9XWz034VeJrayubZjFLqdqmnqVdfkUC6CBWbIzyVHQ4AxX9JGj/DT4o+Pf2V/hH+zL8RPCS+Dl8IaJHp9+lhPZTXGqXFoR5JkkBIhjk5E7AqzZbBr8t9c/4LmfF9opX8N/Czw3YsZCba41K5leSCPc20COA7RtzgkZDAD3NfPXiz/grz+2D4o8650y58N+HpG3tHdWNiJpYgxOFV50JACn72RzgEk1+f8AEfC/0gOOoUacssyfIYxq80Kvt+evSpySU3JqVT3klFpKKu0tdz6DBY/w/wAkmpvEPF8jU7NSetoq6SjFNWunFvl11vrf97rv9iD4LeI/DfhnTdc8E+HNHvvCkUMN1JZtLa3uo3CqqtM9yxXfMcZZyxG7IU7etnSf2H/2MPA92dR1Sw8JwXN2DJe/8JT4gtxBHtGSYY3nCrgNyT1IG48YP8sHi79t/wDaz8emdPEXxf1yNJX3GPTmNmN2ScLJbAMu3AHPByCc7jXiWq+OviZ4idpNd8aeLtZ83JZr7Xb2QEYwSEMzZU5bO4EnHUnr5eV/Ri8Uq8Es44/r041FFTpYSeIe1m22p00paWk0rOyt1HjfEbgyNnhcrjOV2lN0aMX9m7V+ZrTTVau/z/t20P47fsOfs6YbRPHXwp8HXVtZSWhu/Dh0+81RolBV0ee3LSsHIYFSwXk4yTivi79qn/gp5+x/8SdLsfB0/wARPG13p2h3n24ah4Bhk0q/v7pCSsct0VVpIWPBJYkHocZx/JstjcysJJ3dpHbCtNJJM7ZySGdyTu/EDuTgHNyPTmTcjuytIQPkVc49RjGOuTyQckZyMH9IyT6K+Bw04VM1zzMMxrpxm5VZpc0o8r+06km1b52fN2Pm8R4m4ajWjicDgowqwuqcp2fLdLRWSjqtHZWV7+n9Aumf8Fbfhz8OtGPhn4d+DPF3ijS8K0d14v1me6upnjYsjzPuLDLNwq5GcAAE/L5R4y/4LF/G/XVMXh7Q4vD1g5ZVitLydWWNcBEVmcHauP4cBe3evxytbUwq0b4GAEjLZLHPQgjBySc5zgjqf4j0lpYKQokyNqEDPCk46Y5xkEYK4HIOM5z+rZL4B8F5a7yws8TObcm61WU7tyTaVtGuZv3VFXbtbXX53H+KGeYxvkqUqUVrFqCfLdLmavdbXXSyv02+yfEn7d37QXi24SefW7yzgZml8lNV1Bt0hzueQ+dggZ6cjpgV5frPx5+MnieRhe+L9QRWDCI20jK+WGQvnZ35BbG4nIODlep8ns7VY0B2gbUwqnLALgckc5yePmPTIyMYrdhAKkiNUKjCjaVYsQACvGeTtOOBkhsAV+k4Hw54Ry32f1fJsDB2inJ0KbdpcvVrbTrbV67o+bxXGOe4qH7zMa9k7Wg5Qi9ukeW6Svr6b6kVxqfjHWHkOreIddvBg4WfUrh0POSTGZCucjPT0yADzjnRwrh3MwdmXLSM8hYHlmw2duOT+ZI5yOqiS4kLI0W0hMZ5Z8YJweo+rHJ6HJNSm0nLKBGxH3VYk5LY28D8z0wN1fTUskyvDqKpYOhTSs7QpRh/KlslbXVrTc8epmOKxEVKdetNtxvzTlLW6i7Wl/mm9dHtzrabaZKyMcAZJ2gc444VeDzge46HmnBLSBzF5SyFFxudSxX2Ykc4J2+o79q6SPRZhtLo7bgQvBJBJwS2M8/3cYPfmtCPwpcTDMdrLK3LH5CpOOVYkrzjnqeBjpjjZ4XDwklGEE1Z7K6Tau9d9E9bPfTscbp1ak1JttX1Teju42017N3+0+qskcPPO4ZQsUaQkgEEbQcLztUHcACM9TnGCAMUI0THeGB6gGQ5UD5cAE8ZP15x7Cu+j8EX7rmW3jiUHI86TJy3Qgc9geAM5GepwOt0X4N65rWwWdhqOqurDFvpdjPctkngKkUbEnJxwM9D6iqUaSjeTirtKysn01t72+i8rLRWbO2nRs01ZJLe6S0S0d1u1Za7W2vdPxiSSJHbzAm5dpABYkHGBjr+h53ZBXOKjWYySYMf71duwMSV9ApwcZORjrjj2x98+C/2Dvj34+e3Hh34S+L7xZmUiS70q402HDYAZprmJFAB684xkjrk/cXw+/4ItftJ+JZLWXXtN8N+B7NwheTVrhLqdV+UkqluW+YA7lDY5571cq9OmouMXK1rp3smrJJu9u/Rtdi5Tw0PdrV4R2suZc2jVm1u27aW6rc/ES3s765JiiikCnBcIshyNoCjcy8Z59fTjArei8KalI4k8l0iACsZGwvAGMDkk5Ujk/dJOQQNv9R3gD/gh54L01YJvH/xM1C+k2r59p4etYo7d2XBkTfKFbByBkY4PpX2d4G/4JifsmeBEjKeAZvFN1HtY3euXk7FmGDuNusjR7QwPGAOp24IFQsbUrTjCnBczsrJ33tLp19bq1iJ5llmFjzzlUmlfRx5U9Itu8rLd2vve19dT+NzRfhbrOuNGmn6Zql/NLhUt9Lsri8c4xkAQRsWJ9B/Q4+ovAf7Cf7Qnj+S3/4R34Q+J545Nqxz6taPpMO0nlma7RAR0IwSSCcdAK/sY0n4b/Bf4cW6RaH4G8F6GYYwIvsei2Ml4pUYQecYTKWz/F64JAIFSaj8QZoI2t9FtNkSrsjcoqIpwSdkaADGRhcAA5AycLX0WXcMZ1mtpUqFRQbVpybjBfDb3pO32U7JWetlrp+Z8UeOvBPDHPTxOMwcK9NP9wqjr17q2jp0no76e87Jta22/ng+HP8AwRr+M+sJbXfj3XPDHgSzZVaa1OLu+iTAO1JImeISAdy3y8d8E/YfhL/glL+y/wCB0iuPHvjLXvGt1FjzbNZktrJmHVEEBWXDEHAPUYGO4/Q/WdU8R6wS1xfXC+buAijJRdp46g8DkDnPfOATnln8PSuw85Wdsgkudz+jYOcDa2TkMchuOxH3mXeGiXs6mZY1JXi5U6bUrt8t05ycUmrdEvN9/wCYeMvpi4rkrYbhfK6056wjiasVThrazUINyfeMXJPVvW2nkPh34Kfsy/D2MReA/hBoZlgwkd5qdpHfudmcNuu1dgSQDnd1Bb0rv4tVv7WMw6TYaXoNsOkOmWcNsAmMAbYUA6Z/hIB7Gugj8OuWClDtIBHBDfNnIGSPQE8A889BWrD4byoBRQ3XJPzYHB27ec9uh56bSK/Scv4d4dyyEeXDU6stG51OVy2jqrKz3XRp+up/JnEvjR4p8WVputm+Kw1OcmlSw7nBRhK3Vycm/O6att287mS8vCGurq4uXPBRmIUg9RtHHUcHrjp1yYxpjcBYFBOOWUO3fnJOc4B6kAg9eTXq6+GwuMIWzg7iGznOeTkkLnquRkZ7sTTbrSYLSGW4m2xxQq0ryHKhUQEksDggcEA4wPumvfo43A4dqFClTp7JckdNorWy1t6bvqt/zLHZfxHmCeIzHHYuu3ZuVWrKV9m23KXbV6bnmY0ueRkGFUEZxGPl4BIyfYnk5GMnnggW00kqvEZbjJLEevXOWwowSPlVs7ieMV0WhaloeviWbR71L2OGeS3mkQEpHIuCysQDyDg8Z7cAdNlrNE3OA0gwMj+FTkc4yQADwBwPQBsmuuWPlZdraJ3T1afr5Wuu3Sy8KnkbqOnU51UTnHV+9ezV299mtvyPyo8eFbb9tLxzDJiLHwr8L8nCKwbUnABI2g5z1Bx3xjIP2vpk9ja2FuzXMMci2URDSSgMXYYX7xxt6EnADfMp5Jr4h+N12LP9tPxsphEvm/CjwuVVjtK41KQjBIwAMkk9Pc9K9dsYLjWhBGbm5laSKJ2RGZEjRSv7rccbj1yRyM4I5Nf89307KLxfjJm8pVVTgq9GU/5neELRVnZLr8Lel+jP+lj6G04YfwL4NwlnOVLLYrRb6u0VZaJ99LJrs2fiD/wUS1JZf2jfE+24ikaPT7ItJEwZdrKgMYYEAkKQNoyfvDgdPzpu1guI7g4KF2G3cp5XqSSSpUE9MEn3GCR9yft828MP7RfiWzjjmULYWYCuxyrJGNwZsndkDHXAHU9MfDd3cgxSTMY02kRHcMKVHByceg4xwQcmv6h8G4wp+HvC8ad3FZXhLStrrTjZpKzu9L6ve2p7nFk/+FrHc1o3qy/S73Wtum+9kYWYJ2KtEP3TCJZl6LnCk7emcDg4+mAeH3Ei27WtuFYiNWk3jhmIDEYXtxwCWySeCc4OdBexLNN5XluJHxHFkcyjnJzgbcn5Sc4yO2KuSXizRSTyBDJGqqI4+WBUkEKCc5wfunOQevykH9gjGUrfDZuLjdarayupKzVkm3566I+OqVLp2962yaV7px72u9FaT17vQ1tLnllkIfBAkJDADKr1+UEA7iowdpOOB3BqpqE80bOkLkqCXUKcMTv24buBjngLx681iWOs3EM0saoAXLFHbrGoXGMEEDGQODnOMgDmrlldxSQXC3DhpJpTscKS5IP8Jxxz1OADxyMNipNRabu1Hfy0V72XNZ697XTtZtGXt1ypKTbb7u+ijdaauMnbd2b7WZT167uoriywp8+aALvUlgqgjjr2HGSOThcg17No919m8BavcTqDLKkCu/3GYlBtAJyWwSCQCehwASAPKrxLCWa2hlJWVUwsxLfu8j7wUnjr8oHQnPI69N4i1u3tfC+neGrGQvLNIlxcTnYrOqA/L3ILAADOMLxyQRXJiaylT5U3d7rVpWUW72Vu3Z9XY0w9N886027RjovNRit9ezs09W2/I8/1CMbXYyD94gl2E7dzk8Dnk7Q2M9B064rqvA+nR6jrumWB2qbm4t4Gzn5BPMke4Ff4sMSoJ46DOBnjFVrtmkYkiJggBGeAQTg9Djvk45JOcEDsvDlwdN1uwu4xIslpdWk5KclZI5YyCSMAqSCSMc556EV8jnMqsMFiXCWsaU3CTTdpct1rfrZveyXS10duXL2uNpOXwupTve9mrxWqS6KOutley7v90/2avB/gf4d+KNV0W/UXerw6bpdxY38q7pjNcWpJhVAFCcseCNwKjIxkV+icl1cabdaPPcMFhn0eNoFMZAAAALHIGCCcHtk5IHFflF8B/GGu6544XVLfwTqF9fWo0e4N5IkpjvrZ4hES+4bWHzBlU/3ewGT+h/xt1LxRDqHhWwtYLmGObTfKmijXMsMmEd4/3eFXY+QCTkADHAyP8WvpBYCvmvGWJhi8THmxdCftl7WDcXQkv4jXwRja8YPW6b6H9wcIqhQy/L4Qpy5YxbhFrlTvFe8m90pabb/edvrXjGJbHVwLu2i8jS9R3PI5ClvscvXB5Kg5x1PtzXknwl+Itivw98OWnm3MtxMLoskSOUCvPJgo69WIwwCngY4IyRyF14E1q50TxLquoxXsdjFoOoTqZpyGP+iyvuKBhgZ56e4BBatD4G2Pl/C3wLJFAXlGlmdJRCuDunmU75JBycLxnk579T+JrIslwXCWMlGo8TKOcYCEnCooRUnhcVJNzSl1vfTVpbWR9E7TzaMHDR4aTk72d06autNN3t8NtXqzhf289VW9/ZvmHlvGk3iTRVjEi7SwMy8kHo3OPrjIGcV9e/Am5srP4S/DmJ7m3Eo8JachSSRUK4hBLYyCAeMng4/HPxT+37DfQ/s/WlxLCLeG48V6Om3OcZnG3aBgcnj6EnFfYXwi0Gxv/hp4DF3DiVPCGmcuxjLloVxtwQMk56HgA5yARX0GcQow8HeGuVSVKXFOctJWlKLWFwSXK3JJ2Sdnp+Z40KdKefYuEpNWw1C6VnK/O7eXRLV37bI9KgubWS/1EiWCRpGAyhVmYdOGO4Z7AHp3znB8L/agieT4IfERYx8g8K6iXG1ct+544AwM4yfbqcAYztV0VYPFdzBb6nqFmi3UA2xTPsYufmDAPyRjrnOSBx1OR+0bDb6N8EviJLNqdzMJPDN7CBcysAqtDlDgkDLMTgcnjp6+BwTlFPD8YcJ1qeJqSqVM2yyryulKKjH63Slq7u6urNJ79FZp9vEVP2OU4uSneDwtS91bTk1d0++jv13eh/JX4ltQmnM8gcYmvAMHA5kORggEgrnp1znLc17R8L0aHQ9KnX5gJ23DJUhduGJOOQAfTHHUsK8I8beJdHs4orW6uSri7mwiliTudim4Hhg4PJOcDPcLmHRfjdZaJb29pa6bK/2YNuCPuUq3yhsA4LbRjGPQV/0YZTjaVTIMJF1E5/U6MXJtaS9lBt3vdWfV6tJn+dmLqUoZpXk5JRVeWzvb95d6xVrpK+t72SbVmfuL+xd8KdL1u88ReLtNvbiK/sLyK2lS1iZpJBcP883mAMF8pWzsIzxjJ4Yfod+1v4V8Vw/s7fEbS7LxEutxQ+FIrqWK4CR3AtoYw7xR7gGDxkENk56rjoa/nh+CP7Yfjz4fw3//AAiV5NodhrKo0sUluSstwOFkZipIVRkfKQeuD0A9e8Vf8FDfjF4w07xB8P8AUryx1PSvEGl/2drF7FFGZktwpVxEVG5G2khgMcYGSMgfxDx/4U8S554if6zUMRQqYDD4jC1KdKTgrQoyjKSV7ybn1Wl913P6G4d49yPBcN4fLPaONdxlGS9mlrOMfeum5LXdtK2t7rQ9o/Y98ULNpt94X1ifWI/EVtpNiNCuFlEsFtbSzYlTyjk7grdB164yAa/XfwN8Nhf+BINTufE+tIlzpGrnYYUCTNA0xKbQAQrFcevOMnIz+V37D/jDwdJpvhp5dKiuNZPiS/tU1BoWdprSC2CwWskhBLBZAHMbE4O4gEAgfud4MMt58PdOtlEMSzWPiTCqi8K/nvhePUnGOmcE5yB+B+LmIeD4llhlRjRcpqTuo+9Kn7rt7unNu2m27rW7P2rhfHc/DtCrSqSlCVpKVtoy5dNYv4U7aevSx4V+zv4V8M+LNc1jw0dUn0+aAwSPNNE0iyyswj2qMHuQzEdOn1+4Jv2UtEeLUWn8UvCq2/mrNPprrbbgAylXZB82OBg44HJ+9XzJ+yh4et5PHutXMUTTPE1vKFUgEeTcBXJIJyNykAdB3OBiv1rfx9Deaj4l8Gajo5iH/CJXhsLuQQeSSLdufeT+6QMgDB68fn+EwuXYvHY6eYVKdKyisPKSqqMqjpX5LwmuW89Oa7s7a3sedxnn+b5XisPSymU5QdKnVrxh7NcsJOmpTSmmp2u3aKfWy1R+MOg/B/wT4D/al8RjxJrtzqnhs+Af7VubyztwZhNG2AqnacxoRzgZJBLNwTXtmqXPwsvvBOjapod5Mu/xACb29VVeaJJ9sWGZdobaflAHGSSo5Fdpovh6LWP2hb7w5Nb2qm/+Dd1GLm7jVkzNdlVJP8TANkHrj6Cvg7xpB4i8FeAp9MvLk3MOj/Eq50+JUhkMAhN8REY2C44A3Bckg5IB5zqqUsVUy2cfY+0nOnh4SblKfLTta7bk7KNuVuyad9T2comsfKv7fF4mE4YbB1nBSUaM3Wpz5nKmov33KCd1K2mqstfwk/4KN3cFx+1h4ymt3DwxwWJibGN7+UFABxyRnPoADkY5r8+viRGjXujGVmw1llwOp4BYEgtz1GO5JAIHNfXf7cl+t/8AtFeL597u7NpinPJU+WrMNvOBg454BOMACvkT4iRvdanocUQLS/ZxhCDjoOCAcHcBjJ4x3wDX+znhbQlQ4C4djNpulk+C59b2l7CCuu/Zu9tL6I/g7j2op8X5zCN2nj6sYtq/N76jeyS7LZrR3WiR+5P/AAT7uoPhr+wr+058V4bie21C/wDDk+j6Oyx5Z5JIvsTwxliSA3mDIB5ODivhf4W/Grxlp2neDPDutaVfeFbS11qcW+qTaekUGsTTzOVmkfy13BGcHzFJOQRnIyftu91Gb4R/8EvfCdpDaRrqfjfxfALm2bbHHcWRcXBMqsFZlyi9cnqVIzmuF+B3xK/Z48V6Zpkvxv8AE3hewbwzqNtd6FpDCUF4hJF9st28sAFlbkbhjAZUJBFfk+c1FPJuN8wlgsRj6eNzHE0YQoU51qzWGoxoRtSg+Zx5uba9tep+h5NH2OZcO0XiqWElhMLQrN1pKEJN8kmm5Wd3dKLXydkkdT4svfHWreHYGe4imt7++iCX5WMC5tvOQgIhGVj3Aff68kH0+xfAXgeK4GlRf2HaXWq/Z9PM9xJEpDFk5YsVKhDj5vm7Y4616p8XfHP7Huq/Cm+1HwRqXhy8uZ4dNfw+La7it2spoGhWQfZnkDtDnLOSuD0ySOfafgV8QvhzpEeh2d7feGNajubO1v7mW2niaWINDloi5JO2LA3Duc9eSf8APnjL/WDDZVCjRyXG4WdTF1o0ksPXik5uEoza9lo4rRv+Z2v0P6rynNMur06mLjXhiJwpqDh7WFRv2T+KLTdk3r2ta9z3T4SfBLxv4gg8F6x4Ys7jUdU0DWbuG007SHa0sorcqzXHmzrhSwOS+OcAn1r0/X/hT8X9Bl8R+NNc1HV9FSZLzSdLsbSRri0NxLFLHifnzFCsTl2BBK5yeRW18CP28/gB8KPGVp4Vs/EkN9/bWqXsctpDGgt9HlupY1LrI2FZARmRjwo3Djk1+rvjjxD8N/iz4PttK0XxT4aQX0K3jz6dc2M7oJIWkSRtjFFk5AYv0Y8nHA9fhjwawnFHClfMZZtiMJxNg1UxE8uxmHjSp4tycGvZ1a7jz6XtKOsLLRI/JOI/ETPMm4mpUqmS0K2SYypTgsZTvUqQgnaV3TvFOKaajLrd2elv5SPgj4N1zSPiDq0+pzx6iBf+KTr2xW88yu6sm9EBcZ3cAHJOcAjIr0r4grb6P8S/hFFYbblfO1GSSCOzm/0N7wERx3S7NwLYJUv91uo9fSfBPjX4d/ssfFH4g+M/i1q8S+GtN8Z+MbKNGSC7u9YMiRGzeC1+bzEIUrHJjaTglgAcfEvxo/4Ky6Tq2t61ZfB/4WaPBYLqBnstZ1PTor3xDepC7GPyIooXa3Vj91YwvXpnGM8q8MuIOKszr5jhMPVk8PhHlTjUpulS5pYZUJz9pyxhNQcre65axttdn32Y8e4XLZ0MPO86MqNGs5e1j7ROSi3TUF7zaSvqlbvZn33e+IdGfVtE0OG2tjdS/vJZTBKFkkV2Mnm7l2qydDg4A5yTkt8T6HOf+HhOtWsjRuI/hFeTAxJlSGVwAvoGztHToOpGa/P3xX+3d+1L4i8QWPxF1PwFqumeGdFkEUmn2fhK9hF9agnIRobUSM8uCGfGSPm55NfOqftyftAXv7R178VfDHwz1aK91vw7D4Ws9FXw/qDy2unsSrF2Nv5qZLbyXAY5yTxXv8NfRh4wyytm9SdXC1YY7h/F4KnD221WrOhyRblFatRe2i1v0PEzHxXySvTwkVTrxdLG0pSk6LlenFWlbqkm1a7s9GrWZ+3974V1LxJeapLp0L2ttbW119raT5R5Ku5G0tzlyCccrgnOD0z/AI5eLrK1/ZQ1DRGF09zLYRaJptpGfMuJJLi4aGSaOJQWVCvLEDBAJJC1i/AK/wDjx8TtF1Cf4l6VafDHSL2xWMapqEc7ahcQOhlkMVhEqzLIysUUyLwWAPU19ReEfDPhLQxbWnhLwBqvxM1qz/dwa54whdNGjkBBWS2sWUxuolyUEsZPIPJxX23Bn0XOM85x+VLHRweEw+WY6liPbVZKSToyhKLik+aS0Tv0aaTvqebn3ipkOHwkp81XEVHCShShG803y2jLmajHa2r0votrfLvwY+G3ii6ufhPcQ+H719G8KeFUN9c3MLafpgmkiEgWWWdUjeQKRubOGznnlT9G+PfiB4R0PSzpUuto7ra3lvJonhuNbi4Ml4rRy28l5h4WWRWIdlJKgnaQRXuth8B/j18WHaPWp57TTZ5Pl0jRvL03SLWPCgRPHAIVkREwg+9x0Axz718Of+Ce/hpJS3ivUrUXhPmQ6VYKktxN5bbz5skhyp4G9gSACSSATX9S8M/Rf8PMgxcMy4pxNTiXMKdaWIp4dycMJTqup7S/JGTlO0pXtKaWnvLWx+R5v4x5/jabw2UU6eV0JU1TlV1nWlG0U23Jct7Nv3Y73s9Lv8NPBHgtfDd9dn4WfDHTPCUWq3099Lqhs4bzxDc3F07GWU308b3EZmdiSkb7ATwMECvpLwx+zh8SfiJrdhaeJbm5sZtQkhW1+2mWQhZGA81k3FF4wx/hGQTggiv2g8UeGv2aP2do7bWPFc/h+wS3UQRwRSW+oalLcIoBRrJC8iHcMklAN3TIxXyJ42/bpsW12Gx+DPgPS7e3dZI5PE3i23jia2hcuou7C2VFbbsO6JZMDhR25/pfD57DDYenhsny2nQhRUacZ1PgjGMYxildJKKUUkm3otLWZ+USwlTEVJ18RiJVnUk6kmrxUnKUeZu8m3dvormr4H/Y/wDh98DdQ0/xb4vGl60dPnt11CXXL60trUO20hre1kZN6AkNjaTyAcA8e367+2f8B/CVvqVj4GvpNV8Q20slna+H7DTGOmC7SNtieZBH5bxF1ADoxAXB71+Vfxe1y78UXmo+LfiF46vvGIcxXRt01BtJ0S0PDqkdskqKyIcLxGScEHIr4x+Kn7Zfgbw5pi6P4XvNIsdYij+z28uiWayzwPjyvMuLkoWdgeTJuJOCASCM8E8BmGb1J1cbiJNJ86c58tOnZJe7dpxurK0Vr2ukd0ZQw0KUacE0mrxScU23FX5rX0T31ur2Z+q3xR/af+Lni7w7qVv8SvEehfDnw1K6XKWmnoLe+ksjhhHJd5Vo8xc7A24NjjNfmT8U/wBuf4b+E7ttN+DPhJ/FPiG3tzZXnijXZTdxC4GRJNEbgugGclC3Kghgwzgflz8W/jX4p1mIX19rvi3xtGzvc3aNJcDTrdgpaOGTJ8tYo1CjDYPUKemfnXwzbfFr4zR6rd6TFp/grwtZyBLvUrudLSLdgIzK5IeVtu4gpkd+RSmssyrDSnVrQfsrSqVZNcuiVoxjfmqNrZ2beiSuUlicTWhSpUpynW0VOCTTSSbu20rJXbbdlZ6bW+nPjf8AtX+LfFdyb/4l+OZLi3hiJj8O6HcCKOKPgLbhbcgYQ4DZBOcnPevhTWvidrviCC4j8FeHLuISCaebUXs5bhxbAkmV5QpJ4APXI5UA9/f4Phn+zv4EuLVvG/iu8+JHiieLe2k6L5lxFJc4LJAXQsCN+d68EkYxwwp+p2PxV8cWV1ovhbw1ovwm8DWsDy/2lrqW+kXMlgBjhp1iuLgtEOkW8uWyOxrw/wDWyriZRWEwtWOGU1F4zFR+rU9HDSjSklXrtR1gowu2tX0fTisip0IKeKxsPa8r5cJhbV6qlZP97UT9lT6dW09dz85td8Xa54lDWt9qV8q21wqMsavFvdGwThdpZieAAO5BAA4+j/hT+zV8W/jL5M2jaHPYaPHHDG2tahHJDBHE2AZ2mlA3Mw5JUn24r07wha/s/fC65TU9UVviv4mijYTW6I0Ohw3W8bdisQ8xDnLOcgdORwdjxJ+1X8U/FGn614Z0G6tvBnh2yIMWm6KiWrR2oUiO3kliCsr7dvUjkkfLznTFYzPMd+6yjBezhOEebMMapU4QbS1pULqrUs3dc6ir27M+dpUsBhearjcRKtK6awmHTk3GLTj7SqvcTautLu97bH0Hon7N37LX7O8dlrvxf8Ww+PPFVtCkw8O6ZMs0AuAoYROEJIw42t5mRjjHrk6z+1jrXiG0vdF+EfhjT/h/4Ps5BD5llbR/2hcwqdpBcL98rnGG6ncSTtNfnz4gv9WvrO2vrq7lnu3luDdXE8sk8jZGdplkY5JJ+8vA6dTX0V8OfClzo3wv0zxVezxwnUJropC0v7xgzAQuEzl1fOQzBgAcDOM14Nfhejhaf13PcTiM4xU6i5Y4hv6rSlJRa9nhYv2S5Um05KT7vqdtPOamLqvD5bhoYCjGClL2UYurJRjBLmq6tOzu7NamP451G58QaV4svdX1PUr2ez015hHdzyuylV3OysS2CzZwBgcgEDGB8NN4uXXbjQbeKCWxWyvbeAySs7PMPNIAQnPyZHOM4OMc8n7b+IfgzxLaQahc3jS2+jeILSB5r2aJ7ODZcLu8u380K0oUE7mT5WO04NfN66V4V8GanB9ntP8AhJ76GeKWylmCLFB5bBnJjXG/JJyWBC8jqM19pk9XD0sAvYQjFc7XJCCWita1laFmndJrpbdnj5jhsROsnUumo3nOfNd3lGzTTbu9/dbTXbc+ztE0qyGmRaxJNZWUEEAWa+vGRJUcQoVMQc7jvA+XAPbAA6+MeLf2kLbQNY0iPwnaNfTaHK0k+rXyia2a9SQYBjkVldSFyqEknA284A8O8SeONf8AGuu/2Rb3d6guCiDSrC3do2lBVY7eGKNcvg4BJGOh+6a+xPgL/wAE8Pi78VZLbW/HEyeC/BTzR3SJdQr/AGvqMYK8w25H7piAOJQOpPGBXoQwuIzF+znFzou8fZxiuR6xT5tVfR9dui2Oari/ZcqoQSmmk6i1k2uVaPdaJP18tXheOdWtfi34Z0zxDf6lqvifx7q99Dc6do+jWwjsrGNwqPYXVjbIJPlKbkZlxtYEjjn279n/AP4J/wDxi8f3P9peIdOi8F6XeOkj6rrUCpdfZmwStrattdAIy2C6nPAOe/6k/Cn9nn4W/AKzjGj+G4bvU4ETbqN3DFfandPGoDMFYSLA7NgDaAo6ivqHwv4d+MXxhuza6BpcujaGrRwyXl5G9vIIeFUglVbYAGIEW4Hsfl49ynl+FyzDwg/ZUo04+7eyUerjZ7W6W9TP2tbGVFOfPOpJq/Mnrokm0m7WTvaTvp1Pnv4ZfsnfsufAGKO/v4P+E98ZRQqZrrVAt1bQXAG7ZbWgDxvIX4jVlbGRuGK+svBHhD4r/F+QaX8P/DJ8P6DGyIlzeW4to1tshQ0EAVIAqoRtEa5yACAeK+yfg/8AsT+END8rUvF7Ta7rMu2Rbm48ya1ilbBdwrcOc93U4C9+q/dfhXwvB4FiSO106OfSsCNJII44RBGBnhUUZ2g/NuGNo+8Sc14GM4ioYZuGFpqV9PaTTtFJrmcY9dk7tW1vrfT06GV+1adZ7JNQj5ON4vTR212ta/fX5X+DP7DXh7Q54NZ+IdzP4q1ZQkiwzOfsMDgliViLY2knG0DbgY+7kV+gmhz+BPAlmmmK2laOluiJHAPJtmLYwNqoQTuwBksWyOnHHzH8Z/2qPhB8EbNZvFXiOKHVJwGs9Fs3N7qN47MAqLbW5Zw7NwqsvBPORxXxXqviD9ob9r+8lbwL4Nl+GHw7fb/xXPiLzrfWrxJPkY2VltWUKUDMsxGAME/d5+VxOOxGLbnXqSaTTUpNKmr8vwJaba2Scr+p7mGy6nTjzKCpwSTbSUpPZPVpWSatvdW87H3z8Y/21/hL8Jd9nd62dY1oRubLQdCiN5qFzKqjbD5duJXUscD15JOOc/KnhvxB+03+2c1zJLqY+CPwo3PI8VqzxeLNVsFkKspTKy2ryISdxRc7snB4PoXws+Dn7O37OLHUPFkEfiHx20EYvPFfjDOpTXtyQJJmtIrvfHCNxO0xgELhSc8j50+Pf7afwx8Dalfan8PLuWLxLK7wyWmluF0+WCEEhfITCrllxgKOPyrKjhq2Jbp4WhUqVJ6c04vlilZ35dElq/ek2+6urmkqlDDSbnNQhFJqTabm3yvVKzdlqrW30vdX/QD4f/BD4A/s8eE768tnstX129jMmteIvGFzBc6vLGFMkkyXt5mSE7ckeSynI4+avmf4/wD/AAUC+EHg3RZNF8DePZdTuL+0k05bbSibgaPcqGjEiPllLA9AjKWUHA5BH4k/G/8Aa8+JHxmtJYfE/iA6JoIDAWtnKbeaWIltqSFCrsxTGVbOc8kdK+J7vxToUUDR2UstxKJS0MSoXkMu7cZZnYMxJOSTkEHp1yfeyvguU71M0rqzu1ThK7STi5KU3ZWve8UraaPe/jZhxFTptLA05VJqyc5JKLkrX5Euzaersm9LW1/T34nft4fE/X/Dk3h688T/AGPR2RrIz3DpHeXVqcv5z/dYMwO455wvOMAH4A8Sftk6naW7eFfAttfeI9f3uLi/CtMisWIUmX5tkat1ZSBwc7QTj5v1aC88Vpdat4s8Rrp+iQ3DWUVpaN5s5nOdsc0qsViDA4IbYQMjIxz5LqXxO0LwGNR03w39hs47aMrPqGFknkJzk+exYuxGCQGIz2HSvabyXKqapYWnTrSclzxXLo/ds27Xeu7V9LrfU8+NPOczkqtao8Nh7pubbjHldm7bO7ul0SSld6XPT/FXjLxJrc15qPxN8S3t5Kd8sPhu1unEKSt8wSVVIDYJIJx65Oenzf418cytZLAt2NKsIFJi0yzb/SJAcbTIEJOSMZb7wY8nbxXnT+OfGPxL8Rp4f+Huh6p4m1/U5PIiSwtpby5lkcAB0hhVjGhzuLttUctjvXqUHwL0H4ZSWmpftLeKF0nULyVGk8F6ddCfXdgO8xag6sVtAf8AV7MKyljnG0AeNjuKKVFOnUqv2s4v2OCw8eetNLl5OSlDmlFNte87RXWXVevgsl54c2FpqcI3VbG4h+zpQvy/8vJvW2llH3nqrao8b0Sz8f8AxA1WHRfBOhalcQNG8+pS2kEsotrFQftF3eXYRo4lCZOGYZ5HyjFaN14NufDFmuv2Onz/AGBL2fSb3UZZAz3N/C4EoiCk/KjEquMk4yTgEV91eFP2qNK0211XwX8DvhvpXg/wjZeH7y31zXrqGKa+vLOSIxrJNeyI7u8rEEpuKkk4A4rwTxJey65pHgzwouJrSP7dreoraRELJcXshlUysF5kBPzAA4/3iRXxWB4mzqebwnicNHAYWFam6dKdWMq7p2blOs4y5INtR5IJtpNtybZ7+NyPKo5ZJ0cS8diJ05c1WEHGlGqnSio0r/Ek3JOVk3y2Wx0fw4uJYRo2oxjYkV5C0bbcNkMMq+ADgncSTyMgleQT9N/EHwraeLIPEWjzSeTb69pmk+Ire4UBkgvrDaJZ0AAwCrEuRhiAAT0z8z+HLC+0DSre11PSNT0t55Ptdl/aNtLatc2isAtzbiVFMkLg7kkTKsBkHpX1dpmrQXU3hncqmP8AswWtw033WileNXRhjkNk4BJBwexGP6swOKo4/h9YmlKFZTwntYOLjNS5YJyUZWaeqVvP5I/nzH4eph8zdOTlFutGm07qUXzQjZbWtdNpvb0Ps/4L+BfD/hTTtAsfgR4V0j4h+PNU8NQtqfjDV7KWTTvD960Srd7Jpl+zpPCxyZGIAI+XHy59J8d/sffB3wt4J1H4l/HPxwE8f6k/2yOz0a3E9le3SKzw2gkdXDxrIChCHY2ST0GfsPX/AI/fBT9mP9mTw9aWOi+EbaW98OWN3c2tlJB/b+pXlxEWuUZoz5yJK+0srHG3jAOBX40/tAftdXPxy8O+EdL8S6hZeGtGvtSSDSdK0lImu7SyEu1Lm9mQAh5FdQm4g7twZtpBP+LPEHiX43eNniNmLpTzLhngjh/PsTl1OvSo1KdfG0MtxksPOlSk4xjGM4wu+SKSUm3OTvb+xsg4W4W4RybDcmGw+JzLF4elWqTxLVadWdenCcZOcpOUUpSahBtaJPks7nrH7NPjL4z+IPA/7QPhr4M65daTpdl4dutc8TxieGzXT9CsmKs9jGpXZcywD5CP3ik5DZ4r85vj1rng+3gttc8PW9yNXayhg1XVvEFw19qWoX+SJ5IFcu6hpN+ZCOcEghTur9q/2RPhZ4Zj+Hf7UVv4YvZtPl/4Ums9xqshcPfedE7bXIPInUHe2cYAG7jFfzufE/RJW8V39vqV9PNbWOVgZA5jkCnCFFB2tuIYDA654Gef7C8P8pytV6+KpuM8ViaWEr1JJRjVdqUYfvpWU5Sk6d227N9WfEcU43G06SpSgqVGFWVPSySuo1PdukopLTbW1r2aRxPw+vtM1jxVFpd5OlktzI73d9MQ8srM2dgySqlvugBguec5Ga+4NP8ABugeH4T5gtxaSBJUaM77ucPjBVFLNuOCfugAnoQRXxR4K+F3izX/ABJA3hrSpIbFXjeXUbrCKAWG5l3YLMBkqoycDtmv1K8KaD4W8BaFd2l7ZXniTxbf2cZN7eQSSxWT7B8lsGBQIGBxgZwARwcV/RmTSyvLMLWxeK9hd8saUpSjKXO7Oyi3eye9rau76X/Jcf8AXcbUhhqDqqMWpTUINRULpO8pLla32vJ3bSbszye20PRNWAh8iOwso50QRzxKbiZRliGRgSqtk5yM9BxmvH/ihb6Bod9YLp4fTdNa4K372SgFmDZd0GNoZlB5YY5xg4Ndjfr4js59T1X7Hfp5l2ygTQOEKkcGIYwoAPBADe3avA/inr2oaX4bguJbK6vLmW+ka4hkgZo7aNwQJSQoJ45A5wSRk8Gs8wzCniMPiJxlDnq00qPI1GyukttdU72TdrXb7+lhaFOh7CDvFUpqU5NPVRcbXe9m3rZ/K1k/0L+Fv/BTj4zfDDwBqnw8+Dc9n4V0eTw3e+HNQ1qcxzNLBJFJG8kUTcQ3k0bYLoA4bHJBU1+Nup23inxj4uv9Wn02+1m7uLzUNU1K5sI5Z5p5JZ3uJ7y58tSVjZixeRhjI5O3kedr4xuo3u9Fis7+1bU7mS4lkQy7QCSxdUxwD1YL2POMYr+oz/ggF4D+Dd94W+KXin4uHwrqP9rSTeH7SPX7W1ub6ysorczOIYrtCzpdsWhkaEFuSc5zn8B4lzHB+FeRZhxLhcsjicRiMbQhOEZyUqtXGYiMZylWcajhFSlOpK0UnJX3Z9rh6lLiDEQoVVU5aFLmn7CnGVWapKMYwjTShzOEba6tK7uz8D5/HWiT+CL+M6BLpl2lt/Y8btCot5WwUaaQFcvIOWXBBDcDtX0X+yT+wB45+P8ApepeKNI0G/1zQNCsRqGoz2Zx9lt3kwYpmPWSRTkJGxKqQWz1r2P41/s2v4n/AGk/iP4a8G+ENQPw0vvHF+nhy80bTrqa3BlvHcwW6JEViQhykYyqrnngKK/r6/YO+HPgn9hz9ljUovEHhZVOt6Guu32kT6e1xrDRJYZdbuRkdDu4kCAgJghgpGK9Srxa8zwWVYjD1KuHea4R4qdSnTliHhoOlCq4TjHm5Zuco0knFvR2jdn6nkuV8NcIZXic9zrAYTPccsVhcDlOS4uusJDE1MRWprEYqracWqeHoKUoxvGDqON3bf8Azgv2m/hW/wAH/i94o8KXFh9kktLtntoEk80w27BiiSEE5mAI80MQVbIOGAFfM0iTNIAI38wkmMEFiFORlQOvAY5OMDPI4Ffr/wD8FPrfwx42+OOufEjwLBZwaT4n1fVr7UII5jM+mzSXcjQ21ymD5B8o5EYC4CngMQR+YdvZxRZuJ1R3VwFePJBGcbeR0IBBOMdR0JB+6yfFVamVYOviISVedCm6kJxcZOfKlN2cU021zJOOl7N30Pyrj3D4DC8VZxTyn2Ucu+sqthY0ZqpTp0asYVPZKcZOM3SbcFJdYWbPMX0a9maR2icMzYVzn5j1wD3JweOvUnANa8PgrU3tpZ5lNtGq/K02AJM4P3gOmOQAS3r0r0hxboYhEiorOsqeahYtjJzyu3jaMd2PGOuKevalLd6a1hu8hmkLsVLBdiAKBzwvHQ8djtxXofWK9RxhCHLdr3nvbRN3fbV936NHwlSai5PmUlbpK1+9m1e931tezSuiv4Xkm0vS9QsIroCzuQiXRQLv7bypAJ7EqQR6Eng1jzanp2k22paVLphvUuy01tfOVE8DqrAKjdQMsGbBwc5wcYqlpUj20Ny7EyRBhwGXDBj8rYBwAM5OBycZHU1Xuvs9xb3ckhZkJChQNxCnrtOMgg4zyQeK6VGfuxlKTgmnbmcbW5b6Wjo7Nys3qrddcVieRxlpdJpReq5Xbm1a6+V3He2ll5oJEBmLqSWdiCO2ScYJzjAG0dGJ75ODowyTIsYhkdA38bMRuABUgEfh16dBx0HtWd5liVUiWQYZhhtoH3d3GWJOR/CFZsdA1a9tYS3cREW1RbgAr8rAlQDgEZIDHg4Oceh4N1LOKTe9ktG09Y6qzW3dvu/MiMoylzdErrp72l2n9pNLaTu9HbQEa9dYmjnaJj8uF3IjDJDfKCCNwOOeT0AAyDj3t9co8luHJKDBYAqw5GdxPJB4PGc49CSOxbS5JY4JURljiAXCMQ7Y78kZBIwoAPJ6ZGa63RPCGiyBNS1uRwXaMwaYytmVWyCC46njcMlgPlGe55k40nzOF0rr4Um3ovdvq15vlVutnrTkpKya3jdX0cW1r05W7rW115atcDZ30620VpDOwNzF+8dx8iED5RkrwrEHoQPXjptWNzr0VrGxk22lu42bmVUnwxDlQWHAwQcdcEj1FjxFoD2t3LNp8Dw2MvmMm/BIGQFDA8qpHC8DIXjHNJYWF42mMouFijtod/ly4xJIwIwAcfKBkjHykkjJHNKpSp1IRlonKzaaV43aT+5rS+i011V2uWclFKXuxS0lZX0V9LO71101d2tmd9pnitYYVhV1eRJkcuj/ACREjklQTnaecEZPJGeh19Xk0DxHbebfPFPMH3TSQttnljb5UA5YnJONo5GGAxnNeAxC/s551S3dzLINz7D5bRj72TgAKu4HIK5HUEE57Gyb7KsE9vCtxewyLcSQRh3CqBlSdoKgZ7kHqetc6yqKkqtPSSs24t3snHto2m3ZJWV93oVGaclFyi3de623slbazb9O+9t/XYPhy93oehXH2e4i065vhHbwsv8Ax8KHHLO6gLuJAJYjAzluK/oa/Zi+Dn7B3hz9kXxb4n8faNpXiP4r6CtnLJoGrzy/8TS4kyRZaSIGCRwxqQzzJghww3A4A/B7VvGJk8DeFpPLaEyedHNDDKFWNyCrGKMYIYjGTgAHpggGsbRvGurPeulprWoW1paxwxSWtxeSiEKfvfIX2s5OCARk7hhq9OmpUqScqk01e/La7Sa095J2dtLJa3b2McXWUaipwUWpqLs7p6tWtfVJNtu3mnY+oP2r9M+BvhHUdM8S/CPw1qnhf/hILRZLrwxdXwv7aylZiZXtpxmTYzEiOOZgVTCr6D4svvGNg8whWNFMzI0sEqKDIwC5VmYYAGOOep4xnFJ8Q/GclzJDNb3s961qHRBNKZywX5mYqCTkcqAVGUAAPAz41darHe7bmaFGmLebIF3qyEHLAFgMDjJGCB065r5nG4WOLxc68abSbVorS8vcd9Hbs7pW00sVDFVI0/ZSndreKXMnflb13krPonot3Zt+/jxBb3FvaxWdpFbRSPiePYFWQqQCFYfwdyxPAJJ5U15f431R7jVIprCdbd4GEOIiwSEqN25VTAck5GeCOQM85wI/GSzRRpEjpblkijhLYywGPlbPygkgnnBAyeK3bWfS4Qt3c7boz5aWFwpWMRkll3fwkEHLMQpHGB346WDlhZynOMpq6UYpqSatFN6u199e2mhSqqailZ25b3Vkk1HW11ZLey6a6Wsa/hjX7i3lg8y6Mk0oMcs37xogGYgtnJBYZzxuHbHFenWGpSRvKkKIy/O0V04wGYq2cgcnPDcDAHrgY4Sy1/QZ9NvLC0toFnnjK2ZjjULbHBHzORglm5XHPykjPJOJFqc+mW8UEt3M/wA+2SNg+GUnJCk/MFbsRkEgYznjCvgliueao+yd0uXSLldxbat5pPTe66PXSUrRVvevvKO13KK69Or1u976XPUpNSE8M1nqBWRUJmDIrbdzchS2ckgHgknk8gcYwoIBeyTWum3LoCnzknMiupJw7ZICg91OPl5YYBp1lrmmvbRRXSJsZ1MCgOJWyTlccbhkE89iDgY56TTNDha6S/tZTbwSlglsVcMGGWxLjJ2npzgk+5481ReGcouNSKVkk1zRs7K/ldPS9tOhlbm2alouZPdLRPbrro3vpo9DtPg1oXijXvHPhrQNJjE+oza/p9rp7SMu6S7edY4jHJ0HluyucnHyEYyBX0z8X/BXxEtfiH4u0X4g6lfXuqWFxHa391LIzRMbRdsVqiN0SKMbBj5NoDIOzYH7Nel+OE+J2keIPAenWmo+JfCs0XiGy06dI2tfN09TcGa4DDYVxExMY5OehJJrrfit8bde+JfjfxN4n8W2ENtruv6vM+vTWoMVrHcxMsZSGDC+X5QTGFVQf4uMGvuskivqSlH/AJezVrOyulHdNre66NaK7TIw6j9Zk5+9GEGmnq4ybjypaqSi4rW+mnd2PAbjRreTXNtrAQ0VtGillO0EDBJB545yeDjqDnjo5NGaxt44zKkruY2aOJx3OfmbOQew3ZyARjnBpXV7PNq802m+cLWRVhFwVXkYAPT8c7Tg849a7HSbGKHY8kpmMj+Y7yDcp6EhcElQfY9h1INfQ06U3Fu/uqLUrOyvolprdaK93bzRvKpzzsly2etkrNNJq/Zd7t6tu6sixY3DWUUYigCPI4BLhnKruAxkcEnnHzccHJya9R0jXLTShDe3T/PBFuWMYALk5V8PwCH59CD6kA41rFbTbRHHARu2EOuMkZGckAgAMAxx2UfNXtfwJ+Kv7IHgbUdStPjv8GfGvxV8Qw3+2NdO1qLT9CTTzIC8RUTpM8yg8ArtJI4xk1hjsbHAUvaSozq81klCMbpWtzJX95d9dE93ZW9fC0HNr9/GLi4uKm4xUmrXcbtJyk11aWmr2t+537M/7cd18RP2Jv2gfDfxAtbZtb+Dnw5sY/Auq2NhBJp0MM0bJYi6l2FFukbDGVctuAO7+9/Lfp/7TPxg8O/G+1+KWpzWmr+KvCerR6jo/iDV/LuEhubeSSSFI/N3L5SqY1jTnYAcAE8/0L2n7Z3/AATqXwR418P+FvgF4s8AeGvEPhiPRZNKtNW+0wXd/IqpHJqsSTO1xHbsxkVdrbT07ivzi+Pn7Nn7DGn+DrXw34P+K8h8bePZNG8RafqepJdFtAj1SQnUdDkt0YqVtQyJC7AMFz05I/PKVbC4mti41sNiPZ17NKrCVo01yupG/S7vJRbu9orQ9+rTr0qVOphqqp1PbJzhGceWq+WNpNRlKNnKD0k9E+tnbEvf+C+/7dFjBqK6f4rhtJ9RRrWZtMtbaS2ijOEVowyFYn24xsKnIPTGK+ZPAX7WfxY+OXx2vfGGveHNa+J3jHWdPuIZXj1O5Eq310hRHK+bsEisxKRDKDbkABWK1Pjd+xD8O/Afw3lbwF8YD4i8TR6tDbR6Nd6fNa3OoQSxiWe7tGAUyWkWdsedzPkjgKNvsH/BKbSfhH4D+Ifjv4g/GzxLpHh3w94Ps00uNdRe6t21C+uwY5Lm2kUoRc2hBdf4hvyvNc+JweUPCVa1ChKVWCcacainL3m1ZRjUUmle7btbS2iOjLoZrSxtKm5RhTnLnnKjTpRTived5KlaUrR+1ovJ2v8AbH7Hv7E37TWt+BPi18VPE2laxoWv+Gtcj1Lwel1dWN/bW11OZpBFM85aSUqgVSoJBICA5Br5f8AfEH9sTwT8Zb3xzNC7sqa/o96+qaQtjbFy8sE91FbzRqjRqp3RzooGBuB53V/R98Pv2vP2KvDPw51eHS/ij9o0eWGPT5tKiXULmCc7mf8AteSVSzSTKGby2JJBU/NjNfEH7Z/7W37A3jfwt4A8MeD4db17XPCavPe6xprvpMdzpl1KG1RL2T9295OEJ8tXLEkjpnNfOQdKeHr+yoXq16ValPDTptR51C0FC9OKUZ3bbb0TerPscuwOM/tvLY1alenhaGNwlSGLi4xlChzQnOpVlJ8s7SvyqK1sraKxtf8ABM79m3xPBq/jD4s/tPNNB8ObIa34x+G+ojVrXRrS58TPA93ea5BM8kLNBZAIkDEhXkBVckV/Nf8A8FAvienx3/al+I/jq91ma71O58SXFvp0t1dC5jXSdKlaztCJldxKZo4BJvZiSH4IIr9Nv+Ci/wDwVY8G/FP4N+CP2dfgP4W1jwF4J8C2dlZ3WsS3ht9Z1+1WCMGxAtmXbZiXdJIcgzBiWBGK/nV1q/k1++udTM7iZmZRGDjcRnktJ8zELg7iMk9c55+oyfLKWGy/CUsNBUlLD06uJjFOnGWJqQg6lo2StTacYvV2blrzJHg+I/EWKzjPs0rYmrCvF4qVHBR51OWHy+hJxoU5TjJxlVqK1Sdk3HSL2Z6hrXxV8XwaDqPhmz1kab4dvYYU1OwtdscWom3PySvswWIIx83YZGOa8g8PavpxeS3umjEs9xmC4OXMSg5BLYzn5d3P3iB8uc4xrp7m9ljtUWTYy7XZgXG5SA2GI46ANt6LnOMDOn4L8DeJNT1i3uobSGfRtOvY5b4syoGiVlJQZOWDjI+XOQQcYBz608NSw9CrOTUWlKcrJX0UW1Z/adkj8rqyq1pptOUlo3ZtpLlla3dp3utmndXPbdCtfHGtzSWtjZzTxT7YoLm5h8oPbjgtBKQoAIO47SCRn+Lge76B8PdQjVdKm1hbC3vIv3qlhLM0+3BREJIB3cBs57ZFdba+MtGfRLbT4bJreOw8pGljVEaFkQKIleMbmjJG1m3HOD7Y4zxJrz3iGfRJmtpoCVgi3/6SZicuwLEnaVztLHIPIzjj8yxGY4rEVp04UI0KXO1Co4Slde7Zym7JXvpulZ6ITUY2bbe1nZ7O1kndPW7vuno3dpHcal8A9M1HQ7KVPEVql/bSmKXTZtjXFyWXGZgp38k/KRg55PevLtU+FaeDLGe/1Ke2eMSMbW2iLM6kEqRJtPzuM8cdO3FZ/hbxzquj60l5f34muAWfyLpmckJ8rq6nPz/L8pxycjocV7rq+vaV4x8MahbyWUQ1CRFu5JnfbtUf8s492ArkY5GBzyxyaxWJx+FnTp1KnPRlJNytZpXjHlUtUk9/Tq3cFKm2r67JReklqk1daJOyat8r9PkC9WBblC9ncrbEM6LkjzXOT8q8E54wFHCjPHYt9Pne7trp7Sf7MMOsDPuMjEZUFF5Ibdg8/LgDjmvSdU1GwtXsbBhYM4jCZZt72yAglpCAcMOeQOoAJwRiE3j6fHIyLbtaSBp47+bjbtGQseRlRkYUA4Ix04Fe39cqpJb81lG8tWvdd1aTdls23dq3oZycJSjFJa2vblurteulrLZd3fVHl+pQ6ze3jTT2sdnaQFlRpFEfloA3ylgFIIH3QADkgnGOF0nWbq6MttZ2ocBGtyxkLrIBlZJQMEgjA5ZRxzkcV0Vtf2fjOS80hp1W8ndg0qkrGFXJBQfKDIAAcgc4G0jjOVH4aHgq2vL0XDXxaQoioWXy8lh85xsU4yxwO+fXPX9YpulyV5ONblTglqm7qzbutHv7z9FqOnCUWmtU7PysrNc2je7+H3eybW2HqGkgwNdRks1uCJUkVjh3YAgE8YBxwcjIJ6nNedyz31xqVta2iXSFCyqgdo95Rj3OAoJPUdCAVzk17ZbRi/tVk8x7SF2QmNhl5CwyWIOTsBwBjsOOOvL674Y8hluLa5L3gYsHDJGEj3dQP7/bBIGe68GuzAY6EV7KpG+qXM0mr+726dbLTuVKMXpotI6WWjTT1+1rq7NWSeuytTin1W0dBdr53ngxyncWKjGBGUJw5XPBwSeSD2OBfzyEGFLdIWLeXGzIu52ZskyKAMY52jseSa6HSo5FeeaaYOVTajzlgoZSAxBzgMDzn0Occ4rn9Wu7B71AVdTMxSaRXJDSA4HlAgMq4HXjPXndk+rTalK8bb2bTt714pdla+/q36ctSkoyu5cyk7x5mmr+7bZ63V2trtpaq55treieI3ut1rFPcxW5MpZNrhclSPl+6oOAMenUZwK6LSfh/wDFmKy/4SXTfC2vQ2FwrMb2COaNJYYxmSbdFglIxyQTg8D1FfQPw9t1uDbulvb3NqzmGe2mDme6MZ4UFVJ255yf9oV7jZ634nv4rrRLXXJ9A0qK3nis9JU743SUbXjUHO0MPlKjk9ATX2OBWKhh41KcPd095Sevwpq6WvmttVc2oYWjibxqSu2laLUWlJ8tlrZaaqSuntdWsz8wPEHxB8X6jdtBqOs6vdRQ5thDd3MskcPk8BAkjbTsIKhcAc1N4f8AiR4o0O4EsFwZnMkflGXa7RMrAhoRjKsBjBVlz9cGv0b0b9k7SPF1ztm8PXLXd9GklvIGKLdzSsSZgpIKBjk8j+Zr0zS/2FGsxbL/AMIi6xpMsYupSZC7K2XKKPmyo4Awcnn3Hf8AXpRqQ/eSVZO8XzSc4y0ejd7PW2+/bddMOHcQ4ymoQVGV1JpNpppJqSUbS3e+jv8Ad8Ow/Gj4p+JNPm0nVPEeuXukX01ssmnXM0klsZVZRGZELEOYwcpwxGOmMA/uf+zpoUlz4D8J2dwsszjTopCxGcK6AgYG7GM9cDAyBgYJ/MW8+Elr4e8d3OhRWRS3028iEsXlMyvKzr0BU42nJ6ccgknIr9u/gboq6X4e0QiH5ZLK3j2OjKYwiKMJsBGDnk9MYyTivmOLsbVxVCMsVKpWnFWjOpJzcVZWV3dW0TVrWu+jPseAsspZfiascLSp0oXXPTpxUYt8y5m4xSV3K3TdavofRngv4PXuuWcP2K5Fq7RqEjKI8kik4ycAlQVxkEHgnBJOa8s/ad+B3ibw38Ffih4mg1eFv7L0GcS6ZJGsf2gPGQWLHAZVHz4UgNwAMmvqzSfFllodnaSR6dqMEiIUM8AfHC8kfMMLx6jOcZPWvnj9pt/EPxP+D/jbwZ4f1u/sdW8UwrDaT3sbm1ijXLSJKcDCyKdrYKk5yQOcfjmX1MRDN8PWcoRo08TTnJvpFSi231VrO2yu0r6H7PmlCeKyfFU6NOc6lTDVIJQvdScOVNc1tU3bre/d2Xw5+zX4f+E3j39mDwj4T0PVvBGn/GG58Ryy6rdTXsVnqUYZuI7nzHUPB5ZCpztDAEjP3fR5f2QvGL3FyIfFfg9mYEwsdUs8ySx8MqP53ygHkFsep4OD+YafsTfG/wAPJLfafrFol5hXaXSrtrU+ZGdqkSI4cb9qnCY5JznPOfqvwT/ad0TR7cT6lr9zdTvMYJ4fEl4zAMCAigXGAWJGA3HqAAa/0D8PvpV5nwRk9DJ8M8NicNQVqanJpQT5eZK92kne2yV7M/iziHwMzXOMbVzCX1ulOrJzn+4cr7Ws072tpdrsfolqv7MXjcwXawaxo6z72hVzf2ssN1KqlfLjZJCVBYfeJCZ6YPSfSPhJ8UdCsodImvtMl1KGNFe1tr2IyRRE71dJ0cI+I/U7SRgnuPya1Xw1+1XoFoRfXPjOC2iiaVGt9Vu7qV0BzKRtkc8AE7geCTyBivHrj4pfGfR2uJbjxZ44t7mNXicy3V6HUAcB3Lkr1xg8Z56V+o4T6ZGMrXqVMro4mrJxUnCtGMVHTaPvXbTV3313Pgsb4L5rhZKNbGzo04tSSnhpptJRXNe9rtab79L3v+j37Z3h7XrH4Xajd67DdSG2v7WI3DzxPCJQyqREYywlyQMhRjoRyeeB/Y/SQ/DTxK/zbY9TVwVxkDyBnPPXrkAZ6egz+dmpfFb4heLLSLRfEnibxBrOmzXEX+gX91PNG0jOMMyszAkdyBnJwSea/S/9lMRWfhHxTpiqkS2z20zxr94u1sM7gvHsck8nODmvwDxT8R6niNnTzqtg44RrDQoxpQbkn7N3crq2l3tvfpZ2P0rgfI5ZDhY4OpW9tJOUnUcXFNtRikr3fKl6eWzPpvwn9qn8KfEkxxMSPDN04HAGBC2WJ52gHGQSCRkgf3e8/Z/+GWu67+wJ8YviDquh33/CG6dYarbyaxH81u96ly4yVAZgiEBGOc7iOecnnvB+p6ZZeH/iMt26JBP4WuoBufYN8lswUENjqxAxz1GcCvor9nv4itcf8EjP2nfC9ppepxQ+E9TktrdrebdZ3X9qObiae4TncsbHaA2B0PHAr8Ux9eth6uHlFLlqYzCUk27WvON2lrp0b0u1vufqmByyGMWIvNxdLB4ipbe/LT5m7q+9uvW7T6n846eJh4blgvNKlg8uR3W5i2EJKgYgRPkBsSLwSM53beflNXLTxT4Wu9btrzU/C9napK4YNAx8oSFsmR0AUHc2GJALYAJBziuOl0S/vooZof3xaR2MC+WGUZOWKnHAxjgEc9QDir1pol+17b25txJKGSRY9hAjjUqZMtyOi8nOOuOmK/b8pxGJlPBQqJShz0eWMouSTbpq6u3uuiaV1e10j+f84wmHX1uetOXs5uU4NxbVk3eS6PVW6Neeu18WNX8Lz2lvb6dpAtZZ40EsyFtkjbcIdjEkAnGV2gnJ9cDo/hm2iyeFraK9sXkSOZwxOdkbbRtwDwRxkg8jH+8BjfFHSDaxaTcvHbSRyQQhUQKASsZyAd3BU8AnOcY4bAHTfDSTdpMML28dpH9rEb3UxBhBbj5179QN2CAMEEc5XH1C2LnblTUaeya1ag97Pfd3fXzVuDhKcHhYwalaTqcvNebautLq71smtbvufQXwsvdM0/UbC9h8vzNJ1Kz1O3AWSIx/ZbyCdnd1AJVURvlyMk55JNfs5/wVS0Twh8bPgj8Ivj9oWgE3Gm+GPC2hSeLbS3na11Z723EctjKQpLXOnvEVfA2qWOcV+PeheGLPTLgX2k+JNO1SeRUW5sE8tYYlZWZw5YjPIGBzxwc/MB+k3hjSPHHjr9jPWrzW/iXqb+HPC/iKeDRvhzFaRXOlwM0gC3j3Sq62+3afs4dgx3Z61+dQxPs8tznDK6U8HOautFKCVrXfS/S7v2V0cXEGWP8A1m4OzjWDwOb06E4xTXNRxDjBp35kouOj7tJWPmXwZ+zBpGs/D4+JpdVh+0WuiQzzWs8Y8jNwqlQXUA+eFJG1st83rgilJ+ynYx2Nvfs0kts1rDdM0BWEN5hYJCqud7F2OAyrjqzZOK6220q/svCV1pcms6pZWN3Jp7tYRzsHeEOC7EIwY9OAOxIHygga/jG9nsGgs7G+1W80+6tdOtbRUkmWW0WJVJkILjf90ne3Ixj1NfyNiaXEk8ViqlDMabU683TjJNqCba5XytWWiWm97WP7fwWNyOnhKEa2Xv3KVNSk21zN6O9k2l7qWvfs9O7+Hf8AwTU+LjaLaXekabdXFnrsy6tbaakW+6+x3ILQSvKoaIbhktnBx15HPjn7aP7KvjD4H/BK0vvF9pHDb614hW3tDt3S2s0Zy0FwyZCM2ehG45wO4r7I8BftrftGeEvE/hfwb4J8eQyeGLPT7fS7afUdLWVomhixIk8ojZ5Fj3MDyT164zXzx/wUO/ab+OHxW+Edh4S+JzeGJvD2keKZNR0u70i3NneahOpBM1wSsbFc5IUnGe33a8nhKhx3HjTAyzbF4BYCWNg1TpS/fSgotPST5l05d7666a93EWZZDU4Zx1HBYOopfVZLnl7R8rbg4qKs4uLu92mnsr3Pxh8A6LFqXjPQLG0mMEk+rWUJYhiUmeYRqYxyrbWGABk5GTjqPsj47aT8RPCmpxeHvEN1fiJ4TLbG7fzJJrZ7dNjMQSBuQAIjfMuNuOx+dPg2tgfiL4Em8hvtE3jLSPLWZsI5M6sASDwNwAGc/wB3ngV+vP7U/gizn/4RrxL4ms0hudT17y7m0u5pIx/ZMFvHiSKaQqnkt1Kpg888Ba/1E8FsuljKOcTc3Dko0UpJpu71V1pZ/jp9/wDmB9IbiSjkmO4Tpzw7r/WsZUjKKjzJU26aTXN8Mua1tXp0SufjZpRuYb5Hfc6OxR/MYMc5JGTyd2M7skdD3KkfYXwP+GPi34tXukeENLa0gTVb2SFXvZFWJUTDbypwxIYkBQSW7DHT591e00KLxrdW+kugsGuZ5oXXLrEiu4VSwypCqB07c/Mea/Q39nH9qP4Ofs7fCjVJtQ8ETeMfjLPq11f+DbxSBY2/lxgIbh34ESuMuqkLgMQuRXyP0kXnuC8OcZR4fisZm9XF0qWEpySlCE5tKVSa1TjBK+trNpt2P176OFTKMZx1hsRm8Pq2XU8DOrUvaHtFyQlGmrbuV2klb+XVvT1fxl/wT68J/B7whbfEX4qfE20isLK4mhutEjj+z3bkLlLexWUCSbzMBT5ZOBycqePGrD9qH4p+I/DqfAv4JafcaN4BjtbzTFudNtmg1LULeSRztu70KqR+YAGd3cMM8tnIFXx98c/iB+1Ld23jj4ualpzGyXZYeEtPk+z6XYhY/k/cxlUmmAwPNdGc4HNegfDXx7onh7R30vTvD2n2ss0uGe1ixcygg7P9IQEgkjJGckE5OK/zolgs3oZfSp8U04Z/ndOXt6UKlOEcFhKto8nupR5pR196S0d0vdsz+/o4rBVca6+TS/srLJp03Onz+3r05cujlduPMtJJ621Vr2PLPiL+yF4z+G3w10P4meI7/T1GpXW2+01JhdalAJMPiaUl5JJHBLEqevJyK+gP2U/2G/CP7QXwf174lXmuavo15aanc6LoNvHbP5FxdlTl7qQqfk3DnaR8oPAO2k8QOPiR4e/sqTxFfS6h/a0Udnpt9cP9kjnnbyYbe2hkYCWVmIRRtJyRnhgK/ZP9k79nj4ofCT4OeHfhNq9tBo2k6hqkninVtUubiB9UjN7H9pihiWNioDI+ApOV6HnAr5fiDi3jChw3TweVRUM+qY6NKlClT5IRw8WvgSjyqKas3Ky6tFvBcOYHNPr2YTX1BYZzl7SpzOdW0b6rrfmk73a10eh/Jv8AtV/DnVvhF4kvfBOpRN9o0nVlt/taBzb3oUZWSKQ7kJK/MVUgAdAa+bNPV5kmMmRmRN4yHVQTjBGCeehx05yBnj+wr/goT8HfhR8QPgJ4xU+EtGn8ReDtEu9TsPEjWSWuovqELGNpri4CK8zFVz1cAcZyBn+W/wCHn7OvxK8Zazpei+HdMTUbrWbM3NjI58m2dEbDPucr5ipgZZSxBGMgmv6G8OeP8Phsgp/60VqeWYvB0ofXKleqoU3NwUpSUpKKV7N8t/S5+LcS8OVuIMxni+G8NVxeEr1nCjCEbtWaSXazumm7PpvY+Ufi9p8Ma6eiKsSyWilSpGHfj5mCnOT6Hvxt4NfON1GuHYAqE2/dG4FlIHQ8EZz1HfJHNftl8Zv+CaX7QNh4Ji8Z2o0PxBaaZp017rmn6ZNuvNKt4FDS+YpJMzJjOyMZIHAIHP5BeIPD19pbywTWzxBGcHfG0TB1ba6lXAIKkEEHuCQD0r9l4T494W4wpVK2QZxgsyhQqOjUeHrKo4TjaylG/No2knbVbPdH5zxFwlnmQyhDNMvr4T2icoSqQajJaLR2s9XZ3tyt6o5XQgZNSt9gJ/0m0IAOCW89CTwOpzgYyTyfmJOP2t+HcudG0plZRI9jZxbMZKsYU5wRnkj2B6ZBOK/GHw/bF9Ts3Q4AuYCQDgOfORsYGe3JBAIPWv2j+GelTXNhpMqkMBZ2jsFwwjVUwWJUcHkEjgcnp0rr4inTlGEnLa6aXa0NXZdd9lptuPhalOE6iSabcWtPk7L5L0s3c+i/CPxA8ReGbwxuy3+nAL5lldbZEKqANkbMcqR7cdMA7a+lNDuvBnju13WE66RrEgQPYXbqsDykfMqMxA2Enjk5BJdQcGvj25s7i3upjKrSKQpj25QDaw2nPQ43AgnAOOx+Yei6Girb27B3jcLnKHy5AwwVAbIO4ZKkZB5KnNfFVMPCSdWjUVOcrpNS0bSWjSerbTvbz62R91TxFWNVQqRUqa3UlulbZvXbsrerVz6A1b4f6hpBDz2TCMq5SVNzwSE4OQVJUhsqRg454z1r9V/+CZWkpB4E/avjaFBK/gCaQunJ50q+A7gg5wB1zg9jmvzi+HXxKurfT4dH1+yTWtImEVuv2j57qAAqpKOSSygkEZI4PG3Ffs9+xT4R0/w94Z/aSutGa2fTvEfwy+1ItqQz20kmlXb+VOuWKOmQCuQBt4yPu/HcTV8bPK6+Eqx5k5Qakk7S96O7d9dPv17s+nyeNCGMjWp2Sa5eV7rmteztZWa7PS19kz+U79kz4L+EfjL8e/Hvh/xX4guvDlnpx1/UJJ7aLzJJnTU7lliDPlYc8N53G0KOuRX9UP7On7PetfD/AEe4uPht8Xh480M+CGVdD1qWKXyYUt3861jltyJBPwI4wTtJGSCBX8inw4+NeqfCD41fEO/0S0imk1SbxH4fu/ORWCwPqNypYAAlTJnCyEgLkNuABr+hv/gnX+0BNqN/4ljtLWSDTbbwfpVnqVg900rw3t3Lte5i3O2PO3hzt4AHOOTX8RfS64f44rZLPOo4v23DGDwWFl/Z86EK1pxjBVaik1z02nyrmi72b2aR9NwdnGUQxGJwNOHLmLxNeXO78suWalGLVrNWTXMmrPpY/RO31vTPGXhPwX4YljNvrWg2k1lqumOhE+nXFxeyRokqMdzQS8shwVK5U8Gvij9ur4f6B4R8UaQumWqWl1dXenLfG1KiKRp44VhdY0wse6QsGBGc+mdw/Qb9o74b3/h7VvB3xG+EGltceModFt9R8Q6MruU1zSbG3F0xlgU4edQzHKoHIyDnpX5GfFP4qeIfizplprniiy+x6jN8RbexFrKjpPYR2k6j7J+8Ado42UhcHaMdARz/ACF4CU8TV4swec5PmCo5ZR9rTxWWzxC9tRxc4804yo3Up0r2dOfK1y+7J3sfRcVYjDvAQl7PWfwuS95Nzindp7J3abVrNLV3v4X8U/DFn4N+KHwwSAyyGXydTkLg8EeU56jGCzYJOC2Dzx8/9ivwPtBH+z74Rs4yVMvw/nkVVJH/AB8WLy+oxjeRnqOo5BI/kb/aZkltviz8LYyqbDoOMHqMeSRkZ65ycnIwCMhiMf10/A+VW+Bvg5+pHw5gVP7vOlj3J7bc5ySOexr/AEPr4lYueSVK70nRqJSel2pQWvdW8+p8VVnF5XTjFpyjjKcnG3vJPvfe19bvvs1r/BF8UvGlr4O+MPxWtL3Q0vY18deJC11EQLlB/ad07Nz0bOMHbt46nkjxHxd8afh41xb2uo3c+izzbpMXEbSRoMfKHIU/eGMkHggnnpXS/tP6hHH8dfi9FGRHNL448QxjaScEajOcEDHJzgE5HscGvgL4g2c+qSNG2kXGpzQSOkkqISUWReCGUYbbkE54yAMjt/VPAuG9rQwMpc3I8PSem9lGGmlvvVvlucfGOYywykqestE000tk3Zqz7Psr6+X2fpPjbwTrsbf2d4i0pwrBFdrqONySQuAjOCcHggHrkjIUGuz0+OK7iAsb63nCgkG3nWUfdyDw7HBwMH5vbjJr8cLi0m025fTha3tjIvzeYC8TZDEhSQeARgZwuOmBjJ3NM8UeI9CkjksfEusWHzAxgXUhUlQCA6FuckZHGDkcHiv1t4GM+RJ/ArNbSvotVzb2S+e5+YLiF0narRlZu75W1ba6s9L77vttex+sAhuP7RuoWZoyqguzZ5JH8OW5z35AOCOBjOkI9R2qI3kVQNwLMSpIGNpOQTu+9zg8nqRX5j6b8Zviw8k17pmvSXLxBUlSeKFg68Y2kjqQuTjkdBg813Wl/tU/ErS0EOq2OnX3l/KyzoyMSRk4YDnAOMcg/Lgg5prAys9FZ2im7J7q/k27abP8npS4hoy+ONSLb0ajda20vd631VrK+ndn6DtrmpWUcKsPNKsM7XZsEnIGCc9wBwDnke0V94vYER3MDRrvRnRyyjDAAkZ653YHBycAjoB8g+HP2s7/AFC9gsbrwXBLcXLIha3kyCzMACQfu4I6gg8+pxX0XDq8fim0tpp7P+zZWJaSI4dk74Lfe68dfXB45uWHcZW1TulppsldJq13q9U31eltPQw+Mp4ylzQkp21fMv8ACt5XtvvzLbZbPtf7etpdgWeKGNpFUu3ykDIJXHTgZ57ckE9T6dZ2Wk3NrC3mWU4AJJ3I8oJBLHjuobAA446Z6+EPpCy5jLIpEYKn+J228YB4OeWGBxjqCSRQbSdQtiPIvLuEq2CiTFEPIORlsEqDgkYAPbpjtw0LNRvLS2l7reKbl6NK3fa/ea1KDV3Rg20re7fdR62vpq09emqeh6reafZTXTwvHG8SDbFviBVs4yAMYUDOPmxyBg9cxQ+CNKvv+PrTrUxDIB8gO2R0ONvII65zkgY6gVwlrDrkIDSanMjEBVWT514KqDjlsnjJPJIJ9TXRjX/EVhGqtIk0ZAIYfKwbg8HHzDg/KOCCOOorZTtUtzP3dbaNNLl0adrra1tF17nGqNOmnekuV7JR21V73sr6WvpvZJ3Ows/BGk6fE9rDboomO4iH92CrcNuC7QflOOQSACc81m3Xwz0yKfTr+wudQ0i7sLkT289nO4NvJFIJC8ShyEJ2npjOT1Y4FKDxvOY0kubdvNJAGx2JVmI7ZHB69MZHtXTW/i+wEyG5V1fyvuyklBkYClSD7DBAGAcKRWcJ1lLmimryV7bRV4tXb2euy9Fa9zzamBwFXn5qFNXsruKejtdt/JaLTWz7nl3jH4fah4p+J1943e10vVI7nwtJYy3mpxebf3d3DCYQ5kYFnlycgHOCcZ4Ofoibw1c6H8NPhFphnjLRadexTI2xXs5G3M3lgDcAm75f4h0PfPHaj4itJ7/Rms4YIbeAP5/mExktKNu8qCuRnJ+YYJK56DPV+MvF1prmneDNDtYHjk0ITfbbuNgDcGXBTG0kBdvGMnPHy4OK9mpjqtXBxw7jH924Nu1uZ+67JtfDrZtvZdGfBf6qfVM3ePw0ptTk0oK6hFS5XomrO11vpp3vb2y51rWNL+Dngvwy89q+l6rfXMlyxRZLibynbeGdyzpuG3BAwe3BAr4UvtVsLjx/qtukflQ2UsiIkefLyoAAOCORnJIQbuvY19C654vubvw1pemFAiaOkyWrAoCXm3FmJUHDA85PI4IzkivkXR7o2ev6qb1XeS5klkadyHIDONoVvTj7pIwThQuSK5Jzc6kItRSlKKWnNGyirRlr7t5ro7bXff8ASOG8shg4QdSbcpVVKV7yV3Zu70dnJvVaXWu6Psz4F/Hb4W/A/wAdXV18T/Cl54j0HVtEeOGRbdLyOzuGWQf8e8qSxsjlgWZlyv3l+bJrz3xP45+G/ibxTcQeBtP1e/m8Rajc6lpGhw28kt1DaSuWFtbRxKQViX5goxtDHjFY/hf4l+E/DLa1pviHwtba+2t6U9rZXd0IZmsJZE2LNGJQREFJB4wfukkda1/hX4g0nwDqdj4k0+3th4g0ue4l0y/lht3iiiuFZ0hJIIUDcVyozgdjyfJqUsZTq154eClyw5Yq6TjNyhzpKzbTi24Sbtulra39W5ThPD2rkGR4fM8yq0cVVmljfq0IOWFg5R5nLn+J8usZdtFqZXj7UNO+G2l2niTxhpOqaNpN8rxW800Tt/pCDDRzBRiGXJ5VlVs8cc48vtvjz8JLkRRReK47ZpgMJcROpQsu5Q5ICg84yQOevJOfVviz4gk+Lng3UPCHiFY/N1HWp9XmvbWQyxgswdY4YpSwhUEnOzGQTuziviXUv2YdFu7ofZdbMW1AEimgUDcmFUHGAGB9AR1OOcV25fLHVqDqV8PTp1JNtQu1J3UOqe7S1S6bJ3V/z/jqjw/gc2jS4RxVbG5Z7KE/bYlclX20rOpB6RTSekbWPr/TvF3gbUIj/Z/i3RJzIQwlkvIYyWJyBh3BHQgbsZAPHWr9zbPqE9sNLn0m/eVAuYL62YbCNp43kZK9OvJywxmvgfUP2aPFNoP+JdqFnPAqFsJJJFKWYnbgqV6nryoycnrk5afB74n+HWna1udZDSRjaLPU5WWPO0rtHmD5eDjccjI57Dhx2FeJw9ahWoy5aqlGco66tLZNbLbV+ttEerwLxXj8lzHCY1UFUWGqwqqDbSlyOMl3au/8/J/v5+y7+2JrX7H3hq98Mz+GNL8RaT4o1L+0ZY3uVS7hlP7sJI6HywqtyC38JPOTgep/H3/gp7pXxW+GXiD4X2PhdvD91q88T3l/DcLJax26kOYgoJLuxBBOOp7Fjj+aY2HxNtInTUtQ8SyOpKoLiWacAI3VdxIHTg4JznJ4FYsGo+MbKWdriXUZEJLP5krEsGOCxy2QRg5Py4OMdif5TzH6Jvh9jOLKnFyy1wzivi44ydeTnd1lytVJpSUVZxTjLpq93Z/11l/jVwPi81w/EmbcCwqZ7RrYXFLH08VXTnisPGmqVWVJTUJOPLFr3b2jdp2Vv1w/Ze8WK/x78DB5beawl8TwW0lvLgfao55VTy9p+UqwOGJGG6YA5P8AZB4q8ceGvC/gK+1GS9tdHs4fCq6fGkhEFpG7W5ARHJWM4JCgIASM464P+eL8LPHmr+HvFWla0t9e6adKvYryK6TJuYZ0ZTG8ZYZbB4yvC4wTzX6O/FH/AIKLfHrx/wDC4fD2/wBYjn0S2uQq3ewDUb6FfuLKY0DjbwXJ6HAywBr+e/Hr6L2d8U8V5Pj8pxUaGDw+GngsXUnJx5Kc6sHKVOyvd0+baXK3G0luft/EOT4f6RT4OzzC4rD4DD5LWlTzjC1pzdZ4f2tKqqmHpKLhOouRQUZ2vzN3Sun+pv7eH7Vvw/ufgXe+CdP8VaHrGtapZLoEemWNwlxLDK0gnNxMVdiigqEJ+Uhm5IBwv4u/s1+P4fh/8WfCPiTUpbXytD1rTr8wuyhJI0mQSqrEqPli3t9BkYwpHwrrusa+2ozahPdNdG5la4kLuXdfNJbADksjZI5+XtweTXNHxxfRT/KrCWEHy2aRs7gBjHqMEr699tfoPAf0cMBwZwbi+GsHiK2LWYqpVxNata06talGlLklytcvKvd5rWS63sfsXDXEvBXhvluY8Hyw+YPA454qOMrV6Sg6ixcPY1XBRi4pcjbi9Xo22f6LWo/8Kk/aK+Ftjrmo2Xhnxjp+teG/s2ltJbwXlxpGoT2JKMZUBkUxyYXBKncBletfhz+zz+yf42sv2j9As73wDrmkeGPDXxC1DVj4vaJrexuYLaeWW0jjMiqrR7FC4XJUZ/H8Vf2af+CkPxZ/Z5ga30HW7yS1EiN/Z17K93p4ZFKl0gl3hMDO0KMd+O/6I+G/+C3Xju9ntLjV76xd7WVJxpqWnkwTTFcOXeONX+bJO12KnHIHWvxbMPATxA4Zp5tgsppLMcFjoVKWHft3GphoVIcja53yykoyask3ayjZav8AHOD+F+LODsv4yyTw/wCKshzjhrirDVqWEp51meIweKyeNWNaPLh8JOMsO66p1lSlKnKEKkkpzXMj98P28tI07xF+y18axG73cDaZ5cyBgvltahEBAzlgezbBkYLZyK/kS+Bnwft/Hvxs8G+AbjU5dGs9auxDHehQXildmaJ0BAAZGC4yTggEelfpf45/4K36P4x8IeOtD8ReFodUTxtoUmnQ2tldGO2srl0ZUnaJiAWDMHICrnsSSQfyb+Hfxb1Xwt490zxpYyGG80S/j1LTkkK8NBL5scZYH/VsvyN1IAxnk1934R+FXGXDfB2fZPisPPD5hiZVZYV3U4rnw6hBuVvhc48zTbabknY+58C8qnwFwjxJwzn+My2jmuKxk8RlGJhiqGIoKpXwNKlFucZNOMcTBqUZpXi/herP1HsNM+I37Kf7Xfguf4q674l1fw74Z1CBNM166lu5heeHHKqDZzuWVdkX+siiIC4C44wf6jvhz8W/Anxgj8Max8N/Etn4ltdvntbSTE3NiFjVpd8RJaKRXJD7hnIAGQTj8JvA3/BQf9mH9ofwlp3hr9pb4fpbX0CxQRa9EEk+zzKixvNDNFi4gR2AO3dt6A5Xr+jH7JXjP9ir4cGbU/hX490+0OoB7e4tNVvwhiM7AKIEkk3hyM/N3YZYYr+bfEzg3iPH4zBPN+H83yzOcopRwVTGYfDT/szGYdVOZ1lVirKbvJz0kmu1mfgXjtl2N4lyfA5hm3CGf4Pi7IMDUy2hiMjwVLG8OZtRld/Wo1sG5yw3Nec+SUISjKo42cZJnxp/wXG+zIvwrmMeLp11IOzZKNvEYKA4IJAPRccY5GM17H/wTI8Gw6z+yJqq+HdV0/wXql5rVy8uvbkinnljkjLCSUFWjCr8ql2DMpbGetfPX/BcPxroGrWnwk/sy/06+hY6g8EthdQXMjQOsfltMUZiFYZwWwTkcHt49/wSy+Pnw9uPBPxA/Z9+InieXw/J4vkVtD1aS6MNvpwdWExim3qkMrfI6EsOcDIr1MVwfmWL8J8HQo060o4TMnXqUlSnKUqMK9RSbpx1lFOfM3blaV9Fc+qwvDmfZv8ARQ4YwuDwuNp4jLMwWOxeGpYKWLxCwdDNq0a8lg3aVdUYTlWlTacnCD5VzJJ/pL/wVUnvov2R9O0W7h/4SCOxuNFeXXrNnfNzFuCXTTDIAmk5JDDgYz0A8B/4Ic61cXt38TLCfVNTk0zT9OtWh0+/d5rdLk+aZJoN5KLwuAFGMHnb0HSf8FFfi74B+D37NHhv4D+FPEa/EeXxQgzqk11Ffy28VjtlDTyq0kiF9+2EgkEhgGBLGsP/AIIu6y1t4V+L95daXDp8McbLa3xhK8xW0x2NJsAxGeSCQOSTxk14NPK8dk3hBnkMyhzKWaxlg6k48koQli8LCm6cXdw96LWlt3fS55ODyDH4T6IHGaxeXV6dDG8TOplFbEYWeFrV6NfM8BTeMjhMRTVTCynUjWSpJJ8qfLfmVvxb/wCCj4t/Gf7ZPxU1DT7G3gCeIF0qZmRUjnlMkdv5xAVQG+7uJJzg7ieMfsH+yd+yh+3D+zd4S8I+OPg34l8La94F8Radp/iHxB4XEkW+SDy1neDDOd11NGfKBiw25QBjCmvxG/aH8TXXiv8AaK+KEk0tpJcX3jO/tLa5lKqvmG9EUbo+OGU8oc5H8WORX9D/AIRa2/ZZ/Zr8Ca34o/aH1jw94l8U+H9MRYdanN5pmm7YxOVsoWLA7InVVIGAozjgmv1rxTzfHZV4f+H+RpYTMJZrl+Fwv9l5jhKuKji5LBUpvlVKLqwkk379NqUHJSVknb9o8Vq2aZF4a+GvCeS4bJcVUz7A5dlOMyLPMgxOeUc6pUMpw9V8rwrVfBSwzUqyxSTcJ8lmpct/VPi140/ar+KHwE8XzaN8PNP+Gl5fWmrW/iGTxPfRoLvT0iZLiW2tbhtytLGCYnKhQCpXkjH8nXjK5sPDuqQz3LpHPbXt3bXzgq0DXcU7LMYjkgxtICAQCABkEAZP7z/t2/Fn9ob4gfAbwf4q8BeK5/Ffw0v42tdS1Dwzb3DandfIYnubo2Q3LayMrmRWIAGAw4GP5xPibpl7qWkrDLJKLxJWuGDl42Xa4EnmK+G83ONxPXrweF+y+iPgv7Ox2Jq0P7JwcKuYNVMsy+Vd1KFSm1F08S8TUdaE01opJu2qtstvBrhitknhTxniqeC4ZoYzE4jFOjkvD9PGSxGCq4RyoyoZnicfWliqlbRezpzo0fYw9xOejfr1t8SNFQr5TtNKEycYOGIGdrE7uABgc54B55pur/FG1e2FutrIzLtLfvCd7ADAbk4wMZOAec9K+VvD2k61EHnVJcEKsQBeYkKO2eDjnBHbAx1FbOqR69IY1FtMrbSArgLuYADsMkEjPBwAxyeOf9ZMtxCnQpzSUfdWiV7NqKSlffTVvbZK3X/PTxew+OnVr1cbhZUHJzbi4LS72Umkrqzd3ta27s/ZZvilaQBzJYkNsUBGlCYDH1zngdMgfLx6gc3c/FQMnmWtspcFmKLOrYAOOzEAZyMHnjgjArwm88JeNtTuYjAsdqzjCtNKCAGUDHlk8DGMggNkc9DmzY/Bfx9OXEmr28aS7gXiYrkLklQBj7q4zj5cYAG3r6tNTe8ZO210t7J3Xu2Sbla3RWaR/I2NhWU5RhzK0nbZ9I2baS01eiT721aOt1X4nXbtJukWJ2JJxIp2fLkYyecKefU8cdK5S5+KUgcx3OryLGF4Ec8YJLHJB+YDHPfIAI4zzUg/Z+vZyz6r4gkDscKYyxUnDDLdMbgMY5/AdKafAPw3FLIt9q11M0X7xmjZWzjPBCsSBjPHTsT6TGlJt2p2baupWTtp1SW7Se3e+550IYtvRJXd+qvdxV5bWb0tprrpqzGuPidpMJ3T393MJMqoNyflbOckKxxgYwc89M45oi+KPhl7cRObhpMsd7PJKSGyCUCk7mGSRxkMc9zm7qXw9+GOhER6lNb75YxJEbm6jWQ5Iywj3A85zzznAJJJNZ1tqHwm0cR28Fvb3kzuFVrRftDkg8Db8+WyAMcZ4GRWU+WDfv01aKavrZNpddPebVtdLW6q2lOhiHL3nFXV0tWr3imu/ok9L373s2fiPw9dXDotneXrSRny1NtK5bfyRuYYBB4A6jucYNctrXhhLybz7DwrrKtOHCqtpL/ECQTlABnGc46Yx7+7Q6w9nHFqOj+CtVbT7aGOQ340pljjDbWQSyGIIEY8guRkd+GI9G0P9oXxN9gNlH8O7WSaIsIb2WGHzGXICk/JwDxkgYzxmqTpqLXPGTjpaK5k2krq6fuvRpWVr6dD0I4CT0rRlFu9m4uzso6NWvpsnazVr9j4ObwldJFK914e1MTRFmeOWKRQoB4Zn24AHODgc4zjkDn5/DOnRTLPc2y28bLlknfaFGTjGSDuzhuvHfGK+8fFPxD8a+KbWW0TwjpOmvNCVnlRI/NkTbknO372BgAjdwe5NfJni/4beLPEh+zypFYRqQ4YuwY4I3DlgwySc+3oMZxnaCTg+ZaJNwSbelldrtps138sKmXRTSjTbuk17ru5XW973VnrfZ66mPpHhPwRfR+ZeNZG6I2xo16ip2xkM4PsxPX1r1Lw58NvB14jQ29hpcs8Mq7gkolycZyMH7vTLDgeuMkeeaZ+zg5W3e71K5aQuWKxOVCHGQASw4P58ngkivpn4T+BPDvgZb6W9u5ri7eGYbZyXCqMhCpycMBwMYyRnuKwc5ynHnjFQ0XNJrVWTWjSd727dNNbF4XKn7RKpQtFyS15Vo+V2tbdLz1srp7mevgfw3gRHRNID28e9kMEeQg3AuxIBJ6EjbznHsfmbV7nw/pfjY29vHaxWkTM8pSNVj8wsQUZVAOOBjHAJHvX1PIbe8vbyePziG89I4VYqxjBIHKkYzn5QTuJ4VcrXnN74X8ORzz3Q0WNrtiplknRySu7LMwI4BHOcke9eRmNWc3aE4+697ttpctlG3Vpa3tdLRK+nuTyiDVJ04U469Urtrld42V73767aNHl/iDWdOutJ8Sz2aR74rTZ+5UltjLjKlQQQOpPHUYAXp8veHwzQaqDl1eC5cAcHdhmGTlTwCSAAG69cZP2B4xfRYPCvieG0treKUW6BGtkxIrPkOJD3VTjjp0bA4NfMfhayMwvYgAA+nyORsAYjByQuTwRz2AUE88GvkpYmFPE3c4tWm27rRuWt7aLtbfY87MsrxMJ0lyuV4zleMe7abs9bLRW3tszx1YFd1LKxLyPyC24EHgYwe/Jz6Ac8mr5ibyoLdo5Bv3yAtuP3QTg4B44GeB6966oWUKMsjqqGJ25AYE5c44Gcg4zxz0BWupl8Im8torqG5ilKQGcK3AUfeZARtyVX2JGMt15itmVCjBub+Jr3r2d1KOj2stNNbaLU+Pll9SU5e423L3klra8brfaysrLdW0sfaFxapP+w14e8yIkrrMuSvyxsRI38JGSxBxyCQDg8Hj86dasE3wKBJ8qLnKnnIbq2cnkHJOe3ODmv1M0zw7fXH7GOlQS2jNYRaldzC5CyNbxNExkMbyLlVdsYUMc4/2smvzn1NMmVBaEogUbuoVM5G045Y8MOPU5FctXOY1ZxndcvJGKlfdKz26NNWT008kh1cvcqSjGDk1Gzvf3Ze62m1e2/TVK59zf8E4LGVPF/jyeSMhH8L3CgsAqBjHLySM9QGJxkd+STXwl8R4Zx8RPF/lqWLeJL1TtIIKm8k4C8EZxtxge+Dg1+i3/AATrEc3irx1CiGAR+HJC3mLuDARycKRnB4wB0JOTjrX5/wDxNi+z/FHxSdyhT4puuAWXGbx+SMk4xzkgnFexQxKrU6NRvR6K0rvS17N6ReqT21v3aNK+FlDL8NBxlpJ7W62TbTaVu3SyOC8WxeXqxBhkSRbe2DqwIJYoMngDGB26nb05Ar9SP+CZ9vnwz+0iihv+RIlJDA45jbqO55IAHIwcnNfnN402Nr94s21x5dmC4TopiTaowCfu9cZJPUHJNfpp/wAE0YIo/D37SHl7kD+CpVwwfBJjcKFBPHPbv93rzXd7W2+q5ZXsmrWstr2bdtfXQ9LhTB82c4eCho1Ut7q6Qvsu7avZ9W72av8AnP4ktI/7YufvM5vr0NjPTznxgAZyfqAfTGRXP2XhifVZmS1DJM7MYwwbcyIcuQAeo5zx93PPevVtd0aWLVrqdmRI476685iMmNTMxDc98HgHPBX5scn7D/Zf0f8AZ61DRdVi+J+nalfa9cXjx6RqljM0MMC+UdkDjcECs+1nJxwGBIBzXnVcbTowcny04xvL95LljJ3ikm02k21o+j8nr/RXg54HYnxZ4lxGR08TQwdWjhcRjp/WJKDnCio80YptXk1ayXbqz7F/ab0u4X9hT4GafEGe5jtdLaUMGDOsdqgDbcBmB7nrjJzjNfkBoOkX9rqxma1bMF3FO4lidURUkU5AIAKsBnAYqQCCOAB+8f7QNto+r/Ar4a6Daajb22m2MQbTHkj/AHCWtrHuhiZyPnkKKASCwJORkZz8RfDL4YXPxa8VXttY2dvqOo2UUCwWtoEhtblUkVF+0yEKoU4wRyzZ+bvVY/iLCYavhqdpOrWjSVOMVdzm4pu0Xq+Wy169lsf0bwd9CbMONnjcTLPcvyyjlOJxODqSr1E6fs8C3GrWlJ2Sgkrq3VtPofFtnpF7qfxW8Iau627WV14u0ZVWPaJYyl3H0T5XUKVJ5444Ne9f8FM9NH/C1PDqzRtsXQrcurEF2XyUwyZJYrxxgYJ46Yr9AfDvw38B+BPEmoaf478KaHB4mtrmw/suKVH8i3vCyeTJbzKNjysx3KAcA88Zr4u/4KBX9jqHxb0i6NkZ5rHSrW0nguGDKX8vhU3Z+XA4zjAAJ9D14HN4Y+OIoqDhOMoe0cnaVOaUVKM09Y6tLkV7a23Pyb6RX0bqngxleEqzzbDZrDN0q1KvQ1pyhCNNKcHdpxd9Grq22uj/ACfstIitXuLuN97LCZVjZCpVWIxuY/MWx1JPJA6gg1jW8Yhu45fLIMhcuykAAHOR8pznnAPIBXJIDHHu/wDZv2+a8kFnBbRvIA0YG5CvsVxxyOC2RyMYrDm8MxpcslpbRyFRJIxDbo1GMlcN3HHTnnGOOetR67JNW5b2avHZP3ndKy2SV9Lav+HKuDk5pKD1kl8NlduOqveVtFfZpabaL9VPA5LfsH2vlOZAtr4jQE5AyQgbIxxnp1J55wTx+SXhO3hkjjgmVTFLO6ySFS2wK7HaSQcZIOc8ZUgbTla/XjwNB5X7ENvBjbG66+rRBjgtlRxjHHQgL1+7kCvzN8EaJbSWdyjWUsgEskwMYbBYSHbGzMAABz6Dk5yckZ5a39fmlFSbu9tdVH1VnfbXtrc7+JsJzYDKk7JewbaXT4H5P5tbK29ylqlho8UMSyxWZiZ2ddwWOSXHQKxOD6nBPc+or7H+DMdvB+yp8QpotipB4sjuEG4MVXLA4wQAQSOCd3tg7h8AeMdP1GbX5SnmRWlnKXVJDlEA5Kqeg68jnPDcZAr7u+CrMf2Rfiih2Kx1xTuByCC3JHT3JxjntjNe/nCX1BPllpKKV1Z35ovTS1r3XRffp8vkFB08wvaTSUraJrTlt+Olr63eqPEfizOrfBWyiDowea3fJxkCWSQ885J7nvyf96vzjd5IdWlRXJzIqggjqAMFDnIIzzyc5Gehr9DfifYyj4IWkxAKfbbcxkAELGVOARtIJzuPQknnIIBr88rm1ljvzJjcBNuVjgHjDdeeee3UHAPp42Ei1Rpu71ndpN6K9nbztvv67np8QuTr07ae4tL2Vtteib7LS/kfSfwq1Yvruj291HK5guYxkOWZg2QD17Y4AyCcYI6H9UPiHG0f7Jfhm6QYB1jVCCy7SNgZxnjJxjBySecgFjx+SPwvlkPiDSLhbZ1kF0q+YpyoC9cggjnJIByOSME4NfsZ8SdPnl/Y58JybgV+16xO4xgMGQjbjAIJwQOvTr2ox6UsRhNVZzVn72tuV907q7SW7evQ2ybnWCxyVm1RbXu73S7a6rurpt7tn5+aDd6bqTG4GrWJu2s44mhkKh0IXbsGTkkYxkeh6ivEdaKx6hfoWhkCXMqAhhuJJYBsZwR3BxyB14IrO8I6Vd3/AIxsbOISSGa5ZSIiQNg+YFh1IUnJXnHJOBWB4zsrnT/FGsWzuxa3vHVPnK9wAMYI+UZByMnvk5NfoGU0oqhGcW3KyjyqV7aRs0vO2766rqfnecSm3Gb0jz6u+6vFJtWaT6u++jVuv6U/8E3lmb4ueL4mYIreB78IE5PMUg5xkHI9MYIyeevhWqa/dWXjnxTCbbzIotf1RXCMy7v9LmG5ugJyuQeM54IANeo/8ExZZ3+Nfia3diRL4KvAASxbBWYsADk8e3vxkAV8t/E7WrnSfib44gtpXhjXxJqZ5+YEG6kODkE4OByeq85PWsMM3DOsQlKUbwp31u21Zq69bp22vZnqYtKXDeCbjdRrzV273b5Xq389FZvTY98t9WL2iz/Z5GDM4IPzBQP4V3Ak9iRgDqO9cfrviS0sI8y6fCUkljLb1VJAuSTg4UsT3IXJx1BJrx/TfGurTxmNZyoQORgOAxQN8pXoMLwMdM4x2PKa14svtRnAuXWRYnT5DkkZYAj0yRkHORwcthfl+hrOo6blGbScfcSvbmdr6b22u/O+x8pT9n7alyxab5G1ZO7bina2q2eisk/NWf7C/tmafp1x8BPgDf3Fuz2+oaJZFOwVfIQlV+hySeR1AxgivzjsvAej38BuVBg3E+WMKflxw3zAkY5B7kd+K/Q/9t69Y/sj/s4TLILd/wCxbIqRwABaocZPQnbgnIUnOMngflb4e8YahHBHbgNKEzl1lOWUcEkAsR/eAGCTkNjkn5jLq0o1q1NO1pyasnunFvbXz6La2h9nn1OipUJ1Ip/uKW66KMbLTta60672Oxv/AITLcoZYL1F2hiAVAPAyuT1YfXJz0+Y8fTX7BPhHXvD37Snh25dna3bStVRZIjhPktpSGYAYBJB5xjofUV8sN41mjUrIZY95Ay7EKAeRnnjAJ9fXk4x9r/sB+Jzq/wC0PoEG8Mkeiau5iYkjIt5l6tkY9+5OeoFdGZVqkcHVc5SlaDTbt8TatdrZJK+99t9DycneHnjqHslZupZ20e8bPSztZf59T5w+My6xe/FHxzMdZvrWQ+ItUXy45m2OwuCFJVG+XAzyQBt4BODjhtM0DxdeXEv2bxhdxxxRlwhuJlDjb9wLuzjnOeAR04yK7n40yvF8S/iBKpDGPxDqwC4BbH2twMY7Dg8kgY+bOM15Baa9dW0LuZzFtSQtyyuyk/dViQxwPuqWA7nC125dO2EoaS5pRT+JxdvdTkm3pfs01o1qrMWZqDxlaNWN1GpKUk1a9nHVvZxu72a26W0OjFp8Q7CR5odaieRAqxZfLk7vlJ3HBB65znGTk5GftT9nG98ZXvwP/aBn8Q755LXTY1hkKjIHlHcFYDBJHXGMZ5z2+Bm8bxhVY3EbMxVQTMAwIzjv9CcZwAB0ANfoR+zFrA1T9nf9oNhK8qJYpI8gYMsWyFskcck5B6kZ9WJI5c+5pYFRq1KklGrSlZtPXnjq1t7q0TV9U7disjqYSWNlCjTgn7KouZRUbpwSeySemi1tp3ufDfw61HXdZ1V9Ltpb+CNHdpMSusEFvuYyTvggLgcjDHBC4yS2faPF3xy1rRvC8vwn8DatNNpDtKniG+EgWS+ckeZAH3KfIDYBGedvIOSK+TdN+IcmmRXlnp96bVpftEVzKqBZ5IndhsDgDPH+13OeRg8zJf2qb5or0pOzMWJbDMzEFicdck4JyxJyRivXhCGKw1GnUSmoxTTk7O6ikvidtLvS2iV1Zo82pQo0q05R92V5c1mo3u1fTZvVq3b5H0r8J/hhqfibVprq61HRrCGKPzpI7q8hjllQMGCRB3Us5IxtAyxyoJwa/Ur9obU/D/gn4bfBm28V2bz6Wnh21jnjhdQ0kAyrNET8pyqkfw4znjIr8J9I1u9jv7TbfTKpuIMyxTupXMseFwGHysM7uDtPHIIr9pP2yEW9+DHwO3qJpZfh5by+ZKu4EiDOSehxzjqc54O44+L4ro2ngMO3aLqOMVeK3jFK/dbJNt6u93fT6jhihThg8zqUE1N0LuVtdtNl5qz119dPWPDX7Wn/AATi8M/s5eL/AAdoXw/8Z6F8bWR7vwx4wEokkTVGQGFzcopEdskuWKBlIGODX5t6f+2H4tttXudZ1bVNS8R6msH2a21bUtRnkubV4yBA0aySlXERK+Wr7l6qAeRXzLYvcSJ9njsreVmcbQ0fzspJBwcfdPOCenPOK7Cb4f6newhl8PxszIHLxMAVG0EEAjG4ZB7d+7YbnwWRQwPNPklV9pafNPmnbmSuldtW20Widtz87xOQ0MfOc61SvUfPzP2lWUmrSUlFNW0Vra6rZvRHd+IP2kfGHjq81DVPGNnp+rzau1vbf2jcwxPdQRI6qhiMeWRwFUMRjB65zivsb4n3mhPF8IV1K4S2T/hFbSSBwXVHcBWjRjgYyeAeScH2I/PqD4Yauj2Rjt547jzonS2kZQhUOjEjP3lA4wMDngHkV+hvx38C3t2PhFCFWGS38L2B8tlA3bIk3AHjGQOAMgk4PJBrzs2oqNWlF0mpOzsk0n8Lk04t29G79dT7PIcMsLh5UqcnKEeW13dK6XM07v8AC7ej1TMT9pby9X0jRjpwFyrabp8CR7shmIUZALAncdoU8jnAJ4r491L4N/E2DShep4U1aOykIeC4t7CeeMRsN4JmhTCErhuWIC45AxX2l8VvCGpXVtpNjDbS3F+NJsms4Ld9oSRApLjBHzAD0OCvPNbXgPxT+0z8PrKCx8N6Te6jpVwSktrq1vBqNtK5UAoomVyikfLtUKQAD9Lo0qfs4OcpQWqtazd2no+7Vl1aOfN5zjXTjCF2ldy05dY7NK99Uk231sr6n5k3+geI7aBvOinjlj/dtGQySKVIyJEfA4xlt3vkgdfp/wDYetrpfivqQvEcXA8Oal5gZgAwMMgAxjHORk8ZBySe/wCjmhfGTwzqelXXhz4vfs8eGri5mVhe6tZWkNjqBaRdgeMKqbmEncHPHQEYHn/wi8B/D/TviHqeseFtBv8Aw4buz1QQwTOZmazeOR0CMWZgAWC7iuACvY84ZtTh9Tn7O6ukpJvTWz311bXbV3tpob5PVpyxdBNrnaSupJrmXKrJ3una+6S0avff4k0TX7TQPHfiaW9sZWiGt6gC6MV2FppF3KgwcjP8JOOScHIHs7fGDwhp/mCMTreSWhgDSr5iSGVeTJgFgQCORx2YtlsxeJPAumTy6vqBsTHMNTvJBK0cg8/ErEn5Qclc8jv9Tx4jqVpaSG6P2e1AhZRvAAf92wDKQ2cEhTkkA5OAAeD+S4zKPrGIc3FuL2mrOL5bO6Vl0739UfqNHCpxhUp1ZKaalGMJRWtk7Oyvo1+NutibVR4ZuroXdtqcDT3JaRoChARnYvtVwFIIIKgk4BG3uBXu37N07W/jPxXd2qhjH4c8yNxJuysClgcnjPy4JB9AOa+l9G/bE/Yt/wCFQ6B8PfF37K8Fz4t0vRJNMu/FunSwRy32otCVj1GWVSkocSYcxlgDjBwOvmf7OGk6J4g+IXiqLRbIWOkTeHJ3toTu3W9vcMdqORyWRGCliT0z9O3JsJHB46k7O0W0k278to7q1t9bbaWLq1cbPD141VOEYxioyl9r3YrR33v0aWq6XdviLSfGFqP2jH8Waz576VY3V8+pRQEtMkQmZQyqOdo6gADPFfoVH8cvgJ4w0qTRb3X7jTrgAfZri7sp2lRMY8tPMXy1x6qBgZG4Dp8W/Hz4eWPwn+Jr6lbWc6QeIbWXy4dzCPZG582bPQCVxkEngEdduRz/AId17wdrNv515LaRyWw2NGY4mkBHLBwQdwHQEY4GSSeD+qZBxzhshlVwspUU6tXnbm3q7QVl7q30dtdWn3v4SwdGrrUqWnK125WbS5bX00umpJ69Oj0+vdQ0/R/EURTw34807UbHTGWa2F5dxWUxUMcRplkcZG5cADByMdCPp39hyfw7q8/7QfhFbSK41O10u21nTt11DP8A6SLSUXU0DlmyqgkhlJz3OTz+aR03w7OsTWscbxTBmLWrOkhB5yyxlfc889uOTWr4W1+y+Fd9qPiLw74i1Tw/qOoaVf6fNNZTyF7uOZGRbW5Rn5Qk4yRwCTkHOfazjjDD5lhoT56V1JTlJSi7xUbJJWXKuV2V59O7u6oYT6rUjOFZTik9JJWtZOFrJLS6Tu7vrc+AfjbpcSfFL4hGG4Vok8S6kvmxlgS/2qQN8qnGAQeQB6jnBPntl4dmuDCIZg+8DgjcxY46k52kAnrnn14rZ8TPez+INXlu3uJbrUb+5up5yr7t8srMWPAJ3Z3AkAHJz153tG0+Ww+y+bcSg3GGaR4yEjXA4LYAUtnk9D1zwAv5VUzFVqkpU5fFN2cWrfEuz1373W7T0OeFOU6ju4u927R6Nr+9q239z1l1OffwRq6sZH2hcb4yVByvHBCgHoeB0JzjHQFt4d1CG4hwyOzEliFUbRwF3HjkDg4yeTu5HHXatqctopjtZHkZZlAlEzOgXjGAzHGBnJIJOeSTWJpWr/ZtRkW7Mrh9oXJwDuIbcoHAYHBxnnv3qHmcKUowqtqSdtW01e1m1rrdNW6b9LG9SnSUoKS23lbVXta+i6Kz66p7K6dNpVwGLO5RkJyQny+u7I4xjgkDAxj3NywggnuYrea7lt1BRBJCxDtnPAwTgenTA7tjFejzWljNDEQxzcoCzAEgBgSOefcEE/Me+7IrnbzRlhDGKWMMgLI4X94dzA9R1AIHJ5HXJHNd0cUqkYyjJ666ybSVk1fVbp6PZdLnVHBU1yz05d+Wy3dveb03tom195dvvC1rBDFcxa5qiSspI2zS/MBjb0PJB2+ncDqM8pf6bqlmsd1b65qSl5PmWS6nCiMn/WIS2SSBuIUg56ckmtCG+ukGya4LxQYI88kNsydwQHOfqQTyF64rjtd8SpNdLAYnFnC5IcMdoCkMdvJwM4bBxuznFeVjM9+rtUoTcp6vSpLR6Xbd2rRt5+tjLE/VIx1pxvdJNLqnG+uvXXy/E3ZdR8V2ZR4vEOqFU+RNuo3KvyFIYgSZGDyvUkYz0rTg8a/Ee2jj+yeMNZhULtBTUrkq2RjoZCxOB0x1/KuX0rVYLuaWdmBh2FVWUhtoUgbmBOPmIIAPBHAPQV0934jaG1gjttNs1Lui29xtQgKCMuwAIweSSOT0yR1ywvEFSbSc6sZOz92o7q1lbra/b0u90+WlDD6twTTtZKMbfZvsvVX7vS7vbp9K+MXxk08BYPGOvKI8BXWaSRQcnJJZzg9+vPHc111p+0b8eLLPl+MNXk3EbhNAGGM8k7gdx7kkd8LisTw3cLqFu6yRW5kR1JMaIUkbkksVBCYBxyQ2D75qHxbqcuh3CItvHLHJF5nyo5Uuq8bDggBehyMHoOa9mWZVqVFVPrdWMWo6Kb0d01pd+jb77I9CGEw8oKcoRtpduMV1jZNpeSaSV7avz9Ch/a2+PenFCNfW5DEALcWEePp/qwAMdD0Iz3Iqp4p/ac+LHjLQ7/RNbbTJbS/tJbe8ZYUSWWNgxIQoMgnPAUZxjnqB49D40SZCs9jbvKNgMZ2kjJzkcABgD93r97PHTb/tXT2tpyNPt0kZcQkqHDEqGAVlGBgYOM559RXNHiKrWmoSxlSSdrRlLWzaVuvZqOm7t2KlhcI42UYaOLV1om7NuLSbWqt0s/Q+QLvUNU+2SxKJYEguHCKi4HlqxwMbSxz1/XI6CRtQ1EhpAkwRgRhhKQSvBwTlQWJzgYx1HXj1XW3tLjXNOC2lvFISxl8pCY2Z+m8A4LdMjJAOSDmto6XA4OYkjUjI2x7lduCQwIPzZ/iHXt1OfWjWkl7lSUvdjJtNrRqLutPX0stNWzjoYVTekr2e9m7fDve3Lf7S021vdnhaalqakBYnMZjK4k5Yng7vx7N79OlV3u9RlaOR1IkQFUCx7lIHTJA4IHGcHJxjJxn35tKsiv8Ax6wknAVlj6HHJ6EYPGAO3AGOKDo9oilTDHwwIbyV3Z7H7uB/U4x05t1JuyjOd7b3fWz11t9ztbS2umiy++qkkr22St8LTe1tlbW10rNt2PnwC/lVmKP5hbcxVOB0xwFzkcZAAH1JGR7W7fDkSFycAhcA4JIIZecYAJJBwcDBwBX0C+k2yggwRLlQQzJ1OcYJwc89uoznGSKpzadFwBAkS4TfleWY5w2GAIB4PHXtk1narFXcptNvfa+iurN3eidujYLL2rtzvtZvrdq21unV6a7bW8FuEmt42meJwgQD/V4GSAAMHkZxk9wcZ6CuZkuZS6qpYxkfMpxjHHXjquOuMnPPHX33xJawQaTduYo2AVsKFwA+Mgk4xtGDknnJGOeK+d7m8BcPtUNyNiAdOc9sHgd8n+qcnGyk5O9t209bdtLbLbX1ODEUlQkl8SaWura1T6LZX+W2hIkrEkBj0z8w65z2GMYJI6gdTgcUjIzBXcqR93JAwORzyOvPXAHPfiqEV0GY5KgEADAKkHnlx0H16epySasll8kli2GfqTwD2HvwPRsDqQK5uXme9umjfePT3nfto92kuhyK93ZqySd7vpbdNX9Pwtsdh4ILL4r0I7wAdTiCjGBjdgn68Dp1PJ6ZH2J8cIoz4LtVUSOiXqckcD5FJBPQ9QQAcDoOQRXxV4MuHHiTQmBG1dTgAB+bktnOcYOM5xwR8pPfP6DfEzw/f+IvCVpp9psBluUkQuQrZVBheRuYE44B4yCeoNdeDi4VZxk/sJPS/Raeb2v8tbamlSMp4WWikotaWfVLz118++lj8/8AyEZtrKSQCd20hiq5I7cevbH6USxx+WkfTLAnHBXoOAc4OMemOx7112v+Fta0GZ01C0kTblPMXLxnABBDjC857ng4BIOc8sxZI/mVchsnuxznkYzkZBVvvAHk16EbSXuuz1Se+l4JvfR8qXS118jx7uCSlG0tN7vX3b6J3Wm2nrbdLpUH2jUbCEbsSX1vG3HTEy9iMZycDOcdSO9fpB8c9Cgj+DHhu4jhCyWM1oplKqGYtFGDyFGRjnHABB6dK/Ovw1h9d0rJYIdStixOVwBIDz0BHvye2AvB/SP426/p8nwo07RZZFe5SS0khjVhuYCNN7lRkr7cZz7DNfkXGaxceJeGFSjOUPrtSVXlWnK4xXvLr1a/JnvZdUX1bEuaWlNOPTXdW2XTrre+nR/FIOxI0TeS8SneNodT1Lq/8LAAYPb8a95+EX7SnxI+Gko0aHUE8TeF7kbb3w5r6rfWrxnKlY/PD+XjB27cDGMYHNeL2NuJmWRSTGFCBSOc7c9wc4A7dCM8UlhpStqKMwYOzvgKcDB5569OPu4yfm5BBr9DdCNWMVKKa0S3XSOvlq0ult27mWHxM6UueDslvHXla0smr2ertve+rZ+id/ZfAX4/6DeroV9H8KviA8as2mXUmzQb+4bDYjY7BCHclVAIwCCQelfI3j/4FfEz4byGfX9DludIZVMOs6UDqGnTx9UmWeDzFjVhhgCwx1Iwprm7u0mhF2zpJtjtkZGiYpKpA+/vAB4Oef4WwMgjA9U+H37RvxC+HNtHYi9j8S+H3hK3Ph/xCI9QtHhYkbU+0ByhCAgYC46DpxrOniqcIqk1Upx6Sb5tLaKWt0rPe6W66X2eIwGIm/bQ9jV3VSFktXFXa6qzV7tPdX0sfOkWkM7RvsZ/NkwinKspIJAOcY4OcEjOD1Aq9rGjOi2ScKQCMFQWPdgTkjggjIyT7gV912N5+zd8dUglkSb4SeNipLuGB8P3V0wLA4JAgjeTgbQAoY9ga89+KP7OHxN8Mx2mrWumW/i/w4EZ4da8MzLqUTwhSyPJHb+ZIrFcM4fGCcHHINRr05U+Wo3Grdc0J2d21FaN3UtG7a6bNaGNTAYiDdShy4imk5c1NuUltZOKeiSa18nddV8oaVpuq2pF9p815YywscXFhO9vKjA5Dnyip3AnGOxHVScj6T8A/tY/tAfCdrWDTfFd5rmm70X+zdeQ3UDqgUCMTS75FBAIPJOegwa840wLZAW0kDwzPLtlt7hGjnjccHfGwB4PUEZz24rR1CC2NkRPHE585cMAQV+YfKOydMHbjqQpwAQ6+DwlemlOnGSS10Td3ytaa7+Tb08kjPA5rjcDVfJVq05RndK8o3va6aemt9Etn57fqB8LP+CkHhfW2j0z4meGLnw5fs0Uc2o6eGuNNLtt3SeQULoSO4Xg5POCB+hHgj4seB/G1tb3PgzxhpeppOUb7PHfIl6hOP3b2k0oOVUFSGQAcDpmv5hrERy63dRxKxEjxxxxMgcK4GCzkfMQBxyTjHqMn0OyfWvDtxb3ug3V/o1ysiubvTJpYP3gYfeWNlBHXIJAA56cV8pj+GqFeEp4RunU0st4L8NNn3/DT9KwfGtWlCnSxsY16coptu12ny9+11bvd7PVf0q+I/Bng7xMANe0eITMxZdS0tJLO/GcnzTcW+0lt5JUhiMDjK7q46fwP8UfDsDx/Cz4kPrFi0eD4T8cWyX9rMp5W1jknV32n5R8zEE8Hrz+PHgv9u34q/DaS303XNVtPFmls6RmLVgFuoViXAjjlA3Ek5yWbB654BP3X4D/AG9/hnr9raS+KbO+8J3dxtX7YpW7tjI2MvlN7IA33ckMAefWvAnkmbYXWCdaCV/3bbtblulFa6W17bH2WXUcDnlFVMHCFSb96UFZzXw3XJdt2fVa3dtt3+OtM0fUWEPx5/Z0utKuzM2fGPw/gcW5xnNw0Foojx3AI6EA55NeOr+zv8J/EAu7r4UfGd9J1G7bzP7B8Wf6JPBLuytv5i7JMggqcnC9SDkV+lvhH4reHPGNlFJ4f8YaX4gt5QrrZSy27yOpA2pJbSksNynLAp7kcUzxJ8JvhJ43QHxB4M0q0vrgSBdT0tDpl3HJ1aRJIPJR2XsVbP8AOsYZtWw0nSrRlCVo3hJN2eiT5XbdW66PZXseRj+D6dWcnLCzhJaczhL4tFq5RTva9tFbS70PzM1D4YftCeDLUiTRYfGGlRRBReaVJDqMMsQGPM2QmSUlguVV/mwccN8zefjxfoOkagzeKvDU3hzUVgeCSXUtMuFgZgCWI3xqY+SBnjgkA9DX6ar+y/4k8P5u/hL8XNW0hlG+LRNdkee1c9EjQsWLIOhPJPXJxXI+JNH+M2jwTW/xP+Dvh/4maMqGKfUtKtLWS8miUYebYU80s4AI6HPfGdvo0c1w9S3M48z1drR/l6N+a2fax8riuEa9C7pSqxirOyu4rWLvZt93ovTvf8YPjZq+la/4i8Mz6NcRXqSaXdWiSW6BMAn5QqgZwBjJbJYAHouK+xP2bb3TbO20K7v5Hkh0VElngki3iRd3zq0RB3IuADkEEEDp09M174Z/sk+Nby3a/wBJ8RfCPxDAWiaO4t7iJbWeY4Py3AWDy1bqqLnBPQnFaunfsveLtGt1u/hL8RfCfja0kjY2to88UGoNE3zLFKCQnmMCQd2MHHJPTfG1aOOwrwsJXUoJSco2tdRvZ7O99G9Uj56rkOLw9T2qfM4tNKS5ZNrkb91pqzcbu1trI6742+NtE8Q2sC+HrDT4knIvJDDbrbTRSxKMKDhQqvtwUXI6kAH5q8R8L6reRLr8ks80a3Oi30DxrMQPngYbSM8L0BGRyOQOc2PFdn8RPB6C1+IXw51W0WFWE2o2Fu13bEBSTKJrYPGq7SSMnHzZGF4rjNM8U+D9UaS1t9TksJJ4LhGgnjMbjzI5FVXyAF+bOS33eQQTkV4eGyehg6HsoRUlGTlFvV8z5W3pdWu3203aSPNxqzWWIjWqKppy6JOKaXLZKzslZuzva+utjmv2Dr6a31v4v2UsxW1uDcjyXAKTBZ5QsYVvlH1AHXnGcVyKw6lJ8aPF9vpWoXejys0rQC1kltzHtG4GJrdlbLMd2QMNnJwTXb/sN6L4cv8A4p+PdJ1nxCNDtojcSRzyKBFdlLiRgiHcFcuOcAjAIxgE19e+GfgbpTftM+IfEF1qK3/g2fRme3vYbbA+0mIKCVPybg3UY7c54FePmcZYXEY6rLC80ZYWCpy9nzczSi3dpPS2r06Lzv8ARZVi5U1Qi69SDUm5e89G5J3bv7qV9L31Sv5eF6T8ef2g/hj9g0vTPHfiRrTzo8peSTXkC4fcqn7QZD5Z9FGcHJJIr2v4j/tzW2v+BrjTP2g/hv4d+JWhn7PpaSMixSxmXasl0AAFW6VT94ZcDnIXGPc/FPwG0bUlkutL8S2BeVmMVrqUSpGgC4GHOAD0BGR1JBPGfkr/AIKF+GvBXhf9nTwr4WsPDmmW3jBtVgubzWNJmVo7t0Cs8krISyh1G3YxHOcdefz/ACmWBxWeYOEsopQq1a1vrVLDqlKnL3dpxhdScu7jZXv5/a0OLswy/DV1QzSVSHs2/q1WbnTl8MVFxblFt2V02rpNq7Oq1vxb+yF8bfCPg7QrqbWvhCui6cLbR7e0keW3WKUmMMryKy+Vg72BP94DGa8T179hk6tBLefB/wCL/hnxnayP58Fnd3cUOolWJZQcSCNXOMYAHPPrXzd4x8P6rqXgnwZqGj28Mn2fRIjOtuitJ5ccCb2Y4OW4JIJ3EjkcAHyvw1rev6beIdO1bXNFuYk3r9luZ7YSOmSQscZUNnAznAYjk+n6tDJa1FTWDxDjKUm5RqLmSvytu/utXbu/edmm3qfLYzjWlmkoLM8DSqOEeVTpP2c4rSN1ayetumnfV29m8Q/s4/Gv4cai91r3g7U2tCj5vdMD6jE2FxuUWwdVyOc4yM4GcCvjf4jXepRfGD4dHUYLuzaOURRR3UTwzE7wu0o6qwZmPIIHc9c1+gXhH9qP45+EHt1s/FUuvWGwJJZa3ElzCuAMozTq5I6DGcntyQa0PiB+1R8G/E+p+Cbj4+fBvRry8S88my1/w9DFp9zFNkB5WMIRpCD2Y8nBGAc1OBw+NweLVbE01WtG0fZNXT923uuzfXW7dupw1IZPmNP/AGfESoVJNNQrJWUm4p2kmtHvfrZ20vbxTVdPv9be2S3h8xnmOFkR85YgKHIznJwBnIUFvl6gfV/wu8A32meHni8Rj7GZFeaGCQMFCuAFZQMMCV6bt23APIBrc0vWP2RPFDTTaF4w1rwdqc0kUkFtfW5ntVY4KCR87wQ2wkr2BxnpX1BoHgWz1iytToXivw74ujmtilqgvkt55NuVB8qd0+bhQAF7g4w2a+P48xOaVHSWEw0vZqScpOL5rtpK633V9Hrpfc9bJsjo0YybrU6rb0UJq2um2kt3o9r3fZnyFr+haTuZLO7uTOCCw8tirEZ4LdcZ6A8Y+hFcD8WfFE2jfsv/ABf8H+VPt10afceYVwFaGWLqMHapwcEgHJySQTj7G8TfDbxJZTAy6A9ntLB5odlxCwQYJUxZzwMHByBweuK+TP2jtNmT4PfECOQxoF0+NJIxGyPlZFG5MqpJGdvb/a9D+cYDF4nE5tl9HE0ZxUcbh5tyjKMU4Sg01zLuryd/RaXPSxOXzw9HEVIppyo1FeztaUNbJt9Hra2uq6H3l/wQJk3XfxCV5JlWPRtOaVCWCsUjRFIYnBGMFlUnpjqDX6o+LfFdhp/xA+I19fQXI0/RTJd311boWZYYkZwocZAMpAXB4IyQAcAfl1/wb6QwyH4kho3u5LfTtPPkBg0k0bqMqAMEZ24Oc/e9civq79sbxrrujfFLxn4V0Kym0rTNV+ztqckDhJXhIzJBImV3IxCgg4BwBgjk/nPiHlccx8RcwwyvGNXDYeUnzNK8IU07eq89b2uuvscKLkwNKU1zcsm2m2tFJJtO1krd3e/U+IviJ+3Z8QX8TauukeErG18PaZc3K2NxdIRdG33FEubhsBjvUEnqQxA55I8stv2wNQ1bTLnVRpEV/qrySCeKH7QYYxnIZMNtVe7Dpwc54DWPGnhDTdSi1FDp93fXl1ZtHBJCkiKGKjibYQCN3JIAGGzgKSR8jeKNH8VfDCztrHU/CN/pEmqK8ttPLaTmG+tmb5WEiKQQ4ywySRjqeAe6jwjktSh7KrhqFOUUl781eo3yK7Unyt929fVo/TKOb4Wmo8sPehBtN3bs+RK11y3Tbs5bP8Pa/ip+1f438W+HG0K1lu9GhOl3CXI065dmkjeJ1Kv83G7AyBg4yCTncfwSt7nz/FmuvIzm4+33jvLJndI3nsSWJz8x6n1I6/dr9SLi6k1FoRbWiw3U+nzRSxlJIlVTE5LguQp7jcQwBXkknK/mDZ2Mj+PPEFqkZM0ep3wwpyjFZWbPOTxgljyQM55wT/RHgzk2Cyb67HCUadL2nsb+z5U2koq8mtXd6t2s09Ln4p4nY/66sPySclCc9dGtVC23V9drPa+hq3Fobm9ZvniwYyTxgIOQx57+mcHptyK27SFbe7gWOQSIHi3N03nI52nGOcENycZyOtUbi6T7ZNEQEJUb8kg5UkYBHRuMY5xwMccz2cokuImiCYEiLhT33YIA7bdxOSTgjgk8V+64lScG7PbRvRdumys7K1tbdEfiFOV6sd78y05Wk7SWrt8lZJ2fdaH0PYFDGqgKyuE4zhQVAzjkZJA6HIJPpnNlbRDNHwWJkRhgYAbJUhcD2GD1Ynd15rP0nC7HAB2xoGUr0yAD1PJUdCBgHmt+2I81JVBIVlAwccliCDxnaB1YkH+nw+NqVU5O1lrfXfba2z0utdOp9TSSaWj2i0neyV15Ws7Xv+u/6N/s6+F7K8/Z0/aU1O5ty1xpvh5pLYugaSOQwthgzYI59OcYOOhr8lf2fVni8R6tIrsgmurs4j6swZmKMMA88EDPB5BHWv19+BWtRaf+y/8AtLRFTi78OxozZAKho2HTqNvDA5x7nrX5J/BHW9PhnfS2sR9qTUby7a8jP714TgKrMDkgH7pyTjPPSvmcklVceIJNuXNXVtrr3Ibp6+vm/I+mxVGLp5a7WfspPdavmum1fom07Kyt32/Qrwrc3cc1tJISI0CErKFKsR8uTu6lmAO0jkZGM/NX6wfscPbX/wASfCVnfadp19DqlpeRyJeWNvcJKkcRYApKjc56Z6YJHXn8gfDHiSwvpba2aJ42LhCxBOFQ4DEjjce4PXB/2a/Wf9jS9SH4r/D1AWKmK/iQsvyuot8gLhc8jnkAHkHrz/Pfi1XxtHI81nRrVaVWODxEoyhKacXCmpL3k1Z6Np9tLNPT9B4Kw9CWYUFUhCpFyjo4KXu+6rWktrO+uzem6P2QvvhT8Nry0u7i4+Hvgycpyxl8P6eSUHLLu+zHI/2sHkdea/Nr9uv4O/B3Sv2bfG/jPS/hd4V03xFpV7YvZajZ6XaWjxmW4VX3+XEgZSuQwPQAcZ3Z/Urx54t0vwX4F1PxFqbRxxQrFbRwuxUzzXM/lKiruHzbiM89TnAPNen/APCqvAPxP+GA8N+NfDNnrnh7xdotpc3dhNFnes8KyB94BdSpYsrKMkjI5OT/AA5w34l5xwjmeU59mWZ5pPK8PmNOdWMcTWca0aUoSnTUZVLSulb3lyu9m9T9mzfIctx+ExGHhhMNGtOm4KSpQunJWTVo3vpbo72te9j+BbUNb0iaaSKTw5oXmFwQioqkg8kfKAPmPGMHGeD0FZzXnhqdk3+FtE+UZcb5RnB4JAIHPBGPw6mv6if2yf8AgmL8EPDfgfSvEvwi+F0VlqFjcPL4ivvtc8kCaaTjd5Ltv3qOpABIBIbjn8xbH9kn9m5/FmhaF4tn1bR9N1qaNr/WNPuFae0XH7zyLZmywDZVSykhcnjJr++uEfpU8E5/l/13DzxzhSTVWnye1qQcIxd5QpylbS7WrvrtY/NqXgPneZ0p4jBLDThFvmTvCUbKLSs1e+v5tX2PymZfDE8xkPg3TXVef3N7Iu7GMnDSA9M8DBA6Ada5zU7zwJal4l8M3NvPJlT5VzI6hcknHOMBSRlentkV/TP8SP8Agij+yT4f+E+r/F7T/jJ8RNN8MW3hyTW4NQMVqyvMYy8FsUJBAlcIhGC65IOSDX44eGv2IPAXxCvn03w78UdXgu0aYWUd1bxyGeIq7QTTMvA3KAzqOmQK/V+DvHPhLizD4vGZfXxMsNgZqniK1SjUjCnNKLte99o3bWvc/LOIPDrMslxMKFSWGnVnJQioSjzuScdGmlZ3fa9/JWPyS1OzsdV+Kmiy6PaNFbDUbONY3kJcSxupY8npkDnPQZyR19z+O+jTnXNNea+ubhRaKjQliTCdqkqGGCRn1JyduOTx1vj79m5vg1+0Zpvw11XxZFq94ywavBqVqjRhlaJpFgdGwQy4+YoevPORVD4w3G7UYIon3TW2+B5HUjc0RCgcgdOpznJ7ZA2/f0+IcPmjoYvAVJVMPUo+1hUV7ThJx1Seq0T3vZXtZrTypZLXwlN0MXBU6ikrpSTcUrX630T2d9nrufOlro99iZoYdSMK5/eqzNHGMfeZgMDPXHX6jmr0Fpdwx5nv7qHdt8syTsEcMAeOTk9SSORwDg8j9LP2LtJsPEFtreh6n4f0rWog0dzK13bxzuihCWXLBm2/MNoPHTgiug/a88EfDLw/8OL2+i8FW+j+IlvRHp11YoYI0QH7rRjap3HJPHHI7GvyrE+M2HwvG1Pg2tgK6xFWtCjTxMKkeW8+VxnODadtWvdv6Wu191R8MVX4e/t+GNpckaUqsqEoSjJ8jjdRlZxk7Wtfq9dT86PB/g/V/GVzNaaVqMpe1QS3AuJnVSo/u4YgEDpjgHrjkC/rvg3U/Cep21jqcz3HmxfaI5IJGbeASQrZbttGeOq8Z4BT4MeIH0nxFdt5xheWxwVcgKT0x8wwDjpkAZyMc16h8Q9Ut7/UNDmUoWWB0kKkNwTg/mPbG3HqK+hfE+eU+L6GWSknllWmpJct5OTivtvW0WnddF3dj6+Xh3wjU8IsTxTShOGf4XFRpytVcqbh7WEbOm7pNqSaulZ3tc+0v+CW3wj8CfFn9pjTvDHjjRl1jT5dEvb6GNpWRra8i2GG4SRGBV4jkgjawPTFf1Uv+xV8JYLeOPTdT8Y6OXiCb7TX79yDGSAEDzEKo4KY27Tx1xj+bj/gjZGB+1/p7LEpCeHb4quMDZtQAH1JB9cHd7V/X3q4PkfwR4WQqoJXlmJwxBHPC9TzkkcAV/mJ9N/jTivLvFzBYHLc4xeFwTyXBz+qwqN0VOcp80/ZycoXkkuZpXfU9fweyjLK3DVWtiMJTnVWLqLn5feaSg1d6dHond9ra2+H7r9kDT7Tz20v4q+PrRYYj9nEupvcAE5znzXYfKOR1Y9MECv51P29/B2oeA/+Cj37Muh6h4lvvFUy6j4Rli1XUQv2oI9/xbMU+XbHg4xyD0znj+sO4upPLlaUqIkVgF35bfkcAc55wB0yM9yBX8tn/BUG4gH/AAUw/ZlnTd/x+eECwOWIP2/oeowST0OOowCMH576LnFGf5xxnn2X5nioYqi+DeJZRTo0Y1OeOWVWm6kKcZtO7WsrNPVI+m42yzA4XAYKvRpypv8AtXAJpSbV3iaeur17Wa6/I/py0W3LJGoAbMVsXbk7S1vF35BDH6YIK9Bzum1jEvKguNvJQgrzjOACO3OO+cZOCMfQtV0uN1s5L63ivXt7IrAzgTMGt49o2bmwGBwG7jr1IrpwBLdJwcGRVORwxGOOq9cAnOeOvYn+NM7oVqWY4yNWEof7TXajJct4+0dnrpbS6dtrebX75l/K8NQs1L93DZLTSOiT6Wbbeq6N9mvbrkAIARwWCkMBjOfl59OB6556G5FCobbtHGO2c545xgAgZJyfXjoBpzWvzAqM5znryOhPUHqehzx1wDT0t+ScKM5AK5BAYYxjkZI6dwOh5wPDdVx2cldctm3bpZ6v8L6q9t2eg4pct1dNJ30S15db3fVdbXeyTPNfixb+d8PtehLE74SrbiG3fKcqc8c9B2z6d/wD8MW8lh8c7eWYHZD4g2g5wFRZVz6bl2gDOR0ABACmv6CPidCx8G6rGQOQucHJJOecHGDhhnv+VfhHqmnGy+LE85BGdWeQNjaVIfPGeSDkk46857Gv7s+i5VhU4S4lwU3eNX2sU+q5qCi763TSd/K/3/y740RlHiTJ60En7OEbW6++nGz7K199V10P0nu/iz8LtKhuIdZ8S2lhIUETRyFjKXCgMCFOSBgcDPHH8WK1PC3xP+EVxbobTxxpUyurYjuHMIBJPA8wjaT0G3nsTzX5jeM7LTda8VeHra/g8yC51QpdMjFWlQPtfleeQMYwSSCQPT9FPAf7KfwV8T6PYvJpN5byyxBvMhuXJMhH3jliAc89gMckjIHNxfkPCvDeCw+JzTG5xB4lzm3QjTqQp2cU9HytXTTd29L/ADvJswzXMasqODw+FqexhFWqScJctk943TTu7u+/fc+Tv+CofiTwrrP7FPxQtdI13R9RkWOxbyrS8hkmObpRtVQ7P3xwDtwxwMcfMP8AwRDtoZ/2YdfSS4toHXxzIFSaWNHO6B+QrEbhhjx0ORn1Ht//AAU2/ZD8IfDj9lb4h+LtC1jV8WMdq0enStm2kMkig7yJCz7QfkySCew5r49/4JC/Bq8+In7Peuato/iq70W4sPGD2Ulqs0kVvMTGXWXbEwAkyAuTzgYBzzX7BkNThrEfRmz5YHO6yy18W4R1MXisPJSpVXCj+6lThJuV1tJNq10lY+YxcczpeIeBlVwEZYhZdUiqUJJ3jze9JPstVs7O1uiP6INK0DzB5aSq4yXLK6MFGMAYBJIPAHPPbvnqYvD8o2o6AqACzFPoxB29h2PTHBzXx7afs5fGWydZNI+IEsiqcqv22ck7TgA7mwcNhTzn/gPXSb4f/tS6OR9j16e725ALSRSAj3Lk8EdM8dOO9fyfjMoy/FTf1PizLWm9qjqUbap295aK2mys3dO2/wCrUMwr0kliMpxUUkl7i5k7tPW1tr76/cfV76P52pWVuiAucB1GQFGQCeCMkAYGTjt0BI9n0TwXYCBZHYO2CWVh2wSW6DHPAViMcAjgMfzbTVP2p9J1JGmto7me3TOFjhDMgPXCjkkemSATyQM11P8Awuj9oyxt3TVPDtwY0PzGKB/mHT+EHJI9Md/bPk4nhHNKs6McPnmU1IRtb2eOhdtqL7LW3Rb/AHnWs4wKpuVTBYmLdneVF2Wys2k9F19Hds3v2wfD+lOuhNFbws8TG3cxZXiXrkrghsA5z3GQME18R/8ADKnwt8VKmo3dpqMN3dOZJXgvJim8rywRn2rySQoBHUHAxn6B17xT4y+ILOviDSbi0kt0RkaRCp+UhSSrYPQsCVGepyOSb8OtaV4PtYZNZEiW0rIRMqswjLgFwwBzjr2xjrnOa/duEeIuK+FMqwWXZTm+JoYuN1JYXEc8ZNOMo25XKMk03a130s20fmWe5VlGcYuticVg6NSk3eMq1PlcHZLV2T1S+Wh8/wAP7AXwz1Qo0Gq63blhkBZQwXBwrEMOeGGM53EMAR/D3Wnf8EtdA1O1Wa28eaxp8MhwFkjRzz90lsEcfxFSCTg5JIr6Q8O/FP4YPPAsfiezUkAiN32NkYzwzBskk56DPU8gj6t8KfELwfc2lmsfiTTrhHK7IxcxgZHBBGePkHtzjnIXP0eN8afFnK5w/wCFXM1sv3lFS0birtum++99W+i0PGocE8JV7v6rh9Nfcm1quXezWjb06aXfl/Dt/wAFSPgk/wADfjUfBa6u+qxWkFo0eoOAs1xHLu2hghKgLjGeCcD+HgfnTFaSJsH2u5jIIw6Tup6cDajDAyRnA/mM/s9/wXJu7K9/aYUWssdxFJZWEqzwMHj3HcSqyITkHPPJGVwSCBX47W8CbVQnAGGDHlmAHCgEEYxk4OCMYww6/wCqfgdmuO4h8PuH82zSUqmPxmCp1sRUnHlcqkkudtK1rPWy0T16WP594zhRynNsVhMC+WhSm4QipJqys1a9r7pXaa7O5TRNVRs2+r6vDGuRujvZhubjHRgc88jqeSAcrVWXVPG1ixWz8V69Ey4IP2+b5geSM+YCMAHGe3vgV0sMEmz5CUfOQpB5GTg56bRkfjnk0y6s2bILcSBSWKneueCBjPB5HORgcHtX7FGiktFvez5tOiv38rd3qloj4t5hVe8m2rNJvrppfS1tvvV7JszrH4ofF3TlVLPxvrKRgtuLTyS9eoO5wSMAg9iT90ZIrobf48fGq1KxL4xvZ0AJKTAMCM4O5SepBAIHc/jXKtp08aEAKwGe5BwxPUYJLZySOrdueaa+nFSMfOxwQBwRt65IGDnB69OM8mk4JNe8m1or2e1tm10W1u2vntHMqnK7NpLdPfddHdK2i6JJ69bej2v7S/xqtZYg+sRXKICNstujIOvOCvzDoBnjODwAcb0H7WHxRhKm9sdGuwScM1pEcsqngkoTy3PAbnOfbxEWEgfEikHnaARgjGc/Kc85B5wAe/OaryWDEqNpBJ6gZXB7Y5yCD2HX65Meyk1y80rNteV9FZ7X1v8AKxtHNW7c0YydtE0r2XLd9eu1/wBGfRsH7W/iIlWvfB3h67xnzVeziy27PfbwOmQpIwBnGMHQi/ah0K9dzqfww8PuCApMcMSBc5BJwgz/ALOcZI6dK+cTpEDqu1SxwF+VRkg8nJ7nqMgjg4HODVR9DtisuUKrlgVABGDn0zznsCPxXpDpVI7VXpsrtJLpqr9dFZvp3NVmKdv3UNV2S7a6JNaXX4vufQ97+0h8J40t4774XWYvElaSG9i2RmEtgBkIA+6QGwO2BkEnMbfFn4E6/N9pl+HBaVlzczxShhcMQTvO3PXj3AIr4b8bxLBcQxR7iiA9SOeeQMgdegI56HoK9s+D2gWuoeGnkePLvOSHKhyCoGAOuM4GSMDj2NediasqU7uSbjFLmb1s3FNX67Xv6aWbv3rERVGNT2cYptX0TWyWt772S9GtNT3uPxP+zLdlhdeDL20ZzgKsspAO3k7h3Bw2OnUDpmmyRfsq3qgR2+q2jspyA7hUzxjnkqoHIxzjIxjFeXax4USDcYoVWRT0VMjJbfkk9M9MheTj3xzqeHLeQNvjZduEIEeDnG48gcHPYnGCACcGs44qc0uWbbS01b7PXW3bZJ2M4Yyg006VPV7cnLd+75W/4Z2bPcl+H/7NV9sa18Xalp5cZKnZtTPIHzA5AyMg89OOtLH8D/g5fspsvickEe47EuipAwcjkBcE8YyADnkcg14MfDcHzgxvGR8qEAfOpPTBPU7eRnkc5AGakTw5k7N8kbAgIoJ5HHHYgjsxBzjBIxVe3rK7TVm/O7ty9W7eqs3p53K9thJLWjTv0SvdWce3VrZLeyfZnvbfs1eE7iRf7O+KOjzK2WXzSvPPBI3emMnrgds81r39lu/iUNYeM9AvkYsQwnjQtjI+Tcx29Dx1OOcgV4x/YtzbgmK5uYmCcFZHBO4nnJIAPTqMA/3QCKSNNahUiLVL+NlXhDNLgHcCVHzEAZwSQeScEk0LEV1dXjvpdKy2srq91pq7q2y6mieBbX7pJXTbUpdo2tfpu21bazPXR+zF47hKm0vdKu0ZhtMd3ED3wD+8GM9cYx04AIpL39nb4o2iCR9Kt7iJCMmKaNyx42gbWJ5z1BOepOenmNvrfjO3LCHxBqMWxshftcmQQCFwCzDGARx7cgiurs/HfxNs8eT4o1JwqLhHlZgehG4MWzjIJyckdPSrWMrpNSj56b2tGS+W70/Qp0cum02pLVLdafCk2no9Ouml/K2jB8GPiLol5Y6rP4aufLsruC+IjUMrLA4kUcKW3ZyRg9M9ia5S507xrq3xfn8UXHhfVIlvdVWUGS1lWEYQKoeUqARhMbsjlhngiu7Pxx+Ldmgtxr5uIwGLCSNXyFGQOegPAOCcjpwox6v+z78TfHnxr8bXvhPWLmxg+wWLXEBgtkEs725/1TKkYwzg5DfeOQAOoXy8yzCjgqU8fXVRRo07T5Y39yThfltu9E7b6J20Z6uU5Xhc0xVPLsNN8+ImlFPlV3Zb6u2ndN/mvTPGEry+CkaK3jaN3IMhAaRgp4UE4Yg4xkgHJ53DJPy/c+SjyFyYmbCqiL06919exLA9Dxmva9S8a6fqfgueCO2mVbaMMSWKoOuSzDByVBIAHbG08MfnW68Q2LbnhiJZmYoJPn7kAqTzk+vQdAK9HG4dSqqVPl5Wk7yeibUdb6Xt12u+vRY4TFVVCXtarlaVleTtprfdN9Fp1aNRbKMgzhpZCzoBktjAOABnnODj06YGDW4yKtxY7VKKjrweQzY+6uCSOck5xnJzkcjiItfmURjaQA2AuPkAB4OQAxJB9yTjJA+Y9U+qmWOylVR5iyh/L2AqCMfxYwCw6YHGei81xxwztadnB200SS7X6LSztZ287N7SxkXNNTfMmna69576J9G9Pk10PR2Ux2j3NwAoUNJEhXnAT5fmUZGeTg4GO5xk/pZ+wp4lOofDLxNpCeB5NcXTvE0Oqy3cQzFb7mRUaaLkyfN1AySM8jivyjudfnmmkiZFhhWJgBI/yliOdoyAe/baAONuRXpfwg+P/wAWvhV4X8U6Z8ObzVI4NauN+py2emPeJA0Tbo2aREdY9zD7xOQVGcnFefj6EVSlSSjG9td1eyb3vbolZLTrfQ2xeMjiKDjFtO1veba5rK9766vR2ta+1j9X/wBvW81nWvAt9aadoUOm2i6fYXV7PAixW7Iiq2xIpcSKQAd2B2zyBX4GamLprgCRDtBJUgAI21V+6RntngEepzXunxB+L3x88bab9q8aX3iyTSpraNftNzZT22nzoWKhVkMaxsMgjAIGMZGQCPnG51GaRFgcBdgYZZtzYwSOTgjIIOOg5IADCssDRhSg4uaaTunzLTW9rXV2lfR6aq6tvww9ryxbTTer5btPVN29O61v0V7vqdKtBJAZN5iVWcpk5ORklQc8Z24xgfMT17ex/BTQdF8SfEbw/pHiO8Njpd5cl55sGV2VMER7e4kPyjAzjGBjmvANLj1O8QRWNrql6pDAR2drLO5b0CxKxJzgn72Bk4wOPdvhR8MPjdeeK/D2teF/h145vnsr+KZDH4fvQpjWRSUDyxBBvAP3iBg5XpSq1sLQ5nLEU4NWfvSgrbLdvls+217M+qw+Oxssvjh6VKtKUVpypy1tFK1r72tst1boz9bPH/gP4L+Gfhbb6zf6VNrb6VelLPTZw9lEyK3y7ETapD53ncpYKV5wSK/Lz4ieItE1zXr3+w/CWleHLdoWWFYJfNdAoOGdn5ViQMjGOT/Dwf0f+IHwV/bD+LHgZ9L0T4T6rpl1etE0EmuXum2UFkY1VXKxSyIweRQWLMoKg4yMZPhekf8ABKr9p/UzHc+L/GPw/wDCZnRDcxXN+11dQncu9JBb7txUAn5cj7vJArzpZ1ldNKFbMaEkmnd1IOyvFJKzez3S7ehxUsJnM5OUMJWV7RcXGyurWk+ZXXXVPTrfY+ANa1EvpWm2oIupIJWUiAgKgJwFJBwTjBGRkc5xjNdn4bvWj8J3907W1qI9TijBkZRLu2jcQgPIHOTg9STnt+lHhv8A4JQeG7JFHjn473V2yOGlt/B+mSSMpB5UNdoudxO3PTrxxgfRnhf/AIJ4fsmaJbJBqlp8SPGcqFZZDqN4mnW00iDiRltZAwBA5G0DB7HryT4w4fw82o1niXG38OEpx05VZyS1W7uraO/Y6v7CzmvFOb9nzJPmlOOqtotXez013XVn4eTeNtPhup1udTjQLHgeUBl224OFJOCeSMgE4wAABnnk8T/2ooh0y21nVbiSdUVLKwuboqwcfdWKJsnI6Annr1r+ljw5+zP+yd4Qkin0r9n3QbmZDGI59c1S4vi7Do7wTl4ztxuK5ALH5s5Ne0aZb+BPDkPleHvht8O/D8YkyHsvCmmtcIw+5suWtt24YxncuGHLda5a3HdGpHkwuWV6sWtHbkXTa7ck9N7LpbojWjw7Ok+atjacH2TlJptRXV2b0t11TelkfjH+xBD8YNL1DxRNa/BPxNrdvqVvFHa6hqel3OmxMRg/ZfNmijWOKQAF5Qd3uOQ32T8TfgZ+3T8Vob3RNJ8PfD/wX4O1XTVtpotY1exnuIIGO5oI2eZrgBQAOgyc4AyK/QSTxtfxwSQxau1jHNtElpZW9tDCUKhSBHbqAOvTqAemMBeduGW+uEYW+qakfLIMpaQKS2QVVScAZ5IyQOuM1574szepHkwuAVKL1XMm5a8u99Nnsl5XNFkWRwquvjMXOpUuuZp9FbVWejSv0XQ/I7SP+CTHxDvJVfxr8bPhz4ZRgDKmmpPdSx7T84Hkggk5yDwuSM5wAfa/Dv8AwSp+Ael2yw+MP2gfFmvpuM01p4X0uOGOR1zuQPcIMhidpYnByOuOfvcwx2yg3lnZ2KjJL3t6kBVOSSTIwzz1JBOOvYVzGtePfh/oIMmpeMPCulgfKSNWhlI46tHFIWJPPDDrg9ORxVc14rxN4wcqTvb91Rdn8PV38r662avqdcY8K0UkowqLvOo21ey1V0n5XVt+u3h/h/8AYK/YN8NNDIPh3418e6hFFtabxBqs9lBPtON5jtnA29c8HqSM17doXww/Z38BGL/hCv2Z/hxpskXMN3rcJ1uXZyFMkd+skZYFc57N3+8D4r4i/ap+A+gzMt18SY9QliRgItJtZJGJUdQ+Cm08Ac4J4x3rwrWv2+PhVZTOmkaL4o8QOquAbny4bX2xkgAd84GPbtjLKOJMY+fFVsV7yV1zcis1FO6TT872WjsX/bWR4SKhQhQVtfhjK9rdbPWyT228z9HD8Sdf0ePyvD1j4J8L2yBUWHw/4X0a0kjA6KskMCOWXGEOAwA+Xj5axtQ+J/xEvotk3jrXwko4ispZYVEXQgJF8qnHy8gAdMV+TXiD/godqq/L4b+HGjQqDxNf3c0sxx9xSkasA/JZsjA7dq8r8Q/ty/HLxBC9pp19peieZkGHS9MheWKNgVws0sYcleSTkHj0wp7cPwbippSqyhFt687c7p2T3ut13Xp24MRxrh6cmqSWkUlGnBR7bWSeq6t9Len6+6jf61fzrJqEmqagvlljNqV5cIWByeTM6gkklsgr2A4INYkl7p+m+XNqOs+HtFgwVLXep2JmQqS24iWQSHg5yCFOAADnNfhhr/xT+O/i2GNtV8b67FBuLRvLfSWELoGyQpidNwHAC9MYwMCvNtQGo39zBL4h+I6OXYIsLahPcSNKRwgDucnJPykAk8mvWw3BlOKSnOLule0bLe9r363te1r9LnlVOL61dPkpyWm93bRJJ3sk331+fb909b+OfwP8LSzDXfihp01yg3G205WuG2k/MubbcuTxkliT2OMivHta/bb/AGf9Mnf+yYPEfiRo0Kh7YeTG3BJX96AcNnBOB36fKW/HnXLLwroMUN5qetXZ3EwSyopDSOQSCM8FSvzE8jB5OeK5L/hNvh9pqf6NDqGpkOdzvKqbiOCOoOAeDnpnI716lLg3LU1Ko5yaSdruN3ppZOzvvrbz2OOOf5nVUpUbvo3a9m7Ws9fTtfufqxrf/BQ3wupli8N/B6C7O0mKTW718hgRhisJ5BABI4xgnkE48q1n9vv4xag7W3h3wf4O8NxSIQjwWb300a4yDmZGVscFgcj16V+dM3xc062fGn+H7NVUEK07h2BIPJIDEkAA5JPUH3rm7j4yeIy+LdbSyXPyiCFZCFPQgkEDt948HkYya9OlkWV0YKMaMbrXVc133vay6erfkzleNzmpNP2jUG1e+j05ei3Tv1dr/cfc2t/tPftKeIyS3jO4sxt2mPS7C309UU448xI0YgZyNpz0HQkV5drnjL4j68pXxH8QPFNzvP74HxFNCgAGQPLE4AxnOOM8H5uSfkTUPiT4pvWUTavcIu1uIgkYww5Jw3yqOPz5wM55p9X1HUJFC6jf3shG50iLyMA3BBCnuSeuAcYxwMbQweGpRfJRiknuklZe7f02fS+uuu1wo4utKTqVqmiu0nfV7LW787a21a0TPpa4XRLWRptT1yO/cknbfajPdkZ4IbfK24k9ecEk9DjFVPEXw8sblZZr5W+zgvJbwW6gSc7isb7eRxxz0BJFeAQeGfGWrSIum+GPEN3IQcSLp9w4ZT90g+XjJBxn39Aa9B0P4F/Fy7kjuz4OuFgk+VpdSkhtY40bl2ZZCrA4YhuCcHB4rSVD92pxikk4ptbLm5dVLTZa9rejKp4RKTjVk58qu73T6b25W7NLbbXXU+j/ABKPAFp8Nh460i2vtS1KQpNFZXB8u2MGQGDgYGVIBDbcjrnrt+ZJ/jFfMd1hoGnWY4wzRq+0YHAZgckAg5yOgz0r6Z13wotj4DXwdrGraZpoltED3j3MbQ2ZLKGiHlMc7CTnHXHGcZrynT/hL8DNKWNvFPxaa/mRUeSy0S2MiSZHMfmScKw+6TkLxkbeBXRXw1Og4RhrzU1J6p7cru5dU+i6WZGWU/rDrufs+WnVlFNtaRXKle/W93trpbVnjd18U/E0zOouo7cHnbAiKm3PUKOSR93gnJxjkjPPy+M/E12zKNX1CVmJZYoWYsRzjAjyzZ7LtGMgY+avrqw1P9k/w+Wex8F6z4omiUBZ9TuTFG7bOpjiYnDHptHQ4yepf/wvTwppazxeDvg74WsAwZI7q6tY7mVADhWDXCHDLkEEbeQ2ActWMKcZ0pSjz8ydlG1r6x1u3bX9LHo1KeDg2nVp3trya3+Df7no10vvqeG241C60LTUuEnluJm3TPdiRZGDkAIFfDMCduCN3O7AzW1Z/AH4va0zSab4ZngsrnDRXUskVpG0cgDbhJMUBBBBx1xnJJyTS8RfEDV/E+pLd6pDaWTIQgazggggt1Uh0WOKMBd42jkgDHJzgmszUPiV8Q9Wlewh8U+Jr2GNVhtrPTjcFPKVQiKFhyAcYBAx9O9W8LiKsUqSS0WrTdtttNfW/vHBhq2FpVZSqc0le+js2/d01V0rduvzv6fY/sweJ7bKeJ/GfhfQd0e8i41SG4liUEhgVSRlLYGCoB564PWeP4VfBrQjOnif4vQXE0ROYNGsnkaWRcghZdu0rgMMhh/FtIBIryfS/ht8ZfFLsdO8JeJdRkmAaOfURNEjB+QQ05UHJHOdpbHGBmvT9G/ZA+O+rrFJfWWjeHoWJYvqN1GzRhwcsBE7NkYHJ25Bx2ONqeSYupCKl7WTTXwU0lKzWl3tfprfdWd2dEs3wiUlToRTSd3Kerd1q7O+jtpq/wAzA8Qax8OvC3k/8K/1PU7yEoZbie/2pNJJGQQscRAyJOQSBwMgYGa7PSv2sLfw/YWlrofwt8MzXlvDEJtT1KyhnmuJUBHmuHjILNyc5xk8ZyK7bTP2D9WuJLafxJ8RNJiZc+bBpNtNNIyjGQpkUqGK4UA4BPuvHtXhf9iD4SWsO/VtU8VeIp3fb5biG1tiR2zG4kCEnGcdPfNenPh/EYr2SlSUYUopaySu7x95q6vdeT3u1qjgy7O5YSdaUJpzqy25Oblfu6QbSa0urq727nybf/tq/Gi5eaPSRovhyEgoraRplpEyRgkjaUT5sDgNtJOOeSccLdfGL9oPx1I9vH4l8Z6iZmIaLTILpY8N2AhAADZGMgHPfGWr9T7T9n74P+D9FnbTvBGlwXVtkx3WoXDX0zAFiNyTF1DEdSPQk4GMdR4Rg06ym222m6XpsaImHs7C3gARRw25UB3kYwfXOMdpXDdKnJwtTdkm7Qu73jvzJO9ml1v6b+lPOsXXV5VqqSavGLUbapPfW/y66vW5+SWm/Az9orx1O0o8P+KbsONxl1i8lgRlOFyRcugC9ScHI7buK9P0f9h74q3ksR8RanoOgI7gss1wt3IqkgtkQO2CBkktk5Gc9j+s66tCpYC4nmQ7hguyxtGeRwMDnJOMBenHIqktzZh2nFrCwlIP7zDMmD82GI/HnvgDk891HJKKV3CU9I9NFbl6WbfRttq91dann1Mwqc1nNu7T3lLWys7Xd76b2el7J7fCmi/sIeGIPIfxF4+v7vBBkj0a0KxYTlhucDJOc9f5Zr3nQP2bPhD4WtdllpGp6oJImWa4v7gr55wSfMjDBSCQBgYwDkEmvoFdUjRAE2lCrfuwqqBzg5wADjGPxzjPTDu79ZJW3EhWZFChjtH/AHzgZBGCD15yeK74ZTg7K9CN1a942elnbqtL320+RxzxlXndm7WtZe6m/dW93bZ3ey7WSZ57p/ws8HaWhj0zwtoNqBlo5JLOG5dVLE43upPQHPfrzjgdRb6BDawmKBYIFBAcWttDCirgMQFjUZ46EAHp0HB2VuLZHkO/cNp8zPVCOFVew7D5cfMQDjrWTcamA5kjDgN8mCx2lVJyTnAJzy3ALAheOc+tSw9Ok4clOEXFWdkk20ltblWmjV+3XU4qkXPRtpXvyptpaqyts3uv5umjdzM1NYtOjjCySTQzyJ8ryMSCAAx28DjgHC9dpAHymuj8MvZNFKXkVgjDKEfMfmBCggYwOpwPmzznNcHrN1FdRiRnygf+E/cC9wT3G3kZ6YIFTaBdAxkrK6AbmwTkyFWwDnlSADnngkevBzrt1OZNLZWSslst0+i6pbpW62d4eEoTSUbpqyu29fdaemr12Ta0va1j29tQiW3hEQijOcxsq4YDIAVsD0wBxj0IJ5STVnVSqEFlUsW5CDAPYYBzyOMnnC9FNcCmoROgdnZjlVK5IBwMKB0656YwecHNaAvoxEWDDLRuArkBVJ6ZyMnBLMSB3weevnzioxc2+qtd7aLdbb2trun5M+gw9WTpuys9NL9HZ6dFdNfPZI8X+NGqi00y0uJThGeVmCn5iXGOpwdvfPQY468/GOu+Io7m3l09xKv+ju5Y5y245QYwcBQVwTgEMFz2P0X8dtQkuLZLKFkmNjiWUptbaHBOGAxjaRwvORkKSOB8fatdnzZJyI1uHssKFOS+FJzt/wBkDnPYdznHFVrPlSpq6cEm3srpXfl2S1u21bY8KUE6kpVFK7nbW+10tLpXukno9bWdrH0t8AJobTw7fTO5DoJmjQg9ASfn4GRwMZHT7tXNN1O5uNZG1yI5b+RvNQ7CuH4PGThcjrnJI9Aa5f4fzSaJ8Or3UiD9pltJymMEMp5xyOGBByfQehBqh8O7q7v7q3mlWQt5ksr/ACs0YQvuxkgg49Bx2IzivJg7VqTTafNzO9rJPkTT7Kyd1vv8/fpRvQSVr8uyvdX9mnttpdvyW/f7R0yaOW3UM0hLBAZCdxkxheCRgAsckZAB6DNdK0wwpUtEqhVC8bmIUYKkEklsc5IOOe1cHY3rQ2sQ2BQWBLOQoXIzwCQAON3UYKg4xkUl54jtbdPKnv7WJi3zO06KSpwRtBJHHQ/ePIHpn26uNhCMZe0i3FK3K9Xdx9dXfZ6tvujCMJ8zv1s77J3aVrPXVu1lp1336cTCRwo+SQs7Fs7jjPDEnIwBknI/A5qjcO7wsu4Fd5Jc7dxx1A3dQSOh46geg4yTxjokU7IL8O5QkrAu/PBJ27c8HueCeAPU5U3jONoR9ksLiYeY3zyv5ak8jjcVIyM5I5GByB145YuFWorXemtrS/ldtX1tstWra6q1OPK027OPmrO9lrfTaOqvpuruzO9sZ4oyxYJG5LMAACzDB68ADJ5Ckev4X/7REcRUqAWIO4HbweAckYxzwMjDDvxXiM3jDVmMjF9N00beAzrLLyeGHJJIAIxxliAT2rLvvFkSRM95c6vqskKbnj060lZAQORuiVkCDnrgE5YYI46IPFVZ/wCz4OvVaaT5acprTlTvyx6q1ui3szHEZxluBpp4nHYTDJppyrV6VO6fLdPmle3bS939/tdxrtnFcFJJ4VxzgOGJZRkEgH+LGcnOTwBggHEl8RQzpMYkZsM2HcGOMHlQMtwQc8EZ5/AV5f4EtvHvxP1afTfh74A1HUJrb/XT38MkaRKcgyySvheSNxIO4c4xnj6q8P8A7FXxk1u4WTxJq+keHbadFd7aOd5Z4w2DjYo2DBGN2Ac5PINfX5PwXxjn0VLBZXVhSbsqtaKpU0mktZVLLXRu3k2rn5Rxf4/+FXBjnDOeKsAsRTi5vDYabxeImrJWVOgqsm2+je9na2h4b/bdvHcFrq6VP3W1VtsyndjhS6k4xknnB5zwKq3niCyhwI4ZZ2ZV3liSDnoNg+f2fqBzjjr+gPhn9h/4d6OYLvxb4wub6S3GJw08FlbHru+YyKWwOAV5JAGQMrXpqaL+xt8LAk2q3vhq4uLcAym9vI75zjqCnmNnoexIb15B+5wvgtxBGmq2bZtleXQSvJSrKpJLR6pNRu9rcyW/ZH4Dmf04uDZV3heE+FuJ+JKl+WDw2BlTpzfuxjy87lUer2VNbt9bL8rRqGv6mzwaLot/dFUAA0+wuJ5CRzhP3RGRwWO08fSum0v4U/HzxVCF0fwbrQaZlVXv1NkojP8AGEYR87SCS4HTknq333rv7eP7LXgQSQeFdJ0++uxuEK6RpEbbRngCTyTuPBPc/wBfB/FH/BTnVL9JofAvw3uJlbcI7y/jjtVxhh/BjCkA4GB8vTrxUuCOBcqTnnHFkMTKC96nhalOOqS0Shzvu+j16tGVLx48feLowXCPhPXyyFXWniM5hXglCVuWVp/Vlte7d12te5ymgfsOfHPxOsY1PXtG8MiUAyCa5aa4Rf4v3is21lYYwNpGOD3r0+6/YD+HXg7TP7Q+JHxqF9e+Q8kllZzQsZGVcmGON3aZXIBOcDBHpXx94w/a7/aR8Zxyi1vNM8IwE4QWzoZ1VyOMg5yM8ZGMg8HBFfN2ta74/wDEl8994o+J+oXU2whlt5XBbczBlT5gVzyCV5wRjOMHiqZ74OZKk6WXYzOK8NYurK9OT0te8kmr72iu+50LhT6WvGTUcy4lyThHB1PjWX0ufFQi7XUX7OVnZ63qN31fRL9avhV4b/YW8F2lxq/ixluprO4eKJNfv1eRmQEmX7KhZijnoCp4IBHBFetX37en7Gvw2jEPg3wppN9cWq7YhpuiWhZhGOP37RMxJK4ySTgcHgNX4H/2f4TgYzX82p6vcM2TLc3UzEv8oIZC44Y8nHI6f3q2INT0KyUCz0O0wwBV5BuYd+S4J6EnGQfrkipr+O2EwNGGH4c4Ty3BRpq0KlSCnJNta2jCKutrvm31OrC/Q6zHO8TVxXHPiZxTnMsRKMp0KeLdGirJJwi5Sqvlk1fSMXrsfsL4i/4LA6wIJrT4f/DaaNGO2FpFdAwJ+UgQooQYx02lVwemTXzv4r/4KNftYeNDMulw2vh60fKIPvSJuyud8xVwxGM8Eg9Rg/L8CP4sv0IW0ggtU3HaI41JAxgBWAI9BgAYUDng4oT6trNxl5LydEkyxUfKufmIxtIXnjbnpxxxXxmYeNfGuNlJ0sXSwcJO3LhqFOnZOyfLJRcrpWV7q1tWfqHD/wBEjwhyT2c6mU181rQUU55ljMTiVJrlbbpupGlq1f4ez7M998RfFj4/+NXI8U/FHUIYJc+dHDqEsSoXyzKFik29cYAOOmOQTXmV1o2l3cjza54uvdYkiB8yOe9mfc+SGyWckA8ksAc9DkDJ8yklviXWWacqz7i7OzZJOM44Ayc9MeoAPJz3EjvuDF+7EHOOeCw6nI/h7ngkdK+EzDi/iPM5ueMzbG1XLdSr1ErNraN7abW09NUfs+S+G/BGQ04U8s4byzCKCSi6eFoxdo8qXvKHNe6WjbvqevWFt8MdNVnFvHPKpDn7Tufc+M7F5OQBwTjk8kkHm/J458LWO5dO0aIbgwVkiRScY24YKGwOOh3DAyOMHxCNG8xg5A2nlmxtXC/eAyT67hjk9Rzmgz28AZmcO5Bb7wVBnPKk4POOSMHnn1Hz1WriKz/e16tRt396cn23vLVX7Ls/I+0o4XCUIKNHC4emlp7tOKell27XX63SPSr74oajKDFaWcVsuPLj2t+8wS2DjHJBz1B9QO1chdeLdbnXElyY9pwAnB3HrjaeT2znkYJ64HH3GsWCsMugCj5wpJbJ/ulSD14JyDkYBHbBvPEMCspiDgBid5Y/MMgZ3Z3bckgcHAwfu1ioWv73nzX723vq01dXvt57aOpFJWbWydklrotlFaaLfe1nfW/XyajcTzb5bqeRyRuDM6hR3zg9Ppjp36U43SSfKoVXAwztlsk4BPOcH0xxn8a88Gu3LynbHkMyuuA3I4AI2jLfTOee/e+X1264treRDKScKmVHHA6Hr2BH14pONJLe9lZ3d29nq2+mmt07fMhSd9G25Ndr3VrXTT2avHV9tLtnUXV9FAhXeAqq2djEu54+96AHpuyBziuRn1cASKsqqyjI6knGQMseGOAMHg9jjnG9YeAPGOr3Gy00rUb15TyLeCVt2eODt29f4hnORjJwK7rwz8DvEOt30tmtgIriCdUurWeWOO7jc8KiQyMH3ctwFxye5rkxFWjh6cqtWcadJK7qVHywVkm220rJa6tLR3tZI6qNHEYipCnSpyqVJpKMY3bbfL8KV+t3Z6Jrb3tfExrNzK7xrHNIRgZQHGSCBkgcYHfuCQvNW7e31S6aQC1MZkIKFlLOSRgAAbjnGCMgHJ4HNfof4c/Ya+Muo+F9Q8W6R8NdYn0HThm61do1W3AH3yGGWflQwCjk4wACSO4g/YV/aP8A7DsfEei/CHWbm2vIkfTZEgizdKWB85VZSwXk4ZhgKckgnFfHz8RODcPUnSqcQZTGcZKM4zxuHVp+6mlzSvdPRrpZdd/qlwPxK6UKzynHcklzKXsJ+8nZ7tX0jqle6XTdn5vaf8PPEuqorNC6oxwssp8qIbj94gkMcep64Gc4rrIfhDpVlbNceIfEljadPOSNhJJKqj5kUZYLtAz1+bpxXuPxv+D/AMffg7DbH4heD9c0SC8KRwwxxCVVeT/VpLLbkiF+QChIYggAE5r4914+J4/tD3Olap8h2lWgklSDzFGxpJCpCFhjqygDsOM+vhuIsrzCnGrgswwtenJpKdGtTnB3S0Uk2m9Vp16LVW8PGZdXwEnTxWDrQna7jVhKMot26SSaStvrd627+uWrfBLw55U2oWV1rcFsfnBbyVuivONuc7c/8CO48gkUup/tFeE9PtxD4A+HWhaJ5JIivLmMXFw7fdViJUZtx6A56njBr49v7m+eeSO68xTFncH3fKSMbSpzjjIGBgdDgYJdoulXOo39vBE0rm7mjt4shiDJKyqBgZ24yD/dBIJxk16spRVNSlUdox5pNSV7KzT2XurTy6uz38lYqUpqlCnGKlZXtqndJJNWS6aPd2bbue5+IPjb8RdUs2+16xc2EFwxdUsUS1gjwDwoi2joQd2eox0yR5/beINc1e582W/1XVF2DKy3EkobP3m5OcA844zjnOCa3Pir4fvvBut23ge7uEmey02zmnVSjuJr2JZNjMhwGxIBwQQTz2x+j37FP/BPW9+P/wAJvEfxiu/Fd1ovh/QNesdBm0fTLT7XqczzMo82N2UpnLYCElj6Y6/HcT8cZRwnkrzrNMR7DAupToxlCLlOcqkkopRi253s3t32TPeynI8xznMI5fgqcqlaUeacZONNQScXeUnZJNvq1fzPz10e7uYZpTPZiJioYs6OCgPzbixXG5uoOevGc5NdbaeIryzFxIkzPHJGwwZHAyBgELnsed2MHnPFftRbf8ErdL13xV4g8O6drvilZtCs7K4uHv7K3ggW3vDGqT3eApjIDglFAYtlTjORofF3/gkpY/B3xD4f0i98eNrC+INCj1dY7fT23WNnsElxM2U2gQRbyWbC5XBOCc/lNP6Q3ANfFU8Iszqxr1qXtKcJYasrwcVPn5kvhaV1Lqttz7Cr4acUYVXqYSkm05XdWnzNRUbta7Wtquj0fVfhrFreoyzvJJ+9Z1A+YksuQMAD72O3PzMCBgfxWodU1cSswtmkOwDBVm2ngAjK4BIJVTgY5Oe9fX/xA+AXw9+G+qyp/wAJWNesoLnbJcW6iNhbsNwkGTjzAw2bDznpnO0fXf7K37FXwz+PfhTVfGEepeITDpOox2l3pem2rT3kdqXUNqFwx+VYRGSQhbg+q43e9mvi5kGUZO89xNetHL4unFVlSm25TSUIKNr3dk1fay11PHwvCWZ43G/UadODxN5Xg6kXtyt3ldrqvh6u+rSR+Rg1TUwzNPZSEqAMAONvHUYVeTnpzzjg4xVW78Q3kXH2IrlsBnLAkZ4AyeAOSCc92GBgD+m3Uv8Agkx8GkubQ2Wu+JktL7To7uPUNSijtkkinkVZHW3dldngBY4VSvA4PUeffHz/AII1fD7wLpN/4k0T4q/ZPDVn4cTVn1HXYUgW8uSFYWtq2CQHZtoYYwM9ytfGZT9J3gHM8dSwFHMMYsRWqRp0oywlZQlKUoQj73LLWUmopd+17nsY7wt4iweHVeph6Moyi2mqkG3GEbuyt0irPXs38R/OWvimeJU/cEvvySHzlQcYyGHHTp3x1zWgvixw4Y2j5YYyH5LNgcAnPsMDr1OMZ/VT9nz/AIJyeEPjb4Z8f6+fFzWLeD9UFhFFaIJIpIw5DX0rtyYwcEBTkk55JyPMPi7+xZ4E+Ht5LZQ6trN1qkMsMUSrERFcRMvz3cO7DspHKjOCMsOtfrGG8QsuxWIq4ajiZurQ5faqUXG3Mk1q0lqnd2u0mmfnmMwbwMoQrws5txjZpfDyqSvtZKz0avs9T89G8VXPmZFoAiocqxUctwc4BO72I65HYmoV8R34Yk2gaMKWCsUBHQ5YgjIGc8kYxkcV9/8A7N37LvhP4j6h430/WfD+p62uiRyLZ3UdwbVAUG5mkZip8zarbVbnDDr0GJ4/+BXw88J3t1HY6RPawXDta2gu75WMUyEozSBZMlVZR1HIPqMVFTj/AAkcZLAqrWlWjGE5OMW4pTUXHW1tL3bW3XZmiwFRQjVhTi4Ncyvq7PlStdarotWm7WWunxi3jfV5IkQwIkAzhhwScfdUk88453HueOapQ+MroE/6NAPKLFnLZY7uRnBJZicYOcjnPOBXpniH4bW+nWl/AJYjNEfPilWfEKxfecjJBIIJxjOMDnu3lGm+CYdagu3tdYihaCRyIsEPsj4dmbGSAfYqc8HoR6cOIaVWLnGpVcVZXtez01XTTZN3Vk9NTCq61NxShF6dLX0tok7Xt3V1aystSWXxrqbhpWtYDggAtjODkDqQwz0wTgkjJ+7lh8b6nuHlQQIu8NJnaRIuTyBknnkZ4GSCDkVr2Hw7fV54YLG4e5tjta4vAyokextsi8kA8HIHUheOevox8IfDvQpYLW8ujfmFka6nVsGPI5icFupbdyBxnd0HOdTiOnGXs4yq1ajV+WEXJ6qLautFq9F29EzSnTlKLk4xjdLWSd72i3fRqy766WvoeU3XjPVrpFjjSAujlsKD8vHTLY3EDgbdwHTrWYviCeEH7Qke4bpHYcksSMfKM4PYYAxuyTz8ve+K9R8Etdr/AMIrYRm5tFXzfM27GUkhiAc7m6Z5I5ByBmvXfhN8LfDPxAhudU8R2EmnW0askIiGBK20ghscjcTkkgHOADjNceK4lhgqMcTi41KMZS5YqSu5XStFJXs7K9vz2O7BYWriqjjTgpu120pcqSUdVp06ptPTXY+ZLfxK8JIa3+eVwUfdknceefmCqMdyPZa988GTRa/pkz42TxkqRg5AC5GCp4J4I6fjwa+hZf2YvhLLaLdpPfR3EZBW3MhOQCTwSQT6A8565GRXON8P9J8Cm5h0mRvKulLosu7zU6jYCDt3jLYORxx351y3ijB5hiYUKMql5uy5lyq6s1r319LLTc7vq9Si3zxikk+ZJeSfrpZ33fpY8ln0pPt6SrGoPllSXU84JG8nk5xxjOARgdyWzaWzwyxkEryWcZGMk7SuenA5HBHQ9a7m7t0VAVCtIQCNwwQQctyfTrnPQkZFQRWilG6uxOdpwFzjqcA9SSMKOfbOR9pCDlFSTu170dUtuV7dttr90m9DLmtKdlorfNWtZPT10bet3fQ8k1KwhttY0mPGCi7izD7ynkE46MecEcc9e1d1dQb9gAPl7EPy87skcgfxcgZx9e6muZ8aCK31jTAC4ceWCc4VMsQc4BwDk5I4PB4zXZySJsV+SRBHg4O0HgZ4GMA47c8EgjqKk7pq/KnHbfW179ttd9Vra6MJz1muzim3bXa2t3t1va1vPXBtrRYXJYAKzsTknlsegJAGcA/LztIxnpsRpGq/IoKgFyMHB7YHqOMZ5OOOeoTyI8KWIZX2tnaB8w6gA9iABz7Y7qLFsqg5Yty4O1lwNo9QBjH0AGTnB71yqy010Vun2U3d211WnM/eXfmIjUkrKy7atLdRtK1rP52aflt3HgLTRqGs+WV3DywxiKgrnjuccHbwBgADJya+qbbw5FawRuirGzopePbgHBB2nAXIA644GccV4R8GUjuPFJ2oGMcQIUcrywX5ucHsemAQDxjB+uNWgjhkiXAbClgi53HPLDABHTPGD7Zxg/Q5dRpyo88o2kmkpfNWaeru3vu7aWtqebiat6rSb0UUpJvR3TWvTW1+y6a3PFdV0S2+1xlQgVywkTZuLfMWbOFyTuHc5ABBPAz6T4X0qKC3VlYDcEVMoFBHBwM9OAT7dMdazr6xBkVwT824g7Qdp3Afex05Ixn72OckEd74etJCsY2gJ8nytyGKqWHADbeApOM9mJ4we72cFP3Utb67dL9PVPTvbuYe0dm77O17LW9rNq291daLZJtnyj4kN/feM9dtFeV44Jw/lNnygkan5gpwc5xjGMbm54xXhXiXwNq2ram8wTeZZHAZQA21eArZ4OASMHliD3OK+h9XvooPG/iOSe5tI3a5MawNKscoXnOCQDgjkckscA85Aybm7spJGeOa2EaklsTpzkEHGGx05II6Ecncor5/E4GNepNzs7vbT+7bzWl9L69dz0sNjlSpxgm00ldJ2bVlru76d2t9N9fnY/DS+cRK0qQhQwY4ABIGSGGcqSRkHGdvTnNX3+H1ykBhSWSXMRUsj8dDnOcDPRsAdhjvn3WafT2j2+daodnzMZ03DOME87iQOcYOOcc5FYlxqWmWiLH9tttp3jIuFwT2JGcZ6gnn3yAAeX+xsOnd2tZN3aXRaX+XROz7m6zB3vKUrWSSs9vdslbr1em199D5Y1X4e3kWcJKrBnKsMZZRz04xjJ6Dnv0FcldeDL2NAQswypBXJJUDB3ZJPIIHYkDPHY/T97rOjMsxm1G2ZgpJXfkqMkqScnGQMg+me/FeZ+I/EGlRWskltM8zbWISNcquF5AIGdp5I75BI6YrCrhsHQheVWmtlZyjfaOr1TtfS/T8DJYmpKTUadRv4k7bPTbTfvbfqzgvBumz6dqpSRiR5PmEqu35lyQeMAgk88cc+ua3Nav5JnuIysmYWYA5BADDkYJznoQeO+QSBXG2Pi67m1B3EQiESqFIDZdASCGGSQCc5JGASDwOlq51M3bySYRQy5cc4kZs5GcZxwOvQ4PXBryJU4NynRknFpcri0+z9G/XzWqPWo1eahGM1aas7OLWt4vRtW/DVJW3uJ55eMxhiGjQOSgyXI5xnkZxwf4vl2j0FVdQlaRgVYsrAJ8zZBA7gEAj1/ywri72M6IY1IZXZlxuBP8ACc/73fPfqTmq8jIWLY5c43HjAyQCcfyU4IPQZrnkuVq7s1re7Xa19lp0/q1RatqtW9brbXXW8m02k+/W7ep2dndl1VhkyhTuIKkFTzkkkAdOR0HDHpgascshRZGJYqeQpA69FX6nrjODnkcE8Db3bxMY1U7QPlkLYAyT3J77hjJHJwB2rYiviyqoYLtwxIIILZGTgHIGcLjjOSxxzlr4dJNqL35rreLUbpN66paN3Wj2LjyXT1TVra31XL1sld67p7Pq0zqZJWdiowsgkDk5BznbkA+mQo69yBzXUWPlrh28sYjIKgkdzyMDOSPvHPAJxzXnX2pRNhmC4CySHk4IGcD2wRgAn9ONmG+GEkClt25CDgAcZPsQeeQSfmGBggLs720d722fRcv6fimWkudt9bXV2r2cdHZN3897266nctNBtZvm2v8AKA3IJC8kA5GW9+Dy2ecU7eAPMG0AnG1hgA5BHPf1JA/XIrk11AlY9kgbOSUJX5dvGfmAPA6dsdD0q2t0zKm9wQ7nILlcDHsAQTgbfYkYIrJzu4p6xjp/Lddb62V9VfTTew1UcWly+6rJaWf2bq6b02ezeq077N1cKNy7kYoyZHIJY+hx0x2yAOM5xWDqLia3PCgBn4I65TtlSOenUDB64FJdyF3YoSyLhgBjHyj7x9157YAyPWsq6nJiyS2BklQRgcEDCnuSc4A46jjIqKnvwV21pdWsm17sbfDZKOrur3Vn2ZM6vM7NNdWrrW3LZW7d7eul7H2X+yIFB8ToxXeLZTjA3cFQCBwDy3bd2OVzmvqzUwWP77IMYGeBnvsyvBAwQOuTj124+Sv2QQXfxOwAJWFcuW2sFGBtxu4yMDscj1xX1tqBaR12qScrnJOMgHOefmwB6evT71fVZNTccFBK7u21dXb5uR6a30atG1uiTPKr8vtXvtHya0XXol1tZ6u6VjnmiGXCZO5TuDcHa6ksSeSdvOO4PQd68w8V20j3WhxqRj+0MKMkNjJIHOMFjhevBOcZr1RgWZrgkDBI2gkDYAcc4A/LLYI42ivMfFbKdR0MgBR9qY8ueGLHBIHPpyeuTnqK6a8dYq12pWWttbx1t5Oyd72evYUKijGasnrdW/7dW2yutLpWva2h1F/JCI7GNIfKdJFWUAZDlgcMCcZOFPBwfToCez8OBy8fm5GBhMKWIK8HcBx3OQcjqGzkFvP9QeXbpp5cfaQGZTyc5Hzeq5HBK4HB2k5A9P0RAIo5H2q/zcKQjEEYxwT83OACQCTwMkCu/BpuMnGGqSu+v2etknd2d2tHql0flVZqU0k212VunbW19b+mnUf8QblU8I+I5lVQYtKcbycLjGAehBDevBByc5Az+Y2o3Ekl8JEjEssiBmdUJ35JPAxhcDPXBweT0x+lHxKlx4B8TTOh2ppcvUqMqWQhsEqW6EYJ6A5zzXxj8DLLwnrfxA8IQ+PNSjsPB82q20fiK5xmSLTDMDKqnBODGCCTyoJJI7fk3ilOWDw0se6NSr9Uw1Wu6dGLlVnypyUacY2cpO3updXbpc+m4Vj9bxUcM3Gn7atCLm9FZygm9V8Ouu7Vurvbd+Gv7OXxN+J9ouu+HvBd3qWiRgmW7t1+UMmA6hjgE4xwDuyOBkCup+KX7IPxD+Gfh+z8Ya94efT9IdleQyMG8hH6JNGhJEjEddvB569P6p/hP4H/AGCYvh/aWPwu+JGm6PYzoix20GuSQXEtyY03s0E0ifO0nJHzLklQwwaZ48/Yd+Gvxa0iXS1+IGq63bXqbzanUIprdcA7JUUSsjFA33mU5wM/eGf8uOIPpO8UZPxSsPmWWSyzIoV4tQnRqVMdUw0ppKXuVYqM1b4ZRbV0ldux/TuWcDcL1st56lTMIY3kcXWq4epDDQqWTvGUabUqba0fNa2t1a5/Dj4u0e3tdSuLu3skjgm2tlI2UjJ5YZUEFsnjBxnIz0Pm1zFi4VxE0m5RtiZh6k8humcYxnORxzxX9d/jD/gh3BqhnPhPxvaMrMXEeq27M6sCSYwUVk4HAIxnPIGMnwvWP+CEHxAmlzNfafMiZMc2nlFd/vHJ8wKFBzkjIGMZPNft+TfSv8M6tCm8RmGOh8LftMDinKL0k1f2bi7Ps2tOmp8NjvDjE1Ks3hc0ypqUm4RniYU5O9klaSWt2nZ37b7/AMx1nqUljFIqwIshclVKgSL9SoIwMjqSMY7nFZN7cXl1M8zjc21RkbfkyTkAHBGcjkA84zwBn+h3xN/wQw+LunyTzae/l5VxGbpDKrbAcBfIMnLnsRj5s8YGPkbxT/wSi/aM8LXkqnw5calBGXVZbeyuHWQqxwuPKDAHIAJPOc5yAa/QMo+kR4TZpJSjxPhMJObSSx7lg5NtRX/L+NP7lp18jwMZ4c8VQS+q4enjUuuEr0ayXwpu0J3W+zST0TXU/KdYmubf7HGyhXRdwjUgk7iWOAACQRycH9CKrf2FDDdRqWkBVNxYnIbsASR8oxkEcZbGQa/RK5/YC+Pmlyhrr4f+IolUN81vpkzrheQ3yIcZGSCWyQfYE07T9iX42Xt0bG28AaqblhuzeBbPcA3O4z7GQk4HOAD19vraXivwNVTlheKslqKdrOGY4RuWzsuWcrXe6et7va1vJfBHFFN/vcnxkXFJO9CbWjj0SfXazto9LXb+H9P0KaaWNY1O24mijw7bUVGdVaQjcchQcnqDggjHFfuF4q/4Js/s4ab+yfpPxZ8NfGe11T4pTeHRr2paPNf2SabFMYFll07yFdZxOinZGAuS4GBivleT9hb4+aZHB/xbrUZpAu5vsMiX8yBADyltvYEck5AOeeDyPCviN4Z+IXgkDwzfXet2ki7hPoksl1AUkBKmOW3kK8grjZt2t1C84ryMz4lhxBiMHS4f4mwuGdOpGpiPZyp1vaU4ypt25asVpyte8mnzXtZI78Hks8rp4irmuS4jEc8LQ54ShySknvFwbablfSz00lc+cItA162uwbKEmNmdMLIShZeCQOSAwBwSe4PudKXwf4ovWABER25dXYKvPPy7jhjnaPlBHTnFTWuj+NMyva2mqs4kPzfZ5yhOcbVfbszhgTg5X2IFdvpvgz4s3trNc2+heIbuGEgPJDpN5cxRMFJAkeOIqpPOQT+HcfYyx1NxVT6/gk4qKlKVVcql7qlfXR6armu7tNW3+Dr5ZXnUk44bEJL3lHkleKvbS1mkn/w61OAm+E3jC5jaSQIAV3AuyhWUc5Bz3xwNxJXPHTFOL4S+J1jeNr5IDIVbyN2Ce46Ho2TyOvBGQd1eny6d8ToY2S803XYljALQnTLsOqYIxt8vK9NxGBtGe/A5p38aecSbHXSVHyudPuQQAecMI8ccjkkZAzxuxdLNqzjFQx+WuLsk1UpN3tHvN/F5tafO/NUyvFqOuDxSilpKVKfVR0el9ra3vfXVo59Pgtq75E+roFkKnyxklWC5GFII4wPw7BeK6XTfgzdWkZW51YyZCsiiRQgUEDa6FgQAoPAwRx3PNF5fGqt5i2GvSox+aZbS5KKcbiPlQgAH05ySMiut8J/Dv44fEi+OneCfBvi7xNfLGZBDpenX8zxg9ZH2xFY1GMljgcHHTkrY3EqHPVzbBUoRavPmoWjHTWTu9NLbWW+mxEMux85KNLC13J2Tj7FvZLVXjdy9HbrpsWj8K4I2hddRjU7fuvIMA5G4NsbJHHTnk98jGBqXw5kYSwx6zbPhg8cSMCpPOWOcHOBjHAxj2J+i/wDhgP8Abln0P+37j4NeMYdMjgmupr64nito4ooss5l81oxGAm4/NkkAYyTx4BF8KPi1FM6poWpNcRzvZyotxG7R3MZ2PGCpbeSwyGXOSDn3xwmIVbmq088wtRK70nTcLtRbWvu6Jrt03djX+yc1a5Vh6qkrNpU3Fp+6rJWV7Pd92tF18w1D4X6qJpF+1xzkgBY1csyE8kKCxBOfm4wGHJAxxmHwHrVhFEfNYpGWDOCQ0fHQqDknaT93gkdMjI+gf+FefEjTJY45/Dupz3LZjlTy5C0TkbQHZfl4GCC2AGwDWtP8OPiy0SM/gfxPsmOyF49Evp433ceYHSBlI6/MCy4ORkcHujntWnFxnjsBKmnyycqtKKduV2u3be60630NKWS5+pLkwVepazf7uUtLq6urdfk3pfRW8Cjstcs7aFfLeQdY3YOSI15JGfcbgP4RgHjGMie/vFdUcM0YkbKuxSPK53AAH5mBJPTLYBbIAz7V4j0Dxn4SUR+JdO1TQ0GzE2paZdWcBMgOEWWeFE3Nj5kGW5JGCOOHmh0e5QebrOlxupO45B+ckFWBY7WJ/iPfHI5Fehha8K0PbWpVYvRSouNRdG/fhJq6a1SV7aaWNKlLF4Z8mIw8qVRcr5JxcXf3dHq9V577O1jn4bi4naJo2YJGwcoCyKgyOW+UFlyAOOo445x3ukeK9Q0GS8ureJhc3NuYYH3nCJjbuwM5XG7DEYIOTtOK2fC3hfwdfvbxah4502zjmGJn8sEoTnC5A5wcBQRhsYOACK9L0P4dfDy71O8gvPiLZ29vbW8wtgbYg3RjBKEFlChWJydvBA+9hsjjxuOw0E4yoVnay0oTld25EklG2jat56p9Vx4jFypr3qE5NWu4wcm7K0duuundra+r860bVr27MN2WLyTS+XLGrbUunkYEs4JAOBkc/wAuR9cnVv2bta8O6LZ6p4I1PRNa0tYotU1Oy1Zv9LlH+tlW3kcKwlOcKFCqCq4III+evGNl8OdA8KB/Dus3Os+KtzAS2yqtlbiNjvA2nguACmeuCB1BPhdwdWultnLEzzKHMe47zxwWEeSScDbwSWz1J4ywvsq3LiaVStgJUpWjNS9g27R97/Arq10u3Sx1YOUsXQUFhKs41FB8s4vmT93aPLzK73Vrtad2fX+t6B8C7S2vNTsNc1+0z+8isHeMLNFySpdcNnHUEjgls4XaPG7nVvC2lGSbSrvVru0mCrHbG8mSOEA/LlVO05JGS2ARjqQMXPAH7PP7QvxUgt5PB/w18YeI7abMNrLb6XeCzkfJIC3EsPlkdwxY7VA6nr3ev/sP/td+GrDULrWvgx4v03TLOFpLm4Nk0igIodwnlIWkKr/dzjG3jnFy4swWFrxwuI4sw8K05KMaVTMaKkpS5VFOPPF6u3u21emm67v9VcRUUJrKK2tpwfsLtOyersm423Tv3W9jx6zvfC+gXz+J9yPekmeK2niBijcj7xyCGYEk5HzA4IJGcdZJ8fvKtfI0TVNQsrifYbmOKV/szOrllbyz95RltgK8Z4A4z8xeILfVbGebT79ZIZrZ5beS2mJ86GeJirxSJJgxyRnKlccHIw3WubhgmIZ3kMbsp27xtOQc4VjgAnrgAcYHIr6mhgala2Ijjq16ijLmp1ZKLT5Wmmnomn0TvdHI8JDm9jPDRfLpyTV3F3XMle3K+jstrbNHveteOINV1AXstzcve3GUuZvMdGZ5AwLIqkICScA9iDgA4z514k8GatqMH9q22sW1vBcSFDazP5TlF58xugZjkbgBgHHQVyMX2vfhpWC4LRsVDMxBwT24zkYI67asw29/cXMFtJc3E8KkOm8yLEu5hnJZgo25G7PRfStY4CVKsqzrupJL3nVfPq+XSzTunq7rVrzdyY4GSTVOjyq6vGMeV/Z3STT6XdmrdHqa/g/wX4HN6B4yk1XUI7eZZFg0mWKISjI3IWZg5BAIznd1HTmvqrSvh5+zJqlnDDf2njXw+XZSJknhuEhU7dxIYsSVUZzjI46gnG58Lv2NPij8VL3TLb4eWGk+O9bvbKPUItC8OalbzaxFCcFmmtd7SZiAJk+XAJ4xjFe8a3/wTu/ax8LQpfat8GfHNtbxuBI0OnXOoQQoCQzOlpFJuUDPAUkkdOuJxOJo0lJ1sZKhK3wRnGm2nyu9mlJJLSO3VvUyngMXUtGFGSSsuZaSa922jWumit5Xb6+Uw/Bj9m19E1K68L+PdZ1fU7WS3S20i+so47i7jQIWUSqmOHBG1MKVzknO4ftR+wv4T8H+Kfhj8dLK/wDDkU9lZ/CKWTSX1ICOPTp7ONVaWGQrw5kBA8sggqFHGa/FzWvgr4r8AzQtr+k6/pGoxvvEF7pN3psj7h82DPDGSdxx2JyWABOD+gvwA/aD1H4efDHx74PvdEuBc+KPBF9oek3LP5csbXEnnPLJgZZcbmwwAyQB2z/OPivlWcZ1gadLKc5xEozxuHm0q3KoU6daE5uLpuLaaT5rybstNdD67h6lTwzm8ThFKpGmlCpJJOUrxbbkl7r5Xa2t2not3+e3xt/ZT+JmvXs3irw58PtVXws0TXH9oIBHZ3Ajdkku0dyFAJXq2Mg7mP3c/IV38FfE/h/WLddftLW2guY98RkvbeQxpwF3iOTKsMZw3fJPavuTXviX8YNYt5vC0nizxfDoNtaNDb6bDPc/ZpEJYsvlKdrRjsQDk7cg5FS/Br9jf47/ALSniaHR/hx4a1HxjqFwrNJa+ey/ZI4ioaW5uLgiGAKeSpZSTnjvX6Nw9nmKyzLqcMzzDA0qdCnTpxn78qkoKMUueVSpdybWu93procGNy+GKxE62GoV23Pnm9oxSs3K/LZRsr+9tr8/hjWvB+lWs8cWn6dJdT+VH9sZJA4ySNzKEyPmJ9TwGGOhqjbeFYr65NoNP+yQwlGa5IRWHBBjy20EnPrnIJ4INfsJ8Xv+CQv7WfwB+FPiL42fEXS/D/hzQNB2w3WkjU459YMEpCxXUUayFHXBCtknDHkDPGX/AME//hL+zh4t1zxx4j/an1Gx0fwr4I06K6sNN1HVDYSeILuRkkDLHDIs0rRjIKpuA7V6uI4xwVLL8XjsNLE5hHCyjTnRw9Kc8RKpNxSjCDSld8ykn8NrNOzOTDZLVxVejFVIUoVZSUakpxULQs9ZJ6aK6Ts+lkfnnoem/CPSJNHa/wDAV3rV1YvKdWF7qb20N4o4G1IXDIpPHAz6njFex2/jH4K2lxp72vwA0e0gsRJd3lt9t1a+a+VsmNyVDxlVyMqDgE8jqK/YLxn+0B/wSN8EzLJ4V+Dt9431C1naEy2qSmBghAVB9vwJE4A5JGeTnNcte/t2/s3Xlu2nfDP9lPRIZbqxubQNqNhpbvHbyxPEj7wpeN0ZldcFSCNwFfLz4jz3MuSWG4Vzt0p8rdTF1o4WCUuSy5XJNKyUmvtW9T7GGS4XDUklm+CUkleEabqNWjBauC3sldX17WPxs8efF1fE50+x0vwhpXhrTrG5kSxtNPi8hpLdiSRcSbVlk8sYUBz1J4zkVoQ2YvvC+satcwxLDpdujW9up2E3LjJaNgSCV6beFHUdBWxrnwl1TWdR1nxHOdP8OWmr6zcXkNpcSDNlDNMZBHED+7WNF+RVUYBUgcDFb9l4ftIdCvNGu9R+2aWu5XltomLXMwCuhDIrEp8vBB546bsV9hHB4pUacqeHnTlJ05Th70uV6OScm3qm9XqnZa9V8o6U3iJXtJXupJqN9krJttRsr32enqcp4A+MWs+EoY7K18N6JN5yOZr7WLOC7neGTB/5aIxBUcrhgR2Fe8D9rK7TQn8Px2HgMQfZ5Yp2Hh2ya9YTAhlSVodxkQ/dfdkHpjOR45aad4MMYu3gtrSFF+zltQndWjZPl8wIpJAYAcPjscdxz2oeDfhrcXLXtn4uge7LbW062t2KqxwSVZhk4xwTk5IArmhllWtim5U6tKm3151zaxdopOPWzvZJtuxpJOLiqajfmtZpqUVJRaslyN623Tv23vxGs6rca7qzXdhZpJFcKQvmhW2uWPEajhACflC7Qo6AcAfS3wV/ZQ+L3xLu7G80/wALTDw/PMPtWsXkX2ewTIB2RyMoWQYIOUznA5O7A8Cg8KWdvcK9nfahPaW13FcF9pi85VlDvCrHAOVGCA2SCCQCuB+xXwn/AOCnfhv4V+B9M8DaV8GIb9tGt4o5hq17m0nnWNU88oRuV5G+dlAOc+2K+W8RMbxxlmWYehwRk1PM8xrTlCc8RKMKOEiopqpKMpRc7y91RUujtpofY8J4DI8TialbP8RKlSoqLhTXNGVWV9VdJtJcvvOzbWiSSPZfhd/wR7sdUsNP17xf49lgFxP58mleHYXkdIyAdkjy4QEcBTnBzkDGTX3t4K/4JZfsr+GLFNY1zQtV1y6t1AlTVrmdJbwnG7ZHB8iFmztCgAEnKjrX5i6r/wAFevjnN9rj8OeEfCXgmwmREt2gD3jwB1HlsiyRlNwU5B59Nw4z8y/ED/gov+0941iax1D4p3thasGR4tKs4bJhuJw0c0SrICoIwQckc5B4H8/w8MPpAcW1KdXOM4hlVGpeVTD0MT7KnBtq0oxw8FUioq9k6j2Teup93iuI+CcsTWCpUUoSi01RU6lkk2r1IqzaW7bsk2j7m/aC+PHwQ/Zj8U33wT8P+A7ix0jR/Edr4wuNLsFhltXWJoytrNcYZ/tD4BAJL5Kg4JNZfxM/4LUeMPEXhf8A4Rv4XfD+Gy0qKK1gWTxE4uDarboioYo8lSQR8u4ZHUHOBX406xrur+NtUn1PxBrWp65qN4/m3moahJJc3s7pkhmuJCZCMDGCecZ5yM/b/wCyh+w78W/2ldM1rVfANt4dstH0e7jtr+51ttoEjDIaNFBcnkHoQCDxgmv1it4N8DcJ5PgM245xzxGKwdGMMRi8VjKsKNevPllU54837z2jSVpXvGOrdrHyc+OczzfFyw+VYanChTnz0moRlKCsrzT1UXa12l16I4bwF+1p+0J4OvvGU/w+1dNHj+IGpprfiVrewSaR74vv/dTumYo03MqKjADjG3kDsLfx58fviRrd9BrvjTxEjajAsphk1iSyW8JAACrFIqhSSPlC+2CScfp38PP+CNvxCEjf8Jb8YNC0W3kOZLTw/ZGaQKVO5VM6qAwBIyvQ5J52gfWvw7/4JDfBLwxqNpqnizx94y8aXVvLvFtK62MB6fIr27h/LyBjsDhRjofic98QfB7ARqYjAUMFjMYoRpKrTwPtpLkpqNO1SrGKXLGyjytaerPRwWLzydZRxmLqQptpyhGTd78t0oxbs227JtWu3e1z89fB3/BNTXfGfws/4W5r3x88N+G7aPTZr6KC/kF60t5CWZ7Kaa5dy88WDlUyCwwRuLY+lNNtv+Ce/gT9ljxVa6/qGgax8X9M8J6hYvr1rpL22s6p4nlic2ElndRxKbWIXPlo7RuvmRsVbCkiv2G0D4L/AAi8GeEk8GWfhO0utBtiWttO1Hdf24YcmQpNuVpHfBkZgd5DdQDXyJ+1/wDCb4a3n7PvxYj074f+EdLvk8Oy3NtfWWhWFvdW0tuSySRTRR+YpwoBZWywIr8tynxWynMs+yrK8XRxVTC4vH0qEacPZ06UVXrRpxdSlGy0g9rtJ3unpb1KkKmIjUlCVaFSnOM6VWHuyioKLUW25S1a1ty3ej2sv44Ne+MPxcS8ks3+IvjOzt4y6xWltrV7HBbxhmEKRJHMoVFjCjAGTlc9Ca851Txx401eYfb/ABl4x1AnAYXOuX7oy91KtJjvyOR0xkdeh8Z6d9l12WBdwfyl8wrk5LnpwScEDnPK4JzxxSi0Sy8mN5pGEirnZ90EliCDjkgEdOQSTznp/prw9wVw9PCYavRynL4N0qclP6rQUmnGnJPmUNW7XfW7+Z+H59xRm8MXWw88diHyVJRcVXml7rSs/eSurryfbdvz69aa5JN0tzduFbi4vZpWcNnJJdxkkNk9c5YY4OKiWloihf7PVpHVcLsLbGBxkbumM4y2ePQtXpi6FYx3ESgkuRuBK5wTghe46cZOT8uCRwa0Rp1ojBTGrFmzueNQRzgYOOQMkkHAP93O2vr6WTYXCNRpYejTSSVo04rrF62SStp5apO58dXzfGYlNzr1Ztv7U5Nu3Lu3K2i3VrPrfRnkcVjOwkEEIAIywRSAucfK2OOnrgd8ZqpPoc+dxjnIkBwdzKg6YwT17EjqfmPA6ezfYo1JWC3Yk+g4Yk5xlRkZPqeCeOtStpVzIVUxYVwuFClj0xjGMgAEkk8D1zkDvp0KcYpOEHqtop2+Fra0evk7+ehwSxFWfMpTa0s7ybttbqtLdG2tdtTxaHR5VVR5CucENuOU4wcEk8EZxjdnr1Xk6n9lTlEwgUImSqk7c/7QGAc4IOOhXIx1r1KTQpVYAQrECxJL4AboeRxg4APoMAcAbafH4fWWSOHzVYyjbsjJdnPYKBknn+AZxiuhQcY3jBK1tLJadddL2t59NDlc5axc7tvT4bqLtfd3b21+TXfygacwA/cqChzkggMwJByMZPB/M+zYsCGYHy0VeAR1bYN4GDzgZ7dRkDk17zpvwr8Say7Q6X4f17UmJGyK00q9mZ8dD8kTdenGB3716L4d/ZR+OfibUIdP0T4R+N7ue5ZDEkuhXlvE4PCATzQqijjuRjjPGahttXlovPROzSdvm7a312trbSnFztFRu1Z8t0tNHsk29V6bW8vj+OwmlfIDFkAzjLBj0yPQDp3+vNa9jpUry4eImQbQC24nnkng8eo6/pz+xfwx/wCCO37YfjuWF5vA2neD7S48txP4h1CBJI1bGSYInMgAHJODzjg4xX3P4B/4N+/ivfnzPGnxR8HaTGSpkTSYZ7i4VTt6M6bcj34y3QHmrdanBJq8nomoqT3sk3fra2vW3bVZV1RptRqzUG9k21d+7tZbq2y/BI/mvh8PXczFlt5MISwKrncccgng7Tt4zk9cAAc9npvhieRITPEyrtAQFhkEjA3DjAUgYHQYPpX9bfhD/ggt8HNKS2Hi74peJtZeNdsken2VvFG5Jyw8zIYAg4DZyBkHljX054P/AOCP37GnhQJ9s8J614nmjKnfqeozorlTnLJE+zaTjGcgq2OM8KNeWnJF3809Nnaz95u/4pq1rNcntMLGSftnJLWMYxb/AJXo7Jdevl53/i1s/Bk9xLFEjMzs/wDqYUaQkfLgYXJOQOhznPAOTn2Pwr8APHXia4VNE8FeLNZaUfILLQb+aNjkgFZFtygHGM54wSM5xX9y3gz9i39l/wADmI+H/gn4UWWFVCTahYwahJkcqxa5SQkjnrgjGM8BR9JaF4J8LaCiR6D4V8OaJGgKounaTaWxH3e8cQxgADhsk4zkgVblipWadlpa6vezjbS1+vXdW6McszwVNNKDat9tpJJcq1Su9U0lqu1r6n8Qvgf/AIJy/tNeM2iGkfBrxNHDMFBfUI0seT0J+0BCF4zgnue4yfq/wj/wRg/ag1oQPrOleGfC65QsdWvUmcICOqwO/Kj5WI75znPP9eojjQETTrGoIJHmpGDwSdwXBwOcdgck/dxXE+J/G3hbw7FGt1ci8upDiK1t3MrA/wC0zEqBxgnqOvbnsw+FxmIqwhGNWTfKklHbVLXW9r6Xej3Z5GO4pwOAozq1KmFowgruU58zVrNJRbV3dWemunY/ni8L/wDBDPWmeI+Mfi3odlFlGlh0CxaSeNv4lRrpSG9ASCcnBGAK+o/Bv/BF79nLRRFJ4l8SeLfFbptDwSGKygcgkH5rcqQCykcds9BzX6sad4oudYlUQWtvaQyDdGJHVmdcjbnjGQCcDAyx285yest7d3KiWdiWYgFQQpJ6gtwCQTg8Z5A7CvVqZNKnd1m4NJNpy1vo7adrdFu7ry+Tj4gPGSSwU+aMlZSjCMI62+G6u+9/mlrY+JfCP/BOX9j7wWImsfhNYajNEUZZNZvZr/cy4JLRzb1O7nIO4DnjODX0p4a+Cfwn8Jxqnhn4X+C9I8sKYzb6Dp4lG3gfvDFvyNvBOOQSO1evNZWKk+bdQRMmH+Z8ucZ4AU45AyOhGc5GONKxm026QLA7SGIP5rmOUqgGAOWHQjAzyvzZrknhaUbJc0pOyTd5NW5bpPX4dtl3S6O459jq7bq1nBX1jzybdrXVrvZK7Vrd+pzMNi1vEsUMUVtHjAhtoUiQADIAVAqgA9MfN1PbFSLZgMglYMWHyguN7g5GVUE5HQZ5bpndkV4d8XvjpJ4J8a+FvAfhqyi1PVtVmSXUpZThLGxdgjTRqDl3w2SMMADg+tV/CXihfEPx1vtPufEAu/7L8PrLDptuWW2j80qXaRBgGRCSCxBJHAA4ztiOHMVLBTxMmqVN0HWglaU5qLS0UXdXbtrbutEeJhPEDLambQy2lKeJxEcbSwVefuwhSqzUZyvOTXNyqzaSeuilufQosQNwEC7Uyc5IJwD/AHvU9TjP0wa8r8ZJ4k+0PDGgs7NkbyGgXMsoHDbnHKjBI+9wCGwGw1e1RzROSYpYZgCVCpKJCSuQcqCSOc/eAxjk55rkNekgu7yKG5ligjihZpHLjjA4QcqAC2NxABbPQnGOHhPnw2ZWrYVV217rqxb5eXl9+Ke+zWq2lunc08U4Rx3C1dYbOK2WyjKL9phqkYOq2rck5pp8ul3yyV7Wd0kj5fu9EYzM0pleQ5LyOd7HODkbgcBcZ4yR1GORVP8AsaHJIDdQTg5yAPujHHXnuccE/wB70HU5LOKSba4EfmNtdiuGGcAKC2Tn+E49cccnnJtVt4X8uIbyPlB6qSwyAMfMzYHDDJGOemT/AELhMXV9jDljyaR9xK1tEm/vt976XP8AOzN8twyx1WWIxDrS9o+acpOc56pN3u227Ju/e2uhVtfD0VyC5VVCDCghgGJIPAzjBOTzkHnAIHD7jSILchXRDIXKZBLDjCnk5PY98jpgEEixe6hqFp4c17VIrO5lli066NpBAh8yWYRuIzGcZDBmDAYyWAycEGuT8P2GuaR8H9I13WPtKa5dPNfTRanIEuAtw7GKIq5DARxkHHGBjrnmFia860FOslz1oUYxcle8o8zk0uiSs30b2ttrHLctjl0506F50cJVxdSco/YpzpxUVG1uaSl7ivtF6WN0adFuOEVgMYbgDIyOBwDyCeCc4wMc1Yg07cQdijBIGBubCEAeh9wuORuyea5jRvGOmm3hSWO+vLxozvigiJj8wgHarlQCuTzz1Byc4qLWPiXpPh63+2a/quheF7LLFpdU1CCOcIMlsQGQOzEHAO3jPUE1WLxeKhL2VCnOvUTt7rcrtqKVklre2yX5oyy3L8nnRp4vGYihg6E4qo/aONNpNJ+9KfLGPZNvZdenV3cMVpGZJ2hjUYUuZFQ5GOEz1OeepJwDgfNXhHxU+IvhnQPDupi/1OxsfMt5raG3muYzc3s7IwSOONmDAEkZIBABUYr5g+N/7Z/w1s9Y0PTvBurP401i2numa1smaLTJJUDLAHfJMihzufkg8beABX58eN7/AOKXxT8Qy6rc+F9Tv7jUJ5LiJ4lu7fT9OhdmKpG0oSEYUDDgjJGcEk19Twrw9mmZ1IYrMIvB0YTjLkqpQlJJxXwzkpJb7rfRRb2/LPFDxJ4ayDDVctyKUc2xdWlKDnQaqQhJwj7znC8W03blTva+1tftf9nH45eD/C8Piaw+IfirSNBa51aSfR7EEyGWOWQ/M0kXyqSuAVfavOABtzX2LB8afg5MbeBPiDoc0t3JHFbxW8wkLSyldkeAxIkycANg849Sfwi8VeAtV8KWkF7rui2cTz4it4ftyz3IckhnkWORj1DdcdcjtX01+zN8FPE3iK7sNYsvCRutNguY7u61m9t5ktrSWNkeOKBZk3TMWPDrkjsSM4/R804byqnCricRmLw7VJyXv0owclFJayu5cz6NO+6V9/514a8UeI6k8PluX8PyzOpLFKE5yp15VKcJ1Iuc5qF9En7t0kttTq/jyYR+3JrsCxrdQXvwc8L3ccgTZuibUpSG6YwVww4HBAPzHFe7XGpWFhpyR2lg1zdG2jEVrp8bNPIyqCVZ1B2lRzj0A6EE14h8d7DU7f8Ab2vba+WFLg/AbwyqxRFQirHfOinYnQnGeQuOpCkE19heD9HmhisxDYxyyS28LSXSorvDnGWUlSR8pA659ehr/m2+nNi6dLxmzGE37alfD1ElZOTlaMZKSd2klbppvqf9UP0OcTOfgpw1OpSdKUcJ7OVKXuypzi/eg27tWbs1q7q1lqfzB/t0alNJ+0N4kur20l09F0+1U2d6jCeLMa8s2NzZzwSMcAFupr4B1SR7l1TYqWnmmQxhuTnvg/KQPQnkgfw9P05/4KcaSyftN+KS5neL7BZH97GqF08tQSD2RST34wMAA4r8vtQQLNjMghQN0zyVyQpIPTAHGPXPUAf1n4L4iFfw84ZqU4csZZZhlGF0+X93HR/d1adnu3ofQ8ZKcc5xnMrRlUc3LouZxdr8rfRX39ShbiCCcSxqXkaUgAjJVTkdFxuA685AAA+tuS5gjguIcL5rSBlbaATkEKOBgBeecg9M4OKigtmnAnt0lDJnhuT3Y8dgBxn8vaC5s5FinaU5DrnKDDFs8jkj7pIyOPmORnG6v2OlLlUW0m5WupeSVrPtpfvpq2fEKpOcJKMU221e1+kW9+rTV21aytbqU4Z9iSySlN6OT2JbqBtGTuGOpGeo6EiqSXTby24BCAQqkZ+9nIA64689e+ajnCwxrHIflkXcQMfKQSenU85zgDODu7iqcdu8jmGNhlwSXJG4FsYCg45A45U89GOTimnJ9Hpa1+nutXVltprqvQ5JVJX89b+9rra13ZdvR69jqNOuRc30qsvmTRwR7DnczEDJLAscnI55IxkAdM3tStlmMUx3mYKeT13HICqPQAHGBz9eag8NaZKLq6dlKOIVjVjt3gn17b8/MRzkYOV4FVr64uk1VI2V8qCqopIb5flY8YwemD6c5JwD5WJUW52but7XertZa63Wu2i10VtfUoymqUXK9pvRNa7q19Lpq2rSu+ui1swWTRKCC5yeUIwS3AwQBgqM8Hk8c9cDtfDln5+oxLKSpaW2TCjcAzSp82cFjsxxknPXP3a5+3hk3xeZlxnPQ4DZztPAVueOwOOo5ru9GuVtpLeVwN8V5buURMl1EgLK3Ax0z/dK4K5xXw3EEpQwGJVNS53QqKKak7tQa79Xotba2T6nsZTGP1qm5JcrnB3TVtLXV7ruv010P6T/ANj3wXpn/Cs/7cvJWTVoI9NSG4aMRrNFbqgSNWIy4wRgNwuODjGfpf4qrDH4j8KvcxQuktp5rJAiuWeVE4ZlyQ5bksw+9nOO34uQfttQfD74Bz+GbV7q18XXe6PRpYBHstYI1QGYqpyCDhgXwwOOR1Phnwj/AG6fFyfEvwd/wmXie78TeHZb+Cw1CC5lk+1Ge5kVFESDJVY3KBVUbTzkgHj/ACU4z8CeP+Jsw4q4rtKnRjVzGVLD1vac9anFTaVJ62i0vivdtKzP6yy3jfIcDiMowk696io0aUY09o+0jCFp3leOuvS3xWP3/wDFMFxH8MPHUq6PsiTwvqkiTzgFiv2eQKMnPyjnHB4J6ErXIfAlIz8GvhrG1hax+Z4eimcOpPmDzpfmJA78bc+hBJGKj+JvxZ8LRfBnx7MZNRVD4NumBEUgWKOe33RQPwPnVXOckHg5OK+d/h5+0z4A8JeAvg9oX9m69qOo3fha08h2MVrZOzNKzxmW4ZEwCAAeck4A6iv5iyzhXiPM+BcwwWCy/EVcX/rTThKMY2Shh8FXlU5pOUbWUua7k7dLbH6DWq04Z3CpUmo05YKVRLmWqlUgk2ktXttvra97lT/gpYxT4BaBbIkSRXfjbRlTarDhLlAAoOAAG6DHIbgEZr6y8J6hpXhj4VeDNW166tNO0zTvCWl/ary4nS3iiP2WMqWeRk3cFsBSDkH61+Rv/BTH9pqfX/Cfw/8ABNv4ZudDSbUF8Rw3N3cQS/avskqyRwpFG7AK7gDJwG9cYz+dnxK/bG+IPjDwxHpXi/xPMbGHTbWzttDguJLaxC2kaxxCSKJlSRwEXLEEsBtODkn+p+B/ADiXjTw24RyzGzp4Kjhs2zTHYtN+1qeyrPDUqXs1T91ytRqbyTj6Nn5LxH4iZRwtnmYqcZVcTGjSjFRknFSjeXvO77xbtfrqj9fvHX7bXwB8N+PNXjj8QXGqX9tqFnBHHbxl7R3eQIzbuUZVHO9SQRjGOK8p/bn/AGhrbV/gzqP/AAj2p262OvPY2cQPyPdxSRB5HTftJhQMVJ6ZX1Ffgjc+PLPWna5SKJLgzRvNdKVJQRNlQS/JAC8sMkDJOTmtrxz8UvEHjDRrLR9W1hm07R7Qrp6OAY8bdig4yMZzgsuTxjH3h/SOT/RbyTKc24Yx2DjiZTyrEUauIniLTdaVKSlF8qSUeWSTcdVZXs73f5bm/jdjc3y/G4OcKVONWnOlRdPRpSbT55czTfK007XTWtjxbxE2nXs1tbXkaRyCcq945WQgu2d+MkbdrHGPbcFNei+FbzwBptgkEtnp91cWTh7me5jDNOm4khfl46ZOM5+7jGa+bdavJlkuXe5JGS8IVdxYgEDBPAxjIGe4JxiuVS71O4gxbyO2QTKqsR8p3YLEcHk9iPu9TwD/AHLgsqksBSouryQjTim7pOKUYJdbJ6cya15U1pufzpUxLlWqVdZSk3J6ptpWtdLTmvZq/vNbpn3RrPxB+FYs2a0jdJrQJP5ULBIn7tEIl+VU3A8D5gpyMc58xHxJ8NXE9zqGlWX2KZl8tCgJb5gMs+WI25JyC3U4PXA+fovD2u3tlG6QmASxli7Fsv1HLEgnPXjoRwKsweENftUtmnVo45nCqInwrjsWHXIIzgg8bvX5onkeX8rU6/NK121LbWFle7cey622LjmFenNSiuVaNOysm3GzTbdnfpZX6X0PuP4RftRXXwrv/DsEEBvLLSNYXWb21jZIzetIwzGHXDoZB8rKpUlTgHjn+lT9m3/goH8EPitrvg/4c2un3/hnWrnw3qV1qFzqEbz6bazTQO0gZolYoATtR3JUtgk9c/yF2/h/TdLtUuNQmVp8hmaVtrqwAK7ckFzjgZzj1zX0L8N/iFP4c1iObw/qsul3U2ly2d1qcdyVZLSSPEiI24OHVSdqjGGI9Sa/n/xN8IuHuJqcsbDC1Pr9BS5KtNtRlJpWc0t0nbRWctdUfsXBXihm+Wyo5XiasKmAlKCUZJXpJ2i+Rprdd9Fo99T+8L9jf4N3fh1tW8T6jc2upwa/FczadJBHvQWT3jywSeYMruZMOEDcDb0JyPszx1pSW+hatf29nZG6t9LuFW4CCK4KNCUKByMhR1I6E7hzgZ/GT/glp8eNa8UfAfSbPTfjVM2maB5umPBrWl/btWa9DiVzJM6PJ9ijRdsJc52qB3IH6ieJfGviG68PS28vjnStXj1aE2LTRaWY2iWaNlLLmMDOGLA9Ccjdya/jTM8vyfLoZnlNanNZjhqlam3OWFi3UUkqclSniPrEYaQTcqN7pys7a/rOOecZzneEzOdahLC1o0JQUY4hQdBKnZNqk6SfKndc7V9X5fMuj2Nze/HnzLeBDcL8HJCLtJ1jQTfbAdgcHqvIfJ2gYznOa+JE8Iaj8UNC1HTYfFNrp9pZfFO9g1Nb+VJpbi/ivHK/Z/mIWHcBGztkAnPPSvyO/bn/AG0fjFpvx38ZfDvwb44v/DsXhDT38MQX+jMILm+gmk3TmW5gKMERvmCbl2cZIIFfK1lo/wC2Jo/wuPxL8KXXxIvvCa3T6pqGs2k11Nb3l2JC0t0sRPmbFf55ZyoXALhuef0DIfBXE1sqyTOMbm+By6vjFQnh4YiUlGTqOMqcHJSSU1BvZP4lc97/AF3p4HHZhhcLhK+LdClh6E61Cmqij9Wc7t3Sum5uLWluXW/Tyb9u22k0f9qf4maPKUFxpmq2lq7RMrxsUGAyFCQQwGeOCDkjJ4+WrtpdT8aaXax7m8t7SJBgsd1xIsAX6hnPc8gjduwDi+KvHXiLx342vNc8SzT32u3d+Dql9cStLPdSxggvIzkuWXbtO70OPfuvhQIdU+LeiQXG3yJNY0hN0m0+YVv4GdBn5ST6Z5x+f+m/DGFnk3BWEwkqntKmCyqlTlOOkHKlQSco9lJ7Xs2mrq+h/IOaYmGacU4jEKMksTmPNFSjyuKlVWj3V0kk+m66H6v/APBQjVLnwJ+z9+zL8P7NleGPw9b65qViMbpJoYY1bzIyc5kD4AA3E4GG6V+HevXT6hctqk1i2mgzyMI1RgQME8jAABPJAwcnoTX64/t6/EXRta+Nml6feJFeaD4O8I6Rp8OmvJnZM9uhmZETcC2RxgDjrg814j+yz8Fvhf8AtQfGU+DPFGsaj4H8NyQ3V+95bQC5ln8n71vCJRsVZD99uCoxj28nhCnSyvhmGNx9NxpVJV8ZXlVi271qrmpWevvJxStv6O69PiOc8xzmWEwlVKpTdLD0qfNZfu4Qi2pLRK+yTV1v2PkL4Y3t7d3Vu5v9RvjBHcxxaeZJ2in+UsipHkjAwCNoK4GeAa9u8I+PviN4k8RWmh6Bc61aausraVaWOlXM0MkyFgo3gMpJjQbgoVm4O4kEg/qlq/7FP7Pnw58dw6N4Q+Imp+INM0jw9qeoR63Bp0Bt7bWjbTSQadcywj5nQoylHO8nkBhgH55/ZA8JNoHxV0b4q3MGkX8PhzxHfwpo19CNl48ks8Uc0iMoLOwI2p1zkYAU4+Y4lznI8dg8dWwGW08Zi6FKUaNGrhk5TrSgvZcsWndOSScrpWvtqj6jIcmzzB1MPSr42dCjLkqzcK0leHNFyTs9HbZfct2Xfi94WHg/xB8J51+It9ZXkvgOe41OBIJYLm48Qbf9IinmQK0zb+BI5JDA9Ca4nw18Y/2hdGa50jwF8Q/Gl/qeqBYbay0a/wBTlkWAybQgCsVtwMqCM4QjJGMA/o58WvAA+NPjG08Wa5ZWNhJp9rNb6R4c8L6YstxbQO++W3uppEFvEZQQPMDhgMjO4GtTTPgp4l0/SxZ6VD4d+F+hugWbUIUgm8T3aMSCftLEyQPIu4kLIAoyAP4a4eDeD84zXJ8C8zyaj7arBus6lCEEuaSlyqDi3ZJr3VG3mernuJp4fF1JRzGcKUXFpKo5Sf7uEbazk949Fpu1fU+Kbf4U+Jdeng8TftYfGS88O6Mqpc/8IvYak2s+K9QLDdt2I8sVrcSjCuZwjqSMglePc/A/7Tv7OPwRE1j8I/2erXXLvCwxeJfGsI1bVbxV4Fy6XCSxW8jnMmIwFA6DkY9Xsvhr8EfCDu1xY3fj3xLI+661PVpXuY/NY5JPmF1dskEqBwM5Iraj0rwasiTWnw906SMSr5919ijk2K7DCJtjOQBwMlW6A7s8ft2S+HGCw1OKxGGpUqMbOUFBU4Rvy83uxUWtdna61vrY+CxvEk4tvD1nUra/vJydWp9mybk3pZpbtWu2rENr+3/rGrWTWUvwt8Np544t302D7PEpHyhITCYweg4xwAeehu6Z+1V4l06aHUdM+EngqO8kbEdwdIsBc5cggpKIhKMDBXBCg+q9PrjwP+zToviextr+T4c3loLuFJrQnTgqSK/KyhigHzckd1654BrwP9r/AOC+kfBL4YXPiWUW+iaxNMv9lL9siW8cbtvli0DiT5AepXpkGvqMLkXCFOtDD4eGHlVXuXV52k3H4t73l6/ifP4jOs8cJTm5eztdaJNrR7NX112fVbsrw/te/HTUJWeD4T6PdnlFYrE+AdwUKhIVcDBAxyOAM5x12m/tl/tM6Kzuvwksgvl4UQwxeVsPzBljQY3Lxy2D6ZJxX5G+C/2j/EfhzVJbC81Ge6tXjRxcSNIGRiARjAOMYGM9x7c+y2/7VssdxtfXLtMIqNvMzLIpO7KgkkKBgZ43cE+o9ieT0KSSpQoKC933fds7R1Si1dPZHn0M2VeL9vUqxnF2cWk0mmu7V111+S6H6UWf/BR39qewga2tfA93p8QkH7y1skDRsScrhkAO0cc+uSelcbc/t4ftPavrFreDRvFdlcK8iXFzbRpbiSBwd8amPaF3KSN3XJHrXxba/tcWECeU14sm8nd5iS7iQM7uY+PYZwOg4NXLL9rvRjIYbm/t1jBJU+TLnjqu9Vyep5BGATzivPnk+FntTgn8LXMru9rNXdtO+/n0OyGY0tFzJ2t9iKb0ikvJLq7Netj6p1v486vrd/caxq/wq8SaxeTBjPPq11JeOZ2TDSRRzM6IzthhjABPfBFeR+Ifin44uJXuNE+HN9FvjKFbvMjwB8ldgAKBVJwqj5SeenXlY/2ufC9xu825tNkanGTIu8DAB75xxyeeeT6Ptv2rPB8ySItzYRMSc7nc57KcYyOOOemcHOTnKGV0aMfZtXi3fRu62tays35t9b2NnmUFqpRvytRbSUkly/DZJaWS+976Hg/j3Svi947uWXV28S2GntHhdOtFMdsRjC+aqYyqnkgAZIyeeK8CH7OtydR8hb3VrWW6kY3N9e6bLMsOWzJ5RCMwC9AAQc/3mAA++v8AhpfwrKhYXtgWIIYMxPTO0YIzgAED69uSca5/aL8N3GPLvNOicZG0ornBBYsMrzxknpnsTmtZYGlNJuVRRauoKVk9Y6Wa6pd9unUz+vTlyS5oq75kmt9Y6LbVfas9tLaHyD4g/Z2TwvplvaaB8RU1yXUJZLjUtBv7W6tYpSIiEV5nUKka5AxnkgcHnNX4c/sK+O/iXZXxl+ImmaJ4ckkmSXQLDVkt2kuGJdVRXmUeUgwGbbnAwp64+qL/AOMnhWVGuFudEvnKbXWe0hZ8Hg4LAcgnkEE8dq4O5+J/hmQsIb600xMnedNRLc5K4LbVA2sckdM+2MEcFXJsPKTTjCSklulU5b21V3o15Kya8zWrmTfK1OSkrL93K11onFvmejTfMtkt97r1ux/ZH8PeBvDGjeHPBFp8PrDxEto0d94y1COfV9WW7XOZd1yHiUu43gxnAxjr08J+IP8AwTy+LHxBujq/iP426Zqca2ogitH8+1tIlU4jEVrDtjCquMgKQehB4BsXHxJ8OJGNvijV2wuVZL1wyAH+EbsYHPQ444OACOK8QfFJFH+ieMPE20RkoVv5cHB+6A0nUHHOBjjmnhMgyzCOdWFFSrSd3UrtVJp2XwSm20uq5bb23RyYrMqteKpSny0oqDjTptQjdJfE46Sb2vLW+7Maw/4JceKhFd+X8RPDwmmhREZbacAOhyChAyW3MOckt94jg1np/wAEp/i3YR6zqNr4w8P3dtdxIZpJBOAxXgswBA9cqBuPGR6Nf4z678iQ+M/EdvFGCRI13McDPTO/JwcDuDwDgHB3LP44a6LWSFfHniq4DqC8TahMISOScq77MYIBBGc5zyefVhRjGMmnCa05Y25VdRjZtXu9396aV2eRJpzfurlSTcnprokkm7aarbz9ex8G/wDBLPVLvT9L1Txg2v6xptozGSx0f7PFDqMhzvZHbBEG77o4fHXODn6hj/ZBtfCPhSYx/CC5vbjSrXyfDi6vq0a6dbouSks9uzqskmQDhl65x7fPPgX46fHvWwtv4P1rXbzTdLcB5dRuZYNLiTOflkZv3hHomcjjGOD71Z/F340Pd24vNXtNSk2hrmFp7q7s1YYzGsLho2IZQTkABhwcYx59fIqeZuMcQ51IxSj7OM/ZqLairrfpb5Nu7vY7sNjKuBgnh4QU2o/vJ003KV1e7dtL22V7XvsfGnx+/ZT/AGm/jfHpdzY6Xo9tZ+HofJg0m0vra002CKMN5aMqupmZVwSSCMjjH8Xzn4H/AOCa3xCuNZ+1/EfxTpmhWcsgaWGwmeS7Vxu3wRsxMaA8oCvBJ6nAB/X69+NPx3CJ9n0Tw5Lp8Iw6JpccDyxjGWdVjDSfLyTzj5iec47jw1+09Z2UMOn+PfhZpt3bTsvm39jawNOnJDyKkyqu9SWKjO/sB6elhOFfqtKnHC0oSpUkmqXtEnJ6N6Sacr7X6u3Sxji869rK+Klacrc04wko8y5VotY2Vrrr17Hx78Nv2Sfh78KLZNWsPBg1GeDIPiK5iXUr2dozzJCpEghf0KAEHpxxX3H8Kfhh47+Khhj8H6fdWun2syxy3WpefaBUBKlo42VQzDnbsyMDIznB9v8ACOtfAn4pm3i8F+IE0PW4Ss6aTd3K2rPMFBWN7aYraSLkBdiZyFwARgj7I+HnxatfBzQeHPGGiWBitlEJ1fTrOG0nhhjwFmmhhRUmRlIO+INkZyRnicyx2YYOi6WHy72VWKScJxknZJNuKVnPbSzs3q07NjwNLL681OpiFKMra33ldO0nd21TW2y+/M+EP7Gei6DeQa14rmudb1aEIzLcSmWyjI+Y7UJO9ScDkDhenAJ+59M8EaFbQxQWdvZ2EkCKkYggSEEqDsUqqgMpxgDA5zyMgnyT4gftG/B/4XeHLHxL4g8RpZ2WoKF0yOwV7641KUr+7hjggDvFMchRHKowTgj0+K9f/aM/ar/aHluvD37P/gKLwL4aWWNZvHXiyKS11OazkbDNZ2roAd8R8xCAWBK9OTX5hjsyxteq3i68o+8ly1HaMbWXKouyTWllGLb0VtGfbYTL6U6dqFNez5U+dJu97W1fW93oraWv2+5vin8dvh98CLE3PxB1yDTzJII9Ps9MjbUL2+mkGEt0sbYSTI8rHYp8sAE++K+Hpvif+0v+054outI+Ect58H/htN+4vtX8ZWs0Gs6pBNhGl0a3kRJIy0WHicqCCRk45X2H4M/AP4ffDmK98X/EjWk8Z/EEQtd61feOL06lZW9+uXZ9Ltbx5YbRFkyUKKGAAAUACvPv2gv+CgXw4+H2mSjTNOs9Q13T5vJsZtIWAxxrENq8oOVQjA4Kjgjdk1y0aWMx01TwtCddN29py2VrxUpdOXycm11S7ay+qZfH21ZpSSunKXVOPq3ps3ok7ae8ze0L9lf4I/BJ28ZeMLrU/ih8SNPjNzPq/jm5mvICd29zaWdy0lrEEbIjyFJAAwODVb4gf8FBfhf4UttLis42t4rcNDPaWziCBJo8qI4IUCgKAnCgbT05BFfjD8Wv26Piz8Xn1KTUL+Dw9oUsUoDGdop5olJwNoIYsVIbk4HPBJIr4U1L4lQnzZDPca5PFJlbi8kZoUkPPmEuWRQpOD83AGSMEmvrsDww401PHVXr9m93GMWmtb9Fo7WTVr2VzwcVn/M3GjCNnopNNKV3o42WmmnurfdLc/Tf9p/9tbxR8aLmW00ec6LolvJILe+lKxXDRFMH58johGdoPqRjIH573fxAmiZ7PS45NVvtjm61S7cvGHbO5hJITwOnDZJA5yBjxCTxhqviC6kWKG41qeKVWNpaZTT7VC+A1zdHEZTIORuyeOvU1fEmq22iC1vfEOrW1zCwLzaXpMnkWNsEwWinuRtlkk5w6jIPPXGR31c3yjJ0sPRkqlbZUqK56jba1kldQv1ctUl0uZUMnzTNW684Olh951q3uU4x92/KpaNLS1tW1fbQ6LUfFUM0k51DU5bu+wym1si00UCqTvmkLZjLJghQMkOucYHPgXij4v3+lvLp2g20kJWUiWaZi13cxscbnkXKxIQSRg7gB6jjgPGHxHutYv2s/BVvJZQ30v2aMWsEk00wYgLFaIoM08jfxMQSSeMjFfXn7P3/AATd+MfxXsD8Qfi7rkHwU+Eabbu88R+L5fses6tAo3ummWM5SYs8YPlh1CZIwR0HjYvPqk3CpXnHDQaap0Of3pqycU4/FKXRpWXodEMkpxk6eEg8XUhK1TEWtQhdrXmatbZtrrtrdHxKPE3i/U0n8KaLNq+t3Ou6kl5Do+kRXF9cm6fACbYlaQ4Y7RuGdpOT1Ffb/wAKv+Cf1/4ggtPGv7VXjmz+Cfw/jiS7bR7idP8AhJ9UtseYwS3dso8q8MJFEilhgA5z9Ha3+0X+yZ+yLouo+Df2YfAdj40+IEEElve/FTxPFHd3Ruo1CyXVgsySC3YMu5TAQCCCDySfyz+Ifxk+LHx28RXOr+MfEGpa49zcN5MBlc2ULlsqkFuh2hVB4OwZA9TXyWJxmLxsp8lSOV4Z3cq8+WWJnFNXdOMrRpt3+KV5JPRKx70KeCwMKca98xxEYrlw8ItYam9H7zvefK3dx2bdrJ6n6+p+25+w7+yT4UuvCH7MPwYj8Q+KdMR0i+IWsKr3up33lGJLlr2VTcQQeYRKYYGWMsAoBDcfgr8YPi54k+KHxB1zxr4kQ3+p6/qk2qXnmBjHAZnZ1trZeFEUYKqu0c7R7165o3w6vbrUFg1KBrnzUCp5kckdrbMxVQ8jBArBVbHykknGemKxfiJ8NdL8JT2erXer6fqM0jNDb2NvjjkFS3l5YbPujcMHac4OBXDl+OyTA4pUqU3icXUtCVaTdevO7SaqVLNRjfXeMdNu3JmbzTF0E5KGFw0ZJ+yhFUqcUuTltC9nZNJJK/d3Y34Z+IdS1HRNes7sPpmmX8SItvApSS9aAgrDxgiLj5gOpyD0xX6G/Afwppmo6fbeN9XEVta6JHZrb6VKiPNqbWkyStGyMN5idU2sDxg8gZBP5neDNffRPFVjBqvkTw3EpjtbRFIiia4cKpkABJC7gzllIIBH0/oc/Y9/ZD8B+PtGutd8V/tBeDLKxjgtr268K280w1GaWba8Wk9EFrGBhZZYgpz0O07a5uI8pxOPw1eup1cPQk4qcsPGTrzjK0VGHInZzScbqyXxXW4sqzGnGrSw03GU4RlFqbSakmpwk07pJNvRLXRvqeT/ALdXx0b40698MdYt/hvZ/DvTNA8FWmgabHa2SWCa0lnGsbXqRpGgmQsu5ZNrZJJycCvCrC5u49O0xyqq8baeyHILEFxntyD1POTjdjivQP8AgoB4z8Hat8atA8F+DGY6L8PdCtfD4ENw09nJdRbUlNu7ZJXOC2RnnJya8X1HVfslppskblY43tlKsxVWKKMIQcdDjGACMjIwK/o3wwwzwXCWV4LkqwpUcFyRpVJuVRQm+b33LVy5XzN66t9tPyfixU55xi5wnGTliU3KLVnJcvNJJJJqL6prRa62OZ/a31HXH8TaJd33j6GJdR07TLKxsJIWSysLZFAkilXATzXPG5QQMbuleaeDpPB0XjXRn8Ra/DdwaYIrkWrDfZ3t1GA6KGTJERIyVBxjAYnv9efGDxr4M8Y/CS58IX3w68OeIviNd6fpf9maqLlI7zTLWNtouURSGaQjaZAMuSQW6189+Av2YdY134h+GfDutiPw5pupWkEl3qUDC7j0+AoWLHOX8xuF2jkFjgN1r+bM4wuQYaWde0UcroUMdj4zp0404OUHUc51KaUed8/lFOUne+qP2HLcXmKllsIuGMlLDYJqUlNpTcIpKbk5JNJJuzslZNPc+vNO/b9v/hrP468P+BJ9EvLH4i+EoPCuuwqF8nT7CJTG0duCB86jo6jcp5B9fheLxFe+ItevdR8PaRD4hKyqYrD7JcX0iFXycIiOzKScEleMj5eme/8A2lP2RLD4Z3tjdeAvES62+oSSNeAW7x/YpBtXEjEYVZOXyT95jwOa7/8AYKsL74a/GzQrvxFq1hp8F1cx/b59QtIrzT44tybRIHVo0U4+dm6Ac5OQIy7/AFfy3hzFZ7kkJYlQwjm4JyVat9Wg+WlKyvGSUZJWju767l4+eZZhndPL8y5KKlWXvx5XCKnGNpJycU3skm9NvIybHxP8Trm3haD4a3+k3FsyxxtZ6FqdugAH3jCIBGzkZOcH5V781X8WeOfi3pMaalqg1u0ZYlwkmjSooQEbVL+UMBRgMTgqR8xJFf3I/B60+COraRBeX+s/B/XLm/WGQRx2ujNtQwqWQRKoYSHIBG3GRgcg11vxM8Kfs/L4O8Uy6z8N/hvq+n2+g30zz22jaR5uwROVaASx7i+dpURkMMYB7V+TUfFz2kXXll0KUHVUVhK+Ikq9SV1GKUJRaUmlpdLV3ukepiMhjRrRw0JYipNqK9vCgo0k24q75XaUUt5OXdo/zvPFf7QXxFRVFzrksEaOGjtbiyiU442kpt3ZIPfGRuB3c1yFz+034ku7RrG7h0zUVddzm60+0xJtXAyNv3exwTjHGTwP2n+Lnwf8GeKdd1HX7LwJ4b1XSftl0INOs9KeKeytPPYwm7EERVn8sqF2hsKpDEL18l/4Ud8IrKeCe78GaNbxuVEtm+lSgruP3A7xbmIJ43dCSBjOa/ofJcfRx+Bw+Jlh3SnKnTn7KU02m4x0UtEnF+67JK+ifb4HMMFXoYqtRjiFOHM4ymot3SaXNu0rq+qlo9+zs/8ABP79hzwH+2xoOv8Ajb4lfEjw78JLLR7qGxiVNJtRqOpTyqpJs1dQnl7MfMozyMHI4/d/wF/wS9/ZN+C2mxSQfHnxXK8OlzS2b6Utnp9rJc+UWN1deQUj3MRwzjJHABxX5q+Bby98L+Ab6fw/oel6R4etFSyEum6Y6JY4bEVzeyRRjypCMbZZSrHAGfWTVPi9d2Xg++tp/Eq6yjOqukmt3Mck/HMKIJfkjX7uBtyMZ9a5cZgMbnntsJLC4XE4NTfNQqe+lG8OV1FeV5LfpZuLtbQzp1f7NcK8cwrYeaim5xUIytpzct1KTTS7efp33iT9vvTf2d/Fb+Hfhlo+i+KtI8J63Lb3V3q+naVc3ep6hFmI3Dz7HlHmoAzSZ5Y9fX2TUv8Agsj8XfG3hnVLN9D8Jrp2qaRc6LdJLZ2EjafbXkJhkW2DplpFiZhGQN2cYJxX41zLoE2oapeX3gbQ/P1S8lndp9ZlaS6QltvBcqHx3ypcjk5U1q2ngmG7gmltPh8kFrFAZ5YrHV2lYMfuNteRkwRjB57ccDN5T4cYTBOpLDYerhqsuRuMa1VQk1y/DHnUbdrLRaK5GacUzzGOHWJrRxUaT+KcVKcX7tm21Fxb0bWiTR4zovxz8NeD/HPxDh1zwj4S1/QfFV3dK9r4p0mG5khnZ2kkuYX8tvs4fcQpjILKCAT3fq3xo/Z1GnC4tPhN8MLiS0jYXVoLaeL7TIwYhY9iYVdzAjaQVP8AujOB41+GXgX+3Eg1PTPE9rqd+gMkRktHWNZSMM/mybV2qfkYjLDrnB28ddfs/eCbu61PSPDEXjPWr+1sWv5bSz0+2uHRI498kgMBcLCiglnOBnqRX29PJFKpSlKajOHJDllNx+FRdmr8rs1Z3avfzs/j8diHWVS9Wq1O7UouaaWjXvRd7JtPS6tfSzu+e1z47fB5Ylkn/Z08Ene5khlhuriIKob5FRflYDpgnngY6DPFXPxM+A9/K97efArQ40nj2SWy6hOEI6FkJbI44zyMngHAriPGfgrwzatDbTa3c6ZmIhIdRiUzRyISHWQofl2nC7ckg54A4Hn914V0uKJVXxBBMixjaQFYknBAwDnDADHA9gVw1djy2UU5Rp3UbNy1SVurV1umrO+3S581XymdZRl9cx1NO0v3eNrQs1Zp2jNvrbVWex9M2Gvfst3NpC9z8GUYErvhsr24ADFgFzuYFiSTtwDwVJOTXqOmeBP2ZtdfS1s/gTqoudSvbdVzeXSRSwPKiMAM7cKh3O4Iwo3EZJNeF/Ab4DwfFTW9P0VfGuneGbGe8EGp+IdUuo7aw0mIKZVLiV0xIyL8g4HOD1r9pfhF8I/2ObLwRbzeMv2j7qPxr4U8YaV4f07w3aw2otNesY7yJb7UW1F2/d29wisEMb7drbsHHMV6mHwOHVavhaldqMrRpQq1W5JRsmot2u2rXtbVuxNPhjMMRJRo55jIc3LJRxGMm7QbipcjndJqN7K6e9rs+7vh1/wbu/BH4q/D3wx4/wBN0TwHBbeJtD03V4tO/tbVHnsje26yeXdyI5Tz0LMrjgKSRjAxVfUP+DY/wWlnqC6ZpnhdZ54JpIWs9X1ESM6qXhigEzgebIQE+f5SzKTxgHjP2nf+Cov/AAzP8Xk8A/s2/FtIPhB4a8J+FmtrZoINSsZdZFpH9tsmu0Mu+OFi3mEEjPXk7a9M8If8HD/iiw17QdP1XT/B3jPS57OGa8vg8+lSCRIw0sas6RoX3ZAOdpb1xg/l1fM+OKsHL/V+VZSqKdB4WNBydNz9yFSE5U5p8iXMvf62k3qv0CXCmVewh7HiGp7Z00qkKmNxFGspyhFWTip021O9mlBW5dHe5/N98Xv2SvhD8K/H3jH4ba/4B8caRr3gLxHe6Lq8d/fW6FZbOQo09v8AOFktpRteCUbtykEg7a8f1D4YfA1XtmbT/GEEgYJCBPZOVVByyjdznK4zyTnnjNfS3/BQP4o/EP8AaX/aT+IPxt8NaDqOnaP8QEtL6x0fSpI7xYVjQpI7vblzubqCzB2AycY5+ENS8J/EeyFjcajpniJAowWe2mKo56ICF5kOF46glsd6/U8vxsJYLCSxeXUcPiJUKMq9ColenWaipwk7y+CV7q7Satba/wALicmzGnWr0qOc4/li1CFSM05ct46pyUk3brZ97I7bV/ht8GJnuIpJfGUTSIqjzTZOjZPZQfl24weSMZ45w3E3/wAGvhMkIVtb8TwxHrmO02xRLgjcVzkIexOCfriuUvbTxYJI2ni1tSJGAIs7hihIIxkLwSOo4xz97pXE+JJ9ZW0ngW8vTdTl4xG8rRsoUc/Lkvkk9uepxXSp0pO8cLh5qTuoptNLS+id21utE07aGFPA5lTleed5jJxbupzoybvZ6x9i/R3Wqd+x714Q+EfwJ1q6i0WDx/q0eoNeW0hhmtLeQTwpMhmhkbafldFZAFOcHOBxX6o/Hv4d/sm+I/hd4Fs/Bfw48OeGNV07X9C0DVLqwi1K28Q6jp9vFALzVtSVo44xbXTtI/mAbSBu3ZGB+VX7Knhawh8V6Hf61bC81VvEWhqBcMXijs5L6JpvNDk7lKffBBBGeByD+xv/AAUI123W9+Lus+E/EHgy10rS/B/h/TbDRfDlnBHercjTLdZ5o5IxvjMHLOy5YHcTnv8AZ8MU8vvKhjMrg1i0qdPFSU/Z0L8q0VpRlOTaum4pNWvZs8nNo4+eJwlSln2IX1SSqVsJF0lKt70Irm5eVxUdU7J3dk1do8E8U/stfs6are674e0C+0F9G8IaLZX1prVpqbOgvblFee1uoXczM6MWjL7WVTgllGa4nxZ+w/oesfDFNV8CW3hWDXtWZI9Mu5tdihj2QjLtOJ51XEoBCkkHdnBycn8g/BPjjX9H8SBo/EGpTLrhijvvMvpjHK0kqgeagf5gPmBDAkHkEHp+rvxm8V6Xcfs/xw6db3Gl+K9I0/SV0r7JdSxQX25lNxPtjYAu65Ayo+YMP4gT9PHg7K8Xw5m+OpKE6mWxqTmlTtKUbKacXdtNfL8D4vi7jjMcg4z4TyyXtqmH4hrQw6bkvZwqxqU4q9l711O6TacrPZnxfff8E+/2gbie6n09/BV5mRkljj8VaLlCpw21ZLsbg2DgDrn3Fc9a/wDBPv8AaanvLjyfBelalGi8Ja+JtEdHx0wouc/NnB/h5+bI6+Sjxn8RDJNLDbayksTEyGO4vgHZhli20gEH0zhiDnjBpf8AhbvxUsZ1EF34osTswzWuo6lCTjgsCGGO/bIxx3YfiLp5e7xTnF3v70otdFpFJab9V1srn7PDEYhKL9ySVnb2crXfK9Peel9Gmnftuek6z+wh+1XapM1v8FdSa1gXc7WN9p90scgGGePyXkLMwyRgkk9ixGeEuv2SP2ndPigjk+BvjdlD5maCwuLgSKM9TEhDAg5OeMEH6aVt+0b8YdKhjjt/H/xBsg7HMSa9fhRjuQ0mDjPccDBPBNdVD+2D8cNOCgfFL4ggxMMZ1y5ZV4AOAZMYzkEseAc5YAis3hsI07Tl0ttq3yvu2rPay2vbub/XK6aUoR1W7jrq4vSyfk+j7rt5oP2efjnpN2ft3wW+IEKfu2KR6BqG0fMCS7CHaARwSPvHIINaHiv4NfEy38rUm+H3jWMwhN0UegahLHbER5CyFYT1IAYleOc8/e+o/hN+1Z8fvHviiLw7a/EzxMWu4HKSX1/vXYgxhjK3JZxtGM9u2a7fxb+1x+0V4ERtEj8WG4lF3NFd21xaWt3KyxllDysyvuMgUEZJIHA+6BXPLD0PaRjdp6u70bu1vbs9k32Uex0Rxd6bkoXSdla6as4qysov3W93srep+eo8LeNrRbae98G+I0kEpKo+i38ZjIy2HVoQVzgHHuf7oz0YufEUMccsuk63aO8ql4xY3UaqBj7wkTKE/wAROOu04GTX3J4P/bO+PvifxJpOh2lr4fvp7+5t7Erc+GtNuHL3MiQs7AwtnYG3EgBgB0Y19O/G349fFH9nfWNK8MeK/DHw98Q3d7Z2mqAz+ENMIniuUExDs1tuxGW2sRzk56gZKuUQq03UUOeKaTk4+5Fuzd3a99NtG/U5/wC0KcJRg205xbjFz1fKoK691NtNu77XVtGeAfsP+I7ez8e6tdazBqOn+f4Z1KOCYK9vH5628inMm35ywAADE4Py4IBNeY6tYC+8R6pdRSMLaTWL6do7ndlg1wxycjkkDORjjOOua+zfAP7Z/iDWdK17XLf4T/DBYdNt1a8FvoVpZukTct5Yhg3Bicg7QOCc7uKpab+274Z1e9ijuv2ffhvqG5nEzLGbd2XdtP3Y1+dvUAkZIznGdqEaeFpxpqFoQatbZ2abVtdG2nrv1fQ6KWKp80pOacmoqTtquXVJ2d2mtWrrdN3V7/KS2gmdRGsCxqylEGEJLDsoIJyTjkH72a6my0d5iqKyKwCsFVg2MDOO+eOoyAPu4AJz9gx/tJ/Ay6mabUP2dfBqyh1BtbbUbuB9zjHyDaoJweGwOCAxGeZx8a/2ab+S/nuPgG+mtGFjH2DW7sRo55ZQXcDc3YYByBywJFdMMzoKKVnByfvRa9PeaTaXZJtaXtZrTroYujKo1KcY2tq3u1aTdk+idnG6tffZnzPBos0EAkRFkZY3cqDnlVLcgZIUbRk4GfTg1+fnjXxTrjeItYKCWEm9mjhkiPllVBOwKRkbuPQnrjoM/s/L4+/Zd1C1u7BfBPjHRbu9tWEF1pt/DcLarMCrO/nSgFuScYwMAYzivm2L4Pfsk6prVrbW/jzx1HNf30ovFv8AS7Ob7I0hLHaYi7MQSR05IGM9W48xx+HnGmkuZQSlP3fdSaSvt0vfR211tu/Wly1qcXTqwgot8ydl1VrPW7s3t5dj5G/Z31LW9a8Www6jMZ7JJFnuYb64c28nlYUJIpYEliwwRlgecFTmv37+NH/BJTXfDv7KHh39ry/8T6RHHrJ0XUJPDZM08ei6RqUmLW+g1AM2PIUl5IS5w2BheBX5mfFb4H/Dv4daJpWo/Bb4hG6XzFk1fUfFGmfYmiNwWxDbMiBZVCkk7/nUAEZG3H1l8IPiz+03428A+GPgDd/tW/Di6+E1/bpaxeEfGF/cPDLOzo1taM0nzRwxOfl5CpzggkEfPVa2GlCpWcZKKi+Xk5laV4vmd46qK93Z3fXc9bLqioxpxnOnUi61N1oy95Ok94RV01O7Vm9tbWPub4E/8ElrD40+HPBvxL8P/EDWvGF1YTma9lQpLpyQGCPyYY0mZchCWVlYNxtADZFdx8Wf+CP+vfDLRPFnirS/D9p8QtMbTrjxFf8Ahu9gtLS1kubceYfMEGCFjALAIN7nGVx1+9f2OPGfxw/ZH8NN4c8a+F/DnxB+FcEcmo6h4y+Gur6fLp+l3V3HGFgkiuJlbyEQAgR5IOW+n2340/a4+AvjDwzqdkPEK6IL/R3ikXVrmO1Di4AURJIziKQ7jsPOCBweteXUxWV1MKqknP2zSas3CblG3LJQSaUZRb0ejau33/UctzaU8dhaGEwWDqYFunTq1JxhKcL8iqKcmm04xummtUvQ/lQ/ZS/Zc+KXxn1r4i2Hh7wDanRtL1mzgl8D/Yms4LSzWRVmkF/OFdLOEK4xG2XJIGRjP7Pp+xl8OfhzeeBdF1r9nDwRb6P4nkW31jVdZRdSmsBZ2hluWUuruFmfdkvhT3AHA+9P2JND8D+Frjx7q2keMfDHia78UasWubTTZ7LNhZMim2UvE+CoGTjB3HccZBBw/wDgoj8VbL4f/ALXfEXg6/g1Xxvp2pix0jR7WWC/u2e5BhkEYBcwbFZsbgOwycgDnoV8HHE4fF14qFWEbLDuokqic4ayjP4+ePNe8W0mmrKKPuMwz7D4bH1OH8tyrD18FGk28zlTcqqk6XPJxqJcsY06j5Y8rs7RtZNJf55v7ZWhaNp37QvxjXQViTw9Y+NtYsdItLWELb2drFcvDCkGF2iBdm1FyAgwFwRivk7QfDV/q08q7oyirJIoLgSbPmIwAeuMMM/U5yM/vc/7BXiX4u+IrD4ieJPEdtoGl+LNcvBqemXWmvNcQPMftc9zqLQxuqAyysoYHdkYArzX4j/8E6/HPhjVtXsPAei2vja1uriOGw1Xw4JIx5OVJiRLkLmYg4Y4A3YU5xx7P9r5bRpOc61KjSVTkUZTUVTejik5JK1tE17uiV9mfz/mOAxGLzPE8sHJyqOs4rXmhOScZLSSd7Wa3jJNXtv8Y/Bf9jzWvF2jT674h8XeFfh7pTLHc2lx4omElxqNrK4V3s0jbII5ysmOh4IIJX4l/AfTPg94jh0Dwj8RtM+JVnqMKajLe+Ho54YLXcqs9m8TqEJjbcrEAhwSRyc19tS/sS/GzQfDI1Txfonjq203T9MMttpa6Pe6okcVt88g320UkcOSCCW2hlABJ6H5i8T214+o2dpd2upeH7W0tykd0NCubSZgAFMVzIYEzISMEBsYPty6uJy/G4dqjiVWvFJwi4yV2orpLXm136Xsupw4nAzpUYQeFlTa+243utNObdO10nbzST1PlHxF4qijaWyt7ea2uQnkuiMEUvEMNIy5xvyvocnkgd+Mt/FvkTefNJPMifflyRtkUY2sMjPzEdD0xwScDtPiTpHhqKc3umXcz3gLxyrJvjEjliDIemCRzgnHOD1xXgweSBbiMiJ1ZmMqu+/KkgqygZ+mBjHTBJFeHDLKUouLVru7ukkvhSdkmr+fZpeR89WjOEnzO/vPW104rlu+WyWvW+u7sz0afWNNuXuL1b7bOEVgzAZDHLMmeAGGRtxjdggk849i8M+M9IuPDaaVdXkdjeNOjNMWDzT24Zcb5ByqsOoBGACeQGr5bi0syRvJKwnjkRGWOI7TGSwwvBDNwcc5PGRmtrS5CbyGK7tJbIwBkgDRMwuCMFS+RnbgDOM7uTmvMzLK6MqXKpyck04pWV1FxdlZ9HZJtJvTVrU5VJqV7WUl52a0eydtHdJ8yf5rt/HLxad4v0+fTZY00rU1jQTyvvjkVXCyFCTgj+I5Ppgjha9reDTPFGjTQRpBEdNsfKSZcG3mkCAo7qn3d2AcnkkFTncK8ck1PQ9Zsr+LV4YXewtXWyjUeXLaXZAAkQkAmMsASu4k+qtk1wGg+KtQ8OxXoS+EyTOIprYSMVMf3VJXPTHHy+uMbc4yeErYrDUVCLhXwz95y1jUh7tmrX1bveNr2S8r0+WTUm1tazatbRppJPW7bs3a0dfLsdOja21I20dqsE8PE1xCfLLMhJUJnAGVGAU4PUEckara9FLDqEN1bT4iIx5sm5E24PmBWOCcgkH5mwSR3J4jVtbea5hu0LTGeJSxtwU8tgAQGVcghSMEnDHrjkZw4NdubuWZLl4ljVyZlYFDgD5SXwQ2MDI6dM1308FKvyTrRSlCPvaq8moqy2VtbNu12r9tKhUcXa+6V9FZWS0d1Gz1umr3XXY7ObWby4Nvtc2yMmyLgLGFUgAgKMHcOMDpkdMU5r2znaSF5ZWnwm1QzMHkwc7TzheoxjA/A55eLV7Z4ZfMVZTGCttn5QFAOTggjBHQnPXODxViGdJVS7gJtpY1HlxhQ27sXLdBycjJHOcYOK0+qygmlBRaa5Wo3k1pqnda3d9d/NGU5c0079Iq6u+ru+zvu7t3S1XRXNaeDTIopXn3BzveIMFKsGG1NgJBPPzEhRgE47VnWFsLrzbuUO7uGlto/LVQqkg7xkBeM8gEDrtPBAyb+WC7nJuJQvlHLM5DbyWzs77epA2/dOf4c1sQMt7axtYTK0ka7Wj3kAQqyjylOQTuO0ED5gc++fTwtOpyU04t3dtFra6SaS6JO7s9LdSlJXSWumiu9XoullJ31tZ2S0t0+lf2aPi54Y+DvxAsvEnjDQLHxv4XkheHV9Eu1jUiE8yGzdg3lzHA+dR645OD+1Pwx8Y/siftGXOoeO/CXgHQPC174W06F4/DN6+37XeK3ySShMQmN/4ie+SQM5PxD8AP+Cd3hfx74T8H+NPGviDUPM8X27y22g6bAzCzQjanmSEY8zGWcZJ4BNfor4O/Yk8Bfs96FZeL/DOm6z4z02A3WnavaLFLAJpJEYp57qD54t8gnJIAXBAFfoeV42WCoU6FaKnTmoySa5nfS11vyq+uqudFPLa2IcqlOdSlJLm5oyla8VFrRu263urWW2h8rv4vWz/aT1WTTdDs08NKkNhY2FhI0llA3lgSvbhcKoQ5ZcbeM9ytfW9n4kia3t0s7KZ7yK5uHjDgvGNoLNtVgQVVRy/RcZUEE18/eINF8FfBDw1qfxC1HxLo1zqfji+Muk+GXKS6no8RmbdGi581NoCq5IUDHByMD2n4PDWPiPFbReF9NuNc1bWraT+x7PTYDLJmSIKQyKMqoOQ74AG1i2ODWXNSqVqtapTUUm3GStZL3WtUk9bO3XbTdn1mHq1Fh6WE9q3JRjzSUk5Rvy2ba1d2rt7vsru/wPqenX2pfEvVLyeKFjqXiA5kCDagjm+ZUz0IIwTjt+Nfsp8JvDkC6Jp089vAiWtjA8aMu7LhRzgKdueHAP0XvXz9o37Cfx2u9Xi1Gb4U+KDNa3txe3BaAiN5EdpDtJBHz89ORnletfcPwT+H3jXT/GWi6D408B+J9Gsru4s4bj7RZTNb20EUu2QmTZsfcF4QdASW+8K+B4mxX1xezoe8lK3Kves/dtd2tvbe93ZPRWPruGYU8DKpOpKPO052b3Vk3d6W1ev3m/4o8P6npvhS21i50+C2stYZLTRRjdc6lcupDRWkeC/mAAlRjqwGWIO3428X6zcWsbWDW907rLLFdW0/yNbsGKsrHBIIxk7uPbJyP05/bkfxJf6Z4SuvhXpJs5/Afjnw/ZQWmpwR6dYwQ3HlW8upLuCNOrYb7oZAxJOCefjnxR+z98fdfvbvVk+H2pX8Wq3Zne+toc2948wDPNCSufKLMdrAYPUda/PcRh4YKcakqj5nzQk5KzTSg9NVu332Tdtdf0rIs8o4unOFf2NBpLlTlGTa5rWd2k3opPsnbc+IrxQTL8kkEa4ZYzI+xj1OQDjAOSQfx6kDi9f1vTx9nimjDTRklFV2KBgDt2gFmGSATjBIPHFfamo/sa/tGXCzyx/DfVlR1BR3YDaDk7SCQCOfukgA9sYNeTeJP2EP2nJiJ4fhtrJjdw0csckXzZXkFQx4Bx3GBgc4p0cZQd06seV21b2ScXovNN9mvz78bjqKpy9nOjdWuuaLvpFtx7XukkmrP5HyFeazMdQuZC8Ulta6RfHy5GDlTJCR/Gf4WJA789+lfJXifRkvDIkegWdwuoYZ2lijdmLDO92ONvGPvbSANo54r9NJP2E/2kI/7Ta5+H2rGS5tHt41aWMFHB24ZQ275vUgEcnBB483139iH9pbRYo53+EGuXUSRIsgjnichE/iADnbnBAB5A3d8V9Nlea4GglFYmCk7f8ALyPaPR6pb6X6bXPy3iFVsZNycFKmrLSKf8u2j06K1tdV1PyH8c+A7fRof7bGk2sKwSxxSi0tfMaMNjEhCoQuO5zk9OeM/Sv7ONpbWqeK4bSd5or+zhuWMgIdWNvyoBAA2s205xg9enHtfxJ+AHx/0/S3tbD4KeILeKa4h+2PNAt4zxrjOAoc8ZIAGTk/xg5ryn4SaBqfhnxN4q0fW7O7sb9LRxdWl1E1pNbvtwYzE4DfL04znb6gmv0XLcfQxNNxhVjWm43VpqTV+VNqz2lF2aS3u76n5niMJKliFL2TpxT/AJWrO2rvdJqTeq5fdtc7I3DT+HvGVoZQjTafNmUnkLBlQAM/MZFBBHdSCcrwfv8A/Y58MWmsf8EtP2tI7WQSXBvGnvIpJDGhWKFnRsgjpgY6Dkhjjr+eWg2zXGr69o8kDTB9I1B2TdncDDJIuRuHyggAg88Hg8Y/Tv8AYrt57P8A4JYftaa4ZLNLaLUry1uIg21mASWFEb7p8wHAHUcDnIGOLiGbjSy9JP3sxwkbq+lqsU2noklq+vV6apfRcNNzq49ttJZfjIq6ev7pOy2S9OurTR/MfNZXVqFuhFIqszwo0TlY2PmMueuflbAPYg8jBIPpfwk+F/ibx3qusXlhHPfWXhm0GpauEnSJ1tMAPEoYjJIPAGc4zWXFGksECFYZIUaR2jDFyBvJ+6Og5BJONpySQAQfePhbrNn4U+GHxP1iBrmxutUv9O0rzkyo8nySzIWGCFYgcgEHOeqgD+g+EqNCvj8vhVklSi4zbbtpGKabTvpzWWqWl03pc/lnj7GYrA5ZmFTBxjLESfsqUW+W7nOMG3a7k0pNra9t7nzj8UktmZIF0nUdOtbe5kht453MhKowVWUkY28HO3kgnJAJzY8EzfYNHka8tR9lRyYppjJ83G7LADlhyQTnaBzyAK29f1eXxAysfL8m3wkSXDE7pCQQ6MQW+c8kHruzwea+n/2ZvhFZeM9O8QeJ/Es1vd2/hu6hltPC7gi31WZSHZJJgMRRMAdwJG8EgA8kdXiCsLh8RUrYjFU6OFbgvbVFyxivdSvJLZ6pJK67O54PCmOzD+y6aoYOtVxlOk2qFCDlOpOyej6qVtL2SV9zjfDHw31ab4f6v8VH17TNB8LxyJBp32xhHfa9flxvsdPtQRK6KcK8/llOcAnpX1B8N/jB4o8IeB9T+G/2jUX8I+O4rfUNRiggiZDe4X7PDAQN0ascEkYYk5IwWI8k+Mvh/XfiDrlobe2g0jT9MjkGk+C9CRo9M0+3RlWNkSMCJ5pFXMkjrvJwWOQc+0eFvh1440H4cR3VwNOj1PUp7ePS9Onk+0ajb27cW8kIUNt3OAcL9wDBJwxr8A4qznKKMKjyzGRqUPYKjVqpq1TmVqkrWsou7td3tZvc+34SyriDMFSqcTYeFPFVcd9aw+DjFung6dOcZUIOctZ1UlGUp2s5z5Yrljr6Doh0rVdMXTLy4uNP1KCUK01ypLqkYzEjF8YwCMZwDnoAQRz3i3V9P8OWksev+LdH0hbyOH+x7meWHz5GQlCvl5+UEkknAJ3YHTA8mm8R/ErwVqx8JeLdCN9rv2s3cTMoDyoAGRXZR++R0AwgY9CK+L/2jtR1/wAU+MEv9bsb3T7OOzH2e0jtbiO0srmMAFCXVUVmPJAPJKngg5/EMtyqGOzOMXjqdKhV5p01CpFylJqElpdO7T5vdi76O5/TdfHTw+UwksLVnWpRp05txlGNoqOspKyckrq6s9nqftz+yd4W8LeJTe2i63Y6prCXVw9nqpeKaxjSVAxLNklNpbA5ySSfmGa2P2/fhZC3wY063m0HTL9tLvIHkv8ATQrT3Du7bo41UEkkBSx5GCARjAr8m/2VPh58ZvHWn6xc/D3xBqujwaTGtpdCxuJ0We6uBsgURwFiWJGTIQFGSWK4Nafxltv2kvBNxYeE/H3i7xY00Ye8t7a5uZbyzMbNtV5CsjIAcA5f7vH+0a8OfD0KXH+DxNLiXCwqYJwm8ulNxqySSbvHnceaV1ytK++nVevTzqU+Eq9GrkeInSxVOcVi4xcqd/cTvJxez21Ttfs2ZPwQ+G2m3Hxn+GkVzpk5tLzxVorkTSrBBp224BWSeViqIqEKWDDJA/hBNfb37fui+P7rW7jQrnxRp3iPTfDd1NLaRaQ2y307S5reNYFadMLNKpDLwxJIwcdD8J/DT4K/GTx3o/jzxRp3i6zstH8A6fDruuXst1NHcRoX3Klm0BEqS5OQy/KvXsNvtfjX9mrxP4b+Edl8RPEPx/g1m+8SwyX9l4Sjvbu8nnsVgWWNbmViXSXDbfn45xk7Tj/QLwJzjFXznCYOhPM5OnT9uqMox9k+RWU7uyevurmvr1Wh/BX0hOHMtxdXhnM8wxVLK44XETlQWJouft1Jx5lHlurLRX0s21c+TPAPwv8AFWr3Zvmsby3062S5VryaRBDJINxSNy5BVWwM5ODnp1DegaLZwaRYtZ6jb2k1w0t5Exj23JgUl1zEw3CM5yzAFWPHQ1xOmaD40uvD95b2vjbUtKtpGEn2IPvidG3BWLZJXOMbScnBAAODXReHvh54q07Ql1y28QR32mm4kt5mZS8zXBUZeQ4OFLcAk9T0PQfZ+KeW43GcNL2mVYnBqnL21avNxlFJyWto3k42fK3ZXvttfm8Kcyw+G4l5KWZUsXN0owpUKdOcGuVQSsmrNJLvfW7Wh3Ph+90LRLG7h3NLO7bhG7E/K/A8tMfKVY4xtAwGPU8+2+DdetUt0ntTAYoNvzMrM3mNngkDJOR68AjkZFfN1h4d1KW+d3v7UhY185miA2dz8uO3zFhwRgfeBOfR/CeieKJJLzT9D1O1uCJEkbfFiIZIxlwCOSQCQevYnNfxVjuGctq4l4mrVSUHdSadm1a6babd7PW/4b/2PQ4kzilQp4ahRbbuoqPRWWrb1aXb5dUfo1+yf8Fb74z/ALRvwT8My3tvaWmveJv7bvJFLOIItBH9oITbA7XEpiCYYHnJ47/1I+K2s9M8Ka7pxtYpPEFvrH2HTbuS2lBmhgzDE0Z25CBFzhSO4XI4r+RP9lS5/aV8S/tJeAvBvwR8WeH/AAn8U7d7600DW7yITWFiotC1488LA7t0QIwASeAuSBj9bfjj4G/4K9eAvGHhzR7z4r/Dvxjc6hHHdaUun6ZBbwzSooa6up2kiUCJWUg7sewwTXg4nhXJcXicMqNajCvCspJxgnKUZqKhfSL1ak9L3Wmpw55mmcYiC+spxgqTTjOpy25XG8m9VFOSceb/AILPoL9qLw/pWq/ADxNDLG8mrSeFvFcesIgMQd4bS5uVdVfAYIVB2rk7QC3YD8f/ANjXwVpXiRdB1a3meO98J+GPssSMzRxh7p9+WcBQSc+oJ9QMCur1rxR/wU8+KHxB1f4Ratf+DpL+e11eyutPewsoIns30+Y6jPGyIHKT25kWJwOS2V9vn/wjpv7YnwNtzH4K8L6Bc2viEXOjpbOySyvd6W7QzmEON0ahkYrwOM9BzX8++MXDNadLG5NhM4wGExWOhCWGjisR9Wuoe7NOTtFO7XKmnfb0/cfBrNY5dl7qYjB1MQ6dRSl9WpPEOKqW5WmtbOy5bX2+79NvG2m61F4M1PRVMMIvrC9E92kjJHNAVdpllZDhmePcBkYLNz7/AI1fFP8AZT+A3xG0nT71H1TRPE0t1NbtHaKfIuXLsDO6sApUyYLlSOPTpXvDfF79vjxFANBX4dW91FBDKt7Fb2iSu6PlZUVijFsr1ZN2B0IYNXxt8TfGP7VfgbxHbaf4q+HOoaNCoW6sdPurF7SU29w24zwSFFZ42ztVRnGB7Y/L/DHgvjbhB1FlfFOW4StUrxlJ4XMoT9pKKpuUJQtySt2dvitrY/QeKOJOGM8pzw2Y5LiMSlHSNbC3nC7iuZX95JWaUkmr6O5+fXxn+B2gfCXxSNK0OW7vW0+9t2vZZkJRR97eGXKjdwcE4HG0en298DPFVlNaxW8ksQT7JBE+WAZTsUEYJ/2cHHBxx1rmfiD4d8VeLfh/4x8ZeNfAmveEWtI7eWHUL+0nW0v3fBi2zTIGZpBymG2kdM9R5P8As/Qte30USzbTIIonZjsSP+4dvfIAOW/L1/vPhLM8bm+RqGZ4iGKxuHtSrVozhPnlFJN80fdtq3Zq6SWmun8u8QYKhlWaxq5bRVHDYiSnTpSi4uK5rctnrdJvdL1vt+k0cdpevFLGVkKqgwSWiMfHXgZ3DOR0x3710UlgwRDCECRzA7Qcqc4IC468jgZbqSAM5HmkdrqGgCxlaSSa2lAiVl4DYwQwJznhiR/e4HI4r6V8KaRoutaRDBPOYruRY3jkPQSFclTgjnLcjPQjGTzXXUf1XllJtwbcWldtpNLz7pWa6O2iClKWIdpcsJKKe61ul0fm/dvd21vqypokTyG2aFmUwyhnCEgLgrlscY6EYzgH0yc/tX/wTY1A3kP7R1s9280V34Khha2lldkj26XfIzICSse7PO0jjk5HX8e9N8M3thdzxMr+UxYrKNxV41IxgEjkjI6cnHU81+sf/BOm0nsk/aKkRWjc/DsToo/hkWzuBuXHOcMcY7nOa8zPlCrl8nR96blBJ6O13BP5paara91oelknPDHKNSXLDkle7upWVr9t+lnq305bfzrfBv4VfCb4rfHD4w+AvEOvxeA/G0Wv+IJfCWu6jOraHqM9vqFwx028L52m4YqsTZUA+nWv01+Bnwz+Iv7OviuXTvG2jDQ9G8U6FDGniTTwbjTLuS3lR7G6+0xlo0glQb8O2QGx1BI/CLxhqEmk/tAfEy6tWMc58cavCkgZkdS127qyFCCpDkkkYIye+a/qd/4JXfFt/iR4a1bwb8eobPxn4NufDVxomm3ms2y3b6VLDEYkZJHR3R0R12yqS6cdgDXwHj3knNwHUnjJ0p5VjsLSwuJoVPddOVaEIqcKvRXd2nfbTRq/i8H51hqnEuLwri1jaNatUpTi0pVIRqK8Vq9eW6Sdro/U7wf48t9f+KfwhnsNc0zWdP1H4a3AnNrcxSb5EtooW8yMMQGLKQyHDHcxA5GPiX/gpN8PvCnhWb4JXWg6Pb6NfeIfGzPqEVjDHbw3UrzRus0iRKFaRi3zsRuLEtnjj5u+IXgPxx+zL+1r4G1Twz4gmh+E+mxDUvD+rWtxLe6ULDUpmc6NrKrvW3C8qN4AK7R8uMV6N+2B8aNP+NFj8CNQjeKTVYfiXBaRRWzia3S1EqJ50bKdqiRsnaQGAGMDmv8AIPL/AA3zDgTxb4LzPJcdWr5JjoYj617KU1Sk5ub9nWjzcrmk1FN3+F67n7lmOLp43LMQ5wipUYQipct+ZXja17OLTumvLpoz4m/a5dbP40fD9MfLaeH0Ujnj5IixOTkDIbBA75XA5P8AVR+zz4osr/8AZ68BSW15BdA+AljkkikDqHSyZWR3ViMjaQVB5AA4xg/ym/tlK5+LelOwYSWmjpA+AOPlQHnBwpJzn+91HWv6Wf2SvDtppH7K3wyFssxjufAl1cXA3uXZ5LaYtzk89McjgA56Y/u7PMfVo5bw5Og+VuSjJ9VGpyK+6bS0+z997Hy+TqjiqFSFRt8leHIorrtyt320uuib23R/Cr+1PdQx/HL4q3ZZZAPHviE7FIL7hfz4bGPm5wOMDIGDySfI/BanULS8mljVZBcb9xjBLRryFYkZyRhR7E4wQQfUP2lLOzf4y/E2VndWTx54jAQkmQxrqFzktjByMYOAMdhjJHlXhXVrO0guIVkaRVnZpdgyyKecEgA8ggAY/hzwK/t3w+lfLcA3J3+p0LtW0fJHra97pX+/TW/z3GsksdKHKre12VmrWVr3uraXvfRN2srWs674L0K7kOoXFpbtLMpBLQIGxgkjIXrnqQw4GDkmuBuvhV4T1Bt8mmBCGATZkBieg68AnJOQMjptrv8AWfEsUxaCwLN8jMFcZ24yuMkDnoAxI/iPYEYtlql/KIldExGQwwwUscjOcHB+hHryCDn9OpYiUZOF73+1HVvbR6q2juntbz3/AD/FYSnWlTtBNvlekbrTlvdrTr66aX0S52y+BeiRxyywtNal3LNGjfLt4OAw54IHU4A4zmsq++BehX6t5t1deY0uBIVOFAIBBJHJGRjaTnPcV9M6GJLy2jR0Xc67/LLEnkDJx97JA5BPc4741b7R5jAWgjQOxztznpwT7E56A9OMEnjWGJqKTim7NpvmvrqujSTbv66m8cng6Sn7NNWSty2T0XRvTR311+aPlPw18ItI8O6s9xb3iXVxEVKRyvGXKjIOFJYqc4AJGcnOWyA30DpkEiFWVJIgRsBc8kgEdsDHfBAB6H0HyJ8ZfDHiuz8YtqOkahqFr9pgjWNbCWTylbIyJFU4wdwJOCRwTgEivPD4v+MGgFLRNR1aQx7fLM1v5igsMEsWB4Yk99wGMjkCuxRlWvJdGtXLTWySSvdfLTqnu35/16GAnKj9Xkkm1dJtNe6t7X0d7NdW3ddf0bWSaIBy4YZCjJYbRzgDgEAEHbnrzjqadcXjyqQsijyzvHLDccdFONxHAXLE5BzyDhvgOw+OXxS0mUR6tLDMxGPKubUxEk8hiQhGDgYJx1OB1x6V4X+PusanqVlp2t6LbosjhPtETfPlz8pK8qeMkY6+uDxtGhWpKTtpbXVJrVW6pq6s2t9PM3pZ5hZyjBxqRlpy819JPlXK/eb1eyl5pdj6zstXmCkypmMlkG4sT1JyB1AyBk/xZ4OMtUWo+I547Sd4VglNsryxiQAeYYxv2DP3cnkBT0Ofqy21JLmKNwkcakKCGRQWzj5ySowGHo3PQ57GoC3nheJYLdiAGkPJ3jGSQMclRktljuJx1yaylzJtJNWUbtJty+HRNd7X97XTezSPYlP21NcqSbi9k27OyVtLdm29meBN+0c2nXM8GreEZcxu6tPByHAZsFc4GDjOV5HPAINaVp+034MnkBu9H1GB1wHLBXwvy/MMDjG05xkDjPYV6UdA8N3CKl5p9hNksd/2WM+Zz0b5MjgkDC8Ad9wrDu/hp4C1CVzdaLBECAS0GYwen3QgC8kYO0ZIJPOeeqnNyUVKcbtKTT6Xa3d3bbSy21bu7njSy/HJtwnDuoyVl9l2Wr7L7/MWy+O/wx1e5hVdVuIZwAieepEZcMMByQFwDjuO2fQ+6aX4o0q6ihmgc3kDxiSKaNN6uWTJAK5BI4xgFcdScAV8RfEf4dfDDwhpUmt7LmxYSIkHlMXV3Jyo8tj0LLknt2HevLrT4+6p4ftxY6RepcW1vgwoymM7QRjDKOgGB26nPFdfMkmm4+bitLWjo07Nq2zs+7PPqV5YWfJi0rq3wq+itpronvtdrR63P1Gk1uyuIHRi8ZdnEcbqQoJA4yRjIODyDxnoSDXlWppBNqEbQtAQCA/klSxww4duMkgjdznqO+6vjC2/a08QSLHaXuk2joVP75GAkOQBx/FzkAgMpOG7DmpfftC2xuFl/s2WF2CriGfCgvyXZlYZIAJyT83JI7VkqsIR+HZrWzTWqtLXmW7bTbV3o3a6O6jneFjGDWmllZWV01utb7O70126n2xqfhybUJY7pbmKHylVMbPlIwCvzEc8EDPGOp7qJLTQdYVCkV+WjDjYF+aPCn5QQCQuOAc4xxjpx85eCvjRpet24gfXZNPZZH+S7KsshUA7F55Tc33t3TgZA59o0/4iS4ijsb7S7suvEQkWNyegOCQQOhyeDg8EdeyFWjo52XNBOUla70j2to72u/ldXv7C4kw6UG5vVpJ9deV62tponrq99Xqdoth4ls1EaPFOXfKqpG5F7ZIOR0xzjHrjrds31uIk3OnrI+8EOWLYVAMjjkZOSBz7881z6eMdch2yy6VDKchS0ExbnJIOUOCvTJOFx94nII3YPE87qHn0yeJyQMBzghRk4JORgYA5IyeQCBjppOk4Xpya0stNorlu76Wu9baq91bY7qGb4WtZqo3ppGzdl7uu7W7tr6djYgu5pw/n2c8I5xsDtkZ4UA9M/wBMHpxJFf2Sxy+czK6NyJPMDKBwM8Z6AZPzAn3xTrXxhagZksp1IGPlTeCwJ6ZyOc+uemc5wFj17QblpFuYniaVzuZ4VOevIypyTg9Mfw8nOTbw6cVLnhKc1u9Fa0WtL7p6XW6Wq6Hu4PHxpyjKFZJWWt7b8q5bXuuysr9tE08W/vLKbczXFsQAQFkUKTndkZI59Oc5BI55rl7u30iYBBDpjhlO9xGnOCAQ2QcEnHHB5HTqO5uY/Ct4BFuhUsBy6lGPOcbcALjtznvtz0pXXhjw5NGGikhVSoDGOYbxzwSCwHPPODhTyRg1P1N2v7r5krtJ6bbJa9HqnfrbQ+uy/PVFxTqLlVklo1vGyer201ut7tK55pqGiaJ9nllitrAY2NvhKKeOiAgcg4POeM9MYJ9R/ZX+DOj/ABr/AGgvBXgXXJ73TPC/iG8kW+voWDMiRxOHVOSu0kEBnGR24JFZMnw80po2dNQkxK67UBV1AyD84BxgA8Zw3OfvHFfaX/BN/wAP2Oh/te+AbS9uFvbC2tdWuCJzHHbb2tJWSQSykIkkRwwTcCzL8or+dfpFUM4y3gXOMyyVTjjMHga9SlKnzSl7dUpOmmo2k1e1vzWh/c/0bOPaGCyfjOg6sqePocNZljMunBxnUhjKOFm6M6cJKUZSUknBNNNrW6ujx/8A4KDfsZaZ+zL40a30DU31fwv4lgNx4ZujE6XEZtzsuYLkoPLZi4yrY3bQudpxj8uj4TvJHMzWDStMr+XsGX3D+LCjpk88HAyfY/1k/wDBVbQfDtn+zFpOv63FY6r4ng8aXjaNcW19BPdwafeGZ1tTEHLohUh2G1QhwcAtz/M34b1y10q88y5g85ZhLGkE0h3wSuNuSBzgDr24P3myK/E/AHjDijP/AA9o4/PqVeOZ4dVaNeVaLUpzoWcZNSu3eNkuveXQ/oThjOcr454b4dx3EbU8zdarl+OxFWnSoTxksLVVJ4qUIqMb1I/E4xgnK75VrE9g/Zv/AGA/i7+0xofiPWPh5Z6dOnhWNZtZjuWZZBvQyRQwRqQzSFARlQ3PvgHR8Tf8E6f2lvAs1zPqPwr8RyWltam/knt9OuLlfsSZ3XqNDGx8gAFhuAbaTnGAT/Uv/wAE+fB+iaf+yp4D8UeHLCDwO/jKO80vxL4g02BLzUb1wGFveNGgJCiQBA03zKpO3jIr7s0zTfiJa6Rq/wAMdZ8aaVqms+LNKMHhPXNWs4BOumNEyNC8arkt5UhYK5Y7+uDxX81cZfSs4t4d4mzbDTwuHlgMLmDwVGjVw9R1pKD5J1FJX3knbRKzck7aH5HxJ4vZXkHE+a5HlnDeRYjJstzFYNPGVsbhswjh8NKnSx+MdfDKvQnyNVKsabjGcabjeLfMj/PzvPAmsWc5iaNFe3dxcRSI6PG0ZKMjqx+Uq2QVGCG7nBzHLpWpW8sEb2sgIAKurNhlxkEMTyCBwpJDFu5r+g/4d/soSeH/ANsvxH8MfHfguL4i2Okatd6/qdnYQEtPp9yZZILh4+jQM7KGjBYEsBjjI/STxX+zl+zp8T9Gm8K6Z8CPDXh/Xr6z1bTNM0Nwlj4iOqaehSK7tZI1RfLXbvb5vlxjP8J/SKP0rMNlONyvCYvKqmK/tDB4XGVcThU5KhSrqLg5K/NKyWsWlorddf1njvMfCLJcwybDYXB51mNPOcmy7Oq+a5fjcL9Uy/C4+nGrSqVIVa9KvKCgpVJT9koRpq8pLU/jRGqX9uzQQtdQMrANB5hXLLzwBjJGSSOeenYV6X4V+K/ijwzA8FrHIzTEbWLSrMjLggo6ENkFd2Qe2eQDXffFf4R33w98feOPC2qWZtb3wvrV7YS2U3FzbiGZwIy4z5ihcLu5/wBoA5r2/wDYw/ZKuP2rPi1Y+BYNXXwzpNrpl1rGva5J+8l02ztsEzJE3yOp4BL4ABBPA4/pnF+IfCFThKvxPnOBoVMDQwSxdWU6aqJ0HCM7+zs7y95WSd+bTc+hzng7F8I4Opn2D4ulQ4eoZdHNZ4irKWIorBSpwqqfs4qaqe5KNoxUpSukk9jwbWfi3rPjiTT08ZHWtYNjC0MFvc3NxPDbIRhGRZMsgQYJwqrjGeevOWHi3+wbq5fSLu7tLyZ8DbmMqCSQFcYKnODuB49iOf6Jda/4I2/CSDQJ9W8KftE6VeakYltY59R+zLbTaj9z7KiwyFyzyDBGOuSCTX50/tF/8EyPit+z9BpviLx9r/h+fw54h1EWmkX9izCV4yQRK6dlZD8pXBOQSccH8Uyjx18FOJK39l4WmsFKq5UqGCq4Oph5VlJRm/ZcqSlzbpp2tolqPgvxVw3EuY5dw/w3xrlNXMsTUlh8NluZ5Vi8qqYirCm69WlQpYmhh1VkoKc5ckZO129T5I8TfG7U9X8N6Rod9Zi5uLYKTqc97NNc7ScqFaRyQpwcqOgYZHGa+kP2d/8Agop43/ZthvNN0Szg1LQtRSUajpd6qKlxO8RjEryD97yCMZ+Ruh5BNeo/Dr/gkR8ffix4VXxh4Z/sqHSJ1WbSDql75M2s2zKWSW1G/wCVSFIUEgbSCTya+f8A4t/8E0v2hPAV7YadrvhLUIpr+7S1tbiMRy2U07yFVBukLIiDH3pWAOeT0A4cz4r+jvxC6vDmOzTKqnNUSqZfPFRjUjOnKM2uS8bThKN5KN2ndPrb6PMOL8PxRPNOBMxz3gLP1QquGMyCWPwsJLE0GpyXs3VhJVqU4SlJQUpwkm3ZptfJHi/4w/8ACV/EjW/HtwttbT6vrs+tNp8QH2aK4a4M6IN2cRq6gd+Bxnkj6w+Nv7el/wDtF/Dzwl4I+JYtbEeC7SGy0RdHhAjkKxLbGe5Y5ZysKKAqgqDkr1wPl74g/sYfGH4c6zJp3ibw1rOmABES8nsLkaZPK43JFBeqhglZlYFQH6HdkcivOtA+BvjbxDrceiadYTXd+lylslpBA89zLO7hFihjVWLGRuAdpAIJPOM/fYjLPCLiDB5LmUcwyvEUuHIP+zMVHF05rBQ9lCi2p875X7NWlzWStfpqVMXxfjq2UZlTyHIswhks5vJcyp1aOKp5ZSlSWGqOhiYVZRpRlRjyTbfwxs1a6P3M/Ya/bn+BfwQ8CXfw38eeOr6+0zUfJmsv7TtRe6Tp0coC3Nr9kdWAwGYYCbeeDx83yJ+2r8bP2Z/HfxPs9U+DumWtt4fGmynW9RhhNva6jqjys7zQWoAEanGTsUAH7oXFeQ6t/wAE9f2i9E8Nt4u1f4da1aaBBBHMLuK3R7goVyxa1UmXKjJIZd24++K+Xb34VXC30lhqZ1LS7qHKPa6hp81nK2WIBEUqKxHU7lBBwMHB2n53wy4O8I6HiJjuNOF+LVjc0xU5RxmXYXNKEsunXkoRnOeGp2j7RuKlzK7urX1afyzynMcPmedcZcM0aGOzbMqVXD5nhcrzmjPLKuKdOnTqzr4OjUcJVoWUvfvOMuaS95tv0uP4teBNMjjUW0UkYTarW6KrZ54JPBznPQktj0OcrUPjz4HgthLDoEtwSGG90UsCCNrBmHGDjO0kAcZz05Cw+DAubnyXv5mQAqgFqzsWbgsDt43ZOMnGcc5NdPdfs0arJpktx/aHlwIJBClxAoBUKGJyoPPI+8DgZ4XBC/6I5JT9vhIVaCUouMbKElJXsle6W2z1WlvS38NeMK4sxFbFQzjLoYJczvBcttWk9bvmvr0Wnqeb6h+0HaSLKdJ8KnzAx2vICVBHTnDYAxx3OBzjp9JfC6G58a+E7fX9ZWTSbi5L/Z4IQ6II1JG7HJO45IwMdwDjnwvTP2dPMdjca86ZZA8UMGFYArkA4AABJGOv0IxX15pmkzeHfD1hpNpIjwaTa7AZFC7sIG5Az1P3jwPm6Z4H0FCFbnftE3GMUkla0pNq/wAL576P3r6LzP5HxOBip1PaJNK/VatyTu2nzXW972SWl2jm/Efg2Cy8PXGpWdzPKyyxxv5rsix78AtnIznOeMEE5IXknibH4eGe8sp47lpbZ4opbpopNysuQXSRWJJBUsCMZyT1xX0Vc2Vnq3gBVnuEN5dOskccZLAbX+ZTg5b5egJbGScAkAcHY2MWlxpDbSSeYTsdWLBeTnGAQMDkDHbnGSa2dJqV0vdk9ubvZa3d25JJtN6WaSuzxKdGlGvKMouMVOyabs9Va7bs3ZapPTzPmb4wfs+6F408e22sf2jJpun21nDbpa2IZxM8ezeHAA2s2CXOck9DztEvw4/Zv8Fr8TfBdzIt0+nnXbCKaB1PlTKtxGWDofvIxGDuUDHOCOn0zrFsjIhQ26SM2Vfem+MAYJOSCxAOcHlic4PGHeCrLSYfF/hv+0/FFtZxNqloZrlp0C20ZnRjKAWG0gZ56A4/HgxOBh7OpUVOPM4c83ro0lu00mk9kl07M7sPgKUsbQtC6dSDl0Td4t7ySSV7bNbb6o/T79oXwl4c0X4IeP7PQvD+h2Udvo9kRLFaQW8iwhYxhSEVjIeDlc5ySSMEH8KYJ2RUkdkjVcRpDv2sI1Bwd3CnGMHPGT6nFfrJ+0J48+A2kXh8PeMPjfLd6FeaRAJbPS51uxcskaAxXBgZgPmyOTnIPLdT8Ny/FL9ibQbeVtO0nxL4smQSNEA0yxuQSMnJBwQM9xgncSeK8jBVnTjUi+a7k5WtZdHfy1au9n5H3OdYKhWq0+XEYSgoQinCcopt6NN2ttdbdujseH2lzFJlwVaRt3ybi7YDHaoI4zjGBgrj1PWV9Gv78rJFp97c7cFVgtZJPlORyQrYJzknjIyMHjPo3/DVXwmtYF/4RD4FZ2ttWe+zKWGe5ZSRknceAwGcUs/7Wnj64eIeFPhnoukxNtRFGnh22kjHzNHyfu8k/KenYVpUr1baU07tbWTk2ltZXsrO999VrZI8JYfKqTSr5hGTWrjRpc/MnGKsns9Pn5dTk08DeJ8fbF8Oay9ukQYr9lmiCrgYJG0YA7MenTA5rn9W0u8giluJbO4tUVCrCQbBtAORuPJcZ6AnJOOvXu9Y+MP7S3iw/ZbS0fT0mQRtBb2kVvGYCoyM/KMgMuMkdiSTmvLL7wL8efEkMtrqkkMMAErvHPIiFg+QMlTu5xng4HOMEbayVSUk1Pnad3aMHpL3baytblukraXWia3xxlXLUr4NYmq0lrUpOMW+nKreT66NXSXTi7fxFbaSjvMY2JaQ7wwL7Sw2rgZbHHG3kbuGrnr3x7bSNctIYEjljI3kqWIPX5M9+xxn1z1HW6f+zD441aNmu/Edhbx+YTIIC8sibSchsDHU8jnGCfevRdM/YfurqOK/1PWdSvrJSWubizjAjXacqm5sbvyxznpXh5jiY4eHPLkhFc3NzSgknZLmbsnpzbJLS5rlWAznNqkKWBwfO0+ZRk7a+6k2/wCVJu6009LHxF4n13SpNC8TQwszzTmMglAWwCSVAOBsJPXqB2GK8z+H3iaXTtbnjj0u2unm02WAm4QN5YaMqT6kADB4B/u4A5/QD4x/s8eD/Dfwt1XWdHsL1LrT7e5uJdQnmz9oeJRhNobKgEE9OmOjZr8/PhlB9v8AFFnbAKZJtPuGzswUAQkjBJI25wOWwDw2M18HiMRQ+sPllGUWuZOD0fM+eLTT7vdXv22PZzTIs3w1TB0MRCnTrV6fuxgk01KSslrfS7v3RyV9I001686JGhu3UMiEIuHLFQOOBlu/QY6g47Tw1EZLK7kVt4iilSLeW2hmThQPUEDkZ4GAc5Fb4+H114h1aHRdNl3anqOrJYW8LJtjaWSZkTLEEIG3DcQRjPXk5918Xfs0eNfg5d23h/xfbyRapf2Q1S0WGJ2gurRohIPJYKd7J90nIwcknPNfI5txDgadeOFq4iCrO1qfMlOzaXMuWTS9ZWu2/M1h4P8AGmMybEcSYHKMRicrw83Sq4mlFNKq0pOKUby91O8na0bq71R+vHw78L6BN/wRohnv7C0XXdR+IF7GdTaNftIh4xGZm+dY1PY7Rznoa/Aq/wBCvBcTpZweYiStE2QGQlXIU5xyGCgqR0zzjkj94LPWl0D/AII7afYyM0N6fG+oSpHPmOQL5jorKpzuCkEHAI+9kYzn+dHW/G2u/wBsyWsN4yopEZMbcOW5LEAqMqScEHJJPBwCCrKviI0nhZxcYQirtt78u/Ld3V2+mltz8myvDvDYnH0cyjOMli50o02vfXLyxtZ7NWd0+rs1uz9Xf2FdOeyvviC01pDb3kGhxNJcYwSrb1Kx4zxhhwMnn5eoNfmV8V9LvV+K/iR3iLRv4pkYtscqUe7JBLYwFwGySR7DNfZX7DviLVJdW+IQ1HUbiQW2jWzqVk3Bm3HAdSfmUcZBAwMjAPFfD/x78YaxpnxG8Rx2bkRrqzTlmCnd5shYZJO5lCnCqfmyCDySK9LKM3xKksDJpzo80243Setld297RWtfovn9Zm+T4ChkmFzKrzqFau6cY2XMvZye9lrzJO7Xnud34t8ITya3fzgwophsHVpSFjZfs6kbWY5O0N8wHA5BweK/Rb/gnxpQ0zQv2gIhNHM8/golDbEyBH2kAEAsDnHGehOeR1/MfV9V1HXr7dfXbEDTtMlNuGZEDNbR5CgjOCCeOxOcYr9I/wBgGR7HTvjl9nWVop/BSgx5JIO9slz354IG3ocdSa+mjj8XKrCEnFU5XuopaJtK7V73jppZrfvc+84C4c4fxeYYWrRU3V9nOesk05KCbdlrpZ97aadvjH4gabLZ3GsTS+dueZ2WMkAMMsTIQp55weDxuIJOefIrDxhr2jqLKxvWtbeQvMyjapDEbS4I5VlBzyePQ5r6D+NVzCt3cNEUDGJlcxt8ituP31HO44IOfukZB54+S7mRWlikkAfghQhACjoM5xjqME5GTzjmvaw1KKSU06ttOZ2fNB1INtt73TtZ+b+yjkx+fZnwrxBVqZHmGKy6opTofWMLWnRqSpTmo1I88Gp8sotqS1SVk3uftH8Wtc1y9/Zb+BEq6jPK09s4uZY0LS+WE2hnIGSPlI5JPp7eS/D/AONep/Dbw5e6lotneW11cIunxalaxiOSV+A7yMVGXQgsAAuDXq3j65j0/wDZQ+Ct0P3ITSQWk+VxtLJu+VyCGPysSNwyM8DivE7/AFnwlffDtII1eeRbyCQBVEIimZMSEEcneTnPdctgEjNcU5Uq2Mws6EFSqKhh6jlGN+WyjFJSTbptrR8iT6Nn9aeDnizxDwnh80r0szhOVXK6k3h8eniKNeVeK53OFVyTcmnKTad903udnoHxs8SfFnx74CsNZupXjt/EOmQzNMgluL8tdxBpbyYAsSD8iguSF5wBkDrv28/Bcc3xS1LUrZbdRbfYYY45s5/1IViCwU/MO4Bz19M+ZfBS20aPx94IFm+Hu/FGlFnKAqjm6iO0NtJbcuVPPfjBr7M/bW8N6dq3xJ19LjUoLO4gj04JDIBji2U4VRwXbsGGSSDx1qcDga+H54qk26sIzlLX3nDkUbyvzStZXclfXrZn5d408e574i4alHOMW8XXhzPD0acFGhSg504qFGEFyRilFXVu1ujX5PDwzeI1hbx6Q+oTO3mNb2odVlUEkiTKneSeBjA4JFXdR8NxB4mufDj6Hv8ANUJM7x5baclhgHHOFz1z3wSfpz4S+D9R8X+K7bw5o0WpSz/a41lvbe2d2tbcfu2dQFBAOQSQOwxkEiv1t0f/AIJE/Fj4oaFB4n0jTLq+gFhNLFFqrm2N4QjeS8YO3aXcA9BuyNw6gZ1c2VHF08I4TcpKOqinFXtvJrm8rKyV9bs/IMN4NYzEcN0+IcTjsDl9CvNwoxxtWnS9rJNK0XK0r3vZRsum235z6LYRW/7H9lYQ43LPrRUMT8zOVAQD0fgjPPTHOAfgbwH4m8P+H7+0tPEehXGo6U1zKl/aW0gglkMRJxHIGU4IJ3AkgHBGc1+pHx5+F/if9nf4dWHwj8d6VcaX4nstcuJ7nTWZXZrK5mVYSjAENGRgAjjB75Ir2XwZ/wAExNf8UeHvCHj+40fT5NB8W6fb6rJHe7rZ7aJ0EnlQTRAIGZT8zuQcYJAIOf33wK4S4e4o4tpUeIs0wuWYCKhVlUruKhUTlFOmm0mpbq2mtlZK9/ybjvh7McJg1Sw+HeIq4Oi4Onh2pOfNpGdOS0auk9Hroz8fPHnh79nzxDBN4j0nXPEmjXkxgN34SjtxcsFJId453Uq2MAHo2OD1UV3ngG38P6Z+zR8ULHSdQkura51y3Nqky7J7VGZ8R3CgKiPjO4gYJ64HX9fD+zJ4I+Fup6QusfC3Tn0bVbqTSYNcvLV7vT4GiOwztP5bxlFBYs2eQFySa4P9rP8AZd8IfC74AeLNV8FXVk0XirWtL1omztY1tfIdnMqwSIoAUMMFCAeOADmv6q+kZ4deFuR+G1HNeFMPUWPhXoxWPSjLC4tRmqdZQqUpypxnGVrxbTWrtc/AeEsfmr4lr5fmFCvScFUcadWm7wfLFx5pOKd5JXdnZadT8Y/iLpcbfA+1t8B086wUsuSFbLgrzkA8jOOOfUba+B5vDDS3DAxuAWOwjB3MCDx1PoQeeCMH7y1+l3jTRHg+CEkLYlA1eE+cTxsC5HO44APbsMA8A5+MZoYomt0CKz7xnDYDLwcZA9RwB0A5A7f584aKUGm1y6yXWPK2tE9LrX07O236PnFBynSbjqqd5KzaS5vhbtuk77dPRKX4a+EtRkntJra1uGaC4GTF1AGee5LDOcZ9OuTX7I+JtKWb9jn4fwTRtI8urXlvKrkBgJC4kDE8c85PIzkjjp+fXwXW2mnXzDFFBb3fzoHIdiRwD0JJY/MQSAOuSeP0r8axbv2WfB6wR7I4te1BwcZAjj3MSM8sAMEkEnrXlYzExeLwyvZwqRlazvtHo0rdFe3VXd0ejk+AaweLnqnOjJdbrRcuj02emltlpex8U/BD4e+Drf4iXl9cWunmxtLJwrTyfcu2V8sN2cMMdjnHTvn4I+McNrL8SfFbwiPyF1S7WLZt2lY2bG3HUEAfXAHPFe+3WsNoPiaaC11CUNfahGjOszKqGU/edBhQo3njDBQM8DFeceK/hR4i1DxhqFvp9xY6kt0/2xZxOuxhIolKiR2zkBgCDnOOR94D9NyTEe3UbRShCMVKzV1JtNXW7jo2ney62vp+cZ9ga86EadOlUlJVvsxT3tZe7a60undpbaXPpT/gmOr/APC+9a4AX/hDb1Tj5fvLKBk4P0PAzz2PHyX8dbcRfFvx/HgLt8Rag2MkdbmRjyNoIIJGDx6/MK+6/wDgm/4Vv9D+Nvim4voArWvha6ik8sF1VwZFJDDuAcDkDaMDjFeAfG/wG93478b6zG9tcC512/AiIYSKzTuVyQCBnjrznJycYGFCvh6ec4l1asYr2cdb6dFr01ta+tk+zN62Cr/6t4OHLNSjiJucOV81rLRpapNpJaP7rHgXw8sY7hdYaVISLa0eSIuVOWxuJ556cccnv148r1KRzeXbRlRmdhhGyAFdsc56A8qDnvwSGB9VtPDviOwMws7G5Ec0TRyJFt+cE4PIPI6nPBAJ6YrjbzwlqkEk0s1ndKuQWHlsQoL9WOM5JznDcY+tezPH0KkGlUTSSSfSzjHXVK720vr1as0fMPC1oyoy9k1JTjd9Le73jdpba9Fe+un60/tysW/Y1/ZsYqCzaLYjIb0txkZ4BHqOeOgPFfi9pV9LDc3BhuZUUAqoUthSGwQRnjg8YOD0yOCP23/bf057r9jD9m+KNSZE0i0VgRyrCFRhhgkE5bdwSMccA1+IcNlNaXU4faDvKYOUO48dCB93BBI6nkk9/Ey2VP63O+sZTk35v3U/wtezb0snbQ+l4nozhTwzlFpvDUl5tcsVdJ6WV1fftsdIfEOpeekUjxyRKoCmRECtkdWB7nORycnjI4r74/4JvaxcXf7SWlu8UKpHoGrKCgC7gYZQDxt+bI5buD2G3Hw/4N8DN4y1mLTHuTaRKUmu7oupWO3UgPhSQ28jofvE98ZJ/Rz9h/wbonhL9ouyi0K6n1C2j0TU1F1IApbdDJ5mOSAFkBGRknHqCKM7xVKFCtRWqktNb2tZcsuz0217+vBw5l1VYihiHtzK6vrblV009U9LfN2PI/Fum+HvEfxx8caN4g1WPSLKTXtcMl3JMqJu852CZchByMYJ+Y8ZHBr5W8ZGzsW1myspxcWtnLdwWlyr7vtEMbMqS7h/CQM7sn6HOK6b9oicr8VvHJSV0J8T6nuA4HNw/cc4bn5Rk8dzmvKNNtZtU0++UMS0Nu5fuBkE7ACc7gAOcEkcHtn0stlGeGoxjFt+xV7XaTtH599073dlfQ87PJ/7bi4c285Jpq6+y907rba1tW9zytbmVpMrMxVj90seSGAJ/DGePpyM1+uH7EVyH/Zp/aOt3LMW07e25s4AhbA6A9P9oH8On5DG1kt5fnByjkFR1AL85Przk4HGPoa/Wj9hnD/s/ftDxhdwfTnXkn/ng3vknnjnBw3AJwIzeFsFFSSjJ1Ka5b9XUhZJ9l01b3u9kedwvFwzKTXMoqlUaW26V0utkn917u7ufls777m8w78XUw44wolYYzjAOeMcZyOuM1aEKyhiGYMGyAc445B3Nxxz0JPtzms6QomoXK5JY3dySATjHmsDgdB0I5GDjoQc1usbcKH6MVUYGQ2CMnPGDgnGFH5549TCr9zBJRS5Ipq61St12XS97+mlzLHVGsRUT2U3ZbaNrTR7rXVJu+tlbW7pUfl3NtlmfM8DMSTx++T7w7dOAMjrjnGP3U/a+Mn/AAov4CzRgEj4ZwHOSAQIScFhzwufckcYNfhdpbQ+fDlmKtNDgjnaRPGMEcZ+93XkjoucD91P2uleX9nX4FTIQDH8L4mPIDbTDnBGcjkE4U8AnbtGDXx/FqdPE5VJpRviEnbW2kPS62s15Xdj7bgyU54PN1duKwydt7JO2jsrO6W3d2Ttr+SHhbxTa2mrAXrQrGECANgsDz6849PXI+g9+0/xaZF/c3CxwHanmxuW+VvVThQSD94Yxj5T0NfDNxK0Vy825mLbSCpA3fNx3A6ghjzjsc9PV9D1Wa60wGzeQTRkLKhO4lV+ViQeh+b73T9cfa4elSqQp3SUoQTWlm0+XRK6Vk+usmrW7H5/icY6FWry8y997d2/u2T1/A971G+1STVtOkivppFjuLVFZJdoiWS4XKBQRuDL8oIHQnkYOP1B+Pu6KX4UGPa7HwbpxYuRlSbSLJBwCMn17+vAr8W9F1e6XUtHhmdnEuqWgKl8uP8ASYxhwDgqep98/Wv2l+PsUceofC2OSN3B8FaYQM85a0iIYYznvgcAZ3Dsa+G4qp+yxFBQuub4tVo7Ky69u2z3Z9XwtWeIjWvF25qbtfmavbXfXS3XX5MyfiKhsn0PUEkK3C+GUmjaNiXRxFwcHqSfYkfTr8fj4z+P01CC1s9Y1O1toLgjaJ2KtJ5mI2b5wAvTgY9Oma+1filZx/2bo0ixMTH4QyN2BwYsADOAOCOp5zk4JAH5u6SsN1r6RvJJGj3g37ydpPnfKVHPPGDxyAMnjny8NL3acZWd2ldt20cXu+mje3Mna2tr+fxQ6kK7jTe0bxV1e6s1rbRuzd9LOx9F/ELxJrd5Ba3lxqd1NczWMLlxN++lnwGxgMAFBJIGMA9+Bj0r9kDXtc8Q/E3VLfVb6W7t7fwzfssU21jDIkDKGYdc5wRxknGWBOa81+IGkWcEVtIsouBFZ27qkQCFW2gEA4BYMQec4Bz1OFPt37DmgwTfErxRdrE0cjeFr5xvBzt8uRge+Qfz5zng5Wfy5MDVlFWahdqNrNJLVuOjV3ZK6va97o8vhCpiKmYUPbRbftHpdu8d7tt7N7X30scfql/r82qatbQJFc28V1frbRSkJlxcSbjjj5QMEhgS3sfmPzh4t8N+IILC+1K90cxQyzkySW7ZUoSegBOQMjk4BJwBk4r33VfFukWWratYTPb296mu6gfMldhviWaQFc9FPHTJyeT6HT13VfCusaOmlre7rq5jYGyjkUgZXcJM7ieufU5OVO1RX4VLOcxp1ZQdNyoxb5G1q0+VJJt9lolq9fl+10cWqNaLunJNRcHy2ekOru7prlVtVrprc/PN4bhpXC29zDtnUhpOmxXAG0emCeuQQ2OOK/UT9kGM2useL7vYQ9v4Itm8xwQC0gXaMnGOcYK8EZADYIHknhrwb4Va1N7qNxpflQLtW3uWjCmVD85d+WIXBJ5x0xjGB1/h74w/DzwDq3j4TeIoI7XVNDstIsZLAI0UdyAokiiK9dihgpxgnJycCuvLMzlUxl6sZQhyaybsr7pX2u3dX1R7+KzHDTwM4R5VUtHmu7Xsr+Su7rdvW19tfHP29PE89/4w8MwWk0U66boI82K2feY3kByshXcUDE/MDhQSRnJr8zLrxPJZB7mCB43gZgyKzASO54LE9R9eDjPUmvavjF4iuNU8XX+ope3Mumaj5kdrNM/mNLbIPlbgtjcMFgDtGWOMc1823F7JcTvDIYo7dWZDlQFwpIWVhkqzc8DgkEH0rjxM/rWMqSjC8E3Zp30Tile6au1Z30vt6fC1qjlUc1db2i9XdWtZ6KKaad+tna9kdpoXxX8S6cXNrPcFSRvLOZBAGBzgNlRwcjIycnjJ5uXvxV1PU7mGdrqci3bMkJ3bZWJOWbttzg4Yd+gNeZrPbWiOBkxPkyMBgTkcIygc9T6H5QPXNcrcG43TtA2ze52gsMlSSfl9BzyCSQOnQZ6KdKtZR55xgorlXNLRtR130/J+diI4iaSW91802otO/TVXs73Wivd29ni8VLql3NNPJCLoq4keRRsVQdoII53jIAHbJHFeweGNA8N+LNLIuvHUel3UEbNLYyQEn7p8p02DmMA/MRnOMcFQa+PtKu5IGkku0hVQNpDHaZT0LHBwwU842/NjtwR1ugeIrjTb57gGNQylVkboYD/CfoPlBYjOCRxXVhpvCN80ZzXmpK92r7PZ62ta/Y68HjI0p3qx546JrVPpo7NJbefnpa/sniPw9b6Gn2WPVLLVmuY90dxbl8bVJGWBAIY4B6YyBnJrx6TUYre8jCT75oHG5CNwZwcbCcDIyNoBAIwRwFzWy3i6xEd4ssnnGTcY9uDsBJLCJ+SucY65/HGOQEFtqLSXtpN9lRX8ySNjulkLE5wScYHJOAepxyMUqtVYiprFwirbXTsnF6N6Wvo29ltrveKxVOtKPs0otJvS7tHRu1pJPXV8zb0ts2j1S38b3AtvKu2igjlmVFLYDAEBWVM4OABwB97OeuNvSw6jDOk8kE6TrHErCR2wAME7QM43DOFA+8eMjrXz+1nJLexwSyO8U5UROzFfLAHL7G5JUE5wM9AvGcegzmys7OGyguElkWMwqI5D5k8rd5eygEnHPUnb3pYjH1KFONKEnK6SV90tE++3a1/MzhjKrVpOTtFKLu3287Kzd+ttd9CHVtfkmnLTq4t1VoU2AKXIJBbgA9vkPcZ5PZLXS59fihs7WJkC4knLqgdUJ+8ScMQffkHj/ey7aVJ2SzvXSBYHX96/zsrMcYwSOPlHIHBByQcmuuF9bWiuILsCSYLFG0DKqlOQBJtO7P5AknIU8n5/EVakffiuerJJ3lum1G+vMru90rLW9uqvyqcpS9+Ss5JNu17Nrmu7rqrctra3bSs3e17SLbwdpYhtp4L+6voFkm4AMCrjIwCRjaenH/Asgny241950+zW6SNs2mTLHEY3ciPngHGMZIJ65wAOh11pJI38+fkYELrIZGfdgPuJbGRnkZPIPtnnl0q0a1k+yl5rpIxuCkqyk5xuIwGHPHUjjuK6cE5qPNVTc5OTUklZN62W7S3VtdNbbGspxclGD0Vrq8X5q+8rW1Su/W1mep+BvFx0+EwmJ5Ajr5gJDbo24wTySwyeeSSQAAMV0fxD1+6ubKyEEaW8qrlYkZS3l9QehboRn0OenOPBrOfVbKOONbfyykwGQAzOeoLjHzL05xwfoRW3qmuNcpGbl83agJJ8xICHPyKM478dAOB3xXrfW6ipOjrKPu+9ZJJaW132XbXQ64YuSoum5NJpbWjpdLR2v+V7bdDUtdQtkQm5wsow8pQZ8zPGAccAdOvHLY3HA7rwvZy61GlrFMd17dJDZ5woR2JCtITghMkbmJxgckEjPibNJII3iV9juQYycylh1OdxPB9dx2jkcYr0TwDNe6fe2WoXEczLZ3a3EatIURPKYELJnGVYgADnIJxnrVYGjSli6DqyjGLqQ539pJyira9191m+5Cq1HTk6abajJRUW97R3tdW63tvFvRu523xG+CfxL+F+oeH9R8XaUY9K1xmuNK1W3UzWlwHOSjyRh1RlGCAxDdBztNUUhYgBRhkYhiSQBySSd3HQ8DGcf3etfr38KfGnwz/aM+Bvivwv4uli07VfC9lcTQLe7HS0eKBmt7u0d/mjQyKI2CEAK2T97DflVf20Nld3Vqs8M6QXs8Czw8rPGkpUOCQDtZSACOSQSDwK/W8Zl+Ew6oVsFWhWw+IpRlGXMrxlFK8VrFK0rrvdvuRkOOrYiOJpYmm6dahUUZKzUZRaTjJN9GlZLXVPVX054QsEB24QsSGIByceh+97qBwevNHl5Hlup3r8wPVjjoCAenYZG4Y9RzsuIiAEwAGPzAkKeMgc4wOOwxk8Y5IgZQwD/KpbO45yTg4AUng8YPzZB6Hoc8KjBNOVk+rvZXSV9e12rRuk7a6nvOertpZu99ktL312+X8rWtmsqVA4XjAwSByTkccE9MnkDIA67TmsqZQCofIwMdMkMeQR9Dkg4PJP3V4G5KuCWB5A25boM/Q4IGTwPXgZIzmToApDEblZiCQSAecDtwOOmOBnk8VTXNy2avbm95cv8jtrpZW8tpL1zU5O7b2vvtp1t/m9Gu9zgPFjKdKvUPzKsbksxIGT0B3AcN1OSMZ5wSc/LNzhSzRtubcRwD3Jx1OOOeeMnHpz9NeKXeayuYnIVXVlwMlyGJAJGCcegO3ue1eEf8IzqUkRuILG4mV2cLsUsWC7ssoHX1Py+pXpxwYh04SipNJONtXuk7J/ONtHpdux4+NlKpU0Td1sk9Ph7Lzs763tfXfivOZSCTliQM9AM44IC9Rxyo2g5O0EmryTyvEQzkorYULkg5BBBBJyBjnr0GD62JNA1RgV+wXKhJSMmIg7iTgcjO4g4I7ccAk0raPf2q4mgeDDEqGbDDGCMrkcHOemDnByRg8qnSvbmi76rVK7vG8bJW3Stso83ezOLllZ3jJa63Svun8Om9m7W2drLVro/CAH/CR6Go3NnUbYhicFT5oyOeSepxjGDg8df1T8UQSL4d0q4jaJWSaMBVPzN+6HJXrnOc9cjByORX5T+EQqeItE8wsWGp23OdvBkAGQD36EdwwwDzX6Z+Orwjw/bPApbyngCkSEDeYo8lgCucZOO2e+MVtRjz1ZezevIrWbs7Wa0S02XS/S/R7xrRpYao535VKLu+ySXm1bvrre7VzBfSLTX9Png1CE7n3eZ5ke7AGRuQt0VicjHOehxyfjzx3olvoGtXlnbqBCjq0XBIxnOMn5jkcDBJ7HGDX0KPFmowsqvLcRKUAIVVcYK4BDMwJHdicZx16Z+fPG9yLzUJ7iS4aaRyASwAk3A4DbTgBVBOBz/ug5I6qKqQk3K11o09E7pPVXd7K/k20u55VWtSrcrpLmfNbTra1r7W3Wq9ehl+ELNpde0RdqgSaraq5YhRGjSqCRgnAxuIye3HevuD9ozR/CeiaX4YbSdUh1K9volS9iS6WaOAC3j2fukY+WSSScjqpC98fHY8JeKPD+naZr2p6Rf22magFnsNVjhkktiBgIDOilI2HUhmBUD8tFWuL3e91PJdM5DGSRy7bRz8rMT1wM5IYc5xkZ8rH5dSx2Mw+Ii4uWHlzJKzSeiau02mtna9r27W6KM6uHi4ShbnSSUk2mnbVO17avW9003dmnaXaxqUV8YQ7wg44Pc9VPYDcDjPPSpbbUTHcxSLEQwDsACAPvMu72GB9ckcHrVSxsLy3hluRaTNbyK6eYFZ0A6hgVGBgkDB78k4zVKeZ4ZlUqWATcGXcW2kZwR97JPHAxnGcda64ap+8rwtFrdJaJLrvq/n0R1PBYjkjU9nKMZ/C0nytJrZ23vfZaS0O+n8S6bLFPBLO9u0lusckjfMSyn7oBAOCCADk46EgcVjCys70H7NqMShbYjc5yrEjdggEHdgnk43bgM9x5/qrSyI8vyoUKgKBhsbTtLAgEE524HoDmss3MoRgzlGEatsRjhseu0jkcdDn1zXbScpQs0mlZtu+17rXTW9m+738vMqQUHK7tqnd7aW0u9F1Ss+i62PoHQPDSReGfEtzfzxzzixilsirjzI8Sbd64bAwuODzgYBxVzwB8d/it8MLyFPCnim8ezh2M2l6hJ9s06YYUmOSGZpE2MAAUAHXJzyBjfCi4i1e9u9PuFkliTS08+FnLCUCTLcFhngZOeByeQQK4vXn0iLUdUSBHtyl48KxDcCqIxXg/gN3OMDAI6jONGnWn7OULppc2zWtrtpvRxafZLW6Ko4rEUXelUlGyg21J3avulpdXWztbTRn3lY/tMfBD4pLFY/Gr4axaBrzsAfF/hFY7NxISFae4tkURvjljkFjyM9qu69+zzpHi23k1b4HfEbQfGdlMyzx6Bqd5DY64gYZEQSWREeRQCMAEluhyRn82I3SUyyby3k71UMByCSCM5B6cg9zjj0t6brWp6NcW13o9/e6ddxl5I5rSeWBldMkcoy5OOhH16Y24YjAzpNSw9ZxjH7DblB6R0ad2rptLla2sraHqQzSjX5YY/CQrS5knVpWp1EtE3zWSelm7vXa72Pqmb4W+PfBerXL+K/DGp6Pcecvk3D20ktq4UAFvtMaGIgkjBDncB1bivR9PmsriLy1WBpIwvnRFBudhjcQQMdADjIAAHHAFUvhb+1b8U7LR4LTX7qz8a6RbyRxy6f4htorqUwKqjykmlDycDjcrnOMHhc17vb+O/wBnL4kXEa614b1L4Z63cKqnUtLbzdL89urtErEqmSeNp4IB9+CnjcVRVX29BSjG3K6XvJx01cXaUWnZ7NN73PdngcqzCNKGX46FKsoq9LEyUZXfK7KW3lrdbnwV8WNCiuvEIktYxFG8YYQoQrK3GW5OBnG71HPfGeX02bVNG0+W3WQXCSSj91M4cpg5+QE8AjrtI4KjAyK/Qfxx+yj4n8QQ2+v/AAt1zQfiLpcUQlKWd7AmrrGASElt2cyeYADkBS2SeCQQvxL458HeKvB9+lj4j8O6ro1zvKkXNnNEkZwcjzCgSQAjJZS2Qcg9cd2Cx+HqKVSMo88o8vJJLmSfLdSi9d1s1r5W1KSz7h6vGvhvbQ9nblrUU3BpuNuaUfds+zvezb2sd58OPixJo17FGJr3R7qEBRNY3M0ZdkIbcvllcuduGB+QAbQQThvvzw1+2n4l8J6T4blvLtPEtncTNbDTr7AvFSIhfMaZgWYBSc4OdwySSAR+WPhTRNYudRFvaabcXs1xuaJljdi2AxLqAOBnGSB1Ax1Ir2C48HajFo3h+S7tLuGcXN5FumWQsmCcqiEEjkde5565I4Mdl2Ex0eeooynqmlGK0XKr3tfrd6+vW338PFzP5ZRVwWPwuFxMnaMcTOglVj7sFdySSdtEnq77W3P2c8Dft0fDDWWit9Xv7nQLxgqNFdMZ4BIfv7JFHmRovGPmGOvXmvq3wl8e/DGtLG+ieKNE1OGRxi2OpRrI4A+Xasr9x/eBweMDmv5j7nTru385EjKvGWBkKupPJJByR0O3IJ46cGm2mqa7pRiks9QvtPuDuZZbW5ljPPIUlWCgk44yPX6/JS4Vg3OVKrON02k9bfDtt3vu00vkfPYbxCxEpKOIw8KkbpPlVr6xXa2jvq0rauzP6n/Ecfwx8Y2iL4z8E6XqkNzJlLuCCGSQhtu5mmhDSEgkck4+mTjxbV/2Vvhpf3Mmo/DrxTrXga8chrZbG+ka1WY/MFlRpNyKOSflxgY4wDX4Y+D/ANpT4weCNOF/YeLb66todRt7X7LqEhu1CHHy7ZS2B2yBnHTvX2D4D/4KLmCVLfx34a8xVCxSXmmOElPA3yugIDDrxkZznI5FeJUyXNcNKTw1RzjTd2k27tcujg9NV57W9X9PQ4jyTMKSeJwypOXLq46J+6tbNd1fZPq9j7t1Dwj+1N4BtnhsNV0r4peG0yj215Bb3DtAOqOsqszgrgcZPGP9qvH9c1r4NavKI/jT8B7/AMLXe5op9W0C1n0+MSMNrykRxopUHLEZJIGOgOfWvh1+2F8JvGEMcmmeNV0LUCVIs9RmS2CSHG1QXdYmPQFSTgnPfn6ObxZYeKbVhdWvh3xjp8sZdndbK8cI6klyEDnLDOSuWAx83UHnjj8dheWWKw801q5awbs4q23K+mq1u9ErG0csyvHRksJiKTf8jadr2d+rfy362Py2g/ZC+DPie6v9d+CPxpvfDGoalP5sWma1eRW6RbmJCKzutzjOVII7ZBA6kvwy/bG+Ec81xpF+njTSIEULcaXNFeCaBORiORjI24BT8oOc4K9j9v8Aib4HfBzxnczzHwteeFtSzxf6FNJbeU5GRJDboY1YIcNgIMHpkdOJtvg38WfBMzXnw1+Lkl9bQHfFo/ihDLI8aklIQ0m7AI+XnJ6YA5x3Us7w+KpuNaMGrWftYpO3up+8tHZ2fT1s0jyMVwzKF3CipbLmhpe7T0Sbve9mtn111PkFv2v/AIi+EyLH4h+A723KkwvLLptxbS5BOSHnQREEbVB3AjA7MTXz9+0p+0B4V+Knwu1Gx06C9ttdivre4SK6SNBbxRuvmlZNvUjcoXIBGD1BA/UDVPiT42sYTZ/G74GWPi3TCpjl1nRLKDUiUK4afa0bOnyktxtKEFgcYWvnbxv8Jf2OPjPY3dnot/e/C3xFdyb0jvYZraNbhiFVJY5lS3VN42YBwOcEYJrqwmGyr2qrUaVKFTmT5oWdneOqtqkra231dz5XGcPV3JtzlFpXSmmrO0baq9/nfd3XU+UPBmi6/L8N/CNzZxtd/a9NKyI7sDJCwxkOxAIxkYAPHJyCcYOmaZdLrV42raVH+4jaKCPyZBInBHyHbtJB5Jzzxg4yR9S/8MrfHrwRpFnb/Drxb4c+Inh/T4xHaW1rdW5ukgH7wAoJGiQkHZhfmznPzA48r1jW/HHhO6ms/iJ8Mte0uWB8SXlpaSzIxB+aTzlTyzH0IwzAYwCB19WEZ87cXFppWaabS0T0t1k7tW387I+UxeTY6hJSUW4qWvKuZPZJOyW7d/W25xL22h/aVRoo4lUbpUlgI3MoOTuKY645zweO4r4//ach02a88CwWBIWbWI4lY5CRGWTa20HgDJ7evB4xX23B40+HWvyGKO/awuXY74L+LYwIBXaZG27CT15BH4c/Jf7VdlZQ3nw+k0r7KIG1GNxJBNHKpZZlIkJUtgc9OOcYzgCssPSarq6ba5t00to7Nppp/fe/fXipKrTqqE4NR1TutU7Rtt87X1u36npmr/s1+J/CenWHizTL6TUtKez0++v5N++K3E0aStE3mHjAyu4AjPT1P6r/AAE8IeCda+EemeK7nUtEtL6zLW90z6qLK8tEyI02RJIjkoSG3AfMc8gc18reHtU1XVfhjp2h3bhze6dbpOXd9n2dYgYgV2hcEAYJGcHOT0rnNP8AC/l2kOm2txewRRqxuobd5FhLZ3LjawWROc92BGecmvjuKPb5jhvq0ZfVZwqxkpxjdtaaN6d73s9ld6Hr5Zjp4OvOcueS+wuZp7rlvZuNlZN6PRPq9Ppe+8Vax4V167tdM8b3Wr2UNxK+9pTd2otyWZVTzSTtxkNyxORjrzxfi/426I2m6rD428N6Dr2hSRr9tdLYBTak4kMyooXdgnjIIIyMkV5Gugalb3qpHLcCN48KSzhHUBjk4xncT8xOc9eehz/F/h/7V4J8X71hBOjXDbflALRRk5JI4bcvGPUgkV87l2XUIYihGrUjUkpRiptJTcnaPNe1+ZOzV9vM+kjxFiKkXBX5JXioS95NO2+zStbdPq2fa/7DX7TfgH4Daz4p+Ifwi8HT3fhTXprXTtZsLaG5MMBiIJEFyI9kD7Q2xWYDAJx0x778Qf2ovhL8Zfilq3i7U7C90C5u1t4jaXOJ0zEAmGVMjIGQSTnpliMivnj/AIJBaPY6j8BPHVrqsFldQxeOrHzLS6gjnWYmGUCNldWOzgDABB57HFcZ8RdR+HuhfEj4kR+LfBMgsIPFctva3uiTtYGxt95yiQDZGG6kKR97GBhTXjY/LOHcw4ox9GeDqyzLDU4e0xUJ805wahGMXF6N7J7NpW30PUwea4ilRhONRUqck5KLVoqzSacbdXezvZ22T1PvfTvEfwp1qUR6VqPhwGWGKFxdTwQOoLLk7JCjBuBt44PI5IWvpv4j/Bzw74z8D2mqQW2jXqeGvD0VzbefFbXomUxjfFbspkLFuQgXLAEZHGa/FdoP2WvFzzLp3xa1nwNqkcSskOv2TSQs4AIQ3Fll8bhwxIPGR6H04WnxU0jQ7ZPhJ8c/C/jWwOmnfpsXiiazmigjGFVoNQmjVpTuAVFUj5l4KjNfHcU+HNTNauFqZbmeJy90JObhUjUhGaTh9qNu2qbvbbbX6PAcRzhCUZxp4iU1bmhOMZL4bpxd23srd1bc9CvvA3g20ur+G/0LQLaW+0q62xXVgsM0P7p9sULGNTG54ORtwSMcV/OVf6Bp9r8S/if9ntoopbHX9VNlFAuVEQkICgnGQozg5+6Mciv268QxfErWbXTrb4i6f4q0+W5jcy61pj2l5brbopDytcW0jjyVBOdzAgZyB8pP5oah8CNMufEHi7V9C+I1gBdalfwiC9ZI7sBXBImDYbzHPAOTyPfB/VvC3JMTkVTEwxWNWLlVpU1eLckuWUW7NttO17ddFfTQ+J4o9rj6anCnGNpybSlbezSleTu1ZNeXoj4Q1kZlnZVTzjyxXJJYsRjkZJ6kk88Dv1q6Q5jubZcn55YyecAjcDkE45BBzkYyT/Fnb9V3X7MHiK6aS4tfEOk3LbSFRHTc4OSCQD3wc8YHBHIIrn1/ZW+I0bxzW6WlwRIHUpICfkIbKjd8hJB5xkdQeCa/dak6c6Gs73gr3e+1/K+tn83p1/NVl+KVXncbO6vbrteytbV3ul2S6aWbItJAssUiLlEQqDkkBRn5sggk8YztIzyW6aWmyM13HE+SN4ZiGGCgOCy9evpjrjgCro+DnxYsGUf2JM0YUBjEFZQeBlhn5d2M5HqPxtW/gD4gwXAafQJ5DGy7mjOCcsPlwMDueuBkgkHBNfJ4vBqVOU07rXeStqldXvo9Ltcu34e1RpVueMbO7tqnv70U+rbbVtGmlZK2un3P8LryFP2cP2i1Vi6NoUalmOApjBxkcHjIPTjGDt61+T3wWYN4quUDMGMEjFlJGSXbJIwSOv14H0r9SPhjpOtN8D/jP4eniGlap4h00Wun6feFhJcvtIUowBUhiT3znHJAFfAXwp+CPxI8P+OJo9S0X7Mj2pPnGdGjkAbB2/e5OSAuPXjufl8rUcLSzn2i5ZzqqUVJWTbjC9r2ulbV9emp9ZWoVqkcEuSUowjytqN+Vc/Wz0tont01Pr3w9Y7JbWWD58rGH2hQRkjILdQQR198sMdP0y/ZO8TnT/ix8L96uXbUZ7XYxBG14tnB3HlsdD14zwTj4s8E+ENRihXz/D1/JJ8mBHGXWQgLypAORnkDOWyCOOD9GfCuW68MfFX4a6hdWd5pVtB4hO6W5t2SFEbZu+fBwR0PJBBxk85/BPEajPMMrzSjGDm6mExMbRi3Zeze2mrutEr7Nu+t/u+GYTwmLw9WWlpw6vS7jd3ezstNJNWsfrh+3T8RrfRfhjo2nIzm4uvEsUksUcmGaC2ZZfug/dUjc2M4JOMbRn9MPgl8UPC2ofCn4f6pJ4n8No8/hjTo2jl1e0DxyR20atFKjTAo8eWDBgCCPu9h+VXxl+EfhH9ofS7SG/8AHEuitYyyPZ3VhJEcyy4DiZHdcsMtyMHGcYyMfM+o/sBeL7bS3i8E/HWdirE2tndX95BACQVXH2aXYpbgkDGTjjk1/E+acF8PZ/wzg8lx2Y1MnxOFxOIrTqTw1Scajq8qXM4rVxXR7JfM/W4Y3FxxjrKn7Wm1G3LKKv8ADZLdyur22tfqt/3H/aO+LHw90H4KePNS1fxf4cFiuh34VINXspJ3umicQwxRLMGOZMDCgMAxLZ7fyIn41+Cte8a2UniTU3tbcTyraT2czM8K+b+5VguQCTgEDjkNjkY9k+OP7En7Umh+F7u51C81fxTpELNLN/ZmrXGoRSqcsHNo8rzNkZwojIGeuSRX5cXfgjU9A8V2B1WK/wBPu7O7jS5i1GxktVhAkG8yJIinIKnbkZJ3HOea/QvB/wAHeFskyzM8PQ4hWa18bKM4qk4wlStTaadNSU1du7T5dNnufqGScZ4jI8sr3wqSqyjKU6tp8sVFKy0j31V0vO92/wCzf9ozxLBP/wAE0Le80maO40O/8J6LZJN8v2id8wEyFc5y2MvtAOfvCvwm/ZmOh2t5PPZsZNSW7PyEZaJRCwkVWycqDkleFXbwOAa9oh+PkHjL9iO6+DFj4lv9V8WaJrum3EqK27T4NDCIBAqg7SVIBClcjBHTNeM/AvRB4a1fWpUuHeaGzF4qtGY9rzIQ/wAvHADEA4H3sE84r9D8OeHf9WOGeK8BWcqE6+aYupSjJJXpcsIwd+Zya3bTb0ejsz+fOOsxp5nxLgq1BxqU3ONRuLi0pTqXasm2+Xbl1d+uiv8ADX7YDQt+3P4fkwjx/wDCO2EsjjHezfOcHjB6ZPJGCVFfG/xfY/21LJG6yH7bOWAJCqBKQBtHPcZIGSSD619eftGaPda3+2DBfCYhbXQrMtIWG1YGtXYjqM44zznA5zXzj8VvBuowXzXieXNDePNLAwYEOu4EYHUsQM8DJ7AYNf1RwRVw+G4eyalUrQjNZbRaUprmtLlasm7tbXauul/d1/M+IPa1sxxLhRko+3b5oxfTkVu+66q17O9kesfsd/F7Sfhl4j1BtdkjtrXUraMLdyfMsTnB4GDkjJ4GT9T0779sH40eEPiN4ZbQ/D16t5d/ao7j7Qqjy44wcsA397cc44JHOK+JtI0u5SKRpo4VcFcI+05AXsTjBIOWyeM5xit+z8KLrM0jmaOAcGSIrkdvoG5yQMbj2GeR81mHAWR4ji+nxjOpJYuhaaSkvZtxSSla3NtbZ6Wd+59PguKsXDIpZEor2c1KN5R95Rnyu19LLa3Vd9Xfx/wvZXY13AKqHCq0rNtAQAdeAMsNwGG4z1xtJ9Y1y1lhfR2nCOdrgCF/N4wduSCcAg8k468EAjPpuk/BiGWN5v7RhaN4gzsqhXVsD7hGCCOAQAQTkHGAa6m0+FVrZWFo8ki3izXyWgubmYxtAJJQgb5mBCAEFmGFAHbFe5UzXLnnmFxzxCTwy5XC0W5bJtW1l6dbbdT18PmeNp8DZtw59VbWOqRxFOu3pFRlBpa6Pm2WqvvZ6s++P+CNdqw/avs5T8wPhu9UPxlSdmVGORgFQSehHXiv67NUtVFu8rAOsSSby7BQNuGy2WAOAc5xkepwDX81H7M3ws8OfsT+NfBfxw8W+OPD2q+GvEuggR2Wh3MU99bSTxoxjl2OzYGMOWwcAnqBX6D/ABC/4Ka/Ci+0a/svD7zTpqFhcwxSTsLdraSeNolf5QHZVLFhg84O7jGf86PpUcF8Q+JXipgM44Zy/EY/LI4DC4Opi6VCpyU505yVVTcopWhfV6t6/P6Xw0xmFyHIJ4XMa1KhW+sTqOEpx5mpKFnZ68tnulpra7dz7auPGHhmbUmsbXxF4bnkDMHtl1K1MqTg7VtnUy5L8cof4jkGv5UP+CuPimbTf2+fhJrUNghu/D9n4cv44opEkWVoLp5EUOhO0ttHTBAZcAhga/Qf9ljwx4O8dfEnW7nW/Fl94g06/vU1OKwtLuW2mTULmR5IjHchxIViZ+VLAdBjvXwN/wAFhfhZ4f8AAP7TXwH1DQ59UmbVI7CbVpNQnlupYY4bpSqq7FneIRlgAD8oBbjHPsfR94MyngzxbqZRWr4qrjcTwzmNLEUauFdGn++wcXVjCo5Nzi488Ojb16n0fiA3i+EcLmWCqQlSjjcLK6cZcso1Y2albZOz7dUlofr3+yR+2l8M/iz44svDvjrw1q/g7xpqBs7LRLi/kd7S6azhRHDK2WV3GDCpALAkDoQP1tNva2U5uri7tra1WdFWS9mjtVG4gqW85kGJAchgcNxwRwf5jPhD4e/Zx1f4+eCvGd98TtS8P32l3el3Ntb6bcSXNrJe2UMTbrhJTgO0ilZIiAGwR2wfsD9vzxrP8UoP7T8MfFPxRYf2HBaxpo+liXTIdUs7cYe8Y2rKGkKAEMcsB0HBI/O/FfwUyTO+PMrwmRVMXkmDzCnKONqV8NVqUcPWU0oqjzWlOFRqN7ysnrzJbfU8LcZVMPk1SeYVMNiK2HUfZezrU4ynHlja7vaL3TVubpqz92la1uYEuLOe0u4SPL861uY54t2QNu+J2UtjbtG7nAwDkmnmDYqYUZ4+Uc8nJ7nAABIPGR2z3/jH+Hv7VPxk8C+JLTwh4U+IPiyKF9Uikil1fVJ7qzDllVhKk8jKFPJ6ZABHoT/QX+z7+0/49v8Awtp//CcxQaxqMx8uO9tLmORpFUBjcyKjMiq3TqRjJ4IAr8g8RPo3cT8FU6eMw+MoZpg6riqfsqVSlWSaj70ozvDZXfLUbXTu/suG+LsBxHOpSoXo1qdvaQclJRklG6i9LrRdNm99j7x+ItoZvDF7GijMjoOM4JH8J5xjOQcYxwB0r8XPHWgCD4hmVotu+/lO4g9UyCc8dBkYPA744K/o/wDD/wDaV0b4w+PLr4Y2emNBeaZDeXN1dFwY2e3RmWPaoO3B257ZxnBzj5z/AGh/A7eHtd0HUI9n/ExmvptqgAKdhYqT34yuRkdNxXHP6b4CUMw4XljckzCk8PicXReKjTnpJ05U4cstG7qSaejXTzPyHxey+piMdhMdBOVGhKFOUk046yind30WqT379T4U8RMIPEehSKQ4j1aRgR1C785PXoOBjJB461+qvwF8UBrGziaVSuz5hk/KvygN3IOTgkcjJGMEV+VfiVANW0RnBUm9lOMZILSEbcY5JPfbkHoOMD6s+Hviy60cwpbXPlyMQjbyFVVHODyAMA5w2cD3zj7TxLyj+28kwlGPvTcaii2r2amoqNtHtZ2d311TsfH8L5gsvzCdRtuEowvqldKMFrfbsk30d02rnef8FZZ7ef8AYe+KTLIxZ4rJlJOVJM0Y47kDAHHTjjPFfnr/AMEK5Gi/Zw8ZqBvVfHjE5G7kQMM9AcEHjp0PQdOw/wCCh/7Rr+Kv2b/i78MjBC8em2GnuNWRw8c9wJo3aBMAkuMEHPTA5wTXE/8ABDC606L9nnx/Dd6hYWbr44hcR3d5BbOTJbF9yRyurFCSATjC/MOMkn3MDwtmWQ/RV4my/E4ao69TivAYqlThCUpui3QSnZRcraPXTS7ejs+t5lhcw8ScvxNGtBQjllWnKUnGPvpq8Xsrpxe+6voz99dL1T7NIM8qfu5JzuxkDGACM8DoB7jmu40/V45AseMKTuYg5PJ7EclgeoHcErnt5jaG3kYSR3VpcKQNnkXUcmOvTYxz3IIzkHgnFdZYqAI2UncWCnp06jBAwDg8ADIwCDnkfw5meErQV50a1CSakueM4K6s3ukl538rrQ/aaGIg9IyhUvZ6OLte2unbqtH62OxgsYLzV1kMYwY1GNoP3guMntkDPYnK8dcdc/heKWIK0cbcHCOikcqONxBzgZzgDIzkKAKwtGIe+j+Yr8qZJ4JJIO7OOoOAPcc8dPVV2GEgkYwMt6cYByR7c8578818jisRiqM48larGULJcspK1nHT72tNPV7HfRpU6kZKVODUtLdNHHTZ31T0Wujtsj5Q+IXhS3jy62MCboiPMjRU/ecgISo+bP8AwLOSBnjPyR8RPDiT6MsUsakF2RgyjGMFR7HOe/PA5Ga/RDx5ZrJaFdqn94rBuSSTzjoRlj3IOTg8cgfHHxPtQbBURQrNIc4OMdQc46cDoQAQR8u2v2/w5z7FSeCdWrOpKnVioynJydtNNddr+W913/POK8up04V+VWUoNqKStvGXklb5ab9Efnfa/DWzutfe3UtHtywRHKsCWBbjA7cgdhngDAr9Kvhr8AfC1x4c0i/JvIT5Llv3zjzmVQWYgEFQf4SOvOeV4+QdBtmk8WOFVCHZkQD5iXDAHknP97jjByMnOa/VL4dRlfB+mR/KTGz9gCNqY5H3TjJx3B6n1/TfEzinMcLhsEsNWdP3qblJOKcruG7Sd7LRXX5nx3BmU4bE1sSqsedK6jdyTsmuifS3ftfZ3/jp/wCC1ngi08MfHnw5BZmRLa60qEgSlnkLKSMsxJIGD8oJwASoBHNfkRBYHKOCTtBj+Y8kAYLDnJOe4z6nPWv3W/4LxWhT40/D64Me0XGkvGWIALCNiAQRw3bpkAHB4Jr8PI3gSMKN8hVztYMd2MHg8dGySfw99v8Arn9FnHVcy8I+FMTiJOdSeBSk9FtUaT37K+q7ryf82+LGDpYTiTMKNNOMYVFyptPeMHp+He1n5IyWjkVt67xglGY8LxgAg9G56ghvUjg1oLN5jr5m0oigDA+UMw9OpHUkjPHQk8meRoyrK4XBKkA8bS2AADk7uMH8cnOc1UljWJyAWIwhVgDgknJxyuOCFH90gHBzmv6XaT6J20tt2620sredtkz8bd4SaTvsm31emlm3u/Jq9knq7SpGjblbZuJ3Lk4xnO7JPToPl6njHHWd7WCNHYOjKQOQAWHC5Ax2XodwAABzzms5HUkk5MmflBBY7fu7c5PqR8wwO2QM00XLRs20FUYtk9e2DkE9Bkg8fNnGcYrndOHNrdKydk73+F7bffdXeytrccRKKs9brzbW12tOq2V/Sw27ITHlBd5Tgbc8AEEkDJOcYOSMfLwMDOU8c5IBVUz2HJxjluc5OQcdDjHHJrXlYS4+VhtRMuAATznI5z1xxyCMLkhRSgQsVLA5Ugbj0I7cDIwc8jBye9Uo2V9139Wk9ovv+HZFQqvS7tfp3uk/WyvotX0fliBpoxlS3Hy5YEAE5HPHOTtyQDkHj0qKSecqDtGRlW9HPJ56KDz7H0I3GulS2RmHI+ViQrcLg4JOcHIweck4yenWqFzbRxksqhwqk4H3cnIAIBJJz0JzjjgciplG9mktFrvtpq1Z9NNdF2OxVWkt09Lq90rW2/q343+efHpY30DZJOD6YG5xnIGOeSD6jKntX0l8C1hPhcrJNGjmduHIUqQARjBHUDLHoSDzyBXzz48UG+hX5QSpOMHncc4zg8jtyOT05BHu/wAHrJp/DRKxf8tiC5z2/hHfIGc54I+YAEkV8/j4uc5xk7JJdFfott7OzXVrfTr70qijl8G1f4dEr6u19L7q/XRJdz2++tbVgT58Mo2h23Nll5znIOSOckAdCPYVyN1psIMhSSPAwSu4jBPp0LDkg+rDAzzu2o9Od3IKOGyFCgE5x6gnqSenIIH4Ur6cCNhifKgglhkEfeUnHTIBIB6fTg+dCDgklO6b5dbXe110Xl8nrY85VYtLW17aNNWbtd9Lf8DfocQ1mTvy8bHHyjcM8gEKFP8AET3IznrUP2OUEsEYOBkMTyBzgnJPOO/J457V2b6WgxiMksOAoxhs85PXI6jqQOgPNOGntgKyn5hgEqTyOcDPHHUnpxj3roVW2ndapPTW2vr6drN2ZvGs2vkrNNa3Svq2073/ACT3OSVSFHmgZKL8xGXBXoSCMZB9scZ4xxG0LHcxXKuMhsckg4wOeO2M4HclhyOyNjCAodAM/LuxlvTPTGcAclfYZ70ZdPTLHJG1T0yeAeQM5wxzgDnGQO+KqEnfS2r6tdlotdde1u25TqXWl3ZKz32S0W9+q6K5yscEe+QsAG42nGSD1C85ycDlvY7RnGbEMKoWIXd8u4kj7pAJU8ZPXKkYHYn5QQdf7AoO9dy7gMKUUg+pDYYNwARuwuDxgmrCWkiLuBUkgZBXAOBjk4HJ6EHgkdBnnTnT0f8Ad9ejumtUle93e67X1n2k1s7311bu9I66Py1eiTd7d+Wv4gxR0XJIZiAOFB69OCuSSPXg5549x/4J6gD9o+8jWJpd9tdHAUFV2gDkdv8AHdjpz41eM0cjHCspDEFgAowGLAdMfMQWHQkd+3t//BOa+W3/AGl7wskUm+3u12sSCCT95Rxk/X1wRnIHznFsHLh/MFFXk8PPlW137tn0dnZPa+p9z4eTiuJ8slKVorE0rtq/ZSTu1fRO6vf5s8/u9ahtfBd3ZSP5cxjIyGTLk/d3HJPy5I68Z46ivBWuTvQtcqCg5AdegOBgDqTnjnpkYySa/qP0z/gn3+yRoMSQzeGdX1tY9pY32p3A3gc7ZQAR/MZBxkGvQNF/Zf8A2U/DriTTvhF4bklQbIv7QhbUPlQ4BImQ7u+CRzzxgADx8T4g5bKcVSw+JqLRJuEYptctuZN777K19ul/ThwbXhGXtMVRp6ptc8m9o2vZb3SSta992j+VLTI9T1BoUsLDUtQw64S0sLi5aQkjA/dRvu5IB6k9T0Ne5eH/AIQ/GvxcbSLw58N/FtwsjD5jo9zbw5xgN5k8QAVsdeOmOzZ/qB0nwn8OfDuyPw58N/BekqGys1t4fsI3XaflbdJGCCOMZ5IBJBIOOxbXXjRI4J7HTIxuwsSwW+3B6LHECCOgGecEjtx59Xj7EN8mEy2bWiTqNW1tbSMXffq36q2nRT4WwtPlliMe9GnaKit+XRSk9N9XdPpd6X/nT8MfsHftVeK54Vl8CR6Lab133OsXttCqIc5Lr5gfAByRgnGRzwa/bj9jr9nm9/Zz+Fmr+FfFWgfDHxBrviC8l1HUNX1K3i1F7dZE2x2MSTxuvlROC/BAOdpBwK9nmv4Z9yz6pJK6nLlInO7cc5BYbQPcHOMDHIBx7nXNDsd7XVzaxqik5vNRt7dAACc4eUHnksvXk5714ePzniXOIxjTouguZSao0pOTa5Urtrbd2621OqlgciwSlKvWVVSSTjVqQt0atbfVNv8AMz/it8Jfhh8WvDyeHPHNvYtobNEJtD8LabZ6RbK0R8xGtri2SOaIMxYOoOCSQeu0+S+HP2Sf2SvDDwnS/gw2qTRKqxy6zfS3SOVIxuSTKnB5P94Zz941sa/8efhRoaump+M/C2mSRrxtvFumD8gj9wXzjuMY5yCeleJaz+298E9MZ4E8T3usPDvXbpVkVR265SR1RcMcgFcY692NKhk3EmISjLE42nCVm1FuG/La/burLRN9d1PPshwkXGjSwsmrfZjPRW2vzNNNJu2qTatqfZWh+FvAXhtFj8N/Cj4faCsRXy3bQtNllUDHJlePcz9iOGwCckcV39p4v1eBPKs9W0zSUiziDTLC1tUQZyNoiUfKMggjJzjjG0V+T+uf8FC/ANs7Jo3hbXtRkG0RtqVyLWMt7JGxbDYGSQATwTnGPNdb/wCChnitijeHfBujadnchd5ZbyTlTtZt8ZUMuAxAPqCTxXfT4IzTES5q2L5W7N+2nKTe26u1q9lvfW17tcFTjSNNRhhsNHlVnHkjCKt7uuvl+N1tqfs/da3fahGHvdcv745Z3SOSUMTnoAvyng8jA44HRRWdEzeZKx02aZdh/wBJuN7Fc7m+cyjAYbQCSPlx8oHWvwv1H9ur4/6nLHHpl7a6cnEYjs9KhBJbkYcqDnP8WeTyR1Nef+IPjl+0XriS3OqeM/EdrDcnZ5cF41jCSx43bGUKNp6rznGM5OO+n4eUnKPt8TGbfK9ItJ35GrLRvXS+it82ckuMsXa8YNJ21Uuq5baJNOz6/wDAZ/QHNrWl6cZTf6vo9kAoJ8+9srcKgJOMSSo4wMgnrlfTk8TqPxk+EOkeY+r/ABE8MacRnzBHeJekhN3yKkZYkAcA4POCDgEn+dK8vvGesyyNrfizUrpFBMslzrUtwzAnBG2SXhcgYOOnsBWZDH4asnaXUvEcClVwUaZJBzzknzeu45G4gH/x0exh+D8rw29NycbL3lFJtKPnd6Xts1rvc4K/E2Y1nG0ptPaMVK6b5d7u+l016aba/u94k/bL/Zo0AlZ/GEuvzRldkemWEjbgRnAZowABkpwRgdffxPxJ/wAFG/hVaySx+FvAGu6y2CYnu5WhhZ1+4SkfJU464XjAweM/kFdeO/h3psjpJqkVy6rwqQRuScAZHLE4zgDoDwOcA8pc/Gjwxas0dlYTz+XjY4ijiLEgbcMuNwOcHjPX1r1KGRZbT5X7ODStpypt7bLRaq/6Xujz6ua5rWbUfaKLe8pJL7Fk9V+HW9/L9LvEf/BSX4mXcr2/hL4baDpCY2pLKk13MMnAbEqkAg88gAYOSQa8h1b9sz9qbxVKYF1ttKjfd5Uen2UNptyMkLKgV+FJAHXHpzXwVqXx8vk3DT9Iih5UrJIy7u5BbjnAHJLEMM84NdH8JfH3iHxl4uls9RuFS0S1luI0+WMI4PAQrhjycknryecDPZPCYKjFypUItxSt7iSvpfXR/f01OWo8yqJe0nCN7N6uV9I7LVN9NdPk9Pd/EXjf4z6yGfxJ491qR7hXlSOXWrlVBycr5ayYI2lsdcAk8YzXnNz9rkkj/tjxVC/Ad3lu/OKLgkl2LksxJIwSQdowTXCfH6+1CK50N4r1rUpDOg8qR1DBXwWJU4YkDKk5ONpIzmvm9bu9uHEaz3V02CSqBpsljkghdzHHTIxk/MOpxpR5JwUvZqNrfZT0unqv+D3vqjalha06aTnKbaV1GOt242St2T0SurpNn1bca54IsJJBN4he62qzMsKAMz49R2HYH5eh5IFc7N8SfCFrI/2e1v7z5cqZpUUFiANxUMDjOSBjueitmvDNN8IeNtYJGl+F9dvS2FDpptxGuMjGXePaADzuLYXqT1rutP8A2ePi3qL+bP4eg0q3IH+latqNnbrycfvI2lDj14GMDgAHA291te7ukuurtGOlk9VqvxbuaU8qlNpz9pJXvaUnFbR1t3eqad720XfoLr4xxQzEafpOnwLsAQyhWfJ5PIydwOSMkk8DuBWNH8TvE15f23kSW8BM0YZYEjyyyNjYSfmJwTng9eMnFa8P7P1pYzOfFvxM8HaGYlJkt4J3u7gsmC23yhICwwOhGT0wMAsPhT4NeHWE7ePNS1rUImD262lpHHCZQ2QWLFWCgjg4zyQQM4M2m0nGN1zdJJNNKO3VtvdNry0dlpPBRpXbVPm0u5NSa2sr6a303TenQ9X+N2tX9l4I8MEP9mkLDzWWcxyTKyByrAEYXPI6DaR1GBXx9pV3qOqeJNLRPPldr6N0iiRpSu1iWJIyM4OSSOSDnua+tvEXxG8EXHh/QYtS8LnXEhRjatezSIqBFws0gGQxY5ITcBwMHDc8DefGiDT40k0DwR4c0TDBIrmK1ilu8YKhkdk3DoCCdvTOBywc4e8nGLSbhdXjrrG7e2j0TdnZW1SN8MqMMLONSrD2jbUbcq3abu91ZvV9bdjd8YeFvFfijT9Ps9C0TUNVmkugPLSJywIQBg3y4UZzyeB0OcHNDT/2VvjFexRzXui2GhWzv80mp39tCEAwQ7oZQxAznBzjJJB24qHWfi34zj8L2WraNrlxY3jMqz/2WrLMRO7KzOsallcqQRgc98DgeeHXfi14rdC0/jXWfNYE7jqKwngYIbbsIBx8xOCBkZPNdU8JiKs4yp0200m0ouT6a9Hpuu9knbQyy/EYXD0ZqrLnkpOylJW0cW1q0rXu/Tfez9qt/wBlq1sHZ/F3xY8G6MsYy8UFwLiUcA7MBmG4Dr1GeO2a04Php+zJ4ecN4g+Jusa9Iq4a30m1hjhcgcqZTgkE9GKkdOeK8d0z4LfGfXHcR+E9RYvtZZdRuyy4JG3ckkgLAjA553EFvU+n6N+yD8VNTVf7RbQ9GVtufPJkcbs5OIg4DDJBIPT9LhkmPqPm5aijJr7Lgul17zaWl1vfTz0uWfYODaUaa23alK947W03/pdd6Lxj+yj4aP8AxKvh3qvie5i3Ksup30wjd+QCyodnJGcDj5jnikm/aW8J6MXHhP4P+FNLCoDHJPaW11KhA4CtIrM2ckcnAYdq7HRP2HJWO7XfHLcEb7XSLJwzAkkgGRR0OMnocZ6YJ9W0f9ir4cadHbyXsesarI7rh764NtE3JPziNyVDDaTwSOgB6Hvo8M15Nxq2Ssm3KV+q1aSells/0OafEO0qSd03ZRhukorrpt1eq7vZ/H+u/tbfEm7WUaZNo2g4QxpFp9jBDsU8hQYkCgg8cBh0OBgZ8f1H4o/FrxY/lSeJfE1+zsGMVibkxMSfuqIRnADdAvK9elfrHD+z58MvD4nFv4R0KaVVURNO0l2FckAM/mow4zySQq44wem/4S8F6RbzTta6T4c0/wAuby42stLtzJ8ox95kBwuAu769a7afDPKuSVdKHxOCSaumvPW7Wumiu9dzjqZziKuqi3zLW7inf3dbcuq177O60u1+YMfgz4i+K/DyWNn4b8S314yxiSe6gmUNkhmCtNhQCxBzgMerHHNdV4b/AGYfilLEjX3h2x0tHYM0up3kTMo/vFY238BuVx64B5B/WyGxhWJo5pp24CbIwIkOCRt2KAAFz2IHXbjAaoJ4LGEIn2NJyM+W0pLFgcL8xYjJIxknJ56A17EMjy+o4SxPtZuEFFKLSi7JXlOKTvrpo0rXtdpHj4etmNF1EqlPkqTc7atpvlb662Wi0s2vVH596L+ybqDO51nxfolirbD5WnWc88hLfMVDlNhwMgEHAPQkHI9L0L9lD4e2ryHV9U8R63uBPlKi20BI9CCGHPIwARx+P09f6g1shMMEEZjDII40AcjoDwp57foeSafBfSSqiyMFleMZj7yFicbiMYI6kYyMYOBgV0Ry7LKMbRwikm0lJqz+wtU7u2qXftuVz42bv7eSk3duMUlbTSz721tq9NzzTRfgF8JtDQyWngaG7cxrul1W8lmKSDIUrESyFmXII5XqMZAru9O8I+FPDziXTNB8OWLsBJvg0+3aWM452u0eemQCOc4wTkZ1xNsD7mIHSQNIQVIyOOcHA69+3TJrn3mIuGd3ARWOIyAy+Wwx1wCQSDlcHg9KcaFGnbkpQh291Pbs7K/k/M2p0aijadacm23ZzevwqyjfVW0VtvnY7B7whRGt7IsTIN6QxrEirtyNpQY2DIGTyDxilimtZPMTeZlCqryFjITk88HKgkZzjpg9OK5MShM5eQqysyZOFAPbsMDOen/ASeKa10tvvljckGIblUEKrAbclucZOckkEA+nA3fKktYp3SV7d4q29l123vfW1lcKNr3aei6vy26Ll807X17nbRXCW52xJEoZiIyVXfwAMgDGMk4J44JxxxU7XjosbiReDuKqQoXOQ2SOu3qOOOOFOceayarhlzKxKhgX3Z2nnJJORkce/fqc1RudakYKqu+0KxJDcsOAMHAwCM54GMHioqXcLKT6XtZ9uytfR730RpQUYX5Xrq7/APgL1893a6723Op8RamZ7C9XzWKhS6/NkuRjIy3AwQcjuR3ANc94avrj7JLLIJAGITGFORuIByM7eCcdCAc/Lxnlb7V1NvcCRysYXK/MQCOoXJPbB6ZzjJrQ0XUUlsla3UIgVVO6T7zYPIw2QAeuBzjHBBxwQppVd7tp2tLWzSeyWyfazdm0rXO5TSp6O26bTvrpq9NE07769nc9B+1yKYVLqQpJZQQABzywGSdwBI4PII4IxVgalHmSMYKtncw52j2UH+H2GTuJyeQeHkvoPmxOdyKSQDu3kDkE9dvTqM5qour+U4ZJCPNK7lx8i7Tkk5H4kY5GQSTyOqMoxbi3GNujkvJLtv8A8CyM4q7UnzbrZXvtdN30TWl9rdUrtehvqDRxovmblL4xu2kKCCSBncTjkjbjPUVSlvQSNjja+WJx0xyAAVz1wCPoeua4a41u3Qs0lypIIWNmkVPvHoQx4P068EcE1jXHjHSoT5E2oW8apGSwWQOzcYOCTwCScAj5gevJrB1qUZ2c4q7W7TenKvNpqy02tps9NHHmSuno0u+7W61tr1TvbfY9EbUgzMAxBO0OQSqEbucH+Jm45yeoHQ5qhc6ihJO8sJABgHKgcAMM5y3bHQYGegI8mk+IOkkvBDPNcGPIVI4iWck9ARzt7gjpnPIXnEuPHN/KQunaVcyLu2jzmCYA9O4UDByfYE4JAwljKUZJxk20ruyum5d9E2/sq29ujui1CT7Wdnd/h2s9Fdu66pJLX1PUZwkf+s3pv+ZVIUKvOSQdpBAHJA5G3oKbYavbQqSZGjBTEZJC/wDj2c9eQeMggnORXi11feNdTYyQwR2sLkoQApYqTn72ASAO+OnoDVddI1SeEpfazcRyKSZAjoqoOARt8zJQDJHXBzjbXmVsbOSbpUpK9kt9Phtdrrdvq/RLbpgqcWvaTpxtZNOStpZrrZ631b6rzPoVPFVrbRI0s8KpG4Kl5lGSMDLZZhg/Qn9aJ/iFpMWQJ7aaSZGiiRN0gDE4BON2MkYyBjcck5rwJdH0W1tzLc3F7dIgUoWdykxLcgMDjIyMKD06dDXoXwt03Rda8S/Y/s8KLAsc8dlMhdpQCM7mxuAHLEZGRnkZOcKVXE4yvTwbXJOrKELyi1a7iubVN97b9emptKvSoYWriYVI1IU4OTUHGXw2bvrfyWr08kcz4lttKvo7q5lku5ry5UtdRMkixpCCW3AhRuwvQnPWvmbxvokVg8GpaZKksdw3k26MPnBwVKEkDncevBPX0r9Mvi3pWiWGk6nJDa2Vm8VgD9piAXZ8hwoCjnGAdpHGCCAME/lZr/iBRqUUd4ftNha3EMtvECE3Osqs5ABweBuBP3jjkDivaxmRRyyMY1q8ZVKvKopPa8o2k09FpLVp2b001v8AJ089eLVScMNP2dN83Nre8eVq26u0r9detj6f8LRajF4QtbI6XHLK9mDcrcSRoiJICwIRyME5O7Az04GKfp41a1g8mC70/TWiXiKzjE0xRic4IzuB4yoHp1Jr9LPhp4Z/ZS1T4d+FPEOuy6fbS32g2M96s+sxmZ7xIR55ngM37sb+dgAxhc54zuXXxT/Yk8ArM9t/wjN08RzGIbRL25Vk4CmRkYMCeCcnnPTv+g5f4O0cRhKWOzDibKcDRq04VVzV4OXLOMJJNOcXdKW173TW+h/NGd/SxxWCzHFZNkPhtxdnOLwderhX7HBVI0qlSlN03JThCp7ja0k1s9E9D80LTRfEWsECKXxNqRIXKWVjdKnUKBlYwuGzznnJBbpx6boX7PfxM8SyI9h4C1aaNgGWfUpWiBx90sJSCVwcEjBA5JGOPp3WP2//AIFeH2aDwp4VmvXZj5X2DSoUQhQTGB8nQ4+YfeBOODzXkutf8FGPHWplz4P+HctvEQyxS38nkKuGIDYX5TkDcQcHn15r0lwV4SZRFf2zxZUzCair08Aou7XLdJxVa/k7qyvrZnzdbxh+lNxRKC4T8JMJklCpK31nPsRU54xbjabpylh9lryuNrPysd34b/Yf+JeqmJ9Q1Dw94bicAMqEyXKKQMEEZwR3GcLg9OFHs+l/sJfD/SUD+NPic8m0B5okuIbWJeNzhZJHHoQB6E5Nfnv4i/ay/aS8VbiPEGm+GLeViNlqqCVMggLlTkkZ/i6gDjGa8Y1rxD4/8TCV/EvxR8Q6iHZhNBBd3Hl/N1GFkUYzxk8N2rmnxP4PZFVj/ZmR4nMp07NTxck4ytyu75pSTXf3Vo7W79mH8PvpacXQlLiPjnJ+GaFazlh8noT9rTT5U4xnGENk7X9q+rb6v9gm+H37DnwzgL61rul313bFnke+1JNQkcg5CpGrumGbOQOcAD0NeLfEz9qD9ljTLOXSvB2k2l3DtEMq6ZpsUTTxqpGPPK+auSAMj73YcHH5bDQPD+HZzqWpzE5LXNzKxODuyys7defT5Tz3JRls7SEva6RZpIj8+YgZ9o6ksxPBAyRzyBjjgefj/GnC0lOjkeQZbgKb0TdGEpa2WtoQjddno7Wdz6jLPonYvHzpYjjHj3iTO66cXUh9dq06cmnFuylOrK11dJNPoloj7W8K/tvnwSbqDwN4CZZJlkFpKiCAeSxwPtGxQZmxyd2QAwxz05nxZ+25+0Z4oWSOybTvDkT7gZlSNpFVjk4LsrAKOuOCAxPAAr49TWb+aaQ28iW/VFjiQKVVRyQSF46D5S2c46jFRyrezSgyTzNuXcWLDa231XPJyOMnIy3JBxXyWL8YuMa1F0MNjvqdLWLWFpwo7uO04qLvZvVNPzP0XLPoq+E2CxLxuNyKnm2KlZupmdapjFKS5VdQqSlTfT7O19N2vS9b+I3xQ8Vbm8T/ABT1ho2Zi8NjdyRIM4LR7UccMTz2wCM9c8U76OkzPeTanrcjZZprq6mfzBgA7gXbBOOSufTJ6DJjspIkJK4BJbLL90t3GM7sgDIOD1x7XPIXYA26QgrhVXkk8kZ54z9f4j2r4jHcTZ9mcubGZni60ptX9pXqO92rWXM1a9t7fLdfsOS+H/BeQwjSyjh3KcFGFlFYfBYekrRUVtGmm+nzVr9XPNqVtbhDp+lWNoQFAEsSvLgnAKk55PGc5znPUEVE2s6qyugkeOM8qiBU4JzkEYOCMDI7emMm39jVYvnjXG0MXkYEJ6LkEg8ZPuT8xIXBikWGFcSvAcKDuMi4XIYgKR6AccsOM/Xx3VrTi3UqTkno7vdWTXn3fu6N63Z9XToUKOlKnCnGytGMI7e7ZJKNrt32ur9ulOWW+kUFriVSVDlTIQTzkk5xyB/s9emccxJbu6sxURHI3MAW3kkYO45OS3v0OQeaH1Sxj+aSdWKkhY1yxIBxgEZwcg8ZA64HNV/+EithGwt7eUlWBzIwC5GSMqTzggYHOccA4rF8lryl8N207t30a3tbvbbpuapqzikr3tZXeit3Xntsu/V2BbEuY2jaR2bPmYyMfyH3QOQTxx2FXIrNt0YYl0JOS/AXHUMMKCeh5AAznp05CXxRqBPyrBbLub5iB93BBxycdeR1GRnGRWPca/cOyobmVy2TiHGMk5HTjBwecjjcPTOUpwi7JLV/cvdXq9u19d9bu4x096F3d9XZfCkt9bpa/LVs9QZ7a3KyXM0O1WKiMMoHBByABkjnC8cHtjrQvNf0ldqmcyqu7McedvTpluoU/MR2JAyecebtM9yyeY7qRj5WJd2xjJ29jnHXtxUElvKQDFbzyopOediDn+LjcfpjgevNZSxEIpPRdHzXbdrbpr7knp37XGnKyXKtd76X1jfXfezstX0tqdNe+IrUiT7PHIFIYLuOFAYjA+9yABk599p6GsKTXpCG2hEIUYAc/MSeASOSR3zluvbBpU05GXzLy4t7aMKQsZlV3PGcBWIORgg4IyTnvXP6p4o8JaDGWEMt9cIw3YKbCwJ+VQeucDjjb3ANczxcJtcr5pX0snfZXbfLa67eXRbKpBQV5yjFRV97NLTpvp0/Fbo0mvdRlTEfmDfkPtBZuBzknbjbzjPBzjgcVUWz1e/K26RXU25toSNXfcFOCCFyAW7lj0zz1zneC/iKNd8b+GtF+wQRaZqOrWsM8OFDywNIgdO+0FQO49eTmv1Zbw94T02SeLStD06zEbR7T5CNMmVX5twXJ5O735616WXYWrjqs4c3IopX5tdHZ9NLdrt2bd+y82rjKcVeDdSMfdetmm7ara/TXRK7Stuvzl0j4QeNtZlSS20i8EbYx5qtGqrjqeM4yM7icZPXHFe1+G/2WfEN+6jU7i3soigZgdruMr8vXgYJIJycfXk/ZVlcCAhAAUcgrhFRQueMhOMbcnkbQemOh7fSHkWQPuRiQXOQG2dGxk5O3Bz0BB6nnFfQxyWhCDlUqSlJdFt0/wDJd7rq9rq9uKWYVJSioxUeiT957p/zLRuy1t11PmzSv2V/DGlRWs2pajJcszANHHGP4T0DHBwBk8egyCoxXt2h/CD4f6DHEY9FW5mKqyvckSK2OSdrAgem0+mCeMnvtRkH2dd0mQsuAQvChj/DjHrlvx+lSGUCKL5g6mMAEhuM+hOAMDJ9c4BGDUfUsLCm3Gmr6XvaS5uZdLt/FdN21a76g8RXnLSdlF68tkmrwt9ptXV05N2as3vp1nh+30nSo7c2Ol6dZ7bhApSCIHaxUH5thJwOinqCMjrX45/tBeLNd8J/tH+MNQ03V76yhg1dLyMW8hih3YRh+7QquMlSBkcMST0FfrZaXnzKDgRiaMqWIIGGBBwDgAkDvggMcdc/kT+09aSX3xj8VzWsKyl7iPzNoONpTBYNg5XB74HvyFHynENOg8HKlWjT9lO8XF8tuVx5W22ulktlunpqd2Fx1bCV6VWnWlCpCcZRnzWlFxakm7Nt9b3106as/os/Yv8A+Cj+kaz+zB/wgOs2WmN4htZRo80N5KDJqMUhVIrwJIMO4IJ7kkgeuP0c8eftD3F38GPAEXgKeO31m8tv7KubaxeN7yLcuwiK3Pywl2JWNgMA8hhX8i37Jum6FYara3HjWafTtLWSe6trmNyqtcxJmJZQCMQqxzlvmwTxxX6paZ+118PPCngVLCCxMup6VPP/AMTdrnEl1HHIxQ2y5ysihcIy4JweeM1/mj4leGcVxNXnkEcXW9tjXXqUoOU8PyTal7BWT5Yxqau1nZ2b0P7U8OvFDK8Vw/UfEeJw0J4Olz0pSlapOrCkoOUoyfL70eXo1fZXR69+118L/EFj8BdR8ffF7xXqGneJLfXJ77TfAsmpQXl5fi5RRZTzrJI0qIgUSsqDYm7Py85/JfxL4t8NXXwlvD4da2s9T1CG30nULG6it7vUbzU5HIlvIJZAzRRxhgqYIIPfGK3P2k/2nbj466ncaq2o6k6i2h063sZrp5I0ihUJ5nlltod1yCwBPqc7RXx1OWFqbkRPH5MiN5MRO8SKc+ZwRhsDOcYVuSOcn9q8P+F80wGWYSOaVpwrwrwrwoUb0qFPlacKTjHlb0Uee7d3daaH4Hxzx9lWMzatLLsNGVH2bpzrTtN1JN2lOE1FOKSaSj2V/wC6a3ij9lvxNoPhBPGeq31hb3d9byX7aBcTRSalHaJEJYrgRxMWY3AO7bjGDjGcE4fwh+D3irWrzRNa0e0N9s1OzkbS4Yh9quWedFFtbwy4d5JMEEjgA8e2kPiTqF5dTSzX81zc29vHZf6fMZxHZptUwBXZhnbwT07FsV9o/Az43fA7wP4h8KeJdah1a4vtMiT7Zb2zRwW1nOpBN7CFYb5VA+TgFSu7gmv07M+IOIsty7ERdGWMnKFR0fq8JuSUlaFOyb0XVtvq2j5fI3w7mmY4d1K6y6muWVR15pxlKLi21J2TulrFrre2x4V+3D4I8PaF8Rn1LTvB134TvI/DOjHVodTm8ySfUxbRCZ13MWUhhlkXgHoc4B/Qj/gmH+1L8J/DHwS8QfA3XvF8ngjW7/xPb+K7rVLm5WO1ntbILJFDAzEI00k67RubPI6ngfnN+2V8arf44+Pb/WNItbybSbj/AEXR2uMGYxIf9bO2755HII3En2bpXwc1jrGmXLxgT2rxFX3RhkOMfcdlIPOOQMjBGDt4PiYzg5eIXAeHyPPa9XA4ifsq6dOUXOjXp3lBOE0k1yys4tdW1K90e5Di/DcMcVyxmUwoY7CU26Uub3YVo+45Tg4pNWaun1fXXX+339lW48VfFv4vfETxHpl7qmveF78abbalqMV1G9pJZ28i/ZEhKuB5sqqr4IUnK8kAg8n+1R8abvX/AI6+JtK8HabrGuw/Dvw0/hu9ghia4tdrQhLmC6uI9y2u35ky7KS4C7iTtP8APr+xt/wUC+IP7NfhvxJ4f0vUNQu38RxRvGJbt0Wwu4wIoJUBciREXDBWOeBxzX6Bfsg/tp/D/wAPN8btF+JOn6xr2o/FzRL3V77X7aZWnt9XRHuY4Q5YuI3uSpBU7iDg4IYV/LWceCua5Bnea5rPD/XMHgcJQwOWQhzyjiV+5pSrVI0vfjONOM7xjrzSuna9v3vK/EXhvPXgHUqU6FavSUatJTUfYyTjKbc5pRlzcqVt3FPS7PnL9rW88Jr4M8MWlro2neGNf1G4k1C/tdp+2RtG3AujMv3Xj5XDHJJyuM1wX7Kv/BSb4h/smaH4r8F+D/Dnh/XNG8RztLfXWqRp9tRgnllUnRd7Qt95YySv3Tg4FfI/7S/xak+I/iW8vLm8mDWDzQWsDHDQ20UrC3EhX77mMR7j1PXqQK+HdS8TvDM5jeQGU7ZDuZQAPc565LL0ONo+n9N8I+G2X5zwhQyriLCfWsPXjGvUw9ec5K75ZxTd1NOm2kuZ6pan4jxHxZ9T4jxWJySsoqlWlGFSHLapFKMXJwtyLmldtXXR6Ox/Sh4a/wCC4XiLUNd0jUPiL8OdMv7Tw7YTaZZ2mn3EhMltM20OyPiN3jUgoWBC7cA56+g/t0f8FMfB/wAdP2XfB+ieAtRsYL+6uYoNV0AeYmsWFrFJuMNxtC/KXUBAhIKAnp0/l4g8VCNN7bWUEFSQNxbjOQeCc8EZIGVxzjb19prn22MNbNHHM5jkySQM88KvrzgkA5HPSuNfRx4Dy/OcvznL8seCrZdWhVjCjOpKlVcHFwVSFSVRaSs7pRu0urudEvFHPMTgquAxVSnXjVpypwnyKNSlzqzdOzW8dPPT5/0if8Ew/GEt98KvjXqMs88ai4sGms4pWZZN6cBQcNkH5SuByc4OK8u/ak8eXsfxDS4ntbyJls4baziKP5YHlMqNhiDtVTyehJ4OOK+J/wBh39oe1+BPiG+t/GL6hc+E/E7wjVbKyk4SVZEEMpGSuwAHII4GRX6q/tG/DOD4x+E/FPxr8O+I9MsNM0bwra33h7Rh9mmvNSSS2GEkjhLSRTxlioLKGDdflO6vi84xE+FPELEU8ZhasMpzZ0XQxqjUnShWahB05KClGF2n20s/Tz55NLPcnhjMO6UsZhJTnUpOSjVUEuaU2nJLZWSjrKyS1sfl34b+PGt/D+z8QaZpd89pd65qUk9xewXBjlVVV1IdYzkIQ546HjK5zjxvV/EuqeJSHvtSnnM9y0wuZJWbDMxclRkqoJ7g+pPTn5o8SX17pOpXjX8twt15sqzwygq8cryMWR1IA4XrzgZ6ALz1nhzxHHNHaI0rLEyA4JyA235lXgbgx5z7MD3z+7QyLCwprF0aMZVMRThKc/ilJPk5de1nole2t9Wz8/eKr06qozbtTvHlb1TvFatW2W1+itq7Gl4t1HUw72y3k8g8pvMIduUCkbfmPKYUZxz0BPTPz/ca5qOiXLmC6nIkLfu1LIGVjllcbuRgYUkD+LrjI9l8Ta/ZPM4Xb5yo0ahD8vycZ4zgN1bjr1AOM/Peu6gs7yONplD8bBkgZJAzxwVwCexbrnNe7lmDjNKE6cVGS1fLZaOOz8opuyT6as6684ypxmmnJ9n6ab2vsldq/kjt7b4salaWqx2Qe2YM6YRyEO8BWkfJALE5Jz91txxxiuEuvFGt391MRe3Objc0j+Y3zMSW6A574Hp1z6ckqTujykgEsPkCkjOevYEkkdB94d+TWhbJNb3AldRtxks/QMwwMHsTwMjPTkY+77ccswmHm50qUHOSu5OOsndPW99E77JW06NmUJzmowk20rWdmt7J2SeiSWq0t13V9+K81SO7tyZJ1Yqv3nI8wZGQRkfeOM85ywHQnP6Q/Am+8V6hp1tpVrpV1qd7cRRzNb2KySSfZ1RT53kxgkBR9+RRjCkMxGRX54abrNhGVe+gSWZXyCBk7SVztHIyMZOD0APbNfsB/wAE4viTpOleMLcqmh/2pIJrKJdZu44pJtMmQiaKBpSFRip2qCRycYyBn8n8XsbjMs4ZxmYYLALF1sLTVWnShdXkmk3pdvTazutW9Ej9X8MsswONzRUMViFSVaDjFO3PfSSSUlbma26dFroet6J8Lvid4sDyeHfBniDVrKzDJcTWdtcMEliAaSKQbSA0eSH3ZwBk4x83O/FL4feMvDdrYajq3hzUNL06bdBDe3ltIkT3KKDJAkjIFklUkK6g/LznjAr90P2YP2gfDVj4nt/hzZadovhTVdavtZXWZdR1Cylt5bOZCI72LMh2mRTtGNxCqCARwLn/AAU9134U6p+zD4fsNCm0FfEumeIxBbDTLi1llujHKftly0EbF0MiZJdlUtyMggEfyHwN458XYjxR4e4VxPCVShg8djaFKeLjKrU5KNZJQrqSjyuDkkpXask2z7/ingzLcuweLxEak5SnRq1aLtHkp+zSk3UtouZ+7rqtNHsv5mL2KQTtIwyqBRtwoGWK/LnPy47fU5GTwkSZwFyFC8hc5OSeCcjI7cEcgetWtSnIvJOCAoIcA9cAYyNuAXxxg4X16GnQquFYA5xhVXOCx5IOcEYycY4PI65x/p9hsOvZxb3cE+2raukrb2016pLZs/nKeIcJys7qLs73tdW9El0W1156nkPxFgjGpaeU3R/u1Y7gMfKdxHI5btuxnkDk4rcila4ggVJAI1t4txCjliFxjvjOSc85468VW+I6RtcWcjBidqoSASVGcNjO7tgdQM5AA5qDw9IZ7KKQtuXzHRVYHO1RtBz7ZGOOeuB0onTalbZXfotm72dtXva9lqk9h+053JptdGr+S3tvumdAbdiQ7EnywBhgFUrnALEHAz2JwOmD0wgibLFDkDOcHrlugLd+Mjn0z7XQrBApBbAG9lbIXuqqAfp17Dg9RUKAKzAh1QOckcq4ztVQvUcHLdM9xzWaorRuz+a0vyrR7N6br8bszqSkn+Du9r7v1S726nt/wBtY5/G2xn2Ytxu25IA744IOSfc9wBg5+u/EdosNxG0ZBwX5DEORnGcHnHooByent8q/s7xhfGkuOQ0DYZl+UHnbjdgnaMcHGAQBjNfXWs2TNd7p5SQGO1sKVHfaCBxxzg8cHPWvo8FTUcMkt2122XLd9VbTTXVW0tv5VepJzb00cdOtkotXS7eT30V0jibm1Y7WUbAEBKu2GxgAH0C85zuyTk4OAR6T4WgJijgABZgoJOScbeWB7FcH6j0rk3tFyNxYENtJ4K7OOP8AeGRu+mWGcV6V4RthCqg5CuQUk6n7p+6eh6gcnGeeg3V3RUEru1krrfa2229klv18iIt3SbtzNXemi0strXt6pfez5B1z9kP4mfGb4lajN4KKWGnGeQ3GqXkskNq0rAtgkHqmOADj7x43VtaP/wAE8vjFrz+JNP0G+S9ufCVhNqOsX01yY7GRbWNpZre2YFSbghSyqwwSMDJ6fTvhn4jeJdA1nXtOtdUurewjvJGjt7aFjPcSkN+6jIXJZ+jEfNkgrgGvs79nL4TftEfEGw8ReI/B3iOz8B6NPJE17aeJkaaXXPORjtaOXJWKXGGLHJB6ckn/AD38XvF7j/g7NeIMc88yHIsjweNp0sujj480q0VVhzqpaXtHKcOaK5Y6b390/c+EuEcgzXDYaM8PiK2IqUVKvOLuoXgr8iSSSW8k9Xp01P507z4XeK01GSyjOoSNBLJDOGFxDEJYZCkq732qygqxDAndnjNZd58JvEMtwA/2tlhAaWOMOVjUjOXdmwqkgckgkk9COf63/A37Auvmyvdf+J954P129v737VBp+l2AggC7tzKsiIGMZDZx0OSRzyfPP2j/AAP8JPB3iPw38JtE8C+GrrV/GemfY7yLRIUbU0uGTyra3t3xvF3NOQBvIAALHAzj8vw301KecZvQyLJMuxGc1XShPF47C1JU8JShGMfbVeaooScIpNqTXLa2rPbl4VYPDydeWMjGPM1Gm4S5mtOVO2my7uyv6H53/sgf8ElNE+OPwxs/iBqni6OL7dKpurOPZK1kuSGjX5mZ3A+8GHUnHGSfta2/4IofDOeX7FB4iklihXMshsUI28FydwxuCg8YPOBlTzXvX7NvwA/a/wDgv4C1LwZ4P+Ebq91rB1G2n1PXWimtYpXMwtZbdJGiUPGU6YxlgSCK+rLbXf24NLvPst/4b+FmgOtoRPBrGrvHcFkXqQq5dm6naCM5OTxX86ce+JnjXmfEOOxmR8d4bB5DWx0vqlKGZUI1Y0qkk4UY01CcrwTcHo7tJ6pn1+WZPw1hcLGjDL8FicXTpfvJT5Kkk3Zc0km3Zu7s120R/Ot/wVT/AOCbnwt/Y4+D3w+8feBL681PVPEfiCfTtYnmURKYiF8pBFgKqqSRkHJwM8CvwJM4GFyEKyEYOQWGQR90A85zwei5zkc/0/f8FmfFvx98XfBf4feHPiddfD+W1t/EUt3aWfgq7a+vo5V4Vr4KgKRkEbQSByOOtfzRt4I19rmFX0y8MszYRVhK+cTwhXjuMYOM9FHANf6I/RmxnEmYeGWX4jivHzzPNJYvGKWLq1fbVKlP2ydK8+WO2qilHlUVZXSZ+PcY0aFLNuWhSp0V7KLcaUeSHM+W3KrJXt0aV7ru2YLbWwVO1mzuJGeRweo+6B6d/rmnxEZZeM7dsZbksS3ygDJySDtGcYJ5xgNXQXvhnWNNnjsdTs5rK5KZEUsZVyjsVBOQM4BByOcAc1NBoKxIrscsBujXAJBB7scjPJ9m7cc1+9V4QaSTu1o7W30vbo7euive+tvl+WSasna13a6i9rdHvKy02d/MxljLBi/3kGGUg5BA43Y6g9c/TuKtQo21VUAY+ZicnC+pyOoyOB1PrwK0ZrQIyBJGUO+HOcgdPlODkjORyPvcnpThEsZVeAqMMZGGwTknkc55BDZGDgngZ5PZ23u07dtLqLtrtp5d99AWlraaryttbzWj2trp1ImPlsqnO1nVR8u1+Oeevfg9gMdOANa2KrEiEbyQ+CQcKCxJIJxuJxgliwxyRkVReESBnV+AxZVH8OOAQpOR6cA8A81ZVjbwIzMWdc5AwcKeuWBwMdfU88DGTopN31e7Wytf3Xey+ze6badr73TBczbdny3em+ui7vfW2l++pcSSFCmBvByCwB5I5x/snt128EZrUUxuN5OQxHGCdgUDp3+Xb0yR0965u3k3Dcp8wHJwD90HIGOuO2TgDAz1NbMeGVRuKKgzjkqXxnJJPUgg49+oAodP3ldv4VdenLGzbSTut9E9vJAndaf19109unz8tZjAhKh9yuAuw5VhnuBwdxOcEDHXOMktRufs++RWAAxjaw5Bx97gHOfU85wTxk1ScySSKVYeauPu4BxgYOTgDAGcEEkgKNuTTL9Jhb+YjhniBZy33uhIOMYOecZbtx0zUShO8bN2svhv7tlFPdp36W0+F6IHK3vbW10Xz/q/5H2x+x/HCW8XFXywiTdE2RuGAd5PcKMgA4B57c19U6ngMVRQGyCNpyF4Oep6c4IHBGOT1r5G/YrkmuG8aSyJuP2dQHYA/NhSwI7gnBxzxnNfWV9zMwOVOBnnIK8nsRjv/UDmvt8oot4GipLVNpa2Wvu79fJp6XXy8qvVbqzbVk2tbtWTUbNWXV+iTat5Zk48uIklCuQyjuS4HULnJ59Rz1Ga8o8VKzanonykBblwEJAwATknr0Xtk4GQcGvV3UPuPzMCpx0OSASSc5wRkcjIA6e3k3ibL6topDMv7+UMzZBPzDIGO4BwTk9wM8CtsRBRmk927rW+ul3qr+crXMFNx52ktb2e/bptfVXvv17Lqrm4VY9PLbSBcjIGWC5zxnkk9DnnknOK9H0mWMlSdu1kOAedu4KR04ycHPOfQZ6eXXgdbWw2qB/pSAELjIBzk8ehzjnJ5YcV6Vo3EAd8AkHO0A8cYZeMAD04zzyOK9HCXs4xd1vpezdore10mlaWlr6p6nmSlJPbW7bbez929t2tE2m7+XRLP+K8274c+LOcxjRnJI+Uo2VYZ6EjqDknPOcg5r81fDNyq2yiMyPNufzFwMsoJGM5OMegxwSOciv0Z+K0jJ8NPFIKqEbSpixdhnblR0J/2sY9D2xX5p6DOttF5ikhQWVSOASxwVP05wePXkE18XxVQjXrU41IqSdOzTUWuWysrdVZdO76s93JakqSVSMrSU1qtGvhd7qWmrVn16J7L0rTPHWuaLNFJaXmoWUNsd0It7uWMJKG4ICv13EHAA6ZwOtfZfws/bu+KXgAW0Nn4k1dY418t3muppcqAu0L5jFdvJOOcYJHfHwrqxg/s6J8BmlCu2FO6I5PJZeDuyCM/wDAuevLLeSSyxorYTYuHxwGU5DAYBznBPAOQMYya/AOL/CXhXipSWZZPgMQ7NOVTDU3J3srczhe60ejul0ex+y8N+JGeZFFQo4vnpPlTpV+WpCytpyzuknrbRaNvc/fjwd/wVg+MWjrH5urC8hO0qbtQdu7jk4z0GeOACOeDj6n8G/8Fg/EJ8uXxBY6fPHlUJRivIxuYlR8vAyew+bJ5wP5jTqM0JWMTuwKIgO4oMk5DAAjI7k8gEHGTXRWq6tLAI4WuWR2GZFLkD2wD855wDwpzwRkZ/n7Ofog8B4/n9lRr4BN8y+p16tFRel2oxkkmrvorLV63Puafi1QxMksfkWVYttRTl9Wp05K9rOMqaWrv3eqXz/rK0r/AIK9eD7qLN7p1urbhGxNyrDBGCQSTtyTngkAkknpj1PSP+Cmfwe1eKNr2KBIekwxC6nO3PzhSemeMgnjBBzX8dcNrq9kZWuJLiBAhZBJuAlzggLtyNpwAOhXHXk40E8T6jBCltDd3cB43eVM+wZzgZ+7uPIxu6lSOMhvgsZ9CXJMRyvB8RZtSlGPuRrOFeG6tpOGy7ttnVDxF4ehrPhqlST39lia0JKScU7NNJO17Jpb9tD+0m1/bg/Zy1OFXlu7Kz3FSQUicDdggMCuAckAE8jg5zgDcj/aH/Zf11hNcX/hcs4OGlsbMScgEBpCgO4kjgck/eBwCf4s9K8aa8ZjDJq96gJJ2tM/JX7vORnnGCeOSOc89PL451+3jii/tm/CycBRM4CnOWOVYHPQYHc554rwcT9CnMKUqbwvEzp8lpX/ALPoRbdlZVJxUW1Zdknpvo320fELhWUbrAY2jdK6hj5u0ny6xvddba9L76H9qejfEL9nW7iEuka3oFtgtia0ks7eQkk7huyrFSODkH+71FfJfxZ8LfsBan4kXxR4z0fQNa12JzMZXu4yZ335ZpVVtj85yG4IOcEHFfy62PxU8ZW0Qt7XXtRVEDA7LmU8bTwPmGDjkd1HXPfmb74h+JL1pVutWvZnlLAGWeRyBu7MW6kkEg9OoBzXuZN9FfjmhVoUf9cp4TDUZ/u6uDw9SlXcW43i5qt8PV30aInx/wAL4ZzqRw2NxEqkVenVr03TfLGNk5KPNdN781/PS5+2H7dPxb/ZOk+EWheBfgn4U8M6b4juvEcM99faTYWlte21nG8ZMa3kSLIwcAqd7Dlscsefq/8AYq/bB/Y+074aeHPAXi/SfB3hvWtHt5LbXNT1fSrWaPUZ0w0bz3E0OZZDjYSWzgkjrmv5VtW128DJLLcTTSpMCN+WP3geAxbHynnBAUgjPFY3j3Vb+z0W0lgu7mKS7uoXkji3KAOD94HOD3OT368E/wBgcIfR/qT4ReVrO67zLD1auInmdajCtOc60IQknSm3GUWltdtPVWle347xF4jZfRzKHPlSlgK0YJUaeInGquWXM5e1XvO8m1Z3Wluh/aXr/wAUv2OvFWqazqOm6N8OLezt7aOW9vo9IsDFcwAD99Enlqihk5ZhnAPOe2FP4/8A2GX0yO7gs/hBdQvC4eL+zNM88IAC7uPK+XKqcZGSOmd1fykWHjPV5PC9rHHqd9BG2kxW9xFbTSJHco0Yyku0gN8rZYE8Hj5hzXhVr4kv4r+4sVvLtLaaVi0jTSFgI2OFHzEbcjkDuScnJB/H8X9DTN62NxmN/wBf8xjUxFec1CGHdOFJucZN04RrxjHRuNrO1k1Z7fTrxs4eWFw+GXD9bkowhDmliU5S5eXlUpOm3JJ6NvVLXTp/U78QP2sP2APAWkXbaR4L8HeKb0pOraZp/h3TW3SgFAododqrvzuIPTjnmu3/AGSvjn4k+IPwc+Lvxy+GvwO8GeC9G8E2OqQeF3sILHT316Syt5pzHcyhULCMIBIgB3fdVeRn+TG6E8t2jm5njjZC5ZeFcMdxYgnvn5iecjPPb6a+C37THxI8HeDNW+CWleNdV0jwR4h1FJrnTLV2GZ3JWU7wymNZwxVwpwwbBBGQfqqH0Yf7Fy6iqGd5nmWYRqUVOvjMTVVFU1KDmoUY3jFyS1TUmr6NNniT8U8HmNWdFZZRweHqNWdlVnZOElHmfVpWSvu9tWj6U1P49/t5ft+fE6b4e2HxMk+Hujamtxbz2dlqcPhvwtp9vHK0TxXFwJraW4+RSr/LlvmODuwfprwr/wAEY/H8D6RqHiL9q3w/Z/Zp1l1GHw5qg1O4acnfIyyPKweQknBYncTx97dXw2fh5fXN5HcaP4i/s6Wb98txa3MtrIof7wzEy7WYkliMMSc4yK4r4qeI/il8LtFiu9H+JPiYgzrC6WGtXm9CeQ7HdhiyjABIPoQOB9fmvhzxhOhHB8N5nlGSYX2Uabvl0cRUdS0byc5qV7tPXW17taO3Bh+JskhiJV68cVXlfmUW3GC1VopLlSS78zelmftP4u/4J8aF8G/Ad18QdM8fyeNZvCSXWtatL4w1C2sdO1y3soWuGtUS3lZklcp8qlQCcdcjH5z+DP8Agsb4j8OPd6Z4a/Zc8OeKJbO5uLexL3Ml1aQw2ztCnmboyEWQplSMkg7j3NfEGsfHP4oa74Huk8TfEXxtdaZqSLFNpV7qd1PbXMajbIZlaTaQ4JHzBc8ZHIrwPw94l0+2vbmHSpRp9rKSkktoGhuCrZJDFeWcnqQQWySB2rzeGfAynWpYmXHmKhn2M9rCeGq4apiMFThGyc1KNGdNSU5W0fuqzS01LzLj2vH2ccqlVw9PlalzQpN2fKuVLkaSSveTbkm7o+7/ANofx5+2P+31YWS638NvA/w/8FwTtf6fomif2PZ3kEh+ZZLy+dorqaOMZIjlyCFIwMc/LS/8E+/iTPArXmtaFp0uArfbJVkUv0bH2VmwvueMg92wa0Xj2xtLdrU69r0E2AoaLULpA6kZywDLjb1CnIXjkcY0Y/F9wURR498RWsbrkf8AEwuVGc8dW7f7R+p9f2HKuD8uybB0cBlEKWBwkG3GlCDmoym03Nzm5ScpO75pt31S2Pk6+fTxdaVXF0ZYms0n7Sc/dtZctoxUUraaW+bubml/8E/viRp8Kzx6r4Z1Uwo7Jai5kg+0yYJHlzSlUJYn5eQM9eK+yf2Nv+CU3xd/aN13XNM8UeJfC3wzHhl7aa7sdRvI9U1fVtJu2YK2kQwPIhWFFzIz4GMAkc7vi228WeLmhA034mavcKrExwXFy1wnUEnbI4Gcjv0yNpQ5x6f8Pvjx+0v8N9bl8R+APiNdWeszWa2Ut3DHA0rWJBUxIDIT8wyuD8w2jB558rifhbiHEZbiafD+ZYfDZjOKdCtiKHtIxalFu3KpKLaVl7srPmaW515dmmXOsnicGoQSs3TXtFF6WnKEmlJJ7R0Tva/b+g3wH/wQ4/Y/8CXQf4p/FTVfGK3hiY6ZA1vpdgsq/wCtDzQETAhgTlyoA4PSvfpf2YP+Cbf7PFsjWPhjwDfR28gn8zVtU0/W7vFsA5iZLyV3G7GCgGOD1Ir+XbxJ8ef2g/FV0l/4i+MHi63vJN4u4YL+6iRZGJMn7qAiJcgkhSQBwAeDXmeptJrMouPE3jjxPqrNuZjJPdhpC5OSWL9Sc8/KMDuAa/Bcf4H+JPENJ4fPuOY4eFSbnJYBYrnXM78iXtKEJR95pJxVttT7bBcScO5dNToUcXXcUkoOlh8NSlpG6UlGU0rydk23bTQ/so8Mftq/sb+GNAa20rxD4N8FafYXXk2un2EmmWRUKqqrpBAR+6xnLbRnByR0PzH+0/8A8FXf2cPCHhPXNA8Na3H8QNeurN49MttMSNrcS3CNEQ0xU5KBgWJZSTjA4Of5etP0rwDaFZptB/tP94jPPqepNHuXOVLoZWKg4AIC5AGc4Jr0yPxF8N7G2Vzo/ga0MW2RIZZo7qdsKMHHLMAQD1wDnJGcHmy/6JmXU8dhcVmfEua5hSoyp1JUuWjQVXklF8s5x5qnK31UrtaXV9fRn4gYRQqywuXRp1ndRlVryq8iaiuZrlUdFdLVpvVJXPjnxk1x438UeI9atfCF8p1jW77U45obee5Je8uJJvK/cqygRlwMHGSucfMcYll8OfHl3cAW/wAPtf1BAVMayaXPBGQpwT5nlooHGWORx7HA/VbwP8XfBGmWMc0CeDbEyRMYxFp8YDOAADuWM7SeVBHU9OMGvTdM/aWtCrW9vH4buniUAmSNIIBGD1VPLHIXjOTgE4GQGP8AX2X8OYPCYChQjKSVGFOlGPMpcsKajGPNvJtJpPd6PpqfnFTF+1xFWtUqQ5qknJKKi05Plk24JbbpNdnd33/J6x+Bfxl1QRjT/g9qUYk3COdoDtOeARkAYOTnOPyrqoP2Vfj/AHNoqp4GaGbJDwyC1RkB4OSWDDqOc4PuOT+jOqftD+J2u2+z6npdraLt8qOymWNLZHPEmAoJHcKThhkEYBrgvEHxSu75TeX3xAuI2cs0i27CNgQCSCVIB44ORkjnnmvRp5Jhajck4yimk05Ru01G8k0krt7cy0S9RPGQUJJScpJWfuqFlaL5l0ab69rK/Nv5n+yM/wC0D+xv8b/D/wAUdM8JqbjS326pp39p20bavpkgC3WnSzJNutEeMkhkwwJGMZNf07fDv/gub4btbTTNP+I/wZi8P6JMzwXN3FrFpqDWo3EMXR2keUKM53jLk9Cev8j3irxVPqviiSXSfGGs3mmSKPtMDvIZXK5Eju+4hY85AAPIAPesSaeNleWS7uZoWLFEld5O5O4ZIwxHXvgY5HFfI8S8FYXNcQ/Y4ivhaih7JVqEoxly3VnJOMoy0VruLa0WyOWjjaEYf7Vh6eJjGTtGcp0tG01rBp2v2Sd9lc/s3+JH/BTf/glb8UfD2qW/xC0jS9bu7jS54VtJPCdv9tSV4mVGg1KGATxTK/3XVvlPPzAYr89v2Q/jp/wTn8Er8QdX+KlhomoS6jrt+PCWn6tb3OqXVl4SuJXa2ijjlhkjE6IV5OHAGMYNfzdyXjGLFvLtYKzBWjAIXk7c4zk8k8du3b0/R7ON9Hs512rdywEzOkG4lFJIZWYA/LyCAQck8Y5X5/A+BazucaX9vY6jOi1V9r7Kg+bWPuzgoKE9OjSt2R4ec+ImD4WwVXlwHt6OKkoum8TWtT6/u6kpOVNP7Ti03dLpp/UL4t/4KEf8Ey/D2mSaR4H+DPhvXJGFxHb6nN4Q08yIrIy7TLJbh/kyWQdQQBkA5Pyt8L/+Cm37O3wF8Sy+IPAPw+1R5biW8kmsNKtLXSIcTyO/lzG32ecitjG84UcZxX4TtEFhQm+dTlmAMaqQecEYBAyRjI5z1yvTmZ1l3shkALZO+QAswJOMnBXkZ54IwBzxX0lH6LeQVKyxWZ5/m+Ol+7tGE6OHpRdNxnG1OlBR+JXTd3u9bo+Cf0gcdhcNUwWXZLgaNCqnGpLESrYmc00k7ynUurrTW1rX3tb9a/2+P+Cvnjn9q74a3XwltvCWneEvBc94Lu/lEjya1eW0TExQGVUJWM8M4U4bB6dR+Metax8OGtbNtX16+hvxBHPOkcbOfKVd0cYjwAzfdU7geMMQc4JrKMILpzOrlreQxjYrH5QcE7sZAzjntjjOa8d1PxB4Ti02yhvIIZtYctFNcMjSME3naCmCc85C4ORxxX0uN8POHOD8PQp5XhZTlVqOVerXnKrUqzSilKc53u9UoJWjZaJJq3ocH8X5rxNUxTxkqOGo01zUaWGgqUE5OKklZt3k7Nu93u2iXSPiV4W0PXrm8Ok3es28hItku2i8llDHYywZCAtw3PTvgKQPTtF+PQvJja6H4f0jSNRcs0Sz48yQhgFjVVJ3Z4XGcFQOgxXhk+r+E7OWMvoc1/IoCxeXbbCc8KcBVyvB5Hy8EdiK5a61eJtVtV0vwrc21+ZQsDlXjl2ucFgcEgLkYxjHTHevFng4Tm4+wUVdLksrKyTte3xdlfXa2mv6NGtKlTjH2ju7RaW+vK2pNxdn0SvGLS3vv9i+KvFHxL8ZQQ2eualoGk2drtaOKBEjeTCghGccsCpA+bk8jAwK4Lw1401nwbrcN/q+p2WraRFI0DWMMhaMSSMqqWWMtkRBiQeR0GcnNeftpnjF7PZcmQFmwweUTybWIAB3nMfUAbc5xwM9dr4cadYaN4ytj4qEDaZIhmjt541kimnJGwOPmbBJ9CcjkECtJ4KMqbUYRulyy0SceVRScnolfbXezVnul7epGam6jut5N2srxUfaa2aUk1olbpfQ7Xxx4m8I6zcSf2fp15BHP5UrKjSrCbh+XYlgEZcngd++AaxNK8S+G/Dc32uOKzu7ooyiK5UK+QFBCKgILKG7kE/MT0Un0bxn4n8DN4iuLW8stNsrK2jiVVWURxZIzmOJcFcA5z0Hpxxhabo3w01capqOlG1um08faJ3kmKRQRgBmyeQ2FGduTkdec1yVcBFWvCaasuS6u9Fdq1tLdlbpo7FKvN1VLmTd+rtZpJ3S+KTSV1F3t3Sses6d8RdPutJtVj8KxzJPbgiSKI+QJNuSQJACzqT/ACHUceVeLj4j1OZzpek22mQXaqGmkCCQHsyjorAY27g3IHYiql98bfAVrbvaael3M9mghSOwt/3CSINpIOBnJ/iBOM56dPM7z46S3DSQ2vh24nQ7hFNfO6qM5wcdD6cnHGMc1MMulzqXs1KMrL3k9X7ra1s+jTunr179lTHQ5EvaR5rJXitXJcnM3bo07a9dz0/wu+p6TaXS67LJeyCf935zhlEe3BAOTkgfd29cA8GrGp6hFdSZiURxIECb+uGbPXJJOflA9hjJrk/A/iHUvFmnare6pZW9rFHMsNoI2zHngscAZJwcHA5wPU417yMKwWPB3KWICjapXGQMHkntjpjseK9WnRjCEocqUlporW2sk2uune1vI8LEVlOpe0uV663abWmuiav00e1k09+20SaWXa8TKpBVMDjdzj6HKnnpz2x8tf1Bf8EcHZPCfjqzZ18pZrO4MKHhpCFw7BTuK/8A6h0xX8s/h93/AHaDAbzhkYIO1WGTj2+8T25Ix0H9RH/BHyQJY+NFgIQNa2UkxbncAcdz0J6/dBz+f8p/SsjKXArhZprE0JL3mtVNXb306efe233HAc4rF4lxvd0pX0a6xSb0s7Xt29NT90RsYp5WEZxuAAJIOTnkEYyAQOvHQ9cXHdioRQPlUfPjHc4PBzk888DIBArGmN68sccG1FdTuYcgAltpI+8uQdxPLA5zgZrXjilVPLZCwXaS4yRkL2GfU4GcdOc4r/Mv2ldr2MH7uim0krNWvfS6v6dmfpc6kYu8mlJ20Ss7Rt0s5PV6d92lZpV7m3knQj7oCbQcZznrjByRkduSRxjnb8u/tMaVPcfBb4nwCNAJPCeqFSuASIoHYleoPAGB2556Z+rVhkZGVtykHHI2nA5G3jgjAyDj2Pr4x8ebKOX4U+PIWRt0nhHXVBUFs7bGdyTn2GSMcDggkc9uU0amGznKMVdxdLMcFV7W5K9K2vxapSvdbrazuaYPFJ1OWN2pe6trbxSur3bd+qveyVmj+CH4jStB4rvjMGIjSIBVwG3qzEKF5JGSBjPy5J9xk3RubmDT7a3WaKS7UPGgT53Yn5QDjgEA7R/ESBj7tdL8RYwnjrVHKBxDcSrskHA2SSDnBbgY5J7njvS6XemLXfCdxNsZTewlo1HG1ZEIAODnBx34zjpjP++PB1qmTZS22/a4LDTu3bSVGEla97S1tp/mfynxxip4fGZjWitaeIqrTraVrP5u21356X+kvh1+xx+0L48sLS/0H4SeNNUguo4ZbS9GnTR29xFKq7JUmeNUKuh3K+SOmOa+x/Cf/BIv9rvxNDby2/w4bSRKQM6vcRIyhtuWbDq2ADk8ZOceuP6ufg1qviTTP2VPgvc+CrWy/tLUPCWhSXMt3Ai+VB9hjyfkQtwTgngkjB54qW71v4nXUEkVz410vSZwvzxWtsrSlyPupuQNkEFQBnJGODgD3Z1YNTlK0eVuLcnJ2Sas9vxe+yWx+V4ni/EYOdOlKjKpKcIyaitr2dlJyV1Z2elm1Zu9j+efwx/wQw+Nd/bpJ4s8Z+FPC4UKbjywZngAwZDvcEZUY5zgH0GAPoHwn/wRK+Clrawy+LfjlfapLby7L/8AspbJYldB88SyIxIP8Iydx9cnFfr9JoOufYrm71vxRresf8S27mmtU823SZRE5HAwArFQcnBIxgA5BxP2cvhXBq3hltVe2IS71/U5zb38zzmbZOwQncTlVBwAMZ7joK1w8qM3F1ZpQ92zjGzesdU3td2ba3016nm4nizO67VLLsBetOLac5WtZxs3Z7art0Pz+0z/AIJdfsCeF5T9rtPEfjK+t4JZGS61C7SGV4EZjtSFmDb2GSOcgck81514U/Zx+AGs6N8Vm8LfB3w14VuvClt5fhrVtTY6hdSyLMEW4SKYbfNGPmV8ZIJwcrn91dU+DotIL/Unt9N04Jp180HlQoGWRoXCEh8c56ZIzu5xX5m+BPhJLonw++P/AIl1nVLx9QvNRBt7VlKwQQLe8NCuMIGyMgDBxyc9PosNHB1KdWcY8zj7NRcrp3c4ptbbrRaaJ7bnwea8TcZYXGYahipfV/axq1JKk+WMYU1FuTcm3J9EtNm7W1X1j8NPgD4A+HfwW0bxPD4Z8PXHiFfC1tf3V+uh2KyT3gh3ArtjIVCSoIUk8Yxjr8feJ/i14stprwpef2bd2weaO10y1itEhtySFV3jQBdqqcchuexzX6gQ26x/ALTd4LD/AIQq2kQYzu2WwbJODktxjnHykkEYx+Q3j6O6b+1L3S9C1DUjd6TJLfy2yNKlusTMHfdgqQinc5HCjtkgV85Wk3h8TPku6Na6jfRRckmnZu+3TXonqf0l4Q0cDmXEWAp51iP3OLw9GSdea5VUtFtNy0V3u77dUey/s5/EXXfH/wAY9NVvEV5KbbQby8n02W8klst0UaqJbhHborDLKATnA6ZA920rxnrt98R9bSHxZql9q2mayHvNF06ErpaabG6hvLYgRkFcAkFuTwQDXzF+yJ4M0GG38VeLdF1RrTX7/Tv7A06e8ljVEu5t5u2TL5/c5+cKM5yONqg/Snhx9L8F65p9uPEsOoeJLlRZav5Num24xLukLSoSHLg4LMScDqDwfV4cjTrxrVMRQdR1ItU4ct1a0dU0t1p1VtvI8L6SOZYbLOKKeB4fq0cNg8JCjTq1KdSEabm+VyV1JJy95X3ulfbb7+s9ZivLK1uo7ZYWuIVLIwy6kLyrYHBJxyf4j6kVHLezsXWGOMZX/WHnk98AL78gAjqOMCo/CV/oWtQD+zLy2mMUERkhR1cwMQFO+MHKksWOOny5JBNd5Dp8IBKQxuy53NjgMRxkYHB9AOe+BXNVVKlWmnTs1K3LZJxslZLtbXTot1Y+PwOIxuLweHqwrxkp0o+/FpKXux97RNO7u3by31PJb8eIp2ItXmQBs7ooxgjHKhmIPGM++ehq3bW3iHyQkz3MZKDLb8MxPoNwA4OQAeo5zXqN1caZpsZn1K+0/T4kBYtLcQxgKu0nIdl2ge/THIzmvHfFf7Q3wa8JRytqPim1u5YFZvsun4uJiVHzAFAyZzkDkgY7CuujXlJxjTwym/dV+W+mmmt1bTt+hw4nA0lz1MZmMqcXfety8t+VO3vK9ldX08lZNlufw3qNxAyzPOzONuXkk3Y9AAeoPuMcZOM1yWr/AA0jSO51eaWINp9nNdx206A+a0EbPjcc4BAGCQpGAW3EGvmzxt/wUa8B6GjxeFfCWraxeuxS2N6UghJDfKcBi6qcdD8wByCADj5S+Jn7bPxi8f8AhnXrXSILXQbK40q/t7mDTITdX8ETwSEus6xs0bAHaW4OQeQBk+5hKGZyq0nCCoQ5o3cnGKteLasutls9tj4nNq3C8KGIjKvWxsoU5aU3OpHmtdOV7p2e+rXVba/Z3wu+LHh/xHr0Wi614j8MaNdXE91bW1qt5GLqN7eZ0KyAuqrI6qm1c8E5xgYr7e07QNKNrE0t5NPEU3pJ5ojilUHO5GZgCr4zuUsDngk1/GP4R1LxtDqt1rFvqtyNRl1BjA91JN9thmM5K3KocOrsTukONrFmBJ5B/RrwtrP7X/jSPR9M0vxF4w1XT7e2iBa08+3t4bYAB8ynY2xAeQdxPXDGvfznJMTW5ajxdOhTcYp83uyb0Ta1s03rqtdd9GfCcL8X5ZlsK1D+zMVmVeLbg6S5mk2klKycUl10VvTU/oQ1PX/Avh1vtGp3uiQ4JRPtd/bnblWHzqZMgDg4xkEYYdK8q8UftIfDDw/byrF4o0NYWMgnOnhJ3UBSZABHlQSBgluh5z3H496r8KPirq2o2em+LNZmiWa5htlurzVp98l7cAKqNGXyCGOSAD04yenvWkfsjeHPCEGl2fxL8Z3Ly6g1xeCxsY3zdRIhcQx3B+dyVwAF++xIyK8+jw7l2HnSqYrHVK6lZRhRTk27JtLVu0tuZpKylrc9DGcfcQZlSxFPKcio4RQX8XEVPhbtZSvyK83pG172fkaU3xp8PfEr9orT9V8MaRFq9hpukSWkmo+S48mM5BnnyAqMSRj04xnHPzt+1j8bPEPwd8V3fjfwlqGm6P8AatLbSJxZyq17LNIhwAELMDjlm7HJA9fbfgf4S0mP43+NNM0+O+sdAt9JgttK02CCL7TdRsVAe8ljyyOVGQXIJBz0bj8nv+Cm0MuhfGhtC09rmw0mK3hlSCeZ5nkuNoEjlQzAFeBk8nGB2A/U+D8rwGY8R0MDUoueFw+Bpt0aqUlOKUGubpJa3ltpp5H82eKfEme8O8BYjOaFb6vmWPz+cPrOGk6M8PVlFqc4NXlKL5XrdaJWfb9C/wDgmj+0x4k+J2ueKND12/1zU57VJLuQ3ksty5mmbcsqM7kRQoCV2g4LYyCwxX3T8QPi38P/AAtf6pc+KPGNtptxbSmB7OeYZj2gksqITuJOQoxww5wSQP5l/wBk+x+Pnijxpe+G/gD4hu9C8R6okMWoTxlre3t7EsBJNe3J2JGE5YJu3HPC84PpPxy+E/xi8E/FG++G/wARfFtpfeKptPbWX13VPEIawuRc7Zn2hpmVcHIVGAIAPPPP1mM4DyWfF1aX1nD4dVcNTnHCYaMFUhCCpxlJxTcaabSWtnrsz8qpeNfF0PCzA4GrlmYZhPC5lKlPOsbVlLDYirV5p0qEJJ+0qVIrmlaTSsnfY/Tv4pf8FCPgr4KlaLTDqvii7yQgjAgtcqMDaz4YL0GQepxk4xXyB4y/4KkeIpxs8H+HNH0dWJ8l7l/PuAOxfcMZIGcEDPJJz8p/LHxx4bvtHuS+teLtBuyWdQtjO2ouEViOCm4KcjcD0yDzXlTSaK7p5MepapKHIO0JDCxAOMZYMcdvdSOV3Cv0XL+D+HMK4p4eWKlZNzrOU9NG/dhGMdW/S/Wx+J4vjTi/OlVlVzH+z4cyTp4WiqTV2tHVm+du+9pNdVqf0L/sd/t5+KPirqXi/wAK+LpIbzWTps95oEjPb2en2TLGzSSSszqrqjYYR5JOOQzZFdrrf7ZfgDwjaXem+MfE2r/ELxRYSXM6afbJFaaNazKxC2ySS7YpoUJKllJ3cgZwK/CT4BjTtQ+KXhPw3rF8ngnw74g1SHT9W1uPUJoJbWwmz58k00DF0DLgENgsxJ55x98ftJ+A/wBkzSdNfRPhPrXivx/8QoZhpiXFu17deGLG2jQedeT3HzSSSs5yXZD2BJ6H5LOcjyWhnsMP9XrxWMUZxWGpctGnZKEvaVWrUuZb2tJt76I+tyzPeMJcJ4jGYfH4KospdWjJ43Eqpi8TGpFTjGnhOa+Iqxt7t1OMV0SuXfij+3j8YPiBbjSvAVppPgHQonkWa6sPLW6EJJBxdylXDY7wlhn7ua+T9W1MeMnW++IPxI13XYI5ADp+nXN3qM8rEncD8zou4jaqLnGenWk0PwHqTWUenWfgjxP48v7YFLmKys9Qi0qGQFQI1khjy53bQQ2CfmBB4x9u/Af9iz9oj4nWFnFdeDtK+D3h+8vFWw1HWrS1juZVVlzkSAXRPl/6t2Xdk8N0NezKtwxw3hU74LD3g5VHUlTdZy5duZuVWTWrVm79E7XPzSjhPErj/Hyowp55mDk4U4UaWGnTw6tyxhdxh7KlBX3slbW99Vyf7Pfw/TXH1u48GfDGX7Xp9lAmm+JvFJC6fp9rOQj3WoC62xwOVyQzlWAwEYg4P1je/AzVLOGIfEz4/wCn2WkuYFt/DvgdB59wkm1zbxXMYKGNGyhcPjtnFfqh4F/YB8IeGfB2q+Cr3X9cv7TxXoVlbeJ9TF1Ipu7+FVZntolfCIXDCMrghSAOc1sXn7Jv7NHw5sYtT8YNtstFsFgsLfVtVKSFIFADfZ/NaSZyRuyitlsDkkV+YY3xSyueKrww1avCm5xjTjh8KpYiUVy80vaV5SjSi370eWkpdb3en9N5T9E3iaGQ4KrmGAy2WN9kquKqZvm1XD4KhOc1JqrSwtNVK6hT1anVabvG1mfmhNP+z58MX0zT7H4VXXjnWpjBImseIr5tTSEKir509upkRAT85XA2/MOcV2Gk/E/4oavqyWHgDwdeXGkwTW/k2ul6NNYeHYoJZVWZvtHlIXkhQ4VfmBxxkc19P6r45+FPhFprH4NfAy98feIr1ONX1DSJP7It7d+A/wBouot2xQB90AEYcnHNcz4Tf45eLvFWm+IviXq2i/C74baNe232HwvoP2PSJ9Tu1kBiimUeS0tqWwss0nIUc9BVVeJ6WNws8bLB+0pwpNRr5pj3VrzbS5Y0cLTlUd2krO1PVPya83CeFWMyvO8NlT4npRdTGUIvAcIcOxw2CwlJThzfW87xEcPCrFRbnNv29RW5VqfCf7Rfh25sP+Ciem3WpxGKTUP2evD0t1CSTtuRdM7qA2PuvuByPXoRX0nbeJpdFgghtdPaWR7WPytjbWUAAMdo+XBGepJUAjOMk+C/tS+KvDuu/wDBSMRaZrmnamlj8GtK0+4Om3sV7Db3KzySfZjLAzoZFVgWIOBk5+YCvpXTdEa/t0kgsZ7vy4IwGRdqx7schzgkKMADpnI6Eiv8Bvpvw9v4x1p+yfNVyzLa3LdJqU4fDy3b06p62WuzP9/Pos0sNg/DDDYaFZ1cNhsfjMPCpOacqip1FHmc02m5N300f3n80f8AwUp1m51r9obXLqSERvJo9ohtwqhkVQpYsQOuMnuTu4btX5earFBgGFlRdhVjIDkkZZsbv4j0z64524NfqX/wU0jTTv2jtcgkijtLhdGtmaMEMeVBAbyyVBII3AHjtnmvya1eS6kmjjyBCS0mMEJkk4HHXA4GOMEk8kZ/rjwNoSXh7w0uRxSy3Dtx0092F7XstfPRaXume1xxUUc2xPJK6k42WllH3bXd02tbt9+5ThvZXmiZX8uJR5blD8pAPG5cgsT+PqOmTt2N1ZSC7ivFRi5SK3cnKqxKkFgcHpjJ28EDNchCkkbNIwDKHztyxzkEZCjooyCw6ZGelQBw867WbazM7AfdBGQoAHOSeAxJA5zklTX7TKi5RWrUrLqk1dK2ui0dndK1tlpr8FCpyvu+a93qouyV73evNbdvZqyvYu67DHb3ExURsEKKgB+UggYYA84JHP1Ge1ZiSQK6SOgEygDA+XByCASMY28jIB+8TkDIqaWMXCgOsju7MrEk9vQEgAjIAABPHBIwTk37m0iPzMuxQSzjlz02gnpjsc9j34qlGySctWtU7NN3S26ednu1bcxnGTk6iimm1Jq/VS2107a6fLVHpfhCdTJqnnhnkG2SPbnoh4XGf4Tt/vdcc8Gs68kd9UmuWKb1ZhgqAQJDjnqARnI5BzgdOvI+HPE9rYm6I/ePMgQlWHmBlBwCQRhflBJGcjII55zrzVpbm4DwsxE7kyHcRjnkOOThcEgn73JG3pXm1qDVSpJO6dunxbX00Wjsv+Bv2qtGVCKStNNpJtW1cVrtbpe97a2s3c9NjuneWKKFlZYXG8jAJywY5JzxyRj6DPOK2Lq+fStPvdVswkrWxWRxtyEZR/ExXqPQZ9CCSTXnWkXEhuHCJJMjRPK4jJYssXJKgEsW3AYXPPPBPFeG+N/jRqSTXmkaaskOmJNsuEZNrs4JGyXOGChhhgR29Rg+BmeV1MVGKpxlySspN63emm6u3ptr1vZs3o4+nhoSlVfv/DFLVp2Si+j12a3s7q3XqdV1/wAXeIdVv7ubUZfs7sY4dsjCCKPOAsSZ2q2c7gATkZBPAPWeEtFv7LULTUW1YC/s7q0v7RojGPKeGRZVy52hH3AEEkZPUKcY+WofiJJD5qzyhQ3zt5chUbywwoAJGOc5AAA4AOcjo9H8aXLrN5dzIfM+YsHfao52t9eMYOPY8YrycXw37TBVMNUoUY0KlGcKkeSN5QlFJxaslrF6u92nfTpx0s+nTxdOvGdR1Kc+aEnKV4yi1KPdJxv089dD9k/Hf7fHxI8R/DrWPhzc2un2Vhe6Lb6PeXluiS31+8Map9oWXGQ7gDzGzjdg5wDj5avPj94j8Q2HhixufEU4HgrToLPSbNAFVWtjmNZBlRJ1BYknnqcg18nWD6xqcSeVdyRjKsJJHBacOG+ULwOnGc9TgDgGuk0jQ7Sz8yS7uPOunxIkfKgsOSC4O1sZ6jOCDz3r8nwHhRwHkEZ0sBkmDoqtiZ4upCNNS5sTUio1KnvN2coPkenwuyVrn1eYeInFWZShKpmda0KUaEJRqOD9nFxajzQs732TT2ba7+2fEf45eJPizfWD+M5xfX2i2sGnaUFgVY4Le3VgFKpkb2GMuBliBnI4r5t8TWV5qxaSBNy2krebb/vGJY9EVSrAcjkABiOOcAH0VrzSdHS3leIXM85KBkjw8TkgEAH75GDyBkYXcMHFZMetw2ertHZQtLbxzLLdrKquXZvmUZALZ56Y6joSM19dlOW4HJ6Kp5fhIUaFNNwpQgowhopRSitNZe81trq7nxOYZji8fUnVxtaVetUa5qs5OUnolFtttyenRq8dO55D/YGo2kZmmL2omUPFC2V+bnIIBOVA6hucdQSABg3Emoq0oZ5JopfkjjZiqswxwvTAB+6CBx8vPWvX/iBcJNZO0UckV5KZJSqliqphSFjHAViCMDhjnOM9fNLCA3giN5dBPIaPZHIvzOS33XLEFWAxkYHJ5GcZ+twWJVal9YnThzrstb2UbW5reu6SS3R47d2kra2s21dyuk/tLaylZJp38lflF0i71CaOAxOGDHnkqVJAXCkgYxkYBPbsOekjsU8Pyobi0t2jeVFcsACoTDEsCAcHJ4BAOcHIIz1pvIo7iSKKBC5VIopAqo4PT5ABggHOSTyevPNU9QvrNbWeDUbYGVYz875Du7Ac4GQrqMYIHPAJ556auKnWtTinGDsmotxdrxSaaSvbbd3Tt2NIUFFPmel009ErLlWjtr52vdJ9d+gtZl1Ga3aCO2eyBBVA2IkJYqgIOAvTJGcBQflBp97eRx3klrKIWAxFAQ4McUxZug6ALxjjsT6V562sWtppIt7RHVkQypKvy+a5JwG6YKMOeSC2R7ClbTIIIrmSZ2lmJypyShY7c85w2SORwOvPWuN4KtFOfNLkfW6jdXSs72unpZa67XZMnTTs0m17zfupNXSSvZabWXNpe8UtG/QNf0JdQ05blrtGuokZQrMQoAUlWUAkOQeOcnHPDEGuS0Szmhj+yy7klc+Y92rnYoVSdowfuscdPunAPbLEv2l3xCeQrbIV2OxAfOD0OQCM5b72fqObVtcTXZjiBSFogzyFFBUcYOQTjDADryOCFyRmVSrqnOEl7jjZaKV/gi9b9tbvrsiIVfZ1Izi3dNWsm78vLdqVrq17NWvd3V0rH9QH/BFvWdDh+E/jPSdPlg1XxrDrBuL+NLmaU2mmCLMRkgIaCJWbaGY8noRyRX6TftdftL23wL+Cuu+MLy+soNXttPJ0LSLWeDzJ9TdSkKrEWMzbCyvIVQjAYcHIr+Pv9ln9pn4kfs0eItS1b4Ya+LO61pWg1rTZYw1pfQKx2QypICpy4UHkgDjPrq/tEfGL4w/FnU38UePde1G6a/V1FnBKV0jTEmO9VtrZGMMbKjAb1UNgZyMqB/GnEn0fK2d+J1biDGY+NPKcXiKeInQUpqrVcXByoqKVuVyi4uTsuV7aH9EZZ4uYfLuFMNgoYZ1cxw9B0ISfwxaVoVG29eV2919U1tZnn3jbxbqXxJ8S698RdX1eO0vdX19NQ1sySqt3NBdXO+7S1VioIiVn2Kcg4UAEDj9bPib/AMFG/h7ov7LL/C79niTXLzUJvD+meGNYuNZtoYLSyVrJIdVngQYLzTSGQrIu4NuJzkGvwdvLS2vI47VJJUeABpGJLCZi2QcZ5yOMEjg/d9KM895a2sunwyOI0fzGSHKl0HO+RQo68DnJHTGMgf05W4AyjNaeTU8RGp7LJ6tGphcPBqNNujThGCcFo4xtdRu7tWu7s/MMN4hZrg4ZjOnGLqY9SVSq1epBy5veg72hJ80uZe9raUddVYt4bW61NtR8yb7RLdBrnDEbnlbdKc9AWZm54IHUcYr0XwZdaTonjC28TXlxNHZ6LqVncNbQqS8xjmjbEZGTu3cjk5IXGe3kcUq+SybpI5ZLhD5MIMkjrnoqrltzYxgZJP3Rk19afCz9ln47/F2SD/hAfAurS2dy0EsmpazaS2GnwxrtPnb7iONpAvDbky7kcbj1/ecljKeCng50uaDp+za6ODSjZW3WmiT6+p8BSxeKnjViqceep7T2t2npJty5ttPeSv5HG/FzxxF4y8Xaz4ji8+S4v7pfswuX3SxWXl4gQ7sEkKPm3ZYHH0ruf2VvjnrnwP8AiXo3iu10aHXo4pfsN3pi2xvp2027cG5kigiWRmnZflXgEFjwBwPvrwT/AMEkL43f/CR/Gr4gRwBljll0fQGVIAqkF0luJSkkfXaWRSeduDxn7Y8DfCT9nf4JxQweCPBVjq2sQKqrfTwRajcNOoA8xrufcy5IJ2rwC3BAAx9RT4fqZhl6yyOFf1SVFUHtGLprli7vS9lbZ3uvU9CjXxWGx6zCvW5K6q+2i7qUm01v0tqna773TPbvhp4v8CePPg74x0jTvh1rWkeI/F+o3HiTTtUvtMi09dKubqIrBG5nVJ5UhidwU2lMkDAzg834TsPhx8JfBemaJqkXhyHUrGWe4vdWuLW3udWvb2ZmkkMcMQZQUdmERkIPXFOntPjB8QR5eg6fLo2nSIyRtCgR9mDhV27RuwRtAJweR049J+EP7FF54me71PxvNM93HL/o6Xk5LXEuQzbgWbbgk8KDuznGTk1lPh3wzw9OOJxjVaqnzqHMp3aV0kmr3inZJ3sktT6DFcW5pjUqOGv7+rlra8Ukpcz1SS2SdktldHhGofGfUbx59L8D2E1tbSuzPerZxQXNzuP3mYKGCng4BIKkHGeTv+C/A3xP+JVzFFb2uq6vOWy/mpMtpCpIDHOFTKAjDc4GT12kfp3of7PXwa+FWkza549/sTTbO2gbfc6rfWlvFEFAUsqzSB2GOdqhieARtwT83+Nv+Cjf7PXwRupvD/wg0mf4n+IY5DE8Oh6esekRlgUSKW9KKCitt8wxkgqDg5Oa+mqZvhKUI08nwPK1o51IJWUlHlsrXavqk2lprZanz9WONryU8di3LVc0IyasrpJPW7SXRXX3HoPwy/Yfi1G5hn8ZanBp1nFEtxeRx7A0WBuKO7kEE42liSe4YkA13nxB+KH7Gn7K9vY/8Jhqnhm9W4MlqmlWwg1rV0kjZQbma3g80o4K5UOq7SOOnH5TfFP9rH9pv49RajDq3iKx+EHhPUJwV0nwxN5erSWp+6k16myRModrBTgnPBxz8i3tn4D8Kyy6xrEx1fUCrJJrXiG9bULiZzy0pE7yLudznpgkcYz83j1qWZ45OWOxcoQk7+xoJxSvypJ2snpo73eunYqLpUko4eEVLd1Z7LZbNXask1ve6P19+Nf/AAUy8V6vZWvh39mHRo9M8H3Nm1uvjPxPp0dvfIWUKItOsygVYxnEbEBlwOOa/Ir4yDxP46updd+KnxK1bxFcxxTXBtrq9YWsM7hpNlrbMxUIGYqioCMcKB1rwzx1+03EkMGm+Gw1/b2bNHFFDGI40dSVBygAREz8o4x64IY/I/jL4uanLeXF/wCJ9dy4Z5INOiuBK5JAZUMeSq7emCD6ED5jXLhlh8sqyUfZJSUdrzq62bXM7te95JaO+qIxlf2lKGlSrL3E170YaqLbUVbZ3av52se3afb6Taret9oS6eWcrarMcuIlYqhduoyMDDde+M1v2xhXNxIlk4X5W3bV3EAgBd2MqFxg89OATXwRJ8Y/EF9Hcf8ACPwLYRZlD3V4Q0hQ5BYbjwSOUUEEAYwTgV7/APAldR8c3Vlb6vpvi/XrGBLiW9vNFsrm7ggmUZia5khRo4bWE/PKzsAFzzxU4jiGrSjVlySlTp03JWb5mo2d4pJXbu1y+iWr05sNgY1pQhHSpUdrte7G7VnKXTdp3fTW57XLJDd5liSwRFLAAcM+DklR7DqD6dcHAbFAkilfsMKsxYowgdsjHLfKp44LZ6Hg8jJr9KNN/Yx8KeKvhv8ADzVfBmm6jAniS5njvfiFqzyRab56IpmtI7aQKqNbuWjDbfmIIPpXmnj/AOGVz8KoxZaLp0epz6bZ3LalqupWpW2ngtiwkm09pUCTB1U8xnaM8E1+DR+k7wbHNp5M6eMpY+OInhHQr01Rk6kKkYbVHFXk/hjF3btppY+1/wCIa5v7BYtVKLw8o+0dSlJzUY2inzddFvr31vc+JVstkLyjT7Z4VYrvMLMpYA5w235c5I5IAHfOazJboQMHXRbd40YCRo0DYJ5ALdMkN8wznkZHOD9Tf8LN0KbwxrRl8PaAY76wjtrFo441a2u8KJJQoUkszZLPkYydoO3B8C8Q+I/B+nwz22lQiW5uLa2YKkp8q1vnKiRWycMrliVAIAHIHXH6JlHilgc1lJPBYnD8r92VVxfMrXv7t2tVonpr16+DX4bnQ1+twqbNqOklpd2bV7e73W69DmBq9rBKgfT4Ig6Z+aJvMUEZGBjnrk8/NnPPGLsGs6UGAe2tpCTlWMe1l7YCgZI4AJA4569up0qzjvIrcXVraTzvahggUNOrupKKqopLEErwARwfmzzX058OP2YJvFmh23iHxZc6b4L0JbhWmvr9kiu7i3LAsII5WVVDqeOQem3nIHdV8SMnw9WNOpCo3tGMbzk7OF1GK953vtZvV32YU+GsZOPPTqLlV5JuTUUrQu7+aa0vfT3T5GTVtMXzR9mtQ2eFOQSuTwA2OSM5HbA5rCudS0tlkdbaJ4yzGXGSVIOAFyABj1AwCDjsK+nv2g9f/Zf+F9v/AMI38P8AT5PGvjCEoLrW5rphp1s2MSdyskmQwIAKgcZzyfzcufHs2paxe29xbmG0leaQy2mVjQdEVVAwwU4UMRuwDkDOT9VlubrMqKrwwdbDw+xKulBzTSfNa7aW+9r7voeRjcN9RkqTxFKrP7Sp3ai7W96TXLfTXq7vR6o9wbVNNZVkitIo/LG5QwYhugXJGR64yQfXI5GfqeptNAY44YEDKcsCNqDtn5sLnPQdCc4OTjyvw3d+JvFGpWfhrwdomq69qt3N5SWlpaT3kru7KqKxiR1jUkqr+bsAyM8iv0l+Dn/BOX4keIlg8QfHTxAvgTQ5PLnj8M2D+fr13ERkRXCK2y2VlIBKEsuTkKwwvVUxsItOTadopRjZybsm0lq2rNK6st9UYUaFetJezpSaai3KyUY7N+9Zq2qW2m1l0/P3T4da1/VYtB0S1v8AXtXupFjtdM0q0kupXZm2xqwiVvLGcAl8KM5I61+jnwL/AGE/Fuo/ZPEPxoX+wrHalzZ+D7OT/iZXbABo/wC03BAjibqyqQ2MggZNfpR8OfhT8LPg3pscHgDwfp2jTQxbZPEOool1rdwVG1pWupw0yiQYJUHA3H5R39N0bw94y+I2oCx8L6feXb3DqjanLARCAx27lmxgL0GAcjsNprFYnETl7S6oUYpXnP4nG8W1zO6Sb1vq07K7vc64YWjSaVSTq1NOWnFPlWsd5We2/l8j5QuvhTp2lpDptu9tpml24VY9M05UjXZGNqLLsCmV8Y3FtxJyeMA17j8Lf2f9c8XNFFoHhxotPLr5+q3Nt5a7BjDoWRQw256E8nryTX6PfCL9ifSbAwaz44lk1bUF8uQ2a/8AHvC6gYR1x+8UnO5SvJPSvvLRfBmjaDaW9jpthaW8MCBEgigjiVdoAAAC4OQMkEbSMDnDE8+J4kjhoOjhFzzcbOo0rXfLzcu0m/kkuiOiOEUpc1RKza5aaV1bTZ3u1q3t0sz4E8B/s7eBvDtnaxeIvDcep3EiLHNeXdv+6iYDDmNQhDqP7rFgeuMdeJ+NH7IfwW8UaFdagljDoZsw8/22ymW0ihj2MQ8sZKxqqcEjBzyBgHI+1vjR8ffgv8GNJml8d63ZDUVjd7Lw/ZFLzVbucqdsUVrAHlDbioBZRyx/H8tNY0j9pT9ta81TSdMtLn4PfCS+dn0/Urt5LfVNU08thXEa7JTvjx8jgLkgZAPHlYbN8esTHEVsbOhST5nOdSSTSs3DkVue9/hine2rTOyeX0MRS9msOpSkmuVJXTVndu3urT183e5+QPxEtPCHgzxdqOlaT4ogmm0+8kg07U7CXyZneB8/NLE3DAD7/wAoYgknnB91+Fv7WU9olr4V+I7S614ZiZbaLxEMjXNEkbiNpJ+Wu7RCRuV2xt4wBnP6Xyf8E2/2bvhn4RmufEcmoeI9XltmXV/EGqSuHhnRCXmto/mjVw5yGzk8AntX4cfFTwXpnhTxD4wg8LXYm8K6XezRWZvPmkurfzGCsCQT8oOTg5xwCSdtfrHDvFWT8TyeWV8POVSlDlhiZQUbtW96Mk24vbR732eiPh854bx2TU1mOHrr2bk+alGcm0k1LVOy2sm07NrpsfqLo/ibR9B1bTdZ8T6dY+L/AId6ncRXyTskd7AsGQ0N9ppfcLa6g+R54k2nIOAOK+2fiV+0P4S+Hnw90nVrW4tbPSr3T/tGhXtjtAv4jH+5hLRD5LhARHIj7XUqQQK/Bj9nz4z2dpDcfDXxXefaPCviCTy9Mu5pcroOosCsRgZz8kTuRuQbQ2T6nP0Tq6CTTNV+Bfiu+aO28RJNqHw/1maUvBpOr7GktTBIWO20vMqGC4UEkEZ5Hm8Q8B4XEYiGIUPfoyUuaK0rUnZ3aSupx+1pqr+R35FxXWp0ZUZVJR5oRUtUvZyatzLtHTX5PueZ/Gb9qzxr4vfWIbjVpdG0acuyuLhoruWJySAxVskuMZBXJBwOeB8B+I/iQ00c0GnpLfEqxnvr9maHcxyCDISuAWJ4J65zmvFvih4u1v4feL9R8I+NYb/UfFlrqMljHYKr+TMyNst5UXpJDcLs2OuVywyxHNfQQ/ZL+J138P7L4p/FS/g8G+F7+TT3s/B1vcwQ6zqEWoui2sjksoWGVGQttbcMkHHQfG5tnuR8I0aUMVWoYarXl7LC4amk8RiJpJclKmvebWicmtmm2mfV5VkOccS1Ks8PCrXp0YqpiMTOUvZUabSk5Tm3GMVppa7ktj5m1PxU15qBs2uLrXb4qSbPTw7WsDscIJZVOyNM43bmReDgmqF9deH9Pa10j4heI7XT59T2S2OiaNLhYiZNoXVLtWyCFCllVmBUnnrX2P8Ate/A3Qv2bvgf4Xg8G+JvDo8V+KoIbvU9M0ya3vNXSyuIVuIpJrnJlieNZMMCRlgcCvzk+Df7Kfx7/aa8QWml+APCep+IruR1iuNau4JotL06IuA9zNfuBEVjXMjBXJxkD1r4ShxuuJcJVxNCpLLcDGvWw96iUMRW9nJwcvevyxlJWiot3ummfVT4VhkWIp05UVmeMlSpVopRboUudJ2kla75bNObS1vY9K8c/GXw14WtoPD/AIauIbuZLY29zb6PhLSZgT5LzzAb5pOhbJYs2eOufSf2b/2G/wBpr9sO9OrWHhubwv8ADy2l86+8Z+KVm0nw3p9puzJPE1yITdMibjuAKHHXmv0E+Hf7GH7HX7C+m23jX9p3xLpnxe+LVqkc9n8P9OuI59MtL5VDiO5iRnFxtkAVxcKANrcNjNeX/H//AIKJ/FD44Qp4H8BFPhh8Mbb/AIl2neDfBsa6ejWv3Eju2sxHkFQVkUk/NkZI6eXPErDKbwVK7l708ZX3Sdm3Hmd7q+7babba3R6Fni3D67UhThGyp4KjdQduVWk1Zy1VpJe7q92kj1q4sf2If+CfsUVj4atLH9o/4+W0JV9Yv0hufCfh/UVXDPb2+Ht2EMoyjrlsKA3Nfmz+0J+2L8avjxrE0PjLXrz+zDJt0/w1ozvaaLYWoB8qCO0tisbKEwudmSAAcgc+veFv2cde8VWVzrmvK9pp5RpIpZSxkmmKFwjyNl3ZyAWJJyTkfNk15t4n+GOl+ENIk1vUVhs1t77yBKVVpXhDEKkSP+8ZnIPVWB4Cn7235yhxFlksf7CeIeKxiko8zftHFuSVopaLX7KWi62OnG4PE/VFCjGOHwySahBKKla13J3Wt29X1v1Tv8k+D/CWr+MPEc6PEwia4S3uBISsMALAb2JPGQxG0YJJ6DGB+iHgr4CW3hvR3ubHRIBLEnmXGv6qwjsIUZMs8fmAH5OdpHJwCciuY/Z1ufg94T8P+KfFPiyHUNc1WTW1n0nRBE6IIVYbGmbAQ73wNrsQN2OQAK9W+OPxrvfHGnxaSJ9N8G+H5NK22Xh3TlQ6hffIBEs5jz5bMDnGSWA6AHB+A4uzLiLPOIFk2VYarhsvozpRrY2pLkozbaVSNOFNxlVfKvKC7bs3yfAYDAYBYzFVIVa8+aSpq0pKL93mc2nFXcY7JuzVj4S+InjbXLnxHeeG9F1bThZ2FxJbefYRqJrybJUiDABk3vwpGflI65IPofwx+BN1f6df+J/H66fbJaRfaLOLWLnLKpywkkRm+eRhykeCBgYB6Vy3gT4Zz6Xr03jLxXDbQ2srqmiQ3oVBE2R5Vw8S7i5Ay2GGO7EZFemfFXxH4c0xLfRrLV73xhr+sWOyK1sZGFlY3EihI2liibDJDkcMMZHXhgP0nLOH8Ry4TA4JRh7sHiMRTglVmvdTTnZuN56yb1TurrY+UxWNoxdfFYxc1pShSoykopJtKEnF8zabSstnvfWx8V+JrnQNX+Jl8uhy6dYQ6feLZiYbVXdDKFknhQkZOcYyPXnIwf18+DP7QEP7PHhmax8EaP4c8Waz4o0eIX2patpUN+8dy6FPMgMqlY/s4JYbOMgd+B+WHgz9na7t9Zk8ReNrgMks73FtZwE75CZDJm4fIDDPCoC2QCuOpr6Vmvj4eeS6M6WVlaWTC3tHjRWRRGVQZ5VS+B0OTjOAOn7ll+VUauBp4CrTc4p0Ytyet4KybldXckk27bvfU/N62MqQxFXEwqKnUnOUlGDSSUmtUvdt7i0Xvb9DN1nxI/jn4rXWp6jGsd5eXb3moGGMxxtcSMZJ2WPbhI1bCovAUcKOMV23jG+WZ9L063A3vLE4ABwcOA+QVzgnA78HkEZrxT4earHqGr6xq98vkl5JGSUg723schSQMKuCpK+vJwwz3FzrFtrOu2ht3ZEtjGokLHA2uoJ6cc5zjGMHpk1+q5ZhfqWXOCprlVBKKT5W4RSuo6pXSWu3zZ+f5hjlUxfM6kZuVVczuru81zX8kkr/AJ23/RT4DeBfCZS48Saz8Mz4n1Oew+z2msTXKxLZsqqRsiLqCFwSGYYYgAt0I+0NN1HwJpGn2N/F4Zjg1PS9srAQ2bKXXJCyzuxZ0Q87SxwoxxXx9ovj3wzo3hfSdKWYfajYQo8WnXzxzOyoA7OgICs56scYP0BHmGv/ABgs9LW4g/s6+dFikCQvqLFHJDfPKN+1geBg5J6Ac8/5ucQ8P8T8ScV5zHD4bFRwWJzPEK1SrWUXTjXvBqKnFLRXWlvJ6H9XZZnOQ5Vk+AnVr0HVo4Ohz8qp+7N06b15KfM5J73cpdNNT9Mvh740/Zr+JXxa8KwfG+TRbfwRJeMviDTtOjjicBSiLJeTIAwHBVgpG35sZ21+k/7Vn7Ev/BOW8+BfiP4n/C9bLQbzStJB0G98Pa2xN1dNGrJBeWwcSOs2Th8bkYcnkk/yAXvxb1BtQlb+wba3jE4mhS2dftFyyyhljJBDbW+XPBbOSe+f1v8ABn7SFpqHwO05Z/EEHh/U7iKKwuvCV34bmvrErFEB58tyYnHnPkBjhgAMDkZr9fynw84mybhurhcBhqeKliOVVlOU3Vw3Moq9F3667prms2tHf85xviBkWPz3DyxOLqYL2XNKny2VHEKDi5KqqiW6SWrV03awfsufAiPx78QTpPhvxb45ksLG3NzPLo+qzrHaMrk7FzMHYLjG4gHA7jGf0e/aC/ZK8Z6d8MpZPBnxC8eapr1zYpFYWWq+IpI7F2YgS290kc+5geigqRnpjpX5wfCb9p+8+F1lcjw/YaZa3c9xJ51/p+k3VlczRyON6mWKDJQY+VSxI4GOCK+krb9uCW9tAuqSfaWLAol4mqYViBgruiOOc5YdCNxzivw7iTwv8WavE9PMsDgaUsqwsqNaFKcaU25U3GUnUXKnJyttfbTrp+g4Dj3g6eBVGWaYeNSopRmlUi97KMYyc3yW8/R3T0+FtS/Zc/ba0q7ubrR7rULSCdIpprS31BJLZlTl0Eksm87xkgMcZYHDduc8QeBP2yLaJks/BV5qKxQx77oJa3CCSInf8zOz7y5Jxgp3/i5/Sy2/bB0O6lhS80+wuEeMB1W+uLYN06CUJtJBPJAGepyQSN+0D4au9QF9ZRpY2pQ+bZnWoSpLMTuJ87kcjqM8YAzzX6TlVfxNoK2I4bo1Emo3WHqxS5eXbkk9Hp027WZ83i8XwfVSdLOacHNtv/aaberjbfbXorKyeh8F23xE/ac0n4E+PPhdqfwX1fU38RGGd9Whh+x30E6qB5ai2BE0asdwMhXnIHzdPyv1nTPjPpOsSrfaF4hQxr+8tL43CLGyqMp5ZPzMpOFO3IPI5JI/p70jx/ouuWtxdpr2mWk8+UMTa7aIwiVN2QGl+Zl7bhjd8pyNwHB6p4a8Faoxubu08PapcNMSZ5J7O4kchjhgd2cgnccjByOTX1fDudZ5gK+IWPydYWWJrKrU5PbJuajGD0qKSiuVK6WmnU8jMsHluOpU/YZlGtywtCTdOafw2Wlt03q+itrY/mHkX4mzahHc3tjqsdrC7SeS7zqI3zuXliOBwcHggA4wCK+h/Bfxc8WaZbags+m6h5sVmkJMM8uxyCAjYYjJGATjIGM4yK/cKb4SeC7vzGn8O6DcRTSszgQRFio6q4VdrAjJB7jPY4rn5/2e/h5cuZF8PafZO5JjW1slYHBzhgq4PTleg9Tg1+lYTimrGcKjwtV7WjfWSat1te2ltW+6eh8rWyOjySi8RTbbavaMbu0VdPmei07dbvTT+e/4t+KPG2v3R1hI9Ue4mthDM0bshhjVgI0CoR/Dg5wCD0IBNe4fsE+KPGNt8bLbRtQ1edX8TaFceH7OwuJ4kuNXmuiwOmLLO4ETSo3l+Yduzd2wQf1j139kvwHq0NzPPYlWkYI32a3aHC55yirtwQeeOpUsR1HI+G/2DvAuj+KbPxPZ65d2E9tMl1ZTRQhbuxmVhtaCZSJEcDowIZQMhlB49TC8W08PiqeLrYCVSNOopSpTjzQnF2TT5WnZvyuvPQ8nF8NfXcLWwlHGRpe2pSpqpGVpwcklzRe7aavo3qj8x/j3+yV8Urb4lfEDT4/hpqj6X4eludYup4tSt7+DT7O5DXMlv9ojldZGiB+cBycjBxX5taprtlG13p6abLajT7hoJLiNN0waKXBjGD8pAUqT2IHIIBP9dmq/CrQtM0LxFFqXiXUr22ksp55VE80U185jcSJfTITJKJsgfvDggk4x0/Gez/ZF1yfXPEV9bfB/+0tL1jU7+90djfxsZLWSVmWRVLk7WBJAbkg7eMcfQ4LM8TxTXqrIshx9WVGMZYmhg6VbEtKo7KbUISlCLa0u0lffQ+dzarl/BWDwtTiTiLKsDRrVHSw+KzHE0MFGcqcYN0069SMJTt71oNabrVnxt49+Kfgbxf8ACzw54P8Ahf8ADTVPCmr2A06TxF4it7m4uLrxBfxQBJy0a7lVJnLOAD90AcZr5917WviGG0+ybTdaitrZUXb/AGbOGMiL8rFtuDJzwwOc8kECv19svgb4y0KK209fgTqFtBBJve6094Ek2qeOjAO2PlDEHJGeOBWldfD3Up7iGS8+E/jR3t5Y5YolVHRmUEHeVJLde3HVcYANRUyDirBUpU48JZ4qcpupKdfA4t+9JrmfNUp/JJO0VonocdLxC4EzSpSX+vfC0qijTgo0c4wGyUbe7HELXVXe7be7ufkDLB8TNX0mKaTw34kfTZVKeY+mXMivJEBuZmeNnOcHPUjaCePmHA6xqXiPVBZWT2upwtHJ9hsktrW4jaW6jIAiG1VLSZ6ogY5BBFf0G2Gp2Og+FRZ3Hwt8cW19Zrez25ms3ezW5uI2jQyIqEGJS2WAGNoOTg8/EFr4f1P/AISfw/JrfgO5msfDXi5vEs17aW7WYMU7SNLAFdE37FKgKMjd9MDgoUc+iqqxWT4zCRhblU8PiFKSSuly+zWidrtaau3Y9r+2OHKqpPCcRZXiXOy/dY7DTV/derjXvfqk+6aerZU/ZO+IWj+AfD2qaZ8T9A18tqccMGlalqMeoIbea1Cm4hiRUaQqRwqgHlhkenW/F74reELnXfCr+H7fxRY+HDrD3epWl9BeLLPblRtMCSRrIUJDFHOCenIyFvahqdzqHxS0TxLHHrWl+FLXV5rgadd2i3NsloWzJDsIOyWYqVEpB2/Ky5Oa/TPTP2xv2MbLRrXRfEn7O99rN5Z21nBdX19ZWtzdAwqRdfZruRS0cM7HeoDfIrEDbjnysd/bEeWpSyTE15bunTp1oq65VqvZvVJXbva+mj39ajjcBWk6azfAU46LnniMO0rKOmla7dvKy073PzU8Ox+GfF01rcPreqeGdK1ia8msrm68Pz3H+iW6chM2+GdwBjncN2GA5x+bvjfw7bjx54jtrC5v9QSy1iTyJTaTFru2eUhJFjCELuyMjgj26D+hHxv+1N+ylqo0u98EeB9e8Ew2A1KJdNEWn6jEkN0hWGKGG4cJCqnPmyKd2TxgYrzfw141/ZCvPC+rp4mv9muXqRyLbx+HdPiuWmeVnlLanEpmG9ThcNgE4BwOYwn9tuXtamR4+nZRTpOjVmrcyc3FqmryUWm9XskpaHLjcTlPKoSzjK5Sbd5Rr0otSUY/F++k9W172nTS6PzH+EemrYeKvC4WO5W6l1zTZ7mFLWQsIYJEcpPhRsEwG1s4HzEDnFfo743n0Px7Y+Obu38A22hyazF/Zt4t1p17cTXAhhWJri2byWQCUAsCDgcfNkc7PgLwn+xb4i+LEM954g8S+B/Ak+mpNeakdTaS8l1mNMKFKOz2sAYllKDGCuQBwPrXSvgv+w/LHLHYftQ+LFjvGmZVuNZnKW4YkIqCeQEKoOQxJC49OR9FWzrMsAqFKOCzJU3UhVjGOCxElSkpRfLKpCMuXVarRd7Kx4uEwmVYudXESxeWqq4TpObx2HhKcZKLuoyqatt20fd3R+J17+yf8M7e20XUfCehalZ+JDqAW8bW1ng0sySSYMyC4CskaM2RtBAOCCBzXo3xk+HOpfDLwRYeHPGWs+Hr83WoaXEblZlMlppc5SVJIHUlzHEr4Of4VySPmB95/az+Cfw28Iav4WuPgv8AHPxZ8UdNkd4fFNlc6vGINNhaRHaWGUTFmVI9xBByMcLnAX6z/aD+Df7IPxe8GfszfDnwZ8WdF03xfqLwrrusXzwXbwxnT4BcWetXEzbQ8M25I/NYDhcEHr99lPEea08gz6P1erLD5jl+Ip1KMqUoSpyVNqM78vM7u6UIxu27vQ/P+K+H8mzHPeFK+IxdCOIybNKOIw9VV4VKdTllTbpyabUUviTctUm07pX+Ovhv+x98C/Fnhuz1HT/jxoc89/YJdXKRzWcT2k7lh9keO8dCfLIwX2knB4NcdpP7Gv8Aa/xQ1nwxY+PvB19oWj28V1FqF5c6YftcLYJhyJGXfyVKjOQeDkV9j6H/AMEqPCFgdYXRP2kfh9cIssqwx3OrWMKLhyF2+XcE+gAxjA+XPNdXof8AwSQ8WTCK+0j42fD+7nulKO9lriIZIw+YissEpchcgEHByQOScV/K0lm8MVO1PGtz53CM6Umm+aPvbWVrJdN23pe37xDE5G6UZfW8ClGKdRqvFaQ5U3Zy72u/V9mvmXXf+CfJuFhlsYfh1qtsT5gdbu2WWRSoGB5bcHcCQQeTjPIAr5t+Pn7Fk3gTwHc63d+C9CeIXttEbvSLuKWUCRgqwxRBy0jyHAyAACec8V+qbf8ABJn9pC6ZV0b4qaEqW+5Qtl4l1EpIuAF4DEBsnoOCwx15ryj4q/8ABMr9sDw/pFkt54j/AOEqsJNWtoUs7PXbuWXzdyvFOq3LpGwD7SQrFj0x0J78FPNYVUqtKsoucVUlOlVstYpbtpXWt9tXqmtFVrZNWpKVLEYdvdclSnJP4bO61td30d9D86PhP+yNDZeGptdvfhb4807xBLZG40TULGCXl2LPA0iqCywspBX+FsY5yK4W0/ZN8S6l4g1C48S+GvH8yyTNPK406V5d5JOzlc56rtPHIwzDiv2i8L/s4/8ABR7wtZvBZWetX1va2sNnabIbSeNYYkCxo5ncHcFUAsBgY+oPLal4b/4KJeHr2c3/AMP9eea1kEsjf2bZSRTKpALZiDYIwDkYJwMggnOslnqrzlTi5Kdn70qkOVRaS5W422b0uvwZXNkzhBOrBS/utPmate60Wv8Awex+df7OXwo+B3hz9oP4Z6X4lv8AXvBNyPF1lDq9z4ohS2igi81PLzFMFJWRsA5G7vyDx9T/APBaPw38FNI+J/gWH4XeIF8RajeaA41KZD56RvH8kZgZfl8h1I2qnAznGRz8z/Fz4L/tP+KPiDf/ABF8T/D3xVeapBcW08NkugvLHHcwOHjuYjEh6MoBzgsOMHk15L8ToP2j/iz8QNFuvHfwx8Uw3OgWthptsmmeF7qDfpkDp5gnMdsFMsiA7n+8SxJ55P2uX1sVh8ulCcnOdSMZzUm2lNJaQb2u2lffTRK587jKeErYqnyqEFCThCUU9pSVmlzWV435lreys9jqf2VPhRNf/DD4pyeILn+yLy5siujC90i7l+2Zic4t5FiKsgxgMpI24wT38D074KeInuo7WzuoG1ASTMiJBcrNKBISoWIoGy4xsGBwem4iv3q+Hn7Q/wALPCHhrw/4Y134DfECC40nTLKzvHGj3JglmSBIpJiGhw6M2dytnqc8DB+d9F8efCFP2pdX8dX3w+1y78EnSEji8OX63GkXEd8VA8y3SFRCpJwQ+QVI/vYJ+e/tPM60q0Z4WcfZxbipfaceW6UndXaenzvuj2p5TgYRpuGITlLlU2766RTlpJrRdraWvoj86dF+D3jrTLaO71bw5fX+y7R5DNB5eY4mXI3MAei4Bcg45APbodc8A6vrlrfy6No0tiJbmIva+YvzCL/WDBIwwK4JzkkHncQD+9mnfFf9jvWbWP8Atj4aa/opuRslB1Ka8heXI5dS3AVTg4POOBXXW1l+wTcxW0d9oGoabDcZla6ja+BLclMsse1SMsxwSTjgAgEePXzTHQa5sDVumk/ZqLWrScujaaTbdnfq9DWjkGCk25ZlSpuSb96PLJPRXbfutWfo1a7Sufzjax8OPEVlaR36ac8McVuqXW64CyI20gAqGztyQed3GMjAJFX9mn4fX/iP426X4dubJr26vtREUdurq6+dM4RHYt8ihS+Tnhj1+av3D+Pnw7/YQ1PwXrl94O8Y61p/ihLOWDQdPt3nlgvL9ULRLcmVlDKWAXHXccgen5U/svW154M+ONlrOr63a6FNc3DQ2dxdiCdIzFcLslOGYq7KASwXKhs9QAO3B1qmPoVlOnUozcUoucLbpW8rX0stVdt23OPHYF4Jx9jio14u8k4uyS0V7pKzbs+XVW95o+jP+Con7JPxA+Bfwv8AA2tatF/Z+lalNGyz+bbrb3zSIJEgKRuMvHkDe2d3OSM5r8dvhXo2t3Ov2Wp3dg81paRNLDtCoiMuR5iMCACrkFTuAOB0xX9GH/BSf9oSP4s/Au08K/EnSdB13w74bvdPg8La34f1X7XqE08aAXFzewRNlY8fMFYLzye2PsD/AIIXfAP9lT41/s8/E2z+IXwy8OarrGm+IYXXWvE11bR3aaPNtNrHbeexliiJU+YFGCcAnHNehDDuhgeTljNr3ZSl1m0pO6SaSbXKm7rr3M8LO9SMOarpLma5nKTbnF6LRWs04yV7rXXc/JDWf2xvHvh79kDQPglcaFqHhmOTXbm8vfGVvqUkF9qWmyf8e8MrpIRPEVG1Vdiq4wMda/P4/tI6udIn8O32v6hqDTGS2t5tR1C5uJbRUbMbJvcouAVIBbqRgnFf6BfjT9hD/gnlqehLofjbwF4F+yWMKLZWn9u2yvGjZEbxRrJuZeVIAzkEfwkV/O9/wWd/YM/ZC/Z/+DPgX4l/BzwPaaDrWs+I57O5kt9Y8611i0QBh9nhZ9qNbr5bNs+VgQPlJIHz+Ho4am5qcacqzkmoc8XZylFckErNcqd7Xs1d2dtPs6OJxcox9j7WlC1pTlTcOaSUW23Fuz6J/itL/mD+yT8XPiB4I1zQ/EuoePfEcPhW08S2N94i0rS9S+x3V/odqwe8iJWbMsbREiMqSwz0IHP7QfGD9oT9kT9oHwz4/k8Cz+NfD2rX/hmNPCU9xqcsdpH4ptYS6XF5JcSLGzNMpZueQcqTwT+ef/BP79mn4S/Hb/hH/CfjuWa1v9d0e71Z7rQ712eLTYkCxWslvG+Y5wFYEbcHGeODX7D2P/BH39lrWvDS6X4M+JHjFNl2PtcEbvcJDOrElf3kgwyMCNgKnIIxyCfzzjHE5dRx2FxFZ42liaNeFOCoRilKUOSoo8smlOPJO/bRXas0vuMorZ9HCXpYmU8PUoVOaU6lVqEZON+ZRTsmpNe8tEk9mfzLeA7748Xmr+IZ4vipqp0qw1O6sLjSJdbeKO5uGJiV7KNZQhQkD50wTnPArptF8cfHXwl4sh0C+8cajpqfvLyD7br1xhGALq0BEnJkGAoI5IBxk4r78+If/BLnXtF/ae0r4DaH4yNhYeINUtr7StXtpRFrn9kyP895d2UrpEJYwCSA5YjDEZPH33P/AMG9eo63Pca6PjnqusS2CrDa+fp9pNcjau2SWdjIWj2HOFTJI44xgqpxZkdbFQw3PKtV9lCU8MsFUnKDaSvPmi4xleMrpNvrszxsbkmcZZGjiMdKGFpYlqpRrVMTGMZ0pNPmje8lTad7tW5vx/n88Sf8FHP2r/h3o+peB9I+IOt3Gmai17a3El1ax6hE1vJvjkWK5uQz7AuMMDgduMkeM+DP2yPifHpt5Pqt54b1+GGdiIfEPhfTb8vKzchppImbknaACCF55wa+gf8Ago3+yZ4v/Yi+KGneCNf1Kx8S6HqOlG80e+SFjNcwzFlkNyHTdBMshYFAQoGOeufiH4YeAvHHxEs/EkPgvwPf65pnhuzOu+JLrTbOWWHSLEMf9IvHCbVgVUJZmxgA5zkZ/Rstw2X4nLqeMw8KVONRK0lD2ck46OLVk1JSTumk09NTyMZhs3w9b2MlWqwVKOIXJCU6cqNSMJQrKcE4ypyVpc76JbvQ+rZv2mrDxNoksvin9nz4S+JbUlRPcW+kQ6TM4ZQCPMtow6swJOV5Gf7wr5d8RfEr9mHW5L+PVP2Z7XSPJkdbm50HxJqAIO452pIVTcpYhQRz0x3HrWh+B/FF3brBp2gST6LdW63Bk8poIG2RqreW0qojhTj7u7knkc14L4l+Eghn1NZLKSznupZW2li0I2EsQrZ2k9s5OGAxnOa6sLGVJuUnNwbSvq0rcttXo9bJp+bseDiMRWcVB0lt73NDZ+6tHro29HujofB+ifsY+KLpQ+i/ErwjC0tury27W2oQwFmXAzM7OQrHIBHKjnIyx9h1D9nH9jfxdMY9F/aWvfCepWcojFn4s0ZofvgYzJax/LtJAfOAMMevNfIHhfRG0vVWtIopIlN1H5m5wFlRBvYx4O0McfeBJXIwTmrd/b6bqF9qsqXarcyXgiW2nXezqmN2WIPJGQpHpjgYzOI9niKy/dJq0Wmr3urL1be711V99l5LnG/vqMebeN0nyppaLpr2bVr2aPo7V/8Agmbq/iaR5fhP8f8A4Q+OUkZJo7dNetdLvZ1PzCF1v7iH52GAxPzAg5HOa8M8Uf8ABNL9rLwxqE7Q/DAeI7QfvWuvDevaVq6PtBO4JaXc7sH5CoFJ6YGK8P1SHWbG6klsoprXy53AntLmaFgiZwwETqckjrx8w9a9xhuv2hvhj8PPDHxIh8d/EHw1o/im+lj0G7g128SOb7PJtKFFlbEYIO0MCPTAruhhlGnDkXLzJKzbdu3fp1bkl1vawP2ScXytJJdLpp8q62s7vVW6I+aPEXwe+N3gmW+t/E/ww8beHRCxEhuvD+omFY1yWeKUWxjA4BJXHQAFh18cuY54GmgujNbNI3yx3EDwyHJOdysqkEMCCDyOOgGD+jej/wDBQD9qPQbhY73x4/iyxiX7LJB4s0my19JkGFAkF6j7wVGMtn6DFetab+2lo/iuC2tPit+y98K/iFbXU0azX9jpFt4Z1Ihv9ZiXToRIjle/yjOMZJOE6UoSXM1GOl3q2k7JfCou2+tmk07qxEFGbkr7qyumnulqlZaLT1S6H5H6eZpZfJZyLdHVN38KoDyRkYIbPPHUN3rrZ7yMwS28aSGVU8pJIlUIEGxQSfVup5yejelfq14m0D9gL4hafqGot8GPij8Hb/MKzS+E9RXxDpqTuAXKx6nNFsjBORtXgDkd28gg/ZP/AGfPFW9fAX7TuleHWubtbePTfiHpdzZX+JCBHG8tjFLbLjkO4kAB6tnGH9VhVacZLRXbbW2jb1Wnkt7q1rJWTouN29dNW7u2q23SV1rrdNPrc/Na9afaiDywY5Nj72BEwZScNkgMQpOc456dRjY0WSC5lS3TzYnt3Vn8vC73Lr93aQSc8gdiDjGMt+0F/wD8ErpNE+FuoatYW+i/GXxN9nnvLHWfAfi3TDFBuUtZLJp9xdpcOzKSWCQliBsC5wK/L+X4GeLPDXiddI1zwd4v0LULS8ETwz6Vfbpr3zdkUELiIpPlsAtGWU9QR1ruw+EnLSjCU+WSvKMXLls42l8Nu10201rdXdpjyqUXJxtzWS5m7q8XeNnZW69FbXdW/py/Zhg8ZR/B34N+G/A+jf8ACVapN4dg1Se2t3hN9ZQtGrSSSyMdynyw5YZBAAIxnn6M+Nfx48Q+CbF/gnZ6Zpw0rxBoUOsan4q0d2vJvB93qVtOr2VxFht15HLEyzIQfvZXgbq+Rfh7+31on7GHw4+DcGk/AnVZPifo2hWmh+JtQ8U6fcWdldx6jbvFDdrFNEJJoFjYyY2FMr1xXk3hHwf8Vviz498V/tH2HiFNP0jxnJqd3B4f1O8htdLvNVQM1tp2k6dcMqGC3efYm6MbiRt5FfV5dllfFV8PRrU4xTS5Kibk0+WLSlGyjKNk+0o2W626cVmksDSqTpSkuWmoum7vnnKStNWavFaqUdt2kj8gPiFrmpal4umstU1i91WbSL7UIYPtjMx8sXThCEkKqisuHKqFxnHTp/UN/wAEJ9N0LxN8Qvtsl15c/h3whcHfOFkiW4uVYDar/KpDbtrDnPowzX8zfxW+HXjvw94/8T/8JToiWOtS6jfTXFhhkkhZpDJlBwDHIrAgjCjJ6dR/RL/wRKfX/hx4L+KnxOuLJtc07RtH04XOlW5UXtuju2+QZwQkYyXGAGBAAJzXjZ9OGCp14TlyxpStNtfDyuK2urXSbad2lZpdV6+RRxGNrQVOPNOrFOEFfW7jZfO90n5N91/V9pTSy3drpYt45LCOa6lmvs4EgOT95VztJABHGQMdjX4yav4+/bG+Ov7YniT4ZeD5T4D+FPw38QvFeeJP+Eet3gudEnwsNwlzfRxi7mjkLsyxGQAbWBya/WzQPifpPiPwj4U1/RdM1HSRqmkterbywgXDIIWkKlCQzK5BCnaTkcD1/Jf4Z/8ABVPw745/al8b/A268C2vhW00S4vtKbxTqDxwi8OlO7Xc91CAWSSQHahPccHpX5vVx9KlGrVw86dWnCDlVdueEKd4e/Ha3Je92tG72a0f6Rk2QZpjKuIhRwieKp0VGlCrKCcql17kIzd5uUYvRK8knZrQ/EH/AIKu/ET9qX4V/tM6P8KfG/xV1fxB8O5LTT7rQfEGjWf9jQ3EzagrQfaZLbZHPLbZyVy20YOByK/qx+D3j2PS/hB8LJNQlm1hpvAvhx2uJFVWlk/su2d5nY48wyNhmYkktzyQa/mW/wCC8/xX8M/FOT4Oa54BktLrSfD+syW+pXNpD++muYZoleGKYopkTKMy4baueQB81fvb8FPiV4A8TfAP4Jzt4n8Jpqcvw58OW8egya7ZnVd6WEFu/mWaSeaJPMVgAFDZwP4a8PO5rHZNQxFFOfLUlaoor3kpJc0nbXprZIyqYTEZbm31PGp0a1OEJ1aSjyqEpKCaSSaslu3rdtPV3PsyP4j6TPDFIstsjzOu+3kk3FckkLg8HOcYAGe47CbX/E2nXmmRXtrsszHN5KBMiNmYZZtoGAqgcEjB54AyT8+WEC7jNFpMc1pDKGhkWQq5wB0DkMSCfl5w2FJOMZ+k/DkGm6p4chhu7fT7V7iTbIl2VQQ9dhLZVgSO+cZ9QePgqLnOm6N1GTlaWr+FNXu7Pru01uj0qslCcaqlOUEl1a2cXZW108rKzfLbW3n8+o6SbEiZLaeeRMq8f+sZySoJJ6PuG0A4BwARnr5b4m1JtPsmH7uMnzA/2hidoZSxLkqQwGcAA559eK+o4vDWn2/hy9kitNF1C6F4Fha3dCwjVyo2KDjYSCR0J4yc4r5U+LdzGUeKa2toIoS0UiMPnZwu1s4XBHXoSSeDg16NDCqNSEfaN+7F3Td23ZWbStZOLeqbS06XOCri5Ti7Rd02krWlKPMktN3dK/R+h896le2WpSCN760a4knHlhUTYxzg72K5GM5+96Ljiv55P2o/C8elftV/FBUS1WB9KtJ1khICvI9uHdjt6EsT2BwRknKk/vBJ4g8O2ur2+jXMNjCHLzvKtwBKyoruY0yQcsAfTaCTxX4F/ErxbpHxH+M3x98V2NnNDpelSS6RatLLvxLp+63lwQScMULDA6cDGMV+o8HYeVLEc7blGMFCyb+1KCtonqumva/c+YzLmrJqKs2nJJ3+wk7NtWd9U9V3PlnwRcW8XxA1C5ERljfRb2NhIxETSGCRcMQMH5uD1HGPY/qD+ze2mXP/AASs/an0GKzjspE1DVryeWGQATMs0skahc5b7vJ2noSCSwFfkP4W12OHx/FpAEoiubG8BYgE/NG7k7iVyCRgDdjJAOTkj9Jf2edSh03/AIJ3ftRtIbk232rUYXAb5UdnlCO2GbKkgDqGCgkE19TxVRapZdFXSeYYST7pRqJu++llbR7PboHC1p080nNtRjg8XHtqqdt9rPR9NNHrZH8+FnefZLSK4xCco8bhWIJYs4A6ZGDtwMcck54NexW7zxfs/wCs6hI0Ua3PjKxi8hsZYR28pBBHU5yGAzwcc9a8DivtMdUhvFIKrJIjxsSXZnZlznhepHUdMZBJA9T1bVNNPwEgt7C1vZI38XK2oXEkoMSzBZDEkUYOdxXOD02jnBwD+xcN5k8PicPaXuQp262crRt5rdNXVnva+h/PXFmWRxOEn7rf+0Ql/wBuqpdvXp/ntoeM3V5NdSKIlaNGZFZlbCbwQMZB469QOAowR3++v2WtQ1G28IeKo0nuER7mMSqjZVysbKjFs8YU5xjkHg4yT8C6EmlahOdMkvJNNVlMrT3IDqu3phsn7xBHzH3B7V+h37MMVta+GNZ0221PTLySa7LSq8qxt9nCbTKxbBKjICgHOBnBIFfP+NeNlPhPEV5VKklOpRsopuV4zhdaapK/vbW28l6vhbhYriDD0PZQt7KcW5WaTUEvhbT0drpXsrrueh6bqJsby23Wsl1eSXLwQmKQtcP9oB2LjJ3HPAHqe3zGvcPDUeuad4L1qa6F5F4ll8S6Na2EOoeW7WVrJPylqzsTGQuM7fmONpOBg/Pni2e18M+MfDd05V7GC8srmZ7aVRCSsmWUTKS24EnAGDX0xdajbaxc6Tren6jb3+m634w0VIdNhm+0SxPHJHuZ8liDxtLNx97sMV/LOIpS/wBXK+PjVlTjKhUqKEk21yxb0V3a9n031dkftE6FKPEuGw3sotxxFGN6duWKk4vnVut01u2rXtex9c+G/gv4e03W4viFcXCeJPELyRR3UeuRQ3NtZebChYW8UoOBGxySBzjI4wTx/wC3d4R8Ht+yd45vIvDXhn7fDPZXMet2dhbQahDdSNukRJ4VEgXHVQQGwM8DI+mItNabxPeafdN9ltVNtIiJCPLG63j+Ut93OcYUHHAPPFfKv7cGl38X7OfxBs03DT4nt5YkKqFZlZiHYAgkOFyB8xA7Dqf5R4azvH4zjXJa1XMK8IQzSjD2VOrUVOyqL3HFTslZWs0k0100P6gzfLcHh+FcfTpYWi28FObfs05c/s7N3s2m/iSv0uutvnb/AIJJ2Rt/C3jnVLYXUr/2laQJEI96SFwFOSw2h8thc91PXk1+jfxl/Zy8NeM/BXxF8R6u8kOuQ+HpntvtsaEWohUzstu55icg8FCuc5xwc/nX/wAEvtA+Il14B8V6n4S1GztdJXWYYb2C4CeY90AnltEoGMBgSeSR144K/th4q8P+IJvhT4xtdaurea/m8N3090yp8pzb4URsBliqqRxwMsAOx+S8ZeLcbkPjBHGYHN40nLMsuhOhCo+dRSoRlFptrVN3suvTde54dZNhcw8O4YfF4BVEsNiEpTikpSvNxavd310etmlpff8ABT4AaTqeifDn9pCzsPsbpd+BxGsEiqRKkNw6PKQSOoTOdpIHSuc1Tw7pNz8GNc8cPr0v9qaF4Zs9I/sC5t2NiGuV8t7i03qQjsDxKqjkcNkAV7Z8BLK2Np8dUKG4t0+H1xDIiqQI5hcSr5hABIDEZORz35JNeTfFfQtf0D4SXuq2Fy1/4Xu/Dln/AGkht0WO2utx8iEMclvL67ioGSc8jj/af6E2Zwx0OM8RWkqjVHA1E93Gc8PGTnGz0Wi+56O9j/KD6aGDlgv9SqFCkmnjq9Pla92P72mozSXL8Lbve+iWi6/BOlX07aZNdxJMgjijj2+YPLeUHIHzN0APGeg7Z3V7l4UvQPhSZN6hpfEDx/ZkweQoYuwJwADkcEElT7CvnbRfENtJp7aYURo5l+17x8pVk6KF5HBBGAQPTkg1634Jjlm+HhnRiqPr0u1ZMhBgYyu7qSvQnpj+HOK/pbxXx06vBuYyX8OOHUFtrJygnJ26Jtq19d/I/IfCCh7DjXCQ5IynP3pTT0g/Zr4b2et1F7K93a1ine3E2nLJcRyZM5dGVM4+ZsfNjG4gYwDxnB9APWfg9qAC6ozLOyGS2w6dVcvhQCOTyckHnA9CpriLLw/qeo31vptpapcSMTNIB8yheSWcjhgBg4BOQMYBFfS+jaHoXhPRdM0yMW76hcT/ANoX98m5Fh28i3YNhGw3OFYkc9OK/h3/AFYzrN8ozHGYLA16mFwkHUrYiNOThBe7tJR6J3vdLfrv/ceGzbAYPOMLQxOLo06tVWp0nOPM3ZL3U3rrJO+t3p3Z9Nf8E0ZbCP8A4KSfDK1eby5rmS/lzcE+WHksX3ZyNvIyMkZOMcDBr+mr9r/WbLXviBB4e1PWl8Pm00Gaz8O3WnMkVxf6tcu0UKx3B2rHCJCm4B8Mc5ODX8mP7JXiJfCv7cPgbxW63UskK3QgGnRNLcL5sDRoY40Ds7bPm2gdR07V/Wle+Ifh5491TUNV16XSV1LwZ4JtNY06w8aWkely3Vy86yTnz5wieaAcxjcCuNw6V+f5VwhmmI4hwWZvESp4ShRjz00nrUp3cb7rW6vpp95x8XcQ4SiquG9nSqYipJwpqU0r0ajUXJLrKKu9Lq7u77H5Q6F4X8Q6B+2VpGmX3ieWXW9P8K376yLq4h87zotDkkjVJIJGSWOVACckkcg4OKz/ABJbwalrvw1jN/YCe6/4Sq9uLa2crdRSRTXBwqR8tJJnJ3Dqc47V9K/Fqx8M/EX9uD4W+I/Aun+HNO0m6+HV4+vXOh6hFPb3GoJpDwyIZYnIeYKNpyScgjBzmvjXVfDPivSfix4D1zw7ZQTssni60sbW8eNLYLFeTLJI0kpGSYwcnuCWXOBX8ofSRwMnxJlfNieScfrPLy3TrTilJRV7WT1S03fdJn9I+CONp0spxcoYd1YOngnNJczjC/IpRWl+XVtaPZK9z7C/YH0q38afG2CK9tLma00ex1SOawuFDGRvNdBcSqwzsHUE5O4kZ4GfEf8Agrx4ejj/AGg/Amh2duqw22k6YVWOJMqrXMDbHIUBlwCoU56kDqRX3n+wFcWeo/HLxJrMWnaXpZs/BJtNUWxkQxrqPnATMMYy0kgOSTn0yDz8bf8ABU+7fUf2ndEddgW0svD9pIwYYKvPHgdTyy5LAck5ycmvx/JJTweT5XXqzlTxWIzXExUFKSajTw0btc1pLm0bV/iW66e9WqvFcZY+HI/YUcoTTcXpzzUk+WSdnZttNXWt73PD/wDgpt4ItdO/4J+zata29tHcfZ9BVnit4ozsFtEqruQDJ5O4k54YZIwa/me/ZxhQXt+rguY0jy7ZCxuMcqQMAAEgEYyCcHnj+tj/AIKgabay/wDBO/Usw7dlhoRRQemIoRuVSSc84yMEkknHf+Yf9jzRtMu5tei1K3jCtIsUcjAnylLABm4IBGcZIGMfgP7A8CcdUpcL5hHEVJVJfX5yupOTanCLVrttJp6Xd7tvzPxvjigq2bYPkilHlknbTVTV3ZW6O6bv113PrUmW90nTggBht1DbWOS+wcgBiSMHr6nPsa7/AELVJbOK0MSqJHQKyozKUIGBwMkADPQ4C5GSeTueI/BNvbaXatpOyTMJCohbezryHQL95WHIBGMk5GBXEWcVxDcRCVPLe1VN6fMvJGDknAzzng/zr9twtShi4xjJ3enuvRpaLy0Wuz9eqXy+JhLDXacrJJe71ty6bXdkm+ite2m/0XoHi5RHJDqSrLG0JQvty0WMdBnhiemPQnAJxX6rf8E2JI9Q1b4+RQzLcQXHwyu2RQS7qV065IV1PJYcd+mTxxn8XdNuFuvNCkDaoLbOCSxGQCckrkY5zjOOvNfrt/wSndYPG3xqKuWSTwBcwOrMSCW0y8BySMFj2PGcjJ615We4X6vg5Ti5qLqU7uLtvOCv1bW+2u+6uduS4h4jFqD5ZP2cmm0rpJdUn6t6N2+TP5GPiJciH45fEmWTIaPx74hflSRuj1KVVBBxnsMEHnvwTX7MfsA/tbQfBLVBa+I9Kh1HwbrOkXFlqUgHmT2BuVw15AhLBXUhcsQMKAVJIIP4ufF64SD49/FUFWVT8QfEyle4A1KYDGdvcnpyORkdvu34Q+AdT8ReBp9VtImeSOGNEijIjMsJwCHOc8jIxjO4Zr6DxPyLKc+8O5YLNIzlhamGpOVnyz51CEouLS3TV1Zvzvrb8Nw2avJuPni4VvZSliZwcvsqDmk21qrWWrdrLVPqfuh8Qfjp8I4dG0r4m6X4zsPFula3qmneHPF/wrvLxXuL7QppHUajprSsWsbqNXJEibSHU4FWviP4B+ENhon7P+u/BDxfp+v6DrnxBtLzUfC1xfQXWv8Ahu7klE0kLorvKyRBljYugBC/MTgmvHfgh+zP+wd8X/g5aeGtX8Xan4A+PFqkSXd1rOoPBFHqShjAsUc0qW8tk7kfMGMmOoPFeT/Cv9kP41/s+ftS/D+08R6YfFPgXU/EEmp6X430C9a/0FrRCGtneJWaOGVk27i4CsRketf5fYD/AFNzHMMVlKxGYZRnvD+MrxwGCzuj9WWZUIS5YVMLUf7qupSu4OnJT1ScWf01isZmFShCrCVHEYPFUYznXw1RVIU24qTUoq7i/wCZfC9NU2zrP2vLf+0fjBKkRWIx20yh3GWLRxx5BDYIOc4HXpzjp/Tt+zRaGH9k/wCE7xruf/hAZA2No621x8x/IgYzjK9MV/Mx+1FBHefG3xekhLNpRmnXYSCBJsXBx0wc4J+8SDgbmx/Ub+ytbLP+yN8I5XB+fwFKe/KmC4Ukng8jBPcHjBr9Ux+X1JYLJaNSEHOhQp1L6XjzOnp1aavZvVWb0755NWVLDU6nMpe0xyTaad+WEm101urN6bat6n8D/wAbfCc2ufFj4rSxkQPF4/8AEcRkI8wkSancrtUHgtnnnAzwexPyX4j8EXnhzULm1/t2TSnZldQ2GkuN5yQVyWQls9xzx7V+qVz4Uste+LHxzS4YlbH4i6+8eF3LHnVLkFycEDGOMdcEnBBNfKGofDqx8eftEaX4Mur6OxtNT1G10pr1FWSS0jZlzcCI7kbAPGeD03Erk/2T4VwxWcV8vyvCK9SdHDwjDZOUoxgk2ul9N/LRM4vFXG4DhvJMZxHmEvZYbB0auKrzScnClRpyqVZJK7dqcG2lq7WXQ+I7ae/szdNLqkUhhJGJoWVnw2cbtoBDcjn5gDxnOa6TRvEchkO6wju8As727EBF452cAdDgjocqOua/Z/xl/wAEifGtxN9r8A+M/DXiPRpE3fZ9RQ2V9LIpDFcKuwswGAc49+CK+YfFH/BNf4++EdQumPw81KWyWIn7TokyXSvtA6FWLbScEAgnjjoc/wBJ4vw24uy6cp1sprTjbWVOLqpppWaUbpLVatb7t3P4h4e+l54G8QVqUMPx7k2FrVKjh7DMMQsDV57xja2K5UmmlezX3WPjjSviXplnJHb3EkUE3mL+7ldlk2sSFG5gF5BOAxwQOc9T6WnjewuYVaNpEd1LJKWAgcYCnbIcAjI+8DwxOV5wMDxn+yh43s4o7HWPDWvaZcy3OWlvNG1DdAkb4YSziDbtGP4WwOSPmqjH4A1vw/ZLoMukJdQRuscFzPLJG0SNzJhZVVhGWz0CnPBz0r5LE5VmGEnbFYTEUG3FSU6U4xWsXo1T+JWWt9VsfveS+JHDeeRjPK+IMpx1GUU6c8JjsPXUk1GzTp1JN72fe+rbbvo311o+qOHRUkkVN2eHcMuBtJzkZYdjzyT3znrpGl3bkSRwiQxkOWQP6FR8wIHsRkjPtktOkXGjXEkD6YHBiJU2rF2IGCchSSACcfw5AJwCagjsL+SEXkX2u1jcsMCJ5DgfeJwGIHbAAOD8uQBXPzShUS5nGLavo1JPRt6qPbVWVtT6R4nDYi070qjbXwyje/upWva+l3pu30V7VNQ8H+Hr1DDPp1teMEOZBDulC4wqggAZAK9cDB4HIxyll8P/AABZ3tpPM0OmX0TM1vHczrE7yKQQVViDy3B9Og5G4ekadpeqww/aYb9XeclTDcR+W3PRlBUEAqfry2MZKjyz4t/CDxN4yj0+60doUvrJWaWUTPGZl5LhWRuGUDjksTjByOOpYq8uT2kmra3k1dJxsuZXuul922tNLGVelQjTdWFCFSas4xSV2lKGqau29HZ/f0Z7FZrZyxCFL2GRYVwGjuYpNxHVchsnoOeTzxkdLJ8iTKnfGVVcuGY5OCOGG7P4EnGFJHWvz5vPAfxY8Ngsra5GqufmtZ5WiOOwy2SB1HXIB5OCazYPHnxP0Ni39p6owQiMC5tpHIIPzbi2RjA7jgbic5BO0JpSTTumle65tNOid7q1nZ7djGOcTpqEZYaUOVpO65mo6Ld9k09Nk/kfolGqqgVcykOVJbgD5iV4bGFwPvdRgZz1pk8pdSPnQAgFgzdR82DgnrwR9Dz0x1/7GXgGf4/+D/GWt+MvFNpoF1oEscOlvIh2ajKY97QSxrh1VioUOFIDnJxkg+0Rfs3eLNU8P+L9Y03SLxbfwPp8+s6zqF26Wtg2mQsQLmEzsjyRlfmBRcgE8kk11U25tRUGovS7cbr4UnyvVXW+u/VbnpPGxdCFS0lGVou8bNc3LHVWdlLrK91a2iTv8c+I9G0/xDbm01K2F5AxBEMuCqnJ+dCSeQRjqSeo6sD5hqXwK8ETksltJbmRQFSM4KMRjJ9TkZxg9Fx1wPUX1nSJFeSHULKRwxw63KKpUPgjJfOAwA5BJ+orYsQLvEiXEE8cicMHDhWAI+UjJBAIzzn/AMeJ9D2cEru3O/hvZpJ26762t213Rw4ijRxcv3iU9YpN7q9r6rWV27tJytbVanz5P+zFod0jPaX9xbgJ8rsqH7p3dzuDcjHQkY6LgDndT/Zbniiaaw16OUuFQ+eoyxPygYbIHGCSp25I4r7GtrWURbtzFtysd7sM9xhTwVAA5GPvdAarzQTA75CoRAP3bMSgBPp0HoMd8ZGTmuecYpXfvPTRNK70aul0te61srtW6cNbKoRUHClNaPXyaVvRPutF32Z8XWv7OviCxAjtnhum8zeCjFQm3JIBXbycg8HLcdckG7b/AAf8bafKszXbJJu/diOVxIijO3kkYCkcHnOenYfZ+nSXTyyoixpEoZzuYglTwNoGCAeSSoGSFyP4jmeJ7SeUJ5KTwylAIyu4gg/xHAz3wQPlPY44rwswzCnh5RpKUIb3XMr9LvV3336dlsfKZ39dwfJHDwk23opXS1S2f6O2x4HGPFHhayLXmoSyhI1eaSa4cMoC9gScgfNkLncOOAwqPTvjLLaMRcX0VywDNsmfYQo+XHPykfKT83y/wnk122seF7y9gmgvnN40iJ5SSMyHGMb8HBIAOMNkkDdw2ceO6F8MP+J3PFq+myXUGZWhKsxCoSwG44IIHHy59toGM1gc5pRTi68LJfDdNWdm78vuvW2626XRhgM0r0aTliE4Ti3Z3eqvFbRTV92rt+vf0tP2g9EtozHeWrRsdpUW0itkc4bjJOBjJPLEEk88bWnfH/wRcSr580sE54VJYc5U464UZwcbjwfYVyt/+z94XuUjm+y3Ub4xvtpXZYy+CpKg5BUHJG3PqPTjrz9mqxFz5ml69eCUqwSNwxywAOGy2RtIHYH06Zr3qGeYe0LVKcrLljda2ulo9mu22r12R7uG4jn7q9qotJPVW0fK9UktE9UrO++ul/oS2+KXgPVZI1Os2S7gSySHymyfmwDkZwecsOo+b36Sy1rwlqEira6naSK5bKLegN0xtAD8gAgYGOgI7V8Yzfs4+IRMph1u1k5J2TBkdiTyAMAkE9MdRyO2K6/BXx/pMqXVu4lWJlY+VM8Y2h9oLbWBOAM9MA4GSQRXpRzOFRxUHTbdn7ktdVHZO9tOmvbzXq4biOu3BwqxbulzRk9k02t9E7aq+2h99WtvFJmS2uZvKAZU8u4V13DHJIY7c44YZwQM8cjpdDn8UaLOLvRNUv8ATrpJA0OoWNwYrqAlQAyXKMHGc4OHIbqWAHHz54c0TV7TSbGMalcRz+Vm4Fy7/M4UbgCSflHIBGSR3HSuz0698SackigSTxvz5jSHaN3GRzhcDt93qDzkHtr5VgM1w/1fH06eIpVklVhOEKkGpKN1KL5tLO2sVo9ba3/YuB+PM8yDERxWBxVTD1XHkdSEk+aErcylFt3g02rSdt+juez+IdW8deK7OW08VeJ/EGvQrIskEOqX817AHRQBIIZZGCueeQCTj0wK8wm8E2ReO4WyQXMDs7mXaInOcHIXd8vqOAMjGNwNaFl4g1CRNkiyB0GJCGdgO3YkZyPlA/HnkdLHr6KqefbiVShG4o24En+IbRk98EnHtnNVg+A+GcFh6mFwuW4ehRq7xpU4U0nNJOTjBJa3au09WltY/VZeMfGdfE4ar/a1XloOMqaSjGCd4ttQjp72l3brr5fZ/wCzr+3L8ff2cPA8ng3wbqOmar4dnuTPBo2sW8dzFpshzuFpI25oUOQwUDqATn5a+tPCX/BV/wCJ+ha7aeJ/F3g7RvF+oQ2hg06J3Nt/Z8jAlzE8SksAeEyAQBtXgDP4/rrFrLLFGYlty7NtOcgLjO5hkggcDB4yec1qPqtvGiDNuXAby5TwORwfu4BwMjB5ODubmvw/in6IvhJxdjKmZZpk0ZV6spVHKF6bU5crdS0Grybd43T72v8AD+jYXxoo46hX/tzhDh/McRjKahi8a8NKhi8TzRhCc6lehKnVc5JJSk7NrR7Nr9ffAn/BUG88PfHfxD8b9Y+HOny6j4p8PW+imxtpCJNNFuD5Ui3DKXfcf9YrnkgEZwK+gNM/4KA/s5eJ/FXgv4meMrfxb4Q8U6HqOrXmpy6WiywXD37GRYIoyWURSNhXYL8pJUck1/P4niS2KP5rQphRl1YM+OxxnABxj1IznqBViLW7KeJNkvmEEnEnKseme+OAPQHPUV8Pj/oN+HmOlh6mDrY7A/VqUKNFwrSUvZQjGKpzjO/MtVfuml5P63/iK/AeaTpVMx4VngsXDKsPkscXleY4rD1FluGwzwlLCyhUlVpyp06NSVrwvzWlJ3Sb+hf2nviH4Y+PHxv8d/ELw9pA0rQNau44bMTZS9vUgJT7fcKCB510MvLjOGI+YHFfWX/BMn4ifCL4GfHXxFqfj7Uv7E0rxB4Ul0SDUrlDPbI9wEWWBo0V1xMoYbuMNnkc4/McXsUkrTK0YUAERgYVsfdBK9RxwBwOCGPRtjT9YlWYzR+SjQD5AADhjypHKnOMddv45r63iH6MWWZnwLiuCMLmWJp0a+CjhFibpVlGPKk7qPK3eMejVlt1P1nMfpEcK53wrU4IzHA47C5HWyijk8KuFrc+NoYajTp04SVapGXPUiqcdZxknbVO9j+s+Lx7+w98OvDWta0fFmi30XiTUI7vSrSS9lu5NNvDIXikS3Z28hmkIcjYqKABuwRXw7/wVG+N/g74g6N8CtK8C+KdL8X20MMl3qen6c8bx2kZERtkuSjMI3VAQfutkcqucV+Fr+LJGttt5I5ZXZwpGQ78g8EkAKCOPZSCRnNOy8W/Y5p8TO0dw2Q0oZjF0zsDZCkA9FIweBx0/mDJ/wBn9jOHs+wfED4jq46pgZT9jCvZpxnSdGN0lZOMZJt2a93ofM8CcQ+FfC/GWQ8a/wCsfFWbZjlGIxVWnRzOeFqUH9ZwUsDBLlpxlSdGEou8XHmlFOT3v/WL8F/iT8KG+HnwH0bUPF8Om2WneFnuru5stYS2+wajDEpW0vo0kUtErbkVZAeh4wOeN/4KB/tDfDyL9nu30vQvG2nW3ifWdR01PD19ZzwXty8Ntdgz3peNnkiVFZWbJVSRtJIBJ/mw0j4tSaNbz2kF9I1vNbSRsk7sViMgw3kAnC/eGAvB4PJryjWNem1VrZJfEN5cRxPL5cV1K8saROcskCuzLGG5VtvIGBjhq/JsX+z6zLLeNVxNhc0xNZRzDEY2eGUYzVWpVkp8nM0707ykmmpNqy6HsZPw34RQ44y/jOvxrmHNRzrEZ1LAToYZRq1sTXrYlQq1U7uClXjCopKXNCmopRcm3/Vz4Yh1rxufgb8M9TsNM+K/gnxdoFvr/izxXqOkW8llo8q2cYXy71UcRvuB2K77t4Y8nOfEP2bP2P8A4T+HP2wvi/fWrQ3Nt4T1BLvQ7bzI7m0t5pyZXURsXwVY7VBA2rkKegr8Svhz+2R8fPhhYLoPg/x5qNpocFvHDDp9w6zRpBECI4od5LIgJJKjAYbcFstjR+A/7afxc+G/xT8TeKm1Oa+u/Ft0k+uyXUrSLIGfrEpLYYJuwo4Hv1r4LOfojeMGQ5PxfhMtxns8JmOGlSwdLDzxVJ1HLEKtJSgnJUpypt03KLtLayV0fWZRwtm1HLuOsBw14iZNh8JxBkmIwWWYXC169B4nF18zWNni8TTcVRwteWElLBfuE4zi7ya6f2S+MPCWny+HrS2kt7MK88YnjlVHtwJT/wA8iNhATaMfdBH3gcivzb/4KDfAP4Hxfs4+P/F994S0Cy8V6JZQ3Ol6/a2lvZ6i97tJSFJo0VpFYgqELMOQMljx83+N/wDgqlp194C0W00mw1VdbS4s5NVd1BWSKF1FxtbJKhgmE2hQM45Oc/Dv7Yn7fWs/tEeA7T4f6Fo95oeg+dDdau9wxaW7mtgPLRAeSjMASASQSCVxgj4XwM+jP4qZTx9kGMqYTNcswlHNMNLHVp16sKUaVCVOeIco8y51UScVeMru+iu2flfh74XeJHDma5HmWNzn+zMvwOdVcXmcqWaRgp4XDVIVHz04VU68cXGLhCLjJSTbmlax+e+leNdF0+3tlkspXuUjjZ2S3DMzY3HJCk5+9k8egzuwJ9X+I0E2n3CW2m6gygOwUrtXkYIxxk87gOPboa5/RPLbaCiB8EAsAzcA8kY+U4Hy44JPJ4xXR3zWsdjNFug2qpYMWVecHP0HOR2J6jGDX/QZw3lcMFkuHh7W0o0oJqVl7yjFNv1tu9Wn5s+d8cONf7YzXHU4VqfsIuSgotLmSsuZy79dPPuedQePJ/MHlaBKd68lgUJKnbuwR27keuc4wBNJ4r8S6jFcQ22mqiyK4JkyxAAICjdwT1GAccYP3jt1dLuNFilDXd1ahANuJGXj5iSQcn73YkgkAZOQa2rnxf4IsIZSXVpQG+W1QMGIztBOCBngnv057D0o0qcozc6kVFbNXb2XVdNbW72XXT+QsfWg3JqV7tu92+ytptrs7d9nc8iHiPx9Cps1CW8SExxxBFGCDyyAnCnH4EAEEkg1PI3i69KpPeyLK5RmEYUOCcAHOQf4uAfm4wOCc3h490aQkW2m3d0+5nAdF3Bd7cBs5G7tx6HHOaim+ISJOyw+HZVYIvzSEqwzk8E8nqCBnoQBgAscJqnFJpytdK1ryWq6JPV2WrSatu76eS50oLmdrp3typvm93sna7Vtd9lsirqnhy+S3Ml5q95JllyBI4KsVPT5l4IIOOensRW58MPhPpPj34geEfDt3cXhGvavZabIqyOZmWadEd0YnKuFYk+xPOAxrHvte8TalHDJbaZFFGu4gSDLsueCQQfXnGeQAR3rW8Lav430LVdH8T6RcJYaxo13Fe2EkMQLxXELh0kAIAzuXIUnnGD8uRXPXanGpCKd3D3VJPk5tGuZvonrunpp1Of+0qdOvTkotqLi5RT3tKLb1WiTWqSaeumh+of7cf8AwTV+Dnwa8IWfi3R7DULm6ttDt3vVvJGdGeRIy9w284WVG42BsdQMEgV+QvhrwT4WgDp/ZdgtuYiEaRUWRN7jLNzuPGflx619R/Fn9on9ov412gtPiB431PU9P+yi3azVFtrMpGAo81Uch3UAElh1GR1wPka50K+tZXje9uZUIVWKO20AHI3DJ68DPHOQQRjPjYLLq9Ci/bezqzcpNzUFe2lo3emjbd1t8mdWZ5rSxNanVhS+yuaVviat1fb030Z6sNJ8GaKscPkaY8SyRNlQhIbBLkgZ5XPOM9+owK6j/hMvA9nDsQW529BaQAkBR3IRsY3HGCTuAxkkAeJXGmQmONVDBlVJC02cvgc/MTgYHQYUDAwASTUdlFGtwY/LVYhvw20fOxycE8gehI5yo3Ag5O1alOKtG29lyR6tpOzTduWy373T3PPlmnI7RhBXS1cbu6SS0WqS6vS99j1q6+Lug2UQbT7LULqQMq7iNgLHAHPy4CnoCBgexJHE6n8YvEdy0wsNDjXfAyrJLKSyq2cFgQF6YIyD3GccVky/ZmjkBWNUXacBVPPzdiCowV568etY39pWKQuZGQMrFQVwGwAQqjOOOnAJ/wAOH2Ekm51LRSbs9Vpyra3drezur9r8ks2xLb/fezhdtctrOKUV1utddXrveysYNl8VPiFE80dqbax+cl3EaurkOflIbIzgsOMHnP8AFz7L4c+KnxDuNKkt7/XporeWTCwRrHHGzlcsDtI2q3HbqDgcjHgrXkH2hyiL+/LkqR0BOQwBHGOACo65G7HA3RdrBbuHk4G1giswXPr8uORg4PUkDnnFfMZngqOLpulVldXcua+7tbVKSu7327N2Pf4Y4xrZJinVeIcnyu/vWVnZbN22aSSetloZ/wATvEmtz+HPEelyatLcQyaTfTSW08v7lWlBONu4ozADIHQEZ75r8/PhkLiHxvayJvYrp90S8RJBGCTkH0yAcE43HGep+q/ihfxLpmubLhg0mkyDBBZmBQDGeeMdO+cYwMGvjj4X6sln44tUiSeZhY3KMpYBc7XLZJB9gR6n5e9fB4zLFh6vs4SjKHKkuVLRrkSVl1XVp9tr6faR4tjmmJy+rVkp+zrqKlfa04JadbLez6nujeLdW8H6rYeIobSOL7LN9qt2ZEMkk8ExeOVV7uWHyZOeOTkYH21Zftc6Z4+m0/Wvjto1zrluNAfT/DC2DRQ3VpOIvLUlkwSH4JB4BPc5z+aXjPxWi3EMSQT3W150eKRXaKNy7HYmAE4B+Vl4HzHnJx5deeJr6aa0zNcxGAkwQvI3loUPGBuJViOO4HQV8nmPA+BzarHE1PaQr2S56c0m3aLTlZJKyleKabjJ3XU/aeDfpM5l4d5fmmQUcBgc4y3GynUWFx1GNRUcROFNOpTqSipR5oK0oJ8snFX95H6//Fn4h6lrH7MDeDfDF/OfCMmtE6Ho11JEstrJNI0spn+YNnc7KOOgPHHP5DzeHfErX9xKuiXk58zy5JI4mdWdfl+RkGCTtP3Sc7gQMdfq7VtfuZP2cdKm8xobw6kjSTh2ZiwcjvnkKVyTyRx1NfKeneLtftLS8kttT1EtDMHjdZH2qzHBbAGePlUd+OeDX1OE4U+qYWlToVpSbpqzmnJpJRV20tXZe9Z69LuyX8p8ScaZVm/EePzKvlccK8Zja+KlSwbUKUPazdRqCeiUeayXna+iPv79inQdUsdS8czajot/aQSaLbM7zRursVZsp5ZXcc4B5GBjnjGPhb4w6NrmsfETxXcLpN9NanWJliAtnLSILkqoQkcKq4JKnAxzzxX3d+w9451K/wBZ+Jl7falfalKnhJhE1zKxgil8tlEjLjG5c4JABwMYzkD4J8VfEzV7PxXrUj3t1JLFrF+qSpJ5kaKLxwY1TBBAAyC2WPQ+g9TLuDXh4PG1cTH2tdyjZRbSUWrWbt+N9GjXPeMMrr5bleCp4SqsJCo6iU6icnK6u5aWs03ptvpe7PQ/Edlb6frqrKptJ49I0UvbzJsbIs4mKYxkEfe3YwerHb0+9/2BNSgW7+M1vJcLHDdeC5sK75xtdtrNtbccHlc9AM9eT8D/ABL8ZW1/4sAurFLz7Rouh+bMw8mZpGsIWAAQbQuSMgYBH4Y+3f2BtMtr7Ufim5L6dHeeD57R8RiYwRSM4NwjE4Lx/MwGDg7R0INerhuHsRLGUbT5nzyaa0crKNm07p36tO1td7H2/h/xtldLPMFhqVGFNONWPM0tP3XWWiu27SfnolY8C+KukyS3GrpHEJD5z4mZztZD9wDLDIxlu2cAHOOPm+Xw/ch8TRbJGU+WOW+XBxgDjOR67R35IJ/Sv4W/D79lPxn40v8Awt8Yfjz428NmbV20ux1Kx0S2ubN5CzJCtwzN+7KzkKGDYCHJwMLX158Rv+CN/wAZn1PRbv8AZ9vtD+LXhjVLJb7TtSttVs11sWEsQeM39mZhDFI0ZUbVJYbxkfNX2WXcI5rUw061KlGUKVRKpGM4znBNpp8tnJq2t91Z6pWPoc04VrZzXeaUKmGlRlUk48leMoxXtL+9O3IppO7jKaa17M+fvi3NDD+yb8GbWQtJN/Y5jjZRwHEsYIK5x8rcew6Z5r5J0yw1O40ARqrvHHLFNISTtCn7gKgYGVOMFlOBg9937b/Er/gmt+094i+CHwq8A+HPBn9oeJ9Dju01+wubi1thpeZNxVp2kWN9h+YlGJ4Ixk1xfhv9gLwT8AfCw1X9rv4o+HvD2lXE2+58OeDtSj1jxPczQqxNi8cUjrbsxUxMzOoDE8jg19Dm2RVY4ihGEFNPDUoxklreKSkmrNtxb10SVt9Ln3eQ8MYvFV4r61Czwv1f2WHn7Ws3F8iSp0+eUr6NScVBL7WrPz0+Aui+JdW+IHhIaNoGpakLLxRpMzw6bZz3ZVIbuF5JZTCrmJAqsd5IAIHPev0//aU/Zu8afEb4l3fiPUPEPgv4YeGNQn05LfUvF2r28d5DKluu959PSX7UquoZk8yHkgjrRovxG+I3iHRdP+HH7CHwVOi+D7u9ZbzxfBYLqHjnUrC3kCNdXmqTRk2TzRhnEUU2VztXdgYxfE3/AAT/AP2rvjFr58Y69ImhaHp93Emuar8QddaJmmgQNMzQTTbmWMh2VEBXjAyMsfosk4PoYuqpYmTSUYr2bjaM3Jq15RUWoRSeybu11P0ChwPgsqxGHln6jFyinToVqkIV506k4pTcVJWtypxUFUb0Xk/pb9iv9jvxPD8SrS+8J+OfDHjrwtpWq2p1jXPDMBljkCEGaJpHXBjcqcRk7hjJXrX9bfhLQk0/wjY2kUX2OaHT1ijC4TakUY2sVX5cluc45+6B0r+ZT9nv4m/Cb9hjSU8KwfEp/HNxrCreanZ+HLP/AENdZXCNbxzKCGjhckAgncACRzgfrR8OP2zJPHHhVJfDega3qeqIFjng8iUNBazqdk0ikfJhO4PIB4HOPzrjfhqthsdOssPToUKacY30nJqz5l717PTkTXMttbNHmeK/APFXEWEyqOQYWlS4Zy32MaFaclR56lSMZVK1aNTksrqyaSs2rN30/Dv/AILS+FYo/jr4bvLu5D3GqaTBC7h9u2VLhFjbB4ZgSMEHPPcYFen/AAL+InxN8OaRofhy+/tDWfCvgzwVJrX2TVXkTSb22itFZYYWB4kQHKKvDYGcfdHmf/BVF/8AhN/jf8JRdJdw/bLWxSWzuci4M019ArALwSik7Qc9B8o4Ir9uPAv7DWnXfg7Tzqeu3EuleIPANnaSWvk+UlvNPYRmOHzkAfYrk7gB82MHqduPCXGGD4P+pTxipqFST5m/fcoqd+aVtU02tU3JdN7r8gzPL8NlVN0MyxVKlXdCjQU7KcZ1YRiptW2V7K6d/W7Pwv8AjT+214V8a/s+C2Gjy2k9l46u9Nj020iHkRusjCV1uWxIkchAUxqQFG0nG7BvfE/4g6B8Rf2Gfh0G8NWdlHqmrwae8xlEkqi1dt7K+SSjf3TtAOVA6V9a/tR/sFnQfhT8P/h78NPh1p+r69c+MtWXWXsi7XF4upSfu72WeRPLjZFAILNiPBPy848Q/a2/ZR1z9nz9k74R6BdWMujxaNeWdx4kEtwZxbardvIzJGyOwPJ2kg4XHQ8sfuOMPHOhnvDM+F8PjMPLCTxftqWGg9FVqS95pVNW5Ozd7XavufleL4XpSx39qQhhZy9+KqQs3VhCLuldfCk1q0uivsfhR8TPDFve/D7WdLtEhtre212KNGBARcvtUEdMHgcDPAHrXgni39jn4laR4es/F7+CNck8OTWkNwmsLFItrJ9pQPE8auFIiccb+AcYBKcn6b8XkJ4H8a5l3Nb6rHcxnZ02uWVuMcAhS2D69Rg1zdr8W/i38XfDfhjwjqfxU1q1sLWKLR9N0wO0FgIIGC20NyqMFlWMHILj5FOT82Mfi7xmJhTU6cqfsaalKqpv3nCOrULNRTik73XRPofO4nB4CpXVGtCU61SKhQtZe8pRutVZWbTatot9jxL9nv4cX0etzf2zYxWlkLsRGO9PluWQksyliMsB9TkYA7n9IPE+m6e3wB8IaXKjNbSa/rFqIolIdvMYogUZyDkr0HpwPlr7l+AX/BH3xV8Sfhno/jh/j14YS/1CFdQEZtS1vpjeWzqt9Ki4+8MsBkjpjgCvkP48eFNb+CWj6B4N1LXdO8T/APCNeOb+1i1vSlRrTUbqFw37mPIBiPCktjknCnGK+JpcW5fmuLrUcvrQq4ihGpNRjZSbptRfM0vhura3Wr6Hs4HJJZdFU8XTnSh7SKqpxtyxqJTSulaS5bWak976an55+JP2QfFaa7o+q3Ph/V9O0/VWN6Zb60dla1Q70aELG0qK0ZBDNjPXPOR+q/7An/BPL4O/HTWbPTviR4nk8G6Ys0l6t7JFDNc3txbsQ9nJLI2IYCifxMhG7pirerftFftBeM/C+l6jH8IbRvD2j6GNKm12CK0NxJaNGYEmWE/P5nljcGwuSRz3PA/s4al8ar7XNZj+FtxDZxSXDx3EWv3LKsc91I6yxxDJCtuZlOz5gAMg9K+NXiDxpTp4qjiI4fKlQxEYwqU6in7Shzw5rtq6543T5ebWzST0PuK3BnCmGVGrl0auOqYnDtyjUpKcqFWcFadKEtKkVO990nbRo+3PjL+xz8Bf2Xfi3qk/wT8c6R4uttc8K3w1Wztltmk0e4s0kfyGeAtl5iNx3HO5m4JIr8Ide/Z5+InxKuvFPiPwl4P1q/0my1u7m1W/skLW8Xm3DAKW+bLEEbQOSx4yTX7eaF8G/FvgvxXql38Ura3utV1nwtrV/Kml3Mt1HPI0EhEsjMCIyucIoI4wecZr2b4Gfs/6BL8GNO8V2fxD1Xw5pvinxG1vrGi6bE0y2zRXB8qe4VsZ2uBkHgqOQSc197n/ABxDKeHMrzWWKjWrYqhFVKvPzLminvJx+FaN33T11Z8RR4ThmeNxOBrUp06dConGPs1ByvGK1go+7dtXSikum9z+W7xF8GvFXhCZI9R0XWNKeWOR2GrxXFqdq5I2mVBncBuHXeMFSVwa8muLTUvKuYorIO5mVS8jBlkKEHgMDggjK9ewxX9Sn7UH7OHiPX9WW7TzviM8bw6dp+lrbQ2wurVohFBdiSIZEuMBiRtG055GV/GTxp8Mfh38N/EXinwz8TyuleMDJKuieH9JuPtLadM2WT+0WQkIyghSBuIKsDz1+b4d8XI5rUp4ajWjWrymoyhSbcuRyjFtxV1GN763tqrq1rPOvC+jgoKtzwhCCjJqpaLvKMWo3aSvK1kr72bW7Nb9sqxkk/ZM+BCfKsqaUp8tYzlZVizgABioBHHXHJXrz+EOtRXs10sghBCsu4RqrFmyVJ4yd5PBAAOTjnjP9OHxI0LwFrfwp+BWm+PrbV9V8DPb7dVTRE8zVZrGM7HSxG4Osp2lSeuST1yD+Vv7QOi/Avw34mvF+Afw28SeHdHs1uUvL/x+lxJPcSiUurW8c6vDHlR13AD+6MgV+rUuLI4TOqOWzc6dSvSjVc5ShGCUnF2fM78700V3a+q6/JcQ8G4rF5NTzilKn7DDc1CcLPnbg1FSSV+ZaJbrbufnXpmp3+kTpdtcS2c+0q8aKYWZV5VZGGDhuM5x0BGCOP0V/wCCeGs32s/H2zNzNHIq6BqhVVAJAaKTbkD+Ik5OACDk8Nmvz98RaPres6hPqKWpEUjmXKqBCVwAwVVyp6ADHGBuwOTX3X/wTN0q8i/aEgkdZAr6LqCKWBCZKEYUnGRjAAGQARjvX0eY42lVpTk6iknG9+bdRUbtrz8mtemp8Fk1CssdQo2bXPbSLV72u1HXW1nrvo97M+WP2i1QfFvx0J4trL4q1AAt02G5YNgdyeOgBHPOAa1vDEvw6GgyWyNHDqklrMshcn5pAhyQQODj7xZgrHnlsrXrP7TXwL8fXHxM8dapJpN4tld+I9QuLK4Fs7C5iNwxJR9pQAfxZycdMYzXhnhX4MeKr7UY7IxLbQOsiNd3IxGzgHMOUBO7OQQMk9MkZA+lybiXKoQpUY16EpOnCE1KUE4ySSaumrbu93p26LxM24ZzOpja8vqtbllVnKEpU2k02ravfTRNuyVnbW6+dNRsoZdWuRGSYBOyq6kFWw2cnPqCOfqdwPX9U/2FrYx/An47RsoH2i1uIB3+f7OSo68HHOcYwcHGK/OjX/AGvaJreoWf2G+nS3uPKlkgtpniQ7+qnAGxuzEg46cZNfqH+w3ok9r8FPjBb3CtGZnm2rINrh/s7jOCFwSSeByDnPzEVtm2ZYWvhVGnWo1JqrBzVOamoxU4NbO9rLS+t2uqucOQ5PjMLmM5YijKnFxqRXMnG7slpzJXvrrb8UfjjqsDQ6nqBUhQuoXSD5SG+Sd+QfvE4JwMDHB4AzTopBPj5iHB5AwcYz0PPUYzkgdsYFbHi/SL2DxBq8bJIqpqV6wxgKw89jx0GeoHTngcdOftBKkqja5Yqo3Z456E8hemDjI9MZxXsYWrGVGlbRShDVtu2kXfS1nd26J7aHh5lQf1molCWk5LWLaT5lppb5p6NbvdrqdDt2a7iiAYkSQsCTgKvmoM+mD83Xjk9OCP3n/aqSGf9nD4NK77o4fhdbRo8YGM+XjsclTj0IAxgkCvzJ/Y9/Z8X9oL4mT+Eb3U5tE0rTtHuNa1rWY0Z4rO2tUEgX5ejS4Cqc4ORz0r9aP2p/DNrpvwg+HHhXSQ2pR2Pgu40uwnJZhcx2zSxx3HP8TgZJxnDbemBXwXF+Z0Z4/AYVO06OJhObSuknGKUXfS+ivZtpNXa6fe8H5dVoYHMKsnaNfDShCNtdErXWtne60bV9bH8+N1ZwNcgxy5TIUxksDuGcZyQSADnBOMkjPNesfDvwhq19PLNBDKliyuGuCCY1ABJCgHDAjPOBtHtiqOlfDnXL3Wp9L1Kwu4ZHlklDmAjESu2NuRnBAwCSM7iQAMMPrnwb4Y1DSNF8mBPLt0hMcccrkO8jAKzOSeGbkY9DzjOT+l5fWhVpUqkfdUKaem6UUtZJpWT0el7t6dT8mzHlo4mpCScm5ybSTfJyySs7prrot29j5ztPDc1v4m063aGRwmp2TeaqlUJF0mRnAx8pwAMHJx14H7cfH3Tom1f4Xq77SPBukKM8tzawoBkZwTjGc+uDjNfBmh+AV1eTT3W3dp1v7QyLCAzcXCtucgAqOGUDAyCD6g/oz8fNPmh8T/AA7gaLyza+F9FhKy8tkQxKMjBwcnjOOnOc18PxTVp1MXQimnJNysneyly2T7209H5H2fBidWNdxjJK8NbPa6ur76R072STMX4m6dElppUM2R5XhFR86naA0W1TxwR35Jw2cDtXwhZaRp9pcNdPZ2rPHdFkbYQ5G48sD78jIwQRxwTX6IfFqwu559NhLrHH/wjttCdoPLPEAqnGfvHOSCMZPUEsPGtE/Zz8W6ndJNDpWozWksIlLw6dPLEVckqCVjZPmGCrDhuPevmvr+FwtOHt61Ok03/EqRg7Xi7tSau7pu626XZtxFleLxOOUcPQqVrwUfdg93KO+nbvbZ9rHgWv6vp8r2kLLBI8saLKGZlKqCrFM8cYOM5xheByDX15+xPBBqPjjxk2mIALPwpe5OPmVfIkGABkFFbIBI7DB6iuK1j9m/xVcgvZeBvE91c2CoZWXS73y9gb5Xz5XAwTjAwcEg5NfVP7HXwS8deBfEvjrUtd8J+INJ0+/8F6lJ/aN5pVxb2sCJBM20STRIHzkEkdDk44wfBz7ijJquAr0oZhhueUUowVem5Nvli0veu7vtvfRq5pw5wvm+Ex9CpVwVeFOMlKUpQna3KmnzfClfTyWzPy08a+FZbvxL4hv4o453ttZ1JGTJGS077QwJA3lsnI59Qa1fBfw08Tajfw301vDaCys57y7urhSLaOziiaTyxKQIzLIB0zuGegOa/Qv4PeFP2Z7HxR4hvPjxB4sv7Ke6v7jTrHwukbi6uHeRle6mLhokZ+OGOeT04r2D47/tPfs/6j+z3L8E/h18Kv8AhCWhuJ2fxnfWFs2rTacVZYzJfAGeR3GAylioDcg5Ir8TxvE1WjjcPgMNgK1eNSS9pXaiqUbygrOT15rS5lpypXV9j9Jo8P4rEVa01KybXu3V21bVN6XWrTbSfTXb+fD4seOorjX/AOxtPuJ7GwshM0sNkzqJ2JKsXdCC6uc45KlWxgnkeD2FxbTTXTtJPeWxuGdbb5maJ1BC72OcAnGT8ucnnOM+qeK/C2uaz4surrSI7eSyjgkgl+UbngiyqShTk7pF+YgAjOTznNdb8PP2dfGPiDwd4v8AE2mqLY6DmT7C0ZlmvxMvylNqnBKthRnGRkYHNfZ/V1UpQdOk03G7tF3kly8zTu9Nd9Fo9+vFWy+vR5lOE1yNx5nBpTS5UmrtRs7+W3Xd/HHinX2uGltVacvBLIHjJbCKT9yJjkhV4BIz6dDxwCzXEyyRAF2kYBTkkqW4CkkgLyMZxhhkkkZr0Pxn4e1Lw3d3ttrdu6XRJmYNGY5ovmbdHIjbcMCDvVypHOOpB8zjnj37Id4+2MMdSYiOQNo6nAzuAOMZGRxUUaHIlHlSk/icrp7pXlfpddL3fTc8GcZttSUrrSSkrNapNcuvppotPIeUvlKIMssb/vASNseOcuN2Rz0Azz06VUkkUyFnDH5sFlJ2qe2MZ4JOc9uT9K8mq/Ybua3l37jIA0ik/OuDjK84ZgORy2eO3GKt8WuJDIT5byYxnACggjaO+SBkYLc9sEj1qdODir2tdPdNaKKTbeze6v8AZ3JjFRUU3a9tWnZPRat63vfRq+jW1ma92JEMBkCtGdzbFJJUEnknueOQRk9vQ0ZruSIO8UzShlKgbhtXPQEcY9MH8D93HT6bYi+sbu6Kh0hAUBwzZJHCrtBwMdWGMkcmq0Nlo92k9nFCbe6wFZnyVZl5JX5cHgkqxyMnJHTCi6UpNNxlJO19dL3aT89LXsrvRrS5v7FSinKyvs23tZWV1vftpbS3RlCxEs3lybWMKFWkAOTl+oLZywzz7jpjBrVENwlyzqxW2Uqz4bbgejAZBOecDHTk9qmi26fBawjYjs/zEhjuUEKWYFcZIOV5I4PNb9hpVrqNw+NQSG0JR7mVjkru5KqrcEAggtnGOhwTXLXcKcW0ouKtr2a5bNpN30WkdOqWjd4VKzi4u17O2isrJttavpqrej1KFqbqe4E8zAWqSf644yikkfJ1OMDGQOcKcnjPQumkwHzVaW4d9jEIWBhyeHI+XBcYPJJHbmotR02zsFtbawufO+0v89wzZjGSAhCnJXHXrncemMCprS1/s+8aa5lSVYwjPvVRDOV5Csc5J5wFyeAM9TXiV5e1tKClKN9lpZ7d09Eltay30LVNrd6ryUnr2u9ZNb8yatqn2z7hIUuYbicyQWkh8xQVySCePnODwOx4BPANX4H0l3YwSq3mZKmRmVFI7p3ydvI4zzk54qh4n1iGVMRxxsZioEcZHlwoOSVbnBbkNjnqcGuGtLiaW9WIKptwyEEEGOPHJG3OckEZznrg5PBungpTpc9RNWSaet/su177JXfr3sZTbTtdbpa3T1UbvpZNX0V/vR3l1NazCWIu6+WpMRP3WbjLFs5AGQFYDOR8uDjHMyazc20jx2wdCke1pQ23KtkFmXjr0HPQZ9xvvqEEzGEwQqY/nLhSA+OgK8LtbOecndjjmuR1w2xm8yzZVlmG2Zd7bEPAAGSAe2OmRxnGa68LRjpF2W0brVqyilo1vr5a3uEdEvPtprGy2fqtE1dNrbRbtpqcksSh5FEiEN5jSZ3BiDhATggZJx255xTXkhN4wLEhmDEkligByxAxgZGcLnjpxjnlbdp508kIIzb7WaU7gG5wVJA7HjjJBHGBnM8t1dJ5iqyjYgbzBjzCQOEbgEkEcBug4wRkDqWGXMuRJtNbq99LNXvb8k+jE+Z6X0suj7Lz722sm7PzOukv4rSVWSSJlZgUBGShAHJwMg9/focnJrUh8SvBMHkvVlgmBVoo1XC54yQQCGCkAA8E+uBjxyS/uSxaR1ZpGAwwxsywBIGCAOTzgnPXnJqRJSjtumIIyyjkbyDjb16HrnknnnpVwwd2pLmve/a1tU9Vro3bXbyKhVqQlF3u7xel+j0utndaNO3Vas+irT4natoEssWjavcafaX8K2d+kJMYu7dhzFKBjIIx1U8kk9xWlb+MrURjdB5qCQlJCdq7RgtkZ68Z3HvkAnmvmYTXU8xyzu5AbysZCLjhlzgZHXcMnHbmu38OaPqGtTRab5ro74ypbdsjJwWc88gHO0LnOeBmvUoY7EYWmoqs3CCtaV2ktNrt8vlbbtszqw+JdOo5ciakkpbX2Vu+3+fZpewXXjaNeYrcGPdu2MwJPX7uDz0HAHHGemDQfxyzxqRbxBdxxk4JwTgg/Won+E1/BA8rTXE9vGVCtEpwzEjOGJOAvIbBPI55GKsr8LrSW3QG8nikYb3UkZVQOCcsD0GCcE5Bxwxqo51zpuVS7TV0o6XfKrrR8vZWut9FrbteOSfvLlvra2v2dG2tE326a7WvlXHjqRssIoAu05LOWI/hBGMkjnPXGeOpxWLdeN7kxiIJFlizZByQACDy2STz064JHTkbOq/DLRo4CsWtTrO4URqwLDccHDclsZOS2Bn5qzdH+E891fRteX+7TYCrmaNfndo25iZcE4JwCCORzycVVbiChhaEqtauoxpw5veVnLRX6r3layS0ta9rq3M8d8Si42V2tVsrarRq/m3vro7p8ZqWr6xqCN5NnLKHjOJkhZkAGflU42hueuflJHGODhzXvjLQdPF40V1a2smUjEsTMgLE5KkDjPBycEdBwOPqya7s9JtIbOw02LyQxhLSwBUG3BaVcgkkkAncOCeD1Is3D2k8AttQitbq2ceakUiq3Lr91YyoAweAcZJ5IA4r4mvx5Vq1YSeC56DkmpOS53F2d7ar4Vfdauyep59TGTu5JO14pu3dJ729VdPfXTp8JXHifV7uY+beTZMm9gjBWGARkrjgkZOSvbPI65V7qNxdnfNcSzkABWZujDcMEZOOTknpx6nj6z1L4ZeEL9rq5ispLW4nctgHgRn5mKrjaFOcjsRgAZwK8C8QfDjVtMvJG0+3NzZO7iHB3kLyMtyc4xnI59hkAfR5ZxHlmYvlhL2VRpXjVXK07x01snf1/m8r5qpOp9qTb1s1e6unp5q6vayV+m5z3hWRh4i0Rj8xOp2mQDk48xcrg4znBUkdQwIBHFfqHr8cV54bllQ7PKlttiEEKT5K7ucc84xxkkcnqK/L7w5ZXFp4i0priGaHZqlsrF1KqWEnAyBgAYPOOOc9q/Tq7la58JTRjaFE8ILlipA8tOMjtg/8CycDOK+yy2VOdW8WpRUbuStq3y66N2d36W0KrwTwk4ylbXW730itEm/XW3le7PIbqNPLaR9odWIA7lMc9cc4PThT8w9K+dfGq7L1pNgVGGBtxnBJHQEc84A7nHQZr6PuIQ7kO7BAhUKSxycHnI6g9sjqBk5rwD4gWMiTxHnad3IwSVJY4JzyOeOuRnPWvQrpKMn13e17Jxu3a+yf36vsvIwujVtLOytqk1a3ayuk3vrdaX0+ifgL+0ZP4L07/hCfG+i2njf4dXitHNpeowxzXGn+eNrzWU0il4ygJZQpCDgDHWvffFH7L3hj4heHn8c/s4a/b64JEe61DwFeXUS6tZBsO8dlGX3yBBkLlf8Ad3gmvza0O2lleJEwSBlskgEdDgHjdwOeM/gK918E69408DanZ694XvtR0a9tpUeOW2kdEkVTwJIwQp3EYKMPmGMKc4ryZ4at8WFkouVnytK0no+yfzVtT6Chj6T5KOPSnSTUYz0U4p21Tt0te1rX66K3W+D/ABLqnw91m88PeJPD4ZpYprK90XWbVoZrWUgxlo/OT5cYHzpkHrt4avb7i7+B7+ELgweEbiPxO8QiuJ5GDxRyufvQ53KFI4BHI69OnpmkfGL4T/tA2cPhP9obR4vDHilfLi0n4m6LbRQTRTgBIm1ZY8LcRk4Zy5YYJIyTmua+I/7MfxJ+FNuddtUtPHvw31KLfpfi7QCNSs7i3YZiN3Fbl5baZY8b1ZUAYdQAceXKooVeTGSlhqrkr2naM7cusXfZvTZNXS6JP7HC1Mw+qN5XCOZ4RQceXkU6tFSjq3y+9Gz6rRXsnpY/PvxKls19ey2kDR2rTmNInZmI8vqSRnAznvkDjrzXK3EILK/BAjJYEH2HPzdeVHGOnTAr3bXfBUOoQtPpDuLm4mDSW7ghhJldyqD0bOdoYgA4ByQRXDa14S1zw9Js1vTLuwEgQwm7tnjSdWwQVbbg5BDAA9CD1O2vosPWou0VOLckk2mlraLtpd30V3a99Ho7HwuPwuOTq1KmHlDrL3Pdjqna/TVxdr3bVtDqvgcfL8UX5RWKjTG+XPJDErgYUZIPAOD3z1Ncn4jtkHiPVg6Mka3sxZJOoYsWHIIJ5xjIHI9ga734K6roth48sxqEgt7G4jW3lypB4IwB0HX5Sff2qD4zW+g2nxB1aLw7dNLp10yTCR8EpI6b2U4LAENnBBUAE5zziI1lDFey5brlu5JNJq6Xzvdeel9LWPMhCbp87vdcqS03VrvTWybWmzdtNWeVz6bNDFJIwdI2UMhC4wpPDYXIwD079MH1pkPE1shQqzsVyxwctxn7wOMEYU9Rg5JU1oRajdLFcLNKjRwoFVXYEHBHI3DJ685GPcjNQDUYbv7KgjjM6OwJ+8u1SMAYHGCvRcYwTnrXZVnTcHyWva2lujjp1vv28721fNGpWjWinF8t0trac0fu+b1baTse6fDvT4P7OEkitIfPYY52gDK5I9Ocd89D6j0+TTY7dQfILxOST8gUKGycDg4HoFX1xnHPF/DKdBpaCYKyvPK3PG0AZxgcheAQMFfYkkD2RLyFkcEDy9mFIBYknJXGemOny4UnjOOa4afs3B3Sbb+0ul43vbW/ZWdr67a3Wc414zjLll7tmrpr4W731SXTs2tFY+fdT+KHif4a+LoZvCev6x4eeNIpna1upUhflQA8IZUdTjaVIAC5Hpj6v8Bft6XWqCLSfjF4H8P/ABK0iMLCbu6soF1Ly9qjcJdpIcruJO7JJPzYzXwf8YpAvjOOVgHh+yKSjAFmXkhcYAIzg9B2wOgGD4Y1XwzdieOeKSzuZNse6M8YU8MrDkHuegGSOlcGIwFGaUlDllzPllB2lqo2fPG2lrKzet3ax9VlXEWaYNwp+3delaPNTr/vIyimly+89ObTZrtpe5+1vgvVv2PPihqcd54O8RXfwg8VGNltrLUjHLp63MinEatKdsUIfjAOMBVNO+MHwa+JXh7/AIROfR49L8f2LC7uDqXhuS2uPtMMvzpJJDC7MkiqCcBAwOeBkE/jPLZW730b6bquCjBUL/JJKckfe3DvnHJ6A5OBj3P4bfE/40+EdRuJ/DnjPUYJNHSM2sb3kk9sYyCCixSs8eMALgDkEKe2PPll2Nhd4bESmo3vCreS0abXMrNbebslfy+5rcQZDjMuqxx+WxoVeVfv8K1G+13KLtra6e+jsz6Hvrmx09nsfEmhXGjX8srK4vrCaJS24hlJkiA+XHLLkZIAJK4rPuPDXhXVFh+zRQTFx0hcRnJx93fjhhwcdD0r0LRv2z9buLNNL+Mfwz0LxvA4+bVDY26XyLkhjEVQAMQC4O4ENkYPUdBZ6h+yh8UrmFtO13V/hbrU+NsN4SbWOZuQg3Hy41VjtbsAML7c0sTjMOpKthqiaSTnTTmt43btaSWt7221XU+HjgcBinzYHMKTvJWp1Xyz05dH59PO+r2t80+MPA+l6LoBubdikces2pMLMMyCQnKgZBYoeTx7nkDHhlzZot5cEK0R8wna4OMHBX+IsvQjGVxgkV94+Pv2YfiBeeGJ7jwJ4j0H4haSuqQXUT6ffwtqPlRklS6+YdhZTngZONu1Tmvi7xX4Q8V+F9Tkg8S6LqWlTrJgrPBKEGADnzceWVIycggYIPFVl2JoVJ1uaa5u0t1e1m09fT1a1O9YTE4WjFThKVk26kLzja8eXVXSt6NN231MRo3ADR4DxsudjmNlI6bWUjHILDqP9kdK9B8N/GH4keB5RL4b8X63p7KMqhu5ZoMRjgGJpNrDtjBBJPGV2jzMM+8YDMC4BUnI9V789ec8k/rYMySkROASCSRjIIKnA6Dbj8OeCemfVlhsNVpPnpwqRTV04p7teaWr3ts9FdGeFx1XDVW6dSdNpq7i30UbLz6XT1u1p3+yPh3/AMFI/i1o6Wsfiq10/wAUWdreNA85X7LesqHk7owuc9OeoO0gAGvt7wf/AMFEvhb4mmtbTxLFc+F76QqJ2uY1eCNpMqrRyKGJG4buWUcHOeo/nxa3mnmu/LYokd7cEKMqVO7jAVl56HnqMEHiuisILie8tIh87M3715WJRcgjBHOB1IxzyQeTXBU4VyrGUrQoexk3GTlC8U20tNmnd3urJ7W7P6fAcV4+nUjS53XjdWVRXtdx0vdvTsmmrpvZn9VPhz44eAvE9rGvh/xnoWpwXCg/Z5ryKFjGThgYXbaGbgbcKDjgdas+KvDPwl8VwxDxD4X026hudggv7NIYW3YBZ2mtMsSM4ySoOM5B+av5erO78S6ReXEtnezWyxYVJrWYoWVDkISjfJtI4IJB4PGMn1Xw5+0l8W/CKxOvirUGgsXVobO8mkuIHVWUlTvY/KcDH97J44Jr5zEcIYqhU/2HEPlTuozVtlF25rtK7Wlklq+u3tYjimi42xeDjbrLlsteXSzu12627XZ++4/Zy8M2spvvhz8RfEngy6IEsVtbX0l1YAgbo1MEkgJTcoDgjpkY5Vqh1C3/AGlvDcJt9Ss/CXxl8PQFo9lxaw22peQQN3mAoRI3lkjkHceeBivzQ+H/APwUG1RPKfxboLzKyoHvtKlMUiqGAaQxrsGDwAMj5ssM4zX2x4A/bi+HPiN4LZdeexncqsdtqRFvcKxG3Pmj5HOTnDMAwJ3YNeTiMNn2AknOl7WmmvgTbaSTvfdXsne9+6V9NKdbJcZSjOM40pWTcZPq1F63tddGrO76vU5bxdon7O/jGeeH4m/CrxV8L9WdWMmp6fpskemJKchmV7WIoyhju3NgAYJIGWr5i+Kn7CPhjx3BoN98F/jFo2spDcif+ydfvYbe6QbtyxwQvIsoJPyjcq5K9d3T9bNO+KnhHxRpYt9SvtF1mGb5Qt7BBcrGHDHDGJXXa4Y5cnHJzkmuJ8T/AAg+DPjLX9Njbwjb6TcS2w8vWvCl++nNHcMNwkkSFkBYEKyr1JO0Z53a4fP5YaSjiKcoNJRSmua13FPfsrvfqrbo56+RYPEwVWjKlU5rW5Ur6qKWtl0d12T7H5tw/DT9p34WWf2W78Iy+JNGtYYoYrixhS9hSKNRkB4yzldqnJ5O3oVNVtO+LLaZe3EHiXw/c6BKy+XPHd2d5BGrYKkxu8K4JJx14IGBX6ZR/s+eP/DkjH4Y/G/U4ViwRpPih2vYMNkrCRNvZkbIUHB4HJHCnmfEVj8Y9Njlt/iV8HfCHxM09E23Gq6Hbwfb5IxxkQFFJfZ82OTu4AHJrZ4zLsdK9SEOaT6NR1dteur00233Z4WJ4V5VenGUEnvFtrZPXTS+n3NrVXPj7QfHXgfXZYUg1+CBljYGO5BUNJnlFkIUY4brn5VDHPNenfEbT/C9/wDBnxjNpcFgdQtvDdw8l3aXUbhnXA3FQ2c4O1sfLzjOaxPEPhD9lXxDdNFrWi+LPhBrrM2VvbS6SySVztJVdog2ZJOQxxwMdcZl9+yzJqPh7Vm+GPxW0bxNplxYTRpay6kttLKjLzFcW0chZ+NoBKk5GDnmvOrZHga2JoVqNWVOVGUKnI1aL1g7X1Wq2e9t9zzFk2IwcdI88bu91Z2fK+qdnbfXyb2Z1H/BLPxFHoPwq8bSJebJF8Y2VwlqzFVnZEkK4AOCCRjHqeOOnLfFdNT8eap8VdWktwIpPFVzcMjFgAUkJI2oOu3AAPQ9cnFeOfC8/HP9mzw7rHh+3+Hq6zol7qS3txe2UonuIpFypeJUJkI2MzIQoPGSOajs/jlpFtqd9b6xba14dbVb172+i1e1mWCSSUkyb2kVc89GB6DNfP1eF8Rh+IMfnVOnzRxUYcqVne3Jul5razve+5yVnVcFRamoxi7NapPa+is0k9du+23gOu6RdNdXS2sZiG6Ph1YNsAAIBIBxxg4JI5HqW5W4vNWs45JLWaS1yvkb7V3jcOpI3qyMCGyMHp1ycGv0A8My/Czx1FNi80i6l3ALNbTQRssfILFHYM3XO0dc/wARwa6q8/Zg8N6xp5u9B121milLsIWRNrNg8FhwOWwPxYYr0K2c08JDkx2GnRVvicbqy5VdtXur7re1r9yMBl2KrOUqNVe6tYqaveyvpdNpem9tdj4C8PfFH4h2zWGnyeL/ABPLZyuLL7NLqNxJbG1J/eQrHI21Qx7gEY6Ec4+B/HGt6qPiL44MGo6jABrNzthS6mQRbthPygnJOS3OCTnuSR+yGs/s3+LPC0Y1I6TBd2OnzC7kntiG2RFsJnlgCdvPQHK4I5J/G34kxrH8TfHu1djNrtyNh4MZIQBe+OQc9OT7nHucFYzAZnmFb6rKFRQpQ9ooLVNuyT7XtbX1vuTnVPGYXA/v3OL51FczalJKMUm166dVbbUxF8a+LbcxNaeJdbiYAEqt5L0A6/eA5A9uxx3rpNG+L/xOtLmE2vi7VxtcKQ8rOg5OAQzHd07DIPGeM1xTW7q6kLkbeSx4HQAEHIGe+Bxhjnri3pcAFzCTsCNMuWABOQwPpuwPf7wJJzjNfqWJw1JUZaRTUe11dKOq+7W2mml0rv47BYyu6lnUduZd9dUrrV/zO/rta59daD8b/ipBFGh8SSSM65lM9vG5fOMcuuByDxx9M8D0Cz+OfxCwFfULGR9yHJsIgzA5+YnAzzgkkjOPU8+H6fAv2VJPlXG0AMAMqBztwM4/i57cDB4rdtF3tkHaQ4C4GSQDnnA4YZHQYJ+mK/OsTiJQdSMZv4m7J2Wtna1utnfXvbU+opVZqzVRqLslzbLolr0faS1bWp9Z+EviH8QPEvhvxh4ilvNPMnhSynvI7dbKFEuDDCXRZNoGclfU4BxtBxXy38I/2u/H3xA8eWfhS90Tw9a3NzNdJHqOw/I0UjhUkUqcZHYdCABg19T/AAWt42+GHxlDqpdtJnRTtwQJYGXocZGcjI4z6dK/K/8AZzspB8Z7PyiuYNWvSSw42+ewBHcDPc4GegwPm8fB1oVsPnNSrGM5UIe4nHZxipPTzstPTzPZeKxMZ4GCnLlquKk/WUb9tl0Vvnex+1Wm+MPjTpYAsIfDd3Ev3Ct9MjHnGVUDAI47dM9AK2734lfHS7uvD8Mvg7TtQng1JJrAxX+8G6ABGQx+YOegPygfeOMku0+J4bcTXFrFIxwy87MKTx04bOP4eT6DgnL1PXXsdc8LyW4nt2bWYvL2ucEEgEqCcFcqMDOQeq84P5Ji+I41Y16NbBYaaane9O3NFJWTtFbxumua9ux97h8JUg6c1XqpXg0nKWjfKr9PPR6pPrfX3vTvjN8ebNJYtX+E91cyJK3mJp+pywLlT0VUfAPUkYxkrgEtXSxftmeM/C81hpOo/DDxXpdzfyx29kHuZ5vOupHWNIotpLyHeVXC5ZiCOOK0LPxJextJHLPcSSMQ+PN2n5sfNlc5HOepyc9RyPkf47/EbxJoPjzwxd2Woys+nL9s0+N1SUWt3E4eGTa3BaNgGboTjjIB2/CZfPI8/wAVPBVOGsulNRqtzXNHmlFKy6tKTerW3zaPoqiq4CnHEf2hXUXyxezSb7O10n1tfezXf9ZvBP7W/wC0JpQe28R/sz/EG90eGOOeXUl0u+lCWzqGSZ1MGNrRkFfNAUg9O5+a/wBrrVvCHxx0ixkuPDWrfCzxAZvMifXvCMumXGpQACW4d7pbRFmiRQxVyzEkDAGCa8osf+Cqv7Z+laZeQnxlpslpe6Tb6TOtzpNk3m2duBDEWJQ5IRVG/JO4H+7msfXv20fj5+06ngXwt42TRtRtPB2pSTWktlptrDd31rFCTJb6hMkSvJbug2mNicgYYenzGWcE5ngOIKmcVMky3K8FQm5Qq4LMq7m6cHqqlGpQlGSnDXlTVpXV+p7r4nw1fL/qCx+Jr1Ki5bVaSil8LaU4NO0W3Zu9+tkjjfCUXhnwR4JvdF0DWtO1rU9YvFkS/W5FhJNDbcNBILh4xtDjIIBBUnHzE59E8L/ESCw8Q2Gp6npF7dWU9mLHUW01lukk8qPy40QWxcuAcEswJIGT6mr8cl8C/Fi3+F7Q+CtN8KS6VY6nZ63NpEIs11G8WfZA6rCFxIHAySADk5YnLV8nXfhE+HLu6tdI13xJpdzaNIYzbahKIkLMwjbytw7cnAyeCep2/rOXYfh/PsJVozhWwzxLlKrO0XzOLjBtOPSWrtbXskfmWZTxGW4qNfmVWVOacFo+V3jPa725ndc1mu9jp/FXirw94e/a707xbqGh3HinR20+ze48OXMEg+0WTxbTFt2ZzEpO5SD0PByK/aPwzrf/AASP8e6Fotn8WvC+qeCdQu4YFYyQXkEVlfXMamfZPFHgQrKwAXeO+etfhh8EtT0/Xv2n/D3gn4r69eXnhy40l0m1iCCJdXilKM0P+kcOxD/KTuPBOAMjH3H43+Avwg8R63Bo+hfFnXrSwt71gI9YsbedQxIZRGxYtIMLjOcgHPufB46yXh/D1cowGIzvOcrrYbLqccJVyypXhCVHaMqsKbcW04yfvJPSz0ue3lOLx2Kw9bFUsDhMRGddc8K6jdS9zmUW5KyfRJuzurb3/WvWv+CQP7GPxR8E2viz4Ia1qy2l/bS3Oh6xFFcXuj3UjIzwxXL7HZCQQDtOQSM8jj8pvFP7BV58OPEGseHtb8Ka5HLa3Eq2+rQaLfNplzDGSFmjmEGwo4wRyTxgqcDF65/bK/aX/YBOiaR8PPi5N4p+H+ohn0rQbjS4riyiltiFYGGfiPeP7g9eG6V9b/Dr/g4U1y70u0g+Mfwn8P8AiI4CNcjT4HhkQAB/OtzCQhcg7hHkH0IJA/PlkvibgMJLF5RnlbiTKa8WsLOVSKrxpppXfM4zUlqpxvJXWiRdXMsrpYt0sdgsNhKsZKUkmotKSi2tHqr7X/yPD/gz+y94Eu7t7DWohLOpXyZLq0lt7WJOpWRGQB5Gzgc4IAJG4EG3+1X+yR4c8NfBDxr4z8PaXHGdPe2jtNRgn2RxTSMqEFCy/Ixb72CU5wORj9IfAH/BZL9iTx40f/CV/Cvwp4UY7ftDQaKYgzkZ2horfIJP8WQO244xXzV+0l+3P+zL8d7XX/h74Q8U6d4J8C6qfKvrfUNIYCaeMho5bJ/LAEcbLwSV4YBj2PyWSYTj58VYPF5rLG4fC0cbTq4inOMuXkg4uUXFWi1JbxTbd9FoezmOeZZ/ZNSjhIUqkp0pRg4yipczikk2rysnotnpbZK/4TfEP4E/HTwb4O8O+JH1HXPEegXGmWc1rBYwahew2TXybkjhjKGNlRQQ0kQK+hwM14np2hfEOQOt/p+sRSEZiuLuK4tvKBB+XEyqMEdSOBgiv2wl+IvjTUNC0zw94D+Ofw313w7odlBaaPpV8lrbztbQriCOVTGpXYMKQ3PT0xXm134p+NmHGqeBvAXjJI3k3XFl/ZjoyhsLtQlWAJ7H1GeOn9P4bP8ABUcDL6xh8G8U5z5FKHsOZNppyU4LWzu2raO7sfh2Jq5w8d7lCvLDJJNqcpK6eqtG7cUkrXej1vY8x/4J8/B74ueK/iHBdrr9zoWmWM6TJfSyt5NyNxxCBGdxDBQFZvu5bp1ql/wVf0LVJv2qv2afB2v393ef2k+naW+oopJ8m5u1hYwg8nyg27PI7A5XnurD4vfFbwje79L+GmqeHZlDvI/hi4WONOMsTFAwjbHG1QeNxOD0r4l/ak+PWs+Ofjv+ztrni+213RtZ8MeIIJIdQ8SRDy5ILa4jeKMhiSIQ6fM3owGARgflOX8JZvjPEmrxhRq5ZKjSyXMsPh8PhpQeIp1amDmqDTi3Ka9o4OT0duh+lYPjGhLhulkGIweNo2xeHqVKtTmdKUI1afOtXaN46JXuutrWP0s+If8AwSg+I3heA+Lvglqy+J/tFtBqEmmXx+y6nE/2ZLiSS2dNp37iQgH3goHcV5/8Bf2e/wBq3436xr3w8026tf8AhMNCtpVvNE8QTrbXttZ27PE0SidkaZnCHG1WGCpycmv0P0f/AIKI+NoYdF1WzsdCure0t7WyvbPTrG7vZxbxwJGLpljgdCkiKWUg5+9kg4x1OkfE/wAA+Mvid4Z+Oml/EKDwB4t0p3v5ZLPRprS31WTADaPq0YiRpyxBRtysy9QDgEfjeIz7xEoyxmH4hyfD16uGVT6jmMcPGrVhOL54RqqEVzRmkoqWkoSs3fW36J9U4brU6c8tzB0VU5I1MO63s1K9veSu5SUZb76WfU/Ljxb/AMElP21dD1G/1aT4U6prJlkkmjm0m7tWEcnOHQCXcuTggYB5GTXpP7Ov7Pf7Wvwq8Sw2fjv4YfESPQSPIu4ZLW4nijhLniOSNZNhxn5lyMnjC5x+yniD/gsTH8PfEs2gapoej+MLGKSCJtY0VbyG3kuZAN0TF4UjSclsbXK4IwMrX3D8Jv8Agpl+zV49sdOXxf4v0zwHrt8sTf2JrqRLt3Bduy4KFGD5J3FyNvPXIrxsx4m4+zvL1l+Y5HSr4GtRcFjFgKrVJNRUZKUKknTkraPlW1mjsypYXIcVDG4ZqtVhOPNTpYxJSTl1jKLlJ6ba+mun5V/ssfBTxD4d+OviHxld+Ftd0TT9S06SOB9StZ7ZImm+QqxljUvIwyTnqSSfmNe1fti6G0Fv4NnRRuge8hZhxl2gJwAOQTx/CNxPBxuz+3Oi/En4E+M4I5dP8W/D7WYpgrxvFrGkpI2RlTtM+5Sc8D5eM5HY+E/tQ/s/fDv4kfDnW9W8Pajp0GvaHFLrVi0Oo201s0cERNxGNkpw7RJtUAFdzDvxXwWG4c4hy/ifD53WxGHrYaOHjQq0oqcKtOjTppRbhNtt23S1bWi2Pcz/AImwed4GpgKmXYjC4ipOnyTlapTcueMtWkpJScdJctvPt/LZ4pshBc+H3kG5/tsmcjkMrkc9QDnOML0x6gna8U6lLp2g6sLJ3W/m06RLBkbbL9reMrEY/mA3biMDIxnpnFa3xI0y5tltZ2gYJaapOgIBbKJMyiQY3ccYyOfU8mvlL4n/ABA1Q+INP8PWGn3086zW85ngikwiblALBUIMack5GVC4Jzmv07LcrxGfVML9WpOUMPz1mqlOap+5yzaldPSVmmtd99WfkmZYijlKl7aTg5OEFq9JNRjbTZO190++jR8fftAfDv4xeCPgn4u8S/EtJ7TRvEe5dO+2zu08s00xMbSqGIZWQhlDEDbjnrXk37Evwc+M3xR8F6vb/CjVbiyTTNVjW+ht9Vm09rq4lQNCqLHIiu6r0Zst3HBzX2V+3IvxK8Rfs8SW1xrtpr2h6Vb2t3qUKfvJbTfMq20IVwX3qDhigO0jkAHFecf8E3PEHxK+H/w98Q6l4D8O/wDCQX2o6/GJdPlABgkS22pLuUGVWXoMDqD3GK/orLcwz/F+Eea4rAYDLJ51TzCNGhhsXSUcC6dKVKCnVhUsrcibUu+ttT5fB08sjxJhFiMRiFhJUW6lWE2qt5xUkoyTa+LTda767dn468Efti/s96VB4o8W+LdfsNDGoRWEkq+JLqVYJnPywyKZyQWXn7uMZIxk1+/37Dmr+L/FXwS8Paz4y1WbWdTu1kmS8ldpXeDcvkCSQsTJlDjccn0PGT/OJ+1J+0N8YviLocvgz4r6VcaHNa+KXc6ZaiWJ4wrFIZb4kDzF8v8A1ZySBgZBGB+zP7E/7VGiaLb/AA9+Ctxp0YtW8OaVFba8jO0MlxOsYKSqVyXVsh+pBxjHyiv5i8auEuIs98OcuxFbI8np59DGVcVmNTKMPShTp4GhTbjyVVrJNzXtLSaunZtbfp3DOe5NlvEM6Kx+IWBqxpU8K8XOTnPEVHFOPLtZdG1bpe2h+yVgvkP9pkKxxxIBI7cBFKjcxYggcL13c561v+G/HXhTxLPd2OieINL1O6sJPLvbe0vYZZ7Z4ztKyIrmTO44IIyMEk5r458dftOeCdPuPHfgq0Ny3iDw/YXUEzfIIXaW1kCzKAc7IyQ+eTwCxzgn+azwH8UPjD8Pf2ivFHjrwZ4zmuNK8PalJrOr6fHqcqQalBcXIlltZ7YyCKXAHlgbSMDH3s4/mbgb6Pmc8e5Rn2Z1a7yueBw0a+B9vSk6WKqu03Tc004KUUkpavVNpq7P12nxDh54+ngMLJVa00pOMZJNO6um3bpfS3a19T+yXxPYm6g2cAsxYEYxtXtkYHKgMPQ9jkivjH4u2QijfaAyhsqowMEAjjkdBx6YPOe30F8NfiXH8Tvhr4L8ayRfYLnxHoVrqM+n+ZuaBpogWwVxkFgxA6YOduRXiHxcVXjDANlpJGAIIJz0Y5GAc556Yz02nPwvCGXY/J85nlmMg4VcJjJUpuzavTlGDs0kmrpO/ZKxy8S8lXC1G+XmUWnG6TWiXLpZ3bvfS+mx8beEkP8AwmMTNnbHNISw6ZyMnPIzjODknGOOcj9OfhozT+GFC/MIJZVIHJxgfQ9wByOehr85vC0UI8RTOFVNsjAN0Y4bgcDnno2OQMZ4xX6CfB3W9Ll0y50x7lUu2uH2Qk5ZgAAQo4znjqBnB4zxX3fiV7XE4Wg6cXKNH2LbinZK6Wtlommuu58rwS6dHEV1KycuZ6vqrOz1W/R32S3ufy8/8F9w0PxU+E7kkebpdyVJXlguCwJxzkAHB9QecnH4NB49+VDYKgqgAwNxySDnDNlsEE+w6Aj+gz/g4Ws1tfiF8GLmNFj32F1E7Y+982TgAdG74HHXrzX8/GEK73VlbaCoBbBUdj7ZO3GBk4xwSa/2O+h5VVfwX4VlZtxwtWm76+9TxE4y7drara7Wh/LXjSuTivHt8yTlSlorN3p03ta3nZNXTa9Y5mcL984G3LEZDN2UkjOOoB4xz3ODExk3KrbSqr8pY5BOMj1yBjGc8EjjHBgmnIRkcYKtkkAggAnaM+/G0E9envUa7A2gBmUqPvE4JP8AdHYg564GD1zk1/VTbu7Nd79Oy0723/LRH4lpK8r6tpvtFO356WfTpqa3kl1LgKrAcjbyQeoOOAHyGyecHsTzOsUT8YVW28jadowckDtk5H4HBBxzlC5YBid3QBQDgtk8Dr7nHY88gcGzBeGRwgATAxnPYbeuM/Nzg46jnAArSMHK2j1skn8tPXS7VvlvfKdRRWnkr7Ppppa2/nve1jSFvC4K5UEjnuCFUEEEDIYkHJHPByM5NIY1wqZTaQCVC7funr0wT0LDG7sc9atQi3lxtcI4+XaMZIB+8pOOQe3BJx17taDLbVZDzlWLHdt3Y6ZAIAPzY5AHrTVKVnpsrX1d9ltd+V7dOq6Ye1knFxTd10u7ardXbe+9vJ7ozzGWcBCwJJXIG3Gfu8HGAVO3npkAYIqtPFKsb+vIVSeW+8BkZx1659OOcE7K27q3Pzl2ZvlOVBHA7+wOD06D1qlcRAfebDDc20nAAxjggdcgAr0PA3ccy3ZJNa6dktLPuvXay0exrHEtrre6tpv8L22e+9krHzt8QYPLvoAc5KqSDgkEswx0G4BQABgAYAOe/wB0fszeFNP1LwDLd3UcjoLkAnn5VyckE9OpAxjn/vo/EfxCx9tgyoBAJLAHJUFtpJwM4zjAOB1znJP6J/sr3aw/C26QRmQLd7mYjCg8kAg4JBPynnjPAyOfh+Ja06NOU6Tabmtr3d3HfbXXt2ex9hQfPlkZSjryxk73Wr5dF1vfR+dtz6n8C/AHwp4yZBNfTWUruUjwMlh82CWGDzkjBIAHvwfWNQ/YctPJkew8QeWPIaRjMqgdGIIJwMjkEdeuCOawvhX4ogtbyKCRWjmM6lHjY4UfLjBH3R7nGT156/Uviq58Z6t4aKaN5oikSQrIkjCYoUwzDG0kEe7Y5xk5Nfh2bZ5xJhs1o0aGNVLC1Jw0qKLsnKF0+b4nZvXe6v3v1YbD4KeHlKVPmqRjqoOSleysndrr1XfWx+TPjr4Y3fhHXLjR1uEvjasf3kB++MndkhiMgZ4AyoJGOA1ecyaRcjIdHBRsRjb83J5O4A8jsQc+wOa+ofFFtcLqbpfTySzozpMZNwkMisS4k3AEkHPLZJySO+OLNtbs6oqKVaQlmIPBxwMdgAeOARyMZ4r9Lw2Z1IUKTqyVSfJHmkrJOWjvbVW0eif32MqWDhUV4txau9ZK61itbN9Ha7cXZa3SseD/ANmys5BjcPuPzEZwepPTAPY89CRTRpzIxDIGRixbIQnnOWOMHJJHYDOOhIA98XSrGQlXjUZfqCBk/MQSCq88e9VLvwzZ/MymNt65OQRtI7AKoA75HOCMj23WcQbSbd9Ld2mknp6p6qyd/LWlgpWbjZ2v5PS1unZu17dTwhrE7iAkZXrwMEDH3hjGOQRtG70yc1Vm00OsgClSUBQEkBgOTj8vY8Hv09YuNAjtyT5YCsScgknAGAE3c9jkNkZOM9hjyaQDHJLGHICBVVcgop7Ed1z0+Ybdo4PFd9DMIVOVqejtZJrVNx3v12aaeu22rwqYepFdtt2rWSWr21Se2/fR2fhuo6dLmXKg7cgBgC24gq5PBO4cgEdO2Diu7/YJVIP2hdQkAYyQLO6yKAvl4Zs5PIIJK7yD83Y9MM1LTnj84uCwXeVYtzkK5JPPYDOTnqPXFbH7AqwS/G3xrJMEVFtp1jn5Biy2Sw4wp4wSCMZYZ4BPPxPXSyHGyi070WrL+84K+m+93Z9rWtp9X4fwc+JMBFppKvFvbovivrq/P7r3v+3Wt/tkfDHTxJH/AG8ZsHHlWCtclx1wWlUAlsdDx0U4ryDXf29fCFhMV07R9UvshlUzultzg/MqqcheBwMHJ61+ME3i7w9AWa58QqWjYbY7fADY5C5DEZI4PXBHB4xWRL8RvCERcrHc3jchg2ScgcndnHJ5wOD35PG1HhLJ6HJFYWFTlekpu7e1nJaLVNu3XWz2vySzjOMRFv29ZKST5VaN0lF2s1ZPV7u+u5+qOtf8FA/EMpZdG8OWsKBHKNc3k07Bj0YxhWHB6g8YJPJwa8m1P9tT4z60ZBbS6fZplxG8Onx/KrDAIeXByDyWAwSOB1FfnLcfGC2tXc6fpEUe4BUd2wSoBOWC55y3Xgnn2NYl38YdZnRVgitogTjCKH2g9lUhQOBxyPTg4z61PJsBQdo4WhG1v+XcbdHq73a07xtpbonzSlmNeKdSvN2UdJTn7trXekumt7avvZa/dt5+0L8dNZlZJfHeqxeaf9XpsptVC8DbuUqo+Xrgk/XNchcan8RNbkebWfEmq6hFOGZRe61M+5uMqI1cgMeQAB8pUgkfKT8leHrzxp43uruO01c2SabayXk0pZYkEcaAiIEH7zk4AOOTgd6+lP2TYbHWPFnii38YXvnx2GhXVxY/a5vPD3Kb/wB6qMcKRs+Rs59eQwG7wtOmv3cYR6pKKXSNr3VnZWtor3bbTZlLCvl5qtRys9On8umq39drrV2MrUbW30d5hrWq29tO3zpBM7O7A/N/y1YEnk8kEY9jzzc/inwZaySGTVZrhiCrRwRhRv4XAYDAGSOegPfgZvftLade6nqWgX2iabf3zTWb280llZySD5JXCNsgRgWYZUOck4A5+avnbS/hd8U9enMem+DvEUzM3yL9hmhUkn+9IqjHAwSxxUN+zlyNxa5VsrXd108rWbdlr81pQy6nVUZQpVJ8zun73T01tdWvdXW17WPYW+J3hOxfMGlTXrr0a4fP/Age/PBz7dTk1nz/ABrnQuLDSLC3jw3l5QPID3+6AQRx0PAwM9SZ9F/ZF+Oeqh57nw/baLEUzv1W9trfCdCzAyKTg9QR6nrXZ2v7I93p8Kv4u+KfgXw8yH99D9vSecY5KqELhm6kjPoCc5pxrrmXLHVWakovdWvotVa/Vffpf1qeV8vJalGGi+Kz2ttd6X6adXdaHB+H/ip4l1PxDoyvOkVub6DciRqgZd3IOCSQckZPJUYPcj3P44+KNWbwlM1ncSW5NzBl45Cr5wjHY2cjOOR6kn0rjP8AhAPgV4HvIJ7r4n3XiLVLJklgh020X7I8wcEq0hIO3HAOOgwFw3HQeJfG3w6t7NLjWrC91vS3mV0s1ITeqopCs38KqMDgkHoD3rmqQrVq/tIqdqdnd3SWkb2f+Wzd31b48Zh40a1KHPTi5SSTUlv7qt0vsn2s9n1+SF1nxJOz772+kE/yKFnkfzBgjCrySex45zzW9png/wAcaw8aaf4b17U3mwEK2F20ZyMf6zYRwMDJOF6FgMV6h/wvzwnpTF/Cvw40uARy77WXUYYrmSMAjblZA2TlSwOOPUZGdi9/bA+J8kCwafqmn+HIljKCHS9PtoXUAYOCiHkYIHze4ro9nVm0lTvdaNyuto/ZSejvt5+luynTw0IKVWs7qzcYK/a6vZrftfRvolbL0L9mL41a9ueDwVLZR7QTPqlzaWaKB3JuJUfGCTtwMeucEdxB+yT4os5AfFnjXwF4YjwrMt3qkE7x4wx3LBI/Keh+u0E14Jqvxn+I/iVnNz4h8VapLKfmWKa8WPnkhUhBD5PygdADjJ5NZNn4b+KPiSZjZeFPEN6XXcslyLog7s/MTPt4BOecDA46MKqngcXUtam29/cpyb6LdtLrZ723toFTFZbC3xtfF7zim9Fur3t20/A+hNQ+C/wa0SR18RfG3TdQkhHz22g2guN+BnbG0iruP3QAenTrkjA0zXfg94I1Xz/Ckuv6nql0rWAvLwLDbqkh2iVYUbAXJ54OMcdPl57R/wBmf4166fM/4R6209CA3m3c6BlDfKDgMWwFPYZbg88mvTND/Ys8bm4t7jWtd0uyG9JN1qHnlJRdxVtwAwcAHBxnIOPmFenSyLH1ormwtVwe0pRVP+Xe+jSVrO++h5tbN8Ak4RdPms9FNzv8H8t3ez06Xd7JlvWfiD4S0e0trvX/AAfZeMJWj8u1W4uHhhglzu2NjIcEZznJJIA6AVxk37SJs23eHvh94G8PR4KRyvpNvdzhQCAWaRS2BjgnB6DggV7/AHX7M2ha1aW9lrGp63LLaT/u106CIRylMK24s4K7SO4Bwc8ggV6BoP7Jfw0sI43uNAe5cAEvrGpyI7FWHIiQsoU55BOM9K9LD8LYt02704QS1U5K61V78ibb3WvXfc46fEHJGNOmmktU1HlevKm22la11p2PhK//AGiPidqPmR2/iOayjZiRDotrHbxAENwBCqnaMqq8E5HzCuPkv/ij4pk3Cbxdq7uVwPIvniyQTn5VCgEE9SQQcHjmv2O0n4LfDDQTFJH4f0UPHGmUTTILjJ2YJMsmXb5hk5O7BB7iux03SPDdlIEs9OkgA+byoQluhBGd21UARBxsBORjaCeTXVS4YioxVStBK8UlCN2tY63XTXR6LZdWzlq57jFVcVCbTfxSnv8AC38N3dKz30uujufi9pHwS+K/iObzl8P6hh+RJebIVBIIDFZpPM4GT/McYr0/Qf2RvH13cRPq15ptiGwWD+dPNtHI4VXXp2yOnpX6xxjT4PLmj0WKdJJGjae7kEhEhJOFGMcccdAP7xNavneUoaKO0tpFdUZLeJQVC5JYE84HfgHjrgE12UuHcFGTjU9pUl/iaTfu6paPRLTdfPQ4q2b4qckvdjd3bau9bNP3pdF31tfZH57af+yE1za29trPiHVb6KKT5YrGyCRxYP3FMm3Kjk847V6zof7H/gKxaCS60u61BlI3NqV41upIAAPlxFlOfQkD8st9aXd6UjCNcysJMSIwGACMknjBwT0A9eMYzVS0uFZx5rSZUsT5rFl2kbVyTu5OOo528+mO6llGApNr2MJXUWnP3mr8vrbZ9e+1rlxxNWomlXknK2mkU/hbso27d9Nbva/m+mfBTwJotsLe103RoYgPlhj0+K7JIcsSZZVzvHzfNjGSDzjFdpYeEPDOnIi21vMpGAFQpBGVx18tU2hR2IyF4B6itOW8hj3yBVQbTGqqCocMx5JJGNoORjGRzkZIMguLXbGGbeSgbJYkg9QBz2wBnIO3seldtOFOnTapwpxS0Vkk7XirJ39dk3p56Z0oXqN9HbeV1dySvreybS7bavQfajTYJXjhs45JI3w3mnzGVAvG44Bx1HpknHob8dykYLRRQqMh2ZV5Ul8gLksRg5I6YBPuTzMTQRPPMrESTzAsM5IQjIQnPOeAeeMliRkVa+2xlyqEKh+QDGcnjJxgD3z1Hc96httb2Ss7aX1t2Sv37fO50qjHV8sVblf95q8eiXVNKL63ve6bOgNzPIjMX8sqmchACVJGcngZ5OM54AHploIKqz7nQAbI3LAckHf3xznIzzgZ684f9pQ4bzH+WNCgU8bipABOTgDtggcj0yDD/bCSyKIyNoUkxFsHGPvAhui44xtHIJHFSmnddbLrd7rp+V+mnXVqm7volZcvNrdON7PRXfVtWstbbqvrc0kMvlx5cSq2+NT8uM7gpJxk56/gPrkaJdrai4bcg2tuBzhgXAG1D1IXpknnvngDK1vVICS+9l2LkspADZZsgkjt9cNxzjrztpqUb+YVOIywBB5bPuMtjj5iAT/Uzd3T6JO+u1ra/wBbfOy2irJq2z91N3tazV1rqmtvxd3f1lNVcqSzbgynapxkDIOemfmJzx69+phm1BH25dVlCA5DdB3A64OOvc557kefNq43IqSSbiCMsflK88gDncOq8jrx05jkvkbdskH7pcEsfmJzjgHn/dxjn1qudJWd1dr8Lbaf8Baalxi3om7O1rtbe71srbJaaWt5HWSXaMZG2JlhtUMQCFI5cHqScqT3PXOazDcqsqAkFEGCQdrcdACvLZPUE4I+XGMVzjajujYBsEYVdxGSP4sg56dzkZ6E8GsefVEiEokYAnlWZggIVsE/MQTkZz3BOOeTXPUrQuryUXq7N2erTv5dFp23aLUJaaNq6T1avZp+W91280d9LfI+whlJUFmVs5wepPJB65wcfw5BHXMuLvDqVIZDlmjUDpkYySCGBwBgZAxnnPPnF54q06yYfa7+BAyqWKzAyJgfdAB5Bwc8fMCSa5C8+LXh6zdokvmufmwBEmSQv90AnaB0x+J64GE8TQpq8qiWvSzT8u3/AA/S1zWNNtq14909X9lP0e3dX200PYdQ1SSJ0BDCNWbowIjz/ecHBBAyBk4A9Koya5swhbds5c7uCpPUnPA7HBx3yMc/PmofFqWeQRadpV5dJI5YGUFc44RuMgLwBg5AAPYHOV/wkvjbUGnS3tobGNskFxuZMqOMjAyOuehOSOMY455hSSjy80pNxatG+iasu1/VdWktUU4Nxb2TstWlLTl7qz1tr5an0Pc6o7M7oyiJctIhORg5Ocnpkc/rgYFYt9rttaxjzp4Ygil2YSxnuMKRk8dc4+6enGK8Pj0/xHdu51TWrmKPYdyxssaFfl5A3LnggAnqMngA1oW2i6Bb7WvdTaXzDscu73UoJ4H7qPf7gDJz0wCGrZ1MXWUVQw056Q3i38XK7WSs0l2tbVa6Hm1MRgcInPF4qlRS3dSpGCSvHrNxt0utrPbTXrdW8faCsbQm9Wd1DIIYlLBuoGCvfr685zt6DIt/iI8MMaadp97MxICxtmOMqDyQCACDkA4BAPTHQ7+leH9GvWeHSPC+u65JEqsDZ6JMqSEkfMZZIlwR1U5bH0GT6to3wW+J+uFX0T4X3drbhB5FxrLC3SP5RjcrElRk5wQSOB1yK7sLwzxNj5pUMBiG5pNSjRny62s7tJJWeqbs1rbZHzWZ+KPh7kVNvM+J8owyp7xqY6i5acuihGTd9tu+p4k3i7xfcrJ9k06CzDYUPKxYnJyFGeSScsTjnsflxVc2nju+2TTXwtk5aTyxsO32BbDkgfd5P48D7O0j9kH4s6ukL6xc+HtDibLPFYr9ouIjnqm4HBwpI4HOcjHX0qw/Yv0Sxtkn8X+MNRnijKytvuorCI4ySnEq4UgYyB0boAM19bgPCDivHWqVnSwsGkufEV4QaT5b3inzc32r8vld63/Is++lv4RZPOVHDZhi83xClyxpZZgq+ITk+VR5anJGm7u9nzdk+rPzll8OySrHJqevTq7t1knT5nyT9xWJUHB6dCT7Vcs9F0sTGG1sdR1WZU2kw2lxdHdkkFMIV+Y8ZLEMc444P6SSeC/2Tfh3sl1nU9AuJrY7mGo6nHfF2QgndHuck9VXjGePmIOMbUv2wv2XPBHmQeG7axvLhAscSaNo0MvTgDe0YdtpA7/hjmvah4T5Vl8ubOuKctw7VnOEKkZSduW69+cdd9lq1t3+RX0o89z28eD/AAw4nzBzaVGviMPUo0pJuyk/ZQq2Tst5Lr6HyP4e+F3j/WtjaF8PNSkikXAvLq2Frt7Lu3Krbc4J+nB6V7X4e/Zj+JupwI2qy6FoERdQyEpPc4JBOSCQTgErz944PQUa1/wUMs7vMPhL4f6tcjJCS3CfY43BJGSqYwMkMVx39znybWv2wvjfrYmTStH0nw5GA3lyyBZGCkYBO7HznJyOSCuevAueB8H8lTeNzSvmleLVo0byTcUtlCMErpW1nfRrVarnnxB9Kzi1qGT8N5Vwth6j/i41p1acGlaT9rKo3y3i3y07uztsfXWk/sd6WERtb8V3moMrKWt7RY7VEHAcHLAAg8cAEg4KjGR6Kn7P/wABvDdsTq01rEY03SXOq6tESAB8xVDIwJALAqV5PHAr8sb/AOLnxd1fnxH8TrqyaUZNvpreSAxOdv7sk5wfXOCfcDkLzVbS7d01zxBr2vM7Fna51Gd1IP8ADsDkH5lK5I3nHGBmuep4neG+T00sq4Rhi6sXanUxUKSi5NJRlJyVV2bttvZL13w3gB9IHiWTqcWeLtfL6NfWrhsrVdKKdm4x9nLDJaOydns9Wlp9j/H6++BaWy6BoHiXTYpLEI2mJpgQme53ruiuJItwMeASASASc5xyPieDx9f+EvFsWp6UWuPsskSzeQM7rXGHLMCCcIcZAxk45ODXI+IrzS7RGvdM0mGPyAwVpQ0jDYMlsuTyCo+ZgRkc9c15GfifZahbXFtHAI9VnmaGS7DARiMHBBz0UYyOvIGOen4vxRxa+Ic6WbYfAYfLJRUeSlhVywagly3aUVzbRTUUrJ31uf1L4deHsuAeGKfDeKz7MOIGpVKk8bmlT2lap7VxnKEZNyfLe6jFylpfXv8AR3x+/aVXxJpB0bRo3tYWtUW8nlJMr3AXJQN1O9s+2wkHvj4o0nUb/Vb6Bnbzpp5FjSN84WMkxgjOc5GSpBGc8dQKqeNtZS/uILa1K7LdRJdSjgM+3BOAMHdk9iTuyfWtT4cWtxqeqIyoT5bxyFyM+SiZwOSRlhhieue4ySfAx2bY7HT9riKqnKEVGKV7LlSasvvut799bfW4PLMPSmqFOMYQb1tqm1yt7aX6Pp5X2+k9L8IQ29tbrd63fuDDva3SaQJETg7FXJXaehIHORgDNap0XQ7dhHFYPeMR85nkZgc8ncSM5Xr16gHgAAaUEZMeJCBJwrSZYcKBjAHYDjA442/eGKsyJbxEESKdxAJGSzDPIYAk7R2zjAJJwa8ypmmYVIcssRVUU0lFzbiuXlS3ei7PS+192vp6PD2U0bVKeDwsZy1lP2cFKUm0227K/S76u6WpmtMbUj7BplnCDhVJiTeuR8x3YByGHJ6c4HPFSfatUljzJKQpkAIX5E6EZV1GVPO3oOx96W5v7CLdu242gRkEEbsA4wRjnucdem7FZMmtQRREbi+DjCEgDJzjAwGx1JGM5HpiudVKtSWs5N2Wt7WT5ezt010vbby7o0MLRu4RhHVK6UfLbT5barTrY15I8MVeXgjJ+8VX1ZySB8vOBnHGRgDAvWvkpEpZv3Qfh1XCknHUYHHOMY91DcVwsniESOSHXYd2EyGbH94gksc9tv1J6Ygl8RhcxRNKAoBIBCjIOfl54POcDnhT6kTyK93L3k1d31drKy2dlrre+m/Uico39x6LoldvRNOyXS/XbTVPf0Ka4trYN85KBsmQHDHOcqT97gcEYxjJ5FYV3q9uEaNF2O2TvbltmMKeOpJOc9eM9a4iXWZrnLATMNwxlugzwSemCeB09gDnNSa8unIZvJXaAd8jAMQR35AIxnHHXnPAFU5xjFK6bSTu25O7t0bdn1tsvyzhKVm2nJX918t+22tlZK/RXTu9rdTZz7JHkVQ64IVnwoOc5/4EucA56jkcAHTOo2wRWmdQy8KC3yDsc8kjOM9AT1PJ489OrWqIPP1GMKW4EQBKkYBU8/dzkKM8DnGOKpyazpxYpFHcT4AYFtygnHOTyCD04JyOoFQqqS5r2bWrbb63XpZ7K9tmkhNzklFNvydlomkm0tLeXM09Hvqei3niO3RSIg0p+QEKD5a544Lc5OPmOcnoAKyD4guZTujiKRElE3vgZGeScknB5OTnGevbhk1O+um2QWyxIhwvyswODhCcA5P938zWhZaHrV/IN26OJtwDSN5SIvUcc9QAckbuAM9zNTEKOrlq7Ja/4fRdtL6addVmqTlLT776bx7X0v1001221brWbmQGOa5McaHdw6sevOcnIHfjkDgc4AyZNWtdu1pJZ3BBATgDaNuABkY6HP55/hup4dtLN2Go30KBTl0aVWkYDHzHJyM4PHJxzgHIFG813wVpQJkl37dyhYlDM7HjKvk/LkHIAAx/e4B43jW21G7Vlq72v7vftfpZa3tdG0YRjrKcVZK95We0brayd9r91e92RtqUjgR2lpISSTuZMAZ2/wAeT+Ix/s47G+lpqU8RdgkEZZRsHzMxIHpz3zyeOv0w/wDhPrEQt9hgt7eMZVTcgB+QBuUYAIxtOSQ3PQAGsKT4jJA8rQqZ5AAAoCxxAjAJOB25xgDA5PympliXbq21Zpp6WttLXTvo/vsJVsPD4pKTSeitpqvhWrafXRbo65tKiiWSS4nebBy0TERoBnADbsY9OO3BBqCa50fTowZ7+2tSF3AIVkkDHGctlmDDleOOpOcCvD/EXjPUtRaWSSeWOKUhwiOVWMAYOSOCM5bnkjqM43cZc6gzRgid5d3zFyehA5ALEcE/L0xjt6wpVZtLu7peq1aTS6K9u9lpoc9fMIw0pRSa6t6dH5Pt5J63Wp9DXHjjQtOlaaDzLh41wzs33uMZBbnBznaMdOwPHAaj8TLy4Wf7DM9uCSqpnJOS20sc5JIPAwMg89q8SuNWu5nO/IRW2ksEGRwq5AJyNpHQlcnPPFVUuHzNtbJYgorHBBAAO4HjHQBjjoeuADUcNqnJuV3rdPqo6pN3v1tp66o4KuaVqism47NOKS1vC/XZ2322adz0uHxFcajKqXWpzRMCxOWLEEjJCDcAp5IPP681zmqu7zLvllYclGLOVc5zkDrliOmOmAMk1ykdw6TCSQAhiSwXC4OMcfewRknIxg4GcA59d8L3OkamqJNaw3MtspEjysCUU4wAG6scD7vHBBPTOdSP1dKajzR091KV07R2Wrs1t0vre97ck6tSq3zNyey5uZu2m179k7qyduxB8J7h1+JHgw3CMoGvWe0MMMVEqAnI7KDn1K1+392/+mzvHtaMOmMjAIKAZ38EL14JHsM1+PXhXSII/iF4PvLGBY4X12zOHOWDGdBhe4UgE/LnPBbIr9e77KXV0BjAZDtT7rDy15btjJzjngnoen1XCtaNepWn8L9xOMtHbTR2snp6p7mNV8tFa3fN2fVR0fqld6+j6l22mcvsVR8pxuZuMAnpjjjjgDpnHU16Fo85DncdxCj5Q2QPQ4x3J6BeAeeDivLLCZCThifn+bPYkkjPbORwcZ9eFNelaKu1C5Y8oPmUDHrgEgqM479cYOQMj6+v/CbV0rKye+1m09NmlffW2q0RhR5pzWmzVt30TbbSvZPtulsro6DUJWe0QOAFBOE4+VhyPQHdkN1AAzux1EayM0MYV1YxhS8bdMjkqScEDIGSe4Oc8gU9SlU2rNkgeYASp+bJzjng8sDyOccnd3ijI8tAjH96Msq9Rgjap4yRkEcH0HIC14Ulenbms/ee7+FNbdtErXTVlo0dkEk3d6vrdt20XTVLrd6+hsvMqwFCTuDqxwDlRkHJI/hHrweRgA9Pyx+NniS2sPi74hRo4ZVFxGssMnLyqRjLfKwKg7iOOnueP00eQxx5Q/LuXeGALN2A784OOeT15wAPx4/aYWe2+MfiWVDIGLRSqAvHKghs4wAAcjvjPbAr5PP8FDE4XknLS9uXsl10V0+nTW+iJqK0ktVpF3u35efSz1ervfTmv6/onj2wj014TbxCAqUESKwlRmyTt4AC84ByM5weCtcv4hkl1K2ge2uWgiYsywmRlwv3vLcDgZ29+GPdup8H0TWtUaGMMFCRfvDJgN5h6bWAHUDP6jjGDW1/xLeROhjvHXziwdEYhEBwNu0dgcEnkdRweR+TU+GaMMZKVGMU+ZOblFSulJNO7110SsylXrQg4xnNQdo8qem6drN3sm1ZLTTR2dzpP+EglsJ5EllCRwykIC2Nzr90g87lz9M9sAVBL411J43WCQxgkjzNwPmDnHB4B7E9CMkjGceX3l7PMoWaVXZxuVSOFGcFtwHOe5ODx7cY76iIOQ5YMfmCt8qgHbkH1xkYHXHcmvqqWT0ZcrdKKlHl2Vk3aP2dequ30Teu98m3pzu6sm2t1s1rf7rd/u7xL+X7Q807uBJKTL+82NgkbsY4KnJ4AzknHrW/BqlkJ1lMksaoAI1LHaxIBPBONrY+ZSMfNnHr5DJrMZBySzFlAbccnLfXg+oxjAAOe9mDVUnPlLI0bABEZywGSwXoDyT1BPrgniuqrlNOpFRlTja6bVr3tZWeuq01tu+qMObXTTXpzaP3X0s0nr3Vvx9obxq6SRwKiERjbG575IPCjdgKB2IOV6ddrr7xRBcRlZlhdwQWdwSzNkZGcgEY+XoTgngDFeLT30tusQDq7LlVcHczE5Od2MjbgBcnnHbJzSu9RnmVQ8jEgguFHKsBjORkEY5PbuCQM1yRyehdezg6bvvG8bK6tHTZrZu3fqatzbTcm3aylp8NlotLvRdNF82epz6vp5n80yCIoQfKT5doAGMMAOTkADHXjPQn0HQPH97pspk0m8e0b7P5JIJVwsikMxdc5B54P3T2bBFfK02p3IfyxzGpXJxgEcgfPkjAJB6cnv660OqXcex0Y+XuChgSdwHO0lgCBwc8H1GMjbdfIqFam1UtLZNtXbs07O++nVb99kdVGrXpTU6UpJ2TTTcZLVJa6X7uy9Fc9I8V6rc3FzdSG4aS7nyxkGCrlwM7uDjJOQTnOeOBivKJ7e+ICMvmSly5Gcnbk7izH9Ad39T2FlfyXW15YQVdgGLAts69+OxA+gwexG9qq2MliI7OFDOqkh488EA8MQc5PUg5BOVBIzXVhOTBxp0IwXKkoxSvpaz667JPbe6djrpzqyfNKTae7u7yba95K7u0neUnvpqtDjNN8N6jqKxG3Me8hj5bOAFA43OvUAk8HjI4IAxXQWPhbxFCpdkmRIHCq8QABOVwisGOAQeOSAfqMcNBqt9pVyzC4lQ4A3KWUEMSDlewABz04wOT16+2+IV5aw/Zt7SoXBVhIVBYsOGBGMAAc7eo4wRXVVjXqRbjFOLjbVaXbjZNaO11v8k+/XTqQvG7skrO103ezV0rterUeuqe3q1nq2q6bCiNHJBcMq7953SBU5X72MDhejfMRnGBtPtvhf8AaP8AGvh7TZ7K08S6pFbyWwt5bFppGs5IosARiJ2MSo2A2cYGDgnivja48U3t7diWeZmIQgfNnA9Dg9NpOSOepJJ5qpPrdwsJeN9pclQR0Kg7WDcAnB2jPBPc4INeFjOGsDmDj9dwtGraSklUpRnaS5Wmrp2fVNa2a2SZ6MczxVG6oYidK65XZ20airJXvr3u1btdnonxA8eXGv391fztE93eztPKEUKRznGzOVPJHpjIOFrJ8P8Ai9jsR8osalWZTwQCQPl5AOc7jndyeOAT5JeXs5kMrMjDGGdj945AwDngD3wD04ySVsbyYyGGNQrkH5UyNxOCSwC4YYGSOcDvxke1TyynTw8aMY8kYKySTskktlrs+m1ku2vj2nKrKpNzk5SvLTdqUbra7V9XdpNNp3asev6xrG9jJFMPLcYTaxDgsPmOeMNgheh7YyuCeFe4j2uzyB3ZipjY5KjoGHYdSTw31x0zhZanI6uPMYY2H5iY1PcDJGcYx03deASSWyWUkDP52MBchjuzuILdCATnp7ZyeMAVDDU6aUVa6tZ2sk/d1v36WsvzOlVWlbVKNrJ62klr0s7p6XTTVteq6C3lQBHQIyYIZcnA4GScbfnGQBnIAPpwb089myBHcAEBsrlhjPAxwF9GzgYPODiuKEsypiNnwpztAwQM87h8uSQB055ycKyk1JJbuVGCbiN4yqrtI5A5OMtnJOOnAB6A1boX1bV9F3sm1b16dOrS3ZUcQopJLTTrdJ2joutraJWs72ukdXJNGxAtuDkDapbLYPOM4xnjBBG7P3RgV6d4Nv8AUILyxuLe4uLG7tSJop7R2ikwuSPnQqcrjJz6A4BxXh9m+oR3EchSRyflKMpOV5OeuBk45x1wDjINe1aBq8CRRFY447mPbg8LvHGQT/sddvQ4HTJx5+Y4ChiaEqNWlCpCSalCUU1JaXvFq1rLVNNXbXVN+pluZSwlenVjUnCSlFq0pb+6+mt09mrW3fY+hdH+InjGz1Vdai8Q61Fq64gW8W8njmjTjaVdWLBj3OegO7nkfSPg/wAZeJdeuGh17XdW1YfZmm26hdT3C+Y6EMyo7MowMncQD1BAya+cfCVn/wAJAsKW4gkvJ2QIucPuB5KjbnaBgg9ucnkAfUOh+Er/AMPvFNqDxb7u22fux90DgrjpnHbkMC3Pevlsu4byjD5hh8THAYWFenJKnUVCmqkXdW5ZxjeK9GtPI+ozLiHG4vCSorG1p05xV05uUXe2921rZd9GzOu5i00gA3sT8pwucAhSQcZxtAJIOB34xm7auQoyoDnBGD8xIALEA8ZyuAM9+BknNW62LcytuALE7R83QORypGARycktgcdeatW4B2lSFYAgELyxI7Yzjr6c9881+v0YtU4aWjZWvu9r+aXb5PU+Gc5Smm9Ze6ltq7qS1T7369eltfN/iQ8gewYqCF+fy1AO8FlbknGOvQ9Og6Cs3wok8mnqxDlTNLsAAyvzMTnnGNvXgBSMjjNbXxCXL6eQcjADAnOcNjBB9O+OnAI7VF4RjQWYZTt3XEuVXk4yQVAJBVRxg55HOWxg89ZNVfmtuu1lpor9tOZ+dr9FPmTTd76WSt2iujve6T7W1tdq3T+WqR45G4AKFBLFuMkDgLnnBz02nPJqqZcnZggg7C3JIKrnkY69AMfXr115FhBjZRtA3AkhiT16Kf4jnAIIxjGO9U2VN6g7QGYkuvykgYJyMZOAeeF9twBrJU5aXTSa3v0ut15NrTS762V1cnZavlu1rZX6WWumySTd0uh7b+z1KyeMDnlGGz5iBjCkHgdx2AOTxn0r7V1tlicFU3EAsQDlRkgbt+SdynkjnpjHWvi/9nxVbxa25f3JI/kck8jHOQMAdMZIHH3HqFr5hbIxGwJVn6YGM4OSRjC4zzkcZAzX0OCg1Qit3fW2r6atdL6Wer3V00jzF8bvbdXXXluuq2v0dtFfqjg3SUQ5PAeTIBI+7n+EZI28nrjH4AV6b4VRnEaMNqRhFUZG47sAdeccAZPHynp24e5SNI1B2hg6heegUgMQOowCSemQec13/hMROY13EsXi5AznO3hSOF6cYGM547V1cqleNnskttbL77u76W6ddBfFFfZvG/S6Sv8Aje9t79Von4vY/F6/8A/FW/eHRLPW0sL9mhs7uJGjVnJG988yMTghSpGQcE9K+1PCf7YfxT0bVYNR03wtZQaRdLG9xY3F5ILQyEYQGMLtVUzlI8EA8YAwa/Mn4j3dnovxP1+dpGjmS485t6hkKsGPA4GdwBBGcnjnuSfFOSzsY5ft8r27AO6tKdiBRwFOeMcAgDPHTvX8ReLvhLkXGWZYqGZ5VQzBVcRLnjiJTlTaUv5Yyivna93r0v8AunB+fVcuwVLlrKmlCKSXI20kr392703Wt39x+vOu/wDBQT9onyIrUXfhvSrISPHbJHBFI8ULKRyW+ZsYAU8kH5gNxxXzTb/ErxFd+LNO+JWu+J2l8XabrI1iwvWjErCWORmiiiLE7LeNuiDA6ZBHT859Q+LrGCUtexXLMjlN0u4Rls7QDge3oeOvBFYT/FC6OkzMbu5MrAYCOSsIOQpA6c9c1+XZR4D8P5HGtTy3JcDgliKP1evKjQjGdSnJRUoSqNSlKDWllolZPufRYrit1p80q0pSerXNaLWjW1k+m1ldWeiaP3dv/wDgpf8AHphML7x4tgEWKOOeztooZ5BENu9njYlmYBQX43cAEDFfL/jr9s/xr4l1O41XVvHmq6hqUoljWWbUZUUhh8ojVWxhc7c8YbOBxkfkLe/Ei6uNsP26eJg2yWaSYljnkjbnGfQYX26muV1PxptjLLfM8qswV+WZ8EA5JOQRzg8nv04r3so8DuG8uqRq08swsZqSkm6canLL3eZpTTSs+qUXpZaM83E8UuEOWhCnSdrOcIxjNr3b6xSv5tJq+m+33/q/j+7+JWsfY9Y1CXV/s8E0qpezPdxF8ZDN5rEIeQcqucHHJbjzmLwlc3eu219GsEaW7GOOARqAgiIJIU8YUcksoIGBx1r52+Fni6VvFmnBJJmSYNHOvOZXIOQQCS2QQOMZ6+49u8e+O38FWN0FxHrGpPLFZW55eG3kGHmYZDKdvOSD16jmv6U4TwGGyPKqWFoU4U6dOV4wh7m6VrRVldtt312s+6+Ex1WpjsROrUk58yTuld+6klrZvS7tF3bs9bar59+PmoRar4yItTEqafD9j3xBVLzoBksRjgFsZwBgcHmvEROVBj2ncqMGYksM8nA6hcEkg9zjgnJra1O9W/uru4ndmlaRpGkfLMzSEs75+YjkkHpjIGM1iNKiqh2RkMSrcgkhvvbznqNxx9BkY5r2nUc3zuLWra0TjaySvpdq+u6el9LK/DJcrilK60TS11jZNaLmWmrtvrpcoTGMIkisCd2T8uct2OWwSo98bcjPTmlv3PJ5jDcANoxkqcYU7eDn0wegGenGtKYJYUVQoVNwAXtk9fbIzwT15qsLeJZFZgDlgPmwOAF2njIJHXJOR3yeibjJrfu2ktErfFzX6/y6d9Lsw0Tu1zaJO7as1+CtZtf8Pamysrq3mMAcBuSpAB5zjGWI7dOM4BHL5jIVWKL5o3JOQvtg5zgjpyTx+PWSYR+Z8pLKGzzjB28Fj2zken3vujnhm5Y2I5dTtCqM4JznGTwGAI9N3BBHOZbS20Scb666qN9Xo762ts7arQhz1020Tau7Xs9emu/Wy16augRLeMqc7iCrNwM5yQVxzkkHsPbjrpWUkkoWMcBAScnLA7Tyx46gcducHvmGJFkG9lDb8ggDdsxkEbsEsR34x7YPFy1jCiQklWZSFUAAnAKjJGMEjHBOccDrkpVI+6r2vpdve1ndtrdLdaJ3bdmEXfl6L7r6LTdddPh9LCqgAZ2O1wGJCnJI6KeQcg9B6E56CsHWJpDa3CFmVgofCn5to6DjIIPTkdMdq6C4xFtWMgsxXgA8cHIJxwMgkg/eOQfUcpqzSN58WVBKbd23bkheBkhsrjIDd+9d9CCfL8D6X6ptqz20srXtprddiakrRa/urzerT0d7Xt5/PVpfaf7Dd4Zl8cgF12W0eVLZDBVXBGehJAzjpk9TX2RcTKZXJUr8mPmJJIxnJwRwQw644/h6AfFH7DUj+b46RUAZLePcwGAcKFAbIJA5ByM7sd2Bz9q3rP552qBwCWG1lY5wQM9QD65BPIzivtssgvq1OLXV62drNK++id7Xs9fvPDqzSqSvzO0Vd9FpG9/S1tN3rp1z3fymYncQIypC4AJYHg5J7gYbjOcZwcV5B4qn/wCJpoJZGybqQNnA2kk4PTHTPU/3sYzXr1wZFjkEoXeTlht4CkfLnA6gHAHUc/7VeQ+L0AudClcEFNQK5XB4IwMnnk7x16EsMGpxMWq0UldaarS70fXrbZ+VrEOq5U5NJ/C93dXuvPe2/VLpc6e7lYQaYoO5TdoGPQ/KGAHbOOece2eK9N0bHlgk/L02gZxwOT7dRz1ySOmD5lcxnydKyV4ulx0weDkHALZzj6np3x6To5JjReQxzwTzwoJKj16E8Z9MZyO/CRtF3i722tq9Y73erVtOtrXuzzJubcb6Kzd+u608n1Xq9LmD8WY4ZPhl4ubdwulOVX+Hgr8qjp1zkZPUc85r8xdNGyJEAd23K20AbR3ztY8dVxnP3h6Zr9Pfiyr/APCqfGAVSgXTHwTl3J3KMrkkg7cLtOMdORxX5h6U+2zjZsK+/CscncpORkdCOScHBxjGc8fH8TJ/WaTire47a7RajfRb6yu73slqe9lV1SU+vO72tsuVedtNrrV9dC5eX1zLaMgRvLQhfmABJAJKnngAY559jio9PY/69ogFyy7ducZGOcfMSCGx2557CrN4kawuigHhck/d3HOTgDv2z+PQ1mF54V2xuSu5VBXaqhmI4AxknJABznA455r5aSi1ZpNO1n1autk0+qv572aue3zLlTU0rL3u70jtrF7rSPmm1flS6N5HldAq/IgUjAUlmB3FQSc9crwOcngba7+w8R6pZQxRW0UQHAKMAx2nHzKCCASATjPHXkivJGkun2hCVCr8wQZckYJJzzu9wCO57Vrq9zIisztHLIu8J8wLKhwpz23DoMg0LBQq6WTSsuW3kurvfp5+SRKrulK8G3KVmtdNLO6vr02dtluema14o1G5t/JkgVFZFVmDKX4PVTyqgt0A3YI6cHHO3cs0luvkxSRSbEZ1BGSpOQxJGOTzn+pIrn7iWeSJsyNmPblc7n3c5dWJICjOcZA9cmrkd9dNbgM27G394chii9M56j/ZIx35xkbUsujB3jT2durVrpeqenTz+TnmNWrGUE5XSWt9deW773fV6ddNEami3DCT96GGGYhizF2A6rgEDB56DrnvXUzXRleAhSY9pCg4yAOQcZOMA9gSSfUVw+kzJJP5m1iyl8LkEc5+Zsnnk56c/TmuygKSwbhGDJG21UVgpI65A7Zxgjtnsetyy+MpXSXzjpo47u17+VmtldpGcMZVSs5t3stWtErPS9n9979Lq90W78rzBuJxuACZHJzwTnPORj0wBnoDny3hZd6gA4O3P3iGJBYnjHHAPPAOCelI6uUlZgVIc7lK/MoJzzjvjkY4HUe+RPNtIjDEAqQxbDKvc/Q4OAeOgz0wLpYJReiVvJW1bg9OVfi7X6rts8XVml72ml9U7X5d9Xq7rXRWjdvcg1e7XyVddpxNG3IOWbcMgNgnDAlW4OfQYrA+JOrSPolmIOds8RlwpPk4UfKCxxjIyfUgHP3SF1u5litlxhkFxEoIA+Vd6jeOM85BIPcE4Y5z9k+O/wBnO38S/s/+G/FPhaa01G/uJbT7e8cqw3Ed1KEX7LszmXO75CxAB7cc/unhXwVmXE+FzqGV04TngsPGvUpuSjKacopKCbvJvV6a20u9D8u8QOJctyLEZW8xrOksZXWGoScZWVRrmu3ZqCUUtX130Pn3wpqEk/hW0j3snmRDO4biNqDJBY55K8ZByMkep8wa6aHULpSC20uRhVDZL9QSDkkjpyOQONyivpW/+GPi/wCFGl6V4f8AGWkNpWoXtjHfWUc7EtLYSRZSXepKMSp55BBPBHQfNmpSpHrlyg8tyoc5JwFG4ggHoxUgHpx2Ixzw51klbLcbVwmJo+zrUJ8lSk07xkkr6q+q372end82DzSljcNTr4aqqtKor05x1jNaap2asnrondOy7nU2s1xJbb5mkMbR7BwAQP7oyxIPbce3QZ4MXh+5hs/E1m0bk5uQ+WbGCGwpYbcgDPJznkZPJxRsL0siwKJSWBYZOVG0HYcEkAYyWLHqPQkCtp6zvrdrMuQ63agx42llLYbknkY+UAjntwMn5ypQhdrlu+XS92rrlcrXSWqastbW67L1MPiZWik07KLu335ZNRv2W0dbN7/ZPvKx1PWCLWa2vbYnykYRZwRwMZ6nJ57jORjI5ry/40aprx8MTS31vb/Yluo2MsTK0jSKcKCM5IySe468kdN3T1sGgVri5nhKQomQxQLlSflCg8Z4APHbjJY+ffFkadF4Ru5k1GedIp4vMgmYNuyw+YA84ODjODzgYwBXzdfDRU5tJXWulvJuyTTta97vpfdXPpIVZcsNUk7aprdRWll0vdO2unWx4vqem6zqng0TNr1laWkzsPLnkiiEAZgQmXKsN+ABjnGe5INDTbDQ9KtLcXGraAJUjE1w1vc/arltg4cxpvO4dccA544HFfxR8O9U8b/DbZ4fVbaZL6G4We5uTDDJGwH7rDMqNg9AzEYJ4BAFcP8AD34Ka54I1HUdb8Y3EEFkNNkLXNm7XyQI4G55kYtHEoU5BBJzhRzmvIqcsIVHKbTTuoR95p3j72t3y7Oy76PY9ejKrN006aacUnNtu2zvaWq3b6WutTU1PUvDUuoymPxHbiS5IaIzIV2AgZCq20BiAOOQWxuJHNXFt1uVjNvrVteLEMFEaPbgqDg8jqR274OM9TUNO+CQkhuH8Um5lVd/mPZEqSTnYc88Anrzjow4I5TVfBGmXkr3fgPV01O3nVWcxPJA1q0nO3aQql/Zj2OD0FODi1Bv2ilKy9+Gm63a0ab6u909O5clPmmk6LUdE4y95v3ZXsnZpt2101Wux3ax3duEAuYUBU8xqSVXkcMoyGPAyCcDrjv0HhzUNTsL4XK3c8lvChLMJ5I0LAEAMvX5c/dA5z1PSvErPRPHGmh4TdXRBOB9oIkHGc7WL4z0XGQCR34z2Ph2818M9vfqrQKyq0kgCMyjI2/KuCBnJBbAHTpmuuClorW63a+FrlbVmrP5K3a2pi3tuu91/hupLZq6WiSWv2jP8R+PPEthq2oQJrotLeS6aURFlZ8OcjBZiQqjjkjvgEnJ5a68eapcx4n8UXT7AxJilVRg/eOS3Hp3Bx7Vn+IfB03inxumn2xkifUZ47dHTLwxKx2h5CM4IH0x14GBX0FJ+yr4C8L2QuvGPiiSG2+ypM8m+JFztDPtAbftUk5yuPlA96ynUoUKn7zmcpuKtGPM7NpbK/b+7o/v0hOtUSjHlUVZXlPlteyurvl6baK+zvc+e38b6Z5Riu9ZvLpipB3XbgqWz1UEKCOwLL/WsS38UaHPqVsLaG4cxyJ509zcFlMaNkiQGQhQ5yDhT93n1r1CfRv2ZdElnjbWb/WZFYr/AKKjNgKeF+cAc88nnHI2jpzmqan8Bruzu9M8JaBqyazIoRNQv3EcEbsSNxQH7oIXBIBxxg9+mjGFSUFCjV3T9+HLFbJWbers9NPnbR4zrTgmnKm3FK6bvfrZPq+ui69bO/qWnfE3S7RbeNbnSYIYkCIWkBwpySSATj72OME4685roYvix4fLSSPrGmMpXmOBmUnAOQxXkZHAGenHA4PztoPw40zVJWtrzVYYDhWleJBMAh4AQZ5IXgkYGR1xmvUdD+CmgzN5Wm3E+pFQxLJZMRjA3dRgLnjPPXjAwR7iy3ETjzQ51GSXuq13pHSKvzN9bW21sRHM5p25Y6RWrcm9HHTlTTemukWrb3skdhqHxy8MWr6dY2UUV3Pe3EUb3KzybEVn6SBh90k5B2gnoT1xt+IPiHb29/Y6dFpY1N7yWJSlpKEQNKqlAWDAMRuCkHK5U8nHPlfjj4IJZSaDqGjz3F04mQXulw2MhnjZCGCJtjYs7AHJHUNkZGK9Jb4RahcQ2OrQ+HvFsk8zRPbmCykgiiniQKI2kbGwgjkkDI5w1d+WcP4vFxrLD0K9X2MHOrCnG8krwd7Ru973bu9XdW25cTndKjGPtalOm5aRcnGmre7pd/FdN3vqttNntWmvPdTXcT6PDpMsEWx4mRQzAscByowSQCcFsE88jGM2/wBalEKxxyJHGJPm4xnI+Y8jGB1HuegzxmX1hqugym11exu9N1C4iZ2junEk7qGOGk5IHb5T6nAByKyP7RjgjVpbRrp4X3FeoIAyTzwOPlznOPavJq4OpRryhVhOlUhJpwmnFr4fdaSTT7pK99b62NZY6NSgpRn7sk/eUrpq0bWtZXvq7X7q71Jp768M5eKZzEyEMQAAM8Y3EjOd3HUHqVFfRXhe41BdD00RSyPC1uweTEW1RknYCTywPbHQ9AQdvzUfE9lfxf6PozLKpdJW3BkQBehGccY6EZGSR15+iNIkhk8KaWZoktU+zM0ccUrbnYjLbiowScjI68dAcV9jwxS/f1ZOKVop3u0mmo/8P02tpon+QeIk3VwVFc6adZWs30TvZvmtdd3e+yaujUGq2vmyJdKruo2rJNIu0sD8xwGIBOADgDkhcdK5+91W2mciKK2whAJ8zPToAcE7eMAZAHA4GK52S40+5dj5KRALjBLsWYEZOCBzg/NySOuOaznexNx5cbKhYbi3lgFSo5QBs8cHkAc45wpz9fKu24xuuV2TtbXZJJ+607LffY/KI4ZKnzSV3zRad90+VR3SbTbWvzdrWIddu4bm3aXcEWKOQMsIyTwcZICgA88Z4yRnnI8duNP0G1MdzfPbBroxhZZhh4SST93PylflO7GOxOc49ZuZrD7HdIGUExyBoUVVIxyHJOATkHryOeuDnyq80vRtVWO4uGaSUQlVhjk3Mmxm2uQCoJPBPZfl+Yjp8FxhDnp0mvsyumn3trpvdd7tOz6afr/hpVdOrWgnbnhHrqveSSX3bPXVvTS+vD4g8BaZavHcyRz3SSb/ALQmXlVckjqDgc425IIAI7VyuqeMNM1K7gOk6fM12rFY7plKLgAhfmABAB2j5d2SAcY+at7S9H8FW9mH1SOCViWZkMkSSLtBOHXcdwyCfTJIHpXEXWr+H7e6upLO5jgtfMCW1qpR5mI5ABDE8gEYBGQdvUZH56qctLqUVHWMf7tlZy81b4m299Vrf9plVkoxSd00mo6JpKzvK6te/wBpNyu+qR734U+D/wAU/GXhs6jPNFpttdsDaC4nbzrlSfkdSh8wIcDggZG4c8g6egeC734deJG0zxzb2ep6otvJPZecXkgeKTPlCN5B/rBwRgkkkn6e0/DP48eAdI8HadfeI3uLZbW0Wzgs8SeYs0Qx5+HCpycH5WwM4AHfxH4tfFHw78QPEWm3trNefYYmS3guy6Qs7MxVUZg2WjRurMfXAHBruq4ShHDKrTqLnairRsnry6y3b1vZvm0tfy8mhisVUxTjOP7r3lGTi0uXaMm23e71T20vZXQniTwj4Z1G8/tnVLGzguLnCMlxdFYBHvI4yc4C9Ae2MAg4qpP4Q8PyaXq9ha31pZ2l1ahHGlzKoLhflEjqQWycgrnJyRyOmZP8MF8YSRWNn4liWOCLz5p21BrhsNgsiRlsApuC7c45A67guVL8NbfQoL2C31u71J7UNMkKb4YHaP5n81s7cArgZJHbqRXmyg3KDbbd1da305bptt3vreXbRefsp/u5e43y25pNtNvlV1rZu+qeqVrJLoeT2UXh3TBdWuoOkMFrOxHkkrNKqsVZy2OrEk55BPQYwD1U3ij4Tw20ZtbW4ubmJl3gIz8gclgFIbJyB1B5OPTI0jxZ4NvtQv4/EekJGI2+zx3EkgMCGJsPuzyeOeCeRkDOCfQrjxR8HNKtI3099EFw2zzAsCyv907iSy9jyMHBJzgHg9bhorp+bWrS0furW132u+u5xwrJym4tpWe9l1Xwp9vndGn4D13SPEEOpjSNOewtLRhgMhhDEDJKJjk8kngfL1BwM6sqlc8PncRuJznLEYXGQQOnrnggVU8C+IdF1pNXfQEgFrav80qRLCTJKACcBcNgYAY8D5T0xWtPMnnRoFj2HAYn7pOSp47N2xg8jA6EDkdJqc2nyq9+Z768t9bp3vfTXbV63LnKWkny8zbu1p1Xonqnttp2Zr6QjK6BF+Zgrb365B/HJ6gZ+96dcf0w/wDBI69jsbbxOXeU+fpFo7qo3bwrtk8Z44AABO449Tn+aXT5V8yMRqrHGHUt8owQcDjjntyQO4HX+mf/AIJAtmTWYjHG4bRLfdvQFcBm2qpbgg8E9iSenWv5L+lfFx4FrNSs1OElLXRqcZa2667dfS5+g8A2+s121G3smvvcdXr6tO/rrofurpV2lw8dzGkjQsoAMg4yQNx5IwRwcgcEdc5rp2nl2hIQqq7BVw/LcgHC5PGePqM9wTzkd3a2rY2bh82YoSWBLHAGFGAQQDn0B6nNbsASXZcFhGFKlYTwyqc4LkHrzwcZwScV/mNllaVSNm+d82r3um4xaT0sraXd7O1z9CxcbTUrNJKNo31s3HVXttF25rO19bp3VsRyMdzFt6hQV3Njg4yCM9skE4Gecgjjyr4xrHL8PfFyMWBbwzriYZshidPl6k9G5PB4OeRxuHrDTJkKCxz1PQfgOCQR1HYnoK8q+LciN4F8TxnBz4f1kNkAkj7DNzwDnrg9cZDE8Zr358tGthHFpy+t4ay5m7fv6Vtduj0tr5LacvbeJh1s27a3smmrbX2ttdH8DHxLcr458R4wGTUdQj+f+7HcuFHH90FQMnbxgZ6th25Rr/w3yqtHcrIXXkrtZTz0wCM8A54+i1q/FST/AIrzxagK5Gu6wiEHkgXkh+bHAJVc4HHQHBzXK2UjC80uQswSEqXYDA+Zto9cc8E9RkYzxX+8XA6f+r+RNpNvLMC27W0+r0m/Ly21tY/lvjtqWIzhNaLE19UtrSvbTfXT11auf6HXwOuRb/sc/Ba5W5Mcj/D/AED/AEoNgxp9mg3M3PJAYkZ+orzpdcsrfXbea41KG8ikvNxee4BnkKt8wSPJAZ8AEKD04BHXpvgBC2qfsYfA7SPNSGe78FeHFEsv3Aj2dvu3bsfIGOCScEYz1IHdf8MzeC7Czj8TeIPF1ppuqWKy3cUs9xGtnCrozosMJl3SOdvygjcMkZPb3Y0HUqVISi5QUnGSXNdpuKa2teztvG6t0P5s4shmNTFYeeElSgqeHhKpOpWVNRSSdmpaSula27vpd6nkj/Hu31fXfGeh6fBDFa2Oh3VuhuTiV3SIq5iJAOAf4mB/3gTivpP9ju48Mal4GmjstZh1e8tbwzyRxMHeznuWLSWxILEFeRxwcAsOOPh6fwveaTovjvXdLsbHVRewawYNdnQJNNYRW8xcwojbgqhdxcA5Pf8AveOf8EjPjwvjDxZ8XNJtbuxifw7q8lobJ3x5n2eWVZLx954CHJfAy2c+4zzHDV8M6aoUXOi+Vyd7uKfLzPeytZXveyaPd8MMVRzWjiJZhi4yzCk5qjDX3oyejS0Umkrb3W+237O/HPxRdeHPD8lp4a8OX/i3XdS3Wttp1sJCtvITndNtBHlnncSCOx5Jr5Qu/hp8RZPg18RZ/EVpp+jvr0Md8dPUBZdPhSVXMMzjo6gEAZwTj3LeVftVftleIvhX45to/DHiDRZdMtJ3j1a4tXEtxLdH79pAFVmV1UMCw5J7Y4PiXgn/AIKEaX48u/E3gbxZpmqw2Xi7TlstDuWuZB9tvbnaihIZNsioj5ydoz+BA7MHHHzhy4aF4ucZTaV5xs1o9fhVu17uztY97iLLsso16mLzatGEo4edKjTnKMIpzitWrXu27tPq0u5+l00U0H7OiTtLDFHZeAnjW4d18pJFtSqEysVT5mx3AHCj/a/OvwN4+8OaF4b8FW+r+ItAtpLmbWtN8XxztbvJJYag0iRssknBAU7k5wD0IySfu3xJaeHvGH7P1z8HodfttO8S6t4KeO2gF7tdE8ossjurllZB94Y+bkEccfzcfGL4deKtAuX8JX/iTSbex8HWsl3qOs2087HUbTc+6OKVwsbXMABAVm4PUjOTdOGJhWlTWEnWp1aiVRJO6tJO6Vmrrfe+t3dKx9TwxieGFl1XFY/PIZZiMHhIywvK4tOMIxmryTTTjZJtXdvXX7X8WaP4a8KX/hW/8CeILjT/AAJoOt6tf+KtRkvHisZlumZxIssRLsjE4VQCAAcEY4+XfjD8atd8L6dd+IdG8bWuj6BHqTGLXhO09yVuGBha33kSSRBQdxUZGW5AFee/DHW/AHjz4f3WleJfjFLouiaJfwoNNuJFN1r9nHIfMEw3kQKQAqlSRjq2MZ+WP22D4M1A+FfCXwj1iTxBpdxGYZi+UsbJ2QCO2iYEiZ43BYzHcQGPUHj9h4ZyWlenRp4SrGpGjKabpNw5nG6TnZK7u0rat2Tufw54t+IqxOaYzETzvC18DLMIU5TniG6rhBwipRjz8yi1BN3SvzO7R+rX7Nf/AAUX8PeENbudB0SC98Y65qemWqtqN1K/9nXkqrulnUZYIxZnwiKdxPfk19jX/wC1z+0F44i8rwzoV7ZQ3IKrHpelTzsmSVA851GCfl+bORjB64P5Mf8ABOKT4Y+CPiL4UPxZsPCkGnaTZfYo7jUgkv2vVCoKhgQxdojxGDyGBUjAr+hvUv2pPhR4YBtvA/habVyxAtv7P0mG0tHIxykpTJQdmUlQK+W4iyuOWZjKH1R1ZzaqSbeic7XumlGyUU3r18j9a8POKocRcOUKtLNYUMPTaoKFNv2rSjG0ravRbN6Wvr0PjNfBP7TnxAjAv9P8R3TXgJkOp3csEMYb5ifK34HbI9CSVCjNdHZ/sZ/ECa1W48V+KdG8NRMrm5eS4VnjRh87FpnUZAU8KRyDyMZr17Xv2k/jL4l/0fw3oek+EbOeNgLm6fz7pQwJBVAmA5Uk5AUANgHoa+f9S8N/ErxjPcyeLvF3iHxAJd22ws3uY7Rw+SY0SMbVyW2j2I4BHPmUKtW6cfq9CEbJWSuleOqW/vdW3ZW00Po8ZhcDV91vG4+cnZXqTjTbVld2jd37p9073JIPgP8Asu+BdQ+1eOPifdeLdQSYH+zNNYOJJUIOxGhZly33QuQD0yABjd1j4nfCbQvCPiW0+GXwYvbuGHT76ObxBqCCOSOFYG3yvuG6T5MuAwOcqDtyTVXwH+zX4n1K/S4s/C4s7OMfurvU1ZyMkhiS5YmQFsliASORnOD1Px2/Z78WeEPhlJfWXifyL261C3h1G1sogVNjcsqSIiLw8jodu0jBzjoBnWpmeFpum6+Iq1XBppQdo3TTvKMLXs+/nvqLC8PZhVoVKeDwdDC06sXeVSnGpO0kk3zTe2t3+B+Yfgv4w/s/6NYXN1B4SuNV8dPrCyPb6qgZFjN0CXh3KNiI5IRAPmUKB1xX7LWnjnxdN8M7LXPhP4BvJfEOqaIn2OGW0W1sFke0yhWIIhMaPjG4APyTjgV+b2r/AAn/AGfvh14O1W51+OC38cTaxolzBNJ5dzqlzD5sErBrdSfskSsSzAH5gdpxyw/anwZ4ibVPCmgxeGoMWyaDpKR3RUWsYU2sYWSOMKAdvRsZBxnrxXRmeb0MZSw2K9lUbVScUqspqLUOVWUebe7XXVLTVHNkHCFfLK2YYKWKw8JzoxtPCU4SrxdSXvNtpvmi9t9LJH5gfC7wZ+0/f+JdU8TfGTwF9ss2+0XtlD9qFsx1dWbyJIrdW2Rwwx7SrMoBIGTmvV/HfxI8c6xbeHtZ0nwsdZ8W+HtRh0iHSTcTXVrYPIBGJLz5Wg2tkbixG3jPPyV972/gDV9WvZ7nVvElxPbuys9rA5CHgF1LMVCIeQeVwwOemD8zftDeMPA3wRsbC607xDoHhzT7vXbSfXtOtpotQ1m9SIr5mY42kZHkwQCxUDOec5q8Lnf1zFUFTwVOrJ8sFGManLBKzTsnqr8qaS6vu7+PnHCMcnyzFVa2b1cPSVpzrYidNVX70ZRlH4V7rV1Fu6cno72PgX9nbxf+0bq37T/xc8JCHwt4S1KS0gvNR1C9ETmzj3IWWxiHGBHu+QH3K4FO/bF/YU0m+8M+NP2gPE/jfXfHd/p7W09xDZRRW9tLdHaDZ2KBxsTexViowGIXGRg8Fon7Tfhq1/a1174i/DrwPrWrJ4s05tA0u01SyuIYr+dbRl+1W67CszC4XII34H1Gfp74qeCP2ifjR+yr42n8R68vg++0+a51fRvBei2x/tC9aBmmjiuNgDZIUAxtjHcCv1rBTxWU59k2YfWqGXYTEUsFTxEfcVSs5WjXpRik5pXS1Ukk7Xd0fzBnNDLeJ+DuKsieBzLiDM8uxec4nAYmEqksHhVC0sNiZP8Ad0nJxk5NWlN2sk07njHwf+Inhz4P/sua742+Ffw48Iab8QtEtUgv9I1K7juPFGqS3JV4ruS2QNdzpDGciNUYcEEKF5/D749/ELVvi74uvvHPi6e/tdf1KVYNQkuJbxXgcHb9ms4GCmCBMhEjAVVxgAEED2n9n3x/rvwT+PvgLx58WNMvp0u9VbTdY0zXAVtEtnL2S3NxaSt5UqQFllZmQrsB5xkV9bft+63+yVPr2g+IPCF3Yaz8QbmeC/uLLwqYofCv2UoJ0N5FEBELlnwsy4BIBAxjNfrmD+o5VxDXk8ur4t5ynWjmSUqioq0WqNWbbcKaaTTTWrSSVrn83Zhh804n4Jwyln2Cy2PC9Wnhp8POdPDTxNR2UcdRpxhFTrST5Z03CUrRbctWfAnwn/ZP8cfFbTRL4J8EeNdfup9yi7S2eysMlsqxmudgeNs7gy5O0ZBzxX1zpf8AwSv+I6+Gn1vxdrej+CI4YjLeWXmHUNTijUYYjhh5mc4UHaWPfnH2V8DP+CqPwF8HeANF0Hxdol9YeIdK02GxOleFdOtvscv2dRHHKs/7tmllUBpDxknIr5//AGkv+CoGsfESGPw18K/D1p4M0UXUcl1q2ryJJquoxqxdVaL5xEhJDFVLAjAYYJz5WI4k4tq5xPC4bL8PgcuhJ03ianvXpppKUXOVuZrVKMWtejvb6TL+CfDzAcM0cxx+eYvOs7r4eM1l9Lnpxp4ifK1CdOEXKMYSsnKVSN1G6i9D6y/Yb/4JofADWwvi3xGniXxfd6DcSxOuuxNp2m3s4Iw8cC7TJGpyVLDIGc8YNfsNpf7MfwN8NaPcaZonw78H6Yk6NJPdppNvNeyKoJ8g3Uib8SY2kg4IGCcCvy6/Zr/4KWfs2fD74X6Bp3irxrqvibxvcQtc6/Z6XpyxFdRkVVmij4WJoEYAKSec8HBBNj4qf8FiNFktr/TPhL4EilUwGOHWvEt0tv5EgywkW1i3hwGwecZ28AlTX4fxVW4pzHPsVP6xiXhadRxozlX9lQUYNWkveirN63SejXof1v4bw8LuH+CsC8XhMqlmdfDKpiKdPCrEYx1KkVeMlKM5KSjZXcl52ufqr4K8A6H4alX7H4E8P6b5gl8mOzsbeCJ4sYjurkrGd27GcttIPOMcVn+INV+HWh6jZ6n8RvFugaVBazObKOTWLVUguN42I1us/mbUOFwy91IAzz/NF4s/b5/aH+IVxcz6h8UbnSLWSFoYrDwrbm0KKePKSWAqzddqvkk4yOeD8/f2jrvie4bV9e1vxLqlyl4l1Jd+JNUlMaqk0c2FS4mVdjlSGfqEyF618nmXsMLTlUzPO6VObUnOPtPaS0SbSlKSte/ROyXmm/r8n4hwGMrUsPw9wtiq8PbxtL6tDDwUYygvaShTguZJ+8tdFZd0v7NfFHx4+FPgDw/YeIfFfi7Q9C8PXdqr2GrXchFveRiMeW0A5LEr8w2jhccAnn8/Pil+3F+wbp19J4n1fUb/AOKOtaYkght9OWe80+SXl1hjtbjbbkFvQMRndyuCfxs/aF/bS8AfEj4eeD/CHxT8a+ENMsPAtuqWGjeHgLy7u/s8CJHFcPGwDPJtIIOcPnJLV+XPin9sb4N2E1xJ4d8MX2ppGWW2juQlrZtImPLkKozEglRnIyO4zwPyGfFWBpVZunOdVxqTiuS8rpysm5JJarzsrs/ofEZNmuYYehToZZSqRnSpyl9cop06dS0W/dn7knTb0TUmtLqx+43xj/4K2fEnxTHeaF8DfhtpHw90CVWhh1S7skuNTezUbEdYGQRQHZgqFbCgYGc1+V3xL+MXx28e3N5q3jf4oavY25wY0bVnso4VyS7xWkcgjTHOCoB/DFfnP4v/AG1vG+rS3cOm2ul+H7SYERRwIs0kMWCq4YKGBwAAQVHzHjINfLXij4reL/Etx5moa7qF1E4bdG9wyQDccg7AQMH3JzgdhiumhxtmMYOnhoSpU3q5Sk3KV+XWV/mrXs9U09D5HG+DuJzzEQrZxj4pL/l3SpxjCCum1GmoxjCNtrPWyvqftt+xprPh7W/2pbeHTNbvPEt7J4avn1TVrmZ72aWeKMk5kkZiqqQQuPlHbaea/oATXtYttMa1tb+S2h+yqmI0XdsKgjGADkjjJJxgZAwDX8sP/BJm8mm/aQknZgRH4V1cnaSQwaPp7kkscn0yPvGv6jrW4thpyu6qHa2QhchnZnA6E5/IHn7ueoH+UP0u6uIxvizRxNWrJ1a2V4NylzN3fNPRNXsrJW06tdj+9fAzhzCcNcDYfK8KnUw2GxFVr2lm5OfK3e1o6623V/O1/wCX3/goQ1zdftD+LjNPNNNb20OZrl2lldHRSApbLD5umSMAjAGSF/Nq8ibzViff8xycfN6cqMZ+Y5z6A4Br9Jv+CilzaL+0V48aNWLxxWgy2QoLRxkgru5y2AOgGCemK/OC7vY1Zy+wOyKRIMZBPHDAccHGMc8c5xX96eCOGv4e8Npp839l4ZJvS9qcEm7dXbV93q0eNxzWhHOq6TtdRb6q9oaWtfRaNJa2v0bMC+tmjikkifhASVOAW55z0GecjAyecHJBFSG1ceQ+9AsgOW/hxySGJxknOQCOVJ6ZIqn4hv8AcjWquVAQMSSNzZb7o5Gc5znI+U7uQc1xw12S3t5E81zDEwKxmQghsEMQfVeSDjtz6H9UnRnHRX93l11VneLvqujVn6tXtqfBxrQ9o00tbJ2b1fu28tPy2u7Ho11c2lrtkUxfKCpUNkkhTuZupAByOcdPxPnXibW47zzobbDlQrE4A+UYyM9MEegGTgAEV55qniaeQTfZ5GG1mUAthyTyyjOOByMgHd03cZrn4dauWaaeU/KEVXPQleAU+U8Nz1OSSCflzuPHWn7PrdvR6xaura2120ta1muqemjr+0TgrpdGle6tv+V3Zq60OoiuPs6z3KOPM3qBHuBwCuDgggkc4yemByD06qzvIp7VJCyGQKyuiMGZmOCMAjqQAR746cGvK7S7W485wCA0g+VzkBAc4Azj365zz6Vq2NzLBdC4t8rCknzZXCgk9CG425+6fxHesJVeZpWsttLb33WuumnS1+miUU2lbW/rJNpt7tWXxN6Ky00sz7S/Z4sYpvFUl1LaW18lhZSTfZb3ayNK+VAZGB3fKeigk9AM5z8H/Hwwp8UPGFtDZxWyy6pOUt7T5baFi7ElUX5QOwxyecjnn7I+CV7evrl9JDJHDM1mpwpAWbcRlOvylucdyOAOor5W+ONklv8AETxC7xvvSbzCWAyHfBYls5II59ehzjmvXxMKdHJqFRaylWlFvl1aSS7N7J22V/kediqk1XmlKyjFbdVdO3rpdX+Wtj5njs4Wa5JmkafdhY3ViFLHjAbAHIzj7p6cda9P8E6FeS3sbXKulvmONgQoWQDj5h2J78ZxjoFAqxpWlafcS280pWP96h+5kO+eS3JG1SAPXuQCDXoRFtYShoJo1SHc0yhwo553AZO3pjA7n5gWOa+RzDHTlBU6afNJKOysttddVdPfby1MsKnKXM7KzT0e7fLd3d5JWvqmumjtr39ov2S7ELeU1uiqEWLaFJC84Poo+8STggkdKyb/AFVzcusLqR+8jgjRxv8AM9iPw4AJPbIPPKJ4gS4jkhiYQliQgRgztuJ+aPkgdQQBkc/iJNKNtFNLPeyFZFlAiRiVfnOW45DYyDxg5HYAH5T6pNS9rNuTu5NOyWritE1dJbLZa6a797qtNJK6bTfM9tVdbLR6XTl20uyvrOq+IbIQXUsayRwqx8o/NICGAIK4LDA53gAgYzwQKx4PH8tixumsZo55QSWKPKryZUbGDKCQDwSSoGcAcZPayyiWe4uYGMkca4iilUuzZGSxDbj85JHUfezzjIv2OmW06iW7tbZzMjPPHIu1kKg8LwAXYYB2gYJB4wrV3Rq4OEOWvSg7+6rPV/DF3Sum9Er/AObZMqbqL3b9tG7qzjdX2vdtNx1ilfVb8pqnxNj13w6LVrCUahGweWSO3X6csEJ+UcHJPBI+7w3kkviO7ttQaWXEqBkYIRsAAPzYPyq5HG7JwCDgnI2/TWn2eiWtuEgsbRkuZXiZPL3SIob7qnaSwbhcdcgnJIzXAeMvAUGoyzCG1e1hj3ys0OGMQZeFwG5AHO38ABwDWBxmAhN0OR04Tas29G3y9+l7a9L9NGZyw8lyzu9LbOTtpG7um4q6e7jvfS2pzNn4piuWE6tFIJIs/ey8TRjOwHpu7AnnGRx1pbzU49SAQSMNsTBJCu7zJG+XlgQSQfl5AAP0yacXwxnFtA9nPgLkSGRnVzvBAOw8K3UYOPlPzcddLTvB2pRmZZZSY7PcI0kRgZHyWwxUcDkYHPGc9Tj0JzwNNrllFyclpq2uZxtdpNX72aehFSE5R1bTtoot7ae9raW2yScrta9DkmnkMk1jdP5MUajacDcGBJ7YGOoGSR15A4bd0tYBD51zcJKApUR52tESSVcDAy3I4HXJOT1qxq9pJBM009irhYNpMJLKzkAIMnG5gcghj6AcdMA6fqbxRXH2dtrMW2qnzrtIwSMlm425x1AOQO3S/ZVKaTklHRNq62acfx3d9W7bnKouLbc7tJrd9Guuq6XTfa6d0ircX0tvdzBZJiWZViBBXcTjIOCDznpjj1ziujjuI7bT/tDyeXMTtkiWUiUuSwBIGTt24YYGOF5HOY7ezvJ7fzbmzjd1+dZSo3xquQoPTDMASAMbe3t0+k+ANe8ZXVlpvhzRtW1nVL2VPKh0vT57twzHZsdoI5VXnglmXjBOBgUOhGXIoxunypuP2lf3nZX09Ord9kRFybahG8m1ayb00vpd73Sd93f3jlrG8niu2mSZiA0b+VHhX+VgWJ6gjjnJGcMScZx6Vqnj6/vNLXTpXkhtcqrNI6tk7cKyFyGHY5HQ196/Bn/gkj+1H8T1tLvUtGs/h5o1xGjvqniaXybl7dmDF4YVBYMExgOBnG046V+n/wAN/wDglL+y78HIrDU/jN4uu/iVrVkFlfT/ADRaaeblMMUFvGWM0QI2DzFGQBkkDjpp8JyzKpTqrCucoNOLau07xd9b7dXor7WOiFCsrupJUYOyfNta605b3T1t8rK2x/N/4S8G+NPH2t2+k+BfC/iHxRf3exYodN0+6mhaUsBn7SsZgRS+MhpMDBJIXFfqj8Dv+CTHxg8e29rrvxj1KD4X6LOyvNpysk2vyRAZCSKzCKNZF4I3BlIweSBX7Y6d8QPhJ8MbBND+Dfwx0HRvKRYYpLHSba3YhUAVmnEbSSyNgFyTkkHBbquPP/wtH4nXcY1C8utLtLnAitYS1uHDn7qhSMkgkgtgDnpzX3mV8E0aMIzxdoSVmozdkleO2qu0k+3na6vDnh6bcIN1m2lZbNrl1tr1132dlueEfDz9kn9jD9m2AyzaBa+M/EyBWkvfEGzWXlmABR4LRxJFE+QGGwnYTt45FexyfGXxTq8H9k/DLwamn2USeVA0enCGOKJPlj2RRoEQKNpGAMY3YBGa9f0z9mNbG0+26nG814jCVkvYjI7ELuAG75WJxkA8EHBU/wAXsvwms7Hw3PI1/o1rDpSq/wBoaaOK3I2vtZzI+FCgcsCyqM4yBX1sMPleXYdypwhWlGzUdlf3Um1ppe2tnfvZJlU4V6kv3cVSjezUYvbTp5LZdErX0d/kLQfg38X/AIjX8EniS61OC1usEs5kS3w5BwEGBwM/LjgYPUivrvwD+x9b6PAr3gt7uZ2x5s6L5ig5xwcgAnJLZGCOSPmLHxP/AG7fgb8LY7rT9MWPxT4ttBIlj4f8PQx3hM6DAS4niBijBYDcd3BXp6/nd8TP2xP2ofjlbtHYPa/BbwcZHgaLSpWGv3dsxIBa6UK8DOndeFyPm9ON5tmGJShhYKhTbSXLGSTjpzJuyeyeytZL5diw9Gm06snUla9r8zbXKtF23ulayWjskfe/xT+L3wD/AGYYzaeN/Hel2mrxxs1voWmmPUdRmkXgJHa2vnFXPKgPtIJ4O4EH4H8Wf8FCfib4x1Oe1+BXg19G0MA7fF3iaFraZGQYE8VkQqnIwy7hk9MV8n3Nj8OvDF1Lr/iKSbxZ4neZ5ZtY1+5fVL53dg24STswVdxyAvTv0WvK/Gn7Qul6HFJp1ilujXbu0SWqq0wDABECx/KucAZ7DrzklSo+5zYuu5ServJ3Xbq/JXt117LOVVRm1SvBKK92Kbaba0ai1a+l3J3V9bO7PWfGR8bfEy4vNd+L/wASPEviua6MlwdHTU7m20CN0BIWKyR/KCA4BJAB6njp43J8QPBXhWOWw0+CzsniQ7pAU27IQy7PMwZHYAZZixLHHavmXxd8bfEUtn/xNtWHh7TppJFWMzKb2WAk5AQZI3KQOoPXpXzLqvxc0G2vboWtvJeAKVF5qMp8vrk7IyCCznqvbI9a53mWFw/LDDwlVmrqVldXfLre1m27rRfLch0p6TqzVNPR8z1b91q22q6O2ib31PsrWfjpqup/a49JS4mhdnQXlzI8drbBcgMpYqrA9W3c/LgnBY18zeM/iRZWiSXHiPxRJq9yzsV0yymMixODlYyqk4XjDDGfcHFfPt9478beL3m0zTnnNpISbbTNIt3MrrJwpdkQBVYdSeg+6B1HVeCf2WPid4sjbVdeEXg/R0kV5bzU5WF08JYFgqMSzsVPQgLnAyCK5qk82xvKoU5whNSVo+7soN3k24pJd97GMZUE7xlKpK9vebsntJWfZpWs/wDN8nqnxZ1rUYZbPw9ZppEUjNGGjiaW+ud7YV1ARpFYkDB+8CExkk49W+CX7GX7Q/x0v7a90PwRr97ZX0wD+IdYSWy0+3iZlBmd5wjMqqdxKA4HJyOvt+hXPwU/Z32avbaHa+OdctoV87VNZAk05LsfKAlu6sHIcdht7fRPGX/BRP40a/ZReHvB+qy+FtECeSq6K/8AZqQxMCpigihVVSMAgKckspB4rwK+Hr0azjUq04crXNJy55ys07Kz3s2tdu3f0YfVXGLxDnKSS5YRi4xbdrN2321Vk7ptrqfefw9/YK/ZF/Z2ji1/9qf4oweKNWt4VuG8C+HL+KRJrpAGNszW7tMx3gxtHIoz3zzX3b8Ff20fh1c/Dr9oP4a/s5fA3wN8NtE8IfCrX9c0rxBqekWl54h1ZILWWOQTGZPMeeeJRscElSckqcZ/nj8NanNqp/t7xNq1xrutXVwJbifUJnupACPMbc0rMC2WLHqD97nNfW37KfjnQbXxz8YBDPLJHf8AwW8Z2hiXBQumnSkqV3bd2cgDknsGI5+U4pzt4XCyjgIzVSDoxnOFudKU6cJ3STXwuXra/dP6LLMJSnKDkowg4uUFPfmt7rilZtJ3dpX21Pt3/gn9/wAFFhZvZ+CPjtoc3if4XeHpLzWdKtLeNIRpurXQcyebACA9qHO4IQeSQOen0j+2/wDt1/s3fEP9nrXdI8B6LFdfEG6uG03Rp4LSO1t9B0uaVmeLzEVS0jqxV9306gCv5lPCPiPXnv7xvCdrq00skj272VrFO+8GRgSwjUgAA5OTjrmvqvR/hD498U6ELjxTc2HgrSVTz7uS8dY7y5QANuROS7uMghgrFh0HOfxTibwIyPNuK8PxNSp1YV6tfDYytRpqMqdXE0eWaq2cXOEpOKT5Gou1+W+r9vBcX4qGBnhK9+ekqtGnVc504RjO0P4akqcpJN8rcZNPbWyKa38pt9GNxKslolupnhgckvcuAcCNdxZlHO4Aeg2n5qbonwv8TeKrvUNRZZdF0s3KvJe6liCCGAEHzESQozNxleCp4XPOK9Ls/Evwg+GWgEWSN4p1aOSIRX18NyxzqgBSKE5BRmz8/HHPAr5u8d/HLxl4nub26a6Wx0nJhg06A+RAo5VAUG0FQACCd3cck8frWVcEYiNCF5rDJuzuuacYWW0bpJ7JXeh8niMzw8Ksp1L1pJKUYwejk+j07WbWmzttp9dw/ET4c/BSa2kspx4z8SJANt3ckf2dbsseBlGyr7XG7kHG0HrxXhXxB/al+IXjrUXhudTuJNMlUiGwtJWtNMtl2/JsjTCssYAGTtBO7vmvLPhj8E/jD8d9RjsPAXhPXfFV+0gUXMVvcR6ZCsjY3TX0qrAYl5LBJG4wApFfrp8Fv+CTFrpqaVrv7Q/jBJJoVjuT4D8Jz7t2Tva11DUAUeIgEpJs3jIJBxjP02E4eyDJa3tpUliMbLlaqVbV69/db5YpPlS1V0oq78tMljM4zKKp0Yyw+F3T+BW91NuT+LTXr6X1PyD8NeEPHXxh8SWuh+C/Dut+LtZllWOS20m1me13u4ANxd7BBGoJ5aSQYA555r9Ufg//AMEtrm4Wx1z4+eKYPC0IWOU+DfD7LcapIPvG2v50JNudp2sYixySQMgV+tnh7w58OvhDoa6L4B8K6H4B0aGFI3ms7e3/ALXvkVQN97fYWe4kYKp3M2cn2UVLolt4q8e6h9h8G6FdXRuJVifW7+KQQqXO0TK8isGU5JyDxhSTt6fU0447FRTjFYHC6Nzm4xnb3dXJ25e/Kt/LRLleGwOE1qzeMxV7uMXLkTumrvd6667u+zZyHw/+Fvwc+CWlRWXw78Iab4ZWJAr69dwRXmvXQUYLtdzDzv3gG4DHy788HGOpgv8AxB4qvTZ+FdA1HVbu4fyxqt5DI1nGDwsrzMBGoxg7Q4K9Qe1faXw6/YsvEltde8e3s2vTjbK+mwsRaRBthEZOTuGeD8uMkdQOf0O8HfDfwXoehppdnoWnQ2wSON4BbxxSRuqjAyB8xTBPPQnJJ7p4nBYJyhh08TXaTlWm243XLte8p2e1lZX3asx82JrwTqKFGjdWp0tH0spNemyT3d02fmT8Nv2TNQ1BrbWfiVLcXSEJMLGyLLZor/MFd1GGwSN2OMAjvk/ffgv4Zab4Kt4G8OQ2kmnpGrSaesCRyKFC4AbbuYg+2GbnvWz8QPib4F+ENgE8V63p1hpgidraIvE92ASuIo7dd0kxIBABU88Z4yPza8f/ALUH7TnxT1afw9+zN4CttP8ACz3iwH4la+rQW0duSBPJaWzqGcRJk8DG4ggd68uvi8TiU5VJqNOMrNS92EU+XRWdm1fSKu35XsaxoKm78jbaVuVXk1oumid+/N02R+jHxJ+NXwr+EuhprPjPxVY+HUyVjsZpla7uLkDcLWKzjzLLI7rhNiHcTtIyST8M+Kfjf+0r8eLe6g+EfhFvhx8Opo3ZfiX4hSSC8vbNjtafTrKQKyZQ70aRVHQ4wMVoeBv2YvBuns3jb4t61dfFf4gXypfS3Xia5a60bTNVUb2XS9LkZre3RJFxG4UNhcjqTXsWv/HDStF0NPDmqW9naQLbz2UVmqLFbPEIykRjRFAXbxgdDg5Iya8uVRSm40aTqTsrz5W43bjry6/K6srbWendQw8YJSqaKTV4y3jqr3t1u3rZKzutEed/Cf8AZB+FXhYTePfHOrX3xL8d39j57+I/E0r6lBHdN87mytJ2eKNN5ATZ93aBgEtu8G+Kn7Sk3wn1G7/4mCqPCt2sY0a0i2C40p3wMKmF2qm792oGAFBAI5881v8AbC1L4eaFqekaneLcPbXt4dGWPbKPsjux8lhlm3RqwEagnBHORX5ZftJ/tEW/j9V1GeRNGinDi/vchby8zuwgiB3bVONrMeMnHIwPdyjhbMMbiXUxrk8NKClztpLlai+ZRe3ayS5d9hYjOcLgKM/Yzh7Tm0it2tE+Zu7bd9Vtc+2P2kf284PGng6XRNBu3sbO+s1dbUEG7+0SqSyyOmSinPJzyG6gDI/DD4jfFXVNbnutPlu9tsm7z0jkxJNId3JK5B4LAnkkhjg9sXxJ44udXjNnpANlp6Kyy6jcEiWVcncQzcsSMAY46HgcV51Y+Cta8Rx3NzpMTJYF2W61zUG8m0gDAZdS4AkOASQM8jnI4P6HgKOR8KUedVaMK2rlVnKOtlGyjfVtrRJX6WTTPjsdiczz6p7KEZugklywuopO2sktEndK+l1a7I9M8TQW80Fr9vkWWa4WSFkkObdo3JGSOjA4ORtzyMAkV+jvgf4gy/GXwXbaNcz/APFbeA1SXRtQD4uLqzt1DkF+CTsUAHdgZ6nDV+SV3pUulazDYWtwl+ouWhbUY1HkzSqRkRNzlFHBI47nnNfT3wv8Y3vgnxdoerwyeU0HkxahAp4mt5GCSMyg4ZQCck5BJG72+uy/PYZpThJShKlJxUHZp68qV0221ZqL+G+nY+VxmVSwM2tYVIcrbi00rOOltna9raXTXke/ftP/AA8T44fC5fi94Nihg+K/wojFp4st44lN5f6SjbXvGQAyvPageYGwxOAOcmvlfSNc/aB/aG0fwf8AD1NR8V+O76wjsoNG0XRYLqRkEM3+jnUrgLsjMJ2hBKQyAYA2jA+/7/WD8M/iJo/jixhWXwV8QDFbeKLPaJLKWG7ANxHPG2Y9rI52k8HkHnJr0fR/jp4t+BFrrnw5+BPgbwt4du/FGoy6jpvxJe1t7jU5tM1NvMAtZWTfEkLSGMNGQUKgAjgV+B+M+CoZVSwudzwlKslXdKGIq8nLhZSXM5KTTabWiUbOWivdafrvhdmlarVxWXfW6tOFSjzulTk17eKcYuEktfdk1pZuz1Vnpx2kfsOfDT4LaRZ/FD9vH4oNPqqQQXekfCey1Y3usyrHEpisL9hI8sK4UI8GNgyF5rxj4v8A/BSHWbPT7j4c/su+EdP+DngW3he2W40y3ji1i9tx+78+e4VFlEsiHcCGyxII5OB87/GTS/iP4l8Y3N74v8Qal468SX14xkvrue4vVjkdslYlfKIiHIC4HC4GcV5Bqfw+udKu4zfWF7NqInR5raG2lYyAhcb9q8rwAVIzlQcc5r8QyvNMrnRhWq1oVpU2506SklSpu8XeFG6in3lJXeuurP0vNKmMjJ06MHSUoqMqnLecrJJtyd2nZe6nqu+ljgPEE/jjx5ql3qutaprGtXkoN7fareyyzy3DMS7qJpfu8fL2HQfxV9efs4fDzwzY6Nqni/WjDm0h817S+mSJLRc/NchpSDJKTllCqeefl4rkr3QD4eivLrxJfWGn6Vb6IkyadayIbp55Yw8ERTAkLBiDKmMKSQTnBr54u/ilZWdneHUbq81LbCyQafAzQ2IX70aXEaFElwu0MGUlTnIPf2cR/aPFGBnhcDOeFoVJxjOtShJylT05o0ndLa15XaSXW9j52nUo5XW9viP3lRqTXPJNRknFvmTu9le+7StofqB4i/as8DeF9MGjeA7KbxFfx2DK81/Gq6LZ3TRlBIWbAmWM8qcnBAwCev5afEj4vajr+p3TavqNtq19JdyXMVlakiytXLOyoI1BRlUnHzDK4z3NeSarrHxI+Iax2vhvS57LTpW8iGGxt2RZsuCFEpCFmIPzncQoAxx06S2+Ey+ArGPWfH99b2srxs7WTyA3GTksHBbczdU9CQTgnJHucM8D5VkslUknWxs0uadSXtq8rcuiaXup63UYrRu7lqeTmOe4vGxbpKVPDQu+dR5KUY3jeyb97sm9ulj1T4Ra74l8X27+HxYo5utREsdyoKW0BH3TcSoBvjQHKRjKjDc4CmvbfGmm+Bvh5YXniLxZ4lsrjWoAsMEUflyOZFH3baEMSGDDajMBk9Tniviuy+N+vNd23hP4VaTJHcSyvHbywQF7iTcSivI6q3kqwO7e7AjdyBmvaPDXwZttGu7Xxd8cNVk8Sandut7/AMIzFdSTx25Z/MCXTbiN7MdvlYxye2DX2dLhJYnFRrzprD0nb3acV7appGzlJfDG7ei31+fgVeKoYfCypQcsRVSUXVnzeyhpFq0VrJXfSytds5e41T4hfHK6S10DzvD3hW1AA1W8YwAwJkmUyvtyzLyFRmGTgYzz23hzRdI8Lzw6ZoS3PiHUo3xqGuXJaRpZV5ZInbd5cQwwJBxtJIHBNelah/bHiXfc2OnWnhTwTaQ+VZ2FtGLcyRphQuFUF5CntyQD1HFSyWfdbeGvCej3d/rOoOsEFhZwGa9uDIwXO2NGkTzGOA5+4BuYjAx+g5Tw/eVLD4XDSqVVJQjTpQlJzaceXm0V3for720uz86z/irBZfhcTj8yxtDCYWjCVWticTVjRpQhTSk5uVSUYRgldtt2Sve3WS5vSHGo6xcKttagCGBHKxCRSAFRTgvtONxUYIIUnlQeG8Y6R4z1nSW8YNoeoJ4IgnW2Gs30Bs7a7vScxw2xlKNcRoActFvGCMnOM/oj4b/Zt+GXwE8NW/xn/bP8U2mnxW0CX3hn4PWV4r61q0pTzbWC/hDeYnmNhZQ6lcMd2QDXxb8df2l9W/aP1uBNO0e28HfDrQSbXwf4I0iOOCwsrONisVzexxBEnu3jXezspOSecV+sUeEcNk+G9rnGJjTzKpTjLD5ZRnCdek2otVMW1eNCKSajTb9pK60Wt/5ewfjnmPiBnsMJ4eZVUx/CuBxUqec8Z5jTrYfK6/sXyVMJkcXGE8wruUdcRD/ZYRV+abaR4ONZNpEkFlAiCVGEkkaEhGYnKoSOpA+Zzzz35FPgvLuxC3DO6W8Z86WZEOV2sG25OCST97APy8kHnHS6Np8U01vYwW63UxLCOMxhmLHAUbVDHAHQDoD+Wp470yXw94Y1q4u4ok+yadJKdp2lJJF+VdmFGVPIHUkdTkAc2OxVDA4SpUrzhGnGnLlTlGPM7JuKb0bm1a3Ru3dL7PGZpUrYvDYaFT99XrQpxUdWpVWk5JJNtLfytrbUTSPjf4YjeWO/QW9yy7BN9pnVyiqV3nAGC23OOx6ZBOcHU/iv4FmeUSXd3cSLli5uHkQAHggNy2B049MZPT88LvxhctcTK5kDDe5mOS5VjkA9MfeHTsR0AzWEfFSOHXymaYn/AFrsxzgHnbuwB6jj371+Xf21gKVRSp5Jg41OfmdVxvKTlytu9lr3a006PQ+1jwVnlWM51OK8ytVhaNGMoQjCV4u0Vy/Z2trLTz1/R7QPiT8N/wC2dMlumubiOK8ilvAsu1/siyKZ44nOCrmMEKy/dJH8XT9QLb9ob9gzUbK2is9U+KfhTbYRJc2sWofa7H7WkSLK8QlOAplDNxgjjbwMj+aGx8TlHT5zI7N1GQQBxjggbeMkcnIxySQewTW3jG4yb4pFAIG7bvPQk54IJ4OScnnAHH1OWeIODy2nKnX4dy7GQqSjO1ZVFytJWacZpuPVp30adlbX8/4j8CM44mq0asPEHiPLHh4uNsBWp01LmcHeXuyUmrKPN0u9HZn9Glh8Xv2L7q2WOP40eOdIOQEN3bxShPmO0+nAOMjkjqQMVqjxV+zBqw26P+1dfW7SHcq6lYxAA7QwJbB4GdrYOMkk561/N/ca1OIF3NGoRgyfKDuUkE5+mCw74OexIzz4qYShcRsiphnXK4YcMDjqG5yO3PzZya9yn4lcMVpRnieDMtdlHmjSniKafw3WlV6JJ6Pb0enxs/o08bYODp4Hxe4sgpP3fbwwGIUbtNWU8PF76au/qf0sR+Bvhx4hIOl/tTeDbwMcRrfLbRSOMZAILqeQR0yQeR3rVt/2c59VZTovxv8AhtcKcKGOp2cY5HH/AC2Bw3Oc5LnOBkcfzNJ43Fvh0BBTB8xJZEAz94ZB4IPGQ38IODXRWHxU1C3KQ2eqX8IJGXgvJ1ZWK8/L5noRz8vPTg8d7494FrxUanB6pNqNpYfG1I8qfLry1IzT0W23oeLL6PXizh6qq4bxhx1aMfelTxmU4aopvRK8qVany+fLDrY/pRP7IXxOkKyaX8QfAeoEjINv4ltoMg9MbbnLYPRjgHJPrilN+yP+0RayB7PxRp+2PcyrZeLshj/s7bg/7IGAWGR34P4D2HxU8WWtuJIvGXiOJlUOFh1O6jOwHcdoEhJODkeue1aNh+0p43ikWC3+InjlJCTgxa1fcBSRgDzMlug2gHt9Kj+3/DyvNRXD2IlKT1Uq1Go27x0V6TbfTo9tL7dNHwq8c8BzSXiTg3Tirp/UcTBKKcNZWxFlfT9LXP3an/Zz/a1t3R7TxRqot4h1s/EjTED/AGVaZcnn+IkjqfU5M/wk/bQs3Elt451+1RQygXd4zlcKRnCPJkHoDyT0PBFfj5pH7QvxgubhNNsfin8RxfTp5kFjHq9+ZnUJuyqE5YLwoztHGRgYNP1P9oj9obSLeW4k+JvxPhWN2DedfXvy4G7LlsgHAwQCwx9Aa7oUOBa1CVZcJ46VGLtKdNU5KElytq8aVlo7u7T1u0cVTK/GTA4inhpeJ+SQxFRqVKjio14OprFK0XXbcZO6binr1W5+tbeDP254WcW3xJdicgibzipIz1+ToxzknJz+NR6foX/BQXT5WeDxL/aak8yRxRSIo6qCZCpxnuBnJyScGvxok/a++Pi8p8YPF3OAFe9mcjOSA5yuSOVOQMtznHJmX9sr9o63dHtPir4m2gAsTcSGMYwDnDEuDwQSDnjivn6+O8MOaUJ5TmVGC+KH+zTUfhvpaL233ve1up9fhuGvpDezhKPFfDWJl7rhJ0cdCXLprzJNO67p3utT9gfGnjf9unwF4X1XV/GctlN4dRA2qTXNnZx4s1PzsZ/MMix7iVJGcZ4wa8f0L/gor4zsLe1t18H6TeG1VbdZLS8ljjMaZUbHUZAcDcwBzklhgEivzd8QftifH7xloN74c8UeOrvXNCvUEF5aXEW4yQk5MO5m3YY8twcYYtXjOn+L1SaFM3NtaeaRNHGWjG3IAGFAHA4yScenSnk/iDgOCcXVqcEOeBpY2FNY54nC4Wc5+ycnCKvGaUEpNvvLVK9rdea+B+Z+KOT0MH4zQwmeYrKsXVrZQssx+YYehSp1qdKNSdaKqUVKq5wdmlJRg+VJtH7m2f8AwUo1lmSK8+HkkgYEP9m1KWUDODzu2hT6DOd2CMjmuts/+Cl+hWrf6X8OtXikUDdKlySEPUknaQQcNjGBu5BJII/FKLx3oFmiNJLNCgTzDMzsCwAOS5BIB5PJI9uooHxb8HQja2rIfObbhy0gyO7Ak8ED7xIB9eTn7mh9I7i2MIweMwVaKS92rgKDTs42ulCOn3dk3u/y/G/QW8JMROc5ZTnGFnJPXC59mFOz00S9pLVecd7vofuvaf8ABTH4XTwgax4V1rMgyxBEwjHHBVlAOB2bIJHB7Hatv2+f2Z9TUHVvD8+2UbnEmjWz7VGActsGeo529SecNg/ilpet6RqWmtqQlsxa+WjxyNGMSxtjLqSOMjAPO0dhjFXhqPh+9ijihbS0Mi4TypoXmPcnbnCn+I884Oehr0l9IbiGsl7bB5JiYNa82XQUraJpNSTT1+V1vofNVvoE+Gq1web8c5dOF3CWH4jxTalzKzvKEr2d4qzTSSP23i/bB/YtvFUSWa2YkyG36FBj5v72IzuyRgZ5JOSwwa6az/aG/YX1JNk1/oce8YK3ehQguxIyCxQnBIznk/QCvwwa00jMEXmxCUruJW3jYZI9VzuIPB4Jx74NVbm2hWVFtYVkTeRJcLboyRA4+Yjrz05+U/TArGp471pKKnkGWNp6yhD2dvhbstdle+/zsefU+gdk/MqmD8SePsKk3aMs0lVSXu6ST9m7rV35td7vVn70xePv2BtUH+kDwEQxOXaCSKQ5xy6rHgEHPQ4ORnB62otJ/wCCeuttzqnhSEtwRDfzW4CnJ/unGB7rn3NfgU9vYqYg8yiOWQgt9m2IQOcjBGBnBPQA4OMjIgufsMVxGVkmAdvlMaN5aqGIDEKwJHYqezA1rS8aMurtPFcP4eO15U6qSi24q6TpyS6aX897I5p/QlzfCOKwHixxfFQkpJVaspttONm5LFRk1G+t7b3V9Gv6C0+DH/BP/VgRa+LdEtBJlW+zeIJIzx0BDFSe3G0DnqADmdf2SP2IdV3my+KVtasSFQDXYnRc8nPmTKMLkHk5AI3dMn+e97KCBldL24AkUuyKJUKD+8fnyOf4e3p2FiK6liliW11i6EbnLFml4A45HmD0ztJxjrkkmuv/AIi3wxNKnXyVRTaTalhZ3T5f5sM29Frq/W5T+iJx5STeG8UM5k1Zp1Z41STuusMwSjey1Wt+lj+hO3/YB/ZTvUd9K+NsNt56ureVrVk2QwyCYzdY5BA75BBGOtZ8f/BLz4AXsyXOmfGy4FzFhopor/T2VTuyrYF0CFJ2jGBuHGa/BiLWtXt5IktdZmb5sK63VxCGHXlg5OOGyeOmTyCR0I8c+MbDJtdf1+JuN32LU7nAUA4barsQgAGOg6jgkGo/194CxT/e5XUjGfutKjRTt7r15Yw09Er30OLE/Rt8d8HTSyrxRr8sNVHE1MbV5nGyV5Sq1nG191qraO9j98of+CXvh4RSJoXxydmuEAeSe6t+pwAyhLklR1IBGcHjHNWLf/gml8S9GUDw1+0bND5JAjSLW7i3wwBwMRzFQAcBipI4znGFP4ZaR8YfiDp6203/AAsTxdaIxIZRqd2pjQchQA+0ck5GVIGTgA4HY237TXxf02UGz+JviySITDa41O4fhBgbgXJ789c4w3AFc0s48L6k7/2ROMlb344ei5WtGXMkqqTb22Wz76+FLwV+lVgr+y8QcBiYe8o0sRVxPLy3i93h3JJ9U3v5o/bC2/Ye/a90rMej/tF6qQpxui8U6j86k5AKh+4wMZ5yCeOlLWP2Z/8AgoNbxR2tp8WfEOtWlqfNQtrdzdETIQY5InmYbOR2OT9MmvyVtP20/wBoHSyktr8SPEbDcrEPczMCBypwXAwexPUZJzkEd3Yf8FH/ANpTSJkZPiPqstuMBkkhEgXGwkHcRlcrjacg+vFVVq+FOKptfUq6nJ3s6Eaaeqf2Zu1vRrpaxjR4L+mJk9WLo5zkGJhTl7so4rETjNWi9ac8NFX7q6vZrQ/T7TNL/wCCoPhNFhtPEXi/U1hUA+asN4km1sqCZpfmTP3ecjkk8nG2nxw/4Kf+GvNl1HR9TvreJQUN34XsrosVGSjEM7EAZ4APr1IJ/OzRv+Crn7S1nJIG8a+bEExEJdNhkDqDjHJzg4wcd+MLkV6Vpn/BZD9ojT1t4W1LSL1QS0jXOi2yrxjduYhiSATkjOMtjvXC8u8N66VOnCnRi7X9rJp393dqjN9drrXW1rtdssb9MDAN1KmCweYTjdr6rzK7uraPEUt99UkvNo+v7T9tj9u3R57i48TfDXRby2WMqUn8GzwPKcbiH8izPzk8grgZ6EZBObpv/BQ/492uqy3viH9n3RbopGP3n9g6pEkgPGxv+Jdw2M5xtIHB65rxux/4LWfFi3Vf7W8P+EdWZyNyy2NuhYY+QD9wVU4GcYx2ByDXead/wWxucJ/wkHwf8MXolfkxwWyRs5PTiEDHOc8EjgkY3Dnnwv4f124UsTgoLezxMkpN8ujvTik3fo1buehhvEH6UmXqlLMuCswxaj703hqUZOKtFWjbE1HK+j0T3+R7XpH/AAVBNuT/AMJP+zB4WdixaQ3NjqKtu3YIPnWKqBk9CRycDKirM3/BQD4D6rczT+IP2XvCpa9dFndrC3WREzudY5nRXVQF6nBwN2etefwf8FevgjrTpD4q+Afh9hIAZdum2NwSCPmYB40DBMhicYAAx2xtQf8ABRH9hDxEUTxF8EdLtVZTuYeH9PUHJAY5VyeASMY9e/JzXhrwdiNYY3BwbejjioOy93f97Hdrrtv6d1T6SXjdlCSxnhfxViFBJXjgKsldtXty0JvRXScZu/dOx6zZ/tk/sV6z5Sap+znpVpCoVQllLbRMWBG5wMknuRxz3O0c9jN8b/8Agn14pSC31HwD4n0BMbhDZ3SSRKrLgFTEWK8ZHO0r1wOBXiMH7RH/AAS18WSIt74OstGJXd5gsxZmMH+INET6ccjpjqADqxSf8EsvEDs2n+LToTyqAXi12+g2bvlwECnHI+6Mjg5GTk8dbwYymrJyw2Kw9Rys7xrwdl7tkk5T3633u7Do/TO4yw6tmvh/xTl/JJRl9ZybGWulF6T9hDbXskreZ3F/on/BODWrEw6LfajpGqSSu8I1S3mvEidwQXKspVCD/dztYDBzjPgkn7DP7FPifWbPWtH+N82n6hPPNLs8l0t7IyE72R5Qq7cHO04APQ16Vbfs/f8ABPvX5nl8N/tFtpUksbf6/XGuAgJ+X5Z3HAHBIA4HfLVpQ/sc/s7XrxHw9+1tpDRiMkQ3FzZGMAYChz5uTkckliepIBznhqeDNOnFcmKoRVldRVWT0cbttUba2XV6dtn9Rl/018vqqKzPIczwysuapLBVYxitF7ylJS0untp0WhyNh/wTK+C99pupW3hz9obStbtrq9E+zVDZXMKuSW2gTzEqAeAAAAPpXvX7Pn7CWm/A7XvEN3a/EKHxNp2uadJaR6NoWvS6JZLIyYhnli06QpL5LYdd+B715of2GNJnSW28I/tOeEZVL7o3OqW9qJN3JH7u45ORnODkkdQBVu3/AGMf2jdAkLeDvj14XvEWNkhkXxMoG0Aj+CV93PHO7I5PQkeBifB7FSbo0K8JcyTcZRmk3vpzRSbs/N72Pt8r+mV4f2jWq4+dBqSg+bD1k4NtNpuUGkrW1btvq0cV8e/2L/2jtW1PUNd8JfGBlniijbTtFvdevzHBBG7Mi/ahJuYqm1dzjtjOSCfmjxh+yZ+0l8ctN0fwz8YG8SeJvBXgu6jvtPhtdYkv7SedSv8AaSRPcS7okuFUgbRlc5xwK+r9b+BH7dvh3Jj8ZaZ4mhdNhkttZMxkLAYRUY7WUHg8445B3CuRlP8AwUC8O2IsJPAxvtMV3E32G78iWSMjaSpjJIz03cbsgZGBn5bMvBDiFQp1cLhXNxvLnpwbak7Ws+XTRa+Xom/03I/pl+GVSs6WL4gwUVOKTpV6lOMZQjy/ZfLZO7bei2VtNOx+Av7Otp4J1iTxV8LvCmtfCm38J2f2N9RuZo797hYoCvlM0r/xSCQgEYbcAT90H2n9mT4wfFj/AISTxDb217e6zHJrOpXWroLWFF0+CxkkkN4Y93ypMy5JAwTypxkH5N0349/tWeBba4sdW+CGv3lrduft8TtdXUFyik4d0jWTlSc5AJJ+brmpPh9+3Pqfwl1i+1C//Z/vbK41WLUoNYZbHUk86G6jdCjj7LsYp94ZOPocMfzzPfAziDE05xxuXVKtSN5RnODUqc7LlnB6OPS7Vrtavc/Y+HfpaeGmJjShl3EOWzpynCFSjTrU5wnFtKcHTjNJ26qOvTU+hPid8aL/AMT/ABv0/wCLUngPVNW8X6Dp81po2s6JcmOSI2blFEkScfPsJJK4yScgHFfRvwe/4KL+JPBGl61P4g8LeJI7+UmV2vrjzFDmTlfKlZQCTnkAtjpnkD8qvCn7XXga28UXevax4e8S6Mt8l9IYFiK2cUcskknlKj8xyNkL8oHQZB4NdHL+0p8A9e1m1uL/AMQXFvZyhJLqHVdPAhB3E+XJIpJIXj5iM7ucdDX5jmfgtmOFdCvDJsVLGYdPlxNF1nUUtlzNaO13dNO9/PT9vwn0guCM/wAHDCYuvlWKwUVGjCnWcIShT5YuMac7qUU7pL0Vzzb/AILKfG7Qv2j9b+G+uSaENI1DUdJjsIoLxBHdzYkLm7aYYCqGbaAMggc4wCPSf2cfif8ACT9mP9hL4r+BtD8L6frXxb+Jent4e1Sa0hhk1FtL1C2CSCa9CmWKCCN2kiUMAZOOm2vkX9rLwz8O/jVrvhzUfCXxE0+5g8PWc0kNlNeNGs2Xdo7eDdt8tVJXAXg42ngBq+vP2b/hT8Abn4L3UfxC8e6EnjC8uol+wi+MGowQpGsdvEkgyZo8g735IAGAe3r4Xh/PMnwWDnPDY5ToVKkq0Hh5yU3WXLLnjycqai3aVk1KV1Zq59ZX8WeHM1yrMsiy7D5RRoYzCYPB4WtDE0/rGFo4ScJxpxq8/PySnq4uXLJJRkpLQ+W/gP8AtHJ8MnTwT4i+EWka/o62Mdtpt1r0C3c9ojtvkYMyPnzCdp6knjPSuq+NPxi+CHiH4ReMPDkvgnwHpN9qsi3dpf6TpezXdJmeQ+Zb+cIg0cJXk7Scc8A4FfUfiD9mP4a6Z4F1rWtB8Sab4j8SNEG0GCDVo3uEkeX5I5Iy53gRkD5ioznaBkVxHgn/AIJmeJfFvhOHXdT8X6Vbavq1zLd32gX0UEkkFtJ+8iR2R5DJEQwKk7j15xnPZDH4hUuR4WrBOV3GUJJ20T+KySd9krdUk3c/OJ4CnKpKcMRTnzJxVqi5V8LV7S1bXu/qflT8PPBfwR8TeJtAsjrdhploYCNRmuoy6ySLHtf97IoMbPyAeSATjJr1X/hnL4D3muXCaZf6JqdrLLOLd7e88u4+0FmHJcqpWND1zzwMnFfd9v8A8EwfH9ob6TSvD2havDFNKFNkZFllITJwyplO/C4G3PAOTXmkX/BO/wCLGn3yvqPw61u3lluZJLM2V3KY1iBOWBUhQoPBz1+7ziuerimoJxc4OWzULpcvKm9tru/d7LWx5VbJqknF3hJ813yySTsoWWzdla/m/wAPiiX9hbwj4z8S6V4Y8NzahHrHiPX7fRtMZbqF7Pz71xDC8pDlVjVnVnYkYUE5PAHrn7Vv/BJ/9oX9mX4QWOvfE34p+HvEHw/0nWY9N0nw/bXjXM+j3N2nmN5No5y0WWO6RFxnn1x1XiL4KfED4WeONBtLI+N9F1OTURNHeNFeeTp91HLthmhmUMMxOB88ZO3GQR3+ivFHhj4s/Euxl8PeNviuni1ofsrJaeJNQuJIbZ1RRv8AKuPkSYjbuJGSufWvXwGPoUsPJYmqqsmouEnLltK6b5knrzbdG9W9WiZ5TiJ8jVJJxUlJOLfPF8ji7xfKmpWb0vZfJ/hH4h+Dem+Cr7w5b6lpVjfr4gijmsZwXQyhgMSyqVKR/wB7b6j7vp1WmfCm9sWnDeFfKtGdZUvSkiGSNSCHtd6hpYgvyh4wynkkkcD60/aC/Z4+K+reKbbV49Al1zwj4T04wu/hq8gmSGeBdqvFGspkw5AJVRz0zX7Yfs//AAR8Mat8Gvhl4i+KvwJ13xPe3fhCOy0WTR72D7bHeqFjszc23mIyNjEc6SYJbLdBkdNWVCvTUqfO5ylFJJpRS91Ny1va/bR7btW5HhatKVnH3bSbajrdci5babNvV69Lbs/l2uoYPDPj7wy2p2k58IX9+kWowXpeO0uJJGWEb8/M8UburtkEjB/DiPi1oumeE/iktnoOmS6vpcNyt/e2dtE/2EQ3QE0XkSuql4XQAq+SVXBAANfdv7ZHwQ8eaL8Utd0XWPA2r+CND0nX0vtLstXtZGghs7u4EsEH25Fa3MjAALEHyCxxnIA/UTwl8GfCvxv8H60NO+CmheKbnwt8E9EsZr3RwltqljrzWS7NTumiQSzMiq7fN1HBxjJ9XCYag8OpzlFSi4xs201qm207WS0u+a7ckknc86vKpTaSb5JrmjeN5c8XC8YvonqndvTp3/mU1z4i+NNM15Na8Ga74g8Gaa9yphi0+7uYFjmgXEcI2yKHUsMYwQByAMA1+zP7In/BRL4FeEvC9h4d/aB0SbxDqemaXPqVz4n1vSLTWdRXXLdd1pHDd3CtLFbzPtIP8B4HIFe2eF/2Yvg54d8PeHNO+IPgy01m1g0rV7y6t7rSmstQttVmjmS0WO5eNBcvbTlApLHIG7OS1fhv4o/Z9+J3/CUeP7HRPA+sapG2p3sNnZ2dk13t08zO1qFnXKgrCVU4wA3GBnFfRZPjYYJ1qSjRnSqwUZylreLaV09XFpdbvpZ20PCxtKWKjSm6lSlOEo1IqMuW0kk2lpaUbu0ly2afQ/Sn9p/9tz4Rftw3lnfP4bg8JN4ZsLLwzo9xpc7ebdQpcLbR6leARouUiwyqclM4yBX2v4n8afAj4aaJ8K/ANro7azpfh/wLpk39ty3HkRSeJZo4pnvZXQ5kfzSpkTaS2BnAAz/Ofo/wa+Kvw81XQrvxR8P/ABd4U0G91HTUn+16bNDFODcIWLyGPYiKFJO5wWOMAqa/Qj9pbUfCfhHwxoniPwj4tXxFqNxprJqWmXc28aO8UEAgEMGTiVWJwAoUgdea+3yb6pKnisTUqRpxo0VKEedKTm7JON9Xpr2V2na7Z85m+IzGDwFCip1ZOslOWjfJFQ1le2mju7NJromdt8bv2dvir+0J44134h/D5p9fuFgknlj06eJrS3tBEgjz57xvI6ouCApY44ycZ+yf+CeWg/Fn4S6b8RfBHibw14usNL8a6JaafHqElrcwo18kpV5o0hRg8ELEs7NhZAMgnt+Nei/HDxtoXw+8Q+JtP+IWu6Fq8y2a29rpl5NbxTRFgHPlow24G0Hsep4av2Z/ZI/aq+LngT/hXWgyeLD4r1P4h+BY9atJPGEDvDawRji1s5mhkkllc5CyBfnJ68DP4V4gZmsPCdpJQrVLSm373R3tqmnr5tXdmfvfh9T/AH1Ks4/vqVKEoqcmoXfLDVtO972Wz2XXT95vgLrPiDQtcg8L+Jtc1jU9G8G6DNNH4jaMtZRwSWu5bKUAfumUOUj38qRwM5avgPQ/2GPhL8UP2gPiH8Zvgz421SfxH4ruLyHXbO4sRPa6MdUlNrc3KpMFMbRlWkQrwT69RFZft53ug6r4n8G+JfhTbq2vmHTdX1m18RXGmyTm7zGJUtJ0idQCWYMqhQACCAVLereB/wBoHw58PZ7DVtH0Dxb4UjaSOO71HRbC31Sx1OINvja7micyyGIv87yR8/KeM4r8QeKrUoTqYbE89LERfNCPu3p3ipU25KzUopSfKtLrs0fuFN4iFaWJo0nh8TGMJUqlKdOfLVurTd2tbO6fK7Lq3o/zz/4Kr/slS/Bf4a/Av4YeFvEVn4xt9Y8feQ/iDUIY4NXGpahJB9ptVUFpHiUyMiLhsBQOMGqP7YXwV+H37K/7Qv7BVr4Ek1bw9qPiLRvCUPjYz6jcz6feXWy1uXlS2eQRxRvM7Ar5YGTtz0B9v/4Ke+PPBfjjwh8M/iL4e8aX13r/AIK8TxeMtT0nWNHnsZILayZLiVrLzEWBppVQpEpYBmwFI6D8VP8AgoF+3po/7VvxY+C/xM+Hy69pVl8NPCmi6PdQ6uyC4u/EGlTRCe7tokdxGkuzahXPyqAAASV+syCnXzHC0qVKFsLGOJUlJcypzfLKPLdN/Nu9m7H59xN9Zp42GLx1aVTG1XB1Ks0uacLpbJrXXW2q38l/dlo+nwXFrY3kEVi8aWVrOB5YUTebbJIsuDhTvyCuMjJGSTnb1ckdlc6f9mntLWNZg7M8KlmUkEBgEByQenTaOmdqgfKP7L/izVfiB+z18I/G2pyX1hdeJfBelXN290PMX91aRRbwNxHzbd2Tg84+n0rpVu6RRpBr8B887CGjVVGG4YhumcnJ445HSvia1CpRxM6UUp1XUkpO10tbaXTs9VZbfgP3XCFSVRcvKm9dX8L1016aJ2dtNmanhrTdH011gN8Z2njcKrF1ETBt24ZA7AjJC4OeDkV88/GvQbnVUe3s9W060Akmiju7hUBLOrMGfcP4R8vXBAwTya+pdN8O3q3S3a6pp95IVkEabFwoIA25UEHOASeM8gnrnyLx/wDDrUNW07VpLmO2knuA/wBj8v5jHKF2kKjMBk4JGTwcY4xt9rAYWrGylTfxXejbbtF30u73vrok3bU8nFV4KuuWSWl7W7Wd3FPW929+qbdk0fmJ4m+G1lpkH9ratrWiarc2sN4ktzatGj28O11d02Es0irvwWA4HH3uf53fBFraNbftHXdpMs9sni/Xo7dmYlTGJ5wGy2OXBycdWPXnNf0feOvhd4p8L6brV1Jo7XCPaamly8ihxFF9mkYyQRBmU4G4s3fk1/MRY6qdD+Ff7QNxC5tnTxzq4Nw6iPKPeSqEyCDntt+6DgA45H6dwwnBvmW9Sglq76Su46JaPf3tt72PKrTg5yblzNUql2tG7RTtZK23ztrr1+aNJvpL/wCMfh20tnKYtLiORUBw6i2lJxgcgLg4xwR1Pb9Mvg5qkFr/AME/v2r9LSNYvMuLkO0u8hHE7AsQVxyTlsgHdjjuPx28NfETQ/DvxO0bX7yeSe2sNPuEf7MwbfdSwyIoDHksHIzwCQeDwMfoR8IvGc+sfsTftWpHNLDBMFvIomUPI4uZd+18DIAB+9nsM4yTX1vEsOeng5XX++YXmu9k6tNNLZbPd6brayObhnFU4U8ypOL55UcWopvf92raaX0Ts9t/l+Ms+6Kxti3k/fwrgHc3zEYIweBkfTnHqffdRfRV+AWg2cAt4tSuPEskl1Mpby3A3bS6/dU4+UbmGMDacg18yyRy3tpDJG0ksi7mVETBVQSNzKTg4PJPYc8ng+8eI9Pm0z9njwPeSXUc76v4ovjIFQpPCIHChJGBGQevBPGSuDX22X1JwrUHTjzOPKnfls1ZWs9Ho/K1tX5flWe4ZvC1pSTUXK97rS0lrGzuml2101ucPpOpabbzSpe2dlLHGrK8qDMkiKCAVKjthcAEfmBX3R+zHr/wvggEuraNaz20F2j6jI17cWxvLHerG1gZF+WTAwSc/MSM5+avzauJo4InhRiA6K4kUnJyVyMBvukA8d+MggV+mX7AfgnwV43/ALQtfE8qER3US2wuMNHsjXdM5jU/vCWG1QcdeSSRXi+LHEscp4XrYvMMKsVQwyhL2NOnGVSq3ONopaeWt9VbtpXh5w/VzbPKGHweJdKtXVRe1lJxUbK7eiurK/ntseiftE+Lfg/4t8b6Zc+DdIn8I+GrW2trd7CKeW6S4nWPa8++ZQ4YHBzjnOepFWfBuveGNAHhdtB8RQSXB1/T5TBdIohhjjuFLyF2OfM5OUz2xhq2/wBpWw+G9l4+ttN0TSrWC1tbWK3meNcxSXAxGJFhH3WPG7gMc8YHXjNM8EeFbjUPCelvGgfUNasYbe5iQhEllkV5BKqg7yAAOACQPlCng/g2K4ryfOOFVXWFeGp4vBTnGMoxh7FSp2s4/ZUbtJW3V763f69huEsyy7iGMJ4pYl4XFU4OTlzOfLKKvzNcz1VrtrV6XTP2BvvEniC61BprVrrULK9NlKt5aRqsTHyI2dI5ASxXAO05AXPAGTXlH7T/AJGvfAD4kpPBqNp5WnbgLs7gxjwQUGT1JySD0yRwBnXGrar4aL6HHYajcRac0C288AljDxLEgGEIAVCBywyV6gjHHE/tH68+qfAnx032a8tXGh7ZlmZ4wpIXDASbd7cckAjJznrX8aZLRpw4iy2pQdOpGOZUXGcZe9/FSTleTd0r8vKldJ3vsv6kzOXPkuJpVIzjJ4OfMpxlbSnZ2burb2a0Sb0e51//AAR10TTpPgN4xuZYBJIfGNwmFXJdIljcNzjJPXHpgkk1+vmpadp114I8UmeRXeXQNWjWGVjhVjt2KhdwACgnI6jgYx1r8xf+CQGmrY/sxaxfoC81x401FWJTDY8uPBPBz0+8OOAuTX3p8S28WWfhvWbbSI3nhvfDmrvJN5Y2WwNu2RnqoHPzg1/LHjBXq5j445rTqVk1SzrDRUXNpRjzYeMZPTo9b7WV/X9U4Gw8Kfh9gowSp2wc5Sut1Jt66dVprsrbXPwz+CVwtkv7R09vKn7vQNStngMhEThb2bAB5yrDABH8POeFroviFpfhPXP2SvEjz+LdB/4STULW0GmaDb6pCby2FkokltZbMsCxZWwJNuSCxySK8d+An/CQ3Nx+0BHYLBcJa+HNZkvjIAI4pUuJwxlzgEnqpHzbgMjnNfnT8SLTUtCvp9QN+r/bYWlCpO+1JHGNkMO8oADyCRkg8feFf7wfQ3xtfKMHxUoP2qksrVSzfux+pQbva6alZ6JdXrrp/lb9LDJMLnlfhmnUk6MqU8ZOlKys5qvH3k7vSNo6aK+lt0a2nfDPV5dIie3trZrue2Uw29pcRNcuGcZ3ZYiPA+8cgleGxtAP278Jv2fLm5+Fstxe3q3k1rq+660ZGjMljE0SmS6mmRmVQNxU7yoYggDmvyr8OeKNahvDMNUv4TEsgJSRyig/wBQSFB+XgcZxwK+v/wBnHx541SLxboEPiC7ex8TLDBsuLySNXZ5SOjNkom72B6E8YH9z4eeE4xnR4fx1Fww+NqU6UraNRi4vVJp8z6tqyXXW5/IlXC5hwUqvEOAxHtMRhqM5wUYK6fKkrx2fM3rtazveyt9R654V8R2OoxeEfhLo9nqmr30SFWUrc6giGMCbEnRULBsENwq/LzXof7KXg7xf48+INv4D8a+DFu9Z0HUr+W7sWl85XsYYmaSS4VvuEuDyVKcspOMVs+GdJ0z4Z3el+LJtXv7aSy0K7vL+9t7jdOZoo3DIfmKqrFcLzkgjjBr6O/4Jm+MvBNt4i+N/xN8T39te3Wq6JNeWeoajqHlanYQLqMzNDapIRteVMbkVQxQ4HevqvFSlw74S8IRybhqGAxLzfLnTxeDqOnOpGEoxjKrOK95OLeknd3V9Nz2PCLEZ/wAe5pXzfimWJhPB4qnWweK53BScpXjSi+bZJJOMbLldrdDzb9ivw4LT/gpj4ftpdJiGlWfiPVILW2aFXS2W3hIK+W2VbyccKeOABwS1f0+/GbwXaeMb74n6ne/B/VviBZ6N4YtLezi04R2LuJHUzYgRk82VVBVVJwM/MFIOP5R/2ePj34d8A/8ABQDRfiNr8k9r4VXxN4h1JpxMvmmzmaaKEwhmVXLAAgEjB6k5BP8AR/4m/b60z4k/BrVvFvwD0zXdH1lfG1t4auNa8TSLb6NqFt5yhtiws8s6Y5GEZcHrwK/g1Zjg6WDqcnsqNWdVvWSVuZxu4q6bjHdb9ttD964hwtetneElJVatClBNKMZS5rLeU1peLd7OS0Wm9j87fjR8SbH4KfGH4a+KNH/Z+8YeF/Dvhbwlfvqnh6ZGsLqDzdPkSO/u3h3F4DOycsfm6YIBFcf8FPEuoftCaLr2uaH8NfFniLxdoWk+INZ0W0028mhttCa8uJHivbpxtjEJRgGhZt7N8yiq/wAd/il48+L/AMQvibN4s8U3MGq6L4Bj07U3FoIdDttLt5f38kSlR5nyKyxSAFtuC3t+zv7BHw0+D+h/sz+D9Q8C6xawv4q0yJNe8UWd5CJ9auvNjka2usSB0VAWXy2wrDOR0NfxX4yZHhs2zuniK+GqVlh7zjibOMIQcVOSs7RblpyJXd007K5/UfA2f1Mi4ZSw/L7XE+zw86Ls5WVnGTla6UXJN2euzdrW/OX4SfGST9iu60nxt8VfB+sP428a+C7+30rwLZtIW+2S3P7rWNSOS7oAQwLDCqGyRxXlHxq1+6+P3xI+HWu2tvDJqviK40+81a2813ktVFzHOY1ebGRbxkqB0JXjJPGZ+398S59Q/bMlsrK7i1XR/Dug23hfS02IzW0ewC6bbkqCz5wwOWGGJLHI8G+LF/faRp0Ot6Tq0+lXeg6RDNYXmmP5LQSMgJWR4yG3Ked2QcjBI7/yrxRhcRPG5Nl+V4hRlVrVqtLb906qVNJ01aKtCOrb7q3R/tHCcYVKGLzjMMP/ALTWw1KnXmnZThFKdotuSUEldu+r+Z95f8FPbvTNQ/Yy8ReFrNpGuNKt9NjuFjUlStvHGpVWXKljggjgg8AA4r+Zb9lnTZludeiCtDbth1IGGzuyAfmGDx789znI+2tX/at8W+Lvhl4s+HGuX9z4ktL6FJxrF9IXlhnCsDFIHJ35Y4BBycA89B4D8IdLbRmuGaARi6IaXyxncG3EsTzx7g4APfNf1b4IZVm+SZDj8Hm841a9TEqrGpBPlcHTppJ6pXuul+rsflHHcsHWzHDVcI0oKM7pqzTbS1aurLa6eiv6H0Lb+J006XT4tTvIrSMyfZ4Z7mbCyEMQsRD4G9ug6E87QSSB6FHo+na0tx50A+0zx+ZFcQgbJFIJVxtyGHHJIxluCK+HPjfc3GqWUWi2y7L+XUIzpZEpjd5gcAggFupIx055BBBHcfCTxb8RfBTW2keMphdKlqogilJeVVRVHk+YMlmw2AWIBIAAFfv9PCy+r0q9ColVWjjpf3VvZO71vazs+up+bV8ZFVHSrRjODcYuV9U9E1o3tpy6N26t7fRw8PX2iNNLLCfsqxMVlTJWUKx77eOCe/XGMnOf07/4JO6o9x8R/jjCrHy18C3MwHddml3mD1B+XAGQvGVI7k/n7D460jXvD9/YjbHdC0ZxayjMinaflRj82M47DgYODmvuP/gkN5k3jj9o65ZiJLL4YapIgI+YbNNvByMjBVRxn16DGDw5tiKlbK5RrxknCtR0V/eXtYXa0s01o7adul/WyaOGo45ThO6+q1HtdJ+zejVtHp8/z/lH+L9yZPjt8TZTna3xC8TseOGVdTnAxggnOCO+Pm6nNfrP+zVr0Vz4MWCFFgEVhEJAo4kcfd3dRzwSeRwBk1+QHxRu0m+Knj+6ILPc+OPEzpxh9x1WcYxnksQWztOPQjAH6UfsnalN/wAIdqDSuWMcKoFOGYELjIxnpwcYyQfU8/ece0Y1uBoUotq1Cg+yaUI6LTd6rSzVl8/5xzqEKmd4yvGM3KNeq1Lt7/dW0lps09ujZ3Pj+4j1DXdRsL1poHjjkmt72wZ4L2KfaNjpLEd4CZz1zgBjwDXs37B/x4/aQn/aJ0H4Q2viXXPE/gmKW3m1KLWn+3C10yBv9ZayzO7wpEuBJtIJ/iPJB+K/jT45uvCt/qusQqskkG22XdkAtckLnLZGAqjd1HqRyK+ov+CYvi291n9o7S9QRoYJJ/D9wtxLF8gMUqgyKSQG3kZABHHyjHIr+Rs/4KwK4ZxWdYjLsLiJ0aU6kKtSlSnXpVIyjKE6c5JzhKMleLTWv3D4N4pzlZy8GsfKGDdVU3QnUvzc1koq707JP5I+zf2jZL+L47/ET7UIzII44yq4wd7KY1wCcEqeMZ4B3EEYr+pz9k64P/DIPwlJGGi8ATjAwSWEFx1Azg4+Xp6ZHJr+Vz4+XFpe/tBfEaJS8rRyWxVy275o0iAGcnqcgknoSfr/AFM/srP5f7KPw1EYwsfgS8AXOQS0FwSD6c5ORg49sV+fZlifZyymlz3VbCU48zu3oqbTd9H3e/XU/p7IqbllVKV7uGYX35m1KMnvZL7Xaz7W1P4lfH/jvWPDXxi+MUWhIiLf+Pdfku1dQwKrqtzgnHUE5JHbnHQ4/P3xx8S/FFp8QrrXNPim0vVrTUFurfU7XieN0IYMmedvyqQOg4z2NfaHxQuorb4r/F3UZo0ht18beJRc3MrbYrdV1S7Jkcn7jDnGPTAyOnzjrNj4Y8Rak11Y3ul3jyL/AK5LiJiTjbhlLZyQvGeV4r+1vCBrK3hMwoWhWpUcM41V0klTau3ondXW+t9HqcHivhqee5dVybF8s8NiYVaVbDVfepVaVWChUi4vRqUZNNWa3TR9HfDD/gqP+0T8P7W1s9ShsPGGnRtGANSiWK5KoQG/fA7zI4xk85OWHIzX334F/wCCyPh7bZJ418B69pU7gG4u9MkW8t0wMN5ccmd0YBAAIwD0JPT8erHwZpNwWjktbdVhUYdCTkjPQgHGc9uSMck5qWfwZpkhkEcOwKpAVXYKSeuzPT2yQD2GDgf2NgvGPN6ShSxap4mPJFJ1qUJSaSim3K19Una73vfQ/wAveO/2efhDxdOti8HlU8hxFaUqvtMnxmJwSVSVm5OlSn7FO7vb2er01V0f0TeDv+ClX7J3ju5C+K/EVnZCZAIbTxHosGxmJ+aOU+UcDJBLYOPxGfoK28V/sM/Fa2Mv2D4Q6g94oiV4pNOsbhGcBR98oyl2yRkDB6Nxmv5MZPCUHmMoitpGhU7VmjDMCOmMZO7GOcE5A/ChH4entWJitzAy5ctaXc8DKxweGRxzkg4H3eqnIIHt0PErIcxajmuW0pJpKVklG1oPRJTT1Wmi1v8AP8Ur/s9+JuFYyq8E+JHEWXSjZ0lVqSryja3LadKphppJ2u+aT3bP6t9Q/YZ/Y58ZCS90iwt7Ke6JUz6N4jglQb8AFYkmKrg4CqCcHjk5NeWaz/wSj+EOoySR+G/iZrehnDGKK7tILqElucZ3tzhjjqSuQx4NfzbWfjP4i+HZI4tB8e+MtH8l0KpZ63eLCHBJHBkwQD6gcDDZBr2bw7+2P+1L4OEf9mfFnWbv7OMhNWD3gYryAXlJY8DGeMZbrWsp+GObOXtKNLCVJXlz+wp8rb5dHKLg+m9rvXZnLR8Gfpn8GOMuHPEernlKi4qOGx+Ox1FyhFrTlrvGwTdmk9NXZdT9cfFf/BIjxdFOx8KfFbw1q8R2kpqlulnLz0RNgAHGRlQfbBNeBeKP+CZH7SmhXUlvpWjabrdmqOqXGl3zsZHx1TcVHzkA8DB9xgV846H/AMFWP2p/DsSzazBoniRVICu8SQygY4wQCVYjgED35r2zwr/wWl8e2rwf8Jd4Dv5I0QNK+m6pIxIJBJVWwAFGcL9R0xjGXh7wHj4qWFzDCq6i/cqTpSXNZbe+u7Xu213T1O5eJv05uEHKOYcM4bOKNKyTUcFi/aRXLdfHg6rva6bs7rTsvD/FH7Gv7QehRvZXnw08SCSLzjLdwQG8QhdwOFUMCO3HPTkfer5k1X4BeL7BXg1rwbq9tdiVwRqGg3sfyrkPuJt9g5yQcnqDX7PeFf8Ags78Ir54F8QaJ4y0twN0hMUUyxsCCWLuxLgE5weMete/+HP+CmX7I/jeVBrfiKztnuF8s23iLRbN1LMQMyusb7RklTjgcHdgEVxVfBvLKmuBzd/DeMfbUqq1tbT3HZLq11dtjsw/04PHLh2cKfGfgxi68Ite2rYLC46k1C6UmvZrGU04pJ8vNZrVPQ/nZ8M6N4n+HzmXQNQ/sKM3IZ7AJLbRTyDADTRsqb8EADdkgbuODn2PxZ+0D8Ydc8NXPhrU9SdtDvNGfQtVj0+0SF76wZAPs00sOC6nAO4kt1Jwpr+hCDx3+w98TI2zpHwi1xpWL+dBLYWFz85GDtfywHXdkkdCQSfWjq37KX7Gfjy03WXhebS43Xesvh7xJbSRZ28FYI5yDg/MRt+bAHBwB4dbwgznDxdWjiYVop6Jpq9nHTR6u2lltoz9H4e/aO8DYurDB8R8I8R5DUatN1sNKdKDvHmfv06ckk9dddFpqfxpeKvhUZ7meeyn1HTUcbIIR5oRXJzghQBgnrkBhxgjGDufDrw54m8L6ikWoa7LLZoRiN5mkjJYjaGDMSoOMZyffng/1E/ET/gmv8Bte0y/HhL4lXujahDptzcWdhqFnBMTLbwtIqyXG9iFJAXeMkHIxjJr8C/FXgNND1nVNKJjd9J1C6sjIgZvPNtK0YlBPTcAG2jOMgjHOfkc54ezPIZ04Y6FpVL8j3TUXHmTb66ppq23c/sbwY8ZeBvGqhmGN4OxdbE/2VOisZTq0Z0ZQdZOVNe83Fp8trxbs73Sujp9O1CwYgXstvIPLDKEY7MlRjnqRwSfQZ6irUk2l3H7pPKMzEBShySeSmOM8gZyRgknJJwB5JGt0kgWJGCKGDblyuBjoeTy3QkfxZBBwTNNdXkBLbCHIGGQknaSTjGMdc4zyQepAIPhzXNFu0d106Ldpu7bXR6a6bWP3/ldopxi0mlrFuyXLez/AF626o/fn/gkB+zF8F/j14p+J5+LOlaRqVtpWhRWuk217dLb+VNdh4zeRK+3fJDhXXHQg5POB+gHjX/ghf4e1/ULnUvBPxD057ead5bK1uIYPLtYGYukAkjZi6xrtUFgSQBuxnB/l7+Cvx+8XfCi+ub7Qde1LRZrorDO9lJJCJUQAqkqq+WAIz7knjGAP0q+GH/BVH4weE7qND4z1m9tk2gxSXLOoIwSu1mAC4XtwST0xmvhs54cx2YYmVWhOXs+kYzcJW0aV0lvdbp63dj1qmRYHM8PGpPEUIVFCKVKrTTgmlH7Sak21q93da3ufbfjH/ghV8UdLuxPpDaL4jt2jKymBxHJjGAEQ4GfYZz6Ag18s+Jf+CPvxy0PUVceBdWS1RnLG3QS+aEJOAU52OOhA5/vDkn7G8B/8FrPGK/Z49TlWUEKrrcFXJC53Eu6nB74HPANfWHhT/gtPpd28EOqaDZzA4EjiVSQuAQeQFBHDMclSSRjoB8nW4PzSi5exq42DnZySaqJLTRJOLa1vbr67eBW4CjNuUIYCsk9OTESpP8A8Bd+ZvVa3727/hjrX/BOv4laNa3Mlz4R8S6f5dx+8aSwuXUgZHyYQ8huOMDHAxwT4JefsbeMtI1RrC803UYmmL3C3MltcxiKPBOwkoOD0988f7P9b/h3/gq7+z54kWOHX9GtIvMB8xZI7aVSwA3FgyEAdcEckdN2BXp+k/tb/sT+O5wdR0vwojFfmkvLCyHysBwW27h29emBtxXmSyHiHCpunmNRPSyrUaqtqt+Vy18u/RK6Xmz4DSTc8sxC0a5qFelXXRaapp9dEr90j+JnVv2UPGqXEVxBBJPbpJJEiSB1d2BYk/OEKHAOGz82QOcCuN1X4AeNrMNbx2l3LGVbfJCHlCOpPysSrdSMFcctzx2/u/8A7L/YP8ehIlh8HQSM4aP7K1vbN8xBJBQDtx6jPA4GMS7/AGIf2NfFdyl1ouvWGnSOHKpbX0EqM75OSjuuSMgA5Bxyp6minLjfDPmpYjC4hfyzqSpt6x09619/W77WR5lXg6hh9eXMsMo3lGM8NVnFN2bbdPmT766Pq2tT+CS6+H/i/RmgiutLkulLMViaF92FONhJVSCSMkDhT25Wo9Qi1nTbdpbvwzKEijDNsV1CquBsZSBnOeM46gdmr+3zxd/wSK+D3ilribw18QYI5p1doUeG0mVXckgqFkbGVI7dfXAx8efE7/giZ40ms7p/C/iPQtcWOBhDbO3kSTtnhJMLsO7GcFsZ6jOAPZw/F3GmWte2y+U4RSvOlKNXVOLbSjrp0T21WiZthsHicNyqhjoq1rRqqdJ6JWv7WMba3SWi6tXZ/JLB4402KJzJo9zZICM7bdnD8nJPy/QYzkgjGT1vRfELwbdROtx9pR0+UgwPF0I5ICYyMZ6kDnPv+63in/gjp+0Loi3M8/gUX9vGy4j07ypkOB99SSWx0KjIAPIAIJPyj4r/AOCcvxU0aa6XUPhrrtviRlVhosjhsAbixRGGByCxJyCR8pIFe7hvGDMMK0sZhKsJJWk6lGomopLbSzS112s7re59Jha2b0lFvlqRSu3GcZJ6xvpFu/l6q5+ddprnw9vWh2axHCBgN5iAYypAV3O0dlUMRkYAPJAN7Vk8O39mY7HWLFX27d63AChAQQcE7QSuCSv3gOT3r6M1L9jDUNNjulvfB+r2zI5VwdPuYnLhmBbmEAAkHII74OCa8h1L9maa3a5jbSry1COQyy+ckhXGdyr2OMZVurZBHOa+mwXjJgavK6lOMWtL6q/w3vdKz/4DV9j6bC5pmEIqDoP7N5JPry67LXzWi80eTf8ACMGSSMQarHcDYcmCVMvvG4ZJfBB7dCRznAJqWPwpqkZWNLmQqW+Z+Co3ZAyy55AGdoyFAO7oTXQxfCF9MM6xJqsLxuCG80gMoJO0DPynBII6DkBueGHw7rttKjWEmprErnzGk3MUxwAxY4I5xluvryBX2WX+JGWYn3H7indNrVxTUert0s7vV/cz0qeY4iTi5U5R1StZd1e7Tuk7K+mtmraWVM+Htbt4XImUhPuncwPfn+92znHTGe9NtdP1i3kUyKWLFT5iudowOWJP3gc8EjjgA88bEz+ILGyu7s3n78YWG3uICRMB6NgjIGd3H5cAVLbxHr3kM8sOnTsIw3lKgQowGfLA5BJyMk4IOQSvIr6GhxJleIUXHEON7NqTjdv3dJWb2SfRrT1Z60cbW5YylTmkkvhctfh0Vnt5v77qxQv5NQVlDksoY4AJB7cMSwU9c55OR2OM1EnvFmImJ8tjkCTBUFgVIHJxg4A9SQo7gaMviq6kWKW70SCQqxLLEwJUgZJbBxjHQ+h5PTOYfGWnzicvocyFeNwCkZyRhQAOScbeemSSAMV6cszwE4qaxVOz0fNJbK2uu99br0S6CjmfLrFyjJPdt6NWv9+27t6bk15dB5ArAoqk5KleDjkEZHXGMkYHO4HFY32u586MsoZTwFJGVXO7AO444OSuCDkHoeNAeJtNuEk3wSW4CnMcsbZY85G/rgZIz9AMEZGPa3+m3V0TAQoViMnJ9127eCMdzg9zzWdTHYOpOkqVWhOKcWmuRyb91pX5db6d7W8nb1aOb15U9K0r3W0veteLVn/LZW62stXbTpIprppOQ8YJUBi5Oz5VXAXdjkDPbngYNNW8vLbUQ8fmq6bGWRXDFyMkb+gOD0B6NzjtWlYzWjqUby3kGM+YSvOTyCBgY9j68DmnFomvpzE0GwKnyFl4YAY+baVC9fQ456gVWIpYbFwXNTw80+jipJ2tq1qr6vr026H0uX8VY/ApSoYyrTqJXdqklZKzSWq6pPS33PXei8WeKyhjWf8AdFdjb1BJAzgKTgcYJBBPTBNUbrUfENxGS10q7y21Sqg5KkMRtwOe5yO4J45DcRhVX9z8oGQj7cc5GecHDfdIJBw2ccCg36xoATbAlScswzjbkZ75Oc54POB3zlTyrLqLlVWHw0HHX3YKMot2d37q6X63s7bnbU8QeIMQ+Stm2NlTktliKlrOyUWm9ndLd97syLVNdklyl+8exdpCbk+fJUKpBG7PGDzk4yBytbQ8NandQFrm/unklByjMwByORkkD04BxjvkisSLXhDctJJcxBSTtCbTjGG5JIPHIwTx6c5HTQeK0aAB7sOpYnaiou0cjLHdnrngHuTjINYYvPMpwFHkqYqNm2uRSTd9FaybbtZ66q2+jPg88zl1VKpUrVKkmkrcznJ35U003fTur/KxBp3gtHLi4eVQQMM6lwSG28c8AkZHPbABHB2ovCVmpkiLxKFAw7qoJLAHpk+nGeM55PGc+LxPGFZ21SNUCnapYF8AngnPBzkdCRjB4wRz134w0/ayiWeS4YsxVXYg/Lgdx/s8EHDdAMHPzVfjvJaLcaM3VlH3bJNRt7uilZrTvutLbs/PMdm8Kd2qU5Pa7XKpXs3Z7Lo7dHrY7m08L6bBIxMkG5gQH2INmOAeMAEnB5+hJGMR3+h6JJzPqEKNGUCgMquduD8x/iHrnr9MGvMl8XyOrxx2l0xVSSzNxk/VsHGOeMdB2zWRLqOqXpIFoEz80cjOxznghiQAWyOQQM9RtJwfMn4iYPZUpJdOt7KNm9n0fS1+r0PEq8QXVoUJNJ+d7K1nsm3pZ3v6dT6Kh1Xw5aWsETRxzzxxldwKt8oHGARkcnJwuckD2FNPFVhBIUjtoVXA8ve6JhnxjOCeNuPXJBKgEk189W8Gs3M2JpGhMafKY9xyTyDkAgH72f73QkdS4aNqV5clAs7qqruaOSRizjA6Y4G4jqSO/JPPH/xEKhNx5Yzflpa/u+Xn1vbbU4p5zLRrDyTSTTdnuo9dXfXrb0sj3bUfFMbRvFGdPiBR9++cNjCkcKCQPfGQMnHBryfUdcSLzP8AiY2CEsGkCsr/AC7scAjG45GCfbHPIoReA9UklEkluY4iFBM8pGSRkDBOSDg9j6dDzPL8OmKzSFrZ5cKTHFmQjGcdCTgZ4OecHHHTKXHc+WSjGN3a15NySdtL2tzL5dzCpmmJqcrp0WraW3d/d03fTpa66PtR1LxHBMI2e9BGzgogAcgYOCD7846nHJHTlZfFEENuTDJOzIzFQgIO7GODjng98YHTkCvWZPhJ4gezsF0nw/q2ry3Mf7tbXSL+dVDcNtMcLbvmPG0dyOT01dJ/ZG/aM8W3i6f4W+D3jW/kmUCNhoN5DAd/VhJNCgwRnJLANwcDcCPKxXG2Mcfc5INpa6vrFaN7XVrK26utDlnUzOo7xpTSas/dk39ne1t1p138rHytefESSJnhjtbuQurbyOF3EkHByuD1HA4PI9DBH4iurhvNjtWWIgjaQRknqfrnGDgDqcjmv0f8Of8ABIr9ubxeqNY/CG400y4AGqSJbsy54O1GYAgtuJJJwMkZ219b+B/+DfH9sjxHbWs+v6r4O8LJMQstnNcyTTRI3JYhUID9lVTyRnP93xK3GOOmlB1n76aSglzP4b3td3d+tjGOFzOrGUnUUOVa88oq9rXunZ6vdctlrbU/B+TXdSMu5I1wi/xYLLgnqcBh2yPXjjg1j6r4i8Qxomy7SNCMMCqnb9AAT9QB34wBz/Txo/8Awbla1b3cUHjf476bpyRqr35toLaHYOrpG9w8YKjJALEEjjoK71f+CJv7Bvw3vkuvix+0UlxDEjK0UmtWFtG7qBkMLa6dgwIZSAjZzxySa8qrn1eS/eVKq96KSvPVvl1W+qvqk07720RnDLMVXmm692vdbUpdOV2XKnFpNPRv08/49ta1i7vHv4bq6N7us5wsCHLO2D/CCSFXliccc4GMV5l8N7qK210yyWVus6x3gEkwy4GGAZt3TaDjPqMDPOP6n/8AgpF8IP8AgmL8KP2RLzRf2YpNC1341w+IbSCLV7PUJb7WEtAzC/kmkkUZtpVGcBiFA65zX8qGiC5TxZewMsaA28nzqPlztOSrDOGOcbgQcgtnHFfU5dSeIoU6s5t86Vk1zNv3XZu12vhTt8NtXtb6/J5VcJQoXnLnhOVlNNSTTXva7J2urq9tdbmdrPiG+udRmtgbdYLe4nRSsa5LEsTk8dsBRnGAxwT1564Q+asrRQo6AEAgZYnuRjhsfLgc5Ab6crqd41vq94JQ7hb2ZCVBX59xYHqOQSMYPqTzjFm51aKVVBaRWfG1SPmZFIJP8RIx+QOOnFetRwfu235ZJuHNZpJJLdaPRfLfVnkY3M6lSvVU6mqm9HJ6K0YpWaa1srbu2+x9mvax3v7M9pjyRKdY2bsg7VDnuOOQB3AI6Hrn5kjsLiLw5ql4kCiISiNJkCkCRPlGcgctjuCOp45I+pNKt4pv2VY7lCf3euAncWVSC3XceSCMk9MenOa+cLjVreHQbrSkUNE8ySYhl++7j5gVJBYA9dxGDuAyQMfVUsHFUqd46uktb6XcVrZ3tZapJ6NeZ8jjcRL6xKcpX5tdLtq8d02notNVe3d6H2n/AME6rZdUvPinbXcasR4XZjhQAT+9Y4IIB6YJ4OfxFfnh4+isrXxr4ljd1CJr9+ixJgOsYvXJwzDv6r34PXFfo9/wTdjYar8Xnjy6x+E5j5bHkAJMRtIGeMdsdeucCvze+IOkW+peL/E7m5W3La9qClSS+d19ISwPVQCefpjOea6sVh6iy3BqnTUnz1L62T10d9bxsu3nornVWrc+Hwd56xT3av8AZ8kmnt9/q/Z/iLe6LB4oT7LFEHGg+H2bzsM4YadBuIYAcnIIAyT04K191/sBT/a5Pi3cW0nmCHwpOPKK4QMu5+CSBnC4B64HAGa/Lf4wWmo6V4vjjLvNDHoWhhLiJDtkUWEPRuvXABzwABwBiv0e/wCCbE0tx4e+Oc5EmbXwxLhnBVyDE2c+q5GT15BPA5oy+M3jKHtIzjJOcrWaWsY2vtpdXfS9297nqcN4ypSzalUg7csarVnyyXuNLXTW2l232Sex8eat4l1DTPH1zdQtG0UXimeaS2nClHljvCyqV/iDMo+9xnGAcKK/T34W/tR/Gy91zS7zQ/FHiXwPFa2K2tunhvUri3gZIFCxsbaOTaikbdxHHJ5IOa/ILWdZgHjyaGezNyx8SXBwsh3Ov2w/IO6k8DIByCoBAr6d8K/G+z8M6jLp9poF2t7Hdx2k84uC2y1kcJ5aIOFZSeMHJHA24Ar9f4EzCGWYuvKq6cqdfkTpzjzRk0tVy8sruTbVrvt0Pr+CuPs2yTGYin/a1TDYStiE6lGbVWlK0rawmmnZXTd+tvX9i/2kvir+1F8I/CXw41l/jN49up/H2j3OsQrFrM6GFZmwwcpJvdWQksGAIJ6c8/Ddr460v4gabfWfjDxN4lm8QXEcgk1C+up713uJD50kn70tsLurKSMcdtpIH2X+3lcGf4Xfsw3llLcu138OVumRm3NETGjFcZOCDx14A5JYgH81fB17aaRa6teX0qrczxr5XnxZIy2TsYgEEjAOAd2SDyST+r4bGYHMcywdKvluDUZRrKrGVHlpqle0nF0+R/Bonf4nruf0ZgvFjMMBmeF5cVh4YdUHOqpUqUKM42jJ39moXbvprdaX63/Rj9nL9qr45/C6w8PaN8JtZtNLttAvWtsxabbtPqtu/wA0n9os5DTEBcIW6KSMjNdF8aP2mfjJ8T/EWlXXjH4ia1Z3d1rvk3mi2TvZ6U6CQIVazgZUmdtxRgQ3BO3ua8E/Z/j0fxP4kt/7MlktcW0l0yooBmuo1wxUDBCZyeTnqvrW3Hp2mXfj9LfxO92Vs/FNstvMoAREnvVEju33R8pL5OAuC/GAB/T2XcLcG5Zw1iMXRyTDyxTwMKqxc6T2iozUYTjG6tFRs4u8puzZ+i4finHcUV8uzevi8JKdarTw1OpGnGNT2MZU0o+1V5q0buKWt38j6n+A+heKZ/E/jxtV8PSa5a/Yo/8AhGi1qblrG7mIeBoYgpWN2bnLFeCMgc1/R7+xB8G/i3YeDkvfEenjSLjVNOe6ZPssST3cbKBbwzDB8jyo2KqB8xJKn1pP2Vvhf8FNB8L3L2mp+CFbV9E0pk1A6hYXer/bHtclpRKxZXUtgLuwpGOOg+z/AA/8afB/hbTT4divZbg6PFLHPqENxG6SoCfKXernBIGAg2hQNoUcV/ml4u5nXzPMMVSwWXY6jhoYvEKnVqRmpVIubm+W0Yy5IJ8sG3blj8Wln9LxzxpnWIyXG8JcJ5JjsbUp16f1vE4qnVlGUZJTUqKso2jO0E5OSfu2XU/nD/4K5aSfA37S/wAGIb+8uTNJBpcomdADbFdQgfymA4ZV7EAZ6lciv3U0L9qTXNA8KeG7G00q5un1Hw3ptvpNxdtHHaSy2thEZpVLEEYA4PQ5A9M/z/f8Fh/G9h8QP2s/gpYWF1JcxTLpAcvIGEKT3sQVS6lgSoJP0GFwK/Y25+E8ieHPCl1qejeLtc0/wZomm6vYppgkNtqsklrA7WqqrBpEX5TJGoIwMcCv5z4syXGywWUyTq0WpVObmk1Jt8rV7u7sneyurNX1sflmGyzBV8POHFlOhHHUlS/c158jVb2SnOKvLfmcVZW6pJNu/wBOT/tK3Vh8JP8AhMfGXh7RdA06zW8utQ1O8WMT2dralt12GkIcyykfuljBLH7p45/Kf9u39qPSvjt+yndz+H203VPDf/CRabbwamyg3huYJ5Nw3k+YFAAOMbdp4I5r5A/4LA/H7x1p+pfDT4e6FfjRPBd/4dXVL/Q7ZhBNNc7DnTr6NW+fySuHUghm4Hc18laVr11ffsQ6RIyJGJvGYaaNW28MzcdDjayKe23aSOTivmcs4SnQdDM8RXr1ZqvD2bcvigm+Xmte8W1fXV6W6n5VmmZ5XhsXi8twmAhSnB1JOSbklKSt7nxLkcXF9u1rWPkjxtaXX/CvPHssRjKo5/1YHzbUyB2xk4B/hzwckkn4w+HXiG4Ou6RZNJLEsc4bbHhCZgcjZjGGZsY5Pbg4xX3JrvzfCvxQXjO+Wxku5ShznJdOMMQVG0Ak56kADFfnH4B1JIvGlpcKodYL+MqhYjl3xgA9SGUNwSckA/MOP0iC56NWla0ai5ZX15o8i5pL7V31i7X6n5XnWKVHEYerFNSvGVlfo4yurJNbJu2l15a/0N/Ar9tnx14D+H1l4E0W31aF0kFvdAztLAbeVWjWV0c8Ns5649ScEV4b+0c6ah8N/hzqWoNJLPqvjvW7+6mUFWaNlMjMSckFcsDjOGyAABz8x+FfFKW/i3Smka4i+3X0MU9r5u2NoyE28nhSBkEHA9BX09+0BbLH8HPhASriGfxH4hlA+9hDC2CrfxDH8Q9favyfKuH8BknEOKr4Ok4Sx7qe1fNdczlzNxX2YyvsrJbWZ+hVOIsRneS0o4lU08GqUYuMYxcrRjFOTSu3yqybs1bTbTz6L446V4e0yTSrnxJdafYSpGltax3jql4kEQIiMX3RucFWPUjgjkmv0x/4JQ3ngPxvqXil/sVtqF5FeTXyG+Xfb2cnzOhmdgVKuThCTjODgAkV/Nt8eYUtZ/CcNtK0JkSWRtyjP+tb6c555Axnndjj9I/+CWGu/E/ULr4lWvgvxMNERdNeAqIBKZbqSNooivIIVnwS4JxjcSdhrwfEPIqX9gY2cJug51aUqlXa16kJb6KKakk0rXXToc3C/E1f+2aWGqxUrUpwguVPlvBSTs3o4p6WVm30e37TftW+NpPB/jzxXo1kLL7dbeDNQvLU2ximjghlhcNFvBLBCOEUhRgfTP4M6H/wUD+JXgy4n8NWV7dJ4dW5mAsBlLdbvz2DTJ2GTyGHzHP419X+BoPiRdfED45aF8TdXfxJruieF9R36jNcNO8STCZ0ijVmOEVCFCZIBAXtx+JHxBuv7Hu7yd0DRjUL4oGAUiRZnAOc89OBkgkemTXt5FkGEzPhPKsuxi+t0qVGLhOV3GUpQV2r9U3q120ROdcT4rAZlVxmDlLDylNKatF6QUFyyTtZPVN662vd6n9N/wCzx/wUA8P+E/hp4i8VeN7LStS1ybR5p7CLV50nu47hI3W3WxRySFZlVj3GcGv5+fFOpTfFz4z+JfGs900mpeJvEV7qMlsWLmK3vZneO3iZ/wCCMMqgKoAXbzyAPKvhd470DWte0iz8Y6pc2OjLNBayo0zFY4ZJgJCEBAI2k5BBPA4GOPv/AFbwj8DtN8RWFx8PL6SV54I53vHYOjMsAbCZPDl8EA4xggZyM+BkfC2B4O4hToYSvXnmNVOnONNShh4c8W4qaS5Iye6V9LJpbF5pxHW4kyd4hYihRdCMPbJ1UqtWaiknFaWsrpaNO/U+gfEWt6X4Y8EfBd777PbjSNJ1FElusSwxzwzEKXjf5ZMOQxzgZHynni3qvxo+Dvjf4Y6t4C8U+GPA/iLxBqCEW+qLptvFdn7VL8pSZE3h1LAZDbgAORjI8T/aDill+Gfwnigcs0lprMjiQ4aRBOw+pJyxXvkhuME18P6Bp2opf22obnQtdpEI1yAgSQAlWJBGDz3HUgA19NxzksM0zmOO+sVsPXoUafsvZVJQ5LU4pX5ZK7V1vZLWz6rgyPiLF4fLI4D2ca+GrOSrQnFSjNS5U7KScb9mldX07H0P46/Z0+FlloMM99pbaNHA6RB7Od/JJuVDIxABJ2DqMbT0Jwc1lfsu/Djwh8NP2ifClt4Y8Q3Gr/blnaW2uIhHtMkLyLCDjJVcHO7JPLN3I9F13UrvXfAt3pM5JvBdK0N1IWcqtvAxRV7buAcZxkYJz04b9mCxlh+OHg3UdQc3F/Fcajhtjb08qCUoHPBIBKj0AIwCengZHjs2pLFQxOZ4mrRoxmowqVJSvGOllq29Emr33t5G2NwWXrFYL6vgKNKvVcHzQiouPwqS0ajfRPbpZH6ReOPhRp+tW/h3U7/WNLurfX/EOs295oMskcN1ZpCsp8wSn51RuCBwBgHAY1+DXxJuZ/CPjbxFp2lTy21va+J722slRzIII0lIDpycllwAePlyQTX9KfiH9nrUfigyaxo2qw6fLoGif2pd6bbSxrcyyalGwM8SPKg8xpHDMVy/YLkHP49ftefsN/Ej4Ear4S1HXXttYt/HkkmqadfwSGWQrPIWWzvERSI513DoTnAI6UuEsPneGq5hmuKnXlg67nWozcvdpwc0rrXrZSa01enc+m4jWFxVLC4LDQprE0nBTUYrmqJwpx1UVZe8r+V01sfBI1rV4XucXSzwXjqLqSa3jlZnCN8wLcgg8kjqMkZyM/Zf7J1nGvw0+IMkqMVvJr2QgKNruYnCnA6rt6554AB9PnnxB4C1bwzG2n6pYm2umPmkOhUlChbcCyjKqMA5JJ56c19X/so2yj4ZeO4iC6pb3x+6CVk2MUBBwQQcggcA9jgGv1DhjMZYhYmpTqTmnGTvJtq6cdF5K17tfhY/Oc9y6ph8ThqdSnGD01sk9VC8b6bW6a30ufmPrPwgvPGeuapFo2nXmpXf2+7K2ttDvdV84kuuOTgkkY7MTyOK4nVP2edY0OeZdVsr3R/K2hhqETRMc5OcOAfTr1GSAK+y/Dnim+8CeIr3V7B7gXS3s6ERnY4Qz5yCQwY5x9TwT3Pu/i79oyy8Q6K+m6v4F0bU7ya2ZX1e+ijkuGkK4R8lSQ68nqRuJz0OPDx/iVxHl+OWGwtL21FT5Vao+Ze9GNne9rK6/wCHSN6XAfD2OwcsTiZuniJJzvy80Xdq1+V86b11fKlburHwD8HfG3jb4GS+KYvC96NM/wCEw046Ream1srTGyBwVgfG9BIowWGfc8ZP6r+L7u61z4YfBCa7LzSN4JdpJZCWa4k3Sb2JLcHBJI65zzX5va54xsby0ls7vQLCK8WGVbeWKJWeBN5KEADhfmGMHB6+tfpTfoJPhN8A5JQyibwdePwoT5UAAXGRkEEE+xxlt2T7dPOsZmsaeNxMOWrBwlJvdaKybtumn1e71aVjwKOXYXAe1wtCo5w5eVe7aybSXNo9bvXftdHzFpPw71vxL45uNG03Tm1HxDqRtrXRdPtXSOaXzThQq8AjLZYMQOMnnBr600X9h/4k+GbvT7/4q6FqXgnwqsp/tbxBqC+Zp1urANtCjchdg3AA69ycCvlT4ja7qXww+JXhPxPpl9f6XeT2VndWt1byGOWHDglo+eSAp+cdGKjPSv2xu/2pPC3x6/ZJj8M6h4l1a98a6lf6dBPol0VkaW3ilghkuI2zvLTAEs2CcZxk15XEvirxPkFfL6WAw8K+AryhRq1LynVo6xXM0mlypWTbs0lbszysu8PsmzmtiZYmt7KvTkqii3C1RXUkmnZ7pK6bfK/meJ+Hvgd8FfAFzFb6ImoeORqt1ZvYeIopEitRdPIpWLylbLKjMSS2No9xXnv7Uek3UPxb0+CeFbeOwsNGj+ymTPlK3leXyTx8pBPPXgAZWv64v2b/ANkb9m3RPhV8P9Nv/h7YXF2nh/w/qSXGoW4mvZdSvraGSZ2kcFmUO3y54A2jgZx+Af8AwVr+CGi/D/8Aa11G18IqbbSdS0PSNUNmQRHDLLIqeRCuAFhUBAMAADoBxX0XC+cZtn2L+sYtTnTlDngnK8otyVvdtorXaS37np4Th7L8BVngcvg6laK5pKCSuotXa1ezejfW/ZHJ/sn6T8MfFX7Uvgvw98SNNg1jQZtCKjTrw77W5v1t0+zHaAVdVkIO1twyMgc1/ST4e8GfDWO1Sw0X4feHbC2S5S0TyNNtS6xRHCDGMmMAA7TjcAAcZJr+ZD9kXQ3uv20Pg/ot+yRvdtaJhGIcJKFGQSNxIG0huAenOPm/tJ074Z+HNFgjW1t0YxEGRnI855AeXaXuWP388nJGMEkfj3jRw/xNm+Z0JZZiKmGw9PCt1P3koRcnN9E0nolto7rY+lwOOy7JaTWPwrlXq1G4RVOLlaPKtW02rdLXSvqr2Pzp8b+HbKz1HxFb2mjafaRSahpVpE1vp1rECvmozKB5YxleGO0HnHOad+0NpelW3hHxDpxtLVLaH4Ra3OYoLaGACf7DOm7dEo4zgnnO7HfIr3rx54ej1LxtcaVaW5IutVhlULIrEC3VJCxGcELgnnBBwpBI48p/am0GfTfDvjue4JVIfgz4iWP5cAstjOeCqgALjg8Yxntgfydhamd4DPcLLEzxFShQzHD4WpXlVqOn7T21nHlk2mp66ddEj9BxmNwlfA4WEYU6VStga1dU3GMZTioRd5K15dbdPK6TP4o7y8nSPxEYAojW4m+zqmS6rHMVwpALAHkk8ZJyR81eBfFfxNdXWgfYnP2dltD5wkB8wAMG4JyTlhkLwQeO1e5fDO40jWfiLp/h/XdZh0fSNa1s2uo63dqHh0u3E+5pwhIWRY0yxU4DFSMjqJv2/Phx8P8AwX8RrXw98JvGqfE/w7deHIdS1XxBpdoscNnemFc2jrCSmAfnIPTA6DOf6rw1SazPA4eeHqSVWEJ+1UJSjHRWTnytJ303fnpZHweXUKcqk6qqJP2ji4NNxaXK2tnaya305fK5+cumTwPcyyxzuCkCowDFQ+fvbsdgTjd249CK+6P2aZPsnhzxrDHLO0N3Ppu6MDdtJZMBVPocDqRjJJAPHwVpek6tDISunXzQNHgfuThyhAXn0xjd04z1IyP0a/Zh0q8TwX46vLqBoDBcaPMjlCc7HjJQE5xIABkL1z9Qf3Xh/C81WlOcPsK/NdJuyWza0a01TT8jiz5QlhJ2cVPmd7aO1tLWd+VpW23u2z4Y+LXwg0Txx8cNV0rWNXuLOSS5ZLqzgtXkaVruTbDlFXaqguC78YAJGRk184+P/wBmjV9A8Q614dsH0q1vtEYzRXD3cZFxYrG7xyAbsCRxghOWGR0Ga+x/i14j8b237RWrX3gK+0fTr2SOSOQ6zBHsnU27knEgxvB5jPHzBcE8KPhXxXYfFe7l8Vaj4hvrqDUIdSe5m1J45liu4RIXVbacjb5G0AKuVXAHIGM+nxXkDwsKeMwuGqKlKMZOcIVORybTfvpyUVa22mjbvofluW4ijOdWhX5ZTc5Rjyys2k04u7u9Uk7K129O589+I/DS6Y1lcXtu6Xru6Sb0fyrpkJBcZXJbcN3HTOd2BXDT6XbPeJJaoxiEv789UiZiARt4PynK44/Dqfe5PGK67Ha6ZrMMF5dJtH21E5iRV2CRQu5epJZh94nJJBBrh5fDsUdzcpLeLbWss53yMSjyLJ8yFInAwegJHHU44zXwVLF8ilTq3jJX31S1Xdab2a6X0Rri8PQjJSpKTVtrNNtWdmrXtdp39WaMTCz0ER2MEUbzN5IdVEk0iBQCxUE8tzhiTtA4HAxlRWJWJ76K2SGaPJO9QWkkflj0AI4+bHAboQcY9I0rw3Hp8EF9EWvwuGKAjyY4QpwSCSSzj/ZJHfritg2fkKmqX9vbxaXJ5i21tsDSKwBG49s7hwPY53HGPKnmFqsoQbV3p0bs1Z32d9e1m1bzzjGTjHV20vfRpaWu9Olo6bNtu/XzSLSLC800XV1MslxCVkeHYV5bpCCAc4I+XHGMd+awrK3toZLtnZlRyyRQlShHp90Zbr157L9dr7buvp1V4hb/AGhjHEFxyWIR3XAKjgew4wD0EF+BBh3hzKzNum48shjhWA/hwc5PXOGGOCeqm6rahUu4tJrVu2kfvfez++5lZxs+t03u7XjFR2lK9t9XbR7WSOXutRls3kgcCVgB5ZydsQ+XGw444PYAgLirsi32pWqRGXaXi3IGbHmEgHcGyCcdxkA4Ibpgpa6Jc3DTXdzIn2UyB+cM0sZ4Oz0UcdSDzwMA0zUJowssdqxBgVghBO1EABAU5wT26AcEgj5SvVT9mpctrXjq30vbRXsryas23t0tcevu3Ta6p3TW1rLq1fbV7WWl3Si0Z0k23dx5sYi+7HyAxwRnOGBzgHAPTp3q3a6ZFYmeOKOMvKoMZ+ZivbPBx0JyuSWPQVzEWoSRi48wSMduDsYllYd2GcZzkZ5GDyc4xLZ69LJmJopCJB5SseXypJU7hkkjrkHqBnvjs9lJw93RP7Mdbba9k1bo72tZb3zai7L56/Kz2ceiW9k/w6bypfLnQiMFFBkcn5sEdBtPfJGScjoRnpjQCxE7/adhBwI4XwApHAGR1OACWOAeOM4UY+p3l5DJEschVJQQ7xsQcDGfMJOS2C3yYA7geues8rySZCP5abg5xknnhiRkktjnGe+TgEqng9GlKWttvTTpe631223siW003Z26+vu7Wu3om9VZu1zrp5rdVkdfLjCLkLARuO4YUMvTG4j19eeRXIyxTLM82yZomw5HJVV5Yls4BbJwF7jnBGFEaSI7LJIzJI7KNhGQM9CAT82Sc7sZ2jHBGK7z7BbWWg3Nxcg3DED96GbKPwUTBPzAAjJxgHIzn5RrCmqLs3e7Vrvu4pdH6u9kr2sLV9Xo03d36rpp53vp38/NbqIXM4kE5iIIIjYtjaACRjIBycDBGMZIJwcstgWmcSs5hiAKnnAxghRgZIOAeex7gtVySFp1a4EgYhGPlngqADgtt53DjkE7iQQMCqiSMAA5wQCOAPmHcEj8c49BxivQhBcqvbVel42im+zbXe9vnZuKs9NWtbq2uyvptpt0vrpqa9pqMQuGaGNSfLwN+ScgYADDgEEYOQc565zn1zwVDqF3NDfadEFmM8cbsgIfZyWyRgKgBYE5UYB5zzXhOFLlUJVmIViBjBxnIbIzkKBxjPXIAGP3J/4Jmaf8JfD9jL4m+Ktp4e1C1vvNsLe18RWyy2khIyH37HKN0DMoIHUfNk19HwpwtDiXNKeXTxVPC06kZTnXqSioqKUd02tdbLXV9kfK8YcSvhTI8Vm/1Svj5YdR5MLhoSnVqyk9oqKclZXcpcr0va+x8qfbNQj0yRAkcVu8SqzneSZsgNhSASS+SecHtnJFcTf2upW8j3LKZBPGNhjV8n5P9hSOvJA5YEfKO/8ASzc+Hv2M/FlhLGdY+HHh5Zt4W0g02GUQtuJBimkQMoJYggjBJ2naa5G7+HH7Jtxdpp1h4n8F3dokKxT3EOkxGWHC5aQIinc/J2jnHPOeK/Wf+IA4KUZ/VeJcHGXN/wAvUoxbaT0kp2aSvrq+vY/nr/iYvMKlWPtOA8+lRclGNShCUpNtxVnCUU7JfzJO3na381O2/wBwL6dcNOZAyvJG+0DtkEYVcZHBAz+NbcetTWtuxjsPLlRyJGBPlgqDu3ZAycAk56nAyAa/eDxp+zd+yhd6Fq9/pnxCgbDt58VvasjQoASzxNtXaRwxCgAAAZO7Ffh58XtI0Twx4h1zSvCOrya1oMF7ItpezJskuoyGwqqB2wATgHIGeTX4b4m+GeK4Zhh5Vs0y/MMNWnyr6pXhJ2ST9+DakotXu7PXXfU/XeCOPqHGPPGGXZhl1WnT9pOnjMPyNRuk+WduWUm001vbpszy7W/GQcRmcQuC4iUYIWPkDduxksApA6DkDuQI5tTg8lLizm+0uwTcgJyMAbjj5sFfUE5BA6dOGu9M1W9jEjWMwtHcKqiLo6nlg33iCMnJB3Z7gZrvtC8OQw2xSWZoblUaU+byQpAXygC23nIyMg4OeMmvyXEYXL8LSpcri5JRThGXMk7K6s3drye2vmj9DmpNaSu3bS7dtLp6tXbV1qr76bW5iXxbLLdeXEJFRkAdGy5cBgCq8lgeg42rjGCWIzf1TxDYwxjG9J2VQiJuK4Iwckhh3+YAAZzwcmobnRbTTtR8+33kbSXdwGX5zyqA5AyRnGAQc8521Fq1tpBt/tEk6LMpz/AoJ7g9sEAgkgEkEHvlUlhfa0ZUqUlF78qtu42u01qnpez63emkRhbXmsr30V2rON9Vy6Wetna129Ejl7WUX+pWhe1jdU1CB0KquQxcZZjgcgdQRyeMjjP1n4jtddPgu7TRY3lu/NhkQBSVZRGuY1J+XOc5z/wH2+V7G7sI7jT0iMSS/bYiMdGLSLtOSOAOeoPtnIr6+8Ua9e+FfAF/qdqiTTQtFMilA0WXiUgE8cDGSoOeSC3OK/SuG601Sq8qlGyjZSet7ef3bWV+vTsoQU6bUndKzbav0TSld3tstb2087/LN1rPxEtyvm6PdkEeWwFucAqOinBHbqvH54rLl/tfXYntL3RbuGV8kXEkMpAIzwGxkc8BV7nGCBW/p/7R9/b3KpqGjwzwk/NJG42g8htoYEjk4A5y2fmJGT6p4Z+L3hjxDerDBNBZ3E2Fa01BY0jJ6ttlIxyD8p3A55Hv9N7Wq4tyn01V/vtp520V0k97q+lKjh5uKi0rO62WjSu072lskmrPqtds74A2PhvSPFMTeNdHN5pVxi1aSaJ44rd5MIkrttG2ME4LgcYJ4C5r7f8AiN+zWlzpun658P54b2yu4zcNYwzK0aI6FgsTjhSFJBXOMn2rR8B6L4T1K3s2vNGtXguYAJnEKum4jAcsPvxkn5WXn+90Jr17TNC8QeGXd/CV3HNYsH26JdSGS1dWXkQncfJkVRtVdoxjk88eXUxElOFSnVcFC3MrtRbum9VGz0e61TtbdHRieHamIpe1oTvflb+Ky1je9rJ7bXve/TU+Vv2eP2N/iV+0T4z13wroNva6dZ+G7ZrzXdVv5htsYg5UgLnLnC/L0APQZxX3FdeBdf8A2Q7azt7n4iza54TdZYm0HWY4LjSr6eJcz20djPI2YXxgOY8nKnPavnG78X/F/wCFOs614g8Aatqng+71iMw6zb20LPb3MYbcfMaMkSKSSQckDp9Plf4q+Nfij8Sr+C/8Za/f6wLViYBuP2WJtoYhYwQFO3ORsGMdeuPzLO8l4wz3imjVjmNPDZBBRbpQi1Vk1y3cpOOsm7NNSSS1tqz+g/D3ijw/4H4MxtTH5RiMz4wqxq06LrSawcHK0ad4yfLywjraUHLm622+xtQ1n9mz4/a1czW+z4QeNDlLf7KsUfh/UbpchHkhYIlqrSjO5QTnGMDDV5p+0t8J/i5beAdPtbrw9D4q0XRds1p4u8NgaktzBsBjaU24kYBUI64C4BHPNfB72V8Jbi5neXezbVI8xXABCgqy4IILA4yp9Tkc/Rfwm/aU+K/wYNvHoer3Gt6IzAXnhzXFa+0+aAcND5d1uCKV3LleAMFe4r9DwuWV8v8AYOOJnXVN7V5OTa0Xuy3s0npK6slbfX8xzLi/DZzTxVPFYChhJV3L38NGMYRvJWvFLlWlttFbslf5C0u0ubHWrQNCUdGLyxSqySxygncrqwDowBPylQRhs7ucR+Ih5l5dTSlg8zlxknjYxVgTyccZGCRjgeg/XaHxP+x7+1Swg8TabH8CvilNGIxrFnGkOgXt6VABkiUJH88py5KrgHAxjn56+Mn7Bvxf8C21xr+i2MHxD8GyIZrPxN4VnXUo/sxy6yTRW7NIrFOWVRgZOM4NdkM1pPEezqxdKV9HNWjJ+7rGVmtHZrdJN31sfG18srwh7TDuNek7WcXdxvZax1aer7+l0j84r+UQxPsJP7nn0LZwzc9Mj0zyOpOaybC4kWe3ClVAOSOMEHnk+/X/AHd3pkep6r4J1BWNoYpIrlNyywXMTQ3AKE7g8TqHTBB+VhnHHXIrhZvD15ZSJGYSSGO914UDIOCCOhBJI4x2weT6arc6clJOKWjVrO/K7N6+X/APIdOUZpygotOydrctnGyeru7aWstmktD6h+F0Ub6GGLKszXDlPMyRgnoMZ528EeufQgevOYUgBPyNtK7QMklQclhgcng4OOh7Zx8q+DPEk+jW0NrIHMSu5XAIyM8sCPbORlTjg44r3LS/EFtfQB/P3lo2YDqQzAfKenPAxkdemaKOu2i0VterXTaztrrra22hz4ui5rnjvZKza6NO+2qs7WSSte90fN/xnJfxZC5U8WYxyB8pBAGQT689cHoCRivI9CU/ay2QiecdqqRhgGw3XqF3dcdTjruFepfF2cP4kiZiS32JsHjspAzkE4zyMLk89MHGn+zVoPg7XfH1onje6jj0eFi8kMr7FnJcfIGwSCcgrg5Hsxq694RlJxc1FczUd7KMXbW/W+l5aNq+muUJuFO7b1+1daNuN1rryq78vNHISRSieNw/mhX4WN9pAPTac5IwTkey+1er/DeWdL/URcSySB0RljZtzbVIIXPIGMEcHucY+Wv0g1P4J/swarBHOL6x01iwhj+zagBMpIHzyKzhcjOTk8njkdPMPi58Ffhp8Ko9B1b4feILHWRrwK3sSX8d3cWxUAI8saMxiDnGMkdQDgDjz8vzeliMRLDxpVIO9pKUJOL2V015bR7M68QqiwU5SqRs4rZ2vfltor6u+t97W1PIYYIL1AkwyiYTBXeU5/HZjvjPoR3OFrPhi3nBEMcZdWJDbSjE4zg7QDz0OCeRkKAMnqdLuocsZmUbZOmM+YQSTgDrj5duPQ9qkvLm3EsbIcgFmKjJXa2SNw9iOgI5x2PH0E6dOSXNGL2vprsu91ror2XkrHytOvUhJOMpL3t17trOKvbfdJdW+r0s/OB4r+IHw708XvhfXtU0kpfR74oLyZrdsMCN0JYgryc5BHXPavcvD37ZviK7NtpvxR8IaJ430uCFIJbma0iW8aMABmDhdwZh0DHqPmbsPK/GUMU/hyR22qpuon3YGdpKjBBPcds8H1zx5YbKL7SIo0BWVYgWHUH5cnBBwMnuMEc5z18WvlWDxUpRdKMW2lzQvGSbtazVrL8tLLSx9zgM7xuFoU5qrKcXaLjO0o293Rp77va2nmfecNz+yX8WjEVmv/hjq78qk2XsHkYlQpBG0Lk5z8vy464bEevfsia3PGdT+HOt6F46sPKeZV068tzetGEyN8HmBgdoJG0P93vkV8STaUBEoMaLtLYYgZ5yVwOOR0xzk456g7WieKvFHhGf7b4Z8Q6vpF3HHI0TWl5NFGdoyAyq5QqcYZcDg475rmnkuOw1KP1PFzaja8Kr9onG8dnfR2aStf5309nDcQZfWkvruAjzTaTnSXK07xV7NW6X3XbqYer/AAq8XeHbu4h8R+HNW0SZdQmXFxZzrEyBzkiQK0ZA4JIJHzHlQcCaz0q2trmKMiJ3VgrIv32ToG5Awd33u688Hivov4bftwfE6109dI8faD4d+I+mfa5IlGtWEDXgiBIZROUaR2wQATkEnkcEV7lcfEX9kD4l/Z4fFPgbVvhvr77RPqGj/wDHikz4w4RQpCfMeAB0yo64jD4/G4SnJYjDOUYte9T99S1V7KyaaXTW626H12XZRhMby4nBVbaxahOLTTdrq+y7622Vu7+NYtF8P3BmWa4msnZVCq5yjZIJ5PAAGfmx1Fcx4w8GW+n6JLfWNzHfqiPJKGZSyI3AK4YncCST/COAOc1946p+yr4G8YyLcfB/4t6H4hVoQ40fVbuOxvUDDIQb2UGQE4/UHuPFPiR+zT8W/BWjanJf+G72bTEtGYz2AN7FNGoypV4yx2HGeExtzySVz24bMsHiVKPM6dSKXuybhJ7Ne49GtLPSz7HrZjkNd4Wp+49pam3GVOSk9FF35de19l2R8g6Doup3GlLqENndyQRvtnlhRnWIHlQwXP8AwIfmMnjXtZUilbGNyHBdQySxvzzlQCpBxkL69Otang7xTrvhC2nsYxNbQysDcW13bZCyIxQho5QCcoMN15BAA5NOvMatdyXMU9vaXMhd2VEEccjOSQQuAFwMggdDjk55zq2nyrlVSKab1Ut+XTyvp8tL9X+azlVw3uTjOKTVvds7RcbX2fzaaaZ1fh34ieLfC88b6L4m1K2WNg7W7zyPCQSWAaJ2IIGRnjlSQAMk19BaJ+3J408G29vPr8FvrFnDcIDPAxgumb5SrKUBYuBggnoBnBGcfGF3Z65BI5eESRAAmWEb1cKO55OGH3QQCQDg+vD+Lrhp9EmDpJGBcx7coykscZALY43AnPsc8cV5mKyvAYhSdahBt6XcdVpGKba63t6de77MPm+Jo0X7OpUi4q2jbWija+r0em2j1fVJfuD8P/8AgoT4C8QRwpq+q6joV24V1mvQ7iFhgAeZj51xnbvJIxggDO3658G/tN6FriJcWfibT9WR9qxTw30aXCpkEvNblgGUMcHcCMAZ5JFfy3aHdlm8q4UNbrEilWXByc7suMkEjr9MHO6uoi1WbR7gXWjalfafMxUL9iu5UZBwcjBBBOVJGBkc45zXlV+DsLKMKlCpKm278trpfC9r3SvtrrfToz0qHF2Jpw5asFVs12TaXLr3S2s7Lrvc/qw1LxX4H8YxvD4itfDuuxXQVd97ZQzEqSu8bwhK7eQCCRuBzt4Nec+JP2fPg5rljc3ng9dQ8K6tchY4b3wtrE0UMD45c2fmCMjOWKkdOeor+ejw7+0b8WvCE0S6f4qubuFFUGLUMXUZUnLB9xyOwb0HOMgA/WPhT9vbVrHTha+J9BW4EYSaTUdFuntJjKpAyYVwjKAOVYAZ5x1A8vFZDmWEcZYZ+05U9mlfRWutVeztptt3PawnEWWY6moYqPspT0u1ZXajezV1+tra9H+kLfBD42eEwq+E/Hmn+KrGNAw07xLAIL+VeWWM3CKwZgPlQkjJIOB1rA1OPVgTa/Ff4JuyODFLqVpp0OrWrxfMpn85VaWPIIZWVcYwCCwrgfh7+3D4K1trSW81y7tTJFFiw1WGNnQAYLRy5LMwH0JxuwelfYHhb9oPwH4jmgTTfEuly7gFkgnuwoCsQCjLOvl5JO07TgbsA4ArinjMyotLEYab0S5lGUduVWTSab0SstN730Z6zwGVV4RlQxNOLkr2bVuj8730dns9NE1f5AvPgJ+zr4sBk8N6pd+DNXkkLBbO7udOeNwclfs90IUDFjgIM42nnPXIn+Cnxl8DCS4+HXxJbXLJQrQ2OqS+eDkLgMEZo2xgLuY56Hqa/RfVNE+HPieNZ9S8LeH9VErE/bYUt1nBbJPly2pZgVwDuUfeHNef6l8C/C02x/CnibX/AAux3XBja7nu7F2jBlEeyZgEjyACPTgY6jH6/hMTejjMMptu0o1IJtK6Sa5ltfdvXW3kYTyONOLnh+W6Td6bs3bl2V+6bT+baZ8YW3x2+LXhgXGh/EHwolzCEWK61OyKzQImxg2LUZVjnLAkZz3yc1+IXxOne/8AiX481U2V3Ba6lr99c2ytbPGQkrgopx8q/L0AJUHA6EE/pH8YviF8XtC8VeIbmyttP1HT7O7uNIR4Y1/eCImMTvHg/vHC7iwJ556gY+Wj4p1jVJd+s+FUeWSR5LiT7JHdF5GYkswIzkbiAOACBtOen2vCvDuWZdVqYzB0fYvFRj7RQXuvlcWrp3it+jW23Q/PM/q4jEx+rVpykqbajd7rT3uuvu7vrt1t8irIqn59+SScN/Dgkj+6epxyc/MOfSeyuYra6hkc5USq+AFbgHLcZwG5Oedw5xg5r65kg8M3IP2/wrbkAZLSWBhYHuAYkkzyMAEjrk8ZqvL4c+Gtypabw9DCQVJdZLmMAZ5GPLGBzjrxnHUc/cSjh6sZwnVUXayVrt6RW1/O/wCj0Z8ZSyytSmpxbaUotryTXys9Fv016nB6d4s0+SCKIPDkYXCuM8YyH52jHHQfTqRXW6TrNjOypvRGZ1JUEMxVSScE9ec5A9f4iOZ4fh/8LJ5x5UM9oMtmVLhimdpyFLkE9BjI67u5Fasfwy8CKyvZa3fwluPluY8KATznf1x8v+Br5bE8NYaqpOniEpSu1GSa10u9U7rW2q0vbU9inUxEWr07q38u+1lrtfve2lk7H1T8JbywHwu+LaiVFuZdOLxRg4d1jRt5A5O0jJJ67ecV+Ufwg1qHwx8SZtZuYHkgjvr13EZO4r58nzBuDx0yOeBnvj7u8OaQnhRdWGl+K7m5tNY06bSbi3maGVVhuEKM4DSfK3IUuCDxgYryfQv2d/BaXlzfp47dLgTTI9iUhDsZmMjbn3EZySBgkY4Jx08TBcLVMHUx9OpONWljLaKSTskoyT0T13e7d7JM9Gria04UHFcs6GqTXazW6V17uln+Tt9X6L+0l4Xmt40vTFblYlEUdwWDbQQo6jAJwOeueDnvWh+M/gfxT4u8K2Jvlt5YtbtwFJHlEs4CIrEdXJzxgcgAZrw66/Z78JajJEZvF97ZvFGoTLQNHIQOhYSdSeAAOM856jJj/Z8t9C1HS9Y03xdFONN1e0v5I7vZl4bedXYQlWJMhQEIMAEgckmvmcb4aZe6WIq0acpVHSqSguZP3mrpW0fxW/Fa629jB8SZn7SlCpKnKmpwjJyVnypxvu01bXd3tq9rH7ZWFnZzqt5C4ZGVfl27mIOTuHpnA28ckcHA4+Pf2hvDd1P4u0W+jsrg2r2sq7lhJBIBycKCW4Gcc9B34Punw++NvwUGmWlrr3iHUtNuY1iSUzW5KF4k2MQRklWbIA7r0HavaNZ+J37MfibwpqmlxePdN/tl7B4NLvby0KvZXUjE7g5BO0qcN0xjBUnIP87Ybh7iXIszlXWR4x0uepGU4UJyVm1aWik7Jatp2t+P668TlmY4KNOePwsGlCbi6sE7pK+8rvtd222Piiy/Zj+MXinwvpuv6R4Ov9Q0TVolW0ktirM6IwywUnO3uVPyj5gQD17L4WfA74r/AA98VrLq3gPxHBp0PmPczm0YgJJCyDlQxxuY/KuQxOByeP0z+EH7QPwl8L+BfDPg5PiL4fe50m0Eb38coRC2Ax2xsMYJ3ZJ28EnGMCvXrH9ofwbqlxNp9v4t0HUo5cEXP2m2G0Bs4UMcMw7ruwxxkenxOd8WcfUauLwtThXGTwcqs4RqrD4hN01pGXw2alZPVJb+TPqMt4c4WnSpV3nNCGIcIvkVWlJKdlpunq9fJrVu+v42+NNX1PSb61tL+1nsDY3zyw293E0TQxTXIkDOjhWBZSCFKgYzwe+S1lBrusandKwd7lIWjYpjJYKAcEBSvTHJxgDPSve/2jfAXjX4ifEDXtb0CK2vNLvZbSK0ubOa3dG8kAF2jjkI4/iIGMcDPAG5on7Pmq6PpOmXt9cf6X5FvPdRthC0igAxhhwQo54AOADznj6/LM3WByrC1cRQqYerUp0uakqU1KnOatKLvG+jdtW/U/O85yqpVx9alRmqtGnUfLVbVppe50vo+ZN6vS2rZ+VFz52nfta6Tp6s8c0dkisyDawLQvjAAzxkYOCCMY55r6qe88S2PivSRHcT3UUl42ZJyXABfkoSflAzgEYwDnjqfnrX9Nm/4btWx2M3k28JYJztHkuAcEYYcNyOGxnnjP6Ep4TXc09zBCs0bNLAHAViGYBSpOMH1AGc9MZIHs8c4zBxjlFbEQUq1fKKfs7pc8YytJa97t6979zkyGji2q1OE3GMMY5J3cYvkcUuZKyfM09b6ddlb50/a7v9VuG8C2twyXcNvpjzgrHwrOoLMxIOCeSenU+hNfHehaXf3lqZSA0XmOqqVGAd3IJIByMnkdM9cgY+2v2nIrtF8Nb44llXTJ1ijU5aVSMBDnp35GGXHzDAArx/wJ4Zkm0C2UWn712d2LAYOXAI5+8DwMfN0OMqOPouG6kcPwVgKnNaPv8ALFtOWtS+rvva63ve1lofNcR1atbPK6u3blvKzWijCyVlZro9Onc4bTdC1NLO9lSKLYk1sisIxnmRARuUdGJwwzke3b6P0fwkmrIltcaJYvKkMaYNvh23qu5iQMZwfvE/McEHoRv2/gqa18MXdx9kRi1/ZJuHOGLqSDnGCDwM8jtnv9LeHfCdxBB9pa0WGRoIfLOwlsqq7h91snjhiOpA4r4zOs85HRnCLVq0qd9lJpRbt1fKmnv72zd9unA05umoyba35Xs4tJytzdUl01V2n3Py+8G6eIPjR480i1hZItMjxb2AZo0jYE5KHcAu0jjABBJHrXuEmrap4fl3rrN7p8RXe0KSSKCRksqyZJO09WbO4DBz219B+HyTfF34j69bKqSeesL9Mu5JDhuAMk9DjAJ6dQPQdT8E/brfybmGKdmBQhxyOeQufQ8g8EfMMcg17ONxGDrzw1StKm19Uw7lZRfvOnBNtatN37u2mtrHP7aUZ1I02+bnkk7Np2evwvVvttpscVonxW8RW0sostbuLzCBiBdNIUJGAGRj82T1xwTyOK+Iv2//ABZreqap8Jr69d47lbW5MMsREUhGVIYsuTkNznjoAcE8fW998KtS028luNNWaFZRtAClUGCCwYjOeMYB69Rgdfjz9vbSrwah8E7MmP7TdWktmjDIPmOyxl2wOTuYdVI4YjFepwdQwMOJsFVoODjKniHUj/3Dd007pqy5nrovRmNavVqYOvCbtKPLZ3b1Uo+jvvbfR66Hgfgv9o/4t+EZmbRfHPiW2iSNY2hTUJQjRKuAhXJB+UY4PTPbFfXfwf8A2ubia9tLX4l6n4rvtMkv0nM+nahKs0Ekpw8mwlUYnB+Vx0zwQDXx5rnwU8V+FIBPMkN9GkMc0zW4ZnAljWRfk25YEMNxwCpUjHpyVlBd2TRs1u0beYG2ujKc55DqwXHcjHsCCDz+pZrwtw/n9CrTeHoc9WLj7ehCMasZaXanFcyknrrfVKK3RxZfmuLwGIpVI1HJU5RfJNucU/dskrXV9m15dWfv0bv4JeM/hPqPiab4q6jFIfEEM914UD29vqMsQZRHOZmcS+ZGAjMUOAQcY+7XgPxksvhhpWp+FZfDXjvxHrttd6OtzeTNqTynQpMjbGSjncyj+FsDHBOeB+co+13lha3thM6Ngm6tYGOxVCgM7AMASApJzjBHQYJpmmXt3b3ckQurk7wiOssj7WDH7oU9ABnA+vrivyjA+FdTI8XOvHPcZiMPGU3SwdWFFQgm7pOSgnLlTsnvdLU/UqPFmEzdU6NTKsNTrtw58RTlOM24tNNrnaW/nrd3P1P+G2u/CuW4bSPEHxN8e+EdSmewj0bVNL1q9hs7uSdghaZY5/3RDEHGNoLE54FfUmsaL8VrT4d+MvEHgT9pX4nJJpJktE0TUNdu1s5dPEIdrt5JJclZYzlEXG4kZ4AFfinHdLZjT9RuUkkFte26MrSEIY/MRhtY9GQkMMEsMKRydtftn4g8D+J/Dn7N/iHXfEOoSi18Y+GNL1fwkluCTKvkIrrJccbtka42NkbVHQGvieN6H9h47InhqlCdTMMbDD1aWKoUKkZxUo8yi502vfi3yqTWrsn2+hhQqYrCY2p7SUY4ag6kXTqSjKCcVa6d09UlC9k29bLbJ8E/se/tAeOvAukeNtH/AGkrq5fVLFbpLDUne4tYLqSQOYpSxJOWJLMDjBzzxXxteeIv2jfAHxF1rwjf+O/Cs/iTSb4WUtxq2mQuk0IbbG8TsCzRSkBQAOhB4GK/YD9h7xZHqHwW8MafeMrTWJNncwq+8spzhpFcjawJxzgcDnkV8Zft9fCnS9F+NOg+ObILHDr0VrLNDGhRGubacElmHO1kXBUkqWy3BPPy3A3iNmVTjTP+F89wmVyw+HjiY5aqWXYWjVUqMk4QnKlCMqqnTST1eut9r/IcW5LTo8P4XN8JUqVZuVJ4j2k3N2kknKzvqpNqydlfZWaPl341eJf2qtA+DnirUfiB4S8F3HgTWYkW+1ez8qK+lja4CQNawY3RiQ7SjBRjOedozwP7Ifxz+JXhfwpdWPwx+Ed94vi03U4bzUL3TL+WK7gmZARFIAV80A5CgqcjOMgAn1v9uX4nxeLvghc6Zp8iWlvp+kaTbzWsQ8uOWWHyVYN8wydykkkZ7sOcHkf+CXF9INA8Yta3RtSmrWbySq7ZYrEoVemCvHccZ5yADX7NTzuvQ8OM4zjE5Ng3PD4qUaeCp0p0KFeKlCMXKMJL3mnZuNr2bsrHw2X4enjs1wWEhXnCNRXnVjq1K15ct7Rskkl2S+71bxJ+0FrPjPUbgfEH9mrxVb3zTSS3OoS6Q187yhXQs0zxZKxgkdMAKOTgU34X/tUfDH4ffELS9Y1PQ/E2mxWElpA1lcaM0Tww29wjMbUhVZZFUBU2DJG3bkbsfZ/in4u63F4kHh9rKC8a1adiluIzI9syMd0zlMlSCGJYnJGMHg18rSW2neJPjb8Lb6/0/Rb2CfxKnn6c9rAUkhW5Usl2u3LgHJw+M4I2jOT8VlvFGV8QZNisFnfDNHCYWeX15VlhsRNOdCNJNwgqkZSi5Kyveyd/I+nxuSPCY7DYnC4+dedGvRcXOFlGalC3w2jJRlvfezu9z7X+KP7XP7H/AI00zxR4q8BarqHhzxtrukNCYNdsL1G1C+aEQyB5JoESNGZi2AegBAPFfkB4b13wtD4u1+Ya3Y/Yr2BRrUPnsk93NvDMIJW58rccjGduMY2nB/b/AP4KJ+D/AIZH4OeGLrQvA/hXSr2PUraOW50nR7O0mni2fMhkt1RmAYs3JAyBkDJA/kx8R6rLF8ZdX0dJJTYRavPAlsrlIxGXKhFGSAckqvAy3Bznn1fCLK+F844azF5PgcTgcBOpUpSpYivGtKMaSUUozjGFo8rVk0mnfotezHcQZnleeRq/WYPGQjRcZU4OELTSs+XmurPSWrUr3aSP6So/22/ib4a+FOk+G/hH4r8DWk3hWws4oJL+4ie9NkoG+08uVxveMFQW5yATwQDWf4G/bF+N3ijXtOg8deLvB+q6VfIzX/2O6tIXt5cA+TGRKCDk4J4BwOBuNfOnw5/YB8N/ETwz8OTo411fEvj7T5HvLhLpvI01HiMqSzr5ihEGME5yM5wcCvz9+K37LXxJ+BWtava+JTe+HtIXW9UsNG1p7+eWz1dNPk8txbSswIfcVDLkEHk7ckV8/lfAHg1nOLzHKMBHA083nUrzrSr4alLGOfMozrUal3OTUk5e7JNW2W50ZlmfF1ehLM6ksVWw3MoycJyVFRTi0+XlaTakou/xaa3sf0o+CPiFoGp3LSQ6hpq3y72mt/7RtThewVzJ8xOeob5jjtivrL4I+Irf/hK1fULi0TT9pZZhewfLJITtHyyYYEgcYJ5wMA4H8h+h/Ab9pC20TS/Fuiatqd5pmtQpJYPYazd+aYX5VyASDgKcLngnB9K+8f2JP2WvjH+0N8SbD4b+JvjZ45+GD3/nSW+pPqFy0kkltllihRpVQZJI+ZgTycGvzbjL6PvBdLBY3FVOOKNDDUYSVaLwyq1KXvJKPs4VHUlZPl0V9L9dL4d4sx9PEwgsurVZ21/eKHMmo3d5wabd3qnfqk9Wekf8HEcsN3r/AMDNSt3MsLJfQJPG8bo+0gcFS2Cc9T1OApHOfwOg03daxloXcyxK3m8hgCq5wTgc4OcZPUYyef2l/wCCq/7KPjL9hzxD8K9T+Kfxal/aC8IeJL26ttN07xJKZb3RZrXaJEji3yqglxkMpwep75+AE+OPwJuLVYb3wqtoxYBUiiDCML/AGAPAGBkk8DcBkCv7O+jFlWU8O+HeV5Zl2axzfA0KmLjSx0KM6CqSeJqSlF0qnvRlTlJxd7O60Vrp/l3ihUxGd51WxE6CwtWUKLdOU1OyVKCi7xSTTstbaaXPjbULBhkqjKMqp3kHdgkZJHT3yB17Z4yXtQSUyFyMkAEgADOM44JOFypwOgz1H1zq3jn9mbVt4H2izdiE2j5QpIIBGQG5yBnkDOAc5Iy2sv2er8K1t4lW0yAGLTLyDzyCCeOnQgcDPAr+l4LCVH/Epxu7tN200evRX6p32v2Px2plGNi9JKWi2b68rurJJfN7XS7HyxJZMQQflYR/xOeNvOQOcsf/AK4x0DVgCqCFVWDKcnqew53feLDJOCQdxJx0+sH+HXwevgG0/wAc26oQMPLJHkMCABguOAOOBwpz7mtL8DvCVxGTZ+PdLlZmykZng4z0Gd54A7dO9dUFQv8AFTlbpda7LRcrt8vM4qmU49J8sE97a3T0jur+T23T73v8uByEbaSspZmBDHBAOF+fnnHXsMfwjpJ58q7GbdgLk7DnGevJOQTjp/F8xBHQfSkn7PUjkNZeLdGmJztU3Ee5gMqMhWOD93PHTvyAcmX9m7xiCz299plxySALhclTnaQoYjbnJ55OegArdwozVmorRaqSSS9y17bLp30XmcKy7Mqaf7mUrKySS00Vnf7S0S3V136+HR6m8bfKSU+8cHpu5wT79RgY96qT6iXcEqpUBs5P3+oBI4I7843DjAwa9cl+APxGhZtmmxXCrnDRMrK8Y+6xwxyOwBwQeTyQa5q++DHxFgLGbw7cMF34SIFmPBORwcknnPA546Vzzw1FxbUoK6S30Xw7JvV73v31voOOGx6lFSoVU9G/dlZNNWvFei1b63ktLnyz49lM17AoA+c4UngqvsMZxxgjp/Eea/SP9ki3ju/hZdx+XGyrd7S2SWA5AcgE5A+Ybfrjoc/B/jr4a+N0uLU/8I1qZaPIkdbdv3eeMHA6qOD1Izjjdg/Y37Kut3Pg/wAPXei6/pt3p001wHDXkciRlF5U5I75GP8Aaz7Y/O+JcDXxFKsqMJTcXH4U2nrF6cujXl2tofe4RcmWUo1XyOSSakmrO0U0/wANX3V0fWen3EmjXP2i3VvMgkJDIowy575Ax1z3yMAY53fVfgP9om50e2ez1PRLbU4XtvKSSRFDwjyyg4A4bOOV4HIxwM+BWuueHb9NpFoqsqlw7bWUkA5GSpZTjt6YIPQ7NnFoolT7NLCFkGZGV1IA64IPJ5yAQO+eOo/Msdk1PF+z+uYOblBqzjFqUZJx1i7ap+Wq0Zz0sT7CUvZ1IvVN8r1vpfSTenRpNPrpqcN46jn1fXb/AFaGFYotSuZLhIlBIhVyzbBjHGcDOBt45AGBw7aZIXVVEasVAfAJYMwySCSd3Ayc8qSQMHdX079l0S8hFpcLbqAy4KMNzDAHyHAOe+MncCMjk5wW8JaIl4I1laCMMxaYtvQhmynzBhn+IBT04IAIOVKNWlCMYQnGNOKUV710lZa3Sb0S6p6Lbd91PM8NThyzVm73aeiaSbvvZLTqrvzTPDbXT/KczTRo5jyAoXJJAGSVwWOcDvjnnmpZ7TzgrCJECgsExjIPIGMDg+h6Hpg5r6j0j4a+FL90aTWoYSNoZZAAWBXcWGRwPQfMMckYxXY/8KS8KyRALr9gXdjsVpIgcMewLHCkscHAAweRgsPFq49052cavMna/I7NaW+zvp0dzKefYOPu89no07Oy26pPVLbW6X82x8KXOnRMVBjXdnJBywAJBwpAJBJ9PzPQ5dxp4Tz1SFSwT7qNgfKTgsuBjIwMA4JBYjDfL+hifALwu0at/bVnK6rnbE8JZjj5VJDctlTg8sc8cgYntf2e/BcgLPcPKmAroqMJN/8AFtYFs7eTkYB5wMc1C4gpYdu7rNrlbiqcuqXl92quldPTXnee4SVlKbV3bWEkm2o3abinrrs10R+UHiHSVW2umkhkiJildmUfINyEFdxyQM4wDjtxg181/s3eN9T8F/GO90/TkgMfiG/ezvJZhmWK3VnLNEQBhieCSeOByTX7IfHX4VeBfBng291C2S6lkCyp5QLbt2w7Q4wB8rEdug3Nwxx+GPwxkQfG2LyW241K92x4JGzewAUjuARyDkD86+zyXM6GeZfiI1KbnSSUHCpFWnK0W24rZLT/AIfU9fJMXOjiHisFWlTnGUXTqKycZXSbjo9LfcrnJ6b4H8ba0+zS/CPiC7BIAWPS71DyxAGXiA5xnIbGT2PNemaR+zT8ZtZfP/CLz6XFInmGTVLiCzVUIBG9XcfKATkfLtyc9gdPUP2qfjHdq9vF4uttJjYhBHpdpa2iA/d+QxJ8mBzyw7HBPB8w1b4j/EHxJdE3ni3xNqkkuQyrLdSK7EEMuIQABksoHyjtjpX6OqVNuHIpztZ25dWvdtot7dfw2PYvQg7OSe38ttbK+iitFbbfVW009wi/ZS1eyWNvFXj3wN4cUEF1uNTimkHbaFiaT7vfPUA/WrzfCD9nzw95Y8UfGiTUGiOZrfw3YrOsjAZCrK2Ce467QM89x84WnhD4h+JJMWfh7xFqTElmLW14xfB+8TKSOmenABA64Feh6J+zF8Z/EQEieF5tPh4UPqLJAgBIyMM5YlduejEc8E5FdkMJXm2qeGqyu00uR2S93VOz7q93a6V0tjOpisHTjyucFtdznGN7ct9Nne299+u59efCHUv2XNFg8XReHdM8R+J5n0ho7mXXLj7FbudrKphVSRnjcMAHcBnkZryDwN418Haf4t8Yt4c0WTSdOaxuoII5bkzzx7zIMCViHMbOflUt8oxjBBrpfBn7Jnj/AEWz1SLUtb0DT11C3WKZo7iSWaDCsACiLknP3stzjdjse78Bfsm6doN3e3WqeLLnXZNQixJaWFgWOOxWVtuOOncHrkV30cjx1aUbUYpJXk6k4q1rK1m0+1kvmeTiM3wVpxdROz0jG8ne0U3qtLu63WqV+5xXi/8AaC1z4eWPhiLQ1sfMnsiJXvrWGZ4cOZEYb9w+427PX0ORmvJrr9rP4sam9wsPikWiNuwljaxIwVucxrGGYDH3c7Tled2QD91T/sxeAtbawfU/D1/f/YFCo1/qTW/yZBKNENxxzjjBwRjGK7zw/wDAv4d6A2LXwd4YtMHYk93ax3sx2kAgu4yWxzkde3WuynwniZ1JTnWowTaeqcndtd0kkm+9uj11MafFMaVJUqPtOWNrO0Yt6J6Nt/r8j8qJ/iZ8V/FUkiHVvGGrb1xsijv1hO4gAbkGzHIGDxxjscS6Z8MPjJ4tkV7Xwnr8wYlg96XVA5AB3ee6kgk7uBwB3wa/Za00Tw7pYZLWOzhy5iCabp8MJjXHRSU3YOMkbscdTu5uEWMLeWbS6mKScPJMIlIY4BdVPHXgdwAenB7qXCVBWdXESa7U1GN1aO271te7XV9dDz58TYmcklTb21nOXePbfy10SsrH5Oab+yp8Y9RZJb6z0rSxHIHkF5dKJCEbPKozZIXquQM/NhcGvoFv2T9R17SoLHXPFlnYRBE3w2cYm27UVd0QJDEkjAB7DJIxivuaWK0P7tLG3jcN5pbe0m/PRe+STjPQckY7lstsrP8AukWJyFz5I4ClQFXcSpC85I7HOMHNenQ4by6krqM56WkpyfvXS0vZLXordtF08/EZri68otyUeW0koxTs1yrmbk7q9rP8bHxLpH7EvgCxlEmp+JdW1WNF80plbVGCEcYVs47HgckYBzivXtG/Zw+DFnbxyW+hwzzoSS95NJdbducO8bKF2FiOMgc4BJya9vtdNt1lkFwpkkXLguhxKWYFcgEAgDAweW5wCRkahtoIVkWKMxSSYDsigKEbklQBx0B7cMSMcLXXSyrL6LXJhaata6a5r7btq62726swnj8ZO169R2tZJpR9bK1utntrv28/tPAHgjR7dBp+i6XAV27WtNMiSRtoJIDlWySBj1A7c5rp7XT7Z4Y1hhnjDhmWMKkagIV+UkKDtP54OMgAmt+VESGOPcCYmyjhQWYkEMWx24I5yAMDpSxRxI7kyMQVyUw2SSMAgYIUEbuueDu5ByO2nSoq8YU6cXZW5Yra0bPR76au10l5nJKrWlZylKXRbvRNWerbe976NaW1uRs8qW8X2a0hjkLDzArFzsQ4IYEYC9+hB6c9aztTu9TaIvHKtsNyMYoQpPJ+ZtpGOT0xzxjqCavyNslwrmLahCqMZfPJ3EAkgj3Jwe2RWTeSxMwX5UZghG3DZUAZ5IyDkE5O7jI5CnE1Z2haPRp25rJ7JJ2tezV+17a63Lw8Zc93d6pt2s94pXennotNFvfXntDnkl1TVYZYptzbGUyMcpg5ZohzkN944PPA6DnvbXBKTBDIpTyY/MJI+XcxLH1O3OSSBx0Od3EadeKutagiqNoijBkf+IE8+X02DGAAcjI5Cnp1Et/DFlVOASCBGSFUH7zEdMcnHK8nOMgmuTm05U9XZa2T0abSlfW1rb6NI9JU0pRle10l2a+F2WlmrJ2u99Lau/RRmV4WI4dP9UwHygLjK4OASOxHGMZPQHPthMAzTOfMYOFAxgqD1Y9QVweMjrkDkVmNqixqYgzMMKUIJGCRuJBHPHCggHH0IqD+003lExwvI3MRkjP3ifQjOABxnsQJbSkmrJtxXxJvdNOyXVau7tZbaNLXku1JSb1W7vK94p6Wey13enLpY68SqYoxGVKh95jwGG4DOSpPUAkYGPTPIzEbhVBGVZ2IIx1KkgMWHGAoGcYHoeAccPLq5RwqOwADZKlsBsnIPCrwNu0gHpxgnBpLrReUHeEYBsgNjjnkNnHzcgjgEdRjipTTqJ8zWiv6rlel3bur9L2d9jGcbzSsm9OmnM0ndX29dEr2WljvL26lDRKZIpI1QDOcBOSCCehwQOuTkAnsKoLfv8wGAu3azfwtjkYfoNp79OQDya89utaXd80jKrDbsQkqx6EttwxH3j2IznAB5jGq+WhQS7lC71JOFUkAbW3D5Vzjkknjufupyjq5S6atyV3oltZPTv1Xk9d4RkpS5VNJLe0W5K6SS5kuXXV36W6nVz6xIHETEYDM2GOC3YHg8DjkE8DkZ5JmOpNj525KAqEHIViB+I59Mnr358zvNUs7cGW8u4EAYEM0yHZznG4ZJAPqAcDr65d34+0G03mXU4psRgKIlLgjgkAgc44AB98kDg8jr0oc3NNJNpW5l2WqSs72S8ld7G9KErxcXJpNOzs9rWbst03beV1bW23rUmrhISY3DAMAjYJJIIBDHk5/hyQcDgdOaS6u65YMu5SW3EhSdoJx0wBnrx19SAK8RuvidpcK7IIbu7yQy7YmCFjggHI/DOB2NZ9z491KWMPYaHLjYBvd8YY9mGMAkAZGepBAyTXLUx+Hg9Zc1ktIpvfrvd9PuSudkI1bqbly9HdpJvROydl2fa6tc9vl1uScOGZQh5bceWJJ5BycnqcDpgd6xpNZm+0AnzEj+dcqAjMMkqBznaBkdM46da8el8ReL72I+XbRQh8AKkZ80KOSVOMKB9ckjJHeoHsvE91EHub25hRhjzPljCZbHdhx83Yc5Hdq4p5lC7lTpVJ3St7rs7Wtstu73utUzfkUWpzrU43tdpx12du17rdW9E2ekahryhd0k8cVurMGWR03HOeME5yD6ZXnAPTOMfGGg6Ym+e/haPaXeJWG4NyBwMqcbhkZB5wCOK8Vk0q3e8ms7+/vXcMZDKrllHJJCqrHcXyMnhufm5zXQw+FYri0UWehXd8AqhWaGZt57biyhUyv3QOOhJ71lhsRmeKfLQwlWUr2XLCU0trrRea3bvp5sxxGOyzBxc8TjcNShZSvOtCKtpr78lddX5/JHVX3xZ0ePDWSzXTooA2x5G3gfKc7slcAYyfTOMVly/E7Wr6WOPTPDsp3gD5y25j2bBHI3Y9h7nOS38C+KAIJLPwmlnAThrmfZiFudrSbsEJk88YBOevJ9j8AfB7xD4h1XytV1rT9Lt7SNJGuLXDup6tEAoPJwF55Df7XT6LA8L8SZpUpUVQnTdaUYrnXs4rma3c7JbN3ureup8dn/iXwbw5gMRmONzehKjhYOU/YT9vP3VoowoqTd7dN3ueMtcfFTWZvKttPaCFTullRVUQI+cbnLDpxjA7DPQYlfwL4xvQf7a1aW0EamTa7vvdQRloxCGG44LKATwOM5Ffs38G/ht+z34Pso5vHFhL4gkaGOS6kvdRjtoDL1aRYncfKwByG9c47V7F4l+J37D3h2wcvaeCtHe3Rkt45JLe6usk8K2GO4KQeMckdug/Vsv8AApOhDFZ/xBg8vTjeyr02ov3VyycqkFa3ZtaLXTX+MeI/p1RecvKOBvDjifiZ+29l9YjhK9ClUs0lKnCNGrUabe7Sb006H8/Vv4G024uECJrmuzO4Vre2068LZXIwrlAexyckHkgYFei6J8EfE+qtI2i/CbxFeBSBHcXlr5S4OCAxkwQOvONw+YZ719/+Lf23P2ZvB91PH4bht9bkikBiGjaNAro5z9xwpyM8AnrnJAwrDxPxB/wUduZ3MPg34aahMr/6qe7YWgbAOGKouMDsBnIwckA55q3A/hnkqlHNOL6OI5JNOGElSqTaTjs6ftX+K6b7n0+H8cfpGcUwprhrwdr4BVYpe3zqVelCHMlZyjVWGslu2tLX21OJ0L9lP4x6jKoPhDQdAhZQRLql0olhUj/nmAcEeh6DqOM16XpX7EmsvJI/ifx5pmlpIDm20mCIs3AJVZXKAOnB5I78gc180eKv20/2h9bklj0y10Xw3BIxJaQefLDkY5dwoB6Zxx8o+p8K1v4p/G7xOJRrnxWu7ZZQpNvpcrwjLHlMIcfMOMqchemM14tfOfCDKnbDYPMM2lDROq1CEno73cqbVv8ABrrpbf3sLw99LnihR/tDN+HOFKNV3nDCU3WrwjLlVr8tVXV9LVFr1sfqZp/7Kn7OXhZEl8a+M5r94sGaS81uC3AZTgq8STHaDgZXH8PGOM7E3i79h34bRu6XXhKeeFSCwjj1KZ2U/K2cMC+QT2BYnJ+9n8T5bf7TJOdc8Ra3rExJDjUNQnSKQqOcDzWwp3fMCo6gewghn8L2RfyrK1BiGHDg3JZ+uRvcjHJBJ7HkLwa5anjBkmAg45JwtgqFrKE6/LUdkk03y07u+n272S2PWh9FzjTPmqnGfibnWOU+V1aOEnUoU5SbSaSlWaW7VvZtN2slsfsTqX/BQH4DeHo2s/Bvha91gooSL+zdGigibOdq7xECQeMEnJzwcjA8n1r/AIKI/EDUmlTwf8Kkt4921LjVZCi7TkK7RBQgKj5jnb0GRnNfmv8A8JqbZI4bKzgtTu2pcrCi4CZx8ir/AA89/cDjFVbjxjrE25Rd3E5+Y4iJgUem4IOQxzuDcHqewr5vH+NXFWJk44T6rgYNe79Xw0U43sl701O3yWuj3Z9nk30PPCzB+zq5phswzutFpylj8wryjPlcU706TpJp2vqpW1Vmj7I1v9q79pPxJJcLJ4o0XwlbsWIh06FBOg3HC+YAGyASRwQcAcFia8b13X/H3iINdeKfiv4m1VZiWks4dQlgiUEEkqgdQFGWyFXJHHJznwoa/qs3mxtJDE5jx5iLuYHu29w3LZHOMADBwOTRkuLyaQNc3U75IUu8jAFOmduTnPAHBA7c9PjMbx9xXmM39ZzfGSTXwxrThD7N0lHljaz6K3mrO363kvgn4Z8Pxgsr4SyajOKjyzeBoyqO0otp1asZTbaSs7t+d1p6W1j4KhKfbLl9Tu1PmNNe6jNMCGOVLqSyknsCMliMcdKMmu+HLWVotO0S0RlPytHbpLuPADl3GR1GDyOnA61wi26B2kALbyAvykgEHlmbP3cchT0OD3WrCo4biSKLdtDMBjKrx82eT0OeSAMDHIr5yvj8diJP2tepUk38TnJr7N9W73v569dkfouHybLsJGMMNg8PSjGyUYUoKKS5dFZJq2tl2/HuIdd1meWSO2jhjjCEqzIpKAj7xVQNrDJ5yc8k53MDXu7nUvlF3eM6g7nSJwFVQMlv9okdRzkZAJOa5eTUIrRCFnMRJCmTfh2HGSQCQOpPUjbkc5bGZLrcLuVQk/KAzuWO89flJ9OQTkEkLgc88E5yek6jey1as27XWi6paLW/S92j0YwpU0krRSVklFJK7jotLX0vZ9bb3R0ttJHfXaRrNP5aOGaZyWBHAKBmyAMD9PQLXewxWPyonlkKCfMPzbiuVAIzkHPcg5x34ryG21XnagSNcg5yAGIJJUcA/MASR3I46cLq3j200K2uJGdVYRbVjypZycgKDwcHIyc9T6jiVCC1cley1d+0dFdvV8tk3o1fToUqsIJvS135adk/LzfSyXd3xW8Ux6dpIsLaVFurrchjBA2RnhmGWJyQcjOMf3eN1fKEeopbTM4YeWhL89XkGV6DB5P8I6+nerOta5feJNRuL6VpJCxYxJkkQo3QADHXnBAHOSWySRhJomtXsqRWunXUiOQFkWN8O5wCRwo+U8Fs9eSM81zuWqbfK97J72UUnvqtNUvTTWS8qtWqVptqK5b8ut3f4bbadL6rp5IuHUJL+WXP8bB2xyXyQFj3EYyxIOOOp65JH0X8P0n0TTUlkgZLm6VZAACNqdVDNjhXBxtBHI9zjzHw18M/EUkgaXTrlI4gJN06BInlUqQhY8fKQRgHuCMnp9geBPBFlrelfZPFHi3RvC0kbhJIrl91w8BAC+Wwz8qA5YHnrj5c1z18RGnFSbk43a92/dNb3urN3T0120NsNRk6kZW5W2km3a9rKybaa7K7V22+hyD+JL6UiSaRUXO1VLjkKPu8cHnpnA6cjGaqy+I7qQ7/ALQ5JIUKu5ivrnPfPPvyBnjd6Tq/wP1KCz1TUdD13T9Y0HSgXXVSSouOAALcHHmgHrtzjnGe/Fab4D1q+twWkEMbNkTGMhWweiHALHAOcDPIxnivOqZzl1ON6mJhFppyUmlqkl8Lt03s7uzWl9PbpYbH1vdp0qk07bJy7bpu9nbfra93o3jvqU8ozJvUspb5uccAAYxxx0ycnnGF65cmoQRFVlleQgMSgzjBznI6fewehyBt4JzXqFh8MbubznuGu5CnyI20xxsQOMsSuMjkHHqOfmFYGseG9L0Xc19iEodk0khkaOFQQobIXDHPIDEDjGTXNS4hy2rL2dLEQqTvsppWd4tXV029PktXpts8rxtOPNWozhFt7xflpa3XotdrtpI4JNQt0c+VC7vht27k9yv3cjHI6cHGfWlm1G7yqR2qoG3EMwLHdn5eRwVyc5PIx/FyBp3Wr+DtMbNu0t6zrs3wqFjYkZwcEdCSM8kYG70rPfxpZ27KsWn2+0FW3ybTIASMfLjr0wMDI/GuyWLUo8ybV97Xd9IvTzalf13ZzNKneKabtry3ajs+uib27K2rZUki8QT7kiZ8yEkpDGSduATyADjP046Y6GVPDOpXCn7RJIvOWkml8pAem3B4OBgD7pIHXGapa1431KNZGsDBAXVf9WmWQEHDHkYI4IPUAYyBzXlmteI9ev8ACy6pdeSD0VzGpJ52rhhjsDk4x97ryoVva7NK2nlJaaJK2qXxXXa/YwqYmENoSl2u9JNNarRW0fTzej0PXLnStD0yL/iZa5aQqDyInV3Ddgxy3IH4k9+eKTeMvBWnqIbeO51GVBvLbyImbjA9McZPIyBnAyK+dppp5nJkZ3IJG2VyxOMnO8tls9QD6dgc1atLWa8JQFEdhjsuABgn5Rz97ngZxznoNpLlV9UpRWr1cVZXkuz0dtFpsccsdUaXs4qK93lvu/he7SutNntrse6z/E+7kiMGi6VZ2S8ATuquyt7EjGenUMc9ugrmpvHHiG6l33WpSQbCN3kkInptwpwSwGQQBjb3xmvPJHl08GNnzwOMFUJb5dwOCSB69uRg1nzSuoaMPvLAOXYgYOMggH1zngAHBGcjjmtzycUtNEpNt9krK17p21Tsl1T0OSeLxDk7ze217LeNr9Xs3e6Vtlff0DU/FMrtJPNMXBCg/vWLuTgE5+9gr1xxzjIziuIutTuL2QTZESrlVygKAZ5IBGCcZA/U9qpWVjNfybbh2iU5+d8gELyoABxzgDtjjArp30A/ZkBkDNkFNw2qQuBjdgbiQDweDxz3IrQ0abba1vrzXTS76t3bWl730QnVqTtJyl7trWa1sk7a6pv/ALeV3Zx3OeF/5iMWmBcHbjJDOABkjkDpkBc9OM8mmTajiMg7UdwCAASxXPXk4UtjdyQefUczTaM7TM0xSGIF0UKAqswABPByBkctnrzyMVRvLF0gjcDBU7Cz9ZEJGNvXAxwcZJweVYHG8VB8vu7u0Xbd+7pr8nbruuxm5N3s9Vo3dpv4dbK7aS1Xa1rdTOuNTS4UxsQuwbU2kNyDxnuCdvPY57FiDh3NxIxV0dmxlAi/KhY9zg8Dp/CeMjHPEs0UMQkOHDfwqAPlx1Ock4PGDjoMKDwBmSGQPGBjO1iDncrAckHtnkKARx168V2xjFbLXr11T73/AMu1kiNHZdV0dnskl83ra+66t3LKlmcSOxd2OQM7R0PBypweuF6Z+bknA6O20u1lSOTzUAG0upG5ixIypZQcYxn72RnPauPLEPhmYIMk4bbxyWIOCSCvG3n34xV+K5uYirWzsVfIJzkKTxnLZ6HGcY6YyQMtFSN9nyy018nbXZ9O1vVWY7K13rrdO6u07K++921Zt69Nbro30qwnuxFBuV87FU5MZc4JboQQOQT8ucfNjir8ujT6YoksrsqWyGIO0k8BlwOoHfn+RrM0u5L3EYlwrI2N0ZyxZueACdxPU456ZOQM697JNLMjIZdqkhVBAJKnLEr26989SegIPDUc/bRjfmi1rzON0tO7vrprrtp1tDkr6uyerSVtG1o7791bbrsd58NtTu7jxn4RinldjFrljEGZjv5lTkr7cFeeeeueP2cv/MF1cxryGaPcw542AhztwOeSDzkck5BJ/FP4bpOPH/g5pIuW16y2gjaCnmxgtgjBJ+VjjOCMH1r9rtTV0vZFjzskODjHQKDk5PQfdxgZ9ttfW8LRip4iyStyvRa9NPn01/4JUaVNatrm26fZunezV+j0t16oq2q/vApVVKyfIRkBnJ57AcDgE7s5B65Nem6KZAhQEMAq7lBwMnOQM98Ed8jjGMV5nZxnz2yRnIA4yWbJx15AH1HJ5r03R028ByCF+bfwWOCScggZBOD1xzgZavrcRzOk7J6rpbq72Wmjf9Xd2ZUJL2qtpeSbvZJ7PXr5Jr8WzW1bcLQGMoQZBuA+YqpKjkEjJ6krnORhR/DVNHGyIqFB8sZCkZz8vPy43N0wN3UjHJyZtQjY2gVW2hQzbAOWI27Tkc4I9CeeAB1NW1RmCsGGQAdzYyxJG4YHIbccdFIXBzgAH5irUktG7K3ZLt2end9HfbVnc4y1emq1T5XHotEn2bvor6dWidw+7c24nemRkMM5C5J5OOcnqFY4A4r8rf2m7Mf8Lj1cNCHDWts+0AksOOFAA4bsTnsRnk1+rGMtt24w8ZJZjtb5huA5655JY4PTPHP5hftX+Ibfw78XdTdbUTStptm43xgFFHUqxwTuJxkAFscDJr5vOVUnh1Gmr3fR9eq0s1q+qbWt73M6usUnZWer0tZPXV6bteuiSbPl+61SCxPlxRSxumQyHCpEpwMHrySOhHXP3QwI4K5vLuaY+WhbfLuUsd3LEBhzwPlxjI+brnBJo8QeLU1GaYvBGrMc7YsE4xnMhVUywz2XjHTILNi2WtBgFjSPEanJkPzZ9D6ngYIxzz3rxKGEnSXtHFqpZX2b5vdVtdWtWrr/ACvlFJXSbvbRrq3ZNJNctmtb76636aV3pt+4Equ7+b8rpGMmI4xjGc4POfmznBHU456W1vYGmhMbPtU5JOUUMAc5AOCeuGPHqFrql8RW0duih9siuXlaM5OO6tx0yRg+vPGOOX1PUL8ytLA4SO7YopVAF2kYO48DPbn3J6Guug6jm1OEYpa63TWi6LTdrdX7A1Fr4tmuqVk7aN+q30d07tXRkq7bpFY7/lLcAjYAMnJxnrzjvkZ6nKx3W3516j5EZVyVwTkEEjOc59QTnnnD7eK4W5MeVbzmCs/BG08swHVQCT69gcniu/i0bTvsz7nidY0yrxEqzFl9CcAA8HgnnscCtqtaFOyld3voo37av0X9XIUFG3bS1tb2tdra9u93p23OHinmJV5idoA2/Pk8nqc9ztOBgYboBuxVmaecElgPLIOMkrvxz2PB4JBHY85I47bT9G0kRqZRuJlDkTHG8BiSir3PqMj+6w9bF0dDknaJNOI27Q5csRGc8OBgjJHXjoDzjmud4iDaUae1tuzSTurc1lbXS9mrt7lJJtW62221s+iu7JN2tez7HncQnnkACkRPsHlsAuPmHI4yCCewHPXOcV3ek6OGsJpHVd6bisMvARfmyVIHU8qSOhBwAenRWuhabqC77GIG5jRiGGfJUqM5Zh1BACnIwCC3zVz+oX09i89uZVYYIaNDn5lA3BjjOO/TkN3GScKlaVaXJBWtZNPdKy172W6V9mkludCi0lo7WXZ2eiUtUrPR33176klrqlpHvilVRHEpQFem48FiCOc9QfVuCSSTdttTtY3cqFJKbUxwScjO5TyR35OM9T0I86utRRpFIXbIz4MXQEL6HBB65ztweOwzUlubiS4EinHy/KRglOyjHc5JHGOM9SatYZO0paO17216WTaVut7N+XQ66TslFLm26O2y1ta1r7aJOy32XQawLVo5ZdiCQbmY5CkH+EAEk8jBwMdeeScefSTxBTsYLJvLMQSxI4xjIxxgKwJwBzya6TVY7t32FSpC7mz1LFc52+hznnaOlcjJp8wPBJDHG0DgA5yDg/TI6nvznPbh4KMeWUrpLbpa6asuui0Xlp5Wm3U1joordK6fnf0tZX6eZuWDvMpm3OCxxnqWHcKM8d89CPzroJbaYxMIVAO3PQ8HOCOSQWOfmPbORyK5azScRlcBERhkLkcryB2GemACeRkDpXTW10UiYMHZmG3YGzgA4Jznvhvx64oqwivei7Xkrt79LtJpX3fVNu9luyHpUi5Xatfur6Xsm3ZPbVLro+uUmlT3JEbF9xO5hnkYIwTkdMEEDk4JHXk9xB4ZsrOC1vHvAXbAdQpDOCw3ZIIJGcY7g5wMjnIgdUUYLFpNzFhgkDnKnnPJAweSQRnAIJVp7ydQ0nyiLmMyHCqq/dAHAJ4GM88ZOeTXJVnUbSi2ktLqzb1vum/y6tbFQleS3k9el7WafbR62Tu9XbyO6ZtNVFSBjG+M8nGQARnBPVsEnJXjnAxg89M8Uu+LbzliHJ3KQO2TyRkdO2c5IxnBOpyhgrqh+UAnOCSTgZ4yeg9h168mSa+8i2CYVWUglwOVLAZHc5wvBwSM9uTWUacr2u31b5W76R0aur7aX138zT2tr9e/MpL+VfDdt3s7SV0rO2hrQC3VgjQxkHLF2wRt4G0nHQ9OAQeO/NPW3052BQCGYk4RD6dBnHUjnOB3I7Vy6X4YDzGILOMkEldo/ugAY5wAQcEgYBINSyy3HmmRGYJsUL93fjPDEgBtx44x1yenXWVJpJ3emq1V+lk9HbbVavUqFZPSz0W/pZPf17K2zs9Trre0ubdmnjgWQq20BhhtpyAw6ZUkDpz14bpWHqsl3b3BI8y3lfBIQkKFyMkEYzlSBxg8Dnudi31KeO3R7gbgGUruJWTbgHlgpBztyASCcfMD1Go89hrIWCQiFTwsjgZyBnCt1IBHOOg4wDycOeUXeS5ou13rezs3q997Ozave66Ftqyu0m7f3Vb3XdNLR3av9lv10seE/G+u6JLb3Ed/LBJayKEfkuF4zuOcAHgjg/TPT7x+GPxiPjTULDR7maWTUY4CfOkOUZFQ5Cq3yguFIJyABgk/Mpr859R026sZNqhTbSDIfOQcHCktnqeMZbOD1x932b9mu+mf4l6faybirQTgSjG4jacADPIJO0HPUnPQmiGHhUq0qkLX542aX+FO+iV19y3fRgq7jaDbtKyv7z2suu3rZdXdpa/fF/GWupCxwQzYXHbeeQeg9yfTdk4Y1LbbiFZR8y8BckFgW655PA6Lgc+nNT322W5KplcF1Ynnd85GQeehzg4GckelSxxqfLGNvKjcBgcEAkYGdwGM8Y4PGAMfX0oTUdLtpK/bS3R3uk0tu1ujRonrdWd2tHZ6aWTtvr8m27bHnHj/AMwf2Y5O0FmHy5yXORg49PujvnjuKb4OU/2ekrHBE0pdiCCQWIAUZIDLnOWPXHXGK0PHiFBpjpIgWN2ChgMswY5GOSxyTy2ASpHHAMHhRFfTAXPLXExYru+Ta5O0AdCeoGePXHNc1VJT95/E9NPTa2m9+27fRm1OfvXlF738teXX4nfztqlZq9zo5N2zaSVZjuG5fmwCCDnHXOOmAfbrVIIzFiylmyQrEE7gR0RR03Z69BnPHWteVMmJQ7DKHc7A5ZcAjGSTnnofTv3qomxurZySvGAAPlJUnHXB65+bvyKfIrpKy7tPb4b3tq/XXbdWuaVORqOtmruytponbtu9WnbTU92/Z4hDeKzEy7gRvJOPkIwQMHqeD6dMc1936kUVNm4BwDg/eKY/u4yQSvHJUKR/dGK+Fv2dmEvjPyz8rPnaWI5A4OAPvDpjIGAvQnp9ueIBNFuEGzcVIbnORn7xyMYzxnufqDXv4ODjQi0tFs+y0aV73vstX5q7RwN2qPS7Vr6J3WnRXuk+6t11OJuoxKwK7mKsfvEFXBY5AXKgfTGAcYwOD33hKIrNESXRUmTHdmbIH4AY46DoemK4SVGJi8xgxKgF1zgZweQTjIGBxjGcHkmu+8L4SWI5fieFEXsyqw564ycnPJI4BGSxGtmtX2dumyW1072bSTTe2r2ThyvNK6SSS37JNtL4vTZa+iX58/tL6vFafEvxHAFkUxm3eWRm27yQdwPYKc4zwOmARXzJrXi+KfSJLW3mLOY1YZOEjxjIUgcnoT6jcc171+13sX4o+II0jYtPHaksM4jJU4BAxknj04OcjkH4clj1aaeS2gQmJ5WRiy4RRyBjPGPf6gnOa/Hc4oQljsU2t6snZpPmTa6Nb6rTZvW593gsTOnhqKipNypxVkk1dpPW29uve/ncsPrN7PIixyvjeGfDFF+UnAzk7lH8J9BwMcV6bHrMq6CeFwyopLkDdxkv9Fzx6554NePzaPqVu0ZYRqIicqh+c44OFB+YsewJAyeDk49ASyurnw03lhVMQzMWJDgt/Bn+EYyDt9xkEAV4VSlRi4rlSfMtUl2Su9L72031btsbQdaUm5ylHa+i95Kzdnd76p3t+Dvn32swqkexo1PBZd2SzYAIJAOWJwRg9sHpkYEmoTSTKykkO/CFuFz93JJIC5P04AO7IBy76wu7Z4sgMxBb90FYKGHGT7DoBn8MV0vhbwnqeu3tvGRMFdla4ZUYiG3Qhi8mBgDaGyzcj5s8A1tHDUkruy0W9o9I2Wys07q7V7NW3d6qOrNrlumoq+/ZeTa6X+WrPob4QaafD6z/ABE8QzCDR9FtpHtyQMXl+RmKFMk7wGUjjI6kcYrhfFfjDUPGusy6/eymV7mdpI4zkpDbbsQooycKoxnGMZxxxXC/Gf4iXaWWl+D9DlMeg6Mh80RHbHe3cYAaRwuNyqwblsqM/Ljbxw/hXW7m4tI3lcguVjYeZj5+MbQcdzySoyOoPSu+GGlCimpPkutNbpWWu1rJq99dL+pzvGpVfYrmbive31fuu97W3389VdpHpsrqzhsiMbisiLydoxyw69+cdR75NZU8YeSVvmfAJUAfcJwMkcDjjBPHPGc1RS5uFnkG4MzSKMbs4AwckDsw+9zySQM1eikwzqwOckFSSCT3JIHG32BPQ4NOCXKtrN203teK0d9t97ptrXdPN1OeV2nddd30Wvbz0S6vchhQxpjliVYk+gBJBbg8nsCQfr0ClnznO7IB6HAGevfIAIw397gjHJWWXyi3LBnOMk5Bz2AGMqOxAyRnjJ5rb3WRgMyMSpZjgKRngjrjBJ+uTVci0389vue34XCWuqdrNX726aK+ul9V031s0KOC4U5PPJbIHOCXPUdgByT35GKaqyb0YZbG35T0wDknOQR9RycgEjjMwkcPNggMRkYPDEkcMM5GDjjHrjO7FRRpLHNyGJYAgZOwjliOM4AByenQ5weikldK9vTprHTT1v2u9d9YUVq77N6Wbuk+qv5bavVdzURmKEIfLDfeUkggKAoJ2jHzeu7pxgZJFhXJUMDgHc52ZJ6AD6DOAc8HGQpyKosXXAXKKzbhIoLqy4y2CSMd8cjnjGflqdd2wNHhRyrcZzwMkjqM+2M5981nJRvbVtXu1fV+6uVNO/bmir627Kx0Vk9NGne/2XvfRaduvQZJcM2cM28tuB4wfl5GTz1ON33c1z2pJN5DyNFMwO4iQxyGNs8bfMClc4JxyR1B5rckfkoTsPGCAAyngFjnGAcckHjOOMivoCP4h+D7fwxpGgz6XbXsNkqG5l+xoZ7iVlBZWcjfgMcdT198VrQkoyTbdnsktXdLRpfO9lbz2tE+V39+2mmmrStvd6X2/wA9Tsf2H4xGnjaRtwzDGhYDGBhSVOflOA2O/qDwBX2feFDcFFK7CANxJBU5wcNgnnPBzzjOGJzXz1+zbquh6pe+L5NB0uPTYlt13xr8ilyQA+AMDCjggnOAPWveLuGZ2eMsoAXeTt5OB/e6g+nUDrnAav0TKm54KjJq6d+lmkrb9tu+nVWbPAxMlTrSinfVJP1Sb0Tel79Um0R3ZLIVXJDFVzk4DKpyQ2cYAz69e9eV+MZbeJNLEhZGOqIsZLE45GduCSAc7fqQPY+jBpChQsCvzNhiVH0AIAA5wDyPQYFcf4gGmeVpzX6xMqalF5IcnIcnAbIHO7OeMcgkAADHTiopxTutEo6K+l76btWurtb3120zpyUrwf2m20ldOySaV977t7K2u7Ne+jjVdHGWTdcxsykHI4zke+D8w9fpz6Zp9upihaPkNuAAGDwOCCMclcLjpjjOcGvONcEaS6e8MhdBdRjsSnHzLnOCAGAIOeOT1Ir0vR2dgI42yixgsBweRnGPTjoCT0ByDztQSikrXS1TWlnaPuyez3a5bemhy1JRuorey0XS0Y79Nr9L7eZyfxkWaL4VeL2QAf8AEtcE7jgBCh5JyM5+nse5/LbTArW0cjlzlvmx14wQQcDnrzleNwzg8/qP8ZwH+FPi7LMsa6ayg5yCRs5OeOAD9OAcYzX5d6ZP9ns7ZpEMwD/Kv8LnsMnjn5uMHnJznNfIcT/7xTfX2O1rXalFL8F93c93LH/sz1T96VrpbpRuuvpd6XfTd7Mhd4MKCWdhuDAMxUHcOGHPA7552t0NQeUywnIAO75ieox1xj0xx1GfpUN1qLSyO9tCYQxRfJQ9AGXJ5wcN1KjqeMdakDO5GCvltn5STtznlgOduDjdyDn3wK+RUHf57LXqtNL20d9W38jvu2k3e6tFbaL8Vrq7arS73ZBHKv2hWCvt2lSWYEMenXnjrjoevcmugdJVa3ckBQuG+fDqSfkDE4GMbeOoPXHbDijDSRoyPtL7lAzxyT8nGCr8bQRnIOcjIHQG3uL2AJBFIWDhOXIY8jBA7c9BnI/hYcqPSwsE2u2mzt0jbz7X1T3at1yqX7Pp8Nulr833K7vYt2envcbmYALJIVZ35UdMBQMFgc85/XrRLayRCSG4GV384PJHOBt/hA/h5GAfWpIhqWnw+XJDIn7wgqx4UkZBzgjkgnIPAwPU1Vn1EjzXfcJSRxkkE5wQTkDGPoPz49JNeTS6t37Pe/5v8jFp3S1TvFa+7vq9dtbWdm/ys+ydbeN3RlJEjjLAA7WyCMjJ6ZAwCPfHTcivGiKeWdjMmRsbd7n5flwcZJ2kgDGQSKxLWJroM20rGzglVHzAgg+nBPPPOencCtEQfZ0edgdycYdSGMYyOoAGAMk8dR6Zq4xvayUldK93b7O2u6SVrLr2Y5SStFtLW+ll2v8AetLLWz0vqXmv5nSVkAIfaHDL8xbkM5Od2eMDv3JbmsudkbBUYTGHZhlVC7TyQcBsnjOCMZxhTUysjQ+Yu3yyfmCrycnJyRyT0+XoAc4zya0skapIOnJUqTkOcE56nHYEgn/awScy4KMk7Ru7O3TR9t/JJb3tq2UqjsknbTda32/B7LZp2Vm1Y5bWxL5YYd5UbtkgMdq4AJycZH8JJO7BFfUHw9+KmseHtM8O6fdXjTaLZ6pa3zWUqlrdmjZSY5IicNHtXv6Y7Ej5X1w/uS7HkFSfmOF2lSo6/Kf4t3f14Faun6k6GzV2aRCyOYgRsAUgYLZxwRtIYEZ/izgV+lcDZ5j8kdapgcTWw8qsVCp7KpKKnC6dpqDTcV2u9V0s7/AcY5dhczdGGNo068ab56bqxi4xlZaxvrHfeLvb7j7u+N/xKvfi9rtnrF7c4trfTha6ZFHGEjtLeNGAhBGfkyV2DoBwAOCfgDV9PD63JGnnb45JllY52nLEBmAJA4Bx78DHWvppbq91KxtH0mCQ28FqqXc3lloItygYeYDKnIAB65APpXz3qVjdLrM8dtO7XcsjxtET8uNw3NuyPkVSfmPAIz90YHoZxjpY6vPEVpupVnK85u8pN2i5Pmk9bta7697HgZbQo4OjHC0oxjTpq8IwSUYpcr9xXba6O2yT7mhpFrbQ2zuXVnT+LOGUZ+6AcZOB15HQrgkYzraZP7XhntiD/paplmIIy45GR1465C444PX0qP4bubSyu5PEFoJHgV5LeNssjHGEcAHnPBY7uh9MDymS0lsdfktJ5kIiuk2ugPzkOBkkHjABHOTj7uMV80p05SkoSTSvFq+islbXWy+K+1vmre5ha6c4xi3a+lr3uklu9bX6PVNKzurH13puuW8UMQuNPuJiI4w7bWeNwVHJGASBk9uMYA4wOP8Aixe6Le+Erp7W38mczQb45ICnmkMoKq2zGBjK54ORzmt/R2vVjh2i2dGgQBfM+ZzsxkcHuM/mO2Tz3xOnuB4Qv0nsItiMG8xJA5QgjachfvDAOQOSPy+ZxSXtZWaTule6Sjrvffq1ulfofYwi1Tg7dL6rS2j7b2el9H0vdHCa3p+v3Hwe1CLw9Ksd48ltLDaRoXnygXIhC7SCeSAMKD6kmvLPhovjqGTxDb/EEapa+FW0hRewXQWCK4TKqCrEllKANuXAzncRwDXfQ3niLQfgzrOq290TdtewNYXQlJlt1kPAyASF+6CCMjjJBAzmfC678VfEHTvFEXjO1hvdMTQpwmsNcM8NjOm0ia4QgNKwVeCAcfMOSK+fxPu067lOKXMtdHOKfJr0stXa2jT13R62HbUqSabXLdXWybSs+yW6VraW6lG58NfCGN3+yatp9rayxl1jYPqM0asFAIMigDbgH5QwGCc9hQOn+EfDuhSXHhnxRZar9rvo2ubS2JgvUADFXWGNcKoycjt0GOp4vUPh94dF35dv4+sZEeEKWtmCKF3MFTyzgKRkggMMk9MnFaHhvwNaeFzdXdprNrq8k00bRwyhTsBJyQRk/MDk5AA6981pQSdKCU3NQa3Su1eLUe7Su0tXp12vfs4QrTvTcJTe924pWUbpR7qLvZ2bfcZFrcNybhpnvljjY7MynIw2Dk8Hnk56nNXrG+tbtZYwZfmK4MjgrgMTnAJIyvXq3XBHJq+2m21w9yraZChD5fZIoJZuciNhnHUkYI5HB6VNZeGbGUTxRSNaAL87yMGyCwxgk9gM5OOvQ9K2crytHRa+9qntdbpJWtta1tX1aHFuKekrN3b0e22rUfSyfzskfV/wz+Adj4k0i28QaddSnVb2BpH8hAVhdUxCUOCMg4JK/eJPPAJ+cvjL8J/HPhjXLqDxBrx1O1eza4s4J53lEkSsW2OmWCMo4IAAwOMda998HfFjXvDEPhvwloCrqAtLWRftNiyg79pYfaWUksoPDs3IwBgnivlj4wfFXxd4t8RX39qb4riCCe2EMUb7pF3lQoBXOCOS4ALHPsa8rL6OM/tKr7epF0Gm4J8raVo2cVy3ik31bvro+mM5OKilF20vpqnaF7KLvo5Nq6adm9Njw/TPC+gazNdBrux04wMwmYRhlZiwBI3AEKpGQAcHk5AHPSp4T8IeGkaWyvNM8Q3NzEQIUU+ZHKxbBCpnOO6jPb7o6eQDwn40u7qaS3hubG1klLtJJIYo2V+STnk4yWPBPsM13fh7wjqXh3Op3PiCxFxgNHbLG0su5Rn+JMEMe2STglcc19lh3+8X7yLejfw2W2ii3aXndJ7aI53Tc4NuHv3V5WVvs3ahK6bWl73TunZXOps9O18Xcl1ooaCV4dogittxj3rjaxk2Eg8Z7HGc56+1+CNV8daGLS2/tFLK4KvJIL2JEjIIB2naSWRuuDkYyD6Dwj/hY11pt5Is32i8k+UL5KNBz/wFSW+82Cc856g8bFp8VbqW++0r4cv557aFgI5nuZEm3IRja0fIODwoznL5Pb3IVYNclSU4tNJShflScoOTsm0tt07WSt1POnRqLSE3fmjFRlCXK23HmvbRWUdLSV9NGfWWqa38ULJPDc19qmk/2ZrBa/i1nRNMSR7EQy+WyzTFOJUC8pnAHTA6bmiR/F7xzNqcfhUfETxfaaUPNu7jSbkWFjGHf5ZpC2xFDFsjBBGO2BXjdp4k8Xax4c8I2MHiQ6VaatDqM8ukT27RppAJkCw5ZRtMh3EHIIGAchqzfDXi34jaY2paVo/xA8SaJp12ptry20mW6W1vVtnJJkMUeGBC7gA5PPHBNfqnhriqeB+v15VcTVVSjGCoUHThKpLni3FzlBxScerWifwto+O4qw2ZVsJRhgI4GGI9pFqeMp1alOnK3vOMabXNvGSTlFe9aVrHQ+O9PGgXzWeq3GrNr8MbNf2urXK3N1bSzEuYGkVmU4yWGGbtzkHPE2AsGnzcTIqCMmWNpMM7BAVBwWJXpnkZHOMfPVPXy72yzX2o3d7d3TzyC7uklW4n2DpLJINzYxlSSV5BxjJHi8+pX6zvLFJK5D7SAQCFHTJz0LAnBU5IwCRk1+ecWzpzz/HV1SdKFWrzKkpKTprR2nJL3pbXasnZ9bpe7llOtDKsLTrzp1KypRjUnSTp03O0eaUISeibtZNy00b1bPYr+W3MHlWlpDZeWZJHeNxmZWJKkHg5wwBH0HXivVP7Xls/C1l5F580lqsVtD5Yb59o3EE556nhiGA6FjivkeTVry4DrPvRiud7SEbNvQbc9GOOnIIHHGa9ovPFmlafoOiQXlxdPdLbpLFHDESkaqgyCQCMMQR14Hp0rDKcZRozqNvlvBJvbsvLWy8+rTufGcVZXWxFCmoxnUkqiktWnZJXVtLe60ra932epZ6jq/lu87TSl8oqGIK+WP31IHcgEcgk8Z4+aWee6idJbgXAxsU4wpy3BHBJ5wRxktnIweDx8Xj7TJYzdJpuqXZQEkRoQobqCMkjv0OAcgZXOKpT+Obq8mH2fw5ePHhh/pUrKAB91uchcHJ9BjGecj0pZnTTsm2nqmt946ta7LTfe60dj42OSY6o4LkjFe7ZSatvF3a7rRWvpq766dxds72d1JErq8sTKRLgyEHPKDODkAZJwMgZ5yawb3wosGhQ6vd3s9pI7RwyW0JMb+S5yGAXJ3OM/d+Y/KO1cdd+LPFUkctvFp1rBC7YSSRvNcHBJCuRnavpntk84rtNHs/EHifRkfW9WjgsgrC3RFXdviICAnk/KThM9uxwK+bznGRxVNRi3eOz25X006NSs9vPU/ReDctrYLE6r4l7qUtU7rXa6Tave1l37Zll4B8K3Rmu7q4vysduZdtxcMqt8uWOS2TjH5nI5ANYSXfgXQLqHURZadfNZFmitjIXZ2jIIZxyAwwRgZxn8+xn0fTYY5LfU9bdZCBHtlmEUQQnvg5JA5xjHTJFclrnhv4SQSWsaanN9qMTCf7JI1wJJgCWBOOBuJGMnPUdlPyc07c2rTu5O1tW1ZXs1e1rrW++ujP1WTjJKNkmmm03azbild7aPVq+qt209Guo9S+KVhBeLodl4f09IQ2mK0ghgn8tWYsE4EhJx1464IzWP8N9MsvDfiW8g8a6dpuv2zRSixsVkUQxzSEhZTg4BX9DnB3YA88l1HUr1LXTfD8+rT2VnEYYoNzIqLnIKkYJQg5985B4IPX+APAFx4kvZ28U6o/hmysGLx3D/vJbt8kbNxYMACc8ZPU4OalWcEo83NrfWyasr2TW6t3Wm63uRhZrmtry2ae/ro16a2W2yPoK78Y+GNIX7F4d8KWFtfXC7FeCRiyM/wAoVpOjBd2cZI6Z5xXk9/4c8ZXl5dm812e30yaEyzxwlDkN832dArbsKCQDnPqa7jUPA/w60lIFHiTU7x1kjdzbzyISc5G0ZBxk8Atz16tXk3iabxLpus3dz4Ytri50aKEGG4vbszeWpGA0kIzuIJDcEk89TgiIU5QatZJtb300TT2dl3dk73d7bKcrxScW+W3Ly30i0tXyrW9lzNu6vc5qPSPhhdyXlibW8nuLaXbcb55FAl6SSlec7mPzY+bPQCtSbSvhhpCRvBpcFzKdoYTurqjHqXDEHGCM4GSf++q5zw78O7fWUvdX1vxVNb3k88jyQ2KlBuPOS25dvXaBjOOcg8jpj8OPAivG0msXV9OiRmQTXZw5U5wwY7RnuM885BGAehNXSvdrVvdbp3Vnvrsumt0zminvaK3tqr7pXVtnbpZvs9LnoHw/udPuI9WXQrezit4tpl+zBQpkIIZWGTnjgEjII69hvGNt5G07pDuztxt+Ykkkcjg5GeT9euL4Ai8O6VPqtloahESAS3SJJvdpPuhmPzZIAGG5HPQ4xXUIfNdnUMSXPOWBCluufmwRz1OflzjBrmnZTlrb5rdqO17brbp+Tqa0i23ZO9+lm07vbV9m31NTT4VEiEMMgqG4PDMRlmJyP4TtGGzxjBwB/TH/AMElmljbUFtiwjfQYSzFd20BmJPYsxwT7DI5HB/mo0tF80JtLAMpfOACQQAMDP3Tnb9cjHJH9I3/AASk1W9hkvLfRrBb3Up9EgWGKaXyre32yENLORkhSOVIGAR+FfyN9LKDlwDiYxsk5JuV7296F9LNNb6d0ra2P0LgNr65Uimm3B+S3Wum2ltbPVX3R++GiWsKRs6gHe5ZnmBZwWXJI3cgAAkH0yMcCungKyDYiquDt3YIBwCRklcgD5gORj3PFcvp2k+KbrK3upabZF1RvKskW4ZSAGcK+ASOdobHQDqBVq40LxKs8Sw+JYrS0A/eRm0jE03+yCWB5XJ3D16Yxn/LTBznhKUZRhKUVL3muXV2SV7uLil3bur90j9QqKjVqSjKpFSilZpSlZPl2tHS7XfR9Xobtw7Rxt8uCpxnONx4wAM9icED9BivCvjNqWpp4H8Rtb28ccB0nVI3Zz8/lPYzAsRg4wvfqMZIJya9j/s0WiAy3Mt25IcvLIRzjBKIMjHGB6AYPIrx74zxL/wgniV97Z/sLWGKFiTn7BKc8kYK8cc9+wxXfTrYjE47LYynGMXjMJanFxk2nXpaO2um+iXW3nrgadOFW6XM0t+Xlbvy+Sdv+Dpoj+Cf4lTlvH3i/GNw8UawigkHI+0zBSc++Tjp35A2nkba8MxjgYABGgDqnDECcBsDGNzc5yMdd2Oo3PiPIy+P/FAjBcyeItWcqOW3JdS5J565UgY6/e6HNcPDM8UNw6/LdG4jWN1UbvvhsbNxGBjk9fY9v+grgilKWQZGkrKOWYFc221Clo/Sy69Xor6fyTxzN08Xmuil/tFeWq0dm2113uvuVtlb+7CL4sal4T/Yk+A+kwX1poF1eeDPDC6VfMynUL+GDTonnt7VFLZcKByDkAEkdzw3wI8ZaP8AFbXr/wAQfEXx7q6eFvDU8ax6JqF5MkWqXkcZRonkJCrCGHKgsOxyPu8ld/ED4f8Aiv8AYq/Zv8P+G9GXxT410fwboc17qU1nNGvh1o9LWKeWWdUZPLLnyyWPJZSRjBr3fwH8GfhN4e/Zpg+JHxP1eLS4rm2u7q+WzY2lpHKHGEUKAby7kPyoGwULA5wSB+s4Ohg8Jkvta9NSxFfEzoxlGF6l21Z6q92k0r9Uj/PPi/G59xF4l1sJgsRSeW5TltPHYinUrTpYNqly3hV+GM5RnJqUU5WSs77n0L4+8e+DdK+HXie+8Ivo81za+D9bih0+DFzDbWxsJV824lVSimQHJyc4BzgNX8pH7CP7VNl8FP2h/Edvr95/ZehfEPxHrOmajeaeXWYT3t86wCPYW2qZGUA9TkBctxX7o/EL9orwfF+zl8R/D/wO8H2EdvP4fubG/wDE2tjN1HC9lMHO+YYWR0BMKxsSNwBO7AH8dGlahc6Z4vXVvMxLY6y99FKgD7rlL8yJIoGASJQCMDpxznFYUss5oTp16c4U6srKVSz91qOrtazv0unfrY/ReEuIoqpWxWCrUamIw1CM3DCxf1aNRXbjFtJzvZJtWvaybR/oL+BP2aPhH4gg0HX28LDxhdazbR+IbybXssq3FwBOsriYYQbCdzMQWyvzY5r8f/jjpWgeEP21NdvNFt9DXQvD9pA+n6Ja3MMsVnqUTbWt7aKIlF2E7gq5yQA3A4s/sxaL/wAFDvj74V0DXvGHxSb4WfCHV7fTtO0rXWQWGp3Wirb+WJLaJWHmq0QIV2MZ4ODXmX7T/wALPgf+zB4f16fTPG/iTx/8V7vWEux4jvrqSaT7NO+bi+ctIyxRq5Oz5mBBGMgqTWVUMFk2OrQq4qFanUi4e5Fv2baVudv3bq3TVPqerxbi+IuOspoSwOUYnDVsJWVSVSpOEJV1y048tOlbmnCVnJO7urJvc/W3TPF2gGz8OeI/D1naXuvXOkw2uoS3dwWWzS4VY3DgsSsYVmUYBGAemK8y+O/h34V+MI7v4XTaJpmpaiPDepapqMenRKl1c3FxbGYZvF5aIMclWOFCtx8p3fkt4N/4KE/DDwJotpZNomsa74qs7GMXKTTk2N/IqgiTepwyqx54UggDIOK9r+CfxC8d/tcfFXw9F4SvbHwDFq2jXx16feZJW0VExPHbSkDfdyRbliiU5QjrkA1z4h0MHiJV6danKjKanFxTbTc4uTTXV6J7vpqztyrJs0xuVRweKwM6FeNH2Fb2nNGPvKMXKMrRXPJ25pOXRK+x+Lfxyv7TwJ4gj8DeGFtLPUIje215DaSrKksSyybVmZWwJsAITnIZcYr6m/ZVi8Ha9osF58Sk05b+3R4dDS5TzI7cWxHm3IjXJkuCGBUMcscLgEZr1v8Abd/4Jj+Gfgvep8RdF+KY1298bXUz2ehXbRR6hoccbF7m+nKzOzxySN86uEKg9O1fan7JH7Hfw0+HPw1+CnxF+IVza6r/AGt9s1bVtT1GVV02Kzh5QC1dyJTtXJyo3dCMH5v0jB56qOWUs0Upxoyh7OnCC/eTk2ofC1dO7Tba7N6n8s5v4Z/X+JsTwz7DDV8fQqQxmJq4uopUo0ZVaKjzSUmr2nBqKb03t08O8df8Ko0r4n/B3RvCPhDVLpLy5tZ7jUoNLnjsNTvbh1VGRWjVQRJlt6ZwoG4c1+4Pg74IXd1a6RcXcF1FJcWcM0NskKW8FsjqCqPyNwTPOQT+O2vgn9ob9oX4R6l8U/gbF8KfD48S+H/C2vJAv9k6VDbtPeRzhYrW2lRSzp5o6k4AY5zg4/Wnw34g+OnxC8z+x/BGm+CNIFhCLO51qTzLnMsQIYwgEHBYkjPJP1B+Hz7NKuNpUKrfLOfPzyqP3n76a13baevTWySP6D8NuF8HkeIzDLYwo1YUJYdUoYOk1STdNObjeXw81/ee7fXpY8P/AAu8OaJMqahC95dz5RHcAJEwxknJ2gY6nv8AeJHJr0ye18BeFNNibU77RNLVHErFntzNwOhRSZOoCjAHJAHUEeN+C/gH8SfEWr69/wAJ/wDFe9dFuWCWWgp5CpEwyypIrbovlBQN3wCDX0RoP7P3wx0eK3Nxpdx4kuoMf6X4iuZtQkZwd24iRwAM/wAOMBjjGBXwFd1ZSt7SotG3ZtLVptd3eysuXpo7n77lmGp+zU4YSMFrG9TVppxurLW979bWv8+Jj+Mvg9o/L8L2Ws+Kp0byUttG06UxPIuV+/JGkeOMFtwH1PTzr4s+HPjZ8X/AeraLo3h/TvAdvNLDLb6hrEofVMggqY4RlU4wOG4KjvX2faado+jWywabp+n6daoAFW1toYFUL2G1e3ckg/U4NfMn7Q/7Qtj8OPDM6eGbOfxd4y1C6TT9F0WyikuA19IdiS3LxbkjRGwSGYA7SBnOBeDwVTEVqdOnHnlKSV5apNOOsm7aRve702uma5vj8LlWBxOLxVXlp0aU5ShRh7+ysoQSk5NpqKWl21pfb4X8R/sQ+C/BHgXxL4s8d+Nba/8AGl/Y2kr6pr1wptLR4JFlkOnQSPueV1VkG1MncPlBxlb79tWw8OWuj+Bvg94QvviTrmm6Rp2mNcRWkkGnR3UECw7laJSCokVic8NkYbbjFe0/Zc+NHx0v9T+IP7Q3jW58O6cyxnTfCsNw6QWMLgOxltQ6Qxt5f3WJLHK8bhz7zpX/AAz9+z7oUFnY3ulQXdpEFuLu2iiu9XvkVSXaWcofmbHygnglfQY+1rLJ8vowo4ydTMq8E5OFC6w9N2Xuymopzaa+zZProfhcMw40z7ETxOS0sPwrlVR2ljMztVzHExjO6nTw8mo0lOPw89rJJ9GfOMEH7ZPxpuQvibxFb/C3Q52Ms1lpJFvdR20hzsZ0O9mKkDJwck55Bro7D9jfwLpZn1jxvqupeMZWf7Vcan4h1AG13xAuSFuZNjAMCxGRgAAccjO8TftuaUl3faV4E8NwzCIO0ut6zII44okGVkeMfeZgvEYAzwCAM4/JD9or9q74n+I/Fmmz69r+tN4ZOoGO20DR5msLO/RZAGWREdSIpCNgLAZUjJ5xWeU42pjsSsNglhsvpp3fIlCpBLl3d+du2jbkuvU8zimllvD2BjmOdvMeJsZKShCFWU/YTqO21NLkUdb2V76I+0/2jfjD8C/gv4r+EvjzQ9SttRuvCWtvp+paV4asIWjstPLMJAkkaFJLkn5N5y3rjmvJfjh/wVv8T6vdyeCfhB4Z0vwjpesWU1q/iDWIFuNTeO8Xy2uHi27I5gpJDHbgjJOeT8KfH/XE8RfC0yadpGl6FLZXtrq0FvDfwCeGKV0M0l7ucySTnPC4Ock5GSK+LNS+NngDw/YmwmuNMuLtbPbLeW6C6uxIy72VWcKBsYZ6gL0I+9n9YyqfC1KFGpnuNo1qmBilSlia7UbqSqcyipe829dXpu1c/nXP8d4jZtWxNDg3KcTl2GzmS+swy/AzTcPZwpOm6iheEZwvzOLivnY9K+PfiXWtRudP1LXPER8aXNvbM0t7FEIltZp2MjKwQKvG7hieo/ujB+TrnxJd3pS3it9kpDBnldpH2EjB3McrgE4UcEnHQ8c14p/aB0nUIJNKsLPULi3d2a4kkO0zDJPRTnAG0gYbPOQe/lMnxUuLaYyWWm29sq/KklwTJIwH3RjnIOBnt1yM4rqz/wAZ8iwlONDLa0qvJCMX7KOltI255a20t6PfY5eDfow8b491MTm+XU8JPEVZVubFVk5xhNxunrOV+VtJtc1nvvf6E099TadfKeSR8BAtvGWkVW4JLFcgdMDcSOnu3YQaBqT3Alu4okDqWMupXyRIqyY5+Zwc/wAXA6YI9B8bXXxR8XSzPJbat9hEhLMliixbF5Iyw9N3Tk9WySAa5W98V6xqbST32s6lfyNKTiW5l2BsjrggBSeOARwAMKRj8gzXxgzPEuaw8VGL+Fzey03jpq/XXfR6n7/kf0W8JShT+vY2lTbcXKFGHO1ZLmjGU0lrZ6rRXtZu1/0Xiu/BnhUCbXvHmjWOQQ9pp0gluQSc7crnkliNxZcgnqQ1Z+p/tG/B3w5AyaVp2reKbpEYh7iQ29sZAMBScZO48ZIyRuwMjA/Odp7m5bzLknYFz8xMjZJ65YnIC8AsRhsHIwTVQxPI5j2lkAB/eZAI6bgCCMnAJ4B6Y7V+aZlxtnWPc/aY2VNSfwUm4N7Kyau3d7WfVXZ+28NeBfB2T+ycsO8ZOCT568ktUo3tGKtZ6pdHqj7N1f8AbR8XyQyW3hLw7oPhm2YOsc3kJc3C7sjcJH+beoHXkcdcHFfP3iL47fEfxLJK+t+MNYlilyGiiuXhtgpJO3yomC7cZwBtIAJ45rzJtPmnkWGFHZioyscbScDuMEt14xzjt/FnQs/h94mvwRb6dIY5OksylFUZweMDIx1PQHoRjB+RxFSeJlz1qkqjd7yqTcrderdvL131P2HKeHcqyqEaWAwOHoKKWtOjGN7OKS5lFO7u9eZtN37WpzeJpWmYtK0xKktLNI7sWIJ3bmJ7k+44wOw5e717fMPMZ3BD/wAQCh8kAY7ruC+p9cDFe06J8E72Sbbrl+IYWLYSD5iWIB278jGBwCOOpyQM13mn/CbwZp7RyXEH2yRAzlbh8FUXgLtKnOSvYgYwAO9YKGFppNuPM3flSVnpG95aa67322W59LGnUkrKDSXS1uy2srxslqr6ra9z5NI1XUGSKCCeTdhU8mN2LEnozkEDnj7xIPOAcCujsvBXiq9RQLOSAuflM5OCvG5tjYLBd2e/pmvriHTrC3lgsrKxtLZW+ZJYohuADcZYIRjGAO2ck5OQJZtKeYmXzHjeB1hURod8pZjnyo1DMc5xwhJP4YU8wwWHhKVWtCnFRu+epFJRXLq1f53tb7h/2biKsl7OMptvVRjJ3emi1e6tbXXpsj6o/wCCWvha98LfH2WeaeOdj4M1d3jQZUN9n/ibuQcDHQnA56H+mHSrqOXTreWRk802aFVwRtbGRkgHcSMgdjnpzx+E/wDwT3+DfxIHxSuvFS+DfECeGz4RvrX+1jYzQWz3l1EVhizMiGQEkEgDkEnJ6D94/DPw68evpcC31gbFUhiTzLvYhdAQAigE7sjOOSynk4JNf5WfShzzCZp4pKeXYmGKpUcBg6VSVCpCrCFSMpOUOam5JSXWLtbayZ/TXh9gHgeHKdHFuNCrKpKShUcYy5Wo8rto+mmj2vtY/lm/4KL3Cv8AtGfEN8gtuswjFiBjyo8qCAPmJDL05IXjJOPzdvJkLjBdQqfvARwCpbkHjJORjOO45IFfp5/wUi8C+J9P/aK+JU76VemygaxkkumicWflsiDdHOcBvmJAwcZ4xwGr8stYGpRxyR2tlJLvCohA3MznB2gjksQRx/DkA5xmv9F/A7Osql4f8O0ljcPKrSyzCwqxjUjKVKapwUo1EtYSUk7p6+V9F+Uce5Xj3nNWrHDVXRnb2dSMHKM46axaWt97p7vazVuM17Ule6d2fHloAEJ3FsYVsbeQR1wc44PpXnuo34YOfmETsCMcGQ7mzkdCoAIz07A5GRo6/aX9tPNHMjwTRqDLFJguC5GflYZ3cjGBwCcZyCMey0m51SVY1SRtjBMgYVQuCxOR97njOecnPNfr2KxtB0+aEoyUk3zR2a/utXT3S0s3t5HwMcLX9papBwlBy0lG0t07S5ra69k313dodM0j7ZK8rbwrSOyo+UUqASSCTk7RyAOemDuPEmpeHnsLV7h45EgmYeVlTtfnkg9BnP3j/Cc9OK9cttBs7W1jV1fztipGvAHUCRj6EDOcAD3wc103iDTYdS8Pm1SJAbe3UlwwHzHDAqeDkqOQMY4xxnHzNSs+dSez7q11dJPbTS7vserTwcHCWt5WuvW0XrZLRq/RWtZdT5i0uDyy0Z3EySHYMAllyTwMc46njGPwFdOITbRyIPvTkFAMDkkYwo4zznjA/hyOtU4bSaO7UqBtikcLt5YuG+X5uDnHXt67uo6J9PkYmRgCwQMhzwjnYevXdkBW69OnSnSblaXK3aybtpZ2u2no27W6ra3U5vYqN03qrWa0bukvLZre21r6o9f+C8k0WpPIXCNHc2yOQx3Fd6naFHOBxjhcYzzjFeOfHyeE/FDxCZXL+dLEACPunBOWBGCx4PTkEnjOB7B8I8xanG0qx5/tKyZ1Zv4GdQzMB1HQZHRu2M1wv7T/AIY1O3+K2q6jbQRGyvLe2ng8ogq6ugyAo4yCc5zwDwOSD9TjVFZBTnP3eSunezsrq2qdlaz1Xd2tZNPxKql9ZcdJWSdrc0t07yV9kklZX6dbo+dodVjhcp8ztASEVAQpByCD0IxjnjqOMc1bk1LT503PcYZADPEGOW3dsg468Y5IA+gMx0WSwtppbi3KXEsXm7ggJUMAwU4UAFsckDABGM9K8nT7Xc6xNCTJAzu+2NfkjG08H0bqPvcZ9BXx1OFLE8zTjLli13b1jdLy0SdtdV0EpODaemi5U1a/w29b2262e9rnq8WpabavDJAV2xqTh8kq3fqDnA6Z6ctgfMAn9vQXAjuEmBCTMzIy5kcA5G7nLegIxnncc4rnDpwlswrgZVCjMGGfMC/fKnIx949TySB1ArBSO4spLVchoRITzwHAKklyDgAkZGQcdR90VH1WEkrrVJJOzu7clvKySu7rtr3tTbaW1raqF7fCl11u33b106pe6+HtWuP7Sj1CdgtqYvMSGVFCzBeArdiTnAPX0ArT1vxp5M8cJijMbSPIdjAhVbJEYK5HTjA4wM4UGvK7vXlX7FCWKO0YjCxn5I04JKlQgBC4JbjuM966fRPBl34hhk1OdmXTIJQRNJuUzAL8wibP8IBYgsAeeT1ryK2Cp06nPWV4p2ST95t2ekWnr21t56s74VEo2i3ez3k9H7vSWztrZ2STaau0blt4uiN1btaSqHeQsInICqc89cllPI9Mnp699pd3rGq3MtvYadd3t46kolvby3BumIP7tIYlZmO48HHJ6HJAq/oPwp8KRrZ3dzerdS3UsSwQwSAtbjOVV27qTjcM5HPIr9wP2DvF37JXwO8Pa5qHj+TT9X8ZX2nTxzvqOlx6jd6DdxKWsk01pQVAmYDzMnAGCCMV8XxTnqyPCqvg8sxGOxEpwhTo0YOTcpJO9SSjNwgrXcrdbJKx9hwfwxLiLGyw1bFUsLTUXOdSpUirpWuoKclFva2ttE9rH46eFvgz8YvEGp6fBY/DLxvfXuqTeXp1nBomoxw3cnQRRs8ABJ5+98vuAOM/4ifDf4o/D7Xbjwx448H614J1JohPNpOs2UtrdLE2QGjeVRG6sBkYc8E5I5Ff0B3X/BRzTdI+Lfw61zT/ABrb3+i6UlzYTeDPC3ha2vNRiRpClk7pbQ7vPlAUO7AFDyD8oNXP2jvBf7QP/BRHxN4a1if4Z6b8OPCOi27xQ+K/Ehig1fWbOZiYbloPKWVpEjKssD7QGJQHBGPlcjzrjnN8ywUcTw1HDYGs5Sq1Yzqv2UbJwlJzjC85O0XGMdr3kj7DP+A8gy7C1nhc5hiq8IRSpwlSk5VW43h+7lJ2s5Nyk7J9Nbr+Ya+0nUFnlkvfOWw3gFGAjZSoz8qnnc459G7HPT0j4V/Br4nfFrUYNK+HngvXvEW6REa+e0mgsLRd/MslzIscbxpjLlGJKnI6jH9KXwy/4JV/BP4fiHXPiTqlx481CIJNLNqbrYaLGyYY7rUyETohBQnCgqATnO2vp5/GHwV+Etimg+BdD0y5aFVitdO0KxhtbGMgEbDLGm4gHqSzBgOM5Ir+hso4VzLHRpqUKklKMdI3aXM42UpK6S+cuvqfjmIwOHwkpyxFZJxs+RSvKSVtr36/yq+9rI/Jv9nz/gkXbaiYde+Onia5uN7RTv4V8OO0MG0FSUuL9tpU7cpImCuQw3ZFfrj4U8G/s5/s16PbWHhTwn4W8M3NnAEiu1s7W/124aNQMyTsruZXOTuxuJbuea8g174n/EDxY4trJf8AhHdMlZh9l0pG85YTnc7SxgMMDJIyASDwCag0b4UjXo/7Rm1J9RaQsZJ7lnmlifJBV1ZiUcYxkgZ9iK/S8Bwng8ujH67KEXaL5I8s5Ne6/eetrLRpWs99TkjmMXzRwOGSu1epJNtvo23ru9ttPmuu8UftE+JPFBm0/wALQ3MNq2Y/PdzFIyNldyRLgIpUhgAB6cZLHhtE8FeIPFuoF9WuphKy75ZJ5HkklyfmMSsc9zgckg5PQCvW9F+HlnosXy2Yu52+UyMoWQ4yAxZstz1U45ByM4wW+KfFngnwPbW914g8S6Z4dvbRjPbyT3cRkfy1DCBoVZ32uQEIZCRyT1FfQfXsBhIRpYOjCM7cvMk3KTfKrrd+nRPQwnhMTiGqmJr2i3pG7jHVRaS6aNLp0u9DrfCvwv0DQvLf7FFdzKQ0sl2ASrLnJIYADlTzg9wBnIr2a51bwb4Z0ptU15tM0G1tQsg1OSWGJbZUGfMAdwzDIztTO4ZI65r84PHn7b0OpafLpnwz0iXxDrLKY59TePydNtplJQSRvjbOhADY454IzjHyDrWt+N/GzSal8TPEF9qUU7sYtChvGg0q3UMWAMKsoYADhjw2M4wRt86q8XineLklu20/da5babLS93otNFtfalClQsuW73TSbW8dXp02bla35fp34t/4KLeAtLfU/Cng/SNQ+IniC0Zk0/VIYDBo8rDhfNudpLImAGOCPwxn4p8cfFH4ufFu5eXxj4sbwjo/nM//AAjHhZzaH7MxyYru8jKvMpXhgwJPsMY+fp/HXhDwnZExmxsYEwha3wtzuG1vlbYHbJyd24Fzyc8k+UX3xkvtdvr600C3aO1RG36hdzrBGyD5SGL4PIK8rj3yCK5JUKGGSqYuqnteN1bRpq6TfM1tr06vQ6Y1qlS0acfebWkU7JdNbaNbOyvbZ9D3i61LwP4NaRtJNsZy4Mk0jeddXEhyx826lJYszDLNkZOWBGAa8I+Ivx9lBudO0+Z2/dN/o1iDLNvAIXLRk7B3OAMEnnBwPl/4gfEbSrC+nTVddbUnJBGmaO+9I5FJ3b51OD05wcnOM4zt8K1P4s6ncTOmgW0OjRXKmEuqfa9QljbK437GYM3GDnIORjGMcNXM51JezwOHk43UeblcYtbbN3aemys1stkFSlyK+IqqF7XjG7bS1fdvR9Xu9r7+y+IvHes6lpjza9q6aHZ+azBGmL6hMo3E/Juyufurk5/u5GM/OfiP4hSSGeDwxaTOYjgapd/PLgYG8F8FS2cqATjsM10nhn4R/Enx/cG4i0+7js5SS2q60zRRrG2SWWOUqBhSrLkEEHI6Zr66+B/wm/Z18B+IVm+Nmvr4itdOZLm60iwmLebc53Kk+xtoto8kOGZQwwCCAaVXA4iODrZhmdaUKNCm5ezim5ScbcsacF70nJ6Xk15pWZlSrRqVIUMJSSnUkoqdTeLVrNt/Crat97vZM/MXX4vF13pEviHU7PUby0luFt4NWu45xYCViP3UUzosZYYzsUtkhcnGSPTfhN8JNH8VWy+I/FF3I5EyrDYyS+TEgXB86ZiyqEAY/KM55znrX6h/tl/Gv4HfEb4IXnwq+DPwwnttL0u/g1Oy8VJpq6XpFvLbAFobdlXNzIRktLvPmEElRjNfiZB4r8TQSCxe6uU00r5RghlMZlaHhgxXBHIxgkE844rm4WzbLMdOpWlhalKFKTgoVFGU7rlUZuOtr9nfW176W4c8wmMwNalz1Y1lUhGd4qXItvhckk7fZeqb2aZ+j0PiH4V/DONLXwtZ2+u68EHmRaTaicmTA2xzXigiNF5OT0GRk9G5PxN4q+KHxDhggtYxbW0sgWDRNOZ1kjjLYVr24GI1A6sASw6A15t8C/H2kFYtNuvDqRwfaDHf3YIE9wZT+7SSVgWAcnDEE/Ucges/EP4pr4WnuND0qwTThMiNZWekxrNcSyydN8sWcFhjP8QJzgYAr2OJs2jhsMlQdRznBulTgnGFnazlK10tOV6RS3S1Q8pp+2d5yhCmmvaNu81rGz5dW031s0306Kq/wJ0VNIudR+JXi4zTrpsrWfhnT33ss6xho2km5LGJyCxYfNggsMkn4bn0yO2vLu3gMy2UU0rwykAsI0kbykc5+8uANoPBwTk19w+EfhB8efjMLZms28KeHrpWzqWrO0M88B5L4b94xbdxwoPrkivbNL+AfwB+DdrJefELXZPFGtw5caaHVVmuQMlVt0J8xFIOckZGc4AzX5Jh8Tj6mJqykq2Kq1ZLlw9GEpRp6r7fwqz3avtd9LfU4jC4epGm4qOHpQvetVfLKbsm7RbTfdOy8kun59eBLPx74pkXS/C+karqcW5lzFbyrGflI+e5ZQqRjGSwccA4z0r9Hf2Q/hNongDxP4l8Z/FPxBp1lcad4Z1OA+G0vEW0vLe/heO5t9QfOXlSI8QqrB249K838XftE2mn2b6d8PtI03wX4fyYj9nt4Y724TJQuwUbwWA7nvnnpXzF4g+IrzXi35uLlzco8e93by5C+dzvGrbpJHJOAVJOfUED2afDGKx0XUzOVPB4eduelBJ1pp8rUXN6R73Svulpc51nGFwUqccKqmLrU37tR3jTTvGN6a3aTts+/Tb7V8d/HrwB4clmg+DPhDQ9JgE8kb3EGnxm5JJKNNNcuoZtxJZd2GVcdQAV+YvEvxb1vUJ5rnX9ZuLqGeNibRJClsHYHCogPzAZOAASxGMY4PpfwI/Y4/aF/aPlhHgnwtcaJ4QmlV9Q8aeI45NJ0mBXxl4fNRZLh8MCoClG5OeQa/Yn4N/8E8/2ZvgH9h1j4j3Mvxq8c26xyfZLpAfD9jdoQWiFkC8Vykbg4kkC5zuzk5r3lXwuChGlhac8TVhBQVnz1G7RXvzbdtVZtvfm0uzmhgsfmU5Vq7WFpSl7Rtpwgk2m1Fbu/n062tf8Zvgf+zP8fP2h78p8OPAWrXOlzOBP4p1yCaw0KwiY580y3AjLRgEkNGGyAcHmv13+C/8AwS0+DHw4ksfEPx98ZSfEjxQJI5j4N0SQQaDa3KgEQyTLlryNWyrowAZc5wFNfb2rfE69isE0LwxZ2HhHQLdRBZ6PoVrFbusfKrEsVqqtwmFAYtg/XNbvgb4VfE7x3JDJpmkz6dZXEmW1jVEbzApwDKu/DZIyQBkD1AO0aQwWZY1e0r1FgcPa7V7SafLdOTu7NWWiW76nUqOWYFqMb4ystVJ35FL3eivdXenZbamzp2r+GPA2kLoPgzw/o3gHwzbxLHHY6LY29m7qi7V83YPOlkKAgndySTjPRdIt/HfxBuFsvA/h69uBIQkut6hFJHbIHPMqtIFPAwTjGP8AaBJr698Cfsz+F/DV3Z3Pj6OfXryUo6anclm0yOQkARtEflQ7skE9ueMnP2lo3hTSdItIYdMtLKCBY1aFLZI0h8vAxjyxhyDjCnnvyMmiP9m5Y/3NJ4uu7/vq3wX93TfmbS6NrdW1ZcqmLxb5J1PY0XoqdNct1dWV11110vd9L3XwT4G/Y/uDt1vx5dT+IrxAHbTd+LOAkZMYXcwAHGBg54PTivs3wR4C0jwraxz6DaWs1vbALPoxgSOeAqoBWHgs4UZ4xyV+XcTz3Gu+NfCHgbSp9V8Va9pfh3TrSJpbm51K6hgTy0G4kiUqzELzhFJIPQc7vgnxn+2B4g+JWqv4b/ZM8EX3jHUDcPb3Xj25hms/ClhLnDTC6lRVuUUEtldwA6c1yVczrYzSpLRaKCXJTivd0STSVt/Pu73eawUaK5ktdG5O8rv3d797q2t9L36v9ANc+NHwy8DaTLqPifxLY+HEtoi8tnqUqxT5RS7JFbuQ0jDaQAqscZGOOfhjxP8Ati/FP4yX1z4Z/Zj8ESXWmyTPaXPxC123nsdJtN2VNzbLMim4EYyVK5VsgngGuG0r9kDUfFOpN8QP2lfiBc+NPF7f6Xp+i2sjR+GtAu8F1RbZXSK+ijbAdZFG5RxnNepwfGTSvAen6j4V1Ww0rQNQ8NQKbO10+GG0tNX0xF2w3drHEqgEpt81MnDEAntXJFUua8YOvOKWjk1BN8tnyaOTSk3fa+91e92nFJN8kNLq2rUnfRuyvG71+z33Zzvw/wD2UbRdb/4T746/ELVvil4uRfta6XeTsPD2m3OC0kFtZ7milhViQDJ1IGc9zxX8UdC+E3im40NbxLfwxq8Rn0iCBFjg0q/YAPa5iI2xyNgqvQZzxnB+dPHf7V+pyXM50qWOws7mOUMzvtLAEgFQGBGQRznvkEYwPzk+OX7RUcmk6nDqF+ZbiaVbi3YSh7iF4yrB1OdyA8ZILdSCpyrD2MBlWJx9S1aFqUlZpR5UrJNSjpFLlvdvTtqY4jG0cLByjO1ldJu91zRkravZ633t0SP0+8c/tBW+m6be38V9JBEhkkdTcbNjDlJVLHKryegySOhOMfnT8bf2x49Tt1i0O7W9vrRZDJeSnbbxLwrc5IZ/QAE5469Pzr+IP7QGueJrSBbzUZbayMQSQJcuZbsouEBQEFgwGNpHYkk9K8Fifxd4tuJIrGL7PZAOVnv8xRJCBy4hyDKVUkhiTnOOc5H02FyfK8oj7bFThKSjopW1ejWmrk9r2szxa2aYvGz9nhYySejn0u+V6aNed9bvTU9f8VfHfXdVu7x4bl7+6neZ2vbyQi2t9xYnyUYjdgnIAU5HsMHxdYtd8TPLqF0LvVUWbdFLdO0FkXZhlY0OCwBGflXaFHatG30nwp4WX+09a1i21XUIA0hgu5FS1tymdxeElgQ7EFVPOFJznkeHfET9qXTrTTr7SvClrFcXyOynUmCJaWafdP2aIYVD1wVOQQCQPvV5uO4rqRvh8sw7as06s04QhGSTXKnra73erafKrM1oZLRi1iMzxSSbbVOL5pNvlbVtE7u19X5bafRrx/DzwhbR614/1qLVLmKHdD4bsJFghhl2qYkkJwHBJAdSSCM85IFfMnxO/ai067ZPDfhtHt9Pe4Ky2NpJ9nsIozhVjYwn5zjG/gkknAOBn5e0jTvid8adWuo9Jj1TVXlP769uFljsrdCfnkLnaiAIeMHIABHqv0x4J+Bvw9+G8EOreL508U+JlDOdNibNnYzrg7pDkiba+VYEHBUjH3sfAY3FQniY1sxxU8bjNXTw8XzQjdpO0Phha28+W6V+h9ThY16uH9nl2HjhcHa08TUilKduWLaurydtXvZ69mdP8O9A17xfb2ongbS4J5nvLe/uVMMfllSyw2cUoBffjAc5BHTkV1N3JcaBf2kE7B7iGWRZTvV2a3Rip343bDgAgZ4GVHpVTxL8S9WS3tZbG2tbcxxmDTbXYIYbOFUOJQMLlgANuRjgYPWvIfC8mrajqF9qGq38s8t3du0av5hEpBJkEe7gqBkbgcAjBzX3fB2YYqdeXtOWlh+WMadFfEpWhLmk3a8tWnZWvtufKcQUcNSoKEOerX5m51tUre61u+rTSSW7Sve5+vvg+9s/iH8DNS0LUWQahp9lFc6RMwBkDxsxTaxwwAxtIA5CnJBAA+if2MvDOmfGWa++HuvJp8fjLwjaWkOh3F6QJ5NOlmxKYlI3OY2Jc46rjJHSvhn4O39xD4PjuHkEcMVvPGADkMo6K+MYHPp2+pru9D8beLfhn8V/A3xJ8AanFo+qXUf9lz3EqB7ci5ZYiJohhJAoJdMqcEYA449TxW4ehxjwDnWVwlyV5Yb6xQqpu8K+G5akZ6XlFvllCVuj2b0PI4JzWpkfE+AxStKMqypzTWnJX5YSbWmick3qrcvRrT9tviX+y5+zP8FNCttc+KGs2GkNJG9/earNcW8M1xOkXmeXaQbmn3hgQPkAYdeSQfwJ/ah/a1+GGl6xqmkfAPwtBcWV7O9ofFuvWommmEJKma0DRkIgIJ3q2QQDncePtL4k/BbUvGWr3Xjn9pb4s65qfh4CO/D3F75Fk0VyguPs1hbGYGGJUYIGWLovBP3T+UH7U958NvEWvP4a+Amiag+g6Pp7w3OovbF7eSUZDPbSYVFEi/M0gI3liK/hfw54Ry6pmkYV54/NZ0JXnzyrUssw7TjpUdRp4itdPlT5YrT3e39McS5niqWBnPno0ZzglDlUXiKl7K0Ir4YW+20+mu6PjTxD8UdSuNW1PWNWvpNZuL1mjCFmEFs7k58pSTGoQHggAcBSDnn2T9nH4c+FPG2m3Hi7xpqLy6XbancxxaSTsBcIZBcTyttXyNw2Yyd3zDHp8x31vo3hWz3eKiA0DiYabHg3Ny5b/loMkpknGB264wCbfhm7+L/xItbnwp8PtNufD3g2S4NzdXa7reJUcbW82cBXZdnIUZyDjOM1/WeHyqawyp4KMcNFcidRQUIxh7l1FJJXadtF107n4lLNo08Up4pPFOKk1RvdupJRV53cUl3bvorpO6v9SeP/AI/+APhTJc6d4VFnrOtJNLFpml2EStb2cozHExMasXk4Xkcsw4OSBXzfD4K+Mvx51dNf8Y3M/hvw5dyCYXV/utiLZiSUsbZmT5trBQ5UYPPIO6vYfAnwu+HnwveXXdfhj8W+K1IWK71HD2VtcE8tHFIWVtjZxKMgHblcnA0vEHxM1HWNWi0+Jmvk2iMtbRhbSyiYqcRxqFQiJVyDlTwTyCcfRZblWHocs1GVaq2lKtUacpP3U+W/w9bLRcrSdtj53Ns8r16UlVlDD4dNuOGpOyilbWctG3bZWt00dr914O8Gab4PtZPD3wu8MXfiHWLSDfeavBateX0kiqd8ksqK7Qw5y2dyqF6sO5pep6dpOsyTeOpbvUteDLL/AGKsrSx285fMaXRDbVTnLq3KkcAHOPaPhF8RPiPbaE/w++DvhmWPxJ4lRtN1DxHaWButev4JyP3duuxmtgwJXzi6YGT0LZ9/079n74J/swWD/FL9r3xZa3fiG5C39l8KNLu47vX9UumVpUGszLIzW0bsMTQnGAWUcjI/TeHeDc3z2U6lPDwwuBoKMq+Y4uXsMNRppxUpOo2k+VN2hG8r6JJan8x+JXj/AMI8D4jD5PTq4nPOKcfOVLLuG8loSx+Z4vEct4Q9hR53Sg20pVa0qdKEbtyscT8H/wBnr4xftSa5HL4b09fCXgLTX8/U/E+ok6b4Z0e1j5lleecJHczRxgsqh2VmHU4JPtHxV/aB/ZY/YK0HUND+CsunfGX46PbyW2pfETVAlxpOi6htKSf2Ujq6O0M2SgHBwGDDgH89/wBp/wD4KffEL4mabL4A+GVrF8JfhDaobaz8KeGwtlLf2aEpGb+4twkkhkQAurZLkjJ5Jr8m/EPiPUNauje39zJIHclVeVmUbjkk8kliTkliSQWxwK9/MOLMl4RhUyzhNRxWYcvssTnk4R0naKm8GpRuoXulO6bSvd31/Oci8HuPvGDF0OJ/GzG18t4dliFi8u8NMvxFSnh1Q5ozw0eIcTSnD61US5XVwkHKg5XjJyPdPi58fPiN8efGd34r8eeJtQ8Q6tdyStE11PK1raK0mUhsrVm8qBYw2EwABgHsCvsnwuSa20yF7oFnYjezn5gWPAI56g/hyCCQK+PvAelTazrKQq/lwxxpNLIc7QoAY8ggLjhiSRkdR0x9i+H7j7HN9ngVLm2AiZmVlQFdwDYA6tjOD3HAFfC4LPalTFVa2OxEqtap705zm25tvdy1bezfTRWvc/pitwtg8DlOEyzJMvwuAwOEjGhh8Lg6dOhQpU4KMYwp0oJRSSSXw2u733Porw/pniyLWNO1bwzpf20wMjOyxGaIgHL5KjAwMAZGc+gGTQ/arl8RL8PL3xTdW9vpA1Oa3064sTA0TPHEoUSxqygSbzu3HHy4G4c/L7T4D/ad8KeB9NstDj8GSpcomyfUg8WJg6gMXU5z067sg5xkHFePftq/G/w38Uvg/p2naJYmwvbDVI5JZbgRgOnzb4rbafusTjPTPJ9K8rivEQzjB06Uo+z+r4inVp1FV1koSXu8qWqfXd2u1uzz8s4Rlh83weYSi3KjZTjKCai7K7je6utNVf06n5A38hkleR2IZyo4GQR8pwWPBIHUkZOCDnANVjCpyykAEYK425znBPTIJBGM5OKiuWkjwCHCI4IBUHJPXLEnAx7nJ6gAYpv2nzCQGwCAWyeBtJ4XPpg4Az+VfJOKez6KzeqVrX066ba66n6vTlFRaa5bKOlmtPd10Vnd7dZXs9iKWN7eZTGx3EfLjA5OSSQMHB6ZHt0AxXU6beyPGFkCNscKEJGWOB0yc4Xk8cE9RxzyElyvmMWyWC7VAYjcMEZJyBhS2ecYwc5zVb7TKk0YiZ8rkllyDnJ7cd/TpgHBJpShzpJvZK6SVr3T2aemmi/FPUqnWjGo7WXM3prfmfKle0etm92r3vvr6DcXrhHhjb5gPmJIIUlj0JH3QTz+fOKwT9qO7YG27gCVXKsxwRzyA2ODjK456gGq0jTsiy7YyvyqQH5c4BLMRna2T3xnHbOKg+3sj4RsJsG7DYCsflJ56YORn7wPQcDDilFNRtJp2eqSvfVaXta93p6djao05XUXZ21T66brRq17tWt0stWtKWQpH5ZjZvlUMcAKCc/eHHOc9iM88Diuj8Eadbajr8FpNI6I6s/ygkeZtACEEHcvoODn5vUNzUV2J5EhOCMYIYlt3GcE8dc9v1wK7/wMD/wk+myQeXGjTiFpOCignLJuz8x5+8envwazq1VThJu0WoppbvWy6J2ae6t0uvKOaMuVpResU9tm43vbTTdp7O3R3PZpPB02naTfX8wfy47acwYTJEYBIcMMjk5Hc9B9Y/2evA1t4q+IWm297D9psYree+kRod6HaxyGB6D5SPfBPTAPq3iC9hTwjqqMwYR2E0KJGwbaXDAsUABH4gDr2GK2v2P57BfHel2rSxxh9PmWVpQEMgIY7VdgOhOSFwOo5P3fqOAY08bxDlFGu4zp1cbQjLma5Ze9GVmno01u2rWv8/z7xQx+Iy/gTibG4L3cTh8nxlSlOErVFP2VlKNvevFy5tLPReR9a6b8NNGj+PPwrg03S1gkutCv7i4eK0QJMsSOqM6EFSygAAkZ68nAx778SPBWjx6Lr6yaPaOtnp16j+baQgM7o5Eh4yGQc5yWPHXGK9g+FdhZaz8cNBE1vZFNG8FXptZnaN8GSSVM8/gM/wAJwTnINT/tGGx0nwn4nktfswP9nyx3TxOrbmcEEBQR84B4wMgHPTBr+9OG6OW4HL88pKlQ5KlavUS9nBQSWHpRsrRstYttpWte/c/xz48zzP8AN+IOA5yxeK/cYHL6VeftaiqTc8xrT1fM25OLitN0uu5/OvrejW4i1xYokiYXMwhZSdwkVzgL8pwoAHOOMdMAAfNsmq6xYzXECXr4LyJjdvDBGOAq9AcdSRnB54wT9QeJLqMw6vLanEqNcsisceY8krBQAA2TjoSTwcd1r5XGn6lLeBxF50zvLtSPB2kOS6uvdv8AaOOfTHH+fGaTg81zCXNGyxVVqKaUUueyUdWmvlp+J/s3w9JrJctTcudYPDLmd3Jv2NNNtt3TVm3s3t5ixeKNVCtFLcMq78qxT5hn1GOSeevbI64wxvG2tQMIt4aN3bYzKOSRtyuWX5wcH15znGc7Fnoltc3kcN3ttWMsYKEEbmbBZXbgjqBkdOFzwav+IPAds10fs93HHEgDhdwYxygYG98ZVG6g4yMAYAryXi8MqihJOLklZ2dmrLRtJ37dbtpXu1b3/wB6ve9pdaXtK2jtuu1vLm2V9SxqOv6hL4IstRdhNI941pcqqnPlAE7Sw6gg5yOxIGBXnOnXE+seItJgXfHFd39va/ZBESXRpUEiqBww2FsZ6sTznkeq6VZpF4Z1Lw/qQC/Kk9pIpDsJWzhgANxb5lxjr17ce6fs5/DLQo9XstTu4X17UprppLSGRAF0+WMfeAOCc5JyemcEEA16eHlQnWp06apzvKL1fRKLf95rdO2je2+nNicVClHmrVNFy62vq+VLs2nJ2dldrV9R3xa8TjwbFa+DNGjFg+o6LbW0nmQhHs4DGC0qHKkPJgktjqAecivj63uNYttSVrPXLw/ZpXaV45Zf3ceeGck7eeecgDnpxX0T+1FqP2X4rXSX8DO1vp1lGUKqvkALhVVR2GMA8EnPpXi/hi4tWvrq5u9lxbXS5m0y3ASSaJcnBdVOCSd20lc8gfKMVniKsliqiilCHOox1as9F0a1dte3bRp4PE8kaekpc3Lok21zOLu03qtU9Folodjb/EDW4wv2PWL5Vs41a4uPOMicKN8hL9NxyMdQBz6VAnxf8VKlzHFreoYkYlMyk+Z6sQ3QDuB1PXuTka5J4bttBbT9AtbtNU1K8Mmqz3Ll47S3GRHaQZJ/hzvPBIGSFGccFb23nNHCgYy5MQJBGDwBx6jOOOOucdaU5yi0o1Luyd07p3Udte1/JaaatnQpxkotJLm0tZJtWSt899dGlstz3+x+JHi/UrWziXV7iR5lMTcAeXnGSGHJfr833sdeMkdVH4t8RwJFCuqzSzGIIwPzbXJJI5OMjGNwIrg/CGnlVt7by13xuA+4AuC/WVsdChHzDgkepBx180apdPtG4wysW4Cgnhc5xnseAMA9Ote/ldKVek5TTkuZe87rpBdndpK/SzSvqc+JmlZp2uk+zd1HZa32++700Ott/Gnivyif7RJlkiMeZIgz4ABCjjAJ5GQD1BIGcFkHjbxOixq13CWRxvVofmbqTk7scgZ6dMjOKxYURQGx8zKxx02E4yQPr68cj5smrkECSgKYWY4yCASxYcYbk5BIOSSfcHmvY/s2nywlJW6yk7ctm43emttGlrr5o4o4uLutG15ta3jZPlS1bX+dzr4PHPiKPy2YQshOdqxgR7cn5c5zjGQ3HBwcdBW/B8QtcSRyLKE+YuEZDyo+XjI3kjnIQqOv0qp4Z8Fap4kaL7FaZt4pFSWaf93bxDALMXcAY3A5Ug8qfSvVLoeAvCFjMmn2q694kiiVZbmWQGxsJoyciJCSJehUdgR75pzwuDpqL+K/LZxb0SUeiWm6fR+a2dRqzqJtQ2Sd7dXa1tHddL9N0tzzGb4r6hE4jurSFpoj+7jlLfPgKSXRlDLgFiMhSeOSMCvVPhlqlx40XW5YlQzWgRntIgH8tZCBuyQpU7fmAA5x1BJzwa6PH4kB1OTT7RpnbezooQSMxH7pQByoA6e2eoJr72+D3wV0HSfgh4j8e6bbmHxK+u2FjMY45nihtpGV1M+1WWNckjc5AOM4PAHoZZg8FWx1KlUrRpUpxfM6jcW0oXjZu93e2midk0zixdStDDVakaKqzha0YKzd3FXjeNm1o9X09D3PUP2X/CF3+yD8QfjRpSeJl8efDU6TFqyvGDoTpqcgZg7ZJURwOGDAHdtweAM/lJP49tYp4IGTckhiWYljgkgFtgOMk/XBPy4zxX9UnwMuvDXjD/gk5+2xJrMemWmp6SYrSeVbu38+cWdiWtJREzq53TJgEZPYHBNfx+rexz3Ucc6wAQRxCGZ2K5fBwMnkgZznA+bj6/P5tmNLA5hi6FKrL2VCooQk7tNpQb5Fd2T2Tb1S3senllGNfB0atenGNSo1eNtVdxaunfW11rbV7K1z6Dt/GWho8sTG2iU7RGZMBwzLgBuDjr2HzdeuMbUWq6TJbgiSyJXeX3SbSckbHGc/eblc7skjtxXyrq063l6tvp7RBozGZpJHZnZgoBVQcDhgcMPcADII9r8ARZVEv/D02oXGEUXF07RwuC4GGHIHyNwc4GevOa8SXEeEin7TEJKzvq3p7r2jdpK3bTc6amHwsG06UdHZe6noraXTdt9vLRncx3lpc3DRXL2aKEVYR5mGPQKx6dyBx6evXWj0/wDtR1tYbaSRbZS5e2yzAkEt24zjOck4B4zwfXvBXg/wlr92ttf6LZ6RPIpK6hLOWto3GcY3HllAAzgDrznJP0H4o0b4ZfCbwjC/2q01HWLmPcLuxkVxK0iEhHX5tuw8YxnA9Dg5/wCsODqJyp4mLUXZ+9q72sraNO99t7NX1VsqUMLKSpuMd/5U2lokpXUbWduqT76nxw/g3V/7I/tm2lhEFtvDxXBfzkjQfMzk4xx2x69c15ZLr9iiMTqtrHIJirRF94BDbQqv8vUgkgcDLDGTivSPGPxTQw3nh6xmEllqMbPdSrCu5Q8ZARSMbdvAYggdQRmvnjweq6hqH2Cfw8L/AE77WpW52hX8xpcBNw5JwwJJOQoPBzg9NDiDmScakrXSXvzt9lapXbT17pdbWZ0PLMJWtH2NN391pw5tU1Z2Sbadt9UtrI7yfxXLFEqQl1OSA8Mcksb9QMsFwF4AGCQByCab/wAJXd2zFnn8qQgEBUZRkjPQqCGHOAATnjGTivqTwd4UtJG+xTabZW6pHm1gkt1fyxgfecgDcvTJOQOpPSvq74Dfsy6T8XfFmmeFx4c0rU9R1W6MUMcjLApUsQZnkGdiJ1bg8YJOFOOz/WithKbryrzjBK8pOUkkly6b+Wml/TZJ8FYPGyjT+q0ZuTtZ0YuzslquWV2uq362bdl+XFt4zv4z+5upbgOCrlZZVJxgngHnGRwCMYxniteHx74hVvLttb1SyXj5Yri4BAAOAWWQ+o/Doe9ftf8AtQ/8Ew/C3wZ8GP4h1izT+13do7Sw8LXL36+a4Lxi7WIN5Ee0EFiDyBlgMg/NfwG/4J0+J/jYyahZtqHgHw0YJU/t/wAQRGS3uJ4mKSRRKxyxUkKWAbHReMmvXyvjqriYKrQxtVxi7WjUktUlpo1a6V/e37M8DNvC7I5N0cblGX1U3oqmGpWezs+aC0V01zO/c+BLP4t+MtPCxw+MtfWTOfkv7tTkkbiMSjkYAJ9OMDjPe6Z+0h8WdMeKCy+InjGzSNdwZdVu+CckgneMjAAJJJOO+a/TnU/+CMfxLnj1m98N/Erw1qllommzahLdXES20c628bO0aOMnJVSBkDn2xn5V+GX7APj34t3evQaB4k0gazoj3tnF4c2XMl3q1xYuYpFsCIsOJHXClmCg8bum76CHiXicFS9rXzGpQhF8vNVqSir3WnNJq9tFo+isuj+Sl9Hng/O5OjS4SynFuabcI4HDSTjeN/sPS2+l30vs+C0z9ub9onRTAun/ABZ8T3HkkERT308wG3oG3t9OuOBgELyPTNB/4KlftX6NJ5L+MGvgrFkF5bJJx23M7HPC9cZxjGe/0T+yd/wRs8f/ALS2ufFbRvFfiyf4Mn4YyWljqI1Sz+1T3epXgcxxorMFSNNm6Vl5wy5Q5Ar8Y/2nvAt9+z78cPHnwok8RW/iBfAut3WhHXLSfbbanJa4Amj7LuUqCoJ2sf4ivHoYbxXzPExjHB5pWqU9HeEuaMl7sdOZPRXS82+tj43M/oneGUa1WGN4IymnXi+WcFhadOUVJLlbcFGUbq77WV7bH7K+C/8AgtJ+0NoTuus6Z4Y1pRGu37Tp9ume21yUbOVUjIIOeuOTXuVr/wAFpDd6Y7fEL4L+D74SQsof7PbgTNL8oAVbcLnHT2ABya/mht/Ekn9gx+J9RgR7GO8a2e3gvMXTiPG5vJGTzjgqfnIwQcHFC6+Jp8Y2MWi+G9Pvor2W43Qidg58uM5Xy1Y4GckHrz0IHTufijmaSVapTrTVr+1o03OSlyte9yKXRrRq2ulj47GfQ38M6lp4XKsRlbtKUFgMdiqC97eaiqlru6SaTt6ux/UjpH/BSH9jXxhBaDxl8CNOs5ihNzLZ6dAyq78kdj1JG4KMdOSa6cfFr/glr8Q0aPVdIuvDU1wEMhV2sRE5Y8/Ivy43Y4wSQRzgZ/lR+2+NLclby31GB4FEZmjg+QEde7Bj3BPYLk4IqmnifXFZ/NuZmcvny50ZThehIAJ57DnA45yM+nh/FjCxiliMpo1bpKUqc1FN+7e8WpLdNu7Wmlj4fG/Qxp0pSnk/HPE+WrmvTgsV7aEFHl5Y+8ozdrJayb81Zn9a0X7PH/BNLx8BJ4V+Lz6HcyIIk87XCyoX5CGOVkywGODwx64FSS/8E1/hZ4kdbr4a/tN6eZEAS0hlvbIA7csoD/aQwznBwM5I+U8Mf5L28f6zalVhvZYl3LI5BkjQODjG7zAcdcck4xyRgHvrH43eMdJMM1h4m16ynjRPLfTdRukjVh1KgSqchQcsAADuxzmu1eI/C2KSVfJnBuyleGGqLXlbtzUoN37XejtueHX+jJ4v5brkniri5RhFqEMZHFxbtytOUo4uolZrpTtfXW5/TnqH/BOL9prw/HLL4R8c+H/FNohLIbHXGju5AoJXmKV1UkjOBxkYwcE1w+pfBD/goB4Nm822svHcaQhYzPpeqy3ClI8Bdil/mUgkglTw2MYxX4heDf23/wBoLwmkbaN8ZPHFttbKRS6ncyQ5x0ZWJO1QwGOoPBJJOfrvwT/wVx/a48LCDHj9PEcUQQmPVbJbksRgbWMowcquCeeT6deevi/DfNk3i8vw8OZp+7QVKpoo6t0nJuzV78l7b3u0RDhT6XPCkIrKuJsHm/sbOKr4mdWFSyi1H2dajTaWlkvarrrZI/QyD48/tyfCOzfbF48hljO6ZtU0qa+ikbG1vM2b/u46gHPc88eneEf+Csn7Q3hH+zY/G3hfR9et4I5VuLe7sJ9NuZiCeGZojsbkknk7uFIBwPm7wR/wXL+I9qsMPxC+FPh7xTbsqrcT20NvbyOGGGIjEUm52YDvgZyGyGz9IaJ/wVT/AGF/iSILf4sfA240ea5IFzMNDtbqJA/DusqhTjlmXAzj+ECvExHAPhrmsHHB4tYOcl7r9vTaTfK0lGrCi9b9JN6b6a+9lvjZ9KThiUHxVwLQzWhTtz1sBQrTlKMXG+lCpi7Jq7bcUnpp1PpP4T/8FSfg98RZmm+NHwwh0ZraWdbOe3tLfVY13MzZZpVDxY6kg5xzgc4+gl8ff8E8fjkLhJPEOgaDqF4oE0bSNpFz5rkbcMqBNwOOjbSeSOMV8U2l9/wSb+Nai38KeMx4F1S9JKpc3LaZEkshwqlPujG4AYI474ORJff8Exvh94ztX1D4L/G3w9q6Mu+GGbU7KRmDZ8sGVboS5UkYO3PGSOpr4DNPo/vEwlVyPPcNUjdNQry9m1rFJc8XKHLa1vfja99Ez9Kyz6cWXZZKGG414N4iyislFTqYfBVK1BJct7QcYVlbX/l1qulz6xvP+Cevwu8QWF9efCP4q3MLaj+9it7bWINQgfdlkDoZ2cDBzgpjH0583g/Zd/az+FWqaVqXg3xRda3ZaDcpNaWR1CWW2eSJw25rBz5DI6jLRA4OSoGa+MtY/YZ/bo+C97/aXgTU/El5ZRFZlufCeuXFyZVj5XbCZPLCMADjcRg8cYJ3/DP7a37bHwPuItH8e2Wqalbx3CrNF4u0O4UpHGwV1XUI45AWCn5mLLknPPAb4DN/CLxHyeL+pYSGOowSbeEqQxD5U4yTur7b2bVrdHqfuXB30n/BXjP2dOGfUMHiJqNqOZUpYGpd2smsRGnrdpap3+8+oP2mPGvxr+MXwi8SfDX4pfDPQYru51Kx1FfFSeHoo9RiubLhY45oo2ZQzAgqJNu45B4r4P8Agz8R/il8Drjx1eaLLdaR/ben2/hu8jS2KR3dnbJ5MbGJsbZVQ5OQME9+36M+Cv8Agrf4B1l/7I+KPwlhSBFRLvUtIlTUUeQJh2NpJGp3EkkD9cnFevQfGn9gH49WFxE2paN4Z1K8kRUi1OBdHvPOfu5VdspUnjLkDjqBg/DVXxBkvtY5tlmOp2fvy9jVdpRabuuWzu90npofslGpw1n8ITynM8urU5pun7DEUasJ3tyrSd03p3eurWh+d1r8ePFGqHwxbeLvDul+KdE0p2nmS+soba6kidi7q0ijdMuM4V2bIznBHPU2HjT4F+NdcuprbRLz4X2KOiX+o6Wd9tI7yJ5zsqqSuzBKsRkD1zivvq+/Yg+G3jOyjn8B+N9PntZLKWW3DXltcxOrxs0SNJHKzorFcD5ScY44zXxn4b/Y1+JXh+08Y3X9gJfWllqk1s1xG5ns57ZZGA8pSATuAUlducY+o56HFuCm/YOvKlK8U4VYum73jp71k7vV6aPXqrY4nhOrBqtRVOrHdOlLTRJa8tk+vdaaHjH/AAUf0f4e+F/gz4IX4Z+Mrv4nWuv+INP1CVjOlxPpsFqpbF6rKrRW5bKuhOF4wea+fPg5/wAEs/EP7S3w/g+KN9q2haHo3i5zLLaWBi1C90swrthL26uZIIZdu6RdmOucg5H1H4j+GsLXD6Vrnh2OG0iiktj58MogY9WiIeMKmduOAPr3rE8FX/jj4XXzf8K+8Q614V0yGZZFtLGaaTSXEZygkty2xoi2NyAKp6dQBXv1M+q1cJKlgcVy1HH3X7TmV9NJb2jd9lHprrfzIZDKNaM69JOCdrzUtHeHupq9ktut+9ld8Dpn/BB7XPFGkazDYfEfw3Pd20Jtre3vbYWNslpHJl5MNjzJiinHAJbnnnH7Ufsn/sA/CjRrTwPqfii38O3Ov/Df4e2/gnQ5rye3uIJ7m2ZzPe+VKVFsyOMxnngDr3+XvB/7evjHSLix0b4meELHxJpMYWKbWdDb+zdTkjb5WkMUQ/eMQfmYn5hjkcmvub4deJfg1+0Ho8dn4D1e80TWopTdy6W9+2n6xDO5J2vAZFS8jYjawLfMM/LmvyTirDZ9mKoQxfNXjCrKTcZqMJ3cUlJRStaOyd7tt3Tev2WWYmlltGrChL6tKUVH2ihzShZxStq2/wDwHV3tbRn4j/tj+FdH8TftXeILhZtKR/A109tPZwKbbSb6HTEUlSyYinaYHAPTcM/d5rlPEXwV/apTwZb/ABa8GeH9e0j4bTTvcwzaPI+p2TWJ4MgtmLMI8qRvQHgFcHDV9+ftX/sd+MryfXda1aZtP0G7+0td63pulNJqluNi7muTEN7JIqbTKrHgEcDOP0E/ZH+Of7OFh8DPCnwan8XNZ33hjQ7fSb+38RoYbS/vld186ITAq8c2d3lvgguwxytfB8VwzPI8twtTLFDFqhBvExnB1JNQgpKCik2ou0oudtLxet1f73K+JHKnCr9WqYp89GlUXM4t004qVVXTfOlaSSSUm9Vvb+SH9pL9rLx/d+BPEPwj8X6Wniay1/SodLl1rU9CjXUtCjDEK0UxjWWIoTkswTIAXr1/DBdFsLPWLu0tLh7yK1nQ2rxs0YPlSB5A3YOei5PTHAGBX91X/BUT9lHwB41+CHiXxj8Lvh1BrXj+W4/tE3vg6KNvtOh2m+S7kuoLVT5gSJS52DI6/NkCv45fhv8AB6w8WeINX0bWLjUPC0LXGrXMl/ewMrLPYeYTYxq+0h2dSgPDAncRX3/hBxbg+Jsgq16eFq4CvSqSo4jC1tJwrRsny8yV4zcU4y0SUldJ3RwcbUufF4SvCc505wjKLkoqUE5JKE/eaV9E7uybvdWTP7gP2KPjt4Fl/Zt+AGm65baxogm8H6bpyWnkzXNnH5cccIuZ7iKOQQrK6kqjFScjHUE/ox4evvA3ic3GmaHdaNPcWahgRdqjYxkEoxViQONuOBuyASa/C3/gmP8AEPWbT9mfS9It9Eik8K6bZ3Oi32seJHiluo7vT7iTyrvTBMpcwPGMqEIAYsp4wT+o2rfCbTdV1j4SavoExt31zw5rGr6w+k3T6Z/aDQRSPbyu8RO+TzQAysFyOM8Yr2IcO4vFY2tVoYaq4SrS/fSS5JKTV1GScV10W617HzuZ5lhcFhqMp1k/di3GMuZpNxSvFNSSvpZWV1bY+sofDlxZWbTw5iREk/eW1w5L5z8ynG1gcYGMYHGeRXgXj/xbp2iW9zDqnihtJePDW8F/KYZZXboC7EYBOBlScA+4r4/8QftV/Fr9nYKPEkUniPSrrULm2g0fUGc3sNjA7On2SRFdpy8QARsZLMOhJzBH+2x+yN8fbGLR/ipHceC9S1VZLS3TWozaG3ugxjVUvwRIAXxgOqkDhiM4TqxmS5nldNVJ4Kq4Rs5TjFzXK+XVSirq689NLOx42AzbLsyqu2KpS0atdRkpJRSSvay2VrO3W+p3XiXVdZ1DTdXtPtUOtx6joepNp8dtfRzbQ9nIRJLtYkxnIxuUY74G0t/JZ8YtOi0j4B/Fm2vNNWxk1P4ga6lxKDiQ3EGoTYAJPKs6kqASDxggjA/o7+LH7K3xGtNI/wCE9/Zi8fyeKbP7DOE0IawJy9tJEQq2rJLIZgyHAV1THBIBFfza/tQab448K/CzxD4N8faRqmieIG8Vanf6ha38UinzJJZbiSTfIqjDtyrIzKM9fn+b2OGc0weJmqXMqVWM6a5KjcJNppNcrfNK17XTWlh4/D1MPCpVg/aQcJJyirpJ2speWqd9b73tt+SHhPwhpfirxppGhy309hNcvNPcSsHkCNCHlRVQ9A4UhvvcHBwa/Tz4TJbeHP2Rf2lrR5HJit/JKs4Mt0iZ8slfQjGMA/ezwOR+afwwmVPidp16krI/kXJAbdkbIHVsEAdeSThs8t3GfvnRr0W37MH7QNuPNe7vbRbiOTcTiMHGGOSPlzwSOnbBIP2Gezk6OGjF35sVhet7L2tNb/zaW2tZ9rI8rh1qE8XV6rDYm3VP93u9Ltuz1u09T8f7n4jmJmSGw8spAsLYlwrdQWAwHzjLNnucA+u5rXxe13XPA3hrwxO0Eel6JqFzdWkKoonLyks5kbILevJweSeuD4PMSWJcqWKyLtJy2d3r25HHHuOxEU8TmC12Oyg5PUYXgZJGM4OSASD355r7nCe5yTSfPCMWuiu/Ld313Vna6PgcbVqYhThUk5QnKS5VZWXMl2vq7p9W1vY9b0/xLZ3fmxzMsc7xDBLFyu3kKvZQcAA54JxnBGf0E/Zu8U3XgLwtFrUEy2M2qCcW97LJ9nUykhECndtIyfUHA46kV+Vumxzx3BKLhQhLOw4UYOeScEkde/tyBX3XFaXs/wAAvD+qTsn2a2v5I4F81lMm0gsflOcAYwo59xtG75PxAowzXAYXA4rllSxWJp0pJ6xd7Su436WbWjb9Nvc4LrSynHVsZhrqeGoTmrv3k/cTd07qyfa79ND6SvvF134l1+Zr7UrGW8SdJHvZbhGd5EySAS3KcnGOWGQOpr6D+GfxK8Iad4o+Gtp4k1XTLOODxlZ3GoalNLA8FhbK4DSSgkgRD7xIyNo+tfj5Lq99GUv7ZseYfLERmlIRVbBJ6HB6qOAQMnjk7OnQanq0d1tmSSTYbty0sp2ogyVRi/DEA+m0Z9cj4iv4e4Wvl0sCqqp0Z0XRjKEF7kZw9mnFNJXSbdnp022+yp8dV44uOK9k51Y1I1Jc0naTUotN2SbvZ3Seln1Vj+uXxz+1n+x54buLi9vvHNrruo6SYk8vQNt3Hdlo04WNV2fIedjNhhk8kivzH/aO/bn8PfFew1/4deE/CKWWha66R2/iO8/cag1rENzRC0j3KiylQM5OeM4I4/Ir4Q38uqXOpWc9nHdizZ5TarukkmAf5WLtuOIwvpxncV9PczNpkkgu00ZbO8hDyJlguyKNSGwOxz1GOeD9fyvJPBLhHhDFVa3Pi8yx9KX1mNTFVXy0p2vGUKcLK6topN97H3OM8T+Ic/w1CEadDB4So40pRp03zzj7qfNN83NePTmj95/TJ/wSMgNv+zG9pLGq/afFusyRlid5RUQIeQCBhc5OAvJz1x9t/EHxfofhXwr4kufFF8+madHpOrQw3DzxoJZTbusVurMw3LIxCbV5PHOQa/JT4a/tCW37Fv7J/wAAvGUeiS+KIfirLrkt/py3RtDZyxjHykBgolIGGBycHgcg/nV+1z/wUH8Z/tJaRYeHE02DwXoWi6jLJFY6fcGS51D5gUF3KpQuqZBIYkFic+/8J4nwA418RfGvNeJ8Hho4fhaWf1XPMHVg3Up4WtCNSEaSlzOblD3U4pX+10P6co+JOQcJcAYXBYjEwnm39mRjHBqLi3UqU00pSasotST36WR6T+zH498K2uvftLQ6rqlrYWut+HPEEejWV/Itql9c+fM6BJNx3vIpVhH1bnHIwPiL4j6p4AhuXi1RzPcPCBHFbysYrOXujE5AGeSwGCvqMgeVWOs3n9pW13cW6OhKXU5DNEskQaMskm3GQwyD13ck/exX1x+3V4L+G1pofwg8beCbKO0vvEfgOwm1/TbeEwafaXTxiOKWWQ/JNdzSqSzk8jB5Jwf9qPo+cPf6o5VxNUw0FXq1YYCrWjWTaUaFOOHXKlbok2rvXbof5a+P3FuEzPPuDsJjXWp/XK+YYehUoq0VP3cU/apL3eZe7Fq6va258mW3/CuwsDrcQJayyqbmU3BWVSTllwBz7MeSRkg5GPtf9jXV/gBpXxdl0v4j2V5qHhXVII4rbVTM8UNleSNtsl3p8ioZiMvuDYJYj5RX5e2vhu8mspprmSCNYZCTbOPLc8ZV2JIGM4IwxB4yRkgfcH7C2m3Hjf4maV4d1vRbfVPCNnrGn32vE7BJZaRpk6zXd0WJA+zxRBnYZ+bGD8zAH9x/4iTjsnhLF4PLaE8XhYOrS5Kd6jmo2cfd1gnZST+y1vdnwn+pmEztU8HisbXp4Ss4KpOTvD2bUeaMtFaOqv2e6P1r/act/h1pPg/xZ4Y8Kx6Y0Be0az1e2uZJ4LXS5IlkMNzeFcNNKzFdm88k8Y6yaR+yhqnwv/Yu8JfHvUfDEnhXw/4ij1W91nXb27uYm1GBxJbaOIIYFaNrd59kiLIVL7yzDHTj/wBof4qfs8+DfF3jew8NeIYPiJ4J8Vahp8Vjaw2sVnonho2UEUckOzc4mZHQmRuhwWAJzjyL4i/tcfHP4m/AfR/gVL8WvD+pfAyy1XZD4J0pEXV7exhYPbxZ6mGJQoQbgAwwcEnP84cV+KPHfG3E8K2bZdUoYdweG55c7ThFJU+VPlurLWVlrZ6q7P37AeH3BvDXC9CjlOZ06s6U4YmdOVo11N20urS5VpyWukvRnw94C1JW+MGkSavGniO1trqW4EBcxwtBIxkEYkyGwQQNuCeCNuSMfsZ8GPh58QfEHhvxvNpsPiDQoba2fXvD3hyfWXsdEsTCfOiuoonZElmaNQUQ5Y54HzAH8yf2VR+zZB8ZtesfjLruvaL4dawuLbwtrohNxBaeIirJbC7jDjEIkCA9QMcKxOT9p/Ej9pCX4KXuqeELXxtpfi3QZ9JhS117zJIoYVmUG2jKlRueOEqnJByD15I/M+LsZnmGzbLsPleDlWm5051OZTVNRj8V5x91WV/is2k2r6nblOX4HGYbETr14U7QcIOTi5J8qtJttNrWyfWyXRn2/wDDjTfifYfDf40/FD4veAk1Dw/efCS+sNIup7mzFzeiG4kgu9SbMwlkdQrCIMvmFTwhABHjP7M/7R+mfs+a98Kvind/FWDw/wDAXU7C6N78KL2K41G2e7so2hc3QkUpptzdyAPbvGM7io4ByPxP+LX7Y3xB1IweHLL4oaxqXh7fL9p0i1upl0+S3mPFpJCJCr24BywZdpYk45JPm+pa14t8TeH7LSX8cXMmgMRePp3kBrSwklUuIY0AYITkAk9uMkHNLM8qxGcxozzzDUqMKlN06uHpx54SvHRObUJ3va76K1m2e/l1eGBwtTDYd/WkmpKT5U1yKFlpJNp2u7P5bn9WHir4w/smftb+Jbz4kfDO30vTvEml29+18dWLaabq2ETud8JXZJPEy7ILgEs6YDFWJr84Piz8RtDtfB/iLSBel9QuruW3iTzA6fZUMiLtUkk4HHAPp6V+Vnwj+Jfizwnrek6FpWs29rY3AfTr+7O2KNrN2IYXPIJyQ2C3Q/dznNfQHxK1WK1uLTU7y2P2AwiJLyKQGzvHXGZYmJAZmOSwBOD0+UCv5ozrwgwuVcVxzDByxFWhWnKtQpyUpQoylJOUIRSdkt4pvW7vfc/Zsg4yhWyP6nU/dTpQ9jP2j15eWMZbJXStpdt9FdHFWjTq2oW1opwyrNLLk7GQnH3em73JwTjHXA9z+F8t35axMFkeRwV3MGIQZwckcAc8EjBxwe3y5Y+NNJ/tm502C5M11qEReJEYFYgVY4c5wdgGTkcHIHv778MNUiiAl8xg8DBCGPBJ5bG0NwDkDB6HPPQ/unDOX1sJha0KsJQnKygpaSSioq9red723uuh8JxFiaFbE0fYVFKK0bjJPrFJJ92m3a979rHcePfh/d+IZ7bU4HjjvNNnEsagACUBwwCEHKuOGJwWz3yQTNoN7LqWpXEGsWzw3en26IjzqSkzx7VJEhzs6ZGCd2MdufS7DVoLu7hQASJht6EhgzYBOeQcD+v0Naenabpl7PfSzKrxTFoGVUCuob5SRIdrAjC4IzgdMAkV7yzGeFlGEoy5YuytZpLTa/S+rT1utz5ieCp1pOd7XcV7zWqVrWvZW6pa63epyPjCSLTks77TFeO5lsQ0phYmNmAwWJAwQOcjPQe2K/VX/gjjf+d4n/aRdpMXJ+EerlgoL7j/AGVdkZ6AhicEg5GCcLnB/O/U/ANy+gNd6bcRX8McUoNtKwMsMSjdwQMkhcZHyj1ODkfod/wR/gEfiv8AacngXYth8KNU8xQu3k6VekpjkHqRjnPfAxXbisVDGYCCoU1Kaq0VJNJaqcG216Xa1/Cx2ZXQ+rYyqpr3ZUJqOm75Em7u9lv2vpqtj+U74gxw3HxG8byyQrCV8WeIXiUjOXGrXeeOeoxj0PfONv3X+y7dGLw7dqJHIl80MMkkKqjGV+Xgj+8eRn7wr4T+Ilyj+P8AxhcIrfv/ABV4iXluULatdHgdcZJOP6ZFfZX7O+pfZfDcxVVDKlySegwEwAeM56+5zyc8j9J4zg3wpCPu+7h6Lel224w1ttsumln9q9z8FzCThiMwmlF/vK0nppfnVtL+X3dNjnv2gtN8Q+JbzStD8N6Lfa7qniXX1s7HTdPga4u7xomAWO3iQM0rnI+UZyeB3x9l/wDBN/wB428G/GTXLbxp4U8SeEtQ0ywhtLa31nT7jT2LOFJWPz0j3sW+UiPcMgY+8xN/9k+4tLr9tD9mVbpkEdn4hg1WRWEcqBprgASMrBlbaBnDAjORnnNfvD/wUK+LfhXTPjj8KPCmn+FrhApl1KfxhZwx2iXzT7QljdNFEizrbuGYFnJVS3AAxX81cQZ3B8KZjlD9jGpKEacISlGVSXttbxhG7Si4tXkrN7O9k/5uwfFVbD+IWHyiq6NOhUxWGqKpGo1XlKrzOMVGLaUVyNXaVm9HsfmP8QmE3x78fyNkh44Mu4BIKrHnIYn5gRyfryOlf1i/suxKv7KHw2kYB4z4JvFO0YJBiuOQCSckZA9c4HA5/kb8XXbXvxp127gkZkv7qBCM53KzKWB7EEdTlhjJA6V/XX+yZcC9/ZL+HJUDKeGL2BwOf9Wtym0jGFwqjcTnua/BMfCnLMcuptq1HLVUS3TlCVJNLp1S7taao/0f4Zko8O4KpHWM8dQUnzXdpU3fW+q1Tbvu/O5/Dp+0D4Sgn1T4/KBM4u/FniSJYYw3mK0moXe2QN1wWPLcHqOxz+Okfw68VaNPMF/trT5dzeRNazy+X5e87HOG4bGMjIweQOVr95P2i5rLQvH/AMXbRHtzLqHjDW4RbSMFdgL6ZiUVhnknPXn2AxXx5Dp9lerJmGJZETBMmxuMknHPBH8OcggAEDiv7I8MKmLeSQrOnJwkqTi0nayjFJrR6W87J66dMfESOFeZ0KftUpwoxcoqSv7/ACy1137Xtq20nZW/OT+1vihoJZ9M8RapKEJ3R3STSD5QBgll56/eJPUbWIwa2rP46fGHTntrKayg1ITEI+YArhMght2TkgDqwB4+8eQPvO48OabJAVe2tX4fa3kqS+c538Ed+Mrk4JHXFcsfBehxyxTJpdlJIrs6hECMW4wTjgDLbsEnuTwRX69SxfPa6lBtJbX1durWuvZ7q6sfniozaahXa66tNLSNkunS/R639fkmD9pO7iuLldW0VmlWbyTLCSANhw4AwMbTkAHjjnqorWg/aN0WadoJbS+hDqoIIUkAgDqTk5A/L64r1TUPhl4auZbmRNEsnmknmmuFCr992yWGfU/QE9cVwF98GvDNwzqdOW3lA3DyywONp+UHHAyMcYABBHIGd4VE5L3rPR3TaVtPubeiV7Xe6SZnOOMhZpqUfN27au8Xo9FrvfZkX/C3/Depq6RXf2cbhhpysYDjhQCTgksR8wA45AwTX0P4Uax1TQbK8jjhlE67yTIJHwc7WIGdwPbk568cGvk66+BWhzw48q8hVpR80btsCg57cDocE46cZy2foPwV4o0D4ceC/E+kXHha61LVorNE8K6q96/k28sSqZFuYcEMuAScnvnhs5mti5UpRjCUp8ygr36Np2fu62vv+DWi9LLKCqzqSxUKcUoJ6rd6NaWtfVavlTZ2N5pVlGzh7eGUSDAXYvBIOBgjORnpjkccgCsZNA04Eu1nbMsnAVlAJJGD8o4ABJ6jDcHkZrwq3/aJup5mj1bw4tw4wsktpLsVTnJKjAIAAIzjuACdxFb8Xx18Hh0S+ttWsPmU5ZTIiqTyM5PHOT36Z4xXdRxeJpRdSlXqR191RnJSV+XTRp9Enb9bmGJwWV121Vo0nG+04Rto4rXmTWt0rL10uj1s+DNCuVMslhbxAbsgruDAdRx0zxkbuNoGOgpNH+HPhrUmeZbaK32gplkyAV4ygBHAJJGc+vA6YGnfGP4d3qvAniSKD5C7LdoYyTjGBx3OcDHQ8nmuk8IeMfD1y3lWniHTrrzpSYozcIjKA24HaxH+1gjHHOAcY9vBcS5nhORxxdVO3Wble3Ktm29NLbu6ufOY/gfhfM7wnl+CqRlpJezpq+3kn5/Lq7HTQ/Ca0gV47bUJbN2O5JYGmRgWCk8LIoyODuPOPU8nZttF+IegGODw98S/FelgBSrWWp3ccY+XgECQgAjOMjBHPPFdXbXIuI1YX6yMPu+SyyoVAOMsobheOmR6ZyAZkuLkFyk7uybhtKkHBBJ9MFewzxzyvQfS0eN85g4yljpTSVlFyeluWysne+t1pddfL5HF+AXAGYaYjhrLqqmleVXC0Z3el/jg2r38rp7HFz/ED496RcJFJ8W/FNzAqyBmbUp2nww2NEzM2WRxkEDcGBOCc88/Lq15qFwZrudp7yQmSWWQfPNKx/eSysc7mdstIT3IPB5rb8QRyTzqzEGUICQpyxx1BxgnjHTv161zKQs0zMrNu2EYIAK7QAW4BwSpPp1AOckngzXOsZnc4TxlaVT2aSpxk5StFqL01bTv17Wv1R+geH3h1wf4c4fF0uG8mwOVvH1KdTFvCYeFF15QSUZVHTjHmUbvlbul08/O/H/xA034f20F5qdrc3X2piGSxQsy7h95wuQMbTyQOPTHzeZ2n7Sfw2unVnmvbSRmCbZ4jgEgZBBB3dcjvjsc8exa14Nt9XWVb+ETiUfKsiiRcZywRX45ORnOeezZrx/WvgL4Vu2ZjpAts/M06KBjdyXwScHHJwDwBnHIHlQouVmpJKPLeM3frHVSSdr2d078u1+p9fiquJc+agoOPMmoyt1tez0f2fLdLTVHqngnxR4Q8e/a10y6WT7Kwd5CAj4blWUEcgZOcZAPHbB7uLwkmEa11CRScuv3juzyDgdcjhhyOB34PhHgPwEngK5vDYTbILgMzy3GABHhcLuZgByMc9AOOAK99sNSHmxQtf2cirGGQpcIGJI5GN2Cc8cAHjrkFa7aNCk4e+ldXi5Nb6rdrdWuuutjtw+LiqSjiGozWl3LlW6tZ9bXa6LRpvs06P4ggkDQXhkwBhQ/3ifQkhjnjPIGQOmDWta33iqwdGL3GxBuYJI+SRjHAOWHJGPu+mD124ZxOEVYyspA+dHVgecgggnAYAHHHfrk5vrmRlUll2BQ29sb+MMAx4x16gexJIrSNCi4zlFcyUk+6Turr9VbTVtX0vqq1N6U600768ru902tWpLzt573FsvHPiGAxmRrhCMAZ8zPyk4diW7g9Ceozgkg13enfFXXIyqx311bgjAKySANtHJxuBBySSM57knlTzq2xkVdqptKFthQsXwMkxtgDpzhQc4OSMnPA66ZbWcGGG5jRclgQTksQCEwCcHJPXAGfUgunhcFNNuMaiuoyaUGltvrvrqnbRbqyOn2+LwsVJ1KiS1XPeOkuXy1W+jt5O1z6n0b47eNNPVXtNdv4ZUI2/6TKML0DAh8kkHpngAAdc17B4b/AGwfitok2638T6g+xUIMl3L820YXHz4wMDP5nGa/N46xeRNEC0rK68FgQeDyqgg46c5IAyAcAjNy31x3YxtIy7CMBiTyec4GeRk5PT35yNKmRZdVjpSpX5uW75Ur+44q+17N21vbvs+3D59iVTaUru9rTfMrtRfVtartvs073P2U0L/go78ctGEb2niq6jZQo2m6kCjnjDmT5ePvDGADkEAHPtmi/wDBXz496NAiXGtC7RdpZpp2kZl4HLMMnAGT6/pX4Krrcrq6faHwMLk8/KPQgZyRkdcr6jOREdWuSyqkm4dCpY85PXDAHk4A4PXtXVS4IyrFRipUIpyik+RqyTdt1u13vbXRs645w6kI+3o4ae11KjTl1T6K78rJab6Kx/TV4T/4LleOLJQmtaDbagqFUkfcGLH7u4jHRuT6567gcj6P8M/8Fu/h3qsSxeKPB1iHX5WLxowZjy2QUbAy2CQozyeTxX8gB1W5jcRq0qhmyYwx69R8xOCAMDt0weQDXQWep3DSLI7KAv38nksOpIPQ45ye/bGd3qYPwiyjMKkKUY1HJuELJqSvNxaSbUtFpLba+m5lLGZTUdq2W4R/CpThH2UpNq/2GrOyvre33n9m2kf8FPf2M/GqP/wkfg3w7AzBRObjTrWRm3cvx5QGeuM8kenWuph+P3/BMnxsqTavpXgnTzcuAJbixtrcK+Dkl1Ut8xyAepORnhs/xdO95LFIbe4nVFTcxjZgASMZYghsdOQ38iF8E1HXPGepeLtL8G6V4hnhn8QazYaJp/2m6f7PDc6hdR2scsp3AqoeRdx7L0BPFfvHAX0Isv45pYutWxTwGGwOFqYqvXlQpTUKUIqU56wXuxS5nrZJNLfXz8yznhnLKUPbQx9CdWajB4fHVN/dvaM+ZWWj0T00bP71l/Z6/wCCZ3xXif8Ase88ID7XhyNM1u2tpVLjICIWGM7jxgegxkA8nq3/AASc/Yu8YQyHw74mutPU5C/ZtYtrhWJztyRKNy4HynJJAHAHX+dSf/gj9/wUb8C6bBrHh+/g8Rx3un2d/Z3Ph3xNeoRFcwLKgCllG9Q4U4JHQZIrhLn4Ef8ABXf4Ubm0nRviFILbrHbalc3f3SfvKZQGCgZ644JzzXiT+hzwHi/3vC3jBwji3rGNGvi8PRqRkrJwlBYhSTi7p+5a+6aOnDYnC4mEKmBznEwUopqOIdCpyuXLpLmtJtJ2WivZn7vfED/ghV8OdbgYeC/i/NZtGD9nivILS5Vd+cBmWX5scYY8Dpwea+PvFX/BBT4vWE+/w74x8M69ar1iLLBPKV53MsZbBIyehKkZwBgj8yn/AGx/+CsfwtDw+IfCPjuI2ZGJrjQLybdsPziR4xKGxg4YEDvnJwOg8Nf8Fu/24fA8/l+K/C2vzfvApaXSdRt5Y9uOcPbgbQRypOBwfXPnYn6F/HNGnzZTxBw1mi5W4uhmesr2ta91rp17Xse5QqZhTjHlzXLa6dly16CV/hveVKXurVttWXl0XtXxE/4I0ftXaFK50/wXJqdorOWbSrnzGkVSdu0MV4YA4GB1OFzjHyJ4n/4JwftM+EblpNR+F3jFVLM0ojs5JY0VScH5MgnGeMj3HU198+Df+Dj/AOJGlpa2ni/wpN56uFlNzY+WjqM8u0iBoyOedue49D9d+B/+Di34TayIrbxj4O0sM7pGzK6yruPDfKYfmzkexJ454r4bMvoreMGX87jllTF047LCYqlWV7pXWqbVtdL3av1aOulUzGpLlll+TYy1v93xroTevVVU0r6fNO9tT+e7xB+y18XNGUi+8G+JLYIziWOXR7oug4DeYxh2Y7knknnIwDWDoXwH8UmO6ubnQNSto7dHYNLY3UBlCKWcqvlA5UElcEZJ64Jx/Wnof/BYb9hrx0sS6/oVlYNOuLh5dKtJYsSD5gZGQMVbkYPOMMMEgj2vwl+19/wTg8eI1sLzwDFJdhS1rfaXawskZOeDsAU4HI5x6evwWL8IPFDIpqWJ4dz+Kptub+qVqsIpKLunCMk1e1nrppfqenGtKhHnq8M458qV1h69HEK1lrFQWqvs2rb27P8Aikm8IrFOYVsdVVixRyYZQEZAQW5XJxztXqOmelZ1x4XnsGkuPKuYkJK7ZbeVS20dd23kEnnnOeu3qf7ppfCf/BNTx7bRzg/CzE77xNbtYWjhs4++oU5yCT05zjkEDOu/2Nf+CeXjiaSO31LwmVKKnkw6vZKgLAAKhMg4PJYA4zkE9BXPHC8U4KKjicpzOLg0254LERcWnG924K7fd6XOGrmOUNuVXLc6witd8+CrVEmnHROLs1fTbbVu+h/DWmjTywp5VqGl2s5SQthhgkAk8HcMgZ+bgYBO3HP63pmpJbyJHZESMrNujJIQEYwenIxkDIPGM9a/uKf/AIJZ/sNamZ1sdV0tImYb/J1i2bH91dwmwANxAUY9eK55/wDgjv8AsZzz3LjxIiIygmIapbYw4ADMTN1zk4PYd+KdTMMxmnCthsdDmup/7LUTavFJ3cL6PyV9HrcUM24cUGp1cxptLaWXV/7v9x/CnbdWfQ/hattK8QCZozauRt+UkZDFjgMN3fPUHAAz3HHQ2eg65OnlTW0jkAkCJvnHOCSMlu/AA4OTknGf7idM/wCCP37D2kES32uR3JRtzCXWLVQWORhgZydgUMSOgIyQM13Gn/sB/wDBN7wEwnv38KSyRqfMe/1e0lDFeWZk80lf90deo5wa8urkOGzFLmw+cV5vZUcJWm3J8rukoaJ3sn5aXWpzVMZw5Wf7v+18S9oqGW4hp2tsnFbbK+j++38KVv4I1mUSmHTNRukB8vEUMjhMnJbADZZge+CSDgHoeu0f4I+O9ZaKex8J+IrqNiF8mDTLtnOMZOFiY4I+6DkYwcdMf3D3i/8ABLP4S27mX/hWokQmSQCCC8kbZzg5yOSAOeCrDjBGPL9Y/wCCj3/BOT4drJF4Z0bw9eSQEKq6b4ctWD4PAVmQkA8EDspztABFd2X+EWdZnJfUuHOIakZNOMng6lFO6jZ81RJO91rba19Hc5pZXRxz/wBjyLOKq01rUIYWMlZWd6sr3fff0P5QfC37G3x48UxRnQfhd4zujcOAsQ0u5RWUEA8yxoME8/TOM9vrHwJ/wSq/a08VJFFa/CLUrSAsoNzqIWIR7uW3b2BBTcQSBjng4Ir9vNY/4Lifs/eHlEfg/wCGd/qO3IgMWmQ20RZRgEMkRIGcZGPYDjnxDxd/wXy8VJayyeEfhDb2gYN5T3swVsc4JRUzjJJAJGcAZ5r6qj9H7jOpGNuGcRRi0nzYzEUoJLRNuKblfTotN2upw4jhTMItSjkEKEbNqeJxcLLSKV1BW+671eitc+cfBX/BDD9pXWbiMazP4b8PWLxASGeZXlTIyQuQQWA7jI42nkgV9f8AgH/g39s0mhuPHnxUkt4giCe20ayh2vjG4ec7AgnDAsOec8gAV8Z+J/8AguN+1NrqBNF07RtCjmJCtHFHJJFk4J3MFcgDgHGNwyDyceCeK/8Agpf+114tDpe/FTU9KScE+XplwbZQWOWUbGJJGQM5BB69yvk5j4P5vlElHHUcDhZxs3ThKVWp9jdcrT33vq+mx4GKyevSvGccvovROMIzqyS929nKVno92n5X0P3y8P8A/BGL9izwXGk/jPWL7WRbtvZtS8RQWKE4zlommBA4wR1Odp46+iL+zf8A8Euvg7BPPqNj8LIpYYmZm1m7stXmYxISEyJHZnLAEjGdwwOhr+UHxN+0j8WPFCyP4k+KXi3VDM5LpNq944+YYK/LKBkEjgL/ALPYV4hqvxDmuQftWo393Llsy3V3cS5zwW+eXcTk4JPPUgcGvj8ZwpTwracJTmo30p8q0t08nqktb3+fjVMHGE0p4mV1ZpUoQhf4dkld3Vtlrry6aH9hEX7bH/BNT4aaUsWmW3gm7vrFpYreHQvDdq7pFEw2iMmEDBC5yzZAIGcdfHvFX/Bav9mLwtDcp4G+GeqaxJEdseNMtLO2IAyCrpGWVSCB0yAMEg4NfyYDXr/VbjyNIWa5mZN5FtbNMcYG7hc8qclm55IOcAmuO1XWtYtryS2Ny6lmEcsTRMCkkrBV3rgEHcQoJxjHsMeXDh6NeSpODvdRXLFXbfLZWtrqna27/G3l/Jaq4YqcJNR5pynyttJv+VPve+l01c/ov+I//BfLxm6vH8PfhB4b8OwMGjgv9RuTcXKvkgOInXHckKpAyDkgZFfEXxC/4LLftgeJg01p420vw4v+qC6NpccbRxkE/wCsVvvgdXCk5IHevyU8Q2t5pdzFp1/NG1zPDHcxsxZgqSKzY5CgKBnjHbgtnB592muYmgtgJUwkbKH5edmARFxkhmJAxyCR1IGKnGcPRwdSSr0Zx9nG7542cUlFu+iWlrprWzVtEdeCpUZ1I0adDmnNxjGFnKTk3Fapt31aVr31WjskfS/xX/be/aN+IMs0ut/GHxvdSztukFtq9zZ2zIRkx+XGy4UZOMEAZIOMZr5C134ieI9aTGva/rGq3Dyli97qd5cOSSWJO6Tk7hk/Q5xkhfUL/wCA3xLe90XTdQ0S50mTxFFHd6XJfkW9s9u8ZcSPMxUKrKO5PXJ6YryzUvh/ceEfGnhvw34tv9OgtNW1ZIby/guopksrETCOacFSR8i5bBIPPoMVwYenga0JVqMKdbkTUnCPM1qrLRNt6aW9N3Y9PH5Tj8vrUqNfDSwcazglzw9mrT5eW63tre703aatc4PxLeKukXP2zLQBd7SI4aViwJ2MSWODnlenBJHIr4xYTW2uXz26xmNoJpIXmwZCBu5+Y7zxjkn5gOGzg1/R/wCH/wBm/wD4J63a29n4j+P0aW88oh1i6M5ZPLMAP+ixAjBDbkJGCCD26/Bf7XnwV/YP+HfgfxDqPwK+Kmt+OPiXY6rJBYWsykaXPop++SxYbDCAcuAd4OOcHGmW8XZXWnTwdHA4+NWNV4eUvqdRU4v3bycnFWp2d+dqzaaTva/1GM8P8xwWBWNq5jlsaf1WeJUXiqblKKjF8i1V5tXcY3u2/Q/CPVNSd7+9aXZIft0qyEEAfeIOGz0Jzkg8k96dNOzTQyRLHhUUkYwASAST2PPBPbpzwa7nTPDEHiO11S5LQwGG6DvKpBKrI2NqqcEknIJPGCW7Yrr7z4A+Nb6zhuvDEdvqyC2S4kQShZ1jUFjlMjnaTjGQPlbpwfvaFCdWCcIuak4yTaSk7SWidtVbrdq0fkfhGNoVVVnNTck5X5le8uVra929dfxV7tH0fo+r6bcfsi/YpIFF3Fq5IcMQdhkbDnGc8HkDtgAYr40v59PjjMiBk2BMgMxVmIwSDwc8AAE9CMZ6H6xtvBPiPR/2Y703mnXunypqcnnGaJgpVTyVPVgWO0bcAg8kjFfFGpzzC1EDKAGCuZCMEk4BABw2RwSSFI4AAHA92d4QpRcUpKlayik9F5Wd7Ppq0rO+x4GMiklzO7S9Ltcrtpa1pN6+Vnbr+o3/AATPlSXWPjC0Um4HwfOGiYk4DxShST14BzgcKVPoK+A/FcdvH4x8SRF7Au3iG/DbnBOFvH5AIG3HBOSP4j1xX3V/wTAZj4l+L8YAZW8IHKHGQCkgzt5GMevTb6Yr82filbyR/ErxWVXI/wCEivxsUkEJ9ukyM5PuCTjkjp0rtjpg6C1tJyirrZ813ok3urtWej7tnTWqcuHwr1sk1dPu4vq9+iutdj2v4oG7uPEELm2heKPR9JjLtIHgAS0jAxzwWPQgnv2Ix97/APBOCM3Phr9ociKKHyfCdwwMZDKSImypIyMEDAxwpwQ3Fflh8RrvUE8RvAbl1hTTdIxCjny8NZxkcnjjscA5weOK/Un/AIJibT4M/aObLHd4Rn3EliQGiYYGeueCTxjd1zXXRVFVaO0ZXSeiv9lLl0v631sn3Z05Ji5fX4SUfhhWUr/4Vbff9fuPiSy0TR9T8cW5mtIVuZPFDF2YH5oxc5I6ttJGDuJOcH0GcvxLYGy8ca79hinDJqszR+WpLYikBGMcsvyqAQMjHJI4HPv4kuNE8eJJCgzHr85IZiQSLphu2+g9eRk4xtAFWbj4mS23ifV71tOS5f7ZcSsxfk7icoCQQqEg5z16n+LP0WFUYYiKjeCU4pNb3Uk7p9G7tt2/lvsYUsVg5VIKo1Fwr87b3aUot3s1dWva9trO25/QD8QPAXjr45eAv2UvD3g7SdQ1rXrnwH/Z9paQoHkuJljXIKliwjQjMjAcYBOQefz9+Mvwv8U/DXX9Q8MeNtLuNG1XRXW01CzktpYFaUnOUZ1UuE27dwDKQcEjII/Qu6/aW1X4S/sxfAT4t+HLN7HxjYeHpbbw7eWUxjksZXdEkXC53b0LFgeQc5B4NfmB8Yv2qfiH8ePFl74s+IF82randwxJNNKqKI4o8bFZVQbyAeZHG5sknjIr9Z4cw+PhxZl1LGTo08nxFKF51G5V6lSclZ8qduRKzb0vdt3sfW53xThKeEpqlNzq/V43ivgceVad0nbXXWz+X3n/AME/PgR4o+N/j6/0LwPq66bNpfhXUtTN5eusNvH5cblUllkYD5mwgVSck5GO+T8QPhP8YLTxvc+E9HjXXNbbUbiyuRZRNcG51OC6MK+U6A5aQkCMk4GR26e4f8E1/Ec2naJ8RtetEa0B8Ky29pPbO8MschT94VeMKzKx+Zg3DDIJwdo+i9I8Uan8PvHHg34h6aya08t0l1PaCJWW4vGukkka437iZCeFlfq45OMk/wB70shzKGDzjBTdLEZZTyHBVMtw9Gn7KpUxMsNPENe35pJQqpU4RXJHl5W+Z3su/hTxmjhVk2XuhVh7PFtSqc0lGPv01eDSskrPaV7OztZW+UPBf7OP/BQTwzrt3Y2/g/x7ppngikiSSS9SG3ikUGNxtdoo/lI8sZByVPI4r1bw9pH7fnhfUPEXh/VrXxtBZizbJMF/dTXFzgGJbd2Ta7MWGMPn5R1HT+rL4Vft0/BvUm0nTvFfgvU9K1jU9G0xLmO5t4ZjJdfZhvn+fBWJj/qyCAFIJHQ16z4r/aa/ZvuPC9xql9p8un2hvU083R06ECyZZEQTLIYxlsEYGepOcgHP+fHEGc8T08zxFDMfDTESVKVT2LhNVoTTlOL5uVSU1O6le177rSz/ALUyTxzzHLaNGnHhjMcXQkoznjaWaUaiq3jyrnpzjJ8nvczT8knqj+GrxVpnxZh+NXwwtfjLa+ILfxQdc0l/M8QQyR3FpYtexPbE+YR8jKAM8qBn1xX9jerfEfxjJ4B8LadoevL4du/DnhVbyxnhs1mh1xoLGGNrVZJAVKgOAzHdgnAwMk/hv/wUc8SeA/jh+2Z8NbT4YaraXGh6baeHrDVNQmgigcXBuEYyHAR3EYIy20EHjA5x+k3xN8f+JPCs/hfw7bX9pqukeCvCrSTC3spDDrFr9nti0MU4j2ySFVwQSMOOCf4fz7PuDpcV0qeHp4D6nj5uVanhasXTqQcVTboxvG65GkrNJ6nyOP4jyjMc6qZzmdJezr1FWnRxMouVCcoU1y2aSlJW5b2Wjd97r8Nv+C0fhrxTo/iP4A+Kb/TtVbVfEfhy8u766eIm3dzKXAWOPKxlt5OxSDxkKADjxDw3ey3X7EEMZaT7RY+KLmVywKgsjBlVcquMbs4zk/McgmvV/wDgqJ+3x4L+KfxE+G3gZ/Ad81j4E0KKQpHeyx3B1G5UxhZA0eUVGUk2+dgA28ZxXkXh2+tL/wDY2u71YprFrzxPf3CWchVTskkVlC9einB7ZIz1xX88Z3gsflGMWU43CrDwwuMVGSuvecbJeje+usmr3aPxjPK+X43OcwxOX1KTlWi/3cZe7C6ivdblbb8tmrHi2t32z4U6/HiUMPDq+Znk5ZXbP0G7HJ9OhBB/L7wreONfsRFI6yi/jLEYGxTOx5wT0ydxYAd+nI/TrxXb/Zvhjr7GKSKF/DVszNNhX2yo33ONpBGCDkfjg1+d/wALNM8F3XxH0S01/Ubyy0iSdTfzxLufBckoAMnBBOwg5HBHqM69VRp1ZwhJKMbRUU9rJ6X7W1/DRnwWbUKs6uGjK137qld6czik1tfVW006aptn6QeF/BE2s6/4fl0m90lo18mXU11G5jhdbhYPM2szEAM4Py7C3XsMmvpz44z7PhB8DrZ0jZU1nXiwWXzI0wHTg5IKHaQpHUfhu+d72++B1jog02Fdd1PUBqI+yajpdxMXSJExHFdRZURMcDBzx6gHNeq/Ed0k+DHwMmjgkhim1PVIovtMxmk8o71VbjJISUj+FuO/fn5bLXSxWNjWjG9WHNeE+XmUm4pXTb0dtb9ZdD38FTxOFw1anWm4U5+zcG7xT0i+XVWaaT0W+6sk2fnb+0bZ2v8AxRt9JcQ7PIu1METfvPlnfhxye3HGCRtwSAa+6/8Agkj420vwtdfFrXby8Ww0jTbTzdS1K4lRLXTrXLeZLIZCRu2jI2gkk8HAAH5h/tE+IdQtvEUFtIls9tpzXUUADLjklxgAkDgjGB1XOBmtv9nr4u2/hv4W/GPw0NDuL+TxXozpPLbTtDFEAWKG5ZQNyoTu24yxyCfuiubibIamfZViMtqpwjXnS52oO/Kp03eLStbTRJPrbey83CZnDLs4ji4pOVOLupJrmk6cIrVXum32tazTVj9pfhX8TfCHxR+NX7RmveBvEcGt6RJ4Uu1S6gbK3QSJojKCT8y71GD0bOBwM1+PHxu0K6n0u8mjhIaDVLstGsZLFPtD5bI5K4J+b64z0r3/AP4JgvcRzfHaGC3iigt/AtxMZoGwArtJIVDE/M+QwyTyQQcV5j8Q/ir4YM9xoF1pl/DPFJJBPM6kpPJJM5zggEA5ySOcHgn5QfQyvKYZPhMDgsPFyp0KcYXk0nNJRjdXs+ZaP7tNzLMsa8wo1sRWfJOvKUkldRTbV+Vu+2jv5a3Php4jBcwsQ6MrxKoQEHORwAOev/1uOT+nHwQ0aKfSbXUZWEt1bQxuwnkYN80I2hA3JORktkA87cDIr4yGp+HH182aeGVuWaD7Ra3LFvs5a3XftJYYJIGMZwWO04IOPT/hD8bdb1fxrB4fvrGytbJDOBGmIT5duhWNSV4JAVRzjp+f0UcJ9Yr0EqUIt1YxXMo3TTV7taLSUWtHe1+zPkITqwk4KVRR5oq0W7SalG8ZW0t70WrKzSTW2v6n+PNC03xFZ/BLTPEN3Do+nT6dqTi8u3CxNi5YsmWAG12ypyeDk+leK/E34VNoupWmreHbO5uPDksyRx3FlKk1uzIQrSRMrEkMRlSQOM49an/aM8X29/8ADH4W75fsk9l4c1h4XLc7TeMuYmyGyB0IyAMkdq+NvhV+0JrOi+KNJ0TUtT1rUvDkc1r9osJme5iTfOmbmIucIsanc0ZwNmc+/wAXxxwfm+IxbzTLcZFRp0r1MJPT2loppRabs9NdHe6u0z7zh/OsLQpRw2JpSanJOFbZxd0mpJrRLVO22jvc+vrrwn42i8PSLpmi6sxublWt5ZIGZTvTaFcnhdxyMn256mu2+DPgPxl4P+MvgS78UaDcabHc2t7L5l5AsMTh7aXBU992cggEntjpXtXiD9oDwvf6hp/hrw9p15HPcWcN6Bcz/ZYLgRQGQSQEqPLaRxuGMKRwegqj4U+M03xS8b+DNH1XR7uHUvDRmczi4E7S28UwjZGAAxEkbdSxGACCTgH8PoYviOnjXTxOXQoYF+0jOo24zXLF3bVtVe197X0tqfe0Z4GrXo+xqupX9pSdONm46Si2k7NKTun20te12/q/4mXXiV/Eek33hi+Og6WvhzTbHUri3upYVklWJj86IQGbIyFIGSMZ4BHzd8W7b4lfE/WPhX4X1HxNN4hv9V1yDRvDUl1cqbbTZjOIYZ5i7HMbbg0memCM8YOT+0Z8adP8H+LtV0Pz9RitPJ06eAI2IlD2zFEwCPlUsct2OcYIrxP4cfEKTxX4quzDdXM194e8Lar4l0u5Z5I/sE1sFkjuoj1V42ClSADkjAJ5r38qzLiCWXV8LPEUoYScZRw1NyvC0l7ild6+81ezs33e/mY3Fy/1ipxpOq3GrF1YNc1lGMXZaXSi9W7620tY93/be/4Jq/tLfAvw7c/Ebxt4l8HeItBi0eG7k/s7UoYruzhdEKvHFIytclAQpEaupC5r49/ZIV/+FefEpGJlMCzo0ijCOzxSHI5I5O4n2AHcCs/44/Hf4tfHDwvph8UfFnxN4ljtrUWUOg6jfTPb2tpbM0bExM4DDAwvmKSVXtgV0X7KEMen+BviJbxXCzSXG5VwCIsrA+4AHhSGH3cY4GOOn6dwLl2YYCm4Y2dKq6tOdReyhZRTgmk5Wbn7z3SWj5dba+LnGZvM8wp3mpOjJqU1ezSsvgu9VZLR9EfDepsg1jU2mICm8ulxjd86yttIwck+xOcnGCTgUXs0u7m3t2dsMS+S2FUBSQMnkE85PJ/rH4hF0Nb1RCWG3Urtt2DsYiVx8uBwOh2kcEYJz1zZZ7lJopN3DIwXb1B5CtntznPHB657fE5jR5sfWmmly1np/wBxFfrpo7bct3rY+jpSTw8Y8t4qMU9d9r36JO/Km1e92lozy3xd5ljr0kMSFQtu0csuCUYbjgZYnPbnPc9etfrRrs4i+Ef7OyFsBvB10gOcBmkZRjPOMEAk88DOMivzK13w1d6voF/4k+3QKdMMNt9j2Ibq5ErgGUsArALg5OMg+uSB+kfjdTafCP8AZtdxt8zRIoQGGPvlMqcdsHgfLwMhcfd+3yypCeDqa6qm1fVWaSTuuvV9Lb6OzPj6+GdHEybTtUqNxT6JONtHdX0flffbTyn9rbS401r4W+bFD5B8PoHyVBZUQNkkDknoemM5JAqT4EeMns/FGhQ29va2qC+0+2hZ5AishvIgZApIB684HI4JPU6H7ZLJY6t8MppoXkiXSGUxH5VZPs8eQCT0IIPBVTlsdDnwPwbr1ut9YavaWUYNlcW4igLEO5FxCrNhf4lDBl55GAPf5mvD29BOrH2ijJtttPZxs+uiXTR36W36Hy4fG3jLkbVNuOl5KUYc32XonfRb6H+kZ4R8Tw6J8M/hp4g1DWtFt2XRfDUM0Ml9aq0qpY2zgyAupiBBHAG1vqOP59f+CsXjvS/GP7YWkzaXc6fqlpZ+FbC3vWs50urXep81leaHdGWQYJUEkDBx2rg/2uvBvi/wD4L+BPiPwx408VT6F8Tfhpo+p6w91q128Wl6xDZxStBZWXmBYbeNdqB1VQAD9R+VHirWvGKTJdQeIJr29jUiSS7DTTsuMbnlkLs6hcEZIAGF6cV+u8MYnDYDCU60KfPUlS6LfSN7Np33utFZteh2ZXWoZfinjpN15ShOME4u2s05P7Sbvta1301uffvwa8QeHNE/bl+C3iZb+w0/SrOTSFubySXy7K2IeNZVklYbYwOVZs/3idpJA/r2uvjr8Ir+3kU/Erw6LhGbaLfVYmWUYJAUoxyoGTnjI644x/ne3PiXx20f+iXlnLfkskMhQo8OMsGVwwKsDzxjnPfpzM3xR/aD0sz7fE+tWCQn97JY3E4Vo8YVwBISSSRkAMAB1yePnOMI5rnlWKy9YahBw5ajxEZSkm0lzRUHGz1bSfVfdtjp5LmdWnicY8TTlTfuxoum3K7g7tTultZ2jLRPq7v+8jW/Gnwp/wCEg07xFY/GHQ9IurK8lm1V7zVY2WZXbASLzGAUFTjgcDHHNebftd/tB/DHVfhZ8SdR0H4jeFddnt/hbr+mxW8WoWwluri4sJokSANIplldz8qKCSSOCMEfwnzfHjxzdfaLPWfH+rzoPmmNzPcNIrkjht0gYfNjqpB54bvhaj8fLYWn9n6v4m1a+VT88EM08YljHIRj5h3jBIOcr37V+I/8QYhPmli8znJ1swpZhWjSg4RdejUjKPLTc3GKs3f3bt9GPFcQYCfslBVnLDYeWGpSqunpCfLF6RipbbWurq9nY9K8HSS6lqVyLv8As+0gmkndZbudY2jdt2cncDtZSRtGG57DaT6fNPpmnqbEax4TgS7tjb3IWdp2ZMEAlhG7bjkfLx6etfEWq/tKfC3SVMq+F7q6uOS5mlY72UYLFQxALY5I4GTkYOB5prX7YejW8bvovhK3tX5KBoFYgcYLO+4ZyTkfLwB3xj9pwmEp4OOGUKFOs6SilOcbtpcq1dl6PW1/vfyv9qRw/tOXERhzPm0fp5bvXVLTTtc+vbvwnp9pqLTReOLqa03uTBpWnPcAhicxqXVcDpkgdBkjAOPpH4aeKtB8Jadf6NpuneLNWh1eKKa4nuLSKCBXhDMJmVm4Qtxgg8kEZY8fjLqH7ZXjKRGNhHHanOV8qBE2jJGCcEDAxz+HHfj5v2rPiPfFvM1jUYCzKrGC5eEFS2XRVVRwevAOec8gEfQ08ZjKdaNWNKEIxs+VSkkl7jaWqV0nqkl6XVzxsZmkKsJQlWlPVSaUrXWlrW6JfZSsru3U+2vF32n4lfFHxOItIku9fS6MGhpYSLGyyRvtijlVGwG8snec4ByR1Ar2OHwNrHh7Tp9K+MOkh7PUtIENlaTRIbd5nTbGs82CAwU43FiQ3PXp+bnwe+P0HhH4hnxjdfakuo5VeSJpCxuCzZmlIJBZ2UkggY5Geua/Sr49ftGeFvit+zvfr4JinuNYhuLe+nvbpUN1ppCATwrIfnSJWyVUcccHOcftOG4pwGJ4LxeErUMPVx8bpqoo8/I4pJwTinN2to3ZaO90j8jjRxseJ41YSmsNUjFJxl8Urp62SfMt1zWv80n+ePxK8OfDzSfFWoWPhCyttNtIYI0dTP8AapIr+PLSwKT1iZuBkkKAFHHNeC6lPa69cXckqpDfRlYLRMEbvLJG8oAQOgOe4PpwObOpanba35kV19uuNRBeWQkykmXO4gFiAc4ySMgc4yAa9N8N+EJGuY9Wup1heHbciGdMNOZOORnovABPGPrX8u5zXjCtWrKmoJzlaCUUtWmkkrpWTb8rbvRH6U6sqsIwmkpR0d1G6V4pdUm7ejt1s2zBittUs1t43vnPmqrSWtuCA4XgKBg8nOCM8dT3NbUt+hW2tZZJmhjffIjjfHAT/Aw74wx55BI4BIz6ZZXOmNPd2d/a20sqs0v9oIyoYgVJKRFgcnHygZHGCCDwfFtb1izsr+9ihtJZbKWZ3icnJd1OTtBHzEdwMDAGMdvDpQeIqN+zUWkpQbUk73i0tW5X9bLXbSxm4qnFJWvq7K7trF69e20bdVdavn/EmjypftPp6SyPcqxBhU+WiHB4HAwB1AIxnqBxXKXVxdwQiCabzvNQoS4IWJgORuPORkZzj5TnBxXr0GupJp0Vw6RCERsqoGUSoyg4TK8kE5yMYxkFcHFeIa5qple48zbGrSSGMKu08cYHHyls4J6Z745r6DLnKpJ06lNLlTUW7ptXitbtJ6t/Ja6nPUkoqLSd79OZcybh1vfXu0/RakmknVbz7VZwTfJEpZ2LfIFXGQAeMsT93IB9OMDWntjZ2yyKEeREfcQAWZnIxkbgAp2456EjocV5la65NpklxJbO/wC/Gx0BYDY38TAfex79+nYV0MOrG7tgcyAxoWfJZs8ZwT6buB3yRx1WvSlhG5JxSUdG+t7tPXdWatZt+dnZkxa5U3dt69+VO211ZX62Wr3t0uNd6RcWzxywrbXD5WXaSJJSc8D0Izkcn6nBrl1JRxBbOUYSkgMoyFBwCCcc4I64OfWq7lZJZJk++2XKlcbSOnIxx6jqTz1POnaWUt1bx3EYDytIylIxtbA/iP3SCDnBOB6cV106bhTtqtE76vpFaefp1u+xgnNyul00bu3b3dlFW0u/Xdpaszp1kkaaK4lYMuXzk4YgcZIxhsgcdBjjpmsKJ5fO3kugWRFK5/1gO3sSTk4+UHPUN3Wu+j0u+uFuJHtZcbQsVxJHshJJxw+ME8fezyO/Nc3HZzXFy0IjRngkx8rBvMYnCgDBBIYAKRyOR3zWkJN3UNXv1vdcq11sm/R8y8tSnz3Vo3u/RprlVm7WT2vo09b2Ou1fSrGPSrDVIlEbyrtkR2PmmQqMMVxxzkDHTj0GLfh1Ytbng0jVGeKJ02xEOWJJAAz/AA5GSR15zycV734c+C9rr3hzTrnWJ7mG4liLRwbSAAQWwu0HkE5XjjHcBsSn4b6T4cvYFsybm7gQ72lJAwMhWIPQjoM5JwMgd9qOFqVWm0uVOKeqd7tX+G2l2732ex6VLAVPcnKHu2i229HrG+mjs9b3sk09Xc8Q8beC7Pw9p9tcafM8kbM0chLNulPKnCkcDoOOoG484B8iUsp+bPTaV6FRycr1wc8HPLDrnI2/VnxF04zeH5pk2+Tb7GVyArB2Y7ycY6HgEduTjrXydOxDuCuAJOucHGRz6YPGRj3r0qlBU1BpJKyvur2Vnp+Gm716O3LiKcYVLKyVrtL0V776dOva+95SyNggnbvVeRyCAMgleeMZBHXtkACv16/ZjaGL4FWEpsIdTkfWJI1nlAxbA9Ru4AOCWyODgnqSR+PnmlX2oN25lBHUA7hnacEEEnOR97n3Nfrx+zXrNpo37P8AaT6nCy6V/a1zJO8TASeagdk79d3QDk9OmRV4PErAurXU5QcaTSlBtNXcd7KzXTXVbq7SZnHC0cbelVhCpDRtSXMr3Wyd4rVa9lr6+r6ssWh5vpXsmjkV5DBJhfL5yed2flzkHB6EjIr5n8R/tOad4avr/T9Nt/Mvhuj+02chjiUZ/iwfnAJxuPHQ4HOOd+MnxKg1u1RPDLXAuLh3t40JdmjjLbdzKpY7nBGR156sQa8I0L4C+LfFDW+q6zIumWMjq08jqRO8KnLMgPJLJ68c/QV8/mXHdahGrVrZrUw1CmraVnKU3yx+FKT120Svv0SPHrZFlkKtqWFpXT5nNQhu7PTR2319Fc7m/wD2ofiBJa3ltbXtwthdfu5AkZdV37gwaViBuwTuGeT9MV5/p3ivWtX1T7VNazalaJtd42jIRZAQWZjg5xyTxg9MkMMfR8/gv4faB4aXSvJOpMYWHmIqrI0iAsXlPJOAGwDwBksDiuEttY0exiNjpNhb20UCMVlKoHuDggxkDdvIJIAPOBgEZyPga/Gss7pSpU6WNxEFNwhUrSdpKTa5k5XtZ669tLO5pSy/D4Z3o0qdNtLWEIxbemjcFZXb91NXW/kczqvxDt7NGh/soQspJjKpiAsQAuFKgZGCWP8AeJ5wK86ufG9xLNcvchQ/DLGh2sE4OMAZzj1zgDt0PW3Os/bpZRe6daSeSZNsexQyAZKttxggY4PPU+orj438P3V+DPbxQ3JEgYg5jZVOAigcBue4JHO3qcRgMPQ9m51MLK8mm3K70uk3dpJWfV673s7FNc1m23fTW66K77N9Ve1rbq6Rj3Piae+kIiO0BA3lucsAAwxtzk89vUc8DJ4XWNXv5WSaSJxCincCjKpbnknBx16EdCAa9htNJ0WKYXUNpucFsxzk/c4y654J42jOOMc/xVR8Q6jZG2NuthbRW7EBkKKW2AEEgbc85xjPUegzXpYbEYdVowo4ZtXV3y6auOlrWT6vy1VuiUHG1723vvdXiuitG2nTRbXseP8Ah+9vLjV9OKh3je/gU55xtkAOFxgFeQMgjacAAivvD4iTzH4VapbtIzNhS52/djEK4OeSOFYAbuT7rXyZ4X1rwro2q27XlmskUZyGULvErNhTtB7ErtOcg5zxuz9a+PLhbr4R6jdWxwj2Fu6gjMjK4YjPGA2OOv05Nfe5PJTVb926a5U78qV2rdPyvtdu17W6KK5abfNo7NpJK6tG6Xp101t3en51tGquUI+UHcDgZIPTr0AJz15xgYzzC0skeNh2yL829cg57YYEHnHXnHb1M8qMzgFcE4Ixuzt52kYYADHAGBzgMuKqPDnceSQOgwNpAHHHQccqemOnWvbspLVq+ysl0tfs7Wv1W221+WE6cJLlb736actrpaNp6brdK2qZ9nfs/ftO33gqXT/D3i55L/w3vVI77G+708nChSxBdoUzlgQBxzyMV+tPgzxXpHia3ttX0TV7a4tLxEaG4tZklhYMAwSeL/llICcMSFIyNvCqK/nHsfNyAduFY4Bxwe4xye3Uk8nA4wR718JPi14u+GOpxX2jXks1kZM3OkTyM9pPGSu8qpZgjkEYbGMkYxjnz8bglOMXQfvvo72d+W6elraadj6bJM8WFn7HEx9pQbVm2uZfDfRvZXV72S3XQ/oNnsba/RRqMCRStGVDkhrSVTkDOVKjdwSB7YJxXg/jj4CWGqO994ZkXTL5g7vZTHdYXbZLMUdRhS4xgepAwMgjn/g9+0p4U+IVvBprXEdhq7Rp52kahIEDSFQX+yyyEAj+JRuBOOMZIr6rs71PLh8sxFWzJ5NwN0EnI2qrY+VWOAGBIIPVhXlzqTwsYqd4uPLrHVJ+6lq0+mid03snZq32bwOCzOlKrQcJ81nZNc20dWt9LPXSzSWlz8z9X8DzaHqKWetaUbOdZSzxvHut7kDP7yKcAqA2AFGT2Aznir4q8J2C29hLb28SeYrFduCJM4IDYGFPXB5JGGBBJr9O9W03wZ4mgTS/EGmjTrmctGn2pC1s+7jfDdAZh29UG4A/MAuCK8E8dfALXNEKT+HLZtX05g0n2WQ728llzm2fJDBQQQchv7qnoe6li6NRUn7T4klZv3XblWllpu9XbXZtHyuO4fq0FKVKnJpPSL0ejTVlZ7K+z3fZn5Y69pKQNcKqlZRKyoyLsaNgckqeCOTkMp74HXFei/B79rf48fAe/SLwn4uur3RUkZZ/DesudQ0yeLLB4lguGkWPemUyoClRyeMn23VfhlaancXUIifT9SiaRZLK8jaNjIoO9Q7gFsEYBC4OcfeOD8oeLfA99oWtNHcWkgR5XCyFDsKk4BBU4YbhwSep7557Z08LXhyzjCd7J6XetvnppqtXbfVngwniMLNO8qdv5lZacuji7J67Xv2utb/qB4e/aM/Y+/aghj0j43eEIvg98Q70KkPi/wAOwra6bPeSbR59ykaqrIzjcVIUYAUEivLfjH+wh418NW8nij4Qarpvxg8F3EEt3DeaJPBNq0FsBuLT2UTSYKgfMOSQN2O1fmvqOjPHI26HBjjzGu35znA4bIYdsEnjI4Hb0n4efHf4wfBMxah4F8ZarYwqd82lXNxNcabIoPMb20jMuwg4AwRjOcdK8mtluKoS5sBiXypuTo1eZweyspXcle1uq+89CjmOAxT5Mdh05SslWpaVE0o2vG6v8rrrbvV8U+Hjp9tZWFxp1xouvWjst5a6hby2spcOUZSJUQEjBzgHIJPXOONtNSu9NclGMTxsxCqzFXOeCSSwx6YwPXI2k/oF4f8A21vhf8WrO20j9pb4UabdySARnxj4cto7bUod+FedxEqElSSxBOck9M4ra1H9i74efFWyuvEv7M3xR0nxSXja4Xwdrd1DaaxbqQWFsgkctNIuSoAGDj1yT0YXMfZQUMbRlhpqy52m4N2SfvJaaq/S2mhhiciWITngq6r09+RzUZp+62lF6u1tWra9Ln5S+N9QuNS1CC6mCtJ9mkBHXaAB6dBjGe3Qk9ccToGpSafNHMnysZg28fLsxwSpBXtwcg8MOhBx9L/Fr4DfET4b6nLYeOvCuraDPFbyxiaW2lNtLySGinQNEVb+E7gOFBOAK+aF0qWFGDbgyHjpuPzZDoRwDjpkn0IzivWp4mNWDlTqRlF2s+ZO600sk3trfa/V3R4ssHKi5U6sHFpXtNNbODW8Ve73bb7p3vb6U07Wrm/0y3eeWKX50ebMrB2UkbUzvyuByccryQegrd0nURFq+orGGSNY0kgjMjTDbgZC+YzbV59scD6/N+kT3K3KxedMI1MYZGY7XG4DA3AAE8/3sN0PIA9Ov728sNTT+zn8oy2UQOQCBhMFSWI4GSD1B+bjotTQoRhV9pGN25aaK+jSstHfdvdrpe26rQjPD8l0/dS6N6JaNNLTW2st90rWXr0mtz2hjjIVDIC/cBg2eVGOmMDB4BBxjtOniJWTl1dmUh+mQxbAXGSOBwcY55HGc+JXGr6ndTxtNeKxjXa7EfdAHIwMnjHTI98isu88RX9oyLG8ZBYgA4G4DI3MM4VR6YJGSQR1HpuVoycrpJp3aWqstLaddNtejbdzxVl7umnzu+2jWvLforJdbu90m76HvevavHceG7oSSbWjliKordMEcHI79O5z1BzzzclxZ28dtP5ybvIRpNz4xuAzzgkYyCB07fxA151Y+ILvU7S+gmhUxRxiVznCu6YKkDAyOuAT+HQVha/rFzLc2wjCW8EtumEByCo4O7HIGQOPTBPJNcMcRy1JNLe9tHtZa9lrZ7p3ue5Sw8oYVQau7pNO9tVF2u7R3S+e2rV/cINY0yaMo1wrZUIu5s8jGc5Gc7sDJbp6UjzwSo6pJGzKkgJXGdoB+br3GARjggeitXz5b39wzuqSKFUAnB47kY5z9euMdAOK1rPU9Q+1RRRyAgv5ZAI5BU5VskAgdT83A56jjoeK9202+Vpa6K2sL763fe+qs+ivVLDTnytJJ8yutL6Si93e/m9n+Xo/hezgUWtzJuVTqEiEucIWLDDJ1+bjjIPJ4HYfQGoeF7eHRZ9SeSCdpLVp2aRQslsEBK8EDJIwfvZByQCa8VsXWDwhBM7W6yw6rNK7b1DhFAO3GB3Dc5BwQPeus0jxZJqdrf2+qXltJttjDBbs3l+YrLtX5wMHqODn35HDw1Sm4SpzhGSleSk02r2TblbpayXR9EfvXBOMyzL8urU8Zy+2qUXKE5NWjLkXnda2St3bsjidL1XVn1ZbvSbu6065inEatp88sMjhThWXYeCcE5GOTk5H3vqvw9+1J8bvBOj6lHb+J5Nb061h2PpfiCIagqRYwIgZg2F6qTk9jg9K8J8I6fpFiWv5tWsvtLuVS2k2CSEhsqeSdowVwxGC2em3jrfF+o+Eo9I1oWc6rey2I+UMrrLOVIfaBk4yQcj1zkcCrhlmDq0JOsqKqSgm1aKdpqKilpdO3d3Wtnc9/DxwMMrx+NnmVL2sqU5UqPtIaS5Fyrld2n5Nb7anv2k/tF/Cn4jaXBb/ABU+D1hbXU8YU6/4YUW1w5ZmDzvGiBQVGXw5GMEdwK1IfgB8BfiH/pXw3+J40q+lBkj0XxEVhZHYsFhErsq8kYznoM88kfIPhrSzLoNlcW8j7dhLpjli4PGz+6uTkdOuAK63TEt7aXbKixvhQjq7xShwSQQ6FW4+XBPcDvjHh4jJq1FKWDrVYN/ZcnOHRqyd3FWWiTs1a21z8aq8R0aladLH4WjXhF8qqOCjOyaXxRXVW3vo7HfeM/2ZvjV4KE13pmijX9KhDM19o06ahbtEMNv2IzYBIwQAcAgAHpXzp43vLu38JT6Vr/hk22oQX0bLczWcls5wwLRsXVcnGQucE5B5wa+pvDvxJ8eeFXRNA8U6vaW5ABtp7hri0cjgo8UpIIY5J6DaT2PK+Mf2n57O3sYPil8OPC/izRJLwJd3UFlBa38uQMENGgLPtPYqCfxzxU45nQm44imqkLayg0ne8Wm1K62vpzW+7S75LiY3w1Wph5y+xNqS6NpNW0S+zJ3e9tGz4S0+Xw/eiQG3ltSFVQIskBsclgOBtOMYJ4yC3ODqf8IvBdKr2OoRyEktsdgrccKGAB5wMdOD0BIr7Hsrr9jX4rTTCxuNU+F+qzYURXYK2IdgFAXBxtB+78oOB0zgVfvv2KdXv7c6r8L/ABt4f8Y2c6loIoNRgiuSMZG2NH3lzwAAO27aAK9D6/SjyKqpR5bfFGSWrW0tVa6fVb3ejPJxGU1XeWHq060VquSSUmnZ/C3rq7b2Xe1z4duvCeqRrI8UBlGSCY8McLzn/Zz6DucDnNc1e20trBcxTxSoGtss5Urjaw24JOMZ7jHJB3A4r6T8S/Cb42fDQzLr3g7VI7RGZTctBJcQkHI4dVYgEDcCMADGMZzXkus6sb/Tby2v7X7NdC1cKDCyMzKM8s6qwwACOOnc8rXR7WjVjJxqxats7Xb0vr21tfR+u7872GIpWVWk4LS8krJW5e1lbfZaLv18rs769iaFoLm5JVAyMspGzngrjkdOTnjsfT0DQfiD4o0GZLgX0kyKy7UkeU5Oc5bawO4HO3qQSTmsvRvD6XtrbyRyhXMJJLcAFSx2qDgYXqeTg4PGa27bwpMiguqTqzbuGJ2gH+meM4PTrjNZxw9KUYudNTTSe11f3b7p6WfS+tvM3+uyhy8tSS5eS1m7JpLRdl316WaPp3wL+0/4706RJIdT1K0+zgOiQ3kr2yxY5ZoWOOMdDxzxn7tfTPhn9unxhbSWkOqNNr9nIjxFkxbsA+VO8AneUX24OckYGPzz0u2gsbXV28rZcTWTRxBDkA8AgcHB7k9Qc5OOubpaTJawTCWXMUhCoS42nOAB169znp1OBXm1cjy+vVU/ZRUr+7ootJNNaq221lfrZO+vs4fiLFUabUa05R0TXMndaPRWen3pXV7Nn3R8W/jR4D1rQrOWxtbuy1Ka5e51YeWQP3jbg+4A7j1ySefTIJHgll8VvAoYwTXcEEpJIMg8uRl6BicAnONxzgZyc46cg9wLyzngmiR5J7cIwIErAKducDIXqSQOhypyCa+UPijZnT/E9vFEnlf8S6EsFARSxzggdMeuTznAwcV6FGlUwkoUKU/ccUle/NaPKkr366Xsr2d9Xtw4jHU6tOeIlGM2re61oneKVtr33Wlrt+p+kGjfED4eXsYhl1SxMrEEl51wR1AYkA8jORyB1AB69vBL4A1CELHf6QzuMlT9mYEY9WO45wBkjnnjJIr8etMF48ihXdiVJVwxAAzxjr23beOOgyOT1Uw1K1jE0d9dKQoUASyIxzwcBWA6jB6nODjrXZ9UxEkp6u600u22463snZbavdO6szwXxDho1FTlTho7O+7+FtPVO3ruu10frF/wiHgq8USRW+hzYYgbZ0Vn5+ZgofgjggD5cjIPOC4/D3wlcbHj02yXAIHk3BJJAwehI5O45I4BByc7q/JWPxL4psynka1qUAA4CXMoCsex5B4Prjr/ABDitOD4o/EDT3DW3iXVFKA8NOxwCMEkEnGBxzgcnknrzypYlSbs5JLW616LT4tvLpvsd1LPcunKMORK9r7NNtK2+2+n5H6qy/Czw48HmjTzEiEBwl1KQSSc8AEDH3hjuAMnvV8PfDXwvDcakq6YLiOOYtH580olAbB+ViOVBJIHPqM9/wA17D9on4s6amIvEks4jPENwiuCR2IbggAHGQB7Ct3R/wBrr4qWs8waWymdnV5CbdEBwMfKQTjOBjjGT3OK53OpCSVTm6WXMult0ltZfPZ9z0VicDO1moqSi7uKs9l21a+d+2qP0gufhr4buInP2a5jdc7Yo72ZZAcgnZwA24YHXoPTIrBufhloUy70Ou2+w7TtvXccei7sH5uMHgr19/kW0/bV8ZK6te6Fp92oVQxUKrlsZJ4BIPfp2PXNdHbftpBlxfeESuSD+5lPPckgAruJ4GTg9F5AxtGtC1nGSTS1e3TXRbJvonpfpoZc2DldRqRj9yey952V+r26bd19AXnwu0x0Z11rXLfIDRkoZAMHnd05wO4bgsRiudvvhl5UO638VXKgjfiexYqc8BWJ7cjnnrxjrXIWn7Zfg+VR9s0LU4gxww3K6jGAQpbaAB2zg++MY7Cw/aw+Fl6u25+3WYOCFmtVkXHGMnsD64Jzj3225Yblu6cJXei+01p3Tu79tLdiYU6Um2qjetleWjXurq221bS+rfZbYg+HfiSON3t/FNoWG0LkSQ5APAAABwOQeMFuvWri+HvidpzqbHVLeUoo+aC7kUkn1+dTvO4MflI9xwK6+y+Pvwj1BiDq1oY2bI8/Nux9EKjBPHJO7JIAGK37X4i/DHUG8631bSVXkAfbtjMWPUAZ6ZGeRnOcHJrmlhcvqfHh6bUtJ80U7p8qV7xS73VvzYT9oleFVxaejU3daRelpWdrtN6pO9uhxFv4t+PuiLILK+1tEj2kG11OV1DLjDKm5jwOg655A9d+L9qD9ozQoQLjXdeuEgCq0V9bNcxnZgBSSWyCcbjwDgEdAT1sWu+Ep0m+x61YoW4VU1KPJU84GT2HGD36cDFWmbTbm32QatC6uvJke3mRuc44J3DjpjHfHSuWvkGR4hRjWy/CzTX26FN6q1t4rTfVN/mXHF5jCP7vF1lrrack+n3+j27nh3hr9pfxF4a+MT/GnWfC+k+IvEf2D7BcW93p7Q2rRbdiyBFRwJVQkbwPvHPpX19bf8FMfDtzBDHrnwh0nzBgyyw3M8T/ADEEqg8oBcdOQSOzc5PijWOmnUxAkWk3cbQMXklhhXJGA+3jBbJxwQOMA8GrVz4a8MTxsr+H9Ec7QAfs65fKkBhhCB3J/livHzHgfhfNZU3i8vw1V0YQpU5NWUYLl5YRs1ZK7Sjbp8n34bNc3wcP3OKqRjJ8zjyxacpct3K8t276uzPetW/bi/Zn8dLbHxh8JL+R7eHZDJb6oyGDd98Rkr0xwOOQR1PI6fRv2lf2LZEs4k8NeNNFSPaWW1u0nUOOcjeybhySd2c9OeFHyLdfC/wDdpH9r8I26Bly0sAaPrzkKuMDPOBnJXPTg1G+BnwvuW3x2V5aCMAt5U8oAJ68HgDjv1X5cEEmsnwBkEcLHCUqShh4NOFGM5qEOblb93bW/vPRbOy0InmePq1HVqQozqTWrlCKnK9rX0s2lq7ab9rn6QwfHT9ifWtM/slfHXjHw8tzdwXbLdadG6xywkugLBiSueGPzAg857+0aX8eP2Z7iG3tNI+NGmSSxJ5MX9rWjW4ZmG1mkChgqoCORjnI3dDX43y/s6/Dy6bfa69rVuQASBPK6oT8oUcAYByMbQBxg8GqDfsz6JAxNh401SN3K7N6Ftu4nKnnjI4z24wcYrwcd4R8M4tKE6FT3W5xcK3L7z5b2vddLO6fk296hmuYUuVOEE7pWine2mite+m+zSTsfsP4R8M/CWbUPEOsaV8X/h9qc+s3xuiP7QSBtzHiNvNCZHJTB4UAYOQK9NHwettXMVxpviDwdqJbJX7Jrtgvrj5ftIAJVehBI4Ax0r8G5f2cdbt4pv7P8dAlCTidJI2PoNyuBn/Jquvwd+L2nx50jxocoF2tBqd3A2PqspwTz1zn7vYmvExfgvlla86OOxdO6ilGUoTguVRjFJ3vaKSV7m8M0mmva4RSXxOUWk9eXWzVvO93e930P3W1v4F+J5YytpZW8sKK+ZLbUrGdiQDyhSY5BI46tgnIr8gv+ChvgW+0L4g/s4Jf2FxAl3rf2NxKVfcyXEQfARsbeAQBgY44zXlb6N+1TpYVbDxh4hZEXKiz8QXQDYyB8vmcgg8Zz1PJ4NeZ+N9R+PN1qHh3UPH517xDP4f1OK40GXV5zqa216jhkFuXI278YPXdgDnmnknhSslzKnj6eZ1arpU61NU6lJONq1J073T15d7d1roya+ZU6lOUI4WdNT5XzOzas47e7ZaKzvbXW5+yGtfCPwvqOnITZ2LNJY2KySqi7o1+yw7vMQqwbk4wc5bqpr5l+Jn7IulXulPq9m8CSxRvJb/Y9sYkYZMayRrkYY8A53FuCRuzXhul/tj/AB60UldT8NCdVSNXin0HzY3EagKC2ML8oAwBjsBmvRLD/goJ4ngtBbeIfhdo9+hGxz9mntsgnL5Cw4Uk9xjGMc8Y78BwZxDl+IcqGYwq01Nz5JJxUlo7a99PndXPGrTw9RzcOenNu/MrNX03tZWvt569Nfl6x+CfxNg1VrbSPDt/JHI+3y0XcksUZO+Y5O0xAZY46gnBHfndY8MavbeJ4/Dt5pskGuR3cMUtpb8ySSOVWFEQHLszEbQqkknce5H3XZ/t6eAZFt0vvhNdaVIFaOS50jUXLqsnDBQ8SkZB6ZHOTx1rxPU/ir8Adc+I0HxBV/GWhapZ3sF7AotY7wCW3dZMSFnG8BgQA24jdwGyCfXrZbnVR1lWwsJuNOXs3SmmpTtGya3SfdN316WNMvxlTA1Y1PaT5eaHMpJWeq21at310TXlfnLv4X+NNHspovEHgvxJa2o8mW3muNPuHjV2CsplbyyufukMRjnqcCv2W0nxX4q+Lv7FvhXSLNJL3V9A0++8O6HpsNrm/WaCJgqSpIokYOq7FxubOTgfK1cD4Y/4Kb/AIaPY6V4p0vVtRe1gjhmup/C9jOl6sYU5uYy56g8/MzYAPNeyfCf9vP8AY90PWZ9YfWZ9M0yW4a7tdFfQYbW0s76TcPtMOwkIVOMpt4PAHev578TODuMM8wuVfUsinLHZZm1DMIShUUoShTl70G7u100/K3S5+rZJxhl8FiqWKrxhTxGFdBpX3nytNp2u1JPlsrJvSx4J+w149vPDc/izwr4ht7qyvdPLKbSYSJJDeQnZMgjZQVKSKdw4wwJwQQT1X7Z/i9PEGk+Gnhla4n065XzSwJljQjdtDjleAAoyOTknjFcDJ4n+GviT40+PPiJ4N+NXgay0vxPdNeWWlaixsri2eUASZUIYwsjEtIAeSSzc8nvtQ0az8SLaiXxX8NfFMjAuyWniGAF2wAgKzFVLDjA75woA6fD4zw+zzDcYYXiSjw/imnShUxXsqcpVHXnSjGpG0L6c1vNtdNW+LE5vSxmTYjK/bwlGUn7KTeripxlFXWiuk91pf7vy8/aGmTUfg94guVaRZdttLJCSSYgsqpliOQpIJOD1znqa4f8AZS+KDfCP4Pa94piExLeJra0lWFxGr7oA3zNg5O4Yxj5lHUV9p/tYfB250/4OeL73R/D2957GFpJbDU9PvIQxlHyxxQ3DStnbsChOMjp1r4f+GfwY8TXv7O+r2WoWN7o1/c+IbS9js9Rt5I1e3a32m5ZiDhTngkHB4yGGT++5LgcRmnCVbAZjleIwsKuZU1Uw9anKE5UU4NytyxfL0ulst+3wFBPLsVCVOunOFKUlUjK6i9LpXt06aK6dke9af+2JHFrs+tXWni4lu1KpdTO23ypF2tCSpJ2qDwBkehIODZ0P47eGV8ZaH4lhkit5LC9a4kDyMSJJZdy+Sp4UKSQuMHpnAzXxrq/wV8V6N9kjFv50bPmNre4WRShOclS2QDwQpHXtyawr3wh4lspUzaX6urJiR4JCowAflPQBeTkdwTkZJPbW8N8mnh5QpYeVKNSjKla32JxUHFppb3Wmr0sludUOIMTHmVSpGpyzU4t2bXwuyvZW6262tqft78W/jpf/ABO+G+i6VBFf3Ik1BZLF5C8odlAIMag8KCOvOASCB2/BCTS7uf47anPqsctrFp/iOW91V9ozFBBN5jqSWGdxBUjPcYB+6fobw58WPid4Lexjt9SM9nZI8Nva6jC5iikdGG5RInVAcgrlhlSvQEfPGp61qmpeJfEF9dktda1PJNeXPQSSzOS6xhRjbjAG0sfzC1HBPBMeFcFjssw8YU8JW51CcW006tuZuLd7qN0nf0Teh52NzOeJxDxbqSdaUYpqSvy8ji4u6+zunrokk0uv6Y2P/BTbxV4Du9Gh8AafBaJ4XUWmnPLJt+2KiCLaYlGwxkAkD7pJHJOar/FX9pPVf2pvhit749WPSv8AhF9dvNQsdJt1VVvZtTUvdTeYAWB80KQh+XnIGQSPylvNEmm1KKGztLomN4ixCOTvYjkcbsA4bgADjAOefpD4c+D/ABlf6lp2izzCDStSvUJWdGdA8Y4MqqvAycewPO3Ga58R4a8IZTKnnGBwlHDZjhpOr9dTk6knJWqKpJy1jNNpp6beZ6+W8Z51UpVcsq1p18Jif3csO0lFNpWbv8Ci1pa9+7P24/ZKC+Jfgt4Q077ZNFJYW11HtmxmKKE4QLvzuXBXABGzHPUmvqTTtLvfA2p6JrGj6jJp98kpcanbYguY3Y5CrIg3AA9AD355Ar5A/Yvs/Flno/ijQtWtY4INJ1T+z9JnVAsLrK37zyzgEKxOQNvAPOcV98eLPDt5HZaQJYfkhkhDsnKls8knocA8AjGOCSCK/jjjmhOlxTm2EWI9rhMRWnNJSbjKNa0ox5U+XRqWj6WXWz+7wFWUMHRqRpOnOEUlfd2cY30TVtJPs1ZK90j8gv8Ags/448XeMNJ+BC+ItWl1ZIbzUZjc3LtLNvRkJ+dzk8DGRgZx93AFfiXfNG4DxFXLsFChFAQhT8x4yGOcnOODkYJr9kv+CwqJFF8FI4ZGKRzaorBgQhYheQDhRwe+Djr6V+NjJiXy0ZCijcCfunhcjdxknHryTwuM4/un6OuXwwXh3lNCEYqKniqieu8sTOTfe7vdX36n5NxrjZ1c1rzlO8nCmtUnblhG1no7NXXm9LvVrgNViaMyNkbmbhgmWBJbJC/16+vXnk2IAfzCc7uWG4FBkY+7xk9D1OSTn5q9J1iMhXYqB0KgMGXj15yBgHPdeQc5Arh5tPmZyAp+YEkDIUk4wcEgEenqB2xz+71MMua8VbqtN9Fb87JNq71R8HRxV5SvPmasrttJ635Xbdrpfe+2ydESuF2xT3CZY7X81yBtPHG8qB908ZCkcVej1LU4RmHUb0Pu2krcSggdAMlj0B457gd8VCbOeNSjIeCOCMjBYZPfIbB4HHHXJzSpCUUjcOGBOOCeO4yenGTuPUEjoahUpRlpJ3VrKzuvh1tppdW1fVeVuiNeTcbvor2abW2uut/1utrJa0Xi7xPaFWh13VE2YUlbuUY5yAcsemMgKvzHAGRk1tQfFH4i2zh7bxXrKhOEDXTsBnJxjcRgdhkfpXFiIyM4AK/OD5ZDY29QRkYb2zyfcdHxQkEnDD58HnaBwARjqW7/AKmm41o7OerSer6Jbp/K7s7fzGsayv8AFfZp6Lrro91+G3y9Y0/9oX4vWPyweK7x0GM+eVc8AgZDEDkjvjucNkAdTp/7Vvxbs2V5dStb10yD9otkbeW4OSPlYY4HU4x1xmvnp7fAkMf3d5xg5OTnOT/eU5A9uC3pA0QAzsCkLlgScZPBJIzzj/Z4zgnvWc3iE1ec7dr3VtE7u/Ree2nc2hXjouaN7JK6T6p6bJ9Ndr22Z9WD9sjx55SRahpOi3uJgQTbIjHtyQpOCSflzySeCMV9FeC/iRL8W9GTU76wsNHZXFvIttEgIKjcXDAKRzkDg8MSSetfldqpKIoBRSCMkZY9VwTjgck9OTyT1GftT9n+5J8HlmY26rcD94pwWIJ9CWOfQD0OeGNeHmOMxGF96FSTTaTWrVvdTulfZO223mrnfFxqUZe0jGSVtLLoklrrZ+S2fc+uYNAacrEuqu2GYAhycLlgASWPOAcjjg5BOMHftfDWqwKvkaq5RztUxu+5Pm4wo5Df3scnn8fOrGd1uF8u9njQkMXBdV3AdweM9+nIyRgV10GrahBLBJBrDZGcBySp5wBjDA4yQTn06da8J59Whv7OWitzU1vaOl2rrZ7rVdE9FzrDYXX9xa+9uV3V02kktUno7dHvdo6mPQPEskjIviG7XC43v5iKoGQFLHgkdOvJIPOM1HP4X8XKsvk+M71ywBZYy8hB5Jz1OQCemQV7V0vw71XWfEnjnwr4cvpXnsdZ8SaRpty0aKnmQXV3DHKofDBcxOcE9zgYzx/WOP8Agmd+ybrmgaWE07WNE1GXSrGSW8g1CQj7S9vGZZCoXa25yenbt1r8b8SvpC8OeGOKyzD55ldXGzzONWUHgaeHfs40pQi3JTnTd3KSulJvbVH6Pwd4XPjTDYqvg61PDRwsoxbqQnJOU0ny3jBySaV3dNPz6fxx6hpPxKtSXs/iBcRlPvCSN9/AOASFySAcHPcAk54PEX0nxfhn8y18dR3BjGWYytGy/wCz8zAAHAJHI46jFf1j+Ov+CM/gfUlvZvAnxXubVpo38u11PTkuU8w8KjSuwPGDubZ1GdpPB/DX9qr9h74n/s5a3c2niSzt9W0q9LnStcsZvLt7jY2CAhCKjkgAKwI4O0jOKvgr6Q3hfxzj6OWYPEQweZ11eng8wwyw9WpJJNqnKSdOpK13aFRvR2vuZ8ReC+f5DhquOlhaWMw1GN6tXD/vOWL5VzShJKcYu3xOKS8kfAmn+M/j3pEoWPXTcnzB5ZE25hj+5l/ukc/dJI9CMD0rTP2gP2jtFYOkhuUiYBmkiEgXAH+1gZB3cDPPHXDcQ/hvxGl1FbrpOpiWLCmSGR3AH8AGwNhiBn5c7iCPcSS2HjS1E0bS6nZorg7Xsbtl7ANveLkAdcHp3zzX7Q/9VsT7tWWAUp6JXoqTuo6JOUX1d7K2t9j8sqZHUvzf2fUlGm3yyjSfu2UdXypap3vptoup3Xiz9oD4t+K9AuNI8TaLbyxXUUuyR7by1ZmjdQdwU8gH5egz0wMGvzi+HHhbxNZfF6znvtK1CKBr65d7mKBiimR2YbZMbeQSCQThRkZBBP23qXiDxRYWwSe4trhVjLKZ4DzsXOG4GGOAQpIx3r548L/tC+I9W8cw+F5NH0+NJ9Qkt/taBEKCIlQy/KMbjjo2MHkkk1rh8FlOEhUWChClCab5aKvCVrWel9b31Ts7LZnr4LDRow5YwdOV1zRas72jo013a20ey2sfbej/ALMnwb0dC3/CK2c7qu+E6ldG5ZgM9UIySRkY7Hgg449F0PwJ4A0PYumeGtHiZ02j7PpEReNscBZGBJIbBDADrkHg13Pk2+FYKjeVniRsuWbuPQjGR1zjuKsxy26xj5kVo2JACKG3AhlGAvIXGT8uCOMjHP73TwWFppKGHoQtyyXLCKu7rqktNPv2vqn8A8ViJaSrVZaXfNUk+azjv71nbtv0SsyhDAsNuEtbKS1270aRRDEu3GOVEYx9CTnI5OMiWO2hmiRXty8iAv5kkzEOxPcJgAZ5APOO/c6Jurfy1Ytu3ghoycNnrkgjDEgZxgDo2COuf9riAAibbkkSDAYBOxOBjGOmccgk966lTjFXsopJaKMF/L2Tu9L76a9jGVSpJpNt66xe7uo6PRu6vo9o9S+YoY40dLa2WUKwchAxcEcsc7sDnGfXAbOSDiz311bTBYJQgmIii8qNVZfmG8g9eANvAGRxkZBFi7v4ooiEYKEBVcH5m3L3BB4IHBx3HOATXK3N3AZot8pSTDurbiCH2jHY4HPOMdMYz0m8U1a3qrXs2kt/xb1dklo0kWk5e9zO1ld672te11p8kt+unUrcyB1aSd5t8WGLPsAdc/JtB+YjA5IHXsc5ja4eZTldq7XEWSSdwB2ndnhuepGe+TgZ55bqB4lAcMwBLOzbi5OcgHoGJzyMHjPPWnC/AVoQDtC4G9iuByxAxySDycDoMcnGI3k9UuttG1eyu9m9fw3dlpahFfcr+rskraWW7XnutTQtJrlI/LvGRZckRtGcghnblsdWOfvE993rm+JjgIVBZPvMzHlV+9uyCCSRnsM46c1yL6jGHPlttIBOAeOwUIWOOR/tce/Ipo1HADeY2W7szDOQwHTIJwSOucdACMVMXGKu5216Nf3Xs0mt+ndJtWCEfea38k1d7NW9em2vrr2TXkMXKOAARJsAySMqGBPXGOozk9+TgStqkQXeNqswJIZjk7iQuF5OOn0644WvPJdRdGVA5B43ODlcHJ+Yc9D94ck8gDIqBtVUM0YkJIPyncAmcYGSThRjJIJ4AAA5yIeKhF8rd9b35l1ty6au6t0TXmzRppJcrtt/4E46fzPRaLbVNHoK6sv3nZQxKgOeCRxgEY5HOMkDuRjglW1QOSd2CuSyk5wFweCw6ZycD0I5DGvO21FTne0ZbBO4N0GABx0OOCM9TyOuaqjWGVDy7SA/MzkKoBIA3Lnoe2dwPp1zDxNNNuUopaJN9GkrW2vvt67GkMPN2tFvXtrsnpo7b3stdHdpnpr6rILf5TkhgQxwTjIwNo52joOxxgDFRrq20NvcK4DMzKfmC5ODtwMA4I4A6NyOa8yn16KJQ00scSl/veaFBz3GCep5xjk8Z7HLuPFunRgyR3oZmbbsjDSMACPmwAB8x6AHnrtPBGP1+jB2c4u3o0tuiSbWr6+qNvqVa6UYu7SWy0Vk7a3vo+90310v6hPrT7WcOqHnjGXxjGcjg5PGAOB6nrzZ1x4yXIJJRjkMWwEYnAUAEbsDKnnoAcAVwNz4re4Uta2t7cj7jbYti4J243dOeoAI9TjGa5vUdT1yEFodNNujbY8yyASHzDyFDNkZxnIx3XkcVw1s1ou8U27NKyV7PpZdunTd36ndh8DUg4yfMrJP3lpdculm2tFZbL77no1t4hb7XdzhEiknZAr52nbjAXA7nHIz6HpXQHV5mVkDBFKq7NIVKsQCSUIbj0yRyOc8fN4va6Z4iuELM8NorfMvmAvMo/h55G5iSV+UHkDOFyd2PwnqcqB73Wrwqy4ZI/3YAzuBxu+6CBg9uOCM454V69VJUqVSTsnezT1t1S+Ta+7W50zjRp/xKkUkujt2W2iutmvLTax6JL4gtYXH2meKIeUu0F1IB5IBAbaBgEY6A4+8DtrFufGuk2zES3qgEY2xZYqCpxkrnLDAXk/N0wK5GTwv4dgQyajqbjaQSZZ90jAcY8sHIG4ZIOQce4FW7TR9Eu4nj0+xvdVeQqsUdlptxdyNghchkjIwOoycexxW0cJm9dxhRwtSo7pJRg5tJqOvuxe602vbQ8rE53kOAjKpjMww2HhGzlOrWp04pLlu5SlJJJWjq2rq3mPuPiLpyIRaQ3t3MrMAqp8hU5O7IAyPQsw45ye2LL4z1u6Qmy0PYRzulkABDZ5IOcrkcEd8HgEE+/eF/wBnj4r+KzC3h/4WeJbi3ZE8qeawNhAUfvKXwSD94DbgLk5yRXv+hfsE/HTVokbVdN8KeGIVKsDd36S3IXIPzwBSS2OCoPYLwDXv4HgXjLM3D2GW4tRdknKlyQV+XeVSyVu9/Pbb8xz/AOkD4PcMxqPMuM8jhOmrOlSx0MTVTTS0p4dznJ7prlbeqW+v533V94yuIN5mtrKB2ZY3t1aWbDcE4AJCjPU45ODxgVV/sfVr0Zk1jVrgrt3tGnkx7jgkEsVGMDB4JGSeeDX7GeHv+CdsCPFP4n+JhRGTEthoOjjAJ4YRzFyM8EbwMsMfQ+vaZ+xV+zR4XjS51+88Qars+aYaprUNjatgAZeJ5E2g5I24OMnPHFfVYPwU4srrnxk8PhIt6uriotqN43bUHPWzs7tX120a/H81+nF4P4SU6WUSzfPK6S5I4DLKyjUaskozxCp810tLLdo/CIeGrSP5bsSTOdpaSWdpmUtgBRFHu3DcOQVOM56A56rTfBtzqe2DR/C+qapOQqf6Not1KG6EqjlACpHK9iSeOOP3Fu9Z/YU+EsSm4t/hxaXEGFLX13Dqd5hQWx5a+YDKMZODjd83c44LxD/wUj/ZU8GBrPwrbrqkkIwsOheHLcJIMEbFkVM9c4Jzx1Hr63/EKchy5KWd8VZbRlFrnhCrSdTS389RSvfq4PRXtZa/NR+lhxxxNeHBHhJxTjudqNGtjMLiaWHbfLZuVOjKHLs3eok+6Pzn8N/s1fGLXIYjpnwp1MRT7RHdalAtlEV5AQlgCo6H5QMYzjAJr3bQv2EvjXq8CNc2HhXw7A6qJFlmFxNCM4LFcct13EHOfYLnd8T/APBV6W8M1v4G+Euo3WSRDcarK1rCAB8rrCF2jIwcDHPqMV81eKP+CgP7VHiv7SmkWujeEbeWQoscMPnXKK3A2yDBO1cHI+UEZHIIM1ML4MZMmsTmWJzKrBK8KMXKm3p8LhCnC3T47L1diI5n9MvjDl/s7h7JeE8PWleNTGTj7WmvdSTjOpXnzJtXXsVq+l2l9n6R/wAE97mHbJ4r+ISWxCt5i6bawRw7FCj5pGkUcY69epOSMjpn/ZT/AGYvBlnI3jLxrNfNENzfaNbggR1zuZfKWQ43cdfXBJr8ktc+LX7SPi0XEniP4q6taQvnfb2169rGFPUBFYEemVYcV5HqwFyjN4g8V6vr88g5MmpXBLuGJK7C+HPXOAPcHGa8yfiP4W5TFwyzhKGLk78lTFqmk2nHV83trab6eTPZo/R4+kpxKoVOLvGKpl1KfK6mFyanWiop8rcYzg8LtF9E9/LX9IfiFrP7KvgPX78+G7XQ9XhWzZYNsyXctu4IwQ/IZyDljzgoQD1K/K+vftLaQkskPhzTjHZ7lRIYbNSWC4Od6gbcrwOc8496+Xo7/wANWcV4V09d+VUGWUySlR3GS3zdm9QTjuDz8Xivy5GFvYxxpvZlHlKu8DJHJxgbWwRwCeoHAHx2aeL9edOrSyfJMtyyjOXueyoRlUSure9yxTskr2Vr+Vj9q4a+jRgsDTwkuJeL+IOIsRQpqNSWLxlX2dRtxbcqaqSb0uleTt+J7rrXxh8W69vTStIvrdXyDvkKRSFiOXHHykdBkc89ar6d42+LNnIq2er2Xh22mUJcnh5nJXl8nJBwxGQPlzwMjA8bn8UaxMVEEnkCRQGUHhMYIAwPToMA9BknJqhLq+s3AZWmeUqzfvHPzKmMfIwPCjjjHB+Xp0+DxHGnEWL5pvMKtFttqVK8EleLsuRKW27Xz8v2zLPCrgTA4eOH/sbD4qk4pTWJh7eMrJWv7TmTV9NF016ntF3P4h1GZH8Q+P8AXL1GZg8FvcyxwyK2CVUh1BVemR7bsgc1bbTvAFizXF6X1F4maR4tSvZZXY+mCzgtuIOemCucjG7xqW4v5kRmuppnRRtKM37tsjgE4wADls9OM+zAJZg+4szBQrF8sWbnIzkBeepB5x3rw8Vm+b43/ecxxddaK1SvUklsvh5pO3fo9G9j6XL+FeFMpsstyPLMI007UMHQg7pxV3y07tpp9Lfieq3PiHwpbSrJp2j2sJZ3IWO2Rw6jdtCu4Jz/AHT68Z45y5fGkqyI1vaJjcQomK7oQBgbAACB0HU4457DhI1k+XzAGwAFBbBG08gZwoPPJx8vbIDCmZjMrvJICEYfuySxywUgkjtnnOAfcV58IzfvVJycru7bvdd73aVmt32t2PdXsKaShSpQS6RhFK2+trrtrbXyaua2qeJNX1FgjzxrFvb90kajO3jg8ZHGMd84yDxXPlpvNDmWRMkORHlT0OC+4nHJH1znG3NWJriwVXJKgqcjLAsc8FRg8Dkknj0OBxWTJqtnE8gUbt25QGOdwPpt46HPOD7fwhctJP3pX7XbVru91re91vf89cpV4Rk+VpJcqW1+jf4pbNJ9OjLjQNcN50/nylfmG52w4PGD0A4xjGS2D8oJqa3srcEygIc/Msb5KjHqSBkYP0A6c81zb6+qDZFGzKw5BJ2jk4x6gdsnGOOKpya5eyv5ZQbRheAASrfdOVBIz3GM+wGDU80I6fE91fe2j87vte60VyfrEXFXd3bVt3bvZ7J6NO9rLT+ax2r28XyE7FGdwDkkM3RhnHyn7wGBxjPOeUL2sWY+wRgxjIBLEnJbHYckcn1wOlcPNfagxVFkIBcEqSDt5wO2Bxxk4z1xjpUE9wrMCzksfmycAjPOWwcZx0PII55BrOVaMWrRi29Ho1ZWXS931drrvroyfrM1dRikrrfTXS1tbN26XXTXQ7ttQsoY5APKB2qpYbQzNkcFCcsQAcd+OprGl1+ASLkM7IwVVIGGzjk5IwQSeME/XqObdWdlwSTv3YX589PvHPAIBBz6njJBCrHEoWSRkQEsd28KF55LEsPmGATwRg9M5rKVZOTSTV7PlSVruzvraza2T0ve/ke2qSSvolZ+l7dWtNraq1tNbs2pvEk5DRohAZiCCwGxcnaV4ON2RyQMAjJz0zp9Tv5AdjMob5QkZJKbiSDk53ZGOcHtknGKw7zWdAsiftd/APLZRuVwzMeByAcYGCcYGD6Ba5y5+IehQsVtWku0QnyyF2rznvnGeO/GTx04jmk27vsunzum/wAfloUqlSL1ndbrRPZrVJ2V7PTfa1rWa65hdylQzMzZy4YZGCDg7tw4bgDjg+oFWAWBUM4jRSGIJUHhcEg9+gzxxyc4yK8c1D4h6jcbhZqlurl8gkMVXoCOgXIAXHr1HBFcrdeINTvVBlu5WY5LIjkEAHI34YdTkAEHHPPWs3ZySbb9brqna9rNdG3bpu3pLqptptvXv0vF2el17vZ2vaytZn0bd67pVrETNfRRGFcojOGLN0HA4A4HUZAz7iufi1j4fXJMuvz3t9dMweO3iBEQOQNuCuCufmI4BHpyR4JLPcT7Mq0km8Nhm3ZAxyc5AwOnHOQMYINdZ4d8M3fiG5jjMsNmIWD3c7vgpACMkDqcLztGN2MqM4wq01GEpP3VFJ7qzbtd2s9kn3323JjKVRxpwi220k777bSfla1rJcr2PcbbVvCE7smi+GHkt1ALzNCxYopySDjAYNnIB9QDgla6Ua7JH5UVrp6WcEY3R8LG4QnI+XaTgcHLdwBkcE1bTUtL0iytdK0lklMSmOS6W3DGfCgnLNnIByenJ68Vq21hquolHs9Gv9QlkYANDZXDlmGNq7ViYHPRRyCCDxnFeDUzCzd3GEEk7yaWit52SvZ3W631TPUoZXWlyy95yskowhe1+W17p28reTvpoXGtarfRC1GpPbxAh22KdoXj+IYJ7NgjjoTkVSl06O5kXztQnnIIJwXEh2A4+bOTyMYJ24OetfSXw6/ZP/aT+KFxb2/gr4P+LNWF0VVJF0i4htQznIdpZUQbQuOF5OT0zx9o6F/wRw/bj1i0/tTUfBukeGrSV44lOrXq2csZfC5ZWG1QgPzHPHOOea8fE8RZbTbhUxlBSVk486m9LW0T102XW+r7+zQ4bx9T94sPXlF21lBpO1ns2l1bsr9X2Pznh+JGspb6D4U3zR6NZTxboncDzfMYFonVeHB5KhjkkAe9fUEbyfZ9OlsrG0SCSJiIXABVgoG9zgBRkHAwRxzkcD5f+Mnwl8V/Av4qa58PPGFxYXOu+EJo2vZLJ/PtJZEOcQTgBZQAMFhjnsB0pxfGS7DmPypvs3kBABKADJtxgEdASORnPOecjHyvEPDWIzmGGxOXzkoSSnNq651NxlfrdNN27N7dF7mSZzQymdbDY6L5k1BLeUXHlTtpotLPonqup9CXXjHWbGWZvslveWcLkbMKsbSkkFA2MMFOQCMZJGDkc3pPD138QfDl5Jq2hRW9k+5/s+VjupNgOCjAHIU49SMg8cmvnOz8bXc0Uj3IJtZHciLDF1cA4LOASCCAQeSTyM8AWE+KXia2tDBbTXr2aSuqiMSGQIxxjOzKKBz6EeuBnwf9Tc7oujPBU3CtFxlKb5ryXu3TXW3Zq2t31R7P+seV1lKOIm5U5xklC0dLqK1ur2WqSTezvseTeKfBt7pOp3SR2UsWnwljE7MWCncxKnHAYAcDJ5yqjHA4SSMCYGRzhFOC2QC5OFznqc+menoK+gL3xJq1/ZuJND1GXzZRtke1mcSkg8gtHgklsjGTuAHXIHJ3vw28cX8Et5Y+CvEV0i/6Q88WkXjxRxsAxZnjibCg53Yb3xxX6ZldLMo4eFPH0JRmope0UGotq10rK229tWtLqyv8Rj4YWpUnPBScoNt8ttVflstOiV1fS63Xbxe+unQlQSwICuScDBAAwecBQMjjn1yBuwb2a1CsrzMVOAgQgjJB3FhzyMgdc5OSOmOmn8IeMbuV4bXw9rdy0k/lJGmmXRkaRThkVDGGJQ4Bzj+o5PXfDHiDw3I1lr2lXmi3+5XWy1GFoLllY5DLG4DAMByTg+p649mnCC3sna9mtb6Np667eT2s9NfmcQ6vM+aEopu15XS1aenNa6b3113SsrGM6Qg4Mu45BAz94Mc4OeflGTzx68gEalo4tVbfvaWRwYyD0OcEEg8LyvP6Dg1f8OeHLnXZ2jJSBI4smeRQAMfNsUnG05A4zycjJOMd3J4QsdP+yvqFyixx/MwzksQPl3E5OGxwMHGD35or14pcju2tlq+q2d/1ttvsY06dXk5mo2ukn2ulv2autdNEcbfWGpX0KTLE8hwoQquUDY6EjAP948Hqc+p5K7jvrV2N9CwVGCIMYIzkDO08gtjqRgZPGMj1jV/Fmm2Vo1vbqq+WG8tECjLDIVnIGMMOnIxxkEAg+OX+pXN8xMjNIhJZ1bhQpyUHUZIycfMTx0yc1OE9pKV5JcnZrdLyWva2lm7aJGMoqK0ldu2nfa6suqvdX3t8zU07Vhu3lArJlRG38WOQwAzzjntnBIA7WbrXrydFjZnARtyKhCuASNuMHJGfTntxyByyKishkbykIZxg5UscgAE9MsABnjbwBgZqI3oWUNGfNZPlDEDdknG1R0BP948YPTBNdM6cZNNJ6vZ62s79G9G0k01fTXQlOSST1W1rJ3vZtflvsztY7su8RmSbZt3FdxKkjuQTnPc5565waqX+oMdqNG4hBYxgjLEYJHy4BwCT3wOuO9WvCel6r4s8QaN4c0a2e51jW9SstM0qyhP7y+v72ZIbe3XJAHmO4BbIPOfcfqv+1H/wSI/ar/ZD8LfCPxh8Z/DmjppnxgSz/wCEbh0rUI557S7voIrqDTb9cqY7qSKVNyZYAtls8muTE4vD4Fw9vVUXK26SjqlZ9Ur7KV021pdK56WCy3F4/TDU1ObdlFO0m42cko3vJpK7t0d92z8drgylHPl7y5J3FCMgHIXJGBkDjnt2BJFGa1jKqx2xuRwoOSzdCpBAPUkBscgKBjJr9T/2kP2B/jh+y54X8HeIfjP4X0TwnpHjq1gvfDgivYLvUJra4tUuIWngQl4g0bh88gHjcOQfiWx+H+iukl/qOqRyQLKyeXEoDFCeCOQQBgHcPTnrinSzOhUpqpSkp03tKOqla17Wj0vrsrapmWLy3E4Gp7HEw9nO0ZOMk9uWPduVmrLS9vvPnj7Oys+8EZJIOSxIXGOD/Dt4zyPXoK0tI0y/1G6itrC1uLyV5RsSKN2DA43KdoJzjDEnAwGI4G0fa9p8PPgrFpdtdf2nNLdNAVlQPmVpupUKScDPJIHAyc4NdJ4f8QeDPB+nf8SLR9PFzBvSW6lWN2ZmypcttJ37TggYyRjOSDXlY3iF04yWGwdepU2TlHlhzNRs27uys3eybsrPqcnJFRTbT6WSetlHS+qSae9r3d9TzPSvhjomhW1lqmqCOe8ltBJJp+QpicjkMDuAK5wXAJB4HHXyvXo7e11dpYbMG2dpAqdVRAx+ZsZ24K7icA5AGRXsHibxLDrl4XSVYBtYTOjEAqTuITvtPOBjB6jAxWXovhiz1S6N1c3sT2CSZaJsM0sYyxTccEBtuAVGAfcVwYTGV6cZYnHSm5zf8OKTUb2tGK3td2utNTDRvSybf2Una7XS2vqr221OO8Cvey+OPB8qREQLrlkY3ETNGI/tChj5mMYzwSe+SASMV+z+oRK1xI6EkRhACvclIwQCB8v97PJwQSwr8wtJ13QovFfhzStMsgqR69YRhyiiPidR5aMBkZJDE4bLDB6V+o2pMPOnYYCqIg6D7pzGmMkAHCs3BwByQRzgfpHB2IdaGIn7PkacOVS5m2mtH0v9/wCbJmrw3dubW7V9FDX179raIx7RsXAZdw2yclgeQepJXJ+Xjk568E8E+maSTKI+4ADMAMtkjgscDPzc59xggivMbWRvPGzgFzkA7sHOADk557c8jkc4A9O0jGFZTyFG4HOTgqCeOcc/hjuev3VSTVKz5buN7a7PXVatPZuz7NXMaDaqJLbmj57cr/8AJb6LaPTuaOogxwz7CEUIqqSfmAbhjgjGCQccjHJBIqtZiNol+YZVQcMCdx6dckevoPUZxS6qjSxTkEBVAznksSAeOhOD19M468FliCsSKMbmVcEtjr3xn34HXjOeK+LxMn7Vrmb1Wkr3s7eWslZatf8AB9WV+aKfNqklfony77dF11bS73V1wxTagC7XRn5OSrMDjbyD0+XngHjpX5BftosZvjRdJM7qRpNjsixjeAOPTPXPvgd6/X6QYRixAkDDpyWOR0OMDHsegzg9/wAhf23LeSL4yfapC7A6JZSFVABCj3z0HPGOzEYFc2Ji/q7dr+9HW2u9v0v99l3isv3V202+XaL6Nau9umtuttdj4mvLCWGSWVRlXOUzx0ySpHAzjjuPTjrkyFIU3s2CWUuASj54O0+u05Jxxz36HqNSeC8hVLeVkMaebJ5gzlsHAGeDkDnv6+3AXUnzs+8swOOe7LjcSAMZORzznk5GefMpwk/i0dra2VnpdWstNtdtrefGneVldu9ul2rx10s3pv1tYkku3eZgjMYycsnTAAyMgHkNnOPrkjHO7Y6k1wI7WSQpEo37yeQq4AA3dM5xzyB2rl1JYM4+UlCGTC5Ppkke5wegXnsAJYoyQsgBG4gARjJ6chtvUc8dM+hK8XOCs7bWb+XurvdbvdI0tHS/r7t37t46396WjTdu8tH1fU36Lav50U++N0+UIxbpjkDqM59sdeRmug0O9S8dYprkLGVwybj8oGOAemWA5Y4xnqcc8Bci4HySAqEQFcq3I4yMEj5ju6Adeewqxp9w0MxMakKyqrbtqhTzg8EgYI6YI4wODgZSpRnBxd3KyfXunZW6Wuulr6J6iTjLlVm9rtJu9uXZWvffm/A9YN7HbSs4jL28XMRccBsknGRyQCCAcZIA9awL/WXuJGeImMuzHzB1cdgc9Ae3Q8cfKKwrvVroB4ndXVkCqSo2gAY3YxkEZw31AyR1y2mklSNjhUU5G05LY43dB1HVQeRjHvnTwzhL4btbtq7u+VJbaWWj1T6FxhtZttJO1krX5LNyXZdFJt6q7asu30Txfq2hpcxW53GdGDBlDBA5PIwTjpz64zjJAqlp91PcXcsrjzGkJkkZwdxLNubbk5XILAAHOOmetULKdFVQ6x+Y5IJJGSpYnB68Dg8Ee5Wrowl0sduqqHKqzBvlJYg4/hOeuQM9O/Ujp043aiouTsmr67W10VrtX/M3jzXXvabJddWrK97Pr5d3ezl0Oq+Ho5rNNYBSJS4ARQSWAXAKN/snIIA59ODVzwrpumz6lFJdTYhiTcxdgnmMQAGyOfkByBjHPXq1ddaWNvfaatpPJ5QgUhVd9sby+WSrggnOScKDwvQd64G/0/VLWKSYhVgiZVjCnO5eWBJHDKQAxAPUc8jFcvv1IyjKTirO0k9d4p30S7LbTz0PRw9NQlCbip6JtJN9VddlZ30S6Wep12safp9zfXN1YebNFDH5a8lmmbbksBzuUHAbjAHzY520ujfD3XtVtEuo9HuDbyybvtvlsLWNd+xlMu1l35KgoCSCeB687oV5JHNaEhws0yRzhyVRIDIPNKZIx8p5BGMdTwMfr7L8T/gvb+C9A8DaFZac7XHhKH7ZdwwRLBp2ppGs0l6Om+6kkU5ZnwATjjJr5LiTPcbkkcJTweEljJV5OMpe9yUoxUdZNKV3eSVm1ZJu+iP6u+jv4J8JeLn+s1fifirC8M4fIsLSr0qVSph4V8bUrc7UaSrzgpQpqk1Nxu1zRVkm7flH4j+Ger+GCo1K3ighnQzQM7ZMikBlZwcbd24HO3qxI3FcnhsQ2SSCYKpVW+8cEgNhRg5wBye/BI71738VPFMWsX93dapfzTGCLyNObICvDEcISikADA4JAz3Azx8w6xeCV/OVnkRhsUkZyTxu/wBlejfMCcnIxkmvocnxFfHYaFTEwcJ8sW4tNWiuVNLTvd3s1pvdn4Z4lcO5HwxxLj8syPHf2jgcPXnToYjnhN1KcZcqlJ07xina6tolpfqa1vqaKzHCmNkMce1lG19xJbJHAye+A33c4wKivL25mQRKSURwq4wAe+NxOQBzyQc5PcHPFzStEAS75BXG0AA5IBOFbsAMZOR7YxWpBfoMRsrEbWKlm284wAQMcDk5wOnUCvVlQSs7c3fmaSWqv2ejT1026H55Gcm2tY2vo1rZ6pu+yT2WllvzaGtJdeSwjdd7KuQxOQAxHBPX7w59znI5pJtRZh5W0bhzvGDyRjk8bvlJxwTweR0rGuyUAnxlnwNxPynHX2GBj8SegqjJM0KYfkgg5+7nOOSABu65HI56Yqo04vdp2V/i/wAL2dnfda66O2+uDb53q7Jvuk/ejt+D2v7umqsdBYSfvC06MUJbyyAQCSfUdifm56kk+tajSrLMPKO6NQAcsdoIGF3AYJwCcZPPY5Fcsl7KNiAhgvzIc4XB+6Mc8jAwCOT0z0q/bvMZAp3EupdwqsQmcgZZRgHpgkjnoCOtOnfytZrRPSy1s763e718jVNu/KlrZW2+1Hv0Sfm9EtVa3V/bGCxxTNkKN7LkHnBxlV+8PTqRwc5q/YSYcBwxyWKEbQQ3YDgggfTnH0Fc3BC08kZRHd3CwpH1LOxCqo47ntjknIr3y+/Z8+LWh+DoPiBq3huew8NzIskdzJnzfJdQUm8rqYmUqVbbnPU9CMZUebRK9ur1XLppq9E/z2vY0hKTstXs7J6NpRfVWasrdHbS99DjYzNcwGOaQSRF/wDVhg7bcKQRzkD5u+emSFxx69+z5YRxfE3TSqtGohuAM5JKBQMMR0Ge2O+eMYPiPhzRtf1W6EGl2s91cSSHZDGkmGy2CTkFRz6kAnGBwa+3/gZ8GvGOgeJLPxPrFmLWwit5DKZNzSCWRflQYXK884GMdAcdeWjT5MRTjz8sfaR2TVtY7bb2vulfq9TrpUZ1YxlGnKyfvdpJcrT5uu2ienqkfRd7GnnO0e773QjJLFux4/4DyMY64HzQW8pJZSGVyfl5OTgYOFGADnsc4wDyRxs3qRmdtgCbmYk8kYDEkgEDk/mCSeeDVW3iUSEbQCxJZj1G73wRk8jjn73PXP2qiopJaptO/V2UVq33XT533LUNH7uq+SVnrdbX2Tb17eXmvxBEog09iGDeaWBJAAU9cDk4yS3bjjsBSeBpg2mhGIAa5l3SOQV3c9V6bhxk46heueNT4jQbrC1wuZVn2qchflYj5gM/NwMEZyCDngjGT4D/AOQVLwuUvZNwHzksQcHjHIyDjAyRzkZFc84J1E7LdPbXo31k10d97XtozWm3Gz0vpa9r6Wtp93Z/fp2kzfdyd7FT869AFYfdB4Gem0DjBAz1qkf3gbKgnICBjnG05OR2+nc81pSqSmSoOWBLAEEBSD0zkDnG3lTweD8tZnlv84AwzEMDjDfNnHGSANuMY5ycYFaezV3Zbq7dmrpWVnbd6avZP5FN69Onnfv9/e9rv5HvP7O5Y+NgxCD5QoAI3cZGEB55Jzzlucnvj7v1aFHLowDMwyBnkY4K4yc5IPTAGBnPAr4R/Z3jx47Qkr+7UAIMg9DluvzY+YBvVhzX3hqZWSdyoAKHAXPzEkE9fU8lQOgx1zXtYSDdJJpP3lpFW15VeS3d2ldvfqedVk4zdm910TTVlq09LrTTV77aX86vIxE6BicbiG2thQpPynaoHJGB0Gck+grr/Db4u4CjeYGliKA4CqcjbgnHXlMk9Sc9zXKarGol4J3EjcBySOgUjlcAcnOOxHYHofDpkNwioD5cbROSCdxVSGADA+2Dn7rEHk8mppRcpSdr92nGz5fuuo33tZdlYmLTknq20lfo3oltbe9r7Ld6tN/Fv7SGhw6r8UddS5ik82SK2VDGC2FVCckY5Y8eoz06kD5Zm+F2t6vq8On6Va6jI2o3MVlp8VvEXknup5EiRIlGCzSEhWxgjcOQCMfvFa/sJ+M/i3qk/jpdYstP0fV4YBaI6mW4OBhiAMFRg9RjPbrivZ9G/wCCaN5on9mazYa/NdX+jONQ8zY0Sxz2+JVdGOQipKqEYBzk8bhX8xcV+JvBWW4/MsJVzrDPGUK9WnKEW3KNVT5HCXL2luktl83+sZVwxn1elhKywNX6tOnTnzyajzQklrZXeq1Tsnazsfhj8Wv+Cef7SHwS8CQ/FHx/4UvdI8ITC1RLu4lCzRS3kXmwx3UeSFJTBAViTntXyhexzLpBtbCZwBF+9XaQGZsfxE44Kn5m+7jnA4P6bftmftk/tE/ECTWv2dfiRrwvPC3gzWpI7Czs0KTXs1jmO3e6lADTCOPIyc9RwOteN/s2fBzwZ8RtQg1T4iaqNJ8JaE8V1qdiqEXmtJGwZ7WDuNyg/MCDznBzXkSz5YPLFmmMqKpTlBVqPsIyk6kJqDgowV+aTUra3ult0Xq0MpWJxcsHRpKnUi3CfM3yqUX72rtay0emuuiTR8/fCP8AZk+KvxWvdKh8M+GdT1O3upFEuprDI2mWUZYDzrm6IEeV6bAWJAyN2AK/Zrwv/wAEtIPh58HLjXPEfi55fGmsSSte2VrGvlaZpbxF5AJP75XB4IPPGeDX1VD+2X8Dvhh4e8MeCPgr8Mhp/hzR7eNJ7eW0QS6jdwKFM7zbWkfewYks2MkDbzw27+M3xJ/aBtry0NjB4F8MXrRpNJIyxyyWpUqyIDtYAR5xyOTg55x+RcQeInEeIxFNYOP9m5bGcHOpP/eKkU05bXbSS92MYq70vY+zy/hfAUoWrQ9tWfMrczcbOEddHZXk27vXd2P5NPiN8PNc1T4v654B8E6bc68+n6re6Zp8FsjTS37LJtUxKgYsWfljgYzkds/sN+x9/wAEz9G1mw8OX3xesNUt9f1ASyXGiIWS105WRfIW7dd2GQjewPKggAE4I/QvwB8CP2b/AIM+JLzxlZWNre+KohNNNrF3i5mjuZiZJTalwSC8h+X5crwF+YGuhk/aiv31618H+A9Gs42v9Vgh/tK7CR3EoklCSFSRkKFJcn5cjAbsK5OMPFniPM8q+p8MYbE4WnRo8mJzGpFe1lyQptypR3g5O6Tu21Z2SSMMm4DyzDYyriMxqRrznOU6dFRcoQj7sktGnpqrt20sfzvftI/BEfBP4y+NPCMc7T2NhfyS6VcKD5P2RpMpGjkDeUxtJU8gZwDgDw91aNV8uMNL8yt3LgqOpx1ORjPPHVeMfrP/AMFUra2b4veFri1htbaW/wDDVsLxLaMBZrpYyZpGYffLMdoJ4GAflGDX5o6fpAuNqEKqqVLu4/hJIxnHOBk4zgYJ+n774bZpis94OyTMsdLnxVfBwVeclZzqU0oubXSUnBtrS7fax+dcQ4Klgs5xmHwqSpRqpxt0TtJJXu0lZvptazTuedXYKoAikMv7xlbnG4kBsgdOozwTgdqzXby1DESA7jIwUEhk6Ehicbfm4H3RjcQea9d8RaBHZ2DXECoGV1QlmUl1cjkjrnIxg9eDnHTgGgDeamxAFjAIbcdxbGSpHIA3duvJ9q+3cdOa9usbJp2Tjpq0uvk3o2+j8ScXFptt+id9GrrRJPRX8+2zMCOZChkVWBZsnPJGSMD1x0OQQBycdRUxuSQEj3LIG+fJ3YyDwCeCvJxz3HWrDwxxlY1i2+Wd2BgAg84PfnA+XOOw4xURSF3JjKqTh3IbOcHgLnPdQMdjn6VlKCW2uy6p6OOrtpdWun6LyMU9O1rLteXut9779139Ve7mQeXIGKnCrzhs8DoxHbsTgjPXsqyynYQxzlQyjgIoPHTAOcgjjgH0wWY6I0hJYF1ZSGY8nPUZPAwPfGRy2OTaiRHBcBSAwwpIyMfxMR/CcEjpkgE9iY9k3K/RPS7bsvd1trtZt67dNkLmeiaurruu2/46pvorisDIzgkhxy3BJA42jg/megIzgEcRPuKgFRjZ907Tg/3mAyO+BkDI4A6E3mTa+/nYyEfIvcZJOc9Mnoc9jjk1kkqjspbjByM8sSBlzjAyDyeOo74OdIRSfK/ium3omtttNHq9t73Wq0l7Jt7d9+nSye/+V0np9u/sejafGrMd6NbxBV78rk8Anpnb8ueenGTX1XeBQrMjNuJAJHVEI4z0z1bocgD7xxgfJv7HClh41dWYKIIgpbGAMKcrke3UcHOR6j60mR1XJIUllzkcN06DrgDPI6ngYJNfoWSq2AppPVuTS0V9dbXvs9LW2er2Pn8brXlZXdkuulkvO3Xf8jFuI5FVgd23eNhQYJDKc7j1B45JIAHzDk15b8REMUOlLEzIrapaozkA5JcFlXIOM5xkdCw6ZzXsE+xSVJ3fKWBwWXA5xycAZPGTuOOQCMV4v8UZo49O0aQlQDrVvhec58wMWJPGdxyMg+gJ4NejXUXTs7L4dX2VtWn52v5vo2c8dG3drSz2VttVrbq3v1tY9D1+ARSaMNz4LQkc/eBAGT1O8Ankcle5zk+kacioVkjbaMKpBBD88BjnjPQjoMEE4Neca75bR6HM25i0lsUDcgDAAbB65BBHOOhJyK9OsYw+2NSyhkRiWHU7Ae3U9R6Drk4FVSXupN6cvVq/52t9z11uctST9p3S2uuunLfW78tE77p6N8p8Y4Fb4SeMg0hjYaa8g3MTnLKAQOhJPYE5xjGOT+V1m4/s1CrElGKqxBUAHbwMHjOM8D3xxg/ql8ZFVfhL413g5XTD5bMTwNwJ6ZPIz/iOK/KrTZJJdHchAG3gKD97Az8wGDgdcnHOc85r5HiGF8TTu1ZUo7XenMtOyTXRttb36r6HLZSlh3t7s5Wel7Wj8VtItru3ta/fRtC5jdiAzKGwxwfvdUQ9yPoRnnJHBZHLIHQzk+WqEDcduCxypxnofUnJzn1BNJk2ojSr8hLKrMcKWY4IBwy9RgcHgEjqN23f6dcw2ouHtQwYqE6524G0kY6cDOWBPp6/PLD3a5bWtqnu7W1stX0SVnd37M9OPM43kk3ZaLa9k7p+umq0bv1VhJlhmSQfvGVV68KNwGCxBHXhR/6CK6K1jmeCQ26vG7SITMGyFccgfLkE+nrx268V9oMcyRXCLtKBx8wzkLkZbuo9BjBBz616zorMujwSpGihyGZxyCMdOR12nJI4GAMjv10qLcXZN2SdkrNLlV7Nvs1bdaamcqnLrJ6b2s7x2T73338+iOWtNSvY1vIdQYzBAceecngbcpx8wGDwBu6E9jVG4Cy2LSIEZmkBDD5juJyc4DYPOBznuTzit7WoLNndfNAbYzYPAMgJKhQAScnqOQduCOMnlLZGNssbs0YE5wcYDHfkDPOc8ZPbgccV0wj8KX8ytru7x162t5Juzdmlcxc7y5baaptO1/hVovy5umqtudZoU/2RonaMSKHXdGwATP8AtNnnlfoMdeBW/qc/2+3ukWNVPljaFQfMqgtjJ4O3IGTyePauf0zYJEQspVmDMCDgEH2xgE+hz6YrqjJbmCYlgiohj2oRuY4OWB4/Fe44BrshGytKyaaT91J6RV1ZO3yvbyepnKN5KWnxKLu4305bpWbtfTS6aSlo7nBCSfyH2rsxtXYByQON3QAckg89ehIzUEpzjYXiPAZAMsSR6nJy3ABHOevANX5Nrx5j4QHaRkb9u7gn0x9MZA6c4qTs6R5WML8u3LEH8SOSDwB83fJrOcFFXvdKzXneUWpPXVXT89r3u76JRsop313bto2rWtZbrdaLe/fz/wATyGG0llLttWRQynByQcZJzjGOpyMjkkk1seFbi2UR3N21rsW33KjyjEZbLDPOGzwwGRk+5rkPiLO0OjXMi5UiPIVTkF8njGQAevP8J5ODivmka5qQ3L9quChCnYjsE4yNp5B/A+4xXt5RiZYe7aUk56a22tslfX1vd7XPnM8wf1mai5ON4+V+m19rO9tbLVaXVv1G8L/tEaP4W8Pz6HpGhSa7q90XEVklr51vNIVZQcKrE7G+bauB045GPC7LSPHuq+LZPEWt6fcabbXVy7NbSoLaOPz5C628aj541UH+LJwTkgAVwXwu+OXhb4fQ20t14dm1DWYJFlF/hZJFjGAyITwuCSMEE4IOR8+GfFf9qSbxPrCT+GtPm0iykUPcG6k8yWS4ABMqquABnlcDIzt5HX2MTiFUTalBOyso9U0tNE7paprZa2PnKGUSpy5YRfvJL2k3zTV7N6p2strJLXfz+qJrvUNMuI7bTbAPK0SJLMQZoowxBY5bjHoSVPP3QeT5DrFjrVrrM91fNC8M97EI5RjHmM27b/s4HGCc5wOep+WrH9oLxbbTMjalPcxySBnDYU4GDtycYGTgHpgD1Oe30T4u3fjbU7HRLpPs8l1f2sUDBh5byvKiKz4GeWPI4/ME14lL91ObbUVJNq0l1svstpfOzb0tod9HKqtGUHGV0n6J3sr6PRWWq3v63P0B0SaCGKEvbySFLWItLFJwW2g5UDIwTycBtoyCW6DiPijrELeGNVMSXChIiSWYlVIySDzg4PG3B2kbexNfSfw/+A/jLWbVo7CeyunS1hzGoYBi0YwsZwS20Zz279Qa85/aC+D3jDwP4UvZNU0IxxeVm6ljBmUoRzv4BQH1YHDckc5HjVcRR+szgpwk0/h0TaTina+r10eidlpsfZxw9T6tC6lom7rp8KWq0autNU91fc+YdP8AFmtaF8F73VtPtoNcW4uoYZbK+txNDFGTncyNkKFAxnAYAdecCj4E+LkPiW01TwjdaFD4Me+0m4gOs2lw0FgrOBue4hRdjBsZDMTjkZ9ettZ9Gtfgyg1+xvLXw3fzi0uJrHHni4cfexkEAYBJGdvAzjBrz3QvBHg65sNVt/A/i86rJfaVOby31a0VZ7CJRl9pLHd5fTcOp52jcK8TFRoy9qpwneVRJTUZcid4fJpvul5XO/DxlGVHlmmlFXhJ6vVJ2u1J3bu187pIyLb4LW9zf2/2bx74XvYSod2ivliITLEh2JzvPoQpyeAD16GXwS+l3t3a2GqWz3PlqIHsbk30szqCdsagYBJwePugAcA14b/wgF1p1/F9m8QWl0EO4/ZpWIKbvmXyxjDHBUqSMtjoBiv3C/4JZ3f7GkWg/ELRf2m73TtP8UtcRXHh3UdWhCPDp0McxnWwvHLGG5Z9hVcHdnrnBrzczzKtk2DliYU6uOSqQUqNKjeaU3BXVtbQWsmo3Vloz28BgaOPxEaEpxwzau5SmpX5Yx2lJ2vftLr6o/J7TdJ1i2mkl1mw1y9E0gXzYrWZThcgtkAk5AwRyAACDitLUdHvLi1d7C11m1VCyyvcWkzHBxtXdgcBc9gScDoQa/VL4qePvgfpOv60vgrxRYT+FYdSvP7GEscM92bVZSIZHcr8yMBkYwxxjkZx4tH8bvhc5aCXUVuQw3ssdnEimRQThlKEvnncvfGDkVthM4r4ulTqrBVaaqRhK0k+bmkk1Fp2tvro0m9dzTE5BRo1ZQWY0pbatx6tLV8+qvb/AA66vVn5kx+NvEnw98SW13pxu42s1DTW8ttKiXQYgFSJsF1kAAGOB7gZGr4u+KUfjfUodVk0eHSdSgsDEZI41hheXHEs/B3sT907cjjPI493/ad8ffCvxtFoY0KWWPWbBI4rq6iso7OKOINkJOiqpd1XGwnqfqSPinUn0i2kmuob6W/QKF8t/wB3G+3qOuRn1XAHy8E4B+gwcY11TqyoOFSSS1etvdd276XV7ateTvZ/M4mi8PXlThVjUpx5XdOMlay05rt9Ol9Xprvi3vxG8Xx31zbNd28yWhKriDduyMoQAwXaD07DAyM1Z0rxh4j1ido9QulhSOMODFDgqM5GQAwGR0+bn1yMVf0v4h6Jp0d1E3hCw2jCm6nRLmQhQMYUgbsfXnn5cnFdJofxF0nWpDYad4Z0qJ3JV5hbpb/KWAAYbWwq8s2GIySTjG4epSjyVXeDaaaTvFXd13V3prrv02CVSLgrVne+iultZWtKz6PflTbehY0/4gX3hS8e5i0PRta3wo4l1a2WbYwUZaMMRtYnGTgnPQ4Jz1E/7V3i/wAiGO18G+EYTbhdtxFoUDs2wfd8zJJwAMnk4HtXK6l8OJPEdxdGXWNM05ZmTyla7QRRrxkBQQRgYzxjpkVe0v4XWFliyvPEWkzW8SkHyJRvk9i+NwyO/HynkAjB61SqycpQi7Rir3lJp3akor4WnbVtp6XtZb8fPXclBSik5attSu21Kya1TT63lvbpZ9kfjh4q1K2i1HVo/D1uuq2zpb266bEPKIzxFtI8st90qP7obGcitnw18ffiBZ2Y0rS7fw7EsCyvMzaXDNNGJNwLyO3qvUjkDGOSDXI634P8L3EWlwtrllpi2RxHCpEnm92ZTuClnI+Tg4GM5OayrEeCdEvboW9zqt5JdKYrgwxMiEADO0ksSvOOOnKj0P13CjipVfb150KKu5OnK0ktPdjHRt8+jVrpN9rPyc4TlGMVGFSSaSkkk1zfE7t2TjJpa2unszu9W8X6/wCLbOS+8QXOm3X2W1dbeKyhigESlsMcIDhmIOR17HDGvMH1CwhiWTyFDYIwSQ3HIYDjdkg8dBjrjGNnVNR0ufTpLXTdLudMhtYHeS4cMJLoEgASDOSdzDGBjPAJ6V5q96kgUbJuGXg5IYgAY9ec5yeozn1rxc/dOWZ15UpSrU/dalU3krRbbum7p3/VbtvDSqU8LRUox5+Vc3LZpaRulZtLRPbTTTZ21ZNW82QILdEDPkO+clVBOB65OAOgwecdB7nNqPhqLS9Il1eG4eSeOBIoY0+6oRQVX5clXbljyewBzurwZFhlc3EluxKKoCpGcgk4DFwMjAwSAOxHHC19K6NDpUtppWo6nayXItbSKS2hltvMVTGwO4gcbmKjbuHIYc5JzyYGMZScWu3dWty9FvfXTrp6PxM5m3TTlpbtv9nXTRf8B6apGJ/bGk25lt7PSbtA6EwL5JVAqnIzvAJI4OQOgzXN3WvQx3KgWt0pd9ksbIUUKeWxkDJxnOB+PPH0Vc+KPCc9ml5L4cuZ7uRQkbqqoItuRlY1AG0AZ5BznoBzXjXjGc6pOlzBarbRROqQokSmbYowWk28swzwQM9WHzdfWq0qUYXp3cml7rWqbs09W77+e33/ACDdmmpTjFe8rvm0la2mi73d3tZq+9LVJ7A6dA0EUamYlVIk/eAHgNgcBgTyM88jgk1rR6Df6toNnY6TqU9g3m+bdXB3AZRs/K4U7Rk4xycZwcEiuMSDTYLBxKzs6MzK7KMhm7AFm2AEkjA78huServp7v8A4ROxtfBWrzyXzzRnUE8lS0TOMyAPkgquRzjdkA55AHz2NpXi3JON9GouPM7uLaitt+zbXyaPq8kxM4YiDs5pQW1m+WyW3WWju0m9VYgsfhoNS1GYa1q02opH8rRtIIwWQcN5hIwvGSNvcg4wGGzo3wh/tzxV4c8JeEbK1v8AxJ4k1e30vTrU3CXMkstzL5SKcnauOTnqcHnrjy260vx8t2Ct7qkpfBldUARSx+ZiQcBOTweOMnpmuy+Fz6p8PfiFoHi461eC70XVE1KG9VyklpexMGjKOXOzBycAgDOPmxk+FiqNZ0anspKVa0+Tmfuqdk4KydtLWdnbdeR+h4etRlVgqqag5xjVmmk1F8iaXW+97K1vJpn6UfGf/gmF8cfgJ4Kbxn4r1bwva2NrpEOo6lDbanBb6hpkUqI/z24IMrRrINwGcnHGQa/MvUNA8QatrkWmeEvED6ks4jxcmZlgMig7icnClWDYJ69x83H3V8Wv27tc+I9jf6T4wl1TxFaS2T2Treai9xHs2hWZhvAbgArGQMMAAeAK/Nr/AISm/Gp3cvg4X+mqb0Nb2cMZZ3+cEgPjManLBsgDHTNeXklLMY05PMnGU2/cjFOLUeqV0oyT1tq9431O/N6uXqdP6i5OFmp3crp6bXUVJPVdX1t3900X4c+MbW4efV7+TU5bcYktQR9nfaMkLISC3PBAGQp+XknNjxJ41l8LEW1x4WtZJBDlk3K8YGNu5/mIAxkkHgE467c2dJ8OfEjxLBaXl1rP9jxXCZkhe6PnkDGWbGNmQSexzk9ScSav4J0ywiuJ9Y1O31BTE8U6zXS3EkmFIJRjgxncucDByc+letNK12m7a3Ulqvds2mm7pbraz81bhUm4p620d9736a6rp06Oy7+YaZpl941nu9U0+6h8PWZLIsNou6NpXGSmQcHJIHQ9sktxUr/B++SCWa98SztuYZQb1YgnnnKgEn35HOBVXQbrXoReWPhvRbuXT0leW2nsw3lM6v3fbgkAD1HHA55lvtG+LWtbZZLe5s4wfkjkmMYOOh6fMOc4HUjPAzjONtr2S2d+qtd3e1tkktb/ACFHl+3GT7Wul0ba3016LfvbX1H4W+E7Tw1d61bxzzXlxdwRg/aCHKR8tkn5tvJ5yQSO2FBPbvmCUr5YXbwcBSACxGSeh5Pr2wSMccP8MfD/AIi8LS6pL4ima4nv0HlBJDM0WBltztnYMEDaCeeDnFd4JQzgSIX3OzHJHTdwx6njnjnpjBxg8NSN6km23s/lZWTTu3e1+zKcFJKKi1d/abslo9ba7b2vp0Vtei0jYMuqKAVTOQAWAZR/F2zjqevQen9FP/BJbVNOsL3X73UIWjVtBt4o2iVpJZD5h3CJF3MrkE7cZww3YxX86ulXAEqqsfy9OcgAlugIz0BGM47YNf0g/wDBIawuP7W1OVLO3uWbRImijbGIR5jgO25cAknBOSSDnB5FfyV9LK8eAMTy3vzQS0u7ylDTeytsvyTWn6DwHThHHz5lpGlJyV9X8Nndu+umq0V16H7fw+KmdUh0ewu7dVUK99dxSSSLvJbCQkfOxUlgeMnknO5qnTUoLWU3E9p4n1m8OJA62zJHHgbcJHkKg4wM9MEY6Cu5gsdUhVpZL+0RzkrCkcJiiJbGDnkuAR8xOR2IHI5rU9WstJaYX3im2F0dzNCskRZQCSVCoScg/wAPJHv0r/J2vicRg8FzTmnaXMlVUZKMXZLlXPFc8nq24yaSVmtn+q03QrVuSnSvs21KU5fZ3tBdl391bXslhXfje9CSSjwvrq+WCQbxAikAkA44IA4OQcj36V8gfHr4w+Pn0vVNJ8NeCZG0E+H9cbX9b1I7Esk+wT5WEEn5gASnXnHOK+uX1vRrlZWk1GbUX27mWPzGQLwwATC4J6YGSowx6YrwH406hp83gfxVam3ns2uPC+vykNHs82OPT7jaJOdu0AYBwQT8uOefHyDPMTHinI6dedLERxGY4OKotu1OMsRSXM1FpXv3bV9NlY+iw+Gw8aFVywy9oqUnzSc4pO0bNxvumr+VrbWP4W/HF4W8e69OhJFxq+qOCW677hyzdyR9flPB6cDlWVDbB9zLLJdKUXOCxMoUBT0BOTg9s8ZGMXvHdwh8aat5eV3avqaKo/gUXUg9DnIzyOnHA6HnJZQVtojJj9/CqjPG4TqA2QTt+bGeevPWv+lfgfTJ8mj0lg8JZJu2tGjqrK2zTtt09f4a47fvZtUk9abxLi72aa2bTv5pXTsna5/cX4f8ceAvhf8A8E5vBeuaPdeGtF8QXHwy0XT59PnmtrrWtS1Ce1hZ3jgf94CXJYFeAc56gV8ueHv2wfDHjP8AZV8S+B/E2j6v4n1vwvYTx2NoitHo+m3F/KJPt+oIgKs0S/dUsQuMbR0r5Y1W0+Hq/s0eFNV8bHV4bs+ENA0vSGs75nkuZTbRSSm3szIEEigEbgNwUNX0/wDBDwH4q+MHwc0z4b/A34U+HPCHg/XntYvFfxJ8ZOp1rVZYwpuHtEZTLc7cNhQVj+YAHg1+0UsBgMDgozxsnO+JWJU6krKDSjyxV1eT5VZ2abvt3/zJzDiDP+JuJ8dHJoUqU6eCxGVzp4ak8RVxV6jj+8soqLlJ8zm5Wha7Z5h4n1vxj4p/ZlXRdD07QdI8PPomqyS3tuqW0up3EcTMx37hJNIqgjLZGeBzlR/OJYW8EPizTE1I3ItIdctzc+Vhmkgi1ONrvAGCRs3EjH3eR3r+yr4x/CX4DfsmfBgP8SPEI8U65a+Gr6HTdAmjMVpqeo3Nq0Kx6fp5dVTymk8x5lJwqk9K/GL/AIJ7/Az4R/Fy9/aN8S634VOu3WmaJq//AAi66gjNZaRqF2JpkniLAKn2YYCkHgAkEjkcmYYuli6dOth4ypYVOMIzUXFSlOpGLtpra61ulrukrn3/AIf4CfBlPF4fO8RTxObV6arVcPzxk6EadPnVOUY6Rbgl7t220ubz/X/4zftjaH4G+CXwS+HHwe099e0rXvCnhqe41eVJG0/SIbK3h+36bFJGNonlG9ZXBJXkHnJPxj8atA1z9pPSNf1bw/4PaLT9bGn6HZ6jZxtLHHJbxBHit2cAiNHyZuQ24nkmvHJvEXjnQdJ+HHhHwV4ffW4fCEN7aXunQwJqFpF9qkMck4facRDO5A2AnBXHGf11/Yz8Parefs0eIYNe0uOzvdJ8V6pc2/lqgkhkupBIuG27gInBGBlQBjmvneKcv/sjJ/aU5S9tUmpSm238T5ktbNbX69T+g/ArjTBcccc08FiKdKWXwoKCopWUVSVNNOLvG93K34q5/P58R/2Prj4daV4Mutc1y2W9v9YTQ9QtIIv9JtPmCyLKVbeHAYqM5555GTX6X/s7fs1+OdG03w3qvw0utfh8m21ew8PHS4cXkmpPbDMskowXt2kYDaxAA+72FfYPjL9lnTvE+mWuoa0smvajd6td6tDawRu1xFc4P2QEgHMakfNnkZBCnmv0P/Z68OP8N/hF4XttSsLS18RaWLidFcBLuBHcCIAbM5CbR3z3Oea/LsnznF43MaOHre/GlLm5dZKXLyWc/srmTWlrWTXLuf1Z4v8ACPD2QcLYjFZXy0ZYzlhGUX79JSjB1JRbas+1tHJdT+RL4rxfHbQviZrHgb4n33irVPGcN3cPHba2lxNb29tPcOz28Ad9iLKqqMgfxc5wRX7L/steCdT+Lun/AA/0Px3qN/baLY+HH02y8OfOdLsGYbHubqMYjEZJ+WPqxL9q+mf27/DXwm020ufiL4p0h4/El7caM0WsFIluZmuGKmKIkrIy7yOi8DsSTn6c/Zwi8CeE/g14Y1LVYfDem3N5pkV2t7e6hZW91JbykSQu7PIJFIU5K/Ltwa/fnjKNThlcqUKsqvsqdOLUfZyW7td8r0XRK72XT/LXJ8FjV4uYrCVqvtsHg8GsRicSnOXtqPPGVONWSd3NJRur202seN/Ez4I/BL4e3nwr8K2Z0nQ9UsNcEthqVpYrFNfzq6SDdjnfI5+Vs7gSD0OR+pvgiz1H+wtJMkzeRHaKrvIxEkyouEZgc/fULzjgHGCPvfj9+2z8Z/hfbW/gfUtK1zwwviXw34is5rd11W3nmFvPJGr3rRI5+SFFLAMcY28dh77qn/BUz9kz4beH9Jsta+JFtr+s22j2UlzZ6Agu0+0/Zo/PjJUgb/N3KQc7Tt5OSK+IzfEYfD5dg4VcTSVVOp7SHtIymnzRcXJXcm5J67fhc/orgXCVcRxXn9TDYKvTwDo4NYStGnVVKrLkjGooucFHmi1ZtJtt6s+8/BuoabN4o8XW1g7/AGq3njFxG5OAcADBwMAN29AMAjivSZJZAp6lzklFy5IbsQOnPAA9wOvP86/iT/guP8LPD2u67qnw9+Gl3f3GqzFZJtVuVtEdIgPKmYAEDcFDldxBGRyBg/Kvj/8A4LmfHfXjcQ+GtP8ADHhC1YuFZIUvLgR5I3JJ8p3hcZyBk5HPWvjsZn+XRa5X7R8tOLVOLs2oxukr6pt63sna9tz9oyvh/MoUlGcYwTqN8zkldSlu03J7atWVtux/VbqUcU6s99NJBAgYkSTLbxgFcMGZ2ACnOR0IYAjg5HjPiTxt8Dfh7bSXuv8AiLwXojRyNcyXd/f2E90si4JYMXkkV8jgjDAjAOOv8W/xT/4KW/tFeOprlL74q+I1hdi8lpp149lbbCCSoSMjA6DbngkYIr4V8c/tBeN/FMztqHibVr1ZCzy/a9Tu53OSSd6mbADHnOM4z1FeRLieo1y0KE73933rJJ8rvZadOrttpZtnsx4XhWbWKlTnGz5oqPM7Xi09bJ7btPRdLH9VH7VP/BTH4PQ69q3hjQ/iENU0CKWONYNDc5vbpCAzNMnWNQCoAwCG4AGVr85PGv7e3wplsLhY/wC1rqeTLSqFzIYsHbGJ2LEFhjdkcHnI6j+erXvGN5cTNIkjGViGlY5Yg8HcCSeRkE4Pr15FchdeKb2UFHvJQoBbhtxJzkcZBA9Ruzgjitaue5viqMKEuSjCyT9nBKcur5pO8rPr8PnY86nwRklLEVcU41MTWnJNQqTbpx2slBWUUnrZXel35frR8Qv2+r2CzvdL8B+GrKwS8QxpqmoytPOpbkOY+PnAOOwBI4OGA+BfGXxu8c+LtRa713xfdPI5TFvbOYYoApBCxKDhGyOcck5OfT5v1LxPPImzcpZBnccltoAIOBk/ebGQSeeBzXFTatd3MuPMLAYfLOoB5OQDxgjI69SNxOaWEq4mk3KnXqU3Oyk4ya5r2XvO6bv22tZdEaYvIMrrRhCtl+FqxptOEalKNTkd1FySlF2dlbzeq0Ppe+8faxMJXuda1G9EiiKRb29mZSo5GY92CBgcEHOP4ea84vdVtmke5Dwuz5z0A56kHnnHAyCQDgHNeZx6jdSsQZdxIxtOSc4zgHB+bHcdivGKozy37MIis75cgbYmH4ZOBnryDzkgE5roqV5Sl++xLktX70763Sfy66ra13fRKnluEoRiqGEpU0krclOKSvy3XupaLXT/AIF+1l1iF5GEJjyQcKTkgY5JbHGOCAexPTvnDU4nmPnTZ2qOpyGII7egyMMR04A+XnDsfDvibV7xbbStL1C6eQcLDbuxLHAYbtuGBJHJHHc+vWH4SeNLeCSfVLRNI2soKXsgjuFU87jG3PI5A4Ge7HdjzquYZbRko1cRR59fd51d3cXsru9rdLqzv59SoVYJP2DSWnwW0VtnZdGkrN7FJdRkllEcCc8ZdfmHPI9GJyeOgwTxk5Po/hXQX1IB7yNoYQ37tGBHmkcAuSBwc8kg9ByAGzmaX4SstCltbiaVb64bb5ahtsOc/MS2Qudx5PVuOgzjurjWoLJlhmmS2kcB9qHIKcZC4B2kKuMjk8Hqdo+TzrPmqUoYJWfwucuVK2iSjd6aJavV667s6aVGTqRtHVtW2WullrbW976vv5LrLiy0m3KQCxg3Qxq0j8MpVQuEB67mwcEnODjLBTnpdD8NeH9Z+z3Gq2cNjG4dYowxXeUP+sYqhHIGAvqQc8fN5HdeL7aBN9tFLdKxCOZ0JRCON7OdwG47iGPXaR96ui0PxdLqMMSQ3EasHEb+Y4ijg3ZJCMxXOeAvXBIK7ep+Uw+a4jDzcsTU54uPNdz0ik4vm1bv5taWvrc9XB0XOqoxhd7cqs7v3Vq30erTiuzufRth4Z8K2No81tb2kYV9kblQbgg8EhjyGOOgGecjPIMV9GiQLJA5SA4VEUY6dSM4xk54Ocjng9ft39mj/gnl8ZP2hNC0LXba80fQdFv4TdreX9+kl0II8HzntkZiisDlNxGfcHFfpj4M/wCCTHwx8LyWN98TvHt3rsBCvcWtmBZ2wdGA8sOrM7KWJAOwBiR0zX5XxZ9IXgnht4ilWzKpjMVh5ShLDYKlOvJVI8vNTco2gpJ2T95Wfa5+i5ZwXmmMdKPsY0PaqM06llLlfK+ZJJtq210tdr9P55LLT9Tv7+GGwtbi937THaQ28s8rsT97y4Uck/N3PzZGQcgV9NfDv9ib9or4u3trL4d+GOurp0u1H1fUrd9PsVViCWdpQrBdpLElSTjHU4H9V/wn/ZT+APw9gsJ/BXw38OvLFGrR61fWkN3eMB0kE0qsCzAA524zyOOK+oVsbWCAQ4srCEAARWsUcQVVAAXESooPYcEYBGegr8B4h+lVn2ZUpw4ayeOXwafs8VmcpVaklo01RpuMIS5Umuaq7bNH1mH4Sy3LpqOLVTF1V8SV4U4tKNk0oubV9H70Xv10P5z/AIZf8Ea/EN1JaX/xR+IdjoFogQyaPoEC312y4AKG53Dy5CMLkdGGRkDNfpH8KP8AgnV+zV8L/KutP8BP4v1GJo3Oo+LZBewtNHjM0NvIoWIlsELh8EAEHg19/k2FsjLbiEnO4yMowDuycliO3XPU7ge5PL6x4s07TYz59/GrFuI4m3AZ5ywAA+Uc9xwBkd/564q8V+O865nnnE2Jjhqlm8LhK31anZpLkcaMo86vo1K/r3+pwOXRk408Dl9OndJJwpJNN2u3JqU3o3pf7lqPsdKj0OxistO07StMtIlRLewsraCCJFRQFAMaLyoAAznAxn1M8n2UxM1wz3bLgmMSFlVieewUEYOAOB0Geh/Nr4u/t9+H/CPifVfB2l6Hq+p3+kOyXV/cKbPT1KjIzLKyrs6HcMlgOK/Ov4zf8FPtS0W5UN4u0vR7GSbB03QpBe328chJChABOQjMCQG5+avOyTgji/iRwr5bk2IxUcTGFSlXlzyU1V5X7W6u+XaTbtfra59HDJfYU/bZjj8NgkrOXPVV1flT927baT12at5n6dfFn4PfB/41/Hy58MeLdPtNZsrjwVdHUtMgWNvs12Uk8iW8ZAW86I7WjZyCrcckgV/Nb8bP2UrL4XfFLxVY2Vje2vhnTr/ULrT7vU4mWOS1jdzELYuuw4ACKwJJAU+9fth/wSJ+IumftHfEj40fEXUtSuvtrxwadb22pXJluHtwSzzJ5jMUDKTvVQCCcHcd2fsv9vD4PfC/xT8HfHVxfNYw3el6TdPZ3kaxxXtu1ury7GkXbkOwIOScg4HNcmR+IPGfg/4g1skx9evWynE4rCZVjsNGtJVcNiq3sW6lCg2240vbctkveTvqeu8wyHFY6jkcqdbGp5fh5YbGKHNTjUSqNzV4JuFS6UrS+zZ2s7/wYa9okWu+K9anySqahLEjk4Zlhc42DvkD5jznPPvt2eiWlnA4tYFjZMF3IUFiFXLDA+8WOBzjknjJzq3lha23iLVjbzHZBqd3HGmc5jWZwGLA8krwWJIIXH1jvNUtbOGRJJgqhxkKBIWYcjCjJz0xnPJ5Bzx/sVkNeWKyjLqt5yVTC0Jq6ak+anCV2u+urbVnre12fz3m+Ho08xxa5ErVqkbx20mrWsmlpbrv3MCMwyTzLcBhIXKx7sEE8HG0fd68hSPfouN+4tlGlkIyMHi/es2FES4H3jkLx0KgHPvjjz681lYLoy2tlJIrRvIrSkr82DhlJznHTGBxnHXI1G1G7vtEM1wQI5EC+TEp3bhjJLEDHuOR1GMnNfQKhOduZWWi23vJXvZ6dtendHzs68KSmoxd2rO+uqavq9OV6dLq766nncWkLFdz3EkjKq3DBUwFRsk5KkZyORnseg4XFWZ1RXa3V2+RC24MNu3OQoIGdpGex5xjoK01to5bY+bdC2jSRnNy54CIc4jHVnx064LenT0jwnYaW+l32vaH4Pv/ABEbSFftWr6qWNlbyFcb47TBDqTyvrnlcbgVXxFHL6fPUkleytdJPm5bpvZauzvbRJ6XOTC4PEZhU9jRTd0pSlFtpK6cm7aK3uu+zXkzP+Deh61quuai1jpVzPaxxQy/a5keC1gSJ1kaWSaUIrKpBwVZvu5IIIFaH7STA+ONFuEudOvN2jQC4hsZhJbwFFA/eMGIabAOQcgEZGcYFrRNa8T69rml6bqmpXdhpt8zWv8AZmmwm0iIU7FgRIdrMSSCWY5IwTtzVX9oz4bWvgjU/C1wv2iD+2NMO23O+R4pl4DO5yzySbstnIXruOK+dx/F9fEVKWTSahQq81SCgm5ScVF2c5e7zJN2SVmt3dJr3MVwisPk2IzmPNUqUZwhPaPKptO9rbO/Ld9dfI+eNc1GIxxxRRxmIJmUsMhVB55wTxgHHAX9T4t4ntv+JnFeW0KglCsYi+Vz3U5HIbOTk49yQTj1DVkGn27wSs5HlkhfLbduLZyxbIA6gg5xyRwMDiljAkF7K3zIVKnZlAGDAIcAjPBAPTHGfX0MtUqUebma5m3JJ3WqV3JtO+jvo3e/e1vzmUqjqO60vF6WdtI2TWy8nscwkd/LGsUrSxSsuY+D90ANtIGSWJBJBBPTA5wclDM5uYmjuXdQwQbHkUY5MnA/ugnHPoD0r2CxiMipJI0EbSf6obQTgE71BbGAS2AMjoM9Oeks57WCW6WDTYFugqoZXUBJlI4CxhSXc9FVBycY5GK7/rKhJNRUmkvd12srJaabX0tdWe7N40qlSS9nB62Ssrtuy2e19n0WltNjjPhb4Cg8WahG2v6rFoGjwQz3EmoX0ZJmeIZEEKMFOWOAOpKgkcCvarO8tdJtIdFtna7077XJl3URW01srY8xTx5eVHOM56gZIFe4/Bn9kb9pP9oKWxtfCHw6bTfDUhEaeKfEEb6VpEavy8ySTIrSlAN33CDjAbByf2D+BX/BJb4aeBJLPXPjP4lvviPrFvCkk/hvRibPQraVCHMck5YLcQ5GGBwGXPPIrCTeMrQiqc6jfLCMKUZSinaK5nLo7b9emnT18Nk+OnBza9jT91uda0IpLl1jd3a5VbWyd276XPw+8M+FfEvxB8RWOkfDPwfrPiG/t50MNnpdhcT2xdnALyXeFhEYPUFhtHPPIH6w/Br/AIJkeO/GDWuv/GnxjH4Fs5hFcP4Z8MHztYvAoDG2vpgcWrlcqzDdhiOpxn9U7PxF8Fvg7YnRvAnhfw/oAtlSA6L4esLY3D7BtIvLxUaRJG5Ltv5fPVjkcdrfxM8TeKJ4hpMcHh20kyNlt+8u8HIzJITzkNn5Rwxz1GK+gy3gfF46q5YilCjR0cZVI2lpyt7vfbotbI9P69gMoiuXETxGIjZShQbUW42Wqjro97yW217nU/C79nb9mb9nC1jvtG8KaLbatDGHbXtcjh1jxFcyAA7jNNvIZmwwULkOec4Jr0HWv2gLi8jNt4K0SS5zlIr++QR28Y+6DFb7VQAEHC4B29d2K8d0rwi+og3t1d3GqXMSNJcCcyXEhGMlVQ+o+70zjrwQPYvAfhux1G0S6a1jEUMgj+zOiwzIyNz+64+Qf32Izjjrmv0LL+GMlyuEfbv6zVSvaTTSfu309Lejta6R4eN4izXGf7vD6vTbu3FXk1otXa3Z7b6O9jyq/wBO+I3j1wuvanfzRXDlVtLdpIrKPcRt+VTgDBUdDkDgEfe7LRv2WtZv4baX7TFDDM4I4+cHOSSzDI3cd89R0OR7L4g+Kvwb+FNubrxh4l0vQpYU3w2088BmLqo/1cKM5dyeArcgjjmvj34hf8FMmWebRvgz4NGuMUaFNe1aL7NZxPllE0UDAh1Gd4bPYFsHAHo1c0rxh9Xy2hCnCLS5oQVklZJt6a+t/Nbs8qGHc5Opiqkqkmrttp6+7pZ279G/NatH2bZfCbS/A2mLPqstnZQ2yP8AaNSu5YkiI2lnOZmXjGSSDznGMivjj4kftVfAz4W3dzZeFtYfxHq8t0ft+l6BGbm3RkO1y7xqY1YuTkhiMsefT8+vHPxJ+NnxavLm5+JPxD1CPS5nlceHdIuJLWxVXDHy9kLKGARipJJHC9MGvLU1TwN4Pt5oyLGxaNN1xdXbJNczgZZlO5ix3Hg7jznj1rmVLFVpRrY6vCmnZtSdu1tH1drbO6VkdFOdOn/Bi30vrZ2UbLbp7zVttPV/Yvjj9p/4m/EjTprbwrZQ+A9LvAYo78Nv1WZcfK0LceUxHTCcdiRtFfKt54U0WA/2l4413VfEWqTytLNPq9/LcOjMSxEUbkhc5OMrhVPcAkeK+I/2gLiaNLTwpZGa3UmNJ7aJjI7AnHkRAARqMZ8zOMg8nv5P4j8aa9dW/wBv8S69b6DZtG6zR/aFn1R1LEfulBzGWA24Az1AIytcuJzTK8E7Q/e1YpJWV1tG9ravRJLVq2uutrhh69d801aKUbcztG75btq/a/q13ufV+vfEbwz4U0pYNJmtrcOxS3jhZfOCMMM0iJkthjna2QzYz0xXjeqeN/Et5BeNHepYae0Ql/tLUpxEVRlwfIicjZwcgYbdgblOc18tal8WtA0TS5IvDGky6vdvuKaxrLM4WfcTmJZM45A+QD/gW5TnA0jwJ8ePjXL9u/su6TSrlkRd0jWtrcMThUt4QAHxnhgNpHIGa8+WcZjj/wB3g6Hs6crLmULySaSdkrLW+jb07WujoVGhRUXUk5ySXuQd1oo9Vp383br07fxT8XfC2lhI7a8vPFusxljNECTZK6n5CQMqwBAxk888Ma8UufG3jjxpftDbQzxwXMhjg0vSlkV2BfascrxAAAkqpyPfGQTX1x4f/YzTwnZvq/xO8SWHh+yWESy2kEqCQqgyI5Z3YOZG5G1RnnsxNOv/AIy/CH4W6e+k/DPw1aa1q0Pyf2zeQJ5SyIcK4dgfM+YZyCp6dMmumlk8qahWzOsndKVpycpacqS5FZK++i3/AB5ZYyrJuNJRoxS1cb8z+FL3tb9b2XXyR5t4G/ZV8ZeJUXV/Gl4nhPRAomdZWSKdoidx81pmDliv8ak8ZwOgX0PVtQ/Z5+C8Yh022i8WeIoEwpwLyNbhV27g5B+Yt1+9k56ZFeL618RfiT8Wblhe69ctZzSKkemaWzxwsCdvkxxxhRwpK5Y4wBjJ4PV6F8AbmWVbvX/K023WNZWF0xW5ZMgk7pCSC4Bx2Usf94543iLKspXs6EacZvSM6lnJL3fhgnola2vp0uOhgsVinzRjOpqlJu7jq1bXR20d9Frrsjzzxf8AtBfEDxY0llpUcmhaQ7EQ2enx7ZmQnAjLRkYyDhhj5T2HGfXfgv4X1LSdC134gePvA93q/hC1gQ3kN5M0F7qFy5DQgvId5ts/fAUBl4wwO6tS4b4UfD1w8ekx65frHmLcVmiFwCWUFxzklckkE8kkcc60PjnxR8X7B/D1tItjoqGNJLO2kEcVtbopAmuAgCuEGCiEMQcAZ+U18Nm+f4zOKMqUHU9lWfK5tThJR93mdOKt7zva72vddLe5g8HQwdWNSrVVStCPNGEVeKkrNcyad2rW1vda2Wh0Xx0+K2hfET4VeHdL0TwdbeBdG0+R4lXTykMOoXW3asShQrsdrDzG53sT65P5V3Gg3J1WOwhdmLSMxjjVpXG+T+EKrE7s/MRkjO5hzx+ouv8A7P134k8NaFpOkalLZ6dpc4lvdUvneK0aXjebZWAVnYZ3ZzkkY7VNpXhT4K/BmRLjUPJ1zWImVV1S/VJEMo5kS0hbPmuGHyjIycgd8d/CGWrLaFSCpy/eVOe0nJyekXecm9ebu72buzyOIa1XMcRTdSShGlTpxclZaPl0UVaMdtraa2vseD/AL4BeNNcuHW8sF0DRLwo66hqcX75wvSS2iZkJZuNpJABOSSVxX2RaeA/g58I5ml8QvBqWuq5mS/1VkvbsbclRb2jbhGQfu4Jx97HBrxHxh+0Preq6lJp/hSzFlaLGUW/TakkULDIdIlwsYCgnaBg4K84FfPN5qGsa5rcj3V3e6rf3pMcUEaT31/PKxYARQRLI0bFjhQBgN2wa+mx2EpVuWeOrtwg1ejDSKhZNqUm02t7K7Std9zgw9b6svZYanzylKzm1J83NZ6d9dkl5vRn0544/an8TahNcaJ4XiXSLCFXhh1GQIswt1yoeJVwIQQBtABx29a+O/EHiW81HUHuNQu73VdWvC2ZrgyzySu7Hb5EKh5GZuwVeeCMAAj9EvgL/AMExv2lvjt9j1rWtCPws8CzBJX8ReLVMOp3Vow4msLCQgylhu25KYznaCSK/YT4M/sHfstfs2Q2tzd6IvxV8c24R38QeIo47y2huwfvWVm5dIAHBbBJ24z714NfiPKMC1hsspRr1eZR5cPDnabsvfqq8XZt3eq0aZ9BheHM3zNe3xUnh6FnLmr3ilFctkk2r3ST6K99Oh/PV8Ef2F/2jfj46XWleE7nQfDUro0nifxUsmnWKQMSTJbRSqrSMqHKggBiFGe5/X34L/wDBOf8AZ++Bgsde+IF0fi741i8qVLS+QNoVndrkmKPTwWjmWN/uyMcHg4HO79DfFfjeJIDZLPb6ZaLGI7fTNNiSIhBgJDHDbhVSMJ8oG3oCc9a82h8J+I/Fk0RsoW0i0ZsySsWe9uEc8MOAUyDyob3U9q6qODzjOOWpXcsNh3ZySbSlFuO7dnJq/Sy39DZ08pye8VyYrExsoyequ7bdtb6K1l23UWp/Ea+jjj8O6RjSNNhjWLT/AA5oNokChFG1IhHbKqqAmMBtxGMdTk9N4N+CPxO+IamaHTH8PWUh3y3N1ua6lQnJkQycgnOCOuQTzX0x8GvhHomgXtte6noZvTw015IBLdqxBBcF8kLzkg5xjjtn9BNJ0TTnsUfR3iMICqsGAkqZCnbgAY4544Jz7V60KGDydKFGmq1SSSlVnquZNLbVr5u+jdzhq47E4/mTkqdNNe5DTRW+Svqk9b6ebXx18Hf2dfAfg24jn8VaZPfa04BF1qiNJZu4A/eohDJktkgnG7619x6bo+nWdtA1rbWq20SKYIrcqiFM/KBtUDHIK5BPRQcGuG8W69oXhbS7nUvFmo6dpGj2kLPc3GqTxQxJHGCS2+QqR0/gJJbI6mvzh1z9s7xj4u8RXngj9kvwlqvxIu5pJLW98T3sUkXhbQmV/L+0i8kQRtChJYMjHK4zzzXmY6vVxClKVZ6Wbg2+RJcr0WiS0SV9n0ep1YLD3aSpvVp8z63tdXdnfpfRPrufp5438Y+EPCOi3Op+MNa0jQ9IgieS5OrXEKRGNAW2osrqSQBkBFJ54wMGvzJ8T/tifELxrr83gX9kDw5dePbC5lkg1DxbrEE0Hhzw5K7Mv2i2vZo0W4gTlo1jyFAyGXBrDH7LmseJ9StvG/7XnxMvfG1yzi5g+H+k3slp4U06XIY20kccgW9QDEZ3qBwQCDkV2fjT47eBvhb4Zk8N/DTSdH0C20yHFvZabbQ2sEdsnBEjxgPIQABmRjknjODjwaFWvXqOhTpubklZqMnHS3W10r+dt/K/uyw2Hw8YVJ1eV6OSla1k1slq9UkrPfvojH0z9lrUvF97/wAJb+1P8VdZ+IGqoUnHg3TryWw8KWMwYEQtBE4W8jzlSGAU45HJx6pd/GPQvgs2maN4QstG0jwLFNFZ3el6dbxWwtC2IlnDqA7HJ3OHYknJ6jj488RftKW+t6amow6iYFmtxvxMQBOPmlLdgd5+XuAOenPw18UP2jLe/aawt7hJrNH8y8u5pCUZ42B4Zh8xBUYxkZBxzkr7OX5Hjq9ZKunyuSTSTS0ttayTt16rV7nm47MsLRpyUbNtJJ3+Je7pq7Xvbfo1d7H7D/FX9pbQdN0+Q2WppcTXCh4iZhtMUg35BYjaAeQeoVckd6/J/wCNP7TdpqmuwXt9q22WximiUwTjBg7Qud25lZuGBJA7LjGfgnx58fNa8QTuIdSlt7K0R4g/m7VKBcKNx4UBcngN9Mg15T4R8PeLfi3qwsPAuh3/AIt1Bp8Xd5KZY9Ls0ZvmlmuWXyygySSHyFBPBxX0lTD5Jw1hJ4/NsXhsNRpRlOpWxNWnTpRirP3pTaTdlstW10Z897fHZviIYXK8NVr1qklGNOlGU5NtqyUUrpdOm7veyS9j8aftAeI/EbXEGiCS3tmd0+3zSGOKKIHgoSVBAXJzkk9q8QkvdX8UXZgguv7VncEXOqX0jR6dbHGSsTOMS4IPCqwJHOc8/pD4B/4J92F9Z22tfFvxvaBUSOZ/DWjTmGxt1wG23E6cy9cMuCWB966n4i/CP9mj4f6ZI9td3+qXEFnJHEh22Wk6e6L8zlmIDGME5f5mbAOOfl/IMf8ASK4Unjf7I4Vp183qufsqlfB0ZSoxUZRjJwb5OdpPSS919G2fe4Xwd4gqYWWPzuvQy+moe0VLEVVDpFpS0VndWafvJ7n5YalB4Q8NaW9zrepG/wBYEyxrK7lYIEU4It7cgrJ82FDAghT8pYHbXk/jv4vzaTZw3ulXsFlGIxEJGcGQxAH7kIGPMZSc8ZJOcnqOW+NOt6DP4u1PRPhpqOoePtQvLphY2draSXEFi8jMBCkqK6sIyxAl+UEDkZJAwfD/AOzZ4vu2j1r4o3M1iQouIfD6SbZUiwHCXC7gsCYOGL5I6AKQSfuaOaRx1CjiaqrValenCcaVVSjUi/df8PRQtfVW37rf4eeW4uFeeGo+zjChU9nKtRd4z9nKOqmrqV+ttWlZ21R5BZXfjb4p6y9lpVnquoQ3Nzg7GdTdyyNgB3IChDnO1PrX2t4Q/YUtNJ8Dap8Qvihqul2JsrX7TaeGoryOO4Mm3dEk+DmVmPBBU4yTt7m54d8W+GfAUttYeG9IsZ76GLZAY2TybSReDLI4I3yBhkkljnkjBxVDxP4i8Z+KLTUru/u7/UbbJDQWyzNp8AJAHmMMJ8oPGSeARxmvCzN5hWsqNangKKkuZPldaorRvFPo2tLpp7WPqcsy7LMNB1MXCpmOJtJwim/Y0m4pqUlZ3UZbprfW90cNpnjObS3Tw/4VjtdB05la2uYLCLE0gXKKnmIFZ5JFJ3cEdACNxFfQ3w7/AGc/HPji4tZNG8O63r2q6m6TQQXFtNDYWsTsN1xdTSBQwwA3BJHKkHIrT/YX8IfCe8+OkC/F7XND0vRdNsX1GRvEbRJpTTjDqzysduYCNyw4IfAH1++P2nP+ChHhLwJYX3w6/ZNi0vxTfzPJbX/jyLTobaw0iKNXjeLSQhLM0QHySgnAG5htIFfmPEGYcQU8wp5Tw7lTxGJnCE62Y4lyp4SipuLbnUUbzkr81lK7bt6/YZZh8sngnjM0xcaVGnOUYYOlaVWVmrRUeZWutFdWWjZ84eOf2YvhF8Corbxp+0/4vt57yKxeTSvh34auY3u72UJmKCdIiXgTd/rN6LlT0x0/P/4ifF7RfH/ibSJPA/g218F+HNHtTp+m6dEge6e1EjCK5v5RgtM6kElySTxkkEjw74sfEDxx4w1DUda8U69d+I9e1K4me81O/u5Lk2/zcpEXOyAZICoiggKAcHkW/hvp8qGGZ4zc/a7UFrmVj5e9duVXcBkoMDAGDjjjmv0/gLIcywlenj82zKvmGPavKML0cFh+blvGjh0+V2sk51OaT00Sdj854szPB4mE8Jl+Ep4PD8ybk0p4mo042lUm3dape7GySet93+lXwqDw/DpjcSYLpLIDuPIbqMDOckcrjOenU52tXZ5PDulzRzATWlws0LsPmjcMSpQDB3K23BAyMfNznOf4Bt0h+H1v9ofCCGQpt4XLAgKwJySG5zyeAc9TTtXu0tPDU96GDCzgeaFXIKs8QLEMowArEAY4IXjgYr9wwjeJp1ITj7jhKHI9VKPKuZNO6ae3R/dd/l9SDo1aUlpKLpyunZpqUW7L5afjorHKfEG71LXbS/1r4v8AxH1fV9Mt7eJLHRTfPBY20UUaiJJUDAMEQKCu1s5GdvWviXx/8e1ubdvA/wAG9Lnuby5CWlxew2xdXO5kCRRqpOO5lZxu+Uk9M7o8DfFT476xe6j4gu5PD/g2C4cJLKzRW7wK2FFpASoldlAO9scfd6ivTINK+G/wQ0WRfD9pa6hq8qGOTVrjZPcTSkbWMJOWUKc7RkDPy5IyT+YUeH8Dgas+XDQb9pKUMPRgoU4x57pyjFJXUuurb02uz9BxGb4zF01KVadOmqSi61Rt1HFRgnyczel1vfz6Hzr4H/Z4F2Z/Fvxd1WSS8AFzFpLyliWx5mLjkqEGPuY4OSTtFev3fjaHStNi0PwXYLDBuMO20jEMPloMYaRQpcEfeJPB47VgXus614xl+1FprPSQR5jvu82+ZyB5UaEDaeCFAGAMg46V9EfAv9m34p/HLV7Hwx4B8KXt3EznfNHAY7e3QkBrrU9QIEcUCKWZjuOEBB4Xj7PK8kzDNq9Ojh6FSpKXLGNOnGXLFS5bdouyer2un6n5pxRxrkPCGV4rMs3zHC5dg8NTlKti8VXhTUrJN3lNx957JPV292L6fLWoeHL7xHf2rajdyFIpV82xsdxjQsSPLzGCZJXIxtUPyRgDOK/RP4A/sE+LPGOhP8RviA1h8GPg7bBbjUPGXi/ZYXF5Zwgu8Ok290Y5Z5JEXAKJkk8kjbn6r1HR/wBjn/gnNoi6r8WNR0b45fHuOMzWHgbTJIb3Q9D1IKWiN+yO8bvDKBuaQkAALwDgfit+17/wUB+Ov7Uus3EfiLXJ9K8HWbSRaH4G0SRrDQNJtEbZFGba0McUrpGFUthi2BnHNfrtLhTh/g7DUsx4prQrY1qFWllVKolUlZJxVRRd43bV3JpJbJts/kifiP4ieOWOxuT+FWDr5LwopvD4nj3MMNKMaybUKryihWUfb8sb8tVxcG2mmkkz73+NP7fHwL/Zq0i/+HH7HHhe1u9fjhfT9U+MniCGO51GeRQ0c82kpKpMUTPuMJQhgpyucED8J/id8ZPFvxI16/8AEni7xBqfifWb+aSWa91G6ln+d9zEIJGIRAxAVVyMYHI5rz3Unu7uaQzTSSFlJ3EsUXOPlQEnHPUgA8ZyGJrk5Y5XKQoGG1sI2SMgsOTz1IGCc/Xpk/D8T+IWY55H6lhmsuyilaNHLsJ+7p8kUrOoo8vtJtO7lNvrZK6t+1+F3gFwp4aylmcKNXPuK8Y/a5nxRnLWNzXF1qjUqihXqqX1ajdvko0OSnFWWti1LeXdwsd1NlwXUbQSykAlSMDkYxwPXJ70+6MjqEK7GYo6xkE4X1PHpz0I6V6V4L0G1k0m7mvrZLnzJiqjJIhAVvmLZA4O3ODjJ49Rx3iGN7a8aRY8ICIYzuG1guVGegwAByT09+T+ZPGQnVlTs01K19bt6Xd91dNtrZ+bsfvLoclNczspJK3a9tna3VNa6fgvUfhnOI4bt4iqu1tJbmTBAU4+VeMfPgNn88EZB24rvV4J7hUa+f8Adkgxbgq8kDcBj29MA8jAxXM/Ci4MjX1owDSfNIAOgbGASfQAe4z3r6i8OaGLxYIfKiaR8qzKAxYAgjdx8vGB/dGSeR07cLJyxEYKCnKo1GN09L8qtZ7K9na2vfRkToU54T2iaiqTbain2imlqlq7vdvqup4LFbeMtSc3CnUnRgFClpFXht2M46gA8cEkYH3jXK/FGPWNAsNC0/UbieaS7WS4CSSORFt7FS2NuOu5vl5B5Ix+gek+E1gVy8ce1G3LGyBQSMdcdCCCduep9MMPkL9rqCLT9V8IRRoEZrGd3wACQecdsAYxwV5z64r6bMcglhstniqsnJxULRtpeUorfez17LfRatfM4fMVPFRpQjZa+823LSSW+rXVJeXu3dz5IurmUKCzEjjADnGD1/BcZXgdeuKphg2EBCRsAMsDwQeTuxkk8dSD0OcYqqxWReXLAkjOCQMc9/r0OenQjoqMrRk7huJIzy2AMcAdDkHP8+xr4prlunte2991pv06WXl3PdTer0tp8Vm9+iley8l03SV0TzMkf3VUPtCjJOWzjJweAD6Z4Iz1xmPzihLLGJOAMc4UkY4Bzjjjg4PTp1SaMHDOxzwSWbGAcY+q+pzuAODnGK63R/B+tapDHdQ25ktpX2Ky9XPCjAABOPm6ZJPABIBrGrXo0IKdScYLRK7tq2rJbvXTorfIbk072SsrdLdFZ3urdZaat7N6HNNNcCMojmMMocpwQRnqrZzjjBGR+YqBQg2FWMnAWQEknqcbmHIILZHGPmIGDxXuTfDrTLSyu/7QkcX7RKIE+YMkrL9wc4YAgBjwBknowI8cu9NuLGeS3kDKVkwoYMpxk8jOMg7R+A46AHDC43D4qUo0pX5XZvTXRK6el1tq+unR2Xt7/au72dnon7rb1dmr22stdOyntJ9sse0qdi4bbglc4zycEnGcc/NnOe9ddo2p3UBklsPNEkDhkUAktIThSmMEEYHAyG6HFczodjLe3DwRI0jHMjbV+bYhJyDwSOvzHBGSvPGPojQdK0m2tdPeewhtriSQEuRuVsbcHOMhmI6bcnJ9q58xxEKKs17Rt2jFdHeCs3fRa3tZPddgq1rRut90k3Z2UI6dklZ6vW++mmppup6+3hzWJdetHWW/t0ELXAKFrdVGZUQ8EKCP94YGK0PhL4wHhPXbHU45I4mhhkihMq4WSM7vMYYPDclY8DOeD90g8T418S+I9Rlk06zRpbZNkMEcW0yvHE2Cq4AKpgf7x6BvTW+Fmh3HiPxLYaHqdvLYxysIo5ZomaRNwDSKi4yx5ODyFzjJwK4cNmOIyym8dGs8NUoyWIi6LfPSUVFxcUteay15er2vv5WOp0Mbgq+DxlKFfDYqlKjXo1FzRqQmoqcJLqpK/R9NtEfsR+yr8YvCOqeM/EviiW+tbaHS/CDWltaX98wluLkszzNbMxG0FsjZklRk9zVP49/GS1m8P6vNYeHbhLO9iuVWS7lea3u2eIo1zAx+8kbngL0HbqTS0D4d/Bv4f/D201C+srZdWVbmG5uIrgxXFxO6EQxyQNhijuV3pnG5ueTivkj4kfFPRNV0CXQlluGn06SRIlZw0dtCSyiG3yecqck4+U4J5Ga+/wCFPHvGZhwni8PhcRi1iViMTQdStTftqrlyqVTm1un0Ttpuup/LuaeC/DWZ8b4bNo5PF4LDUcLTpQ0jQw8cO+aKpJScm3L3mpaq+urPjfWNY2I0q2ymQ+Y0hYbY2Ej9DuyCwXGBjPsMDORplnucSWltHBMuJHmPHmLIeSB0wrMQOc4JJzzVzWYxqCE2jb7RWxsxmViTlhwB8ytjGfrn0y7WWS1jmaSWVVhxGkLOfNdCNrEgYIA3HAwADhjgivz2vip4t1K7b9rOTnO+jbdpXfTo+rbv03f9NYWmqFGlRhdRpU4xilZcsYpJK+yXuq129NuxB4gtfPvpIkt994iRjz7cABc7SQAMcnrnDE/hxzA0DxLcW+ozWkM8qQhiZbgMFkVBuMcYPLMOQBnIwRw2QfQLnU7GD7Hc2dpM9x5RxNKu6PcBlgysQC4GFLYODtIDHGdiz8d50y4iFvaWSjCssi7DMyjl1DdGIzu74x04xCxGJhCDpUFVsrWnK+zu13Sffa2u90+tVGmlKT5Ut76tXTSVtLW15nutmrnh3hrVGttTul1KQtIsQCpLEQySqQBtDZBCj5SBng9+lfev7NyST3U93GiNdR3G+KNW8vYrgl2IIBAxlvQgnHy18p67eaDr1utyLCGxv0VI45rbYDOw5LbFxlgwAyepPJAwT9A/s36mYNVu4I52SZgsJaY7FMapzKRu+ZhjhV68NjjA+hyauquPw7lTlR1tKMtV7yV+V3+7yV7Pd+bmlNVaEnG7cZQktZb80ddXfTorvy2SXh37W6TXHxbvN21w1vaiS4CBlcqpIEhBI+QA4wQevtXhmk6mljE6w2luJ3cxNOQGJiYdRz8uOwUgjJCjJLV6l+0ReyReOdTScy3IivJS8rggPG7AKsfynKjttLAcnpzXzs1y6TjyhIiMDIigkqAxyN3PIHGfl4J4yeD2YuCqYmurNR9q2knrdNb9Hqt7rW606ejTjSVLDuesuSnzK7WvLG3xXVtbt6dersdhFcJAZrglJQZCUjyM7j1LA84P154HcGuo8PpbTTxzvbKJJpsoSDt6c7SM856cDHODjgcPZ2000fnPG7xzMFMpUsu7vg7dp285UnjsQTXX6DftZXFvCIfPZJ0QnIARHIBJHOMDHfk4+o5nC3Kk9rJ7aq8F1Wlle2uiXmzoi4x5XdqNm7b2bcX7z78r01aXR3Ta+gvDWjiKRgEjQGFZ2lB3EbRlVA7s3TuT6HbxKbSFnlZV3yNIdxJ6ZblieCu7Gef5V0SafDb6Ol9pxaRrqPNzIXysOQpVMg/IQcjjkYI45xXtNOuLqRo0Ri8gQDy/nMjYwoQDJ3c884XkYxkV+g5NhvYYSM6kpLnjzNaJbJ6PZ762vZO/RnkYyvz1eSK5lF8un/bsbrv3bfMrN9VZ1La0eTCxRqzl/LXCks5/uKNpJPXHOBwxbAOOuj0zTvD8drqGtEiRioh0+E/vSc8GdeoBxyCD8vBwRXQ6dDp/hrT5HRFvvELqWjtmA26fuB+Z887h16Zz6DgcfqFxqupbA2mS3V9JKzCQKWmV/wCHcCAqgcEAZ4ycAHFXisbUlH2dJNwS1k1rpaKSkktL3s7Xd9jOjRjy81S3NK0lFy6rlSXkn1vv23NDW/igRZ/2RYPLpqXD7JobZTABF/CBtAMhOMPhlBZscbc15ZJ4mtLeSVJriZUeQoQW5KljvdgTuJfJzuzjIOeTjc1fwh4xWCLUH8I6ykJfI1Q6XdGzc/MpPm+UUbaepBOADgcCvGtQtnnvbjzZGW5hch02kBTj5QquA2MgAZXr0Hp4NSVeFlKSs/hWvdd2nfdvW9r9jshaWsLOKfK7XSurKSbundPR2tfo+31H4S8XQRrbW0MkTxzKwidnUeWenmYbGCuDkFh1xzwR+jemf8FAdT8J/s8v8AfBnw/8Mwwav5R8aeNLzT4bjWNUFvMzxvZyN81rKoOwyIclQPl65/H3wFpyT31pdaqZ10+0dXuSuUxHnIQDgEMRhiBkjsOK9Hvr+3GpzNpcbLp00oTZKSrCNRwFz0DdCQRnkE9BXj47M6lJJKo4zp8soScru1kk9EraN6K+3dadNoKOqTUkklo+isnG2vVdfXQ+wovjn4hTwD438KaJqGrab4d8ZWkaa7pEd7PDp135IPlSyW6ttml37iSys2OMEE18eWOhNrV9NbukKQ2YSQyBlQsigAKdxBLHpznnJJ5rb/4SZbfYjxzHAMMSREmI7gMBlK8kHv3ODjHNWNFuBe3q/bIPs8bsd7Rhl8yQjaisAAcbvmwMYyexFfnuaZ1Vm6s51bytrqm3tZvS19U9fvWqcRa92FNuMb3agtG7rbouj1ffXVnQ2vg3S9Ju4by/W1uftUIa0hVdux15ClkyXIxjDDkgdSePSbU2csEFlax6jHLMplnEcUkbKkfXYGVSEwPlOMFQSCcZqrYw6F4VutFn8Qan9ohh1rSdRu4niFxv0lbmJrm3SMtkBogysoxnAycDFfrK3wb0z9oT43P46+F2gW2s/CvTvCXh99VsfDdolrFZSJZW6yRyxRgkXMrbjOpBJcsWIOa/GeL+M6fDuErZjmNSVLBU6FatOvzJRUoOCjSv8LnUTvCKkr207n12R8GY/iVqngasJVpVacPZNrmtNq8puL+FddHs9tj829F1ZbfTWg02C+1GdCVjtzDJO284QAMmXLluM9eO5Oa9S0j4AfHn4q6Ep8I/DPXtVllmVDJcwTxwxqxAAU3AjK4VsgAntgYGB+6HhvwL8Mfh0+l6Pon7Ojy6lex2sOnas2mC6uG1CZlI82Qq6xuZCM71UKDncpG4/SkfxRf4W/Dv4i+M/iBpejeFV8BtAX0ya8toJJMoGightoQBc3mPuKu4qTjIIKn+fZfSFzTEVsJDhjI6+YfX5cmDk60akqlVa8scNScpSvZ6c1kr8yP3XIvo74ejha2LzzOaeHq0YQlUo0klCEZcrUpTnzW5ls7dLtrr+F37MX7FXwc0zxRr0H7ft9rXwY8K6VZtJosMMc0Gq+KJgyrceTcIrCK2gDO3mZJO0YDE83/2ufA//BLbwB8LXX9kfxv8RPEnxItdZiMM91NcT6C1sZB5kl1LLEoEgXcAeWxjbzg1+g3xL/aH+Cn7XPw/0228f6LrWkjTbiabT/It1/t3Wree3kkie3uQm/yxgbYPlyp3AnFfCHwi+Kn/AAT5+HjeI/Dmu+GNb1a8S9vbQR+JrCLUbRNXSRkt/NgBVlSBeGO4hXUhsjr/AFfwlxrn+J4UWLzThfGvN0pSr0aK96nOFuWMVKbUb2S+FvR21bPncz8O8uy3NoU8PnWFp4P3VD2k4P2ikou/u6TtezldWat1V/DPBfhnxlcfB62+ME/hmYeDJNYi8L2HiUJKbe81Ty/3ypM6De0bZDEcHBAOOK+7f2KPiv4I+FnjJvFvjGWw862065SxtrmQRbLlk2go+ThiTnoMdSRya6r9pT9sb9mfxV+xf4W+A/wiuJbfxPYeLU1ibTLHSY9P0G0gw4knQR8+axI5zuzx3zX5QXd9c3+nTrDEscsMYlN4ztFGGEBxzgLtbAIDNg7skg4FfQ5LnubZxlleWa4KeXzqVZ06dKvD4ab5eTmuk+ZNrWyTs3ruuGtl+GwOOpxwc1iFCO8eWSm4tLmXLzaStonfS1+h+9Hxt/bE8IN4G1Vbe70DUdc8SXDSafBLdR3rWigthWDFxHlAQF6HcOnIr0G0+LmlfD39mPS/ipr+7+zNM02zuv7D0RQIRLcI2HlEcZJM8pBkBHGecV/KloWq6jqZ1Cym1d5b979I7Ng7OqlpvLZFYsVAJODtPHtk1/T34u8A6r4b/wCCeMpu47J7u28EaDfC2uFEn22eZIiDlsqSwLZ5P06EfpXC9Cjl2DqOShVXI5Qc9bSai9Emk3u9fvPzfivE18Vi8PGPNSg6kac0k0lGNlJWSi+br9lNWaTZ8G+K/wDgpz4k8ZaJqeheH7MeGbNjLDd2miXMq6pd2TEKUmMaMQWjOXHXJOeGGf2M/wCCQPiPTPGnw98UeNZfCdnZ63b63DpukX11agajNaQkyTyO0qK+6QsXlkwgYjIIBFfB/gD4X/BnwZ8Nvh94vs/hZ4Rm8X3tpaXfiW61IQ3c9212vmeZ5M21FRQpzGhbDYHYEfsh8FbbRvCv7NHxS+JfhfTtP0a4vfBviHW9FOn2iWtva3FrYSrGttBCQqlGBIOSSVX5u9fJcTYzG5lGnSpYecVRrSqTqNpQtCLXuxTspW6NWT8mfb8HLCZeqyeIipYmnSpwhdqSdSpTSfNK9nfRq277PXxfwv8AtL+Evgk37bHxJ8beJ/DtrqL+MLu00bw5dXkMNzqdxBaPDbNbwK4eVmdsjaCF2cnjB/iX/aO+Hni74ral4o+ON5rvh2X/AIS3xlq1+dDtrp21WIT3MkiC4hI3qDGVCsVXOAAex+4fB3hr4g/G/Vm1TxRdazqfiXxX4znGjy31tLPZTzLqNwZNQu0aVUnihjxyykbVKgkg7ftDwt/wTm1DSfjH8PdP8TeKdK8b2PxR16S71W18Pad5SeGvDmiiK41KS6gDNHZtMU8hSdu7PBOBjwuGuKquWz/sycueupyg5uLakpzU1GU1G3OnLZWWivtd/v8Ax34SUIZOuKpv6th8yw2HxNOnVnD2sadKhTpKooq0lSlJc0W0k5N2b6/j/wCJf+Ce3xa+Hn7G+nftZeOSnhrR/FHiG30vwv4M1FmivNU0m6O1ddiic7hbTFT5TbM/L6Mc/LPw3+G3iiWD+2PD2kxTPHIytNLL5bRlh0RumFUjB4zk4zxj+iH/AILW/tDabr+mfC79nPwrGLfwv8NtNEk2nWoXyIo7eMWmnWbRxELvRommZSNyvKSAMnP4z/DXVotN8NxWLxagGllNxMbbcMxE8hiMbRgdu4z65/RnmU6vvKNm+W931tG75bLlTabtf72fy1iMDRpVlB6cqbW3wvk5OlrqLTb6O/Q5WHwf8V3t5DPohusSdI7xZN6k9CAoGD93J5IODgAVm3fgP4kxyyyp4Gv5HMYU+WUkwGX5grDIBC8BtzEg88ivfLhrjV5Db6HPrunIyB3MgZlZhyQCXH3h2GOOpwRnu/Cuk+PIUSBdQ1BoMl3lmi3MCQVVlyxJDYx2xxjtmJYutFX5oarRLra21m9e9tPPUhYSnJ8t5tJ21s0tYR0TWtna9ttLaHw/qHh3xLaLtu/h9qJJUblMDMzMG+Y/IBnJ6kDPcccjA8hI1CXfgvxDBMWIDx21xsVBgjGBjHUKuDkgHjlq/UPT/C3i69u1Z5mL7WB+0QRqnchiTnkAgjGckAYHNdHb+C9UMyQ6hd6fkdmtYmGATkKTHgkg84IxksDg8R/atRNJKz+FavdW3em907LXpbR2f9lUm07pu/WEWn8Ltuut7JO60ve1j8z/AAH4X8LeLPE2neG7+417wzHfna2qXto7WdtMcBDcMwUR2+8qHkXO1eRnrX0B+1J+yX49/ZTtPC+q638Rvhr470XxjDbXeizeB9di1m6tYLm2W6ii1a3h+a1mRHVZAwBVwy8kYr6m8S+D9LtNLvp2g0oCOznZ7kWiJJuVWXhlUAg5BwT0Jxj5sflj8RPFYtb6a2Fw9xC0zgNLPJOkZRyimBJJJBGgAwFQKAOODkU1m2KcoqnJSva7u0/s7eelvN7vtpUwuBw1JRxFClK/wyXly8qum7W/4FuhzifFRrOVba7hkjGdp8suWG1uGKMDgHAz94HJ5AxXXL8VdDuBFFM06uyKMuoZAGAOQCMAk4J6cHBJIGPmPU9VGoX91fAlWQBMKgCsgIUNtGQp6Hn5vXgAV1sD6WNGdhawy3+Ylt5WlBeZmA3K69F2nPAyBnt1Hs0M1xdNRlGWi1tfquV6JtaW030lZPXV/MVqeAqynH2ML2tflTSS5Uml20fd30atofRtt438P7eb2OCaQ7o5InaGXbxhVCFcHhgefXoea9I8JfGnxr4QuIpvCXxJ8RaM0h3xrYaxdwsjA5UhfPKlV4xlcZBGOMV8i6Jo2n+JbyzsoJzZ3v2eeS63HfBbmBW6puLBSejKTjI+lYck0NrNORO5OnzPDuSUkSGNtpYEn5ATgqOntjNe7geLczwrvSqWcWnZSlGyvFJWTT110203PmM24F4Yzqk1mGWYPFRktVXoUpx11s1KLV+67N32uv2v+G//AAVY/bL+FIg+wfFrUvEdlbMpFh4jI1SKSKMqqJiRhgMAQ+5c53cn5jX6JeAv+C9Z16yg0X9oP4LeDvF1jIix3l9a2FvDPKCAsjGPynLOS2R82SfbNfykSeI0ZImhvZ2aMhmjVzyCDzluMIQOAW7YAHT1Txj4e8UeA7Lwpf3mqaDrcHi3TotT05NIv0vpbaBlXNvfxqS1vdAsBJERkHscjH2WD8VcfSdCji4061rKPtI80tEteeNql1Fu2t+nmfjOffRZ8Oc9hXrYfL55dUlG0quW1nhknLlabhBum3fVe49tXuf19+Hvjj/wSd/aWgjF0J/g74r1RArSwP8A2ZaQXk3PL7WV8McDOO+cbttaHiX/AIJm+GfG+lPq37PPx38KeM7XH2q2s7u+s0ugPvIgu45xKWPHVASRgLkAD+M0eJLm0YM0eyQZdoyzJLE5JBGAQwdexBGBjr29u+HP7SXxJ8C6jaXHhLx34n8LTQujK9jqt5FHIyEYyvnFTjb6c8dOc/Z4fjThzOaUaebZfSqupa/tI068Gnyq37zlrRunZKNVPVWvY/F81+jd4h8H1Xi/DvxBzDC+x9+lg8dUrqDslywbhOVGW27wzk3qf0Ra/wDBb9tn9ne4a50+LxrZ2unpmK88N6nc39nPsLYZo9zbosjKgDAGAMcFvWvgh/wVC+Pfwign8PfEPRrXxTaz3SzX9vr2nzWOouyt8yPPIgEjjqCVIyDkZr8+fgn/AMFoP2iPAFvZad4xutJ+KGiQeXDJFrUUR1FrdNoYfaZRIdzLzyCfT5jx+o/w/wD+Ci//AAT6/aMgi0j44/D+HwFr17HGk2pS6Xby2iSygBpF1CMIyKGJIYKQAQeRurxc78JPDHiyMquEcMBiKqvajyKUXJbwhNwm2rp8sak27bNtXnJvHD6TvhzP6pxRkOG4mwOHcUsTh1V5pwioq8pUo1FZ6u8qVOzetkrL7d8Kftofsy/tG2Ok2Hiy1tPAPiBrlDN9ssIv7PdpQA+bw7Q6D+EsoxjkBsFfoXxN+zb8MPFHgebWvBzaZfw29pPJBf6Hf28yXysm5GNmhLRsDg4I6g4PNfAupf8ABO34F/GbTJfEX7MHxt0O6hvo1ng0p763urcbxvSPcZUnh2liCoQlfXuflrxf+zj+3j+y/K2peH5PFN5ommPvW78MXt1qmmTRJnBuLQMUWIjG6NAflwOcHP4Rn/0cM+yjEzxHC2exzGly/u8LWlOlXhZJpKnUipSbSSi1GS2d2nY/ovgz6ZfCOc06WE4xyfG8O4rmUassRQ58LzJJSarxUowW7tKUZJLVatn10f2P/GXiG8jvvCsUuqRwMDc+bb4NsQ5H+kBsABeFVk4JIOccnC8VfBb4g/Ce/sr+7ivvBeoeb58Op2ckttPMIjvMo8o5KscMoJJAHOCuD5h+z7/wVp+JPwkv/wCwfjH4Gi1azeTydT1OzsjY6jaQq4DGa0lRGuHAyTjrtyCSfl/UnwR+0B+z7+2kfJ0Hx7BNqS24aHw9rqQWN7aS3I2iNI55BlUYBVTJ3dMEk5/Lc5w/E3Cihh+KMlxtFqo4zxDozdGVPRKanFcuvVOzd1a+5/TPD/EPB/GsfrXDOdZbi6E6XMo0cXTdaM3ytqVNSut3tftfU8P8Hf8ABQH4j+A7Ww8M+OtF0/4seEnt0tLie7tVTVRbBQkokuHQmdljLfKQMnpjGK3/ABBf/sb/ALRWlCfwrrVv8FfHTTrKmmanZLZ2d3eyHKqWV0ALSZJkLKVJyuRkjM+Pv7LfjHw/ps82hRLc6XbQu5ubaxBuFDE4kj2Bw0JBwZF6j5gMdfzG8d/D/X9GsJXubVrm6jchZ0SWG4R1+YFWAV2Zc5bABHqQc1xYJ5Lm7nLC1IxqygualJq6i+VtOE7uy03tt1TPXq4fMcrkpR/hSl7tWle0vhdna99FbVNq+rsfdHw+/aI8Y/sU+M9Q0PxLpFh8WvB2qNcWcs1zex6nZ21lJG3mXGl3cjSL5U0Z8uW1I27Rs5A5/G743jwj8QviV438d6T4U0Tw3o1/4nuNR0jw7Y2sVlHaQ6lNsmEKRgCUSsWZlxyxJ256XvEfiDxulnBY3Mmp6lpccrLJYt5hkjXkZLFnYsVBGQQTg9jXmrW7+K/E+maXYPfRQrqOmQX1vNGweFWuUDOWbHypk8nOffqfcynIsBltKtUowowq1HKTVJRpwnObim3CNlduKb0ur/M4sTjcRisQlUcmpxipSvJJ8qTScW2lZ3eiT1d1a1v3Q1/QfBvwy+D/AMMNJ8NaWmhwXfhWGaWxs8xJJLdWMU813NGrEGRpGLE7TnndwRXe/s6fHCw1vxPqmhT69PqI8B/DyRbadyWitLu5mdngC5IXER2gggeuOh+bf2vPGNl8P/C/ha61C8T+yPD3ga2gkuvNWJ/tMekRFEUMRubIyVUk/Lg45x+YP7Ivx7u31P4xT+HdTvdY1nVPC1zqtkyQiSMFZZWis3ZWbDMAoCt1BwAciv604VyXhPG+E0cRXxeGoZzCvOtGhJ01Vny1Emm9JuKT5ly9VrqtP56z7E58vEKtRorEVMrlh6dOo1zOjGpo+ZL4VdpXa8+qsfo98cP2kNH8V+JdV0m+0qfU18K6ddT6fPbII7lNWKMLJ1Mg3SL52MgA7+VyAc1/Pdqtp+1tH4j8W+Itf8C3HivQvEWuNNpPnxLEmj2k92w84eW262cJgsQAFOT12mvCvHn7VHxs1/4qwX3iubUfDuo3viC5tZo7VjZLaWtldGCEz2mF8wLGqy7ZCdw3H5sjP0lpH7VR8N+I7TTtU8c3OuWepXVvb6m8EytY2KyFWNzLb7mCmMtl4h94ggHqB/PfFGYZ7h8VUp4HDUMXgYUp7qcakWlFK6trJraL11eu1v3bhjh/hWtl0PrmOnhM0VbmnNrlVSMuRtNW0Vney0V2203Y/fn4CfBD4i+D/hLpXxW+EPxyurDxDYaHp1xfeAbu+k1LSZNQlSM3VhIC7IjCTeuJAjAA8Ng54Hxr+0F8H/jzZeIfhB+2N8N9LstVmeXSj420G0SC6tJ3RlW7Nyi5iRWClnBbIGCTkk+yfstzWfiX9nO7uvgXqh1bxDd6uW8V6bHaGe2vNOmYyNqNujMTGyxsXwgxkYB5Ir5C/a9+Hd1oXga41V9Mt7rxHBq5M15CojvpLacMXhurVgH2KW2hyTggAHHJ/mmjnqr59PCYmvDC4tVp1YQhelVpcktLLli3dR95XaTZ+m1sip0cvnVw1RYvDxtS5l775XGOrau7S7631Tvax+bP7RH/AASY8b/DOWL43fsxaxa/G/4XxpJJcWmkSxTeItDtZQW8uSziZpJ44Ys75iNx2/d5yfjmHUbjTvhD8bdC1UHRdRGlCNtJvVe1vJfLXZInkT7JAwYEsQpBGfUZ/RL4T/F34rfB3VGu/h74nvdLa4jjkv8AwnqMssmmahEMNJCLaZmiIkAI4UfeOc9vqfxLP+xX+23Y2/hj40aBF8GPjDqFu1hL4t0eFdOstSuGQxxteNEscM4EhDMjKDg8HgFf1ajxLVUcPDMIPE4ehOlUlXprmqJQnFpyhfWy3kk9XfqfHRydYaVf6ranUr05w9nLRJziovtbfWzT1tbZH8X0GmC7vlhmTyIMlzIvzKqjJ45GCckYGB0Kkc1qXFposdwsNtEzpEMO7MWR5D83BI4z09+4z0/Yr9rT/gj38b/gCNU8WeBJP+FpfCqAXF7H4m8N4u7u2sJA0kZvLK3MjACMAsyM5CruwQNtfj3JpBtGnW5uGgks52hlglQxzo8ZI2yxPtdWTB3BsbSF4Oc1+1ZJnWV5zQhVy/E06tklOMZRc4NKN1KLampJu2q9ND8jzfLcbl1ZwxNGcL3cXZcrd07xnpe6eqvdJ2LsVpBLG0QgjjaSPAYHLbNuBjdliw6/exnGBxz7vfeOL2L4PeH/AIfW2lyRtZalJfT3bxySzFJjlCFUNhWxjbnGRnjqfD7JbaMi6udQjjiZBHDswWWQ4AYEZ2nA4BBwTgnoB+2H7OH/AAUM/Zq+Evwz8O+E/Ev7FHhDx/qej6Y1hqnjLVniur7V75yCL196Ex7SNyx5AXsCB83bjcvwOPqYf6zWVJYapGtCpNacySSuk91d3u7a+aPn8ZnOZ5Jg6+Iy7LcTmlevFUXh6EqVObg+WbfNN2a0S6ytufizdQ6hDGZLgzW+zcuDDKihSAQdpQYVgDg89MdCam02/wBT060LCe6WKWRlDYA81ZRgrk4IXnsQPmOQK/otvP8Agpz+wpDp7TX/AOwF4R1jUr61Md2uy3CwFhhWiXblNoJGRgNk9eTXgvxV/b0/Yr8RaFdWvhz9hvwxoN9d6JcWVmyyJGLW+uI2EV4cJy8THcPXZ1JAz6FbLcsjRbp5rQnJU04wUJ3ulGTSkrpyelu2z02+IwnHPFlbF0aNfw/zfD051oU6lX61hZRpQnOEXUac0nGMf3jSey6tq35mfs6yWml3vim8Z2aZ7MFd4O5N5IJBwRkkj5h1y2eDXp13dyXFxLcsqBY4HwBhWO/IDDpkr1BGc8ngVxfwIiXxJ4j8S6fpdvBaLqMc84j2BVsYmdpFt1BOWESsqAdCAD0GK9+T4RatqQmMeoWKeTC6qWuEDysJFUoEGSTnjA6nH0P4znWKwmFx2O9tOMZulFqOrulFcraevra3pY/prI6GKxGWYH2UPcVTay0k5qTTkrrmV0rNvyd9D7z/AG1btLH9iL9iTSUVRdXWhaxfM2QJNsisQRgjOOq9j24Jr8S7m4ZtTnxK7W4bdt37hvBAHB6HOON2evc1+1P/AAVO07/hB/gl+wx4UhmQT2nwra4u1Qhgk0yOWYrk4BHQY6jjB+Wvw1kuYLfUWd2SSHadwLsoZjk5OOvOAeT1XAFfK+C+GhU4ZqYvktHF5tm1dXVnyzx9blV7OSVknda9nc7fETF1JZtSoub5cPg8JTfrGhC97Jqybd7eb63PWNNv5rxTIiTGCGMIY/4mcEFQM84JGSN2cAelfRviv9s9PFNl8P8Awf41+Guh67oPgDSI9FjsjELc65HC2EmvnQFvNgYFlBOQ4PHGK+OdL1SPcskdyUh/eHyI5TvJUHaCMfw4I4xxgcBRSQQ6bqMjyyF3uS7Rw4j3SMGY8kZ5JLHcOg/E5/pbhfGYzL44mlhZuksRGMaq6TppxlZqytHm1/RH8/8AGOU5Zmksvr5hh44ipgasquHlK6lSqTioOcJJqUbra99Fd3epv+P/ABNZ+K9W1nWNGs00GwvZke10FJzKtjbLwIxIOcKAAARnbnr0b2r9kn4seFfgx4m8XeI/HNrr97pmqeEr7SdMttLuJIUe/u45Ilkmdc5hLMFIJUnGM8gHjtM+HHgOTwRqGtXfirWrXxfCd8Hh9NC8y2niJAQx3nmqCuRhiQcAEkHkV3HhX4OweONGhsrDxzoekz3VqJJ7bXEazSF1z+6jkjjm+6BksxwSDnHSvrMD9brYpTpUFiKjUlyOLnFylFfZV9uz0v3tp8vmOaZfleB58TWeDoRcFKrJuKioyjo53dr2s25XfXy8E8U+LZr65uWtLi8/syW9u723sg5KW63EryrC/JZmCOo+bOSc8cmq1t8SZ9MhLaba39pMgCb4JHClscsQMryDk855Hq1ew3H7NHiyXVW03w82l6/BHgTXmmaqvkyFMCR4zKUz97gEd8DGSR6Bb/shfFDUEtoNH8B3eqPKVDpa38Rkk2qAXAVsYXLFmJOB2ODWdXhTNqlR1I5bNylLT909HLlbcU1sn6K7XcjC+I/C0KT5s8wns4Jc0514vZRSSu09rXtf531+S28cX1rLBqC3NzNM8puZYpVDEy5L7yTxvDEMG5PSp9f8e6l4st2Gt+Kb2eKQqjWszFhEVQ+VGDnLIm1Qc4IGCAO32v4h/YM+LWj+FG8TXXgKaBbK3mub22utQQXCWkKM0skcYI8xY0VmbnOF6kjFfEkvhzQX1J7BLOeItuVpULSCCZD86ngcKQwXJ7YHA58bMchxWEqxWLwkadSyspRSbula271W+rS7q9j38n4uynN6E6mVZhTxdNOKk6VRyV5crWl7rmb0T0s3a/Xxi+v5dMd5o5Y5ZFeRI2jUvui+6NyknHBJVSMjgjjr6Z4V+O+taDp0emPZQmPDI88iKVdB8waWPDbivZicjhuelS3XgrwzIksc908Tq7I5eIozYyQ4JYBc5xk4Jz16Yx5PA/hwqttHqju8mQGdMlVyQNoBOcLwCDnOc9OfmsZhMNUThOELRaavBJKWm2nR2tru76bn2mBx2KpRUqdSVnFX8/heqs021azWyWz1Z68bGfUPDP8Awnltrtu6X3mB7K3cRzxyb87FXKkBd3DEZ4AJ+6a9Ti8Z6R4m+Hlrour6tr0mq6cyvZJLcP8AYoggA4BBU88sCcHryK8s8LfCbxTq+hGPR/tE+mRLhFmytuz9mXnAJwCAf4uc5NZ+t+F/F3hwQadcwSwxSK0bt5RaLDdSJUXjdknk8YXjnLfJ4rLMJWqRjP2fPGX7u6i302Vtm/wdlsfR0M3xFOm24yUZxSlZpNt8qve8UnfbRW9Ezv8A4YWSv4zhNzdGV0M6worfNcKQwxgFjgZBADDBHvx99fD7S4UtnhEzK0khXdtYGEsclS2CuDj5SOc5AGa+GP2ZtNudS+OXhbQJ7dbmNkuiSobA2Qu5EmeudrDBHOcKMDA/WjTvhsHmuWgDw73lbyIwVwUfkhsBTtPK9uOABjHzGcTpZfiYRkopOCtZNX+FO3TolpfRK3W/0+Wwlj8K6sU3KNSz1b95ct7N6Xvpdaq3m0uH08XGl6gI5vOMe5jDKqttKMC28MFwEAwOpBz3Oc9/4c1fbFeRMxcyMfL8wnJyTyO5zxntjnkA1658PNFsvD/iCCXxn4bfxN4curY2lxDH8lxboYiomhIBIdGOcjLHHXORXoqfs7JrY1DWfBep2U2mzvH9g0uWRV1S1SUs0dvNHkszKMhyD25INfI4jN6Eq8YJJvvponZcr6LW1trPXax7sMvrRpOdr21tJdHbq9LK2yT1Xlc8Lh8VanpWn3iQLh5be4jJzkbWDbyw5ByMEDPIJr9LP+CQkitJ+1bqMmFdvhhfRSOvKO82l35JXAGCT1zz35618Bav8NdfsWv9Kmtna8t0ljnRY23bRwwGATuOCc8842gkkH9Ef+CUHh2TSLX9rWOSC5tmtfh9cAGdHAkYaVfb1CnnIPHCnk+2D6NDF0pRhRpSvKrWoqySTtzxurL+6rbXbT0101wdGq51ZVklGGHqXcvds+VWte1rvpqttHc/kX+Icijx34ndBhF8W+IdyMu4YGqXO49enT69+9fVnwWnDeF7vZIsayRyNtwflVgF4OATkDkcbSABnOa+R/iRdI3xC8XIgliJ8Ua8DHJGyEFtUu95UOASu4DBAwwI69a+ofhFcra+HLZHRHV4HL7SACsfzEEYJBKg8en1Gf2ziqipZHCnZ3dCnZNWekIddFa+t9raXerP5szWMZSzCSd3zV2lvZp2dnst76Puz7b/AGP7e3vf21vhbAjvLbaVHpEBeFsmN3mZ35H3CA2Rk8jOO2f1Y/b18SXniH4l+FrL+xdf0XR/At5JbWd9fRMtvr0k7ZeW0ncKZNp5wCcDoADk/j1/wT71CPXv2uTqNq0iRRzvNAyuAI5LVMW+xjkACUHIB6Ak4BG79FP2uvj146+IvxA0T4beIrmxnh8AF7jfaxRxidpZDhJrhFV5pFi2AlieTgHGK/zj8THxBQ8T8HlmXynHLlk0KmOpKShBKMpzUnazlLW0Vf3uuq1/lHAYLD5h4nV3yv6xg44RQnB2S1cnBzurtczaVne9k1seTwBpfHVpcbpFkvLkMpcnO1UAPOTg55Yk7sHPTFf19fsRlpv2UvBMDk/u9G1JfbOLlgME5OTnHGWyDznFfyHWCbfGfhh3YASQKxXOQuRuBORgkDGOp+9yeBX9dP7EMn/GKvhOQHgaXqm4n023AxkcE5XkDI4xjJryuecs9wcZ3fJgK/Nrq0pUl1bu7tXezT23R/qJw9hpYfgjCOV9MZhOV230ile/Vrvp82mfzI67+zf4I+OXjT9ojUvGUWsJq3hXxxfLosuj3RjMaXGoTq081sDiZOAADn1y3NfCfjr9iD4n6FfXmp+D/Fun+IdPDu8OlzSvZX6xrysBUrhpVTgEnIbJOAK9X/aJ+Kvj74a/Fz4seJPAGtzafqFn4u1RrjTJNz2OrJHqEzeVdQZw6KPug555BySK5DwX/wAFNvFFtJbjx38LrDXFkKLeT6fAIyhBAeQKFBJKnjkknjJAIH+vv0dqvhtjvDbJss4jw9LDZpTim8Wo8s68JtSpuU4Kz5YyUWpppcqd7s/zE+l5D6VeR+LmZ8T+FeJp55wnXweB5Mkm4TeHq4ehCnXiqM3Tb9pUi5J05qTbs11Pj7xZ4C+NPgsBNY0DW9NyMK0lhNdWhVj8p+0RK52ryRwpGSAc8HiU1LxfbCFJrWyuJiWkJaR4JDgHIZZVUjcBgAqMd8jOP2i8Nf8ABRf9m7XhJa+IdN1Pw2ZQqy22paJFdWcTOMMqmZWO1Scn/Z68Ka9l0vUP2IvjBEt5d3fw4vZ76ImOKXydL1AuxIUkfJhs4/4EeccY/c8T4UcA5lTdbKs2hzPVQjUpVLNuLSspRk9bNLlfbsz+VqX02PpAcDzVDj3wrzmCpe7XxNDC42lSaum5XqUZ0bJJ7VWk02k9WfzpTeJdd0+SVr3w/cBp7hyHti8m5M4ORHngZB4GcYUDnmxH4s04zMLi1vbeRlIJmtXOARggkqML1Oecg44r+hd/2MP2VPGmpvb6F/aemOiDMnh/X7ee1iL8bh85+X2UHochsEHP1X/glZ8OtTmkn0L4majZiRSIV1bTFv4wQM7C4xuHXPIIPAJOa+TzDwQ9lHmwePpScleHPzq7tG2qjKK1d9+m/Q+/4d/aX8MVJQhn+S5tl7i0qilhPa8rXKpKShNyaS68i0T06n4BprmjT5jiuYtsg2hCwj+bpymDtYkA5yAcZ4zmo/skFzbyQubV4txDKXUg5yMAHqTycj1+bJBFfsP4p/4I9eNZ2e48L+OPB2rOWfy4rmAaU7ghihYgt85OFVR90gMR1FfN3jf/AIJYftN+E7Oa8h8MadrkVrvnnXQ9Z+0yG3QF3k8naoCqAzNk89wMCvksV4P5zh580nSqdIqFWLcm+XSMZNPVror6bao/oLhb6evg7n3slTzuOHlNWccVSr4Zxu43v7SnZWsuvRn5+v8AD3wrIgkl0ayYlDvlSRFZlPzAjBOSTjB/M8EV96+D/wDgi78Wfid8K9B+MegSaTZeHvEkTXenR3j+c7xAEqJQqsVDAnBGeRljkV8Q+IPBviTwlqN1pupWigRJLDKi3yzSW0sLFJYXRfmDowVSBggDI44P9rH/AATA+KOj+NP2F/h7pd7eWVrd6Hbalo09tJLFK0HkBhEzxPz5kiKGAHIByCSCD+KeJvD/ABlw2sFhcopypY2piIQqU50XWk4SSSfJGN072V1fRp211/qrhvxH4S4pyGpxBgsZhcRlroe1WL9qoUY2jFr3/di3db30vddD+QH4lf8ABKP4xfD/AE3U9fe10i6t9MtzNfpHKFEMKn5pUjIyyhAWJHAwc8Yz8zaH+yT42uZBqdgdL+yuCInS8VD5icMu1ZTtbOARtwTxngY/p+/b5+MN3pej+NtM8JXFjqdpFot5pWu3KRqv2GMsVCKoyDIwJw3OGwOM1/L5qXi7xBZTOuneINQs7Ytu+zxXEiJE7MzHCbsAk4ycnO7jBYitsNk3EuW0sNS4gq0446tQp1pU40vYuKnFNc0XdptOzi7NNXSueP4eeIuA41w2YZng8JH6jg8zrYHD16U+aOKjh5KMqqktOVv3Va991qejaL8JfjJ4dMotYLm1W0DNJc/aVnhKLktJsdiCAMk4x8pz0JrtbPWNZt7LUm1DU9OvpNOUyPLDcrCz4VmkjVTzI3BBUjIbjniuD+EniPxp4k1q5h1nxHqcunQxvgyzyOsgY8q4J5H8LDIwMgnGK98uPhX4X1eR5gHtnZi++3LRpIzgZYrkhvm7MvUjg9B9PgMrnUo06jqNyvbVqKklytNRSstrtvfvc/c8NmNPE4WKpUVBr4W5K+vKk0l7vSzbvfdWWh8pD496LPeXEepaRqVhJAXM0vltJGY1JQbc9AwGc7VPOOSBnZ0j4xfD67TzjrK2wZimy5Uq3Xkn+6Bt9D0bAIzXpWsfs0adqNzNLFqFyBIhXIQYdTkbZMY3YJ9y3U4Ga8l1n9k25McsFjd2Yy+/MkW2TBzhQcHG3GMYHJBOeSPV5XTajyq8UkrpJJ+7ZxtzJ6LV6O97bM8iU8wjJ2SavdJ2jZpRemttvPXpq3f0/T/F3g/VArW/iDSZkUhVZplXryeTnHYAYPT8Ruy3eiXqGO31DTpiQD5kd3B+7UdeWYcZ69eDgY6n4+1D9mXx9p3nLZQW9zAGyvkSspIJyThWGd3TIxn9K4qT4U+PtCnaSXStZjgRCGMUs7qWG7LA52456E5xzxnB1pqV1FWfNZy5Xpy2V2lqrWsm+ttrmMcdjYtuph/dWjaT+F8ttLNbN7O9lbVJM+u/HuhNr/h2+0nT5YoJ5vlS5SQOfl+bI8s5DEE5bcMcYJANfMrfCrx9pk0Rgurm6jjRSZIruRQQQMgAlTnkdR/ukcV9V/s5fC7VtU0tNSW8vNU1i4uZLYaJdSMXhh+UNIxfcAF+v3cDPIFfbifs1+Mb1hFY6DbXVw6rJIn2uJZowVBZWDsmQOmMYHGOgz5+MzbLcJUUMXXhRqrSKqSjrFpNOL1jJ2XvJRco3s9z6nL+EsfxFhfrWHo1ZWWrppu2i0dk0+ultOvQ/HCGL4p6TfI5m12O3iHmbUlkkQoh5IzjI4PPOAOec16n4J8YeOLnX7Kw1C8uBYXs/lSSXsRAQcE5z1KH9cnjPH6J/Eb4Gaz4E8Ot4o8UaS+leH1zZxak0sMlnPe7Tm2SRXIJQ8EAAbhnoct8neHILPxNcebAtvEdNupzAyxhpGCkYc4AxtYDgAcYyDuzXo4bEU8XhaksDiaVdVL8jhJNcyim4tptLS/Sz6bHkUsoxeUZ1hsNiudSjVpTdKSlGUoKUJSi09bOKellu7Wtp9keE9Q1a58DTeGL7wDJOyXEkVt4sisVS7jVowYj5hO7ynyCvbGGBIxnyq4ja1vJIXtpLiO2Y20wvFG5ZlbDA4Bycgj5fVugxisnxE+L2mJAFlS+0+IbI4raQQPJCFKKHjUfOURQQT8wwOQAcQWHjKC51Axa/ouqWsUkgmndCZASSGkYnALFjkd+p68g/O5BSzfL8ZipZg3UoYianQvJyspSbsru1mvO9u1z9o40zXh3OcJltHLMHLBYuhShSrzlCnCFa8YKEkot3V735rys110MLxAuk2ax3F1CUZpdojgOI1BbIOQMA8knPOAQRzV/TNJ8H3qrcfaoYGZwXQnL7mGSS3GCBn1Jw3qAJPiNqPgW50NV8Ly6j9t+2K1zDfW58tI8YZ1Y4PUHbjjuDXA6HYpNcRL9qiCzbWZWUqCTgAYYkEdcY9enTP2sMYq8OWMdLwto4tO6Tbv56WTWm2jVvy+lhpQxTpPknTk6aTjoveaTe9n066W11R0fi7SPDuiWv2i31iVp5S3kxpG0i7sEDLKCOhxnpzng4A8LXxRMt0qXUw8pGcB1+SQfMQNwJz34JXpwM8GvuHwjEEFlpOoeHrG/snmBNy1sl0yoTjJz8wUgkjoRyRXtF7+yr8JfiLp+q3qXumaJq0OnT3FtHDcjT8XEMTTAzQOFUrlTnkjnjg1FTiqGU4mhQq4XFTjUnTp/uoTqRUpuKfO4tvR3d1ZLe2h+rZL4U4riTLKmMynOMtp1qFKVSpgcXXdGvJxhztQ5nLmbs7LRfJn5fQ+KYPMlBuSQCxid34Bz0AwCcDtgDv2+bttG1uAhBJqNoz3BXy1kcBju4IJ6deB0JwPSvD9b0S40/W9X0kNDctaapPp1u8Lq4d45vKWRGBwysCCCAQRwp619jaH+wj8a9b8I6b4k0z+xNWGpWsV/p+nLeCDUDDIgdFaNcEudw3ZOQQeRgkf1J4b4GnjsRhasoqMYxpzbcnCEFPkdpXbvJxfLG92nbzt+ZZJwXxpxFi8fh8kyqtj55dz/AFiNCMpOmlJRb0d5fC1CyvbZu6I11Wxi093WWL5YSj+XMpLuyjjGeh9ccnIJIr5RstRZ/i34Rljfc6/EHwwIwCrsmdZtBlSOQASO4IJBx6+p+M/gJ8c/ATXA1/wL4ltNkJdVs0kuUcoN24GPexQYz0bIxg8A1418MPDXiK9+NPw5tLvTLiKa68e+GJJ4riN45kH9tWeFkjcBkYICSCMnp6bf9QPCzCZXguBOMMTTrUvb1MhxkIwUoNxX1aSvf3bbPRp/eflXiPkXFuU5rlWDzPJsdgo066lUqVqFSMXeUU05OMVoovRt3303P9Vz4V2Ucvwy+HodRvk8GeHmdjgMzHToMsx7sD3JJyDnGBXayeHtOnOJ7O2mXHWSBGPGe2OnTPzZ+bqCOc74b2rW3gfwZblcfZ/CuhwkcBl2WEIIx2wDyMAccDpXovkcDawPrjnGeeB6cHjt2OBz/wA52eZnjKGc5n7CvUjF5hinHkm4/FWk1qmrbpeT18jONWcVFczVlqm7bcrs139e2nc80vPhz4P1CNo73w3otxG3LibTLSUMDxhg8bHjdyOcnkdK8u8Q/so/APxQHXXfhN4J1ISE7zceH7FmYkAk7lgHPJ/A89SK+nRCMsBg9ACeAygAkjng544OMeu6pVjUAkqDyAOB1bPAznKjIB749cVGF4s4mwc08NneaYdrVOljMRTa+F7wqR6bdr+iLeKqp6VJxtayUmmrqK30130SXotn+avi7/glX+xF41E51X4C+EPNmGwyWemRWsig8EoUwAQD8pAx27DHyd4z/wCDf39gjxQXksvBeveG5txdH0bVWgEbtzkqEIwOPlJ5GByM1+8PkjnC4UjjGeMckjGOOgIP164pBHH0yPl6lhkHOeOoyeM9Rg+g4r7PLfGbxQyxx+qca5/SUWrR/tDEVI6WsnGpOUXHTrF266DhmWNpNOnicQns3GpNdkm3zacqaVrPffW5/Lx4z/4NqfgffLI3gT4reNfDGWZkiud19GpHQMWK5GTu6DGcYwFz8peJv+Dar426RfzX3w9/aDF2pyYY9Rhazk2oPubldj82ACcZIzkcjP8AZzGqZK7VB7YOeOoweeR3yc+2M1PgD+73zwOfz9McdcY9hj77BfSj8Y8HyxqcRLMIqMYqGPwmFxEXHTT+HGT66uSfz1PUwvFueYSX7rMMTpblVSSkuj1Tvp7vSyVtT+EbXv8AghF/wUX8JMz6D4v0/wAQQCVj5cOu3CFkU5U7VcBT0x0IGCeorzLVv+Ca3/BU7wjKBZeFvEd4kEigyaVqVy5OONyHztzjILE5PTaAMiv9Af5R0wOvQYJwMc4POBxxyD6mmMUK7VXLAD5efT5QQSegHuOTnGcn6Gj9LDjtpLMMm4cx12nJzwMqTeqvdxqNJWV3ZdXZvc9/D+JPEdKynWpVl/fg4reL1cZJO3T0Xmf58V78B/8AgqR4KjMU3w++Kz7DiZ7aa8Ifbgh8LIQSoyRzyBjnGa5W/uf+CkGjTKt54G+M0SqcTKYdScNgEcuMgLxwoz1zxytf6IEkEUnzPHFIRjIeGN/TuUJPQ55wAM/SnLpWmSMRJp1lIOc77G3YHgE43RN9Tkdeme3rUPpU15crxnAHD1aUU+ZxUo3+FP4qMt99XbVLR6v3KPixmdOMVWweGqaatt32W94y2XTZp7H+cxrXjD9vZrhjc+CvjIEK7XRbfWZRgDGchSSwI746/UHxrxV4u/a5soZrvxD4Q+I+nWyoRJe6xaavHbRoMndO8g2RqGJy7Y468jFf6XU/hvQ2Bc6PpLDBHOm2ROPqYSMcdOOa/Or/AIKc+GdItv2OvjXfWei6RHc2vg/UpY5ItLtI5R5dtM5IdIg6MpwVIYkMcgHgD7rg76UeCzbPsryaXAGUYVZnjMPg5V6NVKdNVqsKfPGP1dRbje/LdXS+JantZd4m4rHYmnhpYJUlWcYc9Ory8t+W7ilBX72T63eh/BZofhr9pD4kQ/boYYrfQxjzdW1S7SG1I6E75JiGAww2j0OMtw1cfDjxTpfi3w7oeueM/DTXPiPVLXSIls5o7qPTJLmZYTdT+W3yIm5XwckBRu45HlPhj4na8fBdx4cTUrx4LwTCOB76SMW2JXbhA474IO4nIHQ5zxFj4mTSLjQryYXM1/Z+I7J5buG4kkmRBcx+ZIXLMwCKTnpgDHy4GP79qcJ1Pqcscp4eGHq4f2mGp0aK54e4pRjLRpzu78qSTSt1NqHHVs0p4etOtKMajU053jGEHFX5ZfaSkmle1ujSsv6bfCP/AARs0vU9B07UNU/aTltp77TrW6kfStFiuLcNdRB8ROH5KFtm7ueRWF8Q/wDgjHaeHvBni3xPoH7QXiTxDqXhLw9qXiCG0vNGFnZ37WFtLc+Q8m8+WjLHsyV9OCDx/Qf+yWvg/wAW/Ar4a63pcWn6raXXgrw/JPdAI7Pc/YIPP8xgDysmQ/fcDkYrvfjZptlL8LfifFptrbkf8ID4mU+UiqY2XSbrO5schepORxkY9P8APvHeMHFtHiqeVVsdXcMPm0cHUo1cJg6NHkji4UpRnCNGMleN07u6TXVo9nNONVXnPDYadSUbxhzSpwUFdr4LR1skteumnva/50Wn+MNEjtXfWZr19Xh1C7spbeO4dokltZpInA4woJUkk4IzwT0r0CLxXo88KTWsDTmTy40Vbks6PwMMMEDJKkE7cYxzg18l6jHM+r+IYhIN8fjHxBGX3jaAuozA4xjIJAJ6ccDnkeueBDbrLaQPcQxqs5MjSui8joW3t933DDceOuMf2J4lcL8OUcmeZf2XhJYmpgITUmoyk6lWlFppeV+ayS9WfnE8fisVj/Yyq8y9pdtpXceZe7dvTVpvo0l8/dRPqsoEUVra28RjBV5nDMu4Zyc5PbnpyB36cF4gh1yKG4uBfW6RYKybUGSWZlJyR905znq2CD3B6vVPEmi6ZDI8+oWQbgRkToQdqjaNqscAHrz83zHtg+N+MviNoM1l9kg1RWkkI+WFQ67gTu3EZGRyNo7EnnNfwLmmAwFX6yq1GlGoueVNRXL9tKKTtfd6rZq6d9z2q1DCqrhlUcbqzdna+sYpN76tpK91Z2sfVvw6+MTeANFs7Gx8MaXe39vYyGfWXt4xdzNcAkBmYPlUB+UZyy4PXg+E/EnxBrd7ra6pZW6R3Wqz2908IKgyPv3OFUAKijIzgHqT1zXCWXjWykkskgh1W8K2UausEMzI4A2gqoVixY8Ae/cEiqesXVzqGp2t5cxarYRaYkMs0UiSRzLAJQ0oAcA7jGHOVGO4JwDX5XhqWAw+d0KTlFVaeIg50lUjeMIuHNOSnFuyWiju1ZadPtOLMJVlk+DjgMNWVCMKb9pClKME+SPM3UlDll7qs0pX113OU/aC8Z+LT4l0fh9PY6FbKyRx7I8KhAbfgE7uS/K9MjAAJ0Pgde+IvFDQ2RuUvLr+0rRIITKsckk8k6rE3mknaAxU4IKZA3ZGKd+054/+G3izWPCdx4A0jV4bTT/Ddrp2sf2o+6S4u4I9rSxJnJG8sSRjGRyOtZ3wNGnXUUtwjvp0ltvlAjLCUuPuyhlIClGA2Y5VvmXrmurjmGHx+MzOpgpRjTrUJQoyfwqXsoR5kklzR5ut43172PyrhSpVw/EeDlik5+yr05VYNuKtCUJO1tHdWad9dtbo/Vr/AIKDfsv/ALQfwn+DHw2+K+v/ABUh1rQpNNtrZdPsL+3t9S0S51GCI2thHDayyS3UVqCymbAIzyFJBr8ItWuPFV3cQQ3cuq39xbnzku5pZHl3SY+8XOdpB5xjpjk5r76XxP4p8T+KfB+g+JPGmu+J/Dx1cBNN12/ub7ToUXOyJbeZ2iAUJtU7fk2sRyawfjbpGkaRqV9qdnYW1nE8UscEVrhIfNhAEZCqpw3cdOTnPSvxPhXC1Mprf2XXlGviK1SU4uEWoKnLlk3Zq/xK+mydktNf1DxGryz+Uc0jVVKnhqcKMvd9mpNPmhL2SnJRcYuEXJO7avZXsfJ+jeDvGF5qunNcaQ0mnMwklLPIu7OD8x3qNzdDkqDzznk7XxM+Htha+E/E+r3kdvpt1baa5tIULZfPJVmBBZznrgZ469azrD4wa7aRw6b9kBcFis/nhJAqkhcE4OBjnAGMZzjrP8QvG99rXw51QT6Tf+VfWk1v/ar28z2qzQjIjW4KCIMcj5Q+QT93dX6F9XqxVTlwtFUmo2cqbU07LRPTT4dUlolzPU/LquNwbwLhLFVqtb2NuWcp8vPypqKev923RWT6nwZol2+n294qykpLHCxiztRyDjJGcckDaemSQcgmvVNH+JutaZLFFa3V5p4e1EJeKZv9Sqjcp4BJOMeq/WvI7KELEfN3uJIowAOxEmApxnpzxwf4jwTXaJpu1FmDCRvJUrGyAsEIIAJ/vADnsBgHPb1cDF0qSXLZK3W3LfXSzTtqvudr6H5rXxU1zRTdm78r2XvaO2nd2t96PuxvE+p63+y7qF3LqBuXF9MdsojIMcQ5Vh3wB7ZLfeB5r869TvodUtZV/siMTsyKJYcDACjJUBflHIJx0yCTzx9saO8afs2z2zBohJNes4XOG+Q7c9ME54yemQc7a+DJZXhk3wmVUChQvO3ggHJIJz6nGTkA17uKoc0cNOMbt0ou61s2ovRy+JW7t9EeHicVKpK0n8L5Xv1S1Set11Te/W5+mf8AwTGtzD4o+LrNCzRr4LkYED5gVSQbSo6kENyTngc4yK/OT4nRs/xC8WSR2cjBvEl6wDZ4X7Y5J3dyBgBf7wzx0r9Kv+CZRkbxd8WNvmK0vgiffGGzuBSXlQDgtnBO0jkDuBX5+/EZbdfiJ4mheaS3ZtfviZHJwVF64ACjjPG49Ac8DNXShN4aClBWhOVrxWvvXbs3bVPXo99/h76sVLDYb3rx1V79Eo2tfzlprZq/qcV8S4yviyQCORVfTdHbDoTg/Y4y3LDjBIGcjA5xxx+qf/BMCJJPBP7SgJw8fhSQ4GcgeWykHgcE/eweSTkjJWvz0+IDaZ/aGG1KG8ZtOsBuWENMxWCNQobIb92OnOD0xxiv0R/4JmJt8M/tLR2zNNEfBchZsYJUIwOQOBjgE9M988l1YJzoVIwcb1E30e8fhfy03snve5tlS9liviveE0ne7d4abJpavv57WZ+bniDTTJ41UxxZY63c/MAWyWum64HGV9M578nbXD67ZS2/iDVEcSL/AKRLkhCMAnkYxwSTkk5xk/SvqPRYLC68Tu1wbQMNenJNw6h2/fNtxuxjk+uM8jOMVgeK7TTo/EviRZra3c8PCQUeQljneuASTkk4HOApY5yp+hwkquJxipxtFx5Zuok1FJKOl11tvdatvSzseVUoKlH2k5RbdWTs2tW7XT0Tv0u9lpu2fqn4+8H3tx+w/wDs83Fra3eoJPaahK0VvG0rQxqrEu6qCAncE4HBUDJr81PDvg/Wr+9v7ez0ye6lWBpJUMLgQQhsEyFhzgc9Dke45/c/TNSk8N/sZfBm+tViv0uPDeoWaWUsSMYxLnJVWyVfk7SBlSfl44HxFPZ6jpXijwVqtjpUVvpetWwt7/eoKmQth/tromF5bO1+59QTX9GcHcI5lnVHLc9lWqQw+ExcMO7RU24qpFKSdruF9fRa2PHzTO8NRzTDZXaCnWw0J3c9ozcYp2atZXva70T+f7Of8Elf2S/D3xE+DHi7xDrPim98Mtd2baRbQG2KRvcOpSafe2QVRwcZJBXrwaxv2iPg3q/wb+K/hTwTa6mNX0uC4g8vVbRcW+oRtMJJDsIGyRFB/iP1xjHvf7CHx/1D4JfBvxV4S13wXL4i0nxDfzTaDq2liIRw3JOTaR4IAK/M2FIORwccjxb9qv8AaAHxl+IvwzTSNHuNI/s68bTvItwPt8t4jYkN0F3YVjnaTxjPXiv2zgviXxDqeKeaZZmmMhU4QlgvqtGlN4e9P6phYU6EoyjapG9nGak3dSeisj9tz7h3hjLvD7B5rh6mDo5lGlhpxalarVqO0q7spaJLe6s+j3Pqnwemh3eoavq+oapDNc2ei2w0iW5n8uS0+zxhZFRQTlhuxj1IGWyTUPiDxLDqngy48KW93dXonmvNVCSk7d8bCRQgYAsGIGDyCDgA8kfGPiO8+Lelw6quneFrmO3ttypf20X2ieQSqGIdEPGc8gZyP4cgVJ4L+L/iV0P/AAlXhnUYn0jTzCt1NG1uku/CSb49oPCkszcYw3qBX6rU4Dp1q9TMKeJweOUXCtHDKrRlKmo2u4pKz5ua9rx1dktLP4vJvEtRwUcHLHTk2lT5lUfK7uKbUlpZapdG0r6vX8tv2sPHHi3w98ax4g0vUbzRrmLTY2DWrMjQNA4Eci7T8pJUEsB24IB4+orH9pD9p/x54D8OmT9oTwrodtHpcVqsepQr9tSyKIpWaZgS8xGAucrk546V4D+2FoFv4h+LHhm601i8WuWyFoYUJQRqdzKcjDgKcsuMbQSOTk/tB+zX+wV8KvE37Oem+ONY8JajqmpXFtpUFrqFzn7DHLcPtYNahuYGcbWIwQTuwcMR/M2aZx4fcIcU57iuLZqio45QwkKXK5RryjBvVv3IK3NJJq1ttDvq43iPNsO1l1WVXn9+vKpJtOKUUnHn01tr8Vm7n83P7VHg7x/pFxp/j7xN4o0/xfbatqjRprmi27zO8kYDATThFVQGfIGQM9Bjg/Z3w0mXUv2G7e91OS5muF8SG2Ro423p5kilS0ajc+BgkgEfeGTX7kftf/sn+AdL+GPh3wSvhnTNM1Ox0abVdN8P2lrGLLWb+KJGtWLspYhi5JYEBiMkY4H5veIPH8Pwi/Zpa0i8D+HNP8R+GfFFporaTc6YlzYMxdvOubmIgRvNh1O4hskYXkHH8L+KnEXh9xJxniqWS4uthnXxdOssLNRqR5km3Pmi95/EotH2uS8M5vlmAeZY1upRrUneo5JWndNxSeja05dL2bs9D4l+J7XVz8GfFE9nbzz2lpo9tpiXEcMrSsyQk/6tU34G75sZAOckcCvyo8GnUofEmk3EOnX7PbXdrNP/AKBdMGhjlG8AvEAWfOO5z13d/wBir/8AaR8W2Xwr8XFtF8HS3F5Nc3MPkaJAbWBbdRIYkhKhRv3YbOGIwCd3Txr4Bf8ABQ9LH4leDdD+IHwt+FUvhMahZ2mvXdz4Xs0vJIZJSplDgZUkEM4zk7QevNeRPI8lnQcZZhOnOpTtaVNe9zKKe7Siktbtt3u21rfhxeJ56uHmpO8JJJXTndOGjctHZLrfzvoj9KfgZ+0Z+yP4a8AaPp/jb9nS01TxVaWEUl5eB3vDrF7NGVZ7mOSKNYH27WRlYmMk9+a8U+NGt6N4k+GPhLXvCehppOhyeO9cuLawLtPBpFnKjGO1ZuAhhUj5VyBgYB6D9TtD/az/AGGmna61H4FfDTVNNk8pA8VpDDLI7RAs0UKqMHBGArEA4IJwcfD/AO0T8c/hX4c060+JPgP4e2Enw1j8S6je2vw8W1WPTXWGMbw4O7KORlixbhmJLfdPwGXcDZHkWNr4zA4/F1a+LnJVXWrzr04c0lJuFNzkopO7Vl0ta6R9nRzv+2HhsDmNL6rQpyhF11QhBqCUISlKUEnJWu1316XP58/jZ4b1298SajNJZG6s55ZZtPMYkYzbtysUGOV5JHIA7HPTF+FVvf6Dealo15ZSWtn4hsWjumuIGWK3hjzkmRVxuOQQAdxxnG0MK/YzS/8Agp1+zXqImj8W/sf+C5Yo4CNPMAi8+FmLFcjb8zc4CnjHU8GvWvhp+2r+wTr8bS+LP2dtL0eGa5zdOtnDPHaRMclVTcpBwePmz1JONtfa0Mmy+pB03nCc3BJS+rTWuilGScbpN7S6LVu236Dlnhz4c42tRxFfjeVL3qblh5YSkpzi3HngpVK1NdLXd2kuupi/sh/DL4UaH4X1yLwpc6P4au9d+H08vim/vdXzJqF8rSeVb26yKvlPKFULboSwB3ex+TPEv7Ocfj7Utcv7bX9E0q5RnCrcxeZHbxQs0cc6TEbtsgUEjBBLEA5zn9i/D/xb/wCCXPxA8IajFpHhttF1B9WtrW3FjI9peieR0SLzEjcJHbFiiqDlSABnjJ/WT4YfsJfsleJf2YpPiNawQ/br6KaVdVmvIpmLpKy2lo8G8N5BAQEE5Z85IxxjislyrKqOGxOKq4jF06kXJOlzL4enLZcqST1s273urH6Rish8DcrhhY495vmUcRiKOBp08DSoVJ880oqu40K07U7vpeTa2dz+MK0/ZxMb6VpHi34haFoTJerawazsCwiGZ/3RlcAHY2R8p46qTjgXPCv7Kv2STx94n8P6nbeI28BXc0FxdaaSkEttdRMU1OZzgiIyEKgAYEcnvn+oL41/sV/s2Xvwn8QJqFrp0fi+1sZb/R5ILURTz3dvZtNZoAhYFAQsgQEDAHP8J8x/YR/ZX8N/EH9mP4i6A+iwP418V+Lp9FGvXds9tbJaQ28my3uGADGJNu4AghWGeDnO2X5rwnGtRrSU5xjOKm5SnzppxjGM4ytyuKScXu4+R62ceFXhLg8mqcQYGGZTwdOvSw044mlOnVU6jpqM1CTjKUIxlaU4vZWW2v4cv8MPFfxf0D4Z+EWnsNBvPD2g3pWbWJRFFqdvcX/IV2OXMqnbGffgnHNGy/ZD8daBJrmpWXhe21TS7Ivby3ukW0l/cQOM4dI1iPyFiCMdBjp94/0EfF39kX4Q+FL34Y6Z4jvdP8O614e8C6voqXNrL9ltNU1+ynd7Bppt4Vy86oAxJBBOOQc/dv7EmnR2ugeC/C/xQ8OeAra11i21TTNWuLeewt9Rmuo2lm0u5vN+5pBPaorJKw+bcMkZOfqsTn3Bzo1KtbK6ldOLSp06ihKSVoKSbVrdb3V0nrfbkhh/CvJ+EaWJqcGYnN6168o4mjVdCrKlTnKLlGbUnpyLRpN3vfQ/jq0M+L/DnjC61PxzYQ6pbaRpK29npOp6fNYXf2RAUjMPmRoXkjXAGeRgcjaSv2F8GPFHhzxLO/iTw5olp4cv/CugyPqgvLZkurqzlu4xIYnJYTFUc/vQV+U9Cea/qo+Lf7MHwE+M95Jpdn8M/CHiTVdPtZbfX7+1+yjUNM083KxwXEpt1UlhGQwJXLLkZ5NeFeKP+CWP7O3ijVLjQfhp4hufD66d4d+z+I7jQ9QRYoZPJDSW0tmwjEbLKBv3MSBnjNfk+e5JwVm1KvUprHYKpUUnChyKtyupypRc1Lm1i0klHe3z+dyvMvBSjjMJi62C4hyp88KtahUo/XadNOdOXLKrF8+sHaEuXb7j8WfGul/sm+P54rzWrm21jW7q209Lua1uQs9oYowksVxA3LIh4B5z0GSCR1HjTTf2Tvht8Gfif4l8Cw6RL4qh+G17p63k08cV7ah0Cf6OrfM75Kq0YGXP3sYzXPftA/8ABGT49eCvEC+Ivgz4ptPilDqDTSLYaJqQh1TTbeByoa7tUYiSQc7yzZLDHJO2vyy+LH7OXxisrXxl4c8V3fiPS9XsIW0m60O/glt/PvFDE7m3bZIkZcZBbOR9R8hV4JyXA4OnP20ZckFNwlUlJ6Si4WSmlz30kmnyuz7n7rnma/R7qcL5vmmWZLiKOZ0MBU+pYmVSlUeJxUqcoUpzpOMatKSm9mnd8y3Pzvs/iLdG+ubFdTZYLxpQk8z4KCWV22xgEqpxwCD2Oc4bH6UfsXzWo8IePBfXP2iXz5fJ9SWt5Dk9iDu3HrzkgFiCPzZi/Zq+JtpZzX02lXkl1bzbFSKJ5ZxtbakjRjPyheRjnbwDxg/oP+xjoupaJ4b8Y6Xqyut9b3UTX4uC8ZjjltpBskDqCpyQBnGDk9CDX0vD9bAyxFOhGtDmdOUFZqTjGUIp3irdNYvR6bn+dNCSrZjVrWcIynUlCTTaSlLSPKnZtPVWvbbax8y65YXV34h1m30W2vNXf7Vezy/ZoHkiiiSY+YcgY/dA/PhiVwCoJB28VcrDbF2m+Yq5XdCS6Ky/eTK42lTywY5wCO5z95eEPhx+174Sn1FfC/wl0y/8LarLrF34b1iezguJ7z7cxBcM7b5IjGxHluOBgrivLrnxJ8Sfgx4T1TSfiL+zZ4ci0xdVub7U/FeqacsY+1SylzaJOWOFkcnamVxnbn7tPP8AwzjhMOs0p4jEThiL1ZueGnClBuUVCMZvSad23J2Sirp2sn+pRyvNsPlUcbiMpzKlh6dOdT288HVVF0+WPs587hZRmm3zOVlZNPXT4512We3spozI8EVxFEyxxygLORIpG5QSqkZ65zng9Rn9F/itctH8KP2bQFdRFYWryHB+RXdDk9u7EE44IPG4V8bW37UPwuutQ1pNZ+BWj6nBcxG2thaXZiNm7D93JZsEJ25AYZHIBBxyp+i/ir46t9Z+DXw+1ldKu7DTYoLM2No0haTTraNmxEspAB4ABJUZ4xwRjwMBlNShh503NVOaLcmmvd5UnZpuzUtOW2tt1rp+e4jM6OJrOUHKPK0pKVvd95Lo0kpNO3q+5337VPh1fGU3w8uLMy3McGkpEVtozIys0MYxIAPkUscKSfU59fBfDnww1nT72wubTQdaEULROQIG2TusyMEB29GxwfQg9cYj8LfGnTryyabUfEF/axxMsMcLuJbiKCLA3pE24qFwTlTuIAzlckez+Hvi94a1MG50fx7rl7d2eIoNPZQq4OCZTGBn5GGR15HTOMfn2bwzHCzqOlTtTUm72dldp93+D623se3QeCxlSjVc4c8uVWuk2koq9m7222d+nmfs7+1l408SeJ9R/Yr8I65pGteGtN1XwHo3h+bTCpxeC8hS1uLmOLaQrRQKJBnaQvPcVR+M37BOueFLKfVfAzzeMfD8VqLqZUUjV7HdGrPCVHzTCJskg8gDgZ4r8+/id+0p4w025/Z4+IWqavqPjCPwPZXElrd3qedbrPZHcllgj5NkYUcZxg4HIFfrX+zt/wAFQvhL8UtH0/SfFrp4Y8SalN5Ti5MYtpG3Bdm5iqyRs3yhDyFHtX6xwTWo4zJoRqq9R2tNtc0dodLpaq9l5X01f32V8N4bMMDKMKdOdSM9IqyklKXMmrLprrfd+Vj8W/EXwo8Q6Xd3F1ZQyyRQyOt5bSrJFd2jKxLB4mQMQrE5ZR7cDrW0rQkaItM5mfAyJVJZDgAho3HIBySM8gZxk1/Tb8V/2cPh/wDFXQLTxP4b/s2y1TUbVZrXU9K8tobiSdQQt6kZACsSDzuHXpxn8fPjF8BvEXgHV5oNc8PTafNHK7WurWkTf2bfRrx5k21dsTN1JPOTnHGR7uLyqsoOpSSrQWto6O65WnZXSclvZNXelmfNZvwXi8PCdXC3qqCfPS1U1qttG3tskmras/Lv4ofs6aV41guNR0O/l0XxDJEzxNCpWznmVQUWeIFAoY4yeDgnqc1+Tvxj8L/GP4T38g8Z6Hcw2UjPFb6vBGz2NzHnAYTorKuQykltoyQOOK/obuUMFytrqFvFbSgq0c4AaMqPu4bI3K3p1znAGecjXPC/h7xfp1zo/inSrLX9Iu4Hiltbu3jnj2uApMTNyjDJbKspyOD2PmRw6k02pJ76q29rrVd1snZ99NPy3GYaSnOM3UpVIvXRp30eql1T5l5Jqy6P+U278UXNxK8s1xLglicHKjJ4CnuMckAcHPXjOFPrNy5wjyOpOTuzgnG3P3s7WA79AQfmxX67/tFf8E1rjZfeLvgfOLxG8y4uPB94wWWEFmkddOfGXGMKIgBjjk5Ar8mvEng3XvB+qy6L4m0y+0XVbV2iuLC8hktnDqxXALqFYZBIZWIIGQAMVcaSg9Y22d7Wbso9eV732b0bv6fOV8NUpX5ryjdWkpaO/LrdXW7a1enz15qXVLtDtaaTl+V65G4Y579OhHHXGOvq/wAKtJHiLXLcO6XSreQQpp1wwjjuXkZFyznG1O/fBOOBkV5UbUb/AJlwc4yfmYNyc9QefTPXHGK9S+D8unaf4kE+rtP9hQs0SwjBE6jMbjawOFIAXJOOSOpNGJqWoTasmk7XlZp2jqrra7s91or9L+ZjG1QqezlKM1CSjK7TT0tq3ortp6NW22PoD44fBc+FNUgvdG0iaC4FpDLeQLOJbdPMQMXt5gdrAHAVRkkAAAg5PmXw8+IF/oupTaPq0s0Hh+9DWuq2juyROpUqXwfusec5wRnca9ou/Hesa7JHaG5+3aat0Sfta/vNsRzENzEsVCgKFJKgYyu4nHkvi7w3Nrepw3NlDb2UE11tuVI+WTBwZRjIC7eMjByOQSK8/C49qDpSk05Kz96yd+XR2ld3smtde2h8tlWNxNOrNYpxsmnTk0k7Wi+Vyu+ZN6prRrXTqmtp4e0jUrq90byDa3EW/Th5wkkUqf4QepGcDpnk8k1ky+PtYjtgiO5AXypWkjwcNnA3dhjoqcjjIU8H6j8O/Dr4U3GleHWu7SS8uAPKvZopyJjdEAYSNsARK5IOeCDxkk48Q+Kui+DdE8cNpGiTSzWEMEM15FJyqzkZkUgHoDjDY45xnHPkV8PQlJynyTv006qLXu2W99Wr3T83b6zB5nDGTqQpv3ocquvdi1KKldNO1vRdN9GedzeJZ750+xPcCWBN8sS5fzWx04OcenrjJzgCuntptPSzWfxNbXL3FyrtZQBDF5chOAR1J3MSV/hySBnJy200RI4dQ1HRIZPtJYJZ5+eN3OMIi4YMc9Ouc5BJBrnUm1zX9Xi03WWktr+0kSMExiO3iUDLSN0Unkbepz8uTwBwVYUIpypJRir3srXtorX3btd3tbst36UeacWnzXv5WeqStdyinZPporWaehu23he81m4t9O0a1miIZpZ3uGKwxlsupdiTwOTtz0xxjArI8W+BEgtJZF1eyvr62KC7toyq+QRww3g4zgndkEHgV7Pq+o2Wg+E006K4jh1mZ1AuIpiXnONpeQgkhApOFztyGIANfPklnqb39008mLVtzyybiFuVI5fcCd5ycDBJ4AIPfmwVaVStKULxgmuVNNSnrH4rOyVr6au3yS3nTjCHLJ3el00krXWj2Sa+Jqz8rLQ5ZvCvmWE0rBRc7SYjjEcqICSFIGDgZ5Yrjj5eBWjothbad4e1e4njBljgMaMTy7sGIVRk4xwqNnODyBtFST/2lDDFFblpbR5Xjy3zLsOBjcRnHY8DJxjrVHUrDUorV4/KdraYhBtJwOpMhxy2DuGQD0ycda+gjiYuUYuaUrpdOV35et7JaadNtjl5ktl0stF1s1q91tbbovXg7NpWkmJ4IG4gNkEE5545JDY9e+TkY9K8CWttqGpu95ci00+1RmnHI4IBxtBwA5HzDsTk4NdToPwi06402x1C68aaVY3V4+2WxnZRNboASPMBwGBLcbsEsecVWt9O03w++q6eLyC5tDP5c13AcPMMkDYMn5T1ZuBjHTIz7Dw0pUqc3KNp6LVO3wtN8t1ezbeu26ClLlle1993d7Jp2XT71Zaa7c74r8V3rZ0a1lSPTFmaOHZGI2MYYlW3DJAOfvdcfMCMnbyXh61k/tS3UPJIs06bWUZGdw+Yk5GF644GBwSMKNebT0uLiaeaVkt2LfZi4XcYwxVdrHoSoAYZ5JIHIBPR6NNZWc1tFBGjyLIhyOWlJKcuf4duMg9ycZGABvQwkKce9lf3lpZNJX1u9rJp3be+prSTqVYynbl51dN2vqr9nLZ2drvm6WSP0C8NBotG0mEEugsogspUEIwQgsGPv15yec8VxHjLRZWvV1O2uApURxXAfCBtzY3FeM5zzwD6nGa9F0K5Mnh/SwkCowtUZRkAENEM5HXqCecZJOciuM8ayMLC6aUNuCIytF9xCGP3iPvEEgE4JGQR1zWiUotpd001Gdto2Sb80lZ3vre12fWuKdG6vZRjsmrNRTTV7pWa0vd79b38l+IGiLB4b1AyOhhSAOu0n5nOHyRyDjOBxnocYPPw5dJmRpCAQScspzwvGc5AHQAgj2HAGft3XtS0jXdLu7S81qOwVLUQMJmBZ3ZcByMjgZzz2PX5iR8g6npVhbXs1vBqCXMcTvmVVwHQlsbcDHI4zgN7YyKuvNzUVde4mmm7Wk5LS1ndXvutu2h8vmEYzlzRdmuibVpXS09Fda9E31OWZidp27SHG1gcn0AQjntgYPAznrX338MfEME/wM0fw1bSXH21dcmnutvMARzwXQEDAXrnHIJ5WvhmOG3M8iNIRD8oDHqGz04JPr1z9Opr6u8F+I9H8O+GVgD+TFFhpY8Avcu6ckZORgkYIxnIJHU18lxNisThsvqQwsOarVvFNJ3WqV7R2237dTmoNUm5N25ejdtVo3vez95K+t+mh9D6D4c8NzQJG6wf2kBvNw6K6Im8NuHBAJ5GM9z0zmrPirX00C0eKC8ecMPKQxOfLWPaA77AONmcYJz8oOdpIOP4a8R6c2hHUsQsbtPICnaskaMCN5B7jlm69Se2T8u+L/GWrXWuX2lWtzttC5ijCjzAFLEby3Qd/mxjjb15P4Rgcnxec5xV+tTm6FGS5lPmacmlzfE0tXddXd6JWKrVYzjokpO12rr3vdbvstddU72ezs2tnxL40vLm9+xaTcyXMaoBMqdtxBcEjgHacEA8c9ec89eavDbzRIYpILnyw6g5wpKnLNkjlupHzZ7Ek4GXpM8OmG5aV43lbcklxuxIc/NhWYE5GDuyMkYxznFHWNQgvLJZ3ZInLlN/VygyMEAYIPG09ee3b9KwWVUqE4UqdJKnG1pJP3rNb3bdldWav53dkcjlFxu276bJvZq7s3qvNPS78mNutSgeMyR3ZW4YlrolsSEZ5VME8FT2JHbPNc8txYC8S6jlKRJtVgwO4uvzA5+YAk9io6g98nLnFjGoVSYXbaTyfMAAydgPRT6/wkHHobVrZxarAw09trRnM7TMoWMLnOCcgkgeo+meK+njg6cIxg9FZJrWzT5Xold6aNrf16c8V8W6Tu0tdnburR039b63aO2tdeFyWm2gRuMByB8pU5wAODnGSABwRnsBxniPWA6iQPmUs5AA56cgAEA9DgkEAcYOaitb8wRzWSmNikrAuMFXbGFGew68jOCO2eeX115ZJgFQEKjZkCYGQSSgJwMkjknggEchgaWFwMIVlKy0e1uW/wDweuz0fzJjKTkl3a3t05bcy01d29/N66LAW682VXYlZmKjf1ziRTxn1JKk4J9vT9GNVJ/4UrNIGV86HZ7t5yX2hwG/2cAYOcbjnHoPzbgikM4ZyquQBhuhG8AEHqOQOeh+9g5Ir9HBbSXvwQvpB8wtdFtgSSMYKsQMZ+6d2MnPG715+ry5JynGOistVbXTV9vVXa7a2NXJRh0ben5dne72263ep8BSzRiUER9BnAPB5PPJJxnPy4YjGBkAkQO0Bxg7QSN3GGGfc4JJ6cDPTOcDE0uPMKYBHJbdwTk4yOuRgdei8cHGRX4HyFtmTvJGCMjuTjBJ/AnGCeK9SFm7q97ptWdk7reST87p+WyvbhSim3rq9U1ez6WfrdN9PLY9B+HPw7n+IGo3GkabfWdvqqxvLaWl3MsJvSp3bIpHKhpW/ug5PPUgZ6bX/hx4m8DXhg8RaReafcJhCksT7HUj5XSTYUdWyxABK4PDfNk+T6HPc21/Hd2V1cW15bO01vPDI8ciSIdwZCpzgkLgc4xnHBz+lfwl/aG8KeMdHs/Af7Qukw3enSRra6b4zjt0N9abwscL3bbVdgoA/eM2OpGBXFiqtajOL9mp07a8uko2srx6NJW91K/Zvd+vgsNhsTFwlN0auns5NpwunHST6bvdfD7rufFujpdWlwk8EstteALJBNCzRTQsCSrKyEdzkZ6E5welfbHwZ/bD1zwkbbw58SbT+3/Dse2FNWiAGpWKqdoLkYeYAjk5UkBRk81F8SP2ZtV8K7vFfgy7h8YeBrpftFjrGm7bh7e1ly8aXCxbyrIGGeAQSRnoW+R7rTDHfTKyjaGkLjJXgAggqRnIIOFIBBOMZUZzdKlj8PUUVdNq705k2k9mk1JaLX17N9NLE47JMTGUZzildWT5qdT4dWl7rT7b91c/oW8E+JvBnxH0Gz1jw9qen69pUqK8kEkkf2q1YgkJLHkSo0eQACuA3HAwa6i3sdd0i5E3hrU/tlok25vD2snzISMYK20zktEMZCqCCSoBOcCv54dE8Y+L/hxeWuueDtdv9KnjKyS29vNJ9luVDf6ueAsI2VuA3yjCk89a/Tr4F/t0+FvEsVvoXxViTwvrJ8mGHWoxnTrpwFIeYgjyWkbhtpGDyMMN1eBi8rxGHlT+rqUlZOSvtZrZJK999H8mfoWVcT5dmEFRx8Y4evJpKWnJNpx1v0bv1+bu7n23rPg/wT4+maz1ZIvDHiJgf3cwWGV5WHzSQ3OFSRAfuqWy3AwME18yfEz9njxDpMrO1rH4i0mMF0uo1ja7jj24DMF3bxjn5SSCSQTxX1jb3Vl4iso7+3isvEekzxmS31CyniuGVHGYjHJGS6YBBVTjGD74hspfEGlF5tJZvEFjEdx0fUG3TQrwDHbytk7VUbcFevbJOOOlmVahVjTlorqLU9E25RVk010762/H0cxyDA4vDyqqMZppuM4W2suqu72v2Wi6H49eN/hbCtyX00+dOnyPalDHPEwJLLtIVm2jPPYA9q+bfFfh2+s4NQjnt5Q8aEAFCuApwN24feC9MnGcHBNfvp4l8KfDr4jSeXeaR/wi3iVwgQGMWs5mOCxX5Qs4ODhRg4PGAcH50+JX7N1/p+nXb3OjHxBpdxF/x+WkW29hjCnDSIvBOPmLAtnPOeRXv0s0pVW6cmoS92zbtFu0b9Lb31XZPc/PcbwtjMM/aYf97TcuazXvWbWu91pdpaJ8zvuj8ZreyltrK03xEJ5OXyu/O5hgdOSQQT1Ax908VY0LxJ4k8Gapb6z4a1rVPD2pQTCWC5065mttoUlgCsbhSNx5BX5sjpjB+09Z+B9obYQadIzPGuwWNzGY51bkmPDgFSgU4xnOOcEhq8f1z4O3MGIpo2t2TK7ZI85JPTeDjB6ZyD/d9vXcKOIoxjJQndK70fknprbTt93X59zxeGqyV6kJRtaykmrW1Vne7tdaJbPufRvw8/4KNeIfsEPg/wCPvg7Rfir4TaEWpv7+zhbWIbcoUkdZdpkldQMg5HT8vVpP2ev2NP2oLRtT+Dfj/wD4Vx4uuoi8nhjWpI4bU3DYZYoUmZFjAk+QYJ4zjA4P5V+K/Ct3ot7p9vKFAkZwCM4IyM88dcnIBAOSMjBYtsLW5spDcWTz2VzGwaK4spZYJUZTkMGjZTnPKnt6muCGUKnN1cJVnRlduUU26b2unC6WnysrbXPVjnEalONLHUYV4y2k4r2qvy/aVuib1u7fcfVPxP8A2B/j58KzPqS+HE8VeH7eXzE1rw+4vY5LdWykziFmI3AKQFDck4JxivnbWNJvI9ahiureaxuI7NIri1uontpImRQHQrIikkHr3+uOfq74Qftl/Hr4U29vplt4ibxX4fWRDLofiI/bx5QIxGjz7ymFyoIzkdRkZr6mtv2nv2WvjfrU1v8AGT4cweDNXurRYbjWLC2jNv8AbCAhlFxGE8j5snhSOv1NRxeLwSl7enKpGFmnTXNtaza3v18+1rXn6jl+PcY4Wt7KUtPZ1XortdeZbNPZ7ebZ+R15pU8O2aI/IxLZRxyCcAc9sjr07ng5rjL+xMrDDEEMxLFcgtx8vzAFQAWHJ+bH3elftPrX7B/w6+JmlTa58DPiVo+pRMpkj0yfUYWdEf5ljctIjjPA4QnORg5r4y+JP7HfxX+HRZ9f8L6gbCE4bVtOhkvLSZRnMivGpO1gMsQMcketL+2sPifcVRU5aPlqJxe6vrJ3vule6+W0TyHGYVtujzxaVqkHzxavF3uubl00ej9b2t8iaVbtFo+pTBG/cwMpXBJYnd16DDE47Y/SuQv7li8Rf591uuM/w52jaOTwevOCM9B1H0JF4Uex0bWLfDK/lYaOSGSORRnAyGVTkDjBGBgZwSMcBq3gW9QWcixhhLbKdwXABPIyMDCjHOOW+tdGHm6kmo8sko8zad97O976X6NK/wAzjxlqNKKcXB7NP+b3V56dNr2V7I8xileMjGRkjBDYB4Bz1Oc5PHp7nNaVm4N1C6uVPmbsg52kdsgjBJ5GeevfitU+F7lWcOjfJleFK8DIYn5sdgeACMDncQWnttKa3liQxklW3ZQHLAcqT2Pb1GMEcjNd0KfMle1k9nt0va+ystNNb3d3ZnJRryjpzNXatfzaVtlZa6aa720Z0sYe58PsweV2N9JGNgJRdy43YyPmBG4jOD1B5Ncw1y9mEDENKhAB3kE4IJJBxjbgdenbGTn2Hwpo08/hjUmngJSG/wB6Mo4Zu2cAglcZx07lRjNc9rPhdZxLN5QLOAyFc/IepBUD5W6bicccDqRWtOnGN5RUW3a7srR2s2mnt0e2r73PRjWr8qSm07pRs7PWyXfqrLbe+2p5lHq0yXEknmK7kqCoc4yMHOARgHpkHgjOMnjUstVlu53US7XnhkDYBZQEXlfmJB4GQc9ec96y/wDhH5ftE4Z18xCRt2sAe3B6YAJJBx+gzs6Vp0NncTbiW/0WbcwUkD5N2RjBzwM9cHnLADdnapFtR1u7t3e901ZrVei069jrpSxTtDmqKDet5N6Pl37PVK2yV07q6On0f4k3NhYR2Dwsy2xKxyq20uQ20huTlTt6DquPbGr/AMLKa5k3NG8bgZ5w2R6HJAyMDqxOR8uO/iDRuwPlZCKzOm/ncS5wRgDsOR+nQU13usgvlcvtJQc4GSc8nGBlep6E9emir12oJvZq6dryS5bta79L2a1TuuvDVw123JX1fvSa1+FXutumq0vs3ufRen/FK0VxFfrcYQfI+8/eY9flXBAB49OMjGd2V8SvE1l4g8LobKczyx38AYuQTH8y4HByeMbiB971GK8WQTOoIjDkNlWLZJIz1wOg5AI4x7jmS7jmNjyVVluYmkC5UcsOi8g5HynJxgbhg4qJ1m5TUo6S5bNXbVku97ve7urpXW5jTpOEotN2SfdtbNJ9b/Pyt0GhmE80QhjfO1iw25UgdMg+2cEnnoO9ep+DPHXibwtLDc6Br+raVcLIrxi0u54/LKkfNt3lSOMFQe3vz5nbrbrPI7ffLYIyVOMFVbGemc+hPeux063tY1jcyA5zg9MA55JHX15/IZIrpo4WnWj70FJctrNJ722STatdaPzd76nn1sXXpTm6dScWtuVtK75VZpa6tdd7WWyv9seE/wBtn4v6Vbmx12fTfGmnE7JINctIZ5DHjoJZMkEjK5POMHNd9c/H39l74gxR6f8AFP4YHwvf3cHkz6voCIqqXbHmsQo2qGyx46jBDYr4FgFmytGkgD7mZiTg4AOMHBxkZ6A8dMniuP8AGEaNf6eI1bYYkDIXyW5UD5ecjAzjkkd/u1y4jJcG6cppSpVNGnCTjddpRvZ20eq11Wqua4LiLMIy9lVca8LpWmlL+XS9rp+jum7a6o/SdP2cPgZ42gL/AAa+M+nMyIzx6XrMqW8ys53+QZJWGSD8o6nnjqBXnPiT9l34teG43lg0Ua3Zod4u9GukvI3iOSH2xs2eAPl5J44POPh7wyRC1+0c1zazRXWIpIJZICoHIzsZASSAR1/EZz794T+NvxY8E7f7D8a6tHDHgi1vJ3uYGwCRGUlLK46DkjapGRg7jxU8Fj6MFUo1lVhy6RnFpuyVrTi0k33a6aXvd99XOcprNUsTRdKb5U503dbx1Sbtp3vbv5um0vVtFnmt9Y064sZWRoZBc2ssJB7Kd6Dkn+Ik/ewScAVQso4p5VtJI1SEsCZIQCp5OOVGAcYyevc5yVr6l8M/tfyavB9l+LXw78OeLrV9scl3FZQwXu3HMgdACxAOc/eznlSTn6c+CvgT9kv49+KNN0WzPinwbrviO9TT9L0mwtnvIpLiY4xCgIALOQqlmHO0jgmuaeLxOGfPXwNWdn8UIuol8LTsnzJK21tF5GvsstqwvSzKhRptRbVeapxXM4txcpNK97Xtone5+f2n+G/NuI2sg02Y0BRE3ELkBiTjcBhWwcHoRlucfMf7ROjrYeObGONCiyaPakqDjblSc9gDuHQ9OeQDX7+/H79h/Tf2eb0/2Z8Rbuxu4bdrq68O+LNHW01GW0OwqbN/Mk8/zFJIBwcHocZr8jPj58HvGHj/AMZw694attMu9Og0yG3yt1HFK7xqyljA5G0vngHG3kDBLbawOY0MfXThTlCUJXcJxlG1mlZKWrv1XSV+tx4rATpZdOpCrTqxqNKFSjNVab1T0lFu9/N7+lj5B8IWMLy5kRW+U4D4GBx6jHU9eAM9MHA9B1/R4Y7WzaKKHDqFYhgSM5wRtI7Hq2ezdeDdT4OfEvSomM/hm9+RiS1vGJTgFT1ViSp4zjPGAehBkfwr4waHbdeHtYSOPOSbSYAAAjghDnHdSe3Geo+4p1aPsFBpXsnfayvFtXs3dO3XZtbJH5bXwOOjXlOMZtOWyV9eaMnqouydtHZ20Z5Tc2KhiDGMgliFwemACQMDIxkY6enPOHPbLsYKpAHHy8nLE5ycDIGBySO3QZr0S70TVLd/3+m6hC/IJe1lA2qTgYKHkHrk8VzE9hcBjvikQcja0DruHfGVGCF69OTu28VzONN22ffRLfpo9b269rWJpSxUJxU4Tdnpo7XW13onZfk07W04a7t0jUEAf7wx1J5L5AORg/McgEDkZ21yMK7bu53fd3ggjp9SP+BE98H8BXpNzYuxxt+VgxIK4IOACeuOD06ZwdwrgorVo7y6BIBDvkd+c56HgHtnBwSfQHx8bQj7SOvvN7Lz+7TW+u1ux9dlmIlVhJ1L2ik9LtvbZfN9tOuiu7GCCjE5xxzzx9SO5xngn0zkujZk24cjqQM8k8ZDD5unfsB0HHF0RH5QFI+U/eONoweeAOQei9c9TgEUxojkYA6cnBHGTk57Z59+nYVzOktrJ7W3s3ZeXVWS1dtNLXv6KqwbdrvW60dle36X7baa2vBJcN1yOc5BGc4PU84GMnuAAMnPAoM5OM7EwgLFSQD64I56dscEA84xSNGd2OjEHLAZOAOuWHvkA5ByPTmHYWJDhgcYwAMEA85xnk9TwRwTS9hdfC+W2j5fNW16/f8AqOOJW3NtsrNO2mtlaXTzRIJwcfMFOOCc4wMZwc9Pm46nA/h4q0JpU5SVlUDPyu68ZGcfMMcdc4Hbjqc0qzE4IAUYOcnHP0AAA4yDycnvVuNHYqCMqflIyQOV65yoAJJwRk5ySaHQVvhfMvV3emnpp1fe99iJV9fjldWa3uratrmunfTy2atZMtLqmox4MN5dRleQVnlB644+bjAIwcbQADgAc7MHjLxbaJi117VYlUAoq3MhTjAyMt0J6jGce+DWEkCvlQCNpCgDPzZ5wCevqMnJwc9eOjvtIEdvBIqqC1spZdxYkcZ9OWAGAM9MgDIprDyldxU09NdfL0t0TtdLW97iWMUbXqNX7ya2asnayvfta/33hf4u+P7S5gKeJdSLJnaXkyNp52sMk46nnPJxnBOe80349/EW0RWGuTSgxg5lj34IPAzuIznt8p4HHr4NqlqVuYgAEVhgcEYPbnIxxnGQMkfd5xXWabpk5SIJESDGAWIOwYByCMAYbBPXsDnHTGlh3KcoJOyte977xVl09fS6sdM8ZUpwjJVLxbVtVfp2aeutu27Pf7X9qL4hWyoHvUuMZXElvk/KRyBuIJP3QeASD1yAOl039rjxfbF1uraC5DjB+TyVbaPX5ie3149AT8rT2cyXGGIWTcwPGB8zZPBGQeASMdgSO1TraSj5ztLDcfugntgZLYyQQQeRgcjitPYyumnu2veV+0e7aW3z11YRzGpyJ3u7xle2+zTSutLXavpr3sz7g0T9sCeMKLvQI5T8geRGwOcjacD2554z2xz3Fn+13opd/tWhS27k4UxykFySApyuRwPlC5yBgnivgrS7CK6tLqJ1QXG9SrEhcAE5IX7uRx1yfxzUz6Lh8hwXVhtC9GzyGIJGNvJPH1PFVHDVHZqVorVWk0r6321S1bat/wADV5rOLh70PLRatNefqn6p9D9EY/2pvBdwQboX9qMgzMSdwzyPlGcg9Mj2xXR2n7Qfw7uIy3/CUvarMo2xTqMRr6kAg8569QcnIr8udS0ieSYIGO+ZzyG/doMNtLe3qATgsSMgZpieHNRuIgUDmOMMGZuYyQDwp7MducA8j65qPq1d8zjKUlbXZq947vddkt3qulzp/taS1m4bK3S6bjaN009mtHs9bbH6vWvxr8GEqbXxvYTrIQY0e58raOwIJIJ6jHbA68is/XviLp2tNorQeI9NuYY9YglWH7XG43IwwxZiCEBxu4I7jPGPx7uWuYJzFjG13iAAJKFTgtjg7hgZP8X3smqMmo39p5ZjuJkYSYBE75ycEFVViQQMZ27snkEDpyy9om1eV/it6ct7vql1V9NF5G317nUbwTSael3a9rbO9rPrpZrSx/QFZ+PLO5QbDot5tA8wGW1boMHb8uecYXJxxz6VtjW9Fv408/w3pEu0b2Bt7Z1brwCAcgjPOCAWxtHFfgTpvirxRatug1i/i43jZcSkncQfnJcggcjlRnsB0bstO+LfxE05l8nxNqoAKhQZHI4wM9SOCRnjbzjjFdVJ10k2nZW1Xqteltley0W711weIoprmVtUvLZXbbVm3+GvTR/tfeaV4C1KNvtfhDRTKVLbFthG6knjlFxxjAIAIOCQAcDk7n4d/C67Dxy+GoLeXbkeSzJknJJA2jAAOSxxz6cg/ljp/wC0Z8T7N2H/AAkFxL8qoHmjD5zycbuijuO33ck4NdRbftW/Em3kDXEtrdDIAM1uo+UHnJVjnIzkEYxnk4ybVaULtx17cqeum3bRK/3+tqvh5227O8U1J9Lq+ln0Vlp0R+hb/BP4UTs+I57WQAf6q8bg4IOAeMg5xyoPtgYxrr9n7wDcb4rTXdVswCAFdxLycHp6DIP0yOcGvi62/bG8QRSg32hWN6A48xoyIyQBxk7QQM+wzxjGBnsbH9s/RyFN/wCFriKQsMSW1yWCjrnA9MZHzcfgMt16M1aVKL83FLrF2TSXd63Vu/dXw0mnZaPSz9Hpp93Z7o9+uf2dbGBJTpnjFonLbUWe0/eMDwCTuBI6Edxj16ZkvwB8VQKG07xXaTOBni5ubZsAcfdlAB+n6Vwln+2H4BuWDXtnrNuAwKkKJME43HORn16Z/HNdXbftR/CvUJYs6vqFkWbrNAVAC8EnBO0Y5545I9DWMlg5KLeHjFKy7N25fXRq39M3jCi2lGs43svi5Vry/N9F217MztZ+Hfxn0uwka012e4tYGjkMUGsXbhnVlYFo5ZHRwFGehwVBAxyOpvrn9omx0WI2/ijXNTgu7WGOWwnZHtxDtVkiK4GVQYQH0O30q7N8dPhlf2dz9n8Vw72hYqskmw5HQAFiOoJyeucdAK2dI+K3g280+yZPFNiZFiXMcl8oUBRgbt2PvAEdBgHHANZNYZJxiuVTtdJaJ2j8S5e+109r2Vy1hYz5ueupW0V3B9r2b9bXV+62TfnEXjH41wRRQ3PhC11BoNu4/ZdkpAIGVfzC27GD90jcRwR96W6+JnjQRBNX+H2rQtuIYxXDsq8AZRViOMgHABIIJHAFe32njbw9csklvqWkXCswG+O/h3EZ+bIJHOfcA59ue1h1vTbgIUFnKgYfKtzbOGJUdBuznJz83XnHOFGjoUX7NOom2k/ejd2fKr6xaSVm2lbzOaWEj05dWleLa093W6td7Xa8nrc+U5/iJoV7bxQav4Z8QW6KU80S2LXRYjIYo+xSDg5z7c56Uaff/Aea8gub5fEViYZRK8cuns6CTcGGxG2qoB6DkcLwfmr6/I0q6fc2lW0inAIAhccjlgQrdO2RzkAU1/DPhS8INx4VsJUyCS9kmWOcAkqnIOGI4JJHA7BzwuHqJqTpyu0no1/K1qkmlprf1t1Wf1GSl7qetus3qlHo279Lva68z5rS4+BEusz6hbeLdRsDOAqrcaepXLDG8qThCF5CjgdQTzXuHgHxV8MvDFzbXOl/EHRb94JjNG+pQJEzS5+UDduACAYwBtXORzydG7+G3w4vZJDP4a02NGXPlC28tlJzg7gCA3T05OPWuXu/gZ8L7klE0ZYAASHimZc559Bhs8cHHHTBrixGS5bi6MqGJoxq037tuZxbUku17731S3Vl30o4WvQqqpTqzjK7cbtO0nZpJPRaO9npdo+/fhN8e/BHhq8uZ1udO1KPUWW7nSDU41hNzyS6RlgUJ24CjBBOcgEmvq63/a2+GV7bFNXgniePLmGO4guIgm0/NnzBuAPIGPTBIAFfiSf2dfArgLZ3Gp2rZJ/0bUJ93QgnAKnjPtgc8ZNUH/Z50lXP2Txd4htD1EbXtw+OuAAZBkfw9TyDgdSPzDNPAvgPNsZPGV8FiYYio4uU6WJkr2slpZx0Vlo+l/I9qnnucUKaoxqwqRtZKUIp626q27W97LV2TPQP+CmHxC0X4y3PwvsvBKyTy6bd6kZo7vy0L+cwMQiAbDAkcnBHI9a/Me6+Hnju3hYnRL1sNghIyTH93oxK7hjPRcc5BGQa+pPG/wAHbzQZ9J1T/hLr29J1a1s4RfRSTPZLI5UTQsxJBXPIJ5B7ADHtKfCnxvFAn2bxjpt2kgRglxbhX2+WDyckc5zk5AAGSTmv1zgvhzJ+F8soZPgZVYYXC3UOeSk71J8z5naz1dk7X5XbdWPic6jmGZ1pVvZxk5JcyimtuVNb9Ek7NvTqrn5k6p4Y8QwDbcaPfK2ASWtiy7lGSBgHJ9QM4A965eaxvY0fzLCdW3d4JVYA9Q3yEEZU5IXnJPNfqtefDj4iRjy1/si/Vdo3r5YJ6cBdoyPwyc8n046+8CeMIpQb3wxb3OAOIrOKVOMc7uuDkZ+X3AKnn7WEMK2uevurRbs0l7q7ddv00Pl5ZXmEZuSouKW9ndXduZtNLm+SV9Huj8z5oJsYWMhtqhg6MojIbnBKnLbeMduvTk12sQW35VwMKVwFG5gPvHjkepGB0wM1+jM3g5FnVNS8GiJSNzsNLUqRyMsVPUEnHPYc5zjHm8H+CwGW40yC2MrHiXTHUKPUMvQDr1BwAfetHhsO05KtBbKOtpSvy2suzvd22vdGbwuPhJRcKlnd3fMlHSO90106X11PgCS2ROAkW4gfLkDPI6HGM9Rx79xkovkRbmjjBOVxnqG4yGwOQwJBOexI9T9yTfC34fXihFnsSTNkhw9sQOuAQG3A578fhgHOl+AvhK5842c9iSCNudSUZPYDI656EgdQeDgULB0p3SqwsrWvdW0Ts7eXfqn3EqOMjaybWn2mu27ta3/A02v8MyhgJHC8u/G0gbiTyCMNjg4UrnAxwDzVdlxhdmN4w4IDZ6Hk45z37jjg19uXX7NULBnszE25RtZdQVlVzk7uzHOAOmcnGTnIxL79mHVYYw+XXCgmSGcXBUMTkFQRjnpjkDqBkZirgIqCftKbu7NNu+ijbS2iSb0732NY08Wm04ysnFpxkn/LdJtp2s7r7rK+nwhrMGwBmGN6jGQVwSTnHXAHQnOTgGvpP4Xx61b+D4f7PaUCWZmKICzEAgseOMHg4xjkDI6nb8Sfsz+JDZX11bLeSpYWr3BJg4ZUDMxUdQenfcccepu/Da2+IWlaNa21poYls43lWB5IjulBOPmO1sEY5HQ4xu9Pkc1yzFSq2hCM03zK+qduXr2vdXbt+J7sJ2wTU+aEk7SbsmnZPW+nSz1/G5uJqfjSGRQ11KIzhRvX5QApyWU8g8jg5LEZ7jG1beKvEtvLELiRJQcAfLkfLwByRtyVyQcDAONvUab3vjOB1W88JCRT877YWBB4PykKevPXAOFPUAVny+ILuCfdceEQCpYMDG5wOgLFUYBsc4JAHbJwB4dTJ60qc4zwcU3bVJt30TevorNW/AwjVUVBxrSdmm1fzjZNX221s7bn0n8HfiCmmeK/COpa3bC3g0vX9OvrmaFsyRwQXMcjzqvBPlqpIX5eh49P7IPhD+0t8MPGvh7SL3wp8cPDFy01jZxyabqV3Bb3lpMIVDQSwzMuSp45LD5SeRnP8Nll4/tbVomk8MujhAS3lSEbSAcNwuDgkBv4T6g7q7DTvi7BAjJbWk2ksWOHhluYmWXBI2iMoW7ng4VeD2r+SvHT6OdfxSqZfiIYzE4HEZaqkaLpxc4WqODlzpOE21ypJxlqfvfhX4s0uB6OKwuIwdLE0cXKE58zcajlGKS5Zcslqrp8y1turn9+EXxKvYoGudM8UeEdQdowqtDqVmHlIACkKJjkEAdPmOBxmvxh/wCCxnjjVPEfwZ0xLmWwi1C2naUXum3EZkiCHABaKRmAY+mCSMnLV/OzYftEeMNOtyNO8d6/YNG+VddTvEzjkhYmchAMAAE8EctXFfEb44+NfG2lHT9d8cavr1ptyLa9upJVQY6ASORgj5d38QwcDqfxngL6JnE3CXGWS59PO6FfC5bi6Faphnh8RCc4U2nJKUqlRXlfl1aXSzZ+o8Q+OXDucZBmOAo5XiKGKxmFnSjUVSm4KU4pczSSe9tkn5apvF8L/Fbxn4bvrW/tddn8y2kR1W6/fxSGM5XerfKVxuyTkjAyOTj9W/gn/wAFMfD2i2VvovxU+CvgLxlai1jtjfSaRax3cnyBN7ME3M5HO48Ntxk1+H0OoqGTcrmIZ6/MpAP3uG6dsjHv040/t9ruDZYGVTggFQinBGPQLnsM7h24x/amd8B5Pn9OlHHYaUKtKzhXoVamHqxlZbTpyi9NNHdavXc/m/LOLM1yeVT6vUp1KU9J0a8YVaco6OzU0902rrTvo7L9Mv2qfjJ8BvixNDf+AvBlj4GnmEkk9pphWJHV8kW5hQYAUn5ecFcnk5r8bPA2m2V38c0s/PMNvJfXaiQvhUUtkEnop44OSR2PFew3V5ALWYpKTKsTGJgDub1wTk5B4yOnr0r5+8DXDj4qWkyhpma7mOCSBI2f4iuSBnjHHoWx1+i4ZyOGSYL6hTxOKxFOmrU3iq069aCbjeKqTbk0tlduysrX0OTH5282xMsTPC4fDVFZyjQp8kXbl1stE21+V79P29+3FmVwDtzlQTluOxzweO39OrWv2Ynk4jYMCDkk9GGABnHI6jdjORXNtcBsFnUSbiAiOSAT90YGNx455xnqOuWidST5soG0rgFgmTkn5s9T2C9j1wDmv6flXp235bWbuor3fdb7b67dXra6PyhUZ6WTTdtVtbRptLv59brVp36I3zO8oYkOMbSVz+G0dz0bv0zSG5Co27AYKQ5yQTjBGByAO2DznnjNcvLq9pCS0k4Rw5xKWGxSM5Lc5PIJyBztOMd8aXxXpSiVjfo5RWIVWEhYngMVGDgkckr6ZOSAeWWMpqOtSOtrO+zXL6222100uOGGrXSjSd30s7J2jrovkkuvc6i+1JlQyb24DJgjIBPCggYznHpx0xwBXIy6tNJdpEVJEaEvnjduzn5vUdeMcEgckk83qHi+ykjX7LFd3MgyyKiMAz4BVWzgdeDxjOD2rloPEerahLI0WkSxyw5VpHJwCSQNwHfHp2xgE1xzx9NtJSbad1GMX1s3e6b69fNXOmng60pxlOKjG/dbtK/u6t620s3by39egvg6KiOABndhuVYHO1eMHuexJPzY6CSXUY8uXMm0KQpJIJI4OO+OACM8/wAPrXmscXiq7bYPJtF+XB2iMlTwOSTu55yM49Dirx8OahMY11DXpAVP+qQEMQB0BGFJPQHPTLdznOWYVW3yUZSdk09ley2tbW/Tr2Ov6nRSTlVhFKzbu3/K1pt1tpdNq9+h0c+sRRyYaRNpZR5ckiqVC9STn5t3GeAckc8A1QuvF+mQ5WS6VlDEBIyTKpGMg8kNgcEY5wMnjNZreEtDQ77i8muXj2vItxcCME55/i5Cg42joBxxxU4tvCkLiNYLR3Xa5SNJLuaQZXAUIrAk4HGcknAyDkYRnmNd2jRlraNlFu7fLo0rtryvba6M6tTKsInKtiaUGkm+ecYx+zu5N9nq9Nb7K5RuPGcbgfYre5uI2ZisYhbnHX5sYA9TgknHHQ1Tn1bxRdsRZ6EyK2HVrhiCCBlQd3POc8MeCScmvQtO0PxTrqxxeE/AniDWN0gWFNO0a4i2k4GA7xgPzyRwT6DqfWNI/Ze/ak8WBf7N+GN/o1tKYwbrW7hbB4lPAb5gAAFORw3PAwSor08NwzxDjpL2WCxlRSsv3eHqvV8t7S5bbXtqrM+UzTxE4CyZS+ucQ5NQcLSca2Pw0JRs43932l/LRa9t0/my3g8XXSB7trOwBBBZQHdWySCQpJHHA7sSCKlj8M3d4C114guZXZSfLtyUAA4UuSQCvUc9+eMEj7r0H/gnZ8b9RKt4m8XeGvCyS/NItvdC/uBgEHcoJBfqCBjkcZya9x8L/wDBNvwfbMk3jP4na/rTBP8ASI9JRtOh6g5852xzkIS3PQtxzX1GD8JeLMc1J4WVGLTlz4qtGlZWWkoKTle+miv99j8tzz6WHg9kCcJZ9DHVad4+zy3C1sY7rl0VSMOR6KyvJLb5flYvh7QrYBb6V5NisWluLj5d2CQAqyckHOMDHGCcgkaUMmhwmGOy8m5+ZeLaylnkf6FY3I4I5yAQOuABX7b6N+yz+x18PIPO16zs7ySAl5J/FOuwyoSBuYMplzj+IKVJJwABkCpbz49fsJfCcGPT3+Hsc1uMrb6TpkGpXPydF+ZWDEcYPBznIxjH0NHwaq0lz5znuWZbFNXjUqxlJxXK7XqTgnfXZpXunfr+XYv6a2DzHEPDcF+HfF3Es7qMJ0sJVp0220oX9jSxMkpLyTt9x+Odj4X8eeJNyeHPAPijVmLD7N9h0e5hikY4C73dEBJyMhsDJAJwMnmbj4a/Ev8A4SSLQdR8NzWmuz3EUY0zUplS7tWc4DyW5O5IlByGKkYXpiv1k8R/8FTfgzpFvc23gHwPrWtTRrtX7Po8Gn20hQqAyskQKruDHOfu5bjIr85vG/7Vt34p8e3PxH8P/DCxsPElxMXjv9XvjdCNUUgqYVIDdTlWB9D3FcmY8J+GuUSo/WOLo4urGcPbww/LOKgnHm9m6Uai5rKyUpW6O1rr3uF/Fj6RHF08w5PCWpkmCnhajyytjq0qc3iXZUfrEcRLDy9k0/fcaSaWiTvY+lPA/wCwd8SdftbfUfFHjnRfDNnKFJ+yBb+URBcmNgMMDyR0OMYIPAP0HoP/AAT/APhJbL53iv4geJddZWG+OznTT7cjuVLH5VABxnnZnOMGvzXn/a8/aO1hH8vxLpejQOziC20uxdjDyQQp5AcgkDJAx8pGc44XU/iR8cfFCSPrXxH8WxRSZBihke2SU+nyFSgI5AznqQeBu7YcceD+RxdPB5Rjc0qQil7WsuVSa5U9KlVxd+vuLf5nz0/Cz6XvGNeVXN+Nck4YwtWTaoYBVZ1KcZNPlXsMPFtxjfV1t9ebqftbZ/Ar9jnwADJqWlaBd+QoZpfFGs285kCAktzMvzAglhgDjBGCBUd1+1F+x18JoWi0q+8BWTQbtltomn219OrISANxjkLNlRu4HI7V+Amo+GLnUP8ASNV1vV79xITJLq2szqCWJyuxrghj0HTGMjGDisOTTvCWnRyfaNS09ZYiMGCH7TJICcYZ2ZicAdh+PNcdbx8y/Cc8Mi4YwOHja0JV+SUt0opqlTja17/FfdvY68P9BrOs+cavHPinxHmrnZ1qGGq1KNKTbhdXxFfEpReuvIvkftf4q/4KufDTT3ktPB2geIPEToh8s2NgdMgfHOTIqhWXJ24A4JBxgmvnHxT/AMFQ/i1rLNF4R+F+laSsgYpd6xdNcyDk4do22nIBBIPqTxkZ/N6XxP4dtFAjN1cuqKqfZ40gQNyfnCoOgzu9AQegFULrx3GPIFnpNvuUbvNmYPKBk8OMgc8cEc88Y6fK47x74yxSf1Sth8BTlF+5hMNRi0tFdzqRnL0acb/4t/0XIPoL+COS8k8dk+Jz2tFqUqma5licRzSVtXSpzpUdb7Om07Wsrn1p4i/a/wD2r/GscqHx0mg2rgqsHhaw8t0BPQPycjJydw4zz0FeI69qHxH8URyzeLfiH451gMmXE2rTW8TFsh1aNHXAHOQR0IBGM48lPj3xJHI/kXqWUUgfKwRhQF9Accng9DgD15xjz61qFwJDNf3U7FQ7DzHCBshvnAIC7voPmAx7/DY/j7irNpOWLzbG1m91PE1VFptLSMJKLiktnFb6bn7pw94JeF/DMKayjhHIsHGHKoyo5bhFUskveVX2Uqiate/Na6vfW56YnhXwdbbJNSK3jOP3k19qsl3Ij4UlpFdn7fwjIyeTgk1blvvBGibRaiyuGGDutrZRIrE7Qoc7s7cY59FHGRXhjST+YmXyrAsXJZ03Zy2cnO44x65I9OLCS5YgnaAclduEPoQSeckbieoPUA9fl6uOxtZt1az95ptuTvfRKzdn3vu9etz9Jw2WZVg4qGGwOHhGKSSjThHTRr4UuVNbd+9lr6zdfEGG3Uw2VgZA/wA4NwVX5jk/KoAyMBdvzFVxls1x994713940EkMSkZZY49zKSdoVmI/hHOccFRjORXMNKisJZSjbRgDcCfm5yR2zjGME8Y7Gq8l9ZoW2bSAArKxGSTgnLdM5B9R9cnPJOUpu8qkm2kpczbu7La705u2r6rdW741oRh7sYQimraJbataa7+t9XbVM1rjWtQu2DyXE7swAZHlbaxyDwoxgYbIJx6881ksl1LcLkHcxZtxT5UA5Azu5ORtGB+R4GbNraIQI1QLGrbsleQegBxyQMYY85HIwAarP4jLMiqNoGSpyMM3B5z0Xn0Pbg7ahOnBO6i2nfVJu7ask3ZJ3WqW7tfe5EqzmleWifLd6a3SVtNWrLo7fzWNae1KI7HY5fIJLE7QpyDjOBjOc+vOaZbQoyMZmTdu2xsQpVVxxwOvUdSGJx2JNctd6vJMX3yYWQAELkoNx4Jx+OOmc/xc1VOoTxQsgcygFT8oOBgDAz94g8d+eT3FZ+2prRK3lsvKy1fle3RJ9BKabWl/PbT3V6rotvy0753s4lVSI3/iZlfnII+6BkknBABHHcYBzly6rArTjPJP7sM33cZIBBGAfpgYyTzXINJd/fXO5lLbuTjPPAHr0HyjB6gbjVd1lJz1MmPNwpY5OcA7RgZ4APHboM1k68UtU0r9U7XfTta+trepPNWv7qas1o7SW8Xpt1SvZu7VtNE+rk11I1ChGDshGAeGwMknAJz0wD1xkHg4rf242zJBVj/FnaQ4ADZGM5GB8xPY+mawMBSrIHygKkSAAOSMZXqOFGSScjHU/wANWWdFYiRoogQfmZlVWA7DPbjtnOOBWM8S7pRgtVvvdWSTWqSW+ve9tBqU29UlaySbejsrXenS2iX/AG8mrG9LrE8gUtIWwMhc9QcdDgZXHrz68iq/2yYl5AzKJBkKCd2eBjqR2zgcn1Pbkb/xDolkMT6lZhkU8eYGLYPQAHjHI9enBrlrz4l+HLcfuZpJ5VA2iNCUOOQQfc9SQB6HPJlYmbilqraaWSaajZeTs7W9bO5V5NWu0tU9X3Wi8rX10etz1N5t4DBpQAp35O4nI5BJ7E5x1256jrTSuVA2ohKnBPPtu64z2yRweT0Jrwy5+MBRGSy03O7IZ5CFH+8wOT6cZAB6k9a5e++J3iS4ANusVqgDACMF3HXjoMZznkHgkY5rKVV8t21ZOKvfXZWbv19NerauZR9nzP3uZtbb+6lHRW0b0ura/dc+nUjVFYyCMcKA7Oq9jyQf4m6c55PGDgVTudU0iwiWa51C1jUHc6iVS+0EkgjJ4B5HT8M18jXPifxDe5afUbxVb5iqSOi5BYghRtwRzjnHp94Yz1uLmbiaWWUSHkySMxwMYOCxwOPujp2PJqPb3Ss232bva7i+jvbR3vp01uykk/stX8rdbW6dLNKyemup9QXvxD8M2pYx3BnfLbRGM8DGck4BHJwQQvHHXjjL/wCL1sjPHY2Dyk4yZiAQOSCccgc+2TwMc48Q2qWZSzMcgIduApz/AA5HIADEDGQAc5PJhNuRKGHmAEgEKG5OT6g8DrtXpgnoBWcqkmkuZ72V3Zp+6tnbV9W1Z7t9VooP7K2atq1Zuz1fVJN690tOi9Qu/ilrk7N9mEVmCpJ2R7tgIPJAyB0Ixjnjr1HGX/ifXLly8t/cyKzj5VkKoB2wFwQCOQeoHGFxy610NpomkUSuzqPliR22k5IyMDjnnptwRllwKhbwvrckpRbO52HIXMbcjk7lOOAQQOcAdOgp0p35Xe600Vt9Nevbft0WiHKlNp2vd6pqzta1mvmtVv6XMxrmR2BkkZyzciRmOWPUAknnjJ45JJ68083L/KqNtUsSVChsnAP3gQAB1OeB9RXUaf8ADXxLqGGjsmKqCcv8pHPyk9enU9PxzmvQNN/Z/wDGl+FkjEMSkRn53A4JyCeTwPXPIAGRtFdCi5PRLZbNX08r9N3e3XWPXLkqxS5k7XveSTvG0Wt7a+d9L6czs14/9sCDcGcFgBgAZXAGTjgYzntn1zVq1nnlZCquRvH3QCSDgZ9SfwI69wM/Sdv+yt4kZd97qVrADtKsAGBZskrkcZ6jB656jJrstG/ZxstOeI6lqhlAlRXESkdWBXYSSFyCOmOc9zzrDB16iS9na2mtknts7db30st02S5ShZy1v25fitHR6W7t62Sl6HjngjwhbatfWsmqavbaRazXEEVzJOQXjjZ0ydh4C4OcgjB4zwwr9gf2ef2e/wBiOO8XUfin8YYbXQfLt5L+1ttzanqHTzo7ZkBMIGCqrg/MAzZArw3w7+zj4XtbG1u7qFrwyIsxjMTBto5VWzgZIwSdpIIJBzwfS7L4W+GoERbfSraELkgywiRsAkYywIAzggnHuc1ri+GMTmFJQVedBSTu6balfS/vJaW0V09Tty/NKOCn7WWHp1pXXxxTSfu3ad7aX+7ofc2r+Of+CVXw21Wxt/h58NPFHxJtLZwobULWQRl423PIZSg84M2VA4JHQZwK620/4KJ/BPwhcBPhf+x54fjtl2i1n1OKFHBRQFcpJC2OVDkEcHdgDNfBFv4TsrVBtit4gm5VCwRIq/xAZUZBxng9+hHNOXTrVGdcRkRLw6kLg8HOeMkZCnB7YHv5NPw0wc4NYmviq6bV4zrzabukkkrWVmt+vc+hjxrio2VCjh6NmknGhDXRLezTV+tlazP1D0D/AIK3/tN+IdY0PwX8Mfhr4D8IXWqXsGkaTbW+kQXN5LeXr+TawwtEkO+R3dAmQAM4PY19p/E39m3/AIK6ap4I1P4m/FrxfrnhrwTDbWd/eWOh3Hlz2qXQWRVXTIcyBAreW2GJXOG5INfgh8MPES+D/iV4L8XO7wnwn4m0fXupZ5E0y/guJBkjIZo4327scqQOtf3e+HP+CwP7AHj/AOHnh6w8V/FqwhuNS8M6fHrPh3XLdsjUo7dIrm2uIm3IwjmBVGIw3BUAsCbwHh9kdDNcHSjlLxcXOLrUoRblKMXBSjGUk+WTWqe907I7cfxXnX9mxqYWcJ1586bsmoWjFw0jZWb6tddE3v8Ay16h/wAEkP2gvj7YWfxTm+HfjHxdqOsTrHDqcwa2j1e1AK+YWcM0jsGLuW+fJU9ATUuh/wDBBH9ozU9ditLf9ni8s7K3CyPPq2qqsbOfnZX+U5XPTt0BByK/rA0D/gq/+wt4Q8P2Ol6J8UNMW2sZlCaRp0O2OyjfiNoYwAI0cct2Y5BGACer1v8A4K0fscabaW2qL8YIrldQ2rPaWQLz22equoJO/wDhOPpk4AP9H5Xlmd4Wjh8NlfhRha+Fptxw2IxWXV8RUqwXKo+1qWjGSajqotK+2krr8QzPG42tiKlbGZ7VpYmTjKvRpQUVGVotpXjfV6dXqm+5/OH4b/4N+/2gNWnsbWfwP4B8NW0hVpY7i7huJ024VWKEg5Iy2MevTo3018Kv+De/V9E1bVofiNc+DpNKsraTVJbWxs4WvL1LeMzm3hmLn7OpVcd8E+m7H2B8Zf8Agu18J/CfjT+zfhFoa+LtPSyBv9Z167/s4xfLuItVkLea5xgYwSxPPQV8KfFP/g4Q8eReCfiFovh34WaSPFXiLTr/AEnw34ih1dLiPTEvYJIDOyFQzSIkjMoBGCAeuTX0+YcK8fRyepmVbhPhLJsLKmpuE6ODpY+nGVtFh51ZVYOMejhz3sYZZjJYvMcPQhUzfF1FUSc+SccM1pZzqNRi4tNt6KPa1zwzVv2hP+CdH7PviTUPBM37L8nxDvfBGs3OhakurmB7V9TsZDHIIGEQLxeYpIbcQMnkDIrn/GX/AAWi+CnhCw1bQvhh+wp8PNHtr20ktYF1EWd1DkxsiSGGSAucYyw3AN83GRx/PXrWueNPFmp32taprMt1rur6teanqZEjNvvLy5kmmnlkGRw0g5JIG3pkGqt1prwzfbNT1A3021FYBm+UkZ29zuGCB0HJJ6Aj8gzXKfrUb1acYuEk3eMVHm5U3Zbat9trdD9nnPDYa0aOHlB+45yqSc1zcsU9He3vavtZ9zT/AGkf2y/iP4w8TSeLND8I+EPhtvvGu7XT/Ceh21vFC5kZnyAm0h84Y4Xoew5/Nz4ifEfxR8Q9dm8QeL9RbW9XncF5pI0jZETgKgRQFVeCABkZPGc19CfFy+FtDLGkCRySq3lpnzDHEBkEqRkF8/MOx9uvxpqEyhpJSgBYlWAbkg55G4dz2IHuOtfkuYUaNPGThTSajJptLRNWvrbrZWva7d11v5GYYqUpPXSySXKrJ6ctrJXadna2unky1b67ewzsbeRobd+HjRhhgOdhwV9Qc5B4x1zU+r+MLm6VV80tGigKDwAQMAsAckgDgZ4wOSa49piGO0BTk8DqwwMAgE88cepJA+UgVSeTO0ABQQchiCwy2QTg5z078H2wa5vYU5+9KN27OOnTTpZ2to1dJbXuec68lBQuraX01T93VXvb7km1foi3PczPglmkkZiSuTlVyT8xIz2JwMDgDruqKO6EKkSbtzkZUZO9R2UE8HGR2GRgBiBVR5kSNpHYggLjkZ6gKFPUAjJPYYB780PPO4MoJIU5B6fN0A65J4A+gABNdEIximklbRWuvK2297JvzSS6M509W979L2tzJbWWq120TtZX3fTXN9bXduI0AgKcYIyWG3dkHqFPcE8gYrmJ5HRx5OQAuS+GP8WQRwVx+PoTyavQsFB3IhlcZXcxOCQASB3wQBkL6YAGarzyKSQwRWCjDEggAkjO0Enbz0PuFwKTgtLabd0156a/klbXQfNb3db2utG307bWtre1rM6zwp4n1Dwvrmka7pN5La6ppd5BfWNzFxLa3ds6yW9zGeqyRyASKwPy4xyRX6RfHX/gp1+01+0t4W+G/hP4vePr3xLpnwv+zP4XkvZHeeGe1jEMc5cMMypEiqrnJG0ADacL+V24Lhw6hl6spHzZxg9+46jOBwD3NxDK3lsxL5YvnOcZ7ZPA3E8dATniuHF5bQxcqc60I1JUneN9tkuqtorpX067to9HBZtjMBCcMPUlTjNxlJpJST91txbvJX62aW+rWh9f/GL9qz4t/HmXRD8SvHeu+Kx4btF0zQYNWvZrm106wiASOK3jlfYpVVChgOADjAxXz++v3s9yIo5XaAEBoUZhGxUAbmGRnJAOOCfr04xbySa4jjEYXjYCBgnBIbHc9Tk8k4ByQa6LTkW2SWVsKof5nYfMSc8KNvIHJGAeBx0qaOBoYWnGnRp04QWqjFWSbtKyvqtrt319ds8Tjq+PqqrXnKrUdk5zcuazSto72S09U0jttI0vU9Tu4CsrwxqQ0jAnZArE4LHOF3dBk5A6Ekba9R1bSNH0+yt4GuWeV1DuY5c+ZIBklxgkKepOAfmzyeR5p4T1tXWe1j80yyvhAB1K4Kl8/KVyB14J5OwnA626ksrTzpdVuzcTumREpJ2BlwEJztHXnPJ5HH8PiZhCVTEU4r3Ic0bRgruWsU+ZpNJNXbtb5HGk7NJ6aW3irq2y7tq9r2ttoZSRRRpKrTJI5AZWJ2BUPAGTjJPAAwPTk4p32u6+zSIkzxW6hSsaHZ5oBChgwywyTyRwc46fd4u+1ppZXQRkRAFI0GRgDdgMPbAXGckng8VlXWsystvAjMoA5LnHHQcAcAdh14zgnmuulgnLlbSvpe6d76Ky0t13v5a2JjGMlq7Nct9He7cemmi2T0slfyPXPB900vjLwcGcALr9huC88i4X5WODyM84J6jkDIX9jNUZHluSrH5jGCqcHckanj1HXrkHk8fdX8Q/h1cSy+OPCXLFBr9gQQRhyZky23PUj5SR0BPbgftbdyEXFwVyy7wCo68RADIwcnrg7sZ4wBivvuFaUacsQoq3w3XpZXv5b7699yal1STS0b1tZ7KKbT12e6ezST862nqBM525AkJyfboOevPft25GK9Y0NVkRQcA+X24LAFQTnHTGcY69Sa8gsH8yTLblCuxUNgk/NjPv0HGMsuOMgZ9f8PyjaFXqq4DMCoOeADznOc46+3SvrMR/Adna0bPayVu66+T8r6XRhhvijbvF3266uztq0r9Nk76I2ry0QwXD7PlUbdvKkEgZAyCSffPY4x2rWltAwXbGVbaCCTlSSD1JxgBenY44xjnSukZra55bfgEuTweoONv8RI9x7ZxVS2UhV7NgAHpkE44988jPbBxt6fEV378lqtV2avo+mqa0e/3LU9ipyc0dNVFb6vaN9XvdO7830LDxwpC6hxvUoFIHJXOc56cYHJ798dfyg/bh0y1X4pw3dzM6xtolkJQjEGRCpBwgJAAwc4/hOOS2R+sm0rDJlQzEqGySOQ4IOByDgkYwR296/JP9vy+mtfidp8SrCPP0C0UbiCQu3k7eBnrwBkY47g5V9cM4q7leCflqt7O1990umjS0mVnTemjty83Sz5duz+a63u0fHOsWujw6XDdabKGCwtHMC+HLtgBSuORxkEkHHOM9PM5LE3Lw/ZFR3dGODgKN2PlJGBntjOSx4ycCtaJLm6CQAlYndUXnEWGPzEAe46AAgAnJOCfTNO8BPbRSajLcW00SW6SosZwkBPIcnHz7W6rkHnpnJry/aKirSb1aST89t1pe1vLfYyp0XUqN8t0km7O2nup2ve7eq22bfR3dovwb1VbDT9Q1Q2UMGoRNI4lkVZLeNRu3FfvEEEYxn0OB139L+Ddrc6bqGorqcMv2Z5pIYI2VFHkDOc4IPmHAQckHJ57waePEevTTWMt1LdJFF5Fo43skUJBVQNpC8jAB7Y+bOTjv9D8Oano1m9tqdxKIXAEMMgaIPhvndi3QcnAJzg529K4K+KcN6qu9FFW291W0Sd9bX1bTVtj1KWHpT5UqLtb3nLTblejdt97p6W06I+cZ/C+sXlxL/obtAjskUh+6AvyjkDPRdxAx0x0PDLLw5YRtLBfvKl6/yrGuV3Nz8ypgdOmc8hsnknH1Pem3ha1t7CGLYFxOAVaNnfALZ+YFQcnrgjkYPJ8H8fWD2GsG7WZQj5ffEwOHCggAjnA/u57jkZqqOKqVE001sk72d1y6pu2/S66JeZjWwlOmpSV5JfHfumuXopdXbm2tbTQ80vtGurGWYmGQwZKI7AlWx0HBOCo6rk/xZGTkQyafcxWsVy0bJGSTwD8g4IJB/hPBBY8nocEV10WsR39mkV6N4WQfO5GXOSoODjuDtzkn0z81Wmi1O+kis4GhFrOyqgkKlgnCgtwduO5Jz1IBwc9Ma0oxTmla6bavbpqraqzsr9FrqmziilK1m9lZWSsnyrtdJvS+uzdupwsJcgMgBdSByv3sg88YGccgYHzE4Hr0umWWozXGFtnKlRKm9SuFX/loTgYweO5wOM4zXpuk+AG86OC8vrOKMFpDIAGBxtOxOnzei4688Acd5pbWug69Z6rcNZ6zY20Z2aU0OI7hozhVnBJ3ZKjIypIB55xXPVxlJ3SfNKyskm9dE9WrW776vpdW6Y02pQk9Ipxuo2fWLd79lZ9Wmmr21fufwE+B7eNtOtG1vRbyCFv9K+33zfY7S4UEYiWSXapiI+YvyMdOBgfTsnwa/Zl0i2mtfiH4q0ezukMggsdKkW+kjdd3+sdTtJRh1bPzAAZ618M+JPjJ8Q/Fl1DZS6rPpGjWMBjsNI0cfZLW1teNsJEGCcr8jEkn5m5I4rzS8a8bz7x7glpcpGJ2aSVmYZ3BpCzEknqO5B7A185Vo4qvXlOWK9jBtKNKCTk4pq7lKTWrfZPeL7X+ip5lgcNQjCjg1Xq2tKrVjF2tbXlSTVruzbe666nafHa2+FFlqUMfwul1C+t7cy213e3i+TbuA5CGCIYONpyTknjgcgjx7RBqEbSlZpZLWSLacSMgLMBtXep4AJBI4BPUYIFYt99sed4ZHY7GLuCcoCxOTlSAWHHXkHHpmnw3UtvEbRJXTJLsSG2jJHC7vbIUqcYOfQj2KeFXsIRm/bPTWqlKV3Z6t77bNfht5cM4x+HrVKmGrVML7RWaoTnTi00k1JxfvKyd077+jMvVrS5ku5Yrq5mkCFgo3GQDJb5e4K4Oc47Z681gNo8MiuiztIRkgk4CsSOeOwBPQjB6YI2jrlJMsuVLMwbJYn5iw4bIwBwcgY9u+A0WihjFGgQvguSN3bOM9wcDAHUHDdSW7ac/YrkjGKSVkkuiaWyaW3S1k9EedXr1q0nOrJynJttzcm3e27bfbR2eqbstDlT4eWOVWkl81CqgMq5VSVBALYIBXrjbg8dBipNN0PS4b0G682ZWLD5M43McAfwgk47547mu/tWtk0+5tpIT5jSlkbghgVOOo+Ubh1zgjnIwQcKK2l3LbqACTvUgY2Z6hWxzx+eeo5p+2lU5odNk1o1rFO7tpporPppra+dN8sr8t1dNbXTsrbpaXWqbv27FHxDb6bY29vbWkTMM+aWBLKw64YnI3Lxkcc4yeeOAuwLrEkaqNpChVGTgMTnj046nuvpz6pqelykxqYpnJVVfdGSAfVeOAMHnPOax4vD0iIEjtZZpGcH9xDK7sCegUKc+np82OSTnSjJQjq729531tou2u6uutt+pr703dQ1T1Sja1rJc2q110bev5cdp9i11NawAkPNdxQFzjCCWVFJ6FVU55yDwCOAa/bX4f/s2/CiPwJJ4fmtbO513VvCivNqbKrzx3s1sZRcQSkbUKH0J6dQRmvib4NfsleM/HlzBrGt6Ze+HPCcQjuhezxvDLdvGd6rAjhSQ7cbupIwMZ3V9w6dY+NfD/iK10fRbaW6s4rVLHTZ3yzuEQRiQtwflA5OMg7uAOnWveSTTjomubfVK9tNldW83tZ2fXSoTcbuLWsVZ+7bVX39dEt/Q/KPVvDjeGfEWsaWsrmbRdWmgSVkIbMExEbAHAX7oPB5+vNfod8IPir8UPHngeX4e+LbC31fw2YVji1G9tykttbRriOBHbClQOhAOMnJJxX034J/ZU8L3GszeJPiImm67qmo3huTosBAkaZvmCzhQdx56Hj6nr9v3f7OdjZ+BH16PwXpXhfQbO3MywxMq3D2cI/eSBUYMh2gkbieecDHCcKipSmldJNyaT0jo1J7p2eiv1T6JW6cLhJRkpNXjf3VZu6bjs1e6VlFXWulnsfn54V+HvhXw7bxvpmi2S3RK7XhCtIScbmdscEnPC442jkDn1OeQadax2zwLAs8Z2xhlw0jYAcrtySBzlsEdMciv0V/Y5/4J5+PP2yrrU7v4baavhPwLZMttL458QFo7SWZSEmj0yNwv26RFx8sZAA3c9Av1z+0v/wAEjPhJ+zF8K9Y8Z+MPjXqHiTxjYaef7Hto4o7OwutWbJWya280uyucqpAIxycEV8BmvHGQZFi6NDGYicq+IxVHC040abqt1qlSnSUU0rt80kny/DHV9T6zC5bi8SpUaMIRkqcqjhon7OMOZtqzaUoptSk0npZPc/ndljAu3ikx5iljknCry7HkkAjB44HIO054LoYFYMmQp3AFi2QuOmPUDHQlsDnPzYGn4mVrbVJIyI+AQxjPIZHIYqRjA7AnnqPpSt2jVR12FMnH3flHUgcknBHB4OMD7uf2CjepTpyirpxi1olpKK3ulfT1dm0lofKVfck1fWMkn2veK7d+99le3TzT4kxL/Z9rs3CQXBCuQcAAHBB3YII65x6YxzWF8PfM/s2diMBL2QEEgbyep6dvvZ7DIznOOt+I7A6VCZIwD5wcFSAQoA4OOMYJLcAnIPPNc38OIvO0u8KfMPtr4VgTgAHPGeoABHuABnvNSlLnTaaWmunaKu7N9dG/OPkKM7J7O/ndLRWWl9vXe1zuJoX8gu3UOGCqOXz2PQADOeeuPpWYQu5XD4VGIfJxznpyc4AGD3B+6R26m8DNEijILJhnYAqSuMHH+10IzgZzjAIrBe1DuiDcFAfPcMBxk8cnr644xu4xpGD507uNo3VnG9/dT0vZXfR3vtrZ3ylOMWtd0tLx0vyrrK9uv332PZvgAYz44icBwpXOByXU4yT043cAYIyOc8Cvu3UI/LZnjOdysxAwGJY4CZwSSMk9hjvwMfDnwIKxeLrYnJAyqlMBgAxGGIBzkAIx4OWPGea+59RxJucHIjBZVxyTuBPzEdgcfXpnmvUoNqmnZNuV0r2fTr3tfvt0OWpL2jStZ6eru09+yWvdSenc8+1NlS4jBYgkDcgOdxz3zz1Bz1J6MvQV3HhSxgeSP59iugd9pxl9pJRt2MAk846Y5J5J821+R1vomUsAQWdRknLcjpnuRnjJ4GOx7zwlPme3DMwAjCsDkkkqOG3e/DdepwQBWOMnbC4hp3caM2mra2gtVa930e2i67KsOkq9FNJr2tK6SuneUbp2teyd2+3c/o6/ZU+Hw1T4ZeELl7dDay2MTKHyxJ2KCy5B+UYzgA4HfAzX25bfC6yFpOZIQ0bxlWt9m1WQoc4BK/e4I4zhRwRivmn9lvxlo+kfCbwHa3d1DaiPSLYsJGVWyY1O7kggEEkgZzkEHdX0rr3xw8F6JpF3qF7rMCRwqUjIdQrSMNigKCd7nIxjgFiCCeK/xDzupDHcY8TVcRWxU6zz3MHTj79rxxM7aa6LbpbVa6H9dVHnyw2W0cFhpOg8NhtYRVuVU6atfXZrW6s/mfxq/tcfskfETxX+2D8TtQ8F+AtY1PS012SQulpMLBYpWOZPN27NoG/eAcnBweefbvCH7EniCy0S0utZZtB8uxXzre22RqjYyxkBcEtklQxXIJ6dz+6/hF/HH7Sfizx34U+G3iLwn4JbQ7n7RqeoapbQXms39nfbvJmitcrKIx94OSyDPPQ1t/8ADrnxpr0kM3j79oRrqNpDLM1mgs4XjJ3iFB5yoAAQDwcDoD3/ALb4D4Z4n4x4fy2eaZlk/D2VU8LRp0q+InVr4qvGiowdRUKUXyya6SktbLXc/GuOPEinwVmOJw2WcKZvxHnSn+9oYb2GGo0qs4wm41a+IqU0l7y5pQjNKx+J2n/Bvw14as4YblrFZowUS+v3iL5XgkIflBbBK9uePWr8s/huxtvsj+JbWOC3zH5MNznzCRnJWPooI6AfVuuP2svP+Cc37JXg1Jb74p/HO1KQoD5V74itbSJQo2khTcM2CODhT19jXLXHh3/gkL8H4hJ4g+I3gbWZ0XKx3euwX80rAkFjGCd2cEYx1L8kEV+jYbwj8NcO1UzTirNs1qRXPONDDUsPTbXLpB1J1Ju97L3euiPyDF+OHjxjuanlHh7wzkdJtOFTMs2r4uvCLtZ1IYSiouS933VLyufijJqngJVCzapdXlwS0hWCynuCWOQoO1WzjoA2BnGQeK88uvFXgvwSPEHjC3+H/ijXrnSLeW7h1EWF3Fb2bIM/aGk8pUSMEHcS2FBIzzX7aal/wUO/4I7fCmd00vQvD+vXduu2NrPQo7pXZD0ikfOeqgZ/3m4GB8W/to/8Fqf2PPF3wB+KPwm+DPwrstO8ReNvDl1oGl6gmh2Nulql8vlvdPLHEGBAIwq4OFB7V7scm8LMHSlleA4TzfMKlVOCxmKrtUYOS+OUY04QajvrLW22x4+X8Q/SLzLM8PjM34j4by/K44inPEYHL8rrurUoKUfaU418TVjJOS0U+VuKadj+cD9oT47a98ffGSeItVt7eCHS9PXT9Ls4B8ttaxsQplfjMxUDcxHU9QSa8kj+02thHcKhQnKKBl3kZjkM6gnAU4GQeABnGcG94O8Ox6whZyY4A6efK2AsjuQzqMtnaWJHDdOmBgVd8Z+LNG8MQS6VZx2814WEcZUCRIVHR3bkKxI52nPAGTyD6GAw2Ey6hSwWBoRw+HoqMadKn7saaVm1yq+m9r6tvd6n7FXq18RJ4nEVXOpNRcqjbbclGLs/JbKzV21rbU4TVbq7nscNJuBcqQQQ24gALtDEjA74OCcZ6k8mguI1jHLHdsGSMnJGSeGLA84+nGfu0qaidQ3kvuKP5gIyEYk5JXseTgZwOfpm8sauWcPtZVUkDqrcDBI3DJ7twFwSfU+jHV6uT25r99dHfVctpbu2l7q9nyuTk0k9VZXurO+mqd72avfVrR3tcyp4U5OQGD7nVwN23AHByCw4P0OOmSKoskIf5I1K53EFiCoCg8+ueDnjvxWxewkMWAwGAZtxBYlVznOT8pcrkAnqe+KxWYsxIwrbQzqBySe2eB+Rx1JYHrbjD+Xt0vdJx02t59m3dSvYmUZNb2dk1bey5U72t8lZ3d3e+qbIInx8pwzAjB4OOSoPB55AJHB5BPJq5CsAiAWMFiuCQT5eCc8n1GDnGQR6EkCp9wbQuVICjLEbc9cdeDgHtnuR0qVJfJBjwSCGI2YAJIJ9CScnGOnGBxU8lloktE0u+3uq1le12k+jau72aVk1dK6te6Sv8Oy6t2879FuMkmkyyBmKnCgAgKeSCoJzz6YA7ckHLV7iNT1ULuzk5wSwGGGRkkn279+KRXJX5wCylto/i3DjaRwM9evse+KSd1CDcSQQyq3QBsYxkkg4ICkYwMYHap5He73ta667NO1nru9GrX0vdsb5ZXei8ul3y6RWqs9Gmt/k2fa/7GiIV8bMjyL+5QHnci4xjGeBjkn0B555H13OJZHGUBXhU3EK27ghiMnJxyB6Adua+Tv2KJYzF46h2MxFvFIWPyqRtC4OdvXJ5yctngZyPr27aFGVgxz2QMTjAxngcnOeQOgOc8Ffvco0wNJWvrKy0vutdX9lW362XkfN4yadeWt07c1mv5UrPbdtPXb5HM3Mk3myJzkkB2IGAvdV5zuGPUr3zkV438W4FGn6OQCV/tq1AXgfMWGT0AYgdQD74zjHtMjh3fzA3zNu3Me4BwMckdM8nuBxjnyv4nRA6bomWb/kO2pJIwASVbHYnHfHv0xXfV1hdR10er84rezSVnrqnppfW3Jzpu71VrL1+G1/0be3yO21xCLPRAEBEUlqzA5DDKpjOBlRnHTnjoSRXqVnGQIhG4V2CMAGzgbOg6gHPf8A76GBgeUeI57pV0pSmIjPaoAuFdj8oZyedoORjIJx14Br2XToCViDLk+XGwfrklc7M5xySSTjk84xgVtSg2l6K7V7LSy92+i0Wzvva/XgrVIwndu3vK9nfa2qTtZpdVez3ffz342rMvwa8bMEXfHprBy3VBvAJK8fe574A4HXj8mdAe4l05wuS53Fcr1TjJJHA44B28+6gY/YL442pi+B/wAQWjwXGlZZsglSXU7BwOMj3G7qc5r8iPDMbHTw7MFZicseflA7qRg5z78567iK+Vz5xeKptr/l2rpXVrtpbabX0232Z9Hld3hU7tNt3S00tFbeW/RaPszXu3WHTrdUREO+N5iCGYMT1AGcHcTntkYBLDNbNl4z1GKGO0vIYby0Q7QsigOVJ+QZ6lRkHgc9AeSa5R1lkjlcn5fNAVBnKgcKcc8nJJAyOuAFGKsG2MhEjIWddoAUHHAAJ44IwQDwcj7uQAK8CybtrZ3dls3orrbtte+qu319eLajdyWiV38V9YpdOrWyvf3rvvoagba8vJJkjWAsFaOJTuCjAzgeueduce2Bkb1n4k/s7TltpGdpoyJFQZKFBkhPpgDOeM5IIXIHNC2laaSQuQ0ZVAgGG2tg9OvTIyccnB6k0lzp+1JTMWPyhs8rtB3HBPoQ2OuRg110oNQUtdbbvpdfPbvvZ6NXMJTi277q2l7p2cfV3VnZ3S0T1Umh1zr11qV61wiqqfdjMePkIPByBjIOSoJz+IrbtLmZbZfMAkw4+bphi2GGRnPY4A+pA6cRaSW1szR7iQ4LLtbHzEsADjPXnJJ45wTxW9bSIscQZ2w7BlO77oBJKgZ5LA8dc7cZ6AHvXUU7Nu6ttpJLVJa66a6p20IS1be+tkn35evnprp6W27uwEscqja7NJudVI7cjK8cKME9ypGc10U8WLYSbl+VwGQA5JbGS5A5456ZBHtzw9hqbvIoLFWUgKS2D5Y9AQMHHT65yASo2zfySwuIpGCeZzkDkgjIz3PTuB06jp1QkoK8m5erT2S1fm7fLrpe7UVaVtm23qrN6X1bd77tddmrN3qSQSZ2rIdmSSwAVc9Qnvgdx2OTjtnXMrBCAHLbRlQeuCRuzjoQD2yOxHFaKTFt0ZDEFmLFuMEr3OR3IyDkAHHuMi6kDoxUtmMEKwP8JbHJxxyc4zk4xnqayk1KVoqzdl7z2fuu6uklbRvWzV1ZJaU0knZK99F6K93skk/P8Xr5h8Rrd5NCuiquSyhmC/w4AHbhicgAEYOQvXFeC6Z4emkt2k8h2LYDFQSEHUF8Zxk444znkdAfp7xHYrd6bJEJgGdQxGOGIOCoHHzAcjIHYg4xn9yP2Lf2Bf2Cf2q/g5ZWHhz4l6/4c+OVtpwfxF4d1e8SEXurxRBylhazGLzLOcgqGRhtL56BceRm3FWD4ZhQnj6Vd0sRVlB1aUOeFJxipc9WV4qnFpaX3kuh35dw5Xz2dapCSpxw8aal7s5yftJRirQppycU5Jt2Sjd3dr2/mVfwxKomeZ1iXdwyknnn19evPYk8d+U1HwxdD96oZ40BJLggkE5HUAFcYIYA+gGK/qN+Cv8AwTO/ZT+I3xU8dfBH4qeMfEPwh8baTfT2ukTa1LFDpE8MCuFu4Z5ZFjupLkqJIowyqEcKGA4M/wC0r/wQ6+DPwn+HXifxrp/7XfhOUaNaXVzpVhqC28Z1L7NG8kdiJY7l2WefaAjBGznPQ5PzMvGDhhYmnh5vHQdSUIRqSw1SUG6nLySXLzOUJNq04xa130ufR1vDPMsPWpYZVaM8RVpxq04LntOLV0vauDpKVvsufNF6NK5/KKdNnhYkqdobDNtOQMHjqRznhsdsDvnp/CMkun6/plyFf91qNpIjKMMu2ZCWDY+VhtAzxx/Fg17n4j+FN1pMlpLJMYtMvJpoLW6kjbyrwQyFGnt3K+W8ZUAnDZAKggcCvszxL/wS/wDjt4H+AWi/tMx3vhnxB4B1SO2vhBpuowyajptnNtZLi6jXJ8wMQWjPO4EHkGvqMTxhw/hvqf1jMqFJ4+tGhhfaNxVWtNRtTTStdXSak4pS0dmzzP8AUHiJfWLYGt/s0Pa1k0k1Czk5xXuuSUVJ3trZtO2h+j37PPxqtrG30dr8Ryww6fZD/WLHNLthT5XbGS4IOeBnIPHUdj+1L8WvCni74feIYLLSpo2nsjDe3LujpBGMcngEHnI4yRnB6ivzk+Gc942g6N+9jhlSFQHLEPIygrkkckcAYBwPmyARXUePG12bw7rsXnRz2clhIZo03EuSpxu5xwMbsjPpgkmuqtl1CdX65Go+a6kmm/VPro3o2ns29XoeDDFVadJ4aULpNxlupLrrdXVm7X5nJpt3PFNeHh9fgosF89zcaPJqkgj+zbi6OMgMAoJLDGDgnAbAAGceV/CY+A4bjXdM+1yWEGpadLaf23d7op9HklH3lGMOHHJUggDOcsMDuk8RXfhP4OfbW0+3uobW/Kpa3EP2mEhnHzbW3EMATn26Ywa4Hwzr2kfErVpNAu9L0/wjp91aiW71mytzE0OFVjK6EKTzuOC2MdQRgDzJv3K6fPyKafNCSvHSMmknFtrTs3a1t2dMJQU6D0UuSMeRx1d7JpSetuzavFdmzK1T4SNBqsC+F/GWka5DMGYTxXa287ly33lcgZAOSAMA85JbnrtA+BvxJt5by58i1u1eP90ZtRiZSrfdWILKCzHjrj5mHFcb8VvhzpnhF9MX4Z+J7nx35lt/pN1aCS3ksLvd8sIXkn67h0IGcfNwGkX3xJ029Vdbv9YtIJDGixCS7SVWwcA4bao4XJ3ADJIwQQZX1mvSi6Nei1LltGtRkpJWjGz95Wbte7Vt9NUdPtKEZqM6dWLVtadT3U+VJe/qn0bs3drpueq6v4c1zw3cy6d4mS3sbwRiTyTKJG8s5xtCuw5AwBnGBx8pGOft7iwtHa6hupJJ0IIVEzGuchtwOduM/RfzFTf2jd30jtqUV1fyPuWO6vJ2eQqoxt8yRsqpHHGcdBjmtPRLaxv7l7UC2sw7xLMzFXIiMiiQ4GflVdzZ7jgjIye2mp0qcW0k4pfBG12lG9r295Wvb02Zk+Wc1GNRp30bvf7Lu3otLXvtu7PU1h+z94p8Ym21iyjj1a11eIXISORY1hJOQjlTgyDPKn5RnJOaxvF37OWqeE7Zb3WdPhisV2LKovMBCeplJ5VeQTux0HGM1+pmgfEb4HeDvAmmaPp1ldahrWlaZCi3NomIJ53TMjlgVG8vlehPHHJwfjz42eMLz4kWd3oWm2Fvpml6gyyPc3l2kV0JYj8qtkrlDwSo4IGCcgVzYTH5hWrNPDqnQjPSbafKr6b3k7u9k2lqtOp69XKMHClGq8R7Sq4xfJHllFu17J2vZSvo7rVWV2z4vi8HeAovMF0LB2tyWm8zUgq44yqcHIA65JPHXuNmwi8EtG1j4f07RIriWPyw0Vz51zIzHarBQATtIJJGMZIGADnXh+BehwIZLzxlpPn3A3PbxuJTCy87TmXnaR15zluWOMwwfD7wv4TY3+j+JtOvtZiG+GERZkDIcoqICV2t75PYV9RSqc89fels9Fy2vFpaJq9k9HLR6M8bEYeVOHu0qcYtbycOey5XZcqVvNLW97vWxzKfDLxPcT3VxGqyrIw+zqhmA4AGFiJHbCnK++Oore0r4Z+INKYT3ulXMss4KkNujCEjBYZbp6DHsDxxWbx58QjPdrHLeRQ2z7k+zWRAcgcgHbgH7wGeuGHcEWdLvviT4ltZbmWbxAxjl2xARyBCCcAkAc4HcYz1ODivYpyj7NW5lU5XaV/dSSV5WUmrpNRV0/JNnlU/ZKpK/O5XbS1Ssrc0uqsk1a2m6t1IfGXw/wBf1C90NNI003MEUe2c7lgWKZTuKM5fk8/e4Gc16H4P+E+kyaY154j13TtH1Eyuq28l9FutwobBEfLSEn+H+8CSCBg0fEng3xlfQ+HYNBkv0nEay6ys179nIkd9pZtzqFBT5QCByc85yZz8FPiM7Ld2mlWd6sr7y11q6MVGMljmRuerAkZJOQBggfScJ4iphMbKpHD0MY7KKo4h+43JwSdpOLbTa0btf5p+NnuHp1qTjOrVoRlZynTfvNKy0bjdd3ZXXn0wvFdt4estNudN0jWBqlxAJDe3EkO1fKXIAib7pG4AFQf4s4OSB4Sl1dtIEiigjjRMJIyAjI4UnnqD8wOcEZ/h5Hr/AIt8Pax4Xtbm11wWELXdq7QR2cizEFXOQ7oCcjnOSCdqsD1z4tEJDHC8crueeAueoIGF7HJGO+cZ5PHl8T1auIzfE1atGjhpe4nRoWjTg+WKSjG+iT1ur9TLBU6WGy/DKnVnWg4txqTk5VJJu93fXtZWVtH0uOmvtcaaS3eYGFgN5jRVA2AENkDg5HOeSMZwSAfeLjxF4gtfDWiW+lXtqkktptvftMf74RAYUrgEjP8Ae9DjPr4qtg7xs8kxEwGSoRslc8AkBc5HJ646Y4we3mh1spYtb/LaPaRRpIIixKfKC0nHylWyCSARuLEHk1z5ZRlObsrp6q2qSdna+vlfS2vY8PO8R7OjzJrS6jzu/K9FbW1rNddUum19SzfxXcxmVtXAik3BUgBbBZsEBBgDpj2H1NS22heI2uys2qTwQsHLSTKQMEcFVJKg8HGCDjkVLZWmtWhAS8Ekch2lYoC+wEjDgDoAT1B6D1AJ7eS21CGzWN55zPNKirLOAtuyEAEMSCRjPHI9TwDX3mDyiFeCcqcru3Ta1n891olpZNqzPyPNeJPqk3F16MFBuTXMtL8rs9W/euml1u766HAXvhW7t2We41SCW2nXYHLOSGwc5TOMkkYwOuMgruxWu/E954FtIbSytrbUDMp2T5JmLy/d3ICDtAJ42+u3JIVe01HT9YL28T3Vs+1lESCLdGCQSxBXrjqWx78YFc5rHk+Hpvt+qwQahG52RFY8FJUUgBFZcBVbGAD7cdK8XiDJVhsLKqqc48ri7tXXTW9traWbut9E9fa4M4sw2OzSjhFiqU6k0+WCcbu/LJtxTd0raabW1ZyD+PfiJNDutbOW3EwZAFtm/jHYkjpu478DHIqPwomsa3rdzp/iK+u4baMGaYtujHmHJCISe7EYH8KqQMYAq/N8SLxLQy2Wj3Uh3t5fmRDyo+p6AfMAAMn6jjGa5DTfEOueJtZtbeeRtMkvroLJJFD5axoN2fMboQBkkHGNuc+v5xJcttdFayd1G2jaTS32dt9Gk7M/doy5lD3r2S5eZO1na7vZ76aN6pX21PYNSsPCPh61DywxSK77nea5DyOCcgld2Sei4yAxx7VP4P8AGehXOrvptnosklxeJ5Vh5UC72cdCSDlF45bGceneeX4d+FbbTZbrX7xr3eG8i4lvNvQklhGWJIyvBHBCr7U3wro3w+0fWLC80PVrm+8QkyR29navvYytkJCgDHaQQAWPXA+gzqNxu0lFWfuvdbKzTUU730s7Xs7tq52KPM4xVnony6RstLrlaSd+ZWtdP8TqfFsXxX1m4jsdEsk0iytrfElys4id0IHLEH5XBwSByRgYAYiuetfh74qgsH1bVdaiurm2jeU2LymTzdo5ZyWZQcZzwc9x6+n6ne/Ed7do4/DUNgC4zNf3JEkiqPv+WQScjBCkAkcY7VyR0Tx9rEkkOqarYaDay28pMqDLSKAfkbngHoBj8c8HjnN3jqrtp6aWdoqKbslfZPq3fXU6HSu05KSuo2u7JJqNrOys9r9297WOc0H4u6nolmNI07RkmZS80k8CkRtJkjYxVSDjBycnOSQB0ouvi38RdTeO3sdJjV3wqJFbuxHzdeigEkY7Z9c8Vp6R4x8M+GLI6TJbWdzd2LSfar2WFWa7yzDcoKFtr7T6bl6YFQXPxtmcSJoPhdDOzeXFPHbZ+UNgEARggdsA4PQDbipvyxelnLW+66NJJ7Nar77N6FQukvead4ppX01Tetm7q3Xrbqjufh7P40uX1OfxkskYf/jxhcBChOCwCD5gu0qCCQw4/hBx2jvGzKqlsjAJ3A4yehwAcDIAPzE884znjPAuseJ9Vu7668R2jWsc1srW8BUx7mbOX2PyAV5yMgLgdMGurEyGbZgBOSecYwc9ePqMd+eK5Z/E7W7bXtezve9u/d2vZ6m6080773ur2te10t29m2r6Js63SUjbaVk5VlVwACWJbnI4IAB6Y+oxyf6VP+CQsmnxajraXOox2cSeH7djJNcJE83zszRoXOWIPIAzgnPIGK/mn0jCsiLtCfebYCcjA2gngA9OO3IwTk1/Sf8A8Em9A8D61FqF34lhV9Rt9KhOlQiSQbirMZGaNCPMdj8oXJOFB5r+RfpYuMuBasJXinODeq1alBqV29Fe9301vqz77ghpYyva/M6UvhScmtG+VXUU1pdX7JtXsfu+9zoSxSGL7RqBfKxxozygBhgscFQSRjDc46jnBrjIrHwpavcXZ8JyfbGkcrLfDLSM2QAolkI2jLEfKcA9+o9AMloGjWKyn06xtoFJkKJAMRqArFnIOAo/v5I55Oa881Txh8P7jUDptpNdeJNVtyXez09XufIfA2iR4yEU/KzYySvJHIAP+RecU+ak4urGy6tvR+6lZbu22iv023/U8Fd1G1Cq2m23drl0jZycbLRWXxOyet1cFuNdjSc2Phqxso3RjFNK6K7fIdrGLacqF7c55x614b8XNH1jUvCPiu71a4jlmXwb4iAtrONUig/4l8+AzDO4k8EHGehwMmvabjxoHQQ2vhnWvtW3ZFFcxvHFhAAdzt0AOMnBByDgiuB8e6NJH8PvHWp6pcSQXd/4R8QSC2QlobZf7MuCsYbnJ3bQWC/3gozkV81kVKMeJsgjRkqjea4GVSUm21y4mk3vZat2S1dtHbQ951ZU8LW9pFLnhKEXvJ6Rt1l3vtfrpY/gO+IcXk+NdTQhSw1nU1cZ+YYu5B1PU8E4GQDkHHfi5px9sto9pIe7gUqOV5uotxzkAHJUfTr3A7v4lxufHWpgHco1nVCpGSSBdS5JPAznBLc4z3yRXFeXAk9vLIGYWl3DduF+XzBBOsvlFucbyoU5PQD+Fuf+m7gTFU45JkdWpJ+zjgsHJu27jSpXv2ff0tvv/D/HmEq16ub4ejd1av1mEEl9qacUtk1dtta6X9T+wr4J/sm+DPiV8J/hV4m+IFtda7aWPg3R7vTfD8Nw1tZR3TWsQil1AB9siED5kADYJGcnj9eP2YvDmg6XaR6dZeH7K10zw7HFaWNvZjZZ2bpwUQLwz9csepUkk5zX8hn/AA+k+JWmfDnw98PfCXgHQvDlt4b0fT9Fj1CaRbi6uRYQJCtwwUKQ0mwMVwRyOK46P/gtD+09pOnzWXh7xHbaWbpgZ/7NtBAzEt837w7v3i8/MQc8ZGOB+k5tnmDxuFdF1eaUHakpJuEV7tkt7Ntb8vN1WjsfxxwT4RcS5Bnrx7wdOnh6k51cQ6tSnKdWc5qXw2nZczWrduyR/Sf/AMFmPguPGvw00jx19msoR4f3QXdxLqCWn2S0m5U20QZS1wwwM4Lc5HORX57/APBLzVvh1oPwu+PD+L/Eei+C9CjiOnSXl/e21pdXG2ymAljaRg8ySH+JAwcnPoD+B3x2/wCChX7SPx6tl0zx38QfEeoaJ5YDaTPfM1q0kZ4kaJAgZgwIwSNo7fdr5FHxB8UNHLFJruptb3TI72yXdxFbTBUKKJYY5VicKMg7gSD1JJNeZT4ghTypZfKnzyjPmhVglaNpRly20k17utrara6Pt8b4OYnMeJa+fzxcMNDFUnTrYRQc+eUqPsXNy5opaO6SstFpZs/pc1f9qD9m34YaZHF4K8fhtcvvt9pqN5ZSLel4HnJjYqw+UgFipHAJB9MegfA//gsL8D/hH4C8R+Dde0nWtfvW1aW70u8t4mZdTSclpP7QYEqhBwEOPlH0r+U4avcSNu3KoY7iWOcIc9CSMA/iV9SM1MNVlXasbYLHa+3qSRnOfbn0J5zgEZ8vPs+xWeYP6nP91TjyrZuT5LWbck1Zr7u9tD7Hwr8Lcp8M88WeYGvicXiZQlCVKvNLDr2koOVqUEra6Xcm7PzR/UT44/4L3yQqw+GfwfsrKeCMxWl1q16ssSowIEjQMoGWOG25GOAcZyPiDxp/wWb/AGu/F09zdDxFoegC4ikt7RNNsSkllCWJCQkMQH7hyPY881+LYupQFBkdt3yupfIGDnAHUjnp25wcnmYzlmRXJA34y2SMP0HBOCSc54wOcCvh8Hl39nVniMNOpGrPRycrq2m6doxXZNJ6W9f3bijN6nF1GOEzCjRlhaai44dR5YN+6/eT96VrWV09UuqPt74h/ts/tE/Fdov+FhfFLxF4gjhkjezgurhvs0TRkmNkiVSoaP5TGT90rkDI451/2kPi5qdnbafqPxI8W3NrbRrb28EmsXa28dupBWKKNJFVVQ/dXA4HAyMV8m/bGARFJLodqkHICkccAY9/fir0d2wjjAZlZQScYJzjG4jngZ/h7HkjmuytjMdKEacsVV5XZ8qnJJPva9rt6XV909z43C8L5Jg6rrUMswUKrUYyqLD0ozlFacspuKlJJaq8r+Wp9F3fxP8AEF5JE13q+oXbEqjzXN7czuwHIVTJKxXHsOvAPc1G8XXXmNL5zM4JcqzMcYzgZYk8568DI6g5rxuzn80He5YxbWVi2WJXgsAOTjAI6/XIObomubuV1hjuZQVwdsMjZyO21cAdsknJOK8qpCpUd5SlOXecpSuly3Wuv4a6u+59LhMPRpQsqcIbr3IpWty6WS2XmtbdbXPRpvFd5cq0hnYMhLE5OWJ+VQSD1HYgkY+90AFC58U32yMRvIDkFyHJO0jPIOcLjgkgf3eOKyLDwz4pvlZLTRb6VVAVXMRVMk8nJXAB7Zz1LZ5xXUWvwf8AG9wwbyYLQOEZjcXA3R56oy7hnGTkcc89esvCX5ZONlZP3m0lt0vZrS9tb6vXU9JOPK0mraqyslo4tr+8urs0l1Vr35K616RnmdZiDtw37w5LHHCgrnDHjHcdeTXHy6neSXT7pGWMhSxJwcDBCk7h1HBOejcjBzXvY+B1w0m7UvEMEDYQFIYg5LZBIDAhhwOOOoGOeRvRfBzwVbgSXN9eX8nCuu/YhcKvBUk4J446Hp1JNXGlTo2vKMe7vqk7bXtr1+ereqIhLmi0uZ6WSV1o7JatW89NvRWPlO51Y7pjuCEjaMtu3FiMBSFx074+bJOAc1yl3fXZnz5Ny+5gqCKGTnGMYO3aOwPtnqTX3NN4L8E2albXQ7VnTaw+0nc4IwcKDgZPYDAyR2NZt1p1qkbxW+k6dZMFLlzHGGUADaBwSF6DC8ZPPHI1eOwdJRUqsFeyVmlq+VWber+Xq9hRw1ecXy0pXvfbe7Wu91uu+umx8TfZtaeZ3bT5442jOZLhNi4ZQM8gDJX88EZGMVp6V4atbq5hE95EpkRndYyAVUY3AjI3E4OF/iJxzivYvEtxbz2t1aNOIS7lMoVLsyg4WEAAj06MD6c0/wCF/hfR9Qv7a8v9M1DUmtJQYbWFX8+7kSQbvPUgbIkQDJJOQORkkV87n3GGEyvDVKlKcKtSnHmVODjKb2Vkrp6X7aXe3VxyupOSVWLjZrW0uVWadkrPprs9dNDU8G6F8OdBs5NZ8XzPdRxIyWmm2qCO7aQcK7sMsd+AMYOODjGQvc6d8RfhDd3sNrP4JkjsbFFdPPCvLM7MpDS4XLYOSSeO/HSum8TfBybx5qLWPhbQL+xmgxfm3tB9puDEiHe0wBHlqCCAuPU8ljXhWofBrxZ4dvrPXb6zv0hvtQGlW0cyiMLMJRCZJhksqqzFjlM4BJ9/xqpxZHOqlatWzLEYSsnaND6xGCirJtuMJ3ba6WtbZ30fZUo16SjClRhOF0uflj7yVtXL4rJdOr3e6f1jY+PPAVi8d9YwWOgWUfMUcLRxzsCuVdoipfGeMgEEDtWTNYr8VmvY9DtRqM8l1b27395cJBHbef8ALDIQdoEJZl3HGFJxjqK8IsfgZ8RPGuqeMIPD+jal4hj8BWFtca9d6c8Z0+yhuAoSaVwwBjiLAvtDNjJxkVxGs6f4p8BWeoafc6vJBc2Pl3c8lrLJCXXBZIbXayNKAAMS4IBVcHrXiYZ15YtxwmdSq4uTVSNOvNVGk0nzVI3c1G0tFdLS1rHVVw2IVGniMVg28O248yjZNp+8k7OKe6bivzPXbz4CeLb3xZ418Kya94esr/wP4fbXb5n1SL7EbeMqBDYshImudzDCBic7uCCQv274F/Ye+E/ivwh4SuJPireP42m8J/8ACU+I45bWOTTLYyOpt9LtpC4Du7YQ92Bycrwfxoh8caxcJf3Vpqeox3up4S/YyytcXNqr5eKaZiTKjdSWAAwO6jH1H8Nvjja+HtBQ6nrepQSyzWqSxpdSCeG0swCkNuA3zK7AEr93pgE5xPGWC41xWX0/7Izd0K8ZQlN4elBKcrRbcuZzvFtS91Pqk0zrynG8P0K3PisvVRyT5XOo3F83Lyu2iUlrq1u9nqj1y9/Zu+NHjX4ieJPh94D8BTavq+jyxiz0XTLQS3VzYSfJFqdyigJDA2VdmLkrkg+tPt/gpp/ww1DTfB3xg0S90z4gadq8t14l8NBGVl0+2ZXREhBCsJCVUuHO7d8vfP1T+xP+2svwp+P2pfEm407xN4s8EeINHi0nxte21jNqMvhvSpCkT6hcyxI7oLUYdBuQZ+Y5AJHTf8FR/wBor4JfFv4n+Cda/Z41HTfEcGneHmh8UeJp4BDqV9NcqJILKeTO+WS1YsrFsH5QDnAr4KpxFxrUzrCcPYzBt4OpgFHE4+gpzlCvGhH2kq017tJOqnBUpWl8MtVa33uCyjh1YL+04uaqSvKFKo1KLl7WnF017qUvdd4yTfW9mmfo58F/Hni/9lH9nTXvivDb6fDqvjSzt7/wFoWt3yQQjSJ08uw0iz095XM1wVVmlZdpBJIUkYbifgd8XP2q/jH4uX4m32jazq/gnURbaFqzx3D2/h7SdSuJmNzJYW5UBvs0eNrJ8pPcjg/C/iv4IePvEX7FHh74uePfjrpOr3vh+CKbwj4YN4dumWbSKF04SCb59StYyQIDHwSBzuBPufg39v3wL8Hvh98KfBvgK51vxTN4c8OwT+NdDu3Sy0691by9zzMwH7195zuyX+VQGGTX4ZnHBmLqYXN62T5VTz3OcwzTE4WvJYeUcPhIwULun7V8ut1KU7LmmnbofqOWYrC08ThPrWKo4KisLCtCVWpTc6ikkoQlyRfw6rlV+71R/TZ4T1iy03w5pdkmoyTCC3iVGkI8+UmNS4O0jO2QsqkgZAHQZzU8QePbDRrea6vbuzsLaNDI93qd5DbpGFALH95IpJxt6A5HXjkfzQ33/BUH40+Pbf7H4U0fS/CdnI0sVqLGMXN8FJKqSwPyGPJJYjauOOmK+bfH/wASvjr4/aVvEPiPX9XjclpHvNSljskEg+ZCqNGoCg9D/CB1IUV5/DX0dPErPfY0cWqGXYerZN3dStGPuu3Kvdi1G6S5k1s9jTGZhwrg41MdicfGs7yk4RTfxcstOZpxu1vy+6l16/0M/FD9vf4A+A4bkaj8Q4NcuYPMU6Z4bxdMXTrAZUJCEtkfe6ZOcYx+X3xe/wCCvLNFfWfwx8C2lpDmZY9Y16Rru5bqAYrY8K+fmxnOSOCRivyg8Q6LoWm2Tz+J/F+n6bgl5LSK4WadzySRIXLmRiCpyTkcV4rffGH4Y6FHJa6DpM+uXKbx9ru1Hk5UjLEOCCGYcHBwDx83I/o7hH6F/D9JU6/FGKq5tVjOMnGtUUaatyvl9nBp6X2cmnZo+Lx/ivleDXLlOBlUnFNKpUfu9FFpe7FrZr4nq90dN8aPjX8b/jx4k1DWLrVdV87VXzdR2Ktp1iI8kBAqBSdqbQSW56ZIBrxmTwPbaYkEnivxBa2swYs0LXQnupHIGVJLkjcc4BPIJxgjNcV4q+MPi7WopF0wR6NaOzRxx2MYErJu2g7wVwoXC8gcnIOOa4PRNP1jWbhri+eWe5kbh7qVpGAHLNtcnB9yARj5Rxmv7KyHgHhvhnKKGAyzA0aVPD0I0aUKNOMYxhCCSWkVeyT1er730Px3MOL81zfE1MRiak4qpU5n714pNp21bS2sklo+nQ/Tn9kX9rXxJ+zD4xm134Wqo0ye1lttXtZ8qL8BCDKpJUbj94MASCAAcHbW7+0b/wAFSPiz8b7HVPC8fnaDpt5LMl6YJHl89csriZxjKkjOzaAc/d27c/EmkrYabZKbiRWeOERqIztVpGIVtwHzEsSQWKgBcg98Vb2wtIF/d21oonBmLYUMxYAnknJJHucjnqAT/Pue/R/4Cz3j2HGOb5Bh8TmVKcKlOpVTlB1qTjyVp0W/ZzqxtG05RvaMbaJNfoGA4+x2DyWFHDToKtGl7N4j2UKldU5cvuKq4uUY6tqzsrvVK7PMJLq51aR545ZoY2eRp5hGVaWR8sZCeAOpUAYwORzkG7b6UEt5ZmUvuKnM/wAxdQT82CWGeuN3HJyO433urWNmgjjgSFwWkAddu4dRwMggjPP1HfGXc6kktrOlvwsTjewfBKDjC+wIyfTqSMbh+7UMNRwtOlQpQUI0lGKUVaySVkvTs13V0rnwlTMJ4mdStVm3UqTcm9pOTe613d1b5+Zz+qaesUcd2G37FZih4Gw9MjkgZIPXB4B65qKyK3OmSLHI2TA4MankEsMBQByeuMbT16ZyMvWdYSWJVSRsRIDJngMowcE45UjI568DI6Vwtv45udPnkbT44ZoI0kgAdAFDOSAexIB9ApwcEEnFeknGMYt2Ulyprdu/ItHe9tNr6uzulqeTUqpSs72eztdJvlTd29L9bJ79FqL451a0sf7L0WGVvtCIbm4ViS2SCQj4GDnPH3jkHPWvrX4GeJjF8Hdaigl86b7UqNmRBCu77omLDCqgOR/CePQA/nLqTazquuNIN15quoStDb2yLl28wkRJEoyWBJAwOSBkZJyftT4HaRY+DtBn0/4mx6oLW8uEuV8K2LPb6hcXMYJVL5sBobdmI3B1+YEqMEGvKzHLJ51OjhMNL9/Uq02lJ8rSjKN5NtpadXslor6Hu5BmUssdTF1YP6uqUqcpKLa5mo8q6+87arS2uu9+s+Ha+LZvGUNzpWg3Xiu+tNTmktLLT7OW5RPMYlE85FaNFzgAll2gHJ9P0L1b9lT43ftG3/hTVPG0Phj4WWOiWiRWzagbV7uKIBWzNavKvmuw25k4OcAA5yvjOhfHLxpFZR+G/hT4c0jwPa3KpCIdD01LrVrjYCoa5uxHJIZnIyzgod4JOM4r1bR/2cf2tfi40T3EviezsJ4w76jq+o3Gnw+W2Pn2My7Uwcj0Gc55NfUYbwyy2E8PiswxlONeELqcWrq6jzKKb9697czV1qKtxli6uGr4KhSrVMJXknUg07Sas0uZJJWXdtpanTn/AIJc/BS+v7weM/2hYbyWVQ1wNKSztYoSOqKomYAqR8u3njnaAa1tN/4JJ/srXkR2fG26nEZO2O51q2tzccjCldx2YA6gtkDvnbWhbfsCQ+GreKf4hfFlluDtM2n6VfXc0ryHcxXelwS7qQVY468EDLVt2v7KngW0Qx6LrviK/eTIWWW8vAuR1XaZSTnA25bOcGvp8Hwhlily0q1acUpXfKlGSfKlZuPd79b9mfJ1cbOMnJ4HDq8r6tuTUpRbv71m1Zb6a3vobNl/wS8/ZMtLaOOXxFcaibLb5k9n4ztZJJ9uNoSEDqTnJJABNfQPwo/YM/ZZ8CeIYPFmm/CfxN8R75I0W3h1e7t9W023lXmOaGyR1DtkAh2GCQT648Fsf2WNIZJI2v8AXrJtrZlGoXSlmxu3KDKMfic8kbuOPHvHXhL4h/BG/tdU8N/EnxjpWkyusSz2urXQ8l84j4kdwRk/LxwcYx1I+B4S53Skpr++k0k7NXdly3u7pXvbySOmhxDCk4uWEpwsl70VytfDs0r33u+trddf2l1nW/Gumadb6R4L+B+qWENuBHC17CLewt4R8qLFaW0apsUcAHJxnJHNeL+JPDvxm8RzodUtvEOkwOMS6bo1hcW1uQSR5bOQC2B7jpk44x+bvh79q/8AaY0kCztvjz4raKNU8m3vpI7ktHzglmiJYMCM7sg449vTrf8Abi/altDGqfEuG+jQAFrvTYpMkDqwCA4PtjJyDiurC8P4vLn/ALNhcFzK1pSilLdXa0crqzbfXXudNXNsLjre3rYtKyXJTmlFbLZat9ua9tNO31PYfBnUYpZnm0fVFlJy5mspWmYgbjI0jkEnOCAG468E12uieBn05iBpl3viYfNNaOq5J+9uccBeT0zhSODgn4wT9vz9p62YytrfhS/BBLG50dTuxnAJKjr0ZTzk4AGRi7D/AMFF/wBoyIF7nQ/h/qIwC8Z0yGJjjgBiTwSAAe2BgbQDXTUjn0m/3VK90koStp7tmm1+b3te5ycuTx0gq9+ZXc9duW71tu7a9bbaJP7tl1bxR4Qiku/Dvgi5129l2iMcxwFAcyBsocjH+z145Uivir4rXf7Y3inU9QPgyysvB2i6izSSJoccj6vbAgL5akYBLcZG3aDjn02dK/4KUfGGNVfUPhV4Nu93A8iSOABc84GHXkDByAeMZ4210S/8FLvGKRq118FtIctnzRbajbqAgx9390NpI6DPPccV5U8Pm7re1nh+aUUk4t860cdVte9n3Xrez6lWy6MORylG6VnbX7Ol2rdOt76Wex8b2n7NHxZvLw6r490Lxl4y1eTL/aNUWeWNpc7tqxPIUOMgDCjr+FP8XfDP4t+F7ASaH8JPEF4zHZDbwWRCQ4HQCPDEk5HfJ68V9mt/wUnadUfUPgnKFVgUWHVUJ68txGOBgY6dOc5NXov+Ck3h1pCL74Q61ECFL+TerIq7jxt/dg7l9QMYznHGOqOIzuEXGGBhG+l4xbf2dVLrrZppLVN9GZWy6Vv3z95pNy6O63133a6vpax+QfiHwz+0VJMbq+8EeLdEhuH2Sww6Pc7YYASCcgNubGRgDI6nH3j4v4s8GeMbU3c7fDr4ga3qJVGknu9NvfspjXkhUCFcMSMjuPl6gGv3vH/BRP4aTsj3vw48U/PJlYzbRXCKR6l48Ec5yc9RxWiv7f3wUcobnwD4gG8ncn9kWrhQM/eBiJx3yRz2GK8yvhs3xPN7eFe903FXSe19r2b/AA22Q4ywMP4U4adZNNp6LpbytdeSWt1/NXqVt8bJrKaO08H674c04wbFS20G6W48rtEj+UCCSclshskjCgvnlNI+F3xI8RC3WTwf4qklmlWCfU9Zsr7ajSMVUxpLHjgnOOcAk4HJH9Q8n7eP7PF4UN14F1WGJWUASeG7aT+IN/DCMcc9s9iDybsH7b/7Md7mCbw/fWsSEOGHhe2Vd24jJCxjaQT16dOelcssHiqWlPKalSbV1Kd7c2iWtm9NtbataFQjCpKLnj4Qgmrxha7T5fsqWi76/gflx+zX+xL8NLLTLXWfia767rcdtPfNpl8sttpdskSGRY2iKfPICpCLwXPbkCuR+KP7TWi/Dprnw38KfAVtHNbXU1hb6jPp90EtTCfLJt7fygBjqrgsWxkEEBq/ZCH9sD9lNndbnzQJeXeTw8EBAY/IwXaCuDtYYwwOSemJE/ab/YZmle5vtA8MXcpjXyzceFYFdHOCJAxRvmBb5mIx67uK8/67xbhJVI0crcad7fu07RScb2fK+by9N9jveEyepCMXjIqenvTS7R5m0nbTWz1326H8unjjXPi38U7qfUPEd1r95FK7G20+306/SA84wkaxYCjoCd3HPQYFnwX+zp418TRwTT6THptrMzJCdYuRZJ5hU5aUOAyAEkDI9ck8iv6qrX9oH9ie7tVMlz4QtC6kRQw6La27hSPlQt5WU4BB6EEZI9Oa1Tx5+w9qluWEXgWV2lVybh2jySQcuVZUZiTkKFUd8sOa4sXPi3FxjfCVKXPvOUZzko+67tSWm+i17aNGuHy7I4yc6uKjV5dVFzik7pW1bl320t3uz+Yjw/EnwU8Z32j65La6zLbqPJjsNzx2c7sShSbYUcBujZz36529X4u8ZeNviHJbw6ZpWt3YnkWO3gsLacIyZCjfcCNAwKnAGRzjcfl5/fPxl4R/Y+1m3utWtrr4YXk6qJ4LFYo/PLISQplGHbbxlMkZx0OBWhoPiT9laDQrCOTxD4F02dEMQtLA21q9oykbkf8AdFgflO0knhQR0JFQ4WxGI5MZiqc6mIUIp80ZcvP7quoK6je/vaN7NIxnjKVKc8LRrQhh+ZtOMlovdsm9W1a2jfnax+E2g/sw+LtXt7e+8YiLwbp23zma8kD3wgAzI7RPIGDMOhJYqBxwBn0HTr/4a/DqzutP8P7NWktg0fmxQMZdRuEIxJM6nJiVhu2Z2ggA89P141zwx+yR4wuP9M8a6XPMxYSbtaAiETAKyKOF5HPQYGAT0rzi4/Zs/Y21C5f+zfFVjYgoY2kt9ahkXkfMQOu4kncSf6mvoMHlUKMKbq4OrOaklyqm0mtLWVk/OV3tfvp5+IvOUvq+IoxTS95zXO2uW7bWvqnayXmz8WPHnxr8d6rAmmWt7Jp1mZW8rTtPUIUibASRguDkjHOfl564ryeXR9d8W3tnpcqat4l1qeZBZ6bp1vcXl5l2BCRxwI5VySASQScgZGK/duT9iP8AZNvb2K4tPHN9dMXj8+GzvY2MkaHLKshPy5AIA6Lg89q/QP4PeE/gL8FNHtG+DXw48Ly+IlXy5PGGtLZ3+rO5VV3CS4DlOctwARxggHFdWYRzLD00styurXnNRjyKKpwgrRXvO+ttbbu6eq0S4MLgqFeo/wC0Mwo0qcOXaTbkk1pGKsr27uV3d3Wx+MH7OP8AwSe+OHxdjstX+IcafAvwFMsck+qeImCeIbyzOHZrTTZSrs0i5VWYnaTzjpX7LfCL9lb9kX9la3t4fh54Rh+JHjy3RfP8b+JoU1G4ju0Kh5bJZ1aK2jZwXVCjHJB3Hoey8U+IPib4kkdr6C41NiRt2zH7Bb5GVWKGMiMBVwAoGFAwM5ArmtG8HfEHVJc3Mi6fFuJzGuwPuJAXgnJIygPBYY69a8CPDGf5pXc82xn1LCz0eEpNxvF2fLKS8l1fa3Y+ihm/DuWUIrL8MsZio2tXqK65ly2ajpom01ok3dWdtO/8R/ErXtZEkF9qBgg4WHTNNUBEUEgJ5cIVEQA4KqvH3Rx8tYWneA/HfjGINpul3VlpOGMt75byzOpAJbe3Kkg5x2wctnivbvhj4V8LaTqFvZeL9MbT7+5kKwapqAL6dcvjhVkIwruxwoY9e3Jx906T4di0pIRZeWtiUUssbR+SykdCqqq/MoKg/NnPJPFe7hMiyjJklQwyq1Iq7qSUW29LOz3afztfXVJ+Vjc/zPMNJ1nTg/hpwahG2mijHTa+vRJ+Z+e3hL9nHT7Uxz3hlvrhm3TPco7upIGdoYEZyeckep5wD9JeGvhBZaa0Ti1VlO3aWRVbtjHUAA49gdvBbivftQ1HwhpEd1ql/dWelQWisZ5ruSGGCNVBy7M7KSoCk5AO49CK+GPi5+398PvCt7L4S+FWnXHxY8bzSG0tNO8OwvcWcU5Yqnn3UavGqKSC2SCR3J6ddTMpzi6UEo2TaUbaJcttG/d2721tqjip4Wc3eV5XsnJtO7934vlre/8AmvsCTQtF8L2M2p6pd2el2drGzzXd5NHDboijJzJI6DAUE4DHdzwR1+Ffip+3x4T8PajL4K+A/h6/+K/xAZ2toU0KOV9HtbglkLXV5GHhKxthmXcOAQT1FeSXnwe/aG/aIkTxH+0f45n8DeBZXFxbfDnwxdvbSvbElxDqFxEyiNljAVwSSRkY7V0PiTx7+z1+zD4YWz+HXhuCW2s1WPVrvTraObUZJ87BLPqLBpXlZhlmDBTzhgMqfEqYmviKnsaUXVlJpNpS5U9NHJ21bWyXZp9vao4SjQUZ1Ki5uVXj5WjdvXfbRXduj0OL0/4PfEP45X3/AAmf7X3xHmstLjdZ7L4U+Gr1reyijJ3rBqU0bAOy9JY2BVmBGeAR7TefGb4cfBPQLnwt4Bg8P+ENFt7PybWLTraFLi4KL5YaV41EjyOQcmRmJY7iASM/m54u/ag1fx9e37aBHJounXchQXEs26Zo8ltrPz8wyd/fqCcCvKNXuopLdr3U9TW6kCjm4kBAkLAkkMxL8nOcZ7gY4HsYThfEYqVOePqclN6qlTd3Ztavpu7P4mrN6XIrZ1ToQ5MNG7T1ndNaW+FWSV7dtHs7bd18Tf2t/FfiTVbyxTULhFgkl2TNKRHFAGxuCk4UyAbsAnAJ5wcV8peLPjY12z2xuprySRdtzNI7FZCcbwo7FjlTg4HJz1NeL/Ffx3DP4q1O202RDCttEs3kqIw7pneSVxnGMtwcgA4INfPmp+LfJdVsYjqF1skISMg29ucHmWTOFCH5SxOFIPGRX0+Dy3LsvouKp04xi7SlJpt/CtNW2+3ppbr8tic1xWIqP3pSbtdWlbVpe6ldXutLrzS3a9m8a/FLV4rVLdNVj03RbfzJJB5+0knLeUduMlucj225BNfLd98QdU8V6l9j0ma91eSZzHa6bpkcsjTNu2hpGQFQjZJyzBSDuyOp4PWb1vEmr2lv4h1Ga8je82NoejMFjETYOLicEjJ6MSCcZIxnB/Qb4f6v8EPhD4StZrybSLS+vLVbqeDToYpdYkkQK0VjLcPulXoqSbQpyzAnpXmY/O1h1KGCpJ30U3G0XqrNppt21vZa2Q8NgK2MmpYmryQgk3Hms3bl0Sdorvfo91pc+WfFXg7VfA3ha28WfEZpbq51SUWPh/4eaHIz3t/ezA+XLqdwi5jhjLDzoj94AhmGMH7+/Zp+PHg/4R/Dy3t/i22keHbyeJLqLTvDzpBLb2e3MNlexxhpZbkoVEwdhk53DJOPzq+Lf7Tdt4p1xr6x0+2txpkj2+jWqRiaLTYXOwTyN8266lA3MTlg3I2npzngH4T/ABB+Md5Jq1/Ovhvw5O/n3XifxHKYEaAfM/8AZ9vJy7bQfLVQMEpj0r8K8R+F8FxxgVh+JM4xNHBKvGtP2NR0NIWtRpRi+Vp3d2oSnLZJKzf6jwfxFU4Wxcp5Nl1DFYmVJ01KcY1I8zsnVnPlclaysrxjFXsj9Gvih/wU/wBHsZ59E+Ffgv8Atm4n32+ni9Ej+bMxKpILVQ7ShDggsQuSpIOCK+SZ4/i/8eNQfWPjl4wufCfh2Z2mtvCulSi3vp45MMsbW0WGgjYFQWfOcgHk86zL8NPgrpdxbeC9Jg1bxAEaO5+IGvIs22RRseTT4JA3lZzlNgwAQTgEE/IniL4g+MfEeuSppmp3l39rlZJbq3DedK24g54/dRqPuqoBwT2Oa87gXgPg7h+iv9XsuhQjF8tTMMW/bYua91Np1ObkvvoovyTO/ifjHPs0qL+2sdKpGduTAYVOnQpq6spculW3aVtevb69vfiL8JPgnZLpfgfSbCy1aOJllvLdI77W7pgCMz3rK7RSO3J67SSwIC7T8n+JPi94/wDibrMljYtdpFcOU8mN3LlC/L3c4wq4BIYKy5PUdDX0p8Fv2KPiJ8UtOm8d6xpF7beEdNWe7u9RuJhFLqkNsGe5Nq7kfLGAS5zwcDknnlPFfjv4I/CSe/sdHgXV9Xhbyo9OsQso2RuVk+3XKZy7EDIBzkEYwQa+8eYYCMqmGy1/WcVBOM3fn5HaKSnOzUWr2abS81svlZUcZUhTrYtLBYLmg4xi+Rzg1FppXUm5K6uk1r6X+w/gj+xr4XtPBugeNvif4tt7mbVmguodGsbqJItPh5kc6jcs+MMo3MpIODmsT9rf4p/Dvw94b/4VJ8BoNLuo9REEfiPxJZW6m10949qtDb3pUieclSHdGALbeARXyHdeN/jH8ZY7H7cbr4d/CfbGlnptg01vJfLGoVSCCJp2kwdzKVVdwGGwc1fGMVnp+nadp1pv0/w3peGJuSDe392RmSZ8/vpS5C8uDjnGStfG0MjzTFZvHG5pjquKnSmp0sHSlJYajquRTStGTiui0v8AE3qfY1c9y/DZTLC5dgoYenKnGnPFVmnWrNqKm483vKMm9JXTaekbq55Do2hTLqbv4hubnUg5ISKCd43eNBgPMysvysOWz1GBwDW+moQWVvqOneG7T7LdzJNbpMQ4t7BJB80rz8qT1yxY5OcEjitrw5ot5rt9cX1yV0nw2ijzLq4cx3FzEnLFWYjIcBhyAAVAxjFU/Hnxs+GfhHwrqvhzQ9Il1G/uMxQtGVl8yWIMHmnmwGdAeQoyuc9R1+/hl1Vzg5wc5WvZPlio+4m5S16L3Vbe7Tu9fg62OowpycakaStOzk7ybcVpFu2mnNbXXVNu54DGt3LLFpUvn6lZx3wGo6gYnEbTSyEFS5A3EE/KAcFQSB6/cHhnwxYDRdPW1sgn2OwV4yAGBMijaznOFPIOWB4Prmvzj8JeOvFXijxPp9qYfsejajqttGLFUVFh/ecyvgZIXvyCcjHORX7C6ZoFlpPhS0urbUILnbZbZ2WVSJH2biCuQSEHAwcE7cDJxX22R4aUOdctm4wskr+6nFPVpeb6ryZ8liq1OpH2l3OK1bkk7OLVkm/ecdU09k1qjW0bUJLHwtZaa7gGSULtVgOvUYYHjk8j2zycU7VdRsbjTprGaRTbKA110IjtkXMjNzyCDgDPXuK84EGr65biLSZYIpElaJHnbakCSAjzZTnCHI4PseASM5lwllpsUehw6hLqOtakj2mpXm5pLeKTJBSLPyhOnzDIJDdOc/ZYbD1o0moXTlZK6b51LlSs3ezd7pbW30sfKYnF4eNVTnKDjFLmTkm4pctm03bX3uq6JPa+B4p+K1w1g+geG0NppQdrSGfYRuQAjFvGFG1mYEmTnOTjOTjiPDngbVPEOoeVPb3eqS3BjWCERyTyM8jDbFbwLlnkkLBCQAATuYYG0fb/AMAf2KviT8bNasx4T0SQ+HbE+ZrHizVo/segaeBlpJftU4WN/LXcxUH58cYavszxf8aP2Qv+CemnXdh4QtNI+Pv7QcUDCTUpBBceGPDF+FKhw7b4t9vMMhAG4QgHAAX6TJPDutjYrH5lUp5dlcPeq4uvJQdRK0pKlFvmqVHrsrX8z+cvEz6TGW5JmMuDeC8DjOOePasI08PkWSwdehgOZqMK2a42nfC5fRg2nL2s1NpPlh1fmfwh/YJ0Pwp4StvjF+1R4mtPhF8MrKAXtppeqyxW+v61CiCRLex09yJg06hQsgQ5LYJJOD4R+0X/AMFT7Lwt4fvfg9+xt4cg+GXgGCOXT77xnHAg8W+IkCNA1ybvC3FvFKoLAg4OOcGvzQ/ah/bO+Lf7Svi278Q/E3xhfa0fNkOm+HrWeSLQtIg3YitrOxiKwhIl2qDtOQODjAr4d1fX7iTOLgIX4dEwrBTlgCM/KoHyjG0YOR3r08146yrhmhPLOEcNSjOMPZzzGpGM8VOdknOMnpCPWNrtbrlPnOFfo/cTeImZ4bjHx2zWpm9Ryhicv4IwdapDhrKkpKcFiaHMnmOJimlKriOaCafLFpJv0Pxh8QdR1zUr3XNe1C81nUb6aWW4vr65knu7iaQl5JZJHZmJLHIHHboAQfNrrxP8gFvDGEZ1J3kZZjkHJz16naMnGQAe/NT5uCHR2kLDcwIJCsuQQoyRtyB25PzcZxVZNLv75/Kt0dicGOKNTuBZuDuC8deTwDjgdq/E8zzLF5niKmKx+KqVa05SlOVSblu09W27R6K99Pkf2bleVYDIsDQy/KsJh8Fg8NTjTo0MPShSpQhFJRUYRjFKKS0Vr7WL134llDuFtUaPGC3B2nnODwSW43ckgEge2BJ4iR5HRLRVUZJKkgFsYODg4Py89cEdQATXq8fw6aPSImv52jkk3NNGRiVHIbYBxycHtwcdQeK8l8SeEbrRZUeFi8MibvOaQBskZ+dOpAUAcf3vUbT41PEYatJwjNOV3FNtNN+6nZ3utt9W+17N9c8VUjJcs9NLt6/yq29nrd32V9dzq/Dnj+PT2awkjeC3uQRLIG3LGdhTdjnJIB67Tgbtvous3VpPAjwXUd1GJWZUXDOQcEhhnHXHYA4+ufIoInLgNHmQg/vHUrGQM8ZII6D8WIPYCux0BFWAvNCscRkMZcPuOGzhlXqNpYBecHoMYAqalCnGo6kXr7rlbqrx6PbZvW3vat7k1MRKaUXZLb3U018Lt7unfe2++p7f8FoGutV1MBD5Zg3BiSFUgdGbPy/TjBI6d/tzwjaxQi28sDeFILI6uz4KjIUcleeoxtx+NfmvpfiPUPCzXR0q6eNbwCFkkBViHGS7g84yMgA7cEHIOa9g+G3jnxTB4l0svqFzeWTyD7VtBMYjcgvEeyFQMBeASegUkjowtdYfEUcROVqcJU3Lma2UknJW0Vtba3320KWIprCVKHJJVJ8/v3vdykrbXW9+z0ab0V/0yjJVVjVdu+MMxPIAPf3yCvPXqSR/D8BftmsF8SeFY2UnGmylRknCkEZ68c5OD9ByK+3rDxFpl/Z+bDNguyqE3HfGeM8Z6kryeCQDuJBxXwn+2LJHN4t8NK0oIXSWYAMSNzDpjBxkcjd0IIPQV+o5zjKWK4d9rSnGpGo6PLOEouKjdLlsm13drbPXe58FgoOOa8kkoySm03fa8b3T333/ADufGsilYsgnJIO3oTk8EgHA9Oo47fdBi8xcD5iAANqjP3uTnOAM9ARgZPp0rQggu76SKGCB5xIwBWIZYKMgsSBn5evPsR0r1rTPghrt7bJf/a7WKIhf9HnbZKqnkMc9vvdCeSoAb71fkmJxeGw7Tr1Yw5naKk9do+7ZK6S1s1dNdNbn1vM42Sd5NK62vtra97bLd2ey2PKYYbq6cLHBM+E3bihcBlwQMYK5PBwT0BA64r6A8Ba06abb2t86xzWzlYVXMcoXrgqMA42n0IwT1zWj4J+H1xHcXFtcXaw28blLiRiHO7I2mMgdCQOR7ZyensDfBeVL7T9TtZRKGTzTHs+VSARuchhgkcjnOD2HI+VznNcDXcsLPpaVKpunJta3Tvqrp+t+mnS4U1RU51oKUt4yj0bSu7Xfqld3tbRO3nHifW2e4hkkjV9kYXYVKYDHaJM569wcDkjGOp881rRYtVltniZ2mkZY96DcqjAIdmBxkE7M89Dk19AeLvgz4n1CNL+yEd+xUMY4GVECoceW20gb1AHHp0HceVW1hd+GFvLTVbWS31BJd0f2gMoCg8FS2VIyeoBOAOccVlltWjCjTeHmvaRik4KSb05d1zN/jv1PKlON7QldXfwt6OXLa/novn16ER8OQeHYl8uRJLh0jZpo0xsLAZQ7Qcbs4I7EjORyOy8M3FtNbkXUaCUsY43YeYkT9SBgbQZMYzgHnII7zaVG+s2EkNw0RbKAnapllRiSHRumBnjkYwT0JrF07Q9ZXX5tIsxIkI3SK+3egIyRI7EkK2zPJAIbvSq1lVjWjVnKNSCcuaWkrLlkku1mrPVN2s2tCFUlJ35mtnrpsk9b6rbXVPXRPRnVHS7TRbsNcWiXd1LKs9u0WN+xzkjbztC5Oc4+8SMcZ6rStdbT54NetZbO21DT51a2ZlVHG1hlXJJGeozgFsABhW7N4Ps7q0tJH1QNc2qqhnQEvLIRxG53dmIBx0APG0Yr598T2viCz1WXSGspDC0rXAuFB2uqkBNzJwN3ysflyOTjpjycLiKOYOVJz9+zUozulOMko2TW979XdP7jCV5pro9Ep2s20uW3Ld2V7arT5a/a/i7xfB4x8GWlnJesPE95ILh4oCwtnKqChTadqOxJyx4O7oFJFfFvjGyktJhEpcXQKtJF5rFnm3Yk3A7c9DkcjuG5Iq54f8fahYwzRTwxp9lZRBc5yYvJIBVQ27PC5xkE8jGflrJ8cazPq81lq8YaB79HTPl7VJRvmbdjCglexBwSOvXpyvLHlspYel7OOHqzlOEYpbtRvGN7NxdvxvdmEKMactEkpNWet9kmk2le+qu+9/M5q6h1vTonv7aRHt9geSBMDbIQByucgrnJJPXGOwFC1uTKstxc/I8iDckpIaVjgnYTnpnaCuc5wMkmtjS57u/u7e3ObmBwVmhLDYSq5Z3x1CkDtjnpjg91/wAK6m16zKwrJHMiSSWIR0CyhQ2QRwVVCBtDDO0gjBAA9apXo4eSjWfKpW95JLfls21d9NbbPffToVTlk1KTXVfNaNdddmlt2s0cZZavZ3KbLiOPdGyogBUtCQR/q1XG7JyGJ4J6Eg4MeuaLaahZPfLdQubVyZraIbGcH5sDaByOTuJIGCORgVhSaTdeFtQitNVsZluVl3RyKGdSuCA/v/tE84GWJwc2o9W8+5lsYZI4ftTMJpWQBUxyEAJ5LdOzEnsTWipyUo1MPNyh7rvdSjJWV1bVa66PottLml1pJcstE16ad7J625l5nmyrNLeQpCxhtFnbZIWYPHklWwgO45XHTsM5719cfswpoU3jsQa7PObMAxG4UnZuKNhZGH3mPGFGGPuTivmjX7K6srUXcKxpLExjSRSG80E/6zYAcZySSB7Dqa9G+Ds2qx61a30MyrCZYkeIDa08jYDDYdvJyTn5QuOOOnvZfUhHEUa0uko30s/s27bpNvfqmY1EpxlBqXvRUl1X2bacyV762as97m7+1vZ6FYeKbK2sY5S/nXkryyOv721Z8xMoAyQijhcnAIOeCB8g2cdvIJ5GkUqGKoH+ZiQwIAzjDZAAJAH0HT62/a709Itd8MzwsA02lB5FZmeRJ+N4fJJwecLj03dBXyRax+RNAVPzMSxBXADAgnI6Hk9Dn6g134lxVeo9Ytyb1lbWSi+jt1ba11fd6dcUvZUlJSkowim1ZaNKK6tvVN7b6XPUtDvJJbWztfs8MaW5wWdNzOGJySvODuU4bj39SCG3tdRSWIhHe5Jk3rkAbhlsEEFFB4IAIOOP4araU6WMbzSFmeRSQoAOwYP8ODgZPU4IOck81Ta8R5pZ2YmVWO1SckZORjoCOvXgjrziuOEHUqNp9V/KnzJRWt73T302t3WnfGVBU4Rmk2tldJ9He9tNGtEr/M+yYNX0BfB+nwx3H2e4eHyVjU4S5ZgCZTnkck/Q5r0z4UeGL3xXFqkWiw28l5p9sSt7ckpbwy4IZIdwIkmK4GASQQOmcn4V8NW2u+L9WstK0wyzSu6JFAC2yKMN+9mfqqogySTjueeh/Xf4LeDxYaPYadbRSRw6dBG0ssGRNql9hfMbP3pcMCASTwAAehr9GyjBYvGYWm5NwwtLljKbdlLZuKbsumjurLfrb53H42hRrOMIqdab9xLV2aS5r6pb9X0v0dvndPhV4kS8vG1C4sre5S5CzKLgLdXLZBAQcsNxPyqDgnGRjbnZ8N6PdaL4khh1bRtcuNNN3atdzQ2xkcxLOgk8linzKylgzjgA5IPWvfPH2v8Ag/whr2nf21o99JcDULZ7u6micyfZvNX7QkKkjdPDGzMmc9scABv2Z+Kn7DE/gv4L/Dr9rn9lm9Hx0+HHiTw1p1z4s8Gatapc+IPD1tPEv9pXqQxlmnht5jIkyYVreNFkORwd8zxWDy6hGEqf7yUW4SSb52rOzcYpJtfCrWtaz0M8qwmLx84KNSMXKdpc8ktZWdpS0UdNeqbWtztPFHhLwzpPw38G2q6FJ4S+Hs3hax1+x1HxNpljf2Op393YRq2jxTMsbNLdSKzDc7MjN909a/Hn4ofsweCG8Ga78XrrSNI0zwpfaxNbS6sBFY3wuXuZB9m0rTyWe5UBUIkRSFxnPSvQPjj4h8Y/ETw14b066+IOpW3gXwxqlvq/iLQYp5xpHhS1VwV0m23SAtOWXYkH8BYrtBHHyL8Y/i9rPjK+i0y3v408H6VZx2ug6HCkiWkcUa+WL6eDcY2upSPMkdwWzkg8ivxDHcZYmpi3haNKMYKUvaVaqbcfedkm+Vyk2tXqrK7Vnr+o5lwrgeHMtpYjF4tV8diqdKpQoUuWyjJazqKMlzXd7Sas7Potfmm58K6As13a6G8zwC4eKGOY4LQkt5Us/qzAKQCBj+Lrzcs/BoupNsscUS2aKcIQyTEZ+RiGypPTIySPqaqrf6lb3F3bQ+RKzJ5zvjGCQSApyuCRgYU8ccda6DRp7rY0qvIscsTEx52rLKAdyxscjA+8fXj5genyGc5rjZcrjVa5rXtdLVxVnrfRabWa0TaufARqc02uVw1WjStvHVdX0VlbXe+jeVJp+l2l01tdQQyeUgEci4/dSSHOSM/MVzy27jI78hUu9O06+ikeKGSCIMkbKdpMu3Ibn78gIAXjK888Yrmdcea2vpHViqqzSgkMwkKjLRhsncF3ckngjOSOK84ufEcslzLcXW77PGyyqinaEwcE7RyMYIzux2OOg82jgMRjoKtOcppq+7a+y7vV7rve12lpYuNSMasUotX2dpNJXV7tKzvslayu11ue4+LtasZtIg1WVfNuFeRJN4MjIgjKpleQoA+cDHyk/Kc4r61/YK/4Kg6r+xLpPjfTNa8ExePdG8Y7JbK58/7Pd6UyfutiDDF4TGeUPy4KsBk18Qx65pV74KMEkUcl5qNzKscy4csrIyRxyKRgYOD1Ug9VxyPMbT4PfEbxFcyrpnhXWdVs7cxfaItJtJr1ooZGG25nMSlYYlHzM7HGBwMk1w5vwxwxxFkeMyTi2lTll9V2n7Wr7FWjKKhUjVhy8ko6a33eiasfbcP5rnGW42jich53iVFLlp0/aRfNyq8qfK4yi9NGrXuu9/6Wrb/gvJ4R0fTrHUPD3whkeLVZYzf/ANoShnhl2fOLSQo7KfM6NHjj5sgZr8Zvjb+038fP2tfHvxOvrXWbqw8KXV9cavaaLFeTQ6HpEeGMUc0e4LdXgR2LMxxuHTuOV0P9nHxj8PvAV38T/iDZy6VpsWqJo3gTw9exbrrxDqN1AwM8ds6ZNra7tzS4YB1IyDUetXljoHw/k0Pw/CljrOp293/b1+keFuNRuXO6AFMYMKNsGBwQMHABrl8NvCbwy4dr058MZfCt9XqyhhsRWqzxbpznJe1dCdTnilzaylC0tVFOzaf6LmnFHGWIwc1nGKlhadWCqVKMIujUqJKMYQlGLTcNOZQfrpZIxfDH7Vnxg8HeFrjwtp+txapPYvFZWuuywo8tk8cDWssNtJ0xFG7RqcZPA4J54XQZrrU9QfUbm4ea7vLiW9u5piS0lxNJ5kjngkl3J5xnHfAFeXaF8P7zTHzJqFxcQzOrhFLGNHZstJgnBYkcNwxwSCDive/D+iywLH5Ma7XZQHY9cFQSeT1HJGeucAnmv6Mo5fhcLSqqFCFJ1LSmlZuUrKztHms3ZaOy16dfzt5pjMW069WpONNWgpylKUYppJRs3fotNbaXb0fsvh15SkUYgiYYUkqCGzu4BIXpjJPUZHBLE5/Rf9ln4SeHfiD4ikv/AIkeKdJ8G/DHRbRptd1bWEU2ksqQsyWDM5X55143BsryOTkn4A8N2gtY1kdAOAu5cMdxOWwODjoQD8vJbPHy/UnhX9ub4WfBXwqvwy+J3wbh+KXg25ujqWpbr9dPlnlCkQo8ijMgjVioUsVIyDksM/mnGWEzKvhYU8ooupVqYilGq4XTVDmi6jlyOM2uROPu2euj0P2LwexXDEOJ6FXi7GrC5dh6dSspyVKftK0IpUqfLXXs229eWqnB2tPQ5r4o/DH4T6N8S9d1j4afEfwnffDfT79ri3s9InSfVLmQzo6w2sZO8rG6jJwSBgduf37+Jvi3/hJP+Cdt1qemLcK8Hw5097Q3ULfaANOWILIIzyCQvGQeeMZ5H873iD9rX9gTxcl7e+Ff2avEfgvxEhb+wF0rXSmnWl7I3NxdpjFxGuSAhA3cDkc1++NhqL+IP+Cdmq68kc9vZ/8ACr7h4IpdkjAGIGNJdvTHADYA6BTj5a9Phytj44SOExVDEQnS5YOrXp8inFSioqnd80oqKV+dKX82rZy+O1DhCfEMcx4SxWBq5fjZRrQpYScJSoy5KfP7WNNeyhJyvNwprlTvypJpn85Hir9sX4yeItK0/wAPX/iKbTdK8NqIdNaxhNtPMqLsxcOpG4JtIXOQo74yK/s+/ZD1q91z/gmXp+raxdpL9q+Cur3N1eXADbnkspDLI5PAYgnPQge/NfwCanqP2q9vJyoWMNcqIzk7jG0gDqATt6d+RhsDiv7sf2PtRS6/4JBS3EaFtnwP8QwFcEYZLKUNjBO04+uMHB6GvpMxor6qoRjGPtFK7UWtXGK3W+9t09G7n4xlONlTxUKnMpclWlNLVKXLOErPW6VorS2/W5+DMP7R3wQ8G+FtJhHxBsYPFPh60vRpN3p0kcC6bdm9mEsUsKAGSYElFctuJOOAOWQf8FVdT+Dul/EG18P6JY+K/H3jzwpZeHfB/iK6Ab/hE7e7DRz6vGDkx3dxu3Sj5SeNwJzX88niOzupdflkkjcpc69IojXe2+P+0pd4wGADEZ3AAknJwDjPqdzo1z4g+LjaRp7Mpmk0uxs7cswVJFjTaGAP94MSBwScDPFfnWTcA4bKszrZlUxmIxU6jnVVKpyqlSc2neEX710tHKTvbrqf1b4ofSJzLjbgrJ+FKGQ5flFHL4YahPF4dzlicVSoUFTVOTlaKpOUeeVOKUXL3urPRPjt8RfF3iHxZb3vizWJtd1vU1gvtU1BmMkk80reY3zMchELDg/KAADzX0R8KPHXw/0zQIrTWvDOoapIcH7ZGSi42htjYQgoD0AOOvQYFfKviPRdJbxPqsHi7UbqG+0m6SxZIUYkRwjawAAzhj8oBPQc/LzXtugfEP4b6BYJp9raanPHHGFiMakKxZNrEhwT3JxkEDaQOor7SUYqUVZpK19dvh7LXovS5/K8cbNV5Tq1OaV1fnadk+W11Z6JaJWWitax9Nx+O/g5czLJbaNq9iArDYZQ0asB06ZIyOB1wADU0nxQ8HRqq6fBq5EZRRhztHzEjpxg9jyMcEjkV4RafEH4arAoufCd3MWYsJZZTFIRgkE4UAjHPbOCCMHnQtfif8PogyL4QljjzuEkm5gQD8uTkjr/ABE8YOFNV7JOW+9nZyul8Ke3ltrbY6ZY5pqSnTSupXStfWL100t31V3te1/oGy+IUV3cx/ZdK10q6gbhMwLDCngZ4HTuOo9MV1sGr67cyo8Oh6pJEgDMZpiGCEDDH5cN0GfbjrxXzzZ/Gnw7FHGbbQ1R0+SOS2beYhnCgnI2npwR3I69Hv8AH29h3Rw294vnOI4yZlVto6BSVOAFB3ZznHzHiqVCN1O0GkuvW/Lq7JrdLe7dvIf9oU4L3pu907xiny25dElo1sk3r1TVz2H4ial4juPCGtWB094lmtJWQSkNO6ujfLGcg5ByM8Y4xX4x+P7W8sr6S0vLaW3nJcoJQwkwzn++FzgZPGcAjHGMfpjcfEtvEMRnvzNHJGyxpEt398A4wyEYx3Jzj328VS1zwZ8PvHtsLnxDawR3yqqRzSTxxXIiVQTjAHIHIBByeScBax0pT5+S+0b2V+jvdrRq14p66XvfV+BjczWIly+9y62bktY3WjTVovRtK+2u7d/yOtLN5GvJ50H2O3TYWxg7zlQAoAJOcNg4HH40aKwE7RTlnMt7DGu1TvQtKo3DnryNyjHHBr7o+J/7PHhjT9OZ/h7fTNPcMJ5YLt90bNkNiNvmUliAMYHXg4xXyO2iJoOu7dRfZdQTReZGgARJI7hS2R0+baNp9SK7nVhKm7aNR0d1vdP4vJLVa7a7XOfDqE6sLtbpSldNJSa00s2u66fzbI1tSgTwN4tmtLSeSWe7sknS4UFPLW5hbzIyM4Kh2OepBG7ABzXkl1dXdsLuQSljNPIXUk4yzE5Od2cljk/TB5GfoD4gRw6/4t0q8sY5YYm0+0hmLxBZCziMO5JALKB8wYDBUZ4ByO8/ag+C2m+B9N+GmpeHPLlg8R+Gre61OZCfKe9ZFZyQBiNznlfvbgK8+GLlCVNSlaU1a6aevu6JeaXX5bnt1MBUq0604NKnSs10vGSjFculrW0l1XZs+OjqNyr2m1VVCAWyeM87jIuCMY4A4zn0yB1Wn67LDd2twzTzeUTJHuleRIWBypiUsQoJ2/KABjk4xkcFdiSAGNgzbMxsy8lCp6AcnlRnIPGOBzz0egyxPayQtgYwyyyEBty9VAbPGMg9OePetatWX2Zc0rp3utWuVe7ba9+vXbdHDRVSM1Ti2k2m1dNJpRabin1XW2mi1tZdNr+rarLrFtd3brMt6qysiZRAjnIBAGNwxtPHJ6AferXsr6O5lSKCV1kWQb1ZsCOPI3HPGBjjJXoFGepHPTvBq1uJOIPsEqqnzjMiIMkhT8xGAcZAGDnH8J9K+G1/4Yt/EGk3+taMNR0uG7WTU7WbMcd7DG+5oDICPlfADDoRycg1cMdWpUnPmm3GOiWrlypNctuqe6d727pX78PhqGJxNOliOVUatSMZzleSUG4ptaJpq9m97p2PvLQP2FPj+/wk0349W/huDUPhrfyW6R6hZX8RuIhP8qSXUJkEiLIzAqArEgnrmvdfgz+wZ8ffjDd6hpXgvw3da7r1haJdJpWjP9uujbzoWiEiDJXgHerfdPB5PNrRPj5F8VhofgHSPEV18Mvh/FZ21va6P9on/wCEes57XaI7qe2EojuGQKWVWXAYnmv6nf8Agmx8eP2XP2bPh2ukaJrnhXxl8VNbghvdX8aXN4lhNqMxQj7IfOL+TFH91VQqDnkE5rysJx7nODxcKOIap0pycVFwqScIq1r1Ia3aS5YtPVvWz0/Q858O+BamT1sVl/PjcxhGmo0FKnCnJyUU3JT95KCcpSsruOiuz+bDUfgF+3Z+yPpr+MDoPxM+HsGlyH7Rq8UWoxaVGYWLbGeNniVVCkN8gQE5JzyfoP8AZ/8A+C7f7Snw4mXQviHNovxG0aOVLOW1163X7ZNCpCHy7qTcrkpkZKYOMkcc/wBJf7cv7cvhLxt+zV8Qvh/a6ZoC+K/E+nyaZp0MdxZ6pbC3vgY5biNRG7CTOdrgh14OSxFf57vxI8MXmj/F/U/B32hnkGrRWm2CNg0LXlyuXUKVKhDLkEHJAwBnJr9g4f8AEfHUuVVKv1uioQcqeJjzwcVZN2qe9F3T7O93dbn8xcXeC/CmdUnPG5FhadapKVONWio0q95cqjL2tLklrs4ybu76O2v9k3g/9sT/AIJzfto21vZfF7wPY/CrxnqIWJ9bt4oba1F5KCof+0IlCKu7+8mQDxjJFJ4+/wCCYNzbQN8Rf2U/iRZ+KLMBNQs7fTtUjg1EhSZIkjvrSUM2AAEDx/e521+PkX/BLH4gQfDvRPGXwg+I9p4o1LUtJs7q58G6xIbC6a6eBZZUsrhySWUnEe0Bi/8AE3WuJ8HfG39tn9hLxBZzatH478BW6MqSWOrw3994avY43P3WbzbdoZFB5GwFcg8dfvMF4jcKcTx/s3M6OFxFOolSqYXGRhjKKlfllye0bxFJedOo4x090/nfin6N3F3B0v7c8P8ANcwybF0L18O8PXq4a8k4zUZypt4evF2tKNak29feV2z9kvB/7c/7WH7MWp2ngr41+G9Q8Q+G7QR2lwPGVnK94LOFiJBaaoyOky7crGHwWAAyQcn7k8CftFfsmftVaOLOS70jwx4x1OZ44dLvEhsLiG4cYQ2s8jLHcKGJOCVyACR0I+G/gb/wV4/Z8/aL0a28A/tV+CdAtp71Y7OTxNFZwXWmySsDF5k3yCW0JJDFhIu0jIxitD40f8E0vB3xM0r/AIWH+yX8R4ILJpG1jTNKs9REloZGHnLDa3dtJ5tocjasbgY4yRjI+D4m+jtw1nlWpm/BuK/sXHzg3CjCqquX1nJRfLCas6Lk7WjU5beerL4c+mBx14e18Nw34vZFVx2DjUp0v7bwtGpTxajFR5qtahZwrQSi5SqUXNu92ket/Hn9h3xb4WW18QeHra41bTLsmYX1hGlxG0ZO5GmijDIiYP3xnPOMDkfnh4t+GF3odzdzqlzo+uxTDFzFC8S7kYFWlDIpVg/Kk7RnGMmvUfhz+2p+15+xXqsPw8+P+h6p4q8AxtHayJroluna1hYBn0fU5FdXKJgrA5G9SBuJIFffeofEH9m39r3QZ/E/wq8QrZ+JW0oTap4b1C1jg1CGYQhvs5gXaZSrkhJE5Ixux0r+Z+JMm414AxjwmfYTESoc/JDExg5U5RbUYzjUS5ZRe6s7aWu0f3LwB4g8C+KWXUc04WzbBYyFWEZqNGvT9pTnyq9OtR5uelUSdnGyaSemuv5h/GDR5P2uvg6vwX8e60/hvxx4ahW48P8AiWzdoW8RS28ISHT70AqGW4jCQlznpkDrXwv+xt8D/Hv7Ovjj4g6drV5c28fiOGGxFhdQNJcaclrMx8wSNuBhlxvHCq0bKCOTX3d8Q/CGr+G9Ta8mklie1mYWV3EPKlgmt5CY0kIxhsrjB4AAyAa7ix1208c+HW8T6faJF4z0exGn+Ii8atJqVrENsd7EvBYxoMswGSASCFzX0vCfGDpypUa9WUsLOStCUpJcz5U1v7sb20utbvW9j1844fpzdWtCHLXXKpzWjaXKumjjy2d79ZNPqfzveNLWXxX+3nNo3i6wN9oc/jaxsZ7J4xBDfW10Y4Y5IAAoBkZgrFTzuyRwa439qX4baJ8I/jT8SPDVnodxZpcPFc6RCgmeK2hmCiLyJDmMiNmVWwcnpnNfoZ8UvhDY6r8aPDPxXeG5fUNA8QafeXkNmvlpdW1nOkyyEKMlxtKknO3p14r9Of2htJ/Ze+KXwQsNXvvDWkaj4yvPstxDfKiDXLO9i2iSzvJABLLbYBYbiF3eoNfpFbGYfEpKChyzvJSdnJppJRl5W0Vnd6eZ8rDBrDyTlKbk3bmk+Zxlole9+W1mr834s8I/YM+OPxE/Z6+EfgfWdDvI7lL+xji1S1EClri0kYNIJBnmVYyUDcHbjg81/QH/AMIX+z9+338JTf8Ahsroni60trS212/hEcF5YXxiUO15CzKk1n53zBgAdvfgiv54PCdta6fo2maZYWscGjwFBbxof3aKqLlQM4AU8Y9sbiQQON+IH7Sni74RaHr2k/DPxzqnhOfxI9xpmryaJJJE1iBA2yWd4ydh3bWw2GXGGGc1/PHGXAEc3zyjmeXU1Rxik4Tm24w5Wl714e8nGTi03dNOzT0P0jJs59jl6w1bE1aTpckoVItttxcW4yV2pwkraP8Amdnpr9jfGf8A4Jn/ABm8M/EuW6i0+48Q+HdGg8+317w3EJoJ7CPC+ddLAWEUqJtLrkkc5yK+G/H/AMJv7HvtQsfFVlILOB2+x6msckN1bTKem9VWRWTbv2llIYEqzFct+xf/AASo/wCCg/hvwh8JR8Nf2jPi2PFuvwSvfaF4k1BxeTXmmXr7pdNurpy3nGN2I2HJQjac4JP1p+0p4C/Z2/au8IazrP7OcWg6z470wyXetaUrJZm/iOUfyIeBJckElDGDgjHQYr4vH4XifhXDYjFY1V8Vg8JiI05t0JqcqfuxVSElBRqKyu2rN7avU+ioZlgczxlLDPDUqEq9NSji4zj7JzUY3VaF+alLZXV7aep/O/8ABH9p74y/s4z3GnRX5+Jvwq1ZvIu/D+uE3/k2jYWVLYz+YYmEQZApUr24JAC/tA/8E/8A9l3/AIKC6XqHxJ/Zju9O+G/xjSxlvNY8DxiO0sdX1TYZLhZ9Oyohmkkyq3KAq+eFGSte8Xv7An7QtnJqeraV4WutM0yKG4Z9D1FGWVliDNJ9mjddkyuFJQpk4yAdxxXxHDoPj74RePofF/hG91Dwp4r0HUWN3aWplg3mCTMkE8KsElWTYVZGBJyQMY5+iyHiLDYqp7bJMZHBZvGlCq6NpU+eLs7VsPJq8Ztpc3K921fp5+a5TanNY6hDF4H2kqftYNVFF3UVKnUV7W6a8yt8l+Anxe/Z5+IvwI8Z3vgP4m+FtT8MaxplxcQul9DKbe9WJiBd2MxHlTWzqN6OpYEFTtH8PbfCW88HXFpZ+HtXW1tYWvSJ9TvJdsJlYhYg4boiZVieFCjgHkD+tXUPDnwS/wCCmnwd8Q+C/H9tpfhH456HaH+zdae1iS+N1DGwW7spSqO6SyAebb7mLBicbflr+V79oj9kX4pfswfEHV/A/jzS5Mm/I0a7iRxHrdi0jC2vrLgBxKhBZVPyNgY7V+0ZDxRDOsNLBY+2DzOkmq1O9lU5Wv3tO/2Xa6XTpdH5Xm2QVcrqxxOEX1rB1LOEnHm5NYrkqJaq3RrTuldH0/4M+BHwn8RWuu2F18Q/CWk+IIHM9hq17fRpZzWxAMVvBA7BX3kjbLkkAE/KOT87fGL4W+FPD2orpWla/Za3qdnDHLe3Gnags9g7FcsYdvT+ElRyNxzycV9N/CL/AIJUftT/ABr0nw/4j8Ot4D8PaZrGnR6hYQeJvGFrpmotbEAq7QvKXRiCGCORgZ5r0n4x/wDBIT4wfBDw/qHir4ifFz4XadHZaNJqc+n6f4ntbq6l8v5hawyK8jTyvyoVcDLdQODtHFUcJjKEKuaTqc65adPk0bcoppuN9U/Naau2pzThKvh5KOBpQcGnKXOotfC3JpvVuyWibbt3Pz9/Ziv4dN+Jd8t9HBFaf2fOiK0oj8zCnDBieGIwoPbPf7x9z8b6zdw39/q3h2WW2tLaB/LjgLzMlwWYiQDOH+YZDYIY84xk18QanPL4c1N5NPmEF5GwihuYJGcSxBivm7geQ43EAdd2e5I6q3+IHiO0lha91V7qzPlrPapgeZk5+fAHXHzEe4xgiuTN+G62Mx8syhNSU6MIOlUXNG620tG19trtWZ7OTcRU8Jl0Muq0580KzqRqwteLk4/E9Gkn5NvdN6s+nv2j/iB8RfGeifCD/hYur3uuTaZ4NFvoh1D5Gg04eYIY4FPBI5BJByuOhbNfEMkM9xdb7pWELK+1m4HVsZwcn34+gBya/ab9k74SeD/219cstN1vbB/wrbwwhEN/J5S3MOCBBG+AMnLYweGIAwxAr2L9oT/gkZZeH9As/iD4X8W2+gafe3MOnQaJqrxwpJLcvt+0xzOwMsabiSoUkrn6V+R0fGrgLgHPsPwBm1aWXZtKUnTo08NUlQft5yqKTlTjJQjJuTu3bV63en3VXwx4p4qy2pxRl0qGKwlnyqVeCqyhRjBSupNXSaskpXaVrn4BadbLFJIzNvCozR7c/XkZ4BwckgZ3Z/iFd5ZWUssduto6287R+ZlVd3LHBLBgBggDnHpnBXFenfG74M6v8GPHt54A1W4sbq7023h36hYSB4LuOeNXhePH8B3gdcZDHJ5r1X4PfBLV/Hun219Z6jp9hZQgWgurhAXe5YD918w52njOQMcA45P9ceH+Jo57GFfA8lejiqUKtGas4ypyUHGScmr6PumtVa7R/MXiTWlwrhqjzOnKlLC1eTERa1g4NJ3treL93Rtem58r3eqeKdy29ze37wQgIAkW1QuTwrABsHHHJHQ4J5H1R+zT+0Fc/A+bV4r3wB4d8dafrcOTF4ksVuZbSQZ+e2d8mMEY3AEcDp1Fex6h+yd4mtEu4NR1LSUaOI3UVzPdQ2/mKpyY4osBpHcYZVydxI/Bnhb9mi98RxWy2MrwzecYGuMvIuFyHkwkRVUOCFyerLggE191mWaUeD68a+MxdLA1Iq6cpRlZO3MrNy62tfqvNH5dl1HA+KmW1cvwuEq5jha1lOnFVacuaEo6cz5ZKz1Ti+nlpz/j79oXR/F2pHVdI+HeneDZWRD9g0bfa203OZXAR1CljndxycAAAYqXS/2yfEng2CBfDfh2O2vo4vIScTyvIEClS3zSEAk8kHr6cnH0/wD8O+7x7a01C68X2SecqI0M0E+5GcDaxyoCAE4J6cbsnPHh3xU/Ys1zwHdkSa/o1y0yNLaNp0pkV0C79szhNqSbcfKcZOQPu5Hn0fGTDYmpKGCzyjVq6R9yCTTklrH3VFSeq5lbW2736o/R0y7B0acsZw1VVKFn+9q1JpfCtU6kk3p111va55D4/wD27fjP4x0M+HNQvo7eykjmhnmt4pUu1t5lZJI/ND8h0bBJB3DOckmvi+fxDfXLXNxZSSLcJnKrDukl3OTuYZwWzzuOB+eT7Z4p+FWo6GZI5WFy86eYfmVCmTgKVOSvUceoDAgHA87g+H2rrNLHHJ5DTYG4KGSJR82GkU4GOwBOT154rysw4onmM41sXiZVrLSUnaS0SSWqVm79V36o+z4f4Ky/IKbw2W4Cng6c5LmVKMot2ioxbfNeWtra37W6eXa7rGr3iRLMAknlAEBdjyDIG5xlsnngE5IJPGBV3QWE0sHmgRvGVJZhnBYZx1IOTgYycg5z3Hr+o/CQTaRFd3Ws2rX+R8zTAFYc8iSMooyOSCByozkngrJ4G0nS7GBbe6lu9TUo8nl5NuVKg7wwGAOMdf8AvnmvkcTmNCrWlZvVxVrKSurat2XXVPXazufe0sFVp0VGSlyxjFay2SS6b93u+r0aR6r4M+LKaDpp05I1MaCNXhDlFkVFwTtwSCemOMjrnnN3xL8V7fxRoc2nWcdrYNBJuMkqLK7AEYCswO05BDBScY79/HbPR7iKVnktWaRyzxtwVCYO7J27QOmCQME8LkVXk0C7dJ2Tcqybm2xgEqSSASVHII4JAIxjOBk1wPDUqlZVZXve6adtE420v31912S19ZqYudKKg4tpNppJ2tor6tP7vO/Ze+fsiNPcftG+AthQyX15dwtMq/NIpgmC4QdDjaOcDHPGK/Xjwh4ssn+IOp+DtSYWRstSmiinupBHHLuc4jy2MFjnAJGTnHXn8d/2UlutG/aQ+GE2yRQusGJmBB3b4nGMcdcgdsNjJ7V+tHjbTvC+q+OdSWC3m/thb+eO7libY4nZt1vIrIwKuOowASAQOTX51xlCnLGRjJyt9XTVuj5rNrVfPm1632P03g7EJ5ZKUYt2xWis76qO9tl6pW+8+/7DwdG8dm8dtGFkhVt0bCRNrYIdRjkMPmznvkdK5fXdB1fw/OlzoUz2N+lx58VxbNIAdhzyinHToDnGSFJBwfOPhN8QvFngu4sdF8e2N/NoEq+XYeIAkjpbRkhUjnkUHdgYBYgkcgcEZ+xP7P0vXbGO4sLyK7S5CyxSxssiskgBBBQtyBwynBz7jFfh2IeIweIlVcuakptRkpXTWlu+q2s0tEfp1GFPEUYxjHkvFaStZu0V1Wz6b79mjyjwz8SvDcctxpPjrSzFrd8yJF4k2AguMF3nyCAMdTuXPUHBXP2H+yzrfh34c+E/2r/FtxdA+GR4Itry71WzgV9lpMj293cKUHzCKOVmaLqFBJHOD8i+LfhxBJBcTskcrFHPzjLbgAAVPZuc98A5O416H8ONbtPC/wCzB+15pjpJHs+FVzuVwXjl/dnI2HjAJ3DGABgD3+s4XxdLGZrl0FNqX1ik5LdaNc1uvm12R5mKwtXD4bGyai6fsKujVkrJP5JJPq7Wdtj8gP8AgrF+zK3g2z+CXxx+Fdr4b8V/BbxZ4dXyvH/hO0jha81a8dp/J8RRW7MItRSV3jfzCj5X7u6vz/8ACF+LDww8zSFBa6VcysoDBBujZTyeMDlT7ZGDmvqD4BftV2Xhv4e+IP2dvixNfeJfgb8QVuzeWBVrzUPBWryM/wBj8R+GBIWMDW0pV5reI4ePI+U4I8Y+Mnw11L4ReB9R1BLhPFPg/wAUWhHgrxposb3lhqVjKxMMN6tvHIbDVoUKrd2k+wo4Ygtnn+vOJMPSxmW4Srh5e0tQpwrQX2XCMfeSVt4rVW1330P5HxmY4SpVzPDyahWgqrVO9+dNu0o9dJNKUVdrRrY92/4JWyef8SPEXiIqzf2XE16ZMFmfZLNIyAgZIJBDYwMdeMV6R4p+Js3j34v+PPEJuJHb+254IURdscUME5jUE85yU287iOvUYHjH7AviCx+FHwf+MXxJ1As1xFpzaRpwBXEd/PE6wxhSATId/wA425UBTxxXAfC3xYL3V9UknyL/AFTUWnYsd29ricyuCATzubkHPI61/EfEfDtTMuN+Kc6dFulh8JhMBh6jVk5U4c9TkfXSydtutm0fzlwuk+Ns6xzUXH69RoU5WduaCpqWu+jTVtl89P080TVPO13wpcIC/wDoq7nkwS5Ccg9yOufxyBX9ev7CjNJ+yf4QJJIk07Us9TnP2lSOhPJPU/XG7iv5CfCCK954ZYKC8VuTwB90RqSQMDOG4zknqelf2E/sGQo37K3glWQBX0rUGwQMj/j465+UHqOO3TI4r8So0oT4thh5acuCxUd1raVOz89k+iWz0R/p1gJOPh7ltVq18VhX1V3yrq72/C7ei1P41f2n45o/jJ8X7cwIRH4x1bYzKMBTeTtsyRggg/MeDtxnAzn5Tu/D9nJBHLsto3K732RKMEckFgenGSwxz0yDmvtb9ofSfEGs/Hf4y6bouj3mt31x4v11o7KyjMsoigu53llKIu4BUH3hk5Hyrmvzp1T4uaLpOq3WjXdjqUdzDNJYvHJDJG0NzE/lywMJUXJDAhiOMHrjiv7X4FzfAUcnyrBwzCnTxEcJQfsZVoqo7Rik7KV3HS3Na19O58bxRgJVMfXrVsI5U5KLU5QutVBp6R66p22Vuhp32gaXd74XtLeUDO5hGrZ4IyGwSAM+xOfrjIbwPZSlVtka0MWCk9vJLG24YIOI3UjHc5wTzjrmnafEDSppJXWC8gByzbo2ZcHIycZCjgHnAOB9D1emeKNLuGIjuVEjJkrLhBkAfjj1B5G4EcGv17C5xiaPI6WNqxbtbkqSto4rbmXk22ns/n+bY3IcmzBShjMvwleM+aMo1sPTmnolZqcWnp/N5XV7jNMm8e+FWD+GfGPibSPLAaSSx1W6zJgbs4ZyeDwQxJznpXu3gr9qr9qDwekEenfEvUtQggDFYPEETXUWN2SCTgklcg5JwWJ44rhNNu7KWM4eOQuiknzFC5IJyPTGOncE9McdHa/ZDFHE0CZORu+Xbg9yfXn+6OOQCCMfXYPjbiPCezVHNMTFRtyqVWcrWtbdtNtN77667n5rm/gD4R8RRqRzbgThvF+1vzyq5VhVOTaSf7yFKM1dXs09OnY+qPCn/BSr9o7Q40/4SHwh4c8VxpKD9ptgbCdlUgswHzAELnnjJA75I+nvDX/BW3TbmwbSfGXwr1HSTewXFlfahZXUl4ywzwGJhEowAzbiFY8bRkdxX5hfZbIkRK4UK0ZZcjaSc55ABwRxkN0IIPXLbzT7BVzFHGkjOOTh1bOByoByWO04A6A9ea+kpeKfFT5FWr08TGm4zaq04Sk2mmrSjGMnZNKzetlqz8hzD6C3gDiqs8TgeFf7GrvmvPK8ZiKCV0tFRVSVG+61p2WiTWx414wOh658RPFfinTjfrp+p6vf3Fhp9zLIJmsrqRpYy6vkCVFYZXOSwIyCOf6Vf+Cd/wCyD8UJv2ZdA8TeGPEWmNpfjLVJb+10JtagtdVtQrbcO3n70Z3IRkMa/KSCcnFfz6/2HYtdf6XHBIxGUPlhWI9cgKzAHjqAP4uOR7/8Pfid8RPAtpHaeGPG3ivw/BbnfbRafrF3DbxNxhoYBIURjjghAOec15GecS5vneaYTOozp0cXh6iqQh7NOk3FR05Wmle6aflpvc/esg8I+Gch4InwNhaMp5VUoRw1605Ou4Rio8zqQ5bSsl7yvqrNa3Pu39uv9mL9pHwrafEG9uvhtqFv4XXTjc67qukONUgaMLgSM0QYlzgM4AO3kcjIH80viDTruwvZYJrSZLgzZ/eRNGxw5ADIQSrDBUoQD1I4wK/dU/tj/tCf2Zqul3vxV8UaxYanbGzvLTWrn7fbXEJAyjRyAqcheQee/YEfBPi7w1p/iLVb3X5raKW+ubt7q4WRVVJHZixwiqAuWOQF2jBI5IOfPzLGYvPcU8dmDj9ZklFtJW05VdXk7a7PTpqrntcDeHWVcD5PDI8qSp4KnXqVoJpczVWbm+eStzSSaTk9W9PI+b/h5FeWdu9xGHt5ZnK+WAfnHBx0AxgYIJA6nINe6WHiXVYY445FkMSgqd3BLZ4w4I4GdwHOMEDnBFRdNudOm8yDS7Y2z4URR4XDf3g2OFIyflHGMgk8G1JqEMe+KfR5VA3keWQ3IIH8OexzyCT6fKcbUX7GioKWz929rNWWt77aXXnr0ufptGEqNKFOLVkkm97r3WvJX369XbS52Fl41TywJhMhDgZz93jsQOd3QggE9wMZrSt/GFhNNJGzoWOBukxuGDwCDg8dTweOmcZry/8Ate0EZiMMsS5Bw6EuOuQW4Gc46847jHNKGfSJbxt7FcR8ZwqFic57gZ6EDgHHOOBMqkpO6bdmm7pbRtfd9V5emzNKdWqre82l3WnL7qfquyt0vs9Pc01vS3BVBA4baMB9uCw6HJwOvQjg5yCTiku4bC5t9gjhZWAEhBQKeCWBxk+xY44GO+R5Ulvp6hSrsBuD+YHO05BBBII5AOfqO/GNZrtCBDFNKiEAkluOB1LHC89ckqAD1IFZwnPnbTavZRaerba9VZu6baWl2daxMJJQkktktNW9Fq2mmtXe6Wy1Zia7reo+CNStLjwpJPpM+CTLYY2l2IDMyA5LNjBbjB7Ag19afBX42/D631zw1qnxbvNd1SQ3yjXF/tKXTY2sSij92Ub5nIyXUL2wcjmvI/CHw7sfiEk6G8S3vosLGTKjOqrncxjZgWyMKeh68DHFrXP2avGKXEf9n2f9uQNt2yNGEwnXbncNpAGcgjHJ54z87n+U5HnbdHG4urhqi5U5Qfs1Btwu1NpL1ta913Z+j8N43iTJMHLEZVCFTDV42cIuEnG/Ld8r2a72bfkfUH7Yvxb+C3xa+HulfCr4SPaaV4Xsddk1q9ub3UHurtXlQCBVZ2Bf5gdwwQMg8Hg/mdoMemeFL6awt7mzeaMOLh1mVvOyxVXQjhSy4wvQE5IIrufGXwt1HwtZ3F74h0htKt3UwwvDM2JJoxnBAIILZAJBPbB6GsTS/h9oWt6dYXiLNb3U8OZHRnDuVOAck5OANx+bJ6YIII9/IMkw+SYRYfBVY4ii5OUakp8zadtpKL6N6Jv5nxmZ47HZlnscVioSp4ikoRfO3zJR5Uru29ntvbpqmuu0e6ku7iNv3hg6BScqC3Kgjac7s5GMctz2rv20eZ0EhtY4lLZWVxnII3AtkdCOdxyP73UmvKYPCWpaaRBYajeIoAC+YN4BXgZLcEYKjnORwTkgDfiuPiDYx+WNVguoABhJI1ZiM4C4+8DjqOD3xlia9503OK91uKau7Jcr0TbutFZ3utb36XPbjiqGkasOZxUeaSslGVo6tvZPdct/JWJfENpZ2o23cNq0krAonl4D4bHDKAAWyCATnpgcYFv4c/DjWPib4pg8NeFLCxXVZ1ZraG8uorRJCgy37x2UBSMhRkcgAAYNcbq9x46uUEslpp1w0RdlUqoO0DaxUHBYr147EgBgePqD4AfA3X/i5Z2ninS7i78Fx6ZfLZXuvWbzNOJGOZbiTyyhtoAQf3hOMdCCSK+K8QuKaPB2Q4nMZTpYaajGFCpUhOdJ1Z6RuknKXvq7UU7p3eh+i+GfB+H4yz54avOnTwtKm61WTfKnTVtefo1OSvto02eoal+yF+0T4M0+PWbr4f6+tjaNEXvNDP263XKqclkZgN4IIIBPPO3JIqeJdO8TaLopTXvD2oQPJp1ygbVLO4tJ1YRHLSShFDBRn7zc8ey19hfC39q34pfCa18XfDUXdt8RvDfhbUYmuNZ1vWPtENyqgQols7odjqQG8okkHAwcCrXiP/gpbomm6Xq2hfEv4CWnia1vBcW1s9yLZvLhmibaYg9ssjQlSMOjA7Cfm5wfy7IOPvEbEVMHKeQYDNMPjPY1vrFKtGlNUW1KM4U6srtyhZP3FeVu1z9UzLhLCZFVxdJ1aeFp0JypU6lDFOMqkafKqlRwmlf3WrJS1Se7dz+ba8srRvEd+8s7WzJq0zwpE7FS7SnADFed3AXIPJGMHJr+gz9nbxmI/hF4fvJtJu7o6dZw20N4Xd5GEaBcBk7Bv4QQRz06V+PfjiPwP4t8aan4jsdNfQNI1XVJdTh0uzt9o02N5zJ9lBX7yAExx8cnDDA6ftF+zr+0L+ylaeBtF8Bya9c+F5obG3g1BdYtvKt5Lvy9k0sc7FgolcE7xxyBiv8AQ3wxzmeGjRnisPOn7bCYe1LnSqOrLlbirXi3C71VtVa/fP6PnFnD/CHFPEEsyzHCLB4lRpQVStGlLESVZSUoOTjdqKu7Wbd09HY9Au/if4beWOXWtPW2uTGwSa9VJItjK2FYyI2SzHA2ggZxzytfm9b/AA30XxX+1HoPxD0C1MtlJ8RfCel3FtaOgghuxqVu5ljhVVwGCk5AwR1OQTX238YdB+HmoWl9deE/iD4f13TjZzXdo0N/FvtWx5iRkFlZzkYC9fTjDH83v2c/iZ4b8D/tNiy8ca5eW1tc+JfC97okUJ32s2oDVrSGMyR7iil1bAds46lh81f3ZkFPF4jgjiDMcnlX9u8lxsKuH5pqaTw89ZQTXNLVu/Te19X+rePvFPAOd5Hh8PThl2J+sc86Fb2lOdWlW9k3C8k7yaduuu+rWn+kZ4UtxDoejRjjytI02NgRgAraxKM8gYwDgZPX3BrrFT9SSWwCev4+/GDk9j25nwlcR33h7RL6E/u7zRtOuUxzlJrSJ487cnBHTGex54rrfl6/KAM4wAD0zgjI9OOe4HPJr/DPM6UnmONc0+dYmspO13zOd0pd+W0v1V0mv8qsU+WvVirfxJ27L3tPXq1p0++IDkYBX3PXHXGD+PQn1I6VKM/4fpjGB3/yaeV7YJGByOQeuMAZ57cnuTjqQbc4/HJ/oAO2c8cH6Vy06Ce+miey293Va6aart03OZ8qSv5PppdLq9utrd/W8MkiqMliCGBzjG4HqM4I+XryDzyMHBrLmdwzOx2REkp8wIZVXJAIXbjHJ67sqe5NadxF8jSYIwMHnAHHByCccnrzj0xyKPllsZcgYLYdcqQOuOeFzkcgckE8Yrrp0oR1snpbXtpbqtNL/JpWVydOl+mu/bq76O3Td3emyWOYkqQScEK2TyvOeOcD1DDnnGOmL6njBOATnnk4PHQDGT2A/DvVHymKgxlTyoKrxkAnK8kA+wx3OCc8XAMAYGSARkcdOMY4z0+mQMY7OoorZfEtbdFZLfWzTta636Iaemutlbbrp6fJ627aWHmQcjO4c5bsO/07joeOBjJYUZTBJBPQAdjuOMlWOfw+7jPTqUz37HgZGOR15x+hpBg524xwMgcnHPU5yOmPx9a5uXvJrro/L5WV/kl0BJXWllpf007L+tCUMCAVAycd9uQOcHg89RgjBJ/h5ARnOeASCM4/Tk54BIIOO3JxySnIPoaMDOCo457DnH5dMdvpzzVJWvfXZ+fRN9NbWS6att7IWqd3rZWs+r89uytt1WwoVWBGO+Txj9QM5464x6DvXwx/wUV0tdS/ZC+N9vjcW8DayTnlQBaS5J3HB3MeeuSx9K+6SApwBgY64yBwRj+XX1I718e/t3IH/ZY+NgYb1/4QPWiA2Dn/AEKbPHU8jkds9MZx9LwDU9nxtw1Ncvu5zlzW+31ujfX0730SXU9rhlued5fTs3GeKpLXqnKMH83pe3XV3srf5sfg34O6drksl5eXVxHtluIxFbAqwHmuok2gLgcZOeuc/MckXvHfwj0DwV4R1rVLV7lr+zU3EU7SeYZWZWJXbztGP4gvBBOeTj2H4f30EEN4x2xgS3a7icA/6RIB+h4GOMYHU45P4t38MnhLXI5JneR48Jt3FVJU9eB93p1HOMGv92cDWr16mXUU5KhOnFNXfLedNPmbs7aWXRaJGGc16mEz/GtTm3GvVjBLl933lo7NeSu+qWu9v6k/+COPxKj8Tfso+BdIg8VX66zDHNa3VlPOW2QxOxVYw3zKm0ADsARjJHKf8FV/2qvi38DdL/sn4ea+tjY+IvBOr2t/pc9sLi41GW5t5beR45h9xEjYtnA6n0GPzS/4JGfGay8Fw+CtAvtSsbHSb6Oexu7q6ljiWK5ldjEWUngsCE3ED7w+XHFej/8ABYj46eCPFXjbwx4a0HUbR9Q0PwxqNtqTrtdJfNR1jER+YHerZ6Hg8cYr+YMf4Y08N9IaVLF5bDH5RmFPE5lKVejTnhoynCNSM5NQcXKFVcsN5LR9bn6JwrWeYTjKpRi1DD1FNzimuePKoyTal7yte8X16XP5nvBnw68R+MoLnWLi7ltxdapf6hM6nLTXNxcySzgKcADczYAydxJBYE17don7Pa3R+0ahrV/ACFLIHdCQBlgCGGDjGOeM9OMDe+EmuWMHhu50+C2uDcx3U0wEcZIZTIWKqSCAR2JPCnJHAr2uxvdV1eExWdokGyMvK1zPGoHygAgFuCxG45AOeCSAK9nxLzPGUcfisFiKjWBoxlTpUuZpPkUYxSTWkUlttrqzysXX+rYhTUIqTqO8VaMqlpWSV03ZWX6t3PHU+CfgyIeXO9/d7XYO0k7OCQDyCT1c4JOSOgPUEcv4w+HvhHQ7OxmtNNiIDsjMF3uxZx0Y4+Ykgc59Bjivoa3t3hmW3vtVs7dNxZ3Uq2Onygn1ycHjPfnkeQ/E2W2hikW31JbiGNkeMonyKdw5JUtxnDdSc4JA5r+R81zDCSqVVGMXJKactGou8G7XS5o6W6X23PSwuYuvicM5KLtUgrNp296ErWvqtLbJXet73f6Zfsb/AAa+GWr6NonijxidHttyf2XHZzJBE6HaFhuyZB8zcBtpHTqQSMfPv7WPwt0LT/idrMPhG6ttdsrHTmS7FpJCkMGFZh5iRZDOBwCM9eDkc+gfDH9n7x/48+BSeNfDGtweRbQWxt4bjU2s2mmztd7dBjDAdWCkDrk7ga8j+N/7PfxR+B9loviTxhrFg8Pi6wea1hstTE15JIwBEd4SzM+BnJOQRjKjII/kfJ54Sp4q5xXr8QU6lbmqQpZa5TcuV2TSV+VpNJpRWmqVz/QHi/F4HEeF2W4fC4RVoPJ8G69JUaVOGDqUaMKjqqpGPPKdVTTd5JKLs+bp+cPiH4e39/drfAWtrEhe2j37cE8rhkB+UkgZOOOp5znvPhXolv4bFzY3gs7ieZn3ypKqhBkhEVQTjHsPTPrVDxPYa1e6UslhqV39qlupDPBHhxEhb5gDjIYjGCOASGxxxy3hzwxdW+qPDJqcryXKrLJ5nmBkcckLk8HPbO3rgjCgfs2byo/Uavs6blJxjJVWkk+aKaULu97xty2fKtlqz+AsE6Uc9hVVOSXtVLV2upPRJt3bVldNaK2yR7f5ZTxX4Pt4girJroVRCoPBLEB2U8naAGHcHj+7XIfHzUtVt7ua3urdrW0tZrpIZhGCjyYG0HeCDvG7ocHoDySNuDybPXvCMzTN5lvrcIUqCNzDcgyx5ByfQZ4yDgVc+PPk6ho0K6lIFmk1JzGhcMzBjtz0+YAHdtJBP45r8iyWdGHGGEdSo5znTlaLsoKHu+5O6Vm2lbyWlz6/iFyrZFj3TSio1Kc1Zp3XLG8ZdYtPVO+yb3u1xfgmD9kNvhQdX8T6jrOo/GmSG+S000yPb6XDcBgYRKgG0R8sScg/UDj6e/al+MHwe8Z/sGeE/hr8PdD8NaLrvh230u88UXenW0Qu57pGbzHNwAZHe45VyX2tgAjjj5C8M/s/eAZYNM1DVtXuLeS5ia6fzDhUByxRFPPTIBzx6YOKuftNeLPhP4Q+E3hvwB8ONE8zV9Zhli8UahNh5yLVt0Uqy5DbWYkBcYBYcjnH79meOwbyzE0p4XD0a0MLGnCVK95tuleUkmryk2tenTZp/h7w1WNGdevWtBy5lBu978iUdFfS6tZaWu21t+a9jZ26xsDEhJeJlDkklTtw2MchiBk9cHIPIrrtQEMcR8vEe+ONQAc7SBgg8cZJ+7157k1JpGgWmoWFzMXWOeBIYkV5eG+6oyFwD8vbIBOMdDVzUtDlieOJ5Cq+UrP5UZZAyrn76/Q56DJz35+FoRk6ceeafMk4K+i36bXWuib1Sbadz5vFQlFt8qat8Wl2/wALPWz67aa3PaNKIX4FTIXd12XpZQf4tjHc/Prk8c5IHoR8X/ZovJMzTRJGcIVOC+ORv5OMk4IyMe7Dr9uaPDaf8KP1C3YFbhIr4iRmKlwE4ULxjhjgcZ4B6V8ULhUSNbfKMqmRnxnBYHOWOGzgDgDgAZwFNfYKMVSwik4tOhFJ76u11om+yfTW+58jinU52rtLm0fZ+67S/PXpsz9Iv+CZRjt/iL8TVhn3xyeCLhWQk5wySlSMnIG4njHHbgCvz2+LC4+Jvi0o8alPEF8u5zkAm+cckgcAcA9OOnINfev/AATdmSH4kfEJPL2hvCciJnkEMJFw3PGRnsex65z8C/GJZU+JnjMFFJXxBfAqD2N2xA9gTwdvJ9ec1r7FLDxcbJe1dut9Umld628v8j1J15rCUNXzR1traOqd+raXa2tn3RneOH36qkubd1/s+y2tEQOkUeQFJOW3DBxndzzjAP6rf8EsrpH8MftNtIIm2+Ap1OCOMxuFLDP3s8DI64OAxJr8h/FSsLq1bysf6FbsRvJyAoySMj0wMkY4zkV+qH/BLu4lHhf9qFVAX/igZnYDsNsuTgjjkcA47jtzoo8s6aULyUk3aKu7K7/lei30s9tTbK698SpubScZJt3teyb6Ju+vRPTSzbR8AatNLD4vuGVyVXWpmOxmTgXTDBw2eQDyvIBA6HjU1ORr3xZdvHE7yGEMig5DFIySWDHv0ztzz378Pql3jxLcN5xBbVrhT3GTdNyRgf7QHA9u4NrWZrqLWZZ4pHUhFfzIt27bswN3cZz3785459vLKkaFX23sXKLleUfd1StpbW1nzaWtu7nhYyrKdfk55Nc7dopaK8b3ur7JtbpWex/RRr19Jbfse/AVkSSC4j04l06xKglUGSRfuscnHO4c4zk8fFXh/wAY+OpPGh8IW2nXPimDXbyQ2GlWtu13fY2OD/Z8SKXWTJ3AIOMA/wAPH1V4y1CY/sWfs9sk4Mk+h3T3MjAI5jj+7uAPXcOOcHGTwVB8Y/YW+PHw7+Cv7TmnfGH4pXAfQfCfhLXLvTI5mjfzNcS3lS0WJZVZFeZ9qYKng4zzx9/m/ifmnC3A9d5TOosZhZV8RQwtO1q8m7xg4q7fM3yNJaX3vc97J+F8Lm3FOXVMZyeynTw8J1ZuK5Ka5byUpNKOkby877n7P/safFj4X3vwO1P4N/EH4YeJrDxl4Xv9RlttUi861uGu3hlljE8j7dk9oxCsh5KDnCivnWW+8H+EPE/hjxXqFzYw6fFrer3Op3t9c+ZPG0c7CCMyNzHOo4JAGMnJNfHn7O/7aXiP44fF74sW13q+n6PH458Tax4g8JafIsVtcwuftP2eJJFCrJi24YAhZHbOMni/8ddN1K18F6Bb6vdE/wBo3urvMkAIadvMLozhRlizZLMCBn+9y1fiXAvjjxfgPEB5pmnNB4pQxE8LKrOVGoqlNe2gnKzS5rqyVoyV09Uz9c43yLJszyalgcDVqvDcrw0akZe9SUFGLcYxklqr2b6X6ux9ueJf2qPhzBqy3Vl45tdL0i8RGmiiuln810wCW3KcB8Hgbe3TPFXRP2tfgbeXeo6nqEsusQ2cZthDNBHNZXbyYVSzoFClzyCVxnnCrjP88HijVNY23yLOJLWxkaFYgpBUKWwCDyc7eTg/NjnIGei+C3iO8vtQ1nTZVV7V7aK4NvnK70dfmAYnBXJI253E7dpAzX9R599KSeGymsstyHDYbESwvJCtGvXb51FNTbjJaKSTlfV2tfW7/Dst8LMoy3Ewk8ZjaqdWNR05VHy8y96KirtQgpJuyd2/uP1C/aM17RPG+ueFfGnh3TI9GtmuLi202CIjCJCylXDD5AHUkbRjr9a/X79n74kfEPR/hBpOj2niC8j0m78IWuoWOmRx7rdLy2DM1yQcDCt8wOAOCT94Y/DHxE+7wL4PlYlRFqt6wGTlVQIMDrxgAYXqCOgwD+5n7Mk9pH8OPC51C1inifwCtuJHO5ohcIRlRnhkHUjOT8vG6v8AM3xv4+z7iSFHMq2MqwxONzRzqclSSSc0lJaNO1tNn5n9OeGuDweGxmJpTowqUKODVoVYqasuS/xNtN3bbu+t9GxniTxt8Qvi7qGn6Tf6pceJ/Elv4fjh02/BEUGnTyv5ccLFTiNU2jLtgHkkDAx8nfte+AtT8Cfs06ppnjpbd/Glx8RrW4vLy0jWSGSJsOsX2jaVl4wDzgnIzxkfUnwutpNO8d+Om8M63ZwWdmYrN7O8JEsyxrNORA7ZaIkqPmXBBxlVz83wl+2h+0rrfxW+Bkmj32gRafb6T8SXsXu2lVpL17edrcHzCCxC7QRknOeTjBr8X4OwnFNfxBoYyvB1sr5aTlXqvnlP3Y3u3q1Gz5WtbPW+5+s8aZvw++EVg8GqFHFwhJyowavzOUWklF2Tto290rbI/OeS2gm+FPieQOTGGuCjYU/JMu0MSSOoXnr0PVen5aTW7H4gQ2drm5nh1SJkhCkvKdy7I1GOSWOAM4JPJwDj9TxeJb/CnxXanbkAwoDwWMIaRiAfTd1yDkkAdc/lhZ3F+vxOhuLVYw48Q2TRSdCAk0R28kcZA5A6jJzkGv6tzWTpYeXLNzlCjGaWv8raWu+qXo/mfzGpurPDx0XNVpp6PZyW2i7Wi3tfXSx+2Fp8JPHFx4U8GQT+BtU0KfUrGK4e+kiJdmeBWVkjLYKmMq2emDg85xZ+MGlXGn/s/aD4cvJ5zc2+u6hZTu6kOElVklJB9jzkjbgjkjNfXWn/ABP17VvDfgyHW3kQQ6PZ2m550863RLWNQ0a7QFd1XIAOSuOFY18r/tGy2x+Ed7qcM9y8cPia+jLNyVlliAUgDI7Fiw6cjLcZ/EuFOKc1zbOsVh8VCMKdCVWNG0mm+R8q5tUk3d6p6vXQ/a8xyfAYPL8NWhJyqOnTdVuyb9ym3rpbSz0XrpY/MS8/Zc8f6hDY+IbOx1Ww8PXt1L9k1rUreWDTLsRklo7e6KsrkYwRk4yM4yCc34d/AX4nfFrxZrvgf4V6LqnjLxJBFIsujaaN/NvlS7MzRrtY8q+eVAPHG77r8W/t4eD/ABZ+zx8N/wBn7w1bXmhaj4WFxF4i1fUfKaK5nkLAvYMUDRu2cFt5yCOSK6D/AIJ33uk2Hjjx7rV34kvdGu4IBb22p6VMbWeVZpWBbzI8MW2fMCeTnIya/UMmxldVK8sY+SMXKVNJ7qPLFJ3k1dt31du6tqfkPFOPpU3SjlcrNuPMnU05nyxfvKVlJJvTZ/I+e/2d/h7r3gj4rad8J/Hvhi5tPFV94itLXW9AvDI1zpJtZA/mytHuRQpxnLA9OCOR9f8Ajr9rn9oT4E/Eq4+EWleMNStvBen6rJdRaVcz3Fvos+nCTd5SB2EcgRSRnJJYYBB3GuA+FX7R0EH7dWo+ELe1sta02XxTcXF3r+qxLdazOtrCv/L5IC5VyvPzA9yeSaP+Ck/jfQfEvi/R3h0u3EdjNOry2my3vJrWTMjosqhS21i2HJPJGAAcj7fHqOM4cp1E4tQqW5ldWuo3g+q395uNovRLv4nDPGGdZLn1DEUqsuSjGFozvODnGUJJpSTXT4uVWu1Fs+97z/goB4o8XweGNE0iK21t5o4IWeyH2mcC4RLaeEqrM3mRsWVVPKqFPRQtfoz8Dvjd8R/BPhvWYfh9Z20GiOiXt5YXPkmS01R7Urd3U6Eo0JL+YOTku2cjrX8lP7LXxb0vwT430vSJNC1/UNO8T+IrfT7aewm2alptxLMotjHcS5SGJp2H2hum3c2Rg19V+LPj1+0Z4f8AH/jHwJHcy6TYnXYEuv7Pv1WebT7uYJaLPdo7JNcKjqZRGMF9wyQTX5XisFjJyoU8L7JRnUblJOSejXKk9JS5Vdaq3lqf3jwX4/8ACWLyCtg+NsqhmOIcoOnQpYeEsOlGKlCpJPkbn7tlK6t5n9NOlfFDwr8cfiF4Hsfixo2mSx6J4dvLwaDcP5YurqC6Lm+eVWXa07qFRTISQcA4Az9C+A/DXwn1r4wS+OLvQoNIs7O2i0+DwzN4gkgtBGlq0MF9BF5yosiqQVI2kkgnpX41eMfEuneEfiL8LJNf1O703TD8FUutXWwxb32oaqLETxuJ2bMkv2jazHILHAGMlR4Xa+O/Elv4W0bxtN8Xb65s/F17qixWWpR3H9oaLbWVxJFDA7Rygh3CqY2OQVO4HGDWedZZndSWEpYatOnyqEXy6wko8qvJu8m5XSSule75baHv5Xxp4ScU5XUWJzKvwyp4fE4WGDVKNXD0qVWsn7VR9or1JcyV43krb6O/6p/Fv48/Fn4dfta3OifBfVNF0LwbdwaH/bdzZXhu5L3SLWeH+0I9QbcyLLDFvBwwLjBHGAP1o1H4x/s+aL8EPEepadq2mX3iLxjdRJe6nY35sdY/tK7eMDySvzmNvmXB+X7pOeMfyEn4l6noXj6012Dxjd/Zdd0mRUZoTLGXhys01zLI7yBckuobAOOuBz9RfDPU/F3inSvGXiiX4geE/Euh+C9Bl1WTQ/NW3vJAkDtBMi71HmRPtKFVLIRgHLEDzsyzDNME6f1qjKnHDwhF1YOT9pJxjq12tZJX+b0Z0Zhw54J8WyyPA4PiqpQxOWxwsKlXDUo0Xj/ZRg+bE2acubli1q1pZtq5/Slrek+HtEtfAfi3wJq+oaJpF/4ettD1ZdOvWmvbzWr2MNJe3jb3CpDIR5rfIGbvt2g/zgf8Fa/F1z8IviR4Y0iHxAfEdxGq6ndXcUURk1A6gxmeO8dHO/ygfLG8knJOVHNc3L+1v8YNFsPBmnWvjK80iw8QaLcXUGnTF7m2tzE+FKSsQJJ59oyyElFJHHQfnJ+2V8QNW8d6ZY69r+sT3/iK+vxHPE8hcWq25KRKhYnaGAyeg7qvOTM8Tg8fg25VKk68lDlSd4Qi3FtRS1cpaXT2TWuiPxTxTyvKuFMuxeVYHO6Oayot+xqKny1FTnV9pTU5auUlCVrc1tNl0x7T9s/R9L860v8Awen2jzhJ9shwrqAwIUAqQ24njjGcDNey+BvHumeKtB+KHijw1pKxfatAGrXkNwgWaS5TaFKMu0cEsflA9ASTX5P3NnbyKZ7+Qxzq0bFixkIxggsBgsDgNyQASTgkE190/AC8mTwH8RoJZo2H/COxmN4j5csdsNpY7MAkBckll4HJ55HDlmBhg8wp18O6ntdLrmd0tNVfRPvdNPvZo/l6hmWIUldaRqRcXGMU7pxcW+i1t8UXfz2Wron7d3jjStb07TdSi1mz07w3ZLYQww6k0dvbq5OLhIipCuF5AwdoxuHzV6x4x0nxv+0t8HfGGpSeLnbw7dzfaNM03Uz5iXt3Hyxa52jYGC8E4QEdc5J/I34lRyWvirV9asTqN7ZrcxwrBGjMjsw2ngcMVY4wcgnhjzX6i6zonxe+BP7P/wAMNb1rX7HT/D/xD8JD7JohhQXcA1SMrZtcRoSwkVC3zsFZc5z1x9rmed57i8HDBPMazw0ZRvS92UIxXKmpcqjFRdopvV2133/oqj448U43hLF8N4yeGq4FYCOETeFoKp7CKUIJ1IUo6JrlvK7tr5n5t6h8EZ7efWDYXmlpBpFms9zLbXCyyxyR8NHEm4lzlSH2jK8HODX6D+KvhxfeJv2fPhzoWmx3Gparq/h/RZNL0+1X/Sb2RZ5Em8iMAu7nIGFH8xX5/wCovceA/FU8x83WYNSi+dIxLska6c5LD5gxLucbjjBzxuWv2M+EXizw94V8U/s3eJfF7zaTpWiaZaraiUBreKeOVZJHdG+V4oFbJTGGXIyeAPJxNTE4fDXoz56rjyqmnZ3cb8ytpZpaLdtq9lc/B8nlRxlfFe0tTVpXjK2kt7qWiatsk373yPmD4kf8E1f2iPgpoOj/ABK8d/CzW9E8BavoUN2uo3aSNb20t3FmIXxVS0Ek4IKK2SxIIGa+R9M8P6t8Pvt2taXNbCa5Yww2wjMuyOZmRlIbJLKo+QjB4HIwWP8Afx+1j+0J+z9+0J+w/wCM9F034oeHLy6PhSGXTreWa1828vdNto/Lt4IMgpOHVgcDBGcghjX8RMMT2Or6vPdaTbano80/2aSVYzIsKIdpeNsgI2BxgnDE4zzjwc1WKeFU6lG14cz5o2vJxTemrsmvRXT6JnrZUqTqpzvBqvKmuWTagk4qM7dFbV2SSvffQ9G+BXh7WfiEnwj8NfEO4ubbwfqHjiTTy6RgLP8AaygnVJf+eaIwVlOANw6cmv1Q+Mn/AASW06G1vPiH8FdcltlsLdZLbQmcmC+uFUMwSQEeTM5J24GCxC85Bb46+El74P8AEHh3wH4Rt/tfhrUm8UXMWlXN3hIbKYojJfq7HKZJA38nnAOAWr9GPC/7XXj79m2+X4W/HOO41Lwe8xTRPHUCPcWV+kpBhjnmClVKxspDFgQRknvX1nBVKpPLFKdHlc6vVO0FsraX6O+u6vsz+icm+r4PBYWeGnTlVSjz8zcudWi2+jvF3vdpLsfIHwT/AGxvjf8Asu+LE8D/ABKGpf2Lpjosel6uJpklht2CSRwXEgZDwu1SOg5HbH7nfCf9of4K/tWeGr4tHorTz2SRvoWqGJLpHePazWxmw/DKSqoDnCqMA4HzD8Rbb9mn9ofT9EsLrRLHWzr1l9ns/E2mGKWawurlG2ieeP50aIsPMDZGCckgCvzX+Lv7Ivxv/Zt8U23iX4bX+rat4NsJEuBqejSyk2ESt5iR3IiJDqBwwbBxk5AHy/pUL0oU42UoKHLJqztZR5dWndWd1aztpfQ+jk8DmCXt7YXEzi+WpG3JJ+67NaKabaS6q7Wp+mPxs/YEuLyyvfEvw6DX9uS0z6BcY3jKbv8AQpCN2AMbMAqRwCSDn8oPGvgPxb4E1a50y5tL2zu7R2WXS9SieFtyg7hFMwAlCsOMMCwBwOMn9K/2Xf8AgpVFdG18FfGAPbHTY4bKDXoVZQzqAiC6DbSjBgFYtnIyTgkqv6TeLfhV8G/2lPCkl/dQadqgmtDLb6zpAhS8t7iUZieWSIl3ABy2484OQCOOOrhIVZOcY2bslJRs7+7dPW0mtG9VbXq3f884m4Vw1bmlWoxjO3NDEUrcs7pNN2T5ns9Umno9T+YHT/ETRyiOcSWF0hCMkobBbkMVyBwSp4OcKcHjrwnxZ+Bvwm+PWkz6d440O2h1Xy8WfifT4Y7bUrRiBtf7RGB5gBHO7JIyMjJFfqr+0D/wT+8f+AIZ9b8PWZ8aeEnie5N1YoRq+mwD5l3xDDOidC2WJI74Gfzyl0PU9CkuEtTJfRW8hjubW4R4r62wMmF4nAbKlcEgdiQMnNeRVhKjLlmuZN3clZx3S12as7aXW2x+NZvw/XwcpRnT5qLaaqKLcXDS1+i1Vtt9Xe6Pwa/aD/YL+I3wdmuNb8NxXHjjwT88y6vYRF7uwi+8v22CMtIpAyGfHOOBgA18l+HbP7K00LR7bgylCjqUkhZR8yGN13gZHJYZI46sa/qp0nxNbyLJYziIW7gJc2d5GJIZEPLK6SBlwACDlSADx6V8wfGf9iL4VfGSS71rwWsHgbxlJmctZoselajOMkefCu2NTK3VlUHDHgMM15+KwTq05Sozu7axa6vluk2929km03bzZ8TjctUuZ04r4XeLbt00Sv1aulbrdH4VtdFDiGdhIqgNt+UApydoGRnIAyeDzzmuksdTuJUghtYJbhWAWaSQGRUZiPm+baVyCzenHy84z6N8Vv2e/iL8IdVubLx34bu7ax3mOy12yjefSryNWOHWVE2KXwhOR3x22ni7O7FnBatDGqI42p5DhnkI4XzcKD0XGOONxy2M18hisNWoz0Uot62t717x0vZd/wC9ZNrRXPicdlypu8qfK09Go6ppq7S+zd6X6raxfGp3WlyxRxNOZPO3W2AVVGB5woYsy4xhcZBzjPWvn3xjr07+Lbq6uiVlmby5y4OCuMLjPRjgHJ3EDAzg5r2+fUVvpp3uNizxAlfLKq0BDDOV6EnnJwDk4PGa+cviCLWfUkkimcSMzOZSOHKnCgYJyw6Z4H1ORWVCD9o1O6vFq7vZtJJLV6XTt87eiyan7GpNaJtOy3TS2flpffXXse32OsfZPCVncROwWS4tzGduHWRW3F1PByM4x265zzXHP4sdtV1hGSJ5J8KLliAwfHpycgDnbycglTkVSGrM3g+ytlVQYxCQejMFIBdRjghSck4BPIK15tcXES3N9Lvfc5AABGAQDxnGWJGODnvgYyK0pYaNTnTuldrXZ6bPo+m/S++h9N7VpxtrZJPotLd7pq91fyvbU9miGk6oli101wZlc+e25zuAY5APQAHso9zxzWnrejsHsYEnZ7SaLcFTP7tDygdhyW2n5jkZI5AziuG8Kak00cCSRKVhOOcDzC2fvHuQno2Rg4GcE9obuS8veGaSGB1SJYzwCflOQBwoztKkds7uFB8DFUp4avOVO6UbNWVnsm7JLa/XZvvobe354xulzO17JJPSOltU73V+mz6u3OmBrLUo9PuDst7mVdp5Koox8wHUbum7nOD0xk9p4ksotJ06N44Ekt5YFaNAed6/MGAB753fUHirL+G3upIrppEjnLB4EZd2M5IXOeq4GRjgZ5Na+o6bJHZRJchbwpmOeN2CrECOAMDC+nA7nkkk1wyx79vQ9+Ss7NN9rPo7Pr0vujJJ6yV1vq7+7pqt7W0bvfRWasfPmrXokQTpnzsgqqj7pYAYbb1zgAEEZODng1zcjzz3EbSSth2AkVWII24wuCQT/DgpwcAEDGK9Q8Sabp72d6beJoWtNr+agwpRQDtyOh4P5kdK5Twtoj+I9f0qCyeNVuJ44g8p481W2sXBGWHAx3OeAQef0bLav1qjT1btZWv2tr2336WZEOVzWl22m1Z7tpaXvs97Weitu7wXSTTtAgjl2QqVVHDqCPlOTkDI3AEep4AweNPS7OeS9t4xHMSZYlLRKSEBIBw30OCuBx1BGK+/LX9lfVdX0u0um1HS9Re5jDJbxFYZRxgICORwQOTg4yScmsCb9mLxtoLSTWuj3DqWPzRS+dtA5GAEYsWJJPOecAc4H01LCVbxjyuySfTsre6m1qrW1dt7HY6XI4y1uuR+dvd6a22bvzdvRdboN7o1vpGmRvcIZIrWKJi7lHyI8fMu3jpgjPP15GP4wgs5tD1AxzwkPbOQxkG9ThiABuyMkg4IxuK8qKy5vAHjbTIVjl8P3chXJZpLRwWYdSTk8nnnAPU8jJHJa/8A29baTeQzaBeJJ5DqN0EjLyCDlc8cAdMHGeM5FKWEq3clBtpttWaTso3jrHyvdedrrVetHMl7L2ctG4tK117yjFbtO90krX1aV91b488S3C+cYI5H/dO3nAsx81g2QCV4IBOccDoOBjPGDezvOVREIIAbC5OCAME8gcAA9M+hNdjrbsskgubB42i3FtyNHvY46lgOR1B9Nx6ACuQ8xZ4tzqRCCf4clSVA67u3cD5vun+7nz3Czu097arVSsrXurWT7d76tnhVa0ZVG9dNXZO7d4tPZqyvZ93q3faS1s5GjVvLkM8si4CoXLZIIUgAbQT1Bxt57nno783drFaQOWE7uq/MMHLbdiFQT0BGPl46H7vH0B4E8d/DnS/h3P4d1Twt53iPKXcetBVExCSbxliPlULlQBg5HoBu+a/E+sR6pr091CxiiFwjwopyqoGwCWJAZsDO4Yzz1I5Mwy+gsPGtGUak3FNJxje7j7zbba626a7aozlNaJRloo6tKPM9Luzjq7+m+yep9hWujXp8FaPbxKDMkStdsp8tnDLu2NnndtxjpkEcGvG7/SrG0up7qM5vWZ4TGWO6M9ABkdODkYHI6jv634S1oXPh63S9uwIXtNqzK2GeRF2BSQTgDJwRk5wpALEnmrvwrPqN+zabZalcl1jZY7S2lvJJGYjMhSJZGVT/ABEg4zycmvwuhOtl+Ox0sYoUKLxEqjnKUVFJWS5pN2sl1bSu722tpTw88RLkoxnUlJr3VH3rpLlVra333tfY8Pu0nQNHKDEfNVmYH52BbOCOSw44yRjB3DsOd1V7wFSqyiONgEXPDZyNzKQMlucDbjt7j7a8Dfsj/tAfGS/163+Hnw81LxKvhfSLjXtduY4jDaaRo9pG011cXk0hTYY4gflZQR6Y4Hy/rOlyRXlxaToIpLG7ltXUksBLbuyOqtghgGQjdnaDjA5yPr8pzzLMfVq0cHi8Nia9CMJVoUpwnUpKok4OSi5NcyTcVonuujKxGAxeEip4jDVaSlJpSnTlFNq17OSs0ra28tXexwVrpN7NPHPOCTtLMwUkhCc7cZJAI4OQCOuBxjrJo4bXTGtbS3SCSVWMkyvtB3hTj+H5mPGPc8AnmG5uTYRNuLKZCB8pJyCOcjBxk88EAHrjIrEv9SiFr5L7skli6sWJCg44yCDkYxnjIwehPvS56s42i4wjqtk0/dV7LV/NrztZnClZNt7NPVa3vHo9dr/J9jjIZb+3mNuFxkuWBJwOepbJOSCSOvXjjFb6pc6iqWsEe4bdzMCCSOjEHByeu3u2cAVyktzPc3Lyxkhd244Ug7e4LZxnA7ZA7DHB+xf2J/iD8Ffhx8fPA3i/49+DpPHPww0vUfM8R+Fw5U31vlcyFS2ZET5SUBCkAdMUswxEsvy/FYylhquLqYehUqww1FR9rW9nFSVOneycp2srtauy8tMNQjiK9KlKSpqrKMXJ7RTlHX0s7uz206M+XF8NaogV20y7MQbHmmGRwVVwSSwU7eh5Yjg/Njiv0E8PWstx8DNdBEgzpiRgHghIkwwIPPBPXtkdCuT+/wB+0N8Uv+CQfij9nL4g+JPgppGneGfiB4n0GefRPDp09DLp14Yv3dvHy3lsmMPJn5mXIzX4Y+DBY3fwj1ZnEk0Hk3ZZEGC0QydoAJ+UqwPfnoD1rxfDTjStxhRzKtisjx+STwNZYZUcdTcJVtE3KF0rpO6dvdTej1VuvO8teVfV0q8K6qxU/dt7sXyqzaaVrXeurWjtofmPeW5E7BiMAOMhsDqRz0PvgjkHjBJrFdHj+4WwuWIAB6Zz7Z7kgfiOK+lrtvhgLkrLpF0rqG80mRgQxY5KE9OST8uCOTiucvU+E5VwsGpQPuA+8ThSGJZcg57Yxk8EsD0r9QjJO0VeP/btl0T2krvTVvv5Hz6aT0i7q3o3pfROzaTtturtWvfybwzC93qKwrGx3EFRgZGSNwI6legyDwT3zx92v8EZZPCGm62wiERsopJ1Zg5YuTtYrklGQ9sg5AGSfu/MHgvS9AufGtnb6JJdPFMTFGJVJfLsPujAHfkkduPSv6LfB6fAPwT8FvD9nrOlWeu+JrrTIk1GK6B3/aVRWCFWwYgRtHIxknIwawxFahSUFODnKU+VW1Wjjp17p6aru3c7cPRnVjUdNVPcSk7J6pOOqV+7T3bST21t+S3gH4s/EP8AZ9ngS3R/EHgnUCBe+H9UikmsprYnbKYRKWSJimQpB5Y4IJwR71qnw0+C/wC0rp83iv4S6jbeFfGwgabVPBV7OkAnuyoaQWYdgMFvukAg84xwB6T+0d8S/h9rvwj1rQ9A+G+m6XfwWiQx3sUaB7Mo5xLDIQTvYdQCDjr1r8hdL17V/DeqWt/pOoXOm30DQul1ZzNDIrhgRvZCpbOACWBAyQOM1zzpuKdSkvYynZ20SdrJSkldO60ulez0u9Dvo49e7Txcfb0U7NSTUoJJK8XvdWeqd9Oh7J8RPh9rXg/7VpOv6bdaZf2gEf72NxG+1iA8cpG1kKjcCpIIyTuHJ8hudN228YVVcrGoLMDw5OF2nswO05ADH+E88/c/hH9q/wAGeN9IPgj496BHq9s8S2dr4rtYY11O0baFjlkkGGkKggsXJbg+mKh8Vfs0TXei3fin4T6ra+PfDjx/aFgspEOpWMON4Sa2DeYXjX7xUDJzwMjGuHxC9rTp4lJNprmumpS91P3tLekn18javgVWhKtl8nKCd3TulUgla+ieq0ttd2b7nzf8H/2hviv8HdVE/hbXLm50+OXEugag0tzp8qA/MohdnVCegO7Hvnbj9OPhV/wUG+Hfiq7i0/4gWE3gvV5AsMl5Cf8AiXSTYGW8wBRHmQ5+7yuM521+TNv4WuYNYms7iCS2ulnZZYJ42ieNlzujdGGSwIIyD1znjpzepaEYtXaBoQf3z53EYVgPvD0I9RjBOeDXHjMtw2JkpNWad1KNtNVv5+u+nmjuwGf5nlkVT55Sp6N0q15RsklZJ6xuu3e22/8ATLZXXhrxrZHWNN1DS/EFjJbq1te2c8RuYVYDYweJi4dQQSWAI/iweK6DS7nXdDspf7PvovEdkCFfSNUIaeNCo+SCVwCwXBwvJI/2iFr+cDwH49+I/gG7k1Dwd4m1PTJbcqWtBPLJZTIirhZIWdlKt2AUY+lfon8F/wDgoRp6vb6N8aNCazjKRRL4l0iIuAygKJri2XDZzy2SVB+bnivDxuS4qlFzw3vqydm9Uk4vRaNu2m+/TqfbZbxVl2OUYYprD1LJNSt7Pm91aNqyu+7XVb3R+hmteEvh545g8nWbZfCuuTqfJEyfZJvNOctHdKiq69NpOSQAcg9Pnfxl+zl4y0OOW70n7N4v0jymkjjlCfa/JC5HlyLnzDj1wQewJGfp7w98QfhZ8WtHs7jw/wCIdF8SWTAIR58MV9CGHyh1JWRXQ4BAyRtB7jFCWLxL4RvppPDWrXNxZxMHXRtTYzWUyEgHyZG3BU7YLcd8mvMp5jjMNCNOfPBwavzOXKm+W3eytv000Wtj2quRYDM6U58tKcZWkqlNwctUraxvZd07rfW5+Q3xS+GMd/e6Sg019IvYHkW50+9Ro33HOVjkYAHGCQQcEDjuT4xf/Du406Vf3ckCsxOJAdj84BR8EEHBxnv04GK/crW/EHw98VxHTPij4MXTbncqQ6lHbiSBS2MtFcxqGjCnk5zxnGDyPLPEv7LGmazC+q/DrW4NVsnXfDpl1KtwpQqSsYlJDRkqc4CkgADkEivqMHnMI0YqsnGU2m5WT0bSeq1V7u97aPufE5lwPWtOeEftFG7UHpNbc1nrrpfdp202Pxr/AOEYnt5XkMT8E4+UqQVOOARzn1zn2zxWfdeGpbn7Y/lR9EyJVLEkAkgnnnk5wBg56civvzxp8F9a0ASQ+IfDmoaW0chVLmKJ5LM/NgsjqqsUxjGRj3IINeA3HhILqOpWqXIljCLIoJ2uMAEjBA3N7ZPTA6gV61PFUK1NKPLK7V7PbRaNWtprrbpfe1/hK+WZhl9aXtqVWEel4tLS17aJ6uz0810PmTTtb8YeCL6O98J6/rGgXMMm8tYXlwkW5SSuUD7MZ+6CpzkZ42ivtP4af8FK/jT4MgtdF8cWGl/EPw8qLDOmp2yPetbqdrr5zg7mK5UgLk5wAOSfB9d8GSW6yyeQsqOrEEDtk5D4XgkHA5znGDnBrzm+8JZiyIVwQxA4Bz14PYjv1yDk5OK5a+W4XEKSq0otuzTtaVk1azXvdd76WvdXO/A53jMK1FVZSS0cJ6rz0le6dut35u2n686F8Yv2F/2k7SSx8XWC/C/xTqiCMvCg0+H7W6qAxnChZ13HIHHA5Irmvif+wtqdnbWus/CrxRo/j/w/9lEtlBDPb/2h9nVdyoAkjtM2OCPlJOcqCc1+SukeAL7Xtf0bSrRXS41G9jtYHQZCORkHeCOAB/C2cgjg4r2jw94l+OXwc1ea30TxB4h02DSLpkCCa4uLCURt3jdmCocdMEEdeOa82GW4vCOUsDXqWX2Kjco2XLo225Lbaz6+p7E82y7GxhDMcNTi2rqrTSjUVuS7a0XfpbTrds2fFHw21zwfc3Vr4l8N32j3ig5W+tJI1YA8c7Sgzt4OVByB97rxjeEILmSGeMQpJLC7AqQyBQoOG7qRj5cjcDg44Ar7V8N/tza3qMSaR8Zfh/onjbTZIhHLdtp8a3RU/wDLbeU8xmxzy3UjPat2XS/2U/jFPbyeGfEd/wDDbWJXHm2N9Ax06OZuQIhuAWNWH3gRjrjk12UcdiacXHGYez0SqQ95P4bO2638unqcUsmwWJftMvxkJXaapVGoTumrJaapXtdJPo+jPn/9n3wDY+I/D/iuzv7sW01jqJkt3ucRwswJXJZgFYEH5VLfNznjJrpPGH7OniOxF3faZdWet2EsKytFpvlPLEHGcBVJYOeD05U89a948G/sseMoIfFcXhjxlofifQb8je2i3sSXsq5wkkcYbfC23r9MehrsvAX7FnxTu9dWRfijJ4LtLIxzm0v5ZJZJkXDNE+87XLKTjBGM+pArvo5lg4UW43lLXms1GUbOzfvb+l/NPod+DyHFzq0qapTk3KKi4+9G7SX4c2zsraWXT8ufEnw68QaI4km0G9SKRvlnktmUg7lVgxVWO4AdWHJ6DmuMuvDq26XzR481bOVpN6nchZMFCGVSpHcZYg9QMYr+oHR/2fvAsPh63HibVdD1zULMKb29a6tt9xImC0r2ZOACDhlBJPUNuGK/Jj9vbwp8I/B3jXS1+HWo6dd/2rocn9rWOkIqwWV0pOWljRsbyRzwozng4+Yp4/DTqxprm5ZJNzd/dTWrT3ve1r3S6aI/SsF4d4rEYaNanNKpePPTaUWubpG+stWtGn92p+UEHhm/ltogsACEOVZud+RkBTtPr7c/jUkfhLUgq7rKRj82cqGGCeCQMdBkjPr6EY9j0DRdV1W0jh0Sy1TVdQgP/HnY2M13sic4EjRwxyOqEdi3XJ43V01n8LvibbsLw6PqSwXIcx28qi3LBXJdBG+HVxn7pAIAJ65Y+tBYKpGm6dWU52i5RjJXj7sN09N24tWvbo+ns4jwZ4gp4OljqeXYurh6kIz9pCk+XWMVe7STje60ta2l9z5+HhTU0kXFldsWIVNsB25IPIYDBA/i5wQAMelLXtDvbCzf7TaTxlrqFA7RlGL7gQgBB4wSc5PP6fQq6p410TUfsclj5Z3GGO2u4BuV1bb8shTaxzjGCTg9hjHI+Pb/AFLU9Pso9UVY7iLVIwwSMBVB7SMoO7GQOMY4IHQ1DjhpOdq0ubm5bONrSSWilf3k0279T4XOeDK2U0pVMVh8TRnHRqtRqRjdJaKTSVrPo7pLzPAnt8XUvniSNwy7SykLuGMg5A7ZAPzYzySDxrxxTJENkhKZ3HaPmwOuVIyBxzjnnjGa+mLH4k/DrQtNfS9R+GVjrupRLF/xNJ5fLaSXYMu6hSTuJ4JPU5PXNdXafHT4WrBAs/wP0uR/kjlbz1USqcZxkAg4BUduc8kV9Hl+VUarpN46FL2ijZWlpJuKfNa+qW6TTd/u/IczrRw8qnJh5VGm9YqKUmnFWu5W0tfpdX7s+Pw10haS33GM4UsPlBz1AJ5yOcAZzkZHrk3rXEur2HmCQhQFUOTkEuoAwV789QcDrg1+keheNP2d9b0vUtU1/wCD97pdpFA6276fcEx/aljbqxX+AjIHPOef7vwD4uutAv8AxpNc+HIbq00VtQt5LWC7O+ZIy/3GYcEAMpAxjA9Riu7iHIVk+HoVPrNOuq65oxhdPl0fNZrVN666666M+PynOYZnjcVh4YXEYf6vPlk6iXI5JxT5Zq6srNrTazWwaPbGS71NZR5ardDaXUDGF6EnjOcYIA4ydowDXVC3tmAy+ACMk84ZRwM4PXqehHJ6cDEjlAvdTQFwHulKEkLkBSOff/6/97J6C1tjcGO3gJ3OVJVl5BPJO49CemO2PXivAwNKVSjHlXM7rRrW+isrJ2SennonqLN8RTw+InKpUhGMYp3k1Gysm21e2nV3Vui0ZraNYR3V5a2bDebiZIYuefMlbYqAA/NhiCcAZ6nGc1+oXhfxT4W/Yy8BRtbWv9t/HLxRZWuoeGdaUqx8G290iyLPbhgVFwnBJwGyM5HNfOnwU/Zl+JGswf8ACzNZ0618PeCvCt1aalLqurYSO6t438wC3jYjzw2BgKTxtA6ZHX/FLwpa/FTxre61J4/0i2intoYdMe7YJHBbwqEjhjJ2iGP5eh/ukFule2sNDC0JTxNKKqSaVONRWdnZXcW3ZK177O+7sfh3EOeYjiPPcFk+X46pHJsJz1s3qYX2ko1ZxcfY4SVSCaUW051EpX0Se7PLfHH7VPxs8b+INR17x74v1TxjqdxD9mW61icXH2RSoXFupwECKcDaNvTqa+LvGPjDxGvja6Nt4g1KA3FskzJa3DwwBmAYny1baBuYZwPf5TX2rrP7PN14e0K91yTxn4Z1yS3DOkVtdI7Pn+CNQSXI7Ag44xgrz8F+NIntPG80TBRILSNHAzgEAfdAHTI49jgcAGvicXhKcMbCooJTnJcyh5uLtdaea6/I/duGs5q1coeFp1Z+ww0I+zjJSi4qNlG/wtvprslrvd+g+HfiF8QTJFDZ+LNX3H5Wjkk835eR0bJIJ4z6dNx5r220+KnxVslS1i1u0u4kj3Ml5ZwyNwM/NlcnGCDyAcg44BPgfgtY3vYZCoBxgDIDfeHPsDg+/AwME17hbwRsvm4ADZTBGThRlvQYA6AhiO57j6vBYGnXpK8ZK6tvpaytbe7u9d9ba3R8zmXFGNwVSUVWTSklayb7+aV3a7b6Wdxlz+0P43spVg1Twx4Y1VVQhmfTYkL85YZCj8uOpPAIzTf9pLQ3mC618ItAuBtKs0MSKxyOowGxnPt15JqpqmlWc6yFolwCeSAGGOpG0YwD8pXJzycFjlfFPEVlCjytCXBH7vAzwAeScqCMjHBHzHBzjgViMqdCHNCUlFJWTV9lFNauy06p30fUvLuLq2LkoyhCVt3y66We1uiXy123PZ5vjT8BtQjZdV+Fz2kkrYc2xOEy247SBnjBwcABiOnQc9LrX7JGt3knmWGsaLIYhuCsQgc8k5Oc5JGN3bgfer5xurVNrsQu7eDjHA6nIGe+ORx8uV5zkeU6jFt1qfChlBIYEdcZJIAAB6EjODzwM8j53EwdJxldTSa0k76aL077Wvdrc+9ynMPrXNGVOC01cUle1m0/LTW9/wA2fdA8E/su6rJiy8d6jp4ZMAXBJQbgOOv3gM5PIyOgzTT8DPgxqTEaR8WrOMEhY/tWBuycAFmbjngnnGDnnNfGFvbrJjdGpYBeQFB6LsXrggdD3x9a1GsVA3qXzwf3bFSSMnnacA846g44PbGUYVKiUoxWsldrRu1tNVr1Wmqund9dauPw1KbTi9O0pdLPayTSsr9NL+R9Wzfsv6VMrtpPxO8N3AXlBJPCjHJ4OWIyexOQctxxWLP+yl4yljaTTPEHh/UecIEvoFL9CCPnzggYPHseBmvmhYbpAfLu7uPJLArPIBtB7/Px6H6dOtaFpqniO2KNa65q1uFIACXVwqgAcYw+SDxjPHcA552cJqzVPRJ2Sa7x12S2s+nTqKnjcK1vvpdycbq6umrpb2Vvv219luv2YfipEkjxaVa3ixsV/wBGuEYuQNuFIboSOgwMc8Y55u6+BfxS08eZN4Pviq5DtGm4Dnb/AAkjuAD9MHJrFtvHvxFsJE+y+MNZRc9ftUxU89CC5JyeOh5OcV09v8aPi5ahUXxVdyxZBAuNzq3bnIO7c2Fzw3OOwyuW9k6cr31fyjZaPve++3qNYvCN/wARKyV1fS6UV3utOjv2Wxy0/wAP/F+m7TeeGNVgA3Hc1rI2ec56ZGMenOeeRmt19K1KSOxa6069TdAU2/YpR8oAAb7p465PY8j27ey/aF+KMDx/aH02/AUrtnto5MrgjuCDnr0PccHFfSvwi/avtdDDL8QfhxYeJBIsiW9zbW0KraowOTsMbZAbsCpJyCTgZ15eV3Uako6aRj2UXd6a9fNaCpzwVa0PrNOLcrpyaS3itdUtr7pn5yeI9PMeqWwaGVELsNjwyIcKy8DIGOAT+GAAK9BtpLO3tYooUaJ9q7nVsqAFHbAJwO5XAOe1fW3if9pT4Yf2/NPqPwc0bULC4lkktd1ukF0oYsduwj7q5yuSe2Rnipbf44/sz6pbH+1/g9eWMv3f9BfCKp7gdSe/GAM5rnoxSdWa5nJSd48msdmr6pLv8rWZ24zDwrQpRhXppR68ySkrxvytPbX5del/iK/kgnmYnljna6gI3bBJBOMkZGOevLHpmAAFjtZTnK7e+Twc44J5zjuPYV93ya7+xvrAjMvhzxHpL4+fZI7hSQcHd1xwSOuMjjnNTJ4O/Yw1MRmPxd4k0iWQ7gZFd1TJJwV5AxnpnB6e9awpKouZyUE7aODb1a663fe/RSe9zmlgZwguStCeid+e/wDKkr+miV9LJ3ufCEE0il8oVUEHOACSNuOM9cjrxnJJyKvLqNwZMqSA3yc4Oc5BzyDwMFhjOMHtg/cg+Cf7KOpErZfG6aweR8qLu2Yqqk555TkD8P5VoH9l34H3yqdG/aC8OO6YCpcKI2lJxjJZ+OMYPI+vfop0IJpc8bpK97rZRet1vu3dv0OPEYTFuKVP3m3de+m72SSWt+t9NX310+Bpbm5QEyO2wyEqw+8R/Fg5BxyF5HRcg9SNuy8QC0tY4GVicMRnneWGAW9xnO7sOc8la+23/Yw8PXv2gab8aPBUwVSUM17HG3mHlRguAQf7oHYHjofMdd/ZJ8YWcU8ula94Y1uKDehkt9Sg3SlSV3IoZmAJz8xwORnIqlRcb8klLnVkm9XZpre19ld9r9LWw9njY8qnFpK12ndtXi7adnba1/O1j4nvw09zM4UF/NdmGcBQ/QHAGFI6YJ+imuY1CNozCxRjuk5wB8x74J6+nTjsSea+tJ/2XPi1t82DRrWZZfuiC6RwxGcHaH7dQcrkZ+h848X/AAH+K2gw28upeEtQjiWQgyRruCkZYnAzwyjqCemM9h5dbDu75lrp06Xilf8A4N+vbX2KFWulCPJKzVru+6UVt10Wl9fyXkVvEWQFyVCodo3EE4wewPI3HnPOSOe86mRU2jzMn15Cg5B9c9MjAzkjpya6xfC2v2wIutE1IeWCPmtpdnIGQzBTxgE55A6AfNUf9nTRcvZSIGI+V4pQyeoXKlsZzkjA6ZHC1006Dha/WKaSemytflvo/Nu/ZaN5Va9TmalFpXTu77aNa6aa7enouV3SbEDF1fd1JBDLn+LA4LA8npweeKl3sBhc8Z55Oc5JOMA8nB9Sec5rfa2jRnzEoAGWGWAYbQBjcuBzjnPGRnA6RtBGFUhVAIIIVwSSwO0EDI5HGc55x9HGEXHZXbV73Vtt7t9LX33st7GCxLUuZcytbunZW12XSz08uhlRxwyrh8bmUk5jOMZ7N0IGcg445ye9JJZ223CSBcF+2A3GckkEAHI/i56kEE1ea3KmQKpQbRjBBPBxxjJAIHXPGee2KTI7jaN4G4bgRnOOB8x75Jwc5AOSOahUE7+5Fq100kntG/KlrpZ3ey1W2j1+t1HZKbTtZavTa+uv3tafczMks1JCrKdzEfMckPg/dwAQR24GVzk/KThhgMfAY71OCVG44POWG3pgDAx6jPpbkjZf3ZMm7OQMHA4POdvt15PzcDimmFwWIO1t2Cc8N74wT+QOOc5zisp4SFm/Z2tZpeStvu9NbbeXc3pYx6c07aK929HotLrRpJap26dLrLuzcwhmV2cMuN4JAAA+i8g8AgDI6HnFP02eZoRmSQFiQNsjryDkng5BHOcgj8ODYvI3MMrHLAKQQ2QRxwSPl46AEZ3DoMVR09mEShRjLEbgOScj5h9Pzx2G7NcTor2kYxi16678r9JW6N6d7at9sMRak5Ocmkla93F9nf8ALX0TZ1FtqN7bqNl/dxsDtUJPKuM/dICvg84+6QAc8d61oPGPiuxfNtrurRsoUhkupwAAAVIVmbAzjaW4xjP8QHO8hsqrNyGfABzgDBycEZzgjBz16CpSd8gYDazLkgdQuMDjkcgnp35yBW/1dLl9130d24pLbXe6t676a6Ww+up+7GfW6V2+q1d7be7svwVj0fSvjD8SLNlMfjHV4xgBC1wxIOQMEEnhcgYyTzznmvU9F+P/AMWUiMkPi6+DK5bEzBt4UE4GQVYkA5Azg5JzkGvmJBlt+1VwAdvU5HQjJY4JGcdGOcHdjHR2WqAQPE8LiQsSgzlVba3PTgspOQxOc54rmxGHqWj7G9pWTSb6cqu9r9mmrPffU7sNjG5NyqtNR0d/KNm7/J2Wm67n0/D+1b8WE+/qVvckuI2M1sGAAO0EEYUMT0GD64+Y53bP9sD4iQyi1uodLumXcSRDtLAgDactjaAxOeh6e9fIcF7DCjRTZeMhnCseS55UHjnaRnAAbqKq3FwHnSccB0AKoCAAozkntxyMjqTwCMVzvD14K75k3q7+Vluttk72+7pqsfO8f3yla/uuSu7OK200a9XufeNl+2X4pjuNlzoOnSFQADG6xgnOflbPXOeSc45J7Hai/bevgFW88LIzeYUJiuQp2Z6AEE4Az1II9eAR+eCXzKX3A7gzEuzfMAcAJkn0wR09R0zVXzmwwZ8sXJGDwp55x+OBgjrklhxXTSw1dwv7RpKzae91y73V3rpo9dNtjOea2bWkm2k1y9dN010S1a00WqsfoR4t/bD0XXNMttNuvDcsMkeo21zky72KxsCdr4wCRjaTuAIA7EV6d4e/a3+HtxFGL231u3AQJGMmTyikYBDN0A6ZDYxn7vWvyOvZZZHjkdm+VxwSc4B4I+93AOck5PA7DfgvJljCrIPLbGV6KCQMk5HUgHLHOeOOM1cKVSM3LncnFdN2vds9Lrr9m6S6voo5nJpS9nFKVla2unJorWsnpdLbfoz9krD9p/4YXsIT+3dQtpCwAM0RIVcnGTuHAHAU4AHockdOnx0+GtwipD47hjlcggzkomG5IOSfmXGSOnPGSQT+IbanPbNIRgkYXcGY9cg457kgnHAPBzkGpv7YnwoYIwVRtGAMkng5BA3DnB6nDAjgBdeaunb2jdulu9nqrdX87rzJ+vp2lKmvive1037u3mmuv3I/cm1+JXhPVcra+MdGkLgrmS6h3fIOXAbt07HBx1rSTV9Guo1db7QdQCnYN1xbMXbjGFOMc+pBYcc85/CldeaBw4eUEIRtSRl5J3fMQfTBOCMD3xWpb+KNShMYiu7tBzKCt3OoDdRkByDjsPyojUrrdzbSsmtEl7vR76bu2r38msXRkm5U1rdNKO+sbaavffzZ+4DaboVwwafRNJnLKWJgeAgjjk7HyCOx2nPXmsi48J+FLnc//CPpCq/MGgZwFOcE5VuDjAA/3RzkV+OFr8TvFloxEPiHV7MZ4K3kjAAcDbk8A9ADk8nGOtdFafHr4k2IKWvjHUcEgBJmMgPzEZ5GSp6/XH42sRiFF6ySd/hld3stm2td90uq1T1uFXCy+KEW7N7K+lk1drW7e22rXc/V648H+F5XWOBdTs/lBLJcSqo6EFcgqV6++Cc+lZ83g+2Q+VH4h1SMuMZMzMFXI2nnA6EDOMcZI5r81rb9qP4q2gYHV4LwAqC09uGBAIO35cc9uD16dTnprX9sHxxAoa6s9KuwqqpCQiMnk43E5K5yM9iQMknkL6/irpOpK+iTk9Y6p+83f3d9FutmNxwM96cUtLuyXSO67LTS3TV9D7r8R+G9Wt9D1mWz8UXYS202VirswWdVQ5jJbO4NjbjnOMDuRzHw+8Ga9d+HtPvbTxEkTXQO62mtleOMlmZs4IHbcTkZG0qMDn5euP20tQv9KvdM1LwtZsl1bNbNJE3MasArOo5+YAkj0ODyeK7r4e/tjaJoum2Wmy+FpnjtIzGHjkT51x8rYZcbgADnk4J/GoZniIV1OpPmiopaq6d+W7svvu1Z6395FzwmArU1Tg0m7d7bLTez3/DpY+vbPwN42+UjWtIvEzhUkgVWwABtwSTjjJPzEcADNVL3wX4zX5WsNDvNznosYLAZALZABBGfQjnknp51Y/tl/Dp5Y2m0jVbKQqS7YWUZPJ4OMDIOMkDJPy10lt+1t8KLplkfUdTtpvM+RmtvlVRnIIDDoCRjv1HQiuqOfte7ONPljpFuGq2ve+3ppZ/M4v7Dw9uWMo62ulNXWzSbdnfS9rW1SJZvCvi2KQed4MtZ/wB4AjQQocgDJz8o3DjJwxPUDOKybnTLq2JS/wDA8MTM52SCwQlSPvE/KSTychSM5zu7j0Ww/aX+E95hl8YCIcbRKDGVc4L+mVByCVK8cZbt08Pxr+G2pMjDxnossjOWiWSaOMjeDtyzhlJ7lcg55Y55OizPCzV5UqTd7t2S1XLdLbp6LfR2MnkMk0oTaVl5pWtfVSt11t8utvBJ4NB8tY77wbAMsXkd7R49w9SoVht5y3JHOQCOaybnT/hzOrx3PhSFJGY7Wj82NSFxnb8oIIB6DoDnBwBX1MnxF8H6gG8vVfDlwFwgJntT5pOMDlBgHG4ng84PcCUeIfBd4ypNpGizomR5qfZDuz12MrBgTgfwg8+gzQsTgan/ADDUtLNOVlquVq3/AAd9eq1zeVVYtWxLTfTma3a1Sbet9L6vqtEz4/k8I/Ce72IulalbSthS0M5AU4JO0MORgcDBHIxUcvw3+F0kZVNS1e0bBVdzFymMYyOoxj15BbnJNfYq2nwzvpYZD4atdoJVmQqAGxnJAkO3nPIzyc5z0ivfDHw0lLAeHplLfM3kuCBgcBtrEdR1CgnaASQStHtMDKPLKlSas1y8l3rZWW9vNr59hSy/GRT5aykkle75n0s3ZadLPmfbe9vh+++GnhKW0mNl4kvUaNWjiE0O4bXG0ncSOccEYP0AwD4H4U+Fseg/E61vItcSeG2uGZfOQKLl5QW2hQ5DEHqe33SAcV+pE3w7+FF5CyzwXFqzDcCJipJP94Z5xxnIIx+nj+o/BD4ev4xhm0fV57Q20JvJIJpCySkcIiHIAB55AzkHpWaoZa0mqEIybTv7y10XwrVXe/RtX16FPDYyk/iTT8rtp23V977vvezVtKR1DxPcSApFBZqWBZiwLQ8naD128Hg7QcYyCc1DNZa1csUuta+8xd9mdqgYGSQOCOCMjkL0OK+qfD/7Iv7QfiaRN/hvRvD1rMylp9S1WJZlUA5/dvy5xjgEE4wBjFfQHhf/AIJ6alPIJvG3xUsrKM48/T9JszJMuOqLOCVyQdqnGPqDgfsOB8NOLMylHly7FUo6JzxLjQVtE9KnK2lZbJ311ufzlxD9Izwk4XhJYrivLMRVSuqWXOWOqTtyq0Vh4zV1tZted9T81DpGnLEou7+4uHyVDFysJwM7mDEjaMjOe+B0HMSTeG7H7kH2p5CEG1Hcl2JLLmNTwSOTt4IA5z837beHf2JP2ZfDEUUviK68QeJZIxuc6nex29u5H3gybkbaTnIz0JHQmvS4r39iv4TQAReCPhxbyQsNt1qt5bT3CuoPzlJJJAxAHIwVz05yK+ww3gxmFCKnmWPwGEho26lRu3wa3k4Ruu/P53u2j8Xx/wBNjhOviZ4XhrhvibPa3Ny0/q+BnCnOV48vwqrUtva1PRaWuj8G7HTNf1kxweHvBur6mWxsjtdLuXUKe8cnlDJfGMhsjoSTxXrnhT9nH9pbxVcZ0H4T6pZxTKxhudXtzaQDOQXLOBkYGTnjnscrX6qeJf8AgoX+zD4ODQaVqHhrzIhtitvDmh20xXywQEVoodzHIOGVh8wyOgr558Rf8FaNCDPbeEPAfiXXVIKwPMh0y1z84DbCo+QkfMMnjBx8xz1x4P8AD7KWv7Y4kw05Je9HDVqLk9I6KNP2023ZW2vbp08ip46fSB4ocv8AVDwjxuEoza9lic2o4uCUXa0pOvHCUk7PXVp6eq4Dwp/wTj/aY8QyJN4j1rwx4StmQb1ju47iaEAgtshUg8DB4OFJGQW4PvWh/wDBMXRLBI28c/Gm+1CRGYywaXCID8x+eNZAT8oO4AqMdh8xAHyL4k/4KQftAeI3nPh7wjoXhqFhhZNRuzcTRITgMFUqcjGSBkgjJzxXgfiT9pP9pfxO23VPik+lwzsQ0OhxugVXAyqtyV2jq2c4HHQZxnn/AIMZN7tKjjM1qQafvRqJNpx05q1WlBbfy2s72M1wt9MvjCaliM1yThLC1dHGnOnOrCMuV3th6OIqXinZL2yd7p7pn7C6b+xT+yb4Kxc65JqeuSRjMj6/rUSwOy8kvCZFYLxnBxx6gc6z+Kv2K/hWytZ6d8KtNuLRNoubia3vrrC/dHluZNzbgCc5JOBjivwcvf8AhLfEThtb8X+M/EEpcGWV7+7SFif4iqSqu0knrgkfLgCrNp8PtK80m+sLGFsAmbWNRZt2eVLCaRihzgsDkkE5xnNebiPGzhTLW4ZHwrgYNO0Z4r2PNdOLu1Sp871V/wCJe+tj2cJ9EXxLz9xq8b+MGe4tyX76hlrxFKn71rxi8RipRUbO3+7p62Ss7H7L+Jf+CkHwA8KRta+HtS06+EO4LB4c8ORbSycACSKBWGQQAeAOOO1fOniX/gqTqmo+b/wingTxJqkTAmJ9RuJLS2dckKTCVB2gjHBGB8ozX59TaX4O0UA3Gs+HLKT5gf7PgjulUgZDDywCGAGO2TgZzyMKbxl4CsovLgm1fVZU3tiBBaWz5I3ABhkKwHqOxHv83jfpAcS17xy7DZdgY30nh8HzysrX5XWc43WzfLruff5F9B/wzwco187xXEHEFV2c3mOa1YQm3Zu9PCxot28qj0e7PrLV/wBvj9ovxCksmj6L4Z8LRjfhrhGubiKNnVdwO/5mwcggEDaSDmvGNe+O37RvjFpU1X4taxbRFD/o2iK1tEytkhIymC3Vlxv657jI8Xl+JOmQo/8AZnhe3RnLosl5KZmEeDhSob5gG24BH93BPNc5c/EjxFJE8ME1rYRHolnAu+IAZzuIY5zgEKcd+BXwuY+KnHGZSca2a4tJ292lU9hFX5X8NBQWib317LqfsuRfRz8H+HXTlguC8m54JctathI4qpdcrT58U60m13bvo3smz0Wfw74o1qdb3xBrXi7WnlDb31bVLiKAOfmAYPKq4OP1yAcUsXhXwzayLJeXmg6U8fLedcLe3BIJDAAljyQeOpGMtya8Qv8AxNrepfLeavfyjJcq1wyRkKAVCBCoO7AHcc84FY0ckkrM8uMFSf3pJ5zgkFyeR1Jx0JIH935LEZxnmNfPicdXnJ7udadRu9nrzv8AW6ezR+rZdw3w7lVNUsvynA4WMUko0MNSpQVuXRKnGKtppbTf1f0TJ4h+HmjzOkupXmpsqfOllEsELZ+8mFDZHXkYJH3snOcO7+KXhzTrp30fwkkkYUhDezMQrPx5hQkHnrjHPHTNeEXLksAm5SdrEscFugbHTgHkHj6nAzV5MhMmPmVjtbOc84P4npwWGemK4PZzb5qtac23dNydrtK63V/NX/4PtxnTpRtTo0qaX8sUu3a13e+1ntvZ39Pufi9rUzSRWtvpunRkEBLe3G4g9HHBy3y44PPT0rn7nxr4k1HKzaneGLcCgRvLAIPAwoXB787gOCQQSRwdv5BuHZGjIVSNrcAHcRuz788cdOgFaEV1AuI9w+U7m3EKoPzZwe+eMYAOcjPrLp01/K7rS99/ddn5u1tvyBV6krRTteyVkntZLS9npbS/deusb67lRmmnuXVny3mTybQRhS2CRnGTlc4xjAGdpy5HUZiVwJG3srctu785O4AHk5Xkn+/zVO51mCPCiSTAPK4JTkEgA4wSR0PPJxgnFYja+GkLRxk9V+bBOMgNgj5emNxwcg84pXgnolZJNNJPsraJWs+226Dnqbc0r6d3fs7RV2rW2e2109OoE6oqojs0jYZmUHaMZyccdQBlhzk7ieuJUurfcHOTKQfldhjHfBJ7gc4zgdt2TXFvq0jP8qlY8EE5GdxGOvc57cdCADVZ7y4YbkwCOm1dwxz8wPIx68dc5IHAj2ys2lHfRXVtOXRXeqv9lJW77madWUnpbsuj03j0duy/W53clyu1gs0YBIfbkZDDOQMjPRjkZPPPOKjfU4FRjG0mSpQpwNzHr83UDGSBwABjGK4dTcyoSwLHPU7h9FGeg5Oeo5IPTB1YtOupNqCIsW+Y/eZ8cH5Qoyf4j049MdcpY3lWiVlu20n0W7su23RX8jaFKqm7Rbuk7O71suzvtb7nr20n1QrHtjKnG3gtnBU5GBjAJJyeME4x1qpPq92QcMBuAYlFGM5x14wOPlIGMjOBwa0rXwlrMpJFhOYmZQhkRkVyxwCHdSuBj0B6HIAzVhfC19bxObm3eNY3wN7BVY5AwGY4+UZxnk4YDgiuaeY0kryqwVtX7yVm7XbSt0tvfV+TNYYXEznaNKUb2726PbquvT0SaOQuNSkAw0rMSvCnPB5ySMKQGHOcAnIycmqpvZSOZNg8vLqAQSSSARnPzAbcEkYOcAEZrt28KtJ5cpVY0IaNkizNKWIyCqRgt3OQFxj06Vi6v4VvLbZm2m8pyoSZo3DSDrxwHGB1A5AxkZJrljmNGtNU6VaEp6LlU4t+8o6pXellutNOmppPLcTSp+0qUpxi0veaajK/L7t2vtWs7b6q2uvKPKWA5J2gA/eBcMexxx/hkD3lSKeQosSAgggIvLdeh5yTyCRgd+MYrQt9GubmQQAeUhYKJGXaSEPJP8Wcg5wOO+ep76w0mws2KeXmVUUK5G4EsANwGDwc9QOTuIByAN406lRtpzd7aXa3XZXuumnkRSwzatyq2id9/nprtrtbyaOVttEuJUyqH+EMZc4yeD8zZJJ56nsMH0vwaLIpkBdEYPhkwW+7g555AxyfTjGMAV6MiQ/ZG2j51IXA2kNtP3+xHU4x3GRnrVBbaBDJJksz5beAMhRk4JbjrxyTzkkkEVtHDTitP5W10aeiWut763jZ63dnfTp9nTilaUW2raaauyS2svJXfmtjkDpVrCp/eM7sFJIJKqfU4Dd9wHvyBwK5fU7w2DskMLyOzMQF2kHGfyJ4yCeCPrXoE+4KyKB8x5bI2AHkAn+LjOccnk8AccVfW05kYDaF3Y+Zc7gwwQvcrzxjHOc9qwnCUdlrppZ6aRd9WtNW+67O1nKhHRJJu3TdXUVezabXXTXW1n08r8R6t4jbc1ttg8tC+0Ljr0JxwcBiOCAeR0HHjV3c6/q87RPeXDPvKlQ5RA3IPCkZHbHfk+9fQOsW7FJk8rDCOQsW6OoAwAclgeuM568dSR4xp0ATVohljvnYFST3bA5I564JABUZI6VyupUi2mryWrlZXd7R8vdurafqYTw8XOLctG2uiSu1+ujaS1TstbmRF4N1K6b94V67S7uxyx6hiSSSBk45yQc9s3D4DmUqjSRBjwCAT2LE8EAZGCvXr1617OumSoqgL8x6/NkfKc85746nOc9D2pZLKQRhvL2hPmdivDLnGRnv15+nHrn7Sfps9Fbt2a09d/nY6lhqbS5lfRLTpay7W0XTTa3mvHh4EljD+ZcIUC7sDkkYByPUdDyMfQ9L2m+BIb12jNxgxnYeGAbGCcN+YIAPUHOea9WFmTBPKQWBAZWA3bQ5XI+UDsMgHgDjutN0iJI7u4EW9vkU4HZwM55GAQTgY9c1lee1207aWtpdNbrVemt0l3s44SnBq8ea7uu6V1bytbS2mrts0cbD8N7EI3mTsSQVQqMjIGOB/EOO+cnJAwPm0IfhxpbAITMzghcAYOd3OQDgf4tkZ7epJbykQbgvGCCACQCR1OCD0GSOn/AgK0o7dfMVghRmYYckEbsYAYDPphioPrnpjSLktN+vSTtZb6q3fu9LdjojSpp2cEk0tk9rrXRrp5rbyseXxfD3RoggaFywbG4nIYD+Jj0B7nnH1HFblt4L0uEAGzil2OWB24zjoMnjrxyTz7V6VHZwkueXfnLEjaRng4OACM4A+7jgfN0uRaersisV2KVBA4B+fpkHlc4Bck4xlSKrlbs0rv57qyt6Xs02+t9k7twhCyilvtppsm+tu+/ZWXXkbXw/axxhILaCMjBKhFLDn5VJIPA9s4ySAMGt2LR9scf7gA7yCzKDxyD06EAE+vbjrXT/AGaGOULGEUbgWAXJXAzk5HbB4xkc89K3jChhjYYJYErn5gx5PKHnjnpgYP41vGLSuum9trNxtv5Xat89UQ5Jray0v0/O61WvZpPRLU5rR7GOKN9oZSxKOmQCxyQDyucDjgfd7HpXsvh3TdsUZBc/MhkiLYQAEcgHJIPI5IIxgA1y+j6crLJISpJwQDxg/e2jPHsT0ycZOcV654fhUwqfLTcRl2HG4Djoe46g8+oNehhabbW0VotVZ7rZb20WnTv24sXVapx5ba31ir31Wm+ujXyXkS6kghs5uAkSKXXA3PuKBBtyegIG04z2HXjzd70NNbRuZCAwfcRtDNuxg8A7cg/jggjJA9V1eF3t5H2BUlUqAVyRtBCg5J77TjAyMd/u+ZyWQmvbBZH2yPOqFcL93eDls8BRyfQHI64r2MK0qkVJpK6indd46LolZ2u7v01t5M7tPu180/dvzPvbdre909dPqbRnnl06xSXeoFrCWXIyRtXBJHGQOcZ6Zx61quqsxWPcUHOc8gD7oA6fTv2zxXBy+J9L0ayhju71UaONUkw4zhUCjPJwDgYyeCfZRXDX/wAbvDNkDDDcSzEgqQmSOo6Mev4EZPIHQ19VUx2CoUoc1WCaik0mm3ZR2V9bXd7PS3a55dOniarcVTlZSdm7tO8lbW19LpX3030PYb1Hl8xVckDDjJwzDaSFUgZIJ46EcYyelc1KGLk52BEP7s4VcA/MSfunIORjn1zXgl98cWZnFjYkRsB5RlPOT3OeSD/F0H3iAoPHnOt/GPVLeJpJbyKzQqxaMHD/AHgxRQPmIOeAM8Ffm7V5VXOsJFqVKTqSTurK+/Ktb69t/Lo2e3hsBWtGVSailZty1e6v5a266b9Gr/TV1qy2Y8zMZKzYZQVLiPJLEsSMADg5+X15BFe7fCv4e6N8QrabWL3V9O8LafbyLJDqVxBHcvcSRE+ZAiDks/PzYIB69cD8gtf+MF/fiQ6fLP5jhgzuzYKYIKqucDJGeMD5uCQDiHw58f8A4l+GIIoNN1u9WxVyy2e/ECsWUsVVlYZb+JuSBgAgDny459H63RrSjUpxpzi26VnOXK43V18Kffzvda29KOLqYSLjh5xlKKSvJe6muVtu1tEnr1876P8AoU8IfArQfFUOu3Wg3HizW9XhfyrU2NisNhdtCN+8Of4Sq8Dg443cHPz9c33g5vEGqaRLqOsaHP4bu5rXUrTUZo0nl1FGKy7Q3JjQgsRkDA4wCMfnD4d/bi+O/hiOdfDnie60w3Vu0UgglYRruGC6KpUrKFOWZcdR24r508T/ABN8T+JdQu9X1PWLqe/vrh7y8uxLKstzdSktK8jKwyck5/Pvmv2DE+MsaWXZbh8mlmWHr4am6eJft7U5e7Gzg25csn1VrJPS+58XlNHiCGZZrXzfE4LH4LE1FLAUvYr2lFX1U3ZX0dt23y2drWP151KP4Q6/rRbV/iNPZ2tsu2a8uLkeVvUfNCnlhQAo4y3THOMis+HxL+yok72S/E6Ay2LN501zdnbkEArGDgPu5AznnIByRX41TeK9UaNopdWnSHJIRmyCW4YksSSTnGWOTnJrlbh9LkdpZGy8jD5o1AWQnJBcg4J4PHIGc4AGa+PzPxLxeMvNUpzqTd6tXEYitVnUWmus1G2+ytZtKyWn02W4rFYSrOc6sKsZO0KcaNOlGC91JJxTb5Y7bJq9lZNn7dH4hfsw2F27QfECV7c/IRp1o04Ug5O4jJOeW+8vRjjPS/L8SP2b9Ttr2Cz8aSaXAID5eoXmhPPdTyqpKiAF12MTxu7dRmvxMtNXtdOiZYJlVSCznAO4ZAXdkMevK4xnnnGMrceMbnb5MV2zoqAjcAcfKwBUsOvPLD8zivisbxDisZUdWq3CCSSpQuo/Zuk7p6vfXXS71Z60s2m4qLjTve7bUXdWTa3u+ZpbK+t77I+5Pit4q+FEHhy+ns7+fxD4ou7i4h0+SSMwItpuYRyNEMY3JhjknHsOnwJqN3PeS3Dxwgh5PuKp2ep2+y8cDofxznW94dRulFzcsEBdnkdmwBnIUEgYBx+OTx8pNdtb6hottFLHHGiuihRLgZ5wSwz13YGc8kFhgDJPydad6jqOneUmm7XfLZK97t2d3fbt3uvLxGI9u07KNlytXS1Wrb2avda2u7rfQ87kkfzGjCAHGHIwcADJOezDOCfw56DOlDFyEIBxkluqnJxnnqccAc+npWnqF6stxNNBhVZz5YQAnG7D5APpyT0OdvGQazpCpyMqpZQVZsY4yDxwcdO+cccE80rtX3u0+1r6pebVuvTbsc19ru6vp5aqy89ddd1d+sUiF1Ku6iQkEL1OB7deuScZPOcerih4CqOMAg8nGfm6+4JP07/epWKKd+5Q2DjnIbIAyFyeRx3z2AAAxE9xHjCtzgKXPyj0GM9cHI28/TFDjKWlrddm01eOz6300Vttd7pXbavFXtr6JxbV9N77XWxbdl8xERMMFAY5JyO6joSegOO/PIzVSaKS5/1UZJRQCMbsBTk5I6MOMYHsQelLJKhOIzl8J7gkn5mx9O3Q8ds1ctNSS0VhGgYuWVzgbSCAOjAg4I69FJ9hQnbS65k7NdHqtb9bKy3u+937rSjKSV7WfVvS9k23rrZJc3q9yjBZTTYZBKzE7UGzOSCc4AJI6HII6AYPPPbaH4a1W+laB7WXaBHgFdpAYgDOQdwyc4z1PWtHQPEehafPE1xaNMrbTIwUBlY8OoyCDuI9OM7ee3tngv4meHxrsKXGm2MFlFcQzx3FyoOVgZXRJR/EGKgEehPU9Ma1WSi+SF33XW1le6ul6tW0utXc3hCEpWc1Hokk10TVtLarRNpataJM8qufB15pjKt/pl3p0iLn7RdwSJG8b/dkjLqNwOBtI4IIIAU8tnsrey06R3dwzv5ce5WySDguB0YZIIPA6jjrX0V+0v8AtCH4qT6LAtjpOk2+j2UVpb2+k2yRC5jt9qJJLIijezIoYqcnJIJzjPyzqXjSS+sVsjbxIYwI1m2qMDkkqMctnhi3f0xiuSm61RxlOKSejV07P3VpZq+itre2tvKpOnTbSlzaaNapu6/lau+l7LdLm6lqw1CG0HlWqEXRfJeM7nbHXAxkcEEgY69O1XbjU5LiZBdJMVUEY6/OARyerOcnJzjk157p+oy21yJiASpfaSQCFbdh8njqOMZ4zjpXa6dq0IieS7RGdiX8xmGQpwOB3684A46HINazoPSSinJ21srr4ervvbReVrd1e6vZWa10smla+9n9qyv82WDFLcyRRWtq8iHccMhLHkn7x52kcjkcYI7ZwZ5Yo7ow3EZXYWGwAgqQM7ctxj1wOeepFek+GdaJnaMRRyEsQjbB5kaYO3YCBy2B1HPTjGKwPEdg17fvPFE0MjmQSscERk5w74G0bjg7Rg5PTvXPTqtVfZzSikrprbprt36q3XXYylZe6m0m1dRu0lo12Tvb5X8tbvw7v7dfHHhBI1XC+ILADqAwa4Q4APoTgDAJOeDzj9rLp3+03TLwPNAwTk4Ma8A4B7HJz6nggV+JfgS1W28ceEw7KSviDTySVJZ/9Kj5ycY/IZxz0r9sL0gSz5bGHUEgesSc8c5zkHHTGeODX1/Dk17aqk9JRi7yWt1bbr2vo+rato5qaUG2tVNJNaJaR0t566XXr1UWn7XZQSNwcqvPqxycZ7kH078FuT7R4dgUxxmMqWEa57fMSeCTnnqQRg+uOleH2GEk6/OsmACeSSThzyRkY6ZGTjpgmvaPDsu1TtY79i8nIBYj7w9xjcADxwOoxX0+KbdCV22nHVJt9EtdL3Wt9Xdd9THC+/UipR5bNNR06JXsk37umnY7GaJlsbjKgNgAtuAJAYtjqec9Mg+vXOKVqUcK+7AROMkkk8jBbsR0AxySM9MGW4AktJ13sX2qx5JQ8/MeuccjGSc49gtUrBCApZg/AyoBw2D09uo5Gc85FfEzn+8k9/e0v10Tv3WrSfW++h6VWMvc5XKem/8AKnZ21euul7O61S2NNhvik4IPy8gHIGQQTg5J4IOSACNx6ivx3/4KCof+Fs6Oiqzq+gWoJIYkHrhcenHAUdeh5r9j5mURFhhCxHU5J5CgH35POOT2PNfkV/wUE8s/FLQGDEkaHAXJAXgDPUdz057H1qptqlJ9WovSyfdJbqy63v106FxjeEm001y3d3rdp310+F3+V1vY+C7WRYRFEy9yGyeE3Z5z1DZwDyDwRk5xXpXhq8a5kOkPdf6PceWnljLIASMyF8g4U8BTkgg5NcPHa28xWWNwPOYxjMmVQ5wC4PQAbsEHgDjBxXWadYXGjTxXUUkc0swUqI03BOeWJ98c8cc14GKnFQbe7+G6+HWyfTztdPyS6qM+SpG3wp2ktL6ONtVq21fp8k7HuNm2jeFzF5EiD7OA88ofBmIzhCpycbsgqMZPHfFcp4m8bX+vTS7YNtpAjCN0G0HA4BYdzx269Bjk8Rqs8wdHun2tI2WOS0YVj1JB+6oOeP4SOoyDSv8AxNptlp32S2LG5OASBiJwSTubOcgEkHn0A44ryaFBSqKp71ScnZN3cU7qy1dklq31v01sd1TGScfZxUYR0d7q8lZaNX++y6O+hHFqmqz3sDQTMimUR+UpJQcAEuOwHJ59RgHHPcano+jRaOl5fTxXdwhEswklVgSdoaNVYkkfzxjBxXjEfihbC5kllgEhkICBRsXpkMCQAOnzHg49DlRjat4mudTaNNzwoGx5YY+WFJ64VccHJOc85xzkV6Tw05OMlJRitZLbWyvbTv1X3nNHF8iknFSk9r21acEm03otuz1XfS9rU2m/aHNlkFSXWMqQiBht2gDkYxkE9MfSq9leoFQyzskig7WDFkAzyAoJ56D17dQKx5mR9j7sl87mLAbwckg5Cng56tx/uiqpmWJtseeTtB+UqMAfKPQKeueM46ZNdSppx5W0+jbTXbda62d/VLTc503LWyi9rJKzXuvbSz1afo7po9r0jWIpLF459Ql87IEADEoqAZLHODlRkHJ9uMEVWi1YTThI7gOIXYszHBcjoOvAIGPcnPIzXmFveEKsTOFUMOg+9kfMGI75J6noMcY51VkRHBSUfMQWCjGFxhmxxzjrg4754wOaWEjdtrdLa91e21lbW12/Te5opS0Vtkm3qraqzvZWtZJ76aLay9vsNYEMAukiDSAhHXJk3p8wA7svQjkkH09Pd/hRBonxB8aabofiLQYxpkyxpHdq4toYXOwfv3zje33RnOcnBHFeC+BtY8OWlsq6opf96gmJIMkkLYyEU8rg45GMgZJBBNff/wCz34d8Ga3HrtppthHqNzKkV9ZMHP2iy2nzFkUqQw8tTkjkjGcncc+bKjyVZScXaOl2lZXS6dVpe9tN11PYy/D+3lTjzRe3NHR3uk2tr9LNpaW1T6/Tdr+y58LHjiktfBWmXDL8rGVzI0oVc+YGzhgxOAQR+YG7P1j9lj4X6qht/wDhCbCwk4UzQybCdnoxLMVyw654JIz2+nfD/grVo9NsbZdVuZ5RaLMzxTKzRxSciMocneOAR2wVNdLY+BNRuI3SS7u5VG4RpKwilZiDzu6YIHHQlsewq41oJqPtYtu11bmW0XbbR7pta3t/Nc+keUwcE3QWy0a3s1q7Lm7O6tb1Pgv/AIZD+H0Eo/4p2OTcGQCScbCo/iOcAYHAyBz6YzRH+yb4Bt38+TwvbypuAI+1cDGemDk+hDZOMgjsftqfwXcpM8ccNyRArCQPcbSS3GEzwTk43LjA5IGc1LpXgD7ZDuklaHbISIZHcbyAeSd21xjJ4GTjgDhR105w5XrFpJSjf7KVv5o3fo9b3t0RyVstppwjGmk24pJPpaPMm3HVrTR7b6bnxOP2WPh7M7PD4XsIIwMmN5B85XGeT0bocZKk4wVbJPK+KPhN8KfDEAtz4X06K9PMchcGRU6s3P3FyOc4A9zmv0+8PfDawNvOuovEjEgRGQSKdpJyoYn5Qw6HrnHPU1+U/wC21q2neE/ic+iaXOYba20qD7YA3O+RDu289/lOCQ2B1qcDXp4nEulFR+Fyk2lqk1oova97uUXbq+5y4/LY4HDe3ailOSio6KV3aW1lbbfSy3e18z4QeB/BPjP4mtoGq6Tp8mjsgdFYIfMVWG1FYcEOeAcnjjkV+pugfsx/BzTIo76HwXorXUaEKzwxOICoUqcsCrHgHPqeec5/JP8AZdv7Oa81rxG5eSbToooYJQWJTzSGDDJ78cdssoyFr73i+MPivTPGngjwhLfnUrXxDp9zeTbcRiL92WRHJ7IBg5IznOSvXfE4qMcW8OoxcYqLTSuouTilGVl3t362adrVldOlHDe3nCPPOajq46czSV73v7z0dvu0S9x8U2dhLc6Z4T0O0imnuLi0sbOwgjVFkuZ5Vht4Io4wDycZUDkDv1X9mtZ/4I7fDqD9mKw8deJ/Eus+Ffi3B4Rn8S6nqlqw/szTQLQ3kWl/Zj/eQqHkJXBYkj1/Iv8A4J76Mnxg/bi+Gvh/W5PtNnp/imTWrmB8PAYNJcukBDZDAkZ5GOAV5Bx/W5+3T460zw18EvGdldXkVlb6r4c1TTrCBJQJJ5Et2iiwgYHYFAUKRgDGDjAr884x4qzLL8VgMBl83CriKlJSaV24ynCKi30ilrLq7q90dVLDrF4mFmlSjf2mmnuqLSbWqs2lu079Hofxb/s++NfDdj4+1jRfFUNvcpDdarp9hrl5MEE1zayNBDIC42/OULkYyCSPavrT4/fFW18GfADxBrNpdw6m11Z3ug28IlEgC3i+WWjUnCKONjbSMjI9vyd8SaDdH4gaVaWN+0cN7qt1eMkbFTE7XDlwQpOWIGSxJyeSDg11P7TuvXsPwci0q0v9tudXiW5ZpjlGiI5wTnJOfpkHPcfpOFxcqmBdKo061SlC7TtzaRbsrWdntrd320Od0lBqcUnGlflcVbll7ktVZprb4m3aTVk0fvf+wh/wU08Ofs//APBNbxL4r1HSn1DXvhZqtzolvpVpatHC02pxj7LcTzRr886SSBnLEEBQQwBr+b7x3/wUO+Nv7VH7TNte+JvHGv3HhbUdamltNAuL2V9IsY5PmigW1DiMmIHG/azBgSewH0l+y78RfAd9+wd+0d8Ftf8AEWkaN4k8Q/aPEdgdauoY7i8axgDWv9mRuRLNLcOPLCISR1yeK/Fb4FJc2nxs8Ow+WI2j1CRNmwAMqgLvwcAb/wDWLk5HU81+X8O8G5ZiOJM4zPMcHPEYrDY9LAVMVFzp0KVSNObnhoyTgpym3eorSskrrZ+/mmc1cNgcvp4OqqbxVCMsbKk0qlRxUYKFRx97l5fs7W6XVz9T9dlMup3ZBaRzPMCShDMTKxO0gcDhjjJAHuCBDFErouSuSBtAHXGQevfHJI69sjC1Bqc6pe3Luw8wTNlhjAXfk8YBwBwehI4I4FWbaaOTDKRgEKQGG7JxyOe2c477h06j+hKUOWnTslZRiltpZJbdFtvofCSquVSW1r3u7aX5eje797dWvZvRM84+JsB/sq0DrhfOYFlBHykYIPOT0xnAzkY6EHL+FVsH0q9UEkfbG8olsDsSCeecYwCeM9elbHxIlUWVorMWRpJCyqAc4BBOehYn9emOaxPhZcKNL1AK27bfMsYVidpGQRgEZ46j05xnNZyi/aJtuz0j1Vmo3vZ377vdq3W0Q5pSbdkk49W3dKN1vba79X816jMjCHO0cKVAHJJU8Y6dcZP04znjNYDHzIolYqwZvlxxk4B/Hr1/lbnaRdhJIBDNlMcnBCjockN/d+bI45NV5N5C7txkcYBBBYMDyORgEjgg9+c4yCklfpyvay1e2i1trps1bzM5wt1vpsrb3V+rbdmkrR7Nu10er/BRnXxhAyorJg4UDhsn5uSRnke2f1H3Xco/lhkKtmMkrjnnIK52n5lDZyQMFQMkZr4a+DBB8XWZI2hVw2GwSR9/AB5OB9B6nivue5ZQMr91FL/NwxUjPOFHyg5yB1xnoDn08Or01K7teyVm77Nve70utbaX7pnNWbvBLS6fvJrRuzS7bvTp5vp5bq8Re6YKjM+0YUgEFlcZOQR77gM5xxwTntPC8PlzW+4lZHlgUhewZlB3DPUDjoAcDOK5rWZkjvFYEhgNxX7xIYgYODnJ4xnnr2PHS+HbsteWSxAbhNCzA5JOWHynjqBnkgjB4zXPjKc/Y1Ypcy5ZLRXkly2jayXn09b2TKw03z07O7UovW11blad9lbfZPTRWZ6J8Qf+CgGp+AfFkXwx0SRhHoem2NrFMW2BJTGFkJwRgAggnaeOMAkCs/UP2ttc8YzaFptx4hmSEyxXN3DFc7ln2srY2jqQBwCOc4OQCD+O37Xt5quj/G/xTdRM0MsiW0gVA2SGUkZ2kbRgjgsAVx2OD3f7EtpdeOviPf3Gs34e18P+H73VpkuWcwhoYnMKLuJAZmAA5BPvg1/Eue+FGQYOrmeaQwlOnXqV8RWm3CKcq1apzt30u3KSt8+rP6JyDj3M5V8HhqtRyhThRgo35V7OnGN3ok5aR11Wl0+59uftD/tBfGj4e65p/wARvgb8VNU+H3iDxAraRrMtnqCpJPZWybYkki5ATZxllzz8p+7XwL42/wCCif7eGtyDSLz9pPx7dW0TPHL9k1GRISASCTJEFwDyRg528Hpgc14n8Q+KvE/jbxFa7f7TmuPE11puiWQLSpbM0zQpGIycIHyM8jBAHTk8D4407xp8K9XvfD/iTwjZ6bevCl07XcKoJIpQHDRyOB5inPG0ZGG3YByP0XhDLMPleX4PLKzoYmtGlGapzUXPlmoyUVBrZJ2vfpq2fP8AGOKoZzmGIzWFGVBVJKM6sYtXlFRi5aJWb1er0fTXXxrx7+0D8dvFF48niz4n+N9ZnO9At3reovHcAFQSyCcIQx5wFGQ2Fx1PEWfjnxVfzJJqN5e300KLteea4kEf8WHSSR/lP8TYUgdOTgWPFGqx3d6Z72G0a4ZS6pbFcRluQvy8NwAOw4IPJGeYXWrO3iaQL5MkiksFOeFxgE4IGCRxxkdemT+k0aVKNNJYWnCyWihGO1tre7p6q6tZJ6n5nUaVX+M2k72b1VrfE7arZWTdm/I9DXWtc1Ly5JTzEMttUIQCOGLYJyR3HXI6cVs6ZLd6jqNpbbSZV+djlmZ8Z+/zkDgct8p69sjyJfF9/BGBbEFHfcQgByM55GOnXdj7vPUnB9L+FuoXOpeJjNKpyIDI3zADaSflIweoHXjHU5p1qcYqUlTirq9rdHa7drvR6N9LKx04erGcox5m3dJt3s1ou23V7/efTemeIItH8OS6ckrtfXCFVKBVMbDIY7sn5guPu4PXtyPGdTsTdXTS3EzzeZJ50jZ+Y7vvFt3cnO5e3IGQOesvYolkmYkIPMkKgE5VmPAzk7sk8AHjOecGsBpJEMihixGchV5AIPOT3PXrkkEehHmqnG7kt3ZdLqz1tddb6b2tfVI9ecm4qDeiSXySUdL25rPbS1reZDDAlsjpt/dgZU5+bC8jOeSPQHuQeDS2004aVt6nemQqAEleRhhyceufQYPQB4ZChLYJdcZByyheFznoMEn3OAQOAKiSqkkp3kM21cf3lPUjA7jjBPOBzzxTTVrNtNavo3ddOtndrZ9L2sRGbitL6tN67t26p/Ck3ezVtbblmVnMRO8CRQfMGc8sOFVe/PTr1HABJrF2yK29pApJO4Ec5GMhgMduR1PTrVye4jBcKxGCOTgFmOMDpnjrzg+4yc0JJAyoS2SWDMGHJI+7yCSVzg5I6g59TpBdZaLa999UmtrNLTXbXvsrt2burabvS7tt1T2v6bXLj7JI1RdpKZkYyYB2joOSM+hBweeDzgugaN2ZQBgINhzypYElepwMgj0yME54OXJMQ0gVyCQBjgqCR+PXk5wSeT2NRwyFGIdsYwMgbRnqCx46EgHB6EDDZwNeRNfEmrpWj6xvfs1t5K2l9A2289NOtlfVdPJ38tEaszKWCqMDcAdvO4EKWKngZBA3Y4JwOBjEEkcRGCFYDcFQgjLZJIB6Dpxwcdz1FQvcofkZgdr7UYZA3EgknnqD0J749wXSyqYgpcDYxGQOWJz0PsTt6c9yBgnns093q392jVtrve2zul1FdLRWejdmmr2s12Sfona2lmkz7a/Y4eSEeNwIwAbaEOwI3MCB8oAzwoIzzgnj0z9eO2XBKjDHagJC4PJJUdMnBOM5wNx4BA+Qf2NUWaHxvKGctHboSMfMAWGDtBAAI65J/wC+q+rbybZLjc3yhCSBnuBwOmR1BI9x0yfv8pjH6jRfX3nsu67t7ryto76HyePn/tE/dvF2drtaWS97Rt6X06b62FlQF3GFx5g3NjPoQB2Dc4Y7uO3Tjyr4qqBaaEpc7f7etDtAIHGMEgd+wH4d8V6Ys6ZkUsxHBA5wT1XIyRjB4A4PIwOg8p+K2Vs9CRT5hbWrdhjgLlhu5YEjvjH6V6FRfu3e2jSWi6NPXTVO93suqeqOalKEpPXWyUra+8t21pZu6ff5vXtfEsbSNpcm7zFimtNijgDKjIJ74+Xg8ckjrx7RpE6jyI2bKiNHJOQRhMADk4HZenfOc14PrVzJGliJTuInttvJC8qpXGM4IAP0ORxkmvZNJuMxQso+UoqHOCQWAGSecnuOTgggkngdFBKz1Tdord6LS9n0Wi17WTZw4mTUo3Sd5LV22TTfMlZP7tXtqtcz46D/AIsX8Qtrkk6ZncTj5dwAHUcnIz1GMDAGa/IDw4GFhEd+4H5dpPKkjAYk4A5HHP8ASv1z+PZEfwL+IEm5gy6cnzKcqckD05GDkjHfjGDj8hvDjiXT0jUhHwHBbgkAnOBjuvbHbO0AZHx2exUcUrPm/dxTS015utr628+v3/U5PNrDRvG15S1avdNRaa5veta6e29r63XWaYLVpZI73aI9rEFmCZZSSNx79QFPOc5OMc9hBb6Q9oohaRpC5YhWG9ACDgkKcqQAODkY7dD5/PEkTRSKyqrx4YYJPyjkZ5wRweQOWIXjNbGmXqwxArJiUswC5wdvQKRjndtAJ9xgnkV4iin+Sba1d4rbtd7prS+p7EZem3WV7X5bW3eq6tX+Tua95Lb2U6mOBZI5ACQpG70DMccPnPc4zgdM1iX1xDeMzRh1XOGh5JJB5YjufUAE0+S5aZpd4V0UgZJGEIOC3AxwDlcdxgehoROuwyK4MiuwAVcsQerYweMH5SBjjnqSNYTkleT0TfM2r37Wtrpdttq6063TzdNOabSs3rq7/i7u+quu9+pzX2N4ZXkKF9ruuMFTg7ucc8gcZAABPzAGtKzmXEKSs2yNiN2RjOTtXJKnGecnHLDjnnZi02S9ZnJVIUQks5JO7kkDAxkdTngbT265c1n5cbqoA3SbiikliP73JJxwORk465xVRVpq7butXbd+5bVXV2tLK+i6t6qUOW7vHlVt+nwWdoq9209XfvZ2104rpULFAp8sBScjIBbq3OcBRnuAAe3Nbi38cduQAoDMAozuYsFBJAHJJJ4I5A9+vnCNM/mEtkCQYUAkjnABGF6cA55A9TXSadY3rspdGCsyKqOMZAK/MHY4UEZO48+mcgVpKXKrdlpok9bW72dlfVeS0TCLtok3dOS5bJaSVrba25U+uq0XXpPtqtJEdoCbSzqT1IGCxzyCR9OOOoNZr6giuwYHyw5IHQFDngY5dVYDcQwzznrWwdPZTl40CMCFyQSOoLE+x746nHUmuavLRFm+YkKm/aQAQwBPAHXCgdB19xjAldt+fotVHddLWs72300LUHb/AIG2kb2vdJ6vfutLarL1vVGt7f7VhdkLLLtUZBCPlYySDu+UY/hGAAMjBPYad+1JDo99o1/oumXXhDxJoy24ttf8M3Umn3cpiAAe5MJUys44JfIyxAz1Pl/jAiDSZizFGcBVGc9eByc5JyrYBzj6YPgslkzl5QrMU56Ej0LE9BkkjGcdcCu+nk+FzTCzpYvCwxMKl4cs4KacWknFpp9NHpt8jzqnEWZZJi6bwGJnQlaMp2uk7OOkrJNaJ/NdNT9lP2kv2yvgD8XfgT4UvvCz+Orb9piza2tdc8TXN5NGbm0gCCYy3Ue3ztzKxRhgoCRvwSK/NHxJ8YfF9/afZ9b8ZeItRXbGwgv9TvLq2RkVRgwSzupbAwpKsT6jBB8Zgt7xwvkrjaCWkA2kZB6uRwcjOCSeOK5LWftNxJHGTI0as+9mOQzKSqklenfHzc8jjANZYDw0yvCUVFZfF0U5SpOrCMpUVJJ8lKTSlBRb91LZ6Ky0fdi/EvPMVVpVfrcqc4xilySlyN6N3XNa7bV+2ySPtbxL+13pPi/4U+EvhVL4F0izuPC96ZU8TJArXswkYO7HgECUg7gCRgnHJ4+gfgF+19OPBXiH4KfE74h6gnw61yN4NK8Ol3eyhumhK2ojclvIi3hB5Z4ByDwvH5BC2mDSuhcRqVw+CMHsOepx3PbBPHJWyMi6laEgybbuAcsWLOJR8wIwAAcjgAZAHBxXz+P8LciqYaWFVCrTjDFLG0pubnKjiVOFZ1KbqczjacVfl91K6s0z6TD+LvEqrrEV69LEOWF+qVE6cYwqUuT2aU4wtzySb95ta2fkftHotvHpkFraWFqHt4FeSzlhcMZYXZij5ycsyYIwBwMDJ5Gh4s1VI/C2sJdG7tn+xTESOMoGVTg4AyCehA9+O1cN4Iu7htH0JZbtYWOnWuwEEnYYwcMTnJHBH1GPfqPFQeXw3ru6SC9jWxkYjGGACk4T5gpO0Ej+8SoGCDn2p0nSpRou8/ZwjC7STfLFK7Ss7+aS8n0Pj5VnWqOslyuc3Ll0UUpWcm7a+jWiSTsjxTTPGHhzT/hS9z4psr2400ahJa7oF8xt8r/JJt2sQ+Pu5OMAgjJAPneh6LH8SPEf2f4eawI5YYwjabfhbKTyGUnErkIGwByB1XnOc46Gz0/SPEvwuvNLv9TXw7plvqkU739wBsS4U4G5vlAUsQOTxxk4GDzXhrwjaeG71tS8OeLdL1y6EXnrHpc4e/nCrgb0Rg5zwTGMAemDx4NSMVGu07VVJ8t4uUdFBa9Nd73Xnu2egpylKimk4Wi200p6NbWfvX0tbTVrRvXV1/wf44+GnnXd6NLxFGlxutp0lWQkk5+R3+YZwwKkDGMcYNOx+Met67Yz6Df2WkQWN8U/4mbW0T3EJTnCzkKw7ZwR05xhhWXqXjfVLbVFsvFegSSabNG0lyt6ZocoCRlXlYgZJHy5wfUZGMCfxx8JbmU2cfhu9tpDKIYhbykRCQ8bi2W3LkDAAyM5BOcCaVKU7OtSUmrWlCzitFo1fRLe/RaLYuc7P93JRje0o1HdvRbOyVmr7f8ADPn0rTHMn2nxVJJGGZljgIyq8naNhz2x+OewxPpkmj6TZ6rdaRc3N5dR2MzNLcBmAKgbduehyPvHOMYBzuzmQ6Hay3EklvpvnxySF4yJiSqYygbpg7QODnn6AVpQaZNa2GsBrJbKKTT58BTvb7px8/oOCffqcA16UY3UeZ3XuJXSu+Zq2yurpSu1bbyaMFNufNyNNaN66aLvorNLS6dm9Lu5883HxM8WykRnXL2ECR1CIxQfK5wFYZ4AGDkHovQZrMvfGmv3qmO41i9mKkNhpnXHGDghuQe/pz3ANci6GKdyybgZ5drZww/en14G3/gJ46HqZhlXkyqbXG0LkZPGOvQe390dTXpRpRiuaMYq6V7LRXSbfZJaa699zz3iazlZ1JLWzabbjdxs7JpK3K9eqb7npFxZXA0rTNVGrhZbuJ3mja4lLqqE8Bd54PUnPJ+8ABxt+Ata07RtcOoX8kmqQC3JS0QM5V+uVDEncuBg4LZIYDJyOXvLY32haVb21rO0kcbNK0UbS/K3G0lcYyRkE98gAbiRv+A/Cep3OrmIWl3br9nZBd3ULLApkYAAEgr1OM8n1JyTWlBqPx8qvJXS1irOydtPP3Wn57nTV9qvZuGt435uZyXM+W+krJ31bTT2XovpUfGjw3aQizttIljSfAlaZo1fgc4ypJHHOBwPXAFMk+Llte2UqaXfDSEibn/SYgzscDCqE6Z6/wDAhznNYj/Bm2MTXOo63bJI4VlERVwGxyCu4jPAB/hPzYG0DNmx+GXgrTrc/wBoaratLIdsZmKqryFSFwAQDjqBg89upPtRVqMF7RKM9oJ3snZpL3W07+9bVO3npFOrjbNOEElZXla6T5du13q13dr7IzfGv/CU6lYaFcaLc6hqtxr0TLcNZyyyy4jceWY0iK7AG/h9s4wcVlW+nfFPSrJMWXiCN4U8vdKbsGQHLbfLMoxgbc8dfUjFdtN4um8A6hpNroDXF69iPNiubODeojY/PEuVkACjknkcYzk891pvjvxB4qvLmS4s/E9yQjTqiWzMrv1wNsShQTkqMHOQR6V6uTww9PEc1WrW92SlGNLWTlzR0bik1d3tbRX6WuvGzBuo+WcpRlObi1ZafDezXnr5rc8Hks9YFjdR6/b6pbXslu7W8d8HcFmJZipk3FAeQF3DvxkVy9lHaW7EyxzySLGoBjiJAY7cbV2kezE8g+gIr6d1fwd4g8UzT6fdW+saPfXMMd/apq0Jila0UqreUCMsgySSoIPQg4Gfp34Y/sW6/wCI7Kz1W5gvV0V7JXOqLb7pLqQZysMJ+c7DkbhyR2Pf9Fyvwuz7jHGTxeBw9T6vU9nac9XZpJOV3FPu3v01Wp+K+JnjrwR4V4CiuIM1w2DnGL9nCpq56qOyas3K/wB+qR+cS/aJ43ljsrlIVBV2MDeaw2HaMlWUbixxnGGPPevTPDGkC70c3t5Jd26wILc2jpsKws6kSOWACt0BHXHQ+n62aJ+wPBcta2lnJqa2twQ95caiq6eqfLvSONpI9oLYGGbAK9MbhXwh8TPBGn6L458QeEPto0+20XUZLRszrMkk1uCgxLGFVizKDkfLgZxxz9nmPhBieDsPhsZjakW6slDkUl8Votpq7Vkkla+va9mfzbw59K/hjxRzPH5Jw/XdZ4KlKtVqwjJU3DmUYqMtdW7aaJqytqdz8Lf2e9S8b6Adesb6G0sVu00+IzlZJCzpky7cE+Rs3MxPCsMEg5r1eT9lC00qSCDXNesfET3Kn7LY2UixzQyCUAEspxjBIwPbBAzXsv7Ivxu+EHwq8EWvhvx6kOpypqUtzqG2F55BaNkJED/CxAxxgdxkZr3r4yftS/sia3pQm8FaHqNr4it4VW2hsrOSAq0cgaVZ5TuJDKC2VIIB5wCVH6jl/D/CNLKcDXrYujCrKjCVen7WLcZNRUk4c17819LW0P4m4u8SfGjHcfZ9kuXZLndfJo4+tSwOJoYKbpyp39yUako8kop6OUpLv0R8Y6j+zPaaTEbvTrOOPySfNgkVryZGKDliARt5PQYVgOuBn4Q+P3gvXvBOs6Vpmu6XKkd3u1HTo5rMwLc2xYv5gY/wAHnHQH2Gf1J1H/goH4X0TTZ9J8P/AA7t74yxW8DT6iYQYpohjzg0iO0oIBLA9QBgEmvhT9qf9pTWvj1rGg6xrWnaFo7+GrJdLsLWxhjja7t2G12dhkllU4HABwxxnJH554oS4KXDeIjlWMjLHJU4wowjpK0oqd2lHZJtL3tbJWvr+7/RcyXxqXifl2L4syrE4fIuSvKrXxWIp+0jzU2oQVKM3e8uVrpurHxLfeJNC0+eFJ5BGs8Ts9rbIJPLdThgQsfy8k5xkHnA4OcaDxRZ6jcw2Whac9wzPIEeKAJK7g9ATyoyw3H5sEEqO1dVPr/g+wSWWbSrSe5UvyNsrhiRnAKktncQAM57ZI45bT7uG41kXfh/Trxr0upjtYYzCio5BLrxgc4J7cnrxj+Sak1daddVrFq9tnL3X6LXs9dP9dIwcYQ5veWl+krNRbS5nrr/ACp3162S0bj4eeNdXl869ie1soULPHd3pAQYL5CEruyMZACjpk5wBu+BvC1p4W1i38SS3QkFpLsKQqpMblj+8Tl2YpgtgLyeg442tUb4j6mgtbnS7awtZGRZbieY+ZsIOQSGGeMbsZORg4BrP0Xwtq2jarba3JqFnf6fp95HI2m26tMszhlOJELFWRe4YEckBeSK568UotpptK7T17eSfKlpo5X6WN01GcenwuXM7PZNbqLail5q66O6PVPEnxP1Ce5SaG01zU4VISCNbKcKSCvz7jHhgeeW78YycjmtZ8ceOdXt2sbDwteRpJGpM9zbMZIoVHzOGOCOAc5wAQQeev0FqPxZ0s2VvbzvpljvKMbezsIpblPkAMbbYyVzjngBeeAMAcVrvjaG4hM/h3QdWu7wRNHJdX0DW1mFOAzg7UATBzuI5GcZwcea6jVlytJpJ7pN3i9E+a91rZ7Kyses6ceW8qjd1FtWV1fk2V25aaq7VlpdNO3jegX3hGC1nl1q1trm5SYC6kuv3Ui7eqoDjcu7cpwADgDnAz1M/wAUvA9mqRaXpllGYSMNb2qzO5ADdkx1HfJAx1JAPMx+DdG1O7u9Q8Q31ms02S9ja3caxQI3X0XKnAwRngng8HpbVPhhoNqvlLpMVwTsEsjJdSsRkk7c+hOcY49BitU4vXW7SV2np8OkeqV+l1pZbGEXJNpOLs2ndNNJNWs3tdPW7u3daHbeDfF8HjWbUzHpb20NjCiJJIDF5rNnCjIXAwc7AFwfbkbRtVhIBjXcWxy4IIJyDnJ6dTzySenbmvBWt2eqQ6zJp6xm0ikRIpUi+z73U9FQAMVAJOTngccmtwrJI6yN5smQQCfkUbc4OGPQjpjnnrzxxVlaUkndOz21v7q07Wel02rN6l8zVrqLUnta+vu909rdL639DrNMl+zhAVTdK2F5XaRjlSRnrjBIwDngDt/SF/wSO03U9bnu7bTLldOvU0olr+W286G2hO4Iyof4iQcMTxj1Br+bfSCy4klWP93v2J1YAYAx0H14APU5PFf1B/8ABFkPdWPiNmligJ0RT5pxv2l3AiVcjOCcnbwAfQcfyT9KhSrcFzpta80eVd5c0VZJ21td6u19b2Wv3XBlVwxNWdkmqcmvdVlbl392z1b0dlufsU/wgGqJKvi34i+JtSiMj+dbWdwLKzmQ5UJtQbjGAMHa3zLwT0x0eg+EfCXg+2a08OWltaR7i73DKJLqdlG3fJcOfNYkdywOG7jNdfssLeJlmaW7cOwIILsCTkAAZAVgODzjdkAVy8s2pX126R2SWNorFRLKRukQDoFwoAzhc4445Hb/AChzalChRgqlGm5TTUbNzna8d2+aKSs2+bW3mfqOFq4is7OvP2cbe4koR05ekEk7K6ej8jI1xLrUoJIbS6XT2Cki9ZA8qnLA7QOQMEnjliMHAFfP/wAWtPvNP8B+LZJtfu7zf4W1yLYwzHn+z5lLKoGFLnOePTgAgD6RubM7MyyBj0CgAL2xxtPPHPZsDsc14z8U7aO78G+K4pSpVPDGuhVYYTcLKbGRzywGByN3X1r5bLKqpcS5JN0qaUsywWqjFOyxFLZ2T2Sa5l3v2PpMM4vDVIXXuwlq0r30tZtaaKz22v1P4FfinGI/HGpkl1xqepZ4A3AXDnI64BIyCep6eteWX8ZiinPmE+cNy8/w5zjGOPlGTzjIPOMV7Z8ZUMPj/Xoj5LFNS1TLMVG1Wu3AKgAnPQbugIOOnHiGtKPIVY5hNKYgFEaliAem3A68847A4yOn/SFwNWVThbJ/PAYWS+dGnfXz31Z/HvGHJSzzGRfK37epdR7Xs2lot7r5rsjh5HZWIALbmYKwP8IY8gHHABPXoCe2MVVndXyRyHOMMVPHBxjIOM8HnBGOvB3ovD+sX0kYt9MvZyVAP7llB4HUd1yw5BORnOMVtW/ww8Y6gx8nSxAeqPO5XGTgDBxjg+w5PQ4NfT+yvLtZ31bWlo3vd+u2r00Pl/aRtGXK7N2sruWnKnHTVaXtom12uzjJHeVRJnJjIO0nlt3owIyf4QR19T1qATOsinnCkgoDkknnkZxz1OAOSABjmvbrH4H+KLiJGv8AULW0AZQwjAOAM/fYZPGF6eoBGTXYWXwD0mMRzajq7Tyb8ukZ2h/ujaMHg4zg4Oe4HK0rUotqdWCa6pqyvZ62vbve7Wiu2OblNXhGUnpvFq93HXX1a3a7O7PmUXu0yMHAOR8v3iCB90rknI4J6Y6Dk1ctbuaSeNVjlZ3YCNYY2cHPUEgEenBIwB3bOPryw+EXgiybc1nHNKGDNJPKGHBONyjGc8Y5BPf7uB22n6L4d0uRjZ6dp8bRqo3i2VyfQqW55B528EDvggZyq4RX5q0Wr9Pl7qu/k9teu5EaVZyUlCelndrlXS6TWq6723fy+Q7Dw54hvzGbPR9Qd9xy3kkIxyFxkk42ggd8nHQ8V32l/CjxvqEij+zVtQrAsbqQINp6FgxHAIJyPT8B9Rpq0EW2OKIxuwI3RRoqZxnlQvGDjOOQc9uautqkj+XmVFO4by79RngNyPYDA/SuCpj8vgnz1I2bvbmilpbfXW3bprZWO6GGxMpR5Kd7qy0bSvytq0dnrurLdnium/APWZ5QbzWLW2KncREFkJyCWUYwCTgDDZ4PoK7jT/gNoEDyHUNUuLshCJEQ+UoODgjcSSCc9BnH3upFdqdVvQ7JaOGaRseXEGc57YVFYtu7YOTgHJr0zwx8Iviz44jjk0PwP4u1oTsBE+naRdMnznjdIyKdvTJznBzyRXy+bcb8LZNSlVx+PwWHhF2cq1enDs7pze+mq307HsYThvOMbJKnh68k0ruNOVvs2s0mturV9O6secaZ8N/AOlxlktUndYyW84mctn5SrH5RnnJOdvTj17K2PhXS4IUs9H0+CVgI9ywo7dipbIJBBOfl6g9a+kPCH7Bv7TviOVlT4d6/ZRyiMhLy2kgRQSB++uJAFDew5H8WBkV9S+DP+CS/xu1O5t5PFGq+G/C1vJhyLm4W9uFAALbowQS/zZOcnJCjOa/HOIPpKeHGTRqP+3MFVnTb93Dv20rJrS1NPV69bu++x9nl3hpnVaKc6cqMXZt1ppb8uqTknZ9Oqej2TPzMbxN5fnRxRIUCjYIYvKiB44AUKTuwcYIJOcdOc2e81qZmu4oHSB1zuZSmxcZByxyOcnO1QPwOP308Pf8ABJr4faNCuq+PPiVcanFamLzYNItGtIyxYJwWBzyMDqT2wSAPuLwN/wAE9v2YfDVrbed4GbxNJ5EMqz67KzpMrqJFZlDJH93HAUgcjjivxfPPpmcNYZyWXYLHY5ttQcaahC7tbWUk1FbO6Vvy+pw3hiqSUsTi4Q5Xa0Em5fC2vlfW71vpsmfyRWPh/wAR+JHSTS9P1TUJTIVRLW0ubt2b7oVgiBPmPCtjj7xbnJ9z8E/shftIfEOWB9L+FfiVIWl4vtTtpNPsxGekjSS7Rtxznrk9ySa/r78N/BD4VeENsHhTwH4U8OhANv2bS7aZh2/1kkb+o5yD+GGHpcHhbTEGwzxKCpAjRBBGvvtj8sd+gBGB0z8tfl2e/S54vzCNuH+H8LQi4/xMZXnUa0T0hFQS0e3No/vft4TgvIMG0sVUq17tNRioq7XK7JR5nfTpZavofy+eF/8AglF8ctcMUviDXfDXhiGRQWiglXU7uNiMENGCGDZHOTnOFzXq/h3/AII/aFqvia48N+IPibq9/eaboo1rWZ7Gya1ht7ZpCot0BJBuJMhQpOduSQBzX9Amq6z4d8LR3Ul1f2Fta6erT39/MiLDbRLksWkkIAIALHkklSRxkj+f39sr/gpXb+BvE/jfTPgVdWt/ceII20m78TLIfNtpLdCjtY/MVb58qrY28htpJUj88yDxl8ZuP84r4HD4z2FNc9OccFCEIUJNcsZutLnatJx133snsfX/ANgcO5fg54qWBpUaUaUHSrYn3nOTlFNRg95cvNyx1V0rWR03iL9lr9gH9mbwVrHjPxVosHjHxD4JQ3MuieJ75LzUNWuipEcMNhE28AuATuVtinPIDCv53Pjp+0DL448aalr3gPwzonw10R9Sli8O6PokaWiW9mzFAtwT87yEcsd33uRgjNbPjL4rfEPxncar4l8Qaheald6zFM0v2m4lmnuGYEPI6MWj4Bbqq4U+3Pg0Xw61DXbK18SpperSaVp12J9RvJIHNgoSQNLbiTKqxYA79pGByORz/UPh3wfiskw8824vzzGZ5m2IpKNSWKxFX6tTbnzclGlUm1zuLSc3vy3jFLRfkPFmbQzGt9SynCRoYWDvKUYQhObXLFz5owuo9VHp1uejeGvjx4u8E3NnMLp49WifbdapbSu9xdiZfkglXOHiO7oOB/Fk5A4PxT8ZvGmpXdzqt3rBkN1qZuJLafMaWqFsuUjJKo7rySoUg4GcsCPTPG/iv4f63YaO994Ns/DjWenpYWF7ouQJ5o3VVvbsEszuQpbJJxkAADp8j+MXsLi+vIrOd7q2jCuZnOxpCATwuV3b+4AyPpmv1PJMpyzMK1StHLVQnObXPKMXdaJNTV0001ypW00fc+Fx0auFcILEyquKTsk0o/C+XbV+7rpdvTuz7/8A2QLPxp8YPite+BPht48TwZq/jUwHVo764K6JeWNmgnla+keVI52naNcRMw7HaOAcL9u3wjB8Kfis/hXXvEcfiTxrBpay6jqGkSwP4d8iUD7NbwJb/uY3gjBSRCWck5Jyfm/PHw1428QaBqdtPod5eaTdWplMV5Y3MtpdxhwRuE0Tq7KATxngDjoc9JrHiHWPErJda5dy6ndIsjyXeoXL3N1ebm6yTSM7MwIxywwDkhsYFPgnF0OJaea08VCOAjh+X6rDDxjWlVso81SvbmlTjFq0NEpJd2ejPiPCyyL+z3QnPFOopKtKU3CK5oylyw2Um3bn69tWXoLWwvrUSWvmC7MbPM8JUtHHg4zgABckZOAOeuCa89vP7bt75XaBp0QI0AA3Iqg/KzsOMYG4q3IOeBnjqLK/js7GXyybeV9yO6khfKx/qgwBOflBIPr15zXPx+I4grKZ38qNikrHBJBzhEXGSDgHPI+g4H2lHDVY865eeHutvl2do97bvfXRrTZp/NSrKUItRipaK6s9nGz1s09H9m172SvZ/d/7Hf7cPjX9maH4h+G/Dng3wn4nsPibo0+i65B4g0yG/a1M0L2wuLRZlcoqrIXKoF+cB88AjzWCDSdIudQ1e4SESX9zd3AtCDDHbPeSNL5iRk7QsRfEYYbQAMZ4x4P4P1vS0mn2Wf7+FC63Z+XLSEFRIx4QhiMDPHJ54rZ8Q69eXkTJfHKxnesyyAq+A2Izjlhzxk/iOa+e/wBXMCszxWLw2HhRxGP9k8bOPM1V9kuWDmruKstPdirpWu2ds89xlTDUMO6kpU8O37OK2jflvGUklfXVaf8AA9BuPi3rENp/witxrepXPheCR7hdJbUJm04XMmTvS337AxIHO3GemDUFn4odLS41T955Uv7kl5CsoTouxlxuXHoDgrgkc18qz6tdM0sUSfJ5mAhP7x8EZYHGQCOgOBgYBOQa9u8F+NU0y3W11bToNRsTEFazkUkq7Agyq4G7cB/tZyxxngn16nDlDBYfmw+GoOXP7SShBQcr25pNqKu7K7dlKTe92jaGZ4utOn7WvUsoJXbl7qXLGMbtppJX/O3U9T8MfF/xJ4cvnudHu2gi2bAjoSchs5BLEgnA3Ec4JJxnNbuvftDfE/XLeSyn8Rz2NvKDGbe0Vo/NRl2gkhc/MuAOSQM46V5ne6fYaretdaDZzW1tKscojuHIRF43BSSAwzzwPbGMCt6PwbdXRR4p8y7EDqEOI1wCGBHPXIOOuQe4NelhM1w+WRppzhSasmnZST91NL0u7p6K++h0Khjq105Vasb2imnJyTsrJO2+ystPK+nAahfajOzSX9/dXs8hDKZ5JZc7iScbpDg89+wz6GptHgvtQngsEt1SW6uI4VlkUgMZHAUAKc45BOBn1GcGu+ufDbWcsJa2lneQeWJdm2MMOApHQH1IHX0zz9XfszfBlPiH400Kxj0e4jht7hbq61WaIvZwTRMGFs7DKjeQAu7n3wtelX49y3LsFUxVWpCcYLSV1ZzfKopNu1230TSWvU1wnD+OxmIpYdQcHJpOLi7pXjq9N72tb70rnyN4h8GXvhjV20a4uFa8QQSySLny1WdQSAMfKVLdAc5xzkZru/CvhRIyWaSWb513ySNtQBh0B4AOScnGSeTkkmvfP2q/Br+HvjVqumwxQmLy4Ig8S4jlaNVXcqjgquMYyBlTy3OeC0iyaDT5l3FWDgFgpAAzzwQMgAAAkggnIIHJ/aeFq2CzbIMNmNof7Tho1bt/zKL63TaTte2+2rPk85wlfA5jXwbck6VTkdkoq8ZR1aeturs76adWc9eeHJJF1H7EZJ5osEDG47Mn7mOAQQTnB6DJ71DdaHdXWnWMZbzLlbeRvMY7fJKggowUg5HXng4xjpn1CKax03EQkKtdRqZJgQCmMZJ3DJ3A4xkZxgDPFZOi2Gn6t/a621yzTWhxtLE7neZh+7AJDHkDCjAz97Jr5DMqVOnjZVUk4qTulay6q19XZa+b6K6PYwNd/VnSko81trr+5JPXeyvtrtdHyjqUsthFcxzt5N0kpPzMSxAYgFQWyfXJxjHTpXLTa9KltcGSQo7AKiRghnAO4NxgZPHU5OfdhXsfxj8GmPUYp9PYyJNboLhlODFKDgkrzkkkBskA887TmvDW0LU7nULbT4IZLu8kURra28ElxISSduPJViWxjHuBjqK+dxVWmqjtPkfM3F3tfb0aeqSXR6PqSoVpVJRpqUkrpWvJ68trK6tZS00bto9HY861TxHf3d1MsR8m0RW8wY5dlG3aSMdTgjjvk4Oc52mSPLbTzsJAd+4OclACeSAce+BgYOc4IBP3t8Kf+CdP7Tvxsu7d/Cnwv1fTtKup4zJrniOOTSrDynZWM6NMArqo7YGR6g5P6lfDX/gjN4G+G3k67+0d8U7SS1WOO4m8NaAVi+dVDPbNcFiJgxGxgMbu5OKwjjqNVShRvXqq3uQvUk5Pl0srpXa208lrr1wyfMKkoVKq9hTfM/aVXypJ8u8XrZLsle9+9/wE+FXhfxNrvjbw/deG/D2q+Ir/AE7XNOvRZ6TYzXczpHcxsY8qjKMqDgMCOBx2r+iXwh/wTX1b4meKX+LXxQ8QP4F8LaxaWN1/YVwI4tVTbArSxTBtv2bJDZO3ggk88n638Kaz8A/gbYR+H/2ePhLpj3ixrbnX7vTo3ubhkwvnvNLG7u4AJ3RsvzHvyDB4kuPiz8QJor7XZr2TStg3aTZytDBGrDdsWNMHAHHVjkMMYDY+iynhfOcdisPmKk8thTg4N1LOpKMnF6RekbKyV0tdU7Hqf2vlOV4GrlslHMalScZ6J8kakFok9rO+rb63a2Z0Xh7Qf2XvgZZxaZ8PPCNt4p8RWaiE6nNAl5NJcKDmRrlkdUUuMjAHyg4OSd3TSan8UfiOjEXI8NaMVKJY6Yot28k52xvtG4kKfmYBRx0A4q58P/BOh2lqkkVnCs5QC4M8ZaWJwACGDYGQc89AMnJAwPdNJh0+xBVfLQKG8sR4+ba2OQuOh5Y9VxgnjFfpdLAYTBKEnz4yvHlU6leTmua6d4puy8rL89PnK+YYnEKSjThQp3uoU0k1H3UtdFdpr57W2PGdE+AenJFJc6lBd39xMGkM9xOZpIpQcllDEjDMTkAHOeOARUOs/DW68MRx3Dqp0qSUeXdxxYksz12zKgyVHHJ6EAj7wJ9r8V/GHwF8O9Jk1Xxd4j03QrKCN5JZr+6hjUgZJVEL7ixxt4zkkcZNfm58Yf8Agp54PkS68M/BnwbqPxG1K+8y2N81tImlxykFUmQsrLKqkBwY8ZHJypOev6zVckrKEX0jGzs+XXRavrZ3ST22Z51km73n3u239nXTb7VtV92j+rNT0lRok1z5gjaKFiLh3WOF1IP7wszAHA5yCcEntivyw/al+MHgux8PapoOo+ILO5uIty20UFwksi3EROSduSAufXHseQeE15/2vfjTYMviLxI/gHw9d7pE06wkNtm0b5hGy7g6thsEbmIIJ56j5R8Y/BLw74fW+Ova1JrepqJAWuZ3nkkl53srNIDliep4/meiniq1JyUWpLltJy91NuzWm2nRa7uz6vKtRhWtLkabSS6p7bt2sl/w27RR0H4iRX93YTW1wsiS26oCz/eZAeoPIwcYGT0zyAa9wtdbW4t43V8OV4weSxyCCD1OeTngcjPr8C6nBHo+rWKaFOApKoLdZPliYer9MDI3EndjC8V9A+GbjxS9tam3spruQKuHiYMJM9WKKThV5AIAzjI6cZwzFNVJVZJRWrkndN8sbytp2XLa+7emhNGjP4Yxbvva6tdQvZd0lprrrtpb6MN/m22ZAdgRliBlhjqc8FfUAZPqSRWE92Tdx4uAUBXzYw3+0eoBGBgkAnIOOMDOeVe18afYXvG0jG0MpRpCHLjOQYsZBzn6E9etch/aHiG2l8xNLeWS5cRmNQzHeDkr9wbehwAw69RwaVLN8NOSftElpq3olp0S3bdk9OmjuaToV1Jc1OUUratPRe7Z92nK63stddXE+hINQjQPHG4y2NqlyQuO/cgDgHGM4IOTmro1JIYOQA5BDfMMAkcHByDyQenIJz1NeCrqni+3njQeHL93uCF2JA7FSRxgg5C4PsOSR3rSe9+IVqZJ18A6/LAEHK2E7RuePuSBcAsB8pzk8c5zXVHGYdtTdVNJX1TsnZNt26L8drOyJcKt0lCTXRcrdvh1d2rvTRKz731PaTfqUUkDMjAbd2QvXbtODjjqex9uTnapqAtZrRDhEnc71VuCEX+J+mOMfhjAryyz8R+NIllFz8PfE6ptUqw0+5aNQSpOCsZAYDOfmPQ5xtzUl5r/AIkuVtmm8C68ixuT+/sZwTyecsoXPI+6cDI9ORZhhHZQrLRpK61V7LTr0TvqrdzGUaqtzQlsrJp3u+V2e1r9LKy7aaeonUsDyw6qF5QB/lBJxnPByejDoTkcc09LmMopaQmRcgt0O7oO3I5OQMjr1yMeSDxbewyS+f4T1yNWUjcbWUoMZIyQu0DO7AOMkdAQasL4xcRrPL4c1uNAV+Y27EDHcjAwAcbeAB0JOeemGIwrd/aRbVnf1cbfc+rs9Hv1ynOSdlzJ22s1/Lv2teyfTR7NHs1k6MVaWRCC5Lq+zBwM8fJxzkk9iAAepqtaizKyzb0bfdbVBCtjackHC8qenHGO/wA3HnFn44tJSry6bqkICktI0L7QBgdjk8dTjJ54GMmCHxPYoXljuJolebeqywyA7M5OVII6jnnB4GcdbVWg3dSp2tdO9tmkr6pNX2S+Y4VUnq7taau1l7tlba6d+qTbtzHrt2tkcK0NqzYzu8tCcEfewQenB7BvUdseS10+dVj8u2WRSr58lWU84wDtPUHgDB6dQCK4Z/FentK8n9pRLlAAJWC5H3QfmycAHPHGMHHpZt9eTzcpe2jqUBGHTGTkKecYBBJ6gYBzhunZSeHk9HTd9LXi3pyv7MW7tbK9uuyCpWd7bLa+rk9dGmtW7JaX63v8Nuxl0jSz5atDauCGx+6QE7sZ4A4xk554wTjkiuN8X6XpNtpNy8EKLcCSMxFFwAzEZIxjHIBH1bnoKf8A8JMYLhozibcqhWjZWXJwpHA6gcnP0Oegzddu5tchj0ywiku7y8uIljs7FGubqVgQdqpArHcfu8n+Hk4xXQ1RjTk5xp2WmqSsvdVruytpfd76tS0fO6t9YvVtXUbvVcqW19L7q+jlqdLpNpaxaVbb40Di3WR5gDnLqSytk8HoQT1GQoHFeV3UmnfbrlYLUXdzcTlIbaFHdmG7apCxgkO3+6Q3TOCAftfwD+yH8ZfH1laSarYy+AvDjQxh7zVgYtRmj45jsmUSAOoJR+ACRxya+xfAv7M/wh+EcaOtmniHxIVVpNU1JVuCsoBLvCh4QAgnueSAewxjXoTcY0oxq2sm4wjJKzgr6aLXd31aXR3MuWtFtz5o621vdp8tmtld7Xs9LaLRn5d+Ef2f/iL4yC3Fv4el0XT51G25vWkgJjOPmQEoeMcDH5jivZNK/Y1ZNkur+NZoHY4eO0eUFWyOh3/MfrgZweelfpobT7W3lw25FsABGkYWNBg4UAKOBjOBjnHvVhvAUdyAzWcyOwAV4syc45O3g575zgeo4ro5qC9+cI2jfTltvy6pLXbqr66MySqNe7K7/uuTvdxd1e0XounL0d9bL4g8O/scpK4i0rx1rkMrgbZpHmCYJ+6oDgtkYHJOQNw5yK63Vv2Wvjx4IsTqnhfxLc+ILWMK4sYb+SC5zgFWEbMcuuARzjoMdQPtnQ/BPibQ4/tmnRvqdomXltymbpRwWdR2K9Q3IwDgckV9CaDqumanpHl3AZbu2T95G+Y7qF0UnayFRuUEEFj04OOBjmnjaUFH2FOMpOUb6aWum09evfTppZtEKlUklzSklKyV+ZJt2um9la9la9/wf5FeGP2n/jf8IdT/ALK8SGdWt2Cy6fr9uzNJGuAQkjrtPy5G7OTkkHg1+jPwb/bH+G3js21h4qih8L61ceWsczYawlkOMNuGFX5iT82QGxg8/L8uftL/ABT+FsLXmieNLDRr6aLMSi2SKbVw78L5IhVpTIoIB+8oY/Nz1/MTxjLrugD/AISPwt4e8SWnhAyYifWbWe3bbkOjxyOqttYf6sqBwAc9MXUjgMao066jCq/d5ovlbb5WktYppL117ERhi6SVSjzShF9Vol7retvkt9Pw/q1n1vSrnSfsOs6bb+I9CvY99teWTLLKpZQYp4JojujeP5WVhgAjpwxr5q1L48/Gbwp4mj+Fvg/RDrEGurJH4J8SeIrrybWVW+V9MuZJAFa5tUYCIFgWICqSa/I/9ln9tnXfCOpWWma5qNxrPhWSSMXWn3MxlutM3fKfIMmSFAHy564Axx8v7J6pceEfjv4Cn1fwlewXMttGNR0W8tpvIv8AR9ciUS2tz8jB42WUbJVBCNhsgg4r5zMso9jTcaUXODleM0r8rXK4t2s15ptJpp9NPYwGOjKovapXSS5JfDfR6Le6tqnvs9z5e+Nv7Onx68SxweI/in8TfEEfh+K6WTXfDehXEsFo1lIVMkFvNGQJPKbKs4GSoXnmvU/h0/wP+CfheO/8E2Wh2ly0Sqbq6MV54gvpSgDPPcuGljfePm2hSOM4BJHeaZ8UdZ+MXwr8QeBfFk7eHfip8Pbf7NrOnSfJ/bVrCrxWmrWqMP8ASo7tUUyFTt8wnqeT+EPi3xtr3h7xnrNjqN29lPZXd3H9kkkfgiWQpKkRIVMgL8vbrzjj5TDZHXq1Ksqkp8nNa11FWfLe2i0T8uup9VLM6CoQVoOS1slZJtKyslpfu09F0sfrJ8Tv2iJdcEa3eqDT7TYxisbOcrJPkD/WurFtr4JYDA+bB+U4r8/PjZ8SILjwtrUDzLbpeobeztoyDPLKzcSnkk44/ediOW6ivlbX/i/dqWu5btlKoTJd3UgCDCjBjQ4BxxgLxyMjsPBb/wAT+MfiLfyDw5Y3Woxp8ravfMYNKtArkvIskpVGCgg5U8gD5iSTXpwoYDLYOVepCFkpN31vGzTba1WmkV13b6+bWxlfEvlw8G5PlWilZK0dXZrbbS2zv1Z6gfHMehadBAt0LOG0gDzSzSD55CBuODyzNg85+Y8jORnib/4i+JPEKhtMa4NgAxOpXbtDaIoBJaJW2+YRn5cZ+73Va4y9tfC3hSSS78YasnibWAuBbifyNEtZyNu1yxH2gxliMAfMBz1zXkvxI+Lsh0v7Fojx3VxAo8t7eLyNMsoXwoS2iAHmumcb+SzDIGTlfOxXFkZP2WBpc8E7RqSjZfZSla97dVdO7utL6xSy2SXPip8i3cIpuTa5VZ3vZa6XTulrsdL4o1nwtp1teXGra9N9sOZbu4klEW9SvMMMRGX3MQCc52kEAgZr5T8X/GtDa3em+Hka2tpoTALkYheVCQGIJAdyRkg55J654PnXiM6/4puPMl+0X13IQrk7iGJO7bHCOAqc/NjhTz146DQ/gxruoNBe6gkNtFEEMzytu2KQCqCPIGQByCM4A6EceTiM4jTgq+PxUYJR5uRtKO6s1G+r8ne+9zFUZVaip4Kg29EpON76Wu9lp/wLsr6T4qXS9Mik0uOVL2R1e4vrkM8pkZcgRKcs4w2OMDuMniuo0HQfHHjPUxJZw3QiuAA2pX8jxxxBiC8kKOQoGM4HbOOh49z8HfBuyjijMdidRuS6l7u8DC0hUZJK5wpQLwM/3TyTgH6o8D/CrWPE80eleG7B9dvlIh8vT4jHYWhxj9/KoCoBz1P3R2H3vzXiDxGwmDU4YZ0/hSdaq1GENteW/wCErXaWjWh9VlfC2KxMoPEc6XutUqd7z+F2tZSd023ZNWu3qeFfD/4LeEfDeLrVg/izxAz+aokXdp1tNjcWeMqVkIP3SxxnsBX0zp+leIvFi2uj6Xp91r00RjittH0uMi1tkYhdjpEAoVcLn5j0yzZ4r7Z+Fv7Ceq3z2t7481b7MhVHOh6NlpWVgNsUswJHzZ+ZsY7NyMV+g2heAfhT8BPC8+qajbaB4L0awgaa81TV3gS+vPKQswVpMStKwBKqAcs4VdoPP4dmviA8fiHHCzq5tipSUaUKUZSoxk2laCSSS0+zFNtfF1X6hlvC0qNOPtIwwNFJOpOXKptWTd7t6u9/ed20/dWh+WPhf9gLUvH1tZ3njie4t1lCkaBYyZNvAwBxcOuFjYN13ZJOTkjFc98Yv2WP2dP2ZNMi8VfED4k6b4fB2vZeFrIR3Ot6mI1GyHykcuwdwEkbauT82ASaj/ac/wCCosP9o6t4C/Zq0N3uJ45bZvGE8TNcyTH90w021AL7ixLIzFlbg4BPH5df8K5+JfxS1ubxx8dNfv5IomS9ml1+8eW8nV23m3t7aQ7bRWHACoCq5BwQQPveEcp4qxPLjM7zCeV4OoouOCpaV5J8to8ivyKSdnf3unkvHzmtklJ+wy/DQx2Kg3F4mbfsKck4+9Od1zOLvZLTb0Pafin+398RPGvw8u/gz8JtJXwN4ChkNqNSsUlGvanaMSpDshDQx3CEGRBjJ4Z1ABr5L0H4UyaLJp3iLxX5NtbTobtn1CbzLm9ZzvDNGTvZiTkoQ2GPJJ5r1nxr43+HfhTT4dH+GGgWtxe3ciRalfzRidIZIsLmORlYuwZScRkccc/drk/DPgDxz8RtVN34ge9hsUCm0uLsvFBFEWyPs0GMYHIXg57kc4/Y8nwWEwVOSp4dUKdS8m5tutWm+VupNybk5Ntv3nfXbdHw+YVK1erG9f6xUgo2jBpUaSunaKvZJJWbtp11d32V58UtWHkaDo+++hggji06e6iylqowFWytVALMOAG5wSDnnnRs/CGratKPEHjWe6ubooGsbS5/d20KpkhpUGEXb1O8dScZOK7i+uPhh8IYbe51poJdUs41aZrgpJd3UijKrBFklSSMgrhl5UEZ486l8X+OfjtFf6J4A8OPo+hzzEXuv3aNGUt+cpA7Dc21cbgnJztB3Yx7GGw3NU/cUfZwm178r3drXsmr6vZq7bV+9vLxGIjG8a9f2sop8lGD5kkkrLR9GravdK/Y8H+KvxMMbXHhnSpJ72SN/ImjsCfJ3Z2x20QQEEEkKxGCRtGQSKx/AXwC8T+OVOp+JbxfD9nIm9I5VKG3tSd24+ZtJkYZwGySeeMZP1v4T+FHgL4SWk2p+II4Nb8QFd8KTBbieS45/eBDvEIVuF3qT7jOQahqeoayrXN8FsNPOTBYW+Ud4+qBgoX5ccYztxnAPNfXYHAxfJHlb0s5STvq4/C9b32Tdl6any2NxMY/vK9TaP8AD5mko9LvVat3vf8AK5xnhfwD4J8LRSaf4etl1O/tyVk1a6VZMSAnMiknaq7izAjByDzu6+m2Av7MCKPVJGjaARiBXIRHkJz5cZypJJXaQMtkAY3YrltItNW1TUo9B8G6Rfa5rmphhBpOlwvcSR4UkPMYww2hRuZ5GUKME8nFJpo1qF72z1i3ks9V0i8NteQyHdJFPFKweJgBgGIjkeoJY9Wr7bLMllThGvUozjQk+VVJRaU5LlfLGTvzOMdXFXsnrvr8TjOJsHXxFXLqGMoTxtKj7WeFpVYTrUoNpRqTppuUYvVRckua0rXaZ6Ja6Zq2ji7lN3cSW/8AZ0s88KghS5Q7S7jPIBPfOT0zXofwjl+H1h4k0DxH8VLttN8DaNHLq2qLCge51Z4MyR6amSzD7ZIvlZydoJB5rzrXfGIsfDmpqRJNLcW0NqnGCHmwh+YjnjOFB7Yz8tePfGrxHJoHw1jldEYRx2gWE5z5rBW5ztzgnpj73b192tiKOWV4YpUadeGCtVdGqk6VT2fLNU563cZyj7yT1jdWS2+QzPKq/EOWZjkrx+KwFTOKVXAvGYJ+yxeEhXgqcq2GqWfs61OEpOE4q8ZPmTvGNvsn9pz/AIKp+O/Gfh+6+Gfwet4fgz8I7WNrKDTPDqLbavrNmgMaPqF9FtlPnoNzqzBiWIycZr8WfFPj/UtanumkuplWR2kleSWR7i6cks7zSuxd2cksSzMSS3IJBrzXV/EtzqdwZruWTLOCIlbEa+gxxnA4wR369hzd1eNIxZnJyGBBOdoxg575IGAe3XI7fD8QcaZzn9WXtq0qdG7UKFJezo0YaKMadKNowhFcsfhu7K7e56/hz4O8B+F+XLBcOZTSp4io1PG5lir4nNczxFoylicfj8Rz4nEVakrycqk/ifuJRVjbuNTMjN5bMC4LM7MCCMbSSTgjAGDkg85OM1hXDEuCHDFhuLZ6AD7w9RwTg5xxnOQKoif5m2yBBsAIAIIwc7S3J5yTwoz6EGq0kzMSgcAbeORkHbkjuM4J3DBHBAyRXxyU223Ju8lre7XXe/fVpvVtdz9PVaFlHRRTWi20aWj7/Erq1rrXt1GkRteXsFvHK6mZli45PzE5YjoAMkfj2yc/RelaZp/h6xiiwLq7c4e5CgsgJyQWO7IUE98A9Ca8k+H+n2aW41G4ZWlkIVVOP3QUFt6kfxHA4AIP1zW7rXiVred4IZGkWSQLglQw2r8oUc8tg9OAO3evAzCrOtU9hTvyxfvtaOTtFuKTsrabfNCqV7pRUraK61tqopqybVrWtbq7o9L1O7XUoXjZlCxKrDH3n2phSy9TuxjgYxnOMVwF94Xl12VLp5AkMMWXSYY3bSM7Bkgg4Izg8Ej/AGhlrrtyxikCrFu+WSNnxJtXDEHqSHAGCQVwRwcZqfUNZuLm2H2OZ8KpeVY2+VFXHyA98kcjHIIAJryaVKrSqWptLWyd23G9lut3r00XTbXK6nfdNO61s3Zx279OZJOyu9dbXZfDWhapaCwa0t7GVDlpkxvKglCT12hlG/5s8LjBAAq5p/grRrZUtYNtxDbkyLdjDIWAPytzliDxgkZPAPArirfXJB/pVzIIQUEQG8AkjChmBwOcEZy2W6Y61NF4uvLAGJJCY358tOQytn7xzjOMZPcZBziuqdLF8toVJ3dr3WjS5W+m3VtW2vZXM+acJK65kktVa2iVnZ9Xd3stdEk0dBeeDtPutVD3TwokyIxKr+7fDDCrznzMDk5wBnjnA7zTbGw8Pr5+l+XbpbMfNeQDzHZl/gGOQMrznjkKPuiuHtJ7fUrf7e8ywLFhBCo3uCCA8iZ5LHHPGAB/wGrd9qVp9klmtp5LpEVF2OG4lxhWLMCGO4A45PJPA4PFUjiasoQlVlKMZJSinyx0tpK3vvTe2l15k+1bVvtavbe3LaSSvJ2tqktG76I9N0D4hraXmLcFR58ZuWmJZGYH5io6bmBOBgHng44Hl/7Q94PF/iewvbEK1vbafHbMwJHlysv909TkcjbnJHy5JI4W38Qz/apYrmFY3Ys+4MEBkGSu7OenLLjIJ9ccY2p+IxLcqskskh2qGJAK+aDhGP8AeIJwcDofbFe/hMRmGHwksDTqSnhZSU/ZTs0pRts76LX4fv2OCVCDxEcQ4pVYxcHJpbO261v01vfe7SOq8B6Y1srtPaLHLCMSTyYRwhBBCpgkYx1PHUg8Yr1172JZ7eOTVC9l5fl4VsHzBnAYrjO0lgc5HIHZc+eeHvENulsxvrdGuFxtaQeX5ikKFTH8WfpgEqatapbNcRJc6I5RpMzTwOSTGDjLRjHXPRR15wK8HFU5Yiu3UVou1na8U01bVvTtbXTe7RfO1K7eqaav1bcd7d9U1foz17wvLbq0sTzqY0lBVFGXkJOQWx94jtkjJ4wTxXc6p41utD00bWkM0m+JVdsKsRHDYwMBBggAgdznt4h4U8yJEjvJZI7lIzO8rrtQAA7VPueoHbJDZJycDxd4qkuIGgFyWlWYqHCgqAPlCL83U4OenXnjNec8rp4nFJNKcYNc1klezSldu72fRW7mFSc5TS1ceW7S1+GUbq7emm6uvmeqaR8VNUiLWVreTTGcszNESRE+5iVxyRgHHfPpzz1niK40LxzokVrqcTWOsMp2agwCs2xRjkKM7yMc9ORwME/O3gm5t7SRbg3Cb5zIkgbBeIOBkBTkh+QRnK4IHvXon/CRxG5jghljMMasiTToBiTphSDySQME9B7jkxeAhTrxnQhKjUpWtKDtHpv0emy2dn01MYpwn2ctd3y3fK3e7drNJLbdrRbefSXGoeE9Wgs2kaWFBtABJjkAJCFnJAXcegznsQW6elWviOG0ezkiZEubtB9omEnzFTjcoOCRtyVznnpjucjUJhfAW0tujybxLHKUBzKSCqp3IJBIAI59c15t4nsrzRLmxYyLm7Q7vnw1uxJIwn8AUE89iM4rrhTp4txjUglVe60992hur6X676t72OqlJyvZe9eN9ru/Lay1tfbVJPXdWPebXX5pmmtI5fKR3YlvMG2If39x6M3UZB5GegIE9trr2guPPs5b5i3lCSZRtaJyMFCQeF4IOeSOAQAx+cdN8QPayhJp5FjYMXlDhQXBGCWwTgkccFRjjnJr02PxLPqGnebIhEcYULIHAbjChx8oLAgYBxgHBbgiuWvlSpyi40IRSv70UlO+i6WTut1q7NW0E4fKVn71ndbK/VLfa2r+R0l/pWhmEXkNpbM7ktLBkK8ksrYyWyABGcbuAODjgZpy6XpWueHLnTDCPt0Dn7NHAVaSEKM4jOAQGOScMcdTnHHI3eqR3gtoBPDDboo8xhIPnLfeRmBBDrycc5I4PBYN0nUl0Wed0nKo0vyMcCeaIk7jDkk7Ru5IA3c4JzipeGrKneEpRnB3ppvVJNNby0d9Gle199jCSaajF6Jve9la1t721Ttby17TWfgW70tLOayu1yXea43nyyMHPluSCWOBz1J2n1FV9M8R6/FrynNzFClz9mKwI6w+WxKlwTkDcDnOATnocmtya61PUw95AWFnZswgSU4eQv0YJ/EP7oIOOflwMVmXuoXUGmiO3hLRz3P753ULMkgyxMXG4KTnazZ5GMHIzmpympQrxp1ZSjZ3+yrJXtdq+i2vt0RKleLbV7q19VbSKbSWqTerdtLO3U9W1Cw0/WZpLeSxN/GtkwN2cPcxTyf3m6LtY9QMDPYE18v+IPCd94e1e+sblFtg2LiMzHLGJ23I2/IBKqR/dIIJ47fRfh2/udLl06SdozFO1u8kZZjugBRnS4bcGLkZZgeQAecipf2gorDWLzRdQ8PC1FtcwJDcbuHJVQWRcn7qYIXkHOOBjnPAV6uFxlLBNS9jUhzJtt8svNSta6Tdk9mn0FSVSL5ZX5XyqKXS8rc2qV0nbztbV3Pl4WId5bRbp7kzQqN5HmQpyd2QQwUKcjPHIGTyK9o+GPhiOfVdOW11EAwOkvnsMRI6AkxEchWH8KvwSO/WvKND0+VdSWCORkkMrGZdpZFhJ539Bg9xgAcclsV63pc0uk3AttOvI7dZXIlMigFlwAGGSrKuSACDn14r3K1erRadCV+Rqck0tk0+vZPq7/kdClaVrc10uZq10lZ31t2e+r26In/aQ8N6hqyaTr8TQTwwyvp0uZVaWR1wC4j/AIEYA8k8Yx3FfI1to7pNseDdMJhtO7cqcjB6gAY+9wuMA8kGvq3xjqAtvDd5HdTzzXLOTtUlkBdhiZMkhScgngZB/GvFLDR5Ba3d5JKsxuNjxxs/3C2GAcDJO4DBxgjr1ya7qGYVcTF1KvuyclHRK1/cV2n1Vvlt0udkJx9klbVJ2Vr6b66p+Wjsn2trzs6m232ix5eVGJIJxjChWJxgL+YBHO3pVzw94R1PxJr2keH9Ksze6tqt1FbWsEWXM1xM6pEoUAnapbc5yAqj8Kl03StQ1zU00qyjnvNSvbmOysrW0jeWdriUhFigRQWYsW4HQLkkg4r9UfCXwk8PfskeCtL8aeLLdPEXxZ8U20MemaW6hn8E2tyoL3s4OfJuY0fczsBg9MgCv0HhPhfEZ462Kk4UMvwVNVsXiarUYK/KvZwdveqTekYrW+r01PnM4zqOBdGlFKti8TJU6FCLi23dXqSineNKEfelNJJPZNuxX8Nfs6WPwYTRfBLy2uufEfxDbwX/AIk1G2RZ4dBhuFEg0aCaM7VnRcpcFTlCfmGRivvDwNo3hf4beHE1LxDDf3GpXX+j6bp2lqLl7dkIwCsYZyXOSSMnPOMbq7j4P/ASHUPB2n+O5vEmj6yPE1pa6tNqEdyLu6tftuWa0luwz+TcOxKuM/LgA479Vf8Aw/8ADvhfWLF4NVvZdTS4lS3tVP2mFJCFaMtIwZCmWyDtXJzjsa/QazpRovB0v3eGoQtDkXKm1GD5nypKbdm+t0/I8KHtY1o1ZpSrVZR5k3dQu43Xva8qu0leyVr6nmHifwb8O/jFYyW2ueHdV8OeSn2+PXNUspPO81F5O8CPbEeMR9cEg84Fdr+yn8eP2vP2Z9Q8X/Dv4UeOfCPin4Y+LNN1C20bQ/FLi4s9KcxMk8lhZzPm3EsTMHizsYqCAAMV6FfeHrrULTytX8TECdDDHYieBVVkOWhmwoyXHARSDknBGDjybXv+EUt9a03wnpFyRqtxCYr7VLKCRJtCto1YzxedGfLknkXczHG4K3Vc1+ZcV1K7y+vUhUVOpTXJh+flUk5NJSSlq3rdLftZWP0nhWOG/tHDUq9P2lGdqlbRWtaLbk1qtNtbvS2tkfnx8btXn0nXdZ8N3Pit9Sm13VbjXPE7QuIdNXWbq4d59OtLeMhTb28rsIwWKr8uAM8fOGo6tPp32kSPHO0y+XaokQbEYXgjbg42nABPBHGctj0H4uaTokvjzXLfw/exvYaVqExmur6Qme6diBLKHYn5y6kt/ECOQSQR5tJoF7dNHcadbX10sc6mFoYWnS7bhQEZThueFHHX3r8uhkuIrQp1KkeapKKlOXKr8zjFttaK93LTTX5nXxFjKmMzGrKEv3MZqFJKUpRhSjpGKTve2rWt730d2zDtb+a6nWGGCZjPIqytM20hmYBxkAMBgg45JB445rq7y+tIv9CsbhoBZqrTLgtuwu5o43HQt83OcnjksMV6/wCGP2cvib4i0xNV/wCES1OOzmjlvPNW2kgnzGu5UCNhssegA+bOATxu2fB3wpudSg1jwj4j8Naho+qPcQG0vJYGTU7qWa4McNpBAybpWc4wVJ3Mc9MivBzrLfqtJ4qtblh8Se2ln1tZpJNuV7RstLHJgspxOLqxhThJykk1o7tu0rJLa7WrbfSyR8ia7dz3kLvEk4hYSk7x86ZQnEYOWwwwTjk85wAM+WaT4e1DxLrGn6BpZubzWtZuxZ2enQRvJc3k0zbYbaGJRud5HZVQEFgW59T+gH7QP7Lfxc+DdrFfeJvhh4+0jw7FbW13beItR0S6i0ieK7RXjWa6CbEJVgSpbOCQvBJrwH4F/G6P4A/F7QfippvhDR/F2peHZnlsLDV7ZXs7a+ZFEd4Eb5GeAqHjbB2sqlScbq48PisW8pxVbJqFLHYyOHm8Nh3VUKdWq4RdOM5p8sIykt2tE09bNLuwOTU45xhcNnE54XByrwp4muoNyhR5o+0koRvzNW2fV7O2n0Laf8E3/wBq/RtC8LXuv+AX8LaN4hvLS3s/7YuEtLq3upZFMct3BMQ1unltvGP4SMn7oH9Of7Ff7Jfg/wDZy/Ym+KfifxVqOl3nj/X9OOj6zr2oxWstlaQSTiF2tJZlb5bOM5UxOpd0BweBX88PxF/b9/ab/aw8T6DN4h1+10nSrbUoY9N0PRrr7Jbj96G+03aIRvWBBjIIxjBORivqP9oj/goHqXijwJofwI8O6/s8KeD9MtT4mfTC8R8QeJFthG1hK6MDLAlxmeQlsPtbOQST+B55lHihxLjMrybP4ZdSpYypWrYjD5Y5qGDjCcY0ZYiu5t1pRjU0pxtCc7Np20/pjLKfAOTZe8XkFevGpRqUY18Vi5QU69Kl+8lDDQcYuClOEU5SXNy3skrJ/L37Yfx6b4q+PIdN0q+t4PB3wut18OeGrSGNY451tDt1HxBKgARpbuVWEDuFfGPmxivz6vPEs2r3DWy7v7OjuZjbrjBl3k5mc4yZGJJJPXcejdOn8TzXNxBPFp8Hn6tq873GrSSHJiRyxWMAf6tAhUYyuSCO1YOm6BqDvsmgiiES7YxlR1wSNuB1yTkcnPPBr+weCuFsHwzkuDwdFe/Qw9OnzT1cnaPPJyktZybu3Ztu9lY/F+J88rZ1mFatGcnTqTuoJ3jZtWSfRJWbWm9nrtv6RbSSrEoQBcg5UgLtyQOTkAHOSDxjnqK9Q0yyEahQSVXYVO3gEHsxBxjB4JPHzehrD0DSnsokaYRtyd218AHJJQA984+6d3U54Br0jTFVQPMiXyRk8svADc5PHIzwec46nGB9LVqTnTdtFs1fSysk7Xsle67bdFc8GhFqyaSvFW1eiTi21ZpWaXZL5aFoS29lbh/MZFMZUKWBYyMcZZcZJz0PX7wUgDFfLHxZ0a41aC6dRLOwJZPLJPBBYRgbgCOOpOT+RH0tqwtnikZZwkaj91Gm0liMnJGeAQcEfMT1BGa8V1i4lklnbYHC8JESAcg/KxH+OeD64NedRouTvbVvSy1esW3a+zslo1vZ63McTJuUuWTUYq+jdnor7u9uttdNF0PjXTvC/ipL2ForK/S2F0hYgOAqo4LEHJ24GeSSCw6HGD/br8HoxqH/AASuv1M8nmt8NLuKVZOXdLa3ACAcMCMDk7QMHJzy38lr3d0HNuHNqhDNKwIwoAySCMHPuOTzg5r+t34KG2tv+CV95e2zbnj+G+sSXE0jKQ6CI7ymThieCOvJ+7WuLpOCo30bmrtNK/wytZ+avbXW5yayhJTftFDRptuSk/LtFLfbe2jVv5HNTsJlimljiMMYuLtGkkyCCJZOORyCAc8Hrg+/9yH7DrJff8EYtfuQxX7N8K/Fts7KMOwS1b7oHbJB7deCea/hfuPH9pq0kul28JZEe883eR8zebKBIOBwTjJByMA471/cr/wT8LT/APBFXxXKiumzwB44QoWx8i2jHaSQAc4I468gVljeb2UU1pa99lfR6X1eq10/zcYFxddRvfmnT20bfOrrr3Svd+bP4RZJbeLxEqzTXG861cPGjqXURrqE2Aq4HJ79xwMDIYeq+Fr59G+Nlr4quIpTDYeINNug5XAjjXy9zyRsACEQ55G0YPIyDXncU8c/iu0C2iy3S6/JDHuYb3jbUpcrjptx3I5Oeu3ntPHWqWUHxJ17SbfzxNPcWkbKCNgk8qMvGNowACxzjBHXgkmvF/tCFPEOjNaOg5xTUmrRlDdybV9dLLtva59xnGEccpp4uDTiq8KVu75Oazu3qrPRdNr6X9n+Ntho2s/EvxVrnhzXLPUNH1e5g1B7yaIR5u5YozJAiAYVUcbeODjOcmuJt9P08QqH1W3jlIAV4YCwRRgsDw3BHPQdMCmzWdjoOnH7Xdi4ZnVhZggg7lBIbeCxYZJJJGMY7kmkl19stnNrFBaJkBgQrvtAVgQMZGORs9vYCuGWOjNtxWi6Wem1lZaaJbXu3ttr8HW5nJycbPS8db2tGz02vZPWV9dlY37GwjvLmNW1tDaL8jPOEt0JyAvXcTnpzyO54xXVaxpGl6fapGL2OS5LoQttdJJC0TgbS7KMIxzkgkg9OpxXA2VuZbdo57Z7klgFkEbxQhCflJbgBdw4GT3xkjmbQpbN9TS31NoYdPE4jniJLS+WCArK5OQv8OeQv45pXlU5ZxrSVmnJa3bSTs9Vbazs3dO3klFyS5bLVK7bWjunu1flta1m77WZ0E8tjpWj3E0kSQTPMBC0c3zSMG+82SeoHQctuyCOM8jpMl3qOoQWhgurp7iYSrHFIWdIv7o25wMLnB4ycnoprR+IGnXn2yOHTbI/2Y0RMBiDzk53Kj5AOSVCgdTjpyDXofwt+HWtWJbxBdbftMiLFZ284ZZgHAzJsJGCRnGT6dq7qDSjrKTVle/k43b0T8tN2/KxX1arN8qXu2VnZbO29kr3Ssrav8C1Z+GmN1HnwxqM0TA7nWZh+8HG51PcknJJHU1082kXEZijj8N3m5F5JuGUgHoDnJwR264+lexWfhi/ghjkuNVWGZvnWEuASXGSTg4yvPXgYOQCM1Nd6UsFvJK14zsgLPOLhFQNuJ5ZixAGM/ljBYCj6xGN1e0mrJNLa0e2qaTVr6pt2I/s6WspJpPe+/2e2l2tVfa6fm/BtRg1Sy8l1sTp8aq/zy3asoyOkisD6kEbeO3qfj34t6XJp2sQ6sTay3F5OHcQgyIRE+9VZQeQ2CucY5zz1r6e+Il2i3j2kOqpczFf+PYT+auG5O0o4BwMjcMY7ACvmXx3andZiSV9yqwUEHaVK8EbiSNnTnk468YrN102uZpSctErJtt2vq2rO7utH0TvYypU5UptQS92Sab3Vnp7t7P01267nceIvijo3xO1Lwxqlv4R0/w5d6F4dh0e9g0+Dyo9QksoRD/aExJwZpMK7HrknJ4NehfFXU7rxf8ACL4eII1lXT7ie3jmZcFli3bI2Y9Au0hR34YDg18YWtwba7lSCacIgZF2k4JYkMScj5TwDk7sckDkV9s6Ppl3qH7OtzJBbX15NoWsQ3LX8EEklnawXCA7JJwCicn5s4AJ6AjI87MIKHspxm04ySXK05Xk4px01u3s7NJ9rn1uVYiVelXozTu6bbate8eTRdU7Xfa63PkO48OWFvYXE82nIZ5i6RkncSwJUnHbOSQTkYz25ri77Rl8qzSGH7HuZoyIsMXYkjkKO5Izk465IIJr1LUNSt47tLV2MJ2OHO4OhLA5IYevzEHC8cjJrjri4W5lKQSMTaM7JlcMzZBwigZJJAIA4b6k1GFVVtc8nLbRq7aTjJ7Xa+1e/ltrfz/di2lq7pNW1dnFva7umm7JpaaXtY7TwX8J/D2vafbw6tq1zb3t5MUK2i5WJYzgiRFC8twScgDGducivaY/2ZdBfTfK0/x6sDRup8ieHbIWwTtDBwVGPlYYJ74J6cD8MEafWWE/2jP2cOI1DKRLxgFcAgkqCW45H5fWumroWEW70u8Mmfnkjz98EhmIOfxwMc9eOfdoQU0lJpvbpb7KTk172663WvqZznyPmS7bqz+z1Wvd2lvotOvmug/CrUNBt7e1HiqyeON9oAUuzJnjcM5GfYZ68mvpjwRot9pEtm6+NLyNECq0FvI8YA4DCN1w2Gzxye4PcHlbfRdJkmSSz0u8k+YsFlYsozyB3xkHr0yDnnivS9Es7wSQ+RplrDGANpkkVmXAABIK9cc4z1PBAwDVTBUn70oxbSUtotbq15Lvp0ta/e5pTx+K+FVJJWSspNJq8bXSdrO+2jfun2/8IbJHutWvrjXbzXDD4fd7aK9kkuVinTYyErKW2hSDtYYOT05r8kfHlvJ4q/av1EwRJZTTeLdPt2kZQqysLiIEr2GQvQ7gW4HIFfrL8IYLq20/xG04RHm0V4hNAoJ+7w24ZAzlRwRntuNfCHir4Oanonxp0v4hm/trmz1TxLYeRESQ6SxTpuZwp+VsHHcEhgM9vOjXhh8RWjCVlKHKktFe19N7WT0tbd26ntxozxOEoczv++U7NNtuLTVurd2/y21P6Yfg5b3MPh/R/wDSVS40qxsobZ4lIZnFvGARghQSRgdASMcYAH1DcWul+OvDknh74k6JpHjXRJUcTaXr2lwXQkQo6rELiSLzohkgqUkUKMkE4yfnb4WPLDo2nzworwNp9kCUjJDSNBHuYtgnOR0Pp83Jr1d9SvRG7H7THEQ/TAPP3uuCAQWJwCBg4K9K/KcXisXgs3lXw1WVOcaknFxck94tO9/eTu9PufR/q1LL8NmGU06GKpU6kXTS1je6UYct76NWVtNdPKz/ADK+LP8AwSy+Dnxd8fRaJ8EbzVPhV4o1S5klW3ybnw19rkJaO2t4yVWCLzCoLM5ChQPmNeC6j8Nf+Cif/BMXxjaBf7S8R+Fgklyi6Rdz6/oGr2NuxaQ3VlGzizkdEOU5K5OABnH7TaLfnStQOtQ3DRX0bI1s7krJC6dDGykEMcdTnPPUGvW7DxevjLUre58UzprkllJAbOLVXjuIUVmAeGRJgY3RwAcsjZUlSc9f2vg/xkzbJFSp4iUsRyuCld6yj7qlFxfNGfzTTS13P508Tvo88L8a4WtSxGDoypShJp8qcoVHZOcJK8oNLVOMrrbbU+A/hH/wUj/ZR/a+0mD4cftHaFpfhDxsYvs1zYa9bLHpc15JiNPKupkjlsZGccZJAOAT0x5P8ff2LPip+z1Ja/HD9j7Xf+El0kznWJdAspEvL3TtPceYXsDAzJqVgY8K0BBZYx1B6+j/APBWT9kL9l+9+FMvxf0jRdO+HnxdW/sWGpeH4Es4ddinKmeylhg2RvKud8UsaBg2ec4r8hP2Uf29fjv+y34ja0e+1L4rfA6yuItL1zT7qeS+v/D0L7ElMLzF3gkhUnYkhKyYC7Tn5f6OyzjThHxHy/8AsrPsFSo+2p+zj9YgpUVKVkpQnJc2HneSb5X7O72R/nlxF9H7xK8CM4XGHhbm2JxFGjX9vistpVqsalalTa56VWipKjiY8qcY89NVu1Rt2P00+FXxy8MftUeFdS8Oa7psek/FDQS8XimzlT7FPLOuUnu7S0lIcmOQM0yqCybiMYAWvPbWK5+GPi9Y0keSG3la3u4st5WoadMSroyngqEZs5yRkkmvTPiX8FvBn7RGi6R+2j+xfrlla+O9FlXVNa8J6a620fiFkRZb7TNVsomUQ6g+143WWIic5KrnJrgPGviOP4seCtI+Imnad/Z2vaUZdL8ZaDgrPoWuQpsvLWaIKGUNIrOpbAwwbG08/wAqeJ/hhiuAM3VfAt1clx0nUw1am+aNNtqcYOUe0dV7zTWz2P7v8A/HLLPGLh+dLEU54DirKVHD5zlOKXs8TTrQ5YznGErSnSlJNxlZ2+F2egnj74eW3mvq9hAi6fqMRvrPaN0flTDfJb+YAVBQk9yy9weK+d9b8KqLaa4WVoIChVEjdjskGdwAPyhnXGenU44zX6D/AAW8C+JPiN8J9en00JqreD7WPULi0IMl0lpNhZHiQgsyRZJbG7CgluMV8ffFPTX023u7dQfs7eYzorgSKyKxZVIAYOG/EHn3ryOGc+jjL4aU718O/Zys9W1y8vrdfFa+6v1P2HM8teHftHTtTkuZpa2b5XZ2ez0s0lbr1PmXxP8AHfwP4J+Hvi59P1fTbrxF4RtGA8PzXaLf3F9IpjjWGHcHbDMrNtPBBPT5q8M0jS38Sfs8+LPE93aQDXvF2iahrB+0uJZbC6KuQI2OWVlQBUIxwcdzX5z/ABf+GHxCl+I3jHxHpOn3dzbahdsttPBJI75ZzsDRbsM2GUZxgjOF6Afpr8JNH1zTf2ctQTxXZtFexeFrqKe3n+SW2URvtcqT951G7gDGCoznFfeOhQTp1VJe0lKDcXbWN4ttWXMrrRrSOiaXV+DTrTaqU1FumoTSbjorSUd2k0ktLNWtqlc+Cv2RvGniC18c+HvBmsq7WVze3KxXU4fEbpI5KK7FsqxAYAcDI9cH+iX4N/GDxD8F9WPijwbBHNrVl+8gil3rZ3bhCdlxGCEmQkDcCCDkEAY4/mc+Hfj658N/E/wtFBp41WytNbCxOifvT9onwY1kAyWRXGc84AyAcZ/oN0NZL3TdOvsSW6TRJIYtuAgZAwRyOQ4BI5J9sAFq+wo5fgcfgp4TF4ejWp1IxUqc4KScZKKbd1Z2fzWqdj5XF4vFYeca1CtUUqatHlk1b4dGuqd2nZ+mjSP1O/Ze/bQ+M3xWn8Y2Px8n0waTrL3cfg210OFLLUNDvZZMo88mS0tnGh3KuSCAQeOD8xftQfse+NNA16bx/pni7RPGvhPxpFc6pKbG6t01LS7pTudZok/ebouVcbRv+bOdtfLmueNYPAWl6h4sn1K60+20K2a+uJbdtm9YULMq7SD8xA4OSTwOpavq79lzxroXx0+ENv498PX9zr9xc6xL9nguL53ktAshS9tbm2LkG3miLsRsB49Bx+Z8TeBOXZti5Z3wniIZdxBhMHKpKjFpwxlGlytU3Tv7qfwqSfy0PVyfxMxWS4dYTP6E6+VV8XGKqpJeydXRNJttWaTvrfa17H5nahaa/wDDfxdoOq+F9b/s3XFuYri31GyRlt5XgYM9vdOhVHEm0xupwCzAYIHP3/8AtXeC/h5+2j8EPh94o8XW2k6N8SfCeg3Q0zWNNMbXF1q1lAc2t0iYdRcuMqj5yMlcY5/Sr45fsA+Dvin8H7Dxd8Krnw5oMdr4fTV5rOO2LtNrVuofU4Le53ZgZ334Uk/OQACSc/i/4Z0rUvDHja68OSebFZ2KODbXTyNBJcRMRLJtIwpcqQGGMgjj5gK/miHFGLhnVTC42NTAZxlNdUatFt/vY05xUpcyVpw5k01otbO5+2YbB5fjMs9rhakcVgcVBNP3n7Oc4xnFNNOzu7pqSvp2P5+PF/xN8c+EJW8H2nijxJoXiDSNUurGS6i1q/VreCCZkWFYhMohRgm7YigAEYVa8p8W/FHxr4kUaZ4q8beIdekkiKxf2hqd1c2+JAFAZJZWD7cHBzgAc96+pv2/fhvF4S+M154itYFgtPGMc+rRphUjWVsmQxAAYw2MEHkHnJNfDvg3whrfi24vJrOMSQWMckk0z5dYdpLKoZQMcr05xwDkfe/rTJquCxuUYPM3SpqVajTmpOMU03GKb11vzXu+71P50zVYvDZzicHGpNxhUlFQUmouK5eX3U1ZtO7bV7W00udta/CaFvD51O/1dFnMg+zxFd0w34MeDySmcZXt+YrOufhPmAz/AG1S6hGlEgwMbicqcgKCe5HB+pB9k8PRyaj4bgS5h+1/Y7t4nuUYbY2jBjRe33SoCg7sccgEg9Xbh5dIubWayRrhn2pLNtDSJ0AAOSAg57DgDJINfZ0cNQqYSnU5I+9C+lnd2W72u0+i76vc+YxGPxlHE1KVnaLXLo24tWunZ6Xulfrb5n6H/wDBGPwXoGrfHnxV4f8AFfjG28DeFR4C1TULm7vLyCw/tG6srdpLaOC5mKg7ZRkxgEuDt4BOPCf2x/2qPi1428b6j4EufGNzq3hXwT48n/4RRdMke3t7mxsLvyreaRoyqXKuEAySVOQeckjzH4W+CNa8TajejT7qbRJ9FsfNd7KSZZri3CAtBIIJE3I/RgdwI/FR6hc/Du2j8M6z4j1fw1Zapd2un3cWmXclysE0E8IJMskDfO7DAZSxYuc5Pyk1/N/EGB8Np8cVKmY5Vl1fiTlhQjjauFjVxMYSilCEZSjK1raNWaTequftWWY7jKHC1F4fH4yGVOPN7CNSVOjFwd5yUYWb5m1zc0d9LK54h8QFvvit4zu9e120gl8Q3mmaUdscmEVI4ETcqZAOAg3hSNpJ4yam8Falrfhi0udA0fV5LOOGVpZ0jQbI5kdiSCQe42h8knaSO1Xf2bvC/iH43fGPwd8OBPBp2s+NddsfDmn6rLuMdi0k3lo8i8Fo1UhW2gZUehr9kfG3/BDr9pbQPEdzovhvW/DPiWcyPePeLP8A2cZ7ZlDOFDBgSD8pwT0HGMV+wcM1I8MYOMo4p4XCxahRcW4KEJ8rUYtaLfRN2ta3ZfiHiTxHleLnSWbxp1HWSdX2sXUVWTla8rpq7atd/FstbM/HtvFutahrkctzd32rzLGwIuJpNiyoCNwG5VUZXJ4xgnjpj+2T/gjF8Gv2fvEP7F+heOfiL4H8Ba74y17xBdrqGo629m1zaQQMqQ27efKGVVCbiqqoJbcxAyD/ADo6z/wRy/bQ8H3MOrWngP8At6xMTTTjR71LyTaiuX3lMkbuAigZJxtZuleAv8QviN8K7fUPh+vifXvBM3h27li1Twraazd2Za+hkdJkeOGZVikBQhhjI6HrgdWc4qHEcLU69PMJ09Zxqy50uZRs7uMm7vVX1e9k728ngbN8nw9VrL5vD03FtxwkPYuPNyWaSim03fqr3drvQ/v+8Q/DP9kK1hZdZ8H/AAitIfJAE08+niEqnzcbWHIAJA3EkDaM9K+Kvjf+zF+yR8bPhz8R/hz8JvDfw9l8beItNnj0bxboyB/7F1RYmZAl1mSNCMqDEnJGAN3f+Yf9nHxl4+/aE1Dw/wCENVn8RJaHV9NsYbm21q+nup2vLpIZZph57ZEcZLE9DgZ4yD/cd8N/gB8PPg18FLLQPD2hw297YeGotTv9UWNG1S/1GPT0kmuZrlw7+azLsb5ugJyetfHzyiWXqVf6vh6HsoSqynGnZtRjeydk29LqWlmrry/bcPm2FrQpRjisXifbVIRUKlRuK5nFWak1ononazVrtWP4rvGv/BBb9q6SaU2f9ja9dBQIZP7QRftUf8DeWAQhOQAM9SM8njiR/wAEL/22dEs5LpPhlYXrLswI72OdpF2gE7DyTj7o554I7V+n37Tn/BXX43/s++IjYeBtS8L6wsOr3sF9Z6yiX0thb29y0McUhQDadqAls9cLgHivYvhF/wAF1/iRrekWV941+DUOpaV5SC48QaHcva2DzGIbhkqVDM3vwCOecV5X+t+VwoxxeKzOWHwz5UnJKUFbltzNXktVrpv5JH0kuGsfVqujg8qw2Ircqm17WSlqotNttRT3vq9Xom00fzlfEX/glZ+1v4Ei1KfxN8CNeeC3R55rmxtZJraCBcncWjB6kDgLkegHFfPfhf8AYk/aM1kXo8P/AAV8T6nBG5WVRotzKY1ztK5KBgAM45OCDzkgD+wfXv8AguX8Nrizu7bWPhBqzNt8p1a8huISkinBcSxlTECRknIUdjwavfstf8FdvgJ4+8d23gjUvCFh4Vu9e1Y2lnfNHYSWkUbkgC6MUKqjcgEHJ4IDEV5MeP8AK3i4QhmNKWFldzxM4ThCnHSzlJ6WtvJNRS1btc6p8I4ynhJ1q2WSp4mCssPCrGo6iVm1GKu7rXTd6Ox/Jjf/ALBf7QtjpyNe/s++MI5GiDFk0a8yOzE/KcBsA4HPTOOTXnN5+yN4/wBMiu/t/wAJfG+myRg75JdHvo41Ofm58kgqpxg4YYPGa/0h9Z/aM/Z30SVLbV/FnhuO6kWMLG8dnIkiyjK4G3OBuXjjg44Fctd/H79lPUZWtbvxR8OjJtzLDeWemA4bswMbFt3JJOATkZ719NQ4jyyvFTo8QZdUvZx5MRSa5bRaaaqPfyXy2t8y8pm9K2QY2O6b9k27XVmny26N6+ifb/NE0/4a6n8KvHfhXxjd2mp6edF12Gea3msbqOfaGxIN7xKv3WP93AGeMA19AT+O9Ol+IV74g36gbbWrsX0YUMHiZWUh2A+Yr1GSOFJ5DdP7YP2z/Ff7BKfAr4l+JtYsvg34g1Gw8O6n9js4E0uDUZNSmtZEs2slhjSR7mO4ZGUAkDGT1xX8S/wl8TeDPEfjeTR/EEdlYSTXd02jm4dPKggkmkMMbAAAhlCIgJ6EEAAGuLOK9PFYeWIhUhjHClKMqlGSmraL3Wr7Xb35tuiPaynDRwzjh4UqmEjOrBqFZcrckkm9bN9ne/dNH6/fDPxD4L+JfgbTdPkkhZZbWOG5tLlYxP5qDaZIsgcuMM2GIJAPXIDrnwP4p+F17Prfgm+l1jQJUMtxoV07yeUv8S2pJCptxjHsBgEE184aVoS+HJbOXRrh4EimR2FtJny8lWRo0Q4MfOR3IOecAj6W8PfFC7t4odO8R2rXtkm1BeQ8skbAjM2cH5hgkEkDruPJr8RxUv3s1GLqU5v3oTvdW5VdJ3SavLXfyu7P9IpuMKcOdOLjCN3G+tlFc3u3TXZL0vqb1j8SNK8VWWwFLe/jjMd3p10dk0dwThkRW5YAjC8nIXg5Oa5jxh4s/sj4EftWWezZFd/CTUEV1B/1imMqWbOMru289M4JyCKg8deEtA1ojWPDiNb3bxGaG7snKSxMfm23ESkZJI+ZmBCgBd3JrK8B/D3xB8b/AA98T/gjZ+J9E0fxl8QfBOoeHfDb6262um6heyAGO3vLuRlW3mk2gIzA5LDPAr1+GaGHwWd4LFRqfu1Wh7SnO94NuKsm+kdb7O9773ODNqk62W4qMXJTdGSi0rqVlHR33Ulvu7O7eqP5gtNuwRZTeawZYmdVJyRluOOoDdupOfqR9tfsz/tKeMPgbq4ni0Tw58QPAt8WfX/hz4409NY8M6shH7zyYLgMbG7ZeVmtzGAxG4EYz5d+0T+xl+0Z+yj4nbw38afhrr3hhLeRobDX0sp7vw1rESuQLjTNXgV7aeNwQwbKDawAJPNeY6Wzx2wjRuViZleMkjLcZYBsDaNzEEkgHAXHX+vsNioYrDxWGrpx9mr8slJ7RSsvvvp02vt/APHuCzTB5p9ZoQq4eftbxcYu7bkr9OVx00umu+59N/tEfHjw58T9Vu734e/CrQPgj4UuoFudQ8DeFpm/sq71xCzS6iV3EFmyCiHhAVUD18V+Dc8974oDMSAJElxt/usNpHAGV5JwCB1OAcVxWslItODLMXnYMA2dxcsRuIHYjJ6AcHua9F+BK7takmdFxCsUbYxltz9WzxnPA4Dc4HGDX5nxbgaWCy3MKsacOecZ1JSUUuacoq8m09W/PtokrHyeSYGrHNKFWtBwlXxcK1VcijzTlJc0nZLWTs7+XezP2E8CDOo+H1XJzpTOu4ZJPkglgxPPIJy3YYxX9hn7B7Z/Zb8DZHB0q9A42jlbjOR2wcAk5xg/xAY/j78HTxxaj4WKkK8+kiFV4UgtGAcsRjBDDIIGD1Nf2C/sIxK37K3gjc33LC9C553EC4PTr1HqegIBxz/C+Di6nHVSKv7uBxk7a2XvU7q9k7O9+2+p/o1TUYeHOWJXt9ewsUrJ2vCPa2nrfVtn83PwkttPg/b3+LTa5cQrYrq3ipSLgKc+dNLv8kPwspXoeozhucmu8+Lf7OXwC+IfiLUX1LwDortqV4zxarZW8dpc7yCsk6tEoDTvgl2Kcuc4ySD45p2jTeJ/25Pil4ctpTbXl34h8UmC4jcxsphEjBS3HDNlfvdTg5NfU+l6XrlvLZWWqK5uINSOnxMVL7ykzIMEH5iQucljwR2wa/mfx5zvi3I8xynO8hznMMsqUMIqdOrg8RWpNTpNNQapyV1dxdnpo/O36dTw2XYirTo4mhRqKphcO3GcVK65Kbbtq1u3pa3SzR8m63/wSh8GeJYWb4Z+LdQ0KRoxN9m1WJbu3ZmbJjVgFKqCR3BxwOSSPHfEn/BI34/6JbvJolloPiuNCuJbaYWkrBuhCZIyAcBT12nHHB/qb+D/AMN9Pi8K6W97ZD+0EgilujOqq0iygsmQ3PRlIz2wOMqa95HhiwjCollEpYKCFxgqwAJwMYC8nHGDjOM16/hV9JHx7yzDOpnWOpZ5heSLw9PH4fnrqLceXmqwUZN8l7Xbk/LU+Iz/AIb4Uq1fZ0cKqU+a0nSlKKcnvpLmW/mr6d2fxA6p+wT8d/B1jealqfw98Qix09ZBqN3ZxSz29vsGcoy5zGAvIxjPPpXzlqPgfxBYXTwR6je2Bw8YhvYJkZCmMq5kQAYPPXqCOQa/0BLnw/o2n+H9ZW8MC27CTbDcRJJC4CsWUrICHbcecjnc2OwPx/rHwn+Cni+/jh1z4S+C/EYugEmlOnxRygM4BbFvHG+eQM55BJznIH9i5T9LWWBwmW/6xZTKeJxdOLqRwE23SlJxioyjLmu3bo79bNOx8PLgSniqlVYCtOhCm9HU26Lyvon0tZ/M/ifvbD4gafHvs2g1OFCCzcFiABk7slm5IPOcnHrkYV34w8Z6fbh7/wAN3TR5Z3kjRiMKf4CBkA89uMZJyeP7RPFv/BN79ljxQjSW3w3ufCxYF2k0CWWH5myWASQOPvNgk4B46EcfE/xM/wCCU3wogvGm8OfEDXtJtdrCCz1a2+3R7mDbUbYgGOnXnGQMYzX69lf0nOCKtKjLGyxuXqpy+7Xw03a6jZ88G09Hrrd7tHjz4EztyqLC1qdeUUmoxlaTaUbaO2ra19b2fT+ZWx+KummNH1O2v7J92N0kDkdeFJAAGRgg8A4xxzXpdj470LUCkcWsWw3oHCu/lyIQoA+9gZOOQPmLAnrkV+vXir/glJq17Ax0Xxl4O14GNzDY3VslhOzYbbl36cgcjJB5P3QT5X8Vf2AviVo3w0j8N2X7O2hTaurRxjxp4d1WO91OREOQ4t4trOZVHK9vTjNfrOReNHh7nUV9V4hy9S5Y+7WqKk2vdVnz2XMrrdo+Zx+W8T5Ry/WcoxVSMp2lKlDm0SXv6PbS6Sd3f1Z+eUWrQXDsUuYpkCFQouEJGAQMkNnkcjK8g5wM0z7Um4h1QbVJUbgVycdefvEEqScZA3bQDUXiL9lb4g+FUmGtfDz4j6I0DlJby10+9aDIbLEsFcEghieOpz0GB5BJ8MvFUFzdDTvGGv2DISDDrdjcDYvzYU+ZGAxyBn1HQcV9xhuLMixUorDZlhMQ5Wt7HE06jcW4+9aM3ffRJeZxwzqEFfE0K+HcdG6lOcdXy9Gk3uttNe568skMsLB0QOzNgFs4Jycleu04zn6jrxWYba2ETGUBZSxw27O7AHXrhc8Hk9sg8Z8GutM+OGmXD22mXOla/DCSd7/uZGznoMnkjHAHOM8ZqmPG/wAWtGUxax8Prm68rczy2n75OOSFCj0BPA/A8mvoYZlg6kY8s4SSjbR2vdR1beml0n0TVtmeph81wldRcaiaty6rlfTa9t7X2lrfue4vp3nxlvJTBfAkbbyCOnAGQAeexI7k1lJ4dtp3lAEfngtuIG0ADJAPB4z0BJJ4OecV5DB8dI4o/L1vwzrWlurZIe1l2qQCQDwRweVyADxgnOT1Hh74yeFb4iJLtYp5SwWO5XyGAOflO/OTwMY4JUYx0rWOJozfxRa085X0Vut9W99dH2OqGIoyknGcW9N3pb5L3vnvbVo7c+GpTGTE8ikZ4ByBt7HB6dypHQDlehgu9K1RYgkUoYlQMMcMMdQOcj0H8umNu08R2ksB8mVcuA2VZGyp5yAO3rgE85GOQJZNTt2QKm0yZGfmGeCSc88H2wT0HXAHRBU21Z2vFdUtLrRLe7vrorbrzb5WpOM2tF2V9Y3XmraN7rRdWedy3mr6LcC403XJtJuwq5aCV0JAxuzhsEds9SBx2B62z+MfxZsYkNt4/vjaqVI+bfgAAZKktnPPYnHTOSDx/ia7sX1SCGVUYtDyWZcliecYALEgYAJJJHIP3Vz0ttPmiLKI1TcRsBJbjPzDGRtGPb6k1VTD4aq/3lKFRaa8qk29E76O6W+rTa87nXSzLMMMoxo4vEU4xd1GnOVrXj8SWj3V10una532u/EHxN4ttkt/EXiNdWgM3mLHNGqIHccuwOck4HOABzg5BFcBb/GOLwpP/YV5pUt1bWrSLHf25wArsCu0AcgEgYBwCBk880Ht7VP3ME5LZyRkcA9sdTkDPA5Azk5rJOk2c0nlywRzyEsQZDg8g/KAeSAcnPTgnIJFelh4xpwjCEYwStFWvyacqsk9VLfpZ23788sZip1vbSqSlVly3m22pfDurPXbrvy79PV9P+N3gud1jur64t3ZeFkjKgbuzFgc/hwAMkDt2+m+NfCuoTI1vrlm4I4RrhQTuIwNp6HPQgE5IzkHNfLdz4I0+7DNLFChUgM0YCuoHTGck4AwSuTgHvxXO3Xw/R/3llcuDGWz8zBs44IIIGBngfebGMdMd0VKdm/eUdYpOzeya89dVs0nrbQ2WOxakpSbm201dWf2b7WVnurvT1tb7T1q8trxIpLJ45xCrSP5E8ZVwOTjBAAbHcHr9c+6fCr43fFj4P8AwX8c+IPCGv6Jd6dqczabc+Fb23iutTs7eXEcl1bQpulDqGJWQKMZ4IPFflx/YniPTQgtNUu8BCoWF5WUjGSGy33sZHAznq2c13/gnxV4v8KXMkmn3sZe5iWK6gvImnguFBLMHRyybjtIbjPJA6ivm+LuEqHFuXQwGLpU6kPa0qs6NVOVN8jh16aKzVrPW+jP1Lw58Q/9VsfXrV6NTlxFCdGc4aum5uNpxUk1dON+Vqzau32+6v2S/jPBqPxp8PaP4z0Jdc+HWu+JLebxXaTQvDPLPKyvscNiV083lwgG1eBwa/Xj9vbwx8O/iF8OdW1Hwb8H/wDhENN+HNkbuy8b6bCIzqVlJGI47GWMjLRxZwXYEgggkEDP4X/DX48S+E/G+n+Ob3wFot9qmjXtpe2n2aNbeCSW3KtloMiJ2mClcuu3dk445+2f2kP+CkmhfFr4XXfh2Hw3r3hLXtW02awvbS1mU6G0blpGneGMbXIb7uAQFIOMgEfkeceGXFuF4qyXG5DCdPKMFHBUq1GhUXs5QoVbOKj9iCh8St76SVnufui424OzrAYbE47GOvmFKhmEassTXnS96vGHsv3MPcqSTTtNv3VZaaM/LIXEsV0YI0PlSguA+TuBYkEZwBnPzdRnjpkjbtVMs0a+RGQCAvyKeueSxGcgZ65HHXoK8On+I+mWeWnmlmaBVzcqd2S+ThsbtoxkENwcZB4Y11Hh74q+FTcRi51RYRKBtMqlQhIGRznnoONxBA4zwf7k4TpY2ksE/ZSlyukmlHncV7qbT5Xa7Wl9VZ69/wCO86qYV5jiHDGRoqVaU4yU+VKLlo021dLXfo/I9uuNJvLi32x3dza5XcUhmnVWXpwiOAR0OOQcjA4rlPhf4F/4ST46+HdIu55w1z4m8KW/2z5nuYS2s2jZjkctgdTgc/3QMHHpPhzx74Kv0CjXtKkmeNRCDcRrncByQTgng7gDgjGMjgdT8HpbNv2gdAuILi0eG38R+ELoyW00ZRvL1myJ5VsM5XB+XPQAEYJr+/vC/NH/AKu8U0ryVV8OY32cJysnVjhpKD5e90tL+tldnz2PliKtTBtZlUrQjiKajH6w5xvdaqN2t9Hpaz001P8ASp+G+kDQvBHhHSvMef8AsnwzomniWRm3yiLT4lEjknIcjJ4PBJPzZzXeFRkDoBnaOf4huJ6+uMg46Ac/NXIeEdRhu/D2iTowCyaNpMiqcAsr2UJGRwTtwVx+nHHWI6ODtPQ7cdcE57jP4njGADmv8RMxlKWZY+VWTjVeLrOon1m6snLS1k+b1Su7atW8zExnCpJzUleTV9dtLea1fq2/mTbeByMAdQRgng575x9Dycil4Hb64Hvn0PP/ANf3pxIIxgAAdOxwD+P0APrnOajbHTr9PqPp17Z9/cVxKV2mnd2tZK3ZvRa22t1Suu98L81td/ltp5beY1gJAVOechgDjjuc4H5cVVNtwoZ3wDgDAwRwQvAODk+3QZ4wTY3YwTg9euSR6Z6dM8EY6cnrUnmBjgnODkEjA6EcjnkHrgHoDgjiqjzO927rdK11suq0V9HtrukJWSV7fpt95AEWMAAADqMj1z1JA5H5ikyM56/kcduO+CMn6DOBmh2QY2nGAM49e/OMHoPYY47gsHA+9jBBHGeQR0IOO5zjnjPBrOUm5PXTordNL/8AD33b6IqyfW22/wAk/wAbvrp0VtZse46kdep9AOvQg/8A68UhUpwccnPp16H3/Tjt6puDcfLz3PJJ5JA9Djg9/Xioy6sS2MDgYHcEY9OvJOOCSxxjpWbjfW/npqrvtqt/u9EOzTas9bLbzW/zvbVkgxkDIBOTzjt1Jx/TnntziaM+vTPc+vGO/p2/DmqZfjHGBzjOOhJ6++MMO65z3y4ODgkjBUgHOMHHY9CWx36Z69ah6dfR909vvvYldU/v+56dtdCdnCllwM4z1HQcA/Q8bR1z78D5C/bgIb9l741rggDwHr/GecfYJjzkdM9sHvjIwK+sZZAG4IGQcnjbwcZB57df6nmvlf8AbDtzqX7OnxdsVy32nwRryYGGJJ0+cjIwepJUHP4jBr6XgpcnFfD9ST0jm2Xu+ySWKpd90rW17O9z6HhWjKfEGUQjvUx2FhHW2s6tOK06K7Suf5pC/E208OrfWn2O6munvr9IiAfL+W5cqpOMHJC/0AByPLvFXxd13WkfTF0uCGCZ4km810DKHdEDuDj5V3ZOchsMARkCv0r+DX7FvhT4n6VqvifXda1WPfr+qWj2Vmu1bdI7mRC4JGVOeSQMkngnFdv4/wD2Avgz4K0278TXU+t6imnpDOvmTlkuMOpeKYDKkkDjptODkcGv91oeI/h5kccFlmJxs55y8NSp+xp0tIVpUoNLms2/iXSOmz2P6kzH6KXFuZVcZn0KmGhRaq4v2dStyycIrns48t22kmlpfTvdfs1+wp/wSy+Cr/Ab4YfEDxZ40vY9W17TNM8Ty3trqENpYxXF5DHcLFErSDHkFlRmxkkfe4xVf/gpv/wT0+Anhn4A/Ej486ZeX+qa54Z0GNNM12DUoriJrlpVjZZo0Y+YOcKy5IJ7YIr7k+CH7JPw6+MX7PHwzt7PxP418NaBb+CdNisYNG1a4tYy89pGDuRJBxFITtyAPUH71eLftmfsNaf8LP2GPjLo2i/Enx34jNj4ZudRh0/X9TuLuxYxyPMzOshbmNV+Q7iN2Bt5yf4Hh4n5pjvFDC4nFeIWbSxL4qhg1lM8ulDD/UKuOhSWEVaMrcns+WHvJx3010/EaUKOTYz6jDMKlOtSxMqFWgqNoTcWoOCqXafvp3vdWd0j+JLRviBr+laJc2elXEccUNpOTLHConyXIDM5BYs2cnjpleQdwm+GPiTX9Q1S8W61m/mE6K8xeVxFkscquGUKFBbgZHU45Nc7o8JMFxpMKJ9oCLF5zkfO08m0FuMEFm254xk844r7v+F/7HnjO70+01aO/wBMs/7RsY5/I3ISEZQ25uCQXPynIyuSDggKP6J8deIMiyfKrV4UYYrG05JVJw/ee0dr8s3ZqzTWjtZ7Hyeb1VHMLzq6NyfKm9G2vibb0ttay1dt0efiNpFAWXzGQ5LuWZmBBODkDPXO4Eg8YOK5DxodmnyqyRkvF5QUgMGLYCgHPBJGeO59QM+0eMfAeueA71tP1jYrKpZbhB+6mRWK/LIoK8kHAyTj1JzXhXi7y5LZw0z5Z4yNvIUE424J3Becd+nHBr+FZVqeJvVoyUlNNpqS5WpWvZ66LRNN66HXhq8FKnOE725GrWilqvhu23bRa6Xe259R/CL9tzxZ8L/hlbfDuTwfZX9pYwPBYXTq6q7zsrYk24ErJjCng5BBAHNeRfFz48eNPjNNo934vlvI7PRGki02wUyLa2kD/dVATyCQAMngAdc1kaLonhO98OQS6r4hjs7m3DyoFkTf8hB2bcgl+Oc8DjgEEVS1XUPBSxWttb6pc6tJcyJGYYLcFgyfeO4DkkAbscdRyBmvzehwfk2EzvEZzRwNL69Um6ksTNXlzStzcsnZLXS8dEm7H7jiPFLibF8MwyGrjqMcBHD06LhTpUo1alOlGMYxqTS55Wt31Ts+tuH068UQSYLCTz3YHP3wAcgqRwOAcZHYM3Y819umt9SNyVczhl27P4kOcZyOTggHAzkc5+7WxrviDR9Ia9ltrj5FlMUcDIGeNgMHdtI2liMY6jnpjJ8bvvG+nQyLfyJeOzZhbykO1ZM8dOGwCD3OWGQMBa9DOKtWWHnQguV6u62sklzJWettOj76b/l1GpRWJVac4JqV/jSsrrVJ3blbbRvu7WPfYtRW61bwsLmDIOuwKqpzIWJA3MAFJU9iCcAjPpVb9qTR9Xs7TT2tfLt1e7WSK6MoRo3ZPuvu5GARzkEZ59/L28aX9lJpWq6bBbifSY49YFxLIGZVVS6pLETlWJwDuJIwSeenPfG74pX/AMUfAulyShodcur5g7idVgeKMYRoYkYE4C5ZuM9ccV+Wf2Nmbz3B46lFxpUYy9s9ITbtFW5tdW2rWT+F210PosXm+Xf2Nj8NUlOpia0YOmotWfIo6X16tacvTe6V+F0PxL4o1q9k0SXxIZILK3khIRgWiKIfuMBhQSRz0yM/eAryPxXJrmo32o2dzHcXr2UJT7VIrtsQMxUBxhV+XnkYOeucg9j8IdPuLfXb9hDGJRYSRzyyvuiE2Plzu5DsRySe4HzCu3l0jU0u55n1DTla5Mq3ECyIx2AnllOcnBHAOOOmQa/QXKtKipS5pcyanaTfupWgnzaNptO9r6NLRI/MamEeJo6txjJv3U38PTWXK29lolqmkfPVhenT7AKysjHaJNnG5gflbleCWAGM/NjAyCa0U8TXSxqgQsxXZmUAo0eDknOGB29zyOcgDG31OTwXa6ikzy3FigD4OFAIAPDAKepOevQAcZJao4fAlirb2FvcRQ5yyEgexHBJyGGRx3HXBrOmq0fZ8qjzaWmtr+7q1rbTfTR3W9reRLK5bc142Su+rtFK6u79W9ru6vdnWaHd2Evwd1OS/ij33E80COrENGsg2lcHG0Y+bgZ465Bz4IfBOjX1rJ9jvTlyqqTKFdNw+YMrBSBk46Dp82MEV6/PGLT4f6raIy+QuoGOOMKQVVivJIwckr2447dT5GIgGSK3MxMiKSCCCAME4K/xDn5QQMg4GQa95YupCFGN7NQSvdNp6dlqu66tpN328mpl1CnKSqUU7tpq7Uua0dXpr07Xel7n2J+wBoh0f4reM4GZPKm8LyR+YjbyzR+YeAuSM4OeMjv3r4C+NGlXc3xP8Z7LeeaAeIr7ayKWJVrmT5jgKcZPIfBH3WIr9Ef2EIltfixr0iySYPhm7V0kBYgskgIXJxnsCehx16j5j8Z6hpx+Ini6GVJFeXxHqCljGhyBcSfuzuBIDE4wDjOcnBwNXj6qwlFTTSjiXJO8WpJSi4rV2s/VdUtNCXltCrTjG6p2kkua7tZqyV9H6uzv6Hyr4w0W4SW1ljjlEf2GDcXRsn5E7HsQei54GSMcH9Mf+CYMLjw7+1HgNz8O7kgEFTwsgVRu2nkZHUc9TzkeaeMvBkNtYWV+8VitrcadDOpkkjeSJSoZQU4J3DORycE8+n2B/wAE9rTT4tH/AGmGto7RTH8M7qcmIcMiBgQVBJwcc4PLZJ7Z7sLmXNioOcZJJSbVu8Fe1+l3ffS19mV/YccPK6qQSsrK6V3JRSaXTRv/ADufizqfPiS4UghhqtxjAJYf6US3GMYOD/wHnHWp9anxqtypmdW27WIHACp0UjjG4+/QDvk/Wllp/hTVdctFuNO0wSXOolpJpYlQurSFj2J2gnPJ4z/COBv+NPAvgyLUCkSWMaSpKSUUOysucZJOBGR3I3ADnnGeiGcKMJRhFzfOpX12dlZWs7K61VvzPL/sGNSq6jnBpNW95XjfZaNLS7/B6t2P0C+I0zJ+xx+zxHBOQ0nh+6Vm344MZJwF/AYIHzemM1+RXjYf8SCW4lblJJYEBk2lmaTdkZYHoMdeucgCv1y+KMUcn7LnwQ06ykgKQ291EjRHGxIyQBjhsOp5H5cV+eHh34TW3xDg1mHVdVNlY2F+6pGOk7l/uIeMADkDjGQPQ1jjq08xlh8PBxk8RaMacn7vO1Fq99FGPK5Sbb36s+go4CpGrTjRTTjSjBPm6qKu1K90kleV+6SVj5S8JeJdX8M69ofiDRb2fTdR0y6ingmtXKuiq43jerDh0yrDJGzdxnp/TDf+Erf4/wAP7K/hTQdWgtPEPxA0e0WWedA8H2ueNBcSzAnBIy7kd+i55NfkNa/szeB0t8Qz3Bmhhcr+9+eRgDtCrj7pz90nr8uRnJ/Sz4T+Orr4YeJf2drvTJojdeAbM31r9riJVhayI/2Yu3yjzEUpkdm5OOvxfFXCGb4NUcbhKUfripVVSqRbfv8As7wSTs9ZNaLRbdT63IcNUhU5MZeWHbhNwcnZyTim0nZJXdpWtdra9j4n/b+/Zl8d/sdfGrWfhv4rkS+t9Sjt9R0fWLaMRWGrQXKh5GtVGQxhLlJMZCvnPJrwH4G3Kz+Kr9PsnlqunFSVPPmBhtJHd8jcMnOAMZBBr9Xv+Ck/xtP7bfibwr4q1XQ7fw7/AMIolzpsZsHE0zmVoxK7sOVh3KzAHhSSB3rzHRf2P/gp8H/h7ovxkn/aA0zxL4m1JrNpfhzplo32+ETIC9vPLvK5jIHmEqOQGz3r5mtnOLwOR4WjntKpDHYmm6Liqbm5VL8vtLRTjGMrczu0ld3FmuXc+OqVMK4LDwUatlONknyuSjdJuz0smviavoV9UsVm+GOgzyGQkajqIiQqQwlZ4zGg75Kg7Qeue/Nful+zJZabbeBPBb3Uk0i/8IDHN9njTcomWI5EgK46jGBzzjbhSD+KM2s2Gt+F/DltaBVt5fE88luHCqyxuRgOigAYGPmYkHtgdf6cv2Vm+Gdt8H/AdpqfgtNb1q38K2UErwXCCWZ5QQXbC8YAOVJIHTGGBr+XPGbiSGQYDKJ16NWUKuYRjF0435XpNttqyjbRXs9kffcC0W4ZhWScpKi4WjbmfwNNPR3STt5aNdT86vBNnrN/8a742yXUWk6/P4glurY2ssaRx2VtKYizBQqkg4jbcM8ncQBX5YfH23ZPgRrL+a8iQfGfWIdrMQ0YgvZCA2Rzx0+nzZHNf1ieGNV8AR+J5rG88Lan4fjhmvJrAnR0msriMxH7RA955e542UbXAbuMnFfzv/8ABSW1+HMmg3Vj4Fu7XS1uvGGva9qOjQWj2lvCYJAWaASDDkuSxIY8t1xgU/DDxVyziDP8HkdChNYidlObjy2ceVyTkm0rK14ve6a6I5eJOH8ZSweKx9aU404qLSc0+a730lJXs7tO2r0tqflm19JD4C1triL9zJZR6gFJLFvORkYAc9Qi598givy6t7sSeOxctO8aw6/Ay7Q3KtcDBOAeBjGOCuDk4r9J7pL+58A3ZjWSaK50IQ24hIcuYi/PHHIO0jPXAY5Br4IsvAGtW/if7dd2VzDEuo294LaVVEs6JKHKICeS2MZIOeWwRgn+r87oP6qowVnOi09m+aULJ3vfW6S6Nu71Py2nU5JUptvlhUUtknZNLT0tZatu17vU/fWwitLj4Z6b4jl1NnuYbLTUWB5iskKiCMCRVPOex9ADyCMHzn9oO2lj/Z61KCJjOp8SwTvKpUlTNEhBHcDbjPXqNvFfM/iT46+KNf8ADC+GfC/gLxDphSHS7ae5hQSRTrbCOMpEuCIvNwSxX5QGIJIyK+p/inb3N7+zJc2zWzprLXmjy3EE2fNjlkhiQxEFWy6Ac8HceQoxtr8U4a4fx+UZhVxGJaTxNecoNPmfI5Xs7XSWqe7aS9EfrU8/o5vgqlPDpr2GEScrNKTjGz0d3du+j02aPwF8UWBsdcdoJGBW7aVsbjyGJJ+8ODgg/QZGOK+iv2Qvih4ntvH/AIo0qPUTHamC3Ji5xlXKqx7nGFGecY6YrgvHHw58SQ6nJdjTJfIaWRvM2yEcAklV2bjnjHGc4z3qP9lDT7lPir4qjEMwki02a5kV7eQDFmXkcnK9FCsOc5Oe+QP0rDyjK+0dJc/SySTa80m3urbLZH45iqdSFdvlupSkrWdraPVrs3r6WVrHqf7NWqXWp/twTXM8rPJ/aeuys4z8xRHBOecgkcc9MYIUmvVP2+vEF3Y+P/Dy72x9hnuBhyOfMfAYdGPPpwSVx/COE/ZI0aaT9tG6eS3mWJINeuw7xMinzbd3GNwAxyOfTGMDIXof+Ci0EK/ErQIknYD+yowdozguysUAAPOSMDnrjkD5fchiuXIcVT9o+RYi6XNbS8Nfeu9UtbbI440bV4T5fe+G90nbmjvs72+7Sz0Pj7Q/iHqVrASEnOJhNA9qGt7mGZSGDxSoVZXU4ZWUjaehAHP0p8IfiHJrHiWwt/Fg1Jn1DUdN+y6ldzSzTs5u0UvNM7b5gqkYLnGQpA9Nn9l39iH4q/HkJqvh7wz4i1DRUuY0S4sdLuLiKdSR5jLKiY2AZJ684BBxiv2X+Hn7DGieCoLyfxT4Jg8nwxbWl/fzapLHBqaz6fNHO0axyYMaS7CxUYJXcMjFfkeN4+yHLs1o5Y8ZRrY7nhBYaM4znFtxTU+VqS1lLbWN7u1z9FyfhLNcXg5Y2cZ0MNGClKpO8VKLt2tZXu4vRK+lzyD/AIKXHU9O0T4d6loN9q5vLHQfD2mrNbC4wljNp0NwHl8tS+2Qkbh93BwxABr4h+Gfif4weONIg0iXWXu7Cx3W8MItJJLyAMu43KxrGW2pyCSpy2c9M1+/vxi13wZ4s8VeDvCt7pnhfRdL1/wtp+sWWr+IPsz2dtZafZLa/Z2jkBLKWG1WByGwT0Ir7Z/4JVfAD9nHT/EPiPV9a0/wl4w8R6pqF75BmitWt7CyDuQ1hDIpQ28oO1SVIAfjOMHXjPxChkf1SdChVnUxTo04KKcaVNz5XzznJNKKve6V+muiPQyfg6GMw+MxccwlGjhYOpOnCUpzqcmqjGLl71+1raxfp+Av7IH7Jfi74/fHLRNI1f4naboWkRaNfO9vqJdBey27lZrU2s7RstxKgYgKMnHA5Gf2u/al/YR8JfAT4E+JfFvgbUbQx3Hgu0XX5NJgmtri4kxGroGDEGNuWkBHznGMEg11n/BWHwF8MPgZ47/Z++LnwY0Cx8GeOpvHFvperaToipbwa3p811GJb+5gtiELLHuhICKpQknIVq+7PjJ4ks/iF+x38WLvVtPtFWD4eW8sJgeObyrp7SOYr8nRw3AUgsDkdK/NuIeOsTjp5Vh4yaeOr2qxUpThzQlFzTlb3Vy9lq9Etz63hnJ1hqazKM5p0VCcVNzjNc3Kk5K9kly3utunn+O/wb/Yd8TftNfsq/C34j+GRJqmueHtR13w/aaTdSrYxrp63JCs0+wtJcAAmLcxOeAQCK+Uvid+xX4v8KaF42k8ZfAjxdqOj+Aphda14nlmdrMxSAkvvZfm8pj8u3GRjAGRX7hf8EfvjRpOi/shHT7gR3N9pnjjWIvsl26xhYpbmRlZDJjkL82DzjvjFesftz/FnwTYfs8fFzVNQ8RvpE/ie0FhpWkQyq1rf3wxtjl52urEAnk/dzjJGPzTMPFiplnGeB4YymlDF1ZVYUsVTndShKSjFyi5LkTSSXK/eb0Wu3o5xleJzfD4zG5jTmsM3GWHxPPFxnG8FZqTtJx7qLas09kfgb/wTy/4Ju+Af229f8bL4nsbnwl4a8NrbTLHYwm41e+tJVLxtBKT/ozqqsPmV/mA6EnHU/GP9lP9nn4O6t8TPA/wU/4SfXbzw/BPoPiB/Es3lzyTvLHFDZW0m1VV1OQvHJYDgnn1r/gmR+2L4N+AWueOtP8AG/iH+wB4itbV5tStkHlsLbKxW0aqVAfyWbBHAPJAOAOf+MvjLwT4w+JXxm8R+FPETXul+Idd0PWtOlU4kZZLpJmE57STbSSASCex5Nfq3D/E2dYniqtg6+DdPC0cLUmqnI4qUv3ailJ21Tk7tXu0krWZ+Z4zJcFQwqq0atOpGpOjGCi1zp3TndN3u5NOKt3XY/Kr45/soeMvgVPoCeO9AvvD2i+NbaPxJpf7kXkz6eqrKP3oj/dshIDEkE8DI78dc2sPxK8PwR638StfvLfQRFb6Hp2qRtPa6XaWi4hht4nyqjoAV4UnggDn9zf+ClPi3QvHfhX4Hvply15c6X8N5LPUre7CKoK28IaCB2yXmLD5FUZbjA5JH88V74/bRNTfSrDw1qqW6yKty82nTPGgLHK+ake1VA5XcduOeQpx9Bl3EWIx7xcLOnOlWqU4Rlze84yjG8VdXu9XbR2SVjuzvKqWX4TC1MPVTVejGVSHM24SkoaWi9m3d6XVtr6n6Ufsc/8ABO74S/HxPFOo/Er4naz4WnstN+22l59jH2BERTIuxm4Z5No24wFGeDkCvlv9qLwxY+E/CB0/T9du9ZtfBvjzWfDeha28o23umRBI4J4wpH38Ev0z04GQet8B/FP4rzCLTvA2r3EGkXdpBa31jbHZOYmU5g8hQXZsfwqM98evg3x7ubmT4OXseo2t/a6v/wALHu1+zXPmJKu3azlY3wU35LDgHlclQTnbKc0x6xzo5lVilOaVCDclzRbhf3ZXvy23s+mrV0fM0cLy0MRPDc3K4t1dZpRejW6ejbTTTulujwPR/iP4q0+CPRpvFeqCyRXcW63UohG/na6A4A4x/d9T3HRah4k8X3ljFp3h5b5ba8txc3Esds88DsrsSPPChVZ/UngZwQDXgFmNThnuLqTTLq4gEQjZwjOsYOOGcAoCexyT2znp+xPwe1nw1rP7POpWVh4Bn0PxF4d8PWttdardQJ9k1aG6kbffHeokMwByrIy42cKQBX0uc42Cp0X7rScIxV+l4qz1e93a1r2eisTlMalSTjzy9xNOUeZSUbqzvu7q6urNpPonb5++H3wy+MXxHXR08NRFNatrSTyNOlmK38zwxq4v7ZgyMkiHJBxl8YPJ4+6NN+ImpeK9Btf2e/2mtOm0hruxt9P07WLqxaOR5kkaKLURdSBjHLCy5MgcbtpAA618+fBPXfFNp8ZvB1n4c1AQarJJBa6fNDIVgw5w8Uqbju3gbNzAAk5yOcfp9rlr4K+MWpXfgH4o6ZF4X8e6fvhga+jS1umiQbjqGk3jqqkyn5xFvbJbaAGKk/ofDFBTyx1IRcOR25bLklpGWkrXvutrtK11ufvvArhisDVw9Sq5Tpz5U3P30rRb5G+7Tu9X00s2fBmu/C343/sbap/bnw1vtQ+J/wAL7Ty9ZfUbSQ3Q0qFwGaK6iUymNBCRiUYA5JXoa+4v2aP2so/jH4V8QeEpfEottT1tvt9tp2tyRvaCJwftFmGnA3lTvTyuCeMYHTgfC+r+O/2Q7vxLY+MND1D4rfCzxIyRW9zcI939ksXcoQ+fMRYfKJWUMMAAlcZBPVfEn9lP4IftCeDLf42/skeLbHwD4z0uJZtX+Hf2ldPivdRIDyrBH5im3maTeORsY4+XauK9hVHSlpqmpP2T0k0rL3G11XTd3vfo/spQ+qzVGp+8pOzhNK7jqrLR+5J3t8lfVJL6I+IH/BNwfEvwx/wmfhi/tPDPid9Le+kgt4lh0jUj5ZeNcqQqzSsNykNkMQF6cfDnw3+LP7SH7GnjDUdP1e01a78OaK6jUrC5klutJkjc/LP54DLGhTGEJG3PTjNd94R/bv8A2nf2btJ074X/ABm0O6S0htvs9hqOqQuftccRxbpBd7Sk8QOP3kb4OcN1YjU8F/tVeD/il4tbw78SbC2J+JF2NN1SKeJJLNLJ3At54ncMI2AdVdg+FAJ3dqwhU9rKMYVlGo5K1NpRldqKtJWtbp3d92eXi62YU/b+05cRh4vmhCL5pSvy6W1urWt30ta2n7Ifs7/tp/Cb47+FLDT7vUbPRfFd7pxmubG+aJEAUBikSy4jnibkFRgk8gZBxy/xg/Yj+Hfxos77xDpEUHh7xFcCSay1bQVSNLt/mBaa1jJEis2CzYHHtxX5nfG79h7xT4EupfiH+zrqkmqWOn20F9beH7a4PmpHgPKbCaNm89WfI27iR0wDXN/s/wD/AAUk8ffB7xFB4I+N9hqapFfpbQS3IeLVNGjZtsiywOF82LcD8wGCCDnPVYjDxcvZ1HySk1Hmla0muV+62/d0u1zOzurHmqlhMVTlTqU1yVYtclVLmi2o3itrJeb2vqeR/H/9mHxz8G765i8W6PM+jrI6Wni/SoXa3kVCSBeRoCqyAH95no3QkZz8jJPrWlTedFM15poIEd1bSA7cY2ggZKkDBbIxyOPT+rzQfHXw9/aS8NNNZS+HPFXhzUwIn06WS3N2sssYaVJYHyykhmGdoO445A4/MP8AaL/YIis77WvE3wiWTTzE0ss3hGRTJHKBlm+yxgMpHXCrnk5GKxq4GvQlF0X7SNovR6K9rO/d9b2SS3R8Bm/B8akZVcC0pK79m5dG0lbR21123S10Pytl8Q6L4t0qTQ/FunWes6VPGYZ7fUoUuVMci7SqtIpaJ1H3dp3cDjtX54fHn9g63voL3xj8B9YImjaS6n8FXcgEYXLSPHpsjEBATkJH82CMAMc193+KfC9/4f1O4sNYsbjwvq8Ejq1tdxSJbTyRNhikjACMkjBGO+MmuBPiHUtKuZGeN45FYAPGWXcmMB4yDh0bHBB5HHJIB4atKjWShXhHnTSV7Kd7x5t9bp6aXvtq9D8xzHKalCXscXh5Rd7LmVnfT4XbV263Wtz+fDxVD4s8Ia5daF4n0G50LVFYo9rexyQSFkbDuGYBWVgGK4YkjB4BasnXNN0/UYLGS3tk8pIWLyk5BvCMlQWGGIIwR932xnP7++Nfh18OPjZpb2HjTQ7C/vDG8drq0UaRapZuVIVkkXa7MpIY7i2c7e9fnT8Y/wBi34hfD/TBfeB0/wCEx8MWzy3TQRpnU7CIhnw8IO6cIhwSvJ2jgmvAxmXTgr0rzi30XvQV07X0fW/R3Wu91868u9lJzpRUl2XLdWcOqtd6+TbV3d7/AJ+AYsxbvsjDRsgUNhUKkAEAkbn9ATz93BJzXG/YRL9tLBPOWQbSzAsyg9VAO5QwHGeQDz3Zeg1CC8t7y8tbmCWC7gkkD286tDJCwcqyMjqpyCCCOeQdpPOc6O3Mis7IfNAyxDffOVJwB1IYc8d8EnIzxYek4XV16t7ysr3V9Gkk3s9HrqYuLvdra2jbb6dO6t1Xfc7X4eRx3epzQTxZTySEUnYwlwRuQtjkDB6FvywPS/CmgXA8SXNlII7e1eYt5rjeGbnaFUE4JPGCSuRjGDXiukvcxajYtAGSR7lA8aEbzk4IyCv19RzwK+nZnj06C2ki+W7EKuZhyzSEdWOThlyAGOeeMHAr5LiKvPDtqHL7SrC0ZOybatZRbT3Ssvn30SlyvXsmm7eTSvqtLbaaa77O1fTbvTZJAfMkFsxKODuJ3YKcDoDkDpgDpzgDFvZJ7yxCXUklv5gbqAGlkA+QZAHfOcFcnJ5JJqtqniO7tZ7e4e5Eu7Y0yE5DsONrE5GWyMYGODkgcVl+KPEN1FZFxFhJYRLExXcImfkqCeNxyMKSWBzjBOB8rhsHiqlWnKUOdt+9JPX7OvTbVK+9u1y3dptX80vta907O2y3636HDazm20zU4RKXaaI7geQCMg4Oc8rjPIyePevOfDt/dWd1ZPHKYJbWVZIWj+VnbIICn+FiAeh44IyRx6l4YX/hK01HS5NqTm0dt7j77rnYR0KnOCRxkdiTXDad4c1G312GyuLd5JILnDAIflVWOCeOQDggk4xyxODX6LlWLp4KlUp1pqEqajPlk3HTRPlW7s03pq9Fte2Ua3LK99rStrfomt073dtNL21Ptrwb+0NqekWViLq01h5LdECSxylgVUYOVCEE4GdzFj/EBnk+3WX7WsDQr9okv4WAVnFxbtMpPORgAD+fPJyTXzVolxBDZCO6tonaJoxIrIA7DhQUTJJzyCBnI6HIrqvsOh6iwMMNsh2kvGwXI3ADYQuMKee4wT6HFezlfFmGx1Z4aGLVKako2krXacYvVtX10+7qdax6qLWz2SXW65U27vXbu3t5W98n/ax0O8Xabq32lCz+bYEc8gk5OeR3HYDsCaxbv9o/wrc27pNbaHdFsqA8KIBnA5DKSOM59M5b28NPgDTLppHijijUru2lFwQDyFY8ELyOADjBIwcVg3fwntJ2Z42RYyAwQJgNhiTtbjnnBySce2a++pwx06alTqQqKSjrG3LJWTve0k27XvZXt6mVStTqK7tF31dktLKzs9krdGtNFdanUeMPiH8KddglS98PaI1xIrFWh2R/OcgLlQox3OegJbvz8ceN7DRJJYJ/D1tFFC7t5lrHMHOdx24wQQNozgnvnqor3PUvg6JwWt5Qw2kuAhLDrkjg464BGMZ7DArzvUfhLrVmDPaRmbypNyqwYfKCcHHcHj8+eSQPPxWFxig+ekklZuSSu7uNr+6tV2stHbdkwlG1ouMrX1bTbVo66p9Oit87XXDeH/Dp16O4j+3CzeIJD5eTlgxAw3JJUc8+pHDdr+u/CHxLaKj6bZnU4PJDvNbq0rrGDku6rk4H8J/E4OBRHpur6BqkV3JC1u6yKbmIkhXTdkgKwxhhnPy4BPAK4x9o/CnXI3SG/jQXFg+22urR8M0BYlGYD5tqbiCOO7Abj18DG+2pwvJOMFFp3lry3Wur0u7WdtlrsfSZbgqOOhySSjVautW72cW1fa9ml2XzZ8xeE4NUmtbXw8IbqLycyyt5Dgw7Blt+RypOCG28Z7YzX3z+xF+0lof7KXx5svHfjLwnp/xH0B9Jl0/UfDGpRQTW8sEqfLNCLmOSNLiJ2BBxnjAOOBe8c2Gg6Tq9lqFtZ2enXNzpBS3MUcZivjOn3pUVflcBuWY8HtuAJ/PH4hag2n+Jrm0iUxPkyeYsgG1iCfLU+gOQuO+AeOK/JOK8jwPE+HxmUYiUvq2YUJUa3spulUUZpaqcHzQlF6qV07q73s+rD0sRw9jaeKppSnSqc0E17sklBqMk+ZO92ldW7dj+wr4W6J+yX8ePhT8WfH3wj/aIvfgf8Vvibp+rP4m+HwvoLCxg067RzHpVvbqYi6TyMkTNGVQLlSuPvfgpD/wS4/aX8deO9Z8F+DtBsda1OKC+1q1cahbOmoaUkjsmoxSeYcPcLtbZknLep4/Mbw98R/EWiXs95BdXkdw8fli4t7qaFyi8oQY5FDbSBkEdR8xbmvXfC37ZP7RPgnWU8T+Gvil4n0PWbS2/s62vYtRuQ62DAD7OSZDmNQRhTj5SQSvJH4vw54T8c8C47NqvCXFGFxOHzGNGNKjnuDliatB4dKFGKxFGpTnOEaT5bTT6PRn1eY8YZLnmChSzfL6zrUpNwqUJqHK5crkrW5Wm7N9X33PIfi94E8S/C3xdrvgLxXp76f4h8OX01hrFlclfOtrq1Yxy8AsCoIJQrnj+LHI8qttPjurO6uctLFErjfkfI7Dg4OVOO4bAOOAoPHSfEHx74g+IXiLVfEvijVrrWNf1a5lu9V1i7cyT3s8h3SySOTy0jEk5YHPXJAFcVd3cVpob21ncyefdSb7iI5VvLUMFUHoM4GBgDDcZAJr+nsmp436hho5lKEsdGjD6zOheNKVaMYe0dNTd1FyTaTaaTR+V1nh/b1XQUlS55ezUrOSV1a901dJPmv5WWiawLeMtcJGQsaFZGcqx3SKGOSvPGRg45GM5BFSzJ9mmjaO5jSF1JAD/ADbe4Yg8MwyMDOQTxjNczPJNJEj4aOUsEBBwRt5GXyOMjBJ5J6VUY3KSsGRmypHQsoA6dSB75J2nnnAIPr8l7Rnazk3bTTSK3W3ZbXtfa5jKb+ylHVPRW6Rvsl1T/C91t6baeKLuBhDZNiNojbuSWZNhxypcsoJyeD0G4HIBK/pL8JLm5f4OanJ5YCrp05PyghjsO729up7DHQ1+TFhPNHcQgKSgwxDkqvDZBGTjPpjtz25/Vf4SXQHwU1aJ2ZXbT5miVc5YFCTuOAeM4wccY5xivRynD0IVKjVoXindJLVuLa0tfXe99dzkxsq0qUNG3eKXM72Tcesk/mu+ln0+MNXH2i/lMa7WLvuG3Ck7255HQjJAzz/dyBnmNRstn3gsZKqfug5OcbhznBJznkfXt0twzfbXi3BiZJGYnIYHeQfquORtbHUcE829R0/fbJIduEKoGGSeMZzjGcYGR97GCWzjHpqmrXTTlzO6110Teq0to9tHp8uG0oWdt2nqlbVJu1rtbvfXvpodP8A/CF74l+Itja2UhhurWFrtHwFVXiAdS4Iztyq5B65PWv0/+Gvxy8CeKNUuPhz8Z7WDwnqVjeyWVp4mSMpZ3rRgQx+e5AWIsQDvJ4LHvmviH9kG3jX4oxynczHTblRxnG1CBk8fdyCAO+O+a/QM/s++G/i54I8UXV1btb6vZ6rM+n6hbwlbhZPMJXzWABMTHqM7l4APGauvgI1sJGU3yThOTUnJRf2eWz7v7tl692XZlUoYxxpxjUhUjFODS95PlWr0Xm336XZf+NXwAvtN8KapdaBKfEvh/UbT7VZavpsou18kjcolERbcpA+8c8EjP8Nflv4h+GOtaRaXF9LbPJGkqqu1WMuM52lME5AOcnOQPWvoKH41fFz9lLxtJ4Lu76TXvC0awrdaDqUz3NpLZysodrYS7jDIVOFXdhT/AAleB9UReJfhR8fNKGs/DO4t7DxUsSyap4Q1Hyo2e7Vd0ghjbG9c7lVkU5HpXle2rUYTWJtPlaVOot7Nqya8+r2V3d6H0NfB4XHNTwrjRrRT9pRdrSl/cfzdmn111dn+PV5plzDJLJJBPsLLukkidQrDJIIIxjAK9vlyO+R23w6+LnxB+FWrxar4T1y8sTG5Z9Pd5HsruNcgxzW7vtdXBIK7RjnJxnH21r2raLoVne+HvFfgC0i1QXDuskluEaQKSG2ttG8FuhBI5yDk4rzrWI/hDrtoHPhWTTb22jRc27fKZCcMducEEcgH7p7dBW8aLqKEtLSSdrJ2+HWzWltG1r5aHjxxEsDWlFynTnB6qzV7NXTWm2jT1T3Wlz0vw78Z/gv8fHisfiLpNp8O/iDKQkfiPToVisL6coFEl2igKDIxH93k5zxXm/xW/Z58ZeDrn+19Ot18UeGLlWnt9d0dluojGVyjzCEl4cjBwVbPTOcCvlrXNL0+XX7tNHDwWiSBbV3yZF2BSV3cNndgZUjbnnOTXoPw2/aK+JHwsvZbay1eXVdIgl2TaHqhN3ZSwklWQxTM6glTg4GMEZ4HMQpVqFRqPvRcruMnomrapvW/lql08/ZhjsFmEIwxlONOqkkq8EldWVnNRsno29f0INItkWGaORQZWkKEMNr/AC8sh3E9zhgF3YwxGOa5fXLYySkRwp5UbEMCMA/OODwNp568E8DBr7t0jxz+zV8d4TDrdmPhV46uQv8AxMLOPGj3N04wWmQbVUO2OmMZ79DwvxD/AGWPiB4egm1fQoYPGnhyWIywavoDrdqYsBi0sUW5ozg5ORkE5P8AFnrjXg506VRpSei50km7RTd20pNaPd9+hhXymrCHtcLKGJpaPnpO7V7O8o6tbdNNtOp8g+H9b8R+HNShuPDOsajoN1DKHRrC7ljTOcgFFbYyjHBKkemQBn7q+HX7dXxI8Ovaab8QtPj8U6NEFge+iUQ6kLcbV3Ow5nYBckjG7G0HPI+K49Lm0/UnguIHilWcRyRzxSRtGwG0o4kCnhsHAGRznGCa7O40u3ez8x0CvGxCNngksrccc4OGAwMDHy9hOIyzDYpum6cG29Wkk47W1euyVnt/NbQ2y3OMxy2SdCvUp8t/ck7xsklyuLdkttddOmiP2s8B/HT4R/Fq3sI9E8QWUWoS+Wknh/XAkM/mtj90izgFhnhSDzjnqTXq8/hN9OuZLjSNR1Hw1qQIntm02YyWcmckExLmNkwQcYPynn1H8+OlwG21G3uoJZLaeC5tyk9uzwyDbKBwyMjfKpAB3DOQoH3RX9DXhHxn8OPDXhb4a2OuaD4l1bS9W8Oaddap4qstSFzf+H51gVbqea3bc09qWbcYjh9oK5yRXPh+AsyzCNWWVyVeVGPPKk7c3Lazskn1dktfuP2ThPibD53SqUMxo0oVaKi5VqbaunaN5q1027NPWzer1OmXxT41i0uGLxh4b0zxzpDARTXNtHHFfpEOd0kDBjJIFOSFwQeMnArx3Xfhb+z18SL6R9I1N/AviS6jZDaXkf2AC4PBVvM2pIoOQQrBSBz1GPsx/hfpvxH0C81L4A+P9P8AivBpNrDqF/pek/6D4qsUkUyTQtpJZpphCAfMZQy4XPy8FfmnU7fT7jUodK8Y+F4rmOLzIbhzbNDqdpKhMbrctGiTRTRsBuLYOQQCVO2vmMVl+Z5PU5MVhsVhZxkk3KEoxclZa6csk3191NWPpsZkGDxtKyhCpCcU05RTveyi7rbdvy+9nyR4+/ZT+IXhmOS60OGLxfpD/vBcWTJNJJHjOfLQt8pGDkdW55Ir5U1fwfFBLJaazpj6NcxAxyQ3KvCyS85B3qFBx0UHnrkV+u9r4B1i1Md58LfiFqeksvB0TUpmvtNQMu4RPHIxZEz8uGfHBXjBFc34rtdWmha2+L3wh07xNYRbkl8SeGY0a6cN1uHt4080sc7hnoeoHIGlHiCXuwrRTaSUtk7XXRW6Pa66tXZ+d5n4dQk6kqNOdO6b9xOUE7RtZeu2qXn0Pyb8NeFrex8W+EJ0VzHHr9songO4KmSC2R0+9kjPIB4wCR3PjKTU28ca94Ztmhv7SbVkt4VuFBnmlmGUWLd7kYwTk8Ek4NfTOvfAf4feIZhe/DDxu2lahFMtwnhrXN2n3sMvJWGLzgBuVujZORwcEVwmoeBPHXgfVNO1zxN4LbV5dN1GHUY9UWNmhulhcMommRWVyQAVOcZ5P3q9zCZrRqO0ZqLlZat6Xt71t3rZWaaW7srH55mPCWPw3uRpupZO1m+ZpKPRXbStrfXz2OSi/Zk8aXC7NV8Py2cE0K3EZNszGGOTo5kHPC7cA4HzDGMEjoPB/wCykkPjTwha6xOrafq+pLaz/Zsxz7Zt2AcjcHBCnABBwfTNfYXhz9q3wdfQXTeLI9Q8O3ckUVulpdWzXNnGqgJsjYAME+XgnJxnORweA8d/tKaZoniDwn4p8JaTb64fD2s20iRfZVjtLmIsFM7sTtHuSp2gdeK9unUwuIpThNUnKMHZ3vd2VpWS6tXstdNNj88xOGzvA4yPI6tGDqRUk4yVoxcdVfZvfvd2ta7H/sr/ALGnxW+J/wAbviJ8LPhj4kv7bXNO/tS6023hnmNzImnEyxWxjEgjTz1Mah2BwwxjkCvetc+G37aPwB17UNA+IPhZ9chtbo2a22qwi6mndFB+yxXERGJSvJUkHBz1LV9t/wDBFPx1o/in9urxXr+sxxabqfjPRNZvIILRx/oJntY/usgwFBOcgjpn2r+orxP+wp8IfHN7rXiHxRca/rw15jdnN0ZFh1ALtgubdyTsIkKqxzjauDyK/KM6zHE4PHTp0IRlGL96LfLJJqL05u9+91b5H6hk2d18E6X1mpW5XCEoy0bjJKKbkt9bbJW0bvrY/hZ0rxt4C1zxNNa/Emw1f4TavK0kc815HfXGhzyZ2NHlXSO2Vjxvywj4zwK8t/ad/ZH8L6ppjfEr4RPceK9VaG3tbi0stQi1GxeG7KrFcRop3R5dixQjJHymv2b/AGzf2OPjR8M/iXq3g/xD4E0fWvAktpc6h4R8SJpJv4bWxkuJJPs+pXcaYW5MBVSJcshwRwTX5XfHq1j+HfhK+8VeDoNT8J+INNfS9Mhj02WdNNvG81VluVsWcq8aN1fYAMY4wDXJhuKYTrUcJFwVfmUpSvzOLilpZ6xezTSd7q6atf8AoTgnOsVCrh8dNQxmDg41PZNJt+6rtpu6a7tpp9Efdvw7079mr9hD9grQfiRrHhvw54h/aJ8YxTRTXvkQS3cNzcQtCNOvbSeOTZa2ClZCwA3OpZWyMV/OF4q8eeONU8X6t4qfULrULPXNUvb+O2sXaKxs/tUzyGG1RB5cYj8zaoUKCAeARg/YmmftI6/ZzroPxQ0TTfjF4buZoXWyvISv2CW8RVdIZACIpvmwARnd82PmGfsb4f8AwO/Zc+OGjrp/g7W734WeNo4xfP4R8VabI2lX7SybRaaVdyrEGYkhUUH5gSBls19O+I8FglKpipOHLCMoyik/eglGTl1vUbu9Lab2Vj9tq8WRzuj9SwGbYnBT+tSxVWnXqylGLXLGFGio3jDC0aS5VTjBJ25m7ts/Oj4E+L/h7qeqyQ/FewguxYky6cbuASLcl2yYJXAU/aMHETE8tnPfPJftueDPhpoXiHwtffC7TtVsdF120ttT1C21O2khjj1CVlZo7ZnVfMjCn5drFR169P0w+Lv/AATk+IngnRrvWNH8FDxTpM1mNQsrjw0VuL+zuI/mWWawjJnjx95Q5YN2x0r4M/aY8UfEfXPDfgHwf8RvCkul3ng5YUt7vUNJbTdRubFGWGMXDNBHukjCqQGJYjkA4IJlWe0sZiI4rD4lSptxcqUlzJ2a9+Mb3i7JKStbZWaR9Jx9UyvNvB7MMsx8Mvxuc4ZUqmAzXCwhUqyXtYqpTqOC54uMG029XtK1kfmTq2nvPq04WFzlkVUIf/WHoqDJ3ZIwNo6Hj0r1vwX+z/8AGDx5fW2n+G/AWuapNcoHtoY7GVQ8calmmMrgBYlUbtwAO0E4HOP18/ZI+BXwd+JXjGKI6VpetrZ6Zp1xc/2ncwQy2NwqJJdzrE5PmMGD7Qc54GCTmvoL4oeOLbwN4m8R6V4DvdTkudGv4NL0ZtJsA8C2bKILuISWkaD7RbqWIj3EsFBJPIX7zD8QYd4qjTblTj7SCdrRV24X2v0b10bflv8A505lwni6UpucHUjJucrJe6tJaq/M3Zpu66tPVO/4EfEzwZ8V/hLZweFPH2izeH7fUhO9hHdJtN4qHZKYJgV3GN/kZyAwbC9TXzHFaCK5i5zJHdwYVh8wAYcHnIyc5JPGOnFfaP7XPi7WfFfi+O31nX9U1iTQ7m5itEv94lso53aWVDE4DRuz/MVYdhnHSvkOOFWkSYyFn3w5BwGBLKM9PTj1z7cV9BxJmFPFSpKlWlVp06UFFt35E4xbSTSs7vyPzmhg6GFxddU6KhKUpc9l97em8dLb766nQrZyf2xcgKSDLEwUjgAryR90EL06cntk1+g3ha3/AGXPh58M9G8WJHqfxI+Kd9Fs1Pw7cZi0PTT2JAyGaJgGHzYPZT3+IpdKmOoBUkCu1pFMnUMzbAQfViQxzgd8nIUV9J/s1/s7/EL9oTx1p3w++H1kt7rd7Mpm3yLa2dnamZBLdX11LthSO2Ri8m5hxuxjpUZJmE8AlKnRp1m1eLnFyUX7q5lHbR3aT6apPr+eeIHD+GzmjKlicdisHRTjKtHDVvYSqwi03Tc4tT5Z6pqDTkrfCmdP4w+OfxF8eW9roQvNQ0fwwlpFa2XhTSYZUspIwAsSNbW6lpmUDG4q24jjnr5Bqa31mxttSgntrqNSPKu4bi0lhAyQHimWNgM8g7cdjwBn+rv4ReCf+Ccn/BKzS5ta+M/iLw1+1B+0be6JHcWfhWxgg1nSfCetpDuSyVv31tbSQTYSSWVXBw2AMgj8Z/2nf20fDX7Svxdm8a+P/gn4E0PTjPNHDo/hTTINLnfSzKFt0uZrVIoGu0hwPM2KC/bJqc6xteuni6k5OUknZra9lZRb0SVrXab6HznAeGy6lUq5Zl+XrD4KhJwjiHScHUleKcnUlH9656Ny55OX2nZpH5mWeo3BhMLyM0St5gInk8pCCCoZd+1iTx9Rz7fOXjqP7V43up/J/eNZI5B4xt3MO+ecZ429cZwRX7q6h8Lf+CenxH+G15rvhbxj4t+GHxBhtppf7B1MG80x5kjyscLrtPzudo6YByR8uK/En4k6dDpnxCvbG0uVvreKyPl3YIBuot7qsnXALrglRjjg9zXzGHxLxE6blGUeWS+JWb21S87K2tuup+ufUKeGpT9lKD5qacuVppXSWqTWtr6W0+4h8GtHBeIJXijBUndIQoHAOASTnn5TgewPJr3W2v8ATjECLiBVVmAQSrkEkc8HnHIHORwR1NfL0TlWKFipAyS3OWz0U5OeMHgA85wSSTb+1KgBWaVSQflLnBJwM8HkfxLknhsZr7TB49UIxjNPR+6tdPhvta1/+H8/znMsieMqSbk4rm727X7X1tp32vZt+/anqNltdTdRFQGJYSISQecH2GACOoz74PjviWeLIdGidWwcIQwZiVAZgO45yMDnA6ZNcrcXErkBpXzg85bjOCerEEYweeuOuKzZAzttLnDDJZmJA2nOOW4DfKSVIAPHQV0YrMvb0+RLlVvNPWz87977pvfQWWZI8E7puT0SUlpdWXW2/beX3oo3g3Aup3fOQFAzliSGJOOoBzjPBB5wRjyDWVDa267ihkIU45xuJGeeB1zzjAznivXJrdyCN/G45bBGSASOnHPGCTzwOvNeR6yjDXSwAPOeDkZDYyDjoQCctz9ATj5TGyTcFfS6u9dbteV7a311/A+7yaLp+0ck0uV7b393qla3nd6K1jodNi+fDZJJ9RgAKVwME43DuehPH8NdJFbkoQFzkZAz3B5GCNpHHAJI4461k6dA0bKWBw+H45J3AcZ6HA46g+g5JbqoI8gPzgFl245GT04PUEgDgjn613UKf7uKTSvZ2urrZK3pbW9l3318nHYu2InHRW0bdtVdNdO3T/glBrDdtbgqDgqAQTkZ+6cEHn05GDxgChNNkDKzAAMTnJ25wcEHJ4AHXJVcAgA8ithISH4duRwNpLEkHAPy8Y3bc/TdxjFhoVLqcggcEE/NuIyR3zjOcdcAkYOBWqpNuOl76XSXe1ldq9npZf5pcqxCkrqWjte7fTlfVr3lZdLduhkixVWQSJlPmYqSOF6Z6EkBl4OMKCAfUTC3U7lVehPUblGAW544B6A8YI6E4FawRWjO4FsEAZIViDjO3kjA9SeTkDNPiXOVaIkFxjICkDGFyc7iBnI5yWyMVSgla8XfR3utNnp5adns/IHWWnv6tpN3bb1jbbS/qv8AC3sqcFpECNi5YNlmbPyhsc/QjB6DI6V6Z4fuRbxLGYVI+VAWwUAbgnBU5BHXnAOME8Z4mHygxVgeGwCMZI64OByQOmevpwK1bS6aP5MOQ3RcjaqqOCCQQABySckZJzniuuk/ZK/LrbslqmnrHV7aI4q7lKUFGq0lvZtOza7Kze6vbVXehg/FSSE+I/DESKipKf3hUBVI3LwQAFAGSB0x3+avR9G0LRrq3jEslsocAJ5sQ+7gZJHBwCSec7QCR2rwzx/dCXXtAIZjLGeBktg7gRznp2Ixn+HoBn0KwvLpoF9ABhAp3Z4BwccDoc5A7+gbLAunOriuaMdakWk0krWV9/N9Vp1sepmVath8Jl8qdSSXstXeSTbaettWnb70+ur9Jbwt4bSPYTYTb+CFKK6/3skknI7DIx1GTxWPc+F/C7B18iIOpAVgd3BJxggDO3BzyOvqcnnPOmQqwhdxkl8q64YjA5JH4YwPfAwZ0umUk+XNngkBSBlsEZ6jjPA/QYr0nCg7JUoaK9radLPZLaySb33seV/aeM5UlUm3y6JzlprG6tfZedtXpfULzwZoMqMIhGjJwdpwzkjAxhsgjIz6/XJGJP4AtgiSQ3jRhNxKq0gYY6HCsOVHAGOD9484HQwzXbysy20vysCHdcE7tpAySF6ZIwCASK15ZrqRXwFUBMMpG5g2QMHGCSexA+vQCoeGw0rtQirK/bTR727JK34uxUc3x8XH97JaWS5r2tst328ld630PLbrwndp81prF+WZvkSOeZT14yd65A6qegxtOKiNj41sEIs/E2rxbPlKrdzjacHGQJOmMDHpnrkV6bI1woErRL+7XCkD5g2QCWXnHGcZwMY6GsmW6ZpR8pHz/vQSOSRgg4XHIGeehwTyQBz1MHQbT5WnZLSTvay0s+r6u17W2b17KGdY1NKVV2k9nvZ8u7fSz13e3mzjoPGnxf0RkEHi3VNsLAx755GVdvQjJxk5AIbjaO2cG7qf7SfxY01rGDWL6DVMDcn2kFw+w5zISdoIyexwMj1NWrx4ZjNuHyDeVy4OxgMjaOM59OOx25PHgnjXLXNkfmIy6lsYJKkDA44GSe4BBB7V4mZ0YUaUpx5nJ8t+Z9mls9Gl89b21ufVZPmVbEV4U5zbTTSVlslFq70afZr87p/S2l/teeJYt0eoeE9G1BGVVYtBb4APVsbOMjtyCNvc11dr+1d4SuR5etfCvS7g7QrSRxRd8gnaqDHBOMHBOflbkD4ytLBJBjZg7QNwIG4ngY6f3gxyuDzngkNpLpmMDHzqCxBABIPYjJ4GCMEA57ZwTwUfrMoxlGaSaS17+7eyflqrLbTU9XEZj7Ko4uMZbacqe3L7t7fol5atH2XH8cv2etSjZdX+G8ttIW3SNAh+XJwQAowB1xgnIHBAJFWW8Vfsl6z5QfS9R0oHJl8tX3AseTluwyenfOM9K+ME0pSocxhtwPDHGD1x1P1I6HBzxmon05dzrsXCquehLYycBsqOAMEduvcY6U8RyqN01vdWTe29u/p67XJWZUG4uWHp7LVro7PrZa6dbt3Xc+1j4T/ZR1mRjZeNNR0wyAEGaUKE7n5SR0PIHfKgYNPHwJ+BuqgnSPi5axbW/drdMWLchQApOQVbOck7ckEknNfES6ZCWfckf3QfuqW9l3ce/Q8DOM55nTSxtUxGSIgEnaz8cgHBRgADjKkZPbjGarnxEYtKMG/VdktrP5vybtZ2B4rAztzQjBu3wtRWtnfZ6O9lpZ+h9qXP7Kej3pCaL8UfDd15jB1Ek9vGw9C2X3Af3tvGBzkCsqb9jvxiJD/Z/iDw/qgA4eG7g4AOVbAk6n5SRjnpg9vklEv7d1e21C8ibgDZczqVzjkjcoI6YIBIBxwcg61r4j8a6azCz8Sazbj/AKZ3cxB74wZOdvfnqc8gnNKpV5Fz0k31UE3fTW+qS9et+WxSeAkrRk9bemlrX232fmtbnuHiD9kz4sWlvPJb6VDqO1MqLSVH8wYwV4PJHUgnHXpwK87h+AvxSsIUF54L1RSGYtthZiVxjcMfdUgA54xzx2FYfGj4t6PCTb+MdVCRqoIlmcgDqRg5BB7ZyQSOa6DSf2mvjMsYH/CQy3QCkZuF8w8tkfe7HJOATnOe2K4/awVZSlTfNsk1ZLSPa7v6qy3as0bKnh3QcYSkouzb3V9PNrXr1VvvwJ/hn4ttXYTeGdWT5TlhaOoDddu7aMjjAXPHQ5IFZcnhDVbZmefS9QgCnBElnLlWAJPAQgZzkADoe/Fe02P7UvxSt1EdzBY3jLyxe2XduI68rjPOST14xya6S3/ax8QmAR6l4R0i7AZtxFtbp7E/NGBjOQGBXngjpnvVWjOPvxs7x2Td17u10tdrK679NPMnhaTlHlxDjbq/d5mktOt1q09ddLany7LoUqAh7eSMhiNzwyoGODgcgYPPPJweCByKrjTSqAfMrbiOC4IOD1J5HTufYccV9bx/tP8Ahi5XydV+G+mSMVILpbxA7iDzkIfmXk8ZBI6bd2as3xk+DOpoi3PgJLeVtzF4osYOMj7mOMdDyCcDPXBKWEXKoySuld6Jp6N22vbZ97dCo4afLze3T1010afL3bbTvrtZabtnyQdPYjOGMpY4IxtzkHGcHOdvPX9KUabMQDtbdu53Y46HsSBxx0yeQDwK+rI/E3wB1KPM2j3FgzHcdrhSo6Yw24jqMc8YycULZfAK9TbDq19ZkuPvsQFJPJOQM++c5OcntSl9XmtJRVkt0mvstPV7aaadtGhfVKsbclRbPd30077+q2vrsfJs2m3EhLFSTkAHBIO3jb275wCCRlscdYl027DHMbsPmJXGeCeMk/dOR3HPPsK+w4/h78ILxi1l48EecBEkbLDIAJ+9jrg8AnOG68U4/A7w3cRzPpvjywOQGVZygLDsCNzMAeR046Y6UvZUmkuaLk7WtJWS929ttl10T7WBUsVFt8ik422s7X5d/VPbXXpsfEupWFxCI5JITsDqFOCBk84PX7v8skHvVmO2uBECA67mH3csBk8gj1HdmIwc4wOv15q/7Nmv6pYwvpXiHQ79pJVEcRuYYiwB4AyRtIHQ8deOemNc/s1/E6wjKLp9jdkMAxhuo3LgjI7kDIOByMgcdOOeFCXtJWs1Za3TVny9b66X/W+hrUjifYxfI1Pmu12+G112aSvufLUtrIhbcrY2Lggg4c88qSSM4xnOOOOlN8pzgFJSm0NnqG+8BhQQMZ7AnbuwRg8/QN98FPiPAjtN4SvJI0KqphTzA2PdTznHYcgHg9a5y4+HHjC1LCfwrrEYQgMRbS4UDOV4xhcnjDdQcgYGb+qt2vLr1Uuijtd7L7rrXVnO62Jjo6D3V1HrfX06799NXdnjH2ZsNuyADkMQQVXJIPU5Hqx5wAB2pyRsi5Vn3EgrjcQADtwMkn6nHAYDGOT6VL4d1hNy3WjX8aqTuEllKDtGMZIXawPQYxkk8daz/wCygI2L2U8ZDHJMToVHPABXG3rx05A6HFL6rO7akmne+9m/d72v63sregRxM7e/Smm09Enfp6vW9tOqexwUxlTLSHcSBlcdcNnJB6kdyRjgjnNQ+Zgrt2sADleg69s55Hrnnkiuvu7COUkGJlCgEFo2ViOexA4GME5wTwARis9NOiOWjdiAePlGCeN4xgdCQM8nP0OcJ0qi2Se121putOazSe/R6X2ZcMTTTTbkpNpap30s9HKOmj8tl6nPq7IGILleTsBPOex3emeuSPoM00SOASNuGCseCxyH3AEDjdnOeD17duiFgGKj5CBnJJC55+UnkZA545yBgYJzVf7AdwA2sFyGHAz35PUkHj0xgZzisnSk7e6r+7e19dF11Tt3X3dDqWIi0lz7+bdtU7atvVdNU9F5HN3bt5MhJHP93JKkcY2jpnAPy/d9MnnR0F3Zok87YwbAycZUg+wHXjt19erL2BkhmJTsVXOMDGR175wSNw689s1p+EYIZ5I1ucRhn27+McjPUHAyMg8gHHXIrlq07zUXFt9n3duqstFbpZ31O3D1NFNu6Wl3e1tLdrtduiTR2/lui7kVWCxgSncWPzEYJI+UZGM8+3tURilkkQxr8v3myAzMxzjnng+gHT0PzV6H/ZuiiNVim2ExBpjvDbxgcnr8oK9emMdMAVnw21ilyhhO4R8qzEAnLDHGOQAeRnqMfTJ4fVpqW/RNaXjp3bfRq297X1Oz20W4NSSvJX26KNuur9bbLrY5pLGcksYgFUqWVl5wQM8YwB0GQQMk4ANW0sZsNIilQhyCAwOWOcrjgY56EY4b0I72Mw7ZQixsCRv3HJOeoBH8PPXJPOBt7jzqFIjjUBQFcZV14/hJGB1yP4cDt1zEsMk7NNX+d/h7rqui0732OpYineyk0rWaTavqlrq73T21Wjdtjh4/tcbqIri5RVIL7Z5VAwT8pw+FweMc8DA7g2JNY8QwRu1trOowhX3Rql3Ofu9Ty5GMHseQTzmtaWeMXBj8hVQsSWyCM85O3GCo57Z7Ak4FMnhtAHdmRtyhsg/MmSDnqRwAQRjp360vqrT0lK2zs3fSz6X1vzJ6LV79W5V6KhZWbVtXZt7d27730T+4bbfEzx/psiG38TarEFUZR53feAABlskZOcj5Tk9WJIretf2i/ilpiyD/AISSeQO2EFwm87SSCNoXPcAgADr9T57eeWGZlCkYPlEkbjycEAgcdTnHTGCMjPI34kmaIJEfOLHJJz8vU5GMA9AAR3Ixnito4erq4uTava7tb4Xs2tm9bbdTkeJjtzcl+i0utE07bLz6Ja2e/wBGW/7XHxJt3RbkaffRxsqtvhO9w2ASWB4Jxg9eCOVwakk/ar8TXmpz6ncaVbrcCNYY0gcqIl6EKM9CB0OQpz9a+WRE0TzBhliCX+VgoI6lMnkckcAZOMYGRRZx7ruXMYJA+QFgS5JO3A6EglscsCByD1qPZ1VFXnJp6NXdr2sn3Vtvx6hGo+ZJau6V9LpaWfW6WumjV++39Feoft//ABR1Z2Tw74It7G2JO3+1JZJCrE4zIwcfd5xgcA4we/C6t+1v+0jrYeJfFeh+FoWXLLpsAa4QHPytI+/DBTwQScj16/IL+MNKSUMYtSvfmBIeURJLyD90FWyACeoznnpzTl8ePFI/2LS7O1EzMuZCZiVwBk7uS20f7PJx6A/p2Y+MfHmPjKLzSvRi7+7RVOgkrrROnGMrLpq9Out3+D5L9FzwYyNwlS4QyzETgoqE8bGpjp+64rV4upUT1Td7JPVtWuz2fW/GfxS8W3BXxB8TvGOseYQ0kdlcy28GWJ4XyQvGWKgDGehHTHMR/D97+QtqMGpag5LETatqUzh+p3bZJGXk/wAJx7YOc+an4g+II5H8q7MK7QoS3iRIwEJ5JIYjHse3XABqtJ4u1e8j/wBI1S7baDt3ylQxb+EBSucAN2PUdBXxWN4k4hzK0sZmuKxDl737zEVp6O17c0t7O2tj9Xyzgjg7I4wp5VkOV4CMeXlWGwGHoJWs0r06cVo3d3emzuexx+B9C00STyXHh7T3QEBW8qSfKDnBO4sw5w2euCOetUXnhCyd2uNVF7LtJVLeB1VGXGduwqM7QvbkEd+niNxqckqLvd5JAoJZ2ZiSc8YLbuozweoOeBiswXbkuSUj2qR0w2OAMMcHJyecA89QOK8eVTFT1niKnVuzetrX3v0+Tb3urH0tOjg6XKoYensrLkSV7RadlyrZ3em19ra+6P4y8MWsu+10aW6YBPOa4nKI5+UghCSUHGcEjH4Gs9/iHM01x/Z+m6dYx4JA8vzZFGMKdxJAbqwPIB6kFePGDdl3DFiCMM+TkEg8bgBk8cANnqO3Vy3TNuAKgsvzc4LZJ6A9Dj16jJ75GCpRclOVScpbXcpeXmrtW87X7LTVVrWXs6cF2SirbaJ8t7ad3ZbtdfR7nxv4hnJjXVJgpwCYSsSgZycbQB8p+XJJOOm3Bzg3urXk+Wur2eclsjfNKwJH975yOOn/AOquV+1rGdpYEYIcAZ+Ycjk8dM4GMtzzzSfaYypdyMEHILAbRz94c4AOT1z6d60UKSaejaVtfl1tr01e9r6pXM5VNndppW5Y7bRafZpPd69G01dS1nuxtVf3YeTgOQHDFuCec9OOcYxn/eGYkxI2h/3iMS2O4/ukYI5Ukc4wcscHrXe7tBEF80KUYFDGQSzDkAHHQngHB7YJ4JzY9TTLkFhkElicFjnb3yPukAc7s85C4xTr0IJXatG2ito1ZPuu9299bJa3umpt6NvmUW9L20Ttttd3SjtdpXOk8xV2spCqxHuMkHJ6gD1brgDPcVGoRWbMm5gpO5GwBnGB1IIxwxxwD37cw2pyArFGHdcBvujByc8Hr908kHBAxSx3F3IZGjQRqVwdzDJA4wAy+nYHPHfNZPHUovRc2is01tondeWqslfu97beynOSXLppom77Rbv/AOBK/wCGhruFMxYkkBc4JwFPXIU4Pfk8ZB7YwUW6CsC53RqpyCwBDDdjgEbjlWAAJUnHPpkPuKh5p9rN125LDGPl284A4xweN31DIkWZmXE0rehztyxwMk9OOMcADqAG5yeYOVrLey8+j0S7La/nZNb1HCzd3ZLbqk2rJLfrfu/zRcn1YOqBF5DcSswBj54GB95R346joRgVn3F7cSFkibcwTmTbg5GeM5A74HfPp1FhNMuMhjCFTOArKz8ZUZY8gdeTwR+FadvoZmKxvdWcIO5jJI/lqRnBBOeTg4GMHGT65xlipNJ37OyT95aJrXS7d23pboylhOV2lNXdl70tLJRvdXt526vrq78varNjJZhM2Qx4OeScFgB8wUYUg9Acg81OkJlIXe+8MQxYEnuRjHO3jkHIJ6nnjqJ4vDlmi202qK04ZlKW4MiEgnADjne2QDnhm46gkxaNqOhreNbW1rcTXYUtywMki5GNiEFsk856DHJwQBVKq6itdu1v7t3pbW2/e9k15MJ06dC1mpK2rjZtaxTbez72fkm3oYw0uSaLf+7CEkHapYhgcjG0cde/BB6kYxPaeGTOUleYncWVUgUiRicfw9s4JOepPJOa9Bnk1SIeVY6THHHLsZTLGHKlxlmyo4wTnAwRg4GRXTeA/hx8RPH/AI58NfD/AMG2i6n4p8W6lbaZodozR2ls15cEhVeeQFVAwSzZwAG6/KK5sxxtHLcPXxeKq08NhqFKVatWqT5KdKEI3lOcrpRSgrtuzS12ub4SnLG16eHw9KVSrUlGFOCvJylOyiko6e9ey06q7tt5lB4RVVVBbM7lt5kmYIu05wWBPuBgkkj26RC1023JSa5gaZZSogtowzEHHHOTnOACW7AHHJP7X+Hf+CFv7VmrwXup/ET4i+A/AtnFGGkhOqR6vdQA/MyC3s2RmdRgEcjIzwcivjyz/Y60T4VftZeCvhb8QtZl8U+GB4y0jT9bvbFWtotbsLiZVk8kSMWhjkUFSSe5AGcbfxqHjt4cY2tmOFyrijBZrjctwlfGYjC4GpGvUjRw8eabTT5dXolzdex9/h/DbimtGjOeWVKFCpWp0PaVVa0puKXm7O90r6b3uj4z06z0tRsCSXdwzqogjt3kkXoVGY1bnnBBGQD1PJr9C/2Sv2I/jX+09408P+Ffh14EWCHU5Fhm8S60ottF08sV5nu5gsYfB/1Z+Y4xkV/VFp/7Gf7G3ww8J+Ib/wAFfAnwrHeWmhQ3kWs38Av57dJbYPNLiYyq0rkbyVUYOQmGFfMn7IPxvtfDXirxH4Me4tNIsrfVZr/Q4rKGKxRESdgrMsPlsUVQAN5YACv5yzn6YmXZhlebV+F8or1qmWTgqs8TUjzOm6nLUlThTUnzqMZWUnypv3k9n+v8PeAuPrylLF4mDlFShGnyNJ1lFSjzSbjeN+kWm9dm0zf0T/g2v8fatZ6VL8Tvj34c8NaZaW8bXNvomimVpJFUF447tX2OQGISXGCecnJJ1bj/AIIhfsO/DW1u38dfEDxz46awkBljgvYLS3kdACwWLYX8skMBhshTncAMH9evEH7Qfit/CVlctrjXlnDYvM4dgsZxF8gyvpgYH3tw+Zsg5/DP9p39qu++16mLTVGikkd1aKGYDcVYhsqCRhiTyQD8vB4bP5DxD9ILivjbFYfBcDrMcthWpRli6uKquc1KpCLkqfs1GCs3pypN7s+s4R8H6uFqYnFcU4jCKhRk406WHowhGUYtW5p1Iubcla2ui0Xc+z/gn/wT8/YLtb+wl8BfBvw/q81rcbDfeIzJf3CbkxvmiaQxn1O5GUNzjA5/Cr/gq7+wIfgP451P4h6Pp0On/D7xXqksmjrpEajTdKnAG+y+zqD5SEElSe56HrX6r/8ABPX9pNNbl1+yvr+3SaGZHjkmmUyA/dYYLZBIyOCQMHANcH/wVw+JWjeJf2fdR0s6oLi+j1kXEVqzLIigMCTDk5XKgHKn5uO4BHmeE3HniFw94r4LB51muY5msbioYXE08RVrToPD1HBqahUbUZQk7xlFrqtro9jjLgLAYnKsc8Bh6P8AZtPByrUqsIQjUhVpK8GpRSvzNOLV2r3uu38h974fuLeaaRY3ZBKPKdV2hFznp1JIyx4ycjjkiqIt/LlYSg7yykZXHA5wABwPUHIxzwRXqkeqWsjeZK2+JFCyIwUDfg5P0U8Y7dMZzhup6fpt+i3FvKvmIA4EeORz94f3lxg8kjGGHr/rXl2PhiqMJXtJxi3Hu3GPzd9G7dYn8V4/CywsqlNXajJ3395aW7a9NtLXu7HnIx5aRtjYzlm2gZBySQMH7oyAQR0OAeKgZP3FyEHBjbko3B3EgYBHJHAznk59q0LmzeGRnl4VCzKAQCyEj5gMYIC+vXPPPR5ZI7acgsrSRlwg+YsxHDFsHBBIA647dBn1OWTSd0nslezdrJK/bo+r7dH5d29Nb7PXpG3eOqd+2q8tDloY2ZVUKGEjEFSvIKZHI7EkbhkDjPU9My+spN7FWDABvlUAgA/ezkjGM4PQHB75ras2DS/eYHdtKFTkFsk7cZHGRnLBQDgjg1Wui8ryIhykTEHGQ7E54OCSOm5cnHbHrjUguVNK9l5XukrO613aV3tourQ+acVzX0TT6O7VmrvTdt/juldef6vpIaCcqrAmFjzlvMLAg4PGCPTA7HJIGfHtH0hBrlsrouEldiHUZIB5IGeQB7k85xzgfSV/CptJSwYEwhF3DPVcAg9UPXgAYxg9M1wWk6DGdQS4Co3lu3mbsFiSfwx3PHB46jk+TVVqiavq9fRygmu+70XXdd3pGcZKLd7XSd7trWPdLXlVrtWstXteK4jUsFG4xhsFgCCB3zgEFQRnJ5znPHJkmtwbdY13MZEOMjKryuCcKQRjIx1Hqxya29UtYkjZlCrtLszqQNwJ5CqBk4OfYkHOMZOXLfW6eVHvdkaIplRgkheV5zkfwksfmGACCSKwdPXV6WSva22nk+m7T0a3vc6YyXM1dfy2vrdNLrbuuieivvrFFZD7HcCVjgIoQAfLnvtA5I/TjtVLw9ZRNc3WVd8SjbtHI25PIHzFSO3sR0xjct5la3lRV8xjGSp4YIozwcDaMfw5B9uRzN4ThSWW7cZU+ed20/eO7J44IUMw54BHIyc1PKr8qurK9ree1+yT1SfZ6s2i02r9F6aprfXdJ6q91po0a62cgALKFQuNyDBbBHYYBH0IznIJ6k3ItNEsoUZVWJO6QEbOCcBSAN3Ppz1xW2lk4kRhkHfn5VzgDOAxOBx0zgd+OOdZbbgvMhXaCQR0Rlx2GctgqWHHOPpVxja2/wAtL6K629Fqr9d9XU5RS02VtddLPtre+n67JmJHp4IKxjG04ll2/ewMKCcdweDn0z1zVuKyYBdgztYrlwDuJ5+XgDaO3TjrjpW5FCTECpIEm1WU7VG0dSxycbhtY+oHUdKnFttZcMUERGeM7QR0BxjPHGMDkdMZHRBJWV+i00trZaWt1+/XXvxVa3K01Zuy2000V3vfW2nbXbUw2t2RigTc7EKf4gwbk8AZAGRgHPPJxxXQRW8rpEABujXaVAxtJXkZzy38PUEcdMYCJCEk812AL5ZCwOdox1J5yR05OCTgcc3lvLdFBMiiIFgG3c7wcd8E4PckDHqDk6RcbuO6ve7a6cvbvzK19PLQxlNy2aabVndWfW213vo9r99ba9jbyRxFggVSAznaOm7bjbyD+Y98HBPd6dMYIxIXCBQHZfl3BQAdoznOcHAOACx5GK8wk8T2ljAAsm5iuHQhdwUZzx1wRglcEgkg8jFcvqPizUrxGS1LW0WGJPG/ZwuNy5zkAkdyuO/B6vb0qXLLeXLvdtJrldnbdO927aabXVonSdRwvd7W10S07Kz80r67tNWPZ9a8Z6VZRj7RcLuUFmj3B2OB8qlASeOo4B7gdK8M1vx+9zM62EQt8O379gQ4yxO+PONpweB8pY9q5KWOaaRpZFeZmOQZGJxgZyU6fh064GOTUNv5y7jGgYONzE4XI+7jocdMAEjOPU1zzxdSd+R2WjvbWy5b6+nmui1V7dFPC0ou7u9EkpK2ujvu9Uk03v57FfUdYvb13M+oTzl2G4mV9oBxgBWbocAAHp6k9chm2O58xCka7m52/MOeWPAHqD07cAZ07zT3j/fiM75MhI1Ql5GGMADdjDMQBznt3yfnjxh4i1tbqSwlgfS41YgxLuWRxyAzgYwMHHJIBbvWHtHU0c22tdZSf8qeze2vnb0JqVIUdFBJNLlaWt7Le100/lbV7ps7bxD49FmRBp7iedQ+7aRsiPscYJB4YjgnPQYz5Pf6vqGpTfar24d2ZixXLbQoAwNpOOnC5HPPTjGCJGeQsOeRuO473LHng8nPzHoRjk0XcwJwAVz94dSO+E7A9yNvA44BFPZXu9Fr3e1/v1W/X0Z586k5t3k7fypu2rVlp+Wzv6HQpqCLEZ5ArEghEDDcOnJA4OMge4A56Gs99ek3HLbQgzs28dD7bRwfft3rnjcMAWU5x8iKwAwBjO5TkYPPOPfAxxSefJ34UEglhnIIGc/L3GRnOBjOcbeKqMbpXVn6J2sk77aJu1ra2du7UPydno73d3blvr8ld/O7dmdQmvyKCM7fvEsGILKQflVSc89BnB5I4J4pT6/K6CNWeNXO5gGJJyx4GO+eSw3cdAP4ebLFjuVtvyghO468HOeGJII/MjHEDOTJkKC2wnaTgdRkDZjnGeSfwJOaORQd93e9/P3Xd6/lZ9H7rsTa6td6W79NE1f7uy6WOhOpGQAGQMzE5yTnbnjIPXgdefc5JFMa/YrhSMsSwYsDnHI4yQAFUZA54HJIJbAMhQ4XIbHIHI9xjHvkgkdxz1EZJIGHIYEkjsOuBkAlR1P1XHHQu6ad1ayVnd/3VqttdfwIbs929e6d7W+7VL8dLp32ftskoIMh3Ekkk5wqk45yMgdMdQx5681pryYuMMSoTkHgE54wQV4AHAB68Yz97PBfjaTg57cryM4784wTnkAYp4dmKsqchWBAJAwMHJYdFPI7YyQTjIobWitF6paR21XblTtt2bWibs27OTTvuvuta9mlo7p7+e+ltCG+lG4BmGTklWPI4z6fUHOO3SphqUpQ/OSikKFIIB3fw8j5hjAHzE4H3geayVYINwzkYGB/DvHIwRnOcnPIz0xzT0QsqqmeXzhT1IweB1GCT0JwfQEGs7Ju7Wtuq/rXTW3z6Ao69dOrSur8ut7Nb9tNOxpx3ThwX457ZGCeeM8D15JOenBqUXLuzOQTkEfMenvzyM+uM5GcntlKHkyctgMOnRgM4IOTwRg9geRnAJFqJGfLLkAOF5P3sDnPqBwSPQntinZLZW+VtNOmltFv8/WlF9JJWWmrd72T+Xklbr5FkzqynlmJ+6eu0A9DjGMk4JOOCSADmn74jkjqOScg5PYYPADHPJOOmPUMjg6hSCN5yPuliucbc4Ixk9OpBGc1bjt1UMqMp3HONpyCO55556ZIy27kc5Vm/nddddul/JaX2evYcY7c2utnq7Wdr3v3sUxJzuB2tuHJ4GFI9T8pxwR+oGRTDPubHAAzwenIyvzBuMgknrgAkgAE1aezGGC7mI6HbkL0OMADABPPI6e2Q3+zTIy53DKnBCljuxggbRkjp0DYOR7HPk0d0l7sb2s3LZ63ta7S3b2eq1btcvSO1rW6q0d7630t1vpuxiTZIVmPBGCei98DA75AOccYBxg1fjvTACFyzMQVbOAMZIPJ+bPQc8fhUEdi4dSBKxOAECtzyO5BJz7cc9BxiT+zrqRTsgmkbsNh5GeCdo6bsfkCx3dCML6yS6WvZ9uuq6u13q+6Hq1ez3Vru+rSdlprq9dLOye8kT3Gqy3I3SbS6jYnPAwCB0z8xyCclRnHUfMKDS7gSeT1KKTjOemSR3x1xnGCBk4uLo18MMLWQFlyAVKj5T8ysT128HkkjGMYHGjYeE9W1R/Lt4Cx3Hdkjy1PIxI2Bg+h/MheamToxjeUows9XstOW93te/T0tfUzkrq/K03ZXtbZx6NKW3VO33GEsm/CBiAcZxljgHtjgA44zkHGD0517VpHeOMF5F4/dgE8AYxgHOT19sdM7RXcaX8Mb6a/S21C6htYxtaUqcsMrnAIHOcHgdMgnjk+zad4c8JeFsOsEd7cCLLzSvyrbedqnIOSTtznGFOM9PMxObYej7kW6tRtLkg21sldt2S2bd+y7lpvleq0tpeTW6b6JaO/RpO97bryfw7czwzSJErK3ALsgzGFUHIJ4JJ445HP92tvVJ5Y7SRts3nyZZyeA6gg7ucZGcAc4PbBLGotdns479bqxPkKzlpgjfKQWyA5yqrgcZAx0VcAqapatr9vd2YVGZbmMBFVeVVAeWzgY57Dd274NYKUq7hUs9XaXM1ePNyvyats+j1BxXLrbW2u615X7rW6Vld2d7tNWWj/AAVds/jHws9wxEi67poCnGFH2qMDJxwQMdfx9v251LEbblXgiFlx3JhU8gZ6dicDoB7/AIYeC7rPjHw0zr5inXNOcuF5YC7j5BPGM8fLzxgciv3a1WNAYWwy7rW2kGQDtXyE/hIPcnuCQO44r63h1uONlBJWlTvd6a3infzvbTXTrqkE7Swk5J35aivF9E1Hzuteqv8A54enq7TMzKud2V+YDHzcnHcgn0P5DNew+HjmFySThMKSSB1I4x15BIyRyD1HB8ftoijh423BXPfhS/AAGepAbnkAjB4wT6v4fkdoMEbSiKN3Kkk9RjAGQeTgg9Ogxn63FJxw872Vltpvo0la/Vr5dd75YWLU4t/gvte7ZW/8Cu77W10sdrK5FtcIoXbsAznouQ2ARjnHP4+/LNNLMdo/hw2eeF2n5cnI6ED5uF6AYPGfPNtspkDH7oGCOSC7ZORg46YH+HzW9HLOASwIA54C7sHhQOhwcEjj17DH5/Va56jV079Wnazjv3T5Xp73TTXX1JtJxvouVJa3vqmtFrdbab+V9egaAtCHIIyykjgNjcMcnn6Eng9T0Nfkf/wUQgeP4oeHOCN2gQkAAKWQjHIIy3PUDPAx6iv2ISAyxdDlDl1wcDpwemR75x9cGvyU/wCCjMcSfFfwjK6kwr4ctTt3dQoIPQDGc8j3GO1ZyrS5XHTo3bR3313116WXy2uUV7OTSab5b7Xu/LZcrWn/AANfhPRfDT3Fo9/NI8MCnzFjZSokwcnt6ZPUck8DHO6l0LdCoDSqGCIcYEYA7/LnA9OgXGRkV22h6tp+paZFZLDEsSRKMMQj5IOQpI5GD3ORjn0EV3pdrLbXCxxBYh5ghCkb2fGdowOR9TuPYNnFfNVcS51KkK0XBc1kkpNJe7ptZfzX1Svtcp4dKHNFJuybum39m6W213vffq9+N1rbeWscrOu/ymO6M7kyBjawI749D3PHAPnc0MMZUuBLv6k8BSDnjPJHbnpk84Uiuou9J1RjJFHHNsXfiJVY7l55LcADdyQAMc/3sVgTaZqjwhBA+ADGWZSpDM2Dg4HQA5PQAZ6cHvwypQjFqas9W5PW1421et276aWtfSxy1FK7smtE9Xe79y6d0tt5O/6HH6jDGH+STLNnagIwDyBwMYI6AcgHnOOKx8KBtO3cvUsRgnIwNvQEdc5A6nkk11Oq6Lc2kCFygkBZmwdzbQNwbgkYwcYA3bsAA8isa10+WctHGucJy7gBQWBwDkE7h8o4xkk5bivTioyje9tOq7NLRWv310V7LbU54xcXJuKVmkrN/aUd4u7WqSva3coGXOVZ+NoVFyvBz2O3I5J5yM85pp37BsYHbgYGWxg49RjAxx1I6kZGQ2zW87rLjIbH3SDuzww6HPPTBBOeOQaueRIQZEHytnnj+HJGf5MccHpnjNpK29nfR633SV7O2qbtbbq9VbWElfppo7a63WnyTvsn8r3hRnJADFuR1BwCe2T029Pw55yDsQPPG2cEll+YuCRgcHBGRgDHXIJBxxnbkxeZEAGjIWQ4I5AyDjAIHvxz14wOCOj06F5w0pULHgqgkOcnoCO/J6HPp6nDk0lqk9Fr6RV09dr3eq1+Lze0ZW66t7PTfttsna6s3Z9XroWkjmYGSTaFAIwCNrYwOMjKgkgDkDg8dK+k/hT8W/FXwqvk1vQZI1vbiD7JsmjLRzQOuwiQchWAOUA9AccZrwC00+OWWOJmQP8AKy8Ek4wVGANpJxjBGcHIyRke3eFdPvbtrO2utNN1b2x83cYyHO0/KpJGcKAGHH3ccdK5KipVHyyirtLW2yVu+qevVaddjpwrlGSnCbg042cU023rbROyd99ujufoR8Nv2wvipa2bPe+F11GSbiK9jt3GEJGFUY2kKOxXHbJxk+xH9r/4iwKHudFnCMd4MenTGSIMoBAY8Fueu3B5PXNea/DGazGjWMb2kMCxouICsQIIVcMNwHB69c8g9entkR0uZFllSExhsYCxPjBxyuAMbvvYPXJ5BIrohkGGqxp1Y8rvZ2d0ley1s11VunTW57Us3xlGDi60uXle6b8uZ2to7935WZ5Vqv7ZvxC8y5Nnph3FiC93Yyh4wQeR/ebdnlgoGSCDjml4f/be+IGnzqmreGIdWjwWLxQPEwDnOQxBJZB04xnJ4wRXkXxZ+JWg+HPEl5pkaQYWPeym3ydx5AHHfuMjB+UHufCZPjZo0Zk328uQMb441ACnAbYNvKeobjKjkjmsa+EoRlKEFaSbi2l7racf7zSWid23s311yhmNf3HOtZvW1077K7vJ2bdt33XRH6neHv24vD160B1nRr3Tw8ibY5wXiV0yWC4HIJBz0PoAMmvyz/aX8Z6h8Wfi54g12xt3axnljhs0UsN8ER2oMcbiwIJCnOA3Q5z5P4p+I0moXySaS88FoCrOHKqzE8syj5skjqQQB2PAFdV4J1Oy1LULe7vA6NFLEiKMtuYkfMccnJO7rycDoxFeZTprB1HUhSinJNbq7inFvV7LbZPvZdeXHZhXxVNUqk+eEZJpJR1Ssm1Kyt+Or0aPun9kb4dXumeFdWOsWxiOpOZ8FCCkcSkqpJHzMT78NxtLc19NaNoGmav4yl1eWWPzfC/h25+y8hZVLqQWjIwCFGPpg8cVf+AE+m3Hhmb7YNkEMTRtKcEuzoApPTbjB25HGME8DHjnx78QeIfhxqmk3nhuNrTS9U065j1LUHhfyp7aTlYpJACqZHCkkZ9R0Hh0cwniMxrQqNRlrGO12k4pb6WV73s7218/pKGFUctoVVHng7NpX5k+aFnZbKMnftp0W/2L+yxqesfDX4zeFviL4Qu/Jazu0nvL5ZI0lYXTsLi3RmOT5mBx3xxyBn7D/a7/AG1tK106mfGni+9s49Lgu1sdLubsyme4mj+VTEjAJls9Rg9favw7sPjN4n0z4cWGrWFxbWbtcyGyuYpcSsVLfOyq4IWM8gtuyQMEivAoNcl+LWrR2etS3+tavqWp+VNqN/cOIWmmfaiAOcKg5yCAAoznHTnq5PhsbiY5jjORzw0UqcrJtKFnveyabTTSurXvujCniZUpKFGm0qqVouKs5TS0W0nry9Wkt9kj3nWvjb4TsJR4wt7y3uL9WnW2tIoi0piZmIlxnggZyQD1JOOo+P8A4p/tH3/xH07+xI7WK2srTUJJVgjLCa6kYgeZOR0HQhex46YI++NW/Yy0PTvA2s28sja14lg0W41FtV0q8iFhoiGLzI7eWNizMVGdxDeox1FfmDo3wpt9T8Z2PhxNQngSe6VL25A34ZZSriMrwzSFcKvPJwMk7R7WU5jgcZCboylONBqm5zstbRbaWlk0laW1ltsViqGNoctOcHHnSvG1tZpaq+2ltnb3UuumDca3KLi1uIJ5LGa1txmBJHJYN0VlBxtyCTkFefTNdn8DbS6ufit4e1eeNiv2meUzSgsZG25OCuNuBwSBt4A2g4r1jxd+z41x4q0XR/B/hvxeZ59McXZk02ed7qeMkFoQinbFIFBCbs89Sa9/+Hf7L/xE8E6VZeM9Q8I69b6Lpy3A1LUtRtZLaKwDKQitvG0b8/xcDdxjqfoKeLwEFTftaUZVGnH34KUpNxilrZ3116p2WqueS8JiXOSnTnyxTk9HaKtF9I2V1JXWmiumbeqXzS3tzIxLJ9ocYUE/NuPrwUx/QnPAF7TriVNhbOzJKgDbuz8yAnpkEYyOnpwa5m8miW9lLNI65ZjgD5ssSvTGMDaecHB9cA6tpeRBFXeW3FSDn7oA6dsHOA3PJ4r6+DvCMbWtFP1slr52Tsuyvp8TPJcbVZXdm3bV6v4VHSzd01p6PTXXE8fzySW1uFXcdshCHk7hkE8ckjnn1yOoArnfhRN/o99vypW8kyvRe/QEdcZTOeS2F5PGr40kxHGyt8/lsysCBt5w2eWAJX5Tgc9jhRu5j4UXKzC/j2ts+2yZ6KuQWwS3Xk5IweV+XpisnG8lvo1bVpJ2j6NbJtet+hak1K2ja5bPbdwi7tW3sraNrZ3s0e6TcqCSVxgopxnDHHHp16DPoeKppNHhpCGJViNxbBIAGQFwcZ79upzg8TzsdqnJbIYEkDAxjABxknAyAMZycknFUehVSAqMfnYZbac46dRk/e5GOp4FaRiuZq/vaa7aK2n4Kzv1dzKd5PmSsnyre1tF2btZWt5ro9F6z8I2X/hMbR0yoYFiufnfk8htp2t0xjGAOPQfd105MIMWSFhVTxu54BBHQYYjBPXPFfAfwnuVTxbbc4K7gB3IYn5QePUDrzxnIFfehdpEjYYKiMZUnBJYDggHkepPGc4Hp6mH/ha3dpbWStaz0s+nb8LnJUd2777K176+jvrf9dGlbzu/KPfeUzM4xtcFTyckhcqCcdzj1yD2rq/DaBb622yAETxZYDG0AgYJyTwT3x0z1zjAuolF9LIyKdrEg9SxBYENtGeOoJBx34yo6zw8Y0u4MCMebNEc8EoBJllYDkjK4GAT255q5qLhOybfK73uunbTW2t13tYwoz5a0OVNLmXMm3Kz6N6vyWltNLtrT8nf2v8AUDdfGbxVESJPKW1jZiuNwRfuoSemDycZz3Hab9mf4mad8JfDfxb8e6glpKml+Gbiys7KZ8Ne3s8ZS2RcEM7ISHwC3I6HGDxf7W2oo3xr8aBWJKXMcZwCVXauTjbgkY4PJ5AB4zn4y8Za5dp4WfR4JnEOpXazzxozR7xH9zzCO23JAJ2joMHJH41meUU8ydfC1oy9lOv79m1dQqRna/Z8qs0tt3c+5w+ZzwXLiKbTqwo+5ezV5Qsm9H8PM3v3d7Xt6P8ADD9p7xDofxC0rU5NMs7q21PxXDq2oxzpmXEl0HCxOSChVXAGMNx7cfaP7amreOPj98RPBMPhbQroy65pFrb6PpVipa4uZXiQkKUBLqD0LFgAR0wc/k14KtftXiXR1lACDU7KJRtIb5ZAwABPQ7SPvHOT64P9Iv7N3hi0vf2gfghqV4skv2PSXeGNowyx+VAirwQQG5yDg4JzkEc9uXcK4TF5/lv1ekqdSo44eU4xbajJxim1e217N27nwPGviNieFeDeIM1xEo1oZfgcVmEKM3ZTeGous4NpJ8s2vea7X66fkHc/se/GjSW1CTxDo8mk3NlG7tb3jsZ2WOMu3BHG0AhhjgnOcnI+Rb8XFvc3VrcjE1pcSWxVurNG5Vtq54wVPb061/XZ8evD1ve614n8yGV5JLfVS0jLlo43jkWMrnoCG2lucY2jOMH+YLxT8OI38Za4BcxrbW2r3rzsxBZQZ3zhMjOCWJPTp0zz+lcc8JYXhSGBcKtSf1iMnNz5U04+zaslbo33drp2P5W+iz9InPfHbE8W/wBrYLA4Khk2Iw0MGsGp3dOtKpGXtpTnNy0hG0kkr7q1reSaTa3V+8UNoks7OBvjjQuVB68Aj146dQMZr6t+GPw68SaNZ6j4r1Xw/runaKsEcVtq15ZTw6dcvISCkFy6JHJhs5CsSMdOlfoN/wAEpvgb+zV4/wDj9o+k/GHWtP2GaKTTbHULqKy0i8eIgNFfTTMEEbYxtJwxBOcAiv65v2/P2ev2X3/YZ8ReGfD1t4HttJ8N6WdV0NPCkumy3sV7DEzQAzW2Z5Edly3LEjng/d/lXjbxLq8P4ydGll3PgcHLDyx+KqzlTbp1akIOOGioyc5U1PnbbS93lTbZ/oXw9w5QxlTAYd1ZVcVmFSVPDwow5qVKSg3GVabbcVeOqWtrvTY/g7u5onmUo+Vdw6qpBb5gQNwxnt6dTgjvWRMjiQgcK7AcYJwCTyBzz74IwPx4vxdrEmj+KLuytJsWdtcvHbs2A8kSOUGUBwCAvcZ46bQMYjeNndtgl/dg8K4UE4c7gD/dxlueTyORjP6BgMbTx+GoYihd061OFWm7PWM4xkrq3WL+F6LR+R5+YUZ5disRha+k8PUnTlZaLkcU0rdL7dNvl6NMhAcMFVGGBswT3z1znt8q4PQ9etAQtvR4jwSeMDIUcOCDhc5yfYEccCuTk8VGS3mndkAGArEjAOV+YjaASTx0ByOCaltvEsTojsVVRGxJVgSjHIztwR8/AHU4547dsbpSab000Wr7q+3m3ok7Lc41XpytaVnpbqtZdHpZO99tGzSusFuGyd+W+9lV6FSOOefYg9OxMM0vllSrAjaQAMkbW4JHXHOQR2HJ92i9guoDPFyo3ByxAZiedp6Z5zgjavAByNoOe86FmBCgKEAIdd2Tk8cY54J5Jzu9aqDXKk2lJpO2+uj7tXXe7W17vQrnsr6taPmtp082tOr0V91uTzSsgTOWJILbckAA7VJIwMYHXrwOcdXGV2kYMRuK5X5cgbgOSc44HAAwe2cjnKubggkkEK6/Lhic+/tlsEgHsAMdDTS6mjJzl8kKoXJGBgbs46jgEc4AHoa0VnbVXdvJaPfulfu3b775SrO103a6Ul22SvpdWetm9tEnubSbgigr82SQWBwST1IyMY5Jz1wc81Zkd1AU/NtBICgEPu5wR2wR6gA+p5rHS6wcEsWB4IAZCGAB6cKNw5wMYKkN3WZp9oGHJbkcEEKOuSM7cdM+uetNQtrsr6p+dl07votVto1Z2pKz3Tt5Ja8r1SvfpotGtep+g37EsimH4gjagP2eItjGcbQox1OO/A+bK5wOn1bdQxtLxgggcE424wQWBzndjnB78cmvkH9iRnltviEwRB5VrF82eSTtJJ6joRx2xxxgV9W3s8jsVUKWVcvwQzdTk4GNxPTv8xPOK+/ySHNg6PKrq+6TWt1u7SWza1Wvc+dx1vbTaak21ZpXt8PXbbRPutH1VaSeN3OERSHx14GARwAenQngYB968o+KV0WttCh38DWbXO0AcBuBxwDjAGMAZOOK75mkVOAw+faVxlie5ViRjHbp79cjy34nXKxW2iFgeNZt2yF+fGRw2fu8856A8AgV6lajanN2dlytrTmS+d9b3ur33T6M8iMqcZNbKVtEtbaLfpdK7XVaa3s+88RZeLTFYhWNxaBQDktkAgsDk5xyB0HIyTwPb9HiX7PHGMbkKliRjBAByBxk/LkenpyRXhPiC93DRtwVS97ajKjOV2KQDnHzc9QP7wAz19y067RoQUGxlUMwBVmGFCqQOBg56jjIwc8iiiocrVrt8ut9Vy22ta9mull2t0wxUqbmklJNb9ltorO2lrXtZrppryvx+ll/4UL8QJFUBWs0BZjuACsMewI54J6cDrX47aFe+VDGjO6uqAhgOqkcAbQcgYP179jX7B/HF9/7P/j91O8C3wVbOcBlJOAMHBB7Ywuc5wK/IDSIWmt0nKBdsYUDoTgZDkAHCqDwRwQSeuAPj8/VsXGyVnTi9HvaXXfZWufTZSk8LDWSV213Wkdtem68vU231GWdDhiX3D5SQDtGAdg44x1JGCxJPvDLqqWrKflR1TAVmBJf5R069R82OnHHXHPXWq2FiC1xcRrIqsSd+1kjyATjIz1Oc4BwfXB8g1/xVa3GoO9jeSER7cu7HlQQWIGQPm4BOAdoDDkYrx6dGctNVF21e9laStbVtLbT3U1bz6q2OhR05rybjo9b25fV31TdrLTS/X3+LXMWzSNtBLEzdgVydp6nIbGS3cZyMDbWSvii4kkaCFFVH3CR8bWCdMhiQAADhTg9cDjmvDv+EikuoyqXOxWKnLNuO7PJOCOOOvp90jgGG51ucOqG6ICL/CRg4JJTg5AI5xyVz2ORXTDDtNWT0STejT0j5O7t1slffY4v7SlFxSu4tJbq61T1tql1s72s02nY+nrXUZntzbQSO0Qw+VbdvfPzLuAOAeB83zZx61NFcySRBjktuC7jjcAOqhT8wUYA6jceOBkn5u0Pxvc2QkikkdomBIQk5znG7JOB9Ocng9yPWND19NQgXZKxeUruLtyCOWwM5Jx0PUYBxkgnVUHF62atpa2m3Xo7W1S7aa6ejRxdKryXa5layTsnJKNm76t7dNVaytv3tpDFPIdqyN+9wI0GfmBB3Fh15ySBzgZ5xkb7PdIkcTB1KgvvDEFUAAwoGOnOe/XIyBjP0WU26NNbFSHZQoK5wzZDv8wHPUgjOSOorqTaO1o88g5aTIkJOSCScDnABOAV4+hGCcqsYRdtXL084/ctEl087yO3lU+VpNLoo6JJSTs3rbW1muVvXXUS2vJXhZDIJFRcKH4IyOcn1xjnGQRgAYqhcRRtgqVyQ27dwVzkZPPJOBgccA4z2s2kLGQsQuAWBAOckDgjqB0H0xnpwWTITgBckhiR/EQCcEnAHY4J445xniF2eytZJ33SWi+5fLVJLTVX5b2Vle61bV99bb3tazeltLXR5V41OYrdWLsolHy7QFbGASc53Zx6DuOM1jadpNnJDNLPAsqsucDjBYcK2DxgZ4zgtgc5Fepaj4dGt+RZxKPtDuNjOUVQ7MMsWI4UE4IOB14wMm5c/DqbQ9NuLnV7qewiDJHHdTQOtvcsAcmCU4SXHQBSRls85yf1ngWlBYStiamCrYilRl+8qwpSqU6acU3KclGydusmvPofnfE0msbTh9Yo051bKEJVYwnNqyahByTbSTdlzPU+cPFksenqbexURgxr5sQZQVQtt54+8R8owSQR7GvOpv3dtM0iN5nSIckDdn5unGQckFskHvya+lb74Yw61nUo9c0y3tgoRhPIonkwM7ypOVycEcHtwMcclF4I8KxvOmqa+15HCSTHZRMMBSflLnIPT8Txz/F7OY8QZZTfLGK0uoQjF2i2r3krd9rdXtpc8mjgK8nFptaaXej0XvO2nbZJuybV738FuY5BBHHbxlnlU5WMbm3e+FOCcE4HGQ3GSd3YeEPhN458SWs3iLS/DWoyaDpM8TanrkkLJYWhBDbGmYrmU7flQDJzn1z734J8Pf8ACY+JtN8FfDvwuZb7UJI4YbyaA3Nzww3zEYIjjQAlnIHCkAAgGvsv4lfAn4nfCL4eyWt14qju/DlxJFNq+kWgEFtFclAfLaKPaZSDnBbjbkHnNfmua8RUJ1lRpRpwlNqKjzJO11Z2jeyd3y6q++quj6XB5ZX5OduTpwV/hbTaST111tfXa177nHeDp0s9D01riFZ9tpHGpAwVCIFJBJJGSPUdQcYxnsdbn0aXw1qx3m332EpkYSguCR6Zycdc5bAx1HXgPDN3YnSrOO4lAJhRQgYoFwo6bgMsD1zu5K5IPFa/iNtEbQNWQXiws1lLvYMHwSuDwhHAGcHqBjnjI8CraUZNp6q+1rPRrVO60fe1reaXrUHdRaSSvrfe7s1LRPRpq+qstTxSLTrPXfhXrmjLfQxW092xF3KuI43jYbTJjrlQTkEd8eleZ+F9B0fwHq9rq9vqZ1TULeBjFb2EUqpMdoACgllXHReBknJHQ16R4dsbrU/hVr2meHpbe8vTfyGCV3RBG5IZQd3GflBAJK9e3NeaaVb+NvCup2Wr+J9StY0tlBa0iggnMqKNuw7EKg8dWX0+UnNeD8Xt4c29RpRtFczaj1d9Lrv81c9JcqdGbjJyUE+ZfDHVWvd2Vrdnp0N3W/irP4jujpmu6LNdWZ8uIm5WOJ4o2LHbLKY1Kg9CT3J6KM1Xe7+FNi6btCso9RilQROl6su2Rh8rEBwGYFhjgA+hxmrE3jvQvFt/c2OqaMslrIyJ9p8uO2kGAdqO0aIdvfcTyc8ZyTSm+Hvw6nlNxETFIXEmxb6NiHTlQ24nOCBwAeO2aVOnTpyjFqpTk1Fe5JuLtZ277pLvr0e2rqNuLSp1Yr7Urc0WrNK1r2+d79EtXG02sNPdPp8rpbSMWhSONT5atnGGA5GGXnOM5PqK6rQzdT2mpJqUrSEWEiLuUj769ADnO3qST3965C11saa9zGolnhDNFEECqVRPlVc98DGRnGOetdHpGu3Opf2hGbZAI7BiJG25RBkgdADuB5INdzi1CKSVlFNuzbbTT73u+t99fVRGUZO7ck078qu0nZX7u7V3dff3+ZdQ8FM97LJFKxjE0zhSdgKbyR8xOMZyBgEcdCcAUD4UMaO8k0UTkZiySw6kZ3ZBBGfQ5IAxXr17f2M8qPcRkxRMwO2UIsrByOSOoLZB53d89qtReKfC9vE0EnhhLh0CN5jXAfZls4z0zk7iMA85HHNaQqV4rTmtbTltZW5N0+iSsnzee7uY+yoc11Jx6pON102Vm9PVNN3tszP8G+IrLwppSw3ttc3jhmYzAwxpyPlRjIjZXqQMDJODzzXoulfEi08SapYaDa6U6SakVTzJriAqzocI37pUO1cYA3diOlSwW/w88Uafm60NoZ1RHDfbFhh542qBkEBQvPc5+h09C8PfD3RtRt7uGCx0y6j2i2vZL37VJHISfmEKN1JPHBHHONwrtowlOV5RlflTbdmtle2js7827XZrU61DEckeVwVNarmk15tXakk2k7tuyvula+TffDbxwdS1KS4vooLKSRvsb/aZGWPbjcFUOenQlhgYOOiiqkPwb1q+VZ7rxVbWuHTy5D502GzywXdt649Mg+hJHeXmrfEm5u761sLRrzSrbKWdzHGqqwZiRI7MGPzDIJyWwwHQ4OdLonxf1q3jS3e2sYI5U3pJcW6qDnruCrgAc/QjIwMn14yhy04xjL3YpzW7ne12rO1lLZrRaa2OZ0oNpyVVtu3K21G71dpL3bKSVmultbWOp8R+IX+G/hjw94ftbey1bXY3mjOqvYrJPco6go8m7OY4+FCFg2BgnqK4fTPi38T7nVLTR7LUJ7KHUGNtL/Z+mRbolYECUERFwqFjkbuvrXYz6fpnh/SdNHxGkuNTvnuJBFNbSB18wA7VBUZ2qqngMR1OOgrX0Dx18LNH1O1bSft1vfJ8rusKyMhJwzEyIx4wc4weDjJCivXy+qqc1N04xjHWV0nUlZqybbVrvomvN7nm4vDzqzUfbwpqN0lJJVGm0krtX5rSSTTu7N76HoS/F6ztvFOgz+KJb7xHc+FvDUmjahNf2UkLLJOzbJoyqIkyqWUgtuIPQ5r7F8Bft/8AhfwT4f0jSYPCl1qd9oQzZvdTNFYzA5Kia3JwygnaOSSC2Qc5r89Pir418N674G8TDQYrttTtpoLiXVZkijfy2K7kbagdslioUnHBOABXw3ceI9UZgX1C5ZWCgASYwAA2euTkDDdcrnOMk1+tZZ45ZxwrRWCwFHDxjFRScacW4pRimrSc+iUm035tXP5i8VPoscG+LWLo4nib6xjIUotRpLE1aNJXmm3+7nGUn0+J3WybsfvH4x/4Ki/EzWbHUNK0rRPCvheLU2YSXMaJLc2ypuEbRlnJQ7eAQRgnryTX5yeNPiTqGvag+s6nd2band3VxdS3MhAa7kkYyec23jknOPmyOpJwK+JptTupHO67mllClfmdycMAS2NwGMcDrtPPBwo6fX7iQ6VoE+SXNmy/xklh3OTyAM9M9RwRkV8txJ4z8Q8STi8fPmhGTlCCbjGDfLrGMYpJ8t16KyaaFwB9Ezw58O6c6fDmVUMFKpFKtVjFzq1UmmlOrUcqko3963MrNeh7qvxIuI43Meo2cdyzN5rxruBAOcEDO7JJxkAYxx647fEWcF5DrKRSEtv2IAWB5DAjLA8jgEHJ7gDHz1E5++ZAzvkMFweSM8c9MgZ7AjBHrUZbmRmLHLAnaGLFgACBkcDBAzkg46ZB6/C4jjLM5tqNWajfaLlZbaabejSbP2TCeF2Q4W0lgqUpPVtwhq7x1le7bs79O6Z9F2fiW21PzJLzVZJwDkIkhUn5gu4gEgqeVbA7dDgmuh1W18OXiaS9+rRW8kg+YTEAjs7OTiPsTnk5OTnBHzBBcS2q7V/1pwS4IHG/IA7bQfQksT6dfZjpkHifSdNtry8NjAIVmLI5Dk7cO2SSRuzkY24GR1XFeLXzTF47SvUnJNrRt2vePl069Fe/c+qwPD+X5dODw2GpQqK1pcqTj8N1e17tJX1Vk7q9jp7ybwdoyzG3ttPljRgROZFmOOMEAkliMc4AznpXnI8c34115tEtvNQv5cUVjbETGPI3N8o4CnkYBGTluAzVt2/grwhp8Ehv9ReeMsDukmJdVB++FB74wAM9PU4rB0jXtF8OeIJbrTFC20Jkit5zF5hlLKMg5z8w5AOcDOTyQBwTinu767uza1jqndO1m7SbWuj3V/opSklCLaS926utNV1do25XpzWs9G9kuwbXviVq8d42j6VqrRQjMsl2jMoAHLKAoGccBQQeOmeaZ4G1LWotfsR4ltNTTS0uQ97G0LRQ3OCdirnbkMxYdeR+Zut8Y9Wj0+eDR4LpBcOfPnWNShU5BYYTIxkBR1zkAZxm54KuJfiBqMum6hd3Udpa263M8zuLZiV5KISQMZz/ABHBAz14ymnFcuqbtpZu2qso7NaJp7q73aRahBzi3JuWlt0l8Oke3drla3u1oz6UuPiF8LtDgmnh0G0jvZSFSK5eMsMHG4iRXOc9TnnjPPFY958cPD13Zvp9to9rfahcQvAdrhIoImUhX2qqqwGRnOSM8lRzXG3ejfCjQCbi7ji1a4VNqRz3XnMj9lYbi2cjkZ5JI7Gsp/Efgt4Lixh0nT1kuoJoYBZojzF2AVFeQLlQpO1mJyG3dc1g6UUk5R1V9bJXu1dy3WrbS389DtlUailzQt20293fTd/ZvfXZGZ4P8C+HNVu9Sv8AxFqTnz2aSOxiutiDzWJALFsELjGAccYzxx6pJ4P+FvhS0F+8ekvKoDAXF0t08ZPIbaWbn6gHnG0kNnwJPhp41v0+z2Yt7CB9skc010VlMZcbdx8wEcHkMQMHnC4rYl+BmrxIp1PxPa3EkhQmKOWSVkUcmMKWOR1B4DdPUmjlha6W3TRKKdr2i92tk01dK9rmVFtc3uLzb3V/N/E7aK3Knp6HqvhzxbYavqN9p/hyztFt7KNpTcRRiGORm4AIAGRgDAzgn0yc6N5e3zTKssiwscEpEmSSGPAVAc7ucsDgD8AMrwL4VtvCMl/C0/8AaHmxxvK8SbXC8BY124CgdTk429SAtdm2pxIF+xWltaShmHnzL5szqR8oHHGCBkjPcnqRXBiObVQhd/c9HG7Wl30a115dbs6YqKaUtF1tve8O2r3Sumrab2RraBp+qXCJMsMphhVpC8uED/Kp27epAwfXIBHPQf01/wDBGUXksmuCRFjVPDykNv2In71xyoABJ55G7BwT1+b+ZeyubyWaJpLiWZWXaVDbFXfx91eGJPTcB1A5HX+nP/gixDFFqPiFZZWuRP4fh2rI+yOImRiB83BPcjBxnnJOD/Jv0oE1wZOdWKilUSbSbs3y+ret1dabbaM+24SSlVr8q2pSVkm278uvpZaqKsnd31P3ouLqC2CDYcsmWERLsSOp4yc5GSO2OOQK5q7165ZilnpV3MF4Ekv7tAM7jjOODjoVABxwCBXcXTaZZQyv5tqrR7iB9oiZi4XuCDgLkqT0OAOcGuOH9sX7STWb2Edpvysk0qyknjGFVgOMk4Ix0HTOP8juJ8XGEuSMnJ+9dK146xurXdle17f8P+sZaounzTg425VeWib02XRN3b3fSy0M6N9evyA9jFaRE8Ozh5OBuPyqQQOOxOAO+Rjzz4p2n2XwX4tedWZf+EY1xsgjJf8As+Yg5AG0E5xnHODwtex29oyhn1PXIQFTcY7ciNcAfMAG528c8DdkE/MOPEfj14g0e08E+IdH0xbnV9T1Pw9q1tZw29u88s889pLHFGhTIBaRlwT6jHU7vm8moylm+WYitUjFQx2FkpVJRTSVanK9loo26yfuqL2vp6tGp7Wp7KmnaWjajKzb5bpvSyskutl3eq/hD+Jml2t58Q/ETXUBuI01bUW+V8FUNy5IYADaQSdoPsAAMBc7TtK0W1EbjT7X5MunmAFyvTuDnGMHIGTwCTwPt/U/2Ef2nvFXinVdUt/hlr1nFqeo3L2yXkEtqs0cs7MJA0oII2tg4wM/LgnGfUfDv/BK/wDac165gSbQdM0SEKqyXF5eoohyDgkc5CjOVAz2G3HP+5+T/SA8NOGuGcpo47i3J6NWjgcLTnSWKpzqc8aMIyTjBuV00+iS9d/5+zvgPOczzvG1oYGo6dSvUlTk7JOm53Uk7pa7O/l1R+fUOpWkAL/ZYUZSvl4VQNvY7VC8cDGVyB1PPM8N9dXBkdYVUMf3ZwUxn7uFBHGTnA9854x+v2l/8Eh/G+lT6MPGnjzTDFrV9FYxw6VaSXE8Mj/eJKZGF3ZLcfd65NfoN8P/APgjn8DtIjtz4r1DxP4pvLURtJsdbW1mYEbgQVDBTwCo6dDya+Rz36YnhxgKcnhMyxGZTfNyQweGqz5rctmpzUYdd033fQ6KPhbjYQhLEuhh4zeilNOXu8qk/dbW+/rsz+YO3bVJZCHUFtwVRhnJB6AIgLHnBHB5rc03w94k1e5Nta6fqN3Pu2R29jZXE0ru64VY1EeSWPQDHoMdK/sPsv2Dv2c/AVjbv4c+D3h99bnmitbO51dzdXEjOdrTPG7MpKpycDg4PHJr2q2/ZU8HafqWjXuk6d4e8Pw6VApnttJ0Oy824vWVS7vJJCxyGO0Y3YzyASMfjmafTZo11XeU5Di5uK5acsVVjTjJyty3jGM7O/S66bbnu4Pw6y2kqbxmMSpy0XLC7nyuOsb2bWtrqy36Jn8f/gv9j349+MrvT4LbwFrOny65cra6M2tI1h9umHJCxzBWZVx82AMDrivp3Xv+CXf7Q3hTw/p3iDxJcaDpUd3fWunRWaTpNci5unEaA7SSVG4bs4yMEHJFf0i+KvhzZ2Px8+C1tC9zfx2tlruqvDORDBHNEyJHKsabUQqWOVIxkjkYxXonxt0tb/T9Jgle23r4q0spEUEjQqsgbcAS4DkAKGIAJOcMDk/ledfSs8TcV9Xq4COAwNKtTUqlGNOVSpFuei55S5bpcu2u+jPqMNwbwrRqYOl9XnWVeDqTqTlZpczWiSXLdwu1qfgJ4M/4IxeMtQCXPi34paXpMBSKaeG3s2dgZQJNqyBiCEB6gDJByMcD0O6/4JU+CvB9/o0CajfeL47+/ihuL6W7EVvbRq37yVLcJuIbHCg+nIHX+hOLw7Ld4AsnuVEMUcbXYWKEARjDBSBlVwcg8EYwPWwfCiJFCLm40u08sMFSOKMlASN2GYM276dePmzgD87xHjN4xZ4qjxHEeKo05c1qeG5cNyp2XxQSbtd/ad11vq+nC4ThfAzXJluGm4v4eXnk9rq8ubp0dreq0+AvhR+xp+y/4eNlZaN8G7TWtd0mCGK51fUrd3ga+wD54eUeXIEIJC4K4PvuH0J428Q6D8KfAHiLUrPQdN8NwaBCLTSfsGm2qC41W4Hk2NspijQsDIwbbyWAPGMZ95sLRbS6vNP0qR7gvGjvcbVigQtnczMoAYjquOpPGDmvKfil4Jbxf4p8DeF7sW9z4M8PXy+KvFyyZ/03UYHD6VahefNUSBt4JwflyD0r4yWOznNsVTqZ5nWMxSjWXtJ169apGU5SinC8pu6ScpTcfhUb7aP0aeKovE8mHw8YUUva8iWsYQXM4uMbJOTtBXte9/M3PhlpuvQ+BNCi8ValPqOv6haLqmo3UUZjCm9X7TDAFBBURRuiEY4Kn5cAiui/sO3kun22slzIrA7pCzlWPUtycDIPBH/AR26WTxHpypmKBbezjjCKSEgRYo1CIgL7Qqqi7QDzhRwTwfILH4y6RL401zRTf6La6TplvE0uotfQlVuWJzEzbwFIHHueNxzXHjsBgnVShXnVjWrPm9nCVRqLaa3ey096T003sdeEnmWL+s1I4ZxcVKpa1kk2tFdatJpW5m9F1ubvj3TjZ+G3N5bWy2l3qWnWSsigFZJpwqlj1OGJ46njHTI9VistPht7SGTbJ5drbKTvwCqwqMKAQApAO1c5xj0zXy78Rf2n/gToWnb/ABb410a8trDUYrk2FlcxzuJ7Yh42cRvhgjD5SAOcjuMfIHxD/wCCrXwu0VXj8K2Ed7CGlVNQu2UKNgbBWMMGZeBgA8DGPujHu4TIYTpcuEwdbEOShyNUJVLu6Tk3blSbaUdbJ3unpaP7NzbFKnGpF0VGc5SnUnGlDlnyRTbk7vl5dbJ9H00/WCZ7SMFo7eOEAcSylVHABGMnkdR6+1fm3+0j/wAFE/hj8CPF0/gy+trvV9Xjh2zSacqLaWcsi4Cs53K8gZlyqnqOhNfmD8UP+CnvjPxda6itjfz2NjI8i2hsG8gKpU8ISQ7OQQq4IIAYjAzX4pftA+PPFvijxBfa7qupzo18wv7VbqdpriV2GTKW3Fxg4yp+UcZyCMfpnAXhLm/E+OmszpVsHgKcXLljHlqTk+VKKUVZWfvWTTfd2aKx1TKuGqEcRjK1DHYmbXJRhUcoRekpSlPRN8ulkutuqZ+sX7a/7enivxx8NjY6XJbeH9C12SYxxWl4kesXUAJKm4eNg6iUlVeNgAFOOdpJ/B7WPE1vqBgnmYm5kmLKquWjjd2J2uzk7ySeWLAgseMg543XPE+talbSpf3txqEltGw3SyyGOLIGdisTggZGFUE9cgqCPKk1Ge/urfT1d/Lkl2KyE8SE7cdtzR5yc7iCa/sTw18JMq4QwNVUqUHUqT551HC05W2c5a3a15rv5dD8h4242rZ1VpUqCeGw9GEYwpRbVO6tzN8qS1677X11v7dq+v6lpci6Ut1FdC9iLu0QMqwq/KRRuh+RmJG8Y5GelX/+E68YWHhqfw2dX8jw/cw/6Ro4Gw+eTkFj1/eHk5wNpII710ITwUnhvT7Z7GOK/wBIiWSfVUk/0i4ugRlWjdi2VGMH7uABtBNeGeKtbjm+1y28odJJNio4/e4AwjkD5gc44wAM4wetfpmHwVDFSWHeGvThNyj7RKSXLZaOVk1e+3l0Vz4R1sTSXtI1dZq7Tb1TjG65tHJX7pPa678v4m1/ZBbxTSyhASDb+YXCMSQoXnKAgluCT0JwNpHll3cSyXDsJWZHGERC2QpOGBwcY55JABxkAZBrb+y3WsamtkZVSZ8zyST8RiNMtjnIBOOOeCOQN3NSKBPtUygLEFZo8nGJcNhgp52/XoTkHGAK+0weEo4aEYxpxg0k2kkrO0VZtaOz6aWt1szyq1Tnm3WSbbju+to3vrbvdWirWdm3dQwQaSLWWdZ5UvVVmZZH2LtBOI03Ddk9mGBkA91zmG7lkMMkUkojBCCPcSwYHL993Ax2xg4PoddrfTUumjIUgEZDMMoM5ZlY5GSRgLwcnC8kViXyT/2oWtxstNgZQqBBjB6seA5GTj3OTjNdcYKdlK+vw7Pr0WmiSTad+nVI5JKEkmrX0tZN2bf/AG7bl6JXS7uxe1LUXS2aCIAliFUqc7Sy5IBHy7skgjkDJ4JJIZ4V0NdQYSX8Mot0ZgAmT5sgZSBweinKnkDGO2TU9raQfZI57kK0JkIMZyrKuclmOR0AGCDj8617PWrGz86DTJPLCKGHncIoY5OM8FiQAMckn5hmsZu1N04Ru5JOTvG1vdbeqvfWy1TSbei1M4rmSu3okvs+XlutbWel/U6aK3g0qW6tTYxOtym2JI2wU4A812B+8M5GOgByvOa57Vfs1vcpaSTyyRlV2KrllMjj5QQMjg5wuDgHPPQZl1qk7yvcRzFi42lQTuZgCc5zhVz0GORwciuXtp3Opxvcs8hMnm7xkhSpz8xJYBAM44GOgAYAVFHB8zdRtuXK2ndcqScbq93otdNbN3e7GnFbq9na76LmW2t9b9tG9N9OmvPCN/a2q3lv5kkszFREiuZERsHlQMggHI42kDgjk1qeGNI1W+litmink+brzGzyAgLGoIJJLADIB3cY64rotM8XpFA73BaWRSSjoVYSgA/IFyPlXkMxHy8qOma7r4ValHrPiyxvJkVba2nExhwFjLKwIDbsL2wQSSecgnhvPzPG4jDYHFTlFOVOjNwa1u0lypJ6NJ/rrrY9XAUqdbF4SCbUZTjHys3FO60ei211flqf0p/sQ/8ABHzwd8Tv2f8Awp8SPjJrOp2ureNlSbRtD06QW0+n6e+4RS3Ejf6zfjcwABUZ3EZwfiLxt+z74X+Ff7WsXwVvJhqfh3SvG+m6O8hQAXeny3MamCSUdXMbBWYkhscfLg1++/7KPxsvbv4EfDu8klAtdK8J3iJAsipb20dhblkklbICliCRnAJJ781/O78Sfide+If2rrrxjezl5b7x/b3kb+aGCww6ls3FiehRThgcgADnPH+eHCHG3GvGHE3iPTrY7FywmVQx+HoUZTbp0a6jKNJUbP3XHleifm1dH9Ty4dwWT0sq+sU8NOni4YZ0JKnHn5JRg25z1cnJSW+l2+tkfrZ+39/wTW8A+HvC2h/FX4P6HHpOiaboli+ueHdOUym4ke3V2vVUFmMhJ3uMfNnqDkD8yv2WtR1r4eeKptLkW5i0m71mNZYZ4AkpkZmWOMMQX4IwxXu2cjkV/V/q3iHTtW+Fiz3tvHf2M/gm0uJY2VJ4i66arHchDDqc9AFySeMrX5q/sE/s6fD344v8W/FvinRxdyaR4kuoNF5ESWUsV1IwAAIUnAHI4UA7eVNfBcC+LXEFXh/PMszyGLzCngMZSoUJOcvaQdapOPJKcpK0YSpNxT15bx7X7KuTYPD0FmuJcaFTCTcZzjFfvYykowfJCy5kpKOitazavv8Agl+2M13c/GC8v3sDEqiNFQrwC7lgAxHcHJHoRgkcDwpQEtfLYksX3qqgEKzDOCDjbjJHoPvcZBr97/8Agon+wJ4t03W/Deq/DDw/feMZfEl08t7pumwNNc2DLGBFvdQWWHA5cnAySPb5W+FP/BI79prx9KLrxrJo/wAMdElkLM95Ot9ftCcEEW8JR4ZMEYBI2t1XBwf9SPCHxEynGeH2S1KmKdCcMJGhPDTv7aM4RUXF01eT1tZq8Xunsfz9xVw3i8XnuIxeEiq2FxUvbQraRg1K1072fNG9mrb9dNPyP1m8UWk0k00cLxZSNMfMFB4UBcls7QCByQCNucV6R8BPg78YfiPrc8XgX4f67rkV2wVdSSzuINMQFRh57mRFTaSeScjHXGBX9GfgP/gnL+xl+z1aQal8VNfg8eeIrTZPM2u3KS2xnQhiLbT0O5gzfdVwRzz0zXpPiL9qDwD4Us/+Eb+C/gGwtrSKE2tpepZQafaIEXarFIIg7naBtLtySpySQK+mq5rm2fSlRyTK8RNS0jisRBwpq9k3rbSN+rXXpvw0Mny7K7Vc0x1NaK9GlJOTtyqz3bVnayVndu5+Zvwy/wCCP/inxJAPEHx68d2vhnTJZluJvD2lyRPerb5DmOS93BEAUgEFSQM5Py8/aPhj4OfsP/syrE3hjwto/irxVYRKq395BDrWpyyJx+8mdZIIyzDgbAQTzXjfin4mfFH4g6sdP8R6/qFmZJHa2srSSS2spICeIw6MpYD+JMnv24rW8N/DxXPnyXCGVjly673LEfMSz5Y85HUZAxjnNerlXhzmONnCvn2YTsnGUsPQuopNx91tW02T0k9tWRieKMrwUZU8pwMXNpfvqsbydrPS7d/w1fZnqWvftN+LfEsUuk+C9Lg8J6WA0cQjjSCfZt48lIhFGoIwQCOpwD2bwvU/CviLXboazqur32tyHLSW19NI6EsSTtiJ2ggE7cAcBcYbr7dD4M063QMkMaXAHzOpG4t/eGM4OemMdDnFVr7WdD8NWpude1K20e0gU+bfX80cEKqpJJYylcgBcnOTjIJOBX6hlvDmUZOorBYaHN7vNUlFyqNuzu5T1d09Lb2ej3PkMbm+YZi3LEVXq7+zjJqKj7uiUbX6X10W+u+N4TsNEjgRH0+3t7mHCNG4VGBUjcYmYBicnJC9WAxx09CguoNLYyxu6wclmYosKgBgVZnwOMDkkdOmcAfnp8bf26fgb4JW6svCt1cePvFsTGOCy8OJ59q0rkgCS7i3R5DH0G45HI3ivki+8a/tb/tFxjypLn4W+B7krm3t2aG/mtZAMBxw8juhBJRlJGTnIAH0caLlsnH4XKyVl8KsklbZKz6X6brzYuEFKTVlZSTesn3ut35XW3W10fp38W/2ufgz8KLa5u9Q8WaZ/aluJBNo+lyR3t/LMF+VXgiYlSzfKepXPXivz/8AEX7dnx/+NJn074H+BJfDmjiUw/8ACVazG0bCFsqZ4VcIUPAYAg5OOxOed8L/ALNvwf8AhaZda+IOuReI9ZlZbh9T8Q3JulExIZlW3ldnJ3HGT3Oeo5o+Kf2lPB3g6S40bwJokF1AyFFumjW2sYSoKq6xoApjGNwJGT9c5xrUqVNSlXnCmlayTvLRK2rvv03f4GtKpVqtKEZSWzdlpe1ny3b10e7d2vQ1YvgRq3ie2fxD8f8A4iav4tnPl3bWVxevFo9ux+ZofK3CNgDuXbggAf3a1tQ+LPwV+GOltp/hLS9IlurKDy4fscEKxxOg2lzcFWy2erE4BY4yRivh3xf8YfHHja5ktr3U729srlm8uz092hsoVBIXdKNqlSSQQcDAYkdq8bv9Y0HRYbtNa1y3knDb49ItH892kALAXEgJyABg7mGTu714mMzmhBJUVGTilFttt3WqurJ319Lbbad1HAVajbnLlvvd2Sta+/5at6/D0+sfGP7THi7XLOZLG4nsbCTcpuDMI44YOv7sjbuBXgAHkjnHBPylqXjnW/ENxeQabHNd71cPf3G9YkVv9Y6ySMA3IOWDAdScgADyi/8AjHoMQbdZTazJCzeTYgGPToVyABIi7S5U556nB9qwl8SeNviJtsNJiitllzHb6dpUZjCRknHnyRoCeOG3EEgegxXzVbNq83KUm4q6SbfKlFpNtbtrWy21+42xNTLsNTj7Wu5VIK/JC1ru1799Vq9fJdul1RY7WMXGsatY2NpbyF3eKRJLiZwSW2YcE89NpHTA4JFJa/HSbRBBY+DtY1KbUWyTPIr/AGeJU+VVUFXYY3ZCry+Tjk4r1D4efsB/tN/FWCObw58NvE2uW8z+X/alzBLa6PC7HCH7XchYmVic7wSOB1G5l9v1v9hL44fsiabpHxX8d6N4DuLPS9St2l8PtqtlrF7Pfu4MFrLaRgkqTxLGQAAMHBGa8PG57QwlOXNjIzqOPLGmpJKU5WtHRt67Xei126PLsRDH1qdPDRlCm2l7SMZSlpyptOKSemtnq302Rq/B34Yftk/F66ttS8JwJqekJYxX97vnhhDrLjZlJY0VSRnerNwDkYzX214e+EGm/C/UrzVP2zvjj4D8DeD7zS/tNl4U8EvZat4xN9CjGGOQ2pdredmHzblwWyOa+Hvin+2Z+1hq3w6vLfRtX0T4Q+Co7KGFtH8EWMGn3eqBy6g3F2kf2hJGXhxG6gAgDGAK/NvVPE2ueIEkvNd1G81HUJleWW91a6mv7qTcM4U3DOU3HOcfQElq4MnqZhmPtKyxdOFLntKnTipSjsuTndl3V0ndu9rJM9bOa+EyyUKapVp1nBSVSpJ2lFWu+XS0X0TTfZ7H63/ED/goB8FvhxcxW/wU+D2qeKtJsWuLK38Z+PJllk1Yxlgk0lsqIEhI2sY+G2sRx0HHeCP2+v2gfiTa6s2jeHvh7oOjx3BhVIdGMhhVzhVRnLN8oBOQPm7YOcfHEml2uu/BCyH2eOM2u+ZXKjfI8TAtgj5vmB+bnvnvmvWf2btEjj8H3EscKQrPeO8zPtChEXGckAbeGBbdwAxxng65pmuIwOGqRhXlGXtFS55OTbVl+ersklr9zyuMsfXp88VKnKk58sY9baK+ndaWvffol3uuf8FIP2ifhhrFzoyWXgfW4bYpNLFqGgQyR3KodzRbgoKhsbdufut1DcH7c0P/AIKKeNdZ+HPhzxPrfwO+F+qNr1u0lxBDaQ2SwiAfvGQt8yCRQV4zgk4GCAfx78efDzxn8RviPq+meCPDGpeI5w4gDWdtIbSBiwBlnuCvlxxpnLOzELgkgjBP6W/Dz9ny1tPhL4Q8M/E7xHpfhAaJC0msrbXCXGoSxzE77eMoeGZSV4HG75gDmvDzTiH6nhsunQxMpYidaMq9OmnOo6bguZckb2V7ebbfW6PYyjKqmKxWPjiKXLh6dGaw85pKEaqklFxlZK27et9L3Q5/+Cnnha1luI5v2bPC6QSyOkrWtxA0e9SVcoHRmUjHUHIyTycZwj/wUZ+E17cfv/2b9LdJWONuopGGZjgoqFcZJP8ACu3A+7xTNfsP2b/hlZXek+C/A1p4l1GZ2a01vxTMJjLLICS8cOQOTlwWBAHHQAj4n+K+q+FfFFxDt8OaTpdxosLMRoEXkJLcbmZVkKnkoDwehOR8pBFfaZFnWY5hC6wWJoUHGKdataLlt0fva33273Wp81nGFoZfNv69Qq1E7KnSjz2emnNZJ2vvqnfR7W++dN/bt+Bl5eSWEn7MUMk20bbWC/RpFZwcOyquQrZyQ3YDgYzW3pv7VvwX1jXNO0u7+A93paf2hAb+xmvrX7PJYhw8kC5iEnMeQPmJ5wCQMV+bngDWvD0XiXSbw2w0driw+y3890d81xMm0R+WuCwZjgDA5yNpOc190fBj9jn42/HzW4/EHhnwne2GkR6kjxeKPECyabpZshgLLC0yobkKhU4U5dTgHkZ9DMc5nTpuhWmqcFG0ZJqDk3b7S1e+jV7O+xxYLAvFThOmlNuS5oOHupWi7u8bLR90k+mrS+5/HH7VX/BOK90i60mD9leePV00swRXK3Msbx6kINguDKhCkeaA4YD15OSD+cfhPwfffFTxLd2Pw2+HXiTxBJqOoSHStL0S2u7v7BbSy4iguJ41VFWFSqs5LcKSTkEn9ivhl/wTO+BPgbUP+Em+NvjC7+Imtlkmfw3o7G30NHXrFLhhI4U7lL7grANnnivufRPiL4B+FWlL4f8AhD4L8L+BrC2Xy430+ygfUCoTBZ7oI1xubIyGkOSP4siufIczzJSmsvw2IxjmlepiHJxWqu/ebduz0bte535hlOESUsTWp0Yp35KaSk9Iuza200Wid3fc/NP4Qf8ABKHxnrUFv4l+Nvim1+Fnh4JHPJoNrdJca5dRKN5RpCzG1kZcKysnHJ7Yr7Y0H4Z/s4fAtIbT4Y+EdMvtatlCz+KNZhTUtSnlC/NKHmDxlnYBlMQUjPBJUUviD4ha74yupGuLnUtUldz9+SQW+9jwyoCM4LAcg+hJGaNA8N+RqVm3iwyWdhcSIttd+SRaRSyMAkdwWVtoBOC78jgZGQK+rpZfmdebrZpjZRi+VrD0nywi9G42T106rX0PIc8HRiqeDoRlterOKcm1y2UW+i01dtL7dJdQ1Xxf4zaRUeRLaTKRvbxMrrGcgBFAAQKOAB0wAMnFebXfwu+IFkbjULV5NVRG3fYJwRM0JI3GMtyX2kFQCcE5PAr9K/Cnw7061treW2ktpdyhkkjCMjpgMGQqSGBXqxOcZ7mu/vPBFjJbPKbWKSVVB3wlFboSAAuGPReAcHk8ZxXbHOqWXxVChTTSet1ft135lpvezWia0OeeDliHzzd3ZNrp0XTXXTp07I/PX4Z6JBriOn2X7LeWkgS8srpdlxblSAzeW3zOOSQQTkHnA5r7H8LeDvC1sqPqdnFcAKB5ibWALdAI8Zz0zkH5sgkHp5R8Zbv4b/D/AE5/E3ifxfpHw5ns4mddYurmO3kleP5jby2wcPdiTG3aqktlh0OT8G6F+298S/jD4lufhz8BfBMV7qETzQv8S/EofTPDVxZwt5f9paXBMFNxIEIeOMMxZjxkCuPF5zLEwnKnUcJbKMd7aPa9ra+rtq9jXD4DklZw0Vr326d9XfdpNPTVbX/W3xNqnwi+GujXXiLxLrWneE9KhiZvO1KSOHzgBl4oYX3SSvzgIFO4kKARzX5G/Hn4k/Er45ahct+yt4KvvDmgWRlGs/EjWIpNNttWtAVE82kWsqq07CPc6MoPmAADBxn6A8O/Aewiul8X/H/xdqHxg8YlvPjsNRlePwppLqVYQ2WnBhC/l4G0yxtuwCQFzjsvFvjq1S0/s7RobTStPhiEK2ljHDb2kUW3aI1hiCx4VV5KqCcgk5xXmYTE4uNXm9pO9/5mlZ8unReevyTTO6rhsHGCjKKuknqtU7q1rNWSW7atrofN37PP7NfwK0jTW+IHiXUz8R/iCXdtZu/EzGaHS9RJ3SwW1hPv2KJdwVnVwxAwDgVzn7TFx4b8Q6Pd6bElnHFbwMqW1vBBHaqqhlQGNUVQB/sjnGBjINeaePPG178P/E//AAlOkZk0meQW+v2FswjhmSUnN5tOE8xN2WJwcZJbHI8N+JHxgstWExiMTQyoHRFcFm35ILNuxtBJ49d2STmvocLCvOuq8pylZxu5SeivFtRV0um/pvqeXXqUadNw91J2V3e/LZWWna++2qau3p+fOv6SPh/44tdTtiw0nUp3trlASsMRkYlTjtgnK84A7/MK+7v2cf2ite+FmryPY3DXWnTFI77T3lZra5s2PMqJuwsqK2cgBienQ5+GvitqMesWl2+9VEKmWMAg7XVgRgdmx19CNxPSt3wTNfQaZo10yxu0lmjuSc7owT989RkckfdwfQA19fDEUZUvY1dXJW7vVRjt3bV1bXdXta/zc6U3NSp7Rk22t7e7rfS73t0Tutdz92fiz4outU8PeFPjz8KhFqHiHS4hPqcdsFcatooG690fUUUEySQRhjCHU+o5GT+cH7VnhQ/EDSNJ+OvgHTIjPrLxxa3Z+YFg06d2KTrdxDDRyQSZL71ChNoIAzj2L9mX4u22hXy+Hb5zL4W1rbaXEMh3w2F5MCoudhyETJO9QFBGR2BB41tovg38Ytb8Oa0YtQ+DvxQgMFvGmW07TdS1JMGW3kGY4t7SF8ArtJ6rgV4eJoVIxqUqb5fcfJNbvROz0u2tWrvo1d6Ho4erGXJOeqTUZp7NJK+ml9m1fS99dr/lBrA8CeGJVn8S65N488QFllTRtPLjQ9PcjiOfYcTFCcNludu1lH3V4HXvjZ4i1N00bw5YCKAERR2Nnbm2sLcgHCFIgrTsu3+J8EgZweR6R8cfhBqPw58deIvD1q8Nn4ennF/ZanKVaS70y7Yyx+VJjOcMUGDjbgg9TXnFp4q8K+B7RzY6fb3GrunkwFtszAHKm4clcB23EhiMhTjkjA/Kcxp1adWpHFSniKsZP4pNwily2aWyTWqsr2dj6uhWS5VS5KNJxXvR+KSdmtWrttpWtd3t8uZT4bax4kmGq6/fgzhWeQXDFLO3Uru2LHkBpOi9D6HPQch4p8L2UEUMQvooobUFHl3JsnAbB2ADk/xDJJHXAOMTeJfibc6jbPaC8kUsxaSC1IChS2dmVA/eMeG65+Y98V5ddvqWsMvnSC2jBVIvPc5CADPygj5iOAcEDJr43HZrPD+9KcYtL3YQdnpZ2t0eum3zZ3U6Kr+7CMpt8r9pJt8zvHq+1+26tfqei+F9L0hp0h0S0ku7rcA0vGTnAeTewIAAOflI6gD0r6I0TwzAqQ2K2c+ta1cbWi0+3HmpGzfMDMUG3PzdzkEkKD28z+DPw/8AFfi/UoNO0eOaHTUdPteqGIoqocZCyFVwMKCOdxI4GflP67/D/wCG/gX4b6VYLfXtpp9zMYpbzW9UkiTJADOVkmbcE3ZIZSAPlyOAK/FuMOMMRTqexpzq4iu/dhhKXPKfvWS5+X4b3S5Y6ry1P0Dhzh6E4+1ko0YRfLKtUSjFaxdoc1k/Nt6NPTc+cfBP7PXjTxoLKDVWOi2dvJFJPpGnjy5Tbs43LcTKPlJQlmHBPI4JBH2H8GdT8D/Cn9onWPhpqGp6N4f8BWHgqy1W6v7wx28a6iI1ecT30pAEhw3ys3zscY5xXj3xG/bh+E/wp8UReEvA0c/xI1eSErPbaDCTDJchSVSS8IZZAZAchTnGRkla+GviPD4x+N/jrUfiJ4wjTwBpGtQWsd9aSTtb2lvaWyARWpAdC8zIA0uMAOdpGME8+S8LZpn+Gr1c9ozwmGxWGlTownBxlGTlTcKlOk7TnJWk1J6uzV+3tY3M8DldWlDLqkMRWo1Y+1lCSafKlePOtLK/K2mrWtZrf9fv2hP+CpXwR+ElrceGfgLoKfFDxy0f2aDURG50LT7l1KB2kVWN6yPkqkQGRuxxxX40eNfFH7Sf7R3i+Pxf8ZvHknhnwteSS3C2V/K9jp9lEMuIbLSS671RBtUyBwfly2DxKvjn4Q/DOzEXgjRLHW/FFvJl9Xv0jkRVQFDLGJA0YR2IZW27zkEc52+N+NfEvxF+L1vOlppF3d3l08i2klmHTTbGEk/fK/u1ZxyAAAFHIGRX6fwzwXleRUoRwWFp0qjS58fioRliGnytuEWrU7pvXR6aNtHzObcRV8dNyxFedWKs1hcNJqnbSynKL1s2r+8k9euhsal4x+Enwqe+X4fRW3ifXkAuJfE2orG/2e7QhWFtHtKsu/O1Y1HXBbgV41feIPil8XJNSvZHvLiG4YSTTIHgs7OHdtDQgBUbI+8OwxgEEZ968B/spW/hfRLLxX49uxrUt8y3U+iQMoS0t418yVLrdhNpGQW+UDGezZseP/2lfh54W0a98C+C/B9veapO6W+m2+mbZEgVcJH9peNS0jbl5Qlj0H8PP6NgcLSc4KhTqYmrZXr1U3BJNaxvdaNNq0Ura2Z8fi8XVlTcq844Wnq44eknzztytLmXV93pre7Zl+H/AIM+EfA/h7TPEHi7xFaLf7GvX+1ugsoECl1UAkebM4+9yeeOOTXlXi39o7XtdkXwp8LNLa+vFna2g1K3t2L+Wh2r5SIAqJwWDtuCgAN90Vj2nwp+KHxVL678Q9Tn8O+GjKHg00yOsot85EEFtkBCVIOXUscA8EnP0BoyeAPhdpkOm+GNLtYb4wmIXLRRz6tfTOuN+4gtGdwAXoMFiSB0+mw+BhzpzviKyta38OHwrXb4Xa611d+7fg4jHNQag/qtFLVv+JPSO3VeTu3rvY8q8G/APUNfmHjD4sa1LdagWE7aVNN5kUB4YvfMWKxqo4CgLggr6V6vqnxHj8Pzp4R+HlvEHtYkgW8tEVLCIFdjHcq7ZSoYAs5JyBnGRmlFY674htr298X6l/wj+hSgeXptvMP7Rv0YgqxC/OcjhwSAu4cAg56n4efCrx98XNdtvAPwk8Dajq0peGLzbS1ZmTLFfP1PUNjJbwjJeQM4Iyd2DX22S8P43M8RShSw860k4xShFuEFeNnonrqne+ySVtEfnvFHHGR8NYKtjMwx+HweHpwc6levUhDSNn8c3q27aatvTvfyoTS27zXGoTSatq90S1xNO/mQwPknCZ3b2BJwB7ADufuL9mb9hf4xftHsfEeoMfh78L7RhPrPjfxChsYbi0j+aZNMS5KB1KZIkTgY75wfqjRf2ef2Wf2I9KsvH37XPizSPH3xGtUS70j4R+HLmK9S2vkXzIo9USF2DSCQKG3KQSDkcGvz5/a9/wCCnfxl/aMEvgL4fhfhZ8IbQ/Y9P8KeGwunGWzQmONL64tUiGPLOJUQqxzhvb9fpcOZDwlhaeO4ixEK2Ja5qWW05xdSbtGykt+VO19o9FJ3Z/J+ZeJ/H3i1ja2S+E+Anhcp5/Y4zjPMaVSGBpJNRnLAwml9YqRXwWbV76Jan2T8cf2kf2Wv2N/CWrfCL9l3S9L8YfFG9tZtK8SfFK+Ed/cQyyJ5dwbG7IcLIhLeWLdldQSCfvV+V+i3eo6lbtf3U0s19rNxcXd3cSbi8087tJI+XJY7nZjkliV4yOK+ctB0yKa6uLi9uftN8rZLzHeA+7LOC5Jdj0Zm+bPJIGc/WfhOGK5s9LxEMQw8njDOBgkA4weoJz6189iuKJZ5iY06cI4bB4VP6rhqVlTpRk4ptJJXm4r3pbtrfSx+scB+FeC8P8DiMRWxuJzniLNXTnnee46UquKxlSLVoRcnJUsPTc5qjRg+WF1u7mL4s+TSNPtifnl1vTbck5y22RdzMecYwOMYzjIzXh37UevAeGbXSBIEWa8iULnLYhChhtBXgEYxkcdcHBH0F45SMNoEeFwdZF04Xj/UKrHGQuFB24IxzjGDxXwn+0Pr39qajYokjeWs9zKvOQER3QEICQOnH+73zmvAzqvOOCxMrO0uWmrN3tLlVna+mvVttu9mff5ZBTzTCxi/hc5ctnd2jdXdmm9b79tHZs+aZWAYsHDFWySSTg5GAAc9uPXtgjpVkZuWLFsjGAOR3ALEEcngEdu1OkZh0Bc4J3cAAEnquMnI65zj1x0rMxK+uMkjIIXPQkYz1IwTjHB6cV+drZ6d7X76W26fc7X6n37tJat3Wz01tZpd91a7ktElorIUyPuOFOCM9Cpxjg45+bv1xjp2qmbhlRQAOS2STnPQ4Jx17AdjwcFQFnXdggnO3OCRjJPqSAc4OBxtzwOuabFFh402NMfNQID0yCcgZJ5Ofm64y2AOMTPRN6qyd3pbaOm1+/p36mEoq1nLTr0v8N9bO11rdL3m7bWPTNBvxY6TbgucSAtsQZZZMEKT1yMkHB4bgsCOtCW9cXct06JKWG4K2Tsb++Tk4OfTAxwDkkVppaQDSo5JWETFSI4k2kqeihl67u4YnjPsK4u9BWV4w20qvzFicuT3wAAcgnsevbGK8GlGNSpN25W5X1VtFy6XWr3V9XZqz6Amoro7NXbab3jbVpdbu0rNLXRJGrL4gu5I3yIwXY75ASHAHQKxzkjA6HPXI/hqOXV7hbZIEZYcK7SNGSXZSMgN3JIOTx2OOCK5VpWiWOMfNvbClj8qcZxzzzjPXnGcgcgNwcbiQr7vmOd27Ixt45AwQRzz0OOSOtYemlZRjfS2mu6tq9LLV9fLuDjezbeqT0bsruN3zdrLfl2b1fLpfjuZbhRH5jJJu3KzkHCrluDwNoIPfORwB0EVxqEsDmJZHaQ4PB3AjvggEgfToB69YoZUti7f6yRkDKAuVC55Q5OFzn1O446DIOTd3LNdecrYBQEIpAyAMY5wRkg8Y5wAQM86Rp2skk9r9LaK/k7dE3uumiWcrq3f7V1aVnbW909NOr069X6pY+MCtpDaLDCGiBLAsFMi4PL55574wCeuaqyeJ1kUwfdGRJHHCQqli2SX5PKH2wOnPfyN5JNzTYZfMO1R82R15J6AYGcADjpilguZbSRZIzuDDaOGYOXOSQSTjJyDjnjGCcVnHBU4uTSvzSu9XpqmvPpfe2/kQnGOt7NX97e3ysnr0a1bTvc9usDb6uri4ZYWkkVBMSC3C4GW4Clxxg84IOCcEW59F0vTkMkkKXoO/wAhg4LhwOGOODt4w2AMkAZFeXafrMkMjLuwzsrKFYlfQ9TkDnIKkd+grpkvrt2aEZJdWY5b5TuHzDOcAgAYYHIbPTIJidOaaUW4xT+GO2ll67q9r9XZ3vfDnTavZJprXq9NE7ac2tr2Wlr31V261cTKGjCo0bbQwIwUXJCgYA4HGOuTx1q/aeJLoWrkSEgsFUltr7em1R15HXpkjpnIHC6nOtqgyoQu4LJjeclsEqcnG736jkZFZMuoq6mKEFWL5ZC33QB0xz1z0BxyAPfN0IST+K/MrPRr7N9GtW0m9bffqNcj0aV9n535dVbW2qurX387+02Pjq6kC2sTDY6GGVpGBl2kbTIpOcY4Gecc8HisSSdTdyrL+8hYO4DkFtzHO8jvz0YfQeh8lhvbgS7oyyYITC8sy5G4gYHykjPXnt0r0fRpYLto5LiFnEbIjSFiVkDYATb0ySenB6c4qXhqdL34uz06W10aeq01Wt7JLRPu3BNpqOqbXom46W01TWul91o7HUaJPLb3MccEiPHO/wA5GMqhA6sc8gjAx90EA8ZFevXXg+/tNOgvjbOLKUPO80zYkUYVlljUn5lY5AK5x6HpXMaJ4T8vXNLt9Whaxsr0RNDKWChopH/dMxHAQEDnkAdFIzX1N4k02dtBt9CdTLFFaj7PcRgSlxglIcoeVkAUYYkkcjI4Hm4icXODjZKSTl1urK6vvv3evnsd2HwHPCtOcdopR3v7zi1o1zJO9tH3W+/ywviJDLGY5txhXZIGIxGEOA6t0OCMjnOQflFZGu+I9PuUL3SrNflZFgc5MYUqQCAOBwQMkDkk9duPXtD+DQj26n4hvILLTzM/nWbDy5nRm3AszEhVAPfHAy2AePEvi5p3hzTPEC2/hW+Op2SwDcsbERRMQAyqx+8ykEMRgZ6joarDRoSrKKV5JptxjpG3LfW116N6bPVGTwFbD0vaStHVJQb99x0s0m77R7vXa2688t7aTUFeJXlE3nYJ+cxIu4HOQQCOTnk9cc5NeyxaXDZ6TBG+oNOIo/MkkWQbUcrhYiobOMgA5Izg9hXlGi30NvEIcPDI7MzYGWfGMDOeASQMHJyRjI6aE2t3KqYpG863LksqEBVOdqhmGN5zjA9e3PHRiKEqs0k7RjbTW91yt/19+5xSnryyVu2jel42v217q7eunXcsdPlMs7XNxIlushYxJuzI7EiIgnnaQV5HbJOMZq5d28lwtu0d59nktQ+QxyzKB/q42ychgQSDnnG3LVzsWqFIpzcyujuF8hmJ4XpgKeMAYweTjoCRg541yGHUIvJkM2AWIYgq0gyGDZOc56Hjrj5qxeFm7tJaWt2u7bJa7X7X5ltqZXi5KzVnrq1fdJNbba2e7d0t7ntvhvxcWim+0JGTawrHbvKNqFkjwzFOAzEZXgZ5OeOaim157mGS/CQAx+YqxIQMlgcvtJ4xkDnByflIzivKDryx21yxVEmmGVRAHUfNnICjaHOOcfNg53dMYM+vNdRm2hklWSZkDliVVsDLFQu3AAPQcHpng1yLLeapz8tnZXvLf4W7J63076q6vtarQul1000Svda3d199nqtXoeq2Hii5BZVd5pDITCN5YAx/eRIxgdOFGRgZ5IrptU1bU9YNja3UM8LIiugjjIiijU7sMWPDsOSQVOcHlRz4bps91BOgtyDdRjfGRk45yW5yMkdOOgHHcexeHtavtVZbe9MaKyqpaQbHYpyWQ46EAhgMBifQEVhisPGjLmUYtpLpF7JX1u2r2vo+7tZkTjbVNPZNWuvs9b3Vuujtrc9F+H9ja6n4itLeK3ht0uAllPcXKry8uQZOwDAZOTgZxk1ueOfA8vhLWryOKAXNuxDWM24SGYgjcmRtyCclSowAMtxnO94V1Dw9pdnJcXcEH2x9sFmUbDhhjLqp+7ITyXPJ6AkZxT1+bxn461SJ7K2c2mnlYIJoV220EfDAzTHKs7ABSeOc44IrwKVbE1Ma5NuGFUWpKaVpSfLZxTXX3Vq7b312zpOU5O8Uo295v7TSTTXm7LfR66tvThde1DRLrwnfaI22LV3kilmSWMu4kOPnEgBMaITjyyRheeBgVxVvoZtIYIdJtZL28kt1dwVZombbsVVByCxz+7UAnrjiuyOjRw6xqdrqFs8d9dj7Okm9WUOwCmZjgqFBOQ27G0MO9ffn7MXwV8PiJ/HPjSAXHhjwivn2RuP9T4h1tfmt7KAkDfDBIFM3BHy7SK/QeFsgxmf5lhMswNN1KmJqxlKUI80YQ5knUlorKMNb7NJ6aGOaZnhsqwFXF4ipGFOjBtS01b0UFdW5m7JKz12T1Rmfsx/B/RfgT4Pu/jh8VNHtpvF99bzXvhTRbyJc6LCyZhv3hkXm8nYqbdWUELyMZyOTgtdb/aG1Txpr154htNP1e3kS+vNJ1y4EMVzoZl50/TpJXCLcmH5sIAUxk5wMdx8XfFJ+LPjQaTc6hqMHhbRZPtfiW40W2llt7GODPk2aiFSqG3jUBI+jHPyjbXuPwr+EPwbj0m5vL+yfxv4L8TaY7x6jb6yNK8VQXghZJI1t2G+N4JMfuiQXxgZ7fu3FuIweSUcLwzkMf9ly5U1mNWFvaYzHNQ9tUqNSjeMZc6gr2UVbY+P4PwmIzJ4jP84lfEYxyWEjO7jhsJFqVOEIq1m/dc5Wd3umtF9DfB/whP4D+Gmn+Cvgr4g+2+NPFbXMg0PX9cs7vw1a23kCS0eG8ditvhllEiswAKqAQSM+K3n7R3x58E27W2ofC7RvHd/pGpS6frF3oOlXerpaXEEpRzNcWybYIxt+WU5QgAgd6+ObzSNc0DUL3wb8C9M8aab4obXZ7fRbfXL65n1C5geXNo1hbiYyeWwwFYAR/ez3r9mf2X/jN+1h+zb8KZF+KfwR8M+LNBuo1vfFGn6emjjxjFBZo0smsarLc28pS3YFC4YcgEMSc18Jjs9lg6dONKrBqS+GouWono5PmfNzcq0X8u12j7nC5NTxla86E5VIu6lST5HG6s211dut/K97nxt4Y/adT4g61qmm+JfCOm6L4jtLZri3s2lkghtEOFa8kRgjJPCDtWJ9zSvhUHeug8dXkPw+8Ltp+lG1bx18QE8ywu7nK3ml6DcDdfatPv5hlvUPlQZKlFRSvJzXjutftEn4/fFbxv8AH/xr4B0Pwb8PrTUGtNN07TdPt9MOq3unyPHp2nPLbRwxXEpkRXuXTiU8kYrwLWvGPiTx3rmrX2q3Rk1zWtQSKzit5T5ml6OGItLKBQ2FghgCAoiqM55zivzXiXNK2YShKU3DD4S9SrFStGc0lKMW0/ea0cr6aJJb3/T+HMpwmDSo04OeLxrjTptq8owbirKTT5ee9tFa9nsjzH4n6XbTX721jHDa7LUxSXjSlhfXZciV2cFcl2JYkkg9ORy3RfC3SPiZpkNhH4eNhdQWjLcSMwS4SMdQyszHy5FIJDNkA5YgjNdj4n8HabClrpkl4kt2+nyM7yjeryuMFpGY8MuDyMDAORzx7x+zX8HvCGvwS+HbnxrHo3iKYCS0iuL37Ja3kkzFVUu7gMqg5Makbi2M9qnhvNo4+ldxqS5ZNRatdpOKi72tbz8m10OvjThNZNXoNyjB1IwlUS5W4SfK3Gz0v1u2uux9J+C/irE+jadYeL/F3iC18URCztY9P061jltpVLjPMCKrAIQQOp5HzZIP1nf/AAy8R+ONe8P+NPDXh3VdW0uwXSBZ350JrN9U1APCQ8V2UWPzLNwHZCp3EYJ7L82Qfsy6r4Y1LTtZtYtP1O4sL5Ea+s7h3gDIw23Ukbu/m+WPmIUkEAA84x9c/Dv/AIKI6Np2oaZ+zFLqIbV4CbNPEkltFbaVot5HIZpbpNqqxeJOEO/OVwBnIr8f8cMw4iyzJajyHL3jaleVRVYq/LRpuCTqSas9dn83Y+i4Go5VOvSnja9Km6bpqDbSdRqUVyxuneTemiWl9W2mv2e/ab8Oa58Uv2LvGvgSdLNBB8LZ5tauddsLW7vo9R07STN5MLGEywTBlEcciGMgBeCRiv8AOhi06zsvFGpwa5DdTWMV/NYrHGGBjMNw0EsgKkHbhScHAAHfBI/db4n/APBY79oDwf4v+LHwy8PeJtI13wVIt94bFxeWYurnU49r2lxIjsCEZk3FeOhHGBz5l4U/4J1aN488GeGfi9eeNLy0HxRguNfvdNaAqNBtXZru9u5A4JSPJfaAQSMD0FfD8I8QYngPKMFX41xMsM86w2DoYGMZyrTeKjSb9nGKV4JxlFWa0dl10rMsmp8S4+tTyKnSqvB4vEVa8r8qVKdSKi5ubTs5JrS9tHc+cvC3wV8HaNaweOfBMcl3axafb2+mRXFyXOoazeovmrAgKnbaM5eQAHYFOemR89+JdLsNK17UrG1t0ufsk8tzqtxAwY3GrSndKE3E4W3cmNeX+7uI7j7W+KPjLw3oGj6f4M+H1vG2k+BI7nw9omoxIyS61qL5iu9YlMeA7kF0jz02gbgBgfHOsaObC3ZIpHbUbgPPeyzklxJMWLHDfMXYszZPcelfsnAWDxGOxFbNsY58mJnz4aFZXqxpPk9kmmrqTTbaXKurexxcSSwmFwlHL8LCnGdJJ1503o58sedK6T+K622V+unikq6gNSklE7Kk0nKRyEkrkkKzZ6j7uOBx0HQd/otrO7+dM0pBUKqtnJ4xnP3Tjoe/PauOfT9fXU1hsBC8Q8szZ2kNgj5iSMhhyCQQDkkY7e46JpbtHHFJEFkQCSQjhdwOcDtx17Z5Hrj9kqRhCOkdkrXei9NL9V1tda7Jv4ShT5pWs7Jttebad9fV6dbLTQ0LKyjSCNpfm7KuR8oPUseuTxwcnIxkVt21mygIzNsI5BUgKrHO45IwAB8uecgHHXE8aQwAptJBAAQKSVcngg46DIJxkk4GTg42LuS3TSpbdLnbczqTO+wBYkUEKoJPJIGMDpknAwc+RUk46JptuySWyurt7NrTS7tqtWttJcsLqLTe2i9F7z638tFbsjzzxBqVjb7rW2ctt4knxlG4A2DBHBG7A9VHQnjynUmVJnkDhoyjEDoemTuzydvbk5OAMd+t1RLaJju+fbgDLE5PXnkjIySuQeOuOCOA1aRS6hXVQxUFtrbiDn767eFUg4HHHuCD04VLsm043l10a0fTa2rtdX3tZedOS53zWbXLo2lpeLdtUnsnr0XS5mWzS3lywjj85DHIdpbOIwDuZiQDkjAGOcEgHPT+rrwJe29p/wAEi9VullFq0Pw01rEI+UhTEAAP7wbJ3c9PY1/Kx4SjWfU7q3jtbjULyeJreysbON3kuriRMI3lRAtsUk7jjAzjIIwf3t8efH7wh8Pf+CbMvw11jWLm18V6v4GudEstLltXjkk1G6AMtlGMj5IkBErBT8xUE465ZlNSlTpQ+Jyu03rFJx2XX79dd72FCk3GVSTfLLmutbN30s4u1t9bvulqfyu6fqU0OpyTxuyxGa5VmU4di00uE43Z4PtyPXGP9AT/AIJ263BL/wAERvHBuneFIPAXjZUZlKsX+yvtLEAbQQThjnAxk4r/AD89HsriQyyQJM8zXI++uEjZpC2WJBHXAz83viv7Wf8Aglr478f61/wSi/a38O+JfIg0Pwv4F8RWfhmJowsW66tcXLwOBmd1xyqEkEnAHArPGU5Ogut+W+vu62SSknpa19rq1rrc4cJUpxxMXJNKU4Si0rpNSV29lZpb9Gtu/wDIV4fay1Dx9YuuovEF8Ryo8hJBDG+mwiDPJ7EgEqOeBXd6tZRw/ETxLJeoZJY753jupJQZfK2RnecsTubjoPl/vHg1xXhrQNW0LX9O1RjYzQLr73FzcTqDFaI93LtL4VcyKG4B6ng4HX07xN4SZ/Emo67peojVrG+mnuLq/VXC27LGshhUAgiJRlRnPbjtXxGIwWLWaSrOMo4Z4T2ak42bqSqQdra6bNuKSilJt66fpuLxWBxXD9DC0Jc2M+uurVgulP2fJHRuS1k27q3W7Mm51PUr+53W0UjRoywQrIhKqM7fM3HKnPCgnljgE5xXZWNjdxwxm9d4yZEYrbx7jhuqybQckjkj17CvPbbxjpGo3QsLS8MbWsQNwdmFaaMlVSPhTgn1AI/MV9F/Da6tnuLG/uoWv7WylS4ktrhgizSIwKs7OMFFxuAIIxx23V0YTLqs7xaum79372t2ktltutNNT4OvRjGolJ7ytZSTV/dV2k7u19Nbr01TLhZGtY4b43VhbFEhjjaBoZplIBicjajbSxOGzu5IGcjHo/w1+C+reNPEmkaHougy6xcXkqOxh3vI6Eqf3nXYqg7mJxgY5BGa9J14+FPid4k0+9tYpZ7zZZWMsEKpHZQzCQIsf7pUVY0yCGxuJ74Iav3u/Y3+DfgT4aeBxqQ0azl16WMNe68WiuBZpJErmG3lOcMikAhW+XkMOMV4vEebU+HcHd0pTq1FamlFtRkuW8pPWyV73emy1eh9twTwVW4ozSME/wDZabhKs95OL5fdS1s3LS6a0PzQ+Mf7I2tfB3wJouv6re6LI09qrSaWkKSXNvJIoMUWVLMWjJ+cgZyDx3r5F0638RJGkFtOty9xIoQxqAbZS+0KeMgDGMcDscCv2K/aj1uz8T2vibVdLlSfRfDiLEr3bb4ZJQxVigk3KxJPGB8o6YJGPLP2EP2aR8Y/id4H1TxPY2c/hDWfE9pHcWanLXsEE6Sy26hTgLKuVLLlSDjgc15OR8TPFYL22ImnWqVPZwipbzk4xio2VrX91LlvHXVn65xT4WrLMVClhMPOlh6GC+t4mfxclGnHmqVG9Vooy0tdPQ+E9b8D+JrGxsptYmv7AzQo1ss1pJHLeCTq9uCil48HIdSwYYI+XFczrXgnTNR0a+0/UfEF3aandWbfZAd8KxgIeXC4LEABmByQRySOK/qE/wCCw3gj4XfDqD4RWvh/wzoug3enaTcWkcUa2sK21jbQlIRKiqHkfKBWdt5znk9B/M144+Jmj2kGpal9h0+a/wDIubWEu8QjKAOpmiBAPA5yo5IOPb2sPj51cRiMPWcY1cNVUKrg5uOsYS0eibS06K+r0sj8tzfJcJhsvwGZ0vaRwuZ0JVqKqxanyRmqbk4prflbhZ25Xe+h+U+t3J8OeJ7y0S8urm4sLt4pJpmaSOUCTy96sSflKZ4ySSck8Gjx1qh1SKzjtIlkk8lGEqqASeN4Xtgc7geMA9hUnjW+8M3d7qWpqx82ed3mVJAWeYOXIRAA2wFiCPvHjjOa8s1TxfE8TNuaNoE2W6ABWAIAXgHGCCMgcjBAOea9P2c6qhKKaS0e6sr2fdtK9k+trn5zOVGNScVdXknpdJa6ON9L2ilte+1tU9SxW3VXRIoluZjtJkIJcjG5wOpxjPBBPORjIH078Of2oNZ8CeAfFPwfis7Cbw54tAi1Rri0SaeHCbGmtGZS6N1bAJw5BXAFfC2m6nPfX2FuGaQyNyf+WSn5nYd8E9On81GzLr8OnTS4T7RcLGrCRipzJnazSNg4DDlTtGPY5I1lhnNRVRvSz1u7WtqnvdWfml2bLwuYzoTcoyjDmXLfdtO17qOzTd7q19Oup1+padby6tJcadfJLZQTEM07ZaJGb5dy7s5QZAB6AbQB96u58G23hC11G/n1e4eURRRy20kSgoHVgXG3Dbj1znOVOMHivItKh1PxFOlppOky31zqZ/1VszM7OScDCHkg+3uBmvp/4efsgfHDxDFmHR4dHtLgK/2y/uNskUT4b5omwSVGARz82fWvDzrizh7hin7XOczwmXx5JS/fVYwlJJK/JFtSle2qit9HpZP2Mqy/Ms2rOGAwdbEtttunBuMdP5rLR3VtV0ttrzUPxI07RfF95c6Pp5ntZ7WJIt8YV/lA3SBMAckA8DHoAeno8fxb8V6hEv2HT4l42xqIiZck4XLKuR6D6EYBGB9BeEv2DIbG8hu/G/jCKRkiQGDT08ssxILLvJKEDG3HJIGcDHH2l4F+Dfw58H2tvbxaOt+sRQLLfQxkysgADNJJ05wcjGW6Yr8Yzv6SvBGWxqPLqmLzSUXb/ZcNU5Xbls+afKuW+zTtvrfQ+/y7wzzvGTSxcKeDi7fHKMpW01spPXfd3veyaWn506FL8XdaltorHR9QeaYKTNZ28sgQEnBcKuAMY44OeOnX6u8C/C3x/eT2lxrQ1K3VIxLcbopIidoJK+m7tz6AY5xX354bvfCulxeXDYadpgCBXaBbcyNkYAUKoJJGCowOM4BropPM1TS9Xls5jpem2sMl1c6vetHDHHBEDJI8e5VztUHhfYjk5r89qfSvq5hi8PgMs4dxEq+Kr06NL20/ebm1FWjFXk9dEk3e+tj6yl4Q0MNSniMVjudQg6jjFJRbik3fVOySe6Wl0lzHnngy9Tw94f1qyWPzJ/7O2n7QAPKCg5DkDIyBwNwY8ZwBz4H4v8TaTFHoimBWli1qC6eNkMpDJOpJVjnAOM5wd3OAxrzrxV+2N4P0VdW0/wAG6JdeIhpl3NBq+pSDKak8ZZR5eCwWAfNuKkAgjGQAa8t8NfFOX4leItL1C80iCztdZeIWtlFiOG3jgkDlhGVDksVwWH3uxPJr+pcrp5ljsHhcbi6c6MsRRhVlTlF80XOEWotWurapppNW+74jFU8JhVKjRkqsac7U5JOzSkra20XRprd6JXuf0vfA3xK2seFLF4wIbZrO1eMOyo4DRJgEDPQg/wBQPvV7rJekxIsp3qMBQsgyy9yCMEr9OOVHUivhj4C38d74ZtJkuY7Qm3hgS23sygRIFDAhgApABxjp07V9DrNNCuZL4kxIqkK7BhySNpY85U4IGMnOQSTXzmPy22KqTcpXlJtd7NxtpskmtPN99D7HL8VfCUlBXSitLtJ/C3pZdn02v3sdlql9A0gKxqqbjwXB3Hj5RycjPYHGfavhT9t748Xvwf8AhFeanoV5Jpeu6lq9jbWFxBeLBMllFMpvpYmyGBji53YOCTkAZz678Xvip4X+FvhG98W+ItXitLOwiZlguZVWW9lBYrBboW3OzN1I3cAc4GR/PR+1F+0z4Z+NepG+18317o1uLlLLQrCciKziYsqSnnBkIG52x1IHYivYyTIa9bEQrVIKeHg4v3knGWkYxt7vV6O+1lu9Twc/zqjh6FTDQklXlFaRUeZJ8qveMbt6tJOzVtj0v9uP9trW/jX4Z8DeHfAvjLWtV07SYbG6v4rqTzk/tCCygWfE+AGRZVZhuyecfX5R/ZW+KkGmWnxHsPGkc974X8STC31WHA+TU5pPLgujMQWjeOVtynfgEEdxXh8njH4PJoEVnaz6to8KOzTF18yZ7gsQrRkLuyDjcucYzxnmvRP2fo/h3P4M8bvqHi+CwXU9dsIzpdxas99dQxXXmfbI3OAqxIC7RrtZnGD2x+j05/UKDVOLhyyUouDaldST0UFzfEldpeVtNPynFUv7QxEPaOnOFnGSqNckl0vfvdttpaX2W/6Zfs3/AB08UfsM/FPT/Fvh7UJ9e+D/AIvv7K38ceEpWfbp1lfNEItbSF2KRy2yS+YJURVlxtcMCBX6rfGnR9A8OfFTS/FvhMvF8N/2mPDTa4rRJGumHxFDZi6FxbtGPK86W2KrOinPmA5wSBX5H/Yfgx8WviBH4A1X4p29x4Z1HwNaWWneIdJsZYbmyv4bdEh0+8thu33DTgQISCxYAnPJH7b6X4W8N/DT9lT4GeDviibm6/4VfDfXXgmfVFdvEfiqXUXZbGCO1b/SILJUMTbnUho8qMDAX2c/8QcLi+Bc1yPPV7bE+zozy2tUTdSnWg42jHmXN70Xa6TUU9bdPyDLPCCpk3jDw/x1wpOngKFRYnC8Q4SjJQo42jWjFwqThD3XVpTXNzSs7Na32+hv+CUl94dsfif408IeIZ4xY+J/CWqWEAvXVIcxrJ5qyGU7PmQYQn5geARg18OftJ/DuJfGHjK00SDzbKz8Q6tFb7ZAwES3EgXBBCFCAFQjIKsOGYgn0f4VmTRNWk8Sxb9K1G+t7q5WOCRo3so5wxEB2Mu35CARkEZKk9SNFoV8SXWrXkxJElx84Zt4eRydzbiCzMxJLHrnJye38xYLHV8BXjWhGEYqcpOa0lJT5HaWtnypNx23tomj+wa+XxxNas6k5SjWpUoKnpyqVO7clzWtJqVnbey2sj8rrv4bmK5+0SaVHuklXzMqh5U5DbcYBJBOSM7mypOMVueMPCGqyfDLx1eRwEiLw9expAfl2hLZxlVTA2Dgk8E4HrkfY/jrwlawmWWzQCQSZC4O1Tg5JxgnBAJ5XsBk8nxXxlY6zP4D8bWlgrPeNoN9DbIxxCzvbSryP43PG1cHHUjGTX6hlWcRx9XCuU5pOcFJJ8q3jftrr5XVtdGfOYrKIUKNanCKuoySeiei6NK19fW7V+lv5i/h/qN1F8SNClP7o2viaGJkVd0RcXIVm+bk55z0znIx1r+kfw34gebQrKEtG5+zxFnBC/fiUnA3Njbkr0ABOOmM/wA4Vvo+q+HPiLpsOt2wttQh8TiSa3YhSQ13uDFBtAJGdoI5OMZyBX7jaF4kjOl6a0LEMYYVZC4XbhEXHABGSM45HOCcZr9twkv3UeSovgjFxi9bPl2S0vtd3trZN7v8qrYWcVKDUklLV37yim1un00fZtdyD9pPxvo/h34Z+I11NlMN/p1xaxRzuBDPcSBtkTZPLHkDBA5Bx0JzP+CV3xa1rRtN8U6BoEqWS2ktvfWOnjfJErXCkTDbll2y7i2cHjp2FfPf7Z9rqevfCeU6baXGoXsGqxSJaQI8srxlSGdUXJJy4IyMZ7da6f8A4Jk6yNF8Ra3pOp2cVnqI0mxdN/FxGoC7o5oyRJuTcR8xGSDjaTtr6TgWVSHGGEp1b1I1oVKUovVKEovli3o3ez01v18vnONqFKpwpjYKEYOhGlVjNJXThVjZ36OyurdOl3c/qM/YJ/aP1rx/J8b/AIJ+K7uzuJ9JiuNS8KWgYxXEG4GS+jwSR5e/gjuCOAOK/Pf9p9YPBnxG8U3N1EbKbUIrUaejqkJW6mchzG2F/dvxjHUbueubPwB8T3Hwm/ae8QeNdOsY7bT9Q0C8TV57s7Fkhmt2ka4RWyGAYDIU5OT2Az8U/Hv4oeIPjf8AFvUJGnmvLGLVg1pKAyxCG3kYttAAAiTGMnOCOOTX8PeL/A2KpePuc18HCVLASpe3qJRapN123a6Sjz899EtPPQ/cPD7iLC0vDTBVq7TxFWFOnFOT5+enCMOe1m9tmla6W1kj4U/4KjzwyWnwbvPLAlk07U7aeZCNzlCMBn5PB9x6ENgGviP9mx44tO8TFnHzrs8rI2yKY2Chjg9BnODnIAyM4X6r/wCCmTyXFh8I4FJS3gh1WIsTvLMGXJ9s4GDnJGDuJwD8WfAe5lh0jxQYE3SJAVJJwQQjgHAxlgec8/X0/acuofVeF8LhozknS5IrXVJThpHXVNJv19D89q1IYvPJYhJNSu9UtfcinZNXd7Jq69dE2fQ37M9zpmo/Eu20DxNp9vqHhiXX5TqFoW8tQpdtvmOGAVX4+Y/ie49l/ai8D+HfA/iZ5fD9u1lY6uovtOso5WnSCEHiMbCTyAcZOcE5wOa/O34eeMNa8KeJtV1m3uJlRriaOZFOG5kJjK5OQeCAcfL0+XHH2DdfGHQ/H9hpVvrMFxa61bHyxcXZMgERUKAuTxGSMlcDGQAc19vh81pUcuVGpUk6ipR9nG90m+VRtZu7tdra13fbXwsRk8q+JnWhFKLqvm5kk5RTjypNN6K/S2rPYP2WtSur3VPEhAdZxpLPJ5fyttiALDY2T90DLdM59cVF4/m15ri6XfqC6e0F5MEJkELgbgwZE4ZRnJYkjBzgDNWv2VdP0yD4l6rE2uafBbajaNapHczJCk+5xmKJiwQMVJU8nGSMt2/QT48fDbwtZfDjW9V0Swt7jUNMsZ2muLa5S4iEUkK5RmQtlgS3A3EAjdndX8XcXcRU8v8AF2jQqYarJ42WDjCp7JygneyfMk1f3dr3vru9P6UyfhqvjfC94yNWlCOB+tOdP2sXUlCPLK/KpXd1ey7W7Wfwj/wTchE/7bP7PkE6bAfH1i5VF3M3+lAgsoPQnnOCcY9M1/oR/E64+IelfE3wvPoSeGLPwrcaQ8F2dRiU3l04QbIsL+8Cu2AWHTvu5B/gs/4JlaNBc/tz/s8PD5S3C+NNPlkjmO3gT5z8xYHAwADz7HJr/Qs+InwH1Lxz418O+O9N8aXfhq70KyuLI6ZFEtzpd8k25d80LZQPHxhgMqOBjnd/V0sHWzPKKVOKc4ynSlyxajZwhBt822mnZ6283/A/iblWLzCvShg6c5VadTDu1OrGk5RhVhKTcpaPlSdou99npoYfg1/HXiMeING8TeGLbQdJiUwQ3Wj3X726hMLNGbdgx4AbzOckDOec5/j1u/2Etf8A2jf2+vjV8PfCPhfVtV03S/FN62teIb8yR2+jWs8hke4u5nGxp33MIVPMhxnP3a/t1+Hfge98F6E2marr83ia+mvp7o39zhHRJgcwx+kajgAt0PynIAr5P/Za0HStE+Pf7VF7b6NY2t9f+L7SWe7hjiEtxAtvF5cUkgAJUPlsHI3EAjPX2OFMheXU606rcq0IOT9rabadWPJD3Uk0r+d07N7meS0FgqmCjiYSlWrU50qsqrhKdNJxnGLlSio2STs/O92kzyz9m3/gm38CP2Qvhfe3eiaLDrnjV4LO6k8SattnurO5Uq7rYq2PKiD5xhS+M5IwRX6NfELUm0/4O69qImETQeBppPOxwpbTflI6cHd82MHbheRisv4raxZ2Hw98Rz3Miqq2wHGBsLNgL8pI49RnoByKTxjJpN/8Ihb6tEJtJv8AwvpsV1H5ixRyQXFpEjL5hOVjZDyCSF4ODwKvjOpKjw/muNnBQjTwWMlB2UYp08PKSl7q91aq7s2uux+u8L1cO8xweHhP2jhWwzlBO8taqSWz1kotLe+y30/h5+OHw98Ga74h1pfEehR6je63qep332+GTexWW4kZGaMHcME5OWzwD2OPOfAvxjv/AIK+Hbj4e3DaZq+hXc882naRcadFMVYxtFBGsygsgjAV25HzLt61/Tt4s/Zu/Zi1LdfJ8NJIioCHVFaZ7WXcP3hScMy45J3Abc84xzXwZ8X/ANir9jfUdSTUmM/h4xxXci3GnausmLyON3EZVmYrlwAygKe+ASwP+UNfxLo0a2Jwec5j7bCRxCjTp0cQ3FOckkpXUVZS2bctevQ/vTLVhMXTozy/Lq1DFeypxlOph1dx5YRbnKMpK99XzpNbn89UOo+LvH914tjPh3VdV1XbeT6bYaJaSyxW8ImchLjyFIWNVxtLkbV+UbiQT9J/spfsd/FW/wDE/hDxvc+CNdsrCXUY9Q1GW7tJ4VsYonDLIN2Hbc6gZXllBHRsD7s/4J2+E/hroMH7SqQakL7Uzrtzo2jXNwsVxPDZRu4iMJkVjEX2gttxnJYjsf2g+F3iPwvdad4e8NT6gNM+xWSx3z+THEs3lqOSQoRg3bncCd3c18xxp4wQo5o+EMsxuAwFbMMLCNJ4mUlVtWUIW1ahCThLni5WvFp6s6lkdTD4Ktm1fAYjFLDVd6aThG9pOpHRNtJWb+WjVj+ef9ovxl4v8I/GAaYum6491IrR+XNbXctsywExwiBFG1BIvzMck56Yziue8f8AxP8AD/hseGL/AOfUdbutPgk1rTZBPHOkgeMPEGLAO65ZQqgNkEniv6Bvi94c8EeJr9ZNA0PR9a1TS7phBql1Z28su+TJZSxjMjnqQq55JPOOPgP4y/slX/je1utYuLrQNDfRrK/1i2jj0tY7iaaCJ5lgZ1VSysVwMdMjJXjPwGTeM2X0c1w3C2MliFUwclhKuY4TES9jiJxcYwnFq12p/Ek5K2z2ZuuHauIy95rTqwpKtBVFg6sYKrTi1G1k5KPM3q73VrJq7ufh5+0Nd6B8QPD3iC/0572yvbvT5pk0iSW4EVpNAMLJIhYq+5QWDFQBg4OSQv4+XOryaJqFqXMkeoQ8rcI5EiyJINjAgkhRg9ccfnX7a/DjwP4h+IPxA13wmLiyudT11dS0eOL7KZ0haN5ISEhRdyvtySOucdBnb+fn7WP7InxR+B3iW+n1vQ2m8PNJ9n07V1iaNDcuTIbeVWHySgfdRsEEDnGRX94eEviJkeHxU+FsbmlNY3G0ViMBQxFVe0rU5RXMoRlLX01vfd9fxLi/JsdWcMww9FuNCXJVnSjdJJxk5csG0lrffl1fTb9F/wBhDSfHv7Scr+GNBkttW8S6Z4dOpQ2s1xFD9qt7RBthJfKvO2NoC8k/dBwCPqfUPA/iTwjrWoaF4y0i88La7GjCXSNUgaJbhFJH2i1kdVWSNs7ldOCvQnAA/Hv9k/4t+PvgneaR4r8D6hP4f12zV0e7gdlEkYcArPgnEZG4nd8oGccfLX9EPwq/ay8L/tsaHZeAvjXZaBZfEKK3h07w74qieDT9QujGPLWSC6Yr5paQpvjcuZBu2jAr9HeQ4rOMXiFl0HLEQxHNTUOXlnTkouPNZpp3u1ZPTSx57zahhKGG+ttQoujFTqPmjOMkoLmS6xs3pfo93t8mxWmpeGJpL+KRjCY2d7d5VeC5jblljxkIQOgIDA9+QDqaZ4a0rx/5Gp6Dq0Wg6+lxHHJcLK9rcW9w7ARMjJIjo6vgiZSAvBJbrXvPxF+CPxI+CGpDTfE3h99c8HBmli8QRr9qtXtpTuRnmVWELKpXerN1wR2rkT8OfDWt2Y1TwlcPaXhTz2W1dmjWUHIhuPLKhOQTk4B47AA+ZiaGY8PVVHN8HWw03JpVJU5KLbSSbb0adt1raxtDGYbM6f8AsGJpVYqPKlGSdmrKy1bbWl1bbda6+z3H7SHx0+Cei2nw1/ao+Fvhf9pn4F6hYpbLPrlhDqepWOmyqVWO31eVJJInjjb7sTrLkY3g4x8w+O/+Can7DH7YsFx4o/Yv+MFv8CvifdGWab4N+OZEi0Wa7mG82GjPctG0AaQlBNJK6D5SMcmvSf8AhY/i+zsIfBPj+2m1nw2x8i3E0aytDb4Cko7KxcleMggrxkqevhPxL+AGi+VJ43+H91eR7XNwkWk3M1pqmlzAhg0MsLpMQhG4IxPIPABavZy7izNsC1UweMj7K3uQnNyhKL5fdUm1KD7auKvonufE5vw1l+YylTxmDhOas3JRTs7x1aacW3ZNu6bvo9D8bf2n/wBg39qj9lPWdQ0/4w/CzWrXRrN3Fp4v0a1k1bwvfQknbNb6vZrJbEuuH2AZVeM5BavBPhHqcNnqsynAQFX242s20jC8/ewAQV44weMED+kP4Xft2ftCfCnS08I+NLXTfj/8MXj+w3vhD4g2cWq39nZlfLkigmvUlMUgjyscjYbgEAHkX/GH7N//AATS/bTuob34danL+yJ8bLpfOu9BuYXi8IalqMo3FHDlQRNNlQtuVVTjjHI+mxfiFhcVl1XC51QnQqSg/wB9ZSoyi1bSdktdNHbulsz8tz7wu5p08bk1SM/Y1Y1JUoq04pON1Za6Lp72iWulz4F+G+tprGr+GAkuJVtDIATwFVMDbnvgdeOcZ6jH9oX/AAT7lE/7KHgpy24rZ6grPjPK/aMfeGMYBJHQ+gBr+UPU/wDgn3+0n+zt4t0O/wBX0EeOfhzaGURePvCEy6xYS2coYW800NqZGsUdDuCTEEHA5K5P9Vf/AAT5Mlt+yn4VieOSIrFqgiEgIcKBcn5lIJBJBBUDOfpiv5YeLwFDj+UqFenKlWyrGqnKM43bVSDaaWt1eyTVvusfvGAoV14e4SnXi1Uo5jhISi3dxasknvfS9kr6b9l/O58IJo7r/gpJ4/gCqZF8TeKmTOP4dwKjthsHjGQCBwa/WTwB4G07xX4o0xJUTdJ4okdVCBlBjmyVHQEFsg568nJr8fvgxftb/wDBRj4jTrGGuv8AhJfFZBznCM0qlcEEjJAI9c4GRwP2J/Z58T3Uvj7TdNuIVeVfFkzFQ4BiUy5ViDnavQkk7cccA1+FeKccFic14ayrG+zqUMRjaPPzLRwrVKMXF+bi3ZNWaW59pnOLlhamHqQbjUlgoRjKKaXNCEd5dt3prt2Sf1v+07p/xi8A6R4X1j4KaYup3X2yODXNLS0kuPNt44QsZ2pkqNy4JGBwfugknzaz+Kn7R9v4DW/8RfDcWviG5uUjR4YHJtkY4EpjHJC/efJAAIUjj5v1FwpRfkBLEEhmTnaM5UsQDu6cZHTsOc+Wwt51cXduHjAYCMhZNocfMSuegycbv4fQiv2+p4U5e6SqZXOngqPsYOMI048rbhC7k27apXjyxTu77pJ/C4Pi6lSUaWNy+jipxqybrSUnVfvLW9rX1sl1T6nyv4Q07xF4u8C2Oo+IkW/u7iGQ3dvaxbfLl3EMXGdxK/dIPcMOT0veGfA8GmeILW5TSVtLSdfLY3CDJkBORGGzz15xgZPPp9DeCYI7aDU9MhsI0hgunVChXAWU7uRzkkkkemccnArmPifc6pbWdnpHhyxX+1tQE0VncS/IlvOEJDhzgHZ1wckgcZ4Fcs/DXJMLhMLnNas6ksK4ynR5XNznCaXs4t3dpWVk9HpbS4/9Y6mIzCtgKNKFCnVlLlmnKKhB2km3u3GL1v2v0NibRbFI9ixLHG3y/IVOcjLAAAnJ5bIz94cZr4C8T+MvD2q/EXxN4BttBuJX0uVJJtTm/wCPdm3ESQqSNoYrnAGMnAzjaT6X8Spvjd4V8PwXL6yYLa2sI/7Q1KZFMUV07DCRsqjJwcAseBz7ip8BvhLP4rg1Lx3qN2t3Pq8qwM7RjMl3AcSTl2ClwW+YAHaOQuO6zmjl/EXsMry7KJ4fEwjzuU6UYynBQjZKyWilq2ndo+jyf2eTYevmuMzKlXw8mqdJUanO1Vco6SvezW23XvqeU3+meCrWb7RP4e1GJ0lCF41k8oY6nJBJUEE46EZIXBJrP8Wazodhpki6eutpcSJtsUgimyHKnYVyDkAYxtB/AEGvuLXPg7FeWk1u0xBDZJXALeqrux97GOeOvHQV87fFrwXd+G7WyuFsJLlYAkMcyL/qAE25G0HLADOTknGARjJ+LxfCOYZHQnVnGrTXLzylGEoqKckmr3ve1nvprbz9zBZ9k+b1Y041FOTsrSaSv7qs4p3d9GvX5LkvhF4EufG3hFr/AFa5jeRrmaJbTVdOguWVVYh3l86JidxIJJ6dCDgGpfFX7H/w98URTx6x8PfAusiYYaR9IgtJndg2XLwpEQRxzjj04OPd/wBn/Q21LwfJcm4lWU6hONzggrhj8j7cYOSCMZ6jAFe8nw7MFObl1wQGOOdvT5cgDkc4445zlTX6dwtkOaVMpweYYWWMhKpRUlXpYipGTv10k1bR6q3TVs+D4gll7zHEYedDDzUKvK4Spwlb4X1V0vvfbS6PxT+IH/BNf9nW2t72+1XwgnhGOVSG1LSLzyo4pG+75e/eMKCpC4GcHHHX4J8af8EuPBFxBdX3w9+NEEZkkkS30/Wgl0x5yEeVGjCgkgAkEANg8nA/XX9ub/hcEUekaT4G0bU9Z8NQyJfa4bGFpmYQshaORlBwiplm9OVJI5rw3RfCeh+I7S0vbq1FtJc6dBJJbW8rp9nnMf7xWZWGJA6kHPJIIOOSfyXxC8c/EXw6zTD4fLMxxzw7qezhHE1ZVFzRcL3U1NSitey1Tem/6Hwp4ZcNZ7l8MTiKWHjOcXaFCKXJFtWcuVxak9bJpNK77n4p+Lv+CYPxm0qF5tOHg/xokgJCwyWsUhXpwHcncMdfqMdK+RfiX+wf8SPCNpeaz4k+Dr2un6XavdX+q6eEeC1ijGTKWiCqFBwSTzwRnjFf0wReD4ra5a2tNX1SzSOT70c7yRqScgFt3ABGcZOc+mBWJ8YfAWuzfBj4n3Vxrl5LaQeEtVfyZyz74Y4GO4DqQ27OeeQOpzXtcD/TS4/xGf5Vk+Y0MFjqWKxWFw9WqqUqc4e1rU6c5KSfI7KTtJRa5l8jqzfwT4dwuGqYihXqUXFSlBJtXkknZ81+qei623ufxxjR7u1nkXTLgQ28UjiKJm34UErgnJwQVxjv0OasW51yGUq7LOHHzNkjAyw2jJwDgcjoCT2ya6dleOWcx+WV+2XKgDA4891JJPzZxknoeCx4zi89on2clIxuIDblYn5lfJ4Bz9AMnjpX+wWRNZjgMLir61aNKq7t25pRhKy11XbXXqtbP+e8Tl0cPiKlFSly06kormvqotLv9pJ7Pok1ffgLyyfUtWto/sfnSLEVQLJhww6KOc7s5wOCCevY60nhPUIM/wCga3bAkoRJbSMu5gPmDbSAB1HGOR8xr6B/Zvf4V2nx9+H8/wAaPNbwDFqNvJrkcSMoMSSAor7CGMRBy+OR1xnJH9d3hP4Xf8E5fiZpMVzoGn+CUtb+1hWOKe4jinKqiBZdry7o5dvDEnJ5IyTX21LBYOlhFWxOGxNa8velhY8/s1o/eUWn6q99PkfpmQcKZVjcoji8ThsyxLnKUZzy/DqusPblsqsYS5lzPVJJxtHdLU/iNufCV3EBMt3LEwj/AOW9uyl2PIHGASNuBjjrnoTVK28La/v+0RS2k+0HpIiPuJwMZI5PA24HPfFf23eL/wDglv8Asi/EazKeFdUstFdwzI1heWkygk5B2ElyhGMlcfLzuOM18ZfEH/ghTFciWXwH450idVDPDbyxyQSFuq4l8woGOACeec8885Qp5XV5vq+KqUmrL2eJpVKVpWjreUWm+7bt1uZ1+EuHObloZpOhUW9LMMPXwso6q6lKrT5FK9uX3lZ36PX+XVvCPjp7WV49KjuvLG/ahUuyjn+HqSDyCOmOo6YlnZeIGVxqGg3kADsh2QsFwp524APBHPPr2Br93fFH/BIH9qjwgtz/AGPpR1i2jdij6fqkUjyoMgZRd55AHyqQAOOcGvl7xR+xT+1N4KWdb74XeMHMbM4kj02S9iVBnJAWNiy/eYEckA54IqYYWopJU6sKln7zjNNfZaatd3b/ALu3k9RcD0ppOli6GJTtrRr06r+z0jK93tqk1p3sfmKI3Uv51tcweWxPmPGw4I4DAIMj7uTjkY5xxVCazcfOtwpDkvsGNy5Y5A75bdn2OR8uCK+zdX+HnxN0OOSHxD4HvYdjyb49Q0O5tWJXOQSYgThl57KTgH18yure0lkMeo+DIrVkbaBtlhc7c8gFFJUt7gjr6mu6lRxL5ZOEnH7KvZ30tdxT+Xb5WIlwDXUYuEpa6tNNK6a35bq2lrdrI8ggs7VrYlZZoJgqABm2+YwG4hSfYevB59q5nxHCJbCWGQTSsIXj9QhA4JYEggjqPTOOSc+2NYeFSZUfTtQtZAxyyuXRDzgAfNkZ6EY5IGSBXL3/AIb0G+jnjs9Zkh379yTrg7sH5QTjBOMNx+PWvoMNUqR9mnTbb+JdPd5bOze11re17676cOI4UxdFK1kkm+q1Wuvqt19+2vx3o+kQS3DWV1GPKur5I2M4XZtZjznIIGODwSOvBr0+7/Z9sNfklOkaibJYIVIjkBMbv1CoQBuU4GQST15GOdW8+Guo2kxksbq2uUeYzRqHO5MEkN14JOG75B9jjs9I8ReMdAlWOSyiu4URVYiJjny8BCWwck4HOcZIHy4r9w8Pc6yfCSpwzahNxc6S9yLlZPV3tdpXfTVW07n5VxRw1mE/4FKUlZJy5rO8uZrXXq00ujV7rY8Tvf2c/FNtbLc2E0dzIhO1Ypnik4xnkMpweGyAduQDzWb4W0jxv8N/iR4Jkub6+sZp/FXhiWNkuZJF2Q6xZkrMSx3ISMsM4GeR/CPqK1+L01lLPLqfh2cKUdf3OFHOeQp+6ScHpgnkA5zXkvizx7ofifxf4FvY4LjTbbS/EuiXWs3FxGzeTYQapbSXEpJxuEUKu2FyeAM56f2xwbV4MzDLcbPAVlSxVXA1qUacZTjKo3S5XTcGlzOSdrat/Ox+a4TCZng8zwjxSrQjTrU+ZTacbKcVzed09FbTvY/0l/A/7Rmn+GvCPw7h8Rkgal4G8O3kl8GCxKx0+JHbBHzB2wSVYck4GBx9J+GvjZ4O1uCCa11m22ygAM0gRTgY2/NtIOeBznvyDivyG8DftSfsU/FDwH4J0bR/jx8OpLqy8I6Jpbwavq1rZXUE0NlEkkflzyKyMrgo2QMk4yBXtXh/SvBet2ca+C/iR4P1XT4mJiGma1ZyjcwBG0pMSykclc9Dke/+VnEHhlg6mIx1TF5bnWUYqWMxMnOvgMVToSjKvLlledJRs0lZc21tT+p6mScHZtl2FrSxDwuNdKLrcslKMp2S5rNtJvd6WflsfrTp3iLTdRjVrS8tpw/IMcqsSTkg/eyemMYHHY8A67XCHDBhxkNg9cYI/InscA5GfT87dB0/xlo0Sy212lwFRBC9peqxKgZBGJCHyPpnOejEjvrD4kePNMBS8tLuRU53PEZAVHBUFccns3pnqM5/L8ZwFi6LbwWMo4lRbtFzUJtaaON32S8mr2WlvisbwJT5pTy7MsNWg37saklGT2Vuqb2XRb7s+z/N65Hc8jGCAOM4B3evB54HQ4pwO7nqB1ycfz7c9q+ePDnxehu2CapazWjArmRo2UHJB5UjPGSvPTPAGcn1+z8R6ZdxpNFdQlXXKln24BHDY4B/4FkYJx1GfkcdleaYCXJiMNJWtqruLta9mtOvXXufJY7IcwwE3CtR5km/fpPni1ps1fpe2t/XW3U8kAY6Z9u/4enPXvnocJxz/n8enT8jWYNRhbDLMm3BwQw+bgA+m05xzz6dKkF4DnkN0IGQc7h14+g+vUZ5x5V6sXacJWff3d2r/F6ra1ujS1PKeHqw0dOS/wC3Wuq2vvq3ft6XtoFT2GBkHjGCQxIPJOc+nv06Gm8gY6D7xyByTx07ngZI9MDIJqEXJxwRnIIUNuIx0BI3ZOD/ABdT1yMU1rgjsTjnO7HPGOo47DGc9s4Bpc9Ru1kr7vW+vnd3drJNq76O2pKhUW600av6Ls3te11b+70Jjn5gDjHQgjJGCO44Gecnn6UgQYA6DPPqR2zjGMDsKqfacAk8H6nHb9cZ6nnHbqGG6H95QDzyQSR1IAz3Pp7VjNzTSUXuu71923fvp6ptXEotv4X52v2Stq7bWsujZPcDIGMjGT7AdsEeuAcgccg9sfOH7ThP/CkfiYME/wDFHa4cYByBYTkA8Y4AxkcjGc5wT9Ay3QbOccDgqRnj1x1JHbnPOTya+ZP2o9SWH4JfEzawLnwbryqqsGIJ02faoJ5HUcjI+boOp+x4HoyrcR5HT5W5yzXApb7vE0t33d3e7ata+x9XwbBviTJLp8scywTbfS2JpSlfotL33srO5/H/APsw+M/Cek+Etci1jxBpWkxp4m1sy211eQQzkfa5wGWNiuVznOMYyPQCuo+Lfxa8BajpVv4NsNa0TVdT8S6jbadpWm2l1FNPdyXMyQogVTnc7MFUck5B5r8B/idqeoXup6rLpeoXa3dvrmtxvZR3M0UBC3s7M7LGVVtvbIIz2HbS/ZbuNT1f9pj9n+21vzry5f4meFxBH58rqY11S3+Vwz5I78jJGV+YE1/t1xN9G7B/2XV8Rq+ZVY4ijln9pRw3InSTw2FjPk5ua9mqdtFqvvP744u+ljknD2YY/hLC5NVr1qeFWDWLVZexVSVFU1KMYrVJ6SV76Xb6H9vfw9g/ar+EfhzwsvhzwHNN4H8M+E9IvF0yG6R5tRRLOOWe0+zDJR85K8Zz8uM8VJ+03+1lpvxt/YO/aInv/CGueAPF+k+D9StL3RPE9m9i+1DJbiWzmmEa3EbnJUxg53KGG7G39cLZvsun2UK2zs32GzhCBiyqPs6DYQcrtByQCTnue9flV/wVz8D3V5+xp8Y9etXgtJoNBRRBaRJbPNGJcyJL5YQyDncd/HG44I3V/mhwvxDlPGPHvDeEzLJcDl+Y/wCsmAdDNMBOpSrVpLG0ny4mk5Tp1pVGre0vBqWuq3/iurj6GcY+eJxWHp0a0sROvTrUZcrbc+e0o6p3aWt1e2t9n/n/APhnVEsb5rm5gWVD5dw5JBL/AGeYNIiE/eztYYB7sRkjj9B9M/4KHaN4Z0jT9I0jwRd3kllbwxSm4ZkUGJQjCNgPukDOCTjrkZFfnZ4fsVe+hiufNeARTNJBFG0hPzkEKFDHrke3foAPYdPstFtBGbXQpZHliVGd7KVuhAJJYHJ5PTByc4Azj+uPpGZVgsTjMuwGMoSn9Xw/tKb0V3PlTWjWsrNq69dDy62Wf2k/rFnLkm0nbTRpctkvee6u/PpqerfFn9s/xL8VbWz0+38A2Oiw2sryi5MLSXEkTFsh325IOeg54GfUfKGueI/GWt3kckkEttZs21AimOM7clssVyMAHA64zjGRXuOpRIcmw0S+aaSOJEDW6xosYwGChlHI55OV5OQc5MFzp2s38FtZw+HFjgjctm4IR2Y4O7g5zjnkYxx0HH8gVMFQwkZUcPRcIQaUUrb+6rPe19ZN3Tekt9SoZJOmryuoq2ii1p7qS6WT+9Hl/hPUFe5vH1b7Rd2KQyqsHOPPUkM4CjdgkEngDI5wTzvwJeo9rd6ZZSWkUUjSRExOZRGwYMxZiRjkc5z2ODzXSQeBvE8bTGJrCxEwJAhi8xwC3+0COT6YGck10dr4T1F0H9o+IJ3JQjyYY1RQMAYAKj0CgY4z04NefLDtct4O92772bUbPTfqkklbRrex6lLBVZQUIRlf7Tk/dT0d+mlleKVtnbVnyV4k1XXSl0llbPJLNfSb2uEcsWJbLKDwcscDngnjjJHITeGPi1qFvALLQr8QN++LiAIkoBDbxuQ5PfAOOBn1P2fdeC9LgMLtFNPNFKjxyupGSWJG4DAwOxI3dRgBWr3/AE60tTpVlJcXShdgREiACmJgAAFwQCMbe/zZwMcVy/2ZGonKo3C0E9OXy+J3vd9dH082ccMlrzqW9tNJJNxUtPs3TbafR62fY/NHR/h58Rtbkv2knn09vshtpTOcpLhcOijAVQBwSFHfHHFdLpf7PervpSjUNUkSeOTzI2QsY48EsRGNxCF8nOMHLEZyRX2xHp1nF/aaQQptFwWUs3zFc8qoJBJJHIUgMemM84F7fR2uYj+6h4JiVgT1yPlGTlm6nHocZryp4DDRumnJyurXsuZyj3XRa32Wmlkd39iU6a5qk5zjrzK6aTbjZu6v0bdtPW2nzv4W+Dw05LsTajcQ/aiGmyCu5U4UqxAJYjgAYAHysATg9ta/BrRRcm7aa7uEOE2NIQz5xuO45yM4IGDj+LqM9W3iCWZ3jt7B5mQna8yhVCowJbaRjkZ+9uyeDg13+lJr+rWyG1tooDuUkL80jKuF3qiDJAOQMAdT36RDCUZJ01BycZK0febumrav3VZK+nR6W6ehh8ppVHGEIOVktk5N6J3V1p30d09PTzyL4P8AhuEMRAQAA2x3aNmLE8MznG313Ak8sPfsdO8C+E7CJoJ9MthuRWLsS7OOflCA8kHd8y5GCRngZ940D4CfFjxqsA0Pwf4m8QecEKf2XpF3Ir5O0AOsYGBwQcMvfnmvrDwb/wAEyf2u/GDWcmkfC7U9NjuI1Ik12B4CFYKRuEq5UEHJyAevXHG8sDhoWdRUaLaVpVKkYae7e6bST1/K53PhunGTnVdHDqyblXqxhbRfZk4rq/la1tD4OtPBXwrWxkbVfD1ncWsgR5bFt0fmScgOTkhiw5GOQSAMGrF38FvgB4oty9loE+gSlEjEtnMFMJxzIN27PzegAPOM1+5fgn/ghh+0z4msRN4n1nw1oD/Z0kW1lH2gF93K7kCkEA5YfMDgc5wT96/CT/gg94P0mNT8WPiIL+KSyjL2WhQJZBbgD590k7coCMALk9CSRXm1sblGGmoVsVSnGOjVG9WV9Ha8FJW3ur2V0cVfKuGsPGVTGZrhHLWPsqMXWqOV1ayoqeitbs23qfyifBj4B6R8IviDf+MPDHi621fR9T0a906awv8AYk9tI6SGJ1kLYch2yzBRwFHbn5F8WfsVfG/X/EGueJ9Di0LWbbUdcubu1VNQhjfZPO8gU5YgkRsBwec5Hev7v/iL/wAEr/2EPh58OfEMcmotb+J9L0XWr3S5brXrZdRu9St7OWWCJbVHJlzIiAptYgEkgEFR/IR8Z/G2tfC3XEt9Cv5pbE3OoxppVtJjYttcvHGXIy4cooJKkYPTHGPQp4vh+eW1sVicPjqWCws+eVRwqU5Oc+VylBTvzxuujsr2S1SPnKuS5VjZJ4CVaUOZRblTnS1drSUZayi99H1tc+B/i38CPjv4ftrKHVvAWv3NtbabFbmbSUlvrbeiAn54sqcAHggnBJOSK+gP2DtL1zw/pX7R1ve6bqGlXUvwnvjNHqNrcW7Z3SJ5KGRRvk4IZActjgDJrotG/ay8UAuz2uqRMq5EDXLTxlhkMfLn3gkbcEccDjjr7d8PP2tIrqa6jv7CwUXMP2bUIbrTbZZb63Y4ktp3hhRpUblSjkhjwBySOPB51wXjKjlhM5eFqS91xxUEkotR5mptKXotezODE8JYh+9SnKaVl7zfSz0TtK91orbPW5+PemxyjWLQmCZmjlkkyYJFIw5wXyuEyQuOo7+lfQ2g/s7fGz4iPb6n4U+Heva3b3kU7W94sEyWLouTgXEgCDjgcYBAAHAr9NT8b/2dI7yO41b4T+G2uYpyixW+nJCzOCTvY7AMZXoTxnB6Zr9XP2d7X4kfGD4MT+PPgn4d8Lp4Y0E6lBFoWqtDbuGt7aSVlgjtgkoCYO3JJYgAcZr2pV/D/AYeFbMOMsrp0pzUV+8UG6k+W0Hdybk3oltbVOyZnkXCWLr16ixWHq+zTbhyyik2nFK3xWXnbTofjB8RfhP4u8N/A/4b+GPGOlNoOtaFo093d2C3CTy27TyKsQnVTkblHJYAqSwPYH458NeEtU0FZrVNPuXa61FrsyFCokQgsjKP4s7sgDIKntX7WeAfD+jfEf4uT6h8XvBvijX4PDVvfX3jvRNDiu7q1ewt5n/0eOEszxxIRwNxJwcE8iv0s8Oa7/wSRvtG0zVNb8JDQdYiVI7fTNc0+8huLU242iOWHcrHJTGSCp4wcgivOwvEPCNDPKNLDZtQzH2blONOhVoe1nCXJKPLF1IqN9LSS2e+rPvKPBOIpyhOFCu2rrlhSc53k435topWtry63uj+ZLQPCHiTU5re+TSLiRCXQKlvL8wGR0VCBnrk4XrxjNfVWl/BH4gfEXxl8M/DmhLouh6jdWosIp9XuYLa2ZpgSFmeXb5Urr0D45IwpwTX9EVr+2z/AMEyPAmj3Gj6X4C0O7ltreSOE23hsu0qqMMVnlRij8E5JJBx1AyPyw+J/wAUf2T/AIi/HnSfE/hHw54l0fwPqN/p088kd+1g8WqOQgW2COgtLeORgMjBVTuIxjH7Xkua5BxJP6lispxGCjTpynRxGKq4OcatWMF7OChCo53nJpqKj7yTV7kZhkeMyzDYmrUwlalCMJOLrcsJScYpq3K20m1d2Sbcb30u/GvjZ/wTN/aS+EfhjVPFGp+EbTxRobQRXs+reH71L6ODz1yWeGAnYvOVIJ46knNfnvrPw8vxpmnQXvh+7trizugHiTzfNctkn5CMuwxlAMnGenzGv7SLb4aQX/w5tdL0/wCIeq6R4a1Twzb3FqtzrVvqmmPG1rutoLm7LyK0siDbhsnJz1Br+bT9ov4zeCvDPia48Gto15NL4Q8UXKXesWYtXhuYY7gK2yRI8yqSQ21iSMYGORXwWecO5Vn+TZvmFSNGjiMoq+yjClh6mHjJN2UoxrXu7puXLJpddWj84hjq1ZqDoVfZtSTqJNxi046Nuy5baq9knt5fJXh7wl4ghsdCtX0eSNTqdzLAkqmNoI4IWKswIyGGASuc8YAJzn0jwF+2H8ZvAep2nhTTvEd1b2MNutvbC2gLLD9nkYCMOAWyBuDgtty2MHoPqb4Lx6L8TvHHw0laEXXhzW/GtvBPFdEQNHYTMqTxyMCMrMhKArtBBwM1+93ib/gmJ+xxqU811J4QtfDN3c28EtreWN75bqZUVpZB5rGPezMWbJPrk5NfwX4yYnIcrhg4ZthqWIpVKr9lCtTi4pJpc8U4uL7N3VtN3c+z4Wr1qX1iNKrOmrJJ2b5rpStpv7u7u7PX1/BNP+CnHxgsYrPw5Dqol1eCdrdJdQ0xGjdLhVSQozR524yWBJz2ODz8X/HD4z6/8WYPFsfjPS9M1I6FpckcU9ppos3judTcM825Au7kcs27ONvONx/oW+Mn/BJv9nCysW8S2HjjVNMa0ilK3wngu7a18hGljmu0jG4Rrj5jkEkFeeBX4CfE/wAJ+AfB+p/FzwhoXj+28cWg0u2mOp2cSoGuLaV1WHliyeWAVZcgOWHGcA/A+EOM4FzbiSVTJcHTpYzBTUKlSNBx5G3FX50uSSbSTTlfd2tqfTcRLMZ5InLEKphqkUrSTUm04ttqWj5fV2v3Wvx/4m0uzt/hqzaWk9uF0eG22q7IUuJw2/aQc9QCcYIyPlyAa/MzxLZ+KYdYlcSXwKSGFZWupsryNrbt5AzwMEKMnpjmv1M1FLCbwdMr3ckdrLKYlik42EIojB3D7uclQOemAQcjQ+B/gf8AZ+uPEeqN8YND1XW7W8iht9KuNLvY7d45pEZfPEbABmQ7ewAAwcgc/wBtYnKamKwdPExbStFqMEtFFa2STSi3ZpWVn0R+R0MJHG1PYxnGm+azvZRXXRJy5dUuytfufGHwht/GEz2Eia/qksj3NpG9skruwLyAfKrZVyRkAjp7Hr+uXjMy2nwNkupZ/wDTbfxJpMLSTRiSXd5cW5ZV2ncwY9+/6/W37Ev/AAT1+Afi2/1z4g+N/EbQeDvDbX+paN4YXV7aPXriKPdLaSMiAPOVwBsA4LEA8c8n43+DcfjHSvF/gzwVFdaTomo+OF1qHXdfiMEeiaBazlI5pxKEVziMlVTlzg5BJz+bZli8JSrqHt6anRkuaKk+aEktVJP3otPWzWqejVrn6DkuRzwOV4+s1UdRU2pNwnGDTaSlCU0lK9r6N7/d+N+qnxtfeJ7nU9Zh1m+0qOadrOzsNOiIeSOP9w2xLdh5bkDdlcFTwc5xyHwcn+I1l4x8SX174GvdFsLjSdWihvovDztPO8okMMRl8ldxcsWYBcgliRX6y6p8U/hx8LNDu/DHgubTZ9a8OedFqHjS901L2/169iyrfZbWdZEgs1ZSI2KDcoyW7H5B0746fELVtY1DW5ddnfS4hczyWsNnp1uGRgceRGIVVSNpx0wQO5NcdLFSr6YflfMm25O0pL3dZJ3asldJJbXs73Pha8Ixqyda6V723ckuW2lnKNuiXdXR5T+yz4Y8bXn7VN74i8U6NfaXa3HhPUGtZrrSpNPglijgaLEbNGqPL8uWKsWPVjjFbf7WGg6LefE+yn1TwXqGv2NpBp08ciRtsnSN42mti43A+bgoQMHH3TwCPdvht+1Zr3jLxh4K0rV7kX+jaemqaNLNc6XawalDFcFgqrNBDE02ASqbsk4B3en7HaZ8T/8Aglr4k+GXh7TPGENw3j+3mWz8QnU4JY5vtEREcktlOGCq4OSnJXOAO2MM2z2eX5VKjPDVsU61VRaw/wC8nFPl953a0uktNdtkdOEy+GMqxq0KsIcvJPmqpWteMtW97bK3bRKxuf8ABPX/AIKO/sT+A/hZ4b8AX3hi5+AWu6ZZtYC6uNMF6uqXpco0o+QltxBJUqTu+TODtH53ft5/tdj4o/GLxJ4B+E2oa3d6TqqSfZ9YsNMurCfxBdSoyhNu1FjgjQlvujIAA+UCvzb/AG5fE/hX4c/HGPVvgVqPk+AtHuUv/Cr6rFDdSJcq32gI0cisrKSA25sqwO3GSBXy94m/az+LPj25TxN4i8cNDqVp8lnFo2l2OntAVh2qA0FvE+0qME5GeG7mvy7KvCjKpZ7S4oviJV5e0rQoYltqjOs4yk5Xd+aF2kney+07Jnt4rjbF0MNXyzlXvclKrUhKTjOFNaqMXLliuyjq7J9WfsF4/wDD9x4nPw6udUsNT1e20j4QjS5WhnZ3j1y3uVjljlKt+7ZXUrKG24PHPOMHRP2h/iT+z5aWuoaHoGs6d4iawS00+00a6MjpajCie5WJ3YttCyMT0IwetfMHgb4g69q/wB8OX0viXVLG91jw14iudV1xpZGkkMOqyCEKzN8m5gN7Lglcnkbs/JMN58StFv5fEFv8Qrq/a9j3WyPcyXRYdAEaVnTOMZVeMnKjHB/RMx4ap5guXE0KeIjBRioyV7WUbPVdNkk7LS2ljwsFxFiMDb2NSpT5/i5UkpK6upN9tLbq7sz+jz9lf4A/GD/goRqNl8Vvj58U9a8L+DvDNz52j6VqVwRq91JaygyPp6udltEBjMhU5LA5Xqfpv9sfw5qH7OHwK8YaF4E+Md1r2geMfLshpOoXgnubeGBCZVaff9544zuCgJkghR3/AJkPhr+3F+1h8HJE07wv4r1OTSbqTbLa31nL9kUOx3r8qlUjYjc+08qSABzt92j/AGr/AI0/tAaP4/0T4o3+mXNroPhy81LTfssLpHHcuGG9DxudVYgspDqMg1+Fy8MeN8Vxvh8VUr4Glw1hsQ6lHD0nLnjRUYuMIwaupys3Kbb962/T7uXG2U0ckqwo1MTPH1aKhOMklCVT3bNuN1FJaxVk07qyP2j/AOCVus6H4h+AHjmTUFvHvNL8V3zWkVpMFjuHnWRovMAdMuwGVYDA6Hg18hf8FEv2mbXxX/YXwgsZFtLDwvcXN1rtt9o3Xa3rO3lQyNuO9guSVI2gDae5P4l/Cr41/EPwdNfaR4V+KeueC9PvIJJLqDT7qWCyMlqzEORu2iWcrtD4GC2ScEGvMn+NPiHWfGN9q/iJbTWBqWqNENT1G7a5lu7ov5S3NzKHbchJLO5O1mwThjgetR8IMPhONMbxVUVKpVnLmpRcU5KSUVebaey2a62dkeXX8QqmJ4ep5QnLmaSqTbja107XSk7t9ZNdGran1Bd+PbWGyYaOZLi6eSPl1mLbkYAqMjL84zgdeTtBNfZnwZ8SatrPwx+IF5qFsDeQXfh+BbhAVaMllIVW4KtgZI4wT2OAfk3w98RPEfhCGwmh0X4aa/aTERJaw26G+aSZl/jkLKjY4Lk4U5bpxX2x4P8AiH4T1j4feNoIfB0XhM28WlT6wum3UdxBeXvmxtJNEynAaMZZcZA5wOuf0bL6co46UVh4qKhJOs4rfRae72bs+tutkfKLEc2GXNXd1KMlBysoq8WnezTdr9brp8Jc/bZ8M/tA+K/h94J8dfDm31C8074cWEB1XSrKX7RfSRXESyNdtboS0ltbeWfNJyNhJA/hFz9h7xloHx8+D3xI8P8AxBXTLL4i6gs9gYre3sYJLrTXjKW9/E80e6C6tpUAkEJDcnJ44+Hk/br+MPww+N3izwd8N9Yl1vwn4rkh8ONZ+I7f7Tp0dtOI4GQPLuSAIr7XdsBVJ5rrv2kf2Wfjsb/wz43/AGfja2uq69aW8vijRPAuq+XNYaxMomuHiWBgJba480Fl+4CSAuc4+SxUvqGKnhc0qUMFTxFaVXA42D9jqpqTpVJ3STd1v0dzvniqmJnTnRlUqKFJQqU+a60UEknzNNvWzXw9n1xvgR8UZ/2cv2r/AArbePZJb3QPCvxFgt9bguIxPaahp6zsoYAAxSxJE6Hb8w3Bh15r9Cv+Cg3g74d/EfwR4i+M/glBFpGs/EkS2DaZH9msGiukhMm23OBDJETtYnGSDwuCT86/s/fsi/Gv4g+JNAu/2ivDPhzSdC8F6Zc6lqct5qUEXiTVZbe3ZrWSdGIklkkmI5JYscrwc16Nq02gaZ+zpF4S8ay67Bp0nxb1KK6sUJZrHSxchbWRX4VFaLYA5I44PA2nmzbDYbOMyynM8rzVzeVVo/WKeFk5Ua0XFJxbSSk1Lpqm1rdo97JcXDCYPMsFisPH/bKVqUp2i4S5oveSvZuyu+7d9j87XuNF8Pafcaba6wZ7i/ttkVu0KyMCmdz4KsflJ9RyAeK9Z+HPxX8Sy6NJ4fW+le1iVLGWyk+Rbm3hAKkgYyqEg+WQ+ACWGcV9FSfBf4YxeLPDl7p9x4Wi03Untba0u77V7W5ljsboCOSS+gV8xyKrb2UYJbI3E81r6p+zB4G8L+JvEsujeNNO8QQ6XOl9Nc6RcxRWUNhKFZ2UFm+eEnayg4Krk9xXbmOdQlUp4aSqupGVPlbjOzfu6e8rK9ns1b775ZZl7jzVoyh7OUZXXN8Kim0m5c1tb+6tPNHzV8MvihfeFvir4c8QXCCE6V4n091lAIEdul0N+7BHy9iOgHfceP6bfiN4E+HX7Q/gTSvFEs8EWvT6XY3Ft4s0GaJNQsZpEXbE7wESEB+CG/uspycmvxE+NH/BM/8AaP8Ah58J/D/7R/h7TtO+Ifws8cQNqaan4Vuo9RufD1io8xZdWtrUO8SqCfNkO0IwbcAAa+a9C/ai+LXwdj06PwzreqHQ5rX7BfaNJcNJGrqNrtGjkhSuCVIwc5GN3T+iuEMT7LL4QrUm6VSNOrJa3jdRV3ZWva91fp93fw1xFhcDWxVGWL9nKVaTpz5rJNNRadraJv1fnc/ZK7t/jR8EoP7G8eacfil8JJ1aO61QQm6vtO0xvlVLlAHZdqsSz7d4Kkk9DXD/ABc0j4QjwPD8SfgV4ivfCepW7Q21xolhNNbxXTHBlllhDgrPG2QVdcAAcfdrjvgZ/wAFExc+FLSw8aadb67YzW8tpqdvfCM3MUZAz5kcvyzhd2ckYbA7jNeo6z8L/CXxdsr/AMY/s66lZ6ghtlvNa8EowEJu5Rvm8mPkQyqpJBwEyODkAV9VWy2ni4OrgaqrRatGmnerB2i2ktW1a8bW0V9dz9hyHifB4uvTw2Mr05OSUYuDUoyba+Lq3a6WqS69Tc+Ev7R3w8+Jtl4W+GH7UnhbSvEXhPTYktLfx5LbLLcWTSjYDd3ARpIjGcMXaQKGHNTfG/8AYFsdOu7z4sfAHVP+Ew8GaQ0V/p+j28yz3cdi4Mxmsp4W/fBI+BEF3KRzmvn7Tvh/Dp2keKvDMmnXWh6nqdq27StegaOJriEB7iWGVgVYJKGMbRlS2AMknm98Cvj58Sf2e9W1mIX15rfglbBLfVfCWpTO8BhBCSXGkF8qjopLqgODgLjAOPka9KumoVKMoSjLljUVoyTjd2UrRaS5U112butvuf7KhGpDE4Zwq0J25qbacXG6168jSSd+ul46a9f8JP24/FPwvurnwnr9xNPpNqJIgNQilk1DT54yyi0ZZPnCxuNuD8vBA25qKbxX8J/2s/FevQ/ETSLXwz4ln8saB4s0+COBIsOEiluFVQCzDaWL9f4QBla+kPix8K/2bP2tPgfcfFL4V67o3g3xxp9heX2si4nt7G9nvrKB7iSxv7JtkkrSBcRXEaYeQgcnr+K3g3xDqvhnVba4gvDObKSeK8s2ky06QSMhcBuQMJ8m0jJbAGQCeLDZ1WnW+rYmj7SlCokpuLcmpJK8tk7N3vdtNN2Tsebm+SUa9OOJwrVOSkozi48slfl0a5Und6qWqcUvO/3T4l+EH7QP7GfiBvHXw58Rap4r8ImOC+GraRcTT2NvvAkVbyyR3QBoxhmKjAzkgjNfpN+yh/wUw+GnxMt7PQvi2YPC3i1HFlb3lwUWK7nUYaaSSXAjkkcNiJ89SBnJr50/ZH+NmieOvBvibR7vVkvZreeMTeE9bbz/ALXbMVV1sVlJ3hQCNnXAyWOAaufF/wDYn+Dfx6h1rV/hNcnwL4t0e1S9vrK2Bhjk1NV3FpEQhog0mQGj2rgjoSa+lhQqKHtMG3UU0nKm3J2Sv7sbrR72XwpLWx89Uy+p7K7TmlpzR0mraadlJq6WsbvSx+jfxi+AHwf/AGgvDmoeI9Ms9E1azlikaa9sBAL9LsIxaa1kizmRQQ+0DDnkDB5/Cf46fsm678PL+c6C9z4o8NuzyRx3ELw6hp69RASV+Z0HAXGD2znFWPhB8WP2jP2IfHiWPjiPWtT8HxSqW0+6lnudI1GAttNxDK+9I3K4b5sY6HO3af3Y+Dv7Qv7Pf7TFicwaQ15rFpDDq3h67jt47w3BQFxZ5CuWQ5CugyR6jGeWtQo4q14SoYqnZSpuKi3L3beqkvtJ2f4HgY7KsHi6Lhj6DmrWVSNuendL4la9kn8V7O2jT0f8o+paHqGmyyyW0dxE8EuJIWRoruBgcEGEgFyABhwOhLZyCBu6J4svoAY5pVuF2BWjlBDMo+8rK25XyMBlK4+XHpX9EH7Rn/BPDQPE0lzrfw+UWrurSaeQ0atYscsLa6KgB4nwUDfMy8ZLEEV+K/xY/Zy8afD7U72y17RJ7WayLmfC+W0yrwbzTZFULcowALIpz0bn5jXkVYSw6cal1ddLaWUU7pqztfz0Xe7f5jm3CFfCc9bAtYnDvVcus4xXK1zRaeiVk2tdGtbHw98Zv2X/AIP/ABvtpL2C0TwV4ykDkazp8KxQXcxzt+2QoAjKW6lQpwTk4Jx+Svxb/Zm+IPwjvbiLVLCfUtEt5gU1+xjeWylgPzRNKY1JhYrg7TlieM9q/cvbJaSCKZRdRqd0Z3FZlUckFeCXBGGGCRn5QOM33udM1K1uLHU7Szv9MuVMdzY30ayo64wy7ZdwDEZA4Dd+ua86dOlU1i1Fta2Vrvu02rNvr5vbW3xFbBQ55e0TpzV+ZbWel3Jf5PXZK+p/PJ4f8O2c8kOpwztm0lDNvGGZs8HBPCqx25IPHcjOOx1K9uIZxkozSfLgDeDHgbQcE4wM5PHzHJGa/XfxX+yV8MfGGl6te+AWtPC3iCZJJEs2dfsFxKAdsaQ8GNmYDawwFJJAGAT+VPxK8DeLfhtqVzovi3SH0zUYJXEMkyM0N5AHISa2l6Oj4BDISWJx3OPz7OMBiamNhKqn7NJcsr3X2ejuryi7+bva2t/HxeH9lazUut46tfCrWu1qtmtte55L4i1GKON5JSN+BsJBJEinoBkElQBngjgEk8kULvxfZ614cbTbj/kIIiLCmAq/JkBweCHOMk8g4BH3s1Q1iHU9aLLDYkhSYy4UgIWPDknIywA3c8dOByOKu9L1LTp2ha1InRMiQKzDcSfuleeV5z3z0OK9PC0sNTjTUnHmXLZO6t8Ldlptq/TfW5yxl7rW2zuk72drJaK/V/h5na/Da7vo/FkKwxl1CP8AaQckMiryDkBcA4OTgA9iSMfTt5plm+7VHSKKaQmRDEqiVCDghzg7zkcHk8Ajrz82fCiK9h8RrK9tOiSRH7ROyFdpbpkEAAE5zwCMcZLEn6B1bVrS3O1zI2ZSkagf6tSMF16buV54yCe1fB8VVp1M0p08LUlb2fLUcJOyulpLk5W3rezdk7XWmmE4Kcr+q80mlZu2vdpN79tSleSKzW8lt5m92zKWypkIJTAHQDAGQCMHg7j0t2r3kd75kJeOIqWO/wC6zKMsuScEgjjpzjrkmpjqOnjTYrq8gTyY8MZAVjcR8gkg87iCQSeMBR0rA1Hxlp8lm8OnSxCJFZ0Dkb1GNoUElSDyfm6McV89hvrvtv3NCXMqi9+LlHllor8yune2u6fTqL2Cik07tSi0k9dLWW+if2t72v7rPStA8Q3Lbbe92wqpdY3KgY5AII77emQTyeRk891bajC+xNwkcAjGMI2eMggnj1HcEYwMlfkzT/GdzPc2yK6tCGKFC3z46ZYgYUg5KnHPTHBFe96XrlrDFB9qUL5kYMbxrlkKfMBuxg85bJ44B5wAf2zhDjWeTKngc59pOjLlUKzTckny6O6ton699dXjOnUnazfupWk/dvourdt0ldb9Uz0u3MbF98SKyr85yF3d8BTjIAAABJ75yTyklvbzxv8AuVaNkOPmGAQD7cc9FPf2xWHpmoW1/JGkU7/aGYgRyMqFudqgAnJ4POAOwwTXoNv4a1Ga3DohZkJEsa4DDJ43AgjIGDkcjqfQftdDMMszPDRr4XEUpxaT9yUb35V7ri9dLrrolp1tzRdWnJRfO7NarbS2+to3Tu99Vo7WPHtc8FaRrEEy3EKl5EZUlRcPE38IPQgA4ORj071D8KtGm8G+JBZ3ytNpN1JElzv+7JbvIgLxgghWQEk45OOB0Ne9p8OfE91AfsOjXd+xVWeOCMuwRuSdqnksBkL6+pANdR4P8BWQvZrTxtp15pYmt5V0m5lidPKu0z5cchCgKC2RyRyeB0NfH8V0cNDLMRVjL3oU7qKT1dlot11to7226X+24TVapmGHpzuqcnFOTUrX92zva21lvZbdbH2t8A/2ENa/bE+Idx4N+HE0WpWul+Hl1qeZnBubW0hVWe3hLNhZXIMagc7mAH8Ir8gP2/8A9lzWf2a/ibqugao10hW5mgWK4R/tFtPC5jkt5j3KsDgcZA4Pr/Tv/wAENPjBY+Av2hPEukSXdlE9j4T1aC/Z2XzjaW7GUSvzlyu3jA2rjjvX4zf8FnfiH4d+K/7QHjC/0q/+0qfEOrHzQwKORNJl8rhSSemOM++K/wA4+GePeKa30g8fwtUxeMrZbRoYipiMuqYdRwuDwbpYWWAxlPEaupUxFSpiITg7KKpLl1uf0NxPkWXS4cxdeWGw0I0sBgsThcXGo1iK2Mq1qlPEUJxu1yU4whKNtbyd7Xij8E7O+uY5mgdmaKNclnBBA4LAMTge+ckDOfUz3upWZEcSSYSRgXQsCUzk9SDyzAA9MY+Ug4rl9SlltrmRIHclGKEkHaCCe+OhI5I9SO1Y08lxKQXyJN4+fBbcM9c8YUc4xjnIPB4/uSnhoyjGrq3yxaT1S0S81s2tXy37p2P5mq1LNx00bV32vFvW6VtFq3vtqkdtJLYwW7zXCiSIk+UofBLEqVYjIYjIxz7d855aaT7fOnlIQJJY8xDIZl3Eck85PcAEgn8azr8TCNY2LOFKsCTnGQGOB2VScEHvliRzm/4ZtZdR1uxiBYP5jMwXnCRggsSCoK9ecDA6ZwSPQhHlcdk0lpJJdtFdNXVkmnpbr25ZNptJK2nbo00rPS1297J9buxo68mmmaO2slWF4I4/OVjwGHyswB53E4JxjPXAHNY0lmkY8wS+bkEhg4yVA5PHYdO/+FDxCDFruoQqQSszqZCxBb5iMZJxjpwcZKgjHNYazTqAvzOATgKxK5bAbjI7YP6EccHLLmd297N9tFfTR6dvkrXsLma3un0vd21101/mu+133s+lt83dzEsUQcgBQTyVAweSMdcccZyT0yK/S74LaiU+EeptcoDL9ju7aKIgHogwoI75JOQTjJ5HOfzI06V7OVQUO1wGULwQxBCnIznB4IGRycjpX6O/ASy17UPhhd+RbLNaSpeZYnMiyBMqRz1JP4jjgV34CLjXlpdKm/RvR3aerSu0novJvacSpSoxcLNqUdOlvdV3folzau1lpsj5kmuJzqEjCNADI8ZO0cASkHJ4IIHHJ46H3665RDpzOoGxSg6gFn2HIIwACcj1GcZGay73wvr0N7LnTbok3UuSEdlwHYjBwMDvyMdc4yK1ZrG/TTJ1ktJYIonBLOpCu6gZPz/xYwM56e3B76bfM09NdFo76Lr0tfV3t52OOurU07Xlr10atF9LL5/pe/v37IK+R8SFDgIP7JvnBwCzZRsY6ZyeRyc8cdAP2n/Z+gSbwrrCJhxcandM+VAYoDnqeAcdWAwe5BIr8Wv2SGJ+IlxINrLFod2CD83DIec889TgHnoAD0/bf9mtYz4ZvnbBBvLvDAcElSMYPAH1/px3VW5YKUddHdPZ25oJJO7TXa3S/Q4sBHlx8ZXtolyvVbJXVlrv20S9T8lf+Cg+mWmn/GD7RDGq79Otdo7MScNgD8O568DPJ+B9A17WNB1SPU9A1G50fUrafzYbq0keNyUO5t5X5XVhwwYYIzj1r9Bf+CjSt/wsuwdWy0unK3UA7UeQDnHHQDJAAHXGQa/PHRDG00rzqrLnywS3JIznGSRkkjPGSDjHr5ypxnGKl72l7N6abLVvyvdK9t9T2as6tOu5Qbi1JSVt76atrZapLpvppp+gnw//AGmPAnxP06Lwf8bdPt7LWY41tdO8ZWsQjZ5OUWS5cBdrEkFpGOeSWBIqfxj8Dtd8Ou+t6BJ/wlHha/CT22q6e63UaQE7wZFiDAMUPJPIIyff84Z2Vp3UIBGLg4G5c4LBvlJ5AAIxjB9Dkg1778I/2h/Hfwm1C3ttNvZNW0CSeMXehaoz3NpNAThkjWUuEJHCnAAJyORUezqRadB2UdoWbXRaPdX9bbL16I4nD4pcmNiud8qjWildaJe9/MtW7pNK1kdEnh1/7SvJXgASOcgAoAxfHQKVB68njjjjJUHwbXdOZNW1YFDEPNIQHI5ViMjvyAR6DJJGQc/qPp2ofCH49Msnhy7t/A/jiUxyTaJdFYbG7mKkusLOVHzM2R229x2+XvjF8EPGPgfUrttf0iaG1uWL22oQoZbWUNlgwkRdhUg/L8xAByW6UPERnOMJ3hUh8UZW1sk1bpLZWWr1fqEsunCMp02q1GSi1KGrjsru2qaVl1t+C+VtMtGMsARDI5H7soCGBAwHBTGSCO2CMEccE+6/Dz9ob4p/CC/iPh/xBdTWiOok0XUfNurCeNThkeGZnUKRywUg84GcVo/D/wAG/wCjHU7i2MyB/KhZVDEEZBIGOduTkEY6571yPjTwqI7iW8jDIru4DshGDv5AyO2cfKF69sjPW8PGrCEmk27PZXbdmnd72slo0k7pNdOSjjq2DquNKrNJaON7LpzKz3VrpdNFd7X+3tI+PX7O/wAb4orH4teEofAXiydoh/wk+gwJFbNI+FM8kS/KAWO4g8YBxnBA3/GP7HesS6N/wk3wp8T6Z8RPDtwPPih064hfUYYiCwElsHZ/NCkAqF6hsZxgflrrNhJbrCVywEZyecPznleh6n5ufXIruvh98X/iJ8Mbq11Hwn4p1bTBDIkj2iXMzWj7cYWSIuV2MBgnGMDtUywleipeynJycU487bir20u3zJWu1bTyue5h80wWKcaWYUUk0k61JKE7tpapWTd9Wldfkes6h4X1nw3qbafrmk3en3MMqM8FzbyRSja4JJDKd2NvJ5GSM9MV+lPw+14weGhNd6k1vaX3hF7G3SVxIiSCMJ5ew5C5O1QeCeMnqB4d4H/bR8GfEawOifHH4faXrE/2YLH4n0+3SPUY9w2mVtqiRnHBP3uh4JPP0X4V8G/DfxhaW8fwz8X2mrw6hbMI9G1e4W2u7KRzlY40kKhmRio2oo4UgNnDH7/w/wA1llubUfr01ToYi1GUm+ZJylFLmlZ2jrZc1vla59jw3hcNhq2JrYbEQq0alJpQnNRm9nGN0909PW173PoT/gmZ8UfCnwY/ab8BatquoTabZXl3NpGuXUshW3WPUHZYTPDnypYSxGHkVxtcbTjAr9d/+CrGk/Crwb4c+H3xW+Hljpdp4k8X+JJrHVdQ01YY9O1u3lO9JLmNR5STKvDPGqli2Wyd2fzN+B3wj+CHhrU/DOrfGjTdT07W9NvZVvp7IPNYXcUaMLOaRoiR+7cp844DEE8mua/bR+LEPifwb4S8H6dq89/4V8OeJtQutBYztI0Ns0haASKWL+Zt246BMYXPGf6gzrgPh/OqGAxvPhsTh8LhbYmElSdGsqjUoRUvilVhzuLvsmuXXU/XMsxbwuT1a+I9rGrRof7PCf8ADqRajyqT1vvtzO+jOVX41eDdIW0fWxeeFtRfUJLe4ms1NzbXbLjawWMYVWJBHAHPp19y0vxnNqlhDq+kfZ/EdvNGpljsp4zcrGc7PPtWY7XODxjoSpB+UH8nJdWl1mzn+1yRzvDfpJAZwCyqGAONwz8xABfGRnsRk7V34m1vSbfTJPD97f6RffbiZJrG6ljjYIAVJRWVSAB0IIxyQAOPxTijwR4azedSvk0qmXSVNTjGHNOEp3Sd1fT3tIpPRWfr8/lXiRSwtWVPMsF7ei3ZTi+WcdfnFqy7au21mfp9rOgfD/xjBjxBoVtp97KdjSJANO1OAsRlxIqxl2UghSGzwSNuM1wN78MvGfhlXk+H3jibVdLCb18OeKAupadJEuSIIpJAzAnG07GzgfKPlFeG+B/j/wCMrLSox460nT/HemS3DQ/bJVSDV7e0QYbyZ1CLv2nCswJyM4yOfpH4HatqPx9HiZvhDouuyQ+GZY49U0TV5UcqjOyiK0uQpV3YqQiKckMOMiv5s4y4FzbgZLEYuvCWDcl7Od2m+ZxsuXTXVee3U/XuEct4V8TMRPA5RywzFUJV5Uq37qUVBXn77tBxW75ml82fP/iDUvh9Ks2nfGz4VT+Gbtn2DxN4dgkm0xySoM0ioCsakYYjkLngAA44DxD+yr4Y8e6bJrnwU+KUN6iKki6PJOkkigEHY8O4GEnlcMp2lfTOf0E8UeF9Y0BZdD+IXh240Se7jUf2T4lsGUTpLlQkE0qBWDYG37zYIPAJJ+YvFf7NWmG+/tLwPdav8PtZmbz0m0qaaOylcncheKNhHsZsYBUDac+uPAweMnClGtCrNOpFWu3JWfLumr22tZ/DstdfiOM/C3FZXVksRhadeim1GcLNtRdny1IO0vlJ21e5xv7Knxl+NP8AwT8+NOm/Fy/+Hw8Uf2XYzaRfCWKa5tb+xuh5c7m4jykNwsSkxMRhWOSWPJ/rb/ZZ/wCC1f7Lvx7t9G0bUPHdx8IvGUghhufDfjBxHo7Xchy0drqjiODYXzsUgEcZ9v5O4/iF+0H8Jkez8a+GNO+LXhVP3Ul0LdTqC2qghi4ZDGX2AAttO48ZPzAY91e/snfGeZGtprn4R+O3H7yzvo3s7YXZJC/vH2xcSZJMQRgR8vQGufH4eljXJ4mk3KSSdak+ZrVJN2tJej5klpqfk2I4ZoRvTpL2MoJqNOsnGWttFJNJrtfV3vfqf6I9j4i0H4laHM0ljoPjLRtQspYYdZt5rHVdNuopUPzqwLsqMhAJyMg9CrDP8ov/AAW6+FPwz8NfFT4X+C/AVlZ+GNS8V6ZZDWbOziKaesc18fMuIlc+T5rKdxx33YA6V+cHw3+JP7b37KoTWPgd8VdZ8TeFIcslnp2rT6vplxCAPkl0+4lnZInQbD5IXLA4KivRPi//AMFWLX4+aR4a8Lftd/s96Vq+u+GZw8Hi/wANpPo/ieGeBf3AaSfDvCZF8x0ztfGQMkCvmafC1KOMhXw9WNRxaalL+Km+XVu1/d0tfu1u9ayTMMdw1mFGrXp1J4WmpRnRTfs2pRio3VnF2ve7fm+t+w/Z88L/ALBH7Lv7RHiw/HEXnj3wRpvhbSb7SEuIRe2jeLbi0inu9yxkiV4JmKxDBVR2yOKn7b3/AAUe/ZD+IFz4btPgl+z7p+hXPhwFX8SRRLpd1qsFrkWyOsKxFFRkEm7IYt6jIr8SPFHiK68Z+Jdc1GG+e3sdQ1q7utNa9uWkns7FpX+xWtwjMVLQw7FJ6ErkdTjJh+FviLxTdzw2+q6bc5UCFDfJCQzgYC5IyCxBIC5GPUc/WYThKjWajjJyr88lKV2lZ2Sdp/FGNvsqSWr01Zz574g11mrzLLI1MLWpRdKk4Tmqai/ifs1yxdSS+20+261/R+9/4Kwa/f8Ai7Rda8Ly3/w9/s3w/Fp2t2Mkzanomu3VlGsds7WfPlkhFWRlA3HcxzkmvMf2j/8AgpZL8dPA17ovxA+FPgjxDJcCygm8S6XYxafqdrFBKh328iDzEnkiBWQ/dbqFVjXxIf2VPiisl1PHpMN5DGDl4ryJwGOcDZkll+bBwADkEgHk4nxJ/Z1+JHgTwJdeJ/EFlaWeieXC0kcV0rTCRnVUZohkq2T1P0z0FfQ4bhTLcInOjQVNq0m4z5ZSUOVJvlld2t6dXe9zwn4n8T1LYaWPk4zk5ODirO9lJtO6S1SaST1d9T6x+Hnjb4P62YNS+HfiLWvhTrDafbQL9smd7e5ukAV8TIYyyl+dz5UAbSCK+hbbxn8f/h/YTTeFdC8HfFDTbqddVg1S1W3u9Wiu1H7272jMmZI96usgYAtnByK/KT4WLoUlx4Yt/Ed3Po2i/wBoQpf6sIDdSWtm75lmW2XJkaKMllAIJKjBJbA+5filB8IPhlaaP4k/Z8/aG1bxpqUlvJLqmj3thfaYlkScFAskrRyHOF2qOmFyelYYiMaeJpQpOcpO8qcpLmjGV1d81tNHoru6Pq6HF6xuA9rmCoe2grOdNwhUasrvk+0ku1766ux+dvxyj8U6l8QvFHiXxfpFzpmpa7czX08M1lNbRwSzMWeKJTHs2pnAIyCpAHGK8KtrZZLi3CbWD3EICopPAZeuCMfqDjBJyQf0oh/bInKx6H8Vfh34e8cWG0JLNcWESXpikxvYzhBITtOc7sd85FaNh4Y/Yo+L08U+mavqHwm1+aWOQWuSdLinLg7dj5LDeQRggBS24rkCva9q3Si5yk5qycbPqlezSu11ty+iWt/zPFUMFjMZVr4TE005ycuSp7jV+WVla113VrW31sY37Nn7N/iv45eO3HgDwNrfj+/8NaRbXWp6NpcDvBDCyKjS30+wxW0Kk7mMnp9c/s74S/4JH/tNaloGm6joHxT8A/s+2d9EzagltrlmNUt7W6cM41G4tbmG6i+Xh0Z1A5wM9fk/4Y6T+0l+ytoPjmf9mX4gabqXh/x9pUFp4m1/Qgj6rLYIgQQxOUlmjLR53+U67cEkZNfN/iX4oftLXBuo7jXfEupxXUbxaq/9t385kIzvEiRTIIQCTwB94lf4efvcjxWRUMuX1+rKOIl7ySppySdtpOUWuZWvu99Nr/y/4l5Z4i5lxH7DI6eWrK8O05Vajc5uo1G7UUmlKLburN6J6an6CfEr/gj5feEtP8T+Ktc/bD+E+u3Hh7S7jUbppNVgnn1a6igMzW/2ua7kl8+UqVQZyxIHDAg/hFrdo1vql7bpKJzaXlxbfaEl8yKcQSNF50EnIaKTYGQ55Vshsc16frGu+Nbi0uNO1G91W3hupC8lrd3+oSeY+SWDCWX585xhgQpJAB6jy6WwuCPmyCJGIRQcgA8nGSScnnP9SR4GbYrB1pv6o5unq5czVntbroktLd7tLc+q4JyniHAYeSzyvTxFWUk6ap0VTVNWirKVk5JKyenXyMuI3RCtIAI0Y7izHDZzxzjI4GOM9MY7/OPjCV38c3q7WYJp4BBzuBOeAOw6ngf/AF/r3RbeznkEU0JIbzFZpCFVTno2T0yCQDjHAxjFfKnxCK2vxC1WGJQXh09FVgAqtknByD3wDuHJyAevHiYeadeMeVP3kr6Wb93eyfl93c/SnRSoTcm+eUO2iS5XZJPSz62XW5xYMhVXwoOSi4O7AXORnjI/AEgnk9KjbLLuJDNuI+70OewHHTtnsc9wKjXTpI0ZHAAG1cqozzjcOT1z1Bzk89KiW52ghmbcCCq7SBnIznjPGBj0/Hj6S7Wq6Wv16ry1101tqz5+UUpu9ra6bXa5ddfO/VJPutrTqwG7JPOflJ+6MYUD0BPuORkdMxPGTksx3tyAQCFHJOMD8wQc9DkVXe6IYKzE55O3GASP72MYzx6KMnB/hhW8ZmwdzEbipOAFBPADdM5yOoOSQBwCU4tptbPott073t579dLra+M4xjLRqzsuXvtbZO+t9dXZO9kOmcIcYUA9OVAY9xwO/PUjBHc15Bq5K+IPu8YAAXHGeeMAZOO444HAB59PmnbBLdcnCsRhcZ4yBxnIIz04ya8n1V3bxFuIZcKNmO+7oOpPLHHHB46YNebikrw2fvrX5x01tppvbV6anrZam+fS1lv0b91K2vdNWtv2PQ9PDLsO0MdikAknAAzjI6YA4zx2z0FdLAWEZGxSpAPXOSSB2xgjsSOc8Cua09ipTIcgqAQDxggk4OcDHy56Zx3A434n3KQqsQGC4yPmJwckgds8568ggZGPawkVKmrroldavRRdrNpO61s766b7fIZm0sRPe/M7W03tp1v8+2m7NNMELt4Y7QylcnPXJbaNvHA4GeOhpRD5bsSScHI24A5528huATjJ+Y9MjHEcUgK8ZUZ2g5BVsHPOMkbTjIxxkngg1P5u9gxUgrkbeMkY2gY746r37EA9etwta1tUmt9Htrvovdu/P1PJ9rUSjaWltNFo3ZebV9OtrvR9FOkG5WG4fNggFsZOcnPpjOMfjkk4CogZv4QV4AyMHHU5z378n+VRbzhgjHOPlyuMLkksW6jjhcnPbGTing5fADfNkKcAcjGSoPU56jgbumcYDVNuzfLstd367W81r5X0uOGJlppf5dVyqzVt7dL9tHqyxiPaTtQF2/vAeuSBk4YEgBuBk4zipFw5AX5TgpncCTuByw2854xjA7nrULZyCoOTx1HGBk4HPOM55I+VjkA4q1aQmSaNSATuJbI2gjqST83rjIHLHK4GRVJRSSclaUVr/wCAd7eVrWSv20No1nKUbQv83azaWvRbtX13TvseS+OZAmuaQEYEpxu5Zid69cfNnIJHvknjOPQtHu7jyEQuzBwGJwcBeCAeMZyMt1H3c4wDXGePY9niXRVMSoGbaPut0IBbAznnnPfpgEV7LHp9tHYWj2w3TCAb9q5XeVIJbgAYI7HOcHBAFcOEUYVq9pXfPuusfdXe7et16dND6TH05TwOBXX2aSdtrcq1T3WqV23rfToV47yVVTaCQMAAfMHwR1B3E849AATgjvYS5uWMkjAE8ccKVB6gFh1OPvHk4IJAqh9knbY+7uc8nI9yobI64JGRzjNSpYyzs2GYBBjJB9cAtjOAOv6c8Z9GNT3klZ35fS8uV31336dVu9beC8O5PRvmaXKtLPRf1pd669S42purqC5Ctw4XGAVBA5XgkjqQcemOpczvhpkkyJVY/KwDjqMMp5zzzuxweBjIpE0edwmeFBP7w5yMYxjkDHHBwOMAjGQLjaTcFFBBK9PkG3PXBzxnGcnucYzg4PTFxteyvo7u976dU3sttde6TbMKmEqreN9tItq213fr0S1SsY0l1Ki73lkAI+VcEFhx1ycEDPoCT3JBxjTt5khLOR5jHacldu7GSex5IGM545yDxvzaTOy7Q+0xqWXO71xjnHJGcHrycAGsafSr5RHIwDEZYYYbFJ5wWyVBK/Lggc4DYGM4z89Nk1vq1ZdXrv8ALfc3oUm3Zwbt1bvqnB3v5Lz6W3MS4K4dFbL5zgjAKjpnqM54xlic+hNePeLX3XdlGrfMsrKxYAkEMOCCcEc5x0zg5zwPYLm0vQ5aWIA7iSFzuGMDLHg4PXnAyMjGTXk3iaN49QtA8QXMxYgjBycN97HJxyc+mB7eLmKTp662aVrO17p6Ky117adLN6/TZIpRxUW4tXT7K10tldrWz3vbrvpoWOnxtBC8cgEhGWU9XOMnr2YZxwCGBx6nRWymGJM7wCQ23qQCBg7gcgAgdOpwR2q3o8kBiXzYiCqqUYj7vzHkgjLHbnjnsRkV11tYxzufIdSpG5+ByX5K9D97BIIPJ5GMc54eKmope6+WKt0tZPTbTp/wbX3x9fkqySTet1fZNcuqXbvfvt0OPitxKxXyyECZw+B83cg8578Zyd2OT0ims9knJ4II+UZIBGOeMYBwMgZ/2h1r0RNBjbapOGlX5RwCp3EDk7QDgdQ3UcjJIqlPoEkUruELKCvHO10TnKHrnJxjuR9DXU6E5JJJtbbaX07Xavv6+p58sare8krJaO91blaV1/w2m1738/FuqhQMgk4Z1BLBSTwRkcfw+uM+9WRbYkJBboM4yo6Acg+noB97PcV1t9peyHz4oGUg5dCQdqjBJbgHbnI6gEdTjisYqm9sM+WXPpjGOuMZx6D5c5y3Q1m6Lg1FrfT123vb11svK60yli+dK211qm9dE3q2tHdabJ7rTXPNqBuLKCWAAYADBwem0jjB6988YAJMZtwxIZjgDauT0xnBIwOGHIHGMckHGdcRsyoQpZSc87jjqM8Hpnj2GF5FSNYtKu4KqDkncQCewHckk+/Q+oIq+WOl1a6V3J6dHZW762u9tXJ3sphi6kFo7O99W1q1BpK2/W2tveu29EuD1mILatkk5BJOcYK4x04OAWwRjsOAc1S8OFX3AqFVcHJwBkcsB33cEDaQR0zk4O54iikjtJVAVQoyD3JIJORx83OB0ORznHHnMV1cW2DbyFFXGeCQ2wfj1Oc89xjjNePi3CFaLdpeTTWr5Wuurvp2sr6vU+vy1zxGCdm4uTjZ69VG+rvr0stbJO+9vaoI4XAJRQWKg/NltvPb/a52kDjJ68VYksYtjYVfL8ziPAGR6hiN2e2OnqOgHji+JNVjQMtztwwIGPQk8kYG32+vTNW18bauMBmjfAJ5jw2Dlc8ckZ+YEcYP8RzTjjKDaVrW1d1du6Vujve11u9bo5p5Zim21Vu/W1leL3WvSzu7a2V+vqzadbl8eWjpsOCcDGA3T7pJAz06+lUk0uNid0CMiqQhx0GeGwOSTwc4Oc9c81wkPjy/+RZoI3WMMQQdrk54yCOckDAPGM89M7Fr8RYUcyzae24rtJVgATklcAkZIXj5uOo55I1WIwcnraKsulk7283+vXRpmSwOPpqKi+ZPd812kuRp81m227t37NaHQto6MuVthtJGSCDyMHcpK57Ajdz1ABbDCObQocY8vADblwcgjjcCQAc5B5PTI5JwKZb/ABF0hywnt54124wqjGccY5xjJJA+UZHUYwdODxn4ZlPyXDJxyssZweOgBPQk5/XpgVTjg2l78du+yvH3dX008+ib3WU45lSs+WpJ6qyjqnaLu9dt/wA99DDbw+Y1O2SRGKghoyV56YJVl4GR0IwM+gxWk0/VISHgv72ML90rLKFO0dwWxkY5GDyckjgHt4dd0GYqfttuWYDA8wKSM4IPQdeh4XB495jNp0qOsd3C7ckRhkyASSAeeo3EZGecc5zT+rYdpSjOO17qVtfd1+Jfrv8AdlDH42DanTnZvfW6ty/do/NNHkd/4i8V6RLC0Gv6nFhtyKt1MACvqA3DdMAbRt7ZAz3Gj/FH4nxxxzQeL9SbIYIryuxCleBhmJ45OcEDnkEc8X4xWP7WqpsZfLIyhU4Ykc5XO0kYxgYxkEgYFb/hyBZdOtm2gAKU3hRu4OAcYGASPmznPGea86EZyrzpxnJqFtpO+nK+ltNE18vU9x46dHCQrS0ctGmrtN8tt9nvb8NT0Oz+N/xiswg/4Sia4jR1ISQBlOcfIRgkjvhW3MAcHvXRQ/tNfFyEMblrO6jDKCHtlJIBJBBI3ZODxkE9CuOG85FmhDArwrdCMEg8AcFQMdOmBx7gPhsi6yKU+6VOS2BtzzgFiCeOcAYOBjPTt+q1mtKkmtHve7sv69DzY59FWjK0ntsm909Ltd9NLp/eezR/tWeNAFF74b0W4jEQEgNhbsXC4zk7CAScBmPJI6njGkf2ntLvYkTU/hzobKNu90tYwxwcHlVA578ZwBgZxXh82lpIAUjBG3DgDOfcYJGFOQDkggZ28g1mvpik+UqleQWJ2kcEnPT0yD19z3o9liYr3Zvo+u2lvL1vrZo3/tulKycI72Skk2/hvpv6Pa9/M+g5PjZ8HdTQfb/h1a275VZGgRgT1yQQdqgE9D9Tk4xIniz9m/UgqyeH7vT+N8jKz53nIOM5IwO69h3GQfm7+xkYspjTBJ3EqOW4IGOpycHPOTjGe8Z0FGUKo6BgcpkDggbemWwCOpzzxSTxemsZaptP1Xr16fJPXSf7Wwr1nTgndaqy6xurNO+zt6aNO7Pp6PSf2ZtZkQW+q3+nucn5nCqM/dPzBQQCTxweoz0pZvhB8F9RVzpXxG8hyTtSaVCxZueAD0XIBHQkZHOQflqTw+mFKqqkrtGFJJPBG3AJUE5zkHBOMbgDWbPpMkZBheZG3EYDMASDyQy7enb3LZNDeI3lShvtZ9l110bXyemt2jaGYYCSUJQje6d0t/h1WyT+/r8/oXW/2fvD81nLLpXxC0ufLAKk7IpDYIAJB5znk5PXOCaztA/Zr8SNJ/oWu6FdZ5SI3UUe7K5BBkbb9cj6A5OPmfWZtQsYQU1C6QFh8okkA3A7cg7uSAOOvHIOak0bxb4viYC28QalEUIztnkOxcDABJ6g9unVc4NedOtJVkvZRc1a61au+Xe76W266J+XvUqmDdFvklGDjo4ySs1Zq6Su1utNNeuz+xJf2fPiNCCsMOn3ayERqILuJvQHGGAOeud2BxjkVA3wU+I9qweXw/IyqPLdoyj7iB1GDknnI2rngZOBz892HxA+I9sxkh8T6jvVshjcTEjaexDYDHLZ6E5BINdjZfGr4r2BjlXxFdTkDJWWR2RiAeGBbPXuPmxwD617Sprand3WyXZX83Z2T7Locs5YFtWqVIK+q0dn7vnbTVadGn5Hqk/wy8aWwIfw7qUahAzlbV5NwUHcQR0bPIx1yT2AODP4S163jl3aPqyBhwfskp3AcdCCdw6Y7nlcdRb0/wDaQ+KsMaie+89WRUy6KwwOcfMhJAHfnqM9AT2dn+1l8QbRYvtml6VeCEhQstjFuKkbSzFkO7IzxwNueCAKSqPVzpS7fdbVW317u3TUXNhHtimrLTmjbZpO6e+jvu1062PE73SryOaNri1urcqPlElvKpbAxhzt6g5ycgk+o4HOXBmjYI5cKxdWTY4YYOT1A45J7Yx619TD9rJLlw+teAdEvNhAISziTduzkkhBjnp8px3z1pT+0V8JdTZzrnwqshuz80CKhXdgErhQCRx6jGfYAdWNl7kota7JrpvtrdvrpfTuDp038GKhJNLq1rpzWu9Ff0dt+p8eXl1KpHlkOobcVKk7QT04Kj055HucE1hzSt5gnXcJACxI3ZUHHAOQpPcE57Y54H2o/wAR/wBmHVg323wPe6czLsLQOQASM8jBIG7gYz+eaYmn/sla6CE1LWtIbbnkgBTlhwWPJHoepOBuBxSjWTS3jb4rxvfRbK1+97dNtjSnhXO1qsJ/ainL0u9XpZ66aXS0aPjAStMMzKdqpuYkgOwBwMEDjBx0APORyagsoVkvyVO3DK2W4CRqDgHHcDnJOcsDjPX7Rm+E/wCzrqiRyaf8TJrEAsCLnYSMAlQVGCTgg9sgYwec0NM/Z28DT3n2zSPilpF7Cd58uVflVR93zWL8hgMAYzxgDnjCtXU1ZONk0t33V7Jq979dEnrZdPSw+FnGSV4NtpuTa2XLtveyW99Xu9EauPmUtKPOHygk4A+nsNy9RgHBz1o8pWcs8iOI8sSeNxwMheeBjPI5JxwMDPPvfqrAhjI+CT8quWJ+6Rtz908gjGOPemHUZ3LARlSowC5Vc5BBIJwOuNw44BJ4yK55V6SteSevy3Vu/nfbbXR6aRpzejV3ut3G65btq1rrXW+i1cXpfpmEKoyNJsyuANwYAnJJLLzx25yeScHrDuhjVVwSQCd2QVDYGCQeV44JJ7EE9TXMpczs7pvRGOAeCwIPBKnJBwRk8+3IbNDToHlDzyMckBTwrZ5IBO7A6dyDzgHPGMsZCN+TVra+lorl2111u76NJHTDDymuZ2Suk1Lo205K3N6W2fbXV9A93CGAkk5VflO5QMnPQjjrnI7MDjGcilcanGC4yrZBCsORkdOOSzEeme+cjOcElHkCrD5x3LkfNgkcgAkYwOvH4AAVoi2vpiqpaBFDZ3CJmwOpIbHP4ke+McYSxkpPRJJ7tvS/urz6r5arrqSw9l7zsk1eMdrXirt6dLNdrfZsiudRm8zPluQSB8iEc8D0yc9j0xnJzipBdXTgBYiCG+YycEjG3kHHPUcnAPHFW/7I1CQHzJYLdchg8jgOBwCNgwQfY45JXPqySHSLPH9o6xAmwgtiUKSx/i+ZwcDkHHJ4GRUe3rNpJcz7RTd9E7XSsr9+jatpqhUKUYxk52baWsk5WvHa1+73a8ujIVF1MwEjxRKvzbS+CwzjPUYbJBGQTgZ28ZqG6AB+aVmBII8tWI25JyTuPA6ge2c+te48VeDbQnyrg3DR5G0Bm3sCCOcADOM59ckY6VTX4gWN5OttY6cMMoCvIFXBYkZ2jJGMjb1z1A6iqjTxdVXcWtVZ7dklff3fud/LWHPC0/icX8O9n/K2/P8Aze+hdiR5CqiG4kXAIJUgFsgYLDHAzk5wMg9cgVs2+m3Lgv5KRoFOBIy/JjjdjpnPTHoR9M/+1LzyydyqcMCIwoZPlO0Y5znHXAx0WsC18QyxX5W9mZEjCbUYsC5yG24BCksDnpz6c5pywlayvG60enT4dnvZdra+e4Rx+GjazTt2SSs0kldaW5np02Xa3cDSrhk3yXEYjQDiJGZ89Vxj5jg55BA6Dntl6jeaTpcJfULydCuNqlSD1+UEfQZzuyeQM8Z1bnxbbtbwtYoFlZhvYqmM4AIyVP3R0I5BHrXnHjOaO80++nmDGVSpV/lUAgY+UdkGcKehwWqI4Gpp2ab0S6KL6vTa+q9X1IebYdS5IJSd0/ed+iejul526Wa6tCX3xO8NWe1be1nuypYbmyoQkDJyQT7YxkcggHBrnr74zXKDGn6ZbxAgrvkChh3JIBXn3wTjnkHJ8Nu2d5G5YJwdo4JOTh9xGckE8HByxI/u1RUswBO45OMMT05PBwM9PXjvniuilg6W8nLmVr3v1cUk21sn0aX4NOJ46rL4Zcvbljsm46PVpLbWyvdfP1W8+Knia5Uol59njct8kSldgxyd3GcE7sHqeOMgHCh8X6tLc5lu7i6XG8Kzuqg5yQFyF656HHB47VxW1w6gbiuAvGQp3dQexYYH47h7jW022czxqkbYZMYyDwepxnC9s544A7ZPVTwdNvl3Td9UrdHa1r/+BLdPTRnJPETs25SbWyei3i7269H06J2b17ifxdqksfyyhOTt2r+8CkdztyCDxg4HAPWvXfgHJcav4xk+2TCUxWDMjSnLK2OevXjIzgnr9a8WTSXjdSULZTGArBTxxye+CenoTzwK9z/Z8jtrLxszXTCFJLVhvJ4AXJwOuAenTqevIJ6ZYWNGF7RglvdW1VndJrS299fN2vfnhiqtSXLHWUrJrW1ny3fqtNLa6NPv9mHSvOAkIdUO1XIXkkZ4UdBxjGT3Pyk5r3D9lR00P9p34G6u7zBbT4gaYHYyeWEjEhyc/wAIZSDjoM++a811DWdOh04y2lrLMUIQbkbaSvyrtOdvJw2M9h61w3hbx1e6T8QPCWvLKLBtJ8RWd5GwkKFHilUl1IwR2IbAz1HevynxOjLM+FM/yzDSUq2MyjHYeCi09auGnCN1trJrRX/O/wCk8A4arTz7K8ViKahTji8O5OasuVVYOT+Su21bV26K/wDdz4z13R57k3FuluYLiOBGhLqzSSOimR3GSwPHzAgjP51/NV+29bWuh/tV6D4hs3RR/a+lzoYjgQutwmWAB6oOhAx7g7cfWnw+/afn8UGzWTVjPMY4vMkaVmQqIkXOAeo4APHJwM5r83/20fGJvfijp2qrOXlS4tSWLDCKsqspUk4AyOpJGewzX+OPgd4bZ/wr4gZ1Rx7q/wDChgcwo1Iz5muSqn7ut9dNlts+x/ofxfUyvDcL4OrhqlKap18LODhZfy3bdld6tNu1tHfdH9Huq/El5PhY8Vldef8A2v4Pt1nkySSDYgMxIOARkgcHIyNrZBP89l18Zr/4efFC81C3nHl/bJLWU5cAB7hhhiW4IXBPIPB4XOa/SL4U+P2174SWCvcNOW0W3hyhyfLEIX5hyVxg7snOOT04/Bn9oLW5rXxv4m8kGNbPWZJACSGysm5W44wD0JHQZPOc/aeD/A1OfEfFeSYyh7SjUr1qbpTV1ye0mrJP15tdvWxtxLnEcuyPAZlg3GnKcadVziknJyhGT13t66vurI/p88B/HWXxt8L5oLa6VnbQsthy2z/RwV2jcCGzhccngbt3f8Cvjr4x1ZvFGu2Ul1KZo7y4UeZI25UWV8MAW4Dd8Z9NxJr7W/YL8Y3HizQYtILgy3Vh5RRmBxhCN20/MMjJxxxkEV4d+1z+zz4g0LxZqOt2cLvFdEyCNOR+9ckncQVIJ6jgHcM5OTX7JwVwblnDvFGMwlWlCnCDtRcope7GcWlrbVp6JW02ufnXEHEeKx+U06+HnedSKnUUXy3b5VJuzeqXk+lkfFvwR/aM8UfDPxjqf2DUJImudwYGaRIcoWKscMuSW+6cjHPXnHqH7SH7R3iP4heC5rXULoXTysskg3swTCj3GATgkY5BOOma+dvCP7PvjHxN47TTbeGVGupwqq6NzIzE5C8HcpIBUdT1wc161+0L+z/4l+FngKG91ONxLcSGF2l+VnKKvzIh+ZQCOOwGDyMmv3fDcN8KS4ly3MKdKhPMb0+WUYp1G1aKaaSd10u9+tlr+bz4jz6HD2OwdarOOHlGqtZJtxbV1Z3927vv1eiW3xNoWpx3d1eW8+4vLHvVMEhm2jgABiO2RnGefccx441XWPDcH26xmeJoo0YxBX2yLu6OcEAsOCSPXrmsrRNWSw8Q20jzKS4McikkbGHykjPTsRgH3xjNdt8UUgvNDi+zKQ0ls7S71zvypZSBggE5znnvx3r+ksDWnQrYeKSs1F9bJPlXRpPro3pZ9z+ecco1o1paOcZXdtesW7dN29XqcD4c+MWkeIHjsdfiSxuFAQXGdsbkYAychQSSOp4JwO2PWFW2mWOSBo5I5EDCWN1dWRsFQcE4OOBk5wD82SRX513nmx3bxEFR5j/wncrBsAgjkEgAerZycDJr0rwT8StW8OSrHNK11ZFlSSGVy4SMY+aP+7jk5JAyAeMcfbU8Q1GLnfWO7dlZ2d3Z6N27637PT5N1YyWuttFa+ilZt23v0e7tr0R9ZNapFPJIAqNuwhUEg5JJ+U4ALHG4erZ5zk5ckcxlmPluihsFwhG7JO4EdyTkqQT8wOcA1paD4j0fxNaG+0yeGSTapnicr5kchwDwV7dsY6ZPat2SGGMRMCSsgzJtIYuxGc454zx0U856VtKpGUUuumjtf7K3vpbVO1tmrvqrRez02ut73Ssumit8Vno9mrvk57FHt3YHcoUBkkyWLNznaDgH+71HPrxXJ2ltJb3bNIiiBnLYb5d4U85z3XjtnGOOmfVVtUkjnd8t8p2BSPk5yBjbwegycYPXbiuK12zEUKyhzvU7n2gkHLKduCOON2c7eu45PB4KqvO7S0d7O97Kzt10T13d1943aLSVkvu25Vf7SaTTdl0v6nA+IdSjCPHGqKZHIBbj5CRvUDJB52sewyPpXE3l7Jujt4owxji3PIgzkH5sr35wcHB9OMZruhoia7eIDKqhWIKO3RWUkEf7Xy4I9TzyRnfl8CWW2INII2aIxnbkLt/vEkDkkcjJOQOMYrkqXvo7WV29+q37XbVtm7rV2HaTXMpW2in7qu7RfS1lpq318m78vpSxjTbm4dML9nAcqcsW6YbAwADzgbSCc9ABXSeAtPcW09wwO2a4YRDbxtyepPXcCee3Tlciruo6HbaTotxHFIq5hG7bht7E4B6k4JOW+6R1Ndb4Q0+OPSbYI7bRErOvKgs2CzDjJwQCc7uMYOCM4qnJu610T67JrdbX19W7XNoz5H7zt1aT05ny3T0urO++ujTT0NuCGONAcMJSdoAwcsOBjdncBx6jsMcGrJg3Idynco4JHG/HDYwcsfzGT0BIOzbQR5BdFIQDyxu+YDqSG6nOeTzgd/7t4QREs8SiRchy3zYyCCVI4HAIyRt6dTit1Tlv7yS6917r6N/yu7v17aEzr3fS1n07ctrW2ctbX12d7XMaC03xgMq/MPk4KkEZJJycduQeB/DnvFeyR2duzsE6MGYEAHIG5l5LYHc9gRjnlrupXggRUtYg0pLqVDAnI4OcA45IIz/MVyrWV1dKGvNzq+fLTDBVGBzkkYAAwoOcYAGCSSOThy2SbSsrpLl2tayfpdXS1V9LJRhGoru99O6S0j/id2ra7dfeT1x7jWW+ZYEaVeMPtJVVOSemQCORtBIYY65OMqeS8nRW81IVYlxGAAwOMrnJJxn5uMcYBHr0jafbx7YwmwkEDaV2qASS7nOSRnjnk496gNhJL8iR+YqNtOdq7l4BRRjdk+mCD9cE5R9rJppPVqyd+tumuj0aun/du0auVGMeX3W01bmfX3b6vo09b3072V+bSEFcyfM5UqX3cZ9Pyx/F1I4xgi2Ldwq4DMTndjk8j5QR2AIyP4ge/Ndbb+Frm4YeXC6ojBssrFcnooHI54+6Rn3ORXcaV4Du5ywkRV4yC64+Y8ZVeuRyTznIHpXXSwlapNJwlazd9dbqOr2vreyST+858RiIRUXTtra73Wijtdc3Sy0T69Dx59MuHRWO5CzbTkgYB6bgcYUDvnIGT0p0NtaQAG5kjm8hjiOPaTJtPJkZflwCCMjAyDnB6dL8X7K78J6TBaQlYpZlZ5ZASJdhwVIxggHkcdOK+b7TxBLZ2uJbol5kfeTkyA5OBgkjBOCecZ9OaxxMXQk6MU3Ld8r2ta2jbWtr6adHcKWLWkpWbUel0r6LVNW/HvdM9vnuYb2OW6tbKKae1R2hhLqtvEsYJLyyDG7I6fNjvxwK+MvFVtq+p63e3EyPdXEtywZLdGZI0LEJGMZGBxjAGSCeTg175oOleNfF8bQeHoZmtmYLc+UzBfL3HLTFcsq4JBwVyeMgEg9XB8BPHwm+1RxwjzXUKoKjDjnIycswHXPTJ6DpWEwVeonKFOc00nfWz1TT6vpZ62WyscmJxHtUnJJW9Nfh9579mm3pZX03Pjd/D2sBnZ7GWJVG4M6smcHqGY4PGAFxnHTpVK709wsaEP533nBc42jJ+gJPy54POTg4I/QaP9mTxvqcHmXd9bgngRyEKQz5JY5IPy9Ao28ADB5NJL+xj4mni82XVLONs5+VSWdCA3uPQZU4yckZrr+pYq7tSqNbtJN220bemmjsrd+uvGpu7968Vb+X+7Z730ael02fm7cWsgdlVGwT9SAR09icYHHAJIHWqRsbhn/dQuwO0EbSCCTyepznHKkAnnlelfpho/7HflzltVvnl5wsMELko24gEjAyMEc8gEZBrv0/ZL0OGVPLt2lAALvLGVEhwQcE9SOSTwcDoSMnWOExsoPkoye2rVnbTRaJrRp2a6PR7FKUbazUXpvLfWOrsnq+l1a1+7v+S39j6g5PlWsjFR821GbGevVc/RiR16Yro/D/AMOvF/iSZ49J0S5vJUwCqxt3GApONvJI5znJXkY5/UrxB8AbLw9plzfw2cKLaRRh3jiDtIGYD+6eTjaDz2+tdR4c0fSfDEVlJpkcam9s45IrbyP3r3ajmSRlGVCsdyjPIUmuOpDEUqqjOlLma0ja2jsr33vo90kvvOulQjUjzSmuVLWzT2tbXrvqrb9z8mfF3wn8beB4bSbxHpa6f9sLNCkrr5xAGMbAd2Bk5IGPvZyQK4OHTrqULtgZ8nGxehxgZZjjrjnJGcgAHrX6heM/h43i7Wbi98Q3V1qTI0hi89ZWggB4WOBDgAJjjgZA6k1wMHwYsjc+QtkqwR8j91IC2SCRuCkknIOCVwCuMcAXGhVsvcle9rPo9G/u1TfK9Erq7BYZSfu1EkrK7cU7XXd7J7Wtfzvr8MWPhPWb5mNrZu2VPLEADAGcg4BBHBzxnt6aEXgPXXmZF0+dSqYcqjOFPLEZ57dCuMcnPXP6F6T8MdL09tkGiXMhYEOSGWPdnPXIGGOfcZ7AV1sHhcQTRpHokccrJlvMKqCuSQWBAYkDkMeuc8dDX1ep7r5ZR6vqraeS7rVaqzW7OyngaTiuarF7Kyez030V929rbdb2/Oaw+E3iG8KKts4diWEciFWPUhie4IBx+BPTJ6i1+BniOQxpLEsSsDhsjGSc4wOcgk85I+XggBa/QW30y7gnCrY2UTBSS7xqwAyAF3HAB54HJI5wcGpV0/UZ7lMpAJVVlUpbEJgnjB24IHLNjrjHHYWHkpK8rc/R6rp8ml1Strq120WHwqsnLm0STemr5V00crab21sfGln+zLqdyY9+pW0BcDPJKpnBzxjngZB5OOuQa1JP2bRYssc2qmVirSL5a7g2FG7IzuUYPXBB59Rj7Ti0m+hLh5gqYEjOIisYYKSF5BGenTgk8jHNcveaHqN7eq0V1MjlDk+VhAAcMAcYAAXjABOSeeRVKnukm30cvl2fS2rV9NHYFh6Ckkk776rp7vRbLulro30PlCP4Aw28Ukk05mVSuNjBApOMrtbJLZIAO0g+inIpy/Cbw7aZNw21RjGJA2Sp5DYJPHb5ge/XivqdvBk085WS4nKlQSrAoHfsVOQq88Lg4yDwM88PrPgg2F60b3YVFRpWdiSckZILNlVO0kZOM5+UVm4qLTknbr1WltkrvXf4l+Jbp0ErcibWm99munTX01T9DxFPh94TtllLiOQHBjQOQcHgHPOckc/Ln0HBqjq+l6Dp8MMcVjFGyqTuGxnf2IwCRggNznHfPNdtqltaW7faDewiONSoGQSSDgZIAGT1B7jnJ4NcVcaUt7dRSyX0UY2swIkJwhOcgHPzEE444GSw6g4VJxinKKsmk7p21vGTbWlvLy0XnzSdOO0VpZbbu8XottHZLW9tb7nDzSW4kPl2SDDFo0VF3OOOo2k/ez0GADycZqoZL6aYW1vCkczKrKiRbpQOAVLDOOMZJJ46Z5J9Ns9HhhlF1CsTqhaNZXO55C5wAAMgDnIBABySeK0bPR7O1uTdO8f2jeD5ked4Vs5TaPTI6jAwTg8V42LzKNGMuX3pJWjdbysvRL5J3WqOSWIjy2S20Wi1Ts9bWXS6tbR6W0ZzGneCby+gK314sRKBioCqY/lMh3EZJ5+9yefYV01nZ2fh+1NvayeY0qqSSFJkZTgEkDOATnaOmBtwCc6F5qQhkdonQxICCPkLSMOgbHAORyGHI6DJrBuLtlZbiZVAZSVUnLANkAKSMZPH8OMdulfI4rF4/FaSqcsOa/LG8W1deVls93rbXz5Jzcl8VuXVpXX8vK9LpW2967drK61My7u5LLfeKBLO7FkwWyuQQAysecEZGOg98Vh3d7eXYQzw7VblmCsMn7w4PJGRnPAB6EHFXJrqOR3YqvlgkeXlRg7hgsPReM854wcn5jn3N6PMjwdxCkKGI25znHfPqDxzjnrW+GhOPJJxTcVFc27eieuiTvvtftbSzjKya77Xt5Xbvb3tbaJW7pu65y6tJpJSS4MbDLKy5AAJOCBkAg5JOCeeeuay30yKAM1yRmU8FSMHkYB9d2ADz3xgnk9S8ySuxI2DKkkFfmbHXaSNyjAIAP4jOKxNRVjIquMknEYPK8988AAYDH/A5r3MNXm9Holo9lZvT899bLptc2jeyvLRK3LeVtOXa7dt5NNdVorpXu+EreKLxV4cjWNAh1rTmXH8I+2REDOOc5GeoG1RkE1+8utWyBLN9uWbSbJwMEYJhjyGx+YIA4JHuPww8GRKfEnh9WIWQa5puGIyMC6j+7xg9uqg5wAc81+82tqp/s4YIkGj2SkYALEwrg4x6A56jGa+pyCry46Nm3eLvfVWbj9z6vrovl1qipYOq7WXPF9Xslu2te76vVdEee2ce2Vtx2FnypAwMjOT+vbjGeeufV9BjL22Uf8AhBbK5Yktk4wMfKB1HQYxk4A80iQtOwCjaj53EknqcgDpjoQQwyQR1r2jwtFHJYllXeUAHG0AYJGSTxkYYcc8ZPv9nj2oYWcrpKy1b02S6X3fn5u3XnwkX7WMWrvS6suj1t3332ei9JZYV+yT7lLERorsRtByB06YJwMg9yRz21dAgDCMKjFTtUZ5YDB56ZwQOTjB9SMVZurJ7iGQIuFc7pCQ2cgD7qgA5ZQD09uOh6Tw3poRkG0EYUsSDnkfLgHjPOeD3IwMDH5disSoTqu9urtrbZNu+vpZ3fd9PcWHUuWSjppulvdJO7t8remm73bfSZJITIA4DbSygEjbnBycjggBhk9c89GH5F/8FItEn/4Wp4SubcYt28NwoA/AV0GWyCTtAPHzAYxjtx+0cgSGzVl3DJVSueduRkcHdjJC54B5AFfkF/wUiFyPiF4Me1UAt4f27V+ZnJHIx8w5JA7jrkjIx52HxtSdVxunFxd3o0tY97216bpOz02qvShCHIlq+W6vurq3ye3+Wx+bFhHcQ3KCU/Z4dwVXVzh1Uk44yDxgdD8o688dLf6vHDFCYJvLEbZZGcsznsQvOAxzjIOCQSTxVNtFv1t4Z5DvbaXSIkgKAc/PycHuORxznNclqsFxbzI1xE0bPIpQKSQ/TOc9Co6dcDuCCK6lGjXldqN15cut1rpe/wANlpbbZ7cTk6cZXW+0ru6VlFapRsrpWu1576b9z4pngiEg5DFySxXeu37wAAAAIDDkZUE5HArmLjxg1xbNCrbGYMWfKgEknAyB1z3wo9sCrEyC4jSEpHGphbeMg7gcjqfmyMcEHnn2rhNVshazrFBIrxnkkjAU9VBIGMjr+Rzwa6KWHpczSSTT03Xbr9l36JLfRnPKUnpdJNqzbd22lZd10skns27aXt3WoSyeXubznLYyz7gR09xjsMHknPQZD4ZhFHu2uHbKkqeG3HgY5yFwcc8E8jGaw7azurhiArbEYMzkMFCFuzYPHXGMgAZztwTvwj5TE5TZCAQcjOQe2ODx03McnBPau5wjFNQ1fLtp2j0unffrbo2ZRbbcrt35bax02Tv7zlHbTXS78kZF8VkkBO6RwyllwAORgEHbnjdncSckYxxVUStBL8w4OAI8AKykknH1Un8sjAxV678lnSSORS7cuM46YODxgbuuAcZOeepzrpDIyS5IAbAI5wvTkg4IxzjqDg9qdLmajzJpO3S+9tu1rrd6a79HFxUndPulbS1oNWevytpvdlm5vIpITEiAEZxnGQD745bt1HvgA1Fa6lPGPJQEZBJbHCk8nG7k5ySe2M8ioUtjIyiMDdI5GCCSenXI6HjJ56+9Xhai2UNNGhbcBkNndyR0A4AJ9gCAec1q4RUbPe3uvdu1u+i09fLU0vzSdlaKtuvS+jb6Pfzs+jOr0LUFieK4udpKjK5JDEhuDycYABUH19ORXq+hfFTU7HMckSy2k0oAO0BwiejDC5UcDpkE5OQK8AQytKcglRjag5HXOFPzDJ+X6nJHXjcLzqqW4jZVLqQWOGDEk8nggnPUjHXg1ySpxTd173ftotPK2vfXRpG9OUoWSeiaeyvZWaTdtdXa9pO3u2uffvhr41aFBawxzNdxkKv3GyFbbhvmGSADnjBBBOewr1G0+MXhcW6qdbu4jIwYAqxAJOcMBj2HUcnPoK/OHSmu1KxxplBhQuDgt1PIPJY5ztPzZ29OW7+0sZpFLXGSnHy5YqHIOAArZ46lRkEgkD7wqo1qlOLhGq4pdFbTSNrt7Le3z13t6NO1Re9FTb8rJdnaysr9r9HdbH0X4q0bwR4z1aTV5vEJe6uWCk+YqAqP9ndwRyctluQMEjJ5m4+Fvg+SULbXzXDkMm1ZV25U5GMg56bWPHqQRnPF6R4dvr2SG2021nvruVwBFZpJJIMkED5RjGDg8fUjPP0TpXwq1bSLGC88R3lpoSpGLh7ZpvP1GVNoJTyQ3mRsT8uWAIJORkjHHVdWac4zlZ2bdvivyrTZN3btutDqpQotyjKnHRKybuldq9rpJJbvW1+7uzwW/wDhpY28eIIHnmV1+RGDfKpO0PksoyMYJO0Z45r3z4ZfDu0W1ilm0ndf3EytCu0lYxGM5YY2gsBnOWY85AFU5I4oRcR2ETC3d8LcTMTO65+8fQcHC8EZ54+UfQvwo1myln03w7I8a3zzF4J5SqrJuRgE3Fhkk5CjIJIGMc15deo6cXUqTbio3d3a1rK/a2z2bfc5Z4fmlFU42cpJWslfWKsktdUt16Loj6f/AGfbOTV9B1iweBIfI1XypDtI4iU/LjjnK4G05P4Zr3q6/wCFfeKbW/8ABHjXTNPXQZ9MW3vNUv1RhphLeWs8JOWA+YZKEZ5JwMZ5z4FeENY0Gy1621HS7+3m1S61G7thNayxb41AEc8PmKAyMDlXBx/CNp4Pz9+01qPiTwnplmLSIwpqvlwTSsozPEJDuhYMAVHGOwGeDkkj82xM6ea5hisNhcY6Ep6Qr0ai54yUVtZppqWmu6vdXP1HL4Sy7KMPXxGHVTlhadOdP3ZRVlFbPW710ej2TbPpb49f8Ez/AA23wv0rxH8EfEcXjGcaNDeweFtFnW4juopgS89qyO5S4QctC4Jz0B7/ABX+z58I/Bnws8UeI9X+PmgatZQaDbGHw/oMlpPbzzeI3OIzeKMM+x+CynGen3jnG+Ff7THxg+GvifTLrw74tvdFg0tIdmnzSvJYugKlojFIWGxxkEAYOQP4WNfsbA2jftn/AAL8RfESXT7HTPid4MvrYR2WnW8Ui6tKyIDezQKpkfeQZMkfKSRngGvExeYcQcJ4OpQzjFwzDK603TWYXcMRRjOy5aySaknbSa1V7N6o7sBg8nz3FQqZfhp4fGU4pvDOMXRlKPLd003f3XZ2aV9ElZHwL8Vfj14J17wxYeCPDPhGz8B/aVaHWtbgu7ldT1K3KsNtxFLKc+YrA7TgBQpA6mviv4aw/Db4F/EzT/Hnjmzh8f8Ahi2824tfCUUjNPPeGYyW01xOGGAjNnb09ujV9g/E/wDZb8SafKuseI5o4bm9gS6S6iWMRRqFy6BNoMZRcgjHBUqSMg14N/wz1pXia7UnUS9uHEfnREyXMkiYyVC/KoLA8AZ6A1GU8SZTHCzjQxNSlhKsWpyozfPe6WtVSbu4pc17Wv8Ad62N4czCFeP+yQniKbjKLlGOvw25ovRp7tNdVbc+lP8Ah5NpekanEvw++CfhuwS8uSYZdcgiubm2jmAUJBMyl0RFxhQeCcg8ZPUn9pf4q/FPwT8RvCusaRpGmeGHtI9SuU01WKvI+SkSSMSgAYjIHUnIz1rz34f/ALEDeIbwGK3dLVAqR3l+JA6p8oOwghQxB3fN6npjNfbHxA+B3hX4Qfs9+I102yZdRNtBb3N6SzSTynk7mZjhSM4AxwDnuTxYfifIY53lWAy6dXEV62PoQTnXrVFHmqRTvKpOXR3slvt0S9DFcL5osqx+OxsKNGFPCVZJRpxg2lSV9kr6pN6atW7n43X8bLcSIIv9YFIXksFHIyy9854OAeG4xmpbZVDIvlxsoUgDI4JXBJJOc8chgcEfNkDiS5dXkkucspRvLIBBOBkHAPOCRg5B55BGQajRg4U5OFPGAAzdTnGAQATgnIO0EdTz/X1D+FTu3f2cbLXVWXRu3z6adT+bJ2VVtv4ZaLbaSsno3f4m7JaW0bST5PxxGTpyyCQMqM+9Uxxncu0tyMD6cYx2OOc+DcfnJfLvAA1CRVycMQMnb1wc4J7tjI4GK6LxnGW0aXbvZXfccDDDGd3OMZOMZI/A9V5L4PeYI9V2AHbeSBdxG45ByQB0/wBr1+b2Whv3o20Wjtp15dbdLWt136X1zfK5J3SVop79FFPTq+1uiPoW+dIwFCBWIwFDbgNvBOO5PUjBPbgA1im62kAAuSW3qDwBkjJxkAY5GSDjk89XXcxWPzNv3QFyTyxzyBk8Hg9RjnIzwaxHm+RyBsZpDuyTuwSABgdQcjg5GDk9cDRWb7rfZbXV0779nolrbczk7v3ryXW1tm03a9nZvfu5W30PU/hTdBvFMRZc7JGXJIGCckMGwOANuNvTnG3ov3gNQaNIQrDc1vhj94KCoKn36A8bew7nb+f3wsbzPE0aKDuVg4bdjPOWGBwykEgjB5P1x9rxXLPbFiF2oEXkFWwB2Oc7R7jj2r18NFOje6UnLV23+HbdWemzWvoYSkudw0V+Vtu+trSlZpO2r3b5Ule17sfJqHltKXLlS5GG43E8gEDDAH+HDADsOuOr8N3u+7t2EeVMsZ9du4gqBuAyflBIx/tZzXmd1Kv7xi4+VtxfOcADpg8jkDI6gDGecV0/hm6UTLL5hBjkXaoAAcBl5x0JYjJO3g8Hg05PluuV8vLr8Lk2lq3frtda+dm2jn1501o7ra1tGn079rrq0fjz+1VOJvjR472ksBflfQ5GdwAJHA7EkZzj5cV4Vonwk8Y/Em8+z+G9NnvTZ6bcajcnYwggtbeMvJLNJgogCqdoJDEMMcsRX0D8doYb/wCNHjI3H7v7RqbsCy4yFzjrn74ABwemBz2/W79i7wB4e+FX7NnjD4heL9HtpNV8cWmsQaFc38YGdMt7WWN4lD4YpI7I2UGOMgnHP4nxHnyyj2lSnSdWtWxSoUqdt51JxTcn0SV21Zt6WutT7zLsqWZW55qFKFHnk2nZcsYNpvRK/TfXe+7/AJ6/h34XmtPFVu97bqXs9ShOwphjJFcqhKBhwFKlSw6+wyG/px/Zy0a3/wCF3fAya7aO2sj4ekklKqqEO0CsiSEk5YkEDgnPQkgCvwm8KrYX3xHxDbI5l1uV5kVECG3fUCwEI9MDjI3epyTX9Cfw1sI7r4y/BnTLW0kgKaNbm1SEAyuWgVU+VRk5I7DacNkHpX6VwDL22bYStUj78HQmk7WsnCbbbtqtXuttbo/kj6UdaVDw64go4ary055ZmdJ8srurJ4acadNtLXnfu231t2T99+MfhGK+vvHdxExg2adepDKSHEivFIFYEk5JOPYdzkDP87Mv7NUeo6n4g1XX/EkenQ3t3fzxW6My3ZZJZDlgWAYSjaAF5wQe+B/YD8Sf2adU074d+NPF2omZmn8J6lqMcex1ezkt4WdTMjfwngkcDdt46Gv5SviR4tSEyyyOFuI5b63iYAEzTCaSMOQvI6AA4zxxnFet4+57N0spjg3B3VSDlZ3X8Jb33XNfdrX7v48/Z1cK55k1bjiWYRq4R4urgK9OnUhJP2MpVJxtF/DeMuXo7O9z4jvLxfhVq80Gi381xfpJNFHeW8jW09sFJVSrxtvDY2lstnJ54XJ+0P2O/wBoDxhbX3j+X4jeLtX1nwZD4Uv0TRNZ1y7uLU3LRSC3MEVzOySMDyVAOAQB82BXwlr1gdV1S4aaZvMeaR5ZXHLGU8he+ecAHnJzwBTbv7PbaJ/ZWmSXET+WReSJI6G425wpRGBYA5yCMHJA3ZJP8r5xkmE4kymtl+OjCU8UoRq1nFOcOWVOblFyUpKV0ra3TtfXR/7I8NZri8jx2Gx9CUr4S84U7+65uNrtWel27p32UU1u8vx/r2l+JfFGo6np9msEU15cyvESgKo88pjwMnaMYOeOxGM5ryO+uNty8cZ3FWPuoB28bunU8e4GTniqOpPPa3biNnB3MkiAtv8Al4OemDjGADgc9cgnF+1BZclmw7BXGeeoJO7HXPAbJ4Ir7vJ8rpYDBYahRbdOjSp0qbk7tRpqKWt1ppq18tTxM7zyWaYzEYjERSrVq7qTkla8m4u+1rbNrztszuLuSeTRrj7PH91FkkIyxCjIAyMDt0GOdvYZrldJ1thIBdTuQQqKASB64bkjjjPrxXRWN+kdhcQpJ5kkilWjIJBUjGSxIAVQeepLDgg4z5lc+ZHdSoSscayhxgADqCwBGDgYBHUqOw5z7VOjzRnG2qs07XtdpafO7vJq+rPn6tWceScJcyS1T2aXLrZeb1vZ6J20bPofQ7q0khkc3KhesaBuNyjlgCDycHII9xntwGteMJIdReK2ZVKSAMxKkNgjJxkqGbaSTt65965e0194IUBx8ymNSuRjsW525z3xxnjvk4Dwz6jdsbaNWLyqQ2QcLkAtnGNpyQDxglsVnTwsYOUp/Cu9/KXZ9Oml9mu+0swquEIQS5nZSV2k9Y2a1V9na3e2mrXptr4tubj907DDKNzk52jg5+Xpt55HIHHqRfbXWjQRL5kztkAEHADAjIyTxjI5J7DrgCfw54QkitVkvI42eUDa2Sdu5tw4P4cdAc4O0HPeQ+F7G1dZpYo5gIxuZWAUFR8oAPTkdCBgjtiuWpVpRmklzPTe9lfVbt9GnZqzvptY9nDUMRVoqU7ptrq9+aOj3XRX3d/LR+WS+JpIWJcSqFUBcqQNw6g8HgYyQSDx1HJNGXxNqE8yhLmNVlUcKCFC4yc56ZBAbPuQxOcesaj4bttVtsmOIKpJ2xqok4XI37cZI4wcAHI6858b1fQtT0e4cyQKLcEqkhAJw3zAgABssCR1U5z1yaujiYVJcrXK0rJK9r6XS301TWl2k0lcxxdHFYdRm5Xhs+W9vs+9pffbt5PU/Tr9gK7a40v4ny3EjkrDAFyRyCFPb3wDknAxkg19q3Kk5YHAA4KgkjABJLA4G3ptwx64GeB8L/8ABPCJ20b4sTM3mIIrQKGzxlUA+Xnpjr3PPfFfcs+4REFtowpbHyna2SPvDkH0HqBnJr9DyFv6nG0na8rLzbVt9la9n67bP5/G1JPlndxulrdq+kV1d1s3bT7jEJUgPvcDeSw5XIwe/QDGOTjjH8QNeVfE+Mta6S4QlP7WtSp28glgxbr69CBkHqea9bkK8JtLRo5POM4PPueSQcMeCQOuRXmPxPlCWelMqkJ/atnkZyMBhgDJOM85Pr2OMV7dVfupWV78r6O1kutumnd93ZWfnxalNa3aktd9Xbzttprtd+Vt7W4Cg0dpWJIvbZwpLErwnGDkggnrxwTx3r2ywJjjMn+ryMAHOSCAc+h9+Tn0H3a8c1u4DrpO9QXN5abugGCAFUH1wDzkgrvr2SBwYFXH8CnIJJJCdVK/jux2JJ4HGFHnfNZ20i7dFfl1+WzVna7vezJxHxKyWqSWt92lp6Xau3urrpbgPjlfJF+z/wCPGaRhuRVG0Dn5gMMwz65wD8uAvtX5HaPqb/YSI3BcKGBYZXAXPYduQB8wJxxxX6wfHxwP2fvHzFFA8tQF3ZJUMu4jpzjHJ5z34NfjVp18/kLBDtj/AHYLEnOCRwdvGQOuAT0Oe9fG5+7YuLdklTV7btc2rXmlpezvrpex9RlUv9ki27NapLz5V2v3WnS3meV+NNZkn1KdFZ1kUkS5J2/eIKqOAM7TkH2HfnzeS4dpCw3qoOCxbaRx15ODwepDZ9j09b8RaAl5cmWOQRFwHkaQYYMCWYDIBzyQDnaeMivPrnSAgkigkLurDenouAN2TnJODknnBHANYYepTnBR2aSfZ6PZpX0TbvZrc8rF0qkqkpNKznZOyvb3debXZu711Ta0siql7LCw2ykAqQFHLE9yOM5GM5PTJGcE5limuZWQiTKZO4NuUjGfmPXpknkhTkfhNp/h691K7ht4jtlfHzMNqKN3HzEYAByeec+/T6K0T4VWI0e6gvVE+oNH5izxyDany5OeegwQTkZGDkcg9UqtOmvhTvpv2s29L20u+vVIKGFr1byS5VHvflastbK92/Tpo76vxDT7aWUszIZGAOFJJBTPPyg5YEcnABJxjPUdp4a1hrOQ28rGIxvvj3bhwCDyCcEFSQB7Y7/N0HhT4e6vfa41uiskdqGVn2s0JAyFRnOVIbHY9xxg4qx4o8MXOi6iJVtZHRXBZjGzRF0b503KAvzYyAe2QcDgZOrTb+KCbba3s9tkr763TSdrHfSwmIhFVLaL4r9rLbVSbtveKWq6o9D8L+LElZog7FpSRIuNmwAqNwAHTAJypzxnkV7k2oRPp9rFEctIqEbiSAe7EZyD2wPWvkq2iMV1bXFpuheUIJk5RIySMg9Mgjj15PXAz75plxGYIYVlxKiIHQsrEcckNkcHBUKG9j0OOauotbXVt7rTVPXW+qS79tj2MPUlGPK7OUU2vS8bq7dtUtm91fa7O408nbIzHbtLFmHVlA/hGRkZ59fTFPSNXbzAxIKPxlSSSeGwM8ngY64HqCKit1QpndztEag5yTgnIHTB69Rn0K1ORJH5YBA3KwJ+6Rjjn+6cn+9knsAATzS1s1pay5m9VzJdU9OlrXcnvo7ncm5RulZddtPgfRvdNNaa/a7OxpM9vZ6vpd5dwfaLS31G0kurfcUa5gimR54Nw+ZQ6hlOeBgYGcV+iP7Uf7SXwZ/aA+DHhv4OfCj4TyaV4p0a70yS511LNHvkMNvHDPa2ghiR5zLICzO5bg7jnv8AmlqPl+UMyMjeegDBjnO/5iAMYOQeRx1GAeK+ovgz8afDnwPfVLq68HW/iifVrOIG7nVftVnIu0fuJGyYmbqXUqeRwTnH9NeCnEmCwuSZ1kmaYnD4LB4tOo61eLfveydJxfLdu6bteLSlZ2R/Pfi/w9WxGa5PxJgcDi8yzXJn/seEoYn2VOXtJRc5TjeMZWtd3V2lyrTReCfEj4Uv4DtLRdU0nULTUptPhuI0uAwEkjoN2+MBSkiKxO08+oGDXzNcWklvLFBbAR/aizyDgkMcsA7HpkkjB5ycHGDn9O/in4jt/jZLD4uazfw5pNpZiD+y55N7TyvHkzCaRjllLbSM8hSw5OT8B6j4KE2uywafqCsIZZSck7mBfKhDnB+XPIPOMgjBNflnGMspoZtiaWU1frOEhJctbZSldXav0V7Lvbbv9dwvUznG5ZhMTm+CWBxk4p1MNGXN7O7iknLXmbikpJX6q9tF91fsy+Nfg98O9P8AD18um58YRTB9V1WTaQxD/wCo8zH7pM4ON2GBGck19KftA+K/hv4+8D3+oWfiCE6nf3e+XS/PVUVgpKJEikAgOQowORyc8mvyi0Dwj4jt5itjPcb3nB8tYJJUHIG5yq7QG4I5GOV4zXqd14d8SWEC3mrRRLGZ4xG7OeAVG7MYbG8uOwGCMHqRX5NUwCqY94v2kpNTjJ32VuVJ2SsnZNPprtpY/TqeNUMHHD+zinyPVLV+6vedlbVK7bS3V9zWtvDMrWELRxyHapCqiZyqnIwRnqMEZ429T0rK8ReFvI8P6pO1tNGTayByythlxwSScYOMAkdecdq9v8KRwxW1lHLKp8xE4LhcEfexvOcEHoeecAZq147ubRfDWvWy4kBs5FUh0Yq+zAxjHI5HXHbPTPtVJyUZaxs4q7tJu7UXZb6W1ctNtb7Hm003Z21TSWl7KyejV3qlfXtay0S+FNO8J69efDLWI/DMcsVwdTjlRllaGWTaSsijDAMikEdfQDj5jz2lRa14WeF/GW6/iiQeZpbEXLylhlSXySoXuCRjAHcGvRHl1uP4W63Bp8z2gTUYyJUYiXaz4wrx/OobHzAcNgZ4JB4zw/pmjnbN4r1qWXdblmdZZG8sbcnzHkLYYdCOBxgjufCc03W5kuV1ErqLc9FHtt01tve19DvcH+7cVJWgr30im2l70W1fq0padwvfEHhDxVp15Z6Von/CLStt8y/iIaR3U/KxBzsYcYGcEjkDCmuPj+FNvLLa6gnjUMzSCXyXdizquTt+WRQCcYIOBkE9ya9Pv9F8DXmkXdh4P1q2S5uYUM0s5V5GlJ4Me5iV6EEjAyTnI4rzl/g54kiWHUZNZV4YHFxIEkZHKINxVF3AEHA2kDk5HrjfDuOtqrjdxtGafM9ldX1V9tElp0uxVIybinD2j5U3KDSja61srLbf1b6FnNvZyzwPCs7Q7kEqNuVsFvmJUnJbk7v/AB7qa63w2Y5HuI4dPkRZLV/NcZZtpUkkA+3BDBueo7V52msW1vNPCGmkfc0any8HC5VgTtJxnvyfQjB3dX4c8QTRvM0O8iVHjZehGFIbOeAqgDPXp2B49KpSSpppNWim292tH2sk1a2t3drdK+FL4073T802tY6aqy0S1SvZ6W1MeaX4cpL5V4mqyNFNJvCttQuCxcBipBVSQB94jqeTUo1L4chdlr4fmdiQHmuZCMcgHeqkHngnAJx+VUY/A+narM09x4ksrcz3EkvlPMuYizliHCkHcCSOvfkDJxtz/D/wpawyyt4oguZokBSOK5RTI4OQCpOSp5C9cj5QMAEZKUbRUm9OVWXZ2Su2tk7dbPvqdUYTvrCFnbV2bfVLW/k7dd+unb6b4BuvFVilxo2u2ekWO0bLQWm9gG+YKWIDbV9STwVwpIzUN78GrzQ7iG+vvF1gY7WSKcWqWpWa+KnJVCzPyM4AC9SeMEVxdroXxU1Cy+zaJDfRadbpst2tpUQyxEfKS6glgc8nJY7Rk4607fwR8V7bULHUdY0zUJbSxuIZblr68kmQQI5LOqbmAB2kEY2kAjgnj06VmouL6JKys7W78zd0tumib6FzcG/gquTTtJNqK2vZXaejv2TT0Lt38UrnTL2+07SV1GaCOcq25nQl1GCuCM7M5+6OAMDORT7b4q+NbwfZdP8AD9zOr9fLtbmUyAKTguBtGfXDewzxW5L8WdO0+91CFPC+nRmOTZ56aerTuyDazFpFYZODkgnOOehFSp8abNkVBYalbLuy7WtvbxMCB2aNF2gAdCTwpHJ5HS5VEoOKkm0o3vFtq0bK1m7O3ZWa+RjKpCKSlieW+tuVXtdaJtOS7u+mmnQ9AsIbDxTofh+f4lPLoYgaZoLVnW3O1CSN5YglmI24OXxwMd9jTrb9nqw1BLvXLzVorN8RQ/YoxiUkgZ3lWLFjySCATjGATXH3Hha5+KWj6NqtjcXCKs0yRLfyrBFCill3Su+EJ3DIOAu3lSO21L8BLSOwtJNZ8baBaSQkMZBeRyCIg5KIquVLdi2D6Z716+CjOpGo5ySai5Su0lZKKSXLrzPTZ9fN24MTVlCrT5acaqbbVSaumtEuZr0urNK99V1wfjZc/Ci58Naqnwoi1O2tIYoV1A37MhmkLDgA9Qc57nncMY5+IZXO1WVW5IXkHO7CjI4HcgYGDxxjOT9h/Fbw54P8MeEtTg8MeJ4NfnmS2+2Rq6SEzbwXcsmcIDnqfUjPb5Bdkby1YMNpXkcFuCfvZJ6dfQ45XOK8PNKPLiEoy+zG6XvW0irK+vd69nc66Dc021GDdlouaK1j8NrpPf8AFXtqoDbyHc4Yb9oHXgAcEHB6YGMKAVwcgcY7zxRFHBoHhWT5g8kEgfeACMnsOTwD1yQcc5BBHFuC5ZRkR4YsQQG6dRwDnIORn0wc9e78bRIfDng0hiziBwAeQO4JI7kdRk/7PqPPUVKOjWlnfrdqzt27tXv8jR80HPRKy11bttte7S23und9Ujg4jtcPk7csqjaBtA/i4POT0PUADIHG6MTnzpHDEnjgkbjyAMjHOfVj90Zxu6osbEKMZVS3IGOc4zgk5BHXjjpnjimYMSE8jkAjacls8gZOASepIOMHGCatUld3d1a9k9d4u2r1vfS19Xu7Mz9rN2SSd3rZu6TtffazV7rW2l7NMvSsXLSfNgFcj1znA7cEdgAcE8AZr1bWP7RtdH0WTTAF32yfaJJHAKjGSu08nOCcYOSMnG6vLra1cSLzkb1ZiowFYMBhuTk/pnBxwcewa9pF1qGn6Gbe5+x+XEskmejAAENt288gbQRzndyeGVrNaLdK67+6nZvSzvrtpfd7vlnPqruzsmr3XKm1v0VmrRlZN6bnDxaF4n1mFjPqsdtG5ztZQpCYzgZzxwQAN2T0OcU/wxBZabrrRat5t/aQLJxKAkPmD5dzEjkZGOmAM8YzjrrPw/rl/bSKdQKBcqr+WFDuVPKnG0JgsAc5ByTnhqq+H9BVNRuDq8iXdtaZR0DqWk2NyWIP3W9+7YwT0NtZNt6WbV9U4tprVLu3az1t0F7Ozj70m24tP4rtcvMnG7TWje2qtZao75PEPw/0aw8y6tLN5JmBKQsZGPJPlsEyExwORuAbOeRTNL1HS/GeofY/DVpHoJK7ZLpZJMPEODuKMMls9DyFyDVtbv4eQxySz6BG8SkKFfbggH5iDkgsSSTy3HLfd43PCP2XW76+sfBdrbWcMYEssrRqv2ZmXu23LBhwy4wCDgA5qHUjJLR26p+80tOaSUtLSadku2x1PVJNxaVkmtZWTV3fpeztZq109bWNGT4XaIuDqniQ3CxhXkgjZFRgoBJaQnkAgdWO7HJyc1R1iT4aaFAkOnXcMN+kbiN7ZhcXMkqhSFJG4KS2RnGepJJwR1d58MnaAtrviR5GyS0NtJ5e7cCQu7I44wc8LivPtU8H+EfDlnLNDeWp1CYMLcTHzZQ5BIcHBBI55A4yQMHmsnK7STutLWVu1oq76X3Wt7Na3K5Wkmop311bv9m6V3fW61V772aWvS6KfHuuaSk6SW1jZXPmJHLcMftTxKAEcljgZz1CgZBwAes9l4F8RzOwuPEVwrMC0kiNgBecCMP91h04HOc8V5zb+NfGd3a22mafYzPa2cJhgvYbZ2DODgbTjaSRz1Bxkkggg7dt4V+J2qQC5uNQu7WGVuFMwhYI3qn3gQOi5BDAAZNRCK1vok+ybSThd66p6vVXdm2tU77U5QsvclKyvKzs1ZK/TS3fVu1k1uvZ/D2hR+HhdldSutRmnJWeWaQOyJ1AIGSMHdnPUDrk5a5LKu5WIOzpgDGTk8ksfcDAJ9AOmOd8IeGrzwxaXZvbyfUZrpl3vOzZVTjKqr5OM4PAIy3JK5x0bgvIilVEYGSN2R1yQufvcHByOgAI71y1ElJrmavdLTdaddn57u/XUtOL2VlfZ+qS7/O29ldrY27K9PmpswqoqFlYFtxDdCRj65JJr+mL/gi7LFqereIbe9jN2kWjQvHbwtJG6s7kbWdWDBQuc8kAjOABX8zemQi4bEaKFikWRySBuAbpwOSAoJzgbSSuDX9Mv/BEnWLWLxX8Qp1QJDB4dsTCqxGQtIHKlS2OAxDDPGc46MTX8q/ShoKrwRiIzlGMJTiuZtWVpR17tN6W01k13Z91wa71MXyQvJUWk433Vtbt6JbO2jvps7fv/r3g6zvFhhhtIIrfG+V1lneULjOxm3HcRgZYnJzz1zXMaV4RW2u5EW7L2YkJjtY5JFU4Uqc/OcckDrnACjGRUHxg+Mb/AAw8DeI/GeoWOnSWGi6e2pXMX2qKKW44PlWNtvOZLqXChVALHpgHJr8vPA//AAV28G+KPiF4P8I6h8P7nS7bxbfRaZZy2l5b3GoWl5cXH2S3FxbJmRUMhDSDA2IeSMEH/JPMfD/PeIJVsfk+DxFbCYGLliZQioRtGLm+VOV5PlV2km+5+u5Y8bHCXcYuLbsnON17qfupu7trta3Van6+x6bZ2w3DTlbI2jzGMgyPZmb0JxgHp2BAlTTbWaU3U1hZK8AYIDbxlkBLAYJQleDg4K4yRkEkVr27NIls8uVEkMcxBZdwMiiQA7epUcEc8naBV5REokEYDEDcSSDk5ORubPAzkbc52nOCOfhKdOblToJOnKnVSacEnzQ5Yvmta6Wy9dupyuvKDlKLlFy6eVld21Wuq+Hyte9vL/EkYk17w5Zuix27GV/LjYrjj5RwTkEZwoyMkDnmt0aRaeYYLbSJLsMxeQn7okzkAtnBAOcYzyeTuyBV1vTr698XeHntLNp7eCJpbq5CExRcjO5gMDJ6AADpjnIHd22pizS6iOyM+cSgaSJJHHILBCQW7crntg+v0dDBRq2ni5SnGLTUrKyklHRJ2SjFaW1Wi0ub1sTXVLDxoLmbpvnSk005T15knfm6rZaPqcVfeFrSW98PS3mlRRCLUy8CowDRMiFSzYy3T1AIxwepHpn2S3g3JhQzA5LOSBnGAACGAA6dPQDNeN/Ef4i+HfCVrp2teIfEmk6RZ2d7vubm+v7dfJBVuVQSAsw5OABtHy+leNW/7Z3wc1Ga8g0bxnoV9HZGQ3OqzXKQ20RAbIQSEG4IwT+7IJJ4yOK+vwUKCoL2WEnKEHyqfs5Su2oPeKavdtpdPR6YPLs2xtKjOEKk1DnVlzOKvNO1mlZtO11528/oXxBolxd+KPCuopJEILW6YP8Av2TygFOZNjNiSQtwueApPGSFr0qUDBSOaKGIhlEkjR7nPB3AdSc4APPIGAOMfm7rv7fHwUsNShRtabxLeRP+5Swga3sISWA81pH5dVPXnGOnIzXL+Mf+Ckfws8P2zTR2h1S6VFcQQSeTDGhHyrIXbLEFcFxkdfY134LBVq3PCngMVOpUmpRUcNVd42gtGocur2Sbl5rVFVcgzirGhFUlFUoOPNOVOEVeSfvOUk762ejfe59vappEMnx08F3sjXF2bTwhrm3vHG0ssXzOQQsbEAfMTznqOBW78TbK+fQraXS9LtEuF1qxlNzcMjLHEsilpjkknHXPUgk561+I/i3/AIKnrZ+JpPEPhvR7KOeXSptNghd2uXiSQoWlJDkK2QCSoxkcjjn5c+Jn/BRz4teN9IvoLfV9Yt7YfvYIbORbeJrheVCBQJGEZwQGYk5HBHFff5X4Z8V5z7GnhcoxkI1ZRUJzpNRhFuCTk3FyUmve0Ss3o2m2V/Z7w9TDVcXmGBoRwtKnGanW55u0pTlaFPS93p7zTbfkf0y+IPHfhHwzamTxd43sbEBYjJELuG1jyYlyERm34LHGAQcZY8mvmHx3+2/+z/4Dka2i8Q6RqF1tZgv9pRzFCM/OwLMAXIwqgAjIPTp/Kj4j+MHxl+Iq3E2seINYm+0SbgJ72UzNkgBVQsVTA46cZGO2fmHxovjy81+PT5578Tl4UgjUySyTlyBt87PLnnIJypOBk9f2TJ/o48Y4iMFjY1sJQnyOVSnhqkpqLs5JVat1ouqjpv5HlvG8I4ROdTMJY2tdXpQrU6UX8LaSg3JXXd3u3pZn9FvxX/4LS2ekavqGi/DbwnbTxQwvCdTuiJVmuQCFZPKAAUHkBs8Hgcc/DWpf8FjPjTbzXcW/TZ5r27LyGSIAQruZmjDHJKLnAUHgjPOQT+ZeufBT4j6J4TuvEtxDshYx3AR7mJJYYWUlmnBIJfAACZDEZwBgAfG9/r1tFcStPcyG4S5cEySbhuVsMzYOCBgngDr0G01+yZf9GXhylhaFLMFiMRVd5yqVKsuaTko62i1BXu1aMUn2aR4Nfj7AYWUo5bgcPBRdnKcYzk1dJKU5XcnZL7TW+h+1PxM/4KT/AB88dxRyWXiybTbAQZulsMW42YI2ogZS2SAMjHTHJ4r5UP7Rfxb1TUbu303xBrU39sAzXP8ApdxH9oZfndpGLkgLyMrt/uk8Yr5I+Gnxn8EeH7nUP+Ez0q811TbmPT2s9ix25APzFX3Kxzjrnk/QV1+pftTeF7KRtQ8NfDmGDUIo/K0+6uHLdCQ0kkK/utz4HG1gpwFUcV95lP0eOEMPTjCOHw9KKd5OcIynJXjonK+t9Vd2u+h5GI8VcfSk1RptN2uqSjTjoltZ6d7Nb73Vz1afxN8TPEkN1bmXUpBJMyTbmlMbkkjLTzb9wHPcA8n3HVeHvh54m1y3jhvNVh0+NEJuJLic3Eig4DbI1cKmMFVLDOeORtz8f6t+1r401K1+xjTdL00AkySInlSCRifmVYtikjOdvfrwBXmMnxf8b38t0s3im8FvJ+8eC1kaHg/wIyuCQemcnHPzciv0jKvCbgzLaMFLDSrOnJaRhCMWtG7tJb3baTavqrHyuO8RM8xNa0asYJpK7lKTtLlb0cltdvlV+z1Vj9YtG+HHwe8JnTtS+IHxHin+zyGY6d9pjS2cx5ISa3VhJKDjBRcEjIOc18OfHPxh4V8XfEPVdQ8JBo9HsgljpyOzC2mETFQ8CNuwpj6KxbOf4gFz8varr812glubi6upDMHV57mWcJnJJIZ2wM5J6E4CjgEVVhuWD29wZmEjy5Qje6FeueehQAAZXOT3wQfpq2WZTgMN9XyvL6GDipJuagueTSileT1W+359fmqub4/G1efEVqlaataMpPlSai/di9utm09LdNvUf+EXvdRinmubq3hjnjYRQcoXOMHhSCTzxng9eO3KaJ4Wg0/Uo3u5oJ3ikkMUCTbXEg5UsSRkgAEkfe9Dkk3NU8X3tnYBY5oJdimOIBCWjJByz44z3JwMc565rzdtTvri6DJKxu2YTDyVclj/ABAEAY+U9QOOQScV5bTp05RqVoU1a1rxinqnpqtHbfbR7WsHs69VqXspOFu3NJaxbsrbaP779D0DxR9osHe5ll2Qy7sxRSbgrjgAgHBPqq4z8x4O7HjMuqT3V3KXkbbkBcqQMNjBfd/snjgYHReue/v7a9nsVe7WSXzcyDLFnBUDlgCdq9QRtU89MmuJkt4FYSzBI3lIQBWAIwT85BIyTwcnqvJAbkdOXyopJWjNxbbnF6uUrWavpr62u9OpyYqok3HW6WzbWrST0sn10at2unqUZZZpZ2MRMWwMFuFBJYDClN/Y5ORyCB0Bwaq3MFxFb+alxHJjLs4O7Zg4O3B+Yno/Oc88EZq1qc8doBFCC0UqqqgsCAcAEk8ZBO7POMn5Sa5Ga6kZ1tJndYgCwUAqr7+BgjAxk5J+6QpGMV78E3aV5Wdnt3to903bu/x38uVRyb5k3d3191K3RJt3tp3fokzctxBNbCSWVVnbLTHcCQMk4UcNhuDnbweMnrVqeCK4tVit5lLvJvxI43KEXkg9RkZAz1J6HPPLSWU+lItyJ/P3/LiMFlAkBCgDoTggMFwckYzim2lw84KPKUlEuWAG35RyFUnB+YHoc9eCegr2XOuaLlZLdPs4q7u1dfZfdJRvY2VNqmpNW2tvdq8UndOz6rbotDvbTfNbGyggV1Me9w21nVkGSwwM4YkAYA4z2ANc29hc3N6EjtzFG7qskZTahCZy2/G1ckZGB1yOvJ0LW8traVbiCaSNvKIaInIdR/eYnhD1yRnuByMdDa6ytw8drNCHt2BkDRYLFycbVYZLY/iPJAzwOSOOo3Q1a916Sdru3upWslqrNWf6oyjJbfZdk9utk9UtL66Si7X1SdjmpwEluIokiSKJBGWL5IYZ3FGPylueg47Nnq0tppdmbeeS2XzJRGN8rthlLj5gq5JIyByMYAGSciuh8Q6E955UOnWgRTEssjknAddzZ35G4nncpOTxkkZrl4p5ATp0ausqxFZpZOFIHBUldoGQMr64xzkitcNUWIUXF8rVrqSu0nZ2sulle76buKuKd4+9eLd7NW+F3T7WW+mmtrXtZENhcpaW9xNNEArh4UXIYlmb5nTk4z1HJHHyqM8+s/D3VYbS4hjWDywgMh+baGlO7BOG5xjIBBwT16geLxWEyBxvO1puS+4qmT93g4J5yCM8/UV9H/Bv4HfGD4ra1Z6T8Ofh74k8WzuyKZ9N065NjGXb5XmvBGI41XIBJIBGOc5FZZxQw88JWp1qlOCqRavJqNk0ld3dkt+i9dz0cthiJ4mjLD0pVJQlFpQi5O94SsrLRXW1rK992k/6Avhx+0l4E8Lfsb/8IfP480vS/G2t6Pe6fZW0L79QtppkCpE6xuGhBDEE4AbOecV+RWrXeoQeI7e60y/XVb6KeErcbZJZpphMJXZFXc6kNnnHOcDIya/UP9nP/gif8VtcktPFPx68WWPgPSS8d1LoljMLzVFtiFcqJ93kQybSdxwuwjken6xeD/gn/wAE/wD9lm1R7Lw7pXjLxdYxqr6hqqpq9/Pcqp3Myt5lrGWcHPyAqWwBjiv564Q8J8JkOPzyWSwxGYyz/H1cbin7G0FKvJ80IySacY8zSd3fa62X7tmHFOJx2Dy/+0pUsH/Z+Ho0YRU/fapRhaTjfli2ktFe70tufK/g39pT9q/4yfCHwx8Nfg18ENZt7y48NR+HdY8Ya1HcWdjsEKwPexT3AVQdnK7uo5G7rX1l+xj+zb8Uf2YrPWdc+Mnxui02z1sm91Dwho80Edq90+ZHa7uZHPmSo+VPlEZOW44zmeLP219Wu4H0P4beGrLwjpyqyQSrDDbuIgNoMUNukcYBX7oK5GSBycD55udY8VePJZb7xB4gvtWaVmLwPcSCJSTkgQhggC9CduPm5xxX6Twj9F/JadLEQxOU4XCYTHYiOLxMKlP2lSrV51OPPd8yUJSbjG6s320Pl828TJKKp0Ksq3LHktFLktZJuStytqzbfK7Wve236X+PP21vAvhtZIfDf2jxHqUKm2Qw5kBK8KTcNvXZ8uSU9Mnrz8S+Mf2rPi54/mltNPvh4Wtp2dltbVmSaWJgc/vHwxJB7EHJ/u5Nec2Hh1EBjFpEiggs2BvIJHIbruIxhfu8HnJFa114XsbuJY50aORP9Xcx4E0Lj7pBAyQcZIIOcjGMZH9I8N+FfCvD1GlToZfRm6cUkpQj7OLtBx5YK0Fbyi3d6N2Z+a5lxnmmL54qu6UG7Lk3im1a7bvrdLt28+QPh7W/EFytxq93d6hcSHfJLfzyXLAk5OFlZgFY9Pl+ufmY9jp3gQLtHJCYyhQKmANxIOMMT1x157daz7DxNH4Vv107xbc29lYsGNj4gu5I7e1kWNc+RPJIVVZAuDzz2Oa8a+Jn7c3wS+HrT6Xp2pN4212EmFNO0AG4zMOiGePdHycjOCMnI6k1+h0cDh8PCMaFOnSWiUaSjFW93s727bO/mz5CpisRiJy9rUdRN7ttq1kk79Pn1062PoDVPB0N7ZSwuGgmtyZLa/jKrJbyKG2kMeVVjgHII2jjpgefn4xeCfAmn3zePvE+k6HdaSWRhPdQSTXyRgnzIIFO95HC5YKG+8VxzX56+J/i9+1V+0NHe2vgrSJvhV4Vux5a31wxW9kgfOyTaw3EspyWQgA55yoJ5/w3+yjpWjXSa58VPFOqePLxIjNeC/u5BZpMfmdgsj4JBLfdBG3dkbcVvSwlao3NU0qd7tzagrJprvpptrZtLshe0UIxUql3f4VdtXsnG/n6t7tK7PV/iB/wUNvda1G58P8AwF8Aaj4pum8yJNevoJl09JBgCVYsZADc5D4OdzEgc/Otz8LPj1+0Be/2z8a/iDqGl6NOjM3hrSp5LaJU5Zo8xlApXO0q4Zu3fFeu3fxK+F3w4h+y+GrHS1jhidEt9LhiUFgSAkt0R/rBgjAILHhsEjPzj4k+OPjfxUbuPQkm0u0DtshgJi+Q5V2e4bgoVxnYcA4Iz358TisFg43q1YSlFv3IW0tZ7u6t31721sjrw9LGYpwUIcsbvmk01o5Rbd7XTbu9LKz7aHreh+Dv2fvgdZzp9n02XVrf5muL4x3l/OygkH5twjYsCMkFsk5wc4858Wftf6jcxXeleEbEWFtgwwXO0yXAHKL5EaKFjGcEHAA55NfLPiDW9GstSa88Va7bXOoOnmy2zTtcpGxPLS4ZmL548tec4OK8X1/4z6dp0V7BoVta2hYsrandxp9oOM4aytgNwRiAVDK3XJJHFfO4riOc4xhhafIruKklqnoldLyatpu9bLQ9qjlNCglLFVlOS3u7pfC1F7N9r9ddNU37Druu+MdeE+seKtcNvazSMS+r3gLqGz80UJcAkDsFwTwBnr434o+IXhXRIphaS3viu7hAVGGbbTw2OdxIBkAOAdvbHvnxay1X4gfEm/nsvCuga54rv5JWjW4eK5kt03NjcsYVokRRggMBgdSSRj6l+H/7AnxW8WJDqnxH16x8I6XdQo4sEmR7socMRsi+WEhc/NJxyR2yPGksfjZXqOSjLdy6JtO/M7WWmt9H311p47DYdctGEZae67aJq2yXe6uuVvS66tfKXif4xeKdZsJbbT5U0uCNMRaboyYmbfxtecAsWYfeycDPAGTnhtA8MeNPGMMkdjZ6hJeuf3sUIlku5CSAxllIZolBJ5JAHOQNxJ/SPx18Efgp8JodP8OaBcR6tq8TRT61qNxLFdLJGrKHSJ4yyqxw+eQQQODxUum+JdB8Nfan8KafploLiERtIEAYALtO5yM5IA7k57g8V+ZcW8YYbhzFrAUMLUx+J051CSVOnflbcp63aXRPvqkjCdXFYmnKTl7O6fKtYtuyd0optJ69r3W3X279lD/gmR4G8SaD4f8AFnx2+K/h7w7pd0UvLjwpa6nbW+tPbOpkK3Us0pVWATBiKfN0AFfaN237HfwO1608J/Cbwrp3iLSLG6ivNY1l4Y5b/UEtWH+hm6mVkCM6hX8rAYdMDAr8iLz4lXzXE0QmuC9zOsQnNzJtBZyAsaknCrv2gAYA4AAwo6i88XDS0hsr54f9HtkuZjHIVd2kUcOR8x4OeOSQe/X8izfiviTNa/7uo8Nhnb2dCnz6puybfJ05Zat9GtNUcssto1aFOVflnytNq04qTlum7J62lu2rdD+nzw18Y/CPx/0JW8Fte6F4e8NaDZx3nhHR9Vg0izj1CNNsNtc/YvIkMQ2Zkdm8znLNnOfy3/4KL/ESX/hBPDnhJtO0eyuG8Qz+T/Zd1JfLEkIALXV3LJKbi5Ib5su21s8dCPJ/2BvGmuXVx8YrLQ7y5ubHUNHMs9hZxTXN2FMeNyNGxa3ZjkecWAAyMV5F+2XdtYWPw60BrgPJJdXuozWkkU6XFtLdSAGGdpsyyTttwzMxHOFyTXs4SNWvDD18bUm6sbc8LWTairydrX0V+yukos+z4fdKMqMMPRhBKNmqcY6Om1qrO8k1tK/Rrvf4/wDitf28HwZ2SzPNPNLbiPe5OBvIcr+IXjHOBgHgH4auLmXdbgzvLK42RQxIzs5YAIuxctlsgD6gZ6mv1Rf4E+LPi74B0rQ9J0r+y42mt7i51XUVeKKK3RiXaEMF8w7NzAgkdCeDgeqeE/gH8EfgrYRXPirUNN1fX4NlzJeXyQ3N08iKMiytxuVUDDA3pklRgc197w1m6wWCqYejQniMTKtOUKVOEm2mlySk7tJWv01d9Nbvq4gyWeZY6lXq1KWHw1OjCM6k5JLSzb5XKPM0tVfbtujwn4L/AAq8V+NPhjpGi22jyxzXUcrSzajEbW3gik+Vm/eBd52HJI+8eB6V9Z+GPhZ8MvhLoFraeKPELa5qChTLpGmsEhMgJYpKqEyBeAm4MMr1Jbp5R4p/aCN55+i+D7dNKs4z5EeoTsLYiLoBDDGV27lwcBewzngH5xvPGd7dSak0+ryS3Cv80+9zLdOGJcRluo5OQuSOBjO3HtQ4Xz/iJwqYzmwNCU1OcEmpNe79p+8mk0ltZrVbs5v7eyXh2Dhg7Y6vCmqamtY3XLdrdJXfVv7j6b8XftLab4dkfw/4F0q00CGacxSQaXAi30qEBVW4vFXzD5hxuWRsjJIrxzxH498W/EBp4ZY57Cx0+NHaG2lkZrtuWPnzuxCsSOWJAGc5bkV843HiKzl1SZokD3TOi+WI3nupp+AiwxoGkaRm6bQchgD0wf0F/Zl/Yp/ah/aBjhk0/wALXPw/8EXGxrnxj4qhawEloW3NLb2cypPcFlbchXO5e4OSPqMNwpkWSKnUqKFatTSleq1OTlpdpNapPWy1d9LanzVTiPPs6qypUeeFCba9lRXLFJNSXM0ut0276+SufEmpDUp9Rnm1S7niWJEWwtS7STI5CjbGgyzsxGA20nnvzn6V+CP7Cv7QX7Q08dzofg668KeFLrY974z8Uxtp1ssBJLTWsM4R7shQXHlA5AyMk8fvn8G/2E/2a/2e4bfVPEdsvxc+IFsiSz6zrqRy6VaXKAHNvaODEI0cDaJUY4GOQTj1rxn8ZrSKH+zdJgie1tlEVvpWkxra2Noq/KiiOELEqKuAdoxycgYGO2WKxmOth8pwvLF2j7Vw9xL3Una7S3V722t670crw9CPts0rc00lL2UZKTb0vFvbyb0e+nQ+TvgT/wAE6v2d/gStprni6JPi946sVSU6jrYRfDunXEeWV7SyPDiFxkCcupIHG04P1f4k+MdhpkMek6dLFLbRJ5cOjaDbpZafAqrtVDHbqiYA+XjkAHOCa8AudS8ZeLLzy1luI7VWJaxtCxDq38JZD8xI4OcDJx1GV9S+H3w8sNQugk7+RdJh7iyni8qeIbyuQX+Zg3AJU8gnb1r1sLwnhaDjic2ryxVZxTlBv3YvTRLTu7IJ53KF6GAoxo0rWUkknpyq7lu3o9ddbXvucfNqfi/xhK8cMdzpcD5WGOJXMko5xubAZcjkkk9STzzXS6D4F1KKeGy8VQXOlPI0Ytrxyz2t4HIwJpsN5bnIOHILcr0OR9veEPh/4d0qCCQW8M83G6Rju2tx6989sYHTFd9f6LoV3bm2ubW3uUKg+Qyo+DjgqSSynOBkdCCTgdPXjmeHwUVQweHhRhZJyhFRdnaz011Vn1bstTgqxnimp1pyqN625tNbbp6bLVefTQ8F8MfDG002KNlsxKwG4SkgRyYXcDG3U4yOgJYjO3tXp0fhaC5sJ7W8toLm2uF8prd0EgHylVIwG2MuQVcEbSAeCMHwX4uftFfDj9m6ye98WeMdKl05ywi8HrcJca+kmQB9lt4mklVCw2gOMZYEEd/ifVf2vf2i/wBoS7Ol/s9+BZ/AXhi63Rf8Jxr8TpM1pIdv2i3R1AL7SHCHlTtG4ZOeTEV8RWlzRk5Runu07+72sr/+BaJGMYK6WiTW97Wbtbzut769D9DPE/xk8K/syaa+oeOfGOl2Xg9I3EOn3dzHPrNjLjcotrcM080e7GAFyOBgDp8oar+3H8a/jb5mk/s0fDm6ttFujJEvxL8TI9vYiEtta6tIJAGLAEMqEHPQcZA8y8Hfsh+GYNWXxt8evGGr/F3xbJItw0Gt3MkmjWspbzQsFiW2bVYAMvllSq4+YACvftR+IvhrwIRHo1tZ2eiIqW50XTY4be2tcLtEkcUQCdjvXHBx0xtGE8JLFOM/ZJN2T7y+G8rJLv1STWlnqb06ioOzqP8AK7aTfT566aX5dTxnRv2TbbxJqx8ZftF+ONY+LnimSQTrot7cSL4asZS29IotPDLGxjbgGRPXcPX17xZo3gnR9DisbKzsvDNzpaA6PcaMkdm1p5IzChFvs3KcBXD8k7gc4zXGa38ZTeBo9JZCsuSJAw2qpA6Pk7mJPUHIzyCQa8K8Q+LHulmkvLppWyxyz7YkGc8kkAherYI54POa6MLlTTjePLzavS21r3T0s9Oi+exFTG9pPm6NPZ+7olru7Xsu3bX0/Svjbc6ja3thrN40d9pb+VOXlC/aYlJWOVIyP4gA2cEDIIzkgebeMvjHpVrbyvJcxxQEExqHLySn+4iqd4zkqOpOMgZwa+PPiH8QtM07V2udPunvNTaExSRW/MJ7KzlflyuTwcnrjHGfmvW/Fuoaneg6xqs7yzMWg0mwBmumXdwo8sHygVO0SMDt4AGcmvVqUsBgaU6+JnTpU4puUqrjCKtZXbdo2fd+S13OaNariJqFKEpzbSUFeVr8tlbVq9rtu112e/0B8SPijeeJIbiyt3Wz0542LRrhp5lYEfcAyMAnBJO0cgjBr5T8ReJItJs0g+3vPhOIYUe6vGY5IULHuOSDgBs8Aiug1+78N+HIbfVvHGupoOjFDI+lWd0lxrVxGFyBczbmSAuMgpkEA8DODXj/AI5/bq+FHgTw5c6T8KPh7a3Oq31tJbPqmsQRX06SMGRbpWmWRo23HdkHg9M54/N828SbYhYHhfKMRm9ZSdOeMVqGX0dk3LEVElK3anCTt1R7tLhunOn9YzrH0sBDl5lRTVTFT0i0owja3Nsm3fXXa74/xz4l1y00qHUb7RpvDmj3CvKmo64rQ3F8I8MFgtmAc7wPvYwM8g10/wAJfi3aeMdIN2mI7nTZvssltGwH+jqoCzCLJID8NxjPYHnH5l/Eb43/ABG+LWqW6a7qF1q0kJcWWn26TC3td7ErHBDHhTtB2gkEDpjoa9r/AGb7DxX4R8QSaprsMtnpmpRC2eC4O2QzvgI7QttK4ODyOTgHgGvZynOcxVWjUzetRVWq4p0KX8Olfl9yDfvScdm7Lvpqzxq+Hw0qjp5fRq+xhZe1qK0p25U5NWa16JN2vdPXX9evhf8AFbwjbXkmntcC3aVD9o+0kQp5yv8AejdgCGyMKR7DBHFfU/iTxHJ8S/hrqPg1rQ3t7aI+p+HdUlBa4intkDxxpPySHCqAV7Dpgivya1Gz02z1hdRuUKLF5byxwPxIsjBg4RfYruOATgg5xX3P8GPizb6po7eGrOZp9Qtx5lnKUCsIEQKI1IXcQE+XJye5K8Z+/lU54qStouZa3bvytWT5mvNJ+t7NHhXqU68oySsmtkkk3ays03d2u1b5Wucr8QIrr46/s7X32uwaT4o/CS4uTewwsyXmraDafLJ5wBV5Et0UlTg5xnaCQG/Je3h13xLMRbwtaQgsk8rq/mjBKlOhI2YIwMkn68fstJ9o8A/EjTfGKIYvD/i0Po3iGFPliL3KFJUliOEZXD7juGCScDJFa/hb9kKy8SeKtSbw/aR/2FeahJd29/IqrDCl25mKRoq4LDeRz93b8oyK/DfFnPY8LZbTzaVNqnWmqbqW+CUknG6S3bbSvfb1PvuEcrWeYpYZytOnBTStZSheO2l01e/RO6tqfk54W+Guo3kyWWk2M99cuwLzvA0hMjgD5Fx1yTggZJxjAwa+rfAv7GfiK/Ka74vu4NIgZke3suZr+64VkjhtEAcs5O3lM8jgZr92fg7+whY6Wi3CrZaXaIoNxrN7ChmwMbzbbxjJ5KuRjrX0rqPhT4J/CDS5Lix06313xBGg26jehLqfzWG1p0Em+KIBslNgGAAcgA4/kPMPErE46q44aNTlqO0px1m0+VfE9I3WvXZaWP2TCcJ4bDWjVXNOmlaMU+RfC03ZK+12r669Gz8PI/gz8fvCegQQfCv4fx6PYTSCEatraIl1cKVwbqK2wGSNV3NlxtXHXivnT4rfC7xdPAB4z8X+JPGGvQuXvNP0+aW10XTtv37SSRCsa/OPLwWAKngY6fu345+MWj6Z4cvbvW7yArJGVt442Ae0g2sdqBSFXcPlOBjpjkc/jT8XvjXDrF5qGlaJbmCwu5pSsFqge/vXdioZtodgHwMbskZBGGXNe/wfjcXi8yjUWXQ5VyyliJU1KtK+subEVbyv1tG0b3stkZ5thqFPC2liJRbVo0oTfJdJPSClFWb3bTe9lc/OXV/FsngXxVLDoun2mmanbDLzR263E8M2NoXznVudqqu4HGTkHgkQeJfFXxF+ICJZ3t7qTxyRI1vYW+5zKeAX8uIY+YckP3POVxj6Sg+AHibx1ey6/rNjB4b0qTZgSDfqFxCpDZWMgsHZcFmY9iWGK9LudP8AAPwr0cOlvGLmABE1S6ZBPI4AWTmT5UUEZO0AdODX9J4fFYWdKl7Gkq2K5YpxiueztG95baPa3a+y0/Mp4WvCc3VqOjh+dtu7hdNp7NXs7O2l7P0t4Z8LfgbYyWSan48ujp2muu7yGdftU5QAmC4LksiEhjtAXJGR1Y16l40+K3g74XeDLfTNEudO0zTEllkR0WF76do8iNEKgy7W4zuBXnOa+V/iP8f77WL268N/DzS7jV9RnJt1uI8yWsTythnDD5AQTjdwNvDEFc1yWjfB2+kNvrfxY1VruYKbwaOZ9yW6Y3bZVLFS/BBUdOQSDivfwOQ1sVKFfGpxX2aEVo+blt7ul/NyvqtXdnlYrNqNCMqGDgm1dOvLRauP2u99dL7LyZDf/Fj4wfG7VLrSfDl3d6L4anQ2NzfHMQNuSQW3cKA6ZJK/MehK8mvVPBHw78CfDARXZubfW9eSIz3Oo34W4LXH3nFsrbtxDMQpySpOR3zzsGsu0dxp/h3S47HSkAht0gVY2uSmAmRHsdsgZYnJJBBA3ZrUstGurm+tp7vfqGoLsENooLW8AIO1JcZJcD5XU5PPOa/Q8ryCpinTw+HouKvFclOMuZv3e2rb2attr11/P864owWVUamIxWJppxTk6tWooxik07rmkklv1tporHX6v4o8R+Jre4h08GK2JAF5MAkVvExwTGhwMnGQTkjuMEiq3hrwZqF3qUVloFjqHiXxBcFFSWOCW8uDcy8LHZ26h3c7zlW+73CgACv0G/Zm/wCCe/xb+PPkeJNeaL4efDK1ZLzWfFviQf2bYNbRjfKLFJ/LaXaisVfBjY4bPFfS/wAVv2xP2Kf+CfGiX3gn9nTw3pvxf+N8UD22peP9TigvtP06/iTa0tuz74T5UmXRotpAUAnJJH6zknhpJx+sZhy4TDUYqdaVSSpKCjyyftq0/che396o7vljc/lHjL6RE8TmKyDgjBV+Jc8rzdOnTwkZVKNJt8vNKVO/uxlu7qCS96pF7+HfC79gi28MaHF8YP2wvHlp8KvAsFv9ri0DULyH/hK9YhwJRbW9g7+bbrIvy8xbhkAd684+OX/BUzwT8LvDt78J/wBiTwdYeAPDgWTT9R+I15bxt4j1nhopLiC4dFuI/NAJDb8DORgDB/Ir9pL9rv4rftEeKdR8UfEvxbqGtz3MjywaYtzcLpdgjH5IYbNWEUaRr8qgIOg7cD44v/ENzcXEUU0hMO/92i8YIORhQT+HUcdMZFGb8dZVw1RnlXCdKnWxNuWvmUoqUYyaSf1dSV52d2qk231UU2rzkXgTn3HuPw/EvjFmWIxdGLhWwvCOGrSpZZR+GUfr0YS/2ion8UW1B2tLmSR718Qfi74k8U61ca3r2s6l4j1jVJnmudT1W7mu5pJHO9/LaRyUDEkEAgDoCB05qDxBfXM9jHEoiRuGVSCDuABZ/vEEgHLZPJYds159brJMFaZV2xJ5keWwwJIAPTGFA4BAJPfit3Qpm+1yM0bGIOCoXgD6Z5y2BkZwPvcnFfjmMzbGZjiZ4nH4mriKtSV5Tqzbe6095tpJ6W0XWzabP6oyrJMuyTB0cuyjA0MvwVCEKdGhhaMKUKdOCitIwjGydrLS9terPatMvo9NlHmsWLycfMGSQHO4ZJyAc4IJOehODgfW3gHV4LjR7ea4PkgoyxhcEqFGQ3BGOMc9Txz1r4bhuJEKSSIdsMmRG5BZg+AODkj1HPXDKea+lNB8W2Nj4SDS+VDmKXbIzAbflA2heGBIHbOcda9zI5Q9pLVRvD3Wm+tt726prdd/XPM6coUnK32lZWSerS10buk9LWVr9Vp2vj7VYY7nSQsyssNtqFwwUnp5WFyeueGxkggkg1+e3xVm87U7WRjhXt3ZcnkKZC47Z/i5yACeOmMfR0nia48QTTSOBHZ2kQthM+QXWbh5BncwG3OOuPb7tT/GP9n/AFy2+Dlh8c7O0W48Ey6kmgQaoZFjY3ioC6xxuxeVdzYZlHy468ZN8Q4/D4fAtVasI/WK9GlRjKVnUm1pCCbTlJ8rasuj1Wp5mRYadfNHKnRlJUcPUqVHyu0VaKu3aOidk3fTvfb4IY7dygcfeyCOAO5z2IAyD6HGM1QkIRiCSAxwuBkFT1J4z16HnH1IrTZfMkkQBQQpGSThQSQQME5IHQeoxjjh6RWVvEXZWuZWygxyEJO0MOMKOQeeMnuSCPkPi1T6313srfen99n5a/XTaitHfVuy0f8Andp392/S/Yxn3EbVLK5IDgAkbcZABHfBGMAZzgYwBWrpcTtcQ7w4jJDBjgBTvz64GOnrz711Oj+HJbxPOaFUhcBzMWXg5wwyxwcKByAM9QPmydu90TTNNtwyyGST5gCGLI+Tnk5yNpAPPDc7jnr5uJxlOD9ipJzdkkk291e93dNdd29G9kKVKbip2cU7atta+711bVtV+ertlXcQcRxJKzyBgWbJIYZ4xglQMYAyD3Gcrxzt+jiYIWHmruLFiACM46HHOD16bhk88V0DyK1sNrgMrDY24HcCeTngrtJxz+vWufvo1OfMZvN3EFzkhlYc5Y9+SRjrjNcVCMlPR6XV/lbV3u73aSbjrFtp3MJe40rRb51aS0fuqKs73ce97u+js02cxOsgLMm4sXGNwIzjb8i/w4+gyDzyAMNEDlSzgrIrK2Ac49MDuAMjknC8mtOeKKNViL7tp+UqDt+Yjk4PynnPUbjx16wMgVCVb96rAhxkrtzgdsZXtkbRwSeufVjsten36R73srWVlp10Zk5tvS6Wis7dVF2ttZt35fhvokRl8sySZRyoVXKjG3+EdODhh+P1rLvrYx/vLdw7jAwcbgw5ZhxjOefxwTxWndyO+A6qwTacqO2MBmIGcDHfgA8YpjGJoDIABLIWAPy8AAgZU544zkgH5cehquvuqyV9bNPprbW3Td77aLVSn1beuiWt7aafdvf87HNyPP5ZBJBZsuc54YdE4zkA5yD2+YHpUa28pJKuVCKTtOdxwM55+XHbp1I9TWi1vAqGcy8AEIM/KXLEArzg4ORgYLe2OKhLs7JuJbZuY7TuIxkqvXI6de2cDOK0Tbts7bXT02uu+7Vk/lZ3M0799fW17J918reb21H2jqJkJYo208HJXdxyc/3hyc9Dx9O0+0yWtmzylndkBWRXAZN3RSCOnB3kHrwMDFefwyMp27DuYOQxB+U5BxnkhRjg5I6gc4xPJdSybEWQl8ZZGb7qj5cgc4ByMHqBis5Q5mttEnt3asnt63Xdd7h7NOzv269radNL6q3d7+9dz6i9wrCZyTuADMT68KDkHIGOcZzntg0qoqHcJRgg5OTvBb14wPTGMH06VlzqdqhB5ZJBbHzE8Z3D05x6jII4DDF+y/eSKCN6qfnUgKSex45IGRnC5A6e0uCXTezTV+0dn0dn0959HqOMFF3Ts9Or0S5U7LTzTt0b+VuMFSk0jsUBIwBzjJ9AeDnIPUk4Hy5I9E8IailtKFkgWaNJFkAcFVfaRhW7LnjkEeg/vVSs9EfUpobaFBgxAtJswoIHCkgdu54GeT1Br0Pw94IiiniWa4UoT5jl2xuCkEAAEHrg5B2nIx0rhxFSmk1O1mmpRTu0nypW26bad+upUZe+lFpO6WvR2jZdlZu3ZWe92fSHirWNM1rwvoN5b2IhurK3ihEClvPYnALBgd3lDG5AecgYbnKyaN4h1u3sLOS7up1+yMxhtJFLSMCoKE7iSQAehJODwvIFcrveSBIPLUJbxKsT4IOyID52z2IwQNvY/jVfWzPJguWYIsbOwwpVPlAUgZA7c475wa8K7ei2UnJX1tqnvrZKy8j0/rMotT5lG6jFq9lpyu3e+itZaPc6RW8U+Lr2ezvZ7sWl8rkpC+zy4lLEbFAGCVOCck/ezg4rxTx38NJtGP2y0uDGkZkjdJ5V8+MDLMzD5Q2V6KcnBPOMge16Zrsunm2EbhJNwcTKWJSLCgxnt06gDJ/QeefE64uNe1SFlmCpLEyRhnKwFgFBY4xufrgMehPOCc1hqlSFeK+GDveyVls3tbW6d+iVn0uTWnGpTc5c0ptpK8tUtHZbO900tba3VtTwEeVZMssdy1zMVCNwdobIBJ42gdOADyeBWiiqEfyEMm8eY25uA+BnJyMFTgAAHPG71qHUNO+wTeRtQvgMrhlMYYDJYjo2egGSMErgA8LFG08bv56okY/eqjLudgo2ADgdAAQcg9hXu6SSadr8urfTT1+++i6bHhTfvWae9vVtXdrp91ur3XRsZdahxENpkaJdpyuV3biuFxnPIzzye4BPOWLW3W7jmR/ODcyIHKyK7KTk4IwFOAwyM5yOoFPhkLKYYWaR5JTsWVcAANnKkfMcZOQARntjBGXcyfZrhoFDvv3FywCEEAbh83OMnBPcjOQRwWeivZWvrq9ErvRO9+tm1o9Xa44cr0sr6LZt2skldX6XurdXdJJmxFOsUzBwWAYHIbdxkgq3A2DknB5+pp0kcYv1kEiJEwZlKchWxnC5wScdTgDOMjNY8E8cBYOZDHLglcjhuuS27nPY+hGckYrpdIf7XPDAbYPvcIhbaMRqecYHGCMnI7kdgKzknBOSasldq2ulrLbbWyt+ty4qNkuXVb2v0tbVW+J2tp3v0S7XT7KJUSdYFKOsYLswVmC43OehUMRgknbnnqQVt/b7lJ2ktwkTRDbESGBKZ/hycMehyOpwfWtLUlSGzKwwjyxEqbwjeXEygbk98/3vc9a45tWcFYo1dpSgELFV2gbQDjuO/PI68dj4kb1pS05ldpq6V9dVs7a3Str8h8uuj6tXtq9n0V7dLb2dnrc9X8GahH4g8QWFlqFzJG8c8aswG2JURgZHPOd7gYHTIJyQSQfp7xH8UbfRC+j+HraOC2igECxRxgJcTKhQzyDG9iSTtOTls8EYr448GXYj1u0YQiG4AfdMwZo1OOZHHGcEEjPqAT1FdRcapE+pTyzXbNJFM5jbsxLDOOeQg6KvO04wMAVx1svjiMZSUlyxppS5U1bnbXvSWzcVa2uj1uns5xjCHu25rryX2Hd7K9tL7p+e/wBI/CTWfBupeLtIsPiHY30uiaxJcQ6ncaaVk1KIzZ8hINy53vIVCYIIyQOmT+oPjDSbXSvh1DpngS0uBoPgPw/P4gPhy6DQXMEkykpdazIRhpJUPmCJsNnGAcV+Bq+KNR0vW11DT7maKS1kWe0dckLcRukiyKg+Zm3hduOQcgdMH7Gtf2z/AIg33wyu/h7e37QXviG9im1rXHtoVnvbKDG3T55WTz2hwApRpAvoB1H61wRndXhWdWvhKdJ4itQdGFaa9+nBqKk4yjqm1eyd7tLXc+czzI6Ge0aFDFVakaVKpGo4RatNw5bXTXvLVaPRaH6Jfsv/ALVfwS8DeCL3wvovwWu9a+JHifUZ38d+K9Y0o6voMttNvKnylifyLWGPeHmBXjByCK8d8d/8FAr7w8/i7wt8NPAPw6HhmOWaKDUE0UwXWm3BdvOGl7wZQ+S4MjkqDjJOc14L4A/bQ8KfDDwB4xsNH8GrefErX7SbRovEpjhGm6fYSxmELHZspV5fLLkyFd2WyCNua+B7jXrJLi6muLgzPeNLdXG1yqrNNI0soCL6u5zntwfZYzNKs61TEP361Wcqk5tLm5pOM93q1zbXV0tdrHp0MPQpUqNCk1CnTiqcVFuEVok7wfu+96tXWlz+jD9kvSfhJ4h+F158cfFM+oW/xp8SSz2PhJ7Sf7bcWCQsscK2tsC4tJ7l5Qpd0AjXhNuOfQfix8Rr7wtY6p8C7i4mbW/E2kpf/FLxUb2a8uPD3g3ymmOlPdrI0cNzeoSssYIdPuEHjP8APD8OP2ifHHwxuba58Ha+9rMqytbRTb7iC2DqU3wxPujjkIJYMFUhlBGNox7V4c/aLtn8K+NLLXNc1rVvF3jctc6tql5KZWv55icW9xPIfMSygyAkQYKwUKAVG2vhM4r4vEV41lS5Z+0glKLe6cbzkraxgo3aulJ7p3d/0Th7E5fhaUYzqx51DnbnazcVZR7eltFa7bbLnxB+Jmn6utv4N8JWhtfh34O1G5m0+F9wa/nWRh9unBIEssj4fL5OWz61q/Bsanruu3OvTxbYLQuYiVbBZhhYyexUAHndgYO3DEHwc3Wmwi0t9OuEuLvUmVbrft8mGQsvCAYUKN3QruI6ZO4j7b8NabaeFPB8ccTxC4ktEmnaBlYGV1DGSTDDAXJAHABzk5O4/HcUYr6vgIYWMZe1xMlC6T0heLnOTX2pXW7W+nVn6L4d5b/amdTzCvVi6GCTrNtxsnG3soJa2SVtle6t6eXfEjXLmfxdFFBKsMYjW2Z0bails72J4yT1BHfGADuzyCX+saWqXdlcTC5spi8F2ly0UsY3AhlYEEKOWUjp8xI9cLxrcG71FpopZHY3fzMG/wBYRwCp7BSCuBwAeTjJry7x94kn0yODTre8cXM7IZ9hJIjI4XP4k+oOcdBn6vhCnSwmCjJpNqEbr3Vq1FNLRWs0931at0fyniRjcRiczrRc5+zdebg01blvHlte+i5U0/Nq13r+pnw5/aV1vSPhb4pt/GnjuSJ7Kxki0Cwt5C2qyXdxEyJJNIWLyor7RvHAXLDHAPD/APBP74PzftIftKaRpHiDUb0wPJrGs3uppPtnlIheRY3mBJXjAJJJGOccmvz606BfsttfXksrT3EIiRZpHJGVG0lM8k9FGCAcbSccf0X/APBEf4MnVfGuv+MZLeJLez0w6cLshleKa8LiWQNwAxjJAx26Dpn8P+kzxe+DfDLifPcO+XFwwfsMLHRp1sROFGmkul3PdapXa6nd4aYB5rnWCwtb3qVG9WrfZwpJNttWSXbfTZ6n4z+LP2ctb1L9sbW/gl4ZsX1CeX4hyaak/wA0uLBr9pJrt8E70hhYtI/3SB7bj+4H7VfxCsPhL8PdH/Z98D3lt/wkNt4ds9O8QX1o640Sxt7ZI5rZWVsxyXpVjsyCd2CBzjJ8W2Hhf9n/APaO/aU+Pt/Z2s3iGz11/Cfwq08AO93q15AIbvUVByTsDBnYZG7ODkV8iXvh/WNcm8RfEPxZdyXmoahJLqWpSz7nW9vpS0q2iO3BhtwwRU+7kEfNX5Vw9iavilW4MzPM6cf7KyLKctq06bj7mMzjEYWhOtUVtHTwtorreTk76O/6lRyqnwvRzeOHblisxxGIlKUbpUcLGTlCPN0cnd26RWr2Pkt7qwsJHuL6M7LCJjaQyBt8kzMWaYqTgszcjI5yTj08a1u/k1G9uLhlEe5zICASTj/VjC5wRk+2eDkHj0vxlNLd308yxiOWaWQhDyETJ2p8vyhdpJU+n3iCK4BLJ45WQxiRvl3MF3KoJw2CcHAxzg8deSC1f2pkeBjQw1HktHlhC0uXp7raXbRdPn2X4lmtapVxM1d2527NXb1V1q+l/J3u7alLSLBf9c8YMsuSzHggdwT6EADpk8nk8HvtOh8sjCsQV2AgFhzwTzngemDnrkdKqWWnliGA4GRtAHJxnOPbnAYE55HU47mz0vbbCeRkWOAB3OSBnpsBwAzlR0wMcjrXtzbi+STvpJ+uytrZ3+K33dDgUJx5Wr8rWrUunup3fdvVWT+dkyS1s7P7M8tzG5l5WHIxkgHkqcNheSWOAAeg6Hm9USFw6BlXGd7bsg/ewCARkgYA/PBzWnf6oSqkNtRWIVIxyuO54wVXqDtPTgDvx2p3gjjd1zISOVIBAJyd2cYPBG5cngZAwRnzFTcpNXVrJ6uzsml1666PW/UxqPW9/kmvJrTbS1rtXX3o8912eGHELBWCsCFxy5IP3iOoHbIyMHFeb6lcA+YyrhuhbjYAAGIXAIKggruBHPc5C13WpXEM++WRVZmLbSAcHGRjnrzggn8BXQfBz4W3Hxb+I2leGpbqKx0qyVtX124c7Uj020HmNEXPBacqEwxA+ZhjmunmVChKpJxXKlJ30aso910u0rJ6vTs+WNGdarGME26ko2UGrprl1bdrJK9mm/xs/Sfgj4RufAOmQ/EDULW5GveILaU+HkktAy2Wnw58y6AkXapmB/dyYHyjcBtwT8q/G74xeLvHXii7j1DVbqfStPnktbDTX5gt2LbZCiKAmX5+YKMjPOACP098c6tZ6gJLXTrI6LpvhbSp9PgTeDHc6faxNDAsCgDCyLiQkdcg5BBr8edeghudf1Mgl1e9nnT5sfKZGIHDHIG05HI44JyBXJg3PEVZ1pxu5Jciu7ct48qi0tVfX7jfOIrCUaOHhJpWtNvRttJtN6aJ6Pp3GaZe20rWmmJpkNu13cxxrJg5dt38KL8wLkk8FgGbAOcmv3Y+Cn7ZPx0+B37Oeq/AjwJ8OfD8vhLxNouoW+pz3lrcy3Usuq26pNJKWch5WA3R7tyjjIzkj8P/AANpY1Xx34Xs4XRkOowMykA4KtuyTjgAnHy/L2PSv2n0RbUWkGm317KwNujEwjG0RogC5AULgKeecqe+cV9LgsBHFKTmrpOMYr3Vqknrrtp2snumfEYvFzw8qfK93q20uzsrtK993vfX1/EH4s+Jtb0PWr7w4Gj0+SS6e9vLN7cR+VPJK8xUHAIUMyqoOcjB/ir6X8Ai41T4SaLfXIB1K8i1eaRY1KxzxpAwVmIwrdFAIPzZx9PGf2x9Fs9K+J+pX1mJJWvIFcLMu0ybupGckMNoOcZJ65NfTfwre3uPgT4CsWiEV/Jpet3BcY3tF5LAKeM44xnPBGOelfO8QRWFjZQScaiUkr2a0bbfRpXtsraNH2fCc54itUfO5L2EpW5m0r8vm1dXdraXbTR+efwskl1Xx9faXKIVS4ubkPJLwuYriTKAkjGeOc4P8JyK+9tQsItBtFeea1YmGKOCG2kdWCMoBBCkBmIGDnqTnvmvgf4VaBe6v8Srq1tpUiKajfMxbcAqpcSNnepH3gMEE4yRlRmv0PHh6W+nGlTabGieVEGu9xd3ZQPnUEqwEmMjDDgcAGngKcWueK5nyp3a05nGOllHRebe6u3dmNacnUkpx5rTkk2nq7qydou1tVeTjbZPQ3PBt54o/sy5Xwp4b1G4tnljNxqUMM+21KkHzDOoADKB90MvKjvwP0a/ZT+POq6HDrGlfEXx09p4dis7yLSdB882095etCUV5TO5cxmTgnOPlyCOQPF/hhrOt+FPCk3g3R5raLSrwu96fs0byzNMgVkEjq0oIxlfnxg4Oeh8C+IXwz17UtZjv7aKSFIRIEkEkkZccsWBQhQ/Xd2HDDHf5niTI45pTnTr8tOytCaScoylZSS12vra/a7P0LgzievwzjaGKwylU5JKU6V5KE37t1LlavbVuLVr20tofdHxX+M/hRfAl14Rg8T6fc+IPEN80P8AZySZhsLJ5N6NcS79ryPvO5yQR/ECOn31/wAE3viPdW/xG+Efgvw81hcTaJ4osIma32yfaY5jG021lLrgMzFjzgDPSv5iPEuiXFjf/ZpFuBfPIC1xJPIzsyv8g5JdunygEAAHPWv2U/4J7/EfTv2cNV8I/FD4i3U1n4c8L6hb6ze39jELq+kjnKRyCZAC6RwRgSL0AYcAE5H5zjOD6eBwFKNCvUjy4qlWc4L34u8W2lZ6p3ldcu2mx+4YTxZr55jsxeNwtG+JynEYOEW3y+9QlGMWpctnKclebsk01bqfT3/BeP4p+NNW/arufDkLyvDomi2tlBpkEryRGS6I8x9kZKmdgcFRhvmz14H42a74E07wz4X03XfFE3227vrZsaBIZFmgknBKq2XB8z5hISRgA8jI4+zv+Cj37XPwW/aH/aUufHPwk1fUb3QLy2hub3WNUtzFNLqMK78wLIMpGMBQGIQ4O3PU/mF4m8bS+JZdTu7vVbi5ea68uH5iRawRn72CQEbCkfKQSBnnNdeX0sRhYVuduTrYivUlVmn7WpCdS8G5O2nK0r9tlbb8s8RM6y7FU8lwmClTjTwOSZfhHRpOChQxNOhB4mLV3zc1X4m5N6t3bbZ82/FHw5aaTHLq8Fu8MV1LK4hMilYWLHCIAeVCg56nnIYsDj5r86TcfPAdgd8ZMgI2gcHBJPGPXg/XA+3vE8uga94QuYbmYy3dpcCOOWXjbGvBCj7rM5A3FiW65OK+L9a8OE6nCtnNLIZXYRRhWHlKHz90cMCOB0XHtX2OV4mFWm1NW9nsrpJ6Rb8tHfd7PQ/EaskqrlGz5rPdb+7pa99HdK2mj1s2zJ0+4uUuJpkhkXLfK0akFlJAyuVI27ePukZz1Ga3Wt5T5kbwMZZxvWR8gjgMA2eSCOg6Z6cnFdFJeWejRW0T26+ZDHh52VQ7y4AYBCBkbiBjjPUc8nnl19pZnZgkkbyY4wNhY5G3OSB045OBkVu6sqsm4QXs1ons2rXb9Nkn3vfQxuouLaaSe1vNb+qahdXV9erZ6z8JdYbw3d/2kGa2vbe4jKzFlQKqkDagYcFsjnGclsHAzX2Q37U/i3S50itNVeO3dUMoZzIoUAKuMZAGFGTjjoTzx+dE10Y45W8518wb4owxxuzxvIIABA69uSMkg1kWfiC5dprY3ZlkYlSgkAKImQcsx5Az9D15OBXwWfeH+V8VV/rGY4aliWoqKVRKoklurdFs3a2u3Q+uyXijHZPSVPBzlTTs3JSabl2aVmk01t5J23P1h0H9qW/1mZV1zXxZ2ylQjiEFsEqR82MZzjHHU7uOCPdtF+Kul67BEZPFWp3VtuwfsihAisoYAkcZyAACOpOAOBX4X2HjGQzrbNI0hMjqodhgFTgMMdeOoPPIHBxXuXhz4p32i2qxR3DwJswyQuMZQ7VkySGwRnOTnB46cfmGdeAmWOMnlipYZTVnGnSjpdq/Lo0rNbrt23+0yvxOxlKdsU3US3lJzcr6a/G42u+z08mj90PCPjDQ9OME1vbRzzhlkhvdZvMq7oPutHu2HBC5DKNwwD61R+P3j5vG/wAOdfsrv4hWPh6+a2dV07R90Amt4lA8k+SyDbISQWHBXliM8/khpvxj1eaBYpLqW5Eg3QBpSBGCASAQ2R05yffIUmq0vi/Vtbllspg0ovXjtg7yuQWkfaEBZsBFLYPGcA57mvk8h+j9/ZPEWAzupi26mCxVLERU6am5ezlCVm5XjBOz1itrtWufRYnxWeJwFfBQw0Zxr05U23Jq3PFRbbio6ro+ZrXr1634e+M/BPgfxL4Svta05/Emg6XraXXifRFZki8QWcUweW1eU8nzAMEL8xyeTnNfeHxS+LPwt+O3xo8HfEb4PfD61+Fvg7SPDOl6E/hS2Ji+039smye9dBhN0rZJYrl8End0r4x8Y/s4a3ocHhu8v7zSYpNXiSYQWdyszWjSKHSSVY2P3lJJkwQGBAAPNe4/DjwjZ+FLWOObUIb3UGETQSDlkdScAgZwg5OSO3UcCv7Co47DVcNCjTlDmcYxbcmlzU2ou13rK6tpzKz+Z+a/Wqzny1fdi3zJc3ubxa0va7tq2nvfY/ZL9nbVr2DTJnN2IYHKiKGZhuTkAAFjxxkggHoOATkfXY8TCNFM98kzLguiMpLj5cn36cnnPpktn8zPhp4k1i1sIIpGiYbEYlEO2QkHG1lye3b2Ixzj2hPEOqTbihZG2KC7byPnyN/XcNuecEZ5LA4GfnsXgOaqn0k+ZSfm0/uWmi0fZn2eX5i44WMIpO0bau2yTfKtb2T300S00R4h+1X8LvGXx9+JVnBYfEvwtpPho2503T/Dup6pBE0N8oCyz3Fi0qMSclVLDPygAgDdX58/tC/sq6x8IvDN+L280nVYbK0aS713SbqAwCaZTsTykkZyDhv4v9rjivPv2l73xToXxe1mOR7+M3E0l9pd3Hd3UcpVjlnR1kAAG3AGRhdp5A5+KfFHxM8cXk91peq+KdYv7KaQq+nXl9cSwrtLbdxd23KhAIznOeOuB9Lg06NCFGm4q3Leyu9OW/La1nKStvZabNK/xGYV6c8TXrVYSlKUmk23fmdrLXVfc7N3aXXzLUoNlsbTLSTiR5RI+4ABT1X7oXoGz1z0Jzx7T8EfBni74h3uk+AfBmg3+u+IdY1SGOO202GSa9xI6ofuBjHHg5aRvkjGSTgYrhvhn8M/Hvxu8f6R4D8B6dda34g1e5W2CW8J+z2cG/DX97JtCwWcCnc7uVBCnBDcn+rX9kb4LfCv9hjwH9l0ePT/ABz8d9bhRNZ8TCOK4ls5HhT7RbaduDHT9IsGJFzfHYG8t8SDacmNxEaWGqT54x9nBuTelrKNlq7t33dk2kump8/Kq/b06dOM5VKloKMei93VtX0T0cttdFe9tD9lr9hn4ffsi23hb4o/FW3i8ZfE7UfLfwr8NE8u+s7LWpU3JdaqMO84t5G8yZ2/cIVYYBVsTfEL9qvwpqH7Sdn4F+IHiuy8U/EfUIJUtUjnii8IeBxADLa6JZJu+zC5RCsTbQuHBUc9foa413U9F0rxb8Sdd8S6b4j1nWvA+u3ra9G8Umk+DbW1s5WFhpkjZhGoylSgkgO5T8xPNfx8ePNc1b/hILvxVLqc8sk3ijVtUtNZ+1yC9kna6kkiUXAcyH5SDjdgHA9N3wuBwkeMauLxVSVRYXBx+rwUdFKpFJvR3XL1ut3dPZX+hg6vDksN8NTEYmarSbbbhBzjeEb/AAxV0k7aWba2Z/ZF4OnudSme8lYCKWxu5G2sGjwhbJjOQCrAcHP3T8rc8dL4GtdQHhu/1i9tZbfTp9SngsLqZNsV00DMX8hj8soXaRwSAwII45+f/wBh8+Jvj74M+FGlaLDdPeeI/C1vpiTxq0ryTpEkdxczPg/LHjzJGcjBDZIGa/Yj9r/4ZeH/AIH/AAK+CHgTTLm3nv8ATXuV1CRQguL28uFaS7uJHXJkRZiyISfYk9K/JM9rPCYuvg6Uklh8RGFRNq8rzpQ0Ttdvd22S7s/V8JjKE6mBg05VMZRc1Fa8kVThNzl2TaaWm+nc/L/xPcGR7mXGQ5ZgTg9mPXIG4nOB19s4B4K3sob+2uUm2xpLBPFuOChBR2YlTg4UEqM9R6fLjd8R36bLmJGAVCfvH5xlW+YYK7uRgdQCeB3Hk8viP7OzQLKyRmN45WIyAH+U8YyOCORyckgmvqchqTcKbjJxtKDctFdpq+i/rotkjPGU4+0mnH4lZJ3tq4306rT5KL6n4ufF74JWkvxS1e+tJ55LhPEhlW4bDxpEsrsArAY+X0J9MDgA/YXh7ww6aPaRlnDwRAiQ8NKVUjzDg5AzkjIOMYHt3Os+AoJtb1LVGYS2stw08ZdSSZC+4k5ByW5Jzk9jz06e3tUS1jGFVgm0bcBQCfl9CD6nHHTI4x+y4PPK9CFOMJNtU4xbd3o1G+99eqv09D4DE5NTlUqTknyt31slZtX9U3rZXu/JWXz145tL+HTI7u1Qzy2TllT5W3OqkRmRXyrgyYBBU8E9Oa8Q/Y/1+z0X9ofXtc+IKXllFPG6XT20Pl2KlDmJCi4GwkAs/A6HJJAH2b4p0yU6HqjRWsb7LZnQlQcNtxvUKD1IOCOmCcjJr5a8C6AJtR1C4nt2/tG8ultkji+aS4eU4CHp7c44w2QcV9lknFGJy7EUszgoPEYe04ykk1J8qjeS632v01Sve7+WzvJ8PicJWwdZfua0FCcVukmlf1fKkr77X7/o38V/i7oXinyIPA1uz3NxB9mudVG6J47KBcPCWX5WSQc544AwcnB8x8DeFp7LSrvW7yDOoarcfZNOjaNxJ5IJEkqEAZBBLBs4yDkHFdD4O+GF1p39m6bLHEk8sKXutXEwG2zsdokW1yPlEjr24OMGvXdMa0vNUupbGJTY6RF/Z2k6fGN3m3Ux8lZADkAbyMHO7oPp+dcTZp/bec4nOMXGHt8Q051FFW91R5Um72UY7bK6b3PDowWBwdHK8K5Rw1FJRV115X00Ts/e2tKUdj8lf+CoPg+9g0f4QapbwSjSmttVgS6Aysl1E6idQxBDMGOMcZ579fz4+Edq1r4Z8RXETmJzG+5WyC+1WyRjjacKe45GeOv71f8ABXTTdH8Bad+zb8LpVgfVNO8HXHi/xDYyqoK3XiAC4WOUtlkKDdhWwuM7eDkfi5plxo9po+pTRmKBZ1nh+zApjL/dXgDjI9jkY4FdjqpZTSVO0lPkaceylGTas0420Svbv3Ncvoc2KvN8ijB3u9nZbPTZdN1dadCv+xr+zXc/ta/tH+BfgdZ+IX8NP4418QXmt+W0iaZaxuWmneJFLNtXOPmHY9xX1F+3/wDsT6j+wz8etQ+E994hg8X20ejW2r6H4gtDta4s5FZVW5iUhkuQytvyQ3IBGBk/QX/BCmG3X9v7wNO2lWVzJBp2sTQy3TxxxwnAZZwXIG8LypUbmxgcjj7B/wCC5OpeBNZ/aiE+gX+n69qK+HDY+IjBKsj6ZexFz9kVdzYZCCdinpjvivyXH8c4yl4i4LhmMZ/VKmXRrzWqjG1/ektbvmUUrPS7b3ufo2CyLDy4exGPm6bktYyaafMpwSSb2bTk7O6d21sfzzeCfFuow+IdKgYyNFNqMaF42eGdEDrkLIuGwcjnI3dz2H6JeGtD8V+I7TxFJJ4x1PStGsrOa4k0ae5uJVvxsAUMXcjywQOSCCDjvX5u2scVr4v0xoUWKKO9ikC7guSZQGYDAOexGOBkkV+uPh+0stR+H/i3Ud00N1HpFskKRbSs/wC6G8FxnkjHAz97JFPjzFYbBYnKMXTwlGriMRi6VKNaVKEqlNXjeSm4Npr5Jp77M5Mnq4urgsdh44qtToU6M26UaklF+7dxstGtLa9Eu523/BMDQNNvv24vgTLdSN9oj8V27xoJ1QlYJ/kZG4yCeNoGSQOpwK/0bYjHHCIyMgEgHduwBkYznjGOMDoPQAD/ADkP+CaGkQXX7aPwAnn1Brd18bWMCwoSrsBPnCsCCdxyD0yBg4Ff6B/xm1Lxv4V8D6zrPgaW2k1SwhVbK2u4JJjNIWwflT5ieVJyW4Oc1/QfC+ZUMTl1DDxUeaFueel25Ri7S7Jeits+iP5l4yljcuxWIx1WlVq0acLvkh76jH4pct4t2Wr1s7bO569PIoVE8x1G/BAGducjBIBxhc4JJ646LXwF+z/qp0r9ob9qPT5nuEiGvafcQySfMsgaFAQrH7ozxkBhwMEjOfpbwTN49vvBOi6l47ubOLXrq3S4vk01WSFEnjDqmG/iUnJHXgjjOK/N+y+L/hv4SfH39ou68Y+JtP0nTZTp1/HNqd3FbSSIVRd0IkKM6rgk4yTzkHPH2eSwoY/MVhU1Fyi4u7ilK04dbpOyWmj1aW2p8M81xcnTxKw1SMeVTUpR95QqRVlKGrV7pX6btWd39iftK/EvQ9P+HPiPTJbhI7qWC0IHmKrAvcLzyRySG6KMY/iHI6z4pa5FL+zdNIZj5Z8EaJtkBwVaSyiVSCpDc9TgHj5gAa/mW/bX/be0Dxl41v7fwF4rbVdAgTTbd3trtBBcTrdI0jjBy6ICck5GOmck1+xvjj402XiT9knRZNH1O1upp/DnhOwuWiuo5G8w2tv50W2NmIZVJDDPGTnpgeF9IXDZfkPhrxBLCYmFWpR4aziviJRnFuFX6jL92rOyaatZbPTuz9E8F6uY43jHA/X6MofW8ywNOhGUbc1KGJhy3TTu2pN2tout0fKVn8X/AB34auYdO0rXJLnS4It0+mXapPFLC8e1lVpg2MfMAQQwGArZztrfEpNB1X4dy+ItL8EWxnv7PUpJ5kkac2mopBIz3TRgkRIzg53BVAxtANeNXeoQyXTueHjgSP5CSSdoHUE85xjuOSOhNekfDzxhpdt4U8a+HdRc5vdD1cwPdktboxs5kQIjZG92YKoUA5wMk4r/AJm+FeKMdUzytk+b41PLsViqlWlVxT9q6NZVVOlyTkm4KbTg4p2bd0lY/wBkc3yHCYbLcPmuXYWMMbSp041YUF7N1qclBSVSEFaTXxKTTejVuh+Bv7KH7UWq/DH4tfEPwzfaE15Z+LNb1JbtrKF2ktTa3kn7yJkztbapAbHYEAjg/o78Wf8Agp58PP2YrLQLiPwDeeJNV8S2Msdjb6wz28cM7oT9rkeTrEjEHZksQuc9z+fX7JvwsQ/E/wCLPiLXLUBLbVtYg0lruGVSs015LIjQFwNyvHwcZ6Z4AyPmH/grZZ31l4Y+GWrTGMK2oT2EQjUKUiVSwGQRwQCSOhxnIr+tcLw3wJxt4y8PZbVy+NXGTwVD22KpVvdq1KeCjOCcU3F2tFW5U3Z63PzTN8ZnWV8E5tXqVW6LnNqlNNOEHVjGUXZp2be7stdE7n7s/sMf8FFLb9pn4yar4E1+38Nacj6A/iDSxpTCECZNwazbzHJmljydzLzkZB28D7u+MXxK8P8Ag/TNUl1rxLo2jRX2i6rDFNrF3BCjeZazLHDAJGBeRiQiAdeg9v4Yv+CfPxO1jwh+0v8ADzW9Mvfscdt9pivnado0ubYQyExyksBtLHgZwWxyRzX0h+2b+0745+IvxI1S31bWLqfSdK1aVNLsxdyfZoYY3ZcqiPtYEAFeDyOMGvf4u+jbgq/iZQwOVReBwEMDSzOpUhCVlVhV5ZU1Zaym4Rk3sr3tdnwWV8aufD7x+JqXrRrLDRpRbtKK5JKVn5aNuL2tZaM/Tj9j7W7/AEX47T/EK102XUfDuleItUlv7qwj+0SkPcSSxGDAIVpBjAAG4FVxzivcP+Cj3xh+DXxv8D3ug6MdQ0fxV/atvcXcGtxrZLaMkbASbXEe65YnAABYjkKTwfE/+Ccvim0sPg9rWv3RWJZLPU9WubmTa4aWwieSPIc84ZFAyQMZGB2/B79pH9pXxN46+J/jPUtYvJ76GfxBemz8l2iSG1tp3SFlVSoICgZJB6Hrg7fp/D/wsq8b+KlfFU/aYafA0sPhqWKpTlD2s6XuxhOMeWLXxc/u3l3VkeHn/FOHybJ6dapBVFmMZcsdk4yUOa9tVbRp8r019Prn9nbwLb/FP48/D34F2OrXVhN401lPDc2owwmYQvPIFNwEXO4BVL8fN8o54r95fin/AMEOv2o/gzC2tfBbWbP4nw6bNBf2V1ZXP9k63YtEomPkRSsHZ1dgMIgORtzwK/jy+FP7V3jP4UfFnwt8TfCuryWXifwh4gstW0m6wGEUlrKrFZMg7o32lXyWJQnqa/rK+E//AAdC/GLT9GtZ/Hnw08JeKNQSK1iml013sJbi3iiCmVt7KnmuFJbH8WR0xn/Tng/hHFZXGGIXJUxEORtzfL8PK7rVJppdr9E9z+ceJOIHmPNTp05RoSi4pxScot8tmrO6skuWyV2vQ+z/AIJftUfEf4M2OlfBD9uP4ZasYNUhis7bxB4m0+SKeC3UiHzBJcR+XfQqCNzxney4K56n7s8RfsK/Dr4q+E3+JX7MfjjRLO8ntGvG0HTrqG40XUmMRcWrxLK81jdSk7MS8I/8K8CvwO/bN/4L6fDv9r74H658OPEH7PS6N4yuJYZvC/jWS4tpp/D9xGSTNa3Ea/aim4EtF5nlOACykDNfkr8Iv2//AI//AAcuxqXgL4p+ItFuormKe4t7a9mlsLoREFUlsHb7OijIydmW+YjJOa/SOI8v4ez/ACmj/bNClTxlNuE1GEalKcVypSdrShKSW8WtndM+IyCWd5Pj61bL8RUqUKjUo05udOTlLl5kk1JNLa0k7307n793vh3XvC/jqXwH8aNF1Hwhq1leyRW6a1bPFa3ibyIpdOuyipPC+CQyyEEEHsCdfxN4Xk0GRJ/DV6HspnEklqiiSNlP8SHJ3xuT1HTOORwPGfAv/BVPxH8e/hf/AMIX8dvh34S+KPjPxBbR2/hjxm3lWetaO6odrrN8jiaMgELuCsy47A1U0T4k694fvETWZFvNIhiEcCuCJbZMDKMDhmEZKqTyDgHdk1/HfHnCSynF1a+QYp1MGk28NJ2aty/DdWa21sttOp/SfCGcRzTDKGa4SVPEPliqvKpc2kVZ/LS7WyVtzI+IXgRfFlxNceHIG0PxAsW+RdgSC8uUGQrKVCh2OMsAc5AOO3ynq4bw9r6eH/ihoS6XqU1uTZ60kbxqXC5SZLyIJgjAIKSBhnPOFz9/S+KNG1FBqPlDdPGXWSGQMWdsbN2w5GCAo4+Xj6V4l8W7Z/iPp1hpd/YR+TZuyxzeUpvY0JKhlmIDlcdu4B5PC18Vhc2niKdPB5zhJewUXGNVfHStZ3u9ZRTesWtbqzsfV4jhSFZTxGU1I063OpOMruMnaL5V0W7W+9nsZfgD9oX4+/A/QtQT4YfEzVtc8P6nbOJ/C2uu+vaNJDjICJdNMYwR8q7W+VflAGM192/s/f8ABX7UfB3gifwZ8UPhq+lSadb3D22p+GYvs0U15MsufOtWVlRRI5dtgA5468flda+CvFPhKd5dFu3n0uGNT9huASsiJgsAXBUZbGdvOeccjOVqPinSrqW+tdR0xdJvmsZ0nMsYaGVijCMpnO1iMEYGRx1HI+DzbgvD4zNaGPy6Ck3WUI4qhJ0a9OjUlBVIyUNHGXVOLv07r0MPlqpYeWEx+Gek4VZQlBuEqkLcs1Jeba3as30ue3fsbeK7z4ofto6r47it1hi8Ta14jvGYfNuSd5ZI0Kno4Vk3cYZgwGRzX6d+GrzWtF+Md7Ho2pSW/keJ4FvpQSs0ME1wqyEDOFUAgAAADAPODX59f8Eavg1rXxL/AGm/EV0+oQWGh+CNNv8AVblS/M63+YIPLVcAFTgkkDjAOB1/U741fB7xZ8CPipP4h1C7tNQ8MeI9Qt72LVlBjE0rXKv9hJJ4KxkAsRgsvYEg/j/jt4ecUYbM8o4pwmDq1OH8vjhYVq8FGpKlWhOk4zcIy5rNPl53BpS2et38VxBj54rMMPhKdliKcI/u/wCWEnZtKyb0Wqad10vo/wBr9L8K6Ze6Dpsj+JNfm22kEpvBdqpd5Y1c9MBkQsQo67VHJ5Jhn8Iww27tZ+J/EDuQw+W6RyDtOAo2k9TgAcnacHBwOi+H9zaap4S8OXUUcMcV3otjMUJBUqbaPAGDgdCMngZxkgYrsmsrONT5cAGWyrKR6/qPxwRu4GTj+mcgqPH5DhJXowqTwOHcm5a80qNNppXvzLS9166b/BSxNTC4ucaktY1Gpe7TcdXGzXu3tbvu9L6M+Yvg+99qXinxTo58Va5BPpc7Fbedoi105yBK+RnCKQoUbf72BjK8j8dY/HmmfFL4O6XpnivVJdP1XVj/AGghhQRoIz84JAGVKDHYYIxnOK+ifCXws8P+FvFOu+L7OW+k1DxASLiO4lPkx9z5IHCnI25ODyVG3ve8S/D3SPEviXw34lvdQuIbzwzM0tjCjr5Lbgfvk8+gPBxk9e+VDJ8ZLKpUJuNSpPFKXJ7W0fZe2hK/LzKKfLfpfa7R6jzbCRzhYmKToSwbpyi6Ub+1lQVNNRsrWm77u23R25742W2pL8ONZgFoNWhto1ubqHymkknhhXfIiKBgvtU9OA3rzWB+z18SPA994MtdJtvN0GfTd8l7ZanatapA8p3qBLIAH3gFiVOeWLDB49/uo4r60nspQsiXEMkc21gQVcbOVPQqDxkZyM9CTXlXh/4VafoDakltqU0lrqMxlkt57S2lEYwSI1dlZto4AyxwoO0AcD2qOVVcDm+FzDB0adaMsO6FWEoxk6aUY2UZc0Gk3a7UpW1dnc56eNwmIybEZdinOnUeKhiKc4Pli3KKjNyVntpJR9L2XNb2VNU0W/Ef2XU9NnMhDKEnibcAMnAzk5PqSCCenUcp47sNNuvD+oi5hgdI7aUJkxuFby/lcFTkN6AEDOMd8eUeIvhNp8kh1OFkhmjOWNvc3UB2Zwu1IXWMYPJO3BJ6ZFeTeItGudGt7u1/t/VFiZ1YW6XsssTIQONsjvK3T5vmPI6YPHhcfcUQwGT4ylmOUUqTnRnTp1YVIpScoWg9YaPmTWkne173at6PDnDlHEY3DTweZzvCrTm4OlJuVpRbSantZNXaa1vd7HpH7O8Yj8MaxEGZhFrd0gLY27Vk4K/KMggAA5OeemMn6BkeJk2s6xbshC7KobjBVcjkkcBfvYHpnPzv8AmiTwtqMsdwbmM6zdKGOA28NzwOMjPJ559sgdL8VtK1ea28KTaVLco0HiO0kuUjlZA0LMN28KwLcZ+U4yM56nPdwJncKHBWWVXSVSKw0LJyu2pyTTSs3opJpW6NXVkyOJsLz8R4ykqji/btczTXwwg3st21tpa+x13jDTbZNB1d3gSaOTTbrzQSCGX7O5K9ueeSQOgGAeK/nh1qy/bA8N6t4u1HwX4W0jWvBt/falJoLtLG93bQLK/2eKOBSHyAvcZySuB0P9GfjaNm8MavyYwujXQLKBgObZ8ngE7gc8nBJHGcYr87/A2oaf8A8I3aQLc75Eubnewk3MjrM4wwB+XDfeGMAgcYGR/LP0qeIspympw/KeDwsnVjXlJVYKzcpUldbSejbbbTTV0fq3hFmOKwlDMq0KaxXLUo050qnNKPLytK1mktFo7Pordvxns/2h/j/wCHNX0nTvHnhXVdMkn1mC01AP4fuvs7W81wsTbZ/L2BlDZV87cAcYOT+sXxU0WK8/Z7+Ik4uJG+0fDy+uVDAKVM1gZSrArkDgKAQDjrjmtb4g/2VPo+oXU9vZ3zR+QCLq3hkAkDKQ6u6MynPIYY56HB43PiDHFdfs/+OmISPz/h/qXmYPyqPsD4UDbg8dAOAc5AOK/lXIeK8mzHifIp5ZgqGBlg8bhFVqQqVLYlxr0eV25nBWfM1dJ638z9Z4ozCpjMuwVb6u8K51vZThFyakrQtdPRJK687vyP4RNUt7hb28MMgVRqN4FBJ3BluplLLjIHQEKeWHAwwGJYri+g27HMq5+cbRjI7E+uepIAH90gAVta5F5eqahDEwdV1K/ODtLAC7m+bOM9Mj5gfXqMGg7i2YKxVYyoDsXQ7SeSehyc9iTz+Jr/AKQPD7EfWcgyyonfmweFbafX2VPZ23Ssl/wLH8g5xRazDF04tpqtO6vorzaunZ2Wi7W73OS1vU5ItQSeRA0qJtUqrfKzHPAP8IOMHnGOMHr9FfDj47+IPC9rBFFqEsbR7Qqrcum1cEFQm9QAoIAxyemThlPzdrU1nMzStcbIoVI8zKsOTyCMEL65POMDjvzUes+Hkd0k8QWaSxRHywxKqoxhg5Yrk9eD2zk96/YMqzCeFuk2lKW0rcrbs2n2a1V/LdtJnvcL8UZlkMn9VxdSnGb9+N/3bb1Wj0aevfTzP2Q8Bfts+M9H+zLDrV8u2NcML6ZVCsRkgmQA4UZAAAIPQ7TX1L4X/wCCkHxDsUCW3inUYhGyqQ140igAks53Mf4cDgDJ5zX89/ha8vPEd1JbaVrNnNLbsGWOG48kGInALFmChT0GOARzjFejjRvH9hI//Esu5bbO4zWk32mM5GV2mMkMD1PPYEAZNe1HMKGJX72hQldq7lCPu6ryV9U0m7NdFufp+G8QcdiqTeJwmDxabSbq0ac3f3b3Ti3paz++/b+kTwt/wVi+I+mjy5dXsdXCN92/jxgAEYJCrgEcEjP8R4PFfRnhv/grpp8qRr4q8J6Xe/IplMDqS4PUhJAwO7HGAcZxzwD/ACUt4i8TWaNDNbahFNnAEltKgwM5fONpDHAyw2/7WTkwz/EzVLZcT3bgxEISjkuCPXkKMHnblO33hwXLB5dWi3LDwVt5U2otvR2fW+m19O1rGM89yLFNyxnD+DUtLzoU44eS291ypuEua6b7/ef2dab/AMFEf2V/Gfl2/i/4d6OBMAJWutJ065GWPIBa3YkHgDDFiTg4FdXHq3/BN/4qRqdU8GeA7eW5XaHmsYbKRRJuGd0QjVTkkbe+ehAGP4urH4yXQjTdev5ZK5d5sOcLkA44xnIIOc5JIODXZ6b8fNQjeOBdQEsaZJIumWQBGyoB3Bhg84J+97njKGQ5ZUs44zFUW2muStJqNuXRbp+lmm79kFN8LV4pUq2Z5fJ2cVhswr8kXda+zlOcHe7d+Vp26aX/AK5Nb/4J3f8ABOb4lCUaNLpeiz3QJzo+sRIVLhiMJKzDgMSFOOinoMV8+eMP+CF3wD16G4k+H/xRvrJJdxiFw1tdRBiFC5MbEkDIA2n1B4Ffz8aT+1HrFhGptdY1K1ZYlMckOqSId4IyTiQtzhgeMY57BT7HoX7e/wAVvDUEB07xrrKlIz5cB1KR1JwFXhnOSByQAQMEcsymu2lw5jKdqmDzmpNacscTCM02+W3NzWa69b212SRp9UoSt7DijEW0Sp47D0K8bNx0coqE3vs5N+vX7l8d/wDBBH4nacXm8EePtH1sKh8sTRvbMV6qNzSbSWGDwCOQSuMAfKvjT/gkF+1v4VAaz8OR6xFDuDS2lzFMHC9CsagkKW6KcZOcZ6nqvBn/AAWH+P8A4aJS98TG8tbZhuS82StIMgcEgsygHB4ADA98Y+p/BH/BdbWBcxWHiLR9O1JWZCZebc7M5clyQpHBGR6E8YJHrYOfFGXyUqX9lYxJqyalTm/eh1UlZ2XTa+t9nz1srqVoNLEZDjIuzTUqmFqtaWupOUE7a2Ta31SV1+Pnjf8AYT/aR8NXMo1v4Y6/lNwkkj0u6khAA5IeNShwwY7gDkDr6fK3iD9mnxxYT3a6r4U1CGSIt8hs7hNpycpIpU7s9AGyR8vIBBr+tHQv+C1XwM1B7eDxV4Ltme8k2Fre4s7tABwzOjq20nIOMHIz1PNe2eHP25f2FfiytwuqeGfD8MzMFmS+0S1/eFu4mijXODwCc5Y4AGMV+o8M+LPEnC0oVa/CLrwilJyw2Ii00uVO0XFvWzUdbt9V1+QzHgOnj5N1spqv3VyzwmKw1VatapXjJ3adt9tT+Gq/+DPjDS0luotIu7JFYMrWwmtpQR6FNjA88dep45rPtNW+L3hS5il0bxX8QdAijOVNhr2rwgMpyCIknCEAjGMHnjp81f3vv8O/+CfvxVt0gh03wZBLdqAiI8VpMC5yMqzjBG4AL23cdzXnHij/AIJXfsn+PYmm8Malb2LEEotlc2tzEpc5A27mI4P3QASeeh4/bsj+lzwcoxwvFPCuIowaSqOtgqeJhpZO2jTS6pbnw+Z+GkIxmqeMzPL5v4YYmhXUE0raTpKS101T76dv4w9F/bi/bU8Bywf8I/8AtC/EnT4bYDybe6u3vFVUwVUi5EhIABBBzjPpur6A8F/8Fqf+CjPgqSNZfizb+MYA4K2/iXS4WBQcBXkijRjkcEZBBPU1/QL49/4IV+GdSiun8K+MNKy4lNut5akspfB+8uFyehJGOSQRXx345/4IW/FazjRdJsNE1m2g3tvs5EimkPXcAxBG7GVUHqB2+7+lZb4x/RX4p5Fm2TcMKpUTuswyjC0Zpy5dOadKMk9be7JbX20fy3+o/FlCd8v4gw9RJrlhPFSpN2aSXLVs76q2u6ej1PnHwZ/wcfftY+HfKi8f/CP4feKoA6Ryz2UFxa3JRNpdlJkCjfksMryfQ19veAP+DnP4dSJbWnxG/Z78Q6SV2i5u9G1KGSBAQAzLFs34xwFz1UcnFfnJ40/4I+fHLRmmkfwFqwk3tjyoJbqLaDgFTGrDIHUgEAZA9T8reKP+Canxr0eaYv4K12JRuV0fTL0rwefmKnGO/HfuM16OM8MfohcawcsNQyXBTrfDLLcyrYLlbt8EaOJhT6XS5baap9beUeJOGiuejQxtNWV+elU5uXlu7xlzNO+m7uvN2/qr8B/8HCf7A3i1LRNY8ReKvBVxKEE0WoaZeSx224DO6VVCELg/MuBzk5BxX2L4L/4KyfsJ+M0WbRv2k/C1pvI2pq10mnOGbgKy3UiEEHgE7SeB2FfwJ63+xT8TtKlnW78M6vFsbdibT7pY125/jZcFMEjB746DmvMbj9nDxZps0qXWiMmHzlYpYmzj5ucKVJ4zxwRk9efjMw+hL4CZvGVTJeMcxwXOrwhHH4LFwhdJpL29Bzat/NUffcw+s8SYd2x+QVVZxU5QhN3Votv3ua6+forXt/poeG/2wvgH4qSObw5+0D8N9USXBSOHxPpjOwY/KNjTAkg4OATjBA6E163a/GbwpeW4Fj4+8I3ryLiMwa5p8gJIyCNspGQOSTnJA7nn/LQtfh74l0ByLPU9d0qZHDIltd6hbhCDjKvDLGGUYGCO4zx0HRLqvxg0NA2n/EbxrAVYsFh8T6yrKo7BRddQBjAB6KPU1+fY/wDZ/cPVqj/snxB9pBSbhHEZZhp6WVlzUcTTv1vaOuui0OunmOBdnicBiKbTTlTdKF/s31UI7Lv+Frn+oKPiS0ryH/hJ9CkVVAUQanaEEjtkyADOCATwM45IFVJfiUI23N4v8PwBio2yapZggA4wMy9c9cY6ccCv8wxPi38dbBsR/GH4lQs4OQ3iPWQgPcDNzkJz16cZ9qiPxb+MUhD33xZ+JVwGVydviLWjg5zuz9pJ5Bx0yTyMdK54fs+qikk+MstcHa8o5XJu2mrUsZ3t383ob1c7yeMfdy+tHljZNUqeyUeiXffrpe9j/TpuvivoUTN9q+InhK1ABDebrdgnBAJJLSjHc8HI688V8uftJ/H74K2Pwl8ewa/8Y/ASS3HhfW4VtT4m043E00ljIsUccIlMjs7EKiqCTn5cc1/nVz+PviLelZZfGXxCvWbK/P4h1tgSwGNw+0jhgQoAGcYwcjIzpLXxxrpKS/8ACSakzAhkvtQ1G83B9w4jleTcTuzkc5zjoM/QZF9A/LMmzPBZliePacZYLE0MSoUMroU3N0KkJW554ifJdq3Nyuy6PQWD4gjQxNDE5fl1d1aNSFSD9nFPmhKMo7RbevRNdbN6o+3fhjq3wYuI/F8vi6TQYbmXxTrTW9zfzBxJp891N5EkaBt53qySB0wB1JON1Wvhrrf7Pvwy/ab+EHjqz8SWKeD/AAz4x0vW9evo4XuZLZLa7indraHLF0BDbSOigDA4r4+0n4HeOdZDG28O3zquxiXtrgkjjACkZkxyPl3dT2Jr0/Q/2S/ifrc0UNn4N8Q3DLtYCHRr1/vE/LkRYPXA6kqDyTg1/amc08unlmLyjF8TTp4HGZdUwFal9doxpQp1MOqNSdOE+ZU5pOUk9k2k07GOKwvEGdZpic0llklUxUnPmnTcVGTa20d2r6N7Xfw7v+1vV/8Aguj/AME/9MR1h8b6vrMsMCOq2eiXgEjpGFIXCZDEggZPHPXJr8ov+ChP/Bbn4FftE/Abx98F/hd4P8S/2v4mtV06HXtSPkWdtao4d5vJZfMkZhlRyRhh9D+RPhn/AIJyfH7VhFPY/D3XljbaVe7spYYvLZhkgMqsFJOcPg5OfWvpHw5/wSL/AGhdbjE0mjaZYpJGCwkOZh8oyjRBSzEA52kknGAckCv44yfwN+jnwHnGDzytxTWxePyzFUcbhlis5pOEa9CcKlPmp4eNPnakk3GWj+1po+vDcNcS1VC0aNF33nNRavy3TvJ2Wtr7XWj01/JH4KJG3jyEX4WSyFm+wyRhkydxDbXJOWJxyfc5yCPs6ZtFQItm0bMN5O6OMgZJDABU6H2J46ZIIP6RfDL/AIIvfHGLUoL+HRbeW4VDDcXN4fslqqkfeWB8SkqWyGUcgknhjX2t4T/4InfE27eN9e8R+GNJQr86w27TuoJGcNll3KP4uVznHJBPyHjL4g8EZ5nDr4fPsHOhToxoxSqKpNcr35YXezi1a3lsfqXD2S4XAZf7LN8zwdKs5ubXPGT97lfRuV1ppe99Efz9yNaSFGihmmkUEApDjB5JBG3AC4wGwM9M85E0Gn319h4NGuZSMhT5ZGCAy5GV5PPBGMqeMg5P9SXhH/giv4C0a3B8V/EYSkPvmNpbxwcd+ZD0I4Bx1wMda+hPDf8AwTb/AGOPBERfxBrtnqRiYM51PU7WFdy9QAki9wc5IPPTqa/mbF8Q8IQm/Y4nF4l6trDYGvK+qslKUbbbWve+mmp69SHDUeZwxWIxLTWmGwVeqn8K0lGDS2SWqvdr1/jwsPCWryyFDoWpzSjICxQu2M7sBgqkkcnkknHP3Rk9Hp3wa8a63cBdP8DeJL1to8uK00y5mLE8HLLFx83AAOcsK/sqt/h7/wAE8PhcRJIvgVrmM877lL2T5Bk5USuG5GAvJB5I655zxB+3L+wn8Lg8Gk6TpV3JAh2x6ToMPz7flC+eYgfock49+K8qWcwxNoZbw1nOMXutTqUlRp6tK7covTqk9rehnHD0MQ3HA8P53irNtVJ0Y4am7tK7lWastdF0ve1lr/In4h/ZZ+OOnaLfeKb74U+LLHwxpMAn1TU7vTZ4be0gGCJJZGQBVAwMuMAtkkCvLT5VrZpHbaejyHBXcdyIoA3OMfdJAGcgAHAODyP6Qv2rf+Cunwm8afCvx38LfA/w4eKTxZpc2gw3921ukcIuCCJmgRQznC8ZyBn/AGeP55mihnt5LsDymJaExxAFUOSflAGNoJHXtjoTmvMx1XHUqcpYzL1l9Wp8FF1I1pqmlH3pWtGLUr6O6vfR2ODEYH6vzvFYWGBq3uqMq9OvUUbRacnBuMZ76a6fJvxrVJbyKO53FY1eQlfKXB5PQEZxjoDx19DkedanbhpTL5rEgLkyF87iCASd2M8+nGdw6AV65qlsGjmLmTO5yNyHA6nOMfxLjJ9Rya841BQ0bM6syRtyyxkE/wB3jB3ZweORgnHQivnZVpVHBNNpLV3bXM5X110UUr7WS17Hg4rEUZQ5VUhdWafOrJ3Vk2uquult7bXOUtIZhdM000ojGcgEqGLHGM8cAHdjPJOPQV+2P/BMT4h/safCey8Z+J/2lLA694mEkEfhHS7zTJdRtVtlYNNKkShl81uR+83DjBHzbj+JCatCdSFmxcspLNFtwwGcrlcBlBPAxjHbA6faPgrw9oVp4btNR1CNZLy42uAA29EYA45yAcdSAM5BGa7aNTCWcMTKdOnJR5qsJuFRNOKa5rt205bLX4l0sd2UqlWlySxPs42XPKElCol7l4qetk9FffR7dP6Zrr/gsF+yZ4DiSy+HvwkkvFgBW1NnpVlpYDAfIGJtw4AwDkkkc5xjNeQeMP8AguZ4zuTIPA3wr0fTUBMNudSnaeYBuUYpEV2jGDjHPqa/ALxh4gsNN0W+fT7GCKW3ti8LMFZvMC4zlieSSFycZXCniuC+FfiK/wBea7vb0efJGzgoiKEQhcAg4xuU4zkgEAtn7or6LKsDwNUrUquKwlXGe/F1J18RVqRt7qldOaWtm7W211ud2YLh6hHkhhHjMRZPnr1qtaz01cZTta9tEkubTU/d3Wv+CuH7VfiiOG2ttZ0bwsJ4HUjTbQmePeDyPMD8qpABOdremOfAtZ/bP/aP8TS3P9rfFzxXcl0MZW3vjapskfGFEZTb1wCOcDHSvg+Ce8Nyt3IuwIViUKQxY4GcAdAFbJJxjOcEDbWzYx3LzSMzyOZWQmJQQCvmcqTyQAGHAB5zjvX6jhuKPC3IqkI0eGMunOmotVHhqM22uW93NSbbdnd777tI+YUKPtHFYOjTjoklShbpZr3b9mm3bq7bP9DvhP4nn8V+JL6/8S+IdZ1u6TwzqbtJqmsXNz5d8bOQFlillZS2MbjjG0Dgjp+E37SUkTa8JUukkYXutAzIdzkfa5gg7/MpByMEgn2Nfsj8AvCuqahc+INXs7RTFp1nfWci3Erbv9KsDFCY13fO28/LkNxjOODX5HfHD4e+IZ/FkugafYPqF59u1GRoLeCSaSKSS6kYowBJXgk5APAJIPAr8b8eeM8tzLJqmJy/CUcFhfYRtCnCFKKjBpJNU0ley19EzahhYrFU400+ZzSSf92cOWyWmtu2norHxBp9ysMd1LMZllSUqZduAY2YFlCkYGemOcDHPJx1HhS+SfxBDHbriMTeeZXUHesUe8hhjJAwTgZ6ZxkAV9XaR+y/4p1GwYX2mpDII0kkjnZLdY1K52SRv83PQ47jGPT1bwb+zLpmjJrOs6s2kEab4fvpktbedY5kuWhKoxaRsMFY7mHXlsHpX+eeY8fZbhG6catWdSVow9mpSd24x0Suuq1ukr62PsqGU4qUE5KMYXWkr82qu9Nvhad03tdvc/Pa71O81HUdWvUj3LBfSiEBWKhUZgSq8hcAEHj6A1+9/wDwR+/abOh6V40+Ct00Mt7qETa1oouJfLjeRAVntoVYhWL/ADBkGSRxxkGvyb0f4SfZ/DviTUbgwSTT+YbOK1njlcB2Z23Jlm3HOABxtOD7ec+EPF2p/Cbxd4c8Q6Dd3ek61o94tw89tI43JBKHkgmCtgiRFKkMQMMcg4Jrz8fXo8V4Kvl8atenL93ONW7jKE48rjJX2v1aXfZWNMJ/wlVo16kYVKcvihZWaUo73T7X6638z+oj9m7xadH/AGztb8PXGjQaLF4+0vUbbU7ea3RoppmuHddqSgqIpYicLwdp+uNT9u/9kfwjN8YPCXinT7PSPCPh7U7eG01m4MarpbXhcFJdkeFieYk73OAGIYHGTXwH4O+ON78Sn8NftC+EL6dtd8IatpI8QpGnzrZW7RpqEbhBu2mNXZWOBg4JJNfrN8Yv2ifg5+0N8LNU07R9f0vU9Vl0uxMVpdSJFPYamsKswBLBkKyZDg4OQSMYr+bPFDH8XcD59luOynF5n7KvSw2Gr4ulKq0nTvCafJzxdoRjK/daK97/AKhwtWo5vmeDxkKdH6tOFTDYyg5QUYNpezqqKV+ZWTbittGfkJ+0T+zH4d0vwt4t1Pwr4p0aeDQ7E3M0NgyiVJ1TcUjnUnespUsBwoBZR901+amtRvD4O0WJbqa2uERnSSCZxvmDAr8ykEuMbjzgEZHY1+v/AI00+z0z4J+LdDkeyvdTn0m+uru9glErQNBG2yJ33EyKqjK/NxkAA5JP4+6lbSS+EvD8oJZWnmI29RsJIznoAMYyAccEDkj+mPo+eJvE+fUq39p47GVp4XGQpU5VKlWM2oxhKMkpWle9m3Z2ej20+S8aMuoZe6Tw8oyjVoOUnCUkm4yjqk3o7NO606a2190/Zl/aM+JXhH4k+D9C8S+PPEur/DuTUra01fQb/U7ySyNs7iFfL3yEIqBuFU8LyexP2t/wUL/Zb8M+HtQ8O/Gfwfp95aeBvH9mYb5beU3NpaXzxLMboSAuB9rbLBiygHOTnGfx50zV0stRgVhtY3e55N2WjdGUBgSOCMjvg4OAOQP6aP2ZvEWiftgfsga38FNakW48U+GdPMGnPKVeb9zEwsLuPgSDYB5bPg4LEkY4H9+Pi/M8XkkI1KsqtOlTcMRB3vUoz5XF1Fo5Si9U2m2terR+E8K1MHjatfLcY6adeXLSqStbmfLy3vpvZNru7q7Pz6/Zf0aTPwtvdDkjuXl1t7XSbaeTy4nvbORXieY8AfMgzyeOvJzX6BeOf+C1l18OfG2rfDn4pfAvTdXvfCVz/ZEn9iXirLfLaqsbTq2GbDhFY7epOckV8KeFvC+p/BTS/Del6nI9lrHgb4kXkV4ZSqzW8RkkMTqg271cKh6c9ME9fk34n+NPDev/ABN1jXfEMcZu5/EQe41AWytctZ3c6xTyNuUhlSNty+w68Zr8S474DyzjfA4XFY3DxnTUqigueyi7ptS1vbtHrpo1otsTQrcO4qtQnyJwvJtt8rXu8rptu7uvP18/0C/aH/4LFeC/ib8PPEngzwb8GtY8G3/iDTZbVL+a9kcWxlDIZ1C4OADyB15BU4OP58fCfjz/AIrLxQmrvJaaVqx8i5nEbgyOHMgZ2YH7zH58dTgHrk/1oaF/wRY+EvjzwJ4Q+JXgPxtd+JNN8W+ErbXpbe7jL26PewLLItv5PIaJiVVA2CBhulfDnjz/AIIg+KtTvLmfQdcjMsdzO9vaJZTGS4t4SW2SImGWRQBtLckevNeB4feE+QcH1K08qw8KcsTWVWu5TfNzR5XHokvisox/FHzWccfxxVOngquIUI0U4U6ai0paRbTlqn8VnZ9N7qx+RPii70PV/AN3Fo32Oe/gv0fdbjLi2RVAZkBIAOckkdSecCsPwdKdPTQitvANRaUKpkiDBgSDkhhxnsfyIwa+w/ir+xL4i/Z28D32v6zeafcLrOpXOi/ZYPMW40+4tPlJuFdjtZ/vFcZBB+UZbHwfrer/ANmXOhFbmZbi3ZQCoO5WQkFsDk8r+Rz3zX9R4ajCOVK8I2jTUWkkk23H3ub3eaSSbv8AI+ewmMlKtHEUmpRnOMnKFkmpOCu5O2qb7eSW5+0PwW+O0fwzXQrqHwdBEh0xra5v7N1ka5LKzSmeKdXUKxbDZjHG4A4Ar2bxRrV1+1NqfhrTJrm38HQ6prOkeHo7TRolsI72wku8PPevDsWaQKx7AHOWPJx+YGleN1tvAmkardzyxWU8LxSyBwSJR3XkMD8wJwRkkZ7gfR/wd+Ii+BNOtPiHctcatp/hO60zXordCWaS3Scs4Uk4JKhgDk7SM9cEfz5xjwvl2DePzWlRqRx9eNWUZSm3CNSXKoPlcrL3veTjHa6vqfqFTiXMquAp4ObXsXGMotxjzRSUElJ2/mV7JNaat3P12tf+CSnwHsNSa0vfD1943ubgWz3F0NSiiy0qqXQYOEQsTgHJONvHfm/G3/BGf4C69Iv2Dw5488IsqMsh065iubPOdoUpHG29BweMk7cEZzXpXwf/AOCon7NHiG2TUtXv9b8H3d0kJcXSGZUnUAt84OdgJ46AepzX3V4S/by/Zy8Traw6d8V9LkVcfJczJbyMTktv3t97OOeTyOuRX8108u4noU8TjP8AWDH4etUnJ0aKknCL5lyqMXqr6N2dnHR76/I4jH1ZVfZVMBCrFWanyWb1vdyXLJK63i7b76I/nv8AjT/wRh0n4U6JrHxC8EfETUF/4Ra1OqQaPrWmTWstxKd24R3C7I2cD1z6jnJH4YfEXw5NpEdpqc8Mdxez6lexl0YszzRXEiZlAYckrndjJIGckDP9w37Zf7Qnwr8ZfBTxVpGheL9Gv9QvLRUgt7O6gnvJlVWaSSLy3JAVB8wPt0IFfxk/Fp7GTQbNgQDDqGtzx3C5AmRLybG4nvlQxPU8gAGv0Tw1xWeYhV6OfV3jZQrqNGvKmo3hJQtZLR63s/VPR6erGnQqYF1aUI0XFSUoRk38Lg927u+yV7XseC6Z4Q0/4jNbaf4h0mK+jt5z5sbyOZXyBgIzMSvynyyoPQdMZx6JL+yH8Jr7U9Nt7rRNd0q2lVZZ2sbmNgo2dSGBJOM8EkjjIrofgIINS1e4uTDFKhMJDM4+VsqCxxn5QcnGMYViPu5H2hq2k28M0N4JSoBVGAJ27WTayjtggkEAd+gr9+w2BozUIcqjKUqXM1FRtBSV7OUftW+y2ne66X+WlThU5qko3anG6slaMWm2+ZJu600bvo9T51k+C/g27+BWpfDvwB4rtrnxVpFrrT6Rp+syJZyHSFuZJpbJWYqJLqWYfKAvzEjJxxX5nJ4R+Ldmq6Zb2mw6ZL5ctrKIy8DxnJBygYLgEZycLivtHxV4Xab4g6pf297f2WnzQ3Nvay2byosV2jGYbGVl5LKSQOCORgE1+1/wO/Z6+GHxl/YK1L4z6DodvY/FL4XXc0firUr028a+JLO3kK+RepMCBK8A8xGIyw25I7fYPhXB0aFKpOpKLrThBOGrcqjVtE78t7Xdm09fTqyjB5Xmc408biZ5fGdWNCNflbjGc5Qs5JPSmpO/Ml/k/wCaS28S+LLES6dqMtlaXfl7dt1Es6O5Xa2w7AyrnJBY4GOBivp/4EeE9d1Xw345uru40W+kuvC89tCtp5aSmSeURBpUU5BG/BJyNvTIU1+sHh79nn4V/EfQLPxhp3hLw5qjQWbzazpCrE17bBVOSWhH8XJQgDORggE1wvg79nrwVpN58RLnQ7YaTFqHhm4W1tB5gbTJzdxhQibgGwR8rBVYex+78XnWXV8txE37s6cXLll1dlGSck00/uST0P0DifwczrIMqw+cQxGHzLLMXCEqOJwtXnSjPkaVSOtn3t6XbTPxU+In7L3xo07RLyCy8OWdwj2tyIJLCRZL0rcktGoVMycqRnJxxzznPwtdfCn4q+D4Y4tc8J+ILI208jmS4sbkwhlbALbgFxx8pAA6kV/V148/Ya+Lvwx+HWlfEyX4hXF3olzpv9r/AGFlYTxwyndFGkshxIUT/lmvzdSV6V5h4T/Zc+Lfxy8O3Wu+Gry31fTIYGkmXUYYg8nkYMsaFg2/JDKu3rkcHgD8UzXjTAZZiK313FUqdOE/ZylOVkndNatWXXrZJanx1DgnM68Iqjh6spuF1GMW24px2tH4V8tNXe6P5kI/Fvj6wka2mubq2sPLDjFvKCh27cqxBII7YZeMgHjn9Hf2N9X1PUvhF45k1LVJr2S7123tv9KeRpBH9nmdf9bztyvIJP8ADnBwT9zfEX9jTx1oWkXd/qvwvC6daRSDUb7+z0mhKKTuK+VEXXeN20/dUnPBNeQ+EvCeiaN4R8RLomhnw/YWt9aG+t3TyXeQq0ckiqxDEbGZlIJHrgnntyTizJs2kp4HE4WtzJu9KpCV9IXd10V277K99Xq+DF8N5nlnLLGYerTWy5oyStJxW7SvZbK1+utnf8VvE3i7xVbeL/FkNte3Ebr4hu5Y3SMmZY45wN0MmN0YUDgggAEc4yK+vvhn+2f8YfBmhQWFjrWryWelGSZryKZBfeXEi/JNKw3FRxj5sgZAGK+o739kn4S60Brlrrl3Yy6vLO88qPG7B5MNIGjOXChjjIB4yMgCvLNR/YgnsYtQk8K+LrG+t9SeWNo7tJYmETZyrMxVcNxgAqpHXOCBeOxHD+aSVDHQw9f2batWUZJS93bm+SdrJKza2RNPB5hh05U/aJSS6vms2mrXsrPaye1rPWxJqf7a3xq8ayW93p3iu+sBe2kS6jEzl7m5gMqIWmmbkhhg7UwCMAA55+8vGvjK1l+FF1b+LfOfS77RvD15qNzbIHuoJZQRcXseVP784Byv3sg9cAfkfqfwb+I/gjVjDd6C17Y2bWttHdabL50bJ5yZdlQnCqCSe2GyMiv0w+MVrdWHwpubeNXEw8HaIJUdR+7kEAfy2BIO5T8uMDB6cDNY08NlGF9jSwNGhQpyqKUo0Y8qvaybSsnq29dvwN8PLF8tapXlVnKEb3qN3TVr2UrLXbR9dGlc+XLLQfD0viG51Dw/40OvaQ4JsLW+v2g1CzjRVKs8LOMOhPA2g98Ajj2/4deBmutcht9Y8dyWOmazd28IewvZJZI/PdU2XuZdssJDEOCBx0IIzX596JdXWnyzXz2u2dJQwkUsrOpAVlOOGVgD3PXjk8eq2WvQai9teWTXumMJUS5ljuJRHAy4xKFDAAKwyAMHnqMAi8bkNHFS9rSqwpTWqTipbNPq23q3pslbVnRl+e06N6VahKSk7NqUo3TaTd7+jtrpJtdL/wBTv7Cnjj9oj9mnxj4w+EHhK+t/2g/g1J4ZXX9Z+GGt7rsQaJeJ/wATObw4bhpk3xQlna1CsrfwoWJq9+1d/wAEyvhX+0romtfGX9jsW9h4kWJtR8U/BPUF+xanpuoshnvItIt5Crl4pC6iJUKuQVVfXg/+CI3iMN8dvB8mo6lPrbyeGfEGn3N1dztObi0W1XbEXcsHVMsNhBUjA4xz/VV8Rf2QfBni3UbPx14Flk8A+N7a1t7my1fQd1nBd3GfNDalbW+yK53scSbkJIbGeuP0jJs6w2W5bSwWLjerOj7N1opSUlGyXPHzevNF8yu3tovicxw055pLE4GrOEL39hJte9Kzdmt0mkktdU3Y/wA0D4m/Dzx18NfEF/4b8QaVrnhbxFo00kN/p99BPYTqYiVcGJ0UN0IVxkOrcEgk19tf8E2/2goPhJ4x8YN4qmuorTX7aCCxmWZzHFPERl2jYsFZwTnAweGxxX9cv7UX7CHgL9p3S5vDX7Rng+w8M/EW1jkt/D/xx8L2CxW14wVlt11+OFUJLsA0sspLMT16kfy1ftaf8EzP2g/2NvEkeqjRp/EfgF5nudM8caJC91od7al8xtdyQqy2cjRFSRKy5ZiQAAa+jyfNaeFq0cZSlGcVJ89O9ouNktE7X0u+97uybPVyzOcdgMZTq+0lem4yipSk0+W3q76rpd7vdM/Zy6b4dfFrRrHVrw6fq1jcW+3+0rXy11C3kkBLq7R4kGC+T16ENk4FfI3xg/ZMu5NM1LVvCetJrOm3kMgitS4ivtPVVYr8xIDpxtI7gYzX5T/C79pbxn8MdeS4025uTa27oupaJdSu1qw4WRoo2JXbw2OCwHOMba/Vr4V/tZeGfiNY3Mcl1ah/sxefTo2WK4ilePa4ADAsgORgDGeQCcV+iRxWRZzgeWKpxxL+ODUYttq9oSdm92m3fta+/wDSfBfiPHGezwmMqqlWlywjGbfI76LVtatrW97WR8K+C/hR4vPjjQvB8djrVtPC9xd6gdOuJorHU7NN26G8WNxExcZU+YCSuVAPFffPjL9hbwN8Q9N02/0ON/BfiltMG5IifsklwI+suCNzO2WPIw2SRzVTTfF2qfC3xavjuwsU8S+GNThkhvg0G+ayikbcMSBT5Xl5znPzYOecA/VPhj40eDvFelGXQdWR79cSx2N0Vimt2I3NGoYZKocDHQdQOK4Mq4fyZwrUZQo1K9SajTc+VTatFJq7fXTS7V2rH6XiMxV4U8RJexSThNSbi21Dd30SVrJ30ejSdj8cPEHwa+K/7OmuyapPp99ZC0mK2niCxjdrS62OPLd1RTgPgHBAUHnBA4+8v2fPj5p2p2Rk1+4Oh+L79YrX+1lYLZ6miABhdKMIsjHIYHJJOSSc19uSax4c8b6XHpPi3T7PUrK9Jt3Esauq5UoFdWGV7HzFwM4BAGcfDnxq/ZM1Pw3JN4p+GIlvdMjka8l8Pwkkwxr8+YXQ4O0FtoA4YAA8VzYrIsRlM/a4e86N23TvzcsdHaHezurNNW2s9A9tBwi4csoWtZNLmi9NLbu7dls9tN1+gWv+DPCfxL8N20HiXSNP1W2v7Q2zPOqXETJJGcTwSgkxNuO5VLADIxycN+Z3xM/Yl+I3wo1d/iN8A/EF+01ldG5Hh6CZ47iGKP5nFsysAy7c4Dbt3Y4ODnfC39qXX/hnfx6VrN79q0u3uootQ0LWHbzLJwyoUR5TlFX7qEHaAPTNfd/iP9sX4N2F74ZOpXb+GrvWrFHRVkS5troyKAhWVWaIqCcOCMgHk8V58nhcbUUakY062lqitGUZWirO6utbabP8D5/MKuCqS92cYTsk0muvKmnG91tbW97b2R5x+zT/AMFIry21SP4afH3T5vD+rwmPT21O/hlhJEZVC10ZFAYsRnzNxBOGxtJz+gfi3TPhl8cbMW99Dpmr293Cg0HU7cQylUlVVV1ljy4UZGRI20jJwCK+KPiz8Bvhb8ffDn9rzx6Xb6rqVrDJo/iPRfKFyk0i7ofNaHDEvgE7slehy1fDNjeftOfsT+JbfUmt9Q8Z/DmJhGkkgmurOK2VwQGY7xbyFCMsSqkgjgcHgxmV4ih71SEa9FNRU4q8mnbV+avvrom/TxXQjFN0nHV2UdOVp8t7J3s9t1ay2Ppr46/8E4NRsl1bXvBEaapBAWu7rS7cxi4s3YFjcadIow6Nkbo2ycehyB+VfjD4Ua34Y1GfT9SsJrG+WRliW4BRLzbkHcePJuAclkOcluMHGf6Xv2Yv2qvhp8dNLL6BrlrY+Mbq1hF/4W1OVI5Bc7B5yxLKQJEVshWUYKgjaB06r4r/ALO3w9+LMNyms+Hray1Zt/2q5traPbKfm2XAdUBR1bkMhUkg7i2Pl+axOVS5Z1MPJKXxRg17rd46aN2avpZaN3ex8lm+Q4LMHJSpSoYnpUhFay0u5Rjo7PVPsutrv+RLUra5tXKeRJbXMbtl43dfmUnkBcE4PT+9yfevn/4y+ENT+J9gdJ1qKGcxqFstVeIte2ZiIwgcqZChwAy545wBkZ/db9pH9ivxD4Ka5mj06bUdJjdjZazYR5nsocAI1ysY+eMZBOQWxnrwa/Lzxr4O1PwzeeVqEEzWxI8u/gBaLAJ/1igbombowbDYPsCPmq9JxfssTTcHpyuSXK9Y7N6aNO22z0V2fk+c8P4zLZycqUqtFu0akU2uVNfFrZStunor97o/MnWf2Wdf0DQnv9H1OHXpG/fXVhGgS5YKS2Iw3zA44wgBz0r58Xw1Y2WpMNUsngvVYpNa3KsksLpkYZZFz8rDGDwOeOST+uq3cdvcRqqqpB3JLuIQgkHJAPQkk8jB4yea4vxx8KPBvj+C5ku7WLT9dZT5Gr2iBcyYODMFxlS2OByTjLdBXymb5FWqqVXBV6lOainyKVua2rSldtXs7a2d77s+XeHi7WupLV3Xmrc1tV2tprt5fmIbqx0prkQW0UbTN8nlKqjI75xknGTgHaOB2FcJqWoC8v8AdKUQW5AVAThs5PAJA5/iGe7HBAAHtHxT+FHizwReOdQtGudNjjf7PrNurvbsP4CwAYIxB/i5OD2Jr5wvYnj2XDZcsSMrk8sWwWw3HqQBwevOTXxtDK506svrTqKtzOLc7ttXVrJp8y1Sbd9lo00c1TmhJRS1Td72XRW6XfVPZXa1d9djW9XuP7KuonAWByUULjcBjJA4yF9unJPoa8Nv7+ZQIoC3mglo1D4JXgEE+ozgnP4fNg+r2un3mrwu3zPFGjBQ5wGI3DJHXOR8owcjONo6lp8PmvCJ3VVlcsCGLL5cY43cqCCT0OcZyQemfo8DPC4FNTjHV2cpcr0biu3d7X6+grSdlq7ta6L7XTbz66Wsmzx/w7f3P9rI807JH56RzDJV8l+FKk4HB2k9M9wOK+oZ9Xays7YK7O2wtGQeAu3IJOcjHJ68cDBxXmkfw902yvZneb94jrIib85CkbmYY9vl44J5A3Yrt7gJJpsJhIlWJjEu/lgpBU7j65ycnqMckEGsswrYbFzhKEI8qe6uk+blvbo9Nbry6WHOF4r3rNJNNNpJXSbsna+i+foXtO8TTWstve+ZsmiY4fzMAsDlflyGzkA54DDjGMCvaPDvx41+0lS0nW3uISFM4YFWdQwIb5jkkKAFYEg8nPY/PM2hzSWsRSQYB3YiBKkknHPbnHbgrj63LDRrtrzMiujIqBFIO5mHO8kADAAJxyAAQQcnOuDx9bAWnhq86NmmoqUlF6bNau6sls99NUc8EouSdr80dXpvZ/Dq720voul3pb9IPC/7QOmrDBdWuoTaDe24Q3IlO6ORFPOAQByMjHQcjJALL2k3xPg1W6GoaleLq2l31wHXyUUvBLIuBImfmB3YY4+Xd68g/lBrWrixvhC0rfMyxuPMJ+7wW+8M5bnHByc5GcV2+g+OLyzjtkivHW2jkG1Q5YM+QVbBJAIYDIGMk4OQBXs1uJcfUwslioxrRqxXNN/9urZaappN9XdtHpYPM6mFrU5wlyRg4tqOid3HVrTa62a+Ftq2/wCoPgX4weK/2VfG938XfDWjjULfxNpF/o80rJIuyzvYZImZwg+WUBi5IABxnd8wB+VPHXwqj+Pzz+L7b4peH7G61TULm/n03UCYrm0uLqYyNC7O/wAyAyEEjoBnI4A3PCn7Q+ja5pMXhTxzcLLbQAWqTGNWV4pcJskGD90Nww544Jxk8h40+G2kaPO2qeFdSMmj6gouBEkuXh3gEMCGPTI3Dse5xXyuUcNcOQzyvxJDA0IZvi6FLDV8VGK9rVo05OcKcmv5XKVvne2p+i4vijFZzl9PAUsWvYwSTotpe80uaTtZt82tpNpN30Z5Nf8A7BPiKSR2HxM8FypNkgi4hB5+YnAkG0L905y2Oisa4PWP2HvFulRkJ478JXkhDBCl3Fkjk8gSZB6AYbK8DOAMdhqenazDI8thqN9dKqGR7d7h0XGCflJcKckcgdD2Y8V5reeINbhuXF2moxlSPLIklZs7jjGWIbG0H1HtkA/quFjQlTilo3yqzd7W5W10S/XW2jd/zzF0qlKo1OCte97uz0jrdd9910VrHm2o/sv/ABCs7ieBbrSLkwKzebHeRENjnCjcoxzkZw2QDgVQ8P8Aw71XwDaa74l8SpaxC2tZbe0j3ozyzFSPMjO4kfeyABg8YAFe720uqOkFzcahdbGKvL8zKUiHByWYZICjOT16YxgeE/GrxpHrUcei6XOzWVhJtmO85lkIK84OW9D94fUH5eitRhCMZQWrS2vs1G1k23tpd38tjji3Ju62a11b1tpr9pLTS+jvqj5jv5ZL66uLjnfNNJIVPbcxYHsMYwOuM4HcGoEWTywoD4zuyMbQpbHHfJIJHI6nA6kW1tWMoUPgOPmwDnBUZGDggEdjgEYxg4zp20Kq0KhuQ6hgRwASSMH3we49Dgc1ycrau/m0/S+70/Pe2pSg21ot1zdL2avd2dmk9NU1bq0zd0/wjq91bJfG3uDbcN5yqWWPgYVm6cjcAOODjPXH6r/s92y6Z8LoY4sAskhkJJ5YrtJI6c7c9MeuetfL/wAL4rZvBeq2d0isZYZGid0VjkLuDJkEqSSenHAAxxX0v8Lr1LTwBFZxsoaVbhfLJAI2sRu4PGB7EZ6g11ZfGU6s7y2ja6fblau7+820tV0Vntr1YuEaVGly7zSu09UlZ7eb21vZa6akU2mLdLcncySPcSYB9AxORwABjHY9Dgdcee/EOCK18LXLIQMLtxgYLdN4bHUkc59fcY9DaZba3JeX5txfG4AYdiD8xAzzjJIGeh5ryH4h3Us2iXMDAhS/mZJJBBywz+ntnGBnGe9U5X5m9U1rd6/C/NLa3VfJWPGk29HZrlS6NXumr+ekl52uzpP2PY2m8dXhiBZzpNzu4JyoU5J9ARyB1HPHp+4P7MzqPCeoMyplb69AXBZi2CAAOT+Ofu84ya/Fb9i1EsfH2qzXAyj+Hb1xnAKuI2Ax97qOcDopHHAr9o/2Xr63l8M6vlT5qXV8+JAVBBJIwTjnvkBsDAwOtejJWwSf2pNXSeqd1Z2te+l9NOne+OGi1i1K17KOuj3SXne1m10skuh+UX/BRcN/wsjSt7AE6cx3Y5PzvhBwMc/kRj3H5yWDkywWu3cJJSwbA5A5GFPDDPvgZ69Af0U/4KF3YvfiJphSMLi2lyM/MQGYbvm9B7+xGTX5+6SqDU7MsqgRlhknq3zep7kc8Y/rwQTTUdFe0X6Nx0au2++uu63R6OJknKfKndxW+lvh/Hrfdat3to3VtLmTZKkRUO4ztHDbWxjHO1sKMjGeMkA9Me2WSW8t43JiKXMalyV3LuIB9sjPPXjJAGMD17URZyw2zliCrbnXIxwSARx82MfNn5cN9K4EmE6qECB83cbDoNyGQEnoQOhOecE9cjFbShOEo2SVnHS+7fLvbz10urX6aPipOTfvNuySV7+T6K+t09Nb7a6HUmS70/xLHNp888NwkUDJNDI0MiyEgK4dcHknc3YD/a5H1t4E/bC8R6Ebfwh8TdKtPHXheMLauuoqJL+3jICFopXDMSozjksSAN3Svm260yS48ZW0McapGba1ckE42kAknb2zkHpxgHpXnniy2Np4juowzEpPlSQcfexgE9Rzjnjr13EjKvQp10nJJttWtdNO8E2tmnqrbd3tY78NjMThZqUHLkSu4v4Hok21qmnZu91fRrex+0/hLwj8GfiNpC6r8LtbtLO/mPn3PhPUJEgnR5E3NHbCUgkKPl3AHPPUGvCfij8MLmxa6trzR301URwDLG3kySIxP7uQKF5GQCDyOpPSvkXw1NqWn21jqOm3lzpt6kcTx3VpK8Uu5QDk+WV3YwDyB9cAmvsv4b/tUPa2kXhv4u6PD4q0AgW7apKm7ULZPu7g5BLYBDEZyoU5LEndnOjjMJOm6cnXoJK6duZJWtZvS6b62be3ddca2W5k5c8VhcQ2ve05ZSsrqzXutvzV2+23yB4m8BXXyrLDGgMWInUgD7uemMEkE4IOQfQivEtT0aeznELIxCBgRtChgNwyGHBGB1IOGJJ4zj9eNa+D/gn4t2E+tfBrxRZ33ys7+Grq4SO9iyCwigR2ByvKjC84A5JNfFfjz4X+JfCd41j4g0S6s3DMjNdQMvQtny5CNkiFTwcgEZOQBmuuhjKNeU4ybhOLirNNWso3XK23vu/Jd9eTFZdicMlJL2tJq8akFeKtyt7JNXi+rd7WT0RyvwT8IQagviHUp4opbay035Y2GzDNjOw9OhbDYPQ5Pr6rptnPpF9HNo97PpSrCk8E9pO8UsU453eZGykAEZGeRwwIOCt34EQ2emPr8N9Es9pLaGP7OckoOAGIH3h19ecHkgV+1PwI/Ye/Za+PvwrsLvwL8edN8O/GC9VzqPhbxcYoNOhlgUkW0JcqxWZgVVlYLgZJJzn7jhnKaucznLCU1P6ryTkoxcqi1vdKKclF7esb7an0/D2Blj5UcJRxNPDVqkrRdWcoLmXLopNWSe6cnZPVPSz/ADD8BftNfFfwhqCQz6hB440eAp9r0jXENyZIkyCiyMBIDtAAII5xg/Jmv0V0fw18EP2nfhhb+KLLWP8AhVnj+CW4zoGpyD+xL26SMny4ZHOxFbB2nk9MjIOfkD43fsY/G/4LeKtUfVvBstxosEsoXxBoKHVNFuoEJCXRurTckEbgF9khBAxuA6DxrRvE2pQ6Jc+F3Jj8lb66iMcjLJFKob5xg7gQcgjrk4bPBr6XFZvn+R1lRhXxVKg5JToVVJ0ZKLprTm913Wqul1vrv/Xfhxw19QwWYUOM4fXcsnluKng3TcKqVajSU4uNVcySmlaz62b2SOw8T/Cnxx4Qe5jvtEnudLe6fy9XsSLizmjRv9Yk8JYKny5Clu/HXJ4DVNQuHt7WGLzRPZTnzVVSxKkAYBAGDgYZVOc7juIxXP8AgT9oD4meCGhsbXX5NY0sXEgm0fV831tIDIQ8f74OVUgE4HIOcEDp9YaH8QvgX8U40t/FWmL8P/FM+xTqllGfsLzsceYUG2OJd33lwcZJ+TBVv0/IM6ji8K43lTqOmpcs1dX0bUXo3/Ne7T2tax/PeYYPhzNcdUpZZjVga3tKkY4bFNRj8fuqMtm3p13VtTyDSfEttZeH7aKeSWOVLl8RyIwVB03Nn+E8k57YGATmv2v/AOCSWzRdD8X+K7KKLVbF/GumrqsfyopVp/3YZ8cRLuOc8AAseDmvzI8Wfs7axaaI2qeFZrb4h6RLG8scuisr3ywsMl/JAZpNoJJAAzgAZORX0T+wx+0d4R+CPhfxV4DZtSstfn8VW13eWNzbuA9qsmZkkRwCkkHIOQMHdtGOa/n/AOkVPG43JsGsNRlVqUq8ZKMU+bmjbeO0kpWbTettj+gvo38OVMFxricHj62Cw8cxynG4XD16tVQjKdWMFaNRvlU3Dm5XdO8V0Vz+sX9vn4WaB8Yf2ZNfn8PeHtDTxJaaPZ6tY6pLYxHULJYIVcm0uo0ExRcsuA+Cykmv5Xfhtf8Aji38d3fgbxBrlxcG0kjNnczxLJbGGEYlO5lZvKVsI+W6g4J4x/TN8Cv2qvhf8X/B17oD+IoX8rTrbTZtMvWSOaSOe2MaxQoxDSgyMflXOAMHrz+J/wAXtDtfBv7ROt6atlbGy0e01pvLMS28sunyhJoplG1WYASkDnn17j8V4Sx6xmKeHx2DhNTw9Okqckko1VZc3LZa7vRXcV2SZ+z5BwdjsJk3EvCmde09tlWYVsywVbEydV1cBiHZ+wnJy5oU5Rpv3JWtJpu6ufnzrv7angHwl4+8S/Dz4o+GpdIvNC1h9Pj1uwiE1jdxAjbcSQlG+VkYMTkDbkfdrW1nwb+zV8drR9V0bVNCub+5j8wXGmzwWep2rMMqwiypMjHgBVU7gQTxmvzU/bcOkr+0R4tkt5EmttQtLS8jRSpWJzEi4IzjcoADHksDknrXyxZ6vqGhXEN9pOoXmlTZWRZLGeWPhRlC4jYBgWGQOF6bsCv1zFeF1LE4GnjMFiZUK7UZKF+emm0pJNKzSafR+qT0X+eHEviFi8j4nzTKMZhKeMweGxtajFpKNWMFNpWfWyta+/3n7ARfAn42/DWV9U+DPxIuL6yiHmnQ9QuXdii/chaOZ2ibzAApCLkg4Xg8YWs/GG4u5F8PftK/BiG7MRKSeJ9IsntL+HeCGuFmhUCXavz5zzg8dK+a/g3+1X8QNDWCDX9R/t7T87f3zhbmCKMht/mZyzBRn5iSDt2jJr9AvhP+0N8OviRczW3iObR7iO7zanT9bitpLoYBUCGSRApDdNwGc8A+n5vm/C+f5RJSxGAniKa1WIw8W27OOrcVdaNt3TStpuz38p4o4Yz1Rp0sdHB4mXKvq2LlF0+Z8q5bySsvRvTra1/nq1/Z8+CnxH83Ufg58Wo9G1KUeZH4c8Wose5jysCPIUzhiFGcNjaSQxrjPEn7P3xh+Hs7XWteEZdVsIirrrfh5mu4JI8lhKzWhIRVXk55U4PQHH6B+If2Y/gj48ke70O1k8NakwMkGo+H7pVwxHDvHE4ZQH2krhRxuGBk1wf/AApH9qb4VM118N/Hg8caBCPMGhazKZme1QhlgZbkyZyFwygHI6N1x4NPOK1OfI3OMoqzhVUotWcU05aptW1dkr+W/rYvhTB4hczoU5xaVquGnGUXs+ZxTtdrt3u+58S6Rr+rQXLLBqmq6fcqNktjNfSIyoDj/VysOc9A2QO3OAuH8ZJ77XfAmri/1zU7xba0QLaXcrm3kCuTtKghG2EcEgklcjkmvsy9+JfgfVZ2039on4IXPhrVn+R/EuhafNaJFJkq915kSIkoU7nHOOD0yu7C8Sfs8eBPin4f1C2+DvxT0jU7W6jDReHtdlW21AMTxGskjK24MCoLgYPTIwB2U88nN8k20pe7de9BrR26r80fK43guEFKWHak7rkjKPLJNWatfRXevZ9T8otC095NO09JlzhPljLAqwI5HplTjg5yeuDknftNKgaeZZIEjSNCVZFVc4B9AMdwQDjIJAHWvoHxT+zb8SfhxGttrXhfU44rbO6/tYzfWXlZwHWaEMoXDK2WYHbnGADji7fw1NvmEbRSSNEQ8bHZKu0EbWVgCrZyeVJLc5OCT7OHrUJ2cpxbdndu7vZJNJv8n69T4LMMrzTDVJRdGpFJ2bs2mtOqTtfumvyv8/a7oDXUsl7CpcFAgAyW3BTyM478Kp9hXBQ6NcxXGZbYJtXerqrIylRkNnscjcWyBzyQPlH1NdeHrmGERS2xX96d2FJHRjgheCSByegyQcd8S60RSkmYFMiI7OCcjbtIOR8ufU45wcNjbXoRrUXFK6ld6rRq99NHoraKy2t0R4EcHi4VHJ80U1okmnd77va1tnfe1r6fu7/wTx+OPg/4afsfaHa678L1+KGv6z4h1ixhgtQbnXLJJS6rdbfnkligz9xgVRQwCg8n1rRPg58A/iz4I8a+KrzxNp/wa+JGk307W/hO6Dw3Wpw3Eu+G4a2mb98XBw0MaAAcAdz+Wf7EXxp1P4Za14as0vLHR9IFzfCK/wBRj863guLguoZgwaNVJOOD6ZJNev8AxT/aD8Hwy/EnWSYfFXxT1eRNO0++gTbpenW0Lkrd2JiIiWRcBjkcsTnGSa/T8RLhjMMiwcK2Gp0sTTwtKNWrRtGq6qSTaUfiu1d9m73dj+IczxHizw/4k588oxuYYrC4rNK2IwVCs6tXBU8PKUZXnzp07Q2jFO2ul9Ue763+x543bV9NXUrPwj400DUbRrnTb+1W3+0SK6bgtxFbgPbMFwcyY2kFtrc58i8f/wDBP7Urbw3f+MrfRYbfQLdydQ1PQ9SjvW0/cxDpNYoWucRA7WYLjIXkAV3v7D//AAUytfg740Wf42+CT8QNBurG20s6nBGBfeHQmI/tUFpKPInVYywlUxu0i55zjP7PftA+Ov2cfjr8G5Pit+xtrUVv4sW1aLx/4e0yaOGa4srxP9KeXwrds7T3cDNl2trcLkEoAM1+T5lw1mCq01kWLdZV5WjSqyUbN2srtOzV0l0l0d9V/T3DXi3DA5e4+IWU0cJUwkFKtjMLBqM6aceasly2dl704RlzWTaWlj+XHVv2arGzhlj0jxjpusCALO9ky/Y7zYSMxkyFfnBwrAkjnp2H5g/GLwPrlr8UtdhtdKvXsorSOEzLC8yb1HzBZkBGQfmGBnjgEV/RD8RP2X/iTe6PJrkWnXMYnsE1BtbtLSSCKW0lIcrcwIu63nUlgwcfgBX4pfG/xh8Rvhf8RdX8L250/UY4YLe4CXESSM8bcOC5Us0nBBAOFBOQW3KKy3A5pgcbSw+a4apSqrV3jo7cusZbNWva3TU/SY8ScI8RZY8w4dzLDYrCyWsqU05U01FtVE7yg07R95dN7b/Gc3hu/gUNPZ3mVcgloXUqOQGJKkMOh5J6D2xTl0OeNtzW9yoYcHyyVBc+rA4GM55JGMAEGvpNf2gdcjxHrfgHSbyFu8dvGNzFfdD1B9xyR6AWR8fvhu5Eev8Aw2eNmB8xoGAAGT/CoXAHJBIAOMA5PH6HTp0IxTnSauknzLSy5dfJNfffVbpfI1YYavJexx1KTbWl1Kz91WtF3a0Vn53unofKM+lzBwyH5V+TLA5Yn1UsD6ADGO3TNUZoJIg+2M7sAAgggcnqQOwwSATntnOa+uB8V/2dNRVo7/w5d6euTy8TPtYkYGY+wBxnqTt5Y5prXH7MGsoFXWJLBpGJOd0Kg4Azl88A/wCz0+nzTz4F+7FxTel3ZJbarXS1r3u9bKzE8vxTd41Iu3W7ae1ujvp6u/kfGkisMI4kwSWYMQVDHgdiMDPPHGM4NeaaurDxGpMZICjAOQcZOOO3PXj6dM1+gtx8OfgVqY8vS/HiQFjuDSXUWVycHcSRuJHsMZzjHy1xt/8As0eFdU1FbvSPiLpbNghQ9xG8jELkBcPwAMnLZ59OteRicLCpNck4XjKLspLX3o2v3dt9d3vZHr5fhsTRUnNprlaST1u+W23yu3Zeff5ysIhJ5aswjBVc/NnHI6YPGc9ycA4GDwegjt4SOJHGSB93AHOGORgYbnHfkjccmvoi3/Zk8Qrn+zdZ0m92puXfcRqG2jhh8wzngAAY74IJJhk/Z7+INrGR9jtLkDDZhlRt59gCfmIzwO5r1aFKNOEYqSbum9Vq9E+u6uursu6PmsywGNqVpSVGTg5tqVrrS13o7LR6p9XorHhEdrEzhVuBgEk7wAcgY6Acgnjr1PJJxm6ltFlS06naTk4O4A4zkjAwT78fia9Sm+DXj6zEjyeHLorv4eBPMJBBH3QGAPygdhgjGBWLP4E8V224S6Bqke1toJtGI2+oyBnPGOhJJ59O2FNSSbav8nrpZa6r01/z8WeExUfiw1S1/wCR907uzbsl5d297nFMsKDiQ5JyePm3KenfAHXkcnknpTFba4JcknLK2MADk46HHYnOTnoRnFdBc6Fq0IkabTb2IqcLm0lBBPByME9evP8ASsu4t7mIMJIpkIXO6SB0J6fdGzGOD6njI65BUhGKXR/yyT6pXavJ9NNFZ6nOqE7u9KUdbv3WraLpda676XS82VC5IDBm6EscEnJHHzBV6cf98+mDWtZCf5PLRiWXaNwwpBJye2MHgHoASepBEEErlSESMHamHIA2gdevr0Of5YFS3F/dLFIqIMomFdeSo7ABVzz2LDoTx1I5pq0W3FXdnd9laz+HffS78nob4eknUjq4p6Xate9lppJ+WttW7S1PIvHjXC+INPeRyZEYEEncqhWABB+Y4OD2J9DknHpuia/PBFGs7b0G0SAL947ecNgDk4HIyecYJzXlPisyS63YPKzucDcW6ZbOVzjAxjHYgAYOc121rLGsaIYggKLnLdRkdQeRnpx82MDPceRhL/Wa/KrXktNVayj5+d/PS99j6zHuFPA4FOTf7vRqT1aa3Stpd6p7vZPVnq9vqGnXKpjZGFIDhmAkUnkZBwSpwQcAEEDknOL/APo7F1Vo1V8OXRwxxwVO3djB6s3HTNeRLIfuhNquMglsEDIAHy54wOMcZzzVhLiYErvZdpx95snnoBu5JPU5x04A6+zTj7tne9/is11SdtLtPS6vZ9N1fwlWUZKVorZ7JO2i6xv10v1TtfY9VgvI1dIWkLxk45GRtGVP++DkZx2461vJd2jokbSFiCSucAKRgD33ZC46g9s5GPJdOu2EwWYsyRBWUFtu7sVBzyMHJJ4GCpIOK7OEJciTyT/CG6klCw4AGQW4ztxnPIA5NdNKjUlrGX93vorXTe2lvO3oiamYwitUnLRJ3etlHurdNF0t8loXF1AZCqhWiDEsxGGGSOucE9TyAQvIIxgVUujFJGYlIVWX5QcbVI6cgcEDA4Hdu5XGfqFqTbPMkhVl3dAeche3rnk+vOecY5Y39xAuUkUgAnacnJHGDuzznnrnvzkbsqtOpCSTera21TTta+qfZ76dbq6Jw2MjNu8EuslGyvtrvta91azvs2aF5GsasCxJGVAUZLHtknOc9jgfd9MLXiPjLMd/ppyGVrgF0wcqeBg5GRgD0J7c449gTUHkGJY94zu3YZSM8Z5CtuOOMEAg554z4344kLajp5VWVTOTjOSGJCksOuRjPGMj1zivIx8JRpK8Xfmjfd9Y7J9HdX2vfa+30eVV4VMSknZcrWmjTun1166/fvc617GGS2hmTCl0UNtIU4zgBgO4xgZBJznPqtndy2MqhGkKq6hlIyCu7KgjGDz17ngk8cssJ43hhRn3OFC4PQkjAbPTaB0HI4461cuIDvfai843NnAIPQgAnnj5Qe5GBliDnCnpCUE42UW7p3StHTeyTu9N2rq7Whx4qbVeUZtt8zVtX2fmle19Xrd7HXLrKXax5Co6YMnOGwMnqORgHB79RkGtMXcSyRqzGSNk3pyCFI/iJA6L054GCf72fN5lkTLQlt7EB+MEqD93BJIUZOcnuOetZt1rl3aytAxwm0KCCdwB4O1+eVJ3HDHHAwOK9FVeVRUtFo7taNXVlps7db3va2mpxfV3Xd6d5X+yne97X+bTXTfp0O/8R6zGkIjijjLyAxMo2jIxwMYIBOeQMEcsvOK82uL9RJHHFt3Y3cvjaT25xwCMdOeM4JINSS8Nzy7sRyy/MTyB/Eckk+vvjPNZE6rLK2GGc5JweDkHbj1yCew9+ueDE1pNpp3vypXTsl7qadlre3e7bWl0z0cLg1GLVSEndWS001SaSaS17312T0sdLBqR4ichG43N0Xk8kdxnI57gjjpWnLfyJHuQxugf5WLbsrwSpX0Yg7vX6dODkzEAd5PY9QTwCRkgMB1z3JyMLg1LbzTY+ZmKBsYJOxs/eJ5xu/vfp6VzfWuWycdZLZPd9PR/EtHfzs232wyqM4ylFOOqtdvXlcXa1+mu3fS13e1rsj3tvJKwZchtgxwwAYHHXjb24yRjAJrg4rZmjVdj5C7lYLu5z1ZQrcc9CPqRk59GvRDJYThWIEUbFQPmA3rjIIPAX0zkHj0ruvhl4YtdRtYpLiOKZZpCrhwWbywQQqg7sEkY4zgsfXFc06DxdeKil7ySu3dJrlVrdXe6W1+/Q7o4ylleBlUqNuMJK6W/S/y13srWfQ+dZLPAG8ncM4yuCW5ABBI68ZwQeazZIGQlirBRgbuOpOcnAK4zwBzgN1yK/SWL4C+Gtdswxsmt5pmxvj5MeOFOOAFyQOnYE8YFeX+Jf2U9YSC8uNGvVm8hmMdrMCrzhdz4zwoYkZQnJI64Gc51csrUW1bmTStZtN6p6WaW9mmnprdtGWB4syrEyjCVRUm2l7193Zb201une6enS9/iYDB+UAjPU4J4yMH8c7T0UHdjGMN3HA3HOSxHP3ePQNngkYJU5C8AnitvWdKu9Iv7mxvYGgubaV4ZEcFWVkba3BADAkYBwB91s4wDi4wwJycgAgDA9QD04B6Z5OMYPFeVUtF2lFcySutrW73WtlFW2erVuh9PFwqJThJOMldSWqadnfd6a7q1upHu2/ezgZwezFgByOgwDjgg8nqcggZsKV2qSzfLyTx3Oc9ckYGG/iHtIdrsFYDCkHJPJxgbmUdOcdBzjGOwYMNjJGSxyTjp2OQOMc8evQA9cm33633b7a77207q2uo3FWW+zaeuraSWm/nZ21uxBIzEgHDMD0Zl7AhgM9ScZxkZGQASCbMd1cRglZpVzydrkHBOeMnJIwAcDPTnrmq2EbcvHGBjJ6jBPHbpkY6n5ehwwtyScHOMjjoei5zkjO4k8EZIznFONSpFcvNJ+ei7LXu9L7L1dgjTpyS5oRS7W06J720063WkdrNmzHO8ySNJI77WGCzE8A8jknAGeRnj2Jr2vwvAj6bb5VdjISAcAlueWx2PUA88DljkL4bbqzJLuLbAVZmHIxnnqMd/z7HnH0H4YtT/AGTZhSpEkSyDflSABkgtjp/dPqSP71etlUXVqSk217qvprq07W323v108n8/xC40cLGyiryVr6LRelld9ra2+WhJBkFlySQBjcAe/wDnGCevJFSQ24ZgqsFBGNrEAE7cls9MdBwfXjJqzFaeYCrMTgljyckDkHaCSQxxwcnoAvU1fSAEAsCGUhck/L15bHoQOTgbSM4DYJ+lp0XdPmfK47uyTty2ej3eq1SstLs/N6mM5HrZ67t3cryS3T2e0rq2u2typ5XlkZYjkE7f4QOAOw9Dnvz3qAxRySkEkADamVwOuBkD+E8HjoQMZPXoUtwUJYKwyAVYqDkdSRxx/d5B64JOMxm0XcpkXCKOqgnIJztY/MvTO7/OehUU1bZabrTS1rdFrsvK3rCx0dHKSvfrfRvlVrLTyTt08tcL7OqMBtG0Lkk898gEjvnGDx0xjjJgMTZLJhcAgDIyFOcMMkE84BBwO68jnpjYiQ7S20kZGdwBUDK5yT827jdyffgAwPpsu4IVViVOHzkkA4AGMbsdeOxzjFDw+9l2V91ra+ujvb/N9LRLHR50o1EuZXVnoleOq006rV6at76YUtuUAcE52g5PIGQeApKheD0PDc9c85k9urbpF5wMkkHdvOScDAA7559cABgK6SS0mbJZW2qdpABAIxgA4ByM55zknvxVCSymyAc7MliQDgcfKvPJOQD6H68CJYa8W2rbeT+z5/fpryu+6v108dNyg3JWdtU+bdR8+VvV6t3632Z4x4uiaOIMwJZ5CcEAg9T0xnJ6HkFT1GRkZfhWETSz4yw+TIPXOQMEc+nfr2yTx1Xjy3EUduCApZjkZzk9/fP16549s/wNCBcTkqWx8pG07j06jtgjB6HvjORXy1WnH69aSbScVZX39126J3sn1fRn6NhK6jlEark2nC9311S2W+tr7eux3Ntp6FX2JjcoJLjqeCdpC44ICkjqefXF9NKj2xFVBJXGSTy2QAwAAJ6gj3x1XBrfiiVFDCErlCR/Fkng4BH1yeCSc4HSr1vErPEWCqeBgrnA6ZJ6knsOvpnt7CwicIyUbLS10m3blu/w011t12Pkqmay9ryxd/etp8r+Wm2jS6K2lsSDT1RYy0bbUOG6/Ng4AA7ZI29CASO3W5JZoU3BFJ+XIOM5LD5QAxIIA9exJG3iuh8qPeWAHGSwOCDkHB5I4wcZ+9ux7mo2jAC4XA37mJHK56ZOAOCcg456etQ8Imk0rvd2W3w7N7636aJbG6xsUuac027WsrtrS9rba766q62Ryw05ZGO6EZzuVyNq8dAVIyOhHG09zxgiB9MiJkJgUfLywwNpHYcdD14zyehzlerKLkE5JYNkhvxywYkjjtjrk9MUyRV24IyPLG1gQu3GAcjoSQMuM9cZJArJYW7acNU9NHZXcerXK7/ftrvbT+0YKN+e/La219kr7t7Pp23tvwVzotsNzbEy6nByMqVA5Ix8xCgAkA9hwcVgrpULtInlR7VAUspzuJPLHbyVPOeMEjIPQV6HdqQuCo2qCCQvO09wQ2dpz0z07emVbW5IlUxK+9jtZhgnLDCnC/NjOOfc9yK554KD6cr873vpa7tf809rp79NPM5qKcW2pW6t/wAu2jdr2vt2ued6npy2scrKWBVHdQCQC3bIBPXkDvkEgY5rG0e7voxKq3tzbIynBSWVVJ6jd8wJGcgjkc84r0fXLcJZTh0VDs2sTwchfw5U5GOvA6ZArzzT1j3+WVDBNwYEnDIDztyTg46HgHueBXjYqlGnUSSbair20b1Sd0mu/TV39WvqMqrzqUedzle9lq7391a63vr532Vz7Mh0DXLh08myEanAJkOxj125LgMOckHOAcdwTV8+DdQ3K13eWlvglmZ5cfLyeADgkZPzEcA988eaaz8VvFl+ZdtxBYqcN+5iHy7idqjKjIAIyQGHOcYHPluo+KtavJJTPqV3KeuDOwU5+bgDA4OeAAB0wSM15kMtruzls0nqnvZab2v523PoJ5nRWiTk7a66XdvvX372ufSpsPCtgWTWPEUSOpGFiKnkNkgEEnkHj5WxnDcggY2qeLPA2mljbR/bsAlZpJOSVGT8u76cHPPrivlxr+5uZgGkfBZVOSW5znlnyecEhQfTg5yesOizNbJO6oQ0JK9toUAgnqMkDkc5xzg8V3UsrU7czdoqOqTTvps1o+tlvrvbU4q2cThblik9Em9Xf3UtE1u9bq1vTQ767+LVpDK66dpsCbDtBKks3U8ZwMHGc8gcc1hXPxW8QXSuIZI7VFUhVRPm9hkk9OuQcjGPvdfKbhUSUptBIZgzbh27g8qOhz7YJOMimqxUSbQRtVsgjJUe5GcYOBnJ5/Cto4ShB2cItqyvu9LX8u+2t9Nt8XjcROPM5aOK77PltvrrZWS/Gxv33i7XryXfJqF187BXHnMmQPQRsoA6jr9M5Ocm51G4uCTJLJIQS53ySOQAgzyWI7dzgY5BAzWNnMiktwcsc9QRjbzgYzzn2646GUSFw+AF+YkHA3DHUEZz7cfX0rdQhpyxVrbqN7pKOi9WrN/czD285fFKTVlo5NWSSs201Z/g9X1N3SpklnSOZ8A/xbjjJYHIxyfqSem3HTHqOkWaW13FdR7ZGTDBSCRKASN3OFPvux6n28VgmKShlBCxlWXjJOGyc7j/ABYwTn5TlQQa9M0/xhZxxxxXMbRhU6IOWJPBBAzyDzjHGc9q6aahb4LPeL3S1VrJuz36tt7dNeTESbcbPsr+iir+m3n1t39eu5UnEdyp8pMhpIYyAFboeABwAOwBAHPFeeeJnikuo7mNj5ZYAcEEBARx3OCCDjOSRgYOBXbxjZrAyxGQYBAVQRkZPUMPlyfTHXqMc8hqPiD+0GhC27IEK4ySBkDjOCQu7aCDnHQZ9dp03ONoxjZ62el2uW/RpdHZpWurdzljKp7RpyurLRu6b92zSSto9XdPVW0ueh6bcmWCJGZuG3LHnAUbupOBjLHjoeuRgjGjrNl9rgm82WLb5KfKj7clcDJHodpw3bqxyAD5NFq+oIXZJNi7QuFVjuy3YnqRjqAepPP8Mcuo3txkTXEpU9F37FI4JXHAI9htBAHaoVGMlFONna2/kvXZPbbyaRhKM1VUlO6TV27tuyVnbdWV7PZW17LC1WILcywryUY4IORtBIGSDnkHvkdeQeDmJCxBTnGCRgHjnOAcE4Hr9Tnpu0bksrMzcMTsYlgODu25zz8xwMHkHjnk1USUliBlQEIPGT97Ixwc5JPbOM54FcE6bjNq1tb9NNFun9yju+id9fcpTbpx3bsl0u9NH03at25k9bXY3y3AGAQckEEqxxg8rjJ5BGecgZB+bmuu8LW269j+8GcuT90hRkHA5GQQeOcg5PSuaU4xnIPIyxGeSDk9OTxjA9emcV2XhQiO+TJYZUknqMHgjjrgg85xz1YkGqopuouXW9l5WdrO6tv9+ncc05Rcpcq2jbd30aW621Wlt09dj0r7APs5JjLOGwpYYIwpwDwflyc8j1wOAa6r4Naer+P9OhmjCxu7guzMY4wSeWAByMjbz26Y4rnLi8EluWRWLuQoDNtAK7s7cYJOPu9BnGW7HoPhldi38a2DxEh2DZLtlAQDwSCADgkfNnLZ4DEVGae0eBrO9mqUuR6X20fd7LVa6J9B5dJRxdFv3kqkG1fpdXu9bPRWvbS2lrH67XnwajvvAqalpwikT7P5zLFlnLHkOCBx64PT0z1+DfG/h+40GeYFWLW9wr7+QUYOM4BwccYO3GBzwSa/WP8AZpvF1vwHLaXojnaSSSBQZAzRRgdlbJ2kgZPPUgH1+K/2qvDY0q8uri2gEKG9ZfMQYU7SwBA6AZBYYxgevOP5vw+dVqua4vLMW7tTlCPM91fa0lZ2T1STWr6O5/QlHA0v7PwuNoJJqnCUuXR3UU7Xsu+vns2dN+z741vUlsIBcMojwJQxOQMDco59ei8EEcZOMcz+07rtzceJ4pnO5cRlQMsRtIKHJJwcAkemT2BI8Z+DPiK407U7aMOwUyAKF5O4kA8YGDwvUE4zgHqvbftEtPLe2M+JAJoEctjIDEZPI4H3ipXjJ6cLk/n1XhbC4PjWGNVGEViKc1dJX1Sbey8v6TP0yfElbGcH/V3UnOVCdNayk7uKjbRXVklvdWWqs2fpt+xp8QP7b+HNzY3M+9rVRasjMG8uNUZR0O4/Nk/dBzkD7vH5s/tM2yx+PvG7I52Je+dGobbvQPncQTnGBjaT0JHPOfcv2INcvha+JdJhE00pjWWSONd5QbT/AHQdvGM84J64ODXj37Tmn3kPibXb17eRVvVR9zr8pHmFCgBHJYBsg4XIIyGzX5/kOQYfKfFHOPZKMFipqqkrXftOWTurPR3d97a6o+wzLPJ4/wAPMFUqSbnRpuMpWbtyR5W/ldWtd3ex9j/8E3vGlzBr+m2oWWVnkECJbgs7llCgHapUKM/XPYkCv1w/aO8WfDXRv7EPjpkmt7Sa2n1LSrZ1N9LbFgXR3APlnHUsAARwMYFfz6/sl/EvU/BWuaZDYvDpf7x2MqIpu2UqOUJGR1yMqCCQdp617l+0f8SNY159Rle4uXaW2eQ3Mru8k0ihiCzFtwBY9OVB5weBX6RmXANXN8/WKgvY058t5RupO6W1laN2t7bK2u5+S0uMoYLLoU5S9rOOiS8rOzu2lrvJ2eu7PdfjB+0P8Nrb4oeHNX+CWjWmgxywC1giu2VrjemENzIg+TeTnkg8jvkGvMvjlqmv/FLwnq02v38mpXKWk11AinZBbzFCCEUEAA7c5xgDBwR1/JrQPF92fH3hue8vZpWS/dG3McKplACgEkFQScZx2HXiv1i0BodY0SR2Gbc2ciSBiCW3RkkkZYdO3zEAnAB6/o+S8EYLI1h6zpxrYiC0rzblUV+VtuT2tr1WitsfFY7ivFZpGrTjJ06TcfcT0cXGLu0klrd7r8NV+Hviu0m0TX/LbEb78oRkqCknzEHGOxAPPHTAr23Uok1fwlb3ol3SR2aKxzhVG0K4U5xvAHYAAE5Bzmsr9pPw+NC8UWzRDMNx58q7TjCmU5Vsc4yPvELngDI4qn4F1aO+8H3mnSEyzQMVVsrsCngBjz6ZI9iCc4x+hxTlSo1Irbld10tytX66b9ld36nxFStL29am5WUorTW7b5WrOyVtVu9trbHxv4qtzZ6ne7QykyALkgAEdGA7EnBIOOc9Bk1y3mkRso3BsBmI4BJ56AHBPPccZBIBGfQvihE8GuzIAiFlUHbghSCcnIG3JGegx0ry6CU7ykm6Q7znnAUg9ck56r69eeOMfT0XzUoN6vlS6dk5RfVPolayut9T5+okq07PrflVuyeuq87JaLrszu/B3jK+8MatbXdtIxiMiC7gJOyRCwRiwJIbAbl+CABnnp99adcwaxY6fqMHzpc26SqwIKgsBlPl4BznBOMdDjrX5nOQpBXOewJBY854GQxH+8Bkcgc19o/s9eJW1TQ7jQ5pg0+nyAxq3zN5DAt8udzYB4wenGTVxlJSSsmnbTrdOOm1mtd/VMKbu7JtN8q07XWi6rV9e17o9rVZYnlikAjR5B8oAY4weuB0PTAztOeM8HmtfszHZXEwIMXJYAYJC9ju57nIz2Jx2rsntMS+YZdpJymSzYH905zkkZPYjvgc1R1G2W4t7iNsMrKVXABzlTuGMAEsexxgc9BWs23ZtJPdW0tZx6JWV72s0r66ms1pZu19VK97y0ts3e99fN666HiGhTg6vGIwpiml56ghgSMdwcfMoBHuemB63Lblkk3uoTDNEOfkyRlcdeuCCR9QOteRaen2LxElu6kiO4O0HaoO5gcAYXOMA5A9cYHX3mZIvs7Tood2hbzFkwcY45GOGA5yccn0yK89vWV0le3ZK2js3vo7bbLXXZVTd1Zdl2btptrrq9k/W2hwniiFINJWJ5Ekku5YYwSAdvOSBjswzgA9T9Ce30awEenxQ9SIIgCv3UGOckAewwTkHoCc1xetMJ7TSVkVQ/28FhtLdMkZI4AA+7yRzn3r1TSolS2jIOEeFVAC4IKjkt33ducdRnAAAqKTtburaW9260u16Wa7LR2bM6tS2l9LJ2W70S0Wmj3bdrPe5DHCqmMFmAJ2LhCSEPVsnnJ4xkZ+bGQRxfjHkghGZRGGBUKCTxwWwCB7DGeQNucGp44ldWaQbSVcr8yjyznqoXpkAYJ4xyRgHOxYW6TMjMqlXfy2HV23FcFgp3YPr2HTvXoUaDqWjq1sm93suiV2r3Wut7vocPtJJrXolq/8N/O91ro+22/PW2hySslwXLGVt+wqcnd0Ujtj5evXpgnIra/4RxmzHJkLtbPygjcw/h4+XB6BjhhnA4GPSIdJhhjhVEEamNizBSW2gcDpwB16jnnoQDYEDIJsglSAy5A5ACqOfwAPByPTNdUMrhGzd3Ky0bs7XT620St+G5UsRO1k7bLSTvbT79E33djzG28I2ySt5kXm5CqWIQbR1Jz6YPAPPQHoc70HhuyRwVtVGxQytjO9u2SCenzYOMsPUCusjt8fORlmU7h3DNwMAcDAA5Ax3x1NW0t/mVVBCoR8x4P+6MnIOc5wfu4wDXTTwdODi+RX0s7LdSts+iSUru1ttzB1J3XNLR8q72d10lLyWuj1Sa1sZttpcYUqFVSAJCq45J52Y/hB5JGMc8HOM9ro2nKrIAP3jlCSQDuUjgYzkdcZ9ATjIXOdBbOJGG35SjNtClpDj7xwc5ztAH48jBrrtCtpTMBy5wCHKgFBkkggZxkDP4YU4NejSpJTvbS337bW3010tZ332RKySvNvm312u0t/u02+Wq+D/wBpXVFHia/tlkR1tbURCMsMKxAYkAYAwQMHI7YA5WvhmfUXa7ZWO0oRtAO7PGevQ8ep46dBX0D8e9deT4h+LIjK0jpdmEAjKgDOMDnjPcDI6gDOa+YZgfPmYMpOeFJIIwM8EDAHTGDwSc44z8di7TxdaUlo5vRay+JJO6aslutflqjpThyRa/w3ut01q0rPTmtZtr1P0X/Yy8W2kV/q2kvpv228uoHZpSu6GNVBISTcNqgH5gcjJIxkrx+l2jeFdN1W2hu57aIO5ZtkG0IjBgSpC5+YA4yflByF5Ar8HPhh8UNT+HQnn0cqk92AtxKUy7xA/Mi7gSGweSO5wfU/X/g/9rrWtPjQzzShGAJt879uMEdNxIPfODyQOcmvayvN6WDhGlUhzLmum1aybivtLpr9z0uc1TDyrP3G1ZXtfq3FaNu91L8enU/VaLwdozBHECAK6lQ23cW3YbcSTwMZ6HBwcda2l8M6VHsjaCPKbnBO0A557jGeM9zn2r88LX9umBlCPojvnbErqRkPtO5+vQHJOSx/vAHJraT9q9tQMV3awXLzNIBJAAxiiDcHnABIyTySM8A46fSRzrAOyvFNuOihF2TtdNtLWy6Jp+qPNqZfi2uZVJW0vaVrLS93LRq7W1/wZ95w+GrEySMtpCCVJMhChSuOAcEDPTPfOTzgCpV8N2jKqtCjlOAhCAEt0wDxznOOuQOo5rwTwl8eYNT04Sy2dy7+USZJVCozrwUx/EQemzPGCwHUaF38Zrye5S00q2E91IgyOf3KkAAEYJ3Hrn8xyS3tYbEYKpTi1JcskuVJL3rcvxR1sul3dO+myv51ShiKbSU5yeis3dXutLrt5J6rsnf0fU/Cml36SabJaRsZsm4V1V1EJYEgjBwVztGSCCM54rl3+FuhS6hGwtYc20ccdrsTC7AQCCVH3h3x94j2yPT/AAbpF7JpiatqXmi/1RGkMb5byo2ywXB7EdDjHuDg129raRpIu2BSUQDcwAw3QMCMgt0Ix0xjrmuuOAwNZwqypQbsteVXW3RdeumqWmhzTx+LoJUoTm1u2pW5neNm1drTvd3Z4JJ8GtAuI2k8iJZmbJ4Bx/FgqcgDOAOB09DmqyfBjw+8yxSKrlFLNhEXIwB95B0ABJ5IbgcHmvpmWwXYMYLyFVIABVd+SzE8ccDnJxnG3FS2/h/EvyoAwU/Med47ngLg9B7Z4znnaWW4Jpv2FNXaSeiei0vtv1drOz7aTHMMwbSU53stL32tq2mrJ3Xo0z5yt/gpoMZ/490JbJ3KCMjBJyuDgrgAYIxkAf3qWT4J6CR5q2sZDIEJfIYbjxyRkqCABjqQDk4Ir6mg8PSqfOCI7D5QmduP9ojjBxkkAkkdDzT5LFEdFuIV4VsqgyMjkFgVUjHtx05wSBnPLMt5bSpRva0nbS7Sa7LV2tZdL+vTTxuOVpTnJLbd2+zvdvu9LaWTs0j5Of4L+HFLE2KsMbQCQvI+8w4XAOcHnPT2zPB8FPCm0qumsGVslwSOg+6W6HOPUqDz3Jqz8ePjvoPwaisbK4hgvNZ1O5jSK1BXNtbO6rJJLxhdq5IBIGBhRx830P4L1XQ/FXhbSPENhNDPbalbwXAMbI4jkdQXjOzncpKkgnggrxg15n1fKHVlThShKpTUbxcVfVK7au21otdbaPqd9PG4pQTcpNPXXy5bLV9PlrrutfnZ/gpocqvENPk2OQYxyQOg3Daepx8xx8wxz1xz9x8E9EgWRDZOrt0cPyOg2gng5HPBHueoH2e1osJkdnXYwwgAUFQemAxOD90N6MQOvX59+Mvxp8C/CFbJfEE32m9v5Ehhs4Y1MsaEgNK2ThQoJIz1GQB3BLB5fSjOcqNOCXLJOSsrXSeuttNGtX5W1FHHY2c/clNuzat0Vo/pt9+tkeNXHwT0uRoo/JuEcYIkBXCAZwOByD0GeDxyoJNef+IP2etN1Gz1PTLm8ukN6d8dxFGDLFtJ4VgDheg4Kj5sYz1+7PCd/oPjPQdP8TaHeJeadqFujxsNhMbsNxicdmU8MAvOCueTWk/hyKXdLJAu4tgNkfKp5wOmcn34K85xXFPB5fXin7OCUk7NNaq0d7b+XVa36HbSxmPjOzu9k27W+FJLfVbX6rpc/KO8/YssLxRBb61eZljUebIhK7gSdpAGBgHknvyfQZ1x+wkyJEh8R3DPKQVMUe4ouOVYLkqMjOecA468j9dYPDtkkiqFSFmJYEsMEYwQAcYzyeAByc8banl0XT4GWXAGxGJdSpGA2DknoMdc7cdCTivNq5TlcoyjKnytrZX7R2ba7dfwNpV8ROado6JOys97PZ77vdrd+R+OMv7C3iaNfL0zXGnHmZUNHL+73EkE44J5JyvA6sOtZNx+xT8S7Uuhuoh5rAIyq7s6qM5IGWGcYyMdxzzX7Uw3Gj2/lSHUbW0jdXZ3nkhQOSDnaGOckDA/XpWrHHpt2qyJewTM5HktEY2JHViNmRg7R1+YDGMYryK3DmVVeZvm2VmmtLqLTV5X6p9PloddNTmopw1Vm+VJN3UXpu95LptvpofgXqn7Hnxj04OYtIS5tGm4IdfNkPQAqWLghhzke/fnyjxx8D/iZ4LhhbW/D04W5DiyEKmbYE+XnywzDOBk/j2Ff0d6jZ2Sbpf7RhiER5DyRk78jexBPygAk8jtjArx74i23gKbTBqGpapZia1ZUiLNHMGLsd5EeSSWBPQEZI+bArwcZw7l1KL9nUmpxs25SVtLLRNPZ7vXXZ6o9Kjgvar3oShppvZrTvr6ad9VZH82l74Y8U2yuZdC1KIlcyMbSYgqW44xyOo3E9e3BrEk0/UVQ4029yoKsrW8xdSOrDaBg9uOf+BZWv6DIdT+FFxassyWdy+BGu3To23IOMbQh5IBYYJ6H615pqlp8Jt8xg8OxXiys4wmnxoQDy2SUB5AIIz26DqfK/s+hBvmxEWlonGOz0XkkvRO2tu5s8qekou6emis1dLfdqz3uvQ/D/7JqKwgpp9yXKZGYJCQ2M5VcA8k8Y9c8r0ypILgtEkkUgmY7WjkRvMQ5zyD93BwMcE4OT0z+kfxB1NNO8QQ32k+GrS20G0dk3S2EbsE3Y2yjy9o+XOCc5I5yOve+EL39lHxuXbxhpMuiX8NmyyX0MOzZeBfnZI0CqAzZPzAnoFGBg+RmGJjliU40KuJp7S9lFTknZO7jF3ez16X76PqweS08XUjT+tUqFS6UY1m4qV+V3U9ujb5tLPe2h8b/B/4G+IPFkWn+KYC8Nrp+uaaJBKjCSTFzG3yIACVCjO7BUnr2Nfr34psvI1W2tmkJa106yi3Yx832cBhg/xHjd2y3tkfVP8AwTI8L/shXPxJuNO+JXxE8PXnhueyuF8M+H9VQwXFxfwxubV3IZVeQYACnO4nsa8t+Plvodt8ZvF9voCxjQY/EWoLphiQLH9ijnZYBGh5KCPaVBPfrxx87wZxniMz4rzDLpYHFYehhqMKtGvXpypqrzyinFRlaV1prpez0R9Zm/DWFyvI8NiKWIhWr1qiVdQknBNrdNNrvdWu013Pmry2guvmPGdxGNuQGP3gBnrnAA5I6ZxX0F4Fskk0ppSrEF1UScZcHqCDkHHPTpkEd6+b/GWrRWGrW9uJSrSjIfAUDJzj0GeQPoDweB9U/CsjUPB0dwhBb7RsBI28/dBBx0xnOTgN3BXn94zSrfKFUbabUEru+r5dLp6efmfAYGKWM5b2Su9Wm7tp2S8r9eve50I0p0jkMZCg8qOQQuOOCDklRkcErwoOOK2tJsXUxkOcKeQpG8E/d4GMknkEcfQc1qS2sskDgD5kULuZcbiMA4JA4B7Y9MdsyaRHIGHTAxkgDJPOeW47D6HkHg4/IMbW96T5o9dXbS7XfXTdPo1bufTpfBdNPRR0VrtJabbbX2Wl9dDXuLJ/ssbckqS7g9cZ6e+emOv48V+Qv/BRSeOH4heC3cBX/sLI5GWGwfXHoAACD2OSa/ZaaJmtdxJAKszEcqCCOp5YZPODn6+v4if8FOr1tO+JXgcICCfDzEtjGRsyeDkrjOSQTkEcjPOOX3r11TVvhvyvbRrf0abfX0d7cWOtSipSV1der+G1tbW1b+fm7/DLahKYlAZizMAikjGCerLjkqR06DntkVzmqIZYpmuTm4iZ2RsqFywJG0YXOAMYwAu3pyCOSi8QSGZX8x1UMMHACrtyO/JYk9SSPTJ5qC91me9nRFbK52FlBBbPIckDB6dsH3B4PvrCVKbjNdHHb3n06Nfo7WV3oeRLEU5q7ur23d4u/Ld2b3XTpt1IoJ7oPIrgyKWwAVBLDkBV6kZJwecdjis+6uI455PPg5cnC5JAfGeFPoTtIyRg8HA5u5mVhIjDcpJZiAMHOCMcdcEZ5HXdzk059PiuB5k7qS+5y5JJQsM9PU9CGGR0B+7jph7ujVraXSvturrfp9/ojnlGUtpNJO/fXRWsmtNfTtfRFOPVBFbPHHGF8xGVUKghTzkjAySCDwOmTxwaw0+1PMYvnVXZc/uz0JycAjIAHODuwAO9dWtvY20McmQ7xMTnIZpCDk9enTgYyeNxxkmY6naMwLoCFX5cYDqRzknjJGTwPfqTWqm18EU3bd30v13Teu2mmy1RKUrrbRrVxctHZO2t1q3vfTvsslPDEs7kJNtjIwqMuCWH3iM4IDA8EYCgkZzWhD4YcQss8uVjBC8YYMxxtbPPXA6kk5IGeuhHrMJkULI20sMSgDAI6jP8RA5Ochemex1G1lFt/LKbmlkXDnHz7ScE/LnOD6YA7VCq1ry91Ws7WVrbWvrfW+1te7OiHJdtybdtLJdUlu/lpdKWuqZyjeHLtJD5KbmYKqHqAMcEqOACPXv24FWT4S1HymaUxsFOWyxOBxkKvH3upAB+hHFdAmpMkpYb1LKMHgqfbB6Dt0+pPFWUv7m53qyO64IBUjPynAYgHBG08A4z6ZPI69WKTikkvivdXtbXffZq7Xd+WkHDVXd9ErXavo9bK6Sstt9lrqc1b+H5I3SQkEqFYkqQVAOSMDCnjjd0wTznOOp/s03Hlh9iOhDfMu0sCDyTxluwBByD6kVt6RomqarPbwWNjd3l1KVRIoI2kdt3CgooYgDOMkD1J7j6Z8Mfs+OlvBrHxE1eLw9Ykq66XC63Gr3a9o1hTJtywO3MijGCeDWf7yrJSTslu21GKvZ+dvPa93rqdOHoTm3ywlK/LZttaq2l9G23Z6K10tdbng/hvQp9Rmi0zTLO41C7kZfKtraFpJWLdCQoLY6H0x69vqHw/wDBbTNIhtdT+IusJo8J2yJ4dsnW41i5I2kJIgJ+zMeMiXAXIbaRgV6NZX2g+GLMaf4A0OLQIfljm1u6ijn1u+VRgtvIIg3AcLEQQNvPUViqLG4uJriZ5Lq8kDObq8laWVmJJHLk4JY44Ix0AB6KcqFPeXtZ20d7QXKo7N7/AI26vv69HCyVlJJO6drpO2nRbX1Stdrp0t1C+I7DSbd7DwRodt4esdvl/a5IVn1W5UYCyPOykxNwCdhHOTx1OFdrcXJaS6nku7lkZpZJ5HeQAnOCZWyDkE57/wCyKd9oiEUasowhzvXI3EDIDEemB7k8Z+YA4+pX0rrM8RwvCFhtycj5fUEEZ7nGCrEckcc67mmlJ2TTSSstVsu/RW01aSR3exhFOVryaSenXR3babbWujXYrxQrNKRtZEC5Y/wlskgZ4HTaB16+4xfs5LjT7q0urb91PBMkttcISGEsbB42ODkBWVc/KM4zyOKxtPmlkwq7iCHLkjI29D0GQ2fTockjIBpXvblLpclykJULHt4OOMg8dzjOT14AAxXkY2spqcG1aStKLfdK66v+ttUjihJKaknZxd07K6XNFptLb8NdL7H9C37N37Uvgb4xfC7RvAPjvSLTS/iP4Y02W1tvEFtFHFJrMEKhYYSqBd8hVSr5JJ5YHIzXtPw9+Dn7Ov7R/j+1+FXxbifT01W0MHh+4My2V1BrB3CBVmk2xku4JUORvPXOQa/nZ+HPje98H+KNE1mG6uLZdPvYL1zGxOYxIDKnykBgVydpwMZ9OP1p8QeNtB8b6p4Q8c+Hdfj0/wC02FrJG9rN9lvbPU7dARKHDqUfzQM5YcEgYHJ/njiHJ8Zk2bSq5ZXxFKGMcqtGcZNxoYi8Xy6auEr7O6vp2P2/hjMaGdZVPCY6NKVXDQhFc0Ypzp6RUmuri2r6PoeSft1/8E4PG/7IuvSa2dNvtb8Aaxqjx+HvEUSGa3SCNwY7PUZUDRw3QRlCFmRZAflz1r9L/wDgkUnw6074WfGvxb4iNnYaj4ctLKd1vyrW8VpHG4ZzG5C7nPCk5yc47V13ww/bn8EftBfDc/sq/tQ6XLqOj/a10uLx1FMs8uwkw2lxO5bfFdxEIFuFZc9WJPX56+MXwz8CfsefC/4laN4N8W6hqdp471JYILyZ5BbnQIF32tpJIpKTTFGAZkJBAUdMFuPMs7zDNck/1dzelKebVcRQo0akoN08RTqTTVWm2lzSpWu2kldLRXN8tyiGCx8swouFLDKnOc50248sqfK3yys+TnUXppq7J2Wvo3x18KaL8RvhJr3jnS1lvdU1HV5bDwbZ6aCIJLeed1dURTiVmUjCoCV+9wOK+Kfhd8MpPAfi2y8P+LtLe01loo5pLefmMGcK6kgrhZBu2tjoQQDwTXy58Bv2oPin8Qfjt8IPA9rqcln4K8NeI47bTdBiOy3u5JJjHJNdIMiRmQAjeSFPrjNf0GftAfArSre1s/ihDIV1kmBLgbflcFVyED4z5bZz2zuAPIr47MMozPhGhTynE1farG0qmJpNSblSi6kYqL0SUmkrpXWtrWVz7/LM7y/iGaxtGDh9VnCjLninGbgoubXV+Tkr2SfVM8/8FaFaRxQhBEIw67Y4wqqSMkcDqRzuBH3fUGvMf20rSbTvgF4luY8Y+12eERfuguB+A4XnsCoAzkV1fg3xWbC4toGt5pC0oRiyMpxkbSMDkEk9M+/tH+2qYLr9mnxRcrnzC+nvuU5Ks0gG3gHaRxwcfL24JPm8B5diocaZLXrczisxw8lf3tHNb3TV9rq1rLU9LjDMaE+GszhTa5ngqysttYped/VX9O/83V1EJQ2cBGlJfKkHc3IIIAbBYheozxznkyQWGxo3kc5IZiitzjBwOcY3HoTgDgd6s3jbWRIypDBXcsAMHjqMKT2A6DPGD0pLS4LOol3MdwBAC/wjHGQDs7jkE7u+Nw/0wwyjKlTbsv3cLqytrFO6ttre7taKP4Zk1zyvd8suurSfLdx2a+z13bb0enOeM7eNNDnPmshbAVcZK+hPHJxz2A5GeDnz/wCDcRjj1h95by71x8m05zlSSueCOpJPbJ6ivRPGzq+h3BC5cPtXuF54LHI3fLj5TjkZPNee/Bq3aFtdWQKztetlR8u3cD8w3dhkN1J24U7sEVnUSU42d0l2s09LPV9V30trbYxlKN7RdmlB6t2vpfVPq036dlc9gvYVbcVfIAzsY4UknhgOPu5yAMEnABG7NY0cMRJ3EM+VxhgUAX+PGCWJ+UcZxjHA4rbvgQdgKDIYMzJg7QcjBODg8AY49cY5xlQIdxVQWDFWJLYIPU9hnByMcDJ25AIqCTfxWbsla/b3fO+j2ffXYi+ttU3bVeXIl5/E+VP1d9NO9+HEca+JbeSPcrJu5JYhzuwX4Ax1HGMdyOpr7KE7rbbQMsI8OSAVyR8oJHAGMAE9SRkbq+OvhsVk1yFwgJUhck8KeS54weucnoCMccivru1cCAowLh+cg7doUDsOo+UcjqCMHA49WgpKnZt2362aXKtbvXXXrrrZdOCq7zWrSl30vsum7235m9NNEc5qUzgZDEHcA4/jJPBHHQDoOBjpkYFb3h+6KSJ5ZfcrKyowAABAzzxzznBGQcc8DHK6mzFyEbO52zgZxhhhSQD29/XjAONrRYmWMsXYMhRmAU5K5AI45J//AFAetyXuyevwyvbpp522tv6vUUG3ON05e8rd3s0+n697WZ5Bqv8AwTz+Pfx38Yar4z8ARaZqq6nNJeWdi9ysdwViDGRGJYIDwQqEZbGFOc19W/Gr4P8A7RHwy/Zo8F6X4w0ow/2bp194dSws43ZNLbGZbq5KBkPmhCFc5B6ccVzngL41/tOfBHx/ca38PZWu/Ds1uzW2h3VjJOl2m3DiFUQsjMOhXJ78nBP6J+Bv28k+JvgzV/BHxi+BXiN/E+qWtxbW3k6bLdW96L2F4x9ns542kLjcXQxoW4GCOA38c8S5zxLT4qlTnRwOPynDZlUqKOGmo4mFONRJKrCUvelFczbimm0r21P6Ey3KsmqZDBU5YnCY3EYWEJVKqk6MpONN3g1spJ6czW97bn8wfwf0efW/iFHZvC9vMb6KATAlQZI51ZxuwCchWYtjnknFf08fsreGNKuv2tf2cY7u4a4tzbabEBJyrMkW2QAHqu4HqCMD1HPzh4Z/YS0Dxj8Qfhj4Z+EOpWmheIdV1C613XdH8S2zaZq+lwTTG4+ztHOI5ZlVW2qhy+0ZzwMfoxq/wv8AFP7Lv7Uf7PviTxfpthH4SsLnS7H+3bJSLOZlYQTsSeY5DJIuUYgHIxyM1+/cA8UYDFZpT5KyoTlhpRUakeWcajppqDTtHmi7WUW9VvY/kbx74GxlfhedJ4f69ThisPWqKnF1FLDqdOdSLhBNtNJp3Wtu237+ftKeANEvPgV8X3jiMPk+A/EEcfl4G1UspGHO70HAJyT0GQa/zfPGvh6bU71re1heeWPU9SiiJJZQi306k7ckZKjHrlh3Wv8ASW/aH8S6Nefs6/FXUbfVrO0srjwBq8hmnlVFkW709mRo3LAEHcAAAWY5Br/Pyi0zQ7YzSvfWklw+p6qUuhMgIEl7OwJBLABgcjkcc85r53xizTE4XL8LP361V1arpq/O3f2V7JXtZq97a3t2DwA4Xy15xmTwmFhgqUsLglXqRioRlJSk4pbLmUNk+rSaZ8hXHwjlCGZ0H2mY7nDKdoHDMOeB3GPxPc1x1/4M0jR4buW6QefEjfvAwyGXPzEHlRnkHAwB045+v/EF1b28Bht7+3u5DIVBSWPKDJOSeuOeozyTnIxj538c6RfatbX1haIFkuY2zNG6mU/LyAoJJB5xjoMDngV/OeVZ5nGKxMIYqVWlRdRXvFpQTcba7JXs3drQ/szEZNlmEwjlQjCtWjTsk3GSclFWXZ69U7W00V2fn54ut4H1mcWsuUO8s5CqC2eSo+Xgg4UryRkZHfhbmxlgUSN86n5gynIUA55IPOcD1bPAzxX0LdfAb4i3c809rpdxcIm4wuDgsNxOADkng7to6j865bVPg58RbKBvtXhzUnYgptht3dQfm4+X1Izx1KHbjBr9+y7NcvjhqFL61SlLkirOpFybSim2pPlumndO9+jPxfMMqx8q1SqsHWjByfLaDairx7K2mu/lr1fiC3k8UziCQ7GG1wpPyAgAkkk9Op27SMZHfLNQkV7QJF85fdI7sAGVumN2M84AG7gngc11V54O1zSnL6louoWEaEKXngkijLjkKGZFGOg5PTA7g1nDSzKwGAFkITYSAQFyNx4/iJ47k5yeK9+FahOmpRnGSad+WSe7TtdNpro9NHayPG9hiIJxmpQl/LJONuazsubTS199272OBNzKESIBnfqF6dhjABOTjuAOMqc4GOm0Jr1WXyVZPMcAsc/d7kEdAQCTwqnHIGMV10XhKwt5EnuNjAJlQrZ2kYPzLn5gTxxxjpj+J8txa27tHbbUWLhW29Ww2AucnCgDr05x1or4iNSDhCPVRu0klrHbS7sr2tdJLbVjo4WVOaqVJtq7sr7v3VrvZ3ur3drep0MGp3dnEGlu3MYA2Ycjax28nJBJyvU4A9cGum03xFHcoI57gnaOMkKjEjqSO+PmGMD0yBmvH3uZ7qYR7naLeuMIcMQcZwMAYwTnt39K6qHRS0CTQ3SmRUMjxhwCABwuCfvAkjgY4HHBryMRQgrNtqUrarpdrdtvTpvv0SPcw2Oqxh7OMW1He9tbNd3ZtaW630dtUvW7PVYFXaJsHkM+SRt6gZwflyBkn7xwc4Axj+IZxfRMrOpiZQq4AZsgbg569+ARkDtnv5vHHqoUykSGP7iEM20k5G4lcBRgkZ/4CCDk1mvqN8sxt977lwrBeeHxypJzgcKSCR0xnGRz0cHLmjJVE1dNptvlbcbWun8vXW/TreZXhyVKbS0jstHprbo2npor6n6b/wDBPweXpPxYiVlCIttnA2liAu0nGSfpjBJYnJzX2rODIxRgeAAc/Lk/MPmyNynIJ6cZJGBxXxl/wT1hjGi/FWQOd7Lah1ccBdik/N0znOcevbNfaknl+Y0m7oCUBGWOACc9hk/UfdGeK/U8gSWBhdWfNv0b5l116aerS7nzOPmpSUZbaaNdE9elu3Z2+4xpMl3LjgNhguFJIGMkDrzyefc9a8p+KKbrPSAXYj+17baOeeQADgDOCTjg5Izx39TZSQz5AIcnvlsdGI5BJwcD15xkivMfiUwFjpchYZTVrYkMueAw7c8kAD5flxk9eT79WP7qSWqst07LVapW18n00Wp5MZRdRK1uVr12XS2yv8u/fa1QMBpQKgyLd2xck8kFMgYzycAEgYwM855Hs0MrQw9OoG3HJ/1ZzxuOQD1BGRkE9c14vqEzSHTVVDxeWuXAAJ+VTyenBYYGT17Yr1kbymxd27CHJ6KAhDLkHOQc+mc5BHzCsqMV7z2emve92uVdbrbzvr0MMc+ScVfSy13v8LT63+R558eLwL8APH5kZSvlYIIyVJIweCOCQOo68HOfm/E+3v7gNGsMWMBY2kAxxkYGeRgZIPPQ56c1+y/x8eNP2f8Ax/E7YMiLt+XcAVcAk9+eCR244+U5/EeLVXit3jQsByxLY3bh0IyM4XYeuSM4J4Ar4viGnzY2KSd1Bdbp+8nr3v8AO/Zn0uW1ovCU3dqzfMk+yjdfLR9rXbs9Dqr6SOdCsxYyIRkgAqRjgDBzkE5PQHAwRmvPo7Zm1GQBiAwLEIBhupAJwOnTuCTjHTGl/bBeIhy5PXJABbjpnGTyPqAQB7ZMV04mLAk5OOFIJJYjqcYIPX9cYrxKUZQ1T5fnr03/AB009DpxE4t+7G+zTe97Kz0+7S9++pq2lxcaZcZYOxGGUjhlB4xkDnDdB6nOOpPpOg6j4h1CZm+2yQwldgdsoD0G3JCjoTkkEnODnvwFxJbRLGzL5rOIywUchhycgHHcZyMHjjqBeh8UGApDCZBGu04wDswBjGQTk9R9flGQMXKc5aJ63Wt27PS+trrS+zsuyLo1PZyUm+uiV021ZLVNWt3V7JtvY9+tvHb+D3+wGGOee52tIzlR8zDlmOCxO4cBiAcnj13NJ8ewavfw6Zf6dbXME0qu2EViGY7Qp44Ab3I65IFeInUNKvMXWoqLnbGFADBZA2FHrz97kDt3xXZ6D440HQwk9jo1s0qblBnBklY4G5gccZPOcnGQT6CFd2u3zJp83k+V6tK71V3qluup6EMVLmfvRjF2dnZv7LvdRad+uvey6Ho/xP0bSLW0haxtI4b0+XKRAyKBGQCokCkZIUkcZbK8Zzg8N4LN1tuJLlpHLSAKCTuGCAWyRtKt1GAABgYHWsDxB40fxJefarh1tySgWGNjsUB8Bfcd8DIwT0xiur8Pq9xaAo2GRxu/h+9zgY4bI5xwcY5AIrRc1knLa7vs/hSStfS972cbLVrTfOVaMq14edraptRSWyX46q+nU9hsplSNWc8rtOST3woAGMfMT19R9av/AGlZEckbgpJTaeik/MVwTnjPzYwM4HNcvCXEA35yERVI57kMMHA5JxyDgYxgVqKQ6EB9r4CEeoPcYIzwcnsOTjI4ylLVRV7xWrXly69er36NM9KndxjdpOyuk2725Xrotej/AB3K14rSyxAFmV7uIqCo25DKXXGOuQCNmQRwATkVZ8Y3Sw22JJmilNxbxEKSPlIUkkHGeSBkYweWwMUixuZ7VVUOwuouSRgYdScAZHGDyRxkc56cJ8SbySTX1gRWWMtESAScup+YgKMYHK+2DjoK+hy3F1KGBrQpSadRqLs7Pp076tX2tq+y8LM8PCpiabkk7R0Ura2tZbWdtVbz6aHu3i/X5bbwHZ2NjdTbmS1aUq7AbWjXmNged4xj655DV5Npt+8t1AbSK6jnEe15HhdyzMMAhmGTknGQcnJ6Dp2survpeh2F7JaQ3MUKWqJHcR70ZtiZ38MCAAQcdyN2eM2bT4kSRXPly6FpTRSCJlFtbgSEORtUsqjGBt4xngkdseRWr1Pap2unred2k077t6bPbrpqVGlTai1aPKlZJJbX63fRdNdtEkfe37PXgq98ReFJodJt7f8A4SOOxmmna8NqgmDDegQTLu+6vBQ5z2Axj5U+KWn+IPDOpahBr1xcwXQ1TAt50ZYhmTrFuAR1GcAopGBnFeieGPH/AIp8MjTdY0fRrxJIRFNELCd3dlBBCTKpIdWAwVIYEHaQMmqXx9+J+u/Gh7GXX/B97o11Ym2T+0lsfs9vIsSgZmdUVHYgEn5snABxnFePGrVjip804qm/s8yTTaSTUW1dOyfrZno1KMZUIWvzxgkpSvr8OqfdLde8mnfTY5yw8R6fFFaJLFcTutupYxjYW4UkqRuA4zxu4AYD5Tuqt4m1vwxPoGoeTb3kV09s6EPK4CuRhWOSAclgcH0PIGK4S4uoNMgiZrt4yIFVG253bVwVOQCAMkc4HAJ714L4z+JWnWe+JLua8LF1aJG+QHJGW24xjJODwD+FdLxLnzRjeWqWyaSulvpb4nd7u27VjFU1SXPJ2ine19HdR97e+1klpzeR2+m6nf6Z8OvELwCKa1GoLvaZPNcgMcBUOSSM9hgE4JrkdOsfCGv2sjahpvia4nkVGJhX7Naozgl2I2j5QQOMHAGACCK47TfjBp1p4O1HQ4NDmluHu/PF85LgMxyqrGQwYnkBcNnk4HAqSwm8ceKbeNotSl0SzkiARpUSBdm0hShCqWG0nPHI4Ibt56p1VKpd8l5XUuezs+W2nVvz6vyOn29OUaahefuJSi9r3jZXeiS9Ha7d9j0CPwb4N0my1G48OX8p1FrLy3jvXjYWbE/KY1X7rA8gtkk8eprhYdP+LBlikt9UE9spcMJGj8qWAcbQuOgGORuIAOQOKsafo+k+Dhealf65Jr1+1uzywRzFoi68nIJyWHVVYgZ5244GanxLvNWnjsLCyls45kaMeXhnKe5GdpPBONvBPPNdFGnNPRuaurue/wBlO1+9lrvfy1Mqk6entH7OWi5IPTdPXRX3bfbS3Y2k07RVjR7+JWuxv+0mBxh5w3zDCkkBTxyB6AYwaltZNLjjlisrJoZTFMpdgSoDK2M9TnnI65x0OOMe10nUB5sxcqJXdy03DkDJBC4HB+ZuQucDkAmt6ws3SMJJEZScuTG2WOAW5ORxxx6A7eK9VaUldys4rS2nMrXSs5J7WVtrvezOeM1ze6uW8k7tOzfuJu9npdJbd9LI8IuNKu1unMcc24zSMzYkwcsxz1w3UBc56bQAM4P7J1OKVpfsdzKseHGxJOqngbiRuYHBAJwDjk5xXpd54ku7Rz9ljsUSCR02TBGfCNgAsBnd8vOcZwecmsaXxx4ljRpo3sFjwSBFCGJUE44IbORzj7xzgjmuduXbdLt1sr7ddLrzuzX3eZL2jk1b3VZqyS7vTo76bWs9UIPEfxKtkhTRRrttp6W6oIohKu44yAe4AJBBAx/u8Y2fDnin4iT6lAni7Utbg8PK8Rup5kmUQxNIxbbnhwB0JJ5+UDPJrT/GDxXbJBb2MAndrcNIWtAu0gY4QIWIGDyDz6Hik0XxV4y8ZalHpWuWF8NPudgknjtnhtokLYLGRlAU4+6CQBjOMGu+k52jy8u2t9mtN3a1tXpdu/U6G0uVOc5N7e77qeis2lrFrotLt7I9gHiD4Mw3Uv8Aacup6q5fEZitggZSBuLkISxfblu/PqMVbl8bfBHT7mKSw8IyXKL96KeRw7nHTazDjdySO4yc/wAPLxfDTwml0327XksjuUIs19ASAMKWcq5K4A+XuQQM5rox4B+CVq8cmpeJ/tlxj940V7Gyrx8wUKwY4JB+hHPp61KpXSUVGKg7NtLzVtdX676LVpJswq0nJRbjRTTTb5veSvF3ve7btd3T06rch8T6y3jvS9Ll8EafNoOn20k9vLpdhcTGW4POGCxEbRjjsARgnIJHNH4XeNbiygJtLp2kBVIbmacuFIwXlLtlT1HIHI+prrr7UdM8H6HdXPwglS6Nvdxi5neCS6dfMIB8sMGBdiRnaML19M8Xc33xu8RwJdtJquyVi8ZGLPOCc5ChSAOQExhiRxnAPoUVL3nyxae6jro3FvbTX3la1lLS2qZ5uKVPm/eOopX2pv3Wt01y6Wd7q6smttSj4v8Ahl4i8JeFdVu9Tgtf9LggJSKUPLEu4DLYc43c5Gck4HqK+dmsnx0KyIASG+8MKcAjPJ4PpjnPrX0pcaN4utPDviNvF897G81tC9jHcXRnEsgcg5DMdirjpgBT1HBFeMppl2zbihdpIyV2AMCcZAII69AR0Ge9eXmGHnUrpwi9opLd3XK3F6adH+NzWjXpQpxcpcqVr8zV43t8V9dLXtZ3TWljjGjnDMQCFEZLnBOScEDkd+Bx09M5z33ixZH0HwooUMfIIGeoBHOCP/QgD0yOcCoX8OX8sJdIGBYoDuYqAOM55z82OCBtGMnniuk1nTjc6boUDyMstpGyyYVig27sLkDkjg/eI789s6OAxE1ZUJybd1aO70bavu2rd/PY56+aYaClfERjFLV80U7Plbb6ab9HbfTfzOGzYttAOVDEgkDGM5JOOMg8AnI98CohphYjcyhgx5XPO3oM55b3yc9SOm30ex0CaWMSQCS5ZMmZIoSSVyF5OMccjc2Ow5wMdDp/gvUtViZo7SaM+a4KG1kDBgTiMEKFyx+7jI5wOSBXu4HhTOsfKKw+BrzvZpxpya0s1a11v5vqrHy2YeIHC+TxTxub4Sg9UlOvCzaUW0pc2tr7X82jyi0gdZQfmYDbklSARuXbk4BJ7H0PPIIz7D4h1G402z0cW9sLuRrJCIwpfaxTAyADkkc4PpjO4Fq9C8O/AbxdrbhU0K6tgsYka5vkNtAyJliEZginOFABBySBg4BMPxD0LWvBFxFBrukvaPBYJLp6Kis10iD5XCkEkNjOPmGCcnrnHPOEs7ySjTxOPwFfD0JSUI1akJKMpe61FNpJSt8Pk3HsiuFfEjhXi3GVsDkuc4LHYuhBVKmHoVoVakYKUE5OKbaino3ZxV16vxRtT8dX1o0MFvHZxPkGMqUPdu/YAY4GMjGOOaPhzSb29v57bVNQa2gwVuDG+1nfALOed5Oc8jAI4xVy48Y6/qQc2ukXWWBCiWEr5fO0kMB0xjqOowMEnMugaVqeq3U2900xiu2YzsC248EjnAUHB4x06kV8q1pFuzvyrTW630bT1aab1s+6vp92pXqws5S1Su0/eXk7NptPbTR+h6RY+A/CL2RaSa4vYIiGZnuwgkfoRt3j+7gc55xz1qWyfRPC880nhQmGW5cQSQRXBkmZQecgfJ82eQQRnPTgVzNx8PbzURHplj4jmVw5aeUs0dsqL94B1wr4B5xnr8o4FdJ4e8CJ4PvHvU1mz1O5uIzaJAivcbZCABI/zMVYt0POOPTnncLNuUm+q/l0taKe6S291+S1TOu85JXhFPS7Ttyq6eja1S2aWzsr326do/GPiUCEyrYwLjdIxUfJjAz05wTnnp2qjfeEdMsLC7uNbuUv7mOFmgZ5VTBAPESM2WORkEDgnqe2jfaH4yv1j09tctrBJWLP5SmF0RjnDMdrfd53Ahe/fjmvEPgPTNLtjcah4lutSuYoiyIszPA0o4VcZbjdxnqcjA521cpc0bpJK1nGK1v7t1tq1u3pZrVWavpLmULpO63b1W60afVLVu2+9lqr+n/EltO0mx0rw74elnltQIXYRq8TyNnLmTbkt82ep6DuKtPq3xLvYjcFINJhPKl33uN2NpCschjuBGVIyewbA4PSfiJZ6HpFvptrbW8l5HJJJK0kbeZvBOCW2nDYIyF7gbs55pDxl411+Zns7OQI+AsxVgiAEEEBhjAOSWPQcHvgVKyblG70UW/s/C3zK9mknaSXbUcZpxV229OXl2TVviaTtpy321vrY918Nwa/Y291d6/qUuoS3fMSFSBCq4IOOQM89vmHI61NNq7RY2lm3AjKgDAbOeSPlOQeAB1OffnfCDeIDp9y2vaktw8zhVQAD7Oqgk8j5QCOwBGSQeeBqXAgZ0jGzChcsTtyd2eMEde2ck8cluTyVVJtxSvez5vO6fTTXVrpttYaqJ9W9V8Vtb27brRfLzNy01S4APlOw3bNxUsQckEjOcDPQjJyM8HpX9Nn/BCrxNaSeLPiDptxLbw3dzo+mqftIVbWONHLNlyMLuUEADJJAyeCT/MHZyRJujJUqoyRnksCCNufmbdj1x+df0Uf8ETPDk3iXRvjxqEepWXhiLTtDgR/E2pShU0h1DFbiNWZFeOPG4noQScMOD/L30msDUxHBfIm37TG4ZWUviUq1PmSl0uubXe9tHa7+/4BnBYnG83uxeGnqk3yvRXSXVNq+tn5FD/god+1d4w+Pnx4179nXw34nt/B3hPw140tbCC7tmmtotYeB0S9lYqy+fHAiMyBQyMyqTyAa8H8S2P7Kvwp12x8a/CHxH4i8S/EH4fC0stZF27SR3XieZka81GBJshI4bjc0BwV+Vfmwcn5y+KWv2vhz9rvUvF63ul+PYPC/jVL86gGX7LrdtaXZF+6KA0bQyqpzgZIyvzZ4/Yz9qX4EfskeOv2TfEH7WvwyOkfDvUb7TbHVbm20+/szB4j10qkeo6ZNZ7zNDJDIJBEI1BZgvGM1/OdPh+nleWZPlWCw+MhhMXhaMa1PDKMfb4nEuEazxM5RdSrBwkk4KS0eiUb3/T8LnVCM66vQjLCtwgpxbg4whBwbjFtRm3FqUndJtXd0mdh4e/4K06D8MPBvgJ/Htpf+MfFus28qXVpaahZvBBapxDLOkW5o7lMDekgyDyuAOfo34ef8FZfhR4j0TUte8RlNDhEzw2ukqwlllHlswMkoAC5zs+U/exyCMV/KR8LvGfwVtbTWrDxLpF7qXijXI528P8AiC4uJZI9Be7doZC0EjbPLWJi6sEPzHI6A06z8D+LdD8H614hVNR/4RK21OSO21O6VoP7QVn2Jc2ccpDT27ZCtLGGAHyknOB4OZfR44em5QpUcRg8XKqqvtanLGNSVVq8YKSlpGLikrvvskjylxngKtSU8Rg8NKCfLJUpSi1y8r5nJWTV021srpbH9Lvjr/gsPpOkWt8nhbRrSEZP2Z5pDNNLFkhdoU45JwMrkEkHJAr8zvGH/BSH40694u1vxEviu90uw1OJ47a1t5GCWcL8AQxklVkwV+cBMDI+XGa8F8M/sna14w8P+E9ev/it4C0W013T0u44JtUt2u7OFkV8XkSylkl7Mhx830ybviD9nX4K+G7Sez134+aHea1GpDf2feWzWUKIRuMimTzDgjOFAyv3SeRX6Zwh9ESnUwv1mvhYYtVoc1OeNxEHouV+7TlJqF007KKdtFY8bF+LnD+Aqzp4WnTpVIuMJ+yozqTdlGynPlbk9fsysjgfG/7SXjXxzcW8eseK9c1e2kleR7a9v52WZnI+YRl2XYDx90gZ5G0Vytn4v8UeRdQaeGhgkJOxJHkbfx8oQHBJ+bJBUgevQZeieFfhhJ8S30pviDY674NsrFJLnX4oxapbzKQTAvm7S5JwoEf3uSBwa+lW8cfs2+CYnj0W11jxfexqCfsdq6wq6gMf9IlAQ5KkFi2cYI4Ir+geD/osZPPDL69LLsFh6FRQdGajeVuVuUY7Sik9Wt9tVofF5544VsNWVLL6GMxNSrBTjKlGUYRcmrKTaSvotE33t0PI/CeteOdRvZ4pJLwxxWwjMaQOrs7N92MOoJOSM8E5PPQGvWLfwJ408Q2xB067A2BHmvJGj2g92YlRtAGdo/EYzjzbWv2thpNy6+FPBXhzwzbkfLd63cQ3dyhOcMI4skPgltpGffnNfLvjP9p7x34jvJ7e48b6tPYyOytaaDAbS2AHVEdVRsEYAbcOCeB8or9ly3wS8MOH6cfaYWhja0UvejRppXSV7Plvfpo767s+BxXiZx5msrUZfVKL/nlOc2tNX5rffffQ++Lv4eeD9BtfN8aeOtG0eWOPDWtvcwpKw6si7mZi3ADNyDxnOCa5uT4mfATw7C1tptvqfi+8twPks4ZzCGGAf321o8NyS+ducdVXNfl7deLbzV7s3Asp57hZN4utav7m6kyoOD5cjumATnp1xkZznMvfHOt6dbXqXOsJbhsKsdgFhAGOEJjCsRn0x0J4Ga+ow2G4Uyiio5fkuDo8jXLJ0YylzJJx1avfvvdaLa54VSfEmZ1XPG5pipKStKKqypwV7dI2vtpdr1ejf6Ma5+0zDYKf7A8EeH/D9s5CWk+t3EVxcAL952iQh1Ydec+meMH5G+KXx78UXd5HqH9u2DLFI7xf2VbLAIJCMKkMgG8hSSPMYnB718j6142XUcDzLiW4jBG6eV3DPnJb5iSDyCc9cnnAArh73VZrs7WJxEhDqHbYSSOVTGOMDngck57V52cZtWzGMaUKcKVNacsacILRJOyjFaLqnfTq9j0cuyt4F+0lUdWo7O8pyl0ju23530vva/X2rXvjd8QtZiltL7xVq9xaSneIZLy4CTqpGElAfZsHYAc8AcHnyq+1C6vEZpZP3jB3KgEk7zwCc5JxzuHLEduTVBGd1heWKRkUDYRnOeeTy3HGTux0zntRK5CKSCoz8x+UlU9QT04HGePTpXzMsNGTbk0+XRWTSS912VldJJadvvPYdSTTurLR2eu/LpblS011elt9hLaWUqY1lwVGX5YZJzwSRkYIIKnaegzg1uQXoeKKLDLNEQS+/JIJHOMlQOe4xwDkjNYtrFJJueGGSdJHVFcKwRWJ/jYDABzxu6ngdTXS6Lor3N/FaygrLcSeWUwxVVDAbmZRlUAxnHHO7JxXNWqYXC0pVa01BQjf3r7K1nq0l5Xd7P7sXCUmuVJLRbPqo6t2TdvW60Meaymu71fLWW5ffubywWIBHBIXIPBPY4xng12uh+BPEuryxNpemzunnhHuJIpI4BuJBjMjDaG3Z/i4YEdRz7Z4dsfCnhAGcIl5q20idWAeIBQW+XfgHGQCwyc5HBB27j/Ei4sdOvo7a5tYbK4DzJa28aCVPVEZU4JJ2luNo/i3A5+FxXGGIqVJ0cswvPGLf72pJcr+FJxV+bWy6rV9bWN4YGk1z1JNtttpJaJrTVu9mrc271voeTTfDLxBBqcGkT287ahqV5bafY2lpGZ5J7m5kWNFCxg7iu4FVOG9z0r+jf4J/wDBC34aWXg/wl43+PnxpbTrbVtBs9a1XTbSW20+102S9hW5hs7rz2V45Io5BHI275WBBwen8/2keN/E4utP8Q2VxHbTafqEN/YXBzNcWtzbsGikBOSSHUHkE5GN2Ca7f4m/tiftHePLq5svEPxC8RajpzWcNncWf264tbQWsahAqwIyx7mXC7gPu554wfjOIqnGXEEcPgsszKjlsJq+JrQco1otuNvZKPNdJc2l430d7b/a8P4jhrLqFStmFCpWr3g6SdKNTRRTaXM2tXy3bi7aWXb+jn9iv9i7/gmfrHjD44W/jW70jxLo/gvVF0jSp/Feu20GnQWsP+s1Oykilj+2MXUrhSwVTkHgkfPf/BSK4/4J2+AdIu/Dn7Ofg3wXqHiq70kaPBd+HmaVNJuYmOb9pMssksjALw2MZPB4r+c7SfGPiWxS8Frrmp2drqQMlxDDqF0i4/iMypIDJubscjnnj5SR67cOWmkZ5QVZFlaR2ldi24sWc7ieoJGTzyByB4c+B89qVcFTx/EGKxNHB14V3NSqQxWJnGSmoV6yqaUeb/l3GCUlaLbuz0sRxllNCWJxOBwMoVMTh54eGHkofU8PGcVF1Y01TcpVdHLmbtzO9upLei8jkubZ5WbIBMrKqhVck7UB6Yz8w24O0diRXnWpaNPNe7bcv9nYDc7qSAQRvYMAF5GTheBjgdTXZNeLeSM0xkSNgwwzYZccZbnOSQcdx17AEhuUMR3Em0iVguAQSRuIzkZyOMDOcYyOc1+m4JVcPCF5v3Uly32SUb30XazdtPmrflWKxar1HLk1k7vRaq6dttFbrrZ7bHmes6K9tbo/nM0UbqJHBGSp5Gzvg8AjAyf04ieMyXCiGQMykJ5j5AReRsLHGGIJPchgSOOT7ahtL2YmVPNRuPKbChFyFV2xhfQ9AP0rK1TwRbG2nmtZXSRHM2RlopFwSFXBxnOBkY5x+P0+CzSEGqVZtydtVr7to6O9noraq7vquxxtppuKSd10d73V1ZJN7WejW+ux5smqR6bcRQ6jbC7srciSOMA4E7Y2kuR8yqcFgCcgEY7DHa7N1eXM5RYpbiR5Y1jIUKAMKoBVsduB+GGq/c6ddzkrP5uY5AeEbcFXorY25JPIJzjp0zi7p3h65kEchAWVTuLPkMQOgI4JyR/IZ4Br3IV6ShKcZK8km5N6Ne61ZbK7vqumruXGpVnD2fI5K2iSvquXSy1tpbq1fVkGnWc09ozSEq4ccyE/Mg+6Ao/vA9TkHPzcV3Gk2EZECRq0VyTvJdWCrGuTtIPAU88Kp5wSOSa91+DX7Kvx9+Ol9b6b8MPhb4l8STXUyxnUo7CeHSokJAVpL2WMW6KvGSSARkg5Nfur+zz/AMECfGdytn4q/aU+Idh4N0oRJNdeGdGkikvwiqGaO5vHZbdVAJRwp3AjcPu8fM5jneAp3i6vtqqt+7op1Zttq6ajqt1a7Wt11Z7OXcNZpj3GfsPY0W4/vKy9nG107qUknKy7c22z1P58LNdR1a/TTtMs7nWLlysFvpumW8tzdyysdoCpEGLFjjdj5iAR1Nfdn7Pn/BK/9qn9oO/hv4fA9z8PvDNwUE2u+JYWsmELjeJlsplSeUhTlSFz164yf6cfBvwz/YA/Y7tIrDwH4I0HxX4ttFCvf/ZIdZ1O4uI+fMku7gTQQyM4ySjDG444xWJ45/a3+J3i1JLDwdpFn4F0Xa0NtLEitemJQdq7QPKT5em3AHsQRWmUZVxbnkozy3LZ4HCysnisXFxbUnFuUYytsrtW5lrfoe7Vy/h3J4/7fi44yvHl/cUGrXVtJNe+7Xk9ZLXp2+V/gv8A8Ecv2UfgHZW3iD9oLxivjvWrUrcyWGo3MdtpIlQhysdsGE8g35wH3Z7A5wfsGT9pb4J/B2wPhr4CfD7RI47eM2sFzpmmQ2UG1QEXzZUijnmKgYLMzcEbs9T8h6xpeu+KJn1HxDrup65fly7m+uZZIX3YZkETFlXccHOBgY+7Wrofh/RjDsi09be7V/31uWG4Yxl0JGWTA3YyeWCgc5r9QyfwrwjlDEZ/jq2Y1rJui5yjQi007W0vZuytyrpva3jYvjGdGnLD5RgqOCopcsatk6jT5bNt7PXdvTq7HR+NPjl8WviPK4vdbvNHsJT/AMg/TTJDEoYco0i7XIPBYZOQcY+bFecxeE1vGE95K8skrbnnZ3aeR+SWLNubLnOTgtn1Jr1WLTrWJDF5KqCQQCRlRjpkN1BJPzcAYx0wad9d6bo9u95d3VtY2kQzLc3kiQwxgfNlpHYAADGSDjAyTk8/qOByjK8tpQpYLBUKEIpRvGnFN25dZP4m13b39T5LE5jjMY3PEYipWblductE/dbtuklq0tl0eqa422tItGkC6nZrc6bkhb0ACSDOVCucZCrgEHBbkdOa9DsdPsYUN1pM8TROqSDyWDBg207hjGCuMkNyMdy3PxR8YP22/gd8PGuNMi1R/G+sESQto/h9ftKO5BAR7hN0JO/5cDDDjFfEKfHD9qr4232r6F8LtGvfh54Pug00d1LE8U8MMmcKbmcA7ypwViYZI6V6tHVpRhzPZJJNN2ik7peXRvp0PP8Aatu0ml3eiT2fZO9rrbr0P2X8ZfFz4cfD7T31Dxf4w0TR4kVm8qa9gN87oPuJbq4kZic/dBI6FRnI+CPHn/BRL+0dQk8N/AX4f6j4z1V3eOPWry3mGmpztWZVChyM/NyxGMnBGceA6B+yXplrLFr/AMbvG194ovi32meO/vZjZCQYJVvNkOGDblKphQAGyBxXpGpfF34TfDCBbHwXoWnyzWyLEslhBEmcAoC1wRuYK6jPzE4yQOedJx5Ip1pQw8LRTd1ztWi3ZbK9+nZWSZnGXM2oQc5OyVlstNL721112avZanml58Lf2k/j9ff2r8aPHl14d0czLc2/h/TZWghgichjEqxSqQ2wbT5mW2jsdwH0B4b+G3wG+DtlDfumk3GpW8ZN1d6lJDd3k8yD5n2OSSzYJyc4JPWvk3xl8e/G/ia6C6fcNaQtuZbSwYsVB4AmnBCr8vJCnIBzyMgfPmreNtGt9QmvPF/iK71G+3MRo9m7zHoPkdgxCdAC3TIxk/w+LWzzA4JyjRTrVVpzN3S21tqlbZNvp6Hfh8rr4h80v3dPay0v8LSWijfW933P0Q8X/tUaTE50rwVpst/OP3ccscZSCIAKoCRoAoX5SCME8V88eM/G3xF8U2cl74j8Rw+H9LXINv8AaRC5gbKldqurlgO7AAH06V8gaz8fX06Qx+H7LTdBt9hUXFy0Ul55fTJGd4cjJwCcMe2Sa8N1f4g+KvF2oGz0e31fxRc3pA8w+d9kjdjyUXGzYM4YkMMjBz0HzeM4jxuJfLGo4RenLB2X2bbWVtNkuj7nr0MvwOHSk06k9LXV2mrO1ne2uuitZ77X+pPEvxG8EeFoY49PM3iO4jAd55n22YuP+ehc4DKe+Sc9Pr85eOf2g9S1K4j0+DUVsYJEANhocZBMa7cI0qAsXfofX0JAzqaN+zf8QPFsKXfjTWE0LTkbctnEf37Rnny/LjIVW7MGGTx1y1e3aD8I/hl4GSGdNPtru+tlAbVtb2EiQD5its3LA4JBCDkA5yBXhzqyqOUqtRtvR3btvbrr6taX6dTu9tVknGjBUopJJqN29ldJWfW1rpXs9dT5F0fSvGXjrUYXtrI6JY3N1FaNqWrOS7mQ4EpV/ncnO/jIXJ9MD9EvhT+wz8LtLtrPxd8SdYvvEzXKNOiXEqWumKEG5zlmyY1PKndgr05znxLWfEnhW1ule2sZry5t5TLFJEhg05CGJWREPBXODx16Z4GaWq/FDxX8R54vDFzrk9nZpALe00+ynkhtUIUjLlSrHK5BA5ycZzknSjjsJhYSqSjGcopNK/NG6S1etk9kr31toYPL8XiqigpS5puKjKWjd+W2l0m7La2h9feKPj58CvgXo1zpngSz0e4vY3eEWWhWsT3G5CUCT3gUkcYy2fm7kFcn4b+If7WvxJ8fiW004S+G9J5VUtXf7TKj5GXlyWQleG2naDnqCQuBb/DN0XVJL/yQlu5VgSWln+Y/P5jZPzcOSpGeemOeT1vS9O05hBaxKRJAAzFsqD05K8Dg9fl3fdJHSvAzbifE1KUo0JRhCS5U4ppra6TVrWs/n8z1qHD1LBw9pidZpK6km306NOzT/HXWxr6Npmv+JIbS4ja8vri5fzGZ5JZ5p3Dc72BIUAndjkn3xuPWSeD/ABwnnwtps8ccYy0YibLfe6thVByGBBPAzgEnm98MfE9x4atER1iLySAWrlVCRgnB3Ow4Jzk9ORwxzke3D4heIvEjHQPDuj3WvazMyjGm25kSMscFpZQhVUGc8sQw5P8ACV/njOsVm88zqRjQhVVSpd16nNKVvd0SWlnrq2knd3ta2UcNRxLtQjOTctoptvSOiXXmb729dj5avY7jSTbPqirb/Z5vMaN+ZC0J3jHJwQ2Bz8x5yRjNeWeI/iXd63rJtbOKW6knnWL7PaxySTShGAiVQikkkgAKu0MWwPlBNfonp/7HHizxdOutfEbxDa+E9NkzNPYRyJPqVxCSC4G3ckT7SR2xuwD2r0rT9E/Zo/Z5SObQdC0/XPEcQydT1NYtQvJJCMI6wsJIomDLnJUNksM4r7bhvLPrCgnhamKxElGKjCD5E7JfFa27fbTy30q5PXhS5sRWhg6EUnOVSacuWNnaMLrpdJJ9bdWa/wDwTCv/AIqfCPXfHHxD1Dwouk+HNb0j+zmj8QoIpbj5Sscy20wD+UAC5wpyO+Dx3n7RHxq+Fms/EJ/EfjGx0jxJr6RJFZfZkSHT9OdCxXbAuISylgjM6kkgNuIyK+dtd+P/AIo8Waubc6sPDujXCyL9ng8tN8CodioqlY1LRnBQDC4GBjNfFfibVXu9ZvVuzLcwPfTOty5Clo1Y9HPABI5+bg5JUV+pZT4fVKtR1s0aoU6zTjQp6ci9xK7V9LaNLez+XmVeKcDlNKNDKaaxOIppxliqkW23eN+RaaXaSVrWstD711L4/a5rumrp+nyppVnMkkOnx2YWFET5guGAAZcY6A8kBVxnHxr4717VJdRzNezz3QuWS4nuZTMHAOVKFiRsXPKgZx2ANaPhZ/FXjm407wr8PfCOv+NNbUJbWen6FYzXhgklYRh7iWFGSNQfvs2FC8txxX6UfCT/AIJMfEDxbDpnif8AaU8bW/ww0JvLvG8KabLFeeJ7yNxvMUzIfLgZlyHRtsgJPORX6Fgst4eyGk4wp0HWh8LSTm9YrVJNq9nu7dNtD53EY3P8+qp81b2crau8aa1jq7XW2uu1mfj5PqNxq2rQ2GkvqGv6s7JFDpGlwTXl7czucfLBbozbiwwoxkngjOc/on8A/wDgmD+0j8cza674yjh+CXgCdUnk1PxIWXWbu3JDN9m05mFzDK8YOx3QBSQTzgV+3fwp+B/7NP7OtpFb/CH4W6Q+txIqy+NPE1pDqOr3UiY/0kPdpKIHLBnPklQpPy4xk9v4i8f6rqsxF7d3GpTDKxwQu4gjUAAKFUiMKvIAA+VcgYyCHPG5jmL5MDh/YU7tOcklZe7r0V/xsmrHXhslwWEiqmYYlVZ6P2cW2m7p6t/Lrs2eQfA/9iX9kj9mG3iv9P8ADX/C1vHtuEebxZ4uVLuCK5QLua2tHDWqxiRd8e9C4G37uMV9DeJvjbqE8SafY3EcVnCgjt9I0iJbe1gUAbU8uEKgCgKAqgYwecZavObfw94n8RElle0s2OTENwdgSclQuWO7puO7JJIzyK7fQPg/NDN9vs3aG7BB2XaF4ZSpzsKtkgZ7/L044zgpZDhadVV8xqvEVLJuEn7qlp7u/fRrTvax2TziVOn9Xy6jChStaVSKtPvfma3ez6bu12cbGni/xc4UtLZWcuGMahvuk8+aw5ORgkOT35ySR6Z4a+FGnh1a7hNzIcB+SFUZ688kDJ4JwcN68+haVZjT5Y7DWbddJvGYLHLtX7DcsxwpjkHyqeAApP8AFnnFetadb29ggYxKQ6kST5Qx8AAyhz95T1AGQOfc16rxFHDUlDD0qdOKX2UkrKzTVkm9rW366nnRVetPnrVJTb1teTVnbre9t7OyvZ3vucdpfwq0mERy6aqWt0vPmqmCrAdGBG0gkZyRwByBnB19T8MWzWoS8jFtq1uVNprFkqq28HhboqoDRgqQd/QA+1ed/FT9qf4PfBmxceJfFWnXGokEW2g6O4vdYuJRnECW9sXkDuSAMqDnPIPFfCHiv44/tNftHRTWHwv0GX4OeAbpnjfxPrgB16+tHJQyW1mRmFnQs8bOuSccgjNeXPEVK895Sttd3W0Vdp9Fbq9b20Oz2LjHnbSSXVpvVR0S1vdPrfTpff7N8bftJ+EvhLHc2nj3X9N0u7tUAgtYpEnutWAXhrW2hJkMjthQAMlvbr8ia9+0d+0l8epJ9F+BvhW6+HvhCcvDL4+8Rq8d/Lbtw02n2cu2Qbk5TcCwyW3EAVy3gn4LfD3wTrNpH8RP7S8e+Mg63Fl4q8XTSXMMsxKyNDHDMzwxlX5QBAcYGBuFfUWpfELR9DtjZ2EdvF5ShFWFUigjUKBhI0wqj5cAYJ4yDkCtFhKlZxvTvytWaWjTUdHZWto7q702VifbwppptXs7fzdLaJvTXpa3kfOHg39j7wLo2pv40+L+u3XxL8XyjzZbrxBcTXFutz9/zIreRiihHY7FACY6jsfXpfiXpvhVW8P2sFnp1jZwk2Bs447eF4UGFiSJABuQdeMk46A5Pl3i74pvdtJGs26UkhfnDBTjBxnA6nAJHfJHHPzL438Qzz2v28vJLc2cokVA4+aMkCRSM8cEsc4478ivZo5fFKDqpJWs1e1no7raystk0tF11XFLFOLvHVvXmbV3qknrbR9bPVX6XZ9IeJ/jPeXjOlnPIS/JkJJJBBCjaSMepJ6DPbp5VPrc18zXWoTb4vumMNnLNlSzkcYHGQeAOp4r581T4gadYWiSzSAPIqyJCr5l3bcbDt7E7QcDjOBivGvF3xluks5913Fo1g0bKZpXKzOScfIqncWbHbHUd+nZUnhMFBXcYq0W23H3buPkm7q+z+TurcjnWqTS1v7r91Xtqrp7Wa236ddj6V1j4q6Z4YhubO4ulubiKeRbS1tyGcxsx2g7eSexJHXk4xXz34y+MFzeJNcanq0Wi6aQ6x2MUgF3Ofm+RUVt2WPXAzyfofmuxvvG/ju+e38KWM0MMhcN4i1U+WjRMSJJolmx8h5xJnA3AdK8p+OniHwN8KvD66YviB/GnxNumMc6xTpc6bpHfcjhnUTqQcD+H7wBwQvy2M4moUZOjh0qtV6q2kU7qzlLTTXrZK1lrv6NLLq9WHtay9lTSTu3a9raWer0Wlnq3ZI9Y8TfFGzIigivbXw/YXUqxNqF2wN9OpbBdRndhhnAwBg8YwK8t+IH7RfhnwFYS6P4GtXvvEEtqVv/ABJPtnkiZ1+XyXO7ZI5JAVDwemOK+A9T8Taj4luo21Ga4nmtiHjBdi5mGdsawqcAA8ZC9QC2CRjo9M8Ka1rbNc63dJptmoErO+BcSAKFQlQBkKuMZJOcAtgba+EzypLNJReZ4h+whaSw6m40pNctlKEdalraJ6OzvdM9PBVpYZTjgaaU2lH27TlNLS7TabTulqttt0jA8WfEDxj4/uGOq397dNK5MFq7OXklJJLNGjbmySBjBAAGSD10fCHwU1zXAt3rly2i6fvDt57k3Uq5yPLUtuUFSSoIOVyQcnA9v0jRPD2i2to+j2Aub9FzJqVwiu2SOXUNlASxBzjcODx0rvNP0u+1fZLcs5Qt80rsY4wCBkAbVJ7lcBScAADqPkcZxLg8th7HCRhShBKzSjBWUY6KMbW21vdta7Hq4bJ6+KmqmInOtOVm022krptvdr0vbQo+E/DHgbwfCU0DSI7nUxnOp3qLK5wOXVmDbAXzjaAQepAIqV/tV1fNKGDSb1lLgP5MTIcgAY+XByMjqN2B0YeyeE/hnquvFbTStPuLve6hpliZIsnI5c4OBkDoODxzyPsf4ZfseTaoIbvV4TMnmJLJbqhWBRn5leQ48xjyQq59RkHn8xzrxTwOV1Y1K+KvVUlywjK70s7JJ3u9H2vfrc+6yzgzG46EI0aFoW96py2jGOl23qnpd3V79k2z4o1rE9jpV1cyMftFiFuGUkfvIgQhYYDbdw+6AQBnrkLXqf7Pep/2R4p0uZ7pBBNeC23bju8t2UMrE/dGCcZC8joSOLvx/wDA8vg/Wte0i3so7SHSrm3S2t48FoYH+UFuAfm6kjkjPqa82+HEU6alp0kTsQZ1cFRjBV+Djn+InKkgkcEgCv6y4Jzl8QZFluYwdlicLTqXejjzKKtJ7bK+91ot9V+R8R5bLKs0xWFmtaNWULxbT0lFa9dbavRpaev6SfFfTYpNMuIoGMsMYh1O2YgFVkU7wcYBwRgcY3YA43CvYf2df2hdI8DQ3dr4hthepBbW9/p0O9QrTqgjkQ+YMyBWBIBzjpjBwPnbxP4pa40WxhkJEzWggZSFAZVjADOQNoBPQH+bE14ppuqR6dLomp3a+ZbwX7Wt0v3cQPJk7uNqoAepI4PAHbyPE/hjDcR8H5rgasfauFN16aWkozpWlDk35Xo11dpPodnCebzyzOcLVg+SMpezmn/LKUVr2Wt1vZrpY/Y+b9ovx98QEe9t47rStBXcYoIiLeERLyuFQAE7OgAwflAJIOPlH4u/HbxLo741GOeSKaRhb20amSe6OdseEQ7hHkAjjHJOOKw4vjZ9osI9B8F29ldlVRGnaaMW2nqIgMzOCVyv3iHyScnqRWdH4v8ACljNLqGutp+seI4kffrV+Y5NNso2TmKytmJSR4yThyp5JYnvX8OZTwPVwuLpqrl9SVNytGjBSlKXwpOT6RfVt3sf0Dic8p1aXLSxEIz5YuUm+6Xk+Z3W/o7rQ+cPE/i3xv47It74z6ZpTN5jRNvzJIw+SLDAOQANpGMDliMZFQ+HdI8G+Dpvtesy2s+ptulhklAlmVwjMERH3bVU8gsPlKk4wSK5L4wftJ/D7w9JcPDLHLLGZFPlKfMnnY8vBEo2qpJ6gdOAQSa+E5/FfxN+L2oXN9pUNzoPhzfKj6lcExzSQNnAj3YJBXBJX5ScnccGv6I4a4Qrzw0HUpRwdFcqcIqz5Uo3u0lJ72Sv+l/zzNs9o0arjTqfW61115knpdtpNKLu9FZu3kfTfxe/alnivrvRfD8ou723h8i0tLAB5pG4XJMalUJAGcDOMhdpANfNo8L+Pfixc2174/1yfQdBAMiaWkrJczqxBwwOWBb+Ivg4zx8uau6WPBfwztJLrbHqniSRmD3dxtnuJZWAwVDBioDbgS2GGOx64l3qvifxPc29zdPJpthIWKxWxPnSqTkKSp3AlWH3cYyRlstn9dyPhulh1D6vQSj7rlUnG85JtJWX2elnJ/J9fzvNs+nUlKeJqve/soytGKbuuZ33S6PT1On+3+Dfh9FPpXhWygm1CJsCaONZZywGMyS4Y4PUlSDuGDniqjafrfiS6i1PWWlCvEXSyQtscEZBlycgE885xnHQ5rsvCXgSS5lt7aLS5bu+1GVViSKGS51C4LkBIYY41Zy8jcBVXlsdQcV+vXwO/wCCecy+Gofiz+054k034J/CaztxeC21aeODxPr1pEvmGOzsZCs6NMnyhSoOTnnt+w8P8C5lmUoShQnGk3G9acW27tXt1k2ndRS0t2uz+evEXxv4Y4Noyp4zMKU8ZNWw+AoONTEVZ7RSpxfNbnaV3aLfZtI/Mf4PfAf4kfF7xFY+Ffh14U1LXNWunSJE0+1kktrBXIQz3lyEMcP953dsY53ZBr9b9J+Av7KX/BP/AEK18cftTeJdM+InxaSD7fpXwr0W7iu4LS9A3xrq5iZsMr4EiyHYwVjjk58b+Pv/AAVF+HnwX8NX/wAHP2F/Blh4H0VYZtN1P4l3ttDJ4o1sYaKSW3uChliEmPMUhgPmBwAAW/A/4heP/GXxC1i51/xTrmoa1qupTyzXOoand3FzcTyyMWfMksjeXHknADHB45xX6VWx/CPh9h3TqyhmGbxiuahSqRlKEmleM6kbxpdnCEpVL2vKDsj+cKPDHix4+Y+nicZPFcI8FSqJwi4Sp47G0eaDTUJuL5Zx/wCfkVC2nLJWZ+h/7Zf/AAVT+Mf7QKT+DPDN6vw5+GNtvt9M8J+E92m2yWC5SGK5ltvK3s0YBdQcEsQw7N+QGtavf3HnmSdhJcF5TNLIXuJHJGWd2yxZiCxyxydx+6QRj+JNdubeVrRGRXJKOwHyg54O4cFh6bskk815zd6zfb1DyMQH+Ug7iwXjg9cZxySOuAMg5/FuK+Pc+4nmqftVgsug2qGAwt6dCMbpXnFO9SbtrObcne8m23b+uvDjwp4M8NsH7DLMBGeOqWeJzPExjVxdepaLlKddpy01aipKMFolY6u20+5ummJRsA5+bcBIevBOFOccZ4z+GcxtAnk1NTIgjhDhmVTk9Sp2A5BJGDjofqcVRHibUDbosXyFlCcrhQBkDaeCCOTkqOAeOmcy91m+mVHWeXzkXLENgFuc4IwcjPU9efTLfn8aeKk5Nyjqv5ru11azd+Zu2tvTqfq06mXNRfJUco2eqt0TTW+23fr5nrdjpCCRgbiIAoAscsgHHOCykckAHKjGAOV7V0ljJ4Zs2C32oQJcxhWCKwKgoeQ4U5yABgHOTn5cZFfMwvr+Rtz3c4YAlwsrgkjnPUhSTknb2Gc4NdP4TsJdX1eyWUOY5Z/LlyS7scjjkHGfQcnrzVU8LWk17Spu0tkn00110Xon1S68s8bhoVG6dBarduTsrrWKaumk7303b12PZPEviiwlfGjxy3TkKySqpVcpnB+UEEKBwfbscYzdNt/FWvXFpEjXjQNIgS2jE2wlmHyhQApI6Dd2J969+8N/DSxMcMlzCoTZlVKjcnI+8O4B5weeAO9fT3wr8D6aNUtwLGFltow8blBnfn5WwA3z59FIJB3DGAPpMBhKlKOk2ra3vJN7O27TWq6aKy16eLjcTCvOzjHVrZN/y76aa69N+p4vpHwy1nQfCWteKteUQWljpD3drp8gAeeVUbZvyF3cg8ELjDDJINfLvxQ+PXjzxP4P0f4dXeuzR+CdKuXvbPwvbM0OnW91IOZ5I0IV5Mc5ZSdwbgc5/Vb9oRIrX4VeMpRhHtdEaNAANoLbx0AyGXCgjGejfer8EL26aR2ZySWxuwTkZA5+bORn0x90g8DnfN8PSqYbDTr04VnCo6lNzSm6c4pR51zaxkoyaTjtfrqny4PEOjXrRo81P2lNQqWk480JNNxen2mtn173bcz3jj5SSEck7gQoA6cEgZPB43c88EDjZ0O3N/cJbmVYbUSqJZjgbVLDdjORuPzHgdsEjjHJgtKo2qX2Mu4NgNk46jI6nPrgdumPoXwf8Mb7XPBes+I4dY06xFkmU0d2C3twdu7dHkA5ZeQeD22k18rj8ZGhSV7QcmoKVlb3uVb3Wmiu7rqerQpVK9S0FeyUrPqvdbu/5b9ne9tyZ4prPS4rHS4zMjuVWQncWXJBKqPug/3uP9n2ybzSL+WAzXQ8qLynC8j93tBBLAEHJxtwdpyc4wfm46K71iyJhSS6hfOyNHb5vlJ6Lu45HoOPWpVl8RviCY3E+85ZWLkHJ6c8E8425POGwByfAp0ZRkpOdN3s3J+9KzSSbbe3S93ZatLpdbEVJe44uFkltdJq2jW6u72b2V9diG2sblcPFJHIPM8sJ8rAAnJbOe4yBxnPQZBqvqVsUcrLKCcsB0wDtJAY4xwV+XqCOOorfstHvknZpFaNY18wxgFQ2GyV3MADxgkcZJIAPalq8izzMQojAIKsOT5gAGD2zgdc49yevXTmvacqktEtne7Sindpq+ltZOya17nFJtRtZ391dWkrLorbaN3b1tbrfhJ4mjH7x90inBUjqDkg454wRlh26nAzTwzLCCHJJ445XHQrwG5U4zkev4z3kwikMisjl/kOUBUOMDBI6YHUEg9+SRmoTsRWKDDZHB5HoQBkgrxwevfgYr06b5kreV/LRLe1t7ab2d9G7KOZN7rzeltOi+zptZPTZDAzEbn3MxyCezjqAQOgJyOuPXrzRlLls8owBBT5uAQSSR1OD1PuccniwsqiUSQuy7WHDbSXUE9OcNnJ47Dpg4zFLOkjtIYyjNhd2VIbkDA7DJ5zjHHTmtFC3K3rZ35lpr338t3az7WMrvvbX0WrSu2rXu9H57dii6vKPKUAxoWcH1IPAx0PfkA+pIzUkUUjBWGFbdhnK4ORwEGBgjqpGAScDOejiRHGEUkuD2PyqpGcZ4Y9cZPyhffqquATFuwqfMhLYQE5bHA3Fs5AwCCT75OitJLV9duW20L6xSvptbVPl23dXdlrsrKzW/upLtu3v306FWWPaXMjGNi+OAfmAOMAc/eyQBjB5A4rPa1Lz7t2EbJOeG4yRlQARgjAA56fxCtUvFMsgmDO+ThhjjkYAHGe24Y56ker2hd5FijUsHjDb2AyCATtDH+LsBgA8jABGc5e7yXs0ul7t3auklZd31Ttq9Fdqa17aa32+G+nbdWT0vdXs74qW0koyu9mV8Bif4SMFioPRcEg8Zxg89d/RNNF5cC33bZN4LOQdoVGyfu8cjGccZwORjLrXTbieVmG9ECsHJB+XAJ6k4ORknHU8gDFd7oWipBGswXLgFvMBGQmOOCcsM5x64ODwFrmrV1GL5Gm29Hd7tJPe7Tbd+qVtG3e65rtNO3W907X5Lfi9NtU3fodrppg0mFRGoERRULDBZjjLnnJxwOMjk4OQOL2m6tGt35kjMwySsZOAq9R0IGBwcHr3zznip5pXRlBZ1V8BQCGXBGQAMgHrxjBPGOMVbWeG4wzJ5RUKm7OBnj7wyMKeMgDBPHI4rzPYuo25Nvns+Zuy2TUVdPS8mtdNFezYRjdpv3paWtr/L16u9+/RX0uer3Wru1o6I5dm2qJtwXCs3AHQkkELjHG3gYPGHBfOvVVZVJAyPmJIHPAAAz07ZBwciuTl1LyrVIzMZAGAIU4UZJAIOecjA4PTnPPzT2l8FOVZiSSy/MSuNoypyM5PGPmX05xisvq8YRaXV63dnytJp22bb6Jbee+zlL3U23otfi0una1ra/afdWbR2VvqE6S8MZFkVgACCF7DByfmGc4AOR24ANjU50ezee9hLMimO1cEZDFQMhTgHB45Xphg2OvJm5nU71QxtGu4DJPLcDgZGRxjK4+mSTPc37yQRmdCqwlSueQ+SASV5498EDPoDiPZ2akpLT9OXo3p66XeybIT0abbWklFt6rR21dvPe33nnN8kMgdvPdLhGJYO+4KmeikBu45GB0xjpnJtvNeURMMwSOWdY2w+1Ry2Rzj1yQCp65FfT1p8HtO8ReHJdT026E2pSQm7SC3BKSSAbmtpCQQrjr6cjB4Oem+F3wQ0bUdF1L/hIbS6t9XYXRswX5gjWNsMF6upkG0jblTt9BjzcTxRleDo1ZTqNzw9SNGpBL31JuMb8r05U7t292yvezRzupSjq2lZqNktbtpK9739etl8vAbS18LWM1tewNJM1tAZX3yqPLuApKkBsbwHBDDbgnbn256+1LQNVmCX0P2aaaVyb+NQilCCFBCgL3x0Bzx1yak8Y+FNb0fWZ9GaymhhheUQXBV9s0SO212I4AIHVj75B6x+FvCcWuSSx6nOscFoQGYMPMfJwdob5SFP3h168jkV6lPFYeVF4r2znB01PmUrtRai1aKdk1p9npZ3tYIz5uWTUemseq93ZKyu9Ndfi1ehBpXgu/1zXodJ0jM4MZeO4ZlaFIjuZWlYY2jHVmK9V6Ec9TB4F1TQNRa0v5S15vBhaFh5RVsfvN2SNmDuyvI78nj6n+Gvhnw34Ks9X1W1Q6m81mYYZljMkrHYR5aKcqFUgA45Hcso54W28E+MfF+qXl5NaT2CySMlvPdo1vBDb5JiMRwu8gfKMd+hIAr5f/AFp+sYzE03Olh8DQpKMKlaShUq1nZWjGTVle2m7e29jH20Lyu1GEb6t8qctNI7dNkvW2xx13cmwtUsJQLmQROrxRxghyV4aRgPUAd88ds48smi1CeYTw2jxspO3YpaOMbuFYc4bGR6kg/wB4gep+MLC40K5l0thLLPDCm65Cj944HzKrjkAsSRk7h0GBk1T8EJNqGu6fp8luUhumbzIRtZjIAQrOTwAMZxgAMeG6V6eErpYWeJj76t7RJaNqysunKkkkm7rZpbs7KEVWlCKlZSa11va6Wt3e6btdJddd2VtA8N6tEWvGhdBJCokiO5ZpmfPKRnAVe4KgDqRk5FVbq2EPnqVaOW2lJYkku5zwAMkHPoOAeOCOPWPEt9faVd3EBjSCLTwbbKFHkdWBCsGIIOS2DgAH5unbxm/mMbtKJfNluJBIFB37euVYEkZXoT0JycnqOjLsRVxNVVZU4pNLlS5W0ny2u227u/o9vN1Wp8knHzbfw6pcr06/J63Td3uc/wDap49TjuTHII45T5kAQsrAYIcgggbiBkAD3yQKNS1G4u74TOwKHLlVOzyVPVMcKXztLHAHpyebkl6IyzIu+R8u44ZXdDgBuOCOuM5ODz/FWPOo1GTbK6wyO5GT8iLu5O0AAkgjByctwc5xX1tG/LFJu1kn87Xul5213S1OWaThrut/OyVldp3jfZdO/VQG8knfEbtHAjEyAsQTnJwAWwwXJwckck884zru42XEYeLEUjsxAZizHJ6DJJTvjtnqMZqLVbaSBSttM8ht1YHgENwQpUHIKjrg4UcnJzmsWCdxNCl5mXOCjITmMtkABVzjdkcdBjHTiuuLUXupJrrr2+FWfnfp71m9XfmjGXNayi99r6qy13a2t3btd2WnW2IHmSSSDKMMKoIBVW4AJDYLZJ6cAHIJ4I660jeNZWky4eMmMrIAY8dmbJBPfnls4xk1wdjPMGnRvkSNg8e4ZcqCCOMDPqT9eAK3IZZkDNJKY0ueFXAw6kncz4ww/DHPHbjgrWld2+0r6KyV42Xybtr0ta6SOtX5brmTWj6aaLo/ye1rPqdZaaqpmjaWVojaOmViYtuYEfMzA4GMc4ODn619CeGfijcvCmj6nqMkEUqRQRXAkLgoSVHmBy23acjkZJbk18uQ7LdxKGVt0ZRoo1Zg77SVZh15zjr94deABYS8aaVJJoTASCqcgDcCMMVHIORyAM+nPXycbgcPjY2q0YScf4c5K8otpWs9072bS1dt2tT28j4hzDJKynhq0opte1hd2nG6UlKztd9rp3ezPtrXtPistMj1SWRbmGbMtrPHKuGAGVYhSSSx7dQD3GSPGrbwff654gt7uaNrhXlSd2YFxHHu+UMcYAUZJGOencivP08Yai8Vnpk928ljC6oE3uygHHKZPUZ5Hv7V9n/CQaU2jC4vLiKNLpfKRpCjPGFwAhyRySCRzxkEgk88mFpVcrw1RTftXKTUOtleK5bX6b23d97aH0uJxtPirMqDjBUEoRVR3S95ct7X1u313Sv2PMtQsLfTvE+iaVMyiKNo57jIwhVRkjb2GAAR15HIBAr+iH/gk/8AtH+Afg74V+KN74x1SCwgS1uLjw/ZDYFv7y1gkdEU8M24qiAAkDcSVHIr+eP4sMqav9r09xI7lraF4yD/AA4Uhh6MSM7vlPHrWp4J8WeJtEm0DRZru5gjlmBmgVmYyPMFB9QS8ZIYgZIzkDgn8+8UPDrBeKnC1XIMzlUpYTE1sPVqOl8VqFanUUF/i5LPe7lp0Z7nDucx4Szl1Yw9pyqdO6ejVRRjHz913fm7X7L9gPFfinUfjZ8UL7xrr0kUelXOt3t7pem79tuBNM5juPLyA0qoeWIySMZ649D+JiafZeELLT2jiWBlLNHGy73fr5jgD5emCG6A/gPzluvixe6Lqdvb2Ewig0+2jhZizHbOwDE8Dhwx4IOM4OOAKb4l+N/iPXLaS2ju3uIXREMxcs+AAHAXJAJAAZlAOOhBxWHD3hrUyanlmDwEYUMDgI06cKUVZKFKEIRvZ+82o6vXV33Z91PjXAVqWKdWLq16943ldxtZaR1Wl21a227Oe8WSxTaldLAy4W5fHBYhQxAZT6YAJzgKSR1IxysMbmQnDnGQMYXcDgAHHIB9uQeg7mK3u2md3kHmeeT94tkMTuLEngk4we/c9q0I3AlXado3gEk5IUYJx1yueSp5A2r1zX73gsNKjRpx3tBX31V1to9/uttZI/K8ZUhWqzqwcVefNGz+1dbXT+d1dXvbo9/RbS4uJ4opN4z8o2KrLy3AIAzkDk/7OCT3PbeIbuytrKPSbQB0tkzcyH5WabaMg8KeMZIwMYye9UvD8sWlQTahdM0ZKP8AYwRku7Ly6jpkds9+3PPHazei5nnkWQgSHpkklmGSSo7bj0PQ5H0wxCfM7q9m76au6TWnwuyW+t2ckZ2TTTa1UerV7NpK+qja+/bbpjXMhZcbgRncSOwznB7ccDHb5iOSccnrmoW8NuqZ2yE7cbhxkHDMAQSXxkccHg7eTWnPI0cTs2WUBsICQC2CeWPJxkDIzgEjnt4vrEl7qeqm0SSOMu6u8kjkKkanLAEkjO0Y5J5OeSM157qUoRcpJppd23e6V3dtLbVWbfbo+eUW2lG7ba0tp9np1vd6X1tfyNpPsLT2q6hcLbpdXUFoqqNwiW5dYhcMOSQm7zHwSSAcHtX9SHw3X/gmV+wT+zf4GHifRz8fPid8V/DlnrXiGa1hmTW7aa8gSW402zuVUw29jaSMse18SuQDg4Br+YfwN4Tsde+JPw/0u0NzqMV74h0231GSMCeOKCO6jkuS0YzmMRhtwYFsZ5OSK/pe/aB+Bnwj+P8A4Z+Edp4dudL8L6r4bksPDy6vaLDY28dnAsUbNcRgKrysV+csCCd2WwxNerkmQVeJJSjGc1QVWEJStLW6jbVata32vdJ6HnZvnmG4ehGpWt7ZRdSnFfaceVR5n1V29E0rq7T0R+enx5/aW/Z/+KEuoWPwy/Zp1PwAmrafPpGla9qk92XtRcSLHGwhyIJpGLARuUPUEsOc/lx8Sf2UPin4EluL/UvDeoy232canNc20LS29tYXS+bbyXDopWJjGw3bmAHGOev7WftA/sp+M/D3iuw8O2d7DqnhzTItLv7HW7K2xb3406aKeaOB4xtd8KWcHORg+1e96n8b/hO/gnxx4NuLa11vxzrWl6fplpDqFuz+XGtusEkTqB5YWMqOWxj04O39NpeHtHCUZQdbXkj7GTu07LXWT0Sd7JNJa2V7n5HmXiZUzCvS9jSVVxqzjWjK94JWu01ey92/vXWtl1P5iPghot/P8SrJ7ewkkSwjM8jiJ5FiCnaGchTswcZJ2nkbenP6rWl5DDbQyXJLXLJHjylEY28hlYFSQFHGWYEn1JWvpD4a/Ajwz4dnuGi8L6X/AGzqql5bi3McUawSksI8Z4Vc46DjGecGus134dwW2pR2L6TpEtukRadYHRnRFYHBI+7/ALROc+obKm8BwxLB05SqyjrJtyXMo9LaW7Wu3ffqkjix/EtPHVIRoQqKyjGaWlpXTbuk1ZSt9/a9vwp/b18NxQeJvDer29ubQaho6zbGbe8iqDmTAH3Wz2JyCuMjNW/hDq+/wN4MtBJIZ7LQdaQDj5w0LBQo5BBPAwfTAx0+ov8Agp54LtrHUfhfeWsAgjuPDdz+7GzaIooycDjkADOW9RzkisH9nD9l/wCJ+oeAfhj8U9S0A2Xwx159Q07TPEeVZbi5hI8y0eMf6sNuAQsArMTsBJIr8r4vpQhXqxS9x1YJaX5tI9O70a9O7R+0cEN8tKSdpTwy5r72fJey7q/TXRanxn8Ffh/qtt4n1PXH0nUIZJNWnMUhs5FhaJ5n3N80YVuu5SM5OMcCvumHS7e3uRczyEzyIN4IK4wB90YHy5HIxgHByMivtfxP4U8PeGdAltktIUayhVIvs1vHGXYLktJhSSXOSSepJA54PyVrV1BKyym3/eNLl2+QEID8qsqgYGMA4zwepwa5MBU9nSipW1jGXVNOKS6Xvf8Aqx6mNw3JVl7yd5OWrelmo3dk9fK9t9L3b7/wTFHuDSMzFs7Dg44IIPpknA6jjgdxX7nfsPfsD/Dn9qz4W+NbrxQ2sW/ibTIMaC+mshJmmBAklTHMGDgnGQM9K/DTwrNHNBCsKqjGRUUMRkADng5YjBJz9Mdef3E/ZB/aP8X/ALPXw117xH4V1Kx0/VryzXS7Q6mXFtIZQFa4wTtxCCXBK5I4B4G78945zdYKnQnOrVhSVSKqKlPlk4S5VZO61T1WtrLsnb6Th/Byr06ns3RjXUF7KddLkjJyi/e3srJ627W2Py2+Pv7CWq+CPjUPCMGkC4gj1mXRRO0gnlnvoSdqRxITI0rrg4GQSdpAKjH1j8Uv2F9P+Hn/AAT58afES8uNUXxpBN9mvrG9DWlvHZxXBZLSOOTbgFPv8Z75BNY2rfGm88HftE+GPEGqeNbHx5fal4oj8YS6k6y3NrbahdsJJbBYpC4EMUjvG7HJUKTgYzX6Df8ABQ/4+aX4g/YEujea54dubjxbdOq6NprLFdfbJbj5kOwgbYwdwB5wMHkV+aYvjBr6rQhUlVjKdLk1Tk1KcY2lbXRb6NO7dlpb7mnhcFGniJweHU4U5LETUrOElC7VPlsoqUo3jdNWbVmfwz6lPfW2v3iyTSJaZO2OOTEcQwQqId2CF4GQSSOQeBiq2sa00RtLFGEM6ssj4JkkXcDvOBk/LyWOOmeMV1up6DPczXkQy1x9pbZEF3ME3l1UMBt2gY3Z6DJ5HNZ17aXOjiCWXEIiKxgqMsM9VKfN8o6cjDHO1c5A+z/tOlWpRkmnNxTts72Stez00S+fU/CswqzliKjUpWdR+9e7SvbfW/zaWnTcp+XdT6Q8bxOlyhDIhyqsgGBIVPBOS2Sc4UgnJbnhLTULGPVDeX6Rq1n8mwDDHBwXUdB2XnnqeRmvVbu9+2QMY4gZXjEYZWwNpT5pVUHPBHzDHBB2jJ+bwPXbO7SZ4RGyxea2+chwW3NuClupBHAJPGTz1rry6tKbnGcuVy17LdaaJPtf8VscEm9N2mktdLtW97RaXTeuq0W2hzvjmdJL5ryOQvBINyorBdpZiykqP+WmMk4B7sefvcDp93Obgh3AjeQ5yuFKgnqw+X7vQ5J5Oehq5qqXVtcSCdGkijcEkuSuB05PQ45yp4wMgHrVaS0W2d12xOwV1UtuGSMcKpPzD7vPY4yDzX1eHpWpxgve031SavG1229LN/g3bcl3k27tatpa7Kzd1o3+X4m5da5GltNbKgeRxsjm+Y4TOBzzkDrwQeWyc1R8N6QLq+naWfCCOQsSdjMXY7NrHBxkgHPQ5ziq9ktrdxo80ZCxZDSA7dzY4OCRxnpnP4Z5v212tj50kDEvyFXAxgdNpP3sEds4I/LVR5IuMVdya1V/7r9bp7Wvre9+lqdly3snbRJ7aXuredlfmenzKI0i6srySNAuRJIN67W2YcHORkZIAx9OG3E1vSST2ixEbjlckn1BC7geAPmPTgAcDBNULe+lkaSSRhkj5gepJ7AAkfXqwPOOMDXjdbgxxNh5JGQKrryuCA3I9FHA7YHTjO0YuUleKWyV9layfytpay67pEOcm78rvbZO137t7R9bNdN07pO2xpGtXsXmmQmJYwqgphSCehC8kjjPAB9Tk4r0vS/FElvFb3LZmMLBkV8Lggj5icg7s4KnoCccZWvrD4c/s1fDz4t+FtAtvBXiOwsfFsWnPqXiS+1m5RLcpEAJbWKIMuJoecHBVgp68Y8d8efAHx54bl1uTQLMeK/DHhucpqPiLRonudPtojk77how4t03AgtIwU55Ibr9FjeDcwhllHNXTpVMHXXxUqkKk4u0Zcs4RbcUlbpbf1IhjeSt7Fc8aiSkouLtLWKsr6Pbok+j2utC1+L1xKtlNqepzyTQp5MRaZ5hGikKItrFsDAwOABxxmvbtA+Nyancadpui6eg1FUVZJWh8x5yxXhFAyS3tgeuRxX59+RdpdmUx8RvkomSo28jdjjBGMHgY7cnH2P+zF4fi1Pxtpd9eIHaHEoLcCBVOd8g5GAOcAZPQc818JUy6nTrwjS0kpRVlotXF3SSWqd+vRPyO9Y+u5RfO224xd91GTirrfZWvZJbo/V34deIdRl0WyudUguLNwkJkhVNgBUZ347NtxlTxwTwMV7NH40VomWBrlvkG1woI2qQTnIAz14LhicfNgV4frGq2ul6deTWdx5cEEYGZCoEkhU4CkZ3Lnow/AcGuc8I+L7/AFNiryBkCqTtACiPdzjPBK9T16nr0r1qmHpy5FKSU4xWj0k7WSatJaeVum3b6bB5rUpQpw5pS5vtJNu91v72i36el1Zr57/bi/tQ3HhjxVYeSsCxvaTFosSnK8q2FyM7SVJOVLZGMGvzml8LeIvGsunWPhvQpNR1zWr+Kx0+C3iMtzPcXUgQEqFJKAkscEfdPIwTX6qftJC21fwU3nOFNvdKy7wrgAsuB1OFYE5JIJ5B7Az/ALFXgWCaS98etYwx6lZyPoHhS6MSvbWryAHVNackMA9pCQ0DjBVmwATxU1aqwtOM5RtFRtJ6X7XV9EttNk9nYwxMniJSbb95JpatqclG7Sasknbo+99r+j+AdM8BfsF/BF7wpbXHxi8R2SL4m8TLGpmS+uYgyaBpkxBaKC0JxdGJlYuGVuRX6v8A/BLH4YeEvjf+yX+0v8ZPGl3d+I/HniOw8QeHtElWYSSeH0s7F71IbIZLRC6ZxGxQqWbnndzx8/8AwTb0P9oHwP4W8ZfF7xBf+E9G8UX03h/4Y6OPlv7yOFWk1HxheJIR5sMr73jkwTtIO7FZH7J3x/0H9ja7+JX7I/w/i0/xP4avPFE2k3HjBpoopZ9UgGzUbmFXbIC2wCybf3bMpC5INfAcSZ1Qr5bi6eXy9piFKMpQinJqHuqTbWitK29k9bbnscN5JXxePoylolySc27L3GuaKdrXte6trrfQ4r4rm30T9jnwb4KiTUNMhtZtfHjieRz9oghWSdDCZR88nmwD5I2JJOMjbgt/OV8bF+Gus3Vt4W8CaPd2uj+GpReS6jNdFrrUd8aySNJFuzH+93BQACwHHXNfuT8W/DPxa/adv/ijD8D9Xj/4Qn4a6ndS6vaaiTDpl/eSIxv7eB8gXtwTvMYUuA23GckD+ejXdL1XTvGXiODUo/st415eWHlqW3/aIJHjMWzgEBweo+6uV4INfZ8F5dicFw9GtVpKnLHOVZytpPns1a/y0VuXbR2PF4oxuHqZ9LCUKnO8HGEKium0pTTurXTVo2aWzSbetj/QK/4I7eCvhv8ADH9jb4WfH+C5e+2fDnVZ7tZxG66TNbyyo8MIXlJbjaykn58EH0x4X8d/2ktb/aF8W/25eQLZaNoBubXRNNUsUjtBO+2eQsQGlkPzE5J5wPb8zf8Agl/+0Z4u0X9h34i/A/UNYu/7Tt/FttHosLz5W20S5TzLq1WNm3JFIWYsFGMnJGRz9FaVbXckV5DBN5P7stLhTheDkAhf4ixBAOPrjFfhGccOVf7ezHE4y8YfWpzoxVnGV5JqrZdbJJW216rX9f4ZjCeEo4tRVStKjGlTlZOVOnGMbxTbsk5Oz1V0ttCj4hvTO0xBKrI5B24yQM8AdSCx5AA6Z+XjPnV1HC4O5VOSAR/GRjODgKFGBlsnJ9eMnU1axvxLHm6ZsSOG2gHGCcZzkDbkAjngZHY1lvHNsZFUsWO1mZSDnqcY9ezdOee4H0OX0KOGjCKqRV4XWuzajrva72dvLrv3Yhyqe86Uvdk1dpNX2b6t236K97tdM+7gtzayWsagiQgADHykDOST6sMenOcZIrhnhEbGFlJUbdhAwpLEcseQDg+46Dgiuq1KRtMsrm9l2tHAjSPkNjailuuM5JwMjgegwWHhvgbXvFviTXtR1jWJbHTfCaPLFpmnRnfe3CRud1w5OdsZPG0gbsltoDCvq8vnKClUdT93Hq30bWlm9ra7fgj57MakG4UoxfPONuXbaz33t3632tY9OunB06/2wpKi28kSyMo2KwQ53Z4IChsYz0JA9cX4deBLLQdFuvHGt2kU13PcvH4YsosK1zek4W6lTjMMAO/J2rlRz1FepeL9Hh0bwppJ1BHs7fxFMNQjlZfLaSwiBB2E7TtkcCIEEAggjrXmKatqEdqt7M7RHy5bTS7EsWg021bIjPlngzzLhgQobJ54ya9/D11XwrdKpenLmUpJ7KNlJL5ppPayt3v+eZ9iJ0qvspJKVle7Wl1FpWVvR9euiR3t5qE2n28OjR3s2pavr0nn6nNA+4rLKRttI+SwVCwQAEYCkAEc190fsgfANvG/xJ8OeHriAtZaRLH4s8fajImbbS9I09vtMFjNIwCpcXAjVyjEMQrHORXzf8BPhfquuajogsdFl1rxvr90sHhnSVVpGV5nCNqt7kMIrS1BMzM3ygKACTgj9Bv2qPit4W/YD/Z8ufhD4T1a31L4+/F21/4qjWoJomu7T7Yu27uJGDM8FpaI5gsovl3KSR2z8lmNR4mqsFhk5zclzOLfuq6Tk5Ju27u29PSx8/RpK6nJqDnpBW7q7bfXlaum9OtrXP5rv+Cr/wAULv42ftgfFTXvD0V3qHh/w9ejwdo0ltDLPBBpuhKLXzoNitGIm4IC4U4Ldev5iaZ4O8UXkcNva2GpzwzzpuVrWaIESPsZiXQbVUfxYCg8544/p7/ZFm+EWl6T4st/HGg+G9a1rWAJob3VrW2vJri8mYyTvI06MwLyFm5bOcEg8CvSPj54Y+F0Xg24vjb+CtCa70xn059B0+zjvoblARCrRxIuAwIOcDnqcYFdmN4io5Zl9XCqi4vC4fSpUbUOaCirvybV7at3S0uezTyeolCv7ZcsrPlV27WUbPTTbXa6fmz8hP2Nfgd4g+Fvjez+LlvqsiyWdjNZQaXo+otDq0Uk8JJuHeOQeWsZI3K3J7CvGfirJca38Q/E+t65qM15rt5rF494dVuzcyiKR2EQldnYvIAwA25GW49R9NaPaeNdBvZIvDurrs1AMBJDFlmEpK7nAGVJVgQqnGc5ORUVv+yVrviXVYta1WWHVLq7uFuLmN5Htnkzh2ErsVXaR3wMkdMrx/KOJ8QcswPEmYZ/mmPoRxUqP1al7qU4U4S/dwhZuVm2001v36fZUliZYCll9KEvq93OpBtcvO3DVWu3eydpbW0bPkf4xfsjfED4YfD3wX8afEGmWUXh3xldRS6TdWl1HIyxM2UFxCrFoDKqgLvCksTjdkmvqv4UeGdQ8W+A7Wz0m+RZNQKIUfcqgRRLvR2UEMpGAv8AM19AftW/F3U4v2d/B/7OPiPwZ4W06LSdT06TTNZhu/tV/NZQTDbHIzu235QTuBAAPO4jj+hz9i34O/s4337NPwf1Sz8DeDr27Phe1Op3iPavd3uoGMC5lkZiSrBhhwTnuQARj4Pj/wAcM0yngvLc8zPLMRjqtbNsVDB1sHTlGCw1GUJUKsm07ScZWtfVxb0Su+nLMBQoVqsOb3atOMJwinrLZq3L0d7tpaPXXQ/Dj9hT4L2vw7/aa+CPiXxZeWIWT4iafBpQsJFMkU5nG0XeSTHHuJO58cEjnHP92eo3Nnc2E8H2uzYqoaYSyxER/KWGQTyCMY67hjPbH47+IP2aP2Y9X1TRNaTwZb6Pqmk6mmoWk2gak6XJu4W3RzBIJQY2UgNuwvbJ6mu61HxR+z/pNzNYa38W9XtruOApcWE+vyedG6qFZpwk27dGo2hCWJxyCevqeFf0ocwxOEr4alk2Y5njMVOFRx5eSWHhyJNRsmppXV9U09ex8ZxhwrgsdNNulh4RhKnKNWLftG9W79Ul3SWm1kfpJPrMX9mEq0UqKFhiEcsJDspKgAIezcALjHIJr+NT/gr540nn/al8b6Pb/bbZotHsUntraSTyJGyGX7SsTYGQ2QDzn7wzX9M/g/4IfDj4j+G9P8T+Dfif4tuPD7SM8F7aavM8M8yEsyqDNjCONoHIIDDBIwfGfiT/AMEvP2afHGv6h448a3mta3q+rxxw6jqN9qQeWdEGFLlpN2QMAfKB06Cv6f4e8YsfUVLE1crxtCaheS9pDnjzWbco8ylZaXXyt1PyeHD1DC4tuVfDOlGHKm0uWySSbuuisk+j16WX8LttBqMrO95EUtw4ZTHI4cAEMMqCCcdtwGMA9Bmvvj9kLxN8T9T8Z2fh+w1Dxj4l8P3LOY/D0M15d28YhiUrILMs6hYsjBVOABwRjP8AQRrv/BJv9h8Xc5W+1DT4XYAN/aqrvk4+UK8xCjjntk5bmvbv2e/2NP2Tf2bvGQ8Y+FPEu7WorRrW2XUb+F7eGB/vbF3kOx67juAzgkd/C8UfEPGcU8J5zk9DB4qVXH4KvhIKUrxftqbg+a0n7ur3+JXTPu+CqOGy3PMBmNN0ZvCYinXaglK7pyjJK6irXcd7t6a9j86rLwx448yZ5/CHieJ3d2DNpt1nCkkZGwjKkAHpjuBV8+F/HjQXDf8ACK67tMTL/wAg2dSyEYY52FSwGQVP5YJNfvEfiD8FWzDN4x8NowJLrJLZRk7j8xyGJBX+HGckZ6dGHxX8Ebg+TB488IZfqn9oWCn35L5J6ZB4BOSOlf5RYnwO4mw9eviv7Oc4KblFOLpvmumrWbd1dbdk7aH9n4bxwlGlTpVMC3BxUXacpXS5VreNr32V+6P5z7zw9reiPPcQ+BtTtmIzI0GkMnnMfvvMFi5kP3SCM5GRwDn8cP8Agq54N8X+N/APgZdD8L+Ir680/W5nuba10u5lFrE8TBWlWOM4DMdoJAH8OQTX91k3h74S6wXNh4n8NXe8/P5N7Yzc/wC6rZH8OePQ8VwGu/s9/ArxGJP7ZtPDt9uO5nd4AhGcjchG31xg49euK97gHD8VeHfGGXcUT4f/ALQxOXVZThRqYqVL2sJU5U7Oc4za92Ta0drWsZ574gYHijJcVlE6NTDU8TBRcqdFtwXPF8ysknd21bXRbNH+Yv8ACLwp8QPBPiGz1C/8HeILG6tHfNw2mXsJhR0bkuY1ODkkYB4HbjC+Pj4k1PxBLc3llfAST3DJ5lpcg4LEguSuSSxzySOuOK/0p7n9kb9mO5WaFbDweinA2vBpUkiOOMbpRuYrnA3Ddt544rnJf+Cef7NersZj4Y8DXySDBE+l6a7lWYFtpiUDlQAD2B5ya/qSP0i85q42WYYvgCv7d0VSk8PjKNVxh8WjlCL+J3d9lu9D8tjkmUwwkMNHNcRToxqRmnPC1F71o3uotL8dr3P5Jf2UtSn0T9jzxJess9uINA12MSEPCxeVJAFAYAgbmAXtnGOA2f54vFl/JJfazK4ZZDd3bq0oyxWSeQscHkDPOdvUnIGAB/pDftP/ALEvwR8Dfs6/FC50jwzYaZY2nhW/Syg0cJbwi7eJtjrCo8sky7cjBySy8ndj+D/x7+yJ4y1281K40J7SIXVzOjJdKyyDdI5TgZA+XBIGAeQM5yf2P6LfFWBzHNeNs3xmDllVbMs0p1o0qzTnGE4uSTknZuLdpWte1+tj5zjzK6mMwGXRy+c8VQwsJ0nKKabko03fllZqy6aOytdn5hWgP2+VWDZe4wGJ3EktnAzjI5x06ds4NfT2j6fdtp1oVmZSLdGKqHXcGAxgggEjIyDgHkjoKz/Gn7OXjP4XanYLrzWU6T/vPMif5AVzuTBYsHBGMY68njmuotLhoLW2iDjAhVOQCFK4z0HY9COuQFPGB/eFLNKFXDp4aopwla0oyTukldLldnrf0T1d02vxavhKuGqOlWhOE1ZNSTTV+VrTq76JPfunvchh1CSIIryv5JVNpbIdnYIqheDnkDj+LGc5Br9aPgL/AMEyPH3xJ8J6B4ylvn0+PxRZx39vGVLqkJQtGsqcbt+c7sYyc4Fflx4deOXUbSKRwxlv7XtuJzMjYI6kAr6HPU9K/uK/ZBnsrn4R/DGJY4Vih8L2Ub7QAci3GeFCkcZAwc+hIzn+Mvpd+N3FHhRw7keK4flTVfMsxeGrTrR52qUKcZ6J2im7q/Vb6vV/uXgtwXlHE2KzOrmtL21PB0YOnTUnFKcpJX03aUdFtd3eiufzz2/7A3x907wj4t+Inga4utSv/hb4nudIk0DTJHW/lgsSGe9hjQ4OxSSq7WLAZ45x7D+y5+2Z4A8Y6mfgx+0ZpiaFqdpN/Ztv4zVWhuoLrPktDqynBilRwqu8gAyATwOf6F/2WbPT4dU+N0EEcUsU/wAQb7zo5AGEglAVg6v2KkgjGMZBOcV+e37e3/BLrwF8Rh4j+K3wnFp4F8cyrPcX9lbReTp2tXAR5nldYwqRT7lJ3LjDHjrgfzZwJ9K7LuIc/r8IeIcXgY46WGWXZxh/cdCtWpU5KFeKetKU5t81nbVSTWq/V814DeV1FjOGoRlPDtSqYKquaNaldaU217s+Xo+qb30Of8c/A3x34G0tPFHw/wDtXjzwPdkXdpeaSy30kVpIu+MlYWkLoEIO5FwOBjIIPlGh+LYr64e0u5ZLa+EZMlrcp9nlgkDEGMo4zuBGNuMZzgYHP5q/s+/tv/tEfsd61qHg3WNZu/EnhizvJ9OuvD2vzSXdokcLtFMLGWXeUVlU7EzjsRtbn9MvC37SP7KP7T8Fpc6xJbeBPH2or5Mk8ZXT2F2/3H4MVs8ayMVLKNxHILZyf6VznhbNsNg6OMw7lmOXzpqdHGYVKp+5koyjKoo6/C07p30XaxpwlxLk2OrVMFiI0svzGlU5KtCvJQ/eR5YyULPW+qWi9O+7dzQTWjRfaUIl3qBgcZzltwJb6Nx2z0rx7xZ4S0+awvZZYo7mSW3kEcmSHRkTlgc/MNpHJIxjkZGT7B4o+GWufD/Tn1LTdWt/GOhBgwuLSUSTw2zYZXdMszAoeWG5WIOcgsa8T1vXRf6LeLaR+XIlrdNsLDfGPLK/MpxhsnAHpgdsj5fBfWcNWw9pTXvxtd205o35k7a2ukrK3kfpuIymhiKLquFOcVTck4WknotO6Tt33stDqf8Agnd+0Trn7M3xg17xP4egttS8P3c1vafEC1vp1ilj0BJz5tzZlz808ADuUXAIAGOlfvx+0F+1N+z5+1T8IdSh8Aa3N4i13RVstW0fw9pdrI2sR3cUimSAwqN8iMybWdVCgH5m6E/y/fseeE9L8ceKviVa65LmOx0ydnRmaNZGkkkUh2jKs2VLcHKjBPy4rpdU8M+JPh34im1b4ReM9V8Dajp0jPazWTySRhgTvQyOcTROR8yyAqB0xmv6Zh4eT4w4Nq0J1qc6WMounOlUpqS0jBfD0ldRd27aLsfzdneIyTC8QQq4jD1IVcPKNqkH7s0pJqNSO76ptXeqW7P6zf2bf2itVPwo8OT6r4b8RxGzhGmSRXOnz7xJBhfKQFAVKKoDEjnBxwSa+nNP/aO8HPbST6jcnSiriM/2g5hZHJ4yrqDx0OcfMcbQOa/l2+Dn/BXr9oz4FaDZeFPHfw60D4uaXalT/aVuqWWpu7SHzJpFKpC0rLnLAZZyeex+wfDn/Bav9mTx29vYfGL4Oar4Qtrp1N19o0xLmGCVv3bSCayi3+WMktliwPOd2Vr+XeIPAPxO4erVKnDXEGInSi3yYHE0ZVKMVpywTpylLliktbc3ldXPKxMMnzTEzlHCwjCpUbjOniIKVm017k1ba28k7pJaH9C2hfFjwhrMKC18RaZOxXIT7TEN6nqsYZlPfCjJPY5zXXRa9Y3EYYbW3MMtHKjAqeMYBOOORx1zg4r8b/CH7U3/AATs+KbWt54e+Jui+HLuHDJC2ry6ROwAwiNHeSxruQ4PA5xkkZ497s/DXhbxbYG/+Gnx2a5+0SLLZRw67a30MkQPyrshndgScL0IOcE5xXxeK/4jXw3SpwzDh7D5o2uX/Yqs6c5cvK3KUK8Y8re0fVvyOT/VbL6s06GIrUr2u69DminJxv79OUo9tUtN9D9H1kgkBliuyhBIYDgKu0nB5GcDqSeBxkdadpsxUXG+5MyGVljZFDfMSSQeuBwCTk575wtfDdr4d+PGg2MJh8a2OsRRtmcKgFwbcgkbQc7iR95iCPXuB8uy/tE/tUeCvHurW2o+AtXn8Ow3nlW0sca3MN7ErHMqCGNtilAT2HrgmssL4o8S5X7OWd8LZtl8oSanehVrResVaLp8/MttVokuzueNmuS4vCQf1Sg8ySceb6paVSK5lrytp9vPrrdM/YjWLqWOxuTHbGclMBQmGyAegzzzzjgjOR0r4u+LrXUd7G9pa38ctxp8yvO6TeRFMEZkJIUDhl+UDjJwcduI0z9s2+lFo3iHwlqdiJ38p3MUkJjfOG3h0AwMg56bRzjJB9WuP2l/h5PDZyXl7p7srDzre9EEjxsygYEZUFztzgAYycY9PivELjfAcd4NYCWYyyyd4ScMRSlQk0pxdmqnI3dPz672scWS8Zy4SxSxWKyLMIKl701Xw1SnGUfd0TUX/Ne603fkZf7EWo32rfDHXDq8zvdW3jXWLbzZEMe7y7hlQAMFJAAIHXrtzySPrLxe0sMOmg7mJ1C2EYUAlyBzjgjoTyRzgEk8CvgXwZ+2z8DtG8Q+I/CGnW1wBb6mt9IlraxWUCz3D4luNgCeYxbsAcnDY4xX1Vq/xV+GmuaTouqX3ih9GhM0N7BNcMITEvG0yK5XajE9TnAwcnNfsvh1l1XGcGYTDYXH4evPBUMPR5YVFzThCVle/Vq+sn1trZI/P848ZeEsy4lxmJqY2jg6tSo608NWqOlKip2hb95GKeu6urddj2Pxj5h8K6uuxi8mmXSsAM/MbZyAB7bgSSOuDgAiv59/Cvxd03wnq2q6bqupXFs58Q6naSrK2I7ZftEmGweAF5yPlI+ZsA4x+7uneP8AwT4wt7mw07xdol8v2V4pNt/D500bRlWdEV8EkOQMAknAPBAr8rPjD+xr8O9S1Xxhq+laxe2Mjx3etWi+bGsUuoShi6BpWIkWWQjCIScEDI4r8N+k14aZhxpDJIYbD1sU8NGVKboK8qcr027tLVXT12d730P3Lwl8VOC8mwuY1sZnWXOhinTnGr9YpOF6a1i7SvFRT0fddbNnmvi740/DmbQdR02fxvpMBmiiePNxF9od9ykLGqtnJwMg8g7sHAIr1DWPiZ4a8Qfs++N4tH1m2vxa+Ab+B5UlRkaT7C6kZBbEuR8yHBU8Y618efDj/gnJ4f8AEdm/if4leIbyX7ZdSGws9KZ1uoYDLlDNC7gDcucMgHJxjBwPp7xx+zB4d+FfwK+Jy+ANVkOlWPgzVLmex1OXddTyvavvZvnyJBs4UYA5OGBOP54wX0deJskqZBmeCy7GVIxzHA1MU6kXCUcMq1Jzly83N7qvK9lezbP1CPjX4ZZ9Q+pxz/BvF+2VTB06NSDUqskopWe/Novduz+PLxDFGl9f3EZdZP7QvQQp5Ja5k5AB45B56cL/AHsjzaZpm85mJ/1hCo2WIAyFO0Z7fMDjrnPrXW+IrwF7keYFlW+vCyoSNpFxIADgHjseO4O0ZzXj2patcJK0kMrqUyCu0kk5x8p4OeeBjGMnjk1/0H+HOGlheGsrUoyShgsJGaestKVNNvW7d1d2aa6vt/P+c42FXMsVUpNSjOtKUeVK3K2tbLe6tbVWV27XNyXSprqBlDZkkkAWFY3YnJJy6Y+YdNyjk/3Rmvmzxp8PvEdtdX+o/wBm3zW8ko2tHazBCjMw2DZggjB4OO3HG2vXE8Va1C7XNtcmGaNv9aYztGOucrzwMZPJIwMgrnN1b49eP9Fn+yG6sLu2RN3l3NjHIjHABwShByO/4nrX6PVahSjJzaTskkm+V6KLkr63V9Em+lzkU8O6adRTp7K8br3tEu213e17rTVPXlfhqup2EfiFjZXdtLHpkceGjlinYM2F+YhWViQAASGDZPABY9XYeM/HmhXaFNZ120s8rJCouZpVLFQFwjsykYGCpUZAxnmvo79lP4yt8Q/E2v6d4n8BeFdQstP043c0ksH2dpuwjdgqjYQCMlcLu6dc+s+KPib+yxqWry6b4r+FniXwxeWt59lF/o1zDcadkKMyRxsxMkf3jwp7YPy1zwzCVGNoc0tVyyS03ik2m7pJPy1V7tpX+zyvB054GFWOOVOLl9pNJy92+t24v8temh8xaV8bviBHJELy8W+hC+Xs1HT4mXYTgEyLGGHbknOOueRXzv42+POsw+MdWDaLprQIdn2S2i+Q4TIk6ZDMeQuOOhzxX6bW2jfsseLRDp+j/EybRLi4jeSKPXdHkj8vyhu2PIkaqR8uAwIJGe4r4Q1z9lmfxf428R6x4O8f+CdT02K9mjhSTVYbC6l8rIXZBcOrYdQOgPJxnpnveaVpzpwhUfNvJWXkrO7aeml1ZPpvcjN8Nj6VGl9WxNOupTSvBp+7pZ+89b/L9Sf4T+INN+Kr3lteyQeFI9OthcPcXIJgkdmwU2gZyT7+uRnFelQfBi81d5r3w/4w8MXlukroqfbGtpHI5YYkkGWPTGCDk45JI4rwT+zz8VPCC6zHq3hue8tNTEcen3Ol41CKRUlLMwFruJQqPmP3cYAAPXnNWt9b8Lalb6feaL4h09zeS+cXsLi2tggJGVZkxz3y2Qc98GtY5jU3ck+VwjFvZy0Ss49E3dW1ej2szLCKoqMPb05SlePO9erVo3i9LO3Vet9/Sb34QfEiFXkj02W9EaOYm0++jnidR32qzEq/uB6npiuB16Dxp4da3tr+y1TTbyRCUS8WQKc5yYs48wZ+VduQOpPavZtButcSy8/T9SvbdbizDWUU11OjF0xu3DcSCvzHp6dWHPyT+0t4h8bnU/CM11r141ykcihzI6qVDYCoSSHIAHPzbvfg16eFzirCapyneXutuN0/stxWrSsn2TttqdGMqRw2HeKcavJGz10b1Stv919fLXTqIdd1n7PM7retcbiCDG+1iCeRnOSxPGBkDJ643Y+r+KdfikV2/dRywCJ41jYNjIBBKDKP/Ec4+vdfM/hb438W6l4l07TrjUXu4RdrvhaOIkoiEyABl+YsM8HnOSPm4r6b8U/Ei28LeJBpd34Z03UdNkWCfFxDF9ukeSPeyowXAIblVJzx8w9PpaGOqShF+0qRSaUXvdqUbcyt7y1tZtKWm5zYPGQxVF1VWqUYRmovW0pNW3StfRpPVaO3Q8yTX57WS1ltZ7gSeWjyK8s0eXOMsu5yoAz8uBnjGe9d/wCH/iv4r0q6hjsdUuILdpCJ4luzvYDBbbly24HAyDll4B5AOj/wuX4UXogiufCd/pu4eVPI8FpJbqQOQpVGcgg8Be3bIJrTubP4O3+lxeJY7m20+zMxVzJFdJMxZsbwB8m0dTwcnjpgD0v7UrU5R5a0ZR1lKKdlpyXdmnJ7pvRJdNLHsYWvXgvaYXHKMY3+GfKvdcbtJ3lo9ei1aWiue4eEv2q/F+jNAYdZ1GGe0kAR5J3aQ7vm5AJchQM5APpnFfTfg7/goL8V9BnaS38ZanAQy+UpubpYCFIOXQPgHJIJI9eTX5dQ/Cttf8UJq3gn4i6TqETqZV06Z2R4UbmONkLc7FwCWGO56KR6jpvww+KdnBMYY9K1rMhQpHeWwG4tg+UGcuMjoG+XJGfU9EMxw2I93FYOlNReknGE+ZLl5XeOvvdI77p2PdwOf51TknKr7emtLSUakWly6+9davonstNmfux8Jf8AgsR8ZdBdYdZ1LTtYsbcou2+d8tGoOSjyE7jjbvJP5E8/pv8AC/8A4LC+G9WsLWbxJo1gsrkLKLXUIkkI/icRu25lznBGMDOD0A/kefwp44srD/ic+DNVgWOMAvYLDNG5XIyuwEEAEEhQcHHB4yi694c0mygh1231jSpX/di6aURMrkgfMvysCOnyjdwflzt3cGMybIce7PD08O2k+eEfZyh8CSb19bWT66Jtn0Dx+Cx0F/aOS4OtFK8qipKlUu+VO9SkoO+rs2290ttf7tvCP/BST4C+JY7SK/ZrWa5UECUxTjJJHDAFX24I7nIOOQa+gdC+P37OfjVxC+r6CJZiNsV9Z2yu27sC6EEdeeOjAHJNf57Np8QvDVrPbRaZ4612yuoXG37Rd3RhRhg4BV/lB4BI9cdTz7j4M/aA8e6TqVpJovxRjkMc0ZVbyVzGiLwMPKxyCR82dw68Ht8zi+FsLhW54LM8TQ1tH2WIqaPRq3LKOvnqlsux5ayvg3GSlTprH5ZVb0nhsc504yfK17tS9krrZ6dL9f76Jvh5+z74yhJfSPBOpRzBckRWSsysp+XIBPOQDglsgcAk15b4l/YS/Zb8XB5Lj4e+H3LhsS2Xkg/NgMQEK8jnbjHfjiv5hPCX7fHxl0rTYIpB4Y1qOCCOJbmDU2t5pDgDcyRupDbVByMgZ9wDlX//AAVC/aA8Nayr6fKunwGTCRwXl3dIg3Bdy75DG3IYYbOB2wRnDDS4wy6pH+zuKM5pTbSUIYusoxu4WTtNrXtZ6baoiXA8G5zw/FsYQaUorF2qatRfL7snstb8rvdabH9CviH/AIJGfsva+JXstFbT5pMlFESMqF/7odDyDj1AAAA6ivAfEX/BD/4M3krTadLZsM8LOmx36gg7MKGz8pyMHnHAryb9hb/gqj4z+LureJPCHji/huNU0HQ5NVtZo4CkkyxIxdZQQM4AAOAQfmHI69N4t/4LVaJ4W1rUNJutNsC1jczWsUzPzI8DFGdkAUhWI2445Bxu24P6lkGc/SEhVlSybiHHYlU4U6l6tdyjyVOVxX7xa7W3bXk9D5jE8PZzQr1YfWcoxtKnyp1qkKbp1E0muVunFp2vprro9tMDVv8Aghf4Tdj9g/sQR+YpCXELOzgbSAWY4zwG3dT3GTSWf/BDzSlAhlXw1CigDcLNpcgkDOeWyAAAMEDt7c1q3/BcfUjHI+i6doAjySJJ5SMBRyNnLMehGwZJ6KcmuaT/AILdeIL21mlkv9JsJFQALDbyP8xJOUyvPHU9QME4GAfvJ8afSdwtJRr5zRpe7bmnOHNFNRtom106rRX7pGEcixta6VHIIvZNRt7yaW1rKz31ts0fSeh/8ET/AAXpqxvf6noBRQpZV0uIjqAxBZTkBTgEjIx9DXsui/8ABK34HeFpGvL2fw/iCJGk/wBBtEZ9gBY/OuNrYwoweBX5M+P/APgsT4+1e3CWvjG7gSQtu/s2FIi2cAYcgsAc8kFTkYJ5Br498a/8FK/iB4jlkiHinxJePsIIbUpYAVJxjEci+no3OeThq8HGcUeNWPi1nPHlShGS96GFSlLl02so3fmm99dFp6mHyGvQjzYjMstwySXMsNhI1JNPkb3Vm11UY20Ttsf1F6D+y9+y94NtzePL4VLW0UktxNeLpYaJQCMmHYRgALuAGSOACMGsvUvG/wCyL4QuN7+LvDsD2g2TJp2n2QCqoyDviiCEYyvByM+mTX8hmq/twfFSe8ljtdTu44riJVKz3lzcgrydrbndCjZyykDIPXAFeM+I/wBoH4ga6rSXviF4luJmkmS3Qjk8BchQSBk7cj064yPnP7NznF1JVc04zzrFuaTaVSUE1aKcbzdlezVrOy7aHpUsvy2PvYjOcdiVolGjTp0Kai1FveDta91okrH9kWq/tofsmeGnkNvqMmsmA5jjDx2qOOCAqKFDKSB0BGMcDNcJq3/BSj4T2NvJP4P8GCWQl9pliVkdlGfv7SAc/wB1icDJ4yK/jM1T4ueIdPhlvE1S8uLkFF3Ts8kZRSD8oywDEHPI5+Uk5wT7V4I/aZudU0+DTXuJoJ1UQPGyqN8rHmSPILAMDkkjIw30qo8LZHWxFOnUxePxlWXK5utipOLV0veScVd/y2b1+/0MJh+E511CqsXXm0rOtiZPW6snyuC1eyW3mrn9DXi3/grb8SrTULiHQfCGkWELOUQzM8jRow2hjkgA5G4A4xxnPFeOa7/wVE/aE1WCaSy1Wy00uzoDAiMYxkDCqBuBHBJ4O7g8EE/ljool1u9Dy3sk8kls80iszKC5Rjzkjhe5GOi5yK6H4c6XLfXGqSSwNcRWly8OGJVCys2XXdwcbegK5zgDHK/peG8OeHqFOhVrZfhffSa9pBTlLljF3967bV77rR6WdrfWRy/JqEoqjlOEcnazq01UlZJbObktrXfd22Pov4l/tq/tHatZXN9dePNee3lQh0tHlgG52OFyhXaADwTjCg47V8it+1F8SfEGtw6JceKdcu5ZHVpjc6pdNuLnhcebgfQD5upJ7exfEBdMg0PVEkItYI9NaQRZTmVFJOOAwOeQehwfYD85/hrcyal8S2m+ZoftaKrsQFSMOoLEscABeeGXHua5c3oZRk9ShQwWFwtNNxvJUYR5Yxdm7JXs009dW7tNWOTG57PCVqGEwlHD0VOSUuSjTiuVNKV+WNtF+Ts9T9MvD+leKPE9xby6jqkixum6WWeSR1UuOApJO4spPA+XJAxgDPlP7RJ0v4f6VZL/AGtJe6lOJJR5asqoyhiEkIAUrnJBxjA9RivprS/EXhPQdCga91u3tpYij4iCzknaN2QvfPGBgDn1r4D/AGpPGlj4l8xbSdprSweQQ3Dxqnm+Y3G4YBKnp04HJA6r5OaZ/gaGHjCjUoxqStFRgo3but0pK1le1ktbbhmmdexwlZ+3vVcbK10veSbSfM/x322dn8r2/iu68T6xpyCcxXF3rFrAw3s/+smVAoXd8pYHrztyevGf1wb4N6HYeCtNlttPQzo1vLd3MiA72ljRjtwcsCSWzjPGMc8/jD8K5ILjx74ZhZU8p/EtiGUgjJEyEkEgcnAwoGMc4HIr+jbUYrd/CsluV2pHDaybevAijw7HIxjAOcgqcHIwK/B+Psyn9XU483MqU25xavzpafK73tps7bH86cT5hi62Kw8FWq3qOfNyylq7tJ6a6u910aS62XxVrPww0WVXddNtlcgfMY8IAVOcDGcAZA59Rzk48a1b4UWEbyYtolQFXCouAXBOQTjGe2SD364GPsfXtQtFRokeNiq5Viw6KNvzEE9Mf3hkc8kDHiuqajGWkCsMNtJZeR8pbpnqQ3UY6DJJwAPwKfFeOw7t7aTV7Ru2r7Jer6fhvc+fp5ZjKtdpzrR+Ft80knfl11bt02d7Xeh+VfxF8Px6B8ZWs7eMxpdwW5CqFVULuoYrGBg4GOccHAzX2LZaRdnTbKLF0VSCEhlRwhYhSccH8sYOR6EV8xfFu9V/2hLKVpFkWGGyCoQCrYkACkE4OAQp9Bj3r79t7100y1AWBQ9vbsAqKxQGMAcKTgjHXPQcccV7+N4mr0cswlSVO7xEXUk92+Zq9l538ttep+gZHgJT54+0l7iSaa1W3NdaXs0nZ2W9tD5u8caLqv8AYuoyLaSM0Vu20MDluACSBknHUdl4wcBq5/4H2uo26agrW7RNlswqjeYC2N2BgsA24gk7lwvYDFfQPiG4hlsruCSTM7wk7jgKilWIIyP4cYXcCD3xzXC/CrWtJh1fVDLeWkKQq0Uj3EkUZMiMwJUErwBgev8AScJxRjHhKs6dOUZRinFQb6uN009b2tfV2fS1z155VGGIpt1bJqzbd7u6vdN2vd3bb0+TPV9P0a7EkMrpLIWKSHdxt3cbVyFAz0POFJxnJGNy3Bg1JlCHIChdwXk7uGI7jOAAeR7cVV1f4jeC9LjT7b4q0mONU3ER3ULP8uDj5TnjkEDJ4wRxtrxzU/2hPhtpd2LuPVm1BkEgRYkZgSuflUrgE4bGT6fUV5EM9zjGVXalUXvRabTvo49de99Xtrtt6Lw2XYd0/aVIXk43bkrvWKt7sm9E9L201trp+q/7Mutva2evy/Y96yatZxzSFwFiAAHmOCQCgHJBPPbvj8wf2kvFXiXw78ePFM3hgvBJb3cyrPbiIiQzzOQoVfvEkqFxyWwAOK9+/Zo/aZttT8LeJbDQPDV3exajrtuftk6lUtiCu1jLtLbWY9C3BODnPHwT+1D8RPEuj/GvXr230hZ79Z7G/EMQaSESwMsqEBAVMYCgsGB3YOQWJA9njOWIx3BqhUp+0xLT0lK0b8rtGTeqjdR1drfJnFVqYOnjaFSE2qbqJc0F7yTcbuK021torcyaPoLVPhl+0/4i0K28RW/hLxhcw39pBPBcmKWKG6DldilEVWCvn5Rx1BzgYHyZ8R9T+LPwul1fTfH1hf8Ahm+v7eOMWl7PcRzzW0g2uIgzjOQTk4ABHPoPr61/4Kw/tW+I9F0bwP4V8C6ALjRdPt7dJbXT53meG1iSNJZo0iKDCrvDY65Lc4NfEX7UXxD+PHxr1bSfGnxXn0wXaRNa2sFvbpGYgiklGjVVLkYx84LZHJBxX8Y5Fgs7q57PDZ5luS4XCOb9mqVeFbESV/daik3orXd1d9b6n2+MhgpZY8VgauMqzST53TkqbbUYtOTitUmr26aXVtON+HPi6z1i+XRW1ufQrbULxYpNQurtjHEVH3sO3y5PI7AY7g19Xx/sieHdbmW+s/iPaa3dS2c98WsruJg02wyBJlLlVGDzjOSc5GK/MjQ/Cc2oGea5uQpW4AaNJHXD8nPBGO5AB6AgV7l4V8P6pYTCa08R6zZAx7BHDe3USFR8oUYkAIOcENyTjIIHP2WccOV41qdfK8dHL7KDqwVKMlOOjurJWur766+h8zgMfHl9nicL7dOXuy5nC12k3ypNNX6aO97n6Nf8E+9Si8LeMfiJ8L/ELbNP1OWeGBGdWtbq6i3ROoJyNssW502nO45zW58SPg34l+CnxE8Rww3mq/2H4mc6x4ffTZJ3CR3LmT7OyIzEtCWVAOOmB0BHiPwV0+58M+F/Fnj2IXsl94Y1PTL0agwZ3bfNGJUdjlgJFLBi3LFiA2cEft1qeqeGfjr8ArHxz4ZtoLrxDollb3IMMSS30UtpbiS9tOAxBdldgCBgZPUGvN4ly+WZcO1Ixw9LE4vCwkoSnCL9pNRV000/ibfZK/fRPKcd/ZOf03WrToYXENc0YyklSclZT5VaySute97H5cyN8QpfDOswpYeI3W80W5WcTW87IYfLb9825cszLndlj0JJ4OPle7srmHwrottOZYJYbmcTJJGRJEH37Q6EAqcjgEZJBAx0r9R/Bf7X/gM3eneHfEFveWjuZ9L1UXNhA6xNGWiZWxGflBADBgMEjIHb5e+JGn6LqHijUpdEW3fQrvXI7qzuGhWON7eVi4RQBtC4PQ+45GBXyHg1POMuzfFYbMMpllq9rSqU5pWhV21TVk3ZdL7aq2r+u8QoZfmOBoVcLjIY18klO+rhHkhJ6cz7PXZu3Y/PGPSpEvrkzAsTKZULbkIUsfnBK89+FHQ525yD+lf7DHx1vvgJ8ZfBWuTXzf8ACN6pJbaP4gty+2N7W7lSLdKMhSYi2cnoBkEkLn5Q+INjNd6zfNp8VobGzuFRTawgNkj5gwXGVzzx74Heu08N6XPLYxGSy8oJbwywTKu2QSQneH4G7BIyORjAGcZFf6AZVBf2dOMml7eiujs+ZJWv13VrrzvY/nFYWeFx0KlO8HTmmpRTi0000rq7tslbs9NLP+gL/go/8D7TU/C8Hxh+H9os2na0mlalqjWo3QlpFjeG+/ddVkBbe/LA5ycZz/On8WFttP8AEWrPep9mvDDAyP8AejmIUEgISVILBcc8suR0Ff1A/sb/ABN039oD9me4+FHiOe3uvEGnaVe6Tbx3JWSSe1tbdltWAbJbyCowRknIOcGvw4/at/ZR8WWeiax8S/DaxXth4Z16bQ/FFlO4W4ttkrrFdCFsEwKo9F2g59z8vUz3A8OYillubYhOlmeInDBcy9yNS0Z8ik9m+yb80rJP7LiKjic9yiOPw1Gc62X0YU8Y0k5ToSXu1dNWl9p9um1/20/4Ieft92/xB8JzfsxePLywt9f8MWpn8CXbri5v9JVf32nBWxlrUD5VGQ248ZGK/bPXNL0iz1bVNT064v8AStQWRyklzas1rcSOrZAURnIOMALgDPoK/hl/4Je3tz4U/bU+DGp3kc1ut14uttNimsnJ+0R3LBZItqkGRGIGVxxt5OBgf6BesXmnXLiI20d+IkeQW6iJpEYqSA4PIbPIz1OcjjB73iadPF+2oW9lUjF+63ay5d+11b70fznxBl8lWg4pqTaldqSkpNpNLla5bNJ3t31dj+Tn/gphDfal8MfE6z6aLaSx8d3F28qRtD9q84sFmCvjy0cAEkYHPzc9f5uvGnh66kttNvrWyaS4jSSQxlwzfIWJYqTkqenpt6561/Zf+338KdP8ZXPiXTr+OW20vVNOu9aFr8pCvaKSoXA2h+oIGAoz3r+c7U/2eLPxNrUtv4O106fcRWk0MVpqgzC0iFxIQVIAUkEjJ785wVP7Vwnha2cYB8lNTi5QSjFwUlflacbvl5o226ttX1R+u8A+Hme8SZVSxOW0FiPZOEJwclGo7uMuaKnpJ3Wqe9urOf8AiB+ztf8Ah79hD4Y/GJJ5orrxHq2qvqFg8uTb2YGy3eOLcpKF1OSyYwAcknAxfhtqR1D9nzxHC115hh0yytDKAFYK8rAK/IzjhsnJGdoyDX62+IvhrD4l/YX+G/g2W7tNV1/w/DqekX8UeBp8TKXYmQggLI64CE4BIBxX5V+E/D1xpHwy+I2iyWaW/l6hZ2XlxkFV8q6dCwAyOQo2kHpjGRXwPixl9HA4KCjFU6jh7KUJKV3yyTU2l7qcr3eu97XPscXwtmmV0Gsww06EqXPRaqqSlJ05Rd1a6TbaT8+Zrs/ia6v5NE1K6064v5GiUoYQZCiElFOAM45JOMYOcZ6nd2fhfX9S+9Z3JiVgdsi3DqySAMQMo3IJ5PbGOSPmPO/EfwDrGqavJbQ2d632Roz5lvE0jMnlqFDFVYnn7q5+b7o6gDye11nxX4K1SHT7rS9QNpcMsW67tZIGYCTazRl1GfkyQfm4wc9a/mKp9RrTWHliKKrOzdNyipPb3eW6btrqkr6N3vd/Neyqpuq8LNwi+VTUZNK9rxu1ay2bV1azsrI+8/h74o1a78T6dp97qV00w0/VkaETyyRvm0bGVZyCQoGeeOwBYgfPnxFhA8KaNDfREx3f/CQ28UvmE5lN5ONxOTyG4IycZHQHj0D4OazBq3xH0I6TbTnNnqUN4ZUYCCT7ES5yRxnvjpyR0NWNb8N2esaP4dsbu/s0j0zVdduJlvHELSK9/N+6jZyAWGeB0BzwOM/RZfUpZYo1LRlyxU04pNSs0td+bZ3te1lvc6MJQWKhUhFxjz2Wvw6OFua+6dnzLq9tWfFHw31TxX4C8TolnPDJbTPEJBJKShidwRwSAMZzggjuVxnP2bL8eI0lh0rUTG1zLJGkYCfJGzYyWY4OeeD6kdzk81rXwW8LwX1rq6atavay7JZFt7tJrmMoQ5iZIG2jLZGACCpBx92uO8daPpuqazbXWn6fdWtvYz2dv9q+yyoknlrGoR3CrGQ33t55zkMfX7Ph/iDC4mvHmqOm1OPuVJNOzaVlH3bpaWSdtV0PDx2UYvCcyiuaC19zWKTta6WvZayenVK9/pLSRp58H6Lq2o2tuWvPHE8c1y6gbbSa3ckZPGwg5HIwCcdK9S/4WX418NeEvHHw7+HPjePRPBXjTTMa5pERAgvZYE3B4wvyiSSNdjMvzA5Bxk189fEadrH4D6DfxmVUHjUQkRNsyIbEqQCCAQCozk9zkda8k8E67Ne3SLJqlutottIUgmky6NyGQvnIzxx6E5x1P7LiMZX5qDw6jOjGnCbjJ7KMad4tLW99nq7tW1tfzsPOhSpxw81D2kpttu0WpRcbN2V9HZ31dmlvdnpXwQ/aQ8a/Cbx9BaeHbgS6ZdyJpmtWF6Hktbq3Vv35RmJVXKBiDkD+E5U5r9Wm8X/Dr4neIE17wJDPYQy+ALs+IbaOXy4k1e3ljmYhScbWZCFPcEc56/jp4g03RvJaYWUNvepbzXH2u2kKCXO5d52sCSQ2MjkcY5OD63+yjrWtwX3xBje9mktl+HuqPAgdlCssmQcEg9Mgt95iRk4Ar5XPJYjMsPWqVLxdSKai1blUOVckYyXMm27czbv2tt+h4PjLNcLkEsgr42WLwMqlOpThK8o0eWUfdgpe8lKT1Te+h+xHxh+OVt8Sf2UovC9rcKtx4PsF/tK3a5RrsRRxNDGYwh8wq3JAbgFcZGK6T/gnpqcVn8KYZbhpTpY+2+bDIDm4w4YqWK7j/FtI3Z2kHB5P4np4q1qxt21PSYZy17Yi21TTprpjBfQM5V5RCWKMe+QM9x0zX65fso+LrfRfhPpdre2ix6ZL9onlhgYmeJAv7xSqnONx43YGOoINfwT44cH5ngsmxavWccTjoVYzXNeLlJKMW1qoKN+ayVtrO6R+t8F5nhsfjKMYQpwUMM1LdKUly2bT+zo1NJN6J3aaR9v+NPFfh7WNH1nSrOzjn067QK8bjzUG04cNGOQo6EncpYZ4ya/Ez9qzStA0++1yHTbK2s4CNN3w2caww3AYn53CBcE/dIPbgMOK+wB8W9M0rxnqqW09zHpV0kixxSt8gSViQwEhzgADdhcgEjpux8W/tU6jZz6kJ4+YNTtrW4Rip2Osbgggc/f3gjIIDYGd3J+B8I8rxmT5pRhVnUjGrhpppzk4t8qk3Zu3K201Z2VrbqxHiJVwtfLZ8lODlTrRUnyptcr0cXZe4+nZ9tT6m/Z6/Yr+GHxl+CM3i4a22ka9aRzykWqlxAY0DBCjDlGIO8rgjse1Z3wV/Y6T4leNta+HA8Tra3Nja3WqWEzWcZiuIoNyjbgDAOMt7nPAPG3+zv8AFq4+Gfgq20+2M0mmaxbxCWG2CgLJNGRKpGCcZxu6YGc5Ga+h/g78X9F8MftGeGdbCQWNpqvh+5066K7Y186dCFYjhSWzgheOT26YcS5pxblWO4inTxcnToxr4nCWV3BRmpRSi1dpw0a1s1daqynKMryLF5fl7WDp+0q0oQqJq0ZTaguZ6pNNWu7nxP8AHr/gnn44+GCNPBqulam15H9qE8TFWFvbyo0i+VI23eRywxkkHaK+I/iFpMviXVdY8EXDEy3C2GlSzKjZiEUaoWVQMFUI6Dhjgdckf0Yftb+PdH1LSvDj20kLSTpcRvtHJWXLANjIG4DI3HGMHB5Nfz06pqEVx8ZPEs9pgRwazEq4wwAaRBn0yMD1Jz7V9X4PcZ51xJltbEZtU5q1JNQsuV+7Zc3RN3+Jrq7Kx874icN4HJ6eEWFo+ylXSdVdFzKLe1rpJvXX5PbM8Of8E049a0eC9uPFEkFszGcfboni3gfOQgIGV5wByucjoAB0lz/wT58E2+lXVnD4luob/AEPkmNbaWVcgn5lDYyCz/NnBPAIr+g34C6V4e8S+C/DgvdNttVAtraJvN8pVVjEpKsSMnPQ55445yD7X8Q/gJ8OZfC+pm18Madp98ujX1wtwrLvW6ELGOWIpnBJAByAOCO1fSV+OMfSzX6pLFTjapySjdNW5oxVrXX3u999bnxlDhalLBrEQp8zlBSTtLS6Ta0uk23ffyaSbR+RH/BInwuvw5/aM0jQLi8+0C0uNb0uAFQmHkto4lBIA5dsjjOcDuMH+4bSZN2l6cRwFtIVAHUFFCkAcA8qc57cYJzX8Pv7Fl3deFf2s/B1rJH5f9p/EL7LbygAb0Wby5MNzvVhwSwODg9sn+3TQ5VfT4QOimQKeeQx39Bj+9nk9Cec8D93w1d4vKsFWT5puNpSdneTSa11872t1s2m7/lebUZYfMatJrkjFKytqnpzO+l99badFtdzanpOn6tYz6dqNtFdWt2p86GdAyOGJBVtwG3Azg/eyQB1BHzf4x8D2+m6ZfeHtS0ex8Z/DTVjJFqfhXWrdL77HG/ysbHz1k2xcnC7QyEAqR1H1IB3I547g4GMDGOvHHrjP48xqsavPACiSDbtKsq7CMn7wIx16EZx0Oa9bBYupQUYN+47NaybV7dOmut7p62epwShezXMnpZq6bb1b1T2s7p+6/Tf+Zv9uX/giN4Q+I1tqXxT/ZXuIvDms+XNd3vw7uYwLa9kYNI0OlSuUMJyQoSQFSSCqjpX8nfxp0L4m/sz+Prrw5rela14O8b6PdeTf6VIr27FUk2mVQQFmicDcHXKOuO2CP8AUK1uwjt4L+9swLWWz02a4ZYgFWRlTIJAGMg5564HIya/jI/4LrfC7T/iR8Wfhr4k0dIrPxcfCl29+7JHD/ajx3jCIXEqBd7ABQu8lgMAnHFe7QzKpDlcJyg1JNTi7SesW3e+9nfS7eqOjDTrxmnCclOHvR5W4yvDlcUu75rWW7+dj4b/AGfP22Lq2stO8OfGfwlNYaTeW6xWuuXEDxW2oWTrjzisgEUrhscp0BJ9q+0734Q6d4v0qP4jfBHxBHqFjLm6awsrhRNGxAYokYYOrfNgqwGe2eQPGPhP8P8ARtf+Hvg7wJ8WPCFhJd2ekLBBdXcSLFcyyoJEWyv8KyyBAvy7gM8Drz3dl+zR8V/htf2/ij4C+JLy302GXz28Iy3UkkUqowZrcDe8TbsHbkbuVGT8pr+ol4Y4utwzlGf5TmUcyni8HSxNSnStGvRqOEHKm0pNtxbabsmrfC1q/wAm8Pfp78K0vEXPfCbxLy/GcPYnKs1nluW5xjIT+pY2CmoU5SqSS9m2rO75oq/xWOy8HfGnW/Cky+HvGVhJFPYEpNFcxtFeMM43AMAXGMNle2T06/X/AIC+Lun3Vpd3enX0epafJDm9sJXV5oYyPmSNWJYeWAdwAUNnGTk18t6f478A/Fy7fwf8btCPw9+Iliot7fWWgNuZLhRs3ythAwkYjLElWBBwW6eVfEX4ZfEP4PXD6polzPrmgSxyTWet6O7SRNbyBmRrlY2YNwQGLcHDBuxr5anmWLy2vDAZzRlKm5KPPL449LS01Sb1bs29LvQ/0NyuvHNcBSzPIsZSx+X14KrRqYeqq0XSkotcrhKcXG2umqu+mp5r+2N8MvGfxi+Ky6R8EfD2m2GsweGLrxDqFupWGTxLaBvnEKEgfa0bKbVOWbJAwGFfkH4w8U/ELwTqlr4U+Iel63p15o1zlrDWDOl9ZMj4YWgn2k2vGV2kRkYP0/Ua1+J/inSfjx8FfG9vrctvfXltdaRdLl1iZN4Bt5kJU+WzfMw29TwOm39DPin4G/Zn/bAs5/CHxh0qw8E/Fe1gSDQ/GNpElr9oDRkwStdYjinDkBikpYe2cV8Zjcpq5tisxxGVVJc2Gq39kk7OFobWs7qS3afc+DxE8VVxuNhCvJVqU78knfRqLtaybjdJeW1rM/F74MftreN/h9Jp8Gla3NqOhfaoZRbXdw8sULocLA6yMxRAAQNmAPu4xyf6CvgH+2J8Gfj54GufCfjg6Rpt9Jpkk2s2mqCOSK8dIyX+zeaCVLAHATBDAkYJwf5u/wBqf/gnz8bP2Y7+41vSbK48X+ArpmksPEOiRyXVo1tyyNexQhzAVXDNKQEDcg9c/Kfgz4va14XnhF1NdWslsxSdhLIknlD5ZEWVShAHQg/d+UHOa8zD5vjcI1g8yg1CM1fmi1Oytfll1vbS+3lbTCjneJpydHF80JN2jKzUU422kvd16KXVN97/ANWU/wCw9ZeN7Sb4sfsxeJxpd1b3V1JZWmnXbQzLdRPuNvD5TqwMhBVVl3LjhR1zL4E/bh+J/wAA9cg+Hn7Snh3UrZIXWzi8S3FvKsvlo4jeS4kZDHcKVAPyEkDGRwMfnZ+wb+3Xf/CbXbeeHW7i98OTSrNqOj3Nw8kUgeT55UWRvkdAc5xlssCR/D/STNYfs3ftw/DuKbWrPRdWur2xYmTEEeqWF28fyiKZdkrOjYKoWVc8ck4r3ZUsNjYuvhqadK0U3Fe8p2i2pwWtrr4kz0qWZ1YKLrwWJw8mvfg05037rV2rta72aVnc5m3+I/gz4p+GG1Hwvqun+KdL1W3ErxAxTPaKy/KJ4gzuDliNp5IyOABXxL8b/wBjK18Q2513w5a2VnPqKGS50941exum7q0Zz5BBBX5NvJy3AJPzN8df2X/2hP2G/EFt4/8Ag1r9/wCKvhzNqCzz6XDJJM1nbBzILa9tgWDR7QRvjGEGepBJ+tv2c/8AgoT8Lfjbb/8ACLeP57XwP4ujMVjJaXpW3gurxQI3aB5dgjeR1wVJBYgZGQDXl47J4YilKNSkpaJN2Ta2s4uybavdWe111VvUpPCYym4TiqtGq0pKS96N0rRSau99L29Vc/FP4t/s06h4Z1O5gGnzaHfQyMr21yjHTrxucfZLg5CK2MqpYYOQTxmvk7V9J8Q+HbmS1u7CeJgSCHBeF0BwDDJtKsuMMCpzgjHQZ/sD+IvwV8LeNNAmu5LawvILi3Y2tzMkdxaywuh2OsvJR+QVcEHksOma/F/41/Avw9oOrT6bcm501JJZEt5PL+12StkmOWGUAyLHyQ8bEnA49R8DjMnx2EbnQjPEUE/eg7+0ila6aWrSerufL5zwDRrqWIyxxberp7tO0bJLR36r53bPxu1abTtQspNP1K3iurWUMtxZXKCWN1fIYJkFsnnAU5J5zzivh74q/s9vcNdav8PplEayNcy6A6ks+DlltWYBiuCAFyzdPUCv2s+IH7KPjOGwbXLHR3vtOeNprfUNKjMkUqAFvMkjXlCAeQQO+B6fIuo+ANX0qfdOkltMjMrB43EgZeDvjxxyMdwv3iOleDXw1LEaTp2qtaNr30nyq91ro9PK1+un5jj8ixWCq8mLoVKbbspaxTeidn6WbTavdaaJn45RW+p6JcPp2swSaTKQQ0E6GJjsI4XcBkP90sDkjoQa1l1VLW0kut/30ZIYnx1UYB455OccNk4x2Nfprr3wX8PfEKRF8T2dvPPENsV7bqY72JiAM7lAL42g4OM8cZ5HzN8SP2SfGHhu2m1Lwov/AAlGlRxu6WUaAahBEAxPytkuQFxhVJOMc8Y+exWQ4i6qKM50+a97dFa90vRteS7o8avgnBNxblFe8mr8yvy7rZ3bdtFr5nwTd6/cfap2lO1JiQzspEmD0KA8qMH0PGMEZ57TQL+L7DGkq+bFOZFjJUjYG48xsjl+pHPRgexxx2uaXdRX8sOo6fLZXMUjrNaTpJHNH5eVYGJwCC2McJ3PJOa29NvbQxQRbGjhtdu0EZy+OAP4flPyknIP4NnKth6UaUUoWlGyul8LSim7aJ6X6X81rbz7NNKTaun7rS01jffTTV6rtfVpGzJFqem6hGba48+3Z1VYwGYKpYSElBjBx8oIC/MMgA4rppr1kXh2e4kU+YpG0rk7VG08jacZ6f3s4FYtsZLq8e8abBiRWihHGSACpdePvAqRnJBGehFZ0mp3smozrJCA2BhQuTsJBJySPmOAOox1BGRjzJQlJxVnZK+jV3qtH02d3sttOpPs4/Ekr3bba1vaK1emujWi7bK55x4nivjqTugdmZ2xvJwOGzz2HvxxjPINdX4TRn052uw6yQrI0StwC4BI3MxxkADjjccZyOKNTSeW4Mm3ZlgNuCTt2592GeTwenfrWpZRRGxMcz+Sjsypng+Y2BliMZXqASc88Y7dVSq/q0KVnJq3mraN3XTTXe7t6X4pfGotXScrSWmkuW19UtG9tXfpfQy0vh5cs+8GVJiTzgKoJ2KQPmHzFeV5OMggZrvNI+JWqadbqjySTwyoYjFJIzxhc7SkRYna2CDxwduOAFrgbmzgsLOeMSRy3Du5JUllZBz1yeQCMnnJJyex5xrmBkhgE2xwGOw8CPA5GQByepOTnrkHcD0YOEnJTjFdFe27VujSS31au7tX1dnpSq1aFSM4TcZJR0hLZJxu3dX0T1S0ufUGnT3ep2yajblpo3O0iM5CcL95eqgfKCp4yAOmBSXAupd4uYE3DKK0sKlgM4UghQcjkgnI5xtyePFfDHi680JnmtrlWstwjngYllIUjcVHI6Z9znOR0P0LpHijRPEdvE9o6tJwXt22h4x/EoBGdoOcZJ6k565+sweIvFXfLNJaXSWiiraa69dfJrY+sw2Io4yEVUdqlknzW10jrtrd6dtXfWx474x0TxVqFnt0y5RwRsKxgo3lkHdkZU5A6FsY6jtXgEnw01e5lma7XyZM7sHccsMcknIJJPUjd+B5+7LufTYGZIzJFwpBABUMeCCy5ODkBucbcdKRLfRLwbJPKZm5yUVW4IHBxnGcEZUjJHIOK9NYmWjneTVrNPR+6klsmn+i001FUyqnKzhJRd07X3dk7ae8ne17PVX8z4In+E/iAKzwQxuVG4Hgfu/vddxJ7jHXt3Ip9v8ADfWU8pG091O8MHGSNowMEkY9xkgjPc198zeGYSBLbeW0e0bVDrvwvb5uOOwPzc5wQABkva20EipNAyuGPysuRjHUkAgcZwBx83HcVpCvCV+aFtt7Ws7eV+ZLqY/2c6b95Xa6vZqyu9t1d2b11fqee+A/D15Jpcul2cEkl6bcr5KRmQIdrAv8oyq9Rz3BIPJA3PD03jbwxDLpM9nBOkUsiLHIpWWJJCcsM44I9ug4YE1678Ptah8Oa5PcwWwH222eBphEXa3JP3wrA9Djg443c9M2PGNxbXmqz6hBIpaUgM4ARpF6/OgAAyWOCoAJIbsRWWFxVV5g6KglDkTUk7Xb5Va3Trbora6F47C0vqMavM3UjNx5dlbS7u9U9L2+Sep4l4m1TWxbS7LOKLbGrkK2GUnkgbj1PJPJAPQ45PIX13c6h4deacPI75V4+Cyhe4AzyMEZ64Y+1dx4ruo1tpWdyFMYDHC5PBAORgAgHj8gOK4LTLmIad54kUtHLKVRwGV0weNv0HI5GOmMV9EmnJvddOWysk15+9bVvS1m73PlZRi20tE7tpO7snFrR2Ter93snZ9T239ji2udR+JlxYWcWZLnw/qUCnaT5bLC2GYDKg5wAcfw+hNfsP8As0X8+m+EvFVhqVn58unXt2rSCPbJlmKsAFGeFUnBJHODyMV+Vv7FfxD8K+CPiXBceJLcW8GrvPp9vq6gLFbTXH7uOGXJ+WJ2baTkYHXnJP7R/Ayyso3+JaSeRPE96bmGSIbl+z3O51dMfKVKtncMccEjtlWxcPYciesZXetusbJpXeictNFZ+p0YOhL28HJXTskrJ2ta/r8ls3bQ/J39tf4X+L/FviWLxT4W0m51vStNsme8FnE015bKwJw9uoMhUYzv24AJyduSPzYTS5La6VZ42gmiDhopUZHifodyNhgdxzg8hhzggZ/aT9sP4l+IPgn8VtL1nwXJbxW9xplt/ammzoGsr+CQqJElibK/OmUB2sc4AxXN6XpH7Nf7XdjBHaDT/hb8W/LVGQrHBp2p3LgEuDkIwkfJxndhtpIHXyP7QrYWpCeIpOWGa1rU/ecErWdSGui01Sei21sfQ1Mpw2OTp4WvGnjEk1Qqu0ZtqKtCbbSk3pZ7trY/I29VnFsA+SsbZxk4IG4nscn37jjB68lGWW5WQ5EiOrZPBXEn3s464we+fWvsr47/ALMHxP8AglqQi8QaFc3Gi/vBZ+JLCJptOuYs5SQzojLF5gII3sCccZr5BuLaW3lZnPU8qMjq+Qx4GCBggdeRu64Pr/XsPi6camHqwqRlZrkab2i/s7Ndea1nfqfO1MBicDU9niKMqUlZvn0i72WjduaKWqaunZWut/VrS5kl8QRylisr6XBjtgIq5Jz2AGTtwffla8z8ZSF/EE0jHJYqxcMDypxkY4x2+nTBFdHBqq2OpW10zgldOCFXxyNpGCeRgdDySenIritcuTeXouSQgmXfgY24Bxty3UlfTqfbOd3JKydm002ve5mm09Gnq9ej113srJSU4atp8vK33tpffZOW2jto10PpTwuPN0WzLEMTEgXBxj7uOMYU+h68454xe1G0gGGJ4csGxjDHOCCoAA4wB0G0nnGKw/BGoQSaRbAMN0aquGZM5AyWYYztJBBbB49DzXWT+S6gyeWCJAUJwRySpPUkDPGcAjoOteo5Q5Y3SvJLR3drqKV+921rbRXW7SPHdNxrK903O/XZ2T3e91d6aNW6aeOWXjHxD4J8STah4a1q+0ie0uFkie0uJIQrISwDopCuobGRj5ueucD7g8Fft2WXiG0tfCfx38Kad4m0gILceI7eBU1S3jA2CWWQKWYgEFypJycZ3dPzw8XSZ1zUFQrtaY7VQcce57e+QucZA61ycs2Bt2ZAQlzkZByOSeRjhQc7j2IHNeHUpwk525U3pzL3X0VlpdLTWztps9z6jB5hWw8YRv7SCUHKE1zLptzXtpe3bfzP3A8PfCP4b/EDTbvxN8DPFlhqX2uJzP4duJ0h1BRIm7yVidlkyoZRwpKkAD7teLTxeM/hpe3UOqadqehanazt9mmhkuLSR1Dc+TcxFVbkZHODyeANtfmV4Q8d+IvBl/Fqnh7W77Rbu3kDJLY3UsOTwRvRXCuCeoOcggdxn9Efhn+2dq+taVBovxf8P6d460EYSW/liA1eBAAFkimVdzMF57nIG7gYH0XCWe5nw5j4YjA1pxnbWWjcovlspJrlkklb3kne93e7Po8I8uzSy5pYHEJe7Up6R5pctn7r3v0sujPtb4PftxfFXwdo99ol34sTUtJuYdjaV4xQ6raypjDQk3W9vLYbgpAB7KfukReK/E3wF+KDLdTeCp/B/i7VILttR1vwjdY0y4k2M7STW8hItkcjJwFXBxxXkkXgT4PfG2Mr8M/FdtYag6bovD+sulnewuwJEEMzkJKASEQkkkdGzivHfF3wn+Kfw3E1heabqllbKZY/7QAM1ldQMD8y3UQZFV1J2hmx6HgCv6An4hZZxFlNXDZnk+DrYiFNXxNKnGnifbJR96Ssr2bd5Lpd6XTX2mXZxxxw9RcMJmFTNcslTnTlSdR1WoVIKMr03eSumkrb3tppbCupvg3p120fm61cXthdPDdPkeW7RykZTAwdwAORnBycgiuj/tr4RassTRS6tbzllG5lzsTgnd8pB5wucEc88Zr5iFlcLJeRymUMkp3B95djk5YMSS+WPJzggnHIONXSoJ1nVEDrGo2s7qSCSNwJwQTweScjkfhwZVxNRowowhgsK6a5WoypLm5U0kuZ2fwq7bu7vS3T8Zx0sdPGV60qU4SqTlNJwknCTle8U0uVx11V76bWR9s+HfiongV3vPAfxC1TTZbOHMVtciSWGRguPLETExhTnDAJ029CK4rw1L8WfGOs+KPHOkeFde8Ux3Ezyaj4i0DTZZLaznkDPmd7dGjjCnG8MMADk9q8bkswlnFMjxswiYSt1ZgM7sDpx7HGc9uv9RX/AARi+GujXn7JfxD1u/Ro4b7W9TBMluk6PsQ/MxdW+TORjIGMklc1+M/SB49qZNleX4rC5dQqS+tJOleSg4uPNOUr6aQi1ZS3s72P6Z8CMqx3EuKxjzHNsdg6WW4elOnUot+09ticRRwtGEFJraVTmlyu9k7X0Z+DvgD9ov4keAdd0TxBB4hn0m88N6vbTSPI8odzay7xDeWoCh41ClZNynI3DoOPv7xv+2T4l+PPiLSPFeueGNHi1GayWxu/Eemxy29vfaayxxC3nkGESR9rlSxB3ZyMYA/VD4WfsR/s8/Frx74ovvEXg/w3eXEl6kFvp0sP2aK8t3lcy3PlxCNQzgNl1GNxI7Lnqv2jf+Cc/wCzdBoY0jwHpGreFry11PS9P1DSfDryXFu9rNKil9jMdqAtuDoAeu4Ekk/znlHivkeLx+ExVfLJYN0/ZOtOHI5VZxskvdfNLlTsnZTs9E1dn9cYnIuJuFM0nw7U4oeY4qOFcqVTE4arN0sNVpwm6dWvUUpQi4uF1GTjGa1a1S/j4/bASbUvjl4l1DT9Nnh06eCyNlckGSBo/JTcFmxtdd6tjBwSAACK+edLs9W1EyW8FlNeNbqAVihd3YnACxxIN0jnAGFBySB3Ar9pP22vgDrv7P8A8XfF3hKCWy8Q+EtL0HSL21l1GKGSe3tLiIOkQQBpxKpJSUno3JwMV5b8Fvi78JPh34l8N+NPF/wl0nxA9lLYSW7aWFCxG0mWVmurSXMU5m27ZBImMHOCx5/pPLuPcNDCRqR52q1OE6FNWScZRTSvLa11q1dbbpn+ZniPkNWrxZnMoyhiKrxlWVRwcdW2rtJ35lzNa20S6anw6nwT+KGi+GR4i1f4d+MdB8PXlqs1nr+q6DqNjpVwXyFWK8mjWOXu2UbG3rtzz51pmr3eh31v9kk231tONrozAjY2XwQQAQV6gH0IG0Z/0GPgn/wVV/4Jw/tUfCw/Df42+EvD3gfSrHQl0MeHvEvhexi0ma5NsLb7RaXsEAitnJIYShgVbJ3Zya/kQ/4Kz/sz/A/9m7426Nc/s/eK9O8TfDj4j2Nx4l0iHTb2C/Ph9rm4kk/s4zQSOoi2tmON234KqcjNXl3HUcwqVqWJpqFSMv3cZKMoyg3FPRpWla2+6enQ/LsZw9iqFZThKUFZSWkozjKLjdJK2vro0nZ6HjnhL9orUtI0+3uk1PV9KvYXjimurW5MiFAB1hlYqd7Hn5fbnofuP4WftSeObmOyK3el+MLaWJ5YbIyCw1QIgJcO7MFkkHPC43E8A4GPw7tdeXZDbOGZY22kEsAzAlckEbScgnBBxye3HqXhXxjdaLPDcW11JHJCNybHdCCcfKCpyv8Ad4IHTJ4IMY/KcgzytJ4jB0aEqiSnXoRUJxk7Nt8mj6Xur99WzrwvF/F2QKMcJmNWtGFuWhWlKcJRXL7qcneK0s2n02W5+9cH7Rvwv8QRrpPxG0iLRJ75jF9m8Taas9qxf93thunjPy5YkSK+cYzjAqC//Zn+AvxGt7jU/A/iE+FNVdg9rqHhPUv3RuCuVd4Y3EkMaMTkNzjgHrn8tLL492XiDRDofi6GPUYl8tbRrqGKWS3AKiTyrgIZQw5KszAZ45PNeYa/4x17wdrEuqeAvFOr6RbySWzQrbXc8UUOdpy0IkEciYzuBU5Jwc/NX5txL4f08unGrl2YKrSqfBFNuUdlaS3V3dXfTXdn6Xwt4s4nNP8AZ84ytQqQ5VOonZvVK8Za7ct9Vromu36na58Mv2svhNDK3hzXbT4t+FoAwazuvLv7g2ykHy5YHDyOwRQAQARjC5wK8Uvvil8EvEN4dN+Mnws1T4ceISwhn1bSrWe3jWdeHma0CqVUHk/Lgduox5J8Lv8AgoT8VvAOp26eLrODxbpkCxxm4R2trt0UgZBj2wuQAcFwWLcHg4P6e+B/2kv2J/2q9Pj8P/Eq20vwr4puolgKa9aRWDSTuAivFq0KRLuyQB5r7WI59a+HqYbNcFdTpupCP26cmpNLl1asrvRaNK70XY/ScLnOS5nLlp1qcJTt+7xChJP4dLta+V/lfp8K6j8BNM8U2/8AavwU+Jfh/wAX2yKZxomrTwW2qbWXPkhXbhgQFG4AnORzjPzP4/8ACHi3wob6DxZ4J1LSLh7d0F9BbSyWbMVxuE0aNGVJ4yGGScjkgD9VPiR/wTD0xbZ/F3wS8YX9paSBrqyvtGv/ALZakYLqkpsJfNYAfdcHAUfP6n5qu/CH7Wnwyjk03UNOtfipoNsmx7S8WHU5Wt1ByPJlEl0j44wcMG4wDgUqGczpzUZ1HGSavCrFwbfu7y+HsrtK76aNFY7hnD4mm6kKCtJK1XDtVIWdrOUVe2np1t1PhzwVcaadBsrKe7ikaKWV5bV5BC4YlhuBYBwxBPBAXIyQDgDbk0WwLSbRJBv3MdxJEm7JGZVILHrweCSMjNe83mrfATxNOln8Uvhf4h+EuvuzpJrFjZXcVl53R5TGVUKgYbjgDgYOQMVbf9mufV4Bqnwa+LPhnxzYTBiujX92kGpInzN5bLKwCYHA+VeSQTXv0c9S5OadrW66W0s93G1tNtN72PzbMPDyEqk6tOlTqSkn8UEql3ZNXbV/K2jb+T+bU0OO1XfayyRvIwOVYuMFj64xjlcH6EDq3WeHPEXi/wAD3Z1Xwz4m1fw1qYdG+2aZcSwCUA52TW8brHKHxhxIrDBx0zi/4g8F+N/BE5t/G3gvXNFKNhdQtLeS901sZw/mwB0CEZzk8AnkYNUokGojFreWl+oIzEGVJ0IHOUZiwYHjbg4wMbs4HsUM4kpRqU6zTiouPLKzi1Z3stu26t6HxeYcC0KlCphsZl8alOcOWcalKM4yg0k1JSVno7Py+Z+2f7Fn/BSzwlbaX4r+G37VVqtzDqvhO+07w/44t7OMwFltZEtra/tVVkW4MhVluERTuwWYZFfzQftS+ILDVvjDqmo6cZJbG5v9TFldyYL3Gli4kazmPHyAwsCB2CDBHIH1ddw+XFJFJaOjLEzbJs7OF4BPTDAHC4yT6AV+dPxsvJpvFsSxoyeXaKgXLERkMxYYHG05yMdM9AOB9Lgs5xOYYig68nWnStapJLmlFKKir7+70sul+qPgcNwBlnClDNHlkXhaGOilLDQvGlTfMpOUI205nNtrXyXe3GbO6t1USxSSLk73K8em3tvOeRkc8kE5rnvEHhtLqxncCOSUQlo3XJYDDfKAucnGTjJH3s5NeXC9vYUB3FSGyQGI3c5KgdcnBLdcnAPNWJPFGoQA7JpQABhS24EnjjORz/d55J9SD92sdRnSlTqUdeVq6V91FP1dtbWu7d9D5COT4qhXjUpYmfJGopWk2rpWe+13bt5tbnnl1pksbSK1vIwV2CllYnK9SpGQwxwOo7EdhlTWCudptwhOOTGeuckE47jK469M5wCOsutandsFzlzkkqACSTnBOG5LZKhs5BwOCTlPfnlhJuZumEHBJBJHBwSM9xwRivla2Hi5uSbUb22Wmvrrv5/jdfoOFxc1CMZRu1GLbTvbSOt73+LdeaWysuWlsmQkKnlsowGUsoHXI4II7/TpmucvLvUrS/gW01C9gyAGaK6lRhngch8gjOPr9AK7i4uDKp3AKTgAIFwOhOQedvODyuAN3oDxOpDbfxPjcAnAxycY4ycgDkDk8DsAM15mJpqCjZte9HVaPddF6/k7M+hy/EupJrVWi2uboko291u++t16dDr7XxL44tCjWvijWE2oDtW6n2rk9Qwc8FSAece/GD3OnfFz4taZ5Udt4u1HYCPlkLSA4X5cM3U56cngZPBrzmz1eDavmRFTkA7U9QNxIK7srzgZwOmR8prpbPUNKc+XK8gGSwLAbSCARznjkg4z6465rSCkn/FnFq2vM+0Xe7ta91+N99ca2JrKTXJeN9mr32dvm+r2e7R65p/7THxn06QNJq8d7sCgLPbhw2cgZDIR90DBHceorttP/bG+J1mD9u0rRb4AZYSWy7iTxtH90nOckbcHIP3a8JjGkzxsftSAngEsoOOOwPCjgDHTqfYms7WV1CXELDy/mJZAxIHGPUDg5wTxwcNW0a1aK92u3rs2n/Lbz6fdZpvQ51XlFvmhd2irct100dna1utu97a3+pNP/bNdVYax4B0u5aX5nZIISSTk/IHQ469R8o6Y446OD9q34UaoQ2v/AA9iiZgPuW8QC5+8cxryDjr6D6k/EsunxbgqYlU8EFkODyccbgCRzgYBz1wOYJNMjILIu3YoVgx39R2KgEHocdFyeoPFfW8W5L96pbaXXl2btdLdvXsXGvRd/aYeDW+q1avG+++tttfK2p98W3xb/Ze1pyl/oMWnl+S0cUyFQclQT04J7dO1bNtpP7MfiIlrXXY9L83ISM3iqTnPXfkrgZ69MbTjAr85BpEG4AwBiyjBycAYYkHI3dAOVB4JyOOGnRvL+YIqsEJDIXAyDkMSCcsNvYABuOwrb69inZSSdrLRPV6bNLTorJ9fvHDAT1WGhvHaMU18Po3fV30e2jauffHiP9nD4V65NZXui/EKzjJ3eUst1bOX6hFAVg3AznIySScdAMh/2Wb5od2meKNJvVjB2Fp0UsCBgc5yM8jJAIA+lfnvqd5qmn3dqkV9eRgsTtjuZlCsc4GMgc/L909P066x8Q+MLRRJb+JNXi3KvypeXLBG4wOH5wOhPTvzzXNQx0ozqfu7NtOXLZ3ennf03VnrdHZXw+Dnh6PtYJxStFWs0lyp2fn8XS72drN/Y15+y/4/tVjaE6fcIw/5ZzxnB5IwofHJIIIzjruyMVkP+z18Q7UoRpSz7yfmjcNtHGcnlQMAEYyeD0FfP1j8UvinpqoYPF+pssY+VZJGkBBIwp3sR6AcgcDoSK7DT/2j/jLYFEXxHJcLkACWEMDgZxjaSRweSeRzyRXqUszj9qjNJfg9NW09LfK3XU8atleWzjdXim1Z83ppq7X3srq++tlf0O6+D/jG0Zlm0K9aVVYkxo7fN64Vc8g+ueM8DFaug+DNctnC3Wm3NuY9qvvgc7jwMYxlWU44IyDzjAArnLP9rj4oWRR7iDTrvYMSNJE4Dnpydu0Eg9h2x346m0/bD1iMFtR8K2E7sAZHiAJLY7BuNy8dBg9CxO6vTpZrQik7JNNXXK9lybPlT3a1T0a10PMnkGDk26eIa0Vl7sraRfnrvrddd7ow/EOjXenG5hktroKW3bfIba6tyQTjjjnPB46g8V5bcWcoaUqrLEDuG5CHXcB8p6A4x97jHUcE5+i4/wBrPwxfjOs+DJJCq7cCK3YqTyzAEHJB6jOMDnI67EHx/wDgXqMSrqXhl7N5Bhz9kRgAcEn5EyATz8uOpyeMUqmOw1aXM2oqyUUklZu2/db39V5GceHo00vZYpX210volvq769LrrfZHynGr/MxOQBwSuBkD+I4yc4xkfpXlvjmOV7ywcFf9aSCMDcBx6YGcA9gOMcmv0Kj8e/sy6icq0Vq0pwyTW8qqFYHKsypjjoCTn6ZrL1fwt+zL4q+zT/8ACR21pIhBjWOZEw5OAWDtlc8DBzzyR0rgxrpYik6cKkebRp3fLa8X02dvNfM9XKcqr4Ssqzq05RtJct3duySTS1tp+d1rY+GLBH8uNl3M7IAVbcO2AQQTtBOdp74PB6joo/OH39xJwfmGcHAyOMg4xk9TjJxzX2zafAT4PahEBpHju1EzopRGuoAQedowZMge/wAwJwc9zNP+yvp08Zk0vxvp0nz7lVpY2OOcZ+Y7Wb1BwcnA/ulCnCNoqalotE9NOV6uzt89V6oyx+WYmc5zglLmldLmjrflvu9NFva+9rdPip872LDzCcKWA2kBsgEZBB6EZ2jnGcnheT1+NXMLrGCqHBIAUgxqMEk5zxtJzyTnBzivuK//AGU/GZRTpup6XdxfMyL5qqzMAM5YncQcLyuOByCevlviH9mb4sRYVdGhu1VXZTbzplhjgFA5yRwANvBxg96eIoycG4pOyi01ZreKWuju1Z7PZNab5YPA4mhOLnC9rX21ba00aTfTtovU+TsnzgoYhF54BPLevb1yD14xgYNUQsqTz78ndyGBwMkDGe2QMAdiQfavb7v4G/FOwMgm8F6mvlr96ENLyDy3yrgkryvORknPGK4+/wDAfi+2DG68Ma1AVB3E2U7KDjBI+XBXAIGOw7/KK8qrSqOycWrNa3V7O19Ozur31TbSdkmvYgqkW24vdKS7NuMl0ur6PTfbZHnkru6gAlizDJxyo4Bw3cg5zk56ZJyMzLKY1ZPMJ3EHZtyQSASTgHAOeuTjBzjAI1J9Jv7fak2nX8DAnBltJUx83IfMYJwB9O5yc4oPC0TZCuGbK4kjddp5Gdxxt4AxnA45JJOPOqxrKTdpO2mqu7e6k72d3rtvq9d7etRivZJcvLeyvayV7OW//pOqdtV1V0TIumyxowVvKO8tg59ODnK8L1yNpx0GK9C+GuunTns/MkPkiVdpBwFcuB1dguCMevXnOVrySVGjim+YZdOM5JVQDlfmHYjIx2+XGOB1PhwrJZxRjiZW3rzsGAem0bccdCMcj0IB1wddqvTlJK8bJ9Fpa6/u3S163s2lsedmGEp1sHVpbqdm9V8WmvZ2+SS01bZ+ivhfxnbRlYHkz5rxY2nauxgpJ384YjJ69sg56+o3ut2wRBbNHLHLIjAAhn3EYOSD0HGfTJBHavijw3qEn2az3KX2AhWDBWLjJBfvgYH3uV47DC98fF0lrHGzSlEiHOBll6sx+Yd8Ake+TxnH11fD06tKFVSurRlrfd8uml110a30d2r2/F62FlhcXPD+9yqpeMkmmmpcyTdra9H2s9Ft4/8AtG+C47y6bxJp8EKSRs6XkcC7fMzkh3IzmTA3HqSMkDByfitlYEg8bQRtI5O0n5Seozgn6jPQYH2P478ZvrVjcWkZzCzSlp0O0tkFeUAHJzxgYHQ18nanbm3uJVwfLbOD33E5Bxk5A5PU5B78Cvkc1w8FUU0rcytJO9layStra17eS0R+vcK4mtUwcaFacpOkoqnJrW3uq1mk7K2muvYxXz97jBIXAGTg5JHGMDgn/D5iYSTjGeATj8BnjGTnJ9T7etOkJyCFIUDrnJPT1PfnPt0xxUe4qfmyR94AAnJPcnGBgDv1rwmkpWv521ai7K/TTfu7762TPq1u+vu3XK2tdL2vrvu+rT32HMwQkFxjnAHBbOOnsBnrk9ORTSSQSBxwCMDJA9jk4OPQd8c4pm7cckDJJKqVAwOo4Hb17ep/vODEbTyT1JAHpjr69vpnI5qZSt92n/B+9f8AABJ6dLfj8L6+e7t2WqNPT2U+crkCPy8hemSpyARwSeoOeRjJxgV7TofjbS4LC0tbnMMkEexmZQU2jIUKACPoTxxhu2PD7XO5yO0ZzxnPB5J+nJHQYzgc1CHkI+bn0yTyCeMHoMntg+oOBk9mExTw7vCS5n8Su7b9Nr7Xtr0e1jkxuCpYyl7KspOKs7ppNbap6vW1/J6n0xD460FpAq3W0sGDblxz/EcnBUndjGOP4VIzW3F4q0BiCl3A6MRuUuoO4Hk5OCATxg4yOCMHj5IBbORyFJBwTjGDgNz0HoQT198J5jj+IkHsAQcnkE9CD2x2AHy8mvVhnlWHxQjJXvpvZped+/bsl1XzFXg3L6rclVrQd01dppXta7t266N9GfaQ1jTpQRBeRBiMlfMUDA/4Evp17dx0Jux3VtNGAJ4yuegdGyzeg4JwQN2enODjkfE4v7qHJjnkHygDbI+cDA65I7njGMAd8Gp4ta1KH/V3twgGMBZJMZ53EDIHPbuOvPFdlLiGF1zUr2sk09k7eTV9b+ttFc8+twLCX8PFuL2SlHdvl6prVJpN2fez2PtoyxuFU7NyqQG3KcMvbPOcAc9T14Oaaq7iXSTLhmx/CceoyMAEHJxjO48AYNfHMPijW4RhdRnIyGAL7ueDk5Odw9RwRjk542YvHviKNWC3zEZBJbqD74x6npjOT7Y6o8Q4ZNqUJR6NaWTXKtNb/JX2fa55tTgXGL4MVRk+l+aFldXu7P8ABfM+uYNjl92HJIC7sDLY5IBABGScjkdwQpOFc27KR5alt3AwCucHOB/dOOo6HvgmvlmP4o+IoFALxORwCVBPb056kZBz3B9Tfh+LGrht8ttCWAwrKSMDgFgDkEAHngdT+FTzvBz05pRk7Kzj0unqr6b9Hsn2JhwhmlBRtKnNR3SqXbty9Wla7va2ivq9NNr4nW+24syMqHaQhTtPVslcgbePlyfu+5zWf8P4EMtwXfyzvXtkHHJAz646gjB5HIrmvEHi2TxGLZpoUiaLJJAJBDH5gQSOOcj7wHQ5NZWneIbzRZGW2VCsmZCrcg8Ej5gMgZ+ZefbJOQfB+swji/bXTg3FpvfXl31XRPZ6q72PtaWX4l5RHC+7Gqo8r1XLe6T1u9Xv+T2b+oorSNlJMoY5yCWHC5x83OP5kdOtWkt4irPGwIDAjJG4ccFexwOnGGwDj08Is/iVdwhd9tGw2lshjzuGckYxnnpwcnB5rpLP4oWbAiSzlTaF3YIIByCW4yQM4bnGcgYHGPehmeDlFJzs2lpZWV0rdvRW9Vbr8bV4bzKlNyjTUlo+ZSV07ronr208r6nrcSbhISQCScZ27Qo/iAPc91+9wSMGhoh5bMXwuVG1MAZ65x1yeeTnHtXBQ/EPQn2mSSZDIQX3IQATjGcDJ9AcDPfpWynjXw3cArHqEcbHACuCq7xzkk9OmOrf0G8MVhZWcasOnVabPrpdaX166s4JZfmVNOMsNW0Wloyd/htd21t21111NryN7M+0jDbTngYIwD0wTzyOeuODk1WkiI2ISVUswOOQuGwSc9c8ZGc5zgEgCo4te0aRNyX8B43EF0GW69+ceg6E9Tmpn1GwlywniPACbJUxgkHcQGPXrgDAq4zoy5uWpB3X80eijrvo9ddm37rRh7PFQUVKjUi21e8JL+Xd67tpP110uZlxE6M2OQyt0GQFP8RJI3cDIwQo554zSWdtJh+HOACuByNv3T3yDuyuPXHpmO91OFGRBICDkK4YYA4zk91GQAQe4B6V0vhvF4ksYb7iDy2JAVR1Dt0GD2yOckHGK4KvI5Np3emzTXT3Uk91orrZpfL06LqRhGLhJbKyTaTvGyb3a7v/AINvNvFgMdnK0oG5iRsJzjkncQDycj6Ar74HmNqiGTapUGRD5hxjnGMdyAPXpjsa9p8fQRwpFCwTzHU+YQVJZW53HHTAAYZwQODkcV45CsaXFyiOCQAAGwAq5GeRjrnHOSPvc9a+fxkYyqyaa0Xu211912vdNvorWtfXY+8yJz+prmTu5O91a60Xnbzuu/U7y7kBh3KGJZW5wMEDABw2CM9uwzkgjOeYmDnaoBHP39oAJPBOABg5HXoDyoHOOmvwHQMuFAQkKADxngrjGCVJyDjoetYhiyVJy5A4wcDcOuV6g5POfQ5OcA+lVVN8trLX778r0v6bPXXTR6clOc1JN3bsuZrm5ZapKydr/jHVa9smGIPdxIzspEw3sQRnBBC/eHGOM5GRxkEGvUruRYNJgUA7APLIB5YqAQAc7gCew5Pc85rzVlUXWEBIMibh8y46jg5X5uex4AIyMCuo1OWTECbWWPyxtj3Eljj5T8vryeh+UZ6EmuaE+WM3JpWa0Td73j0TdrdXe/RrQ6qqc3SdrJtK7umvhs3fs7dlrtZM5Gdt0snyAAMDjA7njkdeMBuO2Tk4NNVAUYjCllIbngD+7zk4Hbr16+gysrOSCQeoDDcDuwTjIwOucY69elPVSqnKD50x1GMAZAORx7kngA9OlcnNbrZrXfbz8j0I8sYatNpJ2aTaslFKy1bs9La9OljJ2YlAO47c4YncdoHQEFQeTx/D78AVMFJBwDhmPGMYBJ4znuCM4yD6jkiSOOR5yhIXAHA6DJ9uRkHrjnPvWmtsgRdy5KyEjLfN97POSCSck5wucnPcVvSpuW38y16pPl5k1aW17N30V9tL8tWapuzW6TXTSyXXZerv+uWse0lV5JXGNxA4ySxOQcDAJyQDz9BIEzhMAODlmyc4Y89+ozjB55xWhJHtBfaBnOQvJwOmWByO2cDP06VW2HaG29TwQSAT2JxjoccD+HuMmuyEFG+ieu6d93Fp2uvla+ju9mcFfFXlpG602srLS17Xbs++npbSRY1bbswy9TliOnOQD/QYHHXkU6FUkOd2Bj5txJHBJxwABnoB8wz15xUTEgBQq4U84GOo5xnnHZuOM9qsWu4H5cbWGFBAIXJ65PBHGAe4zjBq+RXad1drys1s/ltqtFfTYxjVbak1yrVN3b2slu0orW19e3maTApGowWGQFBGe2BjALEYHAOMcj2qo6bgygEOOWBPAKnAXAHpz2A6+wvyxrHCFaQnG4Agn5sjI+bkAAk4HUjI6YBqghly5yxU4I5HcAAcDv0bgY5ORU8mu/on1fTq27bNJLyQoSc923qk1d6L3bbev3q/Wxz18pjBbcxJZdx6jGANozxgjgnuBzk5NV0fnd0zxyff8cE9cccEDpgG5qUfyAs3Q8FT8pyecAcD0AweAcAdazohuOBg8FtxI2grzxnGRzzk9B0A6+RX5vaNN3/Pp33vbX8D6DDL91Fp+fXstdfe6aO639DRRATnCkDgjcQccc9+uDgY3f7IxkdT4aQm7xu2sQeSdpAyPlXOenYjIJ6YBArklkPPPzYycLjB52lWBGSP94DI9cV1HhuQLequc5XgEDOf4g2OnGecdTgAHGHQf7xX0WvWy2Wvk1rr95VeTS6L87Pl0T7Xd0ndptJWPRbpSEynPGcFnJXgg47EjptwVPHPerXw+mlj8TWTGUgmRwQ3YZ6c8c+oAHbAwBVG7O+AsMrlhgP1zgKQCMfTHOQeuOk3g+NofEFrLuUCNhndnbycNgE88HjtgnB6rV468sNVg5N3g+ru04+drWt1eisk3ZGeFklOMmkpOUNL9W42T9Lb6XS6H60fs9fE250LxBpuh3Eggtby2Y4WRU3SEEbuCAecAjPB+px1X7U+y98PxXqkSMZD+7Klty5OG5AySCCeTjHTnFfIegWF4slnrttMySWM0bAIzFxDlSNu3v1zkcDHLY3V7l8QfEzeI/DKQyiWSSKyDJEUZiXVQOSASF5JBz0ySSQFb+c82ydLPaeOoRtJTSqpaa+4t+9umtmren7bkOccuWTw1Zu3LH2bW1nGNle1lqvx8z5q+GAEnibT45rj7Msl1FG0gUkRrJKql2UDIwCcfQ9OK/VX9sD9nnwR4S+GPw58V6HrR1a/1vQYr2/DyL5aTNErHy1QkoVYkDIHAPTBr8dbfXrnTNQT7PCscuDl1zuUqTjOAQCCoIA4wcnPBr7p0/xp4k8c/CyC31e7u7+OC1a1tRczNIttHCh+SNMlVGOeNuQcehryuIsizCtmWVZlRxEqNHDzUatJaqpGfJFLZJLZt6a27u/1eR55hVgMbl9Snzyqx5oS1tGzg/u1Tt97ep9sf8EmPCHw81Nfirq3i+7hsjZxWdvDc3LqsUEcjuJCsjEKAcBRzlufrXJf8FG/C/g/SWgvPDSxvZf2pLDFcRtt+1RMAUbjAePJLhkJLHJJI5r8q/h58UvG/hDXNT8OeHdXuNN07U9StYNSs7ad0S7jjueRIq7QQD1GSCMHI/h/Qf8Aa4urzU/h54cubh5CLew0tzHIxdVLRKXK5PJcnJyOfcnj5pcCVMJxvS4ir4yVR4x0406CTUacYwjdSk9HfdaPfV2evqri1YjherlFGi0sNGanJtXblJyvGy0el977NnxB8INRmi8caMt7iNRc+WoXIGN/yKcjHzD5R0J654BP3l8WPDtvf2TTJ8zyWJ6MMruiyAQDwvJDHBOccg1+YNhr6aP4s0W7aflbu3d1AwrDzAPmycAHvyP4ucjn7o8X/GjQV0qRn1G1WRNOVWjLqZCTDtypU7jtPRTnJxjGAR+2PDSjOjKmnpyc3y5VpbRaWdl0ey3PyKdW8asXLVO+r/wvl+7v8+p+ZWpyHSPGcSqSHtdbdck7QoEpPUdBu7ZOGPHBr9Yvhj8RvDdv4fIvNWtI5U0/zHhaSMkFYzuyAwJIIwMdCemQCPxi8fas2reJdTvLadlhmuXmgKAgfMxJIHc5OSwwR1GDXqfwiuGvLwxXN7IzeQY3Wadm3FVO1lQtyAMALht2AACpOPYxdFfVVUlJpwULxS1slG6u3o1p21v3ueZgarWIdOzfNJWva2mzvf8AB6XaRs/tJ+PtO8ReIBJpuJIbZrhfNcHMrM52BFAGEPoMcd+DXzbYeL9R0qCa1spzClygLkA4YkHPOACcjjqCPYADsviTahNQvY0PmYuZFSTAAC5yVAxjG7g/XPA5ryc252bSCx6k/TnB5A5I44O4EYGOa6MBZ4aDi9GtE79oJ32079lZ6s8zHznHEyUbJpWurq/wprV9ddtnv0aTWp5dULzysZrghVaVjuySRxkgnkHGTjvjoa5T7KVcEKqkk+YDhsnJxgY6DHfrgAkc569bYlZCRnO3CjHAGBxgkHGSc8HaOckYqnPaITgJ0GTgkEkgH5jwMdevp2G4r6lKvyq19+q100Tt5a6vX3Wuh5rnOU03zJXTaUt9lduz8rp309bnGXNsd4JbBBIPJHPI4AYAbRnkjBHXGa9m/Z/1mTSfHtva+Ztgvo2gkxhc47jeCM7iMEEHjgDrXldzH84Vgo+9ksSMnPGMHpweQc8+nB2PBN1JpvirRblP9YuoRLk/dfcwB/2QTxn0zg1uqjk7uV9U2+tl+ny28jaMo8y91rXq/R7Xavder7o/TS4iEbMzAsvMiHAYAZBOSox229cEc4HNZbjejmRSHJDIFBC8nJ3AdwOT/CMADnKnd3TG2t3KqFngQ4wcKxUMckqpwcZ4yAccnjOQxkIljdepxvKlVUBcYz/dOM9Se+Mjjeo7wSWum2ml1Fq7TWyenfppc0k4qV73Vne22nLZb6bvXa1na23iHjGA2Gt2l8qkDzAxdCfvAg7m6DscnOBjOOme/wBO1UT6dIVbc00JIJ25Yd84wVwQD2xkHnrXO+PLSaXT9xCoYsupHBKqc4zzzwQQevJNcJp2qTLDCgZljAKylTk/MCMY7bjkZHTtXDOLUndva7T2SaWvy226X7ji2k+XZ63a8km9v0Vkk1qz0XzUaxsPldmW7LO7clSrYO31XnjBHXvzj1vSAs8K7TghV2DJAYug3MuRnO4geg7HFeCeH76a5CruMkUNwwBYAjBPCMPpj168cGva9MuGWGJQm2R/l3nbj/ZI4wMDOABnjvyRrh0ryS1bb69Xa93e1/x9L2Y6ak4y+1fdLdO29+ibuuvXTU3rqNojHlCilvmBJZg5KkHAOeeflJyec/Nmui0XLMjy5T94rRKiYB4wSB6DBXPPGfx4u5mInTzJsvE2cE/KxyCBjGCRnAIHbC132jS+YbU7mIKg7tqg7sLnAPXPGAq4IzuHU17mBjOUkklJLz1V+XXpptZ6K173s78WI5aXXqn6N2utLXb0a0uvO2vqSwkRQl+A0ZJ4PfGctzt44PsTtxgipDECFXaAijLHuV6HrwM469T+puJADbxEnJMQOAOQwx95SCCCSOAcegI6MEZIJVsKBt5wDgcEYByo4I3YxjJOR1+hjRbWsbWS030SjdX1637fM4ZVknpe+tlKyvotLq+7Suklu/NFKKGLc7qmUyBn+IgdACSTj19+ateUgzxjqQcZII7HoABgAZAIwexqaKNVJjzhVwxZceowBnl2B7Fe46jinq4Mrqqk4UEkjaSTjGM4JyOCo6DoB2fsErNRV1bWy62vfy0S6W7sftLpNta9PPTR7O2m6SXpdFuwhUurs2GKlmGBkDoAo4GMjI4ycc8Zx6P4Vsla4bMW8zbwcgfIAg2kjkY68g9OB1GOEsyqOWIxiMBt2MqAOAo9VycZ9cZ549B8MXrm5uWt0ZnSB2BYkKu2MjkcEZAyDjtk9FqXCUOaVmrRk1fRbLSz3tv16O6uUnCo0lJWuktdW/daTW9u9t+nc+MvHXwK8Aa34p1vUdeuYrd7q8lZ5Fdd6SFyNoUkDH8XqAQDwCK8E1r4F/DbS7mcW2srO024KkjfKmTtQhs9AWGR8oPbli1cf8VPjBqT+M/EttJK6Lb6vdo22Qqq+VI6qMAjHQYAGSc8jv49cfEDULvMxlKsrM+5nJLbTkKOuMnqCT0A+n5VjYZjPEVnGqoxlUk4pRV+W6vre/m3da33e/S4qO2yS366LZaaJv79Hc9cvPghpdvFI1hrVuZmYrGmUKEEccMxIPbnJ6cnmvPrn4X+I9NaaSGOS6iJZGkhKkADliB82Ov0H8IGDWXYeP7su0skru+3dGpYDa4JAbYCAxG3JAzuPXpivRND+JV/KqhnCxyFY5FYAE56soIx937xGckE45rilVzHDpOSVRLpazaTinfWz116O7dt2ELxldNp36Xur2XSyS3v2vtc81t9LvrVtsyS2wiZgfNB3FlPBx+J4PXt7ev+D/Hlvo62cE+nJPHHMiygwruuc7SdxxnJ5w23AGO/AS88RaTfytC8MYQMoyQhfexBySSD8pzuzj14K4GRqWiLMslzpsgXywkjYB2rsAYFdvQjAxjPA4xgmnh80rOcXUg4NPZarv11bfTydmayqya5b3ultd3SspPpe9ndPv00t+qHwKi0PxZpd9q09tFDDAmLWzVQGE7RkCMqRglWODgZ44JODXrOhfDCysdZhvb6NI77VrpfLj8wJ9ntlc5DKWB3HgYwMe2MV8gfs2ePPDfhPwVd3HiHUxFrENyHigfOAiKWU7CcMzMNqsRyTxg1574y/aK8V6p4tmvYtXa3js55DYqkroqQ5zEpRflUscNgjA6c5wfsMNxBDD0qbvztNWgpa3bjdtJO2i0stNXu7HKqUKkmpKzdoqXrbbptdWe9t77ftkumW1vDBBYygxRRrCB8uFZF2kHnnv3JBHJ9LttoxXLqrDaPvMARuPP3T2PGOmc4H8QH5FeAv20PE2nz20OqzrfRxHaQRkv8wDBuMgjJbp1HUkmvqzTv2zfDLrBPe3a24lCkiNSwD5AwRjHHPBA7HPTH1WC4xwU4wjUfI1rJSW2is9dPk7X33OCvlfO24NSTatazSV09d2lpZ3sttz7httJaNAZFIIOT0PUkqSp6ckc5yeQMZ53rXT44QrMFkJO0scAhcghRnkjOQcYxxwQa+Gr39s7wGrCJ9WeWfCs3lIcDjIzhWyM8859sELjOb9srwbcIqRaqTIWLl8YKhTgYGAAcZOSTxx1rvXE+FqRco1Y8rfeKvtrfmatq11VrvRrVxy2qtHa+lr8rWnL3ve9unbXTQ/Qu5itkyiSojMAWzsBTIPzAKcgncMkccfNg5xxurXdjp2n319PIscNlazTzyuflbYpIKk5APygE568soJr4R1X9sTwxC6mPUJpzIoQMFOVPGWP8JGBk8ep6mvL/AIiftdaZe+HdV02yupi13YyxBMEvJI6MuCVBPJ92BxiuTEcS4eKahPmkrcvvX1XLy7ttPVO+tu17myy1ppzWlle/dJW+W97PTmW2iX5+ftM/EeTxh8TNe1FruW4tIbx4bQNIxWGCNmXbGMjGehIyTtIBOa+yf2Ev2gtiTfDLW7hmhGbjTp5ZFJGeVhQv0xt4APY+oA/KjxHqLavql5cSEgTTSSgY7F3YA4yeCeoz6+tP8H+IdV8L6rb6zpV49re2s0cttLEzgqVbOMJztwACO2eeK+Up5tXhjfrd73leUNUnG609LaWd3fXc6PYU3BUly2sk9UnGyS76N2ell2vqf0/+IvHMGj6fdXEnlkwWks6gsMEqrbQDzyxA4zxkdRxX8+/7Qnxd1Txx8QtW1C6uzJb2s88FtFuZkgiicpsVSR8xznj2y2TkfRHg74/eIfF2n3Vv4rGoTsiARugdIp1xtAZjyd/U5BXORgZBHkXiL4Y+FfEV7c6ktleW8lwWfyUyE8wncxYnOcjBzjJJPOAc9WZcQ/WVGKkqcL6xUtXtbTXS+3Z7LTTrw+UtQTp6ydmm3dWfL376a6Wt3Pp79in9oux8PeHNR8MasZ7uC1uDc2jNIW8oHGUVG5Kg9cccnI9frTxV+1JqcWmNd+F/Csl28UjCRptyx7SfkfYuWwR83RcjnA5z+YvgTwqvg658/TNNaN2QhpJGJDL/ABDbu25ZcBgcE7h1JwPa7jx3qawSW6Wgto5Bhty/IVUFThSFyW3Y4xnAORkV5lLPq8XGnGouVO672dm7dOj6b20ep61LLqUaSlUXLUSXM+W3M77Lr99r9VY9UvP2vvidfK5tPDttAyh0SRhIdr7ecDbjO7GeOgPQcnybVf2jPjdrjSQJdtYxSrJHIEQxjlh8yltuAcgfxZxxwSTzNl4hlZfs0rLETK7pI6xoi5OTuIGSD1U568H/AGcLVr6KGbzBqCBFIO35fmY5LAYA+XHQAZOfwqqmb1pv3qjta6tps0rN2733T2XRmf1OkveVk1+iXKk2vd+5dNddIrnxP8V9ZuIIZtfv5o42YR4upFjDOeThGAypOcHAIBGOQK+pdA+IPjPw/wCFtP0uTW3luIQHmu/NLTBWCjBLHdlV4IXBB3d8CvjiHxRdQXqNHcIkau3IQgBcAcEAbuPU4z0yCK273xpG0DMLl5JAAqoXJG48liq7s8kZwvsMV5GJzeVKX8WSsrXvpZOOid722Xfbbd9mGhRpvmtzWVltZWcdkt1ayvZX6OzPpZfifrX2t1uPEMrxzbzKWmJyp5xtZiAR64HBJ7A1z7eK9M1Gd0vL2a4t0kMgjeVjG79jtJK/L2wcHJwQMZ+I9a8e373cipG6bWyAu77p64+UBgevuM5wKt2Hi67OLl53UrsAQDnkc8ZIOMe+MZ+vi4jPZNN+81vzNu99Hu3fpf1t1OqOITUUkrJ3d1ZNXV97Xs97vV28j7XHjSwtA4i8kqAVRgAGBJxxkfMoGQT2Jw3K1yGp/FSOzuGWN8KhIlIC4JJOAfcgYG3oMZwOvzlD4ouLmVQj7lOcvu2nnBJPXkcgAdS3X05+7u2urqSNZXZVyWLZc9cYIBIBIzjPp1B5Hlyzicved1Hq/h2ta2z83ffS+9zd1nyrl3t8Wis3Z6J6Np217W7n0BrHjaPWbO8gKQmKVeXZQ4G7BIOQcvjrgg8dTXzh4kiOirNLZodl15kimNRwCSzDaD8oOTjb1GN2CuK7GwJW1DKPMygIiOeRj7xJyCCMHB4+bJ9KL2CO+Cm7CrGqMAmAQTwDnHTqMEAYJNEMzhVspO6eii2tL8qfXVK2i7qxnKHNGLd+a2+m0mtbqySjezb1fVbnu37BGhnxl8f/AAhPcw+ZFpayXD8uQkgUqkgAI2sDt4J4wMcHn9C/iDELb4heJELGaSDVZ4ucnhSQV9MZ4+XH0OOfmv8A4J3/APCNeHfiRNc3tzZQXt1NDBaGaVICsbZLHc7BNoUliOCSOobNe/8AxM1e0HxO8beTcxSpHq100csUiMkm8krtYYDE5zkHHvgDM5PUVXiKo4U1GMcLSip8qSbc02r9dlt92h7NenGGRUZyqc0515SlFtXjZRUbpvVXWz6dj51+IWn3V7qltPBbsyJI28CQAiNWBIBIJ4HXp6nHQ/cv7P1ql58PoJ1THk38iFSQWypAI4+XGQfvADpjjg/nv4tvL7VNQxbX8lswmm2xxjAYE9CV+XhRkHOOMcgmv0O/ZAhZ/hxcRzTm4MGrOjvInUZPy4JODjknnpnjmv1/OJuOQrVe6oNtaO94q9rt+qXX0PjMJBvGtxSt92l4WV9+mt9db6aHt8+mRfZ3ZgTI43MA2MZzyB2IJAYd1PBB5NaytokaMCElBtByB6kDH8ROD1PQ9OmB6RdaV5sEpEce18EH+LBBGOoAxxk5KkewrOg0wpJGhCBflJ2gkYGc84wOgzk8546Zr8LzDHRVWaut/Xqujvta3nrdH1VNNuNo6Wb2Wjuulr69bX28tKX9nCSyd1BVfLJAGD124LbVyckYzwPT0r8MP+CoOgSah8SfBPlCUsPDzA+VE8mQMDBVVbkklT0JByOhI/f6S1EWm3GBtIQ8ZGABzyTyARkE4ABONvcfkp+2jYwXHxL8OB1SSRdCwquitsQhtzAlSByAMZOMZHpV5Fj1HE83MpWi1pp/KkrX12V7q9n11OLMKPO4xa0k0r3tbZX6Xva/re6bbv8Ag3qHhe+sbdZPs15sJ3PmGQIOAfmbGQqgHPOTkYyBgcst15BkKuqsCGI2kdOmM5HGc9c889Rj9KvGz6Hpfh/Umu47Z3+zNGqtHGN7spGAdueGI6Ejjptr869RsbCS7upYpPLHmtIE2nGcltq9sYORyV7Hoor76hinWjtya/zaNXiu9m1u+tr2ezfiYnDwocqi27pO1tFa1uvrb4e2hji6aSUHznBdhkEYGQf4sZwCecYx145OdA3swOMsyOVUeWBgKAVJwMdTgZ68H0NMttKmuX8+MRiEAbznkAfKVAGQre+VPYnoT0H9m2wgjV5Ajj5ioZeACSCD3JBHoCfULmnOtFN9ZaapLXbd630Xlba2mvn8ygm7NeilbVdd0t/xW7RQjjN5CAqOWTJAUFd7Z4xjrnuCecdK5+8ZYXeLawmDDcDkhSpORknC9O/HTk9a72xNpGFhAZkTd5ZUkE4GSDjHTOScnHLZHGK50rSrx5ZWSTzXYl23EqQCRgAt8xPbHYHC54rCGIalJOOmiulttbZb9bJaXbu3qXzJ/Dq18ltF6WaXXftra5laetu1mhMZ85gSiDDAcHLLlsZyDk7uTk8YxW1Z6e9zHFF5eWYnBKkbsEAbcdOvHP3h2zz0OieHItRuYrLS7O5vLiWSOC0tYUZp5XcgbVUAklskYx1HfPH2zovgLwZ8MNOsZfEOljxD40uYEuP7EcYtNG3KGVbtwSWlGRujwAvQ5xQqt5XXW23Z262tZbN66tdzrw2GlXsm4qKavJ73TSfS1vN976u58m+GPhl4j8QTMmn6Pe3KDCrN5brCpIILvKR5YycMRkjueck+66L+z/a6R5N14v1yOzZisg02yYXN3LyCUONyJwSM5wOOPT11/FniTVFECm20bTZGVY7HSoEtgE3cbniVS+MAMSTkdQe9yO3VHR3jeWQuoM0rFyewO4lsBuBn1BzgYWsZ11FtJczeibukmkvnsrJJO7v3PboZZRi+bWduXrbVqN3brZ9ddtLXKemy23hiJo/CmlQ6NEVER1K5hSbUZSdo3qxDeWx5IK7W6YPemmWWR2urqaa8uZHYtPPMWbLHOctwDnuB8vODya39bmjFmqEkSq42kBdpyD2B5K59e3PbHNI8a24DDeVG7naMuScDJycjryDz17Fs1UqzV5XtdaXetra2b9ddt7936kFTptRj/JFtrRXfKtbvXV2tpbte5M1zhNpJYqcEZBXPPIwScDuTgcYySKqyE5UgKFPUAE88/Nz0ODkj5Rk4BC805XRcSOAjSDbtGA5BBIJB7EnnHBBAI5xS3VykO7aoYlQixqFJORy2cYBHfr94jvkROVrKOnu3Tta93FJW77N3Se19G7uMF1s1otLNWXLZ2equlquZ3362LPnKY8bmbJ/dqARgEndk47cgEnkdc9Tk6jcCOGZ2BSPaMkFSSTyu0k4zwM/w5+9zmpQ+9WcoFCYwo2gNzwMkZGeARk4PBG4c4uuEQ2JSQAvLJnZ1bAxwpGcDgZHHOfeuSU2tXa9l2Vm2o3tu0nu7Xu097sddyjTly2TUb2a0s2rO6/D/AIFjodL1Ow0y1jBxJI8RcsSHDF88YOdpA/iUKM5JOTVoX+lyzvcXBEe5DsAIO3I+bPJPGRweTg5HGR5A1/K8AhjGW2FmfH3R/AuBtY8cgAngEjHWjRNN13VZ1gs7e7v5Z5Viht7WKSWV3dwoAUAsBkjcWIyQcYwceRWwvtJOpOq4Wbcm3aK+FXb2Wj9Ndey8aEK9WrywpuV32b093otWru2/q+3p13q9qZQ1tPGYokVWZTgsD1Jz1wMDrg4H1r0TSfHuufYrHRNCklupZJRHZQwmVrkM5KYhjjO52ZiAuFweAMDO7u/CP7KOvN4euNZ8b6ppvgTTobVbx31i5WTVLyP7zpa2aN5m9gMLvThzzt5r3H4C6l8M/CutE+EdDsmutPhaMeNfFMMMpE0ZG82VrIHhDMeYjy4OMtmvlM6xmCwuEqVHGOKnSd1FWkoyiotvm1SSSTdrvWyV9T7zh3J8yqYinF1Pq0KkoqUm3F8rlHm1+G+vXe6u76vqv2d/2ZPi18SfEGlt4p1PVvh/4duNStp7rUruYxarfW6OJZTBZhvMUBMhXZcZI55zX2d/wUH8e+ELbwh4W+Efh2WbUrbwzYwJ/aOoylry8S1hCPdXWRuLysGKls44/h4H3d8DPDWgWXw8vvHutyHWPFGv6dcXmm3dzJ5iWOmxQlzNDCp8uBG244GAp2qcHFfzmftFePb7xp8SvEzCae4ZtVubK2YSMEaKGVkjhjySCGKnhck/w85z+P8ACuZVeM+KZ4irGnTweRTbpxhT5E6l7JynN80uWzd2o67Kx+qZ9gaXDmRujTqTrYnMkoOcpyk1Gyk3FWcU22krK+rWr0ON/Zrvf+EM+OnhPxZezpaWNjrsV213KClvbQJMA8uFBJIUg7hkZyeTiv7HvHvi/wAK+Nvg54KPh3XdO8Qw31tDNcz2kscm1zGsjCXa2VcMwyp9geoWvyA/Yk/4IveP/jb8E7n48/FHXZvBMU+l3Go+BfC7R/v9XtY0Mlvd3m4Dyre5YAIGw2AxIPIH0n8Afg14y+BXgzWvD/ju/ik1S/1+7nstNhuGnh03TomMduFJLIDLGN7bMAE85PNerx28Dm+YUqtKq3WwlONGnGy9nVg5xlJx1v7jsm0rO+nn5nBtWeEwtSjZNOrKdbVqVObhCyn2b0927a10TZ6tb+HbZZ42htI1kDbAy42jHJYYIPBGd3cr0xivOP2xYYh+y94uiRcOLqxGdwG9lk6gDBwMZyecn/gQ7HUvFcOmRSkzrCo3BSWUElud2MhgQFx0yVOcnv8AHn7THj2XW/hZ4l0t7iRrfdbtEnmfJK6uxZsFmGD64BHX6Rwflbnn2U1nFrkxtGV9v+XkHd6O39dbnfxFj7ZVj4czalhaiS7+4n1+7o3fs2fjTcxI/wC7YlxsUhsBcEDIU4z1IYjB981UaAKFATD7BhyzYUMQfnGQpLZGD2ycHnA2LlAWDbVHyBSBjOcLhv8Aa5HJ5AAI6U1wpGCWOFXaNoA3ZGADx8vPXkA8iv7joNqEI9OSN9NNo9beSt18u38szfvz33cr9ldL8vTtZ7PivFiJ/YlyoIU8KV3EkPt6nn3zjrySRmuI+F2wNq6LGqk3C7pCTjkHJznPOD0+nGTXc+LyY9Iut6Km4bs4JOM4wOOw6Hucg4JGOE+FQ8xtVVjuzcEqAQRgHgFh/wABGc98k96G25pSSTvsna/3atNa6u/lo7c7WqfW1m79L9XvtfS1mt9z1fUJCY/uAnO2MnGAFIOFxyffqTtznuMEu6yYOeQWBHAXAwRhuuSeM+vGc4HS30JVFLlQQpIAIOADgoADgEDPBHGSRnrWE0G48HII5BOCc88jjBGCecE/oahTXO5K6Sa7K2sX5NL0tppsZKdp63020V7rlfW1tevKm1ppud78LYxJrSA8RtI+SON2Q3HHCgE8sBk4yc5NfWxhZIUUAEhSFGc8EcDplgT0xnJ4wCOPlT4ZQmLWl2MCiuMqDjOcAckZzgAcDsN3evqu7meIKgGFWMcYXPA24GODgkfTOOma9iiv3STslfZ3tfa63utOvp680+Xmu7K7WnW/u6LW7S018rHMT2ztI/Y55wTgkNjjr156cdeCenVaKFgJOVyUKyF8ZBA4x1weOp68exrkJ7icNhGOJSSQpB2ck4Y92IwMevAXBwNrTjKwCsrMXjZsE4XJXg9CQVHOMdRz6VlWcI0qkrvSE2rN3i+XTZ/8P36k0ZJ1odnON9tm4r5vdfPfY/Xr4SeNPB8XhHwUuj+DrDUdRt9Nm/ta9vrOKXLQrvd1kkRiQFDHbkgd8Hivyn8Xf8FFT4Y/bH03xlp+h2VvoXw98SW1lLp0UcZsr6Cyn+z3ReFw0ZZlJZflOMdxyP1S+C/gnVdb+B9ne6aRbTWHh3WrqU7EjmlBtZflVgA7DDBUB5Y8Yz1/j++L8Gv6V8VPGltq1reWtzc+JdSMJmSSJnV7twjIrBWO/qpBKk9OgJ/ibhPB4HPOLOLp4urKUqOOxVKnCdRpwcqzUpxu90tLpWi320P6O4hxeJy/IMlhhYfxcPh5TagpXj7Glpe19XdXbvdJWs9P7LP26/2k/wBn34xfDzwD+0f8LvFGmfDb4maJbWVydS0OWKyvb8iJJZdOuo7Yxo0ocMuCOQD+PzPa/t8aH+1h8O9O8PfEDXrWfW/BgtbfSr+0nW3uZLq0ZSmoTxtgs5ZA8xUfMck/3h/PB48PjLR/hF4G0nWEu7bTb7zL+KOUTxytHgbJmVsblZW+U4IZc7RjNY/7K15eyfESOztVd4T5nBY7JfmOVI+7wT9OCewJ++lkccHl9XHYPGVFiKFSVWlWpSjF2i4xtLl0fW7sttj5HD5hQxOJoZbjcFCrQrwjCrTrpzceZKyim7qNna2umlm9V/RN8Wfi18XviN4WfwBqvx6jtfCmpQWtqbNLuaIizhjEccMksUgLKyDEkZJD52kZGK+QR+x/4K1RJLSf4maJ9rfHkPBfSJGC4zukAlwCx5Po2eBzjPubCOS0uJdTtjFJBjyjGSyKBgqAufvdyeM4yPWuNskubnVJIomkMUzpDFIyPEsatgBsj7zZztz1PfivicyzPNs1gliM2qSnHSPPCE7Ra2XM2lve67Wu7H2WXZFkeUSm8DlGGoRqKLn7KDp80rJJy5ba6abWsklqmdxN+wl8N9Es3uNe+MmjabO6yGKZtSP2Y+WCQGWSUtySMsvXuMDjt/hh/wAEs9d+NGnXet/C34s6Br0FjK8N1ew3nm29j1CSTMsh2KvfoMEdRX51fttXWp6Le+GbDSdQuSq2ZN5BHLNtaZkUgyEnA3dC3QZAPTjyX9mj9rj42fs93l7H4O8V6rpOl6qyJqemG4m+xX0ZY71MbnaSwG0t0Oc4OBXlZjw7xTVyT63kua0amNj71OhiKFGMasbq95wjdS0drppvc6aWc5NQzFYLG5e6VG8YOtCVSXJJ8rTcOZKyers1Jas+3fjp+y98Vv2YvFaeC9f8S2ureIPsyXVodKu7a6tbmGQnyif3jEE4Hytk+uSM15G9l8Yrh7S0GmNK8rqxmFskrRqSWwxVSNvPGenzHPQiL4r/ALQWvfE66s/GWqXFwdaW3DTXfntLlVG4J85JUZJ2rjGScA4GfIrP9qXxZpzyW9hqMpaJdjtIisWbsSVTOFP3uenuc11ZJhOKK2W4eOYYfC1MfyqGIlFKMIyur8trP4ftd9ux2ZpiuHqNZ+wxFVUG4uCTupO0W7Kbla9ne702vvb6w1T4a694p8GXPhjxV4StZru4iZhfJZW/nRPtJEqNGm7cQQctk8FepwPkLWf2ItV8+E6df4LMziOS1cPCCSdsgwSNpz1J7dT0TUP21/i1o0rPbTxyqMqZZ4o3C5UcnG7gcjPPOB8uOcbT/wBu74qvNK7y6a8shZAHtUKrk8csnQnBBPPHPU19fgsBxPgIXoqnGE7SlBzbS0SulJNJuy0vfbU+Sx+O4Vxto4iFWVSKspQilJvR2urXaTWl7afdW1j9iHxvb2rXUepWc27AMMe7zmAIJAjBz64GBnoOCteaal+x38RRtkttPnlUuAZUtZiVA6k/KB8wJAJB65AHGfXLr9uH4sQypI0GjiWNmO/7JGd7DaQMhcYxhTnnB5HppW37fvxgQFri30R43XaEWzjUfxDnCBj6kk5HTOMV6qxHE8UpKhh6rtqnVaa0V72Wmq80+urseK6XCai4uWJjZrVxUmtU7PVd2tdX3TaZ4vF+x78Q4YVnjgjYu+XDIYpEVcs5YybcADJPfnPY49Jn/YI+K9p4f0jxNu0e307Ww4sornUrdLmWONiJZjGZAwj3A4O3OMc56fTP7PX7WOt/Ev4reAfCnjLT9Et/DmteJNNsNdnkt1iA0+4uo0uQXCAjdEWTORgZJI4Ffrb/AMFjvH/7MHhLXPg94U+C2pWOl6hpnw+htPENpoEaNp+mOyq8Usp+819c53uzYO0g89K82vxTmWGxmHy/GYNfWK6TpxpJ1Fa6Tlezslb3k9EuV73OWdLIYSpRwrr1FOEnOU1yqDilJK9uX3pNre1t/L+dO9/Y0+Odt5lrb6dp19ZPCZIDYXtrcSkDnOFdn3c4GQDwOBXmF/8AsrfGbTbzbceENRCPwJQodiQMNlR85PXAGdx/vHOPcoP2kfEfh26ZdA1jUWZJNq3B2uGAbIcBuBnIyCRluRkde00v9q74gahPDNe28uuSwuHSSR/KIVWPG1CEOAuFHTgA5zz9Th8RiLRk4qDlZJNysk3G65bWuk29FutGmc0qOXVtIyqK397m7aJxTbtdtct7d9NfUf2M/hv4z8DeHPiDJ4j0O70iC8aFLee7tJoRclEUNtaRFViCvJGTnI7DP0OzqJ3DDcFQqMAhged27gAnAPGQOM85BpPhj8dvFXxK8Ha3pOvWyWtvp8iTwIscayAMAQryKoYgd8EgjqcZAZcESyNswuVJbLHOTyAM4GcYGT19T0r9V4XqSq4Gm2o3jJp21tZpqybWut0n5a2V18dnEKdGuowd4qKd+uyaabaTXW6vqr9zOkO4bgcYkwQ2CdoBIPpg8ckYOAc5ryz4kEyWdgdo41G35IIHUDPJwMknOMjGcYzXpskLKpXcAMj5xyQOTnGOhAG4qOnTNeaePnj8vSg7bgdRgGMAHht2ARjIJ6jpxxxX1c03Sdr2SS213Wn+a6to8CM2qicVrfZ+qVlu9NXpa999DQuXcPpoZmZRcQMcZA+YDHB5ABOD3OBnpXttsFkRUkYhgVyTjBAHA7fgck9jnk14de3e2azA423EIRPlJHA7c5zxj+vQ+22mWhBddzYjLYwRyARgDPBPXJHTPHU5YaKvaz2W+zV0nqut31t1S88sVO8o8zS3Sbta11re713a6rpe1zyf49rZyfBbxxDPP5UOxC5C/Phipb5gMADJwSDz7HNfi+NN8KT3KwR6hOsaBTllAw5HLMdvA7AHABI5xjP7l/EXR9N1/wAAeMNF1eT7JY3tvELm6RdzW8SlcbMtt3Fuc89OQOCPzp8Rfs5fD7StGOtWnjqGW+up/LtdPZoXeVI8ECQIT5bZAB3gDnk44PyPEMIf2jShZ+/C1ktHqrN9m3pe1tdOh9JlPO8DKpFRtCcua7eqtBXs+rad7eV9GfL9t4T8IzXUkf8Aa04KQmThCylQMlxjCjjGG744znJgsfB/hy/vFitNYknkMrEI+I1G0ZBJbaNvHOOM8YPGf6D/ANg3/gn98Nvi14b8K3nia30n+1vFd7d281xqEqJE+nQICsEIDDDSEfM4AYMVAOWAHyl+1v8AsZ/C/wCBvxn/AOEbttXt7fw7Lr8sV9bQSAf2fAsmNkNwpO9WHTLZHOduCanG8NYvC4OjjJVF78Y1JUr2lGM+Rwbutmrdd737HNg8+w+LxtXBxoy5qc3D2is1JxcVKMWrvR6Xaaur73S/KfVfDOjQl4X1JIXJEZAdJRuHPBX7u0Z6e5POCaC+DNLMsYOswiL5Tyw3NkjJ4yp47A5GSM5y1fp7rn7DPwx8YWyX/wAPfGi6Urs0gTV54pVlLopDRtvYje3bAJxwMcjh7n/gnV4gZU8rxnoxu48GOYyM0MgDErhckDgAjp6kHIz89KEotR51d7tP3d1dPZXu1ronrq0fSSo80VNU1ZpWd2ru8ejSunfRpq/RO6Pkmx+H3h+eDfFrcUcaIBtdoyzEgfdY846YyRyCeCCaq3fw706zDGHW4n4DhwyYwTwpwRzjGTnByeSRmvvTQP8Agmt8T/FNzbaTofizR5r2eSKMyokv2SJnICeaQBgfTaPTk1498av2O/HnwN8RSeFPFmv6bLqsbxMkNhK80UkMpwjhGLSAlsklgQA2eAKnB0Z4rELDUJ+1rN6U42bctNFsu2muzbehNaUMNRdWvSUIJKUptqMUvddu2l7ytdu7Vz5Ah8MMt6kLTJIksgCyYBO3ceeCfXkc89enPuGnaPFp8CLCHkChME5AJHDAgnPbjHGBjAGK7Q/s++LdEFjqx1vRr0SWguI7GP5pyMA7dgHRP4/QDPGRi74s+HHxG8LWllPLpo1a1v7Zb6OXSAbtIImCkpOsAdomUEgq2ACCCOBn3sZw1nWCoRr4rA16VLS1SdNqL7NO7jrso9bW0um/OwOdZTiK0qNDE06tZWUoRd5K/Ku/WTbsuv449rGNhDoCTtYYYbQo2sQQcjk578dhnAF1ZIwXOwAqBjttweV5HJyBzyOSOO3m8fiLULeZY7yzmiaP5JA0To0Zztw6lflPfJHfAyM11EWorexiSOKVim3I2sSM4JZsdcZ4HTPp2+cnTqQdpx1umtFzK1vlqmtt3urs+mp1acopxbTSXTXZbb9le3lszasZnm1KxhQbPMuwT3YBWXdng4Prx79ia5nx/oepPra3YsbsWyzBY5zBKEYkk8Pt2MNwyD1H1wK7Lw5bsdWsdQ+zO9taMbu5VwyGZVJZkViAeNvHPXjAr1XUv2jNN1CzbRm8EWL2mmiVI5Zog7MwUhd5IyWBIbGc5IwMZFfU5LgaWJws1WrxocrUo8ybbas2utlvr5NKyuj5bO8dKhXp8sJVU0laLSs9Grtt3Sb26tJtM4PV7J4fBNlMwLhUgZ4FHmM8hVeowdpA6jAGRkjPXl4dV0fTbW3a43x3MqiRxNBhsJhhgBdx+UcYHGS2B/Dvab8Tf7QhDW+nWlvBHfLJPDcKDGcMdqoHGNgwFYsoJJOVBNW9e+IPhDV3XT77wvZx3DO2b2EfMowQQoAChe/XIOcDnjwcfKnSrThF8zi7XiunlqtW1fbZ+p6eEarU6dRySjJapq8e73e6Teytq+9zpvAf7QOn+HNSjura5Nzb2ckLG3lgSaGTynDGJo5FYYbaQV+6RncCcGvqj4s/tsaL8W/h3P4L0jwroemy77aaW9t9Jtre93wRhGVHjiUqJCNxHHXua+E9J8NfDSSdpJJruMzgyKkW1UV2OcMCcADgKSOyk8nNenXmgfC3w74ZuZNGl1KPWZ0M73MwjktwxAICsu7aWyRuAzyTu7H5vE06dStGpyVXU5o23ir3j5N23vfp6nrU5zjTdNuny6yTSfSz6vd/dva60XiPjjVPtNmfJNxDcR2rfIiFiWYcnaq9WPAA64I7g18sWvg/xDqusCJra6SzmIEl3dK0KLubczHzABgEbvTOM5zX0lc63F5E0kcySXKFlVnaMtJIM7FIbKqfXhQc9Mcjy3Uovij4nuHjhWKKzY+XHi6giCoCcFirDccdTnPXPY13U1Ugmvdjs7yTT0S03evS7Vr6K9teCq4zS5uZ7Wik7Ne61ezVvNJO9movZm1c6f4X+HemtNII9ZvpFLrHLhwXXGSMFkCqQeoOevK8Hkrzxn4m8VvaWltC9lZHakcFqgBWLGCZJAAAcHoOMZzjGRqa54JbRtOsZ/F2pxRxiNd0dvP9olkbIXG9CxxnIHPBycDOQuna7akJp3hbRJGRdsbTNueWQnpnaCVBJyc4GMitYqLXNFe0fNbW/Klpqrx0s73tey72E29FH3IKKST1bT5HZ2u0l07JNW3L+k+Frq0juJdQuQ8JAZ1kkAXB5IZnJZyeBhTzyTy2KrTeL/Deg3Xl6fZQ3N6cRq8aHZC/oWA5AIGeSQTkcHFTXXh/Wpme68Rai+kW8YVzbyShMxjB+WLjjjjIzz+Wbfa94T02Aw2dnDcSbSv2rbE80rLxmNfm2sSeec+hJ6XCcHZel7N2W2jlbs99l8rGb5YqKvte7n7z0ad09/Xsla60vr/23qeszR3M7CMMANkYaOMLjIPbJGDuzjHUjHB7TSPPBWQNkiFysbgbW+UgFjkjBHHPUnJJ7efaZcpMluYoJFWRN5Z8j5c7tvoOmCBjBAGAOa72wmSBXbzTykm4LhnO1TkcZ45xnB56DoT33vFJq223fRqz3etnZLZOysZwXvXk+a7i3e6aem+mqasu6Wye55leeJ4ra7ngk0O1uJPOkLyEZVmEjYJDA8YBORyQQT2zUbxpbwsEbSNPjBHyqqbmU54UYGM8YGR+uKfd6/aveyRJocT5lZFmYhd7FirMQxy24rnnpnrVqKz0uaWI3em2tt5kihpxMpMYbAJ3A9FJPBPbk8cY8quk+Z/DtJpbx0232s7b3OqlJpvlSVmuZ2abdo+XXV76Nb669LafGbwjFbRW0Xgsw6lbQ7bjUEijlaVhjlY5FcDI5C4xweOlWrXx0fGdydMsbjULL7Sij7MsEEAIBxkvEAFUc5yBjnjrWjZ+E/hZD5s8uoxz3MoDOGukChsDPCtng7jwM49uaeln4RtWm/4Ri3inv3jVUuEu1+V2OB0cMSSCFHfjr39KMJKKjZ2UVfo9Wlro1po93bzZ0qpVtyznTtHS0U23pF6uKSu9m72WtzKj+DeuatcXLpd2wDMQJLq9HmnOCCQZQ2cNuHGe+Tmr1p+znq8che61rTkVwHRUYyDOBnJQlunQk5OclRxWW+h/EYzXNzDepCGOIQk6sqnoAMEEk44J5OML2AsWXhD4oXJ+0XGvP8+fLi+1+TyQwzhXUAZ+vUjr19OjD3W/ZSqWs+Z3tZNa7q1/R6atnn1owc01GqpX6axabi02tLartt1toekWGhy/CLRRdX+rx6ql1fl3sbK3DsNqZUyFwQFJA5Pc/LkA4x7/AOOOp3gRLLRoISsp2STStg4wB8iEJnH+6MjqATu2fAllF4VkNz8T4pPEGlieRpdLgu3muZ8qAqhiSEUHPCtgrgg8112t/ET4SPaR2nhn4WWdgo88zvfXjSXBDFirgliqNjsCB1BAya+gwmHjVjf20aDsrU5pylJ2hdK19l3tbTZXOHF1alKKUL2erjKEW4NWvdttta30X3X1wtA1TxF8XYpPDs8emLeXFsY45toX7OIXyoJyPnKrjJJPzYAbOa9u0H9lHbBaS6r4y0WznkiULEZIo0gJKoxlLSYRhnJBHGB/tAfNi6rpd1DFe+GdDm0KWJ5WaawvHV5X2nJZlYBYxjpkA9QM1gx614jmG173UbwzFiFmvLmUs3mYwqBiBg/KOuSeT0NfovDmN4XyjDKpnXD1bOcW6inGoq0qVJQtGyajFtvvbbboz8E8Rch8ROI8ZSp8Lcc0OGMA6ChXgsBTxOKqT0vUhUnOKhaOiSg366W+39Y+Cnwm8CadPcap430vXtVdCggs72zk2sylQpiDN8u5toIGVJ7DFeS6zF4H0ZLSLxBDoK6BHBHcW6WswlvZJZGztnaItIu5WxhmG1sZ24Ar5xmh1SK5WRrZluJHCyPMskhQnDfMZOB8x5HPAwe9bY0ya6stWuLuF53ghieNxButgxZAVzgBSOAuD1J7A16eO43yzEYml/ZPCWBwcKPK4Q5HU5o+67zk1Fyfe77rVLX4jI/BviXBUsX/AKweJeeZpUxEWpVHOFBR5rX9mk5KDu1ayt26Htv/AAnvwG05VfRdL3SrGTPAkdyUbaRtXLAsxwQCSCO+B1Oqf2l/DNrFHZaD4CgVYWWaGU2sZ+dRjLsyF2DdWByB+FfO9pY7Rtt9NgjIB3vIigFnwckkDjqeOnr3Fd4ZIZmWPbG+I9qiIsnJXoVAAXqfm3YHGMdeyn4n8QxTjgsuwODilGLVDBxvo0k4uSet9fN62PBxH0eOCKsufOc6zjNm6jnL63mtTkvJ3kuROMbO9mtHbv1908RftbfEvXLZdNg03TNMsw3yCCyVXCE5X5ioAIC4AY4J6E5yPPtQ8Z33iGwHiLxrrEV/cLus4ZZYld7W2GVEEURBXanVTjtngc1yi6Tc3JVylzNMrfdjicKVC5JyyjK4HyjgHpjlmrt7fw/psXhJotWjihS5uXn5VfMiWLced4BCZHzEDaSR1AzX57xxn3EueZc6mbTxVShGpGUVKm4U4S05XZJRum7JPW22rP2Dwq4L4B4Mzl0+GcJgMLjqtJ051YVFUxNWnHklaU5TlUcLqN/kzxXVPF2lwmU6WbubYcIiWqqpDcZyQMKTwBjjB9qyNKu9U1WS5ggiS1D7HkvHRtwYkZGPXnpg56gda6u+1DQLWJ/stwk2JSoRbZFUhR8ikgFtvCksOAQMc8nn9D1NmuL37JZ3TtMok3Ro2xMdeMcAYzjHAHBHb8gbaXXdfFfay7rS9kr7dbn9Eyu6m6s3vZ8qv03dv5b30vpY7Sz05LIGG/1O8uiikMtuHjXDYOC644yM85PB5HJPS6Fo8scUsul27PcvcDYRMkjYLDKkMzMueCX4I7kZBrn7TRdRv7See7uWWKZkLRpIiSKjdFByCWy33cA4GDmtW0lvfADtc6JcxXD3SKGjuWNzJF5n332fNj2K5IGSM1lOUkklZfnZ2W922k9mmmn00OmlJ3SkrRja3V2sktVfmv5NO/S1jvdQ0D4izw+Sq6bYI8W95Z5EknUAHLIQwwD22kYbpzjHjmv+BNSs7X7Zr3iMyEl3ijtQVUtncqMBy3bHBA78demu/G3xI8RTRWWm6fcSvIVjM0Fq6gpgAsZGj2qpDcYJxk5wOa29e+EPiK00f+2/GOvizhl2NFaR3UburEbgjxB9wYnuox9QRWUJ2aTabsklr7tmnbpv322e6TNKqc03GE7JJ3k2opu19dE3dPV9r7uz8r0I+C9O0xZr+OJ9REzF551DsVzySo568gsCw7+h30+J+h2SfZrLSzeudwRLaAJFzwgcBARjCkHsfbFZcWieB7KA3F9epO+9vlkcZJbgAIhO3ODnIHHYjladz4p8N6Tbv/ZGlpPOwVY9sIw+WKqRIwDbiOCeoA43AV1RjOTi1z3dtdIp7au97t23e99zk9qqcUpShGLuna12/d3V2rt3d90tezXe+E9ZvtbivJr+xbT43c/ZbfYV3AfMCTIFwACOAMn7vLcVNqOoJFJtjXcw2qTk7l5B6ZKhcYOOd34kjm/B2uah4ii1K6niENvbOkKLCxxGSoLK2SDwDhiAP4sdQTXv7krN5aHdkNuKgluCduMcfr7+uMKlJptLeOjV2nZKL020u7bJd7XZKrwUVJyum2nK9rN8rtv02uktU9k7nRxaihhkJUh2YqCW2s20jaAuOjDng4HQkncK/R79mX9p8fBT9nT426Mq3B1j4g239h6W9vcSwNaB0KO7mJlDEggEnjjrhizflhOl43lT7XSGMglSTk7cnCjHIABOOeBkjPT0q1t9RXwg4UzSiecXBhLERbCwy4HTzDwB34BHAzX5V4lcOYTPsDhsLjrzoxxeHruLvabpTjNJpW0bitrLY9fKeIqmTzrVMNKKnUozpqT1XvJLmaSa5l0uul+9uq0rxhqVzcXF1c5uJ1RoSwmYMQ5y5LZBd8/eJJPRsE8V1+qeLPFWqeCpfCNp4p1X/hHmuBP/AMIw2qXLaWLg4zKLQyiJWHHKqCc9uDXhFjaX1vNHGFaMSMH272DuXA+Q5xySexJx8wIzz2mmWWppeG3iQieTAS3RGmnL9F2BQ7bhn3yepGBXxFTJMNCWH9lTpydL2fJGMVJR5eVxa91KLT12Wt9Dx459j51qrdab9o2py5t+ZJu60TvdaNu9lbS6Oae5udMvIoVCwXnlbAQzvz05AYnkk4xz368n6Vvvix4r8V/DrSfCWreIS1polobHS7FS0SRqXEknnFCBIFZRsDbjwM5xx4Pq/hTxRDfx30mgaw0rK0YmmsZvIaQAkqXMe1SRnGf72TXU6Hpeqtpk1mdDeTVZllltQSVAYHDHB2jA5H944yxPG3TOcv8AafVpVIwhONROLel17usdH7zTStf80YU8xxNNVFzSkpJqSvLa0f5b2lZaxtb8jGk1rWbGRJ/7Zv3CqIkhiv7hYUC/KSsauFAzzt6HscZq5Z609lci61Sxi1qKQF2iuhIQ527gJJVHmEDg4Lc8rnOTXnE41Wx1Oa2vomikL7GhPISQPhkIJO053EHAUkkhgdpX0ATJBCkcts4jMKSEsxB3hQAScA4JxxgYXjnGD9JhcfisuhBwxMpLlTUFN2V7bxV+177vySseeoOq5OpB+9JO7vd7JbO931vey66FrVPinqcAjg03SNG0S3kwVtorYOJCvypMxdcttySAecgFgarr4x17UEX+0NcuxHJgyQ2CJAgUgfKTHg4PIxwB82ODxzmsaZeajFbT2VkZb7eyQpuyvl9icdwOc4Jb1HApmmfDjx1qLKWmi02AgOxdhgAgnAOSeF7g/Kc4+br9pl/E1GOFhLEYpwn1XO72bja/du7beqXVHfgstq4iralhVO9re6rO3K+Ztx19b7etnfl1PSIN2+F3mfJE9/clwefvHexB+bjjjOcc5FcjqHjGys3Gy6iBLNiK2QEZYYI3EDnORk5AHTPNel2nwStpWS51/W57jkkRwfMuOQc5IxyRyDuwRkE5z6no3wh8CWtqnl6K95NLja9wc5ZCPnG49z97OABnjHTDF8Z5fQ5rOpVaXxK6j06Sdu3pv0PqcNwjmWIaSjSor3bJtafD0V03e7u2/ktT5W04eMfFst9ceFPDHiHX4tLha71G40ewvdQj0u0HzG71CS2jeO1jCjJaVlUqD0Oa9R0/9mr42eLP2efFH7TVtp9g3wn8Ka6uiapqtxqVpBqR1JmKmKCweQXEqxvgHbH2ODxX2z8NvjL8Tv2YdC8f+FfhBpHhj+z/AI46OPDHiaK/0q1vr2GB08knT5JYnkglKMwwrqCcH1I2f2S/2Afjn+2Lqvin4BeH/GmqfDzw3pts/jTVLTxDNfaf4e1F4oZruR7PSv3aXc8j7lNyImiUFdzbQcfPYjjahNwk6tKjTdSmnzyU5yjJxT5Ixve/Mlqr3T0tv6cuEp4KnVlXbc4Q5lJO0bKMW23ayV7q6drWvurfkJBo0lzD9qfck+FkhVwS1yrDKlFA+8D17+xJOIbyGC0kCxrILxlHmxMvQnGTgZwCBwcgDBPXmvvX4Sfsnv46/ah8J/s2axr8unapcfEm5+H17rFuDcxrb2F0Ybm/tSpYNA8cZ2MWJDMu4jv9y/8ABTz/AIJXeG/2Ndd8GXvgrxNPqvh7x/LFpNhYX4S58Qfb9PSMXl4bePe4iu5XzCqBQRkd+McVx3lFLH0cE66lOrT9rGUUnGMXG8XUtZxTV25PR2d2edHIa85Qgm4Tq80qMWmudQSu4tWX2ktbc3RPY/Cs3KJEoeXazJ84YAlWA+7zgjO7nHXHOOFrnZ9T2PcLlioXAQkfPnpgDkbvvfdIHGeDk/TPx3/Zo+Inwb0HQPFPinRrq30fxVafadKvUgMcMWxQwjuhIoKXRB5iJ4ORyenyMtpdy5kALK0ZJfIwMHouejce2M/ifocrzXC5rho4jCYilWotySnTmpxlZqL2bUmmmtE0teyPNzXCYjLKv1fFQcJpJ8soyenu2lyP8LefTVey+FfifY+HfCWqeGoNIs3uNZvIrq+1K9jE80UMHKQWpYMYSxPOwAHjPQEb/gnxRb3Wo3VzPDwzYiCDIAIC5DMAdjEZ479sivnmHT5U8yUowMgIGTnJweCOc4B4yDgEc5GD7J8PdKuFEct8n2exV1ZznLOqtzhsDg8HjIJzzzivI4heEjhK0PaLmqK7inzXk7fZvs/iSSXbXU4Y4uTjBX0V9VHpaNtG0urt6uVndn0poWhvrk13fXUcdtZNjazHbI8LLlvJLccfMScEHtxg1gT6DoZvru2jugfKBWNC2FUZO7zHUqQSB83T0HIrmvFXjSWKO00zS2lFqnyIFYKcDI3MyHJGTu2jCnqRgc8La6zdT3k8IOFbDXDFiWdRje244+YnPcdenGK/N8NlWNanWjzxi1aEFFWcW4yTbfd2fa1t+mtPG0o8sGrSvb3l3alq9t7dL2btqe+6Muj6DA9wFguyImEUKMHjjfByWEhwwIJyMH72ME1xXima21sTX8vk2jPH5UaQEIrYGcyHjkHpnkDA9K5X+1Vhj+zW+5WuJFQh2DMEYdWOSVyc5wRyD93rVa58wERTlZI0QmNVbgvtBOffg5BHOTk9CejAYDEYfFRxE51JSktm3yq7SaV7WikmrdkjqnW9rTUVyxilF+Wtlo9+mlm7X0KVrAtvEsQcN5h2k9SqH5SQSchcKW6Z4A4BwLswaG3/ANHiEijd5RzuBJBzgjrj1OB/umoNGha6muHdAm1cIjFQAuCF+UlVyT05yDyO5rqUgitbEzHBlYvtWQdVCDKqgGQQWznABGeQxwfpakr1FFxeySslZvRp33bT1enez0PKqx95RjsrLlTd1o36Xd29W+rdjkLaN5CGlJVnIUrgZRR/eyu0ggYzgMM5HJJXoRBGIkwo2BggVCGLjAz68HPLEDHPCgGqyyQyQxIoBuZXWOKGFfMmmJbAXaqli2ThduTgj2r6l+Cv7D37Un7Qup29t8O/hb4kGlyqhGtarazaZpcaMSPP866jjEoQHP7vPAxgcVlV5Iq9WqqcU0/eaV72btfVtpOV0r2XTc7MLleJxcoqhh5zbUU5cr6qKTbtZJXveT76JWPlC9eytG2QlI0ziTJyzbm+ZN3ruIPBY4zzkYG1oGlaz4t1OLSPDOiav4jvpAEt9P0ezub2YzMdqp5dujFiWPJIweCTzX9JHwA/4IAafZRWPiH9pn4jRy2sQW7u/Dug4gtFBCu0F3ezlSu3JV2R9v3uGGcfqL4X0L9hT9jnT4tK+GXgnw7qPiCyjAjk0+yt9X1SSdAoDPqk8chRmYAuBKBuYDPWrw88Ti5KhlmCxGNrtpKfs5Rj9mzb5W2rattW6Xel/eo8Kww7VbM8XRw9Jayp88ZTsuVvf3V6JyvZn8137Of/AAR1/ar+PUVnqeteG4/hd4cvJY3k1PxIm28kt2IJ2WIKXCMUb5fMRQDxzxX7U/Cr/gkh+xL+zFZQeIfjd4jg+IPiaxSOVotbuIUs0mj2vtg0+Bt86Ky/KJUfgcgkmvY/H/7ZPxT8Y+bY+E7ODwPo8oKJLEBJqDwncASQNsRA7p3Py5wQPl6/t9S8Q3H23xDqd5rl68hdrnULh58FsMyhJGYKCcgBcgAdBgGvuMp8NeI835Kmb47+zsM7Xw1BfvGmkndxkraXveX4lVuIuHcmjyZbgo4uvBJe3qpNNpLVXXdXSUY3d9Vs/rvV/wBtX4afC6wfwh8B/h3o2jWUKpa2mpJp8OmWBCgJG5SKKN5GA5DSHnAJA4x81+K/i18W/inM8vifxjeRadMSY9P0qZrezKMCdhaJvmC9CH64Jx2rjJfDVncQSJNawTrzhDGm3oQShHII429CAMjtXOT6TqXhGRrzR/MvtLxuu9IkJeSJP45rZiSTtXJKnlumMYx+o5J4d8O5IoTpYKGJrxcX7fEJVJuWnvKLVl1aer6LXU+XzHi/NMxTjLEPD02v4VFuCtaK5W077ae87NdNLHaab4Zs4VEihXlOXaVhvlbccsWZ8klsknJ4A6ccdRFZRqgym1gdxZyMEgdeoII5ORgdyTnnmbPxdoUukf26NSsrOwiBWee/mS3FuVH7yOUyldpjK4OeDgV8v/FL9uL4L/D5ZbCz1pvGGvAlItN0DbckyqT8hmTdGQWwDg8nPPPP3dL2NKEYRShFJRUVFRtayVkrJpbW8tG9D5OrVqzk5Nybd95Xbbs7OV9k2vPS7d9D66eJYg7BnZiSyhQVUBTnduHCgEENngZ6gtivDfil8Z/hz8OIPtviHxjpelanahpVtYrhJL6ZVO4xfZ0ZnO5Qw5U88kYOa+A9f+OP7Vf7QaNafD7w/L8OvCl0TDJfXKmO8eBsfvC0gV1dkwcxnOcBeBmm+FP2KdEt9QPib4veKb/xZqQRZJftt3I1uCy7yRJcMOAS2VBAxwB0FdNHD4jEW9lScYbe0qNxik7N2v5Lp11W5hLEQpJKc+aSsuSOq9G5aW/u3aZ3nin/AIKEXXiVRpfwU+H2reJdZl3QSajdxSmzjkyqCUCNPl3EhgH4ySTnLV51/wAKm/aY+Osv234yePL3wxoFx+8/4R7SZTbssLjcI2EJAIUHafNPTIJ649fuvH/wR+BlrJpHhuw017gqGhg0qCOW4d+hElwQWJYgDaG4IAAJ6eC+Pf2nfHGuLJa+HLaTRbOYbVAw12InwCWYjMTAYJJKnkEHrW9SWX4OKlisVGc1a9OE1Zv3dHr5rVPW3oh0o43EySoUZKMrWm1slypu71tp0TWm+mvtGgfBH9nX4J2ov9Qg02/1W3/eyXmszJd3c8g+YsYHZgWc5I4JJOCBggcp4o/aj0nT5LrTvAmkW9qhicR3TosMBwPlaO3jCkHbjAZRkjOQeD8O+I/FKNdG98T67cXsrozyRCZp5S5B6klo4juyWBxgdSPvDxzxV8ZNE0G1VbZreO73loBGReX0qfwmQgPHGOmR8vJKnGePGxXE0YJwwFFKyVpNO6aSWt09Gu669Nz1aWUeztUxdVJrWUXLrZe6krt6WvquvkfTfiPxx8QfHMhk1S+uxYs0jGa8m+xWCHJJypZMqB6Hke458R8R+O/AfhqOWLV9efXdUidgmlaTzb5XqJZ0yG54XaxJwScc18n+NPjD4n8WmC3vNRu7OyRRHbWiSsrzF24T7PDgOWzyMZAwM7cZ2fh/8Dvi98TbxR4c8Oy6RYsVabXNbU2yyI3LSRRSqsso2/dMYOenXivmq9fH4+V6k52dk4rma3i3d2uvJrv9+zxWDwtoYakptWV2tHa17vu2n5te75nReJvjrrl0slrpUCaBpQTatvaA/aZFyQpnuWGdx4yAwwMHryPKbUeN/GeoCPRbK+uCznzpLaOWRVyS3mXV6w2gYycFwSQRxk1+mnwz/YG8PRW8OrePNTufEN3bSxvdRszWGixkHLFncpJIBg5JUjoSeMV9Ma94k/ZV+CuiLY6te6BNOtnJatofh6OOaVnAYIZpoNzFsjlpW6n73pyYnDSw1L2k+W/K2r6u7tq33XrfS99Ea0cRWrzSqSdOMpR5YpWdnbWyWiWy7vVef50/Cv8AZLuvEE9pq3if+2NbuCDN/ZenRTXbzBclsMgY4DblLJ1HBzwR9aT+EvDPwl0mC91bR7zwZCFKWsd7pbx3l6qk58l5YlBYg9c575r9ev8AgkH8ZPhL4/k8TeF4vC+jPrNlqL3mi3uq21vNINEnYqLaPzVLllDEtjoDzk9P1U/bj/ZB+HP7Qv7P/i/SIdH0Sw8TaBpd1rXhzWYLSCG4triCNpjaho0UssmPLUMxAwCFycD+SeJfpC1OG/ED/VLMMjeGwca1Om8wnNK8aijy1lFxcXDV6Kd1Zq26P1/LOB8LjMqw2Lp4uU62Ig5RUYRcVOySi5NtrVP52d7H8busfGKJrm4tfDFmI7GZCv8AaOpDzLmRnBBZIyCsZySy4AxgYPyivHJZdR127llubyS7kLsx8922rgkfKgLKuAdy8f0xoeJ/Bup+EdWuNJ1KJ4L3TbqbT7q3kQoyyW8jRiQAgfLIFyAcgjHA5p/hG1F7qQtgVQSSlCSOEUdSCACWAySe+QBxmv2v+3Pr+Fji6Vb2lGdOM4+z+1Bxi9GrrWL6vv2uuGnkaw9eGGdO04zUJOfRc0VbXo7vW3o7kPiTw7cL4Nv9SjSVbe2j8tpVjbG4nHDgHj6tjpnjAryH4dyGDxLpwQs4knVt7YMnoRls5+Y5POORkDHP6E6uPC2l/C/UdGvLuBRcW8rTNOVAU8gPvXLbsgDAIJyAD0z8HfC+yt9W+IdvYaRItxHBPKEZeAER/lc9tmBjoAQML0xXn4DNK2KwuLlKlNKm2oyaavZK3deTXktrn0WIyOjhMTg5c9JuSi5KMl7sm03pq3ZPrbU+jPHSm20eaaNFiSaHyzMyrlnX5SSTg7hxxg8kAHIwfDNO8E654surWy0LSLvWrqbCO1ujNDGxI5kcDaoHUlzgcndwTX6BXngLwJeR2B8Y6zC1tbRLLJplpKqLMQCzCQ5BQg43HBJyepUAVNU+NHgPwHAujeCNEiiRVMS/Y4o1kum5TDXIAc7N25mLfw5wcDOOEw+ZZpahhcNWm+Ze+4vk1cetkmve1u7L7zxeIauX0JylWxNKFOKXNGM05N6c1oq6eqfne91Zu3AeBv2V7dLO1ufiLqkkHkOkqaFprKNu1smO7uAdqKMANhxgBjjjNe6ah8T/AIZfBi1jsPD1vpFrMsQjNvpMEdxqDhUKqLq/AZwSQS435z1wa+L/AB58b/Fmt3kkJ1c6dpsigSWenMfN5JzHLKpDs7DgnOBgDjPPgmo66bprmEt5Yds752L3U7knYqnLN82SoVcknAGec/b5b4axlGOJzesua0X7NJLRWlZ6X00Wi6W03Pzuvxdh8LenlOHfP8Ptqiu72SvFavpfd3vs9l9R/Ej4/eMPFMk2m2Jk0WzvYpJoHjffdShwSMyknymdTkDdhcDkY5+Yp7nUGhkXV7ieJ5wzSXdzKGlJU53s7AuMZGwKeDnI/u/Q3wc/Zi/aW/aCuLGy+H3w81K30SAKj+Kdfgk0/TIY3K5nSe4RHnRAA22NjkE7T3H6z/Bv/glh8K/AD2evftBeL5/iX4hhCTHwjpLNFocUow/kzSKRLIoI2kH5WI9ea+woyyjJIexwdCEp09LUYqUm042bklu+vM0nbZOx4ksPnWeVVWxNSoqVR6ynJxpxi+W9ldK22lra6Pm1Pw++FXwv+LHxe15ND+F3gfxD4+unnWOO+trS4XSrJ2wrSXOpSL9niQD5mDSKNoIIBGD+uPwY/wCCSunWBtPE37UXj5UnLCcfDfwgVnuQ5IY2up3ylk2tkoxicHqQP4W/WjSNR8P+B9DHhz4d+HdB+HXhyCJY1sNCsbezupYVGwfarmONHllK4Znd2bdkEjOa4XUPGemWzSyW8ourhjh5DIJrmRzjIw+5+uCduR37E1tGtnWbcnsISwlG6vKX8Rr3dYu2lk3a2m+urZ00csyrLXOVeccVWW0I6Qi/dvZLl6pK3da3ubngXwv8PfgzpKaL8GPh/wCH/h9p8UYjGowWcNx4guxgKXl1KdDcbnALMgfC5OBkVieIPFdsszyahdzX98TkefK9xK8mSwO0lgoBwNrDJwBzgg8n/aXiPxTOILKOa2hZtuesgDYUljyV3DGMFsdgc5r2Hwf8Hg0sd1qFuZ5yFYtOC2DgE55JZic8ZHoO1erh8goYa9fGVXXqaN83vNtKLbd2+2itv95pLM61SPssNSVKFkrQSWlkk3K19F5N6vRdfGnvfEWoOklzpt0ujOwLTwZkmjjPO9kC7guCeAMbeSGODXuHhDwhpNxBHfWpTUIHTO8kNLGQOUkTOY29QwDZ464A930zwvp+mxBHtYkiVR5gZV2sq5BBABJXB5GOnqVBrg/EemaZoFzP4g8MX1ppE0CmW+tJ5Fi0zUFjBYowchIZCM7XUDJOCT1r0I4qEU6VCKhBKysrJ6q935bN6ps4J0ZTkpVW5NtPd8tny3XXZNau3TTv2mg6TbwsDLCEjUEICVDABcYKgZ6cAcAkZ5Jr0FPsUMAlKpEijLySBUiRVz8zMSBgD5t3HfsDX52eN/28vhl4atp9M0fTdQ8W+NLVngn8P6JGbgQXBLIrG4iDRmFmGSxJ47Zr5t1DxT+1T+0ZKItV1aX4R/D+cljp+nuyateWjH/VtKdskTGPIOCvPfjB4p0qtaWjlK9urXbRt3VkkraXu1bolSdKko81lFJeTe2jXXfdWWt27Jn3N8fP2v8A4HfDG3uNE1C/Txv4mdfKt/C/hzN/fGcgqoWSDzGt5Aw64UjluM5r85rn4pftafFKC+fGsfDr4OS3gaKOPJ8S2enyP8xVj+/OyIk4ILDBHGAB7z4B+BPw++GswvLPSYdY1h1L3mvaz/p2oz3GSxkMlwWZCWbcSpHIXPqPUr7X7e3s5I9kSxsCsqNt2NHyCpjX5QCD0UEdgAea6qeXSnBKU5KSs7J2u1yt3forWXnprrm8bQhP3I3i2veck9Vyu9tmvPV72srI8++FXwG+Enh+O18XySf8JprV4v2j/hIvFUg1G7WTOTtjuCywyK3JxtKHK4ANe2a18QdH0i3MNiiNLGuFb5VhUKF2rGgwqhf7oGSOnTFfIGpeL/8AhEtfn0uOcromtF7nTxlVhs7tsmSBVJGFcnKjld3Az0POaz40RVk8+8QhBkElUj55ByW9gSAfUdea6aWWRVnJvRptX1ez89LP5bWbInilPZuz189XHTaytd7ptO2h3PxL8Z6h4kRx9pCTwZntHReYpI13AqcckkFSR1BPHArw+P4i3up2mJrhlurbdBdlpMP5kfBY9DhsZxtCjI+UcZ4nxT8StOs1kY3P2m4IYRxQksBk9CAQc56DvyoPXHzLrPjnUbm/vZLE/Y4ZvmuHZgkUZAb53ckDcFDA4YHJB579ar0MLu4+6tuZe7blsr2ej6/8OcnJOpKyu1fRJbNpXSdrK+6t19T6n1bx3ZWiM81yCxB+XdksR689TzgAjGfdseP+JfiC9xZzyJJHY2Y3CS7uXVFVSG3Y3Hng9ec+2K8GTVte12V7TwxYS+IL1Syz6jK/laVZgkgyy3EjBXwedqsCVycZya9B0fwl4GsYTq3xY8Trrj2C/aLjQNOuRDpkKqpchpAwExjIJMZJ3YwBwxr5bMuK8PQlOjRl7WqrPkprmsm0tXeztdb6vroj18NlGIqqEpxVKnJq8pKySaVt9ZNrrdK/lc4KLX9R8RXMln4P025124JKyaxebodKtCCR5ouZDscIecocNjGNwFcj4gj8BeEZJtQ8d+LIfEWv2xaX7OsgOiWDDnyYVVgbmZCNuBuBYKSBzXhnxi/alfUb7UfDfw+tRpuhaddSWulw6ekdpHLESUWad4VBdsZ7sDjd3GPn6w+H/jT4nXttNd3100W4PNIxaOyhVj84Bc4kkA5yFOTyS2Ofi8XmmLx9516kqFPRqKb5re7vd6Ndl+J6dPDYXCycacPbVbpcz2Tsr9bO2um+l79V6V8Rf2p/EXiFbjw14EjfSNOcNateW0bpeXkIO1VgWFVWCNgf4QAVwGOenjWnfDPV9eH9qa3LcWMMrmaa4vZ3a8mY4LEBiz5bJ5BIBOOQa9uGg+A/hRKyvarrOvpGqrLIUnEcm0nhQWRQCAM7gABkniuIvPEOpeKtQLySCztpHKNEmMkFuEULjEeeMj7wzxwufIq5hSoUm6OjW85b2utbvdvo5XV/U6I4edWpaq3JP4YQTtG9tLdezbs+xyX9l6Xos7x6Bam6mTMbXdyu6Te2FLgldoGASD29Mmuj0TQ9Tv7g/ahPf3T5xbx79gDgAAkArtUY+UthjngYzXsPg74aT6tc28NvZXN80oXKwI7s5JAG99pA6gEA5weMd/v74Z/sqajItpe6xbx6ZbShCLaFA11KM/KXYfMoYnDYK4zjivyXijxAwGXcyxGJSl0hfmm7WvypO+2y/wCCfa5Hwhi8c6bpUHy3vdx0jdp3ctlpru9Gkrta/Efg/wCG2t3piiSykupgy+XZQJvUMcYLvkgAZBPXAwMAkGvsfwH+z5OYo77xM4C8Oml2652nIKhyGAG3gnOMkk9q+3tI+Gvgz4cWLXmqSafpFjHCxluLkqju4G5t0rH0BHynJ+ZRyAa+PvjV+0rpFs7eGPhNZPe3xlEU2qQhmR2ckBoi2S4DZAYdhu6lcfj9TP8ANuKsVKjltGrSwl7TxM1JRjG695t2jZR2Su/PY/RKeQZdkVBVMdUhUrxslQTUnJ2jZONuZ72s9Fufon8GPhD4TjsIJ7uSwhCqFh0m2eH7U+wDDSqp3MWByWwygMckDBr2jxL408GeCEOl2kcE95CjbLG2ZAYZANqGd0G0EHrnn5SeCWx+KPwxs/jD/aC+ItR8Ta1o7zp++dbudrmVJNpKRwbzHAhUYztXA4GOBXo3j/44eF/ANhcw32tS6v4gnhbFqtx595NcBcb7qRS5UFh93J2nkj08yXhfVzLNqX+0VMcnKLlyKTXM+Ry5pbWT3tZK3W6v7VDiuhgsvm5U4YWPK1Fy5U2kkl7vW+is010V9Tzv9qTxfDf+LtSaZo/7Q8SXqEQhgzJbxtgBiBkYCnC9CRjk1xnwr0FZbjzJW3LDOu8puOBkEBQD78hTg545yT8pa14q1rxx44g1PUjIBeXCtArOz+RGH3LGhJI5U/M2MZyBndx9ufD+zktc28MirJPFEUAwoLMnzEk98Dgjj06Gv9BPDLKp5XkGDy+Ul+4pxp7XStCK5U/Lo7Ju9n2X8v8AF2PjmGZ4vGxXx1ZNNxu3dN635d5O68t7ao+mNQ13wJZ+FZLXVLGS81yaJ7exMZIEb7NsbsQSDtOMjPTIzwwPzHDCb7StQsLhWFo+oBbi4D4eIFuQjdFYDIyDj9NvSahpOpLqCW007iNWLnDGTackkjB4z0PPQjoMZ8n1y/uoNC8UQ2Llp4HuWtozuBlnCtsQAYfJYY2jJ3Y6nIP6NXy1Sw+JpK8vbQmpczva8VzXi1dpvm0em1uy+Go4ycK9Kta3JUik0ktVJNpW/wAlvZNakF38RvD3w7s9V0axuI7a0DyyytPdA3l7KykclGDbO3XGBjA6j5K8QfGzxj4z1mTTPCcF5eN5jQxsjyG2iB+XLFTtKKCTluuchgK4vR/hT4x8V3k+ueOL6TQdNa8kd47uWT7XcRBiSlvG7ApERhc7SOg5IyPVJPFHhfwdpw0XwhpqwsjiKa+2L9ruJAoBbzCS4VjkHlsZbgmvzLD5HgqNWUqWFjOupS1lFcqlzL4nZ2aV9P0sz7P+1K9Smp1KsqFNq6Tk+ZxVuVKz0033SV76jdG+GuieHYj4p+JeqNrurOy3EWlCXdDFIwDiNxlizAttIB2jk4POXeI/inqeoWw0PwtZRWVmwMccdvGECDhRGqqAOAp3NzyQCSckc5b2OveKJg1687SSufKiIztQnhumFLDozANjgsGzn6i+DP7N3iz4iaxY6B4N8MX3iLxDfSLbwW+n20ksdruYK013OFZIE5LF3IAwcFQBn7XIeF8ZmeJhToUJV20uVRj7kbNapJcqtbS/a+5+e8X8eZRwxl9bG5jj6GXYWjTc51q9WnTbUeVttyknrrZLW60TPmzwt8OtX1q4W+vZZCN6tK1xmRy7c4ycjK9PU4xxjj9Kf2cv2I/iX8ZJEm0XR20nwvaj/ib+NfECtY6Fp1vHgyXCXFwEjlCIDgRNyeoHJH6CeHP2af2Xv2KvDNj48/bA8WaZ4i8X2lut5pfwl8P3cM8r3QTzI4tUEbFw28ASB129eoO0/m1+15/wVH8d/GiKfwJ8MraH4UfCKxL22m+F/C4XTnubRCY4/t0tqI2mdkVd5YsOWyCSQf3PLOEci4Xwkcy4pxEKailKGGUo89WUUrQpwvz1L6PmjFU0/ttn8a5r4y8deK2PqcPeEGVVamFnN0cRxVjaVSGXYaDahOrRuo+1lT1cY83NJ68ltX90eJvjn+x1+wVYy6d8PrbT/jv8erOBopPEmoRx3PhvQ79VIL2aEPDL5EvKN8x6em4/jL+0t+278Zf2jNau9c+Ini+9u7TewsdAtbiW30ixhBISGCyjcRKqDCKAhPAADcivkHXNa1C+W6u5JJWM7lnmllZpHZuSzux3kk8nPLNkkkivNri6mvJ44FLMmSrMW/1jEknJ9WYEAHHT0yB8TxT4t4qtSnlvDlJZVl8VKDqUZL6zUguWKc62jinHeNNRWru3Zn6n4cfRkyTJMbDiXjPFYjjLi2ty1amPzW9TD0Kt4ycMJhJc1OlTi/gvzS0WvQ2tR8W3DXBuYysjwqRtkw3PzAggjGeuS3U8DOAKpzfEu5lijthp1oWG2MOVCsEZQu/gDvknnggHA3HHOanpVzbCZ8YVVMgUNgvgcZPPA7jOeg+vn6SYvYfMYgmXD4OM7TgfQc56DJx3GR+K1cRUxUpVKtWdScpScpzlJuTutW21Zt8t29L33s2v6lw+G/s6MKVOCpUo2jGEYqMUo8q0torW2VlZaf3bXiIE3RYyIzzF5AATj5yCFbsoUEDBODj5gvFcyIm3KApyWwCSDznksc4wedv4ck4rd1yRJbySWNsRsoEe1c4IXDEkA9duQf4ucdqx4VYsrM24KwO0YU4OQc7eMcDA2nAPpla1ptKKT366ptLS99lppqnbTe7ObEVE6jtZq+vntrq7W2V03bdbu8DIQUjLMQHO44GVHHTAGRwAfb6Uz7K4bcjMdzP2GQAMEc46qTgHODx9dgyqW+dRvLAKylR1/vAHqM8YI4yAT1oYoPLBTO0sGIAwc/TqOgBxg9M56jlJNcur6Jp3T06dfLXVNp7tHNJ3TafLorO17emv3a+nYwfsLylXfciqSRgAsxOMDpzn+8p77gMAA+3fDLw6y6jZakzbR9pRI7dgQ5cEZcjIzkeoyPzrzF5UCuQD5jlsZPUD7rcDg7sHk59cZr0PwL4juINY0i0cgJ9qiRBgAg7/AL24gEkjrjgeorpwyc6sLq3vWi27r3Wm/RpPZ2s7anNNva6+FNOzu3o3a21rW1177Jr75sE8uOBNgUsTnGT2U7enUkkn+6CBnJr3f4a2xTU5WBKhYlKZbAPTGORx04wWznC4znxHRz5yQv1kSVDk5O7dgfLycduOenXGc+4eDBKl7MYwU3wBjzyM4OFBwRnBIzkDJB5r6+kkor3UtI7JXadtXtdb9VbvoeZN+89dbpJdfdWtrae7Z9u6VmUP2nrtLf4ReNhxul0yJc52FSzMvzEYJOPuqozgjJ9fwUucsSCBlVRlAB+Yheck44Izz65OBnA/bf8AamuJofhN4td5M+ba20aoykuDvx93GSRzn8cHn5fxOuH3qVRMYiTJcgHJUZIwM9OORwcjHJI8fOpSiqUU2o+zvFavVyStv1ab0s2vmjXCpzqTeukopvS9rJpaLV66aNuyv5ZheQMBEWBdgWKqMKeMAEc8ggDJyMccZr23wV4l1+2h/s9LQvb3G3zJZV2YH3VYMcZC4DYAPzf8Cx4tAWE8cigbYSsrqQRuCNkBhg5PB4JIbkc8Gu3uvG80qwQpGIRFFsRkHl5bGBuCj7o9+uDjkZr4vMadbEUoUqcYSk7XctYq/LqkteZ62sla2p7+BqUqM3VnUqR5bWirJvWN090tU3sra/Pvtc1G3066he9WK5nblfKUcMGB52jPGdvcgk464qlN4qjWOFoVdY3y0gJUsCPmIB+8qjJwTjJ7jrXl15rMx3PM5nmZT5ZZtwQnJJBbOe455x8ozhc17GaaeOSWVZHDKRkMVVSOpU5wTnJIyScjpxjlpZe6dOKrNzlbWzSV9N3u9mrdrXM8ViVVqSnSjyJt2VldLTVu7u2k07W02tdnol74umnlASVo4o9wRiMli2c8jHHOAOD3yKz575LmFMIFkYsC28YkJU4GScE5wc+3NcyNotmAAkAGeh3r1IBOBjjJOB2z1HOd9pL7UMjIIzkKDkIARnA6kt06kY6AHIHRChCKTik9Oiul8N7W6q2z100V9VxSlJq8rJ3Wke7Ubq1n2dkr6dHdo3ZbQLGkTEBizPknAfk4AxggrwM5HIyBuxWXOkduAjMWmVmfYGO35s4H0GQDgnt0K8aLahHLAEIBaFdyudo+8OQepJBwF5GQBkZwaxJXhmbzBIQ4UlixA9BtU5HUHp1PozGuqjKV+VLqtddLW/RWts29t2Yydmk11W3S9l27N7Oyfa6vACCA5G18kbc5YjB7HA2jJ5yWAxjno5wNqnAClhhc5OepIU5zkEZByOp+kO+LzSu8MOWXgleB8wBxlmOf4ucZ685eI1nT5HC7G+Rc45P3tvI6+/3dvpjHYndre9veVmtbRu9bWXlpe1tS4pdLdOtrW5dLeuzXkrd3u8CB3GSTGV2Zzhj3ODyc9iTxx6VUBVidy7MKMHkZYAgKercFscfoeh5Zhkkd0IXGF6k7sDJz3wSwyeOnOTTJFZR5xwy42kHOc5IBA46jvhumDycUoNp20i09rvRXi7272aSak0nays2XeNrX2XS9tLPTdNrfq/xJo5ArpsUMZAEIB55yScEHBB5HHv61vWYBRU2Fyr85U5VDkHDckjoMHqP4scDk7aRvMUFQybtzY6gfU4Oeff3HSvQ7QwvD9oDCGMHAOACQAM7uc9MfNtHbOSdx5cQ7ct9n1SlHR2SvFtJXafe+j0W2c+Vq3XrZNbW+7W7tbdaKzZo2KwMY85jGWJjLZBU5w244Jzj7vOOgyK03vpLCBpo/KEavsjYncCpyCuAx4x+ZySc4FYcaRwqJzMrq4YRhTjYfmwxwcjp0GeCRg1kvelvkfLx7iRGOFyc4OD65wfr3xzzKkpyV7tX23973bJLVruvPVK9yVpy32T7tW2Vm93vpu9G0kdRHfnUS5gBjd3CqseCMk4J4AIBOPpxuAYqVoXEzxv8AZpSBMhJxkAAHhgQDtI92BGPaufs76aK4jmiIgCFwWIypJ+9wDySBj+70wDnNa1y8dyBeKwIcbJEI+Ytg7iB1A6E5I/hHQCtlBRsn8L0a1td8q6q7Xe6e76PTXma1i2m73Tv/AHdovzs1otr22LTXyTwqSBtiG3II3F8kkkDOSM9yRgcZJ4u2OoIrDC4zyA2MDuG54Hf69cdRXG2ocyNEjBoiXYlcjI3EnnHY4PPcZFbdud4KqwUBNvP8T9OuRwOBjpznORyp00layWzS0dnpe1k2kmtLfhYG72d7efpZN33S6baaJtq1+xTV45p1UuxQ/LIOMkjopHsBnOPXB4OJtQvxcRfKP9WFCk5XcMgdBgY4xj2/CuHRJLeUAdWBA25JbcSCSOnIPBwBit21t5rnAYMBHsYAfMxAIz8oz2bnHuMY6c01ThGU2opJXa0XTe/Ttvfdau5MnLpJa72d7bL5XvfXRNdWfav7PoguNDuUuSIbqVmWJHd0UqFzuUkhckc8EA/Xk/Q9r4VxazX1nc+ZNDiMAtsfYSzSYUYLDJxnGDwTwOPmf4cX0SaJBOlvcLJBsgQKu1gAPvxrgBiRncDuOPwr3WHX7x4o2dvIEuIU3q0cm0KAWkUAADAwWIyT6dB/PPEvt6ma4udCShTnVTnDS0orl05bPmvfa3zXXxKyqOrLllvy8yd9lqm7px3trbftu+R1Lw7CniCW9u2t9Qt2XyWiniVmVZMAgEg4wST0Jx2ySD4lffB2FPFN9c2eo2ceizyCeRFkCLC2/esaqhzwRg5G3GCK9/12609Z44knCylVMy7lkfIOWcMC3IODg8YB6AHHifiO9FtesovXNrdktuVSN7Rnau4AHaSTgAEAgA44r18oxOYqlywqyp+0ockoyVorlX8rSin1ilq9lubUfae9eb1jK76a2vZ6qyfLb8Ox9A+Ep9D0SxgjisIrlkiS3EZZZBIeVaRI3ByT1U4znkZziuh8ReK7XUdPk02IwadeRqI4spgQKijIUqpBdlBC9wByQMFvH/C1s2pLZzm9SLyvLwobZLKCoOVRiAQvGX6g/wAQwa6vx/rlr4b06C703TodQnRdk08nllY2ZdrhlGdz5xgtyuCN2evz1bAQnmUHeriMRKrBrmk1S5uaN3JN8qs2tLaq65tLPjdCLqxg5SqS5k9bWbvG/M03d3tbRp9VbQ+YPG2ga+sl1PLdRzwzO80Ds6uzIjD5mJJbIIwB8vHPBGa5T4d2V5J4in1KWeRILOF0nkQMMvtI+QkYXBGehJxnHek8WeLp9auLiYr5EUOVMKPj94SGIATAPIzxgYI45xXafDs28ek3RmulX7SfOfaFIJU4WN/7uejEc9txxX7BTWIweUxhW5fazjGmktrO3VNbJtefm9T6XB89N0+Zr3bXfT7Pe2u0fPW1h3i6SLVomgt5y2xmAlfCyzyFsn5yRkDkHJP4gAV5FqFld27qqx8KSsvO4k45JdTleTkkEcnGeMV6freqW6i4WGNEkWR2BcArs3HBjKZOCMHnn1JGCeGurmdLSZXZfLnUyySoVYKS303BsEkBeBgtgKMD0cqc4Qp2u03Fb+99m6eyXbX1vpYvEy5pXUrXsraK7sl6abO61sr30OKkhkhuFKZyWcybiHKEDoQcEDGMck5z1wTWTdKJbpJFLMqFvMxuBbJwHH8HXP3eSOcjNX3V5pokWVsSSMDIzN8wGAT3GMn7vr365nmtG2XIVikcSbd5IDhvp3yex5zjGD0+xoSfKnKyWivJ3smrel97Wu97bWOCopcr1036Pblt2ttrvr2RizO+FGNyR7wzDABThirY6nB5Iyc8AEjFZsc0El5zDmPICqoAbjuHwSDzk4JPJGOebTxkxzeS/AG19xIeRu7gDHB7DuBjPNV0niQxl4hK0HO5CFHByQ2epwPQEZySOc9MlLlfLfe+lr62SVr3TaS0skvhWquSm20pK1rXb16pdbNu3R7q7vqdNDDEY1jAaNpOsxCuApPTJwACeMlicZ6YGC7he1gOcTZO1CwBKg9Cu0kgE4OByeS3AIrJg8QRu4VgwQkCMBQFjABHzD+LHfOcHng1fGuBBNttxJtKYZ1yHLAjK8FcY9+D7Vx1Kc27u1lsnf4rxW9rWav36t2Nlqr335Xre13yppXfTe60116kqXHkrAwMiOT+8AXJOM9AeVAHByAByc8jF+0vYtQuWgkhZwqlkOMEycZDH5emOCM5BxkdDjxTK5MjsiSXCNkL8+wcnHOQMHIGDzgdOcLo8sS3V1dGYcBo4m4BLtkAhSBkZBHQjvwOay5KjTsnppZpLdRXd/zPVaKzvbVJxV7dbW+fwvr+er807220lMchiVFxHKpy3JHTkFeOTzzgYGR0r2Xwx4u1CCCPSrGc28e4SlJMEKAACwIwRk9CCBkjHQGvDo7oR3cu4lw7rv2rywIBJBIPUc8nAPQEbq6W11cWzvLDD8+AgJyWwSR2BIAPO44PAwVyTWMoKpaMlfVXTXW616O7enfpdnThcRPDTU4S5HdXer0ertbXXqtNup+vX7KHwd8FfHXW7TQfGVtNeW+jWba1OYJBC2ovE5dbaOQFXw2NjBT654zXrPxQ/Zd8Hn9oLRPCHglZPCiNZz6tfR6lN5wtLbT7JbgrEHJZXcDA3A4yTxwR4/8A8EsNH1rxH8aLy6N3OdK8PaIbu6jaRxEDK/yqSOML1wc4564xX2b8UvFdg/7RHxx8RQKlxF8O/h9r1z9smZtiXd3o5it1Vsf38qgPLMvYA4/VIZHl2E4BoZnVpw+sVsXKMOaK50o2Vk7X5V06bt9zwYZ5jMfxfLBe1m6VDCxdSKbcbycWpON+767pX0vY/IzxpZ3WmeK7/S5r1bgjU7za8Mm+N4ormSGFpChI3FUVivHQZ6VqWhCxxgMERsB2zjcxGCQOpwT6/wB36HzLRdVTVjFq0haSe5mlublmLOS9zMZioLEhQFfOR05wOOPSrTa3zHABxgHt1GQMgdM4IHJOSe9fB0ZW1iko6JLoo3T7LV630el30uvv6TleT1fRNtK+ibaS2u3v2sn3OhS4KoBACQMhSfmBXAUknAwSDjnocE5HNdHosEs7wrL8qu24HawVVJwSxHPfOeOgPBArE0m2N1I0aOqqEB24HPIOF7ZPHzYBOSRkV6A1zb6dapAQPPCnnAI3DopbBwQew6H0Jr0VeaTStdJa2SeqV7rXS9tFdPS2tjeHPOWqflJvZ3ir62d4p20vfS3Qq+IL4mSGGFmMNsvloqsQAyDljnghj1GcFcdWwa4tp5JJHkJIDZBQgEluOMHC4684OMd+ouX9wZR55b9454VMY4IX3+UAk5OMdASayAHdsI4GQMk8DAIyFGTk9vbnkdK4MQ2ot7tt9Vvott1pftvp2LU5RlaKTWjV7dbK6e6lbpayXkUfEN21pZM3m/KFcMoI3M+CMZBwOm7AwexzXy1r2vahb3btFN5KthApGZGLHAILHHI49T1r6B8XXMcdsYg3y/MxHykrlfU9SSSewPBHrXDy6dpWgeBr/VNX8OS6vq3igCHQr10kKacEmWNm24IMp6xrgggAjgcfK4/FLCuClD2jqyjTily6uVrO89LJXu1srWvqjopUJ1ublkoKEXJy8tLrTW7b3Wnc9i/ZG1K4j+J2k6hfiWx03QIZL6W5aDfDcTyEB4w4wjOAxzjJ/hAAxX7gWHxC07xK2naX4euGurBSJ5CIzEVnjQt5iOdoznBzhjkYI44/DTwn8RdI+Edr4Pi1OJ7uTy5Lu8toIEEoeYfJDeJICJScdCxwMqPmr3fwH+1vd+LPHOi+HYrRdK0aS4+z2X2GFIJvOvpVi8uVlRcqzMCzN91S2GAHH3nBmfVMsXJCPI69WDTldpax1Tbvdq9m0+258FxflMMzUo1ZxmqNFqKd9JcsPNJdd1qkrrVH7x6N4x8QeI/A8cmoaks8Phq11JrKEBJ7vckTZS4Vcv5ZY4Leg5z3+CfgP4T/AOE6+K+s6hd6dJueWSa8nmUsNgmYbYScqhwAVxhlz6AGvqpPB3iH9nPwT4w8c317a+IbLVfBwNzAszzJp82tQb0Xc7bBMA4wy85yM7eaxP2IJbW/0G91ee3Vbue5u5vP3AkLJL5iRtnP3Nw+U/liv6IpVaePwscQ5p80VNR2fOlFuy0un013Wtun8yTw9TLsbXoRje1SKttaN7vVWb5ovo9428z7NtfhJ4XeIPBpsyTeSEVmmZSCEIJDElsE8lcDDYyBXzB428Ey+E/ECyS22LR0lbMUzyySgtwWBYggkAFWB2jsBk19v3mrSPZgB/KIUHe3ljGQAD8vOD27AkAf3q+dviJdWcha5My3MkJCeUqiVsHBO0nOCMDCjGOnOBn5/MKqVKTm0lFabRTvbX+Zu+9n0Sv3+iyuMZVY8qvdxbdopauL00cm/PmW706H4/f8FO2tr61+FAltgkw8OasIxsKARBAD5ikAk9TkDnrxnB6f9kv9oD4qat+yH4N+Cl/BZQ/DnwT4n1HXdP1dbX/SWnaUFbB7hgfkU7vlD9OvzcHd/b/FnrXhPTdYhsRqNx4c8O31kUZVM0NxqKKsKoi5IIw3bK8mvmv4OeOo/A3wA8M+CJ7iOzutQvzqWpQuwE0JuX3BHDH5GCjauTgk8qO/4DxXXo1q9SF4twqU2rW1UUt3fR31dkkn31Z/T3CEIYXC4atVWn1dq7VtUoa3bteW1021bXofWPxH1kXMWyWcNHcQCZzGvDHZkKw4z0GSDj8QTXw34r8c+G7GWO0a6ae6kuSkqRfKyDI4cgEHBzj8c5zg+o/GH4oaLpnh+3uoNVR5mszaRxqwD+YY0Vn98Lnb2z0zX5p+IPFD6ghu1kUy/amfzIziV/mz/D025GBkgDHHPPweZZvXoQVHCx99QS5m72+HRa2b0676vTUrNMcliG4OMtW2nqkpOFkrNKyT3fmr7H6HfDP4h+FbvW0tdYd7SygLsky5USlQMAH5eTgAlcg44JIBrvvix+0iLPSF8LaLqsn9mwAvBHFIY49zDCRyEFWJwOSRnAOBwa/K7TvGl7dahYqjSiOIBVJJR8jGXAAVWAxnLEnd97OMVpeOdRm3ZhnkJkSNyjSEl3YY8w4yB/FwTjjjGcV+V5xhcyznH0KePxMnQi7qmlpo1rK27TsldaJeSMqGeVsLSnToy5W/dc1JqTTUbO2l2trt6rZbH0da/Gm5j1FNQ1O+Ju7IbrVkmYbGPTJBGOASuTjoc7skM8e/tDeMvGXhqPw7f6vczaXHMZbSya5klijZsF5gpchHA6EbRx1OBXwpfarf28otgzu0qqzEAMSwzj5jkjCgAYH4YI3VJ9f1BBIu9leFAS7ZACYI2he545wT1HIJJPqUuEMLOVOqk3KlZxuk2mn336LZRaOWWd46UZRVapGFTSooy+JKys21rorWsrHt0E08EcuorerJcI77ZCwYAMwA80g5zn5QMZbPGSMjD1fxLBq8Qs5AAwb/AFjgYaRR8xbI3bCMkfN1PIB4Hl8XiUyWJkSWRVVtpQkBnY4LNtGNw/u5yRhiRwDVaz1C3Nwm6QASEtI7nJQsclupwOTnHGACeTXuYfIpU5e0a5nFJJO6jsrba6PR+eqPO9pKTu9ebSWjeja76rq3vtfuzrrq5msk8wzMNpIiCKSCmeVBBPy456Yx97BIzm6nf2dzapCHLSMBKTKgyp3ZIHXdkksASc9Diurhk02709ZkZVNl8g37drAqqkDOMknk5J+6SpztJ4DUbM3gJgjCFnkCMrHDYLH5cnBGAQMkn8K2o07VPf5ocrsl7ybs4vvZ+j0e19DXVWUWvJXb7X1va95Wu7W0t0PHvFPzefJFJhQCSu0BpGzzsHIBPUDOR0yck152sk8lwkcMJKAEAOpJHq2STzkZyOM/Kc4OfaL+xgHntdIokgUou5lKM3QMVODlsZAHOe/IA4KK3itJJQrbt7naRh9pORtQHkD1AIGcE5PJ+uwdS1KOnZXv6NvV62te1nu/nlKnJPXS6u76buN7Xvq3+KersyjMyQwRwKGjkYBm+bCs+ecZ4AIHPY4Hc8aMcbTRxII87YwSRgFufvZJHBA64weTnNZc+mz3O+5+8UJXBP3RneAoHUAAfhnaAvFbNlaTrHEHLK0ikAYbCL3OTwAc8EfeOe4rqbXa+l2rJN7PV6LX59rRvqR5tE03dpbb7K1763btfvv2Wx4e8P3mpTO8ds5t43ySQSXLcKqEZ3MewBBB6YIJHdnwBqsc8U8kPlQkh9hLJcBSABuQ4KgcEnpgDLV9AfC7RfhxpXgFtV1nxhYp4veTz9I0lk8xEERG9bjBbLOAcM2fQ88nzTx98QptWnu/sbQwCNNiywJs84KedhwNoJwQB6HAPBrn9pJydm4qN+Zae89G0n5dLK2r13O/2MKcYuTu3q0rWezs293pa1vO/Qr2mra34S8qDSdXms1aQ/aHsJJElKycPG7RlcpJzvzgN8wOMZr9B/2eP2t9G+GXwI+O3wv8ReF7TxJqXxS0pbTS9fvg6NokYQhl2cLIXzvWVl3gjbkgivg34d2MGuwJe6hamSC2CyFi23zpASXAIHLD+IE8jHbNc98RNaNrcX66YT9iUrHJEQuFZf4M/MMDPzHGM4GBnFdVDPcSubA0q9RwT96KnLkV3HS17ardW2a6WMatFNe0t7ulpNNPRJ9bNK/XbS90VLiazjuStvKvls7LI+QwDOxOFxnIUHC8dBncOtfV/wAF/H+neCLO4vGs4Wm+zuJpJW2vOpUhURj04IB479cba/NqbX7iO6hJZkWSdXUICMsT/tDkjnHXg4J4wPerTWZY9FtUaU5uIlMhJG4kg44OMAZGMdSQDk4I4sVCrTnGom+a/Mu6u46LR3s7Weq9Ucd7NPfW6vqtWtLPVdLWjrq+un1t4r/aN1bXJF092jtbF+YYIywdQGyC5HLdtuTkgduc9d4M/aATTBBYyBmWABZnw+5o26sHyxPqQT16HBAr80tS8SvDqIMMzS+UQHYjLnBOMdQqg/dxjPPTANdHpnis2+biS5KeaudpYlyckAMBnBxkAA4AJ6bs1hKhiKk41G5uXutt9UknZpX0TvfRKytvv0xr1KaTjK6XZJuy5eultb/K61Vz9WviR8SPC3ijwTK1pKI7gwoiQTMf38svypx2IbBU4JP8Lc5r9sv+Ca/7Jy+PPCvwz8O3KTWOj3eny+M/G+rzLst7LQ42NxPZCRvlRr2OPYWY5YAcHO2v5TNA8Wrrt9o9m5eWWa+sY2SNGbMAuEBVoxkZ4ADY6EerCv7nNO8Ux/sw/sF+GbCyuI7b4kfGTwvpNvpzQAJdab4dktESWNWA3xko24EY5IK8gE+TxVmFXD5ZGiuVVK7jTThZNKVouVn03btdXavrc+jyaEsbiIOdmqdpJ20bbdk91aMVfRa9k9vhz/gpT+3Xev4n1KT4WTRaN4O+Euhz+AvAUEErwxoLeI2F3qkCQlY/MlZGCuBktlgTnNfjB+zL8FPjh8a/iLH8TvDniT7VofhSYeL/AB7NNdczw3MzSSWcUe4ma6uTuBJDN8+SME598/aA8E3eufDjxbqFwrSvDZyXUUbhi8kiM8ssrKBliz/MxPJJBGcYP2H/AMEaPg7Z638Dvi/4mu9Wisb3Xr1/DWmJd3EiQ2FzFa+Y9w8XKzYBxGrDaHxt5rzMqyulh8rhVowU6+Iq0qVScvikqk4RbldW21tK3fpr9QsZKlivZqbhCjTnOmozcHzJLVWVndpJqVk7s9W+H/xk8FfDLwTBNpmnjSvtup6pd+JdBjiVmmYtKiXN8NpMssjDO5icBuc8EfmN8Jv2ZvAn7RX7WmvXvjK9l0Dwul1q/iW90gNHateRSK89lFZOxVVdnZWYcgg7QCenafET4wfD/wCGf9saB4g10L4js/E2u6VcG7g3NrUUFzcRwxxKgYCIyKrLnqpBPTI+ePgF4xvdd+Ket6zLqlxPqkE0TxR2jywrBpjSZS16gYMGAc7vbtX9IcbZPl+VcJcP4PL69JYyeDpVa3spRcqUpQg5Rkoy0k25b8um3l+GcE47H47jPPcwzbCt4JYupToe0TUasee/OlJ9Eub+VvbTU+8v2dPhrbfCuf4gJD5qWl94o1BdJWcuZU0q1uZEtfNxxuaNF+YDJIxu619leHfEkEUV9LI+0ugIDgY6ZGAQM55xuHPIHJ48N0/VVug0qqYhMFbGFOSxydx+ViTyd3TJyQQeNhbiS5EkcBbaFwy/dIcZwScbSc/hgY4/i/nLNcpliZN1pNvT3735krJO7Xz39ND+kcrzmGDjGOGiow1aira3Udne3XS2uy7M9Flv7adt3mqSzMxBYEkMSTjrkYOOTgDj1qyG08xKAAXw2fnGeoGevrnJbjGTk15bDDexkNsJb5Rkhujc7QDkA89FHOSMj5auCC9V1dhNtDrj754xzwflOSDuGOMEjBXjwKmSxo8vLV+FRT1t7vu/hvr10VnqezDPa9S96KcXay5Urq8U23pe21t7t6XaRH8U7yz0fwB4lvyqu1tpl1LAuAQ8ixt5QJGTjdjOWwcYBr8ifgv8YPi5ffEXQrPUWtLbwxqWuQae1vPGu54Jr2NN0aY3qixkYOAWPuMH9YviF4c1Pxh4K8R+H7CY2l5qunS2VpdSpuSGRkIDBcEZDHdu/wC+iOa/O3wF+xn43+Hvi7wx4w8S+OoNTttF1GC+fToDIzPtuo3SIqcIny8khRyvuce7gZ4bD5ZjKVScJVfY1FCUleXuwsnGW2r0T7vSz2+azJY7E4/CVKMGqfNBTd7JLmhv30Tvaz9GfvH+134R0S7tvgfZ2MAttI0v4fNeam8EexZpYvKkjU4wMu4Xjnfk46gV8f8Awy8C6v8AFLxbp+jaFpV1q+oapfC30XRYI2Z3kEoUXV0FBEdvCPmeRvkADAMMgH9OviV8P9d+KHgv4eyaDpU2q3N34e0vT7C1s0LvO11bIrRSEA7Ig/7yVsbUQGvT0/4U7/wSv+AupfFv4nyadrPxf8R2ksOh6eDE2oS30qFrTRNIictKltC5UX13EoBKsrMR0+O4a4jnUybDZdhIvEZlWrVaDpxTcoydRxUp9eVJptN66LufNcY4RUM1rVa1lT5Kcox2T92KvfSydrvTW79DZ8W+IvhX/wAE0Pgk/izxbead4l+P/ibTHtdGsVMcl1bzyQ4hsdPjB321hZuym4uFVTK6YBPFfy4fGL42eJvi94/17xv491e41bxLrN3JftLNM3kWdsXLQadaJI5CQwJ8iqoXc30rC+P37UPxG/aT+JetfEv4iajcahqOpyTvpGjpPI1j4e06QsbawtISSkYijI3EBSzDLEsCR8VeKrvX7rUpCLidUCho9rsAMnkZPPByPQYGOhx+y8P8I18BgnWxcVVx2IipVZON+RPlvCPbrfS+iWisfns8yhWxKSkoKmrRV7J2cdvJrVa362Pvr4a/ESeykFwHljmhmKhWcEPuU4GACARlcHjnHQ5Ddhr/AIm1LW7r7beaq88cZ8qKze4doVBOQQpcqc8gjt1IAxXyN8K7bUH0vXtUuLgyC1t1R1kbd5cuwkODuxgYIOMYJP1PlGr/ABa8QQyz26SSMkU8kaNCrMy4Y4JIHOe+BgnkZ6V+feIXB+OzDD/VsHNUJTu5SVotpqK6Weu9uy1ukz6vKs21/eOUowVlZq26u7X7Kz876NI/SjStc+zSRXEc0ccqKFJiKgIQRwQRuHOCOcDB44O7rLr4ga6oV49YOVUqVhl2DAByCAwyADjPUdhkCvydHxW8TmMEXN+pJO/CnG0fwgAYxyBxyQDnqazp/jJ4oWLjULmMKxBLhuPvD+H+7nHPPDEgAiv5szHwAx2OrLEVJ0pSSi3Jp80p80bt3STbs73tZS3tY+hjnsYxcYpq9tU2r3UVd30e/mj768f6bovj66SbxF9quZ4VxDO97IWiIP8AAd+FznAxjAI98eqfDr4qeLfAWiWXh3wt4r8R6TpFhG8dtbQazci3iD43mOPzQq7hkEYXGe3f8hJ/jr4ktyyjUJpJQxX94rlCxyRjv37dSenFT6R8ffF7yeUkjXBLENtUqRjuFIU8ZGAMZABGB19HEeCWbYvK6GWYqWHxGCoNSjQqUqc6dNtRV4wcGlJq97b9HYzo5zRp1ZTSk5yau1Z7uPVfJt279j9ztI/al+Ifhq/OoWvj/wARJcLE64l1Ca4JLKdx2tIyBWwdxAyM5GSOPf8A4Oa9rXxG8La98QPE8Mt5cM14bKe4L77uQK5lneQnoR0xlSMMM81+A3hDxl478Y39pp9pYahNLqN5BalvIk2RxPIFeXdt24CgknjpxjnP9E3gK90XwH8L9C8NsrCOx8M7boEDFxey25aUFTtLESEqNvdevFfVcCeE+XcIYiri54WhGrVpOEVSowVtYtbR00uns1ou6XjcQY6tjsPy03NRTbbabb2fZ7pX0s9ddd/6Iv8AgnLrcF/+yh4PmW2JK31/DJEgIWHZcyAg5wWYYBJX9ScH678TWtrf6c8ItZmhkTbvDHaHwcnH8RG4ZIyMHacHJr+dn9jp/wBrz4u/B+4034EeJ4tB8F+FNa1WyurcJHFcNdSMzhVkYAkLuzhWJGe9erTfBj/gpfG6xw+OLu4Xezxxi9XBCk/KULZO7ABDDjkmvfWQUY42rVcoRUqj5ov3bK692yTVnpdJLZLS6Z/OmfcR1qeKxOCjh8RJ0n7NVYqXK3HlTcbJ9bvRX6Lufol8R/g5Lq0Fs1lfFHUl4IWDIjPuLMHJOTgZIyT0H3hjHh/iv4V6jaQwm4Mc9wkJBZSVUAA/KcZA6kEklgTnAJyfnHwJ+0J+1t8JvjV4I+H37Q2kR3XhjxNcjTbS6uLZTKXIC/areeFSjBGPzI78gbsZILfoN8SvEWjwecNNuIpBJESFk6jgEkA8gsTjpwwxgitMdkeGo03VvFwnyKPLbl0lrJRt0s09m99Fo/t/DnHV8SpK83JTjHlertZO8tHJNPR69bvoj8vvHvhK9tTelYXjZXYFy7ADqMDBzwMDkDnIzzx8e+K7DU7eQi2kuYZ23fPHcSgjqfvBgMenU5xndnn71+IXiy3EV4lw8EnzOACwLE528jI+Uc84GSDjOK+TdY1nSrx2+0BUVWwWhQlghPGOhyOnOOhxnIz+cZtShGThTpQnHquRNpvlu1pt3avukf0pldGc6cOdtXinZa2d1ot7X2umrWt2R4VpvxG13wJrWiasdd1S2C6tZWz28l7eGG4aadI2R0LkcbsNuUE/dOM4r9v9GaS80CxvxdMzahp9pcFWnlZczRK52bmyGDHOCMc446j8U/ijdeB77RvD2jWEsb6wvifTbpY/KZrwQJcwl2RejqNp4OR2wcYP6teDPGuiR6Jptq99ceXbWNqrPNCUVVSHBBJGBtAIJYdeQfX8d48jQpwwTjg4+2nzR92CUm7QirOyct7K11f1s/0PIMJKXPeV1FR7WV+Xvu7brW1ulrnD/EbT/EFhcS3Npf38cTSNISlxOgGDjDFcAAduc9emSDwml/ETxZA62kWt6uksUilJEvZwhC7SAfnxwAepHAGdxFeq+J/jP8LlWW3vvE2m3HlyGOSEMHZCCQUYjPIycjBIyAeDmvMYfij8APthmuNZt0DvuBRWAA4Hz464xwRjjPXofkVluLrYZx/sbEOTilzRw7s+ZR1cuXs07N9db6n0DhShUV6lFpNLl91vS26fndX81fTbjP2sfjd4stf2edbjvfEN+y6jeW2nCykmkKzrkFlZmJ3AbcnBHBz2JP4P3moRrPLqMkvMsiv5aNlQxHKsDyTnHOOBjHGK/Wj9tnxr8OfHXwgTw74I12Ge+ttcjvIreGMiZ4sEM5bADRqR3565yTmvxwk8DeKbd3v5WWS38zzACzEOuMgtGSCCRnj5Qc47ZH7r4L5JSyzKcXPEU54XEYrGTlKFSLjLlUUou0rNr00Xmmj5vPakp16NOhCMqSScuWyjzSa5m0kl1smmtkt7Hw1+2FryPr/htEjAi8t5WQMTvkI7oMfN/eO05HzcHAr5Ik1KEIsghZQFxjIwrdcbeOpwDjgjj2r6k/ar0HVrvU9KmjtZHnhSQt5algE9OwBGTnv24IAHxhO15byxR3IlUHdvQpgZzjnjrxj8c4HQf2fwwqKyvDqMk0k/ndp9Wt77b6pdEfgnFdCTzOu5QklJpxtFpJ+7s/l0tuuup3XhfWNmtaezShAl/A2G46ODkHnOCQNpzj8cV/bJ+xP4mSf4NfD2WNyynw/a5J7mOMBVXoDnnJJwccHOBX8N1iHW9huFR49skch8w4AO9QBnPXGQME9Ov3a/sa/Yd11oPgV8NGMmAdBiJbBIJERzgDqBxz6ZPPOf4g+n3lcsdwVw1OnDmlDOrNRi3ZSpW0Vpabq3n6n7f9HeapY3OqOt5YaLXNdp2mltZWtzaXerS6o+2v2WvGCP4z+NNmjlQPGk8rBiQA74GWUD+H5SO2cZJHDfVXxA1D7b4J1yCQeY/wBjvNhc8M3lttYNyxPrhieCG64r8tP2VPF8cPxS+NcHnLLFceLJnx5hDAjBYAZBPXJK49CM819/a7rZuvDd07SgLicFMnmLy3JO0kAHbzxgeo44/wAtOJsixmB41wU4prmpZVUjurP2GH1VuvmlddD+psvwtPE0Z1+W7jUlG8Uneztd72tbqu2nf+Qr9r/Q4R4u1hXijhP9tXjyCJW3xkyOTksMlWB9wQflH3a8E+FXhbUfEfivTNG0omZwElR1BRrZgQfOeaI5QRtznJHIb2H3R8bvDA+I3xr1rwtpiRzXuo6/c2tgjD9zukkI3PgcKh5bA6Ek46VXsfhbefADxGkSSWX9tXVnLa3sw/e28cjg7ykhDL8in5gGyOe4Nf7ccBcV0sNwPkeXYqpCpjJ5Xho04y95ySoUrt3WyTfnte+5/KPEHCmIxPFWZY/CqcaSxLcnS0aceXW900r2u9LHog+JXxN+BCfYdQ8TQ65oVxYwrJYy3K3Yc8BrZJZWcoSvy7Scg+hIr1LRvH3wx8feGdX1qTXrHw7rVzp8vmaabiOCe1uDCSm9CwSWKZgVXYhOcZBFfnr8WdSmmsw8lz9qL3ThiJCymXJw8fUoEJyFBwBnA5bHzxqN47xLIbiSORlRZJIpCvC/dUjPX5Qc5znrjIr7fDcC5fxHhKGMb+r4hTVTmopR522ny8uikrrTZ+tmxUfEnO+FMXWy6pfF4fl5eTENvkUrJKMt9E/JXv0Vz9aP2HL25l8Z/FS003yL2X+ypDJIxC70WeTEy5I3ow2jjOcnivXvFU04v5EaNljYyI5VVZS+7DFDggDOcZ6qBxzX44/CP4x+MvhZ41t9b8H6hMHvYVtbyJg8i6hB/FayIwIffhsNgjOeoIB++7T9q7w3raRnxTptzo+oBCJwY9sbSsQdypgEbcZGQOxI71/QHC2XzyzKoYW7ahazvq7KLei/He++i2/NeI87/tjFTxcYOnKejjfbZ2Vuj91pvQ7/AFDRFmlaSS3ldGDPESSBwRzjcemBnPbOD8pxx9zo1o0ciXdurpIWXbOquME9DnkfePGehznkE9ZpPxS8G+JYgNN1q3dzkKsrRo6k/wAJBIPVevGeehyKtXK2t98xeBihUgqQwIIxkbRwSTnJJ4BrsrU3OblKSe99LK1lprfReVnsup8oszq4bl51Us27Nafyq121922up4vffDbwleu7nSoYJtuUltWeF92B3Q8EHLDgYzzinaLYeM/Ctwsng34neMfDLW+1oIrTXb+OONlwy4RJvLwpHCkE4wME5A9MudFmlCTC3d0LY3wkEFQ3JYBuAB9OAfWuW1K1mhBSIODuDENGoOAe7kZPPufXBG0DlllWEr39vhKFVNWvKNNtp2s/eXe6Vnr16HbS4vlh3FRxFSGsdOaSW0d9baLrrrra9z3LwJ+2t+3H8M9w8NfHa61qJEEa2niKKO+MgUg7TJPvc5wQCT83Wvpbwv8A8Fhf2xvDK28Pi/wJ4T8cpG4NxdRLJbzOpI37UiJjyVPACgnP1A/NeeW8thn7M7MCcPEilgQD0ABILc5xwcYAzUtn4guVwJo51AIzhQu0c/eO0dsdM456AYHjYzgTh3MKfJXyynfVx91JK9norrV+mvS1j2MJxziIS5liISb19+EW2tFa/KnZeb2vsfuF4R/4LY+CLyeK3+Kv7P8Afaap2iWawt4LiJH3AM486NmOQSTjkYGGOM19a+Fv+Cgv/BPf4pNZtq9/aeF9QuSga21jTZbXyZMbV33EUaRjaT83O0Yz6Cv5rY9Tt75FFwkcyscBZEjbjJ9c9cEdFI7g9Wjv9F8MXqgz6Nbsz4AZCIyvAycrg9QPu8HOGz0HwuY+A3A+ZqXtcqwMpNqSdfCUajTvG6Up027adH5q3X3I8b06ySxWEw9aLST5XytrS6cZc0Gv+3fyZ/U3afBf9i/4u6y/ibwV8WtIttXnuYLtxpHiK0USmN1ZIpIJZ/MMZIAaPaCAQoHevr7xP8GIPEugLYQT2GvaW2lQ6fby2skSyIkUW2ORXjfaz5wzHOT+Ga/iXtPB8enN9o8OazrGgXJORNYalcW+zBOGBikBYrg/d4zkZ7V654V+Nv7UfgBYm8GfHnxdbi3bdDa3+pXN7ApThB5VxI425AxnqOOBzXh0/ATL8lVWeRJYdVErQpSnCmoqSlaNPmcF0taK+SPEx+V+Hmf1HUzLh/LpTqpe1lWwOHnz7JpzpRhPl10Tvvts3+7HxG/Zp/aS8Aa++q+AtXvbvw2wlXybFZ0v7MEkxxDaf3jAgLgbl9cgivmbxz4v/bE8JWg1PXJNWudF0Nhc38eoQ3KSC28xSiCFl33HRjlFYEksOSRXyv4R/wCCqn7fHgcRLqmu+HfHtnA2DDq9lFCZFjGAryxRhuQMl8/MTg8kk++6P/wW78X6httfjD+zbputRPiO8uNFWO43RZAPlx3SlSQu442gAhTgDBHg5h4dcQYOKUaMscp1Um61GLcUrP3ZxeisvOy231/PM8+jz4RcS89Whh6uTSlGVv7MzDE4ajOTs06mHbUL3ejurbJ9D79+Af7UmqeNLOzm1Twn4jhjtLOC3fULLTLtrYT7QGJBhIyGBJVssp5OCNteofHD4ipN8KfifpiTaiTfeEdSebz7CaCaINay/KW2hSQCVGfbIyQB87fBv/gsd+xpaQy2998OfFXw5aYgyi50WOezScnBbybeJkyvXcASBks2Tmup+PP/AAVF/ZE134TfEDQvDOv6Rr2t+K/C2pWdhDLoktvex3c9uyRxo5iUowJ4bgBgQMkCvmsdlnE+HSwdXKV7GdanGn7LDzqSjHmjFXm4LW70clZWWp+M0/og4jJc8y7Osg47zengsux1LGfU6841oVKVKcKnsVU9o5OMleF5RbSZ/IFrMl1Bc30iQrOhvr1VypBw1zKeQMtwMAp16gAk88fqdwsEZa909UiK7pJYztK78EAcDjAz04PB5Artb7UI5bm9nkhnRLi9u5kUKSI1lneRNhxyCGDZJ5BOOmDyHiOeCe1lzLmJhtcOgB2YHA9B16j1Pbj+zuF8PKhk+FjNyUoUKKcfd/59xXvLd6LVN9+x/QyVSjWcXJzceWMrtO7XKk7NX1u3e7trdaHPwXmgTwzBGTYMblLoWBIwT83p3yPUdSc5GrWHhvUswyCMFo9hYhV/hxzxu6fe78nJOSK5N9N0yeSRYb5YTuYhhLtLHn5fRSMjII7HtSajpF9Y2/m2knnhwuxiVkCg4H8OTtwOoGDxjJr1qteqrRctE43Sd9E9bfo1e11Z2PoKVei6dPmjDS14yV7JWTa0Tu9tHZKXVbfUP7IXg34fyeNPFaa54yHhKF9DkSCSSB5LaYoDjzfJBIQdcsSAOo65PjH8H/EnjXxfaP4A8W+DdY02KCQrNp+pQWZu2gO1vMiuJF/e7QCQMYJAIJwKb+wd4o8F+HvjZqFr8UZtLh8K634c1Gzv5NTgE0dvIYiFCK+fKZslSVwyjJBGa7H9qbw/+z9pHxO8Haf8ENde58N6zC7a3JpdyFistWupmQC3lWTzIlLsNysVx2z1HmrE1I4r2Kg2pUpTa/mUJxfLzO9rdbJeR95gI4OtktL3qUZe2cXBTUJv3opaXuo/zWTukrWbuU9O+Dfie10vTbnVvCF5JdKIYYLyCEXUE6KcTFHiDLICATkA468g8fnd4u8KeI08ZeNxoljqYXStTkeWeyM0H2QhjuhZFxtxgnHXGOxG79q/DP7PXxB8I2vhHXdC+Leq/ZY1aWfRtQvHu7REnh8xYYhO7oW2MFYqMc4xjg/hz8a/iv4/8JfGP4hW2n6wLRpPEc0d7GsMZt7opIV8xk2lTuwWHBGTkgseDKcwWPx9aFSFvZLk9nG95JJPm1t9rvurLqk+DjDCvKMvwFWSlTjUkuXllzKScE07321Tu9Gt9Wz3T4HfFX4saT4t0ax0rxXr2npBBM5ttSmuJ7URxghisVwWjbdztAU9gSMivvC//bJ8Q6JPYDxTZeCvFeipmGWLWdCs/tbTAbZBJIkHmISckNkcjIJGDXwJ+z7+0Jd+M/iX4V0PxP4Y0K9KqYoru2tFhkmdU27phCg+UHc7A5BJz0yD9afETWP2dtY1vUdA8d/D7WdAuJZyza5oF0rBwoCectvKyggsM/ICeisMAV7NSpCNd04prSLjKV0k7pa2fNZ2tZu7a2b1ObIsTKvg1Uo4hTfPGK9pe/NpaN1q09E2lom+qu/XpPj78H/GV5pltq3wd02COREZ9R8K6i9qvkzMN0YieTy1G4tgAdeoA6/NX7UNj+y3r2peFY7vXvGfguWQTJZW8kUV7bxRBipMkkas5+cbST1GTwcV6B4d+EX7Pfieyi0zwB8abnRvNVI1bxNp8iNaT7lYRtcwKQFToCCVwq4ydtfLf7Z/wa1Dwfrvw/8ACHh/xPpHxCuG02a6fWNGuQ4LSyZVHMhDbgpzjk8c9cNeHr0ZVf3D5qiknJRbcbq10k1d2e1r/fY9XOalWllVWdWjSqxvBuK1i3dK+13Z9W7b3211fhV8BPhZL4oh1Pwr8dvDt01tJ50FtqoksJ3YniL980amRgcHrljgYySfdvHH7HXxJ8dXd1rHhC+8Lawv7p4Ui1a3+0/LCCQgabgMBvA53HJxyAfzJ8J+AtbsPEmnHVtF1e1QapYxvMba4MbSGdMkSAYCkDJIP91uoGftz4uXeuaHqVr/AMIzr2raDJaaZbSsthfXVpBI8aomCUdVaQjgqehJxn5t319CtKlQqaqL0fI5JStpJuKTVurTb+5nh5TVw9bBVVXws4R51eNOTV37t0mttV0tYzdT/ZO+L+g2Nydd8C6zJIikx3Fmhu4iwyDKPJDoytxzjB67SOR5F8TNH8QeHvC+maDqmi6na20CuZnk065gdW3ZwztGoYfXrzgZOD9v/DH4xfFt/CRk0Tx3rMsumQwx3ltqLrebmlAG9GuSzNGARkDOOSAcZEnxx/ah+IfgfQPD0OveH/A3jaHVMPcLf6TbyXO4YEiyFYSQ3UHGMH/vqr/tGlOlZ6O3Lzcqqae6pPR6+etk1fc92vgcFHL6ldVamHg4pczi6jXM4xd+r2d3p1d9z88vgnNeQeKLprIyWzRWZMU029UXJX7yvySRwMggE9TxXUeMIPHdlqepalpni7U7dJJklWO1vZvLgkc79hjR9o55DL8vJwepH118Mv2gvhB8SF1efW/gpp3h2LRtME+sX2hqIhKkbAPwqqUJJJUDB7A+vWw2/wCxz4z88Wetal4cubza22eSXy4nYbhv3uFJUn6MTgcACuqFaCpRUPeUtrN0+qtaybdru10lddicFTi8FClRxtO0m+Sbm6d9Va19XZPZtJaPpr8J2f7QXxq8PRW9tP4s1K+htXASOZHkR41/hdmySCOOc8MAccmvtr4bfE/wD8YPDeneFfE621r4okL3E8mowwxRl9pw9tOVD54zh2wTgHBAwlz+zZ4E1yGf/hF/iRoV0pBFql/LBGzL1VQAwyCvOeRyAOgrxbUP2Xfir4evTrvhmPRPEEFrKY4UsdQiDhQpLsAXDFVUfKRgHoeQap11GLlzTqJxSlGTlUmkrXtJtN66Xtpppoetg45rgWpSlDGYacbOHPGo0rq8m273SW+lrt9jqPCnwc0PxDr3iG0m8YRWi2GtXFpZrIkW2RA5C7GbCsoG0KFyuO3OW9otv2W9Kt0W4k8WWd2pO4CzuUS4UkghQgkxnPYjryAelfO3w88J+KI7y/u743EN6uo3STWW5nK3KNsLoCwDLu4XaDjIyd2K960q08XQ3ai4t71kIjYiKORGRcsdx4yeM8D5cjIPUL+b5zxFmGGxT9hOEYRlanGpLlSaUbc695t66LTZtW1R99lORZRjaEa08BVdWdpSkpSjFbaPlbdrPbys1ZmjffA7ULJA+meJr+FIsnDTOm8J90lkYKST05x26ivO/FHg3x3p1os9vq9xceSxCr50jDavUh5GKHPJOOvUdOfXp/EHiC1iks2uLg7w6r9ojYINpHJZ1O7rwMt788DgvGvjLVdN0IQ3Eqyh0kKPEqtlsEgZAyBxnkEZIXvmu/JuK8ylXhGq4yTSc5xjC0WnHlWl7Jq1na+iVraHmcQZDltCNaVJ1qKhTaUYtNKSSsrX0urW6bvW6Ptb/glbZeOLr9oDWhfWMt1Yah4M1O1lmVd5YmFlCq4ByeW24+YHJ5xku+Of7J/imP4g+M5ptN8QRsNSu7+1hW3mlDW8krShkIDLEnPfAJ5PRc97/wAEcfiR/aX7QlvoskcZWHQNQnlkmZV80FM+WADncvH97gHJJOR+nnxh+KmpJ8VPiNpgggfT4rZmWSMwSsgUAARyHLsoC4ZRn02jgV/cXhnmeKxOIoUaOGo4qjWyihXqVqkuSXtXW5OW/K78rd7Ja23ep89hMEquDhQdRKm/3jqznafM38Pm07NLRpavz/mm8ZfC668PyQR3ra1YNPMxRb2G5hVth5WIsoLMeg2gg7gRntzRsNA0pFTXNa1awDR5RZIp4hKjtj5S4G8DnkfKM/Ke9fQ37cX7QGu/8LI8O6PZT2SafpEMEoJsoC0lzuDeXIET5l2lS28k85IOePCfjj8aNa+MPhLQtPvND0bS30qCE2d5pFhFb3l8IkVX85okRijEb+n3885wK9jimdeOJxdKaVOVOTUoJ+7GLpwmoqz1etk9NVY+eqYjD4OviIRlzSou1ua8XyqLdknbW6Te97ky6z8N7aOJJNT1K6wA43TMAQFAJx1zjkkg8cck5FxPE3w/jaM2tk88kgzEXmyx2njKg9CRjDYBbH4fIS6N4heOO4EV5L5iMFDI42BRjBDcYBORt6Yw3JbHReE9E8QXGp2sTWl0WjViZJIm2Ft2QoZ88HGOmBkH5iSB+NZpjOVuMYXfMoxbd2k2krNLTlV2kt2la2qebzpyp+7RSuk0tLpe6vie1l3tf02+ib/x/pdvIVtdJt0w5Uuw3A5IGOO+RyRjuOSBXNy+MJb2dkfT7dIl2lVQeWoB65JBJYflnocACuP1nQdetJlM9q0Q80AFnQ5yMgnswzjge2QpyFrSaZfSOjTmGKMOpd5LpFIUEAgjfxhh05J5JFeDUxVSMJpptrVRbvdLa/Nd8qb1VmnfVWsYPNakk25RjZrRtarTlctXaya0dt9dj02N01PKmxUwlVOWyQTkYwBjBB5wegyMYwK89hludJ8TLcJbtElpOs+FcKpRGHDKODwOT0POMdD7F4dk0ebSJ7RdQthd2xRFWCVGeUsezZOdzcAk4xuO4nrHf+B9MZ3mu5LhprrYq+XMoZFOB83zDBOeACQBnnHA+QxPEX9nYynJzkkqvtI2SSkkmuSVk17s1Zd9+ofW0/Z1KM03CbqXjZJ2UkovRpWmlZPunbqvV/CPx+0Wzkitradbi+ktj5yyKUeNiNrKjEDcoBOMYB7njJ/RL4SL4ft/A1rrN7dItzqDzX0tvLlXMciuVUgYbIJHBwMdeDk/iB440Xwd4d8SaSdNnv1vYo4JJYFkyJBG6PIpdG+cuoyVIODx1UCvv7wV8e/Dt3Y2Om2do5hj023hcSliUkjQblGRjbkEkg5C9TjJP6HT8TMTVwkI14RXs1GFHlleT5oxV2rtrZN66Xtofd8OcUU6/t6eZSipwioU7v3m2o9ru9o315t/I7H4w6pJqFprLW8xgt0jkWOJWY7kC5UgcgqVwQegBHABIHzl8D/DcN+Na1QzMLqKYxQjcQc7mIJ25+boT8qnIycYzXRfE/4n6PLo+rXBuEtwyGKOEbTjKYKqFYjgnleSRwTnBPm/wG+I+iQaTrqwm4nuTeQbVhj3K5IOVJyVGQACCAR0+XGa+GxecZhmCrYqpUblUc+RSm3o5Pa7VttNLeemvm43H4armMVCvG6c2kp8z7rlXTRb+e9z7FXS2t7P96rSysw3tvMgYkDkbgcD5ierYGTkV458TdFtp9D1BhEkjSIcDdlhtUklcgjrgZGec9OtdBffEjVJ4ozZeG7twBy7cKSynkouAF6E5649a8U8ceKvHl7ZXCW2hQ26qkm5nfcAjKwyFJA6YyB3GORyvxdbG1niYRlUvyyStKd2pWSa0k+jbXotbsxxmIhKnO/PO8Za8raV4xXps762/U8e+GdhEvxP8FWaQSAz+IrFsgsSrCUEA9AT8vPoeARwa/cX41eIrnQvBesrZ6lHZj+x4UluZZkRkcRxqI0XcGDtg4IO5QeevH4AeArjx3r/AMR/CmkaeVsNWuvEdtY6fdQ9beeWQjzWbrlMb1A9MV+9nh3/AIJz+IvFujxXvxO+L+t6xJfXEcktrayOlokborbGRmJYorHAOAOCSAMj5bj/AIiwWWUMPSxc23WouUVH+7FK630vfRtLpdps/MMwnReNw9flcnQqc6i1o7OKinZ6q9+qWrsj4h0b4paRpughvEXi+wDyvIYmFws0kcLZwjMGJLEdc5wQFznGPPPEv7RngPS2eOC+vdUQAktawv1XB2I2wkZJwWwByAxORn9jNJ/4JZfs3abZwjUbLVNakjIZzcXDjzZCcsxVWGMnBw3zDPIB5bo2/YX/AGbtDaI2vw+s5TbpuAuZHlXK/KpeNiQ3qQQe/XIr+ccTxHk069/Z16j5rxikkt1frp22b/FnfVzHFVainSpYelHljdpLmd7aWVrW22eivZn8tXjf4oW/iL4oweKNL0mdGQQiCzuAdzeW4O9xjIDDkjGSDnnrX1MnxK+KWq6egsNJFpG0MRQRwvuSPYoBJcc9iOw7A9a9w/4KE/DH4a+BfHHwz03wb4b0/RdSu7lrrU4tOhWJp4y48kyHYvyZGDgYOQRnjGr4ds1bTIlmiEO2GBVCjdlFQfK/DZBwuTyRgnHcfoUsxo1smwGJlRTjy2hGavaMbJJ9tLped7o9vhqhicZUxD9py80rvkV1rZ3vey06N29LHya8fxS1u7+y3WrXULzxPKQE2bEALFQW5Y5A5HAIP0r5os/DHinWPEusaefEN5YC2upxKv2mZXf5uTtjYqdwJPr16HC1+mXiPT44Ly0vFwriCZRtJUH5SFAXPJB5ywOSMHFfAWk339j+PPEl3OPORr+7GwndIu4na3P1GD6egGa9nhOrRzDEuiqUYwai2lblteN363evpq7HdxFhamAw1OoqlRuUrXu+sYvdX0Tvff7TWx2Vp8C7iW2gN3r00zSw+bJ5ru8pXG4jBY8EAYOOhP1G+vwj0Czjs2lmknUxsCzHbt2khmC/x7hxzydvXOa7WLxonmW7QxvIZ9PYIGRf3Q24EjEAAAYOM4OOeuTWDfeK/OitELfvk3li20BUPykjaeRgnGCepx8w4/RauS0MO1OnTi0tZK1ly3prSzabakr722unv8B9cxE6kFzX1Tau9Pepp7+Wt0utn2X6a/sb/D3R9J+Eut6/Yxxyrba8yeRIrHzNiB8EdGwwUgKNoOCFyCV+XPir4JvPHX7Qd/aaf8t1dQwp/ZdrbG5uXikkCvsjjV2IRSWDYAVf4sjFfVX7I3jTSLP4I+JdL1HU40u21t7mGAqSkg2DapGCRuPHzepIGQFrs/2QfiL4Sm/a31jV9b8OWeoTQ2Mtta3AiE5gKx/NO5O4JlBwOm73LV+X+Lec1cj4DzrG4ai5Tw+HlOio3coTjG3NaN3aKad+qTVn1/R+FMFTzTM8toYlRlecZcjek+Xlag32l53XrpaDTfgJ4e+Eunm4svDE2n6zd6NE0mqXEB3yPJEPMOyVS2/cxBByB0x1B/L79ppmkisC1rIEsNTmhaRkWISSyFiWIG0Dgnbkce+Nw/oz/aT8eeH9TfVr+CzFvaDyYLWS4VQsLjBYxoMBVPoBzxngGv5x/wBrHxPp1xdS2EN/HNNJrm7yYkUqisCSQAORnrwQPcA1/nX4RZvxDnnFGLxeZUsROEsRJwq1ZTacfaJqynpZ2S81fpY/p3jXDZVgeCaLp0KGCqypJSpJwTUk4NJWte/o27rWx8haDPH9ouYxERi9DKQoII5PHqR8xOOOu7kmvdtGkMywq0DFUXB+UAjDbuOhxnGT1xnGRmvAdEuolkvHBdfKvQD8nTjcM5UEliTt7YPK969n0nWIYxGDcBWkQMFZACFJUMc4yB39ehGMZP8AWmPoVJ0laMk0o7K+1kot36N6vbt1Z/MOGqU4VPjilzJdLWum1rZLzstHsndn6tfsk+CbDx38E/jloF4uXvn02CIkbpImyjRsvOVO7HA6DA6Zruv2CvHc3gD4t698Dtekb+zdUvr2O0S5djD9ogLRlRvJTMsZIYDIJIGSRgZ3/BOB/wC0rL4rW8VyJvsC6Bey24O9ZI3v4ICSncMjY4HU55OSeF/aV8K638EP2l9a8QxJJpcserWviXTFXdHJ9nuZUmcJgjKyIWBTkDA7AbuTLsNzYTF4ardSc5TjzLWLXK2lfo72td7denlZ9V5sTTqw1tCEZWd7RXLFO6f59d7k37bXwItfhV8Urq+06F7XQPGd1LqVhdRKFgtLt2JntYyoAUGTkDjgHrjjidW0iG1+GWgX32kLPb31tHcOHSV5V8sncBz2AHAAPOcnJr9bPG/g3Qf2yP2c3vtPgSfxNZ6B/a+hSqc3EGs2NtvuLdyDlPtJjJAwFOcY4Gfxnsk1h/hzFp+r2UlvqWjeLbjSdSgmch43szLH5bIfmAOxmz3zlRk1OUQouvSlZKtRxEYT93eMWlFuyTT2W3Ra3NMHjak4To1HzJ0JOF3JppJJeW1tdrXsmeA3niCyj1K+/eXBkS8k3ZX926gnk8EF9w6k5xjA5r1vw34jtbi0jMkrOq2cqbTtQRjBA3jHYDvxjBAyc1856zGYdU1KFbaQrcXcrKytuMZUncCByoDHkkg4x/Eat6XPdW0N0I5HRI4WJfzGIDoCArBT8uOnPXkn0r+l8LiJRwVCMWl+6pvR2s+VK1no0+vWyd9EfJSqNzlUcW7SSa6LWN+tuXS+6utdNWfqJ+xD8ZLvwD8efg3YxXjRWPiHXdQ0q+i3sUliuSygOAQjHOF3E9ceoFfpt+0J4PGpaR8YY7CMee2o3V+LBCrW98r7n8uWI/I2UBwWXIGcg8Gv57fgrrtxZfGH4CzO0gEXjGxxIuQSZbyNWbPB64yQF6nuRt/ox1rWY7n4x+MvCuoSI1pdyWW1GYFT9otFLGRhtbaQ2AOMgDpgAfgvj1PEYXhjCZrh1zVcozGhinKF+aNNOHPbXm1Wj6dHZH6v4XQpZji8fl9ZxVLGZfUopTSaU3yqK1vsm7PXXyufl/8As6+Kv2fvhF8QdE+IWr+A/EN38RfCCy6rpENvdiLw7Y6ohfbcyoDvBSQHAOFHJzjgfc2if8FPPjj8WNcubGy1DS/C0S63BBHHpwDXU0Es/lmOWQncSUOCAWPBB4UZ/Nz9oX4Y678JfG3jrWXEtv4fvomk07KloXhuHYlImJ5VWySAe/IO6uF/Z3eJfHOl3RhaSK5ubC8geMOEG24jBMpOF3kkHkMB0Az05OFuO/7SyfCY2hiqdWlVo04xs1JqTUVKL1VpJq1r628rn55xRwNTwWaYqhiMO+ejKfLKSsuWMvdcVZJxfK/O+ut7n9Nv7V8baf8ACTw54guXNzqGqfDzUJr2e4JZ2upbRZJHVm5BOcjk5PAzu5/mw8M63KNfguJDIVkubhWZSVxHvfKgk5GR97gHHQErz/SV+3G5h/Z68A3iboon8B3QeQMrHDafFyRnkdOhC47jrX8vmla1DDqNnCHaSSW4uguMDOWYdQB8oyck5ORkEfxf1X4a8R1aWWOabcqU1J6u11ySV2nduKvFXV03oj6nw/x7yXKKUqGInQaxcny05yh/CqQSuoy1VtEne7emzP1F+GPhP4l+J/gd4juPBfh6/wBV0T+0L+KTbG0sEW+FzLdB8HLxqCxAK4OM8HJ+A9O8H38Pgjxna3VlerqF14sjskV0kIneKdvMVcjLOrg8c+n3cmv6Gv8Agn2buH9jzxCIFQF59eeIkgqrvatuZznL8DgHdjIHAIr8u/CbQX72aXdxFII/jcnmwSQ/LKhvyHT5lG5CcqQe5wRgmv5k8Y/GHNFjM1w2JoKVLA+2nC2k+WLbV2+vKrN6KN7vR2P0CePxHGFOtRxTpKGHrQhSnFPnqKXK5c8m7uWi1tb5Xt89/A34SWs3ifVb7xdpl0NPW3Rraa4s5cB0Ufe3RlSVI+6d23DccnPC/ty+AvAlr4C0+7soLNtYhnkTTZLWziguFc8hZdig7vY8cgjPIH9NnhfQvAsthqy3nhnR5Ed1WIRWluigNCpIUBe7YYkc5HbpXi3xA/Zu/Z+8dXOnW/iDwjbSJNeZkSdykO5iA20/wYyCCvUcZIr/ADqp+MWIxPFDz7EYudPDYerZ4ONeS051T5Wny07+8mm31bvY9GOUYOGX18qWBm5ypS/fKmpt3jGTkrat9nZtbu1z+Rb9loL/AMLd8G6PtnNzfJqMV0ssGEZ3tSAX42jgKQeRjJ3cGn/HnRLa/Tw9pdvaTwNa6xr0Vy1uREZdupToTlAhbGPmJY4OOR0r+zjwh+wd+yP4dSHW9I+H2k2+txxv9l1KCYNcW5kjKuI2LAksDtzyc85A6/hj8Qv2FtU+LnxZ+JmnfD2+g0/SvA3iKeKz+1xsUb7VKbiWJWjGWO5iScnJyCemP6iyPxqyqeB+tZhOnRoujGUJOtGtyxlKKUZqnfkbbbs29PM/P8FwtRx+OxGGwaqw9hZ1JVqboq90rQ5via7u2/o3+Cfh/QrrQ/FcEtzNfS6XDOs8lu7zlZ0iIbyW3Eqd2CBjcOpXAr7O0H4k+DbqwubCXRoUt7yVVit7uCNhbzhNolSUqW3L2y4wCAueSPrP4n/8E+vjn4V0G/1B/D+m6ra2NpLcT6hayKjxxIpYtsYhj8vPzYO4Yxjr8G2HgjxPpsjaZ/Ycmoy203mSsFBIcHAVDgs2WAX3JAOScH7Lh3jfKeIsRQxeX4unUhQrRu6c1o24u00rb+XzWuu2Z8M4vLqVSgkqntoSd0lNJNJaNJrb80vdVjb+IHghvFnwP03w/Z6raaNI3xEuruG9uMragPbvsiJBHy7cDjv/AAgnB+YNL/Zt+LNpfTXGharoGsWzI+1YLuGNpMZG4Kzg5Bxj5RnO484FfaXxq8J+JLD4VaXpQsLi21KDxLp2omxjjZvJtrjTdzM4jB/iIXPK9B1Jz8sabL4vtbp4o55YvJjwRE7wMMDJII2tk7SD8pxg9Qa/rHLvELJMFGlh8ZThXc6dNqarKM7OMVy76rR7rXy3P5z4o4X4gli3VwMnShTcvipSlGUouKdpRSaTldbW8+j4nVfhX+0Lp1yseo+FdRudMNsyC5sENyhUfMQojyGC4wcdu3avdv2P9C8WHU/jANdsNRsYrD4aa0IxeWc1uolVtwjRpEUFhg4APHygADFTaJ8Z/idpMsOmrrcrWcGENtIJJ9it1O7BZtxyTn7x+90219s/s1fFG68fWXxT0fXNNsGXR/AOr3Juo7RLea4IViyTSbFaTIJUZJGR+B6s44y4YxOBc8POVKrFRcablDld5Rbi5ReqVm762Z4uVYPiqlXhRxVFVqX/AD9i5p391pcs1eya77t22ufj3e+N9a0N7G6uJZ5IUlkCMxPlqkUzkRuByVzyRkjj1GD9qfAD9tweEvMsL+0tbuxul8j7PIDiFiCjOisrYVhngjaNu3HFeTfEvRfh/rejaRLcaBPp5kmuCWsJDubLtucoSFJAycYHcjtnzrw98HfAF9BGbPxXNpEpkcltQhxt44VmA4yMZXJAGST0rw84r8DcYZZDL8xdOfNCKnOaXMp2iuaMlr7t2m9LLuk0fbZPnfE+QYx1qdOcGklFtNpxagrWTt1abvt1eh+m7fFHwB4z/wBPtIYIrueNpomiuI9izOwLxBegIJAAwFA9MZrS8dfBrxv8cJ9Ih8DaNNrkujeGP7V1S0t2XzIrSBl3SouRvKDlU+bgHnAOfz58JfB/XbO7c6J4t0zW4IZlmAhuzBtjBDsyxlk3cDsM4AB3Yr9pv2S/jRpvwX8Yf29rsRvrSLwE1lqNtGC7mEGNJmGVO7aCwOeuGyFr+aPE3hrC8FYeOZ8L1I4qUE1TpwXtJxikrpRj70na6Wvkkrn6twtnsuL688Dm1LkTvUnryxduW7V17utk/vV9WfPvgfS9O0+2h8N6o1zZ3Ol3Qgliu90BgmAChZC+0Ha4IZh644JIrV+ItrqOm63od3o3lPd2CwuZoW3MsOQ7OSpIHy/xHj2OM1+lKa9+zV8dviXY6xp9hodro9/HGNRtrzy9NnS6jG4SnbsWQtIV3nqe/wAoyfoD4ofsOfCPxZ4Qk1jR9Z/s6+vNMKWWp+Hp455IZlXEUckBLIE+7kgZA9CK/nutxdRxFXEVM5yvE4SSouWLlVhy05RlFKTgpvmaTWqa0vfXQ/Ua+WYTKqeAw+FxMuavOKwzinONObd4xnON1FJqyk9k9LH47+OviRca9p9nLeXs0j2qWqSQSqoCzIhWQo3AweAx6c7vTH5k6JqRu/ij4pwdol1jfGQQflEmflI29xgYGeCOvI/Xn4j/APBPf4teC4IdW03xYniPRba3vNWntr5ZLe6kgt42c4LDZISo3LGMkemenwz+y/8Asr+Lf2hPij4rHh149LbRdTlkvRPjayRsyoseOG8wrjJHAyMMBz9z4b5rwdHB43EZdi6EMNSS9tZOLpOo42jKLStdvR/i9DxeN8nz3MaeChyxxDXwzpzjKPLFJSu07XtfmV9Fttc/XH9lLxp4ZvfBMVrqHizT9Dj02aBZIJ5liuZwAFfyizDHC5AO0ck564/Quy1TwX4mttS07S/F2nXsd1o81rG13eRvKA0RTcm1yNwydpXhm7dh/Pv+0n8CvH37M0egXPiPUUa18R30kWmx6bcbJvMg270uIlO7PQ+5Yf3Mjk7fxj8YfC2g6Z4wMGs6VpskywQ3oSVY5rclQj4KqMMCOW+XOcEjIP3+XeFE+La8s8ynFSxFCUuanKHM4tqSbUbXsovdO+vayPn45tRyXCU8DmFBxlThGM3BJq1ou9ne2m+uu2vX9JD8CE+Gv7RH7NfiTw7epf2F18SCmstHh/IuZp1YuzBT+7kDLgZK9hgg1/WPoC7rNHUYDOSFPTGSdx5JAII4PJA6EDn+MH4EftJeJfGfxc+DfgbWD9oQePtEvor5kzIC88alZWABIIHcH7zEnA4/tF0BCLKEZLbUi7dQ0a47/Nkce2OO2f1rCZDj+H8vw+X49N1YNOLlo0rK7elu2jVt90fh3F2JweMzd18E705RV3Z76LVfZ6dU9k3c3RG/3Tklgeo78jHOOwBwepPHOc85qQCzRLIxX5jgE43BQWbnr05PfHpXVnPGBnHzHscdxwPwBPHqOa8u8Z3jWzyzxy7WtLWWYpnk5BAIGTxnJGc7RwfQdlKk5yjeyXXW7umvNrV6vvbpfT5mrLkW17WbutrW0s18tOztY1tXCSaH4gnAHzaTckc5BCJ2wPQHPU4OBnGa/j9/4K5SLqHjrwisUpiuYfCd4I5YyQ0BW7c5AUjGMfeyPr1Nf152Ezah4FuZV2u8+j3WcNks7KzDJBPQEcYztJOetfyS/wDBUr4f/EDUPESeN9N8HazqHgrRNKv9M1DxLY2ks+n2E6PI7JcyImyJAchmcjB6tkkt6kaSnTqKKu4+WiTcXdWW7732V1a4UKlp05t2jaWq80mnfzvdat30vufmt+yX8ZbnV/E/hn4Q/FK8n13wteavPPpeoO0aX2nXkMLJFAt2zecsLbQApfaM9gK+nfDXx18Z/Cf4leLP7NWbxD4JGtz2S6NfSCWa3topmUPZ3G5vmVcFTnBxyMV+W37Pt/pK/HD4aR6vcY0+68VRxXbK+wRRXEwjMrMhAVQrE59T2JOP3t+On7F+r6DYHx38OHPiLw7qTtqD28DGedDIu93QxliVXPIAONuWAI5/Qch4x4syrDUv7KzKvClg4RprDOpKVGUXZuM6ctGmm9Hrbqmjjy7wQ8JvEjMsbHjbh7AVsRjqlNUc09koYqhivcUKlPFxjzwq2St7yu79NH7FZ6f+yX+1joNloet6hbeEviTfWm3TdSuGSw1Sw1FowY0aZjHDdxq+AUZ2bjqGHHhHiX4b/HX9kbVf+Ee8d6TefEn4R6zGbex8VW1s1/p9vaTArG9wf3pttisu53Kp8pK8Yr4L1bS9S0fUka4iu7a5t5AySoXgubO4RxlkkXZIrK+CSORjp0FfTXw6/bz+K/w+tJPCPj3UIfiN8O5ITbSaBr6LdSpbKhTbHcSh3d0GNoL5GAeldGO4+lm9WEM1wrp1ZVIupOFmuZWUnG6UoJ25t2r6q25/RfA/gxxZ4M8n+qOd1M94WurZNjqnPOnQko6U6suaLkkrRs48z1aPmP8AbA0bQNO+LfwOv/Ctrb2VneWsl5JDZqFjEkrblfaBgPl23hcAtg9dwr71H7O3if4i+HE8b2unXL6do3h/SzdvDCfOTbCrG5jkTDo6fe3Z4xzxjH50/tM/E/w98Vfib8LfEng7RX0PTI7xrWPTSwKW5aYF1QH+BV3bQAAMdB/D/YN+w/4I0jWvgPb219aK0WseGdNtrgOiv5qzWOxtwI45OQcZ4BPTNehw/wAQ0clxGMxtNLEUK9WnFxnbWDlG70vaSVr7a9EjyeJs5ll3EcsX7B0Y4mSqV6EtPZ8zhzRdm0nG7u1ZPtZXX4F+D/FfjLwXa3eh6xPD498Db0huPDfiBEuylq4MbxwmUHJCnBVxt+UcAAY+Qf2kf+Ccnwf/AGiLbUfHH7PFxb+D/HYiku9S8AXGI7S9uNrPJHZxFgE3twoiGzJPBzur9Mf2ofgnqfwY+K2q6XLE40bUTNe6Yy7lSS2lZnCKcAF4xweo7EEE185abLLFMNT0+5uLDUoWb7Pe2jmGdHUnaZNhDMBkDB3ZwRjtX6hiuHss4mwlPF4aFO9eCnFwstWotppJXs9G1Zp9+n0eIjgMbh6VeUYKGIgpRqqzTuo9rK9203e6e1tj+V/4hfD/AOMH7PXi680TXdI1jwxqumzMklpexTRW9yiPgtbSttjmR1XICk53AdSa+yf2ZP2+fHfw1lt47HWriyuVKJPYz3EkUU7j5fMgDMMMpzwBnp1r96/iFo/wr/aG8Np4J/aE8K2l9c+T5Ol/EPTrZU1TTpW+SN7xo41aREYAsSTyDkcYP4I/tj/8E0fiR8E5ZvF3gCWT4gfDaVpLvTvEOgI9xc6fb7i8cd9HDuaN0TCsGAxjIAwQPy7MMjzjhnEOWHc3STd42bjo423VpWT1vq7eZ4VXCY3LXz0bV8PJX5b3jJJRdk9m0u62010a/Z7wR/wUcX4qeDNG8D+Prg2dxHrdtLc6hORLHeWjSqGhcEkPG4O0jLDnJznB7z4r/snfBH9oTVDqPwou7fwV8RZbKG9hutLeNbC5kZFeOV1jIWLLEFiu1wxO4ghTX8nPgj40eJvAd7/ZviCOXUNPt2WMyEYubTYcAsSAwkXGSCAeoyMAD9W/2UP2wbrw/wCJtI13R9dOowQSo93pt1cMJvJ3LizYO+SoH3V6Z6ck1OFz+Fa1PFRUZN62SjFSaje8bOzv59j18uzLA4+KoNLCYiNklJ8vv3Sd79G1ZPRbep+jXgj9ob9qT9irVf8AhDPjfoWp+P8A4aW9ylgl1Kstx5dmSUFzZ3Y3nBj+ZVmbnB+XA4/Y74EWf7M/7T+n2/jfwfcab4ld4kuNU8LXrq97pFy6jzIp7N8yZQhhvRAhxgeo+bdD+Ovwc/aL0Cz0zW4NLu7vU7RbXVdE1FYzI7yIFzaGUlkeM52uhB6/Q/E/xA/Zq+J/7Ofje9+K37J/inUtOmtn/tG78KQXEm2SBW8yWERbjFew7BgB1YryF5GK9aeHo4uhL2UuScktrNS2tqkr83S33tNnqy+u06bjTqThNWXNG9na19bXfMlo1e+5+pX7S/7Oeu+FdEk1T4J6ZcDTSjHXfD0axSssIDFm0+GYEqygk7EXaSpxnBr8Ifij8FvG1xJqOoXWkLrVuZXmnhgtTYa/pSs7b47uwkSN5ihyN0EZQgcDmv1U/Z8/4K5eG/GGuaZ8N/2g9Bk+HnjOEQWU2tXUbxabqFyP3Uj3EcqqYTKw3MzKEJJA5xX6XeLfhj8HPjVoCavDFpa3d5b+fpvirQmhUzs6loXaW3z56ZbLJIzLzgg5NfGZlkEVzSdJUq9rKcUrS2a5rJu72u9lt1tw4ujHNMMsLmNNqqrcmJjFau6acrK7d35tKx/GDd+DZrOeWTT8SvFIRLbuhjuoGXKmN42AYupypDLnJJwQRS2xltWInSSCXlWLgleMhgQ4IC7QQORyMeuf3P8A2hv2G9f06e4vrGwXUQqM1t4j0S1jjvAgJbzNRtUTZKFUkNJy2BkkHBr8svGXgDWfCk89l4l0afUbZCwXVLKBlmhUMV33Nuq7kP8Ae8xWwMkqa8XlnhoqnXpc1lbnjrFq6SemyfRtK+q32/Os54Xx2AbrUU61B6qUfO2jab626Jrs0fCfxU/Zt+HPxcsJpbq3ttG8RSKwt9b0+NIZhMzEr56BAHUsQzMeQRxjIr8rvi1+zR8QPhFcsdQ0+513QUkDRa5pcTSWwiJDKblFy8eAQGZwFIzgbTX7xt4fs77zP7E1CK4YZfyJD5N0gAPy+W20MytxjBz0xnIGLqPh/V5oLi0vrD7da3CeXc2l3befFMucFXR1MeCOCMDuevXyMZlWGxkX7O1OcklzxtbW1+aPXddW7X13t8ZXo87l7SDjOKtfs9L6Pd26uK63fU/nchlt4yzLOMrGGchs9MDaRk424HBAHGcg5rP/ALS3XUcj/MAwLMw2lh1IB59sD+8SAAME/q58X/2LPDPi1J9Z8Dg+EPETmVrizML/ANl3MhBOCuNsO48BEAXJ4+U4P5b/ABF+Fnjv4bajPpviTQ7+A28rCPUVid7CdBhVeOcKU2sOgLAgY4z974/E5LVw1Rc95KXwzhfltdatqzXmrffd38qrRq07uzcb+W1430TunprdX0SWjIIbyG/vJClvmFcbm43bRgHbjrtJKknI5zkkjLtaNtLbSWcA2Sbd8bFslMDdtAUjbz1JxgnPOOcvwtFMLe5ugcqVYp8wJTBBdyrEbiTwQMZ5xz8xyri6SS+nIkYh9qnIJOSMngcHn738PAP08adDlq8t24wipa7/AGb9Om++traHnSjLmfu2Tdruy92VtrW1u2/NJJrVHP3V1qVqTbeULmR4yEIRm2e4YAjpndyeT04FYUVjqWZ7prc7NpU5UswkAyxVRkgfVupweCc+kxwx2H7wyK8k0ZG4fMycZ3c8Kc5GBnA9c1VbUEijWSRfMiMgAAADscnJYk4YENjHGM8Bsmu2GMUGoQp66K/Z6LTT3b6662v56VZu+1lo5STs0rOzdlyt3vsrOyXY460af7Fh1WOXzN31BHXb/EcYGCOnGOFB29I1e70a/gubLzY5QIjIAGMb8gsMDgbjjjoeepwKivXjmvo44UQQvJG29QuN5wCoAyAevYZPXrgdU5trZo2aPEy5VyApXYAc5HIzjGOM+nDVvLGyoqMlGXPKz5dOZW5Xq7ffZ9NV21hKcHCUHa1no2pfYtrG1rOV3o0rW0vr7TpPiCDW4wjpHHqJRWkhYgIykdUJwOcjr69cdNm0jWSR4ZSEIACq2BJjjCoygBhuOc4PTg46/OsWszxO1zAgQKdiMPvBVPAYcEgHsRwc4BAr3fwH4tsNba3sNXtUMqo6pdKBGXK4Ve2N3OCwxj8zXrYTMFWilNOM7JXatdO1k36O639dUfQYTNafLGFfR7KfvN8rto/08tU7PXuEgukwsUpCKqkpySABjcD0XkABcnjnLcYSW3a5bF1tePqHBwwIORu78cHOeoxkjGevitLOVIvsV15Z4UxXGF5GONzEKVY4HTDH8TVaW2mgnZJLaMN03DayODxlSCobIOSOMZI64r1adRtx2aukmtO2t9b/AHfke7QrUq9O8JqSd9Gl1a03ev4O90ZejW32C5E1uyyqfkYH5vkLc8MOSDn7ueT0bOKg8VTL9tjLRJHC6I+9MIhbkHqP4TgkcgnoOM11NnBb+asiwsmOGCttKNnjaB26hu/PPt1gtfCuqwNbalYuWIbDej9d4YYYbictg5JA54BrWjH9+qy0SsrXXMr8vRu93t3u9NGjnxmD9vR9jFpNvmV5PVqzemq1fkmrrXTT5M8cIn9nSrGAXSPcMEncAM4DfkSP6V5BHdLBpFsWJSXzmVh0xvHP3uT1IJHHb5SM19m+J/hjp+p2tzHpt+VUxsF37j5ZxwhCg/Jn7x7ZGM/KK+W/F/gPXfDdnHDdW7XEayNJHcRAOpU8KTg8ZXnHBwwO3nj2KeK9pzWS+Hls1bS61S3Vnpe9mnpZHylfLa9Cabhpdd0n8KV7JtaLt19EdF8OrVjp6TXCsyLeiRGGA64YEMCANrDBIYY6de5/XT9ib44afa3vifwJ4rv83GpaeTpF9O4LSeSo22zyMQWkC/Iq5zkABdo+b8t/hr4Z1q48OW93Hay4aVspKhQkEDDKW+8SeFx2yzdmGdcanrfhXxbG0d1LYXVrcLcRSROytHKjbgquvVXwAQTtPXjovkVfaVJzlFyS2b6K9ui922j/ALyvdu2+2HUqDpOcW1pZ21T0tfTXt0a3fn9gf8FBtbg1fxxp/lAmEaZbIvfmN8D5jkH1HU8g49fhvToNSsb21ubGWexuViiltru2d4ZopFwymN4yGU5AGVPp05r2r4w+MJfinb6Nqu0veWVva2d+oIz5qkAyIoBOHBBLHuMjHJN+28MwJFpLvGAy20RbafvEqAA3bA+XqeuCAB09OjGLw8Iz5XKyhy/zPRbO+10/xvs3s3Odd1Kba1vGSbWvutpWd9N7bb66M+kPhD+29q+haOPhv8ctFt/H3gG6jW3lutRh+031hCAIy4mkDtlAc7jh1xkYzmtf4ofsReBvjDodx8Tf2W/EFlrVjPbm7vfBZnjN/ZyYLNDbIWD5Q5ULIMt0GOtfFXjXQ4IbW/MAUp9mZzg5IIyxIBGflGOA31AzXm3wi+M/xG+EPiay1HwD4hvtLn+0ZeyjnmNle7X5imhL7Duxg5X6HOBXiYjJq2Gr/XcrrOhUb5qlB3eHq6q94NNQbtbmWtm1oe1QzulXprAZxQWJor3YV0kq9HRJOMtG1Fa672V7bnE+OvAniPwjq9zoviPRb7RdUskMFxa3tvJC6MpYEjcoDoQvLL8uQTk554W+sZE+xZUgKoGTjpx0wQccjk8nJ+bjj9wNE/aE/Z4/a0t08H/H/Q7LwT8RViFjaeMraJIEmuynlrJK4CBtzkbhIMYO4cAmvjv9pz9ir4gfCMxa74cRPHXga4R7uy8Q6IpuVhtWUvGbtIixQhWBLYCjrnoK0w+fOdd4bHUnhcS2laX8OekbOEtb3fTfbazMcbw+4Yf61ltWOMw2jfLb21NLl+OF7q1rXs1bXbf4k07WbvTY1jtSUBAGCTgYPu3AOMbR97j3NaU/jfVw8cE+wDcPugklF7e443dOoxxnNcTdTSwKyEOsyZV0KkFWVsMpyFxswAQfmyOcd6LXQaSMNlXcqQxOfTJwTxkk5GFwA3UV9Oq8nTSvzXStqrW93W12umiV07apNpL5N023Zws9G00k9r69dHa/W+907mnqmpi4u5Z3XMrvuY5I4POcngcgjJJGc8HocVrqBvMUjB+bP3ccspBJz6nAxx+VZt/I8U0wLA85yCQBznBznJ46enXGcVlF9xOWHz8bl65J6cHOD64GcHbxWDb179Xrq/d1du93p2VkkrFpyVkkvu06W1Xy+/U2I3jZ5dzDb/ByMBh9Bzg4xnGcD8PU/CTqlmDLM4VsKQG2lSM/NgBeG9sd8j08UsX3XUaMVdROA2OhUYGO59jg4xyf7tfanwN8S/CrwvdR23xW8Kz+IPD2qyky/wBnyGPUrRF4HlOMFccOcHGByTnj1chVGpj4QxFanQptNOpUbUYvS130u7a73d+p9Hw9h8NjMdCjicVTwMaq0q1W4wTVklKyst1fm5bLr25fStTvdHu4763vJ7Zo23RXVtO8U8YXG0pIjKRzn3HYsCCPs/4X/th+PPCWnPpPir7H498Lsqxyad4gAuphAwCr5c77mQ7TgNncBt7kV7T4X/Zv/ZN+OdvZQ/CD4vW3g/WL5cf2B4zeK3S3nZiEhE0jDfGpAUtkN8pJ46eT/tIfsLfFT9mzwZfeNdWm0PxD4LlvIdPTX9DvopoTNOrGEiIu7tG4GQ4XGcfN1Nfossjr0cLUxeDlSrUqcHOpVwtaNSK2u5RT5uXRN6p9r2P0ueQcQ5LQlmeX4mjjcDQi5zq4atDEU+VJfFTbbcbP4eVtapO+h11l4p+DnxHknn0rQ5tFvNQDPcaTBFHO1rIVJMlqQu9ogxOVzkDHbp1Hhj4O+ANUeW0s9ZSLVLpWFvDdPFCkU/ZJ/P2sgJ4+UDoeADmvz3+EHji88F+MvD3iK1jBOn3cM3kzI00dynmKJIZIyD5itFvwu084Ucc1/UHon7NX7Nf7T3w18G+MNCebwl4q8TWlsLjWdLlitYbPV/LAmju7XcpjRJSx+YAnnIPJP0HDOKq4nCVZKOExMsLKKnhq1oTqRm42lRqJNt6295JXabaSP3HwtyvIOO8oxdfH4TK62Y4KShUwtajCnLERlFWlGUYtwbeilyNJvc/DX4jfDTxR4Iia7vrK2m0cF4WvLORJEdtxC8oSBuAPzYwCDgLxX9WX/BG2CyH/AAT+8byahEF3avr4t/LYIVURFoy+DhfQ54Getfhb+11+y/8AEb9mPwffXV54otfHnw7Nwtnd3ls6yzWtzKwWDeZtzK7g53w5HuATX0T/AME+f25PCfwo+Cfij4MT+ILXS7LxHbzzr9vZvtFrd3kUisltj5doyMqeT1JAIA/nP6R/1rGYahhcDg6tHklTq1sNVtVlFVIOnOVOULKUFLlaXR3evX6XIsr4f4U4gxuV0cRDJ44r+zcY6VavDlh9Vx1CvUhSqRVpRlCk3BSs20l10/e/9lDwZ4auLoahq8V9J4i1+11O00A2FzO226851tt7ITtcPyC/Q9gPu898dtU8bfBX+z55Ptth4hg+JFrHq1zqbtejVdKeWJkjtQdwkAQlQhyQ2QMfdEX/AASM+NHwxs/EGvyfEjxhoOlmCBZvDcmu3YFpesJ3aSexlunCRSyIVLBSMZBGQQa/ePxTc/sqfFHS7S58Tz+AfFVu+opfLeRXmn3CWV5ExaO6aVHZ4xCQGbBBBB4IPP8ANuQ8J08bSoOrWpxrUKkVGnKnZ3XJzOWzk78qjJqyV0rXOTxW8e62T8bZ3PD4WvmmUYnD0qccRKbjFKNFU4SwzlDkjCPOlNXtOSTb00/gP/bs1+9+LH7bHiwaLHrIg1+20bQrXR722mY3NzPFD8kNoVBIMsjMAq5CsMYOK2/j/wD8Ep/2hPhv8KtI+J114R1S+8M3gt53bw9Z3Bn0y1lhWSS6uoo13LFEM+a5wFwSSvSv2r8AaZ+zL4n/AOCxnxI8RarrvgjV/hZ8NvC0mpW+pXs9mmlW3iKGECFInkYRSy2jxgcZOBnGflr9Bv2uv+Ct37IXgH4YeNPB3h7WdN8d3dxoWoaNDpNmYfsVvNdRvACkkmYmTJyAp2heF9/2/MoYrA5Dg/qVCrUr0qUOZwpuSm1yrkik20na/NdWe9j/ADfxfG317xBx0quaU6FPE4vmp5ZKMp16kajhKc2opuNPlkkppJKTb6WP4N/AXiDUNBn1PwXdQxa3YSXskBtdQhjUuYHy0Uc7BZhMxAVUiIc+jMSG7j4teCfAfxTPhvTXnu/htc6bFHDNBdzSX9rDM42KX83fNbJIcMFYquCQFBBx7v4d/aO/ZF0D4oeAfHni/wAJ3urWfhbx4/iHxD4esYITbX9tJfm52EgYmCZ8tkcspxjBAr0z4zftLfsrfGT4sftCfEnwd8PpPDngO88EltB0Ga0RJLbVWhK2mpMYVCxMkwVUAKjaAD8vTk4Wee5nnFKksFXwVP2LnUq1rqDnBJpdYu2tm9dE/M/VM8z7h7Lcs9piHSxbUqMYuFm4+0lGPJzNX0lLfX0Ssflp4k/ZB+IOjW51Lw9FaeM9L3u0V5oswlZlBJDSQhmkXIIO0AEk9mwa8G1fQNb8OTC11fR9S0m5jcrIl9by2xwCcYMigMQoAyvHHQDFe1eFPjN4l8GTQzaD4pubTzp3mETTO0BikbzI4nidyoXaVVsgnnp2r6bsf2ovCnjG2i0r4teCtC8Q26KqT6pBBHFfBTx5yyBQ7MFJ56A57nA/Uli8yy9zhiKXtopWcqT96+l3yt8r01unr5nxVTD5BnM4Sw2KWErNpuFRXjd2aV+nqmvv1PzzgvJA4Ic7ApGGK5Pv15HIPy55OeDWxqepsLK3G6R1SSIEMSVB+XK4PUEdewwcAmvujWPgN+z98U0E/wAMPHsPhXU3HmLouskLEXbJESSOQ3zMCq4OOvHJrwb4l/ssfGPwTp3nHwzda9pACyR6zow+227xhw3m7YQ5UFfmOeAOcnBNclbN6OJhGEnKM5SVoVbqUbNaNNJatv4W720bHDh7FYWc54dQrU1FPnoyUrpqLV0ryv5Jeet2zwfT9Tt5PMtr2IFYizJ8wBRmbcuRzng7sntx2FdXb2NrdRLKZYlnADJskIYlMlSuGDE5GQyYKkcDIGPLh59tf6nBco0U0ZjiaC4jaOZHVAjqFcBlIIYMCMcHI5xXUWE0kUaB3KBRuXaMjJAIUZ4YYzgHp3HWsqlKnUUVyxk3dvRJPW6d9U3p2Wq8zjVarQqPn54uL2u4tWaSvs9k9HLf4d1b6s+EP7Uv7QPwMvYpPAPxF1q2tbcru0PU7qTUtJli6vGbe6eVFUoCpCplQfl7V9o6J/wU00Hxrqtnb/GnwdL4M1OWeCCfx94HeSGCFMiM3Ooaa58p1bPmShI8nYwXJAFfk0mqTvKAUUnZyVwGOByST0YgHAGOgxjBrmvEzw3NlOAuwugLZcnOwE+45PoRnvnBx4+OyXL8Y2p0YqV0lJKzunF7peW3pe3T6PK+MM1y+pT+q4yo4tqLpTlKUbLlumnfTy3vtqf0dyPJ8QNKfWPBD+A/2jPB11bSXDLp0djb+Lra2kUFvO0ufF3LNGvyny4hycKc8j54vvgv8EvEWoPHoEmv/B/xqjv9p0yOa50e5hnHOWtbl0V0DkDagO852kg4H4veFvHXjPwZeaRrPgbxPrHhXVrO2hKXek389i4MZUrvWF1WRW2gkOGDDqMHFfoP8N/+ChWq6rbWXhv9o34caH8WNGt5EjfxbaRJpXjaxjIVPNTULVEe7aPJYNM5zgE4zmvj8dwziMNerg6spJJyjT5m+ztbZLSyVtb666n6flfH+BxkqeHzShShKXLGVT3Vq+VX0d42e7ur3v0PoLUdA/aW+G9kX0fxFZfFfw0odU07XIY7icRDgpmXezEjC4AGScrxha8I1fx98NtTv9nxO+FWp/D/AFoERz614ejntI1l5/fCAqsLgNlmIBDYzzgZ/TD4RfD7wT8e9Il8Q/sr/G+y1HUba3a6v/hT4/uEsdchyoaS1sbm4ZRcyJkxxMpbJAI29K43x18MfGWhve6f8Wfhhd6VapHJJc3ur6WbrTIolDBpYdTSNkZHGcEyEYwRt5r5Gnnk8JifqmMjJVYvlaalCerjqlqpKPo15rVH3/8AYWCzPDLEZfiaMoVIXUKnLOOqX2tGla+y833PzE+Imr+B/D3hiXWvDPxCTxRprbkGmXtq0WtW4kxsJdFAZUx87Y5x9RXw/wCItB8MeM72PWIvEKWU8tuqGKXdtZhyAWbGDjIOemeDgFa+r/jrafC6zTWrvwzY/Z7yCQwx21pIs1nPGxYGZVZiqHk4AAxjBIyTXhfgzTtHuNJhSfTbaVmZiJJ40bKOxIUttOGQDB7evUg/sXC9X2lGNWMrNxTTk3dpqL30Wzdmvzsz8N4py+nTxcqMo0uVSamqdnF6paPRdOvnfy8ek+DbSRLJbappF7FuJzFeReaeODhnyTn+Hg89ScAZ918EdUkDNHE+0gEKpSVSMnJynJOOOemc8gAD6yTwl4NfCXGlwqQAT9nmkgyTnBBjIU47nqD681ot4D8NsP8ARb/V7DKAoIL6R1UnGAVL59umOmDggV9rSxtRXvKEls7tdGtb6Xfydz4upkGEmv4MY2d1pb+VX3/V9NOp8F3/AMFfEKCRUsXlK5JJjZCADwu48DOflPTjk8gVxV78M9dtG2z6fcxttyAkLsvBPVl4549slehNfpVF4AlEZ+x+NNRtyzDatykMxyORu37j90YByCA3Qdalk8DeJnIij8TaXeQqBgXdlGmT3DMi9T6/kAOKtYiEo3nFXbVrWXZJ636en378yyGnBu0ZRvre+8Vy7Ju6Wi1uuy8vyiuvCV7Af3sDR4BDBgQ2ckA4JHGeT36KTyMcLq+hTi8g/dy8YwVRivyjaBgDtgEepxnocfrvd/DrXZGwdL8JaoMHJKYc5GGJbHBJzkZBOSMAcVxWp+BLeDUrC2vPA1l5t2JI43sZYnJZF3SYjc84HIJHGAcnHPNWdGorNvmUteqTVt3bu02/w77UcrlRblTV9Ol/h0t3X5Wvoz8xk0N1YE7yikA4Uj5iORg4wwxgEcZ65AFMfTnUHbliCAMrgDnPPHoOhIB4r9N774V6DuaN/Dstqdu5zcWuVVscnMK8bcjJJ7ZHBri7r4M6LIJFjhgTeeAyvHljz958ZAHXkY55BxgcIc1uaNm0l0vbl1aV31dlZ7X2OOtgcTKTai3bVJ31vy3VtdE9Lemz0Pz5NrIxEXAycZG5QOC2M4A5znOTz7ZwhilU5Afcq7flZgF7MDjPYZO08nPU5B+2rr4F6dMHMYQHcRiOeI/MeSQGYHjJOTkcD5eeebufgLIgbbJNEvJUrG0gHGcny+OSFPJ5Jzndms3QTa5ZR6atpJK2jtKz3fT03sjNYbERSvTltquW+/L3te7a9N7nyYomQNtml3HGAGYZ9cAkHr1PHH3c4Jpwubxd2+WUscEYz0yeo6biqkZI6kYOQa+ip/ghqSB9tyoJJO6WCVTgDGckdB2APXHPQ1zs3wc18I6xyWsu47cmQo+BxnJOdo4wPlAxwO5X1SUbSTTVtOXVfZs9Nk7taXvsrrQh0qqbvTeiX2V0tZaK+t+76rR6PxxdRvY3VhK3y/MQFyWBOQDwe/UnkHI4JrUj1mYxCN1DfKxZWVQR3IBAwQB2J6jpgDHdz/CnxXErldMMwQhd0EuSeDnAG7jqM44HPQkHEuvAniS1UmTR73CoCf3UrEDknkAcHBPYdR9GsPUtqp+Vr9kl53tZvVJWurGTTjb9211+Ha6ju2rr7+tnc811lzc3VlK8ZGSoKg5yFIO4n3xj1UZBOcmu3sbu2CKGiKrtAKMo+YDHTAB5I4yQSQccVz2r6Hfw3Vkkttcxrkj54nDAg8Y3Lk4O0Z4A4PQ5rTt7WWJCCGcFcqTn5ScbVIP8PYjGAB8pHBGOHozjUqOztdWv10jp1vqrW7XWjemuYNyw2Htso6ra2sXura36+up1IbTWKqQxDDkMcYxgkenAwd27gFjk1Iw08EbVRghJVRj5d2AMEeuTkHGeV5INc7iVkjRycFSMEElRgDBP+ztwScngjJAWmHdEwyxO44KsCcdgM7ThQOn8XTiu1XjbRXf2dNXdeWm3o27ddfCkrx1ut7LZJ3t3V2nru97bnRywafKSojCEckZAwCCc8fiMnqfwNczqFmke9kJxtBTDAFQOABggDkE7ugPbsZjOAjbZMuUC/MrEHGO4GOD2Xk4BxzmsaZp5Hk81jgZQDaRg9emFyo47kDBGSBTmpezbS6f1fX5eum5ph6M3PWbsl313T67b9NU+thYCqTJ5n7yPPzANkEdCCTxkEHPpg8gct2ltptndwqYyu7GVUMMoT0Gc8nIwATkZ6g9fPcSBD1Oc7cgjqfXg8cd8cDrnFbmlalNZARryG4cHdjjHzFicAAjqSG/DIMRbSTmk22kkrtWdld9d3fu3b0Omvg5SjGUJ2aXd3dtW7q77N2vbpuzbk8Mqd4EJcjIJ4GTkEE5Byy5G4d/oa4PxBpDabLaPGoRpZTkEkY2kZznIzgkDrjB5GCD6LB4nnidSV3ICdwGW7YBO4le2Qx5z1UVy/inV11BrN/ICbJiSXALHJC846fLyOxwOmTWeJUFSbjdS0u0lfRx03Wna97aaW0ay+WJjWjGd5L3ldt32jZ66tavfV9XszpNF0S4a2S4hv7mKRokZBFPKHDHIIGHUdSMDHdQSa2yfFenKZbXXdWjTeFyt3cAhhgfOA3JBJbgAdT0zWdoOvwQwJEAQV2Bgw2jIOcH/AHR7Eg455FdHeeJoXXAONo3hVIIYryR6tnn8Pl4rppKHso3bTtHVNvVWfnp303v1tdY2rjZVJODdlJNa3u1ZaaJNWVmt/VGlZeOviTpg3W3ifV1MKrtLzvKi+w3uQOvXrgZbrWxB8f8A4u6VNuPiaSfC5CzxI5KKeM4Jz15IIxnrkAHg5/FUckSRhQgZSZmVcFsZ2A9BjIOT/DkdziubbVIZZJQY0wv3UIAfB+9jPPOckdeQOuBVudtI1JWv8Le7VndryVt13t0MoYjGR5eeLlquy0uult4203u3s9z6N039rb4p2yuLh9OvVZScyxsDxj0GDnHAxjJ+YtyK6a0/bK8QRRmLUfCWjagWUhnaMHkkgEblx82cYxycgg5FfJKXViWEWwkYypU42tzklt3Y9AQcngc1lTvbPM2HKjAPzEAZxjjAOenQEnBAJqOerZfvPet8Vrtp8vS9mrKz7aHRHMK14pwaWzbTd9V9+vX8VofacH7X3hB5ca98NNNlIQhzHZW5yW5BOUycnBx1z24NXj+0h+zrrcAXWPhza2rAlmIso0JB5O1kTdkHHDHAzkc4z8AanEJGiKlpGLnBU9egYMMgAEjJyPpzhTiyxTI7AodqZwoyx5GTnnJxnpk5HTPIPDWrV4XtJTj/ADNLT4bK3SyuvS99Fr7eFxMakbSjZu1rpa35bSt0tp+Wp93eJvF37LvinTruOw0tdJupbfFuyxyLJE+QeSFCDHUA5BOOM1z3hv4ZfA7ULG1lHjxrG5ceYyvMiSRgsSFIZskA5K4GeAetfEWC7PhSihSxJ55KnnvuUnn5RgHpjFdTp8dpPBbbmXzfLO92kZC4X5Qvy4YbeoGRkj6muGtjpQ5ZzoUmlq3GPK94q+i1dtW1bXe1rrsoUadVuLtrZ6u6Unyr09N/lufoJpPwY8Hyhho3xNsJonyIVmu4tynJK8B/ujtngAn1xTtR/Z616dHi07xlo9/8rFFMg/ebjgZZWwDhsDOflHPrXwhBp8mX+yX1zEwJYLDcyqQQAcsCwAAOACuexzwMtfW/Fmljfa+KNVhO/Yu2+nO1skYOZOAADyR09Oa2pcSJpUZUZJLRJSs7e6tdNHa213pbfR44vhrB1H7aeHhJ3UudWd3eO7jbrbTXZrsfSuvfsw/FCIsLT+zb1SpKrBcxDcT3IL46AAcfNkHcQOPG9X/Zt+LySSM/heafAyXilR8sN2AoQnJPQY+7/FgVzEPxU+KOllWt/F+pO24qu6V5TjpkEk5HA5HvyoHHUab+0b8YtLYn+25bxQgZRNgrn7xIPTp2ByOAME4GtTHYXEwXtKU4yskveXKk+X5u9tVr+V88PgaeEaVK8U76JNNKNtrtJWb3fu7u+zPOdS+DPxJ00t9q8HatGseSSttK4OQRkbUOckscZGeV7A1xlz4K8TWgJutC1aDBI/eWdwAAfU7eRgHknjOOmcfUVt+2D8Soyq6lDbXiow3L5eXPJHzBhjacHnBJzj2rrbf9syaRQmq+DdPuEACsxtLd2ywxxuQk5Hqc5wSCMCuSUMukknOcG/tNXs7q/S+1u23lr181SKbUlJW0S13cbW00SV76vZrW+vwo+k3sLZktrmMgNzJbyjofm5Kgc+pxjsOKiNs64UqVIPO4MpJyc4yOhOfvfnwa/QlP2pPhhfxxrq3w+sAzP+8ZdPgxjIB5VPvYxwcgDdxnldey+MH7MWsMw1bwfbWquwDt9lAYnI3cqgxnrntnb0wQo4XBTdo4qK191yhZ7x0u27Nd7W+9pOM6rs3BvbZryvfS2nW6sk/mfnfp8GTJnk7G4XPIwQAOeMnoOT6n0rGB2yqqSoyeT6EHjGBznv0yBjAzX6QalL+yfrUV0ui2EdvcSKoikaaSBVB5IO7ALZPHQA9DkHPHaj8Lfgff2jT6P4ijgnclTD9pT5WwSVBZhj1HyjA646jSGAo1JctPEUpS2TTUU/hslpr56q1lpbVKdSp8ThLptNPZRWiS3V220tlfZo+BjHMA3y8k88YBAyAeOncEgnnjI71mBGcbtxOTkfxHnnB46Z79uhNfqP8As7/sQeGf2iviJZfDrR/iT4f8JXupQzy2Oq+ItRgg0+SZVwlrJM8iqrscAHPzKcYzzXOftA/8E8PiD8CvHOseCdY1zRNUudOlxb6lo95FeaZqUDN+7nt7qFmjbeABtLDAPIAyamtlU4S5eenKXLe107qVktbOOtraWstHvYUK97WhPvqo9o2dndNJq3l+B+bTcEDBJ2gnHOMdSewyeB1H6UuCCQepweQCc4GMZ54PcZPcDrn6Sm/Zo+IcW54dOhukUHLRyruOARjbuLckA9yT0xzXMX3wJ+I1jnzfC16ynHMavID35KE9ucj1BGM4HMsvrRtaPmtb/wAvZ7/g+lrlOvTS9520S1V3fS999m00lvvex4mQQQfvcHIGVzyADj1OBznOeop4cdgT6nJOB1zgHHqPmx3GQRx6Bc/DnxVbsY7nQtVgIOM/Y59iheCDhDkcd8Y6c5AOZN4Pv4kdmhnj2HlZYJUYjPzHaVHTAJy3qfWl/Z+Jbt7NvXR3Wi0vo3ZvRbNPTbqJYig0nKaS0u+17WutNdLW3scohAJ6HnOfunaMgdMH8DjOCMECgkk4xkDcMgjnrzyc9+cd+M5POvJo9zCVLbR8ueo468kEDA4X1x2Pqf2Zcs20Rc84ORt5HXd/6Fwcg/dLDATwWJV26ctNdOr00v31838mmUqtCSXLOL0769LN7adNL9lbS9NWyibT84yMEDBHXO3gcdj0zk9eKbcMfMXqPlIPQc4Bzx+YHJ6DHFXv7OuIlDPGQegZucknkg85wMjnjkc9Kr3MDrL03bUAIyQSMZPAzk9MdCCQRxycpwkrJq1tf71nayu+ysklZaXu7opTTVotNaW7N+7fpr911dvcrGQAFV3cgAnJ+Yk9fUZPbAz1Iw1TQy4ba+QrHBALEgZGRk8lT8vfjPJ6GoxC45ZSB1B75xyCefU4HGMdyVqXYFKMyEbenXk9+D65OccZ46imlorq2ztrbo+/Wzd79dt7uXIle/2V0bStyrV6bX10e+y6W4yd+RIGRSCQfvY6cA4wRkYwPoc4JoXEmyQ7SRGScAnJ9s4IIAGOBjGcjritUKg2yIPlYDcPlOTwQQBnGBjqOhyM8GsW6yZC7fKCzYJHbryOfx4GOCOKJtximnbZ6a9Uvv201s+10YQjFy1V9Nnrpo99NV0XR/MFuZlG4O2exDMBxxg46ZzwcfXtVqPUbxQzC6mGO3msoGSchcngjHQ4yOgJwKysnBBLEHpjAIHYYJH1zkHjHelycEjo2D69+M56c8c4z071HPNKyk1s0rta6ar8fXXa5q6NOS+CLttoulnbZ66eSd1a60NxtavzhWvZ2wNoJduPfBPII7EEjrgHmuj0zxvr2nhltrxlUp5eHBO5R1GSSemcclsYOVOa4DOMEn0yQD7bj69+SDnA9MVNC5LA84z0HQ+mevtyPbPOMn1ipG95yu1spX7en3ff1RP1WhJa0ab21cYp20s7xv181vrfc9BuPFup6kU+1zefLgJuZScL1IHGeMdOwwO3FaGRne4JwvmDLN03dQdp68cdSQelc/buBKCy/eOMAkAE5I4/Drj6dq6OxQMBHIoAbcOvRQeCcH3XPuB1oTlJ+9aSslfR3+FNxdk2lfe3R+pvGEaCUYQjCNlblSXVJ263u/VuyTb1PTZLdpQx2FSq4A3Yz03HoOmAQMbeM46kwfYJWJLIUTnAU9B/EWPOB1OOB16bsV6xaeF7m6KssTFUYZyvO0nnPGAB0yxCk56AGuv034b6lqoLQWxMh+6scRZivOWKKd3cgA8c8ZOAccTnuFoJyqYiFOKvdznGC0S6t2200s+uhyYXKcTXcY06EpttSUYwcm7200Um9mrJp6W8j5ubTmE0bICd0igFlLAEkHLYHIxzzwOxPffm0yWRDMxbIjKhCPlxgZIBHAKHtyPvgEqMfRH/AApjxFBGLuXRdUjjjcbZ5bC5htXYjjZNIixuSSCACcgnocivpL9nr9hv4z/tMeJ08H/CXwRqXjXxC8BkuLLT4gsVip4WS7uH/dQKecF2QjGAeu7wa/GmS4ei688fhXRjJRlP20ZR53b3U4yblK7sl8T0Vm3p7kOFc1qSinha8LarmpuCUVb3m5NJKy1vdK3W7PzCfTmWRj5bAuwzlccDP0A5yOeQQT6YsDT5BuPlnGCq/KCQecDuMYx/+vGP1z+Pn/BMT49/s46xoeifGPQrDwfqutTCKLT2vba8nhYkBRKkEjspIZABwCQAMjNfob+z7/wbzfHb4x+CR8Qb7VtC8J+Frrw1c6/pz6tK5v8AUobeBpgUiQ4gSYKTEZCN2UyAAK8Kr4p8KQgpxzKlVb5v3VFSnVXI0p/u0uZKnJ+82ko9dzvXAvEHKqs8LKlRk6cY16kowpSdRLkUZ3tJy00V/Q/lxj051ul+XaCcEtjGAM4PUd8YHr9CLjWyhsHkiTHPzDGBk9GPzDHHoRnoCfq/9oT4KJ8HPiDq/g154ZTouoXWnzzRNvQ3FpcPDIQefvGPdwQADwD28LbTYdxO0FV+cc4LHJwWGPlIxkZJJ74zx+lZBmWFzbAUcZhZqVCvBVac7f8ALuooy1fVa30X/A+C4gwOKyzFVMNXXLVoScZq6dpJR+9vZvfVPrpwj2zqrlkOxoySNqk5UkFueO5+72PTkVivkbeAseWxx0IHBPJBBIz0ABzjp8voepC38twp2r5ZUsOOTzjHORz+OMDk5rgmCgjEmRuGM8Aknb35z3JwSegwOnutRv7qdrK97Lovu169tNt/Ap1KsnaXM03FXXu2d9Xurt76PS21ipvDRkgEg55JxznB5Kg84J57d+aIpJFOzC8YJxjHByf4ufvEccEZ6CrcyKkZPJbLYVegG0AEkjAIIz/d4wMMQKxvNO7GCAFJBAHXAznAz14wB6fdHXCdWMZWXTbaVr2dm730VvXTTQ9OjTc46a6p63XLtZXevTyW6t0OiaQMNsnIxlUGFAyPvEjnCkgHJJGDyBUMahWB3KQVIJzkcDnGffgkjnAHXJOYk5EQUkgMpJAI3AcjpztHOSRxk9TnNQ+eww4PXKkkZxjAztzxwFU8Z4PpxHtNL3d3prbtG9u3V/ctXqbRw/K72WrurLo7aX00fSz26W3ZqbrsODnay9cEHgFjj5s+v+AJrKjKklssQQVOPqOQM9OMjj1ycVJdSh1c7gFz0JBwMDHP8snOOAcZFZ8cmH6nBAwVA24XlsAdPoQOeMHt5uJa9pdNe9a2jbSuu27SurO17d9D18LFxppPZO9t+qT02tr0Xdam4MAA5AGVwdxbGMg4GQSAQQTjcSMr2rpvDpBumbcOVH1wCMjjj5mPTkdmxkk8SkhwAGAz0LDIAJwOgyCQfujHXBrqvDsuy6VjhvlIAwMliRkfMMDOOp446cc5Ub+0VmnqrWuk7Pz3emt+1rtM0qrmj92rvvbz33200/H1CeRVjVSg25G1SSWBGQQe5wwJb8RzjmvpF+be/hl8vBWUcjByoYHAH06EDoM+mKskkm0bgc5ycAfL14wMnsTxyCS3J617OIi4ikU9RnHZCSTkcHvg/dOBz02131L1IuNk4tXe1tVFa99X8l5uxyU5xptPqmtFpdXUddnZa20t06n6TfAe7svEEdxYXKgiSNXQnBHygYUE5J54PJ4zknmvqDxB4M0+w8P3N2E2yf2fKQcqwcBGzhccY554B/n8Ifsw6qP+Ejt7OYMyEOoVc4yT16jCk8gqOBjBwcn9I/E09hbaE8l7qVkIks5fMWaWMLGjqykBdwY4PJx7kjANfi/EOFq0c1TpxlySmrpRd1eUXbR62TfvW1+R+p5BVpVsv95xUop8rbSatZ2tpfVu3lo12/JHxLqkMN/cRRpiZJX2qu1Rt3uDyMckAe+TxnnH0r8JPHVtH4Q/s24aNAXkyskwATKnc3zEZ7dMn3ByB8peNTaXHibVjYyJcQtfyLHPGcRvGz/Ls555bAwdx9sVdt9JvrC0CxPIEMZYfPIeHwCducH5c847cEZFd2JwtGtQpQqS5ZPleq1bVviWi6XstE7X6o6Mur1qVarUjHmtFxb1t06ekdk7aa3Z0B1Ox0nx7dXkkkIgXV4pDJEpYeQZw0hXGRkAhjhsHg5yePtf46/tL/Drxf4Aj8JaVb319qdjp1lDBeomyIGKNQ7McByQw+nA9DX5tzKo1S2jnkKb5ooydxYsWbqSWyDjAJx0xzxXpXiXwte2drBc2ttdfZ5rbe8rQuFZShbKsFBII4BJYcqMnjOGKw2BVXCSr1IxlTa9mpNRu1aztftbaz7Co43Gqni44eDlGbaqcsXLRtdkttLbaLTVHnWs6xLf3EcyqE8iNEQpkHj5W5AHIJPbOMjIFZ1zfTSW7M8080pVUzLIz5AADMVY4IHQ4z8oxxgVoWmk3Urf6pirFiRjcAO5zknkZyenG3mtez8KXVwwAtZSxkIjyr4ySVJLYxgA54+XqMdj6bxuDw8U6lanFJRtzTS6LW99Ek/5X1T3aXi08NjcRJ8sHq97S3SSS6rRdO99NTzG+smuJIiCMFdzHJ4+Y5B5yMjpjJGR0GK0/DU11ouqw3FvMUKsRk7znIwRkEDnuw9Ofu4r1KPwFezo2I1dgeUVS8gwRwqxh2J2gnAxnn+I12vhj4LeLde1O2sdE8J6zrt9O4SLTtL0u7u7xw2MHyo4y6gnAyVwB9OPMx/FeTUcPV9rjMPCMYPnlOtCMYJKN+ZyaSjbdtpLVvsduG4fzOdSHJRrNyaatTmnZtJJOKd7Oz0TdzxPxZZS3tzDNHIZGlBkkcqcLI3JwASMdQDzyMdSTXnj6PNudWU/I/IC7SSSAOgIOTyc9Mk4GPm/a34X/wDBKX9r74rQT3tj8LbzwtYK0KreeJjFYqkUp+R/Im8uZVwVJwuRja3Umvsi4/4IQeJfAB8Jat8Y/ivoGnWGsX2n22o2Hh6IzzQTahJHHBAWn2o0xeQEbW77gfT8bzD6RXhpw/UlhcVxLgatenL2X1fBTeOq89lemo4VVEptXtFtX9Gz66j4XcRZpOEqeFlBVNU67jSVo8rb96V7LdLl89j+YK4gkteGiKqAGy2cHp0PYn35yCSPWPUPM/sd7iGzIiaVYmu9u4FichFbaSSOrAYB4GCc4/pd/wCCmn/BLD9nX9kP9lC3+KXgPWdd134ip4ghsNSfVJAlsbWZFIC2YdtrMhLbggXaMDqCP54vCX2bVtOvNBvVKRhVvIiiFmR8gBV2g54+8xJ24znpj77gbxLyTj7IavEmQ/WHl9DGVMNOWIpexnKVD2ftJKDbbhqnG9nbpe7Plc74TxuQ5hTy3GuDrV6SnTcNY++7LWys7pra1tU+p4WyGUurxyFxk5KBiMbscbd2T0yDlR0HGRa0S2I17RGDctqFudgO0j98mG6HBGckYzwe/T9cPF/7MXwM8Afsr+EvikfE9rrnxI8RaiyXlpG583S4WjLxwm3VtjBU4csgAYHBBwT+XdvFZy+MtKFmoaJdVUK2ByBNkNgAENuGcJkZPFfV8LcX4LiiWKlgaddUcFjKmEqVK1KVJValOUeb2XM25Rb0jK1rWdui8vPOHcVkX1VYmtScsVRhXjGlUjJxhO0o86Sdm4tXV9Nb3tY/RyEBbS3R3ORawbQFPLBR/ERnv0+hrPkjysrlgNrEgElsgdCxGQSen90DpwONpUVrO3d8gwwRlcdgVHY45z/Dg4Oe+azJY1+cqu4vnjgHGT/C3Q9R09jzkV+l+xi0nyWulbTorKyXk27/AIN7nkxcXZ319He11997Wdr63vezt514yj36Rdu2SRCwjKxknAweBnoSTkknnPIBrwrTgRH8ifIzAsmcM5GVPfkLjgng8ZOcY+kfFsatot5wQFtmOFClhnkYJ78A8Ec454r5906J5IQVcMYj8xOFPUnAGS3AGSec8gD18zFQ5ZrqtN/WN9ej2Tsvh26IJaS9PPZrRp9Xr5PT0Or8G4MV+4UgR3o+UqMnBPBB5J54PrnpkmvX7J3CrjdgspODkoMggEHOQRwcD7uD2GfMPB0I+zXq4DM95ljggEEn+IkA8ljgZwDwM8V6rawqqRqNwbf8xyMg8kHB6DqB1/hzz0mhFJ3Wzav5N7dnd6a+V7a63zJcvXbp1Tjq7tdNrp6fJN88qtdY2jC53EAncpI5I2j5jnk9uAOnHqvh+3wbNiDkDcobsBjbgZxjaM88nrjAxXmpQeeHGMKcMSOigrxtB5yCRwCT0716zooEj2aodwCgk4AJ4BADckY9c5ySeoFfS5ZG8m7bK3W6+FPrbo7L8tTxs1mlypJbq+yvZqz0tr63bXe9l6+lsDa2/B4QEkDGRjkDAz9PQdMc1GLQt5hBULgDOCSTgtt5GCWydvIz06ZA2owRawqoBHlgHjsVx3HHPGOvH4U1on2Lg4CgsxK7SDg5C8fMemMZzzgjrX1EI+6tL6Xb0Wvurr167vW2iPKlUknHbZPu0tHp0b+++t9DC+yq75LKCPmHKglkHTjgkDPPoD0GKUxKDu3EEZJ4UggHHIGR9OxwMggg1eaNlAAQZViq5xgg/eAzg4OOnLcjOc8MaMKzKeScBlGRk898dgeVBxnOc97cVpzWbdnZJ31a0adtXvfZu7vqrJVW7Ja2tZc2v2ddndW0trprZJCRKEHmYVwT8wYnLDB6E52rkgk/TnNd74PjPnztHkb7O43DPP8Aq2xgE8AnI4BGcZyQCeMVY41JDDlT8pPPCnjjOB0JOOoPY13fgVfMu5SshVmt5NwbjjYyhR1xtA6DjPvnHLiVFwfez1V7NLlstbP1XRq3TTsoN88b6JtLXXS8Wr6Wfd3a66aafz6/FR7hfiP40hOcrr+oqA3zYBnfkk8kgHaK5CN3YLCdxKjcxVR8xGGxwQTwTzznAGSMAd98WLdl+KHjg53N/wAJJfgH73AuJR0JIHUYPvx1rlLC2jluYjNJhRjzCwwOuAgIGD69+ueeg/NcVOMZTtZWbVnZ9tOt9trpp90kz1OV3d97LRq6Sdt1p1XTyZKlnckRvEjEBhkAMSVBBIJwVBz2zx3Oea0hJPCC5d4sBiiA7WDDJBJHAIPKjj0PULXcQ6xpsMC2sNsm6NeXIVgTj75PXryd3bC4xXn1/eK968kRVlMq5CqeckA9ASAODgcnvxk15cKrq83NTcVf7VrPRN3Vl3Wtuz8zO9n1+ffTfVbvff56FuxvbtJAxMnmZDAMxwf5ZJBLZJzk5JBJr0/RfFUlvCYpZACwbMYAYbc543DnCjJ5OcZ64rB0mC0kt7eYoqlwA25QXUgcgg4ycYAYn1645z7tLNNR3Rugw+AjHK9ee/Q5+6TgjpXHV9nVcoKCUov4kklsu29+qd7O29tRtWVrbead9G77ddvQ970uaTV4Qmnku8hVnVCRk4BKsqjGAc7WwRn6Vef4Za7eme8hUMzEsxkdsqowrZBJZv8AZwCVGOcVzvw38V6Zol2kMix+dJMoLkAoqbt2DkHI6AjPI6ZUE19JXXjWwnybNYzGoVpNu2POAAVUYJYEgAZypPfAzXx+Y4/G4Sr7OhSUouXxOT0Ss3o1a11tru0tioxun1d0tGrWtd6WldXV993roeLW3w+vrSwlnedILlJDhc8yDBOOfm+u3BIIzu5A5S9j1y1lAUOsMK5bMbBV5w5IICkA9wTuGcE8MfcNU8XadPukEYEqFZCrlRGqqM87cMeecgZLEk8dfIPGnjlb6M2lo0KswO99u0rHggIR1xwRjjJJJzgAdGWY7HV5xVSmrOzuk1ZXjutE9NXq02m7JWbuN01a9mla0tei2a0fe2nrpfBF4/mPdSSsXkDAgN0wCN2BjIJG7pjHTnNT+HRfa1rNjpNi5uLvUbiO3tISQgaRzgBmbGMtjk4GeB2z5jdarPGp25JPGSuSMY3EnjAxkYyDn0wDVjR9evLC4tNQtvMhure5jlgmQssscgfduRgoICkcqOMcnOK+upzlTgnKSt7stXp0vprvpd3ttdPU6KbV4Rd9JavupNX1u72Tbej0173+t774Q+KtMmmg1yNrG4gfa8ZlXy1O3K5KHA4GOPXgADBwX8DyfY7vzRJO4SUQmIEszlcAAkAkE91O3nGN2K9++G/xl0LxHpken6/or3uttAgl1SeaSSOdgoXLhsgMo/DA98V634h0vTrGxh1GKxit7OeMGIIAcE45OVA2knrycjjPBHl4vP8ADYWoqdSSU5L3dVZv3dFpbXV8qtr8j6jC5J9bpe2pu8UouTWyvy3bdrX7enRH5S6p8PvEUDzXCaXeOpdkwsTEtkkg9DkbcHHJOMYzXsnwo+DP2jdqniO1KRKQY7SQEEkY+8G5ZQPXhuOQcE/TzapZh3jaNGRFZkChOo3FmwcgEcnkDvnAJB5e78WssrZXbCpwqpgEsAQG4yPTK4AJx8x6DhrcTL2bjSjq7e91drXtq0+ltdrX7hh8hpUaiqVZqUVZ2tvrG7dr3suj0VzbOjaTpkZggs0t4gFGF2jIBwFGPmHXbzwSDnBxmZPskYVYyREpXMePm5Pc7RnkAc4HQDtnw7XvGszzlTcOuyQ/LuOAAAQDg8dM4I6gnquBPpvimeeDJnZ5GYDYDkrjCrk88qSe+T79/PqZxi3BVJJxi9bt6WVt7baW81s77nep4OnL2cFG8dLq3Tlt066aJ6ba6nujyxEpHuVCmXOdqgD5mwxAOc4I5z9Bww5LVrw38vlRsHjiAQlQqtkk43HnAB5HHJ+50xXMzXl5GVjuNzQTKruUdjI7MoIXOWIPcDPQDPIruPCXh6fxJP8A2fZW0gadolV5AVUEjBMknBA443HpyByMeTW4voYKnOtWqxUYp815JOy/DSytq9+23VSwrxb9nTjdtpcqV21dPazSSevRLQ881PTpJSoRzG0QxgtjK85BI+8OF4/i9G5rmLuzuI3RZE38EqMkgAYxk8ANjvk5yOBzj6f+KXwq1Pwbp1hKkJ33MEDtJncquRtYqVJJ4BwWHAHU5yfLLbwZr2q2DzW1pdXhmMcUXlRMfnyBtZlHf7oHJyMfdxisJx3l+OwscVDFUowaaXNJRV1yq7lK2vRtXvfRO2mWJyLEUKjpyozUmk7KN1qk1runZpadul9eU0v4W+KfEtpLd6db71ghe4KwKxd4VGWJK4AwcjBILA5x3rk5PBniK3jnupbSS2hgEiuZwykhVJYqXIVgGX6M2QOTXv3gzxh4t+GN1daTdWsy/bkkint50JMI2rhsuAVCgg4+6R04Ga4j4k+OL7WbZoVmVYnR4wsAAeZ3c8Er0UHgnrxwOgHhU+JM1xuYVIQeFq4ByThiIVE3GOis9XG8Vrp6PQutleAo4anOXtYYhJqcHZLm92262STvbZ9L7fLl5dpd3otII/NcPtZlUEl95UhQBnr0zzg/MB1r1nQ/hTqmr6U18khilb/VWg+VmKDIDA4OSo5PBzwuAcVR8OfCnxdpj2fiY6VP9hLtMJJIXO9iN4ZFYYIAxg4IOSSG4x9ifC7xFo/22LTtWskivH+WQtGvlshTBIXaNpA7gkk9zjFcHFXFVXB4RTymVLETou2IcZqfLpBtqzd7X16emxvkWRUMXW5cdzUlVsqba5Yu6XK17uvk7Wd9tXf4f1LRrjw3cpb3UUtvIThlcgl8ELlF4yOhyo474rX8MWFve3bGdT5CsTcSAgMwPKoM5A+bHJ5xuJAAr6f+PHhCzmvEvEt8IVZreWFVwq53AMQAuT2IwcEg57fJNmktrPcQpI6xB9shDEMcMVzxzxyD7Dkk9d8lz5Z1llPEq1OpKK50rO01yp6Wt1vdtu3482a5S8sxrox1hGfu2SsleK16X6aN25tLK50eqXtxDcTW+nx7bdfkSQqmDszkBsAkAfKcZOMnsK5y61orAEupfLkPCxqAocdWJxg4z2Ofrxx79qvhC3i+FNrrhuY3vnlMsMIVPMRNzBQxxuO5hk8dQAMn7vzU2nzXV2kt067YlLSo4C4UDgdBgnuMZJz04Ne3k2NoYynNxTbo1XSd0t4tJuy1e+u6fmjizfC4jBQpSqK3tYRnFJtpRk01dK1m023Ztbeo228UalpV8l7pup3FpdRuDBJazPCY2OCTvUgkYyDzx6gc16JpHxc1+1EzX+pXNxdTOcTSSPKzNn5nlkYknd6nG0KCOMY8q1SPToCr2ylppGwFZeMDOTnIAz759sgmscTRSqS8qxBGztLcEsRnA4xnHT3zz8wP12ElySjVgnGSsr2auly7vR99L21fmfMSxdScXCUpct37rb5dFo7O6vZXsraWfmfqn8I/BsfxE+HmoeMtQ1H7HcWG8RIGUCQpjc7jPLPk43EHgnlen6I/sVael34L1yBDvji1gKzbRkZYghiuRubaMkY9uRX4/fA39p3RvAvgm88BS6FFqVxqzCN7+Rj5a7ukq7uEaLPIA2k5PPWv2X/YB1S01nwb4hlgiCxzayjblGAcsSTwMDCk4A6gEZxg19di80dbJK1OU5XhGLim9/hs3vo3putvVPswUaft6bhJN8qbfW/utK9ndabt6rW9rH2TdeF5ltHeNAUA2qQOcHCjb3wPVehz7Y5c6KyOfkJIOF+X05ORj174zwDnOa+qptKtzpG/ao2xsyggdl3AjBByCSBng4xxg15Xc6eqsF/ickAgBeuTng8Z5BGWyCM45r8MzSu1Xk7uzbSXfVPo0n8++l7a/U0o8qSaTvqr2va6duy6dXu/Q8tutNIsLpjj5omAAGTjGBj2PQ5/DoBX4r/t2apFovxK0Rndxs8PBmKnthjgFupZjk4IxnjkV+8uo6cV0+4XYHJjYBgAMegzy33QCQSQTzkV+Af/AAUSto5Piro9vckxQR6FCXEZAkcMSdp5PXtuzzz3rs4brRliZKTdoq7VlrblutN/wv0euvFmLlGMXrps2tFZqz7W7q+10flt4v17UvGN8bGyaebzmMccC7tqgsVV2AAX73cjg9Rjir4+HmkaT4fu5NSgjm1Vrd5JHVlIgKrwPqTj1HXJYjNdDJqOleEnu7+whVrmePEZK7ipC4xyTgjjkkDnntXlWq+JdX1RboguEudxdYwSSrcEdSqjGCq4yG65zgfoX1ipVlTjRTpUYuPM3a7ty380m11s3qnofN16tOTk5pSk01orpJWu09d77XXXQ808+NVniUC2TLIFBA3gOwBO7HZcfwnPYdKqXCPBAJRIoDHbw4LIpHpk4JXk5xntgZInu9Gu2nNybdyjuHMQzxgAnGe3B4zk55B4Jbb6ddSu800Zwg3RxMSVwpzllyQQACCcjnntXsr2bipKSd1F2vqnpe6ttvbv+J5fup79km9779Fort3tu9W2y7YLA0J3Bi5Ul3wQEbB5YcckAYwOcEnJO03bK1u7m7s7W0t2nklcJBFGGaSd3JCKiLlmZmwFGCMEnGASJdM0fUtWnjt9Ot5Zbi7kWKO2to2kllYgALsRWIC54OAFU8jGCPr/AMGeF9C+D8Nt4g14Qa147NsJtI0cqstroTspK3F4fuPcITuRGJwQeMiinFOTV7K10na71jpZ/nr8unXQoSqW5bqMUtbxSWsdFfXZatpu7unseg/DXwjafAnw4ni3xmto/wAQ9diMnh3Q7hEkk0GzlX5b+8jO4pcMpBiVgCox2zjCsry48Ta3cXCzPeXN7M8k08x3yTPKxZwqEklcttUDAA6cYNeWeIPEmseLtWl1TWLua/v7iRpJ5nLEAbiFiQfdjjUcBQcAfKQBnHv/AOzVpFpqnxL8M2d0Q8U2oQoY3UgEs4UFwCOOgIPA6kjkjejSeIcKKlFSnLlWltJOKS1d0tXay1+LpYjNc2jk2XYzHOnzUsFhqlecVZc6pQ53ZtbytZba36I6638Ga9A8cEGi38hljUwJ9mkYndwWXAGGJORgZxzxwaNQ0fUtKmaG/tJ4JlQf6NLGY2Vgp4ZcdMDJPGBiv7d/2Pf+Cen7PvjXwDpnjP4h2EF1fW1p5iiNfLjjlEXmROMAA7BjKngntxx/Oz/wUu+FOleAfir4hHh2wtY9Pi1K8tbBLSIl1tFcrCZAqAhzwCcDjjHOa78bkMcLh6taNfmlRcFUhKDive0spNvm1srta630PyvgvxlzTiDNsuwmYZJDL8uzeOIll+IjjKderNUeRv2+Hgk6KnzLkUpO+26Z+P8Aq8pdYUkb5l6gZC/MOOfYAHK9R3B6YEzyBVjVdoRwxcA4JYlsDAyxI9emBkcc+jWHgfxXrzoth4c1W9llkB8xLSby8k/KC5TaqqSeh6Hdz1Htvhn9kX4r+JJIriXSI9ItGIJub+VYwqD77eVuDcAY6ZP15r5mpi8LRj79anG1k3zr+70er1bv31s9Wf0LD2tdpwpyle26dkn01tbfTXzPk9JZHJyC+0OwJyOgxgZzyQOMZyQPao7dJpcbl3k7zhQ2cruAI4OQuQMA8cZ3HJr9KtF/Yw8MaQyz+OPHFjHHt3MltJDCit3DPMUVgFABZT83uem1q/g39lX4aRjzNfttYu4Yi5trRjeTyyejg7oFXdtyAQQTyelePWzzCQclRVWs7pKNKk97LZu11b3m722ad3r6MMJVkuec6VO1m3KSvZWsrN3k92ttrt2Pzb07TLiaJVSGZ2aTaEETH5iTtI4JyXII+gOAMGvc/gx+yZ8Zf2gfG+l+C/Anhe51vWNWvVtLKwGEaS4kOfnaQqIoUU7ndsAAHkZBHoPjT49fDWW2Ol+BPCVjpcVs4FzrV3CjXcxbC5hULsjdei4b5evQZPcfBL9pXx38LvEln4r+G2uz+HNTs7eeMaqCrXjG4UqxjUA7WKkhGQ7lyASOK8TH5xjFByo4b2d7cvPLXeO6SdmvnrfTTXfD08NUlFVKjqWS0p3SurJKTetrWu7Ld21sfY/if/gk98Jf2R7bSNZ/bW+K2n6fqetQNeQ/DjwC8Gpa6DFjNtqcqtL9kXP7tzuGeSAe3xf+0v8AE/4KfD77Bon7MHgy38OaM9mFu9X1eL7ZrvnNlhOtzIh8mRiAxCtkEkAKOvsGpeEvi3+1CvizxrdXnijx54uNtJc2kMtxeX07BUZ53Qt5kiJvwQiAgKCAOAK+IvEfwD+NUPhm91bxD4T1WzsbK7a1vLu9sbmGK3CuUKNJLEiuxwVDevUZ4HhUc5w0pOGNx1OTVRJ0KlSMWtYtRcVKKn1tzLTezuevHDVuWMcPhWm4NqpTp2urxUm17zaae0r/ABarXRvw/wDFes+MfB+r3vjG+u9c1qe8+yafcXVxLL5UEhbzgqOSg2gAKP4RlcgZrldZnubRbfSdHMqWsF1BJOI2y7P5gLZZTuG5vlyMDgD7u4j6N+BHwN8X/EeTQ/ht4F8N32q+I7ydWMNqmG/frt8+Zx92JMglmAADHODgV+xfwQ/4Id6wrSar8fPiPYeFbAsl1LpukK11qY3FX2TNIoiDAYQAMPmBIyea/PeIuNOHsmxldZljqNP2srUqF+ebi4pRapwXuxtezdlZas+4weX42rgMKoRkqkYxU5t2k2lFySW7d9HZOy320+hv2K/hl4v+N3wf0TwZoMUx1XWvDEGmtqCq0kOi2DRFXEjqSI3YEbjkE8kAd+K8Q/8ABAXxP4P+IHh7xd4j+IOhat4NGtw63r/mSmG8gtorlLiWygiLDe0vKOxBHXkhmFfuZ+zL4Z+Cv7Inw/k8MfDa3vNRtFhXzvEGsvi5vZVjC7gzklEBAIjQhV5ODg183/tIftbaTcreWNnqhur9/MVYRMv2aAOP9g7WA75A5GeM8/lmQ5hVwdPHYjI8VXq4nO8TVcYU4KNKhQlU91ycouLlyybdnZNqzd7P2Mxr47NMZhaWLwtOhluAo04upiF++rzjGKk6cVJKKTs7tNvbyOq+OX7Tug+Bfh7ovwq+Hog0jSfDmi2ejvcQYRjBaQJAIrdQQcOE3EMfvMxP92vyI8bfFSa6nnu2uJCHBJeV9znkkDBKspY8k9R07ceUfFD4wQSXVzNPdHUb6Qu7IHZ41kckqqKC24L0HAwMZz3+S9a8Y+IdenbiZEYGTAJEcaHnAYkEkfdySSMZBJwK+/yfIK7ca+PrSqVmoc0p3dkuWyitreSS1d+rvwYrMcLgacqOBpqEHKU5OLbnKUrXlKTXvNvdX+dket+M/iGZrgtLeuxJLmEPkKw5UYB4xnjGWHPB6189fELxHdan4X1tDIzo6xqoyXVQQNwJPAY46djjgEEVTGn3M90JtSv4LZd7M3myB32dC3OVUkE4U8DqfePxxqOgx+E77SdLuknnfZJIRh3wAu9iw+Ygn5goHTPrg/o3DroUc2y2nTpud8VRi5pPli+aL5m9brW7WiW2x8fnGNqVsHinOVlKjOyveTbirrfa9r36WVtNPkS5U58xIwApCkYJBPALYwSRuABbOBxxk1AIxIcYKsFKrxwoyc5B5+YHg9hnjpnXuBuLojcAAlm+UggYx0yGPTGOvGRzTUTayYdRkckYOXB53An8Ofunca/qyjJWilpzRVkmlr7rvzW7JPrpZtM/EpS96Vr6tqy2tzLpq7WV3+VkedeOomTQ7lmCABQ5PBOMMNgznqMY543ZwOp84+DMhkOqsNsSLcsBhS27rkFWzz35xzkjFep+PYydDugwQ4yVOegBz8xGfmPO7cTjdhR3PmHwdjzHqkhKqr3mHwSGYA8EH165OAcfQEKbfPHlVnpro29E7dbWT7a76mTbb13unZO99fPdJr1ttvY9m1IFUAZQEALEAY3BiePrlic+uc5HIw3Lr8wB2ZZmfaDjsAwAPKjjsepBJwa6nVCMKqHdhSH+XHyjHc4BwMnJP97g9DhMgbru25DMAQCfXAOB16jk9scg1tTb5rcyk1ZPa+0fJa83Tm8rNmEn723vdtLr4dbq70a1a2t8juvhurf23HtHQhmBBy4K5UgDjjHIOABg46V9O3oIaNssQ0QweoUgZI5x3yfQ59ea+b/hnGf7fC7SwAwcEZGecEgcjBGMAZx1zzX01exhohwECxhQuBn+HOSPyB4PXJPOPYoNOFnaytr3cWtFZLvZ3s7tb314azfPZNXtGzSukk43utOj3VlbW6ujkCC0hKggopxyMcnsDzkcE9uMDNdTpsJlaFFjdixAbacMQ4wArDGCd33cjIBO5hWBtKTBQQTggYwwVe2Sfl4IB5ycDg5rt9HjKeW5dlOY2JHPygg7jjO0dCMDnOMnissRBOlUilrKEkvuXXS19tr6+t6w8uSdOU94yi3ff3XF2d0ktLpbX/Bf0H/ALQPhL4P+B3w41jxV4ym0uXVNNmj1azucx28ULx5SEMco6kD5snDc5JOCP5g/+CsPxN/Z71/9pPRrjwHpemalo/heC3t9Xu9DhS1TUbq1mBzKIVVZJiQRJIxLMSSSScV+m/jv9oTxH/wrHw/4RutS8MWGjafpMkcKXkcD3ciiLy3B3YZJWG7aM7g2ADkDP8sf7QWq2+p/FTXBBeK9udSdgIWzGQ8jMxwrEkkYI3dBzkYOf454d4DlQ4vzjMMTKvRisbjZqjCU4Rq+3qNOVR3d1ZrlStrJM/eM34jX9iYKlSlCvOdHDRUpuDVOMIQajFWutVZ7a9d2f0b+Fvgx8O/+ClH7Pn/Cc+CtHfwA3wZ8M2nh+KBVbfrWrxW3lKgAID+ayEbj1+Ujqa+MP2Hf2Ktb1f8AaSvvAHjLUm8MWelLfG7uJ18ucNBJtjRHcCPc65Zwxz9CpFeyf8E6l+Mvgv4HXOq+A/iBoWieH9ZvZZ7zQ9TkIN5Nb7tpk3fuw/JKtxwCccfN9dfB220XXfiZcTfEfxFb6ZqWtSzTy6t4a1BVuzckkMJJpnjVEcjIyANo645rPiTA8S4fKOIctyTGSpwrQnSwFWSdSeGnJxc56rVK70u2paprZ9WS4rKJ4zLsbmeHUqkHGdaSsub3Ukmo3TV9UklrotHr+jWg/wDBL34X6i++7+IGp3cVwsbJBBcWp8+M5CkFmBBG3G1cAYbBxXsWhf8ABLn4B2aETT+Irt027H86EGOROVZQhO/B5IySRgZOTXiB+Fug6bbW1zonxq8Tae+wPZy3Hie1eLBJKqw+1HbwemWAHH+7rXfiPx14PsIo9P8Aj7AJoUJD3+sWM6ueSjq0c7MSQcYbqeoyAtfy2+BvGFR51xBiMRabe9WlbmUUlaNN3S36q2l+p+nTz/h2u+XDV6NBcv8Ay9oQdno7OTTbtolfey1vtj/Gv/gij8HPindDUtP8X+IdHnWIgrcQRzAseODLkoFGegXI6Z61+d3xC/4IJX1jcyP4V+JEdxDbfOkWo2TxiY5BVVZE25HGTk9eBX3TqHx0/aGtdrab8cvCF3HMG2Lc6pal1wuAGBkIGRyCFHbBJUkeZ+Iv2i/2vLZBJZfEfwTqEXmEsp1TTmLgkbQimRs5bAwQMnI9c+tlmSePuBpJYbOacqcZpKOLrQqQSTimlGdBSSetry69NTzfrvCNavL688Lipcqu4UZRnJ2jqpRavdPR202PyR+OX/BK745/DDwfr+vW1yus2Ol2cjtZ6VFK11IsYL5iQLlwQpICgtwcEgYr8ZNa8P8Aijw5d3EGsaRdabMVctDf28ltcsI2ZWcRyorElh1QEdQOK/pp+LH7Zv7WNhol5pOry6Td22o7rdrmwtre4wCMsVcAoQwOCeBkkjup/H3436h8Vfil4vh8Q+JfCdrJBBpg0+A2sEEAESs7fapTEq5d8k885PU7hn+nPCinxvOdWlxusuUeVOniMJP3uZtXU4JWtpdJJPpZH5jx1iMhVKM8jliPbRmoypOLdNRUk7xleTVl9l3362PiXw74R1HxWr2dvHdXFxdxyPHa29s93cSMg52xxq78ZOTgjnnirUXwO8c6fqMUDeHtThku5Iktku9Ivo3dnYKoRXhXOTnkcDPYEA/pl+w14hb9mf4t2vxK8QfCmL4jWL2U1rb6Jqkcb28L3C7WnRJAUJUHKnAIIx05r9gPFn7fHhvxnYPDD+zD4X0m9Qb7PUHsLAz2WXJRd5jDhVPI6nC8dVDdfH3FWfZLj54TIMieZ0Y04yjXeIVKnKo17yvJSUVB2umru7s73M+EMgy7NMNRxGaYueHlKbc4xS/dxTTScZJ6S95Jxdl18v5+PCn/AATn/aj8b6YNY0D4fT6rZMiu7RY3RLL9xWiOJAzDB27MjJyoAr1zRf8AgkF+11rVnHcj4ey2rAqrQ3EghMe4YGVYgj1YYzjhsjNf0sfsyftg+NLi1itl+Hnwy0mw/cf6TLrNhp0rsCAWlgeSNtyqAWUgjdyBkgj7yX9p7xGIXuJ9D+FF1CzbU+z+JtM3HI4LL5+eAPU5JI65r+V8/wDGDxoweOrYfD8PYajTg5W9nhq+LXLo42qQnBN7J6PU/S/9SOGXGE6DpYtTtaVfMKVB81o3fL7O6bu2tWktH3P4/rP/AII6ftm+C/s2vN4MnhWMLPaS6feI10swIaJlRXB3K4B6KRjjGBXyP+1D+zJ+0d4E8U2tt8QfD3jC/wBf1K2jkknniub4vAiCOIF4hIQqIMfOfl5IBYcf3D+Iv2o/iOk/lWvhf4cvZyxFLB18U6eNkpB2PIon4UHB5wT0x3r4z+JXxF+OeqX1xrGteD/hD4iRYiyNJquk3dxa2gYs6mRyXOEyAASCx7jArHhnxY8Yp5rTxeccJ4LF4SMGrulPCYmN+R+7ObqL0VrtPV9VrLgPh/EYSdJYilg6js4yo4qGJd24u1rQdtlezve7u9/4vPDfwG+Luu6iNK0rwJ4jvbkFVYJo9++CxAO5/KKdzzntwRjj6R079kv45+HY45dQ8A+LLMsi7duh3xUKxySSYcEc5yMgDsCeP7A/gp8Qda1dIjovwk+G8MkkSxSPbzaVDMbguQwyD5h3kZDFhgHrwRX0dqGrfF+5lEUvwh8L3iDMSRLqFhLGoZWycbio5GT6Z+UEFSPqcf47+IVTEezocCqNCM+S6xEpSXK4u9400rtKyX47nm4Xw3yXDP8AfZqndN88qtOChdp6wbu9OifR26H8d/wc8J+KfCcXiSx17Tb/AE8PGDvvbKe2ZmX5cEyIoOAOQMkY6dc+iTuQgcRgOxwxI4KgADIBBGRnpyDzkNwP2+/bh8IeMYfhLL4g134a+GfCVump+W9/pktk16zu2dkghbzGRu+eBnj0P4n3EJEkpYA52kBDxk46duQQeORgYBHT+0fBLiDMuJeEaGY5rl08sxlSvXhLCTfM4qEocslKyvzRd7WVmt9T8S8Qcuw2U5zLC4XFRxVFUac41E7x1a91uLastW9ddGY7rMI+QMDkEAHkngkHGAQc4x3PPyk15b4/RSuklQMjUoSDj5s85wOMKfQdRxnnj16eB9gVCSAyZBJIGF5AGenOO+OuSBXmPju3aRtIO35/7RiB3EYAAJPBwPbC9Dj0IH7JUi+SSsldxWm70X5K9/wfb8+c7OKjZvS+vdxtZ+Wt0nZq/XQzbpBJe27CRS5vLfOB6Y5xnjofmxjPbtX0PYWv7ldwJCCPPH3jtAwRx0GAQPzx8w8BusxalayKMlbqDIJzz9AOp5GAcjOAMkV9D2lw/kIuPmdUbJwACVHPPHBGB19RnrRhou8n1aXztu+yV9vX5LkxtblcOZXbte6b2tZppq19ul7vVnCfE6Ob/hX/AI0RYC8slgix87duSACG5UFQSMHHsORj8zNS8I3VnOsssF1cQPHEY3aYkQzTlAWVd2DglQ2M4Uk9ADX61Xfhy68bWOq+GoZoYn1YR2zS3LhIkViqlmcYCoGOSwYnOPvDgfR/7K//AASfs/jF4l8SWHiz4peG9L0rQ47NXNxqSNM8lwmY/sUJk2t5ZOG3YJ5AJ24H59xvm+FyWpTx2Mc4UqVPnclFt2i76JXvZaaNdN3dH1mQxeLwMqcLRXM17z+1a9km396v0dt7eQfAH9onwV8GNB8EXGt6gyv4P0a3uLGytZGVLvVZE/e207ggB3LAuD044618bftl/GPQPiz4ot/FOmxGS61O4m1S9tZCxSASEGNEbodgAJIznjGOBXof7Qn7Odn8H/jp44+DKXQ8Wab4M1eZk1OxuTLb3UC7THI3J57sAccFQAPlrwX4peCtEj06CWES2t3cQKttAEU+XtA+ULuJxt9QeRnocnzcdx7LPcvwkoVEsJVoUuWUYuLlBRTi3fZJNJK6t1vdM3y3hulgK1ScIOVZ1HN8z+3JxbvurbJLXVO6PJtB+Jq2EltbTWly0KBSqW95PGAy8DhGAAwOQMjGfvGvZ7T406aiAS6f4ggjRQoaLUZ3G/1+d8BR2UKc5GSMcfV/7K//AAST+IX7QngKz+I2nfEPwjoVjdmY2lhrN2EvZWj2/eQZZVOMKTnd0GSMV9A+LP8AgjL8cdA0i6uLTxR4I1cpGPKgtb5jPI2CqFVB284xkgY78rX875944cA5VmlXKsTxPQw+MpV3h6tNzmuSsnFcrmoOKaej97TbXRn6nl3DGc18NHEfU7wdONSPMo3cWk011s1FW6+Suz88rT9rTUfBllcy+GNf13SrvegjE7LIplQ5QuSSWVeeCeSQeM14X4p+MXir4meLJ/EniPVX1+/vLVFnuphukRYSSIYkAOwjgn7v1HSuD+O/ww8VfCr4k6n4H8SWixX2jzizvUR1ktkmAGXVl+VuArDJJzwRzx5t8P8AWLLQLrxHPfb55Ysw2yZbYiygqSpY5Dbgueg6ndjBr+gvDzEYPF4jLczjivaUK8adeniOa6dJqM4yWlpRa6eWl7H53xW8TGnisHKl+8ip03B3S5rK6ttbS1rJ6dOv0XpniLXNc17T5JWa3isrcwps+VUgI2skpGcllGRk9TznFfRXwu+KE/guPUbdLnTbmC9MkV1DrMcE8cUZJAMPn+YVjA64x67RjNfCVl42axsriRnKyuzpCikl1DnKksCQcA88nHXIwRXmup+JNUvLkM08zZycCRwcBiVB6DnGCOcAjsRn9Y434g/tChh8JhMXNqm+ZtK0bcsUr6aPlSv37KyPhOFcteDr1cVWw6XtLJppXu+VauyStZ2sup+xlt40+D2pytc6/wCFfBd+LhczeQsFvJK4HViAuDnjHykD5scDOlZ337NV4RaXPgfSbTzZg/m2moom6POCj7X49ODnHIBJ4/F2K+1m6kjjTzwM4Xa756jJJVsFscHjrgfLzXp+jaB4nv8A7ObWz1N24BkQySZwCflyc4x6Dnpg1+WznVSXNXhKz97nUIpJON0m/es7eqtro9P0SNeMoNRoyinZWg5ar3fhduutn1vo77/tV4S8FfsoeILuaDWNGOkQoI47MWuroEnVm+csDJ3BIIPXPPTA8H/ao+F/7MPge2ST4dXF1LqGoXELSWBuIpo1iKAyu7xsQu07uAT35PFfEF14f8YWGnrMtrqcc0UQIcPMrAdzgHIIPGeBnucc+S69J4ovJI/tMeqyyqdreY88khBBAUA9CTt6YyM4561g8dVhUUITjUWia0stVeytbT7+hyY+hSlTU5RcZKKac7c1k1vJx2tZXb21utGereD/AIT6j8RNevfDnhGNFt3ge9ku5dvkWNugLNLI3UBSuM5AyAMc5r6Dt/2CNf1TStMvF+LPw709rl9qw6hqSw3Kvg7i4aQMqkgjPTPscnu/2e9JuvhtoOiQPBBLrXi7T7qW+muOXtrKSJhFBKDkqDk5z0OeQeB87/Fa+1Gz8WavbalCwaDZJapZ3TCCJGPylQrBTkHOVBIBALArurTMcM4ShUqLllUV3HXRe61d9bp/ZT0a13OfL8UqsZKOsYWirN2TvG/w7rezs35naeJf2KPiNpoFt4f17wZ4glWNkkm07X7badnOV3TjG4/MAcdWxk9PIfEHwC+OHh/S9QgvPDN3fG1RCBp1yl+JY8HPlx27Ozdhleo5LAkCvMz8QvEdvLOtnd3lskRKKY7mZHwCQTuDAknryeevA216n8E/jx4s8I/ETRtdutR1jVoLGRt+l3N/NNbTKUw2+JmMbKgw2xhjIA6YNeZClCUr3il5LWys7+frq7td0ejOrFaK6elnsktLXW7t0ff5I+b7jwX4vSR7NPC+pzakxP8AoEdncy3ayjdlfIjRpcod2RtPPfINQt4B+JIWEHQte0pmZWkW6sdRgCrjBbLRqpJBxgs2335r7a8PftCazZ/Gq/8AHGmnT4L+71O6uo7e9s4ZLS1DyEorRsmwYDcgADbuPQV9tar+2R8SL/TYVv8AR/hxrEBKSFD4c0ozsVOCGk+z7+QT0J6jJOSamtdJpRSkn7qk+Xsndvz6Xeti6NLnta8lbXlaTT03fLe2t9G35H4xeIdAj03Q7VPEKzXMEKb3jlSVLhp8nMYeRQVRMADBHzc965/TPiLaaBtt/D3hi3topUAE7oZbksnGQxBIY5ycnAz2xx+wup/tT6F4ltH0/wAWfAr4banArHeW0mK0eRVwTiSGFdpPVSDkHpnBri28dfspeIJ0bWv2bNM00BN082gavdRSE45Mcb7AvOOB0HAPasYRlZKSvzO6jGV4627Ned07rS27dtPZOnd+6uVK0rc1/h0XM79NdrPfy/KvWNYi8Qulzq+k3EzzRgPiSRAEycnAIQDvgAjB4yOayorzwZpMqm28LGa5UboZLp3eNJOWYhckMQeef+BDqK/V/VPCf7DHiNkN1onxI8FxvDkHT2t7qKIEYJJklZiqknoG525HB3YE/wCyp+xb4ljhfQP2htc8OXTDMcPiHScrFvPyiR4VIAGPmPTAzzwtatum1F0qttGmoNp2cbX5d1ff0TMnBTcZc8eaP82l17t7Rsktk7ptprysfmRBqKXWWZxbMckwoiLFGr52qo4JUKOmBjrxjA63SlVVwXDB4ZsngkJtwRjllJBAXIwOuQRX6Q2//BNLw14ljtpPAX7Tfwy1uaZiILfUp5dPlYscgPvC7WOeOgOMEAEVrRf8Ehf2rZ0lfwrc+APFaTAR2h0bxRpxlmiIyXjSS5BcsMceuM+pmpmmEw1Gc61T2MKa96dW9OKta796y66NK2r1u2OOGqSqQSs3JppwlZtySuneV0rLRJ6XSWis/wAi5vDsDym4EUrxiRwjNP8ANuLlvuZ4z64yOAehwyfw5f3kc8FhbFpZFGAxLknsRtzgjC9wuTggjNffXjj/AIJh/tm+DLxxq3wo8VSwxyM0kukhNWiGCCzqtkJgBxkE5yoHfBPzNrnwT+MHgPWHsdV8JeNdJn3ASPqGh6jZwhlyTiWeBECnqGznnsCRXnYDP8px8n9Vx+FrtPanWhJrZWtGbd1e1m3u+x1VMPVpaTozSjy6230V0rXtbfRtd3vfxWx+EPi26EkkltAiDJ/eSqjEkfxKW4yMck+pHINdV4f+GHiLRtShvVe082AeZHbrKWEjKST5nzYOCM5bI9wc12Fro3xBmvjZT3RslD/8t2AkZTwfmIG4k5AAJbjPcCtXU9M1HS7y3MuqXGwlYrtYo2WVY/4skAAFskqTheQWOARX12E5KsYNTSXu2e/VapXV136dTknKnCVuWf2dXumrPVvys+1lpur8Pr/xA8W+H7wW9xbaTC+1pCm0ShuSo4XIyRgEAYGOcE80Y/id471FIRp1vZNK7fejtFwinoXZ12qBjOD3PbNbjXfhzw9qcWoXPhj/AISGVJJZIodSmfbKuSzK4UMdpPJXBHTg9/StM+O2j2MUf/FtfD9rFli1ssH3gMDa0hj38A/eBzzjHTP1WCwFGtGLr5hHDwTS5eSU3pyXdoWWt0kkul7Wav4mJzOvTnKMFJ2dkrwbuuXRyekb62dl5M5jSrDWPE3h0p4s1e30t7rUflurSJDIqgZKO8fKFc5xkFuh68dXa/DH4aadYRzahr9xqUrtmV2u403qMfP8rblB4zvHOCABk0l/rWp/F/RRp3g/wAnh9rW9NxINKWeSa+LkjO3aAq5PY4By1U4fgP4ssLb7Z4o0nUdKtYipluLwtEhVmBVVjcjluMhlHG4kHFfQ5VldSti40cPTeNUXFxryTjFx03cmrPrtptfXTyMzzeFLCutW93lhZ3fM7tK0bpPmd0+i+SsfQHwL8M6BqPi7RrLwloa+MdItNQji1HRRHvQ29wyo7313IMRRLnj5h164HPrXx6+C3i3U/HCDw/4Y0DwbZ6TGUt9K0lrTZPbACWO4kuFOZnC4RsZJO7ODnHsf7CnhvwnLJ4n8OeGhLDf3bWv27VbNYriaVECgoN/+riEhHzjB3AgEsFNfqB4m/Yf+MeoNofiGDwDd6r/bUawaXJ+5ZL22dQI7mQRMWiMmQXyAME5BC5r+2uFuBuEMRwpl9PiHF4PA4rEx53KdSjRUlZPljOaTbjFXlra70R/lz4pePHHmVeKubYPhzJswzLL8spwoRhSpYqvGM5tNzlCDcI87ceW12+qtZL+ee6+FfiifU7C01HWbVEDC4uWs7IzYVT80TgB97lMjeARnB3KuRXtfhf4KeG9f0vXrvVL7Wv7O/c2yafaWTRM7o6BrhgEAAHJGOCcZPHP64+Lv2EPjn4T0bUvG7/DRY1sGazurGzYXU6sIDIWaNQ5QJy7EKAMdRyK+cPDXgLx74t8EfEK6s5tJ0Kfwnot3e29hEwS+lu7Nj9phkUgE5AZBvI2tgZzkV9Dlvh14ZZbRr4mhLDZrCk3KU6VSGJSb5eWE3Bvld9lbVN9mfDZt43+LGf1qeEnLMMjr4l0lSoVYzwr5HJRlJQnG8oxtZyTfW+p8dWf7PngSzvYbfw/9uv7bYXlk1qZY/LZlKkMgIYbW5UAfd6YAFd/oHwW8LW9zFpOu6doh0yaCWf8AtSKAvIskeTHEHZW+UbQpweQBuOTivj3Ufiv8X4r+4tLexWwYSGN2ZI5ZsE7C8rnOCVOQF45PowCXUnxh1WCLUb3X72PTgfKaO2meMKzMMqsUZC/NwpI6c4Oea8J5rwLhsSqeB4W9rOEuSK+rUlBu6+JzTk4vfv2btY7a3D/ilj8PUr5r4jfUqNWmpNRxuIqShdJtuMZRikk9kraLyS+4YPBnwK0HStXufE2p2VreRSrFYSsIY4I7cqR5rpF87gAYAwevfIr4W+O/ir4feItalsPC+o6bDoei2Mdi0+mwmM3vB3SlXAYvnliByRnJw23rT8DfEWsaY2t6xf6te2bhPtET3WSsZiLIFidw5JPJIU85HQ14d4n+EulaE6tdG+gW7V57WCU+U8yglGWRyQcEn5cEg4GAMbh+V+NWY4rMuGpYPC5Bhsrwntqc3OEIqtJJrljokk23d2XS900fs30aspyzIfEKGY4/jjMeI81eCrUadDEYiX1OnGSi6k7SqS55WjZPtdK71PC31TwnZR+XZiO5EUjEZhZ5pDluG3KQgbkEZ/lijw34kuX1C9j0zSwZLxCESRBtSMZHOAQFwvUcLk855r2yD4DPeaZ9r0zSmRCpkee5lAlAZWJ2R5LtncCCoOckHOa4+w+GF/oN+8y3GpGVkeExxWN1tUhhhFleMKNw6HdgZGa/jZ5PmDkowwded1dNU5btJaNxs1Z7K702P9G/9b8ki4e0zTA07Wv/ALRSTWivFOU723Xw6aHP3Npr93Lma5hs4kaNZ44lyqIxBZuflz1I5I4x2Br0zw0dGstVVLS6tL+f7MAzak0JhYlR858w7VYN02/MMHoRk2rnwLO1tE+oW2s22n3MLZnIUNLMmAIo0BDNktxxk+p4z9G/CD9mzwvq2lf2xq9jNqt/M6w2NmZRbpbqGDKb4MykO/Od/Kqc89K+h4c8OuIOJsWsLRwzoXTbnWTpxUbK7V1fsn7vnq9D8+48+kDwJ4eZdUzLGY+ONSqKnClhGqtR1NLRShKy/vN6Xa1TSv5PJrdza3CQNrWkRRlP31vo3kLMqheAu44ztI5ByGBPY5+fPHep3d7BO1nPqa263Z2vqM0txLJtYbjHDllVcdwuM5A4xn9rPDPwQ/Z90iwnh8YeGraw1R1SNr612XH2eFBuIWYkx5ZhgsxBBwMAEV4Nr/gS1v8AVtUsvDOjeGrjRdRvjaaLeXlpbs8VnbDGSY1JVypyzjliAc+v6lW+j3icBg1iK2YUniIq86cLtRs07p2T9LpJ3s90fgeE+m5gM/xksNgcgxlPApqMMRUnGDk3yKzXLeLadvialvsfldb/AA11LVVsHtrK/kW98pxHDA0t5OXKgtBbqDIVzkj5MDnjIr6E8Pfsl+KdfuLa0t9E1dD5ayO96q2kMZChlSR5ApEhzllySoyGGFGPWtQtfEHwZ+JfhXVZbi3gdzHtuZ4C1tbWxcKYI7d1MRL5/dtjoAc9Qf0luNG8UTQRalfXNpdeGr2zi1aSW6v7fTBE9xGryTPiRJTEgwQAMkDGAcZ7OBPDHhrNa+NpZzmU4TwVWMJU1KFNSikrvmu7JNWSd7Hh+MX0keNeF8Hk1fhzI6NXD55hZ1KeIqwr1pUqicEoeypxXM1dPVWet+z/AC81j9nPxR8J7Rre50SwvFubc6hcixvllS3ySsZu2R2wxwWIHUfd5rmtE+Dl5rKTeINX1LTdC02ycGWygAa9mMu3asaP8zKxyNwB5OR1yP0I8SfEv4KeCtG8U2N/8QtB1u41QQwzWUMR1K6RVYN5FrKVfy1iJwTwWI6NxXwF4t+P/hmTVNUtfDmgzajPLNFFp2p3YFvaraRoBlrZQAWUAKGYA55Ap8ScNeFfDOZ1pVMbGtTp03KWHjiFWk5rl0tTTSvro3rtoro8fgbxL+kV4g5PTo4TJ6uBm6/K8wngJ4SlyNRfPz4hJWV38Kk32eh6TN+zt4Sj0q21qVtSntDGTJ5lxGriSUD995aMUEUfBMeM4+UcEg/PviHS7XQ9Qu9K03W5NW05ZlMMkalUQttyCBwAh+XjrgEAkmtaw1jxr4lZb/Udcu4dMm3iG2t55YLVUwAUCLtVgR8pLLgqcAHHEeq2ljYWryfZykswTaEcOxlDY8x+cZYnJGccdMYFfyb4ucb8GZnyZfw5ljw88PO0670bceVNXTtJLezuf0p4ecP+IGVyrVeLs8eZVa9pOhFt06M/dbcZOMbp35VGKSW1r3LHheOCa6sheGKSI39tAZ5I8lY3dfMCkjYSFOFdumOTj7v114l8R+AvhnfnT/Dmlh9Qis7TUG8QX9pa3bFpY08yOF8MpUSEgFTwO/Qr89/CvSbTxBq+laZc2tusF/qVnau9zJ5cNqTKokuZiD8kSovXIznqDnH7FfGn9jjWtS8Cw6lplr4La3PglNQ0WezeNzNHp8YknE9wmVLSorNGrOW3EcbhX5TwXleKz6timnFxw7hJwqSSbemvLs7WW6Wy1vY/TMbmay32Lam4ylHm5b76Rd03G6Tdk1fVXZ+T7/G3xJ4r12LRLksNLnld1WK3hjZwyHcykBVXcM4IwB8vUDbXXeE9GnOtTTqju+2UWe4qVhRgx/e/NsXKggZOS23BbFeV6X4L1DTPHVpDq4igRo2mCQuAIljJEmzac8gMcEfKPYZH1ANV0iws5xoloCJ4kgllmyrfImHkTHz5wCMgcHk89PivE3PMTl2MoYCmn7Sm9OWyjzJxT2S6qy105ktD6vL0sRTVaXLCDSa5tL3UXJtXvqvh3ei6b+J618OrbULu71KSGFr3zpC4I25y3LlhhXAxg4OM4B5Ck+faz4TQRC2idpJiNrqcbN0ZUKuRgkYHTP4YwT6XrOv3p+0FpWFuGcKvALRoTkjHIBYAjOdx9ABWBothrfiOYT6XYz3UcfmSyThGZNqqwCjI5O3rnJ6n6eLlGcYilShWx9aMIyjGKVSbsr8tru7VrtpN7y+SXq4SNCrL2VOLem13r8Otld2u7q/V9NL8X4V0VRfslw7kRHy9oY8AYXCMcqMgqM5GPYZz67a6VA8bwIpVBwzsxJGSAFBAxgj3Jyc9CcZtjpyxM9zPaNC0c5EgBVQzAkkDleDjGcY+vbq7WWBopyuCx+ZYgOAOeSQcEcf+O5HHI+qwtWlilzKpGfPZpJu3K7WteztdOys7t/I+zyPloxcUkve67uLs7q//AG93+WrKFppSEtHgFi22Nd2SNuDnGSCeQenYfSvvH9iT9k29/ac+J+m+CItastEsbdlvNZvLt40eSxjIeeCyVyoaZoxhAP54r4ismMdxHMXAfcVAxgDcVIPcjpxuHfkYJNfbX7I3jHQPD3xY8MJ4k8T6v4Z0GfVrWPVNb0S4ktrm1tGYbyJEKna2cNg4ClsdBXzvGMsXRynEfUHONaMG06ablZcraXL7ybV0mk7X8mfoeTunUrNTl7OTi1CTipcrSTjLkulKzd1HS/o7n9P2h/8ABOz9iD4SRaXqL6DoWpeJ9Jtrc283ie8gufMvwFWS8a1nJjKyOSQuGTHy8ngfAH/BV7xV4O+Ctt8PPHXwj8e6H8P/ABodNXw5rml+AfssGozeGbiSKC4QLYlWDvbu43uD3AJGTX6cXkf7GWs6Ba6pq/xG0jVYp7C0iTUb3xYz3giWNPLE8QuCySt/G20ENgDHAP41f8Fdv2Zfgp4k+Gnh39oH4P8AjCxSbw1Nb6PeaDYau1/Hr9kQAbmKRpXdJYgACOjE9SSM/wA+cK4rNsy4mhhs2k8NhJVIqLU6tepsrc0qi9yN+W7Xwya0fSasIUmsTOrmuLrqNWN8VhY0cJLmjty87cV2927aV7Kyf2p+zB8Pf2CvEvh74dfEX4Xt4W1T4qaBZ6Xqd/rBmtpPHF14m1BUk1Bbqycmc3JuWYNJGuTkHIyK/Nn9pTxro/hj/grRpGt/tG+NodR+H/h/QNPuvC/hHXIlutG0m91NDFZyXNndF7dJWkOZHChlYAnGDX4g/s3eBf2hfGX7QnhLRvgRqWqeG/GWpaxu0q8TVpbGMSRnJubsrIsbQwqMtwTjHUDA9D/4KEfA39or4TfFppf2lfENt4u8YeIbex1EeJotVe7kubSIlhDbEyNNHFAygYZVIIBXBPy/qcOD44XPcRGWZSqrMcvrYWnJuUqtN1IRjFrVxU4pPVOLs5Wirngxx3s6Uq1dSm6UnONOo1GUKftINqm078ie6UV91z7A/wCC7VzpOnaj8HNJ8PapE/h3xJpl14ittFszbyWsIuUEsEoS3JjS3kRh5QHO3CkjGa/nRW0e8aFI0MUUL7JdoA3K5I4wPvHPA6Z5wSBX0L4q8a+LPinqFhbaxfaprzaJaJpenHWNRluksLKNQkcds1w7tDGiBQqglQowCa4s2ui6LKkVxcxG/gmJWCJhMJp1IIBI3DaGOAOpA5NfpXCGEqcKZHh8nVWeJqUpVJqcU4t+0mpJXsrJN97atO3T4bifNo5zjViPZpRjCEFfdqCildyvd3v1fn0PRvAHwj+Ha6E2ueM9ZuITezrb6dp1qUaVpWI/d3CtuaONgcGTIIx9481ufGTw34Q8F2VjB4ZvEaOWx8yOGJ47hUjKAmPfGWYTBzyWIIPHevBtSvNSnlUpcPa2/wBo8+UZARMdBGDw2AMkAHGefWvu79k39gr4k/tlaXfX3hq+fw74f0W78m98V6+JYdHnlI3Pb6fMyiKRo1wZSPkRWycYyOPN6n9m1Fnmc5rVpYSE4qVKbvRSk/dhCMVJyknK1l7z6W0S5Mty6eZt4TCYaLq2TUnaNlaPO02+VRTdt00/NH5wTTXVxAJElcMUZtrkAooAO4FyoHfAx8xBx6VY00XKotxbo00yxSh2fIVtvXGer9QB0GPf5f1pT9lf9kr4GXXiCD41fGCP4g+ONJ1VtL0jwx4LPnaWlzbuVkGoXCkAjja55UH5c5r491zwlZeI/F09p4I0GS8imuZ49P0bR7eW8u/szyN5IWGFWZnKlSxXdg8kDpXp4LjPA5hJQwtDExwypwccXWpSoUqrbgl7OM0pPa/MrR1vtq9sRwvisHb2kqc6rmo+xhP2kr3VrqDkk79Oa7Tbex8s6dLeSTwm4DFmvAej71JfliOyoMrhsgHg816PqsDSw21vbRqJoo3llkf5SSQcMSPcAqB1JAJxnH6nfs1f8Ejf2p/jnfW+rN4Jk+HPhW62tJrvjBXgMkDHloLNlFys+wlkZowNwXcRgiv3f+B//BG79kn4BWEHij4665F8QvEFsi3Elx4guY9M0W2liAfZDbK4W6jVsBVkQlgAMZ4r1KmYKtOmsPTq1XokqUW021FXcuVJvW9tW76HVg+HcVON68o0IKzbnpJLTVL0enM0m923t/I98JPgB8Z/i5f22l/Db4ceKfFd7eukbXFhpl39gjdmCKz3jRNbIik5J80KADk9Cf2m/Z+/4IKfHLxx9n1v44eLrX4c6LKsTTaPaFbrWFibBdGcs1urbcg8gjJIAXk/uN4h/bC/Zx+BemP4W+B/gTR9RmtVa3gj8LaVb2OmxvCNgeeeKNHlJA5fLHrg9q+FviV+2d8cPH889teaneeD9EmZhHbaUJFZUfcMSTJtfjPJOQM5APb6/KeD+Is5UascO8HRla1SsnGVvdvZTjzS+UF2T6m1V8P5RLmrT+u14pPkumt02rR93V3veTV9l0PpP4a/sA/8E5/2RbO11HW7fQvF/iuxVHkvvE1xFrN3NcoASU0sGWKJt4LAbF2n+8Oa9J8U/tx+GfDmnvoXwW8A2ltb248i2vLi3i03TYUU7RJaW1uqrtUchWXkY9CB+WME82pT/wBo6heyapJMS32+4ne6kc7iSzFixQkgEgBTnHeu80yGGeJQMsODjgDgkALgDAycA/Q565/R8p8LMtoyjWzSrUx1VJXg24wvaN09XJ3u7K62V10Xj43jbEuDpZfRp4OnJ2tGMeZcvL5JJtaKydnfV9PUPHnxj+K/xKaVvFPjXUVspSVGk6TM1jZxq2SEYQshlQDKsXBz1x82T42zy6JIrTWy3NpKB5lwuZLiIueXlZgWYYJ+Ykd+vOez+xou0qAqHAPAYjPGSuc8jPHOep6nNXURY2cElxfXVtZ2iRt5s13JHDbhMc7nkIUcbiSTk9TyTX6Tgcly/L4Rp4PCUaEUo3UKcYu2id2lzN6bt2uk72evx+JzHF4mTliK1Sq3fSUm7J2TdtY6aXdrd2aOnT29yiSq4khkA8tgF5zjAB45PPGD0JPrW5EI1UxspbGMBcBTuyVzggkk8cZO3jg9PgXx/wDta/C/4UahcWGlapN44uLkskGkeHVN2ba9xtVWmjBTy2kGAUbPXk1886n8Y/2wPjfKNO8FaCPhv4buHIF/dRlbtrV2ADmSUB0fbyNhIB7Yxj2oUXK0YJyltZJ21to3skuyvpe55c6truUrJq+ve6fLfdtK6XS9raH6b+Ovi58OPhtp8lx4x8XaRoyRK7/Z5bmJrx8chBAhaXLdOFHXA5Ir4D8c/wDBRBtZvp/D3wM8Aal4r1SIlIdZuraV7AkkopjSNORnPEmQQAxOa5LQP2J9LvtQi8TfGPxlqfjPVVYT3MN9ey/Y0fO90Du2AmRkjLAjAI4GPb5fE3wQ+DkQtNHtdFtLiGLYLfSIIpLqTb8u15lG4liMcnOc7snk9sMvl8eJq0sPSik/efvuLs3p2aaurdNG7acjxCbVOlTlOWmiTcdLWS1e2nW/ddT5Pt/gn+0h8edVl1f4leLLnwV4e1eU3V74f06d7WPDYJWO0tmCZZcbg6Z5yccV9J+Cv2bvgb8G7VNT1KGw1DUYQXfU9eZJZpXGCwW3ckByRwQM5HUcbfPPFf7SfiHV1ceEdLj0OyVSG1HUHQS7CTlljbocHPGWySe2K+dtZ8ZalqJOq+INYudRBcs0l9KY7GMkscqrFQQDyAoJPPOODyYrM8ly5P2cfrFZNWbaafw7qz06trtr3O6hl2OxNnP93Tai3fRq6jfbRO/V2tr02+3Nf/aI0TTEfS/BukJdCNWWG5IW3sYinC4VQEIUjgEDpjOTivmXxZ8V/EviYzw6xrtw6PIQNO0piqjkgDzE69OcsQQBhgAoPzB4p+L/AIX0pxIL+TU3KlBaacpSFSOqARnYRnjcc9T0xmvCfEvxp128tnOlNb+HbBpDvkBV7xlyQMuMsrkHOAeCRnFfO4rP80xvNSor2FJacsOzSS0td21W1umh6MMvy3BtSqy9tUjq07NJ6bJu1lfTr0vax9I+LvEOmaETdalNpmkWuwETXswn1CQgZJEY3Mjvjn5V+Y44wa+afFfx5tLlHsdIe7u1HEQij8gS4JzLcXAVZNpP3QpyuORyBXldtaa/8QNQWDSNI1/xdqUshCN5c1wHYkjezYKpHnABI4zjryfrXwL+wH8VPEa2OpeM7q28FaRcRLO1hFH52qzRhQcLgbdxUnOcEFsnjg54LhvNMzfPTo1asXZuc7qCb5dZN6Jb6t/mLFZ7g8MlCFSFJOMVGMGlJqy2S97TulZ7HxfrnjPxDr4Fpd3bWqP8kFlpsfm3cxJwsZkjy7Fs5yc55HfNe8/Cj9jD4rfFCOHUBpkvhPQnVXk1jV43lvp4pcbTb25BdSwOVJTGcHqTX2trvwg+BXwM8I3FxK+m2errZOZda1yRLnVHuYlyzWds+4xPLt2gArtwBuHfhvEP/BSWz0Dwfpfhr4WaCJ9XstNOn3uvargKsiBkE1vCQUb+FkBUgcAcYx2YrJ6GU2+u14Oqkm6UGpcvw6N9tOi9TzqeOePenM42VnJtbNW+Jt2atbW6fRWsew+Ef2OPg78I7C313xje2R1C0Amude8UyxLteL77WtnMywkMFJTGHzjIyQK474l/tufB34ZF9P8AhxpEfjPWbWNrdL9sw6RbsvyqVj2hWVWBClVxgEgnGD+b+teIf2gv2jNZmutQu/EPiCC4cszXE8tl4ft1JwSzsVtlRBnG5lyOeR1twfCL4deC5Ek+Jfi9PEWqoQx8KeFmEsUTjLCC/vGyo+cbS0BZiAcE8CvDr5xTX7nDwUeZ/G0pSS01SStHa2qSfyR2xw0klLtbXSOmlt7N7JWsr2bb1bNzxx+1j8d/jNey6bpeo6pHbXT7E0PwsskUcSufuzSwhSExw7OwA74GcbOk/Bq7trOz1f4neJbbSZJCty3h+2uE1DWrsPhj9omVnWNmyVcMQ24nj0Wz+I1tp0CaR4D0HS/CGmOCu2xijk1aWHG0mXUZV+0DeBllDAAn5QcivPNc8RXsd1FcRySmSZn3vOzTTSMWO/klmIPzEMAQAOOcV49SpVry5avO4tWUm3aLag5O2zX2bN+qvvrJqlFS5m3ZaO1lfls9NGuzeu9+p+h/7NXxwuvgd8VvCPirwPYx6do+nXNvBd2YkPnX1mrKk63O05Yuu5xnIGQBtO6v7CfhH8cNB+MvgW6mtrxVtfFGnwxRLHMGWGa5hCvCOQA8bsRtPPDjbjr/AAf/AA71sT61oaK4mkmLQPaMm6TzJBtAwuWA6AZK9Ccniv3Q/Yt+O2u/BDT59K+I1vLB4dj1db7RijeZLFAMMVKjLnIzjPBPGAMZ/kb6SXhm+IMFQzrJqHts8wfKqcKUU6+Ig2rRVrvmg23q9E2l0P3Hwp4lt7TLswf+ytc9GrNaUqijGVldaKV3zPo2ttl69/wV0/YvtPhr4C0D47+GoUSO1u4tP8XCziQRymYK1vfXG1cK5z5TluGbkliTt/m/b4qad4PmmuGQXd5K7vb28W7c+7JHCjgEHnpg8ZGa/oT/AOCjH/BSXT/jj8FfEPwP8G+HGj0zVp7c6jruok+dLHCV8tbaIgYZcKS5wB9flP8AP9o3w006BoLrVLaO/neNHW7nClEXBIVUYEcc5PQHGRlhu+78COF+KpcJYbDcS4WvSrQk4YeOIX776vyQaVRPW0ZXUb2lay7GfGPEmDwuNbo1qVSvHn9o6KUoxtO8fe1V+VpuWrvHTXU86u9Z+JPxbunR5LrSdDckrblnig8oZYFxn5yRgkYOcYw1ewfDXwEfBLveWMtzc6hKvlzXzs0YjjfO9YgSMgbieeeMcc16Np9tp2lCGJIkkLBTDsXEEGB/GBlQoAOQQe/bmtnSotT1vU4tI8N6NqPijW9SlMEGkaJaz3srs5wiBLdHKAsV3N933Nf0fheGMvwtFLGOnCmrtwsowdmnK/Vt2+1pbfrb8txnF2MxFS2GdWpVfu8zcm1ZR1iru1r9NNeiuZt1HdXFwbq51C4u4IgFa2WRhvIYZaSTOWXIByWI/iODXAeII9T1e8tdN0kM94sxMMWnQPNdFH58lEhUvI7H0Gfr2/X74F/8Ep/jZ8Q7O38T/GvWrH4JeBp9lw1hdsknie9tCCxSG1L/ALuR1OArAMCSMbsiv1K+GH7PH7Mf7P8AaR23wx+HNl4q8R28ai48b+MbZL2Z5lUKZ7e3uA6QHcFcFDjB467jc81y3BONDK8J7WcVZOjFKN00neXKr62Tt32seSsFmOObrYyvKMZNOXNJyetm1y3stu6t0P53vgF/wTo/aL+OVx/aL+Hp/h94TuZka68V+Lo2tB9nBy8ltaT7LguUyV+TBI68gj9k/gt/wTu/Zd+BP2bVNes5fjH46gCPJqGsxqdGt7tVyWhtPngljV87PN5Kjnjivr3xP4n8Q6tuS5vgY0GyLT7BBDZxY3bVAjCoQDwF645wByPJNXvfiBDG39naWt9bAYeG1P77aOhY4AJIIyAS/BAyrHMcmb5nye1qvD0dPcg3e3u7u6b30b28zWlRy3LoylGnGvV6zqJWurfD0tfT9D1rUPFC2lhFptitloOjW6BLfRdCgjs4IYxhRGEhChcfdJBHy5OMHNea6l4kQErYw7ZpP4mIefoMEk8qSMbc4J+6B2rz6w1GS+v4rTU7t9F1CR1RrK/XynZ2IwFkkKrxgjIbkdecAe7+H/BMCsLi5WKZtqsJOG3qechuQwPXCkjkZyK+gwOS4PBe/KKqVXq5TtJt6W3Vmr3aulqruXU48Tm2KrpQjN04LSMYppW01tfZNu97fJ6Hlcmga34gBEjvCsp3jClS27JZmwMpkduOgByDxr2fwU0/yxLcTz298cGK7jyTG6jglDwwyVyO/NfR1vptjaohijRSqgMeAV/vYwf0APXqaoatr2i6JCbq7uoViQFpGk2pGig5PmFm2oAAcncPboK9aVRQXLTUYpWs0lZJ8isklq7XV/028+Eqk5c0pXfno7JJy+Lu9rfe3t57oSw+BJYYPEOn/arF9qx+IIIv9Vkrk3aJny1IALNhQDznOMes3fjnQ9O09dQivraWzKGaG4jlVIQijILSFiMrgnBJOe2AK+DPi/8AtvfDzwpJd+HPD1ofHHiGfdbf2PpCG8iDtkKkzxq6opJKsQfqBjNfJHhTW/iz4m8RNqHxOstR8M/C/XJt1l4c0+aTfpzynMZuGBDw2zByH4G3dkAAmspUnXsvfbu7tN2Sul1s9dH+N9WdarypR95pRsrLZ20eytdta79b33R9tfFb9tHT9LvpfD3hDT7vxjrcgMEdnpG54ElkOxftV0MxIqvgv8446+o+ZtQ0L4zfFp1v/iN4tufDXhyZldfCehTMk5jY58u8uUcN93g7TycDtgfQul+DfCWg2Nuvh7RrC1imjDrfRKj3FxGfmDyXBDO7NnJYkt7jNVtU1O00sFEcKynkuVOeDgKcnJJyP++c9a7MNgYJKy5pWim3qldwd27W+5LV9dnx1Mwm5NN2TfuvbSyfol6N+TR5Xo/w88LeA5Ib7wpo1nFqNmN11PdxLcXOoxgqzLLLKpdpWxuBOW5wMcmvaLLxtpN3ZreRyojeUQ9vnDQTp96MoD8mCeOACB1IwK8a1rxXarMzpLlgd56AdsqOOCB7AnpkdvAtd8dweHNbF2twY9N1gNBdruULDdclZMkgAyZwQo56luue5YSEGm0opuzT05vgtfS6evVuz01ZyyryqLlbcm23G99vdVt77NO9t763R9Ta/wDEIQM0gYFZsowGCMDGDkHAJ9evvyDXjfij4iMqFjKFTJzlsYTgDdz6g568AHvx4Fr3xOWbdFabrp4m/wBYCNirkDcx4BHOcA5JzwOleaXmtan4gnMURuL6WUkfZ7FWkjVRlcPKMKm3AyWPXPUcVy1sZg8JGblOLUUlzOySV1118r9fTU1o4erXaik0raW8+Xs1a73W+/kdF8RfiDNqQjitpGubqC5jktRDkskikEAY42tgA5HJzuXFeXan4s1y/mSK+nl+0zqgg0yx3XF3LJwFQxR5YbmAB3ZHOSByT2y+FbG2t3n8S65B4etw4/0SzC3WrXPPzRA4ZUUj5WYnIY5XawIGhP4o8NeGkiXwfpFlpjtEVuNb1IrdaxMSctMjzBmgZiSy+Wygdeg4+BzrjnA4TmjQbrVEmuWPwReltbq6dtLXVuq2Po8FkNas4qbcYXWs/kpXt0b/ADWvV8/pHww8SanZf234u1Cy8EaCyh2F7Ik+tXUIYhhBbZLxswwAHUNk8+g+b/GlzoWk67ej+0tR1HR7edYNKsJVWGe8AIzNcIpyySEE5IwTx9Ox8ffGvQ7BmSS+m1jUH3blln80Kx7s24xou7kKdoU9CNo2/InibxXrPjTVCmhacXu5Dta6Te+xT8uN/wB1do4JLDBzgHAJ/M8TxJm2ZVuaVSdHDSdrJ8iabWm6fzWru3eyZ9fQyrBYOn7sI16ySeqvaTUWtOj2Td382ev+KPjPaaHoYtZL6PRdPAfyND0hRHc3bc8XLwgE5zuBI4BOTjivlDxP4p8Y/ElksPDlvf2tk7eWLS1eVmlVyVMt1MCAAc8jdngDBBJruLX4U6Vpu3VPH2tNJMzGUWCyGSdyBny3LFnGR1AyMdfbpp/FdtomkzxeFdPttPtVUpEiIpvJI8qDJKxG4qMZy5z0OCTWccbRoycovmk0uacrNNtxe1rvprvpd36xUo1q3L7S0Yxu1Tho1Fcu9ttH5dd+vIeFPg7o/heFtU8Z3sLvbxCd7JJVyXI3hZG5Z2GCepGSe2Kq+IvilO1pJpnhiCPS9OTKRyxqEkkVSVyo24x7htzD73teGk6x4yVpGNx5Ij825lkdyjNtZgqliT/s7QWHIDcZNeW3ujyQs9uu4skzL5YTcQQ2Aoxng+xye3euT+26FWc6cqjcoWurqyfu6KN+2l7N3vs7WqWW1IRjKFO0G003ZNv3Urbaeeumtu2Fd3d/dD7RNK8rNLkszl3Yk872bux9zjgZr034eeG5dV8U+H7BozHBqFzBGSQT/rGAkbDdcKSQSMY47isDT9CkcA3qrbxBhI+TgnBOAN2DzwckgcbSOmO/8IeIl0HxbaayY99vpZSW3hBZmmWI9AAGA3tjJwDjgYryMzxVTEYetTwd5zlSkoSWqUrJLW6tZ2v+emnZgaEKFejPEu0FUg5Jq/uppyVmr2tFa6aq+1z9xPhj8NvDXgbRLVbOztIZBAtxcaleCL5MohMpd/uheepwcDnGDXG/Fz9sHwH8MLW50vQJIPFPiiNWjjSwZWtrafgZmnQ4whOWwx6nOBkV+aXiH47/ABP+K18vh2LU7nw74fLCFNP06Zo7m4hJwPOkVg4UjO5cgAHDE5NaNj8J9Hs0M2qzAWKsJZ7i4kPm3Eg+Z90rEswBGD23HI9K/GMP4cQq4yWP4ixE8ZOc1OOEhKTTu0+VvVdrqO2muuv6hV415cOsJk2Gp4aEIKEsTO0eiu4qzT6SvffW19Dd1L4h/Ff9oTVlOv61c22kmYsthaiSKwt4gSQjMmBI4+6SSRk/e5wfc9F8LfD74b6VHqetS2zXqEHdMymc7c5EMQLBmJGAxyQSDgHbjxpvHel6TpsmieCLR96kwwmzgEs807ALuQAM5UEg7+N3BUHnN3QPgt468UmLXfHernw/o25Jpp9UkJupI5MEi3tnfbGFXkEEH/Z9f0DC8O0nCnHkjl+Ap8qhh6CtUn8KV0km21q73d9W+j+Uq5vJNv3sbi5P369R81OMrb80tLXdvRaW1vc8V/HzxZ4pln8M/DXRZ7eGYNCl5DE81/KjAqREq5MW4EMOU25I4GGrxbUPgb4x06wfxh45uH0+Ke4Bkhu5jLf3MjlSRhnZgeckKOpxjIGf0r8E6p8FvAPhq7s/h1a6beavZ27NrPi/UfKZEkVR5jJJLgR7SCBHGchsjHLE/nJ8fP2grbxdrs3hrwq76/dRSiA3cOXsopg7CV4VHyNJnPzbeMYBxmvt8mw0qVaGGwODdGlH4684P2klpe75dEl566PVaHgZjiITpSrYvEurVl/Dowa9kpO2ijFpStt2utWntw8txog8b6LpelsWS3gEjJlflL4AZsEkuTgkNyBkY6V9vaRG2i6bDqihZbi1jjmVCCWZSoBjx8u7jgdu4Axx8E+A/AWq2njiz1XUpt0k0CztvZmILKp2MfmUFeQeQACDznI+97yYDRmhg3Atax7znIHyYUjGdp56HGMdO9f0TwfQcMNa2sZWUnezfu2b0ennd7J+Z+W5xVk6lSbSg9Go9LabprV2W79UjvtB8S6d4rtJpYYTa35lMcgdR8sQUOXQsM4POCxPOAAuBXh15JDZTeJp0hSeW1uHmi34w7qxZDgnbtL9eCowAM4rufhtYNN/bkv2uOA2doskSHaGfk7sKcMc4IHf+9xivJLqaW4vfEaMMl45liXdtGS7Atk8dOTgkDuSSBX6DTwlSpGasnKrFQV0r6q7a3ad4779NmfF18XChJSqTioxkptO3KnpzO97d7XW2na3zD4n1HxF4q1l7i4mlMjGVEiQlba2RGKqNobaWIGSCAP7vT5bXhP4c3V9eRRi2udRv7q4SOBI4pJ5HkkJCiGBVZ5Xc7QoAOd2cD7w+8v2bP2Kfip+0BqKw+D9BlttE8/zNV8V6tE1tpFjA2TJILiXasgRRu+QtyBkAcV+iOueJ/2Nv+CculyRafDpvxy/aAtYOJ5Ehu/D+gaki4EhyZIcxSjICqW+Uck9fT4f8N6mJU8dms1gsup3qVK1W0E0rX5eflWqurtvWySbvf8ACfEv6RmUcPV/9XOFqNXizjGu1Rw+T5WniHQqyXJCeLnS5o0KcXrLmtLR3SPEf2f/APgnXer4Zi+Kv7Q/iCz+DHwqtYI72a41uSO11/W7dFEhh0+ymKTASKCo+RSuVCjoaX4zf8FM/hV+z74e1D4YfsVeD7DQbVIZNP1L4l39ulx4j1iQAo89pPIm+FZSC67XAUklQGPH5fftO/tsfG79p7xBc3/jbxLf3WnmZ10zw3Yzy2mhadASdkUFjEVhKxJtUO0YbC5IIOa+U08K3F7G1xqN9tlIzHGjE7XYApG57n5lUgcD2zWue+JHD/B9N5bwthqNbEQjyfXJx5oqcVGPOotJ1JLRp1Pd7Quj5bhH6PnG/izjqHE3jHj8TLCOSr4fhTBValHL6EZSjKNLEtSXtZKyUrfE7qUpJtFz4rfG/wAb/EPXbvxN438R6nrmp30ryyy6hey3Um+VixOHZhGeoCDCjJHbB8QTxF9ovVbfsRWyyu2AyqfvYJOSeD/IZOa4vxFNe2Os3VldCTME7gK4JLqeAwBGACMH0XIbg5B5aS8MUxVWZd4+Yk5weNw554Hf+Lp83f8AEc44hzXPsRPGY/F1sTOpaTUqkpRinqlBc1opWsrJKNoq1rI/rvIeFsi4RwVHK8my3DZbhMMo06dHD0YUYR5eVJ2gld/zN3bb17n0bd3Md/pFxPasGVIwznjH3cgAbSQccnB9ee1eU2t3tuFKk4V8k/OrCTOQRkAA9cc4J56HFd98I0sbt5k1e8jFlu+eKZ9ikKpw7KxCkZOCARgZHbjc+IJ8E2VhcHRpbY3YkIi+zAuztztZgP4QcjCnAAJ4ycfIrEyWIdFwnPmd72copXg3q9GmnfpotWlofdqjCpg44tVaVNxjrDmTk2rK6TstUtb69tTz6XXEuUeCdE8yJJEWQkDfu5A2kD5scknI4BFeSXB23km47lEzEMAOADkjPJwOmCMZGSccU2efVJZZGIcMrkqM9VABUjHA9uec9jxTktZpCszZBY5lBbo3GAckc9T1GPfOK9SjRUFJ9W7rReTelmnbrpdelz57EY11Go3Stu7+ju0tH8N9V1tfQvG1WRDKz5yC4UMSVz0yDxwCc9skHOTg54QnzdkmHU7duFDYIJB4x+IOB0GfvUahdT2kQSNARIP9b2VRgkfLzsBAx1wCScdBgRXuA7Ft0mRkcnJO4Y5zgLnA7jPPdq6Yxd7WVn0TeienXTR3avo09NtPPlNSa1vfd3tqkvS93frZ/I2ChDRscHBIbcfToFGMgjkk8ep6CpQ5Zydu7cCqhQCoB+8cHJ5IAIHHGRjtgnU3Rv3igtlmxtH3TkZ5HYc55x2wQKuQaoCVkc7ScADapBBJ5OeB2yuOnfqTSpczW67vW19L7J6W2du929iJtNaafK1r2bv66+Vm+yNSTKqWdSjk/eGSVJUHtnB6cHGdpxjIzd0a6ZfEGhlWG9L+AkZwQS+Pr0AJPv6ZrMa48xTKWwTg7SQC3UjHOMnGOBycdOtZel3Rj8SaU5KsW1KDcDjCgOD7AjgdMk8A5Bye6hFwnTu0/eS3SettfNdnZN6pvXTnlJLSytqtFr0eln1t0s7Nr0/Wbwo26MbgXZo4dvA+9tXIwv3cc8HgZKgHBr3XQXeC9C/dLWwLEHAwMZ5wM56AZHTI65Hz14Pu1S5tQSqmaGB0QkH5REuCMj7x64O3vnjIr2OHUTFeQbGcZhK8kE5BOByMY/kMnJ4r6uDTjHtZK9t1pte++3c8yS/eNu2r83u1d7XSV+iej12OV/amuUm+EfifnIK2cYPG7IlPvxgZ4zyQOvFfjBJas5bAO4Qj5twJbC4wc8jHGADjHFfr5+0jc+b8I9bhZADI1tngAkmUneDjBPGCACOhY8EN+VDWU0gSOODcyGNX2/fKnAJG0sSD0J6Y4PfHz+fVOWdJXslTu0u7k3uvny6pba63fZhJW5np8V27O+0b9NmvK3mkrnCtFKC25WWMoCpAwSw6sVI5Ax9Cfoc02Ic4dQrcAKd3JHAIzkAgD5tvHBDYBOPVrvw7dz2aeYYoSittA2+Yp6gMQNwOCO5Pdua841DSrq1by/IclGJLEk/KSDxgEnoe3UHGTXz0akKlne2yWid9rNa9FazW/Xe763NPZPo9b/3XdLVe70ad0tOtzn72RlIGQzAld5z8uQQQMNwR68HJ6c4rqfDl6ksYsZyqKNzs2AG2scEg9j3xzkDHTBrlp4WKnzU4Ukk4wSwzjrj2wMjAHfvJpqOLpZVQ4VQdqkngEdSMjbkc8cZ9MVpUh7Sm4p2bUVZd2knd28k2+rve1zO8U29e9uutvJfm1u9DuryOK3hmgibKPNmNjksAeCSeAQRxnpwOMGualg8uRwko+YYHJ3EjPLZ5CnpyMZwQFHy1YkaaSVpOBlg20nJj5znjOARz6/kRSSOImJ2q+QQV4JH1zggEke444AznClhq0bWTatdb2+ztbSzv6269CVVjd62vZNX0dnF91va3nZW0uZTpMihQ5OOc5yGAJzzyevTOenuxNNLgo53ffbKkMvyncSc8kkH19s5GODtieJSSEEjMNpQbTsyex68jqQc5IGcbqjU2m7dNG4LEqowAARwGXnpxjp1yMcjGy56fx02rRva1rfDZ7Lptta+2mtRlGTSVm3ZaWsldOOz2TdnpuuuhjxytkkqMqxyBkZBJ5IOBk55z0+brzViW5MWwxDhWGSF3FWYnJ44+YHA4+XrnpVi7tIrcq8cu5pDgqTkKjEsACCeCMkcZHOcDOMyVMSNhhgbSSTkcck9t/GCeP+BHrWkHFpOyW99Lb2bdrel35aXWpbTXRbp+avZ2aSeurT2uur1ZqrdM6lpQSV4+TAGDnGRnn3Yj15zjERMRY5LZzuwSQu0g8cAA9cYPIxnIOKjsY1mu7aOXISaeKLcQAE8xlXcx44XO7qRjIJPb6Q+I/wCz5eeFfCuj+KtHuptYs9StknuEghZhbzSqDsVlzuCjrkggCuHF5lg8FWw9DEVPZzxEnGlz2tOcUnytu62lpeyvexvSoVasZyhHmUPi11V+tv6vbrsfNaKo5XCLkluSAGPT3xzxgk8gdDmr0V2Y4fKMpC+YMksdoUnPIIIxwM45xyOBzm3Amik2spjYDY6sADkYBXBAAIxhgDnIGfQQvKoUoFAHAznjIAPbIbjOe456YxXT7tXVqKi9IvR3tKLva+75n8pbvd4OnrZq21+ZaK1rXT1XTX8d79xNe+ZEkUKl4k2ksM7i2ATtwQD046jIAxgms6aVipABUdckYb8RxggHA6hcDnnJwrTUpbeSNV2EKQVyu4YIyAdwCtkjBByef71bNxqsF4mEA805DbsLtAA4HPJIAPBBHQYwcQqbjJKzS+7S276tK3zt6Jv2fI1K9r393RrRRS019EtFp2ZJbhC+XLPES2QrZJbjB6kArxnt2BxVi5KxMI0cmMRggBiTkHgkDpgYBH8XY44NKyhcFWWRPL2sG5BOTkEDuMDhjxkKOSBV/UZrSJIbeGPdKAcyLyxyRySeSy5wDnao9ycJqTaStdx2aXu6R3dmlu91bppexainF30vaz5dI3cHe9ut7dr+eqSzmZEb5hgsQoAG5VB7jr6ck9unJq1b3yROQAThsnvuxnsAMjGOCevJx0pPDukXetavaaVaR5mu5FiRiAQu843NnnHOTySAuPmOAek8WeBNX8F6t/ZN6VnkZBMJYfmUqQQAWX+IHgKMn6dsJ4nDwrrDVa0FWlDnjTlKPM4pxvJX3V/X5thKi9Jp7LpaUnpFJ3S6pK61Vrtas6bQdFt9ekUBnEpTMax8KWUZ2k+xGT3Hp0B+yvhn8IdM07RL3UtVtDdandQM1r56EJbxMmCWRs5BPIcc8kDoTXg3we+GWv38mk6xLcRQaY10JSjN80oU5EZ77iBxkAcZBUYNfcviDUpLOzgtbKZJGNssT7VCrGoUYAI4HGQRg55yecV+QcecRV1XpZbluLabqR+suErclmrR5louZpqT00sloYWkotP+7rpdcyVkrt2W/daLqeTeC4JfDlzfm8tkltTcutjEyYVHVztkRSvO4Y+bJUqOeBhe68b3yy6RFfwr5KRqBOYlTLORnAPBUAkhgoB64xnJ4o6ismoRi4uQF/1jKqkIgXJJBxjcV6dQT6gA1Dd6/pDNLpr3rS28qyMWdQY1bBySvIGADs9T2xtr46pQr4nGUsVOM3JKm5680ZLRNvdX2urpa6nDVp+852irpOV7a3slfezfftu+3js+sO0xkM0plkZwm6RjuTc2OD93HA5HPboRWr4dtjrWpwRXcKupk8tfOB2Rhu7HjBJIxjHOTkHGY4dC/tDUPOXathAWZJPlV3XJIKrjncBncO3BxV7SYbt9Q+x2UjgyyFbcKjAIyN9+RgucjGQ2cNzg5zX1cq1CNFxglBxhrPSPs2knd3erulZdu3TnVWCbjH3bK17K62+Jvrfz2ab2se66V4d0y1maW6dYYrTCRPFMqyHgblKltgUKDkjnbnAPJryj4m+J9HtLS8tLCZdQednCWw27LfAZGd2AILZGQWznbjoRTPH2ieJ7PSIZ9LN08silbq4WQtvcsEJReWHB5AOcZJ5wG5XSvhLq2sWdpPfXjrNdhVSFFbzGBJ3eZkffySTk4bjIzxXDl+FwVOf9pY7HQai0407W5ZRabb2XvNvVX+6xEJ0IyVaVWKfVJpXleNk1ZKz2vdtabHiMfhu+uI45YYzL9tkaUouWwCwOcDkYVievIA4xk167pWjyadYWqT2jwo6Ykt1Db5ECkB2PGATyASRgHjHX2pfBen+FrO3Fvayrc2EZWWSRQ/nu2dxVTuJwTjOCFHYZ45rXbi62Ry+SFeeIxgKqjYu4dehBYc9Mg9AO/tVOIPr6VOgoyoxtabcbycXFK1pLtomtvU9ahV9pdwd0kl0u3o7aW6JrX8tDy3W9J+2QsLaBBCgCzyFsO2cbV7lSAMEg9u2RjzfVbQWsYhmmVEcjyY0cEMuOSxGT6gE85xk9a9wk0O8js3vJXb7EquZRypkUjggtgsMlhgZHYdePB9YW1uL0MZphEpcMnJKgEBTjG1Tn7wz/AA9OOfoMgxcq0uRS5uRpPVaSvG22jsnbV6Na3HKp715aW3d9tUuzT00Xdpt9Wco0ciNIWZY4lclfmyw7qw7YPXABJBB9qrookyz3UhtlbMh3lmbnj/dUtgcdTkgHmuhnsLZF3bizlS+7crxAHAAKnuq9wBx15xXKsUhDRw42u5aVm/iwW4UAkjPPGeR94Gv0Gi3KMdL32i7820d0lrdWWuq1RxureT0ulb01S63W3XbXq9lQuSYxM0ci4Yna3G4Lxw6sDjr14Pvwc5okP7zy2EoKgu2Bnceg246ZAGQATgcEnjRnlj8t41hyZgpMrjaAw6rjHc8dgQDyOAbVjp6RRi9nT5GXMajlAVyMsCSCeuAxP+yM9ehNRWq8nZve6+V7J/nfXVpaNppaXau+0Xu3a73d1e19E7FGwge4dHe2+dQpjC/KrAclmBUZ6dBgHjGcirt5HM8Cfu/LaMOSIwfmwQBwQMYGMcdyyg923175BjFu7gchZAgHy8ZA2jAGOOR1A9ObE14LiCDG7lNrHaAckDd6YGOeMjkepNYzldu17q22+vL2Xk7PTS9k9bVFtu3Nq97Xuk0lZq6Tv3stHr1MuF2WUnaWXaI/m52hupJPGc5wQAc9egFaUdsTHCIVw7uSyHJ3HdjPQEMOSDnHJJFVU2RSiPlg0mG+YDAHOQ/OeTzyAMHA7Vrpcx2b8SfvFb5EYq2QTwqknkKfvH7w9Omc25XT0s772u7uMeulrtdvLTQ1jGSjdOzbdnprdxXnbrfXbXpq/wAu6tgskwUny2LMvVwp+42MYI7EjnHODVqzuVKtKkTGRiPlJPKn5cbVJ4HPHA29cYOMiS+uQ86yESCUgeWQBlTn7jYPHO0884Iq3ZXK2TkYXErqj+Y3KI2ckEk4GcDrnPJxxVU3GM05Rvdptvre127W/Da701JTlLmV7Npq+l7ysu1rd+mvnp+//wDwR+kstDt/it4s8RLFBpMGnRx3FxIQriG2UyyRQsT1CKCxUhgMZxmvOPib44jvPBP7XPxCguH+w+KtY0jwvosqSAPJD/aRDorD53U2oVWxtzk7q+U/gB+1Wnw1+Eni74YaZY2/9oa0tyyay3zFY7pDHMhPV3aP5ApGB0CtiqWr+MLW1+C8Ph6R5JtQ8U+MDq1zG+8201rDCu1whB2kSA7TwMjbxwK+94k4myurw1kuS4SaVSknKum2v3smmld2TSXNZaLa/RLi4byHF084zXNakW6VXkpwnJczjTgo3Teyjzcqir66vrc858O26WenWFvHIoDqGdtzE99qndznAwCFAGeQOa9EhkOyGNGUqDghRyFPAy+CcfiT/d5PPl1req7QrEmxEbAUbSDg5JDcjpjKnnHHOOfVtEa2nGyXkLjBB28npwTz9c4P4V8fhkrXVnpFWV9dI63WiV23e/vPRXbPu4STTSVtuttEo9npq2tt+6uel+FYWYyvEm4RxNIzhDuRgMdRu5/ixzjnnoKnn3TtI00jMWJ4JIGP1wQPmPHbPOed/wALQLZ6Pq92qhg0awxNtyQSf4s5GCDxnjgjHrzkk8YZtzEOVAY4O3dkAAE4GcnqVz+Yz3UnKKtdWvdLRWWl7vora3/TU15nGKTe6u4pJLdLfrqm7Xa01asilMphiUnB6pgrvHGc5OS2AeOMjB98igsTEcgAspwRjBBIGSFG4ZHB6DAHBOK0HZ/lUfMQWGFw3ytg4J6Dg/MQOcnBODVy0jIZisZOVAwB5nOcHqPQgn+72zkk8eKTXvaWsn6r3e/V30s7a2aRVNymkm7LS6drJvlejt+qfTa1vKfEWh32q6tp+jaeouLzUL22tbaCPO+Wa5dUjjHXkuwUgfd9u3tfxk+DHxI+EEXgPwl8Tbuyn1HVLaPxDp+m2kaj+zbGMBoIbopyJgpUSeYVOeCGPNdR8FtDgm+P3wo+12M2phPGGlyvZWsPnT3bJPE0cSRYJY7tu4ZzxxzkV9cf8FM9Tj1P9oy7aXSJPD32HQ7K1ttMuwyX1uTAu6R4SAEjl+8gAAIPI3V+M8QZ1i3xrkuR06cPqtXC4nG4mpJc006coU6Uabfw2k25NJuyS20f2GBy+h/YOY5hOTWIjUp0aSi2tHaUnJLvZJO+ur8j8dviVp93qdv/AG7KzCR55IvlDBY0iIVV4OBgbc7dvGT9G/s+21/d/EbQo4bVriSC5844XftKfOspCqT+7YbgSCOOa9j8Q6Eb3wnBGp3Mbl2GVAYk5Y44wSdp4ycjscED7t/4JI/s6+HPif8AEH4rXviXAk8MaEradGSCXnlKEhQSCOAVJyexBNfr+TQg8RhKbk1TU4OTSt8PLJ622ezXotrH5XncqkMPiZxV5ezk0mlu11vv09e1j1D4sfEv4jS/Au10vU7y8vrOfUIUjgLGNb21giaJPtDY3OkTECNGJ5HIOQD9U/sr6zpfw9+C+l614pMPh9Zbea6uJ79lihAlBZXmlYgDJyAgIY/LxmvUv2nn/Z+/Z88BW9/8Q/CbalHJbiHQtIWSRla9VgQ80ijy0EjBSfmB7cAcfz+fHj9prxJ8S79/DFveHQ/A8LM2neF9LnIt44ST9niuJRsMpRcBlbIySBwMj9Sz3jbCZJl8FQj7St7FKnSjG1mkrSk1om7La+jb83+IYLh3E5pj5zm+Si6t6tZ+87rlXJBaS0T06XbSd9/1b+Kn/BSX4VeGL+fSNFlk8V3dtJ5byWBKWjDoQki9VyeDk5655+X498Sft+6r4w1hbbS7aLSbESCZ/s0gYxxNwfMdj8zKMZH8RIwa/MyfwFfLbJrq3Hlx3kcrCKMq8smBkKFDHAyMseTnORnJrw+7PiGOci3Wa3IlaAeW7KXG7GXIw3GARu552k9x+C47xCzfPZVY08csN7NtOlBcriotW1fvO1097dEfpWXcOZdlSi44dVHo3Ook5O3LbbmSTunZ21sux+6Gj/E3wZ4ztfFguNW/tiWfTo727bUyklvAkClikcbgjzGYqVZQcAD6V+Y/xA+JF5J4i1RrcCHT21JtiRgqixxny0ChRhUZQuAFxkkbflwOT8GeJrzwvplxFPcSGa7jMN1KZW5VhgBxn+Fj0PXqe5HnusfaNQvmit3klSZ2lAIOSxOQ27jCkDPbHJ618pSzTFYmrNV6k6jg7Ko5aybktdbpei03ukmrfY18ZfDUaFFKmorWMdLOVnZ26a67321ast/x14zm1+CI77jyIESMR73Jyw2sWGcKcYO7OTnsc1wGlvLNclftAW3WIsS4bkgAFVDYxIfUHk7jz27yx06zsNKlj1QRBpsuZi4O3GQqAkHaeMFs559xXn2p6pZadHcTWuHUE+XGSpIHQuCQ33hgkFRjHBGc1pGVTFOcYR5r2tUcVe1tXfdPbu3dPc8ab2k7tvVvd20vJ7vXrprotdTrXu47aFL212gq3loDy4YgZYKoyB65wDkjO0CqN34haVkknnDjYA6n5h0KqBk5Xk9CBzjHGCvnEHioEEsHCMG3IFBAcnl8nBBwDwCOB3zWfHqia1qEdglwIY3YfvnIQkDBJIVeh6YAIU7jWtPJ6jkqlW75eut1s5avrvy6+XWzzUm2tW9V9p6aLVu+rb6WS0t2v2kV+j3TGQqhdSBJgkImT7ZG4DA57H05W6utNa5CXLO0YjAaQOq89QDknqCwDfMu3HTGCy7sdMsWFvvklixGzTAhn38rxnBKbgD14HY4rmtZ0e5nd2s5Cbd0XblSScfwqUyMkYG7gnB4xivRw9GltzNJW1bfu6p7LZu199W7dkNTd9F2s7re3Veu711dktLEWq6jprDy7UkLGGDBMBGPIUqQACBwDg9j7VzFrqjnfnJIZgHDlVwOOQSOO27Gcdx1ofwxfwwSGSWR3LBkWMEBADwHLEAsT16A57gVzZtr23kdZYmQqwBYg/dwe3IJOOTnPIPoT7lCjRcElJSurt2TeiTel7d2tbXb6WQ97X9emm3bqtVrro7nqmkatfhTGu7yS/CnOH56HPGCeQSOO2DwPbvDtpb6pD5ckRSSKEsjDlVdgQzHHy/hlTkjGSSK+c9I1BoAiNvG9dqRgc7ydu4Z4Hzc569jzXt3hbX49OMVud0gmRXlViucZzglSSBgjA4zjPTFeBm1C01KnFWur6X0Ti1ZXXqrW8tjoo9It32u27Jaxtsm0k9b20fVnlPiq3Fvqk0QLvEJpfMD5BaRWKqoweOV6Y6dQG5rlLfQ9V1B1ubXTZpIY3kzKsbsiIvzSMzoNgCgdCewz7fb3hL4Y+C/iFrEVzqGvWulR3lyLadbl9ojDkbp1AwWK7yB07ZJxgey/tEf8K8+CHwysPh78NI7DxBe6oA+seJlSGWQb4z5iLIu5kyQRhimM+nXXDY6CVGjGLdSVl8Puwa5bN3T0ktdN7q71aPVpYKM4TqyqxUYRuk2238KSs9bW1Wtlvq3ZfllNI1vMtplds77iVGeQ3OfTGeBnIzjknJ2rlo5rZhFIFm8oKuMAFh/zzAJx1OcHpnnoTzVrBc6jdySFGjjilfEhU4wTk5PU9Oo5J9s56O4MNrCsojDuiMoHOeBw5GOGO0HaPUbSK9eTVo3V2lG32dEk1fq9b22va6e1/Lm0n7t0r36pqzVne7tZ2tdN9GVbXSrlZLQO7o8x3Ou5zgHDEkr8oB7ge56nNb2p29qbdYzv/clRvVmJdgGwD8275iCRzweODWvo19Dd2sQaKNHjUhnIBYkbRgZ554JBIGDjkkrXMa9eLFcqinbC0hZGjBIyDjaejDGCM5G3GB/Ew4JT56ygk18Oi1uvdS0/wA3dbroN1ZJXvf4bKVuiVr7bO70/O7P0k/Yl+E3w9+NvhfxT4M8Q67J4e8baeU1HR9QlvIrWxt9OJK3DS75EE0gDAhDnoABivlH9q74bWvwV+IupeBrDxFaeJrLy0uodZsZVlhuI5AcbyrEK4IIbgj2FeA2fjLUfDslxdaTqV9ZXNxC0TS2F1LbuIyPul42ywwTkHrznALGuS1zX9R1wifVb+4vJyhHm3UzTTuMkhZJH+YBcbQoIGSf4sV8tlXCmdYPi3G5y87rYjKMZCKjlNSkuWhXXJGU6dZ6xi4rWP8Ae62bPqq+e5VisgwuXPLIUsyoSSlmEJe9Wp3vyTha0nay5rXsurMeySXVdShgUbiJkAZshVVSDuYgYAwAeTkevBz6nrV82nWkKyy4aJfKi+8I2ICqHyAcglTnv+Qz5TpFw9rcPKpxI2UUDJBJPPoeF4P93GTk8G7r93q+sRw5TIgUgImVQRqWBPQE4GDnoRznJr9DrYf2k6fvKMYpJxvv8L6pK9tOjt3W3yF+Z2ttZKXXdWa6tvmf9LXVvJLSS3Vkk/0+TDOY3UqwO5ioGTwOQSMHIHocYNnqMzTTBw5ER+XLDaDxjjJzkfdzxwCO6ryjXDhtr/JIrBFwxUHBbOOckk5zk8YINTRzbJAd53OfvITk5xtLEgE8Fsrt4HWuiFKMUklFq3RdFayel+vd3Wz1RrFO3LdK2zlZaOz8r2d3bVu+h91/sjaQvjL4x+ErDYGSe+tRIjYKqomVi23GBjHGQMbRkk1/VD8RvG3iTxYvhXRPEF291Z+EtKs9D0hYwWhsbK2iRAFHKhmC4YjnaNpzjj+a3/gnH4X1ST4mReMns2k0LQ7+wtL7UyrfZbSe9lEcCNMcJvdhhQSCCR1HFf1C+JPCcWneHr28vSwuolgnMpjbaY50R4wrjCglWX7vXPyhsA1+UcdYpUs3y3D1PchVpy9m38Mpc6vZbX+HzVvRv9R4TwUamT4nERUPa06lpcrjzRTUHe19Lx/HVXueI+LvDMWpaFr9lKscsN14av1WN1Vt7fZm2BcDqScjbzk9Oor5V/Yi/ax0L9mb4dfFHSNagbVdVPjNdS8O6UjP5bsJ5LeaOaJQwDBFG7IAKjryBX1fpnimz1bUn0LUyIIgjWttcAhBiRSnlynghWyRg5+YFeCM1/PN+0hYeKvhP8ePE+nxyXFrpEGuT6nCrOUhurSeQzJInAV0LOQpXoB6dfquE01LlxUVUowlCrGEk7Oyi29/es7W6N3toeJn8+WKlR9yUm1KUbOUbqKbs1qk001pvo1obvxv16L4p/FSPxdpl42o3+qeNrm5bw/JGBDY3Oo3zSRW4DqCqq8uxQ2ORjgZB/ol/Yy/4JPfF3xfod5421rVPBHhd/E1vYND5d2suqWUtxCkltC8KOCWeMozFQdmcNjGD+I/7D3gPw340/aO+ET+PTaRaB4/8TG5SO6PkWpns9s0Ms93IRGFMo5CsOQwA45/tU+GemaX4S1r4cXeg6krzQ/EO306bTbLUJJLC70yKeOBJZTuMTRoihdpOMYI6Cvo89zbETqKzajJWu7tRa5eWME7u1uqW+j7nyGHouk1KCUZqafuq0ZW+K9k3azTfXtdXb8V8Ef8EgvGenXFtF4p+LemIyTrC1hCsS30yyNlXtYJcPLGP76xkck544+m9O/4I56XGhubz4uXVnDM4ClrKBXLE4I9EKkFlGe4XBPLeg/tA+ONf0b/AIKK/CzT7eWT+xb7TbK1s7aC7eOwWSbZ55dUYQSuqE7c7mHAGTwP161SO21CwmikPk29rK08k7BGWPy181ixyAB1yd3yrjgHNfCZpXxeHftpRlODhdReiUrpe9tZqPotVfa57uExFecadONVwlLl5uW77LV3dk7J313utHp+O8f/AARy8KxrEJ/i/qI3cq5tIBu5UZHyng8ZIAB68fLVzWP+CQXhjS9NvbwfF+4iisbR7iWS5s4Ssaxxl2kbapIUKpJORgHGM5B/Y3wz4i8KeOLOWPQNa0zW47FUt7mTT5Ybh7Sa3IWSKby2JicSDBVgD144rz344eN/CXhXwF49j1PX9I0+8g8Kahtt7udYpnX7LJGNkWdzO7HC/Lk56AHnyqeKhXpqdTDLnnZRak17zatpZxa36efmelDG5nTrqlDEzgoNXtTjonya7K+jTe11qns1/JF4z8LaH4P1/wASaJa+I4dVsvDt5e28N9Gi4vBbOyGZUHIV9pJ9O/XNeAeIPEujTeHLi7a1aSA3UMRuTCvzYYEbRgcA4OQOh5YZrY+JnjbQfDll8QfFWoXq/ZnW4wzrv+S4uSVEOcgOytk4Pf5sYBHy7Z+PIfHj6PpvhqeWXSL2fT7eGFk4kvrt1iXzBjdje2TgfLnaepz2PLZQoyqzTVGNNynLVJRevM9dkr3b1W2yR9bRzODhTg6ideXLaCau3dXck3snfbRN6LVM/or/AOCe/wAaNI1/QPturxxXGmeCNJuftMMAV9QhSwt2aEQxLll85VKb8BgWABGcj+Xn/gp7+154z/aP/aD8Q67rst7beGfC2tX3h3wZ4YkeWOHR9OsJ3iFw1u2F+1XW3zJZNm8tgbuBj9dPBx8VfsNeOdIstVC3a+KdItNW8SWsTvJby6PqaJOXiVhuE1uhAZMBDjBGOK+O/wDgp1+yboXxb0yH9qL9nEWur6Rd2gufG2gaREPtNtchd018bSE70mQ5FwCgVmA5wM1+ccDVsPwpxtVr4+n7TJs3quWX45pShh8VOUL0qkn8Cl9mV+qTep0cZZTLP8qWLwsUsww9KEK9FNc06UEruN3dySWqWt9NLXPxc0HxJvkDlSn2gMpZ8EqQBwQcbe/GR0Y56CuweBZbRiE82XejBnQAbCM5HJxgZAIOMjH8QavnfTry5stRSK8DrtOJUXMYyhJ2OpAKSKRiRSFOc9uv1H4Kn0jxDJb2z3QEkiC3ZGIQRfLlmJyuCoA6kHA7kDP9tYOvh8XhVUp8j91STXK/d0fTTX5tt7vQ/mqrl2Io4l80pR9/lV000+ZdG9GtG0/noeu/C7w1dN4d1U7WNvqchCxgFt+xSXY9QVGTnn+Llc4x5XqfhLSLK5vZdR0acpDOyhoeEf5upCjr6kZJznjpXsvh3xylzrUvg7wzblNK0GA2014gLfabvIE0qy4b5A2SQWx98YAGT1V94Yur65dGkjaMqGK43AnaT0yckHPI4Az3xX53xC4VsQnRd4x02d+mjTtort2tvpZvU/UOHclqfU1VqLnckmuZbJpb3vdJttqyvdPyPANO0LwTqgjxZzwP92SJyIztCkkgcYIAO4ZyxBBGcUzUPAvgqK1uZVnt4oYz8qlUkLNycHaCxOeDx2HJxx7FY/DPzNRjn3bk3EzQmMbQdxHBOPlOQec9SpHAFfYfxx/4JveJfh/+zn4U+Otjq0Wo2XizyL3UtJtY38yxsrrPkMzsFVHXZ8/O3AAxivU4f4QzHOaXPQpQcXdpSajzWUbKKW7d/htfRvs397lnB2JzOnJ0KMFJc3KpuzqNQi1GK+3Jtt2TS06H5EReC9JvL0KNHs5beWfEUwAUMD90nkZGOThSvbkjFe2+EPgx4W82OaLS7RZFkV5jKOM4BIUH+DJOMc4646VxGl+HdYsvECIl0wtLZx5cMpLMjRkkhgSRg9zgj6civfNJ1qW1aEyKSuQjMqdNvBZSRk5IOM/mOK5c0ymGX1J4ecEqkZOMk4WalHlUrNbPmTtbWz1slr8tict+p4urRrQcXSk4uMkk7pwTv6+Wiur9be+eBtJ0jR5oPsNhYWk9rgxPDbKp3gAHLlQSecELy2eMV7F4g8Ta/FoM832oD7NaShUfJUK6kZUY/hB4IAwOOCePnzQPFemxkLNO8Y5xlOT0Iw2ARuIGB2+bk9D3+q+IbS/0i6jUs4MDRKCxUOrrjkdc5wR2O04GOD8ZjMIk1dJr7Nn0XKns3qklbv6EYvl+qVOWzfKl8KvtFr0aVr6K60sz+kD/AIIRa6mo/s7fEGa4LSTL46uS7KrMpJRGcqD1wcdDjpwMGv2K0+5jm168jkScBS5gKnaqKc/MU4C5HUEcdMEV+NP/AAQh+zwfAP4gadHA8bjxlLO2WDBRIsWWOSDwOgA6YzggV+vZtr1/GdwunarD5EsTCePA3lwTkj+7wBwCCeeoNfleZpRxddRn8NVuy3u5LRrRu+iutdfS/wCEY/CL61eVKMr1Z3SSk9X30302e299j4N/4KQz3Ph3R/hH43toraP/AIRvxdD5l5cRLvEUrxhkBK7thzjI4Jz36/GfjX9oCDULeeZo0DyKpjMTshk3qrkqpyCoDdQxUcgZGDX1h/wVqW5h/Z/8OXENxHvsPFtgZ3djhk86MsNuADkcA44wcE81+LnjzxbLJoNjJZRo876fbiMAAAN5agMCuML3IPQH+8N1epKisVkdGbvzRnKKTtrflte62Tdr3Wva7PvPDvD0YZnXThHkkqc72XVR0tyvro9rvXcvePPjBO2rQ2KQJM90X2EuCQvXLknblQQc5OTkc9K8i1j4hQ6fbpNcvJZyyTFHbblM5PCjoeDjgkchuhGPzS+Mn7R/ijTPiZD4c+XT4rYiN5EBDSO4CjYMD5SW4K8HODxkV6H4t+JEo0Pw3Fc3pkEjQTTOxHmM8kYbGSSeD1JJPJOOAK+WfCdatOnKpFONRuXupaK8d7LTW9rq+nS9j9zWYYak5KneLguWySXa9rJO1ut3/l9p+B9Z0rxH8R/DV2YxeGxv45pEct+8COG3MOmDtPGTxjIav19GqaNqmhXy2ws7Z5NNlhKAgOjGFslQMglTkZ4wePvdfwQ+BGoXN5qsmq20zEQyfupN5KggAgErjkZ+6CMcgdAK+57L4j61DF5bOWcgqMBlZlwQdxyMHB5JBPsMDH5Nxvwi8XmWFhTfIsHUhKSt2lGWj81vdq3S59lw/map4epKd37VvlbutlHZPq7X091vTU8E8VwJpeu6xbtLI0v9p3joxZiCGlYruyeeTwQCOCcHjdzruZiglYKoBwVYZAJBGVypIzxzkgHqK3fFNzLqOq3dzcwjMrs7KSAQDk/KcjO4McHPOPlwevMpZPKchADyY8sQQBjOTnHpn2HQAV95gsDSjgqcHSgnGnBN8v8AKopp9X8nbW76t8c61R15Wlo5XV3JauUddra+ut3p1N6LSYJ9jTwiaH5S2CC7oPugnPKnAz67jnIyKvXXhnS3gLxw7UMX+rO1stgcKMkEgFs5HH1wTPokKqRBctiEph2RiWTrlAfQk9ueVJxite+tm022a+hf7XEiFlgDeZLI4G1EUA/fwTjb8zE9OeaeF5JQ9m3CN1ey5Un7st46tN9l1SfY9LDTSTlNcz0StrJaLVX1d3dpK+uj6p/E3xJ+F323UJZ10db2GcSgZh3rGoII2gqdnHJ24HJ5AJrwW8/Zi0jxRJmbQre3ZVO5xGEZSxBJbaByfTPU5HIyf0Hlb4ya7JNJ4a+EPiXVIYpNyySWDwRTq+cPEZUUFSOQQoBAyOmBt6SvxmsEMur/ALOPiPy4hmV0snIlxx8uFO7jupI7+pr7DA59WwWGjTpYuh+7ik4+2hGTa7Rcr9Hpa+ltnr5mIyvA47EOeIwtV3lu6MmrPlvrqrXv59tbH5pxfsG+GdQ3yTXtxbq0ZYxwSAmJlG4Jg4yODx2wQMEmv1s+DN7B8Nvhf4X8I2twceH9NNrMzugm8nYY1dkO1wzfKcr65wCOOAu/iJDoSS3nij4R+I/DaP8AKXutPkWKEA/O7uUVQF655yCOxr4z+MnxU0+58W2mv+EdcvYtCaCOTW4opTCYjAwJjSEsMgDIBC8+oNfnnilwzmPidkWEwOJ0WGxkcXRk3Fp8tlLW7VmmrX0WlvL6bhetk/CmKr18LCMXUoezmo3jK14y2Vm/etf1002+x/2a/FMuhfFb4oX9/ctENR11poN7AAic4VypYeuQSDgAkEcV+pEniYz+FrlvNEiyRTszZxw1uRyMcDbjgZJ+bIFfzJ+B/jXar8UbjWbbXrubT9Tv7eF4JFKrEFwpkmC5BVcffCkcnrkEfuH4S+JNjq/gq3WHUIbw/wBns7ypIrK4aMgbsEkEAlccDgfWv448XPCbFZZnOUZgqEpQcMHSlOELxj7BU4e84p6SSSs29G7dWv2ngHiHD4/BY2ippONSrKPM/e5ZSTTte609Wk9T8xvBOp20f7XMH2xY5YD4mu5Vd8ARMJGI5yAeTnqDnpxUv7TnjW8n+IGpS2Fjbvoun311BctjCbpcLvJIyST06DcBgrwa8G8Ta6NH+Ol3rEDFJIteuXiG/YwYMWA3YzhuRkcY564ryDxx4/8AEninxR4jGsSzQWLzyDy4WIDKD8ryAEZOMfNjgYyeDj+x+E+Hp1FkmLlP9xh8nw1OUPeSc1CHybaVnr7y+9/AUMwo08XmWEnHmrYnHuEJRt7qc47uyVmrpre1+xW8X6bc6xo/9q6ddQy29rcG4uohMqvGJHO1UG4YHHJ3Z4ycAGvGblI4DCk6B2lwdu4EHJPyhs4IGcH6E5I4r33U9HjtvC0LW5iaaeyOLdHYCUFQ2+bJyJVIJJPGOhJzj50v4pEa3SfcHBbqx2x84wGB6EnGNpY8ZI4r+iuD8dej7CnFx5JtR0aVk1G+qslZLRt63u+p+b+KfDEMqxdDFR5P9pw9Oq+VprmbirNWvazSs072dy/avDaTpc2koiurWTzLdxnEbA7lOCCCVbjocgnkDivSE+IV9ewi216w0rVFaMRC5FtHDc7SR8xljGWZQANx5xknAGa8rtrZnkLoqlcjBJBH3hkZJ/HJ+nHbZh0+aYt8ygKWI2uAOg4wG5xnAJAAPfIGP0mjmMqMkueStpyp2Sfu/wA3Mnba+mistErfjHsJVOW0LuUkmtVonHo9nsu9kmtFr6boMmnXV5GbNZ9PaZ0RBHKyDAbJAGc46lTgkA7RnkH+o7/gib8Kvgb8adN+JfgH4reD7TxTrWnQwanY6pqcrBobOQmNoIuCUIb5gVP3eDyMV/K54Yt5Eu7RiMiOdPmJBA+YfePoMk7uoy3rk/1J/wDBCO507TPjH8Q7rxDr2k6Zpdx4UtLeAahdx2kM1xLMoEKSyuiNKEJHDseemMGvmeI+JlhKuGh7eNH21aFO85qEbTtu7pbq11dvpszpqZI62BxdV0pP2UFJWg2/s2ktHre60VruytY/abxv/wAEmv2TvGNsBoOman4TmZWxcaRfvOnmEHDiOQlMg4IU4JGeAOnw78Rv+CHuplZ5vht8SbK9t0WR4LTxFaBJ3JOQokgAIbJwMkYyODzn96j4f0PUIYJtH1qVUSQyodNvYp4pSAMDKSHzFJBAJwMHOc4p+o6X4rtZGudI103EogQR6ZdW6hGYYJLSjIVioGQflzzkZNZ4fiHFxnGUK/PGytyVY1E7KLuk3fS2umrtex8NLLqM21NOLTtaUZR2avfS13qtd9FZn8iPj/8A4JJftWeEpXeHwSviW2jdiLjRblNjIBnIjdy2cDhcA9RwSBXyT4q/ZE+NPhCeaPXvhZ4usvs5cvIdHubiEbcqWaWOMocBSAwbBU8EDmv7n5df8X6T4fm1XWdPiW40+K4u7xIJf3X2O1jaR/LJIQuVU4BP8WOgyeU8N/FnSPHvgAeOLjwcLrRbme5tLaxvLa3kuLgwTGByFw26NiMhjwVyM8jHuYfi2rFqNSPNdOXvJ3t7rurJpWV7t6X87o56mTNJzptximoqcal/eurJ372V79u9j+Cm9+H9zZDZf6dd2U6naY7i3lt3BU4dSkgXBHQfLtzk9uM1/C0yAsuApTaqkFjzwMKMgjrjGSMgnLEhf7nPE3wg/Z0+IToPHvwZ0WwuL90W08vSreGWQTLlWMtquQx44J4OM4JK181ePv8AgmT+xx4pnuotLml8G6oy8rbXTSCCRhgbYZX2gBiR6gAgk4OPVwfFmBrSbxEJQh7q5k003pq1o9U7pWXXSxjLLsdS5VTxEnJWdpXt9m23S3nrva2p/HvHpOpQBSIyyxBlG1cF9vIGT34BAyOoAHaq/lX7oyyWzITuJBTaQF+6AQBuAB4OQMAc88/0k+NP+CJd1dNcS/DL4r6fqELRu8dpqoCPluRzbh84yAWGMnjFfDXxQ/4JaftYfD5Lm5s/CsHi3TbdcedoEiSylVBO4RyfvMAA5HPBwpA6fRYbN8pxNoxxPI2lbn9xacqS15b6X9Fq27tGLxGa4aSvGNaN0rJu+nLd6p/h16u+n5I/vIYyrwTANnKOpZR1B4Yk89c7cgDHTlacNzFG7NLbcx525bK9jhVJBB4PDZzgNhcYr6K8X/Br4o+BpmPjDwB4o0iMMUD3OjXSxhhlSBIsOwgHOecZPOBXlep6SVtpzdWSRBo3Cb0MM24/dEgYKQzHqCOuckV9FhsHh8XSvRxNKSSuldNte7be+ltPV97s9HCZ5jISUalCcW2lp727j5Lbpps9NrvyDWPHdpavJbm3imdlKlWt4ioByp+bGQcE5zjJ4YcVwFxd2Gqxk/YLeGcsQJBtjZQegBXIJ65P3ScZ9a2db8G3chaZ7eQbz1jkwSuSVbkjjBJ4wcHJ9udXTJrEC3dSu0EoGILDg9Dg4IIBySD0IGASIqZThVyurh1UataThG11yu9+mzd1stkfX0s0xMqKbVTlcbJaqN3y3u1otulrfJmTNpsbo0BQEAbvmK4GT13Dk8jbgEZUkHGMHnNR8O2+1lKRZYLlD8yuvIOQQccYyTxuyQOBjtJIZiThiWwDsIDYUc5+VcsMjcRg4PfoRjT3U8TFHgDKB7jgcDkryRyBn+tevg8uc6PLSpSjTSio2T+FWWllqr+a7LRJnPTxVKTtNJN6uV7u7t1ve35O62PIdV+HthdLvNskeAWzAzJIxIOQAuM8deOPZiK5a/8AAl7F5RsNRurMIv8Aq5SJIzkAjHIIXgg5HfjB6+7tqlrI2NhibJ+ZgOSvHAHLbjk89McgE1LM0EygSiKSPaAdhXOeRggnsPT5h1yMnLrZBUmkoKau4u/vLRNNrvG7u2u+u52xlh5w+K+qtaWis0+91f7VvPbQ+ItS8O+K9L1S7ubeKTUd6PE0kBMTFHBBwEx2wQ3AA4J715ZLpGu2wklR9S02aO5NwrCSZlEquWBVl54bBGSPmxwd2D+kU2j6ZcuAkKxbtuXyoVgAevrnqc4z71n3HgjTLhSNscisxO10VgTnJGcA+38Pr1xWSyWrBy0bfLJ6x78rvz3Ulp3b213ZKhKVlSxPKk3K2qSk7ap3TsnbppbW54n8Mv2j/ix4YSGPWPFMmt6bp8kTx2moTyM0UKxhPLQyMA2FAzyCOnGMH5I+LFrea9408UeLhZC7h1+9bUECsHCNLklkGflALHC8AcnqK/Qi5+FOkSq6SafasrMMbEXPPBOeOgOcDpypNcxqnwS8O3MDfuZYZEXy0Ecp2p3Pyg4APYYHA46cc2HyZYOrOvCjGNWSacotpy6ttNa773Wq0erv0Zj/AGhmeFpYTEYqValQs4KdSTUXZJpN2W2llfZa3sj4W+Adj4hT4l6LPoS/2drkLs1rJcBVtw5LDDecdpyGxjGG3djgV9r+K/2hfFfhvxDBbfF/4QaBrdva3EtpBq9vbyWou4fu4S4ijWJpZMbwFY5LDbxzXI3XwFlt5jcaVq9zYXS/NDIjFJo2GMbZUO4Zz1XjPX0rK13wH8R5rS00+712TXbO2kM8EOopJchJlGfMDSKxB4GTnJPTNc9bBVKnPKUZJySScdNW1bmSu3fun8rbXl0sRluHjTp86alzXjytactk03ta3n6M/WLwjp37Dn/CpfBPijxR4X+IHw4v/Hwknu99rLdWm2OQb3ti6FkhLqSrKMlM4LDIH5j/ALe2r/DjTPit4XPwV1qa88H2+hR/ZtU/e29xJcoQvzBwjs64CuBnJyOo49Qt/wBrf45aV4a0LwZ4u8H+GPFmh+EbZbHQ47zTYw9tbACNow0cJ3bkBUEnk9cghj8//tMeO9L+N+qeEdR0b4dxeBW0HSzY6hbabGxs7y4YgtPjaNrM2446L7AnHl5ZleJw2KdVym43tac5csU0lpqkmn7131002PUzTPK1bKvqjtzXp6qNvha6rz1skvV7HHfBz9pD4lafrlloMw0fxJYz6jG0VtqtpBJI0ittVWnZWYEqDjkEYU5GDX2RqX7VHhhZ77RviL8GNJ1BYZSJp9PLGfadu4RyLnjr0IKn17fnL8PdKbw9410q/wBUsUuNNtb/AM2eJWMUrJkcZOCrHHHzcEY4IzX1j4r1v4e6voN9PbaLqOnatDfmSC5LieOe0kbe6sScsQQRls87Tz0r7GnSq1oSSm+drWUnJWtb3VpHS3RN3fR6nl5Tm2Io4ZxlVSlGSceeN1pbR3SVr976paNXv9KeHPih+y/4qkS2sNN8UfD6G7RI7uUNJJbRuoGNxAOQCSOhGMHb0x0nxk+DPwY8YeFvD01l8XdM0uWJ2WwGqt5U94ZgNk0gk2vs5HzjALcYyRt+OvAQ8Farpt9ptzqk9nNPe2uy4ks2MNtEXUuzyKCFC4AKsBuyM4ycN/bN0ew0bX/AemaVqC6hpv8AwjNrJDeREwo5aNSHCIfmbPO7ByefQV5fs6lHEQjzc7lK/uu0Wny+7s3G3Wzu3ro9vqa+c05ZJUqYiFCtzOMXGDjFt80dUkm0lZu9tz0Xwh8D9R+H+ifFB7XxFo3iHT59EIil0y6ik+0GQhyAFZuMDsMdQetfG3iNZtMaOOBZ4JJYsuvzSYO4kA/eIwc5yMLk4A7d/wDs3eL9Q07xh/Y5judVguYJgbCWeRre78sMFidGYjBAwBgKCc8dvsAaj8IQ15e/Eb4UalYyLc+XDJYXG5ZMPglEDYKHB6cDgDAwK+qUlPDxUYqLsk07zcdlLVW0V0t1dtO3f51VaOY4WnOlN4Zwk1yud+Xa+zT0Sa36tvsfmrc+LvEljFbrb6ldQCPLAxyvCwyRtAcMG2gduR24AJFiP4v/ABA00Qi08W61ZKWJdYtRuDuLAgqF3Ecglfcg85OB99/ET4h/sveG9Hs7yz+Ft14hu5mkijsr5hZC12YwXeL55D2JYY9Nxr468SfGDwTepLaaX8KtE0yKeRnt5A7TSWyfMOHII4BGQe3bOCeHE4inQjJSrpSUXaMY+9Ha19Xo3dau/VpbnNOvicNUpwjmbk/dXKpT0Xu72drOy6JrS99G/on4FfFa/mTSF1a9lubuOSWVbuRS7z+Y2StwzA7nJ3Zzkjt0r9AfDnxAS8Ekl8it5iKqSqiKML93kA568n5cZ/2a+bP2dfgt8O/FPgfw94ou/EOm6Pq13JNJLp32yMSQqDmIPHNIoAXK52KRtOQOmfsex+AtnPGzWGu2d9EACn2K5hdguRyyq+AxGflBySeSRgH8H4nzfAvE1Y1J1oVIzXI4xqRi9IXd0rabXVvS+p/UHBmDzZZRhKnt6VSnUowqL97FTacINc13psnrZ3ZzOs3mm6+YfNgthGuflh2rKwIClhtIywbk7SMj5snrXi3xH8OwR6XOy2m+LYVjCMC6BskEjuvPPHQ9B2+gtS+DfiPTGxYQzzKgJilKkhwT0AUYY5284xgk7sD5fL/iLonizw54W1C8vLJ5I0gaIyyRgPC5BLhkIDbQvQ4BG0nJA+br4YzSjPGYeEcV7SSlBSTa5lH3Wk9LveyVtlulqPiPD1pYPE1a9HlnCEm5x5W7KzTbjv316JPqz13/AIJf/EH9l74PfGPVdY+OHizX/CGsXWnix8Natp0ckulwi63rc/bkjyy4XByR1B3Z4J/RL4gfD74BeOvGet3/AMN/2y/Dl3H4ukmmii1qf7FNY+azFYjJK6bVXdtOcZAxxiv59Pgr8GPiL8fviQngj4XwWt54km0y51GdLyWOOCCC2VpJpAXIC7EGducEcjJIre+M37NvxE+CPiLSNL+ICnTdTvLCXUWltLpXs54EdwXg2MWXcyFMFflJ7c1/a/BfEGIy/wCrywOa1cNiFQpU3Qg6M6bpKSblyVYSkrNvm5ZLe6SsfzpmeYZpho1JUKlSnTTkoRi042i4puMZate8720XTTf9Cvi1/wAEz/HniDXIr/wv8YfhP8QN85u0uJvFOnRz7VTcqjfchmyFK4IKknIHcfN2u/BjQvhlNNp/xo8WWfh/UNM0y4fS7PwstrqUd3LG7R4adTLFhwvykEkqc5Gc1+bGueOPE1hqbJpWs69pZhV9rx6pdW6mNeBLGDKBggY+X/CqB8T+Mdet5hf6hruvSRQMgnmmurxo43JwsTOZDtyVLAcZz3xX0uYcW1q063t8X7WUm1OcYKLqSVrNy5t0m1sl8j4SjmmYSrVZTjKTk7yai3J25bNvaKT1bS1XXY+gfEnjT4fWCxpoS+INVldpBv1OeO2hV1c7SiWzD92yruwemSMcYHnMvj7xAL1Xtb5LO1BBECMGZUAyVDH585Ygd+PcE+ZWHg3xdqxE1romuTuPnEZsrkk8+jJgDnJxn168Hf8A+FZ/ECXy2fw5qkSs4OZYREAc8nLBOxGT1Jz1Ar4TFY2VepKTleLkpJJpvouaTeur9613fU2nmuPVmoy0aSt9pWirybjdd7W1SWx9D+FTr3jvw/rZ0wz3FxYSLcXE1yrTMsSrllhbqjuA23J5HTnGPLdS8M+JI5J7jUtM1QWYDSI5NwIwqFslixGcYAJxgEZBJOK9R+EeteKvhhLq9rq2myWmm6tBHG6oySliCAHBJO3dnGflzncSSpr0vxj4+bWtEl0q3cG1mt3yTDGrICDwH4JJxjK56cA8CsLRqQinUc5LncuZRTck9FyyvZW1WrvdNG8sZXqYd89SSqWejs7u+mj021Vld313V/mnwhrVtoOpvNPP+5ZV2xqC+1wCwyx5OAMt1I5BJJNfWXh3V7/4iT6VoegaPbz3+qulrayySpAZZ3+SMB8AgsxHU4yAccYr5f0v4Za94ngv10Tybv7DazXkoXho1jUu/wAyYBcAHIJHG4kDgjl/DfjbUPCdxbrZXd9bahYXqJFJHOyzW06SKVkj2uSjI4HAHI+uD8HneEji4VPq6hDEQ5nBTd0qnutKyb0fNay19Hc6MuzDE4WDjUcnTnFtylZe/wAybSV27a9LPZaWV/pD9o/9nb4vfAi60DUPiR4YWwuPESPPo0yX63CTWwJOU8uV2UKpwd23k9q5fw02t3WjWctl5NmGRixiYtcEk87sYZlOAehwSOuc1k/tBfFrx347svDMni/xRrGvJp9isFncajdSOLMOmTHbxu5K8ffyAQ2TgZAHJ/Dbxpc6TbQGW8hSBkaPzGAlYB8sGIYAjOOQBgHJAB4rPBYPM6GXRhilT+saKTh7qSfLaSVrtqOj1V3o7bCy/MJzzOcZVpQpyTi+SXK7vk1Wz62Tu9umpm/FTUr7SLa3tbq6lmku5dzhzJjkAHAIO0/LjAGOFNdj+zhqc9jo+rXK+Wm7UowcjcxA5xnHXkALxwc8DrwnxVvLTxR5E0N6JZLeQs0jqsaE4IIUDGAOMk42kkHIxmf4S3Mmi+HtSaW4Db71mO1hxgNgYxjgc4BHGc4z83epVFhVRkk3GKu01zaRhzN76tvTsm7vv6GFrVaOcOpKcpU0rxTbejjHd3aacnfe1rp6vX9NdC8QW9/pqO5jMgxvwwBUbfQZJBJ6HkZJ69KevPbGxumCKw+yytyccgEbiuOQ2Tz3GRj5s18OxfFq60eJ/LkGN6ry5wR0J2gEeg+pz/s1oXHx6S6s5Ee5J3RGNozxl9hG3nnaQenJI6jmvi6+DxMsX7WDk4qcXpot1da22Wzs973elv0CnnGHnScalk1Gy2fRK+2vlZ6N6ta29E+BaQyftAfDJimA/jy0BRGB3jziOcEHDA4PA55PAr+tnUNQk0mzndMC1sI7S5dWVT96NM4A+UFu4I9CAe/8bvwA8a6c3xv+Guo3d7BbQ23jSxmnklYRxxK0xw0khIUZJ6fLg9ByCP7GY9a0nW/A2sXdvcQ3ccmnKplhxKjEW6FJA65BTg8hsdBnvX5Z4tYerVq5bUac70uTSMnZpwc7rW2tnbZpeqPzXMK8auM9y1k0rrZrmTu9fn3dt1dnpOm6tBdaXb3G0eVcQiYNkHO4Z5PY+oGBjAAI5rzDX71We5jRfkKY3HgsC/PzDggH5T0xnHWvB4f2hPA2i6Nb2WseK9I057W2aOYNcwoQyk43DcCWAXnvk4ILMDXzx4y/bj+CWgpfB/Gtjcy2wDAwuCn7s5bkdXHYEgE85JJx+L0eHMwq1YewwtaopSvdU5Wa91679e3m92rdVKpCKcpSUYpO65tXZK+6vbS+6fk0fmZ/wUB1uDXf2ibJI/MDaCmnafHFkY3bsE852sCenPbsQK63wrazTaZEZ5Rk+UCpYM23YrDIAyBg7TgEdO5avz+/ac/aF0H4g/GbxF4x0C5kutJlvba4sgdwmu1hx5jLtOcbhlcHGMdDgHBH7VHi5ZbeLR9JlgRkjUSBHJfYMDKsAvpxk44Nftn+q+Y4nKsDhadJxlTopVIt8qUpKKukk0nZXb02bPocj4qyfJYVHiar5ny+7FXk7OzurNdVe7XXfU/QvxvHF5Fsu8I8blWPBCocgltwOABnIIHOTwBmvze1XSiPGuvyJM7K19KS6KfL5wqA4zwSeox0yRk87o+I3xs8c3gtrDSL+5+3yxxwhYmjG9iBkMACWOefQMQQCefsH4d/sKfHHx/Ywalfanonhl9UaMvFcB5L1MAMXk2qx3c/KAcnpjORXdk2Bp8K1I1MxxNKnJq0YTkk9GrJRbTvtu33ve5vnHEeD4ioRhg4VL03dt3S1UbaLZ3Xm/mj5VhkuReaajTGGFbVkmLIV3LjAC5CgE7RzkqGyfmINZGoSCK4UxOr7d43PLyBuONuOdpBPRQRycc1+p2nf8EuNfuJI11LxR4i1toAPOTR9OuDCxIBZY3dACOeccf3Tya+jPht/wAEm01yUeT4L1m9kRCqNrU1zBlwMklCAcNwQoHrt5xn08z8QcrUlCOIjy81rttqy5L2uuXdLRatvRpHzUcvcJKdSrCLVl71RXSXK3o2lo4vTV67H45+CPi0/gu0W3i1TYspkmngi3yxvIq4CEDIG4AZI7+gAI4TwT8fvif4W+LF94q8NG8s11Bp2kW2s53Z4zlVAyhAbALEkhc8dxj+mTS/+CNfiJtFnutP8LeGtNvYVkaKK6ieeSV9rYUb1J3E8ZIG418IeJ/2XvHHw81fXNKv/AOpQX+kXj2nmWnh4PHNh9nmRSJAcxsBuRskMCOhJz89WzjLuK6NXK40Xi6VaLjUo8kpKpGSUZJrdqTTsvJaq6PWo4r6g6GJoZnDD1KElNVIVLSTjZv3lOPSz1tez10TPg/Wf2kP2hvHk0wS01zUYJFUxQ3FmyQ7olHzOrgAgnJxkKOp74+evE3gD44eL9WGtah4cIk5uHElo+0f7YAXHAzjHTAHfJ/X3Wfgb8ZfDfhqHVV8Ha/BHdWq3FubfRWY+QpBdpESLzIwq4IDDJ4HUjPp/wABPgZ8XvjXFqsmj6fftpmjrHY6j9q05raQTsqkopkjByozwCDk+xI83LPDBYTmqZZkEMLDRzqxoqmoczi05TasnurNrXy20zbjd42h7PMuJalaEY2UHiG0m7a8vM22tXp5q7W/4QaD8IPiDqqahPB5AFvfxfaIFhBlErEB0ZRnB38EOM8jjgZ7O88Faz4eZotatpLTUnVfItrmFI/NU/cIVgCdwIwcAbcZbk4/YbRP2K/jJ8G/G/jmPxx4U1Y+ENcvE1PTNRhj85pYy3mZiCBiu38CecDIwftr4f8A7PX7MnxO1jSNI+JvgLVrnVpLaKHT9Qlnms0mkEany5JQVxIT0Utj0yMEd2O4TzHDUJVXgK049HGPPBOOl3ytq1tU976+Zy5VjctzKlfD5rTdTVqM6yvL3rX5b6N30tpex+Xf/BN/xzF4P8YfEuw1aOO1t9V8PaUtyYFXzUkt9Tt5Cyox5IVegxkqM/Lk19h/8FMbu28ZXWgePdNtQ8A0qz05b8whVuFEQ8vfsQYdVXGGGCcnHUn9QPD/APwTQ/Y98L3E+s6FoXivQdX1NQtzcRapczwhOu3YHKMpPK568c5Bxo/F3/gn78NPiP4Ri8K2PxH12xt0CPbw3dtFKIpIEAiUySsWGF+Vx1HUEjIr4HF4fD4V1K1VOEoWbgoybtaKtdR5bqS2W2jd3qvU+oYqpVUFU9pGS92W/NGSVnGSum1e7vay8np+OP7EH7SVv4J1vR/BupXyW+ka7cwWqyMx8qzvxiIRkMdqx3G4oyng7hnpiuu/b++Dw+GPiqPxTotn9j8J/EGSDX1aKL9xBrIQG6jYhQgad3LqpwzgMcGun+Jn/BJX4qeFtPku/hh8SfDN9dW2qW+o2cN2z212JLedZEw0YKqSVHQ4z6kDP0t+1P8ADH4v/Ev9lzw14PvdFttU+JXhf+x3litpI3huZbO0NvPLDLkEmbliCecgnnGPhK2Lo4fO8BicPJujiq8KWIg00oe/b2srpctrLon1ve7fqYbJ8bSoTbov3YStOOrne1ktW73S06c1tND+c3ydF1ubWLu9u3guLK+lMccTCJJ1JGQckHpgeuMj2OvZeDNIi0XVb99ScTXcRksI4ZI2Xyuha4BOVYg9BknGBtBGeW8d/s/fGvwbfakvib4feL7CSa/lPm29jcz26ln+Yh7dCu1iQMg5xkfLnnz27TxNoyf2dcWmp2VwkIi+z3kc0BkY8YCyhSSQMH8m5bB/qHLaVDGYWm6WKpytShtOMrPlSdrSWtr2SdtXazVz4rEPEUHNVcNUi7uzlBp6tJvZXVtnrpvro/oL4bKll8WvgzZS4n8vxZpDLMp3ld95ERtKk/L9CSAM49f1o+PHxeHw9/bFutJupW/su8i0Se6AdhIoe0i8pgTk4VSMquFPfAxX4x/Be+u7j4v/AAvt79ClxbeLfD6RxopPyvdxkksVGMnjOc8gkgdPuX/goNqRs/2vdSu2YRva6JoeMLgOVtIyAc8Z6dO4PfaDyZpwnQ4lw+NyfFKnXoVsFXTU1dawhGKd7qylrq/JbXPbyjOquSKjmFFzpTWIpJpXVoN07xbte3r573R+p3x28Ij4y/CK8jjsY7y8j0M6l4fmjiWWS6eJDJHGxAyRKD93Gc8ckqK/NPwRZ3/gefSYNU0x9HvVt4VktDbFZYpY7lQxkDKGTcQGC8dmPykV+nH7IfxEj8S/DnwwZEjv4rPT/JuUkIMkWCoXCnJzj7o3epJG3Ned/tleG59P8UP4r0fS4msJbaxieZYkRQ880asp2BVLKuSG5O4cE5Ff5qYLO8f4e8d5hwNjYSjhnj6ssE5TcVTjGrdRV3ZxlFaO+70ff+gc1weH4oyennNGH7z6lF1GrXfLGMmnLe97q97a33R+g37el+8H7F/wt10F2N94Ke1BUEkyXGnqEXJB5+XPBPHbHX+ToapLDFoV5HLLG4vJvNZmJKASMCABx3xz6hc9x/Wh+3FavqP/AAT8+F13DCZksvDOlM6kECMz2YGeCcHhsKSqk5yM1/JHqFjHBZaUZN5Q6hcBgrk7FMzlgRkDpxggnqOMc/6N+GOZwnlFePPKVScKdS6+zzUqTunfvd3b01P5hji8RhYTpLmhSji8RBJSd7xqxT9dVrqnZtNrr/Vh/wAE0dcN5+yFrCS3BkH2zWYy7DcAZLQgbmORycBuTjAzkH5vyufVjp3iq20xHhjEXxVu7pskK7PHfM6j+I4xgqcHGfrX6af8EpEsrn9k7WLfy2lik1jVEOck7vIOQehzz65wMZPb8dP2kdfTwR4+1qbT4EjudM8bajdqXYgMFkZywAwM4GcEDg7sLjA/lfjnAvPOIeIMuclVqV/rcKcW3q5OyTk9le1n5a7u/wCscNZjDAYKWKqJ8qlQq1W77Wi3Z77aO6626n7q+BvGUV6l/As8TG2nh3qJMEM9shOcsN3JI9Oy4H3ee+IXiaWSPT2ivDCiaiBgMV49sZCsTk5+XA9MGvx58BftkQ6Zp3nzSzia+1G2kv3h2lmChUYKOg4U9uGbqASa+iNc/aq+HepafYXF9q15ZC11S0kWNhCZJ1dVJLKrE8ZYFTnODkdq/wA/OLvBXjHI8XWhDAYitQxDrTfsU5pq/NHbVWaT0/zP2Xhvi7hvMayrRr0Y8kYxanZL4Umrya00Sad0rff+jEPjbUbaG2kh1KSOGNWjbZPJhmEZ7ZyuD1PB4zXz9+xv42bU9a+Od9JeNMw8c3MUsjjcW2B1Gdw+Y/KQOv3jgDPHnui/tIfDDVbK5tofENvlQwhScRxMC8WV+Y4IcZU4UHjJB7D5t/Y7+KvhjQE+NT6v4gWxF54+v5LXZKCJ0JkMbBg2c7cAYwMHOOa5uGODuKMu4Z4gliMLjVVvhfZU60aikkqq5lFTVnotdNtOyfo43F5Nis3w1LCSoxp1o1PaOm4py5eV6uzW/d76J3ufpb+0R47W3+HHjYRXrRo2kTKItmwlmjZSAQdw2+xHGT0Oa/n80jUZ/tq3ahkOJGJbDecPOJ3kHOCMgDIxyME8gfpf8dfjr4I1HwF4h06x1T7Re3mmtDEkwGZGCkBsqvAXqScA8DaRjH5P6RrriaWNnSWMWzCF4xkBmY4APHTuBwD2B4r+hvATLczw2T4+ePpzp1ZYrmip3j7vutPVpWWt9Pn1PH4oeEoYzBUMPyTp8nvpatzco3u7u9lpqrbaK5+mvww8M2HjP4vTaRqun2mo6bdeB9DvXgvYknjkmCxKz4YPtOAVyACQDzkZP1jdfsYfBfWv7Su9R8B6cssgkxPYIIAh2klgsaLzyTycjnHevlb9nq/e2+K1ldyuQ5+HWn7txJ2hJEwenoB1OOnTHH6P6l8S7DQPD160jhpFUgMz5BaaMAEZYjKkkn3yeSePhfGnizinL+K8IsszbMMLFYaly08PVqcvNdaNQdm15a2tfRHpYLK8JiMtjD6hhqvPN8zq06c2rtJt3g7b6NO7XdOz+E4f+Cb/AMDPGM962krqmj3UBaJpIiHjDgkABTzxwGIzgdwTWra/8E5tO+BPhb4jeOdF8QnUrXUfBWo2F5a3MaiULIhx5aLlSMDljzkHFfXfwt+IumRwXE32hY3uJt8zFwwJZtwxgEEYwC2TkHIzxXt3xP8AF+m+J/g58QLa2w7W/ha5DMrKMt5ZJJXIGccgk55A6Cvj+HfF/wARaGeUMBmOaYmrQmnGNKtduo0o+821e9rN9dEnd7/P55w5gMNKj9XyjC+zlUpwq1IwippOcFN3WzV9ennZH8+GvfsGaZ4g+EmieK9G19ItUvVZvsk0aYiLOxAVwcDk8jPHU8Zz+efjP9nbxb4N199B1VDLG+RAtsAzThlJVo9gz19D1O3HB3fu2/xS0Hwv8MfAPh64ia7u9SnihMMKKWjYy7QzA4+UrgtjoQfUVQu/BvhLXPjB4U1/xDYS/wBmiGNfs0kQVXUIWWQq3AXcVUg9Mkden6zwl4s8cZfi8wqZxGdfARdephZOLjeMHdRTSSaUXy2vo1u3qa5xwHwxjsNQ+rU408TzQVZQbvy6aWs07JdLNPrbb+fsfCzx7oUNzPp+ka/axqCwnNndosiqTgK6oCwJJwMc469a9U1f4ga/4G0XSZ8XX2ybwzJY6lHdxvE224ZMKQ65z8uV3ZwCM55B/qq0qz+ElzZWthc6HojW/mHYZrO0cKnG3eGBLMwGOm444HHH5O/tt/Cf4d+L/wBpv4d+DrfTLK20DXZNLgv7fS0S1imhlSQtHthCqrEAHIOCMdua9rhv6Q64izqpgM0y6pHC4NVsRObcpRtQiptOnKNk3GL1vbsno383mXh5Qyqk55Y6tPFVFGEZTgqalzJNcsk21a+itffVWPyT8N/Eq7mnTULa/uLKRSGwtzKmHHLCIowwCxHTgdBgKK+rPh7+1r8bPCV7Y6bonjm5GmzllFpfXT3VuVJBbmVn2Z+7wBwenQH9Drn/AIJbfs6avEBo2ua54blEzEqsouQrALkIspwRn8NoB5GMcvqv/BJBU8i68E/Fi3maGVmht9ZtUQnIbJcxbjxxjLfMTnkg1+gUvpBeBvFNGpgM1hhqd06E3WwqjJSuoTSlFXTWzfo1qj5CXCvHWUVIV6WKdVRlGpGE5Smm9Hb3k0la6fKreWit74v7bHh7xd8L9L0bxvexW2vz+HdTt4wpRTc3SW7IoikUH5JGHG88DA6Zr4H/AGBvjHoPw1+IGt61qN29rB4m8S3mlzNuRY4Y0upDDMzuQh5YAEk7sk49Jvix/wAE7Pj34W05PEGm6/oesWXh7T72eaK2uZY7ryIYmeWSBW2gAqeg4IAGOtfD3wk+GHxlufC6eIdB8Janr2kw+I9QjmkgUyyPewTFHjUKC4w4PI7YHykGvb4MyLwhxE8zWQ53hquWZnOj9aUcTFRw7unTgnNxlCWtknvsfSUuIuIcJg6TxeUpzgppKnBuNV1FFTlZJqPvPmutLt+h9u/8FPfjlpHj/wCKvw40bRWF1YeHnhNxMk6y29xcXk6BnJjLIW2qCxABxxzglvYvi34i0c/BvRNEnaBrGHSdInmCKq4lEUb7B8vy4I+Ydzkcnp+QHxh8J/E5/GOj6xqXhbxDp8FnLBNeLLY3DwW4jlB2u/ln5jjoSecjPUV9z/GTVppvhFoStaXdtc3en6XJmZHSSaNYowGAO1uoPGMgfNjA5/uHwhocO5flkMryTGUMThcK3yuNSE3Ub96Tk03dO6S6q2mr1/GOKc2zLFYnF1q+Bnh41ItQhOEopKEfhV1G6sl2tbskV/2bPKuv2o/hJd2CGK3PjLQBFHtOCv2pQSM8gbQSCpx0PGCK/va0iPy7WAYyDb27ZBAyfJjJbqOh4PX1OOg/gz/Y/iWf9on4LMygy/8ACUaB3yFAuVOcHJDZDdckZ5+b7v8AevZoVitwPu/ZoBjr0jUHkDoducA98U/EinKnmeGk4pRnRi42Vuq1/LRL5M/GYVKlWvW9o0mpu6burtr4V03+/a+iNILyG4zz378jgnufrzj615J41idNZX9wZrG80ue3kUKSTIVcqCf7xYgADGccE459QvHmSLfErM6uCVA3fLgEsOuflxyevU/KQakl0+O6hQSwxszBXRpFDNGRjPXP3uRjAyDwM4Nfn9JuErrVcvupK11dXTvZ2draq92+l79NRJro797dle9lu111stjzvwRZTweDlhlRsOlwgjcYZUcMu0hsnA6H1wMZxmvmz4X6NpXibTvit8OvG2i6drXhDUrzUo9Q03UoI5bSW1umdJg/mq2wqrth/vIQGGWPP2s1qqQPFGAgKOuF+QbwCcgAAAnPJ9cL2r5N0P7PoMPxfvpYy6LpmsysQPmGyCZ9y55VlxkZwMgAnoT7OX03VpV1Z8yUeW2mt4x030en56HBXqRpToQvZNyXXSNo3vZpJbLXe2+tz+Vb9sP/AIJYS/s9ftReE/iN4Djt9V+AXi7VrzUrS1sLhBP4RuiHmNg5VstFvG6DbjGFGcDB774d/tU+M/2d9XvdB1iKbxn8L7y6kSO0vGa4vNIR22yGEuzNsTn93gL8pGSMCvzx+Lf7Z37Q9p8XX8Lal4nvvEHwsg+IGp21jpF3J5slubrUpLaKITuS6LDGQyIG2qFAH90fUvinS4dVtbe7Tc3m2yvLbyHKSmVA5VCxKlhnB/iJXDE4NeViMXjcrx0lDmUbpuLuoy1V1KLsmtbX20v6/wBd+CvDHDfEnCmZYDESpTzCeIhWjUfu1KaUIqDhJWcZKSez+bVz7d8f/Cj4XftM+Gl8e/By7sLbVihudS03fHFJLMy73he3JDRyBjs4XcNxIPcflR8U/hVqfhTUptH1zTp9PvI5JgguYGVXAbA8uQhQw5BGCQR/eOKr2njjx38Hdfj1/wAEarfWMUE6XE9gsrpaTiOQM0csRIjII4BIIPGGyTX6BeE/2kPg1+1d4dfw58T9OstD8fWOmyQafcqiQvLdiEhZhLhc7mw21icgrjcWNfRQrYHOqXLeFHGcqcbLeWjfW1l57Wu72PvsHUz3guv9RzGFTMslU1GM5Jzq0oNxSu1fnitdU07Kz8/xj1y1udN8Q/D+FoS62+seYjFSCR5gVj06HI9cAdDgkf26f8E/fG1tc/BzRdLuiLee00rSgz7tq7RaqQDu4OME56AdFzX8Znxq8Ot4Y8feFtMtrp7y1ttaeKO45G8faB5QVgcFduMEnGcjPXP9YX7Gd5c6P8A5tXjSPzrfw9YukjAZdltQASRkgkEgZI5ABxnB9DLsC5ZbiqUn+8hVhTejacm46p3e6116X22X4B4rVcJV4jc6EVChXgqsdNIqSg2r6aX1va2vfQ3f+Clfh7T/ABJ4J07xTpkSXV3oN0kE15bqjMLWYEvvZQw2rjGT7gg5BP4ueEtNS+i1gJMrvZQGRNuM4AJLEEnO0/KMYIPAOTx+7c2p+Hvil8MPEGiamVWW/s2srncAdt3KCkc0DMedjYKge3bJr4Z0H9hvxp4V8RPLe39k3g7WovK/tOMubxo5wxjVYAcBgxQFsYz0PTP7Z4fZtQynDxwWZVVS9jP937S7U4TWije+0r2VrJbO97fJ4jijBYfhrEZe8RGOKou+Hd9eXS1km3dPW2jtY/PQ/u55YWODNG29JAGVgABgEn7uDjgZYHrgA10/h3W9X0ON7PSrm3u9Lv1eHVfDmqRC70nUIiCJI3hnDrDvBZSVAwCMH02viZ4JbwT431XwpLP58mmTtFDKFGWhB3J0JCkBRnPfA6cVyulKdsmcbkkxkjDDJAUgYxx0wcNhemea/ac3ynL8xw1KapQnRxNONS7ildSULNPS2jvdd100PovDzPq+ZYSVPGyVdRaVpJNStbprql18+tz4H/ap/YB+FHxymv8AxV8MLaz+F/xEuNxu9Ck+XQdZvJFJItQQFhaR+QMjqQMDNfhD8TfgR8aP2bfFcun+KNB1rwtqNpOGh1GKKYaVfxqx2TQXSKIHDggja+SG546/1x6xYxS2Lm9hLSW5WSN0IR1lUgiRSGUhgCeehBLAcZHI63F4b8YaTN4P+LHhnT/HvhG/g+zt9vhSXVtLt2Vl862uSrSh4gc53KVwAMjOfw3iXw2qL2mKyyMpWTbgt3qm2l1S621vorvU+vzbKMknat9ZjlteclyTlUUIymmrJt2V07fik9j+cX4Oftea5o+o6fZeIbq402+s9gt9ZtZHj3EY2s+3AO7aMt6c56tX7g/s8/tyXWr6jpumeLrsavp89vHb2OqQTrJMgOFBnBJDpggMrAg4wCQa+Ev2nP8AglJcx6PqnxH/AGZ9bj8YeGkL3U/hFJMa7oyZLGGEE75QgG0LIN3Axk8j8kNK8XfEr4La8+larHq+lXNhcbZbW8Se1urRopAGH2eQKSNwPK4XAyCR81flyxGZ5FWVPEU5JKSTU1Pl0tqrq0Wkratfdc8qjmePyepToZg/bYSTXs8QrzhJe6k1O7V2rO19U7dbn9jfjH4FfA79pWxun1K0sYfEU0RFrremGO11OCcrujkZk2iYplWKNkk/3QePBvDHiH9pr9h+6NrFrOp/EX4TRzNbQR3Ek9wdLgBwASS7xGOMgMSFXPBPBx+P3wG/bv13T9W09NQ1SSNUkiEV1DcMjA4QNJPGDg8EghhgdQcdP3T+EH7Sng/4neHW03xVNZ3trfW8kMk0rRypMzoBm5RgEAfdjPUADvxX0FPMMPmMYt1Y+0dvdla6tyq3n5bWtrdbfW4avg8fQlUwlROas5Rdtmo7arbr006s+0/2WP24vCnxyeTSrjUoxriCWGXR7p4TK0XIIVHbMsYGc7VLKABnBJr6A+In7PHwr+JUS3aWdrp+s3DMstxaxxiOdT82yWEgKcMx3AjJwe/Ffz1fE/8AZ51HS/jJD4g/Zn8Q/wBg+JLXSJdck0m3u2jtp5lPnSR2rLIN4lAwIcYyQOvFfV/wD/4KP614Pu9J+H/7RWiXXhrxBYXKWf8Abs8UscdwysEM9wGAWRWIzuQkHgHHUeFmEY0ZypSp+7O1m7ONnZrXbrdbtfczppUo4ii4zjafM48skuWTvFJu6cdbLlVrqzv5YX7Xn7B+s/D60uvG/hPTpZIbBxNfzaGGU+QTuFwbeNQSQCNyqMZx3xj8zPFfxZh+G/8AZlpdxXfiQ3SGTbHbqZrcqdrxXCN8wkVgwIONxzjPQf1W2fxn8E/E/R3l0jVdL1jSb+ApvUxzW06smTHJG5YDIGSG6Z4GCBX85/8AwUy8P+EvhL8UfBmt6VpFvpumeJdNuJbqKGJHtzercO0kyKAVXK9k6A8HtXyWK5cPNSVRKMrJxbuo3ta3XytdaJau+vxPFPDGHhg6mPp0VRnBxU1FWhO/LHovPZaJro2rfO9h+0V8LtXjWPXPD+p2Mk5XzWaAxrHk/eIVTj1wQMeuOa0dY1T9mXx3p8+ma02nX1pNCYZrbUQvyxyDGVaQBkcZ4ZSCDyp9fENC8dfDzU51juk0ydZgN0k8UaSJvXkMSFAGO7YyMH7pyZfHnhr4f3mjtqWlwWUUglCkwMuZgcAEGJjgcnOc4zu4XrxVZuokueE1rZaXjpFJ+eut9t9z8s+rayTUWl0dnr7rdm91rq7pX9TkdW/YQ/Ze8TLcv4Q8XSeG5r4v5UNpqUU8CiQkqqrPICBuIAHGBk/d5Hietf8ABKi6vBjwd8VbCZ4mLiPUlQ5XGVDPCct2AbHJ/wCBY7eD4d6Rdlns9UvrGVgsivb3bqFJycIN4UYPpjkDkmhvCfjbS7gvofxF1yBlOAHu53UEYIUnecgE4I456Dpngll2Hm23SjrZ+67N/Du7LfV7JXVnvc55YGhP/l2tX09E9XrpdO1krLRb6/KPi7/gmn+0fpDynRk0XxIikshsJwjMFXBba7d+ODjnqM5J+cfFH7IP7SfhlDFqvwy1yRDJuaSzU3Awp/1iCHzPlYEDGecE5FfqdZ+P/wBojw9Ibay8YC/WMboxcIHZx1A3uNzMQCDjue+cDtNP/aY/aD0sKNZ0Gx1yKMYUBVRjjkYAQjJAzzg44OeSeZ5ZQUklGcW3e6V0ttNfeteKu9lppu1zTy3DyTSU4bK17p35W3Zry26aNtLf8JNR+GXxD0CbytZ8DeJ9PihwQ7aResocNgsW8ogkAdQT69jWBd/bIrgw39reWqqgG6e3liZmTIBbeinJyMjPGCAeOf6Grf8AbEu5sR+NPhEl3GoCyFLKCcEdGwssTdBnsScYHpV+L4//ALK3idWh8VfBixt5G++8ugWhcc7S+6OJmA5IBJzn1GKznllOVpc7VlpzRu7tLqrOK79W+1zH+yISuo1fOzWiXuuztb+XdbLdXZ/OejmJ3BcKApdcHG4lSR8uSy5Oc5C4I4+Y4N3RNUutPuI7pZdqecQyKSAUBJPIzgnG4gD72D05r+gjXPAn/BPvx9G8k+j2WgXE+VYwrPZGPPIO1ERflznpgcda83uv2DP2QvFUJfwt8SG0eRiZEH9oxPnJ+XCzyqVUEDPAP1wDRHLlFcqqLVava3w2vfqrW0+/Zvnlk9dfDKFr6WlZvbS7+bXn3sfj1qfj+8uXIW5kSONohGsbt2OSeOTwCcjp6ba9L8J/FGdfs6awsV1YL+7LsS1zFhcBwSedqg5HJPcHivv7Vf8AglV4f1TP/CF/GfS7gbWaGO6ltiGOAQSYpNxGSDkdQO/Q+X6l/wAEqvjrp0TtoHiTw1roUs0flXciSSDhgMbsZIwMHjB7Z47MPhpU5QUZ81kra2WjV09NdW/le3VkwwmYYa86bd7ppKV1vH7K3V7/AI6bHBaFrXhfXCZ9J1JJ3Vwn2aQhJl+gYjcMthuoyegyc95Dp4cq7xqBtHIJBGcckHjkckYPTHXg+X3H7Av7W3hgvLb+DHvGhkyj6dexiRxuyGBDqSAMcHJIJyN2cdn4f+H/AO094Yi+x+NPhD4lvrOEYF3bW5mmG0YUYiznAHcgc89hXdGnO85X5dnq9LprS+t9Hdt6JXu7nvYTM60ZU6eLw0rtJc6i9246ystVa+tpLTVO+m/cWBRn8sruZWBIB2sCehGOc5HX0FeUeN7O6gg86FUnWFC7xTKXEiLhiFUjj5VHy9TjBBHyn2iSy1+BQdR8JeJ9K3r84u9IvDsOfmVmEJBxyCQeoPHrzmsWlpcW0rzQSxkDaPtFvLGQSADkOiDHGMHAUcAA4zpQfLzXqNq12rO62bel7bbLq+t036db2VaN43va6uk+X4W001d/NX6tXueJx/Fm303SreCWJbBYZAVSBVEe8fKRgDjcTyMAHnPXA8T8S+O9M1fVhczx5Pzt5q9W3nIUlumOCB0BB46E9T438HvdC6ggkiERZpI9mPlJYkD26Hvt9CMivnnVNC1Oyl/fRSmMEAyEkg4/2hjaOR0HXqehHXCgtHzK0rN3bVlZa6O7u13+4+axntIzaa92NtbdktLPVt2Xl56NP2jQ/Fml2UqXhkVkZSlxaOFZWBYAvhujANngZGcH1r6I0/X9H8Q21u+iXau4ARrUlBKu0AtsBIyOQCQOnA64H58yvJAjgBgWChW5BBB5PHzchieQBxwO56jQPE17o8sV3a3E1vdRFPLdS21kAyAyZHJPXIBBGcjPO0qStBRa913tZpXfKruys07Pvu9bpnNQxLhJtwTT0emnS++iukr9d9b6P7K1azNzbahBOGBFtKw3gAkhDwSR6YYkngAg/NivlTwXYLd+OtLsZAjA6i43A5yock8HORjd1BHpyBj3jTPidp+vaR9i1NFt9SmgeIXSjiTcmCXwRz9AMk5+bgV5d4S0W90rx5pdxKm+2+2STRXcZ3KysdxBbI6gkHqeBzzW8LfuoPRKy9V7ujfXRP4tVfVLYzry9pPmg9G/JWWl1Lfonfs7K9rX5L4kW9zZeNby0tMoz6pFHE8bsm0jA3qVx0buOR1HXA+pvhr+2d8TfgFq1v4U124/4THwc9rCt3oetMbyL7NMoWSOMzhhgKSAnVTyeDkfOXi9H1L4lRtEvmqurx+ZlcKQZlYnnPA4yR1Iz6A8x8aLbPi+VYxtRbWIKFxwcKGCkcjHYEngY4rixmX4XFqcKtKM1dKEpJqUfh6p30a0aa9DWhjMXgf3uHqyg0ldJtxnH3VZptp3S97XrufqtefCn9lP9sPR7jWvhjrVj8MfiZcobibw/O8UNjd3Ug3MkcbFFRSxKgR8c4we352fGX9mH4m/BfUjB4l0W6ksA/7jWraN5tOnRWIV1mQMse9RkBioJb6k/PSajrnhe8tdX0a/vdKu4kR4bi1uZIZUlUgqwZXBIVxx2O3aM5IP6C/Bv/goHrNno8Pgf446PafEHwlOi2s1xeRJNfW8RARmVpFJYhDlXzkEEYyVA8V4fM8tnFUKn1zDRavRqP8AexinHSEn8VldJN6766nqwxWWZlCSxdP6ni5Kyr00vZzl7sbygm7PW2z1vfY/NfVVb7XKoJYZOXbJBPQrjqwG3jHA5GOKxmdg6qXKqWAyAM7d3XPGQMDHuRz97H61eMv2YPg38f4rrxT+zn4t0601G4Q3M3gzUJVhlSYqXMFssjBuvGQNoO3APU/nT8Q/g549+HWqy6d4r8NalpMkEjR+fJbuLWVkbbvjn27GRwpI2swzjBOCa9XC5jQxF1rRqRdpU6iUZXsrrVpa90t726o8rGZZiMN76jGrRlqq1N3g1pa9tY2sui0tbsec2g+eL96ADcRY6DknqTwQcgjHPHUgAV6Frtw1ibFRdOJFQszgkjawDegXP17ZwCCCOGjtJECArgLPECScnIwf72RgYPPGfU9ei8W8vYhGK4t0BY9SMAgYyc9OOM5yBkEbutNP3l3vo3/dtZJ3urLbWz+Z50Z2aTvfZWuveTjfS91s9Vv2uzp7HxHFp5sbq1vbhL1BuWeGeS3m3cZVXiIIZThlYH8c5z9J/EH4t/Ey9+E2gaZq3jjxDrPhu+uYJH0PUL+e7tkaJSsLZlkP3FzjHAHcda+Gbe5JljjdfkToUGCTkdcYzjJHIGev1+pfHWxvhJ4UYZBNxCQclRgjudp9sAkHPUZDY66GZY6hCdOhia1KnUjyyjCcoxnHS8ZR5k3drqvmj1sLnOZYalWoUMXXp0qseWrTjUkqc00k7xej2aa63+RH8PIrnxBKn2e5S3mtnWVfMOGTOCpPOOCAcEA9MZwa+mLLx58evBNqsXhvxprNrpsspK2unanPFAHJP7wQpKAjEYOUXLYGMda+KPB1/eaatxNZytHICNwGSG24xkcrgD0/2vu5yfTP+E38TJ9mla8Kx7gVjjU4yCAeCODg55JJyRgDiiOY5hh2qmHxVajLlWsJzg3azTfLZSV7XW2nXQ78p4pxmUSvhcdisHUdr1MNXnSlLaykozjzfNaWVj6N8afFP9oHxZ4bTS/EnjDXfEHh6SaOW40vUL64mge4jPyPOJ2bcVONpO7gdeBjwDUZ9b02aDUY57i0uCB5gEhiWJxjDIq/MCQMAnAOPU5N6/8AGOvfYRHdXReC6QSbAWG1lBwCBkAE4B6g8hSetebalr+p6jfJHcyEqVRFCqoBUDAY4xuJ6g8Eg/ifFzGvjM0q+0x9WWKkrR5qjc2lponL7L37e8trWXoZlxVjcfL61Wx+KxOIUYpVa9WU5pRslab95J6Na6Xt0Prf4cftY/E7wGllE2pS65p9oAEs7mSVTFGMZCuG3AEHA79c9q+4fCP7Z+qeNdKHh/RviJ4h8BX93FIkunjVbuCxeeVdqLHIJgVBfAJbGRuGa/GiK7eASLJnkHGBkFRyCCOffPbscinR33klZY3dHZiVkWVlZSAdpDAhh1JyCVOADzjPkRyfDQqKpShGnNO7lGKSvpq91d6rZbJ9jzlxPi66dDGy+s0pJQcaqUmo+6n8V27aPW26bd0mftT4S+EPxbh8L+LPiFFrLa5e6286JFours1zeeWXZpLqRJt83ng5bcx5PB5r83PiVr/jZPEV5ZeI/wC2dILTMkun3rzxKShClvn2iQZGQ3O7GTuBBOB8Mv2lPil8NrYDRfEd9JZNcOrabd3Ms1uQjKxRUdjtBHGVIOMjbk19eaZ+1n8KfizZWej/ABq8B6et0gWIeIbKFUuVLZVpXlVQ5IySegzjGB19iOMxMKUKFakqmHhs46SdrJtpW5tOt2+/l4EuHuHMTi55lhadKhmVVRjOpUgk2koxUFN6q2nW2nbVfA91f3SyKUuHCrIpOGbOOMFhxnOTwcjPBxxX3F8B/A2u+JPhl8bteeeaPSbfwpo0MsjKp/fTXpRdzHgYY5IGMADvV7Vf2Xfh749guNa+D3xF0u6jGLhdGvpo0ugGAkEMYZg5wflwwy3BAHIrm7rxT8Wfgf8ADr4gfDW+8M3CaT40i06G51UK5htY9OuPODRzRgoVmODhmGAefb6vhrM8soYic6/KmqFSMIWs3UnDlinqnq5Wvorra7bPiOM+HM7r4KFHAwck8Xh5SqRk2o0YVYSqSVpLaKem2+muvC638MYrCK3/ANJt7h0s4Zg6OrBmaMHJIJwffG4n73pXk+p6Zq1sHe3LsgfaNuQQqg8kKSTjG7nBI4xngQyfEHVXhw1yvlrGEw7MSuwEYYEZHAUrkYBIwBtGYIPG0pjYTEM2PvBFAc4yckgAkYOTnPBPPGfQxGKw1dSlFatvli7aXS36t22drtdzxcNg8woVIKo+yfuyTvor9b6d9lv51bXW9TtrhSJLyGa2QN9oikeFlKjIOFOMDHBGOe/avrzwf+0Z8dfhno+m6lHquo6h4euLdJIodaDTaVeW6uB5Mck4YEHG1sYz05ya+WbCey1NhG0Zma7ITaiklCT1bHJxz0xngDOMj6Jm+J/iGX4Tav8AC/UdI0PVPD8MVvb6Zqd1bhdT0iNZxK4t5Am4F8bSNwYjGeDivmMfPAxglWjD4kuZLZat2T8t9VZt67n32SPNIym6U6qja0YXbTl7rSXV3Wjv+C29ptPjV8A/itLM/wAWvhrZ+GtSvlQNr+hRmG1aVwMzOIV3ORkyNnglcZBPGje/sp+E/Ftu+s/Br4kaRrdvIhlg0fUJYUuoyRnyREGWXJzt3MOuM8HA4P4ffsnfGvxv8LY/H+hfD3VdS8KtI8FhcpEMXqpuRntW5LsvTaCGzjBJwK+UPFll44+FfiGe3in1/wAH6zaysHs5JLrT7mJ0bDb0ODIOScMMHrwKujgsHiqFOtlOb068/wDl5h1UjUcG2rxcXLmi1JNW+7rb2MVVxUHyZxlE4U5W5cTGnKDnH3XzXsk73Tdns7Poz1Dxp8J/iD4AmaHxH4X1G3KOx+2wxGe22YOJDJEGVEIGV3MTzk9a8Z1cBbCZo23v86yKxwUycFW4IJBOOxB656j2nwd+3J8UPDiDSPGdnp/j/Q8CGe31WJBceSRhgJCrGVlUHBY4JJJ9vRZ/Gf7KHxrtorS7muPhJ4qviYxJ5eNPeZiAF2cRohbIJ4IyTkjBPLXliMPKMa9HRtRlOHvK/d6XXu3Wl7aq+xwrLcBiJRqYPEcjXK/ZVJWd04uyfW3Zt9NbLT41t28z7MXTYEt0C4IAPBODjBGBjGWORlcZwD0lhJPkBVXyyAuAeoDDuc4wOAW7YxzX0vr/AOyF46021/tjwVfaV8TfD/2QSxXfhu6guLmJFGQZ7dGLqwGdwVAc46kDPiz+Hb/R7kWOu6bqOj3UBIeK/tZbY7lOMAyIgJyf4T2xnqKFUo3cFKL0Vm2u10n9q/vNO/otzkxuBxuHSm6c2lZqUddLaax3v8r7W3t1nhXxHrPhS8i1XwtreqeHtVgKPFqOk3txZXMTKwJbzoHQkHGdrADPTBJz+lPgn/gqL+0b4f8AAGpfDfxxJo/xc8KalotzpEbeK7VLjU9OW4iMP2iK6ZWleSLJMZdj82OvSvzZtLCI26yQBNoYhn3hgy9+M4PPI/M9sXFjddpB2hSVK7QNxPXAHy8kEZ68jGMV4mYZFluPqKrXwtKcotcs+X3k1yt2kvet395ataLp6uW8UZtltNQo4mrTirWg23BP3Oj027at/ccR4905tfTUTbG509ry4uL8vBI4jRZXeRbdVJ+5HuwqkkBfunkE/ImveLvGngi6s7Wy1u4SGYyshmQOp2NjgHPQHnGeR05OP0CIha2mHkEO0DAox4GARuwefw446+tfBv7TWnRafN4Ynt2KSSW9ydoOBnggEjJy3Bx7dOePRwuGjhFCFOLhHlsk20rKyT5fJpt3u7a2e7yea4jGVJVazlOcneUm7XlJxUtE+j3td667kFp8f/iJb4Y39ndIPlCSQjkju20Ej0x1GM8YzXVaf+1B4ztpVa70uwuey7C6ErnCkYySSA2BggnuBXx9p17docOCz5PG3genIxn72MgYPPTnG1HcTbt7Aq3TABJwRxtB4BXjuCO9enTU5X5JWaTs22rO8e7a12+fyS+uSi4ttrZvqtbd/L+rKy+3bD9rCRAg1Hw0cbgxaCRmJxxxuIDdcdCD34rutP8A2s/DM7L9ssr+1BGMNGHTYM9RjcSMnnjPIGcV+dJuGBXlzxuAyy9RnjGBkjng9/fmVpZSQyuVJAGCRx2O0Drkgggk9Ooya0j7eMbKUpX0u7tpe6rb221tdWV/QFmLvaTvZXa02ul1sndq29m7aaq36j2X7THw5kRVGrvbs4ziaAL8xbGSu0YI4xjPP0GLv/C3/A2q694emtvEFkDEtzI0jzCJ0d0GCdxCqDngfLg/eUV+Tss1x5gVmDtjjcOEx1+YDjjByMnPfIFY+oSvC0EsZKv5gDbHYHqM4bj9OmcdQKhyrQV5JNKSb8ndW3dl2vayd/Q6MPj41Le7F9eid2ldXvZb20t3Xl+7Fj400HU0Mlpr9hIWOMPdwHc2eWwXzjjJHXOcclhWnHNZ3iORPpVyWwPvQFiMjLAqxPTGB2xyT0H4dWWo6lDGXivbuBsgjyrp0wPZQw4H0HTtW5D4w8XWI32/iPV4sAbSL2cgYJAHDZHyn0wMHhR03p4qpduUE73V9npyvS+z6JJNPydr7vG0raxu1vrZa2eqsmk9W7dvNX/Z9tN0997PpNs+SSWjEYDA8cFSe5zk9snAGc4UukWZkUfZLiH5if3UrgAehUn+HAGcc4z0wK/Jmz+MvxL08K1v4r1BgpHDs0q56c7mbkZ688EcA8jsNM/aZ+LVi679ZhvAcZFxbKM+gbgegGeDx1qpYmKXwONrbJ67bt6NP5vQI4uhLVrRW3j2sru+q7b7fefpcdPilDoJpogGyEnt4pQcYP8AFzj1Pt78VX0OMguZNOlBG0JNYogY5JwSiZUjIwQckg8ck18I2v7X3j2CSM3mkaXeBRg5DKWIxnHykdvT5euOw6ez/bKIfOreElIwu77M55O7JOCNueCcEDgDuCTksa0r80o6LRp2V+XomvvvpZrybVXCyuny7rddXy9tXbR79HqfYreGLVYSz6Zpku5clre6ltnyx/uqRjgZwePun1FZsvhWyjidjpF8IwNzeTcpOjjOSAJGLZxnHrjGOpHgNl+2H4EnULqGh6jaiThmREYKMnvnPJGMfwk9Otdxp/7T/wAIdQiET6lfWAbH+uiKlR3GVHK465JJA5zxnphjZqMW6r5dFa6V0rXdlq9rayTfkRPDYOSV3HXZu6b+F9Nrvq/wYeIbTwXHrulaPfW1zFd3cTyRG7soJEjUcbWKqWYAEY5Vt3ODyRoSfC/wTfpsgm0YgDLGa0uonOB/ESigH/dbA3ZPGRXLav8AEL4X+IfGnhXUdO8SWxit4pRPPK20xnqqvvwMNwR1DDg9K+iNJ1vwLqMZe18U6FMSqgo0toQznBxjdkfLngjJ4HcVKzWUZTuk3pZ6vrHfWzaS3+++tmsrw9WCb5JJWsm0+1rXasmlp1vb5/P138DtAujstbfS514Ie3uvIyCRhQJWHOQc5IB6E/NiuW1L9ny18w7LC6GThfIvLacL3ztV8k9uOlfattoegXEbOlzo1yrAMixyQLkMATny2OfyO365pG8E6XO6yRKI23Nt+yXTKRwSfunaMjofbuBWsM1jJJypptb7aXtb4bbbtb6aXsck8jo7KK15bcqVtk09Htbq3ul5M/Pu/wDgDJExaNdWiUHC+ZaGQEqeRmJc987iBwOeSa5C9+CWpQ72guiwIA/fWs8ZGexygHGDnjGO55r9M38FTxgtb6hq1uu1iA8xlGV56FvukAEcDqSCcA1X/wCEJ1lU3nU45g4BUXFvEeB3YMNwwBzxgk5rSOZUWrSppPum0re69l101vbVuz0Of+wowfutxvZdWtlpfol6tXvv0/Le4+C3idUVo47ebHTbII2x2JBbK7s8H1GCQaypvhT4shLb9JnbKggxYZSu1gTx0BwQSOcgnJ4NfqVP4I1EK7y22l3A3b2JVIpMZwACpPG0qO/tk5FQf8I7cRM6rp8C7lWNlUkgjodoY4AbuTgD0wSRqsXhZK95K+iV0+3l1vbrr0M3lLjF2lKSb0vJr+X01s9Oq00u0flBL4E1623ebpl3FtzgMjkfLj7pAyeMYxnqcc81yuuaHfQpbNcW0kCNKQWdGUjBHGCMgkYIPTBBGT1/XS88PBHXdaW7bc5WSCKTvkBjgk8nkjuOwrwL4ww6Xp0mhQ3ejQObi+G54LWMl1AUbCCq9TgDHHBxgZxVSeDnTalVaacVqr7uL02d9Vq3a672OKOX1qc4tRvy35rN7vRa6vpqmvTU+C47BkjDRkDco3/eXoRjr8ucjgnB+70xuEEkE3mMA5wgUAL6EfxEkcnIIHDAZ4619/6d8P8Aw7cqs7W+n2y3EYka3vLfZJHuGQvyqQAwxgjByeeMVDd/B3wvdBmFrpJ3ZcG3uXRmJ45LgHIbjuvIxnnExdNJctRJWj1bsnyvZNpW1tte9u4Ty+r8WuuqW9ruLTtdK33X0Pz8/eI0mQ5IGwbeMAjByD0HrjnaO3SqcgfezKWAXklt2SDj5RkcDOAGI6DsBx9w3nwB0afJt4rqPIzmCeGRcgdApbe3fAP/AOrmL/8AZ6UO3k3d3DlOfNtC4BwTxsVsnPfB59ehu1PlTU09utndtdVvZ7+S2M3g68bJ02+mlla7W+l99tLW19Pj4u7KNshJK5+9jqM8gHg4Jwx9vm61GzlFXeWDHdncM5xkL8wJPI9QOMAcAE/S118A9R3SJb3kDyNhVEsM8WeeudoULg8nJ7gsdornbj4EeK4y4jjtLhiPlC3CAngHoWzyBgjndz2PMypyaXvpN2bjGSa2ik3Z6fNvXZd8vYST1pNNLW6snqtmnr+Oq0V9D5/WWZZwzMXAOCvzEFTknBzkdSeuc575rRnmSaFvlG8biMgEhcAYzgEbSO4zgBcnAr0u5+EHjO3LBtFuHEZwpjdXUkjkArliMkDA5GDwB0w7j4e+K7EYbRdQUsDw0TuhJyTyAc9+o6HA7Yj2FVrdtWu77aWttfr1t6diZQlGzUWnbW19Ev8AK93eyta17K/lEyyQ+YGDHKc9gc/LkdCuMZI5z0wSeKsTzxmJ0LAYzgk5wOo546k4AHKnHau31Hw7qsIdrjTr2MCPJzbSBVIABycYyox07j1wDipp7BI/lMe0HcJE2kMcDjI6j0bGOg7ivMr4aTldrmSd1G1nZcq36ror29T0sPVSV37j0WvdKL5um7Sel/N6lSLWr9JCUlKrgHJU8n5uMjOcj0yAMjIJqOfV7m7QRyLGAWyWwckg4zkdTg/gR9a0l09XXBUgAsScjHX5sEnkDPTgZzkcDFM2Dxt93KE4QEcD3G3oBxwOQPUVzPB2cZOmr92l15dN7vvo2tbbs7liWkoqbaenK23G94a22vdWu907d0Y8tzNASokOwgggAkYJOSpIIBycbSATgAn1jGpSphQS6oQy/LnIIBOOuAQeCenoBk1qzae7xA4+dWBxt+96DheTnuM7uDk8VmPYS53gZBB+XG3HqOoHB54Bx25rT6vK1lF2Stt5pvXv59G97WRisRDS71t2vtyu+t9el7XXUz7m5lnd5Su1nOAemO4BXA4OMg5z7kYzCsrDaDyepJ6Z56Yye/p+eatTWUoIyjD5VzkhsY6cemOhJzgDPOBVf7O6tgRscqeuc4+oJx19vQ9s5exlHZPp0e3Tze9vRIpTg9ndvz8o7/c7X76bEavhuT2yQTkHrjA4G4d/51IJSoBAwAAXyc4OOoIyc+nXPPAwTTDC4IOzB9wT069sdM+358xNG+Q23oduQuCQDnOMnvnngdscGs2rPbXXptdr899td3ZK5SSaTurOzv8ActXotElddE7PrbSS5LRTEDawK8Mxznhce/HI468ZJIrQgcypujkKNuC5DlSSqnJGCMY6cDJz68HCRT5TvtbDOEBOBn1wQDwM4BJ7+1aMDNGrRpgE4bBTJAOQeSDnjHORkH2pxu5Kyaej29PxWi/4bRbRbvpr13vaSW+zuvTtsdFp+t6zpMkd1pur6jp1zFIXjuLO9nt7mJw2d6SROrIRjPBBOe2Oeru/i38TLtI1uvHWu6kYWDxvqOoT3sgOOoed2YgLlcZIxXnkySLEpKsA5OGIHrkk4x1PHJxwecmsmSXDADIGM91ywOcfdyOnTjpkEECtW6lPaUlzJW96S00eujv30XqugUpqXLq7Wet0o/Z6b7320010Z7RZfHX4mWC7YfELMFYNiSIOWIOOd2SCOhxkeuO/cad+1h8T7FlaU2F4EULiWHrwQx6AEkH3GOeOBXyz55XgbgRwNx3HPQncMHPc8HPBAzzTzONvBZRnJzjA5GSDnLcHqOvzcbicKNarFpqc21otdXom0rpdHvbZXRo4qWjS200T25dU7Ly7+W1j7d0/9s7WVZf7X8IaPeZUBnEKEkYKnhuCcZzk4OOVBzXS2/7V3w9vSy6z8PdPfzAC5+xW+35iBgEAkA8fN8o59ya/PXzC+7AOM427sfKOnQ+o64wcHio2lBK8HaQRyTkg91yDxuP3cgH6VSxOIj7yqNxT02b6W0um+rtrbfVakOjBp+7Fpa2cUtrPTdvtbR6eR+jo+MH7NGvR7dQ8GW1nOxwWVDEg6EnEanOGLLwePXgtVpIP2UNdKbJptPkdSSIbhlVHJBIw5I4ORgYyT09fzcWTBUjn0Bx1PfjgbgQvHI5PAxl4lIAPJPODkggAYByR7jkEHHXpW8M0xEeZSUZXta6f922/V2um7dH01zlQpbKnGPpa7tb7remz6H6SXnwg/Z01WxZtP8dzWLn7nmSwyBWOTgLnGM5OdpA4yecnBuP2T/BGomF9D+JdlI06B1E0sTZBHBZlkyrcYGTnk9zXwRb3kylcSsgz/BIyjhTwSCCQeR1z2Bq3ba3q1nIWttV1CDa5ysVzMuc9CSH2gE9NpIxjnnCv66qjTnRhJ7N2d2rJaJtau3p66iVKKuotxu4v3e90ra/q7X9T7Muv2ONYVmGneMtEu0HIBlTDYPGASuOw4x3PPWud1L9j/wCJ9mhe3bSr5G3MvlTxj5TjHBbqTjDLyC3HODXzlb+PvF9sWa38S6ohXbhhdSnAyOGy3UKcM3POSMgZPVWHxt+Jtju8jxZfMqhAokcyBdwGQAZOcHBIJ9s8UnXwzTboNSa0cbOz211vf5LRrQ1hBpJOUrKztfu4dunvaa+7urM6q+/Zq+Llgw3eGJJkQkbreVX6Drgs3UYwexz0wSOC1b4PfEWz3vc+E9X2q7DcsDOAcjIBUHJHBOM8E4xivQ7H9qL4u2f7ttehnCgKFlhU5ABPAwTjuT/tAFicmuxsv2xPiHEqx3un6XfRxNyHUjdgY67SWPXG75vmx1bFQ6mDnyxanBdbpb2Sve2y0022bVkVGkk7qSTaulZ6J203d+zfW3ax8r3XgnxPaErd6HqVuSON9pOAMYB52YOc++fxrJm0m9hASW2uIzxgNBKvK8DO5RkAjn8K+6rP9soSlTrPgHSrt14LLHG/bk7WTaeAeM8nIyCcV0UP7U3wk1V1XX/hlahP4vIsbYkcHdztUNjnqcex7w6WFa92q076XhdWvFa20S1t3vfS6LSs0047q6XZ8t9++22uvq/zneF1O1hs5IxjAGTuA5HOR79cZ5BpYlKv1OMjp0yMkjAB6gHtkjAzgZH6QD4o/sma6+dR8Gvp8jtksITHsJ+bJ8tcfXnGSeeq1GNH/Y/1+WQxajPpIkAKnMqkMVyQN3QqTjlhye/Ws4YWlKV414Xva8nZXfLbpok9dU9luXyt6x2v0abvo1rZad+33s/POItvBKgRguxyMlRxgE4ycggcHHUiup0t2bzCQWWNPTkk4wMn6cA+/PSvu5PgJ+zjrcaSaL8Sks2kbafPki7kAfekJZgOm7cQM9cgVqQfsdeC7pnPh34taLcxyoGAlmhDKvBAc7s5IOBznPT5ScbxwU2/dqUraKynF7pW2fTRJ6uyt0u85a20dlZXevbbW/S34H9H/wC2j/wRBvv2KvCPhXxpc+OdI8U2mra9b6anh6GMjUZEmlRXnZFw8kUKsXcoDgbs4Nf0NfsG/wDBOf8AYV8DfAHwV8SL34ZaH4p8Ya5otlc6/feIoBqaNqEqh5La0spY3EAQgqCqqAynP+x9S/tsXf7HXjLU/C8PxR+JGmPqvg6/WSKxj1CK5t4VLAzO6q7x5VcdSTn05FcLD/wUU/YW+Dfhyy8MeBtYtdasNDgxHp9gi3CPOFGcmT5VLPuOVACngAYGf85c14gzpcQ43L8wz7CYnKsFCVKjiMfiamOVSrWhSfOsPgqaVedBxqLlm7Lms027H9HUsH9a4cwDyzKcbRzXE4mVTEzwOFWBj7GnKSjBV8RK8ITUoNuCfwt30PCv2/8A9iK+/aa8GaD8J/2evgN4T8EaHaTR6leeKItEsNMeVU5W3iuIoY5grc8EsxJHDDapyP8Agnh/wTp8WfsLeINf8d+MPHXh7wxB4gsre1vNCsmgeYpCBma7vLhhKpU5ciM4IIJYjivF/wBpL/gvBJoulXUHwz0aw0G08mZIr68likuVVVZVZIQCAwGGCkDBH4j+cf8AaF/4K9/G74iX+rfbfHmrTW940qIttcSQoqMSSI1jbgbSACOMcjFeRl2WZlmeInSyX+3M8jVxsMTOtWhHI8ojWpuHK8PRpQli3Sg4ppJw5rN3eqPWaxmCyxYfOK+V5RRVCdGzlPNczq05u8vaTqzVFSlztX1a2VlZH9B3/BUrXv2QbT4mfDXxTfeJbDx746Gv29z4jeS7+16bBpsU0ZWJ7dGeNJI8ElhgkcEY+Udl+1R/wVi/Zd+BX7OU/hb4Pa/b+JPHuseEYtPig02ZobTQoJbJUlt1jGEUQ79uxRhj15PzfwsfEX9qrxn4pujcz6lcTyF3JubiWSaVwxPO5yWzuPBB46DmvnLxT8UPEGuwzre6hK7Trtb964Yr0CgMeA3IIHy4yD8xJP65w14MZzWxVbHY7EUsG8w9zE0qCqVHh6MnGVSlhZ1ZynTlVd3Vqu86l20onymZ+IWT4bAYLL6FLEZhHLJOeHlVlCEK1ZW5alenCMY1I02v3cE+VJcrv17j48fFsfEz4h614ilVQb3ULm6kYuzebJPM0kjHI5JZj8+eQcE8V4Rd6mCHdB8r5UAnOAMkAY5HJx07HoOa4xruV7t2klG0MOfm3EHGVySNxzgcZ+Y8d6kebliGwvOATkqWz/DuGBnOSCe4wa/r7h3L6OS4DC4GjzKnh6UKcU39mEYxV22n02e5/PnEGKqZxi6+MrNOpiKkqs3ZLWVnZRene17rS19ie8vWaJgRhGDAc9M8E4GCOSPmPPOR1rn1eNUDbizFiuCSSBuz6MAMZGei4GKmnkw7l33AgDaTu6nOVx1B6bSCBnPJxVJFDRrnKLhtuOuSepzjqTx1IJ68V7ssUo3V9NL367Xu9erd1ayu7rc8mjgoKMXL4lrotU3bTa1rLz5dN9y3JMm1QSBkOP8AaPcYGc546n15IAzWUSrHCKQNxBJzuGSCR69eCPTGCTnE2DtUclucjuRyQOvPJ7EE5AGGIqIIv3cEY5BwwyTk+54wR7gYHQisJYiLas7XS9HtrpZfLprbodVOi1ZW8ktXa9ndW0b+y0rbNq9rAwAXd1HPJyWxgjC5yBnncOuOCT3hU87VXCDLEnA5PAz34HJHzDGTwcZuRw/KASDlsY5ySSOR3wcjAwAPyFW4NMd0MsfTOG3cgj/dB56ZBIyAM4Wl9Yilq7rvro+q0v01e2uiKnTcZLl+F2V7Lq3ra1300V9muzOZukBiDYAy3z85BOflKknA46YOR1Oe1KJGJJ2YU/KTk7Tjj6DaSdx68Z54r0y10nS50aO4RxjOZBkguRwe2QMkkcknOMDGNmy8HaaY1aNmk3fdBIO48nGMkhQM8njBJ56jy6+MpKTk730v0TvbTfpv+HS5vRmoJxle7as+t3y20bWul3rpdX6nkyK/A4wpAzk4xgjAHrjuDnOSOma7/wALWiySCQqScnaFB789TgDrz68cdCfRJPA2lmwjMEBabHz5XuM7/mwMrjnKjqB0BGWWOnLp3CWzLFyVJBB3g4bawHOGO45HIx3wDjRzCg5bq+jSTu2tP6/Gy6lafPD3Hva3No2ttLNvbr57NDTbIwCyKRkLuY46A/MTyBxn+E89OcZGu2m3LrG9lYmdtyBPkyXV8A7FUHgZOTtOByScViXeqQx7vtBCMRsG7CjIY7ePl+Ydzzxjj7uPUPAHjWw0HUbC6na2ndUaKVZtrxrG38YRvlyo6/L7jBzW+Izd06M5UoOUlG7jtd3Wl3fS+qerWuyOejhpyqR55Wi7O8Vsny6e8/LTa+vQytJ1bxN4YujfadcyaXdRqYhtJWRRxklRgAEfxDB6gk4rU1Dx34g1AO2ra9qWoLMhVoTdSiME+qg7cE9ARg5GDkYrvvEsOleK2S70E2wnmdzNGqjgkkhgAueD0JHUjbjivN9V+H3ijTYzdyafPJa+UztPGjeWI+csfu446nBB4BwNxr5atm2FxLhKuqVKs5K0Zpc9/dVtdZddU7aO+59ZhaOJoU26UpTo2i+aL93VR1st9O7tdb6EOnXEU0kR2Z3XCct1+8DyOp4BzkH6k19CXVlbtY28wDrstFOQAFA8vpgHnI647E8jJNfNWnOBdWyJ8rRzReYCQSuWAwcYwODyecjnGePojVJpJNMt0hbIktkRiHXbgLwDjO3oe33cYPAJ+czmtONfDun7ybWy13hbz6v5X0sfacO1YPDYn2jV+SPxddVs2/O2+iR4NevH/wAJBZNMA0Q1C2AYAEn98M4/hPQZ6ckH2r9hbDwfpPiLwAhisIblv+EejjwbdD5ObcfOXAJDEjjPfjkYFfjfeAHWrOM4cx38BODjlZxwCTwApAI4BIwc1+0nw38aaP4X8AC7mEUm3TYFmhaUMzqLfDdThVAPAyTxjHJz+Z+J+Mx9HDZVVwLqe1jXj7tO6k9YaNX2etntffax9z4eRwdXEZtDF+zdP2UWvaJO2rXMr6O176ap31Rwf7In7AXxV/ag1LxI3gbTLLTPD3hjUPs/iDxVrj+RpOnK821mXdhnZFJJVSTgYzjBP9FPwS/4N+/hDpVppOt/E/4k3vjgzGBm0nw5FFbaZOWjEsscF4AJynPLgcge/HxX/wAEsf28/gj4J8HfGT4U+OpbLRm1z+1NS0+6uQI1vZnyqW0UgwRJGcbGPGDjJr9jvGv/AAUr/Z8+BHwz8FeJJfHNjftqPhvEXhfR3+2aja3dsrrEzrlkRpQAGO5TndgV/EXixx94x1+Icbw7ldLMsBQm6dDArAYar7WrSnSpXrrFNNc7k23GLhy2Wyuz9Fy/JMnpYKnisHHDVVzr2laTpyjzX9+Li/dpwjZLa7173XlHxv8Agh+wL+w38L7jxCnwQ0K61HVL06Fpz+IohrF096zrBLdxm5V1BiU7jj5QRjnBauS8UeC/C/wM8X/AH4u/CnwtpFnP8RdDhTUpLfQraTTYjqcCvBcyskTJa+XDKEUK2QQD3yfxV/ba/wCCh0/7U+gaH4Pl0y60zSdG17UfEWm6jI5N5fveOPKt5Y1AAhjUKdp43gng/NXmeuf8FOf2gfGPgLwT8GG1DT9C0jwnaR6Ppmo2lskmq3DQxiK2zOyiWIqFUKQ2FJ+UjIA+cyXwf8TcdlOWY3MM4xeIzPE4jM455SzXMq8qNPLsTQUMLNUVOrepQnzTaXdJ6b+7HiLI8DVp0nh4yjD2bUqVOMuer7qlCMmkorWyW2ml7n9V/wC0Z4ynuvgY+iv8UfDXgfxav2S/vdbe6tLCSODekskEILxyyYiOAoweMZxjP5kftIft9/sl2ngPw34X8XfFTUfHWu+D4NMupLnw+Sst9q+miNwJpE+WTMsWxZCxbHfJGfwT+IulfHTxBpB1zx54113XhduH8jU9UvJvKgdcxKYmk2KpUjaq5wcHGTmvz5+JelvoOtQWaPOwnVJZVdnG5pCNx+YkngscH0APTj9A8N/ow5Hjp4Z5vxPWxtbDYypipQy2nTw8XXtGMoSxFRVK04JXSso6ttW5tfD4k8RsTk9KawOUqgpL3ZYh6J1W7OMI8q11u7u9um6/Qj/goZ/wUn0X9rHQZfB2i6Bq2iaHbC3WGa+1Cac3txaIIY7iaF/3ZPlqDkZ5OCcjn4N/ZI0T4b3HxFS8+IutwadoUFswljvSBDdEq25Q2SVC9R0xtIAxyPmz4iQrp99bQx7ts1qsgXdlUYjcxGMj3BHQHrknPnCarPAqIZn8tSQVRyrZJxnI5P8AtAAjPHAFf3Zw34Y5RkHB1bhbhudfKsHiIVb4ilN1K0K1dx9rXVSbd6kmrp9L6JbH8/ZhxnjMdxFh83zOlSxlTCyioUZRUKThBrlg1FW5bt37rRs/R39sb4p/CxjZfD/4TXK3ui6bLJdTajA7mCSaYfNEm8YUxg7AQvI2jPevz78KwSXHi3Rtu5vM1KB1AyxVA4weegzghQSOvJPXAbUFuHG9GVdwz8+S2BjcWOSd3DHg/UjGPQvh9Cs/jHQmByPtkXljGQNrAhiNvrjn+mTX2vBnClDhXLsNltGrXxUqcuapisTNTr4itNpyqVJ21crXs9tLWSPnOJc+rcQY+pjatKnQi7RpUaSSp04pRShBLVqNtb9bu6tZfo2E/dQRHAVoIySFPGVAAyRnsMjHJzz3qhcwFUV8j5S+wnO444xjJA68dOg+XrXTy2q7UxuZ3iUKpyQrDuRn5QMZA5J6cnrnSQYGWXK8ggHoS2GYgYUAtyMfw4wDk1+lRXupp3tZvrbRaW2S6+av1PHjJpL3dEor8rNp7O7vZ9Gm9NThPEtvnR707AzPbsW5wAp5YgD5QVHI78dRivnywh2eayKdoPUgdRxndkHA55xz3NfR/iVB/ZN+oYBRAWYkBnAUAgHgcdu6kfe614Np2xzMq5y7AqCoHPrkZx90cjljn61wYuKk11layW27j1bs77Wa03V7FSqPmSs9L+89d0n5aXVlrvfXSz6jwpERa3J3DP2klVwBuxk7jzhTwOOQckggcV6PaxblVmwrYJKkADce46DpyOdw4yO9cd4Wtc2l1JswRPk4OQMEk4HTjaMkjP8Avdu/towxVjhipDDg447gDBzu7evTFYUKbWtna3m1ukndrTfW2ujukzWMl8Ttttvd3XezvdO2tuugrwGNo34cA5cg8kg9CvqQeCeR0yc1614fVS+n7YzyEAU5JK5UcEEbeRycnPQEkA15dKSGjO1QhdiQByec4bPOcjOBjBxwD09W8PxnzLNog4yEbkjOR1A3EYxg85HIxgY5+mymCc5JtbxS7t3jfpG6+XVvffwc3kmotb8ySsnpt626eXa2h7pHEpt4ivIaEcZ5BHzHPA6YKnk859MUjI2MBvmUAsTgc56AEc9uP0OMG5bxZtYuu7y1UBxxuAxz0yuVycHpgnJJFEkKgZ3YbBHOcZIwSAcjBB46cjPOa+qgko2W8knfTqo+W123a1rJ6dDg5JSUW0rWi7a31t0Wl36K763MfYXYSAB2GWxu+UY9R90leQSBkZz0FRuARv2kk5BOQBkEjC98Z6gZyMY44GoI12lTkkADOMdTyecenIOW5+mGNCAFUg5Q4VgeQODkfNnn5V288DuSazcG9bt263u+nW3TtfttraoQcbXVmtb7PWy1s7u/X0VlomZKooO8glsMWQkAAYzycYJAIxtJGQATzz3fgKJftm51Ko8MoTgkfdZsdyM59vlAGRggcttRQwVSSSdxJzu5IwD93H04HNdv4LLx6hE2xxvjkULkAbdnGOpyBjnpnHpk8eIg/Zz5ZPa17aWdr2trppfXvpszrpOSmm0krpN691Z+Wut+2+l7/hB8U9NWT4o+OiygAeIL1pDkAhfPkOAOwYYwc+/Irze9aCKSPyACqgqCM4D54JZshmGQcAHcRxycn0f40t5HxV8dKsoVT4hvdw34LDzWOOhyBk8E9upAryua8gSJAJPNkViwA6LliTz39uBn6V+U4mL9tUUpN2m9tn719b730v8APueleTT9bO1tNrfJ66+W9kXoUuZQHbKBwR5mDgqMcN8pzknAJwDgAE5yeq0/S7eO0aS5jaR3H7sgclgeOCAxGM/eBA4J6Yrm7PX4VQRTIWVACuzop5IycdOeenPJ4UV2EfiHTWtkuFl2MnBMgzyoBZQhwMn8Oo69K8/E+3aiqalyvR2Wu61aS0V+2lrva9pUb9tPv15Vaz2s733vpqulKe6ksY3ikt2gDIzK27hVAxxkEAEY4HI9DnjiBNNd3ZEUbNtYMH+Y/KT97kggdyDx3AzS634ibU3IT5EjZtpb+6QTkKAMjP3VHQjPPAHZ+DvDz3tl9qkYKsi4UMctnu7A44JOQMkAccckKyw9LnquzW9rPotF03vt5arRmlOmpNRu3prok2vd9baN6pb9UTaHf2tpcRNeRtsR1Pyk5ZgSAxPUhTkkKe3OR8p9oh8X6XesYoo2UxxA/LhFZwDhskjHHG3Aye+3FeUS+EmR1RbxZTvJIVuSvDAjGcnPp1yRwM16f4a8Ef2vNZWdoGe9uWWMRRgbpDkYDAnJz0BGTzknsPBzCOFnB1puyir30Xa6V77LXV7bLc6aGGqVZxhGLbdrL+bZJXXfTz7dCpqOr+ZG0dtDIWYZLq3GccggkkYDdcYIHVsgtwFzBJLcBgH3uUVwRuGSVJ3ZznByueR1yCGzX3rpHwEtJ/D2o6jr2nX2nS2RjtlZEysko6M3HBA2jd0HUHkFfNvFvwf1DwrNZ6tp1t/almWhl8tU3vEAdxWZAc4Yck/ez6gV83g+K8o9rUw9KrD2lJuLaklHmWigpXVndPe+jaR7s+HcbSoqvOk+SST0u2k7L3lo0nZ2um9HZ3seU+HvC3hC8tm/t+W4sWVeCqsGkcj5WY9cc5XGD7HOa9x+GXwg+GGuyi3Oth7l5A6reMIohEG+4jMOSeoIOOBg8jHo3h3VPhDruljT/E+iLY67Hb/MEGxJHUYVVY42n5emMHuDxnD8UeFPC9hBb6j4au2hXzMrbAqkpGc/u3GCVHbggDcT1NfM5lxFi8ZVq4anUx2Cq/8ALqaipUJXtZ80U7Re/TTQ9fB5fhsPGFScKGIjopU7SVRP3ea6T3XlfW+vU9E1P4N2fhzVbVPDsls2n5R3kjdWCuGDt8ynBUDnkgEHpnArtfiT4o0618J22mRNHJNFBGu9SN4dAOTk8DfnjJJKkY6mvFofHmqmzj0lAZPKjVvPD4kVl4/eOMZA6E8gggZz18l8S6zqt3fm2lZmbAJ+8IwHOMk47AjjI653ZOK8bC4TMsXiqVXMMX7RUJrlkub3krO2ulns3b1Pfq5jhKGHqU8JSVNVEoys24xty+7FNJpaaNP52RwHi74kT2F1ELeQGVhtcBmKoM8hlXcSAAMk9TgfLXKx+ONS1YKSjqjN5QdMqS+3AJJAABGTkYPsMc9r4p+HkS6fZauYZZI3fM8objcck7O+3J5zyMYXJ6efalH9nQQW8RgiiUE7IwCxIHI45GcHoQfXpn9Ewf1KvSj7NKVVaSd1ZNKKSWuu17aWu7HxWIrYyMpOcpqEtdH3UXayTS1t236dat7dTfaGaR3JbaMMSdzg8scjJ2n+Hg9TngkdLpWpQ2cUe2V1bzCCu4FnPH3gSSFByMDIJGMY6eewx3UytJuk2lzksfmBBI4U5I+6AcDAxnoOYkluYpWJlDENyA2e5GWGMZUc444yRjkD0J4VVqMo2STi3dbpXjqk099L6+8eO684TclzK9nd9NVZpvZ92r7tNaH2L4Nv7W7kgiuZlZJ5FkZ5SsjRquAynd0OeNvAxjqTiv0F+D/hTSdTmltdHtibVfKuLq+yoRTjLZk3YAJHKDIJ528YP5K+C766luIYyrLGuR97LM54HIxj1OcADHY1+gHwl8Zav4Q0KayhlaaC7miknMUhGzeQAhkByGI6DKgcY55H89eJ2TYxYSssFXnG7soqT5I7Xk4pu9r9b6avax+l8FZnH28PrEOaDSUpct9fd25rKzbeq2tqkfUPirRh4p8RadpM9vJd2L7LLAVmRVikaNPKBDEkkYJ7+ucCvRLjwBpnw+uPDPhaA2EN1qV+17PHLChaCHYCAu4ZyTtUbiPmyMk4x6t8ENG0DVbeLxV4oza3sEcbaRbM2S6hcvIVB+dmzkZBxgYPAz5H8Qtfj8S/FDTfFBtTBoGgXj2N280jb7iWAlkWMDBCMcs2BjHBz3/lulxDnGMzGrkOHliKdDKcLVqVqkXNKtieVxpQi4u9oyabfw6eTP3f6lgoYalj6sabnXqQcFJe9CneKlJtWso3TfNfS/Qq/tLfDHwRoGh6l4nmsbWKWHRo53lZVFxPcSxDBj7hCSoAB6Y47H8gvBM2l694pgtbu0VrZb9mjRhu+VX3LG2M4VieAQM9GPc/aP7Wvx9Gr6ZJpyXKXEt/LJZx26sSILSI7YUKZPzKoxgYIxn6/nd4P1SXR55b9htvDciSNCSvAYkHbywwCvQZ5DEDJA/pLwlyXPsNwjiZ5rXrVcXilVWHlNyl7NSSaacrO/vK0lq1frv+Qcc5pgJ53Qp4ZUnTotOt7NRab91tNrRNK7te6srptH6neOriwPhfQdPt5rO2EmkSxfZEWINEIkOGO3BzhQvIyB124Br5w+FGgQax4phW7Hm2tsJzLMrAEsrkqjN93aBnGTyTtXAbFfNF/wDE3XNV1qEtdTC3i3xSJ5zny0Jw4TJwNwDEtkgdAAF59s+HnxM0jRLC4tbWNvMkuPMuJmIDglgMBzyy7jwATjOfWtcRwvmuT5PjYQqVcTiMVKUmnKTspqHNJKzVrPX4V+F9MPn+AxmLw8pRjSpUYxV77uHs3ZRS6vR21V7OyR7T8YDaNosmmW9sCxd4kkYKJI4V+XerdMA/N7Y4wK+YP+FUSGOwvNMka7a8fDCZgUDFsuWAJJ2EEjuDyPQd/wCPPEl1e2dteJJvS4E2GDNtVZORuCjGdpHB456buT6l8F7WCfSZr3UJIRHaWkssM8x/dqwYl1UdzngEt05UZArPKa2N4eyOHIqlSrKUYShZuXPUlBWSXVt3u7u3br6Dhhs6zRuo4RhCCtJ2jZQUeiaXZXs7qz2R8x/ErxXZeFtPtNCnkjDWNsqSxgkJ58bcnbjaRkck8jknJHPx1q3j37Xd3csRCtIxCKOEA7kqoIAxnJ5Oevauz/aG8SR654v1yGydEgt9QlQeUQFkG4kkEBflBUY7dznBz4Ta+HtZvYJLmCwup4IUBkmgieSKNVzy8mCoHQ5J6AjHPH9F8IZDRoZVh8TVVquJhCvUvvzVEpap9dXdW0b2PyfifNq2LzKthqF5YehJ0qbVpJxjaN1vorPfuzphrrXTDezGT7oOMKoKnoMjjnqBkcjuaa94rsFwGycOBkDAx6cZ7gnI569a0vA3w81nxjrWl6DYIh1PV72CwsIpphHG0srqiGZ2ICIpILnIIHO5cA17Z8S/2ftd+EPiabwj4ua0GsR2sE7/AGC4jvLVXnAYASxO4bJPyjOQOWHYfX8mGpSjBNc7SlZ3u46dFd9XZ722Wln87HC4ipTdaMW0pJK+7sld7vXvo/R2s/KvD9tdXN9bLasQ7SIEVWBCAdWOThuD+WSOeK/pR/4JvF9J+HWo2t7KEm+320zhtpJBBwAV7nk4POOvUV/PhpXgvUrK8thEiIRsM0pYBo4mGAdgJYE5yOAASMnrX7j/ALCGqr4X8Oa5pVxNLdxyJbTpdzMAFcAny03FiNp5IXoAM4yQDHR9nlmJnzNJQSS3Td4206rWzatZrTRK/o5XSnGuk04t2jdt66Rs1pu/LRLS2p+3w1myGkSiSaNFSPON3zewHJwME9Dx0x2HzB8QPjt4F8A24udb1KKRzP5SW8DZmUgjbuVcHnjgjnknHbyz4h/F7TvDmjXE91rEFmYoJpwpm3STAIQihOQc59umc7iTX5LeIfHt74t1fWbwSy6wksktxBlJpBH8xESIoVlVyACw/iIwewH43WwdXHYq0rxpRldyjvbTomnbRvsnbvY+pqqVGN4rmm9rq6V+XeKstbPXRd0f0BeAdU/4WvpNi/g5PttxrcJNraMR5qoQGViBlgdpP3hkY54y1fgJ/wAFLfD+u6D8bLWx8QWT6bPDp4tyH3MsixA5mAz7/dKnBAB5I2/TvgX4/eO/gx4R8KeL/hppGuSeOYGeS5gvllaxlSPKxIlsQI0jAfGNp3ZK8YOfH/2tdA+O37S+h+Evib410fT9P8Ua3HdK8g/0d1gIJjZowESPjOACCeepwD9dkGRYfDwqYl17tq0OZ39xuDu4rVN9Hst7J2PDx1StWlTpKnK75XytO7l7ui1Xpo3yttI/ILV7mxERjmMbqrEFiASRu+Yc4Oc8EnG044HSuVbUbCEKttDG0ZUHdgK2F4YYPILZBzjOenPFfVVn+xp4yvwJNV8S6farlvMRJPNZecOAxXAC9cDqRyAcg+i6D+yr8JtEQDxj4seZ0VTMPMWGMADPRXB2sePcZPGdtfRKOFpxbVWU3HlsouUtdNE0mvlolppZs8t5biakveiqfw2c2orVR63d2ne6u+ur2PgO71KO5t1SGKJQQwZyFDICOUAXGT1x+FVtI0m/vLsNDZz3cYTbGsdvIyP1xuKJnrkDoAeSATx+nctl+yZ4IsGgsdNj169U5X5XuzIyg43FlKrnAxzjpwc15Rr/AO0H4Z0YmDwj8O9LtYITiO5mtYYXCgkjIUHLZ5Ibn29dKFSdSyo0Kkl1vaKs2lu77af8Pew8BCGtbFU4vd297Vcq7NXWuqTd7yet7ed/DTSNe0Kylbw94NurvxVqAZI757FnXTkYgMIC0eFkJPBIGDxuBGa+g/BH7I/xQ+IF2b/XTaaDaTBpLq71S4VJiJD8/LMGGSfuqCAFzgV8+z/tM/Em6ukh0eTTtEiuJFTFtBH5gjLdd4TjJOcrnuSQo5+l/DvxP8S6totouo6vrWoX7+Ulz9nmYQnI4QbdoXGRuyBkZ54zWeZf24qUVhY4egv5veqzfwq/u2S2v72n5PtwVXLacVGpKpUaSuleMZbN663emlrW1WnT3HS/2OPgx4SUjxt8Rbe6uUTe9rphQxZUZ2loySeDgnPHIPHQ0LQPhP4X+IngqL4d6Ndq8Gox/aNRuJXIuSsgw6qwBAJ5zjk564rxzXfGMek2srXc9pZ3Hl/6y7m824VSPmwGJ3NznOR2AHXPk3hD4nXFz8QNGnhvllsbW8jXztynI3AsQMtxxgDrnqCS1b8K5ZmrzClisdjcRVVOcZez0hSWsVblirN76t9rtNnzPH+Ko4jh3NMJhcLCEq+Dqxuvek7wt73VJ3d7220s7H9337KvxR1Oy+F2laaJQIZLDaITIfvqo++chThflPfjrmvxV/bn8Y2OkfEHWtW1jSrTV5Wvp5ooJIUmwAXZFKsGyOxI6fjx9P8A7IfxQl1nwro9n9sEcVvYb2aQ7NxK8EEndzxk8dAflwRX52ft06lNqfi2/FsXuJ3vZ40khQyrIDuG0bclick8ZBABCg8L+mcVVaMcDJ1WqVKaXPKUlFSsk29Xok9Ovda6n8c+C+EzR8T0KdV1a8cHXrwoRlFyVNKcWnBWbSTulay67Ns+PNU/ax8VWET2vhrwpoWkQyF41uPskQKhTgEALwc9MHJ6D5a8r8RftJ/E6/Qx3nitrSJgweDTYwpBORhWTlQQOcYJz3IDVpeHv2ePjN8SrqG28LeAPF2ttLINhs9FvRbfM+AvnGAR4yc8uQe/OCPphP8Agld+1NBo8fiHxN4Gl8M6RIom83VCqOItud7IhYqqpyTIoAO6v53zLi7grKKzpYnN8thV5nFQniacql217qXO5ty1WqumrWep/otl+T8RY2jTlSw1dpxjZqLppqyVteW+y3b220Pzu1b4j+INbiK32qazqjOxCrc3UwhjBPUJ0HODnPTqOSK4bV4tevLZY7WNkmlYKWVWkl2sOcAfMQcjHygjAJA619w+IfhN8N/hTeHS/H3iW1vLy2+W4sNFUXEhlHCq0ijg5GCWI6DgjmuR0z4wfDbQ/F1nbaL4MjOm2UTILy/jWaWbehUOUdSu7OdvbOSDnoLPIYynGplWDq4qm4qUKvKqdOS9yz5pK7i0+0l8nc1eTVaE+XHYmFGV0nBy5pp3imrRv2d7yvvqjwP4bfCTxV4vmttJtdNv9SuDcY8iG1ldpp2ZFCn5A2QxC4GecA5ONv8AQZ+xT/wRT+NvxcTS/EPi/T4PBvhucJLLda6TFJ9nJUqLW1IEhd0J2iRQCc4YqGFfnt8LPi74v8NeK9O8ReEdH0y2023nW+tJprKPaLhJVmKyBQyPGSm0KcKTyelf02fs7/8ABS7xTf8Agixl8T2tok628SvDCohLTQIqsVjCoqxHllC9B/e4NfmfHPEGfYb2Cp4erHByk1iHguWpid4+7ByUVHS8XOza9bM+jynJITpv6m6VTFJJweK5lRgko++op+/bopNxaab1P1J/ZU/4J9fAH9kzwvOsaWOr61c2jrqOs3yRSylHTEkUEJDhIyMgFcE8A5FfO/7c/iH9mTwP8CPHWl6l8NNMvtLudN1CSxuHsIYi2pyxyNDOZjEjYEoBVQwOOuOC3Dal/wAFAH1jTHlt4bSKfy2MpumTZGiAZKqxycgZC4J9h1P4g/8ABRv9rTU/iR4fi8P/ANstJYT3JQ2UMvl27EK6sdqnkDJIB4J6DGcfEU8ZjuJcRgMsy3J/7NwrqQeLxdeip4yv70XNyrzbmpWTtypWeztt6OFybE5VOrmub5nKvKCUqGHo1nDDxkrKMY0ockXFOykmra6p3ufPX/BMb9rD4M/Bf40/EvxH8RII7a81CKS18LyxqWis7ZZZC0MIYYDbNq7uOARu5GP1V+MP/BWP4Z3Vjd2Hgzw3HflEc/b750ihkZQeWY8sAdpHJGTjHcfykSWNppDG9sWRbuQurO7Kch2JAz1VQcYIXkdD1rmfGeq+IX0R449UkkACFo4SQqpzlS6ct33H6cEZB+txvg3k2dZws2zBV63NChCVCpK9BulGKi2rczv11abvbWTTuHHWIoU406VGlOrTcpQqPR2nJNpp9fe1fLsktNz93dd/b78X+L9Mme81+Kz0xml8iwsLhdsS5OAmGzgAqCcZ69iK+TfEv7SsNz9ofzppZZmcb5pDkE4DNyw3c9T6YxkCvzJ+G91ql3YvbNdSkCV2+eRyyqMAqM9AckdCOnTgH0u70C4nVWeWScbgCA3A55AAYHDdDnPTsMk/oGD4NyjKqdKhhsPSpU6aSjGEYJNJQs/5n5pX7s8evxPmONXPKTbk9tOrivdSSaT0tpHfQ9t1z43RP5r26xmTn55Tvck9CM54weAOQeMcGvMb/wCMOsXBdXvZACMBLcBQvJAUk4x1II6noCetYL+FTOqhIimVUkvyxwc44HIA9T0wOajl8GLCjIY9rNgkLuLNg8lWIwM4HA69DnPPrf2dgaUoe7GaslZ7L4OnXbe7fY86pjMZVhFtqP4J6JJ+r3Xd3eujKc/jbXdR3FrmYqW6NKSSi9MYJOCCc7ecZz0539EvL+4+0u90zCSNgUJPJAyBhjyQe5PI6YHByo/DJhdBFBNIVwMGNy5LdcnG3A4PJ9yOQK7Cw0G4to5ZzZTRKIj5krggg+qbhk+5A9MivQy2jh6eYYXkilevTScYpWTlFXX4a909jgxc6tTDVnOTklTber7XbXr539NDAvDJskfYRwFX3Oep5IPB474BJxk4oRvMZAz5wwBQAgAA8DhsDr0HJH8ty7UIyIWLgksVAPQ8Ak8YPc8jGAe1ZhdWdWAOQMpuAODnBQg+/Y5J644r98jGaUG0rWT7tJJNPul+t76H5s3FNuTtdt6X3stNO7/PzZxHjzcNAuVKk7z2OOOvLe+OM5yRgjHFeefCZ4ok1TbGFxcjgDJyTgNgjoc9OhB45r0X4hoX8PzMWK7XQADnIGCRgc9eCfbvk15l8JHEjamu4fNcr0XptOcHoWbnIJAA4GOma5ZXitrLSztf3V1W6uvWyavfUzcknZXbSVvLSyuktb31tfe9rJM931AoqqfmJdB1AwWU8Z4wTgcAZ59M8YjhiHIUrwRuPJznJIGOSQSeeQOBzit+5i6ljnCqUw2R05452nJPbgEkHhhVCeEYPODg7COMZxnpgE4PPHGc9cV0UknOV4LbotUlyt62SSWmtt9r30xlN87e2+j87XWiXkra6vVvc6z4YXJl8RqqH5VjVC2NuWBGSDxkfeBJ9cgc4H1XdoVhjViHAT5sIPmOSRgkA88ZwCOOeCa+YfhZYqmvgFSFZvvZbJBHJz/CT9evOCea+tLmAFI125UJj0JUHKgE88HGSu7B9a9Omv3a3SvftZtpt3167b9bvqc84vmu91Z/fy31Tv8Ay/j8/P0/1zblYKzEEBFAHzblHTjPP+STXd6VgQx/IAzKqjOPUfexng/oMA84rmJYUhmJJYgucjHyr165zjt278YAFddo4JjC7CTmMsz/ADDaCMc9B06Y64bBPW1FWW70uvN6JNp2urLv5akLdf1dpRdte1n7qer1XY+Cf2wPiLrfhrxlp2nwyK1olgGW3Zm8rzHBHmEAhWxnJUggMR/eJr8jte1+a98ZXt7dEuZZyXOCMs2c8lcYBxznp8wPp+wf7VngPUPGfjy0j02wNyUtIC0hWRs45KDavI3c8dM/LwBX5/eNP2avGCavPqMFkYoJpY4/LWOUFWPCsMoFAOAWIYnqSK/NcxnhoZjiUoRg3Ud3ypNP3b3t1bvfXXzvp9Ph/byw1F8zcY8rSbvypLRWb/L8bH6a/sz/ABvtfCPwLsvC81rDLNOGlilZl3LHKcsy7j/COxJGDtGMZOpY/F2xstUvrxi8jvITGYZcOiFlZlUh8jGeOSeCTjjHy14I+B3xU1Lw7a2Wi6DcXUen2IaSWF3U/L1VVwDlu+NwIB5wcHtPhx+zv8Vdf8QTWtzoWpWyWTmS+e7do1AILARlmw/T5gT1PVuAflcd9Wo0q9ac6cYxTlblV2rq6dlrduys3fpqfS4SrWrSoUacLz92HNzRutEkuv5tuy6XPqVP2jrJ0e1lXVpUVFWPN3cNGoXGcASY5wOnBJJHoad58fLW4i2fYbieIqVXe8jnAXOBluB6ngHJ64xVl/2Y9fhsUmmPlysoDCOSDABGPmJYNwMg4G45PTmpR+zVq0sCf6bbJ8u0+ZPChBIBJzv7Y+v/AAGvkYcQZdG8Umoq2qpPW3LeNuXTTbulrZM+heTYlJSnOlrol7aMWtI7rmbSXX06XOSf402LI6DTJgdp3DzHXHsGDAggcjlT6DqKxl+MOghlN7aXockEeXeSR7QpPo4Oc8gEnHBGCOfQ7T9maM3MkN7rdrEChJP2u34bB65k24/iyeflPPJz5j8Rf2eo0vLKHwxrFpLGkP8ApzzTxRqZcnPlsjZJXk54HGRkN83bluZYPMcQsLTo1mpa3dCSp6WesnCy0aSV9Xp5nn4zCVcBB4idXD2VlZVoSk9nsm9V5K61s0t7N78ZNCvxDbXF1rsdgH2bF1CRlCEqMrvckEgjHIPb2qDxP408CtoN9LpWoa8ty6IiefdyFSpCgfMcA+mB75FeO3v7PfipfMYajpzgBgqrqESknpg/vTjGD1z3HTNZ918E/Gpt4LNby0fAVnC3gKrlmBJ/egkgYwDzxkdsfY4fK+R3iqiel1ytWty2XRrfonqtOjPm6uYQd3KVOz5V8cW1pFpW+etuyTaTdvof4ZeIfDmsRW1nea1qVvcWqbmb7aEyDyFTcwAweccgEngjBr2X7B4b855ovE2oyROCSh1NFYBQQRt8zHtwMcZPUA/HXhb4FeMYWmmkuLNPMUFSL1AUAzgH94uQSO/OCuRnFep2PwQ8XLy15YSlvlAF8CAT3P73nOegB547V52NyZ1Krl7Oc1o7und393TWLduuuve2h62XZ3RpUVF1aKdltUinZWWz1tvvq9LdD2yHTvDzuWi8Szx+YW/1l+Y+meQ0cnzEfNnIHRsAYOdWHR9NjQhfG0ibwSu3VZyMjLdN4ycc4Izjnbzz4zafBDxl5jxrLp2EKnDXvBDc5GX5JbrkAdc10LfBTxnFAuBYMEGcrfADuMgeZk8YyPqe1eRWyGk3eeDTbsrulG9vdtry3d/Ly+XqUc9oSVvrVO2lousk2/dWmq6aK77b6s9NfSbe4WID4hXKsTtUHVbhlLLnnIkGBkYz9AT/AHbE3hiQ26iP4jXpdgyuV1m62FemMGTGBk54/oK8ni+FvjuKMhY7OQBW27Zo3IbjPO8jv356U4eB/HiQNC1nGxUNxG6Bm3AgDht2OM56ZUDpzWC4chU0hhUlpr7O2krLVJbWfK77Wb0tY6HxBGn/AMxMV0u6isr22tN6db+XVaHruhaJ4k0ubfo/xW1PTWKjZJaa/eQ7WGGySsoJwwznrjnpivQbO9+MkYb7L+0R4jgLt8h/4Se+bDY43/vc46ZPpnGOa+Trbw349t90babNH5RZN4/eKcEjaRyxzz0xjjpV06V47twFXSpZBw+QCrZXOeAx3cA44IAIznoMZcJU2/fwkX7yd/Yx/ut/Z6p9n1TstUf6wwnG/wBbTeiv7VN3dt9Xr6q2iSbsfUV3B8WLywvrfxb8U9Y8baUGLLb3us3eo2n2gHcHeCWRkBA4GcZPPUkV45qFsUcqAgdZMuB2OSABkk88+hxjmvZPhJLI3w516PWbVrW/XUd6tMM4RVzt3MTg8np0xkgcg+Y6s6NdTyjDb5CFyBzjIBPU4JGR9fz/AGfgzBRwGWwowpKnHV8qio6trouVJ9Nlva2yPyviTGrFZjUqe053oua99ley8k36X103fKSM0QILHA+YcZHzZHsPXgde/I48o8bGVp9CXzCS2prkA4wACQTgY9cKQc5HJFer3oBVsncytuCnHBOAACGAYA9M4+oI58u8VQvJe6CQpGdSTcSRjjryM4Ix6Z5wD6/ZzjdbrRt3XVdLN2Vntt89jwoy+H19d0ku60tp26Fe6DreQ/KCftcRBJ4IUrjg54z1454A3AZr3S3EwtYsHoqHjj5Qp4UccjnnAx65wT4xfR+Ve2+5yMXUeeODzkjr1CnkHOCBjmvcLCWOSFBg7sBmHy4xhQDkjKknONvy/N3zgaYWEbva7fn1a7vW+l+93dXs15eZTcXTu7aLd7awVna+qWl7ba+ZJpum6/rk8Ok+GbW4v9e1u6TSdKtbdgs017M48lFYsAG3beSwwc98GqHj3wP+2t+zdqb6hr3hzxZ4TuNRnj+zX5u5Gs5o0Cuon8hzCxUEbQ5XG4gY6N0ekXF/pWp6TqGi3c9jqltqkFzp01sf30F2jZjliZQGDg4PyjI4GcgV7R8W/iT8cvG3hG9svGHiHVtf061VmYX8xaWOURgpKGclgiqOoGD1IJ5H5xx1SlVxOHw1SjRr0atJKpGrFTjJNpaLVNNPr36H2XB9KVfB1p+05eSbaV7yuoxs09b66u9999Nfzv1fx/8AFHWfGOoa9qujXF9rOp22dW1HZLNLcyFQJGZ8ElsAYUMBkY3bs159rmsSSatatqGmaqxt4iPLlhndFkJ+ZsEEcHB2jA6e+fpPwde+ILbTgoctcNI/mvJbeb+7LAL+8wQy84BJ9RySa6i+t9UWCe/vdLtr23tohNNIYER1U/NznkkAnPXAwCMDn4vEYLBUsPCjCjGnyx5FGC5IwTSSjFJ2Vku2nRan2GFp1+aNVVG2pqfvJyb1i7NdHaN+n4a/SX7Pf7WPwT+G/grw/wCGdd0DxdZz6fbu15d6Zql9Ek7SgFpUtgQoAJG0BSo2gZAwK+tNI/bv/Z1ljb+zfEPiyxleN02axc3k2xQuWYFz8p7KSCc/e9R+WOk32i62iX0Xh6NowXiXbFCSQgCswJPCZDdcDONvXFRT+GvCWo3B8zQntc5ZnaYxKeTk/u8jAYnKjCngg8ZP825/9G/gLiDNa2aYt46nisRiZ4qfJiNPaSmptpSg7Xlo1oulj9Oy/jfPsHgY4enSoTpQhGEZOmr8kbJapK7tur2fW+p4v+0rqPhP4vfFfxNrGmXcsOna3fNPa6myvNKUiIzI7yjduyuexYFemM14Q/7PPh+VlvrXxXE9vdMUkhKoriVQAC2DwCeRzkFsE5r6K8S+CdHW/WPSQ1u6xykb3d1CYLZTOMA4IYDg45JPJ8r8MadfXniS40JxBKlrI8zE5Q5XPy5GMnABJYk5wMHGa/pThnLMHkWWYLLMJOfscDhqOGoym25uNGEIq7T1dlq+VdD84zWGKx+KrYmtSXNiKjlJWfKpuz0S2Wr/AD6F7w5+yj4We3W91nW4ls43Kt5EyeaQ4GGEcjDOCQBjOensdu//AGUPhog8zTfFExaTLKJ1UknPTrgBQMHt3H8VXfiJfXGh+HYdrqk8skcSIp285xnp029+cEN0Ga85g1vxL9mtp7eWeURhQCxd1UtgkcZU9STknAxjqTX0OKwzr0PbQxM4Ss1e97aR1be2mm2lvkeLRl7Cv7GeHi1HV+7728ba6aW/DXR6HZ6T+yfM9/A2jahZXm1XnzPKqoiJnkBsDcQehzgYyD1rttN0iy8MzQWOmSRz6pbyyreJEY5AjKCpKhiwVSQcZyQMBRyAcnSviP4h0e1hTHmM0EqNmF9ys6MozIV4IOccjGcjA6eAW3ifXtO8R31zIWdb65mMn+t3l3kJAU4OCNwULjHbkg5+Tnk2PxEpL+0JuKTs0+rSf2Xe6Saeu34+ws4w2FhFrBxcnJXStolGLbtyvqnd3b6NJps/rR/ZP/4JQfBn9pr9mTTfiHdeOdTsfHurWd3JtgWGTTdPu2yqJOh4CFhllwAOo5Jr+fH9qD4G3f7OHxU8S+DNTv7TUJvDepvZPP8AZkCXhSQqlxEFH3GRQxA5+bvkivvb9jT/AIKZfFr9lzwRP4U06wg1vw3fQvcxWV2Zd0MpQqNjFWPU7goxyepwc/Av7WP7Qtx8ZvGuu+NPEWnJbap4kuxfGELvS3UtnYjEbgACAFIGD2GQK+U4AyPjbLOK8ZDNa88Rk8pVpUqtSuqi5vawdCVOndypWpvlnF6NpONr6nEeY4DFZbUq05UoTm6ToUoRjCVJciVSnNxSU052cZSu2n32j+GejeJPHuo2V5aXEcdy6Q2dozq3lJvdY1XCkAKQRkDBAJyR0H1Vr/8AwSi/ac+IMT6z4b8L2niRWSGd7rTryN5BDcIsiwujOMKCyquDx9c189/s2fEBfD1/p+oIlqba3libypIxJGNoDFmBGAAT/d6Dnmv3X+DP/BRzTPhNo13JC8l5e3QEcUS2/wDokiggERxnG10G4AjBxjnHJ9nxex3G2Xww1bhTA/Xvh+sJ01UnGNlK9OLlDmWiTSe11e6OLg3CZTiMNWeKxFCjiIyUqUKtT2UJXUbpys7N68jto/Jn8wPxh/ZJ+Lnwl8Tal4Y8TeA9W0rVrK5EF1DLA0iqzjKmNkUhhjuhxknHFdD8IP2UPFCy6v4l8YpP4W0HTtGub2G4ubSYSX948LeRZwb1C7nbbyhySSONpr9h/wBtL9obTPjZ4ptfG/he8ulv5bKGS8MiRxRG5yGkiEKghzHyqkjoDg5AB/PnxX8btfhvrHTNc8SXmoWEbwynSFVjaDaVUZQ/JuA+XBH8P0xPA+ZZ/j8qweJ4hwCwWMlT/wBowyUoOMr2+F3s3HVq700Ttv25zQyzC13DB4j2sXFNSUlOCejaTjZPtdeXqfmxqXh2+0zxFeEWt88q3c4QiGTlRIwQ7cFmypz8oOTxg857Cxm1izubd7iO7hjQKcMs0YIYAgksoAwBnkgjJx1Jr9Yv2Ubrwhb/ABrPjbxn4Y0LxV4ctIzcf2TqNtC8OJ+VaSKVfKwpYY3Djbgda/deX4n/ALAk1haw+LP2dPA1w1xaxyytaWmnROx24YbkAwc4wA3SvgOPvF1cJ53/AGVHI8XjYQpwnLE0eaUY8+qilCnNqWmt9W30Pq8i4Rlj8uhj6ddydSTTpRdPnjyqLUn7SpTsm3bTW+5/HNcaxeoqmCGSYKxJ3IJAcngZG4nA4bjCngbhk1Bp2ubtRJuNP3SDy18tUIO7eFKvldoz0JYHHU9xX9X/AMQvAn/BLD4haPKY/hjJ4K1K4SVra50jWDbrFJs+R/JjJRhux8uAP4cYIx+JnxN+FPwL8K3PixfA2rSapdrfumj2l8I2KWgkwrGQFixVSoDDLc54J49TgLxOw3Fs6lKnleY4GrSTm1iqElTlovhm4x5npZRcVvtYwz3h2tl1GM6lSMYykouM5U1NXUXpGMp76/altbrY+K7+XTbpbxr+BrV0QLDFCyqFzyAVGMnoRwQD6GvM7+S0jguimoeUFUGKKRVZgxPGSB8wUnoP72eSTn+kL4P/APBOv9jz9on4SeFLlfibceCPinLo8d74o8yeN7U3WwsieXdyJGgy3RQMrnC8V5P4o/4IS+INSstRvvh38d/hr4gEEkrxW+r6glpeNGjOyqwgZoizYweSBjIPevdwvinw5DMa+X42tUweIw9WVOccTRmoVHCai3CSi079FpZJPo7ediOG8Z9VpVaMYVlUpqacLtxTSktbW0jfTpbXY/nnsvEWrWc0qw3sgghlDb4JpIZFIIKtmN128kED7pxwOx+lfhr+054x8HyQra65rcbWrxtaz2+q3cZgHO7GZB1IyeMjp1INewfFb/gm98dPhbqMum6hZ+G7qU289xNdaXrtpc20scActJDibdlwoZY2VTg8LycfCeoeD9Z0W8aB7eQyrLLBMg3Bg8bGNn+Xg8g8g4OD15FfpXs8v4hyt1afscXhK0Le0ilOLjKMeiWnmmr30bstPj6ksTluK5ainCpCXwyd7W5V7q97Rc2u+uiutD9i/BX7cfxfEMU9h8TPEdq08P2ZHl1B7lY5iPkWWKUlSucAk4+Xkja2a878Qf8ABTP9oTRfEeoeHPHy+AfHWlxEJAviLwtpd1LcW45BN4YHcMUIDFd2SOlfBvw6sfEyahb2cVje3kc0qxNbwW0s024hW3hY1ZsKerAcemcA9B8VfBmtRwPeap4bvLW4tZgVnns543dDgLGfNjRnwOMBdxOODya/HMNkORZBxFOhJ4TlxUXywnNQq05OSs4pST300Xyeh9bRr47H4FVlSleNuZxjJxez1cV1V7u6afuu7Pt+H9tT4B+LJ7Of4lfsvfD+/wAFfMu/DlxNo8rE/wCscJboqmRvvDIYDJ6Diodf13/gnP8AEaO9mu/A/wAQ/AV3dKGWXR9QGpW0c5x8u2dgfLTaDkgnBzk8Y/Iy7a9t2MawPEpdiqujKQAMsoXbxkeoB9Sez4Lu9+V4zOhQZIdmVC3QA/XHbqO+OK/T6GGw0FTdDEThy2doVpWs2r2b6dNtvM8Wo6jnUcqTba95tPdKK2aautLrut2z9IdY/ZU/Y98ZR2d14O/aFvvD91bKjNa+KtKVA0bkbFZ4UcnLZBJAJ9BkgY17/wAE7dUuka/8EfFX4V+LopI99jZXGqw6fcyFhiNHS4kjUO4AJDBQCw3E9a+EYNS1030LTTyxxN5BKK/O0PgYPA9SM9B35rs9W8a3+nGZ7ie6kuFMS2pilkhEaBFKtlH+ZiwGe4J7HGPqcJiJwjBKopRi05Sdm5pWvrFJ9I3V29djgrYWDjJyWrtd8q/lWuy2Sat1elran0defswftdeC0j07TdK0mJrSB/IbwhqGh3FxPHIxI3NbXMk7kAZVyG5GAfTgn+FXxmjvLgfGXwt8VLjRooXa4+1JqUdpKdmFkWUqICARgAOV4GPumvHrD4q+KfDus6bq2n+JPENldldzm31i6Vi6NmPOHYKmcEr0Kn8B+t/wd/4KgfG2PRrL4f8Ai2HwJ4x8OwaM1s6+KNLtb24mtghOJbuaN5TOVJG/OSed3Bz9blmb5pha31ilUjUhFLkpOUotp8t43leLVld3SPMxGTYLG0vYT/duS96SV02+WyaasnJ3a1WzPB/2RvGPgL9n7xdaavb+GPEuq6NrLR2mqpc3LRsoF4JcRMxB3Kg27SMlxg1/Vj4A/wCCovwGufCVjott8OfGEC+H7C3SK6mSJEglSFflW6YcqRg4LgFjySea/AzUvj3+yf8AEbQ9DtvFnwAaz1x9TjE2q+B9Wls7XzjNhXFrFsjXLEEjAJB4A61+9n7Lk/7GnhP9m9W8W/DAalHeCcXdzf6hYXmrCK6z9lDCabzw8MbJkjuvqAK+/r+INfMcvwNDMcDLFwwk4whCnUqU/ZRmo3V6TUZJK9nva63PzGP0fcvnmWOz3KKlWnjc0dKOKnToQrubVuRyjUjPlte7cWraX3R4Z8SP+Cr/AIfs9N8XaJ4U+F2rXcuuWV5At1O/2qWzeaF4jciKESB3KuQoYdwDnt+Lmg+N4vFl1491mCbVvCdhfaHqEN/BPZz2j3N5fXJ84ABVGXdy4xnAz0A4+tvFvg/9n+x+JfiTU/DvxjufCNvqV9eQ6Xo2oaRBLZ2NtdM3kCe5j3kpCrgZXJwu7vivn/S/hRaf8JX4i0y3/ag+HfiiyunaWOK6jltbe0Uv5giw8a75NuAQQOcrzX6vwv4i5VldKGFo4KGDo4x0vrMnUqzm+SMUnJ1HKys2rR821d2f4F4nfRnz6jOtmksRLMsVg1VeCpVIxpulzSVTlgqSjeMnraV7aW3Pjaf4ceFoLuCwSwv7zWLuWJkvpzPNFLbOCd5jjDnHPUjgEgntXo9t4I0HTFt9O8SJDDp0s8a2osi0czTOQVEjShcdzj5SDwGU194XHhO60DWNIbw74p+EeqW89japJq73lrAyyQbEngiaUqU34bJO0ncMtivMvjN+zR8cfHGrJrvgTwv4W1uxSWC8h07TfE1hcG7EagPKkEU7FnlcDywQGAO0L0Nfp2H404QoRp4pTw/tHOMlZxXNK8G0rq9vRa66M/kTN/DHxbx31jBrD4ilTdOpCSpLl5XZqN5TaSb01XV3btoeD6povgnSmkhhtb28ilmgiSWXUN0CoMDDCJmywPsQcHjnB+av2h77QoPE/gVYfDVpNbpcQKxEk9wb9InCrHsZDhVxwAvzDnnrXr/xPn/bA8ARyjVP2UtQ0e3tSsUV6mky6nDdrEhXz2EEUvLhS4cjOc4z8pr4i8d/tEfFeW60a+8TeANP0DU9CvGmsxqOlSWu3YRuDpcQxhm5IC9MDldw4+L8QvEvg3M8DPBOopThWpzaWFnytQnFySlJK91F66Xb+Z3eFH0ffGHJeI6OdVaE4UXh8RTi6uaqUnKvQ5YScIpuHLOV2rXS1tdH1Drdhe317p15oulmG2ujAkqJaFI7YPtBhhQAbti5+Yjd1Oa63x1pt/N4fuPD+iRQERW1u11I9lbw3UbYRXaOZwsgfk8YIJ/Ovzo179q/4t6+8iQaxYaSgZnC2NtHEY5QRgoyDKnoQBjaO2eT5XqfxY+IuqTub7xZrNzNO26aZL2WNC2cdAfmx3xt4APJJFflmP8AF7g7AQ5MDk0604QUVN06MIXUYK6ck29U91fXbofsnD/0UvFzNcVTxOdcY4bAUvaznKnRqY3F1ZxnJSjGV3TpOUU7K0uXTruvv3xX4X/sTTrRYp7C5kjt4J3k1XV7fNtMMFmFsspA5OflRidp46mvQNF+KXw38HeHprLWvH+jL/aWnhL2HSLRrvU4bkKA5hk8srHKQ33gwOeedwr8k9Q1nUbty+pahe3sshUmS4uZ5TzwQQWJwBgYOAQOe2PQtF/sq40bVpbiKUPZ6Y8sDQqCWuQindI7YZV4JyOOMHnFfAVfHDGYbGTxOWZXh6DklCClKT5buK1UFDqrO9tPKzP3XC/Q7yvMMBQwfEXEWPzCNGp7abp0aVNSlaLu5VVXcbNOzTTvZH3ve/tLfs8+E9Nax0nRvG/j1ZJHkuv7WuTaRNIQCyKEYkxO4wB/dztwevzxrv7X/iJ59VtvBfhrQPC2m3sbx2EDqLy50+E5+aKSXLLM3ykuvJ/iPGR8NpqeoX8ot4pZJtznCRAu7EuQFCJnOAAMANnAxziup0bwN4w1q9jt7DRL5ZJSirKYJWLMxGAuVG4tkMAuRnB64WvluJPGriTMKbjjM1pYGlazjh+Si7NRTvO/M0raczf5n6vwZ9FrgjKJ0vqHD1fNq6lFKrjfaYxuSsl7rXso+SUUklp1Pc/BSfGr9pn4h+Hvh14bi1Lxx4+8QXcGneHtPU+WnnGQ+WU2nEUcWd5dyAOB1K17P+0z8If2hv2Y/FFr8Nv2grzxHofiOXS47hdIfWpZ7ZtLePZD5awSuGiDBo8MTgDA5r7k/wCCSv7M/jD4dftNeA/i945vU8MaVZXEtvY3F0wW9uJ50AjMUL7dgyASRg+hwTn9AP8Agp9+xvH+0r8W4fir4d8fR3F5ZWUuk63ea8zfZo4bdneGCwGWQMzMSeRljkHJ4/lLPvpCYXJuLYZNXzmph8NWpx9riIVp3q1pJvll7N88mrJbOLcm9Gmf1rlH0fqeKw+BpYnhnCTrKhKphaVfCU2qMYuCjGClBwptxTvG6bsnbt/KdNrOm6e8v2OwAkkk3CW5HmyyPnAZi5JJyOeT8w4IrlUaaXUYZ3lMbzykNEpLlVduCFXcCD90jICjPrx+yWn/APBNzwxAY9T8SeKNV161t8yXcOlQxLAQhJKLKZFkIzkE4YlT0/hHvngv9j/wBaySReAPA2mq6RiCXU/FjLdmMyqF8yNZc7ZeSy45GMEc84Zx428O0aPtYYitjKldNRk4tczaTTUqlr3dkrN2e6dmj7TLfBHNJSnh1h8HgaVFfDGMY2SSSso2VrJu92r6PWx+ROm6neR2H2VbfdbW9qoillRogZSMHapGeD/EA2DtxxyKNtK1xZzx3jMlwzNJC4baiR5LD7+Nq5ONwySeeoNfbP7Y/wAJNK+C/irQfDdjewXt7f6R9svoYY0ggs7mUbuArf6pM5UEnhQD1r4D8RXU8FqTG5uJYo1DSLkRICxBVgp5Ockdup4XAr5vAVaPEVOOOp89KFdqqmrt3k4/dZLV3vf0P5/4yyeXDueYvL5zU6tCt7OTi9L3Wl09LJ3TturPY9j8E2sfkeXaXpikl+e5nEzKFGQBs2HIJIH3cc8kdTX1hq3i74kaV8NbG1tviDr8tmllPBbWC6ncun2NkOYNu8hVZSQ6EYIxwMDHwL4K8RpaWp8j/j5XJ8mVAfMwMs2Sc45+XPQnpkkn7G0Wy1nxj4Ai16Gx1CO00y2mju5xbSppsatlcSXAXYHJBKggZOAMDmujK8s4hwWbqtl+Iq06Epp1I05ST9leF3Nre6uuu7Z8diIYWpye1jze97qkubXmitb6N3ve1n03PnjTPE91P4jG6WR5jalUM8jSbDwXO8liGJwuBggqOwxXt3h7XY78TSSsFMdpJbRgcDzwu0knIAZjl+Djnnup+YtOjlj8UT+TbM4ieWIgEMu6R8I4PYMGXHOACuDmvp3w7pdh4b0q8v8AxHazymW3+02VtbPujaQjIFwQcKW3AHODtYqQ2cjy+P8AAOpiaOIqRdXENwjFJOU3K60dk7c0r6uz7nXTqzilGn7tNJOVk1ZLlenRbNXd/JNnn0uneIdSluZGiK2TXP2c3MpZYIgWG4l884Hp8vt2r1HRvie3g3RJ/C3he1S4mAInvJIQ0ryOpEjRSFSVQHOCCCVO0HnNeS6344vdYvYbFQum6ZIfksoG2pGyZAkY4A3FAWOfvdmwDWtp0lpawTC3ulmllwpkOGduOFDHLAgfewTz045r5LE5ZiKmHofW6LdOKUlRSbjeKVueSfv8ujs9E9rtaezluNlSnFUpRUnGzlJrmafZ3u7aXurehBf+I9Xulke4QQrLkuIkZV3HBYgLgYbuQOCMgYHHTaDLJ9i86SUjcQqqwIyAOQSeeCQBnGSRgjLVk6i1qlkPtLhMhXTb94nA3LjggYyGHbBx61oWl6j2caxgKojTyxwWwABxycsTncffAGMEfTZFJpx09nGmlFc0Wk0uVJWb03230ttqvuMonN1o8/vOyd3ez1WrW3V/dbrrufagbhdoYtucnBYhgCACp7EDAJIAOee4G/FqlzApEUxjaQbdiFlJUEDOcjB6cnn0NcqJC4RVXyn24wxwxJH3+Oo4OemQBWisDIEkaX5o1DOGwSTwSFyc4X1zgdDnGT7+IhGok5RvF2v7ra1UVa13fW26Vtd+v3uHqOMU4tRktU00rOyt3euvlf006e48W67BbS276nftG2AsRvZxGAOMgBscLkqMY6A+osDxd4017RY9Bm8R61NoYlEn9j3F9cyWKn/noYXdo9wz1HPJ9a5FVNxIjSMFhL/M7EEbeTx39+BwMmux029tIwljAuI1CiWRlVJJPVY8nJOR64GR0rwMZRwWGanTw9GVS6u4wjzJprVWi3pa6u7dTqni61Wm41Ks+W1neWj20b9O+mrsr6mbbeIPEXwp1nSfGvgjxDeaD4o0qbzbHVLWeRXt5s7mBVSN8Y7qTghiCMV4Z8dPjP8AEH41eLl8UfETxRdeKdck8u1W5vbh3ghSMfLb2sDErCnJYgAFgSeeTXq/xEu7VbJ4IlVPKAkwwG5hnIUNksM87cnLA4PGcfJd64n1S8u5LTBgbdbhhiE7f4iPlHLDgY+gPJr0cqwdLE1I4ypCLrQ5VFuL5ktLpO17ON7v0srHxedYxxvQpttSavZtPWy3Sd1rreN33ucVqWlazBPcTwStarOXOYZSpbC/MuFI2jaefu/gAM8Vbk2F2823z7gMQBOWcoM/MW3EkEk5DZz6HAAP1J4U+Hfjr4pXFvo/gfwhrXifWrpxGlvodlcXkPmynYrPPHE0cPZSznaO55zX6k/s4/8ABB/9o74qz22vfE25svhX4bvfKlubW+AuvEEkTHcxigjDRqdhICsyEEcjBGfqYVaMV+8irr3VGKU57p7L0ey6X8j5yGT4vEuMqdJ8ru/aT21s73aVknrtulc/Ei31qLWILSyvdMjmS2diPKDRy3O4gBQBhmbOAM9eAD8xr9Tf2er7/goH8XPh1pHwJ+BnhrxJofw4tZw0TaJpU+is63LbZ57zW3S3acPG2JGRySmACAa/o1+Dn/BKP9hH9luwttc8dLpHi/XtNiV5tU8aXcLRSPFhiyaO8jJncNxwnTIyeQPa/E37cnwP+FenN4b+Dngy11T7KDFbDRbGHTdFgKAooVo40Z1JAyQG+UA4POOOvw/iuI/ZYehlf1inCoqkHVoqrCE0lyzjTkuXmjfRyvZttI+iy/D0cp5p4jHOlJrlnGEuRW933edau9rNJau6R+VX7Pn/AAQYvLy+tvFv7Q/jc27XTC+1Dw/pJM873Ev72dL7ULjMiu53CSdWySfUFj+p/hb4TfsDfsX6fE+jeHPCDeILONRHNNFBr/iOadFOVSZllaGQsM7TjDcZGM18S/En9rr44/ElpoX11/DOjTZA03Q2aKVVIOI5LuPZISFIAYkggEndXzNJaXWoXL3kk9zLqMhLm8vJTcSSufm/etIXJJYEkcZ596+7yTwexFaVOea1VSguW1NJSkrKL0ivchporJmGL4uwGCTWDpqrO7952jFv3Vdv45atXvLX8D9FfiV/wUV8U62ZtJ+EXhNNCtQGih1rVwFnRV+VJLeyULCBtHyhgOgHtXw74r8S/Eb4lXUl54+8Yatrr3DlvsjXEsOnxMxGRHbKxjCg8Hj1OOcjB0mSG4dra/Q298mQJAmIZzuIUqPuggdhnkEYGRXWgSWgXzh5kBwFYAZHIJzjjsOdvBr9myPgnJMnj+5wsalSCj+8qpTqrRWleSXLFXvola7XdHwuZ8T5hjJNTrOnTldKnTcoxS0stGm20t9ebbV2Tz9I8P6fpqhFt0WQDadoGME5BYty3r1J5HPU100mmWcqsHtYXjZSskMqKUK4wQx5JByT1PII7ZGXd6hYW9v9snvLazigBkae6lSFQiE5yzkDgc4JO4ADjpXzJ8Rf2yfhP4Kju7ey1Q+KdatsxLpeggXEjTZIClo9ylAxAODuJyMA4NfXRo8sVGEeWNlZRVr2tt83f+6lY+dlVnN+87t7Nybetl6eu3n5+06xoB0pZL3QV8oxh5rqyc/6NJEPmfZvOyMkLkZPGRg8AnjtU+Nnw28GaINY8SeKdK0iMKyyWJuo5btHibDxCGJ2kUlgQCw57jGK/PjxD8Qf2sP2i5JrDwtp138P/Bt1IRbXexrWWW1kbG6W5IScMU3AoOQ3pk1u+Dv2KfDmhvca58VfE914mmaNJrpZ7xorKORQGZjLM4Z0JzvwgyDggnOOvD4SvJK0Eoqyc5NK6fLq9e11om77mNSvCCTlNSmraKzfTSV7+Xfs0z1PW/26brxFdSaJ8EfAWreLL6RjFFrF5BKlgjMdiyqVTDKoGfnb6/eFYC/Bv4+fGqVtQ+MfxBu9A0S4HmDwzormBVVySIZVhK7l2nG8kkk88kmuxl+LPwb+EtjDpXg7SrKeeOIRJBocEbO7KAo8+4xubPBZuT1PIGa8M8X/ALRXxI8QSSxaWY/DOlFtgkkObgxHggM2GLAdAMnI56YO1WWAwdpYnEQlKLT5IPR7N7tNuz5dN9urHD61iZKNCjJX+1JWau463a21tdJ6dXufROj/AAn+AfwW04ySxaPLeWuJ5bnUnju76WYDcWVHLvuB2nOep59uN8R/tV6XGt3ZeBtAmv7mJDHDM6eTZoqgqGA2qBs6DGMD7uK+O557rVL17+8uLzWrhwZJL3VLkwWatyx+aZwMAZ5GRye1eYeKfid4L8NJJb6jrn269Qsy6L4cAA3ZICT3SY4YgA4OCD9TXi4niqnBOGDpcujV7bpctnfov8kehQyOd/aYurFX1knK99mtLtv/AIOy0R7t4k+LnxA8XAw654jk0+J3bGmaVueUqeBG4gOSCOjMQc/ezznza71LT9GhfU9WvrDSoAQ0lzrVws2oSLu5MdoWYhicEFhz+NfKGqfHvxHqDy2XhzT7bw1bSFkSaONbnVZ0Ofma4cEo2BlmBUL1yMivLZ5dU13UXurqbUdevc7RaL5uo3MkpJwZQMxoMnO1XyBwQMV4E8XmWYzXNOdm1onK19N1e2/Rt3tvpY76bwOCS9lThOcbWbWjaSu7WV3tu23d73Vvp/xP8edAszMvhexu9dlKMv8AamquYdPhcLgvBbZCMgPKKeowPXPgV98Q/FXieW4F9dyT20pYJGjNDZwqRgpBCvys2duAgPXPQ16D4M/Zy+IvjYx3epWKaHpkmGi/tAmFkXg8WqDDbQSQGXkj5skV9UeH/wBnfwx4FsIr27tJ/EF8ignUdRj+y6ZZkEF2S3k+VlRhkZxn5SDnArswuS16k4Or7idpc05N6XW17atdN9t1c46+Y160Zcr5YrpFWXTTsr63b1Pjz4VfB74l/GnXrXwd4H0a9utZ1G4MFrbiEiV1DASSKGUMEUbW3sMkd+SB9N/Ez9ijxH+z1daXovxi064j1nVLJtTskud0NlLFtDFVZsO0sZJBx1PtXuX7OX7Svw7/AGav2i/D/jW8uLXUbCxaWHVU08I7JExBCwKAQioy7TtyCMcndx6N/wAFMv8AgoD4P/bK1jwfP4H8L3Gnw+Dre9tFuHJe61H7UiqoRY1yiAY+/wCueMkV+/cPZFwjlORUs2xMMNjKzw9Z15V68HKnXTiqcKeGTu7q7lJqV091oj8dzXN+I63EUcsowqwwfPStVpUp8rpyV5ylWbaTi7Lk0ur3fQ80/Zo+MfwP+C2j6gvi1dMtZp1mkEkEMcl44gJ8uCN1VniBOAdv3s89M1xfx1/4KJa54ojOhfBfw1JpUYaS0h1m4ikur6YElFFtbxqzgsOVbA5Ga/LK6ttWfUbiK/gktrsXYaKO7ZtsdvJIHkYK4GGEfIOCclTk9/068C/tPfs4fB7wXo2nfDz4SWHibx2mlI2reJPE8EdxFFrBjAlmtzKHCxrJny1UdlHcV+VZzxxil7ahglTweHblGDowSbinZWasoaKyt5Wep9zgcmw1acauKqSnUio/Hrro9n106t7rTv8AJWnfs8/tG/G4S+LPGLanpmiSztNP4g8Z3L6dp8MTAs0tva3DK7INzEKgIIHB/u9Rpnw4+CfwsuLm11G6b4neKbcYBj2weHLedOjKVw86q+NwK7SBgg7t1P8AiR+0n8Qfiks03inXpf7OMzC10TTXNnptnG7fLGsMGxWCjHUH1yeMeHWGrSXdyrzKFiB52j7yK3BJOG6Y4zk8Hqwr8mxmZ4nEzqSlUlJylrOcrzbb87K+ysrWve59TTo4Wg6aoxbaS1+zoobLRWVtUld30b0PV/Gfj7xPqumPptrdQaFovBj0jQIU022aJV/1UxgCmYgcbmOWOM9Sa+XJ1drmdnd4wZBkl2LtzgFnJLHccc5OTgEHnP09pnhHxD4tkWz8P6RcXzyqFW5EWIYsjJyxXbhVOG69ARgfMPfvAX7HkVzcR3Pja7e5kZVf+y9PUtHhwDsllGUQggfLuyATyM1w4THUqTftWnN3Wi5pN6O2nfTrvpdNJP01gMXiXF0o8sbK87Wjqo3fTVLRuzV2+tmfCem2mtapLBZ6DptzfTyBYQ8EDySEHAwGRcccZ5G3rgDNfWPgP9kbxr4haz1LxZdNoGnSKrvb486/ZDhiY0IJRj3O3PJ47j7x0vw/8LPhJpwt3j0XSpkXCWltHFdau2wDGSuXQsMZJIIJG7gkjzHxv+0HPYQqvheGDSLeVjGl/ebbi9mQAq3lxNny+AxyVGOMDFenQpZrmMpQw+HdCk7KNep7t17qbu9N+17Le1kOrQy/L1CWJrqtUVv3VNqTVrNr+Xq72s+50fhb4R/D34S2kmsCy00z2UbSnUdZdHvJJEXgxW3Mis4GQAowSRk4553Wfj/pV+k9tpViyuCVGpXwYIqHCt9mgYbAMcqcKCMcjJFfLvij4m3Go3lxfG9uL2V4Q0t1qUh8lZGxvMcRbYEzwoAGAOw6aHwp+F/xm/aD8Sw6L8J/h14g8Y6ncMLcXVjY3CaNbbyB5z3jxi1RV4ZgZCwxlQc/L6EeF8rwjjis2rxxFSNpP2s1yJ3j3actV1XbR6Wy/wBYcbP/AGfKaXsIP3VyQ9+Sdlv0bV7vrfe10sTxR4iu9V1nU722u3lgEQQG6IWNHz8zKhIUZxkMcf3jx93rPBPh/wAY/ErUNK8K+AfC2veOvEEypFHa6DY3N3AszsFQXNxEhjjTJGTK6quMnaBz+0PwC/4Iq6d4esrXxl+2T8TLLRrSSRL6XwB4duR9snQHc1ne3Css0cjfdPkhh94Bq/Vjwd4i+C3wG0ePwl+zP8LdB8I2kEAt5PE0+nwPqt1tQJ5sl46CeZm5YlnBz6CtpcRUYN4bJcC60rciqKPLRp7Le12u/L23bunnTybF137fM6/s4ycZuMptzauna1t0t+qem235H/AT/gjv8RNcsbPxh+0/40tPhN4ZYR3L+FLSSGfxJdW/yyGF1DMsLSIdhK4YZyTxz+q/w28Bfs9fs56fHpXwA+G2lW+pwoYrjx74jto9Q1m4kUgG5gluEaWI5BfCtgEg88GsjWPE+t+J717zXL+91e+Z2ffPO/2aIklsRxn5ApPQIQMDOAK5q7vHdgtze+TsJXZG3QKOQcE4PTPU4HJzklUMmzPNZxrZlXnKMnf2FNuEErx0a5ne1vtX32Vjonisvy6HLhqScor45WcpWUVs9F3te1016ega14wvNdvWuNU1K51e+LFirykQRkk/6uPG3aOCMA5Cjg9sMz3GoMUclFwAibQoUgAcndzwMDqMdga4K+Wy1BPKMl3btFwt1bNsfIyRuxyRkZ7AE475rnG1vxV4fBg1LfqGjytiDVrdCZ7SMcL9qQfNgDGGHK88rnJ+swuQYfCwjanFXWiUUm7crvdrrfeyWj0ep4VbO6tWTSfSzXwp7LsuitZJK60R7nDZ6Zaxr9rkVmwG8pAACCepboQfmGMnLAnBOd1xNWsIysdtDGg4BYIN5I7DoPfg+przfRoLjUIYruTUFuLSUBjJE4kDBhkBjuJBUDGwAj3B4PaS6loGhW5ubu5t7dIVDyPdFFACqeQZDgEkcknjPOQRj0Pq0KS5Yx0smkrJXslre6Wuzad3s9r+dPE1KurlvZaaJfD2221v+rRe1Xwb4d8Y2zJrOkQyylf3d0irHd2787XjkUBwynkEEjAAJxkHzG9XxL8I5lmmu38UeDHH7wyyIdQ0ONTw0zO/76JQV+YksAMEcHd4N8Uf20PDHh2a50Pwk0uvau5aGO30dRcMJMlQrSJlYxkDJ3YXk8kGvku/8TfF74o6nHJ4x8WT+E/DF2wH9i2bs95cQSE74rvaSAJFBBA6ZABDHNcs5NVHGKbmla266O6fRK1rryXZHTSg3TU52jFtau93qraK271ul2b1Z9a/Er9svwfoLyaV4Qt7nxXrsgK29npYaYCaTgLK0akLg8OckABs8V8xahpHx/8AjvM1x4116fwL4TmBaPw/pbFL64gYk+VNMjbkLDAKsckE/wAPXoNA8JeF/hXfW9/pOlQXugak0ZutXuUWfULC6Y8yySuC6wSM2WBOE4xxur3mPxDZxxSSQyB02lo5lYMsiHlSMn6YPdsk+lddDC86hOXvNOKlBa7PzbutXZvs1d7iq1vZJezXLGVmpXu9LPS+1rXtb7rJnnfw/wDgz8O/h2JU0vSbZtT2+ZPql+q3N/LIOS3mzbmDEhmYKeeMbh97qdd1KyNvNavtlikRo3icAoUYYJQZGO+w9MnrgGsXxD4ljmVZoiv2kbiXBA38EfdBIJ6hcDHHTNeaX2ur5byTTKGILHzCNuTnseNoyQQcjPOPT0ZxUKa5YpaWetnZpSu9Lt6201006o4lOdSV27vbV62dr3bbVtNHutV67A+IN14Zmj0O4nJ064BXSriVuIG5/wBFZ8g8nhCc4yACSDXC+JPHnmSzG4uGyrnCl+CCpPrkDHQ55HPevGvif4z0+60+WztWN5f2kiz2xhywjljbcBuXIGSBnJ4APY14ne+JtQ1Uwm8lm+03CoiaZZkSXcshG0LhPmXnJPQ4OMVnLHUsLTm5OKsk+a6tZd797LW3d6MlUZ15xjGLldx0Wtn7rW3V35r/AJ2PYte+IS4kW03TSlXwsbEqCM4LtyqKM4xnHGSK8U1S51bxbeW+nWtvea5eSTqy2OnhpBFIz7U82ZdyRLuwCxKjoc9QfQPDfw1n1CP7d411YeGNEOGXR7d0k1i+jBDhJiDugDgtls5GT0IAPY6p8RPC/gbT20rwZptto8CoUe6jCS6lc7VGWmucGXMh5K5BHJJHBr8y4j8RsPg3PD0JOvV6Rg/dT93dp99dFfdW7/aZTwnXxMY1qqdOm+VtyVnZOGyd31dr9V00OJn8DL4dsxfeP9Xj0x5EDQ+GNMZJLtiB8i3s6klN+V3gHPTsMVxHiz4v2fhiyi0nw/YW+nRSkqrWihruYPnIeUDdIzZG4twpPUcgeV+OviLqeu3xh0+CW+vp5GLhC8jQrzjL5KAnOWJZV6jmvnnxUniUziO2mmn1eQESHdmHT1JCkbs7QwyS3UqR26j8uxHEGZZrKUq9ecIbqmm4pJcvxdk1fV3+ex9fSyWlhVFUKMZX3nKN+kdUne3e11Z7q92eseJfihb6fC99q2qrA2GeK0Ledds5G7bJk7gwJyAOg9hivnfX/it4q8VMbXRIru2tpGKif52uZwcj1YRIQcZTjGCpGTWZP4Yt7P8A03xNqIup3yZN8pleRycFETLKqjBweDnjncamOux2dulvolotshBAnZAZWB4yBjJz2HBJOPugCvMlVpJKXxySbcpaRvpdq+rttfuuh6VPByikmkpNLezk17vm7JOz0vbazdrrpfg6NCNT8Yax5ETfvGsxJvuJWyWJfB3bm/iJOcHJBU5rqZvHSaXC2m+ENNgsbYJ5bahKg89x0L8gMSQfkBII+lcRHpeqarKstw9zJK7ApES0sjkscBU5A+YjpgEEdAa+pfhP+yf8QfiZc2066dPo+kMyNNfX6NEWjVhuKK4BBEe4gEAcAhhjn5zOeKMuymnKtjMXThCKvyynyq/8qjdOTk3o9X8me3l3D+Nx01DD4ec2+WzUW0tUrybXZrW+iXpb5Ou49W1i+Ewe61C6kcIhIknIZj91EA3YJPQLg5x/Fg+oW/wK+JH/AAimseLrrSL3S9F06xFxdXN7G0TzLwwMUUiggHPHAIJz6EfuB8IP2RPh18PoILiTS7fW9ZRVaW/1GJJIo5FG4lEcFVI5Chck8tnNWf2tLfTNI/Z++ITxLbQypo4VF2rEhAdQiRooVWbgDCjIHzcZJP5HLxcnmeeYLK8qwsp0a2Kp0Z4id7uMpwi3GPpu29rJR2Pul4dxwWWYjHZhWUakKM6qpp63jDm5ZS33S0S961nrofiZo2t6dp/w/sIzdRRSzzStNK+1ZtqqVO5c7sk8dD1weua8J1XxhpsV0YbC3S8l3v5bhAd7luJHPJx1Iz2wTwDXG2+n+IPEF1ALY3l6lwFht9MtA7vu3BRkAbULZwxbBxyTt5r6I0H4I2vh2xi1/wAezWumWwxImmmcG8diC4WY53YXocDHGSNxzX7lgsow2HlUxFWc6tWtJS9nFu95NOySbbTvonb1uflFfHVq0VRpQUIUkoOcuy5Ve9rdE7J311TbTPI9I0PxN4uvyJDJFaZUyvHGwiVFOTEpGPMJwAc578gmvX7jw7pvh6x87VZbfTkEZCyzEG5cKM/dJJG48BcAccZ4rl/EPxkt7GY6N4M05IYIG8uOZY8KwBCiQ8BnY9t3U44O3JztJ8E+KfHU7at4guLmeM4eKCUskEeTkKFJBzg8DkAdeMY9eGDqXTnbD0na0FbnlFvVva3W73uk7W28meKhF8sb16qesmvdW17Wd9PLfW+rOXHjy60rXZLrwxp7SE7kW8nDbXVsqxQHBHGAo4GSAMZJr3vwBovxG+LF/Z2er6kNJ0NZRJLPcsY1aIHLhUJBkDZKgHHUZbHCsh8FeGPC1kl1qbJPeIAUh4wMZIURgkbiSBk9AOWxXP6x8adK8LGKTzWY2yjytNt2AOFzsSXYQMtxuyfu8HuK9OGB9uuTD0FKolaNacVKS2vZtWWm3rs9DkeMdGXNiKrjFyTdOMraNr3Wlr/Strv93aPp/wAOvhRFNdaZa2+qatYRu1zrOpmMQx7FB8xFkOxEU5IEeckEcLjH51ftD/tgX/iXUb7RND1Wa6WKR4RPbO0VsqK5Bit0iwrDqN5BIAxk4IryvxH4/wDiV8Z9WurTTTd2ulTAqILVpUtY4hwqzSJjeQM/uwSSTj5jnGz4T/Z50fwtEut+NbuGJTl1F058xmJLApC4zknpkAd9pJIr28o4XjCqqmIft6rbaUnzKO2v3fJX0slp5+OzmtiE6WEXsKTVufZtJLVN210tvZ6W1Wvm/hPUPi544tm0aPWtV0nw3cO0l1HFLOn2kOfmWUqWaQnJyGz3Jzg5+j/C3gnw94Hs4g07XOpyqGleOPzZ17s56lCN2Sdwbk54znWTUbOSzXTvCNvFp2mxEifUJVCyyqq8tF0HPYfKRjIHesTVdTFjYS/YXc5UrcXsrbppmZdrbM5IDEYAHGMj0z9zh8mV17ihG0W1GK5rLk3e2lu9vv18N4+nhUpTqOrUs1eTcrXafup3stb9Pm9T1Dwb44j1zUho1raRW0GisypcMA1zcs+Qd7BclRyQvGCeMYGfoI3Nza2MkZkLiSLcQArAblyBnnGTg4JyuT2Ar4o+Bnlrr2rTTyGRpRuAJLbMtlsnAGeuRuBGT0r7NW5jkhVmwURVDZYYwo4ygxyeCcZB5zznH6Pw/h6dKjSioJR5knypLRNJ35t0lbXVtWet9fn8zxftozqt35lo1raySs01btrfZLqtKfhPxBNZ64yGVYluLeSJkIIDg5AHqDyeBgA8HjmrV5rHhrw94o0nUfEkTSaH/aFtcazFCVMtzYwyq0sCKM8yKCCOQM8gkkDnSls/iGJ4ihRE388LkjI2kdT7Zz64JK14h8cvEEtlbWLo5YtK6AdC205GCR27n5hnIxgYr6nG4+GU0ljowhUeGcKipy+CXK4vlnsrX0aVm4t9z8xzPATz+tPI3i62E/tKlUwv1nDy5a9BVIKEqlKT+GpFP3XZqMknvt+jPx4/4KeeL9X8Gr8MvglZ2vwm+GtrbRafs0aIWusarGsQjeae4jRJEMqjc+1izHORlmz+MvjD4lza1eXV3d3l1eyec7yzXcsk01zK5IeaaSQsztnLAsTnJz3rK1DVby+jEs0+6KUIphQglT2weMdQRjH1Fc3faXYxMA0wRWj3yZ2tyQM57h84A7AeoyR+bcT+I3EHEk/Z4jFOhhE2oYTDN06EE7WXJBqLS1iuZXa6pH03h14B8CeGuDnLJMrp1cxry9ri84x/+15ljKsrSlUrYqtzVJOUpN2vGO3u9HQXx2LCUTW8JkcjLtLnOWyDt6gA9QCe2SQuM1rz4nareMiQiK1SJgTtYBmbgZcrk8n7xYHt3GK4PVni+0OsGWiG5VIwobBAJA/E4bJI5HqWyo4B5i7ELZwTnluoA9sA7cg9QcHjivhp06NSUalROUrpuTu7u663badrqy1b1ae36VUzPE4ODpwqqFONk1BKOullbTyvumvRo6/UvEllevNcXlpHNqAIAmALZyCC3Py8g8lgMZ9jjz2d4p7sMyEBpHzEMDgbiMEYyeOn90gcDp1smkp9leUs8Tq2TlCN7AkkbsDccDhf8RWDFpjG6hkERKyMcKBuODkYyAMEHIwQAenqa0peySkoySSs7PdO6d0r3ta612115T5nFcQU685qdampR1m/d1sk7trVK+t3+OhJD9pO5IHkjTByRKV25AyuFJDHgg8E9AfmNNCOocyFyMcHcSPm27SASTuz1AySDgda+pLD9mnx0/guy8W3dtZ2mmarcwx2ERuEF/KswDGZoN+5U2ksWYYAz3zjzfxF8MdU0bV7jTJ4pG+yxI73EZVozvChZBg52gsvKEZJOATjG8PYO8k4O0tWtNVa6bbbvu76662bTPnMNxblePxVXBYTHwxFeheM6dOT91p2aVtJWd+q116nlypiNUIbcygcjJODnJJ6ZHcHkgdM1ntbXW9lUkhmIyF3Ar6njB4yN33vvehx30fhS9t5pfNYloAJAGDBQpHUg4JG3aQTyMe5NR2Vu1zemKNlRlkVIwEGHkZgu3+HjPXn3GFFawV4ylGSlG2ivdXsrpO21t7vV6PVtnsfW4p2cmtLu909N+1+my3e50Hgz4dWmtQG+1gLLaAYELuYyC2TnGRnB4wccc9q6S4+D2g7Gkjhgt7eRZEikZwzg4IVh15yRgY5xy2MV3+neHfFVl4Wv9ej8LarNoOmzLaX3iIWM6aNa3MqHy4nuwghLk4ypYkE5HSvMbzxTfKUlnkja3jbPlpjaTgj5cADPuMhsnj08nFSx1OqpWlCErSimuVcqa2uvh3d9Xf8ePD5rh8Q6jw1SnVjSqOFX2dSM/Zzio3hU5b8kkmrxvdN6po4a++DEjkmzv0nJZk8thggknacg/dyf5c9617T9na9SC2u9Q1mGGMSoJogVLiNipwqrkkgEAse3VjhDXoGjeK7a4yzxeYwTDgfuyobgYGRjA5OBwQpyMEGtc69qNnPNiGWa0unIDSSlnVMfdhxuOQOQVPBGMgmuZ47HOPJFqDutd3d29OvXVL89ZY2pJe61sm9G97aPR319Xo3bquotf2fPCH2OR11qLdNGkdururTFwoydoO0AnJxnJPbHFclJ+ylqIvF1bTdcieK0uLebY+1GO1xIVUZ+ZgF5HHHIJwBWjpnjURxvHb2M5ks5AVMwLKMkDG7rkcHpnIOemK9V0v4hC8EbXzC2QbPKjiYqjTDgK+0Z+bbjoRk+vJzjjcxpS9o6ikkrrRSV1bS9rJ3ulv5vY55YnEJNx1W7er5ddVd6X0srJq3zOgnS48P3emGeXesUMMMrqPuOiIrLkA/OQOGIxjjB6HvbjxBbW1vb6hNKYlt8kF8HcFG7cMngcj73bjLAsFit9U0bU5Y5dRs4/JeNHTY6MsTKMtLIrFQWPG7OQQVyM/e4fWNU0HUl1OyTUIraNRLFBE65STK7UWMnqAcEheBn+7ivpMHxP8Au1TrQamnZyt25dU3bTbZrZ2scM8TV50lFqy1ey0tte2yS2vp2td8Z8ePihouqeB7nR7K6W4vb6SJk44RInBbA5HOSMZ4wfSvlDwRaPrF61uJBHI0aN5m0NkKRhUBz25VupIwT93HsGsfB3XPEEAupbu1jgiL+XKj4McBLZfyxjJbAwSOTgZzk0vh74e2PhhIruG7nn1CJnV5cAxBUyRgFuowGAblsggdcceZ5xSxSu53aiopLR7R0fMrJp3d23s/M9GnjIU6fxOU3rZJrqnZqWqtffm6X6pPzfxFo9/Akrm2ka3s5fLll2bPfzG4xtwMYPU57ZB8rudzTuzndGwKhyAVOOAGxk45HPHAB6Zr691q2V7T+zLe88576VJ55JIQ6FOAVdccKNxyw/LivHfEXwe1Vri5utP1S2nhnw0dvGxUlmAGE6g4A4BIzkccVwYWpGcY6pPS226tro762131to3dm0MfT2qT5W0nzbb6JWUrp2Svdt6rvp5H/wAIodRi89fLDNnIbAQnqMFcAkeh788gcz2+k6ZpVoyzRr9oKFJJQVIGMZKnI4C4IAHBB46ivWtI8JXNppMlnehkuLZG2xIjNLK4LEqWx8oIGeDt29SBiqGl+Czq804nhYwCaISJI21pVLkPHEcgbyAQQCDjt2H0+Q5fPMsfQwsXdVakIp6NJNx3Sba5V0vqmno2ceZ5tQwWDr4nnjy0aU6mjSTaimkl6rTRdLWtr0GqfsqfETSvhBafHTU9Pg0rwBqUgi0W8uJ0F5q8rMFdre2DbzGpLLuMYHGQSSDXzrZWAF04S2E5aVFKEBiwLAkJnGAc7T1IwecV+uvxC8PfYPg18PLHxkvimDQrcCHwtpFzPN/YkEEigSXMkRYgnJDKApLYBryHwZ+zf4b8X+ITB8PtY/4SS4/s6fUNTXy4rddOeJTK8MPmlRJtxjAJbrxk4r+g828OKeDxWBw2W0Y+0WFo1KkalSMqlWrKEZSkqckmk+kN1a77n878LeL8cZg83x2d4xewWa4yhhatLDyp4bC4anWVGnSnU5589SEot1avupN7Kx4RpPwj8I+LdFle2shZaolsoLNJsdZRGPvIzAlmYDO0E88c8V85+PPhR4l8KATtbz3FmTkSoDmPYcDcV5APJOcZABwR0+5r3wNf6XYzaolxf2P2C9ltZZ1tZApaB2QBynyYJTG7BUjPPc8nqeoavqmmqdStxd6fK5tVyoR5SRtEnluAxXkYJU7uGGc8/P5zk2Uzwc6ONwf1PHU7RjiIxUY6fz7N6Wt99z7LIuKcZXx8a+BzGnjsvqw5vYOqpztPllenq5pX8mtLJ3uj87nl+zymOZTuRGG1uhJ7gn3OScH0z1xnPO3msT8g+XbgZXB/hzkZOeMAjGMZLcj7Q1T4Dahqsct9Y6Wt2kxxH9mIeS2yQT5oU7sckZbhW9TiuIvv2YPHDPALaOOI3PzwxXDKmVQchWBwxXP3d2RnABI4/HcxwlPA1pU4V6NSG6cZJO72u7qz2V7apPufr+Czali6ac1KnOyTjK8XfRavTS7su/a+3zrbTMs8RJYKJI8YySMHdnAPGOTjuMH0Nfp/+z946uNe0Sw0K9hj1jRY0aCe3vlUwwuV2IwyCV4JJOQRgknB4+Lr34C+PtGR2uNMnYQlvMmSJngwuc4lAKk4ODjJJ5+nonw/tvEXgnTLhC1xBJcFpWR1kij8pDgv8yhvmJJVsY4yCTzXwnFmBhj8C4rlVWM06M1ZzhJ8t5Rkm2t9LPWyR9BgMWqcm4z5o681leLSUVZ7b3fS1mr2sfVvxA/ZJ+H+pXBvDq6eHZ7pZbqQRyRy2sjSrviWMg7lbn7uAANwJ6ivjf4rfst+IfAGm6ZrWlajD4p0jVjNi508iRrZo2OIpUUlyxHBwADjj1PrkPjLV5rNhPqFxeiWVv3dxO7mALnHlgk/dzghSM85yMV6l8N/EM1xbStqc0V5ZWRdrexuXykcj8+bGj5UsMZOQT2Pavi8HjeIclpRq1sc8dSptL2E4pOVOyXLCrbn5krXunt0dr9tatgcRJJUPZya+JO/vXjfTVOOl7W0vsz8xbzw/qunKrX1jc2mCQ3nxvFknH3VcIwJH3SRt54IzVBYSGJjUkbSeXwwLDnOSCOgJzzwCODmv178VTeAfGmnS2+qeG9PbUZYUia9WJY1RY/lDcIAJffaQ2RgkZz82+O/gJ4dutO+3+FWFpLbW5MkLEMtxKDkqCThSc4wR3BIABFfTZbxrh8SoQxuGrYOo5ct5WnBWs7+0jrZ3e6dm9Vocjpx3jPmtbW2ySV3qm20nfXvq9El8UweegKxknoAACXLP/FtHGc8fL6joK2IdK1C5aMx2N1K24ImIm3MxAwWAUHsPYk54NfQHgD4RX1lcnVNdgszbplEtnIZwQfldlGc84BGMjBLe/0Pa+F7WyWK8WGzR4uUVYkwwYELlVAOQoGCBwDjJG0HXM+LMNhJ+zoQVZpfFBrkUna0brVq3Z672b1VKHOrXaUUrKzslZWbejtfVbu+ietjyf4NfCya0nj1vViEuIvmgQsBJGzcKRkgqcHBViDng9QD9P6n8O9H8TW8xe1gaRoFje6mXfJFID8zIWBzkkjbyBjqcZrnNEsrma6SOILbQBi8rkEb2znAPGCFGB2B6dwfZjfW9nYLFE6F2AcKAWYsCdw45+Zt3GABxnjp+T55nOYVswp4qnVSrOVoRp3UaUPddm+rfXfZ3eg/ZpQUeZ3Ts31T91tbN67WS0Wie6XlXh3w5qngoNY3L+boqbnimVMNGccbmbpgbeRyQc44xWh4h8W6WtiXgkWWYpsSMYBY9N7MPmbb94jHOM/eC11d34keW1nt76OCcSLgI6AAIAQDg55AJIOcg9D6/OnirS57a9m1CzuPMtWBYRRxgtHuzgBc5VVIGScE4ON24448LhHmmKVbGrkrSavKKbjNq1m7u1+ay2u036HLOCSum7vR/ndarRfjd2d7mTrHiF9jsivBECGkkDn5s7gVOcHhieD39MA15pD4kB1NreW4LxM7OxH3yG+6uTkZbOAevG44xxHrN/c3EUyHcxUgbFLbtpLHO0ccAZbrngEc5rlLazmuJo5o4iqxSJ5rSNtBIx1PII64PODgkHbiv0nA5XQpYd83vNxdm/RLW/8Adst9bb3ZzyUbSu7P0d7tK1+i9Oitroe6N4tI8i2jVDFFEiy+WNrLHkMqkjADbf8AaPPI5xu7DwX4xli1VorOySVbhxCZfKDvEjcs6FhwVA3HJPOTySK8ai0i7HlETrIt0AzDcoTAXHlAg44z0PY9RkV7/wCDtMtfDdnBd7CbtwJZZCA0aAjAjUnIDZIHHOc4zk48DNqGCw2Hny03OpUvGMU2m5tr3pOzdk2rp72t6eFXcYQtytya02tf3Undra/TduytYTxt4rk0m7WFb+cWqyB28xR+8nK5KqDkLhhgkYA4zzxVfwd8StTg1REvgZ7R5T5YiQHaGyc5K4yBgqOCTzkDFcF48uZ9Y1FBNasLcPIwY7QIcOSc4BAJC9OpGRjrXSeG9V8OQW1ruBZ4SiYRMmWTGSMkcKDycjBGc5OM+VUwdL+zKcfYSqTnHVQk21eMd7P7k3Za72OWrH/Z4pU3KVrRS1ld8q2b7277aeX07faj/wAJBam+ECWjwQAxmXaizqQMMVOFLZwCW64z34+YdW11p/EkkepAx2sDujNFgABCSc4AUFiMggE9jyTn12z8beH54EtL+VlywjQA9FwQFUEAFV67ucgAnB5p+veHPh9Dpa6rDevcXVy3mBN6y+ZKyklJYxllIbjAUEcHgDI+cyqc8vq1KOJw1aSrScaceRyUVLlV7pNb7a3V90edg80q4Sq6VSFRwk+TmVrXurNpX6WTa1Xd3TPOLzxTp93btYyLm2jtmEMp5LDGAChPLkEkN1BOQeBXzrrUlrLeTiK28tCNhK4AYE8Fm42sD1x83phgTXpN0ImnuGMBDRyyJCqHcAmeDsxlgwHQjPQYBHzef61Y3A3XEMB8mNvnzlD1GQV4IPXOOo7jFfqnDVCnh5t07r2iUmrapy5Xo4pu2ul9NNXfb6aNZVYKSlZuN9227qNrKzel1q7XWjt14O9OZTBgxrtCRruO05+XJ6Hk556g+vJLdMjt9Pnc6haJeK8TrChJyJWBPm5wRtxg/NnkcAdA4HzrgtKAxjkKoF4wBkA54GAeW7jPrUUt1H53ksxMoyI3GAse7BYMcngY53H1BGCK/SaaultrbVPVL3bppvz33V1qtGZyk7WXfbXVadPVaaXut00VktoHlkjuV2CTe0bBiURScgAkcDOMDAPoTSLYP5RQ3CtbhvkiWQYMak5HuegySQBgnJ6al3p7tEWaVQjRBlMb7iWYhsEA8huCcK3JBrIlEqQhFCYQENMAcKrHkEtjrjnpjnrgYuV3K3NdWtbtts1rtqr7e9fsnBydru0mtHd+Ss9FdWW90tm7OwS29kVjjEYc7wHLNzgZJVSeMcDO4DnjqBUsdtYmCTfIVbeBFHkZGMcAA84wR6AZwOa56S4lU+VtXrtEhyvJABxgfOTwScn1OcHE9nZz3d5b26zB2cbckZVGDdcgYwCSdxyDxkYPCk7K7aWias7qy5dtLNXfXuvloq8aSlUlFJRXNJtpJWSW7b112aSturps0vs0fmuEiZueEBBKkAEMxHTPBwOT2688rcJIZy0bZKs27ccEKCRxyB7DPAxjBAFe7QeEIkspjLc26yJDmJi4DTT7B8428Y7FMHp2PFeQ31rNp8yW80CvK5ckjA3oWJDbckjAIxx6NgcmsIYinVk1Gak43TXZ3jdNW6uy6J62e9/Ky/iTBZlXr4fCyTdGTi076NcsbR26220er2uZKXU6lAzEgtzvUMyrhhk9iMkEclemPQ2xdHzAqfvWZgQzjHUYYcA5ABPJ4znGPmAgaVAzxFGZd2GXHKrjAXd1wMHqAQM5Jxx2Xh3QodWnjtCjRkqXLqwDKqZJAOR83OOSDkbeTmnWrwpxU5aRT7dLLbWy1Xe1vmfQ01KSgkm3pZNJ/wAqurrS7s99bu+u3tHwC+Hc3jq71Z1dLVtNiWcSXLxx25Zc8M7squd3KomeOAAa+kPiv4NtfBHgrwho+oTtL4hvZp7wmJRLGbaQny1t9u5Y1VG3EqepI4OBXyPo+s6n4TvbvStKuj9hYKZIQ5Vi/GGMi4JO7kgk45JA4rvLnxz4g8VtpdvrmpefPpaPDZ7nLmO02/JGCwzlBhTz/DjIIFfDYrA51jM9w2Op4yCyulUVX6tCNptezUHFyV4tNvma2tpdvU/Vsuzvh3BcL1cu+oT/ALZrxdOpi5SXKoynCWkFopJJRi+901dl7TQPkiDch9oJIyCGxnOCMEj/AHegb0PqWil4TGBldrqAxBIYdMnIyTyVbjqeRXk+iOquSxVi0jDI6feOMY75I78AcZ6V7BpWMwl5MLnceFI3dASPTPQg4xzgDlf0nCr3U73skrX72/4F3fRW1tq/i6NXlqd233917bW8tb6Kyirtn034Zt2uvCOpMCVcspCg4LcAfMDgg8DaDgHkZ4rkpLA7sH5toVnJx2AIxjPQ5HckgnrkHoPCdw0mhXyhto2ZkIBG5Qp2gBcnvz069Mc1lGfCtyACAF3AbhyQepO3oByxz17MB60NYWS2S0aVktNLaK+ib1Vm/M7nLmSW21kndW67763bWyfZbZjxLHLu3YUnbtGeuMde3ox4POB0Bq7p6GGXl8IRweXBBIxgZ/HHUHA4AALLnCuSQMkfdILdQScZ5AP45J7cVDBOFI3EghRngFeTkHHQAntnjnGOlcGIpuTau9ut7t6O3a2jWiv+IQlytW0ej6re3Trtq211su/XeGvGeq/DXx/4S+IeiOE1PwrrVlrFo7qrj/RJEllUqwIPnIpUAg7d3ygjkfdX/BSzXfDnxgT4PftL+GpYr0/Ejw5HD4ruYHVxZ6/ZhIDZTRpkRNGcjDKpwGIGAa/PbVrWS+sgYFzIoZvukDAHvjhsnkDPbqMVXiufE+oeArvwvHPe3Oj6VdpqyWAWWa2tJwdruMAxwbtxLAlQ3BJ5yfzHiDIKNTPMpz320aGIy6dSlUbslXw9eKi6cm3GzUrSjdfFfe+n02AzGUMBjcByOrHFQjODiuZwnCzb020una6e+90Qpb/bfC+1SrMkxbBwCDnJJbBIzuOOW5xwCRX33/wSl8dWfw6+N3j631OYJaav4ckd/lDBWjCjcEIIbjA6H+9xjj8/fDNx5+k39qxHnwSs+OOPmIIHYgkZ6dgQMdfRf2f/ABi3gH4+eGbt322euq2lXJLbVxdrsTOSMnzHUBSTggZCjmv0vh50p4zBRq2dKVWlGbulaM3FXWmju7eV03sfm/EKqPB4v2UX7VUZzjG2rcY3Sa6PmSWutne3U/p5+Kelfs7ftBfD+68HeO7K21m0u0meNfIEd/ayjlZLe5VDLA4YqcKVODjGQBX8wf7ZH/BP3xh8Gm1f4nfCy5u/F/gC0uJnn0yKGSTV9GsyWwZYowTLDGu396AW+XOeDX7JeILL4neDtPbXvBFnNqJgXz5luostKJSZCsasNrKqkk9R3zg1ieB/2gtV8YQ654X13TbH+0Z1eC+sbiJGtJ4m/dzRTRsCEYqWXBHXkAkHH9L5j4b8P5zlsMLosXPD89CvFJ1YtxTSlraULqzjo27q90fyMvELP8mzaeKUFPAU66o4iir+8k1HmabvBtJ2lF2vpZn8zPw5+ISSo+nao8puIpWjtVuDgQs7MDCUkI2OMnKsMjpjOcdTr2kWKW93fwTJHdsxmbgNH8+WYpjIGM7jx6HtWL+3H8N5fhT8dPFMWl2sOk6frc/9v6bDYEpaxC5YtJb24A2gxseApwCxwRgV89aB4+1OW2axvrqV2eM7d7ZDEhQoyTkkEDjIBJw3GK/iTirgTE5Xm+Ijh5OlKhXlCtGK5IzUZL3rOzs0k+726H9W5JnGHzbLMJi4Ri4YrD06kH1jzqLcHpvHZq99N73R0uq62sV48EDmdFAdiFA8x9qjkjlgTnI2n1OM7qlGpX8Nu8sa7GKYAPBUOB1HYDPbIyQScVt+Cfhl4t8bWniXxJpWnK2leE7Br/W7yZ0QW0PLK21yAzP/AHFy2M4HSuTDQX8IkinZFBkRndgM7CR93ceCBknnkn2zhSwCUYpxXMuXndra3SV3ru9X16Ox0TjKD5nH3b6NaLdWS8lvy2tbq3Y5HWvEWrMssM8xZinyKzfIBu64XgnhgOOpPHPPB/bLya4UXG/52ywDExkA9COmRxjILAjd2Brs9a0/7RMsm0q+GRSGIBC88cjg8nO0ZGOuRjn/ALNa2zLL88rIu0gMG+Yng4z0BJHBYAHlua+hwmGpU4JqK2WtlrblSe1733taz9Uckm27va6TT6K0XtdO+9km7duhtWs1lBC6+SCkgAcnDfNkjKkncuPvYGOeuazrVbO2u1nWNTh2ZXHzHngK4+9yOMYYAHp6yG3jLLM48q32ZChj827scj5WGcfiDzmrMCwW3mb0DFhvBBViQPXdwmADu/vE/wARHHRJxinG11KSWqTu2tL3vZXdtrpq3pDUns+WTdm7apXTTs+t36aabmrNrckwiWZlEQTJK84wNqhiRyOMY4POMDgFlz4knto1jglMhKkiNVUBRjCnuAQuCcDk8cjcKofadM8hlJ2s27CtgjfjABxk9SMMQOc/MBzWLp7xXMjG4jJjid95AxlAWwgbjkDglcd+54mnQhJNuKUbdL7pR36LW1lq763QJOm0r3XKnq23zJRTWrdmtLW31dzRfxDqcsRDwNs6yBQRuP3lZmLcqOuAe5HrSR6jDqDxrMoXJCzSFfmABHA6D5fmGByxzzgAncttStkM0EUUQtp48FZFDseNvynscDg+vPPWucvXt7KZtgCxModVG3dk4B2kEkMCecdRz3raNOEdIq3n12te/wDnqaRbdrW0suiu1ay0T0turbt/LbMVsskZh+cFWVMBQ3B4YkMDwvXvx0bmta3uZoEkkLgEA/NHjdgZ2gd+M8ADJB/2jXAf2iivGFIQKCQoyTgnaPmPORkAAtjI+Xd0PV2kk12qxQROd0a7tqFjLnoAFGWbHQKSeR6VjUw3tHrqrJapX2ik7du3n3ubU7tpPT1V3vH3bPond7qy0SvodHZ65d2rees0xCD5FWZkbcQCAQPwOCM55IyARlax4r1S6tZ7eW4kW3ciRxNI0pDHGFJYnHX+EHPfpV2/0DWtGjD6np97p/mok9sl/aT2rzxuAVkiiuEjaRGU8OgKj1JPPnVzKweWOYSf6QzEK2CODyOuBuwSpBxnIA4NYxwcYTu4q+m+62V00k29tFt5J6bv20EleSWitve6ja9r2TT6pa669Hy6ylvb+TbuT9oYSvhS3+22M89fc9ejDmq93rAxGpXKtGCwO0bvlI+Yg8YI+mMbQepwL4CFFlSNgQGVHPypyedxJABHcDqQTnFYU147kRKCZGBUgtjHTkEdvYdSQOa9GFCEkrror9fdsm+bbW+r036N6nJKU1L5q99WndXau/RP5qyPVtBv7OK1eQvkyDcwV8sHDYCqAeoHPzY4JzuBxWVruoW00kfyGNQzcp1IJ+8eQF3Y5HRs85IwfN7HU5FuIowrIELKFBwrEH7xHBxk9cjO7J5Fdb5wnUrIfNkmBVAQC3BAADBehxwMg/QiuaeEVOpzpaXWq/7dvrvd6JbdNtQTcrJ23S1S7R6XvfS6vdpIz7meBgqW8TAnIDEAlk/usQRtbHI5KsVxgdKzBY3E8i+TFKyiQbmDcgjBbcOgHPQEYGQeNort9K8MTapqNrp1su25lZVEYBkdzK+AFwCCVzxnIzkDjGf0m8J/sM6tb/CyPxhqkTxQ3ccrXF86sHjDIGREjIDZ5GSQTn5h1NfoXBnA2dcX+3WWUV7PDRvOpVmoRc1ZqMW0+acley0drtvc+C428RuHeBVglnGK9nVx9aNGhRh71SbvHnlyrVQhf3pOyWyd9vzBtNJlE8bOOFIYKCPmOei44PGQT2z1ORU2qXRsriWMq4ZI8bCAABjI3YzuycfLjJxzkdPSfF/hW48Jazc6ZFIJ4okdoGIAlDA4TCHLbm4zwCcDg9K82vrG/up/MksrmSeQBJI1ik3kHAXOBkYz8p7jGOMgfOZllOLyzMK+CxkXCthqk6c4vXWLUel9b2aadnZ7XSf2+WZjg8ywGFx+GlGVLEU4Vac7JpxlGMlvaz10a3XVbnEXVmbx1uI1jDAAlASo3b26AHhsnk/d5PbK0z7M8c0ayj7rhiOxOB/d79sdOgByTnr9R0O+02OBJ4TC1wm6JHBEiAdA/BIP1Bzg9flznpZuVkeR8sEYAZUBh9ec845+ueTxh7OSt5u99dlyt6tLpbra/wCHbeUvJWTv3Tts+6Wievy0P27/AOCXGpaRr/wG/ae+GTeWPFl1p+l+KPChPyz/AG/R52ukihYBTzswVBAKnPODn+sz9lNvAv7YH7DizQ2FvB8R/D+mf2B4qeJV+1QeIfD8GxHmUjzFjuljWMMQR3BODX8JX7F3xjvPgv8AE3TfEBjd9KuzHpuuW7ZCzafcHyZS4xghFbC7hwQMA5Jr+g/9kX9sq4/Yb/aDi8R6uLvUf2c/jbJI2rpbB3s7ddTxsvIRgxrc6e8rPLtALoApJGQfmvEDgirxVwf/AGxklNTznh2TrTpxTc6lJ2mpRSd3Z3V9tOXW91HDXHb4b4vhkOa1Y0cuz6lTeAqyly054ilyKrh5uTtzuLU4Ldrmtexj+ObG/wDD3jLVtIv4bjT7i0u54WRw6SiS1kKFipAO1tpIIXoQRzk14944+HPwy/aFl03RviWh0++00Otv4gtFCXt2sIIisLmUqrGOTbtO7ld27IOMful+2x+zh4Y+KHgTSP2kvgrf2OtaVrEEdx9o0vbNFqOn3K+cJ2Ee5Vu7ZX2zqQHDKQ4xk1+KV54ZuIobkmKRZ4boq8gBVkdSdy5POTtwzdQDx1zX57wHxPTzvLItuWGzDBy+r43Dy92rSr0WozjJPlcVJq601T201/S+JcHUy/FQqq1bB4lKth6sVzU5wlyytdaXjzNOKdrvtZny5+1p4I8P/DL4tfs5eDfhh/aHhjw9ZaFYwxxC5L3cOq3N2sct1HdxtvLyhvMVd7bdwGPm4/pr+Efw4vfAHgDwj9s8SatfXMXh+HVLbVLi9ldotTuLeO5UqHYnfGTk8E8d8V+HekeCPCXj/wAReHrrxvJImt+DtUtNV0Se9IdLh7N1khsWeUAiKR1Hc5B4ORx+mHhL9py7+It83g/UNOOhz+HI47Y2kLgW9zDEvl+ZbucKQ0KqDFG+MZOM8V+jzpTxNKl7NKfK7T3k7+7dvpbdpd9dLnx/PCFeTk+RSUeVO6TbjFNNJWTeuz2VvN/Qt74h8VeKdf0XxLqXjC7n8QaHcs1hq1xKTc2wQ7I/JmbLLswSvJDcD2r1PwH+1Z8ePAWv6zpHiD4h3vizw7qWj60YFlEc7rM1pMI97sSVVNxUtkYGW4XNfFeu/E7w7oi3yXt9FBBaO8zGXKZiA3MqyAAF1AIChs5OCOx+Xv2mPjvqHhf9mTXPiz8PZIbhFu59ItL1ZC06/bHa0nc7RnKhiNo7gEEmuPHYWnUw0aEoR9pJxWru370VJq3lfbVa9tOzBTjGu6rs4QV3ZXu1y3aWnZtW1btbz+v/ANn79p74k6LZeNLzwz4t1rRpvEOt6pFdi2vZFR5mvZdjogkwFC89A2eQR21PHnxC+I3iu7M/ibx/qusRXMH2a8W/uZZHkVwMRtvYgKOeB1wSMmvx1/4J5/FS98VyeL9L1XUrq8kt5YNXjN1uYRzzMDcKuTkjzCeSMgdc9R+mPiPVVxCxVQ8koZiSCAoA5AXIzx05I64HfzXl8MO4JQjdOPRWV0t9N27deuvU9tVo14+0Uo2d9Vo9ORK9tl3T6J69vmT9pbQobf4UeLbRJS8kjw3Ktv34iV1IAJJzkdcgjoAO1fNv7GKw3njrQ7W6mZ7O21bSGAJ3Rq63tueeSA2c84ycZ4GDX2T8RLOLxX4T8RaXdBQuoafLGkg+cqIoyUYcEgkr6n72Tiviv9l/T5fCvjWPMqJFb6vBKfMfaHaC8VwGJbCg+XnAJ44PHB78TGVTKsbSceZyo1IRildtuF0uumqutXsl3OOCazHCONT3eeN239m8brt1+/fW5/RB/wAFHfBU91rvgPxJp1mZo5vh/p0PnRr8uYrSPKOemCoyF7AHjIAH5N/D740eJ/ghrjappC/2j4dvJHs/FfhPUC0+l6jZzEpPH9nfdGrtGzKrBOW4HXj98fiZ4t+HPxc8B+EPAS+MfCf/AAsPX/DNm/hfTZb2AXZvLe1AeyKO275zwOPmPqev4FfG3wJrngO917w/4o0yfSNegvZ5Ps0sJSO7jiYkT2zNgSRk4KlCQQfXNfi/AGMw+aUsbwznuHdLEUK9ZYeGJjKDq0nO9OpSlJJy5XZJxb/HT9FzdYjDQo43Bzc4SppVZRfNFSVtJKLaV0+q8n1T8h/aq/Yu8FfGnw9qfx5/ZcENvefPqniv4aRyqt9Y3cg8y4fT7cFXMe8kqirhlHGTjP40Q3niTwdrFxaana3umXlhM8d9pt1G9tch8lDuRwH2qQNpCncMFeCCP1m8DePfE/g3VrXW/D+rXWnam90I7iGOV1tbu3RxmK5h4R1I+U7gcgnKgEivsPxx8CP2ef2xPD633iAWHw4+NIso44Nct1it7DUbplAjNxGNkMrytgszfN169a/bMpxeY8Kxp4atOtjMstanWu6lWhG6UYVNW5RhFq0nqlvex8BmmV4fNksTThClitJzppJRqNW1S2vs762u7dT85fgTZ6LJ4Sj1W3jEl/qAlkuplYF1ZiP3bg/NwccYwcjJzXtAVoo/MUoHBBBO3fsO7kMMk7RxjAyOSS2M/L/xR/Z++PP7JXi0pq8V1qPhYttj1vSxLcaBfxZxvaRAyQyGPbnJUdgTVrQP2gdKvbmK31lBZybliEygPGwbhCxxgAZ7nI55wMD6OnGlml8ThKsa0ZtSUE03zSs2nbz32at31PUy3NsPgMPDCY6HsJwSXNJJJy921nqrW3769D7M8HYutXtITGjRzKFKMAA7D5j8zKAORnJzx3wfl/pZ+Lfh+21//gmHo0rQxK6eG7Nc7A6xm0Lgg8HBwecEdQDk4I/mH+HfiTS73VtNNrd284klDIwkXad4JYABvk7DbyctnBA4/rN8L6ZB4q/4JgTo4Ewg0bU7df4gXjUFFXGRnJ6/MBnA9R+6cLQeCy7I5SioN55hKU7afu6kHGabtfl73dux+o5HnGElT4fqYecWv7ewdOooNJONWDhJNaNrmenXXzsfxjaxYWcGtX2yMFkm2ghAAqMfm5C8gA8Hg5+Xj5gKM89tbKkSuQu/KHYu0MRyxOOR2wchcZ2gA49P8Z6ObDxJq8EtuF8qaRCpLbtxZlAI456c45HBwMgef6hp8Rj2gAnPBDnaOM4IPIHQnPPTgsMD4fjqio5/mEYxjaOJqJaNcq5k91e11v8AJvqfDcaU/ZZ3mahFK2KqpRilde+uqVtbdHovRla1vFmmjCqhIbALFVxg5GV9cnPzY7Yr2GCKCLSQwlEkhZW2khgzYP3cDJHHQAYz6kg+D2tpJGWI4YMSHz/D0AxjHIA56H0BGa7ixvLlrdIiXjQMvc5UgdVAyQGGDjkcZOc4r85x1FVIJNWdu/VWVtLaPTV3dtG2fDe/7KSak3KzV7q97baK9rXP6gv+CFWtLD8P/ipp80kKiPXxKiySxhssFXGxmUlcY5CkMQN2eDX7qQafbxam2oRLEJ3B3tGYWzkngKrEBSOc8cHHXk/5/fgD4vfEb4btcr4D8Ya94X+1P5l5/ZN/cWkdywYfM/l4BYjG3dkHJx0Jr2jTv2zP2krUOYvi542WZgwDSardPEFGANpaXOSDyBx0x0r85xnC1bE4irVhUjHnqc8VJbaRT1Sbbum0tLHwePynETrylTcHFybjzb8z5b6ta9ddOx/TV/wVpmhH7N0Uxije4/4SWxId2GwDzow20KcM2AcgdfvEjGa/F+BvBtz4e0tLlCJHsLfziSQVYKp4IAGAfunJ6Z9DXw54v/ab+OHxB02HRvHvj3xB4m0iO4FzHZajcyTWqTxsCrmNmYEnH3iAC3rxUyfGvV20+G1ezikiRUj80gq+1BwMFAeCM9T15wCRXTVyXE4fLFgoOMpqfO5Wskmo2W17+711u9u303BmCeAxdStiHFKcY6JNraL1b5elulmuu58sftn+BvDNn4/8L6toVkxvdRv40nlkf5XjWUbWA7AY3Hp1JI+bNeQ/FCOWXSvDjWszH7NdeROkcp+VkQE7SMgnIAB4YFc4J5rf/a78aXU1rpfigyOj6VLmNAdu1hwhVQcEk47jPIPPFfKPgrxxq/jfw1plxd3Evm/8JBKCmF+VSxAZwHIztI+9yPwFexlOS1oYWnOq0/ZqSd07PVaWtqtdO9vS/wBZjcbTnjJ0qd17SUZK1knG8E1devR366n7Hfsq6KLbwbbaleK5a5kLKxckkBSAxBJAbJ69yTnB4r6ZvbgI29hJEpZwJBtPy4OecYyRzg8gZ92rwH4QanpOi+BtOsjc2wlW1iZd0wyzsieZgDdsKng8ZyCxAPNeS/G743eLvD/xI+HvhfwzYmfwzrhYa7qEaPOsb7wqqZACIwoJbLEc5AzgV+TZlk2LxmcYp8n7tTnNScVbljJeVu7tfbTc/QMHiqGFy+hdu7jCLSSk7z5U7pWVru973trrofR2pSR3NwwjmEpZgpdjt2qO/ONy57Ac84IwBUEMr2scgaTds4AwGyN3TPOMAkfhzyecLT51uWjkWRJARlWPG7OCSCcHAPGdwz16k1tKEEcpZd/qF+bjgDJ4xu45A45I4ODnChKFqdkuW0ZXulZaJ6/NLstUup1KUpfvEmk23zJ62airJpu7V2t/1LtneGeXasm0yLtK9Ae+B34wV5wBzjDAkdfpk01vPZzwGDzdOu4bqNJ9skTvC4kVZUY7XG4KpBGMYHufNrRpGuXYRCNUBCtkY2qOx75yA3Uk/TA7fR7be6BmLLK5DMcsDzgAcjaM9cHkd8ndU43DwjSTduXld7X+G6W9k+y003d9zuwk5SqWWs046XsrtQ1vZNrTpprfZtn2NqP7d/izStNh02w+H+kRXlpDDbNqe1VikkiTaJBDHGUVep2rkYGMHAB8v1z/AIKEfHOSydYLDw/CkAYRxiyiwxUHClmTABJxu3e+eBmDQ/h5pWrWgN3FuZ1BwWOCWyVG08nGMnjbjpnkVw3xF+GZ0jQru40xIrnajlopUAMcagkuCemAOBjpwQAc183gqOSPHQhVoqVSVRKXNKTT1jrduyvr9nfrsj6bEQzX6o6lKKUIU2/dSTtZa6db7vXu7nzJ4k/bh+InxJ8Tah4M8V2Ph557wlGspIoQHjLHdsGAFyozwcKemTivdvg/+wt4I+J2vReLPF1paN4d8R6cDa6XpdwVjjmcfvPMjXGwqwwFIXOOeDz+V3wt8KaP8Vv2tNK8A216kXjLU7u6s9GheV4babUIGY21tM6HO2Rl2kHAII4xxX7F/DrxBqv7M3xB/wCEb+POna34A1K3uYVsdKkuLibTdRgwQupadPJiJ7eXarbI2YoCMgDOPvPEnLMXlvCUsRwvBUsaqEasI0k3dKCbV1bllOKfnK63sfK8EV1m2e1MLmjhX56sqdOErSk3eMbKCWqWzST0d+iTi+KP/BL34V6Ja6hdeFrPUdEnt9NeSxu7UmYS3KqzJFMhBCljgbix6jk4zX5Fav8AE3x/+zP4zv8Awl4jj1aHQppWt4bi7jfyniBxvjY7lGBghV25JbqMmv6b7z9qz4P3miW0V/4vtYbW6O57WdMXTxElTIGIBKgdG2g+/IA+aPj/APCH9mr4+eAtQE8sN5e3kElxp2pJGslzaXTq3kSeYADs37cgMA3AJyeP4p4a8Vs1w+e0cn8RsnxWLyvE140o16lGTeGvKMYSg5RXNFbt8ydtmkmf0Lj+AsfgssqYvJKFXBYuMOaEo0qkadbRNpq10pp3TatbV73P5w7/AMcaR4v8ZWWuwXUUkVzqTTu7MqZII4ZQcDDA53A9eeKzfEOnzTnxDrUCHYbqFVZHIDIxCkjbxtIxnoAMHOMivFfjT8Pde+C3jjUfDBS6aOyvnksbvY0cc9oZWaJwQNhbZgg88AngYLeofC/xtp+uaNqfh/WZlS4kML7iArEIoJwxyxGM70xwVwPSv7qjkcFlWAzHIX7fB1aNKVNR1bpTjFxtZ3fpdW2s7tn895RnlWhn+JwWdxeFxkKk23VTgvax2etut3qu+mjtman4guk3wi6cQpAkcKF2+QFMsCQefmJwfmwc7SG3CvL7/UmfG9x1OwsQTjJBPcd8YB49AOnS+NtQsLbUJLeykR4UysO07vkwRtJBIzk8kjgdSMV5xczwmFZGaNQpZwQd5z0ORliT1GO2TyMEV+jcPYB0aFOUqfs5TjHnSTunJJyb2vfa91scHGmdzzSUnLExrQp3hD3m0kkla76Oyd1ou2h2elaw9u0aloyAPmDJkMASD9e+QV7DutdpZapHIZGWFVLDcspAUcH7oGOAoHYEg5OAevkml3CSyYdgFwCpUEEkAAjkg9jnGMEHNdRBfbFCq2VBYBc8Hgjhs4OSRyuBu44OVP0dXCycpODTvZvVe60orXZv3dtLbpd1+f4TERcopyV3te3Knorb3XutP11Xn7t4Rt5tX1nR9KtDH5+qahBZxsXVNrTyBAWfIVRl+rcYx0AzX77/AAH+GPjT4N+GYNI1v4c3nizSr69stWvNU0O9mtdU8jak/lRXMDCRlVSSMMV4GM5Nfzf6Nrc9ndxTws8E1s0UsEkZ2yxyxsJEkVhgqcjPAwDzX9I/7Hv7Sfj/AFL4f+HrnVUn1uGxtIrORWVpJZIYl2BnmCknCKMAsTlVGAK/hn6YUOP8FkmUZjwlDD4vB4evJZlgalatha1ZWhKlKjXoyjKDjaT1dtLtW0X9ReCODyDN4ZpgcxwlHF4mVODoxqyUE4aKUYyd7ScmmtH1ufb8v7QPggyaUumfEH4q/BC40uaAm01a81OeznQNgwMzny2Ukk7iwHzckjOPpX4w/tSfFPw58MLvxr8Hf2h9C1+20vQ4bmTQdQFhLq2t3VtCJJEhlMpmjaUAjA2tliOpyfnW0+M3wm8YCTTfGvhizleXcBFqWmRXKrzg7pJIy6jJIzngEZJ7Qaz8J/2fPHOlvo3hu30vTrvVs21rJpszRtZy3OIvNW2VvnaNm37AMHjOFzX8HcG+PvGuR8T5PSzWhxVlkIVaVGvhauK/tDA1OapGDUZ2hVa7e9JWaV9D9Fzzwn4brYes5ZRLCOPNPndGhiIctlo6igpJJpJNSVt3d2P2L+BHxw+KHjb9jnTvih8VfDNpFr2reDdQ1a/0nT7xXf8As9bdyk08kjbYnmiw7KCMKDnHIPXfsn/EfRtU+Bmi66dKW503UJ9WudNsoWhvxbrFMxeFTCXBZiG45bdjPXFfj54h+D3xz0b4H+LP2bvAHxA8V3xj0OR7PWW+2wvLpl5asj6ZFImV8tQ5jCBgqjBOAM189fso+Af25f2S/Ba+H49cvIdDv9RWLRdI8SXLTMJWYTPcW8s7NHBDM+VkG5WYH7vcf6nUfFrJqOVYbM8XSrUqlPC0vbU61OSnVdSMJOUbRcdG7vmej03vf+Q8R4Y1sTXx2GwGYZfOM8fUlh4+2jD2dOm5e7Ui5cykk1ZK6umz+kGy/aw/ZzuL/UtI8Q+MvDvhPxPoUa3Go6R4gZbS90u1VgkM5WUL5ayZyBxlfmwQOfW/Dvib4H+Obddf0XxB4H8R2uoI0aana6jp8wlOQCqYm3LJuPcDkck8bv5otc+EnxKuPilfftE/FzSdC1q68fW6+GdY8GNHFexX0+37LaXcQztWOPcJCEGCy5HIrZvvhbe/s7eA9VttS0XWdPtfEetreWOtaDqd3b2nhtJ3+0pam1hbYsm0FDwD1ABBwOvL/GjhjFSw9GjLD4qrWqQjKmk1UoylKKXtYtWhZPrbVp+nm4nwpzOlUaeLdGSh7rjKMoVXFR5/Zy5ldN6RtdvZ21P6eE8I+H7exjl0bzrQRktHNbTlg6BtxOUO1lbjGDtA4GQTXyv+1D+1x4P/AGV4PB994v0bVNS07xVef2eZtP2vLarEhDXEkRwHB2nsfbIIJ93+AmsjVfgl8Ob15JrhrnwlpgFxOS89wGtR+8lZvmd3AzvfqTzkdfyV/wCCwN/YweG/hZGywZj1qSWdpQZGigQsG2ryOQMYIx6AAgn9gxOLwtDLv7R5o0qaoQrS5XZJS5Hypv1XTs0fB8M5NLNOJsNkuJ5pxniZ0JOK973bxbWl1eydrb3WyaPb7L/go3+w98SV+weKLzTbfazxpbeLtDjmgDHgkyNblFPX7xHPyg1pSeDf+CaXxss3trhPhNczaowLNY3dnos67j1jfMbROW469x0xivxG8L+HPhv8StOhhh0TQtQhtbcpI3lLZ3UswA8xnZFXdtK9eSMADOK8+8V/sv8Ahi8knOiWeseG5w+4XFldzvHGVbjywsi4BJ3D24AI4r8prfSS8NchxdXL81zmtleJhJU4t1Pck00tHG3TZ7bto/puf0ZZYqnTrYHMa1CU4qdqkY1ErqNru0U7O+vNfRaLS/6YftY/8Esf2Qj8LfGvxN+Gnia48N3nhTRpNRtYNL1iDWNPuQgJRJsTPtVmOAyAkdNw4r+Z/W/hqkWoINPLag0sZ8oeU7SMAxQFUUEjzAFzwSACP4q/Qaw+APxrcXukeHPiz4pl0JrUwX3h+71a8WyuohnZHJb72Rw2ejAjGDxXmCfDj4t/D/WY76fw22pCxdkEqwmQPHgnDhlAPBO0hecg4POPkeMPpbZJhauEpcM8XYSrVpx96hWrUn7Rtpxi/aSbello/W2l/wBb8NPA7h/JsuzTKuOqVPOKuJnzYLE04KlWw1GMIxaupJybleesnb4UtbHxPqXw08R+GLKPVdX0S5SO8m/0cxRpIBGeSzpgsg9c42gg9K4yB/CkmoCy1QiOUs2D8iRtjqjBgCCpGCQByMdN2PsL4ofG+ymhTSfEnh6TR7mO/tLW6OHhDWizqLrYFUAOIy2WAUnlTgnj+hz9nr4Zf8E3v2gvhz4P07QPC3wx8SanD4asrXVSTaWnieLU2gUXazuQk8twJifnGSflyeuP6N8HPpJY3OMvhVznBYKsouCjKk7qtGTSbW6bbTej0Vrn4P40+FfD3C0sPPh+pj6tOvzucFHmWGa1XO1ZpNfDpe9le6Z/JJceDfB93d20srWtnYGZY7i4tyZZVhZsNLGqA8AMSeOCDwd2K7jxv+zf4Ct7G0vvh347fXW1OGKRLa5VI5VnmA8yMLuyFjfI5zk+gOK/qi+JH/BFr9lrxZZzzfD+81v4caxIsvlyx3EmpWQLZYKbedhEiDI6cEEHAxmvzF+Mf/BHD9oz4R6dF4m+HOtaJ8UbHT9QSUWNm5tNZFuJQwQWw227DaCrAHcMnJPWv6myzxW4JzV0p4ulPCTV+aHLFQ96MUlzbaa2bu1ZPTc/mJ5PmKrU44XMrWnfkrXV7tXj71krduZ3Xmfgh4n+Dnjvwori6BlUlWjeFwwUkfdKk4GSoPIK4J7Yrh107xXZhhLY3DMgPMcZKgAHBO0kZ2jtg5xgg81+/P7Uf7LPxY8OfCbwp4y1v4eLprG2tob2LSo/tF558saRvDdogOZY2G5yoYquRwOa+HvC3wY1XVtLvJJV1bTmtC01w1zot35EMKhi2+VoQGxyACewxwMD7HAYjhnOl7bB4mKjJWiudNKzik9L9GvW7VtD1JYTHYSnGpVk5a2coXtJxauovrdt7Pa6XY/PFNZ1iCJjcabMVU4JaJlbpjIJCgr2Bx1JI9FYvie3Kt5tsyup5KqSowM8k9duT2yTg9a+2tY8BXd5aXEGmQWusR28jQTXUVjJEsJj+YeafLUr/vOFBJOepNeIzfCfU7lZpINFEziZkzCyPbk56EjgE87s9OpODWeYZFg6WtLFwlGSUvftpdJK3Zt7bp7baqsLjcVz6OSTS0k210to1e/nvpey2PJbfVNMu1xLIeSDvCg44JIbpxzk9uePlOK1d1lMFRZI5AqjAKpuJyADzgcdiBwRyM8navPhnrOlLO91oE0KRyYJXcyrz2IHzZU5yo+XAxWPa6EkkxiewnUhjjyznsQQOQTgg9QTkYzx83xOLwtOnVcYVqfvW1jKN9LWTSu7bdet+rv9Fh6uLfI5U1KLtqotdtWkpLl2tfZvoyhP4fsrxnljVH3ABspGdzdlA9m4745xkcVh2vgWxvJbmO4sYRGrsxwi4Y4zggAcYIxnjHOOue7h0WG2jlczSx7Twjuysm3GAQCxIHJz6gcA80tla2Vs0s11rcNkJJQI2u5NgfOPlUyYB/hUYzn3zWEcPzSjGMoycuZ8qkmr6brW972sr9LK51VKkZSXtKMUnH3m0mrKy1bVrN2aSv16rThP+FN+GryOZptKjV3bKumwZzxg4HBxznOQMHJHNY13+z5pdwgis5ri2BUoCSWUc4UBe4xwMDkfNgdB9E2NnJdIGtL6xuhgACORDlANoGFOScjOcck5OMV0sFrq8AVhZrMkakkoAAoPBDEDJwxHXqM9a6oYGpFNyoTWitJRWqutG9b79E7K72sYP6lUShyR05dY21V43XS9mlpbXTvY+QdJ+DOveEYbyPRri0u471v3kN5apKjDJHO8AqO6kZIIOcHIrzT4nfBnxb4yuLK/1GOVZ7G3WGDyppJY44lUBUihY4jQcYUdBwd3U/oR9rkBZrnTZARnGIhtABxyxUHrzjABOAeazzc200jLJG8aKSpUxAA9cAAj+LIJ79MEGuf6pBW/dtWd43V2rWb3T1vbX53uhywdCtSVKNS0WkuW7bWqlrulZpvR9F3sfk34f+H3jz4eeJ4tc062dmsZC6ymJ5AysCNjoAchskEEcHOO9emap8TfiPc6VeWWrabY3UV04aAz2BFxa7iCRFKUDLnGevHXHQH9DnsNMuFmbyo3DLhmZEGAegIPXgZ6dcgtk4qjL4T0m9jCz2FlOmMoskMQY4/2upGDjGeAecnmtl7sJRi5Jyuo6Xim2tH3079WtLmSyyrThKNKr7rvZWjZ2tpJNt20drX32ez/ACT8bXz67o+m6bd2i2t/DPNJNeszb5BIdwQknjAGMj09K8ibwrexlrvz1+zwqxyDvYqAMhFwfm5xzgZHJAyK/ZTXfgh4U12FjcaDaorFtj2+FILf3SB1O0lc8ZyAeteM6l+zJodz5iaT59m1sS0paQMqEZKqRkY5PGR8xJ4P3T5OMwdWqpyg4czWj+HXlUlstXd67WXlc44YCqq8ZVeVq6jdStKy5Xs+1r90nrurct8PPgZ4317wV4R1fQ4row3kDLAgFxaPNGQWaXf8qEDJ2sCSVGOAcH13Sfh98aPDVrI2mjxFarbmTzJYb6YAiMgsQrMPlUD/AGScZGO2r4Y8Z/tJ/Ca2sPD+j6loPiHwzpeH07Tb20hkmit8kGNbgK8ihgMkYxnGOc49l0X9tPU4rZ7X4gfC62uHVJrWY6NK6O4lATeqBQNwOcYyGHAJAr8azjA8TRxNVxyiji6HtNJJJzcbxTaUtHZJPdt9tGf0jw9mHCEsuw2HrZhmOW4yGHpQnJqTouooQUpKcXtfbRPbTv554e+IHxzsI4ZbfVtaljs+B9uiedHaP78a7gdwxjkkcEnjJNbfj342+L9Z8D6xpHijQfN/tGIo+prbmIowUjarMoBdhknae464Br6A8KftPfsyHQraw8V6Xr/hsbZWkkntd7iWbLAqwVjtX7oz1VuSe3zH+05+0P8AA7V/h/d+Hfhre3Oqay9yFt557bybe1tWYlndioLSY78LwFwa5eHqOaPNMNCpw3Vw16ibrxo8sI2UG5OT0d76a9NOp3Z9islw+TYmWH4mhiqjoe7h51PenJwjdJT1TabukkrJ7aMzv2IfHGo/B/4vX3xF8G6NfeJNZ03wrqxfRx53lvGYDkzhcKyDB3IflIwORjHyx+0x+1b8Tv2gfiPqXijxLa3Flfw6g2l6d4ZsUZRBZxXO37LbW6BmwTkFQoyW79K9r/Yf/aV0j4OePPE+ueI/DUvi6wn0CRWt7XbmFkjKPHLuwDBKDiVWwpBGewpvxo/bG8P67d6hN4C+Bvgrwhr93qb3VvrbaLBcahbs0m6Nk8qJ1R8kEEtuL5IwTx/U2SUZUovEQg4S9mryilFyso+4+Z3TVl8Ol3Z6H87ZxjaOIw1ONPFRp8k5OySjzawdm2mlfor2vrZHG/ta+IPg7pXw4+E9taeH7nTfjDeaRaTeIdNCfZktNNWKIo1yiqp+0yncWLruYMQejZtaL+2Pon/CnNH8F+GvhJ4V0O/0uyFpqfib+zorrUb14SXWcXEis++TjeoJAPAGOB8MePtB+J/xA1y68b+KNUa6udRcA6jcxyIAFAC20alQI0QABVXA4AGcE16f8MvDngbSdJa18a6nqM7yEt5OmxNtRzk/vCcAh+BjkY6D1v2eNxOM5PYSVOMk4yacU+V2TdpKUk+az3Wl15fHyzf6tUryUqcISg43koq6tFc0V1vrqlbdrz9RX9pHxxNAgs7+0s42jYDyLSOJsLkqSNuSOmcdTgHrgVrX4k+PfGDNY213rGpXsxYrFp0bSKRnO3y48ksw/wBk855wa2NM1b4IaNNbm08I3moSRKQ76heMsTu3QmPcSCRzjaMfhmvQ9D/aD0HwXqcF14L8K6PpNzbq0MbW2nLczMZMcl5Iid4wCGB64K4GDX0VPLakqcm504tu1rWT5lHmWqdvvv8AM+YxHErhUlFS5l0acbLVLptZPXt0vueYeI9L8f8AhNNM1Xx1pmvaTp+p27HTjqiSxC52YBKCRFOf9nacDg9hXd6WIfEtrpa6TZ3Fxvt2PlI2C0oA3ByenO7I68j2FXPj58dvFPxu0Hwnpuo6PrF/c+HrhvLkawlUHechUSOMKQORg5HH8Pfxbwjrnxj0S/mtNA8D6vNDMcQrHp10SCRy0bmJgmTk5OACeeSK5KlKthYSUqftanLaKhGck37ttbK0WlfRK2u71ay/PaWKxVP6xUjCleKqpvXeF7Xei9E3Zq+9z6R0ST4j+DdB8TQ+HtC062bV7SW1ae7mXz7dnVkLJk9WBxg8Hj3x8E6hB4t07V5Ip7e3TU4b2Se5LSIYi4dnZyCRwckjj6Hjn6+tvhZ+118RJPJ0zwjr0cUp807baVNisMDJIUFgGIDen+106jw//wAExv2vPG1/Pe3Wg/2f5+MzaldeVnKgFmIcMdoJPJOMgdDgfK/2djPaSxNSm6anNK0EopJSVm7rfRK7Wq7JtH1GZ5llip4enha842S5pKSS1SbfzSte600sfD2tXXinxTJaW93e2k05nVI7aOfCR8eX84BHTIyQQAM+2ffPCfwt0HRbJbrxl4/0u0k+ziRLG1PmMrHkRkDILDHUd8Alc8e3+J/+CZHxY+Ecnh7VPHXijR0t9f1JNLVLO6Ms1lOzgmSYEhlhXGNwGAe2Dx9TeFv+Cf3wtt47e78a/FqC7dYw8ttYw+aw+78m4lt3HALHPHJHU82OlioO9Sc6UpJdJ1JSjaNnpe1rprzWiejPZ4TjlcnPF1KMMXVbXs/a1uSmrNJudneyau0nd66H5yeI1+HtppkkGiT3+r3UvmK9xKhjiQtkgocjIP0PzHA758z02RLewlgja5j82XeYoTKcFchckryTgFcZGSMZya/dXTv2Zv2StAiijnt9b8SGLC7VRoI32jHGD0bH8QxyCDkYHW2XhT9nDQDt0L4LW928XzRyaqBICwxgsGVieQDkjGAV561x0MR7NO1KvVe157u1t+Zqyu29tUraXPex9bBSrOc54WjbRQo2knZrd7tJa9G1vfZ/gXaaTqGrKiQaHrt5I7ERiGyupQfmxn5IyDu/hOQSDhsjmuq0v4E/FnXSV0H4Z+KLkld6NJYXEUTkg/MTKijHTI5I79a/fGPx/YaaoTwz8OfBehInEITS7WR41/vbnQ8le/qevPOLf/EvxzfylF1ZLCMrgw6daQ20eAcAKYwuOm3IIwQSOuaipUr1HdUIQb3vJJ9H022ta7s/uPKrZlgqSsqrlJpJWjZ/Z1bVtPJW8rbr8K7n9lX9pHQoIdeuvBt/pcSXaSW6C4SO5WberJIqpJ5ilcjjj6A5x+pPwu1j9r6DwJpXhW/+LWl+E9In08288Nywl1KKKVQpjmlDM7EJkZyTn+IA4HtN3fXt6Ct/eXd7I2ZD9pmL4Zxy2DwCSM8A8HGSa4XV5fIJZQTMQy8DdhSpUg8nGeP73GMg15uLy/D5jyxxFGlVlBpxlKPMoarmceayWuyS163PjsZm1KM24a2ejacnrZXWvXZbPVPocRB+yt4N1a4a4+IXx+13UZHlZrqDSkby5GkO5irMQx5P1wckk5J6+0/Zu/Yp0CBl1BvFPi66ABke+1CWCOQHrlEbBUkZPGTyOwFcBe6hLEr7GZWDElgu35s8cZHGc8nAyeDwK4PUp7hizyzyPuJGAzcg9iMkDb2B49DjaamPD1DS0lBK2kVCPRWSajdXe73s1c8qWcTneKlUk200m7K91t1enSzel+9/VfHHg/8AZCt9FvNN0L4bi3vHs3g067S4lkmtpthCS7yGZuSMjPUnnjA+XtJ8CeEreeMpZQmKPf8AZxLtBRc4XI6EjIOWIGeOMDdrzu8sm5C+FOBuJU45J6qcZx16gkEgg/M60ild2dod+MgB2PTPbOOB6449uM+lHlwFCUaUm5crUZT5ZWtbZu9o3s9Eu3U5Y8+MqxU03HmW2zXudley/DtZtL9ef2AP2JPH3xDv9C+IN9odnbeAlvv3F9cxCU3OGG0RQ7SpK9S2MEZzjt/T98P/ANnD4Q+Fbe1udR0DTr+6iEYJFigIlCD5mjCEE89c449sN/KB+yz/AMFLfiv+zzpNh4Eu5LXUPCOnkPp9mtunmQbj8xeVlG4gAjB5XIHAAx+o/gn/AILS+EF0jXdR1vQr17yxhR4o0jXyjcEHchJ5Y9CuBzn+EjNfzBxRj69TiCpLNsLWqUXUcMPKEoygrSTu1dOzer7LXazP1bC5JmNTKqUssxNGmopOqvgnJ8iTv7urve1nbzvY/cDxxrPwq+Enha48T3+nadp2nLNb28cQsYI5JJpnWOKMEooBYsO6kAkcD73F+P8A4w+G/hjZ/DLVYNHjuE+IuvWWlwtFFEZbaO+WNluFCDlQkgXaQBnGMYNfzf8A7V//AAU+1b9pTw34a+FHw88N6jZXl54h0q+ubyFJZJtSkmuUCWVqirk+TkGTbnjdxX7ZeJfh78RfGHhL9mJPDWhXGpweF18OXPima5DGWyb7LA9xLiX5hJG24EdRgbSuDj6mHC/DeIweV15V4xr4tVp16EnFujCEE6TSTunJpp3eie5+ZZxjs7wNfE0qsa86dJ04U6lLmk3Jzip9LOK3dkrK+1tP0H+Ifjnwh8NfBupeNPEt3FbeH9JtWu53kIWSSQRK0UUYOMs7BQFGBk4wRX53av49vviNo1p440qytLjS/EmstHChtImvLSxkQ/Zp5d6EHYGVh8wBP93HHvH7Xfw+8a/E7wr4I+H/AIW0htU0fWPEVqPFdxJlI7Wwg8otJLgDcoZWwvKkgZJIrmZfhBqvhnQ9U8MaRatbWOiafELHYsaxzTRQhW8slsJjaCuDkHB9c/p/hvlfC2V0oYivOjPNa+LVOlTnZxpYdOKTeq1m5JrXRLofmvGWYZ/XUqOAeIo4aNO9acHKLcnCMnFSvqoxvF7pXtq1YpeDNMv/ABT4djGo6ro6nSrqeyuoBaWpnurRZCgSSNl2klBg4464A4zl/AzS9F8O+NPit4T0u5sJYft9tqAtraOO38t5kG5SqYyRnBUcZ9Sa+Yfgr8UrWb/hIfCsN3NceIPD2uah/aPnBSytbzSMIGdiQy4AAHzEYU4x14n4ffF2/sPi58TdfXT7uG8vb+ygjgWL93NHGyp+6cAITjrzyevHI/cKvBWc4t55h6WIo06Do0q8Kanyp81SlOHLorpprVuya0vey/PKeeVYRwbqLE1KlJ2qvnqT5lypSWiWzastV8rn6b+KV0TxBZ69pWoQQyR2sVrp0TXCRzNBNMV5jyCOVbnB78ZByfk79obw54T+HHgWHxk1/pOknwRfWcjuLS3V9RSUrtQnADSbiBkkHjIxkVWn+KniG71jW7RdLvAl/eWV0o8r5jLGFBUlBwmf4j06ivzm/wCClWoeNfEvwq8RadZ63dWqR3FlqU+mwNOks3kMpaNQMcAggsAQTk5xjHlZVwniMBiKcsfmGFWFpP2lWjUrwanFQXPG0m17y72+e79LBZ3meIxMaGXYfH069ecaca1NVYyhHmundLta2l9de5+xfgD4jaLqngTStauIHbStS060vIr+OKObyjPEGJLAMMA5wpzgEj69iJ9C1ayFzpc8Gr7lBZIUjWZCQTgqBnIGVIA4Y7vlOa/PT9hn4oaLb/sr+BdO+IHiTw9ot1Zac7XtvrGp2YuGslXMDzLPMsmBH0UjK5xw3zDN+JX7dn7MPwk1O3g034n+HEvJJjK/9m30FygAk2uZGVyi4H8IIwSOpzj4XPOD+GcyxOLo03Qoyc5+zq89JUaibTS95r1VpO22l0foWS+JXiBkFb2eLwGLzPB0mqd44evLE0+VpN6RfMuu2j2Z9q+OPD9tqmkP/Z8N1bX0CEyxkMrMgyGZCOWG3ng59+DXzI1t5T3drc6hqEUiuBGGkYiMKcnO7uGHXoMc56ja+FP/AAUF/Z8+LbkaT478PXlzatHA/m3dvbyE4AZlR5B50eeyg7R2yTXv+vaF4P8AHFoNa0GSzZ5wskV9YOktrNvz8reWSMsW5DAnOV3CvzLGeH+RUMQqGNw2FlOVuSpCUJKUFypyVnKyT7LTtqm/3bhrxir42NqtKrST5eeFajKEoysuZSjKKaavbXpZ9GfCHjE+JbR2livrTV7Dbvji1HT7e5RmVsBWLo+44HJ7ZxjI4+SPiT4v8EXev2OjfEL4J+CNbtZnt0j1rTtOhtrpN/RS6Rr++JxjJxkjnNfo14s0O40F/sGoWyS2Uko8i4jUbAhOSpyOg7dMEk4GePiP4+fD+O+0u6vrKONDbTLdJJECxIUcjuVbLA469x0bH3XDPhdkWLnKnTq18NTqxioToVpQXRdH5Jpq3y3PrMx42o18J7WnTozlbVOCutFpZ37Pp118vH734Z/ssx69p2rQfD/UPCWu6bf6dq9jq0TM8KvbOkqDykBj2Hb97P3eMEYI8d/aX/ZmX9on4mX3xE0Px9pdnJrFhClvb3jKnkGygWKJXI2sDIACwx8rEng4r3nw+Y9R8OjT9RCzXBsmgillOJSVU8hyQQVwByeo6c189+KEutMs9SFjcyW9xbmaNWU/MqMcYVh3UYKnqV6HkmvsI+EWLw9aTyjOMTCo04Xrr6wlFqLa1admkrXaastnqfOV+L8FXpQjjstjKF1OUaLUbcri23ZLZLS1m301uc98Ob74nfsy+DLyxhOna7faZLcrKbS+iuJLu1DZVYbUO0gcAEoAm4gtzXqvjn49a98U/hv4dhmt7uwvroQ3OrRapYtZrBFbyoQ0TyIgdUAKg5y3U9a/PLW/DfjBdXGsw63qASa7NzCWuJXXAO794HYhkzgbcEFe3p+pf7GuvfED416J4i8K63o/gjxDeeBNFuJ7W31i0gV7+zZGCxh0j3yTHCqgwcMcg/3v5I8a/o14v60uK6+DoYzMcLUUp42kpU5pafFvfmem+nZn7HwFx3l9bCf2U6s8LhKlP2fLWlFJJqNvflZxi02rbNJ66H6fftS+KbG4/wCCanhrXorqK4th4d0G2SZQpSQpG0bEAnkAgjjGVI5zX8fHjLxNBLeQ29kxdP7QeWOOMDPlvhjxgDIIJyOOnriv3e+MPxb+JXjv4Qa38APFHhSLw94X8N2xntdP0uYw3Vk0E0pRVinMZltlGWAVcbSOCQTX4V+K/hJHLdxahZ+KZrB4pGib7fbFFhIc4D+UrRkgcBs5I9c7a9rwlwWPwGVYuOOg6dRxhSiuZNWhCEG4u1mnba+t7I+L4v4allMk6WJpVqVfE1sVSlTqRacKsozWuq2adk3e2z3X9QP/AASK1i1uP2S/EJ87E1tr+qOYiwVsJbk7ckjBGBjBJJUkkCvyJ/aw0q71zxf40u0Rstr+qTxxqR5hARgAoB3HlQDjIPXoDXefsXfti3/7L3wqvPh/F/wi3jG31HVri6nklu2tryJLqPy5F2lcMuB8uT1JABBOfOPiLqmpfFrXNX13wzc6LDBfSXF49mmpot1bPeO26MCR0GY2Py4PcdCQa+BrcA8QR4tzTOY4f2mDqzqSoyabTUpKSa310s9bX7XZ30MzwMsk+p+0Sq1KcIyV4p+6op3vK17N/av+Z8f+BPA3jrUklGn+GdUuNPWRS8xgnaPcjneysikEuACACcsTtAwBV/4i6b4s0j7BYvouoQbr2OWKNbeZpCAo3KrCMnGQQCAOgxj7o+y/AXxI+Mfwc8HtoNv4TGtW8LtPbXjWdtctI4dmZ5JkV2KsOM5JwSCc5zxLftF6td+NNF8VeJ/BMEX9kSyy3mn3Fs5trhieT5bwlNy5PHIHr0FfF8Qw4mjj6rq5LHE4ai5Km01zNJK2lmk3r1S10O7Jcqyylh48mNlSrVUnJaWTbW2vZt7pN22dz5atPEmp6PdWcmoafq8MaXIluEktJiojRMgyMyjCcYJBHAxgg5qv8H/F9/IPHMFpLiO+8XPcwqi7ysbDIxnpjJG3jJO3bmv1nX9q/wCAXxD8P61o2pfDzQNI1XUtIu7Nb+40+1SKOZrdlV1ZFDJIrkFQMZPfk5+JP2OPhZ4J1jTfiHceItVsrW9uPG11Fp0TuI2XT/PfyZoQxXCFNu3AAx0B7/LrH0a+T5lVzXJKuBVB004Omm6i5ldx9xJ2tt2ex9DQwNahmmDWEx8a/tOa83NK1opvVvS972eum973zdT1PVdYU2S21xcuLN4i0iiNdx428AgbiBlgSSeRu6jgSbnS9LSKWI2VxbXQWYsiAspJJAy28gdO5Oc8jOP1ksv2S/CWt3lq2m+KIoolKS+YtwGDHKkIdpYkEgK3zFQOPYYHxM/YE1ea0ur3TNX0e8SYl0ZrspKhC7gxXOCSAF5BJBIAGAa+ayTi7hjB1KlH/d4zly2lTlBRba7pO91a0t1dq7PrcZlGa1HTrzl7RwWj5r2TSfutNvW1tXb5WPnPwp8cf+ER8Wafe2EkM1zN4GtbcSSquxBDImQ3zZwdoKk8/Mcete06j8f7vxLozSarPpktsQpeK1uTC4CqcmQDPOSzdskYwOSPjHUvhH4u0v4pQ+FY9KuNTvrLQDAYbEGdpo0mDF1AySFUHI25IAHPK1R8d+BvEel2k1lZWGrWU5lRblLjTpowihdp5WMjAOWLjjoOe/bmvCPCnEGKw+Ixbw8q9WFOVJz5OaUJNONlJq909tdNFZ3ZzPPs6wdKdOlGThB2emt4pNpJ6tt769b9rfYnhr4+2ug2t3JDbXDQCdfLMV6krCMEYIXczZOepB52qD8wFfY3g348+GfGvw4+Imj6TLqFvqqeEprq8jvAQm3au4ZI27Dntkc5xzkfz1xL4h0TUJIJhcSJFOFLRyOqlyxyCGKnAPTcMADtivsb9nn4oy2+k/GbSbx5Z5n+H10IixUNDsZQwExG4sNvyrnqQFyMY+b4h8FuHo+zzLAOMsZRnT9moS2vOnzRik9HJP8Aq+s4LjDMMU3gsXTkqVubncZKScWpe69LdL6dH0PoPxL4z+EWnaD4X/4Tm01qzvoIba606+sLmQQ/aPNV8EICy5GTgkLjJLHnP0p4P8afDvx5Jo134a8TWer3MaKi2M915d7FCmyPCxysHZj8uSuRnjB6V+Kvxe+MVh45tNA0ewSa1XQdCtIpWAC+ddQqULOTySe5YkcHPNec+D/HGtaDfWGs6TPdWup2ZzBcRzGM4Q7vmRW24JHfPU8tzXtYnwdq18hcqdapRxPsZOGzinNX20d/K7vvc5I8fRw+ZRg1zUozs5RvfRx9E7JppSVm79rr+ijxRp6WLSyW97LaFQssYNwSInRdxABfjGOvBGe5GK+A/Hni2fVv2kfhJd3tzJNJDqhjdyzlitvvWAk5OAATgLwcgAYNcT4K/artb2WCz8XJrN7d3NqkM86ujx+ewwXTc5+bHHbPGRk88L8RvG/hYftGfDHUrC6lg0eGK0uLzzvLR7WYozSBsHAORxtJ4GRjoPxnJ/DHNcvxOZ0cVgnzSy/G06daENZylSah70VvJXutbX3R9PmvFuHxVPCVaWI3r4dShK6STcbXVrdu6Sdtdz9s7Txf9nEkcckZYzb23szNn0GGycjqO/XqCT674D8SPrWr2UJm8pFLu2xggKpnIIDA5IJ3Zx05r89dF+LPhPUCk8GqI4llO2SRVWNwOg3DgkZAyD7jrmvp34UeKNKkulvItQsyTvjRTcICTgcj5ucDtjjoACAa/hriXgrPOH8xq1amAxMYRxEnH3JxjJOrd3lo9U9t7aH6vGtgcxwEIwq0ZVHRjbSLado7u2+tt7a6p7H0R8Zr2JvBfi7ZmNYfC2rYlVgAV+zSDBK5HXPsQxyf4a+Of+Ccek2998ANSljEbXS/EDW1hMqK4X/SmJ4YEZIz0PJxycivXf2hPGtvpfwu8YXf2uFc+Hru1wrodpnUoCQpZvc9McnGCM+Kf8E375h8BdYihHmLb/ELUV8yMnrIyyFsrwcb+3B5xzk1+1cDU8bR4EzzFzWIouWY4a7jKUZNpL4b25bc2ltdO2h8biYxoYrC4emoTfVNdrK//B62+Z6R+1Jqnhj4eeH7z+3dH07UJtZsWWGM21sZJbxz8rIhUOGjYBgQCB1ODxX54/GLw8fG3wg0/wAQyS+RPpNrbQ2lrEqqXjyxIYL97YhVRjrg9DVT9vg+PLn4+m3j8QTXOlWFjay2dk90Vt7a3kcecyRuwR5TnGME5GORg13y+F9T1T4P2lnA5kJ09r6TqD5cMPmOTwBjcDgY5DZIGOP9NvofZXLLsDRxmJzGviPr0KeJnTr1pSUVJx5Y2craOzbVrvdaH4t4r4+OJnHCrCqEqUXGVSnBLnbSd7pLRPpbWz3Z8+fsaIlt+0t8JI3DOT4u0FdjHO1luwCAMceg6knJJ4r+9KIeXbwu2FHk2wO7gDKJ3OOcnIzxyMnA21/CT+yNafZf2nfhT58QDyfEDREjxjAVLwZwRnaMnnrgFTkV/bB8evEl/wCFPhbreuaYHa+tPsRt/KDeZkmMfKFyWwCODnHU+39Q+K2Kp0cVhK6adOnhU+7XvKyfRvS6vvqrH8t06D9vVja0pzW6aV9N/W3S2176s9giZiZMY2nnPHO4emD1wBwD3zitGMLtGSWwOnc8H3UABvcZHp34/wAEatJrfhLw7qs6kT3+j2NxOHyriR4YzJuHAzuLcYznIwOa6qQYjZozyq5KgnnnuRnjIz+QPGM/n+HqKrRhVWqnBTXzs7duu1rW0sNpx917pu/bppbysMuVwyfLgbHGeDknHp65OfY9q+OfGQNj4W+M8qbgw8M69IFAwxYWVwSewx9eQQec7a+w4meWNC3DZwo42nk5PJ+7kAgZIyBz0NfIvxZhay8GfGSUMFP/AAh3iFwnPIFhODnn1464z1JIFfTZG4t1ItpXlC9+qUo3tfrbptp0PHzLR0Ja+65aq91pdu10tNO7u07aH+fB8XWmk8U6hdGRo5W+IpZWGSqhtU+eRst/tE8EAddvPH6e/A+DxL471C8+HWmWR8QKRbTWlxKVW7tIHt1LzK7fvDErMcAHG3oBjn8ufjAsyalf3Lg7ZPGDSryMl/7UOMcY6jj7vbgjdn6tk8f/ABA+D2u6F8Qvh7fyWGptZ6WjuS5huInt4/OtZ05TLBnwvTBx1Az5HFlSEc0honHks4patO2j1s9L939x+2+FucY/LMBicThJyhVpypyum1dLZtJu6ad9uq0SufSHxp+DXiXwdbXH2ywnuIUEiTLHCzyRFWPmO+0ESLgZBUkgck5Ix8A6zpuoaHqI1XS7ia1nXLRT2zNHIp3EDcV+ZWU8sOBjIxX6DQ/8FJPCHiXVPCui+MvDkUOoSMbLxDcSATQs0oEdxcrGysNoJJCn7vzbTxXa+MPgb8Ofi5by+K/hjqtrDFLBJcxqhV7O+lMbStE8e7bBIGLKRgAEZ+8K+YhXeHqwq0525Wno2t7ct76u7dmvmuh/SWRceUeIqEMDnFKMayik6yV735VbZ30/m1vttc/LrVPE2r+ItR8Dza1OZL2HWIIGdwCXAlUFmJHO7GSeeCM7Qcj+vb9km7S//Zpa235eXTltFKHO4pAAvfoORj6HA6V/IL4q0O58P/Ebw/oGpRta3NrryK8JJ8vCzKDJGT/AeCo4446kY/o5/Zb+L934Q+G0ej3VznTUmCLMwO0glUKq7AfMASQM8AHuOP3HgXKMbm2T4zF0qcqjp1qU6iabVtHHR32aetnpfZI/mjxsxeDy7ibB4aFRKNXDv2PvJc1uV/Dd3tzbLp63P0a+CvhuO7g1C2u7Zxb29xHG/mKwHmK5JckDAVtpGTgAjgYwD9K+JtHabQrSztJmhezu1khfJ+5GBhASdxUBhgd+eBgVyXwd1DQ9V8PPfaTLFMt5b280rApnzHUE7yp5JJx948n5Tjg+teJbRX07TYVJWYzRn5Dk7WJzyPTbkEZ55zg16GJr1YZlSpVVy+znGLTi1quSLutHZ6210emmjf8AOWYzqVZ1p8zs3aKTd9XG1rWd+2/WyR/OL+0RLNb/ABp8Y28oY3LXzECRixUrxlc5BXggcDj0BUHyvR3LxyKwO5pEZiOBksemADkD+EjgjpXvv7VOjyWv7Q/iRPKO25eOWJ2/iZ0DFTgjIyMbueQWGcHPjNtYta+Y0aHKyKzDGcMDn+EYbjHPUcZxwa/rHApYjKstlryvBUGlrb+HD5PbVeel3qv2bwyxypYKClL33JKS03ul723Vfila7IvEDyRwThnXy1WMqCWJJGGHbp757gYOTXlep3jpPujmVWa2JU4G1QRgAKRwMd8AkZPLHn1DxBIrWV05BG6MAdgNpGMAdixPA68EjAzXg+uXUgi3LESDujXbtB7E/NzycN25yF7HFYdv63Cm6fuSklyys002r7+vne3bU6PHbFVqHAOc4/DVp0q2GwFatTlGTjKEoRbi4uLVmnazWml9Wkcn4a+IV/ofja4tfCWq3NhqkTh7u3MgbT9QbO4xT27Hyz5o4ztJ59DWx8V/gd+zp+1/YXWi/E7RbL4dfFVIXTTfFGnQrbR3V2FIjkmKqsdwHkG8iUng8bW6fNfhm4KfES/uZZGCxXuckEZO7C8kgYBXk54HOAOn2I2g2/iGKyjvF3rcwzTQ3UEQF1A0K5UrKuHKhsZOcrjpkfNXF/hRlnEOFeOwUadDEOnFSptJKc1GLurbN21a87WP8sPBr9oVm/Cmay4E8VsE8/ySpiqkcBm0XfH5fQ5+VQm53danDVKMmpW0Wx/PZ+03+wV8Zv2WNXfV7iwuvEPgeeZ2sPGegRSXOnNGCzxNepAJBbvswXLDaOh468B8Kv2i/FPgSWPydRkeBSEurVpWML7SOE5+ViD/AA9Cc7Rgk/02+BPiFqWlaZc+EfiFpcfjHwBqcsmmS22rRLexxQEmNztnDBkKEcrggjjqQfyQ/wCCm37CHw9+GPhgfHv4IXi6PoGpX8I1bwexLW+++YuLrS5DkhQ+8PAAvl444OK/kzjLgLN+Da0J4mhOlTqN8kldRlrf3JLSWl7xbctPNI/0w8OfFrgzxDwss48PuJcJmuHpJTr4OnWUcThr2fs61BvmhJWttZ6Wloe5fssfte+HdZ+IfhzX9SEJuIrOTSriB51EgEoVEJBO5ijcr8pHAJOcEfqV4/8Ahr8JP2lPDDjULC0uNQ+zP9g1i0Cx6rpspZim90CyOqEgkM3Xvziv4dbDxt4s8Harb6vpl1c2V1aTRzQSRuUKsrAgNtyGUjIYjJOcY4JH9L/7DHxp8T+KPCmk6kb6VdUksIBeozEwzS4HzbOR844OcAc54Bz+e181m3FYiTklaN3ZJ2tZ2ekrW1bWyXU/o/hDPKObOeDxFJqva/tFp2Su9o8rv+Gq0t1XiTwv8cv2QNRtrjQ9V1LxF4Fmu45Ptdr5s8dvEpXKXsCFhEQMguBznJxkkecftg/FDR/2h9M+F9/G8N3JYWlzb6lbu5L2k2w74+Tu3seRkHOOvp+t+meKdH8R6bJpXimzjaSQbJ4ryIS2lwJPlK7HBRQVOcnB55JNflh+2v8ACHwl8OvFfhC48ExjSrXxDFdX97ZwEfZI7nezNJAV4ClTjaCqqQMKRXk5h7KtSVSlUjJtxTjdp25ktE7ttee2ztqdnFuGxWHyvEU3zSw8uRx5lzcusVZS9ddVt23PznuvhLpD+ZOgeEPlV8mU5iGCBj5hjAHAOMehOcYZ+GestAINK8R3xhRjiB3Z413ZPTcRkYJ5DY/2ea9X1TSdTuR/ol4yxyg/d2qS2P4gCSM/KDwBwefTo/B+l6hY2IjvCHO58DAZsbjtDEnPvwBj5iTjp5kKTuleS727aPS/Rp72WvS5+JyUPtRstrpXau130SSabb01STdjwAeC/iLp+Wt9QjuYoVIVHGGxuz1C4zu9DznnH3aa2ofEnT4yZdIa5Vid5TJyATgcZAxngcbuBgjOfr1NPWVdxHB4OVAOR7kHkk446kdfm4rnSIpJXHlrtVD8jKA2R3+XIAyMk7Rj1GBWtqkWkpNtWsulk4626W8+jRmsJC91o21rs3fu1r1ejv567fHMnjPXopIZNQ0S/i2HJKxMUABHOQMYx23ehAx16uz+JVgYlWe2mi3N1ngYEYODjC/lzyQMN1z9Pw+GbGaPEkEbO24sroHBAJOAOecgdfY89kl8AaFd4SXTLNt3OGiQAADk5x16jp8pAAPFNTq2u3zO1l36K13v21bt5tilgkmuWeumuj/l3v37638keBJ4y8K3sEaTeQJZGBYthcAcAMG6dQM8A4/Csay/4R258V3ARbGSye1U+WqRuA2eR83Hzd8d+vJyfcda+DvhSa2cx6fFE7bRuiYoy4AbIx0OPTGcjjtXjkHwl05vFculxzXMESWyzoYpCWB3KdpOSSOMgE44HoCCeJqRjaVO602SbV2uias3ttf5ELCzTV3GV7K/LHRO176rVavr8jpbnwR4R1FGlfSrILMxByiKue5XYBjGAR344JHNcvdfCTwaFZraOW3mcKAYZ5YwoPOQVbIwT0+gA4rvD8JdTRmFhr19FGvCiRmYZA4PLHk8gA+rZ6Ejn7vwF8QrQMtpqkV0oPAmTllBGAWADdB/EwwcdCOM44mLavTSXezbvdK+l1dP8fvVvCNNvli7rWzatt0vutd9N3sYlp8LGs5FGm+LNe05gmVa3vpiikAFR/rNx6c8HPIJyK6q18O/FbSgj6P8UdZHljKrPPI65IJAO5iCSQD82QeOg5GWul/E6zOW0yO6CDdujYruA5ztB5/2mPQ7exq0/irxnZoft3h26ATAyis68DnjGcHjknrjAIHO31ijeKd49E9ForXbWn32VvuTl4dapQne6d1Zq2iWl9db30/I62Dxv+094dQCHxdZanEoyoliDMwOWKlvbgYzwOM9QNrT/wBqL9o3SiIb3RdK1RcENsVcyYzjChWwCc9eMserV51/wtGWP91f2N5bLsyytBwO56ZwxA256Y6lcisqy+IugRamt/LdeUFYZjmDhVBPzMVYAE4IPIxgAc8inDFQUre84vdt3bs03967u+ifTSfq6urOSvbWcVdtpabNpWSSs/VNH0iv7YXxBiiS38U/Biy1GDIaR2tFmyrYBJxHlvTuBnpwDVC7/ap+COoobfxd8EYbRpCyu7aNDgEfKSuI8txn6ZA9QMex+LnhC4jQfbrSQjapUmI5BAGPm425LHGOh5PQjzf4r+JfC9zb6Vc20mnHdeqjlUiMjI5JMbAEDaST94ewalzRak41LN7JJ3s+W3W1909X00ZrySi1ypSt0as91vbeN092rLyZ6zbeKP2F/FMTz6x4TtNEmmyDE0EsBUtncQBGBgfezwOuQODWHqX7On7CHjsFbDxBBp7zbmVRqDQqpIyPvlcEZBOcfzFeQw2Hg/Uone9sLKZjgBkhhVWBHBBVR2J3dDyT8oIFZtz8O/AF4DmyNpIRuVoJjGMBs5ADAg5wc8Lg/LnFTH2l4vnatt7z39299112Tv21REoqXx0qUujT1dmo7pu6d1b1be712dY/4Jjfs++IQ0vhP4qQ2zOxaKJ720lCsRwOX3Ec45AyR7CvH9b/AOCTOtjzT4Y+IGkanuz5IlljVmVeRzGTglfZu/TFd03wn0uJTc6f4h1ixAAMZhvZdvOApOJBgk8njqT0Oali8KfEHTwr6F8SdagKjdGHvZ26dM4c55x1x3zjk12fWMRp762V00tlbS+r3a8nq+5hLBYSSTlh1Fu1+Xe1le1k92t7O+mlkfLuuf8ABNb4/eH3zYafDq8MbHbLZzjceCBgFhyw7djkc15mf2Zvj/4L1GL+0fBesSw20hJIgeZAADuC+WrYB5OeOxY9M/oraeLf2j9AEa6f46F+oBOLhllJwRkEydz0J988cY6S3/aT/aM0SQHUdH0vWYkCqxe2ibzRnljlecjocdfQ8HSGLq3hd3211v03d7a+i3+Ri8qwjWnNF6JLe2103stnqnp03SX5A+IPhV47sfE1trt14b1ixi+1CW4ifT7kBREASxPlbf4D1wuRkZyceVfE7S7291xrk2U8aCFcmSKWNgQxBJ3qvfGRgheQSa/eOT9sbXZYTY+LPhFpV6h/1zR2UZYg5z0i5ycnlj0/Csi/+P8A+zZ4jwni/wCDcNs8iFZnXSocZBbdglARkjGT1OTn01pYtzbi0272une91FvpfV6v1sr6nJWymnLSFVrZpNaX017fj+lvwIvdHS5tLKMqDK8QQg43KffOOg+mcnjKmsWbwnALO94KvGuSRj5SBx9c47YGCeDxj98brT/2FPFyAzaA2hsSFYxpJAYywAyAqgDAA4U5OOvINcBrH7KX7I/it5ovDPxKbR2usERySM4Of4CZCCcN1HsBwBk9kcXTd1KnaT0Tatq0tmtd2v1SR508krxs6dWMtnpzJ20d9rJK+7+9Wufhb4Y8ReKfCGtJf+HdYvtI1CGVWiuLG4lgYFD8u7YwBGFHoMcEHqP0K8B/to2+v6Ta+C/2gvCun+M9EkH2X+23gX+1LZeIzOZdm8svLBgSe/OSR7hqH/BM7wvfTm48G/GbQbsuzPHDezQRlAeVXKyFj05wMfKMjkg+O+Lv+Ccvxm0kyTaPd6F4hjUuUOn3yM8qAk7lTcASevXA7HkiuDEZfhsTFyajGTaalBuE1s1Zqz1v59tb2dYaWaYGSUFz0vtU5LnhJe6rWd7W6Wv1vrvt+KP2QPhv8WLE+Lf2efGNjdq+2eXwlezRrewuArmCNWxI7knG4rgkYAxyfh74x/CXx54G1CC08UeGb7THtkETTvbOLdmXcoKzqpjIOB0IwOBwM16sPgv+0j8HtTbWdN0LxPpFzZuztdaW8rQs6MCCyQswdRzlfmB3HJzkj7B+F37Xll4mFt8O/wBp3wI9/Y3CLbDxFf6a6SQ9IxJP5sahdxOTKG3g7QASK4YrG4GLjd4mguVRTX71RUVfla0lpvezv1drHXKGBx7SlT+pYhrWUY/upS93e17a99dO7Px0/s8oVIjxsyWwwIBBzgYOMZHAHbHUDNfU3jmKIfBjwrsDmQXUOHKgDGDlcY6A45yew9TX6m+Mf+CdvwZ+L+nv4o+Cviy20SS8gFxBarMLzT5WKlwpVXaW3GSPl2DaTjkCvjT9o34D+OvhP8NdC8O+JtKuJxp2obF1aziaWxuEQkJJ5i5CLhicuADwM44HZhMfRqylHWEmrck/dk37t1q9G09LadTgxOU4rDKU3FVKaV1Ug+ZOOlpNX913S3t5tbnx54Vt1NlI0m0u8gHJ46ZO4dODhs/dPOSa7NLNS0Mbx/IsiElTgHJ5G4jjp0JwO/SofCsMUOl+ZJa+bIyqQygMoC8jJBJBIGMAk4JyBg40p9RlA8iK0KI7hiFXkKDyQSoOT2/uHpnPPbOqnDZbRs03bVJ27pNd3fW7SVmeA6UpVLy62V102stdrpdG7NX0uitr0cbIYlbKwLIdqnJIAXaPlO0g56EHp/exXFpZSXc4dTtwqqCeoJJXA9c4A9hg5Jror3zDvlmyqSI6/P16fxDgjBAGTkMOvaueSLUFKzWaSiPADMoYg4JwD2JJIPHPQ9M1yNXvKys/vWiV2rPZaruranVFe6op2skvWyim9NfLV+vW2jJpcyQxLIW2lThwAcE9CxzkAnr26E9DWZ9jeKaJfvnGAPXP1xgdTwB/d9q0ZU1ZYVL+btdWJO1gASrEE8HBByOn+7zyalrcXSSxiXBRW4dgGGDw2dxORjoM5Bz1xTTs0ur/ALuvTS/bW/dJJaWMnTfM3rvHfVWvFrTV9NGrbt2djNSM/Z5Y2PlFblhycKCTxnoD1xx0/USM7xrHGsoYjKsGGF2kjqcHGOu/05PJr0/w54Y/tvT5547eW5LXMj/JHkYAG45OOR2wQcgjHOKzrzw5p0djcyP51vcQu8f7zGCV64AI4B4PHHPTFaKF079XovRJ20b1tbb520v0qE4wjLlsrJrVXsrPZdbW03StdnNaT4l13Qp47nRtVvdNlXBMltdSxncGypYKec8dV9cYzx9SeDv2wfGukac2ieNrDT/HOhOiRTQaqiy3IgGAQkjgszbQNzFi5OeM8V8s2OmLciXY8LcAYYgEnGF+UHIJ5zgYIBxznNiXQpDG67VL9CA/XAPI5OB0GCAOfYVhKjFu9uWSa1jumkr9Pd1s9LWWqSsb0MZiISUYtuDaTpy1i37qtqtLtK+1lfZH3/Yw/so/GqxJhluPhd4juI/3QYl7B5m6cMNqAtncc8rgEZBFcr4s/Y18baXYf2p4P1PT/HmjujTI2izxyXKRAbgZFBxkrwQFy3I24Jr5O0zTgmnRFsJcgE5YkZA4AUqcgg9SCc4zXeeDvif8R/h/cLeeG/FWo2iRMpSykuZJLNwpzseGQ7dn8LYycYAzxUqeOov91Uc07XjPXZr7V272Vt/PyOuU8qxcoLF4ZQldJ1KSS10XM47OSvrvr26et/CD4WarBrV2viLTrzSLmAbIYNTt3i+cFhhfNVQxGWwwGB1BA216Z8SfhyuheF9RvkmZpXmzLGMAMm4BguCecHgZGGyMAg16D8Ov21PC+tpFp3xq8HW92h2x/wBuaWFjuVJwvnShVXaVxkHLEdQTzn3Lxno/wq8ffDrxL4h+GHjbTdRFvp32pPDmqzrFfRttyUjMrhnkGcBANrY4DEg18znGKzCp+79lKHMn7yXNFLlWqn0TXdaq9ujPusmy/J4YWMqNWnUlG8/e0qbR923xaK2q8rdWfvJ/wSy8P2/j/wDYcsPh/r9zqUFjfx3C6brFpCjXejsXxFd2r4BSSJzuMh5bAzxkV+WP/BTT9lv4v/DPw5qEHxA8G6H8RvBUM0s3hb436Tp62/iSxSSUtHaeJPsyYnZVxG0sxHYsxI2t9/f8Ebf2ifB1v8NH+GOu6zDoPiCztjBZ6JfvEi6m8k2VNszlU3AYwq8sDnk8V+znxn8M+FPHnw41bwd4i0D+1dP1WyMV9pd1Gk1rdwTIQZIUkyisoOVdeQduCSBX86Ybi3OeCeL68q9SpPCSrzm4OUkpUZ1ObS6taXM2r9ktb2P3Spw/gOJsjw9D2FK9fDQhCSjFtVFShHm1Ta1Sum73S23P8x/VLRIru5hL/wCqcgOcAtjkSccYx05OAQB0OeG8RCPzbEiJTi4CkrweVyTkDkjO7nnJHOa/VP8A4KQ/sd6l+zD8U7ptI0y5bwR4nmm1XQJhEwNjDK5dtPnY5BERbagySQpIUdB+UviMyI9k20j/AEkkqcgggHoOoGASefcDmv7Cy3OcLn2S4bMcLUjUp4inCa1TabUHKLT1U1dqUXs09nofyJxNw5jOG88r5fioypyozfK03FTi+XknBtK6kn0ut+mh6R8Pviz8Sfh5dNd+C/G+taJJDMCLUX0z2jRjD7HtyxQqRkEFSD0xg8/bHhb9u281yC20f42fDzw943s0ZVn1mG0ih1Uqw2l/MiXO4Y3BsjkcYOa/OXQ7Y3V3LAxDPJKAvy45JBwCQT1PoP7vTLH1S28DXbEyRuMqpBG4hWPUEFiBkHg5x049a0jlf1yCnBWla3PFNSTTWz1elut/nc86fEP9nKnCtUvGyfJU9+6TXST36+X5fprpGn/ss/FmNW8B+P3+HOvzHedD15i1oZGwfLE8uVRVbA+UkDtnAql4m/Z4+J2gQi806ysvGmkctFqXhuaO6DR/Nsfy1LOvAztA5JwMk8/lRNb3FhftA7OJYZSA6MUZWOcbSpBwCO2OTjA7e1+Bfj58V/htd27eHfGOrQRQbCLK6uJbm2wCG8sxSF1A7EtkevVTXLLL8XhvdjU9oo7RmnK1+W6btfzV15HSsfleYQi6lCNKUtVUpXjdO2rT077X6JPXT6PltJrOSe31Wz1DS7pFkV4b62lt8lRjBMiKcEAqMHHPOeo+Gf2m7dGPhdsqxCXiqgbKkAkqQeQT6EfdA59v0V0L9vSLWreSw+Lnw30HxRC0LRtqlvbxx3x3DG8FUUhsEnJJJwO4GfmP4teNf2dfGmuWf2yzutIsmgaS0tJHdVtTKSWUOvzHGemcBgCSxwROHq1J1VCtBwjC9pKzXTXo1de8k1ZPey0dvLsPCLnh8RGpzX92ScWneKeu19L9dFbds/OS1gHDlSDnackbcHAHGRz7c59yK2I7eJSGkQnAAwOeefmzyQSCCcZ6ZxnNfYVr8Nv2dNahYWPjSSxkYkxRu6sOQMZBIbpnIIJHGT2q0/7O3w8v4ydH+Jlgu5QUS4KAs2SMBiTnnGcE9h2Ne3Tlh1dqbUrK71s9v5XdO+iSe9+yS86tgsU0rcsl5SX91avbTe7s7673v8bG1iGcRlsEkcgjnuuD6j8sHIqMWgZQ4ZVGSACMlcjtj2wQAO2cZxX17L+yhq06ltJ8Y6Fe99puljLYxtxyuTjBzxySOK527/ZY+KFqDJaxadqESEsGt7pGLnAxgk8gDP4554rZezsmpRcW1s1fZdX232XnqjhlhcXGTk4yeibsttF99tnpbfXa/wAutp7Plo2DDBViD8zDA54HyqOdzdeBnAxXPalbFBEHU5M3J5BOD+pye4yTX0dqHwM+K2lsWn8KXbIBkPAolUgnBYYZs/7Q9s4xivMvE3gfxdYLGb3w1qsZSbLZtZX5GAD8qkAckDPOcAHg5yrxUoOMW27q6um947JPst0tW7NN6l4SNaFRKVNpWd2072Sjq9E+vXa9lezOWs7G5aPcBvYkbV2MVCnAG446nuABzkjuRbW2kw6yRNlWIKhcfTGQSCRgHOSCoyeK6q1+12cKwyWFxEyhWYy28gIYYBDELyePqFOBgZJsNcpcAh0weASI9rA5+XlsE46nruHymlGk0op2je3Tvpey0f3kSxFSM3zJ2Ttu1fbvG/3b7WfXgZLdkDKNyq+GIAORycBSDxx04PXOMVRMBLlAX2kkcghh3xu+XLDPQdMg9SDXoDw2smA0W514+U4BB7nnqOx7HI9Kz5dOQNuGFyBwwJb5jjBzwcduwH3elbRhZWcE9FqnZbR2Ste9vNX13ZDxiutWk2klZpdFZ9VfpbfXlV9+feGNoUTDAYAIyN+QAScgkkHoM8g/UE5j2hUO2CSCxDZwM4I5wc8DHTphT/CK6ltPkQMcqCMFeS27OcZwD2JB6ADj1NUZ7eTGQp2gfwqR1J6jAJGec9wO/wDFhKjKS1h5X7t7Xu7eS9DeOLSslJrZ3e19Glrrp1asn+Jzv2X5iuxsYBLKxGCxOQOD1yV46/Xmo2ttmQFDHHIBb6AEjg8H16H8K3Xt2JC7G6AnAHIPtkdRzjHBORjjMZi4MZG0FiAACCgHXn5epGM8Z/PObw8eW8lJvZ6X0smm2nH4r2XTz2N4V1Ky5lZb6u6V4q9rtXu3srdPNc9cqYFt9pIDlsg5HXPQjkADgjnjIBFXrW6uoNvk3U8LtjBinmU7jkgDBHTB5OM8E+tGoRfu4PMypEjBcn+HdnJHPuMZ5xkelPt7dl7DB+7kZ2rjjqSeOnfrySuaxp0ISk+dcq32vpp226brd69zonWVOEOVtuUVpd76Py89/Xozft/GPi2xZBb+I9agYcKEv59qgfd43cAZPJA+veuusfjR8TtMZPs3jHVlKAbRLPLLxwQTu45GOM8DAPUGvPzFkDJwQCQFHrkZ/PPAOcDHcU3A+b5ck+o+6OjHPGQW5CjHuBjjVYeD1UlpbR2j27tr7Nte68m844yrFK1SSu0vdk9bNWd/XfXdeh9CaX+1X8ZdJZQviFLoLkYubeNwVAx8xIPGODgdyM4OK77S/wBt34mWoZNR07R9QQkcvGYi20jrgLye2e4OOor4/EYZSSpGVULgjt/eB5yccdRgc9ea0kJHmEjhx2JwoB54OB0JOeo4HXpm8Mo7Tum+muvu6eb1tdvR310sbU8wrr7crNRtqmunktmr7bO3e/6EaX+3Y7Kses+C4SGIEklnNIWwOoCtyDz1wAMnHXn0DTf21/htcqF1HRdUtGBAJ2I6p1534O4AgE+/y81+WGxtyIBtIJ3c8HAPK8nnJyc4+vq8oMn7xPQ7icE//WHqDzWUqc4faTd7rXtyvbTbRadVsmdyzCc0laMlpZcvV20t12d++je11+wVj+1B8EdQKt/bUljLKRuS6t32IQeeNjDGe2OmScHmuD+InxJ+GfirUfCrad4i0u7SLVopJiWCGGLdkySBwoAHGARgnt3P5cgBmbIULgckjPYc5JByP73PY4xgZ15JHEYvKKnc5Bwzjp2PceuR06Z54wkqrj8KsnrpomraPz8kn5761HFN/FTjZpaxundNXdrrRrTy31sj98NE1b4cavHGltqvhy5mWNFdjLaKJPlAHJfAxgk4HfaeoNdP/wAIr4Qv42dV0mUkjZ9meBgTuHQKSSAB2HQdfX+fyz1G+tRG1vd3UHfMV1LHgjOM4fAzz19h0O2uotPiD4w08o1n4n122ZRuATUJioIHAA3HHPG4euCcYBS9tpa7SstW+67Wu7K2u/WydjqWPopJSpJbJ2aSt7ulntfTs3o9NUfubP8ADXw8S3lWsiseVa0nZSOM5xk8Z9DkE+1ZzfDeGMsY73VYAy5AeYPgn5v48E9AcZywI4wcj8ddP+PvxU0077fxnqxCAELczvKvB/i3M2R6jdk4I9q7zTv2ufjDZook1+2vRHg7bmBCSAccttyOc++R681oqtZXSvZpLfXp0aaWr06/c0VDH4KfxQal7vSLvfl0+e3qu2q/Tz/hAL6N2aO8Mxxx59tBIrDB6HnJIJx125B4BXGbN4EvpGUy2WnzgZGfJS2LZ6sGj6kfdyAOAPUg/CWm/tzfEW28v7bpuk3iJ9/om7HByFAJOABjHQ88V39n+3gZYkGreEULH5ibWYsQQD2ODyMcAqD65619arQ6NWsr30adtX+X6WFKeAq2XMo38td4226avX/I+m5fA5UO0ukTIRkubS8YqT0+6x7ZGOQSOnasK58IW6o/mQ6vAoBY70SZAcseG2sTg7WHX1yMivPNK/bh+HtyqrqmharZlgBIyRRsORj5ckYGPTnNdvZftbfBTUISG1i401mB3LdWm4Ln1Owk8jJGTjOOPmxvSx9WEk1N2W6et3ddk3ffTS1uuiSeHwMlZThu1vq17vkui1ueb+LNH0ix0q/uZp54hbW0hb7XYqyyA7sAZUYA6c9emTzXD6d4Z8JarZafM1hbMZrcM0h0/wDdyliG3DaucDIHHA47ivYPGXxH+EHjPRb1bDxnpck01m6C1mcweZIQQu0ELhiWOD0wCCDkVtfDSDwMdF063fxJpUk5t1TyRd2oEByCow78DuDkHPUnkC3mtSMrz5JRSS1T6qL10aS2V976mDy2jUb5JRsraqS1dlvZ3Sb6aduqZ4U3wl8HXjOEsNPAZcsS88QBUAc/IBzzknoMZBwaxL/4D+GbhT5cChWYDNpdgsMk7RiZkAJzwMEDGeQa+97Xwbo10CLe9sJ0wD8ptZWbI5HDsDyeR/d5xxzDdfDGzkBXyoO7DyoDu6ZyrJkE8DvwTwWGK1jnVFtXpwdrJKKS1062eq9f+Dk8kqxXut3vzaNP+VaatrTe34Ox+dV7+z3oy+YILvVIAACN9uk0YOOfmjJ3DJwSDzgA8AmubuP2fEO7ydcRQA5KXNnMoAAyMkRHnpgZOO/rX6Py/DeCIMY76+tiF3RgFinHRcHgEY77gOOc1Rk+H2puhePVWdZFwPMt4S2cDG8MNwIwBnngkgnHG6zPD3aaV2k1tpole+9/Te6MZ5RjFqot8qsr6WXu62W/k9PXRn5h3fwA8Q7XltLzTboEEY3+WzAYHRyMHnqRwMg8Zrjrz4IeObNyV0sTh8gm2uIpBz2ClyQeO3qM96/U+XwHrVq5crptyCpH72yXcWOPvbBgZHGcggE9QcVQl8JasE3v4esZFTcQ9tM1uxPOTtQcMT14PHIUEYNwxGHktXF3tZXUX9npZ6bXdt+vVc0suxcb/umtFr03T7Jt99Wu2qufkrcfDPxhahjLoOogITkiAuCffb/DySQBzxkgjA5m68KaxbuTcaXew7R8ytbTDgD+I7OBj2PXPGPm/W9vDzJIRLoGtQ7i3meRcNKu3HJCu3PPfAAOCTzzC3hXR5RKs8erQK4AAutOiuAcZJJPJIBHp0HcjA1SwcrWdr+iS26v17W8ro5p4XGQSspKyTV079HfRvdO97d+jPyCm0uWK1kDRlGLrkOGHHXALY5B7YHI4B5xs6VoYmAeUgKTtyGIJzgjcDgZ9Dxjkj1r9I/GXgTwkNIikH9nXBN3EriTTEtZFUuQW3qgJAB7dTxVq4+D/ga9t7dLZvDQnkgRgBcSW3zBQWzuUAsSMHkYOOuBgp4ShKo5KUGmk1pZN2T2b109d211Zz1frapuLi01rpzNL4ddn1fZp6Xsj4EvtAjuNOAVVEsYxHgg7iA3HXrwQB3PvmvPLnQXUHcrLhjnPy4xnsRk9yDj3wORX6OzfAHTJU2W8Fu/VmNnqayLk4HIZ+eMY4Jz1xnNcrqP7NUOd1vHrEJOcbFjn64ydyyEkcZ5ORnA4rWrl0arUk4W0tytJX0fV3bs0nq737aHNhq+Iw8ZKcZNuWkUtVdwSfpfV2ulo9NT88ZdFmRyQD93aDgsMHv6fn15655otp1whJZG25O1gWIOPYfiMdK+6L/9nHVbbMlveXKldwSO4sZQ/QfMdkZ4OTk56ds4rlrv4AeKociN7GYMxZQySof1VADgg7T/ABZIJ4B5P7JbT5U9HdavV6K6s76vW6S6+p2RzCal70Xbu027Pl3tbRq7s9n2Pjv7JcLuJQgdSSDgKMdgMk+hGcYB7Uw28m4KUIyOhBwRnOTuzz756cDA5r6g1H4J+N7UF20ZLgYBzbSocr0yACxbp0AzxxxXLXHw68RQ7hN4cv02cbo4zIAAATuIByCcnn5s5/hxUvLJpfDK6VveV1ZKPprovw6o1jj09HG1n1SWj5Ut0rLt06s8H8t1z8oJPJGCx5zu6ccj73XoT9AqwUggkDIAA2jJAPYZ4PpzjjgCvVLjwvcRFzPY3UQTcMNaSALgHjIUjg9TjgDIOc1mSaBEFGEKMeQHV0AHCncpzyce/fkE5ODy2onePK/W918Gmrv6bpLZK5axlN2dra239LJbX8te97OzfBxLsdcHBYE44P3RwRzw3HToOfmGKc4ZCjK3YnkHuee/XPG7HHXHFdDd6d5O4x+VlAQcNuJ+9wP854GDUttpazQpIEXJ5JOMg59D97PQkhcHKnPSuV4WopcjSurNa72cdrrTRr/I3jVhJcyt2d/ltZ38t392hy6555wSQRjoR78e3v8Al0QF8/Kep5GBwe/Q+hBbn5ua6z+wSRgZIBKnt1OeMHgDuDyenrUf9gS5IUkAE/wgcfT2xyfoMDrSlhKy2jdW5b6tv4Xbfd632Wu2qLi4vaV9erSd73sl21VuzXlZ80S6l85LcAHAOOvGSR8vYd+oxxmlWRlDIR149eoB5OckDp3zxnpxuy6FcrwoLepAIySOM84JBGAPY9MDNJ9LnQHKk456EHn3wQT/ACA9PmOPsaiSvG9rNXje19tNb3T2fpbtd2mtnovtLst29Or+9+pmb2XLc/Pyc9B1GSCeoOccMc0qyscbQST8x55OeTjPTp82OnQcZAvvp1wAGeNuVz82Pu5znp245/A8n5q7WcwwApGDjKj6Dge/cnA5z1xUOE3pZ2itL9L2ve2m736937t6VvtWWm7s1fTqlZ3f3pJpdCuHbd8p6E9/mAOF7Zz3HPPOM4qZHcDCkHjnOQrenQnPI4buR061GLd1YgJ0PIXjP44689D935s9BVmBWUlsfKCoPfBGQR7nJ9SO3So5JK7fSz9F7q123b/pCd07RV/m7aW2V+mz0X3XL0M0qBRGzISflIdxlWBU/LjBPuBkdsDGes0PU9Sto7mS31W9tXTCp5d1KobrjdhsjPG35evPJAzzke2TywUYEnABIUrk889jj6c+mMVoWIKmZCDsZ1UjOenvk+nJ9R0qo7vVpqLS111tovRX128kUkn9prRLR2t8LtfZO6veyXlax+rniH9rz4oeJr6a717xjrutSTuXnkmvZ5GmGAFDO77iB0BX07YrCj/aY8ZQQNHYzy2aSghpWMryuuMZydxLclgccEjp8tfLMepwKMqqIoZcfc5AJOMYzgZHbnd68izJ4jS22xvDF5ZbCsVBbA+9jgY+gyAQP7vH5NT8OchjFRhlmG5YtO3s0tXyt9FvbV21s16favjvNpTcnjKqu9HGbutrJa+7p9lW07JO3qHiX4v+JNX8yXUNRu5xIG2pPNIyqCC2djHoMkgHnqNxU5bwvVfF8l5I6vMZCSwB3BTt7EcnlWyxAxk9DkAVNrmsJe27qmNqoxWQ7BIQMkgheR1znA69cDnyS58ySRzHJhWGWPzLwAcAYzg/qSOCOtfUZXwxgcBGLo4elSSSSjCCjpaO3W3n3tpa9/AzHP8AGY9v2uIqzcm25Tk9b23b/G93+Z00msOxbdJwx2rtywHbbnPOT1PXnBbHJx766J3BmwUIJJOXYk5G3AydvPAHyjgDkEc/J9oj8tWkO0knceMAntg8jHXHPXHNU7iR2PJchdxDEk4B6duTjGBzn1Hb6mlRp0lGytrb/t3/AC/PXZngOc5vV3Wl+7vZ2uk9ra7NbPVl1rl98Z3AjI6qAcE5B4PHf16FeelS53ENvBDNjJOeRjsTjpnsOO2DzzzSYLEsGZscAHABUjDd8ggE+6hQBzm0s5KoDhgQQScDOTjgY3devB7Vu5pJJJL/ADdkvXfr12W4nShOOuj0lrrayVru6srrR3TTtfTRaX7tn27kIVgC/A4J67vvHJGfcDoDjD5U2g4LFS2QSTuB6ZOMYHXbngjJOWNU1aMu2SQwYHHXkN0bOOPXsSTwATVmSZcjayyEkISBjbnryRhsYGMZA746VwVa1Ry+1y3Vknr0VrycXyvTzV1qkbU6MLJWTtu9NG2rrV31ta6b6WWxVLtGPlbJXIZm5VQxyBnjPOM45PtwBEkpZANxbncQDkr1wOTg5PA5HIxwSKsyWjNufJfcAW2sMMQMnnv1BJ6gnA6HNZLdwGVRtH6sDzg5wex5A4znpRGpqrytK27b1S5fK2ui1e/dvXR0lHRJbK2notbO271X2n82WY5CoCZA+bJLKOMk4Kn5sdACRnoec9fcfgX8M5/it4vsfCqXsekWtyZJLrU7llFrBGp3Esdw+Y5wAeATkHPFeFRpLJiEFSwYfMcnaCeSWAOOOvqOvAr2/wAB+ObbwHZ3JRma8miMfmRMwkUNgnyyPmTA+8cjjODyM+fm1TGPB1YYGaWJlC1OUk5KMrq0nFWTtZ20av0NcMsPHEUniYuVKLTku8U1dX3jpbVWVrK99+/+Pfwl8P8Awp1yz8P6Hr/9uhEL3s8TKUWQ87UlXIfOCMbuMgbQQa8q02+eGZEWNTHgFM43cc7j1BHBHBGTjA5xVbxT4vvvFToW814wy7Szs0pLEgksWLYBPue544rCh0+6gYSTy+XAqny8yn7wGPm78du2OSMEkedgMPjIYWnDG1vbYiMUqk9nJ+63omkrJ9LaroZY54eriKk8PT9lTbXJFN3UVyq2qu1576ptqx68fEyuY0CRoChjYIVyG6EMBjAJI6EnoKwNf11fsQSFlSaMkFwAGUEcDO4KSWOc4zlW9ivl93qyJI0CTu7Llt6nCEk8EEHnHOPlHHbgVmSagVVlfdLIxLAucgDjBIycnP4gcZ7neOFUJOXvbppK67XT0utrLXrpeytzRjtpta2lv5U9Em1ey+0rbWuyS6l1C+m3FmkKgHaSSM5IHQcls9M4ABIycVbtYNUWZHVZA5Ixw2RkEYGOefXA6dt2CtnrUdsse5VB3ckoCTxkDA/I8jgnBHQ9BaeIQxe5CokoYhFwoj2YwcDgg9CcgegAOBW85VFHlUE1bRtq+y1V7yunol57Wuaq6Sule7srO7ta2/d2Vl57Wudt4S1rWfDs3292w6sQFLHgEdSh+8SAMDn5c9cADutR+MnibV7W5sZrkxwTIVI2lAIl4KDHXdk4XAyTnlsV4pd+IWlZI5SqFUyNgBz8o65yQ2ec5JPoMjGJJfNMCVkJweAflBBOcnAAwOMAfqTz5NXLaeIqxrVaUXUj8F909O+qdull1TWiv2U8XXp03CNSUYSaUop2XRvS+ltdHu/NnqGn3kbv9o3hNjEuCxBcqcnkcsrdMdxkEjOa7aPxPd30wjTzIQE2xBfukBcbuyjgAsOMYxyMCvCbG88pfnLOFYOd2SA2QRkMACfw7DOa9z8FaDq/isSRaNbNczJCXkSIcxofmbeRlgCMEKOcfN9fOzCnDDU3WrOHLTTleTSUXHXe9k301uevlVTE1Kio0XJuco3Ufib02Stp1Xz01PsP9mT/AIJ/ftQ/tcJc6p8FvhdrPifStLdmvtfdRa2KTqciGKaZoxcFOriJnPByBwT9RftJ/sc/tH/si/CrR9X+LtvYacmuu9p5VjMJZLQwqy/ZplkYO0wAG8qCuM4OBiuw/Zw/4KoftUfsR/BqP4ZfD/TfDmn6HJPP/Z2r6rYRPcRTyqEl2MyBpmz/ABMWOfunOK+Bv2jP22vj5+1v4jmm+LHjvUPEbNLNLY6dva30bT5JOHa0s1zHubLKGxljwMkkV+BJeJnEfF9OpWpZBh+CsFipuM17TEY/E0Y8vs/ZuLajObTc7qMYrZXSP12hUyHI8sqxc8S80xGHhG2sVGrLWSmnZKK0cWuZ783Q+XNF8X3Wk+IzdS3csFk8reYYS/miEsCTnIIbbklc4xkE9AfsfTvjV4O8RNpei3klxq+ntNZWYmljKy2lsrKJmGSVLE8FgcEA8Dmvz+8QxNaXccGWb5SZS3Dk5AKnGer5O7PIOcqc51PBrXcF1BPFKVj81yYx1LDJHYjgjPp07ZFfrWecHZZm2FhialJwxFKi1TqQXLJS5fdbsm2otaffbofMZRxLjMDVnhozdSlVqRlOnN83WOtm7LSS72s7XvZ/0ZfDH9nb4L67bWmv3f2zUVNsl1pUTzqcL5asBJCTtOGIJQYyvHsPzM/aKFj4I/aLnstKt4rWxtdX0qeGKAKqIivHuBQYXex5bgAjd0Fe3fs1fGi+SXSNHnu55LuGB7eKOR2CbAgC4ycgYwAcDKnPXivkj9qjV5rr42arcTSkzObOQy5OSRIG4HBzjGSAApBywBr+euD+Gc9wXGmdYLM8wr4rB1MDW+rU6km4QUmnFKPwppS0tZpJa9F+rcSZxluI4by7E4HC0qNeOKoqrKCSk3FRum7Xu5NXTvbpsj9TfiVr2nah4U0cpLEZ7/T7EMAAMJ5KN0BIY5wXJIwOmTgD8r/2iLVI/EljLGqYEEagjALBSo+U5weegwOxG7Jz9LS+MTfeF/DqtOW8iwsw5clgW8tV+UnOSACcHgcHGSBXzt8dGW8ubC6Kgp9nQBwOc5XJX/x7GSRnt2H03h/ktTI81lSnKSjOvibOTuvem7XTvayWiT0a7Ox83xfjo5lgo1ElpTouKSXwqMdNN2m9bWWt/X5G+LduN+kXG3YfsMeSV3EnAVSD1wcjIzgAHjpXh6W7M5XAYsSeByfUk855AG0AEE8nOcfRfxageex8PvDE0rm2wdisWOQAMgjJO4YI9M9K8vsPB3iO8j8yy0PUH6NvFtIFf5SWKkjcTjqRgd+wr+ncoxUI4KnzTin7yu3a+ttG7a76XV+jR+JY7DVZ4iSp0py+FpKMm3fluttX012aexw8cRM0alWLK5IyCSVUnk5BGP1BHTsfYvhrb/8AFZaDx966hbJBwPmUYwcEZPbGOQfes/Rfhp431S4VbDwtrN3KJNqLFYzybnLEbQEQ7iT2xnr6Zr6k8O/s1/G3wouhePNd+GPijTvCq3cAm1+70u5g0+EswIV3dFCnAB+YqQcZHWvapY2g6lKEqsFJzjZXjq3ypddb9FZvRaJI82WCxfLJuhV5VrJuDsknG93v+mrbtufT0+5dkisC6RhQQFIBKgEMCD0Bz0HJ3HPGc+f51YBlwQcgoMs5PJPOduT1PU84OTW/Lbbnj+QkFBk4OWG0c9gM8YbH8PbJzSa0VWAbChiSW4IwB0PHUYxk5J7jGBX0Vou3W6Xe/S62ejv1V9OttSKvZLRrlVryWvu6K3lpd2du7St5x4lg/wCJVfqVBBgfcSCcgchcY44xwMjGPrXgen2axLKSwDuu5csW2gEgHA5XI6Y49QSK+mPEts39m3jLg7oWG0cH8ixySDwR1IwcdvBI4o4mC4O50IIAB5yOMjoMA8c49xnHFXp3kmvNL5208/JbrfsKTl7q73SfW3u21Xb3l1fzVzpvCX+ouEPKPcEHJJJ5JBJB6H36k8mvQIolRlypDJnbkHkj1K8kKoOOCR/FnOa4nwhBvhvcA584fKSAeD1AxjAznAyec8c47yBTl9zEumNq5+YHBxz6Edgc9hyKqkrwivT13V09+z1tp6mybUE2m/J6NNcujul3T0u0r6aCGMvt2qMI7FmIGV3DLEnk5IxwDyOp5Neq6DEoexWJnAIUktkc8Y9QO5GeoGTXmrJt2sFIDnc2WPJJyB3x7nIB+XjPI9E0J5BcWTMCFbYQOOQOueeD2PGcn8a93KYr2ktU9Fr2vy3dmltd36rTe1jwcyacYX02ba2SVt7dFp17t+X0HCgMEDKCxWIMTuAxwvB4GcdODz044pwCODnHAywOcMM9MYOT/DjsOeuc11uGNvEmACY8nA7EBiM++OewOM8moA7gksyhVbnAyQFzjHToMADPUgHgjP1CUuVb7rZtaNRS77dX0Se71OKNXZ3ettndWslZ6rXt6a6bTvG0h3M6qcg4BUEEcEYJBztwBnGAQTnJFQyqm1SshLAMQCCMMO7Eev4hjyOgAVXdjgrxIR82PvAk424wAT044OATjAFOIVWaNkPy/dA9T/tZGQDzxx1zzxSSb0029b7WXVdvJLfqauqltbVb6rayW/y2tu+5FHGSi7icMGyAeS3GD0zhsYx6jt1rqPCMjDVIi+1tsTjHKq2UYDHqcDjHU54x05zAj/hKgsQSAXxnGQuTnttBz0znoCen8KlTqKlVZwYZmDZwQVjfjp0wVGFOSDxjkVzVk0pNpPRta3uml5XW17M1oTTlFuaWz66arZfPXp32TPwC+O8xf4r+PCQuR4hvdoBOVUyyDd6DuDnnjqK8UlldJCT1Yjbzk46YOSDjuDgYIOecmvXvjo+34q/EBSpG7xBe8Y5VTNJkAk+rDJzweDjJz4i02JWB7BcYU7hk89evQk4OB90jk1+Z4qEZV6jaSTm09EteZXve60XZb6NuzPaUlZdbLt6d3/Vr6WNjz5I0YjK7lw2ME5HXnjHygDk5BAxxnILnzPkR2LDOQzYADAgHPBOSc5GMj6VjXFwyxlAeFYsepIGD1IzjPRc/N2U9DVdLzZhlLAsQMfMQfmwc8ZIGQPTgDjBNYTg2+WK1cbJNbaJPVrltazvdO713s6ulfVaWb22tprppr6XZvlJY2AbLZwVG/JA6t7EY6AE7jx656628VXNqsMKyNGkKhWWIkBkP3QeBgntjGDkE8DHnb3skigBQAGAYhSGPGc8855IyvcHAyauQRSbw4UlSRjgnrgAH1yMdu44PSuOtQTjyzSk09E7tLZdVu9Vp36IyUlBqSk0915baeasnZXb1S0Vr/T3gm4OrX9nO/wA8MpWJk2nfhvlJC84BXGCfXnJAz9O6p4U1Hwo+l+KNHDQwKYWieOU+ckoZW3FRuO08BvUnJrwH4K2enpDJf3oKsqBYUU5KFSCSV5GC2RknHQ+pr6ZuPiPp5i/s24tleEWvlbGAblgAJFBwMqByQGBK9hyPg86VSVdUaNN8jXLWV7rlfLzJa+bt1t1Z9HlUaXs5VKtRRm2pU27e6047W116J7PU+rPAHjyXxL4buNO1TUYk1GSNbiaKQIVnEaYXaefmbA3A8g5zxnPml74hv9K8SyXN1J5ujSmSN4GjVlAAIKBWG044IxlgvPfFfN+j+JLzSdZjvtMuUeFm2CLcAQGbLrt6AE8AZJAzjgmuw8Y+NvtNssMccbXzxM4UcGJioyxK5BcDOCxAGPxr8vnwjOhmFWdGm/q2Im5uF7uMrq2qva17pJp63Z9q8+dXBRp1p3qUvdTurzSslo2+Ze9JdFd7738++IWu2Fxrc9xplvHaxJPkhAQzMSSXGNvyYABHODxjg0zw7qmqa4IrZlknCswWRiQycjG3r8qgdDwRyM9TxMkMuoqJCjG6Vy7hgwAUEcf7vQYPB5A717D8MYcXkMMypEkjlDIE3eUzEcjJG3BPJPHI5yMH6TG0aOAy2KdpTp01q0nJfC1zarbzd7631PlaM6mIxTanaE581ktHdp7X5U/ydlezZfewaxm2CZ0eYKGLfKcdxwOdpXA5HY9iasXGjRTxpcNLuwFjKbhvkJORg9QO3CkehPWum8baKbCXzDIzoZF8qZPulTkgkdQOeN3zcfNyCBx1tdyGa2hiUSrGC0hIzghiAHOCARnHXjsNpzXh0a/tqPtac3FKHno9E1ZPVtavW3nbRepTjKnU5Hd3lFRSTb5rxVmruyer6p97aHpdj4amu/DtxBe2rNabFe2DFiI3JwoA6F2IBwQMkdOBjnLz4C3+oaXd6rGrW8VvGJHLjgRjnaM5BZgMAAZB+oFfrL+wp+xlr/7UmoW9tNK2m+CNG8u+8T6uVXcilQ8UNuxwpm2gkDKqADkDHPTx/s7t8S/2kPHPwK+Evmah4T8GyXltqHiK5INlGlqm2e6lcExvJlcRwbj8xI3cc/ln/ES8DhM8zHKoYl82VU3iMbW5bUqMU4R5JSS5faSbShBO7ellY+0jwrUxGDo1qih+9UVGm7qfvpSUmktrR3bvbTY/D7wf+zh8Q/iJeanZeD9Cku00+yn1C8vnxDZ2VpACzyzzNtjJCgttDZPIxk18+6/4dfR9W1HTZXhNxp9wtvc3ETiS3Z43CyNGynaygqSeoOOp5Fftx+0x40sfhZ4Zb9mD4Q2F4fEtrLPF498TaJbNLqVy8jOjaas9urPtJXMmXIVWwcgDH5deMP2a/G3hjRodT1uW5t59SWS6t7GWOc3kqPl8SFlB3kH5s9eTgV+78EZlmfEeW/2rWoPDYHEJfUac01XqYdW/f1Y7x9o9YR6RUW9Wfmmf4fB5di/qtKcalSL/AH0rx9nGWj5U7Xbi3a+2lr3udP8ADGw8CXOiSpcalDFqEafIoZGmll2gELk5VQSuNnJHAwQN3u3hvRrbT7FllvS1odtwAJQSCCSpdmPLDggc4OeeWx+c/hwXHh3Vy1y8sZjkdWjkZ0KsG2/MpOAR06HknABzX1X4W8QXOtwpp9nIZmeeJFVyS25jgDduUEHIzz047V83xXwvjKtapWjXlKhVfNOMrvki7c0Yt9Grq1tk76JJezkeZ0VCFKFCKrJJQcb80muVbro7bfy9+n0pZftK+I/CuuafBDcTz6Xb4hgiYBy5X5FIOflXGOc469+TyPjD4z+KryW+1XzZLS0kkluIrKEZjZ5hjzZBwC653A47YBbjdgeOvgvrvha58M6hqN5G41iOK4WFJQ8VmJiCBMucK+3J2suRgY7NXVeM/B2iaTotpPe3yqzWZCRKwaKYtHtyqZJJDDAYgnAGDXyOA4P4cw+JwuIpYCFatWmo1pxppuTXLzOdtJK+mrflqfU4nMM9nh61KpWqUqdKN4xnO3KpKOi1Xu2W13o09bafnh4x8a3+q6uZnupJSbmSRzI7tsYv91QenOBgYxwCMDNb+j6kt84OGkmICNIVOxOACRgdABkEfLnpwayNV8O2A1W5ad4khE0siEHZhQxIBPPJJOemOCCa6nSNc0PR4hEsQdV+Z2Zd+9gNoAI6ducdDyeMV+4SyylTwNClg6EYRhCHJGCslaMbe6krdn1+Vk/zBSq1MTUnXqczc/ebcpXd1tZ6d73btsrbb194dX7GLnShIssyHcCMF2x85VsAgYzgHGck5JOK4aKbWdOu5LdBMsRA8xdpWQvkAYYAcg84yeBtLLmu/XxjJfpAmk6RqN2ybkCR28m1ATgldin1z07celVrTwx8Sdflf+zPDV+EaRn3SwSbgeMHc67h9MfL0zjdXHQyiu04YlwcZxaXM49UtOWT2u2+l1fTU9GdVWp+xU21y/BFpN6P9Xfr06NHoGnajFPokNlqVxKkr24yMsSi45QEjAb1OQVzgZxWhZarrV1c6N4V8OapdxRX91FayQwh5ZJWlkSMRIiAuzPkAL3J/CsPQf2ffjZrM/mT2ktpag7ma4MkUaREZbczAYA5PXBAIAxX3J+yR8B4vDfx7+EOpePPFGgWmlN430VXtnkWWcOl5EYz5c21CCyhTuLAEgHvjzIcM4DDTnOpUpVkpe0jSSUo3jyuLVnbR7O++luq9anmGKjTV4SoxUUpVZNxlJLl3tKLtpbs+l76/Knxw/Zj1bwHam51/wAE6/p9zeRwXNvfavZPaR3/ANqRZC8PmoCyljgHJIUjIGOPY/gV8P8A4b6v+zV8WLHWLQaT4tsVjayYbEa5ljjIihhLjcyMQolIGSx5znNf0N/8Fu/Evw803wbo41ObS9UuNFTTo9CsdKgt4pDaSW6M887245kOAcDcE7Yr+T+//aN0m1uZtP8AD/hiQW+2RJY5ppRFcSA/K74BDA/eBYDJOBzkV9dQhi69CFPCRmoQqRUZJKCcY8rstbWey11ad10PPw+Iy6FaVevUpupOEoyi4rVya1W+qaTbUm+ttbnk1hpmqeHtaglsLHUZdStXL2pgjlxBKspaNlZRw25QQwOSMdAQK9s8NeE/iV8SPEF1ceI9MvXuLyNN2pasJVeOOIZUIZsl8AEJnAU4BOSGrkF+Nnj7ULmJND8P2doZiUD2unJLMFzhWaXBKsMdSRjrg9Tb1jW/jncKNVutU1G1t0QMRHdeSFjX+8keAoAxgE5GDkkjj6GnhsTLlcqdOMlyXbfNa3LvZa3dtFp1PNeNwNNzj7SrOHMpctOPKte7atqrq9rb6n6HfGH9mP4YaL8DvAPir4e+Jbq5+IV8Vi8Z6Xd3MPmhowFP2aNZCyRRkENuVR6gnBPo/wABvD/w18I/DqC5+IvxAm8P6jfzzRC0s7tUYQpggbFk3bskDco246HqK/H7RvEHjnU3vdvinUftaSeXJ5t3K4CscuFBYpz3wvQ47g12Pi+21+bTfDKXWpTXVyqSIeZAeT6ll3NyQOBxk98jbF5fOtl9bDVazg6tlzwVlFaNcutlbVeV7bsuGb4ajiKdelh04wVnTlJtSb5Vq1u1q3+DufrBrXxN/ZpDSR3OrXfiG3tF8pWvLySd5lX+HGCCGOfl65wQfTyu6/aE+Eum3BsPCXh20gG9YoyLaP5tzAKzykEk5IDAgAAE55BP51aZ4Z1mWxZ4oZWc5DZ3EjJ6Ejoc54JABJJJPFdF4W8HXv8AbEUFw5BaW3ZY8MSw8xCxB5xgfN79yeo+MpcOYGg+ariataS1fPUSTaVltZW8m+uqumdlbiHEVHFUsPRp35bcsHpt1elk1Z3d1fq7n3j4r+O+tWYh02AWUEcsUE2+KJDIkdwY8KDtwSAWBwDgEcDofoP9rj4h6t4e+B3wouNBZvtF1o3n3csyqAGaFSQmCCpIYKCOAvGWJxXxJ4s8L3F34l022sbO6uRFZWayKkLvuEZQq5wNpPGeTnPG7Oa94/a1HifVvAnw60QaVeQafpvhzMsstrPHFxEgO1zGFbIGBsLEZ6gHA9TAyynDpUeaF5JKMVNNyScXfWVvw+Rw18ZjJv2ruuW+tve5klrFpPRdG/lo9PzV1b4xfEG6R0OtvaRuzbo7UlSAT8yLtPJyckHnJODziq+m2+s+Jdl3qF1f3SOAPNmnlIlycYwcAY5BGP587q/DPWXW2kGjyC3uG877VJGyxiAfekU4yEAJ5IJBGORX7hf8E/P+CTPxL/a+8Bnxd4d1bw5onhzTJltJLjUrgie6m3ESPbxBTu2AZJyAcHkYArHPOIsh4dwccZjq9LD0HUjRi+Xmcqk7ckYxSbctHdJX0bbepjhcLmWYVJW55qK5pNySjGKaSbctEndaxu29nfb8JdR0O801vJjSKJwCCiJukIIPVzk7snJ7cnHcVxt/4flvAVaGR25Y5VwAcfeKgEFuPQjIIB4Nf3EeDP8Ag268JNqEF58Rfi0gilC+Zb6TZxGFWAG4CWRk68qQSVwMEccfSth/wQ6/4Jz/AAxtXm8ceLYryW2jxdXWr+IYNPJAUlv3Bn6kqwwFPHXIzX5tV8deEsPf6rTx2Lak4P2WHVKLcbJq9edJ9ElyrsuyPQpcN4zEzUJV6Sa1tBVasl8Lf8OnJXlppdJduh/n2eHvCjNPDNDpc19PEV2xupChkbGcYzwx6dsDAOQa+h/Dvhr4m3cVzDoWgajFbGJWL21jJsYEZLrNMiDC4ByGIzjrya/o/wD+CkHwy/4Jp/s2/DDUZfgHquh6j8SNOZH0vTLOf+1jcSKczSXszLsWFQoOFJDZbPAIH8yvjT9sH4s64kFjaavbaTpqIIEtdIt47XfApAK74UySegzzgZ5OK/ZvDriPK+Nsrq5pVweNwEKdd0IUcVTVOVVqMZSqQabc4NNWkpct1bW1xYvJMNlNSnHF4pSnOCqKNOLjNJqzUk/eTel+Zpq1+6flXxz8J+MvAd9p1v4smu/tGsWhvoBcXA3rEDgKyozbcEY7EYwa8m8B649nr1rcTTMtrbypI6xk84cNgEY+U7SM8Z6Yxmu08Rp4++L2t20l6NV1u68tYrWWd5XEduQMorN8qhTyOB79CT1Xh79mvxheN5dxcJpiGWJSpz5zDcC+B13AA5H1xyDn6vE47LcvqSlCrGnSg7xTac5WUXola7bs9O6v3Pn8XgHj51KFCnOdKSdO71unGK102lrfV6O/U/d79jv4v6jfy+FNL03UETTdelsdLlaTcRp8LSxxy3MzgERbUyQcgcAkkYx/SIvhf9gP4RafpXiDxNHonxC8Qrp8F7cxagU1QXGoMgMwhgZHjAExZQDls5IUck/yffAyzsfgtocekRT3l3d3VtD510ygMGKgFoslmj5OBjDMAPm619t+HvHMN34aeS8hvJbxZ40sGkJZdp+dwWY/MWIyRwOSC3Sv5h8YK3EXGuNoYXLs1xWX5TQi6U8PSU4urU54N1W00pJKLUYzjJat23PsfDTgDhfhOFfF18JGeYYmq6kq8JRjUjBtSdLm5W4qTs5ODU973ufuVe/8FCPDKwN4Z/Z++BFhp88zi3ivI9MtrG1t1JCrM4SFUKLwcsc4A5J5rwn4xeJf2kPixZPp/jH4leG/Bug3lo8U9hps8YukjmU5R3jJwApwF4OVzkZNfm3pHxU8T6e88Wn7rGN0RHjt0ZXKj2C7QfUbs9DjpUWo+LfGGuyMpe/lQgs4d5FzxyAS3AyTx39uAPxPL/CbEQxkK7jPF1oTjN4jEKVebnFxakqUuWjF3d1aErd1Y/dP9Ycky/D3w9OjQfLrKUpTqWa1TqVJcyTW9pJW0S1VvlT9qX9mjwl4at577Q/F1x4l16PzZZ5ljDJJLguCJAXZmY85IPrjGGr8qtB8F+KrjxGkmoQ3KWragscnmhh+680ZIA+6AgIBH+92r9s9f0vVb5jHeXlhaQOP3gu7uLcvqWMjg9ODnOO5PbxHW/C3gLTb8XGs+MNCs1MwZoYJY5DuUks25BwR17DOBuGQT/TXC2U5vhcF9Wnh6+IlyJKUqTvtGKSsrKPomtLH5HxBneTVMSqyxuHp2bco+1ir3tZtub2ta2ujtZ9O18FXvgPw94ZsbBxASLeKN42jDMZCgyRlSSSwOeucZweBXbQ/GvTfDlqttplsZBvCwqmXZVc/OSMHauecD5Rt4Irwe68e/ALQImNz4hm1WVJOFtkYxkL6KSVI4GB93vwTg83qn7T3wf02Mf2Z4Yub50UeVJcxJEpZR1Yg5GOvbPJ7c+o/DvOMwnzTy6vU53zJTp8sbtrVKSS0u/Sy3Z5NXxLyPLaf/I1wVHlVm1ODta3m7Pa9k7aaH0DrPxm8V6nmLSob8GZVj3ASZAJAPygqCORjOCMdMDnyP4l+F/HPji202FLBlliwXnkBYs79XkBDAdxg54AyWOSfJ7v9ssyqD4e8IxwsWwoWBXCgHAKqqnPctgMe/NYk37RXxt8U31ha6ToGpQi9uPJthbaRNumcnagjbYFZuyhep9MkV9Dl/g3xHCVOtRy2nQi5RtJq7TfL/IpafPpa3R/B5z4/cD0uejieIKNSai5Siq0I2UEpSdpSSSSTbfTlb8zSuv2ZvHd/OPPuYIIV2ZG8xqcjnGWwMZK4PA4Oc4J3P+GZ5kt3huddtrdCqrI09zCF5wGPErHafmJ3AHqSAWxXXWPwl/bG8bmFLbwv44cTkOuLK4gQq+CBkqML3GeQCOMmvU9K/wCCcn7Zfim2NzdaFrFgkgDPLqV5KmxS2MlFYkgZ6YPzDIz0H6bhPAji/FqMqjhRVo6OMYb2tZ1ZQv2Wra0Pw7Mvpk+D2WRqSjm+HxHs5OM506vtrONr2VKM20kneztazWiuvFPD/wAD/Bnhu3kkvvFthEQ7bkiuY2L4POQGyDyevGeM1tTRfCPRgouvEInCZJSIrkkZJ4BzkAZIBbpgAqDj688Jf8Ec/jhqUEbeIvGOi6el0hldXup5JYt2Nyv5gABB4HODgAMM17Dpf/BGfS7OLb4u+LWmQDa21kMGVZcHJMkijg9j14BxivpsH9GzNcU08XjlF3ScVWpKy91u/LKb3TeivfS97H5Jn/7RjwrydNYSvWrSST/c4DGVFL4WrSlThB3fWL0s2fmXefEP4P2QZ7e2vrsphFKqyqSTjHAA+bHBPXOTjGayLr4xeDYiJNN8ItMAAqyXKEAnJU7ty4yDkqM5PBAPNfsFbf8ABLD9mbQYYIvFHxitZdgRnLahaQ5YY4AWdsLzk8gA4xW/dfsa/sEeHLYJd/ErR71oWRZFuNY25ZehKIWzjaMYyTzwMZr6vB/RewilGWIx9NJ25nJ4ipty31hTUV0trppvpf8AJsx/ae5RJTjlXDGfY9pWpqhg6NNybacWnVqqTTuntdN6O7PxAuvjVK6l7Hwvp9uC21MqGJ56sgTpjnbwOOvph/8ACyPEviCSO1ktLS1s3mEMjQRANhyB5fGM9T+XJK9P3lg+Gf8AwTf0PybbUfFXhi4jiIBEZ86ZiMEMsxUvjBAJAyeTxxjO+JCf8E4rD4c+L7PwGmkXPjGXRbyPw9OgYv8A2v5TeS0TAZ3hsbT1JAPTr7OJ8BeGsjwVfFPF0qtehTlUp8lFtRnTipRvKtUVveStZX+4jhT6fXF/GfEeTZPR4KzjB4XMcyweCrVcZUjT5aWJrU6U5Rp0qU+a0Z8yXPto2rM/CXU4DC7gsCvGRtUe/BGMY6HqO/ynAGRHASSQSerAktgZznrz0/Dp2rotXiZLlldTtGQxGPlO5gvXgf7RwfqOTWfEmSrA84OQV+XOBgDGeBnb09PQV+SSpSi+VP3U0rJ2TS5dVrZJWavd7XV7o/0kpzlOFOcnJc0IyfNzPdJ6rmTvqtLpe6t9Tzr4jRTN4ZuDbAhvMG5mUYCAAZySCSMNwQCSOMk8+VfB/S5LW41C5MjSF5+V5whIxnBGc5JB45IAweg998U2ol0mdGjJwh2p1B4JUHoRjHX5jzzjArzb4aRCKXUvlCEXBwqLkEAZIbPTHPOBk84OAayUHKcW3f4b9Hoo9LaWS0fXVrRq2ineScbLa6u+iXS+lrad003qnb0u6EgUHGFC9QeTnqMdPX6YwOmKrW8ZfcxOUB3YIIOONpOQOgIGSSM5+laF2pKIoQFfmZsjBwCcdOnHAxxnHrwyBiHDOGAwgGBxn5TkjPOeoyOSOAcLXVTi1JPfTa9t9+23br1MpJN3ersrJ7JJJbW7PS9ttNrL0D4Yxf8AE+WMtkv8xYADHIJyeoOO3OFyckYJ+n75lUqQwIVMA54445wT0HHOABnPpXzB8P5dviNMfKCxK5+6cBsk9844xkHPfkZ+kr5llUIgHyxDlcqpLAEnBzkZ64z35J5rvpxlKKS2vfbs13vs231vdLrdc7lqn0T+f69Vt0V9bIoywIVLnkyZLEtzknGAOnI5GOTySSc1v6Xhdojc4UoWwSxKg9CDxnIwcgdR0GMchNclYwCNxBxleQVHGDzyD+RzjpzXT+H5QXGMBpHQNu7BvlPXjIzwO/QYNduFo801Gb05km/L3U77aLXV+rWrObEVXShOVN+9yt2XW8VZNWu9t091ZaOyl8T/AAX+JHiDVrDXtH82KyngLQyGwMkT5BxtfaSRz78ntjeMK6/Zx+KV6oa5uSzI/mBPsLqNwJZQNiHnIJB7nnGBz99fAr/goF8DfAN5F8Nfij4c1A/2HG1rJqtvaQ3cUwkyUbaQAhXGMntxmvrCf/goB+xTIolt7fUcA8qmixZJPPzA46AgHqMDg5Bav2fB8F+GtSnha2KoUq9epRpTrzeIp61pQjz8ycrpp3e34n+UPH/jB9MfBcT8SYTIctxdPKaGcY6llcaOWVqrngIV5Rw1WnVgpQkp0Yp3l1bTtY/G3RPgX8WNImma2vtYt45k2stiZ4SB/d2xoBt652rjJCqAM109h8G/ijG8vmXni8zSKA0lql0xkUcDzGKcjb6nHOODiv1Ml/4KDfsnW4kktNJ1NzyVQaNb9MDHOQRzwAecjnOOcmX/AIKUfs7W5ZrHw9qjOAwCrptuuDjIZvoR90EAAEDIOa9qPCHhdKSjTyvLJ2t/Fq0XpeLbvNSv+PSzufl9Txq+mrZzq4LiNzv8GHwGKpq2mzhypaa7p6dLWX5qt8B/iFMCGj8eTeZ1AiuSCc8naTnnOSOAcAqCcYoS/szfE67YiPSvHboxxuCSjgjsWZSCDnI57g85I/SCX/gp78FQrfZvC+qykDDKLS2TDHoOPmOCuQAw6DoQMcxff8FUfhdbtstvCGqsyg87IxtIJIJOCCeCW6EDkgY51hwp4XUr82T5Ammrc0sO7fDd/wAN9Vpe99u6YvFz6Z9fk5Mt4sbqLWU8PirO/L/PXS00bezT7av8/wAfsb/FO9cyHQvGm1gRl5JUOM9yGBI45HXvjrUT/sN/FBxj+wfEmUU4865dueuThz7Z9DlcA5r7R1D/AIKzeBrY7IPBOpTgAsx3KMEdBgZxg/QcZPNclff8FdfDSwyGz+HF3cSLgh5JNik5YgABSPlHc+nTgmtf7I8K6EU/7OyGFrfA4c1kl/JC6flr07u6jxz9N7HVF7LAcSUtbJ1VCMNbdKmIb2srOzu1fqfI037BHxauCHXR9XRmYkZuGVScAckv2x2yD25zU9n+wH8X572S1t9Nu0uIoVeUT3piAjfOCArk4J6DBPXJGK9k1z/gr14jkOzSvhjYxREEo01wwdiuQCAilj/ugbj0B4xXn5/4K5/EWzuWvbv4e6JB9pRYo2mZo/lQsu15ZUU4A6ZBHUZFczp+E6mouGBhZq8YJtW92937NW++7S1base9HF/TtxOHnOhRxcJOMY0XWq4aHvtx1aeIabtfR2Wi26Ntv+Ce3x1UMkNpFnB251OQMM8Y+VsnBbuSQOT92p1/4J+ftFRlWjhij6DP9qTbQTnBzk9eBkgnjjngq3/BY7xnbtGG8E+Hxu+Xcs29VPrgKeoxweBgj3qVv+Cx/j15kS38K+GiDggOygp3bPyhcAHA5wOPRTUVKPhM3aNHCSTeriqjvrHvBW16K2j13usqWI+n1CMp1VB1FJJc1bA8r1inde295arW7Hj9gT9pjcZVS2yQFw2rzKW2gHOSykjGBz0PAwQcSP8AsD/tXybRDpbTxY3Zj1eQqQehJ8zljzjkk9TgDlZ/+Cwfj68sbq0bw54WRptipMhUPEFJyAVUAE87sk98ZGK2IP8Ags18TLYQxweHPCqRJFHAvKEgooBkZtuSzbdzZOc9M8k+e8B4Yzb5KOGSvo5X11ine8XdNt2011vZHpwzH6dsIUp1Pqs58yU4XwsOVKMeVqUayu27Rs99rJNGKf2DP2vQdkPh6+Y5YAxakW29McGTBwCCclc5wBkklp/YT/bIijA/4RrWDISdnl3oJLADbu+cAYU8HBOBznk131r/AMFpfipCUVdB8KOTzuVlzk9jgFeQTnBH3gCBzjo4v+C1HxO2B5fDPhVyQQqpMqkllwDnywMg8YJHb1ArL+xfD6Uk6VLAqGmvNUi9eWyXLTS3a3S+R20+MvppYGn/ALRhJ1aq93li8JKLWl73xMd3e93a1reXhI/Yp/bKhZ2m8GeIMGTllvY33hWIOVaQ5yOmOg4xkkVpj9kT9r8BRF4M8QmQrtRNkLM7YwTy7BSRjnkAevQe5Qf8Fo/iA5CXXg3w9IpAyyXIUZ5IAOMZOPQ84yBxjZtv+C0viy32o/w80USFjmdL9jkEA4U7T078dcYxxmXw54fTjNzWDUrpcrlNJt2SV/Z302vdedjop+KX0zIToRnkaVG0FUqunh3NtON7cuNts2tVZ638vJ0+BHxk+Ffwgv8AxN8TNNk0mG81xrC2026aL7ckoJzNIFJxCduAMkZwMY4X5lvxvkcDBIk8xiDtO0k8eg4PAxwO/Jz9H/Eb9tTxt+1Hpdxaarp1no+gaTeG68izcyGSZ87fNIUZO1sjK9MfKQBXzleBCrSL1diAx3YKgtyMAnA6knJOD0GM/lnE2DyjBZh7DJeT6tGnGUvZ3lH2jV2k3d2vbonvZH95/R/zjxGz/gz6/wCJeHhhM/nj8TGNGKX+6RcFRm+SUop3crWm1pq7pmDeRx5ZsAHICqWyDwew75HPI6Yx3Hlni+d4tV8PxlTsOoKVABK4Ge3scHgnJJ9MH1adBInJwSWY5bAAHA53bhzwCozzzxmvKvFw3axoDA5C3ZJAPIxjoCOTkn0HfIJNfOXumna97fc1vfd9bdV5n73Zx5dtEr/OKa67a/P77RX8pk1C3D8H7XEuMfTPBA56jqTggdiR7TZOFRWCjhU+bnP3QWPcY6cdB1xzx4Veyf8AE0th3F5GSzEn5QwH/jq/XgDjHT15bzaiqMnJXOF2/KR3GGOR05+XIJ44J68vjBuSdrqzV/VLtu11T102szxM7cYSpOXMm0tL2W0Xq3bXVa9Lfd0T61qekPZX+hWqX2r216kun2rRmfz5lOQnkgMWJPBAHJJ9wZPEv7QfxX8m+0vxH8Odq3yyQ3D/ANmz20ZTb13PGuCOmAcnnn5Mn1j9nDxx4I+HHxe8D+OPiHYxX/hPw3qaX+q20sCXKNCo+VpIX3I4GQwDHAYHGD0/d9/2uf8Agnf8SYtmr6P4Yt/tYLJLeaJaqyo+QAcR5GM7QOvcLk4H6Nk3C+T5xhPaZhktbMmpcqr4f2cqlHSLtytc77uz+61z+SPF3xp4s8Os+wuCyLOcHluFqYT29Slj6WIlTxE+blcY1qdOdODSSvz73V+y/mg8I/HTS9AittO1f4fXTMkxlmmtOT5LNkptYHGB0BHyg8cE17td/Hz4D+J9NvdLv9A1XSJLq2ETP9mAjzswQxTOMluWwT7d6/cyy+GX/BNX4gyXU1ndeD4JpSARBcR2BBkxgBcKAx4B2nj+IdcVr/8A4JsfsR+MYGk8OeKNPtppizJ9l1q2lChsMCQ8qngEHGSOVq8Z4RcFYum04ZvgK72dXCVHCL91q7i5xaTW9uzT2PzzKvpveImBlCNbAcPZnQi+V+yzTDRqTUeW7UKsqMlJra/R9T8Ufg1a/s5W+lXVpq/jaz0y/uLmWS3a6EjQrbu2VQK6kIwG0E7sA98gke+w/Cb4K69GZfD/AMS/Dt1IrDajXNpGWOCcMs0inaSf7udvAAIr7N8U/wDBGH4a6l5k/grx/HkqREtx5FxGCTkEkSkgA8EgZPbGQT8j+Nv+CKnxs097ifwfrmn6vGNxhS3ubi0mkGSFISNiu459Tz8or4nGfR6yvFS9rguJqdKV21HERVFXfKrNVVT5X8/PRNn6zkv7Qz2UI4XNuBsbG8op1cMniYLWKclOg6qtZvolq1dI+fvG/wCz3YtqPnWOv2Nwnk3R3adcWswSJUY5VYZHABGQMjABGB3rwP4afsqeL/El7rPiPR7S4v7b7bPZw3MTOWYxsQ5YKeirtwCep6Zr1PXP+Cdn7YHw91C4httE8bI8VtIrzabPPcxGIqA6gmQ5DA4Ax7HdnI5fR/DX7XPwY0640+yt/iDplqbg3E6S6bdXERlLFmfBjPJxyS2DzgnqPncX4FcSYa8cBjcFjEl7soVozvFOLuuR1Fd9X0tpdWP2HJ/pt+GeZxo1MyoYzL5trmVWhKHLNqKlF+0UbtO+umt3bovHP2kfgJ4r8H+HtH/tO2nje51DYrzBlAIPRiQAvIbBHQHAzXofwl/Zr8aar8PdJ1IaXcSrdGSZZfs4fMYbhlLcsCB1K8A8HaAan8efGb40+LdO03QviBZxatZ2Uyzxw6jpL2155qEHdJM0YzwF+bLcjIyMV9Q/DL/goBeeAfDmkeGNe+FGk6pYaNbmzint7kRyNGRhWMaIp3gfLgkjHfODXzub+GPHeCwKhh8u+s1oN+1UJ2vC6vyqSjd7u11dWavsfeZB9I3wfzjMZVqvEdHDUKkVGCrK0YybgndxcuXa/TfyPn28+A+sWKyG406XEKSFw1mBgKCC24Ar14ySMjPIOQfPP+Gf5riSO7bTC588ukoi+UZPAbaOTzgZycdSM5r9Btb/AG4/gZ4o0i7W98K6v4dv7u2aECKBZbdXblnMmNwCksQNpO3p1r0fwd8av2WNe8P6do3/AAl9hpuqvbRtcm+Uw7ZWUHLNtwxZjyAWwScg44/N62Uca5U2sVkePpNO0n7Ccocto2tKMZKzenlbzP2HLuMfDXPnGeA4rybEU5pciWNoqcpO1klKSlr6d99Efme3w61G3ZbVYpVSBWUoIBhAuDtGB0HHXGTzwc18p/Gjwdd2GuWXnCREaInDQlAMZOCMEDDYOSQQTj3P7y+H/Cnw01y7vpdK8YaBfQyTu1tK+oW8fnAk7VAdlwoBPOck7e2K534nfsl6V4y8PatrdvNp11NYaZNc20cLW1y8hiUsVURyMw3AAj3/AL3WtcBnWMwWLorF4TEU1UcVLnpTja7je91eybvvsnu9DqzLKsBmGCqTwGOw1RwalanXpyUox5W7cs29r7LWys2fjN8LdOvrHQBcFdqtI+35SAw5zk46nGM8ZyeO59NtfE0thc2cc0UjWeZC6tzljxlejKMZxkAcD0xX3h8LP2cdb1PwNZ3Fn4ZaS382VFzAA5kjcqyZQEEkrkZHA6A458b+I/wgu9C1200260YQSzNNiJoW3K27btKnBzuJIwMZOORzXu4niLD4itOlKkr03ZNq6fLytuzSeqT6K6020PEo8NYmhhqNaNR2ny3UXreTjy6WdrX1/J9eOsNS8E6nZWa31vMS+d7K5j2ln5Ytzz1IJGT2IIrzzxpoXwpvfFFnFI17YqkDO0r/AL5GIyUVv90hSWxkYPPOK+hm+CN/FpNsyWzrM9uJRGIXBBYAqDgA5zyMEHqc4JVvA9a+Hd9aeK5tPvbS5kkWzEpj2uJFD/ePIJMYyTnJ6g4zkiYZzldWn7JQpKUbOUvdTS91PS2uu/a6ta9zGpkWZ0Zxnapyz5FGzbTdo+7otdtuiaPof4GT/s+6PY31rrV7eT3OosIZZsGNo7dBtBXcei8MOvQYOTXRa1oXwU1i+vrbTPGt1b6fGhWB2mbdA7Hgs5bA2gn5Qc/Lnivk2XwLdafNbmKC7R2yyBlYqB2IxjqcHBPsMZri9P8ADev3beIUWVwkcpjLOWT5i5AxzgE89Pu45BJxXzlfh3hnH4irjK2tepZzm3CaaVtLPpayvbR366P1Y5xxLgqMMNSjKFOHupKNm72dm1Ztvdba2Vz6v8NfCLwh4i8Rz6dZfEpTZWrokLXl4YnmaQFjsWSTbtz908gk45P3r3jn9j6PTdD1nxZaeI9N1GaxVpVEGpQM5jVwTiJZiXIJBO4dT8xNfHP9ieIdD1SxuQ7mQzwRGJZHIccCMDODnA65AySOcYr2HxBqGp2HhLxOkh1W2uRpspVvtU4jyy5YgZC89So6N+Cn2cs4UyXD0lUoVqdOpLWNlTjJptJOyirp6Jq/ZNbI8fHZ9nVWUfrEJygmuZT53Ho/5tNFbyb02P0x+CP7MvivV/h5pWreHpDNJqul2xnmt7weepVGDjEUi8jpt4I6Ecmua8ZeCfiV8LLTVdMGueK7O7uS0lqYJXeAspAZN8czMFYNyAPXcc5FfM/wB+JXxI0X4d+G5/DfjPU7MvCVnjkupdpy5ACR5AVRuOPlPJGOhAreP/2ifibbeL9M0eXWpNSle5mM08/7yNiwGD91gRzzwcjp3rzsV4bYGcquYTnhqzqzjO06VP3buL0bTd5JJXdvuOzD8Z46MKWFiqlOMI8l7zd00lo+ZXbXRpeWzv4r4rHxM1vXprWWTWbqZJyVkvLi8Cyxn/WhWlOCrjOc9BlRngHy3Uvhv4g127kt4dGtI7i0jeWaVWClMckuwYZJbrnJOOepI+rH+Mni+4v7T+1rXSL61hjnEiizRZCqgu4MgVX3Ej5uOcHOBgmr4N+MXgvWP+EgfW/C721vJMLWa4sQFmKliGIVcAHIJV8gDplRXv0stxmBwMaOD9hCioJOEeVX5VHa1rat7d9mmefTxlPE4ic8W60p86TlJpqz5XbrZO9ndb7s+ov+CcfgnTPhd49tvFHiD4Xw/EPxBcxQLYaZdRRX2mSxyMRI/lyB1WXoV3Aeg2jOP28+McvwV8b+E5W8efsh6SYvs1xLfrp+k21rd2krRsY5oJYY/NjK5BygOSDgHqfxp+CPxX+H/gLVLe/8OeKb/RTdWsiQG6CTNaOVyhAdhgKwBJGT2LHIz9qWHx6+IXjfRtU0X/hYGl+I5bm0iEBDx2F0sLOVUSTLyQRgEgc4+Y8iv4s8WPC/xEz7iWvm+UYuMKUnScabnUpODpct3CShOUXK7s4TitG3FvU/ZsgzrhynhcDTxDUJUbKU/a1qc5WtLT2clTnu4+/GWj6bH57/AAO/Y/8A2N/jX8bPG3hz4tWur+ArY6u6eD7aFpbeLF1JiO1uZmVEWWBMFgDgjB3ZwB96XP8AwQM/ZA8RW163hP4z3UWoMsi28E1zZTRQuwJj3o0/mHacYyvOQepxWFeXXi7wykepap8JNE8USJ5cqapCttJeXUkYysvnQ5leUr1fqQBg8CoLP9o7wZYi+vPFPwv8beF7rYF+1aVd6hBAswUBSDhEUZ5z2A2+hP5xxLk/jjl+Y0MTk+OzqnhMNQoxnhI4z2tOdWnCCm4ycnJxnJc1qkW+90fX163CuYSUsLjqGFqNcih9Ww1eEnpdzUlzJ2W6cbpu2yb/ADu/ai/4Ig+PPg/qXhiz8D+NLPx+niXUFsrKKwVYr22maRfIW7VPlEJyo8xCScHrjFfJfxt/4I9ftnfDrw7L4j1T4W6xeaRZtHLLf2DC6jZChY7Y0ZpHVUXLMVIUqcZxiv2X134+WPiK40bU/DnjXxZplxo7m6sn1u9aWCCSBi8KNvdpAFYDdhSzYODmrXjP/goH+09p/h27hj8baB4k0+WFrW2tLiNJZFieMwFpI5AFJYHIOMnJJ5BFfonCPGnjTTpYSnjMLhsRKKpqosXCVGorSimqsvdg7QS9+EbuT2VrHl5vlHDjo4dUsRhKk1zLF1IqdKU2leMqVNNwjK7SlFuz6NM/jg13wp4g03xBqGnX1rcwXOl3MkFzbTBo5IGgYo8bxt825WVgARg8HA7+jfD3T9bvNTkhsbO+uru6tmjtraKzubmeQcq3lRxIzsACcnkjqSABX374s+FXirxX441vxnN4Xtb+XxFqct5eeSPmmnvZjJJsQYRAzuyoo4GR0AIH7E/8E+fh7pvwG8Xz/E/V/wBnhfGU8+lwWFnZ6raWuoQ6a0u3zrq3iudyLIQxyyIQeecjn+n+KPEjDcHcJrOsXyzxbpUk8LCalJ1ZqCkoNXk1B8zuleSvZXPzrK+H55lmc6GHTnSpzlODbUOaKfuRUpWUXLzdtbuyvf8ADrwh4b8aeDrWP+19A1HT7Uxi+t9Q1HSNQtId/wDcimuoFSSVXI+VSxBPfNe6eEv2htSsdKu9Ekc3lwxdzHLcTqGCMVQLGflXDgkjB656Yr+sT4sfGn4O+OPAt54K8W/Au1hle1e7sDd+D7W4ttJeQEs0dxHCG3RliUCkgEDjjI8u+D37Pf8AwT+8ZeF7Sz8ReC9APiTUSV1W8vLA6Nd2sIkIYR/IvlscExtkYAxkd/x7IPpW5VZLMMJLDpVORzTfsou6tGfPC8Z2aXM7qzurLf8AUaPDePy7BfWKWHxNGcXaVKEYYmcoqMV7SLpSd11V1e3qfyZeI/iJ4g1nxFcXFwfLBt1eGPLCJpRwQrcbiM5znk8HgYrmvAus6zd+MlkksLd5njuVYPE32aRgrbZJcgKcAcc/eHY4Nf11/Gz/AIJF/sPePLHR9Q+FfiiPwrcG52Xkkevx6kkysRujjt3kBRgd2So/vcc1+Wv7av8AwTV8MfsfeCrH4saN8TZPEGlS6nBpOm+H0gg+330tym44WB3lbBIUALk7uRuIA/UMo8fOHM7zTC5fRxko4nEqDpU4yjUhK6i1y1ac5QvZWeqatZ66n59neRYnG0KuJdSUuZScqVelWpVU4uPMuWpBRVr9G79T8vPG/iHwzb+HbvQLJhrernR57q4itFlQaXdEkyOLhWIXY2AoByeD0HPyB4f+JfxG8Jf2fqeh+LvGui3Yukt7VrDW7yJcJIcFYxKRtVgASRg9a/XeL9i/43+MvhtcfEHQ/CGieH9En0RtSvbafFtrs2nMN7TzxzLHKplX94oYDJOeuCvw9Yfs8+O57qDUdI8DeI/EmnabeM8stlp0l5bQyJLtcMIBIpwwO48jGc4BBr9WreIWWYjDL2eYwisKuSpP2qjGMt25Sc99+rs9lbb87/1KqqTmsLGbqNO/JGTsrK7u3dJdlv00PpH4c/tu/tV+CUguZPibfeJLWW2jDaf4strfW0RGU/KFuy2RkbSODgDgsDn1zxF+3jpHiXSraD40/s9fCH4ixli012mgWdjqMglXJfzLaLiQH5sg7QckAk5HzhefDTWI7eV9U8J+IdFchGEd3ol7bx/KoyEYw4wO+D1wWwaxofAXh/yIZLzVGtp/MK/ZriIxuAOMYcKON20EgD1yM183iOJ8DjIOqsZGvTm5cs41VK791e7KMnzO72veyvZXPXw/DE6EYxhh+Wokm7Q5duX+VWvZXS0aTaR3+oX/APwS9+LU1wviv4M+LvhXq0lq0hvPCmpTzWME57/ZdoXaCN2CcY+UdBXGD9gj9jT4h24uvhd+1A2hzzEi303xjZRWqxnOEja4faNqhlBYnseTy1aPgn9ny08e/wDCR2WmyxWV9Bv8mWCGJits6kmeQuygBTgAH7wJAINe9eBP2CPCo0yxuvF+u3euQuryyW+mKLcxMjbgjPE4O4HIZcDOSDkHNflvEviRkWSVqlCri5RrRipclpT5k0kult/PVXfZv9a4P8Ns+zqFGth8HCdGU1BylKMUmrXvdNrR9Ltd0j5H1z/gj18ZZhLeeAPiR8NvHmmqEZLjTtbhDuo5GMuFViCASD1xkkkg5b/8E8f2iPh1YyaXcfDz/hILvU7RoZHs7i1vYfJYYJRIpHbLZyucEkEjPO39bvDXw10TwNoqaL4YW90rTbRwWe6v5kuZWb5VVWEhyPlxg8Kf4dwzXsHhTUp9D1jTINP1HUUl+y+ZLeT3zzqp28hBIzAjAAVRjsSMYx+Yf8Rqp1q8oUIpUmny1JJ6JNK9r9b6N+b7n7HDwQxFCnCtO1So+VunGT5btLSLvd2s1dxSfba/4q/DP9ii58Pa1plv4/8Ahpquh/uzPcz2+ny3EzzswKxAbCFUd8E5A5PTH3vo3wS0GKQ23hfwZ5VzbIsdne6ppqwRCVAv72VfL3KEI7DlhknnFfqr4N8Sx/Yp9V1JjqFxHcqYzqMMM/nAbt20SAhRkkgAg4HQ7ufMfHXxoXw5fX73Fp4ZsLMyiRLiWzghkUt8xWLaPnbgHaMhumcGvzXirivG8Q11HAY/ETqykr0E58lm4+61BuTXNffRaJKx+pcL5RPh2g6NbJsLRp0oLmxE1TjUekdfeinu9XdW0Wu68I+CvwO8QR+NPCOteO9T+2RQ+Iofsmj6dC8SRxIflZo1A2oQMDjB5O0dT9I/ts698Pfhj8JfFHiHXtTstC0zTtVWYWUxjg1TVJCNsdlaQlhK5kOE3ADByx4ya+Itf/a6sI9emt4PirH4bupZ45bK/g0GKU2oRiuIkJHIz8rcFgAcgEmvDPil8AtJ/aKmuvGXjr9oxviBFPeQyWOhavqU2liGQ8q8VihEADZAHBXHp2+C/wCIdYnNs5oZrxLi6lKlSnTlDkjJTUKbUnCKSfxLS711v3PLz/ibHRzPDVcrr01HDUHD2UXzU1dL3pKLSaWt7u722R8FeO/+CgOsCafTPA2gWOiaKDvjuNSmzcTqMY3RAMCTyRkH3IGQOe8Oftw/HPWdmkeGfB0mu3M8mLaTSrC4AMueJZpI4ijbScjc2wn6EV+hmj/8E7fhVbwLdz6HpfiDVSqSRRjWY5IFJw0YZGkCsCTgnB4xk9Sfdz8Bviv8OtAt4/h/8H9Ee1CI0Z0S0tmuiUCjyftUau5kdF/hbGWxnGa/ZKeVcN1qFHC5dkDx1WjopVryatyrmd23q/xbVk7M+Fq51nEcRWrZjn6wlOrdONOUYq38tm0o2vvZ266JI/n4/aE1r4p+JPGi6l8XUubDWZ9LiZVlkMckcLJ+6iKjIXaCNw65U+leMeHfCV3rd7Dpz3pksrohryQSAGKEAnbGcgeZt3cc+3Ar7W/as+Hvxz8U/EzUdb8T/DHxHo6XlskEdo2mXt3FaLbttYebFAU3sQWAyhJOBXy5rGm6j4YtILcaRrOnXy/u4zc6fe2y8KAxXzYULEg43HAyfwr9QyHBfVsNhaUsJGg1GEZUYxlCML8rtG9ovlb0VtX53P4+44qzxWe5jiIVJ4iNSvPlrTbcqi5laV9pXuradtbIydds9C8JXzQaeZbu3QvbtNJjzAyghgHIIYk9dpPXA5PP2p+zJ+1jB4E0PxB8N/E2nWOueAvG2k3Om3+n6lEudMuJkaJNStJCpdJYdysoAGGGcjpX50eIdYu5UkFxcIGhzE0JC+aspO7cyjJyTnORgk8jOKy/CczalsjmnlhkSUokygqiIzks7EYUIq5cnjI6DIzX6Zl+Fnhk8RGnHWz5WtXFqKTd1qr7p9td0fNQoe2o2qXTbvd2T05dne6aduV3Wv4/XGuWOjaf4s1lPDEctxpNwinTr1h8oVcsQJONxBAKc/NjJ65ri7rxfem2urKS6ne1jd/tCzyF5ndflBCjkJ1AxkEZFdb4ZiNl4ZtIZL19UtIb2ZJbiKMyujiEsiRkkNIjn5cLnBPBNeQSSxvcaw620pZ7mUFDDJHPEm8lBIrovlbvl2k/MVwDkEhfExWTUsfjnVrUYOzco80U+V3jZaPTt289yMTz4eglF6Wd5WV3otG03fZuybj1sr2PRPBPhvxB8UNWt/DPhuxgTVJbN54JplIVY4gNzysuNqqowVY56EkjFX/Hfw88cfDjVNK0vxLpslobuJXstQgcG1vXAwxRh1C9/wCIkZOBkD3z9jS2urbxtql1cWTxXEfh2Y2yzAEuhbhlyQQGQ4ByM57nFeg/tqXz+T8Nra1tnnlEF1LI5HMK7sHb6AE8EnGNo6ZNf0f/AMQF4fr+CNfj5yrf2tDE+zo0uaHsJU1WhR5HTcW3KXNKSmnF2SsmfyG/HniPC/SRwHhXSweGlkNbK/rGJxE4S+sQrqj9Y54S5klBaRUXFN/Fc+C9Q1q4aSG1ZpDsYiWVzwdp5C8jAzyDwAM5HevePhP4U1n4geJdD8LaHBNLLq8sUL3axvLHYQbgJruYIpKJEm52Y4HAGecVk/Aj9nfxr8dLrxC9uI9C0bSU3y6lqmYLi4jeQIV0mCYKt1KCwZiDs2854OftH4Gh/wBnn4geMrPwh4l8P63rnhbw3JY3EetwRxStLdJ+8YBgUZ1GdqqchRjkkE/yxnXh3n2CyOrmuFwcaNLanUklD2krR+GNk7Xbei3Ttrt/ZvD3iBkVXO3kyx9OpjacYyrUacuaVFXSaqSVowf2kr83Wy3Pm34u6NYfDbx/rPgvTtVXxNHoSwRvrIhMMU106N50cYYj5YWUruIAIxzg155pt5Pqd0okugmHwwPCovHUHqDg4yQSB1PfqPinqWs+KfGOuatqFnHFd6nJFc3FwiiO1Mj7mLQnaF2HdlCpIxkg+mr8M/gr8RPiJqcWl+BfB3iPxVqd3KkUcWk2c8tusr8IzXRUQCMMcsWYFTuGQa+Rw+DxcMDCGJfLiIwXNJpRjz2XV6u3Zu+3Wx+rf2pKvWhHCc9WnJpJxTbaTXZu+y1eutu1+/sIfDdl4XuLieSGbUmwFjb+HGNpQEfLwOg4yMZ658mu9dZppIo0DTiQmCO2DSTnPCKsMZMruxPyoBuPGORz+1HwD/4IrfHbx4NO1H4v+JrD4c6AzrNJpNsv9oa/5TAM0c8OfLiypA3qx+YErnBr9avh7+wh+wX+yNYJrPiey8P+IPEluBNNqni6aPVb6e6iAPmW2mEyi3csAQu35SRnIrgy7IqtSpOUVVxlSpU0hFSaT0so2TTWqV1GT0010fvyVeVGKr1YYaHIm7yjfaN202opJ33e+mq1P5WvhP8AsT/tSftLXlnH4E+G/iJdLnZTN4i1+1m07TIoXfasji5EchRQdw2oc457gftJ+z3/AMEG/BfhiGHxL+0z4+j1llCXFx4d0uZLHS49mJGil1FmSR1UHawwcj3r9B/HP7fnhXQoJNA+DXg6NYreMw2+p3kMWn2CKnyh4LeKPEiKApUP1AXkDivhjx38cvix8TJZ5PEvizUZ7V2fOlabK1nYomcqjxQt+8XHG4nJOSRnp+r5F4dZ1i1TlVhHL6DWrqJxk1JRTtHWel7acvbZO3zWMzvJsA3Ff7bWi7J2Uoppqzu/dirvS11r0aPvfTfE37Gf7I2lL4d+FXhHw7JqVlH5Bi8NWEFzqM7qCubzUzGTJk53OGJJ+YZKivnL4h/twfFbxUJrLwnDB4H0yUskUgzPqHk/MAQ0hxFIwJwFYDJPC4FfJEVlO4DW0YQ8M5cF2yOTktyxBySc+5xir5s5ZFKyw+cDgOxQApnBypBBXHABHPucV+nZP4cZLl3vV4vGVrpv2i92/u7RXXe3M311tt8pj+MsfirQoKOGpq0UqavJLS13o12fLbr01M3WW8VeNrw3/irXdW16Uku02oXksiZ3EtiEvsUEfw5IHK8jGdCz8GWwgDIiNHnO1cLwcAgAAgnrgkevuA61SbTZGd5Ga3n/AHcfHBZQf3Ljny2+9hiOT1IGa2rvU9P020a7e8gs7dEInkvZ0hSLAPLNIwHynIH1JXGTX3+BwGCw1JRw+HpUlFKyUEkkrLWyV3366WV7o+YxGY4mrK9WpUqXs73v1Ss7t6q++jXfUwH8NpbyfuU2Ix53IMZ52nLHnJz24wxyRUR0VUd/lYv1xjghQCACATnbzjjrjAFfOfxQ/bT+EPw7hltbjUz4l1iJjGunaChuXebJ2ozoCuC3GQx6N3Jr5hb9o/8AaM+NT3GnfDXwnP4R0e5JWPVb+FjPHCzcSbpVDodhyAAcYHXt3R96SUI80rq6jG6voley2va27Sta/XnlOUlHmlZW3lf4fdabuuuqTWy730+2fiJ448B+AtIlv/FniTS9G8hGkg824QXfmckIkOfMboMDbjsB94j8/PEv7fmsapfT+E/hL4QvvEGpQSeTBrN3bzSQylm2CSONEZSnBb5yBhSxIHXqLj9kaPxIbLxD8ZPG11rF5C63FwlzdutvvXLOiM0qqsYOcYDKR04wK1Ljxz8Cfg5Mtj4O8O2Go6sE8oyaZHG8jOuFAkn2kgkgbtpJx/tZI3hh+VqVadOlD3W+fWV3a7in07db9SOeLSjCE6k+ZfAtFpHTTpdu93ppp1PKtM+DH7S/xtu11P4m+NrvwtoFw4mm0Syla3HkMQWiMKMAF29QwUZGCBjFe56H8J/2dfgZbzX+ptpeoaqoV5J9TnS9vZpk5JjgYybXZjnIww6AnrXiPib45fFTxlJJBYS/8I3pUhKGOzT/AEvy8cAyhcg4H4k53DO0eKay2laQ8uqeIdXiubqXmR9QuWuruYnLFYrclysjY2g4yAR8y/w8uIzrAYNNUoqq1Zczs1pbXvZWs2rW9Dpo5Xi8U1zSdKm0na1rXstXfy3s+x9d+Jf2qZZ7cab8MfDLqsWUiv75FgtogrMpaKLCrgAcDBJGAMcLXzV4k8XeMvFN7PdeLvFd1PFKMy2FtK1rpsAI3FJCCEIUABueSMANgmvnzxV8YbbRozHpFsPLZTtR5cSsqj5XlPLRqSMBeTluRjFfMvir4y+JtYmW0bUYVRnYmzjcRWlopYmN52j2/aZBjOwg5Jwcba+exOe4zFtxoydOD0ST5V0s1+W3fo2n6NLL8vwaUqr9rUV3fdX001fV9l0T0ufcNz4j8O6XbSJHcadbQQht2pXbgIpwSRbs5E05B+7sBGAACRXkOs/GexhE6aLaNq8sbYXVdVkNvpsLg48yGIgeaijBwdobPQEZr5LXxa8yLJefbte1KQ+RA0xZrSIkhQtvbghVU5xgrjt0r0vwr8DfGvxGWJ9U1O30jTt4kNmjjz/s2cvI0YKqqqOAC2QSOOc1w0cHisXPmqzk29dXprZpXtdrXXp0aVrG9TM4U4qOHoxg2lso89mk9dL99Gm1re2jMLxZ8WNV165kt9W1+7vyF2RWOkN5FkCxwkCRQnL45BIG7A5b0y/Cnwz+KHxAuSvh7wudLt53/wCQrqoeKEJjDsXmEbkgYYgBlPfIJr74+H3wU+DPgpIZbPTD4h8QReWrXF+gu283I3MIWykahwSrcEDjPAr37VZtLsYorrWdR0jQdLs7ddlr5sW98Idg8mM/ulCjBJySRnOM57Z5dhMGlLE1o2S5kotapuO7dn7u9mn2XnxKWJxc17ztdJNN7OyTaW9tb3t37Nfm/YfBjRvDWu6RpHiDVLzWdYvLyO11j+zx5dnawuQpihdcHLHGSDjbkZ71+kXgj4W/D3wBpkT2+laXpcQAM15eJCZ1LKriXz5jkgAcgnA3HliTX59eP/jj4R0LxdfX+h2MmsSxhrazBxFHJeRkkXiIxywVuFIBLA5wcgHzq91/9or49f6NZpqttom/YWZ207S4IAMbprmRo/MCqAG68BiD0rClm9DDqToRUrtcrXK2rWVrvy+Td7rQt06cHyTTc1J3VrttNNt30XTe1n3P0K+I37U/wi+F80sNhcQ+K9VjUpHBayiWGOUBsb35RfmwSBnAHfGK+BfiD+0z8Xvjjqcui+H7a/stGlPlppWhRzO7I5OEluEUKFweWYqOoyOqzaT8Evhh4JkS9+KnjBvFOoRfNL4e8OOzwtLkN5Nxflg5KkbXK5ye/QnrLz4wWOgWk2lfD3w7pXgvRmQxRzWsEM2rzJ0Bluypfdg7t2cgkgAduOpnGNryTUpqF9HdxtFcul9brdO1/JGU4x+GUlGLafLG19WtG0nyq29k/mcP4O/Z08TQzQa38QPENh4PsHYvJbXVwl1rN0rENtWMSOV3gAYO3pjCk8/RVvD4V8PafJa+EbKzkUOEn1/UUX7Q7dC0KNgDnkEDHTIzzXyNd+KbvUb0vPeXd5eFjJ591O74kJJ+UFgFwAMtn1APBrrbPU9b8QJa6SkN3fTlkRYtOjaR27IrCMEZzxyB3znoJrZxXpUZU6mJlGna7i5uMVpHRttapJb7rvZs5IYOFWqlQoOU3pe13f3dNE72TXXZ6WeiyfiXolvql6t/YXMlxfI7JeSIMKVOSdgBx1C7QCemMgkE+d6R4U1a4/c2dvdSyBiSpRix3H+M42nnHBI6jnJAr9APAH7Knj7xXbm/14L4X0fCSo9yoa8dSQfkiyXLEckPjOdp5GD9l+D/AIHfCz4bad9tu5V1e4gi8y5a+KRB5EALOVJLEDBwmBzz3wPiMdxLTc/YYWNTGVp6ctGPN7ycU05LSL7pavo1sfYZbwfiqyjiMbKlg8OldzrSUXZct7QbTemtt2r97H5j/Dn9l34nfEAQtp2h/wBn20sig31+VRBHkBpBGwAHB7qM8cYr6A8T/sn+HvhiNHuPEXiKG9vZhieANGtr5kaB3jwjb8gghSAc57ls19M+Kfjvp2kxXemeDtPiLJEQlxBIsNrCq9V3Lg7V5x3B4zzX5+fFP4na/wCINfsLnVbtmjd3K28cjuqkMVaQAnDFuFyAcDuRg1rleScRZlXWJxkY4LBNtKil+9d3ve7adt9b+Se++ZYjhjLKHscIpY7GLkTrX/dRs1e2iTTtsrpNd3Z/Y/w81vwxpHh2fX5IrS1sLaaSxsdKs9sT3LIColkKqHfcwyeuQcnsTzXiP4/X9xp19pugvHpBMpSR4EXz9hGAnm5LlhnsTtIz1r5Sg8bzWcN1ZCRY4HjWS3DncwnkB4jj7ueCAAxJyp5OD9J/s6fsX/tFftN6lBH8OfAup2GjTSh7/wAa+JYJtO0G3Vzn7Qsk6RtMoUl12KU5B3cDH3lHKsjyiiq+LdKVRe+3Uavpy7J6ybs7aO/Sx83PNM1zCX1fCxlGFuVeyTW9tW9OqsrtbO/Q+X/E3i3UZr9dTivHW5iylxc3srSSyyOcEr5jAkBTgYBxwOME16h8Gf2Z/wBoP9pnXLbSfhX8O/EfiQSTRiXXLq1ubbQrMyEbrhrmeNIniTO8+U569MEY/oR+DH/BLr9kr9nxLLxH+0L4pHxl8fWwjuT4dsjv0S2vAAzwtBGzR3MauNuZACwxnA6fauofHc6Low8KfB3wnonww8K2sfkW6aRZQW14YVUIuFjRWRthByDkYzniuHEZ/jsc3QyTBvl0isRVjyUopLVxja8kt03brZ2sjoo5JSo/vczxHv2v7KD55vSL5XJvy1su9mrn50fAn/gjJ8G/hNaWXjP9sb4lQeItXTy7r/hXmgzLFYxyLtlFtPLC7TzkEsrxvGFYjuOv6H2/xk8H/DLQv+EI/Zx+HHh34ceHYIhbRapDp9vb3txGi7FmO2MPM7Lz5hbdnLELxXi8qar4ju2u764vNSvpG3Pe6jNJMzSDBJXeSAgHIAGNuOmCavt4ctIDG19KWmLZjjUjZ3BJOcDnoNuOuM7avC8M4rHOnWzfF1MZUi1KNJPlorZtRitLJb+nV3ZtPNcNg4ulgqEKMXb32k6j2u72tfRdX57oxr/xRqOv3sl74l1e+1a+kdpGu7+d2t4SSXby43OFTPKhRtAGcYrTh1WzNu0qXKXaptC/Z3Uov3TtcAk5yPlzuO3OeOS65022nimtzaQMmzYrSKTuQk8E+gI9yWyASRXn194VawZZ9DuDp1zvL+QXL20+BnDoTtGckAkDGSMcZr7PB5RhcMo8tNQSt7sYpWUbKzsrX0bu9Ouh4WLzatXfLGpJN21eq0tpfdO63aXkd8+qzXBUWwIXG10UbdvqQ3pnJwfm6E45JsRWDXCl2IywypdiTn0BOMjGMDovI9xyWg+JbWa6Gmasi6VqkY2gyALb3nA+eGRjgZYZA/ADoK6S/wBYtdHRp7i6gt7ZS0jPOyRxqFBJYuxCHgD5hxjBGeQPfpQp0/hilBW3VrJqPRNXSVrWdlf7/FrTxEt3zPRpdNXbre17a22+46K2so4UygUFlO5mx2zx1Cg8Zx1JyfSs3WNX0vS7OSW9ureOARsLgXLhYdgDbg+7CFcZ5OABwWGMD5G+JX7WnhLw7cSaL4bNx4r8QOWSHTtELXAEpGFDyRhlUBgSSTxt5wQM/N+o6f8AHL43T+b4v1aXwP4Wdl26Vbki/mt3wQsrKQQxBAJPIySOy1rKtFLlgnOS01tZPTV2vy6r/g7GSw8p2c5csdF7ztqlH7K1dtbJJNbt3PbvGf7U/hXwBq0uk/D7U49bvL+4+z3OhRMZ4IbqU7Ekt5eVgXeclcqp47ZxzN3oPxp+Lm+68f8AiGXwxoDlJbfSNPkMdzcW7ZYB2Q4GVwMqD3bOSTWd4X+B/gPwZDNFZ6PHeyyx5udTuiZr15cZ8xJHJdGDYKhT8rD2wO78P+JL7Q538O6pctc27xs2hXs3LeQgyLSaRgAXjyoQk56nAxtPmVozck5Oyf2VZ2d1fZWulq9b2e56FKNFRsvekrfErNtcuq66PfW9t2avhv4QeCvCdgE03TrdLiRGMt/NiW+lcEklp5AZMtkscE/eHU4NUtQ8OWHJtwVK8qzEFvMGBkMe3XgDPOOuBTdS8XBQQHV5E3ZBfnqBnGCRyTnjrx15HLp4kNyzqxOYz8nGACfX/ZHPAJGc8Cqp4bmcXZRb5W3ZO6Vtel009rtpq7srmGIxcox5Yu6ulG2/2dL+be1l01TZSutbmt/tekajmWxuI2gkjbIVlPRkAzypxggA5UkE5NeZ2Pju88P3l34c1K5cworSaVOzArLaHO2IseDIoYDknjglhknsPEl7aXUMj7o2vIycFRkcDIOc5455OB0wCASvzB8UdT0u00/TZ7y+C3sLNsaMguqnrG2OVxjdndgcnb61UnTwrTk4+7rK7X2rLW903utLN6NvoijKeJhyuOumuraleNnrttrZa/e361qvxNggWVmcHgspLkuSOMAcdeuRk88DB48Z8RfEW+v1bz7k2tpIx8uNDuuJ9xxhUXLZOBhVBJ52g4rwiLxNHqM88y38dnYRHF1q+rS7LWBer+REN28FRjcFyAAcYNZGq/tAfD/wvbMngq0/4SrxLbj5tc1eFf7PtpdxDNYWzbg4UglCcfLg4POfEzPPIUoSVO83FfCmmtbbq+i9W7bNanpYXLKk3FzfKm1o2rbJXttpvpu2tke1ta6hLYy6lqt1F4Q0FYzI+o6oUW/uo8bmNtBIRJluQuQM4XAIzXnEnxa0rRla3+F+if2xqzSm2n8RamBLNlD809vHID5WMlgy/NtHfqPlHxx8T/G3jRH1LVnuNWF87Q28aOyQ2z8FYoLZMgMCcLgAlTgHrXvPw48JT23hL/hIddmh8M2l3aKJHvQkVxbqg+aYIxzvkAIAGepwcjNfmWc59jK1KzlK0puPJHRO+mut2kle+multUfZZTlFJ1FGEb2hfm5bpO0dVe3M72W3fTe8y/F/xO+tT6ffyTXeozjN0yb55nkPzeVGg3CJc9xjnhecNW1NNmH+2PF+qx6TaFlMdiXVr+XPGBGCWD5GM4AXIwRivJta+KGheHjPB4J06Ce9cG3uPE9+qy3Ej5IaS28wZyw+ZdvK8fMtfP2u+Jtc1K92PNczyljLLfXErOWZskhRnagJPCgDoAelfGPJpYuv9ZrJU4NKUrq8rW827PS663106/eRbweGiqkXJJxjGLSWqSS0s93fRr8rH0l4p+Kug6TC1j4btYdOtpciS4mCSalc9f3jPw0e7lgOvIAHevFNQ8bahepLFaZgV8hpiWE0rEZBwvYg9BwSSBjIxy1hoVzqtzFJsllnbbvkkDuXJxgQJ1bBICgDGB6cV9mfBj9kH4lfFC4tZNM8P3FjpsjoZdY1eN4oFiOAzxq4BJIG5VUNjPJbAr5biLiDIeHKFSpicXQoQirydSok72i2rN3lK9tr+Vnt7WV5PmedShSwuFqPm5bckXZXUdZSskvNuy2+XyBb6VqOoLG0yyP5kmDNIGd2yf4I85GB2CnLZOK+tPgj+y34u+J8u3TrN4tNieMXOp3cbAR7mVdqhgSrHgrwCRyeV5/Xb4R/sJfDbwJ9i1HxSF8UazahJCLlQLBHC78CLlHCkHBxg4JJAzm1+y3qFk/j/wCOmjxvbW+k6H4oVLWFESO3soFUqUVcY2K2OmBgdhiv56znxgqZvhc2hwxRq1ZYGFO2JcJKEva1Y0k6UbNtRbvd20TaR+mZd4f0cvq4Oec1Ip1pNummtOWKbU5SenyW1tU9Tl/hd+xR4F8EpbXWo2S67rUZVmnuVDRIygMRtJI3AjJz0XgMetfVT6Fpvhyx3bLaxt7ZADGirBDEkYX/AFjDCbQFbd16nC1j/Ej9oP4f/D6K4g+2Lq2oiN/LtdPKy4kyR+8dTtU9hnpgjacV8EfEfx98ZfjbHLZeHrebwx4UZN1xO0htv9GY5JmnwpwRkgAAcgbsivg8q4Y4v4xxFPFZxXrUMPKScqmIlJJx5k37Onu7rblSu+2x9JmWf5Bw/RlRwFKnUrQjpCja7aS5VOfTVJu7d23Y9u+Jf7VXgLwX9psLC7TW9WQMkVlprGQefztV3ThiWzlVyMA8knFfJHjuH4k/tBaMsviW7/4RbwXvaSW0d/IE6MTtEquVZlCkElxw2AM855Q6Z8NvhCg1K8Nt4w8RW8bSzS3EiTWdvcE+Yobex3SByMMMkj9PD/iF8Y/GfjONYLV5YbGZ3zZ6eXjtRCASkQMePMdOBhB0yeT97+ieE/DfL8rlRq4fDqdamoyljcStedOLvSi9FrfWWtvvPxniLjXG5hGcKtZ04TTjHDUnLVaW52tHrbTo7rVnq2i+Ffhh8PLK5sfCCWmo6vaRlJb9ljuJXuCGG6NyDjBPygEAD0PJ+W/HXw88UeIb+5utQvL6S31CQyxNLu8hBuOYYBkoTwAWQMDwOeTX1H+z/wCBtNuNAufEPjUzW6NM72ekjd/aGosjDcZWPzRQFudx6gnj5VJ3vid418IaSZZ5lsreCytxFp2lwSK32coBtLEDJkyBvdvqcA4P6PRqTw+MeGw9N4iolZ1XdxT93Z6rRLXW0fN6nwlRQnhlUrT9nC3Moc1pSTWl2ulm9NHZbbHyjoXwN0XTYLe/vLNpbnYrMrRgk4GULgkjDE5UHAIz7VF4w8VQ+BdPe0uIbayj2edFPIR5jnaR5canaN44HBwpz1OQc7xv+0RZQ6Y9h4bR9Q1K5kKyzKTiMqCEUMCfkQEjpgDHQ814FJ4V+IXxX1fSG1CC6OmSShp5rhW8mCHOZHZ2ADAA/KpJU8819jluV4vE1FXx0vcSTUH0u47K11fr1a0Z81i8XRjHkwsJNtq8t1Hm5UveW1tHpp97PPfGfxR1zX5WttERy0jGKGRCZZHJJBKJhiSeMcAA46AHPS+Af2fPEevCHW/Gc09hY3DCRbW5Ob69Vju+6zZjiIzvYhTjJxjp9F2Pg34afDJydPgtdf8AECKAbq5VWtrGQD5mIbehdWyFVWbcMZALYrTnvNb8UKbi5u5tP0mMbJJ4lKPdLwBbWygjZGyjaxGMJktj+L7nBZbKbjGjSUY7XUW3pa9lvb123sfP4itSw7dXEVPaSSXuXv8AaW9n3XS/zRkz6r4V+HOnLpXg/TbW/vreMrJN5Y+yWkoGN8soGJpYzkgEkbgAFIavn7V9V1fxXf3F1rF7POWdnSNgyQA7sFIIR0TsCcFlHHAwPd9ZsYprWOytbdLe1jYYiVBJc3bKQWknlLbiATnngEtweRXonwZ/Zl8ffGLxBBpnw98LXuuahcyRpPfvbsmlabGSFMk9y2IkCJknDE5GcZPH6PkPCeKx06UMLh6k6k7K3K23pHV6bapvbq7Jan5hxl4lZHwvg6uMzjMsLl2EoRc5zrVYUopRSd7uSbbsvdWvleyXzroun31xbpblWKjadiKVGDwkSRr8zuQOmCecHOMn6U0X9kj4n+Kfh1rPxR16xHgr4e6DZSXTa34gjNmmrzRpmK106KYo8rytwoC4JPPUCv1Dtfgl+yj+wdoMfjj9ovxLpnj/AOJdvB9p03wHp8kF3DDeKpZYJLdGZXCSFVeSUKUyxIOc1+Uv7W37fPxC/aivYtKjK+EPhZpU4j0LwPo2LSzaGI7YZL+OEIs8ipj73CncASqkj9JxHC2R8L5e62d4hV80q017DLqMotwnJJRniJq/LCN7yio3eiTtqv5v4e8XeN/F/iehhvD7KJ4LgnA4pPNeMM0o1KdDGUqUoKeHyihLlliZ1EmlWfuRTvZ2R4v4GTTNId3tCELTSl5WcDzVJO1gQBhZBtIGSATktivV38cR28LKEBBXaDuzjJIIUZHXnoO2eTzXzfoC3N8ivEDEzY+QHIx2AAAHGBx2LDHOa7y10uaeaNJpfkB5RQcgj5sNnB5J6dMgDjkV8phKlKnNTfLGPxKMdVZ2av0s0t3o1unu/wCnK9arKKw8VKVuWDl30im3vo1ZtK2q0tc9P0nVnvrwP5hXKYVSecsoPyr7Ade2DzmvAP2l9ajs4/DVqkgMhWWRwxIyBuG7cT6nk7j065r2/TooYL+zg+VV2OxVTlsAYCk5I+bJJJPPrnOPjL9qTVUk8ZadYpICLLTiSuflXexI4GV3e+B2+g8viPHc+UVnH/l5VjTSfRXi2lte+idlftZKx81lMH/rthKDbfsMPOtK1/iSST0296Wv3JHkyeMruFzEu0x7sDcxYAdAM46jAPOT34xzeGqz3cMryMxaQBUXHJBxjJ64PQAeh9TjyL7SxDFssQ3THJwM4I757EkrlucBcV2ng53vtYtYZGd4UcOygHtyAP7uGXPPO3vX5HWSppz3sm2tL9Er2t11et7Xunc/c6eOlUgqLm7SkopvaKdle3Ty16dWbx0+UMnnlBKxUqCRlVfnDKRkHaCemSTk5HFfU/7MX7NOtftAeJ1srSeOx8OabdW6a/qOUE6RzShRFZRsQZJmyNqj5cndwea+d9atrX7VHGkhWeeUmUMMlVV+AASRnAI65wBnGDX7tf8ABJ/4AWd7od98TdQ1S7vUuNVWytfDttJ8pYNiTULpRIGUW5+ZVIK4XI5bI+U4lzXF4LJcRiMHJxxMuWnSag5SUpuCuor+VNtN7PW1kfh3jpxViuDeC82zDL60aWOcI0MJV5HUca1XljGUYJO7Ubtpq0d5bWfsOi/8E8/hR8IdduZtfsZ/EtvcaL5fh7TNZgSWGS+mtfnu7xhvjj8gFpIwrdFA6jn8R/H+k+HvBnxq161s7W3vNK0rXJLdbCGBJIPME5ykWAFaFCCBgbT06cH+iT/goR8Y7X4beGTY6RrsML2ci6Xaob4/2tPPNETLOyAki1XJVG3AlcKR8pB/mevfEkl94tm1NmN1NfX8s8jyLkySu+AwcktkM3U88jPTj53giWfYlY7FZnWqypziqdBVJXlK0YtyaekYrm6+aTVtP5t8EafE+Z4TMOIM+zbGY+GZJ04xrzkuWUGlOUISkoxgm7aJLtqkdF478f6xc+Ilgs9Y1G2020KyGxjmeO2tVYZ8vykYxoqD5VUY4JB46+tfBvw9qfxo+KXg7wZa7r0+LdQ0vSp7kuUFrp7TxRXDqSAVZIS7LySCmQK8v8U+HdM07RUM0iHXvETteMjceSiyBQrg9yCThcjJBxzk/oB/wTh+Fk918Y7XxTeThNP8B6bHrMxZxGsrSyhFETNwSu/f24DZAIr1+Ns8qcPcF51m0Jezr4XLq8sPNRbl7dw5aTS6t1JQtrq7XfU/qrw+yjLsZmuX4ahhaUIuvGNSXsYRlKKadT3kveTT1lrd7rofav7f37GH7O37M+leCPCvh7UUm1m9tLTVZ9Tjki1C6ud1ssVzp2pNkrGWu5I2iO4sgU8D5a/HX4SfAmfxT8T28FPCBq+u+I7LTtFheAhCl5OC9zC20ErFb7pA33RjnAzX6r/8FEfGfg7xt4j0200W+lm/sa8trRoY7n7RLeXU9zFPd3VxPubbaw7WRVyAoPcfel/YdsdL8Y/tK+IfiVHoY1jQfhH4Me4ttMs4BL9q12C18i2SOUAZco0h3glht3HIAI4vo4T4kzvL8kwOb1MVj8RmFepiK1XFylKcIVakZRSc23yqLckneMVdLQ9LxuzbAcMcO8RZ1RdDD1MswFRUeWKpqVZ0XCnZRSvL2rinyp3as7yud7/wUTvfBfwE/Yl8Pfs5+Fb3RoJr7xHbR6pHY28D3+sS20Qa/wBQubtV8xh5rfLltqg/Lnt/Nu9vbLbMgJmdERUC5dQy4GDxyx4ycZ5z0AA/Sn/gpj8Z7T4tfFm20fQLKHSdO8P6XtudOilaWa01KVy12k7E588uNr9WUrhjgnb+cOnxXdjCrKgdVXzZSRvyE6EliOepJJ5JBO7kH+hvFSeFo5+8Dg401Sy7DUMJ7qVnVjCPtdFZWU3JdLpX7M/Avo5ZTmOF8PcPmebzrVcx4ixmKzus60pym44qrek/falaVKMJW0tdtK1jKtWv2nCJaCMSBowpBR3HGHJGQhAOTuyWB4yMkdpardxQxpfR+awOIWX/AJZsSfl3HJxnAbqOMdcEcLd+JLybzJ4FhVAW83cUV2KnC7ACdrNgggdcnd0qOTxlNKbGC4IiCYIjjflMjkuTjPIPAx69ATX5ZNVKuqjs0rOTd3pbV7+XRdfP95dKT0SumrLVLVvleuyasrcr3v8AP0fVZJbWWyito/3bMBeSJGpy5H3XGPmxnk8/LzxwDq6JpA1e5SdSq2okJLbhHvcMAFVSQA2QOAOc4yT18YvviMjyzRgxeVbfKmWG5nHy54OCfb1PIyCK0IfiH5ekwCOVEuRK8lsiEIzse8gXOSCwwTyBgknIyeyxLjFxTWt7vW0Vy2Vt07bWdtW9VtPs6ijo907Jpar3dlezlpLZapt62Oy8X6x4h0W/ks0uJ7SMs3llZHaOVcHCBk4DOuBgDGOhwM1taFoGp6ra2Oo6lqCQIxZ4oYyRKSCGHm87skgZLHgEAjONvldxfax4wtR5ZP2u03TtKXJViBlUXIHJ52qNwyOgPRPDWv65bQTWmryTIbZnERk3IxVc7iGfBYAEEAA9jjIJGjhU9koxUVUj8Vkk9VF3s0tbWvtazujOUOaNlZVItOdlrK7i72tponfTRq73V/ZrzXtR0aZNPF4xjmfDFW3bEQklS2eB756joOlaltexPKJnuVktsq5hEu15nUBWVwCM5wM8KT0GOa4zSYdJ1cwS6rO6IZAISrlncu2MseNqHoSD17cDPXS+EdJLiG2knhZSxt7jzN8Uj8kBiHOMcg4GMr95Tkjy69WnSlGE01Ula7tp0v8ACrJrRvzXS9zlq8sU07xndXfR/DdpJaW3V3tfW1jRvdbsjcNHarbxNHtZY5VC4V9u5GJ4ZMnHzck8Yz0uRS3U0bXUUNmkSSI7Iq7gAOrqGAUDgHHTnvjJ8yn8MarPd3UaXCTzbHJcsNo8s/KFKkglucAHIyue4qHUNa8T2VtHZJbFFMDQsycKcAr5j7egwMEDHfG0Hiqcm0vY1NG1K99rtJPV7vTW99WZThGSglPme92/djbTVyu7u92rbdz1uaWx1WTyXurW3nkTcXiVRI0jAoF6fdGcHJ4IzkZzW7pOi+D9Ia3VUl1TVLN4rxQrsbYz7wWMqoCJFB+XBOeeBnp81aBaeI767klmZo4IMylwXV3fgkR8BjxkAjnrng4PtXhC6/s+UmSTy5yWlkadvMkXbkpknJBYAKQQOOeQDX1fD3EmJ4dxtHGRUK3spxlyytJJJwbaU1a6s3zJ3XZbHy/E+UzzXLq+Ap15w9pRqU0qcrJ80VFRbik3HbVNSsvM/fH46fAfwp49/YQ+GuveI74aX8QTt17T4LNlEVxp0MHlQ2MMQG9cx7C7EA7hgcnB/Pz9jD4CXvi34hJfX8j6L4V0LUYzqskN59juNRV2AktHYkDawysit1VjkdBWT8Pv2nPEmnaTdad4kvZvEqPYDRdCs7+4aXTtEhchfOggbMKt5fGQBheBkZAPCXiafww11NZ+I5G07UdUfVdZs7S+a3JAJcQRFGVlVh2GAegHav37E/SK4Kr5xleOx+HzCVTC4SCxPIlCU68IpxjzL4qcZe6rbRS5tEz+M8D4SeJOQcM8UcP4TEYVrN8yrVMDVfPVjhMLi6sfbctOSbVScbTleTtJ3Wjd/e/j/wCJNI8JfEDxv8OvhJ4S0XX/AA7r9xZaQ8d3Cmo3lnqTOpnNmNrtGBKpSWWIFXQsS2OK+Yf2tPg/deFL7wpp8enWFrqlz4StdX1NtGzHaQzBFK2zRBRsuos7ZBtLbsk4qO4+Itvb+Orz4g6B5tlrW5/sNs8pltg4+RZ33E5m2/MW27sgEc9ee8WfF3VvEupyyeKrz+1Lxo2JnZ2keKKQEvGD2CZJwCRnGSCAK/HfE7xzw+f5TmKyr2scZjcXS9hSjSioYbCQcXJOdnL2k425rNJPrrY/dfB7wtzDh/NciVfC3wOW5bKGMxuIr1KlbHY+rCK5lSblTjRpu7s72dlolr4v4W+z6fpF9t1u6sdau7cRQ2yOXN1IWCmJVIGWZskkdMFenFfoP4E/Ye/ah+IHhnwn4h0X4drLDqWmmeyt9TuYrefU7eRN6z23nMohd+qZK7uMYBOfg6y1LwXbeIbLVri1aeBWVLdQ4XZcKwcSlWIAwcMBkAcdsV9dzftifFPS47aKx8eeIxpMNlFpenWcGrzqtjaRIEjFsi7RDIq4wVICnnPGK/mDGcUZisRCVShjcXCrBOzryoqFT3XF3UWpLvZf3dLO/wDZdHKsM6CcZUaM4zhFydNVHKNk5N6rWUuVX2VtfL4/+Jnj34mfCvxPrfw18Y6Ba6PqHh3VGs7vT7+2guJIZopRndKhcTrx1DNuxnqeec+KfinVPF/hHTdfvPDunaPBHAtpb6pYWXkDUSMAgqqKMBR0246DI5NWPidJH4/8UXWt+Ib66vNQuGN3LfXVw1zd3DOSWEsrgtJIc5JbjOT0BroxrdrrvhFPBjKsumxJHHbJcBRLAQMNJEcfKWyMDIyu0nlQD7VLOOalgqrp1VXvFYiDqynyxuk7J2Umt9VdpWE8FSjKpGHLonyySindWV9HdLrbVq6PkIDYV8tkKSoGVVADFj97HOeTkYz8vQYABrsNNujbABEk2ALgIzKA3BO4KAPQ7SecgEHAqfxT4Oh0W4j/ALOnklZJVV4gjM1vn7wIy2VxhcYwe3yggoY7iSAiBJXwMzTJDhY2UFuSBnOAccH6/Nmvfq4jD4mEHTlGVOT1UuVatppWe2uj7O+ujOH2FWMpJxulorRUmk2tntvfa66O2x0i+ImmiWKK2BO8KZEUL82MHzCecKO55O4jAOatLq97tNsSWRwSw2bVdeP4AA/PKg9MA4ORleQ8M61p9nrunDWbeW802G5hmvooXeN5o0cF0LbTtZschguRuGBk59o+LPxR8H+JNftLvw74astAs7Szt7MJAES4ukjVV8yVFwNw+YsxwWJ7g5rysRRlGvCjSw06kZ0pTlV0UKbjy2g1o25XWkV0Td9110sPTlSlUdWMZRko8jVm1pv00sr6rpvocTZrqNzceYkOYQGAUqeq9GI+VCc8EjII4IJxireXutQTJGkLE5YkEglQuRjBJCkHrjH09Na48SPJpwks2W3jMgCjCiRwRggHIP3vQkgnA28mudutQmuBEVZ1YAmUN1cHBIJIzkgAYYjtw2Sa5qdGpUklOgla1ou+svcs9NbpdN9731ElBSUYyldvo1blbjtZtbvdpK2rs739J8OarMLOSW4KIWJUl1IbspKKccDGBg+hzkkHYj1JE3TrMZW3OpjkbBGed2042J16cA528ACuCSYXOjG+il8kW6HO/AYOvOcdSOmD1HoMnPmza/fSX7LDKOUJck7QNo+bHQcgdBg8gHIxnijlP1qpUlbkipWs1ZK9rWT1+79UDSiloneOmzerVndap33Tv69vcta12yRVjaRFmaIu7OQyxqFJEYYE7i2DjOD1A9K8evPFCFLl4pEeJtyyLt3OwP8ACQe4HXAyepPODy2o6jcXSuhaXLsuAB0PIJBzuYEZz6dcjPHP3MyQRNbKcXMxGWY4ByAQeh44HPXPPBOa9/L8np0E4yV23Fp6tppr7vO7WltFc4a07tW6JvS99o66WT10/wAJ0enWFnrck+fLgRssAAvmPIScKGBXgkAngEA4APJrXk+GdxBaSTzXewOvmxpE4ZZFXJCy8lg57g4G4KKzfA32ZGe4vJAPs5KgBvm3MRl9uMMQABjq2D369zqGu2qRhFuFMb7l3FvmdW7ICcqxB6jIK5xnNXisRjqOJjRw7koLlTvH3d43V2/6TPLq1LSbV9rW0S1e29n1Sf4O55vY2l5GVtpUYLG7LArHH7sMAC5yCDwwBABwD3rrV8SajKbfSI7g4WQbQoOQinGNwyW4zweeDn1rgrq+1f8AtFntYi8JkMcbEFyE3YLHGcHBJwCRycHNexeFvC96I49YFn/qWwm9TubzBlpCvPygnjHK546jOWYulTpKtiPZ8/K+SLfK3P3Wkoxs1ZpWei8+p5+Kq0qcPaTcVpFpN8t5JR6JK999fk73PRbXQ9Ki0iWW4Rr69a38yczJmNt6Fh1BC7PUH6jHFeR2vgLXdRv2XT4sWckjSNJEpCpExyFUrgZAOMgjjjkV6rqk95DEqWzsqyfIWILxtIyYfBAGFXOMY5ztwSTU+hXXimGylTT4iXVdzFk2IHIwmARgE4HpgkNxnNfK0MVWw0K1SNSnJ1JNe/N2SlKOiu1ovlbS254NTHqjCdRTjLXVOTgk/dt0d/0SVuiOO07wBrWo6mumQW11LcWgYRrFA/mMqAMZJmUFY1UZPJBYZPGTRqnhm88PO7D7WbiB2DwXIIUsVO5o1JOV4OCV4yAMA8+1+EPirrfg66vrbUbexOoXESSTztGrsypz5BJGRvHAwRnJAyTXk/jPxbrfivxDd629k1uXVmtreIbYOAQuYwQoRlJJJ4OM/Nni8JicbicZTVSFL2MVZTvz80m4u8W3onttZ2v3PiMRxBjZZjCm4Uo0VL3Kik23LTRdYy00fLu7N3Vzx7U76+iinnjthESHaVj95znCmPJycHrt5B54GVPmF94lvZ0ME8oCGU5MfBI/ulR95jzkjg4GOAa9C8Wapdz2sqTwxRXUK4KxZVQGOXAVf4icE5yf5144Lf8AepO+WjJ3uB0LnJKjGTgHPXqT3r9WybDwdKNSVOKmkkrd7J9kuqT/ABTP0DJcRUrUm6tnZWjdr3W1FbJJ9bap236u80yXBKSbVhV8urnJLKcnJCg/McYBJwCQ3TGcw2MkcpmkzulyYssTj1JOMcYyBzz0xjNXmvGbzZHJCKVRN237nHRf84xkEZ4ZHdrIkzkeZ5RHlHIGzORz1Y9SQpHAPGAK+pgmrtJOyaT/APAbXi3a712X2V8vaale99dNL6bq3Z69d7tdxDeG32CJCzoCsjMpfOOoCfKP90AccDGea6PxO6x+HtElgsgv2lmaWVV2tuJ6SFRglio642YOM4rkbiNkEVwkqsznc4Q48oHJwRgLk5BxggjHtn1LRJL3xZ4Zl0CGKBTaQT3D3cjKsiRr91kByQD02A5PbqSMsQ6lL2clB8vNHm015X16W7NWdnd9Hfz8wr1MNGjVSbgqkVUUdbRbUW1rFrfZtq9vU47wfYaPrS3Fre721IybbWPZvjLtgKyjBJxgbtoJP57Xw6JfeH/Eh07VIlRbUM07J8haJxuBRsA8KQeo7AZA4r6ZYXPha/ttQSVJLq0fzopI23h9pBIPBLH5TkMDk54/hrtNV1xdbnTVr5FkvLgojtnbuA+7wORkjLfKQTyQCSKzxFf3LKN+ZXd9LXUbX7u99rWWjseJi/7SniqroyVXA4nDpeyek6dVpWals1LaUdeVa36GnDE7RrMqO8NvM32GEEnerKMlyRyqg5zkDjJya8q8U37XN8+xIRJGhR5Y02su0txjByw453EDHJ4APZarrGq31pHbWyrAbWJjGtsQk0igYPmEjawPf0IHPBx5bNDeNMZbxWAd93zMzGTDEsGzyAcYKn15ODkcGCi4TlObUdLNJJP7O+y6bWvo3dHncPcN4jL8XPFV5q80+WENOWLa1eyvr31fTtkeVcpMLhkuI42IKyzRFYpD0++V2ls4LYJ4I4zXs/gvTEniku2vhBMis1wMElUblQo5AyDgnGBzn1ok8eI3ho6Dd6VpV1CVRId1vEl5bFQPmE6qTk7c8nGDkYPFVPDGpQWMrhLWR1lcbwTw0QX5gvYqOmAAcZwSDiujMeSWHaj2dpfc3tol2vJ9X2t+hZfWqe2i6seSMZ2S5rpxTjqrvRtJOzs7310PefBvwS1j4h3dnPot5Yi+1K5S2tLVp0E9xLv2qW8zaFMhwSCRn9B1erfs3/Efw74kXRrjw3LNqEdwILl7Y74URhkkScDlc9TjPQcYHNeBfENjompaXq901zHZ29/FOI7K6khuAiOHZY9hyjHBG4EEjg8cV9yeN/j94X8XeGrq60u91Xw94jiWyhsFSUuLi2t9oeSeTIYysoIJ5LZyepx+QZhnHGGXZ3haOEo08VldVck37JqdCd4qMnJTvKPLzXdr21astP3fKsv4HzPh2tVxVargs6w6hOMXU9pTxMUveUYuNoz1TXvWd7KyufBKaTPo2q32n3UbRTWd49vLA2VZJEc8DqD3y6k9CVznn0nS2RAnCud2CMkgEkEAdweRxkgnJ+uZqH/FQazc6jM4iuZJVfGAfNyFDzNzkO7ksc/ezyQciujsLRLcLulR/mJG1csSM5yQTweTnB57nOD+25ViZVcLRdVx9o4QcuWSjado3aum7PXS3ure7Z+ZVowo16ihd0lJ8kmktLqzsnbVaO+i1PevATmWC+t0HzS2pJAIO3AyOCeM8443degJNVp4vLlkhEeGDgls54ODtJ6EjkYzw2Mng4reBbpUvoSjDfNH5TJtwCSAp6nGQfXpz610GpQFLqRTGS4lbJ5xzlgBnOBnocNjHGK9+jUTha99VdrVXsnunro/Vdex1c6cV02800+VvVb63dujfZHP3QYFQFUqOCW7gjGDnkgE47njAPSokwMfKRITjHQKmOVIyDgc+pzknjAVbySQSKdgI9ODgrwe316DnJ4A5qsryM+cFiRgrjB4GRwOuRjkc45HNTKLumrNWV9Luzcbp9rXav597kymnt3Wl3o1Z7ef37dtO00YxyxPG4xgMuM/KUPbOGwcZ6AcE9eTX6I/8E/9W8J6lrPj74D+IfCOi+IYPizoF3Bpmpz20U2saXfxwOsa6e8i5V8jzNoYdOMHOPzP0m6ImELMuSDwF5yT3YjjHI/E+ldvoXivxN4A8R6X408J38+ka54fuY72xvbKRo50aPBeNSvIEiZDKDg5PB5FfnnHeQV87yTG4ShWnQxMqanhqsXKLhXpNTpSdmnZTS/7dvfofQcNZjTwGY4erWhGpSc/Z1VJbwm+WStono7o5jxl4TuPhV8VvGngXUIbiBtD1y+01UuozHK1stw4imdWxksu0ZyQCBtPpwni1biyuLPWtMYw3mj3UN7ZyqxBV7eQTp7qNyg8nPdj/FX2v+2Vo8fjzwn8OP2ofD8F20viq0TSvH5n2l49et9oN3hSWMcoBZ3IHzEDJ7fHV5Lb3umrKT5gmhzkEMoKoQwfJ5PPHBIye3Jfh9m8s1yXDyqS5cfg39TxsG7SpYzCyjTq3im3HmnFVIp6uLVtHpycY5X9RzKrCmn9VxMPb4eVrRnRrJTTjZbJ6O17NNev9In7Ifx68GfGX4H+HNb1S9trvxBpVvFpviTS0CG5ivLdFjaWSM5by5wvykjbjr2rxD4jeCHs/HvifW/h54Z/0fWnS5lX7MY/sz5/eOdq525BztA5A6YIr8NvgV8cvE/7PnjtNZ0e6lbRtQmji1vSS+63vLQuSWRCSFlQZIcc5yPWv3z+Hf7WPwy+IFjZ6xZeIrDTJ5IoTdw3ixKQuArW7qSN2HJUNjPU+w/rXhjjTDvL6dTE1owxuFp8knVnyxlCNlzJtuzaTTfR62P5K4n8NsZXzWccLSlVwWMquoo0ouU4Tk1eDUbaqV+V7WtbU/MH9s39nHxt8bNAs4bLw/YJ4j0SGSSx1NonikuS43y2bTOo3ZIwm7gnGAOlfipdfsvfHa28QxaVP8OvEUF014ttDNDaSvayOjBN6yopRUY8j5uFI7V/ahrviPw1rkcZSS3u7S7j862WG0VmlGwjcjBcLuJ4APoQwNfNc2q2Wn6sGggKRW99JJeRanEkMNpYoWkeVZNjMi/JksQGAGMHivx/jnjngTMcfUqVs0w1HH8zhUp0qsJqTVlZpK6b0Tb1T6M/auCPDLjzK8qhCOWYmpldOKqQq16U6bpxdm7Tla8Um2ktVfzPwb8VeFvGX7M3wS1/w/450u1sNc8fabDbWNg0rJfpFtxJPOo+Z+CPLBIAOSOor8qJ7/V9J1ARnzIrZ1Z8OcqS+Tyfu7h34xhsAnNfpN+3Z8afEHxu+LGtSeVA2n+HJm0bQXs5TJb/AGa3bY0oxtBMnBDsCCBkHcK+FJPDeq3NzDJqcYVY8kLIrLG6KAQQpUHcwIJYKwAJ2jpX5xUzDBe1k6PI6EmnDmspy2aaWj6qySd79XqevjZVqMlSqv8AeU5OMrXcb3jzJPry2tps1vocTN4mubmaIEkFVKlsYBUHHy8dTnGcj5hkH19A0DwbN4g06XUHuBaxlWKDARiQCPmVirbSDuUj8uMnZ0bwh4Wv5Yo713a8EwZreNgq7FwQAOAOeecHAwM/er0+5vtEheDR7OyCQRIEeRWVXKoQNg6DPABweSCe4rwczzucJxo4SnPmb9+bTSSfKrJJavTW2z3d9Ty6tf4VGzlKyd+mytblbT6a6LbyPDZtCktbuO0hZp44tkkjOcgnI37Qe2eufz6YzPFVhfWX2d2jjjt5UD+YiYzgEgOccELk4J5I4IDEV6/4gt9ImeG+ju2tmUmE26nDsAcBSByRkHOOMZPpXW6VaaTqOlfZtVs1vBIpeMkZIQKoySQCO5BIGD3IODg8+lhlRrVYSlF2jNdouyTdtt77PW1n0aWIaina6VvtLRPk7WavpG1tEum7+Q4wJkd1IRA+1mLZYnqM/wAyQVxtGM1NHmNceYFRm3k7slgM5DHPbBwCOB82c4J9N8d+BZ9NnluNFtBPZXC+d5MI/wBUCMsSRyNoPI9cZ46eTSutmheRSgVFxG2c+ZnHIJ3fLuyvPP1FfWYHG0MfSjUozT5lFtXs46rTWz22vrvtZt9EWqlpKSkna9m+vKtY6b6eXa2hfRJRFMyk/J9xRk5wVO7oeMkEgE5J+aq8xe8GZN3m7Bg9RgYPORu4wQSDgcg8DNZUGrzyAsp2k5XIXqrEDIJGTwD+B/3TX0P8ObHwuYRJrVsLm7cERq2fKZHXB+8MDndyDweuAop47GQy+g606cqjjZckEnKVrXa9OjtujWlSUpcvNFXSXvJWTb076/16+HGzl2DK5wF3FcnIyeSB0xwQeMd69Z+F/jKDwN4u8JeIb7TbXV7bQ9e0vWJ9JvUEtrqcGnXcU8tjcIQd0NwsflMpUgq3Kg5B6nx/8PYbSzTV/Dxaa0uTme2iG77PkMwCnGTheCSM9hwMV4Rp1tMbxbV3k3SyMiR85UoTwTjgD6g5GMferDL80w2OpLEU5qGt3CbSlG3K2pK13pa1rW23udUYSpzUYPmelmrO/wAKfnaV0k9N9r7ftF/wVG/b6+AP7aq/BjUPhT8GdI+D2qeBPCFponieTSbKCyh1q7hhjRtscCKJER1Ox2JJXAGTkH8QdQuHnvcG4baZWEYxwodsZbCnAIOeDnqQQAK9U1Twjd22jzXV87xyoN1urZcPGc/MFJJJIIwcAdDxk7fIUsrgNcFd7EPuVicBCCAo9hgEnnAJ/E9CxVDENunJNxai2mrK3LvrdpN2a3vqjur0qsOSVWm46JpNPVJRaur2031vfVWTRa8XTCyjtdPhmE48pJJHwpbcwBwG5IXgcnn3yTjgmmmiBCbZNx3bjyRnIX5um4AkYJ5O48Z+btLrw7fahvuzK0gjRRIDnLll3YQnAZc8dA3HY9eZ+yNB5yzFlKMA8bdQNwAHOc+vXcDj6jqw9Sk4tRk29b2cb3drt2d0nol7226ep5tdNO9rbpOytpbr2enu7q1kFrHK7CRvvFiEUEdWyC3qBk8jH1B27q6+zTyQvn5JRwSQGwATnIPcAcHHTjHtj6bAo3SkMDGC0OR0C9Q3XtgAc5JGeDmvSbFNPuoIY2RneSPbMxyu04yGTgED1ULxkc5ypmtJtpcqaum/NKyXZ+b2+SbQqd5N7aL1VtE76bLZ6p2u+t16n8Fbmzg8Y6VeTQLdmK4hktRhGaWSM5CSAnKqxLZAPtzX7WeOvji5+D9rasYra3voxCunWzAPZTRRquJgBhVkABy2AeM4PFfhz4YsY9Ok+0W9x9kMTB4JGZlZWUkAhiBgkn5T16ZPWvQ9V+JHiS60mbR/tzzwuPmlaVy7fxDBwOmDk7iQec5r9t8PfFPC8HZDjculgVUxVWftcPiEleM1FRi5K13a7avt+f4p4k+D0OPc5ynMsRi/Z0MBL36NrqrFuLcV35tU7aO2uxwvj3WxqPxCj1V0Bigv4mMQwwlVZVyJEztOQSSD1AxnJwfozxRrHgiDUItXOlQRy3uj2LWzW8UaqZvLUOJYlBClTn5iMd2AxXyCq3M09xNN+9kBZlJZmYt1yuQeRjJxxyfTB1l1HUjm5nlMixweVCkpZiqkAbcEEHB4XoePWvzLNM9q5pmWLx+JtOpi686s5dnJ36OzTvfbpZ+X63luTUMry7CYHDrlo4WlThCL0vGnFRV77K2iS/yv1vx70xpIdE8Q2NisFleRgGZACpk2jAY5KgN2AxlR0AxnxDQNJuNYu7Ozt7c3MxkIaNcglchizHJCgdee2BjIr6Cl8WWus+GYdA1OKO8igZGSIgGS3Y/dKlgcYJ4CnI4zxkDEspdB8DIb6xSSXU7uJ0QScLCHHAwSeR169cDIwFrxsZi6ai3RXvNJJW6tJbJLRdk7uzV7NnbTbiuTXdJN3et1rfTTRr0SWjZ2lnoGi6Db2wjI+33KqLkfLIqBCCVUAYQgjACkE5BB9P1Y/ZJ8ReEPjPoL/s2/E17e2XVY2ufh7r943Oia2ARbQea4O2CaQBGjyFIP3lBBr8etN8RWd1JbNLK5nlkEkrFs7dznO3sQnTGOQc8nOffPBPj2LRNds7qG4MM8Nxby2l5bO0c1rJEVZZkdcFQCBnnI4GCeD7fh9n08lz6msavbYHGf7NjqM/4dXD1eWM4tO8Va90/s8qenT8r8YeGsZxDwrWlldSeFzrK508wyrFUNK2HxeHtUhKMk0+WVlCcE7ShKUWmrn9BH7In7W3j79h7x5rn7M37Q+nXWs/BG+1VozLfNLMmgJcsYLfWdGeQMp02ZSss0MZ2KpJypzX3T8Xf2RZ4LK7+JPgo23iHwB40t28S+DtR09hNBdW16PPEQCEqkkSuAQSrZAGM9flv4W6Z8Pv8Agop+z7P4S1m407Tf2g/AujiHw9rDMqzeJbCODbHFcOSGn8xUVCSzMrcqCcVF+yL+218QP2ILu6/Zt/aj8Pap4j+E41OXTLO51FZJNR8DtK/kJd6WZgWfS9r+bsU7VQllxkCvK8Z/AbH5Nia3iJ4a0va08RTWIzDLaXwY6lJc94whosVDZSSXtY6b7/P/AEffpS5ZxZD/AIhr4j1Y5dxBlk1hJVKz5HTrRcaft6bk03Qq2UnFN8jbb92zOOb4ZQ3Kw299Zm11JXnMTvFslDwcoCoAOAyjrgjGTnv87DVNf0bxHfWdreLBeafqi7JwuJSpYKdzZBZGHUN27dAP6LvD/wCzz8NPjFZ23xC+GOvWuu+F9Riur6LXLaSOeJUuYy628iKSYZo9+HRwpL5IGa/CL49/D2/+Hfxa8YaXcW8sZs78TwXPkuIruBp/lkibHzrgruAycr+X494Y8dYbOsyxOWY32uCxtBRjXwuKi6NWM00qkVGSV+WW6t0P6q4uyaWBwuHxeEqU8RhakL08Th5c0KkHGMoyjKN73Xa2z8iT4yTt4w+Feo+H9R3aVrAgGqW+u2ows0kSb2jdhgjzSNp5Jy3q1fK3jbWHuv2AtR8OyQNcXtn4nFs7QuZJHhN15puZYkBIIbOWI4XljtJI+s9WiXWPBE+Qri7sZbNC4ZQk7xsEADJhSWAUnoN2OoOfKvg34AEeiax4duI49QYGae90q8Ae0uUaUk4jYFA2w7AccdVAByf1/OcrowlTq0ZNwahNO942bT7+bfRt6vax8Rk2aVKqq06jUpQk4N3V/dcdOXu767Pe7ufKf/BPvULax8Q+M4HVYZ0sofniOBIqkYBK4A5GCCdw+YH0r9Tr/XBNFDJkOzA5VSPmwDg4LccY+6DnHQZK18r+CPg94c+GniXXdY0q3n0F/EM0oktJlJ0+NizHbExGIlU7sD0woIAFesRW+owORKu6Mqxt7hH3xMCSco2SGzkYBbuQSSSK8z6vF+8+q0k021ZxVru9ttW7O/qe/h8Y0/Zxlazd0994pN373evR216HfLcGeO4SQYje1lRCAcgyJgjHQYPY5I55yCK+E2XUtB8STWemwyNf3uutFp8CgkyzzzYjZtoyYxlWHQHA5PWvtHRNRecxWcqsAGYyPjChe4OM7h7+4IGcZ+P/AIja4/w2+P3hPxPd3UA8PT3VvJFaygN5tw0ixyFQwwrKTuyMYK9B1JRpReIhSlb2UpRv1bb5dLPpfTsm1fz65zahGoneSmo3b2b5LvS+ib7u1krpM674/wDw0+L3gvSPD3xhk8bXdn4x8GS2mqaW+mXEsD2CI0cogLRycKp2rKmMMMgjBr9rPgR4s+HP/BTH4FeFn8X3VnZ/GDw34eOialqVtEkWoJq1tb7YLy4RVD3VnduoMzFSUYggE5Nfj5+2x8ZtPuPg/qOn6akS3viBIEtZAQrSwuiOzghsbVUHcc8cAZJFfO//AATh+LHxX+GPxU8DeNtLubjRvCNlfx2utSMJFs9Z0szqlxG4xsaTaTtYg8E5OMY+Q8UeEaGIy+jm2Sp4TN8th7fDTglGcuTlk6UnGylGXKrprRt230+g4YzqtDMnl+Km62DxajCS3UJO0YzjzPlXLzWeuqdu1vpX4vfBvxh8FviDeeGPFmh3di9jfzQW91LA62eow+aVju7S5KiORZEIb5W+XnIzXF/FPxHe6N4Ju5tPvZ7C8t5bYW91AxSaM7h8ySqwIZMrtIPB4yDyf7Ef+EQ/Zu/a88I2Hhr4gaPpd/b63ZQXmi61E8EOqWdxPHkNb3oKyjbI4Pl7gGyV6AZ/n5/4KU/8E7fGf7NmgTappE6eJvh9q+qBNJ1K2Hm3unopLQ22owLuYbV2qJVDbuhPavnPD/xDo59gll+c040MwpP2E1L4Jzgoq9pNODklzWaaetn0Pbz3KKmCrP6vGbhOPtIO0rWsruDT95a3te6+4+RPhF+01rL+EIfB/wAW7OD4heCL+BLeSDVlW5voVlAV5FldWdnCklMEEEA5PLDG+Jn7CHwz+JdlN4u/Zr8T20V7cwNeXXgbWJgkyXBBdorCV9rqVYkRw528KABnaPnbS9PuLLSdJt5Y3gniZRIjIyNweS6kBucDhhggDjdkj3XR9dvvDNu2raXfTWc2nvDLHNbzNFLlhuLMFYbl64ByDzxyMfqVLBPC1qeIyqqqb92c4QfNSm2k7yh8Kjbm1TZ8ZiqirUZ0sbTlK0bKbXLOGzTTet19zt814D8K/hf8TPBfj/TdD8QaHq2jXFndGFob6CVYLiRMq5inI2ujALg7nCkkrxtNf3E/sn+H5td/4Jwx6JMF8+4m1aJ41+YqQgkKjJycBD7dMY7/AMynwi/aRk8YSXGj+ONDsvE9vcSS2dhqrwwjVbGV0KLKkwTeCrYIGQe2M4NffGr/ALdXjj4B/s3eEPhH4Et5Yn1LVtYur3Ur1TvbS5QQ0ccrAqZVVsBGIBxjbjGP1jh3PpYvDYTA1oqlXw2ZYbGyk5LkcKMlezbUtdNLN272se9wVCftaFChXk4YbMcJmMpVHflhhpJvS+9tlr07XPyh+PVlawfEzxakSIqRaldQvGFAKPFIYzuA75Xn1Gc5HNfNeokqwwq4UlSVOVzkKBnnptA685wQGwR6x4m1bW/GGp6l4pe0cre3U9zdmVGJkeWV3eVpcYAJbcRlT09DjyfVryOyDm+V7OJsuszqGhI6cMpO0EDgduvoK4+KfbY/NcZi6dKUoV6sql0raSaaaTu2rpptO+lvI9Di/GxxWaYvFRTjCvVlUi7O0oyavLWLVnZpNbaq71vjQuDIFI2DBzgEfkRwcn245wTXWWThtgRchgDnauCf4ccHIAG7dkdDjjg89bi3uQl1bz297BgIrwOhIBBLZCEsoBAznBG0k8Yrat4JFlUpIoUgBVBxtzjllHJ64I4x6mvh8TSqJ2cHF32ttotV5PWzbWl7+fyEal4tRd43dldXSaVra7at3/Bc1jpDauEURKoLgElwMMxxkYHHTpgnngk85lKynYOFdRtHygjA+8UKnnvnIBGD1qxZttaNDuY7CMhflJxy6gehHGegz+NgwTBtxZfLBJBA9c/MAQQGGewxxjpmuB0rN3WraVrPS1na2ul73V2731ZjUpwlJXv2aSd7pJbWat20ejWvRWI7e6dERCu3aARhcn3BzkADPG09eMckwXKzwlUYgcE4IAUgEkdCcDPGRkkcVLJdmDHzHLKVCldzllU8rzwOM4+UdO5OcS9upGdHacOCGIBGSp57YzktgHrkkHd6c86N79Um7J66aJ3urt76N6WSud+GhCLio6NOK1fRqLe1m1vbsl0Pnz47eCr3x1obaXDNJH5kq8DoW3KQV5JAVRnd04wMA4ri/hx8EpfB+ixabMXklW4W683exBkYbgN2OxyCwyCT7Gvo+4s7u+uE3fMm7ds3MoGTkHuAeN3XPbPIrftYZ44ykq7kyFCgDKqvTrn5cLgnjGOR0rSnWlTp+zSfLZLtdpK999FpbXR9Wrs9CGBpyxHtna8rPRWutG3unpo7X3VtdjlNLbWNOVIftFwgUcKkjMOR2B4GOit6dCcCtA+JtRsmzqQ+0xLllLxpJKnJIwSCy+jEcY+Xk7Se0hs9hMr25ZWUE55YgYzxyMDHGWPJ44rlPFfg3xH4vsk8M+ErVx4i12eK004IuyRpJ3WOKMEKNpJYDJJIPOCRmpwuQzzOuqFGkp1arfuxV5NWWjaVn+Fut2rH1eUZPjs2xEMFhFKpWn/DppXuoxTTfS2lr6aa6s9L0v4qCKG0U2LGNkAV1C7sKvOSOfU9hjgjHNdfpnxNtdS2QwK0MjPlcoTkr1J4HqBuyoz1PFfMXxR/YV/bC+ED+HNT8WaXrvhrQs2h+16k0r2uoy3CpK0cDD5XVozgFiDg9G5r3rwZ4elhtoZL+0K3ttFHE+IwiySKih22gKWZmGeBnIznIFfP8ScJxyaSlWhTU5q6UZJqySUnvytpq2m78z154DMsFNUq7jOK09pTkqkHKOk0pRbu4u6ab0d76HrNlqF1fSRIrBQ5wzYAzu5wTwMYx68gHj5hXsvhaOQPGHZG8tkwpBB4GMqx5wGHUYBzyOCT514b0CW6ljkWHYAVZUU7FIIB6ED1/Lv3P0N4f8MRqvmSeYku1CPLIZR0BII6j3zk4PIPNfk2cVaFGPLKSV1bXTR9k/X1272XsZdhKtSanFNO8Hdp62s9Hva+m71e/f0nRvEUFjCse8b0xldgJXAznJOTgEAlslRgkHJx5R8YPi9ovhHwpr+razfLDY2dlPPKHjBEgCMRGCQThsDoOck52njq77S0gLKJHjdxhRI6rg4xksDkEHtjueh5PxZ+1Z4VuNf+G+s6Ml7JJeT21y8UcJEnmFUYiNsEZU4PbrxnmvAyPLsLjc3wvtb+yeIhzzV7WvFK7TWretlsr3Po84zLF4LKa3smnUhSlyxas+ZxSUWrq7ldaK9kmrH4mfD79qFfCf7ZOgfGXS7I2tl4f8d2Gq25iBQSWK3qxXG4naMGFpHOOThc+tf0jf8ABaL9pXSvih4j/Yh1LwdPp154e17SINV1W+toonunt72K0ItbiZfnIifeFZ8leccfNX8eGu6RqGieM2sr5Gs5EvTBcQyDy5oykp6oQGCHAO7B+7jORx973/inxv4uvvgpZXd/qWq6JpM1hpOmQyO8y2kEcke9IMlmjXaOBgYwPqf6R4myzDvJU6EorD0cHUVRu12oUbwb16Stq3te1uv5v4TXxvF2WVcSqn16Gd4T2aiklONbFUY1YzV1eDitdG1uktl+tXxQ8Z/Dfwtruh6n4r1DT9J0X7Jb2kMxPmrHsgUszxHKuGLDzAeCevIr3T4V/Hb4Vajpr6NoHjTRNesHSKQ2sTxR6gwyfLiWPIcKmQNqj0257/iR+39r0umeNfC+iL58tofD1nctYuSirPLCgaR1OOeC2cZIUYOK+L/hv4vvfBXiy01rSNReO6DxMEM8ihcMN0ZwxBOOmQTgEDnr/OFHwRwXF/DNLNauKtip1alem3HmtyztGN9+Wy0Sa317H9/+J/0g8g4X8RZcCf2BQrZZgYYHB4rGU6ihWVepRpynVjC3JOEPaJcravZu90f0ZftWeC/h1rfhDXNf1GzP2+4igFjPNCkki4DlfKmJ3qCGwVBIbpjAwPzH+A3w/wDAXi74jeJtO1W7k0hNG8JaxrGlAsIhealYW5aGNssN4kYYZPvEn7owCO08a/Guy+IHhey0KTxRfyyz6OLlWlud0MOpeX80JUOQEVjhMkHrjJOT8SaT4k17wx4otp0nmlvlM8PmBt4likyrxOV42OOSG4Kkdxx/R3hXkWFyrIqGV4+pVaoz9mnVSk4KFk+VPaMtGuiu+p/FP0h8VldTiahjsi5OTE4dT9pQjy3nNqTjLl1UkpJa3vfVtalnxvcJ/aEhiKoqz3IO0bSxWZ12444IXAUn16Vwi3DXEsSiNlUyYYFyQF4+YA4zu6H9OK2PGU19d6jcXDWc1mhYyNFJC8cRE2TvjdlwQzseV49T1Nc7p8TtMDuCoGyQF6FfU4zgbvXGOO4z+g4nB4OlVj7FxnCLUeZNbJRT0tour7fej+fpTxSlCNb2qclFtScuqXvJSV7Nqytbdt6HcW0YQDyif3cZAJJOSSRwMkd+mAAegyK07dhEsbMV3MwDc9BnPyjkhu3PfAADEk4kauYwyEnbuA2jJOMMxxkngEkDnAIJzmrEL42b5AzLghWHODnDdDgjnnjOD17ee0uefK01Z2jbo7Lpq9E/PWyV737KDTlHmbTVnukuivq7tu+yveyel9O5sbiQSKpy+RnAGQRnk+pIBxkEdSGGCtf07/8ABLXTPD2qfC60XxVHPZaOk8xF3HCZRNceWTBAwCkkM4HyjOc47DP8umm3Ui7CWAGSuQvzAN6DvgYPbr6gZ/qy/wCCS+riL4X+ErW7SF9IbxPbNceYiMzu0m0Zz1AOcjk/pX4R42ZXQx/DWJjXjeEYuaT6NR09133urpXaSP2Hw8zWpgMZUeGnVVWdJWUJ2kleLdm273tprpo9bI+xfin8P9X1dLe+8FeBZQkgeFZv7HaKK6ZHYCTKoHUuh3AkZLNz15+afgfqmp2/x00vTtW0sadNp2qxx/ZmRgpu1cblmiKgBMjO4qDjnrX9FdxreitewaXpc8FwzSRkQNaIqQ5jAIyyDgH7pCliBjoGx+E2vmLSv2w/GN1cyRW03/CQM9uioFhXCGSWTbgYDfNggEEnOQTg/wCXWKyfCf2rTpUqca9T67Rpq0Vy0pKtT3k91s9ForNs/r/w54qxvE+Cz/JMZhZ0o4XJa+JpVatSc687+5aalBcrd07rZ3dup+sGjftZfBDw7421Pwh4/wDFD6VremafDNc3NjYh7W3EoQLazXCRkRx8gMGbpnapxiuntvEnwR+MVxd2mveNYNT8Osl1faDOL+KzhgkijfEiyb1J2uckE8Ec4JBr8yofA2s/FHxz49m8FaVp99PqBs08RG7tY3j/ALMtwoeaKcqTHIyqcHgkjGQRkfSOhfs+eFdd+CQu7/w4fDdlp2oaloovdJupUuZ5syRFiykGNHlxyM9+PvV/txHwY4CoeEPD2c18W6uaYzJcFPGUZKjVp06tXCwm/aRcVOMFJWveTu72P8ucy4nz2j4lZtktLno4LDZnUjRrKdRTajWUdGmrtLVyel7XvfXk/FGl+Gk8WeGLWPxheavp0mqiy0u3huTJb6dLHfoLe7SYMY5VaLq+SF3DnvX09+1F8OdO174WCytPE0Nm1pdaRO6zypNHfv8AukZPmPVwSfmwQRg9iPgr4peHvEXwa8KfDPTItOtp9Ns7maGzuppnlvpkluhLG09wyl2dAQxLH5TnHBXO18UNd8XeKvg7qVzFqaRXkkbT+RDeMywi1tme1ZncrsUSIhkbhlUHgng/47Li3CcIeK/EvCtLD08dUzjOIUstrxlZ4XlqRU21KzUHzL4fdairaH9+YjhDOM54U4L4jp5hCjhsNRrwxKbfNWqpxspxSUeZJNNt2b1u7n7d+BpfGfw++C/hVtJtYdfXTdB01IrWEqrfZY7cFliCnaWZRyFz9MfLX4Uf8FDPjrqfxt1Tw5Y33g3UdBtvDGpXlmYp43hFwyS7JJEEijeOuGGQOo619IfDX9sbxt8G/gX8F5/iwZdTUWc8mtS6NKt0slmgY2ClgxDK8SEPnODwMn5T+Y37YX7UuiftL6vo+t+HtM1jwrptjqN4I/s1ovnSRl3H2mdUC5JxkjnPJHqf7S8UeIMblfCWAweFzD6rOvgsNGpGrZ837ulz8sm42Sbstdb2tofnPgfwPWx3HOIzLH5b9awmGxmJksfB2jRnztJOGvM5dd7LXXcvfArTrWfxZaeH9HURG5QzeRIDv3HBZQV5IB9CQT0GDX6Aav8ADbxXpGjS6lLHHcW4XzGVVG+JQoABHQgDJxhj3LDt+KXwd+OuqfCDxzZa/cpJrtra3JSU3kEkU7WZIyyFlOHC5ITJOM5zjK/ql4h/4KMfB7xF4Uufsgu7DVBpbxNaSxfI03l42/KCrEtzuHQHkdc/4++NXCviHnHE7zTAU8ZjcFNUY4Z4ROcZ1JSip+05dFy9/NO+jP7I4lxGe5bmuTYfIcBQxWWTUFjqjlGLoWlG/NF2ajy3cZLmWm70RufDS/sbnxPf2LywG6KhmUr17Z28AFG4I46ElRgivadX8P6ZeRuJhE8boVyEU8qMdccgnPB4yR71+JOnftZ23hnxo3iRCHt5ZyJUDOZPKeQ4wgOAVXBAUjjrxX23o37ZPw28QaHDN/wlltp95Km6S1uQEkjYDBAyORwQCSMcgHjNfmXF3hR4kYDFZdmNHDZhXjXhRk1R9pOVCo+RyjJRd1rfVX0SVzm4qwsq+Z0sTl+LUI+zgqsIyV4ztFyVuZJrST273PiD9vPwHouny/bbOCMTJPIZXSNUZlkO3OQBkgYJOMt1B5r8YdL+K/i74S+NItT8EeJdY8O39neLOlzpl/PbKXMgfLxo6q4yAGBypyQV6E/qh+1v8dPB/ie31JIdct72TewiWNlIbA+/nGWGCMDJwcrnkGvwt+IWtW1xqsssD582aNyy8AbSMgMCcnOPQ56Adv8AW36HeV8QUuFsFh8/p4n20EkliVJTtaNr8+qXrrfysfjXi7icJTwNBc9KrX9hH2jVpcz5Em5dNWtb9tNT+nT9m7/gtJ8dPDeh6Xpfju50nxxFZrBAr6gBb3bxBVUGSdfmlYKCSx5LHp3P7K/sqf8ABRs/tYfFHSfhjp3gqLw8l1p9zqV/qKXUkkLR20avKEXbgl2yEHA5HJwQf4ZfAU7S2tq7MdhEIUqTkBMAkgEkHHALdNuQAc1/SD/wReaIftC2TpG5dvDGq7CWO7YtuNxYY6kY5PPIPqa/0MhwW6eBnmLq1IxjCNVw5nZrRq9u+2ltPQ/jbMcbgqkq0I4aiqsU3CrGNpJqyvbRN3b81Lfsv6JPin8A/GfxJ8QaENK8X2Fp4U0kh59EvrWK5hvW8353kRgVZtgwAfXOD0rsNU/Z3svss9npOgeFDp1xpogvbKTSrYLdXSR4Mg/dgqkrZ3JypyecHNe++GkQzWZKlw8UzZwRn53wec9SeQPx6ceipbqF+4MqSB64PUjHXgZJ/HIBFVlOYYvBxjOlVnBQcWoqTitORp6NOy020W7aR8bmuOxUlTwsppU6UUopRSbbs2+7k7d1ofk74e+Bvhnwn4l1fT9b/Z+0ZrfWI5hqE9po9rPpNyqoUV0G35HlABIULhs85Fc5on7L/wCyDr1pq3hXxb8PtF8Bajruo3ZtoLu9j0S4nKFnD6bLMYtpBxgREjIXgMMn9ZhrnhqS5m05Nf0SS/QlJbV760NzE6kbg8bS+YhXkEFQRjJ6jPxx+1X+zz8G/wBprSdI8N+Ktcj0vVdEuppNN1nw9q8en6vYTSJiT9/bzJIYyABgggkc9Pl+lr8S5jWg3OriKMXFJzp1KqjokrNNvoumj121t52DhXrVacG6sYKzc482iVndrW6+d9bXVnf87fjb/wAEzv2Y7H4aa5qehXmvHWrITTaSmla0mrC7ZlIjhljV3yqLg57D8cfIHjn/AIJz/suab8Ar/wAaaZ4i1jSfiNo/hi+1YPd3yiCXVbe1eV7RrVnCIJHXZ93IOcYIAr6u8X/8ErPipoel3t38DP2s/GtpfxRO1lofiPUZr3Ti2GVFe5aeVjGduzeUJzyOny/gH+1/8IP28fgzrVp4I+I+vaze2Hiuee1g17SL+aTRdYaaQxLawEldk024AoVXJbJGBX4bxPxJxTRzag8FnEqGGi17T2lWpaa5otu6bu4q6s2ntpZu379wDkWEz6nDAxxkquNp1FWhT5VCtVp04qU6bjON5QduZtX2Wtj8iPFfx01PSdf1TSptKt3OnXdzA8pdWlm8qV40LDB5JBIxkYxyDgDxzxv8cZ/FWiyaZcWJjmhnBgljQoYQCp6rwWB6bTzxjqAP0L+KP/BJP9sPwZ4Fb4p6r8MdY1LR9Ugj1QXWnk315BZXSidZLiFdzltsmSFViBycnmvzxv8A4KeM9FluLfWfDuuWNxCQzLc6TdoUAPJkZ4QAQeucf3e1fsXDvFUXCh7TM06qpQup1GlJ+7qotrRpu11r5p3WWc8P4zEYnFUcFQp1aUJSpyeHcKvK4yScZcl+SUWrPXpqeZaJ458a6XO8lp4h1K3KkvG4uZSiIP4WRmBGBxwMA8HjcK9V0v8Aaa+J2jAR/wBrLeIqcm5AJdQehxwSfTrjG4DoMzRvhjq2oXqxCyby5pDCzGMpl9pwgBC4LMRnHTIUAgjHF+MPh1q2htcW7afOs0Ejr5YiPyqCATwRkA8nAwccEkYH7JlvFXPQVqiqxgrttppq0b2XvXXWyun1SZ+b43hPMqHPK9Wk+ZL7Sd/d0s/xau3qtXv9Q6D+21qkEajX9Ftp0hCj9wfncAYf5cH8gDz2Jr2DR/2zvhbf+X9v0SW0Ygby8SMNxzvJJ5I9+5I4HBr8sZ9FmVo1mgdTt5zkHOMfMOm49cHjjPGABn3GmpArttZGKg5fq3oVZSTg+/XHvgelS4yy9p0cRQw8lzLVKKm/hduaOzktly/jY448O8Q0U6tKrV5bJWlFtX9271Vtd+i0v11/bLSvjz8B9dhAfWdIspJSrbJZDEyjklSNoGRjBwc4J6dutTxf8FtSVI7DxXp3mY+UR3cZCEnr8zD15HGDnODX4I4tgQbksSTjdEzKygbQSwBXdjseDj2JJ66x0zw5NBH9n8T3dpdsciMyt8spBwvDjaqnIPQchgORn6/Jf9X87soKNCTsuWdRK+q0SktLqz0fbzPlczzviPJeZ18Mqyind8knorJXUb2030tbd20P3PnXw9HaLeaZrtteRwxTTGFb2EFgqllUbWI+Y7cAA59ABx7F/wAEmtP+FPxw+LX7RPhn4732k+HrOHSZIPBaeIdRjsUmv3jlVbmwluWjimaFlD7FYBsYAORn+fiLR/HFpFGdI8ZzmN13pBHfuuVB4UhmOcjjHO7rx2RpvidakNFqGpNcGQuLmyuZknJUYJWSAq+CCc/MV5z04H0GP8PcNiaF8PWrUGmn7Wn7OpHltDdKTezsrNaP7vhsV4kY3EVoUnSeHnGSdk5xfN7qt7yXa9tb/ifun4y+Gdx4Z+JHjXwx4R8Z+CPEGnaLqup2un3l9e2MRu4IpiIo4Ash8woPlUgnLA8nNdHpfwB8VReHrTxL4v0fwbc2N/FNMItFurObVgEOVCwu4BdhgjZ6n72a/mn1/wAa+KItRV11zW4r2xkZZpo765WRZsg72kDby5Iydw55J6Vo2v7QfxhsprVE+IHiuSCzkj+zxz6veSxRcjb5aMwUYAwRzkHB9D8vjMoy/Czp4aliKMpRcVUlNRblK657xvo5Oy+Jra/n9RhOL83cIuSqKLV4vW8rqDfMno27WX/DH9Bfi/4a/Ce10eTU/EHhTV7fTYoHlvr68hjSC2UZ5aSMlQwBwoZlODgDnB+MbzxL+yDoerS2EF5dzxTwTyXBfSzfR20iZAVpCjBBknByC2AfevFfh/8Atw6lqWlf8K++J8j6lo2p2i2z3E947QySFSM3sYXkEHO45ORkZ6189eJdO1618RavdeBpbTVPDt3M8unRWrRSSRIxLeU4YGSRUywwVHBHpge7l2VZdTpxnKGHrz5024JNwXu2Si1Fq6vrf79zxcz4wzqpUnFRq04xlHulK1nbVO97Lskn931Zofx4/Z00q/8AFej+HRZwW/8AZs8/2y70iVX1O5hDPDaJti3RJKcI20kbVAPTA+WI/wBoiyGp6xJb6RYQxS3BWG3jsEnKKrEKYpJVEgJUgnAwMgZz1yPDvxA8WeEr251G88I6OZY2WNo7/wAPRXME4H3gS0ZALDhjg/NjABPC+MviqniSRHt/BPhHRZm2+bc2OjLA5fAyduwBSTg8DA7MQOenEVKWGqU1h504Kz50qLs9Vyx15vh12a3W6at48c/zLEQUarnzJytJVHs7WaSV9GldNd99j9Ivgt4Q+D3xw8KaUmteOJ9FvMwz39jcR21nBbStIQ0eZGjU7V+bdu46AZr6w0/9lj9kDSVDav8AECGUghZdus2IhkZfvOSlwwAx97qcgYx1H8/w8WTNCUke+YkFmis5JbODI6EGIqW/EjafXJxDdeJZI7OKQ6fdFSNzPLqFw5A7gqZCTg8HIPJIPPTWOYUIe/JxlNJO8YKCVlHT4Xbff5X6nz9eGcYis39aqOLfw811yrlSs4tW0fzbvpuf0Kr8Kv2APDTzS6p4g0F5C6tC9xrAmDEMTudIWPA6gAk7edq4xUF18Rv+CfHgxWms5dBu7iBS6rbWP25JHjGODIg6nGSCG7cV/Obe+NLx1VYbS2CKwG5xI7AADBGSeR1655HCg4rPbxVq10DAHi8pE+URKqKSTnALAHPuDzyB7cs+JcNR5oRoRk0/iSvZu2rsk7pfPVdTH+xcbUlGcsVUu7aKTcXfl0dnptZpPvZ6H9Buofttfsp6WGbTfBMeqSwgtD9n023tFO0YUnamV6fXJ7YxXM2n/BS74b6FcGPw38K9PZmxiXUAmBlgQoCxEcjnaNv4AV+CiavqBLpHIVkUfOwLfdP3RjGAQc5HpgtwavxXV20MchmYOCHGep2j02nJ69jgZ9cjyqnEdWp7saV10lbXeK3vfdvVrSyXVHsYHh6uqsJ81WU0otrmdnrGyvZa7bp7aH9Aurf8FY/FMdkqeH/BWg6AUgPlXNrHE7AjJBUGNSeuTnOT25r5w8Yf8FQP2htdLwWniR9OgclVFnEsEiq2FblT8uAOCB1HGc5r8kpNau3Ij+1TuQASiglQozjAAPHXnOO+O9SLc30zK6C4kbcqjPGASVGeBkHjPB4wT8uQeOpm9Rq3soJcydlFNtpx62aaemqSs7n1kcmxFRR5uaySV02tFy/Fq76Pd2d1v0P1X/Z/+LXxR+Pvxs0Hw94s8UeINct2ea6tra9lkuYPNCk7UiYsN3ULt454xX62XPwzk0UgXFhcRS4IYXKsjAD5gw3kfLkkhRwRkYBJNfiv/wAE9PiX4f8AhH8e/C/jvx1qVraaJpYaGY3aK4jeVD87KUxsGQOSCAGAycg/0H/GT9tr9mPxjFYagnjXQJJhE6mDT7cRMu0EKZNqAMxI3bjnLbc5Iw1QwtTNK9F2hyzi/aTnyxVJLaL962i0vbZrTvr7bG5RF0adKrUjdOHs4Tle9m2nF6cul1s7+R4S+jrAgAjI2kjbtGM8j5TjkDHPoBntzgXYKMVRWBK9AuAoA5Bx1wAAMk5PHBrk779rH9nq3mdz4nu723KORHaW2ZEYZwjbhtG4ZbcPx7ivG9Y/bA+FP2+d9E0rW7y3Kt5f2hQgeQnPO1ycY6A9OQQBjOmKyGhhmn9bovRPljOLvZRbsk2t/wDD6PY3wNbNcfVssHiYXat7SLhe/L8PM3fo76abK+p7pMz7X3IFUYAIA9AOB+Iw2Bg8kgmoY4lJbYzFBgEjAyx7f3lU7eTkdRzg18q6r+1lp1wJRp/hV1DAbGmnKhcZwSoDZ6nkDjkHPbg9V/an8RqoNjpmnWS+WcZbeWIORwRjjoDnqckkcnw6mEoKpyqrCe1rO99U2vdWujvutNElqfSw4dzuvTlOVBxjtq7dut9Vbslpp1sfc8kLsxZA5XGzoCTJjA285x79seuc8vqulSkYPytIdzEsDhR1wCRyT97Hvx1J83/ZN1/xn+0N8ePhn8M9U1W10/R/F/iWzsL24gUIyW0j/vhG2eXKDarZGGxkYBB/tC8M/wDBLX9kTw3Zabb6n4Z1fWryQQ/vLy/mYysUQynB3Ltdt3yk8KSO5FfHcTZ9huHKlKjPDVKtXEUuem6duVxukm+bTfRaWtrucMuG3RlH67X5HO7UYpuTTUbq11bXZ8z79mfxmXnhy9ugEt7aSUF1wYo3lZtxONwiDH37c4HTk7Gkfs/fFHxcoGheC/E2pFmO1rXR75lYMTtCyfZ9rbuOC2eQFGCc/wB0Xh/9j/8AZw8Izxro3wf8JRWEEaoLi90+C5uGIwBkurFskAlyM9SQOlestD8L/A1iY9LsfBXh20idF2xx6XZKrJ1GHK4YYA64B64NfEVePsZUTjQwVr2STblZaaWira3fo7K2500cmwb5VRoYqvKSWigkm/dejV7u92vu6NP+HLw9/wAE2v2ptfsXv4fhTrdnaqi3DT6jGsGYGYAyIJGQjb1IxkcdCQR9d+Gf+CT194K8H6n45+PPiSLwfpsVlDcaVZ27rLNe3U2ALaRpSoEh6YTcQw6AA1/S38Tv2r/2dfC7xWfi34keEdMjtbSX7VbRaraAPGoJCgW7EsQy5KAHPI5ya/nG/wCCqH/BSjwJ8SLDwF4F+CXiy112z8Oa5c3euEApp724XZaxqQALgx4JAbBxg4GcV5+J4gzrHRjCvfCU53tVUHFJLl6ylppukt1fSzPrcj4NzvHV6P1LJMY4c3v1Pq9aUIw9295OKhfta+mtnseieDv+CKw8a6Vc+M/B3jeDV9Jmjsb/AEi31CKNLa7EuHkhjmQnIjQsuAcEg+mR+pnwX/4Jp/s7eDvBcWl+J/hto+reILzTpLXWbjVLeOaMXZiKtdQs4wPLbJiywzwAOMj4z/YK/wCCp/7PvgX9nDw14M8d+M5pPF3h7SdSkv8ATiqrLNegzTRRWjEgsrB9qDO0jHBAGfYfgB+1f8Rv2r9J8eeIfCms3Fnoun6te2mk2CqEdIm8xYBdT7gdwXDcElQc8DFfy/4p8fZDwLGWf53WxmOVLErBxpUpc0FVrThTo1JRcklebXLa/Xpv+n0OA+PJ4PFwr4JZNleFqUpRx2JoSoKrdr3IyavO6faydtTwv4N/sR/B/wCGfxV8WeOVD6rqHgvxlLB4StLuGOOwsobif94YbYbluVt4yRE7ABCoI9a/oC8F6zpGo6DpzaTdRsmyGK6McaKqzKi5UoMhcNuIXHqpzkV+eP7OGi6H4q+FXirUfE3k3HiSw8R61p2pahbyrcXcd1AJDHhUZmj2v0Zuc8DGcL+KX/DwH42/BHx/8U/DF7Jqk0Gm+Jb210n7RP5UKWkNw620vlO23LRBNyjrgE4PI/FOC/H3GY7i3OMA8HicZSwUaco06k/ZShQqNOn7LndvdTjfZtO7abRjX4BwvFEMRhcLjKGExeAcYSqVKclTxEnGN6ilFbNrVvX3rvU/r2nu7a2RUidDLn5Rt+R3J6MCMBvTJ4APHJr86/27P2v/AAr+yN4a0nxD4h8Iar4mPiEXtvBDYEpEtzFA0ga6mB+RF56ng8Lk4Wvwo1P/AIK+/GR3tWn1u1gnUARqyx7sjIJKxlndtuSpI3A7cA4BPwL+2J+278ZP2l9FHhTWb7V9ZsUjDadaaVot3PslaX94yyJEWDyKdvykAZ6sOv8ARmTeLsa9eDhl9fCSi4yhVxFWiowl7usvfWzW667SV7EZP4CTePws85xmDr5Y6kfrEKMn7ScG0uWOml9Fd292++hvT/8ABUaw+Dvi34h+LNF+GVtrb+P9bfXLK3ub24iXSFuFKtE0qoPMG8kkH5CcnqCK8b8Tf8Fh/jpeNcS+DPAfgzw3cXU/m/aDCt8+WJKMVlUZYcHJyBjn1Hk/jH4L3Hj3wh4T0iC2j8P67DpUH237fbmG8WQncYLiLbuDsCGIcFtzYA454r4e/skadrniRNC8Qa9qayRoyyfYLJ0HyEDahdVG92AAOS3cHGFH6Zh/GHiPGYTE1a+e4mPLBxfsZz1pQdoRi6aV4pJcqbtfrfQ/TMX9HvgjCYvCywfD2AeEqUqcvb1rVFGUlHm5lKTXM2+i1f3noniT/gpx+2ZrdkGPjjRdDkbDk6ZpdtDc/Mo2hZFIYMAcIOCuMjPU/N3jb9ob9pD4iO934p+JHiDUhdRHzkGoyqki9dogU4CgdsdNpA29P11+HP8AwTR8D6lEWvfCviW/HlxNHealM8AO5A4yu4g7gMqAc9upAPuq/sG/DTwlaXLDwYrS2Vi8iGdTct5q46LKApIK44yD02nIz/PnF/0laOTVJwrY3MsXU9oqSgqsknO6SUlJpq7b1Xbsj7TJ/CTgyhVdGlgsqw1SEItTpYai5K6WvNGK2a0dz+aPVfEvxcuFIuPE3iz7DJG1uqNql/Fb+VtwEjiJRShBxtXjGQMYIHhHxAGpadoq316L0PJdLCs89xM+8sAWyzt1LAHHTJzycV+u37cd74L8Eaz4I8GWJ0fT5bZoLrVY44Yoru0t5JVUiYJwzBCSFJ6A5AHNfnF+0/P4cm8AadfeH54ry1l15IUuFIBZViORtH3SCOQOORgA9PrODvEfNuJoZZiamHxVGjj5udN1ZTdoK1nd/wAzTa08+tjxOMeA+HsBlmb1sJUwsq2Doc3IoUudztF35Yu6V7Wu73fL6Yn7PPie/tvG/hAWmpT2Ej6tbw+YLqWKAo8iqxlxJtPynncG6cgZFf2y/s16pruj+FdKtvD3jiznH2ewkudOn1AXJeVowZWjjkkO2Pg8AEccbeAf4Rvg3LA2q6YZWINveJKu1iGUKynk8Ac4OeOBkEZwP6d/2IfjB8M7t4odcudY07xHZxW9tZqt3Kba6kCBFIBbawJIOOnIJ6cfkn0oMZ4hYHB4HPuCs/zbLMTli560cBVm1On7jcqkIu3LCzvdNeTPwbhrLstqurSxWWYXERrNJTlThzJpK95KF79Vy2b7bt/qx+0v+2x4E/Z61vwdo3xR0G61fTfFpaAX+lR+YbGcMsbSPHgAqZDkHkgZx146HxrrXwri0jwU9/4pttNt/izpK6r4UsdR/dS30Mse+OKHftVZQGAK9/QgDH5Qf8FXvPax+BmoPE7RT3ykNNliyzXUQQFjnOdwyOuG45r6Q/bY0m0tvBf/AATk1M2+2aJdJhd/mQpvt0bBK7crxjkZx2wcr+n+DH0iuMcv8K8q4jzzFLN8bQw1eeKnWj7KpW+qO0nJwtapKMLbO7drPU48bwTl+O4jw2WYenLBwxdWnTi4X9nGUlGzUG3daWWvXXozofEmjW+j6tbWtkW8lpGXKbXVN745IJABU5G7GPZTXzn4402VdcvrBtwW6bKE8K29ckA9AD0+U5BPUgEj6hum0658X3cFysosmjtlvlRyfLhcxhp4e4eNSSSOMg8DjP2J4i/4J1z/ABC8NaZ4y+F3ja2v7W9sbe6hW/CB45TEGkhEoLbmDNtYHBHTPHH9K+CP0yuGPEvDTjTp1MuzLCzUcThasozkoqSh7RNS5pQve+is7X3TNuO/CbHcGzw0sRWjUwdaMZUq/LLkbUU3CSt7srapNvmWutnf8np/AWlXfg21uDEguIrO4/hBYuBjPIXJX17ZIAOQa2/2RvGEfwL+JX/CXR2ov7C70zUIdRtXJEU3lITErJypIZThj1ORnHI+wvGv7Hvxs8E6RY6K3httZlu3mt0ubFgyFpePl+6Vzzx8vRsjB3Hycfsh/Hjwbpup6hrfw516DTp9OmS0nihM7NNcAhXVIyxIzxkdfXgmv6MzjjHIc/ynE4PFY6hUhiabl78oc2vK4pJvy0V77dHp8Zh8HUoVaM4VKfJKKjbnirq8Oq3drpdL6NWPg/4vftReJfiV8UPH+s32l2ltHf3c1rp8dpmBrHT7dmRI22DDBhhmZgQdzV4fp8tnqWgXkVzElwlwsjyJNtZkcyNjBPTOeVwcE8jPNSfED4OfFLwP4x16bxB4P8TWNq6SSNdTaRei3KyEskxmEIjRAOSS4I557jzPSb25tbW6t9rD5WySeeCSRnkdOM9OTyQa/KcDhMtvKhgasFCDdox5JWs47yVtWt73ta3mbcQ5pj6dOlTxDquEI+zprdJXjpF7Wtol/hWu74LxJ4e0hdSaG2hltpXmTymil2oOmF+VgG5OcZOWyeuTXtcnwLnh+BPif4qadr95Bc6RcQQiKC+kinWV27ojl2AIXkDAODwCMeTajKJL0TSQu7KybOd3Pc5BztZs45P88eyadq9+Pgx4w0mLz5La9lWWSIyOIdqkkHbnbu6568dPb7LC5fTeGUYRotNr2l0vh2klfRNr5a3b0Pi4ZniIRlLmnG8la7a5Ytr4rrt3bsrPe585eC/i38Y7Friz0vxjfXEVvGmLe9kNyqxgDCnzOSf4R2HfOM16PZ/tMePdOZ4vE3hXRvEUC5ilkms4y0hxk4KqckjIPynuO/Hj3h2SGynvyYNssjQIjqOACQCrcfd9w2R164rpfEiguqqqW+4rMvlgYciJc9MntngDPUVyVeFsjxikq+Fpqc1bmjCN7X0voktFd306WtqVHP8AMaDg6eJnHla2ldWvppt2bvto1u2en2v7QXws1NZx4k+F82k3TI3l3OlPJGqyMpXf5YUAgdcckHOO+XaD4x+DjvEuhfEC98M3NzMZGt9RhdY0nLFQWkwCdpIyeOxAPflPC2keHtTfwwmoi1DTTSvPcOiMQyZ2RTAjAVuOGPQjI5ryH4h+ENBn8T3VnbRW8dkdTZRJEBGwLDouMYQtkrj5j74FfKZp4VcO4jD1oRoqPtFaXwtfZfvRlHle7srpdOh7+H41zOj7Op7SVSpHZ9Vflau9Em9rXSb0S3P0Z8OeIPiLpElrd+CfijpXiG2YRt9nj1pVeQBgwUxSSKN2duSCRnjI5A9gvv2kvj5oiR22q6Ve3tthUeWCL7Wm0p1SWFnO7qA45z2wK/GaXwHqVvrFpp2hateWU0qM0MlvdyRlNi7ssBIMqBnodynJx3r0bwtf/tB6V5s3hrx1q14lo7xCC5nluYN0LMCuHBQhcfMTk4PCjINfmGZeAfDOK97+z8NOSk58/soxalFRd24rb3k1ot9V3+wwfifmcYKPtqtO9la75dOVNq6aaena3Z2bPvLTv2i9Y8OfFlfH/k32l3sGkmyC3NvK8ZaSUNIsgmQcnJ2kgAdFJxg/V19+2Z4V8U+FpYNVg0qXWpGWQGSztUllRRtZGwOF5I7DJJOMivx91b4/fHHwpNBF468N+HddW9jLJPd6bCjzxqfmKTKpBPBB5Yjn03VdsP2mPh7qflR+KvhMLeZkAmudFupYSqk/wqqgLxgsoIwR0yML8PnngTgsVVoujTqU6lCKhT9lJx92DVkuui1j1Sa8j6DL/EdQ9ypVi3OXPP2kb3lJJXv5rXr1trv+xXwguv2bfG8V1c/EnS9Eh+0yPJbfYZEivDKSVHmcKMnnAXJxx0NX/jr8J/2YfDXwd8a+Lvg5qr6X4sk0tbW/ga88zzbWe5T9yI8hSXV8KMZ7kDGa/JKy+J37O9/JEbTXfF/hK7Ul4op4XuraNj03u0ikAfTJUDOWGK73UNb0LUfDGpaf4b+MPh/UYtaghjksdRc2902xlKgFvuMSF574JAycr+Y5h4McS4LNqeJoZtj3hYVadSWFqc8qbUJRag9WrXWmj0emx9P/AK7ZRWo8vJQ9rOD96Dimm4pNtNJ6t6J3V7djj/EH7NfiSV7HU9HnkuDrumR3cUUx2RKJFL48xWKr97OMjA4x2On4C/ZH+KWuxXl1ODptrZOkCM04f7RNM6KiqMhirdCVBOG9AK7DQ/Ffxv02yhsNJuPDniTTrO1jgto4723llRECgYbzNygrjGcY79Oe60L44/EnRZ4/+Eg8E63bJaXEVx5mlzySRvJCysCY1/dsABnoOpIyOa780XHGFo18JQoU6ns6bVBtWakrcqmlq0tG7Wa0WplhMNwvia1GrVq1ITclz+8nFuTTavFt6Wvqk1a663qeMP2Jfjb4Tjt9StdFm1COK2iupTpXnyyFSoZGA2kbgDnA5xkDkjPyD8SNP8V6F4y0a38Q6XqFleiBTEL23mhuzJGuxdiuis5LYAZQTjHQ81+2fgL/AIKTwaRp8tl4r0O9uLRDErxXlkEuhGqhWVZmUk4GeS2COxJ4+Uf2zvj38HfjN8Xvgh4u0Gx+xaZYNZW3iN3t0jFsBcxuVnVFVJgVDb+uQDn0r844ZzbjqOd4uhn+Q8uDp4XEzp4mnSkuedOKcIt2cHzpWt8WqOziHA5OsPRWX4qEZSq0opKr0binJxkrqzWra311b0+bvBOtfEXQNI0u4e1a5iErmO2v7WVdqEg52SKoDEdDkg5B4Gc/Vvg/9pjUfDT28es+FdOSIMDJLbEo+VxuxsyRkEsQcZIx05r9gPDep/sm/FLS9Lggl8E6pBY6daqsSx2VlI8q28ayKX+RtwYMNxGd/XtXM6x+xB+z540W/wBT8MwT6PezXH7uS3u0vbFC5PSEtsxlvlwe6k9c1+MZ1xzw7mmNq4XiThPEYe2InCNT2D5LJ/xG2oPXbZ7qzsj67K8vxuDoR+r5hV5VTjfmfNGTstnFtu7ei0ta9u35dfF39oLw38SfAfiXSbY32iXNzpshiTz5JI5JIwWVPmAwjYYbRjGByMkU39jj4/2/w5+Blxp/9vzadqOo+KbySKOSOMxNK7LGJnH3gPkzyACDlhjIr6r+Nn/BOfWtB8M65feFPEWkXVtYeHr/AFC5iu7ZYZHjiiZz5ZjDr5oA2j5hknjpgflR8E/2dPjH8S/BOtj4f+GdQ8RweDtVu5tVudOIM8UzTPHHGqFl3g7TwPmBOSK/Q+Hcn8P844ZxuGwkqWHwLxNKeI9olTUKrSlGMnJRd2rdbt9WePjMwzrCZlRrJqvam1Fxa5dWnrdpN21TWmtrq595/GqDRvjNqul6nrGqWC6jZ2MKR+INPnCm4IO8Ldxg4bOSCCCOD6EH19tVs/AngOP7Vq2nXWlSeGbqzhuGdCZJBAcgD7qyOchQep5wB1/LnVPDXxn+HqLFr3hTxHoktvJidtU0+9SFim5T83ltCOQVDb++TXK+Lfi34o1Lw2fCvmlltpmmcKWyInCtINvJU8EA5wfQGv3PwnyKGU4/CLJs3hWy6MYxjRpzi4qN4tRvH069FbufI8TZnPHUqrxmFcMS9XJ6q7S6tXab7tPTzPt39lG+tdQ/ag+CrxRjZc+O9KmiGV3Ya9+X24G0jHX0wPm/tH+OkENz8P8AU7GVSWuI7fYo5CsdqgnJySCNo54z2GCP4OP2Pte1G0/ac+ALxmRy3jjw6g37nKpJdAup6DABGBjJAUV/cv8AtDa1eWKeELWIbbLVJ1TUGIOAvDR89vm3Ajqe2Op/XvE/HzqYR80nzU6VKnLtaUoxvpvbe7V1rpofh2JoqGPpxirXTdrWu9156t2Seiu9Voe0eBovs/hfQLXABh0uzTA6qBCuAR/CScegx2JFdqVbymABztKkEc88jv2zzg4IA545w/D8UKaPphjIZjY2pVsfKwEQOCOowDwT82MYOMVuJKRkOoVtxC7tx4JyeuOwx04x7GuDLXbAYaL29jTb1392N1qla2i7ebPDrNutPouZ7aP3eX9eiS0e7K24KEXB+VCSMevOc/Q7cAHBI4Hf5F/aKkbTvAPxamCgRzeAvEE5fpljYTDA+bnoBjjPuTk/W1yQJFAPy7Twec9x/MZPrx1Jz8p/tUtEvwh+Kly6fLF4B1uNWXAOXs5gOSB+I5OCRjvXu5ViFTxEFeyny7JuyvF69LL/ACvqrHnYynz00rpyi3Zt7JpN9rvb9ep/ny+PYo9U1G/RonlSPWJboAgfK0d/5hPPIHGQT1OTng19dTCPxH4c0vT5rRY0S307cxy2X+zxgMOo35A9M8846/InjGd4NU1sRSkKk91IqgDef37t0Iz2zhcEdD6H658JSymw8Om3jdnvNLsJn8xcqZVjQBQDtwcY6DqdvXp4vFNX/bItyv7tpNK7aulpuuiXRvXa5+yeHFC+X4pJL3+WLVk9EorS2is3az8lc+APi38Pr/wf4hn1URzw+ZPJJaSNExjkLFnEbPyEGCRhjj5lGRmv0k/4J9/ES7XRtT8M3h85gjXlvbuQVBcEME3NkAEscAjHYc4bpPFPhPRvGOmvZ6vp8DiWMxyLLGvmROVZRNEW6FSRwpBxjLc5r4cutN8efs3+Lm8SeG/tWqeH3Wdd0AkJtoZMgLKEB+VA2QSCMKDwcgfL1I16/KoN2U09bpte472Wqa1VvRH32WVKeVY51Jq8Lq+jt7yi31VnZWd7baeXpX7SF3pF3+0N4Xe2dEuJ9bhhuUY8RnzQgOc8MOcgYJ+gIP7C6Za2Hhj9nyTUGkzejVIBbSlhsYM0e9SvzHkHcDjjCnGDx/OBrHjt/EvxB8FeINQklF7Pr63txvfd5m6ZXURsQTlBkbSQw74IFfvR4I8QL4x+GXhrw3d3BS21zxXYWVuztgrFMUQ7jnr1O4Ywcc5BNf3r9H7IlX4Px2MxDkqNOvQlXilrKnTpptO+r006pa77n+df0yvFOpk3iVwJhsFOanjarpUbVHCMnKpSg4ySd3ZPRa7adT7F+DH7Q2u+BZ7NtIuzd2CpbtqGmyzbkdPlLCNSWYYG7aAMHBHOBX6deBP2kfCPxMlWOyu1sr2zijZrC4ZUcXG4K6woxXzBnIIBz904xyfyw8WfsneJ/AVi3iPwrO+padCiu8ClmuQDGCSg2/Ogy2Pw3cZx87ReJtd0e7hu7a7uNH1mzvlzsaS3kYo+QHHykA989M/Nz09LNOHOHOIK0qmXVYQxLlJKS92UbSS99JuzSe9tenc/S8nwOIzvA0MRFP2zpU5zp21lLli9nfra3ldo+kP2r9Rt3+PWqTOAwjt4pCGAUoSoJ4yMg5PPOQTyTXhdtd291JN5YGxpEk4xyCeo/qoJ5xnHArh/EnjLW/G/i7UdX1maS41AQpFNKX3NNtAVCpzuGACRj8sj5cuyvr23unwGVUbDKcklcY444xxzkAjnrxX3dBLLsuwOEqVXJ4XDU6TmtW3BRTelrK3zWj7n7LwJw7isJQUatOUajd3e7tJy5uV3W9rO+v5s3PFHlxx3EauAoLsGxwuACcgZHHqD9M4NeLx2gvtZt7GVsxTLJcHHO2JVJJwcAdA3T07E16JqV610l4D8xYHIJ+bB6YGAc9TyGJwQR0NZmiaTHBqQ1KU5iXRLkCRgcRySKwwM455B6jvyK4P7QbxmG5W1zVKcFayesox2t1T6W30635PpCqWXeE/FGIrJxVHJsXNuVtLUXa76dtrb6WsfK9z4dsrTW729iY5k1GcKy8b4wwAOMgjHfHHPO7of0e+Hnwi+1eBPBWvi+Hm6pb38EcOSXYSxtsABBOAwGepJI96+B/EduLC4s42y7G4mO4jBdZX3KxwcDBIPC/dPcnNfoH8PvG89lpXwe0y5dRapfxIUHyBjMSFVsHkHIB9OhHJNfsGeTxFDLsPLDTcJU1GdTTWSjSUmn396y9N+iP8AlXyvNKOYcU4qvmU51I4nEYinhW3b2VSWLhFNfZtGPNbbr3duKh8ES22l22narpojnS+vponlQkSRpJICw3AFiQARgEAjg5HH59f8FW5JdK/ZU+HmkQyKtnqXjN4SeVKLAynY3XKAknDZUgY2gGv2T+M17DpMFjM0SN9ikvbh4FUKwgkDNvAAO5fmHIxzxyc4/In/AIK8QW9/+xh8JfEVlCA1x41uy5J4CyAKRkYCsPUAAcDpwfxvxmxDzbgXBYqvTgqvtotVEusVZ2btLbfW2r20Z/df7PzG4/h/x3z/ACjC5hXrZfWyuarUJ1JOnOTqU5JuF+Xmi2k7JNX1sz+XnxtY2KWFnCGBneU5YBSXG7gE+hxnkccDpgn9/wD/AIJyafbweCo3MYaNYLVonXaSg2jdnAOBuBzjHoehr+e3WpoMWCzNukN4qFXYkiN3A+XaB8uOB25YHtX7M/sseM/EHwg03SL2yD3vh3Ubaze6t3JZF3qrMIsEn5VZhn+9kgDmv4JzipGE9W7xt960V9k7W7pvd7H/AEG8B4uEc1nNxivchZ7vaOrae/8AVtD99Bocd5aBAgJkKkN0dNyjPbBOMA4PGOOCBX5g/wDBSu18W6HH8KNS0hpLiOB720ZGbcrPtZgrZ6/Kw45IOMHnJ/SP4SfEjw5470q1udNv4ZWl8pZIGZRPbuNv7t1ODgNkD15IAHX5k/4KV2FongP4eTmFfOTxBMI3BJA3QKMg5A5OMrkZzjJ25r5yNaSfu1JWbur7XvHda8urW363P2rif2GJ4bxKbU7RhJW1acZQ06W62s7vdn4oWHxF8XWRB1Lw/JKqjdIYQQF4OTwCMcnJGVJwcHFdzpHxt06JWS/0i6t3HyFmjbbywGDgbSfop65+nU6QloXKBFleQqkgkRSF3dslePz24yAOuNu78I6XcW5L2cEmd5JMYyeCV5Cgk88j5c45HSu+NWtFJt31uua/XlXXR7bW311Z/Os6FCcpckkrXsm3psu76NpaddW9bxad8XfDlwmxWhDbTgOwVgTweqjOOg569M1q2njvQppC8d1CTIAqkuDyflYLg5yCCPbIwck1wx+HelzCTGnxhmT5HjGwLljyApyMAE8jHQr/ABGsGX4VIJSkU1xbuqhgsbuVyx3AnDA5yxBBAxnHUU1iJppuDalvfT3ny90tdO7sn30Jlhpcqs001HVJaLRavTXo7tNtu13t9Daf4g0ppGAuYl3R5Vn2soyvTIPPXkArwRjua0bbVbd5BIl7CysDtIbcoIOTgbu2MnHAxmvmc/D/AF+1kYW+r3B2qMI+5gc4AHIzwSRnJI6cknD/AOyvGmmo3lSrMozxuwew6YY5PJJ6Z9eK1+swulKEo2VusW/hdm7NN+ifd6HPOE20oq2ya1TSXK353dl32drWaX03eX0LhlRo3xgnBUgjA6DjGRkHGe/NeaWUqH4iOwbh9OzjjAI7c/LyRx689eleZPq3iyzRzLZXG1VQ7kLN856HC9jyeBxjnoCOUuviTqGl6sLtNMuL7UYo1ilt1Q+YkTcklRkkjoMg9fxGnt6ckruz81a9nFWbun1ttqtjJp3vJPSUXfRp2Sum0lLZab367uT+3Y1UQKdnLODnABJ5AIBGRz04xnn63ltoZMExgjnLEgE8Djk54yQSB3wOCK+PrT9pPTLRUh1XRtVtWVz5jNDJtHIBBIUkjbyPQE8qciu60z9ozwLeqA+pJbDIG2YbGXoCDuHJDEHPGSAemQX+7k1Z9I28/hvfq9H0egc6UrN2atprpqru9n2t7uzuull9DR2kAPyrhQGx0JII98kHPJHP4kg1nXdjat8ssKBCuCQqlx8xyDkHuAODk9OByeC074t+DLshoPEFiztglPNRQy44xg5ycYPZeCOGxW/D4u0W7XMeoWcm4kqiTRn9C4JP0z05GKIxjJWT822ktmtrp+dlo3a6djSMlspRaVld2uruN1u3bXR27bFfUdB0i7R/N0+1m4EZd4UJ+vuM9ccnGT6Vw+ofDLwnfApLplqCykkxgIeeuD975fU4wTnOOD6FHqFtImPMTLMSFDKVCkZ4PTPb37cg5zLi9hi2SEgYwCcfKck9O54HQj6dcCZU4xs0ktL9E1dJu29+1+7sthOaaTkk0rPWyVla3TyfpfyPHNX+A/hWSPfCJbUkJsaKQhd2SMnLcbvvADpjjqBXzp8UPg9Po7aUum63dn7ffRxLG8jssZJARlG/gA+gwcZ4HFfdFxrCOhT5flVRgAYPXjJ4wB0PTseAa8W+J0iZ8NSMmR/a8T8YICs2cD5sLg4HTA55OKhJK/S3fvpe9/nte1tSJLnfV3aT1Vr6X6WVtnpe197pngcPwW+JlvCg07xA867RIVkZ8FtoIUZxnAJHBP1qK40L416ShZrJL0R/LkKd21cnjaxPYdj/AHj3A+9NGuJBaxt5W/fGjKCikAEA5zk4OByM54PTFaj3UH3JYPlPJBjXls4zuOCBnngAD8cHphTk1zXabd9r7JWa6dne3k77mVSlDROUovqkk29vNbtddNfI/ON/GHxP0og6h4TvGCjBaMSkED5shR64zkAd+gOafF8YNailRbjw9qtkyKQzLDK6kjkjG0qM47dMdeuP0BntNIvXIuLZNpJ24VQAcZ6AHH6kEeh4xH0DQd+I7S1OdxIkhjfqOFUlSTkDOOT+eK19jJOKTstOZKOjfu7RVrX3vHRdWZuCjqqjttfaz01srNdlq777o+PrP4wWvmxi4+2W8gVS3mwSBMt1DZQYI4BxkZPUYrpY/izo94qx/wBoW24cAORG4wCcFiOM8AcHB/HP0JfeCfBUjebc6PaF2XLl4I2ySTgDAxj5sYByvIO7Ncnf/CT4c3rZOlWsUr5YNHmNgDnPA4JyeuG5ODnqa9nVXXyVn3Ud9Hv1XWyvZC5Kl9JJ9Fqldu3zd9tVfe/Y8sXxrpFw3mi7tHy4ABeI55w27JzxnHPbnHHNLUr3QtSimMlnYlxbyEO8cbBTycq2OGJwDwMnBzXbX/7PPgm4IaF7yzcHcDBcSMBnGOMgZ+XOAcc5xzXI65+zvFb2dxLp/ibUYgYJnRXLY+VCQrHcD2Izycjpn5amMKiu9mrNvvZpt6PT8vVoTc03eMWreT5kra6O6s29F8+xu/DPR/hrq+jRR65pthNMbiQSyqqKxAY7f7pCjg5GOeeoyfQ7n4JfCbVLkNYRG1Z1JxBOyKc54J6ADLdCB3yQefhnwX4T8XStdPa+I5IYdPvJ7YAqW37HYM+BuLFiMAEZBycdAPZ9Pb4naVBvi1e2vNpyiyAhioJGTjsR7E+wIGYlUm2k2+ZLfXXl6+mz1/4LtfBd00o3TVm7vls3rdX6NOyfU9tf9nvw9BMJ9N1vUrNV4BhvJNwweAB5ijqAOpJHYjkTJ8MPFdg8kmkeO9V2xD5BLcSMM9AOZG/HoO3PJHjUfxH+JVg0a3WjJdxg5d4ZSrMo9gS27PK9CTnuDWhD8e9csA6X/hfUY1DfPJErOqgZPcg/Q7ecHA9D2lVWfM0lrZ9XptdK6va3q9mrlpUXaLi1a12lGzdlfdX92ysu17ba+ura/EuzVrSTXYdQUgK63UayF8AZJ3g5Vsnk+wA4Ncv4i8K3HiJRb6/4U8O6mViKNL9igSRhu5xIq7gW/vcjktjpXKQftCaG8m67ju7GQlgRNauACDtwdqnAJHPO4nkDIrvdB+MPg7UNwk1S1Xf97zBsKKcEcNg569ANvQnJAq4YqtFqM3ZWWjb2XR2TtdOz13s1o7ErDYarZNR+JWbS7Remmrb2bTd9fXmfCuj6j4Av1n8KjUvDrmQH7PbXEkumuhwApgZmjA5yAMjJIPO419H+JtetPHPw61PSvEFtHrGrQ2kgk0q8to5be8HlsXaJnDPDIByhTBDBjnjniD4k8MXcIkttRs5Sw/dhZoiOeRzuznJzn7wxnP8AdqnWoVSaS3lVJNhVJIypzuPKnGSwI4PB6/Sny0qklOUYxno1KNk/su8kkm9VpZ3262t0OjyxcVJcuiUW3LmTS0aV9V8r+iV/inRvgB8P/iFdz6N4Uvm8E+JpZfJXStULCxuLlmbKxSyBNiFl+VV5HO3AUAebfF79mL4m/B6N7nxVoFzLY7T9m1vTIZLnT5gpHzb41cqjBs75NihTnkZI+t/E+nwuRqUMkdpqMF15tvdwkQ3Eb7sh96hTlSc7uPX2rgtC/b68Z/DbWdX8A/FbRrX4meA7eZIZY76JH1CG1cAHazhzKFQ4OWBxxgc1jN42LUqVqlJON4tpS5b9HqmtNtHb108avg8scX9Y/czl7saiS5Vd6NpW0et29T83dQtoZYCGbDKkp55Cso3HjHUA4x19eaueG57aLRbfcFd/MfIbacoG6gFeoySfquM819+eJPB37LP7R11qes/B7xVa/D/xHfQySnwvq5SCA3MqgmGNJCkUY3kqQm7GRyO3y94l/Z58efDuNYda02W504GRrfUtOBubSdMsQY3jyGDAA5OBk4yRmtaeKhL3fehJRcWpJp7RvbpdtJXWi1tsePLLKlGcp0lCvS3U6bu7e7ZtNaNa7d7o8+1TVdMSykDRJuVC2CMtkDgqAW6KCSRkE89q8Lu724luh5XyIZSVRVI4dj8xHy7QATnj2wCRn2m58PKIB5yFWcbSrMVZdvRXB78DseQM9MVw2reG4kVngkYSBkJAzjaPQjgYzjsR6Dmu2nO/vJaK1nu3dxb11Tdlbo22+pxV4e8rJxd1e7s1rG9uzstb/wCdvYvhjeXFt4amw4SQzyBSucDcuW3NgqR1HbnHOAa4PxSJ7qe+8uVjKju5ABCucDJKjkkY5zlc9CQMnuvAkUC+FbhGcCWO4cM+4cBVzuyw6ZxzuwQMZ71z7Rob+6md/l8t+CpOc8H5cH8sYyOgzirUnJuy0dr63cU7X3ve1ru1r226nRVh/stKzW2t97e6vK/w2879zy7RTIblygwSEEgwcFlPU5OR6HGOxJzkV0M0jqJgoJkAYZwwyOckcjHp2P5VStriO11W72hQjyBV4AUgnJwoAHJxxyM4wOlXLlmmkeRX2jBBIIGDjBz14O449SPYk601fXfba2uqva/bRr+reZFRimm7yutEu/K7rvbTe1veVle5veH4BJYq0jNu3FcHJJLHucYPPoAcc9MCta909I1HmwMqbhyDwxx0Pc+o45yDnPTJ0G5hgso90gJVyVbg4O44BHbB6ZGAcc81f1bU1uYVAmyVYF9vBYKCMKP9kDkY2t25Bx0KmmtVv0sttHdeiXyttojzK2I5aj1baa0S7tWafTRNWs099G9bljY2jjytqsxJBDEEZHbkEKeOR+ZzgV1lpYiFDDZXd1p8lw8UEf2aYxiRpmVcEq23AY5Ib1weK4XT7gR2qusqmUEtjhcDr075HBGR83JGDzS1nxNcafYT3SDMlvPbPECzA71cMCAMY/hJAzyDz1zx4vDc9ObSTfI0r6K3bp5aarottPTwOZOFSk1Jximr2fTRtX1aaSfRbrbp+t37F/wo8YXfxU0nRYvG93a61FBb6hprwoZPJlBR4d1wWVVfoGB4HVssGr+h+X4t/tQfDbToNI8eWdh8StHgRYEm0WVLfWLO1UghpdjB2mSLJZCACQdueK/ka/Z7/bK8U/DPxxaeM4YVuprNLKI2zt8jpblCS/LEbguCcYJGckdf0s8Xf8FRpdXs59e0yxubHxNfhZLiJ3eS0DCPapiViUHzYycEMMAjpj+ZeOuDOKM0zqg6GGo4jASUXNtQi4JO0k5XUnd/DZ+6+5/X/AHGfCFDh72eMxcqGLpRm+WcZzm5JJRdOyta/u6O77WP0F/a6b4XftQ/D/8AsSfVrix1/ToHnbR/EFkIdSsHQEfuLi4EbFTIcARltwySAK/le+O3wV1Xwlq/kQ6TdS2lpfzr9rS2kSF40lYLJu8sJyuDwSOp75r9CvGv7bHiX4lXdldeILeOC5dIYjdWUSw3RKsoQNLGFYrxk5J6/n6h8Kvi4njjX734c+J/BEfxNspLdLhLG1s4pdTsraXb5swdV8xmhQtktk5HXOa/UPD/ACzMskorLKnNRwkmp2nV5/Zv3ea176N3lq76X6XPz3xAxOScUSjiMPONXFRiqcKnIoSkrqyaa97sr6pa9rfhVolmdL1+GaeHYgkLNG2VVV3DPPOSDnqOuSMYAr6Hi8Q6etkibYSBlg65Vzx0454AGSBngN2BH68/Ev8AYI+EOtPb6pp8et/DC+1y3lvdJg8VQNDZXKjcRHbNOVjZWYkFwflIyDndXxF4x/YR+I+irdXui3dj4j09EkMc2lTpKJtpJCgKWG/gccgcA8kAfveXUJwoxeHq08TC/vuElz6qO6/TVadE0fzJxTw9XdSDlSl7miXK4uVkr817R6d9b6X6/n5qpE+rXFyABHISVJ3FgSVycntkA5yACCCRjNehXXhGzfRtO1W3m3SToFliVVLcAb2D8dOnPQY/DZ1b4P8AjjQdUtrXVtAv7ISzrADdWsmBucB2kdVKKgznO7ack/KcE/qP8Q/gB8HbH9mTwwfC3ifQLz4ipZQXeoaal0v2oXMyA3EZc8qAxwFJAG1tuSAK+2ybgyedZXnWYVK0MP8AUaKq04TSU607X5IJ6NPle17LdJH5dxBxdU4ZzDh7L5YLFVv7Sxf1apUp05yhh4LkftazjF2h7ys+bXXtp+Mmp6aLSfbHK6QhPmGdxJI42ncQRkc++c47eEfE2FTd6WTt8027AgAgHaMoSQACQc5wAQRjGcY+xfFfwv8AHFjBM58PX13CEjdXtIWuUUYGSHiDYHIPJHPJ6cfLvxQ0DVILrSvtGlX9uwst5MtrPEVIGT8rxg4J6tg9e+AT+XV8DiYVuT2VS6lb4G7/AA6puO2lvLXXdH63g8dh50HONWm4uMZfxFo5KN1eTdl06Pp0seN6dalJ42kIjUsAxU4JGQNoGcqRzjpzj0OfofST4aW1h2XriRETKtOVKtjOBhs7SeRjA6HJFeDRwShAJQUKMcEjyyWB+XODjJznk9cDO04qVjOkilSycDnkhh94gfKOAQcZ543ZBxUSwtSy5oSjta8ZXb92z2dt1ZdH8zpp5nSi/dlCpF2s21Le1lfS7vpe+iaWlj6st9U06GJVi1a4hcFSCl22NpOB0bAXPTIJxtAwRmupt/FupwxKtl4ru41AHP2wlUIB42bgcHIY7ecA5PaviOW5uzKCZnGVYABnxgdBlQRkc4Jxn0JNRrqGoK6hZpUyrAq0jkN/FkEE5P3sDg5OcYPOSw0rJc8ou0dk1LTpprbe99WrN2Wps8xjyylKG+l0772urraz15rXStc+8YvjF4u0wKB4sMyJ8oMzxznAyBnJI4A564ycnGTXNeIv2nfFejpZx+To+rCZmMn2u0hckHI4BU43LxngcgZ7j4/iu5z8xnlHQZLMxIUZ4znp06cDr3rL1O5knu7FWZpAOVySSuDnJAxjHHAA5AJyBilKFSmlaclayez0fLbV6batN/drd/WoyheMUm0ruST1vG6/mVndK69dVdfaUP7TliyFdZ+Gvh283gGR1giVsFRggKoBOTk+v8I5yZ4/jb8G9SiY6j8NYYZXI3NaqEVeOcYAK4OOMA4IOP4j6r/wT7/ZL8AftTeLPiTp/wASvFEnhDQPA/ga78RR3qS20DT3qxSGBMzSxiRFaMbkUsTgjDDg/AHjLS7Xw/4o8R6Pptw13p2la5qWn2N4x5u7W0uXignAGQRJGm/5cqc+gAN3rRUZ87163ejTj1uk7pdW+iWm3L9ahKpKEoQbj8SUVdL3bNPS8m+r12em6+uE1v8AZn1pPm07VdJncDcULvHkgknkEjGduOe3PIJG8G/s+asn+jeNLjTXY7QkwJ2AHjJAGew57YGQa+L7K/eFgk6FlMgO3blmCnhQPUEccNz/AHsCuks4bbVpX/0ecNGBgKduB/FuYlcjP15P3hgEbxxNbe99rX7rlve93fTa736KxCjh6lrU4c6s7WtLRau93fVJpLo9ep9Pn4HeBL8FdH+Julv5jDYtxIkfyrnAbcepwOxyByTnJzrv9mjWJVaTSfFGgamm4KFS8hLMR935VYDB+8DgAcYI5rwD/hHXcS/Z3vAykkMC/wAxGTjKuScAg7gTkgZrKWbxDpsqx2+oarbEHKmO4uB93oDg47cDPAB5OTm/r07K8YrVNtK6a91rR62Te19tNB/V8M94tPR6W0fup3s+vnbS/ex7lefs3/Eu15i0u3vRyFa2mV2YAjoVYjpnHsTXF6h8F/iNZNi78JaooBcbo4WcBe5JUEcjPYg8DjgjmbD4nfEnRpt9n4p1hBESF8y7kkVWHBBVjyRjHf8AiwOCa7XTv2oPjHpjbW8QR3sYOSLq3WQ7QcbDlGxuOQdxGSTg9wPGp6OCdrWfd6ebsla+zd9rWJjhKLafvLW11r/LzKzVne7WjfRLXVeXa94Q8Q2CwJeaBqMIEhHzWc4IC8DO1MHGBkjJYjoQcHFXTbiEfPbzRZIOJoJYwDtwMlkGOAB1APGWwc19P237ZfjHyYo9c8M+HNVTfgvNZwBmAPPSM4z3OM7iMHjNdPa/tWfD/UUYeJPhRpMxYAFrWGEgA9ScoCT2GTx6+kRrU5Sbaak9L3snrG+6SfkntayW17qYVSSVOa077a231V3q1fTXTU+O/swYYLICB8oB5JJyRg8nIH1wM4xzTjYnHOBt4HfOTjoCePmzyOh5HHzfaEPxf/Zd1pgup+BLjS2fO94V2hCSWyNpyB6H39jVvb+yFrbfutV1PSXkPAZmIjDEDnBOAMHtjGelbxlRb+JLRNN226W1um9enzbOWWCxFr8yu2nq7aaa9d7/AJ7s+IBZzh3CqoC8jAJAycHsCR6ggEcjGahltXZewYEqF2nk555x83p1yf4c9vuZ/hL+z/q5H9ifFSO1L58uO5YDkfdBJI+6OcdAeeuarT/sxaDfrv0D4o6BdEhignmt0J6jqXznkhiR6cHoacKcrcs4vZJptNW5d7puz2aZm6OKi9Y8y6O+2zbd0nom7NfLa6+FzEMcgKwACgAYLDv0HQ55z6E9Tis0TFnbIyy4JxkDAxyNuQWIAGBwD2zivsy//ZH+IEe2TS9T8O6sgyQIL1MkHICgAk5I9gMA9cGuC1P9nD4tWJfPhY3aLne1lKsoIG0fKAx3DA4z0PHPWpdCMmrSWmjSe9+X3UmtNtVffptfaMsRTf8ADurp3utNtdL2tfe3ZnzX5DkBwAQw4IGQpHUntg8Dt9OgrPu4GQwklU+c/wAPy4xjI6Hs3PUkcjrXsd/8L/HenMUvfCGtQiMsCVtmkzgA4AXcTg49cHjGARXG6joGqW5g+2aVqVuqt0lsrhGUL0yfLCleMYzgDC5rGdCSVnfS3bZpabJ9Vfrrpui44ifNrFxvd9Uul79tt97vd9ONWNlABbAwQNoA7YLdR0xjnjBB65NSRJkkAF8/dKk8AHJDE4GOT34B210a6fAQCyyIR94urRsAeCAGwcHJOD93gnIU5lbS7YDCtlTkRncNwHcHB7YH06jtWkaD7J+tn29Ld1317M5ZYyN3fmevdpPVW2d7O/4dbnNEA/eXpjbhieAM88ZOMZJOeckccCIqpYIA3OBkE88DkHA4BOcDrgDAG3PUHR0ZIwr53E4+UZAHXIOT3OOg5HqcRTaIUT75IByowMsB0OB0565P44p+xd9YLW2yv6td+ra01tbTQUcTFpO7S6cyuuZ26W83bd777nMsFGWVeScNuwVTHUYPoTwfu5JGP4qaCSxPI4ABBIxyeTzx6+hxWu+nSgFcYweFK9c5IzySW6AnPPUYB4a1i4yDkEEHA244wRyTnB+mT9axlSbfw+6t7K12n0013V7dLmyxEXa0krNNN/J2dnqrW32v6meWk2DGcZznJ5zgZHbnqRjPHHpUcpkKruUEEsD09cAHueMZOCOPWtBoGXjsxA2jsT1Bzyo9Tw2cnqWwyaJwzYGQc9enC8djwSByTznqAM1H1dS3i9NHdK3S60td31e1tNGtVoqzvdyut372706rfbzum1tYw7nA3kZUqnOGIb7oxwDxgdcn5cDnrhtnqd9EnnW95cW7KvymO5lQnBwPut64xjrwDxirNxbuY5GI3Ha24oAMc5U7SeDhRk5PPIJIwMWJG2rgEbVIHbocgEZPB/EZAA7kcc6S51FpK97q2y076ejXa7OynVbp817O6uk3orqz0W+l7rpsu3oGnfEXxxpoVrPxVrlvtZQgi1C4CDHIUc8jH3snr0ABBr0TTf2i/i7pozD411eQg4HnzPOpC4JGZGJwOhGc9MYzXgAjk2qMljnOCMDI9Djk4PHt+l0I3KnOCAcKMcAEAYHzdyRkYPJwODWdTCRl2sraWS0Tir6WV+l766Lve1j8RBXVSaVrr33feOvS3367aatfWun/ALYvxisCjSazY3oRANl1aI24gZPODnkbTuGeeecgdxp/7cfxChKG/wBD0W9BwCyDySQCMjCjABwB93hWzjcK+FVRSOQwIY/MDjoeOMcYU8kMQ2SB0zTmZyx2ltmzIAXAU8Z9h3wp5OOOmKyeETStZWS3bbtpdLXZa83TR+hvTzfFxt+9ktEtWpaK1t12undNKzvbp+k+l/t47iw1XwbGBtw5tbhiTjgEpgA99vOT6889pYftx/Dy42R6l4c1O1QjloUDAk5XH3vu4z+B4GK/KMs7bgMjOM5yDgDuORnPPGcdsHGWNu27QGyfmG843dee+QPlB6856c0Rw1RSdptNcqVm7dFZLW2q+fnqdP8AbeIslJQlp1Sd/h7W1a1eq0173/Y7Tv2tvgpfyrJNqF1ZSv8AIy3VuCka9PvAE4H8R5HpkkCu60345/BjUD5lr420pWkO0R3EeFG7jAJHBLHn29vlr8MvMYAlipOTk5JOMnrgcnkZGCMngDikEjRjIIIyOFLDDdCc8DjpjqOQuTmtowxNnFTk9rNq70t6OzvbXTqweaOb9+lTfu6NKyVrXv1vpdJqzezSVj9nfir4s8CahoNmula/oeoM+pWnNvNCZfnfLEhTkRLuyxOc5IJzzXpuh6L4I1TT7Rn/ALAu7gQx7jHPbrwiLu4EoY9T+XA61+C0t3cQBZEmmAZ1CgTyDBAxuxvx6EkEZ75zk7Nl4j1+yAks9Z1O3CnK+VezLgn0G7Pvgcn881CtiYys3eUbXd7dk76tX06vzVrNLP6zSleU6VlK12tbXUf6W3S97afvePh54SnXzYbJYlZgNttd4fr1AjdwQceh4x0BqhJ8OLQSGSwvNctUUH5YrtyUyPvbMjco9fmIHI5r8TbL4vfEjSwDZeM9ciAIwpvpnHPU7Seg2hecHB5xXZ6b+078ZdMKNF4suLgKAoW6USkZzkjfg8Yzg5yAPkwM11RxVeHSdm435X3srr9dbLe29snUw1Rv3WmrbRjK3wrXsu131bZ+wK+DdU8zybTxPfq5G7F9CsoGc8kv7Aj6AY75evhjxVabo49W0LUS4I8u906Bj05YED72Oc5BPGOADX5faV+2t8XbFQs8+mX6qCC81qiOwAHVlB2jPJIB7jiu80n9u3xKCjan4b024CkB2gkMeW6k4AJGfUcDvk1Uc0rwcdJq2iafwp2vfVem3mm0UqGCls0m7Nq1/wCWzv00ad9uvr9+P4b15lAu/D3h2/wTua1KwOV64AUDAGRnAxzwM8Vj3vh4Jbyed4CuOTj/AEO+YqQeSAOBzkkjPUkHvXzJpH7ePh3zEOq+ErmNsASG0m3855JG7JAz/CBlQcY5r0bT/wBtv4R3fyXcOtacG27leESICdvcsSB94ZOODkD+7os5qLrJWto09LqN7/Pa3psyJYLCvacE91vslH129N3bc3JvDmgSyuL3wnq9sCXJR7SK5RQepLHJAySM568DPSufvvAvgeYpHcaZaxqxJX7Vo/ltk9meONjgcZPQdc44ru9P/ah+Cd/JH5HidbdiNpS7jKDJ55O0AAZI6ZBwOmcdva/Fz4V6sytB4y0CU4ARZDGCd2QQdwHQEnJ5474zXTDOIpJSVLRrXVNJ8r0bSdtNrX1tdaon+yqM3f2iteNkmtVpdtb9/W77nyJ4m+EXw7S2v7hbTTZNkTsVhaWFxIwO3ZuRQcYBxjjuAMiuP039nrS72wtbq0sMxT5YtDewl/mGQFVmVgQGyQRnjAzzX198UNR8E3ngfWrvT9T0C5lVFffBNb+bvZvlKBW3cjqADkYHAp3w98N+HtR8MaQ0sVnJcXVvFK0kF3sbhFUBdrk5IHzBcHnA99I5lh5TUp0oW20ktb8rtqm3e9rXW61TM5ZQ3eFKrJaqStyvTR99L+Sv5LQ+Nbv9nZbcsI7TV4ySSGjSOdQCcKcKSD0yOeD7jNctffAS9ti7R3V9GEDMon06Xk5PGRGcg9R8xxk9MZr9M18D26Sq0Eup20QA8tra8LgE5IPQggjgbuuRyRxVabw9fQyvHHrt8juSqR3dutwMgsONwIPHA4BPfJ4rpWYZe1G9NJ3va7VmlF33dtfL10Mf7Ix8XaNVtWT6rR2dkktX5b7q+iPyol+EGtRBtl1bsvPyzwTRNkggjlBjrwRke55zmy/CTxOkSsttZTBucRyjIXpnDkMBnAPH3mG3cVzX6yt4Y1UMiyXmi3fmBTtu9IgyRnAUsAxBI/TkeozrrwdKu4XXhvwxqCSOG3Qn7M5XJJGY14JIBPucnkmoeKyyTvKXJok02m23y92ld7W2/IP7NzhaxXNdrVrX7Ku9U3bVrtrro7fklP8ADbxJCHE+iSsoDYKBXBRcdCCQVI53YzjI7cYE/g2/jYeZo15EQAWZIHIIwO2DkdfXqCOOB+uF74K0tgjXXge4hUhif7O1R3ILdSqYGM88HOe5rm38IeGH80S6N4m09FXAxBFcrjGCcswJB9PfpjNPmympZLEQTenvNL+X+7a3q7dexEsLm0JNyoTaja7ipO7vFdHr17q3nY/JiXw4Q7D7NcIATkSQOvTrzt6ZHJJG3nAxVKTw8gBwnLHllUgrzwCccc89MdcFq/WefwF4Cmtgsl9LC+HXbe6Mm5Mgj53QNu4xycg/dyTkVztz8JPA1xFtW+0F2fIBZZbeXkDBI2ALheCM4IPPIxS+p4Cd1GtSa0fxK13y7a631t3v92fPjKT9+jLq0pRa/lejs7tvS1raa7XPy5GhhfLZmYEH5dwyM+hb69vpjkkU2zsSZri3PzNvzwNoOM8kY/TJOPav0zm/Z88L3MKtDPYoWcJG0NzEyF+cH94ysRkHjA75rjk/Zcf+2Lj7PdWdwSy7bf7RCg+bkNIyudoPUDJB6c4rB5TGTTpTik5W1a20+a72XfQ0+tVF8dNr3UrtLVtx6b/FbsvOz1+Ol1aJ5YcvuUHhuACAWB3DqBlenfheSKbdamJjKu0HafkY5GG7nIyMDuMn2zXHCKV5FVWbacfNnbkgk5J4OPruxz35rftrBgshnBEewFUByfu8ktheA2TjsTxngV8p7sOV3T1V7eSXle9m+lr9dW1UoJ3Ta30sve2Vm9NdYt6Wb5ktNWV7udpNpRwiYIZgSR9emB/TjvVRdxjOCGUDJY4P1Ax06DBBwCcYB4OzKLYwGKNdwI+YkZC5Kn5Tzn0JwQDz82eMWSQSEpCmEiB5/iP1wADg+uSeAegNaKsnbTVWXolbW2t1d7rRK6e7YuVqKTbWi66a8ur3VkrbpWvbpYqXMYkt8YBkRXIJ6LgZGM5BPX2HPcYOIzlUALA5DDYQOcgcnP8AXpyMsQBW1NMSEBA3DOFGR1OOSAOvoR7E9xTe080ozjDsxyMnvnAAwPTJHGOevNbTrU1FpKzfLduWvzfmtNbeS1HTclZSTS6t6aqy03V3e2trvbVWObY4lZjyOVHTOOD1zjBGO+ADnnpU6PtU4OSCVK8E4yTgY4x1GRgAexGdxtDdiQiAs6Ng56E/d4yGLEg47Bjk4INWbDQNsi/adqRqQHwcFsnB52gkYGMHAAIxk1zSrR1Vl0fV7NW0tu3+X3be0TTtte73trbba67NX0a9TIt4WuWLlJGwo4UfLkEgAdBwTz757k5naCW3Uh4nLBvlIB4zyffuOenXk16Gken2MYW3COANoyoDEEZJ7HJBI4znHXGSc6a7s2WVSgYEEFiASoA+ZSep6EfUY+vL7S93bfWzur6K3V7b20etkEajb21tdXtfpZ38tH3fqjjPtBUIijB3EEgDOTnk+vPuefmx1BSa5ZM5AbawJJ6knptH0Pc/Xqa2LiCyfcsQDkqShfrkjO7p/MfjWdHpbuwAcAbctuOBtzgqufoB8oHPJPSlzRVtOWy2s9Nm0nrZeV77aKxspXtd223vu7LTe6+W1trK8tnqkMSPbpD87glnAyyhjnPrgElSACSRuIyKFthNK2wuwbasgZ8bVxznIIIznjGcYFV3tFt2xvG8kF1JByi9OvflenH6YstI6kmN/KUqEJYjkAHoTgnHXB4PHPBqHZ3au/P03b9emkV9wu9tm43b3ezve97q+itb8EbCzW2nRNEjES4J3E5wOvHGASyngHtxms4XF1eZR5tsAVjy5CkHHHBDZywJ69AB7Y806naiSmaRRyWIGTj5hnAUg8rgHn19c43NxBuyyhmYAIGzgMT74PPC9iO+By4027XeunWzeqS3vr1+W6u7DhfV67O/n1e7s+nRK9t0bracQ4dpUZflwS3BzyMqSAAOScYwenINSjSLicySKUxyFAbOQuOik4PqMDgkcYBNc55s8reaJGGFwuG4XAyMgE5HAPOQM5zjJqzb6pcxKrSSbSrMOPmPXAx7Ec8Zx2wMCm4NJW111+5WvfpZaX9BqFt1r6a3aVrfNdtL/ftLoV7HAZmQv8xARDyAcEgnk89jjuMkHioJd9qGGwIxZQyMfmVj2znByOuMgHIx6Jb63eR+Y6OQD8zLISwxu2ggMRkEE7eMnjOaS8vftPygqZWKv523aenQj06nOOvJHcwruXR3SWqbfTTq9bdLPa2gfaWlm7Ky635bt3vbfy0trpretvs88qLIrAFctubkYIzweoA2g9voQK1b1LaOEmLBYBCE2rk8cHOfr6dc81g6VYTXt9FFFmVpXCfKWDB2PUAfeyRgBc5OMYBBP09pv7Mvxd1fTIdTsPh54lutOu4w9tciwuAs4BAUxExlmViy7QobjHYmvEzbOctyr2f1/HYfB8/Mo/WK0KKk1yu3vyje179V5o9bA5Vjsen9UwtbEOF1L2VKVRJtrmXurdW21d9Lux85Qmd2AIJIIIABwQM47cAZHHIHCngk19KfCX4han4DupLzTBG7ywGKUTIJYyzKqqShB+4emMg7ufb6Qh/4J0/GTwX4EX4o/GIWXwz8H32lzXehR666R6prE6KTDZ29qSWDT5IU8nqTjbx85+G/A899qNqlrJLJDLM0EUFrbyTzuyvtDCGMM2WwuBjnIPAw1fIYnijhrPsHjI0Mfh8ZhMM3TxFWnUjKhGaSk4+0vyy5E/ecZPlb1adz38Bkuc5bicPUeFrUatRqVOM42nZOKTcU7pNu2q110Wh6t8QvHGt+O9F0yyvvJRLQCaKCJQhZpW3F/LUFlLDAJ4LDsMV4Umh6ppdytz9nlDAOyTsBgKVyFCgdST8owDkgrggV+rPwr/YP/aD+KK2T+Afgz4h1O3lt4VXWtTs5rS1bIBEh+0CM+Wc8Mqk4ypHQj1S4/wCCZ3xjsfEDaV40Tw9otxYMrarHfahHBZ6VEoyWuQ21ywzgAAqxx83avyml4tcD5FVnlsM5yxKhOzoU8TTq1Lc0U7xg5Su30Xn3P0R8HZ3mvJXnQrSqShG8nFxirKOvNLy3flq9Vb8E9RNy968tw0jswZDvyckFjg+gGPbHA4JGO88HWN89ukkMbGPzWbzFjGMAD+IjnqD8pwAeeDX6cftPf8E3vFPws+G158WLPWdD8QaCsyNdy+HrgXMdpG77F3tGCA7MCSmVwpz6Ve/Zo/Z08I+OP2Rvit8U76O9TXPBs0kOl44hIRA5Z0JBLMSfmAJ6DLDp93T8UOGsdkNLNMFioYrDzxlLL37NawxFecKcYSjKzi02naSWmttEfPx4NzXC5pLD14OFWNGpiVey5oQ5W5RabTXz06HzL8GtV/srxfo9ywPmCVogvJ54XgAFQGZgMHg5yNrVxn7S101z8U7i6VwzT20Llh0G08r6g5+U84zzk9a6bwmyWeu6LcKvzCVDJKQAM/LuOehOOTkfN0bnG3zf473SzeNGnRmdTbgq5GcuM5H3sj5sDOTnsMfLSwuEhX4hp46KSdTBSi3bX3uSWtrrZq+rSa3O3GYlwyaeFvZwxUZWvs0lrr5eV777M9at9XuE8PaPtZsCxgLjd8oxtA5zgnIwBxjnHDZrpfG9pZ6x4f0u4ckyJbRk8KV3bgCTzgDdkE5x2wCCB47Z30n/AAjlpyxUWqliMHADbuFz3IHTjngggGu11HU2m8F20rShiYzGseOeGyM4z3B6jjrnoa4a2BlDFUalK0X9cnFtLZScdd95Pul5GkcRSq4aUKjbSw0JO+vwqF7b9Wr21tprY9A1fw18O7DwTomp6mYrnUYolJjZlIaUjIBODtUcfJjAyQOMEbvhr9ofwVp3h9NL1Hwvon7lXgguBbxfaEVVZRjIyWOMgjOMA9K+KPHPjOaPSINMjk3Mo8wEucgg4Hyk9lAC8r9eK8ZuNVkuVDSS4kULtUOw+ZgDzjhj/eyCcZwcdP0XJcgqVKF8RWnPnk5pXfKotpqPbW2yV1bvc+Wxec0qFaMcPThG0YRvyp3asnfSzttt1Wrs2/3f/Z8+P/gHQ9R0vUXsdMtNjCeZ5LCC5DJFLub5CpAbAILEHoVwRzXsv7Yv/BTab4s+E9M+APgk6bF4RvNRs5NYng023tZHaAr+4jaNFKBmAOAQSwxnjbX4A+CvHtxotrJbtftE7gqpLFv3eAdi55UMePpye5q54e8QSah420iSQoxn1SFwS2f4wQcdCSPm6A8HjOK9rCcO0IYyniJOUvZyg4KUm4Jpxs7a6Xet+qW5zY7PXUwcaFJxi5pxqNRSspRS0s769V3XqfpheWxARxICBCgXPoAOSBhcj1Hv1rClWRiFViE5Vu/XvyAByeTz0yTiuluyFt4+WBeCNskZwMAdeg4BHHYYOMknMRPlVV2gOTyecKOnU9c84PU1+g00la6vaKX32afro90rafEfHc/K72clp3tr03Wyd3rd+mhxfiO28rTbohCwMD9TlgAMZyAcAdwc547V4GsSPJNhQGCjoT/EScHHAyM47k5z3r6R8Rx/8Sy7YElhDIoYqfn7HHy9yMlsMG54NeBBEUz5AJG0P23NyCc47kAHHHBx1FceJSclbZJPs3ontols2/WyvompSbS0stH1+57a6O6ez2NTwhEwjvsMoJfCgjJBU8DI7gA8jOeOcV3GzLErglgELYwSeBnpkDI9Bn3zXJeFYztu2RSSkoLjoQNxxjp2znPYZPFdvbpvaTIKlSDgg4yO525BPT9TntVUrcsXovxTbtr8+y76DjJuK36Xur9m9le/Ts7a+bDGyeWrsHJZARjPKHPBIwoGSeBwAAea9G0ZSbqxVNwHyE8jCjC9eBtPJAHPvnkVwbpjPGDu6AA4w/OD+HXHOcDrx6FoKObqyC8lmAB7H/eAxg8Y5bBPHGBn28qf71pL+W72ts9+zund+m2j8XNk/Z73s76PXdL17t+eh7jGpEcQZBg7STjBbIxu5xgdeQRUnlqA2OjAkAjrjqCQDg4556445zVpLZzFGrZBMYB9WOFwQcg7Txk84PPoQiwuCw2NllG0ZJOB0PbuO2PqAefqNFdu2n5ddWrNvr16N7W8OE27LXorPW2y3urvfa3VW3bqJGoUruPAUKvUYBGDjOTjBGDknJ554VwB1J+YHOQSAMAjqCQq7cccgemcG60AyZDnd1Y8YGOcjnqM5GSPXjqF8sMAVJOQCwIKkbv1zx1Pt6GpdopWb0tbRq+yeuulr7aWZ0c/KvedlvvrutdlfZu7vbp5ZhtzJuDMwADZGcYOMjHBOBnOOd2ecNXV+ElZL+MsnyiKVVKgksxQgHPtnOcYXB7HNZKxqAwA4A6nBOdp3DPAABz82P8AgPY9D4VAfUVLHCrBISQSTjYcDB5zjKkkZ5yB025VU5Qld2aWt99ku6d3fd+XY3w8v3lOzduZem6XvN6221s/v3/nf+P0hPxY8e4OM+IL1eCAQDK4DbievoD0POcjA8dsbKbULlbSAbppWWNBnGWYgfMe5UEAtjgH659h+PELv8WvHaRRuS3iG9AGASB58hDdBg9CMgDPGcAiuf8ABGh3L6nuKsswdQi4DHceeoJwACeTwDwTzmvzDFSjTqVHd/FNrpd+bdkuW6V3Zve3Q+jspJNtLbfrbVJapNq3prdt7Hpumfs2+I9Y0FdTtLm0eYxljarKru+CeV3EksT0XJGTkgda8n1X4WeJtGmktrvS7iN0d1bfG2OGOSp/u8g5PU889R9Qaf4i8UeHWT7PBdQeQqSK21vLG0gkEFjw2SeRxnocYr0PQPido/iW4W28UwQBwpMsqwrkuvBYMcc45bnrz/drypYmprOLU4pWTi72Xu9fVK3W2hvD2U3GLbi9FdvmTfu33t1utF6Lv8HR+D76BYzNFIJQeEeM8AnPp3LDCkdD36112neCtVvGjit7C5kEjjJjhbJI6lc9OnXgYYDOQa+xPFPif4eWU8j6Rp0F7tiAkkeJdqOmCQRjqSO3AI4zjJ83v/jFLaup0nTbKyjKrGJRGobjhumGH3SM84YHPNcksXiKrahSk07cr6bq1vS3W9ujuaOjQTXNUTjdXS00bj16rS9/PzaDwj8MvHyDyrLS5reIqDJcXLiJVVsEn5mUD6jnBBGOg9Qsfgrrl7LLeav4r0XShHEMGS7VpWC5BXaC24gYzwQGJHJ6+OS/GfxBcCaKXUHcTL0jLLtGD/d24GOMcE9wcUtj45upfJQyPO7uFld2duJGI6EnIORjGCOgyCRXkVsLjJ807U4veyi5PVrS7bu9ui673RtTrUIzjGLk1HSzen2UknF67t9L9319l/4Vx4f0uQyv4xe+mjXzVhsomCsQf72R16ZyS3Gc8Y6WbwZONPi8TWdvc3Gnj91LJcqd/wAgA4JyVAPJcKeWzzmsCS6hB0tILVcrHAbk5Cs24gk52lhnBz6Zx05r6P074g6IvhHUdBvLBWZ7byrFV+6haEgMrEbeoyW7nqcnNeRNTppe0hKbl7vM0raNapaPZuyWl9nsejDkd1FqF3Gy1fM0ovvfunsm3Zrc5PwV8NI/FGhXmraVbJ5lkXe5DlTKqFSWwpwWX5jt4/i6dBVvwl4cubXX4tO/s8tEZlUhYjvBD/NsY4HTPOcA8kYAI82+GPxR1fwP4uVmeM6Xl47uzl3PHNAWO4lGADgBshf044+uLD4meCNWt7rU7a7tIrtJJ5YkjgVJ1dhkx4GCAGwFYDnrnBr814iwuc0sXUo0aNWvhcTrTqRs3T0T5bde+nW2vf38uq4GdGE51FSq09LPlvNLlbSTauveel9Ur31IPiJ4U0aXTreWOOeDYkYmD52udpBUZGNwYEM3JUg8nivnS7tdI0DTSrsPOvbxEiKtucLv9M7tv8IDYA5OckV9k/D34J/Hz9pCMwfDHwprfimZpTHbW+n2MkiCMuVDSShQiqQ2WJbOR2Gag/aC/wCCb37T/wCz5pmg+J/jZ4aXw5o2vzKtg/2pWlibcDskhYgxkbtpxyME4BwaeWcK5pRy+dXE+1hScHJKUbNJxir6Satbd2sk3r0fn4rPMHHGU6VOpT9onFKLaVr8q1UZNJu0rJ2tfZ7r9Ovgf+1f4d/Zf/Yml8OeCLM3XxH+JEU1gt3HNuksHvYxD9sd0JdBCjEjc+1QV59Pzp0P9qDxb8DX13RfBN4//CT+NUuTr+vW1wZbg3N2SZMzDc+4ea21dxwTz1+Xj4PhZ4/v/C9tpXhGd7nT7G1dVmupsuryx5aSMsWwicjIJGBgAdVr/D39mLxAL+31DX5Flv45mklH2gu0pGGyWYkAdMBsckcen5fwz4V5Pg6mb181qQxEszzSrjqrqNOdTlqc1Gi3dSlThrJp/aeu1j73G8VZhXpYdYKny+yw9OlaDjFJRjCMrNRbk5LZ/ElorpndW3xj8J/C7wdd69dLPefErWJpb3UdavrJLydpbomQI0sodwCXYbhwVIx0Gfjr4iftJ+J/HlyZdSvUu1t1eO3RYljSBT1MYHQ7duSAwyQODkH7G+IXwittZ0vUtHuns9NuZ4TCL28mRVhaIBVkDEj5+AQM9gRwcV8b2vwS+H2g6jNF4n+JmnSTIGEkFo6OzDOAMo2MgjAJILZ3cdK/pXhnEYfD4KnhaDmqdJRpwjGMnHlVlFRjqtOmy5dd73/Pcdg6leu6lXlvNuTbndptxbb5pS1vvpr33b+chbaNr14zXFtLJczTbmdDncxOTnIAwp3dBjHTHBH2j8DvAfgGGyF/P/aR1aKTfFBDC8qFo8EBiqkA7sAEkEHPGQQeLurX4M+DJVurSO+12aIfu8sRbEkHDSAZC5xnGeTz1Jx0nhT9qoaLcHSvBfhDRLKaIOpnuFindsZG1WkQ8g853Z+gJJ7c1wVbG0XTpUZPmspXvFNPl0bdmr723SbT8tsqVHA1lUrVIafDZXsvd6q/39r6rQ9F1/wb8SPGF9Ja6X4Z1e8sbebfZ3N4s0cahXG3BkwAoGCpZgD0PQ1na1+z38StZubWTxFqOnaZZ2ttnyJbiMSRALkkbpCowAevfp1xXkHj79sv4uvM+nwaxHYCOTbLFYFII0QjGwsi56YOBngDByc14hqfx88Z+ITDbahruoT/AG2XZceRO7SSbjtWPcrDkktkccjBBwBXLl3C2Ioqmo0cPSirPROUl8OlpaaNrXvs0elj8+wtWDTq1pyV7q/LFpctla70T0beqS3vdHvV5+z58Po7mRtc8aWMYRsybZ49pJzkEKxLYYEH7wIGOMHGP5P7OPgu7MVxONdkgwWESGRJSnJRhgBgxJx2wTgliwr3vwp+yXocvgHRPHni3xf9iuNYtJNQjsLx2KxR7S0QcGRt8jblCqwG446ZzXyZ8V/h9o2n6gIPD3mXjyRN5lzb25SM4kP3B82AcEE9D+p+6fCeNjg4YivX5Ye7pBqLatGVkltrvvrbsfCy4iwv1qVGhRg6qa5pN8yu3F/feyT11T3aPTrL9pb4UaTImneE/h9CrtOlus7xpGgy2A33G+8SM5+XOejcn0jWvjB8Q9L09b7w/pehWEU8KSxubeB3iV0BUsTtJYK3JGTyMHPNfnVY+Hrm11m1/dyfLcxNKME4CsDlsAANxtHf64LH7E8R6lZTeGbSxsmaS6kt4IpERS5gZVG4MoJPHqSABwQQMH4jNsrccZhY0JSmpSSqKU2/5VtdWdu0dWtdrnu4LNatSlVlVtC3LyOCUbN2ulol976Xvokcbqfxn+MOvSXA1LxZc2cRJQR2KiBSASSFVFII28KA3A4PpXR/BzUtSv8Axz4f1nWdav8AUF0HWbTUHF3LKDm2nSUkMCAOVJyCRjI5ORVr4T/DfxF8QdYtdJ03RbnU0N6Eu/Jh+6ucEdDyT15AA+YE54/c9f8Agjh4u8FfsxX/AO0dqOsroKadbjXLjQp0QTXOnNt+SCTLFpzwxRV3AA5Bwce1gcLhKWIp0sRyxiknU5YptR927lq9OnMrXV3108TNczxSpRjT9pVnV5owUm1GU/csnryqMW1d+m3ToP2z/BPwg/aM/Ze8H+PJfjR4S0T4p2dsDF4UeSNTd6fbW2yOG53uzLOUUKWcZL7c47fy46p4Qt9B1O8trq7gV2uZkjkh2SjCORvjfOfLIUkd884Gcn6F+O98dM1KXT9PudWuknRpY9tzMDEjN80aozAIB6KOmc5AAr5v0mw1LxDO0X9l305tZYVLLFPPJGjyqGDKqnc7ZPHzcnA5wB9RV/sjLqE40JyqxvKpzylGy5lFuMUuis/LojycFRzKtKn7b3ZaRdNRvZu17zet9b9lZpK2p9S/CrStGsNPgGnyLfvdWjSOstoZ2eZD/q/MVGaMdQPunqa534j3niu5srvT7Xw3NZWNxM8Ut79mukiQJkEvO0axxjGMAMpJ24HIz/U/+wd4Z/4J6/Av4ZeFZfiHbaBL4xHgy01zXLTxzaQz/atSvoFmKRifLwGJmCRw7MqMH6/JP7f/AO2x+yX4l+E3xC+Evwg+EmkRa9r2oRtbeILHTILex06OMsGltJkUMfMGMBSByDgjivznDeIFbF5t/ZmCyqtWoqs6csQlJRjTvGMqj9zlik07KU+ZpKy2v9nV4ahQw8cRXxHJP2alaUUoSlyqfLFtuTd9LpW9D+bn4V+C9Wk8RGe4ktY9Lt7tZbuSSRWBQfMFByQ57NxnA56V+iGjeAPD/wAVtd8AeEfCS2es+IbzVhaSWUEccJlluGVIrdWPyl2J2g5BAywNfA3hXwn4v1t9Rs9Ajc26FnYrIY8oDnc75O0EkDDdeB0Az9VfAvUPFvwW8c+CvFGo2gW/0PW7TXrdop5EeaS0dXSN2G5iGAK7uMg5AIzn7PO8S45TiZ0ablXjh6kqUO9Tk92KdlpdW967fXW54uBpxniadOWkJVIxlo9btRla6smrdbuz7n7geDP+CLnx2urKZfEOheHPA1hcJDcLc6nfF7qGKYKyl4o1dTIVI+UHk5GSa97+HX/BE/4dQ+LbC38bfFO6eDz7NtT1Gx02O2tYYyd0sMM05iDuSSBJ1C81yHi//gsZ8ffGejRaN4L8L6L4cSeztYZLy6X+0L6WSKNYxKJHCtH5mzO0KMZ44HPyT49/aU/ak8YX+lXPi/4ja3aabq86xS2mnXT20CgsFBEUIUpsB+QcHqcAgZ/kjManiXm2KlDCY15XgbNTVaUXVcm024KjG6jrpezt53P03DZZl9GK9vTozm7Km6fNUUbuPK25csZNJ3fuJKSfZH9F3gX9gb/gnd8EfGVhcazrkPjTU7e1hUWepX9vcRBYADumiBZJFJy0is3Az1zXiH/BXfx9+xlp/wAF/B3gv4e+GvC58SXuq2fkXei2Fo76ZpFu6m7hldRuCyKAqrnJbIxjNfjxp/inVrLWtIF94l8R3arbpayalJdTySsXUF2JaRmOQy54zx2AwMj4naDpHjM2Jjg1DURpsr/Zbq7mkkEsuAR5+4kkFjyp7AZGMZ7+G8m4gwWLlSxeNqY6niqsKlatKnVnXpclrU6FSdSbpwbWtlqvN69ONwWAhShXlVanRTUKUpUoU3z2Tc6cItStHpdLRa3ufIXjj4nfDufXfFI0PwmrWFv4eg0bTLdrNYrVJfLxcXSgDCOzZb1JJr6w/Zl/b5+OnwE+GNp4B+E+naNpOmySfavtsVqZLqN5Cd8bAEZDDGT2wM8nFeH23wL1O/1DU5bnT2b7SOLeLiDA3APvICgEZIAPO45xxn2/wZ8OLTwhp8X2qbQ9MjVCM3c0LYwPmBDnKvxt4A6beGJI/Qcw4LqcR4SngsZluIzCgq0K0Kc1VmlUhFRjP3XdPfqtG01seHDijJcknKpVx2DoLkcHzyoxja6bum2lvvZWt1Pata/br/bI+JCxR6j8VdW0KEsoa30uOSwChuDgx4zgE5zkDPQYzXjHjtviB47drvxb8SfFOvTSgb473VLpiwABYlfMCHJzjIJwR1IyE1jxv8MdHMh1PxbaSXEOd9vpaK24gHhTGTg8ADjHHY4I8k1j9oDwBbyTx6XpOq6u4BEbzOYkK7cYI64OeeBzxwOT2ZJ4G5qqlN4DhenhoSceWo8ND3dU7uVSPNza7vXVtnjY/wAc+B8thP22c4ZtKzjTqQfNrFNRUG72tfp8ktfDv2i/ANtB8Otcu0tLa7ultfLWeeRpLpAQScOSzbs9Rjvg525r83vg58JLbxX4kjsLzTZrmWGEzW8METNA7787HkAI5ye4Jzz0Jr9JvFXxY1rxXb3WmWPgy1NpchkMMiyXLyknaEA2EnOAD1yPpxH4G+Gfx01qa3fwN8PbzTZXh+zK2k+HroylGPyssghwHY4+YMASAMZ5r+luDvCjiHAZTWwlaNKjUqJuFRK/sk4pPSKUU0+t9e/b+f8AjH6THAEMwpYj6zKpCnaMo3pxcuVq905JyXZW3astdeO0X4R6tpEi2+n6PDpjwQFVmljjQkkHIyxyQpzhgQcdsV1+l/DrSNPt4rnxD4p02zleVncrcxtMpBJ2/KxwR1x82K+mvDv/AATv/bp+JUym18FeMhFOAXmvIprODEh4znpnI64wPTIFfTngr/ghF+0/rdut14w1HRNBEhDP/aes/vYQSGZmRmA3LjBA6kd+tevDwcjKSeY5pSU1aUr1qcO2vv1HKWmist1ZJJNHw2P+ltkNKE5ZZluKrxd+V0cLiK921FJt06TSvZa827S3R+Zeq+I/hj4cntJZdcutakEyCRbViSEUghVYDqfVSQO/JwO+1b9pXw5aaULPw54PknNkge3lmmYHAXO6RdoJOVLHB7cdq/XzSv8Agh58KPCtjDc/Fz9obwd4fWAq91HHqWn+aNpBdQ0txG2AAAAAcEf3Tk9VL+zT/wAEefgarS+OvjdZ+MdStYsT2+nar5zSPFwyeTCJY33NgBdxU5J3dx6lHwj4VpuMqzljHbX2VOtXi2lG93ywpb2d+drRq7Z+c5t9LTivESlTyjJ8bTcnZOrOjhWk3Fp8kpzraabUteyaPwMu/wBpr4oan5ltoOg2tnK65jEdi085c4IIKqzHHygcHPQ5J5h0TU/2rfiBcNHpmleL5knVkQ6To18FLkFQQTCFVevQ7c5x2Ffuxc/t7f8ABIf4L5/4V98FZvG15aRvFDdzaLDKJZE+67TSMS244IbaSVO7nJrwrxj/AMF8fDnhkvYfBf8AZq8M6FaLkW1zfx2cbBeSreWLc4CgKcbs54GOlfS4Dw94TwaUo4GjSUYtqVZ4Sg5bbxviKqtZ6cu/RHw+ZeO/jHnXLDAYDF1ZTnyy5aePqU4RSirc9ang6L5m7aVWu7ufn94f/wCCfv7cXxSaK4i8EeNHhmKN9p1WWe2iZScFmTdkBWwSMZxkkHgV9K+Hv+CHv7TPiA28/ivWPD/h+3Ox3F/qJimjG0FjL5rAOV6HnngEc5PjPxE/4Lu/theJDNDoWo+FfBNs5dUi0qwgEsKsflHmoqtlQR1HXvyK+GfiB/wUy/av8cSyt4i+PPimNJtwkgsb+W0gIJ+ZVERBxgnAAIycknoPdw2C4Ty1JeywE7NXTdaq0la6VpYeP4Wb3VrW+dxsvH3ihJxxeJyaM7JzpSw9KavbWMVHGtaN7y3enY/cPR/+CIfwv8PPHd/Ff9ojw/pCxoHureLUdMRQU++qs1zng4yQoJ7fKQK6LVP2Mf8AglP8LLK9Hiz4z6J4k1ODT5xEr6yAi3cUZMZIgLq4aQKCCPmBxjGQP5aPFP7SPi7xC7tr3j3xXrNxLks93rV46sMEdGmAPv1447A14zrHxUMyvvnnuC+4DzrmaTJznPzsTksSMkZJx0IBPdLirhzBR5qdLDxktFClh8JTj7ri9ZThWq20V/3ibvujKh4FeJ+etf2xxrm6jOSnU5auMc2nypqHs62GoR0b1dFrytv/AFbfDf4sf8EofhVosq63Y6R4g1u3nn2iLTRfl0WQiIxl12sCgBBOScjIyMVyPxN/4KL/ALDMGseFb7wB8Lr918I3y3tpb21jb6baXLxtlPNEaMZBkDO44IyORmv5UYviPcsCFVAo3AHlgeehJ+6eh5IOACRkZDD461C4LbXYSAZ24wpwR042jjtwCcHoOfNxniphub3I4enB8qjTt7kUlFfCnGN9r6bvZ6s+hy36H2XRqwxOYZtxJmOJ5py9rWxzjN+1fLNOcY+0cHGTSXPblet9l/V/rP8AwX2vbG3Nl4L+DuhWUcamO3mvnRpNgUBCf3QOQBjAJyTwecV8++Kf+C5f7RniFLmPTk8M6AsyMiCC1jd40IICo2AVIU5JxxtX5upH8zF/8QtTWdYXkeIr827B3cnAwezZ4AJJbAwM8VgXXjTWjIwE0o342sGILAjJxgkkjPuACABgCvAq+J/JU9rRjQjUvzcyo0+Z3afxSu23fq772tufcZf9ETginRjSr4HEVqaSi6eKxmKqU+i/hqpGFulpJ3Wuh++3iD/gqJ+0j4khkW6+KM9jJI4BhsXEClGP3UVWGMZ9RnAxycVzx+Nv7VvxLtVn0i8+J3iKykia7mu7SLUEtTEoy7pMwSFowOAwcqc5Oc1+IHhO88ReINSS3h826kW5i+Us4wVkDgBjgDJBzjsTnJr7y8Rftj/tFaVo+keDbDx5rHhjQdN0qLRodI0URWKSW8aBD5skce6XevDSltzsc5zxXg5p41ZvQg6GHxF6s4+7T9pyppWV3yWf3er7HvUPoneH+GnQlhOEsiqJaVq2IwVNypRi1ZwTg3NtvZyVrXPrzw9rfj3W5biPxz4o1Pw5BaAvcnWNSb7VsXIZHBmIjPBzwD820g4FeNfFD4raBpesPD4e8UT6rbptjJMryJvVQHk3GQkhiDgnp0FfIviLV/HPiLw/qWs3+sXaCWEyz/aLx/Nuioy0zsWGSwJyRjdgnGK+XZ/FV8MQy3Lyfwl2csTjAwM8qAQuMk5HUd68LDeMOe4+lXSrv2kXyScatRqMlZ9XdyTdtUj6LAfRj4Qw2M+sVMHg4YeNuTDYfL8PRineK0lyuetla70Puy7+Ostneid4/tEYUAN5zZ5J6ZOSQF4PUAgZzXqXwm+NkPivxlpmgLa+Wt1I0hYsCQ20ZKnOBnlSeR6YHNfmJda7Oq/8fDMrqhyM/eBwD/sn6jBxuOK9v/ZcuJX+MnhhXuGKF5WKiQnkrkZA4xyMAnHPXIGPKqcaZ9jZOFfF1XTqyUXHmfL77Sa813V2/lZv9Kyrwd4HyrE4bFYTJ8PDEYerTq06touUalOUXCSsle0rO/Wy110/VfX7VFlmVFyxncfM3ACMSCpySR3GCQOoYjkYluFjZBgk4JO0EqMjJA3cEDHfuMdcit/X2aO/lKHzFDvgnBzuY8gnHHdhx7CsRZQMliyqCMADA5xlsDnk8glep9Dg90ITlTi5O99W7K92o2Vr3trrbq002z9OnHldr2taKVrXSa310/Dbpc53xQxOnNghRtyRj5iMnKkZXgjBbGPfg15j8OGQ39+hQbTcuSB3C7gMdecenUHpnOO/8Vy7oBGvBKsxJJJIBzjHv3xgZwT0LV558PXC39268kXcgORwASckDBPAycnPrWTSjVSd9eXbdtclo6RvtdPfXouuUbuTs3ZW23+yn05fXbu9lb2K7hQrxklwcgn0PPOeT0yuemMgmspNqsodVCsDkYyxI4Gc9QSuB15zjtWhNKBIiqN2dxz0wecYPPT65P06VZJQnlkhid21gAVzuY+hHGe5/Tg10RUlZtrV37b8qSu1e2u3m76oqbtFp6uy1bS8n08mr3u0tGdt4CRDr0DFSv8Ac5OGHOCfc+h65wc4FfRt3Iuflfa3lKAreoAAA9AcjHXngY5r5q8AyhvEEScLtb5SW5zzyc4wCc8HjGfWvoS7P7wMWB2jK+xIGBkBj3xwO/oMV6WHd+XR6SSu9tOXfR691b77WfDUfKlrq5aLTXX5bLrfe191bKu2/eou7JK7SBwMkct64B4PHU9e9dPoMwVkQpu+dF49Dgn/AGjjsR8w9TgEcXeSHzRjqCSScnB7gDPO7P0xz7V0mgzPK8IDAbHjG7bgkZ6HPJ78noCMZr1KaTjvZJ2tqld9rNdtX11b0ucspxknu29Vp9lct99076adelz8x/2h/iPdeCvjZ4ktoTLskSCRVHKrvU84wOQQOT0Aweck+ep+0TqpRQhkwoAJVQuTj5gRkgE45zjGOvXEv7V9sD8dtfMpLnyLQsoG8kbD7HGOCeh5A6VyejeFdOurA3W3y9kQZS2Fbdt5ZtxGBnkoN33iOOp/KeIONp5PjK1GeNnSSqyhGKm1e0lorO7127q91q7+nh+H8sxVOM6uHoyk0neUVzX9290veutbtr5XO2H7RWtGIeW1yDtAKmHjJ6jPTp0PXvnIzUH/AAv3VwN7C6AfJJRHJOQTjB4B7Y6HuB34aCHQbaYWcrJM7yiORl2gR4JVgMkLwDyc8kdicV6dZeHPD11AY7dIpCqjK4BZQ24gnB9ABnP868qjx5iK9nTxdSXNytNydlfl7tPp5rr3v6mD4JybFTUYUMMpLRJ04N7R+9fJWtvdGOvx01TljDdENknIcEnkcEDuCfTp2qaL416pKVVtPuW3kqV+dSw6Aj5fyJHB6Ac1vt4JslQCNIHGFOMKzqD0AXuVyQOhPHUGqdzoUdsFjjWJSjFiTGu8DqCc5wOASSeBjPHB648X4+fw4merSXNLty6bK/orW+5npS8OcvSV8PRSWqtBK210tdvlo76LcT/had8QuNNuyzggBo2I5PTIzzgHp3AHBqlN8R9WAd10ibgcEGQlSQMEjHPIJyScg4wMHHMavd+JrIySWUdvPDbH5AkQDsBuILAjqeCvrzyTmvJdb+KPiawV2nsxbbHBUbCAxJAbKlduMKDyc9TjOCOiHEOY1rKOIl7ybsnZ68q300+d7eRxVeDMpw0uaeEV1d3dPRt2t0dk2na+trPdO30H4e+MHifwvqL6rH4SXWfNjNvZRagjS2sUzrjzBHINodeoJAweqnHPnXjjxt8SfGc8susWy2cMUrypb26rDFCGJJAVcbgBgJjkYwOADXg2u/GzxFqiR28Uv2RIWR2EZAVimCCPl+QgjOeO5zXI/wDCzPEj6lHePeTSqCqyRSs0kWzplk5B9jk9M8HrCxOIlU9rOrKVRqznzSfuyte6btslotXq9djZ4PLadJUFRXJHl0UIKzaV3dpS6J315UmnbRP6TtPC/ji70d/EENzBHp6KuFmugskpUtwFLbgCQ2wA5IPJzndwzeKdahnmtpJATFuCnqSwySEbk4ycDOQOAe+fLbz4h6lIDbpqF39jkcO9uJWjj3feIVQSAoJwuBwCBjJyaTeK1cJ8oYs24k8MB/ECxyTkjjOOnoa3jjcWrp16lrc3utpJXinu3d6N+b3Ry1suytxXJh4XvrzRTbbtd/Clr9/m9beu2fjHUliluA+0OzRAsPkZkwCABxzg5J3ZwQfUyr4x1FWkVJlwAC244A4/hweq56jGSQB1482/4SjT3QW/lLHCg3qEX5vN53M+OoLcjAHOM4xioT4isGJcIMshBAGwkY2g4yDwfXGOnfFaRzDFJ29rUWy+NrortK/Xr1d20tjjnlOX2T9jRcbq65IPV8t76X7+b+V36mvjbUICri4G1m2nliTkdSCM4z7cDkZ4FddpHiLXb2E3EKSyQRgmQqCQuM4IOcZx2IBGOhrxjRZNM1IkPMEUEHJfaeTjAHJB4Jx265ALE+8eGtFdLBodO1FkWbJMZIbcpGN2G3EZznHHXHrTqZxmFJLlxNXpu3fdO++r0s76bLpZuhwzleKbdTC0HbT4YXeq272Xn08rOKbxtqtlGWcycEcSMSQSBwVJGD3xuwcn0zXe+GPFV1qNnHezGdogwQohOBt5MgO4jsehwQcnBNeUeI9DvbOGeW7kBUAkHBU8A4bjgj6j8Otdn8OLA3mg4E5AUSsFV9pDBmAJ5J289CDndntUPiHMYUnJ4qo9VrzXbWmlm9kktE+1tWr1T4OyaVbkeApWVmlyRTeqSVulr+fySbP0V/Zz11L/AMLeKxHI7BNQgjII2sMrnBx1GCByMgYGSRke3Ncs6iNiQq9uMndwO2O/YYGMnBwT8tfs0W8ln4Z8Xlp9ytq1uuQ3zZMPPb0A55PU4Oa+jBclFUu2cnAU8nkcHjA7Y5BxkgD0+kynE1MXh416s+ect23dtX79UmteqsrvTXgxWBw+X1XhsNTjSpw0jCMbRSvFt6WSvder3srDruV0+6vDKUAc8jPXC9SMc7eMEgd68w8Txu+r6G4c4Fz8yqemDwfXJx0HpjnrXfTTM2W3LwT1/E9M9MYI9+wrzXxFKz6rou0g/wCkMzcYyuDg9SMgcDjrgZ+YqfS5lr3b66JbdfPv36HNJNNeVlZ6tu0dr6NO/KvO616Q37ldSh3AgG6iJ6c9CpPU9/vY5/AV61boHUTAYBAVSeTjGDgHPJ6DsOfavFdSY/2jAzZf/SY2bcSN3I57kBOMse/cd/abaTNqmAAdgZSegUAnBJwAc8D1GOc5A6sI2qknZqyS7K65bX1XfyWjXmvDzRKc6UZRT3s7O7218vRvZpPXbmfiDqzaP4D8WX4Zl8rTWKsAAyncAH6kqeeTnrzzkV8B2fxiuYUTGt3UciRAoolf5h3AAY5IwOOe5Oc19h/G57hfhN43Ku3mnTSAFP3gxBC4B5GBnJxhgOuDn8V5r+/tJGExYMF43KcgEHp8wHJH3R0z2Gc61OMMwyKuqWCrzpxnHmklKUOqvrdJaX0/zsfNZh4acPcWU41c4wFDFzjGUISq04TlGLadryjs7t7d15n3/YftC+ItPkMln4kuFDEfI8shAcDjlWwASc5LYU9+tepaH+1h8SdMkWS18Z6lC4YMotNTnjzkdcK+MngY7EjBx1/KWy1m5DMJXdcMflViAehz0OO+cYxk4wCM9Jb+MbqIJFGio65yxLZYnPJzyPTjrwcAjntpeK2f0oxSxNRvTRzct+XVr3lZpJ9vOx8Ljfov+GuZyk6mSYSN1b3cPTvvHqo726LXTS99P2k0D/goj8dNBVFsfiV4ltNhViratKykLyQcsSRnkhjk55Ckgn6H8Jf8Ff8A9p3RDCbb4jXF7HEVULdzmfLKSRuDZJ4ySeSM5GK/nbi8TSXEkjSO7MMADcQrMTklQGOVHJXkgDggZwfvH4OfCn4QeOPDVpe6x8Sb7w74hkUvcW0tsPs8e7lUjdnHB3AZ5Ax6ACvSo+LuZTko4uFGpF6P2sINNqMejj01v69ND43H/Q78Ppuc8DhamFqLVPDzq0mtYraEk1vvt2skfuH4G/4Lp/HjQdSaXXW0TWY5FVpftthHMpU44ywYfNk46kccYUmvrHwz/wAF4/DGsso8ffBzwlrEZQJcSRJEG5G3cYzbkMepA6g5/u1/Ote/sv2oV7jQviZp9/Yqp2F5YhKxGSpKmQkqTjIweh68GvIr74Z+L9K1FoLTWre78pSCy4Cuq8YG3gg4BxkE4OQMAV2R8R8qrSi8TluElJ3anDmoT5fd1TpSg9NbO677o+erfRMr0Kbp5Xnmb4Sle6pyq/WIbJL3cUq0bvRapp7vuf1yaf8A8FO/+CeXxLRU8c/A3S7G5lXbJNHpVtJsLEkuCFVwuSQRxt6knOB0EF3/AMEi/i6WVXt/Cc94u52Mn2JInc7tpCA7SCeARjr8uPlr+PRNL8eadJIWgd1jJIkhDKO2ApHHJwQB8uc88itOx8SeLLJWLx6mqgneYi2OOQd+eQSCTk4B+bBwAPosBx1w7Uioqpj8HPSzo4+pKmtt4V3OLV9bWlte3R/nWffRe48wanPAYvB5hBaxp43J8NGU5aWcquDjhajdtLqXndbn9XHjr9gL9iDxJbR3Pwy+OWnW7X80cUNrJf29wIzOwUg+bIjL94/eXGMZIBIPL+Iv+CH19c2S3/gf4jWeu3F1bpcWqxSW0glSRdwYvFKxAIYDBB5HHPFfzJaP8Ytc066ULqurQlJPmH2yeMowIAIxIQNpGTwMkckHOfrv4dft5/HXwaI18OfFPxVYCDCwx/21dPEqLgBNrucLgBSoBJ9+tfRQ4kyjG0oQhjsNUdneWPw2HrymrRSi5UvZSVrO7tJv1Py2v4V+JnDlapUrZbmFanNrkpZJi8dgnhpJxcpwjifrUHe9rN2SvZLW36TeKv8Agkf+1R4URDothqN+I9xLaVcyiQhSSMYkABPGCcHc3evENf8A2cf21Ph5HLZW2mfEuwhijkgmNu15NDIhcoykBpFZGyQfY/M3GK3PCP8AwWM/ao8M28EUXjlNcEeN/wDaqJcu/OcFmOSOfXkEHjgV9I+G/wDgvF8S9PtorXxt4I8O64N8ck0qwQxSTKGUnDeXJtLd+OTwR3rRYTIMwhzYjLeHMYrR9+Ep4eppa7tUhUV72Vm7XVtmKjnnibw/zLBY/j/LpJq0KsaOOp3928XKliMNU1vrK3na+j+Q/DfxD/a1+EkUGkWN54stI7Bze3lnqOk3FyqNJyzFDGT8+WyDtHPPG7EN/wDtc/FTUPFek6n418NaTqraXIHZ59PNhLMxOSJmePhnGWbByDnpgEfbHgf/AILHfCaXx54n8U+OfhdYX+n+KYYIv7KkS3n/ALN8ohHeJHhACSDJIGCB1PcfWUH7bn/BLP4vWdta+L/hlpOiXt3j7Vcx6Vb27xs6jcwlQ8bSSAxAxjjnNfO5xwJwRipXhw5Gt7RQdStl9ehKalKMXKLgpUpOzbjdaPsrn23DPj/405M28w4qxGGpUZNUcLnGAx/s5wjJckpVIUMRSg5xs2nNct7J6XPibR/+Cgnw6maCDxZ8HYojFbJDJcaVOs2Qq7d6IFADdwoI6cbTnHkUfxp+AvxC+OUniLUp9X8K+FJtHFuPtVrhYrlDyjoFICZG3Kg7hyBjAH6dan8Bv+CS3xWsJJvDnxBg8H6lOdtuw1TyfLaQDJ8ktj5cg43Y4HpXz3oH/BLz4R/EPxzr2hfDn4+6HLpdrZpPo9xftaNHekkKIXdpssVJJ3qGI5OCcg/E4nwT4JxNPEVaMc4yuU4yjU9rSrwVOnLlTlFyjUhKza0U3pfTW5+o5f8ATW8QMDisJhcxfDucXqx+rLC1aU3VqxtaNS06NSld6fvIRWmjTVjJsfDnwB8Z3Ucng/4l+FmxbHaupzLbsrldzJ+8ChWJUrzzkDqME+JeFfgTdeIdW8Z23h+20zW411MpDNZ3kEkdwDIxJg+cZOBuyOgJG3DYr6H8b/8ABFv4/wCh28UvgnU/DPi62UFhJpl6sU8mQNpAiYHcQc4yASPevlvW/wBh/wDbI+C5mni8IePdGiEju11oUl1IkkijBkUozE8Dj5ScdxkmvjK30ecPWVT/AFf4zw8nUiuSjjJUlNapxWlSEk20k04b7rc/Yst+m/bkfFvh1mGFjRfNPFYJVJ0JxtG843pzhy2tp7Rr8zR8Tfs2eIrHxj4atZPDd2putTsYwEhklgAOBtaUKURiR8vOB3PU16H8dPgTDoPw/wDGFvfWN3Bqa6VczSRtasDCqKMNv2HCBeTyAejfwrXgA+Jf7WPw2exS51nxpNPbXMNybfxDo892qSQHKFpJYwvG0gZYYB9SA3qOpf8ABSD42Xema/4f8beB/Bfi221fSJNJumutItrO78h1CSOX+YiTA6gEqeQQADXyGb+APi7l1XB18BLCZhhKEoupLD4l051IKSk24zio25dFaXfZH6pw/wDS98CM/wAPiaGLxWIyzGVYNezxmGT9nUcUrJwk3o+vLdWbscf8IPhO958LvD1zpLecUsl7mIu8zAqyrgbu+TxgdOMV5b8TPhh4k0Pxt4T860lS5vLq4WNzGZI24B2ljncAMHJ/2RjIBP1j8Nf2/wD4C+EPCfhrw94t+Aup2SaXH5F5qHh/UxcmRGfc+yEKpBUE7VBIAJ5HFdb8Sv2o/wBiD4o+LfhZq+h+IvGngZ9H14XGt2fiDRAbAWkqhZlMokfKKQCTjnIOOK+IzPh7xgyXF4hYvhrMZ5fF1HGVOLrJ3T5FH2fM2r2V+i76p/rWS+IngnxBhsLHL+KcnnjmqXNGVaNGe8ee8Z8lmk3u/wAT4l1vwXrltYJNNp3muwuAHhj2yEbSCcADIxkEE98dK8P8A2EKWfii2urWe3kivwHLKFO9JGIBQjqAQCP4iOMdD+5uj237KfxO1DUI/DP7QXw0+xuWFvZX92NNuh5yfdXzEURvkFQcj5unbPxfof7ONxqvjvxvo3hwWPiHS7jxURY3umatp88V3Yxt/rrdluA0gweB8pYnOAea+fyzi3iKjLFwznJsxwX1eEWlWwlaPNqoyS54r3la9769NGfd1co4QxjoVMmznLsUq11P2eIoytpF392Uutk991Z2Ph68hiuEAjuC80TFIU2vG+cAA7kUMSOeuA3GD6dX4NufElrqGrmz1HUoGh0+3S3Md5LHEC5xtzuBOP7uNq54BGCPvPVv2NNW0TW7OO60TxCbS6QiOe2s3uVWY4IWQwiRBjeckuScfiYG/Z0tfDfjrU9CuDqc7tpukMA+nyRCI3sxTE2QuxcrgMRnJwMcYmt4kZbTjV9rTqRqQpSqSUoSvZKK2aSu7t2td29bulwRPE1oKjWoOCqqEJQqxad7WbUXbRNyd72S7Xt4Bp/xT+Lvh+7062tfE2qJmPMUVzdNcRoSqlRklhjPUFRxwcAkj1B/2lPi3baV5WuRaPr9s+s6bam21CwguIZkMoEhdWUFiy4Bz6dCBg/Req/stQ6bdpcSESvFaCYIS2Y0CK5LZOOAQCM7hgg5zmvmn4hfD1LbW/D+jWd3AHvNYLBIGIiR4UV13OQMnOcZySQeuMHkyfxGyTOcQsKqPNdSlJ1KUeWMFFN6tNO9pO93a3fVd2YeH+aZXT+swrRn78FBQknKXMo32aXNq9dFa/kdFH8WPhT4yl1C28a/DNNOmtmcJdeGWfT0ycB90SZUqpySOm4nkgVduPDP7PXiXS5YtH8cav4Xvna1jhtdasPPgVnYAxmcsDtBIDP1wSW4Ga8ri8K6xYS6rbXEJIE0qeaIt25gSTycZA+8MYycAAVl63okltp0Je3Erm/tt7eWVKx7gDhiqkAfNycY6jABFfS08w4bxLShChGbdla0W2+S17N3d9ddrJ7WR87i8kz6klNwrpOzcpXejcb3TUknrdq6002Z9B2vwAnubaSDwp468H69bxGOVHtdSWzuyV27QInwAxAHGTggdDgj3Twfp3xu8NWFrYiw11o7dSlhc2k1vexyKgMm1TDKzuM5wrDJPp3+EIoP7PMpRLlEaIsGhuHQg53bm2MmACRjI9Tg11fhnx/4r0H7Fc6P4o8QWDRu7RKL+Xyw5BUKFd5O4yc9DgYIBzhnXD3DXEGEhhcdShUhFWUW4TSvZfDK6bu9lrbvexnhMVnGVtyowfO0k3KMotuyaTs7JJpvbs9j7hH7THjXRdWtdI13+0p7h4JFns7rS/MuYlidVJaMI25CVCkMcKCSQOK7DQv2jtBF1LLrnh7w9NBebg/2qzS1v9obnao27GAGQCenFfmXF8UPHY8b2ur6h4gvJrz7Lfbp5MXSyIXcbWBUgkgkNnOcjJ4rpdM+N/iC/ufs2saN4X1SGKdv39xpkcV3JHydrTL1LA5JA4ySQe35Njfo48H5nN1MNGnQcqqmuVcju0naXJZctnbd6+dz3sP4jZzhG1Wp1bQjFJRnJrRRTTjJJ6rSz0v5po/TqD4p/DbUta0aSDw9Lo9vcys9tdabfvHBJhsSkRCVl3KQcsPmDk4AGa+T/wDgpp438PweHPg5H4Zn1DUWj8V2N3Jb319NeRRXSSqYZZ4XVolhVgGIYgbAeuTXig+N/h621nREu/A62sdvDcsi2N5Iis7yMhmgQDC7c5wDyx/Gtbxn4g+HvxW0fS9J1SXV9OlsdZttQgNxard/6lgSjyMcmJ8BWGQxA68ivGy/6O9HIOJsHnWX170sDCbVOMvdnKUOX3Va+jk7N3ta+jNcZ4kVMfl8sLVp2qTtLWF3BScHJaK/vaa20Vl009o+IutftBt8K/EniyfxL4U1LTbrwTZpeaTpt4LJks5LZEht4EjKCSZUwjhFJDdyc10//BKj9qfw34Esdc+Hfjj4ZXWorf3C3sGsRwC+WxhklVbmOcTRMzq7tu+Vcnvg81yl34u+EXi3w4fA2o+MYtAmtbeOKdDpTQxyRwqEtwwV9vlHALox52n1INTwF4R0zwbqFv4p8DfErw5qGqQsiW8SyrYIVhcMiyxFdshOACj7cnPJ4B9nNPD/AD2pwxmeE96GPq1nUwsqcpJKUUuTn+LmSi2pRkmn0aur+ZhOLMv+uRo4q6wzpxjUk5TptP3XJRkknGSd0r3vbXsv6Jj41/ZZ8cRrbalpXheM+Wu611rw8keScZGXt1wedpJJ4PLADNfJv7Qv7Mf7BfjrRLq41O38AeGr5EZm1DR9Qt9GmiyP9ay5QsVOSYz97ock5X5SPxl+JN5BY3Or2HhzVZpWWJRpwsJvN5wTIoeNicjktyeDjnnxf4w694R+IVnHofiPwVbNfiUm/WOGWwZlAJI8+ByG4JJOAT1Oe/4vDhfxGwc8JgqkJ0adOqp1sRhlUg+VSi1pGSSm18Sa7qy0Po6GYcPUZPFYfMsVNTUeWjOtGpTeztqnK9k77uy6OzPxV+OUtn8Ffi7470j4O+PrnXfCtrPFZWeoaWv2oXBeQCK13IzF4TuCmVck4bPPT9ePgT+w5+1Z8SfhT4V8fx/ETwt4c0/xHpyalDp1zEDdQ2kqgqJwxGJWUZZcAAkqVzzXzrpH7LPwHvPHi65HZaxpNvAq3Emk218/2aSRRujkkLblfy2w4U9QMHDHafvjwz4l8feGNI0zQPh58UbptLtZ90Gna8A9pBGTtWCHLELEoyqADgZxgDFY+KlTHrAYWjgcsniMwjTjCviq9NU5TnGMUuWcqclL3rtrlu11Z9zwnxVicOpRwGeUsBFTUlGrzTg43jokpJc22va9layPOPHn7Dn7R/h/Qr+9tfE+geKWsbGS7awtF8u4v3gXfILdTj94qqxXJAY4IycV+aOn/tEaB4Z8ZX/h7xXqcllf6ITaalbT5+0WFzG5SZJYgGwiNxnOG4P1/aW//aK+Owv7nwvqFrb6/DFZATnQYokdoZF2yP5i5K5UsAwY/e4GScfDPx70P9mHStU8La7q/wACvENnq1/qlrP4/wBXl04yzavbXMubkPdruKs5JKsQp+U4GOR+QcG4jFwzHEZbxRllSPPZUK+GnFy+Je61GMdHK7S5VKy1Xb9UXiTnuDw6r/2jgMbKLfLKC5Vpazl7zu201Z3s3qmeMn9sj4faJbpa6JNe+J7kyGVYiWW2UqAxO/auFweR6tnrzXxb8bPjxrPxB1W41K5uU06IzLLY6XC2Y4Ihkc4KlmwMcgDJGOvP9TvwK8F/8ExvE/hfS7ex+H/grS5DAknmeINLKXhEkMZeK4uXRQzht2WUkDgcnGet8Wf8E6/+Ca/xeiuTZ2HhvTri5R1jl0HxBFpvkuxOGEZcFVGeg7YBxzn+j+G8JwZl18RRxuAnUilKdOvXiq9J+7eLjVS5ZK9mtLPZ7H53xD4x5/m8FQxWCx1GN3G+Hw75JJ7NuLcmvNNu2tk7I/h61PxHqeoas16k6Tutv92RRlFUkFkQgEn7pPc5wQB1948C+I7vVRpq3waaKO2VZHRChikH3N2CA2CB2z8uDyOP2Z/a0/4JC/Cb4V21x4v+D3xS0u6ZY5RH4W1S9t7qS4LAmKOK6WZnLEAAttU55Iyc1+cNp+yx8RPD8umv4nk07w5oWqlZLrW4dThlttMhD4UzDcCMkAkAAYHQZyPaxmd8NZxahhsTQdWm+V04zg9Y8tuVJ2klrrG6d7XTRWQ5rjpYeWKrKq6VR2vUjOL+y7tSV72ezV9W7uxW0TxX4kknhnt9ZntbbS54VlMk8oX7MjHcWjLZlAwPQ5GccYPE6n+2Z8evB2s65aeCfijqlra2WqtDpVtcoZLXZsUMdju2ACSqLk9Mj5VzX6Ot/wAE57NfDHhTVtI+NXh7X7nxJDHdRWMV1CVuhtMi2tvJFKzyseFzIFZSORkA1+GXxb8C+NPBfxG8ceHH8OapeXej+JZ7G48qGSe3QKSI/KZFJYMoB4AJAHIPJ04bxWDwmMxa+sYeDp0ou85QVlzxvdvbRK7u/noz5zjzEV8ywWHWXwnUnzP2ipQk5LTm25FJqzV2uuup9Kaz/wAFEv2t7FFGqa74a1yNnRwmo6DYz+fh8cswZmBBGcnrx0xUHiH/AIKS/FS/06BPGfwL+Dfi8RGNhcS+GrCO4CAYwWjjyhJySMZLcjktXx81pr0lzanUdJvbTyjsZbmxulOF5wA8GF/2WHAwCORmtu3ttLv7ZoLuGS1CTMgBXDSg5JXDAMc8BQTgdOua/QI5/T5Yv2uHrwbi+eNSMuZ+75280/d2Vt0firyrOHzudKtH3btzpT6JN/Etur0VrO1jw39ov4keHPirqB1vRvhVonw21OZ/teqHQZWFjelwF2pbBRHAMnop9uhGdv8AYE034Y638XPENh8XYXvfC0Xhq8khs0ZY3kuDv3bSSTvAG8ZOSQMFRVH4geHRZaT4pBh+z2/2eNrVWQF8Aghi3YH5sY6AYJ4Br5P+HWu3mi+Ir5tPuZbeSa1lgeeJysiB8rwwweckcHGNoB5wf0zLazxmGp13GynGLjbbaK20uvub0baW/jSi8PKcJr302rW0btZ6a3/ms2tW3ax+nOufGH4H6F8edA0HSPDtxbfCDwzr1k0sMDCPUL+2XC3Xmgblcq2/k5DA43c4r9Q7j4e/8E4/iDeavrslt8QPDlrqVhBdG8tRK8F280e8EJHH8vlfMMgY4wOoFfzIaleXMev2txczGaY3EBEkjFic3CDLHjhhuDDGeg6nj9cPhX8SdQ8MLDJNq9k9hPodmi293EhgiDQAGO3V0IMhbIHBxuALZwQ62W/WKkI05ypO6cpKSgrK103Z2u2790kurt5eaZhGhhU3h3VbdlCCTd3FpJpcqvrur6Wvd6H0h4/P7M/7PNxqXib4Qa9rni7Tbjw9HbS2fiJJrbUY2eRf+PPenmOuepKj5SfQivhTxt458T/GPxpout2VhDPomlpClnoyzGV4lch3SZiM4IG1lIJJ5HJDV79d+GvEfx78X2FrofhPXvFF3dRx2kOnaLp01xAyFiI3keGHyELk92GP4iOBX6jfsy/8EdPjV4lli1fxfb6f8JvD120bypcxrPr0lvlThbTJCSFchWDAjgYHAr76r4iV8m4PpcI5hncP7Jo1XX+pRnGdSpV5lNLljeU0nqlKyXba341hvCDC53x3V4/wORzo59XwscD/AGjVcowoYfkUH7NS928opKTVv5e58MaP4n8Zah4ZWz0zRNH8OXsVjb2VqtrCsV2kUIXaEhhAkeVmGSwUt1zgHJ9N+C37AXxt+N2vy6/pfgHUEj1oINa8V6/JPZaZN285DMqSSmMciMqRkZwOlf0gfDL9h/8AZU/Zi01fEHiVtH17WrOJXufEfjm8il/eRKGEtnYzPmI4UsECtzjBxwOQ+KX/AAUW+FXgiOfQfhdoUnii+tQYYbiCOPTtAhKjaPKMagSorHIVgDtBAPPP5vjuM884nw9PLMowVWWFpyUKbqQfLFaJSa+FNrVvmS8rn7Bwx4QZHw7j6+b5liXUxuJkqldRm48821KzlrKW1tEk+58xfB7/AII6fCfw7La+Ifjbr1z441C1SNv7MV/7L0C0eMHEU0pG25gUfKd+CVGcAmvs28+J37K/7L2jf8I94N0nw1FcWcXlro3guytJLoyKMKLm9QO25iMyMJMg5Ix3/K74nftdfGL4tz3FvrHie403RZWYLo+hk2cARs4Sd4iPNIDBdx5Y/hXhMEl1KzMomJb5nnmZpWkYkjczsSSWbJJ3DOQOhGTLfDDEYyUcTnGLk+a0pUKb1WzSenKrK6sk1o3fS5+oviDB5ZS9hl2HhFwVlUld62S0Wr9OZrfurL9B/iN+3X8TPGCz2HgryvBekTB1QQkXGryR7SARcMQ8TkEE7cDAyK+OtWu9f8U37ajrOo3+r38rkzXOo3Es8zOTuLAEleT0AU89COMYNhppu2RifKuQ3ySJtGTnOc7sADr904AwRgjHXafdXemXC2+sxrJbOyiG/iTdtAP3ZAAcHGCDyD0PHI/Ssq4Uy/KYKODwtKEkleo4qU38OrnZ2bd9Y6Jp3s9vlsdn2Nxsn7avOcbr3U7R3ikkr22d7Ozvr3KMPhuec/vwNpOQU+Qr2AIA4ycZXgDOM9M9TaeEpYo0khY7oxl0HRgdpAycZz/EOg4GG6nW1DXfDXh2wn1XVtX0rS9PiTzJbnULmK3AjwCHCOwYlgCcKCDwct3+PviZ+3x8H/BPmWXhYX3jnWgTG1toqtJZ+aPlUG4TODkDgDA545JPv+wkkubmTsvdV9G2rNWvd23dr76vc8adbmadnd7btNe7fS7Tum1dWVrrXY+zobFYo13IUYEbz5Y2IoHVuCACQd2crk5PAOfN/iB8Sfh/8P7ObUPFHivRtKSNS7W5u4WupAvQCBHZ9+exTrwDjp+XXiX9o39rD43XR07wVozeCvD12wVpY4jHdRxE4BkvGCuCqDJwOD0PYJ4Y/Y4vtauv7f8Ai34w1HxDdTN5k1tJeTmBWJ3N5lxIwVVyMfcAxwudorso4OrUacVyrRuUrxVr3v1b3vovNHPKpGLu5JNK2j1vZeaT5bd3otl09G8fft5Wl9cy+H/hH4S1PxTeXW6OLUZ4JDbiQt8ssKorAkMAQTsHTt08tX4dftM/HqQ3Pj7xHd+FtDuyCNMti9uTCeWD28ZAZgpAySM4yMda97TVvgV8D7eKxsbfTHvoY/LS10iKK91CUgYCyTLkhiwOWJBBPrXnPif9pjx9r0b2ngfSI/C2myAo2p6mEkuzEDjzEhwfLIBBGMnnhcAmrqLA4P3sTWvJW9yC0draabvu9urdy6cMTiGo0abSlyrmcdNldq611b0Su/Lc7jw1+zL8DvhVZRah4uurC7vbQec13rF0jTTTgbi4t5svu6Y5O7AJ5OBn67+0X4e0lZ9F+Gnh+S+khJi+3NCYrFQPkDKFQCRRjI7BcHAJy3yvq99DdXD65438TTa1eoWlLX92UgHO8qLUt9VA24IOMZritX+NXh/R7WX+w4omdQ5MnEVuhVccMQOG5wfmyfm77h5FfiL2S5MJShRhLR1JJX5dL/Zbb268ytdX0PTo5PflqYurflSlypvVLld7aaarTTftc9S8a+JPH3jwB/FPiGW1sFJk+w2zG0gROMglSN42nHcEgntmvJ5tW8IaE6rZxx6pfR4DEMZEBBO55Gb/AFjBs85yeBjkCvnjxf8AHyXU1Kz3E1wwJ3WloW8oEtwWwQdpwB3yOuckV5Xq3jXXNSjSe2jfSraXau2JC1zIDhmYMoyuCf4sZIwOeD8xicbicVN81eU29Xq7J6dEt+/RLXzPVjUwuGhajRimlpJq137utrfg7bK3n9SeK/iStrE5k1q30aAqxW00/bc6hOhGDHGvOxh0UE5Xj8Pm3xT48e5Ak0y1FqZt27U9ZmN1qUhJ6wQMSLZyCADkjnrkGubstB8XeJLuG08OaRd3BupFEl9Ojy3Dljg/vHBWNSM8DB7jPf6h8F/sh3VxINR8dakYlWJJRpdqWnvJ9wz5bMOIw3ygt7nGACA6GBqVbOd4pyUU5PTdOTv18tevWyvz1cdWqRtCNulldK/u3em9tX0Wup8Va7fajfQbgsk8qLnFpG88spbqZ5ApVSTk5yRg846VsfDz9nvxz40aPVYNOFlaTTeY95q2VijjY7nKK2BIwB6HKnaRyOR9/wDijwj4N8H6LYaXa6Rp2h2dxfQJJcXhjW8ljVlDvK7EsqMF5GW3ccfNXKeO/wBof4YeBrIaZp95L4gubWFYl0/SyEtEKLgiWRdqtls7mIIAzjjk9T+qYedpyTUEm4ppJvTdvVryWjtpqtOJwqVFFyejs2mtLXVuZvTXTTayutTgpPgpo3hPSptko1PWEaNS1vACIiAWZ1ODGoA4ByMAAHrVCHxB4d+H1hJLr3iT7JkNK1rDP5moSDI3Q/Ix2g8YDBeT19fCNe+PvxU+Jk76F4F0a5tILuTyFttFtnuLpw5KA3F4E2RZUYLSN0B70yw/Zo1Ygar8ZvH9h4OSaMzvphuU1bxLLH94qLWN3RHPcbwBk8ZANcuLz+nRp8tK0OVtc32rXVr21b0S/wCHdrp4Nt+0ekYqzlJOMV8L+Lrqlqltp0LHjX9q26W3n07wFZJoUT5RtSkzNqtzxt3AbSyM2ARtwMjII7/VP7H3wL8Z/HvQtd8S+PNT1CHSJbuAafNqs0iyXshw0jIsrqVhAyB8uCpOSea+bYtP+DfguKNfBHhqTxDdynyJde8V4fneqG4gsZCUiJOSpBwAQB1AP0Vof7Qfi/wj4ls9K0qSO38P2WlaX/aFqgEVjGJdnnSQRjYCxywG0E4JAO0fL8Hm+a5hmmExFLBucaqStWlpeOzUIuzTaej9H3t6GWYvCYbG04TcalNPlnGF+RXS66Xdldt6LXpc9F/aD+Hfwa+DtjpXjHT/AA7ZeJPEFjqTaFOt0o/sqGZFIWQwcrK5Kn5s5buehr4X8TfG3xXrkb2U18um6SjOIdI0hFsraJMkKjLFtJAUjPtnucV9xftcXMPiD4KweIbG1P2e78TabcW8gXjdcwM42nqS7E7T2B5w3B/Pv4e/AT4ufFnVFsPB3g7WdUkkZS92LOeOxhR+FeS4dEQjnJC5wPfiteF8ZGllEJY6vH2tOc1VnVmlflaj7zbte2y9fNG2dUa1fMHHB0JOM1GUI04S3fKt/O3q00ziX8UTznBkBQM5XPJB5JcuxJLjJ+8TnHI5JPQeEvDHjDx7qaaZ4a0LUtanlwAtnBI8KZYYLyhdkYQgE8j5R0xzX6i/C7/gmhp/huOz1X42+I4GukCXDeHdOYLGE2hwtzcnbuIPDIRyCRmvp+41v4QfCWwGieGbPTNBijUKIdIt4pdQvFiBG+a4QF0d/UYJBPOOvTUz761J0Mpw88bVvy+0imqUdY2d7a9Vpo7/ABd9MNw1Oly1s3xNPB0laXI5J1ZaRe172tbe9/Vnwt8Mf2Hdaubiz1H4k6uukwOiynRdPVZr4ocYSZ85j6YOT156V9qaL4V+FXwatimjaTotjcqpVLrUDBcavJIFU+Z85YxqQCeO+SO2fH/Hfx7127spovDcS6DYscRX7lZNQuCwAG9iTsDEhhg4PHANfLOteJry8n+332pzXVyxUSyXErTTysxy/lx7iI0x0bj5ScDAOOnDcIZrmklVznEOjSk01h6btFRfK7Oztqu93fVWOqpn2VZVF0sqw6qVo2X1mrFNNpR1Sbu3daX110T3X194s/aAus3NhobPDGoKec6F/tMjE42sxUJHn0+UYG3b1PzX4n+JerSTpDqd/cyzsXlNusrMCrBgY22nZtHPGeBjsMDz6/1jUNfli03TLW6urqVoYbaw0qB7zVLgk7RGIbZHlG5iMFUHUZPzED9Ev2dP+CS/7VX7QItPEes6Mnwm8DXCRSzeJfGpFtqElmcFpbGznxvPlZOHKMOhwSAPp6eB4e4dpK0aCqpRSnJRlUcrJ3jvKTt0Vlrt2+exGY53ntRxdStODkmqcHJUo6rqrJbO62tttY/NGbxHdvNIr/8AHtLITHp1sGe8uXfhIwkYMjkkjhVPI6V9Y/AX/gnf+0v+0/qNnrOi+BrjwT4O2KD4v8YRvpmk28BPzS2y3Ko8zKnI+X5ifoT+/Hwn/Yq/Ym/ZGW2uP7Mh+PXxatNrzatrccdzotnfptLS29m5eKLbICVZdwGAcHBr2TxZ8U/FfjPFjcXsehaBAiw2nh7QFSxtoYfupCyWyojiNcL82SBuGDjJ5v7XzDHN08uw06dKTa9vWVldtJuMNNNLxvZX1XW+1LKMPhmqmYVoykkv3UHfqrxlJ3fXVNp9btHxb8Hf+Ccv7KP7Ostrq/jyab49/Em12MttKgXwxY30WCU+zLujuIo5B8pJywAPygk19n6r8RvFV1p0OhaRDYeCfDFvEtvZ6B4Xt4rFI7ZV2xwsbdVyQNoZW7BgAcVycUltaoRIUt4lG52GHldm6bmYkhj3UnaSTxjkKtykpzYQA7cbp5h8p3FgWUHAIHJ4yOvPXPo4Lh3284VcfKeJqe7JuprCPwu0YvRLfZLrq7XZWzijh4Olg4xpRSSfKrN6Res3urP5O/ocRe2mpw/abi1CPORu/wBMcvJcvk4Ys5JDN95gCFBOO4NZ+k+INNsZ8eI9N1DSJ3k2wvOjtZXEh4Zkl+cAM2AAQu0YIHWvSrfTY3ZnuR5szMShc7U+YtnaNoAOeQT1DEcYzV24tLG5t/sl3bwXMbgq0MwWRQo6cMAVx14IOcHqK+qo5fh6MUoQS0slFWjbS70V+/RXV7O1k/Aq5jWq3bk3zW5Wm7prlvd9VffVb6PQzYb66ukjFlDBbWzISk6Mp8xH5DKVIBYg+pPI5PJas1qYZPPmd7lcbid5Y8YAK9AFA44ypyQOgB5y60298LNJd6LO2oabGWafQpG8yWNc5JsXJ4VEzhBwccEcZbJ438ONpU+rS6ja6fbWyE3aajNHavbSDh45Y5GVwQOMqCOAO2a76apQeijC173aTTurbvZJax0evXRnBKUpNWlzN3Xn2s09b9++tr2Z163EcsRYbQhTEZCKCMZAyCTjkcEjnHyk5rmdXv7CxiE13eQW0cau8k1yyRxIoBzl2KjbtGSc8YyucCvjPxx+1vo0GpzeG/hno+oeO9ekkKKdMR302KUkAeZcAGMKpxnntnIOVHByeB/jB8V5Fv8A4reJpdA0FyrR+FdFlaF2jO1/LurhCrE87COOhOcHNP6zCblGjB1JRtzOO104tN9dnqraba7q1h53UptxTWl37zWnRavez0Wt9e/b/FT9obwXDNN4f8M2F5448Qs7RwpoavKlncjiNzeINsex8HhixAyQATnw7+xPjZ8TJra0+Kfii48K+FZWC6fp2myMl1LbsNqW2oXClQrlMKzNyXyCc19F+HvBnhLwJbJY6HpFnYoFw1x5SyXMzj+OSZwXZz1ZgSc5+91qXWb+zuLN7KVxLDJkZJA2sMbGVhgqVO3heT8oz6yoVJJSm7a/DG/LbRv77dNNNzaTjCyir7Lmd207q9rt7paWv5FbwV8LPBPgO2iTRtItmuXCltTuFW4vJ2HWRp5csSxJOMjo3Art9RvtOt438yZY5Fz97GN3OCADjOOGzznqe9eHaZ42u479/DF7ORPArGwuCdqXFoANqBjjc6cBsckjjd3t3VwZnke5nLgEZyf3akAY3Fs56jHTknPAqpV6VLW9rNK21vh1fnvq3fTqTDC1q3vKSe1v5tbPvdu66vo+yN688ShnkW1fcPmGRwGY4HBznOMZI43YJA4A4bxLPNqWizosrQ3sDfabObbhknhBchf4huwykjAwwHcE89d6xa2lw6xzRuSxOFYFcgjk4OByCxwOhwDivN/FvxO0nQ4mmedLp0LDy45MRq2053EnAGWAIByQCAp4rgr4+jGLbnCMeXRNrT4Ors72uvK9tLs6oYOVOzbba0ta1tnrZ320sk7p6qzudVY+K01e1tbkJM9yha1ulVWBFxEdrl+BlWb5vm+rHjnN1bxnpOgGSbUtUhiCqZHs7eRJLoqM7lbD7E3YOcncuMYORXye3jf4heMtUfSPAGl3rrfXLeY1jAyW8W858yW72BV3BtzYZsfNjHO36B8IfsvPLImr/EzX3vpdgml8P6dMdrHAZkuJi26UknDcDdnnBIx5zzp1eWnRak21HnbSVko9U1fRJtPp0uT9UpKSdR6PVRa5Xb3JPRavqrrW++tzznW/jRrfiOO40v4feHdQ1S6nlMERt4WlVDk4aa6IKrjkkA4ADZJ7ee6j8KvGWuWsGoeN9d/s+Z5Az6PY/v5iNxLxyyknZ2DAe/cc/bOtX/h3wR4XutM8M2Gn6BDDcrHax2tvEbp3JClnkVWkckHkc5zle1crN4B8V67aLq6eV4Z0may8288R+IHSz0+NSu6aS1ScgyFhyGQElume3zeZ5w8NU5a9VXklZt9ZWvbdr3rL3dW9+iPcwOE56bnh6SaSSvy7u8Y9km09Hu30Pjvxh4I8ODQGsmUwRGE26rIWa6kkAwHW3Q8k9MHAJzz92vNPCf7Nl5cKNYvyvhvQIt0s2s64q2/mwED/AI9LeRg0rYBA4OARggkZ988UfGX4QfDaeax8PY+KXjKHzEm1u+UJoFhNHnJt0YskwjcfI+MH+Ejdz8d+Nvjn4s8d6ldvrWpT3wDlbPTrImLTYF3YWOOCPam1OMHBDKBkZZlr5bGZnKrBqMVCFr887JyTUfhS36K97tra2/2mUcP4jEzp+1apwbV7xvb4dFZJ3ta99etuj9F1LU/h14BsL+28GWP/AAk+r20rSDU9TVTZ20itkTxxNkI2751AzuUAcZNeG+IfiBqfiG3km1nVrnUZbhwRptsTFYW+DhQqIQpUAA4PQkg461zws9Y1OeeNRPKbpflsbdS7u7AFd4QZIHIJPQgdQSa96+AX7N3jD4q67FpOl6ZuW3nV7uaddsNkS+P9KLBj/CQFIOOQc44+Azvi3KsnwlbEY3GUaUcPCU6tSVRNRV09XvHmVlaK1ata+h+v8P8ABcnWoQw+HliJ1Hyap2Tly63a6LW19vuPE7DwtqPiMWKy4srWSQeTGF5YKcqeMsASu0EKN3TOABX1f8Gf2Q/iZ8TtYntbPw5LY6DE0TJreoRtHAUXGTAXUeYABkDaBgk8YJP66fB39hT4e+BVstY8VqviXXIAjCCSP/iX20qksAkOdpVWKkdhjP1+47Sy03RrZIrSC3sbOKNUSG1iSONVQBVG2MKSVAUDrzkZPFfzDxb9JGVSOJwHDMHVqO9FYmd+VL4eanBO7b0actNdE07H7ZhPCnBypUauaqnywkqnsobyaSajJ2Wz6RVr6dD4i+C/7Cvw0+HK2up+JYE8T69EFdvtMamzhkBDFFiOUIQ4BJwTjOOtfayRabo9tHa2Fva2NtGqiOC1jSBAiggAbVB4HGMHOMZyaytW8S2Om28013eWunWiB3ea5kjQkAE5IJB6A4JHoe+a8bfxrrPjW9XQ/hr4f1PxPeyOVl1NIZF063Xdy5lAEe0DB49Bjtn8FqQ4j4wr/Xc4x1b2Up80515yjRgm03ZO0Y7Ncsd7aN3ue7WxOT8OUXRy/D0Yzgko06cFz3SiveaWnrJu3e616bx98RYtCtGFqDc6pcBo7GAZChzwJJOyomQSSdpJJHQCvg74ffCj4n63498Wt4IfVZYPGNybrW5rVHhsBMxJlgkuBtGVc7QU3Mw4OVyD+k2g/sqfZLcePf2gfG9hoOj2Si6Gii5SziYJ+8Iubh2RigVcNGituGRznj5T+Pv/AAUN+H/w7S5+Hn7N2iWVzdaektvN4mEMcWmQzKCrT24C7riTJysrY3HkjJUn9f4Fyz6vB5Zw3lssyq1XCOLzCtS5cJBxaes5RftFGV3ZNXdrJ7H5DxPnTxlR4nMMWsPTp3VKjCXvtPlTsk23d720a6o4Pxr8E/CnwUij8SfF3xLpduYgbmHQnu0kuri4QmQ+dljJIrcrtYYxjHcH88/jx+1jq2vF9D8AaYdN8NSsttDHY8XF6ikgNtQBkiOMYGQQc5AGFwJdH+MP7TXjd9V8U6rqur3FxK1xPe6i0yaZa2wdiywqzBCApBHGPlC7c/NX0bb/AAf+Fnwq03+19XubC6vrFVmudT1TYtvFsBDLawyEB2QghVVSMjIbIOP6S4eyD+z4qrmdSONxjStQpQtRpWUfdhG1rKyTclfR2Suz8gzXOViYqnh0qFJ2Tqyd6k1Zave3R7tedj408O/Dvxn42tLS/wDEXm6Zp8s4eGzcSi6vXJG1pEyWK5PMjDgdRzz9L2vhfwd4K0aRby4sftunwGeae5KCKxGDtjjjYEyt3Zm+YNwMjBHgXxQ/a/0DSdQfSfhzaC9vGM0T65covkQouQDbIRsVQMFdv3h+GfkBvFHxI+K2r3lvBNqF+Ll/3iW3mGKd8N8rsp2Rx9toIyMkkc5/QaGX4zGKMPZvD0dFyxupSjpbTTordumrPja+Nw9GclF+3qO2rd1py3fNor33av33dz6S8a/tPRaWtzofhFzc3bJLHNqAAwqk5AgKgqoGMDaDnqcmvmvTLL4kfFXUrmC1i1G4+2SsZrgiRolTc27Dn5UHzBhyOMMoAAx6h4d+CWgeELiDVPiRqsIuZU81dFtWElxuGcRSgN8u7IVhncB/FnFdze/EHUNKt/7E8L2dv4Z0qRWVJLeNW1G7RjleUBlUleMZGRgHb1r6zLuHFCMfZUuRtpznOPvPWN0m7OX3NX8np4WKzJy1xFRuEdoQdktraLTXrZJP7zP8PfCvwT8PrUT+LbmPWdeTEkejWhWRgwIJE7jOxmYYYE5wNxIAJpviLxp4h1wxaVocKaPp0ICJY6cAhjhBIUTTqARgZD5J3dW45rS0rwrNLpkniDXLltKtJZGZ7y/k3aje8FjFCjHcC+cZUBR8pzwaybS2uNX1H+zPC2n3aW9zIsMaQRST6hfSOdqhERTIQ+7GBjrkgZxX3OU8PTrThCFKdSbcVzcrsm7K0YJWV29Hp3Pkc74qwOV4apVr4ilhKNKLlKUpxhaNk25u9lb+a+lm7uxBBpuladFHNq04v79v3v2GAlolbr5ksgJMshIx8xGe3HTr9A0Dxj8QdQtdH8O6RqV5NcOkFlpekW0s88hJVUQxxo3lA5+ZmONvLEYBH6dfsu/8EqfiZ8TLG18ZfFa4tvhb8PY0W9utS10rb6neWoIctFDO6FEKZwzOGG7IzjB+sPH/AO1V+xV+wXoVx4N/Z68M6d8Sfijbwta3XiiZIbuGC9wyPI146yNlZekMakKFUAiv3HIPD/DYagsbnFeGAwtNKVSVTSVkk27ysk3qlFOUr6KLP4w8QfpOutj58MeGmU4rjXiau3Ro0sApVMJhptqPPiMRBOChF6t8yjZNOcd18y/B7/gnHpnhDw3F8Tv2sPFFp8OvCNugvB4dmu0h1e+gQGURT5YTReYAQVQODyM5yB5v+0P/AMFLvBXwv8OXnwm/Y98K2PhnRI0bT5/GUdoiaje7VMTzWrhA7yvgEzF85wxIGK+Gfj7+0b8df2l9cu9e8feIdQOmzSO9tpZuJLbRtPh3ZEcFqCqOcEL90K2DnjOPlLUf7E8PFP7Ru4bi7dC1vBb7G2D+Esw4DHqcDIJ6k12Zl4h5JkFCpl3CuGippctTHSSlWctE5RbvyX+y76J/CtTx+Efoz8YcfZnhuL/HTOqmZSjVjicHwhhqk6OSYDVThGtTTX1qpC6UnUk4Se/OrM5/xlqfjHx9qV74z+JevanfG7keXdqF1Jc3dzJIxYZ3s4VHPVFzhWxyQDXlcV1DeXflQQ+TAkq+Wi8KiA7QccZOASAcAHrwSa6XxT4rGq28UZIit4H2pDGMsxBKq0jDA/u57gZJyOB57LeR27pLGrFty7sZHGSQfr9Dgjpg8V+O4nN8TmNepisXWnUnOTm5Tk5Nt20u221ftZW0vY/tXLckyrIcFh8ryjC4fA4LDU406dDD0Y0aUIxjGK5YwjFRsldaK+7s3dfT/hm3jtLOEZwXUNk4YMDnb14xgE47jpziu1sZ7eNX8wKGdixbj5kAB6ngdSOeM5AxivDPDXiJZbdVkuFURgEh3wQpUcdcAZxhu3YnPG7f+IybVmhuI4UOFjYE7pOeQByQDwA2RnqOuK5f7WhCLdSahFX1k7NWUdk9lZ6aLTbdmlWlCknKMeaXLdKN23L3dYpK2i1Tb693p6vHqUR1eLMiRjyztLcKsYGWYn5lJA6D3JJB4HwN8fdattT+J2sS2txHcW1vHDbROgDJkIGbqehbOCCeRnuK+mLXT9f15oI7C11y/nmYRmLTbK6uWePAJSN4o2GSDjPAA4B4ryLxX8D9Z1nxJeRWtncaddvKI5LG9iZLtZkQMFlVyrB35HzAcnPrXymZ8X5ZiZf2XDGYadSi/a1KcK0JVIJuylKCk5cvnbV38meBkuTYuGf4nO60JqNTDewpxcHaPvRlu1Z/D0evdt6fKZlZiXUsoUkD7vzcjJB6EHke38OTXR6Xe3tlMbqwWRJQAqMEZ3JOAdqIGYnPYAHGT0PPd6x8I9c8PXIttSt5VUs3msASY2BPUqSAM4xu655PFfRX7FXxD8I/C740w6r4y8LeGvFmjLA1k+n+J7KK/s7ZwSWukgm+VnC8cgAkDABryK+KovDVa1KPt1GN5U4S96V1FtLXTfRPy01Z9hia1WlSq11TnUnShKcKcGlOcoxUuWN2lGT0s79ru2p4Jo2k+MfEDIbLw7ruqzoDI01jpOpXLByBzmK2c9fU4HQEfKK/Q39nLSf20PBenN/wq3w38TbCyurSaWQWOjalHahZAdzFZoV2kglS+Ou7OWIC/wBA3wH/AOCinwEjstVfw5+zp8P7Oa0svslg2ieGbCFbya3jIM8+Yn8sPt3HBJJIPy8mv0N+C/7TXjTx1ptp4gsfAWnaT4P1XR76116S10qzittKgRXbybeVLcEz+WCQQMqRuySK+TpcS4THy+qSy2ftY1JKeHrU3LSCg+de7ytK6s2m/LTT+afELxGqL/YMfkFLE4V3lP661VUZKSjHmpOMlJ3StZ3Sd9Ej+KD4ueI/ijruuzW3xTGvf2tZSIdQh8QvMl0JMYOyCUZQEnKsFBwPU8+U6Pb6LbeMtEa4mVLKG4juriBkEjLGJVk2yKASy9AeOOCeATX6P/t6+I9F+KHxz+IOp2NlDDtlXTtJZESOacWdx9nBYIqq7s+CTsDEgnjv03hX4PfAmH/gnh4j+IGveG7u3+PXh/x3DDZeJrdGltHs7i5W3Gmakg5WAW7mUhhwV56c/peS8P1c2wlR4enHDuOF9v7KMWpSjFRvCKVvfSeite6e7sdeXZzhMJlOXVJYWlgaWMq4WhKnRShRoSxWlP3Uvhc7R2sm9dNvl3xj8EPHHxR17wbefDnw5q/jP/hI7yPTLJdA0uSS0sDcyxrbpcvGCkAQlTI7NhVBIOBivvq8+GXif/gnT420vwx8cpTc6r468E2erX2haXclHggurQG1tp5NwkgNuXjL4GJCp55GOo/Zt+Iv7S/wG0V/Hv7OPhP/AIWJ4E8O2dpf+Mr7+w49T0DSb0WZnZpJXDi1eLDGRYyGBydoLGvzv/ag/aD+KX7V3xO1X4pfFfUHvfFF5JFZ/u5CljpenWWUt9OsLcfLBBEowoKgkDJ6mtMTwRwrxfwzUyLFY6NbGucYZjh6eIXtaCp1YSjCpCy5ZXjrzO+zSvc+jwGd8W8K54sVHB06WVRpwnhK/sbvESqQinZvS0W7tqNnzXvszZ1PXtHu9C8Ta5fhwl74tbU0mvbhnu57HzGe3s7XexdLXDBJWXkkfdHUWLH9qq//AGdfB2o3Pwzur3SvE3j27abVGimxaW2mxxNFCY8Bs/u3O8nO5iPl7180a9riSWkVmpkmRrMxeVI/CGNSzOcZ28Bck8EZxgcV8m65e+Itb/tNb64mFjbzvaWIDblVUYgW428jtnopPynOK+q4by/LvDzDR/sun+/pYeVDD1p2nOnHljBSu9EuW/L277XM7wdXxHpPC521PAvEU6+IwkVywqqjJVKVOai0nFztJp7tK6119BbxfceOvEmt+ItTuXuL/VL6Wee9kfc80s7lndwTjJZjnbkDnA4rcUQzFIHkHlITHLIuCzxnO/JwflHGOBkc/wANeS+EtCv0dpDE6NuwqZI3qx5IUjocEnOSxye+T3q2+5p0RXDxcFAxG9jgMSScdRwOQvBz3b81z3H1MbjK+JqVfaVKlSUpSk+aUnJq8nvdpvXXyep9tgMJRy3C0MHhIQpUKEI06VOnaMI04xjFRhFLlskmrPZXStLQ4vxtoslhd/adPt3n01laTdEvJkABLEp15wQSMdOSxAHj01xf6nPHHAot3lcxlgecYwS/90Aew6cHBIr620q1ka3jiuSDG+YzDJhtqMRuLbs4xnpzgDjAArhfE/wtkhmuLzw+4LTZk8kKdoD5yysvAyDgYAJUHuRjzcLmVOL9lWkovfnvpeydntfS61to7M9KFemmoTaje2vmorlTXl96VtNbnHaF8OrK+0/7Ve3LeWuA7xEHfIAck8E7cdSByeuepqQ+EbjU9R/s6xtyYbOTy2mkypEakkSOQvAzgnHByORzXYeGtP8AEOiw3MGp21xJFa4eFeRux8xdsnDIDwCR8vGNuRWpFqU8lxJdW1wkcToftURQRSAY+4O7NjPIKnnaAeh6Y1K06kuWcJRabjZXS2tdLfZ7Xa9N9JTTT5Wmr/4lvHVa9Pnok9LA2l3fgNbMrOkguJh5hY5RpdqlQjHH7tRtA54IYnvm5qcyeJ7O4gmW2ivU2+S8eEdmfA+dkAXaFJOBjeeeCMDnfFWpJrgtIp7pkjtCFi2NkQKoHLNkZYgZO7nO3HoKUGqRBYo9LQXlyAIirHBdgflctzvIIBHJPGMAZNaqjUaU3L94nq0+7V21ZPzetrX2tpzvDybUl8d777N8qba0SaVtL20u9N9Rra/8JfZra4dL17pVCtGwdYsnAQnI2t0wSAPQEDnrm1i4aCCKG5a3JUM6CQKkb4y2CCx9cADHqBglvMLuXU7yxuYrwfZbiJy0cjAq8jHgLEGJOwdcDGDk+xzNHtdahmnkubkiBMNlySHOARuzyFGCOu4tkkjjCqYanOClJQUv5uVJWvHzXW17adI21FUwyqRTbVktkla1472dnqmtHZ2dr6Ht2mwazJa3d7YXyOxMigOd7syr8wB+Xj3JOevGBir4c1rUIbkRX8YuFM7LKZAWdGbc3EbgEIAMkY2jGT2Aq+ENQ8uMSyXwgjjlZhAynyndeQRn5j0DMM8n2OD2usaEPE6JqelT21lcQkGVrd1AnkC4JYLkRuQB8p5I4zXnziqcnCSSjpacbLlb5bN7/O+2vqedVjGDlCUb6L3oqyTTi7X102torpd3rDqqX1kJLixv7ZGu5dsEZ2hgjt0UYBGzp7KOcjArkbiXxHY3m6URT+btE8qHcdh6MACMHbnkZyQuSR1z9Q/tOwulttSt5YoycfarjIJEYwXiIwMEgnjoAMHJFbM+rRW1vZp54AmYIWKb5ViyQCA3C7hyWJXr1AqnFKLWjjom73TTaemjd7vWy1vZ2WjiFGNJa8slpvy/3XZOzWt9WrrX7+k0/WdSgsvNIYQzMUiO7bJvUgfdJyo4YjHJK8etWIvFF3E8kZmkEiESXGbhmZk7KVJK5IO0AZA5GeM1xOty3F+tvb6KRLHbDzBMG8vzJFBO1l6MwIwoJ5OMnpXjmq69q9tfNHcQmO7jKiVlYLsywPKAnIK9U55OCckk+bPKaGInKbjBz005Y9lZp20Su/m3d21O3D4WhWd5QjJxeqcYy25buOj2u9db2dnZq31DD4iv72b7Lp5lMobzY4MlW2lSWYv0wo3feOW4OCRmsRvEN4dUcTSNl98IiwWcODtPQDHzEHGMEHljmovhxdrb2R8Rav5kjLvR/l8yBogp2qeuSeeASBnnGOY7jxX4b1DXHZtPaBUzJEYRs/eMSFZlIyCSQMdMgtjuPlsZRhTxVWjDDqUKS9+dknfTve+isklut9j6HB4aFJRklFNbW912ut7XVkmr3373bMTxNemzmSOe5lhmTZKFDHGWydqrxjaep25z25xWnp3i2dIgVDTRKoIlfoCwP3CCcsDndtIIPBriPiJZlIzqMf2lpeJGV3yY0ZSUz1wpzk9DkDjJIHj9n4pu7GFbbzSTG3mIhywVs8g4OSQMjBH04Br1cJlNLH4WE1CEpK924XaeitdJPtdLTS3R29VYnk0lvd3d9eml9k9rrZqySTufZmkSDVYhdXBZ3ctkZKvtU7hnnj6nOeTwcZ9I0nSbS+iW4kxB5bBf3b7NzIdqF8njIBLYySeRXyb4S8fPMY7SeVFmd1K+W3MqsQrKCvU5P3SBjjqc49nfx7Y6XAbULhwF+Rn+cStyHyGyQvcdAwGeMmvnswyvH0avs6NKXPJpRcU2uXTdK9nb+tLnTCtSjabloknrezsopel7fzO3ndnscll4X0SVbnWVN7LO7PIqSgqUXgZHVsLkfMffHQVxut/FzwxottqenaDoWnizu1aFWmiSWdJZAR5iuS20Z3EcYOccNXzl4/8AG19PHC9vK0TBVjZi+RIhGMqN3GB16exLEV5AL9pwZhdM0jEEbnK8KdxYgk5GeF/vdjgV6mV8KymoV8fVq1XGzVLnkoJpxekU0n53s/Pq8K+ZtuUKUEuim1q9Y3s3vtrdrV3W2vt+i3cOra29vcNDFZ/LPcOwEYZASxRWwACWB2gE8gNxurmNUtV8Q+JrnTNHvIkTjyGkYxARxH7ocn5uTtHQjBzkEZ4HVfEM8Wn4t7lY5Aqorp8rt2bcV9RznngE9gp5/R4dZ1HUBJZtNNdyKPLmQsu1gNxDMDgcjKggnAOB90H6ynlrhz1XOMIxhyQUlon7t21fW1r77Pe7scLqu3vN3bu235J2Sb0avp0dr6n0nDoHiKxttjPbXMdr91Y5lkk8wf3vn+7xnrxyQeOefvdduzOQS6TBcON+xU2nBU4GDj5fmAyegI+WqfhTRfHk88sF08lvbk4e5nLDcR0USE4O44XOeQMAAit3xL4C8QRw3N6t1ZCS3g3+UjAySjGeMMMtgfMevbkkCvIX1eNd0q9eg5ykrezdpJ6NXjsr2V3e17vcxlWimuWTv7t0pXadk1qu1k1bTonomqMniK4SzntvPO94sLGCwxnOTtGFPTPK7jk4auai1NwyxzPtfqCpIYBiRgYI+u7IPODwOOCOuy21yiXIP2kKY2jLbjkNgnaOF9ecE9OpGddWutQkLW5U7lHmOoKCNBtO1jjbkZ4xk7gfUE+p9Qp0k5KKSlaTkrK97Wk3s+vVaryH7Wckru/ptry762ej6tq19Oh6FZ6xYwzGUkNGvyvuZcHOQQuSTxxyx47YPNVNXvdMvJPOjVUmAIRE7qMMCQAeerHJA44zk1l6N4V4lmv5z5fzsIoyWMv3jk57hm4GOmRj16ZbXw7LEIYYm+2gOqB3ADfLwCwYYGeB8wxg9RjPE1Qo1U6fPLltdxTcVqk1ru7O2l9t7mMp+Vtbdb3um+i1Wjsr/fthpex2di3lJIkkjB3fcMufukDGenGeR2z0JD3v0lMBkkJVwCFdsOrk/eIBGAMZP3c4ycc1B/Y1/IJiUdGjy0UWA29V+UMMkjJyc5IyOdoBpbDw1q+q3pRLcLKpA3klYlK/eGCACxQHGCRn8Qbn9XtKq5xW15NWeystNfVW8nokcdSrGKaSjeytfr00cdWk7/ElZ3ueyaRa6Hoelx301w8l/hZgGYSQguuT8rcYGM87cYIGcGunsviVbxxKrlLVgrKJnAKMgOQNuQvIGF7Ak52gV4Rr/hnV7SKGW3vXn2BUa3JYESL8rBVJIKkZyRzgZyMmuetNF8YaqzwC0LJFnG8YVQvzYz1OecZGeh9z4U8nwmLjOrXxPNeTceZxSglZ7XSSfTXp2Z4GIwkcSpTnUstOVXvZ3i/h0tpbv5tO9/rWy8TaXrV1YxNdR2ltEGneZmCJKwyxC5AHzFuvuMdlPtdn4u8K2GhTfY0iu5pVK+XIUdmlHCMrY+UDGeccc+1fCq+B/F0Gmx30zSSwRxnZHbnK7tpym1TkgcD5uAcKDgVc8L6V4kvfMs4ZLoXLsVhtSxDKdxG7rngngAcenp4OP4bwFaHtI4+EadB3klJJacrd3dW63d7+ttPnMyyzDQo1JyxK5Kf7yXNLljaCWur0S03t31uez+ItaJ1jT7k21p59/dwwGKQ5jQyyKiNKcYMaAhnPAABJGQSfU/i58JNY8EXOmWtv4g0bXJfE2h22sI+iXKTW2nPLErtaPJkBHj3EOnBVgfVs8kfgR4qi0m01XW9UhD+THMV8wMIYmIIVzwRMwIGMfwk4HJHQ3FpJoek+ffyz3UMMIW1JleYhEQJtkBJ8pMchQ3Az1IqcHmWVYelHD4RxxVZuMIVIu6VpK6VviadpPfRbK+n4bxDxDhVjMK8rxtOo6M5wr0IpONZtQjD95a8ZU3d6X5m9dj5Z1jQ714LqKWMyzQx7XYDPmMxJ2yMeMAcKAegbA+7XlF7pc4R1eMxMihgmSoJ5GTjBZtw6EEg/KOBivqyPULCWVbyeNUSbzMWr/ckCKVV+QBnPIzzj5enTwjxbDdRajLdSRgxXLPJCsSjy0jYnYWPYkFQQBnPTtn9GyHETqrknFRtFaK0ukbptW1sle13dNaN6fofCHEOIxM1h5NQUIRa9+6cuWOl9LWS1+fZHmj6XJiPzHLB1yyqMleOgzwCSCAck5JwcCsyWCWORYoEkEZdhNuAOCnGWOcrgHj5sdznPOubp2uBG7iKSKYbAATuOScn0Iz05A6g5zXZeDdOsNW8XWel380NtFfSGAXN2+2yt5JF/1tw+GAQ9icAE/MBjdX3WDhGrVp0bxhKpKMYOTjFczcVu3bW/VaXu+x+i4jMHhKE8ROUrU4Oo1H3nolJpRV27rZWTel0eXmGUpNEAuI2ywjJDOTkcYyOAMcY7H0xes7m/09vNtpZrdZAwlZJGQvGVxswB/EOmQMg5OBgn0bxd4Ug0PWdQ0mxurC+jsrjEWpWrK9tIr/eUSnAYhSwXucbc9M8Y9nPBfiynCPFIVZXXa4ZAMkKM42/MDnsMADOa1x1H2EqkJyi3GTj7qUo8yaTtbRqXzTa0s9RYPNaeYQglaUJqMlzxSdmou0k1dXas7rR6GalzMEYSO2GJeIPnJHUkZ7deQODzz1p8OprE8bSESsJciIEspPPC8HrzlffuQCU1MxxNJFGDK6BgoYcICV+XIyNwJ6gA8kjhRnHMJeNSI2Jj+Y4GcPn72T83GMFfTHQAA+NWUZRu0na129Vqlq1azurad7J3dz2aMIyad9I9LOy0ilZJ26uyTvdWe+nejWrYxo6N5VyA21dmAVcYxn0IHIznPXI4qG2ktJ1uC0XmzsreZ5oHlxg/MCpOME54xjtjjmsBYhb20NzNEQ5UhhIV2k8EEcZyCucD5T0BAOa0NOu7XynkfDbvlYMSoQvldwAIJY8Y6DI44Hy+Y4Wb5V1snfdaX6u2ujeye1tLdLUb3kk92lHRfZtdbJ2s+732VjL+zQzyXGEJbdyeRt7ABhkkD5tvXGOp4FdDpsltaxIJGx1RUHLMDkYDHk5BKtk54BAPzAVoLZZbiSWIAxEghQ2HJGclsAcjGSTwRwTzVuRWtiSqxzQmSMsw2sVbOdvbJHfk8g4x1pzb5OVu97Xv5baWWuq0XrZ3s+mklF3S96y1WqeiaWyV3fontutl6LoVzF5SQxlFKHI3fMdz5GQD0yRkgDkDj7wK+oaXYxzmSLeqOyxKZJfuq0mAWB5+UE/MSQdv1BPlPh+KCfNzF5jMUBXgBY9uM71zgkAEjg8EZIzXaRXUsvKSOygqS6HaQueARggHI47j72c9PncZQlq6btKzt1ST0u9O927623V0z1cJiJUpxUpNxVnZuzkrq6e9tNr/AHp7fol8Nv2T/AN9Z+G/EfjH44+F7DQteih/tqGykjudR0GJ5ArbopGU7woyMjliMEAkjuf2j/2RvBXwh8O2/jfwL8VI/FfhK5EKaOJYoE1LVTIQzzJHE7lY484G/a3GeM8fmN9uvISI4ZZwlyyLMsk0nzJwzbUL4GSCMg9QR2Fe16F47udRjsfBesazeJpNsyS2ZmeScQTBRsUiViFjJ4AGACee+fh8PlHGuFzvC5guKq9fLoV+avlbwlCNGVB7QU4r2vNHS8nJyumup+o0s74VxWVfU45DToY10eSOO+sVJSdbT32pNRUXZ2j/ADaHReELp4rsOWfaWABY7W+UrgtnbtBHDYAGSOQTk+lSzNdS+bvAV/mU4ycjA+Yr/tcgkdP9o4HnEMJsrua3VWypZw+Vw0bsQHUh8DeDnAxtyQ2OK6/TLrzZPL+YiMKyjg7icZ5UgZz6bgfmAAycfvuV4mWIpLq9HzO97Wjbte+yafrtr8VXXsWk7KN+unu+7a1r3ellb8kJqcLqFIQfKwO44UE4DKSRyOBk9zg9e+Osh3glhjaykgfMCT9eoGSCM5PXGMDqb1kuFZVBLCMt6EH1wM59T0OB19OQmJRghUu25QWbqoGOQBnBz8yjOM+lezFcrs7+l9ndLXSztfp8tTjlUScHtqmnd6K63S0dnbTVdF3L9tJ5MolCklWALbt2SenGO+Sep5YYJGM9wv8ApVqGfbhiuQOuADlhjPY5wRkZIwc1wKSkFlUhSykoGC/eAbGMjB6nnnBOMZwa1dPu7iArG7jlWO0Ddls/NznjI6g4z2wOa5MVh4VKbjo3K/W+t16ppvRaJO7NaVdKSt0066ydte9t9oqyfk2vobwF8X9A8OfDz4mfC74iaRceI/C/irRJl8KMk7M3h3XwmYbiFSmFV2UFgMEksATxj4Q0fV7uwkl0q/B8hjKIWKkFRvxGHyeCYyu7uCDnNe3X9vJI3nbvlYAgHkAnnKgKQADxu5IxgkEYHH3OlQSozvFG7kkFycMAQeRgDBGOvJOSc44PyuVZFhMpxuPxWEpujPMa8K+Jgn+7lWjGMJVFB3jFzik5PZv3mndnpZnmmKzDD4WhXvU+p0pQpTsnNU201Fuzckm2ld+6rpeXA+IbGKeIMjESRsGBDE5RsnCkqcqMDOeAAMDG2vtj9gSb4WXPxk8OeEPjGuPCXi+RdMtdQEjxJpOrzSKsE9ywyvl78KVbA+YZJOK+PLqykT9y8oaOJf3bnlmUjLI56FuMAHPcHjNR+GdUuNM1eKJZzDh91s6/uylwpBjeOQcxurAMGGCNq88AH2M7wlTH5VjcHRr1cNPE4epSVajJxlDnhypqUbNtO2zW3kkebk2Ojl2a4HHVaMK0cPWp1J05xUoyinFtSUlb4fdTem27ST/uhn/Zn0Kx0y00jTNK0660m0tbefSLuzSNbmewKhklSRdxclCDuyOTnHYfjj/wUK8I+IPgL4b+IWsaZp8j6f4s0qHStMu5p9k9i10pWZyMAhl5XAxknknIr1b/AIJ3/wDBSa9a38PfBj43XlvZT6fFHp2geO9auR9nksiNkFnqE0jEfIPljlbORjPOK+Xf+CzP7Vfhzxp4l0z4Z+DdY0jxBpOiQi71u70mdLi3lupFBijDLuEgAbkgEZZSOABX8B5ZwfxHkfHlXDY6visXB4t1JSrOdSnVw6lzqcZyupRcWotayUtG72P7Sz3jnA4nw+xWIofVYUKmXuNL2ahCrCvUj7NUXBK/Mk2muXRK8T+cfS0aHxJINRTzkExnkkkHmtJI7bmOfQOdxB29Cc1k/FHxJaNI0MUUTyxkLGyIE2RcZOFUlsAH5j2yuM12n27TraB9SfC3TyOHSTlVjBBAwehAI5IGDjgjg/Pfi7WbO/1YiBQ8YkO4hsjLMCy5G7GenOQG4Gelf0/l9P63j6dWUKkYUKaj3imuXo7aJaNpO3ds/grMKzrVpNNpSfM7e89bO2nRbN21Vuu+B4fmlu9dbyHdUZTvYBiyMvICgdOc9SQCOOwG9q+r/Z52a63wBH2q4UbsrgKMDruAGcnHJ6ferr9F8MWukaXNqTSmG6urV5lc7TGg25EeecH2+8Oh6HPgeq3cj/a57u6eWMTMFUMd55wCAeMdSSOp4AOePoaCpY/F1FFe7SdnJ8tpS5k3bms318ruyseanzybTVk9bL3XrG+9tNNE1dM7uw13Sjdwz3zyykOXO5iVIBG0EYUA8DHVsnjAOR6VP4osorRp7WXyhJEsaAqNkcZ4xjGOh+Yg4GPlHTPzDLqSCzwqtulYKoHBwP4i2MgcZP8A30ehzRTW9Q+yNG/mNbxKVyA20OTyqtgAnGOmM9+hr062RUMRyKSVrxdujat0d7q2nzv5Gvs07Pe1tk7XvG+r7pcvd7bPX6Yg8VG7hlVHjMDo0BJbJJUHkE84zgnA78nrXz54pGbm5lnkCtJI2zagEaIDkcA4JwM7gvOTyPmqroN/d/ao4YiXWUuQrMWAdhgZyMgHk7cHOeSep9Ps/Cdt4jm8i+HkuImYShhgkDlQhxgA8E9scjqa2o4ajlbTSUacraLzt5W09Env2RvSXs3a2j7WaW2qWjSV3tpq7LRo8j0pYriRUJKqu3oMB8lQCRwSSepGcAkjJ4r3pgLeztDGpS2EKIsoGxtwO7YCBkZ+7uPDZIxgknkvCngeR/Fz6fLA02n22TJPghHWM5UqMFQTjbjJ3gk+ufrqLRfCV9b22n6kBDIqpbRiParxpjasrkclkbGck55HQc+Nn2d4alOjBc9Z2UpqCb5E3Fe9s+/y7BOqlKLjNvRNpSdlblsnqtX36320ucz4b1aEaS0c5LQIUCowDCQ7QrBgeST0IC5574Br3X4Y/A3wf47sdU1G5iS0ltYZLyGS3VWmZidx3xt8ypgk4UFSP1+fdd8Iaho2qC38OvNqOnImZCgJHOCDJjIXAOcjPTkenpHgLV/EPg2e81S+ubqytVhCBY5GMbqyf6txn5o8EjkfL93bkV8JmE5OhOrleJlTnVklKCfvX91u0b6aaXtumerleIp08TSq1l7SMXyyTs42SutnsnpbprfTQ1/iR4f8P+HNLttOtvD95q15OJYrbUpoiIiiIQQqbSAqKRySTkdhwfh290SFLmSQEQL5rp9nXgg7jgNnkgZKr7Hbzjn651/4xGeR98w1CFJm3KyAiO3lIDiD0zubeVz2ODnI5PxL8O9OufDreM7e4jW1vWadbaJgxhiOSzSHIKOXwMsMEHHPb6DJq2IwmHhDFKalWlFOT5m7vls3K2/MnvvfZqx9rj8Zhc1UHRhCm6NOL5eVRVko3s1y83vJbve19UfPNzPb21i7M0StGMBMAdAOcAYJ3BV746AkAV4/rMlvPdEwBPnw0jZOCwPUA8Y5wPUcfN1rrfE1/GDLaINwDnayZ5UZUfMfvDGGLcLuLAgc15/cSMUJC4fbgDIJAPUYHUnIGO3Hfp91l9NwXO3L95y778umlmtHZLT8LHxuNqRnPkSTjG2ttejtvv33uXLOWRz5Mb4ZQoGMAHnjJ6nPGFz+vFekala3Okafptw0CgTRbxNu6nC7gQuMfM2FLE9T26eW2UjxSRszAMrA4wMgggglQSMcc5JJyPY16ZqniF9R0eCyuCkksCZidSVOCQfnUA8Zz0yRu5HAB7azk5w5Vdbtt7JpO6XvWbfS97a3uc9NwjGTejdnF3vdt3va+mju7PbbrfpdL8VOtmYZEhmUKqmQjDAYOQen3cBd3OOmQADTtS8SmS1VLeGIBFUF1ABVcHIJ4+YnJwSQMeorzdZmSBPmWLoGTjqehyDjHfAHGRwMcpNfCO2bLEr5ZbBOWZs4B4OMAYGCCO/TdXRGlG0XbWyt5aqztqlZ2bV1+GuqrN2V2le1+urVurtbR+dnqztrfVHZI/KVdzDbvCkkDJyTyRk9emABgDvWtdyrDpr73bcQGfgAEjsCMMMc57dMHg15rpurmOOLbIFyWBONzBjjjadxBwOPxwat3GrTTxSp5zMyZVEJ2gccMRjsQu0E/NkjjGKylG19LX1s9U07Lf3brWz6+b1a7VUpxpu6UpNb3Ta26X1V0k3a62d0bKagdyNEoWaViDICeWGQhzkYO4dD6454NJfXdxKE+2u84jGSwIxGGBBA/vDHHy55653Yrkft5wWZ/mVcbFAAAAwdp9egxkcYPAyBet7qXUHitOWeddkQK4Xe2QA7EcdASx6DIxyCMXF3eum/lur3WzutLuzvbs0cDmm0rJNyXwpf3dOVK/T13Wuhfgv/AC5UMOREGG4g/OemBnPOSpBJwe+a73TvEQiX5QSDwrMWBVRglR6f3hyRjkDIxXl0lrJp8zW0rqZRlSByoBzwrAAHAOc8475rXtp1jW3jKsdhIkwTuA6nGTyeM+h4PrVxbjKM1vFqV1d66bb6PbbrdWZy16XtqcoPl5ZR1Ts1ZqO13q0nqrPXbU/VT9i79ozxJ8NPGmj6zo2rSafqOj3MMtl++aNLqISKWt35BeNl3KykYIyDgnNf1I6x4P8AhD/wUq+GlpqVg2meHvjLo+mKZ0xBHNfXNvGAwkGFM8E7Y4G7YWIXJAA/hl8N65cWF5aXlg8iSQSq8bZI3bSSFxnuOeOOgbqAf1s/Zi/aZ8Z+D7rS9d8La9d6brGnSRvIsM7QuxjKnYdpAkVyAHQggrywOSR/UXhjxrh8Zlv9g5tOlOMYRhS9q1JOEuVSi1JpyVumjtZxsf5vfSW8Ds3wmdx8Q+B5VcHmdGUa+I+qXpynUpWmneCWru1rdNXjJOL0/RbwD8X/ANqL/gnT8V7jw/Fb6pP4Dhu3HiHwBqJnOh6xZxtiW50eWQeXC8iZbEf8Rxzkkfpv4Y+M/wAAf+Cgl1pF/wCGrHRvCut2+qacniXwrrLRW+tQwrKi3Q0+ebY9zESrFR8xbvzWN8NP2hf2fP28fAFv8MPjjHpXhj4mwwLbaN4qlaOA3F5t2xsLg7WR3cKXVjhwcE5BJ/Nz9pv9h/4yfsq65H4q8OtqVtYfbhfaD448Lyz/AGKaIsJITdS2hKI+NrNuJUkk55r4LxN+jhkfEeYT4j4Vl/ZOeyTmqmFcYrEx0cm0rRrwd9l+9h9q+7+q8Afpi5xlVCjwf4jwk4UuSg6uMT5YyfLBrmlrQnzXau/ZTTTg9NP0d+Jf7Nml+IvjTffCb4c3Nppljf6tp9vov2iMGLeI0+1SvJ0RUBZic46kkA14D8XP2Y/Gv7NXxfu/AeryQX1/JpCa0dT08rJBeWUjbhsYDjAwCu0k4wOoFeX/ALLv/BQR/CXjnw7Z/G7Tri41nToZLWx8bCRjmWYiNZtQwu7PQtIcMvpjFfon8W/F7/HD466N4x02S21nw/eeAbS2Or6ZP9utQEKFVZoyzRuc/OrhSCCOq4r+dc9p8XcF4yjgc8w1aeAwuDnGddw/d1KtLkSkqj2beln1vpof3bw1jsh4qf1zIcbhqkMVNSjTp1IupH2tpawT11aScbr79PgLX7XTrm0FrMvnfaV2yW86BZYpeVJXrgehBOSARxzXjd1puqeGJXjsZZL+w3AtY3uSYlf5iY9wJA64wvy+hPA++vib8LtOhuI7vyZGdLZ5WMMLo6okeQ/yjaSMbnXghQTzwB8jaWk+vapqKXUbS2Nqxh+1CMkoofy9z7T1AI3EjAYt04I9Lh/PsvzfDSxNCpCSjyxlTk0uS9tey6rp62PdzPKMbl+Kp0ZQkpzs6ckviXut3+V3bfd3OT8Parpl7cyR3En9m3O4o9tOCI2ThSUk6r1LL3zgjjJr5q/aT8D2PinVdOaOaQW+k2ctxa3UUe91u0XzYg+MgEsAM85LdB81fSfxC8H3GlwPeW6faLJwQl3b/ejO043sh3ZHQE44xnIJrxDTdWudNmna7C6lFKhSW2vAJCqKRgI7ZJYgjAB5zye9fVYTLqWLlGtRq6x1aveLa5XZSTV9etnppboedUzGthGqNaG0rPmW2uzvr06+dr9fzb8RX3jP4sfELwJ4G1FLu307TpY7O4S7WSJJ7WFwJJjxjayhgMkk5PGBhv1s8J+FdF8MeFLHQtJtbeOzsoo0itgqZJCfNJuwrbmbcSTxyQMtgV5Zc6j4I1fV7WSTRYNGv7cLGuo+THG4chgi/aFAwp3fNjAyM5611qv4h0BobuxuYtZ0wocbJFeVAeWJOTlRjuCcgEdRWGd5ZisRStOMnCyi27tSTUU976K22vdLo/QybMaEMQ6jnFybVruzhpB3V3pZ3WrSdtFY+kfDvx/+Jfwz04WGi6reG2it3l0d4ZnWTTriIEqImJC7FKqChJBUYGBkHyfxx+3f8XPitqHgbT/Fnja/8TW+g63HDqvh24Yy2V+PtUYWC6t/njLlRsQsMsDhc4IHD+I7zUvFPhu9TQ7uOy1byZQkM3yFXKlSFyRknPBGMFu+a+F/A/gnx74J8Vyar5cl1LLq6XF8Z8tAkqT+YjrKQVBJUFQOMkDkAV+XV+CcrwksVmdOlCnjJU5PmguVylbR3unzPutbJW6n6RDirEYj6rhZyjVoqcIybabteKSTer7uz2fax/XdB+wb8Cv20vhjpPjz4WLZfDn4wxaJCdQ8KS7E0q6lECbnlt2C+U8nGJUQ5zyOlfiL+1X+z94x/Zrv9Q8L+OdLutH1A3AihM6OLTUIlLf6TYTkFZ42IypB3AnBGeD+4H7C37Rnw/8AiF4I0nSdTvofAHxV8N2cEcOr28wtINSgiRVLXjhlWRNqjK8gjIwGANfmb/wUu/aj1L9p/wCNekfCDV4bbV7TwLr1n4esvEPh23Ep1GW6lSGW5maKPJii4bJJCgHHHT4HgDjTOKGa5pl2Z068KGCnUlKtXlenChB6TUppNPzTcZX0Wh6/E+SYapTpV8JUhUjiIQcIKPLV9rJU3JKUVacdbe8ouLvunc/Pr4EQ3YhvdU02RFbT7uS7fzMBEjjUjcc4xn7qjnPToCK+xviz+098KLf4CeCPBmq2Fnf+PJr7UptSeZEM9nasw3XFuxwVQIBtGcdyCc19n+Nf+CWPxH+Bfwhm8Z+C0j+JHh3xN4Sj1S8u9KU/2r4eu7i1SeSK5s1BaSKLdjeMksMbeNo/nB/aD8OeNovGmmWOo6Je2cdroU1j9r8iSLfIhfPnK4V45OCG3D5s457fu/CnGGW5pjFUweLpTcXTkouSTnrFJxjdNpq/91p32R4WRYjG8MfWMTToQrKpTVBuUedU3KSTjLR8sk27qXLfVdj7W8M/tCeCDpc2iJHbXWk6jbmKKNoonkhuiSjFnXDgZzz1IHA4zTdQ8G6Z4rgvpIhFHFDaiWCH71pcRMDmPB6OM8YJYEEe9fj34HtvE1h4qisrqa4jia6ZBG7sAQZF+cEtjAzngjGCOeCf1h8OnU7WxhfT713toLK3juYmd8tIUBxg84UkAdBwRyDX7flmbUMZaVehSlype6op3aWytvFX0tqraJankYniCrjLxx1OCppq8oxUZQUraLXlaTT17rvY+fPH/wCzZ8ffg/oB+K+n6FfN4I1ScXNnPD5tzYrbySEsZ4jzBGB1YgKB/ETyMvwL8YNP1e7W11+2Gn3yRKJJo2zbuQoBYDoASByOMHkjFfq2v7TUz/CnWPhv43WK90eTwdqGj20MsCy2i+dEwhADBlEw3f6xcNnBBzgV8Q/s7fs2/Cf45QaxHd62PB/iG0vLm105LqUwwzxxZIfZIED5+UKN2MDAyOvg568vSnOpSVOzSfL7yV7NSXuptptt9l955OaYSnQVDE5RiPa0prnnRnJNxmuVu0dN3dO17WSstGbGkyWd9ALiyure4hOWAjZGbkbuMHIPIGcdeOc5q4ysvmHYUZRuRXBIx8ucnBw2MlRnkZx3qT4g/sbfGX4bwy6l4I1VPFmlWxZWbRJBLcBUPyia3RyrEr15IOMDPWvmqX4qeMfCN01n4u8P38SxSCKUXdtLbSowO0k70C575DHBHUE/N8d9UpV2nhaqqLRtJtNardfjqun3eeszVOKWKpOm9Fezat7vvK3Zp9Lb/P6MurWK5jjEasrEYkBO1i2CflBOTz6Y6ZA4zXMXcb2rhtsm0A7mZNxPYDHODx6cY7A4rn9I+LnhXVYopXu4rO4kChEnZQoPGckjBzzzxwByDnHQNqVrekGK6iuYpVDAwyq5y/QqAfu4xx26E1yVsNVoySq0pRu0r20suXW22umm7PZwuLoVUnTqQ1SWlr2fKtumya1avfXVock8cuAHYLtBGF25c88/U8Fuh5z0504w5QlmypGVBHGF/vAfmTnjGOccww28AI2CR8quc4IVieNuO20E55zz1+bbqxqyqpKlVBwx2nHTPIORjnt94fhnljGLmko2urJavTS17t2W3nrZ31PoMM5TnTafu2u0rv00e10tWttDX02KeRFUbGR0O7LD+EgYGec4PJI/hOM9B7H8GrTzPip4E3+ZuTxRovlFQTs230OFckDqec9R+Ga8usxHbxIysvzKNqlcBjnoeOFB6HkfKf8AdPunwNZJPib4Kd3RGXxNoYKnkEf2hAuQeBz1AxjkgYByf03w4wtOfEFB1ErOlW5Vo1pRlr11S1S7rXdn774OYajU4nw/tHdrCYyyf8yw07b7/LTz0P6T/wDgqDo1tffs3/DC3uI4iBe6bLvMSGQMunqQC+N4yRng+/PFfzpf8IpE0k8qISxdiAeY8hsg4I25GRn+g4r+kb/gpvNFD+zz8Lwzj/kJaciqD82Dp3bJCkED0HPPFfz4O8RlKxMxiaVt/wAwBJJz8oByDkAjPIBPU4FfmHH6mo0G2/jxSs3e7VaaS31SSfkt00eLkVGlUyCM5puTzHM4vmlrb63Uil1fTstXom3po+EPD7yzwR3YjWIsiF42CkJkZweeTj1ycD05+vPD3hvRLSzjW3tHlkZFLmVfMDkgnKtk46jrzk4AwBj5f0F4I7lC28gYZRu+XvtzyQAAQzYJ7gAnGPqTwbqqPCIt4IAUBVAZgoGCCx/Lk5x36Afy/wAVUMU5qVN2TT2d3o10et7apPbc+myiGHjNR5Va2jbu1FWbtezT6LRaO3p5t8TPAl5d2VzeabbNHcQhmAiJUEEfKoUenQ4x2IAyM/md8S7nxFJPJprpLDc2ksg2uzmRhjaAQVww6kg9iDzzX7heVFdq0TyoEkUfKNq8YIBIJ+Xj0yfvDPBx4x45+BHg/wAVXIu2tltr35jJNBGAXyRktgbccckqc8ZBY/N5nDueSy2ryYmkpW5ZObXvRatZp6W8m2rW3a0Kz3I4Y+N6FTlUoWlF6Rd+Xqktdmut97Xsfzo+P/2WvD/xGnbXL2y/s7xAAHS9tlKrM4JAMiAANnBYf8BwAOlH4TfCLUPAfxd8IxeMLxo/BWjTf2ib6YNHbRzQK7Lu3RsmGIAYcZycmv6PfDf7OPg1Yo45dKW9eErmSVO4OOFz0Hy5B4z1Jzheo8V/speEPFmkLYT6DYeUildqxrnawwykgBhuBGRnHPHrX1+P8Sp1sPWy+o5OhWpOk1G11GaUJW0SVltq9Oy283h3g55JmeDznByUcRhMRSxMbfbnSnGetla17X39T+dz9tP4JQftB2Hh741fD3XtD1eayNx4b1Hw7pksbX1vYabxHfvAhEmJBkt8oAC9j15n9i//AIJT6h8cPCb/ABH8ceJ00XRZNWlstFtLONZby4NrIyzJc8jy+dvIwRjnOOf1Y8cf8E6bjw5qklx8LLu+8PNfQ3MN7Y200r2zm6BV2ihLGMbg2OhPJI469l+zZ8Df2jv2eNIufC90y6t4Qt9Qk1azyC88cksjSTKODwzEbuuRyccbfEr8a5rlvDX9mZJmlONWnKKoe0go1VCUnKUG03Fq7utndeSPpMbgcBxBxzPifP8AALEVa1T2tdSblRnWpxpRhNq6duWLfK3a9rJnzD4h/wCCNcdpp5l8PeIktVSfekpuC1xIEDMFdCcRxtg+Yd2AD3Gcfmh4Q/Yq+JHxE+Jnj7wR4RuLa61jwHriwahPNIPs8cCyFdsTbiZHdEwAAcZACnJx/URF8UvEdw5ttd0S4jUWl28iojKA0cL4I6AHpjPGec8cfnf+xs9nB8SfjX4ztrWUahrPiueFI2Jfe0Vy5YPg7SEUdADjb0OK83IPEXjXAZfmlXGYh4urhaUFQ51HWU5pOUXDSUoqSaT0tbyS9jiHh3hDPc2ymVXCwpUXVtWhSc4uVOEIuKS5pK3Mou17Wuktj4N/aj+Cmr6N8NNH0uTw7pR8S6PbW2l3K2tpEl3MbT/WyytGC8hlIILEA+5yQPkz9n/9m3UviX4uvtI1vS9Q0u2ht0Kz+VIkLyvtGyPcAHZeMgcAZ6DIr9s/Hwbxt8ctc8NQLp7xkxS3jXbKBHFcfLc+SrfKrx4IH3cnjnoe5tNO8E+ENQaHRY4IbjT7SaxilM0UYa5dWXzMgZZt+NpORhRkg9fQj4wcS0MpeElSm8fjH7WnXXM40YVnHePeLk2lsvmfoXEvht4T57jcpzKhXhho4PK6WHxGCp04xjiK9KFnzuNnzXu5Xs21e+h+dfxt/wCCch8M+Ifg98OPg5rMnjDxp8StKe7m0eYxK9pcOMBWkVy8aBjtYN82OvAGOL+LP/BKb9qb4PaDeeKPFPg9E0jSreNtUvrC4S4isGcgYlUsD94spxnBBxyQtc74x+I37Qfw1+O4+JWkT6u2q+FdfM2ia+bmaSxgtGmDC0hA3oIhGAGC4G7dx0r3z9o7/gr18ePi18PJPhjrWnaVpBYWf9s6rayMs2pRwNvKzoUUkO2S24ZBJzySD9fh+L+NaVPJKeDq4PHKtSpyx9WtUipR5mpVIyTlGcXGD5VyJpvp0f4RjOBOEqmIxVXlWHw0K1SkrqpCryxajTlRik4yu+rsrap2PzRvfhv400O3F3P4c1N9LjYiXV0srkWC47SXfliFWA9XHLZJHOP3t/4JxfH/AOG/wn8NfDnTfiJc3Frpt14gjRUiWRzJN5hMUkrKrbY0bBJbkgDOOa+WPAf/AAUC0vWf2YZPhJ4g+D+lXr3gn0mLXykBt7m4BeSOa4JiDrKzttMu8YBUAA819ffs1j9nH4efAfwj498b6Vp+peJ5NZlv7/RbqVbmG0KTM0VlZQy4RAIwG+QAk9QMUcU8SYnP8nx2WYzATjiOaVClGlLmVSXJb2id27a6b81z0+GfCvEvMsPVyKdbMaeLahToUY82IlGTikknyqMpRb3lra99j+mvQfjF8PfF15Fc+Gle+M6RzQ3lqu2NolxsJyMgKmN3AyQDkZzX5AfEc6fqv7UPjK+mMhhkv4oYzE4LJIwG5jtOFbkggsQRye+eS8Pft+/s0eJ/ENpoWgXPiD4e6g0S2UUcKeVaNLI4RIoyGCxrg7iOncHjB9zP7Ffje/1V/ibZ/EC0t7HxO1vqOlrPdm6u7j7SEkimuBlljVgVOcngnGQOf41wfhVxc89Vatg3HDxxUMQqsYpRcPbU221upJKzUklrsz+jMp4cwvhTPG4ziaONyWWcZPPBYOjmlObqVaspe0k4TiqlOUoxinyxlpzO9rafoB+xH4b0i3T4nvZiSaWeKOCe5mOZFUwbhFGecgHnGcgjhhn5vfovDZHwF1Wy06WRpE8RarcNCW8vLpdNtKgnIO5cjHfJ4Ffn98KvH3ij9mbxLD4D1e0TxJr3iu6iT7Np0zXFzeB4wVnihGGKMh8sggfMfxr0f4j/ALX/AMRPCvh2+0DUPgD4g0rTl1GfzNQMczLIk858rCqjfvplOVOMjIHGMn/VzL8Pj8V4d4ekqkPZwymhTcHUTk5UMN7OXLFtNtSV2orf1sf5ecT4ahT8TMdVirurmc5U3LRSp1a9OcdHtdbc1rX63R43+2FdanZfC3wPcNKbi7t9VkQ728ySNiSgQgAEjAPyn8DnmvB/Dlww+Gl/a6vbSXsGsWtxHeuHlC2qTRMibeCUO5gNp6lj8yjr33x58f6b40+HfgrUNW0XUPB94urK8WnamrMx8yTAN2GHyeaMMCwGB2zXON498MW/hHXPLurS+e1bTo5bSzkhmVNk8LP+5QnlmByuM8nqa/wk4ijjcp8fK8q2FqVMNSzeMq+MlGThSbrRtHVNXUd9dvKx/pxkWGqV/BnB0YUVKpTqYidPlfM+VtTUbddHqlLu99qHin4XfEtvghZ6jq509PBeg+HJrTT40SQXAiZ/NtPOVlLeYI+GbgjPy5HB/PzSp0s4YppAiwuJIo449rIrBjksjAgnjJBxjHfPH7QftE/H/wAIWf7OGs6ZDeWlqLzw7prxwGFUubaVoNkkXkYUruJ25Uchjg9BX4SreTeJtMtLLQ7i3E15NK8Tq4Upt3swcA/K7A7j7Dg4IB/q/wAaszpZ9LJsNg8Uq2Hp5bQdadKStCTjFRUuVySte+tmrJWPkvAfE1cswmdTxlBUqzzKr7OLXxQVv5tbKT31v6XZ7PpVr4X8RMtvqGm2VyhDKzhFDdgRkAEtyffOR7mDVf2edF1eGS78N3DWbsrfuHUNESSDhBkHBOACAc5GeK+UvCninXdA8QXtpcyStHZ3L28rGQvGZA4Bxg85Ctu6AHIOTxX2h4Q+KWnRmMSygGQACJmwuSAD16dtoBzkdscfzTn+VcWZLGjisqxFWvh6Vqns5LmUo2Ulpd6y01dvPW5/QUMzy3MpT5oRhWaaaTSs7JXTWtm9l5X7o+IviT8L9Z8P3ZhvNPaJY2+WdUKLLjG4ggFSMHKkEg5JAwRXz3rMYs3xGJdwU4UsVIOBnJUqRx0z6nk1+4+paV4V+I2mxWz29pO5iI3MAXQsAOMEls9wM/TPT87/ANo74BP4G0ubxRby+XZKZBtGPnyCQqHO7aD97kfKSPXH3Hhz4m4HOM1w3D2f4OFDM6k4Qp05xUlUleKTtJaPTa+vS+58RxJw3OlhauNwtd2UHNw5muaKSldO9/Xey77n5m+MblLkuJuCFIO5iAclsdSWJOPYkdz81fJfjONIr6BCx5YOMcA5OeTjJHHb0BwOa+kvE9+lxO0C7iT82W9FPTngjOcr055z0PzT8QW3a1FFv2qgQbSAScsBwQcZyR1wBnPUAH/Rnw/y+OGqYVUaShTlGLajFJO6i9VbZW66K6trv/JHGuIdTC4hzqSlOLlFJyu1fo1Z6rbS1/kfTHw8VjplnGiFmPlgvnA3ALgc9dwLZyAN2cYwuf6Lf+CKt23/AA05p0Ds658Iaz+7ySCRb4JGRgY7g4PfryP54PhnG66RAC4BBiIG0DgrjAIzgjkcEA5yB3H9En/BGO3hT9pvS54biOV18Ia0k8ecMGNupwBknqRkEc9eDnd/W2MhbhbEKNlKOEuv/AYqz72T01WvdM/mOUn9bmnJ/G162cd+9311fXex/YB4StkP9msrhv3UxJHzAjczcHj68E4IAyMED0e7j8q2mlUDdFbXDDk5ysTlSB356/UDpXD+DoIlttNIDA+TMWBPBy7bRjrgDAycA4BA549Auxm1uR3NvMOmesbdu/071+TYFP2UW93KGytso30fTVq1+6Pn8wk54mdnJ2krN6PRpWsvJfppsv8APr/aZ+OvxkX9uX4qeGfDvxL8YaB9p1vxK9qmkardxQIbHz/Li8tX2og2/dAAI6g1+TGs/t9/td+GPFWqDT/jH4skn03WL2zmkutTuppZDBcun7wO/CFRgdiQeQRx+1HxK+B3ibxT/wAFOPEelaHZpepql/4x1S9YEOlvE0U5UOc5TIAwoGADjHHP86H7UnhrUfhx8afHnh28tJIZ7fxJqzSBlADp9snCtHgkFDwFCnvzzX7NDLMFVwtCE4wb9hTcoJJ83NGNr77PTyV3Y9zJMTUi5uT0jbVJaxTSsujVrJNbvfRH6O/Cz/guZ+2V8MLqJZ/GL+JLVdglg1dGmBxhdgdnJAPPJBBx3Ug19NfHH/gs7b/tfeGvhh4c8e+FLTwrrXgnxBZ6zfa1YXbpb6ksbRtIhjxhXYLuABCgnIHGT/N7/a2lzYSR/L3oT8yqDuO7PznBznknHI9akivrNn8kmQqwVFeIgYUZb5iCGySpwQcZOcjFfn3EfhnlWbfvrKlObuvZSst4vWGyd9U+W/Sx+ucFcZQ4czfDZh9WwuInQk+V1IRUkqkPZ1FeKurwnb3tL37H+jV8Fv8Agq/+x/8AEH4W+FdG1b4hWWgz2GnafpF5p+smJ1b7JaxwyFhKCkkcjqSjMD1612tj46/Yn+L/AIl/stbH4Ya9a61JDALiaz01ZZQ7jYh4Qgy8Z3YyCCARxX+bkPGN3ZFYoLm4igt2UIyzSKQxH3cqRkjgg+vTAFek+DP2g/HHhi/W+0zxLq1s0EySQeVqE6lZIiCjA7sAqBgdOQCeOR+c5t4b5kqlJ4TGKKoWUXNPmaXKkm4vay3Ud+9kj73LMdwEsRj68f7Xy2pmMqlSVShiozo0a1WTm3CEoJySk29Zaq+t9T/SO8V/8E3v2HvF2g+Lr2LwBoGn3cenve2154XuIIv7Nl+zkxyJFATtmLhXK7T0PUmvzO/4cFeBfjDYXfifRfiZe6IGh1D+zYLm0juDcSr5rW0d67MQCxCr1DKpPAH3v5ivhp/wVI/aN8I3X2Ow+JHiRLHUlSPVIZ9VmljukHBiYOWOGHb3Bxnp+svwG/4OAPi78CPDMXh/W/DOl+MdIuzcXUTXV0UvIJJEON0u0swLHOMnGSdoya9rLst4kwEOanUcqdKnKMoUpyftJO1muaz081fTZHyWNynFxoYh5DxNDNaksTTlCOOpKEoUrpzhabqavR6O3q9X+e3xG/ZW8D/Cv4geOfhv4+Uz694R1nUNMeaKNI45ltZXiSZAB8yTBA4PbJr5f8d/s++DNUsLi58OXht57OGWVFZlKsEUlQ6kjAPPHYg4I4Fbnxz/AGv9Z+O/xc8YfFG8ktNNuvF2p3eoXNorqI7SOWQyJApwM7VcqXxgjkY5A8H1X4zBVurGxJnkuLYxzTJIdqllIOzacBQW6cYPpgKPKp4XiP8AtGhVr1q0KSknNy+GWqcYu8t09NE1a2u5/SOU5vwHS4Zp4bN8Hl88f9ThCrKnCDlLEKlDnlTndS0qXcbKzVt9EfI3ifTJtHvJrBsSyIZE3L91dr4yGBIGMYOMfKDkjjHl941yszxqGRlfcrIxEhUDPUAnrxgdQOMcivZdbt7zV7qd1BknkEhyjF/4gcDk4Izz1ySFBBzXn9/oeoxyhXtpSFJDSmMnBbOQWC4BIGeWwDgcfMB+25JjMRTpU17eMKlk7qaUuZci8tFu9N2tbH8ecX4GhisbiPqkIfV5VJumnFNKPN8N1vZarVW6qxhw63qttbnyr6+VY2XjznG0D0BPTtyRyCABk59P8L/EfxVYS2sNtM8j3KNGjz/vNqkMHwpB5OR97tnC+vnE2gamQ8kcEph5YEgkNz2ABAY+vGO/v6J8P/DN1LremvI4C/MzK2SI169D3YZwfcD2P3eE4kzrDpU4Y2urxUZOFSVlrFXs9G1Hr2W7ufmVPhDLsTi6cq2CpyfNBufs1e6nH3o6Nyavq76vdtHokfhHT77TVv2hZ9S1ITy3rMm9TKDuO0EYUZbIxwB0HGTx/h34cyeIrrUZkliWOwuljETRqMD5lBAOMsCG6ZwOQQcV9W6H4bKWTAoWQCcLhQcE9AOcgE4OcYYYxjtzOi6I2lXGsKsW2SW4EhIX7xDNxjGBxke3UAgivIxGLxDqRqOcnKablaUotO0Xo9bybbfW+p98sly2CoU/YU1CEFzLls/hg1qtG3re+6V73SPGrz4OWCol7KplZTIzeWoVhg5IGDtHbO089ia5W/8ADOr6DNFcaTc3lgFjLxOly6FgOg27gAxznGAMYOOlfW2oopFpayIY0lBkcoMMS/JU4wRuIBwB3PQla4jxtYxW2hjaI5JY5ZECMoMkcRwAGPAAI3c5x12sMEn0sBm+Koz0nJOK9+TbTTSg9dXZO6astXddFfz824VyrF0punRipJJycVZp+5LVJ26JaX1urrp4vpvi7xvbWzQS6pBdYid4re9gW6YMp3dWAyWxg8/l1rOn+JXjG4uNg8P+HruS3VV+bSFy45+YhUIYnJzkdQO3I7GxmkgiMulWNtPKYACJo9zq5yCVGOp6H2AyOK66VPGtnp+nX1t4WhK+Wxe4ttN3E8Ha7HGSQSMggDGB1zj2P7bqpc9TE8ijabk7SuvcirSlbVOV5WTVu92fKR4Gw05uVOmnytNtRb0XKt1ZvVptWdtdDzXSvGnxT1mKZdL+G2h3S2aNLPIugIEWFATMzyMABtTJI45BPcGvK9S+IN9dXV2uo6FpkMnmGExW0XlLG68OioFwrIevX5hnk5z74/xF8daGl9C8NzYRXlvNBKUhNmPLkUocjapPAwRk5Hb1+Xr6JzcXFxL+8WS4kcElXdnZsu2TxkknncM5BxwcaTz+rWpwUa3PHS75YdOV6pLT0u35N6HPieDqGFkuWnre2sJR/lvdPS3ZXd9XvqTw+LbNpJEfRImIUkZO3IHXoDwM/L0PQc8mqVz4jsmuImi0mOMuMDLnaHHAAG0ZxgAcY6n+8aILCN55WkuIlfyt6xFRuA99vI45IxnORjisvURbGe1PlkqGVSRlVc5UdScj7uTk9Dj5R1znipTScoJ83JrKPKm24WV0pW93qvJvdnLVyWGF5H7JNWSvJctvhWis7LW19NNfI6XRru71O/Sxhigt5XDM8ioTiNd2eg5IH5ZA2ngH2afwFdaXFpeLj7RLqNjPeTlos+SiAkBB2zwcYABJA9K8t8N2Gp3N/D/ZNqZrrBVFTCny2AJXdgZbaccHOOMtkV9X3+nX99e6TJqqx6bHYeGnhV5J1KvPtO5cA8uSSCCM56HFfqPDHCNHMsqxeLrxanFR9jKV1GKcVd3as3FJp3662V0fJZzmeKy/H4OjhoQ5JStUUVd2SjFR2721a7ny9HdSwyOrNAuXKkmP5mSPPAwcHOBgHBAxyRzWi1zLFOskVwXRo9wjAAK5BIyQNw7kEcdMAYqa50EmW4leZFKs7LjH7zDlg6jODv7jsCSRkbay1gl84yJFKMoBu2nbwNp5yFJPzYG4nkHvz+c5pSWCqSjOSUqc2o8sldpSSXVaNfzW3vrqfoWDdStQpzUZWcYySUXzbx6W2bSTvo2/I67Sr2b7Mf3rSbpDvUsQFUnHIHOQOOG5wRx0r0PTLj/RlI3MWyWHmEFVxwrc7fQnqeMjPQ+Lq1wgBjUhQ5JYMqAleQCMNnOeccEEZznjuNKvLmW0O+QRSEE4HQgYHUKM8gcEEt9CAPKw+aSpSklJ6JXsrL7Nr2dr/i32PUwmGVedqlN3XRxaVnZ9NE79l10Vz0EaukLYTIOQDnn745+bGTjpksFAI6DdjYtdZcmGNTtJIYgnHIYHIb39D0zx1ryS5vPJVTIznLZJ6g8N0Gc8nrkd+vJNaNjq6JPA0khDFRksxChV56HbubJAPXnG4YxnPHZvKUFaWjtdJ2SVldp9ZN9E07PtdHtYKFOhiYxlCK1VrJXSvHX7TT77aq+up9D2N/hgDJksMEdeqncTnhWzyACcDGMgYrE8RarDbLA8pCIcgDkswzycDIOWzznnPYjIyNGv1kUSh1JIKbuCB0CjJ5xgY75BBwQcAvvDms+KZ2stJs7nUJYfLcx2dvJcyYY5J2QozKNwBwRnkHONpr4jGZ9UwkniKlaNCnFNudacYQilKLu5XSSspddE9uh+vZVkWKzvD0sJluHdfFV1FUqUY3cmuV9L9E77brVWaPpT9lP9p8fs8/F3wJ8W7XSrfxDN4K1hdTj0aeQxxXZjBO12XdsIGWBPOSMEYr+gbxF/wcbfE7W7PR7/AErwVpPhxkllBgDfbnaNwFiD+YqldvQADPBJxjNfzb+Dv2R/2iPFEkT+GPhR411RZv8AUvDpNxHEysCQfMlRMgjk4B4IIwQK98sP+Ccf7ZM32S41L4Ta9penzzokc96fKghLsAGmOTtQE5Zsep46D4riLj7hiU6VXM84yidShQcYSni6U4xgnF+8lK6V9ErO71Wp+zcEeB9OtUpT4kybL6tZzVOEMbiqMGk3FuPs51YuTS6JO122k7X/AEX+If8AwWu/bD8b/al0vxrH4f0+7nkKJp1usMscMmRtDKxKnHB4HGM45z8WeKP2yP2ifHDTy+IPiv4su4p2ZpIzrF3FEruSCVVSFXAbaMEYBIHWvsT4U/8ABGb4yeJEspvFvxR8D+EYJ40lktDfxT3cMWFJVkcjlfm3YyMj1zX3t4Q/4I2fsueHo7cfEz9oSy1mYx7ruytdSsNPXeAu5FZLtmZTgqMgEgAjbyK/EOIPH/hTJnUWDdbFO7UFl+BqVottL4ZqlGDuvtcztfpu/wBxeV+CvB9SnQxeDy94mgkp0cty6WLlGcbXi5UqE4p3TSbmrtJX1u/5xvEHjnWNXkd9V8QatqNxtUvLNqVxcMwJ3HcWlPLenBOemSM8ykep6kwj0/R9QvpXVMeXa3NxK+TlWQRxuSScYbHAxjJ+9/YDpv7EP/BLv4RrYza9d+Fru4+zxkP4i1+C5E46mXY0h3qcNnOQT8owQMdDP+0F/wAEnPgxj7Bqnwshurf9yn9maZa31yJI+Cm5oyMggjcWPLBhnpX4nnX0kc9zCcqPD3A/E+dVHdQSw8oUbtpRTlGnUavdLq1ZvW2meYeMHh3hMN9WybhPMpbRjOeCw2DTXuxupTk5q6s0uS7b2P5SvAXwG+O/iC6t7jwv8M/F2qSyIigjTL1IiGZQDvkjjxlWHQ5ycdOT/T9/wSk+DHxe8CfDDx1pXjzTL3wHLfasTFBcownAktwpl29RIS2VwepPYVh+P/8AgtJ+xp4G8L66/wAOPDGs+Jm0mBxGumaFDp1kzoCFBvEiwiuQNrdSDgAMDn4s8F/8F0fFWseDfiz4k0T4XWaW6xPL4WM+oAGxmiQmOe7JjAnaL5Sykc8ADJAr8H8QcB47+K+XRy18A0MmyyrjcJXqVcXiWsSp0sRCUFGE+RqzS524p26dD8o408V6Gd5Lisnp5RQyvmdOtQdbEuvWcKU4OTcYRhBNLpbVqybPtb4AeGv2j/hZ4e/bR0b4X6vr+u+JB45up/D1trkHnpJJfvn7TY+e2I4wjDgYGB3B4+ffgd+xtffHj4p+K3/aqu9Z8N6haadDqd8bm7h0RfEWoTOVneyeZ4/9HgOE3R7shePfyj/gld/wUf8AHPxi/ah8e2Pxm8d6FpelfEbSZNchhdobCyt9S00F1s4pJNimWVI1jCkDee2AccL/AMF1/wBq+w1jxf8ACw/DrVtY0S40bTL22vNQ0a/ktI9SRC0SAy2kiLMAylxnPzdTyoPr0OCOMaPGr4MjhMPkuYZ7leFrT4hwuEcnho0MJTjUj7WKUZXqwcX70ZJvmW9z+aafEscLUzLFU6UvYq01XpaOM246JNOPxO+ruk7dWj93/DH7GH7Dfw10+zurzw78O7prCNWN94n17TdQn2gZLustweSMFsg/wnBGBS+JPjX/AME8PhJGbm61r4MaXLbo4iXT7SxmlIiU/uojHFKDM2NqjIUtg5AIz/C78IPij4y+JOsy6brvirxXrIaJ32XeuX7IFIK7XHnYwOQODnA4Xmu8+Kunz6V4OLSRyxGLUPKWScyyPIwbIxJIzMWGCOMbsEKcV91gfox41ZhRoZ7x/nONqSlCbjR56fP70WlJ1K1Sy0bso3Sfpb0sHxBjcwy6eY0q2KdKF3adR2k4tWT5HbV7WS6rS5/Zb8GPgZ8Bv2p/C3jT49eC9MtL3w/4q8SfZPDEkNnHHLusP3Ez2y4HlRvIn8IHBB24ANenWP7E/gHw9r1vPdeF4IvtqpMXe4E9ykyMD5oQKGCqcMI87DgAjNcN/wAET7e7vP2APhJFBtMsut6vJICdq5+1OAcEALxnr3zkZJz9+/EG18Y2PjLSIbu60+005TdEXEtwizyooLIEUknjA5zgADrg1/oz4fcO5FknDlPJvqeW1pYLLXGeJxtKFTE140aMYuc5yVnUbjdt762d9T8fzfxA4wxOdfVaWb5hHDRxMaVOhSrVVCMIqmlFpNaJK2t7631ufAPim18R+HPE/ivTrS/Nh4f0F7SKzaaJQ8zNGNpMKkH5BgZzkMSMV8L/ALWvjHxl4c+Gnia+0TxTfrqyaZdXSzwRiJI4vLY7mYkMEVyDkZ5wBjpX2L8W7n4gReNfGlhodjaalY6pPZhdWlkMxhchSzQjJXKgFTtJAwc8CvlT48eEpNR8Maw3iWKe/kn8M3FjJbqGFuXMLL5uxV2t8xyABk8Dk8D/AC58XYZFhuM6leNDC+xjnUvb01FKlyzrO3u2drKKto+ydro/trgWOJxmV0HWu8RUwFG05P35SdO8ndXk3zNPyaaVtj+MT4k+MNe8Z+MrrUvFmq6lreqy3k8k9/eXDzecqyMEiQk7liQcIMYHIAOcmP4q6ffQfB3wnfTWjW9ne61MbYh2ZWCg5yDkA5yR39+gr2H4l/BLxPD8V9e0ex0ZnW1tLvV4wHWO3tbISuVnuQzfKgBHGSdwzjGKX9pLwf4l0P4D/D/UNYt7E6fc3aLYvZXCNAkigbi6gBi0g3EkrwOcncQf6t4dzjKp0+HcLgpYeMqqoclKmo80YujGV0ldpaa/qfAZrk+axy7irEYtVfZRo1F7STdm1OCfM27rRrWzfn0Pmv4O8ahHGULF5lCsD8wzz1xx19eue5xX6b/BfxNqfhnxXos/2lhawX9q8iqoLg+amFL9VUNg+nHQAmvzC+D0pOoKUUALImSzYAy3B5G0qx4IOOnOD1/QP4f6lbx6vbrcfOgubZWXJKsBJGzEEkZGAeQP5kV9lxdlmHzLLMXQr0o1IVMNVhJSjdNShqno3a97ta9e5+V8M04xhRbdpKsr2b0W9u+rWrs2tdd7/vx/wUE0vRfGH7PHwF8T3c8kuoJrnheCBY2DkxXlxbGZiwzllJAwSSMjA44+n/8AgotY2ekfC39hFEUeZY32iopwVbYLKMkE+uOD7gDGa+Fv2t/GWlaj+zh8BRo5cwReIvCFo1uz/wDLdbm3VmwSxABHIOBu55yTX3H/AMFQbkw/Cv8AYkfDI4vNILEKpXJsYjktjOSRwevPTnI/jzhnD1MP4ccU5dZ0lhMTm+HoQ5bckFWt7ieqj6La731P0HGZcsLxPwrW5FF1cTGpOUk7tNKSvfRpJ6aaWSdzxbUte8jxDPdRPITNZOJo8HG1IxkdTggA5446jBxn9Nf2Bv2mLWw1BPhb4lvmj0u+XzNOnuZSIra4kJOwbyAFYn5M9xwMdfxh1LVphNezI7MBbyFWJBztUcDk5yDnpjr75s/Drxfe6ffWmrWV0UubWUSkiQqUCOCGU9R93t0Hy8EGv5x8MM0zLgPP8PnmAdSUqeJccRQWka1CVWCqQlZrmuttHZ2dtNf37jTI8DxdklTK8WknKgpUKiV5UqqScZwb1upO2m6urJaH9d/iaJDJZX0AOoWS3QntpYsOsSoBzgF1ZT2Y4zjHPWvaLJoNd0C0W5iWSMWQZleONirL0DIQcEAdMZPAGN2a/JL9m/8Aaz1jxD4PttGmsILy+trQpbXMzqVk8tOFkYjkE9+TkgY3EGvbbP8Aar8TeGobm3l0SGWTUZJIIURmZbVsYLqwGPLQgkADBAJPpX+p2QeJPDedZNhMasXGg6tJe0pyupQk4x5qb2u03a63V9dWfwvnfhzxDhsTUwcKLnLDVpKnVi3GNWm5JqettLNNW197bZP2r9o3QfDuq/AX4s3dz4b0i/e08G6wlvJe2Fs7q0VtJho28tXDx5BVgR0/Cv4YNK03Rr/VL21upFiU39+Zo1YouxrqRBHGoJ5Ta2FOB8vThcf206z40v8Axv8Aso/FPXNYhjiupPDPiVBHGuwGJbWQKSoAYnGBk9xyc81/DBeXjLr86Wi7WOqXwdXyGBF5NgjaSFKjOMkEc+xr9u8LMJSzzGYqNKo50cRCnUo8ralaVlzRTT11T2bel9Ls8V0ng6Xscwgq88Pi1Tqwbbens1KKbu7JvZPV67s991P4JeErzTprvTPEE1ld28ccptpUEiS7gD5bPknPQE4A6HGBtruvE37NHxg8JfCGbxONFttW8Ha7Yx30F/psqNPb23RpLmNiDGQBnABwOeBnPjvg/wAU3E15rNrdfvFjSNAxckKQVAGMBQMEkng9VAyWNfrTq/itNT/ZPvNLMkkbWXhGRYfKlYKxmUoMgHb8pJK8AbjtyT0836R3GuceB+Q5XnuVU44+NbGUcLiqVeUknCrOMebmWqavo1vbsz+iuEfB3hjxAy+nWo0auAqP2anOjqlzJJzlBqztLSWys2k1a5+FeneBLi3iuJX0zVfsc0ke28awuJYS+cMplSLay7jzhuMk98ClqXhOS6Z/KLIEmBDynypNq4DAJIFP3eB8oGcgggZP9N/7Afw/8Na1+z7oEfiLSNK1lJryeRTqtjb3LuhTJRmdN/Xpkkg4OBmvpbxV+x7+zz4qtLhta+GXh6FrkSmS50+BLS4GI2PysgIXrkE8AjkYr+NMu/aEYCGa4jB5vwtiqdHCV5UZYrD4mE78slGTUJKLa0ukm3sr2TZ+Z8T+B2EynMcTl+Hzbnq4etKlGU6XKpcrXLqpve+zTP48bS0TT206KOylmFtc58xcMrZIO4Mp6jOCO46g8Zydb0KafVZLz7ODEJ/tT5LEhgBhSMNwFHJH8XcCv0z8J/CT4L/F79pnW/gD4YtNX8Mtp1/qo0+9jlM0UrWMknmqNxBcJGvQHPQHtn6R8S/8Exdd01r1vD3iiy1FCH8i3v7QRyEhSAHc7s9Bk8H0J6V+/wBD6YnhxVo4GGa46eUyx1OlWpQxlJwXJVUZRcnHm0tLe612SPj8T4R8S0ZTWEhRxSppv93ON5JJP4ZWcnq01ZtPz1X4j6e8Nrq2l69c2qCKEXEAQcgl42jRpFxyFXj5h3BANejeCPH9rodhfWIsLdlSS6ndTGp+0+czYQMFLZ7DbkgY4I5H1J8T/wBjb4peBbnTNMutF029m1aUixTT5RLLdEHhIosKwkOTgDP5cV5Fq37Pfj7whfPLr/w+8TaXbiLE80+n3DQoSAd4aNGHQ5ycAdWxtJH6ZknjVwHn3L/Z/EGW4iM4pwdPFU4uV1BWSc1210Vkl2s/l8ZwpxFll/rmV4ilFNWapTSStDVWi01ZJPVb7Xuj5y+Nniax8U/8IvBLaCxS1tbhTGvIVmcsg3kHcOAfmOR8wwOM+VaXoVvqBgsVELvMjyFiqq4jiyc5Cgg4HB78YJ5r6D8XeD9IurQq8Ezy2vmRo8gZJQ7E/KwYhwQeRgZJAA29vPNI8N3djeErYmIw2UiwTsc79ykZHuSeDg4zx2x+h4DPcnxDpzpV6U1NxacZxkrWhd6cy21Tv+J89Vp1oVHGVGcLcq96LvzJQT05XrZOztvfS+/nWoeDdHXTI9TdWgU3zWzSOFZcKxUjbgZGc8jGSMAcccdYfD2bxXca9Jpc6La6FaTXDOrtAWZFLr04JJGRn+gr1HxP4a1ebS7DT7e+RY45pLieN5CNsrMWRXz2J6dR09M1nfD6DXtIn8X2UtvEyanpUqqyEHaQn+syMjJAIHPcEZr1cRDCYpR9nSozvGD5tLvRPdJu3M0r2tu+xyRrV4VHKUprls1ZuKd+W60dt3pvez63PnXS9c8TaIrTadqXiC0uRJKpNpezKHMbHBVA33eM+vXscV7R4X+Ovxj0qOJbbxTcXCRIZhDqyiVmTPR/MGTkZAU4Bzz8uK47w/aEX2qtfkx21taSi2Gwn98zYYMcHKljznI+nWt3X4Sy6bIsMSebDawHylUmRGByxUdMnggnPPcEmvKqcP4CsuevhqUtNbwSdvd5pN62bd171r6dkn0wzrH0Ki9nXnFLW17XtbXtq0+l30a2PXbX9qXxcIbiDxT4S0PWIHTfJKkMcEjKARuDIC5J4ADEEE5BxxWfe/Gj4X+K47aDXfDmq+HliMcx+wyNLCWT5VdVKjBYHPJI7DgkV4prelNZ6wiGOZoXsdzbfmjyVyT6KQuTtJPOMZJBrA1y1VYdLaMx75Wg3MB/CrKGVhjkEkYGASwz0OT89jOBsqrTbhSjT0aaje7u1dLdWu7LTrq7JnoR4ozFSg6lRys9nJ9FG6dvO3R28j7t8I638NL6NF8N/FS78N3TMDGmoNcW4PQgMyvhdpAAJ4BB2g9a+qvCPjP47eGoIJfA3xgg1yz3B0gh1xHL4wVUwSy+2DnnAIOM1+R13Y2kM8ETBAXWNwI0AJ3quSehHQY5zjnPStewkubCFntL7UbOWFlZXtryWMD5iQSFcqO4zjjHXIxX5xnnghlGaOUpUMJU5rtwr4elK+z5eZrTe2jva3Q+wyzxLxmCSpTlO1kn+8kmk7O1paXabS8+ltX+4lz+2r+1JoOiaroXiHTo9c03UdIu9Mu2ltxMgiuIShkE8JZlK5BBz7cgV59+w/8At76z+yrp3i/TNQ8DW2u2finW2u7kTyS2tzbhbh5SIwykOnzYGcDAGAea/L/SPin8StNtpl03xZqzxDaphvJTMjKeozKWDKSecEHbz05rctfjl4ns7lX8QaHoWswKMOslqkczMwyTuAyGJBB5J5PIxXweM8B8qweBxmBjl9CjhsXKFSssNek+aLtGSSdla97prtbQ+hoceLHVaU6lXmsrOErNNPlTckmu262aR/Upof8AwVd/Zg+JmntpfxK+G6QRskYlS+0y11C0Y4APmMyB9mCT1OABy2cV+T37Udn8Hfib8ZdW1v4EW+g6V4d1XT4pY7GxiS3thckZmAhOFjAwTz74x3+BdE+MHwp1qOePXvCWo6HOwx5+kzSbATzkx4Hyk9h1ycYx8vWxaz4CspbXU/DfjK6SOSIxCwu4yJAZONvmBhjHQDuPcCseB/DCnwpmsMZga2KVOCa+rzqc0Je8lzKPe3uxb7q/c7cVnOFxdGUIwh761s2+17Jt8u70tu77s+uf2VfBM3hj9rb4C2N26XZvPHGgsjIwaGIC6TcMAnOxsgHOD1yWxj+1X9pK0ZvDmh3kQLGy1m1TywAOCQoUcAAADPbkeozX8TX7Gfi2bxB+1r+zvE0izfZPH2lxLOgLeYgnTaWYgYJB9M4JYAAiv7cv2hNz+BLm4wT9jv7a4LLnhVmUtt24PUFjjqQemTX1fiJRl/Z+IUoP2ksOpx3veDTau0m0nql6JdT83zKcFmOGaWkbx5nZtuVrq97t3dte601ueteDdSivtDsVQgNDaWqlRj5WESjBBzyCvy46dQADXYAq/UZ29MEdCcnBzwcnJ7HuSCAfBPg1qZvtJuH3Aq8Vo6LkHG6NQw75HGfbB7jNe2hivAyehJB4Poce/BIA75OTXz/DmOljcowtSV78ig03o+T3W++ttOmj62PAx9JUsXUSs0mttG+ZRe7a/JbWXRCTgEgnkr0ViMgk5APUZAAxnj6cV8x/tWQq/wABfizIAuD4M1VD6jdBKuBkA9+uRgZJz2+k5ZCWJYYyO54JwcE8ZPQDgjPcDmvnD9qUk/AL4snHTwfqec/d2+VKST2IHcHgY5JIxX02WycsVS7Kor225ZNLvdLV+XfW55lb+G9L6del9FrprZ2adu3dr/PP+IqBNc1KWAhWja7MqkEHAmbnjOcnGemeRheK+yfAXiJdGsPC9r4ptltdO1HSLCTT9cjUmKDMSFUmYAhOT1IXHJJXivj741hbHW9Wkj+V3hucleMjzm2hsjnBx0BHPHofv74U6dp/ir4UeGLXVbSKaSTQrZGjdN6MgRVJXjKOM5Vhhj2HArn4lhTjjlFxu2m+6ulG1mr207tfI/Y/DTmnga7i37rXRX2it18m/O6vE9VksLa9tIbmCaO5ifa8FzCUMcikgKQygHkHlc5z24ArPufDul6hFPaXljBcJdwSW8sNxGGhfcOeGGBnJ5AAIyc8mvJJrfxj8Gbg31lBceI/BMrl5tNYtNNYITkmAncyiPqE5wOOM5Hrnhjxl4e8aWkOo6JMJQdxnsWYLcWkuCGieJmDAo2VOQQMc9iPHoO01zOEXeMddr80Vpe1n5b21vc+7xWF9q3OKdlaLevVq99brR7730vvf86v2ofgZ4b+HMvww8UeFxJFJqXi9LS904kMkQeTeTAOqJ1XH457H9Fvh7fR6b4Z+FLXEbiG5+IWkxowO0oAUyT/AHV6E8e3BGB8s/tc3aGP4V2LoGK+MY3GckrhjjJOR1x17jpyK/TH4Xfsw+Jfix8GPBOseGrxbXWPD3iqHxCIWwI7m2tgGaOMjOHYDaBgY9R3/vrwQzjB5f4bZtLG140VWxMaEZ6WjOVFJXe+vW+i37n+Sn0uODs44o8dvDfC5bSdeOXN4+vFP4KUK1Lmk32063e5+4HhyeDUNPtIz5c1tBZRM+QJFaPykDF0PpwCCOGznrk/B37V3wOtL1ZvGfha0RLxXV7m0tIgqTRqdzSBFHDclu5I4zng9B4G+Kuv+C9SOheL7WfTGnQWoW4yEeNFUNNGzDGx9mcqSAcEEEBj9b6PNpvia3tbm3WC7t57dZVDESKUYj5XyWzwx+UgZPUjBr81jjsRlGZ1MZRquVD2kpNxd1KnzXaSVk7ppaebv0P7C4YpYnLKeDlyNOEKUZp7SSjBNWs1bvJ/d0PwZ0OxWTxBe5R1aB1WSKRCrpgMMFGAIYEDgg5I69z1N3pwSaWRAAUy2QME47EDA4Oc4GB7Dp9Vftc/DfRfBPjpdX8LWjW02pWRn1OzjXy4hcgKWk2qBwdxI4GcHBBJ3fKlteG6gYN+7kMahVB5JPJOSO5HTAxnnjNff0eIY5hhaWITdq0fdjLVte7GTeulm38S1X3n9Y8LUKGNwVDFUoJKcFJpr3r+6n3vrttfTd7eeXZH9oOVUCNpR5o46LnAHbrnIHJGCvPNdPf6vpdh4cNpcLHBLcosUcgXDNk/MuAOMHGcH24ABGBdxu9/IsakoJk3Fec5IBJHADcY57dTxWX8SoJXXw9bxK0QdpFJAAI+UbgxOMZxnB57gcivXym2KzTAUldL21OctrpqScU7X2S1T6dNj+c/pmZnSyXwL41xMrKc8qxFKMZWWtSHs0u6smn+dnY8I8aXUFxdQPA4ZAxEakglAhUAk46Ajndzk8bTX1Fql/Fovh34L3zELJ/aVnNKqnaxWN1YMcEZDD6ZPbjJ+M9SlKag8LIzEXToME42mRQegIBbAJI6Yz3Gfqz4tTRWXhv4KWqIfmWKU42hsgR4I6g8knaM4OTyp5/oDFVPb0406luVQUZJ6J3gk7PfyVtfxR/ydV1LC42lOlN+0qVMTXg+sW5Rmmt0mmnrs/xPavjr4sutVzforJbx6NMEBbaJA0IDNzncc428Erx0wK/PL/gprby3f/BOX4U6lC8kix+O5I3Lgnyg7ksvr7A44BHJHJ+zPi/dS2fha3Dxs839lyeWzMR8rwLkZyQSoPI+8AvOQAB8i/t2Wk2r/wDBMjwZJ5odLT4gxu6qVcIGlb5TtJABC85wwxyMdfyDxipKlwTh6dNKNKFX3UrXs4ySXXfd2u+p/cv7OzEVMb4zY/GYmdSriMRg6ylOV4+97Sm2kr7Nct9bJK6tqfyieIYylxYNuEm66XJG7k7s7cckY5A7nJOCVr9ev2cfEsVv4UsdM123+1WLWUMSSHl4Cy5G3IJUYPqQQMZx1/KjxNp5Oo6dEoLbrgNGqgEj5wccYwQD+W3gV+inwjujaaFZRuzQyGKDzLd12thVX7u7lst8zDpgZORnH8DZnThOdSMkm7X5dHF7J2W7ttbzfRH/AEJcM4qphcfKUHpyxvq3zK6eunppfXXW2h94+GPFWqfDPVbbxL4Vu5bjS5J45LmzEjFWVWBK7ARtGB8pxnO3gcY9x/a5+KWn/GL4B+Bdc04xrc6b4l8m+gZ1M0EjQqCssYJYK7dC/ryc4FfBGpa9fW1qy29xKu0qdqMSuCOBgnBOfbJ5B43Cvn34j/GLxH4O0e+it4zqGnTXNvNfWMhKpv3DbLEOivnguozgYJwa+cWEkpqz0c4Wi3vrsn3vpvs7trdfpOO4plDLsThKvM6VSl7sk07O0d7K2jTtq7Xtue6aVBDHPI7THcdhZFYYABBbqO2AAc5AJGcHB7uXWLWKJYUdGKg44BK4XBJIyM455Gcjt1r4U0T9p7wtcypHqumXumSyKnmyRxmSMEjLNncThRngDPsCQW9f0f4sfDzW3UWviu1gdgPku5Ajkr/Dh8FScDrznAIOCD7vsowpxjKlJzbXRpa26q+vfXvvY/Lo4xczlCcXdv3W7X1vrq+m9mrq3Y+kbTWrR4UiDFWUnIAGM5OD82O/OO+fQ5rci1HTjtLSKrkEtuUE/L0yW5HPHPr0ANeCDW7eZS+naxp94hIYGO4h3H5sjHz/ADYPb1wDg/eYmuXYOBHI43EM8ZVhzwQADwOMY5HQ8DpMaMJXafLaS0atp7r63bb83ptZdN45g01F2s10lbR8va7adtOmi9T6FF9ZOpdArk4CAKMsR1OD+Hp8vY85zpri0YFycPuAAIHI7hRkKc/dGOuRz96vFZNeeJGA+0xl3HJBG0EEE5xyDgnHAHXJNZzeJmeVo2u2+RVIBc/McdcEAg9MZ6YP1qpYeCcbPmv3t2XXSz/zsXLGKSTW7dlrvtpdea2vvf8AmV/dHjs7iNWyoIkRRyFxggYK5GNo98YHsK+e9LtYP+F0a7EzJLF9hTC4Xy8nHXIIHAGfl7mtSLxRIhb995mQCpEmRzyTzx3PTODg9xXH6HqluvxK1S+lfbvso1zuzluOuSQQeQRwQAOR1rGrQUZU33nHbom1o13+SV0+g/bxqWu2rNPVadE/Tv5rW1tvoq48O6Ddo4u9PsZznB3wRvuBzwGwT3PPbg9c1xt58J/A+ol0l0GzhJy+YcRFienTgAdMk4ycelaL68u0gLHjKEyAkcLgktyQ2T0GeD9Ca07PWLWdlaSUKpBCjAAY+/AJIyPQc4HI42dBKVnHom3bRaqybstXfp21uF4SS0i/ml1V76Rf4Wu07PS3kt9+z34RuGY2r3tlOAxVobhtgAPygdsDOS3Tj7oBrlJ/gTqFmQdK8YarbSbmKp5ruFAJwC2/7uOenQgZyePpSe8jeMbZVZ1woKAHA7nIY9OnTgHgetRZJHnHlNjK5JLAg8jlgRjPBypBHOOeRSnRjFJRteyv3u7P7S8327dDPkpvVfhJXsnHbva/z3a3T+bz4A+LWmHzNO8YSXCqFIS4fcSPx+8Pl2888/jSx3Hx0035porbUoUbChR6AYIIYYyc/Ng9OuBX0tcl4lywVnYKp+UDgc7iQf8AgIGeuRzxja05Lfy0ONylju3YIUkZ4B6jOee+OB2rnlTfSV7au9n7qaWm13e+m+qsrtA4QbTj1s736e7sr9bW0T6NPq/ldvHPxEgZRqPha5JULmWDeSBkjnC8g4JIPsSRxUuveLo9c0yzjv7e80+6sr+KdftKOA205ZVYjqQDwuem0n5Tn6zFpayksFjwMAB1UnnqOBtHAA4HPf5hXjXxjtLZIPDCR28MYl1uGKYmFQWDPgqSBkgjHPp905xWEoySvzXvZO+1tOt2rq/qt3roUk1K9r3cVbo02lK+i3T1u3sldXdtnwz8YPCiW1vZ3Wo29vIiKhaYNE2FRVxlsE5YdzySM9q9FtvHvg/UG2warp824BgGnQBSCSeCwXG48EfTHY8bZfDTwrq8KteaLaOxQHcECuQUzgkYB5JOT34GM8499+zx4UnV5LSCeyYlj/o87xtuPOQueT0/HJ5Fb061RKMUk0umqvZrzbu7aa3vot9casXd3eyXqvhaSWl307p273frlvqOgTvvS8tpCc7NkyOrZPPyBjxyF7nqPenOmmvuPnRIAWIIIcYORjODgg89BgFuhGB81XfwBvbecnSPFOrWZ5xGZpCq8E8HcPQYHHTBA5rmrr4ZfFvTQE0zxjNMN5Kx3IL5AHcktgYwOvU+nTsWKkmuaDez93XdLR3V07WvbbS25zyhJQ5uWVrpPl2e1vvb6PukfWN5p0U8ZCFCBjB46nBAHOcdM4OQOayW0VXKruUMozkkcdchecYwNxIAB7cDNfJ7Xfx/0SQpm01RIgPlGCZNoHU+3XABH3VAzgUxPi58XNMkI1bwTPceWvL22SCASAehDAj1B46itliIN6we+vX+XTXe+yd+j1vdiu1bddNL9dX9/fRbH16umS225y7OMA5HKgDaMdSVxwfz9DWRrCOLC8Z2YKbK4CgYxnyyQcDj1J5HOMjJGfnBP2h7y3UJqvhjWbNgAGCwyOOgyBtBBAGcgjP5VLe/H3w/dWcscklxaZt51K3EDoN7xkEbimB+AJGCRmrU6ck+V3dk0lrbVbNbLW/nqnoJ1GrScrpJJu3pvbptt0fZHM/CxAY9dDkhv7VuCM4Ofnc4IPPJzwSRk+gFeo3MS+WrKApwwAwMYyeg4BOAcDvjgDqfmH4ffEDSrWTUlkuYlNxqdxJGHcDdG7vjn3OMAHHX3r3ux8UaPqEJVL6AsSCoWVSoPLY4I+Y4ODk4HsCa45U5Saa5euvRpuNndfE1r10uloio1oyppKcb2bs3q05Ra8090/8AhrIZ41d1OTGrsGYDOCMgg8k9QRxzng8kVOIba6DL5QfK/vC4BBx0PIGcjuePTsKRH09nYhlYOx6EFcDnJAPPTOBxwcEnrchltGWRFZEXOAuFHAPXdkcAcjoeOQeSR05pxas23F+VuVNrZvm1T79dmhVK8VaLte3m9LWs3vdteWyezMC/8MaTNEZpLWF2AI2vEhJxwCAw7HA449Djpm2ngrQLg+TJpVuokAVmA8ondkbhtwVPU5yByTiuxlcyRg7kwF2rjtg9Cckg9icY5H0qui4KuHAIALg/KVbOOB8ynGT3Ix6gHOqhdu6W3L0u27WdrXu9FbqlrZ6Eqr5NXXVWV/dd9O6suq3utdcC++F3hsRo1pJf2MqbstBcOFDAY+UEr0IJwSfQkgBjzD+DdZsAZNN8WX4CklY52MqLgnCkn5WU9uOAeB0B9MuryTyZMsSqDCMenoScD5TknqRxxxg5xWuz5QBBG5QHJzhmPTpyeB14PY4GKcqMI32fXRpq/u6pX2TS03s9bWsqjPn62s9LdLWd3e1m/J+nVLipNN8WiBTeajbXkJeNnLJ5bqoHzsR1zgZbOWHX1r88vjhubxp4hjO4E+QWGcAgryeg78jA4OfTn9ML+8Y2dyRwQBwBlwSeTnPpz06nBx3/ADL+N4kTxxqyNv8A30MDZJOcDJyQR05+UfXHXFdGDSlUaXKvcs9HpaVvu06LVnj51zRw0JWTd0rrfdW0u90tGurfY+dI559Mu/tNpJPbXEUhaOeCSSGRDkcgoVyT1yQc9G6jP2J8PP2jvif4ZsbSC/1M+KdDSNQ2l62Dcny1CqUSRw7KApKqVxjnn7or4xup3jJY4IaSQsWGcjODkZyejEnngcHIBHp+izZ0uEAkM0SHcM4wOBtxgEDB4HVecgcHorYajUXK4QburSa5bfC076W+Wummtj5+jj8RhE5U6kkr6x6WutLXtrZdvm3Zfc1r4w+CfxUQprMB8A+IZiBGxBOnyTMdvDgAINxIwQOvJ7Dl/HnwJ8Q6Vp0uraO0PiTR3gd4rvSWSdtmMq7rEzEcHO0YI9d2RXygvzny3yw3KVyOAcjnjnK8AhRkAfe7V6d4a+JXjXwBBJc6HrdwbaAo76dcyNPaTRqVzGYmLKFYHHTpjJOQDwvD16MU6dS8bq0Zp3b0sruOunqtNNzto5rRxjccRSUZ3X7yCta1tXHR9Lt6q722KOhy3WlaTPaT2s9tMJZVlSdGib7zDJRwGJ+9u9O+MiqM6u6zOj7iwGeSBggjjGeBxkDIPcnOK+5vhZ+0R+zt8SLGPQPjh4Ih0G/lcRf8JJpsISN3lwrTSNGieWFLbhgsCMdDmvpHW/2DPht490D/AIST4BfE3RNdhvYSYdJubqF54mZdwhDlvMDklgoKA7iADgYNUsRq1WvTsl71tGnaN00mlduzulvf07v7PniKN8NXp1UrWhdKd3ZWs7bX7fa9D8Tp7dluQ4LbmYZ6cgDggZOT0OOM8jgHmwuZLjyimxHjbIViVYrnLE4xwOCRtBAJIHzV7h8VPgn46+FutXOleLPDuo2D2UxT7TJbyG1mwxxJFPs2MrgAjJGByMZxXlKQnzlVuD5bFugIyOO4GMMeeACecAV69GinCNSLupWs9007aprfrp3utEz5qtGpQqSp1Yyg4uK1+09Fs9+rvFpJPbYgsLNvsvDYT5sKCQxbJ5z8wx1wcEYII6DNw2TlImA3E5P8RK4znk9MkHHUdRgYzWjYeTHaw/Mp3K5YHG45YgBQW+6TgevPPQ50o2gjXIAIYYJONwx/D/XofrniuyFNWV931d9nZ3tft036OzPJr8rm3bdb2T6LvfTa6te/Z3vzsENzGrIIzwxUcEnnJzkeoPXODkcDG4c54wjddIn+RkDyRKzHn5htI69RwSOeT19a9IS4QRbjgEl8Dg54+XBHGCMY65X9eD8WyF9MiVVDFpiWXg4OMjqcZAJOD05z2qJ00oy0v7vTRrZb2s/nru29RUXH2kbSaba93rq4xaSdt7Xd731ae50Pwa8J3Pi7xFBptmnzOsZlaSQxjaMZzwe30z+OK/RzS/2ZYb23+0anIBDFFnzYcBUZeSucncy4HGcgcZJ4r88/g1rMOmaslzK89rGPLSSW1YpLwR90A9QF5H17YNfofbfHKzsdIbR7ea9uYljASeWRmIMg5L52kkgjk9OT9PhM8eLdRRw7UVfWSs227adWl+vmfrHDNTAQoP60nOTbtq0nonZrbVt+S9bnE638M/Dui3B2zyXa2skbRI5xukByFbAxnjgbsjGMjnP2d/wSb134bad+2pqLePX+x2Op+HX0q0eRwYYJZJo0kkYEMoxbmQ7mAwACOlfGF34ztNRUsU3JIwXO753kGcluM4Hc9/4uxNX9lbVdbt/2lY59BRIZ5GaFpbrYIYbeVxBI/mMRhtjHBxz7EFa8bE42pl+W4zF4qcnChh6k3e6aaS97ZWVtOm7VnfT2qOHpY/MsHhsLaHt8RBRcV3atbpZJ+dtld6n6if8ABXr9qTQ/HH7Rml+A/h3qEd/8N/hDoL6HpstjKFivr+XH2h2aNVErxSAgMckZ656flYvxx8f+GP7K0zwrr2pWxvLiBZLaed5YWadiAjxyMRyeDg55xgDO5P2pdQstJ+MHibT4YgyQXV19qmjk3rPO7rK8pfJHzHIUg5wTngnHyXqPxDiHiDSpxCPLs57SfCk/M0DgiM7TnPBLBs8keoB9zgbNnVw+Dr+0qU6GIVOUlzST9nU5W2l6dNNF0aNeKsPh8Oq2DbjUnh2qUbxu3KPLFt3Tt5tOyWttEf0U+Go/jHa+EPDl/wDFb4BQeM/DWs+Hor6z13SLOGW9iikjyt3cRqCzuVbdsyCT6Z3H5D+MPw08H+JJ7Z/DMcfhS5vlmB0i+lfS9RSUc7JLeRlVdp6YwueBgdfQfAn/AAVs8TaP4Z0fwnc6DYxafp2iW2jxFSpZooYhEpwwIjlZQSSVOT0JAFfFH7R/7QB+L2qaXrVhbixkWSSEzxEregO252DRBAUByVHHcdeT/W2Y4ThCXCNXFZJxS6WZ0qVNvLnOUpYmc1FS0cYW5db2bi99LI/mavPiSHEUMNmnDmFxeU1KlRU8fT5FLD01yOCa1clKKtey5W9V1Nm88O/FP4XeHr690PWtQu4oSpa1ubYalauisflc4ljCkYGA2DweTjEmm/tNaBq+rw2fxU+Bmg+KUt9LtrOS7tdMFpcKwDBpXCwqQWBGT1PIzyK+Xh8ePib4C0Vv7H8UXV3YLcKLmy1hBcwsocEL5UyMSAMFjkcdTnFcZ4o/a+8RX+trq58N6Ihu7SK1u0s7eKCK48pVHmKgTC7skn3P0FfjWUcTZnlWZ0pVVh8R7FO0atONWDXMvdlGcXo02tG7dHsexxHwpk2b5RWoUZYnATrxgpSw9WVCcbNX5alOcWtdE72smtlZ/oW03/BPDxnG9v4k+GeueDbyUBjLalo4IZHxlRhRlQSGXHBxxxisy/8A2MP2CfHnlSeEfjTN4WvpomZbPUGDrHIwwqMz4GMkcgAjPPHFfnsv7UelXwSLWPBFnNGF5ZSjsT2yRHnIJySO2ADwBSzfG74Tas4W+8M3un/IRvtZHgIKkgEeWQWHJ75xgk42k/p9Pj/JsWlHNOFsrru0eapSoqjJuyvZwdrpNu/Lr2sfiT8M+IMC5vJ+Ns6oKL92FevHFRiotWuqsbt3tbVPzWp9a69/wSauNRJuvh38avAniCKdXe0gudQtLeVkJJTcBJliQRyM5HKnaMV8/wDjT/gmH+0v4TIntND07xLbbSiT6PdwXIkY5ACIsmWGOMg5xnpxjlrH4k/DSOaOTSvHnivw9KAPLMV1dFY8Y+Vd0oyOing54Gc16foHx88V6a8R8PfHvV1gi2+TBqF7KY8qfu4Z2GQfxz1zy1Y1cx8Nccr1sox2Xzle7wldTSvyv4KkfuV3o+ljSllfi/l6th8+ynNqcWrLHYKdGUrct050JNK97N2+658Z+K/2YPjv4Nnkj1/4Z+KrVYwdzx6bPKigcbg0CSddoIPQLnjHFeQ6h4H8S2d1a/atF1SxKFhIt1Y3UIXHJ3mWFMDBOSSehHFfsnpP7Yf7Q9j8tr8QvCPiGIJxFqUdnc+YvGFYTI3zYznPzHIAPStPW/2tPHviHQ9V0zxh8Ifhn4mGo6Xc2Q1GGysLa6tmmRh9pieNQTIpJZWBByOCK+fxuUcC16dSeBz/ABuHmov2dHFYLmU52Voe0pza1a1bSV9X3Pp8sz/xFw9SnSzPhnA4qEpxjVrYDH25YWV6ip4iEfN2U7vbun+VHhS48YW8zaR4RuNbiu9ahTTprLRLiaO71AEhWgkjtyXlibLZUg8typAxSeKvgv8AFTQ5ZZ9b8B+JbBWUTGS60y8bOckuX8kjkncQWz1xzxXvHwwvdf8Ahj8RNL8d+GdN07+29JvpdUsbS9MNxAm6XeIWhfKsifdAYcAbfTP6Zw/8FUfi4sc+k+OPgv4A8UWl2Mus2k2cMhTbt2xz+UT84A4J6kngc1yZHlPDWNwtSGa5vPCV41XCio0nUi6doqM20r7u9kno+mp3cS59xPl+Iw88oyaljKU6aqV41q/s6kZ3TdKKa1slpJ3V9D+e+eyv7SdluLSa3eJiAHRvkYNggrs3DB/4Efm4z09f+GuveHNMugvifw2+tQXEu1xbztBNsXlRkKCoyQGDDLdMY25/VYfGT9kn4leKjf8AxN+CF34Mh1Fw923h3bLB5rNuacAAKFLtzheFBOVOMfX/AIM+B/8AwT0+KGnTxeHdb8PaXeCHy4LbVbs6TeJIQQj524d8kbgzAE5AySBXrR8N8HjadSeW8R5fXS0hCcpUajbS93lkrp36rVNu3l8zW8YsRlUqEM44TzjC86aqVaVOniKMH7t/3kG00k203bR9HofjVe+LPhhJYrBo3hi90mcMczGbz9mRwuCoPU9M8ivKJvEttaX7SjSre9jckRiWFCSN2MsNpwecBQByBkiv08+O/wDwTy+IFqxuvhJ/wj+u6Q4ea1NjqNvLdS24cmNUETM0hKHdyAWBAOM5HwD4n/Zs+O3gmdZtb+HviSFonJW4FnNJbEqQGYbVfK7uQNvXg183i/D3iLL7ueBrVaWnLXoxlXpuyTbvFu+nkrb37/XZR4ocMZzGM8LmNGjUdr4fFSWHrQkrLldKbi76pXs7pqxwk2teGJ1ddU8H+SGYsZ1ikgU5HPl7kVcD+EFjnjnoa5U6R8NdUMxDXVhPL91d+UXPzemGAIx97HBJORg+1yfFbxJaaafCnjrwBpmp2EVu0Eb3GlNYajEyR7FkNyY1YlThuT16nOTXzJ4lthPqUktnb/ZbXaDHFE24RK5JCM6gBsZAOepGOgGPncXkuMwcrVadWDT1jOFSMr6dJbaruld7Wbv9fgM+wuN0jUpSsrJxqU5xmtNU4uWu711Xw9zD8eaBpukR6eNMuftUM5kYlsEgDpkAntkknPAH1Hm0jyIGUkkDPfBHQgdBkgHJOCMkDGeR0OqtMPs8LM7IrMwwSwCncCOcjJBBH3Tgdxyc28SEiLyoyG8tdxxjcfRSN3JOCfr2BxXm2cW11W+qvb3X10tr3u38z34tSgprRNLVrd2Sb210s7NdXoZyS71OS5OMDA4yTjn05zxuBweppxuMbhyCACp5BbGDgkcg8DHUAYOQOkbocoAGGSwA2jJJGM9x2GcHqfQkVFPEYEjD5BlwMBNxAHYHBAB7+3FQ273v2fz08kunb7w973Vza3Vna1rON11tfVp9F190nNzKpGHKYB4DsOwIHBGWI+7649TkXbXW9TtnQwX17COv7q6lXaw6D5W5wT129BgA7iawGcgFSDnogIAIXgEDoOPoPwxmpYpFXZu4AZcggHIHAOc9e4z6nOeaV3or7NvTR3uvw01/C1wt/V/+C++3y0tp6JZ/Ejx/py+ZYeKtZtxGAUAvpGGOQBtJ5IweMg9eMjNdlpn7SXxd0liIfFdzOoABW6Bm+UdiWPfoeuD1xzXmEMFvPaSvGwEyoWdQqjKrnG09ecHI5B5wQBzycrfMzEnILE9Bz26Z+YjGeuSc5pqUlf3pLXvvtbq/Tp101BqUba823RXXwrazbWtrW08nbm+vtL/bS+KOnugvIdK1JYwFJmgjO71LHaQc84J6dsGu8h/bLh1KO0n8TfD7RrwQyjzGigiIlQsGKbNgXgA5IAJz/Cea/P7zAC4JKkAHpjJIPXnBOCTg/MSxzmriy5tVjYHGSdxPTHHGB1zn5u3YD5cL29VK3tG2rOzVn9m2z6a3S3d7WSs243s3yvRWT8+Xmt3V2ttfxP0ysv2kP2dPECmLXfhnBZtOq75oLBCY92M56Yx65wMf3jmrD+J/2M9bDxXVlfaVIAPLMAeL5j34UEDkZClgDwcE1+Z9hcGBpCCDhTtL5YKcHKgkcHLFSQByemOKuS6jFLsd4UYqMFQoG/jqeNxPc8cc88DFxzDERkouz2jd6avlv5/nvt1J9jRle9ON5WT0Vt4vR7aW20eq1bWv6RJ8Pv2Ste2/2d8SbnSpZBkJPIwCEnoQVAIHGecngZIrPn/Zy+E2oyMvh34zaPNsUsEuJIl2jPGWZxgsOm7pjOCAwH5yLLIryFFBMhOApOR14ByMHHcMMYGM5ObImnSMPC86zYLSFZpIwQo4C4kPOVzjgnBI4Ix2QzCa3pxtdX7u1r2urrbTZbNbnNLCUHZ+zV9NrXWsWlbTy6X8r6P71n/ZI1i63TaF468L6opJMSC/gR32sMDbv68cDHZu3FctqX7KPxatctDp1hqEYyxNpdRyM4Az8oDHIHOSM/M3TPA+PbPxLr9hh7PWdStmX5gY72ZdpySMDcwOQMYHGCpHCnHTWfxr+JmlHFn4012MqA3zXsrgc8gjcFPY9PYGnHHJyvOFk9+Vq/TXXe23T56ESwVBqLTlF6XW1726Xunp1v3eqPW9R+BHxTsHlFz4K1FkTIDW6CRSVAOSVyTgdAPpkVxF54F8Wafn7Z4X1m1ChlObGZ8HOc5CdNvbpjrjII09J/ay+M+l7QPFMl5FHj5LtRMG6fe3Bs5PXIJPPvXoVh+3D8So0Eep6ZoOqRHGfPsoizA8HBZTz0GQRgEc5JrWOLw70alF6W0T/lT1s/O976v783l8W1yzmloldWs/dSt5pfE3a35fPmp6PeQpL5mn3tuGQks9vMo2gYOcxkDknJ4PTmubtrKIJtc+UxG3aylCTuHHzKDhgB0/KvtA/toWGrQG1134Y+HrhXjIklhghVmYggtwmeM4wc8YHGMUll8f/gBqUEaa98LoI50I82a1gVd5JOSGUDkcg9vQYrFPDzqKTqaJpqLWr1jvZrz31uk76WfRHCuNJ01Oz03TfRLVat9Lfeuy+RU060b5V2gr97DAk98/eCjjqeMDpnBxI2lwjcBxnA5Ixt5xnuf9rGOeTzyfsP8A4TL9knWpT5uiaho4chd0e5WUt/wEgf3s5GPbpV0eGv2UtYkb7H40vtMJUqvnu5QM237wJxkZJOCMZ+XjiuhPDS1Ti9X1Sd/dt3/D/wAmV0ccsHWSSU29krXS1avJqzsvutpvsfEzaUo5UZyME8np3YdgCeg6/e56CFtMbHzY+U84JIKnoDkngkrjgjpxjNfbzfAX4P6kudA+L1lGzKdi3RQj5skBizDPUDJbDcEbcZqRf2QrrUE3aD8RPDWox5JAa8to2yccnDkjJ9j15wDWkaNGTT5otLdXXS1vLr87kKhjI7NuLdnbrtvdfr/wfhuS0kRdxRgAAmcA9c84G4jv0yeOuCFqo1u4AJUkfdAzgKeOfZQMdBk4AyvFfZ+ofsffFK2B+x3OiamoOF+z3sbbuOAAudxOMDhffBYZ4TVf2avjHpqSCTwnNchG+9ZssuR3yM8Y6qOuc9R0Tw6b0kmt9Gnbaz183+o+XEr4qb6dLp25fktbPXVNX2WnzKIC4P7oMGYknuCoOQc9cDHXOTweAcwSw7AAVAAy5bblyeMj1BPYYJzzxyT7FqPwq+Iumsftng7WoQAo3C1d1YAkcbFIJAyDxweONwNcVf8AhrWbRSLrSdShZX6PZzoMqOScoeQeSDkjjJzUyoNJpJXsk32+G+nbbTV9N7IpTqpxbUlbVXvu+V20ulbp3T7XS89uwQiglgpkCgsPm4I5+X0x068ADOebEQYkAZUFTzwN2OmM8AfU5zyfWrOo2cqBBJC8IMxwsiujDk5I3BcjGc89Rx2AnigUKG8xTjAwcDI4zkZ4J4x0+g61xUqUpVaumitrLTsm3vpbZtb3tbRnZOpalBptbp6eifReV1b73tTMMgUlQT3JIBGCD0HckAg9xjHG4imOkm4EEgYztGQMdAe/H5kc4PBzuC3G3O4FwMbQSAQe4IIz+ecgdcYpJLRVYkIxJXacr09+D0P8+cZ4rWVB9k/8Lst42fVdV+OnbNVU/RJa26u17X77WW7ta2hzpVlBYA8/iASTk4wDjAHJ9euCKVQrHAGSDjdnALDBJwN3AJBI57bRwS241pHkARnLqCcjqAeccc46qcEdOeab9iG6MCMgLnp6+w5yO2Bls56Diud4dyTfLpqrvVdLt6PfTf52divbRT1b95Ls76rRt30b2dunzMsOTk4LNnDEfKdwPGACSAB1yOegwMZduZB97OST24HPTJ5+mBwOgyMXxagfLtyzE49fvccA/wAPABz8xyOO6m0UnaQTkY3DGS2DyeTgdRn1GMdxPsGkrR3slp2d9LW02/K+o1WWzm/d3tu7cqvzXXRLd9LdzPEzowYYwRnapxnJ4x36dsnk4HULThdyoQ6O6OpHAldTuJHPBBI7deOfY1c8iMtjBIAKEBTnOOPqFwpGeN2VqrJaFXAUcYzljknnA+Xjg9AOeSeMfKZeGb7aLq7XWlmtdWuifTaxSrWa959rtPyfTVdb9G+neZ9W1MQusd9eJGcB4luZQrY5O9GYqRxjlT83QgcHqNA+IXjbTYl+w+JNYtokwI44r2ULGBgAIgOAB+eMjjpXEy28q5OcHbkgEHgAgk+4BwBnocDBFWtKQ7HHzABsAgZBx1z7tj5gc5+nWfq0XOMXFWcbveyaUbeny1urdNN1XlCnKalK6tqpaPVbb2dtJJaaXTue+aV+0T8XNOAit/F+oMiAYFzIZwcY2/fIJyByexyfp2Vh+198X7J1NxqNjeFM4E9smSMHOSB26jg9ASc4z8zyQNJExwOxUcZIB3Z6EEEgnHOCePWmvbMFUlWJ4X1zyOQe3U4ztz+ByPBw6Jq+iabsn7q7ryV330ZVPM6yaSqStG260tp56bPe6XbRM+19N/bk8cxbE1DQ9Muwu3cVKxlgOp7jn064yccDHdab+3TZ9NW8IEgkBzbXDMQCccDBUepznHbivzodeNu3cQAqlRjbtbgZB7LxggdhjHVoj+RyAQflOQenQZUH3HOf4fTg1zSwLeqnNfN9OW9tG0tfitutep2U87xcEvfhJRaXLJL+672Sul80r76XZ+rmm/ttfDG7kjOpafqunFAAD5JdQD97d82SBgDODnHpXpdh+1J8ENURPJ8RGyldQAbmFkBZuGJUqQOmCCeD2zgn8UgrgsG3EHtxjrnv0x94t3x3I4aRJjIXI5ZBwDjIA4wOfxHrXNLL5yWlWom7Wad3utb2vtq9dXr0sdtLiGqmnOjSldq7cW9bRs767apvTZq5+9Gn/Ez4T64ALfxp4fm3YASV4gTnnkMFAyOp5x0z1NdnaaT4P18tFaX/AIcvZJVBiVZrUOVzzz5in+WSPfNfzypM8b5jaWNsgErLIhBzggbCMDGTxjplccVtWfiXXtNkElnrGp2skf8Aq2t76dWUjb0O7tz8vOR+Nc/1HFQfu1mtt9H0s2k/XpokdsOIMNNJVsDTasr8rXdXtzLS/Z6K7Wp/Qzd/B/QBZJczWNvcQk5UWcqgoxwcp5UrZAySOBwMk968Em8FaZZ+L9e0+3vNQWVYYxZGK4k2JJtB8uVtxwyAcDI6njHT8mtO+N/xV0qLyrDx54iiTcCI21GZkGcdVYYHTJBJwQecnFa+lfHD4oJeXNwnii5ku5HSaSeR/MdnXjcMkc85OOrepOa9PAfW6DftJuo7XinKT95paq+qvta/XRM87HY3AYjllQoSoyTTcvd2XLtyt3fk4q2uhhC+ghSKNQAwYtkJz14GeoI7/wDATnqBWudQupCGLEKwI5Pylc9AAOCdvyk+vYAio40jwklyzNsGcbh8+OSBgE9COACfvZ6Fa01ksgnmsmAx/dpgnBJ4DLzjcApySPu8kgDHKoRe7s9E3rfRpX6WXR6337nhRjK93F62vJuzskrKye+lrtJ677syJrxtqvgqAhIReM4PO7+Fe5JPUY6DAFUX7BVCIFznhRkZzjkg5znOB1/pavHhnmk3DyAo2qv3RkqThuDgY6BgR64PBoTKsaRYcqmQw5BLHI2kHrjJ6DGR6jJUaSenbV2te/bysv60tva1tErcuia2VtE2r2tZeaS00sOS4JlBZAzllwNpOc44Uc91z0GDnPBArYuLu32RqIQZAAocZXDEDJBycq3qM8knnpXOx3BMo2xjJICnbjgHhgO2Tj1wAWXAzV5p0QSLI+44+ZhG2eDxjnpyeg6e5wOeSu7t3v0a0dvlaz6W+bfQcJSaSS1kt4u9l5tNb3ask+nZuVb1nmijjwApG054Q5wWYkYwT2PB6EgdJ728gVEzMsk6swPBwGPf5cD/AICG67geCa5ee9I3ogaNSvysvDN3Bz1GOo55x9az1ld/kOSR8zEn7xYk9Tk4Jxxnkjg+uahdpvyuraaJK2nn+aWgnT5XFtN3tpbf4bK1m0r3vpa2idk2dA5mYrIXwMjBDDIwQckDjGAcZHGASpNRTS5DLE/UbmLdWB5Xr3JGADjGRnrgZHnSuSoPyIFOQdoIPPXuF5BXg8HHY1J0yx5DAjkkex3ZB79CD0AxjFHI1rZy2Vk22ttku1m73VldadXFctku6Ta0fS+zvo1te+rt2NG2YI4mkcBSvyZwcHI6jg4OB0yehx3L2uSu5fNV3bkLyoXGOvPG3rkDrnngYxPMC9BuJ3FRn5cL8p5PPH0yMEdAarkugWUo0m9vvHICgMvQ5xjHPGMc568Ead37yfpZrtppzPr17q9+uqi7LV7rq3fZLezvdadem5r3E8ceWYvJMilsklh8vQHbnvxjHze3NZyXNxeHawckgttUFfbBwTwvQnuRngcVTlnZnKggKMAFe/dgenHPU9s9eauabdNbyXBjjVi8ews/JUfeO3OPm6AdB9M86ciirddFbTVu177t2Xpfa2xpGKtbRJW6LfTVebs3prpYl8tkZV+6yAEqxAzxnOc/MegXAB6kEE80XBE5k353YJycBVBzhv8AayB8owcY6E1JuBJdgVYA9QSxyecnjHHQZzwOTjimqljuc8jJPPY9FGOpHYjnjg4zQkru6/Fb6arVu1l0WvS+4JdutvnsvTtfb7y3GzlsJjccsSAwxx8oXJHPoM85HSokO4bBnIYAHGAMZOSMnkZx05/WtnR9Mu9SMdvbo0ssswSKKGJ5J5GPCqixozFi3AwpHbknFfQfg/8AZT+OXjW/sNM8L/C7xfqmo6s4jsbUaPewNdMxChkM0cYIyRggtkDJ+XpjUxFOlZSnGN2rczUdbrXe7s9NVZdew2pKKdm0ra62t7qe7aV77t9Nbdfm8S7DjhmC4YhckcDBx0wD69iCauqI2YRsGLSLuGQSSQnbjoM568A47nHefEf4X+LfhJ4q1PwX490O98N+KtGmEWqaLfoI7uyZuArrnILYIIboemD14+GFHUSxsVJIUK+QQD97GRnJGQD/AFNOElK01ZqSTi1s09brW0o9barZJW0HDXa19NHbrZtqz1il310eisz1L4NeJtH8DePvCHifX9Ej13S9E1q11G/0i4TMWp21vIsn2eXI4D4wRz1wfu1+7fxU/wCCxd54uttG034afB/wx4D0jw/paW1gsNnC2Zo4REjSRmMCQqeUVmxnJAGK/Eb4Y+E7XxJezW17IhS0UTbAMSPxyAc7v1GemTX074k8IaJoXhGae1sXeRYRIMqpdX2sCVbqccjpjp6kH8H8Sci4Q4h4gytcQYCpj8XgoxWFpyrVo4aKrTi250YTjTqS5lpzxdlZN21f7JwTVzrA5Pi6mAq0qVGblKpPli6r5YqL5XZ2sm27P87v9A/gfpX7Uf8AwU3iudKvr6XWNL8D3EVzLc6rcfZNA0iCSRmEFjZoGja6lQFUAGAeoC9P3c+B/wACP2Uv2Tfh1HqHjHwV8NNL8faZEXutb8b6ha6vqd1dIFNxNZaWwco7MGMEeOe/NfzBfsS/tE/tA/DjRvFvgb4O6onh6z1q4iu9W1OPEV/GVJxGlyTlAeV2Y65xmvo7xHB4r1C/Ou/ELxldarrN05nubrUL2e/uDI+WLIjOY4ySeAF6HcOuK/l7xP4Sz3G53icgw/ENHhrhOnyfVcqySm44vE05U6aqOu4OEYuUuZJyclGOrjrc/ZuE54TEZVQx9bB1cZjpR5a+IrJKMJQqLSE5Ju3KtXHlequ9Nf6hfCP7f/gfx3Fqug/DXwZ4j1O60zTRHp+s6bbW3h7w+l7ACsfl4Eai1idkZlAfcoO4kHj49HwFtvib4z8V/ED9pv8AaFsLSw1PUkuJfBPhfVonvp7RmVo7Oe6ikUwhEby5Fw2SGGMA1+Kmh/EaTSYvsOm614lnijMjmO2upLOFiybX3LFsB3YGeT/SpNP8aeJ7u6upwLqC1uCA0sk89zIoJK5GX+Z8nJyuQRnnFfjdDwqxWU1sT/YOb1MsjiaMaEsdiKMMZmPItZuFWvP2dCUpNXlClGfu2va9vuqGKwEYylLCWc3ecabbV3GKa2slZXvzO29kfqN/wUA+OHwO8Cfsz678B/g1o2lzeGXggiOoT3ButVmvHJy9xPJuZyowx6DPG4fw/iN8Evj7P4Q/Z0+JXwzS8VR4juwzQphWOf3ZCkdVIAByCTyCTnNWvifLrOq+HtetjBf6oWmAhaZZSwYAncOMAfLgHJOduOevw/oFhrNt9rgFlfx77iRGzDIIy7MQoG7HAI5x8wxuJr+oPCHgPKss4QxGW4zM6mZYmea0syrYnF1ozq1MTTcJqTSbUdYrRW2a8j8a43zTGUs+oVcJhpUqP1Wph4pRk7wq6Su0rPR6Xdt7dT1DRr1luoyxQRK52P05CgcuTyQRzzk5xhuDXlHxHWXU9fiWKN5VCFQ6gvzuOOw3A8AjjGBiv0j/AGb/APgn78YPjpo41Sw8QeDfDFg8pZU8QarBa3siFQ29IWO9lw2QflJYjPt926H/AMEV47S6s9W8UfHLQIpXRWms7GGG5RScMQsgkAKklgpIHGOmdo/QcX4kcM8OY2VPE45zr0YOk6dGjWrO94+6/ZxkrJpXs/vseJQ4Dz/PMHCVHDqnTrThU56s4RvFqPeV7NX5dG9tWfhDp2k6tcaItpbafO7IiISsbnamAQoJBAwBnJyTwe4U9nD4L8T3Hh+CBrKSIbyWDg7wmQSSCRhRwQx+UkZ24YZ/o30H/glD8LrMxLc/GmKQeWA0MUcVsM7VDE5kOeeABjHQn5hXc6x/wSb+GN5pBi034y3NhNJCypcStFKhJG0Y2S5I9P8Ax4kCvkq/jJlFbEQVOlXjT9tGpKbw9WLjG8bNQcb20T26LS1j6ij4V5nSw7dSpSlP2KgoRqwu3ZWsk3qt1dpWd3fQ/jc+IOm3lprFxFMqvJCdoxyu0NswAPl4yQDkfd9cmvPDbSqrNgZGD82QeDngE+3rjj5geMf1ba7/AMEHtA1+6muoPjjGZ5CWRxawyeYrMSWI88AAYyQTgcqQa4zU/wDg3+1FwsGi/G3RZLqRCim+tIkUuRhRjzWC89ydpK8Dg1+w5V428FRweHVTHVoSajGXNhK6Sl7qbdqd1qrb2+ep+c47wj4oniKk4UaLTleKWJoqTTtbRy3V/W1ursfy5tHNGylmySOOc4zkcdh7jPv0Jru/h1vbxdoW47n/ALQgGe4JZScZyOSAOOMAAc5r+hDVf+DdH9p+4US+FPFngjxA+NsaG+it97Z6qFLYwMEjknvnivgX9on/AIJsftLfsQ+KvC1/8YvC1pHoep6rbW1l4g0a6S9sWuHYMLcyqVxMRg4wMAEkAGv0TIOPuGeIKtGlluZUa1WpOCjTfPCcm+V8qU4xvJatxSvpptr8RnPBHEGSxlUxuEcKUEnKpCcKiUW0k24ybsnZX6HrTq7/AGTdnbHbITyrEnyxwAx6n1J5A5AHNRPGwVHBIUEnJGAdx4yASCSR0AGOnerp2CGBQc/6PGSGUlhgKNp9Ohye3bGaplWbILZG4hSCcbV4yDgjuAD05zgHFfp8FbvrDRdXpFd9dNdn3v0fySsn/M9tXr01212TfpZao5nxAjvY3ClwVaNiCeckkjABPHX6fj0+fEGHu0Y7ibhgACf4TwD1IAPoMdRjrX0jrsS/2ZNgbWAIwF6Akndnj+HPPA4AAOQa8BMaJJe5XJaVtuDjkcYPAAHc+hJwcDFc2J0ttZ8qfz5Ulto9r2X4u5MrPXpp03b2/Dd9FYveF5WKagdzA+eB1OOu3gZIw2c43dQVGODXd2QUMykk7myfUtyGXvz6Hv7GuJ8LQkR3+4BAtyOcndg9QW289xwRjsDnNd/bBQQflYqccD5sgjBJPXH459cVnSldQV2ttnre6Vr9OvVWe9miE2lG60urpW6WX3b9X33uSJCWduCqqc5Jwu3cOi45yBzyewOcAV6F4eTFzaRoqsVfk89CVxyMbshWznOOhHeuBgUAlhk/Mcg427lzggfMepI65HXoQa9F8OhXu7D5l3l1JAOB1AAUjgkjOcfTPp7+UU1Gacbu7Tbdl1jsr7Wv8+rPIzKacVfo1FdO1ntfS9rfPqfQEcWYYgTuIAUDACk8AYGSDgkknPAPI7B0kR2BHYDcCBg5OeTt4J5OSBnp0wO1qNURYHCCQqquT02nAwuOcHA/iz3PuWMhlMgP3l52nK8t/tcZ4Cg4JA/4CM/R3TWrV1Z3te70enmtv60+fTbldO7vu2le9tNfXu9NdEtMZwUGzJVi2CmflKgADBB6gH+Ljg445pHhIGcltrZY+oTnAx6YxjgehFXTArM2F+cAc8NhuMjoMDgHIwc5OOcGF42aRsg5RF5Uc855wD0Pc44z1yaS6N2TVm9X5bXvpZd7307I2ure97vw3W7d7bJ6pX697JJaMhKFyJDgKGDKNoPQZ+Ze4YgAEg9gCGOR1XhqLOoJ5YY+ZFIpwCVChDkYHfrxj5s4GOawY4B5jADKgYOcqDjueo3f7PHPYHr1nhNJItWjaI53RyH5sbQNrADoeAQc9Plz7VE/4ctU/daTWt/hsrP+tXsdWDf7yKjayaacdUrOKSW99t+/RLb8KPiV4NbVfjJ42ie8it/P168WOWYAAM0zngEHBIPPHQEdBzs+GvAHiTwjcz3sFvDqQkDGGdAtwVxkqdq8gE4wAM4PrzS/GK5iX4s+OZZLpVki125kVF+7u85umMH9O+Tg9ew+FvjKTSZxezubtIMuLNw12si5yvHO3noMnGWIOeR+M5rUr+0ruPLbnleM7JWUlf3ulls+uu9j6mnGLaUk0nZK1ko3s2m7dnzbp9NdGcH4j8Ra1MGW+sRbqrFZj5TQlscBApGD165znnjt5LqE13LIG0u1mVnc5Ee8EMQRnOOhY8kgcEcEV+k2qaj8P/FnhaLVPEFpZaLfXE5REl07ynZN3yT7mxuIJ27QBwMA9q4bwd8LvEnirUL2HwV4TtvEVtbvkXEESKghU8M5CgruxnBJbDYPHI8/CSnKnz+zsrPW7lF+aabtbd2TW17anTKjH2sYRqKTutFq3omtO76vXbS9rHw9onhLx5rcyW8VjOEcEDzBsjYscDLNtU8euSW4A5wPbfDX7M+q6uq/2/q0WmtvXZGjebgE5O0E4ZiOB2PPcV946H+zX8WtTmg8/TdB0OJOsNzcRxvGucBmUY5HOR97BIz0NesWn7Mmu2pE2u/EHSbO3t/nkjt5ULRqo5VCpyxwDgDIPyr16YVsZXXu03CLSstOZ2dv5UnZ2/BX7nq0csjUs58zWiabWqsu9mktV5a6O93+YWt/sv8AiDTZmm0e8GrxhSqBYlR8KCcumeM44OfvZJPUty9l8HPGcNyimwuI3jIYAJhQ6Ec4PBC8knJwpPI+7X68z+DPhx4Ytjv8XXGrXiqwANwsaOQCSo5bBY4HPbtxXzN4q+LNj4b1We2tfDubRCIxJcuWVg5JeSJsHk5LH6gHBBpUK+KnGUJ8rbTcWk027J+7eyberfm9lsbVMsw9NxnBtR93m5XdXdvdTV76X69tTwbR/h14tRDcal5i7ETazZCngALnqADk5BHGM9SK9E0n4e+K9ZuNiNGsUcajLAqhXptJIUdCfXsQRkV0Wq/H/SV0ibTrDRrYzSwITcXUQDQSvg/I2cEjqBxxxxjjzGH4w+LhN5EN0qRNH1iUAIGGABxgHGCRn8QOAvqdSabnFLTrJXva6VkmtXZet7MwSoQfK6jb3dn6pRdmr2Vl111PbvC37OTaxqMJ1XVdNsVYhZri4vkj8uEEFgQQCpOSPUDg8g5990n4RfA34d3BGp6zpmqS8SXOy9E0XIDbFwBnJxkcL+tfFWleL9cvkc3txKkUgcmdncMzDjqDgYPX5SOnGCczXOpyTxNEvmS+YAzSliSAuf4mOeTxk8nOc5wRx1MuqyspTjGLaekVdWUW1rdWbtr1720DmobQjzO12tFe1krJK9no7q2nkf0w/sGf8FM/hR+yrZavokmn6PBZXdo40gWOmwyOXjUCITSlTIpZguSDkk7uRwvzH/wUa/4KED9qeyhutQ1Jbi00md7nStHfdHbwDkf6sHBJIGMg4x3UAn8N9Lg1GeVJU+1eYg2oiBpMheAeF4OegwR2xxxvP4M8X65IqNYapINhZN0Uu3DA8tuC8YAOfQgDnAKrUJTpxoyqe4oqLvLeL5b2TbVn5X1a2ehwQyqg6yrxpSU1NTUbylFTvF8zTW65ml9nVa7mtpH7U/jLTAun28lvb2CCVYtrNvRQThXB5ZSvUnJwQfarep/tUfEoWjPZXkNknO2aEEOxIC5ALEnoW4HbPB5rlLT9n/xFeXccklmbdJBzjdK5YsRgpGpIGe2OCR36/QPhX9hj4h+N5bC38P8Ah/xDrU12WRbaw0y4w0gAIUNKiKdq854UZA5JxXFDKshw84yrQw8ZN3vUlBO7aS+KWm+qir3bvbp9BTeaypOFKlWkoq90nZRtDaTj8K30s9N7b/D/AIq+N/jbxCky6r4i1W5ZnJdUldFO7PBKlWxg4wOh6sK8v8N6dqXiXV1ke6uId92rz3M80hXapB2uCxxjJJ5x6DAr7v8AHn7Bvj7w3ftYagJNMvxcSwSaRcqpvYJYyQY3A3EP1yCc7sD6/WP7EP7FHw6k8ZaxqPxznvodD0VInitGdYbWZmDGZ7p2YYCqPlByckn0x9/lmU0lQVShQhCkopppRjFq117yu9u7XVpbNfK4vFV4VXGrOfNzRVm2pXbiraXl3vt52aPzHYSSahPpUmnnVbdFSNJLMM3mMihQ4ZAQ2TjIzjluoBpPB3w3m1HUZbiKx1O2jtrpzPGqESYc5VFIIOSBjPcjHqK/fH9mv9j/APZ1+OX7YNz4G0nVbjR/hZb39yWis54Fu5beE/dguTJlUkYEk5O1MFcjaa+7/wDgpR+wN+yD+yL+zD4h+K3wk8Rifx9Z6xZw6dpd34htr59Vjkk2zRCwRi5miADFxwpOeASR8hm3HGRZVxBh+HK9OpLG150Yy9nTT5PrElGjd8ynJXXv8t+Ve8+p6+HyrGV8HHHOdoShOVO8ZyuqSi2pOKfI29ua19lpqfxvePvBPiGw169t00uSOCeYyxteOY5WCgEjLsCeMkcn9OON0nQdTi1OwgnntbF7i+hRXaVVEe1xteRixCgMATnAyTwMBa7H4vfEDxd4n1N75xJ9paMOIILdwtsp6KGU43L3JxjAzxxXkWn6T4u1mSCS2try7naaNlEwkDKQQzY/2MAg4/od36XH+z6VONSCc0kpW0SXwyfS6007+el18/epOpKPd2SV72fKrJJdm9Ojd2f0Ffs6fCTxJ8Zrfw14H067k8ZajdrDD/Z8M8lwNLs4kXzLyeFFZYokT5xnAYDGOpH9B2m/8EJ/2dIvBPhHxf488e+I5NSvYLdtXstPtjbW1v5savLZxIAWMgZiu/PJXIA4z/Pl/wAE5P20/H/7Fg1rU9A+Gug+L/EHiTQhYLqerhZH0gCM4VGlWU43HcVXaT0JIyK+0viN/wAFVP22/irpkNnb63pvhrT4XdobbRrJYmXIIXaQu3cg+UZGOOOev5F4h8ScaZk6mWcLqGCoRo+zp4iVaMIqs3B+1m+WVRpJWUYxs9dT6TIeHMvoyhicWoScpqdVTi5VORONoRiuWz0vzS2tpbc+3b//AIJEfsM+F/E2r3U2oeJp9Nhkg8iLVdSgtUiUP+9kaSfaSmCT6jHXjB+Gv+Cjv7P37FPwM8D+HI/gDrOi3vxF1XXIYNSsbPVodVmtdJa3VZprpE+W3O/dkgks2CoyM18MePviH+0j8RTd3PjHx94qvvtAZp2fU57eMgtuAMcewKuDwvQDtjAr54k+HwuL9tS1fV7m5v1SQujXc1xLKVjOFLys3BbAPUck+gr844O4H43o5xh824k4xxGYuMnJ4GlGpHDxUtXC7dnFJ6PlW2iTPqczxeVQwsqOBwFOikkvaS5VK6teadnK/S13102P26/4IyfAH4D/ABL034ieIde1qKLxx4f1mO10vSL3WrfTrOS2Y759Qkjlw0qKCw3A/LzgjGa+yP8Agoz+1n4b+Gngm8/Z8074h6fqdhNHFNJZaFONVtLGG3Hk/ZpHiYR7FXhlzh3AP1/l++BEnjLQvHmptoOoa/4diu2mtnuNOv57MNbuWDeaInUNnnnAJzgkYAP2jdfCXQtUEmoeJNevdSnvFQuJLiS8uZWZSxEsjB2JfqAG27sjrzX1+P4GzTE8R1sznnuMp4OoqajhaE6kW4qKioN6RUU25PlV293Z6+FhcfgI0KftcPQq1KblyxqwhLkk5XdRSlyyu1ZJPRd7t28a8TeJvgLc6Xb6jYeELzxv4laUyXEl3Z/ZLQPksRxlDHkDgYzxtGOK8s1fx1rsk9q/g7wF4X8HQpJDK8Vlp8clxcNEQ0RmkKNlgcd8AgEDBBr6svPhxoem6XJHpXh7Up41dY0QWrIj4z87Oyp1B+9xjJz3Nbfhr4catLbzu+l6BotusW6J9ZvLWEoAu4ZDM7YwTwR2Ir67LeEo03yv69jJtRV61SrVXupK6hF8qunZrl1V79THHcR4OlTUva4PCU4xTly+zhta93dWurJpvvfS6Py5+OHxD8cal4r0OTW7m5ttWvhbJP5TukTQQsqQxCIcBNucqAAvQDnFfSXh34Rx+JtHg1jxCLpYzbW8itEm1VRkyrSDGXUrknr0Oewrhf2k/AdxqvjzQZ9L1bQLuLT9kmqXOnT+bFEFlTzI4yqje6BThRjsBkkmvt7wr8Y/hN4d8I6TokXhLXPGGrQ6dbQzTszWllI6RBWJ3BtzBgDgA7l6HG3P6FkHBOKqTSp5VVik01ai4J7at2T3avru27Wab/KeKfFLh7KouWJz3Bya5rQWKhJx5OXWyk7XTs9Fp6Hzf4S8H2Gi32qWOhafFdJJJsaRkJkcFgDll478qOBtxkcYXxB4W8RL4l02V9Puns1aOIObV/JXY2zYGdccZ+Uk7WHTivbB8TfF17JLF4D+G+maa086qAmmzapexkkBWVkh54wTnA656HPoWk/s6fth/Ga6tV0jwd4wv4LhlOYNKfT7RFlwV5ZF2hV4yDlRgAk4I+9n4W47E0U68Fh4TjaTmuVRUraPm5UrLfX9T8crfSX4QwFZxp42lWqwm2owqqcm3Z6RpuUrt30a/G18rwxov2K4tJbmHTrRY1gkZryeGBmUDJYxbskZA43ZwQcYPPceKPG3gGxudLfWPFGjs9ndrMLawVblcKFLLhRtLD0z1PzKMED6I8Df8EXf2t/HElre+KJLTwxaK4LnWdWcTJGTg7o2KqSB8pG4jO0c4NfXPh//AIIeeAtCWO++Lvxx8M6Rbxqr3kEF7aQYIw0gMk1wrN8p9OMdWXJHn0vB/h2hJLF4yjWblaUacnOTWnwxpRm9Fsr31+/y8f8ASlzLFUp/2Tg8XaK9ypOl7GDso8r9piJ0o/PZ93a7/KbxB+0P8M7eI3OkaZrut3aEyx5iNtbiRVVV5x0YLjaBgnBB7nlJv2ifiDqdvBB4N+H0cElyR5aywTag7ljxIqLGdpbnsSOM4JJr93V/Zq/4JMfAe0SPxz8W9F8R3Nigea1TV4b2SR0XlRFFuU7iPulhgE84Oazrz/goz/wSf+A9u0fgb4ZP4q1CxUm0mTQoFV5I920+dJuAViPvFD9MV9flvh9wjln72GV18Y0o2lOgqcL+7Z+0xThZN6L3W9fmfmGa+Onihn8pYbC4mnQjNWUliqtaaTavengaVd/J1Ip3s+y/GDw/8PP21/itNjSPDXimFLqNdkek6TcQxKGJxliiYABIOexPQ9PqPwF/wSQ/bT+JJtrnxBp19pVrcFGaTX9QlhxuJLM0RbGcEkjgDgAAcn3Xxx/wcbaBocM1p8H/AICaJpSoXjtrrUZrSPZGgO12hS2UEDIIXg9Qeox8CfE//g4E/bF8cLeQaN4m0LwRZNuATRrGNLiNGByFlQjcVzgNjqB8uSDX01F5bllo4bLslwMVyu+IrfWJxjaLv7PDQik0tWnO17pdz4utl3iXxRNSxWY8RVea9oYLCwwdOTvFXeIxtWrW5Wre8sOnu+XRI/Uzwl/wQcv7dY7z4qfFbw94bhIVrg289vuC/ef95cSoByPvZHfPAxXpcv7Av/BLj4Cr9p+L3x20rW7+zGZrRtdtkeQoOVWK1acOMADDMQOciv5SfiV/wUX/AGiviLO58XfGnxvrfns5kto9YuoYUDHJURxunByB2xjqMivkTxN8b9b1a4M91dX180jkyTX1/cXLnJzz5sjc55Y8k56k9Jr8U5ZQj++zeCSuvZ5dhKGHjfRpe1qKtVat0XLvpu7evl3gvxpmMY+1wrguaHNWzbMMXmFSzcby9jRWDoLbRNSVtro/s21X9tf/AII2fACR7XwV8NIfiFqdphY5hp4vo5ZY2IQ+fICDvYAk4xyeAABXi3jH/g4N8AeE4n0/4I/s1+E9Dtow0dnd6jb2sbAAFUZkW3U+mQzZx1wa/jtv/iLeTvk3MULliVEZQscjJywxz1yDxwPXAw7nxlc3BVJbuQ5J2kyEISflO7sAT79eTnjPzuI4wyj7KrYiy0+t4mtWUn7rfuc8ael+sOuisj9Kyj6P+MXKsdjIxlJwcvqeEw2Gb0i2vaqi6yXn7W+rfM2f0s/Ez/g4U/a/8QGaDw9qvhPwXaOCkSaPpduJ4F6ACVAMsFwN2M5J+XgGvgb4lf8ABWH9rjx6Lh/EPx48aukisPs2n6nLZwjzMjaEiKtgqv3VzkkZJANfkg2rmZWJuNzKchfvDrw245z0GAMc8Entx2samXLHz5Dz843HbxgnCrg568EjkAEV4dfjqdOMlhKOHpJq16VKnTlay2nyuTdtbXt2aufpGC8A+HKUISx1KpjGrNfWq1TEWaUdFGpOUGt9OVL7rH2j4m/am8feLGefxB458Uau8gYStqOvX0rsSOTtM2Dyc478dc143qHxmCGQu8k8x3Ze5kknYsw6kyMx3HBIHQ9TnJr5kfVXQYUMTkgliQG3dM4xkjocc8e1YF3cXDTHfICruARlj1zgg4OWB6kDIHLDByfmcbxlmdW/+0NJa2Urfy9/d9Et1Z76n2+X+GPDWBjGNLL8NBKKVoUaUb6xd20lZaebVvN3+k5/i9etbKyXBijDEqFAPPrgNjg5B7ZIGcdeQ1X4qXlxkLNdTNndkykKw53YwDnHyYX8QcgmvLbWKSWW3tAhlEskaM3J5chcdCQCOBnkdjxXtut+DrDS/DkOoS2yW8zRbBhd27HLZY4ywBPIyc5ABJr5HH8Z4qjVpU62Km51ZKMUpNK3u+llfr1+bPscBwPlXs5To4HD8tJXf7tWVkmum6b03tpbc4yPxhrWsSww2YmaSVgMknCgErlieQmcgEj2IwMHqpfDmsTFRfajBCzJuCq4dk4JGTnIGBznoCPTnzrTr/7CTLERGGVlUKACeSBk45JJ5PykZ67T8z7jW7zzJGlnlLFQQofII6bcgjC8+3QgZArzcTnGa15rkxE4U2k3e7b2u7t2stX6atWO6nk+W4a3+ywvf3bJW0UXta2rurNW1vbe+L4mnn0u7eBblp3RtwJI5UE5OBt68beDjPXkVxa6zPNMjyMSNxLAkgbBwQFOOgJOeRjv1zoas091cTXJVjlNipycKoP3859Rg9eeSMEVzdvbvOXUIdwJOSSFAUg4UnHfjAOT2GRx0061SVOLqVpOVrPW95JLbpv3311OqFChFqNOlCN29HFLVctlFtdVovdu76pK56jb+IdPhgRkt145AYgMxIBwc8jO7IPQjrnrWZJ4wjimdsLFvQiNAgIHGMkgcbTyOOo9gK5OKykRE3hvvdc5QJhsYOSM4BPPQcYxmobi0trg7xMzMoK9wVGCCduTgLgkntjo3SuVQpSlZucrtO/NJ/yrT7t9ErNLRM6HGSS5Uo6K6stkk2mnbmteyvfa7dy5c68J2aeebe5YEJ2bHPPIPBII9+vHFWNE8QxyXtsl0gc+YC7AdUHJUei4JIP4dAK5NtLZJgqjzgAOEJySeQMKMgDC9cZ6npx6N4Z+GGu6v/pqL9mtowJHd2IOOuFyAcEYAHfJOMLgupVw9GnJ1KqgneN+ZXvbz1vvtta6vdExjJ8rcFa6bsm7/Bd69fNa3T0VrnvXhTxnodjK50m1gjk3K5fgOGTlxnGSTgcA+pwDWv4g8Rad4q17TtipC8axLPL/AAKAwJIPTPHOQeuDjgnzuz+H1tYWjtJdNFNJhxIHJRcfM3zA5GcHA/i3c9yeU1KxubSK5u7O8lmjh/dERkgsOQeg65yCcZyCxHJI+Y+pYWrXlWoym5yTSnKTt79ndX7eqWq1tqdXtmoJK2600SWz3Wq0able+/u3ueq/FP4gWzWqaPpV0HiigihcwnG1EDKyMQcEs2Qx4OevAyPm5bj7RdRxK2Wk25HXDE5wfp7HJAArnb7ULl7iR3ZlTPO4szEg5+YnJJB69ewIIGKn0UTXd/AqRyMzOuCu44VTklsdABjqRz6nmvZwGApZbhHCm42alOc31k7Nu76Pu+trM5pVZynZpbrlV9elkr2ve+7vbR66o9U1a1gttLgct5ZIRdr9HbG5iDjKjnr05556+0fslTeZ8ZvDIdwA0s+0YJygTGD3GRgDb9c9q848Q+H0vdKtZHvBbhbcMtvITlmAGFbOMNkFgPUj7uRn0T9k2ylg+MnhwEs6QvIGkJ+6Dgcd8gE8ZGe/Fa5ZiYVuV8zcvbWdnv70VdNqzfZpv8ToaaqQTjy+6r20VtN/J3vpa2l2z9d/E2EvJQA7Au+D2ADEDaccdDgg5HXIxmuY+VGG0NhhuI4ILYAY47c9CDjHAx23/EZJv5RvLKxJB3dy+AoJ6Anr12rg9uOeDmNmYkEckdWYg5wuQAOo7AkccDjb+lUpJ04N3+CKt6pWWrtqr626WeiuctVJ1Ja72aW7+ylftq+/ojlfEoZoQxbYGjZcEjAwWJ7A4xtPB4J54XdXmfgQFNRu2yCounHJOMEsScckc9cYJGAADjHpPiVwbKMkgAkkY4yQDjOeck8ctk9Oorzz4evG+sXcZCrmeYsoUEnAIBHXqGyAOCM5wazlrViujcXo+t4yej0utU+ydtb2MYv3nd2d1ZLay5fi26313tZq6SPVZM4SRiQRnAB+Xj72Opzxk9+gODxSElVkYkEFgw45xzyD24znsOh99BoVZhkbV2kZxjOO23OF7559fpSGDauSRjk5PIK5wM4xyAODn5R+FdC02Ts1fa/bfVtt3+5P5qWz06fdqvn5/I6D4duj+IImKnJYBFIyQMEgZA64Jyf97I2gV9EXzKN7EhVCHC47jk/mOex7jFfN3gJiPEUTKePMxsweCeCfQ9QRj6dRX0pfRBiw5Y7FZcZ2gnoB7kZzxkY7ZrtobK91qk1ZJrz7b37ba9zlmotNta+7qrKWrSWrV16dEcldNvK/KwyDyBg4J6kD1HPJ56E9j1Ph0qJI124xKilj36Zxg9/UkDGTjnA5e7yBuwwIOGbJbPOEHGOO2c/yrqNAI823BAJ3xjoBnBA3HJ/Xtw2Rk16ClaL3a30V1qlv626L06W4XZTskm0ld6bO3pdWu1bbZ2ufll+09d2tv8ddeWYxsy29qSj4PHlkjc2RyDt4GRjacEdPD9R8VCGOOJJgiOCvlxsQWHTkrxg4A+mOM5Fa/wC2brzWHx/8TxKqlBBaA/PkqCpB79MDpk+oHNfNEery3qs7blEIAQknlfUgngEZ6DBzgDjn+beKsieMznGYyq24+3m4w3io3TTs9G132T6M+qo1oxoU6cFa0UtdL2UW7pb+V29LaO56FeTyzzeZGwjw2/8AdsTvw2ccAE4Ge5+YHoMqvqPw/wBduW1CW3CMINi75HzuC445PQ8fwgZOMk5rweyvrnyJSibzsAXGcqDnJBIz75II3Z6549K8HaxLpdtK9+FgM2HV35kaI5yRwCv1Y/n38rCYGpSqqKjZRtb3Vdx0smlqu7smr317epldX2eJhLmsuaLvbT3Xe2j0TTu2lrrfpf6DOrSliqZBLjGWYEYxweeOo5PHPIwarXF+5Zi8jc4zk7znjkE8EN0z1wTnsTzWnataTQZ8+JzNjaNylsEH5flyQw54BGfYg4vXG6fY6nYBghf7xPAyDncCRjIOAeedwNevCm47xva2jXLfWK8ldN7t67a6s/RIYylWSjTldqK1Vr3bWqs7PX5tK3VlqSQnyizMwBycEFiADweOT3GQMjnFYmraHpGvJ5F/bRSoQcHy13gkEfezwRnkjockEk1Z814gA6FQO6qQe+7jjgnkdOg9BmZbiPb1XrxuAXr2HGTk+vPOec4raNSpBLlu3o0tE+iet1rZfC3v3WxKjGrFqpBSjZaWV9FG7tKzXXa+3VXPDNc+CttK80ukTLGHVswON+ODtG4d2x/DkDqMZyPKr/4Z+I9LeRTZPcqMAlE3Db2IJ4HBxur7ShkjGJMlDkkkFSNwGcEdgc4wD1BA6itKJoGbMrRus2Syso3BR1U5J69iDjjrk5HZTzOtBJTi3Zqza0u7Ju6SbtdWaT6Wdzya+QYWq3Km/Zy3as97xSVm07aq2172vfb84dR0LUrWZxc280JVyfmjOMAH0ABOdoB4/BaofZmUFgSAQw5yh4ByCGGB26Ekbec4OP0xXwf4c1lwt7bRMJFdQfLRhk8/PgAkkH27LjHTn7j4KeFtSkuIbeK2ITG1VUI24HBwdy/KRuzjPrjk49OjmOHlaFR8rvF2k9E/d0T/AJb6fd01fj1+GcXGKlTtNaJLe17XvZq2nlf0Z+c4Esf3VOHwq7QeM4JPpgjpnnBHOc4Xyp0kL5cqVAwDkk7R1453DJPPA4AwcV906h+z3ppR1tYpllQHaq4MbNkEjcuBtxnkcDsTjjgbn4NX2nXZM2nO0K7VUplgc4yOnBOc7s5B7EV0/XaMmlGaaXS/+G1tNbeae+/U82rk2Noq06T2S2bWrVrWT7uy9bny7a3VzbN5iGQMRgliRgD5jggewPt24Bx7T4E8f3GmzQfaZWMZxGyt8wCZ5Y5wOny9ju4GcYPep8KtLkOLtGgdg4k3r8isSVUFecHPGSAeD6AVjXnwqNrHJ9huQ5Rtw42gJkfKCeFAPbJ7Y6iiVWnJNc29lbXok7aK+ttejaZnHCV6Mk3okm2ne91Z3tpv6teTPZfFutaVqfhtbqJoXTyctgqjhmUgDauGPPXn6k4JGD8P9bgg0xlt9gkTzGk3t0DZGG7FVGcc5OM5OFr59v5dR0Z2spridokVl8pmJifBwQOeemDjgcggZNa2k+MrHSrSMeYiyAsJI2H38ZCqGB5x6fd79q5a2HlKlyRs3KSa0V1olu76Lttvfa500cVGFdTnKKcY8rStvFR15tHvo7pSeu/T9UP2ap0n8JeLZldXI1u23KhztbySRnggdQRnsc8HivooM20MSM7vl5zt29/9rnuQODnoCR8c/sY65BrPgzxxJGHB/ti2ZV3E7VMQYc+6nvk7T3r6+DD5Qw6YOBxnJyD1xlR2GT347/Y5HGdPBUYS5lyrZJ63ld3631Vumj3tc+ZzerCpi6k0m03H4ea121s1166aN6Xu0RTMFeUspPYjcTkY5OBxnv149cZ2+ea9ubWtI5O1JJcjP3cHryPmB688g+5APoszndIGwF4OQOMnAHPGcE+4LHPOK858QKZNb00AbWBYDsRkEcc8+ny9Oee1e+pXs9V71tVdJxtbS6t01s/Ru1/KTTXq0tEk7Po3ffvF9bavVFK+YvqUDb1wLmEDIwOozx6k9yScjrzXtcTr5CAYMjIn8PygYwR+OD0weo5rxDUYWF5bFjgrPGdvIOc9eSM4z6YB/OvZISTbxNlQQEG3qOFIBB/u4P4k9OBnopvVtysrNpWWrtG99d1u9Fey0s2eZiYuVSN9tteuq126rp6aa2PLvjeRB8KvFr+YAr2wL/3gDzjP1BwMgDJ7k1+N+rXGnMjtIyEJH8jSYyCvX5eDknBXGMAe2R+w3xzZY/hZ4nE7DYybZM4BCjJIDDPOCQQc9R36/kzd+END1i2ZrTUYorkq4VGcMpBOdgO5ctk5Prg47Y+Nz2aeOg7uSUYt21W6u9NEnpa+/c+qyrD3wS5baytFu9mrJ6tLbXRvR6XPB7nWShkjgUAB2IfB3Yz0IwNw29SccdRwQYjrDySIV5YhgTkgAgc8DOBxwBgYx14ra1bwTq+lvIJI/OhU/LNAN6spJxkDGTj5ePTIz0rFTS7jKkWk2QQvCtt6nOMA84x2xz0rgUoSjFu0Wt7N6XSau72SemjtroluwVGsm/dbW6e6teLv62sndbaN2sW7O8lEu8O2GUkklsgnHA4zk9QcEdMLXvXhfVb/AOwW+Z51IXaqJIUBQYA3FcE7QflPbk9Mk+PQ6Ley+X5dhPtCA7tjjJ6DPynP0z0yeMZr0Lw/Z6whhVrO7WOM7dzW8xQdBgHaBjseAGBPUDAKjXI0pKOi2dk7uOjSlZabu93t69+CjKNVOpB8tkrvbRxb0eivq+umz0aft2n69qttHsg1K/iJKkCO7mAOTzxuwq8Y+bOc5zjJrsNP8e+JQ6JFqDOyFd+8l2+bhfm6HIGenGCScAmvNNG0y8uZ0EwWFNv8ZYBT2LA4IAOOoAzzgsQK9j8HeEbaXUDK80b7Mjy1YckDcHbJORngE59O2D4WPrzwmHnXvJuK0UW7300Wt1orW6dU9z6ajCFVpRjFJON001pZXajfXW22y73R3tt418QTxIlw6L+7VnJTk984CkEEjuOOOlbtjrtxdWzGVI41Vgu5UU7+dp4JyACctxkgnggc5GtwWmmgBpYTOEwSAEIGBkZGeQMbORkEe5rxrVPH4tzLawOkISTBfdgk7sEAexHXcScFga+Mo57muIqN0HJJNXu5dErNu6Wlru2tr6bkY/FYbC2hKlGbaSScVpt5NRTWuy2tvY9cufCVtqGpPcW1yixujTXKoFJyw5ZQpOADgYGTwAAeg8u8YPc+Erh41JuYnTfHIqnaASMgsB1HQjp0zmtPRfHsSiNlYO86AcHJBHVjk5B3Hj5cEd+DXpBg0vxHbW9vc28U5uI9v70gshB3ZJOPlX7vU7huzkV9Fg+Ksww0lTxcpRikrWlJJL3dd9NNra+tz59xyvFOXNhaMpXV7wik7tWvdSd7ve3z7eBaV42kkIjWaWKVmJGHbacjoc8DIzjgdiciu7svEdy2ftFzI0b43EtuLHOAQex2kADGT7jFSePPhrNpVhFquhaYC3AkWJMbvVlKk7jg5I6HJPQ8+Fz3utW1tfy3cckX2VcnKMi8DGBkYJBxnggcjjpX22B4jrVaSqYfH1VpG8VOV2247pS26Wa07vphV4X4bxif1jK8LJuzcnQhe9la75Lu9u1tHZ7HuE2ubZjMZC4T5Rk7iTgBcHOFPfGWySRknmrH9vzZRlmuIiUGAshB6kdmOM5HIzjIO4DGfkqDxvdtcJG8rEO27Dt8rLng9c8djk4GMEZ57iXxk9siAzqQ0agrjOeB6Nnjkg44zg16UeMc4wjjy16k1GUWk5dfdd2r9bP8bu7VvmMX4WcHZhGUZZZhI81otqlBWUrNdLpb6K346/RieNdc09RLFqN8OPlAupU4HC/dcHI4Bx2GRyePSfCv7Q3xC8LSQ3OleK/EFhJCqtG9tq1zGyupyRuEmRyMgEkDoSAMH4gh8dvlnlkDqGK7duQFHoOnHA5yCOMHg1sWXjC2uGQbdqg5ZgcAnnA27ugJ5HTqOhr38N4o51QUeapJJcqd5Nr7Nvdd9Oi18umnweZ/Rt4GzKFSM8rwU/a3936vTurpaq0dHqndar8X+z/w4/4KqftR/D+O0TT/AIoeKBBEEKpc6nNNGFAACsrbmxjPByONw5Ffdvw//wCC9P7Q2lvaR+Ir7RvElqgIlj1ewjmaQYH8cgOSQDuJDEkEDkjP8zMGuQyFFEjIvXj5vlwcHGcZHXduHTkZ5Gl/bMg+VJ1xwo3/AC4G44GDknP1A7YxzXuYfxVlUaWNweDxbvZ+3w1GU07q6UuXm1vpf10PynOPokZJQ9pPJcXmuUSteMsBmGJowurW/dRqqno2tHGz10s7H9j3hT/gtl8JfGESRfFn4L+AtbF0Ak8ixWkTqrZD7R9nIJPc9Sw7Y57yP9o//glT8aoZF8Q/C9vBt9fnFxqGjKIVikc4Yo6sMqpJC7V5HYcV/F3a+ItwUGdiyEhtjkc8/MADkjK9epxgc10lt441O2EQtL65jEQym2YgZAA4UNhuuSRkEHcdvGPsct8UcgbiqmDxuBlaPv5dmeKoQWkU2qMqsqSW2nJyuyTTWh+MZ/8ARa40pKpUwGfUMxi0+WnnGU4HGTs2m19ZVGOK1W8nWvu13X9jMf7FP/BMv4vR3E3gD49S+EbsYMNvq14rosz/AHQUlMYdQQOhHPIzkFfLPFv/AART1DU0vNT+E3xw8CeMYNu+xtru5sIZZUc/u2IWR2BI2gA8sfQncP5etK+M3irTzCItUv2VGDMEneNmIAIwUYfMD2HAzg4617f4c/bN+KfhCaC70vxt4o0mVJEMYg1i8CDy9uCU81htUckYIzjp0P2GG48yrFU1ycRVacXy/uM1wOCxsEvddnVpxoVtbNP3nqm+p+erwh8SOH58tHhXA4qrBtKvlGY5ll1Vu0eWTp1qmMw910iqaT2P1L8af8Ek/wBr7w9cyiw+HVt4gjhctcT+HZBMlxGuSChgkQglOhDdexwa+eZv2ev2ivg9eXpuvhz8WfBl3ZM0hvNLbVAvmxghnXy3lHy8FVyTkYzyTVz4Z/8ABZL9qfwPdE2fxCvdYtVWMyLrMxu02oNuFR85BPU9+rZr75+Hf/Bfvx+/2NfiF4E8IeLbKPH21hbWkM8wx8xBkhfJIbnOScDPau7nynNIOap8K5nCas1GpPBVZ/C2nDEwr002nZe9ZdXuy8PmHifw3UUMXlXGOX8r96pR9nmdGEVypSU8NVw1Z2W/LTbV7cp8TeG/2r/2mvh1a21pbfGL4h6b9luvMi07xXYXN1AJ1IIRzdW4IXIAbL7RwCwxX0T4B/4KOfHiDXNV13xEvw5+Id3rNtp9ow1LTYNPulisWLKiT8kEnq23gliTkivv/wAOf8Fa/wBgD4utDZfGP9n7w/p8907CS5fR7G8t42dT88kkMURQZAJIJOFOADk103hG0/4I6/H3TnjnbRfAWt3Gs3NtbLaXR0d4Yi+UlilAIaM7lwONoHOQpz8bnHhxwLm8ZzzPgeFqsYxlXwFDB4tyjN+9LnwdSNTli+8Fa+17n6Twx4z+IeVxTwXGWPozoR53hc4jjsugmnBRhKWPoxpczd0rVJLTV2PANM/4KX+G9T0qe2+JH7PN8lzOZYjq3hLXluVSN1CHZAFX93gAqhIzgAAHGOb0/wCO37G3jTxj4V1DWPEPi3wHb2c17cawniTRHWBHmiwohuF3nchxiUAZGM9hX2ld/wDBKj9jDxxAJPhP+0tb6S00he1SfVbbUot78qhWS6iLAHgDC7sEZOc1494x/wCCLnxks2uZvAPxS+HvxC0yGNvIh1g2lhLOCCVUNumP+yCM9AcDg1+YY76P3hLUqSeX18dkeJqQcEq+GxWEUVJK8E61N07e9upN67s/cMg+lR4sYenBZhhMBnuFhJSc8LjcJi5Wjy3bjQrzmraN80Fv5WO48H/D39mTx+X1LwV+0r8O9RTUZX+waTq+qQ2V8rl/kjmS52KpYEAt1wMc9uw+Iv7FHiqXQ7G88PJ4U8UQyajaXBk0DXNNvA9rlMsI4ZyxznLBh6kgtjH5ueMf+CYn7W/hmOU3X7O1v4lt7cu/27wZqbu+0Z3PB5Biy20EpyBkrj1r5n1fwT+0F8INQEa6F+0N8MZLJg0i28uuS2sEkQxhWDToUG08YxnkcLk/nuO+ivWrTnW4b4woV5J3hRdaEpRd4tcyU+a7SStb5XSR+t5Z9NeFGNGhxHwvicHTmo82IqUW6bScbrmUdl0aldJ3tofrPrX7IHi+C8vIbrwXqMTtablVbdyrBhnMZVTHzzjH8sE+A6n+y/r9os8MWl6nayQyO4WaOSOJPLG5wzYLA4BxnnHQECvjDQ/28f2wfANz/wAS34/eJ7mPAhtrDx1pUl6I1j4KSm5ijcL/AAsT2PPGTXvPhj/grJ+09p0kdr4p8KfC34hwPG0c8ttZ2+lX91HICJmaX5tspUEhuoLcHBr4DNPo9+N+UVOfArDZjhozekK8lP2fNHdSVm9LJxat87n7JlH0pvB/PMPFYx0MJVnC3M0lBOSVtbpxjot/PRNaeaTeANVttRTzBMHto75GlSJ3jVY7l1YKVBAw24MW246cg8U08I3MqrJaXEMkjSFclSrcDH3sg4A5BHBxkZxmvVvAH/BQr4daL4j8Uap8Q/2edXXTdbDQWltpOox6nb2JuCWu5ArRKrJK+5xgj5gByF49z8O/td/8E8fGt1Z6dfjxL8P5ZJQk8Wq6A8FrCXAMm+6WRhsVv4gp9SD34sbkvipkNFvE8J5pKnTSTnSoyqKUlGPM1yqT5U767tdLnt5Xxr4SZ7eNDijLFWqO8YfWaaa52nFe81ttdp30WnX8/fE/hfXIvEWlwCV2e309pl7AqZuQmBzySc444U5BNb8EPiDSxFdziVW3qgRYV/h+8QWwCADkc5Pbniv05074d/ss/FPx7fXvw6+NHhSbSn0GO2sf+J1A8ttcAgnzbacwbWd+FXeCCcYPNb15+xR4nvLEanpmr6PrmnLcHyJLW7geWeLkDZFbtK2WHI6Kzc53ZA+dh4iYvBKWHzTLcfha8YpT9thqsFGWl178Um0tNFp5n0GG4VyLMW8RgMzwdanOS9nyV6c7xukm+WWmqslZ3T0uz8k4Nfnl8Z+K57s7pLfSrWKLfBlVeSMsdyAEBie5wSxBIIrV8O6reyW8tztUwtMw2Kjpg7fmZCHU7gQME99p6DB+htS/Zi+J1n8Q/idFL4L1a00+wttPlt72S0kcXMHk4kNuCgLbckjoQBz1VTzen+BNQht5LF9HmZ7dJ3Ie1mhYhM5Zg6hWYYI3AnjkgdD9BheNspr06V8TGFa0W4zkk4uUYNpptO6Tt3TVnqrHBX4IxEnOVOCnTvNe6m3K0ktltfs12d9Ul5xpnjK6XxENPi1LUbJLa0W4Ty72aN1kJ5KEuQTjooA4HU5Nek61408T2lg1xp2v3lxcFVOL/F0zKVJYEtliARnk9gcjv4te+EmHjcOx8tW0zeUyQyBAeMKVHykHhhkk5xkDb6paeHdSn0SbVbOPz47W0mJRI2kwsKMpZ2LEfMRwTwPrgH2v7VwX1eOJ9rh5qpJKLapttaK+q00Vur8uh87LhfETqPDunUjyNN2jLunZadErNJrR9Tp/h/8AETxbJFbuU0rUnuPPd3u7fYGVG5iLnng4IG7aAcdzXtdl8VbjTRHHq3hOwkJZW8yym8s4bcVACse31yeflGAfCvh1pmoz2umSXFg5VrO4lBiiZQm5+W6hS67QevQjgd+pmjv5tQYpZi4hiRRs2FXBUgEHOV3dieeDwRlSPh81xXD+Y4jkxeGwtZRn9pQX8ut7p2duj2Wi0Ru+Hc1wsW6CxEVK1moz2921k/LR2fY938FfHrwxH4/m06XQtQ0qW50xC86M1xcbcgZ2kkhAMDOW6DpXvmpeIvhv4rstQt9Q16xmlljUQW+tWYUbgMxg7kboSBnOAARznj8uYNQ1PTfjTBd21u8QTRFhktWBkIWQghmjJICKQGz6Hk4HH0zJ4zQK63mnRXeEAZvsqoWKq20ZBBzkgKeATnPDHPzWI4B4IzTGU8XPDKhV92UZU5Wi+azTXdN23d9+5wyxXEWFhKjCpUlF+7KM1K+yu7t3vppv5an2b8LfiV8MP7KbQvEOm+Ebz+yZJ7UrbW8MfmFTt3F0C4Owg8EkAnOecdLfaX8Ddeklk0rTbzTryRZNqaJqksXIBJZVWXPIYEkBeeAd3y1+PHgn4naYniTxnpuo2H2ZLTWHnto0ibfFGx+ZZCDkjByucEnGDnFdd4m8fwW1ncXnhzxSfDt80BNtclJP3cmMhDGz4OX7EYAztGTuJjvAjhbH808NWqUZ1k5Ozerkld3TSfVq/p1R05fxnnWClCNam6qg9U5a2vHVbrqlqr+nMjd/aj0zUPDsiReDtf8AFEsst0JUW/ttQ1FLWRn2mFXDsqIVGCxHfGMAY+C/HerfEbUNFvtO1O28W6p9otVtTDp9rfw20Mmcq5gK4lBYgkgZIPUdvUdT+KH7VWlSf2hp/wAS9E1jTZUBEGoadbtjJ+Xb5gJBxwCfm9/TY0f9sj9pDR7s6dqNh4N1trKMTySJ4espptuwf6xwgAXJ4bGAcZ44GuQ+BOBy2EZUsS6rptyjNxXM17tk3psr79H1s7/oeC8SZVrUKtBU4yhpyys7pW1jay6/Cu7bbta5+zZP+0hPqfhbSvDnge/g0vwpbW5g1TWIp7WCTcxErr9plXZPGp3EBSG2kYBr688HfADT9D+IXjLxT468aaPf6zrmrxaslpeXNvJAk8gQ3CTq6kFUO6NFOBheuMV8wXH7bnxQvZIdTvfC2kRy2/lq9tFdJp1vMoA+/awxqME+/THQdfH/ABv+1wmo3F9qF54U0az1mYxyN5F+zRyspBKkA42HOPm2k/eORzXg8Z/R8zLiJYqjgMxq5bRxtOEKlXCVPZ1JU04vV703KV03G2ne+v2GU+KuR5S6TxlCNadJNRVSHtLqXLtO1lpt7qeultGfsNrHhv4X36kazpfgK+g2gSTRabaSsqBQuSyJg8DHVcDBHPI8W+In7P8A+zjrvhLXNS0bw34IXUIbC8aK4gkisro34gdoTFAm4uwkKbVUZ3Y4BPHiv7NCfCb4uWNrr/xS/ad8H/DG2vWeOXwTYzsmpouwA+bcOf3WSGXIXAGW9TX6X+DvDH7BfhqzS2sPiP4G1m4RxIdW1rxAlzJLOpx5yRu4AZtpJGMBscHFfhdP6M/FHDua0atLjHiKrQwlWFT6qqlapTqKDjL2d1LlcZWab5Vulr1+wXilw3nGCnT/ALKwMXXjKCr1I00/filfla5tm2tY2eh/Hj49+AX7Rni++8Qad4f+GPjHWYp9VuLSyFlpNybaezinbyGt3ZEV1KEZcnGMg5wM3/hR/wAEj/27vGWrrc2nwY1bRbS9Yf6TrDraosMuCpwSdu3cN2csCMetf21Wvjr9kmKGCOz+NHhy1aBVASz1WyjhiQEZEW2MBQTwM4IwBwBurXi8V/s6azcCLTP2hpYV2YKWni2CADb0wuRkE+mfmPA4wf6lwme8T4LL6OGp5ROKpU6dPnlGo3LljBc0laybt71tNd0j8bqcOcN4rF1q1bMlecpVFCM4Rim2rJNN6JWulro99z+WLwv/AMEDv2rdR8TaAPE8PhK0tWkQ3fnaovm20ZIYzSqNwfy8fKgIBbjJyBX7zfBD/ghN8HtCi0bVvjZ4yufF9zYwWrDRNGA07SozFEpEU867kmjAGDkjcMjjIA+zD4U+GmtIy6T+0HqpMgUIy+MrV3xy2dzSgqSRwuWyD25z2+jeEWs4IbW3+ON/q1nGeLe78R2VxG4wOG/fBnBHPB9PmNceY57xJKi1UpYmHPG6hRpypyveN05ct7NtbNLZmz4UyJ04Sw2IwkZRknJ1U6srpRa5Yyk0nZJtrXV6LZWNV1j9jP8AYk8NRW+i6DoWlXUVsI4NL8J6Oup63evGuFEk6QyuruQAz7wAck9MD84fjJ/wVT8da3Pc6Z8LfCVz4S0874k1DVbOe51YwtnbKIXjAtyVwxGSVHAPUn9Qpvh/oMqNNLP4P1SaRQUlvYNOvZC2QQWaSVmU8BiQAAc4B7ec3vwG03Uri6vBZfDp5blmIJ0+zBHG3BCsRjB+meOmCPKy/OPqtSNXMcjxGMm5J2m5NPWLXPzJ83Ru/mlc9SnkOFnRcKGaU6b5VqlFWbS+FJpRXTS+l9Gfz7eL/jB8QfidfTX/AIj1rxFrt25ZyNSlu1tY2wC4igVRGEUj7u08AZ6ZrkYRcyq6vYyNKQoJEMoQZwSf9WoAzy2cnOemRX9Ejfs8IFJi8M/DiVAwXCWcKluCM4Hc5HI5BPQ9apH4FXkKOsXw98CyoSF/dW0SmQ42kjKEkcbeDuzgkcV+h4PxUWAUaVPh6WGppKyjCMVtG1kop6Lrfb0PMqcCYXEXqPOYzlJ3k5OPxe7rrN6NdGn16XPwM0+xnnR4jbxhAEHnbXUovTAYgHdgnJJwOueeOlisLvRRHePcfa9O4NzEyESRJ8oLoG+YhSct07Hk/NX7cSfBSQLL9o+EHhyVFJAFpCmZNpwc4QYPByT78jPHxj+0pcf8Kv1XRLCH9mnUvEmn6nG82o3OjQStBa+WNq2xaNGAZs5KqcgqcgjGfpct8W6WLrQw7y+pSk9XKTVvdtLVuyvp13eltDyMX4fqnGU6ePp1padlePu7WdraX79+h8H+KvjB8Ivhxpn9reIvE1orFfNGl2e+41KRypKxxwRKcEkYweuMADrXw58QP20/iF46e40P4JeCp9P0yXdEdd1+I+a4LBRLHDKE8oEDcMcchs7jg/qzD8Uf2f7RI7vxF+x9qL3oRfMuLnw7LeyqSCT8zphyncBck8ZGBnRf4s/sbTWj/bv2c9a0ySRD5qWfhie2fBPIDIFA2444yPpivffiZg4SipYTESWl1RUZO3o2lptZXfRt9fH/AOIf4mcW4VoQd017R6bp200eydne19mfh5a/Cj4q/E2VLz4m+N73UoQQ76dHqYt7KIE/MhPmxhVAbbhg2R3xXu/h74V/B/4fW0NzqdzocUkAUtGksFzcyNg4LSKWLOTyeuOTx1r9KbnWv2BNaikt9Q+G3jjRI7vC+Tbw3luwzycYG5T3Y44/Gs6y+Ff/AATa1fzvtmgeNrBlwEkmmuQMtkhmDlgxBA6Kcnngit14tZPRUbZTi+a1nKpy3T912tfbr0XZOzMl4dZlJSvjKLTsko3WiS0iuWyfW21316fBWrfHbw1okP2PwhoAu5IFIhu7rZDagAYLcKC5HB9edwBFeCeLPiz4w8UxSw6rr13a2km7/iX6NttYdqkna8wZS42ttJBBGMkgAE/rLqv7Mf8AwT58R28sVn408aaLGq7YjHcyoIz0CsCBuI9h0wQRg48S8Tf8E5v2L/FDfaNN/aK8d6aocNIk13IYiFI+QINvy4O0cksPfaRzV/FjDYr3adKvQj5wa000bT3V2ldWetkVT8O8ZRSqTcKsr6x5n/dstVZW6rtrbqfkXdeOPDelPLChtX1CIOyJFKLu/dwCWMk0hbB4yT3GSPUeN+K/j80UNwttcR2EqgjcGE9ycZHMS5VGHy8rwo5xkjH7Aa3/AMEmv2WNUuDNoX7UOpaXuQBxcWzztK0g2sZHLgnf0OM/eUHPSvKm/wCCMnw9nmv10H9qPwzNbMWaObVNPCyJuJ2tueTJYs393PGTnJryZca5diZLnqzUns5KV3trZJ9+tlfozsnwrmdCCVOnGMUopqD95WUVdt2aXZKy6dz8Vdb+Jeq65HLLbrNPLMmDcXkjYzu5aKPHyZI6EEkjoBTNN0LVPEVpC+r6jeASp5cFtahkjcZyWcjaAo3EF3AyB7V+yVh/wRqvrOZLW1/aU+Ht7DcS4eeaKKN44gRjy8MwDYwOMd88E17L4Y/4ImTLJ9p1X9qDwnHpLvGZrO2lgWaa3VsyRRuZFMfmgbQ4BIDZ+bOK5avFGXKM37SpVcEmqdKnNt35WklGC79X962VHhzGya9pGMW0uZznFq14vRJ7J76XTetz8YPDvwzsrJoY49NOs3s0kafZbKN76Vd2NvnNGrhOvcADGMcc/QHhv4MRP4lsNM8TaQdKe/WAwabLAVnmiYqQ6iRVXDegPvnPA/p2+CH7F3wX+BWk2OneF7j4Zajc/ZhDfa14i1Cz1G+u5AoDSM8zEpk5K8grwAeK+L/2qf8Agmb8Xfjn8Q28d+E/2jvAPgayiWO00vSNHS1gNnHG+/zPMSUZkAGd2Bxg9683BccKeNVOrl1TDYOnTclVnGTnOWlrJK65tXvpouyOvE8KqGGc6deOJxCafsotKKu02ruS28t3pofnp4pl+DPwZ8P517VNH0W6sonki09JoH1GeRMlAYUzIrkgEhsHOQRzmvgnx7+3k8cN7YfDnRUtxIJIRrepYM+eVDQxMSQPReCRwBkc/p74j/4IQeKdQuTrXij9oW38V6pefNeXReO6Zed5MSNcEMW7DaoPHQgV88+MP+CVviP4dXEkXgjwtD8QdZsmJN1rkyxadMAMpILUMwcjAGzcFPQnIGPof9dKOMkqFBVbxSSbpzhFar4pSUYJ2Wy6WueLWyHGwp+0jRjBJXlFWlUctNUlvr+nVn5H2+r/ABg+N+pyxhtW1qUGSQzSytaabaoxJZzLK0cWxQckqclFBBOMV1umfDX4ZeD7ae7+I3iWbxXrtuw/4pPwsS1k8gBJS+1cbjGwK4cAHrtXIIr7E139ir9rWcql14PubezSR1XS/D7G0sY4s4EaLAELBARgGQg/dHGa84vf2MPj7YtMJ/hl4ijhClmkjtmmLEjJJbJZyT0DZ4GDyOMKuLrzqKanGSbaSUle65dLu60XVLvqrnlywOOpQf8AsVWUukpQbS2adklouuj9H08f1D41axZ6UdG+H/h3RPh9oEiGGSPRbVP7aulXIH2zUyDI7MgG51CEnd3IxyvgcHxj4h8zXJL144Xae9vrmSS5aK2QF2aUyMQyMQAx4DA8Afdr1e4/Zi+NqOYV+HPi2OJeUP8AZMxLMpwVAQHg89RjH+ycmfR/2dvjpZrf29p8OfGcL6jA9tdOulTKRFgjjaoADcfwjBJGOxyrUZVaE7PklOPLzuSunLl10TSVrpaK12eTVpZnWkoVaVdpfY5ZRVtG0rJNLqk9VfqfPPiTWbG58SXjabsk0y0ulhR4wI0ligkXBSEEjayqpYgnecnPWvUfHUzR69pSRxiCLVdB0i6RAMNKqLGduOuDjByQAQOAOK7fw/8Ase/FgXQuLrwhrliwjclNVtJowpU8OU2tuOScZXdnpjufHH4c+LdG8VeGwNC1u/l0nw9p8DXFtp10beOVAoeFikZClTnBIUk4OBxXZgcPRpYepTjaUuRRbfK5Oyju9232W9uzYYXLq9OXtKtOcbtWi0veTcbrvtdbO7vr3/Zv9kXwB8DvjT8ObN/ihBNqNjpsFq1h4emPl6YLnS4tsstwrYDtvBIHXBwDkgH1T4p/H74Z/CHR7zRfhxo+maR9iDQwiwsYore0jiG0u+1QWZQAcM2SQBk9K+GfCnxM8Z/DP4P6NrOk+CrY21va2azrcLNEbSSSMfabu8iESvIZWIO0qckjjaSa+IfG3xQ1/wAb6xq1/rOoTWNlfzs8cFtb3FvDvySsKgxgiPJxgDJ64I218rkHB1XNs4xFTMMZJZdCvUlCjCckpSbVk4NqKWluZNW0R+l5lxJQyrK8PSwWEU8fKnTUq0qd+V8sU7N2a16667Weh9B+Of2jvGPjR7y4/tG4h0+V5GN5LN5EsoUnmNAP3UQwPl6BQQT0FfOus+No5lEizyXdy0qs9yrM4dwx+ViSflHAOMZJP94CsbwH4B+IPxU12Lwf4A8LeI/FWpXEqrHbWFpcSRT+b8gXziqRiLLjcxYDHU81+0n7Pf8AwRH8aanZWfiz9qb4jaD8KPCwMdzJ4VsbqG48QzW5IcwzsjhrKRlGwtliu7kjC5/WJZjwxwnh4YaMaVOUY2jGlB1K03G1tIq71et36O2p+fOjn2fVvbNVJ3esptxgnLlevyd+VdbeZ+MVxqniTxtdW+h6DpWoanqd48EEOl6FaT397cNkIoMcEblGbI56jJJzk4/Uj9mP/gjr+0b8XltPFfxZuYPgj8PPKjuJ7zxIyJ4ju7MqHLW9jM6na8eQGZg4OAB0r9vPh1of7H/7IunR6J+zp8JtL8UeKoIQk3j3xDbxX1486KUe4F9cxyblLAOqqi4bOCe3AeP/AItfED4kXUreKfEVxJaMSYdE06VrbTIUJyqNHE6BsYIABUbRtwBgDxnnXEPEM/ZZZhHl+Ek1FYrEp+0cbrWFO+jafMk3K3oelTyHLcsiq2YV/rFaNn7CnJKKas2pPS66NPWz0XU6L4SfBz9h/wDYytoLf4X+B4Piz8TYQgm8Y69Cmohb5MB54Z5leO2j8wE+WFdVGQOlaPxA+PvxN+Isr2ura1JpGinMdv4e8Pn7NbxxkbUikaHYpO3APyjpjHavno3UdoY45JBFGR8scBy+R0JI+di2MHJJzzkkVTuLzVbrMWm2zWaNlGup1yxyeHQEHaSM4IHA7DkV9FlHA9JVY4nH1qmOxKcZOdaV4xejbUW7b379beXFjM/jTi6GDp08NCNklTjZ2XLvOyd7X/PsjZvGWKORvtZsZg5KuDvnlwSQXZjuLZ5PPc7sbQK44+KfGFq5tYLIX1mSS13bKWnQE8O2RuHIJPOCemeK6jSvCpkmWS9uHvbpjuEsrHy2J4YbOOASdvQZ4xng+kW9mluiCS3RQmFDxquMfd2kDJIPoe2MDBzX29PLaGH5UoRS/ljHRtON0vy2XVK17ny1fHVaspOU23pe8tPs67NXtbe922vI5LwrJHqbh5LyS6l6yWdxIY5VfGWIjODjgYIyMc9OK9esILZI2dgEdeEiYgAryCgUYz33dz6YbFebarpOnXm6+gYadeW4bZqFu3lspx8olRSodT8qkHnnaOTXn9/8YrPwar2vjS7s7VIkJg1rzljtpFVeBOu75JCvzOMHsOlaVVCEVJpJbpS2TbS0a2asvJvZJWOSN6j91ue3Tr7t7d91fR3vt1PpWZrYQO7EQsM7SMEKDhscZIycHPBGQTk1wHifxfofh22a61K+treCJGeWe4mWJVKqSQd5VSCMjAOOMseufi/xD+1ZqniW9m0D4UeGdT8U6nIzRf2jDE6aQj4Kq5n2lHjUHJC8HAxyM1xkXwF+JnxSun1f4yeMbiOxkYMnhTSJXgtQOD5c0iNhv7pBIPHTHFcDxCk+SkryXW2zVr3eid91fTq9TqjQlGzm1FbNNe8/hu1qlf1V+lm2je+IP7ZFnFqT6H8MNEvfGevSSNEs+nJJNYwyZwTLOFEe1P7uQCMYzxny2X4Z/Ef4n3sPi/4r6ncWGlzFf7Q8KaI7Wvm27c7p9jKHZUPzrgk4bHJyfp3w98O/B/w/s20zw/otjppRVUvHGj3E2ON8srK0hYgc9jktjjhl9rxs5PLcK5UMMMuFK8htwJI4B9urDGDiphSnVTdVt2Wy2e2993s/N2+dSqQpySpRs3vJ6u+jutWtt2u++h0ngbwJ8PfBWl2kfg/R7CytJYQzXISNrx22nJllbLs4b74JBzkjj7rdf1+xtWZI2V2BJYEknIY8jknggY+bofrXiV34xm0rVEtFeRdNvyWjKggRTEncqEkEb2PygYHzD1zWPq2uiSOYvI/mAsRvOQQSSM4425x3z2wccdUJwpaqMdrWSSa5Yq7Svq9t131tYwnOUpJ3ut7tf4Xtq3e9ne9mulzutV1hLwqm9YyykKwI3HP3lz82MZBOOxx2yOOv7wDYoYTMpAGcBQoOM5OMggEADnuNvbzUeITczuxctJG4VQOIlxnJyeAcDPOFODzj5jzHir4m6F4djzc3Md9fbcx2Vs24qxG4eYVHZvbqMDJ5PPVxkY25moJ2tzaK143Tsr6tK60vtobwU5JOK201tZL3d2teuuztZptot+NpHeCa/syYb/TpBcWlw5CIrIQWjOSMo4BG3JHI5Pbzm4+LE+rQJBHIkMyxiO5W2O55JlXDbVxwGIPzjOOmQcV88fED42XGqTzQ3N0YockQ6TprPJczkkbVZYstx0KjjHXkVH8Nodf1C7GtS6O2mWIbzANVYJAIuu6cPgOTnOCflGASOcfKZ3nuGwVKbpyVSsoy5KcdXKVrqKSTdm7ed7o+jyjL6mJnCEm405SXNJacqbj05kuusW7d+h97fBv9nb4vftDnZ4W0640zRDIUu/EV+jW2mW6nIbE8gUXEgHO1ARu+UHvX01a/8EubHT7uP/hN9f1XxZbWgSY2Wmwtb2c9wCpKPICwaPcRz0IyBkZr5z0L/gp34b/Z+8Mp4W1LUYfG+p2NuFsfDvhaBdM0yykRQAJp4iVldG++zks+0t1yD6T8AP8AgrF8RP2hPGDeBD4Xj0KLV2Wy0vUtOtvtlvYbiQkmoXO1UiK55Zj1yeRgn+FvFHP/AKROYVMdieH8Nh8oyLCc1VyoyhUxtTDxScnHmvN+6m7QitNr6n7jw9k3h7h3h6eMxCxeMq8kX7W/s4ytFWlZ8iSvu5NNvVdD3TxJ8CLL4baM1vo2naR4W0+1g3rHtjjuZVhGB9qlzvDMAOD948feFfAXi74mW2napqM91q2meHtLgYwyate3cYEm3Izax7yxJwxUAFR271+zmp/s0av4pgGseO/F1x4hguLcSTx/bPselwiRd5DSCTyyoG0ZAI+RiR3r8J/2nv2XfCtp8XdWX/hMINW8OxBXhsdNlaW104E5aDeHKO6/dEhUkE985E+CnjTnWIVXJeIquJxWNw653iq9KVON1ZSg293fvbS/kPjbgXJmlmGWeypU9OalTkm3fl95dLWVmley/DxvXf2pvCljqN1YfDnwxe/ELxHI6BNe1lH/ALHt7ncB50NoVZZkVzlTlcgc8HFR/tJa78Y/E3w00DV/Feu6iEbS1ebTLZH03R7ASKfs9vDBEUVyy5GWblsgdjXaeHfB/gzwwI7Lw1pcUgiK+bcSRoZMKy728wjrgE4AyTkHGcj6l/ai8OW2u/A3TrhNNQ6ZbeH9BuryUII5C+ZRlMYJHBzgY4JO0EV+3YviylmOJhX5k5U5Oc1FptwVrKKvbe701Wm2y+KyzLfqs6dOMLwk4xjKVtNpczd909Y/56H8/Omwatq8sVjY293dSTOFk+zoxZ2Y4IBAwcc9WPTkk5r6/wDhh+zLrusNb3mtEaPYkAgSZa7bcASTk/KxXPzY7jvzXqPwz07wpaRwTaTYWkCIY1eVkVpmk5DsCwIOcgM2BnrtU19JQ+JrS3CxRSIqkKDK2wBVUZ2knAB4HJKjGckdK/KONfEXOZ06+ByWjKhO3J7ZpuT5ko80baK2tnvoftnDGU5ZRdLEY6oqqiot01ZQVuW/dvbe6T1su2z4B+CPw+8F2++HTIrzU2gmJvL755WYRHY6BiQBv5B/gz34NVf2KPHVt4c+M/jnwxfywxw6hcXciNHtGHt5WdArA/LgbRjcOcfKQN1cB4x+NGk+HrPUgLozXwtJRCsUuWBKMoyQe3XPGRyTur5i/ZttfHvxB+JOt3Pw/tb681+4lkZ5LcM0VrBOxDSySggIBk5Jx6c1+SUOF85zXIeIsRxDj6sYYuhFwqYibUYOM1NyblZRXZddrd/0GXGWW4TMstw2VYWm5UqkouNFav3YppqKWvnt89D+h/xN8aPCXhm2ke+1G2iUISiiRGkk+XDDCsck4OMggNnvxXz7efG/x/8AEDUItH+E/hXUNUklcIt+1s/2dAWCmWRiPLCrjcDz2GCM49A+Dv7DVzqFva+I/i9rEuo3JjW5l057gx2dugwxF1cyER+Werg7Mr91cdev+KP7ZP7Mv7KNg3hTwv8A2Z4p8V2yPBDoXhJoZLeG5jUrjUL+PdtdG5bknAbJBAx+Y8P8NYP67DA8P5ZiOIMcpKE6zpzWDpyul7Tm05oL+aTjHzPbz/iyvDCe3x2Lp5bQSXuc6VWSaT5ekm7dF6tHS/Dj9kTV9bx4p+Pfi6a6ICXD+H4bv7Nplsv+sxc3LOqKqA/MCWyARkc4X42ft0/s7/sraPP4X+GmmaT4n8WW8BtbSz0MxHTLK5RdnmX16ikzOrcsuSGxzyBX4yfHH9vL4/8A7QAvdJttQm8JeE2Mgi0jQpGt1MALAfb7pNryYTG7DHdhlwM4HydoHgHxd41uES1SbUp5pwst5IWa3gJYM7tJISzMTycsTkgt0r+iuGvBfE4ydHG8XYxKlBqcMqwn7uhBKzSm42jbTVRTe/v2dz8Lz3xHpxjKjlNOU5O6eJq3d3dNys2/J636Pa59Q/FL9p345ftQanNJ4m1rU5NIkudtroeltNbaXaozkCIQwkGc8qCxUhuvIavQvgz+y5NqN8mt+LIzZaQhFzJBcgCe4WIbmVg5GyM7SS7YUD1GAeo8Dat8Ev2cPCseoePdWsNQ8TNb5ksEEcksco6CGEk5kLcFiBjrkg5P5/fG/wDbh8b+Pdf1XSfBF/ceF/DL77WL7NIFvbyIkhYlaMKVBH3gox7c4r9vyvIaOHorA5PhYYTD0bRUoUo04v4U2kkpTdtHJtvW/U/Ncbms601iMbV9tUnZtc2zaTsl0Wq2trt2Pr79qT9oLwj8FbeLSfAFxYTam1jLbm10p4zHYtGSgNy8Z+eVgMkMcknB4FfkT45+NHxP+L17YQ6jqV9PazyBItOhEh89S2AiW6H5V6BmOc8Eejem+EvgB44+KbR6xq91c6VoCyGe+1nV5nDEEky3AE53y5IO0DAx6n73qepR/Cb4QWjweDhF4i8QW0eyfxNqKL5KOmA62kb5G8MCECdFw27pX6Hk2QzSSjTU6tk5VZrq7Nttp2stF2v5o+Ux2YczblUcKadlCMlzfZu3rpu9NrLW1jx/wJ8BFuL7+1PiJqp0fS44xKml7hHczBQGEXJV1UqPmPOckCvTL74h+HfBtrNo/wAPtMs9Ns1LxvfRBJL68mX+MPhmQHuc4JyMdh4F408T+LvHE4v4rm4tbRgY5bl3ZGnA52RqMYQjj5R8x4A+YY7L4a6boi+G9QvNbfybu3m2FpwWkmhOf3durAkSNk/MDnBJwM8/oOV5RCFWEXGVWWmq+FbPTyS87JO/kfI4/O6NBS96MIK8ueTs3Zq29r7rXbS+xJajxL4p1RLi1jnu55GEl1qt8xNvCCxZvLL7VJXoQuFBBA9R3ovdC8LzMtsf+El8R4VTdTHdaWUmMkKpBQCNjhVxjGOlWPDOj+Ovijq9h4H+G/hrVL1rqZYLfT9JtXmvLgyPsUztEn7pGON5ZgAPmHU1+13wE/4JlfC/4E+FrL4x/tv+NdJ8M6dbxpqNv8PobuP7desFEq298d/nSSORskt9uDkjfiv1LIuDcXmNRTp0Zxwykuas4vl0cdE7Xm/TRJN3S1PwDxC8dOGeD6U6FfGxxOZ1It0cvws41cTOVlyqUYNuC5rJcyV/s3k7H50/s4fshftB/taeILaLQdGvzoYnH2vX9QiktfD2k24Zd8glkCxyuqklQu/OOWAIz+z9n4I/Yp/4Jo+HItY8aajpfxU+NkdsJobB2gvTZ3wUkLFbJ5iWsYkAxI/zYAyBlc/KP7RH/BVu5/saf4PfsgeE7L4aeBbCM6bFrdlbRWuoXkCZh89HRVMQdF3bi5JJGfb8TPHXxLgbV7zX/H/iS78U+I7iSSadbm8kunNw5ZiJHdyW3OcFRx2C46fWY/iLhLgGm6MY080zeMP93oTjUUJpL+NVgnGDT3pw16OWll/OuG8OfGT6RONWMzzG4zgfw/nVTVFOVLH5jh+ZJONN+8ozgnaVWySbap63P0f/AGkv+CiHx8/acuLrTbDUpPAvw+3SRW+k6RcNYWf2QHaiXUsXl+ewTAK4ChiVPBzX5deNvif4S8ISXFtbv/wkPicqzLeTv5kEcj43SKH3Zy2eTlj25rwPxl8bfE2uOYtMQ6fpEUm1bWJmVDzgeYVCrg/KSu7ggKDu6eGavqN1q2p/aJJDLPKRu2btuGwCO44bO5unPHAAr8V4k8Qs/wCJ6klXqLC4OEn7PDUHyUoReySW7V9ZPW++7P7U8NvBjgLwry2jgeHMqoPF2hGvmNeKq4vEy91yqVa871Kjcld3kkm1srH1RafGS+1cLJr04+zEtmK2YIoJyoDKOCoHXJHJJI7nCudV8GeIZXjS+uLC8lYhJZGLBCc427s8EjORgDkfXxDStC1K4gkdVdLeNiJZGD+USuMqXI2ls44yfXPFdl4c8H3+pXCx2saMgcF3ZgxZc5KKT/ewORnHB+nwM8ROKqShiJqSaTtJfK68rr+9rufs1XDRqUqcalFX5VZctno42skou35K710R6uvwQ8UapZmTQtRs72N4zLG7SgNIDk5XlMMQOx5IwD0Fcfqvws+IGho4utEuJY1Xe00SGRR0I92xgEDsOFAzz9b+BNP1nRdKt4roErBs+VMuQrDG1jkHjGc5PGK9OvPHOjWFo8V/eWZESjMMiKXLEDjBZs4bAAJIBzgAdfBnxPnGFqypQorEwWnNqnZ8t9m9rvS3R7ux8/WyvDK8ueVOzWl1ZJ2esdHZLfd73W584/s7/s6SfFDXtPh8XeL7DwN4enuCl5f3oP2pQjKpjigYgZYMwBJ4JwRgc/05/BD/AIJpfsT6J4V0fX5bO5+Isiwo0mralfRyaddzKiySCKzLYBDZIUnIyQDkGv50rfxXpWoPPIrwQRCU/ZlgZYVGCwLYUglyuO+eAB61+rXwIsv2hPHfwX0mw+C09zBo0GrWcdxqGp3joxnEwNwluXJaS3dAQ6gn5c7jiv4n+lLmXiJi8Pg8Tl3iFieB8rqVlhq1GOIjl+GlGavz1cZSaxLm7csY83Lb7N9T9H4CwuQqo6eIymGYV0ueNZxVSejj7qpSbhFX3dk997u/64W2g/s7fCF9L03Sfh14Z8O2l/JI2kNaaJBLfXMyB1iDSNG+3c2FJAySSxPCgfzHftP/ABA0LSvjn8UNcg0rT7Vr7xPIn2WJkDWIido45zFGP3JYAMUUDAGDzxX7kfFf4y+JPgx8O9P1f496TZwSaDNHBpWo6ZbpJM5SAIZfMPKCSQf3eQ5PJxj+Vz9p3x1p3jT4keKfHugTw2sHizVpJEsIyZDD5jArcSA8B5Rhn9GJBxjFfmn0OeGc7xPEfEGcZpj8zzXC4nCfVVndXMamPwmLqwxClKVGrUcneStK8veV7Poen4jV8BSwtChhsPRw0o1VUVFU4QnTpyhFLnSXdO1tX99+O+J3xMsI9O1u1stQW+v9Vuh820MbUA7/AN22S2ATjI25IJ4zivnDwes9z4qs41kZ5bmaJXIZi7tKwEnHXgkg/wB0c7etV77w1q4vGliS4v1kJneYRuyKeCzewQE8gEA5yRnmz4MLW3jjSXTcX+1Rovy9SpXcxBOAMg/XFf6dYPC0MHh506MuaXLeSbb1SV03e13qrN67ev4VjasnSnKzsoSem2mt2m7NvrurNLa5/SP+xP8ADXRRbrqniy6tfDngyGxEt3fT7Ve4MFsGmWMvwS+Nu/dxnHOCK/QyD/goV8Kvh/pN78OPAP2S40WDw3rllpVkjo4uNUe3mhGqXs2BjYCXUMSDgYPFfgd8SP2lZdI+Fmi/DnQpxDJbQpJq9xZljLIrpzCXTAAJO5gTuUEg9DXw9rPjjXdOt31KK7lhkuVYQJA7CYW8uBKHw24qwJzuOSCTzxXk5LlEvrVTHVeSM3V/crrGLa3ula6ulo9NT+fMZwBPiTMcTj8zrVFS9o44fDLSPsm4/HFaW0astk3e7P0t+DMHw68Xa78TfH3xe1tLnULU6rd+DNMiuFRL3V5r1pcXHJ8yFFJKggALhuQuK+2/+CeepeD/AIi/Db9qz4V+M1sNVi1ix1PxV4X0K4MUivdaZDK0UNo78vKrRgsyAYVWOT0P84Gj/ETWI4pxHLMqwLIUOZFVDKCHOAQHZ8kDIxyMd6/RL9hX9o74Zfs++NR4y+MVlrmp+E9W8O6rpZtPD8zrqtnqOoRSQLdkg7miZZBlWUhcFgc1+68D5zQy3MqFTE1aVGnCjWpznUs4yjKmovm1V7teivfe1suJuAa1TK8ZTwM686rqYCvh6EJNck8JWhKKTTTavF83ba+tz9S/gr/wUr0L9jL9nDVvg9o/gzRrxfGF54jfXtBiij1GPUZZkntES9uHQyQmHfvEZyFVCvygYr8Mb/xjD401DxNcWdtb2N74j1e7vrewtUUCz+1zPIlvGCVCRpuCgKMY54AJPmnxK8Urqfj3xlrvhea9l8KX2t6ne+HIb5y95FpV9cPNDHcKxOyVI3CyYGSQeoIrzfS9Y1PSLi41RImSQqz20mSphJIXf2G4E/LuzwAeDxXwGSZHk/D/ABZxDxBgZVZVM9xcquMTqydCMYSvD2NK/JTTV3aybfxNpI/XM7x2LzTh3JMrrUaFN5ZhoU4SjD99Uk4U03XnvK1na70S0bsz1Kaxl02w1yHUrpkvBvtlZpCRG0mdqR8kkncCW+bHcY4rxHRtHvbbUGF5LPNEbtpDGhZ0kfPySMT35HPPy9cZwehfXr7VLhZtTEksCsXkZmIaWVxkOVON+P4Rg9QcDpWxHrMsxjtorYQrGyqLkxkNtYZXJJBLEjJAJ5655p8ScQfWqyp4eHJShHli3K0ndx5no9G7WeunojzMkwM8FQtVmpVJ3ct1po7b62iraq7vbSyZpyXd7FJEqQ+XJIFRSQAwVRg7VABAxyCe5PXgGL7U++RCVDOQhYrkmTPVmPIUHknn1OcsTB59zcm4Z3I+zqCjyodxC4PGCDj26cjtVeOeKe5hVYgxdhE5KkL5h4MhAyABnuQOe2cV8Q5t3lLV2u9XZapPVW0TWz1S1sz2ZO0tdHu5XirvS9teml35d9tm3vJbbCrItxJIxRySCFHQFSeo4OCByOxypXutI1eYIsM7bdwxIojB2AE4IbqQA3fgLgc9T57PpM0dx5K3MXlyyfLOZBtG0ZKAAAjbwB/D8oOM4B3LPTry1jiuWmMtu8pja43B2ZBkEIpbkngbhjHJ68jysV7KcW1K2q1i7PS3Lbq33u16KxxYiUWrxlvZa/JaLR201u9b9L6+k6lLpbQeasy3LJGyz7lVRIrDhQGxuHY4BBI5xzj5v8dw2y263Wjo8U7l1eKNNoxnhuGIyM5HHfkADJ9F115JLy0RLgSW+4ReUrlPlICgOFCjev8AFk5G0AEHJrs9B0XwvbSzx3EsbzNas8pv1V4zIQCDDubjaPqD0OBwejLqyw8ouc5zbaUYuLcV8OtrtrTR2b2t0dssPVdDlcnJ6r3fNuHLa93tZWu7ve2y+MxpOuXlqpYzCNgWLOzBn+Y5IB+bgggqQACBksTxuafbS6Fb2t+rOt5bFpXjnJ2gDG0kMPmHQkDP0yRn0DxvJ9gv41s41FvIpVmjTl/n++FUYRRwQMnkA9xXCtFLPcMS0l8rqUbapYJGFG5SNvy443E5ycgY5x9jSqKpBNPfXl1393p81d3S1V9Ue7Tqqqk/hTS0d00/dfr2enlboVdW1q81CS31SSJjtY5KjETyAk/LGoIzkcE7gcn142tM8SW8GbjUbSWJLgBEHlsVLHGGKnqvQjPHIGDnNXPD+v6La+bo9/ZIIATIbkx7pQmQBGoHQHBJOcjPatPWdV0bVLC4063S2S3dQttM6p9qQKOApABx2+uec9VJNvl5W9k2traXvd/g1o20tVYq15NK9tn/ACu9m23dJJJ8uu9+rTtt2viDS9VRY7KANMqOqxRoN5lIOGIBOQDz94cEdM5rnrfxdquk3c9nbAR+Uf3xJ4Y53N1O0HnsQcck5YY4XRwvhu7mmZ2M1zARb7ZCETqAzvngkcnJ6Afh6h4N0TQ/E2l6pcahqaWuqnPkxXDfu3dhhTuJ5yQCoXGcZAGeOatCjQhKVVtwuuzsmk3Zb6a7aK+m11w4v2OFpurUTdNPl93V20V2kldX30b1V/PSg8VnxIqWuo5Y2671dohmPkrgNggk8jbzu5GMjA6LTPCmra/czQ6XZvdRGJSJJIXjVVJ2kRyMoXduIAVCex54z33wy+HOnwaZf6vfm31E6bJGpjyogCBwzGQZLOy4wAv3toyRkV9Xy/FuO38JL4U0PwhoEwFsV069jsUjv7fbmSadnUB25BCh2OcEYz1+CzDiilDFvB4CjOrKLtUqP3acLuNm9fe1tfTS3mfj3E3iNQy3G08Ll+GljH7SEK0uf2VKkpWu238TTeqa01tex8Yr8Mtd0t1Mscdozt5S20soZxIRkyswyVVDjHPJUYzwaxtW+DM+vXjR/aIY9QIjL3iTbcqCMjG4DeFPXILemea9UvfGv9p6lLFfRSQ3axst35qMCi5wWQk4UbenTdn2yadx4l0C205o7O6SSVZ1dZX4mYDh1JJJ2ISSQR8wGPerhjM1kk4JRlteK913tru7JLd3vpbY+/4ZzV46nSq1XGM5pP3JXi17t7W191PV20fm7mZ4V+HGo+ErC4s59Qiv9OJdUWYhk88rliVOeATyehYnp3828W6a+gyzaqlrFNDJHt3woDtZGOAGC8Lj+IAnpggCvXLHxHFq0LWn9pQtFuWbeG2uArKpVckYHICg5L9ck4BtahJokVrc2t9ItxayxGNLaVUaQB+WkG4gc8k84GcDpmvIVfHUMbz4iEqqqybnTjGTvC6u7d9NEnta6ufpmHdOUUou1uibSveNr3umltpt0V2fF3i3xdNqVp9lSTDSANM4kHRQQIyOq4OAACQR1FeQGZgTKXBB+UgkNknPQtyuc56+h4zz9ua38IfA+u2jjRLoWt/cRhxI0i+UrDO4FM/dz79SAB/e+ffFXwV8R6Mss9jNDqtpCpkka0K+YoH3t8YY9NpyBk8jtwPvMozbLHBYeClQqNq9OrGUFfTSMmkm3vo7620InGd1Kyla13zdPdt7ys7vrZNXV31v5dZak9pdx3EDMhiIVCpOAy5ywXgDbw27IPAxngHam8SXrXBuWvt21AQzksz5IBGCSOMg57Duc8cfPZ3ERY+TNHGm5HaTIKuc5DZ4BByfcg9BzWLK7K4VmwFXJkB5JwQB0OAD1HI6ZwOv0UcPSqtTSi77bbNRdk7Psu9300dsG5pJWtFNN2V10StZp77XdpJ2aWrO/m8WtdRyRzhZi2HV2ckRndnIGCAvXjGc881iz6o00gWMlAyj5uVxjngADA4U+x4zmuR3ltxDbSAADu3BjxhiF7nGACckN7jEkDXM8gWNXlcbY1WMMTuYkZwME8nJ7DjBwa6lhqVNXjyxSXM9Va147a6aPqlZ662aJ5u13otNJPTlt0duutultHt1y3AmnCPIxRxwXbHPAyOCMKMHBABwPQV674T1mHTVSLTpIZWQCS4Eg3Osg6hSMkA/wgcE56HFU/CPwivL+C01fxLK1lpsnylIztmCnJUsvysBgnJBGcYOe/t2h+G/h/4ReW5tw125wfMucSxyIRghQSMkE4yP73Q8AfOZjmWDd6EPaYia932dFNr0b1jd2d7u2lrPrzVasZRsnezVuW90vd9dfJt6v5J2l/EM3EIsLi5WJjIZB5sLpsXpguCuWTtk9gCQBxd1DVbW5tTHp0h1C9dmUlpCBtIyQMnBC5JBG7BwOQMVrw6t4Tui7S6HaGTJKGOJRuiIIO4gcNt5xnPfJGRXP6xpWgXlzFeaRJJpJSMblQ7lJOQWC5GCeQSRkgDce9fMxdB1+aWHq0Gpe65QjJdNW4pSul+vexzQjFyvK8ZXTi5K9vhtfTTlSe91bt18I8S6B9kuRdfZZEMnMsisXBkyd/Iz05wAFHBG0sTXY+DdRs7G1VRAJQzN5pkAY5OAvA5xx83ykjjG4Yrs5vClxqNpcxQapFNGVVTJLgk7s/dUYx1JJJJxyPbFPw08R6WgntpILm3MZLGORTvwAAdg5B4GQBk8cgDn15Y3DVqPsa1aMJQS0vbdpJatNNWtZv7lc9GCvFRWq0+FaNXW3olfZq25W1jUdsc0tu+CzACJSQqISCDjnBIJ7nnvwAMi1V5nQFHj3MriUHBUt1AxnOPTJ/Dqe0h8J6qwSd9PaaNIsyFVJCnGQCCMnIGSxHy4GCOc4t9GsG1HH2aUsCbfBK7NxBYsRy3HIAHO49OTlRxNBJqnKM0le8XGV1ve2qvbRq673WtsZRnza6p9NGk00763Tdmn3T+ZhLquuW+pNGPPljQny0WLczKpODkZPze/BPBwQ2bP/CeeIYPMWeyngQsQkhhaE8YAMkmOdo5BPXOORXuVnY2jaXb3VgifalRF3zRDcykAtg4OVySQRjuDnnHQ2+h2txZIdYs0uo5cjyRAuCx4DqR8w+9/Fxjj1xwSzbBqTjWw6laVtVutOltGmtb6aLUtUPa/FGMtLOWukdLpN7PWzt36M+U5PG+r3TfZ55mciXMUcb7m35JD5G0kdxkZ9cg12ui+NrzRhE90JvKkJdg0TCRm5BBJwCOcdBzk5OefUbr4d6BpF2Lu3si+oSuGtrdkLRCNwud6jO3aTkA9cD3I6rSfh9pE9xs8Q2xnjkgM4S2C+XCSCdp6AE5Axkjtx32qZhlUqSiqTgpJK2nM27LTRve15W3stHoE8uTjrBaWSTV3dqK3t3vfVtO99GcDH4+1C7gkSwGbdQHPlgIgMgI+cHIO0k9wegb29t+D6J4euLbW9Rsre9vrq4M8ck7h4YbbBZkdMcSNk7FHU4wMjA+bfHOpaXoWr3mh6ZZ/2XbRxxgy42yTg7WIVD0Z15JPJOR2GPor4WeJPB2k6PY6p4k+1NBGpFjh/M8+cJjc8XO4KcYXHIORgfMPm+KcI1k0vqeHqcleFpxgmpzvH4eZv3U7q73ts7Xv+KeKbxeFympQweHnNVpOE/Yy9+SbS5XZLlTdm/La99PszVDo3iDTR4h1973R9JMaJaWlhbssdw0aD95LGhPyOwAGRznjGefl34m+L9NiWDRNPtp49LdTPdSGP/TZ8MFVXBGYkCg4U4yMjHTPrE/xhn0uKxt9O0qCPw3fIbpJdWVZ52k2kB4VYcLHj5UKjpkZxkeP3dvp3jNtYu7m7WLU7iRxazWUY8p0lOQJoOdkgzwMAAD2zWPhf4dZ3nsYVYYCvWhCbcIwu1vFN7JyaS95tNt3s0krfypl2Gq4TFyxOZYetTw1OU4qUZvkhJtJznFK/Ns5Ntq620K2q6VZ+I/DEFvoGmwStb28U17qEY8pooQoLQSFASsny/OcbiSOSDXiHjHwPLbaYLpbtJ7WRY5Y7eB909spAYkk5LAAAgnJbIfjgV7/APDS38QeD/F9poukR2mp/wBsCTTp21B99kZLlSqtKzAIpQvgAgMoCg4GAa/x/wDA/iPwFP8AZtWsIbZms45nmslX7BfR3HzsttMpdWCAhWAAAGdoAAx/QVXwuz/IMDLM5YWccPGpFVG4O9OT5E+ZpLre1lfe/Y+84dzh4DNaOGoYinUoVkq1GbmnOopS9+Mk9nG2iW+jXW3xJbaPaT3UavPGTLMER5WVTFghSXOc5KlivUk4/izXcX3hi2sLO4nsvNkijiR3uZMHyn4LKjpnOew3DKg4OSM+f3NiL97iaJJLd1fckeSIyTnIB6bfvHAHXsecb+gX2pWdtcWUt69tZyplknJlSSROys3QZwflf25PB8OSnTnByld07Nq+u68k+611V9Gf0Hzyr4WnVdXRxi5QXvJxbjJ20i7/AHKN1tqdn4r+GN14e8BeHfGc+s2N1B4vnKwadb3AnurUW52iS5iBEluzDBIYHABHULXm1lokd1b3aNdG3lgcMJi+9pI8L8gJyygEEAAYJ6gDBrdupJJI44GvHlExeWEtO7RQkkZVYSSsbHHO0DnjPVRmWqIXlt5GI8xtsssZyyovAzkkAsTgcHAPFdGY42jXalRg6MI0qcZ80nNucIxU5q9rOUle2yTSQYRyoQjzzU5czlGpa1qbknGLWusVZp/atfa9uYk0eWI3MgbMalW8wndvQZAwMqckDJ557++BeG4j2C23IHfG5wMnBA6Z4HYDqOnPbr7yzliW6i/eRojgs0rH7p+4QOpBwvAxglj1DZ5594KDesuG2oSAMbuuOCBt+bBBG7tzwPKVWLSalGd2lb4r6LlTV73dtlfq1sz67BThOMZc6le23vLZaSV1fvbXbulelGZtsYmLXIwVVSQRGWJA2+nfIGNpPJB4Gr9jtRaP977SSGKsQDJnO3YOOhJz1yATjiqu7aGhklTdHnhTzzn5S3XjjOO2OhO01Z4XE1verOIliYZjyTkDAGASpYk8d8HGO5rOXvta2Wl1ol0fW2j8usu6R6rSklyr+WLd0kndXsr23bvs3qmadjC5lbzvMiebEccauflPTJx8ozkdT3PA4rqdOt1hWW3ngZnjDSIyfMCMc7s4JBGBg8/TrWLHKtw8A+WRYwXkdQF3bj06jBx6fkMYO1d3rGNY7QPE5G+SQgkFNhAzkgKcqQM9cHGDXFUb5uW7006X1Suvedknppd2Wj0RpCbSipPomnGN76LWV2k3H3bJvTZ6s6fw+IJ7SdYFeDyAWZkPDENgZGRwRkHjGD16gb+kPuuZ4XZECJnIK9GBzsYHlhwBy2T16ADlfDcxlttQfYskjwFVCNgbuVYovB3AcP128eoNRWN9dWjJHLCNyPiSVuCqOcDnBz+oOMY6GuKdLmlLys1fdP3fK1tFrd7u1nodcJxeqv8AZWqSunZ22Wz0avdJaM9e0PTUvtZ07T7q7ijF/cwWtvdXDlYrbz3CrK7cBkTO5wTnqCcEg/Xvij9jX4yeEIItXg0j/hJtJvdPgvdN1PQfL1DzI51Vo2kjh3Og5wdwODxj0+K7Z2+wWs0UitIlx56sZPn2xHIycDONvTgHGeDzX398Cv2w/GHgWLTbi1vrky6bbfZoYLu4+0WE0cOCYpoJt8ahgNobYB3B+6R8/mVXMcM1LBzg3FxjKnNPWLcfeur6paNW1Wtz7Ph6plVZTo45OnNpOnUi2kpW1SupJaWab2tbTQ8Us9C8WaHOmm+KNGvrTUJoTHBFJDMt2wUgD9xIokkwOTsU+3BGOn0KK+S5Ntc2t7DLjeq3VtPbvJGrYDIs0aMwPQkbgeQp+XNffPjH9tTwp8SNI0Hxnrvwu8Lnx34XuopYvEMdvAsUptWEotru3jRY5IpdgRmZTlSSc5FW/wBpr/goV8HP2iPhJ4W0jR/2ffDnw9+LekyQWt/410mGK1tJYLYqjiJIYxGUuCpdw2cnDZIOR35DxFmlKtTjUwjlSlOEKji2nG7V5qMrpwW7d+ml29foMZl2VTpJUcb78YOceeMW/dipR5veTbk/dVr2fZ6nwddtJFcybUAD5Ta3DKRgH5exyDwRkZGCN1Vp7Jiq/KxJYFgPu5ODwcHj14GQOo79X8PotQ+MGr6j4a8N6JLqPjLT7OfUTbWUTuuoWkAMkxtsEK0qxh3CAZI5welVQWS5ntZ43t5rVpbe4t7iPyZ7e4hYo0c0ZCvGysNpBxls9ua/WKOIhWhGUXrJJ2Wii3Z8u/Va3ej91nyFWheT1130V10XwtbdtfM5tbGQpkgBwWZmzlW5OfxzzwOoznpixbwPGyncq4VscZ6dTt5x1xjOcD8TvrAJ2dQF2soPyA5ZyMjBJBGSccc/0PsToMlSMErk5znkZ4ycDkc5545wa6I2/DW77qL6aPf7mmzCUIw0urO1knrqovVarW+ltUtdCG1i8xVEhV1VsANgBB0zjvngEkgdc0/UtEARZYcFQeuQP7xIYLyV64OOM9mNWxbGNMja3zZckkdefu8ccfKST/3z00bKXzALUIziQERlhjy+gIHOD12/MATn5ueawq4dTtNSSkmnon/dffRK27Wt9+iuNdJpN6aJXveys726K9vK219Dy+809HmAkhA3p8ygDuOCD3IzwM9+TWBdeHElG63YxTEh1PRtyg8g7jjcAO/HUjG0V6zqWmyQgiZdj7yOV27iFwNrrweSMhQD64JGeYuLSSFg5YIyYPYjaecjtwDznPYA8YGDk480JNSWvZtt22drbXb8k0uxx1ZST5uqbaaXxXS7a7XVutrN7Gh4fvDqdinh/UJ54dRjDLBeiQwmVVGEUyKVYSIckFWz2BIFfOnxGa48I+IVXVbq9uJr2MKlzczNdJIhBALFtxLKMLhmLD6Zr1rU1kVt0Tutzw0TRErtwfmYlcYXuSAMg4+YAisDxZHoXiHRLaHXSDqNnIMXg5KIhB4c8nnjnOTx1wa/MOIqeBweKddxhOpUck7KLmtVrHVuztrZ21XY66ub1lgvqdSpKMU1JRcm7/DZ8qdrpPd/NN6PyGHwfe+KNInuImKR7WYvGfnkB5GY8ZIHLk9cegHHgGo/D26s9UNjLfpJLHMHdVfAVC2SH7ZUjGOQNpG4/er6w1fWI9H0ePTdFuEQPbORdFwrjzFwWxnOZAeeCQQPx+bTPdWEmo3moSI88+9EeQh+D1YMDlTgjgbugJOPlr5rKcRjpVazi2qcpSVOk7Xs+Vp3WqfTfrpc+MxNRuc0pO8no7vZJNbSvrpq+y31OS8b63cWkCaNa3QS2tFiDSI2QxVQrZIxkDGQD824egAryqYpqUqQqySRIgMhYgZYqcu+GO8ZP1zyQOAJ/E0iPeMryuYWyWYN/rDksDuwe/QY29ABnGMDTLSQzMEnWMyKxQggtg9+CSxGRwc45GTgGv0bLMFChQjKS5ZStKbbV3LRtuTW3ay76rrpQpuNNSWuqer10taWumi6WW3YsaGlnJrH2a8KmAFlZlYIMqSdozx1A4HXIJOCc9vqcGnx6dcbUgkg3EGJFAkAUZVic5JK/eAOB0BPfhbnw9eDc8QYK4z9oywAckkMxAyDkkMMZ5IJHSr8FnqlnbJ5srT2jKVYltzGRhj5c/3Ryc5Bznrtz31GuaDjUaSVrXTT1VtL3Svo9rXutNV03cmnfXRLsnolvbrvvZW8jB0zUxpN+z/KsbMSuEzsOeGHYMBhsHoQRn09Jt9UMpW4srzbM8Y4LBRvc/MAMj5SCdwwT1yea4uXQImjEiTDH3i0m1kBycxgZBBzzxjkgnbWbawzGdIYfMdvM4AJC8E8KVyM9AR0ycgnGKdeFGtC894pNOSSUdle7003WivZX7lSTla1lsmpe63flTS0vu3Z2smrt7M+t9B8QtpehrcGO1mZk2O8aAyyz4IChsE4QkEt82c/LxzXOWXiOa61gGQlPNk3SNuLeWdx57BSOmOOnFZvhvw9rB05pJAwDJ51pahtxRguS8in7q4zk54zjHFchcXN3pt5ci+/cOrhsbRvbceWwCMjsDnqMYI4r5GOAwlepiYwlGpO7SklzONlbl3u07dLJ6dXdYcl20rJu1nqtOW3brb5J6Kzsfbuh61bS2yJDJHE/lxpK5wzyRkAk8j+982ARjB9QDR8UahbCzFo9zBdwS5WKKP/AFrsV4JI6rHnn3A54yPnPQvEnnadO3nPG0aiMNGxDyEnAQMclFwQSck9ep+YXdDlvNZux5lx5TxSMkCK5K7f4iSccDvkDJ5OOtfLw4flhsXPESqPljLmUE9N4t3ve+u6a8n2FSqSi1o9eVK0lony3uno7t67XW2t2YOrabcvPK9k+ETeky9CMsTgjJzgDOM4POOa9r0Rv7W8FN4ZimFrNNZOJLi5fMbMmW2KCQFyQcAj5cnrkETaF4X0tZbl9QmkJklGxdwdZirLvY4zhWwQAc8nGOCA7xr4WttHiF9Y3U6Jcos0FrG+5QAu0h8bQD3C8cHPPOPV/tLD1JUsNK0Zwaab7watp59r/wCR7mDrVaSlLmVmnB+9fTTpZuzs3pfXrZ6fEWu6ZdxalfwSRmZreV4S6AlMIxUZ4IweoYjnoODWHHpNxMXgjt55ZCAoMaliSOxAySMjjJwPl7819x+DvDWk6mZI9T0sSSXMiDZLGV81Mlmlmcn5T1G8kKehIOTX6ZfCb9jz4KaV4Ng+JHjXxZpEGh6xlI7CBI5JrK5HIt3lUllmkJ2J8oLZ74qc34+y/h+ivb06laUbRhChBznOScfdSWztfXpu77HXlmU4nN8R7OjOnBXvOpOfLFaxvdvbV6rW3Wy0PwU0P4ea5qcwiitrgSlNwRoJGkOFzhVVSzdBlSDntkYx7/4H+A9hqoCeJdbOiTBCXing2SupBASJGIILcfOQpyOc8kfsrrPiD4C+FLg6X8EPhVN4s8TT2k2mtqupQtdJp920TYvV/dNGpUKZVyflIJB6g/HuheA/EOteMJLrxVZpNqN1ezLcsxEcFqgckJsACLtUlVGfbnJFLLONZ57TdRYeeXQUU6arygq7Xu2l7JScoRs/d5tbJvlR7GNyWllFOHtqsMTKT96VNTcVaUFaMndN3aurbdtD49+Lv7M+t+CNGstf0h/7d0bUIFaOa22vNbDGMzgEkZAOSV4GCT0NfJOpabf6fbn7RbyjCOFXphVPP1ycAY5z6V/QhdaToWgaRd6LfW8N7Z3OnzQxG7xLDExTJYBiQpGRsZRknBAGM1+ZHjL4PnU7jWbyyu4ZrOO6nENrEih0UsWGxRyY1HTgjA56KB95lOZUKtBRnWTqxVm7p3ty2v0s77JN+S3PnMXGmpqdNKMWleLt05HdK+q1utlun0PiPw7by7lke2kaLejMZFO0KeigDu2c57hq7O70tIzPIsZWKeEshePAVsdz0U5wV/pg17s/gKGz0pBIBb/ZUG1kjA3spAPm8AknaONo4+U8cV554wkht44bdJI3+UOwQY+6OEJ5wepxzyMZAGK2rV5ylHli7Ozbsrdu631avsl0aRyOTXup3WjVvPdLbbV9V10PLfsdr5QQk+bGdhCDOSSDuyM8YPr35PODLFYzkiOMsrwLvLhgrLls5HOSeDz8pGBtOTiuhtre1EYeRCHlA2tgEDk54544/h+bgjHQGeV7eIvtTcdrqxfrkAEADqzdcEg4HJ65OfPJWSV76bvvHvo73V9UlstWVCV3d2bdlfXye+m+jej2S7s56LTZ76dBCzlovmkZixZsj7248sDgDHABwBz1vpaS21y8TAN0U5GHC56gceuTkEdeDlc3LS+EKmSHI3LtYsPmzwARxwAAAe/y8Anroqyqq3Urh5JBgggZJI24Hccgcn0IxleFKpLbRXt5J3ad3vdWTi7NbtPY0umr3316K+y31uuyu1unZXNLTitn5TYY/OckJkjjBxj/AL5Oc44PXp7/AOAvF7aPGnlhopY5vMWY5/eHGRGSCu4H1yADgDnrzfwv+F1z8Qbk2tnqFvHKITNL5pGUAJztUnL7cdVHHBGQOfpJv2ar7TdPtTPqpaaaGWREhBlcPFllDKhO1XzkE4A6YODXVhM1eFqwnTqypzjKLXLLltK8Wm2tPW2l1e99SamQvNMNUjVw8K1CScZRmlKLi2lqne+++y7HcfDn4v3rXi3MVxcWWoW8ol+0W7vGI5QwKONoBBBCnIfnbySTX7qfsm/8FTp9K02H4SftEWEXxD+G+oqmnO2sKt3dWEEgERaCaUSEiJXOMEEcEkEYr+Xiy1a70PW7+0NwIms55Ld4iNpkZCUHqckqMKPutkgHOR9ufBjw1L4t0e4Oq30WmzKi3FrnAlZ2B2b1JLqrZBxjOCDzxn9w4V8T6uCoKhm1V1aCcOVybvDWNpRkm5RlezUo6rz6/wAq+J30YuH+LZVMbktCOV5ulKXtaEFFVGrPkqRS5Zxls4SunrZLp/Rz8b/+CfXwz+Mnhe4+Mv7J2taf4p0e7t5L288K20kU2paaZVMr2yWqt5vyEkKQpIA46GvzG8EeN/jn+yv4ouU0a9v4YVuBb6h4Y1tJJLZooZAXgWG4CmF+CAUVgFGQWxmuM+C/7QXx1/ZS8TWmseGdd1SHS45o2ZI5pZNLvYVYFo7m35jKOCQSVAwd2SMV+3fhH44fsb/8FDvD9t4d+MNlpfwi+Mj26Qaf4x00wWdlqV6VCI9yyhI28yU/MjDJLHc3AFfp2O/1d43yyVDH4bDZpha8HGVVQhPEQhJRTVSCi3WSvrUhapHdptn8vZXivETwPz6GCxNfHYajhqsXQlKdR4acVKNnRrybjRbsrUazdPaMZx0JPg1+2h8BvjydJ8L+N47T4aeMobM28g1R0XR9TunhKMIpmUKDKxxtyF+Y+ma8n8D+Exo/xZ+JXh6z0a31TRiktzY3UKrdaZdWs7GfdbTrujLN/CMggkYznj5v/aU/4JyfGP4F3EviWPSm8d+AHJl0vxt4Xja9t/sxO+KW5W0LNbsUIJYlgG+YngV4T8Iv2gfij8FdSmfSr6TXNIeSOLUNH1Z2eQwwN88KmYGVOVKjIyOBzlRX808SfR//ALEwmbYvgrESq0cdFyjg3Vco0pqSlywn8UGtUoSScX7rdj+6/Dz6TWX8T18ro8XU4Ua2G5U8S48lSpFwir1ab92SbfxwvF300bPuz4t6H4c0HwD4su47Ga3mhspLlbCYNsiYgriMMCdys3AHIB3dK+H/AA54Nstb8M6dqqHMl7E7yAruCgMRt4PYHgnbjawwOK+yPi1+1R8Hvjn8I9b09dIk8KfEOXSkhg0pWDJqd6VCbRKdgUE/wkHB2gnseO+FHwL8SJ8NvDmqRZtrq6tXee1nYSqCxz/CWA6jaGA5wSQDz+W5Zi+IOFsHOjndDEYWrRxCi3WjJpxtF8ylrdJq102unTT+hKjyPivG0q2TVqGJpVqHtI+xktPgdpQba5kum/bVs/Ov4yaJdeC00e8yXtr3UEgZkHzEMSAjEd1OMDOcc8gc6Hh2HU7d4jb3M8IeNZBDKzPE8cgDgFWIA3cAqSMYHGOR7h+1L4U1bRtE0aLVtLuVMOrwyRuIj9nmZORjquQckY6bucnBrM0yKG70XTLuawEPnWseAIyGjKKAQwwSAx5GSAcHrmv1TL+IsNmOWUK1XkqKa5U18LUeVPfRbqya03sle3xmLyKrgc0rUlzQdNRbjdq17X0Vkr7Na+jtryOpzQSQeZOk9jqMahY54VxA7k5AkK4Vs8deQO3XGj4T8X+HB9q0XxNFb20kgXDzQ7YJ2J2rIs+BtlXk5VuAw+UHr0ElokkLx4jniDhgjDkg9wctg8gHkj2wTWF4Wk0LxBreveEdc0aynt9PSOWG5cATI0nYOP3ihegAIxggkZNcuY4DL8fQkqW8opOKs9bK9tFs9+ibW2h04TE18JiI83NaMk0m3pZxdnq1bTd2v36r1fT9KuIYBe+GdbuNOZIyIJ7G4P3GHCYjZWHBwSxI249eMf4cNqPw8+I0Xi7UNPj1Waa6imkvLlBcEyiQOJiXDES5BAJGfyJOLeeHdY8IMZvDt69xZqQ8WnyybsAjICsfvAqADx36dav6d8TLBhFa+ILSTTLlpArMqZibadqtjBxuYbiML8pJJ5yfyLM+DeWjjuSnz08TTcKijC1RxlpZta21bevV2srX++wXE8JYjC+1qKM6PLKKm24qS5F9rZKz8mt31P6if2eP2zNJ8ReFNN0w6jb/AL6yWC6026lRojJsCNGYZcoI9o2YKkYIyuBzwXxz+Fv7EPxu1iNfih4Lh0LUpIpTfan4dSOx+04jJeWaSJGUPty2VIDe3Jr8LdA8V3NiltqvhzUIUljIkR4ZwiSKMHMsKkYPYjpk5xjBr029/aG8QyWb2usuY7mWBo49qbkmIVkCmZjhQ+fm7NwFIXmv51j4ccTZDnlLF5Jm2OpYWNZNYedSd6dKUk3Tg000ktnfdSsr3T/UaWd8P5hhajxWFjTxFSKc6tF2VSyi05Rj7rbaSva9k9UfiH+1P4J8D+FP2gPGcXwe1Ce9+HHh/wAa3Om+Hrm7kBvXtoZU3wv90vsbOX4BBz15r1rw34+OoWVpAsSxmeQW10NxjcLCigliMjDEZ/iByM9cryPx4+D+tpd6t4ljuhaHW9el1i3sowyrKtw+790/I3g8kf7WSTyD5fpdl4m8O6HdXl5B5z6XfR304L5YRyJtWN24wCAMj0x0JBX+5OEcXVpYLBUq9V1KzpUVUqSu25ckVJtt7t3b2V3ptp+NcQSpQniKlCKUG24q11y6btXtdJXstLn3FpfiDQtQh07R7iBNl3I1pM1wquiMM5aMtwcbcnnAIyegrl/iXr3g/RLqx0fRlmsL2zia4n1TTwbVZduQUcxEZcgYDbj82CfRvkzwx8ZbBprW412J7VLaeSRpA2EiSQuqYHy7DuzuIOOpzivS9butC8eaFoeq6XrenwXdg18t1Yl1M1zb4ZlklkJzJ5oICKcEHAOeTX3WcUMsqYKE5NOraLvtzNKClo9L3vfyi7I+NwOKxE7x+FXeiT3XJdatLq7ysnp3Ttq6L+1F8RPDV2x8P+NL6O0Em5bK9kM0LLEcASrISWDgEHIzycng49dj/am0T4m2Rs/ix8NND8QaX5ghudWsIIoLuKUrjcHRQSxyXY5PzHHIOB+fGoaCst40kE8Zl8+Vgg4bZk8YLHJI5yy4IGepwd6ytNT02xmtIJXit5JFnlhJALvweTnoTngjnHU9a+ZwVLBylH2XLGcUm5RklLeO9tdH0tddzWp7eSlKpdpN2Uk2n8LSvo01rok2r27s+xdR/Z6/Z6+JVpNdfD34hr4P1p5C1vouszj7MspG4xCRmGzc3yAH5RjkHv5rrv7Mfx/+GsKX0Crr+mP+8tr7Q5/tsc1sSfLLKjYBZQD0BGcntXwb4k8R6vpWs6ksFzOsitG8McTvAdxIIY7Tn5T3GCeR6V9QfCX9qf4r+F4LZ4dYutQtrJVgOm6lK1zZNGAN7bZCduxQew7d853rYadaooxqRqJaSUl7zs18UkkrrW1023feztl9ZhBJ3lCS0TjtpJK+nLdp7Le3qX5/i74j8GzrB4r0e8tngPlyRXCPBICDtJyw69wATg/dB+WvePAfxQ8OeMEEcMktkxUOIrhDtbIOSrnAIJOAcnnnjGa8J8Sftb+APi14j0zwr46+HNkrza3DBc+ILQqsy+a4TZhVUFPMIIw3A4xxX2rqHwy+E2n6bp66PcDTxcQW6W8rIGZRJtZCrJjgEgHPTr6V5dfB0nUUZQ9m76yj12VpNadndK/R7XPpcuzXF0HGaq+0guW8Z7te7fvfbXdLZrtoWkVu8XmYaRQvBG1hjIOVIONuOQSBkdOC1epfCG4i0/4j+EbiZCkY8QaMySPwQFvoSMBuo6KOS2Rj1FcRo/gi9sLTfYajbalaW7IpBbdKwIDBWjLFu/JzyT15Fcf4w+JUPwu1Lw9q99o15dzQ6rbTW6wB2WF7WdJEDhFPysyqCo6L0Gea+18PaX1TiHBua9yU5wcnt71P2a12spO70du5/S3gxntCXF2VRqJJ1/aUHFPS9WjKm79Ury131b0b+L+rH/gp9rlv/wAM+/B4ShWS6n0mdAXAO9tMToSST2B/mM4P8+c+oQ+cVh81cSHO1iDzk8Hp0Ay3UcDAPNfrB+2Z8W38f/safAHx/r2nR2iapb6PIkCkh4NmnRru8llUsHj5fAODgc8Y/FceKdF1GeVtPvoQDKx2SvsfOSdqktkYJ6dM+mc18X4j5PWoVsLRqqF4zxMnytSupV5WtJbXet3tudlfCyyPLaeBxFSlGrDH5nOUVOMl/vtVaSTd+3RPTTWx7Lo2oyGRXWZ/LU4dWlKtjODgHJzgqMgY6HHWvefCutsoQQzsWKgkc4UbhyTnknkHPAJDbcYNfGthqskExYSJtBB3jDblyOCSSpOT1PDZ+bkk16R4f8crp7q0iI6hlwQ2FZQSuGDEY6gDp8w4IAIr8DzrIvbqUlB80VorLV6O6aVnvZJejvqlw4LN406kU5KMVZNtrfTZp6pror777n3foutTSbCpV2+UE787eAdw47Z9egx1OR6Jp2rpuZppAGB6FMgdieBnnoen4kgV8g6F8V9KRYxKY4SVAJ+UhSQBgN1OByBgAcnI616dpfxA0W5XMd1GXlAGV2rtJ6Kec49CSMnscnP5riuGsVGU5Knq3u7rR8qTa637JbvXS59fQzjD1FFOrHpe1tfhT21fTqtNLdvrvw1f2dwwCuu0sCSqBQRgnHb3xnGACRuHX1qBrZlVVkiKsMnaAHA+XORnAPQE84+Xp3+ItL8ZJBKjx3KgZBJEikgKMjcABzgZIyRkkHPJrvU+KVtaBfNuI40Ix5nmKOAOpJyAecgkHHbB6/P4jhrGt8zpyb0Wt09WvXbZW1XU9KOa4aKX7xKFo73b15ere1rJ2fRe81ofT1vBp9xrVtbkpvcgqxUGQLwWOD1x2BxnGMlsZ7m9stOihKzQpMmWwWRSw47nO0g4PJPp1PNfBGi/GaC48TSS20+YrdvL+0PJwC2cdCMDHKkY5IGcZFes3nxkhEGJL6N2MfyhZFy+f9kH73fgdenY1wV+HcZT5ZOFSG121aK1jquj662aey3sbwx2DxK92pG2l0uVPpq05J2v0tp9zPQvG3hLw5q1jdwOsFm81rcRrcxrHHLF50ZVuQAwIVmI7Y5zg8fnzbfs2fD/AOBeg+JPEukeM7uS+vZL7U7lXkCg3VyzuiRqpPId8lgpBBI6ivU/F3xae9uGt4pJipBjUJJlckYJwD1zkDJ6EY4Ir59+Ieq3Wp6A8Ek8ojuLmNHjkYsFjLcIpJ9BxgH34JwUMuxEVOEp8tGTTqxvZStytXu9Xrtfay00OXF46hRUXTip1IxahLVtN8u3bTezstkfNXwK+Dnij4m/GbxvqH2m4uBBpAvVnS4ZJiLqRxEAAcbmCghjkjB4HFanxd/Zs8SeHNV0+6lOrwNdXJ8wPJKVkkHAO3KhslQ24n0YA8ivsr/gn3pbXXxF+KupyRMLK2fTdMgc5wVjPKK2T1zjC8Hg96/VfxV8NvDPioW76zpUdxHExMTMqlhKE+R1JAwvC5APTJORivy7jLxAw/D2bVcMlF08NRpxd4ptyUUlJJ7Wb7Pm/P0solUrUoSrzfJVnbo2r2UXvps7bt3vfY/L74B/sHeBfiR4AivPFV5f3OpzmO4uYncNCJllx5ZRhkblVQQzAZOck5Jx/jh/wSV+EniSykn0DwslpqjIqLfwjYz7VyPMjxht2CST37AGv1S+AmkR6Lb6/YQrsgi1eZIU4AWNCQE4HY5CqM5HIzyT9A3MaS+bEUVk+fJx90EEZHbnAI6dSTk81/L+e+O/FOXZticRl+ZYilh5V4+ygpSkqdN8rSUJNpW7pbNpHs4ynQwuOhh6tGlXowjCTjOMXzc0Yz15k3ez6NO97NH8eniX9h9vhx/aHgS6sb64s4rprxJ47UrHagFmQqy5DEnBBJ554bBJj+NXwrufC/wA0S08Lwatq91pd095cyx28vnQzDI2SHGWQDAPUDAz3z/UX4k+GXh/xF4pkju9Ot5I57dXm3RKd/zYJdsZIHbvjptGDXP+Jv2cPBd5ol1YR2EMdvJFIzQNDG8LYjwQyEAMSDgZxgDAUZr7nhv6UuLpYuhLG06mJpwcHiZzlaTmuRTmoNvRvpvsrn1+Ax+GyyeCq4HFVcBiYuNWi6KcPZc1lFJxmm0r6N39Hex/Ex4Knudc0TXPF1zJHDdeHdQWC9jZmhnieFgWZDgN5g28jJIbJ4xz+juj/wDBTf4yeFPhLF4S8O+JbSe009LJbW/ux9t1CwtrdEjSMO7bwo24UYBA6gAYr7P1X/gmpomt6X8Qx4OEVnJrmr3tzJb3MZjtw5Dk+UmQMiT5lOcA8ehHzj4a/wCCQmtX0dzb6289p9q8uHdZXjENHu+eQpgYyoLAYx1Hav6wyP6QPBGaYN1MVmUMJFOClSnpJyko6Rdm5Pm0uuqavfQ/S8x4/wA7xOWUcszvLMp4tjhqbdGvmrVSphqqilGcJT5mpOLV9dbPXv8ASn/BPT9qxvjd+1J8Ktb+IOuHXdVSZ1i1qWLyYY7lICEs5C5MIGzBVcZz1bPT+n340+IdPj8Pw3NnDpV9NqWqowtLtbRpPNRdqvGjgs5BORgYPB2k4r+SDTv2NLv9mL4keCPDdprGrWukxySa7p+q2iyRTLqAHl24uLhAWKtOFj2ZG8EjiveP2mNP/bb8Da/8Nr3xjq+papo2pWMOreELnw1fzW0aXEsqyW0Grk4WR1tCJJUIJyCM8EV/b3CuNyrifw8p5/hs6o0sNhsHWVHDT92tUiotqaTtdNNu+3R6s/zf4syqrnHissNVwuHwc8xxtNudK0cNRnUnGMVFbcsE9ErpJX0sfd//AAULuY9L+BOq68UtrDU5bkJBcx2wSaKYW5RQpGAAJsKCuCwUbRkkV/Pz+zF4V+PfinxD4p1PwTd3+t2+nxi/1T7XLK9vcXUREwt4IZG8t8BR8pGQOPQBP2of2m/2kfFk134P8e+MJtS0TQJopf7Bt4FWW4klwVecqSzCMZUswO87iMZFch8Of2pfiH8FfBGoQ+GSmlWWsSxRXTNbFdTL3IzOyEhWjULuVZMY468AH/OfiPh2n/bufY+EqWKjm+MvRvRhUq3irL2fNezdruUW7JdNLf6weH/hZRw/hh/ZTznKsZn+Gm8ZCnPFyhg6GBqcifNJRvKappvkXV2P088Y+NPF/jLw5YWfinwdMW1Xw9NoeuX0lq0Vtp2pQMqxR28aBka7ZlCjjDYIBBJFfH3hfSbv4aXS6x4ms9ZtrebUZ7W3sL3T57fDHckbplBvVg4K46qAemBX1r8EP2ifFVr+y/4h+MCaZofijTvD2p3SNb62Yp7hrgozfaTG6El45gr7juYMM4AyR6Z+zf8AGPQv2r/hxLrHj658Kw694Z1K4u4dEvbK3htHkE4+zxw3LIiSHO1SpJHA4HSvw3GrOsHh87xEsNWqwweLWBjQk5N+1nyuELq75ZQu1bmV/d3sfk1WjgclzGtgqOEwlTD4bEzpV8ThK/tGq0lFKpCmoLmp8zV3fS73s7fmb41sL3w1rTy3SS27a6P7WtmmQpG6XB3xEA/Mu1Mg5Ge4BNZdl4okRY0aR2dWODFIWb0XJweOMcgdg2cEV+u/xh+APiDx3rOneLbz4f6NqGlx6bNZW9h4Y8u+uWgt4f8Aj4xbkiOTaDsXGASAMkDH4jfFvVn8E+KtT0mDwprXhx2e5gsv7as5rSUeS7A/LOiBlGPlZGIJ6YAFfqvhnSxfGvJluLy6rg6lKFOEliINQnZRScHJOTTTur2stH1S8TO8yy/LcOsdhcbRlWknKWHp1YynCSs4xkoPS1uvdXPsz4VfH3w/4T1exs9ZvCtzKoj/AHrllDTFVXfubAwcA88AZAGcV3f7UnjTTfFvw91yOzu7ae1tNKa7cRyoyIzIWBDFjgkkHr3wAOWr8MfFOsajrMLzW+qTtqMk+WaCcx+X5ZPAVTk7cADbg5A9QRzWqeNfiNbaLPp0ep67PY3EKW92H89o5I8YYEvgbdoGMkErt4wDX6nivotYKPE+T8TYPEwoV8NWp1qsYxt7RQlGTScUn5X7N92fD1/GdQyzEYPE4GdVypTo0qsZX1aUVdNK9tHe/bXW5ia9rDSXUhjcSBWBG0gbVycgkdMqOc9P4c/erwfxNqEtzrzySIrKojGCM4GQvPOAeNwOfbuSfpX4c/CXxt8ULHxDqvhTTlurbw/bBr+SXKFnPPlxrj53fByFJIGfmwRXzR4xgn0nxPNY30L293aXKQ3UDAoUlDqChX0Bxww4HSv684Yp4OhiKWChWp1MRho04VYRacofCk5JO6WktHv8j+d+Jp4+thPrtWjUp4bE1JyhOUXyz06P7k1fo7M+5vhPGp0OzmeMtIZItsbKWMg2LgJlQMEDjbnjOcA4r+gH/gi69sv7WNhbw2MyXC+HNZeYSkqoUQbiV6cYyR29/mxX49/DLQ9Ek8FeHb4Xdst2mnW0iQL5e1SRuZpQTjI5Oe2Dx1z+1P8AwRqgj1D9sGJrS4guYrXwnqzT+SVUqWtwMkDkjoOeADnOQAf6NzXD+y4ar2acfqcHum3eCfe8Xql0/U/CqU/aYutfRrmb1ey1v01Stda6q+7P7C/DlxaSLaBF2MIHQKF4DBuR0GDkHPUknkV1l3G8lvOsbYdredF7jc8ZCk9+GweOa5nw7ZRQQW2AQ4DtyT3YnB4HYggdB3A5J6qVxHG7nspIz64446nnqMZ9ieK/HsG2qMW7Jp300Sso2676b99j5/Fyi8TU5OZq61e/Nora/erbp33ev8cOlrqP7P3/AAUp+NXi/wCK9vcP4e8MeCPFfiJtTaVlt72G5a6kitYpGXYHZGWNUyGYjaOSAP5ev20PGmjftAfHfxl8QvCWiXVh4f1e/vZdNsore4n+zRrNKczzJGUQOcyksQcN1xiv69f+ClfgHxZ8d/2w7P4G/Cq2aLU/GdnZr4z1zyg9lYaJBPvvRdMnKhISzhWI3N6EqD9i/BH9kD9ijQNB1j9nnwdpXwr8U/EDw/pIg8dm906yu9Ylup7MCaZpJW8xZGdnZYomLIGBXtX6nkuMhKNPEOnWqz+rw9rCnCVT2NKPL+9qWT5Ip9d7ts+kxrw2QZbhsTjm4TxdOE6cFZScHyyV+ZdWnZXu97M/zOdX8KanBdzxrDuaJiWhRuFDN94dcjjvg4wRjBFYt14f8SWEEOo3Nhf2lhKzpHcSo6xOUz8oZgM9G9cryM1+x/8AwVc/Zef9kT9oHxLpdjpTWeiazdNq/hq6is5I9OmsHnObRMjYrW7Zj8pCfkUEZzmvze8dfEHVfiL4X02zSwgsotNijt2a1jEUczooHmMowcsoXcc85IIyDXsZjhqtKMaivyyUZw5NYunJxaafRczaa307o6ctxOBx1BV8PVjKMouUXCSd9rX1upL4XFartqeD2OomZZI7gNIFJCEAgjoMkjcuT19B0AxkCQ3XkF8MzcgruUd8YXO7oMkEcE44zjFc5rNjqGkHa7srSfOHTcFDHOSeTgdzndg+45wIdZuoCBI6vub5twJwBwMsRjIz054zwoOa+eqTcnGM1JvTVpb30erfXTZ7N3dzsWMnTapuTSSSV7W1aemunrd2t3PTtLvWe/hEinDXEMYZWPJZlO0ZyD+HODu5JJr6B+IOorYmwt438nytKhZEAG5iVHB9enPAOOvt8leF9YN34g0xJJU8s6jbfu2GN+HHJYkdAfTnO7Axmvo34twyT6vJJFI6J9gthCSD5RAhAYKcADgYwvbk7iOOrCU4KnUatJ8yTurvbV2XS+35pHtZZj6lKnUcZtuTcU72b7vfvorLRNL3tn4zqevXTMBG7iKQuWUZVycnK5Vvun0GMknp0r6J+EHwz1Txvp1pchmt47hnTLr87qoLckjOPmxxyckgDOa+Un3ecse4MrzIhYA9WODxwccdQOc7eB1/V74DNYaVpeh2TADbaLMqgDMjvHyxwMqMkqeQuQO+TX55x5mVfLsC6uEgnNzjHRWkm7N2s72vzbNX3t29bKcTUxOLcK9SVrK65mt3HTfTZrdq+rvqWP2JP2etI+L37YPgv4M+IN02j6jqDwap5RAkeCEM7qpOdpwMcdunXFftz+31/wAElf2ffhT8J7nxf4C17UNC8RTarHZwaLeK09teKjANtfbmJjhssAV+Y5XP3fzX/wCCZV5aXf8AwU2+H0CHyzc67PHEQ3XMchwCDnPBGB1+Y8Dp/Zz+2R4I0DxB8HfEA1XSbPUbjR4ZprSS5gV1glblJFyMbhzgkZO7gHC5/iXxg8eeIPDribh6UJ11gq+DpVMTSTa5nOq4StFvVrta7sz7fIcuwGY5hl+ArO/1zEyoycUnu1Fc102rX3Wq6We38lPhj/gi14m8a/DLTvG+nfFnwzpOoXukvqlp4UAS7e7jggMj24n++k8uAqpsyWxj3/MSD4I+IvCvjC88NXukTQaloeqzabdxPA6SuyTNEjpGyqzpIVypC56Zr+x79m6N9J0LT7g6Xa3JtozBZxIG2QhsLlYmLKpAwDleVYYBxz8a/tG/Au0n+PnhjxvJpsNs2q+MtIu78W1grJPDDeRGSBljXY4kBy+Qw+U7gcMa9vw0+mXhOI+I8ZkeYclGeHjenKpU5L8sYS5XzPSUk3bl0Wuvf6PPPDFZPXrzi4yjFupTWkLRUYtxSV36W2trfRn4cab8JfFtsNSin0XULaOC3VwLixltwUIDmSNpYwrKRyDuJIx0ztHIXXgqWznkudjBZSofzYGX58nchYqqEsU6+xwa/v8A/GPwK+B3xJ+Hmux6j4I0K5XTvAaXVvcWWkw296l1b6erqQI0RmlLLjBOM8nGOPjr4J/s4fssftNfB59PvfhFpujS+Gmu9Fv7yaxSw1afU7Fpo47lLnCljIyg9M9DlsZr+o6njbkVGhSq4ivTSkm41Y1U4RinFqStZL3ZO7drq9tz8ujRjiY15rD1Yxw1aNGo21eM5yXI7XTcXaz7X3vofxQazoE7XNlMRGsKS7D5kbb1ABypGMjAGAeNpyCetcr4q8N/6PdSNA9zDOjhXVc84AyOPvAknIyBjJ5Az++Piv8A4J5fEa5+JHjnQ/D/AMK9Vu/DmnaneR6BqU0TLbXVoHP2ciYgrI5UKpPIBXp0x494g/YK8c6FqH9n+PfBmvaFaSqy2z2djNPDlgB8zRBtoUc549Sehr1cn8ZuDcwajSznCynVkrJ1o2i/dTT1aSfS60eul0z18Rwpj1SU6bpP2keaKVSDauo39xS05nJaXWt1bofhhpejppiwTtbIqRyJKBKD+9AJJTHBAByCvBJzg9DX3x8I/iP8HrjSfsfiuY6ZqiLHFsuY0+wh9oTcoIK4wMt1znJwM5+iLD9jXwZq2pXmi313fW5sQ6wO0JDTSrz5bBsEsuRwQcEYPOBXw1+0b8Ar34U64dKgna602/Ek1ncxwHMaqPuysoyjdRjBbPBHQD9IWcZNneB58LmNJuEIq1OqnJNKK93llbd7q6djjw+Ax2TTjKvhZO/LeM1frFXW2jb00aW/VnWftoeE/AMnwwtvEPhOfQ9RvGmieNdJeEStCwzIJkTBGACWDHoRkHFfjBcWLyEMyBY5ZG+XcQQc5wM9QcckHJKjgda/ZT9hD9la9/a7/aC8Hfs/+I7vVtK0TxBBqEt5qkE0jPBY28bM7xxsxVmGflAyx4GSQQ3rP/BRT/giZ8ZP2OtQm8QeFLp/iF8KWujFp+vabbu+paczudset2yZMKKBgTFiGKnAzgV8hPxK4Z4bzWlkebZnGliKkKahVr1IqlzVLKFJ1Z8sVVnJNxi2797uxGcZe83r4Z4ShFYqpRUlhI2VWUKfKpzhB2c2nq0m5WseP/sZ/si/B/8AaY/Zb+K93Nok8HxZ8D2eoazD4ggnDGGw0+2a5hiktR8zx3EkZTdnpxn+9+OOt6DdrqMmniILcWupz2UqmNULm3kaM/Lnk7lzgjczDJJJ4/eT/gl03iT4Y/Ezxd4P1a7XR7L4jeD9X0OSTVw0Gm3Fx9ilZI0LbY3nkZgiqAPmwMZHH5d+JPC+mx/H3XNI1Jjaw6N8Q7uKSOEgxToNWYyhMHaVkUEhdwyGxk8bv1qHEeFrZcsTg5QxSdFVqKpuNn7q9zmjdX91O8nrfsjhzjh+TpYOlUpOjNqEXzRUJPnUFJfCtU073au3o11PAnwF+KGsaTaXvh/wz4suHVd8UthoN8TMCMAxSpBtkU5xlcrjHoTXeaj+zL+0NFZrdav8MviXJaHlJ5NF1AxkuODjymKqSBk45XOQACa/ub+Av7UP7MfgT4ReAoLvwtFaWug+EdEstQvovCNo5tbj7LErvPL5DGUuw83zCckMSc9K+iP+Gl/g/wCLNGg1rwsbHxDo1w5ijhg8PWh8rc2zy5QsLKrbhgjIIxgDIwf5a8SPpicY8G5fiKL4cq4LB061SjTnUrV6cavLZRlpBRaktdJNXfbVdGXeFmX5hi6N8HVrNuF6y9koq/Ld3d3FPVrX0v1/gJ+Fn7D37Q/xd1q18O+FPhzrUWozSiFptYtpLO2gjLBN8zzbWSMHaWYruwox0UV+nnhT/g3/AP2htY8PLf8Air4h+D/Dt4qO7abaOl2qhBvKyTg8HgoSOhwBjgV++/gf7B4u/aO8VDTN1pHBBCyWtrbrZR20NwVMjMsaICx3EYxknGCwwK/QbVbTTtE06Ozt1MkLxyI5kyZCPLPmGRiTk5yWx17gBq/hvjn6ZPjRntf2uQU8Hk+Aw9KnUq1JQlXq1nNxcYp1FbZ7JaK997L9bh4e8N8OvB4aOHljK+IjRc1WtJQ5uXmg1BWbTbTbvtfsf55/xb/Y28R/CHxtrPgjWruG/utIuZLeSaz+aOZULYePB24kwCFAGcnuRXm0PwZ1eMm3hsbpo8jaX+XcxbCjC846A5HbgnjP9hHxK/Zm+Gvxm8SeLddHh+1udVinntVuEYRyGVA+WySMv1KknOOFwTk/jvf/AAMvvD3xL1TRIITNHpmo3AaG6IMcNsshVfvdevHQnv8ANtr9U8NvpX5hxFhFhMxry/tTC0af1pSXLCpWUYqcqejXK6mqVtLrdb/aV/Crh+tL2uFwypyUYTq0v5eZQd2mttdE07aJ7M/E/wCM/wALtb+G9loMmq28tu+sQvcRowIHlkAoQ4zu4IyMZHA5zg/NYvLtbyMuZQP3aqCeFEhAI4zkZ5xjrjPFfsH/AMFDLEW8vg+1ubeN5rezeCEWyKERDkAcA9RxjA47YIr5I/Zj/ZH8c/tMeINd0nwndafBLoVol3ctecOAmGWCIHlnIzlQVOBkZIC1/afCfFcs34Ww2dZjXVJTTq1JbpQTSjfa7baSe7uran8/cRcGY2txfLJclw8pScoKnCNk1GMYyk5XslqpNtvfVuyPNdBvCtpFCWCn927ElgWBGckknkKMbQPc46V+2n/BJbxZ8FPBeq/FTxn8W7vR2Ns+l2Wi6Pe2kV9qV804AePTraRXZ3LbFAXu3PNfmZ+0d+zP4u/Zh13Q9A8VavY6hfa/YJqVslkpKwRL96GRcAq6EYxjgE5x2+kv+CZF74GvvjldaR4ogsri6u4IbjSrnUiotrS7triNvOiWVljM52lVU8e/WvC8R6NPiHg7MJYarVnQrUlOUqDfNKnCSvFS5lbTSS3i79z9W8NKM8n4phkmce0oVlh60JqjVUarl7BzjClVWlOU0lFOKbu9Oh/RN8ff+CpNh8BV0qx8LfAi+0mDULKO40m88SW0OhwT2DRsy3McawElCgyoZsHcBxzn8jPjT/wV9/ah+Ouq6F8O/B9jpHhfSPEOtJY2Z0K2E+pTvliPLukwwwFJJ5zxx2Ol/wAFwPiTHqnj3wb4atdUsXe38KaaY4LWeE/Z7RICH3iAhEaQbSEIVuOc8Z/KL9jnXor349fBC2uZRHFa+N1Ejsvmna8UoQKCGyWP3MHjkNyDn864Q8MOHI8MQzbFZZVxmKnSqVKNPGVKlaNRQlam3SclCzUedLlaSSu2fZrjrLsp43yDLcsyjC4bFPF4GeLr4iVTG4iNSpXpqrFVsVKdpez+JqK5Zc1tHr6n+0v8Z/2ofhvdWFxrvxO8aR3OuS3FrAV1e5tmSK2UCQLAGTAUsRnGCUOB3PxHqXx0+K98/nXvjjxneXuY2FxLrV+3VwxUgTYJOcHjGc8EHFfav/BUz4nWPjP47WfhjTrVLW18AaK1lKsZWITXkrP5zyogAEoyN3G7PHUYP5j2OpTX95ZxsuFN1bxNtUDzG8wEAHjO75cnOCBiv1/hbIcrqZJgPrOU5fSrSh7jjgcPZLmvs6a5Wo2jdvZJH5z44+IGNx3iNnNDLMwrYbA0MRRoUqVKovZwnGnS9s4qCil+9cnfpsvP6e8UfFn4l6/caTPrutazqEkOl2sEEV1e3flxqVA53SEMSuDzg5IznBz0fwyh0zxH4y8JaP4nuXt9Nn1lLnWHBMjtbRsjPmSRuASSGU8HJ56muX8ceMNNsYrPTGihkuYLaxiMUUKiZGVcku/JD84JOe2M9a+f7/xpd2lzr92ZpbdvsbwWYhlMcsLyOmCoyGyMDkHepwAfX2Mz4cw2GwkvqtGhRVRSUXTo04uE+S/NaCTTjutnfRH5PmGeYqli6FSvmFbFJShKUakpSV4xjJqV5PRJOKXmj9mf2nrjwnoXwT8TP4Bg0v8Asa7ktrNGttMit5ljgxGZXnUszySsvzHuRuyc5r4s+Fupy2/wR8VSmFtssNy5XJUHMYBGBtJb04weMjJNYVz48l1P9m6TRRrMmpyiS3uLt7hg5jYDHlu2S7EEBTnhjkjk5rN8Fauun/A3Wy7K3mWsyspJBO/jr8uSCFxkkZB7fe+FwWSVqK9jOXtZfXIycpJSXKpwe+rTsrtX67rQ9vOMzoYyvDExXLF5VJ2VuVTa+JyUnd9X2emmx5/8ML/Uz4s8LyadfXlhLPrMcMM1ncyQTJHLJiTaYmVhxnCk7SOOhAH3B+3Df383gD4Ti/mu7tNMS5tPtd0C8t1LyzCS4LFpDjI2k/eyeua/O/4b6+0fi3wrJbIENtq1swfcChzKjE5yAcenIzg4NfpV+11rXhHxh8BfB9st/Nb+JtA1u6nhstqM2oRzWwWSVTvGLePqDghtuQcE1yZ/gFR4hyatTwqk3zU5Vo005RTilrLtfVq9unc+QyeFPEcLZ1J1EpQqU+SLd+bmlFu19+/fRJdj51/Yvj+2/EKUiJmTy1Krt42hmJI747AjBXn1Wvtn9qlLaTwBbGIrCx8QIiIkeJHZY0/iCnIJwSCMjII5yT8bfsX3sOkeI5tRluoAiSRwSyZQEK7AyNgt05OT0xycjIP0x+1Drdnc+GLM22rWzxSa3K0SLKp2rsIMpAB6EjpySCAOCDz18BiZcU4WfJN04whzLl5dFFNSjurJpp638tWfd8LpU+Bq8fcc5yqNqXLzW5octm3ZK6a809tFb+vT/giFr9/pX7CXwq06LQ7zVGuvEOrwyXIDD7LCbyXLBtpCYBPI6qPU7R7p+0Rr3xk8QftX6L4P/wCEfgsPhVp/h+W7XX5yYpnnEZVo/OLAyEtwFCHBJzwcV4J/wRn+KXg7wJ/wTq+F0mv+Jre4ludT1lUGnxNc3kU/2yXbEyxAtHIwIKgkE5785r/Ez9pj4n/FL9pO5s/hz4B8T654Y8M6ZLpURvdEngt7m6dC4uZbqXywsI+XD5OADkfdFfpyhXoZbnVdwkoUctxNOFXVSblDRJ3s73bT+69rP8oyfCTr8VczpQ5frLUpVGuRPnjqm0k2lqm/NrRXPddTggttXksbfMiIsTtIFyG2x4JDMTnuWIxwMgHJI+cfjg9n/wAI/f73t0VbK73PcbFiAAY/OWIyuc8AcHAbPArTm1b44SaybnXNN0TRBcKLbyGYPNCGjwRtAzmM5AONxbGAelfKXxf8P+MdY+16bq+uSSWclpqPnMHMMMQCOBIcbSwBzhd3zEKPUH/HPxHqzx+fYrDV6/sYSzWdSdSSk5JRrwsk3un73vXVkuyP734RoKhTw1aFSjJ08NTfs4vmk7RhfRJppO+8klrY/EX4m+C/DPjb9pK28O6h4wk0Oy8R+HrmG91DR1Tz/JjJeZXnLqio3IwCTgjgMa/N39snU/D3hjw9D8NtD8Rv4mj0LXJls5luzItvYIzIBPCuUW4baSWU45IOQNq/T/8AwUP1C2+FXifwlpWhajAdTbw80qXtmzLd/vpw1xJI4ZHYuCerYAbb7n8hfiNfT6pc298vmuLyNJLl2Lb5ZgGMjvvzjLMSOSOcZ4r+1/B/hLFYjCZFxDUx8nl9PA0o0cKqcLyqRXKqzqXk2mnstHZPoflvibx7hcNg844coYS2MxM5Rr1bq1ONRwlOK5d2mlfVXTb7l/4eao9vMxjeRdqoSASOQPX5SOMDI4BHA7n7M+GWuSS31sZGdnMowxc5U5wc9MkgjoMHBJ5FfCPg2YwzsnzgsxXGASFIJU5HONw53HGemckD6p+GeosmoW5Zydko8sPjPykA9z8uMAcYxu+XpX9A5hSjPD1oJ8rdOUW7LsrNXvZcu6S1bv3Z/PeT4utSqYf37XqxSutFZwdtnbrd3v8Aez9OPi38Ybyaw+DXge4mMmnvrnh6dEMhISaLUrQAleNvBHY+xJ5r91f+CrOqvB8OP2KNkxeCe40wiMHOCLCDHv64BGQOgOfl/l0+KGrvceO/g4ROmP7a0LbEGz/zELQAH0bJyc8k57c1/Sd/wVh1Hyvhn+xEqGNnCWUx3EAqws4QVx65yMAnnABOcj+bM4yWjl2AzTD0qcVSxdHFV5qKSjOcqqbla6u5Xtrv9zP27F4qpj8ZkdWpZywdelCE47q9CEtdbOyv27WPnexh1XxG1xbabbNO6W8qFRkAhkG3j5g2CcdFJHqCCOX0s6p4U1D7Hq1tJYebvR1kD52liQyFhghhjgdz8pANe3/s3TLqWpTxfZi88wwuMkoCmHYcE7R7D1Oe5+xr34YeGvEyFdQ0qO7uIVZGndB5ifNkbSACcHoOpGeDxX8G4/iLC5DneJwWIwzdJ1bqfKk170LXurct3rZtdHtc/faNCdfC0aimlaEXK7u7WgrbXVvJ27nFfADx8+kW9iIJEMAk/eTI5RlVmHB+b5jjGeOOeDxX6MaZ490HVLO3g8yJ5rV4WXmM7jIBk8nLDkg4HHOcg4r8kfiIo+EOsWWmaZZO9hMA2Cm0fOwOC2TkDkZBz+Wa5y3+JesNrurX1nrVxZpZ2JuI4ElZI1kWPcqYBCEMfujOT14GK/ojgTJsw4gwWHxWWYr2WGquElTcny2dtVqtFyrm9OiR8NxBUy7CVX7ek/aSioqSjq1ZLe12kuVu2l/nf+i3XNft7T9lX4pujRIg8N66IgpDQsr2THG5ScMScZGBk9RX8PUnijTLjxJqCSRIj22p36705zILmZlGcgEZI6LgD2Jz/T18Cfire+Pf2DPixJqmpPNqlrZeK7NvMlMkgWC1JjjDNyobkqBj7xwcDFfxwf2+7eJNXDyyRBtbu2csxxmO5kUjnjJx949DhvlGa/0y+j9UngIU4VpqUsPRoUJz3XtEoNPe7tKyvporvufyRxbThRxuJqQjaniMwnUipRs1G8HG2nf8HbQ+0fDuorHLqMwkjRrpSSGIyTES7NnsT/dboBwMkkffPgj4oadr3wm13wzLKIoofD6w+dKwwzoW/drychiWA5xjgYGa/NfSNS0a38IpOHlfUrkTZbkgRmMLjOcnHBBHPAOeMhfCnie8R5NJtNTkjtLjyLW5VnO0LLLgvtJydpY9COTgHGCOf6YeSrjDgvD5dTqKNWjbFdHeVOKnpZPte/Rts/pPwY8Q8t4awsMLio87xNGNKKTtao+SXNta17u/W9723/qd/YuvrfRvgb4QtpZI7f8AcTTqSQqyIzEocHbw3ygnnqc8dfrvUfFdrNpd0kd3AzfZbxolR1Leats5QkjcwJOOcHGDyCAT/PDB8ePiL8O9L0DwvoK6lq+jaTZWFpbm2smm+1m4ijfZEI8kEM+Nxx0zkqBWnqvx0/azki1q78JfDrxBpWlafol3qmoapq8brCLWOBpJnjDn5SYwxULt+U4BzwP+e3G8KcSQ4uxmGjVwqwc8fVc/a4mnTrVI+2V+Sk3zO7Tjql0uup+l55w1lGYKtns8ZGFXGTeJhTlDdyalpLTayTvbstNH8Z/sY+PNZtP+Cnmh3t7qE7w6r8Q/GmhG1VHcR+bNOqeaxwpTDD5idpAJLZG2v6/rvS57iSaKO3WYrLIisACAAcnIAA5bA6YzzkZFfgX/AME0vjT+zt8bfinb6FD8MtJ0T4vaBZ3Otz+JrjTUS51XVftT/wBp3ltc9RKFVhgfeUY56V/Rh4evLF3nS3uoZV3tnLKzBj1y24nIPTI5BBzxx+tcc4enmmPyvB4zB1MrlgcDQw3vyinV9lTjapG1vdmknHye+x+P4rF1cqnUlQ5sTecpydnZJyVrS191KPWys36nwh+0H8DfFHiIeH/G+h2f2jWfAurW+rWmnwyMjXNtE4eeMrjEjFQflPUnGMnJ+qtJfRvGvgJL660nTrqS602NNVsbuygneK68sLNC+5Nysr5UL1zxXs91JaxqWlCSIw8tkG3D5VhgjI+VlHr0PPFfKP7Q9r8VPDPw/vdW/Z4i0dPFMTzXd5pOqAfYtQtkDvIASSEmODggZJbGMYNPh6byScaUMbU9hCnU95zanHms4OLvryt3V9kr66HLUzSvn7w2Gq0I0KkKyVOptCSly+5PS9nvzNKzdmnfT45+Ln7JXwX8W32648HxabdXjO2/TYhayGYlhuwoVSSBnP8AEcgHGMfFnj//AIJ2eF9JsdY8Q+H/ABZfWkmnWbzw6bfJ50f3Q5QE5ZQMYzj5QfTr0t7+0X+3rcx2viXWPgxoF/Z2tybd7WxukS4lMcuyQqgXjdtwDnO3GRzk+0aX+0drXiXwfrj/ABJ+GWr+Ddcl0y6je3ZDJbIRG21hPtC/NkuvLZ2+h5+pyrxV4+4ZzPBU8BxdUq4TF42jDD4R42OItRlKGnJKU3FSuraau9rLU+qzHw/yvGYGVXE5VhKtSlRcp1qcIqTfInfmhq5adV117v8ALzxz+wj8a/D3gW0+Jl94U0y58ETKbg6tb3QDRwNIVM1wmfkGG3BeMYwo7H5m074E+N7q6vb7QvDtze6dJBLGLmwbzhOFHzRrzk4+6OvfJU8V/VL4osLLxF/wT1vpkV5bWTw1PMI3ZidqMXByDkEAZIHTHHPNfkX8A7iPRfCwk2mKziiuZLaUNuET+Y24ODjdu4JU5JAHAIwP734x8bOJ/D/IsjzSEVjqmLwmFrVIVJWfNOlDnaajok3dXvqz+QsvyTLs6zfMcBJexjQxVWlBwcXyxjPli3dK6e3M9n8z8ctS+FHiLw29x/anh3VrKO5Eu1LzTpCS4bkq4QqQuep9T16Dk7zwXeXciRjyY2hjjZGeIxqFTDBTu2jI7cYyB6Cv2Q/ao+JS/wDCvPBtvps+mm/1TVLyFrg28LMsMYIILBNzBx82CSM++RX3N+zf+zf8HviB8GPA+p+MfAuhatqWuaU63d79nVLl5H2gyhlwd4wSp28cYA4I8Sl9NujlGUYTNOIcjrqjXrwotYSpGo7e43Nqpy362TatZWtc96r4P+2qpYLMLNQU7VU7pWhL7N76ysrLd2u+n8uGqeBdVvnfyGWcJECWSQA7QCpRcggg5wMnHXjJNcze/Dm+kt4UgZFeNopPLclm+QkyfNgkZOemGwcAMME/vtrf7E/ww8eftP658E/At9qvgj7BosWpRySxPe2sszDJt1BZMIeWAySAMDgA1f8AHP8AwSR+Kvh6XUdV8NePfCniGysYpHW01CAafLI0Kb2iZiTlsA5ySARnnkH9hyT6WnhzmtChiMRmEsvVelTqpY2nKCUZqLTclzQi1pu++2585jfDHPsNV9jCMMTO6ajTmnKUXZJqLfMrrS1r3tHofz5an4V1e2nimdGaBYkDPt3BSFbGRkcHAyR2J74B42ae4QTqMgGbY2cpkLu28NjoT1ztxwdwr9atU/ZK+Nl5Zz3L+B7PV7CK4mtBN4fvFupWngcpInlBVOFGBkg84zlunz94w/Z18R+GbZm8S+APFGjQpJvkv7zSpRDDuY5YyR7gqDjAJweOa/S8g8ePDfiCt7DLuKslxFayTo0sdh/bKcrK3snPnjLvdXZ8xmfAfEWCcamJy3G0otO8nRqKKdoq91G1ldtPt80fF2mS3DybJFZU2BlKqQGI7cj7pOB3HQ885/QDTf2e9E8QfBnw/wCKoJRb6zf29zcyyyxkoHUEpExyRliMLxledvavCW+F0KKtzp8wufKTJiuA9sAAVyCsgQkYxjO71J+Wv1N+H19p7fs56Johis5r6B2juLNpIfMhGNu6NsglccgjjGM8biP0rDZxkmdJxw+Jw9ZSjqo1Izdvds0oyVtelr2v6vjwuFr4Cf8AtFOrSkpK6nCcUtY31tbTW3re9rn5ifD/AOGn2/xBaaTexW+LnVYNPmMiKGaCSURyFGOfn2jIIHpjOTX6+X/7Iv7LWkeFv7MGkauuvpYR3ct/dXIMRu3hSR0i4OF3EHAGMHAOWyPzY8Z3Nnofj/Q10e7jtbkahayzR5IQSCYErkEAk7up9Rj0r9BfiBrV/qmmadfi+w8FnYpOIwy7j5UZLEj74IPJGR1wM8V42VZTGvmOJcKqVGjL4Y8subW+7d720en4qx9BUrT5IeyrcrcLaNe9s2r+69L213Svvqeffsw+AdM8K/tpfs9WWiOWg/4TO1kdNuAFhlVgX5G5gAoL49CRjkf2wfELTV17wvq2nMpcTwuwGNx3gvjGckHII5z1ye+P4xv2aNUXUP22PgJIoLiHxBahpAOjblyWI9wCcjuMYPFf2xmE3Ec8J5MqFCSCRuJJB7kgk4GOnt0HxPiNhYfXvqzjFwlh401ZK0otWbatbfRJW11PKxVSpGdJzqKc4JO8UunK3LbXrv5Wep5R8DNH1DTdFuWv0MZkkEUA+6/lQ/KCQSMFsA5OM4zxyT73uBUDgAAjjueME+pzn09Caw9EsP7PtVt1AypkLYVRgFm54AHOe3c4BPArd2cAcnr+eBgHnnOOSOc9+9fm2VYGOX4WOGhpGDlLs1d3tvdaNrfS9jmrV3iKrnKybsvN2jHWy6bvvf5FW5bIIU9OmfU9unYDqBnscivnT9p8GT9n/wCLQB5Hg3VFUBRgfuJievXHPoPm5PFfRtxC5LNuPTBZW4yQOhGOTx1Bx346+AftG2pm+BHxSiC72bwdrGQPmwRazYIwOijPoQM556+zllRRxME9uaCfXaUX09ddL21aRxVlG1lrdeeivrq3ez3T0vf0P89P47IE1bUyULBbZlKnG4kzMvQHI3Buw3DGOe331+zp4h03VPAHha2jK2+oaVYQ20lo6hZJ02AhwGGXBABzzzg7iOa+Df2iMWmua0udrCIrt4IJE/JJJ4KkZGOoORxwPq/wD4L1aDwD4M8W6E87zR6Zby3S2+RMmEHIVTiQAYDLjPJOea6eIqcZ42LcbPlTul0vddb2eq0tt1P2Dwwrwp4WspNRu7apWunFW0vo7Nd7PXsfdS6dY38awyRI/mbhJbSrmNy6gMChyMYx0ycj3OPB/GfwK1CzurjxT8NZpdF1+2SSebTFYpZajgFnHlbggLDhdoyTzwOa7D4dfFXTtXnXSfESLYajbMscN04CxyOhwPMBxtY4BIIADHAyDivqTTY4ryOQySKEeMPDLGAVlUDIZHydy7RyBjjAFfOScZTSs24uyklrZraytLokrq935K363PCRqwcoaXWvKm1bR2a3s1pd26a7W/Eb47eL7zWz8OrDXdOm0vXdI8Wx/wBoxXG5S7ou12QMOVYgsMDaM45DAH+kb/gn94xtv+FQaSouUZo76SFlkIwYwoDL3JIxyOoOeDyB+B3/AAUBsNPsfHHwla0it4ry81Of7TJAArzooO2RsAZZcYY4GM54Gc/sJ+w7p9/bfAfQ9Rj3lRqkkjuvBZGyCuVByQOpxn6Lmv6R4Lzdx4ExGXXcVPHU5p3taVrJXvq0/ntZrU/jLxO4SpVfFPL86klzYbLp4dN62jKcJvvu7WejW+nT9gvFPwk8FfE6z09dVsYBcy6bINOvYlCTQzGPqXXO4BhkBuBtOG+YkfMevaL4x/Z9vvD7Pbz6n4ZWYRy3cWWRYBMCPOAyF25G5mIHt0r374dfEKN7bSbe84kgV4VJPHXYMk5KkKDjjA7fLkj3vxzpOgeJvDVpaatDFNbXELl4pVAQxPkZcnO1i7KykcL8oySNx8StjsRhMRCjVbrYeo7crbuotpXV20nffo+vQ+qyltVaVGdNTpNpJWblFXjon66rW67bH4VftMfFtPHPxSvp7SZZdOS0gtwsTKyA+WocAFcE5AzjLEYxnIx4NbRQszNCoAYryScgt3GeOTnjn8ya9S+P/wAG4fDPj/VdQ8J3C3ELXpDaUzEtG5BICnLFhk4UHPOMDC5ryrT5Hgmhtr2F7K8VlV7edGjLlskGMuB5uOmVPoeQef0DL8dhpYfDUML7sYxi1Btcy1i5X11e8uqP6k4Zw+HwmW4WNJ8ilRTgp6Su1FtSXV2e36bZWo6c9tfJKn3Jp4t+BwMsACMDAJVhz09uRXzn8VPiBc2Xxgt/BDtCumWdpZXqSByztdTxtvjPPAGOQOhGMnAFfYE1iLq5zjaqzQAxk9GLLh8HIwDkHgH5iQMnj8xviXDcXP7U2pQSlzNG9vtiJIT7OkWUIOVAHUkYIG4Hng1+o8EVfa5zRcrTUIuXLLuuSN1Zyavfo9WtGtj/ADq/aWZnjMF4QRwNPETo0c0xvsKzpNe9ThRnU5HbS3Mlf0Xm1uy3qXHiG43EOovl2oQQAXlVQVB46Yz2HBznkfWv7SDQ6JovwTeVlieOyhndQQzFP3TMUA9VyASO5GRyB8btoepXupaxfWsgVbK4Z3JYrs2uSCoxzggkdO5Hv6H4y8U6l8QNf+FGm6tcm7is1stJSNB1jaRInyBwzbcLuK5xnHzE5/aa+KlUqNq0YUrucd73UUtt+Xfdvzu3f/nQp5bhZ4jDyU51WqUlsnKDcLyvfo/hV3382fUXxy8S6XqPgHwzd2J843mmpCpVSpUywBWDFQSXHXJI2qCM8kj41/bFu7o/8E29HsIEmVLX4ix/anySFUux2nBHBOcYGAcknkmvvH9pDwDp3hLwD4OGnKkVpCsUBt5G3OXaANknaCCC5wep745z8HftW3cw/wCCek0EkTNBN8SIkBZgQrCQ/LkKAT0xyDjnkmvgfFWVDGcBOtSleEais768yb5ldN21ulpfbo0f1r9A9V8l8bcNhKy9lUrRrc/S8KkKU6bSVlZpRul1fV3P5rNbiMOu+HpnULFJfQHdjhlMoBVgRnJ4JzwQCOcba/fT4d/sv23xM+FWheJfDojtvEVvp0DiCGMKl4qxB9rEFf3h9eSenAAr8FPHYa0XR7pV/wBRdxskfAHySAgAD72QME9ODya/pC/4J4fHbwl4l8K6LoC6jDBfW1rZQXljI4R2lRVj3QFmGQeWIUkc/dwa/wA9s69pTrqcHpe012T5XvazWt1fvfof9BeU4iFPETi2uaUIySej2Xdab/nofCfjj4feMfDF7c2uo6Td2c9mWE8EkTplYzgyRlx+8U8HjseABXx38Z4Hl8MancyKVl2opjkBUkrIzA44xtxnp0OAeMn+wHxl8DvA/wAWoLnR9X02O31EQrJpuqxwBZw8iAqjFQC6FsZ3AD72cYyPxC/bB/Yi1/wfbavZXlm0dndRvJbarBGxtz+8+RcgYVmBAYdckDk5xw0q1OVahFN8zkuaO1mmldNat720V3e93Zr08fiZVMNWU42ShJva17Lrsru7W2ltHqfzt3E2BnB83CgnAKt8owBnAPtgg9eTwKos5LB2G0kHARth46kEEYAOPXkHp0H2Nrn7J3ii1hL2lxHch0QxKRlgDkgDAyTuyDg4wc9K8d1v9nr4jaWjf8SuaYKTkxoWAbG4ENgnHIwOVBODjjH2NOMZOCdPZK6cJWvZO9rNvfXRa7bs/OHik27VVutFJLrG107NtbPbtqeOxa1qFq2bfUr63CjEZgu5VwRycAsRtznOMcdNoyD0Fl8VPHWksslp4p1AKmAiTTGVcDBIZT2GCOcAngg9sTVPAnjDSmaO90LUowg+Zvs0uDyx4IU7gDg4we3fC1x09pe24IntZ4jnnfBIMj+LAZePmPIyT6nk1U6NNyS9m73V3Z3+zsrdNfW61Lji6sf+XmmiT5ldp2t8v+H1ufQNl+078RrIEXFxp9/Fxn7RAu88gkl+mSDjGM9uB12ov2pr7l9T8OW025gPMtpggGR94DOCAMnHHRSM9K+U5A5ABXpJksVIKnB4I+XI45z179MGvJERuGAyAscY5YgdFHQEHPX7uM81FTC0pNPlSl5rZ3XRLW3az+5WN1mWIhFRVTrF2dtdldprpvZW9dEfaVn+034W8wve6Vf2h2jAjPmjd1PUkcYz1APfHArf0b44eAZdYk1Q6w1u08UcbCWMqq4x97ngjoTn+E4GD835++UWVCQ65YcYLIeOQcY7ck8enSrVtHG8F2hjjZSUILdQQTwCMgA8kjsQAMZJrkrYJS5UrqzTurv3rLfW17demtrXudFHOa6ajNRaVvK90r3et++uvXvb9c9F+LPhG/VPsXiXSJHIyYzMgOD0O1jweeAc7eehxnpk8Y20xRra9sJ0fcMwXMRO0jBI+ftkc4zyDxmvxo+zRx/vIjIpPGUleNlJ+8BsbIwR1z6dhxctr3WrV1ksdW1G1XIIKXk3B6jgsTnoctzwOOlH1KtFp3crJLVN7Wt1v99m7nYs8ikualto2ml/LbTo2r3WiV9ddv2ptNelK7Ed8YZwQQ4JyCCMEnuTnoeck4rVt/E11CMErIQ2TvUjAHPzFjx0weDjjIJOK/G7TviX8RdKKNbeJ9SYoCsayyGRM5JIOe56egGeBivQNM/aQ+JtgVaW6sr0EbStzD1XPTPUEEDPAzk84Gaj6nWlJvl5tb7O3RaqzW3Z2dmraJGsM7w8mrqUbpXur9r7XvZemqb3Vz9bLTxi9yh3W8LEMAcEDG08HJ6cDAHOcD1xXa6d4nszAGktmIB24QggcZO456A4OOTgZB5FfktY/tV67CANQ8PWk8hKhmt5Vi4zkkKAeMYzg8HHcmvT9C/a/wDDkaqup6PqdkQPnMDeamCFPQnggbgxzjAA561yVMHVi37mu+j2fu23100fXe9106qObYZzUXVSV7K91/Lb0tfaz10ur6fo8fFVjHvwSuM/KUJAy3y5xk4AHUfQDHA8w+JmqQ6rB4d8qQbotZhfD4C53ENgHOQNwBznB5wa+b4f2pfh1qZQW+py2W/arpeW+3HIGSecY9TyBkmk1f4reF9ebTU0/WtNuhDexzsPO2FVGCSVJAHuueowSOTXHWwtaEXJwbTtfR22V31e99ddfRnoU8ZQqW5asWm9XzK7Tatpre3V372P0I8P3lnHYxO0o8z5MlWUgfKo6Z553Hp26cEDq5tUtMYEsb5TLMMDDcYz1GDjnadwOB7n4k0j4j6esSvBqVtNGcKEW4i+RsZbbl8YHBycdc+hHT23jt52KRO0iZJLRTBzwcgZVsdOo4HHOKiFJK17xelvdd3flW687J3tdu/S50ynRktJxd7faTeyduu+2q0b7n05/bFozFWeN2yRwAoznHsoBPBJ9Onel8+CXcWZevy9MdPXvjPHXOPm7GvmZ/F8sRXDyAlRktkkAHHcdep+mOvIrW0/xxJhy0pKq4+YkYxgcHjJH3c8kMRjA+YDdw25bPZ6prs3db9/Ly1uDUXF2e11b5Rtt31sr+ml2e8yW1qyjITBOGJwGyScY5BLcjdnGM9DgVTbS7V2UPCjI2W5TLEMcYG4Dkd/T5sGvMofGqMCJWUAhSvzYGOoA28FueOnf6DpdO8Tw3AUtLGMsFG4gngdeRgYPT5uuTj0lcysr2sktNdlFfq7+l7amclDmSbT2cWpN80ly3VrtJb3Sto11ua03hvSZMrLaW0ilidjwRn73ckrnju2evB9K848Y+BvC0ulXjyaNZMY7W6cH7NEuSFJUg4wCCPXnDEnnNelSapCyMVZWIXhgQB8xzyoOSOMn3Bzgk1534u1j/iWX0YdG/0O6BXuMxOCQeeg9wP9rFawikmlNxulaKSel09L9ZXfXXzsY1IQfM04qPS3RWj203V7pq7fU+Nvhh4C8M69a6hJeaeheLU7qJGVijKu5gighgAcZHIG7A5Bya9Ol+Bek7d9ndajp7PuIMVxIVU8gArjPcYGRyD61xvwi1M2mn6mYY0cS6vOWzz952yc84yM9sdeDX0tZ69lFLJkKANu3Iyfb+IDJ69Rwayk2pRak1KLb3ur3V9Lu23R6XXZE0aNN0knFPTdJ2ei16p+qWi0ex8/3fwo8T6c6jTvFF4FKkxrMrOMBj95ycg4A68Y5PtlSeG/ibp3mNb3dpqKoMMrZDMOvOOQcA5HGCeD3P05eanDJtUEZALHKgEHuoPYdPlyCeMcLUUMtvtcI6nzFUuHVcsODjacAEg9enXvwLdaSknKz0V09NXZ7rXpbb5aaqrQp6dHo20opqzXW12ltfS1le258yrrfj+yGy/8PzShVAdrYs3HJ+UDdkZ/HPByat2/xBuLTzBf6NqVuBgEyQSPjPXBXI6/MxPbNfSQs7edSSirkMq4IIwx3YJxyBg4z0Oefl4kXQtPmMnnwI4xtAaNHGCMAAkZyT8uCMMO5HNUq8bt6KTfu72+y+ra2t11t1bsZSpxSjyyeiu/nZ2VnZWWnqnvsfPqfEnRbiJhJciIBPmSaNkO7OcHcO54+pHQsaI/E+m3XlvHcQFcDgSqR90HkbhnBA5zy3HXge43/wAP9AuoD5uj6fM0ikg+UobAAzk4B3A5yeRnpyBXmd/8JfD0ofyLJrfaCzG3kKtwQeOcMAQflCggZORitZVIuHR3sltZJWatpfvra1t/LJQktb6rfR3klZ6u789dVrq09oDcW89nI6KcFd2VIJB4xyCASSTjuRx0zX5zftAEDxxeyNGSrw2wB27QCVbOTkZwATgk47+/6FSeARYwsbHV76BEVS0c8nmKQpXC9AQD3Jx1xivh34qaTpOvfEW90XXdXTSGfyorfUpBtt0nXcIvtHPyq5OD1BIGeBxvhKkINtNptXdo36p3013urKzW7624czjKrQhFWTdujtfrtdK1/uVr6HxVdY+feh+d5MADAJJHbt93GGOBxjHFenaVgWFoApUIi43EAnbnHTJOPXnJGMrzWn42+CXjfwlGt4bEa1o0qieDV9IzdW0kJJYSSNGW2BsqzDbkDIIPSsawZ4rNIwArLGFZGAGwjqWzzkHjHI684OK7G41LqMk4t9FZL4b67J6PTddu/wApXoThHlqRacWmm43T0XW9nZv1V+50MZRmLhVIDKeSDnbj6Y6ZweOMZ71sXEtu9lcBF+Z4BuyPukHkDODgjGcYJ5HHJrkElHmGMZ2kqAFBUDJwcscYHce49TkbsGxm2PkxmB8rkYBGTz0yAc54JJ6npSteFrKVrapt2vZJ2fK09ev4pNPlorkcnor8v/tq62t0X42NzRfD1lf7UV90cYR5EdsAluCDnk4A528frn2PwvqPiL4ekal4Q8U6x4fu45ldBZ30yQExjIDJu2MCcAcDsvGQK8x8LqY7mTd8kXkxyRrn5iq4A3Dj0yBnjtgbQOs1yVmsoAvCmYEjJ5AAJPykAdfqTx0OaxlTi4q6Svo131636aa3vrb1PdwPuL2kakoyjr7ratazva3f8Oqe/wCiXw5/aY/4WX4fuPCHxstdJ8VQSxeTa6rdW8X2tJVUqrTStl8kEEOWI3Dp6fF/xM+GN0Nb1DUPCOhTT6HJ9oEDWJ+0qiFn2k+WGIXaBxtBxnBNcH4Qgae5cM5CCWIPskZSc8nBBUjoSTnk+mSa+iPCHibXNAWQafduqQzODDLtmjkVQTtZXyMuBgkdj3HzBQxKwyhTStG9+XWyV1flS2u3rdu7+Z3unDHXjW1mmkqijZ308tVpp2eibvc+N00i9tYfLu7aa1lQsmyWNoyp3FSRvAGex27trHPSoRayjcu4koASNxOD1HAIP553ZI9CfvPxV8V/htaz6Pp3xP8ABtrPZ6raux1rTIkjuLQs2GkeNcMwX72PugDpjAqOf9nbwN8QdPGu/BfxnpmqpOm/+x7ueNbyHK5CsrNuUjoBtA/2sjDenhsfQny894La89IOyi1dq61d9Nr91v4WLyKrGc3h6iqyu/culNq8dm9+2va+t9fheOKSSTY2DlVJ5IA4xlf97+IEHPGc5Nc34qtlitoPmAUysQAS2AFPy8cnJ6jIOemRkj27xt8KfG3gK/ltvEGiX9sqsR55t3e3ZQR8yygEAc8HgYPoM1454ntXFtZcEKZnzuOckIdxAJPJ54GO/HDVvKrGfM4NSVvst6W6N6q2vRbq2iR4n1eph6kVVpyhNPaa1esdrpXeq1Sfc2fhjpglvJWQnaY1K7gXGThtowODk9D/AOOkjP0Aun7kxL58bRkb3RGUMwyAAFwMYA5ycqSCOQK84+EUaaderPJBGYmijCGXhdyjccg9T/D3I4wMHFfVVle6TcB766MKLh0MKICm5VOGKgncSBwwz3xwRn47HSbrTXLpeyb1T2u+lnpZW1bVj9MyGjSlgoylZSd2r3XZ+Wnla+yPKbtJIIIsq0USkES/dAB7YJOccZIAH8OK+c1+J/iXwL4t1DV/Duptb3sFzs3dDJGTkKWBBVV4YgDJI6c4P034iuLZre4YSAW+5vLRWwNoBAGDkjIBH3jng55GPiDxDAk+o63ImB/pZAJIAK7myQecc+xzjg5GTzRw1DE0JUa8I1adRWnTnG6nG6b547Wdno+/dIvHYypgp0quHnKnUhPmhNNprtbz3a1e3odJ4n+I+veJribVtbuHuL/UnknnmLFnkcZ2nc5JOBjGTkdSK8qbU3luRI2cpkrycDHA6buhIGMZAyOMGrWrPJFaWLBmJCMBgEhRk44wM579BnI5ziuVSQkCQHbnIORgnhhkckc5XPPT6kD0MFh6OGhGFGEaNOmkowjFcsUnGySVkrWtppouh4+LzTE4iqpzlOc5WlLmd3KT5W03vvvprpruj1bTPFUIjWS9kYMoAOGJAK528DGeMnAyBgepx6B4Q8XPLq8d088Rht4nYRSMGi6EeYIzkYOAD8oYEcY24r5lXeXKgnaq7iO5yD0yRuGffPAGeMU6CaeCYyec8SoBiSNmVu+Pl4yCcgnjv9D69OrUi4yg3p1TT1Vnrfo5avu3Zt2SOJ4qrVkozgnFq17arVbu2ySb10b0Poz4heLY9V0949sAjZwGMCKoYlmAJwBnb3Y8EcHbn5vmXU52UWgBy2ZA3cEHGSwA4IHQY5BHHHHpGqq6+GYLguJWuXRiTkt246fLyep/PNcXBp7Xy3EjFM2qE4xnaG4HJ6c4IAIHv2p0sQ5Yj2tSycpRXNo39nqtLaNtLq22tEzhxtGfs5U0mvci0/dvZ2dvuvZrromzDt3PDjOfmGMHA6/xHGe/QZ5BPqZEiErbMEbiSMHGfUnJHYAkn177a1odIkkUSrKpDAjbg4XDcEjJwOTzg4DA9OKuRabIXyp+Zdx4A4xjJ+YHOAThRjqRxXv0pwko69Fe60k3y6vpHW2nyd1Y+Or0pw5m1aWiemru03rv+F277nKzwlJApA2hc9MMM9cgY7fKAenOe9ZrtyGSSQIGAyMqSVPYDB4xgHHOQRwcV1l7ZHcG2yAn15xng444zzwTgdc4Brj7lSgYYx87DkZb52A6jBAH3uh/iP3TiipTsrpu17vVtb3va3VvpdW7EYeq2+Ry+FLRNybvZ6+V7/lvoMW/vYWJivLmPJLDZNICOBkZVscA8AdAMHnFPn8ZeKLO2EdvruopGMZIuZCVy2di5Y49xk9+ORihIMA+u1TxzycDj3B9Ae556HK1CM/ZyARnzOOcKT1wB6gd8cDHA21xVfdi7J79Hteyv/wE1ezvo2z1sM2p23W3va6XTemrt0d+m1ra+3fBLxNZ3/xS8ML4+8QX1t4WnuFi1a7Wd1aKHggFhyu/OHbqdvFfU/xZ+KvgHwz46utB8Ly2vinwgGje01BZf3yqdu6ISjBaQdOBydxweA35vRb4wSrH5sDBIySQckADIx+nfiriOwKIxJAyVAdmHJbByOpywAJ7cDO0GvSpZlg45PUwMsuhLFzr+1p4/mkqtOmkl7NRuouLdnfRa3vyo87GZPPEZpRx316rChDDyozwKjF0pzc4y9tzfFGcY+7b4bO+miP12+Hcf7NHxCs4or34hXHg/V3U4h1A5t1k2Z2FmXGx3+UZOOOS2Rj17UP2TJbvSn8SeAPHWg+J7AIC6WF/DHdPtwylY1mRwx4LHAx644r8Q7R5ISCsj7WwcBsE55I3Y6A5wfQY716X4d8feMPDbp/ZHiDWLFQ26NLW/uFTIPBZQ20e428Y5J4ryo4nMaDTw+Kmlde7Nvl3i09OV7Ja3a+S183F5FSnNtOM4veE4Rkn8MUr25vJ27/d+mFvo/x/8CXtu2j+IfGujrbENE8N3eNZBQRhQGMilCAQoAIIJPPBPt2kftXftIeGltrLVbnRvGFlG0e6DXbKGS4kUYBQzyrwSFO4lRzjOOtfDHw8/bq+MPg02trq1zYeLNMixEbPXLeK4JiC4ZVmddwJwWJ3cHAUZFfY3hn9r/8AZi+JNrFb/FHwHceE9YYojalozmSyywyZXiTYBuPTkheoI7+lhuOOJsslD2WLxkYpx/hV5yhq4t3pybbVraWfofO43gzJsWpTxeT4KrJxa9pGlD2jXu2fNGMaiatpbb5HrI/an+GXicsvxc/Zx0q9+0bYpL7TIYXIJwsjqIUUg87gOOMcZ4rDv/hx+wB8VEv4rW51f4ZaveRN5S30kttYRTSZABR4yNik8c4OBjHJrOvPhH8HPiBDLqvwl+MGmQTkCaLS9RuooXKlcqsnmP8AK4yB9wjBIOT18qv/AIIfGqzlndtD07xlpcauJJtPjhvGNup+XE0YOC/y7fqPYD6ep4t4+tRjSzShl2YU+VQf1vCU41FH3VrUUIyVu9+l+58rgvD3J8PP2+WYvNcqqxqOUIUcbiFBSTin+6rOUWrbqzT6X6/Fn7TX7MWlfCnxroOh+BfGel+PdL8QxpNp19pk6TBPPYLHDcOCdr5ZfvAYycheBXMxfscfFO5VJl0ZzEsYeUxSeZsLrvx8jEscYIXnPHNew/F2zj8Pav4UttT8Kal4a1dpl8+3uWkiKw+YoWaDzANioRk7MYUZ7E1+kvwp/Yc/aE+Jvgv/AISD4O/HPwPPrkumR6zb+FNS8XQW19qNq8PnLZ2kM+VlvUAEDQEhi5A6mvlaOYZXisVWxNXC2oVZKpGnQl7kI+7eMG2tE9EubU/UKlXHYTLsFh442Uq6gqf1itG7rSWkXJxjyqXdtJd0uv4ZeMf2ePiB4Qt7i/n0q5e2t3xMXhKzpwMsYWYkjsDx0zwcKPni/tdQhl2XdtdwmMsgMsLqAFz833QAc4BPQ8Hp1/WT4peKPjz8LPEV54e+NHgPXIbuxme0uRrekz2trO8TGMzW16Yja3MTgBo5EkbcpBOFJWuJHxV+EeqpBH4l8Ew2ssgG+TyYZU+bG4oVUZUcEL2zwcHJ4cyxOXVcQ3gKc6VBKKtUabu7ba6ddb7WWh7WTVMRHDxjjsTCrVba54rTVprq7vzW6+SPy+MeckNgrwSSRg9CMYzzjtjg9DmkVH+cDkdAwJKjvgHODnqORwOnAr9OZdK/Zl8SSCNIbKweUg+Yyi3Kk4JwQeGB43En5uACM1WP7PPwN1w7tL8RwWi7vvRXqP0+7heM47DJyeOpyeKEIT2qK9rrS6fW2l9Utrdevf3Eou0ouMlonaW0W1d2e2yvttbY/NUPNGjbWb5kIYAkjbxwcHOeAO5PUjis5iy7sDqSAeRtBJ46dx15Jz/F0r9GtU/ZF8Nzq40DxrHvyz4kSOUlRznHmgDHykgZ7keteWXv7IvjHNw+lazpeookmFBlWJjlmC7gVII4GcYO4+o5FTb0TV02vi6Ll23ve9vysU4vmV5XVk01drm0slbrZJ7brzufGgQ4DHk8nGDkZOOnPTOM9ge1aao32eIdNxII5+XgAhj0Dc9O2e/SvoS9/Zn+J1gdsmiC8AVtzWsgl568FeefQjAyOgIB828Q+B9d8MzxWOtWE9jdLtYwyxkPtPAKnALA5BHUknjHGIlTnFp2t3sk7u63ert5JrtrshvVN3fntpZO3TrbVetjkIJIIUVTD5km7gkjByM7V/vHg9QSOemKS6upWMbrAsJJYLtXqAByDkc4wCBgdOeTjU/sW6t7iIzWVyIzKruHglyYtwJK7lwdwBBYE4HAAFd5rdlpF/YILNI4XgiQI8iGN4mwAynIAc9QT75Iq6eClNOaunvqmuazj11d31ad3Z3TW+E63JJJq78ndx1Vr6LXVN22um9Hc8ka8l4RW2n5QDtBIJ5bnszBs8c/plv2iU8GUgbdowCD0GCTxx1yM4ORxjpfOmSILiUvF+4PCkgbiTwwx157kA8AdqomOVslgQMADGArErt+8Ado4zu9QOcZolTnF2kkr6evkr/5voupUZ82zv6JbXS1tv38nd2HbJVB4bLr94qSCeeTuycDjnrnjovNGRXV2JBQkEHcTk4AzgccHGeD+GODqQT3aOAHJdEdUXGRgHnDFcBduWGepz6cQyStN/rdp4bnAGDzgZ75HGTznj0pShJaNSTaVtLO3+enz6lJq75Xona/n7qutdEndWtZXvu2YzHeGJyN3PzcDj7pHGdwJG38s80BiVVQW2qTgg55IOcdRnr164yavG3Vhl3VQOmB1JHKnvtIxkDB5zuwTmFoBlwki7TjacfKSOijkYPOTkA4A68k88oWvdta+f4tLdPm9V0RonZK9l8L7rRK9tnez7XsvuWFyzBSSRjOV656c8cHH1HU9ScvUsMjBC5IBz+H1Kn2z6dxgt4Ssmc4XBzx1LDA45OCSAGwe57cqynkHO4kjDDjGSeMH73JyMkn65wKN7e9fa61ej5ddt090lo1dXG3daO23S1ldX18utvLe1m5QWXbjJXLEkqCcdD79sg47/SlwuB035yBnAIzkDPY9D68cZ61GAfKwmBlzyc5wp9eCck+/A68UzBZ/lJXgEEZznGR1yMnt25wMVtCHVtWdrau70Vk1omrapJ3V7ekqS6q7dt+ytvrf1sredrFuKeRGXa8qDcNrJLIOckYwpAOBkn7vI46AV2Gl6xrWmhHg1nVrY87jBeTJt3DKqcvg4xwQBjGBg5FcPGzcDOUyCeMgkkDOevfHQdcZ4rXZmKqFO0diOmeuOR19OxBHY8JNrVNra662vdpp6/8MrJ9W5O6d+Z2s9NLe6191n6a6I9c034mePNPBW28aa7bGMFkAvZSFbBwME43c5xjqMCuz0v9oP4vadGfI8c3cpBHyXjmbevcHcT2H05NfNnmSO23cT8pzyecHHBPOT3HH6Gk+0MzbdwGOcgnnHH3s8EnOT39cc1aqVEkueSflJq1rba2WqX9XJlJ6dUul73u1p/w7Vut2kfYkH7YXxf00KlzNo+pgKC3n2UTlxkEgsVIwSTkc/XB+bZg/bR1KcmPxF4B8NaijAhtttCrHJ5OQAcnk9ea+HJNTdAVWQHKlG4HXp17AdO34nNY7yOSX3HPIHPc59ccHPt1IA4pSxFRKyk3Z3d9+ltL9LX7rbfQd11t3Xuq9rrS1/8ALZNPVH3dqP7Q/wAHvEywLrvwqs4dkm6aW2jXIJ+8V2gYDL2wR9eTWpbeK/2TNcJiutCv9JDDJePdHg47D0yTx1/CvgOCQlpMlmIjJx04yeeeMfn7dKFuMYyTk7icAHgfhkN1zgZx1x3cK80nJOzdlJ3adtNLptW9b6+rC6dk4QfWN47ea3Wq2tq9LX2P0Ifwh+ytrUYOn+MLvSZScbZbg4BJyvVevfr1zyMVXk/Z++FepgyaD8WLNQwyqXPlNuOeCxZwSMY/3uc+tfAJl9sE8hsjg/oc/gMYxkGpPtM0ePJknUAgFkmkTB464b5QAclsY+9kYraOKqrXS1lZaPWy11X3PZ3epCpUm7uCvzW07OzvqujX4K591Tfss3Vw/wDxJ/H3h2+4Ij3XMEbdCQAQ3Y9Gx6Dsa5m8/ZW+KEB/0NNK1MBmKi1vUk3gcbgm488k45AzxnNfJdt4g1q1bdZ6vqNvtyF2XkwCsBklec8kjnBHAxuJNdPY/FP4haYQ9l4t1iNk4GbyRuB2+ZjyB1JJ+nWm8dNfZX2d1pbS+zSa3Setr6dBOhSTuoyT772v37aaW0/I9av/AIB/FrTy/n+Eb2dVBPmWwEnC9MkN8xPOMDOMHOc44q7+H/jXTw32vwvrEQV8M5s5SQQcDnbk++BnjtjNbOm/tMfF/TATF4suJ1QqCLkiQNkDAJI+hPHr3xXoOmftnfFC1VReQaLqiI2Cs9lCd3GCWLrjn/aPbjtVLGaK8LK138W7a26L8e/pMsNTle7cW3u1te3rbRaa6JO2jd/AbnRtThDC50y+hJbHz28yEYIGSAnPQ4xg9RjiqEsci/I6FSflJljKNxjjlAcL14Iy2cD7uPr6H9s1LtVOu/DTwxqL4AkdYbdM7jls4jHX/vrtxurci/aX+A2tuo8RfBy2iyF82Sz253dX27QAAc5Hop7kk1pHF0mt7N9FZu75d9V20v2M5YFXUo1Fo9pRu9eXu7Xd+qd9ranwzNFuUhCg+XB5JJXhj75yOowORgDnNzRbUlDnDpvI7ZbAwDtz8vQknJyckYxx90T+Mf2OPEdu6nw3q2hXbjMZjBRY2YdcbsELkd+gOPm66Nn8Jv2WdYt4pNN+Jlzo008ZcwTt5gjZiMA5I24BxtyMeoxwRlRlUU3JJJO/bW1tm1ot7b6sJYSs6ThCUJNtNNtqyXLZX83or3VtNNbfFC2BK5wAoJfkscljwTjtznAHvk85ibTmYHOVA+YbRgBTktzkjlvmJOWHJPBwfttf2YvBWqq7+GvjLolwpb92tyY0YjOAGLSYGABnkkluxINZN/8Asi+NI0aTRvFXhnVUODtiv4o3dVGeAhPX047njrXSnRntOKvtqttOjt00trotdGzijhMXFarV2drp6XT8vXR3vb5fGC2LIpzkBsscgHgcct/dPXODz9MVBLZgZLAAEgr1PuxG3PYA57Z2+w+oL/8AZn+LtkN48P2+oRJkM9ndLIGx0HAHbPK5zyATxjh9R+EvxJ09WW68EauqoNrPFCZFwp+YAqWbdnAUgbs9M4rP2MOZyhNN7Kz115dryadnrfy6ybQnCvGzlRk+i91tW0S27X9Xvve/hZtzuYqCVGVLKPmBHAyM5P3iMgjj0pDDwFCk5IAJ3DOO+SDjtnPH869DvPCeu2gIuvDer2xxjdJazjAz/EQhxnoD2IzjPNYT6Y8RcSwXMO3APmwTL8w6All9j1PUdBzWSoTT1s9dGnfS8dO7dnq9Lu1gVWUfihJa9mkldb6X319X3OTeDbvx1IOSw6k8E8HI7+mSc9+GpBuBLAr8gChRuVT69sDI4J68cda6JrOFywwNwKhRkAEg8E5xye3rxgZAFMbTyQ4UbQDksSp59ByRkA4A65yQOxPYt35lr1tq2r2s3t1vfXrdK9zT6zor6a66eltWrdd9u2jd8TYAUZl5PQthvpn0JGTn1wGA6m9p8RE928cYZigyCSoA6FcA8EAr25PB9Rd+xE7N6EKDxgA5OcjOCRtz1wQM5PTq/TrcLdXIdcAKcICSHIxndznb78fMTnocZODjJNp7rtfdeTstd3byW5pGpzLXTbpZrVfyvsum/e5Va8clI2+6PqAx6ABgRkYzlm9QcZAw/wC1SqXAYbgAqoDkjrkk8A+gyOPmwecV9J/sv/skfEj9qjWtesPBUumaZo/hLTpNY8VeINauorSw0bT0jeUurSuPNlZEZVRep6HvXgfjXw9B4W8U634fs9St9aj0O+uNPGpWhUW128ErQvNbnGGR2U7QMep5Br5ynjsPUxFTC06sZVqcIynTW9NSScbpOybSbW2nTU9Z0KsKcarhKNOo7RlZ6pWellq1f0WttzGF5IjEytvJ2qQect6j6ZGee2APWVrgFRvUAo25uBtHA5Aw2QMnuTgDPU1m2yCaaNpA6EMGZgcEAcccdcA5GcfNxgjjoQ9gkMqKvmlgVLHqB3/+uV6HjIzW7lora3/Tft69F1uYpXT03tZ972bu9dn0TvdN2KIuklkdUUKQv3sYJPsOeeTk8Z65yc1P5XmK3myeXGANpwDk5GCwHUDGcc56k8jIZLW3RZIkDHbjc3ykZ7r06Ed+RgHA6VQubzcgTKbQcll/hHUAHB46ckVlrJt3t106K6W/a2/ztY0VktN191tNfR31urbPXQimihUuY5BKEXk4xggZxxjP+znjp0O2stpNjb8EhuNvVjycAZ24OcAdsnOfSeSdUycZXBzxgk5bkH1ByB649eaotlmDEjHoVJ9MAnPBAwOmOBjkjOkYr11TT+SWqd/RPpra2g2lu+kr7Nu/Xz/Ht00JhKTkKGZ2YfIFx8pz35JI5JY4BGV5IJptzLuICoI9rY2k5J2joD1XPGf5YPF20srm5ZTaozMXCIqKWYsccBQSSACcnGOD25roD4S1iVHnGn3rojZeRLaQYYjkMdvQnIznkZz1rCriKFNpTqQhrbVpPVrbXTra6tfbTVXThUdnCDdtG1FtPVaO2iu2n3V2cgY2cKwGQCNxOQcDPygAjI4wWGBjpjpSSljtIUCNWAA2nDY69Djkg4JORjOByK9H0n4c+JdVJS00e9wpDySPG0aeWRxywAAz6nkgjPK1S8Q+DtZ8OvGNRs5YElDNHgq2RwDnaCQDkAhhjjBBzwoYuhVaUKsW9motSle8Uvhv3fbZ6MJU6qTcoSS6Npre1rad3fum9ur8/wDJed8BCSThVG5y3TAUA5LE/KijrkBeSa6O78NeI9I02z1LUtG1bTrDUNws729sJ7WC6wCC0TzIm9R82CF5xkdyrNL1KTRNTsdYtooWuNPnhurZblQ8ZmhdHQTRMMPGCoDKw5Bx0Ne6/F/9pP4lfG3RdB03x7daZNpnhuAQaNp2kWFrYQ2yoAoZlgijycDBLE5xntwqrxPtaapwhKk9asr2kopK0ktebV21stHYcI00puUmpL4Fa6XwrV39ElbVnznFtR2Eu5yUwADnAYgbsjIyeCAefT2lljhQq4Y54UKy5B+X053ewGOCCcjmmYU7ZdgyflwcKdqg8AY4yB82DgfNuwM4cFMjEkM3PyjuFHfnpgDGepHOATxu4y5U79Omjs2uvVJJ7ppbbWaSlqkr2fffpbRK/rrrt1Z9d/sWfHHw3+zt+0B4A+LPiz4eaD8U9G8Jakt5d+B9fRZNM1MkgRCbzAQzRkl1BU/OvQiv26/be/4LY/ET452XgK8+Bvwy8Kfs7W3guR2hn8O2VhFqd9KgIiWS5it428iMHaikZG0NwQK/n5+C3wr8Y/Fzx54a8CeA9Gu9d8XeJL+Gx0XSbRWeS6uXZdi8YBAJ+bA4AyM5Br9jfG//AARF/b78K+Cb3x34y8H6Ppnh/S9NbUbm3m1qFr1Y4YjI0QtAobz9gZimc555r4rP+JuFchxVCGeZngcHia3I6UMTXjGTUpclOSi5aJybSb06XbPdy/hjN87pqrgcJWr0lKUVKF+WcoqMpRSbXNJRV2ld2tzXZ+OnxP8AGvi74u+Oda8feOtauPEXirxNcSXerajeOXmmnY5Zgw4AGBtwAAOAOMVw9tp0MC7ZFYsrHjnC44HJOAAehIHrwenrJ8LHSNXv7TUkdbmwmmtpVMeCkkDlSoU4wAwOQzcjHpgc1rNrA8hWJcZ2khBtBAByDxySecnjAzj0+mw9anWhSqUXGVKcYypyjbkcJRjytJaaxfS607NX4p4SdBTp1IOE6b5JRb1jJNayT11ejSva1mdn8H5mtfEpWJGZ57coCclX5IDEdAOe+RjuDkn9Arb4W+LPF/he+fSNOlvFh0u5upgrZSOOKMszhcHAHI44x0UmvgX4QRZ8a2CeYUZl2BZMkHLEAHIzkk8DnGeR1r+jX9mrwbNP8O9W0yy8O6lq+s6npN/YQ3NpA7RwyXFu6xmRyArK24cFcHkHJyW/mPxv4jp8M53l+Oc4RlL6vdznCMYxVSKcm5SV7K7drpJeh/Q3hNkVTOsmxlFRnOEZVdI62cowbvo0m3aye6s33f5pf8E/Ph1feJvFfjSyWxN41ksYuIyxQR7HYEEqMsCy8Z6AHPYN+kXxT/Zp8QZ0mWztCwvlhEcVrbyTSRkYUCUlcsDjj+YHX0j/AIJrfs5+Nfg14z8f6t8QvDDWFprjzx2f2uJXmudk8rk7ediKrAHOODnIPFfrdr3jzwdpNtCL+TwxphsS203UlvNcIFJyPJCF8gdACBwMkgCv4x8WPFbFLj7EV8hX9p4aOGwkaawqlVpzqewh7Rc9NSXuydmlppZ66H9HcF8Gxw3DlDB4ym6dTnrVKkZrlkoOacE00re732Wtr7/iz4E/Yn+IviB1lfw5cwxsDEJLgfZ423AAM6lQAMfN7jjG3r9dfDj/AIJ/kXUS+Jb8W0SOoltNPZXUopyVlZsjP8JJ5I7kLz9Lap+1D4L0sSpp9zqurTxlwi6RYlLckdSsj7QvA+UkdeRwBjwnxh+1vq8eZdN0eHSbQLuebXtet7QyEHO+RNwYknO5QeRgdBz+b1uI/FLiaahgcHUwNOe7cXGSTcErXtJ6X0Ud36H00cryLL4N1XRTitXOUHta99Xfvok7anqfif8AYp+Fdt4V1W0+2afaMkJnV7uKOS5LLjOWUAkhcMFY8EZyOQfgL4h/s0fA/RtPsI4tQ1nVZ5riX7dFpWjLGI5lJx/pORhd4GMZz0BO3ByPiF+2vcqt+mq/EbQ9EhMblhoMR1K4YLnEaybiA2QFz/dyRk8H8v8A40ft1Sy6cLPw1rviDWWgunea5vrtLWBmDEh1iRQ2CCWwWwMnnIxX7n4T+Hfi1jKslUzHH06NRqc7e2hSTfLyylOajbXRqKkn2d2fmnGPE3BGW01PFPCVayTUY8lKclGPRKMuayb1v+FkfZ3xP8Mj4YeDL7xX4f1fxFoEWnWbPYyXWqSxsYIs70khjdVVigG3Ibrjg4FfFuj/ALdfj4i2ji8f3sESMY5EvNReTdsbblg7Z2hRxzk/Xmvkrxt+154j8VfD7UtC1S4mv7jUrho2M900yxW3ACIucDGCQRgjjqAcfBd7qlxduArbOWZVVmBPJA6HknjcSeu0k44r+0eEPCuSy+rT4lhSxOMVb3a06cJzceWP2pJt2lrdvd2ve9v554p8ToU8ZhpcPznSwrpXnCEpRSkrJLRJJ2W1uup+9kf7bXja4Aa68d20xLr5Je6cfJznLLKMcdMg565A4rq7D9tzx7eyJZw+PBBFvWOQxX7jAUKGYb2IY7um35skDPQ1/PCdU1FSuLmQRDII8yTGdpwQCR24PGcgAdTnUtvE+qRyxvDdzrsAXKOyk9SQNrhiP4SWxwc4JBI9ut4PZLUi5RjRi3ZXlh4Ky0Ttd3fTe1vJI8al4s5nG3tPbS6tOrNXT5dm79V53Te2x+9XjL9sb4k6BayT2PxZ1RI1PmlYNRkL/P0wFJ7EZTgZycfeNfPtx/wUY+ONvcRRWfxG8R3Fqk6sz/bpSZFDAYVgSwBxzyMH+E4BP5Tf8JDrF2Gje5uJEd8MpZ2YkDpklvxHsOTmpbS6vUlWN0lUAnCtuCn15IOM85GeRn5eK9vKvDbJcvoKjXwWExT2UpUadknZvRx1d7t6ed7XPEzXxEzfHVYyoYnEYaNldRrTu37ur1Ss1227aJH9IXw6/wCCkXxn0/wtpur23xV8S2WqwxsYbaG/eeMjaWAlycEnAByC3QZHNfF3x8/bO+N37RviPQtI+Inj/WfEGkW2vR3VrpOo3bS28N0swAnVD0yuADhSq4yOBn8w9O8R6zbr5Nrf3EMQPQSYUgjBA9sduOOQM9Ov8LardyeKNDEriSQ6nbZkd9xcGWPPOenOSDj68g17eT8FZRlWNji8NhMPCsqidOUacIumm0rQ5YpRs9n27638zMuMszzPCxw1bEVZU+WMKkXJ+/tpJ9dm+q38j9bI1DRwncCyQR5UDIGVAIyeSOOBg5JA75CtAzEHkbWLAEcBjzjHBOQDxnk89uK9oHkWJcKoEEQchuVJVMnocdcjIPbtWokbq5U/OVbsQwwCQOO55zkc54PGBX6pH3UlJPmtFaK1r8sbpvXqtbK+ttEfHp3fTXZp/wCFO17dNV119TmdfglOn3allCDGeck4z8yg9zjoCcnOTjivnyMljdKybc3DfN/Efm7dOo7jAHFfRniJh9hnCjO8sCyjPQEdNwB4BzgNgkZ6cfOaRsWuTuwHuWBdshwCzcsC2SSMY4PIzyK4sT8UVom4ped7Kz/Dv6PTWWna/S0U7LXVL7+m+m3y3/C/NvqSkBj9qAXkFiQTkElhk4JycnPeu1t0CbRkKcEvuH93BUDn1IwD1xycctx3hGEm31EEEFblSA4OTgnPJzx+BwAOMV3sEIO47CSoyqk4yDkk8k9ABx0HUgkHCpxvaUrJPpe20oeVt2l3evqZyvdK2ltb3eia031asu/+dK3LZf5l2K4wmOxYnPI4B4H4HocY9J8M+W97pm/ILSLhV4+bIHDDHBx8uMe3Xnz+KMNNwpYb8uTxx7HnIHAx+Y9e+8OxEXlnuZlUzpgZJI2npwQAO3bvkivo8ss5LXWy0VntyvfbR/8AB8/Gx8OZaPrrsmrcvq+uj66W1sfTMRCRKoA3FQF4254GQxyRnk4yORg89agZGiU+YuQzbc7skkdRkE/KOm7kDv1zVmNVS3iVyQ5UAEZOTgY3DGTnoScADORnFNeRNpQghSpVmABcqOSQSfmHJyeoAHJIOfdcHpstdG7WatG3R7K7d+iukrq/j06SjK7bb0lb8rvT5W1u79GlSV1IBVSGZTgAEneeOCcjOO+cdunFMdCyAKDvGS2Qc8ngtyTwe/r7U/zUwFTAOAFbbhkVu556EjB2+w5HFOKHeWPO5TtIOCVA4AAAAz69yD1IzT5bLR7eertZK6d77d3Z6lyXN1fSz0fLqtbNW06tqzsmkpJMrorRkCQjJJ6cburHIxxjOOD375rodGl8q5edQ4KxSSDlSMKpzwMZPUjr74zWOIiQdyncRwcjAIOT3wRgDJC9cgd6Vd6+eUcxL5Dc5KkkqePbLfKAMA4OB3XCom6crWbcWl2uravbRJ9HrbzN6HuSjd396DvpfVr0V9LWttbvZfmt4q+DfgPUPiVr2q+LfGZsbPWtTnnkt4ApniDSuX3Encq4JGMEZbkEkZ9t8L6p+zd8L9HuLDSpLXVLp3Cx3l5bC9u5CpJ/dyHhVYgDpgZJJPJHyb8WW1m58Z6sw+0OtvfTKCqtlYvNYZQAYKkLg5IOflz0rgDmONJbjEY3De0sYAUA/MVBxjdwT1IJyelfima5RPG4itGriayp+0k5U6UlBNXV1ePK3fVX1t0stT6OlmHsErQjzJRanJX0tFa+8tL7WWjdtdEu++NHxG1Tx94pjutOsItP0TR4lgsYbWNYYJFjy0c00SKAWJwTkcgDsQa6j4E/HTx18PbjWbfRNQd49VjEUtmUEjK4HJjAwV7cjbyMg5yK8OutW0+3tb0x3LzNKpAAOQT04XHbqCBgZIPA46b9n/y7r4haTDdRlraaaRZNyhsrg468BhnJIHGe2CK+gy/L6dPCfVYRlyuPIuZ6tRSuk9btpX1bv1aukeDmGZYihV+tym/3cpTunppZLZ2fzv0XW59G+KP2o/iHNM8IuTDNChMhAlEpkAyQ3zA5DcdsE4yO/h2uftDfEbUmaFtUlQEEkqXUEtkZZixyVzkKQOnHIrV+IkWnxeL9bht0QhdQkRML1UMRkgcAHkEjgYJ9xzdn4XbUrg+VBCGG1mBjZpHUgYAUKzEkH0653YyorjrYDC0LymoxUUnJy0Vo28lZ6Xd3oumjPWy/NsXj/ZuM6snUimoxu20+XXlS13s73bu3vvh6D4y8Sa14g06O/wBSvJme8twn72Qod8qgoQSFIIOOMAj3HP3j4w+Hep61Bpthp+mz6td3kVpcBraBzNCTECULAE4UkdTgk5OCRts/AH9kDxV481fSNYsNCv544HW4txbaZcvE0kTK0aSyrHsUkgEDJ4PI7V+33wq/Yg/aV1HXtN1XSvh4sVvPbwwLNe24W0t4sLEZbmVkxGQp4X7wAwTnNfmPEvHPDmQ16ftsfh1KCfNGFSLl7rjdKMZPW2i91vrvt+xcN8LZljMFWq4ujKlTm4NSqWg3HRt+/LS2mq1T1Sutf58de/Zx8dWVo1zb+EtXuYVkj86RrWTEXT7zYwucEbskDpznjOi+AHj15Yp20G/061ZFaSSSJgFVmAyVIBIzj5uQBnpgZ/vL8Hf8ExfD9x4V05PiT440XR3n06GXV7G3uLKBPMwHk/0iRxuIPAOegxgVrap8BP8Agnd+z/Yr4g8ZeKfCHiC70ry457LWtcsLhJY4+XxAjHcT2zknGAeSK+TxXjLllL2PscDicT7blcVTik2mla0buV3dP4b3/HWpwxlkpVEsU3Up6S9nScoKd+s+WKstm07X2aP4uvDv7OvhXTbS0uvF3jqysHa1Er6eHRJELHdskBYMj5BySmR1Gec9Ja6R+zt4f1BIL2+TWWgjIDW84m81+wO0YO08dTwe3GfJ/wDgpf4++HPif9sj4mal8Dpza/DS8kgbSI7BpF02Nyh+0x2cSEKsSuAFYDBUHIxkj408AS6nf+ILaLUTcfZHwiNtdSQDxtLAMQRkkEAHOehxX7VlVfA5nlGEzCVKrCeKw8KypVWk6bnGL5ZxtdNXSlsm9LN7/BYup9Wxs8NCCkqVX2fOnfntKKum7u1tr9X1R/Uf+x3/AME7PEH7SegQ+M/AfhfR9I8D3DyJH4g1URu/mq3zrHEfmbapBA4wcZ6Aj9bfAH/BGr4R6JNHe/Enxde6m8cRaSy03ydNsUzzjznBDg8jHGBj61+CX7OH/BSb49/s4/Bi2+EnwustOjsFlkkh1a6ja5nhE7L5iouceZnggDIx0LCqHjf9uf8Abe+Lsk9tq/xO17TbGeP/AFGnTHTIViwRt+QbuMgH5wcHkc1/OnEkvEDM8zzDC4LG0ctwCryhhatOSjJUlZKUnGM6kpNavWO9rH65luHy+lgsNWVKjzSpRdXmoyq1pTcYtq8nyRSezS0vs5H9OEH7J/7CHwRspbjU7H4daWIjzqvijV7G9u42AJZ9nmHa+5dw+ULuXk4GR4Z40/bk/wCCenwIutRW38TWPii6trGaKxtvB62z+XOkTLGsDwxKYysgAB3E4IGRjNfy7XugeN/GCyXHjv4k6xfiRnklW41W7uXZyMndm4MYHc5AJBHQZrCsfhz8NrGZGvpdQ1eZRIDlm8tcg7zk7jzgbSDyOmMYHk5V4cZqsbQxua8R5lmFWE4VeRSkqbkrXi1Ubi0u7jfRW10XTic5jHDzoUqNKnCUXHnlyw0stOWEdbW3W+utkr8B+0z+29rfiv4m+M9e8CadFb6VrXiG/wBS0s6k7XGqWlu0jiBbiUgYIBBK4xubvxXxnqPxt+M/iOS9ebxLrKW166i8h055oo2UkEx7VwWVs4+8AAc8gba+ufG3w+8HS61G2leHY7WK4RI0eRSS6ljvkT5csVwMHHTOD3rq9E8AWVpZm3s9FgmkZlVdlmGVyAAGEjIdrDoSc4JJA3A1/VOWZhWpZfQwyVRxVGEFFX15YwSvZLma6tX5np6fiGYUKcsZXlOrT1nJuS2tdaJuzVu79L9H86/BLUfihoWvTeIvCev6/wCG7+ONdl7Ffz28x3nc3zZPLluhJBz/ABcCve/FemePfiLaeX8SviFrmuKLoXKw6hqc90iO5yWRJHaMOQcEld2eQOhrp9F+H/iS6luvJsZ4VjnVZIzF5MKgHIbccArhVz0Xggc5x2WpeA2toFk1zU9M0yRAjKJ7yMZQYyWRWyzEYIPc8Dp8vm1OG62ZZjTx1LKYzxWijX9gpVop3atUcXONlquWW97GE+JMpyzCSpYrNaVGjG7dOdeMYp6XVubZJLTW+62Pmnxd8OvC+kabL/ZllbX8zWkbNLNHG0gcA7mMpHG7oQCCegxzWb4Q8LeErfUtCuNRe1ha9t3ElnboiSqykg5G3lDgbiT0GeOg9n8Zx+BF06W0fxZFJkIjxWETXEhcD7ysnZW9j2zu5ZvHU/4Q2wn0+4srbWNaa0kGyYxtE0xLAqu3qsYBOVHBJ5GBX3mE4H4hxVBQ+r14uVpK6ask4aNaN9V310ff4HG+LXBeXVnUnmWFlyNfDKMruMo7Wk91fW+t7WR9Q6IngnTozFZWLzoCoGwEgMvrtz0z6FQDjAxXoUOtzz2sUejaCIQq7DK6BcMv8WCuWB4znn9K8A8PeOfHeoyRWHgv4bPI08mITJYzXLZGVyMRNn/ayQDz2PP0P4Q/Zq/bf+LF7a22g+AdetrWYhXntdPls7WFXYEF52jwFHIJ4+UNjpXr4HwezatKM8W1RpvlblUairc0esrJabttLds/P8++lPwhlkJxw1eOIqxuowpSUm37qUVGHPJ3svWyW5yOpvqt/vTU7qHT42UfIjxwhkB5+csdnIwODgDoc4bzh7DwxpupOt/4ksgsmZD9lP2qUxkFigIJVXPQgYIOSeeK/Un4d/8ABEv9pzxlcR6j471yw8OWrAG4Gpak0rqrFSx8otGp4z8o7ggE/KD9oeF/+CMf7Ofw9ij1f4zfHDSbcW6ZnjGpWOnxKoO6T5pLhyfmDbeCcnHPC19ngfC/KMHZ4rMKVaa5X7OgnXl091qlGf59L31Pw3OvpcZvjpzpZJw/jk23GNfEwWHoyu0r+0xU6MbJa3in6an4FeHvGfw28Gajcanoug654mupYVx9oYwWRk6AbdjHYWHzEEHA7A4HrS/H34q+I4IrPwH8KdCsZHEYgmj0K41G6BG1V2sE27yeCcEllY4HSv3Gk0H/AII6fs+Ju1jxf4e8YX9mSGjhuU1yWUxZBBihZF3My8c5IGehwOP13/gr3/wT9+FFq9v8HPgauvXdjuS3nbRbPT4C0YJVt9xFKSAec5Gcmvp8PwjwvQ5XPKsVi5Ra/eYjkw9N6w+1Wnfeyvy3tvHdH5xjvG7xZzxNYTE4XAxnzWhhpYnG1tbJJU8JQ5NNrOtbe8up+UNv8EP22/jRbxwWug+MALoACOz0d9LtIwxBIDeWrbSpC5J4Vele+/Dz/gjj+1d4oIvvFNx/Y8EvlySf2zq0olVSwLZR5IwoXGSmAdwII4LV1nxI/wCC/wD8RJo54vht8PfB3guJ0It5bqO3up4gVwDmKOIA99uDg/L3r84/iZ/wV7/ax+ID3h1L4v6hpNo/mKbLw8/2GNlYFWVfLGVQA5Cg5xnn19eEMkwP8DL8sw1ktXKWJmrcutoxp0+ttW9+p4kl4tcTLkxOb51KnVSUv3VPL4Wla7i5SxVW1+rUW0tdT9pPDX/BG/4Z+GUW++Mvxp8I+HYoSJLiNL6wjJVeZCXe4ZiTxuJHXA4LGvSY/hJ/wSE+AypJ4r+KGk+N9Ss03S29vqMV9GzRqSyiGILtUlcYVjk4Azk1/JJ4q/ak+IPi2S6uNc8Z+JNZnd2Mkmpa3eSB2JBJWPz/AC8diQPQ54AXxK++IN5dyM8t3JOZcs6M7SZ3dcsxclQMg/NnPGOCBGJ4jw1FWhipUkre5hYUMMtLWfOozqddfevondbnflvgXnWZSjPNcRiMVUqNNvGYjF4yz0vy03OlRu/Om9baWaP7EPEP/BVz/gm78E4mt/g98DbPxNfWTeXbXb6NBCkrxcBvNmim3Z27txA4zyQRXyn8Q/8Ag4h+IUYmtfhl8KvCfhC03FLN5rSCeVFUgIcRLHgDg/LkE4GCK/lwvfGt0jqI54oguQ2BuIBPIGAc9Dj17c81wuq+M5ZWaNZJnLFi7Bj2OCoJUnABOCBz+RHyOP42wVJtzhDEST0nialTESe1v4k5R18opNt6PY/WOHfo3YJKLrVsZCTspRw7jg4SV43dsPTpTldWtzTbdntsfuN8Vv8AgtR+2T8QBIt18UZvDVjPuxY+H1FmwVjtABU4Xg4HLZyOCQa+AfiB+2Z8XvGkpn8SfEbxdrIlLPL9r129CyBjwfLjnVdpwOMdMA55B+KdHfVvFmpW+k6ZY3lxcTzpDFGFb53cgjMhACr1BPAJ+6xJ4+t/C37EP7QXjFZpNG+G+qXlukMcpu5ZQlth03LtkClGyeh4I65AJI/KuK/HTIuGKfPmub5bk9O6UJ16tHDxekVZNuKk7bLTVNaq7P3Dhr6MuTVuWphcirZjKPI5TqKtiptrl+KdT2j83q2mlbQ8j1P46a3esYXmaVCygyzTSTzfNzyzszEgscHOcnnqa6B/DnxO1/w5deMYtJvpPDsEPmG8aVYVkiUZZkUkFgMdVBwMZwSAPdLH/gmN+1DfF7i68H22k2JIYTz3gyMZzlAmcdh1GDnHStX4lfs4fHb4SeD7CL4ha5Kng9dlvDYWF20cROADHIqhdyH0bO4n+8ePxPMvpPcN5ri8Lgcl4yyjHYjEVYxeHpYpV6jirNqnClP4uzva7b7I/aMt8D6OSYWeJrcOSwlGnFPnlhlC1rL3uaN+XS/ftZM/Pe88bxRtPbsl1JNFmJ4kZmZyCSQNqsSRyMjHHpVzw5aeJfFzzJoukXhYKzgzRuBgn5dzttBIK9uuVGcZx9HaN8PfCixfbItHgFwV8wTXH7xpDxzySpzwSeAMAnnOfTdAh/s5rcwfZomjJCRW8SRrIRyquFwTgnkE9cA/L8tcec+LeLVOUsJGpXqWS5qs2ottx2Sd0+ijs/PY2oZNleHm4RoR9zblgls1eLd9GrfC16aM+EfE3hbxx4fuFh1uA6eWDOJGXEbAgEhSOc7SCCCOg3cACsFNMkkszPe3kjxlGKeW2QCvcgZJ6gEsMEEdAa9//aI8UNd6haW88ijAYTZA2r8vRCOQVAJ/vHoccivneNJL3SZZLVna2jLDuueCSuSeoJzjGc4GfX3ckzvM82wOGxWMk6VSsl7qb6tbLe3Xmf3aM7p4bD0oXpwikk9LRWqtq9r6J2ffQ5+5hhhlVxO20DKqSMhhyATkfMSeeNp4wCM10GmaNeajFGI12M+ccjJyPlyQV+VlwSOhOOORjnfI3FYngaRgyFAMsck5JJGQc9GGASPY8+++AbZJhbiWMxrHs2jod2cDkg7gMjIOCTgZGOPr8NTqSV3JtpJvW+i5W9LXbe3W/RmWF5KlaELRTbSezbasvz1T0W2lzlj8Pbqy0/7bdSHylHmsUJ3AAnAPORjnHBByeK8W8X3dpZTL5U4bcSzAAjK5Aww6+pBPUqc88n7e8cwxWHh6+ZANzRZHGDgK3Ax3JyB04yM/xD82fGepO2rzpknadvBO1R+fYgjnlevUYrqu4qMUnqldczsmmlrytX0TWmve9zvzGMKChCK1STbd3fTda6W9N9ehu2WpQhS0rKQ5Hl5ZTtIOTlCcAcgZ9+uBhZ7q/hnkQxuoCHacAAOQDjAzlsEZHJYDIzjIHlQvmwUbkA5jwQWyO+cEE8D6dO1PS8OFLM4IbOAScqM5G3Pue5PuB0h4eMtpNPlTa6LVX1td6vZ/ceXF316Oz1srWcW38lv3Wurse6aBqcQvLKaSRRGksYkyo5dSBk9QB82cDkZGeRkfRPj/AFeF/AQkZ0c7B5eMZG0fKF4JBIJyc4AHHHT4jsr+RVDxStHEpyCcEiQHODwTwduOo2nJIr3m4v2u/h2r3txucqy7mbIw2Nuw4wCcgA7cAhgfWvks5y91MXgaru/Z14rf+Zw19Fa/kn6H0GWVuTD4qmnrOnJ3dtWrXs9b3voktL/f5Ta6uu8CWQlSSEKgjB3DbkZ9cnIIzwOOh3J7qHCEOuPlO4PkknJw20HIHzAKTjgkHA58yMixBWywIIAPO1sEgYJz2x0BOMKAc4ro7e5R7YEFd+SSpU9M8YOfTAwOQDnGen0M8Oowg1ouVe6vsr3bN32e3n3dlp4fMm3zW0ab1b093Szer9PO+h0k19CVURujMxw46HBGACD3446Z5OeaqWs1shk2Msm0NgYIZzkFidueFB4OME4JAHFc5N80ilSFQooA3YUeoA46ngjIzkjpW/omk3F0hnVuisihenrliMkccHqMYwKynFU4813trvZWtd2/W1+z2KTcmlBNbO3a0YPbbR3avf03b1NM0+51YuI1BRGLshwNqAhduc5GOAMdRnkY5vWfw/unne4uC0UC7ioBY9dxBKjoCfmOOQeucmuh8JD7C8kVyMFyQW4IJ3Z5bBGD3BGOMZ6Y9Fl1WwWdzNtQbDheDGSVIwc+vTPJB4NeXUxNTnappuN1y9G2kuj9drdO1jdKbjFzWq6dW7LdPZ6paWV/k3yXhXQNMsZ3uprQXUpPlBZcbAWPysAc5HAIIPPbkjHsUdvPaRzDatrC8IdbeEAh8jgcHjOBwMeoxXnNhqOnec10HKqsgDRg7VWMnggDOSMZBxwc+ox0t5rdlclpLO6l3Rx+WElbAXCn5sE8DOBnPHUZwK87ERqVZxum19q9naT+L020enldig0opu6laKs7Xu7OUtdb313s3paxyd5rE014mnu3kRM+1gjAyKzbgob2zgFRkcksAMY7Xw34R063XUnutUWSSSMukDEGMvKCNgQ9WAxwOnPJJzXFadaQyX0ep3KrcJGd2A4y0inONuM7Bk8Hocda09W8UaUt8lzBC6IiAFYydpkAyrEA4YjBGerY6HirnCtJQpUE42UW2ua8W0la63d79bp9if3fMm1vZpJt6PlWy083ru7mBc/C20vbq5km2W0e4yFWb5jggsVGRgsSCO4564Ndt4f8OeEvDtmZDEjXa8eZNh2dMDKqv+0c8gDAwSDivPrnx9BfSLBsZH8wh5Bk7gvTd04HALHAIweM1fF/HcwfvQ3mOQqZLEHoVByc5yATz2BJJGKdeGOqU3Sr1ny2taN05LSy118nq1e/TZN0ufmik2mlq2o2vHRW0+53erOl8RrY6ij3zIUWGMLDboMRtxgHBwpPQqOcnsCOfRP2WNNkg+IFhqbW8kZ+0yIHc4VVJ4CZ+9xjnqPu5xzWX8MvBeo/EDWoPDNtAsaSSK012zACOEABsDvjBOPUEdBkfY3hj4ZWHgzxnp1jY6gkv2GURsoGxw+1fMZwCqt8xJOM4BBODzXLlmOoYbMsJlqlJ1alSnLk5X7qdn70mtGklbq1dvpbaSqTbmr8uqej+LRXSdrpW6XVtOx71rUm66lVQXJyzEtyBubIHtj3HHSsjDZRg21Bxz0569eTn5sYPrjuau6pbyLcyuC7k5IY8Z559CVwQeOOcFTk1nhZyrEkYB+7wVXPA5PBA2nHXHTsa/a6MrRirpPlSVrNWsultrPSy1tdbHFKnNSs7Xe6u2+lrX3001ez3ucj4vxDpjMyllEy/PnnDDOMgEAEgHjGO4xknzv4dsTrOoKwMbC4Y7sfOQR057hSeAx456cjsvGskgsGjRyWBWQgchWBXDY4U9Q23PXAA7VxHgO5Y6vfY2u/nK5OACSUwcZ7Hn3z2yKUburFfy6Jd0re7stFbpr36MySjzN66Lbfpprq7/NtbO57kzYkVc7gQXwxBOSTxuB+8Oh6cjHvTHferELjZx6bs49T0xz6HkE1EW2MrBwPlLEEZbIOAcdCCT26nnkdXBwzP8wQDoGXgg5yT2xnp069DXXZN2vazWvbVa31tt31SdmTJqzb0St0TettN9LK99PPY6LwGp/4SKBwcCOcAgEDGcE9PvccjPIxgDIyv0xqTlOgAwmSxBw2AOCAccY9M+wzkfN/w+Rm1yKRiGXzSoBAwOTyRnk44HPB6YwK+iNW3BTgEKVAbuWwwzt67T9cZIxmuyinK3Nbe9tb2fK09LW2vfZW6o5bpptN6SVrpb266O6S76qUe6OTuJCCiqQS7HLcYCgk/Ngj+LGc55OORnG/okzLLArsctNGSABwc9Nw6fNxnoPYVzV6UBUryijOG4OeOT7Z/h/Xrnd0FvMuLfKsNskYVRyTyOc/Tn72Rj0JJ9Cz5JJOySte97OST1sn1e976+jORzXtF7uvu6362Wi30fR6627q/wCJH7a5im+P3ij5SreRaxk8k5UNhiSf4cEKM4H3s8EH5Mjvbu3uUghTcoJGQNxIGPvZHPPJ9egwAa+uP2v4DN8fvFfmAsp+z7Rg8fKcscfwggAZ7g49/lvVrzT9MgWKFfMunX5WK/MvXLZB4xyOpPQEA81+TZmoyxleMlzXqNNJaXUlq+yV31SW2r0PoqSTpqTutE97X0jpa6dm9Nd7dbG1F4qeOBozEYpIo1VjGFw5C8ggE8E47nB9zxgX/jvUbkC0iwgDCMMqktjO3BPp3BGcKDyOTXE3WoNLI33Y1ZuWBGeh5KjkqMAbu/4HF2ysmvZoQis5Zg8kiYCkdxk429+vcDj14VhKFL95yxva2vfSys7u63d7drdH0RqdYS1SSsk1/KtevZLbVK29j2nw/e3Vrp6ahJfTyPlZIY0JOAmRtI6N8w69yABnFfQ/gHx1p+rwmx1VhFc4VbcvGF3Ak45PJPrk5ByOM14J4WS2WJYbkLJGhWAKoXCqcYwR3HUk4I75PT2bVfhvAmjprmhTyR3KRCeQqMlmb5hswRn0x1I29wCfk8xzbDYOvGhir01Wny05te4tUkpN6JJvW9t7npYDGV8PUc6c04q6lFybUkmuX4vNavTqtz1+409pFDxFXUkYXAAK84IOcHjjA6nn024klqsbyCRCpzjCjPyjoRjOQckHbz2OCRj5vT4ka54evmsru5mlaFQfKn35O35sZyMA9M5PXuOnR6b8d4DP5d7YKsTHDvuUnIxnavOB2HOcBQADxXfSwtSdNTh78WlJNWas0tLp+a2a0b6XPpqXEOHlaNS0JaJuyadrK7tfZvW77dd/ZliyWMTkBR91gQAOfmxuyenzdPT1pzTsGRCzKd45AHIx13DOeDgE45OCDyRH4Y8S+EfFibo7sW8sh2KpG0liBgFf4cZI+bkkZ6/LXWT+DdR8r7RYst5bKS26M7jtOf4TzzjucHHBPWspRVNqM7p/3lfZrdPpbW6d/Lt7VPEwr006UoyT6Jp9Ffr8TTbbWmtnfYwo9Sns2YozZYKoCtjJOVbJxkEZxngErjOa2bHxO6yBX2q5wCSQCOepYAZPfJ9M+9YFzp91AwhliliOQdzxspAI5HIIGDnJHHB6iqD28ikbSCQThiFyQQeA3XcccggjGOuM1bpxnba1lZ6X15db6qy0Xo+vRQxVWC5U3dNu0n5pqzs00/Nq/XZntFp4m3J5bGHcqlVO4EHdyTt4JIz1zzzyTk1eiuYroKZUjmAJBQOpGMHAwRkAAjBOQ3BB7jwCSS7jPDNweQrH5CAAORyG4z15ztzwBV211i9gCsJ7jcvJBPyt83APsPxB4GelZOFpPkbi0+t0m01fWOnxXVlsulzeWN9olGpBS0jppezcfK33K+tj2O+0TQ9RR2lsZIGY53xgg+YuBuIyVKgZAwM49jhvPPFXhu1tNMup7S6eCOKBmG9MZYKSFyOcg4yOmNx+YCrem+L9QD+VMwbLAlWHUkg7Q3YYboWwM5Gdoxx3xg8ZppOihXYGfUF2CFCAU4IzjnnnJYL0x1+6XQrV3iIwVpc0rXV+W7slqr9raLTV7JHHj/qCwtSpJRi4w02WrtZbtO/eyfU+HPG2rXMupspmeMQyOoZyw8wZ2l0GeRke/IyDzXAzarLMwiOGAYrlcqSWPUE8HgAEZOT1PNdLrMjazqMjPEFC4JZRyFz8xf3z7jPpwDXMXtosM20qcbgVb7uR0HXJxnBHGDnrk19fS5FGEZJXsutrtcmju1fa930ers3b8sxDbm5RclBttu7tq1o0k7WXdWa6X0f6yf8ABP5ifAnjxfm3jVLdsFuMeUo69+vQnsMYya+9oCS+JA3KgDA3DI6cZHUdOOmTxwD+f/8AwT4UyeDvHoYlWF/bnnJBURrz3IyMEDn3PFfoGg3BcEqVKnOAM8YyrHIz2zxxycDp9Jl0+WjFWSSe/R+8lpZ6bPZ9bpuyT4qqi2nLe0b6u72d9/676izsXJ6kAqCduCNoOFAxjAPPUH5uM8V5l4jZ11zTBnJDEcYwAx4OOhPHOcDtz0r0x4pMEO2AxBbJJY5+YgEDjnr14GMZHPm+vlv7bsFbaG+bDBeRg5BzyWOOcjHTv0r0VUskndfDq9bvSyS+1p5LpfssNnZJLROyXktXbuvLpvoVbpTJfwsVyomiUEew+YsMHP19cjJzivXoUQwJ6AIMdsYJz2IORx1G0j5hXlUzB7u3ZQVDXC7gU6lTtIPGCcZ9Ce4yBXp8Y+QKehCHauOdy8dTjOQSDkcfLnBJG9J893tqtFba67Xutba7O6vfQ8zFQftE7pd3rp8NtLtK+um63vbV+N/tDBX+D/iZS5VvLbp8uQc/xLnauDnGT+YxX4hTald2bMEmcPG+5GjdsMdx4LAjI9O3BGOmP25/aEiab4TeJIEYJI6HAYjJBVuuMAHHfIJxyDuJr8PtRsbiGZ4pU24cFSdwJyTyMjuSB04PGe5+UzmMY43WabcI9rLRLq2t23tZatn0mX831SCTejaa01+HezXXqu9tL2fVaT45usiPUdtxDhjgqWbIJAzuPTjODnA5wCRXtHgfU9C8Q3Fpp8NrCbq5uljWJ4wSjEgKFJOTkkZzk/xZAGR81XVmYIuFDOwUkIMsByM5Lce4zz1wMgV7R8AdFvtV8d+Gba0t5Z9+s2pd1U42ecu4n2AJ6cdAMhs15U+X3VdK6XZNXts7t6LVK2ib1bVl6tGryyjCWrdlqtWvd62uknpr6Xvo/wBMvC/7OmsKlpPcaZZyLLbRSopt0aMRna2ZeOCoGcADp0ycn7t8FfBzR30WG3ufBXh2dEiWKeaWwiJPC/OjFAxbOckNkdNxxx6XrGj6f4E8KW2t6hdwWtjBpVo11LPIgcsI1BjTdjLbgFGOckEDJFfEvjX9ti60yW/03wrZRraRL9nhu5CrOX+7vjUADactkEYPqSMjmxOIwuDV6lRra1nf+Vpq11t03173R68p0KMeaXKk4p6pW1atrft3tZ3vuz6w1n9lb4L32h3Goatpen6FMIy1xdRTx2xVUyxaNTnAx3A5PHHFfnL+0L4W+Fnw7vNIT4UeKbvWLidHGqwBg5g2kAHzQSWXgrjAPBIIA4848e/tI+PvEdsIdR1yb7CySNLGkroMSblKkKQD8rdj03DO0V8hX/jm6m1G5liuJZWc7FZn3DBbJHJ65wTkdQDkkV8visynmEJ0aFL90rRcp3crxau1dq6a03s1e3c5qmY0qcUqSs+VLmvrb3XdK60aTSS2t1bPVdc8XT/ZZTeJK8zREiRiciNQcc9dxGBg89AevHy/qviK4u9RuBCjMzsvlqCWKDOAyr3PXcTkjBwOa9P1m8k1DSmzch5yFAjBG5VADEO3vxyT0OOTmvNbG2WG+S5JjycqYyASoHDkBidxPUgHjkkY6Z5bhKWHpzbglK92uWz1Ubp63bd9G3bRWaaPDxGIdaTlJtu1uVpX25XfrfX7Um73utzetNXvbFIRJHMJPLVzIxI255G44ACt0AOTj1BBHvXhPx5GLBY5JxJefINxbayKuCcnqAAOCO3JJGM8RBbWmp2gMRhBEYSV3UbiSuT37HpkY9Ac15LcxX2h6vJFBcl1k8zmM7ht3dhkcgHvjk9AMmqlTw+P56coNSirJSVvdutbXWvda2/B4K6tKLava2it02TtaWmrt0etz9C/DvxMTUYHtr1oriCJduwFWMZQAFujEkNkE8YzkjgZj8e+ErLXPCmr3ujWKyRNp8txMyAB1kAJPyqo5PPJ6AAemfi/R9X1PS54XSU7plXzDuxhGwCDyMseMEnOcZ+UZPtbfFrXNH8KajYQwNLdXVpJbLGoLBoJ1KbmXBG456kLgH1OK46VHFYHGUY4ebVJzSnG7aS5layv1i7JapJaWPQwuKqWlGbei1d25dEuXddXbe1nqlt8ZRxst6I2U7kldCuMtuBK4HfkjkEN2HUDOnqkssewAtGUjUgk5OeAwIOcAcDBx1wNxOK+6/2Rf2VZfi/4g1bxZ4seTTvDnhnR77W9QSQGNrmRI5JEhG/YuABuyck84PGD8y+P/CLzeIdfTR4T/Z66rdxWJI24iSRlQ57BkUEDHTHrX2dTEUYSjGdSKnyqVnbWyi7976tXXVvax6VHnadlba1r3a0evXZO6uklbbp4cLm4j3FiTnqcEDJ9Pw4/DHer1rr9xbho94ckhiMEMuMdD0PvzxnnuD3Fn8M7+dvLuLpLdcBnYtuZeMkAkjODx0APfnGNi3+D4uAyw6xG0xUvGCoYDnAVudwJbaCp7nPqQ416E9pLpd9L6eSb7dm9L6a9KhiIxum49btrfR9Xr+a2u9jmdI8WTtcRwyEb3KhQAWIAyOuM+pU4Cg4JA4r0SPVC6JuKDK5yCQcjrnjJ9Aeo4ANeJ3unS+HdffTrskz20jB2AwGUfdYFfuhlByOgPGTnA6zT9QaSRRhmVmILHJwBkZHJ5DEE9eOnPIwxFOKtUhomulrO/K76ba29HfS9hQrVGnCpaTb0vqtotpK3n01unrpr3lzeQWoEklx9mD5wzuTuzyNzZ5BwSM8HI9MVPDr3ygx3sL44A8wBjk8EZOehGcjA9Qa8p8bXZis7UB34cElSDyOxIwCQBg8HPBxjk+TjVbliXEskbDp85ADdSxwQORnkYPHBGa6sJRqVoRn7R9kuiV42astbK/n5WZzV61CMnSnRg+6t19292r3ta++qvrqfcmm+J7xIEi8qOUEDc6OpcEdQWyOeCBtO7GeM4NT3msy3KoLmN8AEpkFuCcZx3UAbcYzyf9kD4usPEuqW2xYr24jBI3ESZAwufmPC+hJAHX2wOntfiBrUaFRdyzKq43yFWYrnBAyDgMMcckfdIOa6pUsVBWjVut93o7R6LR9bdm2t0c31fK6ms6MFd9IppP3XvrfS7ve2ttmj62s9TimAijhZSEVZGTIAyRksOpyMckYyRweK0YrqW2LRQSO5k+ULluCOzEHjr0xxx6mvnbQviqLMxm+06O6RirHadkhwSCTnBwSTuGQM9zXsOh/EvwZeOpvrG8g3sCqxfvAvBwcHLcHpgDA4JHOMp5jmOEV4yqJRtrGdkl7ul00/XTd+R2YfhLJs0lGEFQc5tK0qau07K2z0er1sm32sjvrTWNVtWKiWcDK4BbPtnJwOO2B2IwR16iy8f+JLBIoYbyZAj7hJExjlHXOWABU9CSCCcEklRgZ+h+IvBOpTq6ahcxFWG2Ke3O1skYBYgZx3AGCAfx97bwDpVxpllqczwi3vAGSWO0Y/K+CGdkUBcjjJIznlu546vi9XyHljiM4qYNc0Y+/iHC0rrS3Mtb7q+u+nT7zLPojZtxphKmKyzhH+1aFoxlKll8a0NeVb8kktNdvPfU5nQ/2kviL4bmhk0nxdrNlPblTGDfXoQPnK7lSYKWXBK44HQYya+h/DX/BSH9pfwqtmunfFrxdCYJfMdbbVpyjqCDs2yFwFwMBSTzyeSRXzXrPw50BSXt9WiWUHJQRHy8KcZbALK2flKkEj0HbkL34Y3EpA069ivGlXhISd+cKMeg4PBAbJBPHf7LKfHbMaqilndOvTkoxSr8lWLT5VvUUrc2l9Ne/Q/L+KPoM16FerTq+H9ejiIyd3hMNUo1E7x29ik/klp1P2k+Gv/BeT9sHwXHb248bR67aLGkaw+I7f7WxwByX3KOeAe+CT6Bft3wX/AMHE/jWaK2tviZ8I/A3jW2fbFeSJDZ20soKhnc+bFKSQuRg5yBjaSeP5an+FPje3gEsWnSSKpO7Mm7apPUqpLbhx26YIxzipH4E8YRRJK+l6o0KMQskUUrxEnkjOF3E9vlzhlPGMV9lgvEvLcbKP13L8prznLWrSp0qFR35U5OdHknfdrVO722PyLPPoj8X5XSl9SwvFeV04xlalNYqvRhGy09jXVSCjte8bPa1kkv694v8AgrV/wTY+L94l58aP2XNL06WQOJJ7TS4LwE4UGTFnFbggEAjgEkHg81u2L/8ABEX44SNf6Zr+pfDPUL4/u44r6bRYrUyMeRHIsxVQSVA3cDjJPX+Oo6V4qtWYta6jDHETjzbaYqB1ycKQBjkDJ+bbx1Bv2XivU7HMbsoXhSDFslBBOcZUE8nJOSSeep2t91guLcBWcKeFxOYYKUkuWnhsyrVFZctvcqzrRt0+Ht20/D8/8AuJMp5p47DRmrylKeNyaFCU21Fc3tcNTwzts7p/cf2Uv/wS+/Y3+J1hI/wN/a40mRnAlgttV1ex1EMzjKROXmt3GSyoDg5zyOpPzL8Vf+CM3xm8NXVhL4N1nwR8RLK7ciH+x7uzXVLqXG4D7P50rFSNoVlzg54JGK/mg0n4q+IdDjS503VNa051YOJLLUby1UsGLE7opozuVgOxyQf4fmr27wb+3n8evAmsaPqeifFHxvZXGizRy2jpr15KsJUg7VEryqcgZIOcru6YIr7LB5/jrQhVzGljKFtKOZ4CjNu6SS9rQ9jUUebdtSbSbVj8xxnh5jsGpTwODq4fFLlTr4HMMVSSSlG8lQxH1iPNayS5opd7an6geNf+Cbf7TXgHzrjUvgt47scnM194dW6aLapBU77VkJO0Z7HPzDIIzzHhzU/2ivg7cx2WgfED4t+B5dOwy2upQ6pLZo0OSEc3SSoF3gBmB6cAtgGvQvgp/wAHBv7S/gy8A8U6xYeOrHykie38T2y3UrBVALCVlChmzgsVJ3ZGcYx+rXwl/wCC6n7LvxX0m1sf2gfgl4Zea6fyb28s7XTZ4yj5DMYDbiYdScbxn8mHl5tTy/H3WZcD5Hm9GUffngJxhVlfR2o4um27q2ntNW9O515RhuL8maeB8Qc+ySqpvkhmGGqYjDQScXB+3wlabV3ZNugkt2lofBHw9/4KS/theDrXVxqV94H+JS3irA8niHQo21J1Rdiotw7IQSBjBQ8jIAwBX0Z4R/4Ku+Ckt7TSfjr+yZbTzzRGO+1/wvLC6mORiJJVsYItwIXcwUOOw3DrX6G2b/8ABGb9pZYPsy+HfAmqX5jkxHOfDkyyyYKjf5kqE7znOFHGQB2qeIf+CNP7NHxL8zVvgj8fmsUliP2OGbVbTX7ePep2KFWdX2fMBkoWOOPSvyzOfDHwVzvnWacMZrw3XlvXhg6sadOWj0qYbmitXo1HVXt1t+xcPeKfjnkjpwwHEuScXUo8v7uhmNKGJnFNN/usU8PUcnG6ta6ktU5XPlfQfjr/AMEnfjJLePf6v4n+E2pvbqrNrNjLpcEM8pBlU3DK25AS33Soxgehrzm8+Jn7H2vfGP8A4U/8L/ihoOg+BV0VLe98ealfINM1WZmQTRwNIo2zzA5DZwSo6DiqPx4/4Ic/tTeEvC/ibUfBF14I+KiR200ttaRpHYavcooYqLaJg5knYD7i4+Y4HAzX4eeM/wBj/wDaq+GJjfxx8DvHWgpDKyybPDt09ivlllBS4gB3DaM7gFO3GBX59jvoycH5nQ9lwpxhj5QcZqlL6w6jw1SduVSoVeWT5XrZpX2u2rn61k30nOJ8vrQlxXw68DXXLGVLFx9mq6iknUpVLtNaOPNGTTW6P6jvDv7NXhp9Kib4a/ETwJ400mLzoLOQatpyXDxMo3SYe4VwSf4iNzE8gms3Uf2X/G+haVcX8vhzTtU+0sohXTbq3mDZPUiFn3ZAG057dB/F/JTFqHxD8P6pJbR33jfw1NECyxQ3ut6WY5RyyiNiiAnaCflAPAGcivV9M/bH/am8GwWln4Z+NPj+3t7F0U2dzqck6IQcKSJy5ZeNpPK55Jywz+JZ39Ejjzh94nG4TjGePpNSlB4vCSpJSunduEpRslotHq15n7Xw59Kbh3Pp4fC18ow0JJpNUq1Oc9bLlS0blbXba2lj9jdX+E+rWv7Stxo+o6ZPpt//AMIpDMNOKO8k+c7tpAOEAB3DA5wcmvYPEnwvubSBwmlnzWVF2oGMiEryQDg7lBDDseNqg7a/LD4Gf8FLvjR4O+KKfFL4jRaT8UNXTSR4fkt9XijjuDZZUb4blk2rIANu7BJ4BPTH6Ca//wAFo/hjq2h31jF+zY0vjO5gaOzuoNWgaGC6dAqTttiCkI5OVHGPYDH5ZjeE/E7KcywOEoYShj8PSp0oV8RCrJXlCSU2k2uW6V0mvuWh+r4TijgfMsNXxGIpyo1a1RzjGXuuEXyJaLda6pP8tPz58LW9/P8AFb4q6BaKWubTVVEkV9G/2kRq2XdhtLBUJAGADjuSCK7Dxj4I8R6gFsUsU2xokpKEqTsYMQ+QGPy4JBI+6MjHyn538K/tO/FP4TfGvxh8bLj4WL4is/Hc81zNZaxbE6ZELgjEFldFREWjVVA4OSO3NfVU3/BTHT/EkSWB/ZOhl17UMwJdWl3vR3lCooVIYjwpOQBgHnnPFft1WlxNg6eGdPC0p0VQoqtP2kYyjJRj7VX8nfVtrRPQ/PqH+ruOnXU8TOFSdep7KMYSk5Rcrxvypu9mrp7aaHmmphLPTZ11CONLawtFWeUtsjjlReAx3cEsOTk8gdMEj47g+KpsdR1e+jMcUV6JbWF4yZn2xkogYdfmUAsOGI4bbiv0ysv2X/2kP2q7i0Ph74e2fwt8G6kkc+pRagZRc3QfD7k4EjcMSRwc5yMV+j37PP8AwRR+FnhyW2vvHi6h451SPbN/Z6wyW+mw3BALJIWyrKpOGYY4I55Y16lDirBZdB/WqsauIUfew9B+11srq8fduvN7t69ojw1i61aNSlNYfDJv9/W/d+6+XaL97bZaK76WP5npNZ+JnxCu0sfC/h3WNQLrsRrDTrh/MznazFEwmcgAZ6ZK9K9b8A/8E9f2vfiS6z2XgLUNPt7twRqGuFraFEkPDFpFyOoJAHAPQZr+2Dwj+yr8Bvg5p8bT6P4R8KW8MZBtrW2s2vG2KV8syEO5kOOcnHXPPBwfGn7RXwX+HVtLZ+GtLXVbyEME89o0giZARuwvyAAKCRgkEjJyua8Wvx1muMq+yyvBKMm/d57zmtEk3GNrJJp2bfe2x7EOGcqfvYmvWxT91ynD93RTSje85Kz07O91t2/mJ8E/8EV/j9LCLrWta0DT7l+ZpDIZBACMtiQbQcZAAwMYA9MaXjb/AIJeeK/AlqGvfH+g3As4jLcRLctG5ONxWMLMCJGPHK+p5HFfrZ8Tv20PFHiI3VlpM/8AZlqxdEj0yAIzLyDmVSM47Zyc59q+NNY13XfEkslxqEl1eC4k83feXLtgk44BIwR94dMZGeRtr3Mh/wBcsRiIVsbPDU8PJxbhOhFzcfdb1u3rrq2vSz1xzLB8NYXDyhRjOday5HCtKyfu2btdaNPbr2tr+R3jT4Caz4WluYbNb+8DIx82K6uGjymT8jByAMAYzk/MCMZr5quLK+0e4nS6k1WCSJwhC3l5GVyc5GJVxjcc8YwcHuT+4mu6ZJJCYb6OBbeR2PmRxBnC5z1UHBCk88g4HJIxXwd+0D8PLO1huNXtwgCuAXVFGVI+7JtCgHPXI4zhj1J/YcvVGqowrUqc5pR09moq75bt3T0btd9m1qz86xdCrT56lKrUjC6kleTaWlt36dfkfJFtfajBCDb+JPEcDKAQYdav1GeoAAuAMYPI9Se5zXQad428Xp8mnfEPxlbsjbAq67f/ACFevWcjAb6cjjqa8ptdVSxnuIbhgqmSQRZIBYJkDaMnByMe2RjJFWNFuxBLO7qP3zllBPVGwRgf3jkZ45ye4yfZllmX1dJ4PDSukmnSi7ctraWvey001TWy0OKOOxdJK2JqxVr6TqPa1r6uy3Sf/Dnv1t8T/jFb4Nt8X/HlsTygi127cBQckKWfgFj0IAHT2G7Z/tAftE2Lg2nx08dRFGCxq+pzyYAGByeGIHJ4HfrXja3qFEG3JIyWUngtu7k5znJHv6no2S8TBCgMQgBBAIBOT1xnJ5BIPQcZqHwzkdWK9plmFeqbc6UXfRLdw6aO6dnrra17hneYwhaGMrp6f8vJ3+zpdS9dH899PpCz/a0/axtpN1t8fvFo8sgK0txuwQMY5Byo29Dk4xzzW5pv7c/7Zmk3LrD8eNbuDyQbkCRVPOTjAyMDgYUZJy3FfJzXRmZduFAGHbHqNo5zgDr156expkjMwClgqFRtzySOcZI5U5JOO/B5xisqvBvDNRpzyrCN2Vn7KCvb/t3TVK17p9mXT4kzqnFKOYYjotKkmkny6W05rXfTfpbf7t0r/gov+2/ExU/GJbrYMKbiyDg5OOR0OeAckck5OATVrU/+CnH7a9lNai78aeGNVjeXaIr7Qo5gVQ9CzkcHueo4BJzivhuwduI8DDlQmGLHCgZz+PUnBOT8o5qHxTJ5g0+NG2yMSc7SMYI4B+8V4xz6D0FcseBOF3drK8OpNXbUFfXl0uvtWs0k/NO5q+K87VuXHV2krtufVcqaXldLdt7NO2p+iun/APBVj9p8Qr/aHhb4V6vsCoxm8OQIZD/Fn5h8xAYk4Izwetb1n/wVL+KLxudd+CHwv1PJLE21lbWxbngBSjbRkgsOByeRnI/L6IkSQ4yTtw4ZcbSMjnGFyDk+p5yegrUi2yync3GSU2qcNjJB29i2AOAcZ+gOE/DrhmpJuWAgmtE4uSu/daer1vtaK30SSR00OMs/hosdVaVk1eNrJRa3TXborO6tZafpl/w83sL64Fx4h/Zd8IXWCgle2vLePAA5CIIRgnPy4Awc84zXU2n/AAUb+CMxQa1+yTBscb/MtdVicgk8sAIScjPHOAS3ByCv5LX6kF3QEYJzyVBIx1AIB7jB56jANXI51ZIlY4KRE5XIyDtIAI5xx06dxt5NefV8K+Gqr5XSqQbaacakrO9tFbr5W6LZ79lPj7P4R1xMZKNvipwbtFx3tbs9fltqv2Fg/b7/AGPJ90eo/s1+IbZ5dxka2cyoCwG4qAgwF6KV6kHbjGa1U/bP/YI1SMRah8JPHGlqRjdb2MkgQEsDjGDkEgHgduK/HJJy5CoWAVMsc5OenzFi2RnqPuk4GDjjRtZSyYaRQIjluAu9s5I+6cgHqAPpjbXDU8IuHue9KWITstHOTS+Hvez89Vezd9jsp+ImepJurTva2sLO11dab/8AA00P2Qi/aZ/4Jx3H7lrT4gaQ20cXGkybQ5ACqTgEnJbHpj0rVb4p/wDBPnWE2QeL/Fdh5i7lFzpc0IKt67WAwOece3O2vw38YXqpbWEiKgdr+H5tiFnjJAKkEZ6dOgHcevTrcIfJbZEcJGCpijxt2BsMCOckk8BQWOee3mVPCTJZVJJV8RFx5bWkrpOz3s9V3+/Q714i5xGCm40ZLdqUZNbRS0vr/wANZa3P2kS//Yhv0T+zPjIbFwuUXUjIBH1ABHDDbw3LZzxkA5FG50H9mjVdqaf+0L4dZMbBG+oy2zZYkAhmlHQHjGPzxX44u1tK20W9szHLEtDGAM/w8AE45GOSWB6gGqcdnbNPPGYLYKI9xIjClQepAG3Jx0HAGepxkUvCvA0UvZYyrFNJPmUZX26W2s9X216jh4i46quaphaM2lb3W1ty20tLT02TvrbT9kz8GvhDqKj+xv2hNChkIBXPiB5UZ+e/mgLzyM+/Gcg1Lr4CMypFo3x68OXYDYBi18IxPOFDGctjGANvQ5I61+Qi2NsIw0EcnKsGCyyoBjPACsMHnt1PJIxms+UGGPEU17FIM/cvrpcEA7QD5wAwfXJyccDFW/DqMFaON59lyypQ291JXu27a3u9PkZf6/Vpz97CQWn2Zvf3fK1tO/5afr/N8B/H1isb2/xUtLwFsLHD4riJlIHyrEGufnJIwUAzzt78+mfCj9nr4qXusC/ufFc9xZKR9sC65bTCQK3AAMp2naDkKPmJxnnB/nw8R6h4hF/oa2viDW7U/bAGSPV71OhA5BnC4IPACgDqD1I9t8PeM/iLoUjDSvHPivTgy5YW+s3eGYAHcd0pBJA4U8dcGvOr8B10pxo4mnGXwqTp9Xyro+6srevWy9DC8aQcoyq4VrRbS5r6Lo0lrbSz25n2P6aovgv4ltLQRhoZYCcF2SKeVw3JO5HLMC2fm46dAMmqcnwva1j8i+hnVmYANDp24sOC2WO4AZ6cDBxjHSv567T9oT9oXTWRbH4w+NIlhXKrJqDSJt4AB3DLHt9489vR1/8AtX/tUr5nlfGPxE21QyiYq5UJzydhPGOeATgc8gnxZeH2cpx5MbTaVrWU+ZfD0suj8/mequOMukoqWEqKb2VoPXRNbrq3q9b222P6ArvwPp2kRS3j3dvp9vFGGe61O3tYxtAwxRZQckjcTgEkcdzXzv4k+KfhnRLq4t9DitNWniDxveyQ24tmkPy7o0EY4JyyjPYdRX4e63+09+0Lr8Wdc+IlxrShyJI7syKgwxGGVSBuIxwPX5iea4Ob4/fFQXCrHc2NwwILYicqAOPnOcfMM456ZJ5yT6mX8H1ML/v9aVZKzcY8yi3prZ9rvW19b72twYjinDVv4FB027e80r2dnpdaP089d2ftfH8TLa9mklnsNBuJZchybeMGNeNyqNmA3HT2B9QdeCTwXfxz3UvhvRZpblVVxdWlpJFIFIOWV4yQT6KVwPXOK/EeP9pP40wN5NnptjOpAyyWEhUnABOdhJBBAOMgkYI4IOTcftTfHCxnZ5dFhSEfKx+zyomOM4Bx2GSAB1GOua+nw2S5dGMo8jutFFRd2m0nzPtr1WjW+h5VbN6jlZLazvLo9Ou+vrfqle9v3wOq+C7vThZX3gHwHqNkAkcltNY2+2QRgBWaM/uzgnpsC56H7zVxeueFvgv4is0hX4LfDaGeN2YzQ6TAGYDIyxGQHIOAQCcAHqOPxVtv22fGFjLFHrXhhCGA3yRTPF04BIKg4J9RgnjjoPbvBn7bHhe8aKDU1uNHmJVWZZxLEMnaS44woxzxgjmvSwOSZPSk5RThUdrq3KnK6fRJa6N3+d3Y8fFZxjKl4pJpaJ2u9OVKy1ts7fO27P0O0fwVp3haV5PAX2XwTK8pkz4fht7RmXORGj+WJEAIHCuCAuPard/rHi+7mcaxquoeIHU4VtVvpnfqBkAybeCMKMEgnjJFeaeCPjJ4Z8UWsc0F9aahbyci7snEjo2P+WqA5UAcsMEN0POK9stZbDUrQOhWeCT7lwoyVYEnr1GG4wevBPPNe0uGMkr1I13g6FWq7P2soqT6at6tJ91e2ny8xcQZlQj7NVpU6d7PlundKOjV1dNdtE3ra7OJvvFd3aBYp7aWzjRSwcR4iYFcAF1UZ5OTyc8duDV07W7fUnaG8vki+dSoi4wOcgsvPzLjjt17gV1t1o1yNyJtvYHVg8E6BvlPAKAruHA454zk9seZaj4LbznutEuV02/bKvZzMWifnnG4FVLc4LH16dB6VPKsPhXaFKMUtbKKtbTsk1bS7aXlvryVM1r4hXlUbTsnurSfKk3q9tPe9Vfo/ZbTTNN2pKiiVRgiUtvJbnBCg7QM5yQAD1ABwa1la3i2s6sQoAwegDZPIxtBxjHU842jOa+ctL8Va34V1J7fVRKEQgsjgvbFSPmaKQfKCAOnGCQDzzXqn/CaaPeWTXkN5ELaFRLdPO6xxocZ2yMW/dheDjHYdMit17OCeiSVlsraWVujsvvunZa3PNqxqTlzRk2m9EldN3Tvq0mvVr0sjsZdQS2YXMY2ouAWYH5enPBJwoPORgdTwcVm33xG0jRLOW4vb20hto/nea7ljjACgk7d7DeMfwgjjnk4NfFPj79pyztNQuPDfg61uPFevM7xrDpyG4sYXOQDNOoKbVIywJzgZ56Hyiz+GfxE+KN9/anxJ124stKdzNF4aspXjBjBDhZXUrkE4RgTyQewGeWeK9onChGU5p7rSK2u+/3a+hdKi4vnrTjFPVJ3Um9GtNE7Pq3ZO1mj2bx3+1Bda9fTeH/hXpl34j1CRmhe8iRl0y2mY7TI8oGzaG54PpxmvL7T4M+I/GN3/aXxe8SXWsiUtPFoFo7x2FqX5KPtbbI6ZwR7Y4HFe/8Ahfwt4d8K6fDY6Vp9rp0EICOYETzZNvG52AZyTyXYnkkdMFRsPrFpBujG2UBt25gAUYYUc4zgD0Oe+eprmeDrYiMZ1pt625deVWaukk72Xla++x2RxFGjeNFJJpLme+8W+W+1/JLZ389H4RTaH4TB8HJp+n6StsHl0u5t4o0kubYkjy5JQcmVF4OSSMZAUjNeqa14ntbeGWKKSPc6kcjDlhwGJ3HBJA3H9OoPyP4v1FLqB5tOnaDVLBzdW9xE5XDRkOY+MEhwu0gHBBIIIbAx9K+IH/CR6fb6g8rRXCE293byEIEniOHL7mBCMfmzknBwSRnOdPD06UkpOMXLZWabV4tvfdWd3tba1gqYhVIxad7Wur3tdxd/mrXstFfpv7pe+Imupjl1LMGTcrY5HGSd3yjBI4GTjggZFcnfTm6kHcjOXfHzDqBgLgrk4Hf3xXlU/jS1tnlSM+dIjHLK2VBck7iSP4Sck7snknODjj/EHxh0fQYWe91OOa82HZb2jh2jXGcykDAOSV5xjBGSPuzVxeGwym5zina9k1tGz17vZ+7re992iaVGrXkmls29NrXj9ppW6XXpq9TufGVsz2FyBJGtxGDNYx7snzUG5VUAnGSACDzjv6+Ka38RdN0vSoptcuUj1Fl2y2ELAyEx8E7QSQXxkBicfNyAcHxbxp8fbzWIZrXQo3g35U3T7pbmQtwPLXb0OcZBGOpzk1494f8ABXizxnqE1/rMr6XpchZZtQv3bzyh5Zog7DkrnhRgZHzqME/FZpxThsJKahKK0bvKVrPS8t0tddNVZt6q1vZw+Ajpzau90rN2c1G97XvfyXe1jt/Gfxymk/0TRfMt/NfAt7YGa6lDcYby1LKx/wBrnPBIGa5TSfAnxG8bXB1TVmPhHw7KpeTUNR4ungbO541mZcEgnBzkckkg5rpbjxB8MvhJa3TaNo7+LfEUQOLqaPzFEqj7ytIpG0MNx9gRnoK+Oviv8cvif8RGFs2p3GlaKpkH9maUkoUJnGwmFRuIXjaMYznoMD5RZ99fm5PGU1TUr2coq2kbW1slZdVb7kepSwckuaNCo07JPklbXl15bN666/h0f0vqHjL4B/B6S4g05/8AhNPFCKz3GoE/bXinBIKwtiRUl3Zyu045HJzXz94m+Lfxb+KWoNofg/SdTsNInP7u2s4ZYnaCQsN1zMEQIpBySpHGQDuJrnf2ZNI0TT/iLbeIPGegT6/plsHkht7yCU263PJRrnzgEYqcE7vvAknG3I+1PiZ8ffBuii5m0nS9E8OSIgQ2mlQQrcTqowGby1BViMDIDAHPGTmu+hgaNdRrU1GvOT0d1JJXTs5aqLvtZXtuV9Zr0G6MYSp/Db3bPePmnq1rok2rK92fOPgz9mRodQttT+J+ttBCxE0mk2km+eUMdxW4nJLkseCAc884HFfa/h74ofDb4JaU1l4aOk6AoQ4ePY9/K6AeW7yL+83tjLc8E8AZyPzL8dftK6/rq3VrpObOMlk+0SMTcFQx27WOTyOcqACMDHp4Yb/W9fV7+8vJ7t0JkkaSYhQxztVeezfe4wM9uM+1HLsOqMvbU4VFKnyunKKlFXUVZqSad1+nc5oyxleqn7WUEpJrkk1s4vX8727Ldn9Bfgr9vfxx8UPD2oeBIPFOomx0xx5FtBJJDLPbchhJLnc6BSQDkevG7B831fV9W1We8mZxb24LNcPcMXfGSWJZsMWOe7HgnngV+aX7KusS2XxW020N0Ut9QgaC6LlhghWOCMEH+7w3PQ9Fr9J/Gf2LTrK92SSSK/miQscBlYEqVOeRkA46HjHPNfxV4h5RQyDjKqsBhaeGpZhJVeWlCMI80uXmd4xtZyu2l16XP3jhmdTMsjpyrVXOWGTpS5m7+5FOLbttZrprq79H5pcfEbTdHnewjm812JQugVAw+6SzcAnIAOeeccDNfaPxN+I9h4t/ZV0uC0uYptQ/4RfUrS8SIqxA0sK0QLDIYxiTORknuDivxY8WeJJYtbuRIzxwR3DgYJHybgNqgZI+UgHHHAI4BNe9/DfxxqOrfDzxD4ejZzDY6PrtzCCWZ2iuolBKD5t2dnzYGO2dpr6rh3IJVWq1SU5KdNSb6NtQva7u2u1tNL9WeXjsRSopRirOMklZWau4p6ej80rep5H4U8f3GmRW8EspKLL+7AyNzdOoIHOcYx1ycjIrsNV+IXiDV5rXTtLFw895KsaWtpGzylnbaAxAbYPUNtwM9cEjzT4ZfCfxf46uhcrE2l6La3LC71K+BRBEZGz5Ctgu23rg4JJPGM19e/8ACyPgh+zuipFbWvifXUs3UMnlz3hvmUEkyHcIEV+dpw+44Lcc+1LhjBVcRKUcP7WtorKClFSvH4tbaK638nptzVc+qYemqftnBWV7tvdr4rWTur7vqrK55nrvwx1XSvC+s+IvG1xNZXsFmZ7PTGJBdZEIU3LuTtY8EA4yeTtya9W/YO/ac+Fn7MkHxE8XeNC9zq11BFBo2h2S77q/kLlgrPtJijyRk5bCgnqBj4k+NP7SfjP4wzS20pj0vQyVK6bp+C8qqxEf2iRQNzBeGGSqvnIwBnyTQfD8l4+8LJLczL8kaqZZfu7Qo25w3QYI78816GN4GwWbZXUwGZN08LXlTdSlSfI5KMoycHLaztaVlezdjgwXGGJwOL+s4SMalaN+Sc1zJNpK+6vZPbRXSVran6a/tAf8FOvjh8b5Ljw74b1SX4feBnRo20zRZWj1K6tnyALy7Ta5JQqCqsuScA84b4x8EWF54t8VWFrLNdXAvb7Y1xK8txdTyuwy00jlpHZmOeuDwAAOKm8LfDC7uREl5Nb6WspzcSXLoZhFzubYecqOc4yB25Ne2fDrX/ht8JfF0WoXs1tqVvY282y7uJFCG+2ExtFGWJkKMBtwDyACex9nh3hPJMiwyw+SZbRoQpqOtKnFTnezvOpZynLq25XSeu5xZtnWaZrN4jMcXUqNtNRnJ8sb8ukYaRSS16NaXdj7c0X4OeCfCOjvqXjW7TSLa2tkCwOu1LoGPccnIYu4z1D9MEngV84ePf2m/B3guyuPD/gjT4YZrYypbtbBRNO5YhZHcHPU5DFjxnFfNPxw/aU8b/GLXoNN0m5u4tPyttY6ZbMSzDd5cdxIqKdqtxtBAJXHJyDUnhb4ExaTDB4z+JF4unWRKSxxX85S7u3xucCBiW2qOEUD5icDBOB9VhuHq2KcZ1ISlZqXJpyRWmj7vXXslZHzlbM40Y2i1yppOTV1dpaLq9bPV2u9dNF4/cx/Ez41+LLuW3tNR1G6uTuaYmV7a1hJJILEbEA6Fj3ORXuul/Cb4ffB62stb8dXg8S+MLlUax8J2wMiwzFl2mcgnO04LFlHfjPX0fV/jbHZ6NH4Y+D/AIctPDWnNGsN54quoIo7u6kBIkltQw3qG5K8kFiCMnkeBXE099eySiWbVNU3NJPq945eQOc72TIO1dxJULgKD1GOPu8tyKjh6cJVIJStaMIxSd3Ze9vdrbRLXrdnzeMzR3dqjcW+Zza1TfL8o6PVRt2ujv8A4kfFDxL4hsYLES/2DpUECRHQ9OcRyyJgCKKUxHhVT7wI5/i64ryzTdFudYAutXgd7Rl/0SCVwApU4BZRgk8AZI5OScEgnZ03w3PcTi7vJvOYZkaSZmIdskY9gFxjJxx6V9r/ALO/7Hvxj/aQ1iy0j4d+HLqXTXkEd/4lvoJLfRdOhVv30puJAsblBkhQTnGD1Ur9rk3DWYZlVjTw2HahJ+/JU7RjF8t3KWyXdtv5n5bxp4n8OcJ4Gris0zLD0FCMuSE6qU5ysmowhdylJ2XupNu630R8ZxaGkkiWaRGV9yxW1lbIZdzsdqCKKMM0j8j7qn36qD+lH7Mf/BM34n/GO1g8X/EFB8K/hZbIt3ea74gUWd3eW6/O8lpbTFGO6PhX+8OAVPOP0t0j4E/sU/8ABOzRF8S/FjVtL+L3xnt4PtFto5MV1ZaZeqm5RHaAyIhWYgGSRT7gKcH8wv2q/wDgoT8Yf2ibq40LR7p/AXw6h3Q22kaTJ9hs1tASIxOYfLWQbGBdVACjO7phf1/C8NcNcJ5dHNeIcTTjGEbxhUajKtJct406UmqlTtzNRhdr4rI/jLMPE/xR8Z8+lw14W5fVwuBnJ08VntaEvZYek2oyn7RXhCXLqoLnqN8t1Fo+3PFf7Uv7Kv7CGg3HgT9lzwtpvjv4kmFrTUPHepRxXTJeoux5luWjZn2yDzEijIHToeT+M37QP7SXxD+LGrXPjH41+O9R1CSZ5JbTQ/tkghgVmJS2t7IMUijQYC5ViNpGBmvnPxP8UtC8JG4i06T+29fkVhJfTZkiRn3cxlmb5txPJ5xnoCc/KvirWNU8SXM+p3c89xdSfvGUk7YkIAwiE7VGPugAc56ZJr8i4u8XcZmbllvD0XlWVx/dR9l7tWtBWV5zVmk0ndKyd3ot3/UPhR9Fbhrg2VPiDi+s+L+LarWIrYvMm8RTo4hqLfsac24w5ZXs2m7L4k7Hf+KPjVql+0ln4biXSbHJjVoyPPmXIBLsOevbOeQSc0nwr+H+tfFbxJOsjfabez2zajcuzEogI35LNgucsABwe5NeCyvbxxmOZijghj1V2c7W2nnK9CCT3zyMceq+AfjfrXw7gvLfw5a2yy30W2Sd2+aNto+bPUkZO7OQDzxivyWrVr1oSnTcp1qjvKpNuTlKW7d78yva/TZ9bn9OqnQpOnS5Y0qFNLlo00oxhGKilGMUkkk2nbqvJs+lvjx4U8C/DnwA2k2Wn28Gq6jsW1MuGumbaPMnP3XClug6DvmvjDwV4fub3V7AT4FkrrPeyngNb7kMoRiT8+xSBgHknrnFP8W/EPWfGVyl74hvpNSvBIxDSOWSBM58qNccDGAfb3IrT0LxTbWNvPM7IrLCUjiIHznBHTjIzxjBGOc8k1zwhXp4dwqS5qkrc0k7ON0ulktHdXuk7qy0uEJ4f6xGpdQjCzabUdIyu+ZarS1rN+Vtj7W+KnxO+Dsvw20jwH8P/B8GnXkTRy6zr9wALiaVVUOEJG5g7A/Nnr1yevz14f8AGEWjWotLWOKWXczLlRtKjO0s+cbunBJ5OMFa+fNT8Wzyltx+VixEWfurk4bOBuwp3ABeMcnA4oaR4mW1mDyNiTLEsCZARy2ACflB+6QQAOxyTnTBZVCjSs3KTnJybnK7cpct223btZfdZJM0xvEKxdf3uSPJBU4KMVGPKkui0be93r3V9D68f4meKJtOeVWnjtUZgWhUhVCEcGT5h0JI49z2rgf+EpudWaQSvNPcyOWLGRi5Xd6Yxg5+8SCfmyOhrpPhB4kPjq/m8KvZW8kV1bzfIqAuy7MB8r82R1bHJAHAxzz9/pieE/FF/prIIZLN5Iwsibc8ll2AnJyCoHbqeeDROGGpTqUVGMakI80Vy7xdtr6Lazd0tdtLLyMXzypKvGcnGVk21o2lHa97tLr520W3SaEl9C6pcrIsLAy7i5LbuNoPOfl4yMgkHaa/ps/YT+KdjpnwD8L6XZSwwatpE4ElnGRGCJ3ws90xPzlge5yFA9AR/Mn4c1C5v7+3gUhQZgzGRN6kqVZQCc8ZwQCcE/Sv0z8MePbzwH8N0utClnt7q5tViuJJpDFHHcMCpuIuQC0YIIXOQQVJNfxp9KbhWnxnkeXZFpCpicdTnS91uCkrJudrOy5k1pv06Hv8EZ1LLcXWr35oqk4S6NXlB3TuleN2722Wmmj/AEa/4KVfGPwifh7ZeFvE9xpWv6zrCQCKFHSSLTQxLNLP5bsFPzYBJycYr+bDXfBunW979ovJHv7SR5LiFLdD5UKkkouc5KovAHI244wc19nanqek+Mr/AE9vFHixPGc97q0P/Et+0ZkMxwSshdmKRI3yEZAJyxGTXkXxC0nTItc8RW9/frok+m/8emn27I1qloyArEXU4eQgfKOoJzk8Ct/o9cJUfDjI4cNUJ4qrVlVliK9acHGlOrU5eZUYys4wVtHs9NdUjk42zqrm+N+tyUIRsoQjGUZTcUlZSu1FyerupJ7pW2PBtR1zTIrdI7URWg8tbTZLCAzQkBZGHyjOOpb1PXnnxG4htND1xb3Tibm6Mr3ELYAgRT1+bHBB5x0x1r0K401dV8QWkEkguIrjbEoiO0Rxg7TKT0BA5I45JHQba9Gm8FeGH1dLN7dntrW0AYsyo0bbeZC3UqW56Z6Y61/WNPFU8PycznJzipSSu3bTXtHpa2uvofBOrK0U3e9kt72lbdapadd9FrqzlvBXiEeL8eFbPThJq+p6hGb3VLiMyCKBMGQKxGE2bflJAGF2juaufGTw5ZaBPYmK7hSC3X7FKcKvnSRjBkzyNhYAcegPsPVfDEPgf4b2+oXsKT3V3cHZJINvAflI7d+SqgtlgDj24FfP3xb1KLX0a5l8zzGUtZwLIWURF8rk9pSoXJAyTx9e3CZhCpUXs040tFaScXd21vZu1l7uuu7eh5/uOpFxioqKt0Seul1yuytHzbT87Gr4R03w9p9taXE97p1yt+7STrcBWSMbSQc5yGUNuCgAZwDk/LWZ4h1/w3NqkkVsYoLWzDxxXCNiGV+Q2F6Y64PABAxxgjwF5pre0lCzXKJEBi0y5MfABdzwAuWOTx0PXHHILeTSCZJZX/eE+WrMQo5IBGDnacDOM84zz19ppyfNzSt0V1pttfr1fWz6HZyQfKlGLlZPVauySW99Ha6XXqubWPtt5r+XWS3jeXLbI59xKsqH5VVFXaQMYPGCpxnAGfRvDuha38Qrmz0bRbRpJpkR5wF2oGRRgA8BRkHgg8ZHQ14boeqpaxW63BXPlhEiKgld33mBOcf3snnnPGCa+wfhDr8n9l3Gm6Qv2S9jQzQ3YjBuJcjmJHTa/J42gsOndhXz2f5ticswdSphYKdWS5YubcacXKzTlbVRV3fVrRdD5riHHRy7CurGMako2tzWjGLbTu5LWytZ7920b+jfATU7aO5h1Fml1YHNpaLHviCKpZmdx8uVwccnHb0rzPVNIubO/ubVNOmuhYHFwqQuu2ccBmABKgHIJJODjPFe/L8ZdfsriDSNatJtN+xvHvuGiaG8uIF+9l3UON6gkYJLnH8PFfVXwf0PwD40Gt3mnyWdvc6tYrvn1GOOWea5ddnlRwsQURXYjzBkBfm7GvyLF8W5rg4TxWZUXUp1EpQlQvOktUrp62va9tdN2tz8px/iXVyKjPE5nhnUwiipRrYSLnFJu0b6NJN2baeibT13/NfTfCHibxCZBouj3d/KyhfItoXlczbc4ZwAqYAPynkdQAM4w30zUvDl7NDq1nNZXR/16XUBRogDg7Q2M89CCAM9R1r9edUtp/hbaweG9G0nSrOeKRbvWNUtI45YTEGVkQSgbjcSqSMZBOCAOePln9qLwJJdR+HfG89xIZPESk2sAtzEi28ajaJEG0EyfMQSeAM8jFcOTeI6zXNKeCrYeGFw+Ibp4abqpzqyik9YqyjzJN8rV1ZXurnl5B4z4DO8+w+WThSoUMbFvB1JV3KpVlFJ2mrKMVK2i1e1730+EL7ULYXReWZ1UsxjEWQVG3lZByAG6FgDgkjHTOvZavdR2qRIjeWVk8hjIxUburkEj58ZIJGMjIBwM5t3bQedeRugQqSP3gUquDwyluozgDuTgA55rGjlkDCFpCFeQRxjzMCNQchuOMELxnr1681+qxpU6kIyWsbJ9E3pHd6vS2iVvVqzP2WNWnXXMmmny6xW+i15rtLXsk9N9FfpdPka5u5LUTGS4nk2QsAzESuACWk6KFHDHABwBnIr0bRvh9Yi/trnxH4jKxqhlltkk5jbG/YWB6Z5YsMEZwMA1wVtdWulxA25Vr64ZcvJyYyp6xsMckAZxnsoBJBqxqfimWKDzJQkkxjMMhBxxjgg8HjP3sYPTCjCjmrYfFVHGGHaoU42vJxTk9YuybemiteyavrsjWm4JWktG1ZtJtN2ad1q7aaab2vdI9B1LQPDuqXkUdxEq2VuWaCcSKZbiFWwzNjkFgA3oQf4cAVZtvhl4VjkbUI9WSC2uwI7a0QhmJJ+ZZTxgEfxbRkfdORk+J2vit08tVmEzEGMLKDiJXPONx4A/hIwTye5xdt9U1trmT7Nds9qRuBaQbUT7zBB0BGcAYz8vfPPrYaGLoU6blWlJr3Xdxbe129OvXotDaE+WaUJzu+q5bpuy5m72s3pa91puerfG/4S+HNK0LTvEHguS3ub37IkWo6dBsZi4Qb5AAT8wJDElep5ZShz8d6XoOtXuopBDFJDO8nlkyKQkS8ZPPQ8nJ56DI6ivotfGV1YCe1vLyOWC+VYy6nc6gD5mJJxkLuygG4DHPXOI+t6faR3MenGK9DNvkuJwFaJCME7wAe5wN3QY6E59eOMrQpW5FOS+F9ZL3Vez95pNt6Oy00OyjUqRg43U2lpdq/2W07e9rzXvZpW9L83F8JNab7Hd3ji4gWQAFXLGQl8kBQCe2DwAvrwa9Rtvg3OsS3gdLEYjmlAmUuETLKUjBUkjHI9eijNXfC/xV021RLW8ngkSELHAohDKxLAEOWIHXON3IOM4JwPQbnxDYa3Z3DWDedfwqzofM2R+WVJRY13YGWAG07iwGMDIz+e57nHECxUcPCiqdCUnH2qpylFWSSWji3t66q5+fcVZjn9KUqeGpKNOUlHmUee6lJK2mumjWl7bpj4mtvCekSW9hcPcteJ+9SZiomKxgtKycg7WAOcAdScdTS8Ea/qN/rFvDbTIr/aI0SSROI1kfZKpJ4ESoSQSMN165rx+917V7nUXhu32SoGhVMAlWYYRUAJByPvbRkknJGCB2Hhm+l8LRyxTXto99dwM8RZhugBOShzgqwOeBg98nGK8rD5TKlTnVrt1cVW/eJpWlJu0ndPom7O+uy3PxrPuHMVWwWJqVKbrY3GaqUE04ysrtrS3JdvXS+z01/RHVvgP8MvEHw51TxTaa9Z6D4rtWS3v3edJ0vZWQSZECHdFHLnG4ggFgDwOfzL8RaadKvtTt4Ylf7JJLA8mAoKHI8yMAMcMQJAw4HzEDuPdvCnjrULCwvH+1Ldy6hE9utoz7w0hQgSAPlCAeQSMjhgRgY8a1+w1QXE+passnlXqsxkiYMGUMdwYDAHAPIJJx7HHp5VjanOqM+SHKrcrb5m7q6cpbN7tKPo1dGng/hc/wCHKtfLc6zmrjqU6rqYOjiuWNXDU5tN0VNpNxi9k72VtVoed+GIJBq22WWeaCMGSVo2xs/jVBxtZtwB9z0z25zx6viW11WWezvbq6s7iH93GkhHkI2AVlUZKkAY7Y5B4zhdYmnhlkbTLx7ceYNsYOx/LKhd4PdWXOVweAeDnNY2mX+ox6mn2id7iKU7ZGkcOrIW+YBSCM4yDk4HTI4r7ClQfMsTywlaCXJKMXs1dpLbrq0rto/rPB1eanB6bRas77qOujd7aaO19LrXXM0jXPFdtYyJZCeVpSVdz5khgCjoGxnJIzgEDnIJ6VtWGs+N7uJra0tbtZZFP2mSTeVkBYAna3B74GOmcgcivR7TW9MtrgxW9vHiIBk8uNVPmDnZKAPmQnAIC/N2/irp4vF9vuWG8tba2Cr5hdIQskj87RjBIxg/ODn6DBrmr4i7tTy+m536pRe6s07tq/dry0tY6HUlGXKtI2srN2veLstNLt2btvvc8L1fTp5Vjg1fRZrczSKksqxld4U4ymRg4Jy24Ef72QaF+GXhe7uYFJvP38YKRbNpGMEM5YgkNgYyVyeCcHj3WXxNYatBGHFvLNFJ5aRyRKNiZIBycgnAwck5yc5ORUNzDFDB9qS4hadRlAiAERBRiNMYw6HGCfmAwOoqVjMZGPKlUw97JWTa2V9bqyWqelkuj65OtHmakmrbPlulzWav72tne99rNWSPC9f+CNs3lzaJerHG+yNra4x5iscbskAcKRxg85yexHQ+EPhtZ+EJribUlOoX0saCEbBLCgbnftB4IxkENyQeuOdZNTiEyM8s8jszkhyWUHLEcYXjIXBxjngk5rUstbumjk2xxtLvwpJIURA44YlQTwP7xDAHnBWlVxGazoexlWvCaam0/fatFqLa0V9bddDzsRiZpumpPXVcusnfpdctl2WttVrZG/rX2u608W4jMcEMYEhVTFvbnyycH5kGAXGR05PC15neaDrs1uk91IgjVjHGyyBVEanO1gMBSB03AZAJyK7a88QXOmxYuZo1hETPmQAjLgfIp6HnPJPyg5Jypz5nd+NSkM0wlQxSOypEx45yGJGRwQM45wPfpnl1LEKNqdOKXMk2ldvVX7e9q720117l0vac0XCN1b3nrqlyqzd99HbT5stLrYsbby1cIkb4UsAHaQKQf9raQMhs4IBPuMr/AISC/tgz+auZSWIZiw2NjkZyAcE5GB07HpkteWOqxSyTOsR+XbGu0B1HzfKRjnJOAPmOehyc5W2LzFYzfugoxtHOc4yw6jPoG+9kjjivoKeFpyjPnp2lo2rO1vd+K9l0vo3d20TTtu4XlfVNqNrXSu7c2/bV6a2ez0T9x8P6zcPavFGuEMRmlAOWwM7zy24ZDH5cZGTkE5rYs/Fb2VzFvd2gSbG4vuXBxnKEkEL0cfdHJzya8SsdZn0+KeOIna8ZO58EqxGMggjACjkNjkjuSa5x9WvGnUx3JMQJ3/N8u4k5IGMZx0zkZGR054nksK9SbnGKhJ6PkTa2d1Jet76eWzNouUXzQs9dG9H9nslfW/Zaatn2Ivj+Kffai8iIdRGFhQKW3YIU44HIwpPPA6g5rRj0rStR2vNZwLKiALO+DuYgEbsj7xyADx83HXg/NnhHTZLx0vGnZmG8Ki8GQjDAluQMd24xjGVIzX0bptpcm2him2w7hv3yPg7QvC5yB6HgHjn7pNfMZjgqeXyaw9Rxavd3tK2jste276Lr1OqjKU2lJXvpu2naz3aejWuyV736m9Z6DcWUKlJohEMyKhAYlcYwCflJwNpB4wDxuBqB9avLVo7cwMqMzbJVVmkznGFByFHGen3cGtMytDBHcT3VuYoMLCqkEEg45GSSeMYORzx0rpdNvNIaM3kqGXcrBQVVlWRk6ruG7Ctk5znHqTXiOo5uMpQ5m2veaSeltdbNJtt2d7LWx12jBO0le0dW3fltFX0emu66pJ3W5atZ7W3tYpLsK1yUSQ3TxhsKV3BDuBII5GAQc4yc9cTWNY/s6zlvkQskod4irBZGdQ2xeSSE3feXAU8DoKyryKUxXJTUY/IL77ePeFXG44RmOSG6AjkL/D0rjfF2pDTNKMT3UcwZVeVS3O/kBVODgD5SAAN5wecEV6OBwbqVKcpXfM4NJrRptaJPTzbv033Mp1ZqLakraaX1UrpLW7Tuua9knbW+p4F4nsPGWv3U2sXWl+dFHcSSSMB/pLx7sxgKADxHgA7cMRktzmsPS/FevaLIBJC5WyDS2dtdsxETHJ3BG6lTgDggAccdfeNC8V6ekJZi0jSbVdyMsEKjJx0AV+MgZ4zkEZNLxJo/hjxPDbTSRNayrMsL6miBEYF8hMAgEnjquT6gkGvsqWLpRhHC4rCOVJqynyp8uiSTur9bryT6JHz2YYDDY+EvrEY1UltJKXK/dXVPXV9fmrM7X4b/ABIHizWNObxZeIFexaBreRc28WxSitEoICysFAU8g5BAFfrx/wAEmP2c/hd+0F+1x4d8C/EqCa+8FTyXmoPbW04U3DW6u0EF1JgqsZJG4Ee+Rwa/Di8stO8LzxWmmStdbId9wWcCXsFZMAnGMMATyep4Ff0Df8EGrySf9pzRJ0jImtdKu5PMJLE7lbaMnJHTrwD178f2p9HzB5dV4M4pWGwkaGPw+AxuIweNUV7XDyjQVpRdm1OL96LeifR6n8w+JeVYTK8dgqyoxeErYnDQr4WTcadeMqkVNSit1K/vd7/dJ+3n+zv4N+F/7U3xR8CfCK1aPwtolxbX9laRlYm012RjMFlOWfgHa4xxgADFfDnxx0TW9f8Ah5pGqa/BcWraCGs7ENCxk1OzA8tJpJmdjIyjkgA5ydvAFfp9/wAFCtStLL9sD4kf2hM+jWd7LaRX+pRTlZIw8bHcy4wVOMkdeDyBivgjxj4a8V+JdMSLR9TbxTY/aJLTw1pylp3uBIdiyCJQdjMdpDNtQZOMDr+x8a18jocCUcvrxniM2zDLMK5zSXvV5UaUnOezc5ybd0tbt37/AM4vPFg8/jiF7Olg8Jj6sqb95Ro0ozcVT5rWUFC1+itq9j8kbzSri2vfKijMqXMzGNCNrqGJAUjn5gGwF2+pwSKmuNKuNH1O0i1K0mRDFua2kjYBtwyrZxnIAGBz8pwRgZP2L4i+BXizwv440Hw14v8ADV7ofiHU5YZbO0u1NvHvvHVopCz7VSIlgePlC5IPXFT4p/CPX9E1/VIvFAszLotpBGzQjzFCmNWXyHj+WQ4wNw6kcjJBr+KsRwriJ4TFYmFJ2pTak3C/LdJrmb1T0TSdt7vpb+gst8Tspq18vwc8XQccRRU4TjUi1PlcIvld7OzfvWbVl9/xvLDAlxcsqM8UqZUvhBCzFjsUZYgjAB68+vNc9c3KW9zI1uDDHGAzEr951Izk5+6WxgYyQCQD/D1PiPSbixnupFSVoJA81qRkKR8uWKn+LnlWBwAAcDmvPryK7IjkJP785lD4GMkcbD6DlcDkAjjpX5jiaEqdWcZys43jbRtaWdtXdK9+u11oftmWrD42jSq06kZRlHmSjrdSUbrfVK7emluux0WoTLrNvai3JkuHU/aI4+NigYDAfxcAjHckEHFcvcRmGFbV49rFtu5gA6FWOVbODk/dycHHAxUkNtqGmSi7jfZH8rRszY+QghwU6YwQB7dMEjL5JDMpMikb0fe0oKkOcH5XPyguSMDjI5xxXFGLpTUUlKLWjXxK3K7dt7pW7vzt7uFpRw2kW+S1k23zN+5fW7Vt1prd+emLGYkmnSSQEOVRQ+N56gnJBzxnpySQOACRpQ6ZHO8pnUwW8cRKbTkl9o7/AN3JzyuRzggsKyxFa3F0glleFYlIBUbvMn5IBP8AFu4wDwPUAgVck0/U4cP5jGKZlHliXPGcAMvJ+6QD1ABHfp1zhblaaTtq9HfRStfSzvbs3rKx7tComrKPS27bVtdLptLVaO7dna2pehsntUtrkIBANzOpYFpFU5+cc4PTHQAgjPGK9R8KLo0rNfatbySWtxG4EKkFFKgKBJ9SBt6/wkVwFos0QFs6q6y4ibIyiKRk7WK/Mc7skdegxxXVSpNodpBDd2ypp93J5iAOBKUA3MTkHapwTzgEHHBxjzsQ1UXs1Llm9VKKabUUm30tdJKTvb0R3Rtba9rXW9mrO6STV9bP1vvZnTaiNJij87RrM26qrZMfMQVtwA3YAZsegz9BjGXZX0PyxXixlmcCXfGCSjFiDnB5ORjgnOTk8mtCHxPpFzb21p5AiggjO1TjzWLk4DMow5PUAcgZy3y1lae1m13cPIhXEwGG+YCI44Q+oHToQDgknrjSpzjFx5WtuWUm7uyjbvfm73Wl9tSlCy5lZ7Wv0V1vffpu3bay2OotIJUeT7Eq3Ec8Tr5bfKsK5JAHXB9OnDHO3gjNjurrSbxbdhJGsjeX5W4qDv4GBwQB0z7exroNO064hS5u9PcbJ1kTa53MoUZXC8AEjv7Z5HTzC71a5TUdt6GAVnjPmHMoKsQuBkYxg4HJHfaMVyRhKrOpFqM+W1uZXd7rRPRectdHvtY2hUcWuW6a1030lG7i9lq7u6/CzPoTw5rF1p9uI5Vea1aXa8LPuSUS8cpzkDgZU5yR+HriW2mahYy6RbosfnwGaKBlUziYruzCxGTlsE+gHWvDPBFtqXiO1httFtxeyozkd5ZSowVXP3j8uMc8qD/vdrbjxBpmpRz3mnX0F5auIX8wEbFV9rAD+6AMnnqoHJArHDqpharq8sYxVvd1im003turpKye3pp61CdadONm7aXlFP3UnFNJ63Wie6ba0auel/Bn4teMvgH47t/EnhL7Odb0uWN1N7HgsqOBJGGZQpimjBjZGDKQzAqSSR+m3jnRPh7+2D4Mf4v/AAj0/SvDHxq0u1MvxC8BQyxwReIHCB7nU9MtVKhbkkMxVBlienLV+b+raZo+q2EZVBLfvEs0dyiYuEZkGUnUYJG447nJGSM7hF4F1PxJ8N9ctdf8O6veaLrdnMksc8EjxQXIU5WKcBtsiSYAcPkEHkdl/QMnzChXpwhVh7OTd2laLSfLazsnbteV0tLWNpSnCTbbkul5PRrlbVr33Sas76XXW/eWf2iweW0vreSyu7aeW2ubaeIpNbyxMVkSaNyHG1h6dOQQOa1h5ruHyqpkDoCDtyAewHGAeSRyRzWp468WSfEm+sPE8miHR/FF4AmvPbBVsNWuFxtuY40AjSeVRiQA5YkkEAisG0klWUwTwTWzREbo3Rw/mdgR0xgEkDqpPJXcF+g9x3UZNxXKk3o3dL1u903s0jCU1LbRPvZtfC7ebtzK6tprZXL7I5HlhULnLluAMAleh+uDwenQ4qiJHjDMMD5ipBIKgZ9AMk/KSCMg4+XjkbDTRMVDlVIXO9VxuORgE9fXPGMkfe4qveRF9wjCmRQGwCACOjE88tk5ABzn1ytS9Lb2+d7XTTvs3bTrstdCXd7NO26620Sf3dNfVbtE1iK6tHi1NElRcrC4X94hJ4bd3OeO5J/EVy+rQ27J5kQyFGFJXYrqcKSQG5O0HdgHAXJx1ouoCjcOEXYzEsBncMnAA6c98Y78GsHVdbs7SKJrt43Lh0WMHDjII34zjp2xtB46V4Gd46lluHqYhtJqNkru7lpZJa6q9k7amVSrCnBupLZK61unp2V+qsmlst9beUfEnxKdFaKPTp90pjBuHDALGrZwoYdz156j7vrXzT4o8a3moGFHneJEfaIwSolXueMHAPPGAeAM9+z+Ld3NI7XdjEwtAoaSRmwrkMcA8sTnIOM8cE56n5Z1XUtQurwtkRBI1KJuAUgjG4Ej+6Dx0I9zkfnWFjDOJ1MXXi25P3U3zJJpWSWmnlbe9rdPnMRUnXnzuUnBtJXvqklezVrq0dPXRO117nPq9ndaTAtvdTTtGxafBbcePmDEnhU5xgckgHivF/EmrySys0ck8kKuQUYnkgnIIB3YABxgYzkcYzUktzLbWFs8F2waU5dMfvJG4G1F6mME4JJ7kY7Dl/sWqXqS3LloxvJ+aM+WFIYAnBwdwyORnOTnjNerl+W0MPUc3Ze8mlZaP3U9XrqtLWtZ6XuZQgnrNK107fE9o6Jy1em6ba3tsjjtTuJruYyAyAFQPKxuON2TgrzzwOc9Txg1v+H9Wt9If7RfWbl1DLGXU5TcMqNpAIJyR0zg9eoEFpezaPOblrZLkqzK/mqHhIJzggrwQMHjnjIYV28Os+H9ejRNRgihm3AeXAio2wLkEZ4ODyT7457/AENSrywUVScou3wWuvhtpa/RtaP9DvbUYpRheFr3T9Pktnovwvo221uK9ClpIYbZZDLKhQDgkt5TBuGPQcZ4OCAFzXN+IfEcN1ctFaMEtY2XAiABdlwMBc9Bzk8EkHPatjW/+EdXTXh09it2smyJMjf15d8fLnGeuSCOnTPnUOnLDcp56u2AGLAEq+44G3cdvBOD16cZ4NTh6VN3nKEk7LljJu60V7rq9LNPe3nYmK0k7tLRRTuui1fVq7vtrpuaNnDeXUnmoXa3DnMYDHcGIA45AIzjJ5HJBzmvoLwP4W0+0snuNVg8qfCyRXDKJdiPypDZGGAP3sHDE54rL8N2um2GnxxxqDJequJZ1DJFIcZJJ6AJnIx97C4ySDt67JeWen+dZXf2hQqxzKGG0OM4AUYGCpAH3fXC4zXk5hiatdvD0m6ak+VyWspK6vyu6vZuLS7u17XRk6kpLl+Fp2uldva73S1STSXfdM3tS1q2tIf+JbLmUD7Ovlj94VHHmvyMZA2gADgcjnNc7PpWlamgkvTK+oFkd/m52HDYYjjaM4OcEYG4EDjzqW8na9jVHeMlPmkZtuGbkgjHIzwDgHHIJySYRqtzbODLNvPnAcuSXxnB2glgvIyABxzya5sPljo070ptTteUt5Pbmbuutt9ui0IcG29WpaXa2Terej0fbfa1mexyaFY6JGU0oC7S4hWW4ZsP5bls7UONvAPQjJ/vE4B3/BOiWOoXE9oJ2jvpwHgJDBELclAcg7m4QHPzHg9Wat7w4NMTwrLNcqGa6SIs0qgo3yhmCHIYNnlRk44461BBqOipcRCwj+yLBJGzTZKy7wQTxgFwcHjjnPHJrwMXi8Ry16UIN1Iya538PTomr637X6va/TSnGKgpK7Vnq9NeVtbc2ru0ru/V2Vl6T/Yt94dCWN1YTM2EkiuJDuYQ4DMD0/hBYLnn86o+K/EXh/UbaOxtt9uwiTczt8rXCnBXJ7MQTtGMEcnNef8AjL4s3yTx6TLMHkkIEE8Q3OYVUIEZwThmDBQCBjBz158wtr3UdQvYoZ4JBbl3kAAzLklsEkYJY5yG5/i9CR5mCyevWjHEYpxU2oqDjdJfC+ZvmvG6etrO9rtbnVVrxUGoWV1ZRS2s4/avdeb1u9Xvp9R+DNf0nTrK6N7cI/nwm2llEal48KQrRnAxtPO4Y6sCe9eqHxvLbeHNJ8J2epx3NleXZvFExdw0p2mN5VLbV8voDtHGdxzkV8OSeLEtYv7FnV7OUSYWV4zkRg5O85wG/iyemAOhroLDX55bOWK2uA7wKTDcB2ZpSOMdflxn5sd8dhXJjeFvrFd4mc+Z35oXXMlrFXtK+vNbda9DXB5hXwsl7KU02knb7SvFu/vNu+i5mraJq+x+1Phn45/C34Ufs7X+keF7fTtS+JOu3wGpXk0EU95DKV2SXFrckboraJSypGCAwOcjAr5HtPGssxvbyS/ia6uJ/tEkjnkM5JdFORjqSR69D0z8WaPrOtyQSxzs8rrDvnyjExx5U7hkHIPOcHuvJIGfXdN8IeOtYtNJuNO8Na9NY6k8cVtJDaThLguVKsrFVwrc7WbAweCRnHgUcjpZPUryq4y069SVWc61VRlrraLukoxT5UuiW3f6TE5nmOcxoU1h3KnSioQhCMkk5Nc0pSSSm5S6y10SWmh61q3ji71BLxJw08KRmOJd4w3TLDJ5453EkccAEV873OqanZ629zBMhXzTc+XvBiwp5R04DDjkEHJyRwMj+hL9kP8A4Izah8SfCNp8Rfjv4w1Dwp4e17TIbnRfD2kpvv1ikAJl1G6B22zMMfI+DyxOCCa7n9rf/gkZ+zT+z78LJ/H+i+NPEFxrDXNsIbfUJ/tllcJMw8m2iaPIE8pJ3PksMEbcjiMJx5kmXYuGCeIrVKkpwpupTjKdNyqSUYNTWlpW3V9rvXU92Ph5n2KwtPFunSpp8141KsIyUVZ6wsuRta62e3Vn84Pji40zxJ4UGr6fdLb65bYju9Mt0CLJk4EjEA9CMZILc457fHuq6VqQk824imTEjO3mhlBCngjcOjH8CB34r+ijwR+zF8ILqwmtNW0SaGTUYIGa/OVkxImMxA8qGBHXBGeASAKyte/4Jx/DPxddvFonjC90mDa21LuLz49wBPLHBYYPPPYjBOAP17Lc9wuKpJym27RUbq+mm93o7X1s/J9D5vEcOY7CPlkoNp2dnZLZbvpf9H1R/OcYriTJ5EakMvLEAZOcDHJGeQPu5OOnLXQl9oJm3qEBB6AgY5z2yeQMjAGARX7teIP+CPfii9uUj8IfEbQNSEhLxQCIQzOrFVWNssRuywGSVwc846c/8Qf+CHH7WPw78MS+N9YtNAtfDgsJdY065/tW3kutTtreMzSpBApBSTyx8iHljxgjk+9QrUK6bhOMnZXjdJ2vF2UXvbRbvdJdEeTVweIoTfNFpJpc100n7uuuiv0Tst7tNn41eFvDC6vq9rpNzfwafHdMFknuTsjiU+rk4DEZwSM5xg8ZruPGXhfRvD2oW+naTqH9pwfZg8lyiE7Js7WQlchgCMgns/XK4rk9fsrrTNRezdHEtjdz2k7A7GWe2kaNx3PyupAOepJxg1t+H7fVdf1Sz03T7K91W5mmRILW0gkuLqaV8DascaszKMckg8HHBxhVaMppcrfZLq78tm0+3TbT5kJxs01dpq7trbS97vppZJ23TSO6+Fmr6j4b8T2d1YyFxZgyXAaVo4WgA3Mj7c54GBkEY+9kV9Pt+0XqmnXHiC+0uGzk8yyaFFnlWZLdzFh2hjbI3cnnAIwTgDryujfsf/tQa+1vLo/wm8S2cd66CKe4tWto2t5CuGO4NgsD8xPTOPu8Vc+JX7IHxU+E/gnWfFfj6DRtEjgSKNdLOoxtqt28nDFIP9Y4B5bauAvc5Joo5a2nUmpJRtdaJaKNrXWrXXfTpqj0MNmFbDwlThJKEtk3Z6xTdra3Vk72fy6858I9A8E+O/D/AI38ZeLXvhrWmaj9psLSzV9s0rStLJPKdpDQruwBgAAfLkZrY+F/xtTR/HGuT3cRMK27WWnIQQgMR2Qu6jgk4AYcFcjBJAJ83+C/iNNF0PxFZ3Wp22kwalbtHHDModpUlzHIEzzvKngDv6nNeZNt0rWykU8bsb1nQnaP3JcsjMTyeCDnBIzg89OmrBOmoqVm1qkklp8PV3s72fKnbXUyliOV03FRu3zttfFdR8+bSTdnZX3ejbP1M8PftQ6FPbx+GvGq2cgu5lggkMXyRxyn5UkOCq4DHDccg55Wu51Xw5Jp/keIvAl3MbWVFuhDazMHjUqH327xNuGwg4weMgEEDB/KnXNA1W7uIdUtopryJgN7QcqrbQegOVK8gNkHA7Gvv/8AZJ13xUljdWuvrPLoscflWiSEyPC5ONjBhkqR1GcZOcHBNe1kHEWPyCpSdKtUdNzi3CUpWTXLdpbJNNarbqlufNcScHZJxthq2EzXL8PXU6fL7SdKLknbpLlu7W3TcWvW6/Wj9k//AIKpfGb4Dw2/hDxPqK/EfwMAkF/4R8V4vQlkDtmht2ulk24QMoGCSCFUHCgfpDN4Y/4J7/t/2j6t8Odcs/2ePjXeQ+ZJotw8cOganqTAkq8LskQEsxzvUgDKnAxur+c34ueE9OtZ7bWbIiyuL4lgVURbnwSAyjBGWzz6g8HAz5Jovj/xF4OvYbiSS+tZ7aZXt9T092gkV0ZdkkcsTAsI+CSDjIIySM1/QuT8U4LN6NKtWc8HiZxiniKLSU7qF1iKbvTqq+l5R5rPSSaP464s8Es44SxNetw/JY3L4yc1l9eN1SV+a2GrRftaDSa0jJRXWLR+wPx2/YZ+OXwPuri98U+DpPEnhmIuLLxn4VibU9LmiVm8mf7RaGTyHZdrMmfl74xXmngD40fEX4XhbbTNbvL7T4XAl0bVi0sQhUDdGiyYaNiFK4CjGe+cHf8A2Xf+Cr/xt+ELJo2u6xB8TPAM5jj1Lwx4pKaij25wHWE3CyGJyhK7uuScYxz+rOk2v/BOP/goNZR3Hh/V7P8AZ0+M1/Au6yuJ0tdCvdSdQNnlkxRymWYnO3A57nFehnWSZJm+EcM2wFDH4SpFqWKwtFVHFWT5q1BXq031bpc8Va+iPA4U484l4YxqjhcZicqx1CfuYPH1XShVs4pwo4ltUajbWkavs35NpM/MP4xftDaB8a/DukaNqGnR6LrdrqFrLJAAHgkaIhNwkCjygxySpyeSOMjPQweEbi80i1uLA291CLSJ3iRUYFzGMn5N2Dxz13c4Fdj+0f8A8E1fj58DGm1ufQB448IfNLYeNPBy/wBpWj24yYZ7gW28w/JgkEYAOAWCmvjnw/418c/DdnistQutgmKzWd7HIVGxstG8M4LRj+FiOhIGM9PzTO/C1Ry2m+EalCVGlz1I0lPmTT5G47NwaatyyV4vof0Jwl4+YDGZk6PGXtcNjKyhTlVqw5E7csefopp94OS6roe1z+G2tRIt1YTQFZFJYK23HGH3DjAPTIxxk18naLO9t8U/H81tM0Yto4YwuSyPtBzkcA59c9TnIBr7d8O/tB+DtctItO8Z6f8A2VeT7Q10oV7SQ5C5PaNSTyOeSMMTgD5b8MaXol58S/iTd6fdQ3Vhd6nF9kkjYSJLbNlhsBIyMn8ATznOPyelRz3KcVVpZngK1BUbNSlGXJNJxT5WlyyVtVb56Ox+9zxmRZtQw2IyjM8Pio4hppU5R54aJrmSd1ro9l8mRxeM9Qmk/fKzojDcpztKg4JxnKn0ySfXOam1A6TrUvmAASsiAcYb5QeCOQwIHqOSMjoT3V94Atbm8ES25t4JzkTxnBwAeAMkZJPIz3Oclc15B4q8L6jous2+lWjuzSIbmKcMR8pJOC2f4eAOQMdPWuqnmFDExnGStPm96LSWzi7vRKyWr0s77Oxy4nLcVSqRm7u3203pJ8no767bO7sdtZ2dzpkkUtvdXEK7QgELv5JA5yUJwPcdcYAI4rodQ8VW9rpryeINTlg02EIBcooMsD8jkYL7SRnbuzngZxurhbXUtYsbcxXVtJcBSP8ASACSevQkAnP3eR37YBPjnx9ubpvAN5d6fJNAwlt/PjJ2BV8wH+H7xYDOcbgRzyDUTy/B4venBuyd4pNpOy1tuk7N7Oz3a3eBxWYYaq4qc/Zt3aeq5XZJpK90tHZrVdVqfTHje+g8Q+GbKewv9I8SaYuniaK2lZINRtyMbZFRjud0ABGOc5PvXzD4st0n8P8AiOLTYZrW4vrJFaG4+6XA+8SScgE4XnGQcnpjgtOk1G90TSlWe4SVNNhYPDM8YYbFbC+XgE7uGBzk9CASavRa34mSzmsbhI9Rt5F8to7oDeqZ6JIADuGDgk5BLdSK7sFlqoOHspO8Xd663VrpdtWu7Wtj0sTjfrFOSnF3cUm+a15WV3rfV3s1ba2lm7fDfjj7Zov26w1C2mW3vxZqGQ85U/NIhHJUAY4JyRjGCMeg+Fbay1NNDOh6pIEhktrOSKFys0ryOu8NADukbqAf4ckkenqXjPwLonjg2ii8l0i9sx5YS7USWrg5+TIGNuc4JbjGfSqvwu+F+s+AfFXh/UUsLfVLSz1uC9kv7dxPbhI3EgEkRBUx4U7g27JJ4xyeriB4iWXVnR5pTjQly8sve5l0um7e89LW73eh5uXqnSr03Ll5faRTcrKyc4ycbdVuns1tsf0E/BH9n/8A4J4/Gb4XeFPBmswa38OviiunC21TxDrk72D3GrNCpef7RMgjmtnkbMacf3c8cYHxE/4IreO9NsrjxN8J/Hnh34laKI3mtbOK5ggvmQ8wIiJLIZSAQFO0Z5J4zXc/Dv4ifCP4p+HbfRvHfhqw0i7VYoodSitBBOAsYj3xXMQjZI8KrqSxbJwDjJr6d8E/Bz4h+DrC81X4AfG6WHKJPbaRqOrPcWqH78aZmkkO3lVZQBwDyMc/5+5vxrx3wZn9athM6zXCU5153wmb0JYzL5e+rOniIpShFrpJ7NNN2SX9EYTKOH86ymKqYbCKqqcXz0rwqtxjG7fLZ+rd9vO5/ML8cv2M/i/8KPiFFpvxD8G63pF3dRtcRW5sZrlbiFGJDxtCjlkCjqVGBjPrXL3fwtXwtoup3soTd9jm2wPmGaKZ0YovkvtcMvK4ZQVPXkAH99NR/aK/aV+Ff7W/hXx58aPh7bfEfQl0uWw1K2ubGO58P3FogMc9xZvcRSotwEy/yLgg5UcmvrrxZY/8Ex/2xGktviB4Ru/gV4u1JmI1PSCdLs5p5eYpZGBEcgWQjcFjQEAkAV+7cK+OmY0lgp5/hMJUo4mhCcsXgqzlR5paST5k+R6X5XO21rdPgc44Aov2ksqjUqWavFqM3F/y2i+azWzSenQ/h08O6RdjxNaS3AZB/bsbsGXLDZNuHOcj9CT26mv1j1jxnHpPhXTpGTz1tJdPZLiQlsEqgMTcHnnpkdcjHSv0h+Kf/BCPxHqV3e+K/wBmn4leE/ix4UsJ/wC0rWzgu4bHWlRTvWBVaZnvJ9uF3AKSSSc1+YP7QPwx+IPwj07WvCfjvwN4k8K3GmXkUcs+sWU9vDLNDhWMFyUMUillLIwcAgBRgla/acl484Z4nlCngMdRlVlbmpOajVSvG1oO0pJNNXimm16HxWJyfM8rhKdajOMYxtz6tcy1XMrXiteqTW9zI1f4xT6XqOoz6NrDrNJbx3LqJmEMLleRsPAI+6Bg4z15xVzT/jPrGpS6NPc6Zbax5MsNwkeoQpcW084mXHmZUhY3YY545wAO3w1p1+l3rU7XF6oguHW3YuCrY2ZUcg5JONoz9Ca+hNAWbR7Kxs3hd1upIpLbdGQ8qxzhsI23O5iMAcMTjj5q/VeGcTSwmfZc+eKo/WIaN2UlKUVaze2rV7W0T03X3vhBj6lHjfI6k3+7+vUo1E23C0pqLum3pra99E1fTU/qE/bK8c6p4m/Ye+AeoeKvB0fh5blNDht5tLKx2lrCunxjCwoAqiQYkDMOT7EZ/GC48MaRqiNeaRO862/DTWE4WVXYA4kgV+WB64Vc9wDkV+r/AO2d8S5rn/gnr8INBPh9DeWvhvQbu1uPmZ7WRLeCHy3yBtd4yeWJbIyCMEV/P/4Y1HxNZ6nJd2NtqUEU8BkmitHfCSEFt5RsptBAPzDHX6H0/EnK8N/aFLlUaftYVakIwm6kOR1pOFTmu0uZO7Sb/lP0jxfxf9i5nTw1OjCiqs8bXp06dV1Y+zeOn7Oom3KzqJczTkmr2S6HuEuqeM/D8yR2V2bu2MjgwXcTCQLHwAc7gQT8uSeueg+WtrTfjTBpuIPEukXVmxxm5hDspzwXAAIUdcEDoQOnTjvhf8RNUR9Rj8T2aarAt7Lv+0xj7SsXzAKrYwApwDg9c5HGT9A2kfwV8X2H2XV2vND1G4SUGRE8y1RwCUkBblFJGCo5Ck9BkV+J43KoupGFOCmm9WtldxurPZX7/J63PyCjxLVpwjOVVxcbpRbk7u8Xa6vpdpLS9nukUtE+I/g7WCBYa9HFPLwsVzL5MhyR8uGwSOozz8wPOTx6rpWsXMUW+C880HG2SOYSHIzg4RjnOTkge/POPjbXfgstxLdXHh3UrK8hgkcROri3ufJ/5ZueVJdhyTg88HJ+WsfSPCfxZ8LpLc2U+sG2jyUZTJcxMAGwuRnjIxxwMcdQB4eLyKm5aOEHFq6ktG9Nb6JpO+v4Pd+5guL5xUXOLkuXeLs0nazautr6p2stvP8ARCy8dajbK4MrBkXILSOMgD0POM9cEnHTJyK8d+PH7Tlx8OfBvmwYn1rUme305RISm9xkM3UqqsuTwTzx1AHzPa/Grx1pEws9b0R7tASrSPbvFOwOecMpGcHPykcjBwDxwHxb8TeGviloEEWohtHvNKMrW0kq70SdyOJScZAxnIAyM+vPLgsgpvFU5V6dOdG6UpRs47q2iS72TV353djqzXi2bwE3has44hxXLpqruOqWiVlta2j3dlf1P9jT9qbxZ4t+OEWh+NL4Xdle2VxK8RYi2ieANsOOAVTOWzznHLYAH1HqXx+uV+KGueH7rVxFpX2+WHTbiNSI4VjJKgMGG5MMAeAOOi85/LD4PeE0+GXiuw8d2/iPR9SVYby3bTY7nybqV7pDhgTjai8bsDGOOnXt7Xx7aR61eX+qbFnumuigmfekbNKdrRy4B4JwTnPXOOa9fjLhzLZcP4NYWhSWJnOq5OlBKailBQ52le+jdt9rJbv53hji3M44+bxWKqOmo01epJqMm2nNK7ts7K1tVtZWf7EaLf63q6Q6pp+ox30fBLCUYfaeAAc8kc54PHuMd5cy6rdW0UGpaO08QJaR1DBWPIzuCkNyegHJGCBzX56fCn49WtnaR2FvdxxQwxZmKybiZVPDAnkdz0IGACWI4+qvDv7RsEcUCuVuk3bv3hjZGXdzjkA8cgdCO5HNfy3nGU5zhalSMKM5wV0opNPVpX6KWjW+i0P3LAcTZdiKUOevHmklfVSs/dvtd2slbZ6ab3X6F/sv+OPh78LdP1WPU5ZdPvNd1MXV2Z0YRIFZNgDMFxjAyTk4OBngj71k+OPgDUNPebT/ABDbSmBHbcssZVQybBxu6nsAR2HIGK/FeL45eAtdgS31e1sw2ULmMKroCcMRgA5P3TgqCBycZpNYuvBWs2yyeFvEk2jSSrhkec7TIOnBbAwSRnGCvzHpk/znxh4X1OIMwnisZPF4erWceZ8rcW/dVrJJ2VrJa231PtMBxRgaVOHJ7Oqocru5Ru0pRemtlt2enldr9jfhX8TvC2m2WsXGpaxY2YudTmuCbm5RCYWJZX2sQcEc5BB4ztBG2tPxb+158IvDMTvJ4n0++kUtGY7SeOQhu/yqx78cnHUE4+av5vfiLYfE+S5ex0HxPe6pEwYbrG7kBMeCMOEbZwchSWzzxjPHxH4p8b+LPCd5c6bqlxqCXIeQ+ddPJ95ByQXc54AyFODnjivFwv0SXnVZYqtmdZ4fEqPIoUbSVoxSSeq06t6tvXsubPvEXKqdV4mWGcqsZQU/fSirKMeVRXWyd72Wu3f+ufwR+1T4A8a+L7KystasoEuYJD5lxOin92d2xi5Xadp4y2T1GARt+hP+FneD9SsruW21yykRFlhG2ePYzqpGFOSC2eflGTkYGMCv4i7Txn47vrXwteaPrd3prwXkl5dyrcPbyTwnII4b51wCMA4J7ckD7n8H/tG6lpmgWVlca7qn7oci4nYR3E45JL7s4J4O7OR3OTU8T/Q+rZRh6U8oqVq1ecf3nNRburQsm48qT0bbtq7aCynxNyTN60HiaSwsKPs4wlGomnbl2/wu6d9HpZdT+o3wumkSaHDJA0LreSzM5Dqd6yMxLZ4LeuPQY4GKtabaQrd3MkZBiRvLA+8ApKqMDAOBnk+/sc/il8Pf+Cg9hpVlouk6zpxIt4oITdx3GVkYsoDMMnkjkHP8OSec1+lHw/8AjRpHinQrTX9OvIUsL+dekgLg9Sv8WTgY2kdAR6g/z7nvhbxNwniKH9rYSvHCqvCnTqck4qdpLl+yo9L6N217I/TsNOOdUMRXyjMqeLc43lTjUblTTSspRdttnuk3fyN7XdJ8H+LfjzDonxF8S6R4a8M6F4WXU7W6vniiaS8gnEsMZmkJARpAAyZBJyMD5RXnn7Qfjjw1+1d8a/hz4F8EeIbifwX8JNFkfxLd2jCC3vdUjjNvClu21fMjaNlOV4OMHA4r5e8Ita/tgftefE3wFqWuzw+C/BekQXLLZYjuriezHmm0SZGXZvkUZU43ElSBjDdN8HEsPCXxv+Lmm2g+z6bpxtNOtVlKrdRKsaACcqAzPlcc8tzywYGv9CcDj844U8F6Lw9WtCrPLKdNRvNTiqlOnNJWTSio7tK97a3Pxehl2DxvHV67lVxWBftKbdlBVINQbUldt8ye9tjmvi9/wTe+HPxC8X/8J3b3Go6ZcW9hFDcWdjKzf2g9u4KNJuyhVioDBgc5BPGAfy3/AGuPhFp2i/FOx+FtjZtbXep+E7f7OkcKRmO5hKJHK4HDSSKoyw5JbJ2jiv6aLXW0TSgiOXKxhhj5gwI3MOcbsgDHIOR0Gefxr/aQ8Ipr/wC2p8PNZ1nR3fT3tbS1iaOQgyLKQuWQcsASSMHHGB0xX81cK8S55jcbWxOOxFaccJhcTWw0JJyjGai3rduyWybV+ayWu/8ATHDPFOPwNarg/rEqdCrQlSrRg5WqU5cqlFu7S5U2lro72tZGV8MvhfH4A/ZK8XfDi80kyQtZTavql6MS/vJ7Z3cSLuCq4k24HHIxySWP5q+J7/U/Bv7LOqnwZqd1bXC+K1kMGnQPb6gsBd2bfcxsJFDEA4OQPugZAx/TXr37OEGp/D7xD4c8O/arGDxNZNbNdeb+9BaDaAVZSAgZuAOMYzkV+VeufsEeMvCvhq78Myyanrgiv5dR25DW06CRnjibC7WIGAMg43fdw2a24I4oxFTF4ypxBGE3XzqljVQnTUac6cLx5eZ2i01srNWbb1elUq+WV62KjhMUqc6rla8/epvkilaTer0T1V24t3TPyR+A/wDwUB/af+BGr2Wr+H/G+pizS6hW60LxVJJqNjd2JIeWJI7kkx+YqldwbHP3gBk/0I+KPjr+yp+3z+xP8VPiD49tvAmifGXwf4Lv73S7I/ZdM1zTtXsbYMJdOkQxS3UN06t8gVywbOR3/FH9ov4A31vpqwQ/D6507W7Z2+03MUDFFgjGFOETAcgD5gBzjIGOPlT4O6TZaD450Sz8crqdt4dS8SHV7ZWntlmsnlCyxTgFUuYmDHcjgjGR0JFf2hw/jMgxWBo5rldClhMRQjKc6VJRgp2hfllFOKbbSab97yto/wA6zvhlYvERp1q8/a+2jUo46m3Go1eDdKorLnpzSalF6pJ2d1d+GeFfGF5pulz3kWhw6hfTXM8VvLL84jVZXRd4IxyqA7mGCDkd6mk+I3ivW7hbLV7WO2sA43WtjbJ8yIeQpVSe/U5PTg/MB/VTof7A/wCzR438I6drvhjwhpjWOv2ENxZTW8igJvRCSFDZ3sSc8kg554NcBr/7BfwQ+GKC/i8IxtcjcT9pxco4G4kKhBweMdh1yBgge1g/GTKa9WOCjhMTTr07U+ecYxjf3YrVSe9k7aXT3ufO1fDrHTnf+0KDpRlzezjfnlZp6rrpa6T0S1WiPyu/ZOt7e00PU7qC4uvDmj6ibh5pbyJY1luI02qX3qoWPdk7m4Ib5cjiviT45/sueMb3xvrfiXQ9X03xLZ6zeXGoo1pdQidWDlyhCnGAuOvcg4AbNfpD+1noFj4P+HXiS48MJPp8FzD9iitLVTCIQxbMiRxgHIyPu88Z5GSfxo+FXj7xPZ+N9O8NRX2p31rf6tBaXNu89xPPJ9pkVAluC24SOzbSuOpx6CvvOBsoxWaZpXzrCVVTnipxcqW6lG8XFbtK6vK3Kkt9j5bxBzahlmBwXD2Lw/tIUqbnTrxfJyza2UYxad/i1a80tWet6HealosdppOp6lf6XeW1stq9vCsjRpsyuGdflyduASQMggHiv6H/APgglHeD9qfV9RN59utrHwbeK0nKMpnQALLwN4B7kcnvnmvgfXv2TPiJp2i2/iPUv2ffiTbQ3KW91b6h/Y1zPZ31rOiyQyCWNWwXVt2SOjA4AyK/Tn/gjD4O1Hwn8ePiNfNpuraTcx+Fki/snUrSa2e2Ylss7SxJlo+AQgyMHd61/Ruc1a9Hh+tCdVVJQpRhKFOV5WSjfS7V20m+vRWa0/nfLMLQxmPrQp3cJe0UXo/jdr2VlpdX6tt99P2r/a0/bn+IXgT4seB/2eP2ftOs9T+KXi24hhvJ9Sja4stIs7uUILuSPgAJ87MTgLjJ7Z/UXwfL4ssfBGjQ+M9Ut9T8WrpkI1e7t08q1kvmh3TtCmTtRJCyrkgkAA+g/HD9l74MeIvFP7aPxh+N/je3F9ZaMq6L4TnkCOEzjzWgZlO0Irdj8uccADP6Z/Ef4z+EfAEcUOtapbW800LiKCdwks7RRu8qxksCSQMbtvfHORn8v4eoY7MZSjGnWqTrV5RoUYwblGMWoptLRvRtvW6s3pt9Xx7keV4PE5FkOQ4OlWxWHy/D4rNsZCPtK1XF4iMasoOVvgpQaXKlpfumj8T9G8ReJvh1+0L+2D8adW8zWvEPh201G28K6ezrMXIhbyBEpJZFJwp2YBZfXIP5G+E9b+K2ifEy6+OFvd6p4X8YXevp4l8RXFleyrNqcd5MHOn3UW8Hy4LZghjYHaqgEbiK/SSP4reGPjBp/wC1z8QvA9rPLrGn3d5pkNjFODMyWYf7TOtqX8yREjUsHCtj1wMj8oPE3xOkfwzzeQHVLq7t4XZiY53XAVknUFgojbKksRwvOMmv7j+jXwhRpYviKWf4Vezlh6WFVHE0+dezqU05NKaTXPeSSWiVkt7H4J9Ip5jmuQYPLskksPi6VHDwvTacoSo0kt943nd2Vkrq+r1/aT/gpD+yn4f/AOCjf7EfhjxFpvkWPxH8O6JL4n0DVIrOI31xc2VkG1DTbmUDe8dyEJjBOBIQT3x/A9qP/CJ/CjWr3wx4ktb+8v7Z7/Tr21kkEI0/V7WWS2aQphhIqyKSB8vHfPB/s6/Zu/bz034dfsg/HG5+IiyX8Xw7tLzQtBWxlcyC51a0aK0UEgCQCaVRhSRtGAw61/Fd+0RbvrPie/8AF7xSWuoeI9V1PVLqCc+dPt1G6luomYdABFIMgZPJ3Z4FfPcQcPwyuPFGF/dyo5dmko5bUTTl9UrTdSVNav3IXilde672TaTPkfDzF5zhKGXUMWqntJ4SmsXGTuo4mlyRnKLa2qcrlZbPW2yPD/iDq1lql9ENM2NCYhudX2q7j5gSpPJGeT1PTtz5EkhM+2Y7gofOcHbjIAwMAjcO/G7sORXS61bXUZBjs5nIjDKyxuuR1zjB4IzhhySB16VxV39ptkdriCQM8Q5bK7Nx3DIxzg84x0wepzX4pX5HiVHmaSbv7za0skm9Oa6a+d31aP2SVWrJqTjK1482rto0km7fjfzNHw/cK3iDSmQgeTqMRdm+UgGVQpx2Y84xjr74P7Q6p8OPC3i74e6G13AbS/GjLcrexope4lEICbnPYkj5VGQOu3nH4p+GlMOs6axjMonvLQjJJ6Sx8Afw5UZx1J5Br9r5/E0WleCtFaZXECaPCkalMbJDbgnnIIHXPHTOOcZ9rJ6FNqup9ocydnFppO99r6Pr57bfT5DTlUhV50rpQXV2WnXR6Lr13d9U/wAvvEulPo2v3OmwsXjs7os5YBXAR8DAOOgHJH3uCM8E+iaR8Y9a0ue0+yNIJLSL7ODHIQNqrt3FVABwCVxyNvfmsHxbYXmt61fanawqI5ri4aQiRdzBmOMYHORxz15+o8h/s/VLSWeQQOixyn5+SG54ySSPcEDYeu3+98jnmX4fEtUZQ9pS51JppNKMXF3d1olez+dmuve/bUJc1Nu7mtYu7UY2evblXNq9XvpufoV+xd+0LN8FP2ovh18btTD3dj4e8TQ3mrYDGd7aQmOURADghXJ59M8Liv6f/wBoz/gs94K8aeENY8HeC9GvFbW7eB4dRvwRGI5413qysnABOMg9OjHjP8cngQPZ6DfX7xK84dXVSn3lQ8kbvlzuBIA6cfNmvrz4ParJ8VdX0jwpdm1tdSktXhs5XjEY2x4MaKAfmJwB2A46Acfyz42eCnDXGOJyzOc2oVKkMupwpwhTlKnCUXPmXOoX5lCTWjt2Xc/Z/CnCrMsywuFhQVbMZ1oTwXM3f2zlBpK/W7TSd+22q/o2/Yi/bj8Ea5rN74W8e63pnhqezgEmny3cohtbpmPCByQu45BPCgE5GTk1+qGieKPBnxB+IHhyLTZNG8SC2vLW+t5LSS3u7eJpGVsSOpcb2C/KpXjg5HFfxrap8NPFnhfUZ7q/jjW2tLgWs3lSCGUI5CRyDaQcbTuDZ+p4AH7Af8EbtT1gftH6/wCGZr+51HR7Hw+mq29td3MtztnQYBVpC3EeT0OMEYGa/jrjL6OOW5TUrcY8L4ypl7jKFWdNSfLN3UbJrllFcqs4u+qaR/Sef8M5zh8JmWJzvBYrDVaOEnO0qbUJc0GlJPlWjSceZNqy9Uf2BaBPosUM8TyRQNcQLFeRyLiAxFNhgVRgFD0IJOQP9njhra9+H/hY6xp3h/8AsbTUu7p7lrGxijhV7lhueZlQqd7MTkDnB45Jro/7EtrrSPNMJSW+iDyMSR5Qf+JO6gc9PvA5HOQeaj+DGgSyy30kU32hkJRxIzL8wIZyOhJPfjj2Ix8rxHgvEHMsrw+AyuNGcoUk3Uc5wnyuKSvZ20+LVu70s9z+V8FhMmp18RVxuLxVKlVqqLp0lGSnKMo2bTlZ21fl0VtDc0L4heCXt4dIutV0w3pkIktXKRzLkkAjJ3OwA3ZwScdydten3mk+G72zSf7NY3Ymt5VWS7gguU8po2w+JAw4zkkdOhyDgfhD/wAFBrvX/wBn/wASeB/H3hnUp7bTxcyJc2brK0c11GA6+aV6K/qc4LdMjA+of2O/229C+Onh6PTNYA0fX9OsTA1tcTCKO9meN03wByNynOV2kjI4Oc4+L4TzninIY1sLxFHCxdKUsPHEUZuNWnUi006nTllHVONtbLff6/PfC+rPJ8v4o4dxuMxmDr/vcRC0lVoRjKKldRveCtqlbXe+rX49/HKSytv2l/ibbaHcvaw6Jqeo3NpaWYVbfzEJZyYxlSpJJK45AIHINekfsq/sPfDn9snxBqGkfF7xLqFpfR6ddaxZ2lhKnnGCZnRWYOPkji2lyi9G4Jxiu41P4Hi2/aA+I/iLxXaCa01i51WfR/LlR4rhLjd5RY5AIXPT2HyjnNr4G6rN8G/jJPexSXFhJLpN1byXFrOR5NvuMixE7sBdhA5wR0HPB/W8i8ccVlFOFHA4+vio4VUKmIw9GpUVSuoOCnTi4u92r2ejT0smz9Qz7hOeZcOUo4JUaWYSy2k6WJqUlNQq+zptSanFrmve6vpZ27nlPxR/YLvP+CaXxn8D/H/4T+MbnxVb2c1za6dYXrrbPbedwba6AYiWJkyhdgB0JHyg12Pj/wDby8ZftTyXvww8SaO1jY3kFtB4gt9LtBOHRpAJpVZ1CKyKS0bIdxI4yad/wUM/au8I+IfBeiW+uCaOa1+0fZVWfdJdTRABWKqx5bb253HC4OK/Ij4M/t1fDjw/471C51Ow/siAx2tpDcps3NcQvjfPuUsI2IywLHIyWIyM+xnUuJPF3Ic14lwmXZoq+DjKpltL2tenVlLDxjOi5qNpVHGekL620V7GPB+SZTlEMohxHSy2rnkaVSksTOMYTp88rRlFfZVrStdK/Tt9Aft7/AT4YfB/wDpXxG+HOpeLrDVNAh054bOcGKU390yo1zG6qjFSxIIOMDOcYr+aXWtR1JfiHfXV9NObx9Wh1ae7mz5stxczCUmRjgk/Nkk9w2e2f6SP2x/2ovAXxk+HU+mwPOZdSs7WC3ZWjeGJ4Dv8+NF6HJBz1GW4FfzieJtC8Q69qviPxNp8bXWk6TMltfXMUbFoFifbFJNjCqCwU5J4Yc5+XP8AXf0U8/4wxHBiw3FtDFQxeExDowp4pTdX2KdoqUpu6ikre9dO3TVHxPi3w/QwtfLlgsTHEVKkJVKnsVF6ynKfvKDt7vu2aS0tdXVz+w79nq5nv/g74Fsr1bS/svEfg+N7iCW1ilFzNHpymAgnJZ0faFIyNwxjivaP2Ltd07w/8HPE+mahbQ2t4njLWfsz3EaMiNDeTFVBZcqoVAQmVwR90lQB+XP7Kn7Q9rrPw++CnhLSp5GvbHTf7Ovr5WyLeRYvJEcoOQSVGQQMEAgdOPrP4Zafr9v4I8ak308tufE2tGG3tGZ7iR2kmdp8KQVX5jjBI6AEDNfOfTOp1aXDeFWHo0oSq4mhUpw0s+ZWko6Jyack7R1Tvu1Yz8NsBTruvGdSpooObcmuSStb9ZaXVtO56r8YPip/wqnxR4t+JGia5aaTqc+iIkJi2JaXt7keUrleMM3JGefwyeu+E37SXxR8e/CQ+JfE14lxqDQ3brNaKwiK4Yx7HyVbCrtbGQMAdc18k+LPCfh3x4fDeheML4HTdcSCzW0F8vnwzQTp5jToW3JI+Hyrc4JXgkgfeGgeBvDXgz4c23hPw3GY7G3tXtoAAHjw0RG9mIO5jwWJPckgHJr+GsyoYbC8PZbQxmEqRx2KdGdauouKcPdcY2dnJSVmmr+aey/UpYKnDGQrT9liY05wjBytKWkoNO7vv0emujskeMfs7fF7+0LHxqdRvBFdWOq3E1y0zbW8tt7Nw2OSw5Azt+tfDHxc+Iei6d458S+IIZ4b0XNxJGsCOu+SQnKtuBPykjB6c7ugqjHf6n4Y1X4paNa3phnM945fbtZtzOVVWXaMMD/CduDjOOa+KbvTdd8Q628Z8yb7eRHB5rvhpVYb3OQMtz6jvgnGa+r4D4Jy/B59iM0qyVKhiqdBxhey99RbaW2rV9teuh72PxVSKqzw8E6s4x5nHpFcrs1tbZarz8j4S/bD/aB1PXPGVvb32lwRjTnkitYZJA7eS25Q5BycsAGUnjgnABFcX+zV+3d46/Zpvdeu/Afh3w/d3viAxF7rUE33FsyHhYmyMqwJ3KVx06bQD5z+2jYT6N8WLnTbhEjuYNPhMu05DZGcg5OPvH0568cH5Z0C0MmpWYAQAsjHOQchgTuxg9STwpzg4zxX+qnBGWZdW4Qy3A+xjVws8LTbpSTabbg7u1tVK0lZ6NaXR/EnEvGed5XxzjsVhMQ6WKo150VOMYtxjJRpyT5k09G1rotdLNH6B/tAftMfFD9qnxNaeNfHttp1tqVjZ/YrSHTIFhgt4FADfJzkvlskYyeAOCa+ck8Sa74bvjeeH9Tv9J1SNFk+2WFyba4ikQhi8ckfzAqQpA78g4AzXcaYkVvpVxLJklQWTaCQQV9QRkY5bI5+hyPLtQ3TvJcQxHD4QMck59g2QM7s/QHOTzX1dXC4XC4SGEo0qccNsqPKuWMFulG0k03e/M227vzfnY/iHM8VjP7TljK31+fLN1oPkqQkkknFwty6r5q2nbR8Y+L/ABx47V/E/ibXdc8SXMUMVpc6rqtzNO0UeNscJlkJCqFBAUY6Z4wc9R8DtZ8Z+GPGmjax4KsZ7/xHpV7HqOhrETJtvVBcSHhwBsDHccDIABBwK6DwWLrV/DVx8NNP06x1GfxdqekWkDTKPtFvdXEqwxm3cAHcWYBjkgAtlSQTX7VfBb/gl98a/h7qGuaZqGl6NpviXVvB1jDoNiZftE7Sarbo9vqlveYP2cxRvunGOB3ByD4WZ57knD9OlSx+MwuDoTp2jGfLGP2YOCi048vvJdFzadGelw/wvxPn2Pp5zg8XKWJjP208RUrJ1VOmlKTTm7tR0k5WaT1emr/BL4seM/E/jrxf4u8Y+JVmk8Qalr9x/a7zOGKzuAkqgZAUB1YBQBjCgcYryaK+vdNuIJngkTyv9IjyuNzKwK7CQSQDycYx8vXqP178Kf8ABP7xD4O/adsvhB+0U0OnaLrHiC+vLu/juwzakHZTYG2lBH7i5lcAOckqhAG4ivrz/goT/wAEsfBH7Nv7LGp/GjQRNP4o0vV7HToYoblZdNk0PVmYw7LMD5Z4kwXdm+Yk9sVwT44yCjisny7C46nVq5pGE8IsMozpKPNyptp6JtWUYxd5JOy0b9nPfCfiuFDEZ9mlaGHnUlKtFYqU/bYtxXtJTpNvlmnFJ2VrtLTZn89LX97q9lq3iC6mmMjTxR+a2QqDODhz328ccBcjA4rhvEF/bPAtsWM07zK8r525XjaxIAOQO3OTyMNivadX1Lw3Z+D9P0BUctcLBeXjMgDJcyDLAMCPkyANrAkckcnn5w1OKW41ZI4o1IJVI03DcV3KEAxnc3Q9MntkGv0THUYvA0pzkpTlaMmmnJKTU5S5bpJtPW/mtT8Pzb21PEUqcantZy5acnFuV5cyk3Fa662tolqrdD6e8IeJNLf4a+IfD0JSG5DLcEyj52CovyKxI43evTIznGG6u31NYPg5PbKygSRBN33dzMWzlcjcBkgEYxyo6A1wtj8JfiJ4a8EXfi3XvCGuWWhasogsNaks5Y7GYlAVEcrAKeMMDlgw+6M8F1zbanJ8NvKsrC+u1iK/aFt4JpVtwCfmkZBheeufQ8Hgn5d0sPKSnSrU+SNSMmotOKcXFOL6KS6pO93vsfSVZ5lSwkadSlOFRYPlUJU5Qn7N8rTslt100ve2rOI8C3br4i0S2iVnkm1izhTlvvSuFBbGT1OCCeMdOBn3/wDbOtfFfhnUfBVnqEF1ZWk+iLLaT+cxScum5wuGwcZ9CccY2kGvnr4dy3Om+MvD8jWzmS31ayuQksZOI45VZicrwRk8N07YyCP0w/aN8Eav+0b4f8G6N4f0qaDW7G4aPRNT1IGCHWEktVH2GykICsI5AcDIxn16eNnOIeDzTLa9bk+puFWFSpKSioSmoKKd9Ojs9teienTw5gcRmHDOeYWg5Tx0Z0alKhH45JfHTS6tN6bO9k73TPyY8D/EnxF4M1izubDU7yCAzAXaiVmEiOSrYUkANt+UYG7kYHavr7xj8QLTxB4S02KPUzeX7TrPDHIXDRiRQW8w7uQSfvEEAYA5GBzs/wCwZ8ddIulbxBo9npenxrcSS3j3ccm57RS8kOzJ/eELgAcE8YPbyXVrGXSL1rRJTKLQG2d1HPmwtsZEA6ZbcQRyDg85APtYDFZVmVV1MLVo15Ukk3SkqnKmlpdNtrTRaK78rHBgsRn2RYSphMdSr4fDV9IxrRknF+7dwTsnfe93tdO5/f7/AMG5dvpmv/sQ20Or/wBi3R0Xx9fy+VewR3DW7Hc4VBNkZLEMFA6kdctX7SfG/wCIHwp+EcNrq3iXxJ4d8GQast5JGpitrW91O4iibctvtRJJJdo2rHk8DHrn8UP+DbDwRpep/sFz63cC5S7n+I128wEjgEInBKAlSCAASAoOeSMkH2r/AILVeEbe/wD+FC3q6g2k29prd/aFo4nOTJZttaQgkLnOQzA+x5zXlcS15YbAZsuado4So407tQ5XGFm1b7Ku3ez/AF7uDctpZ7xrl+Cq16lKnXqwcpws9EozSV207q6ejSvvZO9/Ufj74I8X6ddeJvDN4dY02TWmtU1KfCtHMrMuxgSSq5JY8DOfbNfN/jL4oeBk8Q/ZNZ1aPUU1OC8sWggX9zbXbo7RRS4PUnGSD82R2zXjn7Nfwujs/AC2Gp6qkVrdeJJNTfzm2Ld2qSnMkkrOEjdlywAH3SOvBr1jVtK/Zg8H6p4r1nxd4t8OteC4ivdM0u+1WC4NvPFEY2eGKNt0jMA21cL8xAw2ef8AHvinC1814xzij7PF4z2deqqEaFKcoTqqTkleKk5K6UbbJSu7n9+UoZdw9h4UIVJOcYKF0k3yLkW7bipaataW1S7fgh/wUd/ZM+M/xQ+OfhGX4Z+BNQ8S6XeeFht1XT4X/s7SUkyyG/uSPLjVEPzEjnJPFfkR+0p+zz8Qv2dtR8P+F/G8du+oarpf2wT2r/aLWPeVke38/oZIiqoyAHBBzwSK/pu+PH/BSDQtDsvEfg/4LeF/EPifUfsyWEervbiy02GNV8sxRSSYMsIIwrqwBQj61+BP7UPiP4y/HXWNN1TxzHoNmmmWTJpNgt9CrWSzMWkaTbuYyE43AsRnudwFf2r4EZpx3TwOU5Xm2VYfK8iwOEVJTrytjaklyqN4X91P+9BJddWfzn4k5dkFfEY7McPialbMcTOE1CDUoQS5Iyi2klqlur9FfofBfhGUJLcNKSrKNpyBhSoOSCTyW4xg9CeNwzXvPgbVltr2OQv+6WTdzjPzEnGeM9ewwevPIrgbP4Ya5Zo4/tGymJOBHAzSsWySUDKvY5K84PHNeseDPhB44v8AyZbK1WUyTIsUCyEFyThS27ouGGAdvOOvNf0jmOLwsaM/aVlywpyfutLS0enRJa33bV/M/IMJgMTUr4elRo1JSU7JpNO7cdLq/Rq199fK/t2vQnW/GnwaeGOSR5fEWi/JHljj+0LZt4C5wNoOe+d3XNf0p/8ABWdbg/DT9jO4ChlsbaMPuyrjyrS2CjphjxjODk/TA8Z/Y2/4JM23i/wN8NPin8VdeutN1y31O21bT9GtyGhktIXSWBGcE437VJAAHUA5Az/QR8Wf2MvhP+0f4b+HWk/EqO7mj8Axp/Y0Wn3C25DLGsYaUkEEMFywOTk9M/Kf5R4k48yKeYY7CUq06iwlKtRcLW9pKdSN1FytdRavd9H5WP3Wpg/7NweXVK8051KkKldRjzOly0oRjsrc11Zq2mt3sj+cP9m/4spoXii0Nydscscka4cAgjIAckYIz/FjgcYznH6Q+Gfi8dSV5kj8qNrziReckkBUbkHGcYB4GSRkdftCw/4Jr/s1eGGL2Hh3UGljJeK4luSWHByCcqSpIycnr3wCtQy/sj+AtHuFaws7+C0R9yRxzls45B2DoB1y2MgV/IvGdHJ8dj5YmeEqxc3NqUYRk7yUVG7WzTT2bs/U/Tcg4nwWIoQouvJ+z5dZRceb3Ypp30d4xv2tbTS5B4D+BHgr45aSlx4rtZLm7iJKfOsJUPypQkZOAAMjGODkdDm/FH/gm1pl3odxL8NdQezvpgzS2+ouJEnEaMfISXPAfaVXJI5J4Iyfo3wP4NtvCcBh0q91G3LbQS7fKCvAJJwB0AOTjk56k179p3iO50u3g+3a7YpF5iO/n3EXQnBBZ36gZ5555HPA+x8PM+rZFgo0aDxUJc11ONS8IwcopJwasnbtdu/Wx8VxbVx9fMHVwtWFTDJ+7QqU94q2ilZt3Tbb32+f4dfs/wBnrHgP4GftWfDHxFZy6bqvh3UNWhjtSzAubm2kR2h3Y+VwgfB+VlJyCor+TPUbqe18W6wHMmxNX1QMhzscpdzZ4xg8YOB2AGOM1/V18e/ibZ6N8Yv2ndB09xf/APCS2VvdxfZXDLLILeYymEJkMoHUhiCeCxxg/wAmutG5Hi7XN6vGsupamAkgwys1zJyMgEnOMt75YDg1/qF4E4xzyiWKk5uriI4atKXZyimtE1e7T10etvM/nzxDjzV8Py0+STneagrJStBNO+j10T+S2PdLfxPLLo9pbxO0WcAljgKGA4GCMDJxnb0zx2W1ousXdvfzQxzgu8lock8gmWMFz3wM4OBg56nqeB0+ynl0+yZ2LZJyELA5Xu3XuMnPLAkiup0TSri/8SWGnW4cXuo6lYWNqFyQZp5xHGWOOisVB7Adc9R6ni5j3i8HiFVqWhDCSg+aVoxi6TTbvdRaVr27Hk8O1KzxmCScvdnTio3aUrJK0ejbeum6Xa6f9In7MfjX4MeCWuNT+KniTw/Elp4S0q+DalNA8Nuy20bFrVHLYum2lcbScr1553fE37ZPgz42+HviN4R+Edrf3tnqGmarocWoR2rGSaKS3e3jGnxIuZvPbADqRwMA4Ix8xfBf/gl/418Q+I764+OniSF/C9/pGn3UNjpd08l68MsEc0cDS79kaeXIAy7cLnBxjj9XPhF8Afgj+z7p+mWvgHwtawS2xaOa/vFiluZ2jLEtM8m5Qu7LMcAcnPXNf4Y8e47g7JOKcZjcLmFbNM4qY+o7U5ezwuGcZxcoy3lWUWkkoWi9bs/sWm8Zi8Hh5VaUmoYaEKdFOTXMlGKkve5U2k23q9EmmflB/wAEdf2cfiZoX7R3jHxt4u0C70bQ/DGi6lplvJexNBNPdalcSssb7lVg+xxLjkgHkgmv6aPDvgq2t57l2a4jaQ7m2yNtUknO0glcnJGR83OOcCviv9lXxZaT638X9XZROLvxtIiLAqfZ4o4YlXapj+RuVGQBgAdPT7fsvG2nQPI7RzRlw27I+VyRxxjqByFHU8nrgd2acVYbiStSxuMUIYilShT5FGT5UoRSa7+6ou6tu9rHwma5dm1HEVqOHw8/ZuEFsnLWMZSS06ucrLTTq9TU1vQ7e0tI3juLw7JVGTISWyflzkjcAMLjHHXoc1h6jZ2UGhXcs00jiSyu0fzG5GI2OByew2jAzkDI5qLW/HGlajYm2d51JbcCuMKUxgEngDOc+oOAeAa87ufFUDae1oUluFDTArI3ylSp5Bzjb8wBAxzkYxxXz+IzfDU6jp01CcPZqClJtpSThzJqLvr5Ky1a2MctyjNZRpznSqRlGvGWsGvdTjq7Xa2sn57HwvrXxt+HWjvaeBotcjh1yS51K6e2I+ZVinfdncR2XOM5G0Ejg4+XfiT+0L4N8Q+HvF2mSazbx+VaTW1rgxi4ublF8v5duT5YbqenB9BXb67+x74b8beP4PiP4g8UahFpMGuajD/ZOnhoWEFzK80nnXQZT5KAnMZz8ox7V8r/ABZ+C/wY0fwN8W7/AOHN1dahqumX01ouqTztJDZzJkvFErFtrFQdpBwSeTivueA+DuGs94kymvjcZONWlPBunSglGkpr2bUU+Zu6as9E07d7n33EPEONyvKamFweEjU/cS9tU3nG9KN+92m2vdvorN3V1+5XwIgt/Fn7Dek6VNF59tqHhTUIJEJDlwttLtbAO084JIPfBHOK/E/QtK8SWCat4T0rTTcJ5+oW9lbwEtLPKJmVUVckqQDg5Xd8o9Of2r/YDgmuv2QPA9tcF5F/4R64gk8z7zGRSjvggg5yeO2cZIwa+WNR/Zi8W+BPjLo3jjw7cf2h4VutVm1XVoXYb7MSSFmjWNsjywT0G3ueOTX9/eOuQYZ8F5NUgo1HhaFGMY6NumqVNJX3cU7avRH8NcHZhXfFWa+0p8sauIqzvZK81Vk3F3TVnd9tmz8rvj78CfjNeaJ8OkT4dalPp2j/AGy61O4tonkWMXLEhpyo+QqpBIIH0GMH9nf2VrQWHwd+GdsgKTabbC2vE3D9xIpAMZ91KkBSMAg9C3Ht3jfxVoNt4f1s3IjaCfSbpGtmMbZZoGGYwVwDkZ+Xbj5sdjXyP8Ifix4S8L/Ca+czShrHXr67uVfCta24uTy245CbsbcYBwOAcCv89OMqc8y4dngaVKM3hq6nCNOPvxlFwaVkryUrK17beWn9GZLiHOvFzio9Oa9la0VG+j00Tv2V31OT+B9xean/AMFJ/FyXabbG20GZ45FQ7WkhUqiF8ADgkgZ568Zr9OvGMMi6Hr0piBjNzqARgeT+5mxyAeOO3XGMAAMfk39nTQ7HWfizJ8Q9Btku7jxAZrue4mRfPNoY2ETRSBidjZJ246ckCvtjxrpksXgrVJ7uJraSVr+UJkADMUnTGCOjE5IHAx2z72MyKtiOAsFjYYarSrUsEqVVyTulSp042clo+rjbXXVWTOmpWhT4no0pVI1E/q8Enqk24OydrWXR7tNvVo/Mj4cxG30icwF4WfXdTcEOwAZpmyFGcDheeCSC3BHLXviws9z4A1CG5S3uori6sI2FxbRTJsaVAylnR2IYHleMA9ycVtfDrThJ4bJGGd9W1Bs8AqGmfqxwc4AAY8MR7Yp3xUtSvgWaLs2qWAxkDgTKPXliOCSeByB3P8A5dxHm+XeI1WGDxuKw/wDts7OlXqQXu8vKk01u7a/5n7tmGEwtXLo89GnUaUOa8U1JJQ3TW1nv1trY5bXvgr8F/Een28fiX4b+HruS5021BuLK0FtOCYVBy0JQByTuOeSTk8Elvkzx/wDsjfAu8vYNB8O+JfGfgnX7+1uH06zsdSkNk6pyzLbkchRjI3EgZBzjNfo3/ZbJbWTFfkNja/LjAyYEwSuedvUZHYDoSa+aPino0tt8QPhhrqxEbNZlsJZkxkQ3JIKtxggYXkhhx7nP7dwd9IHxV4bzatQwvF+bYeEPrDpwniqlSClBOcIuNVySTaUdVZddLW+OzDgnhnNMPF4rK8LUk76qlGMm1ZtuUbNrW+t9LLSx+YPxK/4J/wCs2sthqGk/EWG+MLiSR9StCl2ZIpC0YeYsSSWABHAbJ+leq6v+zt+1b4V8A6Xr2oeGbHxV4dnsWeK48PyreXxtUjKQvPCozGxQAncSRknJPX7/APGNrA9xPbtAZhDIxViAxCOdxK7QeOMnr0BJOMn6B8Q+NdK8Afs0WOra1qc+kWUtza6bFdrueSPfMVKhcklNpO7OAMFjxkH+t/Bb6bvi1LNY5fmLoZ7WrcsaNL2KjiKs1KEUm6PLzuWutrt62PzHinwm4chDB1MHGeCdasqc5RneFODSs7NK1nF3tpa9z8U/2R9N1yx/bG+Bkeu6BrOhXi+IUeW31K0lgJZnDEoz4D4z1UsAMYOOv9w1tGQu7H3grAeg5wOuM9vY4HIr+Wq18c6D4j/aw/ZkTRdV0/WIbXVbeOPU4oYlnmaZUZ45XRQzOo4bduI9T1r+qC3XEMWBjG0AHtg4A7DjPfPv1r/TSjxZm3F+V5Xm+cZdLK8ficLCVbCTU1KnLlUt5KMrPe1lpZa2Z/N/GmSUMgzL6lQrrE0oR92d07q8euvbq+yavoTxLk5H8Jwf07H3z+HbIGZyf5E/gMfr/k0m3DfXHr/d4GMdgO5wOcDPNI+7b7ZOcHt8vtnGM9u/XHQgm1dq17XXSzs1r53VrK99HY+MTakltp6X5tHfXVp6P7tLjZGG1lx1xjjj6446Hpg464rxr41QC4+EHxMhcA7vCGtkqF5O20lYjBJ/x6+gNewNnkEjvjnOcdOfbjGD+Yzjzf4o2y3Pw18fwAD994S11OCMc2E44HGRng+5PJGRXdg48mJpSV7qST3/AJo9el9V3ViZWtZ731+dreVtfToz/Ow/aeSWHxLr6x25fcJQAFIZPLuXJYf7Q646cZ6Yx99/sq6m0vwp8KpMTdRm1kXy2wcBM5XcykDacsFxnjtjNfHH7SdrJb+MNatZIiI769ubaKZ0yFl+1sgCtyq4AySMnjpnGPbPhBceJPg3pvh/RPE8TP4f1iFL3TtXiBeG3WeMMEdhlUyx+blTk85r1M4pVJ49PkbiqUeZ2vbm5b67aXWm78nY/UOBIy+qVfYqTd1JtK1rOOnVJ36dVdbn114x+E+jeIYDfeHJk0vXJY5GcDCwTOMvhh1DMRw6gZbBwBwPNPBvxW1z4c6mnhjxxLdm1ileCO6mDA2u0sFaNiT5sJCnO0kKM5OAK+kfDmpabq2mxXdtPHcMdrxywFcEE/dDZIyytnPYkk8HNcl408C6P49huNP1O0ijnSKYWWoYVJYJQGCsW4ZhkrnPUD3xXzlbCTlJOm0ryXrbTf5rW907+R+g4fO6+FrwpVm5Um1FttuUU0k9+nW1330SaPzn/bY16w8VfEf4M3Wnzx3NuZr+RJ4XUo5CkhgP4ABkspPUkcDgf0nf8E+fB1rf/s0eCjNCjDUJ2knTBO5FfDMOBgL1zye2eSa/lj+NfhDV/CfxD+HnhrVpBevp1zql3azJuLSWkgfYQzFjkAKDgjkEdhu/rt/4J7WAi/Zm+F00cbrmGVm2AtvBk3MqgZ5XgkdcEZA5r9EyLE1cLktShOS9pKtCSitF7ijaXTXV7LXdbH5H4gUKmKzunmcKbdB0lT9oovlU7JqN7W11bdum2h6L8QfB7+CzDd2BZrS5uwYmjx+4LSqCGIxgYGCDjAHUEgnf+JXxDex0bwtpjP5H2jRz5rggb3SNWGw8nczBQeeB3PWvoTxXo2n6tpU9vNbiWATRMW2gvEGwWI9CcAgDA9Qc8fI/7SvhG6XSvD15pbtJBp0G4quDL9kzH0UKAcc5UcjoST19COJ+tSpOorzuk3u0ly2bb1jd63V9mnoc+RToVsTh41LcyklK9le3LZNtXSa2fffQ+BPF18dY8ZK+qXBWG9vYHeTkbVG7AwWPBIHPTJzzjFfZUXwF+HPxl8DaNaapYNp2u2kSjTNfsFWG7iePJWScoP3ik4JBGSCS2QSa+Q20rTvEPjK00i5dhJe6hYwW7ghXXeeVfdjY2M7RjPQZOQa/V3QfBTeEdOtbW2Mvl2FhA1vIwzvxGC6yE5wwz0PJA612YPGyU5Wm6c6UuWDTaelraJPmTWtmratXet/1TjfM5ZZl+SxwdSdCqqKqRlGT15VFWdmk9ra6O73Wh+J3xj+Hnjr9n/X2tfGNjNq3hbUL2C30fxjYQlrVo94WNL1l3LbzL8qkuQoY9eK/Oj4h+B0vPjzeeL7e83tJa27RQkkbovLJ84Mp6YbaOefzJ/rl8YeEPDnjfwd/YPiXSbXWtJ1dWS7s7qJXCSEMTJCWBMUsZ+YMu0jC4JYgH+Xv9qPwzZ/Dj4z+KrHQmnbTdMv5rK3tDuLxWsoIgh3n5mWPJBIxx7Hj9x8MM4+sZtClKMliKVJqo9oT1hyyj2astNra6u5/nB+0D4grcS+DOHp4iLp4nB5nRtXg3FT5qbg5NPa8ZWlqo630R83eL/E+neGPD2pyRSwte6ldTQJChBYuW54HPOSeMkcEZAzXn/wk1m51zx/4K+1ux+y+IdPUDqFRrhMxjOCMEEHlsnkjOK8x8eQ6rf6palklcyX0piiw3lhskrt4x3+bAxnkE559M/Z106XUPjV8PtEG0T3finT4mhcfxLMn3RwSOSMbc5x0GBX73OpNRxFao1Cm4z5tGklyp6LbR22tZJ9d/wDFXL8ioU8Dh44blxOOxHK4qOrfNJQ5UkrtuTa7t3WlrP8AYP8Aa2OnS+C9BCFPtQmR2t5BtPlpbplgmR93BJyByeRzX5dftXebH/wTzRmXzIpPierqT0Clz0Oc8DsM/d6dq/TT9tHw9rmmeILOC5trmCwg05I4nMZWKZmt9jvGAAAoBHzdGK5I52j82f2wLe4i/wCCdVqrQSwxR/EaKRZRny5F85hnOcc46Drgtkng/H8ZvDz8N7U6sKsJzlUi7p35pNpaaWf32Vkf0H9FOli8L9JDBUMVh54avRmqE6M4uDtCjCHM00uXmSuu+7Vmj+bH4jcafFI3MaXrBAR23DbznA5yeDyR0Bya+gf2c9T8Q6TLper+G7+eyvbKaCeEwymIMYZPMIlCkllICjkHB4PGAfnf4hyiXRWKlCgvFG4cfe2nBPZiTuXHY9+SPqP9kXV/DUOu6fpWtPCba6gEbiVlVRIedgLHIJXAHfcTkcGv4QzrDqo6iTV0rJXeuqVktL20VrXflax/u9TrezxdFxaV4003t0jZdLr77+l2ftv+zl/wUxvIPHjaJ8StLRtNs7SGxnv4nH7l4ECifbkZDEbmOeCOvp+m3xv+IXwo+LP7P1zren6tpGti8nhktUW5iN3CCw/clWYPkFvuYzgcdq/DKD9kGD4q+I9Rm+Gepx6PqjaVLfpaTH5L6VFclFO7AR8cEk8EH5hXxV8b9S+LPwI0aTwvrd/rmgarYzSyixjuLhLC6ETlYriBd2x8MCykHDdOT1+FhiaKx+HUaqjWo1ITqUk1FytKLatdPXZd+p9nWoV5YCpUqUnKnVpTjCsk3FcyitUm9VdbtNWbWisfqbc/DrwvdmUxQMigKyIB93cFyR0UgnPBJyMjAIFVX+D2lXUISNwS20/MgZQoGevOMDHqRjjIr8sfhz+0r8TpLHT7248R/bGEURkjuAHZgM5VssOoABJPBHUV9K6P+1v49tpI2n03S7+FdrSKhETEKRwQWABPckE9h7fteW+I/Brq0qGZ0Fh5wShUlKipJ2UIu7im997ptXXkfgOb+G3GlSNTE5VjI1Y1JupCMa0k0pSVo2frbsm7p9T6M1b9n2zlMg8qxu1ZCHWa2hkKgcnOVBGeQck/+PV43rv7MOk3rvHL4P0S/UKTuSGOOQggbtuBlScYyMkD3II3JP2yEmtibvwW1tKsZ/0i2vVYMcdQoBbIB45PQEHJBrLsf2utAaZjdafeWykAbijyMCSM5YHJB3E5xxgkfKM19rQzbw3zV3oZjhaTaSV26au7a8srarr0WvVH57jsr8WMlmubL8RiacLaxj7R29260lJvRJLe3k1p4P4j/ZE8EMrpd+CLm1YOSzWyMyKCMlkbPynHcccfKTmvEda/Yw+H9wJhaTatpUuG2eajlQTkf3eMj1B449q/S7RP2lvhxqAja71X7O5yHS4hyig5wuG4Bwx78ZyemR2kPxM+GWtr5aap4eu0cgHzkjiKbhkJ8wHTORnj/d4zUuHOHMY+bBZzhW2k4xdaEr2tpbm5le6d/kY0+MuM8HGLzHIcckvicaVVW+FN25WmtN2+yXY/DvV/2Gr0Kx0bxLHMoLFI54tjHAJxucksc5HpznPPHkviD9kv4h6CZ4o4odR8yHejwSKQACBghTyxz07Z+tf0Vy6B8M9ZRpki0icttIazuVQg4BJ27sbs8FdvTAxwCOJ1L4f/AA8udXs7aSO6ihaI5eOXKrlv4sbvlycrkEjjjjJ48TwTNqLoYuhNXSTjKOvwt6JtK35Jrpc9rCeJDUv9rwGJpWgm+alLe0U+iSW/nu9b3P5wdQ+BvxJ01W8/w3eMigs0kcbsuPQd/wBeTk4JAzyF54P8TWLf6Xo19Ai45Nq5yASMqArcA4y3J7gen9Nt58DvCdzG5s9WnjSQjy1kwwxg9iMHdnHTByQTzkc3ffs0adfOojvdPnfYdsc1rE2VGAMMQeMAHJPKkelT/qTmkUnH2dRLs9X5p/NpPs9bnQvFHJLpV1Vou+8oSSumu7bd7q2mj37H8zsllcxSMslrLE6rhg8Tjbg9wQPQ9OnPIFV2hBJwyjPGGUAgYOT0PJI+bHocsR0/om1n9jK3uBIr+H9FvxIpd3jjjjkZTg4BypXjg4HXoMsceG+Jv2HtClLGTwdc20YyA9mcgHHBztxg5J454A45Axlwlm1ON5Ydy2eivb4ddGr2s7duq2PRoeIXD2IlFQx1O76OaTjtq7tPy0s9dX1PxDdAQxYKWy23AwD3x17ZyD1ye+BmuYTgsSy8gHocckYB+XPpgkc88Hg/qH4o/YisLcutm+qadICzASQu6AHJXIA4PTGDjk8ZNeI67+yF4ltA32DWLad+cpOjROAuOCSByAM7iDnsQQDXkVsixtO/tMFVST1bg0unlr8tL9NT26PE+U1pR5MXT5nazunslu4vpbR3vZXvrp8OyKSDgE8jJ2gdMkYJBwe+MZGcjOKEcwhBG7R7pEUkMyEEkjPyn+EZBVSRnkZANfRWvfs2/EjSlLppUd4h2hTbyB2YjP8ACvr2OcYwR1zXj3iHwH4u8Pbf7R8P39uPOU7mhkKFgQDggDODgdx0yMcjysXl8o03zUZQas9Yu17Jbejslbpqe1h8zw9Rx9liINN6OM1fZJLVp326rbbTXOFxqVq7tb6hfxIpwPLupQcnByPn5PpxjuflIFb+n+O/HOjMPsHiXUo1BJCySM6jICnr17klj0Iz7c3It3EWWe3mhAZSVeF9wGAOSQvJ57gEjkZVQU+0qAvzqCuACflJPOQRjJzjPryc5wK854GLgk4rotk9++j0873Vr6bHoLGVY2dOpPZWtJ32V+ui20er7Nux61B+0J8Tbb797a3axKEYSxZZsAnqc/iQevzeprotO/an8SWaiPUNBt7tSQXaGYRlj6L1285x0B68E8fP7sCxJHUY3ADKrnk4wfU5ySMdTkVWlt0dSxBI6lhyFyc8ZHUE8/KDjn+7WMsuhyybikr21slbTbV6vWzS/W3RDNcWmrV5esr2srPS6a0t5r7j7K079rLSHRE1DRb+0kPLOkhkUADrwBnJJwAuOv4+i6N+1B4NuNgbUJ7YEAFZ4SgAI6hjgArkKCeeOjdvztkgjVdyZyu0Ybqd3XGTyOhPBHfgdFFuEXcdrnAJDqMg+uQMt8owME/QnIrmeWUraN6W6tN2smlfppZ6pPdK++0M5xCfL7smrbp6JNa+bvu73e3Zv9W7T9ofwpdCMw+INMVyhAMlwEO0jcMjdjnpzySp9RV64+KeialZXKw3tldeZbXCF4rlCSXjZV25Ibk9gCexxgivyZMUeF2Ku9gB/EuCON3HrweR1Pftbt/Oj+5LdIcg/u53VcgkngMR9Rg4yOADgP8AsyCXuylaytdL4tNtN2vz+Z0xzxNcs6V2+t7Xuo3W2i1237a3Z+kfwgvbZra9ilaOEPqE0io0iBiAzNnBIz0LcZ4z719L2d1bFFw0cm3HRQGBzxznHG3PHJwQcAnPwN+zl4di8VW2rG/vLsS2c2IXjuGVguDkbtw3EY757Z4wa+n5PhhrECGfSPE+pQFTuEcz705+6NuACAc7jjqeSG5PlVaapz5bXlF7yWtnZtrs7v07HvYatKph6c6afK1pF2vypR6PS6eqX2W+nX1u7njDAhtysu5jgZGSM4JXnPTBzgHLY7RW90kpZQylshRn5duMAbskf3eeMYOOT18Ru9G+KGnsBBrNtfqp4WaMqSo6Ak4BJ+9n5cEdMVnjWviTYLK91oMN3tO7dbPhmA4ByFLc5yB97rnO01jJJyT0d07q9r2cb3fkultrptaG06krXlF362jv8KvpfTRO9k99NkfQ8jyW+1xIM7chTgqWHGBgntk9eNwzxjFiHWbuEMTA23h+MkHPBPHTPQYIAH0yPn2H4narAoj1Xw1qcGQQxSNpFUBSGwSM8fQeuARtresvi7oJHlXJurUDaNs8DL0PIJI7DnjHPGcdVKm3HRaL4Xp1a7d7pX81bS5SdO3M/dWlr9m46yemne+29rJI9u/4SYeUF2lGbPzYYhd3JVeSD6fgOvdP7at7iAsCvmIuMYwxJzyW69/cZznNeXQ/ELwxfeWRqVqpDgorsF3EjgEMARkkDPsNvSr6+ItIu/OWKe2KuAPMilRsAcZAyOcckDkYIOM8wo1ElZ2tqk9rpLutL2e+nbuaLkalLR3Wmt72Sd1a/wCS001V76+o3Al85QybmI+Y/KBkgYP1HTr2JHp+Vn7SLN/wmviNSSV32e1lbBXj+E8EZByCO5zjPX9NppraSLcGJ3FNsisDlQwIBIwCT82eOmBgAjP5fftIu6+NvE3O7/jyYtjJ4yB0JzlcZJJznAr08BTk3K+r5YuWsXu1q2n2srt326K54WcNQw6SbUm76Luk+l09t97djy7wT8d/HngK6Nna6gdU0QSIk2jam32m1eE8eWolDBAc4XBGCD1xivpfT/FfwQ+LCBb61i+H/iyURjzI22adPcNj5iMbcFsE9AM9q/Pa4Vnu7hvunz04yOGPTbyc/wC11PDdRxXVQWjtPDuXnIYNnBGQCChHIYdhk46+tdU6K1lBuEn/ACysm/d+TttZrrvpdfM0MbVp+5VXtqd9YySbSTSur6K2is+ttGfVvi/4U+JPC4F3BCmvaPIwlg1XSVF1EU+8Gk8ndsyCScHhh36jzFWkF2QSy74pR5ZDK4KjBUqQCpyPujsDkc4HZfDr4neNvBLRR2d22paSVAn0rUCLiFkBwyhZQQMrnBwME/Svf9Cb4M/Fu7gg1WNPAPiSVmH2wELp8s0nykuOFVc9eg55wQScI15UlaqpO1veir72s+XdadVomk7Ha8JhsWm8NPknKzdOo7b8ifK1qrbrpdLsj548P34knkRnVG8hIUGCGJDZBYkgj264yffPoeqKDpdqg5cMwYnkk8YIz1zxngcY5YnNen6z+yJ8QvDqy+INE8rxf4cMpli1LQXS6IgRi4MkMW5kwOvQE9V7Dg9VsntbSG0ube4t7iFmDRzxukiOv3tyuM9+m3PX0AFRqRqJ8sk297720bXk7rTydvJ6YbDV8MpxqQcFZR5nFtOyT0aTWq+HdXvbXUh8Hu0UsoAPyzREnnceRxyOPxXIxxzjPtWluyR3aGM58xmA4B5QcvkAgYP3umDxnBx5N4ZSEXJPmoGLQYRuFLZHLZHJJ6DA5IByQc+2W6ILjUECqx8hJC+cncUUMB2AOeTjnGDgE1z15XautVFKLt2ktVby1b6O3Y9nBQS3te9k3ra70d0+zT2autdG7+NfHyFWHhfkFm0uU7SVII5yOeM8kNjqCevNfJ+l+MvE/gnXLLUPC2uajol3uDK1ncvGhkVsjfGHCsu5c4KgYJHYGvrv49QDHhYoST/Y0rYOM9SMMRng+oHXoMjn4Y1XedRsA24fMwyNw+UMTjgew4wdxycDIrtp0qc8LC6X8uv/AG632dtru/TTZniZk6lPFycHJNcqXLK3SCS8tbP030uj9MPh3+3DqV3p8fh/4yeGLHxrpUsYtZNRWJBeouSpd8gszBD24B56Hj2yf4Hfs7/tBaVb3vww8c2fhHxGweZNA1SWNA8zqSIBFIV25c4BydueF5AP5OaaoBY5zHg4A+9kHGRgEYAySOfyXI6x9QutOWG706W4sb2KSJ4Z7WWSCRWwpBBRlJIOODn19M4VKVTDRlOhUlDmjaUVdwk1yvaTt0smrX3euzw2YKs40cZQp11dK7S51rGN09NU7dn1TPs3xT+zh8V/hRbvDqmhS6npibtmq6NGL+2OSSrO8O/blcNgAADoea8mmTW7eHCNcALuDQMrxupGflMbMGzwvQc44BJzXqvwx/a1+MHw8XTbfVL/AP4Tbw5OoWTTdX23EiIpAKxvIH6KGAJBGcHGeR9S6b8Uv2ZPjwCuu6bB4B8VyEZnZls4zPg8iTiOVd3O1QPu4zxivn6uIndyq020/tQ3V2t0ne1rpdu2t19hh8JhlTUMPWdGTjG1Kq7J3S91O/49EtL9PzdvNQ1OVRHMksKxg7z8w3MWwFGQQR6n06cg14vq1lLv1GfHL3YBJySd3ORheMHORgDn1yT+uXir9lnWYbaXVfCkum+N9EZPPil0p42u1RsMQ8KMScK33j0x6nI+LfF3wlvdNOptNY3OnSLdK7211A8cgG4ghVbGTyT1wOM9jW2GnCo7wfMuW+jtonG915LdHj5pha0IKU4uUYzVpJe6tFs9dEul3vur3Pk/V7FGsLYsg2kDGQQSwXIzkg46AjPXqOtekfs8/A4/F34j+HvCOqtNaaJfTCbUr2CMsbezDAOxYcJyec9Bg4x8x7TxP8M7uK00qScJaWMseXmHKBgCVJye397puBJCjgfXX7KdppPgr4Z/FLxg8zTappenXNtpV0MZQyKRtjkIGAD82QRyAeSMH53i3NMdlmTYipgm44upyUMM2rpVq04U4+49bxveL2urrU+i4ByzL82z3CwzGEZYKhCdfEpyt7lCHtJQaeq5lFK+munM76fBfx/+EWkfC74oeKPCOgX41TQdLumj0+/UZZ1j4CFwSCVLEEr82OWAAOfBzZLOzIiEfKO3B2jkgdQMjHOAVzkY5Ptvi/Wb7xC0t3feZNfPf3NxNI5MkrpNITl3JHbAHBBweB0FnQfAEWs20ctuCtxIgbL7tieuRkgtzggjqMEH7tfT5GsZLLsJHE1HVxKw9L20+s5ckVKTtv7zd79VrpY+Z4lr5ZSzTF1cJD2GDniKnsKcdVTpOfuwv2Sdu+zu1ocHrEES+DLFFUGRLhQRggjGMAsT97GT3AXvxXF2jJBp2tOPlYIpYk4GMjIOcjkZA56A5XPFewfEDw5d6JokdpJFMDDMrGUKNm1WJJ64HTAPGTjJGc14jdJKNK1NQcPOkO0Z+bB3cncQQWGTk8lfU5z7GGhKpNRaabqW21s2n0vZPbo9rK54mMxFNxVSLVlSV3G7vaMe3a3nbTS5m2GqeZIBnaFXZhDyQOSPfOcEc8exzXVWU8JOBIoRvmUPnnpkAd/x6np/CK8ujt545EHlMjFAF6jd0IAyAcnrzkjtw20evaB4bWa0iub53ieRdqohOcAAjdnvzjnr04Byfs8BgZ15qEE3KKj0srK3frstU7v1Pz/Ncyw+Dh7SvNLmfKt023yt2+J2S33Xr0ztQil8mVtqlNwIXJ3BecEE/Vc7u+MYHB89uVjYOpyHZiQRkqSODxwOCR07H8K9fvdBnRkjWSOSCZgFZt29SxwN3sOML82QR2rkvFPhC60GeIXG14riPzIpFHyqGGcEgc43DkEjrnkkV2YnA16NOTdN8sL8zs7aqPotd2+3XTXzMvzbAVa8eWrHmqq8U38VuV6Ws9tfNnn0tu24AOC23GCe/GPT5SPXPTJHODjajEUiLMQQJF24OSNu0gDPAyw74PAI6gjXnT95gZIAIyDgEjP3vQg/Kx9ckYxmsi/3NEwYgsHUBc8kDnJ4Bzx16YPPAArwpxVS143k5e8rWWnLeyb3T1e13rdWufU4eS5m09Wr2TVm1ba9u+t21f5N5iCVDuwoLHIUgH7wznHAyeD3PJzhcURM43goeCWJJ2kHuMYyTyccgDJwM4B1orUsgZMkcb/XJzgY47jt+HYCPyXQOMHaGyzEAnIOTnkDn0Jxzk4wRUuglpHRWXKvJJXvZPV7rTvda3N3XhzON9rLzv108lro3foNtLmSFt7hXQcsOpGQNpXIA9wT344ro7LVLdnXBI6gK3zAnnP4Y6EH+9jHSuWaNgcDgHCnA56k5wOqn1A6Z69aUKw24OCuVxgqRzkDdx2GAOedwrNqUWuZXWlmlvytXd2r7X1s72vtYm1OVkk9Wnbpq1fe6ur9OumqO73I5DqxzuJCAggq3Q5GSAOfoOp5NKt1KoLkEqmOMhuACRlSuMjjIHfqSAAOOivJYSp83OzgBmwVIGG74A65zg9B2JrUTUFYYJ+8vQDqeuQAcEKepzuz/vcpwg0k0rtppN+afbdOy0XW7M5crvdXTV7aaqVnrZvWyd72urNpXs+stde1Cwkaexu7yzlQZ821uZISGGCp+RgCAcduAMHINfUvwX/bK+KvwluoDB4jvNX0lpYTd6VqM/nrLChDbULg4Pf6bTyOK+MfOIUMrhgQN5OCQdvykAHhuTntwQdvZGlBAcAlyCRkdhkZ5C4B4zx1IblTzw4zBYfE0nCrTTTS5lZW3VpJru7baJpXKo4ei5L3ItqzTcdtY2aVm9rNK2qs27H3n+2F+1ppX7RPiDwR4g03TBpF3pGlCy1GMqiObgYLOJEVPNAIJBK5wABwOfbNA/aH+C+mfBLS9K8Gv4x0X4vWD2tzd6vDq11BZvcQjO+0EbKYkOTlN2PUgA1+QmpysphC/K5YngnAHO70yefXpnjA539J1ae2WPbIT5eGOGwM4DHIwCQSMnOWAznAxXDRwEKNOlRoSqQjStKKU/iWrcJt6uKd7run132xOBp16dNTs3Fp7JJ3cdFrdS5e2ijvdNW/oV/Z+/4KSeMfGGqaB8Kv2hvhRp/7SXwnlNvYXOn6voI1DxTp0YCxPNp2swQNds6DJiDynnGDiv0k+J3/AARo/ZP/AGuPg54w+Ov7Jepa/wDCTVfDWlXWsan4B8eq0Nkl3bWj3c2lwG58l7RiqOsMr7920ADdgH+ej9mv/gox47/ZssoLPwb4I+H11eIQ/wDber6Jb32pBkTYwMs6MBknjaFIbLHIJFew+O/+CuP7THxO0TXfC0/itPCOleIklj1S08LbNKt7yKfCtHMlsqbwyEIQM4X5Bivz7EZr4i0+J3QpcPZYuGI06kKmLr49vF1Kij+6rUqMKT5IqVuaLk+a1m1uP+zMB9WUqOMrU8S3BqEKT5E04tqfNJxlGUdGklq7puza/Mvxf8Pda0DWtT01FJksLy8sXVcPG0lrM0LeS4ILoxQkEZJB4yATXKaLoXijUNWsdIsEvor++u7eztI1MsavdXMywQgsWChWdxuOCAM5OOT+n/7HPwAuP20PiXN8O9P8Rad4b8RR2Fze6dPq00aQapdKC7QedIR5kkznIAyc54zXpfxm/YK/aE+A+q6nba14E1SeLTLktZeItMsLiawka0k3R3NpfwIwLqQGC8j7vT5c8VHxd4TyvimlwrxDj8Nl+ar2VR4bET9g61KbhrSnUtCd03blcrPTda6vAZlLB1a2EhOSUKihPlcoKpGKcVLlvaKla62st7HyD+0V+yp8dv2TPDngTXviHrcVu3jay+2WNvp+pfaJ7TMazGG4VWJztkA5yO2c18p23xj8eaYpSHXJJMk8S4ywGRgsMAkdckjvwAM17j+0V8V/ix8Qm0zRPiV4g1nXh4StRYaQmrSSlrSJAIhHskAYyIqhGyvykAZzjHx3cDADFSzhWyQBtAGMk9/8QcHA4H7Pj8Zk+MrLE5GpLAVKVKVPnqKcm3CHM+ZXTTlzNWaTTvoeNw5HPaGXwhn+Io1sw9rVc54eDp0uR1L0oqLu7xg1Fpvo32Pe9N/ae+IGngbpbSQo+DvRs7R6kkg7iBjj88ZPBeNfixfeNtctNc1u2h8+2khKxRlRHKsTByCpXgsOnoc5wMY8weNSpLbi23IHcN15DAgjkE8HHesq++WBGGRmU8knO3qf9049c+gFee5bPW3r8Pw9H01tvfTumfRwrSlJRbTTSve+mivtto776u6bP0E0D9o74O3lpawa94JSOSC2iiaY2yT/ALxUCswwgyCVJGQcZ4Ndva/ED9mTXoCt/p+nwb8syy2fkkFuQTINp4PVcHHQV+YlrOV3bstn+LIyvOckkE5bHDEkY4I4AGvbp5wIPzKFYgN1GD2JGME8dPUg5Fe7g+aVGN3fZaauzcdHraztqumuiszmxU4xabipa6WuruNrp6ttb76+qdl+kbeA/wBl7xKCYL7TrYT5Ki2vVgO7ngqWOAvUAAHgZrFu/wBlr4O6mFfQ/GLwbydoF5DOPmJ2/KH5IyQBjnI9c1+frho4grOUbOcIxVgR0yUIyvzAEdR6c4qs+t6tYbXtNSvrdupMV1MCoyBjG9uhzxt5zk9yeitOFKMXKlCSik2tLtu17t6/pbW2pyRcqloxnNOyWtuVbX1d20rq27T0dtb/AHBefsW2lw8g0fxzbkMCUSaFXY5BABYOR6c5BG7ryMcPqX7FPxBgJ/s3U9H1IE4CmcRF+Rj5DkqflOSe/A54HzbYfFXx7pjB7TxTqiBASoe5d+e3UsPUYO4cV32l/tMfFTTNhTXTclSCTcjJwOm0qQQ3X0x2z0PGsXhZSXPR5WtE42XZrV3vvsvJ7o3lRxMVeNRS120Td7d0td0k9krvsbOufspfGDTQQPCz3pB+ZrCQThs8AqueTjn1PqMZryzVvhF8RdEkddQ8I67B5Y+YvYysgAAbOdp//UOnAJ+jND/bV+INh5Qu4Le7ClcsshTc2cdWySCOM5zzk46V65pP7dQmUDW/CSTjcFkYLFMNhHzfeRiWxzkY/vcdat08uqpNuUHs9d17mj+9q/r1difaY6Fl7PmVl3vpy6aaXte+ndH5yPpOpWkxW60+8tmz8yy20igkHGPmRQCvTJPbHUZqhc20qSMXRlJclQwZRgE9CR8xAIwc9iBycV+kXjf9o74NePPCeraW3hWPT9fu4GFlcmxjUxzLyP3iquwE/eYEgZ6Daas+CPFX7N2s+FdF03xfYaVHrFrbrHdu0SozSdFl80YD5B5GDwAeSTnklg6Dly0q8baNbX15bJ2fd9brXqdNKvUcE6kLSUlpZq/wtvyvstVZq6PzOfOcHy2KnAUYwD06jqeD2H6UwDBJ3ITgck52nI4CgduvHb36fqndfCr9mDxGd2n6jZW6zthDBeRqyZ4JKk8L82cAdeMDmsTUf2RfhHqakaJ4weFsLtUXEcnQcFWDhgMEcZ6YBHWn/Z02rxqRd9LN2Wvns1vvZbbM2jWSa54tee6TXTdfJu6sj8xyRjH8OVAIHc4GeOSDjscYPvmrEkuFXABOFGAuACvc46k5656Ak4r751b9iaJI3k0fxtA4ByomhBJAyQCQx5xgc9TnII68DqX7G/j2NN2m3+m365yAsuxiecDGRgjHPQ5ycYwTjLA1YNLli7JLSSae1rO7Sd03dO2mtzRVYP8AmS5lfmTbtp2S5ttXZW673PjxZ2wcYJ5+vqMnqCM5zk8cdesRcEDHAJ2sSRg5ByOOhJ565HOccV9Bat+zJ8V9KDbvD0t2CTua1k35A64wDgAL26jA5AzXnupfCnx5poY3nhfWIgpIJNq7qTnJxgYP+HvmsJ0asU26Uk+9nbVK2zd/ne/XsqvC3xL5vuo32b2u+l/XZeZMAwwCcktgYAVwDjg/MBt455yTgdeY2OMLgE8lsAjtnJ5OPr9Ac5rcuvD2rWbsk2nXsJUfMskEqhcH3QEEd+n0FZz2skbfvImUkcbsgj5s8DaOhHTODjoAK5Z0preMtbPVPVu2j/rVt3TKXs2l1S6/5u2mu9nbRarQigYt5g65jYjqeOB1PX6+/tUKE5ycfdPPHcnJx279/r724YWzKD97yyDk8gc5wPTvjjgdeMVE6bV3EH+Ebe2BliD9D/DjHHqKcOZJNK9mr9Oi97W6a8rejukglayS26Wv0t971eunZ6q6jYE8kHaMKD07k9OMgc5POD0PepFdj91gOTlu4AHOckZHJPHU5J5GaFDqB2AYj7pJw2MAnHOOOOe3saYFI5QZAPrwpOeuR04z1x6dq0tLd37JdF7q3Strp6dhJNK/TTXVLdb3S30e9tPkMLbdxHIOeSemcg7c5JA4+UcH1HdTLlQAO4HBwCAMtjOQe5OOckccUbGGd3Q8EYyenbHTg8dD2xxTljAjZugDAdMke/HI46cjpkcdM1B6ptJNpvrrom0u+7e1/Vlyk97atJrXd+67abvXXr97IdxAyMKCc56Y7EY98AkdMkE5PFSCcjBC5BGQB1OM5HTttBORzxjgctwxBx8oDYxjB5xwSe4I4ycZ7ZAFSBBypAzjjIO7nqM8A57cZ4x1xhSi76O1lu7q1mr76bPWSte2xPMrap7tpNu3RP77Pp3Q8MCCrBjuwxXjLdMDOeCOO49MHipAxA43HpjOQCeOnGORjqcFueAagypBzgDaOfU84AAwcdAcDs3PWlycEDB2kc8rz7evGMkd+oB5qWpXUZJPW19LdNGuqWlr372WiTutF2taVraPl00t38rLRposrI2/AYgAEZJHbHOcY5PbA9iCSaux3TGNQC2/JXehKlQoz2wOQdo5w2cYxWZEGdzwQNuSByc4zkE4BDfL3PGeQRxehbMAzkgvlgVHOGIPfj2PGeORnm4pvr210aSdn963tbRbboSivdt5Pf8Aw+XZ36Py6K7HqepWh8yDULuEBSQI7h0xyMEAOAPl65GCcY+6TXRWfjzxrZbBa+JtWhA27cXspAGfl/iPOCcH+HsCFrjnACuWIAYkjA4PJABB7kf4+1AcERISDleSACSoGQM4yCR1zu/UYl80bavo18kvy2Kblsm1tZt7bNPvra2uunTVHr1h8dfizYlIoPF+pbUO1Ved3yF4wQxxlgOpJOTnrXf6f+1d8W7FUW41KC7jQD5ZlBLFSBhicg+p4UY55ORXzMrfMoLkFchjt56E4JHHPQHHXGetSF/kYOcAsdu4fMQPU9ARxgY9x3o9pUT+KVu901036/mt22Cc7LW2qeqV+m2nZOzfe1rH2Rb/ALY/i941i1TQtHvt5wS8MAOAeRzGevOOpzgHPAbZtf2pfC9+4/t34a6PPGxUzMkcW5iMcZUA5bHfgZ5xXw6HLIV3bWGApPBOOQGI4IPupBHGecmzGj4yXOBjcuctnJOFxtzk4GMH72ccEVcatWKTUpK9na9rWs2lbTS2+pMn5QdtVdK91bf5NXdn8tj7xHxe/Z41ljJqnw8XT2ByDaDYQzHOdw6kbjyR0HuKkZv2WteWRoLjVNEaUBdrXDEIWzyqkKCB0/ixkDJ4z8KLHIGGHBDENkjt8pUEZ6gHByOvGMAgTSQOf3pAwrMWU5C4wQDjIABHAAwSccVvDE1bq89trvb4bPZ+S1ta1vIyUKclrShLW9tldtK19LWs1tfyvdn33a/BL4QeIo4G8PfEc28khJSO8CN/u5LSLgHsRk8bu+arT/snzKL2bTfGmkahFMpVVMsall3EZyGGCMgg4H0Pf4Yt7i6thFLHcTwYBA8uaSPDdAwKFc9Bjv8AQcV0+h+LfFMQnFvruoxAAKqC5lwWyMDknAPpkY557jeNabtH3ZX3bSUkvd6pXd15arRroZ8uGSTVJqzV0m+ijayvqna+ml/PV3PCvxE8d+CoNWtPCXifWtBg1yBbPWYNMvZLWPUrflTFdJGyCQFSQQykenrXFXks09zNJNJunmdmZQeSxO4njOWY5JPJBOeK0ktWVDtVpCc4GG4I6Ek4IyR6dgeo4aul3EpZ1gmZ3G5Sik7jnkgYJPJx198kdfmoww1Kc6qVOMpNc8koxbsrJXs21FbdNEtNLd8qspKMJN8q1hG7tHuktknu/Nu99TPHmNsVXAKfKwU8AcEZ4wCf72CTkE4GSbiRzSsEgXgvgBcszA9doBJJ5+VVBJyDnccVONJu4nVZbWZNzAlXUrkY/hyAOeuQfccjFenfCfXLPwP8SPCHi298N2Xi638N61Z6tJ4X1Ib9P1YWkqzJa3sfVreRlAbIYMvJ7GoxOLjTozqU7TkoNxinZtpJ2u1ZXd4vtpa/UpU1OUIuXxOKva7s2rO27tdtLovVMt6L8APjJr+jXHiDS/hZ461Pw9aQieTWLbw3qRsFixuLG5aEJsxyWBKgBWyMbh5Bf6XPaXEsM8MkDQOyywOpDxyoSHjYEEqRwCCAAeMniv6GfjN/wWY/bS+MHgaX4bfD/wAD+Cfhb8PbnSYPD40b4e+CrMXElkIVt1tmu49PYvIU6OHMm5uWyAR+O3jn9nz45abo958QvFPw18ZaR4dvZzPNrusaNd2NnLNckyGQSyxopErFmHYhvrXzWX57OdaUcwq4TCuUoKjRWIpzqty0UZLmupXsko6t76nfUy6olejCtO2snyPlsklzXtaz1enS1n3+XWjTJdQWLdAGyAOgOflAI/Xgjk8PhtlVsFWbeVAUDkEjjsMeo6Hnr03ah06aMrsV1BfaXYgnGWyMeo6kk88gZqy1vDbwRKke+di371uCGOeQcdQQAOCMckAV9R7WM43WrtFe6097WaWmrfurotHscSjJN3duV6q+rs1ols9X8rts+tf2Vvhh4g8d+KrbRvBfw01r4l+Lr1M2Oj6daSXK27btqzzqoIEanBZmxjDZOAQP37+DH/BF79r/AOJmn2OofEG7+HHwV8Jak5ub2TVZrBtVtbdWOVlspXjkDRLuJQvjK4PGa/BX9kf9rf4ufsqeLpvEvwmurOy1q/tVtbue7hWceVuyDCxBkQqDlQhUggddu6vrXx9+2P8AtgfHK4kuPG3xp8WLpd7vnfStN1OWwtYUmJ/cqIGjYR43BRngeuSo/HOK8h8Qs6zhU+HK+VZfl7jTc8fi418Virrl51ToJqlFbxTd99Xvb7bKc54cy3LebMIVq1fVeygowgrcqu5vR82i11S6H6d/GD9hr9jz9nHTtdbx5+1Fo/xA8RaZbyQxaF4c1Cz08TXUSHMclrH5j4RwAORkgjgnn+df4uw2Wt+I9Qj8Jw3baAl1dCymuJvPY2odhDl+ANykHjAGeQcjPtUnhV7mWW+1W6vdUu7kuXuNRu5bqWR3IJLPM7uWJ6kd2JI6ZkXw7HFE6G3jUFdoUREqB1Xk7Rju2e3IHGa+z4P4EznJ3KvnGe4nN8XVS5nKlCjh6T05vY0oaRT0tJyvZdOnyuecW4DFwjRweCp4anGT95S5pyu46ynaNlZdL3t56fDEvg2/jKPJbMUJA2hSxYdcrxhQOuDn+9ggDF4+ANXk2mO22QvghyckYIBzj164wAMHt0+m/FelJbRQvbxKjFsFiuFyhywwfXGAMqMdODW/omkifQvPkQb5FbGQMJyenBIyQeB1Kg5r9Ko5dKdSMFJuyu0170Uory67Pza0R8tUzSEaPtb25pWXfRK6XnqtOv3nxpP4UntFYzMd6MRg9Fxgjn17kED8BjHPrbiOYK3G1gNw7HcAc4IH15z02kcA/SXifTViM+0LsVG3EjgsQcFcH0zzwD1HIr5+ngVbtyWDKDkf7RznpwRyB1J46AnJHPi8O8PLl7q1r9uVv567tet1e/dgayxNKNVarmTS18tW9Xfe70tbT3tv09/4JXai3hn9rT4V+IVkit5tP12CSC4cAPEzPtBjckbThuG6jPHUiv7gv21/jZH4b/Z/8SXWoag14Lnw/Pep5t2xfdNa7MFdxBXLDCkZIAyMZFfwL/sa+Ix4W+MngLVru9t7C1tddtJp7mcqkcEaTxjc5x9w992fock1/R9/wUs/a8+GWo/A/S9F8O+K7DVde1XSYbOa10qdLiGMLbhXWfYx25P8Pyndx3GP8+fpF8GZlxJ4s8Czwf1t4WvHDUMbGl7R0VRoYtVJyqKK5FaM5e9J37dD+yfB7H5VhOBM2rYyGFdfLq2KxFB1OT2vPUw6UVFbv3orl5Vbm67n8w3jrVP7U8XeJr+FQBf6tf3KsuBxNPI2SwAP93pySF69/JJlmebCq8rc8qsmOvJztKEYznn0Gc5B1b/VpprwXcXzq9zlkkO1ZcOWaPGN21sbTt65xgDIH3fB8aNG8WeD9E8N2Xwo8D+GTY6Ulle6tBYeZqOouiBDeGZtxEsh+bIIBbDDJ4H9tYCnUwODwGGoUZVYwo0qTamlyRhCELtvWXMrqyS27XP5uxPssfi8dWqVfYuVepNLlb5uefM4pLa11ZbarXXT54/ZgOnad8afBd74vtlj8Nx6rbPqc11GXt1tVYuwm+VV8vu27r3BGRX9Q+u/tpfs0fDfw7HB4P8AGun207WYEth4e0vLrcRxhf8AXjdyxI/eZz0x3A/nKTT7SGMxK8RVsP8AuIo1bH90Eqp4yeMdScjmi7tbVojDAJDjbkMAH55Ofl6EdhnHU4Br8s8SfA/KfE/McDj85xOMoU8DSVOGHoTUYVPfjLmldN8zbtfstD9H4H8TcbwLl1fA4HD4fESr1lV9rWV2pNRi1a6bT35Xa7tpuz9adb/4KTeGLW2vV06z8Xa5eyXEjpI159ktmBO0Lt8vcqOB8wz/ABd8ivmPxb+3h451WSebw/4P0fTXmZgs+oNNf3Kl+jESOVzwCBsxkkj0HxSI7eFUJDdcmGRcgjKgk8ZO3OBzggYyDiuusxDLHvhhjSEsqyELuY47KOW9SOucggHjPkZX9G7gDKfZzhlMcTOHKubETnUlJ2V21dLW38u79D3MV43cWY2M0sTHDRd2lQhGNk7WSdnJdrc3qnsd5q37QPxx8Yq5m8U3lpC2VWDTbc2sRLcFQ0aIVCgkg5POCcnmsaXQPiR4it9+q6nrN6CA5WfUJ2Lk5/h8zCghslSpYkHp2x1+IGlaEWtEtIrieNSqxmMIF24yzOSfm4JK4zxnsKvH46avbW7fZNLtlwIwszgsEJJ6H7p4AGFBxjrzkfomB8N+HsDyxwuV4Kg4xVnGhTi0la15KKcttVfrvbV/E47j/O8W74rH4iqndtTqyfWN3o7Oyu3ZrrfqR6h8KfHM2lXq2tirb4sqskZllIxn5VJZiS2cn6445r87vH3hXxTomqXFvq2n6jaSLLIFS5glgjbaSS8alSCCMjgMTjac9T+lfh/4++LoriS6NvZ3EkakCPymKEYBUc8Ef7R49s8Bfi58WNB+IPw/m0/WPAkD+JIXJt9YRI1a2RxgkFU3EAEgBix+7zxX0WW4KtldVQpUKXsJyS5oWTp25eiWtr6pa2Wtz5nNK1HNqaq1sTKNWmvdjNOSkvdsotNpX1T2t37/AJR+HvD2oa9cCygQPJJLgM7BE5JwNxwFOcfTJ79Oi8U/CPxl4Rit7zXNCuLPT7zc1lfkFrW5QYJKSKCp3E92/iwB0NdPJE+mRMLUgM0/zGIFCHViVO4EFGA+8MnPODX2x8PPEmpeP/h6vgHW9A/t1FaGDTbyWF7i7tCzAloFwSAgBDMCVwcEHIFfS81OEeaTUUoq8dL3urO9m1fe7trdaPf5GFGc5KEU3K6XZJXVre61ZJ+Wm2zZ+b2jeBNf18mPSNLub6RiQBBGcAjnDHBzkA57EAgcA139j+z78QflluNCuIEJDDcASSzYwAfRuf0OR0/WX4efArVNHgBs/DE8EUZw0xhNqXYLjMhkGQCOSe/pgkn1eD4T3E6vJqmoWml+WQI0n1CBEQY4OSQOB7AnJ5xXlVs2hG0acPeVo3ve7dtVFXlptbbTa7PocNkPtKUZ1ZOLavZ6drX0vrva7un1ep+U/hP9nDxPGxkubSCKSQKUW4Ybl3dWXIGCvQ8npjnOR7hD+yvd3Fmt1eF2ZkDhLW3DuwXk7GU5wMcnHJ4PPFfdJ8M/C/S3c+JviJZjyF5t4L+JnDL2+QkuN2NoXlhg4+bj5++M3x38NeDZrCx+Et7da2XtZYb7U7pHaC2LKAUtoySGOchSBwG7AmopY7F4iSjGEoq6Tk1JRSVndXdtru3Xa1tTevlmCwlNyqTjPRWippu7a1kk07Xfey36I8V0r9nXwvJMbeeK+8whlCfKsnmBipGzAO3PA55xjua6Q/s8+HtAFnfiKe3vbW7hmi89xFvUSqyoD/EWOeABgj0BFdP4I8X3UGh2vijVYftWpSRzXRjG4SyszeYiKpP3iWJCEAkHHAFcfc+LfF3jjxFYS6tYX1tYC9xbWgWWKNYkcMWlcja/yg8dSR2ABr1cO6kpw9pJaOKV733i2tFulb5SZ4VWWGjG1KCba030vy9bOzfe9nfe1j6VtGURomVRxFGCMk42oAwY5wxyAAe5/OtRZTujAIUICpIBHB/h9+wGBxt53ZrFhRU3GNgnyJjzC2eAC+Mnk8d89MY7DVtlZ1b5wWLcKCMtyuCSR9334wevAr6uCl7vNb4UrdHLT3k7qWt2mtOzvvLzVe9tk+nzTvpvur6NXVr9TP8AEJVtMk2kfukkLjGGUY4b+8T6gdBxzyK+dLIsyXOZFw87HkfNgksMHJzgjnGfUHGMfSGuQrHp2oElg727AkjIyBjGR0OSecjsOuc/OtjAY5ZgykoZ3BJ+8wGSOO2TyRnrg8nAPFiV+806q2jTtt84tPou/nppzNLe/fXyj269Lrs36dF4PDPDqQYlitzkAjCkAtjofp1HHXvgehRAtGRgqqrt45bPOQcduuTwB7444nwWwA1MALtjuQylsHIychgAuRzz7Afh3CMG88hQHYjbkgrySdqdMBujFvTr3q6UVKF0uVqycrNatxsk0nezWvfRd2ZSabaStsr7q/u+SXy2+/StBG29gvC8AjqV3HoOx4yDj5cMeOld3oSsL2wQlAPNXbjG4AkYyec5PXpgZ4/vcLbJKTkABmYEnng5PQDnALDr1J4BPTv9DiB1GwVnU7ZFVgO/Izj1BA5A9exOa9vLUozj01V9b/y317bfhbY87FpOL1u0loknq7aX7q9/6Z9FxxySQQ5AG2NCrhtwOAD85+uOOM9SeuGNAzK2WA342EEfiM5Bx/dBxz9CK0VRlt4R5TbCgwxbJK4HA5ODj1JJPbPSGRRjGQAoOBwOvTOSf0+pxwa+icr22e17aJq0XstdNNLrXfZ38aTV1vrZtK/93R7a25la7te+zRUFuQiKVBYE4wCWJ7bTjHPAxkjHGe5eYnBBO05XJyRweSCOc98YJ6gipkwm3k+gBz8pHUYPAzyON27+HdxUrum3LKoLAgqQR0PByOMHjcDzjng4rPldoq19HtLXVLq1ypJ66aa2b5ilHRatOy0bWj8+j29OqsVFQsvAC5QkHGQSCQWIzwMcY71JDY3N3+6gQGR8xogBZnkZSqqoG4lyeVAGSO/QhQWDMqxAFQDnIIAweQFJPzAY6cfd69Or8IeI5/B/iLQ/FFpaWmo3ehX8Wq29jeIHtLqe1YSJBcxN8rws6qHU9QeMkAjOreNObS5moN2vZuyjonrbXS+29hqMG4xb93RO2rWq6W3d91+p5NB+wN+0X8StQ1QeFvhp4ivrm9VrxZZvD90sJtivmFo52VQ7Mh+QDknHQ9PyG+NPgTxn8MPGvibwV410vVND1fQ7uS2vdO1GBrOe2kV2VQ0EmWwQCVzn5WHX5gf6ONe/4LCf8FA9a1TUPDfgyTw94Hs7VpYLebwx4XjV7W1QeVFFHceSxlJjAA5Jzjv1/BH9rLXPiN4r+ImveLPitqt94g8Y+KJP7R1LV9RiW3uLiWRiceWAiqqg44CgAL1wa/I8Jm1PEZhiKFeFGnWjUm1CFVVJct42Uo6Wae+j5tLeX02LyqpTwdLEQp1ZUXGFpyi7OTtpe7urX1Wuqs9D5CP2ho2csdighckDAyPYbic88kjOdxHJ+lf2XfDHiHxR8SPDGk6Bp8+o6leXYt7Wzt1YvK8jBVJIBIUZyznIVevoPnVSBFJAUGAnDEcHOGA6nJORjBUEkYAwDX2t+xV8RJvhF8T9I8cWdqt/fWGn3v2W1ZQ6pKsWFZBjKsTzngnBGe1e5XxKw9CpXpJc0IXStb3rrWz6JWSvpfXTVvwY4Cnja1PDVFJU5yiqj1/mV0m0tlok9/W94/iv4C1vwH8Q/E+jeL7H7HrFtqk8c1jvLvC7OXUE/wAWQcKBgZwB3NfeX/BOz46fs0fs8eL/ABZ4q/aO+EMHxUhvfDzw+EtMmge7is9SbJV5oVPRmwpLfd6kc8cfp3gSX41+Nda+JHxEe5gXxBqU19vZmeWQtI3lxYIyEjQ7Bg9AMDABPvNr8NfhJ4Ze3jtvCjay6tl7i63MHJwSGIGAHI+71zjtjP5xxDxBSxODnhOSrOc1FTlSSVn7t9X7r13VrW0sfpXDXCjwmLhiqdSFOlBtQVSTu4tRSfu2tptrv1Vlb71/4faWHhXw4/hn4J/sveG/DtvcPK9q0GlwTLaxsW8oKfspcsFwDl8ZxjkHHkfir/gqb/wUV+Jek3Gl+BNDk8F6ZPC0ayaTpRtZQjhufPdduew6Y4wQFrzO3v7PT4o4tB8JaXotvkLG66fE7FQDzudG5LdTuHGecYrZXVfF9xAVjvns45AQ0UMQjJTGAVSNVPC9MY+6ODg5/H48F5BiMSsTVyuOKrSbbliZVKqTk02lBvlWt3srt9rI/WJ5jiIUvZPGxhBRjH3bXaXLu53e2m9+h4Nq3iv/AIKG/EOCSfxd8XfEtlDPvWRL/wASy2quHJGwRwyRkKB24x2wRms6y+AnjPWLRm+IvxXv7+WRmkmt4r67uzvB3BDJPOwkBAxngHBzya+hbPw3rOuAeZPqdwUcmMSLKEeQEAEFiFVc8449ewI9U0f4UeIodNW+1CLT7OPfjF/dwQQFWGdzeY+Q2Bu29eNwUDJr7bL+GnL2ay/I8PDkUV+4wSctFF6SjFv07u27Wvy+OzjKMHCcsfm1OEZXu6uKhTXTePOu++9rJI/PvVP2dvAD608lvZ3t/dLbYe5uwWUuikq+0gDA4J68HAGBk+N/EHwhpWg6vo8Wm2BaW2gVXltISqJg4bcVHDL8wzkkkE9DgfqHcaV4B069vD4k+IXh3Sp4FK7LG6iudy4P7sCNsMx5Hp90HkCvNfEPjD9lvTru1Se91jxNfwBvN/s6xZYpixIKs7KSyMwPTAyMcjDV+sZNwnxLXpU6cMsxMYTio3nCUY2ai0kpJW1t0eytdI/Hc/8AFDw+yudT2mdZc6kZXap1adSXuyTdrSfX5rur6+NeAbySLRrO3s7EyXCoQDJASWyPvtIyHGeMn5sjvjivV9K0DxdqcjSJps8kbrsXyoJWAJzjaBt+XpgsSeOMHOd20/aD8I2Cxab8Pvg1dalcyERRPewmdyh+6fLjhLKeBk56nGcgV674bb9s34o2v2T4f/CXU9OtZhiA6X4ZmDoHOFJuHh25BPuoxxjt7+C8FM7r1XXxXscLTnLmk60rWTs9V1t809db6v8ANs6+lrwZl0XhcBOvjalKPLFYdJ80ly2slzSadkk7dfW/lVv8GfFbR/abq2trGKZyTNqV0kCoM/NhZHUoB1wT1/Gs270j4e+F53tfFHjTR1lRR5lvpsi3VwMEkglCzE5/hBKng4avsPw7/wAEpP8AgoB8XbaG+8XxTaJbyyBwmvav9iQLKQfnt1MRQAMCVyDjgnsfsDwJ/wAEJdA8NNY618bvjV4U0S8WASXtol5DsjULuKmaaY7z94E525IADAkV9lgPCjJMFOH9pZpCrJauGHi6jumrpezU5XdlpZNKysrn5JnX0rOIMwpVFkPDteMmtK2L/c04u65ZOpXdGCTVur0b3sfgp4y+IvgT+1tOufCGi6rr0mlzeWxuYnhtrggnaNrIcow68n+IYz16WP4rfFnWLL7D4L+H+lab5kw8tk02S7uYyQB8siIRkZ3A45ycDpX9C0/7PP8AwSf+AkDR+OfinpPiq+syZbi3s7q2vJJJYWBeMRQnftZlIABzyDkgZrF1X/gpf/wTV+CFiYPg78Dx4svLJSkVxJpkNvG0qgqkhlvEkDK2AxOcBSSOnP3+X8I8OYSMY0soxmIhFJRnUoxw9N6K7c8ROFk7bqD06H4lnfjT4i5lKc/7Ty3B1ajbVLDYqrjKl5cq5fY4ClUTfk6setmfhh4Y/Zs/bZ+LRkfTfDHjGdb2RF8uw0meytRGxALeaI1AUAqcMMkDOe9fY3gb/giT+1D43W31PxzcxeHrFo42ZtZ1lRNGdoIWSF5FOe5XpyQMDOPWPij/AMF5/H89pNYfCr4d+EPA8UhdLeRord7mCEjCljAqIrKACAF4btmvzS+KH/BVj9rP4jSzw6x8YdS0q0kaQ/YtIna2i2DcFCkYIwMKBk5BzyRuP1FKhlmXwg6VPK8DZJSUpSxdSGsXZxpqlTT20ba17NtfnFbFeJfFFeTrVc5xVNuyVNRy6lLa8uao8VX5bWafs4Sbs9Grn7CeHf8Agih8IfB9guo/GT46+E9G+zDzbmC2vrKFwiYJ3PJO+Sccj5cHtnr1C/B7/gkL8CLazu/EPjuDx5qum3Hl3NvYXMeqJL5TDKmKHGQWGTznnJbJyf5bvF37S/j3xDNM2v8AjfxRr0kxZ2N1rN7JE+RzuXz8Yx/DggZ5xwK8A1r4p6zOfLW4lgjO4+YGJds5PzsTu3En7xY5PcE1w1uJcJh+aLx1WST0jhadDDJpW91SipVEtekk+9tEe9gfCbivMnTniaNKDavJY7E4zMKnM+R83LOdDD67W9k46Wa01/r51D/gqh/wT/8Ag/JfWfwd/Z+tNburTK2F3PZW9ms0kK7F5uYJCoLAMx7MT8wr5V+KH/Bfv4voZdO+F3w68BeAreRS0dxNbQ3VzGmNyqrwCNM8BRhccckc7f5bNQ+IOph1MdxOHkRlGZGyV4BHAHHUZAHUjOcA8heeK7uVmeSSaVnHzea7YU55K4K4wSMbcYyfTNfLZjxbl8HKSpuq9LSxFapXaSUb3U5yj1d0lZve99P1jh/wOx06cIYmskk4uSw2HpYWLfutr9zCMmm9VebTutbtn7R/Fr/grr+2B8Rmm/tX44a7pVs6sJbHw862FsNwKsE2IHKDOM7+g5IJr4V8ZftP+O/FrzSeIPHfi7xDcPhnF/ruoOGLcMWj+0CMAg7iCuAM4GCMfE0urXk/mEyiIu+D3BUcAkgEZ2jB4GOg5NXfDNpHrWoT2l5qCWkSx5afO8yEA5VVzndxkjOR0PGa+TxfiRPDxm6Uo0qcFqqKUbJLoo29EtFqkuiX65k3gDk3tKTqYGlUrStyyxEFKV/desql3o9r30PadQ+Jt1cj720yDG4yGWfd3IZ92GJOSCSe3BOa5mXxnrE25ftN35YYlgrAEDax4xkjOCCMYA4HA46zSvh/o+sXekaLoUF5retXl1b20CRqzCaW6lWKKPaqkliWQKOWyQepFfpK/wDwSw8daPolpda6LvT/ABRr1h9s0rw40ZWTZJZ/aFkllbhQoGCpGAMA8nDfl2e+PGSZVXoYfNMydCvipqnRp1JqE6jk0tI3crJq2yV0fu3DP0bsXjacpZbl2FdOhFSqTjCCSVk7J2XM3Z6Rbtdp2TbPyQuPEFyrlp5XIfLBpZyvHGSAW4J4BOMccH15ufxlp9o7I15CC7tnksyFc5A6g9QOMAEADJ4PHfGzwx4j+HvjLW/CeuNcrqWiX8tnNEpxGNjup2bTyFAGDwM84OePDHvGeRVLOGIOWPz5I5xnk8469Sccda+go8XTzDDQxFCT9nXhCcZKTd1JRat3dul0+19zN+H2X5TiZYfEUl7SjNwnFRSUJRa5tm1pZqzsrrayPoe98faeJP3CPcPgkMzEBuPl+XGB6H5sYySSMZ+j/hN8PZviL4VfxLcXD2UKXZt4oIoz++OQGw/BwMkkZwcE9VGfz0W9kXYd4BG5QrHBPUfiTn/x3AwMA/qV8GfiLo3g34PaNY3ywrK9wLgGIqWdpWBG4A5xxyMZwe+SR8lxTnWb/VYfUKs/azqxjOyk2o35pPRtq6t3Vuut39FlmTZNhak5VMPDlhTunKMbc142V9eu90rrZLciPwBkW/kVrgyW4ILB1PmKrnGSctkjnkYGBgnIOPWvC37L2hPLDqGowPLAHTbGybkZCwz2Gc8E9Oecdq0vD/xL0vUL1WkuLcLeSwhULqZUVhwxAyRjA4yMKQO5x9naZf2BsdOjkkjEdwIjFt2gOAMp5ZyAxbkcZIx6818Xm2ZZhSwd6tSaquN5Nt3UrLs00l21u2urZ14KnSnirU6UY01NtRUVZLmSi35abaXuup89fEH4LeGvDHgHVPEHh7TF0zUdM8hreW2HlSnaCd+/7w45BPXk8c1/Qv8A8EzNM0Xxp+zR4c1e6jnmvoA9nqUksrStLJEMAsSSxCkj5Txg8nbjd+NnxcWK9+GviG1jhmMiWjyxqqgFYkA++Q33uOMEdyCTXpn/AATE/wCCg/gH9nnQte+GvxUuZ7Tw5f3L3GmXy/vHt59xE0ckYJMSDA9u5PUH+APpZ8J8W8eeHWPp8OYfFYzNsuzCli4UMOpPEVaUk4VYRStKVk1JxT1te2tn/QXh5mmDyvH04YqdChTq0nDnkowp86cXF3lt2V76p3P6HPGnhDTrPT5TEsaxx20sg80jZgKDjnAGPfsTwDgV+Bn/AAUb1W3vfhzaK01pHb2urNGqBsNMYmPzD5sY9OvfIFfV3x1/4Kw/ACVrzw/4L1CfUbK+0qZZNUeQRiCV0KrHHkk7/wC6eOvGeRX81H7VX7WWv/FTUk0u3uXPhnT7m4e3SWUbpPmPzvtA5YYKkgE9l6iv5r+il4B+Jcc8y7OOJsuzDK44TEOvbHqUW4KUUkozd+j3Wid+p954hcW5DHJcRhaOJo4ipiKEqajRlGolJuKafJd2jG2vV/Dre9K31WUWSxQyLM212Hllh5UY4C5BIz2xyMZx3rPn8T3ekQOxid5Dh7ciQhwTwc8AYz3KjHGDxkfO/hj4gSSXsVqHMfnsq/OSUGD83UlcFSFB7YwMHGO38S+KLC8uLaKGURyYMcsisMbtoB4OSM+gwdueck1/qeuFp0a9KjXj7SCUXzWVlblt7zjfez72XWx/KUVh6sqk4tRak9LJvW3Lq767atK+nz8k+KXiaXU9SXzI3mnbdvJ+cKWHKjqPTHfHcYBOh4Ij83w5cRMm9UmO/K4O4gc9slW65/DoAafiGTRoZkkN5G8q8yFgHlOSdxTgHPTk4YdMY69H4IuILixvFtf9UrliWwDz1z2OemBjBznuK/T8tjGNHC0adKUY03GK0XRRS3s29fPY4a/JCNRaPR22dnZaPyb2trdJbXvXm05IPNnjXbxwNuWBA54x2wOQcivWfAUImhtpcEupJbOAM/dIwdpzlsrgcDjsDXMT2iTxSBUYExks2CBkYPHQkHnJGMeoxz6X4FsX+z2wAwOflPBXHUtgKSPm9TxwDxk/d4aneKT+Hl2b3d4v8bdmrdLXRwZZVjLExTSko33bd23p2vt16dddbHxJtpE8NXbKrM4idyNx4VVJHU8KCAOBk5xg4NflP4oeZ9SvScgmV3znpljxnPcH7oxzkDsR+wHxKSJvCOoEqpdbWV94+UkFcYOSMncB6DPIzkmvyR8VxxfaJpEkUgySE5XDKQxG0fN25z2PbtWVRqFaEdddWr2erSs931tdbWdlqz180hF1YyaXwK+rvf3U+6WlnfZW7N34ISyBSVY4JJDMOAOwIBPP05G35T8pxbhn8xVZj8xz82Bk4J6DPbHIJzxxjGarIgkIXcML0ywwxOWA64579eeuCK0YbVmII2n+JlwACO5HcEdTnHfNbc0UrtPTpf00/F30SvZpLc8ZNp2S31fXRWt83ff7vLZsgWjCspGDuJY4HTjPABHHbBz3BHPUTa1fNoY015dkPmHYnJDAdMbRzzwT27/L92Cxst1vFvC7H3Y2gYOMABj2PpyOPTodIaQHgCSZVdxEZ5brwCfbHHIHUnA7edVnSm05wTUGmumqtZX1XR2216dTeMpQUlC/vLlaSfN9ltNpWV2nrfVa2ZwsblUAJLtk8E8g5AyDyF/NRgdBnnp7J0SJ13KshyGLAngrkAc8njqOQOcAcU+68OyxLiKUOR8xZR0BG4jJyfX5eoI9ayFtp1dvvMQjgKwbCgc8jJPORj14zwDVyrQmla9trN7q2l7KzWvV97aXMkm3ZqzXnZp6LXWyV+3lsmiZpFluBGgLMMbAOc8jLHjJzjkg5AHQZr0jw7JMimIlYzsYsQcbgwPyjnIYA468npXCaVD5kwZhiQcYwOBuGScnAAA/Dk8cmvVtOtll2Q28LNLMgBcggKQAS2OcrkHOCOAOcgY8zFyg4qCaTum3skrpX3uul7WvbXdHRR0ldJaqy0t1Svez6aN76+bJLtmtovOty53sCFI79zkkkjOQMHuRWJqOsTyReWqyRoNnmMS3zbc5BOM89eMZPOD1rql0jUbSREaMFZA24vyhGQx25IA54UEkDac5ODVSaxMkjuiI8J+VlCAqWXk5I5OD1II464HI5aNamopNczsldJ/D7tmteqv21suuu8oya1TjZqy9FfffXRNaLpuyhpusJCyMsbzFkKsGUbeODgEH5u+7GRzzk5qe515IxIqq0ay/KnJEpPOQT6c/l0+U5OM9w8MxEcOSNqECM4OR8qjgE4wecHJ6HrmC60+7uGMsiNtG3ajEKFHUKwwTuJIwPX8j1KnRcuZKDbem17OOn37ry03OdO2j0cbOUndtxaSV+z31tfR921t2up3Ea7EkcMynEYcjcr4PUnC8feP6kAGqVxcvJC0UshbcSQFI3KcknJBw20j05GTzziBbW9tgjPGS5AUKF6p/CS3Izg85HOfrmK5mWCSRfIYSkqWIGfvA5GOQF9ffPOapKKneKstHotWmo3+ytbLbSzd3qTyxsnZNfNNptW1j6PdtJtNvc5qa7MFz5iK+xVCltp2kkgk8YwRjvxzwOmO+ttY8rTVlM25RiQ5YbvNOCFBOSMD0HtXOmxM8UhUxFWIzv4w2RnrnAA6lh3JOSK0ZdBnkskjgfevy7o/uks2MtkDlcDGTg5B61vUUZJOWm6S7p8rvuunra/qRFa8tmrK/4RvdK6s1Z7t7bNo9B8HfETxP4bvotS026ntkVjIzwybZdmBxvHqBzyRg819D/Cb4ueJvF3xZ8PJfSytBNKwILAs4JxukyBknnORkg4HJNfOek6HZaPZW0epOXlmIlZchowoGQgPyhiWwDkDPGMZOPW/gVDD/AMLb0T7HD5Aa6+XcRymOc5JKkg8cZ6dTjPn4Whgv7QpV40L1fawXtuVc1lyvTTpdbNq2h0JyUORTfLpdXv72jS2Saatu7Xd1ZvX9Rr+VzOQGI+8wTqFyTggnnaBnJzn3A5qn9wqWLPgAlQMctz2/hx+fy9gTWxfWjC4f5mZjg8MCBk+uB7AcAnGcZJrLMVzlQpP+sG4nBJGQFAIxyMnHpjOV4I/SIVNLW1dlblfkl1adk9lptZrdRJXu7O9tLtLa2r1k0rPRW0SaSvY4LxfAsyTIDtIiAK4HJJJKkjqpB/PgAZGPMPAhSPxLfxOcmIo+FHLcAAEDHGMgc5JUDJHFeo+JgQLoMdz5DYJxkZ789QcEtkgn3AA828FbE8Xam7R5GIwSRuIJwAFzgE8nkAcc8DOapOLrRTvv382nfzV072/BnLo+bu07bpLrb/JrrpbQ91EEbrvGVYAHHUbWwTzn+IYwAODx25qMjsSQ+QMqWyOVx0APIAJB9OcfL30JotiEYASRUbJJB7YC9x0OQAAB+uUwIBO8g7uVU5Vx05IA24PUfxDJ4799ru+raab00Wq0t638+1jBpvZ6ve/qk9NNm7JeXod18Nxt1tFO1lEilsNkAjPbd2GScDnj3x9HX+0qyngFcksCTgnOAvGAwPcH5sDnmvmv4bkf8JCG3jG7bIfRs5C4yc8eo4/Hn6N1FyCZCW+VOg6bX+XBx8oZcjr7AcYrrpTu4JXTVm7aWSei1S9NHe22uhjy/u72bfMrtO9rpNd9NWumt1vqcXqRWJwH28AngZPBGPl77RgnqODjPbZ0B/8ASbd1G5WkR2JAI59Ac44x1B9iScjmNVkDTBQQQ456ZGCG45Jz9SOoBHJzr+Hw0NzblGADSoMk9QcjgZPPIx19+a9KMG4N8zSald3d+l/LWzvdt9OZ628/mftVF6+9HR202stV62jfz0u2fil+19eNN8d/GRR9vlzxJuIGBtVwQoz8oOF754B6V8XaqLma5I+aSQk9GyUjzkABR3HJ7diO1fU/7VDTSfHjx1tYyyDUCgBztI+bgDnOB7HHrzx5Fougsp+23NuTKoWSFQpdSWBKq+ckDJJ5HyjnA5r8ozKtSoYivNtO1aVr77q/VaaX7aPbY+ijNuEE9NI37bR00021Vl36nmlvpstw8SGCRGyU5Dbd44LM2PlBySMkhjweAK9W8O6StuI4VQ5dV85yu455/wBWSB+IHfHGDmulMP7pWezhtyhVmzGFaRScsVBGQBxn055PQ6kd1bxvbGHashwkcaqAMsPvOB7Z5zyceoz87iMbOrdQTs7Wer3aV316vyezbTVnGbi3e+6XVNWcd7W2u07Nb3TSOetLe7h1VUh3NFFLkK4ARsHHzAjhgeRx1GK9l0rxhqVtC9pcSn7PHDtEIXKkjHzKGOVAwACOMDjivNLq9MMkrOI4nUhmLKQ+8DhUcBdwIJ29vvYwKybvxHHA8d1M6FthBiVlHTbjBzzz13KTjggE8eLi8CsxpqFWlzKFnFtXs3azu7u6fT4elm0hxqTT5oN/ZTteztZapO+iadrtbq199nxnZ2OqQi/SL/iYyF85VsOf4Rleg2gjGBnJ+YYGeV8MfDvWtTumnk0+UWb4LSnJjRSPmIyBlxkEDJxkcNjB7fQtds3gE5ga5Zl37JAGC4J2lcggH14PQbSTwO0v/iadC0tILWKIluWVUVCM85PGCV5B+6OoGT07Mu+s4aCwqjJ8iUYczvZpRW17v11tsrmtOUE4yqSb+FtaPovv5vtbq9tNjrfB3hnwr4JSC4vRJLLMA8yzA4yORhTypzzxzzz8vTt9R+L+laLEzadPEY0XLxLNjaq8hWXPJ9uM4B5BwPhjxL8XNd1e6kCsIYCuw7OuPug8nA5/PqS2a8+i1W+u52TzXkSVwGZi2cEnJO4+nIzjP16+vHL5VIuVZXTabSW2i6ty677arpu++GazoWWHbgklZ7Wso6NNu8bLVP52Vz9PvDfxq8G+LxHY6nbxW85YIJpGRVd2BAO/vgcMMcE8/MOfQr34fWOqwx3WjzRKknzKUcSxnIJXG0nYGyAT+XTNflLcafqOm2SX0Mtw4Zg+6LfhCBwdygAYyQccY+97994J/aA8Y+CpoRbX0t1HCVEttdyGVAqbTnBztGOmf7wBBAweLFZXVtz4OcU1ryTfuaNWtbTV3uu73vY+hy/iWlJKlmNJyg7P2lO3Nb3btpbpdb79Hsz7Z1nwnq+jtJ5yRyxqBlwjAfkQcnGPm5OflAAyK5X7HfyyKq2kku5gsYiR2LE8BVCrw/JAyA2ePvA12fhH9vvwoYbS18bfDzT9WhEaxyTxCMSuxABJwvXJ569QQvHO3r37eXwu03SNXtvBfwr0+DVLn5tPublVc2MgDFJRuBJ2tz3I64AJNeJOrnVOoqCyx1ZN2VSNSMad48us21oml2vvbRH0jxHD8oOsszjSio3dJwlzbR921rdLLe2iVlc4WTwvr1lZ3WrahZyadpVjG1zLc3J8qRigJMShsFmIUEddxxgKK+M/GPiu48S6xdFHkNtDKVhEzfNHCGHzhSMB2YDkDgEEHHBh8dfHDx943nv/AO0tXupLW9na4ltYH8q1XcMiFIkIAVM4AAIYdQM5PmUN5II5JdhEk6nLOTww6EDBK4ABHHHevostwGIhJ1sV7P2sknywTcIKydk2lzNaK9lveyPiM4zmhipRoYWMvYp2c535prlSi7JN7WvFXVzSup41eYRuqOM5wBgY6E4PzsehGTjp1wa5q/aSV0kZ1bcVzvxkKM5A6YwQcDHUFeopscczlic7ncDdycj2APoT7c4A64muoXSVVVTtAWM5wQTkE7f4exI64z1YmvcppKUbxd7p391O/u9XvtsrdrOzPnpVOdNWdm1fVX3T1W7T0s+uy21/Ur/gnykjeFPH77gV+2W+AOMNsQN14ydw7MOAARnn9DERig65ADYHUY98Yz7jg8ccgV8E/wDBPSJJPDHxBQKflu7Y57ZEac8ZPI56DtxyK/Qg2zKcgja3BJBwM8nvyMjAzntu55r6fA2VKLaWq0dtbWV7K8bPZu6d9GtDKpTUuWySdlfVN9G3bXlT1tfTe13czXZnbjKoFJY5BJIX1PYdDwBxktk15x4giQ6zp7ElG2uQQAMgEBeScckYAJ5GRz0r1JlCo5VeSSGwD0yQCeRg4OfoecCvNvEkcMWorO74jggYkSDbnAIA7D0PAPOfobq1o0/em0op6votVaz1XS1lbfVanO4JrTyfd9LN28l6JdNDNKSteW6oflE4YAkc8nJ+Y9M5zjv65Ir1eBJvKC5Csqqq4APJ5JyRnkjjr2A6mvAU8d6JAWlZlxaEs4c7AQpH3CenbPQDPA5qa4+PGjW9tPLaoBKiFVWRgFOzq+ck8NwFJB6YOM48tcQZfRk+eackl8Pb3dH3V9Nd723bOWthZTcWo9L62WmiTWz02vqulib9oK4EXw31cyIXYlg0Z+XdkEDHbOcZzz1Ofu5/KKOLTtTaS3v4PJkjBaOQqQ5Ln5fmOc4xk9exwACD9RfE744S+Kba8067u4hYHc0UaMuXfBAVsEfKW/4FkADivmrSRpOpahNJcyeW6RgiNCSr4PyAEcE4+8CeSMHrXyGd5ksVXlWoqaUYpJ7N22emivor31PSw03Roxgm1KNktd726XVndd3q10WlZfDunwOr3Eck7OoXyz0wxGHwADweOTjsa+hPhTr+k+B9f0DV7K3t4IrS8iM5kAySzqC4BOcIAMEEEbSVUEAV5lqN5aJBH5DxTJAh3gj96ABjG7u2OAOoAx2rzubxELiSEJDJHDBKAdhOG+YYYDklgQBnPK+mK+Z+s4rETUnVcYw1V20tHFN30emnVJ6W1OhV5QlGfNe1nHmbXWPu3V79nttboz9r/wBtfx/e6p8K/Bcvh26uryw1fS4bq+a2J2JsiBGWA+ZA5II6gdyVFfjSNZ1B/MMlxK0xkJEcjFUC7uhIPIHUMSMnGe9ep6v8bPG2ueGLDwlPfsNI060WGAXJVXW3IwyEMCcbTjhi2cEmvE5Zw915FvKjpKux5M8qT94DJzgAn0HeulzeJqc04JpWV7aNrlu93daN3drXXQ0xWKjWamtFaKaWib91e6ldva7ukultUlq6lqUotp4J7lAJVDEk7nYqB8iEk7R29gM5zisfRbSK9nW4RARGBGqhyAz5HJXkkA5OQOeR9eZ16CWxdpzLLcRKVVVBO0ls52nJ7AEg9DztDVmWV5c2imS1uJI5iVdVL4YEnouDgAD15BxuPAz1wwNqblTUVzat6vSPK9nor30v39TilO6uveStdJ7ax6Lp83e7u9z1SXQrsi42zoN54COdw3ZBQAnC7icdunYgiuXu9HuYLZZWeQsjfMN2FUZxgNn5jyB14GTwMiui0GW7miEs86+fIy5VmBZkGCXfb0GSRj8Bjvj+K9VlhDeScWySYwFYq7dDgckjPPv0478tL2ntFStumnZPW8o63vq/Pq9gjZpdvPTdp/N7aqy2XpatdWubJUWSTbiLKoCcnAwGyCMt1yck4z368/PqhuZ5I5YfJmlkLiVnJJUsM8AAAEemc57c1xF7rsrAFCNqgb23EYbONoHBIByCCeOgXBIrZtdQn1JFMaxqQArTDGUUKOoPzc984C8nPUD1VglTbmkk2tbK+6S6Xbad9fu3D2jW9rX7t72ta6T3Vulk+mz9z0DTUvYbZo5Y2gCqlxJwWDHJHXIyMjB9gOpBPu3gzSLbTb+G+1CGK9ti6pHHKFkRkJ4Zl4DKeCRkDHTIyD8w+D9SNpbskko8pHJkBOVdjkBgM54YAk56AqR0z7jYeLgkdt5MIlEW1HcNwWx8rDJweCN3AxgEEEZr5DO44+E1LCNxaaalrdWSklol2u07rV+V+ijU5Vp0aa37JO600WrSs3dO7sfc8fxdvNE8B6p4Q8KWFtpP9p7l1C+s8JJPDIGV4CVwTlG27AMDGOeRXyJe6W82oTSpbPJMXyInXgnBLuzYIB46kZyTnvSaX4qvbm4ZUGUUn5uAoJzwVIGSMDOTwMHJrpLTX1HnSTACYKQ3y58xcH5VbgZPPAGWGQc5yfkauY5xTqJ4mU6krpJK2yUb6/NfEtt9dTvpV3Hls7RvrGy30Sat6pXs7ryseGa2lxp1zePJGERtxKKp2rt42ryAB/d474yOa8XvPHN/p90ZIAy7ZMxlSw2FSQBnOOSD1HOMDPf6E8aO94y7ExBOxLKSBIeRtJPtjgDgdjzXlF54RtCTJ5XmeZliGBJBbOAMr1O7sDyAvQYP6LkWMpLD0p1tZ8qaTV3dpXvqrq7tq1o76HsUpVKtOLjK293Z3TfK9Wr6LyXTe543r+qXutX/APbE/mvPMg83auAMEhQNvJwOMnap4GccVZ0i6mj2ISW3YKggk5PTA/8AZsY+76A16Y3hS2G4MrksoUALgdQQAvTHQA8kjIwOcUm8LQWalyXRmDMPlB6DoOOM54xuOABnufoZ4yhWXLF2bSUVbRaJKyei7paO+j13Tw9RuT+JvVu6u07ed03vaSvdJaWOM8VbptOtXCEsJC3K4XOBkAkZycd+T83YV5I0DvI7/dAk5V+nGQcA4bGCfmz0yMZ+97/rUEb6RbL5e5Y5XUHIBDdznGSM4yen615/baBaTK6zySRuWwBtOxQzcEfNgc/XJHOGOa9XLIr2SUpSaUm3bVu3Ktnvfra13pd7Hn4ihz1k3fTRPvpBN2drLddF6O9uKjtnO4qOBwdp7kdgOhA6bjxkZBrRtLOYhyv3FwDzu4XHC46LjGRz82c/KQa7dNAMS5tgt0CgLADgYPGADyTwPujA4GQRm3DpyRrumRo5HJQxlDtJG0ZGDtPQZz7dSBj0J2V2rWaXRNJ6db6Pq7O/Tqawwily6SuuXTo3Zb3fz3tfu1Y4qESJIytwpKg8ZIGf4TgZ+g6ZJBx09G8JW4uZlClsLgoXXIJyMkgjIGCOPr7U22061nZkMDgghfMQDncMnAAIA7EcEZ9Bkdz4d0sRzqls7KI8ly3BZRztGeecE9STkk9Qa8bHTg6FSN1dxlZq2j0/FOy0S3fy+44Qy+m83wbqR5qarwbUrpcvNC66peXS63tdH0/8KvDthfCFJoIZipWRztBICMNxU4JGc4AHXtnAz/Vx8Dv2S/hdP/wT41n4n67orX+sT2s7Ldi3SQ2iIhEPkORujaNscLlizYOMHH8qvwqu1s7rD4CeW+7IJ29CCCSN2MkjBPUY5wa/r4+DP7Unw98Df8E4/DvgjVbaLWbvX7S7szamZQI5JPMUSSc8BAOQwI3BuQea/wA0/pF4TPMbmuAwmDxmMpOeYwlR9g5vnqRlHlg3CXuxbbfM/dTWuzR/t1kiz6l4M+FEfDvL8U8djPELh6hnUcojGOKr5XRc62Lp1qiSvQnGF5xnNRlZJtpH87/ibw1ZWupz6Xpdgl6ZbspbQQwGW8ny2FTyo1Zg2CAQABkHtX1R4H/ZG0rRvDlj8Qf2hvFWn/CHwNdRtNYaQhjuPHOtRlNypZaTGy3KCTkCYqAAc4OAG5ib4s6H4K1fUtT+Gmg2R8Qyu5l17Vo4702Ezu7MNPikV1BBO1XK8Y3cg8+SeKtY1fxdI/iLxfr2qazqtwzyq19dyXawbznZbwlzDapwQqRIigBQOgY/rfhdleY4mnRWMqVXSpUqceWdWTbcVBS5lGWurkrKUe7m9j+jvpAYfE4XKKVTCYHL+FlUw8amJzCthcLWzzEuMIupDC03GWHwd3H3q1b29WzbjShpI6zxZ8V/hJoGqXWj/AX4fyf2ZaxyWsnibx/O+p6tqEoJH2y3tAYxaCTO9Y2VymcE8HPkeneKtWuruaHWbuOWJ5mdoreGKGKDcSWVAAB3wo6g575rFv8AQVnt2ns1e0AV33BD5srY4Y85GWHKkcjPUV41r3iLTPCqPLquoOJWG5LRZt11cscAKYwd0YLY69COMNtr+yOHeD8JWo4adKMpSfv8zaTblGKcY30UU/s6Weruf40eLPjXiMhxdXLcLU9qqMmp18RUVSVVrlT9pzRbm5Pe6ST0STsj7/8ACvxS+HOlaHLo2u+F9OuoCGe61SdYGlVADk72TBbPQA9sE5zv+W/iX8S/hp4+1G28PfD/AOGuiadFaXLi58RX2xJbwruwY1G0BWPXjHPGeg+UL3xPrfiuQee9xZaNCPMTT7ViJXiOAGuCgXG7PIckEjoeK+k/2dfgL4g+L/jjRNA0jwZqetPqE8MVhp1ndiDmVgFu9YuyTFYWZOCS5LkAldvJr+ivDDwVqVs/w2cVXXlhqLhUqRqVZ/V4Uk1KXPduCjFXs5WutEfxb4xfSJxGccO1cqxNHK8PRVH2br/VaCxE5WSjGFXkc4rmsrx96V16L9CPBX/BPL4E/EX9jDxl8dvEPjXxFp/xT0rRdV1zSPDXhy0kfw/arpbSCOHUZQjRyG7MQxtdcBtuGr8Z/APwk1b4leK9E8L6ZenTNS19ilul3ayLDGyk4fLZwmOcthcHIySSP7XPCf7MOo/BD/gnZ8Tfgx8VPHug+C7lLC+1rU9c02O3urPRtMmja6ttBTVCfMvLiXcsTqjFWLYAAr4H/ZI+FX7LF14e8J+LbPxTpniLxVbyzaXcagq21rqrortHCsNi5Mhj2gbplALE5BJxX9c8McNcFZ/LPsXjourQy3N/Y4GnhaDTr4SOHpuCg4RhHl9pCdptzbvG8rSVv8yMw404uyjD4mVLB1Myr4yc54X92+ShzVpqMak27Lkjyvl9xWWkXqfi4/8AwTV+PcEdzLpmoeHdXWAEALeJDK7KR8iIy/MSQMDJGevpXI3H7DP7VWiWj3kfw91u4ghdws+mF7lZApIZ1EZywyODz6dc1/XNreqfDDwXH9kvfDKS288aJp95drHam4kO0hVJPzsQQQQcg9+cnznxP+0f8MfA+nvbXlifDmkyyxxrqczecIZH5kVI92GUE5GMgDBOCMH3Kvh9w/j0quW5DmdGg2lCtKvBQcU0nOzbb5b6qzas00fAYPizxSxdWSrZdl2JlzSbwqw1Z1nquWF04xv110V01e1z+R5tL+Onw/vZLfVdJ8T6NLaEF1u7S8jZWjJxh9ucDGRtbIxgDgmvX/A/7Xfx68EX0Emj+PvGGkz27KUW01a9gVChBH7ky4UBhg5UgKARxiv6Irz4xfALx9Fd2Gpaz4c1uEMZIDqGmWYl1LzhxBFKQHLEtgD7wLYLEEtXy/4q+C37F3jfU5dP1jQ08GanIkglvrB0s0Ny+TEGlZmiQf3lI45HTNcON8JaUotYWrXTai40a0FWg7qLV2uW+9mnF72eup6uG4i4ijVhDOeCMbhpSd/rWEp1FZpxTlySimkt2+fdXR82eBf+C0P7b/g62XTrH4yaxfWSxbCmsNHeYOOCrMm4Y6Ag5BBAIzivqv4ef8F8v2l7RLPSvHei/D/4j6fFL51y+s6ZEL+WItlozPICmRghSVJUHJ5r4T+LH7BfhCznnl+E/wAUtCvmSH7cmk6peRm7vI5G+WG0nViJXZiEG3OTg4555DxB/wAEwP20fC3hZfH0/wAIdTu/Bh0f+3X1PRSb68ttNWMSm9u7OJVkhgMQ3hucLz3O38w4p4DfCapV83yvLqNHFO9GpOnRoTrOMYy91tQm5Wd9NlZWXT63DQ/1h5KOExWb+2g1/s1WeK/dpyhzRUKkpRjHm91pJp627H7W2n/BYL9jv4sl7f48/seaArAhZdT0ZLCZd4HzuqWttHOWJJO3zCckjL4Jr4s/bk+P3/BNn4n/AA20u0/Zs+Ft54R+I15q0b3l59mn022sIAT5ouDK7C4VwBgKVwe3Br8d/Dnw88ba3qcWl6DpHiTULmclIYLLS7uZ55lkCSIVCEBkcbWBIBIHPHH318G/+CVX7ZfxUkV4Ph1PoemXrRuupeKiumosMnPmLFKqsxCHKqCCSMdTk/gfFnG2RZTQr4WGNVNRhOHsJY+rVhCPLG6jQqVZKKdnZcnou365wP4LZxUzPBZq8NiIOFaNb2/sKeHc5KSaVSrGnTclJOz5nJtX10PkW202G6hH2K7sZTGyqgLBQ8mMYY+mSSWJ29enOPu79lP9ir4mfHvxRpc2j6RaHRoZ4jqmvLOI7WCPcu5I3O7zpzGSFCe2R6/tB+zX/wAEDfCel22i6h8dPHFxrjwJHc3miaFH/Z9nnhmt7i7kJ81FdTkjBZWIB5BP7SeCPBv7J/7Knh6DQPC+k6Lpx0qIKljpjfbryZ4+ks4DlZJt2AzMThskc8V/Kec8e0q2JdLKsOqnPLXEVUlBapvlhbnnK9tLWu9W0mf2Rl3CdaFOnDGSq1qqhG+Hwy52n7qTlPl5Uls7O1r662PgKP8A4JQ+APGPgTQfBnizV7+y0rTVt5EjtxHNeSTKMzN5kcauiySFivLHBAOea+g/hd/wTa/Zn+CdhBONH09jYlZRrXiMW73iCMZ3RCcYUHHBOcEbeSMjovil+3pp2iW9ynhXSbDSFCmOG81VonuXOMJshVcqNvzHPA7NkE1+YHxV/a98aeNJ5lbVdT1i5kkkEZV3h023OeFRIyquFUheOvHIJOPKo0+Js/lGlGVd0ZNJqPPSpSi7J6pptadHd7Lqz67C5fgsnh7XELC4LRcsWo1sR9nVXuoSbd73avbTc/XbWfi18Evhjbzv4asob6S0QQPqA8lIkEQ2hbddqxyAnPKoBnG4Yxj5J+KX/BQSK3tpbLw/qi6TtBRLSwMYvJk5GXuEUEM3fjIOAK/JfxF4n8Z+I5SdV1i6SFkP+iWcjJCQQM5A4GepODxkc9uGuNGuZBuMUks3KiUnzZNp4OCckHGR17+pGfrMr8MqMaqqZlVcnZS9lSTUW3yJXfxeX3t9GceO4uwlOMYYXDuvKLf77Ey9pbbVRfurfRWSvtq1b6d8Y/tOePvHM9x9murpIJTIfNkmd7kLnbukZmKAnG7gA+nPTxuNdZ1W4eXUb+6kSXLsrTuzyFgeT8/GSCMcAAcjOCfN/wCyLiEP9luryKcqB1YZOAcEdAMgk8ZI3YGMCum0TXZROmlarGFuiD5N4rbYJ0ReAzscLLhckcE/xE8GvvsDw7leX8qw2GpwUbNy5Y817R1baveyd2v0Z8xjeIcbi3y1JtJacsdIxTaVlGLSSS6Wuk0+qO3tbSK2OwISGGNzDzNpwAuOv8PPPBIAI2ni8d0bfM67eCqbMliucjapH4A7Wx0zwR4p8Qfj98LvhlG8/ijxVp0M0Klf7LsrmK5vCyKFCmJCTkke2DkE4r4X8c/t/wCra7cy6R8IfCd1PJOWjh1K9heWU5GFkSIKwXPzMdx4xgCvWnQSlD2cItK17dfeV+l9bPRJ6NX1OFYq9OXPK0nbluntp67u6srKz0vofpV4l1nRtLsJ7rWb6x02ySORppryeOLaEAJwrsGXruwD97oMACvyY/aM/ae8Atb3/h3w3etrLxNKolgbfby3B3BEjfBVgp52g8rjA9fNdX8FfHz4y3f9p/EXxRf6bpUx8x7LznhXy2J/dxW8e3A2/J8wbod3PXlvGfwI8H6B4dzFvmnt5SZJgh+2Ssv3nV3YhxkPwo4xjcOK3hh8TQmq0aenIls1H4o+mjt/kmcVTGRnT9nonLR6v3vg0ur9m3pqkfNdlrWo6ldi9vw0QDM0MKkgYkOeQOBjd8oxgcDp19K0q7neTfuypQBsEfuyRjqc84O1vqwHpXC6loug6TEJrfxDLYkbsJqChgzBTyoPQgfKMZx14BBryq8+M0fhq9FrLpz6pAz4jvLdtqylSQMYOBnj9O2a6v7YoYe0azStJLR639217Xbte12no+jTOdYCtWsoxdvd3Wjsk1q9umrtp2ep9gRXLbY1RixYEnBJwTx2ydw9evYk45kEkyMRkkyEljnOR+PzcdOQAOCOjZ+RoP2ldKtZCreH7/LMCxByE4GAp5H0yOfUYOdW3/ab8Jlttzp+oQuxUYKMSmeP4emD268+ma3jxJl7jFOvHm5trtNfDp+XZNt69WPKcQk3yNrpZq7aUdbNt38rfc9T6qFywJif5mZjtZuCQCcEYGdvTJxn2zkVcS5LKigDCAByMkjBHHOOe5PBHCnOa+ZrT9pT4eSORLd3UMgJx5kDYByV5Y9hycEAjIBZsgHotO+Pfw8u3AGvwIXc7kkj2nPGM89CemQPQ9M10f2zgpNcuJg1ZaNpJPe7vru3dLV26nP/AGbVjF2hP7Otk92nfV9O2tlufR1nK6zLhkCh92MgnBwWOcfLz2JGRwM4FVPE07TXdjFFIA7hm87AxExIBYfMOmcdzkYVeoPnOnfFHwlcyARa/pbeaQSWnWPA5ILAkgEqD1xyep7y6h4o0m+1XTlttWsHifd80VyrK3IID46cZGB97JDDqK6qeYYSVNtVYttx15k9lFKyaVls+ui30TOd4KpTk7wkm7O7T6pK9ndXtay0tZvXp19nYanBLvl1BJoSQ+xlI83nsCP4ec9cnnqtdAlwTJHtOSByygqBnIG3jngepJH5nnZNStI1Dtd23klRiVplCFsrgA7uBwBxk5zjvVa31yxkkkWK6tZ13/M0dxGQnoAd3B4JwDk56DrQsdSjLWtD3rcqbStrHWz73e3p0ubLCTk17s9e0bO+l9V520Sta3mjfvbiRRLGoJLMMkHJJxuPPdgx6gndkZ5FMSflC+VxF1yQSccb1/u7gM49SfQDn7nXbVCGEkcoDkhkeNlzkcDDNk8dO/Q9jTpdYthAHYiRmjJIDBCoPPOSOmeMDPRsemsMZQtdVabXu31Wi0ervZt32XTfq3l9TqRTvCa7NxkvK7tfZNvRdjq4boK6DDZYqo3cng/McdBwcDA75BVmwdjT7lA9wrZdmABLBsjcAOhznjGW28YwCDmvPRrVusUUguYcLwfnBMSnIwcEgngZJ5G7rnFXodctYFEpmWQyhvmQk8clTxgZBIyuOG/4ERu8VRbi1Uhokm01ZWS/Nuz6b+hEaFWMW+WSababXW8fN301s7JLbU0PFMkUkVsNrhRdxqh6EBW6gHqfUgc+3Q7kU+1RsDEFRksckqFGPQHAGBg56Z55rzbxDrVvLDbBpFKCeNjtbBQAlsuM8YyeM8Z64AratPE2n3K2zQzxk7Qh3N/FnB3NnBGCBg5Az/eGBxRrUvbTj7VXk4qKk972vazflvr8kaOnXVFXjJpNLVWfLdW8mtrNva7uegw3EakKdxbeCCc84AJ7DIHPGTgcjGCKviVXlJUDMkbFieCpHGQehwBzngY9645dWt96kyJK/wDdQ/MAR2A+9k/eHBxg8E4OzBcqY45N25mLDAIDc9iPbqV689ycjpqcsoxs1LSz2620vd9Nr6O97bCpKaTXK1prpyvSz3t12spJ2bdlozpFcRw7SQCuQAvUlvvf7JIOcn5QeBjkVlXZAVWYruVhkFg2cYwV6DIIweMn64xnX19HbBWLMxZ8Mitltx54UdOwHQhQQDyTVGW++0g5+Tq+0g7jyep7Z78YHIzwTWdTl5VZp7WV1ZPS8rJJ2va91ddrWbFTknezsuV21Sd7bpauyd9UldPZI5/XmRtY0AHb5gvQREOC3I5zwQp5x654JBzXsL7kSN8Bc5yCCMEZAGQM49BzjkqOefFNQjlvdd0GWFMLBMxd22qoIIz8xOFPHOcZ4wcYr6B8K+EPF/jrUU0nwroeo63fTOqR21haTTxKzkRh2kRSijcMsc/KC2egryXicPQjWniasKcIyT55OMNuXq/S3ndt+fqUKFavKFOjSqzbTVoxlJuV01qk/Ts773MiOWNkA2lm5JA6YwRuGB90EEHgkZPWpNP0PWvENwun6Npt7qt7KxjS30+B5pGL/IoZowflzgDOCO/t+qPwQ/4Jh+NtfGm618XtTh8OaTKFmbSrRt17ID8yxySBQFUoQGDZIIOOCa/SHwt8Jfgf8BNOGn+FPDFnPqSY8y9mgimupXCklpJ5QSckdUORzjIGT8dmfHOX0JxoZfB4/EP3V7JXpxuo2vK1vitZWbdrXPrMFwji6sY18dNYOgkpNTspv4ZWae34O+nr+EngD9gD4s+L1t7zxFaR+FtIuGWR0uBm5kjIDfNGcFSwyeoyR69frjQv2JfhH4MWJ/EEzapPCikxMoYyyjABeIDcAD055GG56n7x8b/Ea4lJ+zyxadAuVjtoduSpBHXJ555APf6k/Nut+I1jlkuDdqxkdj5ly+4hm5bCgsQM4wN3PChsk487CVc8zOXNX/cwm1anBJNRbi9783Xva9r2N66yXLbxoxeIlFWlOTvZ+6rxV+j3eja3tqjzfUfhZ4EsYjBp3hzTLO3QFUnNvC0rKO7BkBAYDqccjj0ryXxL8MPBN7H5UunWaqAcypbRKm4AkliUIAAzgYYEjGcnj1a68TSXs7xxwPcytkL1EQXGBkZx0GQxA6nkDGMd/CGsa2XeeXbbyBl8pG2qm4dcgjJVcA9c5bvX2WV4CdGN6jlKSa5lO7lJrlVpX899dPLQ+Rx2aKpUappQi1aNk+ijrZJXsrPvutUfCvjz4EeFL3c9hY218ykhYoolIXkkjcn3funrwOgHUH5V8R/sv/b5pbjT9Om05lLneGYKrZH8PHHQnrwR6gH9h7f4OJYyG90y7kjnDDcJm8yKQggMCTkZJGecnIx3Aq7c+G7chYdcsYIbg8RzxRgQyqeAr7erNg8nHQHg8V68qNCaScFHySSe8ZaPrZrdaq70PLVeopc8Zcy6q7uno+qv91+rPwSW2+LPwO1WHUdKvrt7GORd0cQke1kiQ4McyYZRvAAOcMPmOeMV+inwC/agsfGEMcDullrcIVdU0G4kGZAcbrm0V9u5iCWZVHzDOACQR7r8SvhTo19pd4YLO0eKWNla3dFYDeDuKFiRxkEFemQO5r8a/jB4RufhT4mXxF4av302SC5aSCSOYQyRyo+TCwyDJDJ9w8cAgDcARXFWnUwCjWhVfsLxvFy0V2rrV308ovzV7I3TjivcnSalpySSb1fKn2dmnbvdWs9n/Q5pPiqz1S3t7q1uBLauAgeMYljYAl4pFySAGGDkDseAM1LdrZXju8sQRk+VSnG/IwDkchycnA6tnAJ+9+Tf7N/7UUHiKzFyZCutaescXiHSXbdHNED/AMf8KZAXGC77QpB65OCft+5+NCeIJLTSPAkSatq95FhbmXEWm2pO3CzyPlWlUnIG4E8cEjNe1gsbSxtOLg020rxveV/d0Xm7tbddDgr4edCVpJq1nZvazTabaslf70rddO48Q3Wm21vcnUrmzexKuGa+dY5lI4ZEJO8kDhcYJwQOcV8+a34E0r4jxz2/hLxFqOn2cSudT0WKZoRqkcY3MkL5XkgHBHUcHHNeuN8K/wC3bOW/8Z6nJqWttkiGB3Gn2rMNy+XErbWVWIXIB6Zytefah4Y1bwVqEE8QeNoZBJbXEGVR0GcRy4wGU4KneORlc5253qYZzUlLTmSbV1eza3dtHrve+/knzrEJNOMr2V9LcrUkls9dFq3b3Vvo0zH8E+HfCXhNPsmh6PFZTxl457iaIPetKg2uJ5JQzn5g3zg85AB4ruZdatoQVVhI+D/vAg9A2fu8Y7nqTxwZNWsYPGuk3Pizw/H9l8QaTFu1/SYAFa5gjGHvYEGNzcZfaOOpzkmvJrW6N4hmSQvJv2FXOGjySGEgx36HGBu4IFLDxw9OLTjyyjo1byjZtvf5fgiZTlVnHm5mnrbdRceVb6rpGzW9k3udFf8AiiVpHWBCmx8MSzbCo4IBHBJz7kH1NMeW71GNWh3Ko2g7Ubhs8qTkA5GCT0Az8xI5pTJZW1ubu9mtYFBDP50irvOD8oLHABPIJBOMYyOa8R8e/tH+E/C27TNKkN7qpAjFvZt5i84UklPlJU4ycqMDAbjdXJiswoYaMnOpGMXsrpP79PxSe26Tv1woN7JvSN9H7t2nq007vZf5e6e5XVjY29vNNd3CKy5JjY4GcYYMoPzZLZYZ5B6nt8g+PfH2i+DtX1OSwlF1HfgA2dszKsd0Dgt8hIG4DB4DA9e+PPdX+L/iTxDMgu7trVJWcQ2NqWlu5d/zAOiZKkqwzuwQT905wPBvGmqXD3TJd3UGjW8wy5ndZL+Q8MSeSY2YhgBkFd2SCenwWb8S06f8FNtbS0bu1G9lrfVb9rK6tr7eCwKm05KKSsmnpuo73201SSXSyudn4v8Aiprt/Cix350i1J5s4Pnu3TGSzAEHJwR0z3PU45zRNO8UeLZkttOtbpoJ2Hm3VyZHllG7qZGJ2pjJOcZOea4rwtdaF4i1uLTtME13cxyxRvvUyz3bbwCEZiwROhOcg56/ex+unwI+DXhvS7aHX/i74i0nwdoQSM2+kxXEI1PUYSm7awyDGzg4KkAknnBya/CePPEyeQYOpXdPEV60otUqVCnKrUnKy92FON9Xffp3P0Hh7g7E53UUKEoQpcyU6kpJU4LRPmvZdLWevRdTwf4U/s5654gvrOy0fQNQ8Ua9KUVYrS1ea1tmbAxK6psRUbO4k4Pc9Sf1b+FH/BLDxf4ot7bVPiXrUPh7TJPLd7CPBeOIgM0ccAZSki52iRiy5JbaCK6XSf25P2ZP2f8ARV07wrL4f0OOOFV+1EW8+qXxUBQzvzIrOSCRu5JO3k4PyR8Yf+C3Gixx3un+FGu9TYCSK3MbFIA2Cok3DqQuSecDGAD3/jPOuJ/HfxFx1TB8N5Nj8ky+rUlCGMrUpwqKLkkpupK8KacXf3VJq2jZ+1ZbwVwTw7RhXzXM8JiMRBRlKnOpGUdotpUoO78r9tl1++/Fv/BOL9i/whpT3PjHWfPezjImf7bDDLLGhBdpRnDSHDEghuvJJWvg74u+Nf8Agm5+z9pl7Z+HPAmheJtWiSSO0acQ3dw0wQgPK3zbSWJzx8yn0AFfjL8b/wBu/wCNHxfvrhJ9fvNK0q8aQR2Ntcyq5iLFirlSDltp7jPJycHPxZrurX13eq+qXN3LJcYlMtxI88x4J5DEsqk9Tn09gf1nw9+jjxzUdHG8c8eZ3Xi3GVTLsFiq1KnK/LJxlVUouSesWoJK10lrc4s1464cwVOdDIMlwtRqyji61CnyReivCHK3JPdc2l30ufTnx0/adh8calqEXgXwfo3gvRXmaOKDTLaOJmjVysTqyKhEhX7wB6E8dM/FWrX97fSzXd1cPcXBbJaUsxyegCknJPK8D7p6Cr95dA3MZeRFGcZHAKk5Bx34zkjueoJArlNT1QRXAjtYvmLNvnboVBHKrjHt0OB1PXH9p5Lk2C4cy3D4DCqao0IRipValSpOTXKuac5ylOUpWvdv1VtvxTMsa8biamJxHI6k5czjCEKcVt8MYpJaWaTT0Vt3dTT2sXlieaQIApcI5VSxYA5zyccjK4JHGBworoNJu7YaQ8MMTGZVc7v4Sx5JySMj8iPm3AYFcXHHdX0geZzJGq5zklADnAUAZ+Ufhk8YHFdfpmk3t7JBp2k2V1eXUzALHBG8jyPnOHCqMHac44zj350xOYUYx5pVFCEFu3ZJpre9lbr+V7HmUay9o1CDbjZLd3d4/NtK17aLTyO2+EWqXGl+O9JvzKFEF8HfOBuBIPykfwnBGc4Oe/GP0K8T+MZ9ThbfMRE6iRIyTgnaN2CcgDJ5OR6nmvkvwL8FfFWm6xpuq67afZBOY2js3XLiPgZlHBQjJ3A4JwM5IAr6S8QeHrHRbY3Gt6qsVgkDMqJhAx2fcUsQSAAQTknGScc4/n7jfA4bOs7wuIw6VV0oqDqR95XUk09Oi79+qZ+h8O5pPAYCtTq80FKV1G7T1UU9Oulu6V99Ff5V8UQXfiHxPFpWl2j3d1e3CxRxwhsPIzAAM2MKBnJ5AGCTkDFfcvw78EeF/hNpt3F4r1W1uvEWseCtRlutMDKy6dBHEJGj8rdiSUthQxyxbOA3b4a1jxvdWWsQSeD7M2yRyMkN+qq07ncAZg2MqcY28kfxY5xXRaV/wkOu+ONMmv7u5vJL7T7m0b7TLJJLIjxAvHIxbbtJ+UjBPKj2r6fKsvVHDxTdrQSklZvlSTab208l5LY8HGZnUr1Z8kZNSkml9p2a3eqST6rW+ncb40+OfinWgdD8HxyaDocBkgYWQ8qW5ijd03yyDG3eMnHJ55Ock/Ot5FJcXbyajNPd3U8mCiyGZizEsxZySc5PPI6ngk4r6v0f4KeKvEEU1vpNk8cdu9zcXtykJjiit0kfcWkZfnwCAFB5Ud+ot6V8FtIsH/tK7vQsFv5jXF9ckQ2wnjPKAyf6wZA+UfeAyMAkV6WFxWGoydGjTjzO/Ny2bbdvjkt3fXV76W2PPq4PFYlxnUk4re09IqyjpZuzdrN3fW54z4M8A3WqCS6mQ2dh8ioNjNcTlsKI4lxku3KjIAIOeMgn7c8LfBm70HwNqnjTUtOtvB/h3RbRpH1nWVQaheXLRgpDFBIyuhf5QjYYEEcHPPjt38bfAnwusdRsNHsIfEeurg/2pdqptrVwPkS1jbKnkA7RuOd2Tyceeaz8Sfi7+0LFbeHLUavf6deXCTXaB5INM3IQsMYACxLHEoUHcDjHJ5OfXhleIxajKopKDd4pWTtzJtcqT0f47aJ3eUcVQwfMocs6iWravqkkku2ttNLpNdr8V4o+I1/eXV4NFmeG0LSQxTklp7wsSPMAB3bCMFVUDHy4xg1rfD/9nr4h/E69h1fXLp9B8MWxVxe6mTD5wI3M8EDkM6nP3+gHOCo59r0XwJ8MPgnHDq3xEu7XxT4wjhRrDwxbMk1pZ3GAUFwAT5pRtuRyPYtwOJ8X/Efxf41uJ5n1CXw9oQKqmn2bG2EkIOI4IYoyuyNVIXp8x6kDgfa5bkccPCLnT5YWSaWje2r6vW93tfdbHhY3NJ1JPW7va3M0r6XslZ3uld6JWutGeuW2mfDL4NbbbwjbReMvF7k/bNevNktlp7AbXCsylWaM/MoUKAQCa868TeJ7/wAY380t/dyatdRqVjWVyum22DuQW8A+QbDtC7sghcZOa4CO4u50itULW9irInlKcyTOcHMzn55HYnn5jjPvXomiaA0zxjy5FE7LHBBBG0lzcyOQFQRoDIS5b7uM9Rznj6nAZZXrTjh8JQc+ZxjFJXk72s9FZt3vqvK19T4nOeJcHl1GpiMfiqdCjCLlOdWpGKjGKSbk3JaLV222dtr4enWtxdr5M++d4chYYQwhTdxuwmAMHr7Edd3Hp/gX4b+KfG2t6f4e8K6BqOva5qEscNvpOj2st1PIS4RVfykIVckbgzDCgnIxX6Tfsrf8EyfjD8dFXxT4qit/hF8LLeJJ7/xJ4kVbO6ubSMb5ZbWCco+1kBCyDgZBC8CvvzxH+05+xx/wT18OzeBf2Z/DGl/E74spbPaal8Q75Ib3ytRVCjtBcuJF4lG5Fi2sBt2sep/Vsi4Chh1DEZzUjTcUqk6LmoQpQSi3LEV5XhSXeOtR9I3R/IPiB9I2pjcRVyDw7wtbPMzqVHhaM8LTlXpuu5KmlTVO7rcsr88k1SjZ89VLR+UfA3/glv4S+G3hy1+L37afi7TPA/h21hXULfwOl3FFeXionmpa3bFvM3PjbJAEzkgBsisj9oD/AIKb6N4X0Wf4O/sgeErHwT4Vsojpy69YW6W2o3kSZiM0bKgZCwBYyyMzdyehr82/jr+0l8ZP2gNZvfFfxd8ZXselu0kttpU15JHbW8BdmEVvabkVCq4ALxsQD3GK+A/G3x003SIJ9J8JW6mZQyPfYDvKuMZLnGWJIPGPmGcgjA48/wDFXI+GqdXLuHMPQxmJheHtowX1enONlvrKrKL1c5yeqVlHd8vAf0U+N/ETHYbizxjznFUcNKSxFHIY1pRUYycJqnVinyxVny+zppJq6lOe57r8R/iQ9zfajr3xH8RXOvatO73TJPePdu87EuPPYsxPzHIVSADnbyDXxT40+K2r+JHnt7aT7FpgLiGK3PlllXIVc8/dGMdcZHcV5PrniDVNYkku7u5mmM0hdo5JG4ZgThA27PIPUY68dKpW8ebMPIx3nt12L02jngknP0555r+duIOJs44jxM8XmuMq13KTcafM/ZU4u1oRjeyj0T+K9t2f39wlwZwxwNl1DKeGsrw+X4anGKcqdOEJzkoxTlKcYptvd633ulZXw9TvLhDmV3O6RCrH5nZiTznqwI4PU55yTwVlvLgW5lVgodQhkAOWAxhcdcYxg5weMritC+0+5kjhnS2DoCNueCCMcsGAHv6nOOp4hhhkl+V8ZViWiPCgcnjoRkYOBwCB9K8CFanLTli7OzaWzsnfm7t+nTV2dvq/Z1H70ZWTs9b3asrau1276aaPo9UcpdRf6QJyGZduGypOXGSACSRkg8ADJXPAJrFYPuMiIyliVUNk7ccHgH8c9uO+K9DtNIN1MkRlxGzSFmABChTtBXK4yeeMgggYHG6tWTRrPT4iWIBK/KZIwd4yMbcZxnHzHBOfVSa6YY6FK0LJt7K17bab/knpe1ra+dUwdWc3JSSV0km3vZX1u32dr7216nlsFvIN0207MlWLr1LYJO4bc8dRwfVQCcJNNKivErKSQGwxBUL3AOQRnGMYweSfQ9ddX2lWMUj3CBpfn224UgFegbH3RznA64BPIGR57f3ls26eBWwzFVUHKoMjOTkZxngZx1GOtdmGqTrNKUOWMbO72+yrW6bXvZ630V2zy8XCFBu1RSk73jayTvGystEnZbLRdFqyhJI7zmRJFb92S6lvuspxg8g564wPbnduqhJeNbnzxIM5wy7OUJyuMcnGeVGec8H1bMkO7IdiCQOnzZPJyOMjpjgnOefWCXypcLHkkrgKMKCoznJOckc/N1JxnIxn2aPI0k01ZJRd21d2tbu9NLpStbzZ4coN1G+d3eqvZbOPLe7XMtbebfQ+sv2Pr8H4v6U27akkEu7f91mIweMkHJOT6LzwDtH3z8c/gPdeJrqLxL4StobvVJSz3kKEDzSOhUdMkEAYAPHUHk/nn+yKhT4r6WAwJdJgquRhAB948MAeG/ADnoD+4mi6jBYS2qS3ETu8nnxPICY1IbBVmBAVSOMHGdx4wcH8q49zHFZTjaeKwbvKFBTlTbvGai/eVrNe8+y8raH2mU4GGMyydOtfWdoyuk4tqO11ZdLJLp0bZ+SNjpms+E9XbTtXsLizu4Jo2uA4INvh+QeM89MDqAORnJ9z8a6x8SIfDFhdXWl6mvg24Rja3QtnjhmCxkb1cAfKTkcnkNuHZj9KfGr4aap4014a54dhsobG3jjk1i4giVi2w7hI6/KWGchgSOOcjJNdJ4f+LfgDxB4Qn8HeO2ju7fSraXTrGxgjWKCdIkMUrsihSswALIy9/vAqDX4rxBxvDHRy3M8Pk8M1nhcRGONoR1r4WLcYucY2dpNt2va9vmcuDyCrRrV6NTFTw8ZKSoz2hUV/hnd2t5pau3Q/L7wtd2KapLdalf3ujxm6QM9rITNDEXzvVgfkckk5XBGeO5q58RtVkN281qbjVbeeRXk1KWRpGkiAAiWR8/NIBtdz3J5znI2vjB4Bj0rVdQvfCri28Nag6y6fGzCSaKNj8u8AmQjqpOeOM9efL/DN/eKf7LvJVnt4pSZVnU7cgDYEJwDv56nJzngnn9eyetgcdQw+ZYVRpynQg3QcYRnTu03GUfiUls1ez1WrufKY3C16FSdObcuSVoyesXZrVJNpXWq0V73t0MeHWbzS4Z76KF32OXWQ8OrY3BU6gIpIGOnVccYrETx/fS6is91eTRrcg+YzO2GJ4CHkKELZG3gg88kjPoXiLUdHsmkb7O06TQMBEwwNxBOUQlQFRuSCAemckV8warb3UV8LpY2WCR5HjCZdkBYt0IYAgcEDJAJAY5r7bAUoYmLqVKNk7RXMuyirea11Wi6bnHyRkuV3Turu9lokmnrtbmW9+u+3vtz45i1cwWwjKvEm1PmYxMyYG5xxhvQluPTFWLSaG7uEinSWdd4cysFcRCM5bAGSR8oOAcDkfNXiHh3WYzexHUF2wrIsckkeA+w4AXK8Kcg7iACR6ZAPvsPiXRIIU22se9UxA4OMoON7g7izEDncCCBnHUgxkPqnL7Gg5d+VJWvy7JXfzVvwaPJxk6lC/JFtu6utH9m976N20urbb2bbxda1BLWHUNI0nRYLm11tT9ourqDddKqZytuygbFPXt0zjjI5K2+GsupW7RWtlNBeNtaGJ0Yh8jcVZjgqORjnjkEEDNfRvh640y6e0uI7Rrx3QsiNGDsdhnAYhvkwM9QDg4yQBXqthoeukpeDR0S2uH3RzrGQIlA4QykA4IxnIyBg8nr81jOK6uFao+y5JN8seeVuZ+7o27NPW9+vnoeBX4hqUJKEoRg7pczd+a6i7O70bvpt001Z8WR/D2+02BJryFS8Y2tGflZJFOAqktkqDklhjkYJHSvo34IeH7yDxH4fKOXuJtSt3S0MgCGMSqpVySAykHJUHAB5wDx0niPw9bXTwSOokw7JdbCwWN2bOxVOCQD9484wfpXXfDzw3cWOoNqFkpuZNNVpfMRyPsiqMoUcgYkJH3VzyOpyceDn+fvG5PiKdScaU61KVNOVuVOolFN3aV+19rrzPzrjziWNTJsVTlUjSnUoThGV1FKUoxSbbta3RP1ufaP7Snw18HeKbG1GhaUW8a2XhxJp2hRNkjxRK8ySGJQgEYVtmRnAwSTxX5ueF9f8QaFqdrHp8l9aahZ3xhiS3kZQWDkurRqMBYyMgkEFc/L2r7O8O/HCTR9P1C21a1iN9KzxGS5zJeXFpLu8xFU5cKU+VTnGCecZxz/h/wAH6dq3ii18U6LFYWFvqUd/cS2eolTHEFVt8hLYCu2TsTIc8HPavzvJauLweEq5fmFGWJpSj/s8p3lTk3FScU22rcuz30ut0j+buFs/zHJsNjss4ioSxmXzd8JVqS9tFupyydK0rpxSa5VrG/VdND4UfE288QfEDT7bxPFc6lp6Xlp/bn2mQPE+2RI98hKhQiE5wMKQMYB5r7O/a+13wd428Ot4d0HT7B5tA0u0g07U4IVjs43niQqkIVVDTLk5KluQCQMgV+Yem66+jeJdRbSrZnih1UvqCRvuiubeK4BeNMAnY3tnHGcDp9veLdZ1n4rT+BfDvhnwi+jafPDbeRHCFSTUr8qqq1w5Ut5JP8TnjnGK+Jz3IqeH4gynM6CWEo0P3slTqKEF7O1S7uvdckuVX+K6PhuNsFg8r4q4f4gw8Vl9DDUamJTp4qNKjBUrVnOpC6TfKtFtqrt7H5f+K/hn4j0K0utV1C1nfT3d0gu9jbHdSS4UYXMa5wMYBGAOleb2tspT5wJJGUbHCgmNRnIAJJxnjkD0G0g4/Zr9sa00zRvhL4V8IarFpOl+KdFs3tpbe1jQTvOVUyF5F2pNzgEkMc5BbJAP5ECziskST5ZpLpTC6bsMp3YPI4B6hTj2wP4v33hLOa+Z5dGtWpcvvOEeXVOCUVCUf5pSVr2SV79bX/pDwc8Tq/HXDks0nhp0KdHEV8PSm+Zxr06E1GNaEmkp+0VnpePVOyZxl1E1yQVxAtqT95SN+AMHOR1yOCc4wAck4yp0eWJlYPI0y7VkwcBuflB5XkY9h/EQK+uNP+BWl6j8Gde+Jeo+KtP02606/jtbLQ5riN7zUo0J8wpACH80jAU4AxzxnA4D4U+GPB/inVh4e8R302kQyQXBs7qIF5WuNoKiUjghmK7QMc575z9VPHUqEJVJqTjF+/prbmSbtytu22n36H30vEPL6FHM8TUVWdHKqsqWNkqc+aE6cYSlyLlXtFCNruDet97O3glja20Y8iUyfaGxEwILcc4QHJIYD+LvnOetdZHaQrZuQz20VvHJl9zF3cc7XK425Axuxg9SMqQfWfGP7PXjbwDZ3Hia6sXvtBuJpRpt75TGd0XJjeSE/NGrLgpJuIzyDxz8+al4hmitJIRZncweO4HLbpAxAAUZwQepIII4zgE0UMdTx0oPCVoThzK6W8LOOkl06WTXRPqfTcNcY5FxRhKeMynG4fFUpON/Z1IynBtL3akb3g0rNxkk1rfqc+92L25jOY4orSQlkLjfIm8ggEkklhywHbnOSKNZ1iyQyw2ZRy8ODFECqRHjBbH3mOCOuCR04rgtRWe4Zbjd5LPJ80Iby9pDYGeBwAPl7Y78CrFlbTNOFiKs7BVaRiCG3c5LdyPoe/rX1FOlT9mpSav7q1V19l66J77Welkm7rT7yChyxk2lZL4tOkVa3Tu/k207lqxFzNGSjsFy7GVVO4EZYDadp4OduTyMk+p77w3PrlwsFpZzOhknWKNlkZWfLZIY9AvucD6ZzWpovh+wNvHNcyskELFp3hGFeToEbGTkgYOcZXjIBGPXNBg8I6XpV1IkbS6lNDIAJAFWzUk+XJE2Rhgdu4jHJxz1Hi5jjKPK4KHtJe7FXSsrqPxJ3atf9U9zwcwzCjd0PZ88mrd4q66rW1tLq/TS2pt+HE8L+FtS07VdZngu9RiUnUY7/E1opVRwq55kxgbvX5jjJrxvx14hi8R+JtZ1DQ7B4om5iFvuaBYVwNyryqMV/gB3YOCavx+H7FboP4k1SSK21R8q0btKXXdlQg3jaWXjIPHcZBzBe6toPhdb7TNHja7jYGRUkALhMHmSTJJEmB0OFB6V5FKjCOIjU5Z4irOMYJqP7ulGy07aNWskklq1c8vDYDDOoqzi69aSUXFq9ONkr2TaSXyu2vKxieFPGE2mSxwX0jGIjMeGJlEhYrsbHOCchQepzwQRj3N7XWviHbW1noasbmSaK2tNNhUtcXMjKMCGMfMWeQgbQPmYgMfmzXxo169zqc1xHEI3LNINjYWPoyhcD+E8ADBPTdjivrf9mX41ad8LviN4P8X39vFeXHh7V7fUZIrxBNavHDIj7DEyspbA4z1z8w2hRXbi8oVPkxdGmlVunNRi1tZtq1veS95W3tbzPnuNskxOFwOIznJcF7fNMHh6uIw2EjeKxFWFNShSUlFazkowVt7t92eeeOfhd408Pao2m+KNB1fw9qMKF5INUtZbWQwITscLIEO115UhSGB75xXDDw9ePCv2YySbZcNLGcIpU5wDkn+HkjJAHrjP7J/twftReAv2kdX8M+L9Og8Pz6hBZxW97cWdvDYx2diyAtZXESAfaLlHG1JSCQAM5OSPzM1DXNCivb8WCQtZK+1bcIyfvCo5Qj7o5IQ4PAII/vEcbUhC1KEqi5mlJwcOayi7WtZWV1J6+9s7Ky8Pwo8QeI+IMnwmI4k4fr5FjpqUMVhK796nOnNK8Wkvddua7tKzS1Wph+FvCz2iXV9qJaOWMB4UYb0fYu4SStwBwo4wP1yeZurya+1S7liETIAGBIAwuCp8teFwRyDgnPXg4PYTnW76weWwEgt5FKyQoB+7hVsZfd1UjnjsCMYyRyp0wRXJ3TebcHc7gEICuCQHAOPlxyrDnAOCc1lhKsp1KtWtL35WSjFWUY3TaVl3XbfqfvtPE0eVVJVEm1e3Mrq/K2ls7d09PPqnWdtCA0Pm+VNId4eQEBFzyAScbs8D8xjGK7G78Ka3YaYL+OR5oWTkRMJiFkB2spwwXcBk4Xg7evAHGRWbSW73DTN5gkKlGbYWTP3Axzj/AHlB9QcHnutO1u70rTW827yJgIhbSsJCkTKNuzLFWww+6FyOGyO9YipKPJKlKMmnFODau2tVsnZ2vdu19bvc8LMcXWjKNTCSjNNpcsno00ktU9G7PffpscFII4IljuHVLgNvY7SGcsc7HzwD+mMZ70+SO5ukjaAkPHlPLj+RApz87sOCScgseSw5yfmrYup7XU1dLmARXKuZGlEZUFQAy5II5wc429PUcViRtOs8jCR0tgDDmMEAsQVAx95s4wRuK+vFbJucNnCcWuWLd072erS20S5lu9x063tXH2kXCbavdKTvppfWy1STine7vsO8TaVdy6REqyBp4Txag79wAJLMeSQ/GDgLnp0xXhd0jG4aKdBnBbywANjH1OM/NjAAxnj8fX7vUpo4/swlG6aQqpYkSIp4UnIwoJwCMZxyM44yG8E3NyrSo3nTtuYvvGACfwyD68YIKmvSwE44eNq1kpbNapt211svk+zstre5h0owim1aKWumz5dIvay66Xvo46XflSDYsgYupzkA5G3JxtUAgFj0GBj0HYAucOskjMrR7gqc8ZONxwOW6jAx1HUZrrp/CWpxxyq6bpUc4BbBKggq3fJAIIAOeBnFR/8ACIapNG8jRFRhQWKjduGAcYODgDJI3AAHk4r2I16L2qRvJLqutrej6fcrI1ly2srdFrby6X8tdWvKysc80s7xN+9ZUPIPB3A/MPXaDwOh754Oay1BfcwUgg5ypCh+wGP7xXn2PByea6mfwzrsCShLORVRQm6RSA+48naMZJ+7knP904HLl8LahZRA3UTRyN8yptyNh6EsQcHOcjjJ6AcAtVaV7c8NdFr2cbq66pb+WlupKUIbOLfql26evk32vpf0DwHrEdtEtnI8azBgyZG7cm7J5AHIyCVBHXg5OK9Ov9dmgljZbnzFUY8kv8gV+r4J+6oO0AnpkV8kx6jeadfuyeaojLRKAv3lAxkYwAByecYBILAAV0N94lmW1jjkkdriTaX+YjCjHytn0z93OMjuCBXiY3JqeKr+15k1L7L3T91OztbRLX0v01uM3FWulfs9lpq2rf5Xsl1Z9Ht41sxMtsz5hXDZBfmQDO1SDzgg5wMnAOOcDodP1q5tbeS9ZneAtuEZJKhHGQwxxnGcgrkcZz3+W9N1yFUt3vAHJUDyj8pQHOCWJLMQeSMYOQRzivZNLvhdWsX2e88y2lVUl5G7eVGFCZyoGc4XHA7nNefXyalh2nCCa0b0WtrbW7ddNb7k+3nNWbaa2e2/K9b2ut0+34L0u31Cy1nzYY5rhHkO6NcEIrjOSw3AjOCQ3ABK9TmuZ8X6TevoF3dx77prZySgQs6KvHIBGUIGQ2T2PrjlL83tlLviuFj8s/KY3270PRmC8ZUkZBxnAyCc47Xwv4yklX7NfzQGBVaF5nXcsgdcYkBHzFcghs5yQOCDhU8NUwzVeEVPk1UWraaej097XvpqYxnLmad21e1tLrR/zX01ve6ajfax5R4cN3dmNnglt7WIETmPgAkg7QcZJzgAEZzjI4FdRca/c6ay6TLAssEtwsieYQHABBVsAAZ4wMgfxHIbkdRexwaRcs9lZW8unXDNM8scmFDMWPmAchVwfu5yAO/WvMtQvYdR1MxBVSYXShJXbcI0BGAp7BVAwCOM4wCCB6tFrFyUp07LlT1Vloo6NNa9bPVbJdDmlNpSbbu7XvZKVoxurap81tHbyep0wga4vZbqOQTF0IdmOdgByiYPJCKNpOc9OQozX9Gn/BBKzeT9os3O3b5GguVI+5kfIVBAAyeucnhQeTX8++maQFs0aVXG1GdZAMiVST8xxweowOTg4Ga/o+/4INWap8cLpoY0Xb4ekkIjPJAkVSWHBBPzEdGGSSPlIP8AcP0foQw/BnFE1FXq5Vi6auldc1Plu7N2um9L3t95/M/jDilVrYWmp6RxuHd72ekoaK6b1d99FbuUv+CoqreftU+OrAwQs019piOSQGY7QoAJJ6k9zgckGu0+A2qad+zD4I1W78XeFfDPjDxh40fSU8J6fevFcTabp900bRSRA5CMWKNJIjKVIOSeK4X/AIKhz21r+1d8RGntHkd7nTQjRuTJEChO4diSpOAAeSOQORzOjfE1viN8ObfwxZ+B7+fV/DumR6boGraQjXOt3Uu5VWZyUkeOGDaGeRsBMEZOct5nijxdRyyeW4eNFVa8cFgqcJt6Ql7Kklsl8Ol0222rNan8QcWLFYiapUVU+qTzHEfWPYySnOKrPljJq75W1eSSUtLtlT/go94S8c2nxL+GPjX4j6tpD6n438MWt7oemeFZoC3h/S1Eb2EF01uf3U0atGSXIc9+SRXdW/wU8JfFf4E2etWOteFxqvhbS7u98ZT65PHDqt4YUBS3WWQ7riQAfugADgc57/Kfx98IeJ/CuqeD28Ya34o1i61nTbOSO712Kdo7dowPO07T5JyVItGCo/lkLuB2gjr6n8Ovgx8eviP8JPEHiD4beFbS58GaZqFzHr2s6pqkenDVbWKJ2nighklRppYQhBReucE8ceZluaSWXZpVnlqr/WsHFxouF+VqHNKTfNrf4pNe8r2jfW2lbKcVPKuG62AxKoTwlacVVqNqUac5tuCnyxbu9G0kkla7vc/OzxT8ED4zvmj8AxvdrYLdPqc80gEFtGjOGcKcAxdBnOCOctwR8ZeOPB9/4TvLvTb+0E1zbsGZo/miKE4UhhyWIxjgZ7nIJr9J9K1rxB4GkbxDeaYtr4WttSm0rWYlvIhHeRQyutxaxumGZJGUruYn7uc5Ir5i+O/jPwb458Z3Gp+FtIHh3SL+2hie1SQz5uIlw8o3EsFJBb5cjByBiv4vzfNMzfEWJpToJYTmnUi4SSjTu/4b10l0s3f3l6n9aeGGfcRUqlLA4tfWcvjSi/rUWnyvli3TafM9Wk09NG9ep8axyI4niuVYHCqqbSTFjcMfNxtOOT0Bxz60bi2uPs6uVLwsAIQACCV45x/fBHPXAJPAr0K80/ToLjaIHmubxXCt91WTorqOMNhT6k/oOfknhSOXT3i2IkmIzli6oDl2JxhRnkkE/QkYrsp4ltc8bt6O2uj91Nu2lla9trtNWR/TWFrqtTjNLVrW7b6JttLTZp21s/RHBvYPJOkj5gidgxQkbHdCDhQQME5xgYJbB7bQl9ql1aTGMxpEjttcl2YqFA2ttyQCwIyO3J6HA6e+MCQwqULus2ImZtpWPPyYByWwcE9cjkgDiuW1O3V3u/PkWWQkMpc4CDORsPQjnGOhCgjBruoSdXSSVlur7PlVkt7NW1t3fbX0sLVamou/K/K0V7t9GtL3Wtnqn52Ow0e5Ymwa7nCMWD2+NoQnJwZTwCMkcnnp6Va8QapJqMm+WeOVbRhGm0DYQeNqgsAQD3CgY+lcDHdRz2giRmSS1hYHBGHbHRSQRgAYYDOQMgZqIS3JtrRwCF80HnoWJbHs5Jxk5zggkFjS+pxVb2rd5K7SavbSLTSdrpvey2T0erXre0fw6Ja6t3b0V93pf9NN7nY2ixu6XeGDiRSqLllyMBXxgDGQMqeuVzkFhW5Yq8mqMtxMIYspKwwFU4KnqVznOehOc8g5GM3SSkqAMuZYV34TgbmXtyMALjg4BGcV1trpA1IxTLIGkZR5kJYJtCc9GzjBHrzwDyaxrTUdLeV1dKzSVntZOXW97aNqxtRu42WsXpbW2nKu/upNK99F21OvF59mhuJLW2lFtDEblbjdtR3ReFDLkFQQWyCT2PSvEby6k1O/mvZ2VY3ZpIyrHHmfMCCAQAvXg8DaDjk161qGpzWOlQaMdl0kztC8cK5ZY2+6hYAlfmyOSeSMZHTyrVNOkhb7L5XlBJgWgB/eBWy2c89FPT0OT1OObCQjeUmneTSTVk3rF231Svv3Tem5dRtJNJ6dPLReatr07W8j9P8A/gnB4H+GvxF8U6xpnjq6WwOl2Mt5p2zUFtXnYKVZowSGmkQjKxgE5wuDX6geIP2QPB/jX7VJobGa1s4HaDWNLnV9SjU7mL6hZ/fuNo5+UAnHJyef5wvht4t1D4e+ItN1jSJZIL/T50uIAkzRhlz80U20/OrjoG3YBwcnFfuN+yH8Z/F/xwutQ0Pwh4qs/BXxRv5YodBs7qdfsmuzgBRaRo7CLfK3BGNpyRjGCfscooZLjaE8Hj6bp4hKTpVYNLmaS5Y30Sd791rt2qhicXh6tOdF80JTUZwu7WvHVpJpxt136PQ4Hxp+yn8TfAejTeItJtYfF3hdLp7Y6pbhI5rbJK+VeQsS9vJgnAYZBUYwwzXit14I8QaS0f8AwlPh3XdKtp4S1nd39jNDbTBwAotppECTJj7rK2SFzxkmvs74lfEj40fCzW9a+Hvxh0qVfExvpH1XQkSSG0vAhLQajaPCEt5UUhWLKnU4IO7m746+Lnxl/aX8F+FPCN3b6FL4a8A2HnabpNta29v4guYYAqF2WOKO5u/LUnGS2SM4Od1fDVlnGBzqlhsNglVy11JqpipT5KlGC5eW9PXnu7K6aVtt7n6HDC5TiMvqYr646OMUIv2Cg5Qqza6TTdnd63S3eruz5x+FnjrQfBU7eH/Hfha08W+DJphLcQNIIdZscMuLvTbsD91JEmWVGDAkj5QTk2PitpPh/wC3/wDCWfDjWm1rwfqaM8NtdYOtaBzg2mpA8yFT8izbAGXDDJwa4HUtMNu0qzxGC4WVoyk8TRSxsvymOSNsbCvIKHtnIJBzybPfaX5rRFlWclJoEYeROjckOoOGYjLBsA557ZP3OFzC0PZz1jdNO2qd0rK2qdujT0102fzEqcoy/uu/TVNuKtdW97W1r6631VnYtNSKZNwwAclSWbcACDkqcDGe+CTg8D01oLiGYF48HKFUYBjlyCATyTwT7YIz0riJ5PPd3t1Fuhy0kJBHKYDbWOeCccZAPbHSmQ6ncWwKiaMAKeGHqRwBkngjk8Eenr1yxlJU05TTjo3fVdEr63vay1T16HPZ7q9tnpp9nq29d9uj6bG5q7G2ilMvKopLSlwoDDBCg9AOCOvUY5PT5V8Z+L1F4ZZisVuk3loBljIFJD7SM7SVXOAMEgY4yK734leMruys1S3tXeBXzNJuHlSMeuMHJyFAwePu/N1FfLOp622vTM8qGLDlorcJhQu45ZjjaN2Tg56gnHBr8v4ixzzPG+wg+ahQtzNXSblbVJtJ2aVnfezSR89mFZ1KqhFNRi05aO7em6dk1dK3XbTa/rmr3vh/V/DVxBNbuVkj821Zg2WYjLb8AFgOuWyBhgxwAD8eeLWso5mgsW+U4jkmR8GPbkMuf7uVOQMc8E4r2HVLvWYLOO1tSkaTRiFEDDgOSMIRjaM8HGBjAxjNZVr8LJjp39oaxcxRs8hkMQZWjAb7zOQTksOqtyD1I7efktOGWupOvWlKFSTcY72+FxSWytd23a100043OybnqlGPR8t1a1rdEm07232Z5N4RhNxdpLdO00NszmNHZW+ZcbVVDk7STgkc5x6MK9UuTpzWZNxGY/Ok+dY1AQR9MAYPbbuz0zjA75p8Kw6dJ9q012khR1VGDAKG7kqDnbngEk8HAycVVMWp3blowRnfGYwp2quMMwY7VAXBIJB6jsdo9TFVo4ipCdOo1BJO8NlrG/Mnrpu30s7dEebUxE6lRJR5YJapPVXcbXV7rRLW/wDkc/4q1jwvaxR2lvYRTTPGULLlQr44ZvdeSQ3UfxcrXjuHkMj2kLgr8qEZBUkghkIBZucjAwemRyK9M1b4da7qDPNbQm4iBwWQ4bzMnqBk4zlSxIPUlW7ZGh2raFrttDqmnzSxhgWSRDgEHBf3UYOMf4GvocDiMNToNwq+2nGKupSvJtJaJatW28769j28NVoxprlkpzsrpvW6UWuVK92rX0+++jxtL8Ka9fxPcx20rRK+ZnkLfKsfO4kjJ4zgg7fTBA3bGq2xEVu6wSwJbKi+Z/fwcE+rfNwM54A78j6KvtYs5bZ00m1ii3QIgMceyNSFCsrquAWGAOmSR8o4JPz3r2pzTySxXETxImYlAUxxM4J+9kKCc8qMDtwdoxOExtTGVXGVOFJaJXspNJq8rafzbpbJp9S+aNSfvJ2dmlJJL3dHZ6er0d/ndWNMurx40hMxcoWeJDIAAmM7iM8HHAGT1IyPmrbub+6vIJLeK4MUQI+UPgGYYzzzjvzj+HJGADXAWN3FBAznLSpJkfMWYZ42juVJ4988Cq41kR+cXiw7t8q7yMYIILDrnp7H26Hslgou8mvNbtrZ76XT0V207+g3RSScdmkuW7a15XfZNbPd27WWh6Np8txBD9mWCOaSTEkk8y4b5Ryik84Hrnk54xXJyRyzakzLKrPI7L5YKgblYg5ByCAOAQQDnAJwMdBo+rrNas0jLK8qeWIymAjIDg7sDHTIxgnIA4OTzysIL0SXDKoEzENkBvm2gAZ5OeQB3GOSATWNOEoyneNkut24pWWmnk/P5N2SU4pN2u4q9+kdFzRutbtN2eveyPfrDUGs/D9mks6ywxY3QM4d3l4GAozgISNv+zjH3hinFLbKJrh4ZlkcGRlcn5Ijkh+B/e+bgDaOwBBrmNHkhurm1sZSY4SN5uFYkmQncAV55JyBg43YA64GzrcN8ILma2uxLIgMMUKKoOwg7WlRcE428E4IzmvAnQp+3kpJPnneStbVOL3dtLWt0WvVa5KSdrpXjLTutU23zLS7cf8A5LU5HV763u76wmjKGe1Ll43Ocwox/eZYgEkD8CVwRya7Tw5rRkjkdGjeJJVcvjc6biPlXI3ZweOwPqOR8/7rt9TdZWP2hN8bo+VAPIYZycqR0OMYxnIrstA1N9OkeKaEmHcTJn+JeMMBgZwT2yQPzHpVsFB4WMYuy5Uk4ptpx5ey/wDArNPR2d723lHSL0d9dFd3tG2yvq187bJXR7Rrmkafq8b3KyNFeRp/rXH+uV+RnIw2OAccjOeOa2vCejNp9j9ma1YiYqhnbOVR8ZlUYwADkcDOMcA9Ob0q+t7trUTq8SS7gJCcZJAKBQcErkAdBlTkY3DH0V4O03TXgs2u9RQlLmLfaygbpUBysa4JKqB0yBuyeSenx2ZVsTgqShGNSo1flj0s+Tbfpa+vRrsXQk/aW5W1sovTT3JXUX330Tukuu33Z/wTj+B37N/jjx/4yvv2jviBDoWi+F9FN5omnS7ILbVLncGC3ckgw8canmPcAegOea6X9vD9o34f/DHxWnhD9mLxC3ijwC2i2MU2upZJEum36DDWukMqEKtvt2iYZJ/iOfmrs/h7+zDpvxe8GS3fhXxv8P8AwzMNOmml03Vb+C3v7nyAvnWkrb1IEke4kMCQRkZBr44+MenfD74VeIbXwFqseieKDDbo81xo0y3Vpbyyt86RzISGdSGDgnIOR0PPiZbwd/bOaU88zTE1KlKMOTD4GrL91Tu46yhdOWrbs4tJu/p+gVuKpZXkcMvweDo0cR8dXExcXWmnJOKs1dK0rb6cqt0t6Po3/BVn9rLRvg9J8IbPx5d2Hh68sxDbXqjzdcgjYjaqXQHmINvTaVCqcA17T4c/aw+Kfjz9nfwp4N+JHjqbVhp/imbVYIdXn+1X2qQLIpVppXO4LDyqRk/KpwMV8W/2F8ItSsIrmwyl4IkMCxgbkcqR5ciEk7QemcEbR6ivE/Edj4l0G8jura8uZtHgaRrZInLLDGzEnKZAUYPIAz8pAPUH2s48O8rlQjPA4TDwqKrCt7WlCPOuXZX+JLdpJpRfToc+W+IuZwny1sTVmvY+zVKrUko8snB82mj2ut2k10Wn7aeGfir4Y1KztHvNX0+1maCKKJWkjVd6DAjcBvlxnouAcZIAPPq+ma7bX7CSzvba5AVX822mV0QAAAFVcnBXjOf4STkjFfzwWvjjUHlW0mvpwjsrb1mZZI+DnAyD6DjB575r6A+Ffxx1bwfrdrEmszGweaOK8+0XDSxrbkjLFSWIYD0z8zfd615uXYPE5bWhSrwc6fMouTUlypOLvdtppJ3tpfbm2vWK4m+uNudPldt1dvm0fbXun8rs/by38RXemyT3EN5dL8uGe2lZW5GfkCkEOpAI6nPGWzXkXx7/AG0fFmg/D3xL4T13xHfanYWGg3lro0eoX00klhJcxNGpij35BwTkZwBjoMCvDtY+OcFjpwvrBre/s2hFw1zG4VGYqCFIJ3ZbJwD1PI7k/mR8bPifdeNf+EmeVVcurYkVsosRPCfMG56ABeOBwK/S8HTwtOlCpy3qSSs0rKPwve7e/S7s1bTr8nPM6uIr+zV1FNp3W70dkuivZq129bHxrq12+oahqF5Nc5S8nuZ0JxyZpmkZmzxksxPB6HnLFRX0v+x14ts/h18ZfCvizV9Qs7TR4TNbXU9zbx3X2aKbapnWNw4MihSyEDcmCc5+78mzCMLGc7iAS4bKjGMEYHGBjPUEjdgDJrs/AGppb6/p5mSMW0rvA6zjfGu8AByMfMVHzBflOexxz6Dm4pS1bi72+7rv6p6JdrsUNZpbJuz89Yrt11S1W19j+v8A8H/tB/CXxD4bi12y+K+gX8GmQySy27X0VnLAsQZglxCWXlwCoQYYdutfzVftoftL33xq+MPia8j1KceHbG7m0jRrSC4c2AtrZ2Q3Sxh2V3mIyrkP8rjGSK8A8XvrXhoajJaajImlajJLOi2dw8MpUKeJUVgoQsCNpAwAB/dr5zu9RkuWmBZg3zMhP35GfJzu3EFiSSc885yTlq7YTdajF8rjzNNtN2k/cS3bWy126287qVEvcjeOsXr8WyVtPLTXbbzPRtOnhuJ9kt4UijcLCQ4ADk4G7HJB4yOc9AB1N3UdD1i2hfXUlW+sVmUpIsgDhgw28AZxkABQACQBweT5BaTTxuqhnV2dVJLHIPTAB6kkjHOeSM9a9U0nXbq0sjaXLI8UqtiFxmNn7AgjAxxzj5WI5zivNr+1pNSg01o7NLW6W3XvdN7fjEZQekk72TT00bs1dNapaK179uh+ln7Hen/Db4kaPP4a8RXQs/GHmk21q06It5CynPlK+SXwR06EYzxk/pZ4W/Zz8OeFLyGfRrnUIVXdJJa3DKYGnGCdygYIwB14x14Nfzz+CfEMnhbWrTxHY3Z0vU7Z0msp7aXZJDKmCB8p5QnHB7Dkdh+6H7Mv7W3hvx/4Nv4/iLqNroWr+G4VW61KdwE1WEKVSVORtlQAsxzk4Pfk99LEYfERhRr01BxtyztGOt4tXVlbazu0tGrbnZhqzpKUotO12krJ8sWndLdJq63VkZ37QNh9kTT7eZAZl80g7dqgKCVJPZevIzz1xkk+D+GNIh1xxZ39uLhGRk2PgL1xkdSu7BbOQeVPYV9I/HG/0DxJp+ha5omqW2t2GoeYLe8tpklAjYYCvtJIP3WBOPxwceUeELWGyuIlTIZHOcgE4bB7gcrwAMjAA57D9J4YgpQ9nzXhC1k3ulyPz1s727XXZHjZjOFerzSSlGo1e9no1CLTu7NtJ7vWyXVIjb9mu/1C1m1DwVqH2PUhlhp8zZilLEsI0Y5C546knIHK448vOr+LfhvraaZ4st9Q0DVreUNaXsBltTOIm2rNazoVJCnB3KQAe+SA36JeB7s2yoHZUZ87WPVepBPA7AZyDwOjYIPyH+3ZJBf+NPg/YTTIkdzHIJ5YeJTCZwMMVyWzwAMdsDjr93is0qZPh44mlUlFRcYyhduLV1bTd6au7+aPz/izwlyLirCTmsJCGIkrJxineTtdpJXT06bbq2h+hv7L3/BWH9ob4IWttosviOP4meA0CRXXhTxc6ajHLabcSRW0l15pXagKgsecg49f0t0b4zf8E2P27YhZ+M9Ltv2evirfxhTdxPFZaXc38y7S5l2pbOrTHlNoONvc8/yveOfhn4k8CxWWsacbxdIvI1ns7hlc7t44jO0koCDj69gOvOaf41v08tdSAeaKQDej+TcRMvClZAVYkD5sgrgjjplfSyri3IcwnFyf1LGNWeKwtWNOcpJqyq01+6qrV3VSEl0umfyhxR4U8X8Kuo8OnmGXU5Xhg8fSdanCHupewqtqtQb2TpVIq9rrc/o1+PH/AASg+Mng6wn8U/CybSfi94BmikurDUPDE8V7eC1ILKxtoZHkLCPB3Ahck4HOR+UWs+B/Gvw61W8s7zS9X8OanFMyzWuoWtxYzr5ZOQzSqiuQRwOc5IBzgjoP2cf+Chn7T37OV3aT/D74j6vf+H4mTzvDGs3r3+nywoSWiMVwZCE2kqApGM4ziv2S8Af8FVf2PP2orG28H/tkfBTStB1y7Agbxxo1nDBtkYbTcObeNJY2Dcs7vgA5AHJr2cVSo5hFwxWHwubUNva4dQpYvldviw9T3KjW8nTqpvpDoeDk/EmccP1qc6GIzDJasZJPD42U8TgG7xTjTxNKPtaav0q01FL7ejPx1t/jF4h0aztoNd0xtVs4iBuiBW5+vmqv3cAnAzwep4xoeFdd0jxp42XVb3Vo9Msbu0SysLPUJAiQSOQu2Rn+XIzncMYAz8zc1+0/jT/gld8HPjnos3jX9jH46eGfE1rcRtcQeENZ1K2kvEDjf9lSUyboCQQqrIh25znIJr8j/jf+x/8AHX4Falc23j/4Za1pa2szldWsrG5utIniU4EkV3bqVwQMq4wcHIPHP53mnh9kmZOtLKq7wOLlGUfYzi6VWDfL8VKajL5q6dk1dWP3zh7xtz/Bxw/9s4f67g4uD9vTnGtSlH3XeNem5RV1up2knZOzvb2nxD8APGdtp9rfaRHb6vpl0qGKTS54rnzQUDhUVCzHg44HDZHoB8NftM/D7xNpPgy/t5tL1LTkdoPMN3HJHEWDj5Q5CkliThehGSSWGa6nw/8AE/4j+ELy1k8O+KtWtTYusq6dJM5jiKDlTbz7tyc5IX5jjIOenY/FD9pfxZ8W/Amp+DfHeh6PqF5ezWoh1iGAWl5brblSWJAVS5A5wBjdlmIIFflGJ4H41yLEylKEMfgbq0qXNGqo3jf3Wknp2ntfTt+/5P4ocDcR0IKnXeBx8ox9ypKMouXu3ipaK35ap36+CeB/B2qWHhrR/tES3ZbToQCgDupKAqDtOe3AIwBxj11ptMgaB1lgdZDIVbdGyMpHpwMjOT12jbyQBX3N4H1X9k7V/CGi6Zcahrvg/wAWWmhWdpeXrv5+n3GpxqUaYjoY2xwAMgc88k9tr/7JF1rXgvWfGXgjxt4U8VWGkaTPq8sK3MMV5JbBS5XG4sJkVcIpGSTjAJ4+dlxhh8uxMcLnGExmXTVVUYzxFCrGlKUpKMWqqTha9kpOVlfV6H3tPJI4/DqtlmMwmLi4KpKFKtFzSUYvWKfNfp19bt2/LiTwopt3kVfMWRznbh9uSeM44wDxg8HHSuKvJNV8N3NlDpt7c2y3E2Wjd/k3E42sjDGeAOD0xyBg19Jah4f1bRLC0ludK1C3s7yNpba4n0+4EcpZjveCQqFkjDBgGBOegLdT5F4y0mCdrAuyyXSXK52qyFASNodCQVIIIOBk88YO4/Y0cxwWPw7jh8RSrRcdVGala9k0rPd6aNNbre9/n6uDr4eSVSnUpt6rmi1FK6uouzbb0723uuvvXgb4q6tptta293Ha3sdvGqsjhUmwQm4o+MFjkEdyfSvp/wCHP7QlrYair2uv6toMzyLuE8ryWrKuMjIITbgYB2g4UA8AV+e66e/2YRwrslHBU5AxwMBgeTwSeAcHkV0Hh+O4S9gtJ3SSORJmeKTnI8sgKpJwORxz157V8bn3BeR57QqU8Vg6NTni+abjGV3pa+m7XXq/I9nLc5xmCkvZVKiW1nJpbpW5V5dVfRdD9LIf2n/E3jv4n+D7jWzp3iDwb4emltpGhaHyr9I3zJDOuCWDoADgcgAc7sV+iq6H+xZ8aTJLrWmy/D7Wnhi8q4iP2e0EuxTu3MoVULnjYMAYA9v5hLSLXPDmutrWma3f6T9m1Ca4gtNztaF0kfZlMhApxtYYJK9+K+mvA/7W/jGBJ9P8aaFpniTRdjRPLYhINQiGNoljICtkDBGenGeFr8H4t8CnjMPGrkOIrYGVOMowp0Kjpp3ad3GS5Wk3bdO29j7nJuOZ0a1sXeV3fn3f2Xa2sbJLl1be9tT9z9e+DGpfBnTovFXwT/aO0fQtKkWSQxDW/JQeUnmKsm+doyWyAQACMnGMYH5mftqftAfGD4jfA3X/AA98RNS8H+N/DVjJJcS6/axWUuqyTQMVj8q8iTzWGV3M285JxwBgfLHxB+IT/E3w7JoXhDxJf6LYyyrIND1C4lilZl+aRhcmRVAK5RUHUkY4Br5k8aa14g0/4ZeJfDlzFcLb6fYTKIA0k63LO5D3BfJU5zkN0Pb0q/D7wwzrIa+Bxea4t4nE0K8bSdFQmopwfvVI25mle90731erFxLxhh8xw9ajRpQSlCUXUvFSbdtGkkmkr31b01R8a6d4y8LDxBocjaAsi6bfW1y0GQYr2ONlLRykHA3Y5LZ44buK/Zb4E+Gfgd+0/ZeHdF8FiTQvi7pvxD0G4k8O3FxDFZTeF4zFLqQjeVQhTcGPoAMH2/BrTAjXdoki7HkTPmKdrjDcZByRjlT06Z6nj75/YB03W9c/aN07w3olxd2+ra3az2mj3FvdrYvFIEJkm+3PhYtq7gCSAG4BKjNf0VxK62Dyp5pRxFTD4jBR9pTlTk46wjGWqWrclotN9EnfT5jgzHvBZvhpU1rKtGMKq0dKcuXllfX4bp3S311ep/Rn/wAFYf2hvgH8J/2d3/Z8GmLJ4ySHw4LH7PEri1t7aCH7TcW19GvlhSylfLXggnpg4/FX4a/Er4b+I5bG3tJ0hY6XEJm8htrvHGpK3EgXCylsZLYDYPHOD6z/AMFJ/gF8RNb8Laf8T9V8SXsmmfDqeHwrrFtq5Wd7goAXuo9TGVvDuBTbywXgjGK+a/8Agnp8Zfhf8DPGvjBPib8LW+LXhXxtoUlkNOhVJ77TpAwYXtiu1pEZFypWLaWU46HA4KXiBWzfhuGbyjUxdbB0fZzpOVpydNrnjzVLWau9LqL/AAPouKJYvNM7w+CxVWUocnLTxFSTnzKpJ1XNSdnZzk/dTskrb6m/pl54cGs+JIo7y3hE2oO0Qk2ssiksQYpBhdozgqv05IJr0L+wbS7FsLGeJyyEv5EiKpBHJwfmUnknJ+992v0HsP2cv+CdH7SDi5+G/wAS9S+C3jy8SK8k8I+KmewsoJ7jkxxWl0yyyMrnbjcoJwRjDEcV8Xf+CUP7Sfg63h1v4Va34f8AiBo8UaywvoepxW9/LbOu+ORLMSSvPuQYCgZJOMA8V8jgfFThbEVXh8wr1cnxbaTp4+nPDxd5W9yrKPspO6dn7TVWPKxfBub03D2NGGKho1LDT5pNOSavHdteml1Z9D481fw5Lpfh3VNQhuXtTFCDGd53FkA3cggFTkADBxwo5DGpvBfxG8T6PDYqDFe2h2O8F2gcPsB5GeTkHgEDJz2xjO8f+HfiV8Nvh9qln8UNE1rQdRW9XTI7bVNPuIHleMgF1kKlXDEEly2T15zXlnh3xRZCK3ScmJEjiCs4OCCQM53fX68DPPH3WGqYDOKDeExdDExqWcJ06sJxaaja84Satq3dW1u0nY+crUMTga8YVI1MPOLScakOVvSPla2nkr9Gj7js/il8MNfgltfHXgfT1faQtxa2iLNyNrM0iAHIJU+vOMda8U8WeBP2fNctNQRI7jSpbuYf2bIx2QuZG4hbdwrLkYwOeQQcA1x2mX9ldXEs3mJJF/c3KVOenydhjoCThiDwSa8k+Oeuafp2iaMYN0P/ABN4mEiMV2YYEnAz82ecEHnOOpIHkajDmpVqlOcU3aM5OOvIlumtbrs0knZ3KnjpumlUUKiknu9opKNk1217WdvU3fib+yP4+0nwnB4x8GaBf654UVmxd6bZvNfREKWJaJC7uEAxnpwO5wfzjmvdQstdltdRkvbb7BcPHLBqEMsEke1zkYlVGyGBDHJOQVzjFfqd8PP2jvjF4J0j7D4M8T3U2mXatcw6bqDLc2syxRHKhJ1dY1cZAzwcAHgVY8D/ABF8CfGzWrzTvi78KPDd1PLMba+1yztYbbUEld3BlCwLEpYsThsZBOTwebwuBzRTdLEUo4qk5JU5x5uaKbirSjJcrkr3ulfV200OGvXockZUlOlOK1s046Wejur303urN6dD4L8EzvcXAksrhisjKV2TFVkJJJDDgKCCowQynOOc5r1Ia/4h0WTyluiFkcqg3HGM5wE3fLgEjdk7gM4zxX35qn7GvwS1pbe4+GfiDVPC95gsdN1kNJayTc7I4HXB2NgAYY9ADjNfJHxW+BnxC8D6ldtDBBr9paxtj+z8tPIqg7h5O5pMheQQexHOcnlzPI8FJSVfCypVE1rOnypXcXb3o63vrr2a3DBZvWjb2VbmSfSWqaa91263tpfXppZrkF+JGq2kqNI8u8LuPJMZxjBA9MccgnkEchc7Q/aBuIVjC3QVkYBgWYKNuc85IyMYyoPPHNfJWr+KNbt3ns5tPvtNkiZ0EE9vIkrkkjaxZMrjoMFuOQCOK4+zj1/xFNLGIZreBkZZpsfKgk+UyZXDYXuBt9hjmvlZcFZXjqi5oU2rxabjFvdXs9WlZ6t28vL3qPEmPpJKE5L4bp3sneLb8le3R2SvZH6H+F/+CgSfCDR/Fpn8MaT4ue72Pb3N5IWNs/O5EbcTHuI7YYkYBHU/mR8Yv2nvFvxb1b+1QyabE13cXEdpZ5jjgjlfzFiD/wAQXO3LdRwMda46f4b+OfEF9q2jaddQyWUBdyXkVVmAY87WOTjAzhjtB5OACcn/AIZ5+K7xRT2WkfbIZJkiK2cyOgLuFXJXlFbOXLcAMWHQ1+l5dkGQZZl2Hg4UlOhFSi+WLas4t2eitd79Vqc2PzDE46cFVqyg56SUXo7KNlo0nbdfk0fWXwT8a+N/iSuheF9L0a98SeI7gHTdNtNNV5bjaM4eRYsny1Jy79Aec45r7ut/2H/23dVsEvIPB0iWQcsLSbUkjlWHGSrx4DKyDgg4xgfNuJr2n/gm58GPA/7OfhHUPiF431PRIPi3qewi1uLuKeHQdMZFZY7NnwBcyFgZXQZHRcEYH35r/wC1zoWi3KzwePLe5ill/e2lpP5sakk5DFZAAG5DYGPmA6mvpcHkOW51ThWq+xjQk2lKMoKdko73TSu1qnvppuz0HQwmFwV1jHTxNk2lUStpD4kpLqkna7vslc/DT4veFfjb8CodOX4keDtb8OWUk6xWurIsrWEkqklohc8xu4GTjrnG0ZPzff37Jn7cngPTfAU/gLxP4mTRdU01WvbO7uCzJdSKpKIsrHCs7bVYDGQcbc10P7evxl8P/tCfs1XPhvw7dLcaxpusWt5HH5eZEZNodkc7nUN3HIJ9BivwUh+H3i22uEc2zXESGLfGCA67cMxVh83ysG9MdDgEA/kHil4VcI8Qr+ysVClUp0pU60KtPlU41ezdtNrX039T7DgTifibhyt9dy+bxNOtF06sJc7pzjJrazfK0rNPdW8kf0Z/sH/EjUY/jn8SvHR1uw0G21G5ec6heXSwWmrxPcedFD5p2j5lwMD74O0ckEev2Xxj1Cw+KHxM8Vy/ZGj1zxFIztDKWhkgt32mSE8boyBlGHQ4J5NeC/8ABGb9neP9pf4h+LvCvjxpj4R8K6NZaldLbytBdx3KSKqLu3ZaNcY5GDnbyPmH0l/wUc+B+i/sz/Gyy8H+D5Li38I6roaanYPdHdP5shL3PzjG5TIBjJxgc56D8t4lyrKcRkn+qlKnCdPCqlRlNxV6ihCFOMUlp7sVq1o7d2j6nKsyzDC8Q4jNq9a9XFwlWdNP3YqUottt6a8zbvbu9z6x8EftC6dq2ltN9ujjR8QKk7Y2nGGbJydnQLzgEEg8VxOjeLfCnxK+N/h7VLiW3v5/ClykHmoQfJAfJcHJDHOCvylRzyMGvyI0r4malpVvPBb6kXWSOSKKPfyGYEBueBgN1OTgnI446X4R/EHUPCt9qmpRX0i6jdy7y6vuVg7hjg7up6DnjO7Ffz3mHhlDLKGJqYKmoqVKcLRX8yT2WmtrrVWvbXd/qOUcaRqYm1ZvmcZQum7WajflV0tdW22mtUndI/rb0PxRo9xZRRw3FuyKoRUYqGAwo3Z4ycdehHU029tNI1FHBTIkyu4bSxzwuCMg8jPQ45PAxj8EvC37U+vK9o13qFxCLdUEgjkYqccg8HJyFXIHHJA7194/An9peTxwLmxnSRhasP8ASA+WYsQFUjjaccnIPcc9B8PgODqvtKcMXh4qMalvaKOtvd3W8W9bu7tvfU7o42isXKph681J2kle12+Vttp+eur0T9T6L8X/AAc8J+JHm+06XbXMjghjJBFIHUHlXYggkFsYJJ6kjggfD3xJ/Yd+H3idr4t4TsreS5Vh5ttCkUqnn51Kqu0g88ELkk8DBr9GLbW/Ni3mYHdhvn4YAgE9cMCCuDnBxz6mnS6hC6lJPJLOTnKqScckhumCpOcnGTz6V+1ZJwzDCUYLDVqlK6jeMW7N2jZcrfVbfNPc9JcQY6nJc7lUgmrXXMrpxfX59t79z4h+DtvafAPwcngrVI9RutM0+ciwu5S87QIf+WSNkAKgI2qMce2cVPih8SdC1/T2j0+9t5Y4zlBKAJmbaSUw2e54JJx2z0H1X4h0fSdVjljkt4gsqtlXVWU9QSQcAHnIIPQ8kYNfJvjb4LaPfrcPHCLc4dleF/KKsSzfdGCT7c4xgEDr6OH4Iw6xMsR7Jyk3zyklZp3i77e7dPS3oux7mD4kjOpTq1INVFHkbslq7Je6+iSSvb8WfnX8VfC2keNdNni1OFgjGQCDAeKQEEKxVflJzgqGI5z0xx+GPwt8BWdh+2j4e8PRpILG0+JOju7PFsUWw1CItuBBHAKgLgL3zzz/AEN+N/g3qumJJLputXLlWfYsocquQw5ByCFHQ9+oIFfjddeGNQ8G/tkaRcahbzTWx1Ww1O71CCFkYlLyFiQ2CMj7zAKPlHT1/pPwXjGnmywDUpRqcqjFxd+aK5dGtl1bS1Wnc/KfF72WLwdHGQprmpzs5qN1aULfEtnza9n01P8AR38MWGm/8Id4bimhsbnTbLwxozILy2tpbdEj0+3yDviZOFIJJVjgY+nzvZ+I/gp4j8fX2l+CLbw5a+L0F3b61NotpaWt3NCoKOJnt418xUJO0YAOOCBivlv9pz9sKL4Zfs/eErXwHI974j1zwto1vLtgkY2tpNYRRNKzDOHAJAYgYPTJOB8Kf8E5/FHiHxf+01NqOr2txCtx4d1G5uJJjIhuLhg0hmIYqWIJ+9jAGBjqT/QK4FxcsgznO8XUnSpUpVVQpTn71RRmlJzi3zJN6R01tfyX4ZwrgIuli8fOtKnVpQlOlGMvi1i7S/K3fe25+9XhXw1ovw50bVP7LzGLsXGpXc8rAM0hVndmcngALgDOAPu45Nfzy/E39ofxF+0p8Zvi9ZJbTW3hX4Zx31rp99C7xJIdM80zmOYEIZZTGVO3dzxX7sfH3U77Rvg54+1KweaOe08KavcxyRktJGyW8mGwDnIHQ5OCc4zkj+bj9kGe88S/Cn4rXMdtJPcX2t66hufLKXN9cXDznypJ9gJ3ltpyx5ODjPP2ngdwrl2NoZpm2LUIvCV8LhKMZOKTlWkpTdtOVxjvK617H6dwfho1IZzm+Kkq+IeHlRVSpJNrmp3T1u04pJJrorI/ml1f9rH4meDfjj4+17wZ458Q+CrC51TXtE1DSbW4cabq0U9xNaM13CAsb7kDbmID4O7P977P/Yf8QWvxM8S+K/CnxKe91PRUsLrxSdbsraScb4IWultFuwBFEszfuzhvkyQoB4r4q+LP7NvxLfxV8SLjxP8ACzxtp8UPifVJbG+tNIupbNoHvJZBMJ4kKtGqFSWAOMkZ5zW7N8f/AI1fDT4Px/B/w74TsvCuj3zhX8WW8CWWv38MaBjayXbL54L8iSIvwe7cCv8AQ+GQ5RR4crrLKOGeOq4alTdfCxjGpdQSTqOMZSXLf3b6O+rTev8ABfEXFONo8S46jj6t6TxNZx9tNqLcallTXM7xi4PSSutF1P3F8a22la3+xd8VYNG8NeHtDsLLxTptzLDcbYbjX4ElRYEaU7RMyJiR8E8kA5CjPo/x4/4JZfs/+L/+CenhX40WNho3gXx74a+G1544v9bv7yCR9auhA1z9idmm+dfL+SCEKSpKKADyf5avF37Zfx01PwOPhrr3ijUT4atbhJYtJhYQ+e1uMCaeaNVaYAgYDFsn5gMgFvKNZ/a+/aO8W+HLD4e678YvGeoeBrWVbez8IXWs3I0uG0ceULUoHUNbRplVicsu1emMCv4h8UcvxGBryw1DGzpSljZ4jEwalJTpyhGLp1Oa2ie1+91qfoHDWPpY5Ua1CNNK6tKMlK6vG6vaztayu07SbWjTd7w5ZWl7a3dw/wBgun8ySNN8SHZCu5VdSeMEjCYznI6Z5+f/AB/b2uoajLpwht4poBhRDGqjAckk7RjgZbvwC2e1fUvjG58DeF9H8P6ZoNwX1i9sob/VmUhwkhhDskbq2AikFdpG7qeMkH4u8Q6uGv8AXdQYujEOtuWIBJbIXsSRgZxuJUg8d6/nrMVUjivZqakk0pcr0soqTTve0lv0afXVH7G5YaGXQ5lFttc9mm1FR5r3fVWdntf0Vvoj4Jfs7n4g2iawt9DbWlpdQ7nVwkoWJwZDGWOc8EsSMk44XpXvv7Qmi+KPBun6Zc6JqMmteF7KG3s57iDBSGRItpEwG4DbyNx4b73QE18TfBr4tat4MuIraS9u20+4nZ5bdHbyQrBgXIBHbII2kZxnvj7FttQu/HelXdp/akJ0HUZEzGzmS3VpRxvUMGSQZOD2IJHIzXfTrVoUvc54OpThFtSd1NKLha101K9ppxe60T29jKZ4Ovg6kcPL2eIkk3G65lJWcbb3X87220atf4xl8fS2c80awq4kcyEySAMCfvFcEgAkkY4HIGRWzpXia21C8ht7xI0t7iWMyeWoIYEZbjPytzjLHJHTGQw9p1H9j/X7+C+vtCvLXUbW2SS5mWKZVe2hUFwIwx3S7hgFAT9d3B+Xb7R7jRLi4spWeKeyna2dNpV1aNtpBbAJIIJzjgk8LyBwSdZTlKqm3JKydnFLS8LWv12181sc3+10a376MuXotLWTXNH7nZbu1lZ9fqfWtT0ODwmLbTJLdXacRqkYVZSpx8z9BnI5JByScniqHw2+Id94I8WaV4ksPKN3otxE8auoKvErDzUdvlByCc46nDcDAr58tb6dEVDJJjgyCUk8oR0HHRckkjPfPat+LVtki7FjHmkFnOMgLgHjrgnnB3ZOQeeK4cfgaWY4epQrq8KkOTVLXmSWlkra2auulr7n2vC/EOMyXOMBmWCnKjiMHWo16U43a54Si7PlaSXMo7q3dLd/sLqfxo8PfFDSL7VIYfJvbnT1e7t43ZBFOig7yu47iWwynJIB54xj9MP+CKU1zc/tR3gkPy3PhCRNw4dgSCIyd3zZXOTk5GMYr8IvgzaDUvDviO8RPJkt9MGwpgeZtRiZOxOdpwCO3X1/U7/glLqvi2H9oLQv+Ec1W6028mt4zHKQzrPFBKqy27nAAhkUtnO4E9ccgfy/4rcORyDh/GxpSqYihUXtIUlO29WLlHyt9m6Su9krM/1GocZ1/FHwvzCeMwmHoZi8gxMHi1C0XOjSlaclHWLcrt6/atpzWf8AezPFEdMtlJ27Y0VlRe+OR8uAMEYI9eMksC2vtjS0idVZUjgAOVJ+bHyLk4OcjpxtBAzjAqHw/pjSeHLR7yUNPLZQSSSE5XzfLUuE64y3oOMDp1rx/wDaC+J5+DHwc8b+P3V538MaTeahFEox5jrEfJVmIIGGKsW7LnIJr8fy7D4jD4OeKqYZKNTCJLRN04qKd0rb7cyWz633/wAvcPhMRnGcYbJMBNVsZXzOGEoxWinVr1o0oWdtIupJO7Wl+x8VfttfD0/Ga60DwObWzntoHlvtVeRUleCH5QrRrhmWUcjbwQcd8V8d6F+yP4W8GCy1XQNX8QWusaayvAttK9vBO6MQsbhNoCK3YtkgHGc8eX/8E5v2jfiH+0Fqfx68U+NtcOtzx+JMWUpJeKwsp5pfs9laH5f9TGNjBMDIBz0av08ubm2jtYSTGrYDNuUkswJ3AdicDBHqPQV/jL9JHxa4u4d8V+IchweIlSwdKUJPDwT5GqtGFSDdnG8uTl5tbJu22/8AZVDCZzwHTo8G4mVGo8vhSjiuWKnCdWtSp1qsXzLSKc+VLbq7to+APjrq2v8Awq+F/ib4j+JreK/j8J6ZJNGYpz9p3SZCmQ8luTlyR97B5UnP84XxT/b91pxf+IPD76jp+pakXWCVpy6+XyGUqvKqo5B65BB44r+jn/golqcEX7LHxclWJZM6K6qMlQZADzt5GOcHgY9gCB/DJ46kd7SzuPNCedHJFHEGJCuQzAKvKgnnJ2gZAPXr/dP7P/hnLPEjIsy4g4hw6xeMpZj9W5ql5KMfZU5aP7N3LTlvtu3c+0zWSwnh9mHEUsNCFXD1ZUoqnTUeWHsqcly2bs7zaTjbpotD2/4rftS+K/E/h99X8QeJ31G+gUpYQTuzokkxKnyUYnITdjcFBPHA5x4Z4Csrvx1Z3Gtz3E7TmbopZY5LkyEvtIKqdu7gA5JGAeTj5c8d3UiDTYJpi+wHdCGO3AJwuBnJxk54DHoB81faH7P97pGn/DuDU7+MJaWzX00xdti+aiYjIPBLKw+XI5PqTz/sfwxwjkmUYd4HC4GnRw8aSThFKycuXWSSabs05NtO6et1Y/gbMeOcTnPEKhiKsqNCk7KPtHdXlFXlJyvdXW92uV9rmxr9p42tobtrPXZ2s/D9ks0loXcgZT7qqxOVHA5P3emDXuP7AnxC8O6rqnxI+EPi230vU7HxxbG8ja8SPzllhVnuIoZXyUKA7gFIBbO0dhzWpeIvCUnhya+0q/gvX13QphfJNtXyJ8siRrknbwCV5YHb1x1+APDnijUfhP8AEKHxDYhpZ7W9lYLFIUMlvcD5gGQrk4yOM4OCeMY93J8swmCxqdOmqNGtWUqnJ7sPZ3i4yaUbNtWWno7Hv55ndLLsVk+YwrzxmFnCUa/PVc4QjKCekW5O/K9Gu1tU7L9Hfh18T9a+C/x+svDlpcCw8P6f4numYiQNANJ+0OqONwC5jiwDgD7pJIOQP2e1X9tDw/8ADCw0JPAR0nX28U/bmnT7THcyLdXCHdcTRhsW0Ykc4ZwBx0BBz/MnqPxLt/HGvW96Y5LDVVacNcO4LOLqUswJPVkDZI4YAHHbFzSfFt/F4il09dQnVI2t4EeGZy2DIA5wSdoIyTt24IxznFcXiX4XZF4gQy55jKrWpYTEQr0IRa5VKnyyUGk+VQbjJNNX3v2fLkniHSy3E4inhIqUMVUk4Si7OnfllyxtZ2fvaWfyZ9mfE/8AaK+JvgLx8vinXNXvJtTl1671vTbVL5nsbaHz2mSEIj7GhOcFeMJxzkGvsXwR/wAFo/FFvo+n2GveC7duPLnubWZiHZQQZEVgQhdeSpYnqOmCPy+/aR8P2Fppmh6rb3t7c2v9nWym7uWLk3kqLJKIycnZyw5O3BBOM4r4+0e4uzc5MheAtJGgwWUDk8AEKBzjI4PTqd1fD514J8EZpTwuEx+U0WsNGmqLp2hUSp8itKUbNxaja2qTfKrbnNjPEXPMqxdSOFxMlTm+ZRl+8a1Wr53flXZWTul0P1v1X/gobNr/AMUdQ1NtKisvD3iG9jXUFJDzRQlgXdMAlsDJJGBjIbAIFfVV9+098F4bbQ9U0fWdLSaKOTcZdine6/OZc4KOPmCk/XuMfz5TXBl1a2hhVCGkhDuuQELFUbI3Z+ZSeTwSPTmvZ/iF4W0/SNP0trO/MMYsIpriFzhWlddxG9iFY7scDoP4uAD5+I8DOFayoLC0J4eOGVOPLSlZyjT5Uk1O60s7tN7p9bndlfiznzo4qpVcMRK0Veaty/DaKTeyt3aWnQ1P2qPHOm/E74q33iDTpYJIJ4Wt43U5Eix8BwcAYIxtxnjgV4Bo+m3MdxbTJDuVJDl+Vj+VugJ4PGcckYHfNb0GkJfCO8ncgooUhGG1gvK5PbIBPU5Ut0OK6mbXdI0uxeF4orlvJKQJtCFJQAC5O0EsCBjODk8nrn9qyXL6OU5dhcDTi1Rw1KNOkpPeKSs5u1m3ytt+fkz8izGc81zHGZti5RpyrVZ12r6NycXtu9U9tVdeVp7nxNdRwXVnG5ZXTaQpGFxgHB5CgccjOBk47U2JlWO3gk3EtF5znGCrMMY5yDzzghhx16GvPpby5e/tyi7FulR1jX5iELAsWwDjA6nggYztr3J08N6jdW+/UbGwhtNFtyjH/l4vyuGRyMhdzE5Y846dwOjFqpKNlCUuVr7Lty9UrdNdL9NupnhantPaNzUVT0i5qycW1pdtacr66aWsx3grxzpnw58S+G/El1aLqTaNrul6otvuIeVLS6SWRB3BKxnapOQcdABj+qf4X/8ABUv4R+Pfif4F8cWniKwsNJl8J6f4evdI1hzHLpWpRW0duY5Z5B867lO1gBgHjBG4/wAiPi6XSWsIrGG4tDqdpO32i8gYNGUkOEIBxnaCFH3eGI780LmfxH8ONP02HVmRItahOpWN1asjNJGwzHLHImCsq9WU/MpwOoOfh+MOCMp4swaoYvmw040kqdSCtKEm4O8lJq6U0l2V+nT9G4B8Q8PwfmUnmGW0czy+VOpSqU+bllCGIUYVHCTldSdkr2srLW+/9IH7dfxV0XV/2jPBvxC0C6tNZ0+1udEnlu7K/W6s7aWG4Vo7WOWNgCGDAsnTJFfbX/BWX4kJrn/BNzw9qtpIsk3inU/DDTIrh2CeUQFVDkhUIBxyc8gBjiv42NG+LniNr61F7rupXWmwXkN2Ibi8ZwXt5VdQ6s5YK5G0soGBn0Ir9Nv2jP8AgojpX7RX7MXg34LL4X1Dw5rPhfULK41PV2v459MurTT41S3W3t0/1buBudmJyxyD3r85q+Fk8nxXB+JwFaeIWV4uUMTNu0nRlVhVjUTXNouWSSd9JWXd/wBDcT+NvA3H/DE8FWwn9jVsmw0qeX0qk1KVZvCexhGM4xXM+ZL4nqvtM/Ly/S51fT0SDT72b7OXlubiOCTaVjycsQOAoHTJ4ORjOK57wn5aeM9B1BrCK8hsNRtbt7O5xtnWGUkQuGI+V9pGMElT2LcfoJ8JfHvw4fwY+lXthpy3sVldw3Ky2yq2otIhVCZm5GCSe270+UZ7v9lz/gnX8Wv2qPGXim4+FPhn+1bDRrU6ndzQ3AS10WKd5Gt1uJWBGZBuCJ1Y8dWwP3eOK9vSlRxCSpwjBSm0kppJK8Xol2b1s3e5/GWOyihGthcbhMbSrSlKNSfNaKpuDi1dy2s9Lt+tjgPjn+2P48+KHgy0+Gr6dp+g+DtIngki0uzihj5jiSMLuVQzIxB5U8k8j09s/Yy+MHgLQ/hf4u8FeJvD2iz6hJcy3sd9qFkl0JY3RgtqWkDHbnGAMAZOQOg8y+IX7CfxO8OfEO78Ga7bz+GNbtrmS2uINeieyEixfK15B55CyW8mSYZFyrKAwxkkfTvw1/ZT+Gnw1s7nTPF/xHtry/u0jmvo7aSONrZlUHygCdxwcgMDgDHTrXxWeVMtwOXzwtCFWMalRVIQw6c5Oo5Rld8l5Ny1TblfRvuj7fh/DZzmWbxx2LqUpYb6vOi62IlTVJUuVKPKr6rrF21tptp+Vfimz8RT+M/EesaTorW9le6vdiwWzt2+zxRvO3lmBhgKFGCqrwMgDC5FfbnwyvPj5BbfD0+K2s5PDXhbVYr7S4r8qjC1cKzec0WyTO3I+Zjt74PJ9s8bL8BPDVrPpekarNcyRurSyFo3UFe6MNxBcZ3Ecn0IxVLwTqd78SJrrwj8N/C2q+L5rC0+3yw2Uct7cJZRDM7tFFkxRJGpO45C4GDtFeZiq2YZ1glCGXTcKdNLnqxkk9E22pLf3U730avd3NsswmScO5nicVXz+mm6kpOlh6vutuSk1NJ2klZNRT0s9Wtvpz4Y3unePT48m8VPczC+e4ttDjMzyWVjcSqy7wGyduxhsbPzAqcknn8I/itYHR/H/jCwQp5dnrN3bW4jXCMVmcbx1PzfLzzuypbFfspNpHxi01NLl8C/D3XrO+TMM8NxbsloHKeXlkeMBmByctnHXkDFfMPiD/gnl+0f4y1TVfGV/wCG0sba+updQv727vYY4oXnZnLbGJKKN2CBwoGORyObgvKMdkOPxs8RNKliFTdKmpr3E/e2beiTas3ddOz8/wAQOJcrzvDYKGXVI154eTlUqQt78Z8vLfV63Wq3VkkfrZ/wRm/4K3/Bz9i/9lLxD8L/AImHU5/EMXjKfV9P0/T1bbcWMsODh8AKwclivXuBnDVz3/BS3/gtrpX7U2laB4O+Hnhe50Ox8PaoNZi1+6mWS/clfLW08goSFwdxIyTkngYz+bnw8/4J5WMepqvxT+LvhTwtpBxI9xBcpezrgfcUxMpGB2JJ5PByuPsLSv2N/wBgDwRaQyeKvjLrHjO5kCF49ItvLWM8A5LbmI64OQceoYV9fnGKwc6M6eIw8sR9ai4VOWMpylB6ONrWs9tN0+lj4rK8TjMNVpY3BuGDxdDlccU5SVSEkkm4pLqvXXXsfn9pX7ePxhtLWWyfxF4lvdLZ52XTba5a2hXzAQQNiFwDnOFzgDopr6o/Zy/Z6/bH/azlj8VfDnwSbHQr25McviLXmuZUaVjuDQSXTlXdMljhAN2T2xX274G/4dffDaO1t9D+HOr+MNdLYF7rtlNcIrnaMDcWQKx5YuuOnJav1F/Y8/ax8KaR4hGmeEfBVn4Y8DW5aMW6XUKrCxyY5ks0AB3DCnapKgk84Jr8P4pyLD5XhK2J4d4dwmHxUn7WpWq4anzdG5cqvKU7O7u0uu7s/wBPynP84xk7ZtnVfGLlThQ9raLkuVpOStLW63S1d1qtPzc0j/giX+03rgm1D4ifEGFGk+d7LTZVtmwAcRq8BjC7eQCwOWJ9cnRk/wCCK2q6Qn2y6vTqEsasHTUr2S5MjYzgMxwvP8IHPXHUV/VVo/xs+GniWxhuU1jT4Zyo3QzqifMVIbap6gbsbQAcHgnivGPip8TvCltFLHpkEeozsWCTW5xFkkFST8w5zx25z0Ax+DZtm/iJh17XBY6NODv+4hQUNXy6Wik9N99bau6ufbZLXy3E4mNLG5ZBrm1qTqznpprJyvr0dl132P5edW/4J4eJ/BscyWPhzRGjRmOxbdJpzsyGZcksAdvJ7kdznPiGsfAPUfDU3kSaFqttOrFS8SNHFG6vnKFV4AIIPXuARyT+8/jXVPHniPUJhp1tY6dAZJDDI5G9lLHAyDyccHdu6kjJGDm6R4P12/gSDxRYaRcBmXa/kRFmBODlmywGT0I4J4xiuPBcXce4em3mtF4qEvjtzNqLUdHd2s1Z+rtex9zWy/hup7J4SVOhUjy2jBwtzJq221npd39T5/8A2Yf21r34WeEdB+H/AMSvDF5c6forLb6bq0BkmnS1QBY1kUBjwDz0xwAMV+hml/t6fCtLaGawg1qbzCjvEttOJUJwQigAtwD0yPrkc+ZaF8OPh/Bdj+0fC1g43hmaW3jlRgO+GU4GT0GAeBtAAFfUHgzwZ8HJYpblfBmkQvZqjGb7AhUup4OCoyxPb0wMFhXwucYXD5nia2JoZXiaFepepUteMXJW0Vk2rvW3fta5rUqZdThFYxLFxi0klOKb1ja927Kytte70M/S/wBrweK4pD4R8C+ItXVgP9bbXEOCRgYZkwQMc9unQdaWoeOvjr4hfGk+AJtKjnbCSXALGNeoLYAxjIOcevOPmP1BoEvhuxiUaXb6baQhVVEhs4YW4+6PlVd24EcYxxXfwXM8kayQiNw2ANqhQcgnGBkAAAHAHBzx2PxE8tq1Xy4nD1oNN8v7tSaSdk21ZtbX13t1OGWZ4LAT58FllKCaspVqrlqnFXtZfnZJdNj4j0v4a/tEa9cxJqesRWFpIwMyxyqpRWOdgbk5AO0jcAM8c8V7RpH7MkN/Ej+K9f1u88sBmgW/fyncAEhlDAKvA64LdOuQfoPdqsZDbV2PypCj5MDphRwTjr83IwMYpJ7nVUiLMVG7Cg7iQVGMknPI28HOT82M4wa9fBUaGEgo1cPVcW00uW0VrGy3cne7b19NtfKx3EOYY28aFTB4ZO1vZqLktNbSd29HzPbbTVNH4v8A7c+nfBj4E+LkZ7HS7HWvEPhOeaC5lkEty4soJMQzZJLNMzYLNg5Bxjv/AC9/DH4RWX7R3xcuvC2i61b6J4r1e61y+8NafOQLTWb6OaaSDS0YlVje4yFjJLYJwAcnH67/APBazV9Wvf2nfAuijV4rG2ufC1usiu4WNVcyK+VOADIFILDbxgYr8MPh98S7r4NfE/RPGFnG0mqeDvGttqNlcRMUea1iukMsaMnIRo8sACQQeQMkV/qn9HLJ8NjOBPrKqRVWrhU6PPdWlBL2aTTUr3aS130SdrH4VxnjH9ejSxElOVNqUpWbUpNQk3vpe9ul33d0ew+NPhn4p+FWqS+EvGOjXWg+JtGvZbXU9Pu43iaBkkKq4JxvjkHzIw6qQVODzo/DCFrj4l+DCWRopfFeiR5A5VxdpgrgEgj5Tz36Yr9Z/wDgp3N8NPjF8Hvgp+034JvNIg8Q+KdLsNP8UWNvcxSXt5+4jIluoo2DC5hnaQymRc7NuSVzX5s/A/wJ4jm8TeEPGr6e6+E7HxloMc+qSDZbxzC8jyuGGGLdQMn2JFfAeNmIllXD+bvHN4ZvC16UnN8l5unOCUdOurWkb72R38D4RY7N8IsNTdRxlTqOCSaTg0pX3Wn5vc/r+Fm9vo+g7YTLIdC07zZhIUZ447GIrvPQEYA+oYcYr4a8bfEfxpY6/wCKdOl0SKz0xLeaKz1C71Ly0hiw25oUJBMsg3AnvnKgnGP1KsvCNlrvhvQ7mMu8cuhaaqvEpWNkaxibh1GFypJzngZxnBNeJ+L/ANl/wb4q81tVsp5HlYOW89wCFzjLZHynIySMYPAJPP8AhFj8qWGz7F42vhIYyhOtUlF1V7R+9NNuN1JXab0ur3u3c/rTJ+JMqVKWHxU1Tqwfs/dsuWSa0fMna1to8t2rK/X5w/4J9axa+NdB+I76dG9rbab4s2zbW803E4jVJmZ+M7ny2WJOCOvNfpRH4MmnkLQSEuQpKuCT91SDgoTz06e33QCPnf4S/C7T/gJbapZeCNGgsrDWb4Xt/CD5gmucKrTPjcd5AAOemB/sivak+Leo6bIBeaQJUDDDKBGygkA8EkEDJwoA4XJwBX1WHxeQVqrnVpVcG5uN4+ybjDkgoxacLbparvvfr85nUs5xOOqV8qnRxFCXLyLmjzv3YrVbdH3v16FjUfAl8xAZBjuUYoxLf7JyRyQPQkZ6dOS1LwBfxxO7JJbxfMmVkbn0xwCoyDuGAeOnIFd6vxp8Luqrf2klu+FLEK8iqTyTkcng+nGTjJwaxPGfxd8L2/hrVb+3niZbS1ll2u3lswEe7IDcE5AJI57jJ6b1cv4crKdSGZQnVtKcYXXPJxaezs4tevo7Ox5+ExvFccRSpVcDNQnOMXLkUo2bV22vdWmmrSXqfGvj+21zRPAHi+30iUnUrcX01oi8ksyuoCnBLMQTjqx6fX8mtf8AhR8SLH4DeOfF+rWdx4aiutfW4SyuHaF9VEqYkuWWTAZJG+bGOQc8c7f12+FXiPSvjHrFpZeS/wBju5bq6uAXGZo4rhlCnHBGVHykexGOlL/gobbaZo/7P13pqWiLBFc2sFqigI4SIL1C8EgDrxnC5DHgetwfmFTLsxpYmlNKhRxmHipOXvNqpBpXs3GyknK3xNq+zS+ozlwdSjk9elz4nGUpTqO7tThOMXro229UrPlte/W3vX7CetyWf7MngTS2EEV2uiSM6lhjgDI28Bix5OTz2HQH0qXxBYXL6ha3LYuCJoWiIYRyH5sBN2AQOeQOOMDuPnP9hTWLXUPhZ4TUQjyLTSBbMpfKuMopIPIbsrfNndwD81dt41+JEEHjLV/Ceg6RZXuq6VCblkkeNPNSTkKWOSTglRn8iMiv7H438TY5nwhgvrVWPsaEFhlKTk7yUIxt3u+Vttt7Ws3ofgeE8OKdDO8b9ToynUnUlVfKr8sXOLVra93pdWv0tbxr4sSzxWV5PEsT20cUsQiRgxB2OMnt1OR6t9a+APCvwZ1b4peC/GWn6V40m8N6vqF3e2kaPIFto41kLgOpKgu/ABfGCxJ5Jr6A+NHxWn0rRdSl1zRL7w7I9wVJ8iaaBmJAVwy5VUAySflBGcFwQR+evgn9oDwxZW/iPQJPEyw6nqHiRmgv4HkV0RnO+IKpUqSABjgLn5ueK/AMix2Cq0MTi6fssTGUlVUYPmWl+VNcvNGSta0o6N6pppL6+PD+Lp1adG0qNpQ5W3bmSS10UZNvb3lotLPc+8/2PtK/aJ/Z5TWLrX/EuneK7WG5t9L0i0uZ/N8m0LmMzxEEldwILKwIGTyMYP68eKvFfiq7+H15c69YW0qy6Nc3sn2Z/lDzW7skasvH8XYDv16V+KHw6+M2kWEg0yO/uL24vbi1iiuJ5zIruHXDfMxJBySTnrwegNfshd6zHqPwvgivJo5Vn8O7xIgK73+znaCRwByMAnr2XGK+nwWdyzjJsxwFTnpwp0qklCMFGMuZyu7NJJu0Ve3a3VL0K/D0cHmOXYmdOnUlUr0U6jV5K0lqpXV5O62jFJfcfm74G+M9jpOmDTNR8PalarHfXrLdRIzJIGmYLhlU8DI5yDt6YwcdvrnjfSfHWl2uhaMZrrUbzWdPWOz8h1mJEgLBcKTkAeg646Yxr6V8P7Z9N065mSPy5JLg7dgJw8jE8kYywGSe5I9CD7b8GvAnhvRfib4SvJLCKMxXjzrIY0fc4XKE5BHB2ncRkdulfyNkvgxR4j48wtWmquF9vmCUqtrxjGc0nOSs72T5t00l22/WeIcXDLMjxGJhB1ZYfCznycyu5whFpNtNJuSsrXe1+hsXNg8cEcM8DRvaxW8MqsQHV4okVlZDtYEYHUcHqemfJ/HWkW13H4elktjLJaeIbKWIiPBQMzZbPYdyMACu5+N3gPUdf+IOu614b8Y6npMN3LKFgjLfY7eRDyBCBtIYDgjj0A4J8I1nRPibY29npy65FrUMN5HPHOxWFxJC2UMjbSWXdkkFgCT74r5jj3wrx/DHEWYQoV3XoUcVWhGtZpSTlZaq62d7XutLWW3NkPtMwynCYtzhTnWo06roy92UZTjG8dVytJve+rV/d69vr+gWRu5mZWMzuqqpX5HHJIbrg5O0gHjgjqa2PiX4TsfGX7L2v6PqiQpZadqEUjXRyJLN433jylccnr8y5JzwxwMUvBOo+LZr+3/4Svw9Zyq13DGHikWTzlBCbSqkBS+eO3IzyBX1l+0tpWnWH7K3ii5tfCEmmXDRW4KxDYYlkG37TJtA38jcWIb3wRX799DrwnzXOvEXL86qVIqhluOw3tKUqcpc6qVqdkviWyu1Lrr1TPgfEnPFk+GwmCqYd82JqpQqwlFctla/K2m+vwrW666H4i/C/QNN0T9qb9mqDTURoR4tjiimTlZtkcQMnqpJJ3Hj5scjOa/sSgiKwRjByRuYnnkk555xjr04471/Hn8I3UftMfs0I83m+T4yiVMDODIIxtwByTnDLwST68V/ZBCAYk7/ACjngnnknPqeDnqc5Pv/ALh8eZfRwOcYPCUqcYRhluGbgoxSbcFzdlrf/Ju5/FfFVepXzCTqNt8umr7Kyb212v3jpZbZxUgkAdPX36deT/M00oSOR7c+vUZ9Ooz09K0nVe4B65yeM8kZ46DPfjke5quUwMcHHHQnrgkk57ZI6c/rXxsqKjou1+qvol6Xst/O/U+Xg72e/La/d/Dp/S1epkzKwBwDnnvgFTyOD2z05JOAOa4X4gB/+EH8YLgFf+EX1vcCuQN9lKW6+uBnB47cCvSJYlPJA4/Hrjp/nHPTseM8dWhk8HeK0xkv4a1kdexsplJJIxzxggduOBg74WahWpcylbnitt9V/XovkazSs27N6LZa9L7e72etu+7P4WvHvwi8L/HP4ha54M1bx7aeANVbU9Ym8O6lfSxxWk+pw3cphspWYqC0zcADkBuvy7q4rXdS+Jn7Nd/Y/C/9orw5c6v4WuohFpGvpCbjTbixlUpbXdlqSq0WXRhL5SNlc9TzXCftA+BdV+JPxesfCGj3z6ZfSeO9TjF5HJJFJAo1OVfOEkWGUxOS+4NtIGCBwa+/PC9p438KeEn+Fn7T9onxr+DFyw0/TvEriOfWfDkMKeUJrO/MbzIbYqCi+ZnIxzjn+uMH4Sw4g4Wo57l9fDVsdTox9tlspKOIrU+WMuajzOzl05bXe6bTR+c4j6SfDfhPxjlfDXE8lRwmfPlwtaaUYxqxmozTqW5Y2vF2b6/M8T8PXV94Rt4vE3w31H/hK/AkyRz3mnJL59zp2/DPGANz5jTIwFUKQOflwPqb4fePfDHjmCWWG6ihuUgYSWE7CK6jYD51KOQxUPwDznHLE4r5I8bfAnx1+zns+MH7PWvH4ofBC8uGn1DRohJd6roNuSWaz1qwVWZljjbZ9pRAF2/McAhuj8H33gz442LeL/htqKeEPiDYW88upaLITGrSojeZG8K7Q0cjqVEir8ucMMhhX4HnfB+Jwlef1SjJTpy5auHnGSlTkmlZ3s0007vtqj+uKGNyziXLcNn2Q4ijjMFiYRnGpQnGo1zKLSkove7eqWid9dTwz9syG3b43fDcRyRxKPDmotHJGOpTjnaOSR6jjgk4FftP/wAExP2kX0f4WaH4X8QXAutD0zU7mAXEg3TWJL/IgJYHy8deoA6dGI/nt+Iev6/4s+JXgZPFQUarp58QaLdshyp+ztIE8vHQMBkkHJHbk1+pP/BPy0huPB3ii3kh3+XqZhthkYyC5yQMgcZxn5hjnPQ/GVsbUwMOSUZKpTqqNRNX19291e1lpZvvpa6Z+s8AcDYTi7JM0wua4ZSw7SdKu7c9GqoqzhJ6xa5l1s1bex/VFpmqeH/FWlyX2i3ttfW91aCQ+Th9kkiZVSBypGcEYGOnUE185fF2OUx6HplwEgIWRFZ2VklWNtxjOTghwuCDxnAxXzz8MvEfiLwfbxXmjTu0SITdaYz5ik2AKGC5IVsEjI9eDyS3vsuv+E/jPpa6el5HYeItMCCS1kcpPHO0gZwqkhmjLgDco+XjnGM+9luLhX5ZL3VJXSd3e6g21olv0Wqu30PxriXwyzXhHMKtWg3jMuhOTjXpRfNSWnL7WK2Wnxaq/VdPLPiB+zfonxA0TRPG3gPUE8PeM7Wa0EkMBVLe4ntSGKyYJEcrMh2sQc5bC8LXqvwz+ML/APIhfFKI6J4otGXTlurwCO11JIVCxSpNIFQuwXJIPJ7k5DRaO2qeB7safcl0hk1m1VYnJe3mWQHdPG5yEB2jcGxjjsM11XxD8EeGfirZajp17HHaalaIWsNVgKJdWN2yBosyIN0kecEE5BIIBHJPZNVaEpSac6cmpKcd4vzezstLP7+h8riMynj1Sy/M3OtRpPloVrKU6F7aX3lFN6xe1m09D0PUyllYWs9uyXNrFdu6yxncrx4bB4YgcDIIwCeDur+Yj9rvSdU1n4yfEnxVHJHPokWsvafKQrLPkZUHGSw4wSS3ICjOM/qrrvxY+Iv7Od3Z+BfinJPqHhy/mkTw/wCI42LxRxeU2BcSE/LtGBtZ89T7j5A8aeDvD/jP4S+OfEx8qXUb/XdZ8VRamXJU2MUm+3BVDyCoJHBGORgc1+seFua4bBZ3RnUbnKp7OFlrZycY3s+mi7a/Jn8ZfTT8O81zfwpx9LB14yp01UzGjVi3y1Y4anzuF3f3mk7xkviifi144ZLHWNAwyooviGQkEqu5ThuGOTkg5B6c8AV3f7OEUA/ax+EUSRE/avGunAMh5+eWMgqvQcdB0GTgcE15X8RWea5tNRZwy/2wArcrmJmKIyjG4AhD2GTk4Bxt9H/ZvvFt/wBqD4J3QByvj7SI/Mc5ADzLknJzxuGePfsM/wBS55NzyvM0lyKOFqVI97qlJ3W+9k3ayu/I/wAafDalGPEXCFKq1V58yw+Hrp2u3HHUlLfspWbd3rs9Gv6eP21P2ftV8b6Bofifw7BNrN9ou9bzQ1XcZtMSAtLK/OSYxuyDk9/lzz+B3/BQRVP/AAT9GiWNvBZraePRDd2e0LNbyW07+ZGzFTlhyCAOce2D/YU0Ed3bT27IZPNsjGXAxuS4tghBzkEEMVOM9Qc8/N/Nf/wWb+Fuk+CP2Ur3TtFtprUP45l1TUAiL5QNzI0hYSDlidxzkjnPQ8n+V8t43qYzh/H8O42Tm6dd1MLN35nBcylTab2vJNXto7a2TP8AYjLfAPKcv8V+H/EfJ1HBzr4NUc0w0YpKrWjGk6dWLt7rklytX1snpd2/iX8ZWtvJos9o+5fKuoS0gGeJnVSTxwACSWAHI79vtXQ/2QfGuj+EtF+IXgi7HiPSItHttUvkgUrfW8skKyMsarlpPLYkEqd2cYxwK+PteUzf2jaACZd6ytgHAVGDhiTkbtoB46ngdBn9Tv2avjrrPg3QvCGhXo+1aFrKxWtvashMwZY0RUYNlWQkfdZTwT0+9X4zm8V7aXLOMZSsrNNXs9LNXWie9r+lj+ycNllKvVSkr8sIpNNqz3v+Kva2uuuh7P8AsDfHK8034v2HhvxhclRq2lTaVB5oaG6tZogQEdWw2WJKNg/MTjmvUf8AgrD4e8Oax8Ktc8QxW1pPqmi29lHY6gEQTxiSbDruADYKZyrAgA/QHz7V/A0PjTxjJ438E+G5vDvjvwz5t/bz2Nv+5vGTdLiSKLAxICFYquOSCQOa+f8A9pT4oa74++C3izQfGKXmn+MbFkuNS0aWF443SCQqsib8Ao6jeNoIy3Oc4H4lxRlmNef5dmeDnGOEpV6cMXao4tpuKV46Kad0nvZ720P0zKZUMNkGZZbi4OdedGdTCykuZapWab0Tj09E+uv5i/D3VraDT7MPdxiUqFaPzBuXDcHBbHOQRj6hhgV7LFq5l3NHPE0RBzIkgyCODhc8HGecDnjIwTXl2h/CjT9Q0ax1JTcwy3durN5EhARiMjaA3TacA5xnDZxVhfg54hiUPpmv3KKc4SSRs/LkjcCw4xhc4z17gA92Ihl2IxLbxMadRWTi72TfL1XmuvpqfO4Z4/CYSFsPKpBcrTirys0lfurq72V9memteEtGEu2cOR8gck4xgDDcdvmwRnsepN/bK64DMOm4MVbHT5iQM5bjb16YrwK+8G/EjT5C1rfvdNGQwKOM/KCT8oyGYnPAPUcc1Xt/Fvj7RpPJ1HTpJSmRI8kbYbGMgsOM7ewwd3sMjell8pJfVMRTaWqtJJ3drdGrOy+7pZEVcbGP+9YacYt6vku7vl3bvZb+dtntf6AurG/jwYplIdS3yqPvDI6g5J6ccHoOMDFRdZ1qzQxomVTkuisHJB3c7evJ9Qfu4wTXmul/FV/PSO+0q4LLgBV3HktggADnuMngAAjAGK+uP2d4vhF45+IumQ/E/wAUt4N8O2ixXs3nwP5d3KjgrbSuRtCMAN/IyN/I6V4nEvEmK4OyfH5xi3iK0MBh6ldUcJzVMRV5I3VOjTheUqk3aMUtddt79OV5RgM/xtDB0PZU3iKkIOdZJU4KTiuaTtZRSV3be3kM8BfF7w7odpHD4r0XX5HbAOo2b3SInI+fy9pGQvQEEZBIAOAOX8Q/H2TUPi1oWj+C9c1i38O3Jhs7t7vfLdq8mN22NkDEL82ABnsBmv6I/DXhr9lHxBpOn22jXnwu1S12QpDDI9is9wEAVd6OodWfgucnkk55Ar8pPiv8KvAll/wUY+Guh+GPD+hpoN3qWkSz2OnGGTTbgugZ1CxEo5IB3KRyMcGv5R4G+l1mnEGecSUv7L4vyJ5XkuZ5rTWNxFRYZrBQ50o05qPJOVrxV5JbPW5+o8ReDeU0Muy2nUjkWOVXGYWjUlTwlJVpRnKPMnUWrSu7q2u90OsvEviGysYU0rx3Dc7SQ0Gq6dNC4Ck5UyOQTu5JJ249ccnQs/jPr2mXAt75tKvJEI3NBKIiV9QWJAIOCSCvPUkGv3+1X9lX4K61C7X/AIA0mKSQfNJaWwRxuRS3yqMAgn0IZiDgcA/Pnj3/AIJ7/AnWoZJLGLVtFudpCmArHGpwWAPyEnnjpzgDO0AV8Pwj+1NxWCzD6nm+KziFKNR03UxmHoV1G0ow0dNxny9NYydvO7OTiD6JnBGbUY1MLluCpVpwu40alSlq0ruylJb7a62Xmflfa/tNWNhKiarZS2hyUM0cxlQBScZAySOg4B5LEZFei6X+0X4G1Paja3awbgMJdKFAA5zuYnnJ5JGR82eOT4L+0v8AssL8HNdtGt/ED3eiasbj7NNMSZEkBIETqSRkYVQRkf3cAYr4/l8N3EZaGO4idhuUSNgHGckhgefXjOPU4xX+jXhv9MWfFmUYDOsOsHmGBxkFUhVVKVKbS5U1JXVpLZq1/XVr+YOMPom5RgsTiMPhqmKwVbVLlqKcVzKLTjdNtW2fMuj2P1tg8e+DdcCyi60G/DJjIaE8cAsc5ycMe/J2jHrV1HRPhzq//H1o2nszYAkhWPJDEEbghUj0ByMA5AxkV+Tlh4Y8Rh1jtLu6iZMsDBdMgbvwN23PAyGzk/Stsal8S9JwsGv6pAqFc+bI0iHGAPnPAwRjHYNuzknH75lf0mOFsW4UsxypKb+JwqU5L7KtyyXvNeXvN+jPxXNPovcU4WM6uU5/VjZ3j7SnUT6NXcJWW172evfRn6Raj8HPhxqTIIra5stygh7Z+FJJO4KSRxglhgccdAM+A/FP9mzSZNPjl03WIJoZLlXWDUbdJe5wS+0dME8ggscZHf5osfjb8VNHmEc16Z4kYBSwkkEjAsAOuTuPXg/KMYBKg7uvftJeKo7GGz8RxfYzczj7PJeWskCyIgB3QmTbvDMeApOeme9fW/8AEUfDHO6XJUh9Xq1VeEZ04RbdotpODd7dbppXvofBT8KfGfIcT7TDZhHF4em1e1WTtFOO6nFN39btehR1n9l17tJUl0PSr+Mruaa3SKOR+Oo6ZDbj6E9+9eJa5+yvokzEP4TvoWQnfJCpYHHBwyjGQQc9ehII7fUOhfGnxVPYQTr4fvtQspWJiv7K1leJkAGSjjlsAjGRt6cYrt9K/aB8P2SFNa0q9t2Iw4uLGUNuGCeGXaPmByeV4PbIrzHnHhZj5ulh8+wVCvFuMqbxVOMoybiuWUXN2ata1k1fTc9O/jXkzjPE5FVxeHsm5KhUd4+6+ZSV7pruktbn5la1+yvpgkeO3g1OwJVl3SI+1cdCAqKCMnoDjgcnt5xqX7L2oR7l07VzK6sSUlgKYAycEkbcD3AJx6EEftVbfGX4Y6z5f7i2Iz/q7q1Vjk9fnKghicAkggDBPWtCO++Detq7zaJabzKS7xqEDDkkKAQD8pJyARwSOBW6yDh7GL/Y83w9aMrOLjWhJNe7taSvr6q97o6oeI3FGDahmvDuLoSSXNJ0pcurin8UE09k7W17LVfgFq3wA8c6crOginjJwrrIPm+gxkAcDGPl49q4C7+Hvi3Tty3GlTN8x27FZj8vA24GDkgZBxkDBAGRX9EFx8OPhPrckk1p9otIiX2wo+QpOdzYbJwex69+Dk1wuu/AbwLfRsbDWY0ZScR3UYZh2xtOMgcEE8keuM1liOBnKm3h68JOya1Wr93qr9++mrXQ9PB+K+HlK2JwlSkm43vBre3VNpprp632P59ptI1S1J+02NzGNwJEkbYB4wVJUA5yQeexOeBUSxXCr87FQrrnKlGxjLH5vYe31J6ftbrH7NFrMrS2d3pVxnfjzI1GRnplhjPA6dMkdMmvNNS/ZadomkXQbS8AfJ2MilunyqEAPOMhTkjGAAOD4dfhPMcNFWje2jfm+W2/S1uvzdz6nBeIWTYlzTnGEtNG1e/uLlafL3f4dN/BP2S2fytb4A3Tx7BycggBicDOWHLcg8YPIxX6D29urxqVjwwVcgKRyQAXJ5z6Drk4wMECvmLwd4V0/wCFvi2407UIDoS3sKTxW1whUFgxVmyeCuMAc9x64r6osNU0+eFfLurZiVUho5UORkEfLkMOmcEDH3SM8V+cZrSlhsbVoVIOM4yUZL+8rWTeu+tlq9Horn7jkOMpYzKcPWpTThUhzRel3FtXs9I3XRJ/EtdDFuNOyZsoG3dgDuDFtw/Ec5OR1A+8CapfYI1Ee9WZj8xG0KVC9OTnPt0yCcNnr2s89myZhKuWXa2CcjjOcAnd9VJxnkg8VC1mJDEyyhmZfmKlPlJ64HZeADywGMngc8MnyrW7dm7Ja2bWm9ntdXfa3Nc9aSXKnfS7d3Zys5Lfa9tXdOTu7XSbOPudItbm3CyWyncrbD5Y2gAkbiSACcng8D6ZNYlx4B0e4iIurC2KSICrCFGbHfd8oyWHOd2DgcdTXp8lixQIsqjKt+76udvAHXPryCPTknNV5IJCkduqMAd6g4OQM8gN2PXDYHGOeeYi+Z3lJpLTa2is9bK972d7K/S1/eifLKLVlt1S206R6t3ut9d118C1X4VeHCoc2CHbkjy1ZGIJIVsKQAAR8uOQcnqWNU9P+FOlRq7wLco8i5Uo7fu88nJDY7EZLYAAxg9fe7jTpCv+rkXH3QGG7bkZz1IYkYGDzngkc1nWm6xeWB0KrhSrH5pFz1wBnAOTkZO0jnnArb3ORu97Lbo9FpZ9m7Wdr2e+xilCCbUkrNN7WtaKt35lomm73k3voePt8P0hjCC8voSrgRneWUsDkjJwAOSCcc56AV+ZP7Rdq9t43123MjTER+UHfJYm32EsQM569sk4bb61+yurSQPbQgHcTMCABtcAsMFh1xwxOAeOnXn8hv2koM/EHVXAxGz3qEY5+6MZIPcnd1OSRyO/blzUXNtNvlsmr8y5uVPX4bW2vs30Z4+ayi6MItN6xSba2aVmtk2lp89Ffb4fl3C+kYkEPOueey98cDHGD3BXnk16LYg/a7Vsl0BBOBweBn2yvToTycZxXmjq32iAZAYzkZPB4kO3JwSenB5PGAeTXpNi8sd5aqcFcBwo+bb06gdSc8g4HB3eo7rJwdr3Vlu1u467td+2ve118lVjyPmd1fldnLX3nG+mjsr2fTQ9VscldqhQQGycdCexPXOBjnpRHHKUjYlstI4VwQpySfmUjng9TkDjrwaSwKKi/NlsNuG3ByepHJ4PGeOMnGOa1dPdHgtEaMkedIQSp3ZLHg9cA9AewIxwAKKdFVFJ8q0321vZ2tfW6vrt+mdGvJRTTtZ2bWj0cFdbWV72etu7Wp618Ofjl8VvhZPH/wAIz4mvRYCUCbS7yRrqxnReTE0Uu5drKMcAKcjOetdF4/8AiVqHxO1OLxNqOnWWl3lxEtvcxafAsUEs6/fk8uMKFLdyFxg55JzXkMVoUnbC4VmA5O5dqnJxxk5B6feOTXUywCGztCuVVpN2NpGD3JHAI9O+ecHgHjdGFKfPFJOS1tvpay377XT8rrf3cHjsRWj7Gc3OCT0lq9ElZJ2e3ls09bnQWFgz4nRJCEkjJCgbWA5wCMMc5wcN7nGDXtuiypc/aXhjfa1sm5XVgRs+VscAjkYJOMjHXrXCeEytw0MbLhoyHYhSAwAGwHgg5PGDnvnIOB7Xo2nyTacJY4hHJKtwsoEYGUQswPscAEZ6cdwK5q9SMeXmWsmla2tk439e9nvZvZpHv4JSnJtPZpXtrpy3aV2m9dm+nbbwf47oGl8OIqlWTRJeeueuPlOMDgDsO/ABz8Ia0pGoWm3G1pSI1xtxyy9QcfeHXk+nGM/oJ+0LB5F74ZWGN3kbRJGJGc9ChUDbySqt+BIHYV8E69En9qWyhZIiJsbZI2V8twSNwBKlhjKn+HrgZruocrw8EpJNNPfSzlG2mz2eh4maRn9aqRveKsk07K1lvbV36eu50ejZAfcRwCnODgsOTySAAMn5cgkDGRnPSK8bjEvzMJIUTIOSS+/AGMdMEE53ZHSucsrGYMWixsjkBkZuvPXOOo5HPH15NamtK8cKTQyBRFNCAcgHIKsOnOQRjAJ+p6VWJSlTSi01ZdOl1fe9mtEndJat36eXhlKnUjzbJ3tJ3e+616JJNq36n0Rb6dDcW+hQwg7xbuZBxk5XHIzjdgkgMR1zWHeeE7dYpF8i4RzLJOtzGrCRASS2HHP3hx09OAozd8Ca4bmDSTcANIA8UmASWH8PPoRz14HPAr6G8KWemXWtRw6u6rZJDvZBtOWmJ2qwIxjJBHXnJIz18nC4d1JyjKDcL9Y6J2g99PNtLa9krux6uc5jChhfbwbvTgn7r/uws079Wnffa1uh438P/jB8YPha32nwh4p1FbNJBH9gu5JJreSNeWRo5NwIbpgEg4+oH154R/bT+H3jp4vDXx08A226TC3WvWESxuh27RM8aKGBUncwJ+8M9uaOseEvCK6be2Y0yObO97aURBGB8tmQ7lxuYdQTgbRkk9K+AtUspl8R30Qt1MQe5j2MmciMsAG9ScDPQHle5xssspObqUpezqLROOjV2tHZX1emqa3vdHg5LxzWxXNRnFyjTetOted17qdnuk9L2b066s/ULxR8JPAvxQ0Rbv4NeNNH12xWV5k8P3txGl+kTgny/mO5Cv3QMZPQHJzXzJ4rsvG/gHwZf/DafQL3QorjUHea42MEuYJCPlWUIFdMD5mYsTwcjBB+NdH1fxL4U1K11LQdT1DSZpJMo9pcPBgxynkorBCgIOQVAIyME9PtvwX+1f4svLW10P4j6Na+N9HSIKbq6hjF+sYGCyzhC52gDAbJ985ryMflNWuoRxEI4ilRqRqxtpJSptSi2r2ltdPRXs1c+5y3ijLKbqrDVHgMXiKU6EmvgaqKMZRTvdJppPRNWT6nyJrHhW7ia4HkMzvGoYK3GOfmzjg9ieeu3BrsvCF3b6RbW9tNHLHcIwLEhirqf4W74PU5yDxx2r7Qfwr8G/iqUm8Ka5F4T1mcHbperOscXmEZWIFiAQTxu5XBwDnNedeLfgT438NKLm70VdV09GAS+0kfaomRSAr5gyFUAqSGz19RgepgMVRhKN3y3Sj7OS5XfTpt16XV1bU+Oz3L8Xiac/YzVWPM5KVNqT3Te2zd9tu2x4f4/VNS0G6lmiVwNrIxUbQRgjBA5J4H4HsMV8l67p4BAjUAz87FGQoiGO5wM8AdMYPBwMfZXii1DaBfx7JY/KQxiCZHRwV68MoOdxAAySMgHOa8SsPC39s3+lWqoF88y7ncYwcg/MSvTkHrwcDOTivpstw8sZiqMKMVJ1KkIx5VdvmcV0Wrd7O7VtHY+Or46eAwWIeKlNewpSb5rppJR25rO9t03t5JHhem+H3leKe4AcxMxSNOTwOAcjJGMk9CMHjpXp0abYQuVj4Xag+8MAZI453ZPGOQDwc17nb/AAauimUuIgGfhgpBIHQEKOi9NuCBnAyDUd58Kb+PhCrHHSMENwQMnOT354P/AI7gftGC4XxmGownGg3KSTfdpqO9le/a6t28vwDOeO8txU5Qni0knyqMrqKtJR2vpokreWj7+JPYmUgyEA/K67jxgDjaPl2k8k5JJPocg974t8OW+t+BYZIkV7ywh8wEAliqqc4OQSCMYyCfqSAOgPw41UldzbE2k4kXBwCARlhyRjqOMZ+UYrv7HwZf2ujmAzI6EFWR8kgOBuOPmLAHjAwTz9R7WH4fxWJpVqVXCy5eSWrUb3Sile/Z6/nax8vieMsJgauAr0MZF1IYiMmovRwbhdapp26630XVa/mVqVsbdpYzEVkDHbnjGCdp5weuchSB054+bldQDJCTwSGAYDnngZJ5BHODg896+yPEHwSn1LV70x6pZ2ySSPIEkOGG3LZXJ+6OpPO5QT82OflvxpocugX15pklxFctbTlN8RzG+MD5cD5m46Z5ORuPf8pznJMTlfNUxFJwp+0cYSuk3aztvfVXeumluh/RXDHEuBzp0YYeuqlWNGnUnHld1dR3bST1dtGklrrcyreZgq7XGT8x4x8oXGDjt1JOcknrmpZhgFhn5x8xHYgnA6jI5B9hxnPJzINwWJwQG2qfmXqQcBduCWGc4Izjrir0UjgEykD5s7SBheDyOAOBjbwTgEdQceT7rhHZ6JNLe+m/azbfoj6xxVm9lfX71/e829V/Lo1a6GENhxuVVwrfxAkj3GcEnnrj8OYDBkPnaTu45wR8wxuwRjOdyjuWI74N/wA8qEKoEUE7mIxlfXbjqc/NkHoMjigeXnDIXD8jA5Jxkbee/f8AmcCsZ00mtXptso2VtLSb09fivrrcTVktW2mt00ul07dF3vZ62MswoAcnDAjGeVIzkpk9c846k556HNbDMHwAiZAJ6kdSQOxXqCASM8DkCtOaIqQu3KyEnIwSpPIAHzd/vHB/iOSSBVRo/JLbsNksMbgAc8E42gAhcY5xkZBxzXNUgld2vp57LvrtrrfTrftrTkpW0V1bZK1vd1s1vo762bTW7bcQlkj+XeCSAwB3HPzDAAHDHBweRkgDIAxVtJJdysWUgZJHYdRz2HIGR7ZIFV/KbdGyuDkHI4OMgg+5zkjgnkA8jJq0ibGyAQrHDk5OCegxhvYZyMj6Vi5KSso6JrR2SdmtW/eurW6X0S3Zqmk1urv0b17aO7u/LXp1oaqebY/xElmAxkZ7DrjOODkg571NbkIPMVW3DDZxkZJ4DbuWHUYxkc49Kg1RMfZh/Ez4yWBJTPrltpA6468g+ladvbyIASNy4UjqeCMdFxycjhiNo6gDms6EP3jdley+zdrbV9vnp87xXRWrWpK97WslfquWLS6prfZXW76JhEjlCwO0kEYOOCG7Yzg8fKeMjdxxusRXEiyKCDhWxnaM7ckgMfUKB6Z54qZYiwYFcheNwGRg8YCnHJ2jrnqQM5zQLYfNtXCr/CTyT1znnjtzk8nnGSeyWGU1qk7p3dk27JWTdutunp0PLp4pOTSa00a3WjW2vLftbrqrLb6a+AXxf8U/Cjxlpfi3wdrVxpWt6VcRXWn3do7JLG8bA7CVIPzEgMHJUgnBzk1/WH+xx/wWavvFdvpHw3+PnhXRfGGn6zLZ6bJdSabBc6gXn2QtPsmidnLDAbYASN3POa/i+0O6/sy+huOCI5Y2C5wrKHBKsM4JxkADkEj14/Qvwb8cLTwpqfgvxt4Z0q1tdf8ADUtlfwySqjW8l3aOjqJkIIdXZCDlSGH3TxgfyR9ITwiyfjegsRLLHLOKNGqsBmFCXsMTh6sIN0U60Vd0+ayafNGz0V7W+x4fzSWHm71ZKk1adJ3cWvdTdr2dkrrW9+r1P1R/4LwfBr4E2/xT8G+JfgpoFl4SbxR4bivtd062tjZQTXEsSSR3UduyriYsSXVcfNw3Ga/ndvfhH4mZWeyt1vkA3qbZ90rZzhQMZLDHIAOAevav6Ivjp/wUZ+A37bvwy0vRP2ivg8PD/wAUfDWn29h4c+IXgmWC1geaCERoNSskRWlidlUyKMksG9a+MvhB+w38a/jbbahrvwZ0XVvF+n6dLJNI2iRSST2NvuJje7twTgsg6dzkYYHFfL+DviDX8OuCcBkHiNUxeX4rKa08I8fmlaEqOKpuo54d0cUm4ySg1TjGTUlZJorOcNUxmKdTKnGs6seZUadOV4yio83NCyafV2Uls77o/HTUvBWt6Ukhv9LvLclQv76B12577sY6gcnHTnGQK851K0eBHR42QiYbAQQD1z2yQeOg7AdxX7r/ABJ/ZO/aL8FWMtr46+HurNZwl0n/ALQ0ieCVUjOCGbyTjnqS3QbvQ1+Xnxy+FupeFbyC5l0e402O6kZzaPExAwASyE4JByAyn7oOQo+U1/R+Q+JPCXFKjHJc3wOOlOyUcPiaVV3VnK6jKTTS1t8luzyKVPGUJqnjsPUo1EldThKKldJNWlG67fNu7tc+VlYRqAQQyk53cd+AWHUEdgMDkHtU8V8YwqgDcnU5JYDqScHnB4AABHqakuLYpK48sjDDOQcDGf4cj698enHGe8TjcwB2kA5IDccscEDnoDyBx9CK+7pYtwilCV1dbO73i+jflp1W2jstpwp1W24/JprVeq8+ll21NY6lEwO9SCBww5GSSc444I7cY7nPXHublZC3lgk4IHOOCcnIAOMdQMdMkdOazFk5YEZGcfkuSCCeM4Oe+CM4Ga7vhscdxuOAeTwT7gHr6DOORgqYurONpNt2215b+6mlq7u++6V7ekxowi01ZfK70S975au9vS3Vu4AnbnJxjPOSTkg7ehGM7uexwOKcx4VsHPPXkDGemOhJ5xyOvA6VBuzkkrkADgnpn1IBHp7dD0GGmQk8A4GcDORwM7ieAOmduc4471zOV9byT0unsnZN9Hvv1bvr1Oi6srJaW66392/ybXW/loiVpiRxjaGyCDgZA9Bg4Ht3AI5q1a6l5AO4F+CByTz0xnJHfGSc88nIzWWWXhTgAZwPUt29jycDjGfTooYADjjIUkkZC55wAOmV4OeQMHOQaTqzja7T01v2dtPPZebbe7sPRvstOidvhTd9VorX00S2XXdTUXmcKx+XaAMHBUH3xnt2ySdw6ZNMnvPLnZCo425Yjbjnb1UEjdkZ69Dn1rPglzPkAsAoAHAx0BPOOnTp1wPei6IE7/QZ79Of55/XrWkKl72s7Nfab091rRrZ2e6V9krbzypavV3s9E9NNFdLVO7T19b77sOolCFSWaM5Gx0meMg9cZDDIHVSPYc4FdTb+IdetAWtta1OBlAP7u8lKgDB4JfqORyTg4z1yfMlkI4YsVwSMZOP7u3oBgEk564weDVlJZlO0OxGMY3Ejlcgnpxz14HToTk9EK8lG13G3Nqnrd203eqbu1s99NbxKm3qk3rtstFHS/T10038vYrb4v8AxAsY1Fr4r1ULxuWWYyKCvqGByoxgjGepxkZrrLH9pX4o2IjjbWYryINkmZPmJ7gsmOWA43Ek8HHWvnYPK2TvyMfMcA5wBgMOgOOoA5zx70Wkfcfm4wcDoD04AJOMdjnIyMdKX1iS2lPr36Wtt5petr66jVNSdnZaRTcnpvG+l2+6eyvot9Ps/S/2v/HlvsF1Z2d0qcOI5CpYD3YkYOAemDx2r0DTv2xoroY1jw6HjPGFMUp3Zw2VMZ6jt04Psa/O9bpxwCOMDI5BIGOCDxzkDAO4AnJwM2o74L1AYtnI4C+mRk9eeSB2q3jpuOktdNXZ/wAt7rZa6Ps076MXsLdmr7Wcb25f8Wq1ei7WP0kj/aN+EWpu39reHbbe6tvM9jHINwGG5CDj5u3I6t0GXDxZ+zT4ij82+07RoJmbHlGL7OVU4zhm54/vEDH6j81vtrMMl8A8Bcbgu4n7vU4PO7ruz2xSNKmQMB1PVgMHkk5Ax93BOOnXjFNY6fVQn2TVlpa3fW6WjTXbYXItEuaO122rJpq62W2tn0trvp+mtt8P/wBmHxMZ3t7uGwl8pgBb30YQBVPzYbq2AMAEfNgZwec+X9lj4Pa/Gg8PeNZIpTliJbiN8HJIGNw7dBzx1x0H502TuvmbJZUZYnZWWaRQSTnqrADjHJI5446LFbeIdcsyv2XVdRt2UscR3ko5zxgbiMggZx97gHsKbxlNW58PB9Hy28r69Ltb21S01uNU+nPs7db62Xd30X3pXdj741P9iC93M2ieMLK6VwWjErRjjqB949eN2M8+xwPONS/Y5+JNm7JZTWF+VJYqkiKSAzEbuD26jH4Hkj5/0/4o/ELT5ENt4u1aPYu5VN07g4PIGTkZIwQcfdGc5OO/0z9o34s6WfNXxHJMQTxP84KYHXAJGfYt378044jCSfLOlJNpXsr9I9FLo27vT5MmVOtZcs00rKyTs1dX6a2suuq1Wmg7Uv2bPi1pcjK3hme6VQxJtyJN2DnjHX36E4x0rhNQ+GPjzTBtvfCesw4Jbm1kK4Bwf4RnIB457HuAPe9K/bH+JNmiLeRadfncOXBD4z2yeCeee+Tjrg+j2P7bE0/lrrng23mjQDeYmh+bj7x3ox6jjsfQk8u2DlZKUk3a176bdbO7d/Lt0uoUq8fsxklb7rrezWrfW21j4Qu/DusWrNHcaZfwMGBYPbTLjqccoSQF4yB0HODnOZJbypxKkkZAwA6OvfPJIBHT+QIHWv00tv2rvhJqpjGu+CEiUj96ZLSGfIPRhsjAJ5PfPtnGdKL4l/sreI5V/tDw/YQB1JJey8phuGSQdyg46ngt0PfkdDDyXu14rX7Tu9LNctrdX16spTm7c0L6q3xaK2u93621WyPy18pm3HA5O3dnPA9eeMjjrx356OWJslip2huSOSD046kDjGfwzzX6rL4Q/Y88QgOl7aWMkgIBjuVjwW6fI2Rgc8dQeT1+VR+y3+ztriMNI8fC0aQB483cUoUE8JwyjoBgH6HHSs1g4t3VWm3zb3d9073V/LT5eTaq9HGzenS2vLrd2W2zdtu92flbFEWkTC4ySpYg9eT0Hf8AvHjPQipY0ZVCgDCuygY4wSSWwRg49/oO9fpzcfsH6Nd7ZfDvxN02VGclEnWNuGHXPmjOOnQYwDwCBXC6x+wj45s3Mek+JdA1PBdsLKkbtyTjGTnPpnjOOMYD+qVL3VpLVuzWuiasm/0s/wA6VR6Pa1ne7ateOnu7de13o9bo+AGwyshQ4Dbd4HPLYO3BxnkH1zxyQah2nMZAywLLjsFDbQcDknuDgAnjjrX15q37H3xl01ZGXRra9UHKm1uUfepzggAdSR6cV55qX7Pfxa0og3XgrVWxyTDC0nLZ5G1TgE5AXOenqTWUsPVt8D07WbTfK9LJ+XX0e96VW+iu93e26XKtG13T6vd+r8JUHJwOWY4H3snOB0zjBx0/DpQynbhuGBLbc8ZGST6dOBz83Q9BXoN78OPGtgwS98K63Awzg/YpsY3KSQNuccjoOvJOa5+40PUrY7bjTb2Eg7SZbaVcEY+Y/IAOnY8dRxg1hKjJPllGSb1vZp7xaV0trWdtnbsJ1E7q+zs9fT799W+vY55C207gd2AQcZA+pB5BLZH8xzl+91IIXG4f3jn0GB2wO5yMYyO9XWi2FkIYMSeGQoffGV79SQPvZ4q0sMTxgl/mjVMLj5uCNykjBwvORk9Of7pSi4r4eZq191ro73/HotfLVpqL1s7/AI/D2+VubrpvoU4ZZ1KurZO4sSwyowOScYH4AA8ZrfguFkULKq7W+WRlHXPAILHqQCwJ646dqzkixIGwBGCy44YqOOQOR1ySDk5yOa244YxGiqWIcEsdoUKcgbsjgEZ6DHIJUEYpXlrZWWl+m0V2u1db2d7tdmNa7JK1u/lfXy69rt67m5FpKz2P2qN1KxghVbA6YB+XHXPOcjn1xXPafmK6mh++zOxYDHQZ/UegxySR6101rEY7cxI48tlwxLMPlGPmwT1AOD1J/vdDXPWcR/tGUxgGQF8YJxyxByOMAjnggjkda2pLVNvRu212lpfW9lbvfW7IqJ3uk20rt/dFbvVyatbt0bvb6ptfBWgWsLGVYm8vISRnD+ew5OVxkBh692x612nhzwTfahma10q1W2JSNJ2RdqRk7Q2Dg5OeOcnoKja50i3jhmCkzM+RCoG3BOFUq+7gck8ZbdnnAx1lr491CC2igS3ijgiYLGqMV83BJG8KAWUZwRg5xwOtfms8vxs1f21RvRJuTs3pZtJ20vey1dmupLqzlZx5Vqm+nZprmS0tslbdqzbSNUfs76xrl5ZzXV/Y2FpOQqTTeXGkQzt/eDdxnK/X16GvVPhb8IvgH8LvidourfHSRPE3gOwubeXUNN8P3AS91FlZGkhlmBYJHIPlYLz2yCebvw40/TvHbCLxv4jn8M6NAVlT7J5kk90Tz5SAN8vHQttwxIBY5r368m/Zy0fwpc6Vp/w41Pxhr6pLa2Gsa5fEQOWBH2l4UKsz7zmM5wMDd6nyMflGbYqk8OsdiadOrFwm8M1CpGMklJqpL3oNX0aTkltax6OX5pRwVV1KlKFSUJRnS5oucLxUU4yTVlZq6vvt3P1UuP8Agst+wZ8IPAen+B/2af2MPBTano8UAXXvFenWV1m5hC4unW6geWSVcBiSx3EdegP5e/t4/wDBUD40ftuaBZ/Do6B4e8OeDEeKa60zwzo1rpsU0qDbDEXht1QRRN8vyFQcE4POfjG7+G2m3V9LftYiwjluGaOxt8mJAThYx0yqnjLMd2S2e9en+G/BFjaqWitVQbVLfJ8+QeATtwAcKOOcsW6YJ5cr8NsnwOJpZjVnicViqUoTjUxNeVRRnG0oy5dIcybvzON27O7ubZlx7iFRnQoU6dP2icW4R1UZNe6uZyai76paWdrLZfKXh74CxC1N5rTkylTPHApG1CCTsb0UjBbGeSenAPknxR8I2el6raWumiBAI9zxKBgc55PAbAz6Aj3Jz+g3iTTX06zuJmhYRtlduGRgg5woPHOcZAzjJGflr4R+IED3OtXNw4LhW2oikjapbjcT2AwCTjk55zmv0ejTUHHln7sbfaadrJaprRb201T06HzOWZhXx9ao6r5Uk24qyv8ADra3k29H5LQzfAPha1vdTjaVd0iMjSLjCgcEKCc5Y8enXuev1ZZaVDZjYgVlxtWMksyr2OCTnsc54G7GDknyb4V6Kz20t/PA0SArscttJxgc55xjoSMcn5uK9muL/TrNfOa7t0EWDh5VJDADcNvO4EDk5GTxg172C9nShzS5U3qnpd3Ud297vpe97PyKxtKrXqONP3ktuW7VtFqr6/zaerXR2VjXewdFPTamCcHC89O3PuOB0+9ZmtHl6B9gAB42A/KvCggYAHQnGRznmuLuviLoNquZHMxUsMQRFjuOOFbBPGegznkE+ue3xNQoDZaPeXI25O8bExjG7gA7e4J9Cp4Ir0/7QwkbKVSHNfbTmS08le19NtNF0PLnk2LnH3Iy5eXm+Frste11q9L7Na6Ls9S8K2etpFbxMVnOWWNU3O5HyiNQASxfdtUKNwzyRgGvZ7X9kn9oU+Ek17TvhL4ng8PyWS3Savf2T2enyWpxmeOaUKoiYAFXySQBlTjnP+DXh+8+I/iDw3cWrpaFbyCSWBWAaFYpUZ5HYqAyhVGQOuAApPT90f2jfEsNh+zDFpeveNfEtzqlvoLWljaW949lYi2hTEUEcEDLvAQAkkEY+8DkZ+pybA4fHTnWc7LlfJypNySUXdN9Fdpuz6bNs/nbxV8Rc44NzXJMjy2hhq9bMMTCOIeI53ClTlOEU0oSV5Pnequ77q1z+Uz4h2j6PPf6bqSJDfWUktvPErKdkilgyb1yGOcnduwceoJPzLJHHNcM3Rdx2gDg8kr39s8+oyeor3X4hXcmqX96xYnNxO4Z3MkpG9iQ7kszFiFPIH97kmvGIrKeS42opbOFz0B6MDjOc8cDHORg818bnVNLFyWrUZuKtbVpqz6319L6tJO1v6S4YrV62V4WtVjFSq04Tk0nZycIydle6S1Svq+p9v8A7DPw2+GvxP8Ajl4H8JfFzxfbeBvh9qGoJ/b/AIiluBb/AGS13KXCTyECORjkBjkDjk45/o+/aD+Gf/BF34EfCXxR/wAIj4uu/jH8SLXSLiHw7Zz6n/bMT6nNCywsJLZ/LjMcpDhmLbVGGBFfzN/sxeBvBHib4ieGdI+JOp3umeEJrxW1u606N3u0tkIMiRhDje4yBjcuemcGv2z8UeAP+Cc2leAtS07wH4G+IGt+Kbm1uYLLX9VulitkulXCTn+7GG2kq3IB64Jz/MPiRwhmGdcWZTiqeP4khg6UaMKmCyinCnQbjVU51K2LupxvF8koqMmo7bu/9FcF57g8u4exVOUsBSxDlV5Xianv1eamlGm6ShLmUXfl95LXVH4MWvg5tc16/wBUe3S00yTULmezs4hlYYWmZ4IQDn7seFbjB6HPNeyWOmi32xRpgLGAgKYIABGeByc9MfiMHNfRPhr4PQXi3QF3pWiWNtcOVe+uo12wM52tl2ycLtyc9jxiuil+HXw10mT/AImvxJ0dNi4dbXFzgjbwCpbjkAKpxx0zxX75g5UMLhqEXGpKcYU4q8ZSdlGKSbaV2ra8271etkfmNadWpXq1OemoynLXmUUryW3S13a3KvW6PmaGwkV/MxuUqTklgDjnOBjGCDjgdiMjpYgiDEK2FBbhsk/QY5OSRgEjkqDnk4+h5YvgDpEji58T6lqzKpP+h2zKgPoN2MKfbGG68cCtb/Ez4H+Hpg9r4M1HWXUjypLyZEikJHBfaqkYA654BJOCOOypjEor2dCrru+VpW07qOr/ABv910qcE254ilG9mlzLR6aq1ndN7Kz7tbHz/wD2PNOQIo7iUkkLGsbk9eTkAgdhjkk45wOPRdI8CeMr+FIdP8M6lKWj3CaKBgvTIO4rjLHjJA56HJGemv8A9rnRtNuYNP8ADfw68P6RIzmO2ubmCK5kZidqjkOpAGOWyACwB6Ea03x4+ImpxFRqsWkyTAFYdPt4Y0C4GApRNwBzhjnkdR1ryauLrSmoxpxT0s5Pq9EnbVX5rLbp5M64PDQpp+153o/d0+zFq920rrRptaX06nKW/wCyR8UPEV19rn0QaXbyAO93qV7FbxgklhkSbWUlSSeR0xz1r0aD9l3R9BspJvGPxF8MaNDbhWMUVxDduXGPlYKxYkkNwu7BOTuzz4Z43+LXxDn0bVJZde8Q3sNjCdxSacW+Dkb22EDamMnBBGRjgDHxvN438beIonun1K5ula4ZTF9okZQc7AXWQlmPGeeM5JOBztSpYyouZyjTi09ottqyvq306adLtHDVxuBjdRoSqTet736pNu3ZuzWr37H6bSeHv2fNHtoIE8UXmvag0yoU0+LykuXyejnrkgDgcgdOpEmvx/CnT9MvZtV8H6pABbj7H590iiZGUFZJgVG1CMEAkcZ+U7s1+dXwx0nUdU8VQSeIdek0jTLedpZJml+ddhyqxrkKd/C4Axyea99+LXjhNW0g+HNAvrq6hYol3qFz991jAjWNGPzKrYBIU4APA9MJ4evCpTjGtUbbTlJNKKV0vhSWt1+V3dWHTxtP2cpypwikrRho7tW1tbe6WqsQ+MYvhNeWOlQ+GLWxXU7iZpr20QiWSJUJO4uDgEg54GcAHtiotE+KuqfD66N94QshFcwRCLzpLdGijVRgMsRU7Tk5LHLAHnnBPyBotzcWPjayRpCFZ/IbMhC4YkFgBgYOc+7HJ6CvtbxZp/hHR/Acsa3Vo+taksEck8U6vcwmUjcygZIUKSQAMj2NetRwE8QnztyUYpNu7XuqKW9nq9d7LTRI4qubRpqPLGNOV07xteyUVdO+99ddLrR2udZovxl+PnxG84aZe+Jb4S/uzHpdmy26nBBUSRpgYBI9eBk5r0rRf2ef2hfF8IluLDWVa42vjU9QkhjBkweUJBGVzwvIIzknJr1v9mv4qfDT4V+D9I0aTW9P1K5ijWe6ZYka4M0sY3CQ/M5KZIzg4ABwPvL9Rap+2Z8KtDtke7vXmcqNiQKflbPCsBymBnsSMDqMGvPxOCxVCco0MC5KO83FvW0et3za6KzW2iPZw2PwtWhGWJx0k2k3Hms1otJWeuuia89NWfHumfsG/E6/kRdc1jRdJWYFnMjNdSRqSeS7Oclc4I4OOD2r5G/af+HEP7Ouo6Po51CHXtVvVaUXAKC3jtiPmYQAEKMkhS27gbvTP6KeN/8Agon4Ds7ZoPDugXWpXTxyIjsygM204OGztAJydrcnqAM1+Lvxp+LfiX4xeOdR8SeIGkBlkeCyt3B8u0tUJ2xxcbSSoA3DluCT1z0YDBY1z58XFU6as4xSV7+7ZaaLs7r02ODMcxy+UPY4WUp1G/4ju1ZJXSclZLRX39dT2X9n/wAQ3+ua9bTXwS6sbS4H+jNhoQrfKFSPkMMduei45IB/VDxXo1n4W+HGjazLbeHpm8W3LWFjCI7ePU7VhIGLBMbgoGQBgsx5Ffl7+xt4M1rxl8R/DHhfSdO1G+l8QeINP0yG0s4ZGknae5jVmUAYIjUlzjggZBx8w/0FPh//AMEYP2PNU+F2iat420bxbrHivTfC02p3M2o3c8cFn4ibT2kLW8AZUWK1ny33MEJyeSB8TxbxhgeGs5y3BTdSpXrOdZ0acl7tKLgpVJptRs7u0X70rN2drrqyrLpYnBVcRO0YupGnCTTu5tRaSdnpZNdEpWsz+Lm7i8u5fcFCR/Ifl242gYG3AAxk+mAMYHZbY4IIKKuSRkHAx02tn0wcAcgHp1r0f4zeGbTwd8SPiB4bs38y00HxbrWk2shICvb2N48ELN1GfLReQeucYANeaW4VvLChhzuPPGT0xz3zyDlQDjHY/ruDrQxWGo14tONalTqxb6RmouNunNbz76pXZ4lWnOlWnCWkoScWk97O2u66fJ9ejpa87S2k6Ego1vIwHOM9V35HGR0ySRyDnqfArB9zXLADcbhsOSCBuBOMevXOSMnrkcn3vWwUtZ1yGXyJsnGNmB3PJVuxGO4XOOB8+WIj826jIcu0mVGeCCWfdgHjJzkj8+Kmu25qKa2Vtlba99l5XbXTzZk+ZN36/lp8mt+umlux2PgiL9/qLNhk847uSVz1L7c43KSSACegA9+5KYWcB0dAeWBAb16ZJHPy8HHAzgmvPfBVwqzX8O0AtIVPUhdrYIJOVJAB25O3nkAde0JVmuFHA/hCkkSdyzd8c7s4ySeAMitqUbU12v0b3XK9dFfTz0211M4yvKV1ona7Vv5W+qd7effukXrVgsoJjADsoUs2QTweMjGWxk/eHbnjPfeHUjbUrHdkDzUZh0IJPpgZPHAxxyRnpXmtrI2FYt8ij5QeQxU8gjnB/hGfm5PPevR/DzxnVNPVydxdS+3IAHYkccEgdcjqMdcejgm1UirW1UU++3TzSv1dvmcGLikmlvdN9un3369bPW1z6gYMYrfY5JeEKA/GABnkHIyMDnOGx34xSMbEMJVbdjBcEnOM52nA4weMDj68VYSWNoEJBLIgCsCdznaAcjOQMYAz7/jGrgk5BUg7lUljxkZIHTGOx4AJGMnFfS6taWV7e7f/AA3SS7dNU7bJpq3hTklJO6t11e+l9rq/urlV0+u70q+WrLguSC20KRht3b5uxz2/OpwGABLKQBtz1Jxnr8xySc/gTtO7rNlDIWxnneoC8bsDceinPOc56dBk4qZtpKEAdM4AyCwyASSMkHjHTt609r3Tvpf74q1tU+m91azsNy23Vrb3fZJO19bpbNd7JalSMsCzADcVHykAgAfXPzElsn2HHAAptM4aYEnDRsNqqehBxtJzggjLEdMfStGYqCzKcseTgEAbcfN174ztwOBznJqsLRp2TewUyLuyAxORnAc4+Uc55BAGeuCBLXOnFRf3rqkkm79HaKv12ulczlVVNxk5WS96+qSSt1a2XVfocZp2s+NYNQlh0BILa0Mylrloo2kKgncXfaSc9Ccn2AOcfPP7Rfwt1jxzNFq9zIt9q3zR7/LOdoU7Y02DG3ceODgnIBOBX6g+DfCPwP8ACekrr3j/AOI1g99dQrdS6DpzLcyoS2RGyoflkGcbT91sr1C7aurfG79nTRVuhoXgfUfFU0Y3WkuoIkURdT8pWNkLEYAAzkH65FfkFHgPiCvnGKxmAyuqo1K03Cq4tQlFyX2pNR1ul2t9y+izbxa4Iy3KqWX5nnmFjUo04KVFVFOVOUFG65Y6qSaSbtffRan4L2f7N/jzVJ5LfTvC2oXrxxDP2a2lfcwAG7hD3OeD7E88fTnwC/Y8+OVv4p0rVrjwXew6SJGSb7RCYk8sgKUYyAbdxwDu6ryBxx+llh+0z4/1KZNP+Hvww0HRFK7Y5bTRDfXuAcj5khOSVIbkH5uMErz23hz4XftyfGrUXi0bQ/G76fcH5V07SZtOtcMARl1hQoCuBvPAABIxyf0HB+G3E+Jp8mNqYXBU5retU1S91tvZaLf3rJ3uj8SzX6Rfh7l1W2XPFZniIv3IYaDfNJONlyxTldtJPTul1GaT8Ip/D+nWlrrDeHdFeNiZo9Q1C3g+zK3O3DSEE4PGOT1JweX6kvwh8PuG1z4j6UAmGks9Jg+3MGjADIBF1z2P3enJ3E19VfD3/gij+2J8SZ01DxoZtGtbhlnD63rMjSkOSdskTyg4AwCvOCAMjFfbvgz/AIIK+D/DSx6x8YvjDoWkW8aiS4treS3hVVTO9fPupdp4HUHJPJUNiu3C+EvCuHk/7YzyliKl1zUcI1Vm5NR0UcPGrPV+69r66LU+Yx30neM8bBf6t8I4/D0kkliswh9UoRjolKU8U6ELK2l3ru09j8VtR+MfwO09xDpeh+JvFkyruimeM2dtIVUZKq6ZAY4J5JGOSDgHKtf2kNe1IjTvAvwQtzcQkrHcTWlxqMzq3CHCKdzKDkAZ5yOO/wDQYf2Yv+CSH7Owefxz8QdE8U6lYKfOiudYtrwuwy5HkW0gJDEDAA3AADPWuV1n/gp1/wAEwfgLY3EPwm+FWkeItRtflt2tNFt23SKcBzNcQykpuAwSeMZHrX1uX8DcKYF8uC4YxeMuko18VShQhLWNpc+JlFuLuveav6H5lnfjZ4i5om8dxllmWRcnz4fAVq2OxC1V4qnl9KS59UknV0d7s/CzTfhb+218Xzcr4a8CeLrW2uZ98EOneHrixtot+VA854lZQDgBemM9Ccj6c+H3/BID9uP4hWSX3iptT0aC6KnytZ1y4i2blAZ2iMyKqqpKhSo6jqNwP0D8RP8Ag4f1Wzt57H4Q/CHw54eUrIILy/htFAAyQfKt40bK7jjI4zkZxk/m98W/+C3v7Y/xCtp44/iavhO0l3qbTw8iW7KjEkjeVLgYzjBHBUHkZP1VDCUcvppUcBkOXRf89R4mpFLlt+7owpwvpZ3m1vbqz4OtmudcSVL4vMOMs4futewoxy+jKTsn7+KrVqqjZO/7tb99/wBTfBP/AAQWttIMGqfGP41eG/D1siq97bTahab0Kn94fOnnbd8rHk9AOfQ+mT/saf8ABI34AzG8+JPxr0DxRqdmS8+n2etWd4ziAZcPb2hLbiQOjjnj0x/KH49/bI+NHjy5nvvEvxS8ba5JcF/NWfxDqMUQVjkjyY7hVGQMgMoGMDkEk/MOtfErVNRu5Zpbq4lEoIkmmnkuZWY8YZ5SxIY8E55KkEZOTjUzxYeLSzW8Lr3MDhaGHW8dqtSNapddGne1ttTro+GmOzdQ9pk1Wjzy5nVzLNMZj6jTUUuanTeGorvytSjfS1t/7VIP+Ch//BIz4DxXCfCr4UW/jPVtOEggupNIUiWVDkH7RepLHgso5wM4wCQK8T8b/wDBxD/ZdrcWnwg+BvhbwpFGjJay3wswVTBAYpapDli2GClenHNfx2yeLdSy62s8yRZ3EglCCuCyjGMgnIJPOM9earT+Jrq6X99cSB8BnDFiSB8ufvDBIb5SSD6YBArwsTxJli9+tSeJqp/HjcVWxCtoruE5qmtndKC8luj7zJvBfMIKEaWKlg6VlGVLLcHh8I535W71qdN1pPprUu/Jan78fFr/AILo/tb+P5rxB4yGgWU4dIrHw/F9lhgJJCtv2knbyCN2eBx1r8/vHH7anx1+I6z3HjD4l+LNTmkkbIOt3aRrGRyCiShANpI5HoM8V+et3rkjokW8l8B8gYzg5xnHB2kZz1Ocgcis6LxGk2Y13LhyjHLEMRjKjGBz3JA5PGQBnyJ8fTw6cKMsNQpK6UaNKnTUb8q15Vdy2eut+r6/cYL6P2VV6kauIwuJxda/NKeKrVq7lN2XNerOSV/7qSWvY+lNR+Keo6o88s9zPO7Mxeaa4aWUsDzueVix3YIz0bPqKwrv4hahLGzRXb4yAVjcoNoAGT3wOM8jPuOa+dm1aVXZI1MSh2BLuADnPfcoHJPv09CahTWkt4nluLmNGJIEZbcDFk5KAEg5/hHHTOckV4GO4+xE039YqTejspO32XbV26q/ytonf9CynwSyzD8iWBw9JLlTkqceb7CSTtG6u9r66dj2G58X72Mb3XLszbtxZ92ScZBHBOMEEAcggkA1zNxrjzSNIJdmNyhpWJUg5OcMd3PfqMc5+7jyK48QQPcmJGMaHa4lHzE4IIB4BBPQc8cHp1e3iXTHUlpZZJRuTysgJwMbsDA6g/n65J+RxXFmLrN8kpWdneUmktrvpdeXlv1P0XLPDXJsGkqsILktrFRS+yrOyttunZ627W7xtbdpAdu5QHG5SUDEEY+Uk4AwDkcnk8c1zt/rEbhQ4IyWzHvG4fwjAzkrz0OSuSMgYFefya8xZkiXGQxVS3K5zhscjOOg56dawW1WVjuLs8okBAIwpIbdge3r175z28mrnWOqpv2z6rRNPS2l3q9NL3tstb2PpKXC2TYayjh4uW9+VXaXLaydl1VrdNeY9lS3uzbNO1v5fy+ZHI4G0xkD5ckkDjIG7HJOQR152/e5R4JGVAr8lAS0eT1dgM5PPGM5555OeOv/ABdqVxam1kun8kFQ6RkAbVAXbzyQOMnODxWGNWuZQuZGkUZUKS5Kgg9sn5mB+YYX7oPOcnyKuLxVROU6raktLtpfZez10trp187nfDD4OjaNOkopKK0SW3L5Ws23e7evodbc30MjNB9pDB2O4JwVUdgWBK4IwVLZzn8WaHfQ218MMziOXcZQ4bOSeNo4JOSSBwMnHfGRpeiSahKJIYJ3mckogDEMoyWdivygAgs2RxxyBmvr/wCF37KHivxp8Nte+I/h+MXlro9x5V9arGS1uMgs6nPLDPQZA+8QeQvymcZ/gcrw8qmNxVOnCUo0r1J6c07RhdXTV27apXs03qehhKUqtemsPCUpRd7U1zuys20krxsvi7O1j9Vf+COP7Lup/H34/aVrF1Jbx+F/CU1l4g1m5nWMR28UMimLAkO3PmqGYnIQZ+UYr+g3/grr8W/gV+zR8KrXxBbeLdO1T4t28yW+jQaXfxS3KWL2xiMc0UUjGOJFLLnAOeoAzX8nXwR/aD8e/sz+HPFXhrwTr2q+H9U8VaXHYXOqWTPFLbk4JQupDFRnGAThsHtz8k/Enxb49+JGt3kvjfxdq/iS53PIbvWr6e5ZzkcATPJtXJzgAYIwOctX8r5h4e4rjfj6pnmbY+MMmwlfDTwFKnWqOr7Kly1HCEE1TpOpNylKbvLlasrs/fcv4ro5Bk+C+q1MQsXSoVozwkIRjSniqya9piajvOUYRs404rlWzZ8+/HL4kah8TfG2r+LbtEe61S+ubhmXln8yTgvz85AIwcEH+IBc48Iks7t0kkWJpON42DGxTzkjbn9egzjufdbvw7FDPLNPsLK7mJQisrgZAJA4Ax3YAjPy5xzzFyUS4khhjiijeJhLIq/L0weGOc+gIPr0r+uspxlDC4WhhcPCTp0KUKcFurRjFLV3drJe9o1Zn4Zm9SeNxlbF15fva1WVWbWl5Sak7LottdrbHmmmWN5fTGKGAyNGuXywGyPkscYwCDke/TJwBXc2Ws6xapbWr306xoSggMu6OMIMDaMbQcnAPRvTscvUbS4geN7KdI2kUq6wEIzg4wDjgk8kg4IPqOKqK0qxxCcpuUDg5LgA/MAerYPQ5yfwwfalU9s07Jpfzau8uXra9tbvvunqjxZSjCLS95uyetusbxdvLRLyvayZ7B4Q8X3Gk+JNP1C9vJmtobyBpkWRmYwK6s4ABKg7RtH4DpX278R/2hvD02g6GPCWuarHrFs0TRqJQtvawBMFHAwxlHUEkAN09a/Ma1M6zhwRsdyVwV6fMDuVjnK++CQeflINdfLKY7ZHMhdCpWSNQN2OoIyMgEkdSQec7hmvHx+Bp4mcHV2jrbZN3W6Tu1fo7tedzvy+7U5U4Nuy5rRbas1rzadFdaJLR+R9k3H7UPjvUNMl0c+Ibma0urYW928xVpGXbjOepHJGMnORhuK8bu/E2GFyZy0pjck7iyMDgkkYzl9xxtBOQcjpnwq31EWhZnV2VwT94E/xYZRwAfQfLnGQSCKcNbVo5Sc7OAEYgbc8gEE4OeMZ6HjpjHnx4dwl3L2cEpNSe/vPTdW7317PqRiMzxCkrTk3F2Wso2ty9PxdnZO/oenX/i+K+aMtEQluMERBlG7nkgn72VXPByFPQ5A4vUtYt5nlYorEOWcEkBkC5GCeOnUDORnueOCbVCsrHBUSuMuxLfKAPugZAxgdOPwFNu9RiKqkTD94cE4AJLEH5h13D04Gc5wTXq4XJsLh5Xp04w0TTULNr3U9lre9lsvPQ4q2NxFdJzlJ7XXvXatFarVtPZerXdvtLXVtOhVJx5kbsfuqCeT8oCkEYHYkdTgqflFbdjrlvKPMKSTzFyFRuNjM2A2Seg45P8RGTyBXksc/zCLLGTeApJyAx6cHgZBJHXbjPPStK3a5tLmOQyyeWXUAKRyO+AB1zyD34wS2cddfBRlC/Lqlva7VuXfdbJPR9PKxzwnON2nZO19LpPR3v6NaXeqs77mt4omLXgkRTulA37nJ2jaPmT+HJ49SMfdJwK9s+D4Q6Vfo/wAzmUZLEEgHvx36YB6gZ6nnyLW7y3ntIgiGRicxtsxJ0JO7rnGTyRjngDivXfgsI2sNSUq2RIobd0G7OTyeOD0yMYzjBFLDQUYU4SgkoySs0r7pN6LS67PonvsVak/Z1Nb6JpW3d1a27Xkk13t29fuEEcbCIkHYdrY4Axx0GG5GO307n0rwLFI9rASpBydpVcEjPcZ+bqB+HsAOLFmrwuCrcqyowzk7RwGOQSNxOD6c4wefUfAFvItimAVCk4LKT8xYgjkZAIHAxnGB0r6OgtLt20vo+i5dX5q19OllqYZO+bFJb2Wuuqa06/Kz2t07wfFKIDwlqwjTbm1c5YkANsbBxwQoI6Aj065Nfkp4gtPMlmXeGdJnZwcg7SxAAHQnnj9etfsB8YIfK8D6i4ZFZrYg8ENk7hu4/Edj+WT+Vep2du9yxYbfMI+bGctlfm69mBx15xuxxXJi5ezmnprF90tWvJPV6LfpfdHs5pOMasI3bSjF20SaulbXSyfk7Ws9TyltNkKqUwCWXcMHC444Pc7RkDtgHgZqRImtXJMbOGVc5BAx3zkYHGcY43d/X0b7NaohQxhmDADKgtg5YcgAHk4I7DpVG6ghWOQzIApACDB4GByTjnA57nGTknryxxEpK1lZ289U/wA7q+j11te+vlqq+ZXj1T5VdXty7Kz7dtNVZXsoLO/DW0KKOQckEkYVcDG7PUcY7Y7HitZdUVseZhUK9FyCSDgZI649OMjOCBmshLKBYF+fartw5OAnbGABnjv0I5x6Zd4knn+TC5aFCuXAGD0B59yemcnHGKOWMrpuyb0ul1fW76NvXa19LFxlzSUve5pOLstmtG7272b2sujOxbUrb7OEba75y21uScnA3DJxjPXkZ9xnmZrjZM8ikMGGAAMqBzwMYyQMEnvjjjGKErSKFXJ2BztLZDc8k9OMc4/iBxjjmmlS2FjVgSdwLHHIUjncAO44HU9MbjumNGMX7rUnvbme107Lqkrvd6907DlNykrJrZ3SV7aa6fFZrWzVtL8uiOh0FWkm3TsVieXJkA+Y7TwAB/CMZIGRnucgV7ToWo21vE0sSxxlQwDSAkkZIBAyOPmwMcn64FeG6dNfyRi2tbaW5eJsloYy+xScEEquBnOCex7ECvavDGgrdWLX2riW1EaMqQMOW24O4g4xxjI4PPcVyYqjHlbnpG/urZ9NVvfS9/RdNTow7XP1crKTk/dSXNF31dk076q6bu3e5YudQvdTmSC2jfYNzIV6sT3Jx90gZ2gk5wcAdV0/S7ppGFxIIoQGJCtwZF7sMjAPzZIwQexzztNfQWpRLWELhQFDKAdo4O4/KfcAjORxwTnmbvVQ00pWRyhJWQrwgbk/KFwNucD1GccnGeOnSbj7kYqLtF3bf8tttW76bNp9tzqlLTVp3f8AN0su19bq1kk7bqwr2RS6e5JjaJTtUHayMy/LnaBg56Z75PXPNHWVmgh86No9zFAsQGVwcZDJkDgdB2zzx0xpNbcSl0VhGCAoLZGQT8pXjHrk5OT6EZ6PR1fUpJZpNzQRkF1AB6Yyqg8jjksfqOMGr5XRblLmaVk01fl2tZPV7rS1156HIpqySfM3e6b1a1v36bLXTZNGLYXeoXxcJGMYaMxg4ZSMBdu7O7OQMHnrjHWr1n4dv57kWs0aCW4kK7mIJUBc7iWGAMHgeoOM8Z3NVubGxkg+wLErggvGoKhWPdiOCcrgk57EcHmtZeIJ0ucXQG1HMisu4MSMEAHAJ6kYB685Gaaq1JK8KdrtpJ3als9fKzelr213Wo+W+qd27J391p8rT0dlf3t18XbUjn8D3FjFdzz3BKwEGMHIErkk4UE9DgADJyB9K5/T9QlhjeCa3cJ53DqGLhs/KCxOSORwGx0GK7q01F9YWeEvIIUcytIxJIGMrGA3AyRt3Z6njB6Zt1FZSS2lvFC0ZDh55QCPlLH52Hfv1yDjrjNSq0kpRqRTbV+qaba/4e+vkrsiME7e91tyvT7Str0W+q8tdLrD1i71OKBJZLdwqIBbnLbRGSTkqcgH3O49++K9R/Zn1O8u/iv4e8wiQG5MZ5P7vkY46BgPu/LjkYzzTtd0FbnSY4UU+RKqLFcnBYttHzDGWC8AdM55xjrofs+aPPpvxe8MxBkZY7wBzHjcwJQkkZyFHB4BB5HY10ZZiKVSrBKKuqseiu7Sik1ddO6to1dtpW0cZR620k3oknKySb0V7O+u2m9t/wBgr7ashiVSTnOc7eM5Oev8JP8Asg56DpQLxnClf4yVCr3GDg+pB5zwOO9XdSfZcsQgBJ2hixwCQ3bGM8c44AAA52mshnBf5XAKnBAxySSMDqPXJPQ89uP0BOKirLdJXtfflW+lru197O1gXLrZX7pJvsmtOW123fz+J6NHBeJYjNLMSMjhQBjgAkEt7kEgYHGemAccHoMCWviK+YbVwIlOM85xz649OO+O4rvvEEo3Thc4BVXJJGct0GMgkemOuDypDHh9HaB/EF2RkLmJCq5JJAwpbIwOQcZySeMdanDpOsm7XUr/AD2ei3Vtbtuy20dzkno35dE9Fovla+9vWzZ69KSxiLKGQJuG49FK4z3GVHHOQMnPGM58oG0qGUKRuLHBJycDaOeO/GfQDINX7lDmMKSAYxuLLuzjnGB/DnoOT0AzgYyJN+SzksvzDbxwMHqQMLjIO3BIzjB5z691HS/+dla2mtr9bW8upwub5ltaMlpotLxuuiteN1orXu7nZ/DfamvKzMjLvC5OdxJwCOoHXGM/Nk4yO/0RqZPyqgcKy5JIIBBwOnXJORj9K+bfhyFGtlQDnfyWK43AjBGPTBHHOV7ZwPofUJJGj+YbiykkkjAxyQuBwSAOOQTgYNdNJNWbas2ne+tlbzV9LWs/uE6t1yt2s027vRJJvVttpvXpa3XS3GXJDTsWVQWckHIwVH5c46jqMeg42NGYC7tmBG1ZV468Bjz69Ocng47DisG427h8w3MT6ggFsAepJyRnGBgnjkHT0WRftkSDjEy7tqkgjHVie7Bcd/vDpjFerBJ0nJyTXLqt9bK/ro9fu8zxK1WccRFRS3jrZXWu2+mlumm7sfil+0AkEvx48dzyYyuqyDB5AIJA3Edcjj8Aeo48xj1vybyKCNUVY3JY7CVkbaQAQByc9ORjPfpXqHx+nso/jf48MkgB/taRtgJxwz/e9ic4zk+vGM+Aa5rdrbgtbREzFhtcY4Xceq4JGemeuM98V+HZtTnWx+Iik5R9rK2r097dt7fPfTzPp6bfLBu/wpu17X5U3Z6d7X0+7fc8Q+IrswzOkaKHQ+WVUhuD0AGNocHOSCDwT2xwtr4kvEYJLOobKndIRuVwflBIxjjJx27nkVZXV2vIy9wo3Roq5Ubk5wPmGCDk+gJ7kDvSOlWN7K80IPmMQ5JJCoRkY25+bHPTGMd8E1nh8PCCtONm7apvv3Sb0SXVK977o1avfe+nW29le2vVO+ytaztYz9e8WXUiRxu0rqNxzjG8jGR0BJGMZyQRtxweeXt729uJ/OId1fIG85XJJ+6G6447ZHQnHNdVdaHO7SwoYpcZK7gp2jA7ggjO3PynGON3ar2laVaWSRT3kinynBaJgCoOSdo7ZJIxj5Se/FdsY0YQaileytv15bLfXR3bdmk+i2nSK21et2rPolbzW+9reune6BONM0YTzssk8yBVQnDAYyuB1GM88dNwIrM8QRNdWTSI4aeYMQoJ+VcY3AYGG2nBXOevBOagnvYJ4zKCBCqssSglfKwcElD8x4GB0yOvGKt2F/YNCqSRlt+YmzlivO3cvbnBHGc4HORXLTg4z5uVXbu+zs1s+t0/NPdaIi72b0ttfbbpd97u90n2OB03SIb13W4V0EQGWUZEhU88nA5HfJ5xnrxrPotpY3MANyVhuHXIOFIXOQu4FuTyDjIA6jJIrotehhht4JbIGOIfK868EAjJ6fxDkc4GQeBgCuV0tHvNSgil3yxmRQHJ+7EACTk5Azzk42+ldd3JXbstNLWv8K0S6O1tLJdb3sP3rt30dlo3azUeiW3ysmmrvVr1DWdTW38N2unLbxkyqUgmABDIR99+uMDdx1OeDzmvDTpGpSyyqltNMsjZR1RyCM4PzEMvrgnnHXPf6Hu9D0Z0sp72+ZUjKiK2DYTy+MAkEA7u5GQ3HGcNT31rTLK4RLe1QWcMZASSMNvIG0NuUEgZPygk7mCnHUUQ91XSvd66rS9r7bX62s+jvua05qLV9U2k7tNWfLfZdte6fXXTwTSvDWoNO4VDGI1wTI3BPsDjkZzjGMewJqbU9GvbJwnLq4V2KDB5xwxGSCOu3pyeor1jUpI9RVbqF1jZ5CxijTZ5YYZVvkKnK456gjkjjJ467ivLaWRXcMhUfO7Bg2MHCnk8k7hjPIIGCKluas2tLJ2snZ6dfn5Ps2XUq3so3SaTerbTaT6+fW7b8t1yMGmzqvB8tXGSJME4Hdifb1AOD9K0rSyZGAmXepG1WOGGB/FtwDg/nnnFaZG2MlwgWVSYST0I6nCnjJ6cj0GOKg8xTENuCxYLuGSFQkAk5zuIBznJJPDYxWqlLTVaJdfTXru36bLZ2WSjHmvzeS1TVnyprZbt2vvr5EaQxmRmTBVVbCCMqc4wCB1AzkHPJwakltybOOXapbcQeDwvBJHYE5Ge/QYJpt0pi2GEkq20EnrkDkHpkZBPXp19nTXqvB5JAJXLEJnnHA2kdd3I2D2Oc8hJ8z3ta1tXbVJ320v39djVNNNbL3bPe9uSybeul9Eut7H6lf8ABO62jbw/8RAquAr25Hyk/MI1L4OeTgYyvXOcEdfvyaaO08x7lfLjhjZm8xwrKoGd3OQwIAzjnAJHHNfB3/BOidh4a+IQCouJ4mLPyNghBznnPQnCkdsnIFfVvifxz4Luri50rUtWtopFiKSKjEbmdiu1mJ+8CckHJBJPQDHqTzGjl+ChOpOKqSXuczX8q6vp69dmjdUlUatfSMV32trd63bs9tk+9jQn+IvgqHbDL4h0qJ5JGibMyZDA8IMsPnGOpODznJArwL4t+NdIRYp7PU7eWACRHjglDPIVU7cbDnn3IPQcYzXgHxq+HdrBNb61oV5cx6NIzOzEyELOwz5kbKeUJUjcT93HByAPA9Me/EbQNe/agZfl89iyRo33nUsSNxA4BIwBzyBn4fHcUVsVCVBNP3mrxbu1Fx21V1bva7XUzqYd05LTTlTTeqfKo6NaXTv0+Wh2mv8Aj2xs4nuEDzSXKyJ5bOcKCcKVXnJUdeSc8g8V4/q/jGSSGQwT4EqspRmcYUjJGN3ykk4BBx3yO1HxVD5N45dxLbfMEkCkEPyWCHhQAcAYGAB78eeST2iK0kjOSWMZUgsoU/3T0JDDk8kEc5PFcuEp+1tUqe85bNrS75Xtd6376dNk0YzTa1WyslblTslfu/VaaX3aRQn1V7lWR2dPnZi4J2kqSQATk8nk54IwOmQd3w9cI0wkeUJEAEklQ8sdvAAHIyOuTxyB82c87M1hO7RqzRqQA0hXJIPqvAzz8xB69uKzmuDY+ZbRTYilyVCt8znII9hknOOCOR93Br2vq8ZQUVFOS5eiVrcqvezXovWz6OUuZKyUXom90tlts79Vv21seyW6rLbTPuE0Rlwj7wGAzjc2OqjqevUY4q5b29rpogchLhJZMs7kMsRORzyW3dT3IweC2DXkljqs8NvhZ2RuUMTMdmGJGT2J9TnIwACec0rjX5flh81o40JI+dgwctkjBzwR0Hfn0482eX1JOSj7qenutJ7xtrfT4bar7TBJppvW3Le+ul4O2ml3rpryvZXPXvFWraclpiJ1kmUgBocKwXaDh1zkkdB168AYxXnOn6uYr4mICJWRiWfkqCCM9R04GSATxnk88+9/IpeSV1kRvlOcEs7KcNyM8cEYOTnjNJp0TXSSSgM/zgJGRtUE9Bn5flyc9TkdM9+7DYSFKm4z1dt3e62au27+830S7PXQ0d7NO1mnZWV2l5tO63XV99b33Nb1a4mjMCuXCMpBPyKzMf4T82QcgEjjcNxOCKyLK5a3vkeeLzQyZYnJXnug9BkZBwozzmjWob23kjWRdsWxGyVwBxwAwC9D9D0xjpVOyvIp7iOGd1WI/KHC/vMjAG3gEbehyRwME1304R9k0ruKtvruou9lbpfqtmraEwW7l0a3fo337b9rW2PQrXV1tnElqxO1f3u/PyhhghATyAuegGPbNUfE2qST28cQ3IqfOWK4Lk5bABA9Tyeg/DO/bRaRDJAZU3Exj5ACBnG4Eg8MeCTjgE9s1Q8V6baz2guYQ3miNikfOwIACPmGAOB3wRycc1wU40o14rkak3a70s7xs7K9l5X6/c3v1Surq/lGytbyVrP5nmZjZ43RBvZyJEGBuLEH6jjdgLjg8kdTWlpVy9r5sTo298EoCfl7E5HAC87h/EOQegOBb3M0FxEzMSATuLjAAViMDIycH0BJIOdvSt+DUIpZo1G0NtcNMAAD8xO0tk5PJ27uQO4xXoyi2rct7pWdu9urtvtrtruQk7p2X2dd9lG99bemjfbdW7WKxvrhY204zPEYzJMVbAVyM9GAyBwML9314ruLPWXtLO3tnLLIdqyONw6cMW/2gwHzEj5fyrjdN8TPp6xxqIZGfK7RgDI4U4wcErjOeBgniusFxp15YyylSJmAclmwRMCMhTySvykFe/A6ZB8bEUXPmjUhp3tqr8vnZf8AD7bNq1nb3VqkruyV0r6aXXR6NK10kz0XTPEzQfvIpYysCYOMfMSDliBgMSM8f3scevU6PfX+os03mfJGHYc4VAwLEk46bs8E89OhO3xTQY45yUikIMjnzicnYFHTHcZOM89TkA4r23QrzT7Cylj8t5N5ChOfmK9ctxkFgCMYwOuCK+VzTCUqV7Ur8y0a01ly81217tlon67bK4t2+JtpraTS0tvo07qy6rT79i8FtPavNPPmSBQ4A2kEgHdtBJYg55AzjB9q841DXbFMRxlRJklgTtOR90kE9sDjHbp6besaNqVxbzXlrM0TNG8sCkkxKrsxKkD5VIP8ODjgr1yPKF8B+KtWvGbnYwIeYkqr555B5XvjoCcZ9u7KMFQVOLlXSdleN72bst7t2tq+nVNbr2MHi3TpuLd3ZqOqbt7vV7NX3tZafPTvfFVvCwV2RjyW2j5mI+UAHn8eMY4xisy41PUdUieOzjdEKD97J1KnOCCRgZCkkjp2PTE8fgC+tLjybqGaTyzhnxuUhcKxyQc4zxuJ557kntdP0S3thmZpNqKNiFSDwDkELgE8dsDvnJ5+qoYXDRs4y9o9OW7d03Zv/NaN6b7HrYSp7eznUio2Wi3V+VNd2r9k9O1zhE0q5uLeGBmWcxgnYSRiUkH+7k5OTkZ4Jz0OJP8AhEbi5IV7cQxg/M6lg3IxkqDzk8jIxgcYBOfWIltY4w1tY/vCCQ7rtUEHGcHoWPrj2I4qX7DfT4cOFU4GyP5fm4GNxHQdOuOue4HoUqjppqNktmkrqLutGtF0081qj1IUMO1qlN6bK7tdWV+lra9l1toeZDwpa2qbo7qZZIzkRAkyMehJU5OO2GA6DCgDmzaeH70yI62InhJLh52GSpJ5VScAjjHXABxkYz6jY6ZDbuS1viRjkM6+YxxuySc55JBAYkfKD0PG1bmEM5IGFBJUodrHjAJHC455A2kk1TxE5LRu6btbS2zejSWy9N7pJ6dNLD4e6cnCLTdoppbJb82i32ttfumvPbDwpJK28xNZ52kAqCrtzy2AQqgHGeMdOeK7zS/BnlReZIIpHfiPYQruw43YByTyBwcDPHataMJOqxyJHBDtOSrMep/j2nC/3gOOOMdAei03S0lEX2ZpXSM8SuxDBuOEGfm+b04JAPWuOvSlVpyi07tNaR0u7WTWt3rvrpfe+v0eUYnDYfEU6sWm6coylb3VzXjrZ3TS7rTRWdrsvaD4e/s1VkSVbeR2KP5jhmycZC4HAIyM8jOffP2/o/ivX9S8C6B4atbqaHTbONkMrSMkCd3CqSFO7PPAPPPY18pWttBYi2EmbmdGDusoyxODgKoyMAcsT06Y71+kvw7/AGc7z4n/ALN9j448ITX03iaLVb577R4TiM6faoTKyBRuBCg5GcnjqM1+K8aeH9LMKuFxlSneUcRG8pRXMr8r9xPZtpbO9rpH+j30dvpgUPCrLsZgswwkc2oxwcXl2Fnb9zjYcrjVUpKUadoyackr2k1bVI+dLHUPDmkRXxvb9bu6iOBBEpZWkwQN2AP4v4j6dsmuM1XxdBFGHt4HkLyBmUyMVC5+VNv4jI6jOCQACatxpJ065v7WfzoLy3mljkt5o2WVJ42dG37xn5WBPJGQew6eUaxNdWl95TgMPML5UjYTySzYBG5QfUZ4zgBQPpeDOCKOXc0KClytLmTd78zTd7t21Wuh+cfSC+mTxR4gQhz1KeBh+8VOnh3JKEJX5U5ScuZ8t09ru7toj6M8IX1zrcsoVlEaRgtEwBRMDIHzE5HAIbK9MHks1fm98T5LhviB4nEk7SeXfSCNnzsiCMWwgJIXBXHBGQD7Z/Qz4RMdRvLuHIIFuzMyHAZdp4xwN4GVyByS3ANfnZ8TJ0k+JHimFUZ4l1OdQi4LE+YVAJ6jLA54xy3BwAP6o4Vy2MIYKgoQUnOHLJWesnBW1V9NNt7WtZ2X+XnG3EWOzbFYnF4rEVK8pTnNuUm7pJN6eTXfXXzPor9mr4Z3nj977U7pLzVtM04qtzpsLmOO6cgCJLi4JOyFfvMFYcBl75P6w+Gvimf2ePDFo2lfDXTb/V4grWkWiXNxGVmPMM2r3scgl8qLaMRh0UkcgjNeQfslfDvVPBXgzTY9C8L33iu48Yael9NCn7q2trmXCohkHLHBB3dCeOORXuXjb4bX8ukXj+LbbUPDVxGXU6FaQSuJZmBCCe4YnaoHOMgDrjkY/wBU/Dnw/wAuyzhHBYfExwjx2PwEa03UnGUuetCLjGcHNJxUZJ2as9XZvU/yc8WfFzHZj4hvKcS6/wDYGBxiw9WlTlK1VwqR5no/ec0r20fRarT86v2if22v2ivi3fax4Z8e/EXXz4bvJNkPgvTbqWHSbeMkBLeZIyGuNiZXM7SYUE57j5o8I/FfxZ8PdV0vWvDGp3VneaVOs9nKbuVIlmjI+SSFWVH+bqChyPY19YeOPCvw8+Gd02oeK9L0PVbrUXS4igtbr7ZqCwsR+6ZUdjHM4+Vt4BBbOcDj4y+I2vaF4k8Rm58M+Fl8OaVbgxx6fE5keUnLCeUAFd7ei5+bC8EEj+U/EvKsz4KzTE4rDcQ0FXeIbp4LBzknBNxabhT/AHcUk2nezdru6R/YnhrxBk3EGBwmXYDhqtRy1YeKljsTQhGjKTULQvVTnVk23qr21V2z7sP/AAUf+PHidraHxZdabrX2KFUsY9rgxMVwZsBgS64zlsc569/NfGHx68b/ABJQ/wDCUa5dSWRkLiyW4ZI4QNyqFXdkMuNyhhk/wk55+XdG0edYEuI7aUSNuAYjDKW7cDJznoOoHAJBr65+CH7Hvx3+PFzbWPw2+HfirxLJduoN7DplzDpsW5gN895LEIo0HqewYk4xX47n/jdxnHL44GrntSjRppr3JQpWjK103BR/mi3ffTVtH7tw1wTlFLGfWsLlWHU5yUpS9nfbla1lol8rWa7HA6X4jggshFFcalczI5kgnS6uEeJ1+ZdrKwAC8cA9ew4Fd/4W8U+M9S8S6Hb39vqutaVcX1vLfWkJvdRv7iEttEaxQM8uCMKQMcHHAbj94v2bv+DfX4m6paadrf7QHjHS/BGkyhJbnQNHZbrU3gyCYxeR4jjkYZUqUByOR0FfvX+zp/wTh/Zr/Z5t7L/hXvw5stb1m3iRJPFvi6CG+uZZVK5kCXIeLhhuBjVSAflHcfiU/HfPMjx0MVDP8wxlWnVU1Shi6vJZSi+Vpz5Wna10n1smfreJ4Zw+YYVU6mDwEbU+XmeHppQVkmnLls5Wafutu7Pwu/Zj/wCCcfx7+K3wu8V+MYPBGk+DPEes+JNEu/h5q3i69ktzbeFIpI5ZWTT7iQSwM6ruCvklhyCOK/qC0fS7/UPg9o/wovtJuJtfsPCNn4W8R65pU6i11JbW1S2vF2svli2uGU/KQxCtkHkA9RrOo+D/AAnawS+Ltd03y7KFUtdOtnighgRSPkhtoTGWXgBRwAQcZHT5v8e/t0/C/wAExzWemapYae0auFL+W9ywAIBWzizKxyOrMVJGCcEZ8fxH+kLx74p08FgMTzrDYCc5YOFGMp1qc6tKlTl+8upWahFpNqKfvWPmuH/CXKMmxNTMI0Kc61Rrnq1IqlQtGp7RL3027S2as2l2ud34B/Zh+Fnw60kTHwZ4K8LQW582W+/s2wa/35LPM13LEzrJISzybSCW3EYGBVbx7+0X8K/hraTW+jhvEV7YQF0lSSOOygMeRu83AgKLg5QDcAR8oOBX5X/FT9vjX/Fsl5b+GbC/v0YPHFqGoyGDTsdA0VoCjHG4EBy2RyeRkfBXi/xt4z8f3rTeItfdkCuI7PS2+y26Ix3BXRdolUEgFWyT6HNfl2Q+H+d5pjZYnMXVpxrRcp1K85VK8m+Vt2k5dNbp2W3Nff8ARcXmmU4CjGFWusVVpSXLhcIlToRtZNOS96STvezSv5H3j8Zv+CkviHWL240rRtVMMGGC6fo6iOPaNylZbhQFc84YoRgA85Oa+MZf2pfHPiS7mtbye30iW8aTbeOWllnBOVRZZSxDFcFiWyWzjGa8Am0dLa6LTwLCCMJcooZXLZALH+8TnJHJweeKivNFSSJFmYeUrB4Z4lxJFJuJEmfQcFeSOdvTp+pZX4e5LgIpzo+3rxfM51Pf/l961mrLtpsfIY/jXMJylSwajgqErpKktUtEveVnLre+rtdXW3uUuspqk32jV7q41K6dzkzyyOqZHLhSxUA8ADBxjGcVtrLayqsCIka7Qy7EAJCgkA4DYAyQ/OTgE9OPnrS9dawmi0zVbgtdEFrS+YsYbtAOI2bICyKB0J9OpANY3iT43+BPA9lcXHinxRYaS0Ds4j+0pJcvsBIWOEOJGZgDhOzZxkHFfX08soYenFUqdOkkk+WKUdElouuqvZa67rovnKmYYrFNutVnUakruT5uZpLZu9r9U7PRaWSPpW4t4mB8kiGYDcACGWRVJ4IxkBhnK++eRVG61rSrXT5rzU57TSUtc/aZL2ZLdYlUcyfvHUlWGSCeM474r8pfiN/wUaUSy6L8JvDVzrGoNvii1a9ieRG6qslvbAb2JPz4yM8dPu186XGgftUftATvrXinV9S0zTC0cklrdSyWVu1mXy0cVrGUdiF4BbkjGePmqlSnKa9nDnbsnyrZaaXTs7brtp1skp1YRSc+6bs9E7R3TdndX/wu9ru7f6VfEv8AbI+EPgMTWml6i/i3XAXEdrpg325cjG1rhVZeCOg5OTzgmvjjxH8Wv2jPj4jWngzTZvCmjNPvSW1he2kERYAl75lX+A87DntjNet/Cz9mb4b+Fbey1me1fX9UaISS3WpANDBdAAyIEb5flkJ2s+44AyeSK9e8RfEvwh4CtI1uLvTrMQZUafpwiDyBcfI8ceDnCjBwMknk/ertjgoQpupiakaaSu0nZpNK7vZK9t1s90uhzvGTqyUKVFzd042Tct46pJfc+rVrdT5O8L/shxXd1HrHxI8QX+v3twTJcwCSSZRIcFleSRmBcN3UgHBbpnb9FWXhn4ffDnTxFYado+ki3XC3V15LXDKo5dgw35wOeQTk8jqPnb4h/tYahcGaw8LWa2FsxIMsiB7khsgNGFAK7geC20A+gFfK/ib4i+IdT8y91C8coyMzT6hcEKMjJCwAgEAcDKnPYYNedic4yzBxthoOtVgnduzTb5ddnZvX77eZ3Ucpx+Lleo1Qp6Pf3mvd0SWke97r5dfsDx38ZvD9ss8en3Ut5LGGMUzMIrEFuAoJOMDsuScgY4yB8YeNvi1rWtTmOCaSY/MFeNxHbRggghAR8wxxnJHUY6ivLb7xNFeh2jW61Zs4IIMFmrNk4ycKQCc8duTj5ifNNd8Uw2Pmx6rqVpBbxlitjZSJu24I2yyj7pzxnqD7c18zjs5xuKd1NUaT0cIt76NXs23ddtN09D3MLlOCwcYzqw9rPS8pavRpp9mk1srtbd0m+Iby71GWdry8n1G63kx28K+aFY9iyjA28ZzgHnJycjxHx/8AbLG2tp2t1tWj+UQmQZUNjMzjnBI6d8njnpoX/wAX0WK5tNAsfsx3OGupArNnB2sHY7gzAAnOevGTXj1/qOteIrxjctdXt1OwWGJSZt+W+QGNB244AHTHrXzlSbcuac3NXTbk2t7Kz7X878vXbTqq1abvGlBKT25VyvdLonpqr28kk3oalpr8rWUiz28UvzqPODBWbjIOQB0AydxPUjk4IgjnhuTK5aVxgFmA3BCeiocFixII4zyM85IPv3wk/Y7+MfxY1KyttN0O803T7hlkl1DUo3tLOJHyS6qyqWABGMHkYz81fs78A/8AgmF8M/A1tYa58Rbh/FmrRyJLNZcppgcMDsCHHmKDgHk/3cDOK8/F5phcLCztKaSfLFpyb929rOyuut1prru+7Lsmx+OklG8abesqiWj02WmnTVtu/Rn4gfDv4G/Ef4n3EVv4M8Iazq4uJI4/tktjKtpBvbCySTsoAXJyWyAR3BwD9beD/wBgDxnZ+IJLTx7e2umS2vkzXNnaBZbl45lDAK6jClOnqR1xtIH9FNhpnhHwPYQ6Z4c0fStGs4YwkUFhZxxFVjxhZJIkUmRsDBYkcZ6818YeLfGmjeGtd8aeJfG+rWOi2ck6rbm9mQXrwQqSgtbfPmS71AKhQMbg3Jwa8JZ9iMRWUaUfZQVrX1u9N3ey7q3rfv8ATPhvB4Kg54ioqlR6tt2htF9G+y01WmjWh+bnxG/ZH8E+CtCl1XTdQ1e5uQhDRyklY5AMIzFdpAHfP+8GHIHyHeeDPEOiahEIF3oAJGE0ksKpFn5H+Z1ySMkcjuMcV9/fF74+zeMtOubP4f8AhTUD4dmuFhn8SatC8FrPcM2FNuZVz87BSBnAByfWvhDxFqfiS41C/tdX1ON/JjILqw2KxAWOKAqQ2EHyZyVI/hBANfR4fMYvDxbqOVRySfK3ZO8bp2bW1mlbRX0ufJ1sHTrYmSpRSppJOyTu73d/ktG1ffscxq/xCv7Fhpd1KL12kCpBFcTBFVSQCzbypIyScEHjjqGrmbXxTN9qmiMmpQyXMg2wWl1KwLOOmAxJIJABORjg/dNcXqGmzpfFJFYzofMj3H5nLnCs3PRjgnkZIGehNev/AArh0C28QQXmrvDusoVnVJQGjFyOcyZGGUKG284/hYnrWmJxWKqUlKLndK6UZa30ttZpLo1ZJdyaNKGGqrmkm07tON9G1ZWt30s+it6c5puua0t3e291qus2Y04loo2uJCSWGR5itn+HkqV68YFZ+v8AxG8X6Q0CWmoXdyzwmQy3UkiDZ1BC7sEAAgZB+U5yScHS8Yaraal8QdbvLaMxWd7vWGNFCpIyAfNtU7dpOAACDgdAayW8Ma14013QtG0bTtS1TUNRVLW2sbC0luri5ZyQII0jBO3dxu+VQWz1PHj0sZi6NWTrYqpTpqKm71JRUWkr3vKySV9Xey6aI9iqsPiMN+4oU5VW4wTUU5Pmcb2Wu99dOm62G6f8aPGMUBlt9QtjsUPcI245ycHhn3ZOWICjkFiVPNd5bfG/x/YxW0l3EqW93ELmy8+1eOG4hTkuhcfPH6HjPzDPPP3X8F/+CVvxf1aGy1/4leGLD4eeD5zBcRyeKLtYL/UCWLqJrQss8MLcl965KAj5cnHu/wC0V8BvgR8ObPQ4X8X+H/G/i3QtNigg0jTIQ2maakCjy7QeQQpUnh2kLkYLNkAmvPfFqrYuOFwOLr4qpzKM40HOai24pXkkopLRNt6NO2m/TT4dqQw8q+MpUsPD2aknW5YuWsXdJ2e2ya/Cx8Y/B/xJ4s+JmyLUfDFlbaY0gEur3G6KKSOT5c2wZgZpFzkhD09DjPlXxQ+KmseB/HOteFtBtbG/03R5FP2mPcCWzlkyST8pyDg4Jx1PI9D1j4i+JLuyi0fRBp2h21jKPJTS4liMcZJBWNlGCVTqcdSBkEEDjZvAtnc6nDd3iCe61C0a5vZ5FMlxKSdxZx8wDscnDEkA9e1faZThc9qV5YnEYqahKEVTpN3lHm5Xdtrdarv1voz5vH4nK1RhQw1CDqKV6lVRi+ZOysldacyS0S0b13MPTv2hPEbQwyf2CU3qNkpZtryHPcjJwSD0PoBgV3umfH3XUWG3vNDla6kkCKYGIVSQMAAg5LZHPoelWR4PsUtLa2j0yGTzplSzlaMeYir82BGBuY5GdqKSSOFxwPqH4H/sWfG7496uul/DjwHqepRgokWu3di9hodszY3yS30yKjFM5Kqc4XjsR9JXxEsDT9vjcx9jTpxTk5TUEr8uuskm7dLt3tbS6PKwuGnipqnh8G685tWSi7Xb3ukkvh3fS17tJnz5f/GXWpY0RdCks7oS8zTSAkEqCrbQCQOm7HfkAk8fQvwF+Gn7Sv7QuqQaL8MvAWqa/LMyxvrD6ZcW+h2pc8tNqEyLCqqDknIHUjrX7sfs5f8ABFz4WeAm0/xh+0pr0PjfxNAIbkeEtPkeHQbWeIrJ5d024NcYIwxQlWHXjp+tNh4p+H/wq0SPwz8PfDWjeHdOsIEhgtNDs4LOMJGgVRNLGiGfGFJLnJIyxwPm/PMy8QqzrfVcjVfH1H7ntOV+yT927TV3Lvdrpa97s+3wPBSdNV82lSwlJpNU04uo1o++72sk1+B+Vv7Pv/BH6LTrSw8RftJeMoZ9RhWO6l8K+H5Rb2lvIoDGK5uyxSRTjEnlkA5bJXBJ/TDQPDXwL+CujrpngLw7pFjJZRhVNpBFJcuygBne6kDSMzEbjtc4OTtwRjz/AMVfFm81mN1m1IxqAW8mNtu07tq7nByQQOQxICluG7/N/if4paZpEc0c00UtyM4jiYPcNknALKXXrxlTjccDtnHCZLxJxDKNTN8TX9jOXMsPByUFfldmk7aXSV7+e1zoq5pk2R03Sy+jSc4RaVWSTbaSu72vfTRPvoruy+n/ABJ8aZr+JxYyvaRorD+Il2XA+UnAHB7AjBI4JGPlzxn8V4GdkubkGcKWVYXZ5ZHPHzFTg8tzkHBGehavBdb+Ius+IpBb2kZ0+3z8zcpK0ZwcleuCvJA7HOTwaybXTS04muSZycFZnbcRjnB7fL82BzgfL1NfqGScH4PLqUJSpRcvdacleT5bLXX8r2atdJtL4DNuK8VjHKKqSaWlldRt7qXKl01tdeW+xpat4s1zWndbUGCBh/rpcmRTuxkljtOM7geTnBJ4OOOmtdXtG8/VfP1W2kYKGi3M0bFsEmJTnbj6ZAGPWvR7aK1kcmQZO0EhRhOOm5e3IXv1yM9AdWNbYMs0cYWNB8xOWTIBHK9CpxnJyOT7Y+shhcPRa5KcVdW630srq6WmmvZelj5WeMqVndttvu3d2svW2llr82Y2grpbRq1nKszsu10KDzY8DO1kwCu0cEtjIBY5JNdity8IjYBETIyAAWdTgZK5HJwOnzbs8EkV5r4g1Dw7pcT6o2pW2k36M+x4HVRMcnCSRZIbcTgts5yd3evDNf8A2ktI0+K5smUR6jaxmQ3O7PntkbTDEp3MTwQAQQeCM8VnHFUKfNzT5LptJte9qmvXmu7bJ6d9IeGrVmlSU/eXzSvHS++/S67ttI+r9Z8TafpNs1zcTwRwKBvjJCsWGM4BOc9xxnJA5PNfO3xC+O+gWVnLi8tbW1QE7rl1Ekm0fMsSFg5YDAQ55xjpXyxf+Ovid8TZRF4a0+aCB5SJNV1NXitkjJGWhhGCwAOVyAWB5FbOhfs5R3F5FrXjK/n8TXpO8RzSMlrG7csI4Pu7UxgZBJ5B6ceZiMwnXjL2NN+7LRu11s7q1rL0T7XfT0KOXQoPmxFRX0fKneV7q6dr287dLnG658ffGXiSJ9O+H2iX+oRymSF9Ru4pBDDubYzoWA3BQeCBgqc52gAeFap+zlrfxDuJ9V8aa3cXEzo0g02MsUiZTuJKlgMZzz6cdVNfojZ6Fo+jOsFnZ29pGke1EgiVYyQAPmOBuPBycgkbgMdTxWuTJbzPeWKhbm3++AMJIgxuVkx8wbgcYx3AHFcXs6laN60nJPVKKstLX89dltf01OmpiKdO0KEYq9lz7yv0167Wsl1du5+P3jPwfqXwX8YWPiHw/BPbxWLxx6pbJlYr/Tids5YL9/5MkhiSuAcgV9r+C/iFa6loVjceHNqWGpw/bdPltgIpkvQmZbeR1YNhXyCp5AJwRxjN+PPh9PEukTaxGiujI4cEKoWTBWaJgQcKTkjPAO7B6ivi/wCDXjs+CPGF14D1bzRYzym90IM7bLeZnJaNQTtAmz91c4AOF55whipZbXjKnK0JW12smlZva3+eu6saU6X1iLVRpya6rrp630ulqk7X3P2I+EPxh1JQ+neKtotZJfKgu5fmeCfOFDE5JiYAjkgnn5gTmvqvVbCy1jTwkxinhuIVkRlwSCwz+7weVwcrgjjjno35t6XLZarLFLNM1vDc25keSNlwsoU4O0dPLbJDEj7wPrX0N8PPiekVsdFvZXmutFUpbyyOVW4tgPlBJ+9jH3hxkYHPzV9bgszjXi/aSvNpWs1Z3UWr66tpJtdN/NeDicvlRqtxg+WLXM0nZ2cWrbXTVm001ZaPobjy6l4B19tXsnQxW4JvI2wsF1pxI86GbeQpJjDAoQX75PFcX+0k+jfDTwVo/wAY/Blm+t+DfGrbVj08eaNI1wHdcWVy6DEMRcsYw4X7xUdcV5B+0brHjnxT4fN3omoSaNp1hdtJfafagie7tNwLlmXBMbLgFckFctk4Fem/sueKPDnxT+GPjH9nnxbdwroXirTZr3w7NOytJYeJbWEtA0DsS0Mhdcsq43g4wRjd8/nWLxtCpzUv3aa5b23+FO/drS2qdtLvp24SOFdlO7dlqraSvHdpbrTpddFofmZ49+LXjbxtfW9vqmoSaHYuBJFp1mHe9cYJTEcQ3lmHAL5zx0GQeLGi/YZRqut3UfhjT2Qs17qLCfV7xCoH7iFiTG7jpuG75h0IGaHxY8a2Hwr8Za34I0fRDH4j8P3VxpuqanrS5n862do1miEwO2N4wsiBQcqwwTnj5o1LXfFXju/ffd3upyykbWLkxJnOREv3UUYK52jA5zkZPwGY5pJ3daq5SuvifX3dbXa3Wl9z08Nh5TnJRhLdcttdHydF0unZvRbvd3921f4yaF4WgvLDwbYJK7Fwdc1MGW+lmkBDPbqxPlgZyNgAB44Xp863es6/4hu5b2e4uLm5mkbYZWMgBZssdnQEDOM/dXrzzXVr4EsrC1M+uajbwPFCJHikkBkQ5ywUEkbicDC8545PNc5J4ptHkNh4etVZ41MMdwi8O4OCACpDPg5IIUr82CRjPyGKx88U2oXkkrKe0Ps318tVou+u1vQnGGDpOVSUabSvKN7yekb3emve2iWyfTYs9Yvfh5bjxLZ3UcmsQoUWIZYI0hzuKxsDu+bqCdpyeQBXG698cPid4tuYzd6/qbOhUxiW8lIiQAARxqXCqir8oUjOOGYkEVe8T2M9to9vHOAZ72bMzOcsrhQ/GTwM8EdRznqK8tjLKXmZoiyOUK52k4OFA7DgYPOTge1d2RZLl2aVPa4vD0a9SnLSU4RlolF+6prRX+/d67eplmfYqngrYavUpUqj2hJx5orlW6dvN7KW99bm9calresMh1bUr+9uGYkJJPJKQGJ4yzEDaOQT8o4IB4NW4o4YhH5roBGCJFYky/L/ABZ3AknrnHA99tVrGKa+l32iohjCt1JkbdyQD6HGfm6dD1FWJbaYQ3srocurRR3DgrFHKAcAgn5gBjJHUHGCSK/UMFkuXYaleNKjCMY3XuRja0Yu1lG7dtknvvvqSxtWp+8qTnOTdn7SUm7N6u7u9vVJ6O1031GmxhIhdRWqyhHBSWUnaUY5wFPOcYzjOMcgmuI8dG/8+31FZCLSVZI28llKg/wRoowTtIxnnnbjGK5iz17XlWXTreUy+VIVku5AfJtyvyr5eCAy7SR3BOeRmt+HSb7UZLX7TcT306/vDEinZGSSwMcIHzDrjsVPHbHk5jmWAwMJyc1GKj7seZQ5WrbtaJXv+Gzujf27xdOGGw9Ko5tRXupXbvG1raWbXXTt3MLSbHULmRf3TFZFG6ackCMYIDIG9AOSDzwR2rstL8Aaprd1FDYWk98yNlpET9wu45+eTG0ZxyOhyBgEV9B+AvhZFqqW15q8Fztk8vbajIuJxj5dqABY0OBneMjBwecV9t+BPgwn2eGa5tk0fSlCn7HCoWe4QDAaWUDc2/PIbGDjjjFfifEvijHCzqYbDctSUNnzXV9LJ62003bsevhOFa9RQnieaCk4PktrvHfm0XTV3ab0ifFXg39mnU9VjuZ9Wult7O1tTPNHaRl8si7hEsqggsfuuc85JwetfdfwX+GHhPwf4Vtr+30m1+2TDfNd3UayXGELAMpkDMueCeSRgfdPzL7zL4c0zSvDl7Z6fbx20cVhNsOwKQu0hTM2TksTlQTkA4+8BnzrTbtrfwzY2dmDc3TCSLzF+5HIzEqOON3QjAHHtgr+V1+Ns3zxSVSvOEPbwThB2Sp+7vZ3/m1ejXofR0siwuCXNGkpS5W1JpSa+BrXV/O3k1381+IWsWtnq9uYtsl5Ju+zxKQqhQMKhA+6MEZyCB0rx3WPC1140uozrd3NJDb/ADNbQErbxKMAIzD5WwMbs9SD1bNerWXgi48QeMFt7y4W4vJLuO3hikZkaaWdiqQxoSuxQTgg/wAXOMYB/Ur4OfsHWzKurfEO8+yWhjgnXQ7FN9xMjgMqSMu4ncDjAGQOgzXfm3FuB4XwFDFY6olOqkqcEnKpVndPlglq7b6Lr12XRknDeKzyvWhh4RcYz9+TdoxjeKSeqs1bpq7WSSufjr4P/Zs13x74i03RfBPh681W+a5VYrW1gcwOAQTJLOU2KqgEkkYB5wAVI9Kb4E3Hw4+KngS38RRPdarc+Lo9Ev8AQ4Bu+xucI8TOgw27dsJG7kEk5+Yfvtd+Ifgx+zCNBv7u007wvpdvLKsdtbiF/EOpjyyqhYyPPBkfA3MDt3HgnBr+eD44ftE+KviN+0deT+B45LC0Xx0dR0SzMfmaqTNL+5lbAyJzwcHgFgQB39zgnN8+4uwmLxUcNVwODcZRw0pQanVUoxUX71ur1S02V2zqzzJ8m4cq0KNSvSxOK54OtCLvyPR8sVfbe92m1bpe3rn7RfxQ0f4K+IdQ8IXdhBZfZrO7hs9D091SecTxF431J0yyglskOSM55zmvyv1zx344+I+r2+haRDf3y3Nyz2+laTDM9vbl2+QymMFXYZwSeNxBIIr72+J/7O3iPxd4p1T4lfG3Xo/DtrfrE0yaldK2t3eUDeWibjt3IFHCqeehHXjpfiJ4c8DW0ng74JeE7HQLcxrFqfjzV445NUuQAd8ts8qlogxBI2sCeGyO/wCz8J8LLB4al9ZbliHFOpOau5VJct1FPRa9dbduh+Z5/nP1nFVY0mqdBTSpQptaxfLZN7KUkk7rZXb0tbw7Rf2bNL8NRx+JvjhrkWlWaAXUHhW2k87WdRY/OguFQsYRIQEYMAV5BxzW1qvxJ1K0thp/gDRYfB2gqrQ2V0UWKWO2VQvnEnbJLM65JYsc5UgEAisSfUJtV1ue6v7y58TX6urz3+oSvLHjuYUkZkCZB2gYGOxJxVuRLe6+1xXiNdt5QEahWCwZXAESDIC4H3h0U/w8V+k4fCwjTjSw9FSqRveaXNJyVtVa6a2Seq8rs+FxmPo0E6lavGnBNO8pK10otvV+bd23rvZLTitP09Lu6n1Kc3Gt6lMfMk1PUHZ44yWGSoc4JB6jPYYOOB0dt4fe4naSR/tJBO52+WCJSPlCLwuQOgwSD3IOB6J8MPhn45+I+vQeGvBHhnU9dv7iSO2j0zTLOSYIGfYsl1IilYoucs7NgDJJAr9x/gv/AME7Pgx8CNBtPip+2r440nTY4Il1Cz+Glhcxm5ndR5qW94qPunLYCsiBSNpB3cmvveG+D81zlRnWoyw2Eg05V5U53eqdoq16jdrNpWWrbSufzj4pfSB4V4Eg8JQxdLM88qxth8swtSFTESlJJRdTllJ048zWs1d68ibVj8tv2cv2QPiv+0Dr1tpvw+8H6jq1sZo1u9fvbZ7XQ9OjJxJO93Iot8RLkhSxLBTz1r9kdA+En7F3/BPTTB4r+MOuaT8ZPjXawrNZ+F7d4LnSNHvwNyQiDMiGRZNqPJICuAxA5GfAP2if+CoxOjXPwn/ZJ8G2Xwz8DW0bacl/o9rFbapfQoph82WSKNXjVlBdmlYtycHOAPxr8d+PFgnl8VfEnxBca5q1zI9wltLdPcyvMWLsLh5GLMzt7YGcgjgH6zMuJeEPDvCyownTxmaOFlSpuFSqp2SXtJxbVJResoQal0c0z8Hybw88bPpGYqGNzuviOEOC6tSMnTcalCtiaDlFtRhO0pcy2qVVGKesaWqZ+kX7SH/BQ/45ftIi60XRr7/hXnw2ty0UOgaPKdOsIrFfkXz3haIzER4+VCU4A7c/mP4u+Lvg7wTM6Wl2fEetuGM1y8gmSKYAZlBJxuZgGJPOQSTnca+XfiF8ctc8SGS30knSdEY+WttA/lKynAIO1hjIJzgYzgbjxXhtxq6B2mLiZpQNwcbjuHAZmOT1YnJ4GSSeMn8C4k8QeIOJ51ISxEsNgZP3cNQk6ceRtaOz952aUrtX63aP7u8MPA7w+8KsHQhk+V4fFZpCEPa5ni4Rr4ipOKV5OrUTk3zJtWaS6b2PWvG3xX8QeLbqSSe6litJZPlhjkkAEfdXVWAAxyQBg8+leaTuQzyxhpAcAlsDgYLNtGAPU5ycDHINc5PdXC5uEcAybBnjaMlecA4I9c5+uSAtnUNQUQxrEys+1fNKnDAEfMWyeufl75OCMCviY0Wv5t92uuiu273fWV11vrqfq1bGSk+Z3TVrJJR933U2tkld3sltbyR1txc2Y0qHY0LSK27BCs5Kgli7DGfTJycYPGa5l9RfiVCPLLLtXjYcY+ZvlJXkDhiB3Iz0yxchLeEgHYwO8vjJU54HYALx6+uByG+ZGqYjU4DkgONxxxyRgcKMdgMkH0NaxwkXfmejvK90uqdtUm110f8AwOWWKm5JK+itdPl7J7p6Nb2sl18+obXZZAsSHgRkzKgBXB2n5c8hjxjb90H+6ATA16kpSYK2wqEyW2knAHOeMgHlgR13YJrCEbPKpjZ0LoMsCAWA52kYBJGTz09uK0lc5+zttVNpfAwWJ5PbjPA3AjAI3YJwBy1MPTpu60ve10nu1re2mu+vazSR0wr1JqKeqSi+bVS2sou9939rRaprR2NSznFsR56nZyCNwAKs2RjjORwD0zngEYLWdUv4HRQ0jCREDIj5bCKQeADtDMOOTxnIxgGubN2VQNM6opcrGmOHCZ5bByu3ueCD0zWLeahGJWcuJQQQApJUbeufxGEA24wSp5wZpYL2k1JXeqV9Vu09e9rbba92xVsbTp02uZPTd9buLW1ne3ZaPW19svXZY7u4WUDYzLheVwEUlZGKjPzNkdOcdcnpyt1C2wouWJIZAeMrgEluQBj6dsYPFal5dLIWdYyQCoCsQoxuJBUrjB9uB0PXFYU8jSqz7gzg7djEgBRwTkYOQOuOMenzE/UYPCuMYq23KrbbWaWzv3bfk31v8pi8R7SbfxJ7y9bWuneTv7199l7t7NUJpQpAC7pCoB3H5FIB7dsgDGcjrz0rI89gWcZbadu07iVPQ524xzgDv/vAYrQkmLMJEChSvl7SABkYBJH3geeccYGfWqRhK/OrDbkZyMbuucAfwryCQB0JPG4D1I6NJRWiStdWteN3rvb5fkzk5rWvKzW7tbVWfzvqktP71tz6j/ZK1KKz+K+k3EzI2IJwcjcVOxSAwBPAAyPfGeTtP3l4y+Ltzba5Jb2N2HtrWR4yYX2gSBiypwSRnGGK7jjOff8APv8AZp024/4WBFdI0ZW3064kcj5ggZOCR14Jz3/AZr1H4q6PrGhXH2wuyjUbh54ZiGRJInYg7SThiqj5hjI618RnWV4bMMycMSoyfsIr2cr6ptbae8m3fZJW3PbpY+vhsviqcpKKquUknZ7R9Lrf/h0fcvhr9rPT5dKufDet2MNnNcBrVr21b980QUq28qen++SATxkBq8kGueBDqF4LBLi9t7ozs9ym7zI5S5YxQMBsBbO0jGRywPOB8eeFLbzdcsLjUgJNPaeH7fMrncyFxuRAfvMQeQM5H/AjXofxTkg0xYZvBLyWunLMjTwrkSNIFDbomOS2SoB5KlsjPUD8txXAeUYDMqiwEKuHqY1r2rjL91zaNacto38trbnpUM5xFbDxlX5Zqg0k0kqlpOPZJW8rPXayPRtQ1v7Nepqt3YTR2GmN5dtpt3KGE0RbO6RGz8xAJ2kggEZ5yD5z461eC+t59bh0yDSo4AJ4Ioo9j3KvjMjiMjDAE7R8wHPavHZfiJrYtLmLULn7VPKQhjnUySgAYD5Ax8vTIAJK9cEEZ8Os61qMsNvc3eLZYzKUuGBDDHyqyfwjBwqnnJ6AV9Fl3DOIwNahNzhH2clzcjdqkbx0kno7pW85O6Zw4jHUcTCovZtuSirtK6k0kldbpLp6trS7xxrl7qMzu85eVWcxxSMMKp+YkKRkfKemRnHuQcXUtVdYmbdGSG27E45UnO4An5W5OAoPPPBApuqWV1Ztc3p2Ks0haModoQEjG4Z+6204X1xyq9OLkmLpKZQDJv8AmH8JC5xg7j945PJ7c89P07C0Kfs47aJaK0bcvLpbS+qex8tVSjJ3ez2u+lmlra9lptrpZrp0H2mIozxx+WWQEIMKrH+8SB13e2c9zk56jSJr1Y0Ronbz0G15Sx2oCAfLJ9sEcZPJHtwNhdKoMkx+WIBUQ/MvPQHAGRnvj73TtX0H8ONPttentZtQkCW8OUiiQEsGAyuRxkEjIJBxkYOeF5M0qQwtCdSovdUW187JW06vTq+t9deHFzUaMpzV0k1dbvZLutW+l7ddlf6L+G+mwWmmWBjleS6llid2kHyRxnBMZJzt3FsnBwOmTwB6/wCK/iFdtGdPhkFraaasaSG0ChJNowFYADJxgMwOWxyR1PjlzHqGmSWohVltDEFQREBSkYAV5dowpKrg9CCegOKyJNf03VL6WQTeVDbKiXMCHc0kgIVlBywYEgMSeW4A5wK/IquCWOxixdSKqQUuaO1kr/C11aSWnZq/Q/Ksfh3UruvK84tqS5kpRVmtGm272122a8kugvtaldrOWRDDbXM2+adXK71JABUHADBCcqfvEjp1PvOg/FLRPCnhC7sxpdtc7m3y3e4faZe8aHHzFi21iCWI25bBxXzHc6hHqMf2CzjImjn/AHdxKrNHFHsLBT94K2BhQMDleO489TU9Ts72eCe2kurbzi0rMXEbEZxtI+RSDjjAGCQOmK1xmS4bHUo05rlhCpGaTdlJxjGKi07OVl0T/Rv5LOMhwme0oUsTNQhTqKTpOSXtJxS91xdnbXTe+x65qGqatqniSDX54rj985nhhhUSL5e4GJNijAAU8ckHGBnHPfeH/EHja/kv7awt55LYIwkt4c/uIzgtIzBcpwGJAIUgkbTgA5mgRzr4cttUe/trW6UotpaXBjYsjBThXI68bSo+YAEHrgeseDPiFpOi6rCZRpsFy/kWt5Zoqm3uFbCyNIxPzEfxjn3HSvAzFTpUpRw+DjVlSThCME1FKnZX97RvlVk97/c/heIcNKjQq0sNk0K8MNTag1Tdkqajy8vMr3cY6NPd66npHw9+Ftz461XRv+EO0uNbmKKKbX45JVUAoQ0zDzB8/mMpwn8Q2gDnNfR3xPu/iJ8Fkj1DTNAuruz1K3tIdOumsWjfSpo1A32rBSybSNwbhXAzwOD5DY/EmDw3rlzq/h3UdKhs4gl0YrAm3SIwYYg4OXCZAZDlS3Y9a4bxh+1r478Z+KWsodcN9Y3ypZWlhdIn2VZTiIeUZFIjxnAcDgZOcHn4CeGxmZYqpKpg3VpUlGXJVV4QpqMZShV96K5uZOyjL4Xe2yf825lwvxpxPxJhcXPAYKvw3hKTnisJjI1o1ZQbXNTVk4e6tk2k9E1Y+XPjV8ZPE/jfWpT4lnu9TmtS8c09ywDopIOxCpGCuNvJ35Azglq+dhqTztLcwxPLHDIJEV2ISPn5BjhjjADED3Bx936q/aK+Elv4NttJ1yK8sG1TxLbG51bSxeR3s8d3IS2+BYThIctySACDjmvmCysp7Wa0hW0F6lzhJ0CMoQ+j4BAKDJJ499pzj9q4Yq4GGV0PY0FRgoJOHKkoy91NRb1abV002mmtT+r+B8Rw/l/D2EhluEo4HDQh7F4eFKNGEasZKNSMY2ipJSvytJp3urpNt194n1S5sQ7TXnksWV7eORzaJMeA6xE7WcZwDgkc5PGR0/hO8vc6YbK0a7uoZWuJpoVZZoiuG3F8HG3gsMYx0K8Cufk03URewadEYlja7VfJiXciLI23zAo5bZnbyR34wa+/f2UfgXdXHj/ZqelHWNItrf7RqS3Gbe1ks5UUyE7sEhdwJC/McHOOa9LNMbQw9Dk9nGU6iUVG2s23Zp8t90nvZr8vD8RONMi4XyDMMbjHh4UlQnVnRk4QdVNxjNNXSk5PSzV23ZvU9g+EF9f/ABh8Mf8ACN+N764lutGtUbw9psXlM+qI7Mi28i5BfAAHILD7oBzgcJ8T/wBiHS4fBHiH4i6Tc3OkNZXUlvJ4bntiZRckGR3VyMZYkCPA4IYHAHPYfGT4R+MvhX4vuPHPgJGh8MafdRy2M2lSusdiHbcgYcHYrEpg/KQpOBgmux8O/tAavq3hXV08WXVpfzyaZc2z2rON0+pzxkW14Fb92zpnJODgg5IIFfkmLxuJy3G08XllecaNarH29CnJSlSquUYuE6d5NQk0+V62Tbs1q/5EwmecS4HMcu4v8NM3w88jzXF4eeMyqlVcZ4epOcHXoypLnglKTm73jKL93ayPxk1H4TX8dpf6xdJcQ6dbXHlQ3E8TKlwyOTJGzHGGToAQuSOo+WuRm0O3QlLRnnaI+a32cEBRgEo2DkMSx4Prz3J+zPEviqR9O1TQdfiW+Ek1xPY28JRY/tErkeZMFADGMEFegGOucivnTStKuE1O6QvDbo0ivLKzKU8kk5Uqx6rwScDBPJ5Gf1rJc7xFbDqWJbU1CMrOL1T5Lp9G03d6P8D/AEM4E4nznNcA55nBRq01FRSbl7SLjB30S9677K6TfSxy9pdXYtlhht28qEia4BYlHAJJzn+PauCBhiRntWjfa/ayyQqmYXdQk0OdsYUEEAHHBIOcNuOfTk1teKtWsLXTHtIrWEyeawS7gzGpVfvMzDlyATn72Qc4448RluJBe+ZNve1nkQGUnAUAhmCnAK9OAQODgmvdw9F41Oq6birtp69t5p31V3bRWb20P0OOHVeHtZQ5JWUtLu91dWS662+avseiX0NzrB8uzOI7GIsiO7Zi+XqSScq2DgZO0lcdhWd4g0W6sdKsbpIJluZYZPtk+x9kkYGd8bMCW24JOCQpU5GRx1tlaSvYxalprj7M4VXLuu544xiRHVgSxO0kZADArxu4rsbRZ/F1rDYTtGlvaWsv2IxAYkkGR5bjrjB6E8c+1ZyqrCNXinCElzJJpr4bu32kkleSvu+h85iM3q5ZX9pUglRpSftNG5cvNFXtZN2UX8KsrtbtnyxBHdKvnsB5RYjzWUjcAxIBwRjnAOeT6Ct7TQyzpdyTKiMrKwwDgghRxg8dt2OeT16/S/w9+AeufE3XrXwTotg7azqMrm3KyKII9i8GVx8qgnkgkc9emT9Q+PP+CfevfDv4WS+OW1C28QaxpZltdf0G0mV20tlkISR5UbYWOP8AVqu7aR711vPsA5ww7qwjVduWF9GnHRvqlq0r7ux83m/jdwVlWOweVZjmlCjjcdONKhQk1zuU/g5tLU4y1Scmley11Pg/w1c6RFf6ab2CefRFu1bUVD7WlXdh44+OPl3YHKnHUfMK7PxXa+Fm1W5v/Dlw40mePfHazLm4stnCq79HJALDuAATjoepl8E2Wl+BE11IJ7W4iuPIvI7y3cRvK4IUWxKjlc/KWGDg98Y8OluJJ3mtWYRxoztG6Dljk4DE9ujLk/KvBxwa5qsY1akuRqHKrWilyy26K19GuVtu9311OHB5xhc8x1TF5fiKtKnQlKhOMFH2LacXeSWnM7qzTvZ21TuvSdAkuPst80d15KXEQgiMZLNMxGAoGSEJ5JxyTjk81Viht7SV/tLMzbTHcNIuHaQ/cIIHfIU88dOgxXGaPfX9iglVdqqcR72DqzA53AHoWwckgg8AAnJHWpqttqaB7l44yXBnaVSiNg/wuAuWGPcnAIA5I86pCdGpyxs4tx55pa9GktLbvfZW0uj18TiM2o886E5VYTcUrXbXw7x7dNmrau6s1VHkwiaedTIkbnZCRxsI3BuBg4PTI9eAQaoz3C3No8cZDNPgxlFJMRUswR2PClehxgMwwdvaW+ik1OdzZTrLaxgKqIQpbIK7VBJOV46sOzdRVq78JvYaCt/BdTB8l7rClljJ7B1ByxOAcc425BwauPseak61RRlKaUVLljdrlSunK730a09NjuwOeTpSw9HG1oQq1ZqPJUkozduVdZJpWvre2r0ueWX/AIqudPv1SMs7R4guGkU7cZ4IPAb5QOvORjgEY2YfEkt0AFQQQz8JKYgseVGSVTGC2RwV5yOnXEMNppskLz31wWuZJfLZZFAUqCD5q5H38EnPqc4AxnpbyTQLK2hhSJrk26q8DMAoV3OSeAA4ZiMnBPY9a9rloqMeWE3LrZ6bxs7q9r326X80fpOHhQq04T5JOSSu0+vuXa3urO+99d+q87M03mzRTJLkXGRdMpG0cdgOcABvlHPzbc9a6f8AtqKzswsN6rMCqr+9ZW34GVLZ4U4BAx2A4xtrWtriCcOs8cUgU+ay7M7lP3QWACkrgc/3uuTiqp0fQTaXF1NCYpnYokTnYEJPDqSPmI6YweucZNEp05Wi4O0Ur6LXa7dmk7K2nXbXQ7VGSjGLeiv57NJbdbPVNtt26MSz8USBXnW2inHLOzlTtK8YBJ6cEkDIIPsCuxpvidJCR5cJjY7SxXiJ2bJODySOxBIVu4I54W30yGHzAbnEMZYssZ3Kq4ZhvIzjd82eOSM54FUF1+1s7dkiEWFeQJtHzblHLEkYJJ6Zzjtk4qnhY1HFQTvouy6abKzV72bbXV9lKDbaSltZtSSXR6Ozavrda6ryR67caqkTRTKA8UGVcSgFWJzjA4JHOBzkEZ6jFVl1i2llY30SvAu1y5C5c7shQc5CjggZGQOBwceHxeKZ2LwFmkMu7bG5BA3EhWVum4DPy9eMdhWhNrc9jBHG8rSxyRgqFxzIRlQp5YhecnGdwxirjlko297XS71vsrd9OjaeqTbI9lN3W13FpK+1lo93fTZaO3dnqdxoGgXcv24wLGgcBInCg7G+bcVI+Zc444OOu0V41470m106/W4hlgIKjdCgHG8nbgDoxUgAEceoPNZ83iq7lRollkSYBiJHY4UgHaMFhyoI4xyfwFYryy6m5N3JJPKxVQyknp0J65x3OeQByK7MNhK9KanOs5Qatyy2tpZrs7O+rv63N4RlHWT2jGzldLdK0nyvdPVLbyTuUYG3KUbzAWJKHGAqg8c8heB1Occgmuq0/WJ7eJYIJXEpOd0bkHIwAG7BcDB469xmm6VpkInY3ccipEoCqwOx8nGWbopAweSRnAznNdZceCZ/IS/0sJuKbvJyWdEK9VbPJP14J9c11zq0E+Woo+Tez0XySb232bFVkr2TWlndPR6xtor6p21b0fbrXsPEN28rJKr3JdSriV/mUrwSuOhOD93qOxJFdxpOoWU9tLFAAkhwotpCQ3mf3kYDJBbAbktgdQeK8sZprJkS4VTIzEsu3ZIGQ5OT1OOD3B9MDNbekagVklmDxJKSuC33gwckrgEHPQnH3jjqFzWVbDRq0m6aV7XVkle6jbVXs+m+7TatqcbqOLfNLd6aa2eiWmiunpdtXequfRmg+EvEPibTJ7XTLVwoiZbm63O0UbAbkj28kZHygDGM4wBgV5F4h0mXQdQ/se/t5IdThUE7FKGQl+CM8kntkgfpnudE+KvixILix0KKeCaG3EaR2kRCTMox51wgGWbKkjpkDpjAEdr4F+I/j64ufEF5ps93cKqpJPPlJNy5KGNSF4AIG4A85+7ivmaFergq05Y2th6VGVlCLl78lHlSu9NU/KytbqeXjcyw+Eg3iK9KlCUb2lNKTso3stOXVXbWnyub/hq+u73TxAIZo5LdIrd2LZAjC9CW7nGc8AYPBFf03/8ABB22jtfjHrDSLGxTwg8gdThgGmTDN3OM9FUcbs5xmv50vAXg7WtPs57TWbZ4gGBkuGU5BDAFIyBhtpBHU4OQGyBX9G3/AARFWHSPjn4ij2sFXwS3lOSRufzUZd6nnqMHBAOfSv7b8AczpYnhbiKhQqwqXy2vdRafJGyve23urfo2+u/8neKucYWvjsLGlWjPnxeHa5WmrcysnZ6ydk/W+t0cv/wU80m2X9q/x7JFLFcy+Vo86B3Xa0rQ8LtY8YZuMgg8Nz2vfsafG7wH8CPhp8bNY1OPTNY+IvifS28LaBo2oW0Uw05NUCpLqenyMp8mSFmDM6bWU5bIIwuP/wAFNkW//aw8azfaoBJDZ6NPHEjBVaTysMhG4AbBuyB0II4yK/Oa3vp4NRvJbOYXlzeXIhuowQfs0MbDbIrHsjBSWJJ9Sc7h8T4tN4jOMHRTjCMaeEbaipX5IUnaWjV3Zp6O+z0Wv8wRoYqp9eqxrzpWxWNdKPuy+KrOCSjK+iTbtZbpp2s1+r//AAUT8DeLdG+EX7J194gvtB1WW88J6hrdmLIRfbbaO+kSfdeyKxeV40OCZDjAxgZIr5s/Z4/ZZ/ak/aH+EXj2/wDhp491C0+Gngy6vNe1rw5Frb6XDfXEdtPLJb2uySN2YqHL/eVioBBJra/bPh8VQ6F+zPca5q+o32gxfDmGUG5aUoIJkQmCFW4eNSACy/KcDGBgV9heC/jzoH7G/wCwlo3iFdCub3UvilqWsaba6WkjW9reW+owTR2+oXMylSVt1YlFZsdVbIGD+5ZZw1luJ4KxOJjWi8bToYenVbqRgo0q8earUbi42VKkp2u2nJJbaL6DhqderRyjD16EoUqiqypQfsqtapUo2VOMLx5XGtUs7WvFS8kz+b/xZdXHh2G50XUr++v7BNXvo76wuJ3eOO8t7h4pdoJw5DoR5gGG68nOfB9anim1CO7swlvDEYxDDMMbk3ElgQQeQRnA6df4cenfErxFZeIryWS3swt9e6peXrzxEvGxnuHl2vywVkLbOOcc9SceKatGHxG85WeUiNUkAVYyu0cE/c7AHjrt6iv4A4hwNLDZzj6VGfPTVeajUuvfino21rs9L6Lrof2NwRlVSGGpVa9D2FWdKlKUEklBunFuL+JabaaN9dGY+oajHJesI3VZIHOHyfLwwJwp+6u30GMfMBwCTxupG4uJzdgnEhdQ/ADKBweAAGO3gkjPQg5IXo4tAmvNQW3RwqySKLmTflY15AYA/Ukjr1FXdU01LGCSB54ZYIJMwspBWQr83OeSDsOcE4zjOevmRqwpSjB3T0tdW0dl5Ld62V9NrWt+tYam6KTinJWStHSyai2r+6m7J2Su0k9bI4zyrqaFJ7i0LoI2VGDA7VUAl2C9AACQAAxHB468pqslpNGEiMmYlLl23fOR1ViThgDnjPpkcmvRbG8gImEwdIXyEQDhmQNmMcY2tkA4wCO4H3e3+CP7O/ij9ovxFqPh/wAH6lpOl39tcQpDZ6tdxWX2tp3CRQWjTMoZ5G4YDOMclecdEcdQw0alXEuNOnSXNOUrJQiuVy1TX32stfU9LB1YuqouUVJv3U7Jt3i2ldrXVeia36fNSJcjy5xEywSSDCnOxlwOp6KCe24gnPbmupk1AJYwQLEGZm+8f4ATghPRRwBz1A6Yr9Jv2nf+CZPxq/Zc+GGj/Ebxvd+H7rQprm2sL+w026jub7Tr2cB1imRHdnUq4O9V2kEc8Zr829Q0pooxL82HJaNSSpx/AApwfQgYBAznrzWXZ3l2bU5VcFiIVqUKkqXOk01KLSk1flaaeiabT0tdWPXn7skqia2smkntF3W6fXVX6aJpGjZaiYTsWVVyeXGAQMYKkA5zgEZJzwO3zV0eka7JaTfJA1zllETruIkO4HawBGRyRnAJOc5AOfNxALSATTJI0km/KZI6jPXGTknLc5JOOuSNOxvZbOyVomd5HBUpjBRQzEAHorDJ54xgZP3SPTnho1Lab211b1s76t66O62ba1OihOMG23pJa3d39m173V9Nba6W6Houra6ttaTaigaO8SXf5LY8rcmSDzn5hjnaT2I5zVTTZLrxV9nu4oUEyrm6kRSgdnbCgZ+9nIxtO4Hp1XHi2uahqDXBeS5JiRV2xMSVbOeoU4bA6kg9zjjFesfDnxKn2SDSpIkguHkR45+cHDcEn0JBwCOcZ5OK0+oRpUeaEbuPK9norJ6Pp1XTz122uqnL5q9raraSttZu3otjvk8MPZMLu7jlDKm2deCFPKrgjBByAcHv3OCD23g7X9e8A6tovizw3ql/pV9o+oRahp13YyvHc2l1C6tHKjKTIoVgucHB4XsK1yk12fs8oKq0eYp0BKXRKEHqcYGeoPAOOpArj9Yt73RYJysZMLRlHZiZFSQknA4IGSck5JA4/wB7hpynTqO0XzXd5tX5dY6rbbTrvZl+y5bNJpJuz210TT3Vno2tFrfW6Z9r6x+2R8QfjL8RdE8U/EzUE1a80eDT7O6nvo41F/YWUkbSxsxUM1xcxph3YnJYk9RX6M/G74t/An4g+Dvhv8cv2YtUt/DPxT+HmnqnjXwfFNHZ2t1aW+1PMS2YBb+Z5tqyRqH3xsSV4xX8566/PPItq06QzQI5Mykhm44VSD8zBSCCeSep5Fdf4O1y9iv4oobu7glYMqLCzRC6ZCHUSqmwMpIG7OQDnHNexSzKdKjOlWpwqRnpzyilNOPLtLe+zs79bWuXTxElJxhOSTurXcdnBSVtevRX7Kx+7HhTxV8Nv2tBANdttN+GvxeuIXjWcyR2Ph7xHeLwokjcLHbXbsNpBYZJyMjIHhHjf4Q+NvCGuX+iajoEjyWbshniLT2k4QELLbXMYaJ42GCuwkZ57kn4h8YXnxFt4/DWtXyT2Mc6pJFcaTlC8duQEuGmgI8qYYyW4bI+Ykjn6F8BftzfF7wZp1p4MjuNH8VaOL61uw/iaGG9vVETqGha9mRpdhX5NpcqeOg4Hn5jWc8HWr4OCliVCThDm5VOdlaDsnZN7trTuz06NePL7OqnLRNN2bbai0rK+l9+a9rooXPgvxOyTTpo2slEZw8VtY3EwUn7u11jLEg4HQk89MknlX8KeJrdWkudB1Xed+XuLC6i2dw0mVG3I43DBHfIAx+mug/t5eIfFAuW0TQvh9oT2umxLdaZHpNk73F5EAAluWjZWkkPJZe+AecAfWX7Nfjv48ftAXv9m6J8MvBniT/TYk1KG+0OzihMAYBoHnFuAZHXIEatuHGehr+W+L/FfivhpV6ma5JQo4ajJxdR43kco3SjyJxs5SWkYp3bel7HZRo0MTP2VNzcmtYwjffl1ST7PTte9r2P5qPiDBdrEY7iCWO2iLxKnzZ84EZOHwxxztVl69Buwa8WnNlp1lJzHGyZO6dAJJFbBKg8EcZxx8pJ7Ak/2mftNf8ABJjw98Wvh/42+I+oeG9K+EHivwfoM+snTtKdRpF5cWsBmlWW342bwpG4EAE85br/ABw/Erw1BHqd9bvtnjhvriyV7dAY3NrLJFvAAAIYrkEZ4Oc9CfY8OuP8DxtSq1KVGthq1J0/a0sQpRknNe7JS+3F2000ad9rHzuc5dPCVVzOLUnpK7Tv7qadnv3Ti+173R4lqF/e6isNnpyr5hlB2gl5VD4w4cDCcEEdx145NdRDbX2iaTNNq2rGaXLZs5pDIg3KCrYyMk/KEGMDgdqpabDJplyZRbuZSWiiVlABiH8YPqAPQcZ7tXOeJbm6nMrRpgq+3yy24jk7mffznGSDjpg96/XnQVacKVPljBWlKVryukopaL3V2V1dbaI+eq3fuxel1Zq97WV21buruz1a93Q1BrNsLJkgK3E8rlFC5BQk4YBc8LyckjON3BPXHS7v7XVrNGk8xJAomRBkbWI+RkX7uMHJJO4jOcFq5PTjKHYwK7ztKqoQC4jySCORkjPc/VsV7hpngtcRahd3TSXkkOZoIlDOvBJ4/hwOjAY9egzpiKWHwdN87u2lzWmrtaN9Lt3Sule97LW6fHGk4TberlypR5lotN7u7fMtn3u3od2k+imxtpVnito38tWZVCyiUDDBkJAdSTjKjcDnkd/NPFkejDUoY4bf7SJGR/OAUugPUKBjjO4Ywckng9K6bUlsVtYLN4Hs51jZhK/z7kAO1sMcCRgudxyRj/axXnUdi1vMb67lmY+dtjJbfGylgAd2dvQEgdjjI5OPLy7DRg3VhWqLmba95pKzjJ7vVvS3z32elHCNT5otpp3sn8O10r8qd20l5f3tV2VvHY2cIhUhLUgTyhl3yOqgZG7HBAzjGDuGBu5FeV+Ob3QNatntrSEPJbuRF5amJnKgjcCAC+MfMQRnAAAzXq7nTrbTpPOYyrKBNmQMrPlRlY2J6jocdOgPQ151DZ6V9ourzmN4MmKCRVaLDksSz9MjIOc/LkDGa9PL+eFaVZuV1KNrapttW1bvbS1lfW+nftScLPVpW2a026306uyVm+qTsfOF1aXunzSCeOaNid8YBz8rHjC8DgbcEc9QT1aty106C6g814nkJZDLKpG5DgMFUEEk5IJIwRjJ4Bq147aX7Ur20UscMgOGILAkEnIIztU4AXdkD1yM1haXq9xZvDG3l+W+GPdWZO4GdpPYjJz7c4+3pVHUpRls+W0vLaya269+jtvdejFqdJTVnZb22u0l9+m9mlqtWddcpBbPBHG+0eSCkSAxsxA4L45Pr0H5AisJJFuLlvOZkkMgCHdlAqf3v7rADnplRyM4rcCwahcw3JYSuQAxibaEkz8qFDuKjO4DdwSNuRzW5Fp2nSo0AUG4n5aSRQDCRgFs5wRz1655z0Fc86qi3GWqbs9Nbe73vdpN3Wlney0SSi0laSvffTv2V+q03Xp1erps7XFuyxCIvDEAsqtzFtbl2Kfec44IP3eeRyrtOh1sakpiZZZJtzAu5ZWRW3bnGSuQnYc4xk7unnF2l5oc11DBeupdgAUYEOgPt8owMLgjoMBicV1WkatdaeqXVwocSRMVQsTLKcYVhyMc7coOMdcAZrkqYbmjzRfMpWte7au07J9t9erTSF7P0t8S1u1flSV076b6LfRdh+tWph1VnieCe4njDTDaN6nJ3ZKj5CMEdQCQCO1Zb3bJIkoildLXAkTACnPGM4ztzyM7iehHNVnuGub43GGhaYuzPI4zGSxJUk87eg7Y471uWLieZIrhlEO0xzFFAZlAyNwPJ5PBJPGBngit4RdOmuZr3Vq3d22u9H69Fe7tYv3YRUpOyum2n5x1ta60vZbrW7s0TWer395Is2mxXJW3IDpgsELc5xt+VQRxx68V738P5daubxIr++MQl8tCZcedCNu7KknAOcBSeQeuTkVz+gWGlaZpWRCEmnfesicuyc/MOwfA3bW3DoBk813H2i1NuJo0KTiMCF4lCs20AEOcZy2Mljk9uor5fNsVTqRlThBc2nvys7N2s+r2aundb2S1T5Z4yEWlTir2Tsr7u3by8tG2r6K/vcJ8S6XbRx2Gt30Amcm3e1vHhkdHGJDJtIYsVBGeRgHjJIOD4j+HF1qFquox6o7Xhgd0F1IJ3MxG8qZTmQsTyAWY5Axt7ee2ni+9gS3hlZwkpSMNOS80O0EApzwDyQwGD2ziuuj8W3Fm8UrXEc/mAqsTsTvUcKzKflVgSASB05xljn5CpjswwzToTfLF/DZK0U4pNSV+a+lvVdTkrYqrUklzSskko32s0r30u2ml633ueTNaeJPD9wvnC5jmfISbc6puAIAVQDgEcZIHBPAr0jRPGM8cIttcDXMNwpULKAyhx94HIJAzjBBI9eG47OKca3HFLcR2txM6BUhYqTG24BWBJVcHkEksfxrjPE/hWRoZ7iNltplYiOMAiOSVgSXQnnIIONoAycgZbFfQZTxRNyVHERUZ3UZwa3a5b6NtNvr6mDqy571EotPR6ptqzd137K9231aZevvA+m+IkGpeG2Fteg5eCTiMscsEUHueQueMgHvivKtSs7nRb77PqLTWdyjFJcoyoQCxyrH5SJCflJPTOPbb0PxBq/h7URHcSssERTeGBIkCkE4IOAcZKj+IccEAn6FRPB3xS0WfTr6KK11FLVpbTUFi/eCVEbCSMMNlmAAz3JxjAx9v/ZuFzSl7Wi0qrs3DZN+7v59dld3vdWOuhjakJqE2pQl1lfmW3L130te/Szsnd/J198RdZ00fY4tUu57MuF+zySsIyqg4XBbnnjg4yMkccY03itNVgvYLiMQPLC026M8FgBwx6bTgH1xnkd/P/G1jeaDrd/Y3TEiyuZkwylUdUZkR13jcQ4xhsY6dMkDj7XVJxc5VwsTMAwORlRnOCSCFGc7Qcc4x1qaWAeHSjZpRaW0Xs4NPrpvFNvbfQ9mnCnNqfpZpLVPltqnrvfdei2Ld3cgzb2LbPNcBTkEAHAU5xnkHb8uMccjmrmk30seoxNGJACwMSjqH/wCWbqu37w/HnBG7JzzN1ctLdSOCFCPuAbBU8dRnA29xx7DjJHofgK20u91y0n1K+FtFAhkMcaBg0q8IpA4O7hST046tzXROpThRlzuy7NX6xu7Xtu3ay23OmFNzlGMb2undrVq8dW7tW7b3u9eo3xjc6jHBFJfTTSy3UTF43lzhV+6QOQA3BY4AzwARXkMd2yF97gq3K85KgcjHZgPlOc5OdwB7eo/Ey4kfxLLaW8E1taJGqW6SqxLxtz5mWwdrnlcEgKxxxgV5g9mythjvZMghcMQp6k8YB6jnHfHGK68PODowcZNtxTS0Vr2b0Xru36bK2VRShOUZLZ2vtu7W6ta27t3v5Fq1v5FmaZ9rK4yp2jjopIOeCueMdeSccEbS63BlYJnGUHyOg3MpY9QTuz1xg565AIArlQhR5IlIClCPmOcjHAO0gLz6EZ7kkHEf2c5Vw275xjBIGc8IW6gehYjt0ypqZxhNpNrdvdN3922lmmtrp2fqrmUUmvW6d1ZbrRW7O1u66nqUFzHcQQopZm8wEEthjyGw3PAHHygHrjtmv0Z+CHwRl179mH4ofF2bVU0y40TWLPRtNs5Z1CXgcq0v7sneZArEKvO5RgH7tfmboEEEzks0huJIysSrgkbcfNgfdKjjdjIxxjmvsL4W+JvEen/B/wCIGlf29fLoMN/aXFxpDCVYJrzcqpMASEYopGSuSQDnsK+bz2NSNKisNVjTmsTRbta8qfPHmguqbX+Tb0PXyinTlVq+1hz0/ZVOVqztLkTUtu/R7Lz1X0l8ELrU5Rqemy3d1PaWcVs8NtIzNBby5AZolJYKCxLYUD5RyM19TaOZGvBjcXRgTkYB2k5OQO2AT03dOhFfI/7NmuJfX+rw+Ykjy29szNt+6oC55JzjoeO4wBxmvs7T4gLoiNt2GySBzj3A4OecYzyD3Nfr/AcqrwvO4prnSu9W7JaPq9L3V3ZW2vc+dzPSaUdGna1td1ZbX0sldbp26nu3hi5mZIlZlXYinncAeNuPc9jn7oI6cGvzz/br+K1/4O+KvgG8i0+11A6LpQuba3u+YZmSdGKOvGOQGB4+6OoAx+gvh5G8lUYqP3fcEsdx6gjt8wHbGO4Ga/J//gohJEfij4dsnTc48PkbjztZ5AVYDB5Jx7Dk8Eg19NxdO2VSaaSc4K+yaato303se7k9Wbwc5OXvQ5XrZ22tporKzba31PcdC/4KSeHdX8NyeFfHnwitL+/exZbS8sp18q3ZwFRjA+4rs68YYjOO5ryD4g+IZPF2gW/jvwrpXhy00qyhf+07PTdViOpuqnIM2nlxKsydC54Jz0zx+eujQata3YvYZIlkhDqwID7FJIKkHqWTPByByPrsXM8lpdie3vru0lnIaSKN3SCU5ywljUhWVucE52gnAxX4vGvWw1bnw9SUZPqm+VK8eiVt++o8XRpY+lKnjacK0JXspxT+Kz878rumrad0tT6X0742wWtpDsZobhyIWt5Nwd1BwoY8YfBxjGc5z0LD07R/i9b3SrFfQxzn5SB8quABnkkkjgE4GMkAHk4r8+ddnu7u8S43wmRGjyImKdP48A8t3yM8n/arq7HWL/R0huGk+0u2A6EB/lznZwSR6k5JJ4HWvrMBxbmeEjG9ed48qvre/u6NaO+itprpdXPy7PfDHIsyk5QwkItq8kl7tlbWyTt72vTpv0/XP4RftHeLfhzrNprHwy+I/iLwXqcEiTRxWWpXMNsXjYZEsHmLEyk9iDjAAyQa/bv4J/8ABcT4yeH9PtPC37Qfg7w58bfCLJHbXF3qFpaz6k1ucI+ZJIZQG8vJBC4YgA4zg/yL+HviBZtMr6h/oqkqm9R88ZBCg47KP4sj5cbicE17to3iy4CBtF1ozqRuMMkueoGThiQowSMYIU8duPv8s4+w+IVKnmuHo4qNknKS/eQtytOFVNVINW05ZRafyt+PZx4M4vCfWMRkONr4Gq5Sfs43dGpbl92VP3qc4u20oS7bn9nujXX/AASS/bphFxp2op+zz8TdQjwYWuV07TzfyggBmm2QSKZyPlRkxjj28K+Nv/BGr4x+HdKuvEXwh1jw78Z/Ccwae0utAvLd9SaAAsrJFFI7TMVxkgDnPPHH8tmhfExobuE3cUkE6EBri3JiaMq3yyLIu0rIGySVbcT15Ga/Q/8AZ6/4KF/tH/Aq8tZvhh8YvEVpZwFRJouq38t/p8qg5MbQXbSgQtgAhMfL0GQSPtMJnuFxDh/ZmaU5QklfL81UcRTesfdhXusRBdpSlUteySsj81xvDOd5LHnzrJ6zkpXjmuRt4avFpr95Vw1pYWqtnJJUXLV6N2el4/8Agh43+G+sHRPF/hbxF4VvbYlHh1XTbu3VXRjnY0qhXTIJBIJ6kNztKeHtc+IHhGC6Gg6/qVrBcwm3uo7S7laGeJsh45bdnaLDDgqqj1Ht+vfw8/4LZeD/AImWNt4X/a+/Z+8J/EDTJUW3vPEmi2lqmo4cBHuHLxGct1dljdckZAHGPabL4Cf8Exf2tE+1fA34xD4NeLtQDSp4c8Q3UdnYi4lGRbrFdOruFbK/KwGORgYIvMMs4fzWjKnnWRRtJNvE4WnDHYZtcrUvch7WDW75qacW7Xumepw5xpn+VVlLKeJfaJWisLj3PL8ZvFuPLVl9Xm9bPlqvyR+a/gr9uDxFoHhvQvBXjz4ceFPHGgaPbrZWstzp0EGqRwMQSrzsg3MuWJwck4OcYz5l8UdZ+Bfxc+Kfw6Twh4dufh9oevatp1t44Z5gBYRyzKtxd28hBjWKLk54wAM4xmvvn4v/APBJv9o/4f28mteGrDQfi54QVTJbat4TuopruSDBMcq2EbPPLxggqME+4r87PEXwj8QeFL24sdf0fV/DmqW8hi+w63ps9jIpViCF82MdG4BJBGT3w1fmVXwW4eqTxOYcMYypg69eNRSjh8RN04ymkuZ4ZycYTi3zL92rW8j9wyzx5zWnGjguJcPCtTpum061GMW1Fxa5a0Vaamk1pKSafoz9MfHH/BK/Q77whceK/gV8W/C3jiy2xTW+lyX1tPfZaFHMTXKSrtI3AbWQcgn5iDX5h6h8D/if4X1nVF1LwhrkkPhiS8h1vULHTprmx09oVJDTXCKV8kj5hIGxhTgA4A2/DviH4mfDxrZ/C3ibXtJeJxMiWGoTvaF8jGbUyGMg8Z3KcDOQcg19kfDL9vP4o+CNE8X6F4i0jQvGNv41002GqS6tYwi8DPEYXlLPGEyFODuBIYE5xhq/Hcz4G8VuEXWqUsRS4lwfPzRjOP1fFwp3jeMWvcqStte27ta5+65Dx94ecV0qcFF5RjJcqUlNSoybcbNq91az1XfW2iPy3kgF3ZTWk8cN4088oi8oqZgC5IXpuVwcEjPA6gkMa828VeHrfRbCW/s2u7W8iUhYo9ytLM5IAYZI+XqRgZB6+v7aaZbf8E//AIqeHPDOn+INA134TfEdPPXUdc012fSJ72Xc/wBslGPLCh+VQYHy4HJr5A079jnx58Y9Q8f3Hwu2+M/DXgHW57XTtQmvILZ9dtyTsnit22yFUUAqASHIGByBXmZdx5dYijn+VY7I62CUI1njaDhSkpOMb0q/8Oavo0ndaXWrPpq3CzrTp1Mpx2GzOnWbdNUJxdT7Mtad3KOjvru1e6Z+Zuj+PdVi06VvEGnRXEUMxijkgAivYwpCruIO5iBk8DHXG0kkem+GfEPhzVLO7s31eWK3vYcyxarEJ45FIG6BnccYIIwSRnPGMk994+/Z31/wpqsuk69pGs+H9URTLNb39lKkDSD5iY5NgjkRiOGBOQM55FfN/jXRb7w61haRW5SCQsLy9hVmRlDY3nauQ+04IwOSdvv93gMwy/MMNSxWCxFCvSSjJcs1K7ajf4X2d30t6HzWMy3HYKrUo4rD1aUl7tpxaafwtt2Wuqflu3rc900f9nf4eeMbmadrWLS4zZTPDrOnstxGlwsZkQ/Z0yQrsABjO0HpknHR/DHwZafDLXTqGg34fWIIvJh1lFOmX9kI5lZ5LWQkESug2Ek5bJ54IrjPhFp13a6PdXUurXkZuLnNnGJ3AkhXgEIDjJXLY28A9K9Q1DztQSW1a4Qxuoi81lCTJuOwlHTDGRueSe2Rg9ezGYdZlQjQqLnp1E+ePNFuSbjo1daJLR63vrsVhZTwsFUp81OpDlcZJxvpy2a25ddr82ruemeOfE+p/E3wJr/w7PjabXNA1K6F/faTrN4szDU2yPNLbt37sgkAEBic4NcV+zZ8GrL4dfFrwf4z1vTfP0rw22+azt5YmTUYejEwuGWRQMjYwOQRn3+cdP8ACOqaXqusixu5rho7oSExSvvWNssGLKwBYgjjrkcH19d0bxv4r0BYDFfXCtGiqY7sbgcMPl3EZAx6NkjIbkE18rm/C1CWWV8swcVgo4qnOnUhTSi/3icJOMopNStb3rPXzPTw+c4iGIpYys3XlRkpRVRXtyyuorq1ZK621d+tv3n1T4R/sYfHO9m8Z6nDZeA/Fl/ZQw2f2Vl0tkuYkBMk8i7BubAbMewblX615vefAf8Aaj+HF/b+MvgB8br/AFnw9aPstdNk1Rp4xaRkolvsuZZTcOFxgRgHG0LzX5saF+0jNb2UGna7otpeIh2tc277bmIkYLKSCQcjJCjg7gMGvqr4N/tPeGrOey0pPiFP4Xt0l+2yx6nMxtxKvzpARISg3kFG2rgsR+H8vZ74Q8aZTWlLKM1njsCpSnLL80pRxmFmpNPkjNp1Kd+lrOPz0/V8Dx/lM6VN47DQpVGklUoXhJNpLVbS11V9u1j0i6/bo8V3cWp/CD9rX4FaT4y0Ow1ZH1PxDJo32fVJ4QSZrgu8bTum0H54ZFB/h2jGOrtf2X/+CcH7WUyyfCD4hXvwd117ZZP7N1S4W00uG5YfNCYLk+YwD9QHAK5K9sUNF+OmjfEjxh4hvfFNjoWtWdwf7Pjf7PZut9ZAMqzCV0JG8Lu4IOCCSQWr2bwh8Hf2UPGthc2Njpun+DfEF1BcRT3geW1hF3JkRTwSI6ESIT8pz1PQZNeZVz3OOC3h2smzfJmlTjicTlsp18BKSUeZvDVE+WnJ3vy62tHfQ3jTyDiBzlUxmHrzkn7KnV5Y1FazjFStutFZ9V5nwf8AtL/8EsfjF+z/AOAte+LHhXx14U+IHw98NxpPf3mj6hbpfJaMR5U8doJ2luAylcBBnLdM/e/H74++EfjD4c8NeCr/AMe/DvxL4X8O+KlXU/Cmtanptxb2viCDIKTWMkigSB9w2Ek8DgAnA/Xf43/sTftV6NPq1v8ADH4vaz44+GuoPtl8NW/iC4CxQwv5kAktrieVZ0Rwi7FQqVzwRnPwZ+2p+1F+0/478IfCz9nv4u2Pn6N8HSLfTl/s1LPULWS0VUtUuLnywGtgAMeWVWTqRjOf3TgrxJlnsMNRp5ng8xdTllWSToYmjTSX8ShJRcZc3LF+7Ztp+Z+e8Q8N0cFKpKFKrQir8qdpU6nw25Grq2z+a6K5+a3xE+Kfimw0SG18PnUbC60MRi6kYtEFjIwoJGC4ABBAz16+n0f8FPiDP4j8FW1+9hJbT28MEF9e2khR7i6ZyWnJzuLMQNw7ADg18UfEjX9a8Wajdx2Fsulz2sMdtqMMkeyO+KhgZA4ADthRnjccHBxkN758FvFlr4b8Irb3ESyI1tMl1AxCKLpcASxqT83zfdYZXsOTX7TDMKqdOpT1muVrlbcG/d97rZp/Ffy1s7r4WEYupKFT+G043lGyTXLqrap3dnvtfU/a74Y/Hbwr408B2ng68u9N0zxn4fNvaWQu4hBPfInIc3ZILM4wGYkljwCOlfNHx7+MGr+HdY0u606F5Fa6nspDGGeJJEVVl8p+Q+du4Z3sOcdjXzl4S8V+GL7w9BqNrbv/AMJOmsoDeK6rLbQqf3YJ3fvY2b733jj269R8UINR1Hwp4US6u4Uujr97LPPG0ZZUkRSruuM7NhGfQ7u4xX1GdZ5SzzIqWEqZfShjqXIpYmEVFzi7KKk1q20rNq+/oefhcmWFxksVSqt0qtmqd24RkmntzJX3Wu2yeiL9r418DeKnjl1600jVbwq/2i1ubZYLj5sll81QuSMtyQo56YzWmvwv8Aaux1DTRd+G47pSbdbRlurHcMsolRcERgZOD0CnkryOQ+HXwg03VLrWNZvNThup44j9mjikR7eVyACHiQhwwGFJHfJyccYXxF/trwBozmw1Pas9x5EUKs4MIlJGVBJ4UfT1DMQRXwkOG8xo03iYOdGFlNWm9Yx5Xdeuuzu7Lo0e85QjGPOqbfTVqTaSbb1e/a+nTexia/8ABTxVeanCngu/0fXbuWSSOWKykFnePGXI2+SXBdznBXqWOOOlQyQeMPhgwsPFHg/xFpc9uUl8+a1u4rOZ1YfKzkbNmV6jjaeSBiuY+HHxE15NSvrt7l4pdLCeTeRHbdlychkZSDuVhkEgjHpmvuzwz+1Tez6fZaPr8GmeKbVRFbz2viaxgllmUkBkS4mTcC2Sc7sjGc888OY0c8pYenPCQhjIy+OlJyhUUVy/DJJxbbXVLX5XqlLB1W3WqSpyjZwk9dfdT926Sfmm+jPllfjCniDTrvTm0uS2OwNNcLNIl1FGVIdVy+45GSuDz1IxXmwfQGdkhv8AVkmiLTj55ZFCt180Z5cE/Kc4Jxx0z9x6t8NvgZ8StYlvhp8nw91bUFaRJtGvEbSjMefniLHahYhmVdvcjPJr578c/ss/FHw1qdzqfgLWdF8b6TNEY0toJ4obxo2O1QsLAu7KeQo69OuM45Xm1alONOuq+ClCSUqdRSUL6K6krwerte/TW9znxdG7cozjiIz5feWsktGrpJaKOyXW+9rn098PLTwj4j8G6LDbvazGfTZINUiWYC4e5QErcXBJAMgAyFHbOBnBPEa98G9StkutU0/TzNpxjmEEts293aNTj5Rkj5Bu6Nk8dcZ+RvDp+J/gS/fRvEOia34c+aSSW5FrcIiuc4WNgrIyEHHAK+x619W/Bb4ua5fXV5oVxfTXFpZwyyb7kM6xyFCAdxwCGfggrypwTiunNcuqY2TxtLFyqOq1aPMmrx5bpNbppPS2t1Z2en2vDHEFLB4eOExFB2g9JLS0kl030T126H7Xf8EATYaP4/8Ajn/aNwthrFxollbwQXCmOORPOXaSGBAcnG4Zz3x2Gp/wWN8X2vi3486Ja2VjcTnwn4YTT9Qu0ika2SSRsgo4AR1C7SCH9AASBj9J/wDgjN8NPC9l+zZqHj2fwbpl7428UeLry4e7liQTXVlZhkiC3PBW3LqHaMtt3ckHqKf/AAUq8WfB3UP2ZPi1ea9ovhbR/HsetR2KM1tDDqNnLG/lh9Ou12yXJZAC0akjdkYOBXzNDwwzTOsxqZhhqslGnRi50uVu02laU2m7JtP3rKzbPPzPxZyHK84oZfiYR+tYyU8PhnKrFOooODmqSslKSbTlG6aW2zP5KbpDA7SmTcpDhI1yr5wfmGCTu56Hkj04NVfD+qXY1MR7ZbeCMCQtljuyc/PgkFXPXA+Y9B0A+U/FvxU8RaNrOqjSgtzBbztFaS3b5aSOIZ87YBjkY4C5ySCe1eaeE/2gPHz+LtPuby6gk0+fVIbW5sWTP+jySKpYAJ90bic5znIPGc8WacAZlQwtWdZRuk47813FdNIq67J3aS6WR9Vl/EuHqVqcoJqMpRSas+X4d9Xa27SfS/r+yWh6ityYdpdZDs3dhjGCyj7pbn8RkEHkV7n4W8da/wCBFa58K6obW5knjkeORwqyFeSjgghlLYPckDBAJwfKvDPgqbWPDUPiOyu1kMsEM5S0w8caFVYpLIPljk2liVbsMgkg19Z/s7/D/wCCviqcXHxB8YR29/b3A+zaNJIIYriSN1AWV3OCu5j5gDYI3EnoK/IMHkVfE46ph6eEm5xb1UGlpZaadl3u7dLtP9IWJp0IUq/1hKVRq37xXlzKPRN691dW+dj6u+B37UXijxXc2nh/xboM815KP3WqWFvIbUdBumKqVBUYJ5PJ+lfYr+KJH3HPmKjDaykKw34IDA/MGHTkdjnvXIz3PhTwpo8Nh4T0zQLa3gRUinso4JJJUK53CcAswIweWJJ55wK8vvvEbAPIJYopnbLruOG5J5IGe68DGMjoDkdmJoLAScLtzg0pRtazXKrXbs2uuzavbS593lVOtiqClWSlGcU4yuryTt1vZN2el31te1j3CbXXKlnZm27v3TOVPIJypBJABK89ODyTWHfazaTwMjozbyQSSSM+mTjpjPrgZyvWvFZ/GN7GoCMjDIGATk+3dtvQ446YPUmvCPjN+1D8P/g14YufEPjvXLbSbWIObe1jlX7feyoGHl21vkSSlsA5UcZ7d/Qy7H1684YehRlVq1LJRUbtt8tlt00va53VsNh8HQeIrz9hTpx5nOb5YqKSbTemi3sr6vRJ2PbfHV5Yx27+U8JKqxKSgKOcbiSwyF78kA4BPIr8gPjHd+GJPj14aksdV02S6s2t5tYjgaOZzGLmMmIsrMAdvG04zn2JPxT+0R/wVI8RfET+1vD3w0hm8O6BcBrZNXuTjUnRt2WUrzGGToMEjOckjFN/YJ8J6T8bZPiVqvifxnDDr+gaXNqmntrGsRWd3q9/bMsy28T3UgbyS4wwjYEg4Wv6o8DeBqtLP6OaZpVp4ZezlONJtXSaTirPTmb26t36LX8M8QePMHicDWwGAjKtBNJ11dRUlZJQjZt929E/Tb+6nw5pHwR8V/CPwzqXibTNF/sa28L6KLqXU4YxPOotA26J5AMojgsygYIyDgcDwT4IXHgKf9rfTLn4eaZY2Ph+bwXfpb3mnhUtrxY98YmSMbcHK7Hzg5GCMZx8C+Nv27/gXpnwb+FPww1/xbo+jfESHw7p0Go2T3amxjTT42j8m4njkCnzQoJZiSdwJbnn1H9gP4iaD4w+PvgW80m/0ye3n8Ga3GYtLuo5reMq8rIQqNhFfIZcnLk4PQV+25nlOMwfDWe4uriMTVhVxFenSw8pv2UYc7cZqCd1zWVn3d9VqfmfCFfEVsbiqDU4p4HEVFFOSjflg17re+vVWTTXXX94fGnhI+LvAvijw3vWJte0K/0lZHAcJ9sieNXKsMYBbkZ9elfCfwJ/Y/0r9nz4P3Xgu7lt9X1a81bUNWutRW3XbIL24aVBwA2IVYAEtgbeeOn6UWcsUltDG2AzqNwwCGHJ4yDuU8jqBjrjkjxj4z+Irfwn4M8Q63K/lfYdMvGikUbiriF/LbYc5+brjsME5r8y4OzrOaFelkmX1HTpZljsLzRgvenU5owg93KTV7Nb9LNPT14cQY3K8Hj6cKk4YdJ1KyTfM/ZxvKL0vqlqk+trbH54eK/CPgt5JtO1PUvDTRATRSWN7FZYmjLMJ2uxINwCjO3J9Tk8kflBqX7I3wk+N/7VPjDwjrfgvRb74d2XhddRtrnSblBbx6mylJHgELBFYAZIjxjOTuGK8o+NPj46tquutrnifVrC51G6u7nz7O6mWaaK4kdYoo1V8RqoIyAoxnGMdfCfgJ+0nH8F/iRf6+NUl1y3nsI9Fkg1G+KzpbzTFGkkRmy7xht+7GNuBxzX+pHCnhLxdlPC2aZlgM4xOIzKpksvYYeVOahGrUVKo5RqTm/ejFOMbxVmt07o/wAvvE3xpynizi2hkLyrFYSlh83aq4uHM/a0otwnGSglpUbvdtaxu3c/Jn/grn+y3o37NXx40rw98PNEvk8J61oSX2lyeQ7SRlZCkkJfGJVLZwck4A5PNfktN4R8V27Q3Z8Pa4dy71IsJwuwgHIJjOQQTg44zkkEkn+ur9rn4heCP2h/j94Cl1HQ49R0jSvCsVvavfeW0KXM53ysCygSRRFt5ZuDnPBGay7rwd8JoZl05LzwhcyQwRwfYHhsC+WQKVXCggLnGR3znGMj+DvGnP8AH4HNYUcfCVTMFSpLGe6uaNdRjCabsk5O3M9lrvqj+6PBfhbDY3hPB4uOInCmor2Kqx96cFZwb5/ebSd9XdqN3e93/IHfzeI/MneddQjeM+UBcRujoqnGwFxkKAfu9zySSMDh72e9vftKXImBYhVVVY5YfKW2heWHJJ7Z5HAFf1T/ABt/ZN8IeM9LMel+B9JWe7jkNvNYCCF5ZCuY5VaJV4yd2RjpjjANfmX8E/8Agmd8VPjv8WPEng3wjpq2Nj4Qvd/iXV7qWNYLCykfahUHO9lJ2EgkjBbtX45hcRRzNxUYOMpcvPJq1m1F2d00209dXdWP1vGcP4qjSvTk6sNm1F21Su38pa99D8otO02ZI7aOJHilZGDmUFSoI5BXAyMZP4DAycV9qeBfhX8TPB/wci+OsD20/wAPE1kaffQOxd5ZUKxtJ5ZbdtDkKcDAPA4Nfpl8V/8AglBafA7T9Z1DxN8QNKupjpTPpFswLzTXCg8W6qcsQeAeQcfxZ45rxl4Gvrj9iH/hXWhRkt4ba51LUEgR0a+nlu1ddwPyhgBzkMdvHAya+mxWWxp4dSU2moXhyySvJOHKra6NKTtZPTXQjJ8qxlKo5qEoqLbTi7c3KklsveT7XbXSx8Z+Gfjr4P1KOW2i1G40Odx5LgTSRo+c742ZjtZMEgfL8oJ9eG3vhbwP4oDzibTbwXTlz5dwgufOZurtn5zzkk4JGAoJJB+RR8NfFMMrq+mXcc8nzpHJAeGJyxUgA45GAOvGSCBh9v4I+IFjcgQ2eqQzhg0RgEhQnG4Hr8rYHAHYgDqWr5yUqyacqbm21KStZttpJ6p2bXS36M+vpTxE4pV8MpNWvZWb+HSzTumunn8z37VvgJZzur6NqEkEm4+XBMC0TsQSFVgQGXGSBzheTnpWcn7O/jq1Ed59givrcKxEaOm4477OWGOAAeOecYGPOLXxn8SfDVxEtzPqZ8hwUjuoXZQ0YPykkZ/hPAIzgrz0H1p4E/aFS2tdKfxHCiahMdrISwjdRxjaMBTzwSMKcsRxxDq0lKTnBwaei2V/dV5J3u038Nkn5JHo5dRoSrwcoOm1OMtfhXK4JXve7VlvZddzrfhh4d1jwz4d1eHUtMuba4u7GWIR5IAiVCMbcHopU9MjkbWXp+xf/BGnwXdeJ/2gvDsNvIIotO0m+nvdyESfZ/MA3KzAc5BxgAc5BGK/K4/GbwvqiX0YJhd7WYqsZV1Yyr0YEN1Iz1KgjHy5Of2e/wCCD3iDTo/2j5bW4nE8994c1I2ibQVVQ4YhmxhQqg9uSBnjr+I+LODpV8vp06lWLpV50qc7WVk6kY2tsm3o9L3Wmqu/7X8OeJsRQ8NeNaGEcZ1MDw7jHRilq704puzTtbV9tr7u39nNj52haTYQFHmt7eBVLuRgxKBiUnj5jx1+8BngYA/OP/gp1P481H9mXxRZ+BNLv/Eba3Kkeq6Vo8Dz3o0gqftUiRoGYqqopcAYwSMYJFfUXxe+J11p+mR6JoRna+hkh+3FMbVhVgGCkk5yNuACcg85ANdFdapDN4Hjn1r7Nm40gNJuCrtSSPLqd4ALAYDZX72M8c1/JOc8f5Lg8VmWSYSfOstwydaopL2am1GLoqWr5lazjbfZ6M/mDhBY/hfPuG+NMXl9PFzWcRxVLBT911nSnCouZWcoty96D5dJJNKzsfy3/wDBK34j2HgDQ/i54W1zwTrPhjUr3xB5um2d/YzW17rKxO4kEKyRgnYwOQA2ScqcZr9gbXxXqWpXOy80o+HLN7ZZLaTUPmmZnBAJhGCnTqwweSc9/HPijdaVffGnwefBOl2Sf2NBMl7dJZQW8IkumWNA/lxJukdt7BnB3HqSK+nNW+xf29pPhcwh9V1OxSbUNWnXclvCY8s6hhtVE3sEAwSAM89f8pvpIcP5Lm/Gzz3A5VWxGbcRKnSpOPNWUJxjClFwgotylaLspSa93daH9kcZ5rhszzLBcRVcpq4TFcR4F5jiaVSu6ssIqMadNuEFCMWuWEZWlFv3orVnwl+25aWF/wDspfF9PtbapL/wjV9I3l/vFheMZXIGSuzqA4z1+lfxBeKNDfUbHSIbeN7gwXW6YA4IUyYwSOM5yCMAYwcgnNf3V/tteEF8J/ss/FrS/DV02p3epeF9YurjUJWiKbBGxaNgMgDG4RheB05YZH8R/h2N0N1IZHkMWoW0FwoAdYY/tGJXHBwASQM4IzwGAGP9Mv2e/AuP4W4PzJY6jWoU6+PWMiqlJQaiqMOZxja0rumnJWaTbs9OYxzTiDBYjw2zDL1UlJYjMp+z9qoxmqSpUby9nyppJx7Xst7t2+IviR4N1+DVrmdtFvfsrZaylELMshUHdsJXaQB1IIByCexHYaRceL9K+GdvpxsdQstPujOyyTRusbnby+XXG31YnkjknNfrL8dfCPh2z8H+Dru0/s61fV7yxUpMYRffZ54YklmWE4O3LZO3nqSew8e+P9n4c0H4Mr4c06Gxvr9Ji9nqKOguXilt13xpEpJ2bycnPJPev9NsLi7TqcnOnK75YxTcop73im1z200sl1Vj+Jc54Cw1Ktj8woZjT50pVvZR5eZp2nJbtq+iWnb0PzqhfXrTw9YpLLO8Qk+0fJIFj8kc7HZTghsjGcAHIJxzTNf8P3HiSfSZNJ0+4ur2+Vrk28YO6NrdBuxtHzjaM7WGMDIBNeq+CfC9/rfhC5s7ZozdSBbGGCYB5BMxJZgMEAAHg4A7bjzn7R/ZS/Z98aa5qljp9j4G1XxdfRNqUd6ltbSSxxxG2KK0E6IdtwGwURWBY9ATwPXoUp1p0lTcacqnLZTtLlV4XSbaUk4t3btZ9GfO0sgxeYYJRdWX1WnSk1OWrg4ON4pt2s43WtnFu1mflBocr2/iR3uont5be5jjMT7humjmCuhXIyxOQecYI7c163YTxweO5pzdQQwy227DfKobywxVvSQZJUjnIJHbOj8Uvhl4p8I/GDVNA1PQ7/SNQg8Q3bT6PeQPBf20f2tgiSxyAMzMu0g45J/izz9O/CP9jzVviP4u1eHxNPe+F9Pi0f8Atg3jxGXZGIzJErhSDCr4HJxlckgnGfpsNRrVKLpSakqdbV3VLlsk07tNNNO23d3s2fEYbK8bTxlWnRhOpOlXab1gkovR3S1um9kr6dD5k+JXj+2v9OstMn1KfUrNGy8Jl3RxNHHsVQuMqOOSQAM9Mg1xenapp13ZaZBYIolEM7MVUFyVDYDeuEGN2eg7cVu/GT4XXPgPxNe+GoL631NbKV2+2xRlFubWRiYmO4NuZVwGKAgnk85I3fgb8FfGHxA1WztvDlg99JNLPYW0Nv8APJLPLGzBVCgkKoxluMAc9a89U3Uxc4uO1tlFuPLKEnaV7OLtr266GlVZhi8S6boydV2Tgo8zSThzWktHF2aadrbtbp+a+H4pLzWrSBiGLzPNIVwMRxSBmGeoOR8uRggYr1D4v3tlq9hp8enX3nT+TBbm0jk4jAQE7iMjfnBxwMfe5yT22h/CO58K3HjmPW4pdL8Q+HEvbCCK6A/f3wldZERWxuYKT9wcDaR7fPt54c8TwPfvPDN5Ue2ZJTGVIkYEgKw6YwVABAwp9ed4YZKEY+z5nVjuvecVZJ3as01Zrovvu5qfWMDgatOUJuVRtScVrG3Lro003Zp6W2aVjlzrd3pmnJau+DDN5RUMd4IIBBO7gk8D6ehIqNb6S6lWeSSNkKsVikJyOOThsZ5OP9nvnGayjY3d3dPBdxSeYS0pADK7Mo5JG3JAxnggsepPFfqL8P8A9gjRviZ8ItB+IPg3xbBda6+h3d94o0m5G5NIEDrHGMhh5MjBi3zgBgDjpitaOBqYqoqNNw0SspvkbceVdVuk9G99dtT4XFZliIazlP2KaVnzPX3Uk7Xa3T1ST81qfnBFqjAXF3kBoLMxwhc4ZsAHG70JxjHbO49BgweIbqUMJJztK8jgt8mTkEjA7DPAOCM55b648dfscfEfwB4A1b4iao0K+F9M1NNLlu2YySSzz5aKZIwMrbuAQshyOp7V8jrolrC7rJcjz1BAVACpQ8ghuQcjufmJXjtnqrZTicLJRrxtJRTd5KTbfK009Nk2rXWi33PHr53iJKKpTkrJppN6y92+1m2nvqmkrbamxpN5BeSS20sDsLg5eRWV32AgtljkcjGOECt0IxXo/ijTdO8SaFpMfhpNVu77TLJ4bq1v7jzYo+ij7HuGEAy5IGM4BHQmvJIGtLEuUuHMu3DFTszjqRxn1OOvt1rr9M8b2+j2+6GV5t7jesq4LMOqhhxk45UEDgAjcMVwYrCU5qLnb3VJt8q7parTvt7yWmjaQUM8xVNO8nLdNT5Xzc1nrez5rtPrr0004X/hE9ZsHmNzYSxmIEssxIwXHy5QHcw78AA8HquD9E+G/Bfhr/hB9H1e3u5ftt3d3Ftq0FzG7KAh+VY1JxuHG0gAknkba85tPihaxaqdR1G0hmQRkxRyEyIGwVQMhPzDB6HJ5OCQaZF8UhLNPsAgicOba3gRRbwO+Az+XjG/qQeQBnnqK4PqcZJU09VK0E5JuOsW2rpWvtZ/Ene+iR6a4hSp+zVKKctG01a3ut8tlonZpJ3eq87fRPhHwXpt7qcKafLNdQRgK0RIhVRnLEgnPAyRyeM8Zr+pX/g378ZXPgD45/Ef4dFbCHw1428L210zXlyq3N1c6XulWGBHcM5zkFUBHsc7T/KJ+zZonxC+NHxY8NfDz4fwy3vivxLeGz061Z2jtpWZv3ssrZAVUXJJb5ffJ5/ca3/Zl/aj/ZP1/wAN/Fq8XUtAv/D+o22naZrOh3EkkUl8WAngurePIkizkEspQ43NxXnVsNSlCphalZQrV9Kado2envXak+Xe6Vm7NXWp9HluFr5xgpVsPTkoxdm7qMIyfJu5JtxVr2snd6aXPrD/AIOIbvxD4O/aj+G3izSzFbaR4p8E2VstpYIYGkltJpBI1xJCg2ybQNxYg7SCTyCP5sviL4o8UJrlzeyzatE91bLJbmVrmOFxsB+WRztbau3BDgMCDnkiv6bfFknxG/anhtPGfxeht/G/iDw3I62LXdik1pa2awI7JtCfJIygnaM4O4EZ5r5w8QL+z547sb/wP8RPC+mCG3t57OOe206O3vNPaPdGwt5oVSQSIw+TcxHGCAMk74XJ6VGgo1HSr14OOjhFttKyTu2/ejLTT53R6dfCZrSwdPDyx7oqNNQjHmaSlGKtG9+Zxe12rarvc/mcvPEesT3DtNdztvI8wec+Cck4OWPXOeGwMnkriv0S/wCCdX7SWtfs+eMvi54usNWtrKe7+FWt6TZPeNGx+23Nu8cAgE4YGUyEbduTgDtXBfHr9kvTvC3i66Pwp1qfxB4V1CcvYWdxEzahZIcuY5nAKswIKg8cHnJNfOUnwj+IWn3E1o/hzWQoBV5IonBKK2QrAAAq3p3PAbpX2/D1DLo1L43B050YxalRuopvlSjdrSybTbdna6dtz8ezzDZrF1aUKtdVXKNqsHKbbUot6pu3NtfRK/yPs7w1/wAFLP2hNHsn03UNR0zxJbS3M9zKNYhUXI+0SM5EEtsIyoRGAVSSF/hxwa+ptc/4KJX9n8MYLbWPA1gt74hjWOK5svEUs0gXywXnltRMTErEsNjrgHgDOTX40z+CfFVrKvneGdXWTf5Mbm0lAZmbaoAVMBiduFGdxxjoKdrvgzxnpbwtqegeI7RfLXyku7G6EShxgFflIUEEkHg88++eNyLJqtZ1IwhF3tDlcUktNnbW3RLl0XXczw2PzaNGUX7W1Oyb95tJKKvezdrq1lpZJpaI+5dP/bB0HWrry/E3hGCa2adkZ4J2YLEp+8yEkkgAFicZKk46CvsnwR8S/wBl7xRb6fJZa5ZWupzLHFdWV3EbdbdioywlmOwhXbGQOByBjkfiv4b8A+MfEutaboGheHdXutY1e+tbDT7SG0kaS7u7uQRQQIoXLPK7BQAuecYyK/QPxN/wS+/bJ+D/AIJuviP8S/h5ZeC/C6C18u61TVIIrlnuUWSNGtQY3SbynDNH944wV4yfLxXB9DMJ4enRnWoVW+Wm4tr+V3gpO17O27W3XU6aXGOJytOOKqxlFNJqrq7+7qr2etnZaq+jd9T9QfDOj/AK1urV7Txf4XuLy4ZXAvry2kEZYcfMjKqr/vZPPXg19K+CLj4aWFxeNoXiHw8t9AyvLLZ34WH5D8qrEJeVJGeuTkjJ5J8U/wCCVH/BJ/wr+1ALX4sfFzVtR/4QTwjq9pZr4f0q4mX/AIS7U8iSSAyq+RaxKNrqpyX78V+qf7Rf7E3wg8Ya78T/AIF/sufBq38HeJPAPhm28RXvi28u7qCdrxdkcOmK00p3eap37c7iMbsrX59xD4e1Y4+eFeOqzUVF1IznFqHPy2jNWspWs9Ho3r5/UYXxWwCdFLDU780Y80NHpFXaTSd1Z6p3Vm2zwu1+NVlYwRvbeKdKuby1UhoxIVGEHVmDAdB8rHOBkZJ61bf9pa8N0Vv3hltIju3Q3CuCCOvBPPtngnOTkA/M/wCyl8BPE0X7V/hL4TftNeHrbwt8OLdXHi3U9auX0mG7jjiZ4pbG9naNbmGZlRXkQkDcfmABx9ef8FOf2EtF+Avhlf2h/wBmu/OtfA/UBbWPiCwtbxtTTw5cuoCXltcQO6yWMjEJv3fKxAbGTXzOK8O8NCNGlVUak6kG4VVTTg+R8usmrOTte0bJ9Ox9hgvEmlWrqNKrKD93Ryunor6Nu++u2t0aemfHex1XH2a7hiO0FVuGyxGfug5GAB06H1xnmxf/ABqit3RhPPOyjAjiH7sjjlcEHB5wcnucdc/g43jvxO0ET2upXUJMYaIwzFN4IBG/LfLu9QTweFPFbGjfFvx5ay7Bf3U88O0RRu7Sg45IY9F3ZB4AyeuM/L4NTw1wvtVBOnJzs2pQSSvZWUXb5J3u7ao+sp8eTjHmldtR0le9m1Fuyuk2+nqr6JH7n2H7QcBnxIsqhRxHvVsY7PksflPPXnkAdDX1v8KfjTp2q+CfFOqPNClvps9pHcSyAK8bSjC5PHynHykAgexJr+ZVvjT47nl33FsiLHJhnUlGKrwc4AG4EHIHoMHk5/U/9kXxteeOf2c/j9eXkUUp8PHSZmMWUl6thpN3OMnBIIPtkfNniPC7CwpTao04+7yqahf4kle1ktL/AOWzZFPxDqV5RhzzvCcXyyvFNJxTbV7pJb30etrtn69eGPilol+ismpWMhIi5SVFHTgEHGDnGDn6cZFe5eFfG0DyKY7lSgUGLc4ZWwAQwJfGzOcNgsc5BGOPwS8L+LJWa1Npc3iCUhmjEp/dsmOxOSgznnkde9fdHwZ8R6xd2k73F9LKptJRBmUFl8tcAkn7uBx6DkZxnHxWN8HKde97RUrSU4xVkrJaOyldu2t3a/lZe1X8RYU6UVUpKasl8V9+X4bq60e9/nofrtZ+LrQ2UdxIElGMMy42BjjOSSwJHdcYweveqdz4s0+5jmAlgjRASVkIBBI6g5AbcDnrgA84r5plGsL8ErzU9MupVv4YLm7Z2bmPysFwMMM5xknAwd2BnIr4M0j4z+PNWvLvRr6dTGk9vap5UjLOxklUFsqcsOpJJ7lgCSRXx+beDONil9XrQdOEVo4X1XLu7O12ldaX1uupWU8Y5RjazdSlUhUcre7LRXS1W66K7tolve5+V3/BchbHxF+0n8PIrSW6guJvC9ok0lkrO4RWf96mwEhSNw4OMdckgV/O540l1Wy8Ualb29xcNZW1032a4u42QyFAqsJA3ILEHkkbie5BFfq7/wAFifGuuwfHyO5stQ1GG80LRNJtbYZLBXJBnjJBJRTnPPykk5GDg/lRbfGDVLS4ujr3hTTdei1W1hhmN+Yw8bEqGniZQCshCnBHOemMV/Rfh7hsz4X4ZwWEo1lOdKMYzhGXI5Pmuoxs7a36rW6WuqPmuJq+BzHM5zjeMbRcaid004xtfVLom1ZdfQ9H8K+PPFN/4estB1TXb6fTY1mfT7G5vZJbCJwcb4IXYomSMZUADGc46/s38G/Dfi2L9njw4Lcwf2TrWsWepR3kzA7b+zmjcGMKVCjjCsSdzdOSc/jj4h8S+DviFq3hObwd4Zj8H2Wl6BFY6oglytxqC5E12q9GDZO31zwMZNfuf4M+J3gDSv2U/B/hC21bT7rWdMuNHcxQzKl9LI10rSxBQ+5RwGkbaf73bn8t+lJXzbNuD8FDB0Z1sVVrw9sotym4xg3NSsm7atXtZ2vu0fceDtTCYPiKcq1eHs4Q5YubUVJucE2uZq93zW32te+p/VD8ANWB+E3gSK9LT3R8PaYtw0q7y0q2sStkkdDglf8AZJJGMmvdRHpV0NrwW6hhhiygDHcgqAcZxj0Za/O34GfGrRx4B8KRzwyWwGj6eqFGE0bIttECVZCVJ4OcccHn0+otL+Img36Bo76IZwQjvsck9QdxGWJOT9ARkkgf5HUs7wuGrVMux0I+3oVZUZ0q8OWScJqLvKcWnt6fk/1PO+FMc8ZicXhaddUq1adanUpXa5ZzumnFvdSXTRJ2PX7zwdod9ERgRYOQ0Zxk7cDIOejHBGMEnnPJPn2sfCuRlY2V5G4OQPOQcDOcgkE8HtnkA9M1Yj8SW0gHk3QHUjbLkAN0bO/gDg46kckE7qnXxJeFR5dxvVQcfMuB2+U4JAPBAGTxgZwa6sVPh3FQ5amESqNL95RnG6vu5LRb2V/La2/kYWjxDgJp0sVUik17lZNq6stbq90+t7aHk+rfCzV4wXe0trpEOQUQEjGQSSCCevQAAc5IABrzTxL4Egk0+e11LRJGS4G2WNI22FP4lJAOAVBGRnGeOPlr6dfxTeBiWRHwCCOxxn8M54GD3PFc5f8AiEXsbxyQqNwOCADkHcNp3DuGPX1GGxivkcVlOV87eFxFWEr6RmuZa8tr2Vlfa99LXtfU+yyzO8+hOEcRTp1IRavOm7PRxvprbRWTsvPsflz8BfHHhz4efF/xJomp31lp1rHBqDaXbGZVeCCOdt+F3nDLgjgDBOSMHNYP/BQv4y+GPE/wCvX0TWdOvZ21COG3jW5jeaZlO2Ty1DZJUdh0AJ5KmvW/iN+wv4S+IvjSbx1o3iHVPDniS4S6RntpGNt/pIbcfKDAdSQV29uDk8fnJ8Y/+CYH7SF5PJpfh/xnb+JdEjuZLmziuXkh2zTOSHCscAop5+XBPODwa+0yDLsHKOH9pi1QownTqVVOEm3UjGlpGcbxWsXbmSdnZq6TX3WIxmQYvHUMfUqqOPjhoUvZ1JqKXLGCbTktbtS1vfRaa6/rB+xNHaWH7PPw51CJQk91psZlIJC7pGRvnI5465ODjII4Br488f8AxOfT/wBqXxYkmpwQ2tkIY7nEwQ/Lg4dQwHy9MZ45BIwK+3v2Zvg58T/h78HfCHgnxFaOb/QLNLW4aORXWVgpBIbJABPVskLjOCea+cPiR+wefEvxB17xvqg8RC81d2eT7AXCpkH5CUABC9RyR0PQ4rt4izitissr5dWp4v6goydKpShNp1NLVOW1uWSvK9+r8zzsmr5PRzXGVq2OwvNU9yMPbQTSc4yaffTS99LX8ja1n4sfDzWYltfEGr+GdR0+eP8AexXq20jNwA6DcTgnHGcYOehNfgz+03pHhP8A4Xfcp8H9CittLLSXmoG2G6yF1Lk+dC6DaFBO7bwoYgLgLx+sup/sLQxXixWcviSKVYzsbUYLl4Q7H752rgKueeTk5IGSBTIv2JPEGiWkxjudKvZ7piHnuLcJOFJOACwB9AAQfp1FfE8I5vT4dr1a8MViK8ZQlCVOrFqmubldpKV03fbfyufX1cFk+N96nisK5NqUZKpCTdmrJSWuujstk3rc/P79m3wl4lvPGnhKHWzc3Jm1aCQKGdY0QyhirEkg9MhfTPXt/V83hrSX+HUdsYFhW20BFC8AH9wOB1Ibd25JYnPQV+I/hv8AZ88f+BdSsdUR7WeHTbtbiOG3IjYBH3bQeuCMjJzxn2r9XvCnxf0HUfBUula1cppmstpZSaKeUxqGSMrkOSBkleevfjBxX7ZwBxTlWPqZxHGunSlicO4UFNckZcsZRtfZSb7aPzZ8lxzkGKhRyStlbdenQxdP2/srykouUPekk27JN62dney6nkOohLDTNPghHmYdsKMbV+cn5sDqVI4HJPHBNeifCFptV8f+GN4aONJ5cjIyVC4I5JODjAA69PugV5JqF/A2nWz2s9vK32lgpEgYFCz5ccleVA9C3Bwep9i+AVyX+IehxyGNkhimlZkCsQ2ACMg9MccDn1Ir67w4w+GqcT4CUfZ04fW6UU+95RW6e17210TfVXK4xpVKfCmPlaftFg5va15KMW7X6XXk++hq/GPTdW8N+JdRnMCS6SUmnBUE+V5x+TcQMBi3JyRgZwMCvFGlY2KE22/ztsgIf5sPkKA24DpkjGB064xX2B8drP7fZa2yAMzxQpCcOY3DOQFPqBuIUZHfv1+TtY0zU7OC2jg0932W8PzgkrjGW7t6E7uvIyCMVHjPwjSqZlivqNJ14zn7SXJHms5y95KyenuJx1WnvJ7HD4f4/wCu5Hl7xPLCrTiqXK5ct1CMdWne70W/dO/RVdAupo9Ws1cfZ4RMjguWdiyONuBluTyB1DdSc198ftS201/+xz4vunnCSQ+G4rx5cYZvLTcQwO5huBHHQZOBxx+eFrqd9auktxpjZilXDHO35XAJyR1yB1z2B7gfSX7S/wAbNE1n9jL4l2VhNFb6ppnhdbO5hMo8zzWTb5aqRlmIJwR0yeuBn9w+hZltDK8/xGBxMfY18TXwkqUJxcZTcKiuo6WvCLu0nqvNn59484Cvi4ZDi8DSdWnhcTJ4ipTs3CElG3M0+rVnuu9rNn86mmfHCy+EnxJ+FXxC1q0e/sPBvjDT9UvljI877EHjV8YOQQFGBgAHJznkf2e/s9ftB/D79oj4eaN4+8A61a6nYajBG89skyG606dlDPbXcOd8boSVww544Iav4GPFkd34o8M6j5cqO1tDp7vuKthy52jnjndjjGTn1r6D/Y8/bG+JP7IfjqwvdEvLmXw5NPZxeIfDc0zvZ3tk5VZ5LeFjtimVAzK2PvZ5xwv+lPixw7ia2Mw2bYOPNGhh6dGaVrTUYxe9viXTofx9nM6dbMp4eUlGooRce9/d0fa7bV30tof3rNJuJKnIHHUY9cEAZyCR3xznd6x7y3BwR3x+Y9enU/qPT5w/Zv8A2l/ht+0r4D07xl4A1WCfzoIv7T0h3Uajpl4Y1aWO4tyS6qsm9QxABXb0yc/RiuFwDySBnjJx/gSOSB6noMj8VhWlNunJNTi0pKVlayiknZO+q0V+qv1PBqQnCThK6aezutPd110fztbuushUZx1JwQQOB9ccdMHjpXOeL4d3hbxPxn/intV7HobSU/njkDrk/n1EYBIz07Z989e/PBIIHYYzWR4qUN4X8R9y2gaqMdRzZTjHHPQjkfUccV00ov21NfaU4PSzu7xXld99bXvbZCu1ZJJ6r846dNt3+LTP4MtUson/AGlLu8uMrHZ+J/FjhlBGwRzXTBjzkhGGQR0wOCc1+hP7MfxL8N6bph+Efxq0+0m8PeMNcuJPDPim9kW4tnS7laSLT7uV93kOxYLGx27T1zwK+INSt0k/aA8XyJNFDLa3njyZBMoEbyAXirnd8pJY/KcdRjkjK834K+KWmarolj4P+INsdLkn1N/sOuq+IAI3McNxG6tmGWF9u0qVBwT0OK/uLgTNcueSSw+PxVTD0sThsLSjVpScZ4arTinCvTlF7xk03F6TjdH8m+OfgPxD4sYjCYzhrDU8Zm/DPPjaWGqQU1iqdVQc6Db95OcYNRcfeU2mrS1P2e+JH7MvxK+Ezf8ACc/AFrO58ItbNc+IPB97BFd6bqunzPuljkhcPDPFJG52lF3AbWJIU4/Oj4k/szaR481DUPjD+zY7eB/irplvcXXjD4VeYILXWriIF75/D9tlAyykNtiCsoYjaBnI+1P2a/25Lz4cRx/CL4x6idd8HOy2Phb4gLKtyttDMgW2ttV+dmMCxkLukYhQOp5r6x+Nf7OnhrXvCFt8cvhPrQ0fXrHT3vINW0RkazleYh1mAhOx4Gzi4Rl/d5OcBcj5fPo1YYuOGzadGt7SryZdn2GhzUsZC0VThibLWbStLmXtKberdkfQ/R34xz3w8zSnw/j55ngXRlSjmXDGc8/Pl8lKEJPDxqq9TCS15akb2TWttD+VTUdIub/x14dGuWF3pXia0TWr7WNN1CN4ru0vw7xSLLGwBAOSFOPmB7g4r9RP+CfCrZWGuWzYYzX1xdhB2CM0ZGAOuSO+MYzzXzD8ePENp43+Plve6jY2ln4z0PwRc2mu3emxotrrd1DIEF80cIVC8qgsxKg5ZiQTmvov9hO6Fv4gv7YuPMnsrlxB0ACzbc7TggjHOR05r+WuMMNUwOb4zDKPKpV3Pb+aULJp91rrvo79v97/AAqy7B43w5rZzhqUYfXKCxS5ErJPlbXMtG09E+1tro/YLw2yJbu24KZFkkMbHAGHBwBkc5YnHbI7Zx5b4yS/0LxHH4p8L3kunalbKsxWFmVbhtwLB1BCsDzuznIIPuPSrDS7v+xW1GNTtZXyvO9ADndj26/dIzk5OAR5j431FLVtOZ3Vw8UkZODyTkEHI++ozk4AJ5PIwfDo16+H9jZ8qfL8N9LctvS/bv8Aj8/gMvwebZlXw1RQxNCpzUq1GcYzTvFLls3JafLe7sz6a+FP7QOgeN3sfD3jSKK0122aGPzLrYkd5KdqiVHdV2lmx6/qFr3vUdCvNKuL3WdJc3VvOyzT24cuWh4YLHg4kB6hlJxgngCvyUuLOG+ktbxJpIbqGVZfOjZo5YdrAxyBl2kjPGDnnoMjNfU/ws/aT1Lw/qlt4f8AHTS3Olp5FvDqTKTJFCoCqz5LblOdxJ54xjA5+lw2ZVa0XTbilZc0W3aWkbqKto93ZPTR7n4H4n+B+Ly+rWzXhqi6+GfNOpgYJyqQWjbo/wA0d2476Oya23v2sdO8PeP/AIZajHraCZ7PR7yeOKQ7JdPuo4mMbxlgHUKQFYk4/iweAPzVsde03wx8DNT0rU3S2S9+Hrx6fFK7SfaZY3nRmjOeXcFSACWOW+7zX7C/GfwR4Z+J/gjV73Rr9bVr3w7qk8F7ayKYpAbVm8uZVOFMm0ZzyPmxkgg/gV8Y4LmL4daDaJdpcnw/4dv7WVkIDbobiVCHGeRhQQWOOM85GP1Dwzw8MXxRhIuUlGTg3BN6ODh0s1r2ve++ruf55/S5zzEZP4I5zFUZfXcJSxVOpTqxceSNWg6Urq100m5Nd9+jPza8fJv0KKdQ++3vImY/dCLvYqvqNqtgdduPpiP4R61Pp3xw+Gd9ET/xK/FWkamz56RRzwGRsjPQE9TkdBlhxe8Sl7vwpfzbTvkkilcgYCkEjI4wo28HIHXjPNcT8KQL/wCLngyNpPJE+qwWrsxOVO4HPLdSVGO5HfJr+ysyoqdCvRVrVsLKmm9W1Kny3Xd6vrdaJtbr/BDw7xPsq+GxkneeXZt7ZcvxX9rQqpdbWlHS3nbsf37aFqCXug6FqaFSl/pNhOrZDB2eyhcc5OSWOCMn8Oa/AH/guxqF+37J9ypmeLf4yWOUJGTJJEA20O3TbjBJPvz90n9ov2cvEg8WfB/wJKkomuLLS4rKaTJb5rMGIBm+bJCoM8++K/H3/gupaTD9lnXUeWFGk8RWZhRwpYhshthyRnGNwU5PP3uK/hOll8sLnOZYWreNSjUxMEtnzxk0k7vVW10W2vc/6E+Es+w+b5LwzmFKXPTx2EwNSMrp2dWjSbSe9+a903utHofwoRWOq3Fxq7+WqoYJXjmRtweNcg4BxuwASccbuMZ2ivs3XbS5T4T/AAZ8RaPJJZukcsFxPbR7XEkDkiQkDLMGHP0HPANfKsMd5qLQR2c0dvd2N4bK5RBw8E7NHudCAG3eg5GSRnNfZU19Nonwq8E+EtesXsL2w1G8ubC/kG61nt7hQYwWI2qG3MRyMEnLDgj854lcoTbhKd1K3fWy1vpZp8yaWt0lc/dMrw1JTUpPSUYJybT1bp3/AJbNXkpPyVnqr+6fDD9oL4n/AA98M6d4juPDl1r2gTzvYnV1hk+0P5nySCeULyFU5wwJwvT5cV5z8dPHPhH4g+BfH2vfaJrHxWLLcLS4jEbT27hmEC8AuFLAZPIGcg44/QP9j7w3aa/8H9J0XU7aHULC61K9M8ckCTLGHkkAxlW25GHVscfL8vQD5j/aj+C+i+F/C/xqv47KHyNNsUbTp2XZcwpKzExrgjcuTwcDsOoIr8Cr8Z4eebLJcxpzp1I42nGhNO3tJOcY68y1s7N2fna7Z+lVcgrwyx4/CVI1ISw7lKM43tH2ak7N3tqtlfVO77/mh8OPGvh6XTdP02S8iivLe3jSaGU4Qtwp27mIPzAcEdMDsce9W62d4iC2CSeYAVdOVPQ/KOhIwQRkdeMHg/JPw6+FUWv6BDr0TyxTtuQMGOBh+NwDBiQMHIyMHJHIA9x0PQ/Efh2SJIZZL63G0FWJwqZ5wDyDyOcD1wd1XnksJSxEvq2KcKql70JOyvppGV7d9Lf5niZVPE1MNT+sYeLpacnLvJJxim9G316W9DvNW8MrGoktnZXkIKjBzvZRjjPQMwHOP7xXHFcivgjXJnaSayF9FIW6qhDsTnBUgFsjOMY54BwcH1fSbu5mKJfNDHI6NhJxwgyQMsSFAGfvMRkg49ByfiH4rWHg28NpG1rfToSkcMDhow/PLsDhQDyeSR0GRmuPLM1zic1RwkHWs7c6TtFXjrJ3s0lrd9tNmd2PwWWxpKtiHGEXy3i17zb5Urxu7r5aK6uXfA3wit77VdPN7YWENxfXkVnDbXUCqGaWQKGGcbyucBhj0wO/75eAP2Tvglp3w90WPWPhdoniG5Nqkl7dRWo+23MrRBpEyx3FVbgEEAgDHPT8SP2TtS1/4s/FA6x4iYWmh+GLy3u9PgjyILi7aZAkO48PtT5zjOO3ev6gfh6ouNLt2kwjx+XHEqLtGxlA5GQrEjoMAggcnBNf5+/TZ8UuM8ixeT5JgcwxOFoUIyxWOjgq9Sj7WpKyp0nUptP3I3la7tfo9v1rwq4eySvhK2YfVYzdSoqdGVSlFtRXxNc10lK1lo0ur3Pzg1/4EfsxC+uLe7+Hfi/wkykeXPp0t3bBWD4XyhHgKh3Ek4HygKM4yfgPxX8NfD/hf9sbwRp/wu+IN3pd/CbLUNI1TxOJruTTLrAdIpvNbe0ePlC5P3sDNf0z3PhDTNR3yXdlbXMjFEQXMUb45U8FlOTkHtjnoSOf55f2jdNsrf8A4KX+GtHjt444ZW0eH7NEFSLzGi28KoC46sQV6YzjpX4/9HbxWxfGWP4hyqtXzKU8LwvmeIr/AFzEQx2Hq8tKEGnCtBy2nZpzakm11SX2nGGT4PD0sFONCnFyx+GinSXs38WjtDd6K7Vl1XQ/W7wx8Tv2xtMkWKG1+E3xOg2Fibe+i0vUp4kVdrSJPNtEhABUbcEex2m/r37TvxS0hgPiJ+zD4stVQMr6j4YvU1i1JUHMkcdqjErnLE7dwACn7zCum8B/AO217UtV1C1nvbGe3aFQ9rdPGoG0HhVkC4GMDaMjoSMYr0e8+DHii3hZLb4gaukcYkKQzSSSorDlRhyQVHBYYx1we9fjuf4jgOpmsqOY8O5HWm67VWdDD4zLa0Zc9pe/hMS6PN1v7FRtb3eh7lHCYlRjKjj6tKcYK0aknUSdo30ldvbdS2Wrstfw9/a1+OPgj4r+RaT2HiLwxd6bNcCO08QaTc2UluxJPmMzLGAAQAeTnBPPSvzhGm2MrGey8UWlwPmXy/P5GDnozAq3Qc8jk98V+pP7afgrWdF8Wtpmq6lb61I1m0zytawfMjgny5MIruQMgljznkjHH5QeKtBt2EkY0iBGDth7dXgK/Qqw5BHXHsO+f9PvAXJcmocE5RSyZ1MHgamHjVoUp1niI0/aWm1Gc4wm05aWknrZeZ+J8aY7FRzGosRFYicGo81rcyjy22faytvtZaJPqtPh1iwuFaOXzYCpJYzLImWGSxCnIPHtyeeRV7U9b1KVFBO4R5zE6EHGOWxzuU9FHzHGWOcg14ElnqWnriO61i2AbcuyZ3Q8kIPvEkZGOwACrntW5pt/4onjkkh1hnkH7tUu4iQSQQNxCnB7DPQHPbNfvlHh+p7T2kMTSko6tzTjZvlabaa11Vl7y3Vj4KWe09aU8NUi5KyirSSSUel0ldLqmvmehaWkmoa1oqyAeTPq1iohlURlg13GpQ4C8OSU24HHy47V+hv/AAWF+GWgaH4O/ZM1TR9B0zw+1/oc9vqP2G2SCe7ePTrdhJOsYUSsWctvcMcEHOM1+TsXiHx/o2qWlxc2Wn3Ysr23vbaQHgSQTJLH90k43KQV2jI6jLV95/8ABQT9oXxx8a/gf+zVN4+8M6fo91ptzfxaXq+lTh1vbSOzhh2SjPyuqR8jrkngZxXh5nlvENHi/hLGYXExjl9CWOpYyEaqtJ1cN7l431ScdFq9rbEKrl+IynMacqD9tP2LXNC0koyTaTV0tWtFo+/U+vP2OvhvoPiD9nTw5eTnNxFcSW8DGGJ2kBcgbiyljnHrgjoP4a+lvFH7M+iXmlB00jRbi6aKNiLqwhDMXyMBlUEnHQnHUcV8Y/sceGv2xG+C/hrU/BngDSPGHgGaae60xYb2ODUWSMkkPE2GB44BHPIz1r7Lm+NXxg0SNf8AhYH7PPj7TBZFYZJdPtLi/tiqYBf9zGNyqckE568ccV/AHijmfG+XcfZ/VyHiPD1KX9r4iccJh82pRqwftE3TlRlWpzUk3Zws1fTVaH7lkGEybE5FgKeKwUFJYWjFqrh027Qgm7uMlbs3uvM+QPHf7KGn6dJJc3nhWCOJkyG02CQAFmYLtEZAHKkY25B78ZPzprXwDsrN9uny6pYBVJZTLLFtJyNrhtvbHIJypA4INfp1/wANW/DiZHs9ettf8KTKGUpreiXarHjBIZpE2Keq5GQMdq9C8MfFb9nTxnp6w3mu+Ebm4dgjpdrFbT3AUklwzbCrAEj0IGSVBAH0OQePvirw5SpPFUs8lGlyxnXwtbEzgklGzf8AEg72T0frpY8jM/DrgzM1KNXA5e3K9o1KFJN8zXW1lrfovRH4ry/CvxtpMjHT9XnkjVQywzhj8p55cEBht5HbqSOWzkXEfxC02dEnjjvIwrAEEByRu29F6ZB6j2HINfvB8PvhJ8MPif4i1vTII9JstOtx5tjf2l3HctOG6bYxKW2ICDtGcgHgY51vHP7GFnb2j3Gl33hi9gUeYizQG2uHCnAUyl1G5h1IBwTkHAIr9myP6eXFGTYyhgMXjswjPkpNwxdBuPvRi1F1LWulvqmtmflmdfRt4HzPnlDLsLCppL9zFRTbSsk0ld73ta1737/gLc+I/EFqoF/p17kfMNittxuA7A/dx0/i4AwCTWlY/E14FETwM2MNskieNlKfebew4IG4ZJ5ORjADH9KfFn7L17pMr3epaO1nbyMypNZyJPD5WNwZUGSOTjIPB6ZwpHmFx+zhaX0ZezgtZ4A4VjNF5UzKzcgEYYnknI6+nWv6QyD6eMKlKjPM6MMTCajFODUXLm5LtJ3u18rX23R+P5p9E/KVUrSwFeWGcWrX5mrJrRdt1fTezT6n5u+LdV0vx58QbX7Tb294P7LCLHtU+W27J+ZcEHdk4HIBz3UUXvwetJN89teX+ktsUqbW4bywxwfulu2ckHkL0GerNV0WPwj+0f4i8MR2iW8NpHGkcbSFkQsmTtYlictycfdyCBgsT79+7W2lWTbIQwUAjIHUYB6EcYbtgehGf6JwPFFHjDC4biKjR5aWZ0aWKpxVnyxqRhKKbtuk0tmtrKzZhl2QvhrDRySo3U+pSdD2iWrUZJOVrap+aTu3fqj5uHw+8W2Rd9O8WXTLCgwLpCwbAC4JUYOSMsWwCT0OMUkdn8ULGN2jn0/UjuAG4NE23t95lIPAJIIPQAcAH3+KWICVf3asSG2k5GBnIGRwBkZ4yCOprPkEE1xGQw2EDd5WMBmGBkEcnjv0P8POa7GueLfK3ot0+ttm7JtX01vc6t17qeiWltF8LXlda6O3zR4kfFPjzTTEdR8NPK5GTJazBwwAzkAAkEkHjIOCckg02D4oXkU4kvdN1K1KnOyW2aRVPOPmC4wD3bpjsOa9mu7QASYUkgnyjyGA6YGS3UHqCxPOQe2S+nxMjCZYpHfAIkVWYNjB+8COQT06+vWiMU42Wi1beqertrun57aaW2Kpwbjfnerur35rKy31T03vZPou3Bw/FLTLolJLhbeVmZcyxvGcerA9MdO27rzg5nj8Y2dwWVbyyeVVYEs65KE4BZsqW5ycDGCDzwSLmoeFNMm3eZp9tIx3bG8tEY5427goyeO/JAPGRmuXl+H+izMztYGJiuMxO6hSeMAAkKQSCPlx+tVGVkopq6frbVJ30srd2v1vlKFS/uzTSf8Ahf2Xd20stveT0v8APWm1WKZAZJ4JSGRoyjYQ4IwC+eDhj+fJGM1+Y3x1OlT/ABMvY9beWHTZ7i4+1y2rZliRlUGSM4J+U5JAzkAdzk/e2s+AYrWF3tL29t1SSNgpmZkO1hgY3A4IPB/i/h7ivzu+PdsY/HE9q53ukU4JP3mGwAkjvn/azkZAxXoYFpOSSd5Rtd3fXbXu27Nb6LoeRmc3CjCVSKkk1e+mjfTd667btW1SR5VqPwYju1Gs+AtdsvFWlKRM1oGWLU7U7smJoSd7soOGwADkjHUDkXtHsbqOC+tZ7C7jXbIJomTDEYyCyggehORxkA8k8Fpuua34Z1Bb7RNQubKaO6c7Y5CsZ2udvmIDtcc4wR1JB9a+qvDvxd8PeMLODSfiX4ct7pwohGu2CBLhC4UedJsVC3qC2VOeMHArqc/ZRaqJNJ/Et2tk7fnonprdnhVKVHFKyfspaReumye+17u+nmcfpEbSwn5lk3ZAZSCflxxgcZ6c8E4yeMgdJYrJBb2IZFDhnGHAOdzYzkAg4HU4IyM/Ljj1eX9n+TV7Btb+F2uWeuWjIZ30xp0j1G1XYGA2FhvbBKhMEnB6EAV5bcQeINCnhstd0y4gngdodt3A8BJBbJjdgEbJHUHPbnmuihWp1IJ86i5N2ju7aPVPVNelrK/kcksvr4dSai5QunzRd1a0Wr77XSbt120SlsW5Y3GI1Vir72JyQgwuSVHAAPI6A8gAtjPbSRA6bbsw3MzjOV24yRzjGBtwRx0yenFcdptxay3IG5I5nYCRGBAQkDPQ888ZYnPbk4r042sTaXGS3mDd8rjB5z0GOcbuee3fjnGtC1na9pNO91bmSV++mltfK9mjbL21WtKDj7u99LNLrrbzTba0tLt1fw9e0sNVtpbwK8BeHeCNx2luoQDkjoDg7Tx1r6Yt/s7WDRWzAZNzcxkjBWJlfaCSADnceMDk9OBXzX4Vto5bhPlICbQvBIBBB5JOTg5IznGeQDgj6YtdJubhYhCy/uNMdyF4DEr82SDyV684zk+5rwMe+WdObtyppJ7a3jqtHq7W03te9z7LJ487mr31urXSduXZrzST89Wnqn8w/tNz3NvqPg+S0cJLHoPmRNtGzcrkjcGGGHGOuCMHgjNeP+GfiX8IPF09t4Y+L3hqGyvo9lvbeK9K2wzxscIslwsYClF4JJUYYEnglq9p/abgdZ/BqdXHhuXJKkHcsrKSCRyMbR1ByMYHf819fXy9YU7SXdXBJIO49jgg8jHXjvnk7a9enR9rhaMruDtGzTtraPkuj87NadUeNmOJnh8dUaiqlO8VKElpZqN0tknrvZ/Z6XP0b1P9lK91Syl1/wCEXiXTPGuiMiTG2hnR9QiixvCOisS7gcYC5zxnjI+cvGngnXNFjm03VtG1DSr2KQEx3MEsPzgBSybvvKTnBI9O4Y15f4A+Kvjr4fakl34Q8RX+kSRSIzQxXD/ZpACCUeEkow7NwQAT3ANfph4B/bC8H+NtGt9A+PngTT9cglxbS+I7CCIXIDrs82QBBKdoJbggblOcMM1z1HiaUGpwVWEVZzikpLWOiWzuuq12V+hnCGWYzVTWFrO0lFtODdkmr77vZJeie3hX7NXw2vPiN4v0vwrHdx6XbNbyyanqEqhvssKDPmJz95iCAR3wRX0n4r8B6H4C0LxDq8OoXeoXGja3HpEVxcI3lTwKcF0JAzjHDcEDHoGr2v4cfBXwBd65beOv2avH2kvqgLb/AAtr10kbyRSMGa1EcjBgMkABs8kHjpXJftKSfEa28A6n4b8TeDzoutS66l9Pe2No0unTRBSN0U0YKMpOSGztxnJxgV+gcNZhwauGsxo5jKcM/kqzwqnTlyO0I+yineybakrta9GfEcR5FxfPNsLLCKnXyLlhGv7OUZTbbaqTnHeyjZRs+54Fa+PHu3FutwJAFIEhcBY1KbQpUnJPJKnkj1HQ+JX1oR4smic+Z5puJwRwG3pIxIyOnQjkYAIPY15jMNa0q4kuEuJIlEw+ZZMK+CCQc8fKyg4OMdsc7u58K6zJfX1pcamubnzZYiQG3PGUcKQw65zz2GffI+Tl7OVKcqb953tazVtLW1umkumuxzYfKpYHFVJJcsJRaaa1ummls9ktdOmljjtXRUlsPLR8b5wwYA5O75tmPmyDjhQOcDqM16d4GtIJ7aVWPKAAHbhmZyvykkEgj5QSCP8AZLda868Q3kEzwW9tA5nt7+6jaUAsMM+cYA5IBG4r36Z5B9Q8GwSxaKJCW84TqxVQ2ZSp5Bb14zyQPlKjA5raNOE6V3LWUXpdK7stEnfby3113PFzHGVsPiZ+zg5xi5e8ny7Rh0etr2s9PwR3+q+EgzW09vA1rPtV0licRkLy27IIKsTyNuOecE7adonxx+Jvw0vvsVvrbahpcZDNpeq/6VbyREg7cS7mLYUAdMfLjbxW1d+KdNMVva6heRWh8hV3EFXQKOVOT0OWG7HQj15+fPF8ov8AV7qW2laaBCEibOBIjfNxyeuMjr7DrXM8DRnBqdOLd99Ha9tbqz9GmvJo0yLOszWNqpVa0KV4tKTvFNKDsr6NO267fI+xJ/j/APB7x9pV/ZfEDwGNHvrq0OdV0oIsYm25LhI1ABDHgnO7PVR8p8KguPhVFNZT6P4pFvPBLP8AZ7e5jGViOdu5iBucjg8bgeemSPDpYitrKjknMT4QjJwQSNw9QTxx1PTk1xuj6baXWveEbW7SNILnW4rednbZuikk2sGbcqgYGCScZxxyRXo5Jha2DxmHlgq04Tdemqan79OM3KCjJqV2ld3fRpv1XvZ7i8NjcFXjj8LCrSWHqSqSguScoKKlKzsrtpPXe7fU+yrPxbotvJJKms2U8W8hmLDJPGW29yOckADJzwBz0dv4x8O3W5U1PTppMk/MyqxUDPBHRhwRt46jgV1Gs/s+eElgim0+Mp5iJvit51dI1KKQVGSCH5bIByTkfdyPEfEnwXGjuLmyS6niZdrMqlTASSBwMbgDjGMkHp8tf1Pl2V8cYSjTq16WX46hKEeWcJPmSfK9Ur7Jro+2lj+J87xXhhmmJnQw2JzTK8SqslONSKnBNST93m6Xvb1Xc9Tg/s7UfLul1Gz8gMwwJFIBJ4ycjC59f4scjBzYu0jitphAsF0VQKpgkjK72J2nhgG6DnI6447+QweCjC+n2rJNHayQ5unSZ1ZnHOSu4BSCQQThSenoeth8IWcEkrQ3lzFYpbyPuN0x/eKGILAsSADg49uoIr3Y4vPKFKqquVU01C7kqnLZWi3vF6Jdbb3Sumj5apkHDNSvh40eIa0lKtTjHnoxm/ecUtFJ2V9HazvpdHh3izwZ4mmvL3VJPNs4lL7miZi2xlOCFDE/NhWJwCcDBB5HwT4ziu31HUozBcuIrlvMmkjcbtjYJLFfu4OQVG3BLLkdf0Du/G3izTb65W0hsdYshNJABPLvaRV3LnaXPQDHTB4zjIryTxn490G3Vv8AhL/h7IsV6jD7XbKIo5CoySGCr8oAznIweMjAz/PvFmcU8ynKj9XqYb2dZ+0cpe0jKSajo1yxUb9r26tH9j8C8JxyajTrf2jSxLnh6ShFQVNwiowaunJ3b0UuZvZLvfxH4PfBnxV8YtZXw/4ThhutQ8tSsRYAkEjuW7AA55XPPqa7P4vfsvfFD4Kxrc+ONFms7WSTalwRujOMHOVJXJ3de/I9a9U+Dvxq+FXw41dta8OjUfDt+6IBNGGJUBsgZ+b5dxyMdPvYPf3D4pfHvw98dfDZ0DxX46W7gEqzW8ksqxTQHjGd338DIbADZGMk5znhP9UZ5BOnWq4mGdRUvYyhb2DdocvO9Wk9tF56Hr43B8XxzujVwcsFPJZcrrQm5rE8rS5nD7KabVrvV6vV6/l4kO5gCFZMckFiScHGASSBtwRkgdRkjGbItAxQgM6oCCFyQeP7vXHqTxnqOgH1DZfAnwdeSrJpnj/T5VdziKboqkZA3b+OAAeByM8gEj6F0v4FfCJ9Hhtrh5Dqi2pWS8sruOVZpwWwQgIMakkkKemBxnr5WX5PRzByf9oYSg4pJKvV5ea7itLq/qnsmnc6c1x2Oy5UpQyvGY1SdprCQ55U0uVqUuaSvFu6SV/Ox+a76fllYEoBuIDd+TnpjHQ4z7ng4xBPpz7T5akqO4wSOckgYIB/hyenoOg/S2L9m/4fagIbMyahBMVcPNEu5m4AVuBsJzweoI4GRyfmzxx8AfGOh6reR+H9Lu9X0eIutvdBCJCqg5BQBirA8gZ5PA712ZhwvUwdCFaOJweKpz0X1avCrJXUW7wXvJdn+Cdr8GS8RvNMTVw08szDAVKNmnjcLOhGV0m1TlL3ZNN2autem58ptb7CSAdwznIOB7+wOQCSeO+AKQRkbiFLbwOeeCeRg5xx6e57kV3Gq+B/F+nSn7b4f1OFiWDk2su1RkbcZxkNxk4HAIxgCub+wajbPtktLlWZuDJEy8BcKBlQARt5Ug4BI7Zr5KdCUHrCVruLfLa6XLe6sl0b31V9WfYR+G8nrpa11Z+7vfo9ervvpoc9eQZa0jJ6yEGTaf5dQCTgqMnPzehHTWtrmIbYzlB8/ACk7QMkkZycD5SR1xx0OTfLKklsGjZSkpJGwqAzEgAEgls/xY4yQMLnnsbK9kiiCyRR5IUkEE5AIGTwOCM55PUnIPAvBUeadRyukkrXhbsk726au/XrqrGWY1VSow5GpN3XNa66WfXt5/K7ZWiszsygYjABVUJAJAIz6joRheB1IXkxvbSqGbytzLwwAxtbjGSDjg4x1zyRk1ujU1AIWFVKZbcAB1BGQAOoGfmIOM9B0MMmowMQVjKPggBdwDFs4BzkEHGOenUqOCPcjRhFJJpuN7K3lGy3u7Np9Laq17t/Ne2qScWotWaWl0t49Wlo7a31vfo7mE0RXBKncvI+UDJOCDjaOOQOuRk4wBXV6Lrl1aL5MzFoSFHl84U+oyCMHB6cAkhRkkDn5HZismWCljkd1IPTGOcZycDHGecjI05PC4DIDlgNpOBgDd3U9fQE4HXNfOZpldLGqUJwT6xbV9XbRdteuza2vv7+EqyjCLU3dx+112a23vZ2s9nvff2TR9dvY5oLjfutiwDqp3ZGRkFQWIIXjBznrk7eP6z/APgjR+3J8P8A9nvwpq3hvxPo86Q+J7VJre708o1yZ7ZSWR2YE7JCQQpPBOcY6fxt2OqXVhlo5HVsg7WbKsQBnGeMgAE4HfIwcGvrz4Q/tL634P0oaQ9vDMsUoNnNu8ua2Z2wxVxtdsnAwxxxjGMY/lfxw8Isw4wyKODyxyo18Pi6WMo1aTipwqUXF05WlCUJx3bjNNNXVtT6XJc2qZdiFiIqM7RlB05xbUrqz10aTirxkn7revW/9+vxG/4KL+BfiNpf/CGaf8EdE8V22qWrtcLq+nWdxqktnGT5s8JS3EmQmXZ9x2rwTxX8e/8AwVW1XwF4n+OKD4f6Hb+HNDKQo2h25Xy7XUiQLmILgEBHJUghemSor3z9kj9t/wAb+FPGWk61oN/ouo65NaXGmGy1+OOaGOxmXDoplVgpAI+bILZzkDIr82f2wviFf+Mf2jtY1jUDbQ3F9rT395FaiP7JHcTyBpBboiqiRA9FAAXnnJYn8d8H/DPOOFOIK2IzOdWeMwuGq89SNGNKFdyUOWU401CDmmpJrlWt5LRnvZjnLzX2Xwxg3G8eV2hJ7JNu7WibafzXT5wuvgVfagkl0NMuBFcnMM0cEpjfPKh2CkK2CACxwW+YjFeVeJ/grrOlI7x2kqCPIdGTJA5+6cncCB2AOPXk1/Zt/wAEXJP2c/iR4B8efBv4qeH/AAV4t8U6+E1LQj4kjtobv7NCoZ7ewuZ8MJlUf6pGBPB9BXuv7dP/AAS//Zh8UeBIfGPw2guvhzrGoeIrPwvd20I8/Roby4cwwzx4LHc9wMHDFWGOteNmX0y8DwX4j4ngPivIMywmHp476nh84pJVqNSKpwnGrOilGqqUou3PD2kU1Lms1ZfV4XgOWPyyGOwmJpuc4qXsZe622vhjO7hzaaqTi1dLRXZ/n1al4bv7R3V4JQFOdoQ4yBj5dwJ5PqTnpjA55We2ljUb0KhcggjJODjk8cEYIAHOeTgCv1K/aY/Zv8c/An4l+Kfh34v0G6+26LO3lTfY5UjvbBgWtr63kC7XjnhKSZB43YPc18Va1oFqIyzQGF1LL5UildwOV6jkndkYHOT/ALxH9u8M8X5TxLlmCzLK8bQxmFx2HpYijVo1Y1FKnUjGcWrPTRpWeqa1tZ3+GxeXYnA1JU8TSnTcJOL5otJuL1V/163VkfPOxixwQQMNkZU85GdvXIBORgDOc5zupsgJJ2ntjqCW4GMEjPGOM84wM/drsL/ShFJJtUxnBG0qeODgDHBGOuQeSRxnjAa1kXcVUENxwQSVAOc8ds9z3xX1jvKMXyN7WtJ6aLW1rrdbPTTex5vPC7cXez9Nfd6NK9u916aaYxHIAJJA644GAP65HIGPYtgNQfeDZY46en6dCOeOFGcjGavSQnOAACTuwBwv3ucnoORkEcjkEZ4i8tyAcEYPLDk8HB244P5jgVm4TVlJPZa8u+y8vLT/ADuaxqRtpbpa2qdrLp/SVt+slqVEnGdpUbifmAxjOTxjk4ywAxnDZwS68I89tuDgLyQcnhR04OOeSASSeeoJSEBZRwSDjgYOMAY9/TPY4+lJdH9+7HDYAPqc9M9CAQWzzn+7nBq4xcYu+7fo9o9276tpL9NRXVld3bbb6dVp8990vuGAbiAOqg8gEdM+pOOm04JGemMVMnLYIBJGTxyMtk59OMAADIPoMEVwXOG9Tgkjbjj5jxg5JHA6HqM5IqZMhiTyCByepJ68/wCH41S3V3/WnTqvy87hdq3Tutm7d9NOv52vq7RBGWX7pUDH3STj7pwM8Dvj0544ozAMc7fmKgkdNuMnIOeevAwPYk4xfDHGDjDZY8E4z0HuT3POO+DzVCc4AH8QOTt6Y5PXJ6cY5x1OaHG66PXrp27b28tbb7iV207u7389rb6/K6730ZVyV9zngYBPvxwD6njj3oAX0655zyDkAnkHkf8A18Hijscnk85AJwSegHb046emeinjGME46D5QwGcHGecc9QCMHqOuD/4Nvkvx/Luy0ns210T2XS1v+Bq9b+aAEj05AGCOo74I4Gf5c47yKcAfMc7uDjnPOe5GeuAMn69KZlQDhlz15HfuME8H0yAScjIpwH+1w3AIAPI5HYevB55wDS/r+tV/X3otdKye6evyXZ3S69PVGlp5H71T18p26jow4HJHP5n+dZZGXzzkHA+gPGAOh9D+OBjNaFiP9bknIQ9RgEDHPU47ZA5wccdBRJ+YhQAckEhuMBiQM8cjGe2fXpWk2nGL637aPWNn8Vlbyd9uo4q297vZ+V72tvbzaXnZjmJBLcqcYAIA455JI4PHoTkHkdajV3VgSQDjvzz1Axk5+gPQ89cU+RuSCc5AwSGOWy3fGAQSOWGcjkHg1CMByenBAOcnIwDjPIPpwfQA9a57t6JeT3021f3O2t/mVZP9Nfu1/X17ssiU7j93AyenPI4+70z6Y4HGMgUiSyCQdG5xzuIyQeoBPTqMDB68nGa65APqM59M8Hk+o6H/AOtTkOOxOAccD5gR68dcnPII9eoqo82lr69nbezenVt3u92+3RcqW3brt0b0fprbe2mti+k8pJBJCl9pCkdByOTkjGTyMgDpzVlGlYEFjkuAuQMhQQOSOQMYAz6jPQCiFQTHu2gMuSRwFPQ8ZBJz3+oxkirwiIeM7htwwDYPJ5AGOFORwT1A6HPNd1GlKS1vZJv8rq/Xd9bs5ZVFH/Pdfhd+WtvyvHHLISV+ZCvePjG3PU44OVxngZI55rQh1e/gG+K9voWQfdS5mTKg4yApweQDx+B9ajjI2DbkgElRt4DMeW65PbHPQH0KRyOJFLBSFwucMc9QNwOSOmcgjBznGTnVU1FLzsusn01a9WnrZpbXehkqja5t7ba9FbX5pbX11segaT418XWTW7W3iTV7ZiQUC3k7LtAGeN+AcnBGfzUcb9r+0D8VNFuXW38UXrhJG2LcOXJPzfez83Py4G4ZPHGSD5oJMjKnBXAXsAzc8joSDwMZB2jJNYmp5FwXOSzKrEY+7gYznrzkZPY5GMHIzm6kGlGXK97XW0bd3ZdNrbLXU3oS5na3RfOyi1qlulolpfbWx9P6f+1/8XLMJG+owXSk5ZZQ+SRz/CSMYz6HA7kCvSdO/br8cwJCup6Hp19ESFYBiMgDBOWBJJwMDIHYY5z8DJKY8kY5zktnIJwAVzgex5Occ9KaZGK5zk8liP8AaOeASeo6jng8c1h9ZrRatNtdnrtbytrrZK1le70ub8qXne1r2d1b0Vl/wNXsfp3pf7dml3M0Y1bwNZEqAAPLhkV1/i3Arxx3II4Jzk4Hb237WXwJ1/c3iDwBZRLGmx1SyhIYt8rHKIDnnGD+nSvyWRyTGVJBIIwoGOmTuIHfHHGS3Getb4VfLiIywkUFgDtOTgscd8jkn7pI9RxvSxNeUU7pu6+KO211Z6paW7d+hjOUYSScY2b1skr6bt6vRb9PPdn6iXXjz9i7xNIZbvRU0xwqlitsY9pY84IGCBngY9CAOgoTfDr9jjxJ++0zxaNHMhyS8hUAsONyn5tvJBB5B9ADX5dXaSLLIQCijJXccqQowSSOV+YHg8EHOCckwx3EsaYDKFJXacjk4ySMDCryMkrnt2zTljKjupxg7O1lFWaVrfK63tez9WNQTV1Fq7TdnpstLdmrXTbT32ufpjd/stfBPVXD+HPippwVzmJJLqIYbBIzudcHH4bcg96xrj9jFpA76P4/0O8jIIj/ANJjYsN33mAZiM84ztUdjgCvz0g1jU4WXybq4RCx+aOVldQAO6kABRgZHcDPqejsfHHiWxdTbazqsBRvkC3kqgnGSAPNyMnPGdvUkYxiI16b+KnHp3Vtu26ttbt01Ht5eeq10dvl/wAHsj7gf9jH4keRu0m/0vUFKhTIlzEoI6HaC3U8Dv8AhXIf8Mg/GrQdRa7n8LtqNq4Yr9kdH8wNjJypyoGcHjnjnmvCtM+NPxJsJIxa+LNYjjLbiq3kjBSDkEAsckZxxx06Y49g8OftV/GbT3ljg8W31zFAnC3L7lwBypDZYZOPTGOa0hVoX+CpGyvo7u+l3rd29HfrbYuMYy5bx3tZO67RfRbq2traa6Wt3Wk2cTPHt8p1Z8KsgLFccjG7JIPcjI9SORXtXhrwXb6uhuLiJlZRlVSDKAZHtwD2xnk9cAVxfw/0dNT1CKygiS6uJ3hiSINnbJK6qowTySSCAuNxPXNf0h/s2f8ABDj9rX4teCdF8YuNF8AeGvE2mw32lXmv3CCW4tJVDJO0AxJGjoSUV+doyMglq+IzjOssySFOWYTcFVm4wjCnOpKTSTvamrqKvdyei623OTD4HFYz2kaLUVFXvKSjZuytHmcVd7pJNtvrbX8avD+h6TawpA0RmcxqqSNEQo29lGMcFSueOc55Irp7bRzciRmiCxw8xbYuoAOBwMgDG4dPXOTX1F/wUF/ZBv8A9g3xd4G8F33xY8L+O9V8SIs+q2XhuZbu50WUsoaG+SN5fJLnICsBk57nD/Sv7PX/AATd+P3x18JaX4t8I6TdReGtatIJbTU7q3cI6y9ZMbcquc8nseOea+cx/HHD2AwdDHYjFwpUMTNww7nGanXlHRxpwcXOVmpKVk9r3tv6eE4YzPGTnSpUuZ0IxdWTmlCMZWacpSdk766vt1Vl+Xsulh7jyIokaRZM5ZNoUccHJABHPQjqe/NfoZ+xD+xV4i/ak8U3eh6Le2trBZWxudUnn2lbaEA/dBYFnbGcKcjODjof0Y8Gf8EFP2gtWvVuNa1vS7HSGVXnmLqJlUcsY0JDbyCCMg8528ZA/WX9jn/gmNqP7Mw1TUYfiFLZ3dxbvbyFPK827UFmYzPzjlgBgjIPc8V8bnPixk2Ho04Yf61KVV3Up0K1GnCmlecpVKsIRSUE+ttrLqN8B4/FS5eejGSk037WEm7JK3LC8pcybV2mmr9tfyL/AGk/+CUHww+Efwz/ALc8R+PIdR1kQF49PgaPzomjDs8jRqCxhXb85/hGec1/J78YfC2h6P8AETWIbaOCfT4dRe3gkQ/u5I45DiRhjhSF5U5J4B21/o4fHv8AZ1+EcXgHxv4r+KPi6/8As+maDqJSOe8jZZnMEpYlXkJVXPQIRtBO0g4x/n2fHTTPDk3xP8UjQYzJo76zfrpMnJL2y3MgiZg3cRqME99vzV7Hh9xfS4sWLlgqntaFCcXGTqRqWu1FXcW7JOOievK76PQKvDVbhtRniuXmrpSi0pWajyp25k3une9lq9Oj8Yge2NtFZ2c4igkQpILRMDax/iIORk9xySvGelcPrVjpNlK0Lm5umUl5WldxtUgnOehXnoMkfeOeK9dh0y1tbQIiKzNlSxQhweucqMfeOQeSOw4rldb8NWV+7KsbhnK+YwJBK5GQVBBGMEA4HccdT+rvL8RWUb1OVWSaTel7dLt+rVttLK5jh8zw9JycsPGd9ddN7aa7bau68lqmeY/8JRoum25aPTLaURD92rRiaRypJO4gNtXJ7jJXHzYGTyV9491LUfNNrZx2cbKFAWFlBH/PMFVB28ZJwPUKQMn2e38F6Taqsa27l2JjLyxhsjj5iCCM8tg4wCCBnABvSaBo1vGLY2sON4zMYlwMnknIwTngDGARnoMVdDJ37TnlNylzLduSbSiuvVRTa00V2mVi+InKkqdKnGnFK3LFR12S9/V93vo0ux6T+yl4qOj6zHqF9JPDMqDyIVZijlJAz/KQCEIGegwR0Ga+3PjL8Zb/AMU+F9UTVruNLKw0x47G1klJYZTaMIMBcDP3gee/Un897EpptpJc6ZI0MsLCOMwoB8u3B+ZcYyevA74xzXB/EXxVqEdiLW51G6nedRvRpCmECcIQzAY4O4c9SMkqVr9NyPMaGW4WVNx95QlGMm0rOaitXfWyfupem7P5r408PlxXxLgM5q2bwtalUpxdmvdlGSffRp6e6u9tGc3o2iaFr19qNzqzuscbu6xRgAspdiGVc8gDBJxyMk8CtSfRPA9hOk8Vo1xhmClh8oALdgBnJG3JHJySPvEePaf4iNid5ZmkdSrp5hIODwAwY7uOBnnAHTJz6j4LtdV8ba3oGh29pJL/AGzqllptukMMksrzX9xHboRHGrMQjSBiR6elfI5tj8FhlWx1epShThGVWpKpKNoxik3JttJJcuuui7WP3LI8LilRoYSEZ81oU4Rim2/hS0WltV3sek+DW04arYXFrCNLgSdSGVVG8bx8rOQByBnkgYJPHSvdfHHjbWUiFlp10iac6rBI8KrEpDDkowzlsAbiG6jr1x7t/wAFAP2PLD9jfwb8E7Sz1FrvV/GfhxtW1q4YSJOLyUxSvbqpwFS33bMAAKSRnPA+OfhkdL8bJNouu63HpMNivnRXMu5pJjkfKu44J+YkjruyAM5z5/Cmc5TxZlUc0y7lqYWvKr7Gs4JqSozdOTV093BtS1TTT3Z6ua4XG5Xi44KtJ06yUeaF3eLkou0lstL3bslbfWzZfQawvhrU9Yk1C8liikigicyym3kVhyhYY+dTnGRt4OBxivPIY3udplTI2q7SrhiWJBYHqduOmOQTgle/1J4s8K6VD4Tl0C08QiXR47mK4knSIobjA+cKcZ3KTwozknOMZNcXY6F8ObBo/LnvdVdYlUjawQMAFYcDIPoOuO/au5vCU5++2qeluayb+F6XV3G63em2nRV+/mo29+8Ve0tG9Nlrrbl1v6dTxyQwRldjNgY3NhQGbpggAsc8Z7Hnpyaq6re3v2WQRWg3BANypkL97BAAz6bhjAwRzxX0Q1x4SswzW/hqNgoU77lkQk9gVbJOcntweMgcF0mqz3kSwaT4RgnmndVhhgtGmd88AHbE5OSRhVPzHA+vDjMwyqjG08VQgt3eUIqOke7smvn33dj0MNg8ZVso0ZuWjSjGT6JJbN6vXd66bM+I4bfXrnXLGV9OuLtY5gxcWrlFQN1U4HqCSfc8V9n+FNChvLjR31Jo9OgnkQXEkysZRAAm5mABCZGQMD7p4xV5vhZ8etduIP8AhGvht4kd5kULFp3hy6kd1YZXCrb5KuAGbAHv9413F3N4y+Elnc6H418JNaeIJLBy8PiDT3sr2GSWPEapBcojkrnOVHynHHQH5hZjk+KxSpYfHUK1VNN06dSEppLlu3GMnKy2ba06XSSO6WCzDDUpOthq0IaJSnTlFJ6Wtez7rtdbtO66b4p3HgHQ/B+tR6K2izWX9lm2mDqv2jUblkwqxbxv+/gsQCQeByTj8xIRDrFhPBp1nb6a0F48kklsP3si7jtXYDyVXbz8oPXrkDv/AIgDxnrOmXF7eC5SyiuWkmaOB4re3EjFgAwADDnG8cA85wM1j/s8+DdY8cfFXwj4C0SSJrzxdq1vo1vdXc0cNjbS3swia5ubibCRpCGMrFiCNvDZ6/QYrGU6WDnXcUqOHpSqTlFLSEIptvlV9Eto/Fru27eThMM5YqNC01PEVEoubjyxlUa2T1SvfW6XRmbovhzWr+ItY28zSJJgsIzngjLSF+CSOfr2BPPb2Pwx8W3GwSx3Mslw/wC7jghmuJHZsH5VjDZbkYHPtnmv67P2XP8Agk7+w78MbG41D9ob46eHfG+sRLFPcaH/AMJHp2laRbzvGjTWkhEyTyGOUvGXDBSoG3j5h+iFv8Xv+CTP7MumQ2OkQfBexOnrtRkisPFt2zoOG8yQXMpc4yQcHoPQV/PGa+PmX0KroZLw5nGbV1VnRi1hKuHpOUJKPMuanKfI2tHyJyS6H6HT8PcVJOWKx1GkuWMmqclNR5lF6y5ow23V/dbP8/C++AvjfRNV0/V9V8GeKLS0lu/Ki1TU9Gu7LTZ2yrMsd3LGscjAH5QG5GG4zX0h8Pfgr4T8Uzyprd9eWwSeOO5cAOIxgARR78hQrDG/G3AGMkZr9tv+Cvn/AAU9/Zd+Ofww0n4V/BbRkm1DSteF82r6V4fttC04WsWBtiZIIpGaQBgMNs2gEgZG7+Z3xV8a/Fcdo66Ab3R4ZziV4jzKAOXIGWLHkjHfA5xiv3nw54lxOfZLHMc1yiplmIqznbBVk78kXHkqcrimlNN6NXum7H5dxbkUsFjFhMFjZVIwhFyrxSXK203H3XK9rau9oq/qfS/xP+CXgXwNcpc+H/Fzm5nuhDLYySL54h2jLqYyAFAOeegI56geIXHh7wpY6pFb6h4knvILuYOAsrtHEoxmOQknGCQNxAwDnk18s65r/iTVLpbu71XV7m6ljLCW5nmUrxubaXPJI4zkcZx1OO5+H3gzV/FV5aTzyX8lpuaN2Vnkd5AC20D0bBBY/dzk4HT7avmNGLlejGEElpde7td6u2q8rx9Ty8Hl2McadOWI55c0bPV3TcU47rm5t7arZrojtvF9x4J0OWe100S3k80m+J0n3+UnQ/MCV5Ck9STnGRgg3PhNoln4t8aaZc3GiXmq6DbEm9tY48jMZOAzBeN5HIOSRx1r6Q8Pfs9Rf2BqV5aeHZNR1N7WUQCeFpSkzAldjkEA8jdn7o98CvY/2ZPg18RPCV6V1rQ0tLC6uTeNK6KZc5YCNcrhxkjAzyTgckV8nmHEOHw6qTpThLkjpFPVtNJX2cpLV7LS12rH1mA4dxFWrShOFSMZuN5Wask11slvuvl5Fr4KeM/jF8HPitZ+Lvgj8OIdM1DTr3+0PDl7qNoly1pPEpVZVjZDGinHAIz0AA+U1+82h/tLf8FwPGnww1L4g+Jbi+8I/DeHSry61fVo7GxsIm0OSNo5rm0WeJZHWRGwrITncMHuPkPwl4eawummitZYbmcqPNkESJGoYMduRxuAwMHH0zX1p8U/2wPjLefs+eI/hPe+KVg8O22lpp6W8M0f2ibS4FCCzIQk+VIoyegOck9SP554p+tZ7nOEr4fK8LWqOvTpSxVWE51Y05VYPk5m1yxfM31ej93ofrGAy7D5XgZKpi0+VTn7CXJ7NWSfurlbc9HZ9XezejPxb8WX+paprOqanql2b28v7yXULu7mbMl1czyPJcTuVIG+RiWbk9zk8VhCTYiMpH3c4HA+bByDkEgA9OW4JJI6RXkpuppNoZIjtKLkk43Zyzc9+RjuORgthYY8jDAgRHHUkEDjnPfsSMc8cDiv6mwFH2OFw0LW5KNJJLZNRjGyVtNdu1um6/JcTW58RWlzaupN9dFfa7fZWafysZ+uSkabePyGFucEYcMWOME8nA4IHYH14r570+5AuLxHALGQjblixCqcleRj3I6nnuc/Q2uwudH1Dy5BG0kJfL9AB1IIUEfewFzg57A186acCt5dh9pKtnzAvVBkZyd3LDAJyMdBgkGssRpVSta1rdbrR9u9t1ey+/NWdpPrpt6c17O97/Pfudj4KuFM+o4QlWfLZQkopyQTjHJ6Hv1ye9dxIqhmiRvvE4bHK5yBzjBJB6HIJPIwCa898HOgvdTC5V2dQhG7BYk8YPHqe46g9c16HEjP5nmMQRggZwxKqckkA4AIyem4/d5DCtKMlKKjfulLTe6bXrqtbWXS6aM5OMU3dJrRWa/u+q2sutvzW2iZGKsfljPG4ZJX72STwAOcHP5kCu98PFTqts3LB5E4XnaFPYkAdyCMdQBjvXCwhjIE6bhtyRycHqeeoJ4Y9uGyOB3fhyMDUbUlwpaZNrcYwDzwO+WJ6AnnB5Ir18JFKcWne3K9Onw2T6K622Sdld7nk17u+qd2r6pKzslq7eW2uyu2fSkcp8uIAN8iArhSd/APzgj6sSR/D2yKdGzHpuwzEL2bLfeA4A+U8jPJz90Z5hV3WGPY4dWQbicADKjn0xjjqegxg9YVZwclgVTGAAevJByMkkd8Y78EcV9HByulrrZaW7w3t31W3pueVOm73un8NlFJ6K2/Xok/vZdQEBfmwQWBUlt27BOTjpnoMcY6gAczZk+RgQAzYUZAz+fJ9cnkZP4Z8coYswYFgDv9ieMHG3BOQMfe/nVgygjbnooPBGA3PsTkAk4B5OO3J15Vt5LV/wCFbaeXXr3Wpzyc0n3Wia2WkHFWs2ubzcUk9W1yt3/KILLuDMMkgDAw4+9knGO+DkngDrmrlhAszLbKCXZki+UEnMsgQEn0Ab7wzjHTnFZCzoCGYgspPCE5OATlvUjptJ5wSCM87/hgrdapCQdh8xHZlJG1kLEZODnBGR/EMZwcYp0rKomkrX1Wtmk4vW6drdrX6WdjCvDnoSglzSlCSSb6tdWlo1t2dl31/fn4P/8ABD/9ma7+H3g34ofGP403FkfE2hWWvX2ny6nYadDbveKJxbq91KG8uNX2tjPQnnrXrA/Z7/4IxfAGWRvFXjPwr4jvbBP3kdxr0eqys8eRnyrOQqXJ3DaPXB6mv42v2gf2qfjCfiD4k8Jav8VvGNzpGjXCWOnaX/bd6ljZWUagR21vbxziNYwoH8J2j+E7gB8p6j8XNSmlLTXtzKssu+S4uZ2nkkHGTmUs2SQeScYyFPJFfTRzbDU6UY4jOsZLTSjg4YfCxpL3bQdTlnUly35ee6utbH8mZn4Z5xjs3xWIw+QZZThLEVG8RmFbHZlOtJzT51RqVadCEXdNU4qUU9LtH91V7/wUs/4JMfA1LmP4WfCmz8XanahkRrXQYYllZWxn7TfRTLt3fxDAxjgA18+eOP8Ag4qtdEaay+DvwJ8JeF4YwEgutZFtuOQQjGKxEIJAX7oXIACjODj+L66+Kl8ZJEtLqTBxuJdV+UY7LtOO+AOck5O7nOb4hGZEMtxJJIH3FUJI+Y4LE+mcZDdDyAD08/EZ1kaXNOhUx0kvjx2LxGIV/dV+RzVO+iTShy9l0Pcyzwz4kp8kIYyjlybScMqy7CYK93C6VSFKVVtq6b52+5/St8XP+C8f7XfjM3AtviBYeEbGbchsvC9lFCVjYZ2JJKrtknBJySAcg54H5r/E/wDbu+OfxLEl74n+LfjvWTPI5a3bWbu2t3Qk5UpDIqYyQDwMjd3OW/OFPEl3f+aLKw1DUAEHmeRaySgFuMuUQhcNwOR39s9B4Z8MfEnxbdJY+HPBus390wJEK2kzr82fm5UKvYMxyAMDjpXkVuP8BlkXGisDgYcvvezp0qTivdV3Oyle2urvpvdH6Lln0e8zz6pCdfD5vm9SdknXeJxCm7x5fdkpQfX4UvRWR6rrXxXvr4tNd3F9fSTBy7391NcNubuWlZmJB43ZJOSfm5I4S48bX7IyJ5iLhgHC4J38bDgDIwRj884yB9FfCb9gD9rv4zXjW3h/wI9ra2geW7u9RZbaOKPOPlEoUyKM5yvTH93cw+wLj/gkV4q8PaNp+pfEf4w+HNA1e8I26DFIsUiOoyYXkkk2DLcM/wB0KDzzkfnWd+NuSYWry187jOad1Cm5VXo4q16fNqn0evlZ6ft3Df0Q85qUlOnw1HCxsnKeIp08P0im7zcZdXrZNrd6a/kXPrOoiQgyPIpU4MrkDPc7SSMDcMfzIAxgXWolN8s15bssiFSm4MV2g5I+Yndk8HuMcAHn9MviD+wv8FfhwUvPGX7RWjvcraGZtH0q6gvZHkXh7ZXicqsuBkZx823HNfnv8bfDPwk8P24g+H2p6vqk0aHfqOoEeVcSOSVWILjBXGCMnn0PFedg/FTDZy3DA/WK0Wk1VqUatOH2WnecY81+tk0r6tbH0OYeAf8AqrTUsw+o0pQ/5d0sRRnUSsnrCnKVr6/FbXs9/LJtd02EGR52lY5VlAYAgj5sYwOSO2do+8QSCMO48T2aRfI21cgBNvLEnIJbaOhxnPOAAOhNeO6rqF1A7r5rPIzBZMrgJ14xjHTnPrngDGKkU0sskZ3mQsU2qWyPmwCCPfPGVGMHkg4OmJ4hxlVXjJQul8K721vdt77JLa17pnj0uGsrw0uWOHjOUWkr7L4bWtu1192yVrq57DDrM8ttJKVwCxRZcsSWONo446Y4XkcZHy4qOF7p2Ek8rKuBuLPhgDuI244x6n8e+KzLAeRbLa3D4i8vzSFGeflbHBPQ8sFJAIzwCKrT65YB0QO/7tTuUZYORwAODxtA59SBg4xXy+IzDGVaji5yd3Z+89b6JrW3b5d1q/ew+X0IRi404Qtyu3Ko2Vlvr0Wm/M7q1lqdjb3OW8zyg0aZDu2STgcAkjBUgZyFwAR2INYGsa3bxM8cf2eLGJGxgEAk8LtIye5PbrgA88jceLhFbNFDuZmEvljcNqjuzY5Y47EgHGBg81wUupS3JYSbjuBZ2zuJ5baMEghfmIDYbA+8cDFFL2//AC8bs7aPa+lns/xaf32PSdWnhoxjTgm3pdJLa29tOW3mvXQ9Ev8AXbi8ix5JWBXwHVhuLBcA8Zxnqx4PTisI36yRjzcl0YhFZ8gKTgbyepyOwx/eC855Vb67I2qxjjALYJwCpB67jjnghcEgY+bnArGeWSQRMSON2QDluSQBkYGMnkYzjnnFbt9+mjemu21lbTezV9+t7TLETupK2nKm/dtdtNctk1daNXba1elzqv7TWVHUqoBblwCDxkBBk8g8kHkH1ySKdGryjLqIlLDEgGGI4xgDB6+5HHfOKx9OgmkcLkeWoYkkg4Oc45xjGOSe3ZiDXSg73jjZduPvMFOTtPAwBngfMeoG456iuWdaMW49U9W7JWulbfzu3sl56nRTrtxvNRXRXutuXRWuu6XTZX7Z3moz7IkffkjcM7mCjJxw3fOccDkLjjDvs5Lqxwu1QAuSeuQSSc5PfjP0I4rZS2dyBDbhXVzkjALKRkkAgHPJPGN2Mc550YLOSUZaNFfcAN2Qxxggnbk7sYHfPHGa5p4yMY7q+/XXRO68m3bTRW10KlOE17z1jqreairJ20Stsvk+3NHTHBlbcrgkEDbkAHHbJ4ycd8gnJySa6DQtCW4Y/u5eW2+btO1S3JwCAMEE4I/DJGa2rDT/AC2d5EXKn/VuQ2f4QTu646nP1GAML3VhcxQxqpWJSSNpRQq5ABw5ABIXABz045yBXg4/Np04SVPXdaaJN23bd20vPW2zOOXs3J2tdW15W1vFL3tL9rX8mraL2z4E6xoXgXxJa3epeGbTxFavGYbu21FF2SRHO7yyeEIVgAwIyR3JAr+h/wD4Jq/sM+MP2t9C+IGq/DDUl8MeA7m9WLxDokhIt7ZJ5izWtnGMF5zGxIcBtq/eOOv81lheSrLC0rIkTnEkiAKxGflCkZ5A6gdMnPODX9DP/BPP/grdZ/sQ/BGTwRpHhdJNVvNWe9vNTOGN/CyhEWZiCQUJLA5479ef5v8AE2pmVeOEq08Lj8bRnjaUcbSwSjLEPDRV70I1GoKSqKFpuTtG73SPveCMPRr4mvzV8Hh8RDDzlhZY68cO6rdNWq2bk1yc+l7SfKrI+/f2p/8Agi58D/gP+z541+IV74xa78V6UJbu1ivpYUisblU4tooT+8uC7dMggscHAHP8mXjPQdMR9QuGCQ3NpNLFkkKs21iu8hSMH5f0G4ev67/t1/8ABW34iftO6ZqGi3LtZ6NM6zQWNkWiiDybWJlK7Q7Eno2QB1wfu/hD4s8UvcvNNNcyySXMjSzQszcuQxxnOeOckZDHHfNR4a5PxHWxeOxeKjjcDl9epS+p4LMMT7fEwhCMU6lSeylNptUot8q0+0rfR8WY3A4XB4XD8+ExWMhGp9ar4On7Kg5SlH2cKaspVPZLmTna7urXPJvGepHT5JliwXwdgVhsVWyOmRyAOOAD2IJryeW+ubxsqJVOMfLyjZxkEgj1z9T9DXT6nfpeXFwLhG3O+MEFsKrAY5ztyT6DbzhsHjDm1OxWN4zAFeH5EKbgqkcbnKgAk9emSexABr+ossw06FCnHlc2oxu/RR1b0tb562R+N4mr7WTldpN3VpJNXs7pWTSSWratrfoZkeoOknl+SHCNh8sXYMAfmXgt15IGM85HXE9zPFK8Mrg+aSwb5P3ZIOSADx1445HXrgnOluo45llijwzBhubOCWGCzccg5GSclcZ5OBVf7aJFSDA8wvguBnHOSpwDweeh6ZBB5J96nHT4bW1t005dtd7X0fl2u+FyTfvatvolb3WmndJJ6O2uqtbS+nrHwi8K2fj34heHfCN1I1tZ65qdra3N2WOLa3klRJG6g/Kp3ZwSCvUDGf6Vvil/wSz/AGXPA/7MniTx5pfiabU/GGmeF11WxkkuolVrtbYSurIpOU354KlsngEjNfgr+xl4StfEnxo0KK9SRrXTI/7TM8TYbKENlhnkZzkH/Cv6ePiHY6RN+y98S7mJri58rwfcFI5WdkgdLdgCm4kDO05HUEfQ1/PfizPiKvxFw/SyjPMVleEoYmjUxWHwrcFir16baqSV9HFOLi+aLT2dz+nvCGvkmE4RzyeLyXA47G15ThTxOLpKrOnSjRs4wU4twvKXOpwtJab7r+O7WbP7NdXMRYFFllRgvG1UkdRgHnJxuIyCeBj05oM8hdAruiAqxBI+UbueeV53EbvbA4re1e9SO9uxgsHublW3gnBE8vVgOAAeQMdeeK5s6lFGJlQEyYchgdoyccHkcrkZAHOCcdcf0BglVlh6PPrN04c0pa3bUG20k9G93ZJp66H83ZjKMsZiHTSjF1qnux1ilzaLbZWulbq1qPhhEzkEsESQDG4H64HqBn8gMZ4MtzaRjHlMTtOXJwCM9MdQO4wMHv2JGVa3Sxl5Nx8xznZuIzySccAHIBySAeeAahuZZFLHccSMVbJb5SAPlAB6cemD29u335ShdWUbNatvpfS7e6au+7u2ee5ttKS2s9Lu9rWu7eXVdd+hp27o0zKSEVGDhiQSwI6E4zkYI4OOcDvV+Cd5nILgDJWLDADHRSSWJBJIIPQnp6VxTMyhlWRiGDBufmYkZAHcHGcEZJOec5q5Y3RUKm8lgUcZIPKnPOc45wRzngkg9RbhKySteySun05dLq33eez6EpWXvWV7de/L17u19d97Lc7WcTqI2LF9gG75g23bnng5XGcDjnPcYI+g/gaJrq31hs5COrAAH5uf/rjPPBPGTjPzQ+oh12ugUEbSAQpPYAqMfrx1zzzX1J+zzJvs9aBiCgSqSctkDPQc7mGMdyeODzxLU4bx0WrbfW105dV166u7tZouEYzjOEvtRbWttU1poumtrtdebdW+krW0aVIkVArE8MSCFJAAwu7A6nnnuO4J9S8L2EljbxrI6u7ldqDHBDNxzzk9fxy3XFcrpccUqIpUbQVwVUglgB8uBjcM+vTq3t6ZpMEYjBjDAZDHAzjBzgH5TuJALAAZ5Prj0qEtIu2ji73v5dLX6dUt2uhplNPkxT5VurPfZpNXvbW/4ea081+PUq23gacvnc6kEYI4ycKeSTjO7gc8cbea/Mu8txcsoXghskZySoJBIOdwAPHGc+w6fpF+0hdGPwYo3OsbH5iQcHjpnnkkkEEY79TivzNu9TggkcMrbzxEo67m6HAOCMcjjnIzjFcOLjKpU5bOysl57PTdJa72fXfVHRmri8U42d4qKtqkrcr0XZtp6NWu7PVXkjs1ErxuWBKjsMBgeoOMr0HXHOM4G6nLYRylllVggwQ3XccEcNgnHbHTj1rIS7lmMj+YqKqDgNgv8vI785yCOnA7U99WlihAPybeEbOWOcDOFxkemScZ5APB5VSfRNO6utrNNOzaS7JbXXfc4IS1Wmm3n9lp63+V353G3VnbwyGNmyGAwoG4JnBJYAkZHA44z3FVbq3j2AxlUVSBubIL4HI6ZwMnBJ55wSRxv+GvB3jDx7qLWPhnS7q9kfYJLgxMltEhBzJJO4CIq4+Yls7SQSe31f4S+BHgfwhBBe/EvWY/EGuRSK6+HdMfdDE4OfLuJ1+RuQQx3Bfm9sV1QpSaUpe7G/2rWu7aLXrdLZbPexpzJ6rSVkntuuVq2jflutUnflsn8m+Ffh94r8a3rWXhvRL3UnU580W8i2q553STMAgUdcllAIyG6Y+mtA/Zy8L6BaRX/wATfECRXsQWQaBprCSdyo/1csgJ6nKvgbgOOpr2jU/iVNHatpPhTTbDwbpMMJhjTT44ku54wCqiSdQGc7fvbixznbjgnyK51Fp5JZJ5JJ5gGzNI295GYcseucnIGMgdgMmlUq0aCbt7RuybfwvZvS6u77Pq9hxkk9Xza2W/ZWe+mu2z721Rd1HVPD+jWtxY+FPDVhpOnyfItw8KTXkigKrOZXyQXCHgEKDzgc149q8twZXigmlWJlMpzlRkj5sgYAVjk4XjrwMV1Go3MzqqFlZA/wB3Odo6ljg/KQcEnHG4dvlrhfEeqRQxlrdhNKP3PA3BeMHJHynB4HOMf3ifl8eriquJqRurpNWjy6Wslrb81tpre5LrWk4t2Wzsop2VtNOjb19Hd7Ga2pSn5UffM+EbjGF5UngjAwCcfQdayZLa6kcldxjJOWHO6QdchcDB4xyAMAcHdXKz6rMk4mjYsz4UY+UZP3wQOcDoAR7jPWuts7q5ZIY4UJeVdzkhsbjk5HQgheSCecYHJAHTGPIr2W9l13SW2iXR9HayTavfeFp3d22rPW+lnDppu11elrXZgyLOJBEqYlDZZV2kEA/KSPmweOoAwOmTnPU6be3tsjKqbIJMRyMQcsQRk575wBnnjGQeK57WL5LCRJRGPOK8EbgXYEjLdcnGPlHbtk8z6Lqkl2VyyKzFgI3O0L0+c7u54YHr0OcU5rmg21fru20ly9b266u3d2toNJK1m9klunZcnT8Xs3d6NOz9Bt7TS9QkzmVMR5IbIUOOc7h05Az1XGQSNtYeqSpI6wWMayXO8JhE7KcAL1BYc7uAf5jR05IbdRHqNw0cEkpIdOXfjOV29iABtGcbQcEZFGqeKdGspEt9KsIzcpId074DODwSGOCDtXdkdCPauGPPF8sYuVl1Ttd8qSutG1fSy1Xcu0Y+9ezula2t7xcVZXvrfb8E7kFtbXujWXmXCEXDsXaPdgbMZBYdDgfwkdyBjk1Dpd1earqCFHjAY7pcgKF2HI+VedqqCeOp6gYrA1fxYNSISSJhIfmlkVgVGMhQm48Z5woHQ8DaOKuialFaXUcjN5S4bfK2VGSeCwU988jGP9kAmrVOo4yvZTem9lra+tleyV93clW9NXdpuOmmlmrr7++qtp7vrE8lho1nPHqHnBDhLbcoLMBgg452D+HGc45yMA73wAlW7+Kvh25kaSOZr7ExZSI15GFU8cknjjHIOD28ssNU0+4m2Xjm5QPv3Ky7PVEVcDbg8nK/ePB6E+2/B/XoLj4keFrS3sbeFkvVbdGoVnBIAU7eOQewJ4HTIoy6m6FekuVtutFybT0fu6R1utu2ztbo9LpprXW1tWldcqdtXpa/Lra2nmfqtqRAZoxgsVyqgHjnBbPvnnkdema5TePMC5MjrIQ3OMd/bI5znpk9zgV0OoyFpjkqj7GZWTJYBcnByNvI4zjngHBznm2kEUoL4OWzuPBzyeMgdcd+DjPQ4P6NJx5I7apJe7folrutGt/S1jFTsns+lnFbe7rqtbW3aaSemtzjfEAbzJVPQEEqMEnLZHJwCORnpyB+HE6M6f27cLtfl4ssfmwQAAvAB46ZPpxwQGvfEDxJDos1tGkDPJczKJSGOFjB4wegIYA44OW5PQHkfBuvW+o+JrmNGwGlCk9CuEB6t157kHkHBPJrLD8yrRjfRvbXySV07eTV1pq+pzSu1dKNn6Wd43stdNdH3+49+d5PNTO7Ykf8RABHAAA7nHOO+38aoz7sccoC2WGMHluQDzwcE+2FyCeLD3MYB3KrgDarjKn5T9dvGMH5e3BHJFTzoyHVlIDZOeu0YOOgJIPbIB6DgivYs767tXve17OO+mn3eT11OCS7336ro9mul1bvZ6W0TOh+HzN/bZUk4MnXIIOc4BwcjPTpjP6+/wCo3nlKuVyUXDZOVC++ScnH/fPGD0NfOngKRF1krko/mg5GeBnIAAHDEYJzyOQTjdXu9/IsiqmDyGDAElu5Bx0GT15zgj2r0aCbgnyq1lZp6StZtJeS9bK7u7ac6lGLac+vna3Kuzsr997/ADORuNReZ5WyRszjaOAD68c55IxjA6HrnZ0W5bzIyzHKOCAPvNwSctyNrevOONuM84dxE4fcoKxgFcZGG2scFsAk8Dp1wDjFa2mJsdZBkkPk4GNqnhsD0YAZLEkjJ5HX0Iawkna21lezTs9L66X89OutzxKyisRBpq/NF2Xe61Tvq2+3p1Pwq+PtzPcfGXx9hW3nXLlQd2CcSP154UDgY9sYPA8Ov55oG89wzLwoUj5Mrxt3E9+nfjvzXuf7QEsUPxf8dOUGf7YndCh55kbK7hjg9dvI9Ogrxae9t7xJFG1Ujx+6kHzBz1IOCfYHIx6nBr8jxsf9sxHupfvZee8tLvy2+R9xBJUqe2sIa+aila977t36PS3lTj1TfGqxxCJ2RSqgEBsgngleT3wWyMA+tXoGKtFN5m1mILKSyKWbK84IzgDBxnBycc7awnt5TIjKu2NSSMEYVSThQQRyR93Pb8q1URmjIYqEtwCpC7vmA+6TjndgAcn2IJxXFUim2kklpe732tfy7d0tn1md3+C1ta147vdb3t1S9Dpr4w2dr9ujJkZo/wB6oY4DnOPmI+bJAwD0GR8xPOLaRz34cMf3DAEYB+UtgFRnOW6KxG3GOM5rL02w1rWppI1d1sfMUNuDKigFhkAjsFz0z37gj0uPRfsUaRIpk2xYWRAFBZQFLZHJOeMhiR3Y98ZTjSSi92r6atJtaXT1vr+fRmTbWjcdulru+j+F6rTRa7vXRHITae8aiNJNwt8mTOQWzk4I45yCcqCCemc1e0y22LJcO2IoxujHDBmAOAyjBxyAc/d+uQesTw80cTTXMbkTxk5UkgA98nJ9OCw6ED1qnPoa2ot3t7ojneyOWAAzgEKDklQGJGOw4yRRTrRnpF66aLTR2vfbXTbR7u9tpctFbr1V090lve2vN5PZ7a4R1CGaM2z+YAJCzo33SC33MHqABnI9RjqtT2F7aW0zeWqpGzMm1lJfex+6D0VRwAcjk55wKhvdPkGpxvFJC3nHaqRtwXGMqVIwM8k5GMFcYrpovC7zvB9qxFkksyKMA59D1xzz0yNv13vCzT0dkuqt8PZvZpLW9rXdkmS242Xotmm7WsnZu+9n0uum5UkkuNTwI3OyJG2IWACHPHytk4zn2z2X5qwtRTUIHMRcvwzSEMWXGBjGOVIHQYIzgdck91ceHTbKPsU3mMxIkIb5NoOBswVYZA5yDkjp82BjmzuluWtlRJfNZUBxkdQCeeR1B6KBnnoQbpq6aVrXdrOS6xbTV+q8ra6aMqE3ole2l1f/AA9+Vq1ui3b1MCxa8SMucybYyAoJJ5PoO4wQW528Lt+YmrBSeYQyNGChIUgsuMZwAd3XjOQTwPbp6hbNB4Sypsba+a8iWJmnVMxhhk7QdwDfMDu4x07c8rfaWbl2uI5Fghd2ka2jYBkGSwCgcdRgngjjqa0mo26KzjzdI6Nbcytaz0vrsgbbaXmt7a25Xp0svN66+RzOp273CReQigRht4AAQMB2zxwOOP55rCNvNtAQAuCCzKcKD/FkHBXHQnpxwcc11LhQrRNIAsj7Vzkvk9Tjvk9vUkHPSq4jhhZ1PzoiEtk4LE45AHVgSTkdB26Y472av0t9yaSto+61177XLjFXvK11a935p20tHpfRa766tc7PFKsau7BtzYCAkkg44ABB6E9uMkYNUXjLSbykgbj5ecY6Yz75Geu0c5x16i00p7+ZHiO7MoCRg8jJx82fmOM8gDByc9q9d0v4fZiSa/ljUlkBjjQMQQRht2CcY7AHB64BOca+Kp0FZp3303WivrZJdNu730NZ8q+TSV733Wilprs+l9mfU37FHi2y8FeD/iPJfXSx3NyqyWVs52mTEYXoDu6jBPAB75GK4Txd4gvdY1m5mhUW/m3Zui2/O7cxOQx4C8ghW+vQjFLRrSy0CGW1sy7vKod5FQqrfLkLIANu3gZxg9ecnFZ+pXttdbBPLBG2SWWMbWGzJ29jn+7gbfvEcCvmc1xVXFeyW8IaKz3u4p3d1b3bW6dLXNaU27JJWVtFfW3KleSTf3b6djQ1r4i6tdaNFoOo3qtb2uFjtjgtJGwwAz88E/KRxjjkEYPkuu66lrZRLHstZAxkIBwWCnIG7ryCBgHdnjnIzR8QzQu8k8MpWVDgxs24lVJAYHrkjBwevTG04PiviLUZ3uCkk8jRKWZN2fmJz8pLD04GMYBAyO3Lgcsp1J8y5mm+aTbT2cdL7LvZaabXsbTnKXxa3SWrTaVo6dH8l1Wh0+q+IJ9RMaCTeM7hGCVVUGCct1+YZPIBPYHIxhzatbzlrPyUhEYZvMTBJfBCkZGe5JyG6AAAcDlLSd5518tW3MoUsv3U/h3cdM8jnOCcH0rebSGtyoldyki7oyq7SevzknsQfz47ivplhqdFRTbcnqrbN6dbaWf6XSsccUpt391Wtb4rq8dNW3rey2127GeGVkZVJCh8CUbslicjr97OTwTgZOMEVhXUjQ3ZOd4CqWG47mJwMqCSMdPyqzfTC1keOKQkqzAoM7QGyCOeMkdD69+tY63MZmTf3k3mRuWAHQEcEFiOPpzjpXpU6ailbW6u9N1pZ69lb8OurqEVumrpPS+mrik9b310tZXbSdro7KwW7wZXiU2wBZQ3JyeRwADtOckdARkng1l6ncRuTvRVmLbSFIUKFPGDgDIB4z1OCBWpdalaxQK8cqM8kW1I4XwqKBxuQ49ckcZyQMNnbyctzHcKZ3DKWcbipJ3HhRjJyAME44z+OCqcZNuUotatx5re6tNNk09e7Suu2i0dn1v5rW6V9V003079TalnQ2ixoRF5YUtuUZZv4iC2QD83IOAepxyKmsfED2l2hRUKBVQqRlWyB86oDk5zyeOwJ4Arkbm4lbcdzZ+UKrcAryN6Z57dsDjrULXbRlHcI5UAAKDlenPBPPrgDJA4zzWroqWkm7aWXK2unbRdOyvfsynFuzvFWtfrZ3V7JNJN3V2t2rqyaT9ZvfEEGowraSgE7g2XHA9ORjABz354GMcVytzJH5nmwDOCFKoCOcjJHB2rz14AIwQOCbPhXRW8R6nbWRmeFXxvkVTtwcDJJIJYZyPXHJA5PvS/BKWJZngla7ljRmt0gR5C5K5AlCghT0wcY68YAzx1MThcJLknUSlOzSbtrZK+7tbb5JeuXtFF2dltu7dtHa/3XvbTdHkemXzxvG8zSOxwdvJO1QD8vHIBwCGxwMYIB3aOpajcTxi3hfajMXbccEx9MMuTtwGBIOVyTgemvoHhHVr/AMRSaXLYT2c6y+XM0iGLZGhBk+9wCQDkfTBBJr6Guv2frS5tVks7oC+miRrdZZEZSWUBwwyGPsACOmTjrz1cxwVGcXUcYuSvzLa14u90ns10dn1WtkSrUqdrySelnvorNu6T6JadU9HdHxcbcGV0nJLAO655AHuQMZLevIJ444plpAjyL87pHGxWVs53bnYKcdcYGAB1Xk84r0z4g/DzxD4InRNQZZI3JSOaEMy7SCMOeuOxYsOO2BmvI4iw8xEYk5IG3uwYkMcduehB9+pNehTrU8RBTpyjODWjTW1l2evS6utPvdRd1eOq7t2d9N9W9L3e19ku3az2QspNsTGbMccqlAd0S8HIY9TjqBg4O3niu9sXgttJSVN021wZVYcndgkBiD3bJOSOD1PJ890pm2SyXW7DxrGCG+cEn+Anrn04I5yf4astrMsfl28SuIbdm8wH7rLn5d498Yzj+9nrionTc9NN1eyd949VZLS72u91sT62vdWS8mtGk0rXvp16u7svRtNe6aVxAwhaZmCAEBmzuwMdAMnjH1z0J9b0SK4trATvKsskZKum7KqCQDuZsjdwQBkHqcjkV82w69y8kKP5gYNH8x2oSo5BUnPGSAGBzg5rt9M1/VRBEY5meGXBnU9ATjAKjBPfnGcA57g+BmODnPWNu13q9WlfZ6O/VLS19BxlZrlu9Ek1/KnDbRaK927XSt0Poaw1gzN9kjJjthsjkJw+C2ckDJJO7gN90jGAcg10Fs8NjcR288rtDO4c7FIKg/dwQOPl4GMcdAO3g1l4luIbu2ZxGjNtBQMAGVSBlgMA4PPOCTu/unHt2iomvRtL5nlOuAbg/dBKklEBHCgkAMvrkHPNfPVoLBe9U92DtZJvbTSKWjb+S0b8yJxqSaSk0nrd6X2tponq7WTtfc60RWdypby2WCEMhkAyXySct1bJxzkgk4I5ArKm0+xlKeUhG3JUIu5ZB0BPIOQM8YDEjpjgrd2swijh024WQxgi5+bGCONrA/L82BkAtyBn0rI03WlW6NhdQG3myf3r8glRztBztBI4IznquTxXuZTWnXivZSva3u6p2vHX3rW3tdaaXVtEcka2NoSXs6knfV6tLaLdopq1urvZ9dUaZty+/wDcQmOEEBcDcRtA5A6t9M4C85yMvi0i4kQSMrxsx3RRoflOeemByRyCx9c8Yx0lmPPBK+WgyP4cmQHHK8gnPXJBDEcEiussNIuLiMrHC6qMfvGJUsp6AZ4GQGwQSQM9OlfaYbLcZiElGjKW13yyu9m7tee2rV99tOiHEdTC64itFWeqlK2miT6PS3Xa63TPP/7HkEPzMtuAGG44Zy3pk8Edzzz3GeAlvpZcny7d7oIACdoSMDoQSBgkg+v8IxjNeoNo9vbj96yyyLjbAgLAEZzk5JPv364+bFQtZzSbAkQt41+ZxGAWO3J5HrwTgDIwM9MV6lPIcXHmlOlJbXvFb6a2as0tb3T0ummzrpcXUatv367e7JSeiT8016u+t7vQ5O10yKJFeZ1LDBNsgXaCOgY4yfcnjJ9hnpbCKVygjVIY0U7ggUPGoGcgjlm7eo4xkDBsR2aRFnCsSQCd6Z4IwTkAA7h78ZHTtMpijZyhJYId3VRnrwcjoRkj7wB6Z5ranlNaKinT0Wt2t9trPTTpa7abPTw/Ed2uSrZe6rqXRparW/bS6W/YrTb0nkm8xiyowDMw3ZAO0bTk/Mc88AcAYBzX7g/sMfEGz8JfDDwRp+pyx28NzNql48krBYnSRGAWZTgOrNwQQQwblSoavwxubgMZHTmZcghjhQx4UAE46kDouMgA4r9HtAF/pfhn4Yaahe0L+FoLqdEPyO1xIxZmAzjeCMnGcHk45Hl5zlLxGG5K0FGEJRnzJJXkmpRtbRaK197XtqfR5LnlV4py5nKMo+9G+6co7JX10vb18mfZj+Avh34x8ceONWvtJ0iaz1Kx1m6MyKkfkSqrvEISSBG7uQwYYPHUcV+P/jDw9p1vr2uW9qCkdrdXISI/OVjWVwjBznIKhRzkEDnNfpfYXWoaT4N8T6kXZ5JdGuhGEPzMyJ8xHUgsgAAA7gnOCT+l3wT/AOCRfwQ/am/ZB8OfHXw94i17wn8UNd8Kalqs7zyLLoc+r6Wk8iWlxExL7J2jAfHOWOT1r4/I8TQyjM8Wsfil7G9NRlKVowbUEoptqzb2Td3qy+Nsc5YfLpU6M5TrS5eSMZOai1G83G1+VNayV9Wtj+dH4I28n9szwQ5KtCzsdu07QGBXpn0UkdRnI5Ffmx8UzJafErxeIAw3a5dJuBwSBK3U/dJDdh3ABINfsP8ABvwTfeHvitrfhfVEhu73Sr7WtHuPs4BjZ9NnngaRFOCFkMYZdxJx0r87fix8HvEV3488Y6lY2zfZT4gvuSh4bzXIA4wU6cj161++5biY4elgsRTbUZOM4SUrOKTg4u12tUr6dVfQ/JcZTdapVoyt8KTSV7O6VrPWz1urvyutTK8F/tWfGXwTa6Zo2heNdY0+30wolpHARuiTIwoYrkhcg8H378fRR/a3+PXj63tvDuo+LL26kuSDEjQRzajezEbRGmxDIZHPCruJyQBjgHyD4X/sffGf4qaxbaZ4N8D6/wCI7+cxmI6dptzLaI7MQpmulQxxJnG8sQUUEsMCv6Lf2Jv+CEfxWW98OePvj54q0f4diwuLfUbLRNJiTVfETOpV4cnD28ZUYOyVcBzgqw6fpsvHrMeHIJY7iapShGhGlToOu5VPZwjFQpxSbmtEo6NW6aXPiq/glw5xBXWM/wBU8urYp1farF1MDT53O8Wqspypt892/ee2ye5+RGn/APBP/wDbb+JukTfEC2+BfjLVfC8lst9DrMtqy3d0jJuYwWTr5snYxhE5PUDv9W/sv/8ABEX9rz443ttqV78P3+HHhiaZVu9e8bp9jvbZGfDyJpUmy4lAU5VkABOMHODX9ofwv/Zx0f4bWFoNN1nx34tuLGFIor3xLq8ljZgJyWXT7aSK0WJQMIoixt6oMHHb+MPizpPg+CUeM9d0yHbH5cOn6dqAF0sEK7zGrebtB2jBYjPTGRjH85caePONz/FV3gKVSpOpOV8TXU5ymnZXV3u2ru99raq5+wcKeFCyqnTjUlQUacYtYejH3aduV2ajaPKlaKVl30Pyr/Zn/wCCFP7I3wHSHXPjFrLfF7xlaqkj2FxIE0GCZDvAgsEIlk2v8p8wnI4IPSv1x8O6X4C+HOjxad4B8IeGvAug6barEjpZWWmKsEIwGWKNI55iUAO6VmLE85ySfzw+IX7ffhLw9Lcad4Q0eC3uZS8cVzdt/aF24IIMhkDSeXgglWAYn+EnnP59fEb9r74jeJ9QnEd3eTxtI3lyTzukawAFjGsKYyFAyoI6Hn1r8pf+tfE1RytVcZStKTuopNrZyWlrXXKl11P0mOByXKEvrmKpx5EmqcEpO+jtyx0vpb3m2rXs7M/b7xv+1R8LvB8zRzakniHVoELtH5qC2jIALFVBEKqTxyNy4AOT0+BPi3/wUT166ubzTPC88Fvaqu2O10hWed8jASWUblRR0JBDf7Vfk9d+PdU8XC71G8v5NjXEkN1b27MlwWBJIYbgwjbBz2YMdxB21kQ3kdqrmzQWzuczSScyncSQqkksA3cddxbvxX0uT+GNOVSNbM6s60pWk6cW0ldxbT1bav2srrc5sRxhluHXs8BhIucUkq1a82nZNNRkuVXt9nXtJ9PdfGfx0+LPje6mnvdbm0OzuHYNCs8k11IuCDh5WbyywyRtwMdCAxJ8K1GyBnfVVkuNR1QMWlk1CVpxLDnLDa+4buSQAOemMgCnT6oG3ZkMsuRnOeMjlgWLcggf45zVKK4keMOzNy3AJbIGRjOeAuAOMZxxxnj9Yyrh3LMqpqFHC0qaS3cVzNpxSvLe+mrvZXbe7t8Lm3EOYZhW9+vU5Vdqmm4xT0teMfd1va+19dNn1VnqsdzaJLFJiNmAEO1f3bqQpVs/MCG9TzxgHJqaW5tSQsyqhIz5qpt57FtpGCMnPzDP15HkvirxVoHgwNrera9pWj2KqP7QjuruOM7FBYTRKWy0m05O3aSSOhr45+I//BQH4d6K1zo/gWzvfG+uZdbeS2iIsy4OAC3zNIrHC4jBXvzuAr126FJJpq+iSW7tZ8r6210sum6PEUqtR3lfVrWV+trrbpstbtdNrfonNNZfZCs7RSQNnc8ziNYSOj+Y5VdoGSckjg5wcV8ofFv9qb4P/CGG7s9Y8UWurajalmi0nSZRdTeaQCsbmLeEJPGWPXgnAFfAl94j/a4/aV8+0jefwL4Vn3YghD2IWNmxkt+7nLMpBOOAPXIr1j4Z/sOeA9DaDUvHd9d+M9cZRNOLqd2txPkMWaRyScHpvc56kHkCGsRNRlCk4xd/elZbct7Ldrr5vXTrLnTjrKd23flT63Xa/nZdNLnlOv8A7YXxs+Md1L4e+DfgC7stPuXKRarNZtNcwo/y+YlwU8uEYORkgjAyeOZfDX7FfxB8W6ode+L/AItu0F/suJ4GuXmny+HZVZmMUeMkYRVI5HB4r71utf8AAXwrsUt9LttB0VLaER+TbJBGyIh43lFDSueCCdxz68Z8B8TftF3Go3Dw+G7SbUZYySLmfdDaBATnAYqGA4IJyWzwS3TnrVcLh4qWJrRlLTTmSS1T0imnbrre9ttbO6VPEYj3MPRlyppKSVk17uvM00le+iWtt9z2TwN8F/hN8MbCNdO0uxmvIo1L6tqYjkfcoAJLS5Ck9cKevHTk1PFnxt8HeG0aG3un1S9iJUWmnAGEFCQY8qCgXoMtjjjqBn4013xx4g1yWeHVteluN5aX+z7F2it4hhiyu/ygjkk5I7EZAxXnFxrUTNLDa2zXE4yjRxgiIcdbi5br1y2GyQfXOfFxXFVGiuTCxhzbJ6WuuVK9raf9u7+SPbw3DlWoozxk7LSVlfW9tHo1dLT3UtXd6o978TftA+LdUS40/RXbR9LnLN5VuczqGGCWn5VdwGCPl49M5r5z1nxELh5jqmpSXl0z7mjhd7q4Z85AdiW2bvulhgbiOR1PAeIPGOmaRDKPEOtRWsWHb7DZSCMYH8Mk+eTnPyqcsA3fJPgmvfHq1YyWPguwhtUdTH/aMiNJcSMNynZvBZm5yWUY5HvXzlbNMXjKnNXqtJpPlTlbVrRK7vbpo91fRHqwwuEwajGhCEpXs23eSba6rm6pN7rys7P6K1TXGsrN7idrPQ7QjaZ76SN71lPy5RSQVbGc7hgHr2z4D4l+MHhzRklFrFJ4luU3KLi7c/ZUfPVUJK7QcdMgHg8DbXzX4k8ReIfEFyZb27vbmWUkGOWVztYMRgRABRu5zkeh4BINeLQNQvpIFZkigGPMYAhBxnaQxAdgOScEHcABkEjglVmr8t7N3u1a3w6vq/LbTWzsma1a9e/uOyWm2ivy6tJ3drrR2audN4h+KnifWPms5zYWv8VtZqFHzYAAPVzgk9l53cYrj9M0bXfE2rxWtpDe6rqV2wJtQzytlh/y0wG2jay5yMDrjPX1f4XWug+F/GNhfeIdBfxFbXFw0Ntb3GVsmkYBY5HDZLIsgBc4K4BA4OR9vi88O+DWvX03RvDWk6zqZjvZtVhQKlrbygbYYXb+KNGwQMHK8HpnzMVjfZR9xuU7ptLZN2v5Wenbe/Y7sHgZYq0qtWMIpqTvo2na/LvZyTVm9Lat7nm3wj/YN8aeM7m1m8UQvo+nziOQ2tpukupUf94GcoWWPAwMkDHPTrX6s/Cz9iv4XfDGGxvn8PWd1qEASQ3OqxJezOwGOEwyglhyoAz1x6fMfwU/aatPAlzN/wAJZ4ysb3w08pE94FEuoWzKDiK3jT52j2/KTyCPpX0jP+2BJ4ukmsvgH4B1/wCIGosR5mu63byWugWO5STIzuo2KhIbBPAGB2FfNZjmapU+fEV4U4Nxu+ZQik+XR67u362sz6nL8Jl1K8vZLnjZ3kuZvvJdHeySastelj6i/si80jVLXUNNey03RLaIveRBEsrOKFVYDe52BEAHQfd75xXmHxD/AGvfhl4GT+zo9Zn8U67CWSPQPCiy37ljgBJbiDzEVg3BLHgbs9SK+QviKfHfiKeCf46/FB4ba7VW/wCEN8Gzm1tIDJ921nmt2R5AN21mYnnJ46HnEj8LeDnh07wjoml6fPe2qvbz3EQuL6VQBvmluZg8u91+bhx83oRmvOtLF1adShQnXpzjZTTapW0V+Z6yVuiVvxOLMeLctyzD1YRkvaQlZwhaUr2VtIuyv5Nf5+wXvxx/aW+LTxWXgvw7pvww0HUJvKi1bW9t14gkhY8PFbBickZ2fJkHHI2ivRvDH7FujWGl6l8Sfjrr+seMtWXFzb2mp3hFnJKAJA72eQkMRx8q7AVA5+U8/I3gH42WfhP4n+Gtd8W69LLpelawIbiCclrbykb5WMecFITg8YIAyCOTXuv7Zf7afhrxN4YvPB/wqu5ry61SKO41DU7Nz5KwsFzb2/J8vCkAgYKgEZHFfkXHi8Qv9YskyPhuh7LL8c1PMMfCNlh6SnHmi530lyptO93dJvXTXIc8yrNssxuPzOq41KPu4fDTqK8rxXK1Tjre9r62S38/k39pD4oWGvX0/gnwxDbaJ4W0e4SK00+xihiS5vocplXjA8yOIcB23FiOQM18P+Jbq20JpVupDdTSRfapJGk/eIxIzGq5JAG7uN3OcY4p6jVdcvbWSOa8urm2uBJdQoDLOS5DOsajc8kjZz8uccj3Hveifsc/Fz4wXjajFoy+FvDEtvFMdc8Ry/ZFSIL8zxW8u2WYOuT8mcnjGSBX71lOFw+V4DDUcTWvOlSg5znJc1SfKlKb11d7vW76dT56i6+JrVPqtGclOUXFWbSTstWk1tZW0tfvqfDl9r8lxPNdEr5czqsRypdV6jBHAPAySOuAuc8L4b0fxn4jv5z4Y0XW9YuVfLm1tpXgRAQAJJVQIFAAJPO4jHFfsV8Of2APhr4XS21PxR9s+IOrW7eZPHIX0vw1BHCM+bK9wyPIjMAQQfmCnBycH0zUbvwB4NuG0zTn0uCOKILDofhC0iit43XKx297qIQPKCcB23klQcDk59JZnTxMHTwVOpWabjdQ93Wy5r32T7pN27M6p5JUoT9tmWIhhoWUviUpybUbLXW6b3S6t3bs1+RNv8J/iDouradL4o09LK41JS9nDKwaQLIF3GXaRs2YJ2vggDbtIBFffn7NviTVPgENY1zQovDWpeI9XVbey1LW7OOZ9HhC5mk05p8iGWPLbZEUMSCAeQ1dPeeKLfUZtTYeFbC9upGMKzTSG4bT4m4yruSFYY4II5JG4HOPJ9b0yS6uoEmkWVVcrHaWr+UsMZ52Mo25xg53cN14DV6EOGnmNBLFqVOnOynBOzesd/h0s9m3polayPJWeUctr8uEcq04tcsndpS0te+j113veydkkz2H4q/tZfEnxxGmmXniLWdZuynlTXV3fzLbW5QkFLG3idE8sAlVLgsA3pivle5utU1W+SPUrh1E+VlC5lmdnJ3CWZiXLNngbsZIA5Jz2jaHBd3kFkVaW5+0olna6ZE9zd3MjkAIVhDSM5yBg45I64wP0c/Zs/4Ja/tMftEX1nqUXhZfh74JuJIXm8R+KIJba6ltWABltbGVVuXYrypHy52mvQp4fhThDCyq1J4XDbNuSh7SbVm1fWc2+iS372M3iOIeJMQoQ+sVoSkko2cKUI3W70itEnrrorWeh+ZGi6AftF7FHbB4tnlxt5e6434x5cUarvaU7srxydvfk/oD+z1/wT+/aM/aAm0a58H+ArvRPDzx+XceLPFkEmm2SwMcNPDHcKjXaxod4WE5OMDrX9IX7PX/AASv/ZZ/ZhW28Q+KxF8RPGsUUcs2o+JSs1pHdp82bHTSzI+GGEEyH5R2zg/Zev8AxQ0TR7C20/wvp1pY6bapshUrFY2UKJgBIrOJY1RAF4AX3weM/G43xHxOPqPC8M5fKqm0liqsGqas4pSUbJL1k1pbRH1eXcFUMJD2uc4lKS972EZf4WlzbvRNNKPo7H5o/s8f8EjP2fvhSum+I/i/qQ+J/jCxCXA092a08MWdzGQ29IySzlX4YEsGA4ULgH9Dv+Eq8F+B9NOleCdH0jQ7S0URfY9Kt4LKxjRFAViIFja4bCruY5J7ndxXzl8QvjYQ8s0t/HI8cbnyYWEdtgcKCRwV+UgggsM9QTk/Ffi/463s8s8en+fLJISFEbEwxsMrg7SQVPXBBPHUE1OX8IZ9xFXVfPMbXrwlLm+rxk40oXs7WTUXyrTVbLR9+3F57lGTUnSy/D0qU0rKpJRc2/dV+rvs9X28j7U8Z/GaENdK9xbhyG8+V5CFKHdwoJIGVOCVGDnGcZx8b+PPjzbWTTpYzNdvI21Y7Q7kOCQMlSRnnBGc9TjjI8A1DUvE3iS4a41S9kWA53QQyFQoY/NuA6kjg/T1NJa6IkIjkt4FmiXJZpBvY4xydpYjHPvx6kiv17JuBcDl0aahQhGyTbUVzNqKu3JpX0Wt3Zt76n51mnF2IxcmvbOWt/itb4bJLZbW7PW3QNe8a+OfFUYk064/sve25IASrP8A3Q5HIBUDdnqSMcmsCwe7gnit/EyT21+WVlvCzNBcMThQshLKMdlyeDgkgc+g25i2h0iiQhwQTHjBXGecDp6t1z8uTg1bnNnqMUlvew/aI3QgKV5QjPzxsfmRgSNp+XDAegr7SOCoYaCjCEY2SjZRtdLld93dLq391j4+pjKlZt1JN8z1SbV3dWt7yu93rtZ6tFOK3tHkBZWRkCsJjwHwd2Tg/Nn1HY4PU1ui7tQhChiSuRIm7arDjJHGD3bHHU8jNcG17L4fkSG8mE2lzYSzuJDiW1Y5AinGR8ikgBssANwJIGR5F4/+PnhPwMZra6v0luzGdltYYmmkkYMFBA3EZ+6No/izlRiuOvjqFOKUmk4rRJ33tu1dXune2t7uzuKjhK1aX7uCtdatabxafq+u32tdWfQM/iTT9ORppJ8suPNgDHcwGBlgOVzng5wMkE4y1eXeM/jz4f8ADVjPKuqW1mWjkH2dZVmu5CcgCOJSxDdcDBAPByMmvi298efF34s3clt4Q0tvDmiykrNqV3GySyRFj86MwGTgErgcnoc816r8Pf2f9K0aVda8TzyeI9WlcSPLfytLFGw2kmKNywXnIBIBbnHt4/13E45OnSjKMU/ikrb21TvdpXV+lnqkz1KeCp4a0sRJPX4FeTvo9WndK61tfrv14SfUfiR8Vb2W58M2N5YaPMWU6vq+9D8xBZreAsoAA4QkKegAIFepeFPgjp+lwrd6gZNd8SQkzi5viXt5GVgzRhXJXbkMBkBQrZwRX0Datp2nQiGzREjVQBEiBECAcqqLxgHA3AHuPesS+8RKk7CHbGqqFfDbQWHHGMc9OAOvYVNHBJ3lVcpy5tb7a8qurtpO2mvVdOjeKs0qUOSF+ibb+H7SfTdWatZeRveFrzRJ7ZkhtYbXU7cNDeWAiEKxbflLIgIXYThshc84ORitjULxPsmVKRhN2duAwwGG4YxtYD5cbicc4IHzfPmu6rqFtcNr+m7o76zJW7iUkLdWqj94XUZ3SAbsHq3IAJxVqy8YR69p9vd2t1uSYjKSHEkbDIeN0JXaVw2c+uBgZx1rD01TdlyNapNKMXt/LfV6+u6adzmnPnqKTej33XvWTtsmtHo7q/Te5017q8Mm+IEgksfMyxLHoARxhdxGcsSeuRkV5p4g1OK2hk89iJnyEK8O6nqT9e/8WPanal4l0vTWkl1G5itYlQksHXzHUAklVJ4LdjgFcZ4LcfPnjP4lf2601h4WsWuLgExRTuGYuzcZiAOXI5yVOAcc4rycbjKGDpyc5qLs3GO8lot0uqSXS3oztwuFqVpx5Y3bb1d7p3jd26uyW/fy1p+IvFmkPJqWhyeV9i1C3kTzpJAVtrkJkcEkBicHIOAe5HNfmn8Q1WLxvot/pZlb+y9UhVr2MkRtFHNiaNpM8qFG0DOcA5x2+q/E9tb2MaXXiOdjexq2/SYflleRicvIewYkgAnPTJySD85eLprm81VbdNPe002VfOhSGMOVZ1wryS4Ibd3GeMEEkCvhMXmrxElGGsHK/NzdHbbtzO6Tb30v396OFhSjeUlzxtprZX5dG3bRt2fbZJ63/Rnwbq2lzadbx2xiaw1GygvLEh/MnDeWvnw7snADA5XPIJ5AqCTxDd+HNfsrl4nMIYK6MfkFoxK5JHLMmDnOSvUjnj59+Ckstx4fu9Da5L6v4cRtasVWQvJNaoA01tkM2F2g/KoILBu2c/SJmtvE+h2WsW6+fDfA2xRoxutpl+R8Hkgh1bcD1PBAAr1cJjpxhSqKUrpq8e1mlr1sla6tZLtuuHEQ54tqCd9H2cXy+t2npq2rLR32+hbIad4g0+TCCa01C2MPn4Dbo7lCmwqQwBUnIz0AA6HNfDGjprPwa+NV3oRmmtreDUE1fQrncyrJFv8AM2q4wDuxsI4XCqCAV4+r/hrd3OkhtAv90csDfaIZZeYzHkHy88jBUcbThSRya8+/a40GO+0HQvHGlQtFrXhe8j+1vEoLzadKyht5UZZUOTg98DrxX2+IqU8zyjngr1aSUpaNNfCpb7aXfdW9b/MOl9Xxd27Rk/dTva+nXpa7ura2s/L5y/bt8AaV4y1bRP2jLKKJ9M1qKHSvFltZhVK6xbRKn2qZUwqifaqNIw5JyTivzRuPio2lwzWnhnTrexigkdftUuDLtztPPBzjg9m781+vHw6n0v4reDvHXwo1eRZLfX9AuNS0Xe3MeqJbtJC8Y3B1bzB820hvxOK/HK5+EHiO31HVtKv1a1TSdWurO4klBUKsEzopCEEyEgbiWyORnBHP5HmuCpRqqvWblTndpczteLXRNPXtZ37Xse3DMKkKKp0nySSXNLZ2Vrdbrr1vbRdLczqWvarr8qNLLd3tzdjeWjZjGvfYqDgjkg5OTyRgg19PfCvwFZ2Gm6Vqt9bGS+vGeQ+YoKxKM5GNuC+TuIyc4JI3EE8fp+jeGPCscMdkzajqEkKRyThAxjL7Q+0YIGwk9OdwxX0j4RntW8HaTJKjoljqZWaZlYNOGIOxcZU4HLKOMHjtXyOaVeSlGOHhGMOZXaSi3ZxstFtva8dfy8LNcRWqU2neTlJJ2abbbh1Tdr2b11b6njnxP0dWXSEt7UrHLrQiwwwWyMHBOMAg8beAcHkivJrrwUkOsxxRpuiMzm4jEbFYiCRiQghcADr8oxkYxgV9GfFPU7RJdEnuc2+nx60k5ZmVZfKTaDtU92UfMMHrj1NfPni74hvqWrahpngmxuLUPOyTXZQzTXYdSgMMeGdS3OcEAEjkZBrp4YzSphPaSquMKSUnKU3ywupK97u10ktLtfmfWZNRqSy/C01h5VJyeqUXzXbhukru6/4OjM7xAdB0K5DNIBOInxZ2bhndlG1Gk2n5QeARlTk84PTzJr7V9dLw3Ek8Vo82bewtkL3E+Tw2EBZiwPQZBBHIyMfVPwa/Yz+KXxWu4bzUT/wjekXzh7jVtUybnyWbLGGEAMmVOVGAPoOn7Pfs9/sY/Af4PLBfXGnW/jHxLEEdtU1lY54Y5V6mKKQNGACMgEEjAHJBI+a4z8c8j4dpVsNSryx+MimlhsK01z+6mp1PhTve7V3dd0fpmReHucZ5UpVakI4DCPlTqVk4ycXb4YJq++jdtt9bn5G/s/8A7Cvxq+M5tryz8O3Ph3w5JNG7axrUL22bdyCZIYX2GXKjIIDgcEDFfrhH+wp8KvgF8IvFniW7t08U+MINHMcmq6go8m1uWXYDYxNkKUdz1Bwv8Qxz+jGkeKPDWjaWYba5sIoo48LbxCKCC3IJAWGOMKpC/wB3A6EZHGPk/wDan+JVpL8HfF9vayySfLG7XW4rbuDMo2Ag4IJHPX3PBFfyXmXitxzx1nuFwtKc8Bls8TTj9Xoc8eeKmtKlRXc7pXeqSWlldM/b8t4I4c4ay6pWSjisXGleVeqozcZ6WUVayvpazv2d2z8/PhRo2jRac+pXYieaCVY4nmRCufmyq5PAXPygcA9jwa921zxBpVjpsK2wRW+RRFGN1xKx2/IqDLKCwI59Cc4Bx8ofBufXPGs0vh/QRGnlXSXF5fzsBb2kMi7jIQSygKBwAATzkk7cfTmm+DLTSTqTW10+vanDN5c+pXAZoIc8MLSIsfmXLEYzg456EfXY/DThVUcRUcqs3qrNyvo3d9F53v17nzeIhGrKdaMY+zSkotpp3jy/CrK60s36O7Z6D4f+FfxK+I/gzVvGp0+Xw98PNNikiu9YugY1nnUDbFHuIMrMSFKqTtLAHGRX2F+xB+zj4K8a6B4t1zV7P7deaBbXdpp1rcwma2Mwt5WN5IgyFbcgKs2FXjkAV2nh/wAXfDXwd+wJr/hvUNcW/wDiDrWrXy6fpc85a4gQSBxJ9nBIjQDcQ7xsSoyG44g/4JseL9f1f4b/ABa8JaDFKda1eeeD+13KslihtrhSAw4CgEYCYO4d+KWf4d5fkFPE4LE+zm50JVJU5XknKrHmhda80kktXondu2h4mDxVOvjqtGvR5oRc4023F86jFNu+t220l0SWt0rn4dfGHxJd+Cfi5qs2m3kLato3iu5EcO9UhhitL0bfkjIJ2KOM4yowOcgfrz4m/br8PeD/AIOaDqnw+EHi34j3GiWM2uyuhlsdFkMGyaaRySAYuoUnJ55yQ1fgr+0joF1ofxX+Itrqd3dSahpGv6vDczzFo/tFw1xIGcuducueMEAjAAOTUnw2urjV/Aus2mreIrXQLGaK3tFQylJ7xZiQCGDDdtHJXHA5I5Ir9uy3gPJOKsNkWNzPmxCwlGjVjB3lCbdODbts27+9LW/RN2PmsJxJjcorZnhcF+6eIlUSqRs5QSlZOMrWTs7c19XtHt6Z4r/aL8TfGHx5Jc+O78SSzaigl1QytI1ijs29LG2y0aJj5VOzcCo5ORXL6h4s8OeDfEN34j8BaO2raxYXCvca5qFsRJEsY3NM7Nkb1IJjEfTjcoIIHjjeHPC2leK7nSNB1uXxReQ20RivEYrbxXTdVkIIDGNmwSS3b+9g+8n4FftCaP8ADzxV42tvhv4hvfBsGmG/1PxJc6ZN/ZVvbtHlbhHMQLqgz84JXnAIGAP6S4Z4fweGwqoYehTp0oU3GFOMVHk5IqyUVa7stkm9F2PyPiniCrhpwqYvEpVatdRdSpJNynOUY2euru7bvWzWyOb8J/Eq3+OPijU7fxnc674gvWRprXzpJJrfT4IT+8laBSV8mLAKkgkqAuTwSnj/AOFNxBPHf6JqkniDRCVknW0tpIxbkH5bV1ABymAMtgHO7nv4l+zr41Tw38RdNf7JDfXerz3FheWMRCLdRzttWJW4IjZmG4cdMFR3+6PFeo+MtF1VNPhsLewj1e+/d+HtMgFxdSKMNDGQAwY4YYIx945P8J2pV4Sx1LCVXGCU7Sas5pOSiny6R0a+Hc8/E+2eAnjIqVWThzRtZcrcY8qvqrN9Ldbpto+ZtO8Ba7cTRWumeHtQbzSsk5trOaWSFMA7XZE2qeM4OCPck5918N/BbQbHVPC7/E3xBD4M8N63rNna30wQT6sti0q/aZVgUs6HZvUIynB4wTjP6KfBj49aN8NfCWl6D478H+FdLe98o3lvf2tuNZntYpA08pldDMs80ZKbFcMCAvZcc/8AtOaH8APiDofhn4sfC63uNFm1fxdBog03U3e4tYJ5tsMkkMZyscaOTKpfLBjkbdhNf0FkmD4Kyf6rGjjZZtm9enC2FnTUaFGbjB8rs7zlHVWTWq1eyX+dfHPF/jtxbxDnOVYrhivwXwLgK9alDiTD4qFfF4+hCSpqpSi7RoQm9bqMpxTe2jPTfHn7aPwB/ZY8LW/w/wD2UvANlFrNzZxWw8f39qk2rapOYgs16pZGuYnLAugDBFJAGT0/In4q/Gvxp8TNdv8AW/in4z1G6abMqRXd7JKxjbLyLHBv8q3VchMAB14BOQ1fQXxO/ZvewGnx2PjPR9L1hpf32oa1OgKidS6PZx7gFgXcQpAACqOTgZ/Nv40/s6fG/wAKaldarIf+Eu8P3BLLqujzG6jmjLDJSGIySqhIBJGAQCADkNXyfiH4h59TjLJMth/Z2HhHlkqUVCck1Hdq02nf3U3ZKyVnqv1/wH+jzwJg6lLjHNo/6xZvi5xxEMdmU3iptvlbcXWvFNPfkSe19jM8X/Gez061k0/wbb+UuXjkviQZZgc5dpDhiuQSoHGegK5A+VfFXijUdUn87Ubt7uSVxw7llTOWwFzndy3Jxx29cXWG1axmksLu1vbSRZmjljngaPAXOcqyjGM9CSPbJzXJ6i9xgrGOGbLu+c4PVufmBweOVJOOma/nN0a2LxEq+JqzqVG25upKTle6d5J3+LdPRXXSyP7qpVKGCw8MNhaVOjRpxUY06UVGKS5VH3UlotLbpb3dmWru9W4Hyu2Vy7Io2qpGMAZPbBDAhRjoBVI3CziMoXUqQ7lR94LzjJOAoxgZOOeAABUEFlMEM0b5DLkhc5YDqzjOeD26kEnjrUvkzIZFULvcDdsGML3LAYB4wOvPQ4790adOHLGNrqK6LvF30/8AkvmcUqk5ycm5pSdoq2693006rte3XS211brINmJWZN2wbsR5XHQ8A5zg46cEd6tWqwTsrNuCPgE7SNzjoOc8ADd645B4BrD+zNFMx3lVK53sAoIxnoQADyeVyAQeecnW0yRoGZSC6orHDYUEnnKNjnpn7vQfNjOKdSCUVyWTeza06bNK6bt91/RynzNXVltputl6u9ul9r3aVnuJZmad1VA0SKSM4ABI6henGcnB5GevOLUWlsmxgwdzxggBgrZyTx17c5A+915qnBqxzE4twi8p8rjnByCQNpz1LA8YHpyZl1GISSTbtzKpCAMTtwMFiQeob6scYHU1583XTtfrvrfppqlfRL1aubN0oxXMpPa+lrPRWvdbJJO3f7kubFbectI7CFEUeZuyM9QMgggHqfu5APQ8CBrmARySQxqCF2rKxB3OowQFOTgjktz8wxgdKin1giOSFYklaZWLbmbA3AsD7k9sncBjqM1ykt1I6AbQrbiDFnIC5OWUDHJOQRjjOSuDzpRw7mo+11ulJ2TX8vXo9O1/Pq83iYQScNL6bPX4eWWtkra3in3avua1xepcxhCyKi7sPhd7uowOMggDpnoc4BwRnnpIGWPDOpPJ2A4JVsNnBJyTxzgnjGR0KEELlclQ4zk4AxgFlHJAXIyT3UgADBp5mQOTsLqycM/3hwAcZPftjI7jsa9KjTjT5NNLKy1/u7u2j1ve+2h4lfEqq+W/Tv70dYrXTW97WbW/bZIbJH/eOxA+6FOCFzkFiM9eoAGcE54IxWbJYRuwMW50V8lyoAUlsZPd8Dr9Dnjka1vPB5ZLuGJBCYb7oUtyUPJzgbcDPcHAAFrQ3zM6KgZVWSQrKpCsSc7sYJCnOcgHnoMEGuuVSUE5K7dvdV38LaeiT1ir2TjZWs2ndX5ox9pZJrZK+ze3W7u3fVapPX0vQeHtIk09Vija5uXfhcbGHGCMfKCnBYgfl3EEfhXTYgftKuwYho4mBLqx44GRwMkYGcD1HzDWl1ZYG+0wRKJFZoliACoVAI3ED5uQPXoAoxzWA+uzStJI43b2IQAn5R0GwnHI5Geefbg81GOIcm3UajJ7dElZadN/Ja6XTZnUpRirybbSSfLZro2/z7eiT092+EGpab4J8Uw3WlxR3T3trJFdwzqdpVlAZcsBtAz6ZyPwPSfEPxpqfi26c3ekXH2HTGlS1SG3dooYgWAnkcKVWM5OMnHG7nFeGeFJ0TUbO6nd4Uju45Zd77fOjV1cxtgj5W5UjOD+OB7h4/8AjlrGvaPdeG9K07StJ00BIbqa1tbcTXFrHGFETS7RJjIDFgSxLDLNXmY3DVPr1KrCDlLlUZTckoxjpKyW7d7uyvvoddCpB4WVKU9nzQile8vdtvazv0T3drJHiketXZZre1mRMSGQoi7VCgju3JPODg5zycd9iPWjfWosb67mJi+eIE5IKjOAxB5Jydv3cnp0FcWtszTxzWySSp90S/MgDA8r93lQSRknPPGSORLi6nldVgHngNHH5eFwRuDZG1eTwcjqCQcE84V6FOpUjKaXuW7v+VprlV+l152V7uxdK8IWS0lbR81mvJpqzttq76aXuc5PO0d9LKY2Mkdx5iF+joHOdydADgdeCew797fXdtrNvGYLaKC6xEHdVCh0Cj5FKgZbBzx1zjI5rk761ug6GaLIYEMzKPmAzn5umQMcjg46cZG/oU5tVjZhGAm9o45cHeRuw4J3AkduN3GRtyQemrCM6UZR1kkmnZJyaad9mtetk7a9zOnKPM4VHdS+J7Ws01qulpXumle7s7q99/Dd7d2swuYJYlVFSNSGZSOD5renTKseCOR1ryTWbFYJ54ZDGpibZtAAVwpwTgE84G7GSM54yCB7Lq/jS7gtxKkIhhOI5mDjLgcAAnOMj7o5wCB2NeD6ndf2ldXNwCESRsKhfcRhyTgqehz16DPTrXZlyrJSc/h0smmtFZXvZp9LrdbamOMjQ9105Pm3aastUtb2d7NdO/zI0j3yRBASCApzgBlLDPHBY88DuOegGfrjwDa2nh/RY76SOSOdkjaOIkHzwV5yQGO053KoC4+rEj5b0KaJdQ08TQG4CSDcmOG5GA3PIBGPm64JAyQB9Ywakv2S386a3SSNAIrRwoQQsmRgkkcAj8AMckEeXxFKc6aw8Y8/M1zbNqzirJXsm23t1vvsvnszjKph1CN/ekrvlT093RWad32fVdrnQX2uanLDcHbJbxFN8UbkkyRsCSgJyeewB6Y7Zq/4Y+G3iO9S01/MOn6LcXLyXVxM6gKo3H5Vb5iCcAHj5zkdBnioPHNlG2NRbzGtXIhjjRXSULyqsSGXgAqvGD1PODST/GCHU7VtMeaexQyGCGGGRlg2uwwXQNtBHPbA5JPOa+QjhcyjBwwtCEE9JTlBy5ItQvKEUleS3aej7WVz4PMctzadGcMAqdGUo+9VnDncF7t5Qp6Jzt3dnu1uj7Ys/D/wo0fw4lsddLalMHv5Z5YVMQljViYQ2NxR8HrzuYDAyxrx3xN8S/Dmo6dPpOneHdKaGEhJrxIkjlkeIhVZW27yzfeYk9265xXgrXt6kT2MuroYJXDB5GZgyOhZRHISTweCM4+UnGPu8XG+pWWoosaG5Mk7SHLbkdARtMiZ24YAnoMgdecrzYTIJ80q+KxlatUUnKCnenFaxasublaettNnq7ptfE4HgipQxtTGZjmWKxNRe/GM5ulSumpOyTtfZb/hdr1aRdTmilZ7qSKJX+02sCHeqo2DhT/A3AAxlfUYxXNr4tng1CBriB2eCdVg2BlM3z7S0mcHdz1HUZ+YHIOzJfPFZLLc3MKNPGGjtw20BgB+7Jzxgjpwedorh9e1G3aS2mVQ9zblSjQABGlOGBckg5BI6dSQducAehQwiqucHBbSinFJJJqKb01d21d31er8vscPhqFeLwzownFx5dUulk1JtNtvu9euiuz3PxL4y0vSdJtorOV5tUvhHJJExZPIQkGS3GDhkLEFc8nPUnk83/wmNtBbS6nBZut9p6h0CpiG3nkHzMWChmwTwVOVPSvNbK7OtzIb9o2vFaOGAyMBGrlh98kqQgGAGBwO4HUfq18PPgd8HfjZ4G0LwpZa3ofhXWdA8N6nq3ivXnmVLqe9ggWSKxCP8lyspUhCm4rnGe57ct4Ro46tKhF0lUac5RqT5PaKTirNOTjZWV76WWrsz8y44znJeCKeFlisFVqUcZiPZV3RpzmqFNr46kIc0lBS9zS77XPy+u/FPiDxBObvU7q+umS3It5J5nkSKLIOR5gykY5xkjHQjI4/S79jvUvC2vQad4CvfAnh/wATazrxeyOsXUImKR3g8uYNgh45rdcNG6sPnBxjAr889f8ADV3pesX+k2TNNY2813ZQSCMiS6jt5DGkzLjckcoXevBBJ9Tivuf9lT4Y35l0rXrbV9Q0JtKmN9dyab5r3CxKwAXMfzIWGeMgjnKsScfOcVUKWWYKvTozjRnh42goRai3HlilulZ3um7bp9NfzTxazLKJcGTq4XGxyyUsOquFqUG6NSNTljOm4xpuL5ne6TVrtKSTuj2b4qfsWt4C8fXthod5p0unRQi//tFg0aW0hPnSWjrKWCsoby42zj5evWv0U/Yw+EfxBntLLXYPCuleItEtheW8KXs8UdxMyrsa6dUZJbmOEjIRgyYPAI5K6F8Q/CtvoniSx8TWcniu3ihj+yQ3FqX16c4Ul553XJUNggMcg9B0NfRX7OvxS0BbzTtLi+H/AI40iHUhHZaHrscbxWcPnHbLEYYQsbCBSGJ28gZY8Bq8zgHEUc9zHBUM6lKnQjO0quqlKVoqF5OMoe99q6d9dVdX/wA5PErjTjXiLhyvllTDyxrwdKMFjHUheVNSS5pQlOM5VHFRlKSi03d2vdr4f/a98Rnwvdat4Z8V6Tb2Wo6knkwWuizxJYLGHdlNxGp8vzIxnHQqQSwHSvzUXWPh7p+nta6g032eSO6M+1lF3DeOpETxEDARTjaSeGJ6Zr75/wCCr6aD4Y8b6dpOjeJ11o3Gmm+kVYxHqltdOoMouHQGRtuCMFiBjIG7FfjLcam2p2SQecITGm6MzKDNPL3Dsy4bcflGckDjIwCOPNuGKGHzvMqUHJ4aGNqxoySu5Q5k483LZycb/En1XuqyZ/Tv0ZPDqrm3BWT4zERxOHqYhqtiqcZVY03Wp1OVOMZb7LZvRvdaKtrSxXk87W1pMywtM1ndSOwDpuYpLMQP7pBBJIOSBjGT5nfTS3U0ltGI1lhYCV1+VpC2AFY5GUbJB6ZJyeDXU61r13ZacLWS4ESqwhj+ZWbBO5t5Ukndg7AOxO4dq5bTZbK4ae4beRGyM4CnLSDncO5DNwDyOmBxX0OXYWpQpLli3FWUH2UUt9XZ6J7d+lmf6I8M5DDLKNOKi5KC5db2aSWtn20V5X3ejOM1e3v/ADJCqi5t7ZWeSBRmOPg7wOuTkMeBxkY9/NRex3MptnSSFY5Nyqw+d3J4A+UYXkDjPG0kZOD9GLGl7vKRrC0+4ToQQBCCSGJORnB45H0HIHMXPgiyjW41QRyzsRJIg2ERjYpw29VAByCo3DsoBAAx9bl2ZRpR9lU91ya3slutG76t73ta+3l97TqQglBwaTVt0lqlo29Xo1fTS+nUzvD0Y1DTLq1kN1apBC7N5RJDv2UKONpVckjnJww5NQR67c2BgtI5niggmRUniykqgjLB8EdTnO4E5ByRk5XwxqFzG9xbJ5cccUcr+ZIoBLEOWVmJIIAb5SRwRuGcYHO31/BLfXIVW3EHLrygbjLLnoTyQQOmGIyeOqVGNaVWMowlGdm7rZaW1T1u7bde60PkM3wPta1aEqcJQqRSbeujV7Xu18V7tW23dmfY3wT+MF58PvE1mdMsjrTSzC4DSO0dy8kiGMxQzxYmBy3BV8cjKjBI+htZ+Nvi+61b7NaRX9vHdXn2rU9ElnmltZJJWXyxOkjMspQHDbwT+JGPzZ8Ba5qOkXS3NvCLlTLHFBuLyTRyh96vCQGKsCQ+QQMnDAkZP1H/AG/4iu4rS61ZZLREl2yXiov2mVm+ZA4A8zgYJLH+mfgs5y2lh8dCuqdKpZWUXU97m93ltGHvJKz0ba62P5W4+4JyhZ68x/s7A1q9WEYqdSblJSjblShq7RbsrK93odN8WPizfa/qlzp3iaxsbG0jtobeTTdPs4obeWSKMJDclI0CGUcEso3ZUlia+PL2zjW6lt4RILdpy4ufLzhHGSCQCBxkAc88A8GvZviLrug3lxaieSET2kOZLxXxJNOwO1ZlYnLkdewyRkDNef6drulajB9iezCqhcxlH3ebOTgHdklUzgfUjAPOffw3tXhaVV0akUoKMrtyWnKrptp20Wjd0nZKzR9xwXgquWZTSq4XA1cPFwXtoXvTc7x/eRb95qW9t9rvQ5x7B9NhD5WdDJsSFjgqjcBmViT3B3ZBI69AKY0GYIvMibb5hGYwBGwY/d6YyMdx1JJ3dusXQwm574ncFzJFnephDAgh1wAcAYOcgd84rm768jjvlht13WKIWSN1OASDuGQcgnBGPxI4row9Z1XKNPXlXNtzX+H+a+utl0TXmfquTzq14KSlz3XO09eX4Vs0nfdW87rTUt6G8emTm4to3nHmFWMnK/Mct8uAuBzg/XOMBh67c+JdN1bQ5YLaFYQsBFxATGFkaMYBAxywHPHByeg3MPE7PUgouDaowZULNCV3LHGOd7EccegyehOR8osWl9HKBNIysjOy/Z1+XLHII4IyM8jvgYO0YBxq5esRWp1JJxlBKTkru7v9qNutuqa1V97nLjuHqWY4ujiJRlGrRmpRafLzLmXxW30Vn5909OR15xLKR+5gaJRJHtQbtiZGG6BX4x0PQDBzzyNvfvLdmW8fNsqlFRnIJboGRR0BOOMc45xkga/i2yvLy4fyy0bgoFiTALRE9CwIyQSAeDjryQTXJyWGp6fZ3BuIA8zSIVLg7oUyGjwTw2705PII68fWYanH2K1TaWl9dUk9bPa11ZLpt2/VMByUMLSpSqJy5Iqzeq5Yq109Pu7adGes6MY2HnRxy+Wx8oKpwUfsRnBJGc/gGXGMVpX+gG+t2EUzysoYKDlVXjdJuY8BkGdvUseOMgjM8LuLjSYZpy1vds33UP8ACAdjdSvOCQcZJGcYr0v4a6DJ4nm1uKWeVUghn3MmHLSqv7sKilSqHBLsPckcmvFxlSWHcq80owpuLas3dO2rS1VtE9Oj2OPHZpDA4atXb92jZSvspPlSvrdO60XLqlf4ld/OstvJCLuC0lkZvNAk80nBUHG044J5PQYJGD2xyF3HKru4DmOPKSblYKrg8gggEjvk9eD34+jksdN8P+LNIuLiygu4dM1GO7vrZpP3N4tvKX8iVWJGJR8hUk+meq0niiwvfjT8RLi28DeFbayvfFWqW+n6N4c09NqGY7YxGFUBVkfaDnjO7dyc5+gwVSOIVKMIt88YvRLd8seVK2vRu6vpZ20RrgMzjiYQrrSi6XO5tpR5rK6cd/nZ6p77HyvPM0UqSxFigC8kbVGc442/MM44DE8Z42khTNPcSxhjKUC/IHJ4Oc5AHTnt83B56jHu3xB+EWu/DLxNe+EvFdv/AGfrOk3Bt9T0uZMPbTeWjEM54I+YAkcgk/SvI75ooLnYuwCLldgHzbSeAT127ePx9q9KpTlRm6coWkmk01blbs7vtbvqtNT2KFeniIKVNpxklJOOt1aLvFq9rrXXX83k2sUUiyLOWD7yxKjLcc4z2wON2ASB93nNdjocMVoBIsYd5ipTzFBHGQoHJ2g9wMDuBkVhWVzZXkzLIoichhs24VgASGbgEED1/HdnnpY7hVkjjTy1gh2McEcgZPG7lgfmOCOMHb6HkrSk4vZW73Xbe1unX17mdaVR9eXTazVm7LW+q01v673sdtd2lvdRwyz7IGZEbyYht3AYHzHOCWwpGcnJIxkVdsUuIoJFR/Lk27bdNxYmI8HPOOV5II49vlrkdV1KWezaK1Ds+M7lwSyED5V4LD5vvBQuTyPl2msiLU9UCJAsbrKp2IzZ3hSOQh5G7PA5GSBXnqj7RPmkr9NW2umt7X6tavXbRWM425b6bbXXMtk7rtdt3va1zs7m10nVZXj+ziO/QokZG5t0gyCODzuIJPPYZ688XPaNZXzobaSKaFw6qVbDvvI+YD1HA5GMYHNb+jXGsw6lDNJHFE0LBlWZAGYFSdzKw5f5SV6EHkcAY76WSK9vob+9iiE0igR7l2LuQndvyu3B5x8o56nrmZV54ZOnrONlbRK+isnrtdWv0dutzCs4RjJKPM1sktrrTvf3tHZrotG2n6n8OV0nyrWaW2aDVp41aRgo2+WBggLjA3Y6HJH619LDxKbRLa3gmtbe3lRQ8kI8t1KAgBgpAD4AD5z1woAHPyHD4hhSeJ4ZIofJUQtJEfLEZTAUYyMg9OOCOScDNd3a6oDBMhukdJES4MrsCS+c7YhkYPUAbssO2Qd35dn2Ar4zFSr+0qpOSSg1JWS5dZJSXWzaVm1fU/L82yarmdatKpOrGMpWS97WPuK+l2lzWb5Xq++h9i2OueH57EQTGFJVhR5mmRQo3HLSRNjc7vjcNxPPC4HNfdP/AAT/AP2o/Af7NvxkXxl4nhu77Rb+yfThb2xUmZQcqW4wAGAyBw2OMN0/EO18cahJdSpPcp5cBEUCO3DoAV+b1wMnkHPXriui0zx/fxyGW1cMlijsCSpQNuyrKBkruBLMBjOSc8At+keGHHefeG9Sv9XTxeFxdKeHxGHrqSjUpVYqMo6Sunrda3Vu6Z+R8TeFeJx9aFbDVqlKtTqRq0p8iklKEoyhLkknezV7SUlbpZo/UH9sr9ofwx8cv2gfHnxC8P20mm6VqcUMOn2kspMiywqxLkAggMF3AtwDjHBBP7LfsM/8E/P2d/jF8Lfg94w8d3uoz3/jOG+1PVLyCdLS3ge2ZDDZzDIaZHZiWHGRncehr+TC+8Vpc2z3twZHupleWSVONrjC7QAMkYzjrkcDJ4r+in/gmz8ddb1PSPhr4cm8TXkOlaRFBCujyE7PnuoUynOQ7k84xx1yAMeP4seMeNpPAZ7XjToUquZ0KM6UXypUqkoRiruSaSbST17u62/L+NeCp8PYTK5vBfXp1sVTo41Rbpe0dSUJTqS5GtZNSbUbWT22PVv+C5nw+0n4K6v8AtF8M3VxPoOneDru10yEqhhjtrRoljtxwVaNgDg5J3MTmvw9/aC/aw8b/FLwL8PfhrcSJY+FPB+jmHTdOkiWJhfOhSS4QlQGVtuYwQw/u9zX9Bv/AAX41e013xF+z34dtrOSdpPBl1sUxEFJWNu6gSAZOTlsnIO75mHb+fDW/hHZyz6PqPieSONbe1Vo0iiBhjMS/LHcnHyEDgkkDnAHzA1+w5h41PIeG6uWQxMnLHYehTrcs3Jyi4QlGKm7tLlqNaWbWl7No9Th9cLZdnuHwlWjTlPLqqeDw6nL3HUjBSim735Gp25rq+y0Pg1/EZ02NIWOLmGRiGmiJMm84O0jBK9eR3yDn7tVL7ULe9gSWOJBLFiWdihbknJCsSOp7AsBzwDXqvxAHgp/ExW3sYo7W38u3vJImwVYfK8kSluuCNp5APvnbgeLbfw8miW0OhWTNJPuEEqkqTCxUKZCcZlJIwu7733VPAr8UqcRUcZVo15wqRdaTnzSaSUbpXla72Tad136XX9PZdneXzo0XGhKnGcYpJ8sUoKybk0+y77Jaao8iubOSaYXtrdGOSRlLx5ZFRVGSTk8kBRuHXrzxUc8TtZXPnOpCk4lPD7ifcDhsNtPt2HA6HWPg58VE0201218PahNo07CWEweZLLtIJLlIvm2gZPIIbIxgEY5TSNXtF1C40zxNaT2zwQlCGR0YTJjBmibBAz94Y+nWumOMwmMTlhK9HEVKclzQpVIynGSSbTitVd6aq103r09/CZngcWpxw2IoVpQqe9ClUTlTbS0cdbd3dW3bZiRLOcKNiyJIiwsSCrNIQpySQuSCCGyecEdDXung+y1PwJr/hm+0TULlNWurwXVy1tO1tJYPGomhuYpUKCUI2CqkkEj5hzXnU82gXMrpprGGLyy+HHLzDbzE5BwuR0yTnI7Yqtq/iKa3s7FoLuaG9trlAJEfc3kk7SM7twBQZGdvXHqDolUrtQlFxpTg1JVFfmT6STXLqndN9tdVc5cTHGVa9KWGrVaXJJzdkndLVpu3Kuj876n0t46+OPxg+Kt1qOl+NfiJrfirRbGdIYtO1K7kltENt+7SSSHcEkljQYDtmQ4AGBhW+c/FOiqolmgeJorUmUtnA3sMgrjIxnOVyeMDHSt7QdOvbae7nvIpbWLU7Y3UNxc7kWaJly86k89c4LfeYck8msLXoLuS0SOMSXcKFiy2wL4jYkFpWUZL85UZC4OfUV5ODhHDZkqeGqQjQU2pKCSp890pXS5bSbstXe/UzwWZ4ypmPsqlbnp03yttpw5rxTSdtHfpe3Nsuj8zkjeTzTKBNHGm1CpB/3iueMA9DkcnGeQaqKsMccKIGkcvggjBJJ5GcgHPTpznGK1zb3EICoAg34KSAqVTqAwY4BUdSACei5xWdNCI38+R1G6XaigANuAwCDjoQOD0PI9Af0jDxlUS5VzaJprXRJara6ffXRr1Puk/hkmtlr0s+W7WsU7267J9dnl6lp9vOCTExk3DcMHCgHPBLYJHG7+8OvtSu2+wRW8luZBKhClVGwLgcYcbSc5BGCM5z6mtlroySRq4VEyQXPRmQHjIHUgkZwRznArD1+UeSGAJBO7YmQQUGScDBIOMAADr8ucV10VUulytwe91ZdLXWvV21tbothqtaSfM07p6OzekfO2zu/K/Sx6b4T+JdxAsNjrMzzRw4SFiT5sRYjbk/xKckZ4wATnggd/4p8UC900RRK0UFwhzIWRleQDAKHnqOc5wBwDk18q6TI107lkYyBd47BQDgE9vUEA5+UEc5r0GLXUtrDyrkG7tSAI1ViTbydCq9+oJ56DuDgicVgE489NXbfK973ulpv091OyWp6FLEqfNCclsldPdaK1rvWystEtezRVlluIJBIx5lcJtYnK5wFK46A5BGT/AAjIAHPYaPrl3pDwX6yYu4WJhYgMqn+EHAOAR95umD0Jrkr0RXlmJLSbfgeYy4AfaOqkjkEfixVcAVLpS3F8y2se1w0a7o8nKgE7icjBOOSM8AgfXz6tKMISjOLW1/Ju13a2lmlZ9911ObExq0pucZPlet076tq2myV+XWys3e+p9HN8bNevtLFrqd4Ft2tmtliXY8CK2SfLVhuQsRyAFHQ+oHE/8JnayIpkjVFHyrNH/rHJ+6xxySSeBnI74JxXHaj4bksoEfe5j2BlL5MYYjlOeWDZ56KMEDPUZmm2pnYQzFIogxZZF58vqDnnB6k4xkDuuayoU8PySmmmo7q97WtdNu1ndXVorRdbWNKFarWitVzNpdXq3C99lr/V3v7z4V8X3tsCbO9ntpInNys27a4MZzs3seQAvHOAOPUV+pP7JX/BVD45fs0aRPofhGz0TVNKnuzfvNqNvHJfpdqchjOg81wwzwz4yMAAV8rap+wJ8XvB37Jnh79rPVZtHl+GXifWm0exjtb6OTVYJkBHnTW6yb1ic8gEZPJx3r5YsLdrO1jazt5ZLhH+UlWVZVYEqz8EZUYJBXsce/5JxfkfD3GtGtg8fg4YqhSqJOMoSjLni4tTi/dlp9lp26rz7ce8ZkMKWJlOVOdSjGpFRle0ZSirtJvVWs7ttW8lb+hn40f8F0fjr8ZPhTr3w/i0HRfDP/CV6dcaX4i1a2ffeXVlKuycRZZmjL4K/KcgMQpAxX4q6H4H13x5q+j6N4Y0u+1zXPEepNFY20cMjedPM5YqpVSCSXZiw5xwRggjU+B3w8vPi5rNv4b0mzjvNdmllkmQP5cUFpHvMszM2E+UZIHG5gOtfrj/AME5vDXh/wACftK6Np2qac+uLog1SyMNzaGQWV8R5Ed3D8gc+XK2Y2Ta2QATtJz9l9H7wa4bzXiWpkuCh9TwlKDxePnCpz4iWHoxcnGDqSklOSvCCbai5aqx/Nfi/wCONXhDI8dicP7PG5tCk/qVGs2qMqspwjF1HT1tGUlKpFPmaTtZtn4rfEn4R+KvAmraj4e1/T59P8QabNLHeafIi77V0UFwzEEMAMblPPGO2R87TWdlFMtvqLHzWfe7sGV8HGQVyMAn15I4B25z+3f7engDW7f42/EllgltmTUru4+2X0bRzO87GQROrjcilMBFZc7cHjgD8ifE/grbdQ3JvkknkwsoZVxG+SMbQNyLgnJOCeeQCTX7P418AZP4dcSLLMqxFWeEr4LCYuhKtNTqxp4ijSqpScUldNuzUUnutHrp4MeIeY+IXCmDzfM6dCGNqXhiVheZ0o1YSUZxim3JKMrK0m3a92mmUbfwpp1jaHVLOKGIRjOGUOrhgG3h8AAgcgEkjPzY4IWw1WW4ZDbGOOYK4ncZA2rjBHrwAMjcODjAGKSLTJ9MtZ7ObUFuYlbc0bOTEI34zgsRkZJwM8nA7kZlro7uXeznEkJLIiwybWYHLOCc5HXIJyTndwWBr8D5VVk/a1ZSja9t72ask2tG99Nd9j9mgnGTbeyulZJqzVnd6rm3SV72dtHpS13xXbWdytvfiK5eSIhZACz5JODlQMKDhVAzjpkncap6dONZgBeBo7aCQCMeU2d/JXIPDLzu4GexAzmn3vhixbUUnvmRECgxRMwYearZ2uCcg7s57cdO4vf21bWltd2SRK0+VCtb4CxKCPmGDy2MbjweCc44r0VThTpxjQTdlq2m2koxat1u97tbHo0220kttXe7srJte61fZWutfK2ulDoENzZfabyQNDDuREjPAVjxvU52/NhsFfmPcbQa5PWtDtLeDfE5f7QOkieWFRB83KkZBU4AOcDAyQSB3+mWQm09m+1SNDdKplbne0rAYQf3V6DeMBsHGN1cB4sgm2SxyTFEs1GyBSxYqSdxxlSWKjJAxz8oFLDKpKqoqVtV73m5JNuT0+F3e6ur7bkp3lypJXtdOSa+w3JvaSSumte+5xtx4SHia2VLUNb2sKSKzgBiJFGSqkYYgnjK8cjgDr5Lqvg640bF5M8Uiwy7BCoJJ6ANjHy7l56beeSeleyeENaMLSWkkTrZRyNN5pJWTGPuDnJDHdwTzk4wCa6rVNFTXJGvvszRWToEWDb877VySepXkAs3Vf4vSvWhjqmCnyVJXjJJrrd+5eyWyT93W13d7JErEOjJWtyvld9eXRRatFKzinZebu29NfmmyDQySvDbzmIlJJnAIEaE7iAwBxwSNwz27E1uXmuWtvcJJDE7RRxDJf5euFJJ/j7kYBOcZzgAeumy0yJ/sa2cM52rCscWPkK/eM/QHg89VLZPtXl/iTwTfxTzXzErE7lo4x0KZK/Lg44OBtJyRuPPIruhjKVeVpJJ2Vk766ra7d0m7pWSOinXhOSTSV3dacuum2tmrvRXttsZGpXenXlmk9oQskbruMoLs2RuYAtncBJ0IwAOOgNZ1tfT3L/aHO5YCI44tnCgfdYAjgd8dTjjrmtzT/DTfZJzdMYHdN0COuU27iWZjgAZZhyACCe1O0LR7yS9gtFjRopZ9ruxXLKrfeXIxkAEeuMA4yDW7r0KcJSU1aHbW1rdE2/uT830NPbU4Rbco2jbZbO0b2V9Hd+XWytoso2/2qcTs3lxnIdHyApB3A7QehIODyB1AOAR7B4U8B3VzDBeeYJluHAWBCquQfulieQo4JzwMcjgY9BtfBHhbR44xdRvezX0aSICn+qkZcqFIwGwwyepGBn30Lc6b4fMEn2mX5Jds0Kgp8u4hYohkfdGVJHfrnGK+VxudTrxdPDwkmm1e1k3pbdO667prZrU8PGZlOo3SoqS15dbJXut5Xta12tVe72Kr+FpdMiglMjypasTcwsrkIeAigKME4BwBlMc9DzqaZbzTw3c09nKllHDI8BjjYsCcHdlQcKGyT+H8Iy2Pca3PrGoSR21y9pp0k4Ri7AhB1VixyT8xVlOSBwCOTW/bahq+h2V1/xMI5rEknc+0tNHgrtjGW4IA4O4nOeTXjSqVmkprmnNt7q3LpaLvo5O1klLZpbio8zjFzupNX01093e63btazWj9TFsNctEkW31O0ffI6gXMi4dIFPDICMbl64UYOOoIrq74aP9otxCzlL2AMlyytuhOMqQBgKpyA2Rk8ZOa4CdWv7STVLhPOa23zwxwggtATlhJt6BT6n1wOa46XxTNerJJaTGBLZPKS1dvmLAc7SR90AYI5IZiu09V2+oSxTTppwS5VUi3daKL26XtsmlfbRHfHl0smtF7rXM0rrW3p0u3rvoe123iW10n/RiWmlQun2ksVGFOVJwNvTODwR7Aity516XVorG1ihk1AyOu5o8qQzbcIue4yf94dODg/Plpe6vd2jlLMzQRhWmLHcSWOSAw+ZueTuJ6YxmvRfCHiC+stkVsjIwuEMzsokEDDaVCHAIwvA+XPbbgEjKrlTw6dZQXNBLaO3Lyyd+6et5PXzvc5cRTTvFWTcU/h00lHfd3dt373bRo6zU7CfTZ5zPY3MzMh85ZI2xbhum3coOP7wB57c9Nrw9nR3s9RhmkSW6+SSGb93E0RIAZQdqqwyWBDcqB0PA7PUvEc+t2UcUNhDeT28RSW5RSrlQD+8kQD52GV+XsOhwOPBmutRvr69gury5hFo/7lGTZErBlwSSPlHba2MA8jFd+V5xX51TpyVPkdkua/NZxdlZK179d3fa+tYeio8spJ2vdJy3acWkru7Wj200fSx137Q3h6y1zSdI8SaVp0l0FhFvqN7p8bSLvK8tceWG2OhzlmIB4JzgV8ZabpsX2yI37yQ2scpZ2HIKk9DyME4wQxO48nBJr9AvhJ8VZ/h1qk8WraXY+JvDl84g1jRtRjimivbZiFlEAdT5cgVmIdMMCQOTXuPjb9jjwB8eNFvPiF+zDfrbamts9/r/AMNtRmjW6tJ9jSzjStxBljDZCoi7sADnBFfaQxE60FFSblNJyaa0vy3avdPyXd7atr6fAqFSCcJJOLuoS0vFctrRb11Xe/fVH5oTyeDlWMyWcUkioAgXeDL/AAnzPU8EE8DjHQ8b+jeIPDmn3SyWOlWkL7AFiZDKxK42lfoeefo2DmuI8aeC/EfhHXLnRdfsLvS9R0+aSG7sruB7aaN4ztYqsqKxUncAwBDZ44PMng3TYpNf0hLkeZBJMpdHYAKruOGPBHI7kNy3PzE1hLLlXtGVSpJvl+07K7il1V27v5bbWOr63OlzNwScXzLTaKkopN3bvpfv5LY9h1WfRvFjpNq1rHNdmBY4ZYY9nl4zsVwAOUGAPckkZFcWfhxojsZU1CS0dzIrGQZAB7AjjkkADHb3Ar6S1T4JS6xYDVfClwLfUZVB/s+RiI3OAQYj2YgZAwB6Bcivn7WNN8TeHrubTdetp7O8tpMmO5RgsnIAKOyhWU43A5245yDmrq5di8FBOnKSho46uS1UXvdq/l5W83xvMKWKvaMZSv7z+0muVrms+Zu3W/ey7UbP4JT6rE7afqEUjIcbWQmWQOSFAAwXyBnhcAEHOcCup0z9mbVLn7PHPqCwSyTIJotm113EAnLjYoGST1xnqfmw3w7da5b3Ed9azvayRhZVTzcxOy5wo5xnA5yCAMYx96vRLn4reKg0MOoW8S+RjbNGfLaUgg5aRSOQPX+LnaG2gfL43GZypyjQlGT+y2no9LJrvou+q6bnfhZ4O69tTly9Fd2ekbfppZ31uz6K+F/7MnwP8E3ui+J/iN4luvEDWk6NN4XtLWSO2uQuCYp5VOfnztbaQMnkHivr228cfslfGrw98QfgNa+BNP8Ag5c3NmLvwv4kRx593qdmpMVvKzYdknKgMGfODkYxX5Oah8Z/GNsXewj8yFVbEcm2VRkfM25wWB9+oz2PNfOut+ONX1DXJdXluZ4L85kMtrIU2MBklGBBjbPcAE45x38/DZVnGPquri8ZP2icZwUGlGnKLTS9nbl00dra9We9TzzB4aHs8Pg6fI04zXLZuMoxjpK7fNaz6b3WjP1k+EXwg1P4Yatd/wBoajZalDeRTw2tzZ4MTpHIQjM2SudoBLDuCM9MfSWlDbcE4G0uMnJPGCcfkBk8/T71fnN+xl488ReJde17Sdb1i81KwsdP32kN27uLdnk3NgvkkknqR04AJAI/SHT4AZ4zHkp5kWCeRk4PA6YyO/OMEFTjH9B8DU8TSy6Ma7Upc7vJaJpcuqjqrdH5aXtqfnucThVxjlTThGVnGF7JJ2e2ret73vc968M2styiEqWjKKQqg7s8HIGPpnoBkjJr8uf2yNMj1D9qfwJY6hamWxksrWGeCRWkEiOwAAjAJOWKg9fT0B/az4LaRBexSfaVikTysAMoO3gglB1HGQFPIGMZxx+cv7fXhe08OftR/CPV7aMus9hA7sEG0bbmMZKng4H975gOMZNe7xfiIyypwS1TjJu1k0m1s7drvTquh9PkmFcMK5Sb97l0ta65lrrdtJd13d9j8R/i1NceD/iX4t0i2D2sMWpzeTAMxpFCxJRdp6MFHcAjOOhAHF2/iJ712a8dySpAKljjnbxgfe3DjAHpwCc/avxv+B8vjv4jeKfEdhqggN7qTB/Nj2xq6qQFA7Y6DKjnGeteLP8As2eLIJ4mgmtL1y+6OJGWN3WMghR7ttGc5BHTPGPxhY3CK6lL3ovXZJu0dX01Wt3ezaa1OmeDxCqNxjeLelmuSz5d15rW607u6PH0GoIxZtPvHhdC0MrxSAMp7qxXpg/Lg4IPbPLEvNQhzJJDeRoAygyI21TnAVcgADoQeo5GemPu5dX+I3h/w3ZaLrnwr0i7sbS0+yx6jFYrLclQCA5kWM5cAEnJGGyBgk1xWta74X1HQJrbWfD11bTnd5cY09rdY3AOP3gRWIDHOSRgdfmGSUsXTqyaTjKCu7JpW1jq0222rtrp2emlfVNNW9VJW5bNPTRt7rs9vO6R8saXdFvMjuVeSQgshccqqjI4wMDHsf4u2DXVaf4lm08i1gaRGZj+9V3Rxu6qADjbzzgHgZOc17R4V/ZT+OXjLwXd/Ezwh8NPFur+AbeZ7ebxRY6Rd3Wlxur/AOq+0QxMpMQwGbdhSR0xg17D9l74xXzST2ngfXpzCUVZPscsatuYAbyU+XkhTk4GeeAM51M0y+hJxli6dKcd+apGLWqeqcl001S3et0OnlOMrw/d4SpUjKyTUJt20vflTs9dvx0V+U8PeOr/AE662zut5Ay8rIcsjMGyTkbwF6Yz6kY6j1zTvGVo96rRTSWwaPIZS23IGeVIOBu4zyOnJwM/rd/wTA/4Iqy/tYa54nn+PPjrTvg94f0izhktbe6vbdda1W4kIMaWkUrBQg/j3Bm649vav+Ctv/BIjw3+wt4G8BeMvAHiBde8HeIozYnWbwx/2mmpxjkOY28uW2uQQImVcqF54IrwKfiDlMcyoYHDY72lapV9hGpCpFxVaPL+7+JS3Wj5eRuyT6FYjg9zoSp4vDQhUdJ1Vh61NqU6el2uaPLdK8uVycrLq0fj74S+Id4NVtbZL1LiSeaOGGNQzbwzAAhRwGAB+Y8ZB75B+i7XxvaQX8ix3M9lqVkyA3FlM9pdQuFzkmNldX3YG4EcjI5GK/OGGO50jVbd1uJIZbaWKUTRNypQhgdwbK54JwOFBPYA+qP4ivtX1G4vpL0faLgqytAChkMaruDkHluAcnqSSeikftWR8a5ngKlJSrSq0FFPlnJt3bjqm7u3reyv6n4JxX4TZFnEasqeFpYXENu8oRjH3mtrWTum1tbq7vQ/br4Ef8FIv2qvgQ9tD4B+LesahpMAQv4f8Q3B1KykjUjCE3DSuFZT2YFQxxyMV+p3gb/gsf8AB34vWsHhf9sT9nzw/rsFyiQ3fifw/Z20F2jsu17kvHGLoknMmFlJPUgV/JRpfjHULIMs8m5gQSMkzYHA5GRgZzgHnHzDkV6Tovj/AGxh2n3KzD/XKCY3zlRkj8MA56nnt+nYPjHKMwtLGYeFOs4pOvSTo107JNxq0nCbs72bb1b2uz8IzLwt4oyiry5VjKtXDxu3hqz9vh5K6tejWU4JWadopNK9tbH9gOlfsyfsDftQKdY/Zr/aBtPAPiK9y8Pg7xhexQWsUsnzC3ihuHSY7WYIMtxjnH3a8F+Ln/BMr9qD4eW93qdr4RsPiJoHLw6t4Nmiv2nt05WYWtuZZlDJtfAJxnAOOR/OZ4W+JklnfQXtrc3el3MTArqGmzSWkyupO10eNkbOcZ53ZBAOea/UT9nX/gqj+1X8Bbi1i8K/Ey78UeH7dohL4e8Tym+t5YwRiIyziSQDaNpKNhd2Tk4z7Mq/1qCll+b0K8GtMNmNm9eVWWIglNX2vKnJPq92/MweOzXIans81yDF0OSVp47KnNRtePvywtVuFr30hUgrNWjczvEfgzWPDV8NI8RaHrPh7ULdmSTT9b06WykR1JDBfOjA+8SMk/T3z9C8Y+P/AId3b33g7xFr3hxjJvf+zLuTyLhs5HnW8RMTBQMkspOQR3OP2h8Ef8Fhf2T/AI+afb+Gv2v/ANn7S9OvLoLBceKdIsbWaANL8jXBlgjW+A3EsMyEKe4xXo9z+w9+w1+0/ZPq/wCyx8e9I8MaxegzweGdb1KFoPMl5W3FnPL9szkhSoyQe+AMfLZlkuVZlSrUc9yeLhJWnXp0oYvCyV0nzTpKUkv+vsI23fVn6/w94j18P7CeVZw3WTShQqzqYHGprkvH2VZwU5bpKlOd18j8mdC/bi8YanazaV8VvCnhv4jwSRLbrd6ppcEWpxwR/KTHdCNGMrKoOcgEgGnWvgX9jH9oXXE0yXVNY+DE8toZLsXQS50h70neyrKVOxGckFd3C8EbTke1fG7/AIJe/tR/CW4utQk8E2/jfQLfe0WteEHF8JbZMYc2cCvMhK84chyDjIJOPz613w9c+Frq8sNZ0fVPD12rGKS01XTp7aRHXKMCssYYYPK88E9Bzn8pzLwgyRUMRW4WzStk1abcqawdZex5tGm8PJyp2u2mnFXXW5+2ZF414upOlS4gwlPMqCtFrF0kpuLSi2qrUW27OzTa/G/uvjv9ijxP4Z1698NfCy50v4n6bb6Za3+mXvhW4hmne2uAAjTxK8hNwzEKUUZySDztNfMHi34f+Mfh7ey6T428Ja7oGqQmN5IdVsri0cgMM7GmQbwFycgEYGecE16R4C+LPjz4W6vZ674D8SX2jarE0D/a4rkywzJA6ypFLFIzKFBUjbg9wM4JPuXxl/a38T/tMeJPBr/HK304aNocEFhq1/4dtLe31K4tI3VZLx2VFaW4KLvOcqRkkZ5r4bLcr8TuGMc1mMMJxDlMHL/aMPB0sdGHKneVG7pzk2kkoON11vdH6LiOIOCM/oweBnLKMTOmm6daXPQdSTjZRkleMLPVt2Wm5+bWl3kNp4l1JGlkhjvJ4kE2S4UKpOGO7nAAHQeoxnJ9nvdBivViYQWeoWxjjbz7SZUnQMrYLIxO7GS2MHoOoAB9W+L3wm/Z7U6D4j+CvxGvNUttY8TWem6p4f162NtqunW946rPqHmlRF5NtvIJGRwCW6ge2/Ej9ibxR8P/AA9F4r8N+ItN8U+GZ4NPC3ujX0d1dW7XUKPGGjidhI4LbXRFyBkEAg17s+NspisKsyhiMudepUpwWMoVMO1OEopwqSqR5Vq/dlez0s7K5xU+HsZXjXjg6uHxrpxUk8LWhVbUkpJpQbvv0V09Gj85fEuiyaHeNKEvBb7fM3/Z2ZVyc4yB/CTg7uvoK8L+Iury2vh66vokDzi6h2TAGOVQzL1XqOMnIGB7ivszxL4Y8ceHLy50jxFYX1q5jW4t4tYtJ4TdWpUMs0TyptaMrgqc4I6knbj5t+JejWl7os3+ibbmW5hYJEMo2DlmXAAbucYGBz0Br6CniMHmOGlPCVqNSMk2uWcZK+i0d2n0svO54eLoYnCTVOtSq0pxd3CcXFu2jdmkmnbaxoeA/iv4m0zTNKBVru3+yxAeU0kUyMqjcqMCCxAAyx6jB5ABr6a8F/tEvZ3KA6xc2UoZWaDUt0kQkBG4LKMbQNuS7EHvkZrifgJc/Ayx8OanZ/Fvw9q91eSwRxeH9T0m5hhmsJkicKZo3OGQSld2R8wyT95scX4g8OaJZTySadfR3dnfPI9p5oTekbMWjV2XGGCkZJIyemQOPLxWTZfmEfq2OwtOpBxjzOVOLhK9lvZ79pLZK6HSrVafLVoV5U56bNqUUuVLVae9okm+mllt9++Gv2pPFGnXDNp17IJJxt+02N6bpADwCLcuwBx1GBgnb14r4p/aYTxF4l8S6b8XteuLrXRc3k1pfacoUrLaxhtsk8AG/KDkfKpDc5HQ+D3n9r6DJPf6bdXNqltmTzLeYiNTjIypb7uScjndk59DzHxD/aHgsvD3gvw/fLIb+4uLyfUdchmDvJC+AsLwMxTAB7LnnjsT8jDw3yPKMxhm+XYGjhqk24T9nGMeaE3F62VrX1a0WnTr6L4hx1eg8LiMROqk+ePtHdRasnZNrezukmreeq8flTwj4z8Q6pHYpJpuJXeFLuFVtklJIxMxXdtXlVySO5Jzx514ssovDF/aAXdvf3UEsqyWunghAmBsZkBxIjDgBQAFUZYnkd9ZXGheJddgsLBoI7rVvMgtprV0hEryfcNwjNhWUnJJDYJAJxwOG+Ivw+8Z+DNdtU1Gzkmby/NjvkC3Nu8DA7JC0Qz93I2EkcH8fucNhKdLkcJSlOUVaDWitZWilrLlt31b6208aWOk5TjOmrxavK2yfLrFNaq7ejbs/QzvDnjea01izS1hubSR75JZI48yK2GBCrGFIPXkdOQME9f3c/4J+fD39kL9oWw8ceD/ANoj4hReFPGNzNby+FFur06U1o8/y+dbXl0VtQzHaHhcZIxhcEg/gHaXxsLy0uprON7oSnY0JCS7yeGCEggg9Qc5xkKV6/v3+wh4d/ZW8e/CC20741eFYtE8aX2vvDaeKLiK5W6ni42tHPBhYGTcCm8gL94k4OfhvFHNcxyXhjF4jBSzGlWTjy1MtpqpiKNnFqqqcpcsoq1uVtXvbqfU8JLC5jmNPD1vYzg435arUYvZJWvo3zaP/PX7O+IH/BFvW9P0m58Rfsv/ABu0HxjD5MsiaXeanbz3bgqWTbe2862pUrgZ2EEHJPBr8E/20PhP+0D8BtW0/wAC/Fjwzf6fq9za3Fza3MSC8s7+DtNa31uvkyNzkYIIzz90mv6Rl/Yk1jRUk179l/8AaE8SWkJgaa30uTxO00UZxujRYXuGhRA5A2upJXqAK/Fb9uiL9rCx+LWh6R8ftQ1TxNN4P0SS5tL0Ja39nPpTZ2L5lqjxLKUALMwyCTu5BA/MPCTxV4o4gxcclzLiDCZlhKVGp7WnjcFVwGb0nBrl54KTp1En7spRunFJvufYcV8MZdl+EeIw9KcKjlTjFUpKcIuTje97y1V2lq1+C/Nz4bXLW2jlb2dEvLqSNh5q4lifODFNkbguOp5x0wcit3xfrDSazHBDKsRtCjth9oacIoQDaRkM4A4P94jnBP6e/sOaj+w34x8Ha14T/aU+GviWynvfEkl7pXjvQUkubiKBsrMlxHCBtW3fc+AQFxk9K2fFv/BO34Y/HDxpcL+x78ZfC3je0vNbeDSPCPiK7TT/ABWRAMi1PmSJGQpG0Eg4ON3O41+2VfETK8DUrZdjIvCKjLlWLnTcqEo3i2/a07wjdfz8qvpfaK+LfDuJnhoYqi1VhKMfcXx2vG9ls3fulfTXc+F9CX4gaLoWjava2b6hBfI8pTy5J1Ea5DNG5Y5A2tuxkr0Pvh6d8YvEsvjnw/p0N7Po0Mt+kFwVeZeDJtLp8+FYMMbW4U844zX3T49/ZV/an+BVlLo/jH4deKdPstFWSzt7mxsJNW04MQVkP2i0R4yhJJyCRzyemfgzV/A88PxR0AavustQkZZvIeJoHeQkOTJA4VlfLYZiOoPTaDXt4XNMmzmhGphsVgsTTm1+8ozpzTi3C/M4t2krvd9rrocE8vxFFpzpVKbVlaUZdeW2yS3vvdO2isfq74D8UtJayy38el+KcIIntNfs4J/OAAwVlkVywck4IOQO+c0eOrD4OaBaTXPjD4fL4PvdWt454brwtMtuZTKw++uCpVc7sKAcDBxxj5s0VdU09rRoboeU16sUqNOfl2Mo2kqeAANxOB8pHeuy+MHxNWSNNIutKg1IQ6XaqkpzM9sY3Te8LEEKOPmG7pkdBXr1uHqHsMPVwc5Nc0XJqbSXPZacvoo6bXvpYmhWS9t7R2klaz0d3ZK7draK17212P6n/wDgkre6jrH7HF/ZeCNRnsbLTdY1ZdD1zUWAlCEyhLd0ID58zbubaobjqBX4Kf8ABab4S/tVeDPB3h3xb8RpLvU/DWqeLr42uteF1uHtJTPLK8EWpR27GJHVSMySLw2c8gV2H7BH7evjP4FeDNf8OaM5vtB17UBHDodzExjt41iIl+xqoCpLKcncADk561yH7dX/AAU38VftA/D3Q/Acvh+bRfCXg/xLJHd2kqxzxa1dozsBN5gL7AcqwDfL2wcg/r2SZVmuT5BWxUa+WPLMy5KdVqUXmCcItxhHRzj7697eNm7Po/5s4hyfDZj4j5TmGJw2bxxOVSrTw9ZTX9myjWlFOdSDa/eKKahNRveybtZn863gq9fTfE7y+KZVntY42ZLe9UyqLiTkGXB4xkZ3DAwAQMc+1WN74QmuLe7i0yxW+aZ5BPY20UkAJyEATaVRkzyAGyeeOCPp/wAE+Dvg58ZfHlrH8TPDieCvD11bLOdU8IHdfyXGzIL20pKn5SSygE57jFes+Ov+CevwsewTWvgP8eI2acs/9i+MoXsL6N8HESklIgzN8ofjOBjrXyOZ5xluCeHw2LwH1iDqJuUovWMmryk0ndXTS5rKzfy/oPJaOJnh51MPWula15OMlayfItObSyV2krXPmi0+LPiXw/pUWhaZrWsxWr7meGJnSMIwIwyq2CgU4IYELg4HU1peGfj54l0Brq2kjn19ZbC5EXlROLm2LjBmWZF3FkbByCOT36jEt/gX8SvCfjjRfD/j25gk0Vr6I6jqFpdW9xFcacSPMFrNGxBlaMkgFt2Tggc1+qunN+yr4d8F2WgeDtOtItSI8t7/AFWyje7WUDEhlnlVsqzbgVztH+0OK8rNMdkmGl7XKcip1KtSnzNxowXLzRXxOMXe97W+a8/sOHsNmGOxChiszjRpwktKlRp6cl0t1bor7M9C/Yb+IXijX/gxFP4qudUkvBrF29j/AGrLJLOtoJB5ajzNzmMKdqjtt4wDz9m3Opw3qF5mCk8gx85zwSQM5xkcEAgYJORXy58MrrSYdMWDS76wmh8zzIksfLWKLOdyiNCAA3Hygc9Mcgn186nJuG1QQUI3jcFU4OTg55GckHPOckg4r+TuJ8Fi8TmuOr/VKtCFSpOp7PkajFNp2TSW3W1lqlrdn9b8MTw1HLcLh44mFaVKnGKlzqXOrRad02730dmuiZuahdFW3RZchSVfecbjgkMobkgdgO/U8Y/GD/gpx8D/AIo/EU6L8QfC6z6poXhywkgv9GtQWeNyP+PlLYAlyScudh25zgnp+tU95ks6SuH2sCTv2b+c5yTyeuM9uffyLxjeape6bfWv2lWEwdXjQK4aIjo64K7ccHIz1HcE78HYXG4bMaFehhpVLT5UpRbWvKr3vp6pt7J9D0c4y2hnWBr4Cc/ZxqQtzRsmtY8sr3XVXad76K92rfx5ahFqumSyQajaXljPHIY2iuIHiK7Tg7g65G0YHI7fdHSm2niDWbFtunapqlhI6BS+mX89nK4LFtjtbMhK7scFscnPTn9//iJ+zv4Z8X3M91d6BY3Mksh81hDHG5fJLOxiVWyeDnlevfBr5c8cfsk+AtPtrq+gsvsV1BbyTRqCRCpjycMxBz0Xgfieq1/XeR4PN54elWVKVKTSatJxabSsotJLbS3V287fhOYeGE8NOco4qjOmpPlU9HKOmj0abtstL6XWh+Zk+s+K75VvtX1PWrp4VRYp7ySa5dY1H3ftEjGQDvnIxw3PBP7u/wDBBL4/XOhftM6jpHiDV0WN9Dki0aK+vHSKMlgs+HlcouEIbYOD6HHHxZ4S+FPhLV9Gi0/xC0oj1KGS0tWSEfZ0aMMFfzFHIIX5iCSVByRX0H+yX+yY1j/wk3jjwT4way1nQdZksLea3BVYbcOGJeRTvIIJG3cemD6V9vgsJn+PSy32kquHrxcaqlUbcLxi1zQk7P3W5Xje66nucI8CYajneBk8TSnQq0qkMTKElzxi6cbJxb297mvqtLXbba/0NdP+JXg99DfWT4g0VLLTdNa61C6GqWiwWscUBklZm8zC7FVup9zgkV/Oh+39/wAFhPBt/wCHvFHw1+A0R8SNHqk+l+I/EN3MkNt5MLtFcRabvyZS7BgsisVPUHaBX5UXvwZ/bs+KGq+KvBnwa1HxF48sNPsPP12y0vV9QtoBBdgpI9xumAbf821PlUnPFfDvxV/YV/bD+FbpJ4o+Bvjex027DXV9qUtteXFujcvLcSzRI0ccedx3sSFXbzkYr9G8MuBck4f4goZrnNXCY7GYOtGthsunWhTmqkZwlSmoc7nK1rxjyPZPVWZwcVcHcO5Vicdgqma0a31hVIck3CEoRrWjqk223G60teya3PXPFP7TWiarYQte2smi6nEnnPe3832mOQSfMUcbiQVYkryeOem3Px7qvx+8CaX4u0bxLd30mo38erpLf2AR4rKeCN/lbAwpUlCW3ZQgZ4Brxzxb8D/j9rWlXevWOl3914dtblrO6S3DTXEEsY4jMYDO7KVxznqRu4wflHVPh940S5urfVrPV7eeBiHjms5o3UIcIOVDRhSQW6DBAJxX9McWfSI4syfCVcvyzAvB0q1F0eaVNKKhb3eSTcYu90m0nro0fhMvox8F15xzGjkMcTUnU9rHFxpptubU7tpWld9XJ6J6Lc/QH4s/tWWmq3y6j8PNcmbXby5ljkiVQselWroFFtbEgZjXcCSMAY4PAx8kXHxK8W6Xr6ahL4g1iW9uSZpZGv7ghZpCWZ0TzBhVY4HBXGBlVryfSPBPiWxvTJPBcWKxMHjnuIWjBDkjfnbjLDnPJGcZA5qxeLNca00bRTXUybYIxEGfzJAQuVVAckjGM8dD1Br+EuL8djeI8ficwx9LnxGKrNuTi3FTm1flUnJve1+nTsfpGXcJTyDCYfL8NhZYWhQlCnTh7PlS0gtI9nv96S6r9zPgL8UfEus/DnTLzUfEsy39vaTul/f3RMUKLGfLLbmzkE5+dhnHGWIJ/Rb/AIJB3+m3Ev7QHi3xR4i0WeGbUZory/1DW7a1ln8kvKzRwPKrSwlU2qAGBGAMgkn+fiG48Yf8IBonhHSlutMmvYUknG10cw7B1YAFSw9eSFPZa674HWfjbwHqt15d9rdnY3Lsb7ZJcQW1zvx/rYlZUlBzjLDOOgGMn5TL+EsbUrxSjVp0puLlKN1HTlS+JNbXvs9O6Z+g08BSq4ejh5U5JNQ9pJ6X0h/Mmk2lZ31d91a5+3X7QPiPRviL4+1W5SaC/tbS7nt9LlZ/MsI7ZCyqbeJiVIAHBOV5GRnOfl7x1q66F8NtS8Iaba2Msmt3o8+YwpuMAPIRgoIwARxwtYXhLXZ9Zkgtpb2AGMlSyjG1WG7LHGSSepIyM4OcV6B4q8OG+gssCB0gTl9oO7eQSSeuSSfU/pX6TT4cqvCqmnLRRhFtpPeK03W2nM1otNFqdtfLaFOlFYenycsYxUk7WV43fRa3er21WyPhg+AbCZvPltHLIihVKFxtIOQpAHHcFTkKoAJ7UW+HsayNcWfmoV5UOmUBxheSpxgE+uOnfj7CHgN2LO8TrEeU2EBMcgcDsOCvzHOMYHJE58Fm2iV/s+QFZiHXKkZAAZQM7lLAdO5yueKJ8MQ5VGVK9vtLSWrjs136X6ruePKi4SUWo2Tta1pWbTu2rXbWmrae11bT4o1T4e2l/H9k1HRbG9MgCq6xqspZsZkLgKT6fLwMgEDpXh3jD9mX7TbrcaODp9x5zOgc+ZGqMd+2IBvlA4Bxnk5POa/TZvDtudxaKGQ/KcBWDJjnAyMgEdMnHzEkZ4qVPCqyyoRaBlZv3aMN4xjGCBnBJ5I46Hb2r53G8Lym3aEknFJaWcnaOrto7avb/M9rCYKjPldRKV2lLZNv3dHZJO1ls1fW/ZfkcfhH410SNEhtjd7mdJrhY2O5OhPA68AqOCOgzjFfv3/wRQ8Aatp/xVsdWRrnTddi0rUYLMOPllSUqMyZAwhIBwCBzxjpXhTeBIBCC9tBEolLsjxr85IJCgnnJ9R1Ptkj9MP+CZenjSfi7deTDGk0Ngn2eAHG2GRsSNwAw3YDDIGO5IxX84/SA4VxGD4LrY2nUqxdOtRg+T3alpTTcoT0cZKSumvhd3ve/wDUnhPVwWG4X4+pQpQliHwrjHS9pGNSnf3NXF3Ulvo+9r33/cm38B+K4NYW/wBe16DW7q6vS11pcEsYmB3EwxqgJKxheDwdvPUV9Ca9oDv4Ye11C2W3aWyI8t33YIAKxrjOFwPmx8uRjjAx5he6h4Y8F6m/i7VNY0238nfNqd1qF15MNuqqW8tN74DKNwGepyGPc/lf+13/AMFXdOF83wo/Z70bUPHPi7WL3+yTf2SNPElxJIITFY+UGLMCTulGERQSxzgV/nvknh1gXHNsXmc8TOeNbcKbqOpUnzJO86jjzSmm7vRKL0vc/K8j4L4+8Rc3yyjkWXyngMuca2NzWph1g8swFGElOdSrXqJU4qFNO3vOUrWSdj1Dx58NoPEvjzUbbwrrX9majbra3Wqz21xG0Nt9icMLUBW4dwpBxyASVwOF+fv2qPiT4/8ABnw91TxN4f1F0untpfDLNYsZtRYqqwxyQuMtFJK+S0i8RjBYgkE+/fDPwV4r+FPw2uvFnxLYWnjDxPYrr/iFZZjM+lrPH5otELElpow5EgXI3knOBx+Rn7RHgf8AbH+LniHV/EHwasdU1X4RJcC2kiSKNMtK4N1cRpIoaRyASHQnHy555P1vA/gxwtmnFWTY/H5eq8snlKUJVoucYK3NGcqc01K05yT62k3bQ/pSjV/4TsxxlbH5fmOV8MUIZdhMwrU4OjjcQowhXhh6s9KsZ1Ix9mlf3IXV7pn6P+A/hZ44+IX7KF1oPjHV5o9U1zwRqOo6nfaldLcTNFPayy28SszkKcYEmcDngCv45r7QDovijx5o+nSwzSafruoW7BSnkbrK7mjSQbs+ZuZNwA3DkYXIFf07aZ4h+Nfh/wCDK6J4h8QTeFtEsvDt1pE8uqXK/wBqvfRWrIYFjUhxDL80YVh6EDORX85fw88I+H/EvxJ8ZXPiHUZ9Ns7LWdQurht5BvGju52Mm2QgvG/LN/FhgT2z/enAvD2FyWGKw+GpYajQ5r0/YQjCDjPW0eVaWSV09NWlsfyTnvFObY7HYrCyxFKGHrYyU4RptRjTU2kuVLSyjpvrrpsfGHxsu/jN40162m1ga1HpegpDbabdW8EsdpDAqrsYYG3IXLBgx7NnnNeI674n8SLbWlle3Op6ndaa/P2iRnCoWIDFWB4K9MggHPIxmv2Z1+/0S08IxXmkovie3bVp7V0mji+zCGKQ7FLDlnKhV2MSPlHy45rx3xXpGhzm11ubwJ4ettMmhYagzRJGkW1WYruxksOGI3AckY5NfS0swwf1idGDftm4Skpxu+STXLOCWnuvWTd9E0le7PnMz4Tx08NUxqzGc/aRjVqX5pJ0pcrjZJuNkkrtptJWduvxF+z3quqW/iK91BpVlSe2mlt7OZ1OJWBR2UMNquqk4OCRwcck1/Sr/wAE7P26vhl8H/hvb+FviBbaDoF7Z+Ip9QTxKlpby6zNGqEmGUkLIUBGzJyp3HoM1/Mhoes2Vp8Q7/TtCSK2sria9NtLAS4AZ3wkY3fLEMBASQP1x7S/hzQvE0+mtPNqumf2eHed7SSaP7dK2d6OAygo2BkAE7flwSa9R0K2IpU/Z80eWak2qnLZ3hLR221cuVJKzaW6Z53D2Mp0cDVwM6P1hOq1OEpygmuaF5Odrqy962z1sfqZ+1zrfwV/aJ+Mni/41WSaboiagtxHp/iNZEjhvbi0JdblrVNpSWXbhSyFckDnnHxP8PvjRqWk+MNQu9O1tNSt44o9HvIry4Bju7LIjXbGCEMZIPBzgbc9a+E/i3qOseEvsmk6Zq2pxaDcTtLDFLcyHILEshjdvlJ5xk8jseo4z4ZrqviX4ieGfDWlveveeKdc0nR7ZISwJuL67it4/kGfmLSZzjGDyGPNe3h8VVp0nGrduioupeVnK0U43smpa2u23ez1SZ8rmudUsLmyoUcLTw79pCM4pq7cklHRK9uZr4m9PvP0g+I/jH4ZeLPEd1B4u8K2j6jHbRQWkulqFRfMxgTsqgszcZOcDoD8vP0d+zZ45+EH7PPh/W/E134bjuPEz3aT6BE9wgWzjkQD5UGW3MOWPUMOSMV+5v7X/wDwSa/Z6+HH7CFv4/8AD/hWfS/jhp3gjwzNFqKma4udR1e4tba41VLmHL7nV2coUUmPAAU4NfyK+OrbxRpZS01Rb9DBJ9mSKe3liZHiBjdQHAZjkAc53AcZBp4LGQxLnXdOMoQk4RlGPu2bjFqbej5VbTTWy2SPchSdPCPNKWFdanUq1IKvGk+Xni4xlHnV00tNb6vTdnT/AB58YRa38TbjxNZXoit9Z1S41ya1WUNDFLPKZPIfacOqgkAk7iwXrgA8nr3xZsbwB4rPSZUWNF8ny0UytGpDb1KqMg+oyc8knk/PHjW+uRuilE6TgoivJuBRMDDkEALu9vlwM85485je7W5dQWdSoyxbjkZYLycHOfU5613U68aE5aX52mlF6LRKKirXSTTk42a17ux+X5xjMU69aEaLSqSu7pu12kopWukrP4tNUeqap4zj1jUReR6Pp8D/AL1I44UAVFDEFyAvBJAPJOAc8ZNeleBfj94m+H0d7JpOu6jo9rqFulpd2dnO/wBhuoonGYpYBlWVsYOFAxnsMj530VY0v5ZpbeR40gcqByskm0biOuScgFQfwGFxANM1/VrtoNO0TUZYiuYo1tpJRudiGJ2qxAJP3iF+U8npnGOJrwqxxFOU5VJPlXLHmbbaVrRiuXpfW+1tj46th8XWTSoyk56JRp893otklZq3V3v3tY/Rv4o/t/eMPiR8J9Q+F0nh/wAPQ+G9Z0ywsL+4jt41lY6dGEjuowU3JdMQCZE2uTwCQcD8wbmS2E8k8zzKrMVVCx2bc4UqRjIAA4yQcA7hkCvY9I+B3xc1tVWz8L3dvBKCkck0JjXBHC7WUfeDZ4B6kk9c91afsbfE26gzr1xBpUYCsqzMHJDHIA2nhhyc4GMdziuyriM0xrjB0ajcWlrBwin7uvTTV2vvrvozyKnDuMS5pYOrCLtKUpxcI3ai762drXW17XtqmfKMmo2ETOFVEA3YdmDMdwGBsJyDhcckg7uRwM4VxqLSz7Yd7JglVB53AE7iFHOAeuM5JAHBr9LPhf8Asb/De11iCX4pa68lkGAeC2uURWw2dzEkOASCSFYk4OSOg+1rP4d/sLfDy3Z4NAh8Q6lHhVMsckhRwAQVLMQwBBG0jnrx2Uspx8pUlU5YuSTS1doq260Sa+bvZNao2ocOzq03UqYjDUacd+eok9ZR1tdX2a87bn4GaZ4X8W65KiaV4d1vUZJW2p9k0+aXqwORsQ5yx54wCc5xk1754J/ZN+Pvi6VV0/wFq1rExUm61KJrOLA53AzKoxycjGeOT1NfstB+0F8M/DVutt4C+HWk27R4CXE1laJtwCAoZY96gcfdx3JwDzzerftK+Ndbjkihms9Ft3JAjskUEKcrhSq8f72ABgnBGK66WSumnGcpTk7SXKuWy91We9t7PW6Wr2d+qjlOQ4dr63mcajSV40EpJy0+1JtLfZNvtubv/BKj9mfxv8J/22/g1P4xW0aO9a/jj+xSxyT2xEYLlyu4qS2V3MvUHByd1f1a/tX634fm0rwD4R1RImtpfGlyZUlWNo544t7Zl3KTndtbcSccqQVIr+bf/gnL4zur39tP4SyXs1zezST35LXEjtuZkyQozt2tk9MDPBGcGv24/bh1SbVfiT8OtB0++isGkTWbq4j3Kds5yyuSejAcB8AD1Jr894ioVKedYeNFNezpxtFu2r5W7N6P3m97WWlnofrHCc8qp5ZOWEclQVRR95r35fu0u6bfo9OrasT/AAUttM07wj8Q9Piezjnl1jVprHcigrCRIsXJHKqBgNx0HIB3V+EHiOOzk8UeJXluZReNruohmRQFKi8mDbCQflwM4LZGCQR8uP2L8E6qLXw/4+kgu7eSe18OaheRurgFWtreYORg43M6kkjnJGDnOP5xtB/a38OrqOs2GteGpJ7u11zXI5r6B1dpSt/OoY+ZuxkAAZw2MYwMV35DWqSq1k/aSs1FJ3d9Y3TSWkotyd79G+mvz3F2Jw+Hnh1OsqUZqXK5N6/Ak7rZxcrJrRW2u2fY1reeHbeNGLW0s8eG2yRFpC+B8wIHUjqVAJwPXLdVpNjo2qtkWsaySEFpPLUkqBuwd2Cfl4Pr/dzwPjy1/ag+FWqTiCbR7+1m+7uRAWLHB52qMAd8Acs2RgDb3Nt8dvCcNvZXeny3qR3NyLeNJMYBZtq5yuSAO4PGMdK+ixNfFPmVCPLTlGV7fFfRO6bun91+luvzmAxOW1Jc9atRmku92vh0d3fZ6rtfq9PrW58AeGr3SIw9vZK0N7BLGzW8QkaRZEOWbaWCgDOCRzjqCSPRfHfhXwPFodvcTw6bcSQwW7TtqVtb+V8sQXKSSJtABHRTjsSCMHxC3125v9GDQ3JeSSOGWNAQuQyq6kEgDODyT07HBUHE8U6Tf+M/DF7o2pa7qFt56lAVJKxfIFYBl5IUg/d4znAGajK8Ljq+JpOo6jUbfFzcvNfmV5XUVrZaRdlrs22sxxuXYfD4l0YUp1PYe7qoq9nZX0Tu2k7Jtd3ueET+PPCPgn44/CjxLFNaWuleHPHWjanqE+jwplbWw1GKeVsIpDPHEjBc5PB6A8fpH+2Z+0L8c/8Agpt4ptfDXwS8K+ILT4CeFdf0TRLW9v8A7Ra2viXxVcNDaJc3FwNizhc7jCCwROSCOn5jfC79lLV/FfxQ8K+GrnXmvND1bXYLJiIjJci0M4e6kX/bWLcFLbSWxjIav7IfgF8IPDvhrU/g74H8I6ZZaT4O+HdsPFmo6fDbQwnVp9PjWyivdQ2qBNcSzRiYtIWdWJ6da/WKuAWGy2eZ4qDhLDUnLDvmd3Lki2otOzTkrXdnq16/xvxjxj7TjLLchwNN1sdjZwdSkuVwoUlOKc5K75rXlLS2ivq7HZfse+E/h5+wV+z5ZfDzxHbXkHibwtZQ674qmiRr7frF8onuPJRAxjFsXZImIUkKB6A/NHxT/wCCiT+GvFl34f8AhT8NReQ/FDxFo1xr3jXXY1TWbqwluo7d7e3Kos0cSpISsbkqMZ24GT9Wftf+Lb610vxpLFplraSa7d6eTdvChe4s5YgyQKNuNm0564AIz13H4F+H3gSbxX498BJpWhpq9zJLLLOlxGGSAW4Lb13A7RCw8xAoAU4IA5FfOUMhwuNy2rnGMqTdbEQlXqc89ISS5k7ppu0klFu6svW31dTEvBYhUeSKdBuLcYWk3P3eayV7yjLXd2do7s/Qn/gph+yM3x//AGYPDfj/AOH/APxLfib4G8M6bq0d3AEil1DRLy2jbU9MuWgCuzwIzsjsSy7ACcjFeKf8E4/DN/8AE79hz4vfs++Obe/8Y6XpUt7piS+IY2mhjN/ZytHCssyktHYXflumGJATg/3f3B0LwuNa+Dk/hScxk6x4Jm0eSZ9p8m6nsXtlZu4WKUh/bZkfdwPln9hf4N3XwD+DnjLQPEOo2WtJH4q8SXWt38W1Fa0t5Z2ghlY/NxDgDc2UA+8M1+dYfN6dPIsywFWCq4ihmmFlhJNJtUZVLuEJN8ybkny7q3KnpY+vr4epPMMvxVOUqNGWBrzqVIu0abjSg463XxJ82zSavZXP8/H4veH/ABX8Ovij488D22galqln4L8VaxodxqWmWVzcacsdncyrGHmCmKLEanBZwMc8iqPhXxro0xEO2RL8sieTdARgSNnOJWxjBJADHGM9uK/pg/a/8E/D238LfF7xu89l4OsPG2tXyeHNJ060svN17VprwW8NxPcvH5gEgfzN2/JUEkgA1+Rjf8EufEHxK8QTxfCLxCZNWsfB7eLfE0GpTpPp0N5HbNdvaQXtsRDbSSorGMSHGFz05X7vMeCMCsFSzKFR0nXjTdSFTlh7OpKMJSUG3ryttJ2jrotzHgzxGqZ1UxdGUJuOErzwzqqXNCooSUedWTeqSbutVZWudB+xl+xj40/bM+Iet+EPB2taV4cHhnTBr2r3epq11A8DkBY40jYb2YnjBPIOAMqK/az4Yf8ABOv4wfsk/Dr9oe38aro3iXwF4l8Gpf2F94eH+my3dlGXkd7JWMvlgdRt+UE45FcN/wAEDfhL4j8Fav8AGrxHq80Ms9jaWPhy4jYrI8UxLo6LLk+YhdCAyk9M9sV/Rb+0LZ6y37PfxaTw3Z/2j4gbwLq8Om2BG/7Rcy2b5t0HLHcCwVYwScgdmz+Y59CrlmOjlsXywfsHPnd5pVeSV1ayfSySv3vufomCzFVa0q9N2jGbSvtaLvovOK621vbWx/GH4G1jRNa15k0iSU20cc0Lp8w8u5jZ1ZCDwMMmGA9hg5NffnwPupLWzhVmAjYXUeAckgMD3wSxIGQe+edor8o/h9q134a8eWmh6vYrod697cwazp8iPFJa6k1xLvjcOAwkUsM9OwA6mv09+EF0llc2yLLv82S7wp+6VIxwpPB6NkgdjxivbeR1uSEpUnyuKs7aSuqTVr+XTa7teyKzLOKahHkqxlqrpSTS1ppq26StJOyvZ7WP1I8EM2qfAjxnCyOzW9vqcSDaWIXyifkBGRwM8Hseh4H5T+HIWh8RW0+HKy65ZRTO5J24umByc8A8dioBUg5FfqX8ANSXUvhV4/sSxkZILzK5yFBWYemCcZycZOfbj8v2ngsvFUdnGpiz4itPM8zdgk3b7Sh/2dwA5HIIGSK8HF5bGpQxUfZK6vZ8rvqr3SX4tPRJN6ts3yDNYxxsZOd4ySS1SSbe/VWa0u9d9rafmh+3r4I8LeKP2nfGlv4ktFvLWTStPW3R1V0DrEuGUheGyc9hyeTkCvjfUP2S/hDq9lG8kF1YSFA4aIblB+bGGIOMHjb1XvmvuT9tq9Gn/tDeI5Z5UUvaWXlM68mPykyxOSR3APGQOh5x8xw65K6xxi+Kxk5jRMlAGOOhJO0HIX0YHrivhMdhsZhYxnSq1KcYNNQafLrZ+8m7aNO1rWe25+qYbE4GvD36cG3pqtbWjfmV3or2T020sj56vP2OGnkgXwp4iWCCB8W4njCu2SNqyMuzK9QN3B/AGvcPA37EHj24u4bnV/G8MFv5cOI7abarKrBuAj7Qx24DAggng9QOzsNYlt51keeUqrLtkRlxhT3QN1HGTjn3JIHs/hXx7a2cqedqDr5agR+ZI3BbBAcbz3LYPTJ4wSK/NONcVn+Ky+pCm4Vfd0c4KSSaV9Gm9krfd5P7nhTC5P8AXKdarNwalF2jPlSakt7duz9PI+3fhXL4q8B6NpGg2+ty6jb6PbW9tGLiRZWjEShSWZuXVsfLgkL9TgfVWk/FG9njihvbSMSqFYyQSFGypyWypUDg5BPfnawG2vz78NfEFp5R9nvoHjkGA2wZJxgqV7gHjJ4OPTg+4eHPGMcwCTKrEArIxU4YjOCGGAOg7qAQeoIr/PDjjgJYnMcRicVgIQqzqSlUnGlyOUm0220lr3XWy2TP6uyXM6MsJThTqqrCKhFKWqaSSWl7X16x037H2rafFF7eWPy768gc4AWR2kTeARtxwSoOOBwT0Nex+GfibqkjKj3un3QKKViZ1SQlgCAwJySQSfoMZPf4Os9SW/iV4A0PlgHbkOWJbA2kk7RgcqCAOAMrzXUW88mY5zPMsiEbliDK/JyAWQoc57dQcduv5JU4GcMTNUq1WnFOOibjpeKdr20XzVluzuxSwleEVVw9OXMkk+SN9bbOKU9Nl1P0Zt/iJaCNY9RgeB2GC8YWSME/KejNxySDgDGTz1rbj8QaRdjMN1C2AcbSu/H3eQWBJ4wQBg/Xk/AVjrF/DECl/db2JwsjM56YA+diOpOcjOe4wxNn/hJdStgxuNSmgcsNjxgDLcfeZccc5P1Y55AqKnCmOpVLQaqq6smmrqyd7rd7a2tZ/d4NTKsAp3puVJyklZP3Vez3evRbaa2VrafoxoN5YC6RW2lWIKtkYZixIU8454yM9B1PSvTNTuIrJIWMMBEgV8bVGxQM4zk5yOw+6cge/wCZXh/4pa7o80Fw2qQXMMZG2K4Pzs+4EA7gWAO3qeCCehANevTfH+O8WFdUiaDYuSY5Q8fzZAPXAyPm4GOB2r1cHgMdg8PWovDOc24ypuMW1payTcWn+N1e1rWfzeZ8KV8RjaNaliFKgoWqRc1zO6Tsul1pq+zvbU+49L8V2aMY2aMbBhV29PqD2Ix2yeh9urj8SWMi/vFtXUnOSFUkN65/Q/X5uMH4O0n4p+Hr0/uNWtFl6sksu1gckDOWJI74AOQTz2r0G08WCWNZIr1XV8fMjq64Yj6nn+90yT7msq+c5ng6bo1cK5pR601J8qUVrtrZW0tbvZHhY3gNVJe0jOone/uuTu9G3o2+ulrbbtn1nLdeHLpc3ENtnHG5UwDjGAQASCTnrkevUVgap4N8F6/ERLFbIcnHkjYR1A4HJ5YfmMg8A+CR+IpduGuMNwc7jggZ6EsfbjGMjg96sprt+VxHOw46l8ZX7oBIK+h5PYZzjmvmavE2H96OJynD1rv317JRlvHoorW/frbTquCPCWZYWUZ4bM8VQkvh9+aSvZu8W9em7utNzs9U+CmkyRudLnh3jJUTAuCByQRuPQE46ZwATjivGvG3wE8T6havDptlo00hA3Pt8t2TqQJFwSGwScHOc4ya9P0/Wb6QKTdyJ0Ur5nIXgngk/Q4I6H1Fd7a+Jfs0IEs4lQBRvYlmzwBggk+ox34wTXo5VjMgnB1YUauAm7rljWjyapP3YtN6tO60td+SO+GccWZQ4QjjI46MHpGtSbSbUesXG99HZrfXe58Qy/Bbxbp9q1rfeE3MUTEmbT7phIzAYwiszYUEjgnr0+YYqXwf4W8S+F9dsr7R7LxBZyQTHzRcAkNGxbcisVOCcEDJAyMk8Fq+vfD/AMSbHX/EWu+HY5oC+j+T5mwB22zcr5w6IW9DgkEkfeNd5Jd2I+WWKJlIPz4AYH6gE85JPPoAM19PleZ1MNKOJwGYypOjK8HJJSTjONvfg4tJNN3av99jsxfHGdck8JmmXU6qq00p005Ri4VIxesZJrVO78r3Wx8feMvindZutH1W01GOVZo3eSaE7DErqdvCnlzkdTkdsUj+M9AlEM0kotQIoNqTK2xkxkKQQMEZIZecZ5yB830jrXh/w3rG4zWlu8kgBYMkblsdCSylsKD6+mO2PP8AVfhD4f1BWLQl+BhRsXAXdg5XBwCcdCMn14r3Hx5xBVrfvZ0cVaSTnNNtxVkrtNydr6vVq73uj0Mqz3IY4alRq4XEYGUXJt07uKc1FNrR6JbK10urdmZtjr/g+8WMSjTWtiVBk8qMoWZclTkcEj2A6A52k18oft23vhXSf2cviLL4fgtYpLnSv332SRcytklHdAc7VxjcMcY5PNfQWofASF4j/ZOo31lsJwqsWTc3fbnGASByOoHXqPzW/b18L+KPh/8ABb4iDUtYe9tr2wgEO0HEaBnGH4wp4GQOMHJPUn+nfo2cZYzM/Ejh3AVsFQop4qlKVaFlNqK6NLW63Vl23Ms9weRY3Jcwr4PN6tStSw05rBVOa07WlzPXlbXW/dadvxH8KX9xL4W8RSyzNsMGlys7NtCxiQlySecYB4HABx645zxj4h0u41xHSeICKCyQSwufm+VPmwGAJHOc+xrkLPxPJaeBtaUcLNpFs5YtgShGOB/CoLEfLt5PJyB1+b5vEk15qBuSzAbYQUzjCgKAp5+YAccZGBnOAQf9d+JoxxWEVK6akoNRvrbk3aatre7vtrfrf+BM+lKlnsqsnolFJtta/FZd0m2vLW1le37Ofsa/tYeOfgB8Q7PXvBeqSw252R6npEjv/Z+q2Y2mRJYQxj81kBIfaME52jGK/sP/AGV/2uPhx+054Xj1PwzqNra+IbKKOPXPDk88a31pcqo81oYWIklgL7tpVSOMEZxj/PL+GHjp9Ou2Mrqzu6LCC3zKRySpJ+XORn1x+f1b8LP2nPGHwS+Lui+M/BOv3egahYzW8z28Fw4s9QiVlZ7W7gDeXIsw3KxdDgODxjn+fc44bqvF1KuFi07OTilpJprR9E0tL9eqabPSvhsZhoc7Uanwwnf/AAqzbvfW2uuru9ND/RIhGTvBJB68Y5PXIIB6cAjvjseM/wASjPhrxCvODomqAYOP+XGcde3Uc9B34r4X/Yk/bl8B/tT+DdNLXlpo3j+3s4f7Y0CadFeWTYoe5tVZh5iyMC5Vclc9AK+8NbjEmh6wh6NpOoIRxj57STgcdDnnNfPUYVoVoqrBwcHrHS9k09tLbbJNPp0PMnTlSqcktWmtbaNaO6ez87adO9v4HNY8Q6da/Hr4oHVYibXT7/xpHI6nBj8y5u0UjHzcEjn72cYwWFeE+J7G0+16T4btGuppdUtYr/RluEZJVE53GMIx3Ech43UjggkjvU/af1SXT/iH+0Ja6Zetp2oweIdZhS4DEEh9alVlUk/eK+vJB6EEE9bY/C3xLrnhzwL8SU1G413V/DKeH1he1Y5CLaxu9ndAZHlPgjeRjcQpI5r+gOEctzPPsFPD4HEKlUpU4zUZtRjVlpywjJyTTsvJXeui08DPfpAcMfR0zfJ894mwFbF5XnWJo4DGVaVL2rw9NtXrTdpNKCu3dJJXu1ccmo+I/DGnTafqNvLdxpblLmAlnR4Qv38PuZLmHB5TGDgZHb9Av2QP2wPF3h/wjf8AwHvNfg1LwN4n0vVV0y51u4dL/wAPX88MhFrHNK/zRs5URoxGAAAPl5+NPHHizwr4uSC3tbC58KeNIr37LqGn3bp9juyY8M0bnC4kOSDgrg4PNeU6foFzM+paddQGx1S03vaXFvKYnbcxKSRujBmOPukHHzAkkV9VhM5zDJaNPA57lVSWG+sRlOliaMuV1Kck4VqMpJ2nGSv7SEtU0m7Kx/Veb+HHgf8ASr4ew3FvAef5XRz6WGpVsJneTV6CxtH2kYN4bFwpyU5Q5nyVIVFo1bdXPQtT1SGb48Xz3Ko0+n+GNR0+aaMq6XIiu1UTMcEybly249j0r6m/Y/vfs3xqttPgZNk+k3UroCcbZJAwKgsR6gqTwcjtmvgDQ7i4sPiuljdTid/+EGvBcSS7vP3rcKN0rHLO2Tjexyc9R1H15+xVrkMv7Q8cbOrvaaPMJYtwLxq0mAduSQrk5HAycAfNX4D4g1K2Z8Q43HwpQpUq9eM6cI6KMLwbS1tol8rWb2P7p8I8ixHB/hDT4bxmLpYvFZbl08FUrOV5V50YQXOrtu87X1SevzP6WfDtnZyeHbNhbxyqtoRL0MXJC5b3wCe3UAnHJ+VP2gfDyaO2nalasEtJWYlR/C7kYMfI+XOSOfcclhX1X4YvVsrGxbyxJY3FqomU5KxhgxLheenqcjGDkd/P/jr4PTXPCzy26l7SJBcwSRgs0cg65wc7SM5HPTPIOV+TrU3OOmjjy6pWaasrO6ej5bPS1133/C+FM3nl3GtONarJYevi3Tq80rxjGUrLmTb0TW60027/AA1Bds7W5iOS8QGT/wAtMFck7SBkgsQMjJBB9D00+ky6lLGQVaQwqTuXK+WQSU44yp6EEZOMHPB4aJLiwu/sszKVgkURSjIAA3DLHsOowCfQjrn2nRrm2ewimDxrcBQkoIAyfugLkZPAIGzockZ4FZYdVYTcpNN3fKrWV01Z6JLW7+63mf0hncpxVKtho061OfKm+VNOElFJaaaqTve936Hn0nxk8X/Bk6tHmXV/DF5ot7DdWVxI8n2QSW7RhoQc7MbjkEkNtwMDOPzG8YeN4/FnhPWp9OMsD3MGpwraEEHyFmdzKQRwfnweDn161+hPx5e0uNA1SSMRxk2NxE4yCG+Q9AMLnIznrgsD6H8/PAWjPL4U8S6hdaf5y3nh/X7exMag7JI1IMqjIKsBjLHG7rk4r9p8MK9bA5vhsZVpt1J1acYyTa+KUFvqk/e5tNUkl0SP81/2gXg5huLfCXPMdlNOll2K/s7FYrHcsXGNb2NFzvyxaTnNpxb0uu6Pk+7wvgfUWYKAbcByQGIwWBO7kA5wATkgEkcivPfgZarqPxy+GNmAXW+8Z6Xbtt6MJZANhyOhP3jlfl9Aa7/V0aDwDOpBLPBcszEgE7JSAOoBG0krk8cdOK5j9laIXX7QvwcTBcjxvpEjjPO77SRyTkfKPw6ZP8Vf2dmNaccNKo17ywspxfVSVNPTltfZ/JLfRn/Kr4f4W2MxmHnZxedxws1fdOpGDstO2mmumuzP7Af2JvEP2C08c/DqZyJ/CniSaKKORhujtZkR0C7cEAbuMdB1JB3D85v+C/Vz9h/ZX87Y7k+LLSNWyVC7y3oByP8AIB6fWnwW1keEf2rfGmk71gtfEEyzIrEhZJWhj2ZBOMg5AJPJbv0Pyb/wcEzJH+yNASQS3i60cJxtcBiCM8ABugJ68kZ7fylxhlcsLxPDFxVqWa4GnjouKVuarQ/eX3+3B9t2l5/7HfRn4xhnHCSyirNSxXCmf4rIpxnJXVPCYlRw8mr3SdCcLOy1Wj0TP4N21m/0PVpdXikle3iuop5Y93yTLHcqzK3Jz8ueQByAAAa/bG/0HwF8Wfgx4N1dXQNeaBFMEA2yW93FbhXMRGc7HGWHJ7DJHP4p6lHBdpfSrGRFHEyum07Cxb1zjqMDA49ute2/CD9qfXfg1NZ+H9T0VfEXg5DC8mnzyqbi1tsAz/Y2YkKHj3DBAX2Jr8KzrC18RKao2nySu77t32Tvpp0dlfrfQ/u7BZjh8G6f1uTjGtTSUrt2bjFt79La+em+36LfBb4pfFP9mm4s5dPKeKvAk16zXtlL8720SklpIiw3K5j4wTjJ7dK9p/aD+KXhX46/Bb4oeKPD19a27y+HY3m0ZtsF9FcQyESRtCw3OBtIJIIIJYZ4FeZfCv8Abm/Zd8Q+KotGvdKtdE8Na9ZG2urbW7Rnaxv5Iih2TgeUu6Q/60EKu4E8ivEPiH4R8P8AibU/iPJ8MNUgXS7XQ7m/aaxvBPZ3NgZnbynWFzGHRT/EFG3hlx0/EeM+DsrqYnA5zifaYPE4fFUJurGLUKko1KaSqLSL5m0lONuu7R+j5NxJXngMRl+GqwxlGrRqxjDn5nCPIlzLR7LW29+tjwb4HtFH4Qso5Qq4lCtFkBsMx67fmJ+mcKAODkj6G0/RrW/ut0YUI3yoz4Vd3GAwJ4HuCBjvnOfl/wAIeCfEreHbbUrCK5hsfLlKT2cobzJVcqX2ZJAyOQO69etJfeJ/iZ4WD20E8k0UivGxuoWSaNcZ3FiMhtvdeRxzyK+Qz3Jo43HzWEzDDRxFScZeznVUZJWTatu3ZJp9O/U0y3MVhMHT9vhKjhCNlOML3s1ZrdW1813XQ634mW3xF1e9vPD3gvwxqd1p+lKHu9X0+Fma4k3/ADRpMqndGOc7TyT1XNcd4c8F2Et5p9j4o+HXjCfVmmja5mNtclZGZgN0hCH90c5blTt+93x1ngL9qXxx4RiXR7nS7C5tky0kuQkpLMWO9iAZO4IY4GMAjqPoLw7+2d4ZWMNqumzC+E7POI4Ldm8jG3YkjIcr97ByOOQemVVqcWZXQhhcDkmGxVCMYReIw+KtUm7JyqTdm3q2mkrW2uyIrJcwrPE4vMalGpfmVGvS5qcUlG0En7qb2T1S3322/AtpF4Au9A0rQUNjqGpeLLCS40nymjlhtN0YCsflY9SBkYJPPQAf0Q/B/U2j0uOW+vLcb4kMcLzRhkkjAQqULhg2VP0Ddzgn+dzwTqlz8W/GOo+PdOtprSw0+80saJZw4lu7sNewoxO0FkIB3GQj1AIr+gfSPgT4J8T+HNKad9Z0rVF023urie21K5t5/tc0Ss52h1RRuPIA2gjHHb/Ob6YNDK/a5ZRz7EVcLj8QqtTETpU/rM6Tq8j5XacZOMIuy2b3XZ/0H4X1XVw9ZYeMJYanJQocseWLSWk7Xdr666t9Ox9XjXNPlhjZZkDRmPJXBG/ILKCM88Ale2Dg5NfzbftEa5b3X/BVDwi0bI6jVdEhYu2SSIeRgY54PBzg9eRX6ieMPgJ4x8OaZqV/4N+I3ia1ktiskTX1611CCuWGQWJJHB+8TnGRniv57fivqPj/AMG/t2+G9V1yLUPEHiKz1HSrpHhjeSfVMLuQxAAncRnbhflPDcEE/B/RT8N8pw2bcUZjk/EWGzGWM4SzKgsJOjUwmJpSq8vLOcavuumuWzkpte8ttGej4iY+eGw+CVSjJWzDCe+uaSS51or73UXe1n2ert/aH8JLeOTTdTnVQHe6ALKM5CqAMnj5Ru+bJxjjIB50fiFrem+GNEvdS1GWO2hSEBXOA7zMQFjXcxJYls46ZJr87v2d/wBtk6Vqy6J8SvAfi3w7pFyrSR6jLot/IqNtUlZSiANlskOTyOCDyKr/ALWP7WHwV1608HL4f8cSCNfE9u2radNbywSRWsEmG82Kba79yVBwCrfMOo+Fr+C3EOP4njhsVR9rCrip1J1sLy4iEaafN8dLnSbaUelm33OujmNKNSnUm5QoTppuUr8qtGL3b1u93tf8Pjz9tfS9T1vxtYapDHPIt7pEV0VX5j5TISgZRyMLgsCcjb8wGTn8s/EdtMLmWGe3dfLBUkRuGDdMc9TjHY+nHWv11+LHxZ8A+Mb1tQ0TxFod7AwhtbGV7iOJ1jWJVaN0ZtyKGJwOowQTkZPgD+EPDF7NcahKNF1ARQtK22eFlLBGZiVzk/7OAcc9Miv768KsdjuFeG8tyzE4DEJ4anGjGDhJVOW8IrRrS9r6pNM/P+Jcuw2Z4yrWoYilFT1s3e8rR0s3pv52dn0Py11YtaBlddse5Vy67WIA5wMA5Oc5HfgcYp+neTCVmECy2zzRmRsBcgZLAHjBHIOe+CcDNex+OvD+napqt2sUK2luLqTyfKG9QockFXUEbMA4I7cA5xXHv4TSCwe3juGA42gkjcW4JBPByOMA59Bjp/StLHUZ4GlOcpU5VIRdm/ejKUY+7aya1d7vsrM/K5YOUcVUSiqkKblHmsr6PS6a2dvlbfa2Z4u8H6lps+jar/Y86aLrkKz6bdsN1vMIxueJXOUZ0xkqpJXp1AJ0/wBrDUpZvgh8CEW5hMFjqOsRJargtGRHHjeDnbnnhf4getfSPw88X+GL3wlF8IfGelT6lBeXttJoGtkk3Ph+6kOyWS3yctA5wrqMrxgDpjxz9vH4fW3gz4cfDRtLv3v9OXWtRgVjEFKOIUJKlQQ28EghSeckkcbfnstz2pPPcvyvH0qkaqrVvYVHd0q1N0Zcs1Lo+kovW6du5343AwhlmKxVHlceWlzxWsoyU6bava7s7u1vLe5/Sp/wSie2H7IHw5cSfvJIXBAABXc7FhkHsAemDk4Pt+pCWtpcQmNoYrpHX5kuIVlQ4xkkOGDA5IPH1xnn8ef+CTepQ3H7H3gQR3BEkEksMyjdmMq7dcElSOCc4wTnjAr9N9U1PU7OGOSyvwYowQ+wgli3RW5+7xyccHk4PB/yd8V8ZWwniPxhRnQn/wAj3HuNS7TtKu2pauyTve9+mqstP2DK8vq4vL8vnSrKDnhKD10WlOmt9l711pftqbXiT4M/DTxJbyr4j8C+FdVhlRt4l0WyZiHzkl/I8zJBJ4JYAtzmvkXx1+wH+zH4hjlnHwy03SrmVjsudKmns2XdjLKsToqHHXgkdsHJr7e03X5n0qI3hj8+ZEJAfLHrjGB1J5I5A7cqceMeNPjZ4C8NTvYatrttZXKSeW8MzcqA2BvO4HGQAegb14wfj6mcZ7gqMJZVjMyozqRjPkoVq0bXcdGoO2m9mkl5XZ14XBYqeInSqw9pGDaeqlZJxXV6aK6fbq3Y/PzxF/wT68DeDrZtZ8IeOvHXg2W3Um3Fhq8jQIhc5BUszEAEfKScjGDyAOauv2evjvHpsQ8H/tEXGqWwkjaHT/FFi0ymIKCVeaJVfBKgZ356gkAZr748eeMfD+teBZNR06+t762mMZSa3lBJBYNsQbiWUj72OSepbHHJeG/EltqGgPHptvDLcsiwJKIhmNgoAAC/x5ByoIOe/wB4jCp4g8S0pUXialDGqE+So8fhMPiZJq1051KTknrZ3d99dLr6ShktOtRlOcZ0ajk4Plm4tRXJqmmtk9G7699LfmX8c1/ag8I+HtMs5T4N8RXMU6xZ0ieW2leFGx/pEU8rZWRgSxK7iCV4+8OF8D6t+0fqr241P4Epqeli5T7Rqeka3awypGFJdkgkYyPkZc8cYI96/Y7w3+zk2vodQ1q3e/uLh2naS5BKqHYsqRKwyqqxyFJI4wDnNeo2H7PVnocTsY5okRGdjA5iWIckgImAwAxypBOBlskV9xDxcoYTA0KMuE8txlXmTqYynQxGH5buDbpqnUUFZ66xS008/nsXlOXRqunDOpwmnFOlzwm3JpbuV07uydrO/dWR/G/+0Np99pf7Ves6pe+H9S8GLJBAJNL104uVdogGnMpADxTOR5b5AIIwWGTWuurae6NKl5blwxDRiVWHJyTkMVzyMDJwGycZXd1//BTxJbf9sjxJpUkl1c28EWk2hFxI7MIHjjZSpLbgxPQDkbsZAJJ+eL74W2U9uJrK41GxaRUkZo7h2J3oDn5pMjaCDz+WAK/2n8A86ec+F3CWPVNU4YnKcNUVO7kqalCLUE3eWiVtW7dNWmfyzxjg54XiPMqMX7RQrNuWzadmnpouvk9ranaXepWbeaUn2szEKytlcbssB8xGMdDnoBkcmm219tKyebGEUAEmTIYfwsR652gkcD1Oa8ui+GHimMmLTPE9w4JJAuBvVVK5CknLDnGeR1wO9U5PCfxMsAymXT9QIBCKQ8bMF6knhOnJPQYI71+080mkm7K/2b2+z/Mml01VkvPW3x0ueLacHay2utLR7p9tLK78z2w6rEVceYjkZG4SAYDHIJzz7jA5PXBxiNri2YI7SESlcsTko5OP97A5HvwTnBCnwyG98ZadKI73wxKyE4aS2lyGwcn5RuJwckYyR7ADGtbeM/IZkvdJ1O1SMMDuhaROccFlGQFxwMY6A9q2ThypTXXXdqzs3dxu7b2Teu+oruEbyi9rx6/y6Xunfe17dd+nqT31uzeWGDKrFNyEkqRnj+LBJ/EcYxwKRHKCZiSdy5BIJbAIIOB0z0J/M55rz6HxhoEskbx3ZhcthxcwmPbwQuScDIGeo6jtxWwniXSpCyJqdmZGUJGySDDDPG4ZAyAMAkYJzxnNTFU7xcb9ItxVldpav3rWv3SvbfS5CrRvrFrVWsnbole6XXz7tvtF4imUQZHzNJtZiM5AD7eMjGeeRxghiRX5hftAxBfibdgggGzkkxjB+dD1GMDjnPQYAAzkV+jupXkskzbJorhJXULJ5qlEVWGO+B04yckY46gfnf8AtCETfE65cgAnT4xgDPJjYDoACW59cduMivZy9qFRKzbaVk1o101u0t9LdNdNn4udVFKhF2lbnindJvRX12urbq6v16M+FL9FDt8pyLucEnAzliMYxxwBnjPGD1r0Xwzp4ubaEqTGNpJYgAHABI57Z4U5zwBjnFcXqcSmScsBxdsWAHQZZsFgBnA7jgZwfmNeh+EIyRaxOw8spuC84JOcjPXoAOxJ6Dkgb4pJwnLld9NbJJXsm3e3W/TReVz5x837tr4bx2aTv7sU21r5X6baaX9e0DXNa8MFLnRtTuNNuI4XYSW0roJHjUFA6Z2kDhjxzyDjjHrnhn4+WXiXTrfSfil4etNdszvhbVraFItRt1WTHm+YgBcnjJ9j3FeEzOEVohgFIJwGwSSNnGeeRkjBOT0ORk44WzuWWCFQ3zFpMkZAAL5wV6Y/AenWvOwVH2knLVOLTi22mttnfvvdq26PR+s1KdNOEm09eWXvX+HdNO99dLd973Pti6+GPgnxIqap8MfEFvqiyxl30a7mSHU7bg/LHG7DzCpBIAyCPug5rEi0bU9F01rTU7a5gmS6IBuFKnapxgE84yDkdMHnnco+b/C016viOxksLy4sJjMnl3FtK0LKQVAYbWQMOQQDkY6nOTX2ZrF1qV/4Z0VNRumup43ZWupQDLIBnBkxyeBwT/EwJ4PPVJzjLmlJSXNZNqzTtFq7W6um093LdPY66Hsa1OU1T5KqWri2k9Iu6Vrb9X/kc5pGoxW1wqsxVgylmQnGAMsc4OT8vPBPABr6O8PeNdKjSWMXcHmPY7AHLJIjY2jdlsBepyAOQeMYJ+fNH0yC5vrRJE4kuERzggbSQck4AJPIyemeeSRXu58MaFcyTQfZYYwYREZoyVdNiBiTkj7xBxj3yMjnysY4SlFTu25Rty6pK8d73Wt99Hd3utD1MsdWDlKDSScbt727K/XZJbXep4d+07fG5PguRGR9vh6Yl0Xja0zYPHUqMfd5I+YZ4NfnD4jRW1SzLBcc7juwPv55yMk4+UAnDEHniv0b/ansI9LfwTBCCIn8NN5Jy7MwV2UsSTz82T1GMDHYj84PE+F1O1YKFyAOSRltxx8p5+b05HA6lq93Dx/2Kg0vdXLa++nLulr0sla7eqbTPm82co42qpPXljq9toNWTvb4dU3pbTRlawWB9RuELYUMdhIPzYGQSOMDPqDk8Z717v4K0+PUfJto1cysSzbFLcAE5UHK42joQc9PWvB9NhluNQljTLuTnCj5+mT09AOR7jAINfUXwu0jU3EN7CklvHHMIRO8TMp4wwHDbRt654ycdMGteSLvzK2m17XbceZWejtd76vvpp4Htkq0U5Wdpe9bRWcNN9EnJWd/le7fe6PPceGNQt73QNS1DSr+Ib0e1lltiZo3wAREVDlsZCjkgZOTwftPSv2vfiV4c0iz0H4i6VbeNtBu4IybXW7SF7wwYAYxXLR7mLKcg5JGM5JI2/Ll/eab4T8U+HNX8QXWn3tlAxmutNtSkrzAcoZUyVVztySQM+2OKXxA+Jf/AAtG/wBKtfDWgT2lrYySxQW8EZkuGieQAyylRgRhSAFJXAOAABmuLG5Xz03LkjZpe9H4krRe6Satdap9N7nu5XnFWjOdKnWnPkdnCSvGTSi0kmn319N+p9ZP4V/Ze+OsVxd6LqL/AAz8S3UZkGl38g/syW7YciN3+QKWPATqp7184+Lf2dPid8Pb601aztRr+gwyy+Rf6Opuo5IeQWKR78KF5BJwDt6jr51e6dFY28UUm4S2z4kIPlvbsAThWBBHOOjZ3Bj6Z1vh7+1J8TfhjqM1vpurNrOh2Dys2javtu7eWFTh4x5xcgFQV7heM4yRXmYeONwsUqVq1JNNxm7yabWimtVvbXmv32PTr4jLMdGUcXS9jWd17WnHRtqPxRSVt9+vq9PIrq+mtLl1aCSKePU5WKzwMksZZ8MJQy4OfmAJ4B6r6fQnhPUNPOjwiVlhYSZYBQSWIGCHJwcE9BgY5yeteoQ/Gn9mT9odY7fxn4eHw08YSSAvrOnpGunSzPxvdE2ps3kbuQMk7RgA1S8V/sx+M9EtG1rwFqeneO/CTlbi3u9DuY7idIsFiJYEZpBIvAOAcngADdXesdTquMJ81GUL+7UTSbfLflkk4yvs1pLROzbTPlsbw1KcKlbCzhjITV/d96pyvlVnFbPTXTRW12PPvFvhIa/bxzafsOpJFuyX+WWMDONoICtgZHBye2OD4lLa6hZ3Xk3lrJbyIWj2yBgj7BhShOMg44OSTwe4z6SL/WdFvWt72K9tZo1CGC5ikhkTBwQBJhiVGRg5+6eBk46C4vLHU4YoNQt1uFBUmRyscw3jjacB+DuwOhyDxj5uynUnBKV1OOlnde6rK1lr57Xeztc+ejhfYSVOdOVOVN63TT0ta+mltbLzVtWeOGCea1uGO0SbCQcnARQTnHXPJBBBzgdcV4d45vLmw0LTLyKUxTrfHZIjBDGRIzK6sPmDZUEdOSewxX2LP4MsJrO+Ol6p5Ti3nleC5xuCbCVCMx6lsgY6cHnGK+OvjBbS2/hbRCQuWvZomVeSPLdl3Pyc5x3PTuOK9LB4r4ru0otSXSz93Zvs+2vRdDqnRVSFNu0qclacWtJK6+JOVtkvlvfYTRP2jfiloSRGx8WXU0NuqqsV04mDBVGIyX3MVX5Quc898A49Ctv21fiMwiXVbPS72DKiQLHsdwvQZDAZIxnCnqTkHdj4mLmOPIx8rkhieSRznk4wO+e56gioElkCmQk5JIPYAHPPAxnjg9PQdMfV4bjriTA8kcLnGLhTi48tJ1XUhaLikuSpfRWs1y3te1z5LHeGnB+aTlUxfD+X1Zz1lNYeFOpJu15c1NR97re972b10P0X039s7TXdRrPhEIqNt327qwDY6fd7nJI9uB8pB37j9qX4baxaS289peae08DxkKGZIwwIJCrwW5A9Bj3r8yxM27klV5JGDgnkZGTyfTjsDzkYeJ3DD7xUpkc5B5GeBnJOAcj6ck19HS8WuK5U5UK+Iw+JpzjyT9ph4czTjFO7hytX10vftZ7fKYrwP4IlVp1sPg6+FnTnGcPYYqqo8yas+Wpz3j7u27XRH1XcfEjw5b3TvZ6pdTWstyZNiQlWhQuW25ZckuvBOMDkjnION8VPi9pvirSItJ03TFt7eytGSSZ3V3ml28SKWGRuJAfaoHUHuB82m4IySxDNzwBnnkqQOoHHbpnAzVS9uZPs8xxlTEAQcY54yAORgnHTIPOQCRXw2MzSeL9q3Tpwc5OclFNJSl/LdytrfTt9z/RMuyf6nOjGFes1TUKcVOXu2jyroleyVtku9tiW31LcgRUXd0JKDZwMfQE5bPrn1JNSrqETsQyqrZP+rOw4HQE7uckcEKMnvnBrmIWaRUC8bc5GSNzHPJ55I+hJyQPQvjjd8quAQduABknrk479uDnOK8Gm9U1rfa9kr6W3tsnZLTXlsnZs+s1taVtLbpdbdd0nbdd99Gl2lrrMkO0RXtzEcHGyaQdDyQA+F455GTgDBxz32k+KdftY457PW9RiwOALmTHIG75d+DxzhexzjnnxGNTkkZJGcgnAIAyMDnkYPJ545PTHeabKfIt1fGAnIBJX5vUYz0zk5x6jrjtwsuapZN3slGzlv7tnba+3/Do5cVJxheEmknqldNN26tq11v3sr6Hs+n/Fb4g6WwktPEV4rAZVpJN7YIHGWJIwFGV4BwcjPNddB+0R8TYjEtxqMV4FAAMuQzg8/NgfNkjGe/KliFrwyC7VEwQG3McDIJ2KAu4Z+7nbnqRwNvIGEMpwwCDaTkZBOF4wBjoQByQenuK9mMK0IXjKcYu3NZ3fTzvsl073slc8eOOlTSTcXyrVSXM2/dbbbWzXe/k3Zo+lYv2n/FgKx6joWj3sefmWSFSxC9QC46H+LGfXORWqv7R/hW8Krr/w60sIzZeS2t4g7DnPIQHjHHbOScc18ogxsTuLgOqnbhsAkDcBuGVA45PUY59KcjAs6ruG0nt0IPJJIPfHOW5GDgGsK0a9Ok2puTvdc211q/XX59GlsujDZgqrUXCDT1lZWbStpba79fzPrC7+KvwC1ltupeEhYkttiCxbSMkAv8oVeMnsPmH3eedW3sv2bvEEBa21C50yfbtI8wRYY4P8eScdug7EDI2/CepqZLm0Iyq72yudq43A5I9uoz6dgKuoPmXIDBjnGNpAHIIPHJ6gEEjB6dRw4TH15SqRqRg1flvGKXZq6S126eS6tHq16FB04TnFNNK66Xbi211S1tfXy2PuaX4KfDHU4lfRPiDCjFTthmlilJyMkEqQdueeV445BGKyrv8AZtvCiTaZ4l0a8QBnWN5ESQgggd+pJ4GTggj6fIMDXMB3wTTxFSG3xzMpGenIYdP9njjb7Lu23iTxHZPug1vUYiDwTdSEY45+YsecDgdQe/FevHGWlZ0dbbxkl0TV1bReXq7JNo82pQwTsknHVXSVv5b3W0eq777p6+0al+z58QLYiaDT4r5CW2/Zp0cMpJ6Y3EZ579eSDgiuA1D4Z+NdMdkuvDWqRncclIXdQQSSRgdMdzxg9hU1h8XviNppQ2/iK7kCf6tZHB4549DkjLYPGTiu5039pv4h6fgXLWN+SQHF3GHZhgk43DPzc5x1x064xdSLi+aErt3bs9NrWtbbpqut97GsMNh4yjyVWtF7r2TXL0dldPV33v1tp43No2p2u9LrT7+DYCDvt5QM7skksCFz0P16leaZArxsQUkQg/I+Sp45y3Tg4xyeCBjnmvpm0/agF4jDXPA2j3y/KJZI7eEMTnuNp5ODxznBJ740bf40/BfUgV1r4f8AkSOPmkgCqqk9SoQEcHHXrkgAEZrjmqNVuLSbaSblFXs3F97u/wDwzZ1LDxS+JNvomnfWPTa9r9unZo5P4QfF27+G/iC31mTTINaihiaFrS6ZslHABZHUlgy4GGJBHYmuT+KXjgeK/H8viZIhZG/uFuhaB96W6sQBCGYnO0jnDAgEfdwM+z2+pfs2600eJr7R3c5JKHYoOQAM46ZIzj2yRgCDVvhR8JdcuLW40P4h6cpkPy296wR2PT5snIxwOSWGMY4GfBxGQYOrOrVpwpqvUhyOajy3i+Xdqyun1vfdI1p0p05+0T91NLXX+W17X6JXu9GfZ37PXxu8C+EvD2nQXzavoPiG3ijbTfFPhi+W21G2lIG5jIh3hSxBZWySDnBya/Rey/bz+LN18IbnwNdeO9P8a+EdO1mz8SaaNZKx+I4L3TJxPCJpchpywXn5mbLYJxX4h6V+zbqlxF9p8P8Ai3RbiMr8kS6l5cjZPybR5gAycbRgcMeATW5YfAj4y6aDJpuoQXMcbZMa6grMrDoBmT5hxwCpUjqOx/lvj/6MGW8VZj/ak6VHEV1iViqaxVGnX9nO6f8As9Rr2tK93dQmk76xe7/RMp4qxeCw8KEZSUIx5bwnypxaSu4vSSTel0mtfNv95fiZ+3r+zF8cJfh/4t+JnwrTV9Zsraz0jx/YXFvGiX1tawxwK1pc+X9oQ4jL8ud5bHC5z438V/2Vf+CfX7VGm6/rf7PGs638K/FWm6a2oL4f1iAz6RdzKhdo7eYqhChht3biAD+X5LWXg74vaZL52r2BnhVsyRlI545uc4IjzgAjk8EHAGOK+3PgP+1Dc/CvQrvw94q+HNlqlleRy2g1CHTvJ1C3gmXY483YrOqAsV+Y9epNfieP8BeNvDenRxvh5iuIqGMwteMqWBw+b1KmX+xdb2kqUsBiYypTprmlGMYqMrP4tD6/CZ9gc2pOhnMMLKm48qlUpJzbslzKpBqSk1fmavd7qx+Fnxj8DXXgTxrrfhm+aHzNJvJYDcRNmG5jjdkSWIEnAYDd1YHPJHSvGZLZFcsNpBIx8wIwOeBn+LHYEEEAgc4+/wD9pHRtH8d/EnXtdstP1Gx06/kaTT3e3eTZCxLlZtq5BDEgDuAOcfd+WtR+GkqQqLG/tnbcNiTKYZT8wzw4wCSAOQFI4Bx0/vzhOnnGK4eynE5nSccwqYLDyxlKUVGUMT7KHtlyrSyndK3ayeh+NZwqFDH4mOH/AN3jVkqUoreN0l6aNb9E2up7P4R1j9mm88PaNpni3wncNq6QLFqGp20jxuZn+XzGA+VgoyVAB6HPXcezk+Cn7LXieKRtC8U6ro07Rs8a3EgMAbaQAzEcZ47kDA5718hXfhLX9Mj8ya3V40HLRMkgODnLFRkAgYHGQBwcivVvhzpsuo6Y7iE3Nz5rxC2iiZ5Vj2klkRQzcEf8BPB9v0KjXw7oKnicFQvGCip8lptpR3kmm3r1vrv5fmuPweOoV/rGCzXG0uao5Ok6jlT97VrlkmrK3XW7SWjOV+InwEtvCKR33h/xTYa/YzM21ImzcxqrYXfyM/Lg9MjBIORXhVz4X1lJSxtzKGCt8nPy/mfXn1wSOOK+0JtGFvk3FndpsYgedEybc8EFHG1gBzkDJ9MAAOi8LaVcqZXkMTOuFUxlUXHQEjAJPORkZxjmvn8XSi6l6NO0Gr2T5krW/wCH69m+/wBrk1SvUwsPrWIVWsrXm7QbScXttfe91v5anxGmh6kxcmxuRtyG+TI4zkD5fY4z39DmhtOni4ME6FgD80eAMfQH0/LlTxX3Gvgi1aRvKltnJXhUBBAPILA8fNyMdsknPanceC13sk1srqQAGEccnOF4GAWzyecAAc8HrwuCVrxavvZO26vb+r2v5HruLevMlpfdW+xtdW1V9nbRPuj4mmtyVXHytkHA4JC8Z56Z9P6DNZs8LL8+Mg8DJUK2M9emCQP5DvmvtuTwJpEzFbjTIThCGfyWUnORuO0bWx+HUY5Oa527+FPhi6cxpC9ttGWZSVGTnpuPy9z+OAR3ThFtLm5VZbrTdNXSel9GlazsRacWrJSe9nZvSztunte7te7T06/HJQn5VXHO4ncBgc56exGRyxx1xwDaTjgY6E8EZ5wRg9e3HoSSQTX1Pc/A6wdH+yXzq24kbiOM9Mg9ASenHGOn8POXXwH1mNWa2vIHIOVDj73LLgEYB/MDoO5rFUG9XKDfS7tfSLb+57XvpuW5PRNNXWujdtt/835u99F89+WAeRk+rcnJzjOeo5JzgE4+mW4CcgDAwfmPQnIIGe/oeBn0wTXrN98IfF1mjubZZkVmI8tgw64B4yTyBwQc+nr59qui6jo9wbbU4Htp8BkV1YFkOMMDnGOvJ54+lRKnJK9rrTa+uqTd9V62fkOMrNJvp0d7fD0dtN0rLvrsVbNihkABKeUd3UZxwNoB7ntg4JwOuKzXJ3HAwASeecZ4+hAwQvB6nqTWnZKf3uM8IQcg8jBOeBx0yc5BwSazsEHcVAGSBknnGc4I4z9eAeoGSamSlyw5umnW6VlZb2bS6+mnUtcrd07u3fRLbRdH39UBxk5HJ59O3GPy4+hxjGQxsjB6kZzxwOTjn2zzz1wOcZqc9RheCcjI6DOeMZyPYAcfUmojgAZByQOgwPcDAzk8Z55JPTNSURjg9DjuemM5GRnoOe/XHbtatYnlcBOoOAeT7ccYOT+Q+lV+pABIUZ64Le4H4dBwT6dBWjZAAjYyg7jgnIY8DcMcY4Dd84B4x1ulG9RcztFNPz3j5WstXdvZkT5uV8u/9fjsl5s2beCIAlychSAQCTtGfvdxg8knGcAYPUWiI1VFUAgDIwcbivJKqGHXBBHAJ4zzWNJJudjGTkADGTklQC3LNjp3xx3AFKrz8sc/JwOq8d8jjcDwMDIOO1ejCrCzS6WeyertdPRa7ettnc45UpWTlu2t95bba79PJadzYa3UoWGfmUHPAwQc4HqBn09cdKltbdJXWMKxdyobBwDjBzk4zjbwD1OOetZzXZQKcIflGVIJywOSODjOcdDyBxwM02LUnjkjlG1cEnaGKlf+BYHftxg9ODT5oXu7W0tLTV6Xbb0X6a6LS2KhJ7K+rVl5WaV763ae2undHU6nZxWyoI8uQFBVsAhsjJGCAw3AcHjBBzjpzeqoFdGJ27Y/nBAJ5wCRxyRzxnjHXIqzcaoLhlLoyKUAHLMSSflPqRuwTgfKM85rLv51kk8sH7ijDsSfQ8AA56jBIHAX73GcKyTT5Un29dPJrV7aNd3ex0UFrZ3WtluttvLd6tO/33MqQgg98dSCfTcDjHHYHnA9s4EYOFO0YPdh8wyMZ9upIPOepwMU9t7BjuC4bHYDk9eO+BkYwc4PSk2kEHcGwvzLg5yMYz0znjjjOOB1rgVr2l26aPdWfa9lL1306dd2t+vdO/2e3Xffq7eZYiU5QhgcgjOcdc9AOAAO/OTzjiuqsSRHIzAMF2oA3IG1gp254B559sgjPB5NeACcDg7R0J65IHJAPbPc44rQinZI3Q/KGAdUb+9x24HGcgkf99VtSdrpaafgraJ9G7aaHHXjObTTs4316ptq1tf0eq1T6dRJaJcpckKpAAQEHjJ5YnJyAT1YcH+H0HNS2yxTpEykFc5CkgEKDjHrjjjkED1rpNNuI5UPHzsFG0E8nAORz6juRz6nOHTwqzktGSzbgpwSwbdxnkYHpweTwM8jacPaRjeyemzaWrWjejt93V36PKniPZynGbberXNtfR6enfZ2WqZyLxOpLDcAhLcggKCenP8Avc9/wFVXZ9y5LDJIAVhjceM4yTgc49uc4PPXXllJBG0oG4PEzyBl7A9QTwcZ4yQBj1Fc/JGD94oTGpIGSCTnggqCGPPQZ6YIxk1lKk1dp+qvdLXbf09dNbK5vCpzpWS1WrT/AMKs1+LvtbzZUSeZWG12XAOSGx35yOQep7YH5Y6vSp5IZWkLkiWPJyctgfeDD1ycjA79fTkCQGfONpIBGeMNuxjjJ6HP8uRjpdOcqYWXDBY2GCMg46j8gp556dc5OcIy57PRa7Xv0669+ltPklrzOKTtpeO3R3jq3rbdLTr0W5+znwY+BfxV1P4b6j8dtK8Fay/gvwle215qviGKJhp8TWsySmNJEXD7CgMg3ErkkjGc/qT8T/8Agu9+258Q/hP4b+APgn+zvh/oFl4fsvD8Gq+H0MWuT2NpbiBZWvJhm2eREBzEUZeTxgivgP4CfHX4pN8OfEP7M/hzxxqJ8FauySXOi2Vr50d3JIR5zhgGyjcbyOcj241vGH7KXxEu/wCztQ8D+F9Wha0REvbiW4jgV2Iy1yqyMG2P6DheFOe357g6NLMcXmX+t9PAxw2Hry/s2Km48+DnGLkq8HK0qkpauNnHSKWq19fFRng44N5LCtXqzp/7TKUIzUK/Nd8trtdHdpNavc+P9T8a+KtV+Ikl/wCPPF2t+KvEy3cV3Imu6hPql1cXrShyn2i5aRhGWPEakDaRgADK/wCjl/wR0+I8+q/smeB7/XrGOythpdtbwWjtHGiyRDBBDY4bAAXGODngmv4Po/2O/iZ/wjmo+K70eENE1Hw7J/al9qGs6nbtqEtvF84VEVyzsMHAUNzwFHb+iP8AZR/4KFfCj4E/steAfB2uahc3XifTdOZJINHLvb3dxGWPmqwLfeJzt4K+/OP52+kjm2IyfAcL5rwTg/r9bLc1qQp4TDUlOnKnUw84csko8qSlZJK8Xa6tc/QeBcvxGYwzPL8zbozxNKnUc6klBNRqQ1vLWT1d0n5pdT+tPxT8TtL0+2knlvLOziVWXb5yR71xnb8pBBIwO4Gflxkivzk/aB/bb+Hfw5trmS/1po5ot7R21lMbh53AOIysZbuAPnwR2zjNfzH/ALTv/BaXxDq1vf6T4F8HasswEkVvd6ldywoSoILkBjuVgc9fwAJr8v4P+Ck37QGsXtzdJ4S0PULjeXabU4Tf7WY5wiXCunXpgckHqOD/ADE+C/GzxUq08wzR0snyx8sY4OGMhRxFWNo+7NRUuRbqyV3fXV2f6BhafCXCs7VZyxOIVm5OnOdOLSTXvOybWllzJd23v+vP7bn/AAUA+J/xb0jXvDPw78IeKr6x1KGa3+2fYruSGS2ZWBHlBGRi3QMV5GQCGZa/Ay5+E/x01i8l1BPhl41uXll+Yro90FXzCMhWMfyrycZ4xwPmyteuav8A8FBv2rVuB5UOg6MrOGENvo1osYXcCqqGh5CqM4Xp0wCSB5Z4z/b3/a/urlVTx9c2EV1sjaCy0y1tQzAA8FYUHHHPQcGv678IeDuMeBMrjlODyrJ6VOco1K2Iq5hicRiKs2opzk1RSd1eXKnpqknuvz/i/NeG86xKr1MXjZKnBwp0oYalCMU2tEnPReerV9LNaeoeD/2N/wBq/wAaW8UmgfBXxbdxtL5f2ia1e3jZuCQHlVULLkZAyQBkhRwO+0b/AIJ/ftNatHrtw/hfTdNPhs510ajrGn20+ntk/JMkjqSQcAKBuyOS2OPnTwv+1H+3LPZvJpHxx8WaRZyyGeOGO/aLbL8olVEDKEYryDwRgkY78vp3j74465q+tr4g+KvieGTVL2G7166Ov3jf2pIsis4uYxP5RBwTgAqB1GK/onC4fjKrH95Uy+l7qSVKnWqJ3ikrSnKKsvNPTXqfmFSvw9SqSjbFS1VlOcI31St7qbV+t3Zd03Y+ifG/7IPjfwBe6XD4w8R+Gom1LTn1SL+zdWtL3yoI1LeXcCCRjDISCu2QqeOelfCPxI8U2vh65vNLjuEYQTtEr4AeXYCA68BijEZDHCkEnJwa978TeJ7hIhaf2zf61cojkXlxftKQHXASRizHy14+UEEgYOQcV8sa/wCCv7duTqGqatbQTTTHcu4PtA4BXJ446gDk544xX1mXYXMadGLxdRVq1venGLhDZJ21dtdXd6u/RHzuNxmBlWkqEYwpxbdpyk5fZ0co21T79W+iOfg+K2oQWQtLXT/PlXLxPnJLZyWZByGHGOP9kEY4w5dK8b+Pn/tGW0dFMiqHYKqKvy4AU4JJ4yfmwB14ArrDoXhjwjbpLFqIv7o7g3yB8MF3LtGcgDBzjkjGSOcfQvwj8Y+AdDjh1rxjYy6hZrBIYrFGCRSTA4QEDB3NwQMcZ5Pc+lP2sIO7cnFXtFRvzJxt32S63eqstjhVWlzU3CKitFzaPRu7bavbz07b9PnHQPhDqd9r+n6Wby1W4upIomaVQ0FuGcCSSQZXCqpyMkZIABPQf26fs5af/wAEmv2U/wBk7wNBr2jeEPG3xzn8HQavqevafbNqWut4lkjFw8arL5qWX2WcKoKKpAAxyeP5ZPCnxN+A7+J9T1nX9Kn0+xd0msrC0cOxZWwI5pMl0DcFghGRnOM16F4o/ah8CPdvD4C8H2mnQCBbZryd1ldlwFZv3mSjNweOSx6HOa/B/FDhjPeMZYfLcLiMfgcBy1IYyOHUYwxEKvInGcpte9FKSi4xfxt2T2/WOD8xyfLMPUxOMcKmKc6c6MYtxkuS14txS92T5eZJpv7W7PQ/+CvP7Zlj+1B49+Hx8O6PJo3hfwF4ek07TIrpFFzeM7r500ikBudoC5XPTBIxj8XpvE2pC6M9q80MbrgeVujAwBwxBU8n1wp4GQflr7I8d+G2+KupxajCzW86oEa6mZVjKtnKJF93bk8DHQ8Hk1W0v9ldr2RI5dddAF3NGsPykv8AMACQD0OPUYHOCa/QOBMFl3BvDeXcPYeU6dHA0FTipPmqNv3pSlJ8vM5OTbtpfR7ny3EWIxOd5xisy5VKVaqpqMXCMVFKKjGKbtZQWtudt93c85+F3xB13xDqGjeE9QvLVY9Xu4tMsnv5AIEubiQQxSTyOQFRS2WZiAFyTyor+hX4A/8ABKr4XalY6Xqfxx/ae+H/AIdjkWO7vNJ0TW9OW7toZVSUK9w8zQu2xto5wDx1OT+J0/7NNppbxltUFrFAMrNKBHIs3VZI3QgghsEEsCMZ78dx4H+DN3qE9wbrxj4gv7WLdG8iardzrIEx+6CmckKBwcdeNvOS3z/iLgc9z+hSWQ8R1shpU1L6xWo4ONarWXu2Sc3Fwd9LrXrdvb2eFq+EwFaf17L44+pPlVLnquMYNcvM5Qs+a7XorWtZu/8AV74I/Yz/AOCLvwngg1Dxx8UtD8c3kADTNrXie0kR2Q5yIbOcFlLLgZDc9BzmvS9b/bh/4Iwfs7WSzeDvA/gzxLqFnGILa10/w9BqjLJGP3ZFzcwzAlmH3yQOTgg8n+WCx+BPhKRw91BqWqOApC3V1cEcD7rKWIJLDOOQTnJwQR1ul/CrwpbMqt4cto0Rif3oaUlhkDKtnce3cHPT0/Ba/hlmOOlL+0+LuIczjNx5l7RUoyvJO1nKXKm30itGup+kQz6FHldPA4fDWaVlJ2suWztCMXdadWr30P3f8V/8F9fgLpkc1t8I/wBmGxnuCxa1u5ND0+IBQcRsBDaq6kjkKCMbScA81+G37Yn7Rni79s/416J8Rr/4Z2Xgy1s7W2iGj2cJhhkgjZpJLq6YqC8k2RwQdp4GB07jT/C2laY0b2+k6XEpQBX+zKCAflC8qvbnOG79MVnyX9ra+IzaubGSOGINIrBQFyfuk4xt5B5IBIA4BGfseEPDzCcO4yOMwNPGSrqDgqmIxFWtK01HmbUnypu3SGl3sjzM44gjjKLo1akFCUo3jFWWlmtW29Nbv71Y8L+JejyXPgvXohoFnMl9pyxW+m20ZWSOcpiOZgBj5SpOQAcAkkDaF+AvDvw5+IemXFvqVlbXOhwwGSWG8tZTb3kMyMSHhlTbJHIMAgqQcjtnNfrR4kuLe5Sdxc2cCMoj2xBM7SSWVSf4QAMEjHCjA6V5de6ZoxtZ0En2lHOdwfYqE5JwoOMgDoAAcnjHFfs+CoYuNGdKpTqTjO+kle+iTUr30fayW+l2fA4zE4N1Y1Y1qcPZWtJyjFpppqzetlrulbumfJGgeGvFWp6zpqeKvGPi2a3vp99w02uX80koLqCebhy38XDHkgjO1uPv7w/8LPhdp9lBNJ4Zl1WcCMtNfzSSliVXLEzOwJduxzyw6A7R876fYRHxHYyGxufIth8sKKZDINx2yZ52jgHPbksSTkfSS63JBHDGqR2tsY1JW6vEXAAGCcsCoPQjB2sQCeCa5cTwTj8xlSqYLAyjytNqlRUbt8qveMVfrff12tjDxByXKI1KeY5phtl71WvCTWkddZNK13bz03WvzD+0J8PdG1u70uDSdIt9Ph3yKRaRIMhjgK21fmkGdxPODnOOK4vwx8DNAtb/AE2KXShfqVUt9pj3oH3bm3JICuwMCOD2OevP0z4q1DSr+RPN1rTY2twrotuBMyMOWCsqseQSCRyeeN3WhaarogvYJY7q/vFjQK1xbxGJFVQMgIQMk8+3UnHC1+o8OcE57ToUqf1GpGUYx5pTjr0vq2la67a/cfkvEPi3wdCvWq/2th5K90oNVOkbqy8nZaX18kfOfxi+AWgahZ6K8ENpZu+p/Z0g0+FEk2sPlVggB2ueM4B7r2x9Bfsx/CXQfAnh/VZPFGmWokN24sTdqjzCFTkeWmMhnAyccnIXBwRWtqOpaD50LnRJ7oJcJc273NwRO8gxy4UgBQwB6Akda3LbxT4hvW+yaR4fWeWWQNEsdvcXsjfKRlVRGXgYAC9Tz2r38X4a53j4uNSSw8ZL32neVny2tbsmn0XbXQ+RpfSI4NyhOtDmxE6d3GU+WEFdJaubSSVtWrJ2dux9O22veE7Szt7PStJchkZm+z2gRZGIzmQkYbGDkg457bjVhPEs4iieGy07S4IWKm4vriFCiqeGCFhtIGCQeM4HXkeT+Hvgz+1T8RXt4vC/gHxfdpMNkJs9FubWEAkgMZpIFwMYwc428MT1H014H/4JC/tsfElRNrGjv4es7gh9+saiwcK5JIaFWDKFBGQV9ABjAGWE8GsHTt9are0b1k69WFNO3Lracoq19VqfJZ99MTCRdsFVpU7L3YYWnUxdVrSySpRm3Lzjptc8fv8A4h+GIZfN1zxzbKsTEPa6aQXyAcrlSMjqM5+uO3kHxB+P3gM2F7omi6bc6jPfxfZv7Uu5HEcUZYI0jIx5BPJJ7ZHev2B8Bf8ABv74qggXUfib8V9E0OIBZbjawRIlGC+Z7hhH0J5JwuM5OSa9B8S/8Ew/+CanwV0c6h8Yf2htEnureVH1C3/t/T7ueSONlaWGK0sbkyguAeNuRjA6Zr3sL4YcLYWHO8TRdaLTUacKlZxkmmn+7puNk73fPZ27anwi+lZxJmeMprDZVmuLw6cHKUqMcHzwbjeyxVSEpaX0jC+qW5/OObSFofNgnSSJ0jKSIfkJYZ2jH93+9+B5qVrbyo8ggh1B77iffp1A6f8AAq+k/wBqi2+AFh8Udbs/2ari4u/hTDa2sOi3dyX33M0aMtxMgkJlCM+CrNjKsMD72Pk+e6uIf4yxiLBizErt5w2AQc9+nI7EcD5XHYL6piKtGDU4U5uKavbR9t0ra2dmu99D+yMgzX+2cqy7MpYepQljcJQxDp1Y2nTdSClyzS2acrdFta+hFr2W0u+HO37M+3ceCcYJzkEgZ45xwSevPznZHJvQgwVOxTnghTgkenUH2I7FsV77rGqJLpN5uTzGFuQPL5GGH3iOTkgfiDjkGvn/AEwBpL0EfelZi2R8i5weOzd8e/ORivnsR/Gd1089GrLVXum7+SVmrfFf35JpJ7K1tVZLt22fNd/fbd9N4RSRrnUGjKgKc5zg7+3XPJ5OBzwcYHFemRmRIgZEBZlyTkhuCTn0APXgbsDcc9uE8H24W41BRt2iRFJyQTkEDPXnAXuQRjGSK9Ggj3CYEY4wM/NgAjcxXsf++twPYCtKPKqdkrvVay0drdk01bqk/UwqQum31uvXSLWjVtFp63a0RTtneS4B2kRqQMZJDf3vUjoc5JIAwa7nREX7fbEszBpUJK5wpB69MYbpgenbPHFRCKK6X5twBbIUnBycYHT88jHOeSK7rRHH221kw2ySZSTuyRggZGMYyM9SORz6V6uDb54WWzjrfS65d9F5XWnddzxqyScVe6k79P7qtbps+q1W+p9BrKiRRLu3YXaCDyRgEtjA55yxAHJ7UblKrk/d+Y478ZGc9jzken4UyKFBCsgZyHRSp6EMM4HUEHvnnGODzyMm4YVzlckqcKXP14GPpjHHbFfTU07parRtO/XTXZt6XV+t9Gjn1cop7WS2to+V621enVetru4xLjglQArEock/M2eRx7AY7c8Dnl4l3H77LuyuMEYbGAFAAOOCOhH6VURCoCOCFRsD5eSc5IwOCADjnngnPOasNtyNxO7dwMZ2gnPAy2MjgkE4wCO+NeVJ7/3bRTe1nHm5dFq9bN/N2HKjBrVW032dlZ2ezV7eW76EqSFASzZMbEEKBuwRkYB5PDNjI6Hjoa6jw2THeW8iMMlgWGBwuRgAKME55yegz2wBygWJnyMqxUhRt+8QQNxIyRwQCAeBkA7c1saVI0U64Lj5lU9SxyBuAOeRgDAJAPoQcnOU3BtPVa2120j2vorJ209TJ04ppf4ba2b+G6aelm0lstLLa1/x/wD2pri+f43+MU0/Tbi5M92hR4InlBJUD5CoOTnrkHOePmAz4hp/hDx7q11DHFo10nmvtBuFdVjQ8bzlVIC9Tk9M5JyQP1k8Y+FNOuvE+sai1tB9oeYs88sMRlyOhVmXPJXA5BOMmsqx8OWLgzBd1yF2khVC+WOq4BAGF/2SSMY4wT8JjMRUVerLmt77a16XWi1vK+1rPvtt9DQynDzp05SiuZwjJ6JrRR36t76LV6vY+VLP9lG+t/Dt94o8Q+MYLG1stGl1OcQwMUjeOIyC2eQ/KXOAMA9Qeh4rz39n34c3nxB1i8vJ7KS60LSrtjZzTqYYL6aKQtGjOwBeOVUG8hmBz6ndX2f+0j4q+z/DDRfh/wCHoWTWfG+oWmjRLGAXaLzV8w8EsQ5ZgTjGAd3A4+k/hr8NNJ8EeA/DHhq2sUil02wgm1CWNdjy3skKPO0hAyWD7gcknHA2kGvLxWLfK4Rqcq5FzNSdpNpXim27W1d97tnsYPKcL9apOnQg1ScJO6bUnzR93ZuzstXZ21Wisek+Av2hPhj8A/hPrPh/xx8AvCk+qX2n3FtpWrWFnb3N1Pcur+SbiSVHeMLkMGU5Bxg44r4ltP2/vF3he6uf+EX8JeHdGnS5b7JNFp6q0dsWZlhdymW/hLkkkt1OM16p8QPBF940ZntpJhb2crtDE+TENoJzsPP3we2QDjoSD8u+J/gtrolKrpEd7G3zSSRR7XBz1+Reo7euPXIr4avw3leMqVJ4j2lbnd+WriJSS2b+0k1dvRq6TVrWR+sz444py+hQo5XUjg6VGHKpYajShKT93VyjF3ta2y3Z6nqX/BS79p5zdJpHjl/C0GoReTMujJHbDaRjYNu3bnHDLg/Kc8Yr5z8VfH/4r+ObhL3xD8RfEmqXTOwaW71e6MaBy2/y1EpC5yS3ofc8+feIvhHrNpNI1tBdQuBn7NcRv5ZxkgK+No4OM8Zz94D73k+qadrukyiDULG6gCHiSNX2Eg8fNjbjHPHOAfeqocH5HRip4fL8MpRaXN7OMpXXK9JNSab1d207s+fx/iDxlirxx2aY+pB25kqtSKadt/Z2T2ur210T0V+w8V6zrW0XdzqF3qEYbCSzSPN8zcs25yxK/wC0B16FuBXmupeIby/hSCR3AJ4UAlBkHbg88k9c88c8V02ma58xsL9FktsEfvPm2hhjO3kDAbJ4yPzJ3l+Gmo+Iry0Xw3BJfyX1xHa2VhaRPPd3NzIV2w20CZeSRywVEUE5PQ8KO9YSjgFKUowpQgk3JcsEkkr3fZJLbbr5/JYrH4zMJa1atVu3uOcpPmulZu99W+3otLrwhtLu7yQw7WZ2IfcMNjIyMk8YGcbun0yDWtpPh9ISDeSRrhjvZnUOpHIVASBljnCgDJPHHB/Wr9m7/gkR+2n+0f8A2tJ4B+F2q6VBoLxLrN14itZtLMSy7XCot0iFpPL3EqvLcDDZGfmX9s79j/xB+yL4gtfDXjTWo7jxNLJMNR06JGhaxngwGVkbDGFjkI2CGA+orxocU5DXzCnlVHMKVbG1FPlpUpqb9y3N7yvG8bNNXur/AH9qyLMaeDqZhVoSjQpqEpucoKcY1OX2bcebmtJ3s5JKWjtqfJMd1asL+3tYLi4kto3kVlikkkKqpz8oyEiAyzMeeOq4OPGtS1a/aWWSIKoLMm4DYeGIKtwAGyDnhRkc56n9CP2J/F/wn8L+I/iFq/xVtbbVbW/8Ca1Y6La3kSyL/ak8DJbvCGGRKj4KsMAYOT3r8/Na8i61zV2twVgfVL6SCIDKJC1xI0SccYCOOPYY54H0kaUElK1nJJ3Stv1u/wAVb5t2R4k6je0rWaty21vr1dnZXT0d7dblKzu5GZpJyN2GO7k9cYOGHA4546fNmnQ5lnAZtoYE5/hVQenBOCenHU5xnBNWLOxWR2JDR/KAxAyCecLj7w/EkHggYGKupaQrxuIlIO4nldp4BB/h6DIznrkgZqJySdo6q9ul9LLbu/lqZVKjsle7TV9d0ktHZLomk9d277XiQiWVjhDGBjIHDMDgZ55PGSeueQMmrlpYCSXdO4jXJG4qcr3werDIGMDHBUnsVroqQNt68E4PBJP8Q6jHI69D1x3knnJB2EhO/PVhnjGc45xxxn6jOEpOSaWj6tPe/wB720vfRPTQn2jbTb7bbLSNlaystHe3p0TOsCWUVuMNFHjBTb99gvA3LgkEjsOw9flp0LjzfMCgqNoCuAFOehIYKwG7GOecnPJ3VyDv+7YuCqqAdwwSX7D1PQc4PNTx3csbR7nby2XIAbg4HXrna2DkAE9cbs5riqYZtNpttbW6bK7SV9Xaze1rt6abxrx2d+lmtr3jurJ308rt2WtzvFlWF2JUsNoK88NuGOBnoDzjJzngYOKmF4kMYVznzcv8zEtnO7CnPAAYkcnAwAMjFcsNXVSA0iMgTbgdAQMBQw6k9vu+mDtJqJr1Z1P70O7riPDY2AZBJ/2gOcDA6cZ4rzp4GpJu+qeivdWtbTfpotumrsrBOpdpxd+7Wzul+Hk9d7qzsek27288JnWTczEBuvoCVJzzzjOMHg8cc68VxEUj2MMplMY27iflJycZOCcAr0x14NeaWmoi1VMPuUKFYE7RuPy7gAec55OM8Zziuut5RNHEPNHlNzlTyrEjGATkjJwO2cKOxPlYnLqibvZp293bZK+/RX302V77C5r2196yUnbe1rPq7XbUnqrct9dtl9fktgyojMImBYM3yAjIA6deAeDjqRwTnSh8XapOIokkfyfOiAibJXezgFQemDxgdMZO4cmuemjhWRU8ty0iKvAyDyd+SRgkjnuc456VPiOKexEbFE+0wliqjOUdMZHB3YUA8gjj0AryMXl9Clh6s5UoSlCE5JOKupcidk7vZ2ba2urM6cFXmsRCCm4pyim02teaK3stm76pNX7n6meAP2IvjZ8XNK8Ow6f4VnstK1/TY78ayFMvlQyoXWdxGCxQgqQoOccDkZqD4mf8Er/ix4L8I+J/FcWuWmrP4Vtpb/UbR43heLT4o3YuFkIaR+FCoqgsWHGc5/fj9lubxjefA34U3vh7W9N0CL/hFLSG5kleMzvEkEa7pBJyjlSdoGMqfoa8w/bE8V6D4A+GXjjUtV8cXHiDWdc0Kaxl0+2uIgjTPE6IRHE2WCklmyMnG0ZOM/wDS+kFxjV8QVwzllGhGhDOPqjpUMPVq1ZUo4lU25z5eSK5U7+8mkm9Ufu2J4OwDyiONr1XKTw/tFzS2bpQle99bSbatG9na+h/GT4i0+a0l2qjechkScgbCsgcqwcAAnPQdT2OCTjj59Ev7lswQSAMFBBXgvngtnJYkc45A6cYJr6Ogg0u71HUpL5Q73F9cSASZY8uzDaB2AOAcjPcD5a6SLTrCJQ6xx7UVSo8scj8O5wc55OM85r/AEQw3EVShg6PPRc6kqVOUu6k4Rvvpb111uutvwDGQUK0+WXu80re9dpXSWkb6bq+l33PlE+FNam8kG3kVRkj5dwXHrkdTnknbgdMnioP+EW1kT7IrCff8yk7flJ5yS2ARnjAySOcA4yPq9WtWudmwIpfKIF4YMuCxXJBBAOB+veotRurSAlFjVmA+dwMMoHA6ZGTyCV78EY6dEeJ8RK3LhGrJNOV2nzWd9uid21vfzOLkbW6SVk9d+byW1rapee1zvf2G9J1PTfizbJOrWzvpc3msQzAISMKoJIyc4GTzgnGBX9CfjvVTZ/st/FHTgzPN/wil0QQNxBMTkY9eDjJGepB4Nfhd+yvdGP4rrcKxATTCoQgj7wGQT7DI54yATnPH7OeOtU+0fA/4iafAzSz3PhG7UIOXLCA5VFIyzA7hjrgA8YIr884lWIzHO8vxE6dlCtQXe0faRk1F/Ju6Wr32R+8cB4n6vwzjabd+aFdKzesuRRXRu+j1smup/JL4geYXtwyl8yTziQLjILTPycDjpnpgEZ5IrlpLiYb42U53cdycg8kkHkDjqBnJxzX0ZoXwkuPFmq3P27U4NGgWe6k3XkhhkZTM+VdX5yCV74x0PGR6avwM+EukRJca943ilcr+9jglVioyQSu1gWORx0J4IHYfsM87wWCjSpyhWqVFSilCjTnUsnGK5dE0/V/8FfksMkxeLr1Z3p0oSnL3684wum4u1pWd7t3dutra6fDYkKMu53IL55Kj5gMLk55JyB3yR1OTVwfaJ2UJDKVBAARGYH2zgrgAHHpkZY5Jr7fj0X9m3Q7dkfz9ZnDttfDkkrkDORtwfvZB55yRnnBn8YfDqzkEej+HIGgjbA8yBHYquSuMgkfU5IPcgHOK4hqVf8Ad8sxck9VOcVSV1yr31J8y+S1Wl9LOa+TrD61cZhpNJNqnLns1y2vy3uul9mrXaPl+x8I69fFJ49OuGgf5lkZSECjhmyRkbuhODkZB5OTLP4b1C1upUlgK+UhbKJvVQFPQgEZz/eyAB2BzX0ovj6xdjHFYw28ORshVRtYcnaQuQo/u9AcY+9ipLnxLot0RLPZpDsQlkEYVXJBOCSASpxggsTkn6iKWbZrOp72BcY6WUZXau466aaavXdO3dvmlgsPGLar3dr36J6dXbe+2/Y+Y4rNS5V3IdxgB1xg5Iz1XDE9DjIx04FfX/wA0qWz0vVJZyW8yaNcKc4QE88dcdyMcdyeD5xF/YGpa5a3L6JCbEzJG4gPzuhcBigGNpPI784HXOftuy8L+H/D/hrR7jQk+yLfxAy27DJDMCdryH+LB7Hb2HI5+np0cVUowqzoyjByiryve/MtbPTdtdrWutDho1qEcRKl7ROaW1mm1pf3X0d7J36P5blnEYYgyHCMoKYYBjgA5POQDyfYA4yeno2gs+yNcAvJwRnIG4EKWwOcA5BJwDkE44rziyG1fnGB8qLlio2nqcD16AjB6nAwBXomhTIsqwAkBSCTj14AyckAjv8A3sc4XNehRVoqLa0iru/+Fbbt6N2/PQ9fLaKdaUls9npprHRKy00ez+9s4r9oPw7da14S0/T7OCS7vbu5WG3tbWJpZbiVshY0CgtuZ22jt8oOOlfmt8R/hH498DzA+IvDOpaSJtvlpcwMtwysgZGSPAbaVAyCvBPzc9P1f8SeOtN8E/EH4XazrbzDSrDVBeXiRqkjukeGBRH3K20jIyB8wHfdVH4ofFfSfiB4y1fxDZ6YdTS5uWk06XW1SY2tqpwmy3UeVHuGMKFBz0wRSnClaU6lRKzSSutL8t+l+jTV16nBm37vGSfMtOVNW3SjC1nfm1tdqy3emmn5Z/D/AOAnxH8cGOfTtHmstNbBm1LVm+yW8cZYbpF80oXCrgjG4Enk5zn6o0f9nn4R+B4or3xzr8vi7WIgssekaazR2BccmOdwSxAbC5BKkA4z39E1HxDqV5BIDeyJCA5FpaYgtghwQipFtXrggEAeg4rwbxRrd1Zu7GWKPzgY4izZkLE8f3ipAXnKhhjp8tcsa9FO0EpNL3Wn6La1rvpq+nd38uFV1J8tO1ou/Rtbb77aWS69dzt9X8crj+zPDOm2vhPR4wY47XTEWKaaNRgLNMqrI8nB3F2zySQAQBwRu3uJWZTIshLMZSXeR2YkZLHJJbO33Ge+c89Y3EjwK08ymaRiA3Lg8nJYhjgZOOp49+upJrFjaARvNEjRgshUZZmHOGPTn5jgEDOeO9cGJxUlK0YSk213Svdb2S1d0azTastl9m1nsrp6OzWvbZK+qRdhtbh0aS8kdEOSu8bjkDJIwCcEkc8jDE8cgYE91bpNKxZQIgdqK/z5IwOcldp5OARwc98UX3iq3aEiNhJI8RyyEmNCDgtjB7jpjr154rn/AAj4c8TfELxJp3h3wjpt5rOraldJFHBbQvIsfmPsE11IqfuIU6tI5ACrk9M15tb2s+apWlGnGOurslFW1d+umt7XFCnU5YqKbei0s3oo6a3fr00fkNku7mcPbwwyTzSllghhjM1xJI5ACIqAlnYkYUDJJznca9+8Efsz29v4dHj74762vgXwhOrTafogG3xPrcrHCJHat+9gjbOQ0kY45zjIP0roXhT4afsVRz+J/HTaL8UfjPNEItN8MQtHe6V4VupY/wBzLcKS8U11E55QggFWGDXy58QvGPxJ+PPiNtY1W2a3dt06QzDybK2Rv9VBbwHESRxBiqqFBwCV6DHgzxdevNwws3h8PFqM8XUSvVV07UVK907fG93stm+iHs6dvaayeyd7XbVndb63dvdSsrWW3g3j7wv4Js7u9ufBdvqCaSbpls/7QXfcTQ7jtY4GFJyCcEds4+asS3hktbWNyjL+7Zg5QBiTkheeRjHy4yAPXAI+ndN+DreVD/wkfiK1W6jUzvbxOHEYC5xgkJg8gD0BPGOeV8T6b4XtIb20aVZL2JC1u0OQFRBhcKCAWO0k46fhXfQzWj+7oqpOu/djzcja1UfibSV+uknbVbarSE4KSs7Wt9mze2jd2no9rN766WPkHX52lvA8oLLsGVIACN14BweOcFRyQQOa5u3u2tpDMyvsyVQ7ipBOMc4zjjnn+E554rQ8SXu2/k/d7EVgojl4G0Mfn6ZJbsPlwCPXNYMuoowZTGojIAUlSCH4yVAwDkg9sA4yBgV9NRUZRjfWPKreba7WT7/ddsp2eur1vdq6W1ur3aV9Fbl26HRQ6tqV9IixPcZiVtke4fKoByxJUcEfN0657AY09Na1kkaW/Y+asciAv8wJXOHYgcN1xkj0wAFxy1tqKWMSqpG+Q7i+DyDnKgr256+vQg1BNqXmSFgxQsAMKp+73LKSMkAdDjOTkClOL7cuy0S1SS216Pz1tra6slJu1+nTVWa2vd6NadfO+7Ojsp7OG7eSRfNgLMAz5KEknBH49j64I7q/V7qNbfCGNAZB9wBWVRjjGPrjkhcc9QDhqrR+WiN8rAOEGMszcjGR/tHOAOnUipFt3un/AHzDDOqYDAYIwBhfuknGTgY3c9eaXKrr3dErW7bNbX63u9F36XqCUmlv3WiS1S5m7t+ivpe9mtHr6RqQjd3iLPGFyrEnAk2gE9cHjtkE5BPpXuv7PeqXVx8UPDBZwc6iFOCM43L1Jzx/CcYznAJJrwg6Jd2cUgQSBShmYqAQi5JHTJz3OMYzn0z67+zYd/xa8JxK2FOoc54LMCpw4xxnoScMCcg9a0o8sqsHGzSnG9v8UenfrfT5lxg7xVpJu7tva/L0u7ekkrXerbZ+03iKe5t0VrdDLLIiBSfl2ncPvKCM45PpyTgmsW0OozYF2AkgwchSQFAB4xnBIyB0wfbp3OqWpBQSOGLoAMYJAByeePXk56Y4wCKx1jSNtgIClSo3Bic98Acc5GABj619hGN4xeySjdXTb2vdX5rPZW9XoYStGTT1vZbXaWl+vXVpfrZHivxE0SS809po0XCTKzOwBYOCDgd8ZAx9cNxxXn3w80RofFd1KpLghGwrEKH2feIHJII56HvnNfQnjiGP+xnaPagDoeVA5/iOSSN3cngc9+SPKvBMca67ekAguyIGB6ZwGyTjGevB4AHqcKEf9ojt7z2T01+Wy1dr9/QwnJJOzvZLmv1b6u/TXy26Pb1dreSJkDBcHcSp5JOeCFyPl2nPrk9/u09klXBVSRncSwAAySQAD2yQSSM7h64rpJ44A0ZaMfKhBJBzwM7h1wePQ5Ix121WIiVGjVcBhvJIOOnGQeCR34JGRg4r10notHa23/bvz36W1t21fnuSbaT67N6LZXWu7ta2lvOyMrwb5q+I5EYYBcZ24OCM4P4gDGSevB6V7fLKWlYsW4wA2c4XGSOx9sgnBOPU14Z4TuFPiWRRkFpWHGf4fw9DjJ/vZ74r2+7KRnKgOxXDAAqQ3XBzjr3+mBjIr0cLzJRajo299Lu8bWdmtNXprZ7nBUsm2mns3s1f3bWa7W33vpZ21zLq52EAkHcwIB6kZOAVJAGfUYOSd3NXtLl3ty2FZjgYB+bByAOQB+Q6BTxmsC8yAMNg8ZyD03DgE4ORz8uAQM561paVJ+8jD5GWAyB0Vck8dNuc8Hvngd/RpOzla22iSuvhirXutNdNtlpZM8usoupTk39uKstmrxvtv19Ld2fhZ+0CGh+MnjgqrORrExAbG1iXYghcHIHTnjn6Z8Xh0l5nlnlYxBgXRHPDZG4dMfXO045AB5z7V8ebzz/jL44dclP7auY95w2whnGeAMDPXgdecD7vlN48caJlneUoQSAQSoOcqF6HpkBSecEYyK/JcwbjjMRZq3tZtq9uuid1ouj0ST3Pt6f8Gkk1ZQjbXyjfbva23VmWyeQqxsfMZsoArcAA8YGeSAR17k8gCtqxvooovs9xEuxjt3EBnIONxIXgZ4CnnB3DoSWzHeHylKgEKCd2SH3d85OT2A/Hjk5gnu444XIy8kq4G0EMijGMdueck/N05znPnSTlJLe9raczXw26JPvdO1urHJa2utGtHZ6WWt+297Pve3Xs7HVlhWSKLy0jZgyAgrvAODkZCsQv8WcE464Nalx4t8ya2toiq+TtLnb8uBkN1+pxg8E4wTXjI1O4EnlllGflJJJZRjOWxwRkcc5z8x71oWF2rXUaysfvbXkBBXBJyxUDOBnoe+enGIqYSLSnK8mrLZtxSs1bV7Xv8uljJp3eilazW/RLrfp5W89NF9CQ6jPJbPtUSJLHlWYcfdG4ICdxwDhdo5A7VgarDtt7e4iYiZmI2yHCgnqQOBzngYDH3PFRxXm+2tY7dg6RoCsmQu0nOcjGCexGemOT0qrbTatq9y8TxILe2JJkYDaqgj59wIXOAQvDBSTxXHCEqTvqo3S+d49V1bfW+llzLZ4tt/C2lzdU9m43tLppzaq63vqjLstPa3uJLq9MkZZt0A3EszMDuYjJwvQgnsBnkioB4lvTe+RlwiEQrudixVjzt55J7ZGc47EVq63NcLGidMq6q6Y3lFHYfMByCc9cZqr4e0B9RurOeWKaMtcxg3JiYpGGO0YONrnaAcYIBweQAB207TfNLa122tFe1r7L5O3rcas7yfXurdnFavrpo7PV3ex0Uc1/EgCHAlBEW5juLHnkZIznsME8YzxVybUbnTbOJp7RXkb5pJQPn2qVYkkjAOG74GOc9c6HiqztND1OGxW5NyIYY5Q33QCRkg4O3OeODnA5xjIoNq9jLb7JAGaZQHBBIjI44zwAQD6d8k96qSd7Q0XLaS0e/LfVfO7TfZvVNJpJXWqtZapp6p2srxs+zezMyTVJtYkLZbzAu4BjwqgABV42jGOB6e5OK0OqzrOIWyREChfo21upyMD0GDxwefXQgSxLfZrY/PKihJiVXYWPORuycDjqBj3HNW90yewLzFixchSUC46DOcj5W2kY5ycEjkYWb3TvJ677W6dG7tWty21Vthe8/LX5dGrbWemmuqtddCq+mPeEGBjuEmQ7jaMZOcMSoyBnoVAyeOK1bDwncXA8ySQBRuCsTuDNgnk9hjJGTnoOTVjTtbtbeNIrlIlEW37wwzruJBxx0BGAPXjJAUbA1uznlPkSIkakMVZyNw4/h+VRgkge2TxjNc85STSUbv3dErLpaW2vW/ye5pCdrLVfptdWbd/Rb20W5n6TpkVhcyefKd5cJERx82eOOeMcg9RgEk8GvcNC1a3s41tWEbMAi+dKN+SSDgjn5c9COM8YGcV5YVS6l+0xeWSwI8oAKVI4DBsYHA3HnqAOtWLa8lEyQ7wUiOCd2GIzg4I+Y4GQMcZI4OMV5tdOV5uKu7W3vfS+71Tsmnyq9tOl3K0k9XeyT01b63fZ6PSz2ST1R9Evq9lFGkQtrOcbfNkKgKxByCZG3ZPBGFwep7ZNeAeNLu2S6vL2JnQKd6QoCkajAwUYAZAOO/JPIrrRd2RQNvkCYIkK7txIGOSDkgnJx6g8HGK8i8Z3FzLO8Ucii3aPamcBmHYcgHJ6gnoD1BzXPCjCpK0lrzK2zT0VnZra3LfVtPRLvVLmUrK7TvZ7q2lk1ppt3d09NDh7nX2YyyKN07q5KMS3tkZ3EE8diQSSBkiuFu7hbuZhOxLBcrgE8nOBnnAA6nJB/IHYmsHG6V38uVoyFUkDeASAcDHOSOinODnoM8vNa3W/J3bVJBxhSBnndjnkHscY6Hqa9fD0KcEuTWyTdrPe3RfetNPxOl87b5kkm0tOa28Xols3d6ta22V3fWt3S1tmaKdFkDDAA3M46lTnjk4IXOTnJHTLrvxDeNAbdgU4AD5+fngYLH5VPoMnjpnNY08WMFGVujlVIGAAGyxY9c8YHXv0JqubzfG7zhHGSiY+8GBx3IGcj0Ixjk11xoKbTcXpbdN7pNJX66/O19xL3U1ypXs3pa6tdXs+zS07dOrGMrBxIQZOZWzgsR2AIGM55U84xkZPFUJQZ9rtJtkIKlMDG3n+7nqOeuDyMc5pkt05iyFMZ3bWw2SRkFeTyTyM4PsexqyiRtErq374sSzEHAODjdxx65xtJ5wetdkYxgmuVu9mrtNpaS8r3VtW11Y0mmut9NXfT3brddO78tWV45Ekb5d4ChhsIyGC9TkZ9CGAOc5HNNa4Z5SFwR1CbSFyTz3AyMEAY74OADUxcpKG/dguoVSDkAHsRkjseD2J6U9LSScrJEhkKDaUQ4OM8qc8gH7o28gcdeQ1GKXNyqK1fM12UV9pp3dnpr1vs2F1az1a1TSas9LvdpddFtutLkv2C81GEvbW8ziPaWKZYkjgrx04brz6krnmMWEiSLE0MiTE7QroAu4ZySCOcnIY5GQTkE4A+l/hR4Bvb60W/vIttrhwq7gruQAdkmcA5AwOCMYbJPX6BvPhnomp2lo6aVaQ3mQVzjcwGN8hxwQQAOTzwR15+cxmf0cJiPZSSdmrNWtq4pO1nbfvZ3trsc8q8Iu0nq0ndJ2bbjrf0ukm9e2x84fBvQhPqlvFeOVw3mFUHDxtjksDkbeTjrgdCCoH37o8eh+H7NtR065SRI5A1y14NoZiMFELAKdvPPQE9MYA820bwFbeGtMkvdGtI5r+QNE5EYHluM5CYBGB/venIrxjxF4k8RWktxat9oe1QM7oVKw+aGJdXyAOPmAwCWwMnpn5vF1FnGJjOnK0Yu6tzJu6Sjrza3t5K+mu55039Yk+WVtJK7bTeis1drR21smttGe2eMtU0+QJrWnWts7SS5u3t4yrljxtR0BOAOSRnn0FecyeOriC5j8yO5DIwe2iLuiheOhJBDD0PGOgbLGsXw349sjEq3lxaoUPmPbS4aIKoAO3oCxwAVwc+mctXpcniHwTrnkSXFlam4VdiPbhQgIQYZ1XaRk5K85CggHPJVSjKioxrUJVuVKzknK0dL/C0200nbdN32VxKLi/3kOZJJXldrZJ3vbpZ2eqbvZnHeKtb17xLo2oWt7of2hJ4lFrc+VmSJCAQ7HbwQGU7cgADdyK+RDpUumz3PnICYZmVdynYRvIyQo4YcnB2ng8mv0FhivI7SS1tVilgnjMpjw74twMZDDJTjIABXg+vT51+IPgWOa7afS7m3iSaNnliDlnZ+SxEZY/MCOmMYBwO1enkeOg3KgounFapN7N2tdq/n8S0Vl5vsozT01jta+tn7qSbSs0vO2nL3ueU6Teae00LSLG3kFMo6hYmycZ59GOc9ccnOcHH10QjUpVtyrW8+S8aYOQTwBtP3RkdcKOhHeuv0L4b6xqQBEbW9vvKPM7fK5zlWwQCATnnBHQ9iKraz4C8Q+H5xcy2Us0YZ44ZogXSRDx0O4gEnjqcgY+7g/Q+1pc6/exV4q7bst/Oys2766OztvZdN42i7prTVN21t0a11S0+1q0upxlmEEUkRSRWLZQhQTkHIUADg45B4BwM4yK6qwuHtAizxyEybTHg44H3SRx07DoRk9SKt2mlXe1XuoI7f7REVVpF2mMgZYYYDnBwWPUdOrVbtFM/k2pMZnSYRpIqkjAbaC3HGcEZ6dcc5NZ1mmm171opp7bNLzu1dWa79UDlFfZ3SsrLXWN3v2b7a+ljT0wQ3lzuVpJJ1kBKYPy85JyOgxngYPTjNfRGkXDx2DLa28gaKBXZEZtq4XliAME4BOTzjGO4HFeFPCyKktzLNDEWfDyEKCrE8bTgY6nJPIHQgivavDVrBLKbJCPISN0uLmNc7gQRlsYB6Z2twOeM9Pj8xqe1qxgqSaU4qV4qzu4rRXu79/Nuxy4jFUqSvJ8sUlZ6LstW5N6aateT0PHbfxFqEF/NKSyL5zZjcufMALZKqPmbgEYKkF+vXdXe6RdRa1cwi5s2tyAri4KEM4ZckYYc5JGCRnGeQCBX7s/8Ea/2Nv2efH/AIs+K/xv+P1toeveHPhPpJuvDvhXxFeJa2l/fyI0smpzRTOi3UMEe+EQEPudlyDwT+dH7QMfgnWP2gvizf8AgLSLXRfCd34s1GXw7plnEEtbTTzcOsMdrEFCRx7BmNUUJsGeep/eOCeAv7Qjg8RKnye1UHy8jSkpKNuWduWTdve2SvZ36flHEXiPl+XLE0sPWp1alGM+ZqfM4Tg4xcJpfDLVJP7Vno7I8u0W0tiiFIt7OwRfMUZG0HBxnqACx4BzuB55PrmgaDc37Km3BZkVdoKr3AyVA6gnJPpwTztytB0O3hW3L7T/ALT53AFcAKCMDJ3BsZ68AYzX0x8LfCreK9a0nQrMNBLfalY2MdwkbYWS7uYrcM5HyhQXJJIznnnGT/VGTeHmXYbC05VYUoKnBTlJxSb5Vd3bsrWve9ra2ve5/KXFfjHmlXG+xwteblVn7OME2nzOUVFKzVm7pWe2lrI4WL4UTtDLcBGLAZ2qjuxPdmdVITJP9/6nLGuA1jw01ixiePyXDFfKX5nY55kxxwDzzkZIDdAR/oP/ALN3/BNr9nr4c/s92PhbxL4M0jxh4i8T+FP7Q8QeJtTtopryO7u7AzN9jkdWeFLdmBUxspUqCepz/FX+1Z8PNE8EfFT4jeHNGdW03QfFGq6dpxOebaC5kKAOASygHbtOThTgnJ3fG4SXD3ElXNsNleGnF5XU5KlSpGKjWTlKDqQs2+Vyg7XtJqzsfpkanFvC2GyXF59iKDecR5o0aUpyqUJONOryTbUY3UZxvKF1q1r1/P6809kBCSyAEFWDLgsw6nLDCjk/dI2nOOhDYFyqWsQMksaFco4Yku59zu5464z0IGeg67Vm3zGIyJiJuV+YgseeSOmQ3y5x65AHHHz6YdRmmjheNAAVLOWcluOEUjdgnIGPp9PmMzybDUqcrTVPkvfWyTXLrrv96v8Aff8AVsj4krqEKlWXNGSVndtXai3otWtU+i9bnNlH1TUbO0tdpFzfW8CgEruDTxA4AIDDk9s+ozgn9U/EEmn6b418LeH7jU9Psm0vw1odlHaXFwke9jBE7DJYAAMxGehzyPT81/CXgHxBc+KfD95c210NHttf095rqNSghhjuEd3JxnBCkYx0JPvX2V4g+CXxr/af+O+vj4WeAde1K0tG0/TrLVxaXVppiWsFtDD9rjvZEETFWVmkCuSuMr1Ffm2PeUqjiHi8yoUaMVL2kpVacXGSUeW976W1e9z9k4XziWIXPhKUsTUUoaU4uV1eLaslPXpbrp6H3v8A8Iouo+FJmskN7HLo+os6W7K0P+pbBDLkMCc4PYngEdf1k/4Jxftq+A/g9+whqfhvxnLfat4x8P8AiPxDoPhvwBo1lLqev34u45YrRltYY3lFsZnwxIYAc5wOPHf2L/8Aglz8VtD8IWenfG3x/K4uZ1lj0fRI55723gyGaznuJAVKlcxsUYDJ/hr90/gl+xt8KfhHYrL4P8B+HtIudqyTazqltBd6k8ow0l0JZgy27lgz53KVzxyRX8fZlVq186znC0ZVsxwU8fRxGFr0ZOMEqUknGUtpQkrq0dH3P3zN6eWZplmS166+p4zD4eUcRRcU5ycuTSXneN1Zat7H8v8A8HP2Ef2lvGnxK174uaj4BbwnoHinUte1e2n8QSR2M1tDq1zPPbf6C5juFaFJFDqy5Zg2CGOK/QT9nr/gj14Dup7vxF8Vpbzxv4hvNRe+Oj6fE9noCgymRGmllP7xyCFkQOV4IGetfvDq+pfCbwneJP4k1uLV9QSMf6KhF4EZTxGtnbl0UkjA3IAQMDPAHg3xL/bW8MeC7KW18PWOmeH44Q4E+qvbrKyrkCSCzgJmyxBwrrhWA3DnNfosOKuL8wo0cHGusDh6UY06UMNCUq7gowjZ1G3yuysmrbvXVHy2HyLKMNUdfDYGeIqys518ZU5KEUnFp8tle1vdSTunZWbPQvhn+zR4D+FPh+20/R/DvhfwHpFtGnmNp9paQXJRF/5aXrRqzZAJkJckHJ7HMni747/Bj4WW80VjNBrurwgqXDpLDGy5PmS3D5jCgksQpHyg9x8346fFv9tPxh48uLmDRbzWddQMQj7303SEiwQ2Y0KNKuM9VJIOckGvjHxJ4z8V+In8zxJr0slvKSv9k6azw20eTwkkoKysoBwckg9OBjHZgeCs6zaft66q2nrOvinKdR3s20pybf3PXbVadGMzfLMDC2IxUa0o6LCYFKnSvZPlnUjaUlpZrbsns/0u+Ov7e+uaqZtO8O34ME2+GHTtByQoI2Znu14ULjkF+CeMAEV+dvijx74/8VXskupan9himKuBLK13esSdwBaRpEAI+VtgGM447eXpqQ02dYEi+yWgbO5MtKcn5nZz1B7hi2eeSMEdTbX0FxH525ZEYEJIec4BGcHG1sZ4A5Jz3Jr9IyfgDL8HCEq8PrE1ZtztZNW1tpu79ez12Pksdxli6qlDCRjhaC5klT+Ky5W+Z3Svvq9Xe721rz25uFBndXn2tvu2hUSbwcn5lXO0ZHOFPX73U4b6XEsX71iGLMFlABZxjpznA9cZOR681oalq7QK0tt++AwtzGAWxECPmUAA5ALHIKsDxnPzVzWu+NPDmj6Y9/rGr6fo+npG0rzX9zFE0e0EkKjsCTxwpHJOOpFfb0cDQw0fZ04QhHaMVFe60kk3s1pdau99Xa1n8nWxlTFVOeUp1JdeZt9ut9f7zvurtNWKV/olp5fnQj7BLG+9bqHCF3z0mTo4DcEsCcexOfL/ABTql/pcthcX3kyWzXXl31/FIIIVh5IeZXZQrLjJJwuRnCjBHzH8WP29vh94bhm0nwRBd+NteSWSOEW0T/Yg4ZlXLbSJU3EYZSc/XAr4+vZP2q/2lbppnS78IeGLqZkMR8yyiEMh4+QBJX2oeWI2kg4BDGtaMJyqONGLnK0bKK0vo2+ZPSz31lpbrccm6aU6s4who3eVpq1tk7PXS+u2l7n3d8R/2rPhB8OIZReeIodS1FA5i0/S5FuXdo+kbuhYAnOD/tcemfinxL+2T8bfireSaJ8H/Bl3p9jcBoRqBtXaUITs3mVlEKEZGG4PGcg8n1HwD+wz4O0A2994vuZvFerofMmWZ3e2MhOSSWPJBwTvZiQR1619FyXHw9+FtokRXStCihhCrbWscH2iVFI+Uog8zfgAAjBJwxGc16CyzFVF7TF1o4eilzW5rSTvrdt2Sa7N/czjnmFJS5aEXWqPRNX1fu7aNu73/Ox8GaP+yZ8Y/iJqJ1n4v+O7+KxuE3vpYvJpZSCSxBTzDCvoQBkdOQa+t/hz+zn8J/hnZxzQ6bYyXdsC8uq6yY2k4BJbbI3ykZ+UgDnkYAArlfFn7SyyIYfB2lBEBKvqOp4EYHG14kPzHbk7RjgjjINfN/iT4ja/q92bvVNTnvVlBJLzG2sUzk7PLBAZVzgZUgg9M8VxYjMcky6LjH/a8Sut+bXRt3+yvxv21N6GWZ1j6kG7Yai/5tJNPlvo7Ppdap31snt9meJPjf4O0GGfT9BWTVb21VlC2arDaqy5xukVQjRqR/C3zDtnp81eJPjx401xHhW/j0e0MjqlvpwAmbI4ElwcLkg8ndhTk4rwG71u8u3mXTI3mbBJmP7jT143EGUgbwOSMFyRnOOteWeI/iD4U8OeZJ4h1WXVtRgQsulaYWhtlfk7ZZOB8uMZOQccHI5+ax2e46vS+FYek3ZKyvyqzWt7p6O/XtofQYLJcBhajeIqvEVUk3d3Ss4v4U/vb/E9Z17xtpkeomXV9TN/eEDzUurprlIj2SKPOJZm7gZGeOmBWQfFFwskkm42mnhATJMwjYRuvEaIhU73GMAjI6HqBXyXpvxg0bXfiLoF7e6ZYaX4ZtJ0V2+ad4GfO2eXhhNICFGGJUMRwQCKu/ED4heLPHXii6sfB9nAmk21zKto1uFRLwAAJO4wDGw5+UnAJ6jpXw2YYt1K/LOtKUYrncm2lurK2nvNa62ezufUYWrThh5ewoQVpJQUY3bXu6f5u/dJ9vdfEvxL0XSrcxXF9BZrISEtrY+bfT45/ebdxXdgfd6AdeBXzP4u+OHiGW3uo/D6Gw0+Dej3DBnnkBzyVXkE9WDDI6npVu18BadpezVfHeqiW6aQObWKYDYflJDOzbjg9EAxx8tJqXjDwumdP0bw7YRWe0xszx+dPeKgIBVMM24/3iNuMHqK8h4yF4qlBzs1eTTUb+6m9Wrr3dLLTXzcs5OvLm9vONNStyxT16e6krWWmr1Wp8xapr2ta/dJNqFzdX87MSsbO6KIx0xEeGIzzxxgcdTXb+FbGKxkU3MLPK/zxq5LGIuBtVEUEgdRjgHsBgmugk02G7vjdvBbWpkRvLhMexxGSNu1OzAHjtnGea9I8H2+hWWq2DeQLu63wlpJQWSFTIA+8YPGAeTkgYOea6pY+NOKmovmSWjfWyvvr03XRPXoYYfBp1leajd+83d2u0k317vS6fnoew/BH9lP4ufHK4d/B3g65Nk74m8QarEbext0yMtHI6IJgFyfkO/HPXp+oPhP/gln4R0Twnf6j411y68VeLLHRL68h0jSwbXSo72O2d4lZgd7MjjBJJUkEn1r3z4MftTfCL4c/DjSdJ1vULe2e1to0TS9BiWa5u5RCpO5bdWZCzEgFuMnkrtNaviH9sPV9ahVPAfhiDw5pF8rWUmo6+yPfy2tyhjaaGCPcVdwxIEgHABxgV8pj+IMa6ivahQi7N6JtRcW9W9ddElou/Q+8wWSZf7JafWcROF7v4YytF6J2tutdenRo/nGgvtS8N+Ob2C/sV+x+H9Wv7EW1wq7YTbXMkQVSR83lhBz1GM88V1Hi681/wCJuuaT4e0SNHnvHhhsrWD9wJ5Z3ASOWU4VEBIGd3uccA9V8V/Ct5YfFPxNpj75Le81iXUJJnRVMq3jm4eVARwpdz7AEYwMVxCvf6V4y059Pm8qewubYQeWwjLgyLtw6Mp3KuRwQAeThcLW9fG1MVh/a4dqTlRvBtXTk4pptbtXTb3e/oeY6csDTxMZwfNCb91pt6JWSb15Uk+nRrqfe3ws/Y1+G/hjTjqfxv8AEnnX8YWSHwzp7u1rBN5QlZLq4VmeUqw2OYyFYggEkDH0no3xBtvDvh6+0bwxoKaP4RSwu7exbS7Q2RnWIOscssxUTTeYFDFmYsc/KTzXk/hTUdJ1HwPqZ1XWYDfvJDLNqetSSCSE4Xfb2auWDIpyM5O4YxgcVoa/4/0q30e2s7W7TVLbStLaO9uYljS3ljkRjGkUSgM219vzffIPzZ4r8dhDHYvMKUc2r4jGy+tPlpzpeyoUKftIpcsUuXdJRc05O7u9Ej8xzbP8xxUZ0sHWlRtzxcKMGpNOVlf15bJ6aa+Z8d+J/FN9dy3Mhmd7m6vpWxezM8gCTgRrEX5CAYOB0PU4Ga6j/hJlsbw3OryPe6gdHhjsY4XaR4pDGFUYTP3iQOMgqew5OZ4f+FfjX4p6uZdF0u5KxXssyT30bWtlDayuWDlnVQ4QE7WXGcAYORn9Hvgl+wXquvzpd3aTPIIII5tYu4JZbaBmCgjTo8EzqCSFLDjO7jBr9nq5zgMqwdGEp0qTjCPJFPWySvs9G9LrZ226vHIeDc8zt02sPVcJSg6lWfNyp+7dylLd2eqvtZ2vt+Plz4W8eeNdVjmtdF1K9Iu5Aba2tHEQWRyypkp88jDhmXkA84B5+rPhn+xT8S/FU9vf+I3h8DaRO8UYt7tTJfzWz4ZzDCAZN20EAE5BI/H9mJPg18LvgB5Fzr82mvfWEXmSy311D5qvgMpWwt3EryyYDDIOwgAkEEL8xfET9qdPN1eLwHolrpjoWgTxDq486WRGypNlaS7jCDgvGyqCRtyeWrzsNmmY59R/4SMHtPleJmvdjBqF3qml12100Vz9UwnCGV8OxU87x1N8sU1hqUleVow0tprote+t9WdH8Ov2YPgr8EYLrV4NL06e+8kPP4s8ZOgjSbyyWNjp0h3uwcEoQhHIDnHXn/F/xy8GaZOT4dhm8X6laxiAXeon7LoVmU+4tppybY5IozggOjFhtzk4FfHfijxp4u8Tq02ua3eas7qJVnvriSO0i9Y4bcNtKgEqARggc46Hzy917SdOVDLdyX9zGhlNrakiOOR8YDEfKR1XawAU9Mivrcs4HqVJQxOc4qpXbjd0VLlpp6aPVX1T0TUbauzPOzDjKlhaf1XJMFSwsFeKrOKnVatG1246PqrXta91e57Z4l+Kninxa94+raxcCFXzJZWBNjp6oMhY9kWwPDGhKhAvPHBxmvIdeeysbKeYTr5l0DKlpZMXn354Z2HO3uwOADjIzklnhLQPiN8YdZsvC/gLwvrWuareyLFDpugabcXbs0jbY2upYY2jhjHBZ3O0DOV+XJ/br9mT/ghh8VfHlvpvib4/eIIfhn4fVEmm0O3kS51+5hcrI4mkLGGEsCBsYqyknKnFfSYvMeHOG8PatVw1CMYq1NOLqzaa+GEfffvK8m1bWztu/msNhs+z+uptV63tHrVnzRpxleL31vfRq3R2XZfiJocmt6u2naH4b0W+n1bUWWNIbC0mv76+ldgFRYYkkkdmJHLAgHgdq/Vf9mP/AIJB/tJfG023iDxzYR/C3wbfNFL/AGnrqbdcurZ9rS/Z7I4kt5GQ5DTIFBABBHNf0dfBH9kn9lf9l+0t7b4afD/TvEniOxjjWXxHqtrBqupSTKMC5M1yHjtnZsnEJGCN2BwK9g8T+PL+585dT1M6dboMpp9kBEojA4TzMqo28Kdp5ICggg5/OM28Rcwx81guH8I4056RxNSKcknZKUKe0XZ6N8zXlqfeZbwRgsJT+s5tVjKceVum7cr5baOOjk7t/E0tHda3PlD4Af8ABOr9j39lJLe8Tw7a+PfHKxI9z4h1+KPWL1rgKCDFassttbkSDKsEDL9ev074m+KaaZYyW+nxWvhrSoImWDeESdFVNqxxQoVjiCgFVUjrztzXg3jD4y6F4et5iJoLcKj5m8xJLifkjJdiWDdwSR1Gcjmvhjx/8fJNea7ttFSe+Eu5POuTwnBUFVx93PPc+pHfnyfgTNc7ruvm1TEYl1HzS9pJ8qTauouWyT0XLZaLS2p2Y3ijK8oiqeCjTh7KNoKKSeijZ8se9tX19Nvpbxz8bNIdGddQ+03cRbffXcoYjeSV2ozBeoyNmMAHoCa+LPiB+0MxV7eMzagzO6iaAyGCJWwAWCcYHOM5yAM8dPKrlNR1eWWbU5JSMLuiiY7NpI4KjngHBwvUfwjrXTSYYWdXWMQsMoPLVgx5xvyu4HBPYg9xuGR+45BwFl+W0IR9lGMo2fLFRSbst7rW9rXVt/Q/NM54zxWNqycJOKla2reujXu7NNvp1svWCXUdS8TKb06n9ttZFOYbWQ7YcYO1znI2tjcCvpnPAqvFo0UI+feY37bT34JB4JxnOQefvdeKzpfDl5p7DUfDLCxuyzNJaF8Wd8FJIRowcRMx+UEbcnIH3gK6PQvFMequdOuoV0/W7PP2uxlB4AIXzISdu9GOMbCcZ5OcgffYXC0MJBRjSjGK0u1rb3bO1ovWy6vtezPicVi6uIk5VKkpttO176tppKzVl1VvxIo7WOywrIz7jjB3/MT0wCCoPHcc8DHJq2nmwbfKTcGIUryPlJ6OeTkdOPocHitO+vLazTdL5ThSCN7KjAEclgx+UAHPJ5GfqfnT4m/tGeBvh2sn+mjUdVcAR6dp7i6fzRwF2R5cHc2ORnPQZ61VxuHo6TkrxVkk3721rpX1fNoua97t3VmctPCOtbljJJv+VpJXV9XbXTb162b9x1GWys1eeWdII1+ecOQuzHJKhj1JOOuCAT0rwj4gftA+CvBMUsh1SNrhVKpDCwmupeOFjgBLBy2PmYDaDuIIGK+T9Q8e/HX463og0HTm8I+HJid95dRFLqWFmCiRVYKQwXJz05JOThq9R8AfsvaFos8WreJJpvEWqPL5r3OpuZ1L5zhEcsFw3TIHYEcA14OJzSrXThQpSgouzk73e1reTV7+W+up7NDA0MM4us5Tk7e6rOz00bS5dtNb9dbqx5FqfxN+M3xkuJdO8JaZP4e8O3haNtV1BWSVo3bG+PeVIYBiy4C8jAKgGvVPhj8F/DWkXKW/j2ObW/FsAE8N/fO01vdrkZEe4kFlJxtb5iM8FQcfT0Gh6fpMcUENvbW0cJVhD5SIiKBhAoUYYdckHsOh5GP4ito9RixbIILq2/0i0ukBGyRAeMglypPUDjoSD8pHn0sOqkueqpSnezc1pe0be69Lfdvd3sd08S4rkpx5IqyTSd+js972fS6WnqX3t9K02Erb28Vsi7UW2ihWNQu07SVVQSSpycDv1PSqElztiUxsX3AllTgKo+8p5wCAcZ45AAzXGDXpdUiZLlyLqxHl3S4ILuoKBwARlWwDzuHOSMCrlhfRrCCCfMYMGBOAFznjPI55PIB4BOTXcqlOi2uVXeltl00uu+mvbVN3MfZ1KluZ8yeqbTtf3dkt7dWkur7m19rnZ2ihyVMeG5JK4G7J5znHcDnHGMmsG4jaScO8h8nG07uMOO3HTGMc84xnJ5qtqXinSNBgluLu4ijIVnAVlaRyc8BA2RnLYI6cNgHJHhnif4vXEm620O3ZrfOTNLwN55U528naPlIJz/eziuaeMpUXec4pPVJ31u00k+66aX7NFqhOaSjG7Xd6WtFL53b1s0tPV+yanPp9rbzT3l3DbKmVeNnA3oo7qzYO4DIwWyCVO7PHyzrfjC68P61qC+GJh/Y2pjMskiMwtrg8ZtVA43npjI64qSSDxL4ukErs7W6Msk13cu0FioUdGZioAUbicnBx1wDjhfGfxQ+F3w0edNSmj8VaxFD81nYyq1lFcorFFaVSUKo3BAO71Havm8z4ihTjKlCSUlomnd6JO9k9PLXs1rZr08LlE5NVKluVW0d9V7rbV7Jta6tpWvbuaJ07W9Zjkvry6aXzGkZmuneOOKE8mVjIyoARgAYXb35NdV4G17wJY3kmm2eoaXe6tZKZ7x4m85lQsMpG6luckrxggnOAQMfnp8Rfjx46+JkYtNJD6TZSM1vFpmkDyohFyoNzOAu5iO2TgZAxznc/Zu082XxJ0/StVvFkubmF3vIFmHm4jwyo7swD9TvHO4gjByK/Mc6zXE18PXlCpJ1FF8qi3zXstut27dF21PqMBh6NKpCKjFQvGLlJWjq4x00dnforJ9bdfsP4x+F5LS+HiRbC3TS9ciX7EZVd2+fhWBf5lOQSc4yRnIJNeCeB9Eh17V/E1h4hs9R1TQfDmmtrl9Hosatcx28CljG0oBZYDuG4jBOeOmK9X/aT+NWk6hFD4c0pojqGkQxWrIj/AOj2yxhkBCZ4lIxkAEnrjPNfN3w5u/Hj6je3vhqPUlGq6ZcafqckbSQ2V5BKoDxXLcB4sYyrDB4GP73m5JjMRHDRljErtPlcut1He19m1bfdq6bMMyy91qk/q9STc3o4p2tpdP8AS9mmei+A9e8PaB4rtta0hJba3vpm22lwxVl0mZzE8UzMwBdFBGc4OeOOn0Pc69D8O/iLL4amXZ4Q8a2cWueE55eYEvJlD3FrGxJUMGOQoYHJJIBIz8J/EvTdS8B3+jR6hIs1xqttHIptmYR2ys+XjPPDJxknORwM7Sa+tr2yuvjR+ztZz6ZKk3jL4UXY1W0ljbddSafAqPLFlSXIKDGGz0PGRz9dlOLpzUnKWqXNCO6fvRve7dtNU7JLS549XDVqaVFrlaSUpd7pOMmvK7u9ei6K30Tq2rOLOy1pRxbhYpAvyeY+AuxwTuIBHB6MQQCAARpR3I8b2d9od8ojTWNPuLJY5SChPlExupOfmBPy46noOAK8O+GfjWHxj4Ig1OaRZrhbhbK/tMb2iuIFWIyBG+6N6qMt34AB4r1XwXFcw65YxO6+bBKZ4g5yfKLAoq/wj5eVByAcrgr0+nwmbVKTdFPljXioNX0s7K17b7Wb1fW+l/LxmDU6aqfHKnyqy6WSu0vk/NdtkfCvw+13U/h58TXsbhngudD1qXTnLZQfZTcGNAVOCQULcHcAGJAGeZ/2q/DL2HjV9Z0mOWWw8U2dtqZitwREs8gHnsAqgMX5bYAcZGc4Br0f9qbwcPDHxit/EltGYtP8UW8N0ZEXbCLyNU83bnjfuXOOCCcdea7T4maNe+N/g94V8Q6FZi81rS5VsXLDIETIqAOACTggnPIxye9eHn0fZ4GtVk/92/e3ukktLtbW01tfq0cGGpyq1lSje9RqC0u2/dsnunra2227ufnBc6fLZRq8saWUKqGEjlTcNk9Rv5GTnjAzwoIzXYeH/Ees6hplt4f8K6Teaterehi5iZrYS7woKMAVBG75s5GM84IFe1aX+zpd6rfWeo+NdQdhOqOum2m8qSACUcAYVRjBHQHgj1+2fhh8II4tOuE8L+HLeytdKiBa5ZE3PIDtMjTABmJzkMp4JHXivwDiLjihhaM40lGpNWSd1yc11s37ztrolvbXc/R8h4FeOqReK0pqz5bXasotN2SSTtp1Tuj84PGPwU8Zave6Qvi+8S1llWG5ksohloVdwGGwZUkKdqnsSdxGDX0J8MfgV4N8F3Avn0oXl66LKZbqMTMilQwIDjbuYncThQDgYr6K+J3hi40/xrZWl5ILif7Bp5JSPcyebIh2oPvHqAQ2cknAG2vYtI+CXijVka7uGXRNLkgQ/aLll8x1ZQeBjILDICgDg9s8fl2a8Y5licLTovE+xp1YylKFJuCak0ldK1tO7duvY/X8s4ay/LdYUo81NR5XJJtNJXevolo9Xfszz7T/ABTNpcCiIRRLGoS2gQHChQFyyxn04C4zntyK7Pw/deOvFErDSLa4gi2iM3c5MNvEG5Z0BAUt948sSuCTwRXo+m+BfBPhIJJLC2tXq4Pmzj92ZQcYWMnDLnJ6beADyeHav4svIo5LPSbZImI+RLdDFFGDwEVEALBcqMdOwwDz+e/2V9fqufsFNzacq1a3Vp2jda6O7vvt6e/WzeVGnyqfwxXuq6X2Volv5t2V7bIswaBpXh2G3vfFeuz63qMZDrptu5S3LrzskK7gFU5VmGB/tEAY+Z/2mPFUnif4beIdKtbRdO0yAxSSGJgYQBKirCzD5nbbnPXnjOevqF3pHiG9ZbjU55gZiGEATbIycElm42r/ABFuCQCBk14h+0BPZ6d8N9e0tpI1nuUiMFnbANMzLJ96TaDg+pyFwOpXr9lwvwtRoZhRr8nNPnXK1FKEW/tJJWurbpaJOx8xmfE9V0JUudRhqpOT3vZ7XvfRbp66adPEf2YRY2Eni1UvWhQx2PzK20SgRndGj5xgkEHbnAwMnOR9bf25bWGmBLd4YBNcsQX2+ZKWYENzyf4QSSc88nJz+U3gLXPFXh2XUZIg72t7OnlQkmN2CH5MKuWGCMEAYyBnkCvadN8YeOdeuo2vNJuILOKZFWYmRIlXgDcDgZJAIPI7n1r73MeFlWxMqzqKMZap3u5bPS99OiVrXb12PiMVxbNR9jBOzckt921pdJvXTVO2+y3+7Nb1HTj4e1SeSaS5uEsZJvvny45TH1iC4UAjOT1yOBgV9e/8En/EM02l+P8ATbSG4lub69RY7WNwshj3vueNl+bACkZOFwSCSTg/mdLrkCaHdQ3E/wAv9nyLchZGyZVUjGcgbSMgZ5+bDYGK+0P+CXHjSDQ5viBf2qTrcWRSZZYT5ixqfMAUZ3ZLK2dqrjjuenh8TZJKXCeY0aCfPCVKcWmnJ8s4tuFmtLaRXdM1yPMVWzKhOqklLnjO7jpeybert7rslLtdrWx8df8ABUT4M6/4F/aH1i9uNA1G38LeOBFqGnXaJvWe6bcbxd6D5vLfG4Nk5BAGTXwo/hrTtO/Z68a+IIRdPqFtr6Q6bPKr/uRAdsiDIHHIAK5xj65/pt/bfsvCfx2+H3gea3N5D4g0fU5Fvb+WHe8FvebluFCONwOOVVfu5HQcD8LfjT4f0fwZ4O8TfDq01ES6OkOo3MU0sISS5vXAYPjjkMTx1Unk8c/rHg3mWLxuS5fh8TSftsLSVGXNH4ow5YwnKOid1bVLRptOyMc+wVLD4+vUjONq6lKm1Zxipxg1qmla7avy3Vtj8nvhx411DQtfkvb2eZ0ku4WG05YurqVY4zuXI98qQDyM1+8PiL/gpX8aPHv7LXib4HhtL0vwrN4cg0eW6tbW3guriyt4SvlyPsBZpF4diGyQMHJJP4VeGPhxq+u+JdM07T5UeW4uEjgRcK80rzbY4l3HBdiyhQQDzu6DJ+/PG/7PHxT+HfgPV59e8J6reINPjknl00tcR6baSxblkvfI3LCu3DM0nGcbuFIH9IZXxBl+WOpRxLpPEYinOnQjUtzubS9+CbbT5r2f3H5BxFwnWz6lQq1IYh0MLXjWqThOaTSalabi2pRbs+V3Wr0VmfFXw78RLo/j3w5qCQL5trqIcAfM2FkDCU4ydxPQ5IVmzgrzX6IWv7Rt14I1TVvG9zp1vcXYItdLvNZCyraXEq4EsKSKw3L1DqvA2j7vB+Ffhl4R8HxeItA1vxB4pi0iMXohWCdTMsc7Sqim4C8GLJywVSU2kqx3c/p5qP7Bsvx3nHhrwB8WvCfi7xBfafb6zomjw30Om2Qkkjy1s0kzxkz7W2BCWwR0yWJ+bxuKoYSusXWkqcubmUne0dVytuOl01dN69bdH6mEoSnhvqsJJx5VGK02sl71vhvaybSaavbQ/ND4i/tL6/438dLqr3cly0UrL9ruJHKvK7/N5cQYRpGhIVAAMAZbtX3Z8Kdc8W618EfDt1PeteRv8QEntraQhlWQMrFkDHoFYH+6AeOpr56+KH/BL/8Aad+DPiOSz8e+CNT0y0WP+0bS8tY/7Stbu3BOHgntN6FSfuHkEDGQDivrfwT4N1rwN8A/h1bS6bdWt23xJhsbiGZNlwftDqoJicBstnv1JzgY5+w4Nz7DRznC46piqU4RqwnKUqiX2o3dm30tdN2atuz8x8SuGMfmPDeKy/DUJ0pVlKEFCLu5SptRSSXvatN3vd9WfMn7Z/jXXbnWNNigm1G3mtF8u4lS7uAVZYFUqgVtgVcMVQYA/Mjx/wCEXxt+LOh3ttB4d1m41e0s4kd9L10G8tpIxzJEwm3ZDYbBA7jAOBj7b/4KW/CvRvhk3w0Gkao13rXiPTFvNc065j2SxXE8Cyo5JGAGVlVc4JwOoOa+Fvg9ZX08us3SwwsLO3CSRxgGV1GQ0eQRtbdkAjvkfT2ePsww+b5/i8VgpUqtKt7NxlRs4WUYrlVrqya7bvVOzvx+EuQZlwzwhlGU5mqv1rCwaqc0Vdrnc+a+mrXZNrp0PtSPx18Avi+z6L8ePAdj4L1e8jjjj1zRbVIIjPINqTkRIrDLnJOcDGD6Dxr4tf8ABOv7Rpb+MfgJ4x0jx3odwjO2lm8hfU4l5wpiSTKsudqqy7iy9K5/4leH9at7krrGg6hpAl0SO/0qO9tZEkntSoIuInmUCSEkD51bA5UEHivm7wz8VvGnw6mfV/DnijVdHm+0KGt1mlNm5Q8bogTGQSvVgeC2SAMV+b1qM8O5px/eO7V27qXu6WumlqlbZrc/YcNipVGtOaMU/ebad1a+zurW6NrXl01t4Z4l+H3iPwXeyaNr+kahouqW0rRyQXsM0CuwOMxu2MruHynlWwCMk8c49oIZDHdECb75ZdwySpwpwCCAOME9AOemf15+Hv7Rvw1/aCFl8Pfjh4QttQ1e+tTBB4isLaIXs05UxxOJIoxIZdxBKluTntgVhap8CfD/AMCPGFn4+m8Iw/Eb4UyStaXVtqUJE8cUjFJ7a4RQZVkgTJilyFGxQxA4XzKznSld66rS7cdbN630bV3p1T16Ho0/ZVpO0kn1i0rXVrvorrZPR6dD8m0tvNeJZcMGJjiVBncSeFdm6ZPHJ+X5QeBU2qaPdaY0QkIHmBDGgBOARko2SRlR142nk8Zr9RP2xP2LdI8CeCPCf7Q3wVW6uPhn40iGoarpLxtNJ4Qurht6wM4DlbUZ2IzEEFeW3ZNfmZqN608jEzNJcxbQEYmRVRQFyCRgrxkgZyeD6Vl7WrJxcXo0pNWb3Sa1dmmlutGunc0lTp04ycr82ig7vW1k+j1Vtr/i23yM9yFmKqrpIiFmII2qCOMID6gZXORz/FgCvHdF4jtZm+c7mXjJU9MYyV9Rn3xgZq/qK7sSKESQjMhXGSD3wePqOcY7cVz8qtCVRGJi+VzggbjjPzcjjPHB+6egzmu+EVPVq/Xba9rvW1r6J7/eeZWqq6Sbe1rrvZWt90dL3dktbXvyySlcrjcGL8MVIGSSck5OMYAOcZ5yckUBcBSZbjmU/KEJyGB4yccgjrxztwPUlstyrMuSAzL0Xp1wNxGRnt1J9RxzSnmgJVXIU5DFhu6/3SQDjPTPuOgDV1wpSS0i2r9k7bdNEtNr9Tiq1YxVm9Vqk+mzW+266K3roa6MWjLAqGJPDY4TOemAeTgnPOMZ7kpKySMu44VMKAoypOOVzj7owR3A6k8gHElulYHMgURoMhGJ3dTyT1IJAyDx+AqjBeSPJj7mM7WLk5PHHOPYY7nP0HTGg3yarW2zXSzel+XS1rXUV26LhclzNOKu2ped/dSstdltt56m5PDHFIsoYeVIBtVUO4Fh0I5UdwA3OckDnia2uhZB3bzCxRwvY7W4AyOvJ6fiODVSzWWZH8sSSkOq5Rd53McBeMtgkt6MODkcE+sD4M/Ec+Hf+Eqm8NX/APYBVnS9FtI6fKAUJUBmOcgdcZ7HvyYrMMFgpQjisRRoubUYxqVYwc5e6koxbSb0utHpe9tk1Go43hFtR0btezTXW/X3tX1S03Z5St9M7SSOxKfdAYEYJHJ2nIKtnqACABnAOas6bGzXkCOokiU+a6EE/KCdwUDON30HIr6J8PfsrfF/xRpGm+INM8PSPZ6uGWwjkXyp5wvPmGGTawVeeduOMDjk+X+J/CHin4f6nLp+v6RLpuoWs0kDrPCyCVk4Zkdl2uuAcgNjOTyAcYUs9yrEVJUMPjMLUqwVnTp1IOcfh6JvZa6Nvp1Mffbs4ybVnLT4b8qa+7u/ivpqzKuruAXSbQFCRkoiKQqZzhWXHX3OD7Z5qrcCchcEou0tJli2NwyAoBI6dicjkdK7fQvh54s8X/ZpdH0O/vJLtVeOaOFkhkXd8zBiOQq9WBxnPcGvovxV+yd4q8GeAI/Guq3NuhnCtPaTBg1shUbQ65zlugIzu67hyR4OZ8U5Pg8RRw2IxtKOIrSVOnT5rylJu9mrvl3Wr329N4UptLkg+TeNvh+y2/m0lpsrb6nz1p97bXGkxWUMUUIihDXEn3XlkHCsrj5QznkqTkD0JFU7MJFFMdsW/ezgkguwyCFGGJ2juQR8vA55r6d/Zt/Z4X4263daU+qrpen2ECSXkrD5pJC2FWNiQCM4DEEYA96+lfHP/BPnUYdYGkeCtes7p5/KMssj5+xoSN5GDng/PkknsuCBj47H8f8ADOX5pLLMVj4wxXs/azjq4wi+Wyco3Sl/d0+d7L0o4fFPD+3ULwjZJpa30tFJbt2tp5Nn5hy3EEpjN8IxCwYKADvBOMHHJIzjIPcdgMh82n2t4iCzhZ5IEBZ1DNHh8AFjn5cg5AA5AwMtnH1P4w/Yp+K+kazc6Vo8cOvWlhC5u72zdMRsAWKFZPmbJAHHY9sEV6v+zZ+y/ql9qF3P45sJ9M0/TDISsgjlNw65AaRGDZjDD5VIOcYwMMW9DE8aZHhsDPH0sbSxEYRi4Uqc1OpKSslGMNWnfS7SUdUtrvip06tWTg6bhq05O+8bXXZ2e/RNW2Pyu8Qx6lBLNHcxXMdurkIGikWJ9oBVlLg8dB1xkAYGeeNhiUZLYO75l3dCOMkZ4OeoDZ7ZHy1+7/xS+DHwx8RaFLoB0xYZ2MtrZXcFusLNcsWHmBhtJUcE5ORjHXOPyV+JXwG8c+AdQvpZNHu5vDtrMYoNTCB4nQnKMSu4KcAEhidvO3jIr2+E+OMtz6nFa4SvdRhTr2jKrzW+BykuZvZJaqzsmro5sVhZ05e6/aKy+FN8lrWva+nVdOjOO+HMUJ8QwfaUikt0BYGUBgrgn5mQ43KM5GOAB1Gc16L4uuYIJnNmwd2JYyRFzHCCSPLXHzBWXkDsAR9fIfDJKavBud42UlXdW2gtkjYQSBnqNpIBPQ5zXpmryvfRO9sscbQbEKIVJmxgl32nHTgt69OcY+kxtBTxEKsfejy9XzJ/DtqrdNrJ9LrU82slKyer5Xorv+VtWVrJtLfV7X015aea/ktyXBjAH7h0UhpAAxO487cE8FuT+LZ4tXY3IEjuP3jh1BccgkcFejDHJOBnHzYFd7ez389ooiCDYii4cAADGML3U8HkjjHX1rjbC1u9R1SKysrdri6llwmzIDMD/eJwxGB904GCCO9OlywjLmSSSWr+HaPRK1722vfyTfLlZU4SnOUkkk3zJWT5Y272fkn5XvZrWm1K+dYczXDQxqpRXdl+ZT1DEg8dflPTDZGa+m/CF/p9h4ZWeewa6luYlZ7y5iY+TL2VHZQ2OTnaTnkg9cw+FtA8G6c+kaR4rghkmvLm3kuL6eRS1mgZTLbsikfLnjsMdc4yeq+KOo+D9L1NtE8K3kl9pRWN5PLVRBbybVVI4GjOfLwSWB+fA5yDivnsbiqOLtRpQmlGb5pqMowUY2u07NtW8vvu7/BZri1mmIhgKFGtCMZSnPERg40uVLW1S123q7O19N3ochrGm/amtbxZUltSQ9wsJCRwhzwu0jg46jrnqORXN6z4Tu3jmuLSNmtooxdpGJF81hgkyIo6rlTlQOB1x37PTpNOtLcRSF7q32xTTE7mR3Iz1xtyCw4GSSTkcZqDTdVltddS7dEFjM5QRz8okSknHlkAAEY3KQVJ4yeK46Up0otwSklJ62leStGytZr5Wi29W9zz5VKuDs6cub2aWj1ukrPVbau2nV72PPvCMEZuLlNTSdZJsLbOwOUUkDLcnbhQQGPuMkYNfTvga2aTWNMjuNUu9G0GZTa3mp2E582WELl1JjIbLbcENkFc5BwQeI1TRbbxFei/05YLby4WaW2s4gfNjH8ahASu7GSpwVPqDiv1e/4Jn/AT4Z/FTx5/YnxSsJF07StFutS0yyuWb7Jq908fC3r8fZ4gCSWIDKVBIyDn6nhzIsTxFnGEw2GlKlVxE1Hmm5KEXHllaTi9I26vS9u7a/n/AMZeN8r4fyHG5/j1OdLBUuapQSjKreU4RtTUtJPmkmnsrN/ErHwLPpul+IviDYWvg+fyNMikg0u/1K9lUs8YlWOa/VJyBhgxJ28Z6YOSP0ejudB+E/iHRPhvpOsWUF5q2k2Nvp17aT2zDVbm/jDfadQkB8uIoxITdtxySDjI+Zfix8GPDnhz9qzWPCfh6VNO8J6f4lm+zQpeK6XECXAkOmWskT4lQYKIWJIyA3OSPBP2lPGmmQfFm+m0CG/0aLTvLsrO0mkYXEUlkqqW3MQ0SM6kxsCA2c5Oay4y4OnKOIwlX2c50qs6MqqlzxdSGjb6yTe2uzvufk1bIKfirjOFsDgMViKWXY3h+rmip1oRhJVq6ovC+2T3lBTkpQTtGKa0+I/pNsfAvhH4ffDDwZrOs3vg228c3epWjava6rfrc3WuafcN+6dWjdovJxywXaVwM8k46jxP4em1q0e9+E2k+Ida8S6XOspuvDutRQaBp/2qJdz2ds8gXC8qzY5G4cMRn+X1vj/4nexszqfifVNUlsbBbRIL25eVrNIuUS1MrtjHQOCDxng9PaPCH7e/xd0rQ/7L8O+JZ9Cawt0SA27+TLdiPO1bl1O2RQM7mYlhno3b8ryHhXMcixjrVJRrUpzqNqF7wlK1nDmk9VH3UrJWs10v+c8T/RL42y/E0cxy7MaGMcKkXPD1PaRo1Kb91qUY8y95Xu23bdLtV/bZvPEOk/EfULbxM2sy+L7YT2+pT3sxuYGuGJcRWkpLRyBVIEgQ4DZC8Dj4KtdY1C4mFvI5kkyqKrvsePJy2CMZX5u4GATjOM17R8afiB8RPivqem+KfF81xeXMpKm6VY/JwSxaaby8Esy5GZDvfkd+fAby8trW6njhC+YUBe4XGd3BYoo5HQ9gcg56nH2UsJaLlNKUpN2bb5nzNNt2TSlfdybSaaWzv/dfhDkcsj4SyvLMXQwkMVhsPCnWjhLOlGpFRbs2rvZ35lrfRaGp4l1Kyito/tdu0TRqYwA2/fKRw7Eg554wc8cA4C488sNakjaRPtrpNLKvkRZBRhkgIeMDrznJAGRyK9CtfsOsW5sp4FmaV4x9rkzugDjYGfJGMA4GB1JB6YXl/F3gZ/DM6SJcQXFsircLJHHs5c5CF843LweSWOOgHXqwSwr/AHM5OE29I2dne13old6pJdrJo/aMDiMOk6FlGdvdvb3vhvta9nez020WqOji1vUNIjt2nAma8KOVbY6AKwIUsOWUjAAzgDjIwMel2HiG61zT2t2igtLS4VgpCACSVEAAzz+74JbnpgDJJJ+dLPVV8yUPIJYmiztlLEI2MkofvDA54BwB1yOOu0/XpIdJxZB2cFlcHGxI2GPlByF3A7gep+nR4nLvZ8s6a1U01J33Tje/VPzu0rrTZvoxMFeN0046ycW1G6cVbZvd8z11730duSKaGfVDFFE8So0brEMKzAEAKeSFyMcDHUAHnbxenROb6QXccewkCaN+HMe7OArYOSoK8ADGOp5HtXgzUdOltgb6CB1f93Ijpnz3J5YSEAbgCBknIbgYAzUs3hfwyl9dasL2GJ4i0q6bLn5hyVQnOXXoDt3ALj5dxOcnmSpudOVObcYxUZJJptWWr2v6W663sfKZ3mMKMKkJUqkpuHLCSu02opJtJNp63et7p221+xvhFoVv8Efhy3xw1jwb4b8Q6N4ngl0Tw/YajCl3NbXTRMEvY4lDLEwfBMjjORySoJr5Sm8X65rOrXv2cW9sNU1CeWeFmLW1u9zKRHDCDuWJE3hVC44OMAYxv6p8SfFWteHdM8JS6k0XhK3kVbTRowDFHIww2wqTsDksVIOc4b5TmsjSPBmt6VqkYk0SaSwu54WgZ9xLzyMphAcZUqHIYj0+WuHLsLhquLnVx1Sm54icFCVSStThdNRSbbSvZ3te7ej1P549hRwbzbH55Xw88fip1Z4dVar5KNGmouhTjGbVnZJycY2bbW2/X+KP2a/EX9lNrN3peryf6JFqP2mO0lNjdIyB2jjmKkOACMlSQ4yeG6/OVlbQaNd3KkPDlzCsVwpAVkY/dZgCDkBeSCWPOc8f13RL8OfG37Ffwu0r4tWNp4T1HT7VbO48QeFRBPdLBbRfZ4X1YQ7ngRox8/mkZb2xj+Yz9p3QfC+j+NNS0jwXfJrmiWmoTLY6tGPJmvI5JMqJV4DFQCDt6jJAy1fovFHDGEyvD4OphcbSq0MVhqVTkpyUpRdRQb5owfuWv2V5XS1sfGeDPixi+K86zThvNIRVPB1pwo1qUJewkozUXDmUVG8bXW7e6ep8/wCqa/cxRu0bOsUmyFyzkh8AjGclgpHHGDjqRxjGN0L8xmGSRGZwkwQZUIucZ3LkHqcg8g/eOcVLc6bdNGEkZ12vtaHG4KpPALNwOCeVJGDnOQc0ZrGa1lhW23JAqHY6ON3mZBZGwQMZXAPB6dAa+ToYWhSgrS99aaJ6r3Vrouienlo+/wDX2Ao4PCxhGlG05KSulZbJv3kuXW+3nuWZ9eSwmubURJIBGFWQDywUzyHI4bPJ2/MMnpjNUI9agDRSRlChyqxopDKwIw2Bljjj5vvbcbiTSNax3EDfa1YzK53xvktznBVhjJI4Ck465HAriru2ksbsBzLGoZWiGxiFVsk5wDg4xycA8Hvz34eFKTsmr211s5aLSzVravRN/ernqUoUpX5Uo1OW99FK7s0tuz1V2+uvT1E3aySyTB0lfaC5kHCEjPygY5XBGBnP44qnGkl8twk2JTJtlEYUfKiZ4PB47AHsCcEiuUbUHKlFL4YKQFBWXJ6seCee4zjBIAwTjWi1D7PCgZ0G91J+bMjgnD5wMqOOAQOQWyuBjp5Ix5km1fpG22jutHbZ7d77anHOGJUm7uyi725rLRba2366u60ukb+o3ckVjGLXy7XzAluyRjaUVMruJHKk9gOh7d69h+DVhe6Zb3d7c3klq97FLDC8YLq8bAAlwBzkMDluOvsa8VcrqjRwW8ZACqwiOAz4IDEsR1z056EjPXHsFr4p1TRrW2t7O2gjj+zJbST7QVRT90ADA8zOAdp5ODg9vA4io4meBlSw1NNykueTu5WTj15o226apKy7L43jCvj6mTVMLhrKrVqxdabb92nDldmn3aW2r10voquveHNKmu9Qs2vJZL+Scus8UZw4Y7ipyNqsCSOCc5wcV6n+z7Bpngr4s+A9d1XWF0FND1iw1p9Tj2zXJhtZgZBHGxIaQqWAQjnAJBzx9G/Df9knxr8YPhVcfEzQNIub6/jf7Hptpp0sRkvrnHKzWrH7RuPJDBcHHORwdr9j/wDZtuvGv7S/hT4U/EDQGFzfa7FbXFtfuI7m0ktHDXFpKrcqrHgqRhkGACAM/beF2SYniDH5dRgo1LVaKr2i3ClTi480paN8qtJ91azunp+b5d4rZXDI8+w9PH055hkVCpSxOGpSca8ZRjywUYvf2k7RUlopO290vHf2ydI8HfFL45eK/Fnw/wBX1LXNG8QTxX02s6nF5ctxfeRGbmJOFRArA7QoU4BHJOB8HeI/h3Fa3KPDcIFAKNG6DeCCN24HAzxnBHJI5Br9uf28PgLP8GPip4i0uHT4dK0OLW5rewsdOhaOGRYo40EtuQoG6RQA21iNwJA5r8s9asLK81a7nkhntVgUiJJVJG4Aff4PJ+9zk5O0nnn73xi4QxvBeZ4Sro8Lj6UK9Gql7lRSipJp6Ozi7dO/U9Dwn8UanEeEcnOSjGpKiqdS0ZUpUm4VKb6c0JQabTUZLXsn8vQ+AdQkugsZxCGIDrhWHbbt/HnkjGQGPStNPBWpWsvkzMpiPzEAhmzk4HPIPbryc9flr2ea2gVXZN8ZC79yhhlgSuOewI5PUg54PNUJEFttkeVJAy7lLnLEY+Y45bI9G/xr8ZeY1Zx1s7rRbLda6PWy37PzP6GoZg8RGE91JRSkrOPS2+j3bbvfV73ds3SNKt1gEc1vGMFVDAb2VsY3Ec5zz1BBORnvUmvR6XojRXM5s5dwGOEDliMgKB3HALDOPQdsma7uIGuJIneO5dZPIByI1wNynLEgZGAA2eOcZxXkev3WtX10sl7IZiwLA4Bji2ZCkbeASBjPp6E7jtg6FWvUU3JxguV73TXMlJW0Se+610S1s33QUWrpWVk25WcbXTetk7va1rp3s9LG2PEDXGpTXRkjO2RlWNgPlXnYRtOM9gPTPTvrWniH7b5wuZ4kRAUi3DBVmOCy5A7EZx26g9vLp1kVSyYQkKWAJ5xweeCepyCQRnGeAKkdnVULgK+wFdpABwOTweTjg9xnjjmvanl0Go+8pWtbbTRLrr1b6rTqzNyi5W5YpK2+mllba/Xp6aJWPY7aUWiTxyypLGwWUTqB8qsAQFzuV8dAcse2cgrWha6tsjZ3uQyIwdI2Yh3ABUADIz1+UDHPQ4BNeMQ6rd+UxLEgbV8tnJVgCBjqScjBwcDOT2GdG11WK6ASdmiwQu1CWJUEFuDjbz905/HtXn1Mqg9PZp2ad7J6WjdJ3s7pLWz0e7szJ4alO8kktlaydn7uvqrbWu/meoR6zamaZBKwln+dCeQgHJCkgHrjsvTAznjpLDXYYLSSclfnGwLnYxIPDMMYAOOd3T5cdTXhlzel5JvKZhDEo8oryxA4G4kZOBwQD0yM966DTtTtktJEnO52QZ35yB0LIR8vPfj5gMgEDAxrZVT5VHktaztou2/yWt3r0tsYSoQd9ItR+K3VNxvZvpfS61vr0R7BZ+ImlLIzJKu9kMIJB2Y6JjJwSQdwOQN2cHIr9uP2Ivid4D+F/h3w98R/EHiawN5pGp6X5PhiO7hRmijmRpWmEhZpMMAcAAKT09f577O6jjMtxBM5aNmEYHBUP0Jz94D7o5IwRnaBW/aeJLy2MaxXlwokZRIAW2RuO4AIQ5IODznHUHFfn/H/AIeQ40yaOUzxdTCQVejWdSlGMp/uXCcVG9nH3op3T07WaR87m3DGDzeEKWKhFxp1FUXPGMtVyOMmnG8bPz1vfW5/Qh/wU4/4KL2v7Sfxz8KS+G7WC08N+C9FtNM0V4ijyTXs6R/a9zou0xq4wuBgcAcV4VdeOLXxD4ceLUPIL/ZIZJUYFJJJMZwxHcclfmwxA4wOfx9uNX1XUpbcRS7pY3URSMdkgO4Ekljz2y2euSDyCforwn4x1U6TPDqeptGsESK+45mlZRyoPcDGCB1xxwMV4/EnDdf6hl9OrjMRiMRhY04VMRUa56ns4QSk4xSivg30Sja6bsfiXGHhhl+FxWHzPBRlHEqo+eomlOpd815W3UZO3TSyTez3vHnhGSC71HUbeOG4j1PD2caEGYHdwEXPXlc8buTxxmuKi0C6GiKt60lo1pdRZtXci6bcwJcFsFUUEMoA4OBgDr1E/iqBprP7IHmiEZJurgkiGQ8lwCAFPHC8HpknJrx7W9V1W712K6k1KW6S5u2jBjcJEuGC4KAjdx1BGMqPSssBg8ZiqEaU3b2cORzs07QtbXu4tNtaLmsndWPVyzA4yph44eVRr2VNqU0m/hSWrtG6cLXauunQ/SL4ceMr2/0my0ZJUnsNPihiM4+d4EWMBhKpGwk4IORxzgEjFc98Xf2e/A/jPwzf+LdJRrHxXb283ywxbEvpl3ELJGo+YS9QQMgYyB8xrxP4ReO49Av73SpxDOuEfdvAe4OAXRsccZIyBxjABPI+nf8AhZVrKTFZ+WQebmNnQiFGUqr4LYJU5OAc4yxPHP5PjsHxBw9xFHFZX9YhTdZSlZVXCvGU0pxkrNKNtLttdex+O4uHEXDnE0cXl88VrWjKXs/aOnKm6kYyU0k09G7uWjt3Pyw8M+CdW8Qa8fDMEYt9TSWaExzMYo4jGSjFiSNrhhkLnr2Bxm54p+FWu+Gr0QX99bSwO4k3W8scjYhbLF8sWRhjG1sZ9wxx03inVzo/xM1vVbK4Z1nvZZVlQtGqbhztZSuWB54BVxkEE5B5HUfEFxPJeT3FxNcJcbmZpnY8MxOI9xLL74y3U4wRX9I5d/aWOeFrLlp0KuHpSnCSfOpzhFy1e2raWuvVt7f1vlCxeNw+GxDmoQr4alKpGS9+M5wjzau1vebWlney3sa3jP4ia1r1rpelFYba20axTTIGhWJZJYlXBZ2ADNnOcEk/NkgZGMbQfF19o8culW4iuxfqIo2mZN6s2eQWyA2TgjAB47DjzS5uRJNKzNJHhspGTkHAA+92GOc8j5cc4GKSXLJOGiVwY1JZ1bnOMgqQOGYAgAZBwSR2P0WHyChCm4wpxjOT53O3vOTkm23aW7+SvddD36WT4WlSXs6cVKTUnNWcnNtXldJybbXXbomrI9P1PQbqSK71C4EzzgDzYIxiOMkHDKwG0gj65OeT1Pu/7Pfjr4C+DPDXxAsvjn8Pp/G174k0prLwdeQXHky+HtTUHy7r93y2Tgkt1+Xkda+e9I8Z3VxYnT7y5jiiEJCtIQxmbP3GY8nnH8WQSfm5Gea1XUoTcDZtZmOW8sAopCjhRwRg++eTjOTn7DhvESyvEc9fDUq6jCVOKqwU4tSio8yUrrS907eisa1MBXrUVSc50ouUbTpuUXbmjKPvauzS1vrq2lqyWLThqGvWmnWIgitNS1Z4LE3EgKRQTXLCBJpCeDEhAZmwMqx719jfF39lr4f+BPBlvrWnfEzR9Y8UTWlrNqXh8TJILYTxKziLym3FkZtgwSM7cEY4+OtF0m81tR/Y9nfahqEZkkaKySSWaNBkCRVQEgqeQV2lTnBOCT6lpXwq+LviW1iktvDuv3hmYRefc286sAMBCZblTkLjJHABA4AzX2GU4nIqOHx0cVlyxGIr+7h6jqWhh7q91FWu22lrazVlqfPZzhMwljMDWw+ZSwtDDNPEUIxhP6wlypc0rc0VbRuO7d3tY8Wg0mPS3mUiIRSmRWZwQ4UZy6HAO3uMe3APTInEa28nlKvl+aSkiFfnPAyRkkgk8DaCOCMdK+tLj9lL4nrp6T6zFaaa537Tf3caDawY5Zt4UgLnIAJyO2BjxrUvhBqWgXctjqGq6RJkFbYw3iyrJKOMKFJC54GSOuOxxXj1cBGpJyptqLk+VXv25UntrovW13Zo9WhnOH51TlKKmoxtLZ8zUdL28np3sk1Y8Mgur7TZ/NVmjHmASRsCytHvyCVJwAwOOrEDGQe/o1rJJZTQ63p4ilhZV88KSoQsPnBQYA+pGc+xrN1jw3qsCJFcIrZdkV4v327acbAVBzyvYnJ545qno+oDSZZbS6hke0KbZo5MLhzgZUEAZPBOAcYwCeteRjsFFP2covmaWrVnaSi0ku/wr9bH0eFqwxdPmT5lNLdtO2lrx2T1Wyum9b62+m9OTRvEei24tb6K4byi11ZB1Vojz2Yl2YH5eDgg8gAiuQvPCos5YH0+UXCs4ZokYblUE7lcAHGBngnAPzE8ZryWC/eK4M2m3DWeSnltEcLIoI+R1XAyem48kck85r0fTPFriNYb4pDcxEus+RulBO0hV6HcOQeg7jkEfN18rnSU/YSfJL7OuqfI1vq9F2W6d9rxLCypPnpTad1Z6p293VX0fwt620Ppef43fFMfDOH4NyeMdWuvAEFyNUsvCdzcPNpsN+RzJHGWKR4BPCbcknjucfwRpOoeJdX0rQ1vLXTproBp5pMFBG7bCzFvlQAEgAZ4BBVhxXnp1nTpNMLfK8ocMsh2xzBXGTxxlQpJAB69Bgba9q+Hvivw1otpZ29tp51HVLqWJ5L1sNcw2vBmRA3qo+XaeoHOMivznM6NTCxq+ypOM5S3gnFt+77+nvO700uuXo1c+O42zPHTy+rCFWrKuqXJRSk42tyuPI9JfFrpfS99rn6bfszfBDwv4Xsdc1/RfFdrofifRGlW98R6pMlvaXUKr5htdMhYqJ5HxsJC9DyvFe+fsg/GbQPh9+1RqnxD1vR73x2lvp0xfRbCzKmadriMC9iihj2FQR5hO3HIz8wOPyy1nxjf6veRN4WXW00OyMTTwRO0sQuMjEl55fyRRhjjD7SynvkZ/bL/AIJPfs2fFT49/FvxjeaE2gaXe6N4IW6n1K8ijmjhtLkxtFiF1J85lG5m2nBHJBJz/QH0XaGTZFxJmud8R4qTwuKwlaGNk+aFOEJxSjFOLi4Ss0lKHVczWp/AXifk/E+b069DCQqY7NsdWjSy/CUYc9SdaMqcnNQcXBqKhJt2V4x1s2z5e/bh+Kd38YvjX8Qr7wz4O1KHVPEGp2sml6QsbT3Yt3jCFJLRVZ2uVLgBVQNwoJzg1+Z0f7OXxB16P4h6ncSQ+DpvAtot/q2leL2XQ9SuYnHmAWFjqBjnuGZT8oiViRypJr9Yv279V8dfsV/tS+JdY8JWGmX/AI60ewhe712/tYrrS5JZ1DJqNhazo8IJYcFVGzacGvxf+M/xs+I3xm8V6r8RfiV4jm1DX/ELxtqQgVbaFo4iBDDHBb7IhGgGANp46jIydfpKYmljeNfbYHE+2wby7Axwjk5S5MFHD01QUXdbU3GSlJ2b1d7n9CfRdwccHwBTo4zAYrC46jjsXSxscRH2cni41XHES5YtqMVXT91uyWi2seCaukBuWtg8ioy7nni343hSDySDgnLH0XnGMAcvZ3R0+5CWl4bguXUxhjtT5iFDKOGIAOMAAtycE5rvLmPSJbCT980ssrb3bJVogf4jtx0zjAIBB5GemXp9nounsJIWW4Z2fMzR8hepGD3zkA8YAJ9c/gNJtU/ei3azvZ2fwp+9e11d7paH9LT5Y2m1ZKyi+nRvVNL8LrS+ibbZP7GuYHvZZJjPEvk+S+8rJI2RuDDGXU9OpJ/vZ44uwthsuJbeN2zMUeVwSgQPlkYNnkDGfruHpXoqWlpqlveG3iMZUkW3Ckq6kknYvL852kgkYPPBFV9H0lYo3t9VU29rtd2uQCN5bgAoeMckn7pHQkkgV2UMUoxcUlzJ6ptJ68qurvRpNrTTVK13plDFKPO4Pl0k7NJaaK6d9HbtrrotWNju5orZWtSjBoxGAhI2yDHKjIwy9m2/SuXvr2NJZxqEX2mNQryTJguoUZADcqQxJBA68kEYr6c+Hvws0XxUl3Mb4JHY2ZlRI9zGYNuYO6luGwDleeB+fztrFvHp2r6nYQQxy28F5LbhJFJZmSQgOQeRkd8kclsLjJ9CnQlGCryTtJtpqzSta70ekb2T0V+71MMNj41as4NOUoNN2d/Xa6tqk2nrtucdZxR6hqrXNtbvFEFUg7FEXlLzh1HygkAhRzwc4IyDt63rWom0kGnq8ELlbc4UDecBH2gAfKRgkA5A5GAcj0S08KX8EVvdWsMc63camSKLAEZK5wwABAT0I4YccEhuD8UQT6TOYrjA2q4cFSsKM/RRwDvOeeO2GwMAc0pwrVkmmmr6arTTVXi9Guru3Z2S1vdScZStqryVop2d3Zq22mr2ttbSxy2mO1o6I9v51zI4LybQMIyj5M8sTgkZByemSQA1jUbu5mPzW2yGzLAwzHzBsb+JlbLAqenBGMdOQL+hPp8kay3V3ELuCcGOFjujViwJ3MD83HY9gRtz1t+IvsEs8i2wI+0lBLNG37sscMQAQcqTjBycc4AGKwniVCqocjSUdW21d2ilta6VrXvo1fTQ8HH5j9Ukuabj1961k7Rau42vZ7Xv09Hwl2JNV2WViBK4beY0Ta5O8/IpIzsAG7ceBj05rU07QZtMMhltp3lk2vvVgxty4AY55AAyRt6kjj26XwwINL1F728UR+ThYgUJWWI5VjkAYJAYj14288UeLdcaznm/suLYt3tbqCShwQ6rg4K7shOpHOCOK5K+LrTrRoUk1Ca1kkpWV0nHXTXbVrz1Z3YLHLFwiqbupJJNXk2lZX323ve3dPe1JNYks0a3cTTykgWrSFt6YbBIBBCgNjn1HU1zlzqF/dXDXFzOPKjZ1YS8ZJUhQBggcfxAdTjJ7UINVkurqPLJ56SYldvlBXOWRQflDYOB1J5wepr0eSXw3q2mm3mgitLwqsccoXIfZyZPlON7MWG4jnOCSeaH/s7hJ0XJSklzRT5V8K89b777aWSR6dONKEYvkVrp6aLdXu+stLN9nuunAvfXMqFkUW4RFEajYElznlsgjOM8de+MnA00u7x4Yra5LvBcRgyPHIXEKnn5RnAHXoCQSTz0GDqMjwpFZ2iOQrMjzOrMcZXD+W3U9AOx5wMjdXAXus6hpd/IvnSsA5LDJCADIzgYVT1yCSO+M7a9KjhVi7KCgr2aTabv7t76J21XzUnZK1uqjSVROUXay2bT6K7d0nrfRJJprezR69pV1c2kuo6ZbzzzG7UxR9MFGyCMN90c5BJOT05Fcu3hE2wM73ZEZuGYW5JE4JOdh+bGAeWONoByOnHM6X45ltTcySLEJGYFXfKyOoOdodTkMMEZGM9QTnjQ1fxlYX3lS2sDJNEgaRmkyryvgHOd27rtAAJHQg5ruhgq9GfLFKELWk1za25XzXenR2sl67G3sKlJKV3e6TbV043jvzJ66Oyvfqm9b9/c+ITpmjxWMCQJNsw8kTKcKMbjJjILBRyTkhuBt6Hd8CT3dyjqrJKHkZzOcALvztl/usdx5A6dueK8v0bRLzX4ZJLESPMYyzBgdq7+qhWHzE5GNuWPUZwRXrXhzSdR8PaUYDaOsc6kvJIckMvDhBncGzyBxwDgYxXnZtVoUqE6UailUlf3VJNtvlajt6Oz19bpEVVGySSU97J82q5bWVn57tNXv5P3Dw9dXumQGC4slkN8Cq3IYLIiZbDqQAMMCGwfQjIBDG1caNoWp3g3LMbgKPtESgCMhuZGynDSfMcYyVI+Y9x5xa+IWAWxjZ22skaSsXLRvg5UgngjLAkEY4x6DrrXVDFPabpkDps85oTl8k/x/ePPOSc49Ox/PJ0sTRqurRqSi3paLVldrlsl01u21tpdPUcIqyjfZJPZLW1tVFaXd7tNPVNXO1vvAXhiey/cX7Q3lmRNHBsy0oYDasnrgttIC9McZ+7seE77xz8KtQ0rxT4c1ufR762uFZLi0JWGWNDvCXSD5GRgNpDBgQcntXLT+KrNJ5ZLZQbqL95K7AMpjUDqGwORztBA5GO1aB8RQ69pctil+tspRpXSRtwkkcHAjJPCLxkA7uRxySfcyvPcwwdvrEeem5JNydmrNNJXfxNa202+b1jzwf7uUk3qndPZp2fvK7e1ktdtbq/37ZeJP2dv2tPDcWn/AB+0ey8OfEaOVLKx8a6NBDai9kfMaSXhQIkhz87mTqc5ORz8kfHL9iG1+D+q2k3hnW7TxPpD7b6z1fTn8/fasQ6RXKxEhJFQAFtq/MO/IHmFhI9lZEiVoUiAMJOD5kkZ+WRcZOCSNuDngd+nt/hf442GjWNvY6zfy3JuY2t57W4k85RGwKBYRLu2fe6AYPTAGM+7T4vqSrRisO5U1ZOa0lvFNve72sr3W3RM7p4pVaXJVhaXKlGUrptNpebTaW+ya+aqeARdRNFZTESPEYxFIMFk5w27IzjHsCCM9uPc9e+HHhPx9pyWPizS45pXhdYtTRVjuoTtOHWYZ3EcMFJA55BANeW2M2h3N6+vaJcCG2uZQfs2VZlD5UsEHKAsDxj9Aa+g/Dl01/Yw27lE2kqgZjuLYJXk8smTnjPbPTFfquR5hh8xwsU1GV4rmjPV3slbfR+drX0tZ2PnJUatOvz05OCbv8Su7Nct7K2t1fboz4A+JH7NPivwCk2veFzP4o8LpvLpErPe2kSknDwJywTrvVRgcMK+UdUv4p1meUzRGKR0e3kV0eJgChBDYKkEgMCCARjqTX746Yl5bhoZocW6uomxH5sMyPkFZYzkYK8HA65z3x8//HX9krwh8U7O/wBc8GLF4V8ZC3aeO3VFh0zVJVVn2vEu1Ukk6BlwMnnoK58xyGir1aEbyk03Ts3o7bbXb2fZ2v0PcweJnUajUVuVdb62Ufk+Zq+i8raafiZc6qbBiIpzPFKxDRyeYSqgZxjjaDyN2AuQQCRXKXxtL95Gs5EWeQHfAFC8gkcE4Bz3HORjngZ6H4geH/EXgTxPe+HPE1mLDV9PkeOaCVSEk2EhZYWxh0Iwcq+OeemK88Z1DC6tpMzbmyigqcrzlepJB4I4XORwc48qlhY0mvdal1v0+G6s1qld66NX0029OLvdtP5NWaSjbou+utlqtrn3f+w1JPF4z8VwTrtYaYgcYVcndzg8dh97nj1xkfqzp0p86KOPAAZGxtwcL8p5xtxn+f5flL+w3NdXHi3xTJIqMy6VG25Tlm5UFiD6dCDx3JPU/qzobqbpFwynKBg3K4J4Gfun6luuMgDr+o8LSccDqtVNqLdt243WvReV+rZ4eOlCOIhe2qUdei0a27LvqujSev3D8F5PJkt0O90kAxzj5SVDZDDBGM5ONpwPmIIr4A/4KJeKoNL/AGnvhJb3EYe1j01UVGHzO7zIAAvTkkHjPPI4INfoH8GplWSMuAVUbV4xwTwD6DBPPPOOSMCvyi/4KoaumkftJfDPVBumXTtKguPJAy+5JomUAE8sCvHUEsAf4QdeI7TwFTVJrkvutNE1Zt6b79NHqfZ5bWUMJSaXu80bPV3u47pLVdWk/LyPlHxp8QU0r4leJNKltpFt59VSTypW2iJJBvACsMAEYG4EdAc8HHomkeLvD954r0u4hdFjht1WWMONqSYGQwXglT/EBjPrnB+KvHXi3VvFHj7VdaTSJRdTTRunmI4m+z7QBJIm3j5SDwMZwQc1PZa7HpU0F2klwL1ZTvjJYHe5yFI4ypbJXcOCc9K/C8Rg4ynJwsmnq+i1jfRdXorb9Fax3VMXZ+9FpKSteLTXK0246X1tqldLdW2P0/n1+3uFSzWS3Nu6n+IOV3cgYOeOPlJyFAOc/LXEeJLWxuUks5tMsru2a3l3N9kjMgypzh8MQeeT79SQa+S/BvjnWL2+YTQTzGPDqULMyMrY2kHOeODwefl219PeHvES6haOJvKtrqSNxHDc5SQ8YY5Y8g9CrEAE8fMRhYXC1KSslKUpcusb91daXVru3TvZLVv6xzwU5tpRd2+yTV1tdq7SS3erXW/9tf8AwSK8N+A3/wCCcfgvRbzRtNtvDt7qWvya9a3NrBMsmVLmRxIhycruAP3OcAcY/nJ/aItPFC/G74paV8L9bu5PC0PjC/gsEtFjgs7S3S4KpCqqADt2kDBxnHIwTX7M/wDBOL4s+DrT9htfh/p/i+zGvWFvrmpavpj3kMN1pcbQuxkCyvloyxHA+cqSFII3V+GGs+MH0/xr4vudO1Gw1GHVdeu90sV0HVX+1SLk4bhupLcZ7mjhvw4pZpnGNxeb05OlUhy0oydopTnzNpN2aSsuqs9T82zjxJzzLa1fBZPJxdGbnJtSlJ2XIox5dErK7Tvrf5ei6Ovxe8Nf2Jqmmtq41KFoZLm6tdUmjM3lc7njilAITglSMZUBtxwBsftP/Gbx9+0Z8MdF+G3xO8Yarr1j4VlnubXTbyXfJZPChEbKCWLEEKMkHIAB9u8+HE017ZtqNzdytFGVjlRJlmVg4OVj5ICj7uAMg57ivkrx9d2sHxI8QWFu0jtOlwVhlyskaFByQTkZBGV+XIPAI4qeJvB3h/IszwGdYSg3VVVSUk00pLlfMnGzav67XW7R7vA3ifxHxLisTlWcqMYwpR5FOHLJK8Yt3tFu9/LVPdI/I7xV4Pls9dubSJi1uryJGzA5Kq+EJfBJB4XPAU4ABGRWnpvw88TT2az2Vp5m5v3bA7ZMcAZA5ONv3QuCOp5zXq/i3Tpv+ElugVQk3h2ZwMRiXAOD94HLcEgY+hx9R+A9GjXS7WSaKMEKm9lQEhjGPbIwem4fMSDjg4+wwGFlNwvdKKXk0vdt/wCA628k+h9fnOWUqcOe2s9dlpe3e9r76u6t2PhqXwb4ptoxHqNnNFuX551Q5jxjGSOT7hjkc4yMA+6/Df8AZ/v/AB94F+IHitPFNvpc/gTR5dX/ALNnVg2pxQIzBByCpbAALDPG3gmvpHxHpFm1jKrwrMTGGBK7WU42jHykkAZwQOQC2RgGvTfgR4dhufhl8Zk+yIBceGLy2yAFLRorZyO5Hf5SMA7icDHtSw1Wm1KLaSs2tb6OPZ79brbrsmfKYfLqFepJTgpLdc26baSv21s7vTVW7H5GaL4+vIpYI7gMkib1MCBnjkjDEBg6liWIXcQcHrxnger2Hj5ZGi8tgoXhlYtCw6H+PG7aSOcLkZ45xXo/hTwF4U0q4hmi0qKe72yF/tGyRdwc4wHzgFjjgZ4LZU8122p+D/CmrKRd6PawvIMA2iLCySYxk7FUcZ456Ads1y083rUJLlnUi4tq6k1ZK1nfRJ3Tv16dUOrwbgsTTl7ahQqczekoqWia0fMvmutlfYyPD/xEVWjSa6wAiqsU5EibdxJAJB3A9QMnByTt6V674a+Jeo6HeQaroGr6t4d1JWV7a70LUp7OXIJbeTBIg+8c4HQA9jivma++FOo29zJLomoKYgS8cM7EsB/cycjpxuzjqpyQazW/4SPQ3Mmp6ddeXAQFltWYqQo44BIx3OMKMEcjJPvZfxbmOGTlRxEp3acozbakkotqzeuqu2mrrfXf4vOfCbIczjFVMDCjUimo1KMVBxvy8zTstU9tN9UkfvJ8Af8Agrv+1n8DTZW6ePm8eeHYtgm0Hxdtu/NhUhTEbiTMwJUdS25hwR1r9TfCH/BVf9hT9pu1j8M/tc/ATSvC+p30aQy+J9LsIlgDuMSXAntUW6DbmLBnkYdOGxuP8cVh4484MXlJ2EYhuB5cgJPALHbk4B+vcDG2vQ9O8aboU3nztwAMUoBYD0Qnqn8WRngZz2H0VHifKsyS/tPBqjXa/wB5w16FXm91Xcoct3oviurOyXf82xfhnxFkUpSyTNamIwsdY4LGxWJopaXioVNVHWz5HGztaz1X9eWu/wDBMT9kb9oexfxP+x7+0RoFvPcI09r4T1zVrSUCST5o7aKAut6uPlXDqpXGA3r+bfxx/wCCcf7U3wJku7jxF8PL/XtFhZjFr3heFtYgeBSQZitr5phQr82HwwBGTkDH5EeEPiX4i8JXsOq+D/Fut+E9SjaOSK40jUrmzCyrhixEUiDBJIxgZwAR0z+q/wCz1/wWc/a6+D8dtpPiHX7H4seFIttvPpPilUuZpbYbVaMXDK0jF0GPnY5zznivdwcMPiYXwOY4etBqyo46KhU2jZe3pRs7/wB+m7/zWPAxmZ59lLUMfk+Jg4tylWy/97B25dXhqrjKy0+Cs7a6PY+QbvQJLS5ltbzT7qxvI2Cul5bvb3UbggsJUlXKlSMHo3THNdNofj34ieCwieHvFOr2tra3Md2tlcXMt/pMk0RzGGtZ2kijU42n5FGMdO/7c+Hf+Cgf/BNv9riGLRv2jvg5B8J/FmoKIJfE+k2kVtax3Ui488SWAjOFkbLPMGJ+9823m14z/wCCSnw++J+j3Pi79jj49eFvHFncwG7g8MatqltNeGNwZFt0EEuIWIOzNwoKnKnGDXBnORYHFUlRzjKYSo1ErValCFbCtTtdqvBTgk7NJtwla2lz3eGvEDF06qngMxlTxEJe9ho1J0MXDla0lhqzjOStvyKpG+ibWp8H2v7dmheONAtvD/7QPwd0PxPctHa6ZceM/D0UVtqtvpUAEYQIQERvLJyYwCeepIr4y+MOgfBbxn8XvD2j/CC/vtN8EeI76yghl1+RLZtFvJlxcQyNJsUwiRtvmN8i5xk8GvbvjT+yB8f/AIFXU1v8Svhb4h0u3t9ytrelWk2o6RIqEgzNdW0ckEakkFQzADp0ww+XL/RLW/tjsNuWgGQ0imOaOXP8B+RlcEcn5SCeg5r4XD+GODwM8Tichr1MJ7elJKlCq6uFhJ2cZwo80oqUXayi4pq6a1P1iPipUzClhqGcqlivZzi3KUFDESUXFOLnZTfNfd3et76HsHjb9g742eG4Z7/wzpWn+M/DdqTKdT0W7gvFaNwrAssLSLISDghcnkY5Ga+DfiRpnivwFqDWmv6TqOiXUG8rp99BcW8jAEYljWQIdmOVYcYPPFfW3hL40/Gv4LwuPA3jzW7S2uTufSdRnN/p0q9QoW4MiIrEADaBt654FeYfHz43eKvjPqWh6v8AEHSLVL6xhS0uptNt08u9gUqJJXJAYOwxg8AbgV4ANfL4XL+NMoxs6OZ08PmGASk1iKEJwrLl+GM6LclJ+ae712Pr3m/Ceb4eFXLp1cDipcvPQrTjOlduKfLPR26pNW3tbS3ypf8Ajm2n0u509zJDPe24Vg4ZgAVIzkkAdSQDlcHng14z418EL4gn8O29tJBJJbWLzzFgWGxgTuAGfmwMbQc5Hfbg/oXp/wCy54V+I+kf234L8beF01eeOFo/DOr332G5jeXCiBGuJVVnViAwH3STwc5Xyb4g/s8eL/hR4q0zw94nsp9O1m906KW3ntJU1G0uLZkJzbzQGRGAADDrgEf7NenSz3CZg6uFn+5r0E/3dWEqclytJtKfKpK71autH0VzPEZJjKPJiIKNalVUVGrQnGpG0uV6qOil3TXS9mt/lz4Y+BPFvhzxHa+MvDnhTU/FqeHL5jfWUemXNzBHEVbc9w4QrECQxGRuIAIBG7LNd8ZeKb/xLe3lyj2tneTyzvY3BeeCzhZyfswEm7yo0IZdo27eEwvUfcXw0+LPxD+CE80ngrU4kubzfbalY3mn2dzb36FWTFxDcxOpZUZgQcMGY8gjJr/FDxL8N/iRbeH4P+EIg8I+K55Jh4i1jT1T7NqMkrl3ka1UeTFksSAigc5GDxXyOFzbiClnlWnVwtCvlmjw2Jw9dSqwkrNxr0ZNO0nonByst7XuvRq5TgXgadRV6tLGL+NRrU3yzu42dOSTSV900mlp0R8q6Bo+n+LZbeS58O2VwsSN/plqogdGBO1wCFDY44bPGT0yK+4PgovjX4Yaa2r6RLBrEj3AnsNI1Y2lxYqhJw0KNuVHwB5gwoYjAAB485sfCvhGGzey8N3aR6rBA0CpcZjguGIADsy/LhiSDuGOeamu9B8f+A4rdNf0vULOxvbYXNhdSrcCxu1f7kmm3JJikGBnKMQGAwGJzX1ObVcJnGGjhcZCnF1k4OnVVk24xTkk3rZLmi1dRd33t5eCw2Iy+q8RQcnGm1J1IKTUG1FKTvqtE2tknq0lv+l3gX9qHULW1tp9Y8NSaFexXDDVJ/D+omKJiwbc3lBwiEMBwV24AwOK+RvjL42+J3xH+K114z03xDca3o0EQsV0rUGtJ4l0piQ9vKku5ZXCsV3EN1DDHzV4DpPiDULRriVpZ4kJEpMssksU2SOJAxIJBJzwckdG4q9/wkFxdyzXIuRZhv8AlpbMUjfCkFZFUg4I65HOcY4Ffm+G8PMry3HVcdgKNOjVrxlF2ejjJpy5X02Wt1vvqz6CtxLjsVShRrTlKEZRk1KX2kla6btbbotdle9/1o/Zi079lDxD4TsfD3xc8HN4C1Amf7PrGkSRot9c3B2SGZUHlrHKM7kKjHQNjhtjSv8Agm54a8KeK7v4j/sz+Nympy6jdappG7Vmh1DTZnYus9sIplU88bJFIYdsnj8l/CfxD8YtJN/Z4s9QtNMvEAjd2kYkbeEWQ4BwAAAAOevWvsfwj+1brvho6e9wuq6BcI0Syy6flYY3TDZGM7h0JA468HFflPFnhbxNCvjMdw7xDj8K8X71bB1pPE4Srdq0OSo3KK6e69E7bXPqsn4tw0KEKeKoU5qL9yTWq0jFu32dkrLo+jP0Lsfi5/wUa+BMV2viiysvi/4MSZLmez8S6THrUbxwqjSwoII5Joy+D8zk8knoDj4a8SftMfsx/Gz9sXwx4u/aP+ASfDTRdL0ObQ/EkfheCS0WfUrzMdvqsumxIrRR28rg7lRWz95iSa+6/hF+3xqk1vFby6rpXiGy+ZLu11dEgmuF24BbeApc+rcMep61ftvFn7KPxY+Ier6x8U/hlYWuqanZizttWsrO38mfevKu9uuAFL/LKfmVs4ZScn4fKq3FPC1PF0s7yXEe09jUhDF5TVqUZylLlXtHSvyPS8tdU7ux7UsdlmOlz050nFtc0JLbWOnvadNHe6t1ZVh/YH/ZN+NtvFefsyftEaPBf3LTXSeGvGWoWttLJIdzJbRwNJHcK5DbFZ+doGfm4r8pv2iv2Pf2ovhZF4ovNT+G+q6xY6fq7WllrHheFtdtLyzhYiOULYefJFHIMNh8YB5PAx+wKf8ABN34K+Oki8QfBD4iXPhvWxM91p9rBq5tYo2ckpFJcRTLdDBACgsDgZwDXhfhj4Sf8FIf2QfHOt6qPHk3xA8Bz38l9Z+GdXkfX9Jv4YmLNZyicz3CK8YwDwDkAkk8/acOeM+fYFQw1LNMPiY0YpRy/PYTwuJbSSUYYmHuuUW7RcotPr0Ma3C+U5hCrUw7UKlRc3PFRUYTaVnPXVdLRV76rVI/Iz4ba5qHgjw7bv4g0+/0vWhdXV4LC8tZbO5tXWNl3GKVFbZuGMNgqcZx1Hzf4+8Saprvh1JjP5n2/wAT3eoSqmAFPmNw3AycHOcDI6AAMB+9/wAW/wDgpZ8FPFvh7xx4L/ac/ZDi8G+Nr3w9fWXhzXtC0K10yJ7oRtH9tV2hiumSOT99lcgheecNXyZ8Nv8Agnt4N/aH+Afh/wAe/DX41eGZ/Fut69ImkeELy6gt7sedOTHZX1mjpdCVFYLHMF8tupJzz+85N441JZdGXEWAr5ZhIVIRhOlKWKw9XnSftIToqVoqzvzLRWfR2+DzXgOk7ujKnXrJe9FWjU05X7rTk3rZpJ320Vj8otL1m8sda02S3u5oJd0ZEsUhjWN9vTAwOeu3ksDg8Yr6Btfir4rtbcWs01rqUKMRi4QJLyw6SphuR0w2cA9cCvWfjj/wTS/ar+AniKFPEHgC+12x+znUI73wvGdWRVVA+JYLcSzRjGfTrnB4FfJsz6pYebaaro2pabc20zQzRX1jcWssUgLKyvHMgYbSOhI24Cgdq/RMu4u4b4gp0a2BzPCYic9VTVanKUVaN1ODblFxT1Uopp3Vlqzxcsy3F5WqtOeHrUlCVryUuWVrXbezTd9/s2d09Td8Y/Fi+0nV9Dv5tMuNStbzULZZbBryWSKD5gmIDIxZSwPOWIOcbTjn6ye/8FeJNKtbh0n0C/mRA9sEVlQMmVZiFGGyQWPVQOcHLV+anxH1l7bUPDFlbMJZpNQhlZGyWYq4OBlTg4IIXHQEnjBP2jot5cTaba3N0VEjRRLIpAJAWMckFRhjgAHHpk8HP2eQYajicZVUHGdOCTVlFxXMo3+HW8WtLtaXVk7o7MPialOpU3V3e2iVrRu7pRvbe2lkz3rwlp+u6c3m+HNdFwlvIPlsLsKwXIIMsfmYycHI/DggE+tWPxT+JujyuhvftcKL/q7lFDqMYIJwCeBjCgnORkZBr4R+G/iKeLxV4qS2uLq3fz4xGkTv5ag5BYRk7RzyVxk9c9j9KQeL9Xt5gGnt73KjIuYgpA443AHk845HOc4GDXuYXhDLs0xNSNfB4erzycbypxbWtrXsrab2b6PbU+s4f4jxdGd6eJqU1GX87srOKVknbWy016aPU9iu/j54v2c6LbtvVlaSDJEbf3mUZCkAjjBJ5GM1gWXxwmvnltL3Tm+0lnzLGGRTjIO7cAQBkDIAG0A8DhuLuPGEPnJc3WhmMLtVprEgxuWyAzRFfmB5ODkkZ43ZIjg1fwhqt9JDHe2Ud1sJe3uWjtb07uPkQ7CygEDIAXOSK+oyvwxyLASjOOEpUvfTT5ErN27/AAryfm7H6Rl3FuYc0pTxMp3097e97pbvpq7rfo1qdVeeOIpP3iqm9jgbVZcEdumcj5hgYzgcda+Mf2gPiUILK80KBZPt2o2twFkRwPIQowHAOBgYIPcknvX1FqfhGVUjuLHzdjEsqoTMCSCA+ULAoDk5zxxjkA185/Fn4PazqtleappwtG1FYVSZ7kOmIZGxJsVhtB2kYIPGMcEiv0GnkODoYWUaMYxlTS5FyKSnHlvKMIppObSSSdoxSd2RmnEOOxEXBTkuaymrptwaV0krXlZaO90r6XPOf2fvg18Q/G3h3Rby/urzTtDtL2a582eVS11CxZkIDgEQsAxLDIHXOVwP0Q/Yn02e3tviHp8Mb21hbeMZbO7Iw8UoiIBZcbsl8kt168Vu/AVbfw34F0Pw/qkdvLMulw2wlRA0Y3xtyGUYIVmOQwDYBLcHB1v2TNT0fw5qfxV0ea7R/P8AiBcSxwyoIwEkeNyI2bBIyT82enPTp7WVYGjQq4NQoK8aclKbS5/coxUFLS/ZNxu7XV30+l4arKjPB8la9WUbSvJOcVGnFKLtpeS03u97H9A3/BJKwik+K/x7RU2eTY6FHtSMRiSMTEgnCgE8EnB4B7iv13/aH8NWWp/DLxIt7aWd2r6dNGsV7DDLEYyrZDBlJxtOePoCDkj8m/8AgkFeR3vxV/aI2SRsYoNEUIjK3lp5hx8w7ENn8SetfsH+0KpPw71YKMyCMnZglWXaeMA/dxkkenUDnH87cWYutHxRgoylSccbgVaF04qMaN1rsmrXvv1voj8K8VcTVnxJmslOacY0tVJprlpwS1vtF7LRNpbJs/jK8a6L4V8K/Fv4leG4rTT9P0aW5jvYY4FVbWO8YguY4D+6A3HL4UYI+bJyT5ze/CD4XatNd3V8uh3F9dKGlWa0t3VwQcFCF+XAPP59snrvjgIb/wCMHxDN5PbLt1UpFHERFIURssBvKn0GR7HOTgcxpGkaawE8bMG4UQsVbCbf7xJwAQCOy8E8jj+tq2WvMcBSnWXPKpSUlzRk7NyVtUtfLRJLsrn9O+EecW4PyuOIUKi9lBzlUu5XTT1e70037dtfP9Z/ZD+CusRTHVNIjmjuYiA9o4VVLL92NASeNw245AyQcV87+Mf2OPgV8KtPu/HVtp0iz6TBLfBbpgYFSIFiAJflctjhWBfJxtJr9ALQSJAUTbsQggyMMsOMgHoDx0yc7ixOc18yftXvcXHwl8Swi4EcUlhcZlLE7dsbMY1ycqCcY4wcd8nPyGK4QoQpVK86FKc6cZzpycI3jJLmVnu1eyvbS9/hZ9vxC8rr4KviFhqKrxpTnCSgrqSServd3em347fnx8Hf2h/A/wAQvj74N8ET+GdNtfC2r6pHpSXciReesokEXmc87GblhwDkg4xmv6H9c/Z2+Gg0G7XTvD2i3lvHBEizG2hWYt5YBcMEBBOCd2Sdw564r+Nz9k+2u7j9obwrI0bSvouty6mjdEEcEm4ErlRgEMMjqwBAJBNf1vaX8dLKbwhcLeP9haXTZJhJJIFV5IY9pVAWGSQPmAJwCeB38Hh3CYjFwrVKkYqEcU0l7NRioJQTjpG1lLvzPVapn4dluY160q7qzSXtXyxsopR91WWlrXXdvW9tdfiHxp4H8F+CfFzJaGPT4GkYMkjAxtI2QAp9Qfu56YwQOau3UsEdvbiGJpUdQ3mE5Ro2wQwOSMHkADABx0Nfmn+2j+0ebjxfpOiaPfSGaO7+0STwyAZYyA4coQcccdQMYJBBr7U/Z91rWvGvgTT7y9cNILeBHJzIWXYCWJJOGI7Ack9OOPYlHCyxVbDUIx56KjOcoR6u0pRtay2SWi30tsRXzf8AfTw9OonyONuWz5m+WT+Fdktd1fddfbNPuIJl8lY0RgUb5vmRSOQCMHnqMHuRnOedGWFbqJ4DGmFU7zyDkZBVc4HXAPoe4HTobDw3AigLlQVEj71KgsuCQDgDPUnqMHacda2rbSIW8xzk7Cd0eNykDgkkHBz16jb04qatCLgm1dpvzWii0mtfKyun1bvovKhLEYmukpNptX+bXTlunpe22itfZ+VxeGIGkE0TbnDLmNgACQuMZHzEjPQZySCM8110Pht4Uika1HBHATBUDJzuAIxjOQBu9OOK7i3061iYFIkB3IzMVYKuBnbgg8nkAHI2nnGM16JY2sEsUb7U2ggpGy7lYZ5J3AZB5JHQAcZxXk1aEFKTUY3SVr3tFPlUbX6u3S6slpe1/wBGybAKrTiqj1TT9562916PXVpR2e6+a8Ol0S1uUAkt5F2ENyrfM3OQxA4UbWwT15yect90fsD6BHafF6e8t28tm0ghFYKoc7lJ4GCR25zyvBwRXhF9ZWhZkWMJscsfLQbWBPTDcnIAPAGOygivrH9iq3h/4XHFa2bIJZ9MdgsgILBWAIQA4wckZUnPfHGPxPx2y+hiPDzNYzoxnKm6EoxstJc8dFdL4E3bfW2x+w8Hzll+C4mhTlJRrZHioVFuuTkjKXdNJau2nktUfOv/AAUq8d+Ptc/aHtPg/wCDfEGpaxPrOmWVta+DdBacb9RuwI1N2luwY/e3Ek4CZLD1/Rr9hH/gnt4W/Z98EH4ofFPT7LVfirqdkt68t7GtxB4ZgmjEgt7VZQy/asEebN9/eMBshgfsXwt+x78KvD3xu179oK508ax4/wBaggtba61GITwaRHGvzvZKQwRyQQXH7xSuFx0Ox+0V8Qv7C0IeGtOm3X15bzXF5IGwILaBGllY4wFUYAUN8o6nAI3f53UaEKUqVKlh5SrTvRpU3aac5yjGDbfm01ZJLo7tte1nnjRmHFHDHC3hF4eQq5VlsMDhocVZtRpRw2JzTEJReJpSnSUZxwcZJ+0blzV72n7vxfjd/wAFQv2oLjwJ4cttD8Lw3viPXdY1CxjutN0kvLJaaIJkWWSZIRuVZFDDoMsMY4GM7wH/AMFCLafRvCPws+E3ga68NXcelaHaa/N4gtJoY1vLpFWe5iLosZVnY/PNuLEHk815Tqv7R3wA+Gek+Ovij8Q59N8TeOPFGtyaXpGg6jHb6i9rolhKyQLDC3mLb7mDMz7UJAXJ+Wvzj+Ov/BQb4feMp4P+EI0GDQtWhv7e4mksYoLTfFZsogt5ZoVQsFwMIh+XC9ztr+m/D3w6qYLLI4jG0HHGY2gq8p2lDld5TjTTtdyas5Qi0ntq9u/jPH5FgeF8k4MgnGGUz9rUxLxDpRxWOqQi6ladFSXtVTXuU3Ud7ptWuf0EeOvgx4a1/wACa9P43aWe51LRtQ1mK7E0fktetaPKiwxqduxZskEYYjqc5x/Dx8XLDxdpPjHxva6QmqWbf8JJrFsLmF2QzWa3cyRqFiwB8gGSAQQcZGcD+mHwd/wUE8PeN/gu8Piq5jg1LSNK+wRWEV2puJXa38uNijNkoSM4HIIIwQcj8ZvGGlW+r6xqmsEEyXuoXV+mQkg8q4kd/wB4o4+VSGJ6/LkDkY+4yLK8ypSxlOtRnCEJv2blCUZShPkUU+lopScGnd3a1XvH4Hjcho1OassRCbnJyUoaPkSjyre+mri4p79z5i+B/ipvDFtLoHioXdxZNcJd2z3ZLCOQnMjNFlgN2BwRnHJI4B9w8eaxp3irQ7zQ9MuYFtL+Cdg8UewRM0ZALYwyEngjHPfkHHJXOh2qSySSwRPIwcNmBRj0wwA4xzxxyee9cybA286skskce47FAAjI7jaOSAeuR6Z65reWRThiPbKm3Je61ytS5Pds7u6atd+d9+q0jXr0cI8CuSpSUHBL3rxi+VtXe6tJ2V3Zva6PMfhR8ALXRfEMuqarfJczQrKLQIoKBZWYhSSPmPORu57HPSvpUeBtNhaNRBxn5gFACMTyCQAcHKnB4xknOcF/g0wXEy27xMjKSTOiclixK9geeRwBtycFu/s9vYQquxw5dclSUycYJ/iU7s54PbHJO2vtcjyepWjGkoxUE2+ZtybScVZq8UrJJavWzs7nBluUKnGUqVKEeaUnzSd5Ss4K9tLWstPKz1sfG/xm+AsHjXRW+xLGmowyCW0nkXaBgY2kDAAIwM8cjOfTqf8Agl3+zLrniH9tz4JeFPFegzS2cfjuw1NtS2Zt0GkzRXcZLONrKWQYIPQ8+lfW8OlI0KjyvNIYl/MBwOM4DDcACGJJ3jaBx04+i/2SfFC/C/8AaU+FfjOaSztNK0vX7Vb+SQKkcENw8cMkhcjIVUOScnGMcFSB9LjeGZzwWKq0ItV40JKKguaNSTholG1m7+af5vkzHgejj8T9flGSxEKbnFR1hOok+TmundXXV76NaI/o2/4KsfGC6+Gv/ClPAtpH9o07UtQa71m22xsk2kwoLcI0TDLqBwoYFcc8ZGfzav8AwF+xv8e5YtE1Twroov4FMk07WcVjcLNJhpAssaR72VydpBPOM9RXn3/BUf8AaFg+OPxwtJ/C+ovdaF4L0ZbHT7y0cNbzyyYnkdSp5y+clepOPXP5Zr8b/iL4NgeTSTC5Ers9y1spuQOc/vBlxtHQjAwT91hkc3DGXYzKcspqeDjUdS9WrCrSVSacpLS2jj0u9Wr3a2t+z+H2P4eyXhfL8kz/AAcXVtOvVqqlCq1Uq1HOSlCdtlyJu90+iWp96/FL/gjh+zZ8Q/tEnhzWNe8OtLJ58ElsEuIev+rLgEuqklgAc4xnaTXlln/wQm+CaLGLzxp4ivpHAAkgSNAO7OcqewPHIzgDG3n5w0n9vj4zaFBIqeKb+NYyFWBrcuqIxyQq4LYAyOevDcgYrf8ABn7cP7QXibxRZR2Xia9uILi9itzEUKhFmdY3d0VcbSjMD0H8XXdj6BTyuUYupltP2rklN+zpycNvesm7rstGrq/W32FTIvCzOK6UcDgJ4qtKNOP+xxbk2lZyVOSV9Vd33er2Zwn7SP7D/wADf2WPE2ieHtNvB4kt9R083aTajGEuoNrHesxOFY7ycEAc8YHzA+Hp4m+HehWwtNJ8OaepQnEsdrAJMjJXL7CdoIzyccEdcV75+2z4i1fxP400CDxLcyXeqW+lxSPdozFfKnCuRtzwQWOe/bGAK+LotO0+CInzmdw2QCuWYZOdxwWKk4GMgcHH3q6qGAouf7unQjTXK5RjG3LdrS1mlZLvo2+2v80eKkMJwzm+Py3JsBhKUcPGHLKNGKd5xi7KNly23V9UtH1Z3OofEbXZ3EGi28VrCF4cRLlC3YBhgbQM9RwCM84HFakfGesyNcXWqXTrxiMSqi524xgbQdoOCfc9+V27GFGVVXC5YEoFIJxyOSM8rkEbeBz6Y9u+HFp4Tnnd9etpZpEf9zbLFM8UiggszMoIVQWJbPTP417kMDhaNNVVTco2i9FZp+7a7s27NK/k2lvr/IHEudcRT9vUqzxEqcbpRpqSTSa1dt0r7JdHbU+WX8H6ncFXuTdSsWzgCSVQwHJJIIJHPU4DH14FqH4a65esUtNJvbhsZDrBgHOASCUI2r3xzgDPPNfbd1ruiaZd6rZppljPZxCQwJbQ5kjXHyIJGXgYxuYncD3wM15T4t+M+qtptvZ6Hp1r4fitGeHzkUPNMDw3JBJyclmJHU4I5xjVpTqRl7GgouMW4ynBO/K0mr6668yemnS7Px7EcVZg6/1b2dVc7bk6kpRatJJrld7taPTfXqef+Ff2a/HuuEeTZxWcBIUM7Ju3cA5DAEjJ4YHnGAQMivZtL/Yh8XSI0t7r1nbSKdxikQnIKnuDtODnHXG0jluawvAP7UGsaCILLXLCLU7SLO25jPl3AfP+sOAMbfTrnoORj6U0P9obwP4okVTr9xpl0MYgu5GEYI/hLnAy2TjJyf4uBtP49xJiuMcNVlUw1CKpKVk6NPmUoqyS5t9Hayutdd0j6jJMTSxMrYqtyyurxlJRuny2s5WTt5Na7ml+yp8F774G/H3wR8RtZ1i11Cw0KW6BhhQ7kaVcB1IAbqCSMnORyowK+5f2ifiXpXxI8eeGfE1iyWy6QlzZudroJZZ2Y7s7Tg4YZIODjlT1r5Fk8eWOorFBbatpbhYW2zW88RmAIK54O4luAQMnAP8AeqTXLy5XSNPF5cxl7qQXVuqNmaSPvICGJYEKCSfoMcEfH4eOZZnUnXxsJvEKKi3Km4ctnFWskmmm2lba78mfvXDNeNLLJ4fDTU4qandv7XuWvZrW+7u7/cn7ro3iXT/DXgT4o3+qXnlXM/hHxCLNVl2mYNauIUUcKSzt8vH3gB9f5SptI1KK/wBYv47O+YXGsalKV8mUf8fF3LIDvHPRs4JyeOcHj9y/jd8QILLwHqctlPLC7WkmmPGZiSUlJWZigYgnlh82VOB24r84NL8RQW0bWllBDfG5mO8XMKNJ5shUAglSc7mOCRg8ZIIIr7DIcmnSvUiuVp3acGnJJK8mtLtNtX0VrN2S18Di3CRx9Wgq1ZU/ZUua3Npra7s9G97b3VlsrnzpoWgXsEOoajqAubJbWMPClzFIm9nbj5jtAOegJVSOehq5q/iLUIYNMhhkkURBZiA2Ap4w4GSDkdcg8McYPT+ivUP+CPnifxR+wTD+1W3i918S3djF4il8HyWe2wi8Lo7K88sqKCLiMI0iqCMjZjqCPx91L9njwdJLDNq3jy00iNbdCEWPOwsnKcjepG75WIz04zwPXnBVeaFBQrOnP2cpw0lGalFyUrqyduVLbS+zR8fgMixGNp1I5VWjWVFqNWUqsabT5ldtzaSjottLXu72ZU8H/FXxXN4NmEmoXQuksttuULFwIsqGGCSAoAz8x78A8VP4Q+PnjrT9ZsLa8nOo6dMxDm735eTIBUY75wOoycZPFe0aH4D+D/hfwRcadpvjeHxBqlxaXKoI4gbgXEkZWOONSrZQEjOQTngelcF8Ef2XfiL+0F410Xwh4E0+7uXi1+zg1fVJFMNpoGn3FykRvryRgo2KMlUJy7fKM7uftuH3RvGdaikqMVKSlD3ZfC5ataprmS6tqzstD47i3h7iPLcNKt9YtKrGTTp4iMorSNoylG8Ve9ldNvfufpj+wz4u17xB8c/CFvrmjRWBg1KS5sHkhC/6O0JcShSAf3gJCEgg8EEcZ/qB+EniXSvDNvq+v61aX97qOsnU/Clta2iNLKkdusmqiQBFO1NqBRnr0xX4cfF74KeHP2H/AIqeANF8IeJdV8deIrzwnoT+JNYvrJYBpN7DJFHOloqqCsG4bELYaRQpzg8/ul+xh430XxtaeLNYngWVdCudKlgkuoI3UXuo2UUNzJ5TBuGEhG4DkdgDivruKqf1jgzCZhQoTlg6sorlkuSc6ftG4p2T5ebZO2q1ta6P4XynPIUPHbFYHHYyNXG4TCuEXKSlGEoU05WlFuL5YqXVNS7anhPx8+I4+KekrItnfWNlBqthZwW9zAUmijtYlhZ5Ayh3BdTyMjHGThau/sZ3Cv8AG2xtmbzYtE+228kLIqh4Z7WR+GAwPfndgMC3euK/4KB/EXT/AAV8ZtW0HS9OjV/+EO0+4t4bFRBaJeSOkgnWBAg81lOWcLk4xy2Ky/8Agnz4hvNd+PNnLdrFDHPoV3d3iMSGFz9mdAWHDEEHgED5uleTjMorT4GWY0MPOlRlgVNRUm5U6fKlZtbpNatpab6bfoUPFDLMdxvW4ali+fHUcwhhqritZShUSivNXd3urK3kf0jeGI7QaXpexmCzRTfuSdqiMFjgBTtfAx3bJXkHk14foK+Gm+EnxbGn3M/9nXGr+Io9RuRv3wytLJDOqk8ZVWbbyBkAcV6N4fvfJ0XTbiWVYYYLTUHXy/mDCKKQ7gxyRkA8dsAjBzXh/wAJdHWT9nr4kQRXbXJ8Qa94tuhM4JaPzrxztAbByowRjjjI4wK/mqhhZqpOvKTcf7SwEHe7/iVm2t9UlFtq2nXXf+kq+Z05YWOFhCEpPI8zrLW0uanhqSjFJNNKUppXWi6W0P53/wDgqPotjB8F/C+kaBJHqH/E4tDo8jTtbXn2WOJjPOQGG5t+4s/Jzz15Hyr8Ff2/vD/wG+GMfg3R/wBnyfVvGGq6LL4b1vxvL4huXg1W1u7J7UXU0HnF/Ms1YtGcEYCgnpX39+2z8Dtc+MUnhDwL4blivdRg0ya30eKaZbGa61Vjny4XYqrk4ZcEjkg9ea/A/wAZ+DfEPgbxdqXw/wDEFhqui654YvVsNVspw5MM8T7Z5ImOS6MUyHXh+OWU1/V2GynC59hMJgsTTdVU6UMQoRm1UbjKNm4p8zjdLTW/Lrd6H4B4ZcU0Mto46nUnToYieYVozTScU24tRUpJpvka0T1Svpqf0z/8EN7nTNa8CfG7ULeOe2nvfE2n747mYOxlZpZ3ALEtsTdhTnOBuI4Nfvhpepab4p0TVEtLqO6iivLrTblonDbXt42jlhbgDcCACGHHGABhK/AX/giZbJB8CfjxqGmsWu7PXdLeK6dFB5hfe7AY3YXJbvgkjHGf1x/ZEvZdQ8KePo5Llr4/8LA1mQTuCFBnkO5V6nYD2JGF7cHH85ceYG+eZ1iHZRy/F4LD8kVbkXs6aXptq1pforn9M5PmtOrDA0YKL+v4fE1oyT+P2dnpbRrmbejaVkuiv/GZ+17oj2n7TXxTsNCjKah/wtG+gsEifbJJPNdogiyP9WGkcAZwBkEEZyv134e0/wAc/CfxP4V0H4iaXLour3Wj2V9HB56yxTW11bhzO0g3IzlW3MoYcMO5yPlj9t0S6D+178ZvIuWiv7b4ly38Mo+VYQ+pQsGw2QQSMKRhg2488mvsj9rbWdV/tb4Q61rN+99Pf/DzTZVkh5KIbaHKlkJORtBBPXIzgk4/o6HDtHEZVkFSEKfJisvjOtdXn7SGHozi0k0rS5vebet27u+n8r1vFHE4bibMctq1JqFHH1MPTbbdNJV5Qale7T9219tbn6VfsmawmqaD8QdMV1LyRzsURhuEc0chVivuDjJHIGScGvz4+IRj0Xx1LsixjxNaWzSMxIScXTFiMEA8Z6N975uOle1fsG+NYbnxh4r0kTSyf2n4et5o4pNxP7pNjyAYB+XPzEHPOc46eb/tP6Np+geINVuHuAslt4utr1fLYtujQ73Xg8Ft2CeWYjLHrX5PnGRrC4zG0WlCm4QcXay6LS/TdfPXdI/oXhDP4YyVGrGcZSfuzV3a91po1q0+2jV+yPyo/bbs9R1r4za/dRQyXUcUNrGZYstnESHaD6AZ/QjJ6/Gi22rWkqZgvFQHYFYNhiuM5OMjrnIznng19seOPFkHiLxh4hvWcTJc3uyLzQxO1Nu07iG5G0jkDAyeciqdpb6YyrHc2du7vtCkxI2AQSSDzk5PJ6YJGB3/ACLN6XNKpTsmoO17Xbs4799LdVdPfY/fsFJujSftLScUru72tbVbv1a3+/5Wt7+ZADJPLEHB2hkfaCAAfvZYAcdBj5eorbtdXGEIlVpFfAwVy5AxhieTx0PHHBr6Iu/C2hXMbr9jgdwWKfu1H0GSAPc5zznGMjPI3Hw30q4BkW3aFyxP7s8KScZU4wOoySeAckYBNfnuZ4a9JqVPo9Lc11dXWt1e6T0u9fu+symvVpSTjUWrdrSd9HFWu3q9LpbpdzN8O+Jp4fJZbqS1RW4O87SQQDhl6n0ycNjBxgV9HeEfHqQoHTU1kKbWeORyMgdcsSQASM4boc565rwGP4cTQqrW0zNGuBsfc3IBODgcA4ByoJ6k8gmrMHhrWrB2ZVWSH5funAIB6ZGCOeuCcHBIr8c4g4QwWZXc6MbuWrcdU3a7T6+d9W101P1fI+K8XgrQcuaMeXRyd9FG7bVrPS3VN/I+5tN+K9qnlKrxyMDuYRSsAvTqegA6/gQOoFenaJ8Shc4aJi+7L7VdDgqfucnkDuOvuxr81orvV7By4jkjRyAAwLIR34w2ccFTuxgL2NbNt431TT90UMs6uNrKFYqoyTjBOCM4AA77MdMmvyzG+FmFnVnOnBaacqW7012Sd9/6ufeUuP8Am9kp73XNaW2zvfXSysl0eltNP1MtviRZpbb7xWR3YglmJVcZCkBCO/GCOMdcnjC1P4iW04IguPkDAhi4KkhSNoLZbGACCep6jgV+dkXxUvkRY51d3U5YGUsACckkE9cemSW9FqeH4mRzyyJ50iMFyAz7kBIBbBxycDuQDjPSvAfhdOnW5ow9292u+qtrra99ra9dDunxnRrWUZpPS17qzsnq9F8lo+6Pta9+JkSqsInj3rvbeHJGckDGD1JPQeue1YF58RtRlUiK9kZQVDhZW5wAOCTkgYwcZPTvmvk2PxhZTmNZL5AS24AMA+M45ABAz3GCMnJ6gV29lqVjeKJFukyyKUSNyACOpYqckg4U9cEnoOK2nwLSw6TqYRt20fJzNfCtHazei11WqtZXHT4lnXrQjGvHpaz0Xwpa9b6p76q+rbPoPT/iRe2rZZ/K3gqCzEkjqDuHIPAyMAck55Brs9M+OPiGykQwa5cRxBflQF2Rdo5+823HA69T05yB8x297atKgmaVUACqT86sx74OTx/DyME+3OxFJYzuUWfZhACAowxGBhuOpOOMDtweK+UxvB+AnOonhVtJXlBaptX6Xd93dXstPP6LDZvVTg3VjLRS111sne19V8t9baH2nov7Ut5atHDqF79sCqDubeSGOAvOTnGNoPHf5iCcesaf+1haIqyXNsfKAUNtl5PHzYHBGOwyOOAeTu/Mm5snjVXhZpCkhzEgPQkkMrYJxjkE4OQc7SKZ9qvYvmZJsH5TGckKOdpbORnHfgDrXx+I8Msqxam/q8U5W95KzT93eyW+6dtr22ud7zlOXs5U6c9f5btJuCbdulnpZfq1+xXh39pnwrqu4yXUunqBndLkoTjjnJ78HPUccCu/b46+DbXTJtXm8V6VZ2duQ81zqN0sEMQGdzFpGCYHGBx1wDwAfxY0/WL+3dQHcLtA8qRSVAYfMSRwOeAe+Mk8YrwT9rvxtBp3wbv9PvdQlgGsahbWUf2KVo2IeQbkyjBslQQQOi9ACTjzcD4DYXOszwmBwtSrRliKqg50221e3vK/lq0lbdenDmWb5dg8BXx2Iw9OMaEHUatZPl5Xytu9tbaKzV1ddT+gL9nPX7bWfFvxN8a2+r/2hpniG7t5NIuYQTYz29sDultbgDZLF83VGZDzjGTn60l8VxKrfvQ4ILDaTuwOpBPOPuljjqAAQM5/nS/Zf/4KjfDz4OfBfwx4X+Jfha+mk8IvFofh2LQY4nbUtMKDM2oSFSXmaQr1z1OWGCa2/hj+398RPif8SPGFxCbe38Mz3VxeeHdGYr51lpjENbpO6ADeYzhgCeQAcAE162Z/Rf4zyz+0Xha0oYfDO1OWITp/WIOSlFpaxfM21dJb9ND4jC8XcP53j4up7OLqQgoRpuNRQVNQjFaLmSfLq9ejva9v6BR4oEvMdwCc8DeF64B5PXkkYyMjAxzWlH4muBjErFSBkBgSMkHBHIK4JGffcc8Cvyd0X9sOS0JfXNFlC7gnm2pBXIyCxI24yfmGTuBxx0x6noX7YXwwvZBFdatNYO2NwuWCIrkHcNzgLwcgE/iM4z+d1fCLjzLrSeDnWkpaPDuVTS8UtI3utG3ZLS+h79SWRSXK6lNaWvP3LfDa0na/zu1bzufpja+LIlCK6qAWUkcDB6knJyRnOQvPTnOK/Mb/AIKh6haah8APHrJJFJKLC1aKFP8AWDazkk7ckqegPYnkkHA9j074/fD7U4f3HifTnYghd11Gr7QucEO4+YA4BHTg45Nflx/wUh+M0Vx8ONWstHv/ALRb6mYbMrbypKWKn5iUQk7QpHoeeQDjP9L/AEVuB+LKfihkdbMcBXpYfDVVOc6lKcWkkk9ZJWsmr7bHzGd18oyvL8biadeE5Sw86ajGompc8Yq0bb3vZ673Xp+VEngaG4+DN9qcXk3N9d+EWvwNwUWotSXmUrkfNgEHPUZx2r8+pbiWJ0eMFVWKISHcSNxC7v8Aa55GMDjtg5P258K9e1LUtJ8dabdTPc2kfw71IxW0rFVt5RGR5iKThTknjkkjPQgD4k1ExW5MaYAaJTIr54PIBHBHGScjpu49B/r5mN/rLotO9ONPTT3W4JJLqrpaPTR9tT+MuNK0J42nVpe7F0029tXZrr23tZ6u61R2eiayIJIHR3DhM44GTgdT6jgA5HUZIFd5qGuNPeWlw8u5mhC54LAjOdp3Aggg46sT14FeDW9zJDKsu/oCQQB1xyME8ZBwO4PJA4ro5dUjdNOYOokRizEn7vU9TznBx+HXqa8eWBpSk5yjrdLltbbk2vdXtuvmux8vDHyhSjFSe6vbS/wq+/rs9elz9BvhP8ffid8HW0D4h+AtfvbDU9HvYJALeUxgxQOuYZ8N+8jkCgFSSM/dxzn+zX/gnb/wUq8Dftj/AA0vdC8Q31jovxY8PaHMutaLPcRxNqqx2rI13ZK+3zS5BeQLnGTxxiv4ANP8YXX9l/2es5a3adWIzwpJ2jjHzD2OSD3Fdv8ACn46eNfgl8QbHx34G1u70vW7CR3gktJmjikSRSJILhFOJIpM7drbhk88V83nHDFHG0lVwkVSrxd3ZL3k0k1J6Nq/eyvrG2iOvC5tGtUhTrycopRSkt4bXvo9L936Hs/7bniSw0/42ftHaNLBOk8niy6ngljIRhHJrbElQNo4UjkcceuK+3fhX4l1r4Tf8IZb3Ns+q+GPEHhLQtSu7aba0d1BJYRM+0cBZ4wCGXGQRnIHI/Dz9qT43694w+LsXiLVLdI7rx3bQy62+0BZrue6DtLGm3aAJGxgZ+78vBzX9JXwq8C6D8V/gl4Klt54J9Y0Xwlo1nHdZVZrW4isYwI2XOQCOBjjHPJzXn1a+Y5blnsMJKrRxOGnCcq1GbpuMkm1FuLV1qntK1l3Pucu8P8AhPxMjmOD4kyzC5pgHhXRhSxlKFSC9oldxVRPlk/hUlaS3WtjnP2kv2ZJPFvw40v49fBpRrWlXQkm8RaJA4OraVIVJZooU/elY2OAoBZQMA4yo+GfAuvpYF9J8US3IvJIWS01C6RkltJkLKLS6LHeCHG0buQB0wK++NB8RfEf4JarawCS7FjDcM0+nXIZ9J1OJSQRJGf3LbwCOQQQRwCTnwL43eDrD4qa1rHjvwXZRaJqMlqb7XvD9uipHPLCpZpNPiUKiSbgX2hQpbjbjkfqfAXinhM4yqfCPiAqWIhVXLgM4nTp/WMLWfLGnzVLXjq0udPlla0ldo/mPiDwC8R/o88X4TxH+j5mONp5fhcXRqZ1wa8VWeAxeCcovERhSjJx5XG/LBe9Frmg0lyn56/tRfEfxJ8K/GS694cit7nUr3wJPasAgkWCB5kIuVK5AcdcseDkcHIPon/BJTxx4g8X/tFa1q2valc3lxJ4VaW4SXK4cTKQI0GAVA4z14z0bNeCfH6GfVNcsLO5lkEzeCJrKcXKMtwGN1GgSRGGQ4HzLtHIDEZ4z+jn/BL79k3W/hfrd18T9V1O3utO8U6DDb6PtDCeJCPMlEhz95Xwu0nHPua/nPjGrLC8SZjgaFd1qMK84UpN3U4JxUGrOyTWummt76q/+vvg/mXGPHeW5DxViJ1sLgMXl8cTmuWuo3Tw+JqUrVaTjo21U029Hc/qc8H3iXHhqyuAoKixiSRSMZyFwCT3K5PQbT34wd7U1WTRbm3ikEtu8fmLFNhgVGUkVSeFIGenBwcdq8n8Cayv9iW9ozBNscVusm7CMcAYIA+bPoMnGR6mu5lWVILuJssFTzYwGOHj5LKp/hJPzAAkEDJwMiuHCK9SMKrUm1Bye2qUGuqvfRNX3Wh87xFg6mX5ziasFNONdzjK7Tu53b62s3fTVfPXwL4u/Ce10fR4/E2kQs1ndQo15CAC0ExIYPGcDgtncBgH5uCvT53gvprS2jVXYrKNrckMh5wPlA+ZeCM5ABJz3P6b6lp1vffDiCzv4xNbXaeVG0mCUck8knJUg44I4AHQYz+dHibw++n65d2cfEUFw4VXBVWD9gSBtGFB6AknOeBn062AioqrTTcoyvJ3s42aavd2atfTV2tZ22/V/CXjd506uU5vW56mGquNF1ZLmlTUrRi7u8nHp5Hz18StXjl0q5tbx2IZZo0zkht6MAOORwQOmc4HLV8UeKfijB8G/A2iSyWb3kfiq41rw9BG0o2wnUSqCZAe6nBIAxztzwMfaHxG0xJt8cis4l83AAJEcoXoAMfxcHHGPTAJ/JX9sRb+zsvhjo7SFE/t24dIA2HVmmQiRVPIICkcqMHd35b9r8NcFhsVmOU0K1NTpzxClUV2rcvK4q/RNrRaX76M/F/2g2Z18h8A+L8wwE6dKrDLp06c5WcbVlCEumrcZSST89V10vE9t5XgS5yrKfsTTBSQSDcMz4yCSeAODnPYEjnlP2LohN+0f8Lo3Rma38YWD9Mlj5oKqMZGBjdjHGRgZJruvF8ZfwJagbh5+kRK7HPWKMDoepyT2HOMEjJqX9h7R5pf2gfh4LaEPdDxJbzK5UltkcgJxwSdoGQRgngHgHd/VGeLkVamnaEMFWcm1e8Y0XpdvR6JLz+4/wCPHw0xntMyqudnUxHFGH5VbT/e4Jq2u65lZ6tvu0f0D+P9bh8BftLeF/EM8JFtrL2Ku7YTlSqlhyPmHIwSSTnnODXzN/wXi1xde/Y/04R2hlt73XYLuK4kJVopYxuhTIGSJCwC8ZIzznr6x+3h52h6z8PNbDNDMrjDI2HV45E5JOCSAQAMZwRyMYr5g/4LOa219+wn4EvjIX+16jom5WxlmeKP5jgjnPII6bsHBxX5DxNldDFZLwlmclG8sPi8HKTa2pXcE/RNpK6tdfL+7PATP8dkvi14k8KUJONCWdZRnNOnrGTljXQVZ26K9m9OmqsfxfXTMLC9ie0aG5W2wYolJaQeZ97HPIO3p2Oc44rz/wARabqLRrLNFIrvZxmBpYigMeAAAxH6Dt1zivXdDnt7zxOsN1IfJN7awYYDJhaUGRW6DCqMnBwfXoK/Tfxb8CvBfiHw3p7i0jvrC+0q1a11G0hSKSxl8pQ6MFXBAbqTyGBBweK/mHNJ4bA46qqzUY1pyjF3dvdkrNrZXdtLLvp0/wBZaWW5hnOWUq+GhKrLBwjKsl0glG8mkukl10XqfhbFa3iIUYBQMFSRtcNu6AjBOBg5xnqAMha+4/2MdZu7XV/ijpE91cGzm+H18zW8krSRGUxyEbg+QAQc5OPQMORXPfFH9n7XPB8V1d6ZENT0tJWEc0aFp0QNyGRQScDIGcZI55Fdf+yBZQxeMPiZYXcO2aX4b6oVMpEZDxwSnALEEMO4Zd2ckcV+beJ1JVeDsydGKqThTozTilJpLE0n7rWqaSe2rWt/dR3cGTxOF4hwUa0nTjepCak2ou9GfxLbe1k9Hbu9fpz9mnTdR1bQ3trt5fsMLymOIEPH/wAfDYaMEEgAkscHP8IPavrF/g7p2sXAZ7EXiNGCyvbq3BUjupwePvDn73rXzL+yn4q0y3sbXR2urN7j7TPAU3gSgeYcKQWBfDKP72Ouelfs38MfD1jqNpDKyRvI2xXGwcr0z78cHrgD0xX+af0iONM14DzJ5lh54ml7SgpxkueMb+zjon33W++i0aP6m8PsBhc8wNOhVVKbjNxlF2krJr3Xd9OvXv3Pz2l/ZN8J6nbSXD6DEjy5RR5ZQjOGBG0c4x3+9k4DcmvmHxl+zB4Tg1W6sbOwngkjLBnjlYYG3BAAO0Age47rkcH+hHW/Cdla6Mz28UPmKrkbVztBQgkjIJ+b1z0zxjNfn9r/AIS+2azqMhVXLXDlmXrjexKg8gdcDBAY8kHOK/APDj6S3F+NrY6viM3xboYf+HSnUk46uK1i27rur6JWelz7/OeAcmUIUo4Gg3LeSgk1t1tvo9d7fK/x/wDs/fCzxR4G8XaLoHhDxH/Zqa9KIJ5NSh+1QxBG86MBDkqRIq42Y4BHHGf0q1jxp+3J8OrWWbTNN8IfEqxh3iNIA1leLaR42oyu6l2ZRgADryu07q8s8HaHBo/jbwlcyW6p5OoKzSsMlQ3zAHIJHXrnrwM85+9rnxFDNMRHNGGVSoKdGAA7KcKeAGU8kDII5z8P4v8AitjuIc8yvF4zI8o4gwlXCv61TzPByrKUo1Em4V6E6NalLlSV4VYu2rv7p9FwnwxQy/B16NDEV8JKE701RqcqScYL4ZKUZJO9k13Pzb8S/wDBRz4neE4bu0+JfwJ8S6IkRQXU2nxzyWihD8xLspjKkjIzkHqCR0/NXV/2rvCXir9s7wr8atR0+5sfC+lSWBms7mIPdwC3j2sdgTbwxJDBQAR/tV/QJ4q8PW3jK3ubTUrG1vo5gI2E9tFNE6j5SrJIrBgP7uB1x71+Enxf+DOk2n7eHhLwraaFZrpWpXOmtc6THbrHaXSNFulHkoApDHl0AGe2M5r9s+jrxL4XZniuIKFLhWfDuaQ4WzKpjnl+Y16uFngoUovERo0sTKc6NTlu4S53yvfrf47jrLuJKNPBP+0I43DPMsKqdOtRSmpud4udrJpdbLre9kmf0LfCz/gpT+yR4ssNK03V9f8AD+mzsGQjWNLgDAsFGJZJYgAOeudo5xml+MNv+xB8aLKzvV1P4aajfLeK4lsNVsdMupFc5I2QSRncc7SOTluzYx8ea1+yn8Crx2TWvhZpyygkSvbNLauu9R02GNTjB2+nfnC181fFD/gnr8KtXtJLz4eX/iLwTqabZkS11CSS2ZlKu5bfLuUcgrsCsCA2eDn8/wAqreFeKzetVyfizjfhapVxMv39dUMZh4SclrGeHrUqqhqtOSV9W9bH0FfK8+pUaFSWAwmMlGKfs6dWdOMk+S/uTjyttu6121tdWP0C139gz9njxdYW8/hHU7nRQ6NMh0fVre7iEmARlnmZiCcZ284JB9a+cvGv/BPrxLpGmX9x4V8eLKwjZI4rme4jcrhtolMUqoDgDcCDkjOMHnxLwr+wF8aWsLW9+Gv7SnibSriO03fZNWv9Qa0NyBzEixyfc3bcAjA7HPAXUPhF/wAFOPhjbSNpXi+38d2EZKkRXMcjyxrnPyXWZMlc7V65Jzkkiv0nKc5xtDF+xyTxtybG+ynyrCZ9Sq4OcuRxUYueKhUgm9E37TUwrYJ+xtmPC2KheKbqYb2Ve2sbu8HzRtdWTSte9mfMGs/s5/tDeE9Su48xajbwmRYpFmV43wW5QMzOMjHB5GT0AIrjdQ0T4n6T9nk1nQ4zIrFHCPlSVwCW25RQdx4POc9DzXpmvftP/tb+ALi50/4kfCjUZY4PMM96dHuGic52sftUUPkhTnKkEnH5ny6//bL0XxFp9xZa/wCE9U0e7EhaQxqvlp8xDBQQJB1HTkYHygA5/ozh7MvEHH0cPOvS4ezfDJwvisoxdGv7RJwvK1Kq0m0m0uVX2sfDY/BcL4f2tqmPwVeal+6xVGpBc+n2pRUU99L9duj5pvGF/a63p91PbmB7C5jR/KJUBg2GHHXaBwSQenbpq/tMeObrxZ8IvD0NwtyItK8QvLaJOS4LzooeUHnA5OPvAjB29c+E6n8SPCmrai5sNS+wxy3BkdLwnzCSQV3Ej5SWHJ4PUc5FHxT8aR6r8OI7aPUbW7W31GARJAyvIwDL82Bknrzxgd8jmv2bD5JWq5hkuMng3TqU5pzk4/AnBKWrWlr/AGXvq0z89xePwtPBZlQji4TjKC5NYu7i42ejTu01ayeqWnU/T79hz9ovxt8KPhfa6Rpuuz22lqSfsTjfEGuTgsuQQvXjaOwOcHNfvv8ACr4k614p8F2GoXuoJPLf2q3CyHCmRWUMV6gjGMZ49MAD5f5RvgVrk1x4Z0zTyUijla2UrkEyAyAEqRwWHAwB64zxX9IPwavDY+AfDmm+YgmTToFVgCAVKBwAwwdxBAJPXpkk1/nR9JrhTD5bneY5pSo8mJxWaV5TlCDUpqVpa9N03qnr17f0D4eYv6/lOBoyjTnGjhaSu0m9FD3Xu9/lvo9l9lad8brPwzqWm6ZqlgJI5tsUc0js6xEkJuJHyn5iMZHIOepBr5u/a30XRbzV9P8AE4tEstPv7ZHur3B8lXZgyynGQEKttyMHAJzn5m4T4iajcR3PhtpSJEe+TeqSBGIR9wTepz8xwMkHPQYJJPrXiv8Asn4l29totzp2oy6RpemQ294oVzbTT+WuIQecgEnkHj/gXH5Dw3DAf2bg6mYVfYxlGpJyjGCq/u1CLhGUrXfvXtJtWTSetj6zE4OlhMU8TQtGU01Pm0hd2aslrfmeurTtaxzXgO30Pxd4R0rQfD+sWFwluY1kMGpQkvMGDEeUXLDC8EE9cKAeQPuz4LfCvTdItoGuR57xt5pR9jo7upwwx2Bzjr09SCfyS0v9m/wcmoa5q1je+JfDTWLubax0rUbuFlZiR5oRZFbnIwCMrjPHQe4/C2x8TW1rqB8J/Gjxhpl3Y/uFh1V47q3jdQQA/wBoLsSOBgqO2cdD8jmPDnD+IrzxGCzipPDUq0q1SlXwtRR55S6zoupHXVJuKT1t5ZYyGZ1sNOhSSourZKpG7T5tHJJaxva9k9NdO37j6PDY2sYVTF8iqqxheFx0A4GOfUZ61Z1NILm1uiAqqYmC84ySoJXpkj3HU4OR1r8jde8dftV+EtDtb/QPiJ4d8UTxq8klvqNmIpLpVPyp5sagCTkg4znr1wK+1Phh4/8AiFf+AdM1f4iW+nW2v3VoJ722sW3W8cbIGDoSeDzlycAAnk4Nc+NxmFwmXQnGeBxFCtP6vTVGd6ylyRk3OnKnCajytXaTTemraR+aYrhHMsPWji3iYVG6qXKpzVRu8XblaUtE9e197Kz/AJD/APgrTJLD+3Jr/lRCMSvo0cmBhW2wpnJA5Py45/2TkGuE05VksUGHmO1OMEbTgYHoMDn0OCe+a6f/AIKueKNO179tXW76wlR4VTSvMnTiNJ40jEo3dGKjKsxPDEkkHmvL9L8YWv2SOGL7P5pERZhKm19qD0YNuJ5II4I9xX+2n0aJcng3wTCpFxksnwz5Wmvdkly3WjtZp+m99j8A409zijM1KSdqkIyW/vRhBSXzleyXX0O/sUhjEylQuQWJYYYEggoCMYAGMZPPsc1cki37GMSAiMrErA5OcHJJJ4A28EjJ5YAZFcGPFKM0wIt9jNgqjAuSPmwT97sQCOuAP97Xj8UWc4ClG+VAoCyAEOq4x1zgcD5ep3Z/ir+glNe7FNc3XVp9HpZfJv8A4J8hWXMm4q99VZu72Vl0tor9brbZq9faXC6F2IVthYYQhN/AIyVI5zgZAB455wcePS7UqYWRZpXCgqyIT3HysykMPUY6nn22odUtb1o0SSP5MARM4LB2BBHLYJPbk54Azxiee3gVt/mgeb8wK8hGXA2gqRleORnv/Dg52UlFfCnb5rXlbWulklu+y22Od05qPNy3TTd2r7padlZaXslt0OaufA+gahEkVzptoCwdXaOGMSb8Es25Vx2JB7jGSRg1k2/wi8Ko+6SyVhNlVJZw4IHBATgEk9+OO+cDtC8od1jkYFt2znG9u4yTkAY5PVc55UGtO2upFAjkSPaiqMHIZTuI5ydx4J44XI9dopuTa+B3bVlrdtuLW2lmk9Hbb0tj2fKkunRdOi3Ts+1ruxyNt8JvC0arGbVlQujRkzOQ/wAw4YZJB2nHYH1GDn8ov2stJg0P4yarbWUGLKK0tFURkybXZGGCTuHOBwCcdcE9f2dWRiS7A7HZNpJPy4bBIyc59QecYAB6H8hP2qbh7H4yeJ7lEWVre1sbhYpUDJJtU5Ug4HKg9OMHt39PA1akakZcraUVe7TVt18SSa7W2TfY8vNoqphlBqMPeu5N3a2TVrPu91po/T87dTtw0t8QGGLzALAhW+YbQMgE5YDPHHXB6Ht/DNlcl4BHE7SKgCiPJxkLs5A285PQDPJI459SbT/h144hdkk/4RfXZvLIindVsrmVshipLBVBbJAIBUYA5BNRXPhTxd4LJnNsJ7A7TDf2KGeB4+SrAjJUbehLdey8GunF15STSSUmmmmnbTrbW97aNPqfNSws7RtLmprlacN9GviTV3fyts211JrXwtq17KGlg8hJElTfOwHlqRlmIJzjIxyPoDmtzQ/BnhSxgWXWLwSyKsrbA37tZCWPynjO5+pYgEHgntxMHinUp7lBNdO+WZTuO0YAwQyjAyq9iBjnIyRt53+1rmWSRXmkI8yTjPGQxwAMgFe/TsOecV4UaOOqTlGGIdCDau4byV4Na6tPvpfv3fqYfE4DCUL1KPt57JVLOMW3DVW1Wvp17npcF94etNesLXTrT94twiBwxKNHu4YA5+bGDgk5IBzzgfUmqFJdD0kx52e68nIJxggZALYAGSMc56n4f0G4+0a/p7NyRdx8qAcDcMAgrz8vGMkc8DJ2j7MutTaTRLONNoNq2XOMAIMk4IHJUDIx05yxwM+vh6DpQ5J1HU5bXlJtv7MXZ3VmtL3Vk+6ZeGrxxCnJwp0oNJKMIqNlaN153s7t32voizoN0BqtsjDAinRjlQABypC545HXOc8Hgjj3ayRJzcyKXLOHyPu7BtG3GeMHIyAWODwRjFfNugahDPrlsNykNcRBih3MTkEYXJIGGIPHHKkmvpG2kgEzIhO51boQFYBOecY3Z6hhxwDxXm4x3nBpqysr7veFltvZW2tbzdj0sA1ZpWvdLV9Xa3ntbR9bs8N/a1twh8CyiQsIvDLEjJYgG4fcAOSMj+6ORweM1+afigxXF/bzQyKdkgVkYMhU7eTg8lcnnnHfqM1+jn7X8qpeeCIw7BT4VDMA2SGFw+OB2IHze3t0+b/C3jP4L6zbweDfir4Se1lARNP8X6ViO4h3H5Xu44wu/aCMk7idpbOK96lXjTwNC8W0oxT5dZJ2V5W3fTS/notTwMxowrY+pF1KdKT5bObfK3aFlfde80r9HbXQ+cfD8cqalNOpAK8K/ODnjAIOc8Y5+9zwM5P0xoWs65FpZ02wuVijuIVMiwrlzK/yoFAJwxJA4Axke9dpffsm6rPBJ4l+Dmu2Xj3w+AZ2t7edDq9tBhmYSwBuSFGAFBbp3PPJ6FBf+GtftrDV9Hv9Mv4rm2DxXVtJEVCzIsh2SqN4wuAR8uM9sCrw9aFWUdbrmUfe0d3o9Oj1vZtNtJ3018PEZZXoSSnBuD2qL3qbvbWMo2V3q2m03Zas+ifhF+yZ41+IPiSxHjKSbw5pFxpzaitxfkyajeW+3dm2hyWUMvKyMuBweK+rfFXgvwB8CPhBd6N4O061u/FmqXkobVr5Un1O2hQnLmZgRHG6qzJGuMgjAGfl+tdd0zwV4T8HeG/ij4s8bppFhaeC9OFno1teQPqmstLbx74o1V/NiCklQi4ZQcHpx+U/xk+MC+OtRWHQ45dM0K3uJPsEU7A3NyjEkPcNnLAqMAHOBk4xuNfoWdQybJcsjhMDXWMzDGU4zrzklKNCMoQajF2XK03LRO9tbXtbtwWDWFpTxWIcY3u6EYq0pqUYJOWrvZLS9rPoeJ3g1C+a4keUySXFw0sox94kgsx4AUHJIXkjAHHbw+7t5H1PW0YFTGsijCjBGDwcd+ueM57nq30lo1lcSRefJtZndY2IHA5B7qcbuuR0xgcV494jsUXXPEixxqrYXk/KpLAZ7jBY+mc+2Tn4CFOPK7ppvVW3b3tG+qbavrf8TzKtfmk7O8tHJXtpo7+Tv9/pe3nvh3QxPcG3aLLFEkPygszHJI3FVVRjBAOD8o5Ar6D8EePviR8M7kXng7xHqGnQq2WsXkNxZSICCY2gkZowpxgqFwVB5BBxx3gpNPh1My3YBAt7aIgHPluQAcrzwuc8cYJ55OfXfEGk2C24nsOYTs3OBjJI5IA7kk5z6HJ4FS8FTrU7SV77pxSad903pdpJ2d/W9jheb1sJibUqkoctmnF2jq1pppdpWa7d9n9E+Hf2nfhZ49ig0f46eBbaC7eMRN4o0SFIJRJniWeONdzHOHbAPfvxXpF5+zl4G8f6cNY+DPjzRtdifEqaReXkUGpQqPmEQhkdXzyRwMngDqoH516tokaW6sELBnLDjMmGwcNnOSc5wcEfpWbo76/oMiX/AIf1PUtJvYyXEljcyQMpRiQSEYZPY4PPUYOQON4GvR/3eq1FWfs5pzhK9r27Weujtre2qPWpZ7gcalHMcLCbdk6tO0Kt/dbd7Wbj5r9T678VfCDxl4RhvP7Z8O6jDNDbT/vbeCZ4JEUFVdpVDKFzlgd2MDrxx+ffxqsinhfQiLa5EgvrgTNtZxuLlV5wwDA5B54YD7x5r60tP2zfjz4T0K+0vU9Rt/Fuky2kkEkWs2iXFxHEQEbZNsLBtvAYnBPTJIr561T9p6x1DSbaz1f4b20tut5JdvJaxRyGRXYs5YOGCsG3ZHBwRz6dGFq1qLn9aUI35VFwTfMlbu1Z6dbrdam1bAZdVpQeCxMuW/M4zV5R7K6a5raL5XV0fFTWAAZSS3LkZB3ex5A6bh0545465a2kkTK0isYs5UkcbiTgHv7g84Br7m034k/sz+LJymveF9T8OzyAbphCWiDkbSVEK/cDFs8En73QkVu2/wAI/wBnvxjC7aB8R7fSrlyxig1H9ygZyAufMKYAzwT82DznFdLq0JW5ZK+yTT300aTeiVnt5nK8DiKaSjOE0rWkpWdlZWs3von1tfWyZ+fSMGdQ4GwFyOxwehx3+gzxyRwak2N8yDhAuc4PXkjBGT8x7ZHbHHFfct3+xtrd4JG8K+LvC+ux4DRiC/t95XJ5C7wSecYI9ecEZ8+1r9lP4t6NKc+H2vYkB+ezlWVX4JJBRmJXryDzjp0ruo03KzjKLvbZptJ26O3Vvz9FouapSrxb5oPV2UlqlolpbR22stLK1rWZ8wLBwrDlVGxiVGeSASc9OxyOOnHHFbUIWFpLuySY8rhV7FuemcdBxxux1ORXrmpfCvxzpMnlX3hbWIODvxaTMgPOCCoHfBwc544JrmNQ8P6hbRXEUlheRuEZVWW2lG0quSDuUbcHI68cYBySbq0+WMlJO7t00+y9773u7RVr3urmEFUVSLlBx+FO8XZK8W27LtddLK62dl57p1pvgBWMk55x/CcdWLcA8ZI4G7gjAq01uqoQ6BerZxzkY5Yqcg4wDn5TkY7CtixtJreJFdGQ5YGMowHTLEkjuSeR06j7rVHLbkbgoAz1wegHKj5up6emcEE5U1yQptRTd03prfRe6np52V3e3mldHXd3bT6aSbt0W60a0ve97dN9MCKMeZwB8wb1GeuWHT/dHIGeCMnNdjp1sskEYAO7ymBbBLY3ZwOepGOQOPoKxI7clwrBuMgdMnJJJ9uDxnAPp3PaaRABax/KzOCyccEAg5HB68kgHOcc4Gc+ll1JzrwjrZtbK19VfXvZav79EeTmdecKMqi1ta65n1cVql/Xa3WSKzO+Pcp27WAH3sMOAcj8gdpzgHLAEVZFq+GAz8vfpgbhjrz3xggcdvTqYNNDiHaAuQGAIy3POQeSQPl9Dkd85FsaaikIVx5h4B+boB0x1O4cDODyxxgGvuqGAhOEOZPVJ31fWOyv0+62t3c+CxGbWlKL2TaXNorpxs3r2vp52168WLWVAdykq54IGSSAMfd4GWHce4/2c6WBmcY4bccITzuBweCyg/KM8jII7DIr0GSAIGXy0DL/ABYIAGerHOAADzn6/Xk7lU8x2CgNG7DaqnOfmJJbrgc5XGcN1ziuXN8AoUY8kdEt2t3aLfpftdLS2x35PjXVqJ8yte9k07pKPp31tutfMoXVhp0dvpks0heaSWQSRKNxwSQAcD7oOSSeABnJ3cZ11ZGGYRoRsf51AIBAYZA5AAzwTnkcdMDDdUnMdzpwTKMXcrwCMDrt7crwM+x4zirYLNLuchixOAzH5eCBtHHUEkkcj7uARhfh8tw9SVevGWi5999E1o3/ACt2T0e+mjsfeY/FQhQpNNJuEGrO1mlG61vtbbXtqU1TygVeM7jgYLYHy9fbJ788DpyaNzZIZeQCOGB+gIyfpkEdDz6azImMnBG3IJDckngZA4PJJBHqBjrVV0XcchS3ORkkkgnpxtycjJLDgfjX0X1SN17rat8W/TR/frpofMvHyc3q2lJ2utdUtNL3V9rdL6XKW/G4HJJHy53A5UjOO24fTp2AGajDAnc+Tlh/CMgc5XIH3cHuSffgGtEojRhurEcHHAOB0BBPTIwSTxnaAeYyibgQCMNg5I+Xk5wTjBxxhsevGaylhnrZO19He/ZNWS1Wt9352SOqnjUpLmum0k72ik/djfdaWs9/LRJIh3hVOBkMQCNu0Aj1wcFv9rO0gD5elRmQ7nyzqS2NuOAMnBGck9eOd2T7ZNlkB3cE8ZB7AAjOCR6nPY8888CuYwzEngKCQD7cnnOMDAOPr2yTySw8eZOyslrdK/TtvdbNb9lc1+v+9bVtW0tpe61VtLNP5a3GpIEZiWPIIUFRyV6kZUcg8HHyg8Hpmo2uZ1urQQOVd2IYklcnIxhgRt9sHPAye1SrDkbmyX2lccAZHXBPH4k46d+Ky7weXPaHLAtJj5SchueQB0X64A45BBrzcZ+7pyly2lGzbW6V1ZdHot0+j8j1MLW9rOEUm9P5m3st7ddbvt0PePBc2vx6hG51TULfT7eITTzLdyRgRqScKpYAqMMMYyw56mt7xR8UfFNrqt02heJNWtrWNUEIivpirlUG5sGQEZ4OPQHoOD5Ja3GvSxRIhuGh2iNhCrbfLCghWKgAkA5Oc9T26s1lLhI45JIZISwKK7xspIJA3bSNpHPP6cZrx5ZxhpzhSVeMKkVZJ1EpN6X0k7tX1S303tZHtxoV4Xmoy9n3SbjrZ3buo+Vm1a9tj1Wy/aV+KunrHAviq5uI/u7LhVfBUDBLMOrDIz6HBPXPcaZ+2B8Q7SP7Pf2+j6mgZf8Aj4t1LMcjksBkEr1IwFPU18gzRkH5VD/MeeMggjIBOTwR0bqevX5USNwoJG48spPYhRnkccr279hwBVzm6klKbjNpKzaTetrb3011a0007FOvWivdb1t5rXl2sndd7SbirX1ufbT/ALUmn6jKra34PggaQ4nnsyjK2AQx8uXeM9P4R268gWz8Zfg3rPlrf6MlsykDfPb7S/zZPMICZ9DnPBAAzz8LK8x3chyqk+Xy4AOc8AY+btjGMg4GBVN5pTJnKlNxBBOV6ZIx0/Hg/TNb0sbOjJKNlHa1tFoldWez37ffcU3KpC8022k7uL8t9NvLvbZI/Qm4074L+Lbdf7O1B7CSZGI+zTMVVyudrxMx4AwMEDqM4rn/AAbpdl4J8UiDStV+12ksqE3McSvNbxkgsxRgVJ2hsg9SCvIBz8eeF/FF/wCG9Viv7EQtLBktDcKHilViWKyK2e3Q+o6d6+w/hl4x0fxxfkjS1sNXjgLXIhQGKcA4JReQu4fMccdeTXfGtTxdKdKbcZyUk0m0+VpfA+99bKzsvU8vE4WnXtTcUrydpKOity2eism7WT2+aP0L0C7+COv6Va2WqePNPXUZYyzWut6HGqb92CklxDErgHnDbwRsOCAaz/FPwu+Gn9i6hqeieL/CG6xiM8mn2oheKeNfvLAkxeYyNhgqgZ6hTXxP4uMVv4jgRVEcMlqN/wAgGCM8qoB78DueSB3qisCMDt+0LvA2lXdQ3+8AQCR2wADx6GvHp5PiMPO+HzPExp87bjNRqXi7Jrmkm+qT6bNbNmOGylYar7WNWo3/ACy2dlFtO21r8t3Z/jf6g8NfDLwf4ttxPYa74TjllAYW11dfYbiIE4MZ82RMMT3PUEHOMkaF3+zZerPJ9kt4LyPazLJpmtWV3GF4JKqJGOMgHnJyeTnIr5Wi01CS0JmEjY3kSlXBUYUswIPHYZ5GeRnjYtLnW9MUNZ6/rNkzMP8AVXsygjqBhX2/TA42jI6iu94HFQkpQxEKq3SnTV2ny6Jxcer0bV7Wt5e3y0pO/JKN7XcJWSVo+d7tuyS1bvufTXhf9k74leL9XTRfCvhW71vUJkecWk8sMbeTECWZMAMzDGFVcFmwBk8niPGX7N3xg8NXt3aal8KPFNnLay+VI8eg308B25zIsqQvGyHBIKEDA474oeAf2gvj78MNWXXPAvxI1PTNSt4/LhuLmGG9Oxl+Zf8ASQ5K4B4BJzj0w3174X/4Kwfth+GYFg1S/wDBnjdfLIlOvaPaNJMCeSSsB5cZyDjGSBnIxjVhjU9aFCpBRWsJSi/s31ak32VkjzK9PGxrJ4Sralo5RrJyqNtJPlacU12eumh8A3PgfUdPk+zanoGoadOhZmS70+6tnyA3Db4025APJwBxx92ss+G7Fx5RlEMo+ZklDhFz/dkHyqegwSMnPfOP140r/gr5q99Yx2vxH/Za+FPieRmH2m7ttJsUnlUnLbZGg3cnJGOB3469Dp37fX7B/jiW5i+Kn7H9toSXKrG99oTrFHauSFaXyoArsqZZyEHOML6husqaiqmXVqilyqcqU6d43Si17/LddE/N27nn1KmbxjNumozhezSnJSVo3bUeaV3Za7fcz8RtV8KzLbvLZ3ivFvKjaW29ycsSVBAHfv8ALmvkv44aRBbX2lXBbzpZLciRgRtQgD5SoGRg5wSTnA65r9jP2sPiD+y/4u+Kvhmx/Zt8J3Xhb4aLp1la61dX0lwq3Wp3JX7XdNFOTIiQ8jAAOOQMEGuJ+Kv7Hvww8YaQ3iTw34j0zUI9PtIZJUh1i2Hm7k3SBIpJBJ5yNkYxjI4OCK0x0cLGGGVNzp/WKalySTfs31jPlvFPfS7Vtdx5Ri82xP1mWKwTiqNTkjZ2dSCkl7SKk03GSV1t1ut0fhfDCw8/AUKEwxJPJx0I78dwc9MA1gtklt2CBnjqDznAA6HIOOeRjkACv0X1X9khJkvDoV3JDMY/3aXLCSJlI+Xa0ZY4HHzDjPIODXhmu/sm/FbSgZYNGF7bt+8V4JAwZVOcgAkjfwDzjP5V59Sg5RUYzjPZrl6NtbJtX3t2623PoIYiErRlGVOdrJSTS30V3p10u1pfXc+W2IOQAR069scDBB7jg9xn3pDg/UcjB4HBzgH1xyOQSDwc13Ws/Drxholy8GpeHNVtmXPJtJinykjhxxjjHIwSO/QcpLp88JPmxTQ7TjZJEysMHHO4DADHkcgjJPUAY+wqLSzdtL2d3tvZNfdvrv01U4u9mnpdWfpdeqvr080USO544B9c/TAOPoenSmgkMGAJweMHHORxwc4z1zyOfwstA+MqCc8HpxjoMEbh2HT3JFQGOXkFeQSMMcEdG4HX8hlj1wcCs3Cpde6/10ta1+2nolprYOZvW6XZ819brs+nbRJWVrDxKQxYcclu/Uj1GCx+vJyRxnFWUu5UP8J3HJDEHPUflgYxknjHpVUx4HIYggYOPfvjpxkjj24JGZQhHXnA+6R1XHY4AOcdN3qfQBL2y02S7tN6NWvruvJ236uxDte7Sl63a6O/pfS22lnqWhcIV3SKAwO4Hb27j5T1z9QccY4xGzI4z/EcdBgfe6/r/TPNVjvBIAPX8AR3PbnnHvnvSgElQM5IPBxknHToOnXnOfQ4ydoubVm7uyvvukla2l3da63fVCjDVNW6pJtW2u9L6O3ZJ699rcUkhdCuGZWwAcEDjA/I88dSOMYpt1kylyCTySMcFjknHfHJ9/ToBSxJh0LZxwp+VhznPOB1+UjOPWnXAbzUbJHylgOenUHG3LDBzxlvy5U2+Wye+u67pP0369Nu6bSi007u34JrfZ2va262aauV3ULkgEZUYySVzx3PUc546E9BzRsO04xnjkjJ55GCMgDDcZIJ6c9KmTD5VjkAgAbTgYHIG0HK8dDg9+QDkIycAgbeSTk9QccdeTjHAxxnjmsFHrbW2rtu7paPra9rvW2701cddetr6vXVLvvvpfS+l3e5CqAkZ5Izn6gEjpzgng8EDv1AN3YrbGbKkZHIODkAndntzjk9CM1GuNwYBcKck5zgtyRliMjBPQBt2Bk1MXGDgBgORjOBnHGOmDnLZ54wDgYrSLlH4U3fo7PZqz6bPq+3V815knfdaeS2Vui1v6/D0TVy5Y3jWcofghmU/MRt2qcEBgAMkA88Z69ga6QanE7xSAxptYhlPBOc8sCenBAAwQBz1BHKIqypvQDCdVbccnBJwxzkZHQHnp1FSC3lkeMAgFwdxyTtyBkgeuSc8dicLXVGSikuZJu1tukUum2vpsctSmpPma3V1JX0uo7PTyumtG/M7We4t5oTF5kToVZiUblSeyg/MOh3Dn8Og5ea2gkfKZVUXIBztctj7w65znrnn5ugBJHYTK52lyx4jwVGV44CkA5yMdAxx2IGd2x01mjlkkOGUIUQngnoevoQCOpz2zReCum4vpZavTlVk3qvuvd+pEUoaxbbVrtvZtxtZpLRJb6NP0scPNbFJJM4zljtOARnHAPTryQQBx1PWtXTE3CMbmXAYnrlVyMEgD3I49ST0FdHd6bGqB3ALMrM7qgyuMkHAGfxz0xyc1jafGu+RVYq2DyR2zxwfUD7pwSVOMfwxTUee9m7vbW2yaWure97tdk0dDqc1NJrazctUtFDv3vs7p6t6qx+mP7Fdr4ivvFEuo23iG40WDS7cxzXjTQiUs7Y+cysSIzwSckDA5Br7V+P3xlu/hJYWdpL8Tdb8RXOps22LTdUQxRRgBgjmGQleW2hDj0UHANfj98P73xHpupmy0S9miF0VilaO4eJJtxwyuEfBADDrgjkcjk+6eNYbvS9Ltr7VoLS9kEbrCtwWmbzDyzHzdxGWGRyP5Y4P7BweMxCrV1Gc2uVc0I3jZJtpu9/db211fZjlmWLw0uWhKUIJPm1td6avW17Lopa3Vz1bU/2kr3XrS203T9P16/n1Ke0jvJrzUbloZo5Z44tsytIURSGJbdtXGCCN2F/or+Bf7G3wIGvfDxPir8ZvCr6T4l8EWfiFPDmjalZCDw/qFxZxSyWF1eiYrE6sxDpMy7mOAOuP5K9N1bxFq8/2CBILGKdBhLKNFkwc4PmAZGwDAbI5APrXvHg3w942uI4Z28WeJEV1EO2LVL0LsQ48s4fZtAzgblHbO0EH8/8R/Dl8VZWstwOOeUST5vrNGip1I25VZRXLZtNptSXlbc9/hviieVZgsZVhLE3UV7JztGzs22+8VZK7s92uh/YNr37KH/BOjStPvpdU8X+Bby8h837Mb/xVp5a4lX5gJP9IKqM53YXLegAUV+I37Vd3+zT4a+IN7a/C+48M2/hvT7WG0uYtJvI50kv+FMsEqORJGo+Y9eMnLYOfzub4Y3d85F7q+tXk2S+Jr2d8FuhYtIRzn2z24PLD8EYFhZitw0qSh9rbpC2OQzElgxZc7snPy8kdT+c+HHgdU4MzKpj8TxTm2dualFYfEyaoQbavy03Obumvsv5I+i4j47ebUVRhgKOFu7e1i4yqt2ta/JF6u10m7qPY+qbbRPhfqehTa/N420V53Iit7K4lRlQ7AwIDEsG4wcZOeRzXxf4t+JXhu78aWejaVbWtza6dJNDcTOheJ5YyR5iZB+XAJDZO0YPGa9GtPhS8drcNdoYI7WCS4MUq5jyEOHk29MYzj9D38J+D3wv1b4geM/Ei2Xlsmm3E4abY3CCQqCmBzkAKAeoHBFf0ll+XU4OEYxttfRPROLv21Ttvorrc/LMVi5QjUqSqStyu17Wbbi7PXfRJdHbyudtd+JVIMcFzPEpkbYLYOsaqRzgZA79Mc4zjg1zP9pPazSunnSm4YqTJIxPGcMRnpyDgYYexzn60tP2bLmK3Rrme43qzPIixAfdB3NkDv0HJAHBAIFW0+AFoYQogE1wZMIJcqxA55UcemDyAcV9hh8BBqCTjFNJ6W2aV3ZOXle6WqaPicTmKcpNO3K+Zaq/RW059U3u191kfG89/fsGWJC+4Y/doxY5wrdu3TnnI4Oeaw7jR9enkX7NY3UgY/eeOThm78goDt44z6npX1vpPhzTdI8Wtpl1a27L56WaxsuSkowCxDDjnjJBJJ5HHH1Ovwy0Uwho/J80xiVoIo1JVAOFxgsPTB5BPpXcsrqNNp7WUbJX15bW236NK70fWx48s6p05pXs9G23srx31XW+iT1bd9bn5B+IfB3iPTdPfU7y2mSGRwBIyAENgDaQVHDDkqeMDaT6+jeDfhb4s8T+EBfaZbSXEUZYsWIaNNu5mVRnhiFyMHgYAAztr60/aL8IWtl4MtpbWCSOI3arKzYGeACVzjr1xwWI7Y59E/Zv0e0t/hkUuRI8M73Ecflr/E0e0HcuDnjByQOnHTF0MqlOpyODcuWLey6xtZdlfpr0221q5/Rp4aFV1Yxi6yXNzJWaUZPfS0lpqrP5n5ZanpGp2N7d2f2aVJIJGSYhGzuBIY7jxw2dvzYxkjAXA19B0/UlG6ZJhGMs5YDJYEHHqevTHIx1I4+zvEvwl1aTVb2aCDFtcXcrJIxjyEZyfnJOSQCOfQ8c/LXMaj8MJ7eFEN1Z2zBwCROiyYJ5JQc7j1C4CtgYCnIrOtwxiasfcoy1i0vdSSbcUtdVKy67rpqdH+u2VYWKdXFQuoxlbmVve5dLK931b0766HAaP4uudHa1jSNNgRFKSMxGQRktwQM9RkkjHG7Fej2fxH1qe5dU1GK1UR71VSRtwuAqtzk84AyeScngGsQ+BNEilhW61dXT5d5t03s2DkbtgYcdeD0x+PaWvhjw6lwkkOl3mosItoUwskfTAYDaCSAQSSSOTk4pYXw+xVeTlOgt1ZaO+i3ffRaaPXucGP8AF3JcJCUVWbs4rrZp8iu3u1pt06KzPKPG3xD1uazW3l1Ca4W4uCDNukBjDHHUAZIJPBPXkE8Y+j/2XF1T7JqU8onu7fcfIeYuwkL8sQMEjpjdyQCAeTx5tq/gl9Vjhht9BitfJl3xCRiu5GO5ncE4Y4C44wATg17X4Bm1jwtph061v7bTI1DqTHGrzbmHzLwDlRjr1GAOa9Ot4aYjE0/ZxhBL3dXF2ey00Wu+91dXvbR/NPx3yfLp+2VV1mnpCEtVon1avorJX9NT6shgvJLYyx28koyuTHCyhSCcqxYKpHBBb5e/1qrLa3CahE9xPDbhY96ma6jSNcAEb13An15PqRzyPKdKTxZrETw2upeJNRMnmK9tptncsHzkYUxLtGSV9SAQMHJFd74X/Zt+NHjC8jfRfh1481gTps/0yy1BIySePndAMHjBwMfmK1wngzJqDmopW96Vmla8Vu7rve2m/U+azb6VmX0I1I3jSaat7SvTvdOL0TnfVLbffS+hoXXinw7YLbJf+JdOLCRjNDE7TyIsZOVdVGAGJIwvTPU4r5u1bW4dR8a6pqQurqTTpty2cNpBIfMiUYWOX5eM9icYBOcda/SHwZ/wSy/al8X3FvcwfDAaDHcohe51W4gBjRiD5jJK27cDyeMgdsZLfZXw/wD+CIfxjvPLbxT4v8PeH4G5dIozLcdRuAYLsLYJGCQPbGa+lwfhZlOGcZYjF4am4tXTnT5uVW0tF36O3TfRbL8rzf6WWJmpwwdCvipbJ0aOIqRu7cv7yK9ndW0SlZW18/wwvdSS6t1GmeH7+c7l2vd3CRpkZAZ9zBjg8jA5K49cUbi58SNbCCHT9H09Tscs7+fL9QELA5PPocjnaSB/Ub4f/wCCNf7PfgyBL34q/GB3dEElzFLeafp9qCMFlDXE0TqB3bBBOSeMgdaPg7/wST+A6CXxR4v8Cajd2pYu9/rkerTkoGBP2a1mnDA8ZAHUehFe/h+FOHMG040ZYlxslKnQnJWjy3s5RjC2nvO7v0PznF+P3GmcSlSw9PE03U05PawhKKdrXhTlOolql8Lflsj+Umx8J+P/ABDexDTW1K7m2hBDoukzylsgDavlRMxOQAexboOM17N4R/Yt/aR+IM0Y0b4WfELWBO+2Oa9sL2zhLMMjLXKqvlkHO7co5ydxya/og8Qf8FRv+CYHwZR7L4b+EbHxRd2QKRHw54Us4md4+FZbq8t035wPm3DOcjNfL3j/AP4OEksDNafCP4G21jCqsLW68TXcdum0qQriCx3Lg8Eoc+vA6erRqYDCpKlgKdNL3U6tSEXfu4xjJpeVr/JHzssb4mZ/V5qWAxM1KS/eTp17NOzvGpXnQi3d67q6bSs7Hyh8N/8AgjV+1t4kRJtW8J6R4OsXUu13rN7BcSRr1+eKGR3wO4IBB4OB1+2vhX/wQ701bKXUfiv8bNL022SYefFo7R20cbKf3iebduqArgkfMAeecCvzB+L/APwW6/bI8dm9tNO8a6H4H067jlQ23h6yhklhjkBGxbiVBICMsA2Qc5OByB+fOvftg/HfxdaXNv4h+M/j3UbaaaSV7WDXL61h82Xl8pDMEIJy2MY5AJwuDNXPIQUqanRoytaMqNNSUVZPeo7PRq1oedtme5hfDDxBzKNOtjMTDC03J89F1JynJO1pXoU3yJJNNOrJva90f1uWn7E3/BKz4CILz4nfErw74lvdOUtN/aXiizmkDxKNwNrZ3BLHIYldnXgr0Wuf8Qf8FFf+CTfwEhey+G/gLR/Guo2KmOBdK8NQTvK8X3QLy9tzuGQPmLDPUYAzX8YetfEOW4uJLi9u9Q1aeT55J9Tvprt2cnJ3mZ2PzNznueo7V57d/EK7WQrHMttHuJQKMkgbvubRnAB5DY+8xAwDXh4jOKCjzVMViazb+GVZxppvlVnCmopX0srvvfdn2OXeCONquKxtfmTST9nQ5pXai7KpiZ1nbRL4Vrfq1f8Arr8bf8HCltotrND8FP2dfDOkRRMUt7vxEYbXYmCFcQ6eEVgDtbkcAAHPIHwj8TP+C8f7ZfjHzoNM8X+GfAdtMXVoPDmmW88kSYOVEtxGXVgflDEggjO0t0/nRvvG97K+xbmXYepZyOe4OCSSQQDk8Dk8DBw28RySTKAzFiSG2s5xnu3OSSOQTxnbjoMeFiM8wcU5RpwUkneT9562ejlJu/ne+9uh+lZR4K5dS5VUw8qyuk1JNp25b+7FRi03rZLVt6bo/TT4lf8ABQT9o74jzzf8Jh8b/iBq6XDPutbXW7vTLVlOQQYLSVI1Vtx/hAOSo6V8o638TdU12Zn1C7vtTnuJFDy6nfz30u55MDcZpGJ3EgFvTvjAPi2m2mqatumtLaSbyjy235AD2+Y5wcAA5PUEjGM34he6Vq1jDqMSW881zbsqvz8vmqxUdiMdjnrXz2K41w0Iui8RBPVOEbcyellp5e7bRb72uv1fJvCbLsF7OpTy2jTnzRfMqMIuycXva72asnFvXS5+h2n2rf8ACM6Q/EbnToHcYGD5ij7o5PQHacAgAc+uYbXIkBUHePv9wmMBjkEc9cDJxjocV0Ek6y6VpCLhUOm2o45UDy8jAHRsjgjHHTpmsxSVZQNjE5ULk/w5G72buT3z3618fLGyxDnU5nJVHe7u201F636/Pur32/esJhI4elQoxXKqVOEOVRVmoxj5adtErJbO8jJvrKFNJuxHgulu7OdmS2ASN2RhhjIODwc8cZPglhgy3qhYxvmLHA6AkgEkEgYGO5GflHoPozVYpl0u+dWAElpKXxjIG0YBGB34AHIHsOPnHS1VJLnexD5QfeH3mZjnBJJJ4PIPHPPOfMrzSnvvZO+iadrW12va7bvdPVux2yVmndq1l1VrJbWdn6X3fmdT4Ttyt3qRVgMOpXccKW+bJOOAQM8n6fT0SPeI3K8hNwLgHBLYYkgke20gEBh17VxPhaJBdag8hJ/eKSoyd2cjAJz0PAzx1yMjNd+kQjikYY2yBmAbjGCMYB7jp26diCBth5Win5tpeWm/TfTrpffVHPUcnotLXSvrq7WaXpp1tfVPRPMjRXlUAsxUhiR0wcknOO4Pfqox0rtNJIF5ZglSBOuNqj5c4BxgA9D7gZ7cCuKjV1uwFdAHC8AnHOCcjnBHOFIxjgdBXZaIrJfW4LEh5l+bjkKRzk8DrtPThRyRkn2cHy80UttErJb2jutnqtdFZro738PFc0Jx1sk7dNbWbTvpa9tb/gfQYGIo3MhZdmQoyuDgED0/DHAz60wMecuQC3KkYxnBByOcc4P8PB+tKwAjhKk/KqkkDgcBQcD1OcgjjHvULlvmU5UgHoDliegyTjA+vB7AcH6OL0Wq2STXT4W1dbtO2/wvyaBNJqWkdI3XRtcrW9tLpPT59UDzS70G4BWfhflxxnrn6dOcg8ccl7Fw+5yCJEIy2BsIHQY74xj65BI4FRVYqN2QQOM4zlevzYx07Z4z8o61LLukQgHbxuIJBbkYBUMcAEn24GCelL3nLVNLrq+0Xpvq++i30d9HKbaVu6e/prbdtqy3W+zuTQ7yRsYqqqQG7sckEdcgEDoMfXIOdnT32yIoA3kqTwTjJPLcDgD7uR269q5+HzEQhhgBdoLHOD1YDgrn61fs5NkygMzM5UbgSOnBwMjgElcDgHGOlY1XZyd3dLdt3skr979r/O6IirzhdJtuKevTmik3v0vfRqzv0ZxHie2U6vfSSnfG0mG4PYYBwDyPTPTuea5xLDpMpZYmO3IIHByMbeuTnHT1Hoa157XxF4k8WXlha6fO9nDMubjayqq8bnJxhgCBgcg91xXr1n8MJYIBJIsrKI3wzn5UbBAIU8YXIByBnp1OK/NsXjYU69XmadpvZ3a1T1W1teu2t9HY/SMFgZ1MPT5YS5VGNp7NaRe1r791fW63Z8M6TFb+PP2oPCujlZH0jwPbPfSK4JQXQUMjEYIyH/iHUgnp1/RjW7iNLCdrYYkmkKQsgGcuACcDGRjAGCfU44rwL4cfBP8A4Qb4h+IfFd1qKX8uuKBFmMFolLZ25AJBGQBg4A/vNgH6DutNvfNiljUvHE+5VwNp2jltmDnp83GevGTurwMwxtKUbwl0v6NqPu2u1skrefe57GW4CpTUpSVpOb5uvutRVnqkreul/kZuhaDL5KLcAhWVSdwAd2Y8nnjHOMnkcEe3XHwtYKFkESEkFCxRTjjpgDqQSM5wcAnkk1Wj1CRVCyx+VsViTtwCcDgZ4GOMcnABxjFWm1lAsYYSKgGACSFfJA3A5z2wOeBg55r56tOo43jKV3rHWybbSdvLtbez6p2+pg6VOlG8FzWV7rRO8VJK631e9rW0sr2zNQ+H+g3YIuNOtbjcpJd4oy4G3rnngE4yeQM45ryjxH8B/AuqgrNpcaqEZmTyxh93ZSQTnGQME4453dfbDrcO7eGOzBVSxJUkAcqM46LjGOQOgas2+8SWKRPcSMAkceAwUbs88em49DkjqQMYyNcLUxdLmcast7tO7T2aemnTXTazvtbGrHCVo/vKdNXVrtq7+F721u1bqm301Pg3Xv2QvBF9cXE9lLcaez7/ACo/R2OM5+9gjAzyD8pGMnPjXw/8Y+JP2L/jz4G8fzaBZeJtL8F+IrTV7DT9WgWey1E28wby5lkBj4GdgIyCBg5OT+mVldvfm41N4R5MqEW/mIpwFOcgKDjAB5UZ4GM55+WPjf8AD7TfiZ/xL7iQxSRNvimxjy5Apx0AJIIGFzjv9O2tS/tPCVsPiHzxqxdOXK+VtSST16X1as9N7HzuMwlDDNVsLFKpGUZKyScneLs0201otH3ul3/oG+BP/BxNomj2Xi6/1XwVo+h3PjC+t7yOztY4reHTmEKqW2xoBIicj5hkArjpz/Ln/wAFO/2j7n9rb9o3xT8Uba4S4tb+ZYbeCMgWyIM/MqL0DZwW28nGeOT85fE74beNfhPrVrpmrpOlpqFn52mykMRdWb/ddQQQCV7noOvWvHpZ7qWR7cwyqQhYswO4jGQpJGeOACB0GOTX5tkvhzhsgz7+2KWOxmIVONdYbDYmpz0sN9YmqlaVJtKV5tt3cnu9jDNuKa+Ly+WWRy/D4ac3S+s16MXGrXVFRVP2nvWaVtEld2Wmmnnk1pqtg8gWRoVEbIsifKwLKQVU4zyODtznjgZFYcdncwx+ZKoDtIx3PjJDDJbO7BY5754GSD92vQ7j7TPKtvcR4wAVGCzPtJxjjJzgjtt9+lc9KsrXEnmxCOGMZCuPlL/dBUEHnPT05zggkfp9KrJqzv0TSclfRaNLRJ28m/z+JbqJLRrTVN3s7x0dndJd1b7ijbbxb5QBXkYliWXJxkBj0K9BjgHg+gNKYVZwWZgmMO2DwxIyM9s8H2znBqGcMoZogw5VSQSAmTnAXGG5HcgHd0yMVXEd0i/LK5Dlgqg5JJA5I9+g6H15wRvGN5Xem2jbXRPfR/rp5EQTk1p2ab36J9VdW9dO5OPsyMQf3rgkMf4Qc4HJPQA4PPBzyTxVdvK8wmM71ABfJwoY9dw5wR2CjPqeBWcIp41IIO9mY4Y4brnvjA/EfQ91+zzx78q7sQAQd2OrZ4JPvggcDqSDg37FaW+d7+V1fXXdJ3+W45OS+zK+7bTtd20Tt7zvvrtezurGoLeWdSAT5bdWzlfM7Bc9iAASMADIOeKhurdreRbdJVkYne5B344525ORgDOMgkdhjFKPPjhby92wKN78gbmPXgYyeuP6DNUZY5WkiKncSuQV4GevJByfU5+p7kr2WtvXRNyeijvpbqnZpXSTfKrpEW01K9rJXetltrrdXV1bu7u6YxyI0kDkH58gjhyDxxnHAPReNxA4JINEcu1ZArsSxDKccqOOB6npnovp2xTaOVg5cMSGGVHceoweCDwQeuOnUFEhnPmDayA4wcYJ9uucKMAkZPBrX2UVbm32bTTenK/O2q0u2+5bTtonte+qvtora6a6r7mjXtLuQy2+9lYEmNkySdg7gHIyR1x07HAr2W0ittlvMAzALGBCBuYHGDnB5YA9fQbuhNeNR2Kwoly0o3JgY2kbSQQQDn73QZ6g5HHWvVdK1Syt7VJGLMxjQl346DnPrkZAHrwSB083MKDcY8keZ9tNV7ttVv0+VvK9RdkrtrRNare6vta12vTd3sdDEyGU7t+4tlQckqDy24cbRgD0/hwMc0s1/BBLaxlmwZBIMjJDhiVyvICBuTjkAYwCMVQ03XrTUruQW0G3B2lpOwUck4xjnp7Hk1oXWirdSCf7Sp3KdgjK4DFtxAJznCjsM5J9BjwKmGi1OnWinzKSaeqaktdba3W7276kxkoVIyU2nFpLRJX5k7u+qvfdJK/XY/RPwh+3v8TvC3gvRfCpuGl0/SbEWVrHbM8LpEihYzLJHgEAYIOemRtySB4N8Vf2lfiB8S4iuqXEtvbOpQRF3kEyHJ5yTyRwT05+bjBryHT10yDTFjlKuY41RcPucuCATICSSffn3Gejb+909rREEcbsgCwfKN6MMbmbgEkDI46evr+aYTwx4PyvNqua4LI8LTx1es608RGivayqTlzznzNXTbbdk++2h9DW4qzivho4SeNqugoKHJdJ8tkle1tLaJO/ndts40XLT3SvGmWyDKyKclycsW3AHrwSRgkZB611VtLNcK6gkoSu4YBCnPK8gfU8e/QYrn7e6t42csYQd5DH1yOc+3UEYOMk9sG3H4hsbUSMZFUN8qhAdrYPPIwduOn3sNgDOK+3ngpT5FCm7LrayXw2T7q1k/R6p6ngTl7STk37z+L5Jbeqt83o97ULi+uYL9sgoEd1Utj5U4C5yMg9eeScEDBqjJLNN5sskh4OFOMhiedw53YPTJ49B1xFqXiCwmkd4NgIKCQvuJI59c44xg8Zwem7C8nq/iKQuI7V0SJ1O4kbSdo5G3nocAE5wM45OK9LD5ZUlGPNBJWsrWvfTbttu7bvTTWOW7Tve71Sd9fdSd29dVdu/wA9bH1N+zXrDWvxPVd5QmwAJJ5JzjpzweeDkgdMlq/aDR799Q0+4tpDmC607yZlkGVdHjwVC8Bgc4I9Cc5wRX4S/syz/aPibp4dSPNt3ZpCOWwRuIXABII5JOe3fn9w9BUi2hd9xV4ECoi4ClWVex7nBPQkAEYBArPF5TTVSm3FOUFHVq+t09NrtXfTR6W0R+s8GV6lPASpv3oc7bv8Nml336b2euqbVj8dv2ydFtdB+IsFlpccWmRJZJ5yWI8hJJJSQC+zAy3OSRznPA6fHGoafMkKecHkkdfkLMSQFPH3vlIwTz1PBwSc19y/tvWzp8TbmaQgILaDYvKknhgxBGenG3v0UnAr5XvtMtr7RLeZZ91xFGrMXbaFDAZQFeemdpZunWvdouNKNP3Y3dk3yp2asrvZrfp5tnyWcyn/AGhikpOMY1GoxTiotaJJK63SvpbXrfQ5Kx8Pm402S7GDOIxsTAyoAwxJzjjnJx29KzDp8ipGo2xzHIygBz684xyMZ6gnPriu+0iGBLS4LOxkRFUJljuAzuPGBhiWB2nJ7muT1+ZFu0NuDFGWxgHcF5wxAX3zgHnjOTznaM3UqWVkrJWenNqtbO+m/VNdNzxppRjdyu3o/e1vovJK97d722T1ri2jiClzl4iGYMQA7A8hSOoAOSc9jgDPPR6VoWp+IVmfT9Mv7+0heMXtza28s0FmjHC+a6gqgPAXcVz14JCnzSd5xM4LkRsckF/uhWyW2+rcHABweOSeftz9k7Rx4h1C50OXxq/hHTtYlgj1FDALiK6RCWi8zKtgFjgttBXPYZDfU8N5N/aWZUsPJXU2pNx5VdqzvZtJvXTZvXR7nxvF2fLIsnxOYaJUYqyeu7Seq7X/AMnsx/wy+DcWqKrvFcrdpho4zE5WPkESYwOxBPIyQfUZ+mPFvgnUvDfh7SUlZ5Yl+ZTsJyOhJOAVx14wAccZOT+v/wDwTu/Y68LfHH49+G/hT4h1nTrDSZ4Lq5udZ82KK51aztRuaGCJnXM1yhAiBwQRjHY/ZH/BXj9i34Afsr+EdF0/4da4k2q6rp9yl3oGoTQz3ltJAMrcllZnhMpB+XgDpnGQP2jMskyKhg4ZLJyhmLwc8VDlpTdOMaaulUq25VKVmtXvo0tD+YeG/EPivH5xPiGnQpVuH45pTyqvJ4iMa/tak6cbU8NOXNOEeaPNOK2bequfzFaOwkUrJxtX5SRkk7uDgHoD2yDkHGMiu80qaNGw24sSqBvQ8nnGeACcEk9RjBrzbTrnZc3CM4UR5TCjCjBOQG5OSSR2IYf7xHc6ZKpTcR93JxkkjPQA+pAyPvA9Mg7a/BsVVVPESp3l7spR6LRNat92lb5X0e/9wZFF1sPTr8t3OKnZp319m3a++l923rZ2SPE/2l9Q8i48JsrZZBI2ScsAuDjByeQSD3IyeDkV4/pXjaJVAeYrMy4OGACn5gAcADGOue+7GRkHpf2or3Fz4aKu2QjsM5IHU8EfdA5wcDB5Pda+NbrWbiJnQS4WR1AAz1B69jjIJAy2c+mAOeu/aRildppXk7pfZ5dHrpda6X++/k5vR9pjKqbtqnq+to2VlbrbT1Td3r9Oa38R4rIPbwSLMzbsvG2c5HKlhhSSRncSTgAggtXhOv8Aie71dnaWY4V38tsFVVRuwox82QeCTjjk8g4446jMrtK0qyBkxub5t3G7AHzEHAPOM/L7ZFSS+M7eUQACC+FGduFzyeRjHUcc8gkfNWdKly2Vtd433XXRpN6203S9TgpYVUmmvta2d07XirJrRaLZ7J67nRafq2pGILFcTMdxG5WIAyeApIAHXPBwQGxg9d2OZDxcvJLM+/5cnDMTyAwJxhscHkk8Eiue8ONaXN9aadPeGzguGHmTbRld2VDAnjBByCM5OM98+wH4c3u24vbDUEl0q1O4Xjpwzr+8C7mz15OSxQDOSQBU4irTpOKlpzfDdJ9m15rW3Np/l306E6qbhBWjZO9mr2i5bNJqyu29E3ZvqcbdRCCzXPmxucOYVGNyYGBuOcE565GN3QGva/gd+0b4j+CMfiK28Madpay69bPDc6pdQI+p2MbLg/Y7ggyQEA7tyEHI5PGR4N4g1F5I/Ijn3vbscsqBXkZWzneARgAcdfwPTiEW7uFaZZG3MSCVHJUElt2TnLcHoO+ecisalGniqfJVgnB2vGV2mlZ7XaeqSlpbV6uwpfu21CV3ZXat0tdJty66O1rfez2+68d22oaneeINSvp9T1O4v5Lwz30rTNLMSXYP5hYt8x+QY4BzxzWtP8W724tCpYRSSEkNCfLACnATC85wASBjceegOPn2ON1jZpDhwGG0rkjPJ6ceYeNvcZzj0yGubiOPaFZESQ8scSHBzkDrgkAD5sAjkhuDh/ZeGqKPPFctl7v2Va2qVktEnp5WW5zOCnbmV7pOzW+13rdaXa0t6HvzfEjVJLaVJ7kLI6lfNeRndeCVAcgkZIIHBOfcEDlG8aK4YyAyXJ8xhLuLM2MhV2E4I6jJxzjJryqa+k5Egk3GMgcsMgcZx1J6ANkKMfSs5L9kcOMYVTgMBvJzwO4bOMc+x961hlmGgockEuWyVla6STV0raqyV76PS+prBJNXiuiv1tpvqle0d2+7urXV/XWN/cyXM21XZh8jDlWJLBgMAg+3fIycdOWvEkiDKSrFtrrjBKjC8D8OMeueBznQu7ySeTc+FZgGKhSWJwMMfTAz14CkAkZBrORS8gclsAYJJ3Hjvx19CM7Rj8B6lJckUmlyxS72iunpa/W71toEtdrrRa31v16L+rrYgj+9GD5jsem7gIxH3QvqMYABHQ9RWrpmnPM7SMssyrIUACkSB2wAAAOQOBg59wCwNRwZhkWZELpHyPMAALN1zk8gDkjHTHrX3t+xh8OfhN8Yfj18H/h38RvFlt4C8L+J9fii8V+KLlkW3sbEPveKPzGVEmdRhXkwoZic5OK83PMzo5RluLzOvCdSlgsNUxFSFCnKrUcKUOeSpwheVSVotKKV2+uh15dg3jcTRw0ZwpzrVI006l1HmnKMI3l81dpWbv8AP5Il8H61bWD6imkapNaxxDz7uG1mmgtdwyqzSohSJW4xvIIB4GDmsnSrC4uL+2jCvJJKVBixhgScgqOSD91gSNuMYYNnb/SL+138VP2aP2U/hT8ZP2fvgfo/hjx/o/izU5NL0TxvNax3usRywfJdXzXbI8aw7QHhFvJgYPTNfz1+GjFLrqypC8xSIuJ1+RAeSW6ALgn5R0YDHANfD8EcY4/izK8ZmtbJ8RlWEddxy5Ymcfb4rDqMbYidFNujzNu0JO+l9HofQ8RZBQyPE4fD08dTxdWdGnOv7OPLGlOdm4pycr6a7bStuizrE0tlG1u1u8dw1synawYCNcqQ2cZzt9DyOSGyK6T9muQt8XvCPGS+ojJxtYncpJIHGSdwyPU/jS8SKsGmB5VSTzI5pBcvlZA//PMMeXBz05x15xVn9mqRX+Mfg9lGCdR+6BzztIx6dyDk5ySfQ/d5XNz5JJWftY9N17t76tap2vZWvt1Pn5t861XwrzX2Wtr+Sunrv3t+62prvdQgO/aMAMSMg/MPmOPT6jpnkVkpDJGUuJQM4cAMAQwz97IHUjnPHTcMCt27ZGuQuNp2ANjd6YOOQAWK4PcZA6dYGaMrsbI3DaDwV4JBAByM4PO4DnjBzmvvYyi1GytaKb7LZaXv0aV9LtJbWOGcr1GnHa2itH3bJWSd1s1frst0ef8AjlvM0d5MYDSoEQrwVXC5BGCckdySvr3ry/wTHG2tXgLH70R3dCMLjHbn/wCvx1r1Tx+/l6I6pkgSJtbBBKnAOOAAvHC4z0OOM15P4IydX1BTgqrRANuO1Qx3csSMtyB64PI5FOmv9pjbot0tdV3a2uuvU563wystNF+V07Py73u9T3W4BEiMVJVFG1WwFYfdLAEdcdRgKR7k5z5psFgoBA3BjwcAg4Ukgjjj7oGAMn0q/cP8u5yCFUEE7ueAOPl5HcE49h1zz88saFlO472JA5G7cOMA7uck5OCeenOD6kVrfVNtavWNrr7P5tO6ueZOyk3d2083ukrLpvur9bX1Sy/B05bxQ0XzAfaCwJ259hnH3TggjPOQMY4Hv90VMkm7I5X7uDuAAJyASB69sdB6D558HyKPFEiqMt5wdk6lVyeT+PQdu2eK94vH+8VI3qudoI3KScY+bPHBGT7jA4r1KC5Y6bbp90rWdtk91dvqnc8+q+VNJ328+kbb2dtdr6909sS9chl+YfKWKryCDuK/MCByST3HO3rWlp0jHYBtb5SDgHKsQMknnJwMDB9BjNc7dORLvfqSNwyCc9Bjkcc5YAjj1Zq6HRR5cin5WVss3dUBUtyCwJwRluegPTFdtNJJtvolsm31Wy8t+ye55Mr1K0Vdr3o30V4u8dHr16tO7uu9j8OvjZasPil432Ahn1u7Y5U7thlc5yBgN0Pt3zyw8YuxNJKQwVmCFYznBLDuTwAT/hkjHH0D8b4J7j4reNGs8MW1i5SQ9VU+awz1z2IPHBOCOhryX/hH7u+kXLxW4iVvM5OWJIIIA5Y8AfKTuIBJ9PyTH1lHFV3ZfxZWT12bs0tNr+t0rbH3NO8KNNXbtGPSyd+W1r+TlbXdXTOHntZ/IQlXZog7Ow3bBntyQM9cepPJ5Gbthpqz5acum5B5RPO8bW785wRgZwcjjtnX16/bTYPsKiMsEQMdoxhcffyMbyck8c5B64NcZNrl2giNu+4HKk7Bxnk7Tg4GeOxz15Oa4YuU3dJLVK60u7x0vq9XZaq1lZ9UWpOWjST0120XK7t6u++l+ltkdtaaHYTiRXtnbAw02OgXO5/U8DJHPoBycx3Ol6VYyowzhUMjbww8wDn7p5IDBs8ZAwD0NYFhq+twxGUH9wkmcOAokzndnrnHBx0xgccYyrrVLq+vCbnLRklcBSAq8Y24yDk9eBkjkA1fs582rlb3fl8Kfl1e+rtd2tcTj1bfS+rV23FPZt31Vnrfr5bE+uGIbbXcIpJMk7iAMEghRxtUDkgdc+3PqGi6/GdOERhjZ2iBGwYZs/8ALRyOuMjg8jGMV4SzOzMkKlkDfKWAJIAIG0HGF6jgZwOR/e7TSrmWyWLepZHXDgjATOSSByRj2/HAG4Y16Kkktb2T5erW+jV1fdpLez6J2iaVtLNPS2r3tqr+uiVtb2srnp2lGA6ks10Y5bdWR/IJDF1/uKSTtAxg7ecDoAcn124+JGlaNa/ZLHSdOFuq7yTChMLqAW25Qc9SCC2SCvGefmWbUpPtcM0CER/8s9xO0kYZiTnJySxA5PQ55OLP2y/1CXyWizDxwi8bSOSWHQDggdiSB1zTpYapo4p2dkkr6X5dUkr7fNb2uZSjFauVopp76LRW3s0n1et2tEjR17WrjxFqEuoIWP7wuu0gKqE524wMgYBPA+gGMUIQ3zPKxWNuQOMllPTIPQhSecDIOR8uK3/+EavYbWK4jjcRSKu4hMIgPZiRnPJJHUdcelG+0W9itHYBmwrB1jG7YNpYE8YyeQSAffqGPf8AVaihecZW6u1v5et9dXa+7fTTWY4mjKXJzptWveSe9um9uq727NmbFrrJJLtVAEXYrsMEDuM55OORjPO3Iz0lvvENzLax2qykqQQ7jkbl+UBmPOR0x+HGADy1pYTSP5UiSKJPlBfKsXDbQBkjI4yCOMHggCvWfDPhnSE8uLUg0jnDshzjPGFU85LZ7twQT15HPUpRirtXXRbu7tbolbfV3b0NnKmleTTT0u3q9Y2Wllfu29EecR3kskaKWUtkszncRgHoW5BHGflI5PB7HpNPtp75kkbCQB1VioycqwUbRyc45/HHOePYI/AGgXiLLEHtYml/1O3JdgQoOT6Ec4OTkYBrTTwdYWbpHZNGEhKNIsbZdgc7QxPC5PTO7BJPeuCrKnFXWyWvXtZ233v5/mYfW6d2kn09XdLa+kk+907aaPU5O0gsrVFJnkdzsBQZDKgIGRjGX6EhRnGeBxW4thBJIkyuyRuVwuz5m2gsFJweuATzzyT7d2fh9K8UuoLEsEQjR1EmWMpGG27gTt5yQcgkAE8cDzjV797SdomJjjgdk2AEBSM87jliCcjGAclc/LXlzlGq2oyimt+bTqldNtK6t0626XbqnXjUdlbVu17aO9m77N3T7au1tkbV/bypbmSEjzwwCwqTuII+U7QfmI7ZBByccZJ8z1vRNcvWM9zFJGqtvZ2yFVBgBsdSyr2I9PXA1D4oa1cXUZdztIQsAQXXDE5YcLwQTjOepxjGZqnjG4vImMrFTNkpGvAyvILdNpboVHUnOBwalUKkZWiub4dd0m1d2to11T7d1q+iCad3prfV7bb7LV+XkrvQ5G5tkVJEd1YxKWVnDIzBQMFQwAxjA44xk9evDXGTcOZGZAwHykkggcYPI4wRjvwMECuguNQlupHadkUt8keSQMkMB09sH15GVyRipLp0kojBbfjaS65CoAMkEZ54zjjtzls59ShGpSiufVu0r7K3urROz7Ltb5nTBpWbTenu2dmtV130767J7WRhi1ZGAYgrsJUYO0ZGSXK44HQLx6nPFYkyR+Y8aBs7CSo5G7A5Ax0BBHBBPRvmOa6y+0+aJAbeUkOdvysQ7AHBJ3cgjBA6k55HWs2bSpw25n8uUDBVsbsDI3cZGSOueT/tYJPoQqRWyvdWs4u19Oi1V99Hazd3a99JTUui3v1bd+W+ra7WVr9tN3zkboVTzHzhvvKAdpJwRjg5Of4h6Y56WUuIIYpYpY2Lv8yuSFPPQEdlA646k+xqKeFrQszFDk7cgnCseAAOApB78dBnJwaoPK6Ou7bKSD1xnOORnjAJGe/oc991FSV07+7qktrJK611S01Wu7d9nN7W010317PW62tt9z0Y7dGY25JJJCMuTkrzjJAO3tjGA3AxzXu/wp0/TpfMmubdbppFYK5Qn5xu+U5VkyCCcsfcc814la6dc3bKkUUshcCRFRCTgE8YwCQeTkdQDzgV9a/C2wgms4dLe1k0643b2kdSJSVAIIXqS/oVHQdcV4+c1+TDOEJ8rdoqUW1va99dt1v63dzOd3C63a27tWeve666a92er6FG+n7d91ELcIWS2DeTxgjZsXgsPXA4+vHaJcyNp73j3HlTREC3h34O0seN27gYOcck8AA4AHM614QbyQuns76ikIPMnOOd5ZSRsYjkjA5JGDxXifiW98U6JbGxuZp2Vysm5A7sylioRS33W+uCentXw2Hy+njZ80qnv/a53q/hve973e9lZdXe7fmOHtJOLtzO6130s79PW9tLaK5774h+I02g6dBBZXMKXs7YuFL+Yq5+Ud8Dpkjaeck8kZ8+1nSvGfiNI7i1sDcafdKRJcRofLnkK7sBlCkNljzgk4IGT08x0qITFNZ177RHaoFEImYuJGQgoXUk5JJ6Y+7g5JFe+ab8fE0NdOtIrC0Wzto0Xa6bonGNvmCIKQH/AIiQOvIJJwPZhg3hEvqtLnas203ZN8isrPa2r1316IqNJwu4JOzje0m027Jq1tmlqtkruyvr8k+KNN1LR737LLp13ZFCEd2ikRWOc/KWGewwcEfXOar2uv3VlERa3cyFFCsnzZLZG4nIzkEcHJHHBzX2lqHirwx8S7a/0/Wra0gaQLLBeRIonUEDb/AMFdwAOOhwv+z8jeJ/B0nhfW7iBXMtrORJYvImUkRjhcsQVBx9TxkcGu/D4unVvSrUeSpG7tJJp2sm1qtuq7bK6dtqdSM/dkrSSfTS10mls10672sz1zwV8VdU0yzMF0xf7RAVimmBYoBxgkcKmfvZwDkbRXkni/xFq76l9tjvJJEn8xlZHKRIdxJUAFcgg46emAAStQ/2Zq8NvLIrqzhF2wIMkKRkLzyRkgHHOSdxPWoE8Laxrr2tsRIPtDBF2na0RyC+5TggYAJJUDGWzkk08PQwlCvUrOKgnvfe3uq+t0r3e3Vb63N1ThFJ6Rsuulr8qvfa+mt1ezV2je8PeK9d1aSDS9PuNkkzoojSQgyE4w33h90jocjpyc19D6Z4c8eSpDLesksVnhhbzkMsy5yG5DcDGAuRyQe9cl4T+Fel+DZk1efVobi9dNsMEo+5Jtw4AwcFHGQwyM5wSenRXPj2WBUtLmSd0jkdTcxyYHBIMIAIBX5cY4LDnoBXkZlip1ZuOBpxcU9ZS01jytJO9la9+a9vdRzzqS5rU0pJOzb+HRxau7WXndOz31sz2e18A6J4u0cJqcFvbaukEjQ+SNkRYAspLKR8wcdyCeSOtfLereG5fDmtPpjRIZPMMjXUaDYUWTcTnHD7QeAecj6D3bRPFsVw6fYbiW1tmiDSu+SoyOdpJ+8TnOO/66mv6BpnjKG0eymEGpx/IJIyojlPGXJyQd/IwRwx5PUDycBj8Xha7pYvmlTk01K6ai24xbu224u62du2iTIVZwXvxTTslJOMukVdN6tPTW616XuyHTLbRtU0CLyJ/InigUgLEALh1Ub2YbeWJBxnvgAGvSvCWoaTo9vp8a/Y7i7unaOW3fAk68b+T05OD/DjJwcnyTVfAvizwz4fXVbCdpLS3ykgWMlg/dpSuQEAA2svBAHB+6PFW16/i1mwumvmlZGR38psKjlgWXAI6c4bAIJAIznP1GXU8Nip1KkJQqPmTslFtNcrto21bXSz9U0eNmOEqY2jPlqypxSd9Eud6O3M2731Wtnuz9itC8ZHSvAN7YaZq8umnUovIvLPT53tEnG8ERXAiYGRQeCrkgjAPB4+Vbq+eLxTqZeZZmds71ALKT2BUnkZHrzncelV/BWvm/0szsXxBHHIIyxIdiNzFmJJIGD644z2Ncv4gkuNJ8Qrqb4EGpJ58MaAuoUIyyBsKRye5IIIIzuIFfuXh9xM8Ji6eGxNe8MNb2Kk3aNnG6UXf7PXZb6aH8555wjKdXMJUqTlWrubfu3cndJSTtq23pfsne9j33wszX8sb3TsIusceTk7TnoM7R0JJ+6T06V9mfBfxjp/hDxJ4cvI47KUWOqWWpTrLIuNlnOk4R24GW2HAzweo6Afm5pni9vsZktZhbMqhfnOWJbAIUnBUcYznvnAIrsvC/jZIBcERTXc0RMhY3AVCwyQrksFwScHsFyB6H+il4iYSFBUI8tSNSPLUk5WVmoprS7Wja3j5Wvc/EX4RZvis1hjqrlS9jNVKVNRu5ThKEk29bp227d2f6HVn/wUN+GkX7JNj8So/EOkDxJqXhSbR9H8OWl7DLqA1dbMWiRvaqzSiLJ3Z2gDAxxuFfxbftF+LRrmta3rGpOs2p6tqF/qF64fEnnXM7ylQuQWfDKOhI25Yg5zL+zZq/ir9ofXbD4Y+FfHPgn4Zz2enSz6lrvjTU3t9KtY2BVEsWMgQ3sgHyLEzO7duMV9n/DL/gih8WvjL8RrnT9e+P3h3/hEbNReahq9rHqEesatHK+5z4fjuwltdptJEcqMY2DAhuM18RHM+H+DctzjMsHKc/r83Xqy5G40afM+SlFxu3yyk+zb6Wsz9oXDfG/HOa5NgMw9lRw2V0adDDrm5Z15uMOevKMmndxjFO1krWsnt+G99JDNeMJZivmSKIraICS4kJ4VRHEGcs24fKuefTpX3X+zB+wj8dvjxeWsvgv4b6xHpF2Ue48TeJLWbS9Pt7Y5MlzB9rWJptgyS0O7k5AJIr+sD9l//gjn+y1+z8LbVovh+fiB4ltEDTeLPiGI7tTIoBMw06XfZxlWBdX2dh0JzX6DXeufBr4X2sdle3ulvNari08OeGYLYwwDgeUq2amG3TjAEmxR0PTNfy1x34n5nnSlguH6bw0KjcKmNrKS5Yuybp0k9ZLWzk0l/K3dH9OcL+DeHo0oLOcXUrKMYS+q4VuU5WUbpzs+VPRO3RvVNM/HD9ln/gjv4M8Imx1f4jMPHHiBJIJZLJm8nw7bPG0bo0UWMz7WOGSQMjcggA1+zvh/4M/CL4SabHJfWvhnwxbQxqyWFjBZ2DMFVVISCILcXO4AkjDHcTjHIPy38VP22rXw5bXFpokmmeD7NFKpNF5F3rkq4PyhU32sbkKQcsGBxyCuR+anxG/a98UeJJpj4Xju7+8+f/icanK13KUb70iRT74LfGSQIT8oII4r8vyvhjMsdWlUrVMdm1Wu06jrTqLDKTt0aVNJdEkr39T9nwuX5Pw/hKeGw9PCZRh6cYpxgoTxdS3L70patSabvdt36H7ReNP2kvCPhO03eFtP0y0tYlKx65rzRadZjAIEkVudlzKRjI6g7QeeAfgL4rftqpqP2hLPxZq/ie9iJzp2jf8AEr0KIKDgGePZNImSFO452g9cGvzH1fxL4t8Wlbjxj4hvL/zCWWBp3kjjBJdV2AhYscBVUKoXjJxVK1tUsY55Y0aQFCyRk4WYqCSojxg5ABHBLEZxxtH6Zlfh3XkoTxbp0IvV0qMVFRV4qzla7a++yVm3v4+L4wy3Dfu8DRlWqdMRiZXk9mtHfte2idu+/uniD4/fE3xYZ/7Na38MxSsTNco5nvrocAETysZECjkbCMtwMGvLJ9OTVLg6hrd5qWrai5Lm41G4knUyZzlVcsAvH3NoGD25rmV1Y3lujbvLiVnWSNIz5tq3dWBAYAEnqR1GexFYandjesNwJY4+hMmXC4+YHncFP90ewGcAn9CyzhnLMCqbp0acpxUU5z96Tdkvta6WvvfVaXufG4/Ps1xspqVeai72hBuMErx1STWiXbRbtJWv2RVIg0bFPJUEKIVCBQQQSdvy4Un2Azg/eNYtxaWMil1KgkkNuDYAPG4nB5xgAckN9M1yd74s0/R4pb/V9RtNLswuXvL27ihgUYILMJmXHAxjBGOx43/H3x2/bj+HPw60iNPhxr2lfEXxS101reaDAZFt7CMA5uGuV3RyDOBsVsHuCGwPpKvscNGL9xRdtEru6tpZa2eutnoeNbE1bJc7tfmcleD1T666bO77u1j64uNPeK4mMLQXEOwkJK+wMuTuKljgELnI/EZPX5l+KH7S/wALfg3byvq/iuC+lMjwSaBpkguruCUHDDbE0hhJYFTuCgHvkZr81tZ+MH7Vf7Rupw6fow1HRdAuJ2Ma6Kkmmx20cjBWV7wCOaQRgnOGbcBnkg16n8Pv2EE+1tq/xO16bV5rqRZpbSKWS4lkk++FnnkZpd3Tc27nuAeiozr4i0cJhpO8mva1FyqN1HVK13ZvV9Xq0ncG6OGTliq6Tuvcjq9bPTRtW2e9lFNPXTnPG/7ffxI8c350H4PeEJ7KGbMKam9u9zfMjllVnRIzHHkMDhuF+90GDx2lfAX44fFjVP7T+KXirVdP0y6xLLZS3UvzRMQzBbZH8lGIIwm0dQMEgk/pJ4a+F3w9+GdiDpuj6No1vCgD3tysAndRjhpXwWP1yc+ua4Hxf8bvA+gyTwaPFN4h1KIEosfzW0bAHrJgJsHUhWwAOpreWCoUGqmaYuKvb93GSjs19lLme79Vtra8xzKpXlGlluGlOSdnLlb6rW97K9ru8lsrrZPnvhn+zr8L/h+gubTR7fVL6HG7VNWVZCSACHCSDagDfMCoDDjOOtdz4s+K/gTwTClrcalDcXIXEOmaWEfa6j7mYVJTGNgz+GeQfi/xl8W/GPikywXGotpWnSudljpbFCgBA2yTr8+CCCAWwAckfKWrxa71NYyTLMWlZiyIge5u5Xyf9YSWYsSD0wSRzjBJ4a3EOEwjdPL8PFqyaqSSSdrWa76Weuj07HbRyDHYtQq5hieSMmpezi1ovdb1v0jZbeV+p9NeMf2h/F2tLJaaEsfhywd9okwJL2WPoGG3GHKkDqudx5wpA+ftc1eeed73ULyS4mlYk3epzmXLN99Y4mZip3/dHYFcHHA861jxTJpYZtYu7Tw7ZyI0iTXsn2jUZQowFito98kbkFtnmhBnDFvkXb4t4m+MmlRQeXokD3F95hX+1tafe7tuxuhsgzQgZztLjJBXuBXyOY55isZKSrYiSilfkg2kr2bSV+istnut7H0uEynA4FRdKmp1brVtPs7uT36bO97r194u9SZhI0EyLFGMtd6my21mqDq0SFozKeCBtHI4DA4B8c8S/E3wvpIKia48U6iN6xQxF4NLhlX5lAyB5iqRxnJIAI55Pzpr/irxJ4iu0iuLrUr+VgPLiRW8oMxAXZaxgKFJ6ZULjdgc8vtfD99Csl14kvbHRIDC4givmDXBIAyI7dCZEds/KXC7jwWGOPl8RmDhZ04Wbbi5bt7fy3ei7bv0uery1KnNGT5VHRJaR2Sd3dXelnZb6aX1zfGPx68U601xaQTjT4IlaJbCxLQQxIvyhiVIMr8Y5z2JBzivMbLR/FHiplktbbUL8zyBZ7qVpFtkLEZEk8h2BdoOAGxjI6YrqoNL8F6ZcNexR3PiG+MhdorwCG2gO4lSu0hpM8sVJOeAADxXVXHiPU72CPT7Wd7C1u3UJpulW4jUBeAG2KrliBwzdeoJyK4q+MqezguZu+3M2uVNJt2u3Jt9b2MaWGjKcnOV1ulHTmd0ne7bvbR3TV1pbVtbTwP4a0Lyx4q1OJ5kiEg0vTir7pTyRLMoYBwQVwG256AMCBo3HjttNiWx8KadFplmAwjuXUS3nJAGT8zszZ2nAPUnPOBd0r4danIhuNcurTQ7GU7muNQbztRkhIXKxwgNLuIPysVPIXnGC3baRoGjaM0Y8L6LLrN4XEZ1XVV8xnHGWhtfmQAFiwJXOACfSvErTjz81STeqdrpRj8Ke1l/wdbW0PXoQtCPs1Gmm1oo3baSVklazbu7N7vR7nm1n4O8VeILj+0dbu5bSwmHmfatUcon95jDbvgnI+7wRk9OMV0S2PhHwzCbnTY31vUVVo5bm4O22jcj/lknBIyQQEBJ9hX0Z4X+BvxJ+JN4kWn2Gp6ir45aIC2hLDDBEBUIqLnbwDgDIzwPeNY/Yyh8AeGxr3i66ik1FIGeOyjyYVl2hiJc4Tcec44wAc968LGcWZBldaGGxeYYb6xUkoww8JqVS8mkvdjzSSu93ZavZHqUOHs2x1N1sNg6zow96depFqFlytOMnvbz0SuflsU1PUtTe8ghmKvuCeYoWNQDk7OBgKCNuM8dfU9Z4e0qW0v0nmuSHlDM6ZJChhtdSTk/KcFSMc4ABAxXbeJJLSznu7cCGFYbmRFt4PlxtYgkkBSTjnb0Iwf4jnk47ksGlViFDBQBgMFO1ssTjBJ9GPQde3e8ZGvTjUpaRkk0la9movpton1u9Ntznjg5UJck170ZWb9bJ6vta7d9Oqd219WfD+40+y0aWWJVhkEqOLqcGS4duE2p5mNg5JBGAVOAea+jtB8Qf2haJNM7NJGYlgDHIKxnIYryPlG4jHAHIC5wPg7RPEUkaxROR5KEFowcBgAMGUZ2/MBn0PHY19DaD4sght0bzli3RIsQGAFXHzZzwT1xjgjGcnNfJZxhq2IpySi9YvyvddXbR62W7WreyPs8kxlHD1IqSgklFNyd2721t3totNL7aK/pfxf8L2V94k0fxD5CzreaExuZlU4WaFSQSAQBtyuGyc/UYr88/FQvIPEHm27hJZ7oG3wSJMxz7VCnOR0AOOMdB0NfqR4Kj1nxwLvS7LRp9Q0+PSXWfWLwNb2Wmo6kvM0zgLsAOfkJyMe9fm/8TfDM1p44u9H03U7fUxpF+IzdWTrJH5ss5I8t8nd5Z4J3d8gnAIXCM67dTCV037K6V72tJrls97bpq6e6v27OMqeFeFWJo8qliE+f7LvaF7W3trZ67ryPsj4TfCPxx8TNGig1maf7LFJAbe0s4WkuLlmAYI7INoXbg5fG31OSD+tPwn/Yg0600iz1TxBpGmaNaWth5/leIbgiKZPLBkubyQsIyQASkG7IbAI3Yrm/2a/2kPCHwm+C+heG7b4a6fqXjKTTYHuNf1FIEtFdIUIuZ7iQGSR9wOUQtkEjBPI8z+KX7WPirxxLe2+ua7/akbR7YvD3h5GtNJtXwUSN5Y1VpDs4IzjkKcZOdqnD2d5nmElhqKw1CFR3quN6k4ppppRturNXej6pnzWV4PhTIcJ9cxcYYvGV4Rm4Ss1GTScYu9091u1bvd6fYXgHXP2dfhteX8+rNH4tOntJCZtPtEXThNC+ItOtI4kMMoLAAs+4levDc4XxM/bW12NptC8I2+k/Dfw48bNH9mjiudaaN0OxERAYLdnQjAAV1Oenf8gvEvxK15rmFIL/APsPSoXaRNPjZI2e4yd8rquGaQngE8kjjoNvBXPxCH7y+u7qVo3dt1xcP5ksrdFZN24hcggDgcbQSCAftcF4c4RShic1qSrTgvdVaV4q3K23F6W2TupLz6nHi/ESrCnLCZVRjhqbktacUm9Ve3Km9bOzs/Lqn9c+LPiL/wAJFPLq1/cSSktOtxq+sXbXV1MrkksI5HdUkLHIIAwTxnAz8t+KPG2jiS8NuX1C6jZo1uZCohjCkhOD8nTrs5wMYOBj134HfsvftKftS61b6T8Ifhz4i1yzvHQ3PiHU7WfT/DljDIdonFzPHHFcIgO7bGzMcn1Ar+gX9lv/AIIHfDvwz/ZPif8Aac8WP458QJNHdv4I0JntNChlB81oLmYMk8uxvlcENGQuASoOPUx3EHDPCGGlFV6XtYpR+r0FGpVbsmk1F2im3vKyTXwnh0coz/ibERq1Y1Y05b1qylGKv/Kn5NNaaW7JX/mm+GHws+PH7RfiOx8K/CPwN4j8b3UjxxFrCwuYtFtGc4U3GpFBbqiDO4SPjAJBGMD9+/2WP+CAF/Otj4t/av8AHA09ZRBeSeAfCxBlY8MbTU7wsxwAdjGFgwIJUbuB/RV4H8HfB74DaOvhv4b+C9A8H2tpbpFHp3h3TrZb67VEVUW4nhjEk0jBclpWLEkszZ64niHxtr2rNcNDGug6cU3faryVBcHAJYMCcpwOx7ivzHH+JOf59X+rZPRng8NNqMavLerZ2V+ZJxWzaUE2m7p/Cfb4DgfKsrpqvmNRV5ws26jtFJPaMb3eztzX1sr63Od+Gfwc/Z0/Zc8P2uh/C/4eeH/Dxs7YRRX9rZwXmvXGxNrPcag6vdHeRvdmcYz8uDg10978R9I1u3fzPENqx+6NIbfbEk5JSWU7WY4HzEcc4YAE4+ZPGnxa8HeC4bia7vZL/UNh8yWSc4lfriMk8ryQcBsnpnPPwL8S/j94i8VXElr4f0hLO3bzFivoFNr5aEcSLIoDGQc/MR1zjmvQyDgLMc4rrE5nLEYqpOSk5VG1Gz5XrKT1V9LbWVtNUts04nyzLKHJgvZUIqKScUlNtJLTpG2neTd9Fufoh8RPjRonhG3uUOoadpgKsAlmVkllCk8FuCx77snntzivzs+IX7QmvaxeXMegm6kjJZFvJ2YIY2+8wTIDEANwBznrzkfJGryfEnStTXxBqF7ceMtFlx/aGlzSs17psfVpLIZZZduTlTlioIC7jXqmgavoviHT4bzS7iGWEsRPbSqEuLOUZDRTxYDIVIIIwAcEc8AfuGScDZfl3spSoQ9pFK6cVay5UkrJPbySZ+TZpxdi8bzwo1pxhN6tN8zvyvTW/pqZ8l1q2sSCbV7y6unlILRmRjFk8soXO0YGOvbHBOavQ2MdsolhQZ28oygg9cAcbTj8fb+9WnMFt3HlBSIyWlUAnrnGOOM9+cYOc9KcJ4p0JTblAWZByUJAxnA5HHuAM455r7+hh404qNOEIQirWUUrNW+J9uyae1rOzR8jXxFapdzm6lmnqk2ruO9uZ3Saemy0a6DI5bUoC8aiXG1owCpORt+XGCQScc5HXHGBWTdLHApfhlmY5Ri2ULBhx2BHoemc4NSX1/psNrJd3dxbW4h/eSMZ44wuxmyWLMAoA/HPyjGMV8q/Ef8Aar+H3hKT7Bpd9J4l1os8Safp6LOBKAwVGZNwLHpkZ+U5wcGrnj8PhlJVZwTS+G6ctGtEk7Na9NrLbRPOGHqYrlahOOq12Su1+CsrX7bdD3vUL2OwQ7H86NiAZC5UQkAliGOAMe+AcfNjOR8n/G/4zeEvDkVtfabq2fGGnSK1hbWDiaW5lU8294ISS8b4wA3C5OAM8+ZSan8fvjjcKljbt4K8L3DFGkYGK4eGUndlcK4kCnrx1PYgj234d/sseEPDN0uoaykniHWQBJNe6mxnEk2d37tXZgAG4HcghQPTya+aVMZGUMP+7ilZTkvTVK7dk9dbvbpa/fDL6WHSqVHd9IrXVctubdWbe12+ttDxPQPEHxf/AGh7SSS0uD4Q0+NVTUI2DQ3rjOGZUYB0RgCUJGcE89j6p4R/Zq8HeHDHq2oLNrWr5Mtxfakxu97g7iI1kLKoBORjpmvZ/EnhMeH5IPFHh2GO1ms18rVtMtAEjvbNcZJC7VMigbgQueMDsK0rTWbbVrO2ubdv9FuSuY1JV42IAZCp4BU9QOp4PU1hGlJNTqJ1JO123e7aX8u26s763NVVTXLFRhFpaLTto997b6X623S6fb6XYQRG1tYVDAxiNY9iopJ+VFUBcj6DrwADVx7krNh0VVO0KAQGViPkJHrxyB0JPA4Alf7NAJAzxnKqULYxH3ypwDnAO5snHyk8Zrj9X8Q2kbPhgAmRuLDBIBOQT1BOMEgkf3R1HRJJJS5GkuVNWW9rddWn1emt7MtytZybdttU9dFe17dtevzNrUpUkZWdx52MgMW5QKCAc9jjsOeORXGaxqtvb5aRwpZSq+UTywGACvOBwMHGcjjjFcZqXi+d3keNxFBCu2SSRtp25+ba2eTgcDB56EZyfIte+IkYle10mJprhwVkuJiWQMf+eak5yB0YAcgP14GMsTTpSX8srJKWjeibd13v1vfW9iXJ1LWummlq97KKuuiV+qWj09d/XdZWyvY9RjlWBGIiukZ9pmBbCEAckkYG455OScdOH1j4jSQqYoZGJOQkULAMwzkCaUEgAHtgdsVxV01/qc8kqxzX825pHeTclpbEZDOzPhAqgnoSBgcgjcPLvEPxV+HXgiaddQuYfEGu28TPJptpIosLSVeCZ5wzLJ8xOQu5wBwTnn5/Mc1pYaMueV2tkr6q60tfst3Zep6OFw7lyJJtO2ktNGk7efXV2T3s0j1MnVfEbJcSqWjVg8r3LslpAOAd0khVn2gHdg7ScjnJNcd4z8f/AA8+HxllutTj8S6vFGjJp9i6rYwOozskk5QqhIXJPTPzYzXyLqvxg+JXxe1c+HvAdhf35uX2WGk6JDKtqoLFczzwr0X+LzDt25BOM4nufhR4Z+Gdu2u/tGeMY31CfM6eANCnWbUmYEOLe/kV2WNWAEbrkEZPTGT+e5nn1evJKnKSi3yqMU3KS010v7utrKy7Ox9RgsDGEebli72fNLSKtbys9r2Wlr28rHiP47fE34rauvhXwRpmq3Nu8m1dL8O20y2ygnAW5uIlJKjJMjuwXAOD3HnHjL4dyeEJIpfirr9pZ39wTND4V0a7jvNQAU52ajNEziGRs4ZJDvBznkiunvf2jdd8QTWHgT4D+F7X4f6XN+4txoFpJd+J9QiY+WDPfxIbkSygqdquB1A4GR9CfCj/AIJgftTfHC/XWdR0e70XSryRLu81jxFvF/PAzB5J3jkPnplWLAMmCQMY5r4fNeIsHladTNMdRwsZaRpOonWm9NUk+a+1kr7+Z9blPC2a53ONLLcFWxMdI+15XChB6JSc3aLXm5XaurK9j4wtdR1XWCdJ8GaFc2CXTpBZWtpbvd6gQCFEjtGjOC56nqMnqMV9vfBH9g/9pLxAg8UaX4L1ix1F7Y3DaxqiSQLa2cq/8fLhgpiLKSVDEE7c9FzX7r/sk/sG/D/4E+HL1JNC03WvEEtzbWtx4u15Ipbm2kUj7S+l2028rgqxXAJOFya/TPxZ8YP2f/gt4Nu9Ivboa1dSafEhImWzlvb5EGY5lLgLbREgGMcBO3Uj5fC8VQzevL6nH2WEi1+9qP3qi2TSbfLzavV31+Z9/iuAqOQYOl9frRxWY1YRn7CjJOnR01u9eZxS+JaavyR/KHF+xXB4b1eW58ZX9zr2uG6eW9QlzZCdSGb945yyqcggtnHHA6esab4Is9NH2O2+x2thaxktb2yLHEzKSNjt8rMcZBJLH1PTP038cfjJoHjbxTrN3oNjBYx3TM1vZ2JRbSFkBUs0wIGSGGSpIY9SAcH5R1Dxx4a0NJp9a1CMTBypgilRwhJPAVWJYkjOSDzkckGvr6WMwNJQlUrRlJxXu82yaje6Td3qr6KzjqrI+Dq5fVvUVOjywu0p6q2sdtbS1ate7erdtT5O/bHi0uS/8GXMdrFbJBatbyiNQhlWPJMhLY4zk9SMMSTVz9jnxtbeHvFTaVfTRtpXieKbTbmGZt8YjmURqJAflPD8ckcg4IyKofFDW9I+ImuXlqdLk1OC1s1XRrZmIumZySZFVSVCcZOeBjHBIz5F4WD6F4hgazRbCS0nSSO23A+WI3XfukyAGOCAQcnGc9RXblub0KuYOhS0alrGL+xe17Rvo3r2vJ+i8jH5LUp0frNRe7JpczVlzRSTurJa21Sk7XT6HvM1i3we+PHirwGJCnh3X5zf6Syk7Ga6fz4RCMfKTIzKcHJUEnsK+stJklWfTb2OJUeJ0huHbhs5CkkKN2eew6ZznrXyp+0Mzarpng/4m2zu+oWFxZWl1KByPJVdjFgN3XIyCBnBzmvov4d6suv+HrDVFdWS/tY5VYsdqyogDDqOSRkHI5r7Ofu+zrRfwyi+t7Nq7S+1fbpva76fJqlFTq0tZKSbtddba3dmui007JG1+0t4eTxX8J7fU1gDar4X1BblCAGlazc5OWO5sBeRzg4wfSuH/Z51NPEfhHxB4bmlELR24v7eM8tujGNihs4JYdR90Y6gHH0bdWkmueGdb0mVY501PRbiBGI6XAiOxUYEDcvGDgMSByQMV8LfBTUrrwn4/gtWBZHurrRpYGJVWcyOgLeyZx2ORxkZWvXznDLFZPWqNLkr4WpFrzUY2b1vdX201WnU+cwM1RzSEHdOnXp7u3u86t56abPVf4dPtHSPC2mWlvb694hidfLG2K0dlTdGBgOSPvMzA9RkkHtk19Ip440LSPBN7beG9MsoPtEMUBn8g71ZguQ8m3Dvlv4cliDkjFcVaeAYdT8Oz6r4l8QaZpVgkM7wTX0wiFqsZdxFHHL/AKxmUgJw27g+9YfhtovGdvpvhXwJYXmr3A1H9/qUqrFpRSBvmfzRw27b0DE4HNfwZxBh69XFV6claNCrUSm7qLSko2ctuisnfW1lbQ/rHhyGDoYX29SpGVSVGLUXq0+WNnfa70XzfqeL+Piz/EfTructNKbPSXfzAFV2MsbN8vZRyAMAkDJOOD9K3/jDU9XjFpb2pCQJbxRRL5ogJVVBdiwVcD68EYY1wHj/AOHlzbfFiH7V4j0V54LW1tZrNSjJHdRRJIsQXnAjOMlgAWHJOCK+jj8PNJj0ZrnUvE1zfudNhuZ7TRbQCNH2jK+cUXaFzgfMMnBGSBjyq2HUZUIVbXVNWdt72V1rZJaPu9QxeYRVCpUg7OUmlqlZNK1nd2umrWT62VtXkfB/4N6l8WvG2m+F5byKB7uVDc3MJedbG1yTLIVjDfME3A5GMgjjt++vwx/4JlfAjw/oEbX+mzeLNXvLNJTqWqSPbxQSSRgtNDnaAqsT94gcrkV+PX7OeheJ/Bd03i34e+KlXVorxpYNAvrSGWW7ikTIhubqQFvL253AMMHdgYPH6f6t+2P8ZP8AhXs+jeJb/wAFeBX1HS59ITVwLqW4j3WrQvJCEXZHcZOUZCApwwPGa5ZyhXzXDYSrXlTw3LGUYUrwlOpzxTu+1rJK9lrdXPkK6x+Jw8qmCcYSc2qkpuV+X3Unzapdt7aarXX+e/8Aa+8QWfw6+L/jj4d+C3gaHQ9bvdO+3rIs0MKRSOpgtipbIjAIwMjdy2ccfJGi/DvxB8QluFltZ3W7cZ1DUlYIVJyWTzAERB6kgHBHTNfpLqfwV8Ppql5relxaJ478Q6jeXl7da9q147Ca9u5XkM0kUzFWJY7stnHOBgczeFPgxd6n4osv+E28Z2EWn3Ktv8PeHFS2VQgOIC6hQQoyrsDyO5r9rwMqGAy2FWhBJxhCLq1bzk21HVW18to93sfPTyjF4zEuGIlpolyvTXlV29k/S7d930+LdB/ZX8NWU8SvFJrep26Ayi0iX7FB8pIzKg8t8fUdsZPK5Ot/COOD7TE84gxIVitoYwoQKPusQByCuCzZz1wQQa/ZO98GaLo3hS9sdBtYLO3s4wsbQrHNdssakbppcMxYnqS24AHGQBn4B8X6Ky31xKJZSzhmZgCD5hYklfQjABOclfunrXhUM8r46tVpRm5Lm3s01eys4p3dlt0WyTsb4vIqGCowk6V27tt3Ut49N9Et2t7aX1PlRfgrb6/Zf2VE0kDXCmC6mSPLkN94gnKgqMYHHJ64Nen/AA3+BMnwetbmTwp471SwudRVGurVI0RZXTOFcLyQSenIx16ivXPCuiXMiiaed7SFCrlm2q7HGS3DZwQACc++QAFHcSTWcKBY83boPmkmjJyAcqFYAncMZPTtivpMHRxVaDo1IqVOpaPLK9mrLVRWr1vq9GnqtWedRhCm/aU3yySsntZO17JO7u3Z389O3j1wnjOC1u57zxHc3CM7TSR3Kkg7VJeRUcFV4PykAfexkkGvw6/ai+JGo6r40v2s5rieG1urqxWILiHd9x3l27Vy3Azkjvwa/ar41+PYtC8L62UO6WLTbmU7DsWNhGQCXIDYG7GMDg9N2dv87nxR+Jfhp1kskDXGqX97Jfzy53LCxkYtudctjBwASc49a/ePDnJqOBweLxFWnCm+Tlhok1s9ForvXW21+p89nOYTqYuhD2srQdpSc3ZfDZL7N9mvl0G/CjxZJ4f+IPhzXNTs/tY0LVbLUDZRkxvcrFdRvIjBdpyQGA7qOqkYI/saufiZ4F+NH7GHxCn8N+G9G8K6vr/hm2tlS6hjn1K5g+yBJFEkyPIwypO85OD8vqv8c3gu0trrV9J1FFeSW6ms9zCMbT5jqSV77dvyt6k8Dnj+mD4Z65Zj4aaPptzGkcX/AAiM9usESld0sdmTGZkxjdn5ssTkkAgk5rfMMJgquZ4HH4mTTw9eMIuPKr8zSWtumq7tbO2hnmGOxlLK8Vg8I1L2lJybvtdRV7p+q6p3fVXPzr/Y9/Zl+DfxY/aN8OeA/iRqGk+H9DfUGtbxb6WOO3vLyOXPlmWVlEJnY43KVwcYyOD/AE56z/wRh+EVlZXOrfBfxdf+E55bWOWxutPuY7gRN5YKT2V3E7SpHuBZsOAVwMEDJ/kY8B38K/HWOW/iuWht/Fl00rwzSwssKXRyBKu1kZVGAwIIyp5Bwf67/wBnbxi1l4e0TWfBfxM8TeHjLYW6JpOrXjarp0zIqhomF3JIUVnwPkGcEEZr+dvpLVPEPJ6+BzfgXOvqsFQcKuBqU+enVkmpc7k1OKv8PvLXurs9jwsoYLNqVbC5jGjTxUailGpVT5KkWknCTV+RX3a01voj5b8Ufsl/th/s9XOm+MZPiLf/ABh0XRVe1t9F1uF9djFsrF0gubW680tEQAMquOvOOK8C+InxJ8LfFDRrLRPjt8B7jwd/Zeti9HiXwDZm0nsL2F8x301qqrArIwDOHXeNuBjIA/f3Q/jZ4o+xt/wmeiaT4s095Ar3uhyxw3SgklnkgmIV/lwWVM5O49ADWxN4Z/Z0+MEd1p7w6d4e1O7hCXtrqelwW4ummyNpeSNYpJAxOJULMTznOc/yvkf0luO8ox2Hy/jbhmPLTcFUzTKq06EqjTV6kpRvSlJv7N476LQ/WsZwVgKVGdSNOpy2vGVKKxmH6Wur+1Sdt3G6s7WW/wDNr8XLD9iT4kfDG41TxL4+i+Ivinwtpl5aWNj4hhksfFyNFEfsCQOqpDK1o+0KCCSVBPzcL+GPwm0Sxk+Kul6Vo0P9m6LrfjDTNOnGonygljdaosZeR3+UpHEVLPkALy2CST+7/wDwV6/4Js3n7P2jW/xt+EVxFqHgnVr4x69DHEol0m9uQoikgljGwW8zNtUtgAnHFfhLa6t4g8M2un3XjfwreWmnCAyWWtRxNEzlgNsqzqqqHA+ZMNvDAEYORX9/eG/FeC4o4dpZvluOxFWjitHDEVL1cPWXKpU5c3vKSbTerummr7H5Tn+HVLFU6FXD0lyK9KtQp8ntI2S1sotuLummlLdPqj+gP/gut4a+A3g61/Zo0vwW3he38dSfCSwstZTw9qFpdRx6NDpcTQT3a2jsi3NxeBmbzP3mWIOFIB/kl8R6Mtxaai7iQrDNIYGCHyyoJJJIznrhTgjI5Gev2L4rsNY+I+m3HiHSNe1PxlqZRLVLbWb+a9v7KxiGEt7WSeSSSOJAAI4kKg4O0DFfOusyRWEEGh3tlf2ep2/mrc291EY1YkHJO8Lu2luCCVIAAIAxX3terUpww6cnWlN2nJyb3tu5dUrWS82rrbnyTJsFiaGMlXxMKLhTk6d0o83Mlpa6s09bW0sl0aOo/Yo06wv/ANoTwcNQihXTrESzSGfGwTRJuQkOMbd3qeo6k/d/WHTvG2nyeP73RvGKadeeFNe1q60aGwlVXs0jvWa3ivRGcopjlcODgEEE5NfmF+zXoix+LNV1CzJP9nabL5V2R5XkySjDrkYJOCQOylQOMYr7AsYIr28iN9cQMulbLqKXd+9a48wOuCTgsW9unQjFXVUJ0ZK1qvJZdIrTVW6u+7TXV2Plp06uHxyhH3oKpG8lrCVrXuk9br3rrZ76an6R2On6VffsWftHfDzxHZw3dh4DGqWFk8Sh410yWKa+06eMnO0lxGVKnhBjGMCv5E7x1W6uDHhGEs0Srkv8quwXBySMDGB+ft/VxovifUZfhX+1ZDHYvdpq/wAJ7G+h0WGMsZJLbTPs8l6iIuTJty7HBO1eeADX8oWoKJCJkSW2f7RNvhZWDrIJXYgA89MDHLDn8ePA037Lnmrtycnv2gnZ7a2fVWtdrZnqZhyKcY81+ZKai1aV7RTsr2evbXyuYl1c3CIPl/egkfeJOOnzAYJHGeCOmRmufuLhmILFlfKhiTjIJHI4OAcHJOD2wMHH0Zb+Go/Ffg1n0jQ8ajpqSTXN+pO51BBIK9SyjJAJyevYCvn3UbK4t7maO5RmVBklEwQQMc/KpBB/vDplgedtephk5qTUNpKMnZvrG75tF0asnuklqfP4upGm4xUt0mlZXfNZJ3fbq07aa7lF3BTPzKHcKVODjGSOfTJ/kDxwYSqmJnYgYyzAsuSuTgIGJBBGScgDjJA6mnPcOsSqT+7DEc5DDuMA9S2cjAzxk5zVJ5w6lF8xsbR25weGJyQMDdyMnPPGCK9KMEummllfls3bzd91bqkmrdDzpS5pdFdXbvypaRtvo1fR296/or64aEAI8a7R8xZvvNkZ24OcA4PJzjjp8pGerRPuES7V3YC7sEHIySx5CnjBGAe54BqrIzyFQGKhQvJOSxGemRx0HUBj09BXsfwC8I+HvGnxH0bSvFqXUmgiZZdQgsUZ7iddwHlKqdAx4zhuQTxXHmmOo5XgcVj6yl7LDUZ1p8seZuNNOTjBRtdvTpfa2m904urWjTTiueStJpWV3G92n0u7pq6Tu29EfW37H3wv8HeJTqWva+Rez2iBbPS5o82jyoc+bIxGCwOOnOMk5yAf0j8R/EG20nRI/Cd9Z6QNGgsvJFnYwxEMZAFjUpsC7lGMlcknkgcGvH/G/gXQvh1o1vb/AA2ji0rShA1xcxW0Tvf28JQEfaWAJ3NxnpgjBrw7TPEt0GOqXt3BMrl18qfc5VBuBlbfyHYjKjAxnODiv5XzJ1uOM1lnEK2Jjh4T/wBkw0pzXJGLSV6cbRi3e8tLu+ux6Vf2uGtQSSS3a1T+Ho7pp9Umr7RV9D1jRvib4stvHOleHdCtLo22+Kz0gPMyR2zzt98opCng7SMAAdx3968e/DbwbcC+s/ilptp4g1JrRr170vGDaGaIM0UbD53AYkAMdwPtnHyx8LfFLHxTHrVylvdi0aVtPRE82VHQEbyccYxkAkNhQRnFaXxA+I8l5q09zeyXU5uzI0aPJ8zPkhUZCSFiQZAVhyevcmK+W4uOZUKODc8G6NJTrVKbaqScnHRWabVlZvZ7+nA5xgm/ic56LRNRas0klqr2tJ200Su7n2T8IvAvg678P22r6Bpo0vRNFh+wKsex3mwR8ozgqp6sw4wMc4zXdfECx8HeIfD97o2vWkE0VzAtr9kmnBVYAMLOqoRiTsQBnGDkYOfkPwT8U7zR/D1lY2xkjt7hGlksISQry7T87lQMFieDwT1xms/VfiRG7y308w81Flctcu+yEpkiAHdhyD13Zznla/NsZkWdZhn06/1+slTmvZSjUfMpxUUp2lKUub3t72e+ulvosLiKNPDQ5oJy5Ytq0Vq4xfbVJtaNrZn1N8PPDHws+H9pBeaIbeC2gzHcW1lkXN1PxzNJzIdpYbULYHsK0NZ8baPo9/LPaRX/AJ+qXAkjaSR4mhiByEILAjIHAxggDJzyfzM0z4h+JrvxIbyLVo0sXlknghSX5B5bZQPErAFXPGTk45PA4u+L/jnq1zqsf9oymeZlSNY4GUKsiYRZHYc/w4G1ccdua9+j4c43F5j9axuJli6lWmnVnVcnPWyiuZPRdUteu1rlTzSlCg0qcU22r2tfb3t7Ws9Ek1re99H96+K/i1oEc6W2n3cGmT3MCpdTxviVHX7yydmdySMuD1GSTgjnF8R3CLcJpl+LOC4sJJby6eQs1wNobMQGArv1ABOGPy5xXyX8MZPCXj+41OHxtrl7pcjsz6fNbxqzSzomdkrHHyrkbSDhsDqcA4WvyeJtK1YwRXsp0u2uVhsZhLIy3tsG2o5QEbC0e0tGwBJOMDC19VheF8Jhq8sPNvmo8spwnfklFuLcYSekuV3vZb66bng18bUcFNwjbTVNp2sk9rpLulZt3XRo9LTxB4i8R62YLaOZ4LWTyozL8kfErA3DPkFSyrkMDyWG0nNdv4t8MQ/ELw5c+DZLz7NZv5aXd4rrII7kgb1fcQVO7JDrjnjpweB0nxVbWkOq32qItnmyiggjZjA0txgBJRGCrbfMAYHGSCPXA8E0rx3rMOpapHNqNwlrJcyeaVc7WO4+WUAOTvYAA+5Xnv7SymvVqxqYBxws8CounKCSXOkrzdnrsmlsm2rtnDTxcop865+b3d0k9rOzvLrs27O/nbhfiZ+yYvgXRL7V9K1Ez+TO7RyzSopuYzk/u9rBkZcEkHnBPByDXyFOt5bFEjZndEdJNpYYIyCXboef4gQOnqK/QP4n+KvEeu+Dm07S7PULwwxA3LojzsIjnJjzuIZgSOMHjqc4Hxx4W8Fa94v8UW3hvSNPnknnkRtR80GM2UDS7pZJQy5wq5JBwGB47V+ncNZziVluIq5zjqNSWHvKc7xUoQhFayS1XdaX00ukjlqQU5OUU05WSWr952s3s90/k3puecf2i6QS27llkZvmCkyb8nJJGCPYZ6Hnd1JzbfUtS0q9jl04CGZH3CXjdGGKq23HTg52nnqSQeR+uXgj9iz4Z6jHMt/qVxqN7NBF5SRuFdJlUGYx7CQUDbsl+OA3YV87/Hv9mfwP8OFk1/SNbW0i+1R2iaLeTAzTSLjzzHtfcyFgctzj2IGObLvEvhnM8yeU4arWniPehFOjNRqNW5uVtXa21tZp7aWNJ4eapvngpQkrSS6rRer3W1nZ6dj5H/4St9QOHt/NvY4/LWRAZGkbgkkuCCc85ySpOMnINW7W01ia4t1lNzAkj+bL5ybCpfBz82Mrzgc4IOcDNdtpVt4X0S0fVbaJL1jMyTmdHCWrqDtEZ2kMxO0ZJ5A9iRnPqlzqZvbiaSNI0I8oEqqvHkFQrrz8igdeTxkgZx9N9YjKU44ehFR1Tk923bXlW9rq97Xa1208mrhKdOD9nTjC/WMbLVLSy89NUuvVG9Z3F1Z2x+dWhhk/1WQzyHg7gMnAHOB2PQdCN/SYP9Nim1OPzIrxg6whtzIHOUCgHljnjjd3IORXlkt5MJ7a4UiRW6xIwVBywG8j5mOc454PbPX3vwza+RpemX+o2gT7aV+z3UjD9xjHl7ASS21c9u/bdkc8qNpRUou85JSt1UuV813fdaLpa+vb8/4hpLCUpVHzJz2SWu0W2+XdNaLp3d3p9l/si/Bi6+IvjDUba30lLqxtoHuNQnkuI4FsLFFLSbhNtQysgOB1HfB4r9nPhXo/wS8C+HNd8P8AhqP+x/Eus6ZcWmm6xdXTme2uII5FvmNxC2UgkfBRS424zjjcfzO8J+NNM8L/AAz0qx8L3ltp07Wvm+IdY09DDfXL3TL+4mkADNuG4YLMApx0rutO1S9n+HfiTW4765ha1trk6NJHGJJLxWUmd5JG+ZNmdp+YbycjqFr9c4UzWhw/QpVMPh6VTFTpzUqsrSnDnSV42XMmlZb/AH6H+XvjFgs843z+vCvmGKy/J6WZUcJhcDGV4V3TrxvWxEbNTjJtSUHoormetz5q8WfCn4t/ELxrrsnw8mufEFz4Tv8AUby/1ezYE2MSSO5vLm5lOZAducht/AIZsGviL4p+ItTur1LbxTYC51XTJ5ba81SRGivr27iYo4mdh+9VCAMqTx9OP1B+Dmna9q3hHxbrlp42vvCct55Wm3ml2SSJLrkLOWne4kjGVjO3a8hPGeDxz8MfHr4b+Jb7Xr2RNDnXTrScyW1wVlaQwnLGZvMUmVHKlwx524DMBjGWa4fGVcCsYqVWrCrUlUqVORundtNXS1TV2m2unkj+jvCPivAYPijD5HmdbLHPK8Nh8JhJQiqWIT5KcZQlUkkpK7ajCDdrbM+b7L+ytV8L6tqH2pbfXbS7hig0+VyfPtnJBMWP7ijLZ5GevUVhJLLZ+Vcy/uo0bzJEKjYzKFOzIzlT68kjkk8BcM77G9ubUqyMWMbNgMY8EA/KOQcjJ3AZAHGeKW/nEtsqStK2A0aqWw7E4Icjg/Lxk7foN2TXx0405pJQtdLmTS3vrZtX0utUvu6/2t7SlioJxUalOrZ2aXKl7t9dX6KzeyvY6S98batPbSWsd20envIJDGjk79mNqhiw2oP4VAz1wDwBzVxPiI3IIeW6UhkkONpGCNg4yfXnAJ6joEt9CY2ccwu4ArgL5ZfPkMSQMgn/AFhbjAAUHB9RUh0G5nAgllaMwDMTSqQH4HzDI2hduNmDjnHPFePXlTjNptJweqstX7qW7stLWurLuebVr5fgI+ypxp0HK6vFJJzdmnay1cdr2u7b2Om0vT9U/syK+2DFxMIjEXUSSc/IUVcH5T0yOCcHHJrV1nw/rU2mPFeySPyrSRSOXktkJygIJPGCCCBwVxkGsnTtG1n7La3LGeSKCRViKOMIAxAlkYH5RxweOmB3Nff+j+Ofgzqn7NF94K8S+EbtPi5p+sx3WieMLEqItRsNgL2moucFhGMBU3HJ4yM8869hVVWTxdLDzo01Wg5+97WSUW6ScU2py1SvaOlnKNz85z/ifMMlzHLpYalPHYariqNKtKEoc9CnUSTrSSsnCLXvK7aVmk7O35WXYFpdrbu4BEpRjsOTGMLgkjJOQuOQN2BxnNdDpF59lvVhYs9r8rGHCtvXIYA8DbjOQcA9t3AFdT4i8J3F9qV1fwSWyWxZXTJVTjgOsYPVgc7iBjAz6Vy62LWM7xFctOm2GSRfmJ4BCg9B0wOeOeg+XuhiI1aEVNuTa1dmnfTZNWt59ml3P17A5lRxuGo1U03KMZO91q0lZXb5k72V10vvqelJdWEtizwlo2t5RK0KAgEj5lCbcYwMbsH2GeofMIrsw3hWXDKI3tV3EAD5QxbruOOMnqe/Ibz1bqfTVImWWWSIqygcI3IznggjbgZBP4DIrsdB12G+aQThoAzIzRoNzEhgM5z0znjk4IJxzjy6uF5VKpG81a9tbOzumul+i7/ly5xRUsJWqU4KTULpWd/dt1d020352Pun9jjwz8JJviz4e1b4zadfaj8PBN9mu9MtpC1xLO0OyBkiBMhUPtAwrDcQTxkr+jvxA+BXw21/xP5Pwc1m50ay1Sa5v7XT/E0SldPittzWttE7LiBpEUMPMxk9K80/Zw8I/C/wn+xz8UPjv8QPh5eaj4o/tXTPDvwr8RrqUcFhFq+wNJMbPeHnMQXLvtKqyj7uGrifhh+1BJE1xYeILSzu/PvoDrF+THJfWlqJ0864tSehjhyoUEK2CCMGvgM1o5vVxuGdCly4SdSDqVoxk5005cvvO9rJXailazvzLp/ml4uUeNs54gzHOOHFjKmGyuc8JWwbnB4WvOnyynH2ThJXhe0ndSu0lrc8x8V+Mvip4Wvdb8HyanqkumySm11HTI2lOlzQW0oQMpVimyXYTlD82VHTr8zfEbSfDmts2q2LE6h5TC90wDyFtHhICzRAjOSF+YtyxIycAmv6Pviz8V/2FPFnhvwSNGgfxB4ZXwzbN8QJLLS7ax1m2vYIP3k0d6FWQStOAWXfsYg9c1+H3iXRvhJfeLfiD4o8OTtc+BjcyW2iaNeSoniFbeViIJ9iNsbYMK3LFj1ODg/pWKwrwFDC8+YwxcqlOF/ZTqOnShyqXK4zk3a7Ufc+10TvbPwv4qqTxGIqz4dxuRZllfsY169HDOGFzCpONL2qT9nTvNS0fOm7xdpNJs/PbWNN1UwBrWWFhcsqtGjg7I0JwZXJba54HGBjHBrhNVt9R06aF72ynWOWL5GTesLlMnern5CAOhBxjn0Ffe1toWlL4du49P8AB4vNH1O+Fquq6mGhubSc/dcNgZReC2OOuSOc/NHxJtNU017rR5pLS4sbUm2t/IZ5OJOVSJm+ZQPlGeOQDkVlhsTCU1CajdpO2ttUursn0s1re+nf+vuEvESWZ4qlg6kI3U+SftJwU0otRvKMZtKd1rFtNPW1kr+K2ZudQchW8uCQE7myx8xM4B6sCOgbIwMnvmsbVm1BylmFjlmDbg7EM20AEBjxkbc/Tdk8AZktpTpt1LaIZo5MNt3OXRZCcfwgqCByBkcEcZOKrva7bhvPlkYuFJlBwEVmBbnPC9+O5PYnHrwpOM009GlZXe11romm22rO3XXZ2/d8PJVIqpGyjZWUWvJ3Ta33202WyMktqa3AMqAIseVdVyB2ZVUZPB4JyDnHrw+xDmctKwkgyeXyMSE8ADg4zkHtx83fH15J8Q/hjcfC2z8D2fg6wXxVb5mfxSxRnk2qVUluHYk4DKWOTkfN1r57vfDFxb6GmsxPHIGmIaCBd5VBnMh/unHsBjA6V0Qb5veXLaWj3Urctnqtm7XaSta/kX7fmk4yp8jcmo81nzPS+q0tfXprs1bXCTVZbaRJ0O54wYy5YqADwuAuOSoPJJx97riu+8JeIy1xAb2WGWxFyjkTEsqOGG3dux8gHGMEDvxjHnNvatJAjbgySOS4dSo+hU47HsNuNw5ytdBpuiNLbiQAtGZMbIwVZcc5JOOMD5S2Bkn/AHq6auGjVpvmi2npFN6vZJr4k7u2z5lo+p4Wc4bD18LUpVIR5pwaum07uKtqrrTtrqvJp/0Ffs0atdnwZH48j8eQ+C4vDM1rPaaDot2pGuRxxEvLHaJIEMx24dTGWB6KT1P2TviJb+I/2v8AQvGkz3txev4pv7xtTmAS7yr5USKAB+Lbc9Sa+H/gB4P8T6N8GvF/xkk8W6LpPhTwqH03RtB1G4Wa/wBf1q6AjMNvaFt4NuSSH2hWzwSDmvVf2GfFF5P+0p4Minh80391NeTIV2FpZxucKDhQoLgKOOOAAMqf6C+jPktLDcSzpYmMXDHxlh6PN7zipRa5k9/J7Jt3sz+G8y4MeRYLxQziniKFZxoVlSqKnKMqVSF8VOEp2SqOHNFuSlJJuyd7pfbv/BTzxW99rVjrWqzfbJNV1G6vLGMMN0Q3bNkhwAWYquQeSTjA5I/Hq/Ok3o2T2ZgkZTPNI4ywdwCFAAHyA5DFueOo+Wv08/4KZGC28R6DazRSmNLeW6NsMnyy0zsQMd1PXg8DIJBxX4ieN/iEY4p47aGWOdFEYl3lT5ZIUKzZwSO+3kgADiv2L6XPCynkXDFPDOlCVLB04RcVbmgoxak3Hdu3LdpNpdGej9GrDyzHh/C4980q2JxWInVlztQlKVdrnitI6q91o7t6tHa6m1pHMVCRMqZ3vj5MMPlDDIAH3TlGAzyT0A8j8RahaxB5d6KsRcRhXIJOSQNrH7vIGPy55HDw+O7ySKWGcMTIzYcvlg3O3IJOV5B4OMjp96ubu9Se9u0Z335B46KHIORgA5A9SAcHIyOB/n7hMjxFCf71uSjZOV7p8rWvbVvbR2a9D+9sqwtSFOnGdrRjHV66rle217JrXrr0Na61S81zagdLeJWCjBxlQMYbnORjIwW7ZGMY0LDw4uq2s4juo43QMjRSTAvKoBYuGOSAOdpUYAGK453JRosorsRjYxBx1JBxnuDwfRecClivWgyYpJS8abGbcQCCQPmxyTjI9uvrj3aWFqQVovl0V5JXdlyK90tW9ra6Nvoe1Vj+7snyu1uZ2vdqO+kl3srNWel72PSPht8MpPiB4qsPCGk2kt/rWpXgsbOyjlUNctvA3s+4LuXryTkZJzkCv0xt/wDgkN8R73TE1Oae802zLwpeXEgilFhJInzxmFH82UKSQSo5APHJFfmp4X1+TRpdN1XQNWm0LXrMxzQ6ra7ortJxJuzHKpDK2CRvyCc89K+3vC37Qn7U1/Bt074l+JHhj8hhFd37H7TtVdr7WlGSdozuJLcgnDMB8rxD/a9KrCeAzSjg4qCvCpCMlKb5es311bSsr6WdrH8seL//ABFWljsPV4H4oyjJcJCCeIhmWHqVZ1KmivTcac6fLa+jS6pHy1+0t+yj4n/Z311bDVby31bTJpkjtdUhL24kcgEpJbSkSoQu7DEAHIIPr8traDc3lZRlUqVOVz8xGQe4wcjBzwARyK/Qv4k+Hvif8dtfjv8Axt43F9ewRBJkvJPlR0OCnl7vL8xfuhwORwMdK5XR/wBjzVb2G6urnxTYmKKTAHzE/ewAxDZAyQOQFBHBGAK9fKMymsNSpZljaOJxkV+8rUabhCVnG0tE46pq9mlv0V1+hcEcZYmhw/gqXFua4LHZ7Tg44zEYHD1aWGqTil70ISjd3XXSLd3HZJfHmnaTeah5EFjZzXNw7LDDDCjSS3E8jbIolVdzSPIx+QKNxJwAuMja8UeBfF/hC7hsPFXhvWtAvJYkdbTUrC5s7iRJEDxyxxTRhmjYYIK5XHOACK/RP4OfA5fgr8W/BnxH8SQWHjTwr4R1ix1jUNBglBGopAwdIXQlizCQBuF+Ur6A1+t3xV/4KG/sY/EDXYvG3xA/Z3j1TxboKpY6dZ3dlCbWOxRFjiglRIxHLsKgb5MsACMgswrz8+4mr5XVpQwmUYzNo1KUpP6pyyalFxjFe9ta17NLR3vpc8vifxTzDJ8ywdPJuG8fxFgK2GnOtPLnTdWlX5oxhDlqOEWpQ5pSu07fzK5/Lfp2j6zIoNrpWqz+aMxrFZXLiTaAWI2pk4J5Xqp5HQ4047TVbO3lubnTtQt4i7LJNPZ3CIkoI2r5joqq2egOCcc45r+jS2/4Kf8A7Juh6ZJB4f8A2VvD0etxyzNbyyaTprW8ayHHljfEWUbTncAW6Dg182/Hb/goz8LviT4Cn8IeF/2a/A/hi7u47lLy+/s2z3TTXCsiXSyCIPHLECShU8nHLda+RwvHfEmMxdPD/wComaUKFSajLE1sTQhGnFuMeaSte8bO8b9rPquTLPE/jjNMVQh/xDfM8Jh6k6cJYjFY/CwlCEnBOcoxvZpOTcb67bs/Gq1vZYysssqBXUFZCShQgchRhSM5BPXr7ceh6J4gNurJPNHMHGU3gFBHt5JKgfNn5uePl6c7q85u9Ivr28MccShbueRYIk4zI0hISI4O0AsF4/hwMHv6Rb/B3x9b2e9lsLTzo43hjuLqOMSKwGR98KGwfu5yD1HOK+5xVGlXpRVa0HJKyk432Ta80tlbtZdD9Pzf6vWo03i5RotqLSk1q7RulfdXur316La1+48QIFmgWUkSAhzESVRCPvd+cHGRgY56gk8W93LHcOYJQIYJA295MrsZgSVUk7SRkFjg5LEcg1e8Q/D7xj4X083921iUUD7SkF3DLIu4AqAquQ6ngjHy5HtivNBe3cSJG8ywi7YRzySjYF3naHww6AtjJ7EDIPWsDk+HirxaleLV0v8ADa92tf1a3ZwYDKadS86E4zjJOLaT2ajpd9Uk+mvdo9qPi2w0/VIry1k3sLUAG3dtonK8lyMHOc5IORnLAkcy33xA1KVITY3VxaGTAZldhvwG4OSSRkjHoSQOgFeaSeE7y2ghu4NRtry3jVWl8j5gd+4kk8jA3bWUkFccLzVAzT284jykyRPkkEbI+nzBTnHOSMHsM4PNc9bIsvlW55U4zlDROcVf7MnfRdXe976baGj4cwbqRqVMPGc1LlvUhdSvyvXVtK72t29DqbnVLm6dyZjNIXYyO5JkO7GSSckjklSSCC3Xd8tZcxnLsGLOq8sNw24AJBwCckn0G0/7WcVRFwgkdy4ZmAZwh+6Mk7uGzkDAI6Dv2FQzXh5mQj5/lCg7f3e0ZYjgFuc855Izg16lKEKaioQjGKajaLS5bctlZWt0813PsMLhYUqcIxXKoqK5VbRqy6OyWj00eml7EU05eVxLgHGxcckE9ieQSdoAPHXPrUTAAhMNkEjALZII4Jb7vQe+c8mvS/gz8G/Hfx5+IXh/4Z/DvTV1PxT4muzBpNtPKltFK+8KZHllKptjZg3XIyCy4wD+k3xN/wCCMn7Y/wAJfhzrXxE8aaR4WsdG8PXHk3pi1+yka6wgeRY388RxtEARtYguw2Dng/qHDXh7xJxJQpYrLsJGVKq5xoOrWpUZYiVJRlOFCNScHVkk38N1dJbs9bE1qWAw7xOJVSFGKSdX2U5QSbSTk4xaSd1vdK+yvc/H+Vuq4IkRtzBAcKMH5ifocEdCTwO9UZZZ4izRvku+Ru5fOFAJXoADjpjHAHGGPcw+Gry7nu7e1jjjns7ma3u5HkDR/uHZCokBIZWkUhXBKEHgiuU1K1mtJW+0rFuildGGMAlQQCpJywJGFI4PbIwB5mNyvG5XWdLF0ZU6kJcsotfbjy3VlomtL20s+qCjXo14xlTceSVnoldK6tdKzWm6eistz1L4PfEzxT8LfEcHiXw5BaXWotE0UlveQRT2kiNnCvE4IY54PHrggcV9Ha7+2p8d7q3ks4L3StHErNvt7GwtU8kMQcxLsG3Htg9VBJIr4x8Jf2fca1HDql+LCBpEIlRsDnGYsqcqOpJIxz0xuz9MRTfC3RoodQN3aXN6kyhluWMxZFIyWU5Vh1xk5VcA4Oa8mv8AWnOPsqblZptaOzSV77PSy3Wmo6mFwU7SqU6cpctk5RUm0+XduydlZrTr2VzgtW8b/F3xxK/9oaz4j1Xz3LeVHJPDbrv6OFUhVUEnG0DHzc4wKzrP4d+Ppp0e7t3jEgISS7uGdo+nABbdnLcMBknHcYr2PVfjb4HsDAumxCaSOJvLWzhSGIMAfkO0DcMjjLE7snhdwrybxN8d77V/LTR9PGnMgZnlZ95ZuCGAJIG0ZP8AD2YHrXZhoYtKPPK0VZ8t2na6aW3L0b6Xa+ZyfU8NHWnhqcU7JS5YrW8W3blfS+t7PVqWrZYvtMTwVpQXWZXutWnnZ7SMyF0hZckEq2SAzAlsnIAAyOleT61u1Ce4fEYmYrcSbAAqk4LBQvUdyFDN1HSqd9rt/rU6XOpXFxdOx3B3cn5i/RQThFHY8YOPwbF8z3ci7jiIknPC5wcDHUgHHHPt3rtkoTherO7S7Lmdkl20127aFUaSoT5aacYpq6u1paLdou1l+P3aUIWHmb0PAALICQFK43MemOnoeCMA8iuht3F/CA7eXLGC4b7wIQYCqScjpkgkAAnqRWAkLRY8sBgyEuSAMr3Vjjt25GTnsABo6dI24OjqsbFUxnGCvVuSRkn5TyDluhPFeXU5XzJO6as010aT2ut3bZaXstGz0XNuNrJPS66pWV1tdtaee3od3ps7f6N9oDvGgEe4MSGO0AErgZGQQBgdAAAARXsui3n9hRW+oMjyXATygFQEKjnOVYA4A5OecdSQa8b0xnuJYooykcbFVZwMqHXkYb1wOTx3zwTX0j4N8LHV7KNL66eC2GYzJt81lY4PmN97andd3HPAzxX5/nvssPzVKyXKr6xSvG/K07bNpve67n5pxnUpQpJzm1yNSumk1stbtau9tWut7WPrv9nn9qj/AIVF4R8SeA4fA3hnxHp/jbU7DU5tV1uzt7nVLeS0OWsoJpUMiWsnUxg47hecn+l3/ghZ+0B4d074v/tDeKtRs44JdU8CQXtloNjbbbWGOxRFmtYkAxGhydgwoYHAzX8n2mfDu2t4nvtOuBPJYSBYZZhhcKPvj+EAnpkjONuMMa/pM/4N8dQ0W7+OfxH0rUtIh1Se98DrDdzTMq2i25aMOJA3C4BBx0bk5IBFfW+FOOyrE183wE6dSrh6uDqVHSpO1SdSm4zUU2rq7jZ9Lba7fznm08RLijh7F5NWpYbG0syjD2teKnRo06sZU5SmnZWXM3ZaN2WiufDP/BZjUPHPxW/aq1nVtK0vUdL0vxFpmm3Ol2GoWr2kUlgSybbWVwqybnIAVSwYsAuf4fxg8bfC/wAYfDSe3034ieGta8OXt3bm80+x1mwurOS5tZVDw3UH2iNRPBMpDKyZXawxwSB/V7/wcN+JfAXg/wDaJ+BsvheO0uNW8M+ERcXul6c1v9ks/sksd3p322KM/vFZ0IAlB+XccYzX89/7en7Z3jP9sfxP4E8YeM9C0rwsng3wlp/he0sdKgRIr42sIga/lkRVcPPGqt5eMIQSuQcjl8ZatTFZ3gsdRpSw9LEZbl6hhZtzdClTo0qSpVNE9IQUk7a3d0ra/wBJ8BZHluS8KV6FfNaWLzelj8TUrunTjTpYmdfEyrVa6jC6SvVaavdWWrurfmlq96LW0nHnKsUrN86gLIr5+WMAHK46HdnjA52lazdMvWlsRDjfcLLl0Vizso5GCflBAPQ4GPQDNO13TBNN5CSFUl3SFmyGd2Y42Z4AyMAFsk9Bjis/w5oV9HqJEKzvdDcRFvXGzjD4znBAyeQQ2MYGK/NKUo0sO5Tai3Fc15cyavG+923dNqyb73VztxNeXsaqUrWWnvL4Vo7X1fdd9U9D0qCS4iFsba3kS5VSPJDqFAUEs7erMOoOCeoBIIrW02eK7YW995ky3U6xmMdIPnBPA/hB7c8D8KphrszIGhNq8YCyOQBvI4BcnoznjgAYxnHGNyKJo7u1SFIxMxEk0kYyV5BLDtkDnOCTnqckHy6uKlJfuoXd2+dJ67WlZa37dHq7aHylTMJQqqLbcp7bdbK7Ss3e+7ve92rnpPhLxrbfCnxFf2V3aPcWF7aeZaylsuXCDagHC7NxYspXkEcYBI8bvtb07U/FU2tyrbQ29/NcSNbSY2pIZHJZj6kHOckHHOM4rb8SvFrV3FFdyLHP5IHmq+XRYsgqrEjDNjJAPOcE9a4fxFolpLYJc6XIQYZPKYKjkyYH7x5AQCpHbb17ZyRXuYTMKs6FKjWvFpbSst3FRbWj1Xd9Fq937WWTgqrm1ZzinNyVlbmi1p7uqslfr12PV73WLW0g09dMZ7csiSTSM37p8tlVDfdYMc8DopwTkc/PvxK8RTardXFj58bMrq5eMoUUkhQqtyWOO+Tk56Ck1rxdfLa2mlRhJILW32NcoPnQADG3oSxPBY42+owTXn8NmL23uJJ2eEvKXG4bnkUncVVmyQRwcZOSMHkYr0qNGlBp2S12WiaVk29Ulo9L2210PaqSpx95uKXbm5bNNXavpp0blbrbvr6HbWyiBZ2L3ckmxUH3GBHy7yrdRkcnO7BKtkEV2cGm3UF3sIEpVjIQ5Jj2nHC5J4ByowP4Qccc874U0K+lvkTEgikYbZXYjy4gP3ZRS3y5OMjaB1PHFejy2L2c5d23CI4RFkJMmfkzzkdck4+VcYxXlY2cI1rRk3ZLmSs10V72a0a/NLU/K+LMycavJFNxVnLls00lG15a2d/xutTl9cnFncRxSxtKSh+aI4UFgW27VJACcEkjtknqaxIjBfg+crzl8KMbgyMCv7sE5IxjvgdByeK9JuPDq3D2/lxzStdRl87CzZJy4VTyy/wg4IC4xn5qoNYw6bKkPkQxs7bNz5DxshAJfcRgtj5j2H3fbzKuLpxjFQtKo3qou7duVtX2Td1a+rbjbrf3eGasJ4SnPnlzSWmt3e8b92k+t1r0tZHBXXhqG4hW5t3eLypAJ1RSp5JO4tjlsHC9FYnBGQali0SZ72G2Ry8L7JC4c5XjO3JBwScAhfmBIJOBXQazrFlbLKloGdwUEyRHKK2cFxyQd5JIOc8/XLNGVhIJbjckNx+9jldsuoUNtCgkkc5GOSFLE9qJ4us6Kc4q7UUoqXvNK17LtotEvda30sfbU3F078zu+Xl7vorK/wBpNX6J3vbp0llpunRE2dysRNwEDuF3zQuMKvuCT1IGARjrXinxj0ay0Se3ht0VJJEd1ZDuaRWYNiQE53YbkEdzjHQfRfg3Q7DVNSd9RvBZpLLlpyys5jO51YZ5XnGT17HpiuO+M3hHQbuF7nS74y39g5VJZGJjuUJIRU4xwn3gBjPXjmqyjMJU8zp0qspqMknJRV4py0u3a2iXK49dtOvrYRWSk7XdrRavdu15LzstvXTY+L55Yyse4BXVSxA3YOCud2TkE9cjH8QJOQD1nhvTbvVNStoo40FuwDsuAAYzy3XOCBwhUBTknHNWtP8AAGt3pkujbCSJZwrsrcbH4+TnJJ4UEdBjgZNepeG9NXRruaO4iWOOKJRGHO2QuAoBVskFQGOByGOR0Ar7nFYyEaUvYvmqONko3Tt3vslbq23ordztrYiEU0mnJpKy0s2le/po02nqtUz0qaT/AIRLSrNdNigaeeGMhI1zLHJs+83DEs3BOeBn3zWJJ49vZVW1uRulVcSHGAoIOWAB2rIuMAnAOcYzjOT4h1WB3ge1E2bOMFgWJyx67mH3lxgcDg5964K8vVgSRoWPnXg8w71GYt2MqCeQew57k8gba8CjltOu3VrU3OrN7uSbT0fVaXv1/NnNRpxcbyV72SenNdON9Elq22nfW22ruvYdC1yFo7iaVYmywKzMuCP7zgcEucA/KMdD650pNQnWdJ7WXcLp2MSLncx7KwwSFyTkHoeOcE18/Q68UjMGWDx/JgHCjICs5C4BJ/hB+m4nkeoeFfPvxbpDLJJNEVdpNwARcZ6ZHIIPGD1xz0rnxOTwpyc9Enqlpp8Nr/cvNrWx0wpwbWqVkmnd3TVk7X2UldLe1u2j9H+2T2QtjfwxlZHPmwlysrnr8xBBILdOGA5BU9DsLrGkh7ci3lgDuN2PliRFboDtGVPOTz1XH945Vxawz2P2qV/Nv4rgCKOYFS6KvB2dVUDkvwcE85HHBanrk9vfFLqEPDaOp+ZcQxoD97eBhlBJ4zzjoeM+e8qjXdrrfRJ21TjaWiS6prTSzTdtFU4KD0d09E7KVkrbPZvpZJvR7a29Y1XxILadYrUvMlwymNnJGTgbUijI6HoMgDJ4PJB4bW9Ru/OTUZE2zCVYkhYEGJ1I2sCOin7xOR657nk4/F8C3PnXSoYBk2smSXQg4UoDnaFyMZwFOPxtXviaLUkMR3fdDQmRV3TttxuOcggkYBA7/eHFXQyqthajtB8sr814rVNK3Z35m2m9XutlfNJu97pXaulrZ7WTtbW9pJPeyTeh7NovxAbS7G3kind7uVEikiRwQjLgq6qDy3zYOcnnnjk/TXw3+P1iktto+v2/krEYgt6WHmLvYAyOQc4G7IByCwIxkgj84YtYa0naOSz2PJyrs3yo3ABGMhR3x1OOhxiuqs9eaOeIzApKes0YLl9u0pGSByOOWGTkE8fer28NLFZbUVWjOUU3H3LPkkrRumrLfTVrW9k+rXsIyXMuW2kW2nZpWvq0vW9lre12fvn4P+2X9hJqdhci+067t1lt2k5WdWyVCscLvBIG0AZBz1Jx0lnFLPOouQInijk3xSM0SRqoOX8xsYXAyAWGPTGAPBf2J9R8R+KtGurbVdVtP7CtLSJ9Phdke5hm3bFCxffKAjG7HHc5Oa+0dSsdMutP1LRtUsS7zQT2supW+Yp4kmVo1kVgF3FA28EFsn05B/Ucsx7xuEp15Q96yUou7u1ZySu215XVndKy0b76WFjGKskr2dpJau6duZXaXVX3+Z/Nx+2/41sfF3xkv7e0tbbyfDiDTZ723Zc3jBgWZnXJkZTuXeSxwcjGefja3s2muJZLbzCApaMFsA4IwCMjJwMEZBOMdhn9efi1/wAE5vFh1nWfEngDxLZeKrG9ubidLDUphFqXmSu0pQZIRtrMY1GQQSqnBNfAXjb4XeMPh3NLpvirwtfaPd20ki+aYJPszkMw/wCPgDY2cE4ViB1PHTzsVKoqkpSpcl3dNr4U7Wd0tPJtfPU6Xhqijz8kmrXvF3SStq3bS+97LfXY7b9lv4iaD8NPEuqXPiu4eyt9ahis7a5jVjHHKXAJlCjIQ8kkngDkg1+ynw/8TeE/EFta3Oma/pV+kxjcyx3lvvjU7QRIjPlVwxG04IBPHFfz1eTNOgcokqbixhCgMCAQCc87sjIKjPQg5Fd14TurzSbaT7FqmpafK5Yyw2l7NAWU/KoQKwGQQMd+gI5r6DI+II4Cl7GrQjUi9U72d5Wu3pbRq/ZK62Z4mKwLrVIVXJpq10kmrLlSaW+vbfro2kf1d/DvVtI0xLcz6vpYhd4wD9sgGAWHOS+Acc+/II4Ffj7/AMFU/EGkah8e/Al5pt3bzC00qEz3Ec8dxBG6SqxWQxkrzjIUsxHIYnmvzvXXfGwhmnt/G3ieII3+oOp3O6MKeDgyBQfUAcnI5wRXJatqt7qhWfXtWvdXuNpLyajNJPPxuCqsjksB7A4AIOcAVpnWdYfG4Z0oU5xlPld5NWsrO/TTXZ6K+9jvweLq06fsYq6htfR3i1qnro76O1+yPVvEnxl08NfWMPhzTTc3UMMMWrxKi3KMiqTIhGDsZV5TG3OexOPN9F121k8RC4vzHdxTKFZXADBzhVYqCFGCflIBJGBwSRXAz2i3o+0RDLg7QjcbVXnIUlSDnhh0I4IzTYdPubK6inG5wWU7z93BZSwJYdunTgL1xkH4BYWnFtxWrd9XfW69b636Xd/I6q+NqytOctnoraPZbWd3e/r6pI+n7DxJHp17Zy6cLWFbe9jkuiAFEwLgqjjb8yhSAxGQQT/Ec1+jvwxtfh58XLa2PiWW28LXsUaQ21/YiMQyygZDTKoCqjkDLA4Oc5IWvyCZp5I/tcfyrlUeND85XIBfnnkZIwTjHQnNeveDvH99oDxRW+oTQxeVH5sbnKygFWwATgHGVOPmIB65bHTgakMNUSqqLp3hfS+qUXezSdm39+1mjajm1GCdOpFSTSv/AOS20b1svRXv1P13tvEOp/CPx14d0qx1HyfCGtPbaX4ku7C4ktYb/Rrg+XLIrqRGzlC2/qAck84ryX9qj4b6X8LNdh1r4f8AiGW78JeMLq41DTY0nnN9ZoqxySrKwfEqM7sFlAYNkAMABjx7xH8XbD4g/DzTLe11FbbVdHEf+jNgM0cIYSyI74YbvvAc9BwK8v8AGnxR1/XtI0DT7u+kvtP0WxNjbtJy0QlwskSnGeCvJPQDjrg/UV8xp0qXNTmlTdOPLy2TTaV4p72Xmnrprc+dr0svlXrVo0YOUtOb3Xtayi0m9U3dvo3fQ9S+Ff7SPjvwNqVxNb6ve3+lpA7NaXMheEPEDj7+QSCucDnI4HHN3w58ctY+JnxfttQvxGk+tvIJvLIAjQIy4AGPm2hdw5wSDjrj478Q6wlhpZtrYtFI4y8yHGxZOdpIKnOAfXGB9Ttfs9X8TfEjwx87SFrqYu5JySQSAcdsMwAHfA6HJ8HE5tVzGnSoVJuVOjNKKbut43Sv2v07+jc5LhqGFzJYynCMas5QVRxsly88NNHtrZvS+qPo7xW8snjK9VgT9mvJI9xAAO1zjryevJxz+efqv4fyRS6NGJmHnMUEmdwxhRnAHK5+XgEcD3APzP4ptGTxhqQCsQdQ3gknALMMbTk9SBzwDwPSvqzwZpqx6JabmxJMAzAKuTgYO0dcg9B78jFe5gacLx2Tabtfp7qtp5PRa3121P0rO8bCeHhblcpQi5K976RV2rb2dtFZXLuq7GtLx8lWWIhdvzABejZIx2yeMAe2BXsfwUmEPwt+KAMkcbP4fu9rPkYDJnJx2PI9CeOSa8p163ZbG68rajiAg7ccgEg98AZAJz3x7Y7/AOF+2L4UfEyQnn+wp42BPUgMu1cdec8c5PBO0EV69dOVKSjH4YPXq17tuZ+av+F9tfncA/aVYpO15Wa01d7u9r3snv3Suu3x7YyoqjzSrkM7B4wAWBfGAQCSBz3x35roLedMNjCszLjzBjIBznOMjv04PtXIaeCUSRZChBO1GVmCg9yNuQrc8nPUnOSMdLDc/KVkAZTkNId2WwegwABxnBBHXgEZJ/P6105NK3fV6LT5K+t9N7X1PrY2ULpN2je6S1Ta1b6PyaTaVtLotGV2dpYkVhGSMKcqScZyDg5znpkLkcAVKZ1balyiyQsMvEQGA79DkleSdu05xyByKcsllGRIhO0qSeCFHBwSCOQfoefxqwotJVcllJyCSF2kA9dvfAzn044JyayhOUYtWau11dna13bztqn32QlFS+JXS6O9k9Hbvt00V7taWOR1nwF4d1xWkSzNtcAhx5IVQwOCX2g4+gwOAOg4rxrxB4L8QeF/PubO6uby0ALRpECzxqvTb94ZXjcFPQDGOtfR/lllbypH3LwoyVJGcggkYzg+pBxnjmlaOeSJY2VZ1OUkVwhUggg7uBlfly2RjHbHFeng6sm+V2lF+7Z+8uXTZXfK9VfXa73baVfLaFejJxhyTa3jZp6LSz2drrdW36s+VtH8VeIJYpliiF40eBIj5jkUKAXTa2TkYLYA5ztPJ49A0Xx3GrJbziWG57I/ysMcMAeFIB4y3Ix6muP8d6KNG1kyrDLbLc+YVnti0a73LAkBDhsZwVPBIJJIrB0zwR4svLabUtFB1NV3bludwlDAZYKS2c4GRg9hnFfUUcLW5efC1JRdk7QbiktLba3v1sr7nwGY5NSlVlCrhoVGub7F203GLb0evZ/jqfUFl4pt/LXfOrAhSUlwcqxGEDnrhuQQeTwoBXA9r+HHx/8AiT8KdQg1r4deP/Eng3UIZRLC2latdRWxZCGAmtllWKRQ3GCDnqRtxX5xXmp+INExDq1rf2jgg+VLG4jbkD5ZThtoxxliQec1vaZ8RZIo4/tLK0IIClw20dCUZiAR1AJzt6AEZ5+iwPEGd5YqdOb9rRtHnhNc8ZRfKmmm3f0atZWeuh+VZ74fZBmlWpUlh1hcQk3Gov3U07JXjNJa9NHe+id7pf1D/A7/AILsfHfwnp9t4Y+PvhTw58bPBjokF1Jq1hbNqL2mNrM0bRmGWTaMnzc5OM7jkD65sviH/wAEkP26o0hldv2dviTfty8Dpptut1Ng48v93ppRpSRjCKoAGcHNfyAWfj+G5jRYJyMqGSJjje3GArH5SqnHy8n5hgfMCNXT/EsUs7NI5hmL7oyCI23gjLCRSNp45wSFxxnt9bl+bcO41N4qjPLsTLWVXA1PY80nbWVFqeHne7up09b73SZ+Q8QcHcZ5XVgsqxrzDBxvajjoPEqMU0oxp11y16furRxqWX8rV0/6e/jH/wAEifinZ2r+Iv2fPGXhf46eE4keeKLS9Us21hLdV3qJ8TNbyuUGQIBluQuWNfkT8UPhX43+HWr3Wi/EXwT4i8G3lq7ReXrGl3VtatMuQxt7p4lhmQnkMjEMCMcGvMfgh+2d+0N8CtSgv/h38TPEmlW8LpJHYS6jPc2MiIcBPscztDg8g8Dgn7wyB+wfw8/4LXaJ8QdJtfB37X3wW8NfEzSZVWzuteGmWLaqkJASSeOV4wYWGS26Jw4OcY4NfQLh+OYUvbYPGYPH0pJfupJYXFS2vaMpOhUet/dnSv0jZ2PkP9fs64crwwubZXj8LNP3q9LnxmEaTjHWa5cTSVveu6dVbttn41XOkpD5VxZSZkQhlmtnaGUMCGDoUOVJYJg5GOvVsDdbxd4nS907U7zVtQ1O/wBLQw2C6wzXqQwrgCIGdnKpjsMnHXjOf3WH7Lv/AATf/bLiOtfs6/FwfBrxrcEyDwh4gvoo9Pe5kG7yc3UysoEpKbYMkEEqCenxl8fP+CZn7TvwVS71J/CkHxD8GxsWt/E3gyT+0Y5LUAuJzbRl7jhRuJChSOucZr5zMOCMBiualWw6w+IqQt7LEUfY1HfSXs5SXLVWj96lOastJPc/Sch8baMPZL67ywi6aU4VPaUk7wa5kryptO3u1IRe90y38MPjb+xB8R/B+m+Dv2mfgpc+EvEVqIba0+JXgiRo4pHwd97fWkXLzE4crt2kngdDXyPp37N+n/GX9oPxJ8Nf2ZbmfxfoKJqGt+HL3V5Iobq/0q0VJGVklbKTYO1EJ+YqMe3ld/ol/pUpsLu3udOullaN9O1C1ktp42BwVaKVFZSD8p3Kv4dKTwxrHivwJ4ti8U+DNU1Twrr9jC6RavotzJazRof4W8pl3RsfvRE7G6FflOfw7MfB7MOH8VmGYcOZljIVa9OUqeAxtericBHEOSkpwg3z005JxcYSUVGWidkf0hkXi1lWeYfDUc2o0K8FOmniqDjCu6dop6xVpaWez22ep2XxK/Zw+MvwfvTb+M/Aev8AhwXHmCKSWzkNtOIdySNDcRqY8NtGPmx/sk4FfWvi228Ta9+yH8IrvxA+m6hovhzW7izeSeNZNVgt5iQlk7A+c4hwCyN8oBJIwRXoHwp/4KW/FvQLbT4PjP4e8N/HzSrWzbTba08U2Ft9qsoZF2rKAY2V5tuCXfL5O4HHNY/xF+Mnwj+P+haV4TsbC4+DOoXviqS/1e4hVX8OaZDduArQWkOYwEBw/wAoCoMqR96vyzH4njnA4zLo8R8OyUMJi1VnjssnUxFGdGMZRlz0re1jzqUeZe9ZLpofrWT4fhjMcJi/7Kzmm3iaDjDDYqUKcvaPlajzStF2fWNk0urufCd3oHhfVlulgdrNUdxG0SuI2J4I2HgYwMrnls4FcnqXw81SC0jn064+0wNl1VEUF4wCQrJwMnk85xknmv2e8Of8E3ofEXh3RNS+DPjXwb8YZrrTJJdbtLfV0t7q4uGVnjlWASBoJOQNjDs2Rzk/A/xI/Z++KPwYvdal+IHh7xL4Q/s24vBDFcWtzdaSkUXmH/j+VWttoUBlUOWA245GT9TgONeHcyrxwlHHwp4pXhLDVmqNWM48t17OqovS23ldXu2vlcfwtmuA56ksO61NWftaVqkErwa96G0UtLeTT62/Obwfr+taPfeII3026Zl1d0EBRkELKVUyLIoxkgHEbN/CRk7q9t0X4oWNxI1vq1iUOFQ/akLxjcNpkKnkPj5SecgcH0l+EHxO0Tw8PFUXifwnYeNbDW9Vlnkd5PIu7OIzMhaBxh95QHbg9cNkcivWdX0n9mLxT9qudJ1bXfAV/PCjfY9SjS9s45ivzFXG91TdnBYZwdueTX1lOCrU4yjOE5c1lHS9lZJ72Tt0S20Tvt4zouCak5Qlu1JW6LRp7Wa9LLR9Dn7TXfDV1EYrG4jjkeba01nMYnK8HbsyGLAtxtxyc+ldp4e8R6pompefpfiO5AgVVS3uVeYxqRg/upM8MMc4JAB6Dp8VfFfTtN8FeIfC/h/wf4r0zxNqGryNdf2jZzvbpZRFiI1ukJwjjG7avX5c44zg7vFtlqEd7N4m1KWSB/8ASliEjRIVJG1WThoztyobLFTnAzXNiMnw2NShXw8JttKacE9Eoyd21Z6b2TdtX1MViqtFJwqyVrNJab200W6uvl2sfsZ4M/an8T+GFFlNa2d7Emwre2N7cabfxyLht8awtGrg/d2vwOB3yPtLwz/wUES00+xtpdQnW+dDCbXxOBd2rEgAhJUDHGW5ZjlQGx6V/PZp3xA1iyXz/Og1PzpFQJcxtFJ1w2G2gbjnILH/AMe4rt3+JVheNb2kllJZ3LFFLGVJInYYyqs33Nx4ZlAOTnAGCPic98IOHM1nLEVMBThWSXJOmuSSjdNX5ba3ezutm/P1sHxRjcLTUYVbx92/Mk7ptWSbs+jer21s9LfrF+0Lc2n7Rnj7wh4o8e6Jpy+ENLto7GMeGrW1v/tzXLBZpbryEku44Iw7MwY4zgdKwbr9h74OWWkyzfA341a3pvxJmlOpeG7Sw1KbSW0u988SLZyWMckUjpG3yxlUJx14xj4i8H/FfU/D81tNb3N7pkcJVJprWdp7aVWIO0x7ihzjk5DYGAMZz9ceGP2kPD95d6dJqmj6Xez2Lo6avYwrp2tRuMnf9qgVHbCgNy+ScAgtmvic54Ez7LsF9XyaqnRw9Nwo0KsfaQb3vNNSUt3q1ZO/Tb6DB8R0a1aEsXFqTa5pRdm9U3e9ktdlqu1tD6a8E/FD/gpN+z3c6e+vRQ/F2yhsXhns/Ftstw1xaKhSPyZ0V5pd0YwElJc55BZq0G/bU/Zk+JlteeFv2p/2WYPBfiHU7t7fUdY0bREtYIxKwWS8WVLdbobdxkLJ1GMA4ArtPA37X2j6fJHd2nio38qwiP8A4R/xbClzbYA2r5N0d8iyHgDcTggYr2LVfFf7Pvxj0mV/ij4O0vTTexNnUtPhgkRXceWv+kxKJ403HcQTnr0FfhuY4HiHKcVCWZ8O4unKNRt5nkFavhMRry3qVKdN8smrPorrsj7bC18BiqM3QxFNuUP4VTlaltq27Jd7aO2q1Pxr/aq/Zh/YZ8SeL/hXY/s7/FRNN1nxZryw3c2rTqdMsonmHlJMLhvOtJ4S20hwobBI4HF34k/sO/Fv4Yal9msraLxvoItEmsdc8Nzx38WpIse4hbe3Mj5wThlTaOx5OO1/aN/4JwfD/wAYeJvDZ+AXxGsdKfU7/wA+VdVukKRSySDy5LaVH8y3MfAy21uSRjhV6e2/ZN/4KR/s3y6fqvw/8TyfEHQNGt2Ms9lqR1ZEtZIxlBZ3skkpKocDy1JHAAxkV+6cD+Kc+GHgJLiGpWi0o4nA59GVOs1zRsvrD5VGST5Y87d1bc+bxuTxxLrRWEUZT+CtQbalbT3opta7q100tXoflT4Ts9e07x/4rtL7R7rTnjvBG63MTwyxSxna0DxyBSHXHzBvuj1OSPokLHJGplDCQkDGP7o9TnOcZIPT5ugPPoB/aj0/wWniPwt8dvhVZXfi/U9ea6vtQvtIn0XV3llLeYEunhhDxhjkOJCpBAGea6T4bzfAn4sX97p8PikfDK+nMj2MPiOaKfTnJ+5FBdK5zvznrkKQSeCR/ZnBXinkePjGpNeydTlqTnTlCtRekbtThdtPR6r7mz4yFDEZTXca1ObjOairR0T01duV+8k+mr07M4G0soZoQymQE7QEBORt74GQxJ6/wg5GCTx8veK7Ga4+N3luVSGPQRIIkkMbIygkSEIQWboTxnPJzlTX6P8Aiv4J+IvBNtd6nY3+h+KfDunxRtca5ot/bvGvmkeWBCZCzMQRtwMknGBlVHw9rXhfV1+M+o6rfaHrWnabceHIfsmoanp93bWtwoUtvt53iEMq5ztZMgAggqOv7jS4oyDMsLhJ4bMcK/aVYxUXVhGUmkm7xbUrptLVb9GtT67BSxFfkdOEuRP3mr2sknq9HfVNLbdvo2+yvvE2l7ZLHW9RttjEqsztNGF3HGVbOOmSDyPbIAva58T/ABUmkvDrdlp+qWUlxFFcXMYMd0ys23AK4G/A78HjBPVt6e2inhRtud2FLRklGVTgsMEcEcZ3Dvk965Xx1oVuvh5VUtAXvLQM43L8zyAg8jPPUcA5468j6CnGnKlKSqcyUU/ii1Lmi0lq7NtKSvb1O7E1Z0acpOcnaPvN6auKSVneztfWzbvqe6+CfFkN3BDZ6TqSaDK9oVt4dUUtF5nlkR7XOVQF2ABPAI9ia+ddB8T/ALQ3wa+L9td+JfBU3jPwtqesy3k0Xh23N8t/ZzyhY55ZrIOYpEQgjzTkgc8cL2CzHw9HGZoo7+ERW+PMXnYY1JIf1Iyw+YjHoOT6bF8cYvBPgfxlqmiC70vWm0tItLviftSWkpOCY7eUFSwwCj4JUAHPSvrqWCi8C8RTnWo1cL++TcZKNSEUm04uPJOMrKzTSTd2ui5cNxLPCVoOlXftaU02ryg+VNbatTTcbL3lZvVPc/qK/wCCPmkaFpnj34t6tDqS2mteNPD3h7XJvB1wjrf6FbSsHEd2ZAriVSTlDg7fmIHf9Wf2pvEk/h/4e6i1vjzJd0aeYoMQMkZCuWO7A7enIJx1H8tv/BK79uTxzqPxy8MeH7j4Z3Xi7V/E3gtdNvPE2ioLXU7+S2jDC9vVAVHNurZKkgNgDg5Fftl+1/8AEr4hX/wx1Obwnoc/iGe/1Sy8P6R4Z1Y/2Rr9xqc0gRzbQ3PlpOqyMyq65VgMjgV/MOf5PWreJ2GxeJcVSryw+K55SjZKEYqVmukXG1pJWtvvb8v8T+JIQrYvG15qnVxFOl8copNNRi736O/RppaaaH8mv7U/iu/l+KXiiSC4SC6h1O6WUWhAaXDu+9yBgctt7DGfo3i/hP4ra/ZuokupZokAEgdgH46Zz0BC44Cleuc4I9f/AGlPCXi3wx8VPEOmeOvht4g8F+J54ftp0nUAZEnWUbpJlnUGF1ZnYDYxXgLg9T8hT291b7podOvLVZJCCVXdgqwyMr82AuQRxzkdOn9e5Xi8NXy+lKnXVSnGnyKpBxamtIxcbXi1y3Sd7Oyauz9X8OOLa74ey9UKvPGFKMbwel1yq6s5JW0Wuqt3R90eF/ivZ3+PODxLjMiHLozY5IJ5GCCSoGNvYc45j43alpPibwJrOmKyzC7tpUKohZYsxMC2FO4ABstljxnPpXzFoerGOIlrh7MxkhiRIpcjg8EqCARlh3POQTmoPiL4vm07wddCw1ZHkuo2Qpt/fNvGGWNRls4Pfo3OTnB48XOl9XqtylKLhJ7x5kvdTVnu23u9k9NbH7EuLJ4jBTo1Y816bi5NvmWkFotrtvfeK013Piz9lT4fQxfG/wAS6sInEGiQz28LRqQkheZgf91zz03HIAzwcfo18X9en0zSfCtrayzRJOL8TRliibVgfAJHXBGQvViPfA8N/Ze0+Gxh1DU54AJL2/keWWWMCWTexIViV+6GY8Z6g8jOK9W+Jlzaaj4o8PaVMFlVLa8meIEnYHEigsODgA5PABwSRkmvnstwdPD5fP2do+1r88pJu3v1YSS2vJKyTd/vuj4yV+RKE7SqVFO0W7q84NK2nkm3q+9j8QPjXc3j/EHzLlpJEEm9ZnJy6GXgrnso4AB4HHUE1+zP7IutXKeDtFs4pjAJ7eFvMdwwYLGMjbnG7acAgEjnjvX56ftFfC25vPEVnd6ZHCFhVjIiE5WMyZUfL1PrgYB45yDX17+z/a6jpvhnS4HjmiltY4cCM8MCBhmP8OduCFyCCckZr5LA4StDNsfObbhNpxlbdJJPVbvWytsteljloYKvDFTmoyk6lt02tOVvppu92kj9hvDNtHqKRCZluCFCeWhCsSRwxAJA9cEkZHHJwO2fwaTFJ5COPMbBZVUFeMHkAcEhuDjkkDrXy74D8WTWKJIb0NMqo0nmnbtJH3M7uVHIySeCQRzz75pXxP3fu5CJo8nIgYvIWA6gYyTu46knPQ5Ar2a2EqOi5e9y82+m/uq99dLO+q77WR72FoVIVpKVGUfdTvJNqTaj1XfZ730+c9x4eltAIjHISzbGbsdvV1yOSR3PAP3s1A12bMRwIzGWJ9oTkfwsCMgADAHQemDjIxq3viW71RRNbWd3FbIGZ5ZEClR6gkYOQG4GME8c4r8pv2iv2zvFXg3xjfeCPCPh2YvYzAXesXuxXUNu+eFMfMuAQcgnknvtPyma4/C5VBVcXPkjpBOMW25K2sbX1a+1dJaPW2n6Jk0HUhCEbqbcUknrJe7otXa7a1enZLp+ow1a0dxG8rLO67QpBY5zg5PYc5OfUnjIUeq/Bf4reHvgx8XPBvijxHcvaaDcTxaZd6jv+SJ72URxIVTk5kZFbIIH8QHUfmL+yBr37R/7UWrXWl/DzwC/im408LDdeJpbiK20mwnlGU+0uzLHvYAnZgnGCvPA/U22/wCCbX7Q/iLUPDniH4m+OfA2h6BotzZXms+HbOdrm6eW3uI5hBEhPl+aGTb8pHzHgEHn8O8T+NMizjhXH5Nh3Uq16sV8FOU1TUGm3NJNy1UbtNaJa6a/v3BOB4XwVPHy4nz7CYaOOyzEYSGBjO+Lqe3pckFClBSm5SnJJPlV2la+jP3r8afGLR9B8MJq1vcGW2h06C+tHRuLk3MIkhTJwzhgwYcHGeSTnd+T37W/xZ8R+Ev2XfjT8eNQndNTvbSXw94WDBgIZNU/co0Csc58vOCpPzKfcj2b4rfEGwu9d8FfDfTUlnuYRaafPY+X5QSC2jjgjlZCFyGUF1BBGNoGMDPyV/wV4LeG/wBkDwV4D0hRLPr/AItsmmtvuxMtqdzs3G3apYg5BGSQeoI/lngnhKhjc3wuJxc/3UMSnCEtHCKlFxcotrmtG6fWLd3dHzOScKx4aw+VUMtwj/tfibG1FTqVI89eGX0pOpG0VGLj7RRjzSUdFvZn8gPivWNe1vUG1DVtQ1Gc3EklzGss8j/NOTK6hSxChXbhQAeeRk1y8OiyF470LIQH3sjfIGwc9T3O08kE59Twf1E/Zj/4JyfHL9rK71aHwLFp1pYaTIw1DWNTLrZ2pcnbBEVAaWYY6Ju5AyCOv6WeAP8Agil8KvCnjjSvBf7UX7RFh4Y1C8tIbm30nQ0WNr5ZWGY/NuSix5PVyRyMknAr+6clpZE6ap1KvtHQoxmsPRpVK9a0LfDClGUrR7JaWWtmfBeImTYrL6uOWNxPtcfhaUsVVwNLnr4ylTXK3UdKCnUjFRs3tvroz+fHwzrEuksJnVEe5EcfkyOcsBwXHQbiDkgDKsDgkmvbtKOsaxGjadput6hudI2Flpl1cpuYDCBo4jkAHByduAMcAV/bl8F/+CUf/BLb4TWemXbWPhfx1qNpDDOmqeJvEkF2Wk2BvNltvPlgwxzlcfNkZHNfcEGnfsOfDXR/K0TQ/gro1jacl7bR9DnlQopOQyRs7ucfLnGSFzlq8nFcQ5f9aVPK+Gs4xsnLl5vqVShzNWvJLkct7XvFOzslufz5/wARExGHl7DDYHG1lGSipVIumm1ZaJXd23bVLbZn+epd+BdXu4hbyWl5BdBGeWC5t3tpYsgttkWVVfnO3bkEnOOOni3jDwh4t0q6VdNsZ7xXIJaFHIi5AIYgkFscZwV6r04H9CX7f3ijwL8Wfj1rfiP4a+GdI0Xw1pES6ZBJpFpBYW2qSQuS16YIFRP3vIVivIxzjFfC7aBHJgmCJD8pYLErAEEEk5AyxHJHy4PHDV+uYPg3A5nl+CxWIwrwWKr0KdSWHqK9Sg5Rj7k0rXcU9V56rQ/QsBncsThKGIrU50atWCnKnO8pU9tJNWavba1r9Ez89fBeieP7eQltDl8tlVzI67XIyDu4AAwQSV4Bxyvc/QGhaT4zvnUzaYgGAAxyPLXI578jAHI7A8V9FtpCwncDHEjD5SsYVecAg4HzcAjGQDzn2BJNZM5RU2EY37Qp29Sdq44A4HALcjua+gy/gbAYZJRu9bczirt6Ntqz89NbaNNXd/RXE8aC5INJtrtd6pNLW+r3elt7WMTw54Ku5YUOqyLFzn5FyWYDnO3kr0G3IHf1J37/AMJ2MFxAkMqbpJYUVgqiQuSu0qyhW3KQPTjJ+kH9pXKlhbuwZi2SHIXGDkqGyB0IxgYx0PGZrFrme+snuFlm8u6gmaVW3BEV0PXjHOM7gcHpyRXs1+HMJQw0pckW2m4tvRtKL87K35NnTh+JqmIr0aKSXNJR5k9ruKd7aK19rd+mh2GsfC6/t9rNHI7XFtHKJJRv3DA27w2fYYJweCT6+J+IfADBTC8O373mbEXjkgHJ6feIwuTnBHIAr9T5/DI1/wANafq2nQPLE1hAj8FnJSIBiByuV2kjP3jkj1r5i8W+GLlLp4jY3AXkKWgYFy2M8gYGCOOBn1Pf86q0aftKlOMXzc1rbJRTSXR2T7Ja3TXRH6TieH6joU8VGpKrGcI66WXMoPdd29uuivpd/nZe/DSxferwF2dyQURQVAPII29sbRnOPUE19Vfsa/DTwfbfEyCHxDbW0VvNC5t/tUaMr3GSAAGwBgjGRkgDPQCr974WkiuGzbGIDICyJhgccHoeCO64wADgZSrvhKxudC1a31W0x9rt2d7d0wVVyeR1+YEjkdM56YNP+xaVWDdOmo1rx5WklZpR0drXu+vZvSx42WYuWT5nh8RVbhGnUUura5eVO9+r1v59NTkP+CgPw+jk+JlhJ4e05JbRdJWBri2RnhMkYIXayA7WOcA5x07Yz+d6eBNftQ0ksLH5SfLI+dApwrbW5GF6LweDnGcD9e9a8W+Jbq5e41iw06/wAIhd28cijcwwRuUgZwACOFx1xXXWWgfD/wAX+Hbiz1vwNE2rSDe93pgjhZS+3ayEBSRu4Yfd6ZOMqfRwHDlJRTxMpqrouVaWSsuik5X0s+z6bn1eN4Z4P8RsdVxLzKeDzCpCMWqyjGEqkYxj8Teqbd21dNXa0Z+NVpYvax/vkXepIcFQCpUg/MWwBgDuDlsY4xXX6R4mvdFtZoLJYIkuQyzSukTyqh4ba+MoRtLAEZBJz3B/SDVv2NfCmu2F1dWmvSeGLmWNmhsdQjUpKyk7QJOAGbcOevOQOx+XviD+yJ498N26SaJc2OsRsrFWs5g0jJyMspO0HJDEAAE9cDFezPKKEIRppwnF7JSUZOyVtHdd9b+vl+ecR/R9zbC4fEVssoYbNqCUnL2E6cqluWLsoNXlpq0n8z58sJVvrtYIb1VebLXNw7AM8Z+ZiwJAY46gc9PTNJ4i8L2+rNFbWTWV48zbBFAymQlRglsHAB6kuVJB5auC8V+FPE3hG8e11dbjT7tE3YMbKAoGTh1AGSD/AHsEA+ozoeHbu80Twpe+I3cvcavdDTNKnJJKxR/8fc0YJZkZOBkYIOQDg1zPA06PNRULObUlzOLSSte8Vp5bK7at1P4g4q8OpYTOa0MXl9bB1VUa9lOm4vnb6JxsktVpdXatrZLEvfhnr2npLK2iSDyyzb4HSZQBkgALuySO2QeeeTkcXdaPqFjI73NhPasBvAaBo+BknBI28jHJ5B4UYJNejQeJNTgureOHU76RzyyNOxTzDg5kU5UjqehyCCK+j9D8Z+FJfA8ljrliur+Jb+5EEZe2t9ttEhxvDlSwRlJLHqeB7nzcbleHdGUo8jULXTjGz1SSaim3dtLZO+90zyKPAXPLnhKpScG9ZJ8t/dXSN93a2l2ulj4IOqajbXsP2S8v4F+0wxb4p3TYpkG4EZxggcBsDnnlsV7h4l+IviCPxFpmnnVb6S30vSYYbZ0c7UdoxkkZweSdxGCAeM5+f17wx8PvD3jfxpNpR0KCxtrW2bUZJY2BjZrdfMcAqACHOR8uVLZzxxXsfgT9m3Sfil8QLfRLbZoGnX1qVvNYn/emCOFiha1XLHzCqbVBILc8k7ifkP8AVx1cVSVKlSXPOMk1B3b5o82nKrrX4trptdLfWYV0uE8kzDFY3EctPDx9pOXvOXLSSc+Vb31T7aq3S3wl4q1ebUPCd1Bqc0732oT5t0dZJEdMsQVQLwCOCcDJJIOV45Hwh8KvFuuatoMVv4Q8RSW2oajp0UN1a6ZdmKcm6iDFJTHsWJUJZmB2kdTiv6ZvhN8Lf2P/AIP6Dc2viaw8N+J9V0eSWxXUfFduJ7m5m2gF4rSVWjKK+ShUe/Qcejp8RPhBoN/o2maBHo89xqk1p/ZFjpmnWUdpaQzXS740k2K0bFTkAgOeABkYP2NLgX2fPUrp0owpupzQg1CdkpXvJ7N8yenR7I/jbjX6UkKmYxwHD/D+YZmp1XhXiZp0oU26kYe0lHllLku2170dFsfr98X/AAbF4Q/4Jaa94dsontYtP+A9jBNBGuySJ5NJie5BUYw6yO29WwSemOp/hkvPhFpXinTjdjVNl6bCNoVkhLRNjKnzj82JFwRknngGv9Bf9pG0aX9hT4iW8MC7H+D8shgkA4DaWrkNuz8qq2O2Ac8niv4O9SuIA9tp+nq1hM8CrOiSBUKqzbmUBtowp5J2t05A4HyPhRlGBznDcRxxMadSdHNKip80VflaT5k79bLS2mjaY+O/ELiPhDMMjjldepQp5pluHrYqCk4/vG7yi76PSTT0u+yvr8LL4Su9Bvb+dJlWfTJnSFoomSNyjMBywAJJXKgdznkHB/Yz/gkvpWpeMfiHe/Du78R/8I/e/ES90k2V3b7YLqQaPepqFxGC2DskhU4BYhmIBzljXv8A/wAE2f8Agn78K/2zfCvxul+LF7rGn23gl420O50TajNMFaaSe4kDKWAUAlDkMACeuK+APhV8Q3/Zj/ajk13RdWCaR8MfiLcaZY3VxCfMm0a01NrC5ZgOWZ7RCSeQSCwyucfRfUcqxMs8yvK+d47LaD9opU2outODlTs5JczVuVtaXsulj7DL+L87zTL8HPM6kZUcdC9JOSbfLJKbktWnG7jfzVrWufqN/wAFGvAfiH4UftSiHU/GN74xs/GmmaRdae17Bzp1tp80dkbZdo2LkxliRuB6nnBr9bv+CevhHV7jQfiVc6ha+Tpl9N4ebT7iGMbZZIrOFyMqAq7SNrAnIzhQDX54f8FIPiX4I+LPxX/Zk+IHgzX/AA7rum6/4X099VWxuYJ2snuZluJBqCIztCyM5Uo4DblII6E/s3/wTwkjuPhT4ogkWN47XXY9k0LhxLH9nURlcZ/dxpggEgDHOcZGPEuZYrDeEGX1K9OccT9Yo0KsZrk5XTrKEm+ZXtL2d0mkui0sn/IuW8L/AFj6TeY+1kvqksJisVRmm3ze1wy/d81tYWm3q2042ulqfkP/AMFJ5JV/asv9IEDrNP4P0xLa4kYhd6RKQQc4yoAI+7nIHQHPIfsQ+JNQ8CfHCLxJPYaj4ihh8MXtvNpdlIBPfTJG42W8YZi0gzgYBGSOg5PsX/BVexjj/am0iWLMBvvBcO275C5jAjBbjGRwoGT/AA4Bat3/AIJm/CeHU/i9c+I9YafHhjQZLqwRm8wXc1xIFLNAeSCrlgSvUZHfH1uHxGFj4M4XHYuLnR/spOpTTs5XSiqae7blp1a5t9D8IxTx0PpSY7IsulOOInxNywqtJ04JclT2soy0koq7s3aT0PtDxX/wUU8KeAdDm8P6v4V8T+FvGS6Hqk+jaDrdq6LKbmKVbczs6j5BuUqyjocEhiK+1P2ZdZ1zxJ+x5p2vahbJZax4h0zWdYdYsqoF273CspPIXY3fIxnGBX5e/wDBXXw1ZweIfhd4rjS1t7hPD11bSSrbqs9yAwMYlKKC4AGza3RCc8DcP1X+AMywfsb+DrmXy08v4ZSTMFURq5fTSSSAcDnp15Y8EMc/g3FGV5HT4H4TzrK8FLD4nOs7p/W4OtKslLDOcFGDaj7rk77aX1uz+wuA+IuKa/in4hcL8QZhTxmD4V4TrrL6tKgqCnDGqhU9tKK5kpqEVD3W1o7J3aX5/wDh6DxV8RPjHoMvgrQNO1+98ERyLdXWquqWlneMkhW4GzCuxfaPlyQSPcD8HP8Agod4b1Xw9+1d4ibxNZT6P4m1qG0utVjtpzc6f5k6SEyWxJbET5BAbkDAIx1/qP8A2JdAsZPBOq+IZLKOK41/xBdYuYwGnaG2mkRR54AcIxyCpIxkgADBP4D/APBWbTLZv2oPEl2ls/nadaWEjXTHkhkbABbBbbgDA4Azngla/V/DfN6OY+IWMyhUKSw+CydUou3NUnOnKk53leyjecmkl0vs7r8e44w+O4T8MMl4thi6/wBZzjiFVKsFZQjRrqoqaTsp3VOEHzc+vNazP0G/4IpXlnon7O3x6gvJUuIrfVYZbhxgOImtphyAFPAJIzkhgRuIwR+tP7JraGmg+J4fD8ji1n1gag6SqQXkuWdpZDkZJY5HOc9ATgEfiR/wRylv7r4EftRWztGqbbWcSAECJhZTuWYfeG1RkgfwgnPFfp5/wT78Q6lqWmfEG3uZ1u7Swns0trosC023ztygDAUDbtGeQeuelfkniPksXmPH+Ji3H2Ob5c1TuleNSnSlFuO/Xv316n9HeG/H88TT8L8JJOqs0yTNas67TlNTw8pqUeZXXK3C99b2Wup+IX7RnwQ+EXxB/ab+OWteMrm4s9asviFawabp8c621rq4nv4cxtcysoIOP4GBXaARnBrB/wCChY0vwV4z8H+GdMlsGstG8IWUNjbRXKXT2lu9pD5cUkwZw0in7w3c5xjk5+p/j9+xB8RPiv8AHvxl480/XIbHw9dePkv59FvXlhmkt7aUTPNZOmAxAQBTknJwDgZPn/7Yv7CNxqHgjw98WvDl94k8R65qviCLSLvSlje5FhaRJ5CN/E/kp5bM6tjjac/eB/XcizXK8M+HI4nOYNvLaeCWGkrwjiauHouN6qfLBuNOaSkrOVkpXsfzhndbNsTmnEOMocP14QwmdYrG1Mws1fC0sTUT9nB3lNWqU21FXitddLeEfsUeK7az+MXh65uNRsdPi1nwzeWTXVxcLbWkLxIHLM0jIhcquBzhmIODkCv0Sk/Za1P9rC38SeJvButaXHb6T4jkhEwZbq31SaLfHJasy52MrKdzZChWDAjof5/NY8JePvAPjq08P6zLNpUNjMzWUhdoYsxjPlo67WIfO2QA8HIYDof6nf8Agj5qJvv2ctXke0SJpfHOoi5kD7vNfcitKpJJHI3AHpnJx1rw/FvLXkmTLiLBVVOpOrQwyg4pwtUqOTndJptrS3zT6H6P4H+IkOKOKocKJ1qE44fGYp1lK04Tw9OmrOEk0vefVLRvsfyl/F7wmnwj+MfjL4beMoP7M13w9r9zaTwI/mxIPNLKysuVIfIYcggMVJBGK1tL8Px6kizaZdLcIi7wI2wVGMFfYHoeBtHUAqDX9FXxH/ZH+A37VXxv/aS0TU/D9vD408OarZz2Pie1lQXkDzI+/wA5FcGdVbBcPxgAdyT+ZXx3/wCCaPxz/Zg8Aan8XrbXtG8SeCdMuZPtq2krQXllp7SMttdXEDfuigAxJsztx2r8PzvL8qq4OlVpYn2WZVqWHrTwU1KM5Sr0YVL0nZKS1dot3urWs9P694L8RMVisZUy/MMuqywtDE4rC08yoe/h6jweIlh5qq439nJyjrz2i9Wnbf4jufDeoW0aMIpCFG8qhJJ79futwATtOR6gmqMdtdRgbgQmQTuDAMc/dwSMH/ZJwwztBxzRT4yQafZrJc3FrcuUyYSy8ErkFCNx5DA8k8FcAk88fP8AtE+HLgyLf6K6iFsF4SgyM43c+4yMc9vUV+Y4vBykpqULziktr66NrW1tHs9+ztc/oLAV6coxnTnaMopxvLd2WzXXtZW06WsejywSiPzIwUXac7SSG3DnGRgYOAc+vAAyKdo9tJeZEjIjKAx3MW3nPCspzgnK5OT3yARXP6L8YPh3rkaxRaibCZwuYboADJG0pk4A6nnJJB46EV2+kvoF6xbTdXs7nzDuRIpFB3nBwVB9Rnjkc5w3TwKmW05UXOpS0u9LN/yrst+rtbtd6nuUMZU5Woycnvo9LrltfR27d7vXsUb2K3hcpPHFuQ4C7Nyt3Yd+B05HfJIHFYl5oum3cYc248x/m3RcYHT7wJC4zwDjgg84rv59ELO/mJIxbG0jDEZAyMg7gPTnjORjpWc+iXMUb42qF5wxG8nJOAGx15OPrxnmvFllNB80oxSv5a3sk35PVeafdnqYPE15tN8ytZ6O9rpayvtp0er6K708rvfBtmT50cjRtyWVwWAA5HTOVPzKRnGTnqRjktT8Mzx7pofJkABChQS+SvPQcgEADuSeOmR6tePNG7xsvyDIZWLZJI7E9TgY5wTxk4yRgu7SFfKKEq3A6EAng445H90nuT1GK4HkqnzSilZSStbzXXlbbd7vW2vY9GGNlzv3nutdbbRWiurXfW22+7R4dd6dq9tJvjikVlIXaPugdQe4JJxtBPAPAAJNSwa14gsJsh54woACoHHOcHIzgbQOvTjJHevZ7q2BAM8aSH5sYGHJPRiQBkDqcAc5Y4JrKNvC8eWijyzZKkKXQdM/dz1yQM5DYA4OBzVMlvdSpJxe9477XsrtP7ui9Trp41qXPGpNO6Xuy0V+Vaqy6q97ry034m38c+IoXSMTyuVIYCUZHLDqcn5+ePoRg8Z7Ww+IV0rKbqJt+0bmSRgWJ29VyMHPGO+SSBxViOy05sGa3hYjPRNrElgSR8vUdQT6Yyc1aTQdImUObcB2BAGRlOvYHtxwcZyPXcfAzDhvCz5l9Wgm1o1FPTRX6Wbeu6677Hu4TOMTHlaryUU03rdWVu705lorPpe9ro7DSvGP2glpLqa2wysA7FlAJA6sGGTnPXGeMc16NaajJdxBobyKX5d24qSSMkZ3DPX/AGiNq8kADjyC38O2O3ZHIWcBSd+TgAnaQM4ycYI2jgcAtjG7BbXVgVeGXKqoUornIwCdx7c4x0wDkg9z8NmHB9vew8Gk9ZJrZafC07aarRbvex9Vl3EEr3qy5knpdtPW1ktUulmtH6bnpDXOohgilMgHLcDA5HGDgqO3oe3Br86v21rzV9U1bwd4atDdNZRpNqF+Y1LwpICSh+QY+UY2gcrxnBAJ+7oJ7iVd0gZVcbMqWJB/2eGOD/sn0wMjAwNd8DaV4qaNr62SV4wI/PkijeQLt+bazjIGT0Bxt6nFdXCuDfD+bYfMMRQdSFGXuJq7T0Wmis92mr62MuIaks9yyrgaFT2Tr8ibS6JwukvNLW+i0sfkx4We6vhp2iywSmxhlmlMzxOZCwGAxJ5zuOM9c49q+3P2Ur3SPC3iLVbTXDMbrU4wNPDj94UVwB5YAJKspACn5ccEcjHu+kfs/eHbm7SOFItqIVHlxonysQJCWBB3jHHfofTH3D8JfgT8NvC0ul36aLb6hfxJsW4uokdo2IGRlwcjqBkkfQDn63xF8V8poZNUo1KVR1pU+V8sVaLSildrXRq/frdnj8I+G2ZUMbQrKpB06cotuXVe7ddb99HfRX6iR+B08R6Wlza2z+RLk74vk3ZVSQyn5s88knJ9Bu48r8Ufs+6gI7uazd4v3ZlQylndTuJ+UcjJLcAA59Ac5/TLRNA0pBFb29rGkRBKRRoEVN3LkgBQRjv7fLxiu2Hw707Ufk8sOx42kHkDOcgkYDE4GeCeM9q/juHjXjsDmDnCk3h6dWyjVd046XSuleyfbyP3fMODsuqYFU8Q+So4JSlH3bNpXa7pd1ZJ223P53PGOj/EjwSt3NIt9NYwtuWSASh2QEjIaPpkD15PBJ4A+M/Gnxp1++vLqwvjd6hFDKmNO1MySINhH3RMWJJHylsdMYGBmv6rPHnwBsdatgkdrbIjqAVaEYdlyGDBhtHAB/unJ9CB+UP7Qv7Eem301/eWFhb2d7MXlN3HH5cSEbjk4A4yBzwc84Xt/YHgx9Ibh542h9ZhQwuLXKpVpQimm+XS6jddrXd/K1z8D418M80WGqVsoxjxNGUrew5veSsno7NN7NqWrVtbn5eeAvij4aS38Y282k/YdQ1zwteadEUYDF2UYL5fBKoOrBQFK49AR8wa7aOIo5M42gBsj5uCMkbccHBGcduB/FX2VqH7Kuv+CNL1PxLe3CtaWcV5Ik7qVjmEYyYkfA3EYyCSc8hcnFfKFwVlbYxVoSr8Nlhne7YY8kgkjHt7Zr+2Mj4ryzi+VbHYCtTrtKEak6TTtNWavZ2uk2tt3ptp/LfG2TZjlEqNPH050qko+7zK91Fx1Wtv+C7bnmqXYikBkyItxUnJJBbjOcnHfOT05we8F9dhRaLC4IMj8qSAVxnarZGc8g5xkYwB0OvrWkqnmPBnY6FgyjKq3OFUcYDAcfKATz2wfOby7aBrJGYkoZFJ4ADDpySMgnowGR9DiveUEmuZN62UVo73jp1WqaabTS6PqvzedWUY8t7btO6bSvHtre1u9k3dK2vf2OsTwqIQSCWIPI4P8RyB09R+fvtXGojdHIrAsQhbOed3BJHBPXHTtyOAa8pj1NQdxJD7gFwuMANyc59yD3wPZQJxqzGRA7HywSchh0GSOhwMH/61dCpxnGGiS05UtWopR1eu6Tu7ru3pYnD4jlko3vdqztytfDdej6p7/gqf7SP/ACN3wXuInB824sC8YPEiLex7o3HRt3GCR2zx1P8AQ/8As6fGAeGpbS80NZf7PsrHSbXWNHk+WAZtEUzKo5655GcduzD+cX45N/aHif4Ewxs++51TT48ls4D38YIBzxn3Jx93+9X9M5+BT3Hhrwj4w8IrDpkiaJo8HiC2gLhLuWO0jUTTqOPm5Jbkkkjk9Pk3Kg8fmWFrcrp1lTg77KXIkrN7O/8AwFdI/obw3qqGAxbdTlqTUORrZO2mu1+u1rLfZn6eadaeAPjB4ZtY7prOf+0IiNytGbixkkAbZuHIZW6biPTgg4+Rfi78APFHwzmn1bREnudIlikFvfWiFmhiySFuVUH5Np2liMYOcnNeG/Dfxn4m+F3jNoJVm+zS3CE2ju7W08IcEvGS2EZgSVIxxgDng/sn8M/G3hP4q6A9gzRXsFzaLbXNrchHaCRlO+KRGBbGd2x1HXjJzg/l+e5XXwNd1qak6EqvuSjJtrlaSvb4dNe221z9Gp5lVjF+1j7aMnyS5lzJr4Xfm5ldq9rb9V3/AJEP2jdSvbr4sXC3aRJc2UelW7C2UCOW3uCsbB0Axks+7G0DI45wx/oO/ZBj8v4PeDo8BjawPDnbgqFHUZ7/ADY64yCeOlfjJ/wUA8B6X4E/al8f2Gh2zx6bEnhyQWrAkxNPdQtJs4GQcgDb91Rgf3a/aT9k+RF+E2gKgCRxtkYOTmRUJBzz1OTyB94YFfJ4pvE5gqtSUpVYRhzyk+acrqEdX1+FvRN269v7E8CY06PCeMpwp8tNtTiklFRjOd+WKVlZfLbqfod4ZmnXRikJBc/Mmcg7lbAIGcDOMHPA/CvX/DOtnVFGmzug1CNBD5MjbmmjbgnD87128Y4GBgfwnyDwS0bWjZO8RkgkHOAckKCTuPIJz39gTjTvkksdWtr+2mkt5gBKrrksCg524POccrnqMkjgD21HmlBRjaSitUtU1y2btZ230t3fmvnuJsrp5hjcfheVRq3k6dRtWUla1t7p9bXXfY+r7+1fT/Ccdndh9ttcCdCR92FycZABxgE9+pPU5I+fNY+GLeKtP1+90+2ebUICbizZTnzowpdhnnHAIyxXtgHkV6PbfES21nw3Lpmpzpbah9njtrVpf+XosBgkHBLEjI3A4zyR2seB9euPDVtfyXZN1FcsLTy0Yb0YHCsFH8JVv4e3GTnj2sPU58NOE7QqOeiezj7t7PR2er3PxHDYDPeFcTUzKiqkK+HxqqQabUK0FJOSi+sZJ2fbY/Kzx/YTW13HbT28sN0s0qSRODxNHlWVxjOGYg++cdyD+Mn7d63Fj4r+Gd3KUUxX8kiQg4yVmjXcyjA2kn5cjAxxyNrf0I/tO6NaWfjeO80xJEgvoTdurLhVncBnbkY2ZOQRzkFeAMV+AX/BQ63kl8V/CzbtLbppJNh4P7+MkkADgEMeQOe/FftfhLTpPiLAULqadN1KaTvaUYXb6pWldW1SS7rT4v8AaB53PPPom5xmt+R4iGXRqq9mnOvTp1It9Fe6unvudX4otQ3gjTuhI0yzIwMjMsYLcEgEHnkZwePWvTv2BNMA/aY8ADapX7bLMoIA2lCuD1Jyp7gdzg5xnh/EUYfwhp8KhhjStPbGM9Il3Y68HP0wcA45r1r9g2Hy/wBqD4fMuQwuLjK8jByh2kZBxnGfxGcdP6n4npRqYHMKkbJ08DXjdaJctP8AXvt30P8Akc8L5yhxfl2Hbcoz4rwzstW4/XKT9EtG9H8up+rH/BR23R7XwJgBblrmYN2IAZTkAljjAHIwATj7w4+B/wDgqlcDWv8AgnH8Prxd0skOtaXA24E4EbGM9SD8oHBOOwHTn9A/+CjsDyQ+BrkEhvPuVAA4QbQARxjcQP72SxHavz6/b4VdW/4JraBbYJnsvE9i4ZiMkLI+45A9fm2nAHcDGa/JcdRU/Djh2tdOVDH4mLfVKamn37K+u2va393+Gdf2X0q+KMHpD67l2TStb4lSlhHF3vvq+935s/jbuNTk0vxBBclwpi1Ql1Ocnaw6jng8npgcdq/Tn4OfFDVL7S4NAN688RgLRWrqCXtWUHMag7wBz0+bAyMAEj8rvGEDHV7mZmX91qjIFHXhgFP58YGSDwMkYH6F/saeHp/FvxC8OWUwMok0ibPPMaDdiQjoSmQcHJPpn5q/lrOMtjm9WrRUU6yqP6vJe8078q81fq15pWtp/tPwJmc8rxkVNxeFqUoLEQmlJSptRU3Zq17a7dNu/wBPyaNHr1jdxLAEl3u0Yky8cgGFCGMktnIBPJB3EEgfMfnzxD8PE0qPxBrekWT6N4k/s+bTZLi3kW2gvFuVaMxyKdowy8gEYI7cV+kGqfCvWfCljf3trYG+0ywuWkW7RSZgjZLmUD5iqc9cjqw74+OPixMup+DPFkZIW7F7ZNBcRy7HhXzcFDgAjGcc4IJIIzivgcZgMwy3/hMzfDSnTxD5YynrGdNOLVm1Z27arXrZH3fEmRZJjMNWz3I8RGnOjT9pKlStzKaV5J21jaz0tfReR+cSeHPHXga7GpWcer6TeWsjSi6t/NkhaUsXLK0e5GDNgnnkHqcc/Wvwp/4KLfHf4T2kFpqNnpvimwgdd/22NoLrygQCN4UE5BwAWZs9QQMHNTUNUsre1tnunu4LcQ+bFOkdwjoqjqz5yvXgk53HAHUdpL4y+G+oWSadr/w00DVwkYS4uYkNlcsGb5ifKVRkDJ+U9enFfFcbeGfBPGuC/s/iTIcHm2GnFQccRSi5xukm41I8tSL1Wqktb+dvznJOIM9yOosTluZYjCyUrvkneLakr3py916WvdWet1q2vqFP+CxfhG60ryPF3gLU9LuZYNrT2Eivb78bW27gGKnGQPfGCQKyfD//AAUA+APiKb7Rc+In0a5u2yLe8gkTYxYDDOE257k5IB/Cvz28Z/Cr4UatZXWsaHPdaNd3Fywg0eYi5toLckFPLZstkZ5zk9855r5/174QWRaNYYdPvUQAiRC0E56A7sbR7HoerN2r+c6v0MfBunOvHKMvzDJ3iHeccNiqk6avbaFZVEtdrS6dD9Go+M/GtBQeKqYbGxjypOrSUW3dLelaV3r8klvofvCf2nvhJeCw1LTfGugXRFwhQC+gimVOAzEM4YEZyBjJO0noK+yfghrHh/4iyfbdO8VWt3YysHVlu4pCzlhlFw2Rk8FjxxxwK/kdn+C8zqZ4I9T0wKzJFNE/nwlgSQF8l96rgcfLjjPsvo3g67+K/wAO13+E/iLqGnyxOgihTVrq1KupXbiGVo1ySMZ5wfTFfnXF/wBB7KswyjEYThviSeFxXLUjQnmGFjUjBzs+XnpSUl01Sk9G+W+31uSePmLw2LpvMspcqMklJYapqrct5RUlZ36pv5o/uM0vwBYW1o2FR2YhklYhsgc5PGQAAcg+mc5HH4g/HCzif/gqn8J7SPymt4m0mOUxkYBaA5O3ndkjHzAdQRX57eBf+CiH7Z3w+jWzm8SS+ILa1iVQL9YbsSBcYUypuc7gMMc5AIAxnI8puv2vPHmrftMeFv2iPGVkH1rw/f2F5e6RbH7PFcW1mNrwKDt2l1yvTqcElTivxfwr+hf4oeHeecW5hj8wyvM8LmHCucZXgKmExNSVati8XRUKEZU6sKcqSk+t3FOy7M+vzvxp4Zzqjl8KaxNGpHG4apVhXpWVKEJxcpKUZNO2um7T7n9oeu+AdMu5bkC3hkdmU5kjAYhlBwrKoBH+1k9MjsK8f1/4YwLGxgtmRiCAm1grY5IxyQDjpz1HU8D4a8B/8Fqv2b/EsEB8XaJ4l8J3MoiEjyRJPbRuFRWO6Pc5AJ6E54JPTn6Wsf8Agoz+yF4rszJpvxT02CUqGRL9JIJIuCSCZEVcnPrg45wev8R5r4GePnCOZV1jeCuIPZrEzcKmHwVfFUJwdRWnGeHVSKXK97rS/ZJfs+Vcf8L46jQjRznLajjGCSliKcJxaSesZOLutbxtbffS1W38Zab4L1R9LuYXjEQYtHEWHl4I3PsGcdAcYzjOARtA9g8K/E7wp4nUR6dfK8kJbzIXz5ylcEnaQOp5OevU1+VXxC/a6+Ep8f6tPY+K9P1K3un2QXkTRywsJG2grhjtJyWLE+nHY+h+Bv2gfg3ofh7WfEja5YS3lqHu3EF3Gk9wqruMEUe/cSSQAFUE5xgjFfrNTwM4jxeS4fFV8izvDZxjIYZ+9QrQiqtXlbg4SguVX+K7urLWyPpP9b+G7OX1/BVeSHNOMa1KT2T0ipN2VrWu72WuzX6YarZaBr9nNaanp1jqFtKpzHeWcNwrKBgb1kjYYJzuGeRz65+Gfi5+xl8CviItyl54QsdMvrxiftmmRCwKKeWkUQKq5xzycZxn25v4Tftz+CvHuqSaS0E+nXN08n2VZiHVYFOyN5CCdocA4AAKrnGAcV9bnxjomtWmo3aXlpNbWOmXUzTwyoqqEgZ1BViMkMOep5Bzngb5Dw74n+F2dYXARqZxhJ1a1BXo1a8aclOcVZuEuXRX0adrtN21OXEYnhjiXLqtflweIpe+oudOF1JJc2/vRS3T203ufzGfGv8AZR8DeFviFreg6Bq94LCyvjBBcMElEbrtHlBgTuxwGGc+mO3zb4x+Cmp+HtA1jVrXXFurLSZo2miBI2qxO35Qdo6fNgEn65J+vPinqd94g8YeKb2xluplm8T3RtvLZy0ga4ZQFIO0nHTbnAOcnANec+LEtrT4feOtOvVnGo3VtDI0ErEvEYxuJYHsAMsBnHQZav8AYngzEYufDmWPG1/rGMeBw067lZ1HN06ftG7q9+a7btq9e7f8PcWUMJHNcWsJSdGg69SMOW7g0pPZ7J6JpX7b2R0P7MXwp+LvxA0iDVvBmo2dnZWkISL7YEdVmDfuyocjKlsbRztPXGCD+m3hS+/4KN/DjTM2Xhbw7440KABYlEkCzrDCo2qpjbdkKOCGJySOeRXyt+w/L4mPwusZPDU8BSWQiSN1KnEJ3Nyq8AjoCPmyPXj9BNH+OPxJ8O3NppzWDvvlSFYjK5jlBfbuXJ+VSMnnPHIxkV/Gvixn9XH8R5pl2Iyfh3N8Fg8RNOjjqNNYmPLyqUlOMqcleO7T1Suntf8AduCcrWHyTA16WMzHC1cRRpydShP3XpF25XdOKXdNW7WZ5Lqv7XXxjhu9Mj+KH7PXiyxSzvYJbq80K2urhEW3cM5TcjKVbaxOCFOQM4Oa+/8AwX/wVK/ZQXTLfS9bOu+BtTAtkurXXtDnidrmKII+ZDAqcsOSegBwRiuKT42a3a+JbPS9Z8NrdwvbRSXEP2cXSs0oDkoGRlKgnLEAng4IGK9YvvD3wc+IVsDrnw08J6oXCNKLjw/bQXQZgCSZFhVyVIwWyASB7V/PmeR8P6uGoxzThLF5TpL2dXIszbglV5eaao4qFaKTab+Jd07H6BSwOaYiHIszeLUJKUViqKu7OLV505QfRXST7+nkfj/9s74O31n4h1r4deJtLvdVnhJsbVb+FTczyZMYkt5HzypUBSpx0I4rx79nT4jfEiHUNS8V+NNC1i9sNWurl0tbaWN7QrMC0M6RxHfvUFdoICgYJ4Ga67xp+xF+zV4nv5rnSfAzaRfylZVm0e5ntfLkHzHaAVVQByNoBwMjua6Xwv8AsW22kQxXHhr4p+PPDjxoVitGufttrEMEL+7mZgwKjjCgHPzZ4NfOV6PhXlvDuNyzKcZjadfMpxqV55zhPaV6ai01GliMLOXLHm1b9ndt7Wdj06dLPo4mFWvQhOnSSUY4eq/facbNxmmtEkrJ36Nu9z267+Ovh+JtBs7u11a3thco9+tx5iJGjSjahZ8LuD4yM/mFNfa0fjnS/Ffhd9L0fxamlxXFnFBCsM0bXKJLGu5VMh6qGIGeM9MDr+curfs2fGkWkFvovxb0HXoYlZxbeJdGt4zIQcr5k0CF8565GARk5zzyE/gf9qTwy0lzP4O8G+JrfT4S0Enh7V7uwmcxHIzHMUjJIye46kqea/HsZwRlmYvBxyjPMspVaNVyjDE4ypRjUc3Fq0cVRoqL0t8TVurVmehWxkZQ/wBowWIi431jCM7Oyd/db7ad+21/yu/4KD/DtPC/7Ydj4Zvr241XT9R0iC9jnmYfabhZ13PJI0ZJ3B2wuTnHevMJ/gnozCJLC91WzaZRNlZyU3MvA5KkAHIGc5HHXkaP7XfxB8V+Iv2rfDFx4z8JXng/XtO0KCwl0y9uVupZV42XAmjZ0KMvChWwMj0XHsen30dxZrJIE84JGARnOCAdoK4AIzjAPJPGcV/t54AYTF4Lws4Qw+MlSq4mnlGHp1JUp06lKTilFShUpuVOSatrF8ru2tUfxPxtUoVuK83cFJR+tza54OM9eRu8ZaqTu90rXvZM+b5vhN4psnZtM8Ru6oeUuRk5wdoYjOcA9znHYkA1zt1oPxN0nzQ0EN+qLw8ZKOVB654yeOm3PI4zxX1bvjDXBKE8/wAWcgYJGDnqQdxA9z3Iq0yxGPzCEbfFna68DkKQuQTwDyfzPPP7NBxTk2tVd9HrotbJPbV+S8z5OVJOULOSVm9HdO1tdWmraa69FY+LB4t8TWEySaloGoRGAgu9usjZIUNksB3Ayx5Jz1+bNatt8XQk8KXEt/ZkEkpPE7ICSWwdwHuR0wccYGK+r7i10mUKGghJCASMEB24IJyCPQ8EjjmuT1Hwn4Yv75BPp1qRO+PNMUe4bRgFRgDDdeQe4PGK0jJPurd762t3vd32vZXWt0ipUaiXuzvd2fN2fL1VrJdNdbb7Hlun/FfTLmZQ91HLtkIz5ixnLA8FDghmPKnAz7Z59B03xrpV0zs7kMcgkMG2qSdoOCR9CDu/2s81kaj8GfBt2+YLWOO43ErJG7Rgt6sqnpnjIHA544rk734Mx2bvJpeqXkDyYJWGdisWCMcMy8AH0yv+0qnOylJuNtbtX69Ive+naz7edjnnGcPjgnazuru+miVrRv56O+r6o96sfEWjXKFHu496OoVZCUDNuGMg7RkfTII5yDX5O/tYzJL8YPEbRSLIj6da4cL1XyskH8QOuRkjIABx9uH4d+MLMqLTWvO3yKNk4yQA3J3Ddz2zknI4GRmvz9/aPiv7T4m6ta35VrmLRo/OKnIZwmQ27/d4J7AnHNergpSlUdOXKrQTbs3azi9fVWVr63a1bPHza0sMpQjb3lpJcq1tdWezdtH1WmuqPibXpW2W+x23IGKsp2twx2lWxkHIJ6grkknpu9S8BfFDxZ4fhghkuBq+ktGIptO1DE6GMDDBC+7ayjIUcYOAAcA15JrMhKwAEfcl4JxwGbO3aOT13e3cA10mhsosFkcLt2jDDnrkhSRkjvyBk4H1rrr0/cbb0Xm2ls1ZW3Tvvttq3c+OVatTqKzdlyqyStZOCemy6aN/E+6d/pO2074ffES5VrK4Xwnrz7swTYS1llcZwvRQGY4IB+XkAcc8JrPwr8W+HmuJLi1N7YK8pivLP9/G6f3wEJZQV6E4PDHoeeDjuFW4ikQsWV+HU7XJ4xgjDZwCfbg+prsfCnxp8VeEtR+zNONX0v7Rsk02/wAyBoc8osjBiOOAAcAEHHPPFRp4hVrwaa0fLJtuyaSUWr2v/e0ujudXDYily1FyT1tUjtf3dGnZOz1T2tda9crRozBrOmOw8nZOqsrjYwwQSSCuS2cDHPYj1r6ttXin0C9JO6bzDuXJwFZSeBkBcjkkdeMnoDz1jqXwo+Kl5bpNEfCXiP5HiAQLBNPuwyjGFKljyfvDnOecdf4h8A+LfCykM8Vzp95GGsbqI5jvAFHAJJJfoCG5Yk4znNXPER9v7GV6c+V8sJNqWml49Gr79HfVPr04LCVKVOU4c1Si2ouS2i3FW2fxNdG+rTd2jK0HR7dtWtpopZbdQ0JYLhmVg2MDuQcE4+XH0Br6QtNGhifzY7i5dthdsk4f5Qc8fdYA9BnIH1B+ZtH1JNN1K2OoRT27B4hMCuEG0hS4+i5JHHPscV9W6d4i0vUI4IbC4t/MkClWZ1V8MuwffIOS3AA3EcHkcVw4uE4yTSfKpRT0vq3H5qyTb2s00z28HGmopOfvOS2d227WvfZptaWtb7j5r/bBB/tbwMAOE8IlX46/v2IJHQEjP/AieuBn88NfTOq2xGCBCikY/vEH8cHB4PqNuDz+kf7YyE634IUqMJ4WaPf034dyWyO/bqM8AEEjP5ya/G/2yzc7RlVUZ4C7W754DEZ3ZPU7sZxXtUYcuEoq17xjo91fl0s+ml9e33/M5xC2Nq21u4+XSDvs7atJ6q75VbRnWfD/AOJHjn4d66l54O8RX+kTxOrNHBM5tZgrA7Jbct5RHUHKkHkHJr9JPBP7U3gb4if2PpPx38DWF5fyyxW0virR4Y4LvDKqC4naNFY7QQxCnqCRxmvyrsI5F1GYrtYgDBLDGCMHj5mzjPcFskEDkH1nQpVVraSQDKyIDHtKkqwAOFx97oBk/dLZA4rCpTlJxjzTi+a0XF+8pSa1Wztsn1t8r8+HzLE4aaimpU7JunVTlFtcuqurrdK26Ttr1/Yn4l/suD4m6bBffBj4hP4qgtdKS40vw1rN/wCTJbRvhljs0nkG9lOEACkHjgEivzT8c+DPiJ8P9Wl03xx4f1LRrmCU28jT2k32ZivyiSO5CtGwOAflOMHJJr7Y8T+IvEFn4O+HV74WuZ/CuqQ2UdpFdR77SZ0jtvtMc7MmwSxtIin5iwI67sg15PZft4+Jljm8IfHHwnpHxJ0S2nlt5L+e0gTWI1EmwywShDuITlWZiW4x93J9jN8tx+TYqjTxdX6xGtQpVlK3LUUKsItRblZNpbpLbtdHpVsTl+YUlKfPha03ZuPvUnKLSWjs46p2atb1sjgfh9PJPaWiT8xmVQ+9iXLdFDKeB144HJx3wOH8eabB/wAJBr+wMjP5JCrwSSVB7ZwBxjBGCAMfdH11oGh/AH4wiW/+DfjOLwb4gk2XCeEvEs62qNdD5vJSeR1VyW3Kig4IIIwcCvBvi38L/iZ4J1l73xZoM32G8MTx6jYg3VlPGjAbkuIQyAYAYB25GCoJGaxValUS5JRbi1aMtHqoxWl7vt1TV7aNs+dr5TiINzpShWptNKdPWyavey95aLs01c8J0S2kg1bUomCKFWBlVvlIVY88NxxjceCDkjpwB6vZyzS2wTcRAUYqS2VLAnA5PcdMnHAz94VzulaRpGqeIb8W+opbyS21vJBFcMyCWXbtKF2wFKkYI4wTnHXHW3Gh3umQFZImeMHajx7nj4xn5gMEAcjOO2R8xJ64Kajdpau6cfPv1XZ9Ej5HH0alOvrz2W+mzdr6pN9O1+nk83VUk/smKQASO0pClCS67Dxu4YheuecEk9xg09Nx9jnmkAZg5DLjJ2noSeqg9MEc84ztNNuhc2m9FlZkYqQrcLnn5SDnHcZA/Ug1qaXeaYIWtr2HypJstlDwH55OMcYOSMHngcVrayV0rvyva7j1Wjs31S7XdziUpRWjemujvrZKydrP5vsjl9Z0tJtLuS4WPzLeQcgEFQDwT90sRngsCTjB65+TNZvZNJ0rWEs/JJeA+UrRhyGRj5h5HyquAWIGN2eBjj7c8RWcSaTdJbTpJGLSRlYnlSy5IGeM+hJz94HOOPgnxPePZ2F4wWNlkW7tXZjkgswwFOTl24ByMADgAcjhrR5qsopN+6u7s3Zb2s7P7tWtWz6XLcQ1hoyUrSdSMea/vJXWmmvVau3WS0TOY0bxgkmLbUdMtHzEu2dIlLmU9OAOeQMEc88gA8z3t5p0kzbtPa1A2hniLIVPByQCCCSc47cdSDjlvCqtJfJcCKMrbqk2x8ENtPKgE46Yx7jPXJrotSlW7vJ5o4RHE8gcKTuGeAzZ55OPl/h9PU8caEXqk1NtpvXb1uvLXa1r7Hp4jM6tOSi+R6X5mryv7ul0rvrrvb8NSz1K+scPo/inWdNfACmO+njQY6htrjkfKoHTjjpXpei/GD476CIW0fxpe3sAyUS4m+0ZA9fMds4HrtHf1FeJSwowDAFowFwOnPQEgkYx0wSPUnIxRFcXVu0YinkTb8ysrkEZz8uc4IA7EkEegGa3VKtFr2dSS5bW1fVRW7s9lrtqk1tchZxFNc0br3VdS6txSbvvpdXtZ+d7H1hY/tj/ABfsn8jWrLRNW2EB0vrGHexXjJwFPOcH5uTgkcZrvLD9pzQvFNlet4p+HuhxTxwtOZLK3hi835MMTlc7RgZCncSTnAOa+GGv5pSWn2z/ALxWZpgRuUHICvwc8Z45OeeQK2r/AMQ20dq9sthGpNqYy6jbgFfv4GMsSenU8nA73CtioJ+85JXTUmmltu3az6Pazv2udFDG0q0k/cd7NKUbu/u2vpe72taz6LY+59N+Nn7NOpWlvaeIfAkEEqx7pZ4LcorHBOFZIwSFJOevKgcAEVOjfsb+KvMYmfSZHKgbZJU2txyC2FA9eNvrjmvzmtZJrmKIpgRbCqLty5PY5wODyeMg5A6Gt6O2hERDqi5jyzBQHJyOcYJPPVsrkHAyc11QxWIkk3CEktnbVO0Vvrs1vaz66meKxlBPltFNO1rpX+FaO68ve1Temh+hzfs//sv65EJtD+JSWErAEpJcQ4Td0BZ24IHXBI6cYqaL9jbw5dKD4X+K2h3IYF0S4urcMxx8ihd4yegBPTGCT1r88Y4Cu1I2aLgEOrMvckE4YY6HqR3HHONOPVdVsgHtNV1C3dMAeRdzIQTnjJYA4Xnp7DA5rtw2YzpNNUI8yW8VvrFet7q1tV97Z5lWvha0fZzi2m4t7Wtp2v3fWx98SfsY/EWOHzNL1nRtUSPKgxXCgMCcgqN/KgdCAepAI78XrH7M/wAX9JIJ0JbxUABa3mjYNgEjy8v9455wM+pxXzJZ/FL4i6X5f2Lxdr0KooAU30pGc9B84+XsDt9TwK77Tf2mfjLpYhWLxZdTiMAKt0qzK23qWEhJb8ecnGcE17NLiLERVlG1km7xd3Zxur62trrpvZN2seRVyXJqzvyTi5WV4zV9bWbTTvd3vZ2tr66GrfCz4kaWZWvPB+sJGjNuaK2llUkEcDYrEYIAwBz+Ga8v1Dw3rlqxN5o2qWxYuzLLYzoowWOfmRRgcNx6DJAr6S0b9uf4t2HlrqEGj6tCuBJHPbRqJNqnBfamMEHkDAJ5716Bbft36fqWyLxZ8LNAvY8fvJLe3iMjAg5AYggc5bHB6jGM43q8RLEw5K0HePw2v/dT6Xf4/IjDcP4ShJyw2IlBPluppNPVe7f5PbRrVXsj8+NV0u8a9sIxbykhgoDKVY7hhdpIBY888dxk1ek0y7smieePDunRvvKcYCkAZBKsSTwDyT1r711D9of9mTxNc2X9qfD2bRrnDObiJUSKKQnJC7cYTklQOjDAxjNalw37HfjQ25XWtQ0W58oKzOMYYqDuOdqgqefyHJIx5OBxmEoVcQ5qTnUmmuXWKXu20Xbq1Z30btY+gxmTTxNKh7OtBqFOzTduZtrVabPRa7fM/PJonbagDHGOCSNwHOccDghgpJOQD+EZhZ2kUI2VbGRk84yQDtAz2HXHOOMmv0LH7Pf7P+vuF8PfF21t3Kgp9seNAd+cZBbCngbsYOM8Y4NS4/YtuLwCXwx8TPCOqjOYkkvIkkfByM7ZMknJyDxxxkV7UcZha2kJqLs7c11ppZq/X01fS+p4FTI8dQcmqcZq+nLON1ez20/yXW9mfARs7hV5R1DAMi7c7sYznB4wCeemQBjqRUeGUF1AwucsMLjcPmyMjIPOSBlTwVycV9z337G3xnssmytNK1dACEaxuopGkC9CoL5ORnGSeO3AI8t1j9nz4yaI8gvPh/qkrBsl4IvOUrjJKhEJJwDkduoDc4G4N+5UUl0s431tutf8ne/a3I8JmEX72Gk0rapX/l1a12Tuv00R8yCGUg4DfLgkEHkHjJ28AE9zk8Y4yKBbsWYn5WPLLwuOe2CMHGAVGf5keo33hDxZpMjpqHg7WrLL7WaTTrkKSNwOWEYGfYHt0ABrnpoRDIouNPmtWLkMZYpVJA2kfKVypxnkdvpUOndpqSf3pRbtfdXXn0MKksVSSc8PUVrKyjJdVfda9L30vvY5BbaVicg7V+bCk5Azx0Ge/POCQQPWud1dWjuLJlyCJW3FxyPnI/lhe7DJPGMV6oGs1YbImyxKsq8A9QpAIBGCed3B64A6+e+L44xPZsoZCXcFcHCjAYEE4H93Jz8pJwSOB4+a05fVqqio30Xu3ve6+V1+O9lrf18lx0pYunTlTmvdfxJpXVmvefu7dr9tLJL9Ff2BtN8PeKfixovh7xH4dj1vSpbGeWSK6RXt0mChVuJQ4JMakljtHQHPOa/Sf9rr4YfBDw14A8SQr4Q0FNQtdOM1hqenxxRNFOyMUWIIozjkNnceD9D/AD/+Afin4q8BajY6v4a1S40rULFPKiurVhGZY2+V4pDkMVbgFTg449BXtXjv9qfx38R7B9N8STGZJLWK1Ox8B8DBLqPlaRmOR3J/Mfxrx34U8ZZ54i5PxLlec4nC5ThPq/1nB0MXXpc06VVVJNUoy9nKM4JRknHW7Vmf0NkHGWQ4DhrGZbjcHTq4uoqyp1J0acl+8glFOTV4uEk3r1ba8/l/UAqXlwI1RUEkhxu5CFyAxHBGBtHByRjI4GaDTqqIFJYtnrkgDOQ2OhA4wM+rZ6AX9XjAvZ0WMgEDJ5ydw4wAeWPIz2ORnpnEG+MuBk4+7gAEd+c88jv2I4z0r+naGGrQoUoSTbUIJtpfFaKbel76Xu7r1PyV4ym5zceRRcpWvZq110+9qyu3a2m21GYUlESgnzIh5hIYHBHOAP4lK4yfXK8MQampR2nmIIwRvQltuVwegJU/LztDEZPpjpVaOeRZHkkUh/LwCN3fjgYwMdFJAHBzzUEkkxlY4zlhgueenJAIAHQnoRwBzxR7GfN7zlHR2au2tmm1ey6tNeb0S03WKhUikkmr2aWqUW4r4dNtdla+uuxtaVpH24F8hI44yxcKGJxkAc4ZeDzyMc+mT9D/ALPdubfxw0AZRss3UMCDvJDHDDocDOO3OeQcV88addtbRTxpuJCtk7jwGBOeO2MAYxxgEDJI91/Z1nMnxDtVbeGktptwzkHh+24D5u+MjAPTNdODjJV7ymnFWt3ukkrPXZvz766W3qVMN7GiqcEqracneySurWWmqfXVX1d7nvfxNkaDxBYKGCuLdl6Akl+jdTj68EjIOQM1z1ld3alArCYInGSTtIOeMcHv1Ykj5R3rd+LIA8S2MnAUwEAZByVIAUgceueTg5zjkVzVrIBHGTgHLAkDBYDseOhzx0znGSBz7qa00V7L8FG1++lm33TsjjlOXtGk/ne6slHR7re2j3tqtm+mh1Aqn7yNSw+Y/e3PvHAJxjAGflJ+XOQDk7bS6ku4JLGduAVBIYgnbnjPU8YbHyle2a5tWV0BXdknJXJwNp++f4jg5HTBOOD1E3J/jCk7cNj5ueBjI9fwADHsBUylNfC7JvV7+9ZLok0/O11a9gVdxsrJaaaJfy7aJadbrReZ1T3lnIqvKfKIK7VAJ6qO69s/e6D+IDuFZrGYl18tQSqfNnbxjJA7E9cbsZGfUHmcsuSwbJUDaQCoJz3AHtk84yPXBkaPaNpZsfKQwOQD/d5PPUcj05IIycXOSvzapaK7stLLfRdez387mkJc2sej7pLpd3Wmt/Jt6O2p1LWlu4+ViAcEOhJxtBxg8nI5IGPXgk5qJbUxq6scx5I83bu5yoADbSSM546gnqAecpWkiVgku4ZXarMQckHovAB68HI5wMcATLczxqQCduA3U7yxHO0NnIOQCcYJLZyc4aqRbSvZt2t1a5Yu7tumttVor33OhRvo9tHpd3SS8+qWz1XW1mJd2qndEFRkAyXaMBuQQAOCAxHQ9OpHzcV514kubqw0/wD0S9v7ZPtMXmLa3c0cZBYcFVkAwBjjbgkHOCSK7e7nuPKYszM/H3sglWGdwKDBx6HrwRkdeD8UOf7MnwAyrJE7MoGCS/zBhggHGT0POTnHAwqySSV4tXWktUk9NVrtZPo+/U0XLTT0s33WnRJvre6/LV6Ndde+Mtf8K+G7zXdKu7l7iy06OSH7TO8yDCgkOjHBzxggHAHHauE0P9tTxhF5Meq6fY3jFNjqCUVl4wVAG1eo5By3ReW46DxSgk+HOtvtyH0mMpypwAgAbnPUcAAYz05r86biVkmc5IbGVAIyM9McYJABIB45PuadedKlGm/Zwkuq620VlbZ6aJ7dtzgqyqTmlB8ul9rJWcdbaJ2sr3Vum+h+omj/ALWngzUUS38Q+C/OdsmVkENwFUk5JRwSAPmJ6kf+PV0EnxQ/Zd8TFINV0axt3YbnNzp4jcMeWy8MagkHBBJJzz9fyZi1S4jdWD4YKQWVtuc5B3FcZOMA49MYxmtJdYuOrMHAUBjIQxJK5Y8c446g9eAc8LzLEUJpuE5w0SUVqrpRtd220Wj0tqYypYlKLSpVFpdt2d0430TS16rWyfmj9RJPh9+yN4rjeS3vLHT2Zsr5V+YWxycqJGUDqeCM46kDFYt9+yZ8CtZUvoXjl7R3G5FW8tplYHAGDuJ+XcRtJB69Otfm0buOTkBkkx8pRioAJByCD8p+bs3bscmrMer6paOrW+o39ucDa8d1IuCAOwccZ7Y+uezc0rXtUejvZe6tLpq2lrXV7WvdpW1dKUrWlTcbrVe9rfls7czWt32062ufdmq/sN2ro76F8QLSbcuYluVViRj5RlCVPbA5yOQfm48y1f8AYx+I1ojNp17pepgZChSYyxXOApY4HoxB4xyBzn58s/iN44sWDQeKdYi2ghQ15I4HJCgDfzg/dHOD1612Gn/tB/FnTynl+KbqZY8DbPtcEZwMhic8/wD1xkCocqL3pNbddG3ZOzuu23ppqdUW20k2raJL5O7TTtbeydur7FnV/wBmr4u6P80/hmW5XGQbVll6cglRvyMZ5J5x1Pbz3UPht420qRxf+FtYg8vIY/Y5ypIJwAwTGM556BfQV7xp/wC1z8VbNohc3VteqgwTKir8p4KsQOeM8kNnkDPSu8tv21tel2JrXhPSr2NRhiFjdn2nqAykgdTyOTnt0OXDyil70XZadL3j172vr5l2Vt9bd1vG2/bXTpZ6dk/ixtKv7dxHcWN5E27aWmt5UIB7ncmBjOenGRnBGKp3lu4kAPRUIJOQWwcY24XHrgdvUg1+j3hn9rL4P6lfg+NPhpbvbtGVcwWlux3EbQeV7MWJOSAOPWtefxx+xn4suQb/AMPSaOZCxPyOoj3Fu6AYULtOBzu9RS5KP2ZPV72TV/d3V1ba66oFSu3+8jbbrdWSvre97ve1+nS7/MHyJMDAwSq/dIU4HTHTB49j2pNkqhvlK5OAxJPTHPUcdjkjn1zX6hD4S/sg+KlebSfG40l3YbY5JWXbnH8MrKSFB5+gOcc1TuP2NfhpraSyeFPivpbSPzBHc3MBXkEDdh2KgAjPByQCR0qPZQk7KcXfve32XbrbZdtu1rP2c+Zaf+Ay2vy2eqeyvs38kfmKE2hgwbJOARjJBPqV7jpjk/zkACqAUwQCAcnHGAOOhzgggcc+gxX6Caj+wR47YvJoXirw3qqYJQfaMO/JGOG5zxxzkDpg15vq/wCxl8c9LVnTw7bajGgJL2VwhBVSRwGbJyGGDjkHkEZy3hpctopNvl1TTu0k1d3bvd2V/PohSjJWbi9e29+unlrfyVz5MhDEqAdhO4YUjdkg4XGQNvY5wMY2jgg6scRiiOGDMgGTghsg425XoOvOOnHrXp2rfAj4r6GR/aHgbWECAnMVvJKCD8p4RCOxPB+9yD3rkJ/CfibT2xe+H9atyvH72xuVGAdpyTGueSMkZx39sHhai1cWtddG23p0bSWne9763buYSTu1dq62SfWyb6X0as/s8qte7i8CO8dWJwS6BQOvy54PI44IHrg8ZxkDcsbuWTaSVKod7gtwWLHk8Z4BPTvn/eOXJp88Mgaa3uYuTlZYpFxyOGBAJUDgg98HpirMMO0sxJwylsKcYB7EDn6KecHHHU5+xmpaKTat3XbR6NNbb6dOqInTi46O0k9r2vJqN7q13dW2VutjWvZ3ceTGAyyZLYOQqknGB+HOCOO9c9bBlklj2ufm3FyPuhQenG3rgHjJ7Z6HrdMit2UB4pCZwNhKH5MH5thA46jIGc57989rWJb26iiLb9x27VJ3DrhVIxkc57VtCLSV1prp1vp1fX8Vu+pMfd1tdaOy1ttbeyae7Xw26o/QX4EfDKBblNWvtNucRyxCASxllyM5ZgQVGNpILdzkZxx7N8VPBd3r8cMNnpsQgs1LAGNFEmMZwfRumASc/TNem6NafEawtjaWXhaS3jYAFYbdCC4yeCUBORkcgE46Z4HQR/Dn4p67Eijw3rMxchmFrFu2l8cBVUnqDlV4wCBnk1+l4Pw9zjnUng8RBJx3pTWui+1FbX1d7O3ff+fMx8eeDaF+XOcu5bJ80cVRs7W10nuuqtfTbQ+F9I8B3ul6411d2MiKoZIo0XBJC44xwRuIGT3wR0wPoPw7Ja6ZpMEckckcpdyw4+VCSTk7Rt5IJ6HOcAE4r6U0n9lb4v6/JBLZ/DbxzeyblAaPSLwo2cYAcwkex52kH+H5TXqWl/8ABP39pDViosvg34zdGJOZbWWNMMOpLhdoyRkdsjORXtLwyzCu17amqaad+eUU7ScbNuT3SXVXa0srXPi8Z9JjhHCczw+YUa9VXtyS51q4NttaO1t9j5ch8T+H4GVYk82by1EjyZYFuDjdkkHvnjoeVJAqT/hJnllVbSzleNyGJSN2LY4xyPlHXk984ypAr7y0X/gll+1VqUim2+GF1ZZAJa427h0I3LI4ORkZwOTgkYJr2DR/+CQP7Wuo+Ur2NvpQYhV3pEApbcedobJBJzgZHUnNejhfC2lR5ud0JStFe9WpJJWT0vUg/Vta66rr8Pmf0s8l5oxWL5XGScVSwmKrNt2tb2NGpdy7Pc/JrxPrPiC70DW00uwlguZbOSFBIqquSjAjEgBZsYIx8vIIOTWR+zVqei/DzSNVbxRbTSa5qV550f8AZy5cxkk4d/Xc2SM5OCRgj5v3O0j/AIIZftHas8Q1bxBp8KMR5gklljQFjzu27QwOTkYbPp0B9v8ACf8AwQG8bROkniD4h+G9LgZQW2ZDoQfuh5CpOSQSRnJ5J6le6Hh/leHlGdfMMJSjG94xxEJO2lmlBybelt33PPxH0oXicPOng8szPGObTVSOAxcIO1rJOrTgk7u+rSf4n4w3fx0so4oksPDepTojMWS4KLuUfdLOAH6Y6Hkg5Hy8yaV+0HaaOs1y/wAOLW/vZebaW6uHKwscgKRghuCpJIGQATyDX9CGkf8ABC74WaY32jxf8d9KgEQXzFW8sIxkZLDM86kDPy91wDk5rq/+HVf7BHhVSfFvx00VvLw0jNrmlx4IB3ZWO6JycE/KARjGAK7qHDvDFOTU8VOtaytSw+JqbcuzjTab0v1XofLYnx24nr2WH4exUYyu+atXwdG2sbe7UxEZWV1tvrZJ7fyQ6xL4j1jxVe+JbTTrW0vbjUmvo1jGY7ZWYMI0U7iyJnA6nJH4ehQa38SdRmQvqUUDyx+WDb27KFztALbBjHv3I7Dkf1Jn9mr/AIJAfD2Vpdf+LXh7UpIguY31pHBZMkjFvK5LOAcgqTxgHmpE+Of/AARJ+G4CxS+HNantlJJW2uLslk7EMm0kkALng59zXoLLuH6aSp0Myq2aaSoRpRb0+1WlTXf17pq55M/FnjzFuUcPlWHg5cy/eValZx+HS2DpYi+1opPdXvbf+WnWfAHjjxhp0Gk6hNf6lbrMdsUdlcyKJDnD4EZ3gkgIByMAZ+UivUPAvwU+L1hoMPh7QfDfi6a0Wfeos9FvWBZjg5ZYCoBxjjA4C46g/wBE95/wVf8A+CU3gjzIPCfwztNUkgz5fkeG7NslDxhp4t204APIBLZxwa4PUf8Agv1+yv4dE8fg39n64uGix5LNp+m2qEgjaxWNcge44Hcj+LaFLI6L9pDLJ88Uo/vsdhad0rWulOdrdVq9DzZ8R+LWbpUPY1KNHmjOCoZZmU0pe7a3taGHWjXM09HZNn436X+xD+0b4rKJaeAfHlz5jBkMlncW6ZJAYN5iqQM98AdT1r2vQP8Agkt+0/4jMRHw2vYWk2Evq12mMsMksGcsCFwuMcY5BJOfrvxL/wAHG9wzSjwX8DtMsyFkEb3twiom0/KSEjwAM/MOe2QBivlrxt/wcHftTa3LNB4f0jwp4eiZT5fkQpO8QwQCTIg5UcjB/CuhZjldGMeXC4CnfR+0xNSvZ6a2p01dPb4rX9Ey4cN+MGaz1r5hThdKMlg6GGi1ZXTdfE1JK+y/dbOzXf3bwr/wQz+P+rCB9VPh3w3GWTeHiSaRQeTzgksCeDnoBt719S+Ev+CD1taKtx42+LttZRKo8xbdre1CjALKDcSIoGAcEDkLzX4W+MP+CyH7cPi+OZP+FuXekRu7K0OmQx27BWJI8sx7C2Qep5ByB0OPl/xZ+3D+074xU/8ACSfHH4g3LO7ebCniC+gjCuD1SKUKAM4AAGA2D2rjqcVUaEWqVTB0109jg3PT3etWsk9t+V7X1eh61LwX8Rc0aWOznE04ys5XxahKO2iWHwsdW+1RWtqz+seD/glX+wp8PMXHxC+MemXksKqZ477xPpFtgLndlYrneQTjgLkdBnOQy60X/gjx8Fkb+1PEvgPU7q1Y7y082tysyckbUWZCSfYrk45BGP4x9Y+LHjDWJXm1fxPr+r78F3v9Yvbrc7feY+ZKzknAJBJPoRkZ5qfxTdSYKSRkorGRmLuzDBHVwcnJI+YEnJz3xyPjalGNvaVZy6yj9Xox2TdlTpOXf7Wl7Xve/q4b6MWPryU8x4hx04uXvQjUxVSV9Lq9fEuL3/596P01/su1P/gqD/wS9+FgePwN4Eh8RyW2EhGj+E7CKN2QbQfMntwxGcHOMnP8P3l8b8V/8F/fhzoySR/DD9nuR1AZIH1V7ewhAH3HaO0GQO5x1HBxwa/kYuvFky/Kt0FjyCCDgFiOc4w3LHGcHJ9O+de+MXRWAnG9toB8wgEZy2QegxxwepAOd3Hk4jjOnNvmlKStZKVSpNpWW6crPS/TW+l7n2GWfRmyDDKKrvHY1pxcpVqiV3eLvanTjKzu9Ob7K1sf0meO/wDgv/8AtOa4sy+FPCPgTwhbsfLjfL3c8KYG1v3oIJAycEggjoSRXxp42/4K6ftpeOZLmO8+Mt3pNlcB1+z6FZQWgTcCMRTRFXBBbhwPcDoK/F6bxisn7ozgTM5VgrFgACVyB0YnJ5GTj1BrOXxNNuZFW4YJuxjKj5s844GM4Oe3vmvKqcZ+xs6U6cbtfZhfo+nvLTW+yV9W73/QMB4CcKU3FLJ6M7Wi3W567btGyaqSlFa2ezt80fcvjj9qT4ueN5nk8W/Fnx5rnmZaQXPiPUDE28njyfP2heSMbeAx4614TqfxAgklaaUSXU23DTX1zLcM+erM0jE5Ygtk5xg4PXHhYbWb9QbPTb65Z3wHWOVj1+UA7emcAAAnJJ6HFb+mfDXx/r7qF0m4hRjjdcMUABAxkEhhkHv0x2HTw8XxxVaUp12uZqzcm+z2uld9dLbvoffZZ4TZTgIxjhsqw1FJR5VTw9OHaybUE2no3rbvqdNe/EBy5MNwIwRjEewA46ZzuJJJGTyABnjqcK88bzTllVpHcKpUmZivJJJx9Wzx2bntXe6T+zb4nuSx1HUbO3UAttUlmUZ+YDrkqMZzwDyMYwe5sP2d9D05ZLrUb6a4SIbZEUGNc9WJ56A9M7uQOnQeFX4x5m/3zbteyTu7JJ2utNGle603u2fZ4DgOnCMP9lpQjGSV2o6LR3S0t1va70fqfNl14luZw0KbmkkI5Veg6fe4JwScjHLccgDESavrMIiWNZSsmVJVDsbGQCxxwcAEEAHdjA6V9K3ng7wzY2DSabZ200kbmIzOA3PIAyRxgAZB+nOMnitW0eOKxKQxIJFBlWNRh1bnJx2QAZ6twCM96/PMx8TKlLFyw8ISbhKznJ3TemrWz6+u1k9V9xg+AcKqMatXltKKsowTutLfN2eqsump4/d61HsAlO0n5WRi+7cO7HgEZGBzgdRgNzxl9qqSSSLErM4yE2SFVB6sDnk4HB4+p5rq9b0e4WeF5d2JgQzIAY0JJAIwMBiOmMnJBO3gDj9Rs7aBHlC4woVmB2s7jjLA9Q2CCTnAz26qnxliswSVOpFJ2Vo6pP3b2XzV1007s2jw1l+GfN9XV7qz7O0ejb73S+S0btiPdtIr+bcOpBxgAgKxI5z3PGOpyMZrTspU8+1Cu7kuu4e3AyzcdRgkZ4BxxXG3nnqSI2+QkthRuIXOFyDyRjnpxkZ9+o0AtDLFJcxq1sCGkZiOHxkADngHHBI7AetKrjcXUXv1ZSunqr+XZpeltLX0OmOFw1Nx5aUItO+kbbONujbbd3fdJp6rf6t0G9htLa1Ty1QT2qrsjLLkquQzEjufmJPBXI64zma1LBf65YPcm1nktnhKxqykxsXGHYrnAC8kHAOeSO/lNx4xmjaGHTSdvllXL/MEUYQ7F5OAcBQPXHRiam01bq61C2nSC7mmurmAPI8cnzrvUt5RA4GTyNwGOecnPzc6NSVf2jm3eSduZtt3i1o116erOxVErR5eq3erk0ttHfXtayZ+mVsyPpGm9C7WNsCI2O0/KpyOo46YGT6EYOEaEqyOpLMc852tu6EHpkf3u3b3p2l26ppGkooYMun24PHKNsBILDq2eDyefxrTeBNsT5YtsIGT8wcZzgHAHPcDgNgnGCfuMO3CjTjzaONPtq2k3ppfVJdFe3oyS183y36LZLbS2zv079TG1UFdLvVYEu1nL1PyjKnnjP68nB6kgV856Yqma4UglhsG8cnOSzDoecdTgEjg+/0prAP9l3yjG4W8gUkknOwgdARkZ2njjJIIPX55tbZbeZsqcyRq2V4+bcWB46qSzZJOQc80qrbkrJWbW7tpZ9Hq0m7762sVy+6rf8Czt52v0W17HW+GFjNxqIJBbKBfVT82MA5GCQc4z04OCAe+CqY9rZYBSTkkYzgAAkEZycHOPQ8YNef+GE2XOoSMCxEkZKjGAMHAJI6DOQeWByCSCa7+EKscjMcJKC5y2NqgkDDDA7E4wP8AZxnFdGGu/da0Wy6tab9bXT6u2vzxkmrvZL56pr101t0tr31yxEqSuV2E7htKnLngY7hhwSOwxjp82ev0YM+oWSqCdhVcMScuSCcZ5PJz3xnr2HKpFumDKy4kbnbwQFO0bcncQSQAAOeN20KK7HRgFv7AMQpMiDIHz4yOSOvPQ9ccd8bvbwTanDvdb28tNNVva11ZJKzVjw8Y3JxVrXWt9fi5WrfN/dprdnvqB1gQYwxTAHVjgDk8jJ9QDxjg4zUA35cSLnOAWIGc45GAOh/EY47cW1aNIYtxO5V2gnIYleh6feySCcDnGc1DI0aAbvmOCc4xg5OMZAJwOA3TkYHFfSq7UdtElpbbTfvrfa+l/ImnSUuW918Prd2073367J9dXWYjJLcpyo+XGOw46diOeehJzjMYBLlijspQFT/u+wAxuwORnvt4FBkLMC7Lsx0wCV6HOOcMfXjvnvh6MQZRtIUjHzE4PYYGcZ2s2PlIPrStfRWtppZd0+um3S1+t1Yt043V7N3tZpJacllpd7PfVPWzadx42uME7SFLHPzZ/wBlSOMc84H5YBqa0XdOjDHlkxh8sQAQ4yQT0J56EAr68moBHK6hsYQ5JVSvGSeM5DdQeuRngE95IVZF343MCOPuAndkeo5OD345APOOesrRafRJWtba1rfK97/kjSFNKrCzWji97bSStbvs9tUtHa1vcvC1/odok5mewiuCwJGUV2AXgSN8rH3zx3Kn5TWtqXizQoVaGW7t1UkjYkqYwVOcgZxgYBxjOec5zXxTqtzfR6zdyJcSIjyBWRHIEeAONoIGfmzznIbjtVd5JZXPnXDcAkl2JkbcO/OGJ9D25PpX5Dj8vnKvWm6krOrNqPRJyUrfCu9m/NX20/UcLmnLhqUIwT5aUYt99Ek9U97PZ62W2lvp++8e+EILmOVbiJgp2kL0TAyfmHJPGAe+c1TvPir4UWMGGaRgoPyqGC7QMcZGMgAd9vbtXzcIYGjCiVSHJ3FlzjaMEDrggnr6nLelR/ZoY4sK6sEJzuAXIDDjg8/dxg7sgYIxyeOWXU3BXk27puz78v46W/yNFmlZU2oqEbtaJK1ny2t3vazabv5HteofFjS5YytraTzLjJypGBngDHXpkn6+xrlLr4m3EqtFBpwTAyC7kjn5gMHjPTGMcZPPbzrYgVWEigE4bYoDKuemB2A79CV9+EMcGBvw33iGHDHCnbkcAjpgZyeRwOr+o0uWCsnpduX/AG69L3+929HojnnmOKnC3NZadOt4tWV309G01Zao6iXxzrlwQkeyNFBJZcEAnO4buOmCAR169xirZanfane20d5eSrA9wFlBYhAm4E4HQkgA56DJz1OOdgSMZfcUQA8ZOCRjkkY6gjqQc9etWku1ikUBYzlFwFwCAeC2ACM/gepwDg1r7KnThaKjzKye+t0u2qttqne217pRGvWlyuVR6atapacuqSemm99r7KzS9/1vxfp1nDDpmmopENusUkihdpUhNzK3QEnqOpyOAea84u5ba4uFmlbbHmPzCNqnG4FjgAHIxyRng545rko7uJpWYNuDKSVCluBnkEkEjPy4HcDIz0fJeRHJZsoBjYV/gKkjDDqeTkL1BJPPNZJOKsklrbbba97Jb2eum/TppLEc005O6SjpbfRbNJNejS/NPL+MOkWHxH8SaRcyv9rsNC0qKxtY5I1Lq6KQ4we24krwSD1Pp4rdfCDw3O7yR2EMLuSDv2jI2nHKjhec/jlc9K9huH/fMf8AVIy7Q3QBe4wOMkY5HIz+IqSyr5px8vBBYk7cegBGRkZBIxggDtV8rlC3LfTW6vd3Wzs3ba3z3ZzVFSqNzlCLba3W/wAKula+jvp20fc8Fl+COhs7f6FEwb935q53jBwNhbsBxnP/AH1nNc5f/s3eHLiQF3mjDc7sbiX54ODkjqMggj5eDzn6chlZsIqEcM2c5GDnA+bOO+eM45yetOYuGWPAUkBw/wB7aNxYAjPHB2nGeT2AxSjRaWkLSTWlru2j+Sv/ADa21fZ5PDYeSSUbaJ3XvX+FK+349tW7u3y1P+yx4bl2qJZkDgYYAkA4GN4HIzwSeg4PTg0B+y9pNpIgS8Lq8hJZo1LgAAAKSD0I5BPPXg19crNIrnCkkgbSSTkkccds7Tx34/CpM16zrtdmDowbHIQZ5I74GeSMDJHHJNa8qtFWs3bZO900tHq99Ot++7a+rYeNmoxvbWy6aee7VmrXXXRLT5CuP2XtMWSSSK8YS7iELLlCGGcZ6AAA/wB3I7feA5+8/ZculGyHUIyx+cl1UYB/hHPQjnrg8dK+35DcJE8a/vSMbW6Hdg455A5POPu9DjkVWdLgZDwbiAp3E/N7AZ6g+mcegOcAa1um7pq3WyunZtevfaz1sRLDUHo6as7bavp+T66bb7nwhe/sza+sTNb31v5W4Yiwq7m+7n5gMFc55ye4zWW37NPiO1VWjFvPk4YhQApIBwTng89Bn09APvwW9w5PmRlSOiEfKVIABLA/ePXAwSepBAqZbS5MLMUcIHwUGfmA5yevBHYHoeTyBStNOVpbrSzu79WnJvTp00ei01pYDDPZabPe70jdJ9Hro3o+l3v+ad98BfFFtMWNgssYJT5B1I5DDAzglf4e/Jya4rUfhz4lsJCr6HPJ/BGBHnHoxIyfpk8LzjGRX6k3tjdGQkQYAUlVyQqezEccexHI53HGeel0a6dXP2dHd3JBKhSu49BxgjkBQOcDkeuidVa3TemjTbtZa6Xve9tEr62b6888vpX9zminp3utNdle+1rWffU/NCH4U+NbiAuulXIBO9ImjIOMYJJJ+7tAweCp9sYin8CeI9LtZm1CzkgKgMI5MgKueqg9RnJye2cc8V+ljaFqbJIqvHHGnJKL8yjABB4zgZJx0GMAZOD9+/s7/wDBLPVv2qfgd4++NGseN7fwzB4WsbxvD+kPD8+tT2UDzs0jlV2xsAyllyTkntyuWMnFSS5rN23bVo3Xm4rS23l3zqZfGK0bcrXXNpe9vv6X8/U/m60/StUsJmKsoabLCJCNzBiQMAH2PBxz06YO28evRhVa0uhuYhHQBQF5IA5zlgc4PTIHNfdKfB3RNMvrm1v4YZbrTb26sJ3hUNEZLWVoj5Z6/MVyCM8emQalvfhNpjDdG05BUuFGSFJUgc4GMDgHBxwvOeOerh4v7N307pLlt8Vuu76W3epwrASlK+iu0rOSfVPW92rfftdtaL4Vl1K7so8TRXETZXDFWRWKL90FuAV7kEg4JJGc1zM3ia9TzAZHwG43NkLnGN3zZyR6cdeRX3trfwasPEOh29mzNbzW8pPnhQruCeQ2BnjqCeT1965CL9l3w7G7m41G4m3jcSVIB5Gcrk9CAeuOM46VlTw1BJtw10afurTSz3ve6tvq9FfWyllmIunFJqy1uldO2jXydm9Nm1e9viaXxDPcHa0oQYAOCQSQAckZOTjg/wB7v945x59WuztjVpJQWOSDgEKScDGCDnqMAevGa/Q61/Zh8GWqRyzPPIRlnDIQpGQPQg9SOgPXnJJres/2b/BZEUkVvGSx4aRGYLz0/unPIGST0OMg1ry0oqNqcUml/wBu/Dq1olq091r23W1PK8TJpOy13cm7K6311av03XzPzOiGr3k6fZoZyXJyNpIXO0Ak8jH1B5OMkmtE6LrTOrXUE67WO4uowFUjJGcYPXIHvk5r9U4fgp4a06IbLKybYgCv5OHyvcAZJJGCM44OeGyBWHwo8NlH8+yF2Sp+VUbKk8YVcEYPXhuuOtJtrTlhFPtqrWS2vp52t5rqddPKZ3XPLT3bpWstlrrb136Hzh+zHYeR8SNLd4jHGliQoYjcXBxkYHQEAMMYPtg4/afRpgbOAF1DSQqFwe+c4wDgHpnOMknnPT8+NC8GaT4V1SDW9J054ruAFUDZCgEcKS3Py8gnOD+PPvNn8Q/EKwRxrbxRuI1CNxuBOcn+7noTk56HHGD52JjKpO/2Va6Tum1bZaNfdo9r2ufb5FVpYHDzpS3k9G9lzJOys+m6eq6Wtt8U/tpOb/4j3fkwzTFbOCNggMhBQkErjJzgZzg5XkEmvjlYNbNvLAlvctCqBQTbudxBBwvykY25yDwcck1+rGreHYvEWqtquq2VtcXspLNNMquGUngEkD7pOOR3PIFPtPA+nB5Qml2DxlS2xYgQxIPH3cAc7cZwc8jBrS8nCN4K6urq9+l2lu1rfrtrpY8jG5asXiKuIVVx5pOTTjqk7d9bJP17ef5SQJqkW2KG2uFkkUq+YGwC2QOi8BupHUYJ7ZrOu7e8UqssEnmRMw/1TZZmOc4I4x16jnnIr9bZvh7oMzBl0iwgkUDeBbrhmOCAMLgEZJ+UZ5xkcVzGtfC7SrneV0S0Gw7siJA7HHBIwG6jOc84HAIOajUfNH92ouyVk7u8uXfs1rutNtXqcFXIalny1+ZaO1tbpK1rXS13sum11p+TD2rrPK0sZKndkFMSLwMKAwPUcE5yME9s19Ffs96lJoviSGdGWJVKTE3RHlPFGwbyiMYG4ZHIPXtya+ndR+EOjPskGgwjf/rWKgFemTkAk5GMgno2QBkZLf4PaNA0M8MYsoh8rPCBg7sDHzYbjjA27euPWvqchzCpl+Oo4mD/AIdm2m+rSa79VbX0V1c+O4l4Seb5ZicuquMoVYci5r3Tlyu60s+X5WT+Z9faZ+1fdfCjV7Hxp4Z159I8U21tEdL1PRJvJewkiC8q8RBKn5MjjIHUc14d+0Z+3F8QfjrqUeqeMvFN94ivp7YW0l7qVy8szqqgHapb92uBzg5KZ65GPDPHHw2t9P0qaWwu3dYY5WLsGKsoXJRhjCNngdOhb/e+NtR+2tMAhJKM6AL1GSVGQcHPc46D8cfW51xfjMUpxpuMFUp+zclFc7h7qcVLR2V9Vonf5H5Xw34OZPkWJhWnCdWpDELERi5P2XtrxvVcL8vOm2lJptXtbq/sLwlrMV+++SZF811dSzgFgDt5J7ZLDBwAOp659ksngZyv2m3UHDZ85MPgD5RzgbsYJPXjqOn586YutwwIPtE0JCkli+0k9hjOAcc5G3I+71JPQWN/rqbh/ad4xHzL87kbgeDknBQE9mHPBx8uPy3FU6+IqucJWblq9e6burXsu+id2tWf0bldejg8PTpSpNtJJO7WzT2trpdaO+tjsP2o287VfDaRsgUWsnKvuGCcFztY4HGe/Q+uD8S3iSx3MihZGCNt+UkqSScMC2Seue2T9Rn6h1HT7nWrgXWsXjyrEo2LOwcgA8oGLYGQeo9R2xiKLR9BD5khgYRg4Xyg2Tnd8xAPGDjoAeg756qTmoQU43asrtO0vh01Vmrr1tre1meZi8KsTiateM+WFSSsm1ayUU7xsl0vs2tOup8zW2m6nPiWO2nkU7thCMcnp/dAB4APGQcduupFouqpJvktZkduMGFssMnJOPXqeBnPQnivp2KTT1Iit7VFRT1RMBuM4WPkknjoDkk7sckdzoPgTxb4nnRNA8L318X2hGFrKYxu2gZdk2fMeT83APBHQb0oVqsnGlSlNvaME5bqNtUmu2n/AADmq0cFhoKpiMXToxjvKpJQikrXb5mlpst1qlvt8fw+H9YuJVdLOcEbRhIjwo5DZwcEHA7kA4HpXtkniTVNP8K/2Na2l1GJIFiuJGDlQ+0gsByocgEEA8A9PmGftbw/+yb8V76ONtQtbDRraUBnErK0iozfMWVQRnaDlWAz6DBNeup+x3pP2JF8QeJOSowltDGqPMDt9A2OnOQOoPYn2sPwpm2Y8jjgZqzUn7VcqT91xa52rJJ6X8l0Pj818ReEMijVjVzmhUqcrThSkqsrRS0Xs20uzTdn6vX8Y5I7re8kikFuArKAeCPmwBjnGePmzxj0bFG6lmkXDIxOwYyeBtLBcDPTPHpjIr9WviT+yn4L0Xw/c6lYZe4t7ZsySSqGkmK8SKgYHBIzyOOh9/zB8TW76LrFxZ4TfExG6MBl2qeuduMZA3AcYycY4rizTKMXlNaNDFQjGTSa5WpLZaX6Nvo7pbeZjwzxdk/FdCtiMrq1KkaclCbqQlTte2ylFu3MrNp7pnNyx3DDIhYOz5KHKqAx4fg/Mcc4bgbsVHcWpiUNKqSggkZ6h8ew55x2A498F0uoyODIACwbqvHbk5ABPbj1IwDjNV55p3QS8li2VUE5HQYweD1z6NzyF5rzLSulJeqTu7PrfXfmv7ttb21Vz6huKfk7Wtddr78z2vu9HrsmjIuShm2SKFXacZGWAByNyjJbB+hxnBJyKqRQWxYyMC+7KgKCAgOACGxz3AB5PPBXpfmidpGdl2yH5jnk49cE7Qc9B045JPNQRmWOJhtxhgG3A5JJ4IKqdp4BOMHg9RzWt2ltZbLu/kk7/jt21J18raevn5bX+Yq6bC3zH5WBG1GAJP8AFuB9eOh+nOMHqtO1TQ4ITBeaFBMAGUzK4Em4jGTkEgn7xzuHqcYJ51mulIV3AUjJYdz1A3DkDrxxwvQ4yaDzus6FgFH3nJPy4HBJGAeehOAcLyQQKUmrqzS2Vmndt8qva/z8rv5Xppe6e99k1psrb6Np/wCdz04eG/CGqWbPp2ovZ3Gxj9nugDH5g25UE4A5IwckgAkbsc822l6rpFzbpZJvEDrILyzbbKrc4dGjIKkeuQQQeMZFcvJf7GKqcA4DEHKA5PAHA/HHA5PWprLXbyzdmjnkjVvmO45ByRjAY85J4Ofl6ALkCs6kVVi4TjCScVGUdGpXtdNPV77Na332TSqSg4OEuWUWmnF6p3VvetfV2d+17djrNV1zxDqkEWlNf3d3bwzECO6keRg8pw2C7E7m6bifTdgV12maLq2hWwEuLf7Vb7ZHIj8xGZSVVCSBwCMkE9T6YPnseo3Wp3aSJbhJUdP9TnLsG6sAOGzgkjIXIw3OK9D8T2/iY21orQXDQFY5S8QaRlYrhQDk4B4yozx6nr4uIhRwypYah7OhBv4UlCNrpWUVZW8l3dtTdVp1Zc9Wo5ytZOUt1e28tbaLR9Nb2szz7xVdaitgbe8uGdoZGWFM4ITnD8Eglg2DuyMngjoe8/ZiH/F3PCTgZZdQUnjO0ZTB78k5weMHpXnWq2l+9lPPe206OSMeaj5QDu4cDAYAdd3AJ9MeofsvwOPi54Vcrj/Ts7MfMq5Uj3PGfQY9817GAhCDpqDT96LbVtdVrZN9krX0u+1iF8Ts7xsrb9Lr7rW3b1Wmx+6N1MTNuRNo2gMCeQTyC3QDJP3iOQKhhuYGb5yQ7Mw65zjHPAOGPAyB0zk8VLfArMyovySqpJJyVJIH54HGMHAIA5wcZIXSbbtAL5UD+Jck4bHQc4PGTxkj5Rj7ZL3YpyettNbX91XsmvxaS6M5+Zya6PRfa0va1rW36Ly36HO/ECYvozq6YRpAFUDJBUgHa3ynoO5wDyOSa8z8F2DxatdyFSqSPGwAPRgACDjOc4HTOT068dX8S/EelaRZRwanM0UpkUQs+eFUbiwUD7vJAZhgnqRkZ+Wdd+NV54Zllt9GCLE7LK11Moy0fBJQYJG7JwMDH8IArzMTmuGwFW85OcrJKMd722ez621dtdW2tCcOaDWri130V0972adlrr0vZn25qUyWsO+eSGCIHYGlkCqzsMhQDjj2wepwOSRz93cxS7fLmikwgKujBgvAwFK8Ejr2PIzjt+bfib4reLdfkE1/qdw9j5gnW2ilZCCSFVTsYHGffjnHvF4b+KHjPSr5pYbieW3MhAWeRnhiUggYBYjIHRcAkjgE1y0uKoupHnw8owvbmsn1i9e6bV1d3sraXOCphU1dSfNd3T11XL1XS70203sfoh4RZR4ilk4yXOGIO7AJVl+q46+wx0r2W8uNqOcsNwD5P8K9wGB5yOSMkjAwARXxP8CvizNr3iaXS/EUcUUzSFo70lUjWPkKDnBy56BiSeB7H7V1I27WzuJ7Yoy/IRPGqKGOVUgHdkg5xjgjGGwMfdZXmGHx1CFSnUj0XK2k03ZWd36K6utN0t/ExdKVK6a2Ss7dLrdNNPb8NXoc9JPucsrDAOOvzfMASQT/APX46YwAOu0EO0kZPKsDuBbAU7e46kE9DkcDHTpwytIJMMqEBlKZzh14GVwuCAFwOMYJ53DnvtA2SSDa3K9QCR8wUkrwc4B56ehx2r3qai4Tk3Zq+22iTt16rva1nbY8G/LXh8Ws4LVb3avptq9v+HPwt+Ouq3OmfF7xu0MjYGuXS7VY7N3msMYB7ZHUMO3GK8Lu/E2ptcb4rmaNxu3BR8i9MdACck4G7p65wT6z+0LOg+L3jl1OQmuXXB7kSupIxwBzgZHGcgjHPiEEkckxkkZflY8FRyDzzkcgEDkAehJ5NfkuOpw+tV9IyvVl/wCAqS736Pa3lfU/QabbhTutFGGttVomrPpbWybdraLW6u+fNfo813LJLglDk/MxfALZY5wCBjnfgjrWlb2C7YpCg42tHGQo3Z+9uZt3JxnOMkYIXPStHJCSixlRuO5mz8p6N8uMjAzwynpjqM1ZaWSQNt4EStsAJO7IHIA4GB93vjPHauRQilZKyas1va7vrrfRW0tfpqXqno9XZPrbVad7rTbb5CXqSpJGYmZoiS7RrgxHODt4PPPBxknIweopBbyTOpWHbGpzJwDt3ckbjgHAHUe+V7UxJ32IEUbEBLb+CrZHzbuGLZ7/ADce/Bntrm5RtjMWSUk45UYHAJK5A7jAPr3xTtolH+6la7tona9m+i0S30fVlKMnuuzfp7vZJJrrbzszTS1tlhlmaONAMAFlAb5T0RhzyQDxjnLDnFKge7V1RGCRcKQMMpPDFicDjnBJHoMk8V5JHkjyOGjJxGuCQB0YjgE46deDnGQoPceG7OK8gMcoWJQqs52/670GcHOBgk5JHX0oo0ZVaiilzObS6vstGu1tObW7dl0OPETjBN3d7XSuttL9fzWlm9L2F0HS7W7kt4HU3EcaBnwGyp9SRgEEDhskHOTjkj2XSvDVpC9vJDGs6sVkMQjBwFboeOMANkDkk/hWLoltpdpNEsfzs7FXdQQzBfu7zgEHPYEjk9yQPrb4GeAn8ceM9G8OWaM0viC9tdKt2dCY7eW7mSFHYEMFVWYMSOOpr9W4R4KqZxiKVJ2Skot7txSin72m1lvZ21fQ/JuNeN6OQ4GviZylFU1bq30UbRteT2Wi1bd0uvkmoaZbi0MLxNFD5kUkqmPCkHHEeF9cHjHTnbXmviOG3sZ5o7Io6sgLogACggE7yc88nKgenQnFfvH/AMFA/wDgmH47/Yv+FfgHxdr2u2HiKw8aCF0n06B2NjPNbLdGFpGCplI5Qu49XB+o/CPV9IVNVaKVJMzuYQxBJUbgHLgHBCgZweMgD02/ScY8NZfluUUauD9lXhtHEUbSg5RlyVI31V4yTTW11LsfI8AcVY/Ps0rrG+3wtWCg/qleMoVIwklKEpRlf4oSjOPVqS0PKdRuY3uIZIoIVCgggLgKBnJBABPuT6fla0nVH+2GSYo8eF8picc44AHU5ORxzg/Q169H4I0S6t5Fiv4p54xsaKJQ8spY8p5Y+ZTxtz2yMg1Bq/wcvg2mS2kclit2chbiNwSOAXQnKsoByDncMnAJxX4Ti61KhzOpJQSavzNK8na3Xvrby0vbX+g4UZOjG7lOyi+ZaNJ8vqt/lpZW2Me21i5eB4kkAMu5UYu2Ff8AuqASc9CM8cEZro9D0e/WX7Rc3cqmQhhE/DShSCct2GASPu5UeoJPQW3wjtdNitribWDLPxtiAwBIuCxYZBBwCFB7d8GukENlp0yxybp/L2hZHPyEggtu9ARnoOAPlB4r4POM8w1JS9h+8al9lprVK6XK27u99rfcYfVJyTSi4u6T5mtNVone6SW7ts+iVinca3d2KNBNLL9h4GxehPBwN53DHovJXjHOK8w1fRtR8XXU50eBvLEiCVpF24BwMsPlBDAcjJ7EAAkV7Ndajo9zJ5ZRJlwNyhVaMNuxuGeARz+ByMd0lu7TSIwkPkxRO6khAVklViGJZsDLHJH4D7xPPyVTiWpD+FTtVs2lK1npvfmta61SW1vl2UMNyK9kmlpa7tZW3bta+ttFvueNt8F/EAtWuYryCTjCRttb5jjgKMDhsjdj3BOSTwOv/DDxpolqbq40yWZQxwVUuVUgHcoXd8ozjdzzgH7wr62s9ZjCrJE29PNUiJ3zhAM5wclSvHze/fpXo+jeIbG8iZb2OJ4mURJFKPMjdRnpuU4boOOBnjPzY4I8aZrhaqdbDqpT5oxlGKaacrOXXdW0W3RvodaWtlfTl63jzaN2dra7LTra6Z+VEtpey3EjyxyIIyFfcjBUKsN2DwucDjAHc1ZkuGhASBJcIQCWyQCwAPJONqjPQZ4Hav0yvvCvgy9e5tZNFs4IriQyyvHFGX5Y7QgChl3Fv4SMAnPBBHlXxN+AejS6FLq/hUy/a4o/Nkskj4HlgljheRkDd8w5z9DX0uX8eYDF1qeGr06mGqTsk5W5VJuCs3a6XNtomtXZXRbi1G93e2zaUt1qr68v9O1j4bk1JY0cyBSwAClskgtjBA+YjoNq56DHFYNxcyXJ8wOQzcAByWxkEgkfkFPrxx03tR0G4+1fY2QtOGAKIvJYZUgjA5PT5h0zwQDXc+FPhfd6i7zzOIyjBVgbBYnGclWPUHIJPJHUnGa+8WKw8KaqNqz1TT0ezuk901t2tZeUe00Ts3d9Lve1nrey9L230R5NdeHdVuY1ZIZJA6h441XPQY7cjjrzn16GsdNLuIrpYJoJEcsjsG4aMLnK7cYAOCoHJ4ycAKB9WyaOdMeWIDYIlKiTYrKrAFSiDA+hz756GuJ1nTdPnns33CKUD/SWyQSvJIA7FgSSOB2PHIzoZm6l1BJKWidr7uO/VXutHff5A6jej0uradLcqe+t9dNdbJJ2Tu/wStjBI0lzFbl4UXyjgbYUUjkrjBcYxjtkgZwN3t2neKdLhmScRW8bpIC96qhc7QBxlcKegHJ6/N0BrySwbRoAtlGpCkM7zjO4DngnqCThQMjGflByQuJqmogTNaWnyRDMoVyATxnJHAbIAbnn7vUjI86vhpYyq3Pn5X0b05bx0a032dkm/lquabVul+qv/Lr1vZPe2rfkfQieP4Zb+doZY4HYgl5Hy8qDC4GSTlh68Adh0HWT6xo93bfaNWjgndk/cRNGuwggFX5zgkg8Z9e/B+JoXvGvY72TznhU4eQhvLjwTxuxliQMcZyduBluep1rxbqojS2hnT7OkYGMg4IXgg4JOOMKB1B/HB5RDmiqb5Xdczi+jaabvtzXWi0Zgqb5laKacmnq76tOzSlFWd9VZ77M0vH/AIumvLr7DaW8EFmhZMRKFjEgOA3AUHgZyMde6gGvO9Dury5vAt+0k1nHI4GM4DgEKoYjlcZypwMnGMHB5Z9Rvr66+ytIWDyO3z855znIKnBPTHP6A9FZ6rFp7tsKNEjANG+FIcnYzDIyxBGFJ5wMgV7VLDxpUlTTu11kt7pKzturXevXVM6Y01GCvs1e1rWfuqKSV7ta2XS13vd+i6NqssN+fssgWMBt/m5RmwSArcc9ML1IySemR7hquiyfEfSrC2+0w201ioImJI3oEHys+OoGBgE884wK+aWIvrmzGnmUSz7PMbacHJBIBVSRjOSeuPyr6a8KaFrdjo6BY5i7IZIbZyVLoVGZA46cFjt6DdwCeT8/ms4UEqlOUadROKi76NPl3itWkr3ae+i6I5JwiprX3m0rbxfw3iopN3as9+1nqjZ8LfDDS7GMT6hqYuJ4lwVdtoMYyoCE8sxJPQYJ/wB7jrF+Edrfie60nUDZXkKvLbRzOBvTbnghixJbpzx2xkivHZr7X4I7iWdpy8DsqW5dgRtJbAGcnB9uD6Ek10Xh7xv4iwHgtZ5/ITLB97nOf9X0OB6npnHzZ6fL1f7Wuq9PFJJ8snBQuuV201Wvd6ppLzQ488UpXtzWco2V+W8U3ZJdtddFulcrX/hLxtbhU1KJ57ZLjy0u0OQIi2CRtOSxAzj9OlbQ8G+FpxDb3utiyYlSLebbvL7SWbkAjLAg8deoycVJq/xF1FbYRXCBXkJMUSsAYZAQGXB6lc8oVPQ9CBXAana22rSQXlzfOs4V55HBUjaQDtwrHbtOM9ODwBg120o5jiKUfapUHypuVOLvPbmbctVpqvVbLZtSkoOWmkb2Vm2+XmbaSae3r0toeqz2PheC3SG2uZAbUFHnDHyn3KFyNpA5PzYzk9Mkc1xra9LbFE0+8kWK2nOSjFWJDAArwcKR1xwAB3NUoZIpYxDChW1aEM7TMSm/Hyv8wOWPYYOCQccVhRxxWayy3O2bdL+6K45UE8kcswwV68emDzXThsA02q0pVG9YuUW2lemr3u7apXfW1lrqNxUk0kpOzspKVk1ytWs1ZO12ktbbrr93/CP4g+GpfD+q6L40l+1RajYvFCzqHxG6FSueoK53qeW6dxXz58QPg/oVncw6h4HvnvbXUJdyW0m3z4WdhuCZJ4U9ARgADIHArxmw1TUkvHMMk0MCZCq27YwLYChVzkDjC44HU9j9a/BX4OfHP4rapp9h4C8Iaxrt1NMoglSznFpCrlVDSXLRiNQTyfm6BuCAcFPL8Vldeti8JXjSVRNulN/u2/dtq9nrb8FpcIYHFYmXJQpTnJrl5adOU0tYtO13d6vV66qzT25HTNO1bwzp1nCJ55BcReXNHyH80nBjKnnKk8MvXjOByOm1+C41TSdLjiW4ivYp1tjDseWeUyEZCxoGdVHJC4PGAR1r9rvgZ/wRb+LnjJrXV/jT4qtfC9u1xFdJpeksbjUFUnc0JyBECV+U7WA3E46V+3XwN/4Ju/sxfBQ2ep3HhrSvEmrpHG8t/wCLWgu3lnhGfMjtJt6qzMN3AA/unKmtMDxTXyyvKvXcalVO9qbVns7Xe1tdt009enbhfCnMsyq06+JccLC6lLm1quLtdOK2VtFe9/vR/Jd8Bf2DP2mvjrfJD4F+G+syadKyL/bWtWs2m6ZFG5wbgSXKRNJGAQSELEjplsiv3c/Zv/4IffDTwYNN8Q/tLfEGTX70qk1z4F8JMUtJJsBvst3OjfaSd2VJTjvkgDP7um+8LaTpwht9U03wzolqvl2ulaPaJa70QMDHGsaoylhgABSOnJ6153qfxt8C+FrS5uNO023gntxIx1jXJl3yycsZQZSz543KFXBzkjqWMx8Qc+zJexy9+wi5KKVLnlNy0Ufetdtf3bfifo+T+FXDmWuOIxi+sTik3KtaNNNtXeq2dlok29U+l+X0v9jP9k+6+H0Xwz0v9lvQ4fCbToZPFEjf2X4mjhj4WWHWUMd/5ikbwWk4I49K6vTNF+Hv7N+raG+lfF/xQnhLwxAkeg+Bp7fT9fvokgX93p41qYyXskCFQnlzP8y4HPUfGPxO/bGublLiGy1rUtWdnZIrfRi0Nqo5wrSJjcrE4Ixg45Uc4+JNa/aB8W63rU2k2traaHczxl45NQzeXcqHAZ4mm3BJATnAOScHPWvouHKXHmZ0nhKuLxEMFXX72FeL5ZJ2bdqmqja1mve03uZZ3S4Fy6tCvDC0quKoWVN4XePK1o6kbbptW3t8r/rV8VP22/EXi26ln+2avZaPvZLa0urmPSE8tSQjMli6PJuA5VwQPuFa+MPFfx48V6zcyRaRJ5C3O+J7qI+QsocYcGYfvZTnu3LcE5IBPxje3viP7VBqtzeza06tm4jmdlVT1wsSnaB2wAQM5A6E9/Za6ZLeJ2Vd5QKsDZAic4ZkU4HIJ4I745zzX6Blnh7gqEYTx01iq978iVoptKWzun+STV1qfGY3jjFtOjltKOCoJcqkkvaySstXZN9HZ3urK+x2tzBe6qzSazLNeyFt2+WRmjQEhmIBYhwCe4GQSNpBBNaa2s7GNEaVUjk+VBF+6AOdvRADkjAwQw9c8GuNu/E19aSSpMuYHUBWGQsJ6AkjqeCOfcHOcVzt54mjhtmnv7qKG2UM4uri4WKOMDPBZ9u3A5JDAjHI719rQy7DYSlCnSoQpQikk4xhBptqyuvNd73u1ZWPlK2KxeLc6tStUqzlq+eTdrcvRuVt7db23R6U+o2UQ8mMHeCQXIJGGGSTx1HHT3BbqKp3WrR2oRBPG8gYlC0nA9ic4UcAZbA5bHHT4a+K37Yvwr+HcRiTXE8Ra1A+w6fpckcx8wgqVkkVjGQ2Qc789Scdvhbxb+1D+0F8ddRbQPhh4av9G0+4kaP7XaxOC0THHmNdSBEUkEcxuSMg55yJniIQmqVP99JNJQpp2d1G91Ztdr336LUyp4aUvfrSVGN025O2i5Xe3V9L6erP1P8AiP8AHb4ffDi8XUNe8UWFjKoddS0+3uluLi5jAODHApbbIAOTtGffPPw18Rf+ChT3F22mfBzwrc6jPdP5S6nexSsdx+VHht41OTnacNwOCeSSPMPAf7DvirxLqEuufGHxhcSSS7ZmsYrh7q6DOQ7RSyyNldxJDFMAemev3F4N+C3ww+G1pANF8OWJm09VY6nqKQ+bJtXJbzZ1BUbgOmTgA5ziumhl+PxEbyjHC0pSTbm05qKcdEumm17JpvfrVTMsBh1aDdeovdVveV01ZXSs3teyfzPz2Hwv/aa/aH1Ian4z1zVtI0S7Z3WCaeW0skRjkqlnGyKxCnaN6AnaP+A/U/w2/Ys+GfgZrS/1hZfEurIY3neYgW4kUFmZkyY3UN69uTzXsnib43eD9DUQWrHVr9HMYs9NUG2ilXI2tIMKVU7VJBYkgZGM186+L/jL4015pIba6i0GwkJQ2lgN1yynA+aQgMrEHlkOck89ApOOS5cufE4j61Vik1FtSu/d6LRJbW0vrfss+fOcyioYWi8PRbvzyXLZNxtrZNvrZK19D6t1vxR4A+HNkivcaZo8cZBgstOjhM0uFwECQAsGzgcLgkE+9eD+J/2ltQkC23g3S/JhJYLqOp/6zdkkMiEZOAANufbtXytqV/FbxSXl5dNN9mdrieW7lkubwqT8+xG3EcZ2jAAzj+ECsaTX7drOXUo7m10zT5IzNFe6rKFLLnLeVE2H3k4IAXggEDgZ8TFcT1q/NTwVKOGpxbUXZ83Kkr63S63tbdbnsYLhfD0nGtmVb29STT5W7R5rR05W77rbr17Ho+v+KPE/iUy3/iPXbq5iZiRCJmt7NlGDgRh1yABgZUHAxzgZ4K5vjKFi0uGS7dyQXjQw28fBz59y4CKhGSwZtpIyOmK8g1j4yeG7KCZbWK88UX8Wdryv9m0yKYEbWAXDShcZIwNwIAJHTwvxh8bde12NtOm1UafaKnz6VoyC2iC5O37Q6ANLuPysTk99oOSflK2Jr16ilWnOs3q5ObdneOlnpbyd7WV7HvR+rYWLhhaMILlVm4pWaa16N6WWi1Vl6/RviHxJ4e0W3mh1/X4Te4JGj6Eyz3JI5bz7kZhUDjcRICo5wAMj528QfFy6top7fQ4oNIt5XbZKn+l6iwByC07kmFpDgsUYKC2O/Hht1q2t6hcSpaWcsdpsUM2SquZBywkfa7bs7jnPHockUW0xLO4tINQuZJpbuVDHaWW6a4kLcG3VV3Fic4UKPvHjJNYVfaOTlzOMVFPe0Y6Ltq73ve2j08yZYhzVNPVuaV7OylZLRJ6633vZ9G076F9rOt+J52WJbvU9RllwZW33VwCxUDnLhEOTtGcDB7ZJ7Kw+Gdjbx2uqePNfs9AtSBILWNxdapMwIJVoU3bHYAgKQuMYyCeOvs/hz8bx4Y1XxJ4V+F3ifQPA2i2Ym1PxHc6VcWLtA5GZVuL2OOWRSW3AQl+OAc5NeTxaRrM14Z7tLm+ubiNWDXYMpAYAbzu+YEdMHBGMDGBXzGKrSbmoVFyLm966k3Zpu2tl1Svrpo9G39DhsI0qUpUakpvl0nHli27a2a1XNfd3fbU6nXNdstKidPh9YtYxSbrZ9Y1NI5tRux0DwLJlYMLyGG0gnPBJFeaHw54h8ldW1+K4uZp5fkur+Z5PMWT7oVctgkk7SB8q5ySK+n/h78GfFXjXUrHSdL0+TXL+dI3s7K0t3ldpJThcmNCcZxkkYzhjnGa/XTwt/wAEoPH978LdT8UfEHZo97FpLX2naQzNLdK9tCZ4olT7kYkUEFiAyY6HkV+XcU+KfCPBbo4fNszpQxNetClTw/tFOs5VZQim4puXKm7t2Stpo0fpmS+GfEHEOHliqWHdGhGm5wqSjyU5NRi2oO/vPyjp1aP5/R4TgWQPqN3FbKqLKbKAK07rwwwd3LE4weSAAOowPRtDt2VcaHoxtIz+7e+uIRc3TsqgAr5gKxH5TkoCRz15J971rwR4VsbkadJaxwa/YXtzaakg3SlRbTFEXY4OCdo3E427s8ZJrVTQXt1EUEUVrbgLl1QK4JPXCgBiwAyOv0NexLinCYvC0qsFZVIxqQVklKLUWtEuqd107nhLhXEYTEVsNJKUqcuST5NeePLF7WSSe13be5wOk+CLm8aK9vmk1S9kAQrcyF5EDYAJXJVAjHAAPqQDnJ+8fgF8A/DVxcxan4iQjy0SRLMNlZixDFiTkAcndjr0APQfO+nmPSsiGJJCRHvlICp3ydxOePUY6YPQkfS3wy8dxWs2JbrbahVRwHIPAJZN3BUA9x24681+d8YZ9mtXB1Y5XKdOco8qnBPnSaWqeyemmie22x9nwzw7gKNem8wUKnK4+7KyWnLurra23bqfpDYN4T8EaTBZ+GtLsoJPJUM8Eaxvkja4kdQS5yDzuznsM4Hxn+0b4se/0C/SSVZEjEgih3EKrncWkYnBwuePm6qOobJ2b74paeElc3fzRwMAivwoXOHZxkYwPmYkkZA9q+RPiF4i1j4hyPo2hCa+WSUiV7KGSZ3LMF2RhAwYknAGG5DDBxz+K8LcL5rjM7p5jmFSvVmqqnKpXk5Ncsk27u/y1s93sj9EzvNcvw2XzwWEhCN6coUqdJLXRRWivfs7rvro0fnd4nsPOury4DbgbmVtw5YlmzgDOScEbenI9Disyz0TULoRmCCTy5tqoNrZlYEK4VRlnYgAAYz2B4AH6h/Dr/gn7488a7L7XTB4S0qSWOU3GskrcmBiGaZbMDeTsYk5BAwRznj7U0D4AfAP4Kwu9zDZ+NtW0/yWXVruBGtIrlFUtHbWZyGZnGN2MDqcYFf1JhMbhMNGlhoylia7hCKpUI89nypJSklyx2aere5+J1skx2I58RVjHDUVJuUqrUWlo7pSadkm9Hvd69D8YPAnwG+JHjK7istN0C4shLJFCl1qsMtqsqsQd0aShGlGCzKEBbv6E/o18NP2PNG8Oxm/8UzN4q1qwERaxZ/s+nWbEAsk6uys4U8DIZTggnnn0LxF+0VoWi+LT4kudEsUisLaW0tNLTy1CyJ8sU8EMIwrBFXPACEd6+cfG/7Svi7xLa350+5j0Gxu7mQqkDkX86tw2+4kIkCLnBLNleQOTge7RyfPc1cY0sFHCwaTlUqtu0WldRXLdvbey89LvyqmPyTKbzq4p4yrFqMKcLJJx5d5Jv3bPVJLZdrL658Za38NvCPhjUtB1fWLezvZ9MfTrbR/DTJHFiZGXEzQZYtHkj584I5OTtP466L4DstI8c6hdtcPJpUmoXNxAkhed5onkYxtOQWAK5U4JzkDj5Tjr73xfaEyvd6lNcXU0xeecO1xKSWJ8tJvmLOd2GI6ZJHBrnr7xt9nH2bS7LFxOVhgV1M11K8rbcRwoJJZX3FdqKh5OPlGcfZ5HwfhMmpyxGNqxnUm+erzNJO1m0r302VnfT0s/lc/4uxecTpUcPRVOnTdoQim5JWS10s9lq9ntY90m8Si0t7eC81G5fTbdG8uIy+XlRjbGkYbdtAA6KASMjGCtefat8TLmESppNtDp6k+VFIQHnnzwpEQy8kpBO3IJOVGQW4+rv2Zv+Cav7X37Wmq6bqOl+E7vwZ4JfZJceM/GcE+m2awMQ5ksrKVUmlzESY2EbKWIJyDg/0nfsr/APBG/wDZi/ZwtrXxd8SIE+MXjq18u4l1PxNsHhzT7pNjMlrpbkw3UYY7kZkzjbkFRhvOzrj/ACHh1Tp0J062IjeCpUXGUuZctnKWqik1Z3d+ri9L6ZVwfnudypuoqlOnK3vVFL4Vyr3YvV6d7avra5/ND+zf/wAE+P2sv2udYs7vwd4H1XTPC8zRte+NPFdtPpmk20MjAme3hnWOS4XByGhVsjGNwAx/Sp+yh/wQs+AHwgh07xT8a72b4u+M4HiuXsr1vI8L2FzHtcrFbZ23lsGH3bhcEYBIzmv1VtvGI0WPT9K8D+HLebSbaMQW9hptlHp2j2EUY8tVgRUTfGgGAFBGF6E1k+IfiRa6TeJc+MdbiaFE8waLpcmxYwVyYpyhBIUjDl+mcAg5r8YzjjziPiapLDYBVsJQm4x5aKlzzU7K8qqV3o22o26XP1PLOBcryKEa+MVKpVirupWam1dRbSheyd7teetz1PRT4G8B6fH4V8AeHbDSILKAW9po3hXTbazsl8sBVVpIEWIHsSSDgA8nOc/VtZvlgW58QaxZeHbTDu9hDIJtSbaeVkkBLjfg5Zc/N0GckfBXxM/bw8GeCoL6Dw5JY6bHETG5cB5nmY7VjSZVOXYcEsw5y3GMH418X/H74o/E6IXFvKmh2M482O6SYvcz2swykiPnKhlPRCMj3zXXkPhfnucSVXE86hJqUqlbm5mm4t2UuZvrq7vpo98s140yfJ6coUOSUlolBpvmTSWi92N33vu2rJ3P0p+Iv7RPgHwdbyyaVd28N/5b5lZ0vL+5dA33A3mGNm4yOCDk45r4C8aftIeM/FrXMWlJLY2kkhLT3MjjeufveWW28YGNvAJ5HXHzqNLuzM9xcXVzqN7u3y3F3I0g3+vzMSVOeAOjfro2kxd/JuyiMm1Qrcq3baPTk5OOvUA45/orhrwxyfKsPSqVaTrV7RcpSSsmuVvS2i3X3bH45nfHuLx86iptxi11bba06PZW7b2s1c2JLn+1pDd6vcXWp3h2ttuJGeOJiSSUBJVlGQO/04AFmaG3eJEY/uSGURqoQR84AXhRjHRSOAcYxkVkXqfZiDC4G0lioGTuJO0D/ZwT1OQeT6VzJ8QTGd45tqqrbXQNwmcncxBIAJAz0AAHTHP6XRweGw8Ixp06dKMYpaRineOjW927dtulj4OpjcRjG5TqTm27u+rT02ad3e9t2l0TOomitoPLRVC4JAlPzbgeOAchvcYwc+5U+WeJvDs9jeS+KPBrrY6/akPNp5Oyw12IEM0U8OVVZnAZVlADZKknAq1rvjvQ/DsMl1rF/aW1uMtvluFVQqcswLsOvAA/IDo3xl8RP20dDt7i60j4fafdeL9bDGGA2cTSWtvICVUyTIpXAKk5DEHHHBNcWJxVGk3GUrysnGK1ajpdJLdpNatL0d0dGFwleabtba900kla77a3trZ93ufYukfFbQ7zSbu+1OS30O+07MesafqbCGS2uE5kEYYgTwnnaV4PTOTivmX4g/tceHNOkn0rwTBe+JNankMQg0+JmiVvurvlRWCgsByDxuOTxXynL4F+N/xk1GHxT4uuTpVicPPo1k3lTT2gyxhl24MjqnTdnpkdSK+1PhN8JfAOhabaXeh6fEt1hUvnu4RLeRTgneJC+WVi2e+SOgPOfFr43F1vcprlWzlLRte6l87L7OunTY9mhhMNBc1WXPL3fdTut11d3ps0r+TPlc+Ffjt8YblbjxHqtx4U8P3LbjpNpI6XM0LNwkjq3Py/eBOOe/GPpL4cfs1eC/BsUeof2Ut3qQCytfaiRdTNIpyz/vQSuc52jIHOMGve5xZ2srRQRQkRFmVlXoMHJ4xkDrkfdxx0FXW1hP7NZMnzAsjLjLKqnOTnqRyeuemDg4rmdG6TmueaVpOT2a5Xez0bd1svy13dVcrguWMb6JWjouXd73e2t3fW99Fa0eDTYA1uBGgWPMbBEjQFvRVACkE4z8rducYq3c6jaR2rPGxe4tmcOFOCSFG1i2OQCCNo4YYBIzXm9zqTKsU4ckZywUYAIPK8Y49SSDk8+lVTqqQxyzGTKTqRKjYARtpPBbBHXr+mRiuilGEKkXLlSe9m0k9LNy6K9la19Xa+gVYL2d5/y3jfurapro/JW1dje1PxDtthuCkyE+YOGGw5zuGPTGQ3XOa8Wk1iLw/rM8MYZtPvnWa3AYAQ3BbMioM7VBycgD07DjQ1vW1gtyTLFFEshLGQ4yGJwRnnPOMAcjn1z45rXimya52QI19cqd8RQbo0ZRg5IyBgZySRj0rseIjGV3blTiruzXLpqt1dJptK6bvbozzowdVqME5uTSsk79EtEm76pP8AO7Z6Rqvi67fzUE5ELSBWJYqqKARgk4J9OP8Aa5PIrz7VfEiSPshEt5IQCETJiR0OcseFYEAcDcRkjIHFYlva3mvTKZPtNxJPIPK03To3keUucAN5a7wQT265xknk+v6N8APiVrYhd/D2oadppQzxWtpE8l/LHGN+XGd0QKg8SMG6Htg/n/FXiTw/wyksyzHD0ZVLKEOeM60pO1uWkru2js3dtXu9Gl+w8EeC3GvGkfb4PLKtLCKPM8TiIujSUVyvmVSooqzWitzPtZ6nh1zDqOsTB55o7eNycwK7COFOu+Tbjc5HCxjbzkDJ5rK8SXngv4faNLqfiLUILEyI3kvJJHJfXkgUlYLe1Y7492MB2UYBJ6AY0fjzN8YPhdqGkeE/C/wwurWHX4f9A8U68scFqzklJJZHmARVgYsQ0hBJHAyBn83fih8MfHcuvf2r468Xya1pFqGvNV1PSmkudPtLktv/ALOjuW3WyODiM7DwCdo5GfHw3F9LOcJSxmCq3oVlenNWlJqyS2btprtpdarS/i59wlieH80xGUVqXNWws3TqTjZwco8qbjK1muzu769Ud34k+MHxJ+KmpP4H+GuhajLYkuBp/h+2muNQuUOQkl/dQITEsgIdlyAAcHtjjm/Zth8M22oeMP2jPGWn/D+wt8XEPhG3vI7jXtXTBYwmJJC6SSKCreYA6seckYrgrn9tHxl8LfDVx4S+D+jaX4KurhZbO88VRW0E2v3sXKlxcmMum5BwytjocjAx8Yavqfj/AOJ2ryar4n1vV9fu7qcym41G7mnMju+WKBywA3MdqKpC56gDnycQ8XiJOpWmqdFtvmlfm5U9k29NLed23p08tKhhuSEYSq1Va0L+5GyVk0rtuz1vd823VH13qX7WemeA9N1Lw78BtGh8LWN4Wt4tZeMT69NGF2NMLpl3xNKfmAVgORkEV4LpNj4s+Impf2l4nvru4/tK5Ml/qupyPNcTBzuco0hIQ/MeVIPBGDXVeAPgJeXF5Bcakj4eNGWN0BjjXIGXU4HAOAAufYCvqm0+GVnpVvDaxytc7MlUUYVO7sBjGRx0wfXnbj5TNc1pYSlOjgYueJaadW13dqKdm27vXXa3Y+gy7C1q8qVfGS5MPHlfsk9Hflund3vrre6Tdr33+rv2Zfi/8Af2a/D0Vzp3w1svFfixo0Eeu6pCk95Ddrht1uJFYxRq4G1lIY8AHJxX1Prv/BT/AOLep6a9vootfCts6FTPCFimEA+7DuKqxG3cFXPQZ6ZNflzLY2emuE2bmVcksA8zsAWG1TyPu9yDnlsk1gX2j6jqTCe9la1spVY21u7lfMwQAxA6EjI6j1yAefxDMODpZtjp5hmUsRiJyk25VKsmlflaVk0kkna3LbX4kfqmH46xWCwtLA4CpSw9GmowUaMIQd0o3c5JczbduZ3tdLdH3B4i/wCCi/xh1qWzt7G/lV7L5E1CCYxgy9GmaJPkdv4izA8+nWvC/EXx98ceMr+fVvEOt6z4guZfMeRbi6kjtIpySchA+zapHO3gkdcYz87LarbStbwCCOCAFXkJ5JA+YBjnJIA3Hn8iBXMat40sdJSVlmaSNXEHkRErH5jHbhmX7wJIyPm9SAcivdy/JoYOCo017OmlFJJ+81FKz1dtG7d1ZaXucOLz7HYxKriK860np7yXKr2TaVrO1lZtP5ateuan8UvGGslraLUHs7cI0QjtEIIwSD+8A9MDPU+g61zOlLf6pP5F5NdX9zJMpjhSZ57qTkEADLLwRyf73P0+hvhH+y74/wDiV4e03xAs0Gk6Vqlt9qgiRC1xLbPhldUHzZZR1HJIGRgjH0Bd/s/j4IQ6Lqf9nJLfXNyqx3mp5EkjSsAPIU53Zb7o6ggZGM18xmviHw/lWLeWQxUMTjk3SdKMuZxmnFOMnfS1ne1r280e3lnBufZvh1jp0alHCqKk6s017s0ndJJ3XbRLXRK58UXWr3fgPWr6X7Ox1CezjgRriOMy2bSJtCgMMhgME8AnOAa4yxnvbnVBPclTczjzHkAUFjIwZlAXIU49zgehGK7z45uk/wATdch1C3azn8m3la3LZfcEU7iMHbuXJx6FcDnI890a4WW5tpIFKgSGMGTHQdQvPByTkMAT82c8V+ycF0YYuhhs1VPlq4ulTlJ7+6+WSSTT2vey2v1TPhOK6tTButlrq80MPNx8+aLUZu3e7V/u0PpzXVn1v4R61bld0OnKt0isCDuUfNhTwAzrxzg5POQc9B+zFql1qHhS7sJXlkl0y5Uwxk/ciPQc9AO4B9e3FWNMt7OT4da/AWM32jQZ5mUHADIhK59cYBxzjjnkGq37JZgjsfEaTAGSUoY4Y+JAFdgdvHI4AY8lcFW4wR+pV3L6tf8AlWt3vFNdU10a3vtex+ZUbzxcHfWSSb6JXT1e2l7LTdM/Qz4Ovp1/r2iRX8QltE1RI7i2c4DQudrs+T8qhc5JxkZPJBI+S/2h/Ceg+BPj/rX9gmCCwm1a11GwS3lzFEZ5FLK23byzsS3Q8c8ZFeh+Gtfv9P19Us5ltADNJkybgcllIIyPmChcEAkZ6Y4r55+MdzFdeP1FzNNdOFjllumfJd/MLqgYsd2M5Uc8YxzXRHOHPKZYay/dKTjzbO0Fptpd36206M4sTlc6WYQxDdo1JxV1s3p1t8VtXbRNI+2tK+Ed18R2gu/Euvajd6U6W0iaZYSyiyt1dBuMzg4d2XLBVzyDntX3p4P0Pw58P9D0zR/Dekw6RZ2FhJsnngzdTMkO57h5HA5dg3LMSM84PXxr4Ya6dD8I+FotL0V9S1C90ixaKzURm1Zgqky3LepOM7s45wc7hXl37V/jP4kad/YkLa3Fo51NWtrmw0dTuhjeP5bdps4JYHa2CMds4Ffx9mGHq53xBXoOcacIYp2grqKj7RNycdIydktXf13v+64PF08uymlPlc5Sp0Y9b2bSsrddLq2/meCafr2n678fNTvL+S3uRNr15I0hn3IYbaIxqDGG2Ku5ckgHnjGTx9O+IfiFPZ6ZPYaaiwxXP+jf6I/mF4w+0s2DtAHIwAFHOOgUfD/7NfwX8a+J/iDq+tpoes6nY2dvfGa/WGVokuCJJFXcRgsVILMNxPKnnk/T0PhnxKt8mly6Pc27bpEGyIu+1JSGaQlQFIC8qcbT2IPHk5/SwUcT7ChiKVR4WEIVPZzUnGpyR918uiel2m1Ztp9zidTGyw6qVKc6cKkpOLmn70XytO9ktrJbb26HvXgnUvEUNppMthLcWjupeQRyNGzAjZvZgVPIyOrE54OCFq/8avF2vppGg6JHJJeYL3MouH83c0iMuUDDOQXBJ/h49wdTRbBtF0m2VxOzvBEh/dNvVjjcynH94kdgc+6kcj4+u7FNe0u0nbDJYmVVuCCwZgMjAJxnnGccY/4D+cZXUlPi/CUeacuXmm1dctrK+1ru/Z7rRXR9ZlVCUMsqOSs5cr7qzS1d7O79d/uXgE2q67DaNGoukkYbv3F1JGFB/i252gKc4A4BwcV0Hg/4iz+GZLi8vbYzrEN5ubiV5JoHww/1hzgAH5sEBumTkGuxu7fTJiEeKAO6KMpkgdBzj5c9SPT1PU+U/Fa103SvBmt3iSLbpHbKS8bbdwbknkgHaA2cZOQT06f1DgaEcbShh5wSjJRTemraXRq6suuvk97+Lim8N7SvTs3GMnJW2a1T+dlZ620V77fWHhf48+HrrS4ra71W0ijvSzGSWVl5OcREMcuuehUEHk4HGPLNcjttc1S4urXV4JrOJ5JmMRUoqs3yLuyAwAKghiOxwATXDfsWfsz+E/j9oGq/EHxb4vlg0rwjqEENr4fsZiZ78H5szrndEpUZ3IpBw3AIwPdv2mvh34Q+GniPw7Z+C2OmaZr2hl5tOmnld/MtwFM+JCHJkYllX+HoD1FeBRhkWC4nWRUadZ46snOUlBKnFJJtOSau72duW/m7O2dbCY/H5Ms0nZUYWs4ttte7F262ulZdb7nnkmp+HtIs2ee9ilbbgq7glgDjAAJQE/NjAABznPOfN/EXxPsba2ki0+OOIKpjjkYl2Ykcnbgg/KDgsT1+U5IFeVeINUWJZNzx7YCyLliWI/vADrkfh6gdD4l4g8VwRxv5SMzIxy2QRg5wFA4wSDjA+nTFftOVZJTThKULtKLTaXaOtrX0tvre+/f86xWInS5tXbZfg7tJJtLS2qS7d8D9oHxlInw58bajK6uZNOnihMmAXMqkAJnBI5+6M5C56EY/FzQP2c/iv440u68X2+hSW+gQ77yTUrxfKFzao7PMbdZMM+wDqFw3Y9K/SP4h6lqXiiS2sruNX0eG6SaS1LDy5VjYMscy5AZSMqw2nIOCOeOr1zx/qWr+Em8OWGmQaRYRWsVmiWmIo44FUxuiRqu0BxycKSx5I9ftHXq4LDxo4aF7u2iaSTsvsqyv0vtbruvGwmGpYvEOpiZSiou6tfmls2ne+rS3emu/R/n94BuhpVxbwXkkUSabPAU8zAZo7dwCVVvl+8rHGeccjA3H9ifhd8fvDdxBaR2+qC7nj0NrCO1wpU38tu8UXyHCgF26gkYBJ2lhX5FT+EHuvHLafA5mtIpCWCrhiScshHPUnkDPXoSTj7E8CeC7bQprS8gULOfKbywvyxhACSD1L8kfdyep44rOpRjWhCU170ZRmk9UpxcXs1Z2bcUra+V9Zx9V0pThFc0eVQ1e6TSWm1k+na2reh2fw2+C/j6L4gTeLPFM9jZ6VJrt3ei2hKPPJDcztIiknIKhCBnPIHXsP2W+HHxJs/D+nWNtp1+fLsVA8qZm8sAdMIDtwDj3HXvz+dekalM7K7SMCqqFRizI7DGCQfz4O7qcDJrqU1e/jkBjkngRsbxGSE28ZOMZx/dAVSRgA8jPjZ9ktPiCl7HGKNSEPdTaUmlaKdnKytor31a1+HV8OUY2eVVva0FyyurtO2itZ32Vr3cZb99Wfrz4b/aGthm3udShjyQAIp2QbsZYkA427s4AHJGDzzXqdj+0HE844h1CJlUJO7KrxbOd0MnDIx4IYHvjODmvxVtNenRg32vLID5ZVSrkkEDdk8MeADk465B5HpvhHxHqE08MU1/OsKhMiRsbiSAQuCQOuc8jnHSvyDNPBfIcQpVJ4anOU3rGUIXaunaV1az1fZ+eh+k5dx/jF+6lUcUklFp9fdve9l3u1007n2f+3D8ffH3xF/Zx8WfD/Q74zaW4S5bSrtBdzTmyzJFHbuwZ0BI5KnJHuMD8u/2F/iR4O+KVlr/7P37QngRNV0zW0Fjp17c2Si+0Ms/lFrW4dPtEZj3eYrxlSMAHj5j9bav4kS4hazP7yII8Ss6hxIhTB3d2GeRwB0HIGB8tf8I/PpHxR0nxjobxaTPFdx4e3UBJ3VwCkihdpViMMWHBGc5yT9bwxwfhuHsgx2WZbRWFjOE6tL2N48ldRioyirpLaPTTprZHjZlmyzHMsNWqzTUZxjKOllzSSevnffRX1d1oY37Xf/BLn4vfsuWsvxV+AF7e/ED4Vb11G4NgjXWt6FbMfMEd5ZwB3ubWEEo0gQuoQs47r4d8O/EHwX+OGm6doHxD8NadZ+NbNfIF99nWylvJk/dnzHwknmKwBaNyGB+VgSCa/qg/ZY+MJ1yyg0PxFFBNevYi2u9Nvokl0vVbeVdjoIn3RMJVyCuMNkj3P5rf8FHf+CYWmf8AE4/ad/ZrsI9J1K0ebU/GfgDTF8iFnGZZtS0eCIqqyIQzPFGoz1wcg1+W5Z4tYnKc/lwxxS54Su63ssDmUrKjVaaUIVb+63slK+mzabufeVeFI/UlmWX8tajOmp1cPFN2soylKK3UlbVNX26PX8gfiF8KLP4bi1sdBtNP0/T9SuzH9vtWCyeQ5LBbphySAw2sx5C4HOTXkXiHVrK31C40rSrqxlgsbSH7fLHJ++llUqwUsDhyXXn2+8BkV7V8PPiXp/j/AE2bwj40tpH1SzkNgsl4oSfzFJidHSTDCeAjjJByOR1z5fqX7Oz2vxmsfC+n3M8+la/dafdyX7BwzRzToWtFHKs5LFAp5xg5Awa/dMuziOIlLDYiT9rOKnTqxfuVYuKknF6p3sm122sfC47L0+XF4elo5KnUg1aVPl7qz1e7utktWz9NP2N4ru61j4uX3iO3BhufgNfG202WMSRXKCydEVozuG6ZSBGccBjgkg1/MR+0jpZ0j4nautjoiaBZXE8b2unYISNnyZJFAXb+8fJIB46ei1/U58H/AIkeBvgP8QfG1/4/txMmrWFp8ONP0SS6ggYWyaRstHEbuNvm3aoJMjAyQcGv54v2wfh/4z1HxZq/jK50Yx6VN4l1eO2lhbfb2tpJdSSWtqJl+WR4oiFAQlV7MPuj9AyPK6+KynFVI0qjVGcarvFv3GoXlflaV01666n55xNneGwOY4KhUxFOnLFWo0oSlySnVjCHuq+jelkkuZta3PGfhHdXcNhdWHmqovIpjPEucuVVwNuMgAgkHPJwR94EDxzxJB5XiS9S6iQwh8PEIwc/PgHC8fNyTtXHfHTPpHw4uhFqD2rFojDFOWlGd2QGGC5+YngDlj05JyAPPfFdybjxBeS2u52UgfPgZIbG/k9ODkdT1zniujLZ4ei60asVe+zav9nSzs3rfotXpueXmCq1vZTp1JRaUWtdbe70389LK92lvbznxToEK3RktRGsUsayNGp4RuuMY5fBPA/A5xngTamGF2YM2H2bgvBG3kA5PH6k8nAFen3wE94ZZTIcKOVLbQTwuFBAG7OQD3OcHivSfhp8DfEfxWu57LTHjtreNJJzc3UbrECvJiEijG7p67Q3c8DgzLNsDgKdXEYmvTo0YL3pVJxjZadG1Z9rX3XkzWjSqTjGNuaS3vqmrR6aap3to2la58vxWlxc3KRQW1xM8hWKOOFDI7u5G0bQCSWLDCkYHIXPNfTvwe8I/GLwT4ns/EOh+CNWkv4wksfn2EgiNu7Kyq6umFBX59xGCBgtivqj4F/s/ar8OvGUHi/xVZ6Tq2iaZO9vHJciOWx+0RnKvscNueNVJDMCoOOhBx9m6/8AHHS9Pvpp9N/s6PTJIFg8lUjMknBUoh25SMYPC8YGAetfi/F/iRUqVpZTk2XUs1w+IoWr4iVR+zSqKyS5Vd2Takm03e1kethsHRg41a1ZxqRkmlFLTZ6vunp6aW1PN/iR448T6Z8ObW6uLK2HiXxPbeXrENvalpLOMou5AxXYu3gZViCRtA4r8+9bvdfgiN6ftf2VpRDEobaszbvnBC8N2z05I45zX3L40+KGjapBLJcvBLbSosRgbbHFDETl44+MmQgjLHk559/mjxEmm+L7hdM8N2M8MZmiS1jRyzyyMfm8pMkuST8zY5JJ4JO3weDaFTBUKsq+CVBVKlSrJpfu487TaTkrpK0ndvf1TM8wn7WS5G5Xso8ttW7bPqpO7a5t3tprf+GHi6XQ7mzs5reO2FyRO9zcEDbkfNGW5Ij6YxlQSN5NdjrsVlrl+2q2byXTG7ZZRF88I54Ck7iicZLdyfqK5i6+FHiGyt/N1G0uI7u0t0KWbHYFsz/y1lbOAW5bAOVwVweMel+GPht4w/4RyfUPCFg11p8UPnX10r+eiyoA00SJgkn5cbxwCA3OSB1ZnjMqdatiaFekpNOk5OSSblaMVfZa36t6J3s3fGhhpSnDmpuyeiineycXaySSW7bd2uttEamo6lDp2lpLZorsIYfNktQoFqUGCjkA7eck56nsRgV5P4l8eWeuQjRYrZnDoQr24UvczlcEEKGJG77x4B28561ieNPGeo6dpFzaAW9k8rPbTRLxNIqja4KOAQQ+cHb0wegAPz94f8WXT38ckNusMtsZRFcNnIKtuzt2kFyvbjnnHRSsj4Ybo1MbOKnJv2sJJqSbfvWd9HF3XvK3TTZnVXxMISVPZLkTTi1p107WV+Z726o+svA3w/h03QtV1XW5RY6q1rcXFtDdyhY4rYIWDpznzGHyoOOmTx18CTTbq7+0XTRPPBBeyFr4PvAiEnCAsSfdjkY+98prV8QeNvEHiK3txZs7oIvLvZXdwJNi4MZjY4CtjooGSeoyCMezudZ0bRLiGaB4hMfNW0mG1XRjxMWIAw3GEO7gZ6dfaynL8dQlXqYmcZVsRO1OC0VOnHlSile17Pot76b35sRVhUhCME+WKs5elraWVt7WTumnvbX0Ma9b2EUS2jww3iKm6BJdsiooBMhcclmxgnHGMNuGasp8Q7241K2voWhnt7R0SSGd/Mh8xMHcUbJ3FhgEA8j5iCcV8wT6vv1WUzSMAysu9XyVJ5CIg4CfwgnPPNXrm+a2shdWEku0lQQGOwy7/mJyAWzgdjzgcdD9BHh+FSSnVgnOVnLVe8lZuza36PyOGo3KPKr2TV7Nu7TupNtf3tU0umreh9Yaf8UrW/1u5uNf062vkaWJLRZQI4LYxyKG8wfLvBCgAYOTggYIJ43VNZttY8V3s9lb2tnbGdfLtYzlHAPJ7cKfmAOPYjoPnaHVb25uoopZfN83EjORsCMCf4QQSACACRznk9h1mkTXUt9Ck6TRb5cfa8GNAOFU4HPKkkjrjqOSRFXJqOE9pVjJxk6cotJ6aq+vRuN73dn11uzNJqKXLqr2SjZt3vZtp669W1r5Wf394M1dtC8OTXscVndrl1kE0Su0hdAPLAKk7FbkZ4yCeBzXl9rqy+CNY1XxBHYael9r0bbfJRVnMcjE7SwGECqdpA+7tBweSbunW13bWFlCZJ5klhhZZI122wc4wWPyg8EZz82R0FN1H4c6n4lurZ7Z7lLcK0TXxKtFFIwLGNVBJI3MQOOcDIAr8ipvC4TGYz61i5xo4iq41IyqcqaVvdSd0021eysk/W1ylWlGMYxldWVuVNq9ldXTSbV730S20bPrD4LeJVWFdQi+yxSvGqRpM43ESANMcg9tzAEEYxz/ABV8z/tc+Gf+E51zR4NChN7dQSb76O38x0hLzAeYqxZACqTliBg4IHBrmvDt/rfhDxAPB17aanbO1yIbfUJVYR+V0eWPAIAdclSeRn++Bn6sj8R+C/Dl7awMq3801ksV3eKB9odpRlkZuXYsWOCGJHqAcjwXTjw9nkc4y+nGvPEU26EaTjKEYyShCT5Y+7ytXa6rTR3NITm6dqto2SVmlvoloopR1jZ23SSt1OX8P/s1+B9Y+EH/AAjUSW7X08Edxeaq8KpdWt80PmGMPyWVZDt4OduR14P5lePPAGoeDtZvPDU9ldD7JNJDDd7WWK4jEpVZFY4DZXnI4yTjpmv2H8OeMtMvbuXT9OlOm2cBVpsncrHKhFYZPzsOMnOFzk8AV5J8cvhwfFun3utiURS6XDJLarFDuN3EGV8oygtuUrkZBIPQr39HhXjPNsDnNajmtapOhjqin+8u3RnKeijfSMbuz0Svvtq8TRhUoRdKMVNpWSV7ttXVltrezeradrJH5veHPCEDL/pyiGWIBoYbokK+RlpHJ+6MHKgHGR0HFdJPqtlJp8WltfP51pO7ByV8uGNC3yxgnrgjGFyBwp/iHtvw9+CHiT4qG7s7DzdI+zRkTX+pK8aXDIjEKmQMAY7fL1zyBXkvjX4Pa/4Rv5lne3mtNOmkttQ1GFC8JdW2kMcEAvnH3hkZORzj9ry7P8ux2MeFWNjPExUZOjzJ8q93S6dk46Nqz6a6u3xGa5TLEybxMbwV1G601tf7Wtnurba+S9vk8fw2Pw00lLN7Yb2FpIIZE867dSpDyLn2wHP5Z5rv/Dfx41fXdPs/C0E0NjYW621ndWkQUPdM2A2MHALD7xGQ+MMeRX5661rbwWg09JTLHaSFovJfCIrEElivCtjAA9ARlcYr2b9m3w/qXj34h6LoWjW+oaprer3dvaaPpVl811qGoyuqwwRrk8tk8k5AGeMAj9Gws6j5I0rylLlUUpqKkny8qS0WltGnfXrrf+d+NvDLKcPlWPzOrTjKpRqYjGxlaK5FJX0VnflS3fm1Y/av9moeA/CvxQ8LeIvHviieDwR/a+kw+INDWwguDJp5lja9DRMDELdduJSq7mQsevT9Sv8Agql8bv2FPGnwyi8K/BTwNoDeMp9L06fTPF2h28ek29vpy26LJZ3EUKRpJc5LGVmBJY7gTnLfkB8Sfhj4i/Zp8QxaR410PVdP12xsbHUtW0bxXB5e57tFfybV3BimgRWHmOhKsMHJJ+X4++OXxP03xPPFLpx+yLBaBXtbR2FuZWySivkbYweAoBA5CgjOPqcZxhPJspqZbPCxq4lqdNQnKpJQ9soxnKUG5Rk42XL7q5ZW7n8eZJkubZrxHCvgYRjhamJoTrY2eEjHFU44OpzU6eHrpxnRjOWlWdrziopvlTPi7xZ4Ka2v9TuLF4ZlmluDGIyWcFSxwoA5JJwFwDxnPFeVXmi6lDAslwk4ZiYwphYugHAfcR8p4A5IPocV9N6ReQMt3fKEWULvJusNHHKC2SO2SNucHg4yedq+laRqXg/XrXS9Pk0xL3VJLzZdxxKDFcvOfLRBLwyHOAMHBA4GOa/LlnU41Eq9NtOV3ypbSs00r2STtb+m/wCxMP4gZjkeFhDE4Wri6WFhFVKkbJxjGMbuV2lpa7b107o+OPDXh2d7WeWZBJLvQJE0gBUA5MxUk52nHGOo6EDj6h1L4ffDzV/h/o914T1jUtb+ITh18TaZdxrDZ6ZZQDc8sLJguoGctuHI+XJBx3vxD/Zg8U+Apm1G90q50m21S2S8snlhnayjhuU8yNDcovks+0j5Wb25yK8HstZ1PwZHPHZTwM91HPa3UjIufKlJSQFiOR1Ixk8EgYzjarKMqy56LpylFO002mm1ZxTsveT31S8lqefW44w/GEaGMyPHrno1Vz0oNOE5Kdp06yaulytpWejimr6Hm13qZ0OO40aFWczT7HkWQshVSFUJyQMFSBgrj5mI7iK18V3i2zWbGKG3hLCVZCdxV12l1xjDdc4Oc4wQeTna3aLLI0sIBCmRto3B97ZfcMYLJ14GOnUjAPJustq5lvVDxyRttRSQwPIDY4YtjJwfQZ9awjg6MoyTg7t/EnondWXdpXdr7q11ezP0XBYPDYyhTdSSde0FLRWjK0W7t3dldpPr23vvXX/EwLsdUeG2LFrdPm2DawLjeWJAJ3YBABI65+7gPfK1/HA379YlEcUrk5Dcn5ecMC208HOF+XgA1nCWWOJWLFkl3mNDnYiMerHhdw4JXkZ5AOcnCuJrk3Xlq4MQKlWUjbxyyjHIIByQOBxj1ruo4Nctk4+6krbK1l36uzez9T7vAYapRw3JGNrRsmlr0+7e931Saep6BfRLNH5wWRo1BTcof5js5wTnIzuxgEdOmawfD1ytlqIaTzIow5CBvmPzlhyGzlSDkAcdsYOK7TwteNdyDS5IluHvESKGQcpAWwm9gow2F7kbugBHQ7PjLwbP4Ru0sZvJvZ1jiuVntUDFYplyrt3yjHaSQf4hjkmslpGdOXVWT00+G97vTS0tO7d7HnxzujRxc8sxVRKc4ydPm159IuUVs7pSWquu+t2fZ2vftUeMfGX7NfhX9n+Wz02x8M+D9Ul1a0n0+EW19qF1IjFZbhkCtMwBA3OCSQeOM1418LPCfjXxHqt5c6Voesa3iCTfa2MM93dT7ULPGkEKs5YKDuJUrw3OAK+qv+CW3in4H6D+0l4Tvv2jvCel+LPhfHY6za6tHqxLW1k0ljMILiSFFIcpMVMTbSFYZ44x/R3/AMEO/wBnfw74t/a6+PnxR8FeAdF1L4UaDN4ibRbfW4xfWcNpqF5K2mfYYZ1dA5tXjAQqNqdDgjbtlmRxxMZyU+SlCalO/NKSinGzs0tLuyjdq6fdW/Ic0yzD0sxr5JlOHoxr5ni3VSlGpOPPiJKdatNJXlZpyaT1Se1rL+S/xtc+PfBVwtpNba34Yt9RtwTp2pQ3drJNCpAZXguVj3qTkEqAMDGB0Pjy+NNZtdTN1GUVgAisAFzggqWQHbwwDY5OBx1yf3z/AODhbwboHgH9qmy0DRrm3CJon9sT2dpbQWsOmy3zGf7HAsSopgjLYUEAgA5Aziv51HvYLiSSR0Khc/dJBySMMwwPUngbT2PGa9jNsmp5ZUVGPLUhKEKqk4xk+WSUo30tdXs7Wtur2aOvhrI8LVwVeljMvw8atGvXw2IcKceSq6FR03KzjdRly3XM7pPV3R+hkf7dOuR/A2++Feq+BvBT3ctt9hg11NHtxqvkvhjcrcLHuS8yCwk3b3GdxHAHzB4R+MOk+HRqcviTwha+KtOngf7M9/CrSxXTZJYHAOEJO0nAHQ+3hdwl7Mkk6GY28KLvWMqSHJDAHBIUkcEbsgE9ACK7Xxp8S/C/iLwvoehWnhKHRNa0PTzbT6nbSbY75n4E86biXlIGWLFiDwAODXz9PB0udS5HNylFTlze9FJq2ttVbon01T6ehl/h1keB5oZbldqeMxkauJnQqyhOjrzucZcylyuSsowtq9VZq/jfibV01fxJfatHZwWFnfTu9vZRHaLeKQnYpC85VeBgE9xkFTS2+kzXdurTXDoxO1Y2y25Mk8nIJ549OcgjqcEWivOhkLRrhShYhgx3NgKSckkgdCME5OQMV21tb3B4DmPagJjDFm4PyMuSNpOSxx0A+pX2ZxjBR5fsq2r2SUd/O1lr0fzP2fDUI4PC0cPSUlClBRjzScpWjaKbk7uWyim93fVO9qmm6SuneZ9ry4yyqrfMy5HBwCQcYyB0/DIq5Lf3FpDLZQTTyRSxlgpXCBDjcTkbV4GM98gAkjjVsLczH7PcFkJbLzty6qoOV5HpnjnJ/hzkjFvWuJtRmsLWPPkKQkjIQGAwCCMchiCBuHXrkVeGarSs1Z9G02mrrrfVNNu/fz2nWVSPMobbqLVn7vKkubqrtOz1V+jEhggvkSOWVIpc5jSPJQqg5yNvLHr8wK8gY4Fen6JpFsVDLIxjMOJHJ2IpAwSUwpz7AZ54zg153b+bYTRvNBH5rgLGxHy5YAnCfMcAg59SR6V6Jo8CXmntPJcMZGlCyW0XoDgIMZByc5BIOG7EYr0ZuEVG84rla2aV7W2v8tN3bsfL8R068KFScJPldknst1re9rpKytdu1tHt7b4PjuILO00K5+2XumXV39pW1EjixaRRxKtupMfmL94uQT781+iH/BNr4Ya54t/bC+HX2PRdQvtEsru6e7uII22W6QcyGRiP9XGDjaSf4sgYOPjf4Q2Ta3e2GnxrBbW1lGLiS4nKiRVRfmjDEk7WKgZPPBwB3/eL/glg13pH7Q3hERvZWNnfpqwSK0WOQzwPGEZ5NqEoJCRk4xnoRnj+gPAuvCWaVsRRmliMFhcTXoKUdHUo0ZNJtO/pZXutF1P4p8R+MKmU4bN8mr4f2uFzB/VsTO9uSniakaUpSsm5NqXXe3vOyPn3/gq9okNl8UdT0e1092TRpZIg20qwhuGIVScHC7sgHnsQeQR+Y3g/9i+X4s+F9Q8Ry6lZafDaQziPTlkiF5MY08xSUYiQbi21TggkEE88/s3/AMFe9PbS/jZ4tin3ql9ptpdPIiANvZz5YAA4wRu69TwDjj8mdAm1bwx4cudastcnju5LIrDYJM6x3EEiMuPkOC4Gc5xkYB61+/fSXx06vAXCGJg4PE4jK8PUU5pSScqcFJuTT2bbSas+x8N4aZzmOT8PVaGT4x4GpQznE0qMr+5yOrLljNcskklZ6Jd/Nfmb8TPgZ4o8G6vexW2kXV1p1g0heeLMjeVH8reZ5eQCNuc5UKDnHOK8JXbHKwYyRJESjJICGJHUNjDAg+vXAB9B+l2n/E/U3utUtdSghaC/+0wTvdjLMGBBAkYHLdhx1Ud8V8B/EmPTIvFepnTA8VlLMGwSGUtxkRgZyPvZHHBGPurX+e+Br4uc6tHF02pxtKNRJcsoX3vG6X+W6P728LeLs8zSlHL89w8FXpUYTp42k/3VeLjFNtaa3tonZ7NLpxjqqyHa5ZmGRtJGASQRuyByM5HODxzyKkhwzfIdwUkS56Eg5GQeo5AGfm6ELjIqtbSKzCQMzIrMu08g9ccEk/Q9R0461KrrFcBY2AV23s4yFU5yV2ZG7HOcjIYdOMD020lZrVO2j22d9m1e7d100a0uv2aalOztbZXSS3SteV7uXR+XTXT6mm+BV/pvwv0v4nyeKdAFvqCtImgC5iOoEbtgCw7t24HnBxjHOeCPMbL4l+JdKtntYLrbcIyrCyuVlREACqo4BVQoJ3EckcdK89fU9TkgW3lvbqa3icPBbGV2giB6GNGbYm7k4AA6nnqM65t5oQJdzNIzbwSxGQ3JyQeQBng8dgCOK4cXhsJinBToKXLZv2iTfNaN2k+um3W9u1vNlk+ExemPw9HEptuDnTj7qaTVr815X0un0atfQ9esfib4jiE8s887ytIryXPmESAkglcAnntg4GMA+3Uab8bvF9pJOU1K6eOdNqQ7vlJXoXUMQ5K+wIJxnmvnq0nlZJ8E7QAWbJKqw5LcnBORggckZPGeNiLdGY2IU7lDPJt4XIGQCMEYwA3TB+hxFLKcN9mjCKurvlV07xSScWrK17adTOfDeSJKKy+gtLaUknb3dNFs/S6u736fRekfHHXYLtbi7ubu4BYeZA8rJGSAMFQrEEDA4YDHp0A7+4+I2neIAs9xYWrDYrTRtGu6RmGSXYc5U8kk89iOM/H8crCWJsIAM7JCGIJGcEkcdupxnPc9Oii1GdRtgJbORIiM4BAKk8AMAeh4x68nNdKyqippxpptpJtLror2Wr7XsnZb3PFxnCWW1JKdGgqM07KVPmgr3uk0re9bW1lda7NHuOoTaC1tPNDHbK0imRlcKoQnGVVgAeSeMHoMg5rgbi5sJ5Ipl+ziKFgrxYJ3A8Zzwcg4wTnHB9Mcm17LL5aSylIlQeZGSTjPbqM4PIJXOPTrWdFeQifygSY2kyzgYAGcL1HGeB0HX3rOrlcaab5XDZpb9rdLvpbz2eh0YLKKeF926klJWV22trLe71UVqtddtzqNQu7Wznt7qISeVFJ5iFG2bGB42AAE88/L6YxkgGhqvjHVdShKy6jftHGxa3V5XLAEADaclsDgjPbGBjk5mreabTGdyxjMO0DG0HkHDHAGRu7Y44r0XwjpHwpvNDgn8S6xfR6k5EdxbIFHkdSpQjO4McZ5wMjgnkeVXVHDRVSrTlVafKoxpuTV7aKNnoujbS726Z5xLDYKlHEV8NUxNpKMY0qLq1FzJWSVm0nayb0fV6WPHb3WNTvIgtzd3ciuu1UklLA9NoIyd3fHzEegAC4x2lUie31SG6aPyvLt5mDAsxAwVJBXhuhHA+bHHX6OXW/hRpUs9tbaZNdxwhAlxdKpaXbkDy+v7zA47HrjBIrkfHvjDwxrmnmw0nTPIYCL7PL5McckIUcgsBk7iOu4nB5zkY0weYOVRQjg6yi0rTnT5ElaN7xTvb1a767nLl+b4nE4qhQpZLjKOHnyuVerSjSjBaWvG6e9+vNa54lo+t67ozNb2Er3EAkw1vNulDJngEEnYTgcg9Rjnmu/tNc0a9jDXdutheSApNtjzG785OCOMHHPduOBXEJNHBLsIBMqjdztYOWJBfBB9O+CMnjg1emmWSBmjC7iApIz8pySWB5znIyexwe5Nb1/fnzW10/Bx7X07a63TeyPufYw9y8VfSz5W+2umm3d9LvZF261GEO9tahAQTH5mP8AWFtwXkYXcQfYYIJ6k1r6T4ea4kEmoXkVjabV3zTOod+MlVXdlWA4BIwfu9DmvP5pmjVxkKySKBLs+dnPcnp8pB554UHjFDx6pPbSTyNd3FnGwMrorPFGxJ4HYH1wRz6no6FLmaSV+VrRJNaNPZaa/d5321UIQS5Uk421VtlZPSzV3bolrd3ufTfwf/aE8R/s/fEvw58QPhhd28PiLwhdM+i6heQC6hick+YJIHBSRJuM7snHK9TXsXxo/bv/AGm/jofEVp45+JHiO50fxDctqV14a026ls9BNzkMWSzhdIwAw+7jHIGMZJ+M/hZ4XvvHPizT/DemWUmo32qy+Va20ZWDzJlwEBlfaF3EjcCTgDjvn9v/AIEfsjfBv4f+DB4o+O11plhrRiubj+xdXvFiIEeWUQMWxKPl2kYKnggc5r+keAo8U4zIIxwmc4fLcsw0pxpzqShCvScoxU1TatNJpptLzfc8DP8Aij6jRWAxEKuJg1GUMPSp+0vZRtHm1Vl06bWR+IUOq6+z3DWn2lWnPly29vCzzMmAXlEaLu+Ugkuc8kZb05S8nub6ZS0zSrbfK7Sl0b7xDb1Ybgd3BHIXGQR1H64aj8eP2UPhP8c/+En8N+D7DxD4ZFpe6bqNrLBDNbK8lsY1NpC4KMTJk+Yw4HTkAj8oPiX4s0PXfH/ijWPD2n/2Xous6rf3enabHhUtbWeZ5Y02qDg7W2gDgYBAGAx+M4owlLC1Vz5vDMantZRqOm+az9z3uZ3bu36trR6aY5FmdXMIe/luJwFFRUoSrWg3aUVay2smm77LVWeryb2yuYoRqFqoMZKq2CP4eSyEb2x1OT14wQAFqslzmKI+Y5zklXzwx9Ce2cc9TznNJBfTS2CWqk7AHZ1Yt0OQMZPytnHAHuR0In06wimXF8/lxFAYTkldxYHLFfmZgT1469dtfJSr0qckotNJK/ZbaPa7fup6O+/Wx9G5QaSdr3haL0TuovXR73WvdLzvUjZ1JRpCCx2gY5UkHHYnBB6Zzg8kCtyztFaNSwywJDcMGIIOACeCRzz0x8w56WbfSLaSQvA7v5fzRlhtwwLZ4JIOcErwRgr36dPbaQ3lpNPIwY9VCghSP4jtxyBhSCcc+nFcVXMOS6jNXUdtNtEtdGk76au662ZPtI7JpfJJLZNa2srWva/npqZUenzpbqYoWVQ+VJXLDJ5Zuh2Hg89c4yDWhFEiwMXUBsNuJ6yEEnAxkk5PYY5zwcVuqkgUmMsV2qpJJww5OOQQuc5yOuDiq5jSRzvxGqEkqo3AHBGBgfmBxnPIIrh+u1Kl93F/irq1lstt9Hu9tCfbRd7uN3bbV9Lu6V+11tfRXujAW0kdXkI3RbMBAc5LDG3PGDjnoOg9Kq/ZBbuEZzmUAqqjAXJBOTgdGBA7tksRxx0PmRKEtoz84OWbkgKSRnp94jB5yRk+9ZkgiW9LbnOAqrnkFhgD/wCvgD0/2T0wU5JPld3u2/Jem6S+e9tiYVHeVnukveei+G9nZX0vZee56P4E0a4vpHWUlbSGVcOAWLMWBVdqnJB4UYyQMLgKDn3P+1r3w7dS2VvIYFm8mNo33KFjIA3qpw4OCBjA259Oa8W8E+JV8PyPcvbi4RyMRE7VEwxhiOuQVGSQ2MfdBBx6HY32p+LPExv5oTKjKreSiAlIF+YqAB94DLHHQHGRyB5mdZfha+BmpR5qlm72ldWXVJbL3bK3du2x+UcYe29tWrV3FYWlSdnKWrnZNSd7O17LXfWz6H2f8K9LvPE/hzXQTcXn2eIeSsKk7iyjcztnI244BP1r9T/+CVOifEfTPir43Hw9Guw6o/gy6tdRtrCOVJn3lRFPuIyFibaWxk98HJA+Y/2IPCEGtR3tlJG4gnkedswkvthRl2MGBDBjwBkZOOhHH9HH/BHXwBpaftD/ABQFsI7G9s/CPliJrVB54ZlKsy4XjgblOSG55NY+EeLp8NcTVc6eHoV6OAVWc8PiIrlrOztTlByV4vmu009I3Vj/ADtx/HuZcW+KmN8MctxSy+rmeLp0MLmGHbVbCxupTnT96KcoqLSTavZa9D8Ev+CkHwk+MPhX44Ws/wAU7XxFq3iDxD4Xt7xrvWZZZ1OnnLILZizhUjTblMDGD7Cvx98caBqNzcSJbW9wlpEAsSlCI5GBIbBkXjaQRnoMEDJxj+5j/gt98Nota+K/wiuVurVtRbwheWb2scCGaYdEBVV3AMegI4wW61/NL8a/gbonhzwDdatd6hjU472RJ7FYQotsncio6YLSc4YE5HQnjAPG/PKub5jT4kjQo4eGYQhL6rQsqdFqMU4Uo3SVONly3s0tEtkf0Z4Z8WY3IeKs38Nsbiq+YV+Gqqw8sxxEr1MT+7p1VUqWk1zSVXW8mrrVu1z8Z73wRrNxOH8xmUBU3OQqxsp4XAPL+mCQcYzhjXYeHfDd1oUxuJ4PPleNY3mmOBG7Z5VsHle+CAAcA7jXYapaXUF9LY2zP5UH7xJJAXaVjkqOQApAye55HfmizF/eWrwyqQsbM7TOSyAjaQrYzkHBwB3zxyDX8+181rSpxpuVottvRtpvu1Ztu0tE9Vbex/SOIxdadFyVrWu1ZaaRWtrNN+V13sjmR5R1FodTcCASM0eM53EL87sOCOcgnuF6dB0t1pUUdjLc2zQMsMglFxv2SvGOTGvI4K9MHGVxzkg1xYtJFM8tqkyqCBcSfJhzkYJ252oVAAIOMkjknPPwRagwuIL+TZZbXaFmlYBpFXIK4J3AKoITlf8AZzydMPX9vyqMkmpLmV3ulG920ktHd6NX0fl4TrRU1UlBOUFG93utG29rK+6W2mu9+emuFsbwTzWG6GVGeRpsZXnKshP8OcsSACMHAAwaqLFBPdPb2108dveRs2XO0IXHKqr4BOeARzg49a3o7uB7ZZr3ynhtZQMY3NIiEZjL8nbgcAnBHTPOKWu2X/CQXy6xpVsLLS4I4ojBH8sjOoALkcMuDjI9fXpXuU6zi0ndNJWb+FLSy0smrdLXUmtlv2QzfDqKaaioqL3Vk2opXtZWvq09b6J6acdN4dhs78pLGkweJiwljcLtz98EfeLDb2yuRnuaZp+k20jTSBbdo4pgsduAMkAYIULye5C/Nk7eSTg9TLcXEpht7wrCzH5Llid7xDC4LNhgGwARnjIY5Wo2sLewjW/g35dmU7HBcNgYCKx+6fvKTwNxUf3a6ljqs4ckJ2lO1tuVpuLXRON9U9Vb5pPz8VxJOzipJtpRSutU+V6yvps9u9y9oR8hbu3urFUabCwzMoSaGE8ABVCnHcDphQx6moblbI3JjSViIWCl3B5Qt8xLHjIJOeB6ZYYNaNnqM16kjIkaPGEVrh1O5hj7pJBwxwFI9sjOKzXsL67u4Gs7SX/WsGQrlZCOWbcSCFOCeQvfDBQNuEMHj5uVepTlGm0/f5XKNtG+VvRrV6rbXU/Pc2xVXF1pScrSldJtp2vbS6etvst6a9kdF/wkEmixQu1vFcMz4spGBVxCUwWU4GFAB+U5zwAuTgcTf67pl6L2W8WNppJseciENCTjI2sMZAOMjnrnnFad/pGqS/Y5rh0MCTEspk2GLnaYycr8u0YxyM845zVO38OWt/cXc6zQWsFvJ5jwPgtOy56PjBBGACARtPcnaeSrCjDlmruTlZWvJuUVFtWv7q21u/K10j7/AINpVY4ePtpS0slJpNOXLBpJabK97+SWuj5zQ7G2iupr2dI57VpHMcLx7hMdvEjDbtBHIBbuucjIzg+IfEoZbi3sLMq2xoVVEDC3JfhY++TjLepwQCNxGt4p1r+z9WgstOeO3ieJY3WEb4lyPm3Nt+83fBJUdDxWcmnO96hikDrJFuuGCB4wSOWJzkls8ZB5wRnjHVh6Si4V60/cXKoxnbSzi9I30Wjb03ex+lUIyfLzK8Y2Ub2VmuVppN6J2b3urrTqU/CGo6rb2WoXV2HlW3O+JiSZg+GAUAcGNeAQG29c8ZFPtdQuPEU0iagxjt5GMUu1QRBglQVwchjnBYAAjg8ZNb14LX7OumaahjuZEjEz7AiMCOSTn75GchlHy8D1rNsdJvrKO4SONUY/vWkIy0yqDu2D7uRwRgDPH3q9OCw7UqkVyzqcvLs7pJK75Y6Nt31W3zZ60LqmvecdrKPVO15O1nsne97HQTWen6RpSW9reIzzORGJG2uhQbmO3uWC8g5HA5654rV5rHU7cR27eXeREK3/AE2Y8lty9gcgHnrj67M8YvNOnS6tyt7nbAXOHIAHzHJwrZySq9gDnnNc3Bp5ihnnll/fQMRtUnaoySWYgYHAGGJOfTAwO7CULP2jk9bLdtJKyakpXta/S+99tSo03pdpppWlZ2to/eTTs0lq2ndNX7Gff29xbi280rK7Rj5IMPvGBgMpOTuGMsRjsMckQaP4ZHiHVlspo5YDKwDTPnyoFdjk4BHIOBwSDjHAIxQ1DVYrZomgeRZAzKjOSd2TjJ5HfpxjOSRyQN/w14kuILiKIxtNLckDciBCoB+Ta6jkjoQcDkg84C+hW9rToTlTaVlo207vRrbbS9rXtZWR6NOnypOSSVvtXk3flS3tZ3Ts0no+t1a3rnwl1DRbzbA8E8dyCEdc7mUADcR2I4+U8Z7ZzXRaQq+HWsg8EitbqPtEu0qjsOMtnG7HAI5HYc17xYapZSaXE11DbPIbf96Lxv3kEmBgqz55PBUbs9OORXnHia7j1a3NjPFb5nPk2syMEZY0J+ZioyoPbk5GDy2cfNrM8ViJuFalJxg0vaRXuSaa3b0V7pfjdWNG4tpq2mqteyatZSbVlfRXUeuluvO2+rzXOpG+umYRPMr2wYDy2UkBg2P4dvHB5BI28ZGn4uOkapplxZxxx2k7KZftKMAp+XO1cD8SM4JHIzjEcfhnVEsLW3TT5ZoBsWCcn55GLYBDZxtK/dPOBgdqp+JvCt1pvh/UNRNyFuUVvtETbd0IVThFySCr4AI6Yz3Ferhp0alSmoVHzJqLS1cdFePRSXmlv6i1ey5lGyXdO2zTst3o9rbuyZ4Pf21pDHDH9qAw5BkByXI+UA7sgegyCCeDkrxraLe237wXqgiNDHBJI3IAA465Bbt6Hocba89V5b25dZPMaTzU2lAcA7mwEAwvHqRgA4AGcnrdNtUju3WWOWYuEUoxOATgAg5IyCcEg8gA9Vr3qkLRjdRbsktLXso7rtpqk3rbVXKcPhSiv72iSbfLZWSV9X07aNvfrmGn37AiSVPJBKuQWLgAljnIJA55znryM17x8CvhtB8UfFmkeFjr2m+HUu7gxwatq5UWzuyj92S5AGc4HOckE9Ap+YNQivtLnh/0keQeFWPkFMcKepJ524PtnqK7bw/e31g+n6jDcTRJHMlyscbPE8Jibd5oKgFSMZIyAR1w2c8tWHvxerWmmu146NbW113atou8wtBpqN9rpvWzcUnu9PKVtLtWu0/6IPgj+yXpvwa0vUPGOu/FG1m1bSJyLHSdLlKWWoQN9wFN2ZQ2RkRrjqevDe4i7ury1N1xMl3uYuyn5ULEYHchRjhsY5Ixivx2+C37UVxrXi2x0jxRPe3UbfY7Swea8eSxEsWIw7xyEABwu3BB+bJwSVz+sOj+IpLmyQyosQOGgijJ8so2CTGRlTnJAxkd++K+4yKdBUlGlJpxumk09+V/jonpdtNX0Na1SSpxdN2XTr2d79mrLZu7v0Oa8SI2nRSNbNMXeRWjZHeEBsg4IBA+8DggFsHBzwa4LU9U0PWrebR/GPg/TfEdjLCUke8t4558Mp3NE7ozK6qMhs8e2K9U1tJbuHzCEk5fajgDYOQcggtnoM888gc4ryK8sXju5BKzrnIUYJjx1Cgd+dpP4Z7ivqHRpYimlOmtdPO2mi6O6S6trbzOFZliMNO0ZS5bWab3Ttf5Wvonq7J20Z8x+LP2O/gj48uLrUPCF5deDdWmRsWErh7RGzjAY/KuWPQdB64r5R8W/sQfFjw3PLPog0/xBp6cxTWcyGRo1O4HaWGSQASVyCTwOcH9QHs4xIsUcUUcjKWMpUgEkZzgcZOe5PU5zWbFcX1pdNDHeXcSRqVHzs0ZIPzbVI+6O2Tz78gcdfJaclF0ZWcrbKSadoNpaLutr82u7R00s2oVYt1qcU9rxeqatq3rf3d3vZ313Pxf1/4OfEzQ5QuoeGtVtxyzSRwzSIwC87io4XOfvZxgBu1eP6toGpWcryX0F1GnKkT28kRUgDnLKmCOQBwOBnIzn+hn+3rkotvcWlpqOACRPEpZg4I2HcuOM5IbqeeuBWDrvhj4Z6zpl23irwxodpbIu+5vZ4IYhGr/AHmV1jGCPmYnkZ+bnnPFWyirCMXJxUIxu5Nu+mr1dkuXa/Wz1S2qGKwMneNRwbfu3W/wpPs1o+/bdH89un2UiTfvGZlwcJkK2TzyCRx6HbyRyOONyOCG4tJIriSSN1f92ucALkfMcEkhhjH02nkkj9DPiN8APgNqmoyP4H+IFlZahNIWgsGLm2Ejg8I5xhMnBz0xjPr886t8ANS8PDULq88YeFjBZRiRkjuwZJLYHLLGoyWkZSN23nt3FfO18PJ3cZ09HvGabvZ6KzV9Ldd13ROIiqjUoVItJO9pLW6VktU7pXd/JX1R8+TKttHIqGVykaqGUkK4IwQRnrjGcE4I9TVC01CWCcvMWCLw0UmCqqeRjggtwPoRnGDz6Fff2XZRXMUE9vdWkoKwyRnc4Kj5zk8gFh39j2Arzua505lZ2ViyBtsa43DrtfOQGPTG5uCcjpivNTkpOLVndPmSaaa5bLVvRp3vou9mzyZRjCb5veeiTjdau3a+vaT8nZux2VprUlvnyLxkD4XBwqoj4JRum4ngAnqP4stmukvPHriCHTYxDuiId3T5vMU8scAHkf3sHavTJr5/vdXKSbUMm0qqgOxU4bOG4JDew46+9Pt7m4gK3oPmjjbIcFMsNpDFjlgV6n/ZzktVTjPk1lKKeujsnZq9k27X0t1s73adxKHKk18MrbNuy7X1u3pqt1uez65qb3unsSyiEMrPIRgs5ByD7qOgLHoWyeDXcfs7XQHxE0ELgotw4MiuAQxKjIGckYYY49eR28ZnuLGbw80l1eFXMv7uILg7mHJkGRuBLYIGBwTtJGK9E+AstvaeM9IeKZllSTzJOxZNyjam4Z9wOuTkHjIzw0GoN6v3ube71tZPfoml10u+76sLenUi7299O7a1V4pJ7re+7e+/Q/SLXbUSeI3kMSvGzqp8wDLNuIBO0g8DB9mJ5HQfRmkMUsLKONcukCksON3ygZB4OABtyM4/KvnfULqKfXII03ASeU7Mc8HIySCc4J6nHX14NfRdlsitbYxsWVYYRwNuMqOcgDC4PBJGDnKn7tfdZKnVlGLg5Llje71vp+Wn5aPb28xxF6cG5NJK8nfWy5e2y87X8uhZv28y1uN6jmN+GJJx6jjqOcjjn/vmvRfhpZRH4PfE/aVaR9MmCqfvDlsEdyR3OMNwea8y1YFrG5YKSBG2NhO7IBJU5IIIGCT2Ayc5r0P4SXJl+FXxPYplLfTWUktg/MSMlQeM9QcnjrnFfQY+j7OjJRTV6bdvVK9m0umjv33SHktR1qqSd3dR9FeLWl97Lz2eut38SRW97Goxu8sKAzYBZiuflAGMd8Fhz6citWGYKI4pY2+6CyANuyufnYA4x2HU4HHNdBD9nARn+cPGOmfmIA4xgAgfxNnn1yMhptISxk2kkDqBjGc4znrwegzx14HH5nJtu0knZteaV0tW9Xtd+fQ+3pKdmr3V0ktHs0tVK7Se17qz0au0yEL5xVCd2V+RYztOAcjKjb+IycduMkJ9imaNlEkhYPlV5zk45J6ZwMc/Xvzd2W8I84Pl1AwCPm54YZPO0jryce4OViZ7jzVwzFXy3AG3knDEAgHj5dwGRjk4IzCgpWvzbaeWsbLZLTzfX1OiMYtNu6k17r0b+y997LXr1TavoLBHcSMozIGjDLlSxIYAn5sZGAM59OuCeKuIkoRSI5X2MVYZK7sfKSD34OfTnGRmmQvcRSArEC3zDcpxhj6jB7nHODk54ret7kvsVlETZCtgE7uMncMHkjjgEAjJIHNehgqMU7vV21V1dP3bK67fdqr9jemnpHdOz/K+lvNttNddm7HA69otrrVu8F1DI8yMHt3bAKSL82M5+6OVbkEn5uMA16V8N/DD2+isCYhKZQAu0EFcjHJ4z77gSSc1owixYwma3idDwcL8zt/ePXrgZxjn1rvfDkdn5V1DDhJGGcKD8oI/hHbGMAZzxnBAAP22SqS5ot+7a3nspJu999U7aJrtosquFi6yqOKu1ytpp3Vk1e3Wz8tl3d+R1nwro+prLBrVjZ3kYBUZgVnVcEAh8blO7uODjr2HhXib9nvw7dQzz6FcyafczBmW0mBktWOOBhs8dCpABA49j9S3UBVn2/OVbByFJY577uTweQB6cYpYbJGRi4LEquA4+6vA+U4IJPXjBJG0da+hdOM5RTjtvsm1aNlKyttrottdrnmYzI8HjIzVWlFt6KUUk07R679HZ7/i3+Yniv4ZeOvB8ck76bLd2sBZ4riyeR18tRk/ImSMjjnHOOg6+XaZ4x1i0uttzFM9vGzF7ebckkfHIy5DEjpnGF6Hpmv2JksbedZYmjUxsNgikQSIykAbQrZABGduAMe3IryjxV8E/AfiaGX7doa2NxIGUXlknlOSxwWZUAVs4LE4PCsc5+Woo5fQxFRpwjFbxnC6cX7vorpWtr2Vj4rMeDMVSi54CupxWvsaut0uWyV1o/s7rVXW58QaL8QbZwXkd48AYSbcrLzkKjHIHU8n72AcAjn1XS/F9lqKxIs0bjq6v8rKSMnaGxkep/i4AOOa0PEn7I12LSSbwnrSXCgZjtr5mjZnAG1Q2CfvEDOMg5I5xnxXVvhn8VPA4D6n4b1C4s42BM9tFLcKqqD8ySQh5ChHC7hkA9ec12RpY/LnGWEr1VGNmo8z6WVlt0fdpa9D84zfg2hi+eOY5XBtxfNUhHnaWnN0d7J30be2mtn9RaL4mfTruC70nUr7Srm1ZZEu7Cea3mjcDcrrJE6sGABII9MjAOR+m37On/BUD9qP4JC3sLDx5P4z8KwbUn0HxZ/xNI3tVOGj866MkkYZMqfYE1+FGneLmgUIZriyuIzia1ulkVs85DCQbsA5PIG3vgAGvTtG8cxyC3jiuYZHbAYwSgOCRyHUnjPYAZH3R7/TYDjXHQgsLmeFhiqD5YtVoRnHTlV7NO2uzTi1e610PwTijwUyrFV5YzK6lTB4lpyUqMnSqRbtbWCi9re7JNPVO7aP6ufD/wC2z+wZ+1raw6L+098GdN+Hnim9RYf+E08LRJZQx3Ui4F3JJahZZP3h3NvG3kgYGTXP+M/+CU/hfxxaXXi39kn4++FPiBpd9BJcWXhnXtRtINXXjeltEIpQ4ccRqJwGbIBx1r+bux8TyR24MM0cjbeV43jjLAqW56cHHODgjmvW/Afxq+Ifga5t9W8HeMtY8P3cEqzJ9g1C7tNrx8qHETAOueoYYbGDxnHt/XuHsdyeyqVcFUnZexm/rGGu7JNQqNVKfkoVLL+W9j87ocP+InClarKjioZjhKPvRdaDo13ZfC6tNezqbWvOm5a25rrT7W+J/wCyr8ePgdJLafFD4YeJNJDMQmsabZTanYSRgnMv2mzjmiRGQKQSy4PBxjnx6K2RLVoYLiCVpFy8Uo2ypjA2yK5DBgG247dugr7i+BX/AAWb+P8A4FtINC+LWkaD8Z/CbxiCXTvENpbzXPkABZAJjHJvYRggbyA2cDANfaWm/Fj/AIJY/tmwW8Xizw7N+z/8Qb9tr39giafp8d5KOWSK2ZLUosuCWkCgjAPXjjzXhaOJp+0p0KGNpcqvUwclVdpK954aaVeDVk3GKrRV0k3ufofD/i9i8v8AZ0M4oVsBWTUV7bmpwlyuN+Sum6TTadueVN2S0Vz8bfCnxE8ffDCa31TwR4q8Q+E71JklSfRNRuLeByjBv3kauqOhdRuUjBBx2r7Nuv8AgqF8a9W8A6r8P/i94b8J/Fnw5f6NqGmWt3q2m2yavaXN3bG3jvmZI/30sBIcPI+7dljycV9FfEn/AIJI+P7nT38Tfs1/E3wl8Z/DPzT2+nLqNqNZaHBaNVSKVoi5U4AdiWyQV5yPy1+LXwK+K/ws1F9N+Ivw48S+E7yKRopJ7rTp5dPIXIJS7SNrUhh82Q5OCOABmvxzPPCDh/PcTGt/Z2G+t0ZRkqlGHsMVCaas5csYVU001aS6Nau6P33hnxvnTpKEcxkqcorkpYlqpRlF2V4SblTad+X3ZO3ez19i/Zw+HP7EXxG8B23hr4o+ML/4X/Et9UvJ31aWNRp92t7cO9ragAG3SK3LIpLMAqjIABp3x+/4J9fEPwjpLeL/AIb3WhfEfwDbSIE8Q+G72zvLqS1mYfZ2ubaKVvmdCuQEznrjPPwtqeh3EcSMYY7mGSXp5fKgZxtYDdk8nAz7A8CtTTfiV8S/BVotv4P8b+KdCt/ORjpEeoXJ0pzAyugaykkMLBSuQGHQDA7H4DMvDHijJ8wliskzjESo83PPL8dF1aTa5dKdS6nTV/8AEuXvol+s5f4j8N5xg1hszy7Dc8oxSxmEmoTi3y+84q8ZKVnordHo3p8vfGv4R+JdA8R2UOo6Lqeka07wsFMMtrNHG6o0TKkgVtjEAqYwVzhuMg1vfDbwlqs2r3Fh4y1zWtK077MoiuraKO6Vm25zMXZidvcqD024zmvvHwl+1bcal8SdD8cftB+BdH+KWn6bY2mkTWyW8VrdfZImUNJ5aLhptgJD56nGejH7F8ZaJ/wT8+PNnHqXwm8Sa18H/iX4geK107wx4gSMaHbXV0RG4mnd1iigTJcN0xgcgA15GK4hzvIsywuHzjIcZOjUko1MZhYuth4v3byqOP7yK6ttafK69yOR5NmuElWyrNqCm/eWHry9nUa0095pSbSto/xPyc1D4f6WY5F8PeM9M8SCOGRo47gNa3yzKxQJ5TbQZMqONuOnQkZ83vNK1nT7C2W90stftOyRkjLtkn5y3IK7TwMllGSASQT9Da3+y18XrHx3450HwXpv/Cxh8Pz9r1LXPCrfa7GeB1L/AGlJ4S5ZRwCFJ9TkGvnXxxqHizQjoa+Iku9MuLe+eT+zLiOSC7HlsVkAEoV5RkEZUH0AbrX21HiLI8YpQjiqUa7SSpKcXKMZcu8bp+6l710tdHZny+LyXMMK4KeFn7LRObjJwduSzjKK5WtH1TS0vrrmaxrmv+FbVLhL66sdsgzbsrTQMxXJBDrgEEEcnoT7Z3fDPxnuUtYpdStop1klBeezYRS88fMpI6ZAwBgEn2IzvEXiUX2lQanNbQzafPcIklndBPMbBCuQWyRuPpjGQ2ADmsqw8L+FfETMVuG8NW21ZUlZWlhkkXG5cKCwGSwBIzgM3IwK64wjWpqVOpCupNfDZvlvFq8ldOyundLddLHNaULpxcJRSilK9tLa67pNbta2+a+k/DPxEtNTuFuLPU/LeSRAlrfytGC2RtCsxC54XGOc9QcV79p3xR8S6cWUX93FZxoFMdvK9zaMcZCFcsuSR8pXgHjg1+a2o6Lqdhqjabomr6fq9nbIj77eWRZRkZA/eBWR8jHUFTkdOa9O+GviLxPoE11Lq9xdC3kYLDa3O64hYAj7u4nIIDDp2z0NYVsmw9Z80qNKenvKcY2eibXM46atfMqnisTTSSqSir6O/LdpJy1VrJdOy9NfvCx+L2rrfRahZald2t6pUFA6gZRlZXRGYMjZGemck88ivrfwj+3r8U/DdhBp93rl2YkAhS5VQxKD5VV8Eq6YDFslgAeT97H5h3vjLR9R2PcadFFLgN9otJfLcuR3j+Tjk+xHzCs238TXMQ822lW8t8kGCWRWkABOQyyHbnGTlT25zXyOb+HHDOdRax2U4ebbtGcaceaLSjfWKV7O23fsmexgeIcxw8oqniptR5XyybmtLa+a6Nq13111/WXx78efhf8AGmygj+KHgHw145M8aRyXzWttZ6wsmCpdL2JFlBBOWHRnXd04X5Y8b/s3fsqazZXGreE/FPir4ea1BFJcWGj30rajo4uApZU812aULvK7No4Vfrn5usPENldQoZZWs5y2SAxRkz0wDtBGec54HPTr0b6jqclvmKdL+3J4aRhM5GGB2sSdh5zgcYGByQDwZX4f0+HqjhlU69Ch7NL2SnKVLkSjooSdou91ol206e1DOY4+pB4uNKc4tO/KtGtLWdm99L31vZbnb+A/g98ZPGH9m+APh74mtPHWr6heG+j0qw1yazku7XT5VZFubaWZI/LZVAwvLY27SWyf3J8L/tM6f4W8E6d8Pv2sf2Tbm0t9D0S28KSeJ9O8KHWLeSC1jEP28X8FtLLCoG93kjYncCV3EV+CfgTxfrXw98ZaB448N37aD4g0e7hmikjUqksMLB5oJCpJMU6grIpHJ4wRX9G37Mf/AAVn/Z5+LdhD4H+K17onh7xbB/oN9BqFrDcaFeSRIkTOZJkMcZmbJZHKj5jwa/F/GCtxzw/isHmOVUsXictormcsFVr069GquVuco0pXcbJWbg2mrStoftXCmZcP1sseErZfh8ZXUlNx9t9Xrxukuek7NOX92XZbHj9r+yZ+wH+0FYXGr/Br4nv4J1OaFnWxlvY40hvZMnyJ9P1UxTRrHI2CsUecrjHIFfiP+3b8OvGn7NnxN0L4I+GWtvilq1/pf/CW29xokMlzd3FlFvlgs5LZPMfzXRGDOo2qBuztO2v60vFv7K/7IH7RWnXM+l6Bo2j3ctm+o/8ACS/Dm+i0O9jCoZUu1k02SJJCCA+1iQW4YfNk/wAkPxz8GftKfCD9qnWfih8DbzWPiVpPw11HWtC0TxP4oe21a4m0u3jaFtJ1Bbp5WLRIWRMgrxlOtfY+CnjnxrmPtcHjs7x1XD0aceWGNtUrUppxUYRqOCnJJaONTfTq3b57i3A5e6EpZfHE0azqQUqNeEJcqS15ZwbU1tsldWemjPlT4XftA2fxn8aaf4EuPDbeEPEEk76Yv9ozi3s31GHEI0+dbgqba5klBjVZMFT8xHY/W/xq+CfxA+HPgzW5fEvhWa1ijFosk9rtu7EmbY6FZ7cvGCwI6sSc84wMfNn7Itr+ydqnxl+IXxP/AG5/FeseC9ZlurzxT4c8K+GtLmtdM17X5pZ5JYLu5gVZbK5huABCYflXIJb+I0Lv4yXvjvX/ABtpvgX41+ItJ8F3viKSXw/4R8dX899C1lHcMlnCzXLOhhEIQo7EbUbhcjn+3OFvpBZlh6Ty3NoUsbhakVCpiI04wrKL5UlG3u6Lf3Und6ux+X0svqwfO/eldv3ou6btZKX95Xb0e9r72/WD/gkjpPxUu/2ndD1r4WSQjVPC/gfV9Q/suYjYwFoP3csT4UI4BQ7lBGeAM5r94v2qvGvxW8daF+zvbeKrzSvAvjXxH8VI7OPV7SMN/Zstm6mN1SRRE+GQHbggHLckjH86P7B/7TPxo/Zb+KXjHx7oHwd/4WdPfeDm0PV5vC+++NtZSR4+3afFpqyyoQDuclEXpuPIFfWv7TX/AAU5svEuh/s0a0fBvibw5r3gbxhqvi/W9L8b6XPY2t75UTbbK1mliU3DoVLZGeBz3FdlTjfh/NOLqWIk8DSthnDC1q6X1jneHrpU+XmacPazp2jbW8m09GfiPi9wLxNxLXwmLyt42WB5YQxOGppfV5OnOm1UclaUJxfNZrfTpouC/wCCm2pfHe2+L1vovxL8UaJ4pvdI0UNoWpaNaxQ3V5poupIw+pSxKGaRgu90JwDnA6V+VzeMLqxic3iZcMzujK5V8Ny6qwwrdD0xwORj5vrz4m/tJL+1H4lvPihIkNu10ZLKC0gjdoLWNpmcwq7qGyhY7Rg8Kv3RxXguo6Lpt59oS4MLuEY4VAny/NuwcgjIznPB/A1/S2QYX2GQZdUpypJTwsZNUoqNFN8rbjGNuVN6rTTZLS5+qeFeT4zJ+F8FhK3NTxFKD51VfNNap3nLXmk9Lu7Tbb6HG6N4k0rVzKl19ikOwFY22JJluSMEY6HIJG0DgDOCYPE3ww0XxZBDPbXF5p0kOSgEpkhyQMF0DYBXAIBByOSBXAWXhbT/APhOddgsrphb21lBKLd22qC5CnY5IVdpyQPQbQMnju10/WLOeL7FqNzDGo+UtmWPtwwBYkY+UYzkYYZNYU6yxFOrGpTU4xrVKVoVIttQnFJ8ykrP3XZW6O70aX7Hl9VypN1qfMlJw5oy1STjZtrZppu2ltOmh1vgnTZfBOknT2hhvY4lb/SVXEjsWHzEdSwPG4YHbNeB/EPxZ4htfH0OqQ2d1FaJYta28jRFlYOCGZmAwAM4B5OQdvA59Vv/ABLq9g0Md5Fa38JVgxhfypztPzHbwCw57kcdM4FUn8TeHNadrd5okuEjINvfxhdhI+4jOMHbnGQcHkgnAFZVK0YwVBVPYxi4KF0k5cuqV3ZOUrLVSbuvOy9uhRw+JqUlGqozhKCs0rPWN01s9t1KW6d77+I6bDLruoRXF+q3gDkbJFyoLbm2kE5KjJz64yeN1fRnhuH+z4Y3tpIbKONAkkYAC4AwCSfujJPT1z8pyK4CfQILJZLqJxCzESqsG3y3BJ+WOQHHzDkbjk5KkEKa5tPEFpe31tpP26SySa9jt53mdgQGwGYITgqB06AkHg8YMHg1OrG93Opbladm7uPW17q60u1q/l9dCGDy7CurWSnKMVJO6TVuXbS+6Ssm77a9PrvRPEPh+GXy59Qa+kypaKDawBA+ZXK5GTzjnPTAIHPpumeJtVEoGjaZBBbsA/2hwskiqe5J6HIIGeAAM9Djz3wN4G8P6PCwinW7LxwzNI6hmlDgHIY5AVxnKg9xwpGR7lodnZoXdCqg4AhEeF2jbgMq8kYAI7nIZTgDP3VHhuNHC+1xXLZpzUbp2V1a7afq0lr2tY/Fs/8AEzEzx08LltGNKMJcrk10Ukrdru6311V7XPMfidr/AMQU8G63qFnrt3bT2GlXdzBa2ceWmkt49yL8p55HIGMHuQQT/O14m+IniTxN4pvNR8TajreoanqWoSQi18maS9eZZjCsSoiGY5OAIwCfbnn+ojWEspLYQx28UiyB4pEEaMrI4I2ndgFcHkENkA1+Gfxw0Y/AP9o3S/ib4btNP1G40zVBrVhoms2MU2lXN6JQ5geCVTE6b8AfK3AGRkEj+evGPKK8cDDF4f3aVGfJOnFNXcuVxqNRkk7Jtcu2qs7n6X4V5vic3zKOHxddSqzcJRk3orOLejaTsnt31S2R/Qv/AMEffgD8XPhj+zT8UNQ8QW+q+ENa+LEdrd+AVluGt57GzeJ0g1OWB2SSKaQSeYvmASIBwBnj9IPg1/wTv+JdprWkeNfib+0R478QXUFzFfyeHbbVbltKunRzKn2nzZSWKgqHABTAPOARX4a/Cr/guU1l4dXR/iL8MP7P8TiaJbe90m4RNLtYVAGyKEY8mFUUYWMLtAIUYIC/uV+yT/wVN+C3xnsY7S98R6Rot9bWUYazu7xLeSWZEJcQNKy7yuPmC8ZAwpyWH8a4nKZ1q8pYinTqqcrQfNOm0pTUrTi2mpRavs0lZO7uj+tcVwzxvgsmxuY8J4TC4tVpReLlRoUMXj1SjCCh7KM1KrCKej9nBSVrtJan2XqfwE0fS/Glp4w8hrvWYFkM2oXR8wrEqqkYRDkKyDqQckksfWvjX9sz9lj4wfth/ED4afD3whBFpnwv8NRNd+K/FMzeWsE1wUMyWyAhmuVRflCAjqSBtBr9AtF+KugeO7b+1PDt3FqOnTB0WeKUSwALkuNwYqxzjI5yQQxxwd3wt8RrzwpDqS3Fg86Ts0sSkhFRcHaCQfmJxg8EngH3+hynJalWrF4Gg+e2jh1k7a3itXJpKTt71tOp8TRzjjrKatHHRowq8R5VRlhcBSx0Uvq0sQlCUlSm4pToqUuSDtFXV00aXwP/AGffhf8Asm/Cqw8K+FvLstP0e0WfWtenMa3mr3axBpLi5kOGkd3BIUnaFx3HP5K/tHabpfxe+MF5471J5Z7OwxY6RGhP7y2tmJEofgx7jyyg9MY719g/Gf4r674iimg1K9Nppzl2ksIJtiGME7RMdwCkg/MCeowQGHHwF4v+JXhbSfNhuta02yW3J83y7hCUXOVQAkKWIJJJOWzznDV/T3hDwjLKMZ/a+Z3qYmtB04xabhTg3Hmi3LS7ta603uz1sn4NzbKMiz7jHifHvH59ndGcJ1alnClGo1OpFTkkuaT0ahaEIJKKVjLvLuTSIXtrG3eOFk2fvLiViijoAN/Rjk/0bJB801W41GWK4jm82S2cM5Xc2FXBPyddvcH5gADnb3rzPxp+1L8JdBaRDqh1GdW5COuwyZ2nJyACO3zcAHHUEeU3X7XPwnNpPdX2sxLJK628GmW85a5RpztQuAQu0knPPc/Sv6EzDO8hyujzyjhYVWlZR9nzRemrt8nZXbastLs/j7iLNadHHzpx9g71Lr2fK1pJXu46Lrdav/yU6bXQs5khhgCglkjc4DMCTkNjkjBIBJPI4wK4ibRpThVHl8lSQucjJJ3Ecc5x3I6ZwCa9Ht9V0rXLa3vdMdZIriCOdVJO5FlXeodicZKtnAz83bBAMdzbAgEIgK5bap5zjCnoeGPPbP3ua8WlWhirVoy5oVPehKLTi1Ple+tkr9bXXmdMcwlKlT5WnFqOqbad0tmneybaf62aPKZ/DkbBt0soEbZCEkhi2eoOT6ng569OKzX0CESSCQyAlQBu5+6GJJxnIxyMevHofSprZnPmMWJ3DIGMoF4zknjt6A5znvVV7WMnzJT5iknGFGBnPXgkjJ7ck9QMcepTq2drq/VO2rSVrWTvvZWfV6KzCM6s7Na63jrJ/wAq0b6rTa2um553HoccblhGjIRtBZfnJHoMZ4xgAckkZI7bdnpMiEmOERh2y2VGWXnnJxz3PoATzXUx2UJCFmJOSFymdpBJ6nkkbcjHJH15vobaNt33hlVKyEqoI+8SSMYPPXjBHORzNSXtEk9XKye3ZX0aTvskrq61tseng51KUo1G0mrPR9Vy315pNO2yVtb9LHovg34i694dtP7NinaazQKqwyIG2pjJwMj69ACNoPBIPVal8RP7TUebZ2mT8wLwqX3jkcgYIOM9e4HTFeLi4iG4K0OAuMAqOMEE7j1JyVGOmepHNQPcoSAHIVVICgk5JJyCc4xjKjI6eleU8nw05Ot7KHO5Wvok5XSfVu7vbRLX0PuMNxvmtHDrDLEqdKMVFRlrZLltZ6O9n2T0vsrHUazqFnfh2mtrXzfvOqIobB6qpXDEYPJwQOg25ArmI4NPRRJDBDABkHI4XJyAGwOeASO5HOcZOdczuxBiblsZC44XPJGSSGHGRjnJ24xVRmdiFeZ1GC43AHcwPoMADgY4B/h+u/8AZ9GmvhUV7qdravS9tE2l3Wulr7nkYziPE4mTdSonPrZ+a83K9tfk7tGtcR2MwbfIGKlSAQXUN6LuycDj0x1wABlqXlzZhltZ5EJAyIGCgAcjIDDJLDnH0x8205budu4EYYqDgYCg4yf73fj8ccilTBXB2KQ2NwyXbJ4BIGM9OD0PGDjIieHpe77qbsle+6aWm9+3W2m/fy459isNepSrTpTUr80W4vRx6prs399tTTuPGushWS5ne7SNQB9pbd5YCn5lHHfkYPJ54zk+Q+K/E+vyRPc2urXkDruCQxbhxnopwP4sL8pHQDAJr0xoYHUgBAHYhlIGSQDk5bpySCOCxI4JANZX9j2N3KySLg5OflBRFwQCBggnIJXggYBwpBB5ZUkptWXLFK17Jq3L1376a38jf/iI/FWFpeyw+b4unGyS5a89rR0etrNvrvf5HxH8QPEHifXGWy1nTUvLSSJ4zObVDciMkLlpWBcMBu57npjqPKPGaaLe6ZoGl+HYrmCy0aJo3gnBXzL+55upgQDld4QHPTtznP3X418CJfRW40vT7/VdWubpbTTtM09We4vpZmCJFDEnzu5YgYUEngkHJU+KeJPgv4n8F6pew/Erwf4g8ES2qwzQ2GtW8tiZobgBkuUacR+aFB3fLk8NkjFfF8SZ/gsvqRpPEUo4mom6dOc4wqcicE3GzTcU+qTu7X1OzJ81wPFWNhS4jrYeti3KLhVryjGtZqK5n9qSWru93q/L5HGmXFhKgaLzJGBIYKWkweAADkFTyQTggjAyOmzYT39leRyXcZSAIQhlQAqDyrgAgk4IDHAHYk8GvvX4S/sreJfjdNI3wqi03VrHTQ66xqupTiMWOwZLlHORGh+VWAwMZyxJLUNZ/Zw8QW3iqLwBPb2Mvi5pJy32djd2a29uctM08HmQqCoJ2KykbhuAANfn1PjrB+1lhamIhzvWKfwtJr3ea+kp9HvzLU/acH4V8OZlQlHL8TgatWEIzqUo1IS5eezhdq7cpfNXXex88fC7xVp2ieMrB9W1FbWz1CFrYPKxjKvJuCq5ODsbIGCcY429q+gbvxfqPhbWY20i6liMu17K40+U/IC7n7y4yGUjIOSGbkcsB8rftFfCjxZ4EisdSvbKJLczyWaz24dGSaDKvMhxggEAKQxUcbj2Hi/gz48/2HPp+h+L5mWCCXZaasZS5Vc7UEwY8qDuyWPyjkgcNX1uS8R4KnjaFapKMqSUHGS+FKajJJ6tvV8yaa1Tufyv4teHzwkszyn2SUakWrNPknGpGLjpazummmm07RVz9OrWODxsjSXuo3T3Ul2WnuZz5rNMRuKqScDL8Z4zznODj2vwF4f0s6n4LtmR9Q1dfFelwxPFlZvIF2gSMoQu0sTuAB3MMHJFfC+gePxBFJrGg6pDqVlOYZCLV0eNWbksyqxYFQQT8pOTyRgGvonRPHGpaDN4Y8S6dqR+12+pafqxmQRkQ3UMyvCjq33iW4CEDoPTA/bZZhHN8smsO6U5VqM6SUdoxlHlhNOzdlKyd9Y3lc/zS414HlwzmNar7GNKhCfM1GndNqcHzU7RTbVtNbrV97/24fFzR21/9l7xf4bMRH2/4PzWcyMQjRAaKgYfPkF025KhgRtPOTX8KvjD4T2FpqkWp6fqay2EGoT6ddLOpikDwzNHIhcfeXjGRwOeoG0fo58fP+Cgv7T2seGpvCfizxlceHNN1HRImsrLTbWKzlvdLuLZII45bqEKwEyqSwBBIPOTjH5hw+IdZlvtNtpblpbO5Mt1Ml0wkVXch2d2UlSzOSwY8knoc4r4bwo4Gx3DFHOHmVTDV1mOIjXpRw7lN02rp3m0k7pq6SVrW1aR+A+MniDDijGZHSyinisLLLaaw1apXSi5y9pTS5Ypv3Vaa1bbveyP6Of+CK/g8aH8DP2j9ZsioTUNT1C3t0IDowh0piojIycl85BYsCR/s5/lr+MfhzXNT+NHjSxsbRru9vPHGvx/Yli/e3NzNq1wIoUUgeazHOCDk5xgDbX9YX/BHzUIdL/ZK+M2pzFALfWPEVwl0vECLHpLsN3VcjAP+dx/CDwdqPg+1/aS0/xj4vNumm2njTxDql5czRxPBPGL2eWJkDcl4zhwQDgqR6V4PCUefi3xFq+yc1Sq4eEIRTvJ0oSXJHdybslt+Fj9lpZzHK8i8PKdWvScsbhazxEpy0jerB819LW5tbu1vmfHaWPiPw7rem6Zepf6XNpz2lrqMM4kBtdpRmiRJDmMAjbgBcDJ4BJH9cX/AARy1HUrv4R/EuPUrqe5ji1+xNk8xJVYGs02BMnt8pyMEnjHIJ/nD+JfiHwj4w+IfjbXtLaG+0nWfEJm095ipuViWXYSij7q8bgoA5/T+jD/AIJEanaD4ffErR7YuY7bUdPbMq+WqhrSMEAEAZU8AdT0HOBXueKeEhPwxrz9k6co4jAT9lZRdPmrQ5oy0S3u927q5+fZZnFCt48ZN7CdKUJYLMKbqwa9+1CpKN7PVWV1fZq+yPnv/gq1aX13+0B4JtbO1SeXUPD1rYQuSoXzLm9SFQz5XCZYEn7pBIG45r9Mv2Jv2SNK+COiReNNX1+91jxd4j0KxN5b7sWGm2s8Mcq2tugzvKtgM+Sfl+pr87v+Cmt1pz/H/wADRF/Lmt9DtpmmLsBH9nvEmPIOfmC9sY/Q/sP8DPHUWv8AgrwzcoJPIi8MaVsZAxW4Mdsilst1wVGSSAeTkkEV+Y8WYnOsP4TcIYPBVJUsFjMPUjj4RjHmqckoOjTlLdRbTbta9km+/wApwHhuFK30lvEnMs4o06+aYDEUKmVVJt8uGnNcteqknaU0uWN5X5dba2PiT/gqJ4U07VPD/gG+vLmJJhdX1tZxSqGVgY3VA24ZyGxhTxu+6M5r7z+CejvP+y/4I8NyvHG938PrTT921dgE1mIyxXjAQNuAJxj7x5r8lf8Agqv8UNNuPEvgHwhbyzreaXp0+uXBdykEDM+AzgHHCnK+h45HA/Sn9n34h6RJ+zn8Ptfn1SGXS4fCFlBd3SzggXCRRxumSchg4xgcg5wDgV89nmUZlHww4Gk4VHN5viZ048jbTqSl7Jq3WVm1tfbVs+04Q4ryPFePPi3GNWiqFPhrBUMRW9olCSo04RxGrtZRbUZbqLbu7M9K/Z38PWvhnwpeeGrYwrHoeoywRmMAGSXzf30roMEZyeV5IPXrj+dz/grPbed+0D4ohS3SILpOnN9rKlcyMjEK2ByOhG7O3jqMCv3i/Zg8QHXNb+JE0Es8tr/b263lkk3J5Mm4xhF3NtDDBOO59M5/CH/gq3cXTftCeKkEJHl6dpiOHbHnK0ZMW0YI9j1z9OR9J4QYWtgfFXMI4iTdSWVTnVurT5prDSlFp/a96ztsfF/SGzqhmP0f+HMTl9F08NHiSjhqajt7LDzxVGNmr2g+RNO7bWl9z6q/4IkaLBqPgX46+H7uOGWHUpNLtrrY5UTQ3NpMkikrjaWVj8+AAeATnj9nPgt8O/BvgW48S6J4Q0VNHtI5Yku3jkaXz5kYnLtjIyxPBJz+efxc/wCCJWsW1rq/xY0TaUlvdM06+QORhjbRlXK9urAs2F5z2Fftr8NbuIeKfF0KSSOZdTk85Tu2QlC3JBOPnJA4Jx0Ck5B+D8Wo4qlxlxhRjVqRoTWCxMoKTUal4UoxlKKaUmuVpNp9k9bL9k+jxi8txfhv4Y42phqFTHOvmuWxxMownWoRU6s5wpyfvRUny80Y7p310t5VrWsaXoHxb1TQ/EaWtpp18qyafcXH3Vd4m3vGGAUkFu/APHHWum+EUPh7xN4c8QaQ15b6xpOneI79IWXa5QtIcRgt93ALIARjAwOgFeK/tPXTJ8TPDhMULxRWeZGkXkFlIDNwOFBPII2kZGMAV6j+znpljoXg+6ktAobXNVvb1iBkFy5bcrZBOc5XPy+pGQa8jM8va4Ty7OYYitDE16ODjCCleMalJy/eJpcybit7r82Ph7iGrV8WOIODKuAwuIy7AYnNKlWvKDVSdDEwoTVGcFeM0qk7Xemmu7Pxs/4KTfso+EtH1/RfG+kXl7HJeazdMvh0lh5xkKtJIkrY2hzgqM7VB6jOK9u/4JifHf4W/B/4B+KdP8YeL9G8O3mm+OtSa50nUL+FdQNtKCIZIYXcNKXKjAVduQe/Jyf+Ckfig6r8QJ9Evr25Sy8PaNBd2lqibUN7cIw3bwCwAwCRkY56np/PT4ksL221C5Szme6ln1J5rlmkKhMOXVjhuSMgElRxx0GT+/8AD/C1bjvw9yvLc8x1ZKUqGJdaKjOtyU53hH33qnF8vNbmStbfT+Xs243wPhv448S5twvl9BPCxxWAVCbcKUJ1oxjWmoRu0lUTcYrta+rP6Ff+CfnxP8P+O/24/wBpXU9HvLi+0rxQ13qlkJ3YrJaRHZE/lngBgCykdBg19/ft93/hyD9mbUvCmuXVpbW3i6/t9EitJ5fLNxDdtIDsUkElCwOQOCw+7nj8Qv8Agjne3MP7VXjRLho5ReeAZZNwwWTy8Da23ocYznnGGzk8fbv/AAWU1XV7Twx8DvsMoW1XXZpzEpcCeeNV8oybQTtRjnLDGQfoPyHi/h3DQ8VsqyainDCUcHgKfK7WksNh7c1rWU5KnrZa+9Y/qDw74pzLD+BmfcQ1oueY1s2zKrTau5QljsdTqe6173LB1ZSitFF+Vz+Rr4waIng/4g+K/BN3MLK7sdRlTSA0rR+fYyE+TLGpOQpTCgj72DyBgnxbVdG8R2dmL6NJJ1gbe/lsXWSPLFmf5t2Ao6jPGSeOvf8A/BTvW7Pw18VPCWsWdyRrms+C7O71aSORiYbsO+JMfKQNqqgIBzgdPlr5f8BftB+RoNnL4kWSWCGPypJ48Or27Da5lDZ3DaSDuyfUdq+K4ny3D4HM8bQik4870t9mTiu1rq+1uj1uf1v4Z8RYrP8AhHJ8xxSnCtWwtP2l7ptxcYObvaz63trbfWz+mvC9ja63YW2oQRszlStw0YI8udRyrYGcHjAznGQPQe4eD/C99AwltLm6ScqGQxtIq5PO35DxyDkZwDg9Onj/AOzN468MeJta1bS7S8tX0q9kN0luSizQbnALBTjjIIIUdOeM8/qN4R8I6DKyW+nXNhJIUj3Sb4y/lt13oDg7S3yt1OOV/u/DV8LO8k6Xu8trRs7ydkmrXur6rZp97a/pVHNI4VtTlaTs220uaWmumjunfdWbvpojwDTJ/GtnGJJL+Z1hPInBLFewYsMjIGck5PTvxb1b4kz+HtMlvNZWNyF/cq7BW3EjGF3FmHPYH5T0JOK9x+JWpeEPAdjcNqEsdzfeS32eCAhjK+3IDohIxkgYIHrkV8Ea5a6z8RL5727R7HS1DtbW6KSpQnAJXGN2MAZz82OQcGpwmQ1MRTU5U2kryldPmeqs9WrLo2+tr6s3w/FeHptwVePMm04uV2n7tk1dpJLd3u9r7X9u8MeOrLxirvcJHbtMQISduCWO0kEAnJ7AdTyO9dVeeH/KXzIJWYFcs4VlwxGBgjqDkE9AecA4rwrw14Rm0aSNbaWWV02gKN/7sYG1sjAyCMn7oABJwMV21zr3iuLVLTRrafzCoUup43LnnPcAZ3Mc8AqTk4Nc1bJuR/DaMXbRXk27WtZWbv2Se191f1MLnlGtvUU5TWtmpSdrb2evXVaq3Syav3DXNvlJZGLoRgEE4BzyWY8gjHrjgHFMjRJFDOGViWJfHyk+x7jByeCMgknk12baNd3FsktyUNyxYuhTPOdxUccrn7p6jHccDIkiWFHhYKrJ8qddwckAqM4Oe55OCMYxgjz55fGySit1d2d3to9dGmrPr2serQx9LlvdOLaet77xtq3utNlfYzojCjhZCBgEhzuPUkEnnpyBu7dPY6trt3fJtxyqsRkZyDx14A6Ec42k+lc/KqGUKG2MoUMdpYEDIAJ4+UkdGGScY4ODcguGUbYyQofaHxwMkDhRkY+gGDk5wefOxGW80LqPzs7pe7ZNP5669ro9ahmcHFcrtotW92uXS9nty9Vrf0OlVTGBh/3meHDENtJz0zwq8gfTpnGNe0neFZDIodhkfvc/MGJBBIznbuPPVc5Gelc8kbMVLSt8xB3kZ3Z469QAOntnAAIztQI4DA/OACFYknBbHcYwCTjk/wBDXiVMqvHWKto1ZWb0WrWis1rbaze/X1cNmLUU+ZptW3XZO9n00W9tU1obUd6i4CGPcQDtD4CnJwcEcgDHvnv0qS11BlZmIdj0YofkBztPbHTpzgc44JrPi01XUOZMEZ3ZUnIUDgNgjsMcnPoackYh+XAdsltqsTgZwTjoOFwwyOQTjGFrzK+U03T5ZU1bvo+y7LRO62W/dHqYXN6tKXMm0r3S5rp/DdbPTms15rY9Z8L6jZIVkXC4O1ixOXHTjGPmB4PPYA5GQfcvD/ilraVPJYuFIBAYhc4yeDxuwM5II5PYV8qWBMKBllZgedqDhW+Xrx+pJPJ59Oph8QQaZZG4nu1SGJgWcuRJ3OFBGSw9u5BBBBz+Z8S8BUs2jJRpe0lJO0UvdV+W3a+nl52P0jJeM54WEPaKySjre21tntr2td7W0uffHhn4mRW4CXGRIrKoldyFBz90Hr04I442Yypr33wd8TdNupVUTB33bZAWCt2xtzjkenAxyDg1+S+j/FOw1Jvs9kzujyMBczlsnaMHaOPUYJGBxkdq9V0L4gQabcRrFcSq3DZBwcn+EKcYBPGD0KkAdAfwHijwRrq7pUZQm3eCStZu17rVO2reze3Y/QKXGWBx2HUa0k46Lmej95RWzSfnvutD9ldO1nTdVjTc8TIOBnB54IJ4HQHqQO+QMiuM8deCPC3ijS57C+SJIbpkWWWGJNyjdwEkUZUnOCoOGyVPHT4P0b46z2ELs1yyFcYi+9kHGCcc5PGByGPfNaUf7T2tyTpbm2QWwcHMhwACMluw3HHy+4IOe/55h/DTi/LMSp4alKHLLSpHmTsmrPotVddLflhPGZXFc0cZ7rs1BpOKvy7/AH8r+01ex5/+3z4N8M+DvgBqcOkWtskFpZSWUEojWOV7mUElnfG5n6DJJ5wvGM1/KvdTuFMoO3DupAb5TtZgScj1B4IGMHHPNf0D/t5/H7Ttd+GVpoE9zHDdalcXr/YHlBmuhBHvLoueQpJyRztPJxX88kl0JTIMkoZpyoHO3dIWAJxkggHIyM8+uB/pl9FLKczy7hTFxzh1HiauLlJOo5K8EqaW7tvdWW7211P49+kNisLXzXARw81NU8Nao42vzNqWquumivfbfa+hJdCRFUMCxGwoeV5G04z0Jz97naCcYzmvLPEdiwkgmiOfv7k5bB74xjGR164xjPINddJerFICOAqnGcn1O3twT3GevJ6Vn308E9mXbLSBwAVJyFJJJBPPzcd+gByDX9Zzgmly2TVn8rp6a2Vna113t5/zNK0opre7d9LtJw0XS+j6LTc813yRybmRgFJwCMYODyM5yPXpz90DpT3mcbNhBADbz3wQAOvHUknHfPHAra1GzyG2sAGUPuwQQecDH8Wfu7e3B6CuMaWWKUxtxuLKdxJGAp25bPHI9snOOeDmnKCd21Ze7fRt3XRaaWV9WrXXWyzhH3ktV56rqunVd7X6a6mp8SozfeOP2dLWPdJJca3pqIw/7CUalUb15JH68MM/2ffsw3Wl33hRPDWqSWs2oRW1pbSWdyUMs8C28YKopJ3OoHH3v4jz3/jN8QXcFz8TP2V7d42Z4vFNg7DjEiDUo2Ax152kAEDjGRwor+ovW18S6FBY/EDwk1xZSaUbV5EiDBJYEVGdpFClm6EMSDkDJ65X8yzOUv7Qx3vKLlKnydk+SNut0mtF26H79wNCX9n1Iw0k1Ttvuoxtstrb31f3n118Vv2e1jWXVdKtjc2ciSzeVEg+02Yckjy8ZOwN15O0DAAC5rwDwRr/AIx+EmtR6vYzzi1tpMXMPz+XMok24nizgSAPtBIBOB36fYv7P37R/h/4uaMmn37x23ia1RIry3l2qLhV2hpIkIG5WAOQeQx+bB69H8Xfg7a6np114h8MwR+aqmXULFFys6NhmIQLxtyTlQCOvGDnyliVOk6eIakndpvVtNKy3t6evc+4w2JqQqRpVoqLlKKba3Tatf7t0t97J6/iR+2Zrmi/Fj4n6l4xitBbz3z6BZXJJHmNPAiu+e5ViuccnpySAa/Sb9lKUL8JLEA7hHeTRr0BwhAVQDgcDgdz69cfkn8f91j4xuzFH5aReK7K3eAghlaOF8qQR2bjkA5OF5Ga/VL9kO4N38H7WUbuNTuQeMkfvRnv8uMZ+XHPOSCa/N6sJSzSq1dRU3aN9JqLjbvvd/8Ab3zZ/oH4M4WlHhFTUVG6pptcqum09ej1eulrNn6X/Dp1ksZ2POWAweOeOASOp3Z45LdvmNdFrTMdWt4FAAWIDOAcAjJIyD0H8Q6D0BOOZ+GMDPp8px8xmVUU4JYn+7756Zzz2IFdT4q3aXrapPl3NqGIIClCwzkZ7DBYc8jB45r6+hCbnTi4xiuVNNpe8rLZvW60bvtbS2h8rnUYriLF0oz+LnUUnq7KN0lva7u+nZ2sUfEWl3V9pkctofKnt5EMbISJAVBxtK46A4+pPrXsnwf1rR7q2bQdejH9rO0UKtMfnmZTgsjNnDAA4YgZPHXBrhdLmt5rW3VzmNyCSccEtwG69ckhcn5t2FIPPK+I4LrSNUi1PT3kgZXEySRA/LJGQQQ4+6CxGM5GCNuRg0sTFU1J6xkoxTfRJ9Vp0a8013PncbhKefYPEZHiZewrSbeErvli4Te0Xom4S2a6LrsnZ/bQ8Opos2g3dkoaOe1lgCsAzBQiDHHp7HgA4GDg/wA337fVi0nxC+CduCG/tCR7faOpbzo8L+GccnJzzxnP79/Hn4kt400XQLe5z/aungwszkFWG0AHtncOecYJJ7Ej8Mv20LFZvjD+zWZiskD+JYkuVGGKq17ApVhnlGAxgjsea/WfCDEyhxTliVpONGtLSzdlTcnzJOyurq26d+jZ/KP04skx+A+hxn+XZhHlxNDF4Si53tGSeNSpyi1ayd4yV7Xve61ve8U6bLpsD6VcxmJ7bT7RFVs5C+QpA5AHVgDjkEDvwPV/2EbYj9p/wG+zo1zIcjAyMDp6cjjOSCMHJwPTv21/h9D4L8X6HrOnxLHpPiXw5pskSpF5aC5SzhLgqAASSc9cnAJGDivOv2ONVg0v4+eCLplBlZ5IUPTJlcKOpGDkc4wSM5GADX9Z46sswyTGYii5Wr4Os0ndyd4NNJbuSaae2ravof8AJtwrg6/DPiblmX42NnQ4kwKnKWnNGWJpzjO7teNSM0731T6n6uf8FD4YToHg66+Ut9tuFXkgLnk5AI5AHcD5SPevzG/bLnmvv+CdS+U4K23im0LlSN4QSPkrnk5G7Jwc8A44I/RL/go1qRTwx8Poll2vNPPJIoxuOVLc4x3I7noe201+YP7UerCT/gnpdI+1Vj8TxSFcgHZHI5ZRnkswPQHHcg8FfhaeFcvDTAQle9LH1pWd1onUV+mltd0tPv8A7R4RxSw/0wnKnO1PEZflVOTVmuZ08LLfZrb3Vt5n8kup6S2r6prjLHMXt9Q3JGiltylyCxIGB06njJ69q/Rn9iHV7Twp8U/Dc97PDZ200TWIluHVRFLLHGoSQsoVdz5KZOcnJyeD8r/B/wAT+DLf4t3Gm+LYEOieIZ3skmJAgtppTsS5cldo2yHIJ6EHPNfpv8Qf2WLSx0GLX/h7dkn7FBqK+QTi5UASpcW0iHO7oPl5yFJ4yK/l+nWpYHM5152nCnWcnHbmkpp2T1u7PTrstj/bvKsqliMGqmFm3VVNKSWkrJR6W103S9U03r+sNheQut1pl9DHd217I211AaK4SZOGGTtYbWyD1P14r8rP2vPhlbeCn1O+03bbaNrk8bpGWKsl2knmPFjsuMlR2POP7zvg1+1jd+Er+28G/E6S5mitHgtLPVZVImsXQrGftWcMyqAvzEn5QOor6V/awg8J+PvgwfEVlqUOqxW11Y3cVxayrKRHKUy8pRjsONww2M/WvqMzpcPcT4Wk6k1SqUpR9m5WVSk5NKSaSvbyWmz7nz2Y5tmvD+CzFwjVqRlQq80Eny1LRvZJK3NFrzdvPb8kUis2VFFw7JJCAzAvlGChSpZSB2GOgPOSVyKx0srZ7idY5kkBXkO5yP8AdznHHQg454yM5+nPD/wt8OeILVjb6nJYxTRQLzCru+5BmRTnI9QAcseCD21NU/ZqeK3Nxouu2F+Ayxt5x8qdt/AVVX7zZIHXGckjvX0sPAPFZjhaGLwGOo1IVYRmoqS5k2k7Wd/K/n9x/DWM+mTkWQZvicrzrLcZhZYXEzozq1KNSNNuM1B8rs73t10s+nxP49uNOmVQT5YTflEUbgTyQQCODtOMjnn0LVhXWjtM+HDLG7DJIUYwcHB43dOecd8k5FfWeqfsu/FWxsn1GHw9qd1ZLGZY5oY/MDKQpLBVBcLnJLDPGcqQK8n1LwN440Zf+JhoNyGVgFWS1lVmJAbG4oFOMZYEdTjBPX5LNPAbi3L6nu4eFeHK5JwetlayfLezt0vf8LffZJ9L3wrzxUqSzmlRqTnFck6kF1jdWuna/a97W3PM7PTJrFmjhnIjCh1Uk43Pg5IPBOR7jA5ABxXPa7pcdwJHurS0mnQlyHj/AHjDGeGAA4wAMH8gMn0hV1CN5Wv9BuYdi7WYhgU684YAYA5BAzwSBxWNLdWNxM8aiWIhACJo9w3HGRk7sYJIz/F6Y6/nuO8OOIcLKUauCqqz0SjJ3bcUrbX2f3dWfs2W+LXBuaxhLC5vhKsZRTTVWK0fI0mube7SV9336eGtpstxcu1ul3aNtOxbeZiAqjjg5A4HXkH0z1dYaBdtJPdXunpq64aPyrpQH4OMhxlyRk9GBBPPofdLDT7J7+AeWI4Tj7TMirtZFA3YVjkNkMR2GAMV9DD4e+AtU8L3Gr2fiC0jlsLQXEFhLE8E904wJogYx8zFiAM5Iz8pOa8HE8OZpg1F1MLUVnZrklolbffRLR32st9D6vC8TZJjpRVLGYaTbXLatTvze6u+ystbadNL2+B7vwlol3ZgXGi6pprGT5pLNnkiQeg3n5c54GOeQeeK5K7+HOmPFImm+Ip7Vz1F3alCSCchnC9SD1zznHJzj7cWz0ZrMLcCMId4a3kYqy8HGSQuSBnPBBPJ6Gubns/DGDEI4ZSzAlWGXCknjLADIAz1xyB6V5NXBTScquGU4rRqdNyV7pXV0n2ej79rL36dWjUcXSxCTesbVLXvazSTtfXR9dnofnb4g0fxD4YvwV1Fby3YYRoJ2BfH+wzAEezAYwMEc4ybfxv4i08M0l1fxRl/mi85yhyedy7ipOO/uTg45+lviL4bsNT1qQWMP+ixRbVMQxsfIGQRgN1HII5I5OK8U1P4dMkTyW9zKH3EhXBdVYc5Ocg84B64IGCea4amBwlZrnwdGSTbSlSg7WS2unbRXT3XqarEY+jzOjjamuitUkl9lNW5l1VrK21t9X6J8K/j/qPg3VLS/NwZpFYpIzyNG4hJ+420g/L2x7574/QXwJ+1pbatHJFJ4nk06OVJobnTIrtkjulnAHzvIwwEBPAODkgjkY/Hibwj4isX3vBBdht2MZQnk4GOFZdpGMAdcY7h9oup284U6fPbHOfOjRmKFe4wvX3Bz25xz8bnvh3w9nsva1sPTp17rlqezjKzSVviT5dtGmrWvrrb6nI+P+IskpKh7R1sM7KUJt7NJPVXs32u9fmftT4fudOttSfX5tOgvtJlnmuUKTI6rMVLRzrtbLMCSzE5A7DHB+Q/iJreo6leeNbqM7oLyyvgGcFcoSVCr1+6qgZ27gQeeQR4B4I8eeMYrmz0rTtYv2SVhClnIXMZ34UmPd36ADHBLEFgQa+gfFGgeMbTwxPcahpCTW89hOXmiOLrMgJDSqQGwCTgnjBBGQMVyZRwusixFV1cVGt7aMKdLmbjyxTjaKTbV+7jq1fTVnfmfEUs9oUXSwkqKoN1ako6ptqO7SWj1be6106L6c/YT+Lmh+DvCCaLql9bxSl5yI5nADISoITleeMk9+CDgYr9f/Bfi74daxHb6pO9ndGNMoHCZVm24ZSAMkDkHOcgZwTgfy9+FNN1bTLeJ1hvLZ2YvGRGw/dseW3L1Hrz0JHJr6S8JfF/xh4Vt/LtdYeaOEMPInkYNtIwFBc4454yP9njg/zr4pfR0xHEuZ4zOcnxdShi8bW9pVg3JU2m1zKLjdW01Se3kfqHBvixSy3A0MuzCgnRwtJU4TUdUoWtdNq/urovuZ/QH4M+Lng2+8e3sIudPMr3SadZm58osiphAil9xwwyvHTgdsV+iXh7wPbT6cuoS28KecqyqkWN7o+GyDHn5WUhhnjv/CBX8UusftBfEDSPFa6xYF7d45RciVPmQyqd4YkbsEEDBO0ZwTjJr9DPgr/wWD8feFY7bT/HFhNrVrbRxW6yxHy3jRUCKzLtOdgXIJJ5z3zj8B8TfoscdSy/B1+GZvHVaNGmsVhfaqFRuMFFyhz2U03ey0er3u7/AHvDfjTw9VxFahj5rCRc/cquDlFpuKV3FaWWy0s27+f9I97omlaG5nQRZmfDRzLyu4dCSecfyA5+WrcOoWCACM2+du3AbB5xnGTz3zkdSGBHQflH4R/4Kd/Bjx2iLrF/NpMzspLXzqEjeQZKrsPzYJwCCQc9B0P1J4O+NXws8bwpNovjfSpZ5NpjjN/FE5VsH7sjhhjjGBk469h/Kec+EniDkk3HOuHc0oxg23UeGq1YJR5NVOCcW18XZ3W9z9bwfGnDuYwg8JmuDrSklZKtFSfw8ukpJ3V76rXTRn2lFPo7wuJHKHGfM3MOM5AGeBjpkY49sGs+/nsY7GaK1bzDJESGZ8FQpwSM7cgdBzzyOSa8vj07X9Q0/wC2+H7mXVoxGPJa3eOSF2PIDSI5xnG0ZwPyBr42/aJ/aT8X/BO0nt9U0yxaUW32oIzyJKYkbDwksdofcBkA7Tn5fUeNk3h1xHxTm2HyzKqD+uXXJTqp0JSjGS5klNJPdKzs9NtLm2ZcQ5XluEnisTWi6Nm3KD50tFa9nrfTZO21rXb/ACa/4KOvFaftmaNqd1KgtrXRLKSeVGyAgKffxzkAnB6gjGMcVd8O+PfClxAqJqFv5QIYHOCrHkZ9Rkjv2xwK8B+I/wAUbP8AaX+P0Xiy70gWlq+hJbzWJlaRFaEBTJ5uQ2XZQ2Bx6HnNdrN8FdGa3X7FPd2LTDzMwynYmVJUKAcADbgZwOe/Ir/brwXyLMOHPDvhjJczhyY3L8toYfEQu3y1ILbm2lo9WrrbbVn8QcWY7D5nxLmuOwT58PiMXKdOXeNlGN01fV27Wf4+/Jqmk3TL5WoWkizbW2mQJuA6AZIB4IB67vc81ZaSAsF8yN4tx4ikB3Y5AABOM45H0yAa+V9S+Fni/TIQdK8QmRFw0az53go2AN5OQSOxIwSS2eKw47T4q6dLGQY7qRMKgjlkBYDJLFR8vIAycDPpX6j7OTd1q27WvazVumra7O9le7a1Z84qslJc0GklbRJdrLVNtvp0736/XTW0bFwG4l44GSgJOCx3cgDGRk4787SMq7jUSRurZKuyjIIOM/KR+nzfMB+GK+cW8b/EDSGiOp6PfFY1zJJCGkReoY8gDt90EY9R1qNPjcVulivbe8gcMylnh45PGc8DvznGCBznJpUZt6xd00rrZ6xauk7ab97Xv7rdtHiqfTmjZx1tde80l3022TWmlrXPoCSWVWkbexeLP3ckYOFzkZXj1wSMD5elSpPK4XG6NggDsv3W6Dr/ALQOeOvfuT45YfGHR5yI3nh2ynO6VWQ8A5ySOMccc5yDXbaZ480G+BRbyygZyAu6aMq4JB+XB6AA4DZ6deBhpcslZNWet1d6W66Nrb7WvV2Yo1KM5NPlvdKz9E1d+7932tdNWdil0scyISqmN41QnLFg55PIBGOccevsa/LD9rmKJPjF4hlGCjaHAQRwC3lHt155x0OOgBAr9LBrlhLOZFvLWeZJE8oRzJluQM7QcDqdh9D6ivzi/aQ8Pan4x+MWv6VorWx1J9ItHt1llCxMTG2YtxIXLgjBzgHgggZHq4CbdZu6u4Xd91qk3Z3tou72et9DxM8cnQSioqPOrXasrJWS1262Vtn1Z+a2q3AIiIIKqZFJLE7QXILZHzc9Qv3uMc5Fb2kXh+xKi5KlADycc5HA56Hg9MHg0zxb4J8UeEL2Wy8SaTcafcRMwXfE5glVmIdophmMp9D06EA1JpUYjtUAUZdAcYOQRg5A5yPQkAY56Ek+rWd7xaTTSV73UrW6xdmtN9dXrezR8JXU4p8107puLuvdVkndav5J693vuJcSvIiJng5wcA8qcYyAOOeMjj8jhrJ5l1Mz7VZZiY+Mnc2QfvZAyBjjp245r1LwZ4bj8RXciPIV8uNZTtwC3BAQZ/vcnPQYyfSt+9+G1pZTXLOWSSWNpIlkYBAyjljtHU84JA7jFc9OvQo1Ixq2W1nHV+8lbsrvTz/C2WFhWnTm4ptOS1TV7xtpZrW/k7aO73OM8IT3SeJtHKKHaFxKAVyWwRhMngk9uc44JIxX25qmv6vfaJpcEt1cCKEkpbyt8sLqdyrGTyBuHI6+wxmvk34cfZLLx7bf2jc20NvYxyBHkIEbunMfJyASTxxyck8dfqPWLv7dFBdweWbQzkxeVtII4XcvThwGZeMEfdHr8vmUZVOIMFOMaihThdzs1HXlsm/W107bJWbP0DKa0aeR4qE3BSqVIr2bs5RS5byVruytu9+9tDQ0YxXl5pkmqQpLEJwHJG9goYZGCNpB4BJyMnAwc5+ltO0PwdqpmnXSnVYAnl3NuzWjCSMZjRl+QnLf3c5ztJxur5t0r/RhprkcreLuJUjILAlSCMnJ4HHqMKTg/afhLXbA2EnnaRbyie13GRcAQsg2b8EEBmwTnIJYAkDAxpm31lOnOi3fmSlGD5W78urta630tZX3ReWqCclUSbaT5mlumrJtPRq65tNH1tq/if8Aa1BbXfBqATYj8PGPE2eB5jgFSR8wAwTj6ntj89PEiFNRt0IwomXaOuFIz3weCT1wB+GK/S79q+2k1rxZ4O0/SlFzcTaCEgjdliG6SUhUR2IQZyACTyec9a/PXx74V8S+H9WgTXtC1HTNkw2yT28ggdAMb47gL5LqT/tHPUYOBX0mDdSWDoqqlzOMZWv0tFaapbPWz1euz1+WziNWWMqyirxT5W4ptJNR33dv8mrnL6crjUZikfAC4DegHtkD5SeeO2N1eq6TBKTG4hLMrpIgVc7XUggEAgMuRgH+8eOOB5rYbVvppVJJYAbSTllKqSemCByODkc4+Xk/Xn7Ofhvwl4h8RPP4y1aSz0fQFTVLzT4UDXOsJE4Y2ETfKI1kA+dwcqpyvNd+CwNbMcZh8Nhkva1JxinKSUFrG8m1oktW72e2nQ8WnRlUqxjzxhGckryaUVqkpbK+t9Nfn09qm8c6/wDE/wAN+BNPXTZNQ1DRornT49H022c3MyQ27Rwzv5Ywm1QoO7PTjnIPxR4n8I3cGo3EOpWl3p16t/d+dbXMbGZSJCuxgeBt5yDnJ7DAz+iPxn+LvgtdV8Mx/B2xPgDQbGymguJreBBeTahK4Bl+2nE77FJ3k+mQSOnlSSeBtSButYv21fVDG8moT38xMss8gJM0btwS7EscE7t3PQ19Jx1Wf1nCUJ1VisThcNSo4mrTXuNwhTSty6u0Y2ey87aLvp4SjTU4PE05tSbcuZ2u5J3Wuj3fKtNHezPg6bRLq2vPOs7i7tZoSkkNzbeZBKjryrIyEEFWIOewGemMfX3wp/a2+LHw8Gm+HvGUNp8QvBLbFl0bxJAt5deQThlt7iXdIG8ssFBOBkkdqz9W03QXvi2nCO2tXi3RGQxytIyjaQGJYqPYsB14GBjx3x2bGzn03yjl1yHYDO0b8jaBkgsOyngHb93r8RHX3XGz0ak01s09/mrWs7+tyJ1fqz56dVKXMlyxfute6krWW6ba2d/XT68k1b9lX40eJNQuNO1W9+EWvzzApZ3WDpguD1SF+BGgc9ioAJboMDX8Q/Aj4q+Ebb+0PD+paf488LbBLBf6NdRX48r72ZI0Z3RwvBG3cOVBUV+XupaxYSalfL5K7UmGXUEuHAwTxgjJ5zkkkHIyQR6z8PPjZ8SfhrJHP4P8VX1tCpVm067lNxZSrkMY/IdmjwwG3gDoSc9D30sTWhBe65xWid9UtL2020dlLpZdTmqTwWK93E043lFe9FLVvl0b6a6X118ro+grvVbVpWstc06WxvIywfzIXhcPx1R1VjjOcEY55PWmRaPp9w0b293G7MA+DtLLz93BPXOOoOOoGRz6t4c/ax+EfxKhh0X48eAYNOvXQR/8JX4ehjil3t8onnCKpByQzAZ5BBXoK9Hn/ZY0Xxzp0fiT4C/EDSfFFnIPMXR572KHVUDYZY/JLiUsAVGWAx05yMddPG052UmlK6UYtW35d3om09Nrq2+9vLr8PxqKVXBT51b4U7vTl0S/4Frq2uqPlrVfD981jdukmF+zygRMCFYBWJdQuQehI5yVwM4r8/PGNveC3nQAeWmozIBjkMWcHj+8ARg89AeuK/S/xV4c+JPgGW50fxd4Zv7B4454nlmhlkhClHUOJlQxgMACNzYHBwCcn88PFf8ApEF60bAF9VnJRj8wbcw3Y6BRngkg85OK0rtQknfl5qb97rq49bNd9k7pWvocuFwFahTdKUZKSqxnqrJ2t3evnr2V7K55RoUUmyUklXV9oVRhyMnHI5UDocgHp05rpDDK7BhyAvJwAvA5H1BPfnJyDu6t8PQRwxO0oO5pTuDA7upO4EA/L3wCecjjaTXXxx2ErFdwRSGGRn5t3IH3cHON3ClRjnIwTyUGnFJq/vXum7vWLW191vZ9bK2rOXMKNSVdytZcsVrf7Nktdej18nuctKgYYGPmQEgEkADjGM46DPQZPQ8ACv5ABVQVK7STuAGCcn5iQpPykDhvUAccdPLpxDHySjALtB45zngAj+7nA52nHY1UjsZ3ZSU3rkjBAx17g/3RnGMAjse/auWTuk1ddPl6u/bRaaadfLm6sW007u260t7vT0+a6WWhzjxMoAKhkDZHyDkgnoWx1wCPfgHNUNXUFN6AjMRUH5ducDA4GOgxnnODmuqntJocKIyoIbjaSpycH73TrwV6A+h2nA1a1doEx90K4IBOANvIz1BzyDwc88AmspwtBpNXfL0v0jtomna2902tLW19TAVr1oRlfmsrp7q3LZ67uz6r1uyhpDbYIlI3HadpU5wQeR7gNk9SCc88YHWWrRSI4c4d+556fw/UkYI4B9eTjmNKt3SCJlAZnyQMHDdQ2AAQwPIzzyCOnJ7K0tgsZIOXJ5G1hkYHA4IB5+YlQAfritMPByglut7X1V3F2e+620t1SVrHNmVZUq0pNu11vrG3u9W9euj69eVk0Nsjuu4HO0sOcdzg4GOOeSMNgnkZzXvdh8BYdR8IL4tXxx4cimFnNero73AF7+5UsIHBfIkZVKoOuSqkDIrw8RHzE8oMo4ycgHJ/hyxIGTzg/jtxUrveRK4ErogB3KJWAK55GFY9Q3OfyPWirhcRNQdKu6SUk5vlUnKL5Vya6rTXTbv34IYunz6pSclZPZ7Jr1V+yVt3brm/ZYwZBIVZdzfMCT8wJ6Z5Iz90cDB44watHSi0e4YztDAsAwZTtAAIBwMgnLNnIwQT95i5Zdo2lnbcASQQBwQoGe/b+tWjc7E273IVcYYkAEn+EHnbkcYxk49sd8IaJNdFfZavl19b622bvuzkniKkZrlk0ru9/hTVnvdLonta2uxlvpz7GDKV44AVcMfwyynHPUcde2cmS1KuD5bKBkOwPXA6lcE8ngLnjPHpXWm5dtoxyQFzywIIGMnkEjHHucAA9KN22Cn3VJVlJHzE4PJZSOMnjPRuePlOc6lNKLkmnLpbR2VrKV9dt0/+G9HCYurKUYy1V4pt6t7K66W9L9n3Xn2qxDzbFQWXc7E5HHBxgnpxkAZxx0HQVqJZl03DJAUgDbgNgjDdeSQeuDwOwGDF4hmhM+nK21Qrvk88jd0I6juMZyecZGK6nTissaPj5MIQvqD24IO0j5uDk5HbOeLCKLq1HKz1T2TWrW1+y6Nf5H0mNxLp4ajKPMrxTVtezXTff9LmPFaXMK5jknRzggRyMmDjGAQwySARnA5HUDmte01jxJpxc2OtaxalSuDFfTDaRkdm6gjgZ69TWqUjVwdqgEs3B+Ve2cdG6nHqMgHAK09Y4iXwADn5iByScMcnHAJIORgjcevIr03SjJRkrJ9ryVtmldder27O+h4CzirBu8nfT3XJ3smn0X+XnsdLo/xm+LuhsG03xvrsTQjCiS7kkAP0LMp+ue+Mdceo6T+2D+0FpJiZ/FDajHEN229hjlRsHksWUkBs8kklcgbR1rw77LC2QAuX4U8+2eBkDj8OfpURs42YoSQAMDdypORxjpwf4Tk89Dk0lSkm+WcknZtKd0nom2nd6aafO2pdLPpR1bu4pO7X+G6emr0aS1vuuh9g2H7d/j+ZVj8SeEvDWuxLgyvJaRFmU9eNoBz3Jxg9Od2d+P8Aa5+GOrgr4o+DumM7EMXtbO3DAYGSCU7Z3BgQeARycV8OjTCxl2qkfHbHOR75z0GAMAHGDyajl04h49u3srhQCefQE9ztDZzgHjIOape2p2aqSvp3e3KtNdr6d7ed2dSzpVUuZQauvihGyinHW/VrzV77LQ+8F+J/7HvieQJq3hDUNAZ+ZXiJARmxkkRjGBkYz6g+1c54i+Hf7JXip7KXw/46m02RywWK7bCqDkhWEuMg9cgejH1HxJcWKlpA6kZBJyo2lgG5J6g8DLY/IgK3B+IITDJZmEAAttbBw3UZyC33evBboAQDxWNbF1qMbzSqRbtKMk7Pbumr3Tsr3Vr+nrYHF4XE1OVU4Oai7uMUmlpd7baX10s9T9A4/wBmH4X36KuifE/R3Z2BVJJ7dDyxIIO49D1I5GcH1EVx+x3ezc6R4v0G+AcbNk8JLHjBJTpjoduOpA5yT8I20OoRoslvcXcWFVt0UsigZUYA+YMOCCMDGce+7oLPX/FuncWfiTWIcfMqJezrhgOM/MucZAOc5wfqIjKD5ZSw8W9G2oK2qi9NnvvfbfVFSxmFcp05OzUraSSvblvZO11tby1asj6q1T9jv4qROZLOLTtSIb70VxG7uByMZfIHGSepye/A4G+/Zt+K2nSyx3Xg7UJyuNzQIJAOedpjDcYOM5yQuRwM157pfxe+K+ksHt/GGsJtX5POuZJFJzkbQxI79s8Y3dOPQ9J/au+Nmj4B8Ry3G4ElZkRjj03E545LdOow3BNaPE0Uo81K1mm9JLayT0bdnZrVu1zFYbCVNYzqRTSs4y1TSW+uuutuujucXdfCvxVYzTi98Ma3beWWUhtPmZMqCTlhGdo2DqR3PTPPM3HhGSORo3t5oWTGRNDKh3cKM71XPPTggAAE8DH0xpn7cfxFhUJqukaXqUWCZDNBE7yAna5bchySO2c7Sc5HTeh/bI8J6kCniT4X6Jcs65dxYwIcHGDujVWxjPJBPcjaKtzwNRJunq430dne8bXUkvK/bfXciOBskqWMkk2mlPa2lk7PppZtdL90fKdr4TV0I+0QI7K2+NmUkHpyD0HQHnjnB+UmvW/gtoM+hfEHTvNeJ0e3k2yIQWJKtwMDqM9uMnGM8D2mw+O37M+snOqfDe0tZXADyWl1PCASc7tgAB2EnAyTjAwwOR2Gk3nwA1PVtOvvAkV5p/iBWcx2Ut2ZY2jP3m2sdpYLhQuDke/Kzy4CMbxThUWsbu6b9x300vu9rq6Vzro4TFKtRl9bpVKUZR5orS6ur7a+dr9dzh/iqgbxBYMAoDwykZOeR6HtzwBz0GAK5uwtldSrsAwQHv8AeVRk45yccgA8A5Jzgjd+J8qzeJLJVICopU5IUqzHPQjjORu6c564qnYJGiIjbmP7wmQY59SRngcgjPTHJxWE6sVy8r2aTttvGytZvrvponqd7pXnUd7JNPra9otaerdrO3d9B6WaDjzBuwQWAwxBPbsfTJyfm60C2EZJDK23aG38EFuwPBGRkDaTxxwKuOY1RACWIPL/ADcAYyCMepxjjjocgGpGWJsKeGLAhjgccZLDGWGMAcscY+UZAqHKUkk3rZSknZLRrRtv0912v66I5LNeqi4ve7V1p0utt1v7yaRUeGVkGQwiXAUjHJUnjGCSDknjtnBPFMCgMF2tu+8wILbeOh55G48fmAavu0cTFBuwQMAk4ViPvAc8N2zz+QNPRVLqFOHCsJCAPmx0OeAcgYGDxk8nispKUk2mrpNrZ2vbZX3uk23frfU0p8ib0V2021bXbW1rRvv5dNbt1jGpBDkh1KtuIySGPUHsV467RyMg4AMsluShYsZGUBVHO72KkYBHBA7g8gcCrxMW0hl3MxX5zklSRzkkA7Rz8wwSCflAxUqx4fDFnAXchxnLEjCjAwAeACQcDHU1kqbupS0Su9G7dNNetuq6q71sbwlGVuVxfnfZe7urpNNXV7u/54d0lwqNhlXaq7lPzEj0yec9jkHjvxXE+Iww0i9GwKCUIUAtuw4xtIByeuM4PI7Zr1C9ihfAKKGcgE4yAAPm+XJIYnBXgjrwMZHA+K4tmm35hyyeUowQW2HeOdp6kj+6CMdCelZyipJ3k+iTV9L27XulZJ6WtrfS71koWTe1vN6PW9n2s2lte/cs+Jdp+GWqnHzPoSFBggkBQd5GeuBnkn2Br81rwZldshQdo55GTkc8+nc/ia/SnxSkv/Cs7gRhELeH2L9NxRUXAGexxx8wx1HpX5rXcRLE4ztUk9Mnkgfe4Jwemevani4t046PRq197vlVrteia1+aOGryxqxs7XT1bV7c0bLfpa1+33KLyQ6jgYHde4Huc8jdzz6gdAQ5QEHA4IwAOqnuc87sg8859OuTXCsFPJwCOxGATxwOmSCTz1OBjipA7LySXwAcNnk9ATnt05AIPcAV5sFJvo9m993a6eqt5beXZVfTRqya2d92le17/NX/AEJzIRkKOq4PJAxg8YIAJOefTkHsAomfcrg5x8oGSB6HnlRgE5/Tnmo8vvAbORgnPLAEZHJPzDnj8uB1kDRttGzAwchjwSMjJAHDE9j+Z61rytRs21Z21d09tuuu732e1klKlyyuvg0euy23S1bb7XaXVXATHOcBscENz7HHIPf3PHHfKNMrsCT6rxkr355HUEdWzkgH3Z4RTlU28jI55APDZBx0wRxyceoqExScrtPIJ+Xk4B65PUAY45x0wM1KnNX9NE23q7X/AEX3vYbmnbZX20e+i289Oy7blkbMbt+cKPlzxjGeSvB9Bx12gdBTsKSGVx8oAwRxz/CTgkgnIHPQZ4zVcI5wM4I68Do2B0wQOhXaR1AwQDyu1gCOcZJLHv1PHQHI4+bIHHbdUqra90rqy66rZ29LJ2bS1flc5r2Um9dXd2+Frffq13+ZoxSKGQBuQQp2qOCMnjnOc/eB6LzwM5n+8+wkYYk7guCnJOW4JORnseCcetZyB+CoIIYAg5AB9z64AIODuyAeCTSvI+WbJZgeqjBUgHI5zxkHoM46dflpTlK2n2rWv3aej+7a11bXRFJK11bZarVyWlm3FO/T9Lu5teWYxuUKVCqSVyhB6ADONxOSPpnJPGdC01XVrAK1rqN/bMSGDQ3MsZUHBBO1gvv0PAxwOTzS3TDAOScA4LDqB1xnGDjkDPQcdRVgXJCsBkBsdSBtJHICg546YAGR04Iq4SjZXS7p+llfvutfK/VNias9300Vtnv5Wte1m/NWsn6XYfE34iaOA2n+MNcgIAIBvpHBUYAyC5PAPIx365NegaR+1D8bdIx5Hi24uEQJ8twiyZUHaC24sx5xyQeuepxXzolxIcrwVLAgHByCM/L1wDgY9iBnpiVbjCsCVQjjO07iAcbegGc5wOMjk9hV80lflny6qyva6aXXtvtq9ilKp9l693ZvSy8unW6t6XPs/T/24fi1akDU49M1ZYyoZZogpZegz8uCDwflwOhIzXcWX7dMt4I08UfDfRL2IFQ7R20LOwIbJG5cZPDfMSMZPPIP56iSLLsSQB0UcKxPOSAWBz6dNoA7KRYR41BAbeMAngnBz8oUEDgAFR0OMEdql1J6xcnpa6T1+zra/wBztu1t00UqiVpO7VtbJdY9rpLXbv00P0rg/ap/Z+1yNE8R/CS2jMjZkkhtIUJU8EZVfc9MAY5+Y5qeTxf+xX4nZRPo11oRnGJCiyKIcgHjYuBt78jsK/NZZhsXYAThgMAELkYII/iPUg4OAOdtCS7wVdEJPbBLZAz1GM7cDOTg8nOOl08RKLsnzO+ilZ2tbz3s10S1S83Dm5X5oJrTW1k/hbu1bXvfya0R+oEHwr/ZN8TRIugfEcaTMW/cxzyBSxkIwCZSNig9eMHGccis2f8AYy8L6o01x4U+KmiXrTKZEEl5b+aiZySCHJBYEY6Egsf9qvzjtBESu4FWJAVo8qR6nggrjPX2P1rodM1fUNPu5EsdV1G2dflX7PczRvgDnOH6A5OccYHpXTTrQdualCVtdNHe6T0a6d1ZJWv1vjJ0+dXgraaK32eWzfV+W2vQ/wBC+P8Aby/4I9eG0H2LwU2rpGo2u2i27+ZgZG5pEB5PfHHLZwalb/grh/wTX8Mx7vDXwNjvRDkxN/YemRk7cbWDMi4znC8AZzwOtfw1P4i1a4AIvmEaqowpfAOD8oYDoAMD+EgDnJxVR/FV4qIJb67Y8q2xnG0YI254BUDCjPb1PFfsdfxCwMk+Z4+rF62nmWI1u03qpQaettElvqz+LsD9FvCYdQjCrhv3ahGMnleCleyik+apTqNuy1bvrbR6n9wGof8ABfj9mjQ4wvhH4AgCM7UEjW1qhAyVO2NQABgZwTjrnqB5R4k/4OQbSz3J4a+CPhi0JBWI3l9IzZyMAhY2+bkk52+3Za/jMk8UNCVUSTsXbku7lWHVWIBbGSNp6ZxyCODQuPEk8skrtGMgfu1y5PTDEZ7nsDx8xzwOfMnxzlis44Sm9E06+Ir197NJ81Vx69n3tdn0VD6OOEjHlxGMxHK3dwoUcNh4tPle+Hw8Gk7bN9X2Vv6vfFn/AAce/Gm43jQPh18P9OYhijGNpyinoMmLlvqSeO3FfNfiz/gv/wDtd6xHKdO1jwxoW/7iWGjW8roDnCgkKeMHnPBGBiv5un13UpnkCeaqqc4CAjGc4G7n1yQBnvk/dYmpanJMwRZGK7cnaAQeoU45IPGRzjH4nmfiHTpK1KOEpK1m40oXV7Xs5JuNu91s7dL+9g/o48LJwlWy6piprktKtUrTbfubx5rbd49NrtH7d+Jf+CzH7bHiVZDN8Y9R09W3s0dhbx2p+bIUjymXbgDgn1OR1FeA6z/wUo/ay19n/tL4+eO5AwffFa6zeQhMk7gBFIFwN3ykZHbPOW/NV01SaNXMTJuBJG8jcQSBuAAOMDCjrnJOO9SK31ct5sZVMH5hkE7eDxgjOc8gDPAPUVw1vEtrX65BWtpHlWunSKjr5uzW3e/1uC+j/wANUWnHhzDybS+OhzaaJ35k9dU+jbvotz7X1z9rv44a9u/tb4tfEG6V3y7T+I9QKEHPJXz+ARyB05P3eleXat8ZvFWoM733i/xDqBbCk3Or3kvQ7t2GkJJ56dD6DqfBr6y1WytU1C6yI2DFVJYLxnBZSqjBwAOpPPTk1y7XupTy/u0UhwDGgUjDYAOMHAOSNy9cZ4rz34hOupTWMk4t2vFytpy2tZtrtq7tu3RH0cPB3JsvlCnTyHBU3ZOKeFhF/ZStaGl7/de7Wz9suvHl7cl5GvLiVz1aWWVmJxwcs/I9ck557gVkx+LJS5kFyzSMSfmDONxPCjeegOOPwPQivLJE1LyVDyLHIzHO3dkbeuccDHPPzbjt9eaStcrOUN2qnGV2bSA2MBs8FSecAEHGVwMZrhlxrCpJv61UavtzPV+7e13ot9LddEerS8PcLhlFU8uw1JuzdqEI7WelldNWfxO7a1se0Lr91IPMNwRJncyqoUheRkMQM9Nx55J47U46ysu4h3LghsiQjd3Cn5iePukA8g5xzivK7Y3M0bH7bJsjzuwpJPHOCAMgYHqSMdO/1b+zr+yt4+/aE1mHTvDkwsNMlO2XW79XitBKMqYU4zJIW+UhDnaecAmvBzzxLynIcDVzDNcdDCYShFyqVq9RQilZPS71bXa+7Vj3Mk8McdnmOp4LLcu+t16tuSnSpptWabbeiUY6avR6vo7eQSa2QgILK4O4hJCOvHzPuzznODnPfvVRNehzv+VJFyW3OcHuAmMnI4HJ+o6Y/Wzx1/wRh+LPgXwZc+Lb/wAa6ZIyQefHY26OZZ0YF0CkD/WNjGCOM9Rjn89Nb/ZM+IOhTusmm3V66NskRFwiAEjdvB5Jxkjpjkc5C/AZT9ITgXiD2qyziHCVZUny1FKq6bjJcq09oottWVrK0ui6n6dW+jbxtg8NHEy4erTpNXUqMY1UndKz9km1ZaNJXfrc8HuPE8ascSKSu0iNTltozn5if4s564BPY9GHxash8tGlBbJGcNyM8Dn5ScgZXA/mfZ7f9mTxpI5nvNJkijjb51iUyOVKkZII+UgHJ+XOepPFereD/wBnzwzp91Dc+JhM4XO+3MLBowTg7iq8D5SMlTkEjkkZ9Wfifk1W7oZlRryatahUVR627TfXuut09bHHQ8EeJISUcRk9bCxsrzr05Rv8PeKdk9bJPRK/U+RF1u9uSI7WKWRjnICFzjg5wAeoHJyQODxU9hpHjfWZDHp+m31xuGCUjkC4PHzEAcDPc9xgYGB+nmmeEfhDpAhFv4fgWSJirTyxHc3IbGCDknOOo+oOMdpD4n8D6Vsh0nw9bKw4LRW8SeYoOcs2CWAJLcnkHpzXM+PZV2o4ZTkn8LlK2/Lsuuu7urLQ9VeEEcJyvGYilTtZOKV21ZaapNu10tHqrO9rv84tC/Z5+LHiQB4dIuIbdtv7xwdmevLHOccnJ54zxn5vYLP9ivxZPbR3Os6vHavhd8JcAqpzknjJwCcDdz05BOfr8/FLVZN9rpFk1rGC2xkQDBJBCBcYAzzgEjJPJGcYl3rPjbWI5DdXLQRsxG9SQxwcgHGAFAHqvcegO1PO80xLjeSjHdpOT000unf8Ldbq1jDFcJcPZdFxVOdeokrNvRO0V2stdV0a9Gj80viN8Kl8A+JW0WC7k1B1TzFuAwPlkr8xIG7IUY2jORls7mya9N+HPgnTrbTob+7hOp6hcn/UTRZVMnk9ckHAONwyc4wMZ+pbr4aaJqmoDUtSV7y/YZkeUHLA4LEkg5y3PJ5yccYx1Vp4a0yyaOO3treFI0VcqgGOnBGOvIAP3icd+B6zx1WdJRdRylZRve17qN/Tbrt3vZnx8ssw9KvKcIRhDmvDZaNxtZW1tqtt76dTznTdNe0CeVpVrZ2+MKixIozgYPQZJ6Adz+NdnZQtHncUPAYkHa3IyQdueAOMAkHJ6dF17i2t48TSFdgwuwuBnGcHkjtuwPbheS1c1ea7pFrKwN3G/lEL5KYkfOATnGc7c4wCRnAJHArl5atRXcpWTum27O3L5b97b20313caVPXR9LJXe6tpstuzt679ZEFZDIdq4IRM53OODztG7nnjv0zVS+aGS3ugUjUBSpUtg5VcYLEYBI6dsnpt6cW/i+4d1h0mwuLnduJZwcA8AYG0gdAD1OewUcZ17YeMtUt7l7lhYQnkbflbAOc8AE8HAOCR0J5yOmOHUdZyTfLZJq97Je7ez7rTW/UzdSPJ7t3Hdp6LVJdNPdb0el7apq1vGPEEt/b65d6dp+Xs5A03kq5bY5OcsASACBgnHQkE4wKp6jAzaa9y7bZQNsxYlMrjJCru+ZcdeOuMEZNblvo6waxqWbzzpEiCvcHLLkkZRueDkHrgfe+lYWupeSxbGceWhKiMrtWRDkBmIIBAPQN19QBivyfiXCzlmco04NpuKckut0nte1k0ktUrOy3Z7+FrL6pFN2bjaNrO2qSbT0Wru0la1+jZ4r4m121Pl2MBaJmIO9u235W5I4JPPUgkjBG6uI1iKEQlXYlpo1KSKTktgZAx8o65yMdfvE9di80O9v8AWJjJMsWwyBeM7gT8qoOgIGFBHPGQMkZzNQ0/yWUSytG8cRBSY9SB8pA7DIBAzjI75OfaybD/AFaNNJO7it7PstdVr8vW1rPxMTUc227vrZaRsrJJK+nTz773PM7p4kkKxks4BAXPRwc988E/Mwzzznniur8NaRq+v3dhpVhZvczXUyR/ZYd5YAlQXYhSQp6n5ivUk5yTwOqzyQX/AMpJZstKyjIPJxgjPQHgdM4PHQfTf7M3im20jxlE8lp9peaLbHJKATbEBlZlJJUDgscgjHAr7CdVKjzrlTSt7uvvWjvu2lbyt1ut+OPLOSulZ226O8dNWu79LvZaL27w58BtM8MQnWvE4W6vIYDeJYxqCkShNzRyckYU8bT3GBgc17H4S1fwFq2ji+is9Ntntd9u0Rt0Xy2QgJLuIGHIGQRk5AI6DDfiB410a38PX11fTJvu2aJfIk27g3DKgJzzyDz2ABJ6/CN1qGrfbXbRry5ttNlvE3WySbhKHlBAcB8FGUkZXPQgYFefRcpz5pJrVaWeztb79dm30VrHTGVODVrT93VX95Xs1snZLXZP3tPM/UK2kSSCAwPvgeMeUUIIZf4SoPIHoBwP7x4q7H85Al+Uk7U3dAOpUAcdRwc9efrzvhtW/wCEe0XepjcabZl9x6u0SFsEE8g8tjG4Y+UHiuhRju3YUOm5SRnJYE8c+gBAJBx0ycDP2NNfuoNPTljHfZWj0eqae97dddms5WvzadGu9rprZK3W7WltOVmZrYRLW8RgGLQTEO3GTtLdjxgHpkDHTOSD4bGIxNgnpAoJGSACR0HXHHygdvQV7hrQIsbp2LNutpO+eQBkc5IbJ56e3BwPD4ColxkndEBvIICruHAyegPA6fKR6EVlVT5lK7Vl3XW1r6va+mr3Tv2Vk/tbW2b/ALu6stu9vmrHQ+F0CyamBzueMFSDkg5OMlcncD2GCTyepHd+RGsBIIY7SR6oSckdcEDHp/CPTNcb4VAkudSAbK+ZEC5BwufmbGOhyOgxg4GdpJHeGP8AdsGJO0HaSAS2D82MHr6EAZA+9kmu3Cv3VpqtPxjqnZ9GtFezd7XRnKN/dVtdtVpt6XTWq0363StlIkTYIUJKuANmTnnjkD7o78nryAOvT6OiNfWhYkMswRTubOMrnP544z/dA4rnVhczI8fG8k7RxtxuAGOOCw3ED169a6vSYv8AT7JsJu80BlAOc7wRnjPPBI7cZxivdwabqR1W6ev921tNNfuWzueHjIyUvhe933s7X9L79LXVvL2/aNsTZIYJuyckNtCkknnA5UZbHTdg55qzpjgHcSCo9QD0Pbp2zg8D1q2XYRooTAK4ZhyoBGCcHGDhcn73QYx2qsCVzuyeSoGVJYZ6/UjHPPQDAAz9DFLVKXNaN+1vgt0166dOuuhzxney0Vla3bSPey2vrv8APemqCMsCMMBtJ6nI5Xrxgntz155yKcpLkqQ7bV4bHQYzk9APUcYPJ5GKegLOWxh1G7aTkAjrnGQ4OMnn68HmxHhWUlQGOQQM8/3SQeWGP+A4HJPSrUrJJ27JvpfTV2129LaO+iWid2u2n5K3bS3ez/MajsgP38HhOwYfexglcnqPvDk4yTToyXYb9xGOEwcg9RnkYOeBgdQMYGKlZB5a7sdXAySMEkbcAjJYkfT7vGOafEm50D5XBXK9CDnBO456gdMHHGMnIrnxLTg/djJKKT21dknbqnvvs3rrq943TjdpptJeqcUkn2Sd7p2fe618g11hFqtyrK4AYAHeS2RgKTg8jqDj6YJ4rMjkdtzOoG5flLE5IHXnB69hgnI/PL8U+M9BtfEt7pst6kd4JkURsQ/XAwB0HBwDjGeeTV2N1nhWYTF0ZSyKq4+8Bhl2jkrnjHQD1yK/K8bWputWinaSqPTSVrNWT1eu9lvrd3tdfb4akvYwvdvkikt0tIvVapq9kl108iwzyuioPMVAxAUcA4z3znlsHJIxjpySJI0cqpkLspIzkElcnAJDY4HGOcZz/EeawV2ABd9qLnHJYk/gQCBn14xnODSRyuAAFeROAMnocgcHkt3Hr1PPWuN1k4Xu1po+ZXtdaavtbS903dJM2hGp7ys7czt31kraNt3b7ptXb1aLojCJkuCFIBckggcsMqc5HGDjoCAw4FMaRUX93iVtxyWY8Zxk7hwuVIPUAAjBycVah07UbnEkUEiqW2qHBKgDPJyctz2zxzkjmty28MXEkeb2dYoyxOEALcYDLwOhx8vryKwli6VOPvNa7a3e0ekdLNdHe+51QoV5K7hJLRX7JqKt0WuitK739TkJJLlWaOFdxZVwBjCZIDH6jj5s9zx6RTedHEWJBlbKvtXLKoPQjHLZxgHrwM8V6I2hWEa7IXdE4DuxwW9wBnHQA+nIG3FOi0ewiUEhH3seXBLDJI5PcAEbenGAenHFPFwk9OaW1tnb4XbRO2nf8dDWOCq6JuV1Z38vdWrtqklvdd7XTZ5JFeTRj5VldyGAbkAgk8EcZwe34epqWS71N2TELFcAAEZyQMZOPyHoODXqk2lWJ4jSAKAvIGDhhjPTt97IOOAWBOSah0+3SQhQBwRuGSGOM7Q3PBGDnrz1FL6wkr8uiavo/wC673fTXd9uhu8FJaXS6XSWy5W73d3v2d1e55XJ/arlsBhHg4DDcQPxJJ+g45HXGaRBfM4aTMnyY5JABPQMOuRgDnOOcY7+kS2tuucKm8gZjBO1hxhiehA74IzwDngCL7PbIE3Rw787iC2CdxAXKkDIwM49iAeflqOMcmkk4xstb2dny3Ttvd/8BXdiFgXJWbVnvzW2fLvr5vTfR23RxMMF80gbMgRQQRgZwRggEknbnHJ557d7q2OoErMPNTk8kA8Dp0yeOOucDqOtdnJeWNlnzI4BtHTI256sxBzzn73JyOuMGqs/jPQreEszW+G5yh8zAA4AyOGbOCTzjBx1rSNWpKyaaXfW32bX0WiWqs9/IVSjSpK86ivolu76pPyatezbtotdDnUtbptwEUhYEEsCSML/AArgjggAFR36diLtvpt26mQRtFlmUM5IxwM5UcAnGARwMc4zzjP8UtNEzW1vbKZDkKpyVK5+VgDwecEjOcDng83m8dTSx7oEhBkIOOCOOW4OOcHv7HnrWl6l4vV32a3Vkr7arur2d9dr35+bDJr37tvZSXl9q9769HbW/Y0n0q9kyuHCIANypkbgTyGGQeR2OTyDk9LMOi3hTe0Ts+cBWHOOOgA+9znBxkHgHmsxPG1/HGqg2oU7iXkK53DPtzjjjOARkHJOMK7+I2rIxhiuLfbgs0nyhRycADocHOARjGAMgHFShWl0a1vrptazW3yaXm+yqdbDxSvLV+eyfKlp1tpqraau+h6DNpN4o2rEIyQoK4yW9g3Y9sDP45FVnsLiNSPJbOSAvPze/HUdcHH4HFeVXHj/AMUSbVF0Au0kuQoxydpBGeFHTrjHKg5FY934+184cXkryAYwVABySvUEA4zt4JycDrwbhh6+iV1dK2j8v8rW6+ph9bw0XZvTZdL+7F6300vdpW0a7NHtc+kXjoAV8lZExwAwO0feJxx7HI5GeMA1Uj02GBSkjo2cEsG+6uMDAA4GevTcc4HINeIz+PteKtm6kKogXYHJY5+8ckhVI5DDqMkjFczdeN9eiiYwtKu8E5LFzwe/XjHY5/HmtY0K97O7XXS7SvHW91fXy29WYzx2Gi9HJu6296/w+lrN3tdL5H0SlvYW/nSxNFK+4b1duMnqCSMAEdRnPQew/TD9j74mePPE3w18f/C3RPE407SNL0TWNQFrZnY9tvtJQQWRjxIcqMgcEgjjn8StCtvir43l8jwxpN1fod7z3CRlbZMAkl52CpuAB+62F6+hr7y/YCuvFPg34neIdA8Su9k3inTLzRktfMULdXBhfLF1YnajPjJyu5eD1NVDDyU48zer2va9lHbXbZuz13VkQ8bGasqbV1fXRtpRd130s7p77O7PhLVdbv7LxHrUM1ypNvrWowTO7DDTLdShndc/eZiSc5J5544f/wAJxNEkwlmgO1Np+cAct8q5JIH3SeCSowuQpryr44xXnhD4peP9HmcrPaeKNXzADhQr3kjowI6gqcgcdRzivB9R8TXm7y13iOQfMTIWU7uQwAbHUkDH3TyNvOdqkGmk1d9btO7unfRPrbt0ueS8dKEpK7Si2mr9ne/Vbed3u3sfZNp4wtrqVGW5gEjOv7kTDAAAJ3cjnJ6nPBAGT16q18Q29xPEweFyTs8sOcZ45bHXGMlsEjgd818M6Zqs8dxGdrM20Mu2Q4743kngk5yMA7e+ea9K0rW7tAzBT5m4fMrMGUkjg5wCMEBRlRwOeorFUb2sn06vy391J7Ozduui1v2YfMZac6fTre9uVpL3ddW3bpsfZX9pQuqwu0YQZZgoU4Odw77uuOB0HWuis9TswixqtuAq5wGjO3BGMjoC3qT1PzNxg/INp4hvn3hzKrKcqFcnIx15GOcdBjPritm31m8JYtMQSV6sydjhRyM4wQeck9BwauOElK+qskr2tbzdldq6XSz37M61mqUko00lZLmatvy3083r02sfXKXlrMrq6QOWA3OApKAg47+uDnpz9TVtLqwt0csLTkhWYsowCD1B4AyRuHOOevFfH48TapCxxNJ5Z6ESsBtUEZGPU8gDrg4xjhw8S6idzvcPhwD98kjPPCk46EnJHUevNYvATfN7zul36+7d6WXXfRvTUazlcyTj2+d+V/Naq6fS67n1LqX2WVN4eFmG51IKhQSPlBHTDHI5xkBs+tLpiW6xnzlgcttxuP3SSAQCMg5Prge+enysvinUUYbriXaT8hZvkUDOSACeMcnHI64PSqsvjbV1kWOG6uH3tjKNhc9iOeh6jK4AHUgkmYZfNwlZ30T1Ts7taq6S9ErtrsaUs6hFtuGtk2rW6R6bLTZ28/N/ZqvZoWEkcGD8qMGXAXkFyQeD685zgbck5uRz2USgDycqpVSrgBiSOCF+9kdDngdBzXxMnjLW1dlZ5mDNyGkfGBtGeCOAPT5R1OTxUh8ca/E2IrlwRyQjE7WHb5m/PsDleDkgeXS5Icrsk1su7V76O+y2S792bf29TUW1B6u9krOzsremzv0eqvdX+02vLYYcGDBYb1wOnO3n0PTufQc4rHvNY09GkkdlYZC4zjZ1ywJxkH04zg9unx5L498RswQXMp3Y75HHJ+bkEg9s554GCKytW8deII4JGlukWPBB3YBIwcEDPc4LYA6hucitP7Phyrmm22029+ZLlSXk1rr0auuzn+34ySUYyd2td0rcvXTZvd9Ovf6p1TXdMEMjrcJulBjZi3CqeAcnpjAAIwDjj0rxDXvEM3mGOxvJWEMoO5WwHyeABnBweT35yccZ+dNW8da/dq1rDOwh2khkXkk59+/b7pzx1AJ52y1jWWk/0m5nVDg/O3I5BJznCkcZIbBGQD0NdNOlCkvdbkrJb63dk1va+ieie2zPPrZk6rSasrWbbafTZt27Xu/PzPsW98W6angHWYNae3bUHjkG0sgkYOgA8sZIyMnJx1IHBHPw5JBpokkkhEzyFy6kLkgljlc856jAPIVcZ9fRbWx1TxK6w6Vp2pa1dHMYit4JrgfMCEyERxnPTnAAHPIr3jwL+x18a/GCx3UmgxeGdNnKkXerutspjzjcqu28kLz0G4K2ApGK0lh6+KnBRpvVpLSyu7d1FLo3ql5vU46+c4HCxU8VXowsm/fqQ5t46JaPs7pSu0nfSy+UILqKKMLJA8rLjG4glFzzuzgADAyOM4OSDk1A+pXU8vlWcQAJCqIxuZueFAVSfmPoAeRn1r9NdI/Yl+GHhSBr/wCKfxJWSUOFksNLAMZZcF1WVmD4JB4AJ6sOOa0H1z9mX4cy2Gk+GfCFvqU81xsOsXwS5ZVRgFlAkyUfPJH05G0134fIpzqWrVKWHjdJylO8ndQ6Ldtt37PS9ro+SzLxGyvDUm8H7bHVY3/d4eD0s1fmlLZNrRqMm/TU/PLw98JPiV4vuEfT9A1CWBipDzxPBCob7rjzAu9eACF5x3IIB+sfBX7EusXjQXnjLX7fSrNlR5be0CvcYI3BTngD5hgnkcnGMV9nW3iXT9TWxn0tobbT7jb5HkxpHtjUZCFV4C56E4yeQSQBW9q+qRppuoH7QQ32R/KdGbc7BDngZO4DJGAfXCgGvvsq4Fy6SVXFVZV4xSkkmowfKovyTs9dPuPwniXx0z94j6llOChhXOap+1qxlVnG8knq1yppt20W2+6fBeD/ANnT4R+FYUaw0JvEd7BhmvNTJkiyhGW8k5TG4E4yRjgcEmvTtR1jT/B6wRxafpml2M3lwr9jhSFYUwMs2xP4QMg4x65AIqjoPiSL+w7G4g+TFuUlMsnMjBtpxu4OSORkgDJBNfHf7Q/xOmgDWttcospkZPIRlbAwMsy5++pzhfm5wepNfYRwOU5PQlWoYbDqUFGzcYub0Vr317a3T+Wp+aY3NeLuK8dDDY7NMbVjOo1KEJTjShC6V7LTlv5ddn1+qPGfxH0XQdMfU4tdjlgmhaVo/OG+UKvKxrnIw4yMKR34GMfJXij9p9RYyppjncqM0Zlbc7OSSNgLZUA8HI4O3IAr4q1bxTrmqxRC7vp57eHKQLI5CJyckgk8DBI3HHHTHFeb6zqM8rlt/Cso2xlgFwcA44+XqMjIz79Pks44rnGCjhEqLacW425mtOqvtayS69un3vC3hpQdSVXMnUxraThGo5OMb8r1u9dLXWt2rK+p9N698dPEGt6fdrqF62y6SSNoAcEIQ2GVc4bJIPX1Iwenx3r9iX1F7p5hIl0/LM258s5YgdxjOB6dSMtin3V/OQN0rkqQQBkBR3JPOM8DnPPfHNYV5ercuGaQqImAVQSfQbt3A4Ax93ODwMEV+aZji62PqOtWnOpO796UuZ6tPr5J6J9Em9LP944eyXDZLD2WBo08NTsrqMVGMtlqo+ab+b2LQ06zkYQLGsKFly7Y5JxgEEjOT0x05JA6hJNMsoJXWRmdQmwEAKpkPGCvGD+HU5JONpl/tK0t0i3xGZ1y5lJ2tv7A46hT0B7jdjrkt7s3m55gkkhkJVWO0LgjB4HOMYwegbK4ryHTXMryae1tOlraWtZLsnc+o56ykrWdo3/ltrG6Ss1tezV30ujm7/R54mWeSGZYGQgMegIA2kjOGB5IAIOGIOe3PtEC7ECR42BCjkAHGNzfMCSByMN2APAr6K017W9tpbO7tjODCRHEnJjYIfnUkDOOoXsRgjB5zdE8D/a7vbPbLa2BdistzjcWDfMCGPfGCOBn0wBXBjcXSwcJVq048kFeVk7uys1yJ3fol5O2prSrOpJxs09E3vezTvdba91o2t+vgTIRCdrFiJCSZDgIMnnPQrjHvkAHGTWVKskjuGCgsp+bjoMjB4Ix6jpxnjNfbV94K8DxWD2k9ms5H3JYhsJkwMbjjDAEZ6n15PNcI3wx8I/aVZzcRxyxkyLvO1Tj5QrdOCSOhXI4J5C/PUuLsulbnp1qSU9PcspOyV7a6W7pXvqnexu4NP3mlrdWuk72V9tNOzSt3vY+UdsfmAEnCj5lwCC3TP0PG4HtzyeK1tM0i6vpUEMUjKSSZCpI2jngDIIHU88k8gEV7ldfBmxedZrPUhHZvISquP3uAeFJPIzjGM5OT14rsdJ8KQRmGzgt3WGGMgzbAFyMqXY4GWfH3c8Hgbv4uivxNgfZJ0a0XL3dJPkUdI3WtlKze1nvbsiNHbRdPdurK9rvfXW7Wm7VvPhfCPh230eVppsXNy4JWMqGIJAY54IU5yC2QeB3xXrOm+IpLiS3sobRXjgf97HLGZAQDnOQGA5GecYGAcHrgpY20F09rG7xzR73kZs7j/dj68BuBjrj0HTN1HxY+hqY7SxVbwE75HGwurfKHfOD8xyMAZz3xgj5zEzrZhVUoSlUnJNxak1Zc0GnHldrrt29Tem0o6rbXdSaV42SabtZ3bTWqW1r27Xx1/YkenX9xf2kckLWTELbxhEilKll3EAZYHAI4bA46V55+zKkE3xl8KrDnZJeFlTdllUEgBj12qvGPQHH3awNV8S6j4k019M8hyskgE2NxXcWAGGIG488cYJ5OO/pXwN8PJ4G8cad4kvxsh0+MyIhwz+Y4JDE88E5AAGO3Tr9Nk9R5dSUsbVbmpxk1fmsk4tJX62fTa2uui0um38PKve00tzNXvdaJa76rZ7a/szcxQokhkOxvMwpJJIwTnB4AHPXIwOD3B5eXVNNt7h7aeYJdMf3aFwSEA3EjDdSARn+HnnPNfKfiz9ot5Y7eGESKsczvKoOHYA/IM7iS3YHv6AGvBPFPxnvpJp760ubiO8IDIWlGEVhtKqCQWYKD0468ksM+/W4pjU5YYWm5aK8ne/S6T8m3a/5XOdRpRleUtuV2trayfZ3tsrK/wATbasfU/xivvDOtWVw8jGSbSkYKTKo3ykkbRyGbBBJHQ5454P5veK7q8GoSqrFmnOLeMlZCV3YQZPCkhQM8c4FdLeeNdW1i3K3d+ZprmQyBGc8RjBJYZOSO+49BjoDjzbV9Q828jllnw8fJcLgthioCjJ+9wABkDOeCTXkOtXx1fnqxSdl6PVK3rbq77a9nM5xaSirSaV+l35Kz0s0rc1vvJLqaWBFaRw8jsgljDDh8bisYHUAY5B6/TFdPZ3xKQQxyRwQFVNwoKFyzc/xAgseACF6twOM141qGotJcrcNK4RC+VyRsyTjcT1J4P0+hFRw6zktOZXyjHCBmbcTkcnPYgkA4yB/dxW8sLeyvdpp32u1yvRprul91tkzJvlSdrrS2uz91vo3d/m2j6r07x/pPhvwvNZaToZn8Sy3O7+0ZX/eNErZDqd2UI5PB4+X6jjZ/iR8Sb25ZYtY1OOykfdNm4kMUT5yFQ7iAMkgYxkEckV4oLrWCyXdu7yO4ZVAUkbWU5BYYGcdPcYPOc6Y1nVdNs3SeSR43IkaPJARzxy+AM4OBjsSxIxXRRqYjDqMKdTltvyyldq6tbldrX+aWuvwrnlRhUfNJc6kle6VrJRVmnfR+Wza7n1p4S+NXjlLrSYNR1N7oWLxxSs7Axpalgu6Z8liSCMA9jn2r9GPhd41sPEzSR2sscssMDySbHDqT5L5ZTnJIJ6E9SSRjAH4Lz+KNQt2dop1Qz48wxt97OMDjO4gDHPuete2fCH4k+NfDuu6YmgXs0xu7lPtNshY70bhkfLYwQTkfVRj+H6zKeJMTg24Yrnq05WTvJuWyjdJ9rpu7u9t9X5eKymNWdN0vccJxlJOKV7Wta9u1r6+S6vgfjwjyfFPxxMclG1683DnjbKxAyMnk4HoOhP3seVWWk3l8shtIJZldguY1JCZI68dOp5BwetepfGgXLeOdfublokmvZzeXAj+bbJMSWTGQAwOQCOSRnGemJ4U168t1hs7O3jKb05KgtK4GCG43bRjIJJHHHPXycdieac6sUnzSclF7JNxdm9tFsn8Ot+x7lODjCEZJ3UYrVWWnLpdvazV9Hq721PP5obu3doXjeMQ4EiuCCCDg8Edzzk8dPu4qwLx0VSFXKoCSDgYHG5uuW5x35zkZr1Dxbokl5btfJsF9OSJIkypHTAKqAGzhiSee4wQc+TpbXUDSW8kRWSM/OGBIUgY6kZAY9cEgHIOcZrKlXjVgpbXte9nZ3S00aWutt9xuMkndq9ktLtb7K/e11Z6drEzTCZAxLIyj+Fs7hnB56/eAIz/ALvHJq3GzSiHywyKrBSHOCSMbfwJ/h6+oHFSadAkzNE6qqxEDBJwTjGzPIwPUgj8+LhhhjmZEBdYz5g2A7VII6ZzwDnJxyMAdOG6iXuqzdrJ3srXhtvqtn8Ol3bWwN666JpJ30d/d6/dfTrstWeleH9KsJLQ3F29s80wYtDKQrRKqnDZJyckYAPbJJJHNNtVhspZIrRVZ4gyZjOEVCxwcZGc9Mjgnn2rCsLDVdRkeSxSd4UQb0diB0Gc445xkhQOo7ACti18HasZzKBGsdwgklUcvGuTksCobHpgdsZIxj0cFOVOpCVr8jUlvy6cvvLRaJve++tl05qlH2id1f8AFOzVrprbve+jvZaW7nw07XP2aSMjIcPMACwGTzngbvvcc5APTO4t+n/7GWpXdj8Yfh7LbQQXDy+I9EjiilCjzXa9ixsDADeM5GOQecAnn84vDugTafa2cpbFuZNjSInySkH5huzztyARjHGeD1+5fgXdwaD4i0DUIbx47vTr+0uo54v+Pi3mSRGieLaA2QwVgRk5PDDNf0n4O1amMzqNGM1FVKUqbnLWMeemouTTeqV76b76dP5h8c6aw2RYqqqTapypTUIW5pyhKMuWN7/EtFeyvZ3et/7S/wDgvPoN7rH7A3ww1GG3s4ItKuNBmvvNaJ7yzlubG2H7uMM0pDsCCACAOCeK/gh155ZteW3ih3MsskRZEG+VmBwIwQexHXAHYgYr+s39uL4A/tN6j+w5pP7RXxH+J13r3gbWNM0iODw1e3s5NnazIEsr02zHb56qFCgLnjJ7Z/lQubiOx1W4uSVmWAkW05jy7MQBvZmH3ix5znp1HSjjnDYTI+D44CjmeGzZ4bMMxVXFYXm9nGt9YlKdBqbclKi24y1Sbbte9zy/DPMMfnPFdbNMXk+LyWOJwGWexwmLcXUnRp4alCGJ/dxUVGsouUL30eujsP8ABGgaf4aF3qd9E13fXd1hIZQNtvht2/J4DA5BGcHHXjafR/FfxbTWrdNOuNOsozp9ulraTJCglXaCruNoXJJHXJI91wR4zd+IjOqwyM6O82WctjnPYchT6EAHvjnJwb69s4nLqS03BRzuCt7sCMcHAPVsHjtX8U57jJ4mo43ajdpKL5eq176Xv1v+X9d4WUYwjFJWsrqSundJ6db63VnvondpHYXuuB7dwjAMqFlkYkMc43dMcqvHOc9eSMjjrvVJpYBvfIIdYyWxufAwcjkjIIGc8kHGchsO/wBVdrYIkkeWYlxnJCnBzgZ+U45HOAD/AA8Vzsl7uBDSERKDwGBG8AthfYnspHIya+XWDu05NtNJp6p2urtaX0TtbRNa7aPWfKpbdtly9E23ZW0bvqn2v1Oh0rUfs13MJGaRl5wSSASeWY5H3OcYIyAPSt7VryLUoAqzMs0YDo+7kgDGMcZ5IHPOCPpXlVlqaR3PzbwWJAZycAk8bsnBAByR1JPTpnduZY1AKzOJMqUZQAuc8rye56d8npkADCvl8HUTjCKbVtFdaK26dlfsuq87EpJ9rtJWTXlZK2r6dH5aXOv0+6vfL2SF0VUUFj95yOOckNgjGTgjAAGOc9Tp+r3McAKfIiNkKpJYkA8jqAx4xnk8nPXPlcOuyQERzPumLeWCzjZtfscABhwNuMY7nqK3NPvJJmaGJg7Aq7NuwmOCVyeBjoMA4JzyTgebisC0+acOZO1rWjr7rVrvZb9Hd+VhSimmk222lZXV2lH79t+3VqzPZND1qC9Kfa53S5LhgQ2d+CMKCdzbi2RtyOecZr3NNe0fQ9EluNUZmknt3iZZDgMJFyqFWxksD06gnnHBr5Z0nUrWGRHRE+027iXZ1UqpGTkAgkHA29MHgkfezvid421fUI7dWt5VtY9mx4VYJyMZkAI5Xjj+7joCRXhRymOKxlCCcadpRlKpflfu8vuq7Sv0vbyew1JRhZqN2o2a1dopbu6Tlun7q9b78d4z8K2UviIa7pMqQQXk3nSwphjCQx4wBkZxkjgcjpxmaPUksopIol8iWNxmcllaViOm0gEtg4HThSDjNVNG1qzisrtr9mkllBEDnHBb7wAJOCpycjr8wwRyOP1l9Qku5PsYLp5IcmT5n45zs67uh3YweQTzmv1PB0KsqNOhVk2qagk5SbTSUUk7t2emtvm7amKUXe9nrp2d0tW2nZK19tn6GrqN+6zSBZDKrRlnZz8nmDJIIOATnggA8GvK9W1F7i7aUnAQYKx4ALDCgNtBIyMkc9xlsdZLi71uXi53RRo77WZSN5IwFPG05GMA9Tjnjm7oOmQ3INxfCPKyKfKdgodQ3MjE9FHy8YznJ9a+hw9GnQhePl0W+lmuqV9Irp17pqN1o3ZLTrdb7pvq110T1tayvaPZSO7Xl5ugtljAUYwpkIyoPGT3AxzgcY6Hn9bKWjSySszSYURqvJKE5A45IAOD0z8vOOK9A1DxHZW7JafZYZIY1Ai2HCt0BYDAZgozznnpwDmorfTrbxHM8rRRCOKFts+AUVtoxGVxkkEEZwTgg88itVUtLmkkk2tdnulrZ+a+G3nZ2JvZ2atG6b5rpXdtWrK+u2+yu+pzEOsK+jRQNFFBE0mdyqC7EAYdgQcFjjOCcY7V5hqksou5EdmZGIYAMSMg4GCAcEHsegP59Rq1tPYNLBvJEUhADZVEyxCsQOoGOpzycnqAOaFtJJdJtDO7gK2cspznsAcE5J4BGcjjg16UI0oxb/uppvRaqPTXdWSW22zNFaylvs9dHqk9Nbddbvtv1r2E2+580RKZBhEXHHPyhiT0Jb35bgY7d/4P8E3Gu6r5t3CwsJWIkfkqjLliijJHTk59hn+Gun8K+DdKt0e/1O7iJQM32MqN7cZyV4IIGQABnI6DdW3B4ys/D9zKmlWbPZkAbJM/fzhimATuPOSBuXAHTg+bisROSnToRtK1nJq3K9L25d2u/e9kmKTetujve2mll5799flez9N03R9N0C2YLY2UssBUQFwGkxjbvLEckqMkHoMjHr2ek+KFUSG+ulNl5RijMbIvkyEKqgncrBVJHRj0PJ7fP99rUlzb3GqxyPucAfZ0kz5ZyC2QSCDhtpyP8a4W91HVGaONpmWGb52CnbHlt2ASDzhcY7bgMjBzXzdTJ6mK/jVJN3i2+Z3j8NlaPLa9tdG2tN91GEr2a13V+qVt7JfNW237HrWvatHLqlxFp961xKqtklxtb5m5Uchio69Qeh759Y+H8lpIlvHczpZ+XGDNKoVg8hX5lm4ySR3Pyjrj7wPzw+j2kVhDe2V2JLnYu/LFWZ2wzJg9NpJyQDnP0rf0TUNVtjKkG+d54wHVELICD8wIAJyccYBznkYyKMRlvtcMqVGcoOFo7tax5bNrV9NXdPW92aewnUslBttxS5bq7VmrXd7XSWj10Vns/R/iL8I9ZvNQn8Q+GNROpWSQtc3FqkhD8HcxhVDk+uApJ5GDxXjvh17uOef7VHdssczoYHVwwOSuGU543c4BxjBB3Dj7n+Cvwv8Aj38RvsemeBPA+sakt0RGbt7KZLcRyAht80iqoQfNyT6ZI6j9avgR/wAEb/EGtNB4j+Lmv6ToDXTC6n0u18trghsvIkhBHzYJAyOcZbBHPThKrweG9lj6tJqEVyzVnUe1lbWTdra9ddHc9vL+HsfjnGMaMoq6fO01ZtRve9nptdp/PY/npttL8Qa2W07RbHULt5GVFht7WSWRmOMIgjRiT0AOME++APvP9nX/AIJpftN/HS4s7iPwVqOheHZTGBq2sRS20IRsN5gRwrtxhsBR/Dn5Spr+q/4G/sWfsx/Bi3i/srwPZeKNchVP9LvLFJ3MqD/WKJY3VTuAYYJ67gD3+xI9Y1q2tY9L8PaJY6BYRoEhGxIFSNVwAsSKoICnGfm+YAZbnPn4niTD0k6WFo+0l0qSV2m2rNR+/rZdrn2eA4BjFRqYyq5bNwj7sbe7vfV21vb/AIf8d/2ev+CNfwK+FM2meI/jJq58X61C0U76VPIkGlRyx7XZMMQJE3DDK5J+Xpk1+tWg/wDCqfhlpaad8NPh3ptr5MaRRRaTpsEEIVAFVpJo41LZBGHDY9ehrh/G2ki7EV14u1gpp8EpkkEU3lAnggKSVYjkkY/EHGa8P8T/ALRXhfwpE+k+GXnu5IVMMSpiQEqpALserYPGO3JyAS3Fh8NmmdzjyU6+Iu17qTjTV+W+qVlyt69JO92fRy/sfJKSs8PRajvZczaUbN397T53vZM+wbjx54s1Kxdby/sPC9rIgZIIApvUAwOGcgqQOpODnI7ivPLv4t+EvDhzqurTX2o25Y/2lqF754wMgtHah9gOeQrDuMg8E/nd4j+J/j/xdM00c502Fxy6ud7xEZUqoKhWA5PGCMDBxiuJgtpt7XF3c3WpXEm3ebl3dQRknh25HUZ56ZyMjP3GXeF2LxkYvH1Y0YSSfs4Rbmk+VNOT6pOz1fS2lj5XHeIeGwsksHT9vPZTnpDpt31atZ6rTe59ieMf2j7+9vJv+EbtnvpWLLHqV8zLbJG3AaCAYRdhGdwXI9cDJ8E8Q69qniycXHibVrm9ZiuLSGQxwJk8LsQ/MMkgY6Dr94CuNj1CQOolEUVvEQPKHVQBxjHJGAMjGM4HoDHJqMRmjeCSOJd2I2IJ+dcA53dBzt7AA47/ADfpmR8DZNktOCo4WFSrFq9aslKbaSk3aSstnZrlts9T4LOOL82zSova4h0qUnyxp07xileKeis5LRLV32d2kdNb2Ntbx7YQscW3L/u+U2khAGxnjgnJA5JNc14i8OWeswJNCVi1SEs1nqAUpIjDgKzAAlCFwTyBnHrnNufFFxbtPHdSq0LH5MFUUhc5YueAvy88jhQfavCvHv7Uvw68BWs6a54gtPPtWOLGzkWe4fjG0iMttJCgckZ4Jyc19PKVDDJWcY2V0oRW91pZa2tdfJbI+f5a1b3tZNveW1vd62at0d72Xmj3jRtRxbm2v5R9qtnFvI28jmPgueDwwwTnAyTjPfB8YfEzwn4Isjfa94k0zTbNA8jGW4hEwkHZI87zk4zhWII9M1+RfxO/bT8eeLtdms/hbptxY6ffZhS5W3Mt3KZAVVlRFIGV5BYqO9cr4Q/Zv+L/AMUryLW/idq+p22mXTidEvLiWSeVJDuKxW5bahw2AowcDBHSnHE4jEWhhKDm0kpTlFpRfu9d3ZLe/Z6NaY1MPQoe/ia0Yx0tGLV0tLra1rt/LTQ+o/iV/wAFC9AtrqbSPhvpdz4pv5HaAXkiObYSYZEMccalm5bI4wBxzgEeAx6b+1X+0FfRz6nfX3hnwtduWZC8thbrC5IOI1KltoJ++ARgDGea+zvhn+zR8OfAkBbTvD9q92oRm1TUo455g6gBmjMmQhY84JwpyBkV6prfj/wP4OtxZ6jqlv5tvDiPTrPY8z8DAAiBXJ7joB3zk11rJqvKq2ZYuMafxOnGSglqrxlLd6b9fO558s6hGX1fAYeVVtbuLlraOqXyvfa60R81fDv9inwF4cu01TxZPd+LtSLRyGGZyLQSKQzNsJPmqz4+9gsoI5U19h2un+DPAtkhVNG8OWESAiKFILeSPyxhQyqBIzMQAVUcnHGOny14l/aH1O8i+x+GLOHRbYnCX95g3LKAASsRJww6g9c+oIrw3UvE9zrF29zquoXepTsQxkvZn+zggZJSL7oxztH8I/Gsq2bZTl6jHBUY1ajcU520TaWrnJe9bf1u99C6WUZvmL5sVV9jSdmo3d7NRduXRJJJ/PW259deJf2hdKtprm38LWL6neIxje9uQYrTC5G9OjHbtBUkHjaRXz9r3xE8ReKbmeTVNVuZ0XOLGykaC2jAzmOQDh1PT5ic8sck15Fca/HLO8NtG1zdFjGBGNsCso6uzYRVAOQSwIzu44rzrXfinoXh55odV1eGG6U7H07SnE93IRwRJIp8tRxt+8QpGR6Hw8dneNxXOvaexpKNnGD5bJKLSd2m/no9ke/gcnwGCjByh7aq5Wu0pyb91vZaLR6JR9dr+x3WqW9ozo08UP8AEkFvl5WZwDhguW5GASQCOvCnNcrrniaz063S61O/i0q1YE+Wp8/U58YyI4QSVyM/f24xxyRXybrfxe1W+kvW8M2Y0a3KMftdzILi9nG4DMDsSIH5BwpBHAJFeWHxDrerKyyzXF5fTFlN3NdFwJSeULFiilcZ+UnjJ6Zavl51FJRk3Ko5NuWrUVbl5bt313Vn38rnvU51ZJwSjRprVNazWsLPW8d3bZ97X3+l9e+MS2q3UPh/SoYFuY3h+3auRc3VyTldywOdsJI+YbeBzzxk+Aa74snks401W/lu8zkvHNM7PCGyxMUKt5YTnCg9uAV5rnX0wv5bX2rtugcfairPIVzyUg6k8c4U/Ng8nGR7D4H+APxC+JdzDfeCPh1rWt6ciEjX9Yim0zR8qORJfXSRxMqLmRijFjtIUYOK5vawpzrTc6a01jzJXuk7pbtq3rdv0bUatRxglKXvaSet7q2jjp62ta3e6XhMs15qcyS6at1PDvAWJF8iBFGcF2yoGRy3UAZ6HIrpvC3w+8W+L9fj0rwr4Z1jxX4hu5Fhg0nw5pNzqxMkh2r51xBFJBAqlhuMroF5PGDX7f8Awc/YI/ZZ+F/gjRviZ+2D8d9EupJWXUD8JvAt/GmyJH3C1vtQtn+2i4dsRmLaY2XgYycemeNf+ClvwZ+E+kz+E/2JPgR4c8CQafG1o/jPUtPtI9UuI0Ujz5JjG8t88igMzSsC2ck9RXnSxeIq2WCwtSrJy/iSjy0k3bW7VnbbT8Wdqy6nBc+KxMKMLJ+zTUqjta1ltqtOrXV3Phf4G/8ABM3xtrnxF8O+F/2tPEn/AAzx4W1TSbnxPFLdlZtXuNHtAZTGzLusbV7gYQRyypKocBU7N9d+Jvij/wAE5/2VLODT/gJ8Hbf4w/EHTfNgh8ZeMlOqaUdQtmMYuvLvY9qPvXeqwBo+65BXPwN8Sv2o/ip8bL6HVviZ461LXre/u3N1DayG1tbeLYyiwhiQgpbI4UmIYV9qnG0c/LUlxd3srW9q1xqDyalImmWdtC9xK6CQ7AEjRnwflBJXcTliecVwVcNWjOdXHY6cIclp0abjCny3i2n1ab6t7dj08LLDQhGlg8H7Wtzq1arFzqNq0otRsvJ+beux9Y/GT9sT4w/F++Fp4q12HTtBn3JB4M8OQRaXoCWsuTDbT21uipMsPC/OGzgMea+aZLCB9SdpYyLzUIlEFrZq0rlm42qkYLBmyAAMEHg16hpvwI8WyacPEvxK1HSvhx4dcLJHNrEqprN1CgBK2VgN06yMM7fMCkt65pt58T/h94ISeD4ZaB/aeuJCYD408SYnkJDYE9jp7F0hbjdG33hyMbgAfi80znDyjLDZPSni5JNOVJP2MJKyfPW+C6192LctG90z7LLMvrqcK+bVYYeCqRlGFRpVZxvGyhS+KKsrcz0Td273a/oN/wCCMfwU0G8+Gvifx7rnh61k8Q2ev/2dYPqMCPd2kEGFIAkG5CwG7nLAn+6ef2t8ZaPFLouoWrLHKLizuLYIVGI/Mt5EA68AZ7H5RjnqT+OP/BEXx7Jr3wa+JA1bUXudSi8Xw3l1LIQpcXIdiUi3fImAei4BxjaK/Y7xZqlolpM5lwsjBeGJIHO5mBIIyCc9gcHk81/j1445jmH/ABE7P443EVnXw+PpulF1HywgvZuPsoSbsor3Ukrde1/7c4ThUrZNkywlKUsHLBUnGSikrOKUnfXVNNOV7vS6uj+Hz49aK3gn9pL4iaJdRrElvrt/LFJICIyZp2YDbkgrk4U9Op6AZxLy5ScBYuR8jSsCcbgBgAngDJ546cfT2r/gpHpLaT+014wubeVFS/8AKvbdEUNJISDywGc5JP8Ae6KDkdPjzRtX1GKaGLWY5I9P2iR7hsiQuwACRjJLHsM9M4POcf6LcCUsZnXB/DWMhGVSpVyvBOolduclQpJ3eqbbve6Tb9566H848UV6OV8Q5vhq/LTTxdVpy05bzXLbRWsnpZWt0Z30kt3JtGxgik7gWBDgdduDlh6/MOc8EVY0251CzZpk3wwlmVUYiMFTyXIXPAOffoMZNVJ/EVvsB0awlllBWNZLn7pU8bkDdfmAbGAuDyRjNYt/b674hkit2l2QoATHZYTn5iYz90scEgkA8AdQBX6xlXBWOxsaTr0vZU5OK5ZK8mnyrbroutvNLd/nmZcTYbDuf1eq6lVRXK4tcq0Sumt1bVbK1/M2Nd+INppkggu7qS6keIgQWr7ojyF2yMrZOMFTuYnHA6DP6Cfs5/tHfCfwt4MCS+CtG0TxHaxMomv0Nxc3szKNuoRzsmQ7E5WMdCF67sV+c9j4EtzILvUjBZLCApt7na7yhT98bvmbcTkKFwDnJPNdZdw2cEcV3psS2lssQSa+vSFIVTjFpakglsj5TtJBwTiv0Gh4ZYOthVRjTlTTcZOom4X0Sd2kt+ybs/m38bHjvFYTFfWJ1qVVKOlNrmTb5d9bX0vq9mvl+hPjn9sea1tri1sJFiluVcC9Obm8mQhv3VrDnEMahgoyFOcdgVr418QfF3xdr8jzrePomnOJDLd39x5kuHJzMsTH5WbJ27QdoIHAwB8+6j4ot9NnkTS4jdzks82o35R2iBwu6KPcyjOMhCARgZOBgcbZf8JL491mLSdBstY8Wa9eTrFaaPo1rc3ksjs4Cq6WyOUGT91sKozkjkj6PLeE+H+HoxqzVL2kEnKrWcbKzi3ZvSys/wAdU9vGzXi7O8/kqKlNQk1y0aKf2rWtGNm7q177X1sz0W88UwwXMkNvvv7qVpHGs30xZEP8RjUlshjjGRuz1I6jy5rm/wBVvZLK2m1XXtTvrjy7TTtMgnnuJXYgbIra3V5WXJwuxTngdOa/Zj9lX/giJ+018ensfEPxfnh+Dfgi4WCYWt3EJPE93ayMG/0azB2Rkq2MSMCc4K7gDX9Kn7MX/BMb9kn9kPS7TUbPwdp3iDxXAsbS+L/F0MWrao9zGAfPsbe4MotN7KWCxDaBgAcgn57iLxNyLJ+engmsdXinFU8OkqSmrNJ1NU1e/wAPN30tr2ZPwJmuZSjVxbeGoyabdTWq02lpDXWyv7z9Efyr/sr/APBH39rj9pu60zVtU8Pr8IPAM8cUra94mhaDULm0fDPNZWMm12uGRuFuEX5j8wOSR/TH+yz/AMEeP2TP2VrS28T+JtKg+J/jW1EM914m8bCG5soriMbney0mbdCAHOVZVyccc8V+mg8RapfEWnhPT4rWySMCPVNQg+zQQoBgNbwqqgAADCkAADPNeLeL/GfgLwU1xd+OvFP9v6sXLx6eJkeBWBB2RWaO0R5AwjDgcHGAR+J5pxVxbxXVdKk62FoVG+WhhuaK5Zcr1a96Wlrt2XkfquV8K5FkkI1avs6lSCV51LTm37uicmoR6dbq/ZXPYYPFOnNDbaX4J0dbiziiEMDx2aWOjWca/IiRIqIjRoBhV+bGO4yR59408ReGfDNnPfeNvEljJKAZF0uB0ZIpcZCJbZ+ZucFiNo5OOlfB3xb/AG3buFDpPgsWuhaftZFddguMJkb0hTGxjngbgc8jrmvgPxH8R/E/jPUp9QutVv7kzM264u5ZHKqylsxxsfkOeFIHGeM4Jr6ThjwjzHNGq+ZucI3TbqXUpXUb7J2e1rXb69Tiznj7AZPB0sE6fOlZOCTu3beSVlbTVLtrbf74+I/7Xl1F9p03QZzY2FvvitfsUcTX0oAIUIikCNG2gsxIOe2cY+ItW8c/EPxRqFzdXl/qFhZXDO0qi4eS4uY5dx5Zj+7Byd0a4AJIwORXD2OnNG0k8c0kjy72aeXJ+djuBYsc5zySBjPXGa6CGW6soP8ATo5JAxHlzDJVFUkAjAwAcjnr1B6c/vWR+HWUZQqTjh6cpws7yin71opN3vd999dW0rn47nPHeZZk6n+0VIxevLzdPd2s+29tne61s/NPih8P4vE/g/UtHhhuHubyN5IJ47h1ulvACY5N+QcKSD1wOTk4Br51+Avxj8a+CL/Vfh74/wBF1rVtB8PuYT4hKSzXemRK2FSdRvZ7fj5XXPAJJr7iZ4oUjvFDTkEMArEovIz8vAXI4PbHUYxjxeK4uNM+IPicxaPG+m+IrGJjqlwi+QJokKS28ikGMKxO09zxwSefs3hVh6lJU1GnGNk7JOLi9k9OrX5XfU+OeKniI1Oducm1Jcz5m3ZNtN6+trJdrXPedL1zTdX09b/Sbr7Za3IWSCeJuCH5VXGdyN/eDcgjnqQHXN3Bs2AILgAkAkF+CBzkgFsZOfRskYyD8w6r4m0rwbfQ6zY6pHoel2Zddc0zzkTT7lQSWe3jZ1CSDBOUAy25ckmvnL4gftpWUtxcaN8NdGuvEeqXLNBbXcau9tATxzNyvB55IB+hFdM8woUYtOUXJKySs735Xtv3Sd0tNU0Z0cLVqyXue77vxafy35rru7Nqy9D7y8SeOdI8M2j3esX8UEUSNJK7ToscYXkM7MwG3/ZHJPXI6/n98Uv2xop7q60H4V6XL4l1eVjDNfW0LmziYkqpaUqFOwnIOcMc4JXp5DF4F+LXxevRd/ETV7xNPmdXHh/TpJIoNpPCXLqwVjj74IwcYx0I+nfh/wDBPQPCawIljbWkCmMSxrEplYgEMzSkFs45P1OFwa8irj8RiqclT/dxi135ul1f016aeTPVoYShQkm7SlbVRV+2t+tr666adD5R0b4WfGD4x6iL/wCJPiC/t9NeUN/YenSzRRCNmLGNirp2JBx+LECvuH4Y/A3wj4JgW207R7SF8qqTTRCWeT5lLmSVwSTnPJOWIxnOK9SFrp9jbQ/YIYkWNgzOihSVICqTtUHJIweeRnPemz6ssTM+4ARYZNrgMeckepJyeCepwepzw0qSb55uU5RSXM9Um7N6NP8ARa6Waud1OrJXi4+5pay81ZPR7tWXN6vZo9NttC0vTI1njjhyjIJBtQbCcDCrwrZbgnPK5x7eea9Mnh3Wxq+ngR6beOserW8Z4UsfluFRThSGPz7T+IyTWdf+KZbiFJEkO0lQY0bB/d934AySfmA569zxyup6x9oW6E5ISW2ZWAO/ywRgEgAfNnBxyQPXOBtUhZXd+ibtpdpNq2qdlrZtLvur5SnGV3GLWqva9ls3bS1tE7aWd9dr9yt+JZp2hcPFIwKuRkqjjKnOOSQCQOB7kAiqdzqMcQaONwBGCTkEAqQTyoGOTncM4+7758JsviDdabHJZSISbRtj3s2UR41bcpIyM7UOBtySFwc8AZ8Xj3WNcuLq30u2VUcDff3DbYlG3axRWXJGO/OccDPJzi6dJJuaS1cnJ2VnZtXuutlre2ttNCE23aKbldJa3bTatG+ur0VvVbux6lqesxwQm4mlWKEbmfc5xkDI2jK8E9zgnJ4JIrgNR8cvLbMmnRGQYcyTTYRAQOWUZBbAx8oyD/CeTmzo3hLWvEt5a6Loml6l4x8RX8qQw2umwz3MCvOwAWQRq6xkdQWCg9uK/Wf9mn/gkh4v8aw2HiL4wXJ8N6WCl62gW7FtReLhltpoxlYkdcBm6gcEZ3V8BxV4k8L8MU5PF5hSniowThhKD9rWlL3VZU4PmV3u3yx7t2Pqsr4XzLMYKtW/2TCac1bENwjZtfCn70m3sorW+u9z8dvD/gjxz8StVsdG0HTdS8S6lfyqILPTbaeVWDNgBjGhVcZBG4gDv0r9UPgX/wAEfvi94wsf7f8Ailex/DrRCEmNvMkZ1N7cKHCNuO2MOuASxBwcYByB+/8A8JvgN8Cf2Z9Js7nSvC+g+H57S2YJq16LU3ZCgmWWWaYE4Ay+3O4ZOSOK+Tf2qv2+9Mn0q48AfAjRNV+Kvj29uJLKxtNFglOnW1zym+9uYU8hII5CobcQgUnJw2R/MPF3j1neaKthMkh9XnV/d4elCV67vypTrVVeNJK12km7Po7o/WOD+GI0sfQeVZVTxkaVSLxGb5lS5sHQ5XHmnTpztTnytXXtJTUnb3e/g2n/ALK37NP7NWhqdZ1XR7W5G4za/rU1q0pCAFpIGmYBc4YjZkg5Yc9fif4oft6eB9J1K++G37K3gPUfjB40uJms5dS0zTZptLtJh+7V7rU1h8qGJWwztLKiBcgkYIr5h+P0XgzwxfTfEb/goX8fWF/5bT6F+zx8NdZGoavM7bmjsNRFrN5VgASiSkuGAyDg1+ZvxW/4KJeOvFWi3Xww/ZT+H+mfs8fDFhLaSajodvHJ458QwPlVl1PxC6LeK8ycyIshC5O0928jgrwnzzjPGU8yzqri81xVeopxTdd4ejKTVl7SpedZq7T5Uo72umfsPEviViMswyy+jmlaVOhHkqRoSp0KTcVFKFKjRUEoJrRbKOt73T9W/a6+JmrRXM+tftT/ABNt9R8XLagaH8F/Ad9FK2mTsVZINaubN2htYlziVYpN/wArBkJAr8nPHnxV8cfEbSW8OWJj0Dwi8ym38P6bGY43jA2wy3sy8zzhSMu2WZs5II56uy+Gd7f3M2r+K9RudV1a7maW5nvppLu8mlkJZnnmld5Gd8/MSD14AOK9M0XwZpVpA4hsYC8JHlwSoGcNjG5goPGR/F6da/0H8L/ozcSY+nhcPh8BW9jGMVzOm4UaUWldpWikla+rk22ne+38tcV8d0sbiKtSUoU5T5mnGbnUnJfanUvtZJpab2Pj60+ENzeXUfnwPhoDIbq4jYRt8pwgVgSQBtG8jPTsMj1DwB8NrDTw19fLbR7Wkjh8xgsCsjEjacKS5ABGCM8HcAwJ+g9VtNj2xvL1I5IoSIbGzCs5HPyOV4A9QeQSMEAYHHXXhm7KXc919qa2NvLcQW65jSJsE5xuUKwHK44B7Y5P0njX4X5RwXk9PA060JZlCKliZUpJ2bjFctk3azvdvp72h8jlGYVcXi3iOX3HNKnGXW6gk0k3e7vr2XSzvoWOo2Nq2LdJHlk/dF1dvLTHyrg9SQcY+91+91B9HsreV7OB1j8t3ZszsMlsKRtAOAMk4I44x2IrL8NaPYR6Npk88SFXty8C7BI7SAdZGAwSDnqcDBxzzXQTX090gsNJilluZMr5McLSOHOQBGiK3zEkA4GOOc1/E2IqYPBSlUqVYJRuvfaT05Wmm9LWVrLpey0Pu4rH4txp0qc5NpWUIuT5nyq0VF6W0t5annWpzaXpE8t5cg3lyxaNx/BES20YB4BBycDk9+axs6h4t1Sy0jw/pWoavfzoEsNNsbaW4leR87SY4lfy1ywwcYwCxPO4/Yvwc/YM+OPx6vrea/02Xwh4T85ZbjWtUQwyywhssLeLiRnZSCuRyCSAcmv35/Zs/ZB+DX7OOj20+jaFa+IfFYhRbnxFqUEdxeNcBf3n2VpAxhjVssCmFxnjIIH4jx/428N8NYerQwU6eZZlyuMcPhmpU6ckrN1akbpcr6JuWuysj9C4X8Os2x9WnWxilhsO3GXNUi+dxdr8sW1ZPo5PS99j8K/hR/wTA+LXjnT7XXvizdf8K88PzBLtdOCqdVubZl3EPE7HaHTgg/OOmBzXzz/wUD+AXw5+CHgPw7Y+BbJtlvq8cN3qszb7zUJS6g+YWOdocEgYxxgDOMf1deNrXX/E1tJDp9pIIizRNcNwqBtyhYUA2gDnlcbgpAGMV/OX/wAFe/DsXg7wr4Ugd3nu5dXWScSMWHL5JwNwUZBwTtJPSvwzgDxO4t4348y+GKnKhlsq04xwdC8Kbio2XO0uaTeiu29tUt3+ncQ8O5LkOQV/ZQpyxMKUW6s5c0k+aKXrd72tfW+9z74/ZIttE079mbwB4guHtnu00K3eVpgBcpGIgSqc9Bg7QSMqMHBIx8Uftj/tT/D/AMMaZb/a9L1XWb+wvxJavKrLaWmx9yFPuqUJxjHJyvzDgr6z8AfF9pafsz+Dby+LJFbaFBi3E4ijCLEfmYswUqQehON2DxyK/G79tr4kaL4oiubSzuPtU0V55cFtCA8UWxjt8xkPz4BYkHg7h2wT93wx4TPN+PsTj8xw2JqUFjK07XcIJOpdzeuil83001Zz5h4mUMr4SWDwtalCvLDUowUlFu6jCN4rZN7pNNptO6vpyWtfEpfiz4o1HxusP2Uahu2wDLyRrEgVfNdsn5lA45ABGMncK1NMMS3WneW6gNlnCDOCWJwcZwenAIweOSDXgPwalvJdFureeJWlkuXQSJ0UnClVAz8qr97OAeB2IH0dY6WbS9sIyMthCSgwvzsOGbsSWZjkDOOp6n+4MqyihllDD4TDx5aVGEKcVfWKXs0lezvorbN2Sd7aH815hmtXM51cVWk6lStJzqybs25Tje1rWvZ7NrZ77/SNprCx+Fb6FckS6XNbuIyVVd6kfMR83POSwAbPHHJ1f2VDa/8ACR31pI52nTbgug7Ohc8gD0GT1yMY9siw03d4dv2+6ggdCoCsQCoy2eTkkkjI75H3sV0v7MtrHZeN9Q8sxurWN0iBlBbHlOQeCeMkkdckDGcFR7mLpN4ZqLdpKN/dumrrXrd+7fbc8PD1Uq8LyWjim0u7inZOz7N7b3vrc9tsZLWTXZnZxsguJoUDghSA5Gd2OFXOOhHf5fu1wvxW0y0ufFKSRxZVLGJleIZTzFwRkkbfl+YjuWzxjr0GjLNca/cLLICo1K5j8sL0HmEZGR8wx3yAAB3xX0Avw7ttUsp7q5t43lNpMUWRB+7CoCrcjPUKO+Mc85ry6GCm6NRyunJW5Wmk9F0+5LurXW7XpV60anLCKUlGcX5tWim3q9dld3VldrU9B0r9qb4J/CjwF4ZsNX1UHxFb6NavLbQqGvZ5QB+5bI+VNwA2gkYAHOWr5C8eftMz/tHfEvQ9IsLGa005dY0+006ztIvLlliknjieSRl5MuwjAOfmzx8zV8FftMaXqHhzW9J13Ilmu7i4tS3JULBIVVQp+XJXAbpxngduf+Bvxen8H+NdD8TXFu13DoutWWo3EACq8qW0quY0cHK/dIA5C49+PznE8BYejgs2x+BjUqZhXpYiVOTtpW9nLkjFdPektW7baLp7mD4gqPF4PC1uVYaM6SnzRurRaT5ruytf3unbof3f/BP9m7TvCXwz0+08O6c2lapqmjWN5PM4jLs81ooma5dsncWf7vY8feGa820X9jrXr6413V0a6kunuZ/siosUkc8ruzMVyxCrzjsrHkHqT8e+BP8Agsj4Bv8Aw9aQTeCtYtYW0WGylxeB5vtEUKoGiIPChl3FeOMHJPT2n4a/8FavhTZQ20mp6Jr1jDA8igO4k+0Med5APBI6cAk59K/gKPBPjNlWZZlWp5HnFWji8XVqVcRJe0cU6jcXTipfC4taO+iS6H9CVsyyXHYWMI4rLpShTgsNTc+RKPKr32s7vVX32b2PpGz/AGPvEN3o9zLq+m3cN7bqggCQwCNgoyGKq2c5K5AB6ZI9Pgb9oH9mrxdpnxR0mC00DXLqyn0MO9/DYTOIZlJBjCorKN3JyccBu/B/RHwZ/wAFSPgLr19Gtxq2p6Zbt++db2AuAwGcE/NlR/FzjjHevS0/4KC/s8eJNatBZ+KvDzgiSCV78pE0eTyVZkO1e20nBOOmMnKji+POGcxp5ricgzfFYmjelUhiMurcsovl5pQlTileLW71epz4apOXNQlhcFVw84PldLFRjLm0ceVyk9ZbK6VrrY/CzW/hn4g0oSQS6JrUMsSFTPLZziMDjLEeWSoHUHgAdwAK+W/2i9JuNM+GeufbXkx5CqdyEOjFeAVOGKjjt1JJ6kj+vDTvjZ+zZ4ot45f7S+Hl/wCbGpZ7mWww7OMlHMgBySfl65xg9OOF+KnwP/ZA+NfhLV9E1zwx4OmOo2cqLcaFfWEU6F0KiSN4Zcq4LBhkEg4wcjB/b+H/ABtWCjSq55k2Jwrj7OUoQp1Yzd3FP93Wpwd1/i30TbPmc2wFXEN0qWBxdFVIuPN7tWmrtK7lBtWe93bq97s/kR/4Jra/rVj8S9b0qx8WT6docvh661D+zpw7Wd7f2kLsI2jOFJ6bW2nBKjJGcezfGH4jeLvHXjSDVPFMtvNLZwXenaXAkaIqWltIyrIqoMbpFGeQCMdR8uPpaw/Z5+BHwD/aS1zwV8MNYn1108M3D2FpI4kubC+v1ZfsZZGbzCGZWDZPyqWBJGB8m/HLwXd/D7TbvxlrF9JINL12ewntuF8g3TOTlieQmQBgY9Seg/essq5NnuNwnEeCwtq2Lw1KvSlUpKnWVOUYybnHWztpq29NPPwY4jG4PCzyipO1GE1F6+5ztpuPVq1rru3ornz54jm3RyGVgrS72UEnnJ3FQB1J4PHBAAwM14/rWPL2qsahlI5JZ+TwxBOMkYIBA568gVa1zxSl2qXkMwaKZWaBQN0m1jlZGU9MkAqNp24wSOtZgjmu4fMYhmZVO8D7ueeM4565AGTk9Ryf2TLa9OVGCjpNRSenvX21aW/a3rfofFZhhnGpNtSab92TTe9r6rVN20tp37HBX+mjYZSQdqs7owwCeMgnJz6/eweSOSQOcly0KJAkZkHy7VIyvbp36ZwTjtycZ9WvNGkngYTK4Qx4Q7R8xU9xjGAOATgdc9cVxSaA8Vz5kTbt7jYq8BDgg5GCCeuQ3QgAdefYveCtukrtJPXTo7tWVrJNb+ST8BU3ByaVlre6T2atq9Votel+iZ5jp3g5v+Eii1XPzvcAvGcAsQwzkckrz8zZyRuH0+ko4VtYYZY/LQrGAyKBu3c8LwWzk9TjBxgACuVt9IMc6s4BkJwhwVCEHLbuOuOM5HfqTgdTHDLiOSRsBeCNoxgHBbrnkjHTGSepyauKskmvd1vZN2acfVq6u30873OLFRqSem910a1bV+uj1u1rdbavTptJ1MyEqzeU8ahI8kkknP3uuDjux/UgV6BphlulVWkdCBhpD8wOcc4OcEkghcenPevMbK3KHfGyEtnOByMDgtwMDkE46ewyK9I0WRVQBplwEJlx8uTzggjOdvGDyT0GQSRmk3dpPvazSesUlq1ayV21snZtrfg9lKydveT2vro1u+bybT1stW2jpk0a5UiUXCzK6HllwRtyBtO0A+pyBnAHQ1vaS15BcY3sI9iqgOAGb1HIwAcrk4HJO0c1n2l4hiCJcK6hsKrttwCOTyMHgYUEgdDjg1bjvbGOYGVpSwIaJVB2sTg4X6lc89M5GalxTs+Vu+3Xs1q7X16Nav3XorN0/ceqa21bbfTW99etkk5bxel2u7a9u5IFAkYEgLgoAApXli/XJAI/THIxy15p9zeSRYlkCiYNE4AUF8k5BB4PPXqe+ccyf21DJuVIpUBUfK55Y4HGCehIJ6E89TxVi11WJztktZAseOFPy56AgZGCpbcD04JNNUlyyiopLlau2ndNK13Hutret++0ZQc6bUnu3q272UdG1pay1Wj6aH2l8F9c1CzsLPGr3dveae0YRwS8oAI5D/6w884AA2/xEgA/qr8IPiDca7ZXXh7xHJBqEE9q+8zbW3RNHj96GJDo6sQ4bJHO4Y5r8PfAviORXJt7h7ZY2RlhZchirActnkY4OepB4yFz9b6J8TdW0q0e8gvBBOkCxKiD55Fkwp3jAOCMgqMYB6mv428aeDJY6tPERhy1qUnWo1Ip814pS3jd3tve2q23P6I4EzSnPBQoVZXi1GMuaXwxSSWj5ldrV7NvXRXPgH/gpv8AsfR/B/XYv2iPhZZND4b1vWy3imx09StppOoGXzBeRLDgJDOwUMAAC3UA81wn7JFzd/Hf4maJ4qAtbTw/8LdA1Hxh4tubiNXWGHRLCQ20k5YgCOW8iVVVickg8k1+6vjTwrp/xj/ZF+I3hjWCryan4V1HUld1E5tru3illhkh3AsshkAC46dsYyPwy+FHg3Uf2Y/2afF3gi8MmnfFL9qa7/sbSi8h+3aR8PNNudl1eSrkvAt9OhIyFDJJuGQRj7HwSzfF53kEcHm0pSx2UVfqkaz1nKhyJ0+aT1fLFcvM91bzZ4XHGFjleNdTB6U8ZT55Uk0ouo+VXj8vee2unp494LPg/wAefGeTXPi5BL4t0jxf4m8QeIdGg0+dhLClrcStp0aLESFUFUKgDCrtG0DFfo38XP2MNI+PX7OV/wCGvB2jRQXP2C48U6RFYKjaml1EC7Wc07EOHIGJApGSSDgnNfA1hqXh/wCGEPwsudB023vLzwRfa/pOralMgY395LFN8rM2TIQuQN3U4wSOv7NeBf2oPA/w2+D/AIJ8ReLNAvPBL2Ohzaxex3MiofENrfzrGZIQW3PE4k3ooyAvGACa/wBH/BWOTY/J82wFaFOpi60PYRhWlFKVJ07cylJ68jaTtdprbt/lD9NXHcZ8P5hwTneR1cTh8Lgszhiq9TC06k5xrUp0p+yl7NN1FOF003Zq8etj+Hnxl4f8QfCnxN4r0PWNPudPv9HvL6yaO4Q7lkt5GikRjjkKy568n2yT81/2ve3+oT3EjeYbjzGkIUhQemAQQBtycA4GScZA5/Uz/gozeaXrfxb8c+KtIhnstL8Xaq2vaRDMqosmmXivJ5sXQFSXHI4zyD6fmP4R0STXNYtNHt3cpdyrE0ioflDsquxOONu45OcnAOeCB+N8W4KHDeZ5jhZ1IuOHqVXzRasoxblpa62slfporOx/UPh5xLV4x4QyDPKlCpQq47AYetOlUXLONWUIKacZO6kpJ3T1SavE+4/2Uvgv4T8YaZrXjTx5CJtD0mWJbJDxFPcKSSLhmByg5AABzkcsMmvdtf8AGHh/w/qP2bwXpMGg6NbXqRzm2wkV0uNsmwqC7bgBkncPm57mmxat4b8C/DrSfBtk4S302JJNVNq4SS+ncFgJFXBk3McMT0PHY457wJFo/iWfWru5spbiK0h+021lIrtkkZBXA2bkzkAHgjJyeD/Iud5niM5zHMMfja9X+zacnTw2Gc3GlyKSUXy3tKpJRd21fbRdP0uD9lShTjGHOopy1V22rys1r0drWlbt1f4v+J0Ou6Yvh7TbZrWFJjJNBEXSSQ/KDKAAAC7EkA7ScFsDcBXkF8JIoJbeWOIzW7o9vH5hLKrZJeds8Njkgn5dxAOeQ7xRp194b1ufWf7OvXjnVZoCQTFCrHCrMegwD8249CMdOPD/ABf4zvbe9vWmHlXd4gMPkMSjblBwRjbjHJx1wcgfeHvcO5Lh6zovCOEYSUZNOzk3ZNJtO17rRPTWz3MKjlq5a62skkr9NbWvsrJpN9dGlgePPFcllfnTXLyMHLKqOTGsjghsY4KjsSBgDHvXc/A/xLpdvrlnqWt3knmadK7RwKcMiAgmTIzuZc/KCBjJIOBlvm4yTa/r0ESJLPPJJH50vO3YD85APyqFHU8dO+K+gV8C3witV0TT5ofMWI/b7ZWIm6CVo2O0EgnDMuBkHn1/Scww2X0cC8HVnCEqsEpNKzatG8o21dnvr0XfTnhCopwlFxaTV7ar7K2jZu1le9km7Jd/qPxv8Qdf8XXo0rwtG88eovFZxR7keeSEnD+aTkIuOVDDJJIJwAT674Km1v4e6NNoq6vP/aF6rpdadHKgijS4UbxsDEbl5+Y8HoAMCvmrwFpEPhG5iurvUpJr6S4DTdWkhRRkEZGEZeCTntmtzxFrU82ozajaXksjT5it2yxdSoI3zNyTn5uAevANfjecYOliZ08uy5R+pwqRnUrO3NVq7xabTkoqzVk99r6HqU68qMZTcvfenLzRX2dtW2022ldrfVNHn3xx8J6TNqI1a1u5JGKS+dZvKRcSXBLM7Yz03EgEA59sAV5d4R8H6OPDes+Jry9e1vbKGZbKykVWQyBTiVifl3kgHH3gc8Zzu7bUJ7i5XUJtQMV1PARGlxLKNo3Z3bTnOQCdxxlcHIrl9c8SaPrOkQ6Dp0aaaLXYtwYWO28us8khcFmJ6sQAV+9nINfoGT08ZRwWHwalNU4zj7SpJ8q9mnBOKb1d4pvqvO23j1KirVOazSbk1FJptvlVk+VtvRu1rdNdDyDQvHz2HiCQX2ZrUq6yQyDCBzwJRGoPAIz8y4GDjOcjovF/ii71Wzjii1QhgQ0cK4XZBk7R5hC7xgYIJzgjvjbwJ8DatcaizLKkVzLP5cJlKgshfl+MHG0j1HfOM1c8ZeCpvD93aQSazFetPapLPtJV4pCARGBxuCnAB9QAetfdQw2ClVoOMk6jglZXXWN2nrr0vrfls9xyjKUXZWWj0dr3cbWs9HbdO6u7O17Gpb6N/aaW0scMkIDJHcXpUMhzjew653HPQnrk4OFHReIvDJTRopdPvY1uAUSNCwQvtPzNJGRgOcEjjoD9a5HT9UvLXT0t5rl4YYyJEUphio+XdzgBSAGJ5zu6HPBb3Oq65qsUNqZHjkBAcguiRg4aYDGFXAJI3DAHLYxXRUhKM+dS5aUd7tKy91y1TTX97RW6/EkQlLl1b1ae6ataN3vZXv2W+g/wtM0WpOt4iXkgzGE4bZIABl+oBBJwBxxx6D0eO/8A9Ljs2mgSAOZmYoC0cnZRnOArKQAeRjgZrj7zwu+hyjU9P1ETxoA87IhXdJnDK3c/NxkcHPToawL7UpkuC08iq86IY0jwN2TkZIJIPKk7gMtkZGcUqlKni4uUbOPKleVtXZavt2Td11t3OdR1WrUlK7tfW3W92r67a7rex9i+B/EGrvYzw6leCawtpQ0ShVZn2FQiqoZdsZCgHgjpg4NfSeleOpPsaCK2srQmNXt4GCBWMMQ/fjoRKMZwT6YxXw74F8RPbaa80aM0cxjhkeY5CDbztXj5sfxZOOq46V1Gv+MLa0s3GnTTNcW8Qy7sSi+Zy4VAQFYc4KjAHPTAP4rxDwtHH5koRoJU1UcnO0rNuSbirJKSaVrvVdXZXWtPEqMb8quordu7vZ6p72s7WtbRevsXiDx7e6lJPPcy200kUzg3TBUmQJ8ohjbAbcNow3Tg84NefTeIL618vULi4HzMzxPMd0rjdtCY4ICjGe2ME98+A3WsalPIm+V5fO+dUSTC7snaWBwchQQz53AYBI5J2Lm8mvbMyPO0i2Mar5R+Zg5xuIyc5U8LgBTySRgZ9PD8KwwlGlTUUuVR3jdxsottN3f2b/fpbfCc5VHdtptau9ntFN36vS/R9bW3+ltE8c3dhLbm2dYkuis8xnO7zSx5YHOABnI647DGFr2HRPiJqN7JNGkseoWpYRSoxDxQxEjeoUscnsAfl4GORivh6w8RG2ii8yzlu/Nj2W4fG+JlAViSfmXdwOnBBzznb61o2vCx09dS0+S306KNUFxBK43yzlSp4OdwGTzjIz8vGQfBzPhWMnzOnzTqP4ldNbNNWio3XNtfpde9vipVEklJ2i093dS918yXKk1e70d+1ne33BceNLXT5NOt9LlsbJpbYL5ME3kB3IG6SbAXc3BJGCATgEZFZPiDxD4V1y2Xw1faZZC1v1RNWvIkWaSSRiAZjgdSckNu4985Pw34i1661ERX9pO6yREi8mjI2x78Mqx5boACeDg/eOOQZfD2va40crwXEyvbEANLmQ3IYfLhmPRcbss20HGGPWqyzhX+zpfW6dWca705ry523GKtK71aervZtxtpaxx1nKunCUdLauL1l8LSs9U723tzWtrZmV+0P8OPCPgnxFZweHGhTT9SiG9d5k4AXa7LgmN3BPydFAweATWb+zn42Hwg+Lfh3xvYXr2Or+GNQttU0C8hkaKO2vrRg8Uk23rGwDI64YEEZGBXca94dl8Y28U+r6nDFPaQtM8qlXkLn7scg+8OwUKDgY5Ug15nceHIIp7e2hEHnMxtkuScs75wJZO+CAAcE9eCQa/YsjzapSoUIzqt1qPK3UaSs0otO6fS6SV3Zqzsj4jijA0cbluJy+speyxFN0pxsk+ScVGSbT3av2Se+up+r/7Qfxd/aM/bbNx8cPEmnalr2h6dZQ+Hb7XNMsJptC0OxtoxDbtczRx/JO4XEjPjPUlQSD+fS+EbtFuYdQbZFcStHHcFg0aAfekCZBwTwucc+td94V/ah+O3wl+FPiX4D6H4kvNC+HPimX7brdrDYKjXkmASY7p0D+VMB0VsMCc47fOWs+OtS1OKGSG+uEmtUcCIAr5+378jL0PQcd8tjHzV35vVWYzjXo151a043ryqOKXtG1fktLmkoqzTsm3dNNH81YXgrH5Ti62GwEKNPBqo/YuLlKbptxs586i1NSd3ZtLdq+h0fiaC20nS3sRJHLEBIwniAV5mHAJCjcFHQ7ucYOMnFb/wB02TXPGNpa/aVsl3xSRIJIw1xKGxF5QlYKMEZJJGCOQO/hsur6jeBLi4kEyzqVmUhQ0cfPBBxhjzkZ5J5AFdz4L0YBbnVF8QHSr6GMPaRjKumM4xIvCqcZOG4zzxmvF9nKhSvUlzybX2Y8zbcdVdO6e91dKy8r/R47Iav9i4vB1Zr22Lg4+05E2pVElzJWd7PVrRLpa1z9pPFH7VukaP8AvEf7OHiGXStb166u5Z4fEviG0tby+061WMAW9lfASPEY/uRqj468Y4r8VfEV/a3c72Fkqzt9qkWSaIB921sCRT0Cle2cEnJrjfFuu6pPfF3vpb4Rl47m6YhmlZSS+ZCxLDnOeDgAjJNclp2siDU7aeUSRWgYebsZmDDJLnqx3A7lGc5xxgYr6OdStjqGF9ryN0KEKFJxilNQVmk5bOS1Um7t7bo8ngTwlocL4XFYihWnWr4uX1ismoqKqPlalCCtGHMrXXXXTqv0//AGEP2T9O/aQ+J+l+EPFOoLo2gajHM11rqwLM1sYkJFvtK7VZlyGJIIwDkda+a/28fgd4L/Z7+MGu/DvwLr8niSx0fUZrWPVdvysTndFKgBCuGPG3oCSepFfTv7E37Qmh/DPxfoGpCTUG0611KSfULC1LI0unKB9qdZF53MhwTkYGTzjJ8C/b3+M/g344/G/WPGvw90P+wtAnuPIa1ugvnT3sWBNdserFgMlgwLHp2FfT0ZZLHheEfZr+2/rVpzlOUpewstEkuXlTS1lq77vc+N4PxPiA/GfMcHj6GLXCVHL5Tw8k39WdaMoRgpXTvUbvJNXvHpa5+cTyX6qltK0jKz5KuSoC5ycZwcAkj5gAQOAc1pnStRQ27GExJctlUwQjIOCwY/Qs33Rg/n7Z4X8KaD4puIbe8vIrO/i/fuZQpWdVwRBEx4AOdpY4YD5snGTa8UabYJ4hOnQq8dpCsKAZJSEgKrNG2CCvBPGM5z1r5h46EXKMY2snzJ6JW5Wne1nZ38rdUz+r6+fUqfNhoQcJxp3nzLlT0jaz0Tdn1emvkVvh54bvX1G3u4I/LjYxoh270Lh8FE3c5Zu/y8+/I/pO8Vfsp/s8/G79hjwz4w8N6PofhX4ueFtFuT4vLXTHxJqMdnB5ySfZcAeTcuAFLkHDDbuWvxP+Dnh3RXuS168xs7aa13yIDsshvTN3IeMRkDPBJDHHPU/2TeHv2fvEVz+zB4R+Fn7P3wEstZ1j40+E9P1W8+M3iGeBZ3SG1Rri2tg8mYICpZI87VIyTzivGp0cdj6uMqUIOMKOGcqclCU26l4qKpcvVtO7uk1dt73/AJg4vznMs04kr1svlVpPJsPOtH2EZ1alSs3GEY0owvrUklGTk1Bxvdn8NWox6x4D1aWPTIrnTkmHlqtwjR+ZAkgWQlWwxLdOqggk8k8f10/8G4Hxy1bS4/2gtHk1W2WbU9K0VdNsZb5YgJJJo7WW4t43dfMeMMSQvRQeABx/O5+258HvE3hL4neLNN1WySw1Lwddx6Dq9hBOk8Ud3CpSWaF0JV4ywOSq8E5B6153+yh8XPiB8HviNoV74M8Q32gSxatbPdOkskNtdwq6P9nugrKrR5XhXyFJJIxnP3nAko4mVGljIez9t+4q3V+Wd1afLdaKVm09F5nv4Tir6zlGE4njGLzDK06tejGcYzcoQdOpSm9VGcryTUtpJX6o/UP/AIORTJpf7bT6TcX1vqEj+DNHumubWYPKrTWyvsuDGSAckgEkFecnkCv52dMkg2FrgMQqtsJwQSCSrNyS3I4yB0GcHOfrr9v748+I/jn8fdc8XeKLia61aC2hsJrmS4e4FxHCiqnlkn5YggwqqeBzkdvh1NTARAuIsvtILDo2PlAYgYfAJI6fkR6/FtODxsqcFzezhTo+0UeVS5IwTkld2Ts97fdv+w8FUI5rklHM50nh1mDni1Sc+d044iXtIwlNWU2lJXezlbfr3FrqEUdpcx3BCK0gc7HPzKwxsCgdcDG7G4fma4y/tIEmluoSsiSOwKyMcpu5BBbIBzycnoBycZDriZ1USqFUAorKuCRkjccHaAT7H5SM8kkVangSPTp5p5QGeMssUgwVjxhdpAB34zg5wQoJ3Y4+Mo4ZU6id7p7qWurtr6b+Z93g8veGd09ZJJR6LVWturaNX0vp1dzkPLE21mcx7JNsSsS28E/eyRgjB+XruHTHIrqYI5UZJVmZ2RFJBfB3Hoo55+8eD3B7V59bXrbngyCN25Sx5UZ+UqOuNuRxjk9jxXUC9EUYG8NIpQjkLjrwSSOgBwD0x8vGDXdXp81kmtlZaWtZJ20e1tNVdPV7I9p00lGLUWlFauzs7WaWututlfVHc/2hNaqNyIjkCTzur7iMKnzdMY5xznnnANZH2q6LTPIq78+YZQQspJPIyp5Htk4HQisbUNTikhjKu7HcgdySRvUHvkZxnHHTByRmo49ZCSIY4/37xjJkIIAAAz1wAQBk4yOOgFGHoShLmjG7abeqd78quk+l9E9m9E7IiWFjJLlSXnZtJK229+lr23vZ3Ogt3lvHUzwushdRGxJbygOnJxjI9DuOV5zivfvDFlbppi3dqsOIpVLgqGad8FTlTgDaSTkfmOCPDdMmmvI942oS3KIBkspGWAPTAydy9cHHWvbPCiNbwxYZphE24xHIjww43bjtJGOSSeh6cVzY72lRcsZcsm7xtZ2Taatqm7pNLtsurPiOLKdR4KpTozSkrtNNJp6K6vrfo0vO19bfdXwe8LaHd+HL2W/eKw1KZEma4kdY5TavyY4EXGSwGCR3IH+zX6k/8Ep40u/2sfCkGm3t1tjg1CKOG5OFFrbKuNiSHJLkHcevIyDxu/IL4T/EbT9K1bQ7nUdKhv7fSr1PtNvPhormDIDIwJ52ZIVTkA5wBgmv3K/4Ja6l4Rvv24fDt7pHhueztNQ0q8ntbOSQuY55EVnnj5KpECxIjUAFT2zz+4eANDG0szx9eptQy7H1bS5mpx+r1JcqT0201urK76t/52eKeT5pOvmkcTSryhjqmGjQxH/Lml/tVFNu9nF7NNbLVW2Kn/BZ0zzfHTXIvK8qWTQ7FQuzdHlGYNITjhsBTkYyDnIxmvwO8JeJ76HUJ7e9kF1p9tvgeN2LKkjEopUFiRjHQcDJ61/RB/wWntrGP9o3WLJFuIGfwvDJIrgHMzK7AZ5wAuTkHIA46kn+XDxJd3umahdNpt3JCFnYzMik5cSNkHufTIyc9ATxX9N+PVKnjfDXgas5cjqZPQULOyg1Sgk3rrZu12273eyPX8IOHXmOW57ldVU5VaeYV5xqytpUjUklNP3dXdO9k0eveLPAcF3ePN5UsZvUa4s4kdFVzIGIXYCOSxGM8jdgj5RXxb8VvAd34alhurowxiZpB9mlk3ToWY7mIz1I4BxnnHJGB9B3Hibx/rcOl3q21w0NlGUt50iJaWSNRh2GAcYC9yR0ABFfLHxM1HWb3V72TWLuS4uYyuYrgMphYnLbVYjA5xkdevNfwFhadWnialOWJpVFBJuKlCUlFNWurtpXv0srX6H9b+F+UZplteNLE42lUpU0ocsZOpL2a5UouT1t89um9/Nd0YUtCwXauCBwOvIBwMkEDJ6k8g45pxRJCrA+WSoyDnLD+Ijhs8HJPOM4AHU5M7sYi0e4RqBuGeTnGB39MA9WHPANCXLs0ShirMuA2TyB/dXOM7v54xXrKCldJdLad3a2nfpfa1m1oj+joyi4xaktFzJXV9kt7O730V7tW3OksXRy8Ywz5UAnJGB155ycHGMnkHBxk1NfM+0RPhSzFhkhTtHAIxnCsRkAHvzgZIwbGW4WSTY4BQlix53Agjj/AGsk/Q8gZFTztPIoMjMx28kgHZzxjlSfXgg56dRXO6dp76yslfbpronb57fcNyVlyxbt0sl20vdJr082rl+zjnKyRRj7zcAdAOWLAA8A84GSASuQF5q4HcNDG+4kMd6nGSRjOOMYA9jnHsRVHTpJFZURWeWZfLQEjsAGYc9ckdPunnqBnSnt2glQyxuZFBUFckhlGMOc5YkZBOPcYHFddLlilZxfdXW+lrK9v16bJnl4rMqFCtTpVZqEpNJK/XRfN6PZ9O287SKqhwWIXd1HCnPr029R2PqOcV7F8GvBtv4/+IfhLwXLPPZ23iTU7awub5MYtI5ZFWSTJOOFOVHXOfUV4TcXRYqpGYwQGIYAh9wJx1ye5Y8Y7jIFfW37JmneDtf8d3dn4y8Yf8ITb2Gn/bdM1WOVUuDfxHESws5VVbA3AFs/KcZr0cv5ZYqlGSTSmm4ttJpatN9rX1bWvzCrUvHnpt68ii7O3dOKbena2l9Fa1z9Gf2kP+CfXhP4FfAHxd4/8OeI5/Fc1ve20UqzQxFrBCi7z5qEuCxbOACPchefxJM6xyqsZOJUx82Tgg/xEDOdxwuTncCenX9jfiPZ2Or+BtZ8KL+1PqOs6XqcoluNDvGRxd7SBErhnO9lUbQc8YBBGRX5QfFvwnYeBtYtLXS9YXWLO7gO66ZfKkEyDDgxgsATn5SCQ2M9lFepxBUpTlCdOjClGNNRcYuLTd9LO99U+rbe6tsc2FlNKcJzvNtyW9lqtE+VNO2uu17WuFm8L2yQyHcJIyrtywUsMAhvU84HG3IGKpXVlBFGojB8zDGNiBtYA5BI4GQOBnA6Ac9eY0jVmWNYiCyuykb2ydoGCQT7dRg4J4Oea2tRvRNbRGNjuRwpweI1BGMjOQpGQMANyee5+BxC5mmk0pNaXctXbRb+VuqV7tI19k51bTfP8MbPp8N7WaTSeqtre/zxtSmkt1V1WPITDAcKzdySecj1B456nFZBnaRVdQTITnYOxI+6x/iGc8gk46deLsuJvOjcKVIKhiSQgI4bYfXow7n61hPHJHIiRlnCsdnljLSY5C7cDqTjA9R1zmlCDiotWt1e3VaPRrRK1rPRdUkn7FGEKMPeUV7urei5dHqtPV9E09dESzr+/WRjuZxgKGOUI5APA4XnnPJA6YAbVhgkmhbhgChZASOXAw2N2WGevI6Y6CsK/tb6IwTXcU9v53zIXiZQynjhmHpjnGeOmQSNe0nZbdv+mQ2gk/eB4DZPGADjOMcYzVVVFwvGzbsnZp7NefpfSy6u6RNGtSq1OaEozVuX3ZRle9r/AA3St719db20bMu4lkzJE4+WI5IwDnHOCSOpyBxjG0jsRXb+H/Gi2Ph/UdLazidJ0bbIQhy7cFpVOAMDkMPXuennNwJjcSY6O4DN1Hoy4YkA88qMdAcHJNb3hbQZvEGt2ejRSpCt2dpdmwiqSAzkE7TsB3EA8HjrgVeG91prd2Vmtm7b/fd/d5HXKKl7rXZ26cyemqS1V9U3ZPolvNpfibW9Antb/RLyXTNRguGuLS/sX8qeB8Z3KykFcHGRyMgAggVqeM/jF8R/Gq20XivxlrutC1TyLdJ7yfaIzk7W+f5+pIyRnDBd3f1X4/fA7S/gzpXgy40vxLH4im8SWnnXZRfLEMoQPvizhigJaIMowXXOOa+Z4A0lwBKqqscikbs4cE4ZeAcjA685HGBk59+jjsfg6UsPSxNWFKajJ041JqErpa2i173W7S7bHK8PRqyjOVOnKaSSk0m/daVruzaTV9ltpe9nE8VzORMfNmWRyE3DOCBnjduAwR1Py88gk1WFvIlwEILv5ynliOw53d8ZPA6nI4wQOyikhLSRHakedpLMflYg/LGpzkc549PUnODcMpuHMOSIXOSFIYhQcgnrjAHHGecZwcccqs2m3Jy1vdtuzdm3q27Wt0eydtxxlGLcVy8yTvZrZ22S7dnr3VlrsQxFW3t91mQKo+6x4yPlHTHGTn6dqvXEcjmNGBARsbVO0BOuCByMeuDnI7kg4UF3JMiiCORm34WJVeUtIWwCAob5s+i5LHbjrn0nQfhp8T/EXly6Z4L169S42iJhYzxxsGwFKyvGoOcE53AAA845M4fCY3FztQpVa238OEppJ2s/dTW9rX82eXmGYYHBRdTEYqhh4xs5SrVoQildP7Ulo9l3ta90rXdEjhEARiHLKTGX3BQcZPYbscYyRk88YreVjHGVBLDfscbvk2g9F3DjnqerMBkA4rH8UeCfH3w9vrbRvGGkXeg3FxAt1a28oHnPE+ArfeGMkAEEZHUnPNVrO3nkA+0TvAVXAiYfeLP94EEgnJznnjIPAxVf6vY6rW5KkZU2tGpKUWleLcWmrx016d9bo8Wec4SVJV6VeFWlNe5KE1JSjdWs0+V28npv5rfl80wN5Y8tCw3A4DYGeQCecHkgE8fWsYXEkcM0e0ByGII5yOxPBx/eOCCB3GCK2Dp7hkQtLIqqMPnIZipJ+XP3uD0JBPIJ7Rvp7qrgIYiVYuxAIc5yQAd2CQTkDb1H4e5Q4cr0Y8zkppK7VrX2bs7Xt56aW66rz6fElFTUddfdjezttpulpsrdeysc5a+c00kkisqeWASeSTjGVPLehAUEemAM1ow2XnohQkuz8DG4sBkEqTjg9+vTOWyBX7a/8E7v2Pv2cPjT8K7zx78X11K51aw1o2Ednbzvbx+Qpzvwp3PnHQcctkV+q+i/shfsLeHL5X0X4ZRax9nVdy387SKCAFLMknGCAScEnpxgcy/7OwzSxGIUGkuaKheUW+XR6rVrW99+jdz5TNfFDA4CtiMO41PaUZOErxSTcUtU09LLy1bXy/kx0Pw/cXDi1itLi5dUSRxDBJJwWHogUEZ65JGcc5Uj9yv+CYv/AASy+K/7beq+K28IatovhXSfC1lby6lrGsE+ZFJchDHawwDIZihZuTx3Ociv0m+NPgj4BeH/AIKePYfBHwm8KaDfSaFtsdZttKtWvbZ12cwz7C4YbSWKkchs8Kc/fX/Buo1lFpfxo2hDIv8AY/2kplTKwgJ3MoI55BwAckEgDBIujDA4yOJdGPOqcNJTaXMvc2W+yemm6WmqPzzE8cQ4yxdHLFCVKjiK3sa7VRxquDg5LkaSs7J3ers7pux8B+I/2PfEv7APxki+FniDxVZeJhdaJFrS6vZW4jjcXCFzGV42mMjaeuQScDBB+4/+CYHxv0fwJ+0p451fX7v/AEPXvDl7Barbx7rhprcAqkcY+YkhMYwcN1OKv/8ABb7ztE+O/gfXbCVIZL/wid6JtE0y2+FxjqwRSAy4B24JAC5H4z/Cb9oO7+Gniv8A4TnRVSDXNNui0bTASx3C4IkgWIrhtx++MYJ6cgivg8bi6OQZ05Ro1ZYOpFTqwhGUk+ekk27X0Te0rXP8+s+4M4u4f8b864h4Vw9WeMynMo1MvnUg6sFTjJSUp2s5/u5Pazvdbn69/wDBUL48Hxt8TPC/jqK0ubez07Q57PSxcIYpQ8IdXmeN8bSc8ZBJODnvX8/nij4l6l8VZtW0O8uoEtoprq5ZF2h5DwQ7knDuxCgtyw+p+X2T9sH9rPUPi1pel+IL0Swajl4Llsi1s0Q8yRW8Me1QxHBOFxxkk8V+WeseKryG3u9V0uaWymlbYIolCSFSQXkZhyQxJyeCT2B4r8k444gq55jZUqClSwlGNsPFpq14pycopvdK3VXu+5/XfgfwDnsszzvjTilzqZ5n2KeKxEpQ5W1JRelPXkTUYxUbtRtq9GUvGWha7pd3eXyJ+5S4McisQybELFXQ9dhUYIwQAcDjmubuPEFs+mhtPSK2nRwsig4EvYkAjD5IOe2N2CDWhP4rvNZt10+6neUNa7ZZgSqgDhty9S/vgEcHOAAfNbRp7TVIre4tHntVaQxriTOwH5ZMleAFOQCT0I7g18bTw9SSXtLOUUnHla5ZNON72vd6u6Sv95/Vbw8nD2c178Ur62ulZcyUeujvulu+pfuNS164nMDxbA/zNCURYzHgEH0yACcAHJ/S1fRQNpxScPC1uVcB2Y+YSQPl/wBkHgdeCQeM565xp97ZC6ZUQJhN8Z2TYBKqm0hVJ6AnnkE5BJpl5p2lzxIt1clbkRhoyw3RGPjaxwQpwDyemSCM9+ui1SjHRqXNokk9rK9rX1a16Oyta7R83j6E4uVoNRX2m7KVuXpdOzTs2nK9r76nkN6peJ0t4/vxLhIl3qeTgtgEhsZJPbgDpw2O8GnWwkfzipjWNolysYlbIVsYUNjjnnkAYGcV6Bu0PRluXW9huvtKiFfkUupI5UZ+6B0zxggMAQMHl7yG1v72LT5ZPsdm0YO51ViACW39T97oo7ZK4wTXs0qvMkpRbi2rtJ6pNNaPqvP17M+Lr1eWpKmnKzkm0lo1e7V5Ws0k2n2WnRmVJb22o2vmi7W4uo4yEgVV3JglmRgDt+XPGSeSMZprT6Ztt7aVJHu50UbDyiypk9OABwATjnjOBk0mswaZbu1rocrxZQM9y7lRLIpwwU5zuPI28H5s8AEVPFpdxHJps0UEDTqD5rSOd4XG4ysMnDMDwMjPQdge2ioU6tOdS696LheN1rKN20tU9/itvsY+ylKk3ztRjZqUkpaSas3q+XZvqteh91fsk/snP+0Rb6zBqniSw8GaRZxW0VpqMpt1bUtXvLjyILGBpZEPnjKF0H8JJyR8y+Q/tJ/CjxL+zf8AGDUPhRfm3m1PRRbxG+t7iO5t7y0uo1ljmd4WkjEzo3KKxCnK7hzm+3xvt/D/AIU8OeEPDf2vw/bWTQ6trF/bhxJLrEM6+VcQumGBUhflyxHBOSN1cj+0bFqGv+KtE8SJqWtapd+ItDsb+9m1Ayzam86xoolMhLMkTlcxEnKpjgZ4/ZMZiMsnwvh6dGEPrEKcFKouWMndJyTcpLS27t006I+TyvLMfVzqcazqyo1vbVKdSVWPs4wp+zUYxi0rSk27q7VlrtYoTaINZ0+3vVSymtrfEE8cchEjTsuSXPBJyeFY9RuJOa8Z8V2UtukwgQhY0eJY7ckBG3gKJ3XB+Xkghs4ALZwtemWOh6vpNnZGa4mcX8W97aAsXaZxlE2g5LEEFsjcx4AXgn6U8P8A7NZt/h+PF/jSbyLPVobm5XSriRoL1MhxbzEYJZGcptCg579Mj8Zhhqsa06zkpxUpOME4awjyyaau/etom1v62XrZrxzh+DalCnjsRCFOVaNKnDmg6lT34p+7dyk497e6mrdz8pNRg1b7Wj+WAITsaRvmV/MbGRyd2cg4B3D8MD1vRtD1CzsY5o7aa6u5rVXjjx+7kywC8sQDgkY5yOO1e8an4I8HIljoVvB/xNluGnkeXc+YNzNGgBU8kBcK3P3QCTmp4PDOpapcH7ddHRdP0weVakII5CsS5UqFAwAVUv8AdAx34UViMxhJQjKKio2TScZSbum0lqkl7t/O62P0nJOOsFmKoWqyiqkISUnJc3vLmsk7be7u+/Q+ab3S9Z068DazbSx3BdblYIojvKPnEZwOoD8dQq+vStnTbXW9Z1G2tdNs5sK5IiZdzgH+9kYIOCCoP5Hivc/EU+m289osUq3swQLc39wBLHIBwQM5GD27cjocisZfFdppjqLW1gt7p5FKXFuV3lV4JZ+NuSASNxzxgfNVrEYitGEaNKTkopJNWbUVFpcyVk7O2i5Vd2P1fLqtLF01UTck7K6e691r31tdNXdravayPO9W8E62i3N7qVlPA9uMo6RuI2GCNzEABW7kcD2BCgefalbXEVj5NrDIrzRSBjJkb23HIBbkkknjuCdpIIz9M6l8areWzfT7zTPOjjjMM8uM+apxkyZGCTnnJznqfmr598Q+JtGuLhJLaORQknmsgOPKJOQpxnCjg4A4XvnBPdltTHttVqTXK201Kza9297qy1S1ta3qezUpKCTgm2veve0raa6tWWiWzi1pp05bS/hzqmohbzVFFtbx7GVHUBnjckqd38IyPmIGcEc5IB7y38KWOk+Xc24hY2+BFHhW8x+rurH5uBk7lB6bSATxsx63/a+lxxWMztJFCpnKkAPHz8nzMASPunHJOTjAFU7mPNnAj3CpMzsscYfc8aHK7dpyC7cbiB8vI2+pPE4ypVnCrJRpc2ijJaNNacyulrbRvV6+nnvEVpzjHmlaLWkddLpaNJpP59TE8a6sstnYRaTC8s2dl0sZkYs+QCvyDJXJBPQAg5GQaz/C/hbWdWvkvNWmltbOPEkMczZ8xcZKAZ4HHBwGBXuMhuh8KzRxeJrS1SykuX+eGaFjuVjJnDjORkknPqepXOTs+Kprmy1C4trSZbWG3UukQdsByWBQMcA4J2kKRzkDrSqzt/s9JJymlOUlyXtpd3tZu1rNp9e57KglBaNyajzuNr7Rb2au9Nbuy3b76l3q11Z26WauYba2YGASOQ0qoTxjcQmFB28glQN2M8c14qS513w7dQxTIiXgZtjuDM0iYAQNkFkB5BJHQZ9a5u0vL7WJ5EdS5bEayOdzKpB3MByWRQASep3DJ7Vymr65d2s9zpVvcCVLdiHZR8/y4+UDdleeCc5GfbFVgsFXp14zhJycbStZc3u21dkt3fyvtpYnllFOS5lu0nZvpe67OzVlpon0usnw94NuImeC7jSW8lMcUFupUz73cgBechjkFieMYwPVnxB0HUfCOvWtpd272l2baCWOJGA+RgCPMHO5snnBwfchcdt4bBkvrLV5pnWRZoMKrbpiyMpwudrBifusAQPoecP4z6jNc+JY7i+a4mkkijVZJMho4AgCKhYgNtPDYOeuATivqMLWlXrxp1LX5UtWk3blSeqVtNXHT7mjaEfaRV2umu946WtfW/Vq3RLa7OFGoGeLy5Io/tMZAEkucOX7t2UjIPHQgjgDnorG4uWJtmlDJFBtlESglQRhcdQNpIBGBkdeoNeXtepLI0Zkk+z+YFD9MtnAZjndsAHXoM54xz6jp9tJpr28lu6zLc243u65WRiAQTtyV24AGCMnPpka5jBUINptPSS6crurWWt9d7rRPpuZVeamk1prrrts17ul77dW72avqdt4b0+OWG2WGZra8iuFkS5hBSSJcgqzOhDKVIyASM/xcHNfqP8As5fHF/Is/B3ibVo7iazCxafeXLASXeSoVDI+ORyh5B7cYzX5jaTq8OnRIk4htbhAzncMGYODwB0APBHJwBxjdmuw8OXV9d3sE6XD20gfz7SWHcTEAcl8p8wCgZHHByxxmuPLMwxGHrJ80uTRO7s2/cbTWid+nMr6LW7MMPUlJqEotp2Td7auy2WiS22va2rvZ/vzcP8AaowyAZlAcFGyHJUHggEMD1B5z3wea5G/sLhsbY1yCWIJDOoAxkZ6EjONvIzgcV8S/Cz9oLU9CltdK8VvcalpcCLHBfjczxgcEsc7uOck8nGSeTn7f8PeLPDfi21ivdJv45wyh3CuDIAFGVdM7wCeoIYktnqRX6nluaQr04R5vfTXuyaTS93TXfTW9tV52IxmCnZSi1Z2s0+js0kukV6O/wBxx91pt/BI5Vt0bqBGSTu3lcYBPKEDscDIAyeoyzYzTlGkn2TpuQIUG1tudoJOVPJwRuGTjgfNj1m5s45D58ILozH5cNt545yQAQRuBIyR0Hc4txpskXzvArrvBB2hiobBzkg54OcE89zjp9JDEJ8kGlZJXTvrs76PS3fWy6nhVqcoQfvc13bl03m4vWz0SdmmrrddbLjdL0e6nYiZdo5JlIBbIYHbkZJHyjOBgdR3qTxR4Ts9e8PajoF7DJcRXcLiSVWKMMAncCGzxjIzggjHNdvaMIf3XlszYJR+QOQexHQDIA7/AN3jFNuI1aMsxOdrbyCVYg/KF6Z284PB5+b0rLFqFaM6NrQknFu/TZpvdJ3as76XvcyhKMXFtyeiduZ2srKXZW/JLrZn4s+PrzTPDWuanpenQ2jPpE0ttBIVP2hmVyoEhAXcynjkk9wAABXzl4x1i5vVmaYvFO6hpGV2IKAH92kZbGM4JxwcHPrX3V+1B8HD4d1U+ONItp5dN1GR5dTZxIwgnJJwAobghicnHQdCOPhbWIvOjM0kSwQAO0MssTAyBSQUYuoBwTjueQDjv+RYjDV8Lj6kL1HBTfLuocunK7ySukmk7Pe9u56FNyi4yTcuaztfTXls03rdJ2dtY+Sd35GdTuWUQRzYVRudRkHbkZwOoOM8jJz+ZhM4k3vEdoOEYkYjXH8WRxnGcrnHPHBwdG4t7aW78qNxbl0y0jAEHJyNvOFUkYwMDP3eBk81ei7glkttyi3XMgjIC7wR8pA3HIOQdo5HcAYz6VBU5tc2ktFazbslHV9FZu9rdtbpN3yqq7pNS13V7W5W9G21fSyvayd0926+jN4YmiUSS7kUNnCEgAFRz8qkgA8DHckqTXY+HNMY2rSaqyfZC20DzBiFiRhyrYDDGeM4ycAA9OHs7qRYWE6bFDZ3EkCIg4yFHUEZwcHA6DjFdBHcPO0VrZu8sMiKx3bsEqCeRjseTuKg9OOKeLp+0hFQtGKS68r+ylZWV72dtXZ72sm93JL3ZPotdNmlurK/nZ2VlstvR5vCum31nIdP1RLmaHDeVN8gKj+FcDDY5AYDBPJPINHgl9d8P+K9CvGtLm2iXUbeKR/Kdo2t2kABL7cHcOcNz1IHUV59bS31q4keSePZuCsC3kOQDtUNna3AwR8yjv619EfD3x9MlqYdTtbS8ih8oQNIqM8ckeNrqWG4lSCSQSASprzYe3oS3VSnq09FJNcrtorPorddFfdJup7Nxvs2mnazVrNO/X9NbNtq36DzX0d1q9pcpmNDBZhty4zvRODgAA55wBkDkLla+m9JkiaK3jDhwYosKpUgHjgjPXOSehGCc+vw9oHi6LVpLdlkhJmihadiwCpImNq89GIABxxnoO9fYHh25zFBMjAjy44yFOQTgHtx0OQcMccZ54+34exHtMRHfm3sk7JXTt6Ld7btpHdj6sZ4SMoyUlbfS+rWuj7L/Ju+va3kMTWNxuyyFWYgfLwcDaT0/vHPfFepfC/Q7MfBz4uzi7QS/wBnNIQOCvDFYtvRiTwDk5wK8+lC3NsYwqhXjQN94ZJHsTu5HO7GRwpz0734YPcWfwo+NMMsabWsRHEWwSDuccE9CeRgt0HJAzt+4zCg3hXNczTg1zcuiVoq2ztp11vrskrYcMY+k8a6TautVrbZp6enrZat36/F9vcKEiViAgjC7iTu3DIAAHJ+YDIGPlII65MTahHEGR3KgMCQzEnqQOB/CeOp9celfTP7Knwa8JfHD46/DT4VeMtXl8M6J4x1rT7DU9dQAQ2NnPKiyus7FYI5JASiNLIoOAcjCgem/wDBUz9mf4A/swftBP8AC39nfx5N4v0zSdCt38VNNdx3kmm62W+aD7RE8kbrJHsk2I5ClsA8GvzKrluIp3lKLV1KULxlblbitZWs9dte3nf9BhmFGVd4eLtUau1e6s+ja11a0XWOmh8PiVWjZi5O9xhwNxVcYAUEnK9OOmcHvxXS6l8xUUeYc5QsSpAycnsTx1UZHsM1laFLJJpXmYysbhAd2cMAFOMk8HGCe4zjoKsfd8yQ5MnUFMD5SenboOT0ycYJNedC8Z2e6lbTS+2930777X11XqKXwPXZWaTV2uSy1TSvbfstZNXRsRX5jaQSAl17oxVc46HIIyMcg54wWBBArbtbszBtzFWwGUlc5yAcbuxGQNzN3A/ixXNwzxsNkiowIA3ZO8MFOM8AknAyTjJJ64zWlbxy4jCHCsDuKckKRkj7w69s9Mkemfaw7goqyV31fbR9bbWdrXs3s+vXBt2u9bKy0WjfS/z+btax29jIsqgs7CRGUJzjjPXnHU8fKOSQOnT2DwR4dvdZv/sthFIZbmMZJ6DbjJwcc+w69D0OflLxX4mvPC3hzU9Zs4nuLiwiZ4LdVLM7DIIJClsAjPBOc5zwaX9nj9sC2TxJpUPiu0ktJZn+yxyw4EaFhhDIOG6cEED17YHv4HEqjCcr2k4rlu0k3dJJ3aTSve1r23OGvjIUasaU21OSsrpJdIq75dbc10tL2uz6u8Q6dd6BfyWt6pSVGberEDzBkjODwAep6Hrt5xWZBe4VyQFiODy5yB1PA7cY79FIyMLUHxQ8a2usapLf+YUjmQSRSdmjY5GSAMHG0D68Y7+az67PcaPfT6Y+648l4rR2wYzKVyhbgD5SQeucZGcgFvtMtg8VTpOUdZptyvF2eiulu9k9NNdr3CeMjTbvq+W7ipXW0dYrdXWnVa36Sb9fW+hj/euIhEgLF94CgMf7xK7Tk46Ahc8dGHN+IPil4H8MwMdZ1S3QDP7mFlmlPBPy7QwUj5ht9OhGM18T61J8UdDnfU/Eeqvc6Wx3yWFtcNGXjcHaq7Sdq5IDAHC4AAORnwPxx4h1TW7iOK3sVtLW3+ZG5lkJYdJXO4tjgZ52jnJwRX0+FyRtXtKLn05b3aUeXVWjbrZtWvuj5jNeKXhKcowpe/ppNXT21TXe7evL66K/1dJ+0roFl45MovZp/CN6+FW5LRyQOGCl0Rfl2biB6kZJHY/XXhn9pj4ZW0EF7fXmmahaogSe1eWGRTBsBHmxS8bipJIyzdcdTX4XXyaqZ8XMYlUMdiyAkDBwSgA6kKoAxyeSCSAObv7bVHEhjE8UbyLlIpG4BPDFcjg7eh6Z5/u16kcPSpRXNQc0pX5XG7urXumpKyeyvtqfCrifFVHV51TnGbk0mr8q00e9kku+mu7bR+2Hxw+Kv7GPxS8I615enHw74/trcvoD6LapaC/v8MEF0YUAkhZsBnY4bOFOBkfkxq2k+JNGaK7tvMtZdzzl47kkPDuDK4GQCwT+E49MZrH8PxvYmB963NwQhzcpudWUcKGYEAKSSO+fwFdD4n8SyaXYXOoajC88vlyQ2kAUmBS6lcFTgZQENjgA88ggCqmX4CrRq1MTSUJKOlkope6nq07cytry+l1ZnzOOxc8RXpyhRgnKaUuVK1ny9buKttsvRbHqVn4j8R6B4e0rXdXjhax1qPbp9wl8n2p/I4ffArmRXJB+VwFI6Dg56LSvilZXZiVdR+yTHaTDdN5e5jgdWIBA64zn1xxXwdYaz9v1bSI9U1O/i0iS4VbmQszLZpI+A1uhO2IoTjj5c8+pPtuv+FbuxihisLm31/TZ4Tc2t9E7LcwwEbl85l5D4+Ug5GQOBXw9fLIVpe1wtScJxnyxgpXTas007bNd736nXWwuDq0406tCnPngnKyVumiV923vZq3Q+19O8dExRoJAQwG6WGUyJ3w2ASASD1JXoCcV29j4vjUKvnCR2I27GMUwJAJKkHIPoexOecnPxf4B+FvxY1zw5L4o8Fafe6ppdpdfZbuKCTzrhJUwzHydxJQ87Wwd2OBu4O2fE/iTw9dRW/ijSdQs5YXKSvNa3EDRsOSNzRqpJzgbWK7SMdaMNjc/yqSqxdWVNWs7Slou7WlvXTX5Hz+beG2Q55Q5fYU4ymukbpfCmmvnq+2mmh+rnwb/AGtPjV8F7+z1D4c/EvxH4feJ42Gnm/nm0+QoQVie2kkaNwcYbtjjrnd+wnwz/wCC2mpa1pNr4U/al+Ffhb4oaBuS3n1NtMtXvDERskmWJoihcKeuct3wa/ls0rx7ZXCQTRXSyB2GyKUiN0xgYUkgEg5yCcrkn2rrZfHbQQs4EhV0O5SfMWMADDDrhTj/AGeM4zX0eH40w+NlCOcYGjW9la1ZwdOvB6XcK9NxqRldpXi11vpofjefeCuYZXTrVOH8biMLOT/h0JOVKVnH4qM1KlNPs4P1Vz+su88Df8Ex/wBsWOK/+GHjhvgn45uVE40W9lit9OeeXlYVtp2S2iUPkExMSV6AAAV8u/Gj/gld8cfCdtP4g8C2OlfFvwpbg3Kal4RvILy5W228PLBHI7GQgZKxhgc8feAr+eLSfiI1skN5BfyW86sTDNBK8LB1HyKQjAjbwBzkZJwTyPvz9nb/AIKOftGfBCbTz4b8fasbBZUCadf3Ml9Y3UQJHkSQXBeMKVAQfLzk4619RRxmSZrQUMFjoQqr3lSzKKrxekfcWLSVeCeqTqe3tzR10af5Li8F4p8F4v69OGIzHA8qc6eAk6VWLVveWGqOVCbvq1TdC93qkzmPG/w41Xwzqcllruk6r4c1SG4MMljq1nPZtGy8MStxGu8ZByRkdye5871rSry0wWVXVSPIeFcSFjncQykMADzwRlu1fur4b/4Kg/s4ftE6T/Yv7W/wL0y+upFEE3jTQbCC31SKRz5fnGSJEf5Adx2s24H+MVpa/wD8E8/2bv2hdOfxX+yX8eNFe5uYUnt/APi69itp4H++LaOaVhPJLuJRQE25OM/eJ4cRwlluMTeOwvsXOz9vBLEYNv3VzKrTi5U07/8AL6nSsnZ6po+myX6Q+Ny+pSoY2nUo1VKKnRqqWGxkbNc16FV2qWabfsKlV32R+F3gL40fFT4Oahf3Hw88Z63oF3rMS2+p2/mPPbXsAIJguYZiVdG+6Qw4U/Ke9fUWtftFfCL9oG8+Fmm/tKfC/T7G08H3sMeteLvB6JY6vq9ruUzy3qQKu5yoJbJyTkDrmrfxs/Yh+OvwZv538ffDfWrXTY8vDrml28mo6dcpHuBcS2scuI2U7g0pXCgZINfIGp+E3W5D2sbHB2COTIdcjPzow+VlzgjjqVPfP5Xxf4FZTmkXjcFB0MTGMlSxeAqOFTkkrNqdJ2eu109b7H9P8CfSHw2NpQoyxsK1GbpqWGxi1i1y3vGpacZJ3211fTb7b/ba8H/sJeKvhHo/jH9mvxhNF4h0G9TS7bwXJB5FzqFlIQ0lzqAdUDXEEmUEnO8YJxuNfmtrfwr+KPhnwfp/iq68H+KdL8L6mXGm61PpF02m3THIOyZYiixnJbfnBHJOMGusuPB7PKVnt5FiWRW3pHswQd/ykcZz3AY5zxwuP0c+AP7cfxY+GWnaD8OvF+keHviv8ItMIB8FeLdHtLn/AEXH+qgvHR5YyFOFCkYG0DLV+My4N4x8P8udPLvredU6eInUlHF1ZOsqU7Pkp1LX5YtOynfsuz/dMNxVwxxXWi61WhgK0qcIRnRcfZzlp7zW/vN3du2h+KemaZ4mk1uyVEkSS5vbe3aZQY1kR5FLAuWGDjkhuNucjivrvWfB+r6ZPHbNGq3ccNvKIBIsjv8AuwwkjQkh1kzklcg544Ir9DfHF5+xd8ffifpurL4H134BWl1qtlP4ntNI2XmhfYmcLO9lC7L9icKWbfCpYbR6ceQftj+CfhF4M+OXhvSf2efHk3xZ8I+INEsEtRp8U0uqaCYFjg+zXCIrSXNxI3I2hmOcD1rLLuPv3zwWZ5bjcFWknKpLEU5RpwceVytO3K115r23va9jtx3CM/ZQr4LGU8XBq6VKSb1cbbN2ls3ZfM+JpNI1ZJjLdQyRcKrGRD5Y9dpGVIxwAT1wcnAww6ffvOwihdYQhIkhdlZTxyCCenocdVx3r6+n+H99PcjRrZ5Rq6raIND1a1NhqTXF4yRRQPDeCFlZncKGwO2T6es/G79ij4rfAHSfAet/EJtF01fH9g1/pFlaXSSX1uMK/wBm1GKMlVZVOFkUlTn7xI4+wwfEmWV3Rp0K0KjqNONmm29NNLJru3Z6tO+58lLKMfha0p1YSguayi1bRKy332s7fej82W1TWrCfC3EV7bwxn/RbyMq7HnISQDdu5Kgc9ODivXvDk+otp1pqAVrZ7nDPYySSkAcdGwQVYLlcjocHkcdFf+EBLO0V5b2rHbtWaGMSBeCMkqOAMjPf7pyOa6Gz8P3EeixpDdsLfTriOKW4MLOy+cw8oHqFAORuyGAAwRjFe9BrEucoyTi43b7q8dLa7JaLRXs9dzj9pGnUtdwknZ8zcbq8W+a92lZX6rW9tLPR0nUtNlkhe7tkgZdySRzx71bICswYgsCOSM4A44JyB5JbfBF7zxNrGoaN4nhj03WL6W4uooY4zJahmQ4iKkMjAjjbznJwFyB1/iKaTS0nt51LTjIhu7diVIZc5aM7SQeMsfQDnkjL8GXWvJ5clnGt5GxkJNm5S5duPl8lQC69j068DG6vCx2X4fHy+r4qkpR5lbnS32totm7O2l7abK/rYTMsThZe1o1pRdru0vevovRfKyejT1R+uvwm/aYl+CPg/wAM+FfDU+o6rPpnh+awk1OO5lY3UksWwLfRllDCJyCO3HI9fy9+JHxb8bf294otLzWNTtLbxFqt1rN/caVLLaK7SyO4j2rhRJyFkkHzNyCfSzH8SF0q/QalZ6lYuT5MsM4dACcqCpYZ4PY5BGFJzirw1fw54tuZ4d9rezspzb3arFOm4AfLu+ZuCfug5PcE4Pz+E4CyTAYqvVwuEpYetibKcqcFDmsk1dRS3025ebd72PSlxNmVVwhVxFScIyjaM7uzstbrpZXS7J3uz2L4beLP2Vvi78O9G+GHxj8C6fb6lYSuR42NrFb6rcSNt2ySalGvnycklxIRuPHA6WfEP/BKX4feMbW9134DfEuw1V5lEltpWs3EO1Sy5jghkgkMo25UAsoYgtnoM/JOsfD+eG4ddPimtCd0iIOYvoOTnP8AD0wBjOet3wf4v+Kvw21KG80LWNX05o5Q6JbXEzW7iIhlRoQ+3BIA2nC5+UEA18RxD4c8UUqlbHcKZ5Vw9e7n9VxCdXCt3TcFFrmimtE09/kfW5ZxbllaMMPmuBhKNlB16S5Zr4U+tuZb9XdX7XZD8I/26/2JNZ1bxR4ct/GXhowxy2razoQudX0i8sjkFJ7WMTK9u6A7hKDgHghSc6vxB/4KZ/EL4p6V8JvD3x0+F3hLxfZ/C3Vpbu58nQrXS9W8QC5TbPBfFIlkCgFnKScZzkcmv0V+En/BUzxX4dhi0f4peE9N8ZaOUW2v7Se0iaS4iVQp8xZY2RmbkH513cAknNet6lD/AMEyP2vhfjxR4btPhZ4n1cKsN1apFo5hvZcbnVrfasu1mLEMRzkHoTX5jW4w424WxtCpxhwlisTDC1OWnmuUKVeMYpx/eTpJ88YtL+ay2StofYRw2T5nhp08qzSnHmjzLD4lrm5mlpGTsk0lfTS7stdT8i7D9oT4E+L3vU8O6dJ8LTd3M15Fpr4OnxTyPkwFRkQpECBkABgM8Zr3CX4PfFU+C5Pif4f0uw8feBo0+0ahq/h+9tbuW0s4o/Mlee0jla5QxR5Dl4yvB6nGPpfxx/wQtsbrTLvXvgB8UfDnjy0khN5Z6ZqV1b+eVYF0ijlt5JW3AbSd+0ktX5w+Mvgn+2D+yXrDaVqVl408HaK4ntrxNHe+vfDmqWsgKTRXcMPmwmCWPKMXA+Vjgjhh/TnB/wBLCNfLMPhMJnuH5sOlCOBxq+r4qnyRilTcKqjK6V4WXNHt3PKo5Hj8vSoyoynTXKlVoKNRLmkkrtxb0Tu1drfoXPgH8R/hpd/HvTL3xxaI/wAPtS1WK11xQUNzFaW5DToV4YFCrFwVJQfe7V+nf7YsP7CWifDNfH37PnjOe+8Vz30dnb+HbaUyW6oy4kN1FJhoih3rxleAMkYry39kTxd/wTj+Mel2fgb9oD4b3Hw++JFpcNF/wmejzTafpN7JLiOWe4MKqyTyyZkk3AYZjnA4r6b+MX/BG3wl4u0G58S/snfEvTPFGi3cq3LaHqmoQzS7ZvmSOyuYJZJGbn5fO8sZABxg4vLfpR4SpxBSwuYVcTlk4V5SV5xWFxLqyXM0qbcZQUrtSab5Xa60t91l3DcqOHp161SdOnJSlGUoyjh5ymo3jOSi4qSk9246N6dH+LHhH4dfFn46+JJ9J+FHgbXvHOqWtpJd3sPhyGS4W0iGTm42qVjUkhcsRkjhjwDW0X4Z+M7bxzceHvGnh290m70p/s+s6ZqdpJY39pIp2spEiIxwwIDqNrY3Kfulv6Rv+CR3hKH/AIJ1S/GvQf2gvCfinQ/GOtyjUtI1uHTG1S2vdEt0Zl0u3nijnRGlkj3Rjem7PIB4H50/trftJ+EP2gv2mvGXjzwpod14Z0m/8nTbK0utPXT7wvp5MU1zdxKiOsk7o0gLKNynnrX9H8LeJdPijOPqy9hPBKlHEwxEK0ZOc/ctFxV7Rbb3a266N+Nl2FzCWe4ihVwsqWX0UqkcYmnGq7wajF3s09bdVqnufHN18IEiCvpmuT2BZxItpqCia32E7VVQWYBcE9MnGByOazR8EPD/AIgvlg1DxHY6PqVqfNhZrXZaXU6KCrLcADY2QOpC53Hjt1OreJxdN9mlvWUwAICpK7goODvwDk9ce+DnpXjnjfxxdJot5pltPuvJ4JUtpxIGdRkliBuGwYAPXPQgnjH7Pl+dUsLWpzqRUoXtDVSje6bT6JtWtLRvbsj6XPMTh6eFahLmtCyTakr6bq75fi01d3ZW0PsLQfhT4m0vSbeS21FdRmEMboFlU+bGhAV4trMhjYZI3HOO3euo05NcspkgvoZLaUsIyZIjtfJ+Y7gAB8xIGCO+c5zXyr+zv4v+IOiaVpOrf2tPqlqkskU2nXrtcRrGr7drBi4RQOwXqQTjmv038F6tZeMoBb6toscD3CI6XMaiRIWb7wG5QeCQoUbcE9O5/WcJmssfgKVdJ8koR00vbli17uzVk238m9Nf5LzrOMBhc5nSnGMJSqXbTSTd4uLWySabbVmtNLdfHyk6xRM8SuyvgFfmbIIALckjjvkkH0+6fza/bF+CXinx3eWGq6JBBKIJXL284CMGOSCWHIAI47D7xPPH7H6/8MoNKnhvIPEVt4dluJxFZrrZWKw1CZ87UilfCo78AKe5BBznHluu2snh+S7f4keC2v8ARY3KHXdCRb6AQ5z5zxRKWAKlSDswAeDnAPyHEOT4LiDCVsHW9+nNJydknGVopNtvR3s7W3SaTR+xcBZxDC1qOKw01GSUeWWl9FFa6xs9b3TvdLVJH81z/AH4qWt28mp+Grq5tLfEklzaQtMFj6gLs3FiBnOMkEEAEhhXQ6LZeI/BeqWlzbRX9i9mhn2yR3VlMFIxt3kJknfgAk9c7sFq/pq+EngH4PfEnUAPBfiiwiZEMj6VdeXBMWycxyW9xsdnByMY9QOCK+vrv9i34Y+KPD722ueCtG1me6t3jlvhaRQ3KgoAJFYJx8pIUjAGB2BNfzhxR4ZZThIycMVUpTi+b95FPWNpfFFeSt7rbt31P7o8MfE/F4CUJPEN8zi37ydl7t77qSS73XbZngn/AARx+ODeMvgl4l8Oaxqstzrfh/XZWMFzOJLiKzu2DJwz7jEu3AJJVfUZWvrL9rH9uDwr8D/suhWTjWPEV5CrLaQOskVooBCPO65wSecEg8DIJ6fMnhT9gST4CS+JvEnwH8V3fhLUvEmmT21/aXpM9ki/N5bR5OFdSciTAZOMEjBr4r1/9kPxzr+uTah8SfGl5fT/AGovPdc3P20BzysrMSkY+UBONpUDGOr4FpZFkNdVcy9liHQpuEEuVxm4T5lUcJP+WaTf2bN21P6U4Q4T4R4z4kxPE+b42lXhyRrvKUuT2+LdOEXKrJWjGleCk4x96UnvZSv5r8bv2/fG3imc20OpJY2825nisQRI2cYiZwB9xRg84GSwHPyfA/j79ojxFq8iyJJfNGzEsrs7PKwHLSNk/Lnvk7c52+n6S61+yJ4Qsba6W0tI9VnjHmJPPIY3jcDlsEfMpAGQpI3DOM14Hqv7P9rZXMgfw/HHbZ3BBD5quFOGIYgthmGT6k9M5NfpGZ8b4erGcMvlhKFPlfLTwyUpRSUVfmUbXte6Tt11vr87448KcSZtgI4PJsFQw2UwhyUaGDg1GNP3VFvlSvJ3V01f5WPzK8Rah498aXKTWyXUUAYyRxxF0Rkbs44LAc5xnrwDk7drwb8OPFra5ZanqToIYpoZ7mFsuG8qQERgMSCWAyeOhDfe4P6Dx/CjTPMKW+nPahADkxFVY527VfGAvYBsliSCWy2bifC9Q5a1DNs5kCAllOR0zgFRgglepwM5Az+WY/M6uOxDnUrTmozUrOp1Vmvd9HtfV9j+Ac18Fs0o1nXxdGrKSd0uVppKz1Vr7aJLo76bHp3g3xrZQabbRyzmCVbeOORY3KhCiBVwp2grwc46nrwQtejQeMLJsOuokM64SRm3KcduScYHAwMkYKkdV+c28M3dqxGWG0cK4xyAv3yAeeMZ5wTgL3rKvH1CykILKIFyQRkg4IGRjJBB5KsB2A44P1+XcYVqFCnTnZRpqMLpO6UeXdapXtrbe+1mzyKvCeKwVqcsPKMIpe609HaOy0Vnv1073Z9XR+JkK/LdQscALnAYk4OTg9cHO3ofUd3jX5CqussJYM2U3Bccc8evJ6ZBPGRjI+R4de1ZPmJ81CMqd3OAvO4DJU47jOcLkdRV2DxVeybT5jRgHEhMhOOCDjaGIGRzn+IADIzX1eE40oVGuae6TatyrVpW+d7NavXq9Vk8sqwjZwad076JLWN9Pn/wdD6kPiF3MnlyKEYbsR/MNwG3CkZHPIIGccj73FM/tiSSLMsjOASNh2HaOg3N3G3Hb16CvnBPEl7CVEUxbe42lWxwPmPynGM9zjtzx1tf8JRe5ZSXKllJZJCQ5x34wBjA6c8Dbk8e5R4loVPtK2iTb1SXL6aO+l1o7dtU8JKKs7q9m46JtaLt9pvVp/ffX6DW+UhjlcqDjH3ue5wQO208dM8Y4DhetuQqWBKEFVfOADwx479QQMgjA5DV4KfFMqEMUk8zcpChjjsTnaxOB2BI4xxg4rWsvF/nSBiJELKcguQAQcFgwA2gjk/TGM5r0FnWHmrKoraOztd7abJ9XrpZ6WMlSSVn7qd7pbt+6knqr/Pe1r6o9h+2SqmcNJuYgMSucMCSTj+6Tgeo685p41CRVaN8M5BXLHDgltwOCeMDrnPXI6c+cxeIbd4yvmFzuUBlZvlJOMkD+EZx83f3rVgvFlGVIDli7MTncvH3cA4wMAg4xwa0jmlOUlaSaXK76brls2m2tNu/W3bCpRgldPVpu7bu9Fq7rRK3XW+1raditzjCO2xiWJwc5wSRzngLnBBG7se5qaO7RdozuYkkED7vODkgY6sMZOck46muV+07XEkZwWAUhicZI5OCepP8Xqc5IGakSe4RyCcksM8ZGSfmAHIO1TwR0Pp32eIhNJprXVNPqlFu1+11q12Sfbx6/Ok97KzW+6t/e0Vt77pq7SdjtQRIjHzCAQCGA5PALHAweQNvbPuOtuPBI2B1lxkBASWPc4GQCV54PGSOO/MLfCNPvkuCp2g9MjBwGHOeQCBwPQcV1+g6rbwyPPLEJGEfyr/Gm1QMqDgbADuPXaGPDd+TESvGTT2Wiund2T000XTd27nmTcpKSs7ra903pG+qtZK97+m2iPRvgCmqy/tLfAee3t0a1i8f6XHPHMgaIqGO9mjcEHHBGQwJHp1/oY/4Kofs+fCr4r/BJtb8a6Lqmp+JI7vTLfQL7wvpkb6rHJtjAhlEMXmNb7m2kHKqMZB7fiN+yhpkviH9qL4Fizto5kPjCynltghPypvZ5ZSoIGM5ycjJ64OK/sY1fRrK8gkhu7G1vI0TKQXUKTxo6oF3oGUgMuAAQOMAg9q/lDxiblxDl0qFWUK8MJd2bUW3JPRaWutXd676Jo/JOJM2x+UZ5TxeFcl9XhSqQkm0m4ttp23TSWl9m72TSX8VXiD4EeOP2bbrQJdW1jWvg14Q8c6MmlW1laQtPfeIxOES1kvDb7zaSXbMEOSHQEnHFfp34J/4JjeK/E3gDwN8ULr4hr4V8UW+gXIg8PWWnRzrfW00DyQz6jqBBupZ71CpYSZ2lh64Hv8A+2rrmofDrx74VubT4baZ4w0zUVktzdeMIPt+iaXd27K8MltHNHLHayBkURsNowVGRjNfSvwP/bF8Ma54DtNR+Jtvo/w31iS6t9MtNNupki0y7hUrFDJYyNtjELFAURcKqA8AZNfjFbijC4bE0sHiMVSoY7mSXtVGMq0YyU0ozlzJ3fRWb63Z9Tw99JfPcxwyyvLMUstxuAxn+0yjCKnWjCzhBzcbuFmvdkttFpv/AB6ftIaHr1rceI/BXizQdTsZfDev6vpkNprKuJZJN7gahEJQGaCfiWJgCmCCCduB+HPxm+HWr6Ib1zZTtbNLJLEUUv5QJ3Iy7SflAG45I4xjBHP9Vv8AwV58V+G9f/amv7vwrq2i6xpj+FNNa+fR5IprSK/2s0ivJATGZwrLuYgvgEMW5z+Kniuz0fUopo79IJy5+XJUALhsKVAxjkjPXHzMCMV/W2SZRh894VyvE4ZRp1KmGhPnVlzNqMY7dmrXTd0l1P2DH8XV+LMHhsVmkl9Zr0Kak7JWfLGNlqrpWXL05bJa7fijoXxa+IHw3v3k0LV76OHcRJZyM0lvgHBBhY4HA6qDjBHbFfafw1/b8aOCDSvG+ipNCjxSG7tX2nzI8GJnTIICsuSuAM5+6MkdN42/Z38JeIPPu7O1SN3ztNuVUM5BypBwW46nB4GOg4+VfEv7JmqRCabR5JRIzOFRx8igjIBOWbHDAHAA28k4zXn4fE8V8N1J/Va9SpRi+WUG5SUo3V/ibtok9tPXQ/LeIeAMHnsHHE4ajjaU9YqSXPFy5W7TWq9Nb7n6u+I/23fBHxh0S20/W9Ut7TUIbK2tLa5uAiNFa2o/cojKRgkDYcDoT8uACKWn+M7fVba0utC1OxmiSHynWO5R5JhtwNgZ87tvocZ44IwfxVv/AILfFHw2XENhJeRxsSPLMj4A6YAPHA6Anrn5uSa+n+MvH/hCYCW11nTjbEkCMXAjRxwTgqBn15xg+o5+qyjxezDL0qGMwDailFyUZJ3916u3K991a6fQ/mTjD6L/AA5mFSpiKWFxOAqyqcytH2kVZrskrXur623tof38/wDBNb4jWfhH/gn38aYLqSWC41VPFjWwLJJMsw0uRS0iliYo+BtLAjGQTgMw/BDWfEFrql9ptpdyxLKtzqExuo2DFzJM7OrFMAZLEOT0244zg/kJ4B/b++Nfw90i68N6X438Qw6BqsM1vqehpM8Nvcx3EZScNGSFJdCQxHzNk5BBzVjSv2sItQuoGma602VCwHzF42DtuZ2JJ5Yknt1yOoCrh7jXLMBmme45xVOeeYmniJxlHRcqjFK67W+TWqufA8UeBGMxuAyfBUcZyxySg6GFaUl7jnGd2n9q601el0+y/VKy+06TqF5cSvAYjNHcW5jk2AoJNwVfm6kbche+T1G2v6SP+COXxOfUNI+L1hPDHvJ0y4hgWRBKAsYiMkihuAR1BAxzzkc/xm2nxz0HUEt7qPxZ88PlhraeQfMSQx+ViOTkBcAAZIPfH6ZfseftS+HtIsfFiWnxSvfh34gv4Ybe1+zsLVLuOEBma4uA6rIxKt5aucbh15Nfo+Y5llnGXDdbIIYunSnifq84Sn70VOnUhVS9yzduVpp2dnqtbP8AmDiHw94v8OOKMLxlHAYnNMPlsq8VTwrUq9SlUpTp+7ZOySk3zW0s72Z+8v8AwUE18an+0hbWU1s101t4as7SN0YPHb3F2VMW9lLABiwAOOOnHSv2T+CulnQPhj4GsbgtBdx+ENNZoFG0l3toiVwD8yr+JOA2erV/KrZ/tDeFb7W9I8ReIvGUniu8+1aeZ9S1K8hkub6e1uI3SKVDIS1uAgRmbgjpgjB/Xrwr/wAFOfB/9h3EEulaeNfg0v7BoKpewvZx+RbMscuxnGVVwpIC9AMYG4V4vGXBeeY7hjhrJMip0sfTyunyYmdOcKadWXJGM4xqTvy6ybveSStq9/5+4I8QMqyDxJ454s40w+Y5TXz3EKWW4ergq1ScKPPKc4uUIPmqWjTjFJRTbaVlY8h/4KV21hffGjT7e4tbhPL8NxNqE4jeZo4j8y52EldwGMdAoPOSQeZ+FHx/vz8EvDXwUitLuxSLxjZTQ6gZp4nutEkuo2eIIB90k4CjnBzgjmvAvHPxim+LGr+IvGXi/wCK2g2mv6wy2c9mptZI7HTYjiOOMSNkBV2gBQN2M54NZnw28aeB7bxJq11c/FPw7cweGdMt7jTzMbeIy3MUiOWUbtu5FUkDOCRtNfd0Mhw9Lg/JsmzijTrYnJqFGtTlCM3GOKhFJWaSTcXOzb31vezPgljs2zLjriTijhz+0sNguKK1fDVYTw8oOWArzhLkqO7UXKNJSeiabtfc/ot/YvtdKtNK+I+p2V27qfEMUbQzs22Fo0AVPm6DpgZzzj6/mP8A8FhvAlnD4+8H63Z2fmaj4q0adryW3dWkc2rDycoD92JGwW6kAEHjjr/2Lv2y/BvhHw58WdQ8Z6tpWqWt74hgl0aCLVrG1uJo5VYJOIJLhVdJAVIcE7Tww4OPA/2//wBoT4cfG7xr8PD4cv4dDvNI0u5SW61nXbP+zlaRctArQ3LpuBI2jBznBwMCvxDh3JM8ynxarZrPDYpZZKFaM8U4/uZwqYWlKMebmbdqnLG1tWknpqf1nxpi8nzv6O+E4UpuLzyhiaGIp4RU6qxNOpDHVJ1KkYqD1nSk9FK9pab3O5/4JI3+m+G/i1/ZH2sm51rwzqME67sN58Ui4hKqeoVTgkZyM5IAJ/cP4Y6/Zp478fRP5UcJvpWjkMo3OySFZAAT2BHIyBkfdNfyX/Bn4/WnwSup/E2g+MvCGheMdAvtS1Ow1K7vFuv7Us/LkSWzVYg67ZWI27gN2QeCcj7h+H37fusyeH/D3iu9+I3w9s9U143suqi1mFzIj3Tly9xDtLI24fIOnTOASR63iNwHiOJM8zDM8JXw0aeYZdhMKqbm41FWoVJTlKUVF7wcUrNt9Vbf5Twf8RMZ4ecKZBlGY5LnFSeS8QY/NXVWHbpywuMoQpRownOUUmqkpSl2VrN3dv1D/aW8WyXfxft7DbHLY2WnQ5fkoUdHLF3TPCMAQDgcDJABx9RfBUxweAvDElovnPPLPII1bduRnyWORnC7dxySTgAd8/zqfEH9tnwPbXr67rnxYsNYvWaZLmLT7RS4icfKisQBtjBJALYXkqehrOX/AILD+DdA8HzeDLb4pQaLcaUkcelyafp0U2oSI2fMUyMd0byBsBhk8semAPAzjw7zDEcO5RlGEqUKc8J7KFadao6cPgs5Rja8ryldLR+d0r9nAnibjMP4k8Y8YZnkecV6GbTxM8BDD4eM6kXUqU506Upp8kPcpqLbdk9He1z7L/4KGeJNITX/AB3cCXT59QMdrZLMZ0a6s2jDbodiMcYLc5AOTk4xz+FE9pd3N1f3EETGKSFmaeQ/IzMPmZG4DKD83GVGAD2zi/GP9vz4V6/eaqZrjxFqmr6lPJeXmq3wDi7LgkyYkfhjyQqcKDwSQK+Jda/bu0WC3u4tL0KSxaKNoIbm+mJgkB3ASCMnHoR16gZHFfrWT1cHwnkWDwlSvGpPCUKVOpKzs5UoRUlG7fKm9UpNN6Wu9T4LDcA8Z+IfG+a5xHKfqFLNsdiK8FWmlKnCrWlKKm0ruSjK8m7XaTV1q/3P/wCCU3iyPwf+2KdM1a4hs7PVfAesNdavfXa2dtHHboJMrLO6R5IyQGbccbVGcV0f/BYT/gpJ8ENW13w34H8H+KtO8QN4Ei1Oz1eW1eG4SLV9nlrDayIxV3WReXQkAjILAZr+Rv4jftofE6+urubQvE+oaTcuk9qb3R3aymFm4CNbRSxMjiIjjAIyMnB5NfF2p+K/Ffiy7DifUNUv5pmlbcJJ5Z55CS0krMXZncnJYksScngYr+fOLs4o4vjCPEeCpzniKdFYenHlslOzhzrVt3U5W1ts9Laf6R+G3hrDIOAqfC2e1qOJp1qqxGIhB2heTpz9mnLeKcbt31drn0F+07+0H4h+NnjibxDq9x5jWtn/AGTZQoFIgsIGYQAjcDvKn5m45OMGvnrRvEeuzR3FhbpczWEca/bERGbbGu4kqUBCjBYEk8ZIOR09j8Bfs+eIddiGr+LZG0q0LCc24OLqdMhtjKSNqkDnHY4ADdfoiHwHoNnpU2l+H9OS0f7M8NxcNCjyzllAIaRhuPIz1yMc8dPisVlmZZpiauNxKcHUk5Wa1e2yelndadte5+w4KeAyTCYfAYCMI0KEIU6cKSUYwinFcsUr30T6NN3Pmb4PfEOfwj4nt9YtdRubGGOULJCZXiEqo+5ozggbSABzk5HbANfql8Mv2hLjV/F3hGbw7q9+keoa5p9pqsa3ZIaCeWOKRSN4JC7iQoPGRzjGfzeu/wBmjWZGafTdXtpVnZnS2mXa0MjEkrx90DnHIPPXOM9N4L+DXxa8Ja/ot5a6jawR6bqtjqGUnKCUW1wkhUdi2xSBkcknJ6Vw08u+rc6r0ZPRpcqTd9LauXu363d9PMMZWeMh+5lZuMrW5rpvl3vot+y16H9f3xA/Ym1XxPomi6/oFpPrL6nYWuoyq0rSSIs8CSFFxnjLAYXgsPXOfnpv2XPiRo7/AGKXw1eWlvBIRJE8RO1A2SVODwwyQR13FeAK/Rz9l39u34OeJPh74P0fXNWt/D+u6JoGlaVqMd7ImJ7yC2jgkkQsRuVpF3A4J78DFfaNp8YPhTrqyzPrXhy4i2ZEss9sCyHnKgnbkjJIGCCT2wTwTzOtg5+ydB8msYrleq210enV3TW7Wx8bPKc0g5VY4irFyak99G1HVPdXWj6aed3+K/hj9n+Q3O6bT57fbGHme6j2QoqgbzlvYE88rhe+ceV/HqD4a6LrHhy08Km2l8QWcTRavLashSNl+XErR7lLFhnnpjGCQa+0/wBuP9qPwD4c0uDwt8O9Ssn1fXI5bN5LERBi7KU8uApnDEkszYAGTtJJwfyLspLZGjmvmee+uVeW+lncySGaRtzDqWUqSORkNxg9a9XC4J46g69amo05e9Cny2bfu2a0Ttpo9HbpZFZXjMzoYtJ1JyUHZ7tSd4aq7sl5q3V2aPVLS/kmiEeQXLkKxdsYPJJOTjHbjnHTAINa80t5UaRk3YYnzOpc4zsOeFHJBzx0IJ4NZOlXscYISBtpKqkrkHPyk5K5IyFznj8wCa69L6M2siLiQ/MxIOVXGcn1IHJKc44XnHPlYzKqcIpqKW8muVXuraPS7s7bp7b3R+rZNmdetBwqKTa0sm97xtvu1r1TZ5pdWzIrYXa+W3ADp1xk7egPQ9AeMZ6V7OK4VMZDnaxK53AcjJJI65HT1zjjkbd+0e+QgE72XcSccHrjqc+/QA45GKoQX1mmQkcithuhwHzkH3xypyOg9Divn6uHjG6jG6SSTbSd1y+Wi0s9dXr2v9thFUcFLmV0rxWtm+vy309OjZrQPIqoqsQ5w5IBOBk7gegBHqB36HGBrWZmVixlDA/eViSAccsAANmPQDcScAda51LmMsjKXO8Y2AkBDwBycZz2wc4ycjqNm0RY03MxDBj8pBICE4Jc85Oc5zySOeRmvNq4OFRqEklfotNbJWVtNb/rozvhXrQkot6XurO23KtLXtqtb9fRHXWM0nlAYYKWIZyNwwMcg8dRkgHJzwMfxaTXlhGeY4nfaVLtleT0XAwVbI45xz2Nc3HOY4cC4cR8HaoAJJBAAHTGO2MnJ7ZrKZppdzSGSFQSQrAMXO7juSD94nGR6Y2/N5VXLd+Xlb2W3Xotru97P7l1Xr4TGtNRa5mtE97Jcve/2tbvXZp7Hai8wNsQWEHJMajqCC2SoyATz0GQMZ9/mH44fF4eADZWr6edRivpBvjkdhsUkbuCNy5AycgDGSPf3y31JFwFCnaMs7YUdOCT0bIxgEY/ICvg39pry9c8QCxjcvJFEsgbsmwHKpjuxKgAngAjAzSy/KZVK8r0YuMI3u46KyXdWa77/Oyv6uIzCVOjTcZRi3NLS23u3S11Sttv8rnr3w1+KVr4n1lJrSVbWyEO6O2h4jWYAB0P3SHGDlwQSvfmvpW08Uxo4PmAgMjSSGQjHzZ5fIx0xzgcEcck/k74Bi8Y/DS4hvvEtnc6Xp2pw3FxpxuY2jF3aBcm5hcKEIIxjLZGOhya9j/Z9/aN8I+Ovj34B8C+NNRXQ/h9N4vsovE+sTzAIdKWdBcb3J+RXOEB4PzEDkc+BmODweIqVZOEJOlz3WjtyqN0lt0abd1FJ7JHp/2r9UoUHUnKEptcqX2r8trO1ra97LXY/SN/FNxOo+ytJIjMAoVmw5U/eLEHHqOxBJ9RXTWmoXkcQubyRcAodkjBVXj+M53Drz/F3B5r7B/bA/ZZsvhL4Wh/aI8FWjJ8GtZ+y2OjWdpIbj7LHLEn2TVJJFJbyL7LMpIABY5Y7efzMuviFpk8W2OUOpRWQPKzFmPQSICw2nr0556YUV4FHK8JmcF9Vpwvdata291J2Su091fRqzTvq/UwuYrE0FWWI546pxc/hatFqSSaupLWLemj1eh8Vf8ABTLxFf6FefCXV7KeFYZ21CK6jgYs3lNGCwYA7hvB4cjODjJxX5+aZrcd9Ak0TjZIN2Sx5LAZB5zu5OCSScf3jgfon+2H8NR8TvCdjr1tctNq/hjzJYNIjDMt1azpiVUPzbnRMsAoJ7c1+Qel6lceGdTewvRKLRZXVA4YCBw2DHJu4yu3BDD5ec4DHH9AcARjlGWwo8qjFO0mkrRkmrt2sleyST20bV2fg3iXhcTisyqVpxbpyjHklLVWUY3bb0b0Ts7+h7pd4YKwcjGBgglSGI6k4A5BIzwckZAqiZnKTKoIClWySOcccDoeAvyjGeOSKit72LUIVELoS4UFxyu0hTz6EKeg+bnHGDitOr28bg5y+DnJOTkFRjH8WDnJHJP0P6hRxCqQTclHXRp9LRdm23ZN6Wvd3v2Px6phXCTVtd0o28nre6u3tZK2t7osSlpcF8BSm5VbgHOBgYGOM5x7cdK4nVIVaVcbFYbiSCvzDkZJPBXGACQB7cGurllLCJRhWKDn04BGOhOejdunbmubvrWWaQKATkNgnkYIzwM7ceuOc9BkDGlR3S1eml7pXbcWt976L5drI5YxtVjpzJcrd/Pl3Wml36pIr30kL/F39mHcWQw+KLNS3OFH26LAPYYGc4OBnjGMV/aH4W8ORax8PbYfZ95uLcxMqKNkqPEAxIAxt2tnngt/uiv4mPFOpLpfxE+AV7OAi6X4r06SXdwNn22LcSTgjgEZPIY9Oa/ts/Zs+InhHxLomj6ZPqMUEkkVqIIZGVUJnt0ZSpwysjHbgAnIIHOQD+ScSudOrjGm2+am7rde7C2u91Zvtd72ufvfA9VRwNWS0tyLTRq0YrZ67r1vqfDHjzwf4v8AgV4lh8WeFHu100zC586HzCbSXzt7RSBSVMTcjBAABOM8iv1C/Zm/ac8O/FnRYtH1yWHTvFMVskMlrLIsaXw2bTIitwwPzEgc5GD0Bbo/GPwu069ttRt7iKLUbC6Dh7eWNXB3gYaEnJIIbjGOOh5Y1+anjz4OeIPhtrieKfBMlxFFbXbXKrBuEtiEkDlMKAWh+XG08ADPIJLfOYXMKVanGnUXvxdrvdpNPR6NqV100tp3PtvcxSWqUoySi+W2qae+jktLvqnqtVr8x/tseHbjQ/itrLxRkW8/jmK4jMeCmyaOUg/JkHHHUA4APBzj9FP2KAJfg6CxyV1WcYHzL8zbs4OQM5xjnH6H8+fjZ41sNWtfCWpeMrqCLUNf1e53TT/8tLu2DKrDdyXb7vUYxjIyBX6CfsRXlrcfC7VY7aVHW21aTaFIxy5JcHoM8Mwxjg+hz85QbqZxOCjJ071Pes7Rtyuz363s9kn33/vjwixUIcD4VRrxlVnTpxnSUk5RcXCLbjvFNq+qs09d9f1D8Fl9P8Mi9iXLR3iuDgEqVK9SegyCAvBC8fXtPEH2bxTbQX7bV1FrY5YkBXAAwo6DKj0HGcHIORzXgSSG48HXiShWKmTIxkqw+4ygehAHy9Qc9eDy8WsNbAEuxjSbbs3EYXOHxlhgHg4HTGBnca/S8Bg/bqDjG0ofE0k27KOlnays2r7721R83j8HUxOb4/EQUo4jC4qXJJJtuMlBuLvZuLVr21sndLpt2d1cWNxAsgZY1ZUYdEIB5POTnoRgHgnnmvR5ra31cxwyKJIJlCqepDSYwVOWOR07Y6AHtybRW+s6fAyFY52UiJ8hS/JbbjhcZwQOnY4IFTWElxpy+XOzh4njKnPBaNs7cnG04GBgjPPU5xGaZf7KhJyi0/sLTeyS9Yu/RKz+88bGv2zlUoqVHF0k7205pKKirW310fXVXavY8I/aJ+H9z4UbTpYYnCXkjSwTYOASAdo6LyWwOACOpxzX4Y/tv3Wp6B42+C2t34ZDZ6mbq3xkcwXMLH5exwAScdPSv6K/2mvFela14V8N26y7r+3CzTL8pJRQAVDAjB3ckEgnvhicfzyf8FNeLb4Q6iEOIJ78nbgZUNHkE9cZxk9xu4r63wag/wDXXK1Ne9N1KfLZ8rTpuO2jWnku3Zn81/Tbr5lnH0PuJ45jRlTxNPE4RKUo8rqKhmFKEJrS+1mrJPRNI/U/9p+0Pxe/Zc8CfESxt0u7/R9J0y8laErI/wBkkto47k5GWPlGMMx4x1PUY/OL9nrUZbT4r+C7y2Y7odZsUbkbgskyhwvQFjwOpGecA19J/sR/HfS/Fvw00r4QeLbqJoL6xFhpb3TjyZln+SWyk34BPQR88EjC5IJ+kNG/ZB8O/DrxbP4mjjuJNMn13TbnS3G4tpJeUPLG4UkNGxyI2yVAY5PBI/rTE1KPDtPHZdi7RjKVaeDv7qnTq3kowk7q8W7Nefqf8seK4Px/FvEuV57lKviMJisDSzWKm1KjXwVSFN1pK324Qjrbp5s3v2/Gv9WuvhxoMMFzJK1hJdIpRmMqGBS+MgqSBk7sd81+aX7YBktP2Amt1YRkeKfLlQtsK/vJFYsODnjn2AwD1r+iT4//AA7sPFnhpdS/s5JdR8O+DY9V0rVtuXK2drumtgygsVmVcOo6jr6V/O5+2cU1L9iee1j+zx3c+t6zfiMOQR9mmlHyqxyWQ5x1PODjIz8flueUs24Hx2FoUGpZdVrKrs9Z0q04tWV1Hp5tdmf0rguC8bwx9IfhXiHMcQpU8/8A7NjhtOXkVCpgaLgnfV6X0v0fXT+SvVrhrO+lKFjNFdTbnXIK/OSpBXJXHVSTwcDJYiv1w/Yt/aa8TahozeBfGhl1zR9JijtrC9ZCbjToJAAiytgmSJMkAEk8EHjNfklqNrcvNrM8scj+S+5pBGTH2ywfBABPUnpnGDmv0z/4JwaHb6/q+ttfRQuI47OR4JMAzIJQmw55KkDHsOOc1/H+dYhYWnWnVlKL9rKavpzOM+V367L0+ep/t/wbZ4ui4SvSlRXMujSilo27N6WT1ejur3Pcfjj8LrHW72fxPoiRRSTS7hLGP3FxGRn5guNpIIDY5OD6V8ja54t+IfgzStU8OnVb610O+aJJ9NmZ5bGbYQwMO4lUGQMAZHTk5wP3c+Jn7N1/Po0mseB4Vu1vIElvfDcnCptQMzWZHIbGG2jHOB2GPyb/AGhfD8Gl+Hrq3vYpLO6sdSjgeC4g/wBIt33APHMTg7eduVG0kHjGMfIxzucqkp0qrWzSi2mpJK0m0lq0vNpPVXPsM7yTL8Zh61W0bcsvaRlBcrfKr3Wq1VrO9r3TSsfL2l/GXx5oBV7G8D25Ee0SqrGNIgPu4O5VIHTByRg44ZvQrH9qbxdbTRNcRWt4siDd5RaPySNozg7QZDknB59scjyCTw9vUvYXdpcK8O9gkikxg9cBiuBnqACc8jJIFYs3h2QQKzW8bsAWElu6lif4SBkHOfvDt0wc8/f5L4l8W5M6SwWaVoqCjy0qkvaxXwaJSTsnbS/fofzjxZ4C+F3F3PHOOGcrrTm251oUo0qsnLlvLnpqMm23q3u1qfoT4Y/4KK+J9Bt007UmcacsSWmy4t45Ny4HO/BAAHG44LHA54r1/wAPft4fDTWrkL4u03RbmBo1jt/Ps4925yRvdfLzuPHrjJbnivxqudOlcnzDKpD4MUkeTHtIycHIHAJzwTjbnjFVLjSyXyHiYLzEwAWXI4G1TjjOeOxPA5xX6dgvpDcTUpU1j8Lh8VGMYpvk5ZyS5VduO7fdJLr6/wA18U/s+PB3OJzr5XTx2T16jlySweKlJQk2mnGMnJKz7PX7m/38t/i/+zb478u0n0XwrbSTyIJJgYoNyMAMvuxyc5I9eRUusfBP9mjxdKDpEFnZToiySmx1GPbOT08pA6g5JGFAAzjGMcfz4uurQJuM90hBHAZgQQC3BVhjbgDp90cc4ro9O8Z+LtJ2tY+KtRs5Y9rRZml371I2gnfkjjBIJweT0yfv8p+kBw7i50aWcZFFXfvytSnvy/CqkbP9Or6n4Xnf7PXi3KpVq3BXibnGFnJWpUcTKuqcOTl5VzUa6slZpvk1e6VmfvPcfsHfC3xNaGbQ/Fd5o1y0RaGGR0b59uSpZyFG4/w5HBJHIBr5D8dfsneN/B3xF0T4e6L4hTV21rTrjVNNn+1bSTAV3weWrbWcnGcggnvnAPyB4b/ar+POgQ+SviuW/t4ir4upPN84KMAKxbchxwSSeMkZ4r0nT/21fGd/8TvBvjfxNpA8zwnpj2Tizc77hJipLo2cFgTkgKdw4JBPH0eJ4w8KuJfYUXCjhKtfEUoWnQjRdOEpqNTnqU24pWe72WzWh8nk3gX9K/w6x+OxFfNXxJlWFynHTwzpYydedbG06PNhUqFeCqKc6iUf4jTT6XTXU+M/gJ8XdEll/tPw3qssNr/rZYbVpE+UEEq0KtkEHjcNo4HTIrxi/wDAnia1Jllsr+1hw6jzoXTHQspBAYc4I3YHOB96v1Y8Df8ABRn4cararp3irTyokJBa5hRJXBK/JIrDbjacBs7j9cNXtll8bv2Z/iNAxn0jSSuQZd8NojMoQAuCSS5HB4ByQcjIBr05+FXAOdUpPA5hhpqV7KjiMNVcW7OzScZx0bdmr9bnw8vpN/SC4AqQjxd4dZuqdK8ZV44THUk1GUbuN4VKctEmrTSvblS0v+BFx4c1aGZmlhcBsgFl4OTzuOR83XBG75hjqaz5tBdVYSoJOd2W+UqFJJ6gKAAMqe+QTtIGf3f1D4Hfs2+Ppftlhq8GlLcS7VhjlVYl7gkgnYQR2OByFGTgeTa1+xX8PtU1aPS9B8VokLI8v2u6CmH5skRRPv3MeQoxyMDGM8/HZl9HfCyk5Zdi4zbi3aaUU720bSavrffr1P03h79oBlTUIcSZXmmVyXIpurhZ1FGTceZPl95W1esde+1vxek8OLdffhCooIVsBwCo65GDkn2xycA9Alt4TRUdWRSG3ZzGH4PGOcDBz03bvxGB+ovir9hnxBoRuG03UINShUgxNac4Rs8OjDBOOcA+mFORXiur/sveNdLjL2kTzSE58sLhxkEHIx7Btqg4zjgc1+fY/wAAOIqCm6GE9skmo+zlCVklG7aTWr7XV+nn/QfDH0zPCrOo078QUaEpRTcMRCpRlqo3ajUilpdrTyaR8XWugxaTPBqFnbW5uYCGR/LVXVt2RkjjKlQQMnnJx1Nega38S/EJ8OXMVw8E0a2MkMzvCpKxFQoGSCMgZwoGexNeka38EvHWkwF3sneM4LbxwpyeCBuA7DJx3zyOPnX4m6dq+gaHqVleWklsHKp5j7gGDMCVViATjhhzkAfMRX43xX4ZZ5kjVXH5biIQpSv7Vwk4xs463s0r7N9vI/pbgjxh4O4qhKnkWeYDF1KkHJ0aOIpyqP3U9Yc3Na1m90t7W1H+GPFl/aW9qp8m6heMlFuIQ6Lu/hLY3dMDjjkE4zgepWuqabcpnUvC1jcrMnzSRERuQQAcYCt0zxxk8EY6+WfD7S3vtN06N7CVVjgjYyzjCOM87S3BB56njkjqK+j7W20NIEF1pcjmMRRmSFWAQDarnAJXk9W4bjnlia+JxmT5tQ5ZRwdeVNxUorknaUWlZq9lqttG76rpb7nC5/kuIc6c8fhISi+Wa9tC8ZOycXZu7ve/MrrbTd+aal4Y+Gepw7tS0zV9JeTPNqxdB83HGOnYjBxwACBzj2nwO+G2qq6ab43ayEhJjGqW6KEPBKM3oTuHJJOB2zX0NqnhPwzqVrC9jLNnbGrxu4UIW++Nx4B7FlI4XAIzxz4+FC3K+TbTriRywLEZIIODgHPTgN1OOecGvLlXq0YqOLwtSnZa88Xe6s2mmn7vr0a7s9KnSwVWX+y4ulU5ldOFWMk7WTe7/Pr01R4lJ+y3r7+ZL4a8QaNqgBzH9muQrvjJJWMsFHGBgKTnoOtZsPw5+OngxpHtLfVo1iICzWc0h4GQGQxMxC5GdvcAY54r3OT4W+L9P3SaS19Ey/LEbKeQsWyeiZC8qMccKTjJqxbXPxY8NxfvdQ1RkRsBLyB5mIA+VWJVgvB+6W2kbyQSOON/2NjFyYmhh5xlo41KUHba6akmrd1p95qqOKoyUsPOrBxs06cpRenL1i9trW02tZnN+Ef2rf2q/hTEsGk+NvFWnW8Dq72t0txdwHyypw0cvyhVOSMfKB6ZJqf4vftqfEv43eHJ9E+JstlqEscS+TqFpYQ218fLGXWWQBT2w4UkMScrkAnXf4j69H5i6/pNneq5Jb7ZZqCyjg5ARhgkHP1AAxzWDP4k+HmstIuueDbZd5P72zhC7VwcsAoBUHuMccdgc+VHw94OqY2lmWGyvLaWNpSU6eIo0KVOsm+Wz9pCCbbfe66evoLiDPFh54Wpj8VUoSioypVarnFpWTSUnvputbdjyb9ntri58e3M0SAQrphCKQuBukOGPzH2JBPJ5ya/SWzjfyYo8Eny1GMnGRgnjJwMjoTgce5PyJ4KT4eaN4wFx4XR7OC6sAt0JmfZEwYsoQMw3KMkEYOCV6Aivqyw1S2ngEsc0T4CqpEnzEYwQADxgc+nTv0+tp4f6tFQhFOKSWid7+ltPwjtqlvzYavNwvq23Zt35rKztbz3tdadbOxcuVWaVYnUbGGFGcHOcsMHOemRwM45OQcEenxJIZSiZVtiHCklcehGeOQeQDzzxXP3Gqq9w3lMR5bbQMk7ix2kc88DPOM545+9V43uDESx5Cnb23E4BJJ5JIwc/wBKr2cviUl0d7pJPSyavo/h6fja/Q6zu09Umr6pdVppo077J6rrbR7dxp9pcRSQNFEQysrkhWO5gG4DLxj6kAevNeUax4D0O6Z1ls4WZ2BEvkrnbyWY4B5BIzgjHOecV3/9pIXLszCIAgrliWO0A89QqkY7885JOKwrvWkcCNBzuO12OCADkr1JyAO/Zei9tE5RV27q763elr6K1/LfuTQ5JJ3ScuZrR3a0i7q3z3Tts2tDyHU/hJ4fmIjSGRJAmd6DamCchtvYg4JAx14xjI5K6+CMSO/2PUJomUEqAPlC9izbjtOOQcYz+OPcW1UySEPuIZwAwwD8pxxjnBx8xJK88jFSfbAhnaMOSACQedhBGOMj05BB5GSc8rdOpaTfKnd63dlpbVK72a2VttjCoqTqJ8ttVeza7NNadUlo27X37fMV38M/E1lI6WmsMBEQEcOwfhhlQVJ5zj7w43dDtr4r+Keo6taeNPFe6/lXVrGytrZbxHKzpPGpK4kU7hnpgkYwenGf1S1CRJIWU4LmRWaRRyVLDBJOR0zxkdeeMGvyZ+Mjf8XM8fjkqLiMDJOeEkPK8dduR978hXdhHepdRUW4u9nbVtOzXXaz6nmZtTaw6mm1d3SvpdPdLo7p7320sjznRf2hrm6t49C+J2lWvinR95tlvZIlF/bRoSjFXwWZhnILZO7nPYdz/wAKj8MeMLGTW/hV4jtr92jadtAvJ0S7tSVJECKzB3w2QAeBznK8V8Qao37yZg33Lt2AAwQGkIByO+cen8Ppmug8O61rHh6/TUtGv7rTryDY6TW0pQOR/CyhtrAHOQVGRxnAIHdHmjdL3l0jule2r3/DVbu7PkPbxcuSvG6e0uu8bPZeWvnay1PetMfxF4D1aWDV7C5064MbRP50bogOT9yTaEIBwNuTlSBnGa19T8R6jq8kCNJt27fmVjhlJ4DMOcnI6nHrjt2fhH9o7RdVsE0T4teHbbW7eSMRR61bQx/arfdhWdmwCpG4ElWJG35Sep6rUfhT4f8AEMB1r4Wa7a6pDcp5i6RPOouoDywRFJ37h90AqozxzisuSPtU5JJrbrrdd/dVmuut9nbQ1hC0JLCyhLmbvFt3s+V911s1ro7rXS3zZGqya/MlypjUNkurEEsAAuTnOBg5+mcgZz9daakieHtOYq5iWCMId25CY8HBbO0uRt/i6fe4zt+e9O8JPB4ygs/FUNzpbnctwkyNGu6LG2NJBtRxJgYAOQrcA4yfrbV9U8Jjw7pNjoKSo9uyrNG3KDy1IZyOmGIzweCcckE14+YV3HH4eHs5yjJ3lNL3YxSW9lbq7a2V2uWx7uW0JTweKqVJxhKNlGDfvva+j33T+LSz0ttHp00rJpxKqD9oBwwUnczDHUjBAwM9B/FzgD6Y0W6aLSGJkSMrE6EAZb7u4FiCADzjIGc5ODgmvlmxeKV7V1YiP7SgXAP8OOF9CeMk8nPbNfQUDE6WksbkQyK7MUGSAkaof9pTnkbucYPTBq8VZxi+idu+j5F016PbSze277sFK6b2cVs305YK9nspLVWT8u54L+1Rc3P2/wALXcMzQyJ4Z8yGSMFJI3SZiJEK4IYEHnOODk9c/P3hr9qvU9Lt7fwl8VNEtPG/hZCILa6urZJdRsYmwCFlcMzlBz5hO7cMEEqAPe/2omjmTwOYzhj4ZkRxtyT/AKTL8pHTBGMjjjAGNwNfmx4pjBZj0IulGMZwDGee3GT/AHcgYI5PPr4Ok5Yeg5N2SVmnttZK3RJ6/m9D57MMTUoYupOEvicVJPVSXKtH08vL5H38Pg38Lvizbz698HfFVna6jLF5x8M39wiPvwT5SGRllD71KBVUrg5HIyPN38F+OvhxqUcOu2F9pEjM0bSxxyC1uIxkZ+0JuQ7l5UFz8pJJXBFfGWi6vqmhahFqGi6jeaZewTIVuLKZ4D13Ycqylxu5IwcqcM2c5/R74a/tWahaaVb+H/i3oNr448OGGPN1JCh1O1VkAZwxUl2UZO4tnjOeRnshPE4atTrUW5cjUlbScbNLSS0a33SvfR3POqzwdeyqT+rVZWSktISaa1emiu7K9m156Hn3inxFY3VlZxIdwtoGXDoEPnZ+cKR95sE5Jx65zg15bdavNs3CSQF1G1N7KMHkZ/M5DAEc4I7fd918EfhR8cLGfXPgf4ttYtRaM3D+EtTmjguopdhZ440kbLZfCqExx1AzXx549+FXjf4f372nibQb6xCyFVlaGQwPjIDLKFKkPjIBIBGO2MaV8x+uYiU5u83ZSjK12rRj9papXvv69zzcXl+Jw8IuMXXoWT56bco/Z1la9kt223v2OUt9Xv2jGbibgMFQsehx0JPHHUA5wB0FYniq/nlt7RwRvaRVViwbkYUjJzjgA4IyxHU4xTP3rSEYcISFGScg8AkA8hjxk84wAecg2tX0p7mzspYio8qdVbzCGDkYPyAZHZRnk1lPk5LvZNJ+rtv8uz623ujyKE6s8XCknJ2bsnqraK9nronsnt8jwjczanehyTunb5l43MXB5wPmyNwA6YP0r0LTLRDh5CyptKhTk5+UDORyTnHQdgFAJbPGojHXb8PGAv2p1VCpAyrD5sYypBzyBk4x7V38P7qFvKDMRggZxg/MTkD2POMHHI+bGahJezSsndKz1s/he102mk0nbTXVM78TOMZK1rqMVa1kmuXputU31tpu00XLWCB5jHIPLEagFyA247gRkZOOT17HBJya7fQNe8SeCtQj1Pwl4m1PQruN0kWXT7uW3VnByqyRo+GU4xhh8wGTx181Fx5cvO8MygnB+XIA5PH4kHOD9Aa1rG4mFwPNy4GSTIeMYAQKScZG4gDB74yTkP2CqNWSb3VraWs27tvSy0v8jGjjp0dpNWaSau7K1766tvre2t/n9vaV+3J8RrXSbvSPidoumfELRp7IwvNc20aahGgRkSQOFZpWVecsepBJyRXA2Pxo/Y68QaJNpnibwHqejaldXMkstzbsdsYkY5YODkBd2AAucDAyDXzzqAb+z7sOq4a0dlOQxwRjb75JzxjGAcHJNfKsjql5IGQGPbKMHDLwW4we/OAeeQTgk4rmrRqQkldy0suZ3SWjt2aVtt9UfQ4TFyq04uUYyV93FJ393RvZvqtOjVj9HbfwH+yD4oDR+G/iPd6FKGZ40v8A7qcbgFeUDO1jggnkgkHPSR/2S/DGsQtceEPjB4avSR+6huryGKR8k4yPMwN24Abfx4Nfl5tYOy/MBlmBXIKgkkDr3LA4/wACakh1fVbFvOs9Sv7V1C/6m4kQAhu3z43cDAyOQMnqTFPEqGjim7u6b6e6tHo7aK3R6XNJwo1UpSop2sm7XTbtqrbPq9dbddz9E7/9jv4sW8bvpNxpGsqp3J9k1CNmdcHlRvA4HIzjOc9TXmep/Aj41aDIReeDtUkRA25oIvNRs4P8G/OezLg9OcDA+ctK+NXxN0RkbTvGWuxhVVUBvZCqjoFAL9e5OcjGCfX2fQf20fjhopgQ+JXv4oSMrexrKGA9S24n9D17k12QxkXyqUXotbOyaTjvHmdtte/bvwVcBhqu6cbva27036p263er0MvUNB8W6cxi1Pw1qtptGW+02NzgFWICF/KIHPTGRnA7ccTq7BUMU0M1uVilJV4miyxOR95Q3BXjOMZwSVCk/U+k/wDBQXxXyPEngzw7r8WVVxNaW4L9Fyf3e7PLH+IjrySAdTxF+1r8EvHGizWOtfB6w07U53jX7fYRxxlCCS/zDG1SQQexyRnBzW8q9CeilJLRq9m/srW7VlqrXb01S2T54ZVShJTp1EpKS36r3XvbRXSW/TXsfG2iahp8UUMU0ZLQ7gWBJxnkZ7Z2nHT7px/Ec9lb32mSRkqCsmTgsSAFyeQxwMnBA7kgjGCK+ptG8R/sU+Jrayh1XT9X8O6gIkF1LbyMsZmAAY4DAY3c9RjIHJGK6KH4MfsseKEkfw18V5NLZztigvio2kkj5sv1GRyTk5IwDW1CdG6iqyTSSu09NE3qn69OnQ5cZkn1hya5Wk72utLctl9+7Wr1V3c+SwLGVGaOYIgxgjk7uOOgOQc85/TNYt3BJGhYEuHBX74yTkAEgfdyeMcdcdyK+1Jv2NtJuYgfCvxb8O6g043RxS3sMbNnlQw3nBxzkd8joOeM1X9i/wCL1tt/smTRtbh2na9nqCOz44yoJ5JAzleMepxXbdJe7UjNO12pJXtZbOzbd9/LS2h4kshxCndQV1ayXlyp7pJXun/wbI+WhbXARSFO9SGHXcQQOrcduFAxjqSKRIpisheJj2DEfN/d4U4A69DgbR68V61q37Pnx20XzBN4K1OVYifmtwsxZAeo2s2c4zx7deAPOtQ0Dx7oe+LU/Ceu2wQ5JksbhsFeCCREQcH5S3fqMZFVCo42SV3Z3a961ra3Tvr17WOSrk2Ku5ezna6skrrVJap773eq0ZRglmgdXCfvFJ2KYxtIwByCMZxg54OQe+WqrfpIXWUqVMhJUKpADHIztxyMED7uRxxgnMUurzQqRdWt1bug6y2sibSQc/eVRwcjoeQSOgFW4/FMcywxZtZAh4WTG/gANn2znA+b3PJrCrVbWkZO9lZt9UujasvNa93e99cPl9am1GpzxUWpc1tfsXtu9Ve1rpO19DgPEEWLiyVwxG8lgAN2RyNpAJwOc9enHQGul05GWBBGSwKKHOCMHAA6Y9c5IAx64rO8VX0cs+msqxLGWkdmjIPlhjyMdRnIB9MAHtnY0yewVEDTkiRBltx4YE5GMZwPQZ7EdeOKh7tWbsr8yWmii9H879fR2dj2MyT+pUIxtL3Xdte817sfNdv873ZbUy7goXhQQ/VgQCOe/JwRwMduecyK8nIJcsTkqBgnqSOp46bR820ZGRV+GG3y226UbgCQflzzwMjII4OOAeoOeQJ4bNm80+ZEzsyhQCAxHQjk5APXIOeCMgc17EK0EknbXfR6tOPLf7tPd7q+iPi6mHrLaMm3drrZOz0u0r9Nej9Us4STFlODhTnB4bB69CcqMde4OeOlSCWRixyxIBLEEkDdk9CecnnGMDGRgmtT7FMQwKBtgCgZzuwMEAnJ4yc/MM4yOoxA1u0bMvlsS5ABxge+PXpkZ79Oa2hKMmpLTb5aK/Wz5d7p767bccoyhJKUXbdN3SeiS2u79E1trtpaKOYrygYsScAHbknHIz1zj5skEnOe9TEuTG5LFiVJXd1PAA7HbyeDxxnHzbqRY8rggKyHaD8wPGM9MFWGeuOnHtQ5OQPmwh+8p+Y9Mso45x2J59aVW0fhcWpXfbqt722srLp8hQqcy5eaUV7uzau0479t9Xe7tZb6yyrEQ7AqGBw4cfdGAFGc7SPTPcegO3zPxHFFvt2GATcY4GcltpB3HH8IJ6D+H057m480hypYqW5GMnaCMbj1AIOD1xgYFcB4g3r5ORjN3uGOoAK4weSucKQeMYOByc+ZjLzpt6q0lfTS10vN6u1u/kj6jh5uNe2srwnZytdRSi9H9/XTt39B0nTY5LYbNikqqgMQz5IB5BOD97AIHXjrWhLoJ3HcqEsCpxjIIBbJAIOOgOD14wO3O6NfsEBYncqqF+YjJGflJJJzkEZxztPHausW/WTcDu4TDAsxJOAMj2z349+ma2hzcsXvHlXZW0jvrd66aJaP7T25cRiIQrVVK6956pq2lk7aa+TWm9tmY39gSSFgp+XBP8LA7eTg8nAA5x6A8EGo7zQv9Uot1ZxHiQknJY7sEHnJ2joAOOSRk46WC9QKQAy/JgEHOFIJyT2xk5bAwevA4X7UAFwpLBgVbJyehLHPOe/IIHGO1KVOVSSTSbsraLvHR2vqkrLX8bjhmTpQ5k3vvd6q8drrZ20a87HCnRRCtwHR5HPyoNmPL3ZyRnODkbQM5wAMZHOHLppDsXUbQvKkAEKQO+fm6jnA5BB4FezCWEQTxvAj7oyWlL4IIGV5IHzDOcHGAARjBxyimKSR94jztw2eMKM4CnBJ6ZyGPPUciplQjomnbRLRpqzXWzW+6sk7rzO2jmbcVJXaa1d7r5NrprrdvvdWR5t/ZqqxcR5VjtwBnaOpJyMMQ2Pw5bvXs/wKtVh+IOkeYrbdkpU4A2sMlTkfwhiTjjoRzxWKtlZykuDEE/iURqQGA4Izzycc5znOM4rv/hVbtZ+PdHEYDxnzfmyAQGBzj3C47cA5wAKlYdcyleKtKPTWzSVnvtZa2002SSPQwmPjOvTilrKcFpddU97Xeqs9Nd9WerfEeeF/EtushRJHdsty27aAo9hnac8dWGOlM0+QbQq7/MRSWYHPBJ68jGR0HX0HYZfxRZz4vsuVRZAxwACAdwzz3JBJOQQcdAV4sWi7QuW2nJG7OGYerAdO3PbnisZxh7R2d7Kz6XvbbZpbdV1vdn0ftpXlppotVfrH06211vr5G0GaNVV2BGQ2SSCyscgcYB/hHQEc84JqZHjZyQxXcVXDcAEDbnJGfXoDjpnrnJczAgswY5IORjaMnDAsxHHHbkkdjgWonkVR5hypLBScEg9RjHXnp0PU9+G5q902rPW6T093S7d1pfbdu71MnUk5Ju/Syaeya0W701669rstybuVXO5SBv4I47EcADqMewYnnmyiSYBDY2lg2MDGctgZOQCccDp2GKz/AD2K4lXBDHOcgg8EEnHJ+nds/wB7dP56MCNx8thgknByDxjr/PI6Ak5o5oq192772VtL3vdu9l6Poy4tNJ+6lJq138LvHunpe19Fez2aL4MojZggViQexJzwMA4JGDnA4H92rEbOFwSVKkFix4BY4xg9jznOOwx6VHkDKijJeM7mIJJCjGGx1yD0GPoSej/OjYhidqsAXyS24AcE5BzuxnHG326VLmr7p/CnrrZ8r012e7+a8zpprkabcbu1nda6RbekVt210S6bXrj5OXyC20hjzknoMfxA4GFI557ZrgfFsm3S7xBgGSEkN2xuUgYBAxjHPBODz1x2cs21dxOTgkiXoB/CQRkAdfccjGcY47xRIDpd6znehh2FyFOMsD8oJ+bHGByScj0rGUkr8q6pq+9kkndJNW1fw79bXN3ZJ63dkl9yTT0tb0s/Js1dXglu/h88UVtLPJJoDojRrvJITaY0UZLEjqMDAXjqRX523eh6jHnz9PuYh5kgy8Eq/wAZ9VIwOo/MV+sfh3xBa+GvAum6idPt9RmtNLmu40njGx2ADFJdwAAIycnBHBHbPl+n/tVfCu8RU8WfDGxl2GWKV7W1gZNysykqSinJIyRzyd2RyDrOVKThGrKUbxTtFemvVa31vo7NtaJGFanGpytyUZJXSlpf4el+nV2e/Q/N2TT3VmG1tpAJDKVBI4K4I4x9NxGcjks0LWaMcsF2qpxgHsD3wM4I7nnPoc1+oSfFr9kfxCI01DwY2mTTFt7LEFVQRwRtHA5424AwMjkip/8AhEv2NPEYBg1s6ZPKMjdKwRTzwQcggA9cg8ZI65UKWEkpN12rWXvR01tbW3k76eVuhyexrLSNRPa1pWWyWl2m97dNLJX1PyyNo2QVBDKCMkccdwOQp2n1OMjHJAK/ZgSuV2sOvGV65yeeDn0zycHIzX6hz/sxfALXMvoXxQsbeSRgscUkqHk4AyW5PP3geQAT0NY91+wxBcxmbw98RPD16BuKIbmDcwYkjdgliTgE56kjGM5onRw7tyVqbT829LRvulbbXXVbeaUMTbWF0km7NWa01tfXfRbq1tbI/NH7LlhlXO0dRkEHk8nknjbnjGMc8cAgc8I74GOvA5HJGR1I6jjr9SfvbVP2GvipZxtLZTaTqSYLBre4TO05IwvAwQAQMcZGR1rzLV/2V/jDpYcyeFJ7kLkg22GyBnJGM8dO3cdWIrF4S9lFxl1un0dr6J3S0X9WYmqsd6ckuia0unHZX8tF8npv8v7JVXsxIAwyYY525JJx2wBg8EAnOBShVUYkiRSwJX16nOOSQezcZHI7mvWdT+FHj3SWZL/wnrEeMhybSWQKMYJG1OV47ZHA9RXGXWh31r5gubC9g8s7SJbaVWGT8wBePjJPIIYH34pPL5JLbW3bZtaWturN2XV3tuZurJNKUJ3STbkt1eLUb9Hom0/N7t3wUiLsgTbjIJ3DG4D5iegyBnqecjrnpQlQCZwdqrvbAB3A88tx1yc926+tbT2pBGA5ZRk/KVbLHAGOMY+b5h/eb5gBkwTaZcxBZNg2SfvAwHQnIye4znnjkY9FNYKhOnfRyilrta2ibTV97Lf7lc1pYiFrOfZRu09dNGrJ2V+76WsYwjChvuk+pyDjpx3werfX3oaMMuQT8uPlx29Oe/OFI7ZGVOc3xazAs5VSOmccDnPIxg859RySMnDVZjtpY8uyArwRxyTgdx/skkZAIz1XApcrdrRltpo9m1ffptdP0RpKvCKT+JO2rvq3bTrpZv0Stor2y442j5VWyQSdwwFGOMYxktzjOeuc5oeMuAc55yQFGAeedxOCeo79j641EVyx3KDgsMcgKF6ZxkYB7YxnjdyMIYI3RlY4AJIAHTOCSABnqAR02445INQ6b9NrfJJ3++3TbXUFiE9IaWs04tJrbTV62elrNPs3ZmMyFmwpbkhSASeew9BgnkHBA6cEUFnUNkseAoBbGcd8dRxzt253E9AcjQexcFjGysvDHJOWPI6cD8Tnce46GAWVyNzmJjkA4BJGBkEHjJBC8Hg5+bPpHJJPmb1bS838Om6e60u72V/dY1WVkm7+WnvbL4dbXvfbR3v0vEtwVKkbiO+CVCg56KRjnBwP5d3m4dgOo/iPuM9+NwUEED6YJ5NQ+W6l1KhDknYVIwMZyCcYzjkHvyOhpACQVzgheh5B6YABAx+f0xg0KDb+JW06Wetu97bXTXV9bF+0TS7tKyuunLfZ22t2u/kbljqogPzIJAQAGdiCCOD/ABcHPXoD15yAJoNWWW9lkwqHBCuMYAHJI4POASTjB9jzWAqbyhXaMcMFyeTnqBgkYBBz07kVEgKyTEc7H5G0ZIBJIxnp1IHQg9BjhpyhZNppvWyb9Ho9F/VkmDlDdpWSTVmlzWUXp2Wtnyxu7LV9f2Jvv2boNP8AMlk1q4giiRm/exFFAjG47geBtAx1OcnI5+X5/v8ARdKgvWsY5GukiuHSR1OFIjbaGQA5CseSATnjJJAz+n37UPjfR9LsZfC+ki1F6Ul82aFF3MrgLyVAOSB0yMnPc4r85LfRzeXjzLbzb4ySu1cljhTuIxkZJGc46+/H4VgeLMxrUJ1MZiHTTcuS8lG7XKrtXaS03stF11P2qvw5l9GvGnh6EJXabsna3ut2+JK1nbp5X0VO28JWFw8AgtopAX+SMqNzEdOpBI7H0GOxwfp74K/sb/En9oLUtSsfhn4Ol12bSrRrjUpbdNtvZoEym+Q7QS7ZAUHLepBBPGeCvCV/e6jp63kc1sjSqpZk2gJ0ycgDd6njpnAwK/pv/wCCTfjf4feCvDvjPwbNFZWetJqcN9e6oxX7bd2RIzD8oDPEgO7aflUkDABJr+c/pD+PPE/hjwPmvEHDOH/tjM8LKgqVGUpyowVSpCM6lSMJc3LCMtk1dvsfpvA/h5lOd4uEMdh4wocrfKoxjOpKMFNRTkrrRN7baJXZ/ML8Vf2VfiP8KNQbT/FPhu60m8BKSpc2uwONxXzI2+6yll4IB/D7o8HuvBOoadunuLeRVTJWRYyASuSQRjHYAAcjjd1r+43/AIKG/s9+EPih8Jv+FkeHlXULrRZUMnkwq4exbcXMzqAxVTnJYDHLNg4r+YLx78Pra3TULUQJsQs0WOiqQOoAPUjHQdOSckD5LwC+lTi/Fbh3D4/MaKwmaUqjw2ZYSM3ajiI25vdb5lGS1Sab110Vj2+JvC/Kcqqqrg4NUpawUoxUozjb3ZWW2mml/I/NO4t5GWSLEwcY8zOdyA+wAxj37YG3modOsHNyIlSR5HYCLjOScbRj+Laeh5/2SO/0fdfD9XuJ5YLdzuYqyhMAAj7xzgYOO/XdweOd7w58L7s6vZzXVoiRLLGxDLhiqkcHK9WHoTkgE8Hn+navHGFhQdR1JKTgndyva/Ld6vda/ou3w9LhWc68IwjHSaV7JrWUVrZevnfprY5L4h+BxD8K9A1Da/2u6uAjiOM7zkFQCFUE8exxy38NcL4A/Z88W+J54njtpbWymAc39wCiquRnYDjAHAJGc4weATX6aeM/BcbeA/DN5LpP+g2s4LxeWojkKfMWc9V5JXJz7EnBXw3xD8WBoEMmm2aQ2kEEaxRrEwT5cYXbs24AGRnO/d0GDmvz6p4o55icLPL+G6MKuKnWqRliajlJU4ykkpcul2rXTemjsu/39Pw0ySeKp5ln9V0sLToU2qVP3VUcIQk25O1uZKzsubV2TVmfM3xZ+BWmfDvw29w2rG71IBpHVGBTG1mKA+oyuAMehBGa+KNKjnvtRSCNZC0shzgjhAwYscnk7QcnPAJyeor6m+LXxFvvE8YtofPlt2DrIzOWUtgnJz8pCj7vbOfevIPhjoF7qvi7TYINOmuo5J4w6eWS8gEnMajByDwWy21sk8jJH6twZj84y/h3E47iTHRxGJSniHJuMYwioJ8i2Vlqtb2v6W/JeNsqyjG5/hcHw5hpUsNL2dFcilLnk5JN63crpp26+TPtn9lj9jXxL+0J4hsILOw1TS/CNpNB/aOstCypeOXGYIHcBdjgbZJQ+1UJx8wyf6aPhD8Pfgp+y1o+l6H4Y0mP4gfEXTrVEh0ixhSXRNCnUKDNeyxBkubsEbnaQjDYBx2/PD4Oa98TdP8AAum+GNA09PCGgC3jtZVsIo0v5cN8zNMoVkMgyWcsGx6Hiv0/+EvifwP8OPCEEIjtbrWr1XfV9QucXN48zfNIslw5Zs5wCcjnviv89fHrxhz3PcVicJVxMZYCNapTweVYKcpxhyvlVbE1Kd1KbbtGOum2h/W3hP4YZbkGGw+JWGnWxNSNOeJqT5aVWtdQapKTfNTo6+8oWc7attnjHxe+Kfxd8Yz3KaxBe2lvP5ippluptrS1hORtSJQA2FIG484PU5Jr4v1kzxGaCSyY3W5ixdhkkEkk/KSOh4Kjk8Z7/dPxR+I/h/WZXltdkMah1SQPGsrHBBjAODsJ65AxnOW5I/PH4k/EHRNJkuZZLhvOkEmQkis6sCQFAHQZHcE5xnrx+VcA4zNcwlGlQy+tRnUkk5U41FdScbu7S1b73aSst3f+qcTicmwGU05Vp4TBwo0opUV7O0bJOyv8Unrd7t6M5q71/TtMhuEntkilXc8jquWeQAnYARjawBzg8HJ5PFeGav4o0q4FxdJHCkzSsWL5DZztAUMBkcgbQcADLDcMV5x41+J89xcMLSdiJGGGcKAuQF25H3iOvpxjg14dqPia7kdxLIxLHduL7RnuQFIBDc5IJJPQjt/avh1whm2GnCviHif30Yys5zdr8ra3aXp0fyt/L/iH4hZJOnUo4Z0pOlKTcrQu3eKS2ulazaS0ej2PdLrWbaSd2ka3VHJ2qNpx3wozgnJGewJycYzV/SbvQ5ApcK0yltxOWJywAAJOFU7sMMgAdfWvmOXxTFA0bXFyqyorYKEyEgEBUVQMcHjjByACeuXW/jDVXJGkW1zOzgqqpCyglhj5SAduODxz6EGv6fynJ8VTjFO60i+Zt3srPra9knq0tm99H/KWe8XYStOUlZqWiUfeetttVZJxtZaX2TPr5bywi2+U9rCBh2IcKwGBkNk9cD2IGSe+MW98X6ZaArPexoAxJWOQFtqkjdtGfmzkY6EkA5xx4Hp2g/ELXFJk2WFtIOWlfDnOc4PDFsZGdvHTdgnHdaV8Jre2dbrU9SuLxyo8yNCwAYnP3ieADz90dAM5OB99gcL7KN6s1LRu3NpfToklbyT1utGj8vzbNliZNUqVk+rd9Pd5dLJvba6bul1N2/8AifpqSGKwSa6mwNoRWII5GSRzuHcc9OcjrSTxD4z8QHGlaYbeFiDvkRuCO+WCnOcEcZAx/Cc12um+FtF0tUWKxhcx9J3RXcMezHbk49TjOCcEcHt4BDbRhIdowAf3a7FUEYYMVUZHPXk+vFeiqtNSXKlay1evbTay630e3fU+ZnTq1Je9KybvbW7TcUk727W9fU8fh8CeK9VzPq+qvAoGDEjkDpwSikgDqCM5zwpHNdRo/wAL9I08/abiWW7uD8xMpOwk4IBL5BBOMgYHYcDFegGdQrIFE2doDgj5Su7p8vQZHyjHccjOaH9rkTJHM2AuV255IB4JxnKgk/4DoZeJnZK6jFWs+unLrolbVfzXfZ3uP6qr6p3Wt3ZLpreytou9nZNu1y7DoOnQBVgt44NgAIWNVzt5JyBzwecDk7s4PTmPF16dK0XU79Af9GtpWChdwLIjAMQcHnBUY45yO2en+2khxE5KFhh2yAM4yAOVbB6EZGCBgVzPjC0ur/w/qlpZRgz3Nu0ShwCWZgQWHBUfKRk4wOoNTCtPnTnK8N073106X2WvReTegTw9qTjCL5ktFHW/XTdP0e+2r2+MvBOtf2tcatLdybTcXMrNGzYZG3lhhf7hGQ3OO3uIfG2tGxs0RTHgboyIyHKxnkFm/hJ6KDls4znIrXvvhteeAvDmo6z9tha+USXUkDZAWN1OEP8ADvUg7gOuc9evyNrfjK+voZl84OHny0LAsxIYkkZxgA52ZIwTnd0NeDjMPHFYyU7ae7qlzdlbe3Tq9brTdkKrUoUo0mrSd31T0cbJ6tvzWrTvq9j0kazo9tZo115sN48jSLK3MjRLkqR1KhiMYPHQe9eX6trEeq3kt4hdkLMoDfdBH3eD3Y4LY5JJz78TqHiW7u4hBsIMZ2I7EM/HJUEk4HXheOMY5GcaTVLiCIoWBUnePLbC72xnoMnvkHIBBwa7cPQhTtyptrS72VkndbRW172vstWccqjnayulba391Lrb7073XWyNC7R5p8NgPhgAg3M2ScgncDjGOmTjgHiu88M+K7bw5ZsLG2ZdVcCKO5VA8hZlwQFALfKMggc+9eONfTxOsitl2UEsGGAGzlQR1yfTAz+Z7PQNdisQLiCOCW7iKMskql3WU4IKqRjdwMEkdATnPPXKDjFyu9l7rVk7craW6duttL/MnlVt/OzfVNNb67O/bb59vfaj46vSl5rRuINGWQGNtQDRoS5DZETkEHJGBjjPTjJgtNRtxqdvC1zIyzXFuQ6MBGzmQD5VHRRxj5c++eRwHi3xjrGvXZ+2ahPNAqLmPG2GNwvI8oYVQmAOn3hz61iaPqUZ1bTWDuPLurVXfcMnMiEKepAPOOo6DqeClTcrK+l1p0V2kreulrPS3zJbvKyV0mrK+1tHtq9ktEl0vofuD4djlOg6MQxONMtME4O790nzAE8H6f1FbkG9n+ZB97gE7SwAOd2M4I5wV5PHNc94amEnhrQ5FJZW0m0I5wx3RJgnOMkHPXp3HSt7zVCpn5WIA+QnJY8nJYgA4GSfQ+hr6eC5YQV72jG/3RV79+j03t6GzhJvW2itdvfezW+ltel/Jsi1ve9jengAW7srHjg9cZ5x17EsuAegrwosrvtyEcIgBQZOw4ycA9ck7ic4xjtx7nqdwZNNvgFBMdq4YsTyNp2nOPvDB/vd+CcivBYI28+VifuopJGDuyeAcD7w6EYHpWdWdmrLqr6300vdWWlleydlb0Sajypflba9tVpfbZX1t6HYeFpEiuNTjOCA0ZzgfNlSAVwABnndhcgZ+ld8JTJCYwFACEFsglcjIAznqMg4APXPavOvDMRNzfPGQwyhbP8AeAIwPlII7Nz0xjivRIoC0bSMQgIDKG4DjHPIzuGQCd3fBJzwe7CTSSTj3vd6q3Klq73vqur1tF9SZX6XXd9eiV9L9Xo7/wCVBSsbkg5dSAQrZOc4J6YAOe44HOO46HSju1K0JY5LAYPOMlRnrwcFuMD+WeeJVpcA4Cs/OAAT8uO4464x3zwBiuh0uNV1Czy25n+9gfNwemR0OCM/7pIIHJ97BJSnGzirKLa7tWv17X2b6LZo8PGSbuuiab9bK3Xdrdvfsj3RWCQx8bsqVUq3ByvGAR97JI7c8huxhZ1wCVYsNxcAHaB6554bnr6e4w6JAYY3YsyiPgjgjBOPmPPGOT7884NMDZLDnPBIY9uRwOQQehyOh6Dv713G2l9LKz3uo3fn2vrZXVtzgjGUmrJtaJb7WjZvd9fn2ZPFsIGFAbuW3Nv3EbgRj5gFz684yDT2UCTcWUFiAhHXjBGCMckDPHIJDHoRUKsCCuFVjyh3cAEEYGBz1zg5AIOBkrhZEYICNpKhjuJILEDIKg5Jx05OV/vA5Afu81m5d130ilvu18ntaz67eznFLRppp97O0XZ2622Ta0fqJLKQGJAZSQNxOFAzjgHGTweee30D4MPNFk5Dy7FY5CkAYxwCMge59sGqqRtIMNn7uefmIzjJz0Jzg5ydoJAzV+yWNduSSEfLL02DBAIByGLZHf8AwrDFpRpzcXf3L9O9/Le+2r876HTTS56aqaJNb3lu1q3rbVJ63umuh8H/AB88FPo/ijUdUs7mJmnKzeasuGikIB2AZBPIOV7YB9BXKeEvGXi2ysY4XvoLlgoCee4O2JepJJIIAA64YYwBtyBw/wC0F4qv4/iLr+nC6ne2E4CI8jeTEp77SACQTkHI5z1OQvG/D1b/AFvxFpekRSNfG7nSJ4w5GyN3Ad15bgKTg5289Omf56x+Oq4etjalWVoU6tWUna/LGM9+v2dX89X0/ZMty6jjHgqGGpynUrRpU1Fe9zTmoRSt03Vrrq9eq+u/DHjW4vdQS21O8g2MVEyoSclyTiNuAFxkDPGOnJzX0LZCwEKNBFAF5ffJtJbphwx7nPJ/Hr16KH9kKyn0qxvNHSdJbqzt5prmKTzPJmKqWcktnAY+nQEHAHPNeKvhF44+H9pGZIbjULNNp+1LuIA4JJKjj5euSM4bg85+YwvF+V5hiJYWGLUal1q24Ju8bNOSS1sl3vpa2/6dmHhBxbk2C/tCrlUqmHcFPnpNT5YtJ3cX722t0rX0NZL/AORgjRoq4JYMB2LAZ4PfGcAelNbVJRDlGjRW3ZdmBB6EsCSM/Qc8gHuD4bN4nuWvU09p4Y55Zo4FR5fLHnOdoEhJA5LAcnB6HIyK+qfDn7If7QPjPSLXUvD9nZ6pa3UKzoum3sNw8UUnzRtNGkhCqQQWHUDAxzX3OFy+OIgqiqc2kWrWvry7N76PvtZrofluLqzw0pQnSnCUZOLi7Rs1ZJNtaW9Ol76pnl0upSCJXWeMkH5pC4EeeenPBHJx1JIwdwBFRdYdIvMeVGbdgMZB5YYnB4LZyBnOGBPJPA46jX/2PP2mrB7i1/4QvU5zAzH92VZOOCdqsy4JA5yGPck14Z4h+A3x80C2eXWfCet2dnbsxmmVT5CBflc/IxOcE5HOeg+Y8+jDK+SDdtbeUt+VbpWv1d72v8jxZZniOZ2w8nBN3taX8vld2avfXdNHrlglzqiSzQyxGGIEvOJVZBtOfLAzkdt2cdu5AF7NtF8s8yghSzbZFOeM9ieMcY5I6AV8Z33iy78KB9IfVb62uMt50BJUYPUsvYqeDu5yOB1x5pe/EnW/PmW21G6EZj4kkmIyo3dDnknHBwDxjsa5J4ObcveUYxdnZqXSO+t9bR3tFNO2xr/bFOMVGcGqnVN67LddX2vv1va7+/bzUNKiba19bwkDcS84xt55IySGAJJBHrjHFcHqHjzwJpep6c3iLUnOjvf28esDTZo5LtNMMw+0tb/NgS+UW2Dk5UDBO0D86/EnjnxBKJWF9cSvINh2zNgA4OdvIGTjGRwOw5FeT3eparczMtxLNJkh2MkruOuACCQOi/ewQRzyRxMsLGCdql+bZ2s4tpJXfXV6fnZnNPNedfu4q60u9Vd8q/W+nzuf1geIv+CafgH9or4OW3xw/wCCefxjj+NAttLFz4s+EmtXVvZ+ONIulg8y7gsbJphNdmJgwxt25XCglsD8GviLJ4t+Hesat4W8Y6DrPhjxHo91Lb6jpWrWdzZ3kE0LlXR4p0UnDKcOisjYBDDOTxX7Mn7UXxm/Ze8faV48+EXjfV/CWt6fPFK62V1KmnahHHIGa3vrRZBDNDMAUkDqwKkgdTX9Unh7x9+xl/wXG+Df/CG/EI+G/gN+3d4f0SX+yvF/kWemaL8QL23g+SG4lAghmkvZECYlO5XfILMRnxYY7EZZVlHFJV8PJpxqxTvBXStPXR+asumjsh4jDyxuHjKjUcaiSThJK7aSuk1volqldWat2/kg0n4nzR6273R37iEhVyFVWc7VJPGCMEjpjvx19msfGdzNDuj5DOduxsnay/MpbIx6DBOQevauQ+N37JvxI+BnxU8TfDrx9ZjR9c8OapcWUySH5buC3lZI9QtJM7ZbW6QK8TISpDZBJ609OtrXS7VbRrpcx53SCUnkDBBGfvDDDg8DrX12BxMMRTjUjGMoTSlGa0utLq1rXVk1pd63e9/lKkMVRrcknJOOkotNvRxs++tt27a6Her4quC7KIp5FBYEM7jHucdwM59M/MRwwQ+Iyz7hC6BfvAt+IBzxgH+9xwOnBHHDVLFA375mBOAoP3iR1HB5bHsOgGetVTqUJTjLjJXaGJ5OfvY4JI+9kLknGex9SMqTs+RLRPXTe3XdL5dmkZ1KlZ/a7e77t25csXdpOyW+t77JHb3Pil0LeXu5QLjecA9+gGSO3Y9gaqP4jnbZsY4CgED5juwSA2cBRggZ+brnjArjIHuLlikVo7qGwwKnLEkADPVsjseB9RtraSy1CN0jFs8rvjCQq8hJb+H5c88jk8LyDjgjaLTknCPotddY2S7/AJ37XOa9Vtc05Jbt6WtdW2d0vm2u2prpqziQGRPMz8+HOMEcgfeGRk8g9ewwDU7eMPJyV06J3ZAuHw24jnIBPBwPTuOyjPUeHvhD8UPFskKaF4K1i9DkCEi0mAYnBAVmTDABg2c4GMYGCa+jfCf/AAT7+P3irbPeaHaaCHXcG1CURvjplVGQT0JOeGOcgdOhUasnZUW2+0He/u7dbrRNertsw9t7NJSqqySvzPTS299fO11dL5HzhpHxq8Y6VAulaZqj6Fp2GLQWaLFvZuCHKjJBwQMnnnnGMdP8NfjBqnhT4i+HfHepatd3C6JqUFxLBHkfa7bzAZ0YKzEl04ywU5weK+2dI/4JW+PLq1Eus+MNLsZHyG8pAzLnOdpyDzxkdcfiD2kH/BKRLK3827+JcQdk3MltCHYng8/Nux2OPoPQTPLcTrP2SjZRl70kkn7tl7zWt9rfK+h00cZdwcJ87un7qbTXu6NJvpZPzvo9T50/a3+AsfxU1z/hoP4R6dPrXg3xfYwanrsVi4ubrQtU8lRcrd28RMsau+5vnXaSDzk1+cE/hELJcRzwxQvCxTbOjROChIxscKRkgDp2PSv6CPhr+xh4t+D8V/8A8I78XNQh0nUrdo7rT57V5rGZiMENZyFo2BHHC7jjIBJGfPPil+wnZfESaG8k1iSK8dSbi90jS47VJZerGaJCq4c5J4BXOTnmvPr05U25VHCLjZ8vNF6Xj/edr31st2lotD0Xh6ldxlSpS967lpZX0V02r6rZ2b6Wsz8QtP0i1tCzP9nl5wwyBtXkAKQc4HXIBzgjHQjqbL+zItuGUpnk42jcAAdxGQSDkj1yD2Gf0ti/4JmRjCN4j1UNu+YvCACF5xzIcen+yR37Mm/4Jurbq6R+J9SnVudqx/cYk9RvGQMnnHygnJFcKqx0lzJNpPXV3ajrZSVut1e/ZPVmqy7FRt7vTq3ppGy33fm3roj86WuLRcCMQnC5cq4554B6YIHOMHg8HgVTkuFlYGOTaqE7lJGCDkqB8xwBxgD24zgV+hsn/BOeWNZWbxBqO0thV8gMzFSMHIcdSDu446fNxUVr/wAE/olLrc+K7mDGVImtHJXHBwcjOOCdp9OR1rohWjFx/eRSkusr2as0pK2lrv4mn1bsyJYLENq8Fe38ydlaP5LVXtbfRKy/PiQRv5YN2wCgMyhgMBuSADngHqQQTnPcirEdvA4ZRcs5LgAbugGOG7BuhyPUd8V+hX/DCNnGVjHjaEI4ALS2cmPlBwGGOOec/UccCpE/YXgj3pD4609RxkG1fGcjgkqW7ep6nIA6CxCfNy7Ja66vRfDs5XeifTRtdsfqda791u/Z3tZR3aaulqrLbazR+e0tpCybTNI2F+ba4I5I5+XqOpPpzmpIdNswA3nPiPBYgknJzluQcHI6d+D7V+gj/sL3CNmLx3pA80jIeFuigZHzLjk7eFwc84J4NVv2J9RhWVLbxvo7SEjAEbfNjHGWXB57cDjrUxr2sptRWm+8dVvu3960vpoWsFiG3aD0av0V9Fpqr6bW3tZeXwgum2+RKsrNyWZGJAIyOctkfXPQAE81Su5dJs4mkZhuXOVU7ixIyAThs4II7ZyDjgAff037EXiWe3UR+NtCJdMMNzRsmeMnKjkDtyCTnPY2dA/4J6XN7dltd8a2MkEYB8uwYb5DzwWZgMEEAE55GMjkDb2ySUHODTa+KS62a6Nu339FsZ1MNWpRfNRqTaWiS5m3o0mrO600V38j8xbrXXuVaKwhEeAy7mQ7mIA5VQCcjsRySecZGZtF+Hvjnxi/l6J4d1jXZpSqKsdpOsW7JA+d0WM4+Uk7uAOScMa/cPwn+yP4F8DWPmQeCtP1u8hOUv8AVLhJwCpz5jRsSq7u2Mgdfrp+ItE+KOieG7228BaJ4Y0+8wy2zxNbwW1sG3BVKquWbaQQ3B4HTGBXPg0l7XERdt4w1S2bv53+6+kVoeLXqZ5UXLgMrqJ3aUsQ3CHT3ko82ivtotVt1/Lrw3+w/wDE3U7Bb7xXd+H/AADp/liWaTWb6JLoRkZYrGXBLAAYCgc/Ke4bXg+Gn7LXwlnE/jvxrdePb6Mnfp+nyrBamSM/OS8R3OpK7QT1AJx3rS+I/wCzx+1/4/uLi51PVJLuFmcG1stUZbVE+YhRGHCAMSRjbkY7ivlbVv2LP2kUlkMvhe+vndiBtc3DkADLJl26qD6bj9M0PMMBQa9lTjOVnZ1JcyulHVxf3dbX1scU+H+KcfC2KxFTDJ/FDA05QbWja55Jy6291LqlfW31Nqn7aXw18DQf2b8Jfh7oekpHGyxXr28Mt6CFwrTTMhy3cY7g55avmfxZ+3H8S9XvJkl1i6MeSsNvBIbeCFycgKiEL8vHHfBIzkAeVXP7KXx5sp5LeTwJr6FG/euLOQgL1JyARgcgA4zkEdcVy97+zf8AGG1LS3PgfxJ5ayHdL/Z05DMOAN4XkZ5PY+/fCedVJyS9tThG6aUeWKWkdmtU15/doY0eA6FOcatfD4zFVV8c8RKrUvdL+Zpb2bba0e+yNXVv2ivGeu+dFqupXF0ZQ4VjKxMXmA5IHqFI55IG45B68XD48vpXczXLOwO4SuWZmOTlfvZGNoHHTjPODUF98G/iFpAe4v8AwtrFsgwxd9Pugq4GdrEICu4ZJySCc8Ag55h9C1u0dJJtPuYzu2Ey28qj5sfKQypgHnOR6A45NQsxnNpqtzPTXmT0Sindt7bX8+2qXR/qzhaN1HB+yjJJK1PlbTstred+uvpp9yfC/wCL/jfWray0fRbWbVdRtlWOOzsoJbidoIgMloo1duQABxnr1FfSUmufEOVvL1DRb21vZbf5dNuLa5t5TvAUFkkRSOoIB4wfTp97/wDBt/8AAbw/47+MXxV8SeLvDNl4m/sLw7ENK+0xRzx6ZdyNh5mikRlJdAFIIBAxnGCK/Vj/AIK8eLPgt8IfB2i6H4R8B+Hx8XNYR3uLxdFggktLG2Ifzd0ceTu27GOBx7V8fmfj5T4fz2HDMsPWr1Y+zpe1VZRXNKMZaRcWtI2crtK19GtvfyD6OuU8VKnmNSoqFWs6lb2bpK0YU5Jc8ptrVtPlVnfqfzXfEhvib4Y8I6fq1jZywadNCArQpLLJDOxy4ZFUuF3ZydoAJGDwM/n94i1jV9Rv55dYuJZJ3cvK0gc4JAJB3qCvBwVPocgjiv0+tv2y9TiWSw8UeFvD93Db2q28ETWiRIFZdrFoWjxKWJ4IU85OSQa+V/HOp/DDx5rj6tPb3GivemWS4trGBIbUMxYgIAV3YySSBkj0PFfT4PxJjnnu4n2lBzmlTXPGVLl933m01yvZaaPZ9D1Mw8A6HD0pVcvrYfE8v8RztGpe8Xy2drLW+ia069Pjm6vmcGODiM5CjJOFIOBg8ZBbJ5PI5/ujBkRygDKc4OVXBJx0z1454x1ycgV9f2fwu+EuozRM3jOeyE3ytFNACLdWON5I5PBOQdo9SQc16FZfs8fAdJIHm+MIaSUBp8WYICYLY5JKsDkdshs5646aua4KbbdeLUUm/e0ktHZXSd9ej6eenm0+Cc1oyhFYe6vH4XFRS0Vnqm1qn10PzZ1GOWNzuQojKVDHI52k7Tkjp1O4AY5Ociufjt3yd8gKk8AFWycnHHIBHHQ44HzAmv2M8GfBr9ke6upLDxHqVzq0lsxxqc9+1naXGWJACoDtyDkKoPpu5Nepz/s8f8E+7qQrdeIptFIRs+TqkknzEAny8jGAcHJAznIwAa+TxfFeBo4j2McPi5u2k6dCUodNE1bu9dr3t3PtMD4c5vVw6rOvgaUd2quJhCabtpZ9tndrr3sfhQkBQkSFmPJGSr4yDjvxgAnrjuOM1bs4gjhZmZMAAEKcgnOCcE9M8E9QOK/VvxP+z3+wzaNqD6d8W9Xsdit5MZj+1FmUZUnLnPPfALEDGe/y94y+GHwO8N6dPe+F/iPL4jvZg32O0NksbgL8qxzPuyuT/Fg9MgADFaRzWhiaCrx9pBWuo1KbjP7OrT1d3pd6b2PGxvDWLy+rOnXqYeXKtfZVY1IuOn2otXbfXdNpeZ4locV1bwCeOYFl+6nWTAA75PPHccEDng1tya1d3Enl3BSOKJS+VAU5GAQQOu44xk565xWAk1tax743Z2YkEKzAKpwSqkHqMjJPXP1NVSxlYzZcqxKqgxkKvGX5BJP125x1GAfk8VWrYmrJ1Je0p3+F8z09Netr3elrN2tby40VB8qTbVuradrOzdr22unvpq+m7L4meZlgVSUjzsUcEnn0IJUdMnp26czjWXkkjMjIIkUyBWIXJwR254BwAOuc4xjHIKNp87I3E+XlcMiqTjLE5wTnHqOpGRWhc6awsw0cyzSSEBQhVmAAAKhSSAVzwTw3XHWuCphKHPG6cbysmkuVPTTyu1a3RX6tMJSk1p0V1tHS6jpZa2a0V3tvdO++urPMxdnAiVypjLE8ZB3AHp0/HAOWyK9F03XreGweNI4Y5GgDhjtyuwcS7S2SzE8jhQeeR08FFtdRxlZ3EDbxzIQZCDg9CScHGBk/NkfL2qzJfzqy26sQFjORkkttHCjABzgdANpAJHBrmqZHHEOnafKk1dqVley0lbo1srfKxil0florrXRvZW0te6enXy7O1lMt3PcSxiUy+ZyO8mc/KPTGOvzdcHHW5feFLXV5BPqO6CVo1ZG7EDkfKOD/ALWSfY55rjtN8Q7QhdI4XiBQ7yFLZ4JAIwG9T1zy2eta2t+JsJbpBNJJKsYyFY4UMfmCgjkjOOPm+6eD09ehh69KUFTjpGCUZtrpazvo2ml5+asy0lypttN2dtEteVJ7py67317XNvT/AA1ouj3ASWYSRAedkKFTzMAgNggHoBkYAIz6irH9oW8V5JLAw5DBUlbadoPDEcHbgZH8PAweOeFi8S21ykcl3M0caMEZGOCwAzuB4zjHXjkN3FZurajFcTmewaQWimNDKDljjHA5I5HHr1yozx3Sw9ao4uq27JJyd1dWiuln7r2dmr3TV95lPdx33W6ts1rdpLfRpXvtrY6bVNUkW2unZcOzHbKRl+pI2dPlzgcgY9cYryS51tZpn89JnmLlFChmBK4AJHT7wwVHAI5/iI9UtrdSIri7kWVJWVfIlGASwwpc9BkEDPQgE55Aq5PB4dhmAXTYJXyrzSKQQCeuC2M5OOmSRgscYNdeFqUqEklTlKyWurSejd762t0dr6XVzJ81ry3Vls/+B3Tu+tt1c8s0my1vU0ee1tZJlicrGyKduCQQGJ4XGOADjH4g6E3hXW5LlrjUbR41ULHEse3h8HgrnHBOSDznJHU59o0zxLpNmXextBbwwqD9njTHmt91ugJ468E5YZB6kcbrvjezlRpIY5oZTM22LOEVtxBkOMAks2QOT1HtW0MdWlVtTpQgkpdb6Kzu+vbX5popctr9bPT0tqtP72l729NTy/XPBt+lqsEFs8txKxkyo3OQDlgUUdMDJyc8ccAk8cnhvV7VmlexmECEbg0YVd5GSM8+nXuccYGa91i1GVGt75pTK0qEFEB6E8B2CsF3E8EkkHJI4JL01Ca7mmzCDbqSGjdlIdzgY7fUYGMEZOeB1xx9aL5XBSto3utk1ro776aN+my0vZK/lfokuq0u7O9tf18x0AXbBkuLWcW0bMzBQRzjCYY4+UHkg4yDxjrXVajodrf6YLONp0ec+dtMYPlMzcEnaCcgkYzXp/hq+tYp1k1aC38oHy1tmAAkAxtdyA24oCOowTxuzXV2tpouu3VzPZ3traJYBmeEoMynduKjIJwp+7gkhcAnJ+bBYupUqNxg0o3vrZJtLXddOWyfXUbirLWz3a2d7LV3a002/Sx8x6Z8NLy71GKANi1jaNJ7l1xGgkIBbkgKRuH3ueCepGPuz4TfCLwxba9/Zd5ewW9lBpP9pXPiC3TzDb7IC3loQNoYnhzknue1eGzzg6smnm6QWtyD50sa4V8t8q7VPVRwWyDye3FejaF451XwdaarpttJG0N7aNZhZI1kEsDDBYHcWVgp65OT7Zz6McV7tqiSkmmrrT7Ks1vs7p6LtrcqnUjGTuk+V3Taur+l1pyu2/TR3Pk/4v2NlD4v11LO7N9uupVtLiRyz3VsrNsndfugsADnIPJBFcXo141gsRjiXz1wxc4UoFBG7p1xwBnGOxxivZfEXhXT/E+pvcWd00U8gVZXkGVj3ElnBBDDbg7VwOGBGcEHN1b4UXmmpC2jXY1YvAHuTEpLRDAPzLjOeRhsYzkc1qsTSqQ5XUSbSVnd6ysk0tb3l0Tv103B1Yyd0rNbtO90+VLd2u+ttEl81StJ4tUiikupxDGgDq+cea4yTk/Lznv0I4JIIxAPCV3rlw0+n4mhabEu6POyNfvPIwHAPUBsjnIHBrpPC3hNdSutM0/U3e0jku4rcykBEUM4EjMnAOwHpjJI44NfY3xE8KeEfhF4PtNK8L3q32p6xFFcXl95ayFUkAKrzzE3LYXvg55zjzamK9jUVOm3eeqt0SSbveydtV3afSwue8G3JK1kns3ppdPSy11a67X0Pj+XwVodrp8cKwKt7MFCkMweWVR8zYb7ql+cg/Nt49K5uDwvd2d+4ntFkR5Y/IiCgtNggY6MMYAz0BOOhBr0qV7W5ubYzXDPfRlWRSCokJxycgBTxwMjByQPlro7Zbue5EjRxbs7YgMMdoAG8EZ+ZRjkZJBBzwa0hXqxbldtX317K7ur2tbTS278jBza2u9d+mtm78uifS2nTfQpRaTfQwJNp3h+KH7JCpu2wfLK7cszjALk8kAghc8jIwvDaPrNpc6vqMN1HPC8paCJVB2CTnKBAAAucnnC89zXsOq+I7vQrWaCEK0kqKssjuWV45M/MwAIGMYxnnp0wK8xZrS41KPULK0QXUUEkjNCQ0Zlw2GkBxyWbofTjmvZy/GTlFNpJXV21dJtpa2t00f+Q6esbtNO6aajdataWWjur6tejtc6LTtajs7Y21wkssNtIxjBGB54PyZXIyuD2J+ZskDbkeyfD7xXfWWo2upWsRM73MIjt44S7I3moc7V+8QFyMAcnA4Iz8n3V5q93NCVQCQXJCwxnBDFsneFGWzgE7yOCSCMsK938NX3jLw82nazbww70eB2JjDx2oQ/elJVgGC9cqcg854Ffp3BHGb4dzTDYiU5U6cZJVXFJyUdE7N6OKVr6o/PuO+EKXEmV4jCyhGUnBcjklaMrLktpsn8TfktbWP6rv8Agpl/wUE8E65/wTj/AGY/2cvBHia21jxpqfhrTdQ+IMKkJLpyWKqIbS5VCRHKJVZShI3DGAScr/Kxcam0zO9wVXEhkCtgJJyQQPYAfd5x0yFINaPj3xhq3iG7F7cjzGMKxSSJkKFVQxYDLEAknahUZI5IGSPL9QmubmxUWcTygRujMw+ZSdxGD2yT1Hp1JORx8d8ZYDEYetl+VVJvCVcVicVJ1HaUquKqOrUlJR1SbaS3VorVLU8zg7hPFZdUp4rM3Tli4YbD4TmpxcYRpYWnCjSirp6csW272u5PqQ6l4giN+8m6DYrFFiBBywGAdxwPb9MEnB5rUPElrIZYSyicLsSPdlU9SOo3ckZJHYAY6c/c+GdZu5LaGMSm4lkwpP8ADkjCuVIwMn5dw98A5qO7+H/iC0kDXSPGitvllOSrr0KAgAtnHJHJUA8kgj8RlRw05c06sea63cXd+7Ky3s9E7PvbTY/Vqd1ZWukrKzVrtJvXo0tkm1bt0qzay0ahlkkbJClgSAAOScA9s54J5x9K6PTb+C4to1CoQwJ5OSpPByMHliSF3AZG4AHBzwWptPpiyWM8S7tuYsnnaf4sH/eAzt+916Yq1oSTykRW5JkHzlgSSUA6EZ4OeDyeQevBFVsJTlBODu7J3t6O61vbZrbouuurte71fmtXtay3tb3d7eut+5nUfaUWKMO20A7Vxjd0bbgZIJBHHXGDxwmoNfNNHbzxuoRMKQu2Rmc8MVBbOTjk8jnPPSey+3WciXdxGiFugcLkhSuECHO5XU4Dd+QOcZ073WrKKI3d4sRmkX5MY8yLG3qRgkZGR0boAOorynzxlFJOTVley0d1ZXfX7vlqJu2uysrX3teOivfqlbTdt+p4f8LzajKHu5nt4doBM2DufjAVeoxnquDnp049GtD4a0SCaxZPOmQFTN1aZ3GMDAIIPUY5XFcFYeIoL2E2kEkjXbxEQsh2ITIOVO3oVzydvHbiudu4ddiuplG8+UqtlsuE2/ebHOc8jdyO5AI54a+FniKqjUkoQjvGNkneye7eqsrta3ta12yly6Wu9Hbr2TvfVdHdbPVWR3Vre241T7PasiAnJfILPlgGUjnJA4zjgHk4AI9GvL63NhcWVzbQyI1u3zSrmRcg7VGQRkcYBJwO4PT5/wDDscn9srcSTFFQrIXdSQ77h8ozjIbI9ckHk5Nd/f6hcTahtkkyqFfLiCnD5wCCdvTHzdMcHvwPPxeAhCtTlTulTs9JJPSzT2vdpddL9LtMq2nK+9tElu42Vm9NNFs+zd0Z1h8O9Z1tZZ9OjjW2TfLbgs2CwJ4Lc7STk8gD1wciufuLC80WaWO8aMajDIY5I3bZtQ9iSAuACAMNjjbwcivprwvqckNokMNsIQihpSnCtGzcrtBALEdTnI5GQc1xfxh8M6drFour6Q0cGpJGpmt2barCMNvcjAJY5OM8L7tzWuAzzETx0cFiIctOSUYS5ZJc65bc0rLdp7a316inh+Wm3HW+qWqSs110b1Xm7a7HzdrUr3qfZIoXTlSjghlaQjJ2sSeHLZHODgkdc1U0DSbq51VLcplIlCTHcS2AAW3AnDjgckHG3GcmoF1HyZRDdPgKpAUAkIwJHJ2kkZ4yMckHIzXaWMtlpVpb3CT+dc3LbpHX/WCNiCY95PGF4J5wCK/QIwnGklG95JWaaslo/evq9Xrqm9NNUzOEbK7Wja7aLRW16drK7fyE8VaHoxuoZA62arCMyRAmMAcNkMMq7NkHI446krit9v0nS7S2j0pzK27e7ITlsHkOMABcf99ZJPNbWu61o95aJbTwkCSEBlj42uDkMWALEsCc89T82DXjdz5tjdzCJmaKZf3IIyNjLjBz0IwME5xg4weBrQpSnFe0SunZJ6fy200VrXVl0exHLzPTdNWu9ldfpZW31VtDonmi1nUmeeJGjmYZiXO87QBkY6gHkj0zyO+g2i2un6pY3bPbW1kzL5jYDYy3yo3oxxgk4xyOCC1cXpU1607PFGRKquSwX5cD24BYYwByRkjIIFdCbS81mzLSB5AsqK0YBCqo6j+7k8tjkA84BGa6pcyajeSirJpOzW2i7JPstEr6lxg04rula/2bNXtbV63Wl99L6hrmqabLqN1HpxZGYrECr5RgWILKwPVhjjgDoMgA10/h7RkntAJ4FknkPyeaxO1cLh0Zi2cDaWIIJOSKzdC8CfbtRhiEU8qO37uNYzJK57Kdm48vjnuBnGRhfvr4T/safF/4p/Yk8O+FbmxtpdkTX97C8MRRsBSGZAV4BxhTk8gnBzyYlxpwilNQ1Sbcle11rdvXVLW/TfoddHA4rFOMcPRnUd0rxi9L2SbdrbNa37HwFP4dkM9xA0zhj8yhGJQEE43EArgdhjrhR2FdT4d+FXibxVfWOm6Boeo6zcSbAFgtZpMseF2sikd8E46dehr+jX4C/wDBG2wi+zap8TNcF1LIVlfS4lPls+Ucq0hO5lB652564AFfsF8I/wBkH4JfCK3gXRfC2jyXttGpNxNBE8iuuFxvZTjGPQk8DPYeBi+IKWCapwj9YqNKMuVvlWvV662d35Xvrq/vso8P8ZiqcamMqwwsbKVn8TuotJrbvr1/A/l0+BX/AASx+OHxLktJdb0W70HSpnjke4uInXyYiclUVj8zYIycnaVOMj5a/dD9nn/gkX8HfAFvZ33iyxTxFqMSxSu2ohfs3nIATlGyCMg8Fck5yMkk/qlBqVlpduYNNtVRVYqBBCioCDhUQLtzzxnk56kDqyS91KdGuL6UafbbTmS6mEUe0BgCUYheFz143HnjJr5rE53meMlKOHTpRlpaMW5WbVtdW1tdL1PuMHwtkuWQhKpFVqq1dSo13jry7a2730XW7UPhD4T/AA58B6fFp2i22m6TCiiMW+kWlvajaowF8xV69OuD6DpXWxWOiW5ZLW2R9zFjNdylynJ6sTjaeMcA9M96+dfFXx3+G/grzIZ9ZXV9R+ZFgs2DgSDI2MFJGGZcFgc4654r5U8WftFeO/FrzWPhWyGj2Ds6re5Kybe2DgkZU5xjjI/D0cu4Uz7OvZylCtGm7LnqNpfZuklaT8ltt1RjjuIMmymLtOCktFCDiruPL2te7V7XXSV9D9Bdf8beH/BsU95q+v6Zp8SFmEcLw+YAFzhRndhSQBwOcjORXzR43/a70S3I0/w7crcSsCE1C4jDRKScBgVBAySD3Ug8ngV8X3WhaxrM63XiTWL3U5SC0kTTOyZLHI+8OPXIwc9CpzWhbeHNJji8k2cD+YQAkgy5GMEcgdRwfYct94V+rZD4VUKbhWx79pNJPlbsns7ST6JK921fXpt+b514jTnzU8F7i1XPpzacqeutlbz3t3PQvEvi/wAZeM1WbVdamm0+XMkYsZtsO1+QpVW55J7k5wT144tLC2gkzHD5jjJdpsuxI75IBDZzzwOQOSTnm5rfVPCczXukq93pBcPfaXK7Foo8jMtn94jaP+Wa43Y4zkY7DTtX0zWrH+07CaGW1iLLMfMWM28o6x3G4gqVAwQwGRkZ6iv1TLsowGXwVKjQpUHFK7UY+98OqdrLs9NVqfnONzHF41+1qVp1lJq6cpPlT5XZpOybvbT5dRoYPt2bk2gIQGwq4GMnkADnIIBzjOOeZkuVRjFclRk4DI2S3TknOCxPOPUkDOSK8Y+IH7QXwq+HHnLrviSza9UErpmnyJdXE5HPl/uiwXPAbLA9cBsDHwZ8Q/23fGPjKW70D4VeFXsIJH8qPVJ4mmvQT8oZI1UqhJ5HzA4PSvQq43CYa8eZVJ+7aELybvZNaX6bPXXora+fHCYitZtckHb35vlW8dk3e93008tD9I/FXiPw/wCEoJdR1zVbDS7FAzyPe3EaMFGTu2M3mEAZ4x68fMc/F/xF/bp+GvhQXdn4TE/i7U0YrF9nXbZJKSekgAYDoCQCeOPb480v4JfHv4w6odS8e63qi2MkwkeS/uZliWPoDHbhxG2ARxxzkc5r6n+Hn7Inw98H3iX+p2p8S3aEM/2lB9k3AAkmNspgMAwKnoo5ycVxunmeZO9Gj9WpNfFOyfK7JtJ6t2e9klrd2ubSxGX5ek6lRYipFrSPvNLTe3Tde87bfP5e1X4xftM/tEX8+meFNMvNB0iUiMf2bFJbxRo5YZlvCEZhhvmZVJO7npXpPgH9h6e+ZdU+KniC5v752EkthDcNIzsWzslnkY7u+eduM4yDivtS48WeCfh7ZyW8kmk6NbxEolpp8cO9gAAEAiBYMSG2qfvdeTivFPFH7SfnbrfwppQ2Deh1G/GzaBgeYqHJc8ZH3SOwHIrZZfl+BjGeYYmNWq1dxb0tfXRPXTzv6HK8yzHGvkwOFcIXSUrWVvd0u1ZbXve773PY/Dvwk+GXgW1hgsNG0jTZrdVA1C+WDzWAAO9ZHI5yM+5HPWuW8VfG7wzoEklhpSza1qFuStuYkxYRmPP3iDtHTqu4sCeCMmvkfWvGOv69drPrmqXOoIXJ8pZTDZxkn5VChgOAFBPcZ7Gue1LW7NfJimnWQ/MY7WyUySdzhjGCTkjBLY98544MVxNRw69jllBJSSjz2Vm/d6Lqns+Zeep2YbhvE4pqtmNaVkk+SLbT+F6yd3tu9Ez1XxT8Y/GviQSQPqr6XazAgafpeY3KZ5Ek64JOOpJ9MeleQ3usRwyZurjy7qRSGmmka4upSR90ljuEh44wMHnCg5PBeI/Hen6MGGqX9rosAVnhhjZJ9UuM8ARwIWCb8DlmBAK8d18J1v49WtvJcR+GdFUTlCW1XWWN3MjjJ86O2JKRZzxh8A42/dr5TF5pi69S2LrTmrr3VUajG6TaSWitu+m91tb6OlgsDhIR+rUKbn7vv2S5rbu6V7tWu7u621uj6ZuNbmx5spis7SNiXvdSmWGIgk/MA5V5FznOAeQTn5ga8o8X/GfwlpDG2hv7vxPqaSZWHTt0WnAqGyJJ9oYoG4JAPIAweDXx54j8ba/4m1GL+3dTvdQZpP3Ox2jtsYBWOGBCqqqZxyMdsnnElnpTyvJLqlxHYW64KJ92eSI9VyOULejdAcZ52njqV5ylD2NOS1Wsndy+Hvrpr6qz62WilVqxkpNxivd9120SjfWWt31atrdOx6xqvxo8UeJra+sjcf2HZbS1vbaQuLiWNQQVmuIxuI4w2QSc8k5JHm1vIlwpi09Z59QmDNd3F0zSsXfqS7HIUMeTkH5eeK6PwboWseMNfh8KfDrQ77WNX1CeKwhjtLBrmRp7kiKKATqrwRtK7YDySIFY5bblcftN+zr/AMEQvjZ4y0+y8XfHrxNo/wAF/BsSpd6nY/aYJfEU1uxDsk5meOCBZohwyTMVyduCecMZi44eS+sVXKUtI00rt6RaSitW76X2s07LY6MNQ9pFOlFtQ0lKaSiknBOTk/id9bvpax+JlpaTSpFY3H2vUbjBVNO023kmuZHchV/c2weR1LNjGD6kg4z9+fAT/gnJ+1T8en0UaN4HbwJ4P1F0ZvEvi2B7CBLRtpM3lsBdB9hyGkjVTjGR2/Yu+8e/8Ewf2EYLbwx8PfCth8VvH9tC8d7r0iJ4gvRqMAP7ua8uQY7FTMC2YGkCAjDcZr89P2ov+Ct3x9+Ks0mk/D64074R+ELSBtNWz8NlF1iS2C+SnmX8Kq2HjwpUKFAyBkLk8VGOa5lJ0MPh/qdG13XxFr7xd4U1ZbLS/fbVnfOpleBiqmIr/WqjslQpP3U2orV/Le6/FX+t/gz8Bv2Kf2CvEHj63/apXTfjb4+s7CK88HvYXEOpaTFF5QWaCTRYjLbNMlydqvNskCqCQTivnn9rX/gqJfePvAQ+GHwn+Gvhf4YfD9pJI4W0uyhi1O5t4ciGSOOMJ9jeQKA+yTLE4JPf8gbHxh4n1XXNS1HUNT1PXXvme4v72+upp7uYuxkkeSSZnIXJJK5wc8Dotdr4F+GHjf4s6zNp/h3RLi8ty5d55ozbWMKPnMj30/lxIiAkna/BG4gYrrwmT4PL6lavi8Q8Tiprk5q0vcirp+5T+FXsknr5JHLXzTE46FOlgsPGhRhNtckfejJb3m7JebfVuxxsPirxDqlzPqOoz3mp/bXWMG5leUREngxqzsvynhQAenbrXoWjaJ4j8QXSaV4T0nVtc1q9ljiaztLOe4VBINhaQwxtHGOfmLMAATknnH034S+CPwT+EYfVfjj42g8Q3lqfNs/APge5N/etLGwOy9uoyEhG7CuwYlcHAHax4t/a81LStMn8NfA/whovwl0GZZLefVbaOK88WXkDkojSak8Ynt5WXllXI6kEAcvEY3MatNUMqwL5btPE14+zpJXipOH26l31jF3T3NMPg8DRSr5rjXKejWHw/wC9rPSLs53cYt313svkc1afs4WXh+2S++NXjbSfh1pFu0NzN4etLiK/8UXagBnjitInaOMyElTvKFWPYBqS++OHw88AW82j/A7wZFp7gOD428TxDUNZn2k7Li1jlDLZu+MjYeCeCcGvlDWfEOp6ldXNzqOoXWt39zcGSfUL+eW4uJZXOW3NKzcbyQfl2556gVzWrvdRlFa5PmyqgeOP5lRcHORt+8oHOOgGO+V+Wx3D1Ss5V8zxk8Q5WcqEG6WGUrRsuRSvNaf8vJPXXltqe9g+IqdBOnl+FhQS+KrUUZ4jlSSTc5PR/wCG2/RaHXeMPib4l8V6hJqHiHXL7xHezeYd99cSypAp3ZSGEkoqrlcAKCPXoa86fVQr+ZKzEyFVRFYlVOcA9QQFOR7EhiRjNT2ei6pqdzHFp0Et3PMywxJBGXwxIXEm0HafUknoTyBmvorwb+yt4p1u5gu9cubfRLR1RpIpAJrk7h125IXIbg5BycdiTy0cuoQTw+GowjFrlSioq21rJbfhp3aMq2ZV6s/bVa0pO6k3J8z+zqtZPo9PyP0N/wCCWH7VOh/BGb4k6Pr16lpY6haWWo+dczqiAW67CLZMndPlt2wDPYrgZr9TfGn/AAUx+FdtZ2i6NHrfiy7mUfNbwtFaGfgLDKzAYUnAYpk4LdcAP+F3hX9n7RPA0kl7Z2F3qk9qHkBuyyRXHBJY5Yjy0OCA2edvTpWvBbSm3NzdNDBA00nkafEFBhOTu2lU+VsgbeuW53YJNfhOf/RO4V424vr8UZxHEVK+KnTlUw1KahCTpqCvNxvL3lFK6a277ftuT+P+dcOcMYXJ8FRwkZYanKFPFVqfNUUG7qym9HG97tNvtpZ6n7SvxIPxn+Iuq+PtS0qz0m4kjS0sLAASrHAAfLeSQg/ORy2csCfpn5hbRZ7+QQFpZ50feiIW8pByNo7YAHTJBz3yceqa/daS03lTE7/lxZQ/vrmUgHDPtyADgfxEZznsBys9/PHCXupbXw5ZKr7XYq1/Ig6HaDuRnG0H5jjjnIDD+rOD/DHK+GMtw+W4TDwoYXB0oUcPB3bjTgkkveu3tv1vZ9D+feKePcwzzMK2OxNZ1a2InKdSUZKKbk05e6rv3b2VtLEtvpllp8IlvrlIZRwsfMszEEbgkSkhQBwMAnIyc81LHd/Z3lltFj0yFo9yajqDr55Hdo4jyWYn5eM7eDgVwt34xsbTzG0i1NxOqndquoHKg4I3xqw+bpnn2wSTxS8I+Cfin8cPEVtoHw78JeJvH+uXs621raaPp1zNaiaRto3zRKbeKNCVZxJIOCcZ6H6+rTyfKaMqmKqUqcaScnKpKK5eXl1bk1p5de/Q+RpVs4zOtGnh41Wp6ckIyk0rpJpLbTV6q1trmxqnjjRbCdpbYy65qKht08oBtgcFcBCSihWyflAC54Irl9Fg+J/xk1228L+A/D+s+K9av7hbey0jw5p9xdYlkbaokuYUaKLGQrGRh74I5/oA/ZD/AODfH4jeNF07xf8AtU+JI/AeguIbtPA2itv1i7Rh5hhvpflNmxB2EITgA5PU1/R98Fv2VP2Zv2R/DNppnw38B+HPCbW0KpN4iubO0u/EGoMgAaaW6kVp5HcqSWyMZHI5r8l4n8YMqwXPhMph9drRjKF6d1STSVm52fNr/IlezXMtz9EyHw1xmMlDEZlUdFT5W4N81V35em0b6LR8yttax/Ll+yl/wQL+OHxSksPEf7RWvJ8KPC0qQ3T+H7UpdeJr6NiHMdyh+WAsGALKzFSeBnAH9Jv7P/7Cn7JX7Hfhyyfwh4I0PTr6xjUXPjTX4LbU9fu7pRhp4ricPLEsjZbYqlV3Yye30LqnjXxF4hlmsvBdkht2jIfxBqaGGKAEkl41KgBQMGPbxjIIzkV4R448Y/DjwHDJP4/8WDxFri4ZrFZhcRRuOfJjtQzRAFuPMY/Lk8Yxj8Uxmc8VcZ4n2c6mIhRcvdw9BTjCKfLbmtZvo26jez2P1XB5BkHDlJ1G6UKkEnKU+WdW9o7uTvHVJ/kr3R7hq3xq0y1C2/h60U20ylE1e+i2CTKkZtIQFyuD8pKqOMjvnwvxP8b9I8L/AOm6tcf2zqDOXSCWQXEy7slY4rbJjRMEMWByMHIHNfCXxb/art9UuDB4djtrDT4swW0Fsqy3wj4CgBG2RgqcAA9WxjgV8x6v4t8U+I2ae0d9PSQ5a5unZ7t0YDlFP3AckAqMk4Axjn9E4Z8JZVuSrmXPe0XZt6/Dr0st9F+Z85nfH2EwUZUsCo3fuqV1zPRbNu/3WWl9T6++M/8AwUBvrW2lsLiy1PwjppLwJdWJ817hVUopxGu+FO3CEKQcEgBh8S6l8TNf8dSHVdHvluLObJbUJ7l57hvMxklXbfHJ0JDAYbAI2gCs6bwtbeYLnVZJ9VcgPJJeDzoyrdQI3DJtz/3zyc9q4/VfBq291LrXhSeXR9Sg+cWqFk0m9YEqY57bOxdxJG8bjghuT8tftOTcE5XlbUqeGpylGz1gm9OW9r77Xbd+r06/lOa8X5jjIun7acYPTS8Xd8urUd7JvXdJ+ZuQ6LbNdm8muZLm4YnzZpizoGJOVxx3zg4GMnsDWsNOMrE2Mjbk4bYT5TEnjnggHI746HnPHCaF4tbUri40PVo/7F8TxhXfTXx5Vyilsz2bnCyo2CSB82C3Axx2ttcG0YBZ2AYAuu1hhx8uD1Jy3UYznJPOMfcUIYenC0eWCj00XutJbX9VZNPt0R8ViKlerJOc5SnbVt36xu9XZ7L7vVLrdJlLM8F5CYRDgFjkhm6bgMdM4bjtnHGK6vNvcW7wllZEQFkY/K3U8E/dwOuOnzDsTXmGu+M9K8N6c15rt3BZ2qRFmdpkWRyDkZ3Ec9uvUgZz0+IPiH+2DcvdTeG/AVlJqzSOyGW1DGJCSVUPcnAjPGW2MRgEEkcHjxGNw2HnytqT2UIPmeqi+nVPdddbWLoZfWquMlFqO1norScb72a0Tuteux91+KPFvhrwxay3OoahDDDGplkj85BHFtHJkO9V2k4ypJz27V8F/Er9qyK/afQfh9Z3Hia9lmZVFjCws4pCfl3XKgoQGJZgWAx0OMkePWPgH4i/E7V/tnjzXrptLvcSp4f0ueVYFVvupcSjAkYAgNkHGCCCSa+m/BPwo8PeErb7JbWNvZqgQuohXzn7bnlwWOTgHgYzjAO4V4eJx1aunGMXTipWTt7zs11dn11eyd7q23r0cLRoWcnzy20fpe+idl21266t/IkXwx+JXxIv01X4h61c2enTMHOh6dK0cYjKsfLnwQMhRgnBycnnoffPh14J8MeC9Rh8PHSLa3s7ob7PUiqmeSULzHI7KT8zcDcQTkHAHT3y5g0q3jmjEKZiXYuw4LHkhhg8EenAAI4wK87uLL7b9phk3QtG++3m4JgkDblMLjJXpghTj0z8wOMIRsp2cn15tbbOzV7Wb8lr56nbG0tIpRT0ey0snfTRW115r6K57FatYaZE6W8UYC/LuUYdmyo359RnvkA7WzhsiEaqlzcTRvkMMohLMCNw43rgcnB79z0wc8Zo2ptf2zqGAvLIC3lWQ5MjodqyrxyjgdVyVJPoMaclwbeGSRxEsucu+fm8w4KjAGeuec+vQ8DSCimnZcu7St5Lo9N90ne3kCoe/F3v5JN2d4btWSbu11W7vsdAdQdIDFG6kxkiXIJBRDgcD+LOAAMHOeADzzV1qG25uSZQ6MpKnJyBjjaB7Do3bsQc1ky67HBDc/aZoogoHmzu6oMbckpwMsFBPJA6nBzx5Lq/xMtIp0sfD9s+tXRfBdFJiVySDukAwVHOcg4AHY1jKvGlGXNJLaVk7bNcqX3p662su6NlGz0s9NJO1k7pJO3V6t6rZ7HsbX4s7OSWadUQx7i7uoRAG7kkFmIPI3feOQBxXnuqePoEQ2Wh28+sXkgIJjVjArH5fmYZDDgY9AGz78/YeDfGPjPUrG01Z9QurjUZ41svDuiwT3FzMG2+Wiw2yu2S3BZkG08kjB3fsJ+y3/wSQ+MnxWhstc8cxp8IvAs3lFDfReZ4m1K2GGBt7NwvlCZSwLltwyCcEV8pnnGWX5PQk8XXpws1yQTTlJqysrvfW7eitvbQ78JlmIxN5uKhStbnlfl5bR1tq5Nq9lG66Xd9fx5ttA17WtVs5NVM813cMq2WgaVay3txcySHESNaW4klb5yFJZNoIJwozX7Uf8E9v2FtA8V+KF1H9orwV4y0a7vo4r/wb4b1C0e1tNWtFOTc3oQMLeAJg+XOFLnGVJHH7bfBn9kD9lD9lKyhuNI8OaZrXi20jXzvE/iRI9W1p7lFBaS1E4kFqrMeAn3WIAqT4w/tS+C/h3pt9rpm0Lw2iQt52v6vLa2RSGMZ8uLeVlc4BCRopGQAB/d/k7xP+kCsNF4DJsdSVZzt9WwvPicbUs1aCVG8Yczumuis1KyZ+k8K8FVsbKTw2XYqvUnHlp4zEReHw1JuMOWpFTi3KMd3KT1aenVdr4E/Z0+APwOS7m8GeE9F0Se5mku9Qv57aGa7hdOdkc8v+piUA4AIUDleQQPB/i/+2r4d8IX1z4W+GOmXPjjxXHI9uLLSo2e2hlX5Vkvr+MCOKJGwfmcKBkZxnH45/tG/8FU/AQi1C51vxtrF94eJkjsvD/gq2mfUvEcisysLu8Cxtb20pUgOm7aCpORkj8S/jX/wUb+PnxTt7zwt8GtOg+Cngq6LQyz2EySeLdVhkyMX2slRdb5VbMkZbAJAJxyfx7hXhbxE8VM5hHA5Ti6EcXUTlXnGrKvNzcVZ+66j+K3LG9vd2P1qlk3D/DOH+tcSY/8AtvG0oKVPA0p/7JBxtd1ZxtzqNrOKtFpWeh+zn7S/7XHhvQtWvfEn7V/x4NqYEkl0b4IfDHUFvdcuCVYpZ6tNbSvBZgkKsrmXcATu+YAD8fPjD/wVE+MnjfT7zwF+zN4Ms/gT4ImDwvrGnKLzxxqkTF0M95r86i5tZZEJZ1ibALBsj71fCunfDbVNRvpNZ8VXWpa7qtzKXnurySaaead23O81xckuQWbnGOvHXcfTP7G0rw7aiXUryw0y2RAzRI0aFgAPmIySWwecZGQfY1/px4IfQAzbGrDZhxFhvYRtTqVMVmVqMIXtJtU5v7KWjnt23PzDi3xmw1PmwuGlDCUIK1LA4FRjGMUlZclJWvpbmknK+z3PDj4M1jxLrM2u+PdU1fxRr1zI1ze3+qXs1/eTzOS8ktxcTO5HzEkqCMZ+XAIA9L0nw9BaWbfZ4FiSJswR7dkkoTncCBgKcdc5IA5+UGuf8QfGjwXoqyx6LAdSuVLK7RnETqgHJfuC3bnnBx6+KeIPjd4i1i2lhsIRp8TvhPKUb1A4VVbjA6FgPUnk4r/QPJvDXwN8F8HTq55muEzjH0KaawmElTqpTgotxtTvFe87b7bpbn4DmXFHEvE9ecMJQnhcO3f2s+dTndx95tpO/bTbbrf6Q1TV9B8PWf2rVbu1t7hiZDH5m+dOAEVVJ5IY5HynBGOCePD/ABD8Z5kM0Ogj7JHIGU3k5DTyc4wi9+OpzuHpuyK+dNY13VNQkMs9xNd3JOHeYsSuGJKhCwUkEH5uR3XIPORC0jGOW5l48xSWkbG1M87QeCABkBe+DyTx+e8a/Skw1KnPJ+DMDQyPLreyeIpxgsVKnZJtysvZ+7/L7yt8SRvguFqraqYupUxFay+K/JFtxvps2uifW+1rH2r8LpJtYSS8uHa5lkV2a6m5yzHJCbumPbIPoOK9V8QySWui3KhVMj2cqCQkYG3rjdjAAPUkkcdttfNPw58ey20UGk6Hp13qt27GKKGGF5C7OQONis7bmI5xt3dPf1L4p3vjLwxo2m3PiTTjpCajZTtBYTjbOUEZBeUfwr0z9TweMfxD4s+L+T46jVwNPF/XMzxEGk5VFKrKpLk5na7b1u5Saslre+36fwvwXi51aOJq0qlPCxlG9VQcYRTlFWvqlda6efSx+gH7K/7IPir47+G9E15tRTRvB5Vo/t6MDLLNE+JhCSepwylQQvBA6kV+v3wj/Y3+DfwvhDxaRDrmsx7TLrGqxi5YOuDmJXDDO4ZwD2ODnArwD/gmp4p0Oy/ZX8DXepXQIlm1RxbRNtIImYBioOWJ4Ge/BxkCvtfVPidbKhktnggs4YyySXDKjNtBI67ctzySRkAYIGc/5Dcc8ZcbcQcU4/LaNevRy/DYyth1RoOcIyhCahebTvK9mtXbZdz+ucm4Y4fyTK8LW9nTq4mrQpVpTqcrmnJQbte/Kntb3XfdpnqMEK6esVvFssNLWMLuytvGEUgEpGoVfunAGQQM85PHoml694QtbPa15DKsQPnXUkiFVRVIMQY42kkkcHPGMkkMPzF+JP7SmlWMM/23WUWOIMC7TrFBGBweCwBAx8pGfQnGDXw/r37Yvi7x1fv4J+DekX3iW/ZxE95bq8em2vOGluLj/V4U/M2G4UH3rp4e8JMbmdSGJrqdSnVfPKVWMrRU+XSTkrN3l1abS7rTxc941weCi6VGUYyhaKjTe7SjZNJta7uyv+J+1Hxg/aa+HfgXS51s7qzSSFWAeWVI4w2GUyKSd7YIyuAcnnnOB/Mr/wAFGPHvif8AaHsLZ/C+h39/pWmapEZNX+zvHb3MkkgCQW8rgKyrlcFSwOCcDnP0zrMPhDwLHL4v/aK8Zt4x16FFnh8EaPeGWwhuCC0NvKY3ZZWVm2shB9DhRgfPnizxn8TP2ota0bwf8OPDY8MeFYtRg+x6Pp1iIokhjkAN5fzrGiKyx54ZyxIIwc8/0NwL4dZPwpi45pOEFVw937WceSjB2t7nSVrNJxve9+1vxniDivMc3hUwiuqVRRTinq1ZOLsujd7q1lcPhP8AsxftC+P/AIc6D4bvvEc3h7RIbCFYdOsGLzLZMin/AEhg20sATkBgR25ya988H/8ABLXw1qA+zeKfEUS2sYM1zez26z3E0gALozSHKEkcgHGMAE4Bb9APAlv4T/Z2+HGnw/EXxRarJY2atO8lyqyS3DRqzxEORLIi4Kqmw5yAQeK/N/8Aap/4KNabcQal4Z+Ft3Hp9sI3jGooUjuZchkb7Pt3Hc/ODg5XGSORX6NguIc1zLM1hsiy9UqSq/vcXycsJJSim1Ua0unzdXa2mx8NWwVChS9tj8U6klbkpJ3cWre61Ft301u9/vPhX45+FPhD8HviTdfD/wAJm1E1hezW+oXMBUQggBQ/BwHYgkgEckgEAYHCXE0cc1m0TCQNIqhxydoYeWCwAHT7oX2Az0r5P1bxFrHxL8VXmpFbq+1jUL2N1JLS3NxIJCZHeT52Kk88kg8jIwK+pX0+80i30i3vgFuVitnuI3xvSQjHOfwGMsRjsSBX7nl1GSjh6Veqp11CKqPq23Ho99feb07rd38CvX56NarSh7OlG/I+VaptNX87Lmdtrp90e82N2R4Z1SNTJuWBnIyeGKZO48cjKkEdPr8tdH+zQ0h8ZxTnAT7PdQHOTnMZIJzjJwQSR7ADcMVz2lWz/wDCKaq8yhfMti+cYIXaNrZODyenQHPGcnHWfs4RRjxbp0SqxLTyEu5+UggAAAEcYGGUe3Axz91HKvaU4JQuuTRvXZx6N6d1576PT5eGOUKsffV7teV+eLX46LT70en6UJYvGs0cgIT+1JyiqDuKmVgdw+bJPVm+UAfNxgV9928GmweE5r132NDpU7OX/hYxbVBPuW9BwDya+J72A2XjTUZHdFWO/lZCi5Ckvwue4IBHqDxjBAHonjj4uWln4G1q0gZkkj0xo3k3A8ohVsbvlHTOOepHGWB5a+T1pUnTo0nJ20aTs2lHS3Xq76X0u3Y7aGYU4KdWrVWnK1eSveKi+VWejdtdNVqfDn7TWgWmo+HvDEUJjuNVudQvruGCQ5Zrd3bBQDLMc7ue5wDgdflrSvBGq6bm4i8OXU0CMrTA2V2YnfIyqv5JUgHdg57+pOMDUv2k/EsHji98TT21vqI0kPY6Lp9/AJbOIRsVWdUc7WYv83A46DHFf0Df8E9/2g/AHjz4fS+Iv2gtf+E+iwWry2lp4Qk8PWx1HUJYrcPDcyskLMsUnyozBmJbJPUV4eFyvH4OlUj9SrYx81lCknNx52klZKVttrO3d2ZnUz3LXKMquNpYW0bqVWcYR0S15nZJtau6d0vO5+TOj6+um29ur+EZVUiOFpEMsXltgbiAwHO0DBwOcdBwPZ9J1Tw5O9q8dlqVrbhF81WnVo94+8pJYnceSMZxk8DOa/Wfxj8d/CF7rki6f+yP8NfE3g6Qu2n69pkCW011DkQLKYzCuHYYkBOASRjPIHSadH+zLrsVpceN/wBmnWPC+jzQLLcy6FbzTBXP3mjdE8vlskYcdAp7NX63w74e4nN8LGpUyt0NFNwqUFGcXo5LSMb93zbW+/8AMM98deHuH8RKis2o4qdOXLKNGtTunFxV9Gk1s27uyWjPzs0+Xw+0MVxFqqWirbrthaZnfDKBiRcEHnAYbstngYrVXQNPkCXEOp2p+UsEcKnnNJ1YEEEAHGDgAZBwTg1+oMnwo/4Jz+JoLFIX8feCftsRSCa+0+cQiZc4VnUMu1DgMBnjJHBzWjff8E9/gX4x063T4bftF+H4768x9js9YC2txEoIKRqZWUtxjOAxBOCO1c2Z+FGErOcZZe7Rb5qjws+Vu8btOMGrO977u2qO7L/pJcM2pvE5xSpNx5tMRGVm+Wy0mldXts+tuh+d2mWE9zawWa6qunRqgCywSTYkdTtySCMBBjBGQAoGc1pp408SeE4prWx8T63KySMjXNlqd0ixQqrAiRNxCDAyORkdDzk/dXxA/wCCaPx++Gnw41PxxoHiXwx4r0bw7ZTXs0FldLe6lfwpC0ge1hiDkkqpcAEkjGFx1/GHxF8Q7uw0vWLG8Ep128uPs8lgsbRXELyOYtjxsokjYMSpVh1BA4bI/JuKfDLhXC808RhMFWcI3nz0aclC26fNC6lfZabO22n7zwz4jz4gwFLEZVmFSpTq004TjOWqlFNaSvdu1u1k+1zQtP2ote8A/F+L4g6daXOsX+nM9vqN3eM9xJcrGDDCzO24lgjYBGecZPBI9P8Aj38Z5fjN8INSsLNVS7n1CPX9VLqfOgMwLiISYBfDNwCR0x615D4r+Ees6L4Z8MaO1tDD4k8YRx6s0Ui7rq3jlCvbxy5GclCDjcMZJ69f0N/4J4fsvad8WdQ+IWg/EE2a2uladY6XCs8Yx/a11sw0itgNtUMAG7nC7QSK/IM5xuT8PYDEZnRoqVPAUXClCjZRlCCS5YqPuWtfS6svM+2wGGxmY4inh8RVlD2s41K0pr3lbld3bXXdW1Ud7an4saba3UcdgolkmeaJERGJ3Icjjy26AfdAx8vUcZFe+aLpS+RE02MqitKjnbgjIwuW/L2HTqD+pv7dH/BOpfhhquj6t8IbGbUYrGKH/hIbO2gJFqVG77VCqlgsUoJJXgHHygYOfz4t/C91BJLFdq/nRKEniaNg6SJwyEEA5BHJ9snuKnw643yrjDD1MVgKmtGr7OtRk7VKNSL1hOKbtJNPVe61rfc9Pijh7EZRTw86jVSlXpqpSqxfuTjLldk3re/S2l973OJvlt1heGKOQtsKgIQVUMDgZY4z0yOuc5OcivOmtJhLMyxygwsGDICzMeevoWYjJGQBg8crXvT6Wv7xHtmJfIRjFtyB1Vm6qcZwST82euBXNXOmSRTYgs51QnMgClgCeASMbc8kAccHOeoH63SbSurpK1l7ysmk9+78nayVknofm1WKUmru+j0+Vt9u+jv2XfyqQX0jRollJhF/ecncSeMg8dcduDUezXEcL9kkKkhYwzHGPQjBznvyQBx9PV4dPZZYx9imMj8ttXqQO/uPYgHjnIyJ/wCzZTKA1rOxMmVJGSh56dPXBOO5OeldKk2lo73STve20ktdb2b7730OGpBvdvpbX7OnS2js7pa635d7nnNpp/iCd1kkj8hAVZlDbehHygcggkfUdRnmu2s7G8kyZpJU2KSUTqVOcZI65OCeecFcDqN+LSbreAbe42q/yqDnBzkkjByDgcEZOTn+8dWaxvFCfZrK4QSELI23JKgdcc5UeuAe/UAVo4+7omtVdWtd3WqS0WqT0S6uxi6do32fRXs27K2na73stNU0m0maRpyT7Y7m6kUh0ZUz0PPUqcdMAE/UkZBPTtp5Z0RJJQsRPlsBkPgcqGHIwOcgcjoaxbaCaGSJtlwrnYJm2NyAScnGT34HXgAE4rovtMioY4VlcKwG8biUXIBLBgRjBIGcZOfXio2XLp3ilfW1ota3S2u/Kze1zkqU09Nmla92lbR699F12drpraGCNhI6zAEHCq8nBBUngEbhyQGDd+BnPB1UhVyBHI2FYEgqVLDgMEYksQcgZJzg9e5zHuGWL57YOwLLuLMC/o2GxyARgk1EuqXojVIoFZxuIAkBdT2xgc8AZXkAjA6ghuMpTlypfDpFbvSLb210v53va6uyVTjCUHvZrvrtd72frvstj1HQ1uQIVtvN3NLtSRVO1QScg+6d8j5gOAeK9v0oaos1uZhNOhWNcOo2SOrZEYXP/fRwcBc8gYr5j0/xpqWnw+VPaxhIVLySbvmViehIGexIP93aeDgj3f4O6/r/AMVtfg0PR7NrTTNHja88TeJLxjHp2h6bbjfNdXN05EasIlbYC5Yt0BOM/k3HGRYrHRlJUeeNuVK2s7tLbVt+8rp92j9E4VzSjg5QjKpyq8bq6VkuRS1b0du7/W/6K/D34uaN4O+FPj7WvGxSy8JaFpch1c7hsniSBimlW+9gGmuyvllYw2CcnOSa/m/+Jf7Qd58RfiP41+LPiHX4bBFuk0jwD4baVVbRvDltIRZQWcWdsEk0CoZiiqWlbe+WPP2n+1p+0j4S8a25+GHgWe6Pwy8LXJsri9twyS+OPEcZCPcSSIQ0tvFN/qxllKBSAACK/Ab48eHdc0j4kTaZZQXN3capHA9tDaTPNDpxuipUyFflVogw3MRkY2k8ir8P+C6fDGXzqYiCoYnMXKu4zSTUZWUXZrZpvXZaa3WkcVcSf2tjYvDv2lHBWpppvlcrJK9r3962mmqSZ9Z3vxRvdX0nQpVm3WKeMLzV7q2M26WaGOKSadp3J+RHwwZSSW3fexwvk/x1/b98VfGK7fw5czJYeFvDegJ4c0KzQmaWCC0b55C4YD55F+XIBwc89a8v8SOfBXwrvo55Xe/0Sxnhv7pJCwl1XUHKrHuxkMIHYbcZzgN6H8621IxFyjMGkEjSS4O4s7FsNnLcqeO4J7HNfr3D+Y4vJnVq4Cu6SknCTg7Jx0crNK7ejTs7Xvrqj8f4xyXLOJVRp5xhKWKhTftI0qqU4xn7q5kpJryW/L80fZHiz4h6r8cLXTm18TXd7oGjJo+mLGm1mtrcCOJptvDlto2k4JJ/Gtv4Y/D638LFNT1CBZLueNoo7BkVJIDjcGLE5ByOG985Iyaw/g1eWGleE/tmq2S+dqBzay5G9lRW2ndgMEZhlzycA4HNSXnjqI393d3d1I5UOlokLEIMEpyRgEDP8WOF9Cc/m3F2dZtnuOxGGpubpyl/tGIk3z1HaPNC7ab0v663VtVeV5XgspwFHCYSlCjSoxXs6VOKhCC0fKo26aJpJ73SR7Cvh+/8Zal9i0pYo3fAvJDIHW1jRsFgpKhiFOWGOCDgevtN14ltvhrplhoFlFZTTKMXOrKkQuLtmHzJgH5gCMYbGCRxnkfA0fjDxNpGoxXGk6hPEsylpXiZkQJMckSPnJKggHC54JPJIror3xs0kDvqUq3UiHNvcC4ZiZnZW5AJOCenpgDG7p+dY/g/McXUw9FzTwVNqbpRi4uc7xk5VHFpe7eXLfRXTuuvo+2tC6aU0k10TTSk20lbmtdJ6NXut7r6I1rxpFrcs2maosNvazh5pFaNTlQSwVnxhQ3UoOM9FzyPBvippWk/ZbDWobC1ihMQtbeOJxlzyDKqnILBgCQSBySSNoxzq+KrjULlIr6ZI4Ai7plXlmGCke88nK/L7jOR2Paa/FpXi7w3BaH9zeJhbKGFvlZhkAqoI5LKC+QBj9fcy7LJ5JisM1GdOinyy1biotxs9W3az1bsrp9N8PbqUXs2vhjaztdWu9dEm7X5U7rR7L538E3NhYajdreW8DzssiJK4CspcgrGhByW+bBOeMnaQDur3yx8d61LNp9nprQKtlCIhaxBXRQxwWdhnjacsp/iI5JzXzZrPgzXtEgu5X2LJHOSw+9cKmcggAk7vfGcbsLg5rW8G6hNbQtc+fNDczuIplkG1thxg7uSmcDOMdMcV9hmmBw+YwWIi3OfJaNpWfRqzTSsmkmtn993SqtyUYe7qr7J2TWq6O1kraX3kup9H61rUtndiC2imbULiNWuJoyZVVn5kZj0A9hgcc+lcrc+JL37aLaC2upQE/fhFLBsfeaM4+Q9c45456ZLLHXbRZEuri7jj3obe4X5Xlkh6NLycg4JwcdzjPa5LPYKJ73T7x3s0R0UBcyyAgMzbwSwC9BnuCN2MmvjY4KGGrck6Gl4qLtGyUWrJ99W23a+19TarQlNP3motuySj8KstrtvXd6O7Xz5rUL7SZVvJQbmBFUq1pKxwzsMmVicchh8uTkDIGSATz/hK30mxk1LUdR+zvFHDI9rbTlQQ8mdsxxkk/3SSxyFPqx4fxTr8kepSpbgXNqzKgReG3s3/LU92XPA+b3BFZGrSXSwxGRGhysZaJuroSCjMeMhQeBnPO7HOD9zgMvToKm3yKqot2TTS93aSur7J8rWmvkcns1D3k7ONlZJq1rLd3V3ppqrJ2Sd2tTX/EM17dxSwMtr9nJeEQgb3CuSCcAZbpjIyw57iuPk1q+1zWVu9SfznUbVRzyyRpgKAM4GBg85GBgEYqaSC2Z2uJGaNood6gEgEAdeMYPU9VxnBPcYdhE1zI09uxL+aFVFB3bgTuYA9yvOOh6EGvoqOFpUqatZOMdHpdJW6d1ezSel7620zdSTvfybSd0+Wz2bW3a1tmeuWPha48R2BmDzLcAGOG3RQSyMQCwJOSgBycjkED2HonhLwbD4REuoT3f22a4Q2qWiqAQzIfk2lDwGPKjPQ44wK4DT7/WdJu7SRYyWeEIIYMrhSBlmC9GIPJPfGMYruLC5vxfW9zduVtxIrFpJWAIOHaMA8blLE5wGzkEAk189jquKcpRVW9KVrxhpKdnF8rk9H6K/Ta91jzbaJdXvd3tfa8W3rp0tbscX4y1O7s4JbP7PJb3E00hWNMeWIC2R8pyCxb5STnPTIOBXBw6S+qhLmRpC5McQIAypXk7RkDCjJJGBjucYr1bx/ZWd3HHrkdyVt7ZmiaNpP3sq5JfPOBgt8uCSRgAAdPN4L21Cx3FrdFcKfKjBwzHIALDP5HksOep59jAyvhIuKtNxSd1G6dopt8u97t62+ehKe177Wbsr6WSemmt1rp1Xe3oEkyaBYwWwffCY0LJvyZJCDudxk4wcEKScFec4FV7nUJJUga3RpY1XdcIE3ID0XzCeCB2IHIxjOa88vdQuYjvlm82UkBoGYkDJ3gDk9lzxzkZHPFdbpniGytVit76WM2l4mblUIM0ZKDan94IAATkjHPQkVzVMF73tOVSlo72TevLb3la/VeXdlKOvezs1r3jaz0Wrvvtr6GxYXFo6PHfQfZ7qcH7LKwwoTG4MpAwPm+Ufwkk9cnPPpq32C5dg0phidxckNuSQFsg5zk5bHAHBIBOMiqeuX0wuIfsJcWkisltLIdx2KScgZyAc4Azgg89weZsrm4M09k8JlMkmDvJOQTuBUHj7xPHT8RxccJDk5p33enLp0u22mnrpbr16Gipvlb18nazduX0W2vR6+p3VxrzXkyT2ksuY1/dRrwz7uThRywHQYHTgEYFd3ql3Nf8Ahq3Qp9muYCgdQSssgcZDuOOvbnGVBxgV57ZaDqcFvJfqSzWYDosa79qsuQjNu+8DyvI75yqgVctvE2o6rnT2hCugCbP+WkjpgbXIBVAMcj8QMjjy8RhKdecfZKHLTlzNvXt02/PTyZhbl0ldK93dtprS9luuq69PI9LmMVv4S3GYtcsmZ5ml27nBGIiM53Ac4GNpx0FZGi+MPsRtvN8y48tMSxQOdhiwVUM3ONvOc45PODyOW8WWeo2+l2xKyWsFwAvlgEr552nzGwAuRyOmRjHoa5jQ9QksJYVkihdpMxyhyu0oBgs4wSTjhcgEknk95o5dSnQqTlNTkm7NPmtZ3aXZ/o3uUopu9uqV9HZuzW3bRa7eu/1ja+JdCi8H3mqWscqanKXDI6s6qjcgEEEHggZHTrkHp5JaaxdSahBMkkUr3FytwVb7qFSpC9fkXIGRjJBweRXpemaQdb8FeZbPaWkDQTmIIUaQzBSQrFsEZPP0HQfLXz9p9nJa61HHNLJK8Jk+0JA2Aiqzkg4ICjkbiM84xwQBhlmFoyhWglrzWsnytJta203v57dEjxc0wKnBtL7CXa2sXdaO19eidrpXuz7I1X4laR4+8LweCNS0KP8AtlJAq6rZELIkUagpGjKMCPjGwMTg5OM18reMdMvNEcW1ushCiRRcIrA7FOAshYEByDyOhOCAOMW9D8VNaTXccMIEYuPlmgP78YY4CsDnJxtwvY8AgYrQ8Zatql7qNuly0bW1zbRlUIDBFCgh5CM5cY+bJPVc5PTpw+Dq4Wvyw5lRnHmcXd2k2rJJpNJ9eXrsj83xeBp4Svz6NTblNNfDquW2itF63cW7PTuefabDf3RjjAlVVYrPKSSzqxyDhd3zLxgc8YGeufU7OS9mt002ygaKRY1gkP8Ay1uA3GRGc5Ixngc4PPBNcvctd6WdMkksZYo2ZXhaENGJ1UBcscFSCvIBJY4x3Br2/wACxzXd23iGS0Sy02G0ne1uruAGCW4jjw8YlPSVeoPJz3rfFzbUZezjyxb1u9bct1brZO+jeq2ufEZ9mcsLTWISjOmpcqa95Od0uVaOOjb001W55J4m8CXekWiXcl/bSLdRrL9jU5kDcFklU/NuyCH49sYOT5DqCNDMIogyYkUyAA7EXK7sDjaAcg4PPXB7fSN5bvq2qSRlxqVxfiQ2+xhiGSVjtVc/LwODnB/AGvDvGmm6lomqy21/aTR3MRXCLG6xumcA/MAGK+uMMBkEkDPZl+KTn7JyTuk3ZqyvZ2S68vW3b5v1uF+IPrM4YPE1Kca9SEZwp3UZOL5bqMb3ko7Oy6pbbx6X461rwpe+dpk3kRuoR2U5DrgBo07KHBw4zzx6AF82urrl3dXV2i7pAXaKEACAtg+YQAcZ+ZvZs9Tg15lqV64lZZI1wCGQ5wFY4wgXsARg8AgkkEqQRr6JqUdtcRtOqNHcLskAc5IPygnAw2CcBd2Ae1e3Ki3Tck+VtJN9Om172Wlum+lnt+j/ANlYVyniIU4QqyjrNKKk723ajzNdd2rNpNO1+6061FtdQzW08s7I4KBCylVwDkgDJHOT/dGCD/d/SH9jP9hH4z/twXPi+b4Z2dvLP4IsRquqXWo7l097W3Qs9nFKAT9rkVTtWThicjrXzr8Ef2fvFfxhvp5PDstrCRbTNYmUOIJ5beISPBuRWPmrGMnd8pyACDk1/T3/AMG+vwb8b2Xxz8T+A7jVdX0/w9faPKPiBbaQQNMuooJWMLSTxnMc24FRnkHggYyeXK6eDxGZ08PiZXpXbqcrtoorS6dldt3Wr7dl+X8Q4uE8XRy+hNvF4ivGgvZpOXNUcYRvdWjHrJvaN7apI+hf+CcX7KP7H2k/sX/HTQfjL4c8LXnxq0d9U1DxAniGWKx1ayttGSU2dvoL3YjleOS5hTzEiDJLkjdyCflzXP8Ago/8Z9T8KWXwj+GniLTPCFhpyN4f8P8A9mKIdV0TSbCcw2kds6NmOW9IWHchDOrDLdTX6D/8F0v2Q9D+FOgab+0T8M/ElxoQvTF4T1bQYHntoL+MqoTUGEG1LqctlJRIPmILnqRX8p/gO9Gn+KTcalLeXOpW10t/A0W5RNLC6yxo3OcKVBAwQTgcnp7+f5tg8nWDwWBjCGHr8jqScoRquDcfcS0k3Fq6dntZH83+ItXNsBi62U8kMux2VU50a2Jwk3Tq4+lVqKvCVRppTvCaipN6r7PU/br/AIKCfsbN4N/YU8CfFPxH4L1nUfjT4u1aDXfGfi9JDOrwalGJ7Nr45I2TpIudxyHOSBgCvy8/4JQfsu+Df2k/2t/B/wALvijq9ro+hajq073enTnyLvUHt0LC1tpRgb22gDB5bgHLE1+9/wAf/wBub4G/FH/gnLqGjavr2qXPji28M6RoS+CJWVtQtdb05I4V1NgxybTbECFUYC5+6cEfyjfDz4qeOfAHxKg8YeAtYvvD3izTb6O/0TXLXzIbqzukcMGEqYZeyuRkY4IAPPvYHE5dDG5f/Z0qfNOnDWFqlqk1FqbS1lKLbfLJttpX888kxWXRpqnh/Z47JZYfAYjMMPDEctSdRU4LG4erOD92VWcXztpS956LY9p/4Lb/ALH2g/sbftleLfhx4KmS98KXVjba5okks6y3lvb3kayvaXIB3DyiQiBgvyjIAGFr8VJQZCJisYTzOUJ4yD1xkEc4O05ByRjFfa/7Xvxr+Kvx5+JN944+MXiu+8VeMZ2itrnWLlnkaW3iXbHHu+YYAA4wCD90AjFfGep2IZTLaB3G5g4GPuAHLKuQDkYOeOfUmunjGk4YinJ3lVlRpe1m4qnz1VCKqTUVzJNvmlZaLva5/YPh/iMJVyXDrD0/quDbf1TDuopqhRupUqXPbXlg1G/XfoVxeK042h2Rtq8ltgdSOVbnBAwQBjOfwqTX7jU7oQxspWKOIgJs2kxqCNzYI3ZUdABjuMcVJoaBriGBog0e4tulAGwhjgk5OVGOp6jnjg12uqW1rcwhGO6YMqblzgJ34XBAGemWORnaeM/n/t/Zzj7nMlZyaXMtHHa2mnVq99T9FdSEXBaOzT5k9brkkmtGtn3XlZ7eLW0zC5DyeXswyBj8oJUEAnkAAYxz0HzEE8DRYTSyI7FTEVZNzchSAQD6nGSBxjAPJPA6m+8KWptl+yEmXc0hZQShAB4wPu84PGRk5zkHORBoN7c24EMMrRRsUeVAzkt2GAC3ck5wR06811rF0JxvzKK6qVr6ON9PPot7vpZt9Ma9KS5n7tnrJ2tdqLX3rS9rrbRmajSiF4pHVYi2S455PJxjlskD5h1yB61ahWOKfPmCSLaFDPnKHHytzwRz1BbrkjHAvWPh2+ldrZ7S42qXO5onKpjPYjGCwx8w4I+6eQLV7pM1nCkd1bXVu3mALLIjBdinaAMgHv6HI6Z7bQxGF5octWEnZe5zxb1tbfqvVJ91oKWIov3Y1IxdtI3W2i2XS11a916q66/QCI49zOy7XUeYrElgQfk+8GOfTB6Zxk4r1Lw/qj24khkLiFvnkDsQdnSPAAJIBODyR2HSvHNNC26mNjJJlVlSXDAZJ5Qnpj+9t5HHAOCfSNKuJJPnZYwVCJnOdwxnAUcc4BP+6OwrCVNVKycXzO6d001ZNa6WfXRtper0PlM6w8a0Jp2btdWabaaWj7vul3d90e6eD5rZHZGmyRLHJAoypIOTlsAZ2HBwO2SRmv2v/wCCWni6fS/2u/hpeRX0tz5sM0EaW/M+TGofjOSkYGSpxkKOckKfwL0W8mWSSVnMUqNtRT8uFJwWB4yCAMAjHPY8H7M/ZZ/aP1z4AfGXwL8Q/D6W0ms6JOqW1rcxia3uBMwVlnU5A34OTjOPSv3DwgzrBZNnkVjOX6viqFfBy5pPlbr050oqT3tzSW6Ts9nsfzJ4s8G4rNskx1PL044xUVKm4/FFwnGo+XpdKOl2r3t2t+0//BZTxw+s/H+Z4cuZ/DgSS6uozDKZEaQNG2QME4wOMfNn1FfzOa7qh/tcwrGjmW7cSKDuBZHwckkAb+Dk4A6kkdf0+/4KVftUeKPjL42sfHes29nYalqmkW9tdafpsKR2cAZch4ygXLOXJPHBJyc1+PZ1CVL+OaQCR5pVckfNzI+cAZJ74IYcDPfK1+s/SA42y/EcOcMZBgZpSynKqVOv7OV4QmqUI8kHZcyVmlKyWiaskjj8C+CcXgcsx2Nxqlz4vEV6kXPSpUTm2pTjd2k1p8TS31sz768PafJYeG7K7jijkia1wVKRskbzKMfMxPAyASe2Ovf5q8d/CbRPHeoXV2t8bPVQshmVEAilfB2AjgKOCA2Tk9c8CvfdE8UCPwpZWsmxlMcZaBjhlbapDOOQRuPGc4wO/NeAat4nurTWroxyOCxcxtGw8tOTxnoR2zx1OeN1f5qwx2bLM8bVwuIdOaqycOZuUWuZ3WvXbXrdn7nkuXzw+Jq1adX2dSE/dS0TWjttq1p5PW9tjwDVvgJ4mshPJE1nc28ShhGrKGdc9SSRliSTwO/WvL7/AMD+JtPaVrjSrlUiIKOsW4BM5znBJBGffHqa+ur3xc1okstwryPNEHLiQlUkP3SyZJ+frgrhe/SsXT/E8t8xjnmtzDIduWAcqAuRGwIO3k43D1xjg4+zy/iXO8PTk8bQp14r7UYuGqtrpf7tdeurPuY4zG01F251G3M9VonHZ6J6fNNX1b0+NporiB2V7aeA/Lk+VKGJ6knK4VT0+8M8EfepftEaoRHK0hcBSB1DH5djdPQjOO3GTX2ibjSL26+z3uk2ErTK0LSGJCoUDGc9jknurAKcHOK5zXfh94Ju7d1WJLO5D5QWrYVzz8wP3WOcAjJAGcZ+WvYpcY4aThHEUKlGU2rPlukvd3a1vZ7K90ra9e2lnkIxtVpypwSS5pJ2vdN9r7p/dZWPA/Bsds+pZuefJjzGr5bc56naMhRnHzKQc8YyTXp8umWzQXDyxxyOyB1J2qIgTkEkjI4ILZw3oR3ozfDg+GlbVdN1AXD+USbZ0CsVYg7VyxyQMlj3bgg7jXJ6n4hup1FkkElq7FUkZiyhhg785GenBUEDG3r81enDGwzCdOphK6jTUldr3W2uVu6auttNla9j4PPPrOaZrRrYOtFUafLduSi01KN9G1e2ltNmm+5y15p+2SV0IEUc7BsAknc3AAzyMDrnH1BAOJf3LWEimOd0lkbKNG5Ux7D8pDKwJUZBI44xzkgjp/8ASC4hiilLD/WfKzqW5O7GMH3OcDjnGDXB64hV/wB7vjdXckShgTjduVRgEDBHoD97uBXtRkqauqsXJWaaa30WiTW3m1ZLbv8Ab5XjJTcaEpQm4Rim73lzJK7te+r2St6I6WfxBrED211/ab3DmNSGdjhOwBO7gjjHXaeoAGahudW1LWllm1S7nujbgmLzGaT5OcBTzwFHBHXJIJ4NcoplurfYFKqgVdm09TjDDOOu0Y7jjPqNnSbg26PDKAFGVUMRu3bSQG4OQCenY7TkZO5ValWau580L6Ju97rq23du6ta631drv6FRp3ukk2ovS+sny73s7J6u7Wt1qXdOuUzGAR5cb5ClSWJzkqeOg6H1PqDmte41CFlZxI0bB9yxdNx4xjk9jz+XIyCzwolukkktwI5iZGxGynau4nLY4GMHAznp1zW1q9hps6gwoUmWQklG2gBicnOBhR1HUgc5FcUnByjGd07xto7JaNWabat877tbngVM3w+HzB4apGUW2v3nK7XfLe3ySbTdnp6HKtLHuaRnYKyHCDIGedw9c5+9jGc98AVq+H71LTVdIuQySrDdRmZJlyEQuoO4Hthjjp1IrmdQSW0lWKQoyBnKEMen94jHXGDk8kn16xW0oklDFiI3DEYADAgAg7jjnhTgHPy/xdBpKn7SEocz1i0mrqyaVrtptarR9X3b197ERhicDUhTnZVqM4RnBtSXPFLmjr0bS3ST9En99eNdK0vWNM05v7PsmtWtInSWFFyFKKZSHVR0JweOuD6Y+T/GdhbaLNJHDEVhkUiMKQVGOhwSMHJ785zz0Fdf4Q+JaxaKNJ1KeYyRgwW0rfMpj5+U8gghQOv/ANevNPFuuR6ve7rcO8cRdHkJzuKdTtyQQSB3IPbGN1fOZdhMbha1ShiJupRUpShJvm0k01ayV0lbRux+PcFZdxFlOd4vB46pWqYGnUquFWpOU4zpyqKVOS5r7J7dLdLHNxGMhjMzBnUGPOT0yTwDksODxnOSCBnj6i/ZX/Zw+If7RXjhvCvw2tVuNRtLO4udQ1G5lNtYaRBHGWWW6uTtEO8ZEZzywbH3iF+Y7OQO8LOu/aQfuqSoA4zz1AByAOPrxX6TfsN/FjX/AANZfFXwX4Xhj03V/iHoRjh8SrJ9nuLBLFJHkeKVfnV1DlUIxuYckd/ssoy94/G0cMtPaS0eqbas1rdJttaPS1+x+xYrGKjh5VYuMpRUbXbs7uL226taLr3sdB4//Yl+NXi3QJl8ReK/C63fgdjoemi+1KBftQineICzZpP36JJnceSB83ORn52139iz4m6HYeKdVsrvSvFcvgjRYtY8VWGhSiY6RZsu43E0qkjaFG77xGDkE8Gu40a28T/Fzxz4K+FF14412z1G88QXFnd6ncX1w0Jma7LPczLuA2kYfLEhuTg8GvSfiB8SPEfwg+JHxg+Efg/xdbap4b1Xw9/winiTWoYg0+qfZbZRLA5G8jMu5DIWDFcA+tfolbJcuWWyThJ4mhzU51Lt3lGLdoxTezSTbfd3tvxU8dUj78pR9nOMJJOCj77cea6u7W31stF1HfsYfA/4c/EfQH1/xt4Ym1i2F9LbpcAFYYVjRSBuUEPOsmQcnPTJPZn/AAUH+C3w6+Fdv8N4/Avhu00RtZ8xrqSFwZrqE5Km6AA2scruJ57k13P7LHxw8OfDj4bv4QndbeaXUZZVhVY98BkACTF25IZhznIxkcYBPz5+3h8Sj458UeBltNVbUbTTNOPmvGVKRyOxzHlGZQ4UBcA7gAOORXwtetglhuSFnXjypvZ8yaV293otbWad9tD84wuLzavxxVo1JYhYBQn7Nw5lRVoxT7Re2js77t2bZ6d+zb4d+H9p4b0281Dw3ot1fQXiPdTajbLO0zAKUjUlGwgBB478sMc19v3nxQeSI6RYaRpukafbFDBJbxJboUjABWNwisoxk9c9cE9/xP8AAnxo1jwLaSWtrbf2hA1ykgErtlWAUcZBPGAPQYznHFd9f/tQ+Or+LyhbQiMFhDE6I21SpUFs4ztHGTyqgc+n33C/F+V5PgPZVaK9tZJ8tNO+kb3lo9d015LqfmHHHhbxZxHnmKxGHzGawNeScYyxVRLki2kuTZKMbtJaKXS+3ov7XfiOfXfiLps16IpzbaTGtq3mqzbFYNglSTndnqMlSMd6+a4bvz5xLJAEygKqzAqx5JY46Ejvn6nrXHeJPFOq6/rEuqapcNPcSsiJypWNWH3EO48L/DzzxxkLTtNbVNQl+y6fYalqUyLhY7e1mkfcxBAwiOcfKOAeSVyc4z4+K4geOxlavToySq1OeMVFN2ukteXpdfen0P0jJeGJ5PkuAy7EYuEp4ahGnVnKafNNJN6yts7rbXWytY9Ee+iDqCyqxZG5bcnOFwTnO3gYH9M0+6v4/mhJRlLfMS+cHb2cZzxwOMnr6iq9v8MvitdWxuLb4eeJJoJAGMptJVx33FW2sOCTggEZwMHiudu9D8XWDSWmpeH9StngLNMs9vIrIPxGQRjIz/8AWrV5tXjRadGcE4vm5oSSfNyvflW7utPP5iwOCc0vr1GclJWhGrDW1lqnZvZpJaq/S2n7y/8ABNf4g+AtF+Ces6P4k8W6L4buD4ikmWTVLuKOdVKNh44iw3Ic5IwRwMHdg1+gtl8Z/gNp5unvvil4dlezD7kjck3xUnHlsg+ZzjKAHHPXqa/kGtNbubctFHPcWiDAaMNJErMrYyQHU5G1uSAcZAIJBrt9A+IOq2ksaTTGWGPDRLM7MqsDkDJOSC2doJyAcd6/PM6qTrSnOCSbabdm23o7tLpbZd2tj5vG+G8MxxNfFe1k/rMue3KnFN8q5bqWq3tdLS3y/qG+Iv7UXwX1r4f+MtG0fxDJd317pjWemWQth+/uNoG1GKjCZOcj5uR1HT2r/gkH+3n8K/2Uo/iePG9n4kv7rxSlg2l2miWXnlp7RWSZH3/wknCqAQQM5yRn+W6y+Ms/nwy3TIoXaGiiYKoUjG8cnBKgZPOT6Zr6w+An7WXhn4ea22p6ro0WsxxRPHaJ8m6CZtrFtpUgsDna55IxgivBwudZtl0ansaCquS5EpLo7K+6srbJXt2ujx6PhrUyutDE4VTVelL2kJtp2kk0rJq1kpNNN9F5n9Bf/BTv9quD9snxt4N8T/Cj4d+MNJsfC/hm7tNRv9YhkjLyyhSspiwDFEoGG4+bOfUV+S3wXj0+98a6foPjqe+Y6j4gsrBILKQySxSX98lt55A42oshJB4BA5GARp61/wAFGLDWdBv7bSNJm026vbSS0uZnkTabc/KEAAySOAAQGA/unmvks/FzUr3U017wulppV84iVbhpFjuBKZPM+0hiDslDgMrgjYQCMnFeS8fmGNr1qmOw0Y31Uopv3fd0cZabKyV7O9+6Xh/6jZrPOf7WVCPta1X2uLrThGMqibprWKunZRaVklrra9z9+/8AgsH/AME8vg7+yH8Kvgl8S/hvrdzqun+ObG3i8Q6HrOqRXN8dYvIIp/t9laJIzRwbpCHIXamB24H8yHjXxFa2mqXEFjLM8EsflAIWEcRfjAO3GV5wcZHGeK+ifif49+MfxTitE+IXxj8SeNI9OsWTSdN1bWLjVU0xCmPLsYpGZIUAAGUXseex+TLREvb77FfOZxau7uZUxJLKrZCFjjcxbjGGxzk4r5DOsPg5YyrUo01TXLByikuZSSjGVrPXmerUb72t1P3XLVRhL2eGw8KChTh+6SjpKKjGSb0k+Zu+l0rtW0udfpWrw6XpsJe0adySxmIAdkxk7z/zzBJxk7vugEDJrTsvF6SzmU2NvdQyq0akpxCGGAhcjJ298jOMZO7NYes2Gq3aefBbpa2EcCrcRRjesSDChnGV2lhjaBy3Kk9RWfC1paWf2eOUhMB0ZflEkx4Ct3ADHLcAccD5a+Yhh1OXNGMtHreVuXZP4bXuk+nN3O3E0pU17SUFBqz7Wb5U1bRtNPra/wB50banp7ai0N5Nts4wJVAHlxrI3AjJGMjIIyAO3cmotW8Q2V6JbGwTyWKpHG7BirhF5VT1VGGMn7uOuK4W4IecSXW+Z2jwpRjt2kk7XwOMDGDt45yRwKvw6bdXF1BeQzQm23CKKMMpYjA3K54KgjI3jOFyeK7qODhyNyUoqO0pJ7p7RenNslu/NOyS+cx8ZTguWLtK9tG9bprqm+yavbbqkTXi2TC2lJhMhHlvawcs8q5w2cg5BGSQDkdfSswQxXwlRnmgu9+2ByGZggJBAJDBMfdIHHXHqa72Us3iIWUObVlXbEYiHjjA3b5OoyOo5zn5gOCBWi09jply+6V5H2+UyHBLSsSplXuVOSegA+8CcqRv/DUYQSldRlFpruou6avp0skr6rRnxONwLhecrqUkpRUdbJaWu1fZ2ul87laTQ7aQwm3vGLqdjWww7GQNkykk5BzlgST6NxxXZado5a5sntvPv5DIlv5aBixmc7Fjk6AqXYBUJ4UAnGSTgRBNPdri1El3IGEpeFB8rOMGMgkgqOpJ68ADBr0Hw34r0wyuJp00o26JNDtAMr3yndCNwzsIk5J7k9OueerKtWlB8vLTjKPNu2/hfKrNx3uk7bXaXQ8Soqii09eWKbSTbaurJtvl7pPXTz2+t/F934B+GXhH4b+F/Evwfjvvipa2t3rl/dTXebK4sbuEnT/ttoqskvkMyzFZCGIHAGa+Vta+KWt6p4juvE82lxSKsBsJ7YRr9gtolXy44LKEZWFEGMYGcgN3wPbvAkF/468RjxX4zu7zXobZI7O4+0vI0s0bERwQxMwLCKOPHAOAN2c81rePPgRLoPiDW4NHW1fS7yO31IRyyFo7aK6RWWNEfCl0ZgrEjcWGRkkV9jDMqlXDRwsqM5UYUkpSte7ir2lpdp6a67730Pl48e8O4HNamXYvEUqeMpx5OSdRKak0nypN2jFNJPkvfRyewzwHqfhdfBumXV/pS6l4l1XVo5rSWVd0NtbKQQgJGIyjYBJwMDIIBJPq/jbWPF/i2Gws2jkuobO3MEMFujNDDHDhkRI1+V14BZsE4z6ba+XdFu7i21600ZGYW1nI1vIsUYMSIrBXeIAEKXOWyMsCe3Sv7AP2HP8AgmR8Kfid+yRo/wASdV1q41Dxh4nsry60xrVA39kyRhkigu2bGAxAJPTBIz1x25Fw283daksQsNRTUnUm5Td5RiuRJe8tXJybVrX6I/BuPcBnvFHFCnw1gaWcYyhha+Y08PXxdOlThhMNTp+0lBzkoublJcsUuacmle1z+Pq/0Dxdp3iM6xc6P9piKvHcTPBsW2j5YMOysseCvfJOcdRDp8WueLr270nTm86WQGC1tQQJZirHezM21toAGeQSvBPU1+tf7X3wssfgV4o8S+E9UitpNSiaW3i+zOskZOXiSeWNflWRgDuGQdwA4IAHwFo3h2HwBpV/4pkuoG1PUV2aeFhPmWhnO/zEYnIODyTz2znIryc14chkWZzwWOlTqzhyuNSDUoRjeHI4yVl7y960r3b30Obg3xTrZtkvtvqjwmPw8p4SnRcWm8Th5xoyhdRabhKMk7tp20ep8dfEPwT4l8LaxDa66E08G3aTyN7COWADAaPtnAyw6kHIxzjwTXriOzikMFy1wzljGYnLeWmcBmIbO0j8Ac8tgkfX3xA8Z+FNfu7k+M7y6upINPkjt55JApadFZU8gbgGQvgFRjqRgHGfictp00klxbEx26zTDyptu6eItlWQbsbdgHHoMcHr1YbCqN5xUpJKVpcukrOFkrWX2lotrPqmf3f4W5nm+ZZHQr5jhnTqWTcnzOM3FU1eDulZ32SVrPytLYXOpXcTmO2nli+VX8xiyyknjaSNxB5IztzjA44MD+F7ye7jbEkCSzIHt2Cnqw+QISuVz6dDwRjNdJba3p32BcSrE0LAhkIVFCY2hsAcnsD94ccAHFPUtdhY20gl8uWVgPtAffgLgAhRnBcZ6ZOc5b10U8TzOMKXKmrKVlHV29GrWXXY/WKdSU1Zt6WSTaS1svK1nbrqkvl6jaeHrLRdNM0U8YMgC3O+UJIjBWPlxqpAbBzgNk5xXnE2pW0F5I7OpRpGZJGkJkj2Ek4GSQCDg984POK4HWfGF1HJJarNOXkbak0zPtP+0E52nPOeM7jk84rmbia91GIBcb4juZoyT5rFu2RkjnJwRxng5UFYbK58069eqpOTuoxtyrWLerT17NbJ6PQ6qOFjGTnJJvV2tezdm29GrPdv0V3sfS3gbWILe5v9bUQSu6NDbNKADFJg/ODkHPAw3BwQOtcZ4m11/EOrPC0ij94I1EPyPMWOGGMgZboRnHHbrXJaMb2LR3gdwlxOxZNxwygY4IHfA+Y4yOMgHk5tobiO+MxDCeB90WFAMjn7u0nkY5ILA8Y3EDJrH+zv31WsvebVkpfCkuVOy0t6abeaR0tN9Lq6tro9Fdrz8m+2u6ftX/CNNommxavFcNPqN/B5Ntp6ODLGSAq5RMsSepyDgk9cGvB9VtH0/WL6W5E0F1LI4khmyJEZgGYFWODycZZfxPOPZfh/rGrSeLNHe5tZNQntrmKOGzXE81wZT8sYQ9CCfvADHQ56DmfjRbyQfEa/ivbeS0umuPMktGjMZtSyq4gkIT5mXhiTgkk8nvpgHWpYiUJ2lzx91u66paJttWWnbR666N2ae2tkrprlei0vqr6e799k0M8My28YtyjYnRjKxlblHXLYIOQF6HJJDHoOOE+J9tL4g0a011ikhtbkWjpb8y7ANqybVBYjk4BXpnA6A8Rb3c0dzJBHIBE5UM4XKqpxt/HnGOTnHQE7emtfEw0mJ4WhiuIUjlR45Sf3hdflkVDwWU89BggDuM+nClKOIVSL1utNbJe6kndvRWb162vaxEU7tpe6klaz3jypN73aV1e9k+x4y0AYQeVA8UyvgBkxuAP3pCehz16gEA85r0rRor9I0ulSV7VI+WmOIn2N8ypnupwMdTgfWuEvdUmFxG7pGyNO0qlRkqpcsEZiM7VBAIPOMfSutbxI81kLLcsNqQJZo42G0KoXiMYGAxHIIyWyeBXXi4yrWXLzX5d9bJ8v47/de+rG4uT96Ktp021j717PpbydrHcHT7HVZbS5fUUilmcIysARGoyPLJPyjI6MTkE47V3OhahfeENVtbuwj/tSGKQM6Om+C4tgP3kWGBAJAKkA4JyOOK8V8OXUM9ySXaSJfnjjyflKYxuyAQOgOcDGMgH5j7l4du7ZUBuYpHhlRg8SkgRKDkSIe3qWJHbnAGPIkvYVoQuuVyh7qfvNWgr32u2r6dOrsZxjCLTjO1nHVOysuRe87W3u7Xvpd2sfZvhvVPhf8XdONpok8XhXxsluEm0W5dILW/mYYVbQnaAWJHOdxPbJGcm1i8e/CjVjbxw3thcGQOjSGR7OZM5ADBjG0ZHTnAG4DHJr491fw5rGnXg1m0guLa2+Wa01G2aQTQkMu1meM5UgkYJA5PfAB+ivhh+1BeabZweGvitpb+L/AAqP3C6o0StrOnocoJY5TmSURfNjLADHHI5+xwuHqShCpTumkmrXutnr001a16art0qokoqT5k9EnddUtE3bqv5lpba593fDn4/2mqRRaZ4oi+x352xm4GVt3YjAeQ9Bnnls8FuemPp/TvsOpwpPb3EM9rIoMckUm9c7ewUHDYzgkeuSB81fCFj8I9N+IOjy+M/gtr0Xi3S0USXehNMkWuWCn5iklo7LK5jIIG3djbyMDnK8OeOvGPw1v3tpGvYFglWO40rUFkjCIpJ2KsuDuONpKgnBI6ZY+3hM2dKXLiFJ293mdl1jv5bq19baGVbLaddc9Np6LZvVaaPs3d/NbH6IDTo45HAVJdq4LYUlUz0B4LEZOOAP1rEnRBOS0akBD5YCnPQ/KVwMMe+4Dk964fwX8avCHie1KX12ui6rFD5tzFcMscLIg3koxIVwVBA2j5s8da+aPG37a2keGfEd7p+m6CmraXaXJtXvDIEaYo2H8lVzwQrYIx8o7Ekn1ZZvhKUYTlNyTa0jryr3d07bJ9/Ld6+TVy+MJLnThyu6uk1bRXu3sr6Xevft9H+I9CTxJYTabNbQXlt5odrK5iSSN0QkkFSCMEjOc5wSOgGfxT/ayu7+18eXOhS+HLfw3p+mIY9Ns7O1FvFdROMm6faAG37dykZODxnOT+jmiftxfDDULmG31bRL3RvtM22a5iZXSFXYDLDKnj7xHYhecYr5i/bc8R/C74pDTPFfw/8AFlnd3+h6eLfVrW5Cx3FwpxsWAYzNKuSGIPy9ySK8rH4jBYunzUpJS+0mk2/hbuns7auyvcqnQjFWUlZ2s7Xu5OPwp31S100eiWx+YcdwisFuWjUKpIkGCy+ny5+6B0AIORu4A5zrtIr9wUkkmm24VQSW2jGxiexOeR0yOalvLeWOJ7qRYx5jCOPaQdnPXHPcjIOFGeCMc0rPfalGJDzEsCQCMxt1XIHGCCcnA65z0rxXRjBKSd+tn0vbtbW17b+Vm9IVO0t0tE3bW7tBq8mnq9tbadbbU5IpvlVI2Ch1WTIBDY/Hp25IxjnjgdP4fkke8RYIwqRBjMhUFtvG7ByOoGCMEZ4A3VuyQaVN5SSvHEXiRpo8Fl4Uk8/35OFyd2CxI+Wudv7q1tLnz9MR4YlCRkBggdwMFi2TkEYJBwD+QqLzqQcbu6VlbSKXu+d09918lZ2pNx5U7N2Une6dtLtfErtNPW6f3tdl4u8QWN3ZWFlYWaWUUAD3A2kbpT8pZSRuyx5JC5AJJGOq+DUkZmYBiIgzSIWOzDDgk5wenT2wcHgeatc3OpXDmfaAVxGVJGPTAJBOepB6EEH5un038G/hnqfiS11Ms8lsI4XuYkMbb7gKvy7SBu2MeRkgcEqT8xpU8Ny01FNtRbervrpd6u97WfXde7daxVozqxUfeTcla29rJW3v037t7vU63wlqMltbszGQs00bRGOQkgg8qw/2eAR6BeuDj9JPhjMx0DSWnuTLK8Yd2JIKjbwvsRjODx2I6NXwHoGg2mi3RSRPOdXEMsTk4jm8z5iwP3iMdcHBOR0Gfu3wWjWuj2iq4bcI32oudo2qQBkkAc9+ODnpmvf4aot4+nFyUebTl205ortbpsun3GOPhLDZbVbu2obXfMrOLu73tvorXS6tHvlvcBggUlyqsQARgnkjJ3YOeSMAkEcqMZH6Aad+w/4+uf2IfFn7SWj/ABJ8Ew2WpmSa5+H91q1pHr02l2sh82VLczLcNcDnEOzc2DgGvzbtbvyol+f5zucHcAflU8YPHIXnJGBya8Zg+MfiaBtd04a9rMulQXd2iaVLqNwdNi2qVYpaB/JxtG5uMc4xhhX67neDxDyqnDBVEqiXNK65uaEYpuKaWjd9X5bd/wA64W4nwOBz5TzOpKGHlUhSj7yXvVKlONmrttJNe931ael/ou38TzeEPCkcFjF9ivrnTo7uPUrctHqVjLa5kjaCddskbgjO5WBU8AgLXwLB461jxT4w1bUdW1C61K5nmukubzUJ5bi7upUZtrzyyks7KoCjOcZIGOAPYdA+LGkeIdFntZL0TahbpewygsHMabXGBnHyjaOB0G4gDIz+edn8RZNK8X6xE1rNPBLq1xCjRBnjAeVl3cKRuORlTyBkEhea/OaOIrYnBzhiYtOk3FJ3tFxUXv0Te/3bH9I5/DA4XGYDFZdJTo4ijTlJp3aaUG+aST0SbavrufpB4KtvtHhyWeRUIF26k/XhenXjPHGMDj1tSQCNXUoEYknIycjuQmDwxx1GFySMAAVjfCe5kvPBQupN6LJdsQMkEDG4bl5AIJHbJbOSORXVS3EVxcbVKEr8r5GQMDJJ3bTyOowNvB9TXyLSWIkuXltPW7XLpbWN9Nlfp6o9SjVjWp03L3G4xtd3UkuVKOivsvlzPXoY1rZ79/zAP5nDNzgYPBxwDwc4JA6ZINdHp9rKA+0s2SFRMYJABAZQfXg54zjnHaOwtomn+aTCqylhzg56HuGxgg/LnoMZ4PcabaM0ieVGGYElXcAhlA5AA3HjJO0gA8AivQoc3Mk0knbXffld1a7T2s+jbT0O6m/NLa6au9bdtet9VZdnqWfBumaNd61Y2uvWq3Vje+bZXMM0e6JmuFkiTIKncQxJB5wQMngA/BnxJ+FWoeC/i/quh6dYSQwR62l3YPEj7UsppfNj24XIVUHUHg/KSc8fSvxe+IOofDyXREtdsEjXcOpTTlR+7hhnVnBLA8MOOOOem4DHu3jXVdE+Jem6F8SvD+mLe302j6fY3L26bmNw0SiV3IQ5KEkB8Y5IwBmvRr06lOFHlXNzv3klrFpJp2S3aTje9kn6I8yfssXiXTaV6KSlJbpqzsra2smm7W9Onl3jLTLl/BsN2rzTTwabAJDHltxCrlSQCQSc9MnIzwDkebeBfEl2+lSWEkcmIpydkytvlUnBRcglSONwHcnrzu+y7Pwp5/h23tZY2ileCGSeGaMH5WU8PnGSpye47Hnaa5zRvh3pEFzdxS26eZK7sriNSqDOSoIIAHcjqecjivr8jzRYadFVVaCi7xbtdySbV77pJPRJ21bOmtlsq0oSpcqTik76rW27bXveTWvkj591Cxv/ABHbSWs0Y8suBbq0YYDbwFZyMnGOQCTkHgkivP7v4UmWUq9uUMrBThGaJuT2C4AzycH6gjp+gVn4Gs4VAhs4yQCdzDG8FtoK8H+E4G0g54J5rqNP8NacA0d1YW0oQbSrpllYYOMjB5AC5OMcDIJr7+hxLTioRjF7LW9o2933X11b0av1tpY8XF8KyxbvUlHVW12taLs/yvu/xPy8uPgdJIwMSQyKG+Rdg+djjjJ52k/Nj+Lb1Bznk9X+Ct1CGdLRC7HAEfzFdpyVC8Ang9SOOc96/Y6Lwh4cuPu6XbZUBtgHKuATjIwzcHkAnGR3XNaUHw+8M3RcyaJaDIwVYBnZumMjgnGTwuSRz3x1S4op3iuVNNxu7JraOmzbbXVtdX6+U+AYyjdVIpy3Vr68sVa9tfVvVO7uj8LZvh1qWnszjTnYKOS8YVhxnOOhYdQOeg2nORXKeIPCWq3tq0d1ZGSIhwEeJSI0I42YGMkYwT82eSOfl/fyb4PeE7rf5nh20KyKAGCqCAM44xwSWPPbBxjk1zV1+zx4KuFfOgp+8bhVGEK9MDgYGR9773A5xgDnq59h68ptXUVHW97N2SfKrWtrotX8znqcDTp25JxVmrt3TXw62td9Gvw2P5yNS+HF2WAt9NnRdwY7YiwLAjBG5QcZ54H1AOK6nQ9A8TWU8UbwXk1uYxGIWR/IKgHhlxhF6ZA4POc5NfvjN+yv4emAEGgiCMAMsr52sCCcZ288gZP0Hf5bQ/Zm8M6bC17qNhZW1nZIZbiaaSONY40Uku+cZwoyR949eAePNnmeEpfvFyR5Wm2/djHRWerirxTaeln+Jy1OFKtCLnUqQUVa19Foo731Vm09nfbRHyX+yZp/jPSPDWpXWn262MFxeoVhSI7CVIxIEO4bSCc559Pb7RvNI8I+J7M6d468DaRqruFWe6ezj89sn5nR1TIbDHB7fXBq38N7r4ZXwm0fwTrmm3VxZ+aLyztWVJB5JKsQmBkKRyQMYGVzuIr01dDtpbgux3q+CgYk4YZOQdp9AOpz1PWvsMhzbLsdhowU6NeFrSacJq6Svrraz30S2V7nh4uP1flUXb3rKSsr/CtGn0td6eq3Z8oeJv2Cfg38QQ03gfUNU8H6sSZIYS8k9qrkMwyjACNQwIyM4yQAFyB+TnxD07Ufhd4+8UfD3UJzqGr6He/2dHcJNm1uXJxGMMxCllI4PAGTyAQf6EPFnjXTvhV4f1PxVq1zFaxadatJBDlFubx1RisEcZOSzMOxB4+bpmvwd+Mdp4S8aN4k+Lxv7mHxP4k1UzjSLxSVRmkIR1I6OUwoIPfBGDX5Z4k4/K8DyxwLpUa7lJzjSaTtaKi3FO+stb3vqldas9DBP2sYqp76bXLGSv8Ayq17Xdrb93Gyb0PXvCXwd0a98G6f4t8Q/Ebwjokjwi5vNAe7jkvbWEMdx8sEkzNyFXI24UYPAX6L+A/i39kHwXqdhffEG71PxjElzNayWewpaRswIgnhYBskOR83QAbsnGa/FhRqU11dwfap4yDgRNJI4YkHIBJ+6GJwh464HBzr6RqeuRSCwfd9kR1LPtX90AQCQdxIC7TySMY24z0/DKOc5tCrKUswqxhOV4qk1ScVeLiuZava101ZHo4rBZPWpKnLLqFR2tJ1YwneXu3vFpW31WltL2R+r3izxr4StfHPiNtAuYrPwrcakbvRrZ5FmxaSsfKidiOCikK+PcAjkV2Xhv4g61pmoW+qeEfEOo+HbqIpcWd3pt5NalpIsuAjxSbfvDvgH5hjkq35r6XrJXT1tXYXb4d0lOTINuSA/IIGOMckYHbJHpvgjxpqdgIYbx3l04xuqwmTEsbqSSqnOcY5XB5BGSrHj904S8V6mAoUcHj5SmlGMI1pNyk7KMeabbd1v3TTv2R/LPiX4C5fxLPEY7LaFGFZ3k6HJFJ/DfkslZpPur2TTXX+gz4Hf8Fevjj8O4ovCHxLj0r4seFYVS3vNM8TWsV9dTWu0K0YuZ0dmUr15ZQfzH254f8AHH/BL/8AbMskt/E2kTfAH4hX0hU3umstlpcd5McbxCgEMq+a3RwmAOoGcfy0W/iZLvVIzYupEsayOxO94dmAUbaTtDdGwR/ERgEg+yeHdQtkUXFwyK8wOwIxQoQDhldSSGwARyM445yK/U8s4iyvN4yqqr7CpVaca2EmqE5tuNnOCTo1NbtxqUp3u72P5m4j8P8AiHg2FGOAeIisNG8sPiqVSvRVrJqFSMo1aPNbR06qS6Lof0AfE3/gkd8QtP059c+BvjDw38Z/CcjG4tVsb21GtG2ZQ6g28UzRlwhxgt14yK/PPxr8BvF3w/1CTSPGng7XPCGo2odJPt9ndQxFxlRtutnkEE/7eTwAATXB/B39qL41fCK8ivvht8Sdc02GF1xYXGoXMliGjIIU28jGIox4xgAgnHBIH60fDP8A4K4r4q0y18G/tSfCDw18SdKdUgu9at9PtGvxA+2NpVh8sFnCuzeYsgbILD1r6GWX4nG4ZqNPA5tTtZx9zB4xw6e628PWkrrTmopvmcV0XPkfizmGQ1qMMfDMcEqUkp1FKpjcIrct22uXEUYX2fLW5Vu7Xb/GrU/AN0o/tKOaaWFVcOYZGbzFGMKwOCcgYYYJHbGBXPeCBdeDfGemeNdEDWGvaRdRXOmSSwBkjmtnV0Lq4KsjlQCpUgkjscD+i+X9mf8AYV/a3sX1P9n34qR/C7xdPF9pHhHXp4ooDeSAt9m8i5eOOFGc7f3QkIA+6cV8HfHb/gnt+0F8Hp7i+1jwSPFnheJHaDxN4SzqNk0IB2TS+SrOpZCHZQpAOPoPzbNuCeGsyrSw+Ky/6riat4zw+MoeyqSTUb8jkuSaeq/dznFq+rSsf1Xwf45Qr4fD1aGbQrQ9xupQre0pxd4pKdm5U5dHGpGLTaTs7lO1/bD8E/EcXNl+0D8J9A13WtVht4Y/HnhOzg0jxDpkkG2NLszWwHmtBjzOxLAEZ7es+Nfgn4d+OWj+HLn4R/tLp8RdXt9NjttO8B/E2/EOraUhKk2OnT3Dn5kH7oZYBsBe4z+Wt14Tu7G+uI4xNbzRBsw3kUkVwrpwV8mUKwAI5XAzj3wMuC41zRr+K+gmu9NvrZg8V7ZtJBMjLjDI0RDBgApyvOcEc8H8T4k8Aq2CnLG8KY/FZbiU5ThQaeIwjTs0lTlK8b/3ZR8rtXP6V4b8Y8Dj4woZvh8NjqE3FKquSNVX5dXJaO/S+vRvqfdHj/8AZU+L3wy8LeJtd8TfCbW9KsNFtY7m78X2rR3/AIetYwP3ju8PmbkYEsrAHAGM8EV8ceDornXJ/EUtp4p0yz0u00uLUm0uZES41SSMqElghY7+eeAMjgAEc17HB+3B+0bp3w58RfCafxre+IfA/ivTzpurWesqt5eR2xYFzb3ErF1YFSAAeU3DI617B+yL4b/Yo+IHw98c6D8Z/EVx4K+NN6BB4O8SyhrXTbOyDBbZZvLLJINzEzIw6HcRng/D4bNeJ+DFOPFeDliYU6sKUauChNqVJtJ1KkG+aMVu1dq2j0PsMTleR8SylWyOtClKpFSjQqTcG3eL9y2iTu9L67u2p8Ca1HDqN/eXOQWkkXbA64QAKAdinOADtI9+OMkVztlpV/Y6nb3Fm72TQP50c1sSrKcggFR8rYPpzjOMGv0R8cfsD/GW2h1zxP4As4/ix4K02RTF4t8FTJqME0RUENLDExeNlXBddpIO7BIOD8m6l4O1fwvq0tprVleW93aQKb61mjaGa0dhgRzW0u2ZXBzwUwQOCflr67KuJslzeccRhsZSfVxk+WUeVr44S1i09Gmt38z5zGZDmmAqKlUw84q8VzRvOL2fxK1r2utvLdnL3vxSlsYY9H8V+HtF8UWsspkfUHso4dUQAAgeeBvLDkDvnBA64+eZEsPFfiXVrzRLm68OyCXzNPjeYkrGmfkL5UjsCGUcdOua+ntV8Dpf6fLetBHciCJbqR32wTR253E7VO0jHZs4IORk18rWN5pg13X7O3WBmW7CQNvKyrnCkDIGR97PY45wckfQU6kK9SDhUhNSd4TjK+y+a37X9Dzq1OvhnapCUdFZSvFt2XfS29r6u9rvY62Lx14z8JGKPxLC2r6bv2rdRgmURDADrIpLNlQWKnHOOwNeqeF/Euh+LHVtH1W3N0yNnTb90Sbdt52h8cgghe5zxkjFeN3EGo27R+W0tzCoGbe4IkhOSCy5fdkEHIOOmMc5zh6roVre3C3lnbzeHNSWJpVuLYMsJaMcMSpAjZjnnHA4yciu+nKVNqLfMrrmTjeVtNV0XZrTVNNbHPDFK6Ti4q6V7PTbXW1nr23vpe59GatpVrCk0et6QLV3Y7Z41BXOSA6uOm45Oc4PPUAivPj4atS7Pp915i5ZgA3zxt8uChBDMR7DkE46ZrzXRPjD4x0GM6V4mtV8T6W5KIWYSXMUanYJRJ95lI5GeMgYPNehaV4h0jXFe58PXUYmQEvZH5b6BivKCM7S6rkAEZPQ/KSAc8RgsDjI2r0YSctGpQjJataO+jve2uj120PQo4upScZUqri3qnF9dHa+99trPRq+h6n4A+MXxt+FN9FfeDPHnibS3tiDHbLe3Eli68YV4HkaNlOOVZRuC44biv0G+Hf/AAVL8aXU8Gg/HnwRoHj7QEjjtbqZ9Pt2u5Y12qzyQsreZJg5bnJOAc9K/MWz1h3Ux3catJE2DvVo5ioPPULz7Z6duoO3Yw2F/cLcwQQAgkOdoJbgA8AYEgOFyQVPf5iRX5Nxh4K8I8S0qrqZfSw2I5eanicKlh60ZSslOM6Si20+99Fd6M+wyjjXNcuqU060q9LmjF06j9pFxvFO178umjtZvXY/o08EfsdfsFftueHLjxb4F0ceBNc1OBWuX0Jl02SzvnUOTLaoqo2xywOH55Gc1zWvf8E9/wBqr9k+GbxR+zJ49vvGun2yCdNBurqYTSpbgt5Z05nNvOrxjAYNuyByASK/PP8AZY+Nnin4StL/AMI7cPFZhlD2jqEhkGSZNxDHDDk4x1x26/tl8M/+CgVwNKtLTW4kknVFLG4kySjAAxCQZLEjJUdBjGT0P8V8R+C3HPCeZYieFxeOzfLIuVbCznVliKtCMZJwhOnUbbaj7t4Sg9L9df6CyTjTF4zC4eWW4rCThVUI4jKcwhTlTcvdUvZVuVyipX0Um7ab2Pzy8If8FS/jT4F+I7eAP2lfghd3emzFIbu4TSXXULO5hYJJ5TTRGKeFtpbYJWHOwCvobxv4W/4J1ftxi5vbLWoPgp8UXtNkd40cehyPcCMfPc2L+Va3Dlj8xkkDHDNySCfu7VPFH7P3x3jsW8T+F/D95fSlZIpbyxtjfQysA2+G5CrJkFiQd3bivhb9pj/gl94Q+K6z+Jvg34lbwr4jT/SDayzs+m3ciqDGrtGytbscAErkcnHQ10cJ+N3E/BOcYehmmHx2XUcPKEJYjlrOHKnFSuppzjHRtpSmoqyWiPpsZl+UY6hGv7DEZNmT1vhpxlg6msbRdnKm+Z7KUFpLY/Db48/snfEL4ceK9WsPh34t8PfFvQ9Oadftfh3UbW41AxISA9xZpNvikCAbxGMk7toYDNfBHibTdT0XVGs/EVteabqJikKW1zDNEySEfMreaFBy2RuHJABA2qK98/aS+CX7V/7KPjDUdW1zTdX8LGCVxb+LtDe8vdI1GCMnEsjLviUSAb23jJOOvFeDaF+2lda3LJpPx18F6f8AEbS5oltx4ksLeOx1yxiwEMsc0S73dFywDkMxGSBxj/Snw28dMl4kynC4iWKhjHJRvXoVI1Ic65b88U7wkusWlZ27H4rxXiMRl1epRr0aijL+HNp8sou1nFvTVxveLS1SXQ+j/gFdyf8ACPpA8D+XDcMLtlJYMGdApwAAO4OB3x6gfq38G5ra5UxYhDJHH5RjBDEnGNowNuD1OOoAGcc/n18FPh94D+I1qt7+y38UtI8RazdWvm3/AMNfGlxFoutWtzgk29o07iO7KnKoxkBYjbjnNfVHg3xZrvwp1u38O/GPwN4j8A61EgT7bNaSS6RcsXAEkV7GGgZHwSp8w5GCoBxX9k8D+JvCmY5fTy6eNhSxSgqcI1Z8sdI8qSd1Z3laz87aH8vcX8PZjisa8fhKU6tLni5csXzxTs3pvZeSe2h75+2nbSf8M6SXk1tvns/FegT212gK3NuPtUIba6sp+ZThsEA4GQQBW/4G8OeG/EtjYLqVzqGkm40jTEizOz21081pGGlmt3Yo5YkN8xwTnrjjD/ai8T6f4i/Zm1GWyeO7tLjVdDltpoCs2c3MGxnwcqxOCQcAYJzgGtvwtexS+GdAkEI8620zSVJRMgRrApJJwM7R6ZwTg9RXr08XL2mPlCqqkFyuDjK8bO1tVumtn990z9M4BjNZXFSlJTpyafPdSTUYNpXu7J90utuh5L4F/Z08A+Lfjx4q8CHxDqul6ktsb7w/418Nk6dDbMrZlgkhgKpPNCzAOGbBxyACMffNj4Q/am+CVla2Hhy4svjh4SgHlu94Rb+Jo7SEEMwOSZcJ9zvkYzyBXxJ8F9O8T6P+3l4fiS7+1+Fdc0C5vVsFf5Ybm6Cs3mAcghwORgN6jAz/AEO/Dvw6jeK7GOSMMI7R5ZrdwCgC5ICjqcgAZ5BAOQAc18BxTnEKdGqqtOE4RhadKpFNupH3eeE783LKycWpLW+l2fo/DnFGY5ZmypU6zq0qco89Od7Jq2qabupbqzW7uuh+Zun/ALQ3gHxHqX/CIapcX/hbxobcm58K+IoXsWjmJCtBHLOiRSqG4BMh3Akj7wA8a+O1p4hHg7UrnwVFb2+tx2s81s8zrLZsyjdt3BirFh0CdDjB5+b6x/bGi+Ekvx/0nwb4s8KabdSa34MvbiO9SOGz1O3u41UQy2l7F5cvnjcDH8xPA+o+UNV8B+MPhjodhJ4PsdT+KPgiZ5LnUtC1B3udd0a0JZmFrM2Xuool4CsW6EAYJNfiuLpwr0XiKalSp1YzakpLmpt+zS3g5NNP7Lvd6pqx/o/4OcUUfYZdmNVRoOooVfYV5Q9lW2Xs/aXSTlraM7X5o+872X5NSftRfEnwE7RfHf4dajY+HfNW3t/Fui28klrKivsMrlFKopHzNvYZJyeevsPhX4zfCb4gW0dx4T8ZaXdSyhStpeXEUVwN44haO4KfPn5SFxnnAJwa+4bi/wDhj8Xvh5qum22g6bvszPZ3/hHxBDFb30Uh3RsBBcBXUqxKqygjgN3U1/ML+2H8GfFvwI8c32saLo1xYeFp757zT7rS5Z1bTllcs1rOYeUwM+VIw2KMg461+XZpmud8PVYV8JXePwVS6ftIOM6TvG8eaNnLbRtLTds/qqvxfhcywOJxX9mRpU8JUtiMLZSm6UkmqtNR0kmtXZWtaV3bX96E8O6ddQLKbK0nV1LSsjI0cgbnMbJwASckfdB9OMTweBvDspV1sx+8+8sJG9DwNu04yCWIA5xjPGDn8FvgP8WP2hdWtLjUvhR8RzqtxpRjNz4S8V3BuXMYBzFb+a2XUlSMqDgYPrX1FZf8FEfjL8PrgWXxb+CN4DbMFbV9HjlMbBcqZlWOMxhW5YZcAg9iSzThvEWi/exSnTcLNppSV7J/FHSz1WvTq7JHxNf/AFWzim6uIwU6dGeqr/V1Vop6JrnpqfK9OVqVvRH6hz/Cnw3fmWMSG3LBgyyISck9BwNq9845AIGF5rzzxJ+zzZ3SvFYX6SOBhSoAQBhwZI1XGck4OTk5XnkV81eE/wDgqR8B9ZVY9fj1rw5cuVS4TULDEakkkncAThSQOh4HQdvpTwf+2B+z34iQ3Wh/ErQIJ50Ba1vJI42BJ4UhyvIA9ccdOpH0GE8RsnlFP21K7aunLkk72d0pNLutdT4fOfDbhjNoSeEq4N3WjpzjCW0bXi9dml062R4tqX7OHim2ac2586NQQrwAZIGD8y4yF4GSAR1wN2BXmmr/AAa8daXKFgtYpCzBisZBZwcfLsOW3EjkDJB+7jNfolB8YvhzcWIvIvGXhnbIhzKmq22H3DABQSbhk8hRwOF4GQeL8QfGL4GWCpd6n420GznjHmiT7XbTZfk5wshAUAZycZ9DyD9BQ44yjki5YqjTvtJ1oxsvdvq27S30SW33/jGd+BteVSUsC6ko81rRtKzfKm01dWV7pLvZa6nwNd/D34hWJU3Wg3iLK4KnynRZF7kNgbeCCRn1+lQzeH/E9kn77TLq3CsTvaOQIFIxjAXBO4MvqQAe4r6i8Sftefs/WUMq3nxJ0q/EfyQLbLHK0ZxgMyj5Tk8L3zjk8EfJPjH9vf4brdTWeix32vW8JcQSRaeD9obBAxtwwBI6gsOQMkYxvLxT4fwSSnmUZbe5CSm76bqK2dpNNW21VrI8Kj9H7O8ROUJYmnSg7KM6soRd3y2ur3utLaNu1nfQsBNQgRXeNxI4JKOsh3ds4ZMjIwuOG4+71NM+3S2yIZrcRkEkMytk565BA6DjOQcgnkHNeHSftQeMfG9w8PhP4bahdS+YBbgW75VTnDNlcdQCehIA65r234XW3x18bagmn6x8NpBbTAmWeSNVltotxHmcD+FTn5SD/CeME65X4tZTmeNp4bB1MVP2tSNOEo03Km2nBXk7cyV97tW1THm/0csVlmV1swlm9Obo0ZVZRcG4/u0m7Tsrt6JWdteruWY/EQiOI4zJGxUDy9wA65bsfvAAKSM9s9K27PxG7kOsssRJKhSWwMg5JyT1HJXAHPzA9R7Hefs838iyG0u4oLrzAGsNu1w2c4ywBGCwBKjBwcd65LxH8B/iNoMBvItNknt1i8xzGu8lV6sCoJzgnAHck5IPH7BDGV40o1XOajKMZJxaa1Sfe9r9+t9Xufy9ip4TC4qrhVWU50pSjJRW3K43d2lfmt1vvo1cw4/EV+6/I4mUHO446jsOM4OPlJAIzycc1ow+JSij7QskbhhzsyPVQDyAG55HHQY6V5xbXr2lw1neQvDNEzJIjKVYMScAhhuyAvGBtHOMnht6G6aUFAQYsEBm+cA45GOpI3cnqOCdygA+5g8ym0k6yeium2ne0d3v626eepwThSqqXKr2fM204vS1m20k7qz/AMrNnocHiWC4A8qaMTHjlgxKDAztyoBx688YGc4rqbDV0+QmQ52gfu8bR1JHBA+Y4HTnPGQa8SNlbOxeJWEhB3rGSmB13YAAILDoM/VSQKu2H22wmUlpSj8gyD5OuMMAThgcYPOOQSD09mjjlUSjUm0ttJLV3XW1raa7X+63BUwMZJpq3MkrLe1k7J2+Vua7s7JqzP3R/wCCTMGl67+09ps2oGxkXR9CvbvT47hohJ9rG0I8DOcmZAxx369gDX9WE8q7WYkDO4Yz0AJ6gE4HJPPBbJ9cfwK/An4vX/wl+Kfw78Xadqk+nTxeLdGt3e1mkiW5huruOCa2nKHmJyx3IcqxAGABkf1L/wDBQL9vvV/2Mfgn4E+LOm+D7fxnB4l1PSdMv7K5ujaxQJfWguFmSZVJLcNggck9MjK/zl4q5TWqcTYTEUZ+2hjaEYUop6U5U2k1e70fNzP5+Z+E+IeEeAxFSu7zhOkpqKV3aHLFpW3vvdtrXfo/cv23PBFv4v8A2fviMUjc32j6Rcaxpv2VN9413ajKR2+wGTMhbA2Atg8ZGK/FTQP2efjx+0/8D9EuNJ8E3emHwBHHbeH7fXnn019ev2MiG4njk8qSWKFihRnUA4PvX7DfsH/tO2n7bfwJtPjJeeG49AivtYv9Mbw7LKt5HB9idMNIzAmQOCW2txwMrgV9o6m1tpFhLMlskUEKGXy7WFYUjSJd0jhEVVAREJOQAABlj2/A+IuE8Djs6wuLzKk/rOXQdGMYu15t80XNxaTsnpv21sj8Y4f4cji8fDOY1alGnWkpOhC8ZVZQqPllUta1mkrRve2um/8An6/Ff4GfFD4KeLvEPg34wEQeOV1G5l1OwinNzDDbXTFrWaKd3d3iZSqIhAAC7RzuA8G1LwnZTk7F87+FVQbCrBuS2372eRjhcnj3/RD/AIKQfFrQ/Hv7UHxE13Qbs3dh/azaHbX4+bKaaAsse7owV9y5yejdOMfAdvdeYxYy4xuIbgA+m0EYXJ459ByRgV/dXh9hsLheE8noKPK44SDnGTblFyipWXNsmnorO737H9pPJlhMsyyE7RqvA0KrV7OLnThO2rWln2enXU4uXwelrlo8lTk7Cdu055baMgsOTnBx3JH3cyTSBEHQw+cWY9FJYrgcNkAFV4yc+gKnt6vFNCZAznzByCZeV5OARyeMew2/hg6iJY3EihViiZQV8xhu354KjIC+hJPGMdzX1jweFqRaapuLit2m3aza0ttfdbWV0rs4HWxFCp+7qNK2yei2vrGPLrbaLtv1Vz54/wCEftA7b9NEu7LMypmRRuJwQRnbjOTz78jNU7z4a+HtZYvc6FbzxOAhils4ycdTk4IJB4Bxk5K8gCvpVrG1DIqiNZM5ZkjQ5DDODjjB6Y55GOikASzZGVIo0TqCNo2t7gDGDzk8HBPAyBjxMZw7gKyfuRs7NtRi2vhtok3slZ32tvozaGe4jklGrTjVS0UakVJvSKWrS00Wi639T5CH7Gnwy8bXhWXSBZvK2xRbqImGSOgUAKBnHJHOMjPBmuf+CS+jawk8/h/xDe6cxBaNJWR4xuXO3fvJ6dfT88fol4GfTbNYpZ7ODzUbJdshgGwGZSOc8HgcLjvxn3Ky8QaQqPDAksTFMqiT5UcZBXDA7j1xz8wPHGa/MM/4ZzL6xFZbThGjFxb5opNptNr7krx01ezWj8jE4zJ8RTl9ey6k5OPxRvBx21Th18t1oraH4F+J/wDglr4+8O3RTTvF1rdE7iiu7Bo9hJYHaclshhgAAfUEV3nhb/gnx8RL+Twv4Q0PXJNa8U+J9WtbCyihllidXkZUMRCdIwxB8wtwOe+K/YrxPcRzoZ9PjlFyF2NPLJlSdxyCSThiOCDkY6k8k3vhdceL9A+Ifh/xfpGf7U8PW09/azQxedHFcRIZIC6bdrs5XAPJyM85IH2PDWU08Dl2IrYqCjjFTvD33GHtFblvFNWTas7Wsr7PU/lLxVli4VpwymlN0G78ipKo3eS01V7Wv6vyufcn7DX/AAb5aFBcaV46/aR8aanqb6MsMKeAtEubgWTzGMFzfXzMZPNR+qKpGRjjANfph8Tv+CIX7Mfi+2tX8K3fiTwBdWgCQy2N/LOCNv8AHGxALE5J3E5yCBzz8h/8E1P+Cgvx18ffGHxb8PfiNqEeq6bB9tv40vrNrMWFyszrFE1yFJKOoBUE7c7TwMV+6Ol/H+8uLoR3OiQXlsJZVuXspTIqbSVUfd27iDnBOG7kcivzjO8+8TcqzOpVy/NK0MLTUXTp4aahhlBONlKnJNSkrPWfM2tnbf8AC6uUeEWdU45bxllsFnFWX7ypWpydeEmotSp1qD/dx192MeXaV03Y/kc/bV/4IgfH34e3Go6t8BtS1vxsyh5kt7md4HurWFS7ta4kG+bACvExUfewW5z/ADi+Oov2hPhv4q1Lwz4z0LW9A1PRpLi11Kxksb1GkEDlSpdUKSFtvJUsDnqAwz/qwSfECy1K2R9Q8LagYZ8rbN5KkoJIyQ2QG2qQerYU4zzjj+fv9vT4P+Ez8Tbi/n0rw9cT61byXLrPZ2dxdWKSsXUO+1i7uf8AWAjjBPHb6fhjjniLi3Ewy3NJ1MNi4U7vEUGlGtKKXvypxfKpXV5OCV23psduW8B8N8K839lSoZnlFafPSpYujB18Kmk4xVRw5pxtpHm10fvXP4VL34ufE3TLiWT7Tr5huAiw2zx6lbpDtGF2qigNsI4O3AwT1rjdS+LfxNu5rWW/vPEFyls7+XHJb37oQTuIyeW6fe4yBxwBj+qbXvhf8ObhDby+GfDlzcRgJGDpVurAg9QwTrnjB6Y7t8teLeIfhH4Ss3ATwt4dJZ3KkafACoA5UHy+T6AEE5/iyK/RnkOdyjBrO66i0nyuDk09N+WS6dLPRXv1PRli+GMPOLXD2Gq1L6zVOm3fon7r13+8/nBb4o/E+YySWFnrji4t5IgrafeOQj/fZBg4OACOAvqpOcej+AZ/2gtVsUTS9K8R28AAW3uo4ZoS7PliMM4IIPG3BA69AM/uBefDXRVtovsWnaXGylxuWwhjERII4/d8jpgnPGCOBk+m+AfAGmtaQLPDBHFG4AijRAkzKSNw2rtGDzkcEA5AxxtgsnxOGxXt8RnFarGCXNFKz+y/tSlrpsvnsfOca5zSWTT/ALN4awlSrJJKNSjzKNlF3sorXu9WrPvc/G/TPhL+0N4gtSmqxauJbmMLiWZkOGAwzlW4KnksNpyO+Bm9YfsefF9rtJ9UmtV81ov3slxvmRQQS28tkuAR/CQOOwAr9y5/D+laZdENZxNuUgNI3yooHGFIyAMcgAcHBAIyOO1nTdM8xZzcxAfNJDHGwGw5/vZ+YsBgZAPPGcc/U1MLl9enCpUqVqvJaV6k9Gk4u7urbpa7tvufzQ+L+M6NWphcLk+Dw0KknG1PDXteyTd1y37aPS1lc/Mq/wD2SMQCfXdeu5btII8GVR5SMqYKKygn1P8A31tIrwDxx+ytbyXCOfEF0Y97MsYRsBcEfIeGYMMDnOAeCSST+tHiKayyUluBNG4BKF8soHG0Dkl2I6Y9PcV4Pr5t5XnliQymLPlxNFkkMNo5GQMnGRg88jjivm87qYGph/ZKmnBXUm3J30u79W7JPprZWufq/hhheL5ZhDF46tKmpS0p+zUY2bi3eKWuj0vtax+fXh/9lLw5G6y6vJcXapl080bID3+YnPBPLAZAz/CwBbv7b4f+C/BVwI7HRtNW5iRWFwY1d2cZO1ScsvHB+U7ckhRgmvatR1K6idkkV44SyhYyuGUdWAYegODnAx7Ak+a69LayMcqm45KsHOQWyDnJJJI45DdD0AFfmGPwmDp8k6dKCd1JNR1fw6tWbu7qybP7KyyhjamGiq9ScmoxbSdo6Ja8qdna+qdnbSzehzWo6oqnKW0ZSXhgG+VQDgqMBdo9BjHQddtcBrXiR7Us0dttAbrCwG5VJGGIHTlTwRz/ALOTWxqAuGd8EsijcApwpUdRx79ioYfz4q7iednjKP8AvTtWJEaV2J+6AFBYnjbuP3uoABOPIrybqNRvy2Sty215Y20t1fmvuufRww0I0oc6je34Ll87W1smvxVjVsPFyiETRujyMQWjfJMWDkjcA3B5yQSMZIJ4J0h4xvbraDyi4O4yEKeASBy3XgewGepwDw38IPGHiQIdI0S4jWXAe5uI3igCHndhiAR34wD8wIAyK+gfDn7ME1vDDP4h1ASSKQTZ2gLpkE7gWGFHy49foAOfOq4HE4iS5qXLFtLVaJaapdG3Zap31t0tr9YoYaPKmm9E0rNppr7r3Ta1s9tXd8N4Q8UX8tzbmG7vBOJUZI7Z5WIwcDJUj5cDuSeCw+bFfaui+K/HJ0yGCbWLvSYQo2ytdTefOmOIzGGzk8AkgcZLE1haF8O9I0S2EOk2NrZyRpgTuivcFl/2iMgEkE4ztznnOK6q20dbdfNmlM8oBw8uWCYORtUkDkgfKOAe/Ga5auU4ejL2lXlqSbuouKd9lond9NLdNWuiTxNXEw5IQsmr8zTd7tRWl0ru2is1ZmClpNe6h/a2sXd5rGqQFm097l3aGyjJ52K5IDnOSeTlm6dT1lqzOUcSHzwdzjIZsjJwN3UZxx05wSec2kt4WRGbJLnazEYAB4Khc44OSBnA3HnFT+fpmngZdJHIwI921twJ5+uR1xngkgZwca9dUqfJTSUUvdWis1y6PzSXot7a3LwmV1JTuleU7XlZK+qWrSSvZKzu++x02m3U0KBnjeT5hkMdqYIzl+ny4U9++Bjknbm8TabY27oHzO+QVUrtySMqWz0BAAGSW6fMa8vn13zkxC8qxnGTuxkDkAAZHsMfiDzVOJVmXzHYYbPykHjHGST1fgDjODznivm69aVWLTfTW2v8qSS7X0sm1rfc+/yfLqWGSlO3O9bbpaLS91q+17aXXn2L62ZndmwUxtXjGzOQCFwcjB5PHbgrQlygDOxjIwR0KMAMdOM5x128k5IB6nFhgUrk/wAIAVcfMM4OS2eSCp4IAOfQZOu1rCJF5d3ZA2M4GTjJOedvc8HJB5OQD4E4b7bq6vp9q23Z2a76H01KSSaXKrNKzdtLtPa1lbVrT5mzBdW+8LGuAI8BpG7g4IHOTxkHIAznHetNNTOQB93YCx4JJxjAAJJJyBgjjHrkHBMcEahywDsSCFGF2jIyvPB6Z2jOMZGaq3eoWsChtxUrgKEZSDj1X/ZB5HAXnAIHHL7Pnnbk6b7v7P2dVt3V9NFYmVZUnFuWm6+5J3e+ul0vzZ2I1RRtWTfJnlVzj5SeBhWzyOcj5s4IBAO2DVdai07SrzW7gTrpdiim6vU3G2tXb7sMzjlWc8KMkHsCCceU6r4ut7NPMknijQ5G8EbwAMHAJzk85BJ5JwCTz9G/s0eMvC/xU+HnxD+Ft3otvqLabeLq+u6pfoGL6ekTSwQJn7o8wBcqwIGQPSv0bw24JwnFPEGHweYqrHBtOVRUlGFSS9xtRclZO71vfRK3n+b+J/H9bgnhTMM8wNOjXxWFUZQpVnywV5RTlOUfesldK339/Gk8e6Lfaetwrz2aOXktluIpImu0j6tCXAaVH5IZNwIIPHNfHnxD1v8AtXWtQ1CJgsRhZQSA3lnJVMnbwyjJJxzjrkGvqD9p345aN44h8DeF/DnhPR/DR+GthLod5e2FrHBNqshZo03tGFL7FXJZjuOccMK+LJrWeW6lF2pWK5jLOHYsC0h24BI6Als9Oep617nG/B+B4WxmYYfC0pUo0ueKVSUak4xUfdlNxXK07Jysk0m9LrXfgDjTMOLuHsozbGYf2NXGQpVZxjfk99RacW9eSTf2tX100Ptz4pfAb4ifE79ge4+N8epWYsfhhC9vHZoscd3faRcqVu7jz1xN+6BVUiXKlmyODmv58vDt5qunySyw6dcrby3tvKl3cB0ZSk6TEJJnOWKL905weR3r+wr4veHoPDv/AASh8TNpZnsGXwJYi5tYFcRyPcE5vJ1HylBuUsxIyoznC4H8wngnVNITwjZaNr2jwalLFMXivQdxmLIDvIXqRlSAWI4x0zX8N8J5xXzvOuIcJFKrTo5xicLCUUnBK65lbRtbqyer0P6Iz7KcPHKcBiq2IWHmsHCaire87QvtZ3d9tWtX6/6B/wDwTq+Pnwb/AG6f2HvBfwz8UwaHdDR/Bdr4G8T+G767hF/HrFjZiCHUIbaQib5WCSQ3EakqwPIIr8HP2rv2Ffi7+ylq3iDxP4qhsT8NJvE9zbeFNctyWjudNkkeS2tbpxnybmOMqmGADY7cAfjX8Cv2h/G3wQ8a+GPFfw48S6l4TuNB1KC8+z2N1KljfLBIG+z6jaq4imjYIEZWQ8E+hr+sX4J/8FTP2TP23vhzY/BD9qm1tNI8VarPCjw6gyw+HdQvYVSO2urW7IAtp3kBc5wAX5JANd+PyfibhfG4rHYejPGYGo1yKkpXg3ZuM4xhzKMUrQlFNWfvWZ8xk2Y4DCYyg6VX2+FnU5sbhnUUakZWt7WhzNXl/NHXmS7pW/A7xzpevW3wx0XxUdD1+LUNc1O5TwxHHA00er2VqBvmt0Xc00Ei5XKqwIBGOTX5rfGD4UJ4mtrzxT4e0yW01KJnOt+HJIpI7yC4ABlmWAqjqWYMTtVSDycE8/34fFD4J/st+CPCngTxTqV34Ji0T4b6dHD4PeXVtM/srT7W4X9350azMJ5HDhmlYFi2dwzyP5Cf+Ck3xt8DeAfj1HffC/wtpWoaXPMq6/4l0eRRpHiCa7kMktvaQoojEkcLAEqp3sM5xgH9P8NuIs7z2rXymtk2KpypUnVeJjTm6DilH3Z1OXlUr7K6d18PQ+j4jo8O51lcsZGr7GkoqDdRJThO6VnfXVJtNOyWl3Zn4paHrd54fu5LC+RhFHIVZJQVlhbJXawPzfKeQe+OuOvssLQXtusoeNzLGGVshgwGCAfVlPABIznPFe8/EX4JeHfjT4Dh+KvwwkEV/Grvq2jouy9tpkBeWG7tVwxUMCY5vLAPGVGOPjjQNSvdBvX0rVFeDy3MZEm4bZUIR1IYKVw3QZOB83zHIr9gwlZQl9XqOcKsGk4T92dOV42jJS1t1jpZ9D+d89ySpl9X2kV7bC1bOjXjrGUXbW93qtG1Z9+p6ilnG0yZ3ImBkkE8g+rdMZHPJ6nggitafSoBFGyqkj+XyCPlXIIyGAJzjP3eN38RFQWdxb3YCpLl2xjGGBGCQR8uD05HPrWsxAhKb2ZsCMEhiOOAQx6AnqCOOnfj2OeTtzSlstpK+nL1Wr2Xldt6O58xy0ovSCT32/lto2v5Xr0u9D5K+PDtZat4BlztEOpRSRttAKMsyFTgZwUIyDnJAr9/fhl498SeDtN+HGrWn21re/8AD2lTMNzqkzJBGXmhbcMsp+YgYI2gjJytfgd+0NZSM/gqbY21dUjjkOe7SLg7iOByTuJB6HjkD91PgN4s0P4h+E/A/wAKtSkXR/GFjolqPCurX0qw2F0v2RcW25iA0hfEYT59xxuA5NfB57QlUzCrRhHn9qqdqa105Y3stbu71S3fdan6hwZiKVLLcVOvP2UFFPnk0lGyjd3dk9PiW2u25+3P7O37SkPxDjPhvxLdbb20jRbK6ZQrTKVG2OYHncOOeTwSe4P0tr3hCw1m3klhWMi4ilVlwHikVsgAjnIPbpy2RxjP4Q6BfeL/AIS+KDcapE1rfaXcRRXwAMSXKqwG+PhUkjcYIZNxJKgAbjn9VPgz8d7HxHpiGe6DwKsZ+aTMkLOBujwSNy+hzgcYIPT4HE4aWHqSjGLpypyk5RatZpxvFJpt3StFrz7H3OHlGVKnUoVIzi7SvGzTWkk009nvo7Potz8T/wDgq74bufh1oXwxlt8QQnxffSQPAdjRyuWIBC9Buw3zfKTyeTX3B/wSO1y/8W/ADxhfXs0l5LZ66Y/NAJKqFJUMRk/w5wVyQCATkE/P3/BbiwTWvhb8O9X0YLctbeNo0lEQDPGk9rI5ztLYBPc7cc8YGT9Zf8EBfDsesfs4fEpLxQJE8RPDIHCl13wuEbGW4B285GTzk5r3OFcmqZliKlRwtGnJ882tr2u1JLre9/Kz0V1+5+FXEuKyyvUliZzeGoU4KcOZ8lnOCu9Wu7en6H6zfDbxEkNhJCWLJJHIJYyfutjAOAOQRlRwcHIOQDWdfSOZHMJDRy3EmFU/dJztHfb3zwQDuHGTXn96svgbxHLZXEjW5E9ygWUFBLEzsUOSflwoHXJz9DXQ6brUUz7m2oJGeRC2NrncQNvORweOTkYJ5GR+zUuFa2XYeOMVPno1IJwmldN2hZNvR320vpdM/pP6xha9epjMI4zWMhCpJd1yQs1dWur2v10s2z0eO6udM0rTZSJFlEuTknbtLZznAweVB59QCBivRNCvofEUFzA7ot2Au1c5dmAJBA6bj0J47njGBx15Na3vhyEHDeUi7GU5x8w3qemSpPXPRj1xVn4cWZl1ozJI+2JlkZTuPyjgg/N94ZAHJ5wQcDafFx1CljMFWnVjGNSl7qjtKKVlqnvte+r0a16/IZrUiqFatGk6dWnUneSTurNO13ZeqfW9l2+efjhPNYa3Bp7O5MJYNGxGArYwoGMkHGQfwOQa/Iz/AIKSWW7wP8LdQYBljvr6JhjkbyOOT2AxzjHT6/rD+0tcxweP12vtbyVycjggNnOOcD+8QSMdRgV+VX/BQ6Rp/hn4E3YPk30zlQSSdzYJA4x14Pyn2x197wmy90OOciq3upVUk72tzRkrPyte8fw1Pxb6b6jX+h/xFUUIqaw2Cqu6s7rGUJNu+idl599bnxf8LPEuq6D4ahvdMupLW7sJlu7GeNwskEsLh1dGyCuCPmA5OMEY4r+lX9hb9qzw/wDtM/Dq48EeJGsLb4k+H7JbK5trpkEmtQ2yItvqEKsMvMoX94VJYHnA61/L34Fuj/wiiqSFz5oyOu3A4BHPbGfrjg11PwY+L/iL4L/GDw3478L3EsV1o2tWQlhErxx3NrNcRLNBIgIVo5EOCGGCQMA9R/YPHHDNLO8DUi04YmjH2uHqreFRRUoxej/dzeklpbSW6P8AlZ4EzjFZLxpmM6cU8PiMcoYmi9YVKc5rVLW01e6a2uz+4/xHbajL8N7G2eJYryfw7qGluhTK4+zyxhcnGSqr0OMkgqDhWr+Nf9sHXPEWneFfE/hqXUHfSLC68V2Vtp7KTFFdLLNI8ijPDZbqeS2TjFf2e6R4gTxj8KfAXioxqB4i0O31GWBR92W9sfMkC8ggZZhuAB4HIJr+Of8Abjt7S31z4l6d5O17XxX4hEiE52C6Vwh2nP3myT06NySK/BvDJc+XccZZUppzWGryvaL/AHtKVWm90ne7eqXpra39WeNFaOB4g8Gs+pzaVDNsJR5trwqxwtRXate9k7Laydkj8M/h7Hp2uaPqWlXltbS3NxNIJ4pAollhVyhMZYZZgQcAcjjqMV9afsqTQ/Av4hT63d20k/hXWYfs7oBuewZGBWbaAQVRjnntnGa/NXX9R1Twzqaappd1LbXGnX08YjViqOqzFisi5wynGCDkcH5Tya+y/g98XrPxdHbxXkf2O+t4kW+Sb5oZ5MjdsyCP3hO78SBnjP8AO+a4GjmkcRQrU1F0JyjJte60m1dNaOV231V9+x/rR4f53hJYbAU8RaNWWGozhK1uZTgn0s0235q+h/Uv8NfGml+MfDOmazpV3b3kNxCFhuYJRJhfLwEljXOxsABkcKQfl54x+ZX7dHgnTpBa3/2OAT6hqWbgrGu24jZigZ1GQxBBOTyQMg4zXz38Mvit43+EWtf2l4MvJpdJulE914cu5Hk0+8QjdIbQtuSGQ87WAXJIGM113x1/aQ8P/FnS9FiWCTR9dspI31LTr7EawlpAMQyNw68kqSozkYPNfkWYZBXy2pOo3KdGMmoyjdOV7bra++3ZPdH6Nm7aw9SUHeMoO9tW1aN7q66bPulo9z5Qm+D9jJaxtFpqQtJExj8h2Qsp6Bs556ZznqCDmuAuvgxdQEyRm/t45GxhZHKQsuTlQrAgZxuLZPXOCcD7k0QQX8Vu26KQraxvGUYkPuj64AyOemBk49OBNf21tFbKrwxyNLOQ6ZDFQCc44yHJwxGeRkHNZ0sbyKnqtUr6J3SUbrpdX6fP0/LKtObc5c81qn1a05bJbt3vZ27PqkfnXqPwk1+033VtemZJQUxcxttX5snqpBJ4IPU9OlcXd/D7xFBKzy6al0BiLdESrEgnBAByFA6gEgkcYr9PU8Nx3NoJVjUwtvkCbQ2Qp7kg8YA3HGccZBU1h3XhGxuUaU20acZAwN+FBGVAByMj5ccnGT3B7I5mnJKai1FK8Xo7Ll+eqs+id976gvrSS5asltbm1t8KenS+1m7vfRq5+Yeq+EtSRvJax1K325kLbDIoIAwBwBg/icnHY1yzaNcrcbZ3QAphI54ihQqcfMxUAEkhcjjGeSAa/Uo+A4bsCUIshVHQRmIElSSGLAg8gEkZHGQcYrmb34U6VfSCOfSrd0WPIkZArFiSeQeeoAIBwM96qWY4WpUi5pxS09yTenu3Vne/56rrv108Tj6UUnOM1pZyV7r3b3tdX6Xf3aM/N6XQ76MlxbpLHgAKsoCnOMHkjDDnpjGRjOeMJpDb3xhvLadRGg8vHLYJzzgkY4GDnt3xx+iGrfAiwubadks57RiRt+z7lwFDHJIPfB4PGDxzwPknxh8ONQ0f4qaN4ftZvOXUNPdreKVi24gjO5MYJHHXgYI55FdMMZTjyyo4iad9Iy3tdK/RpJO7t2Wx2PNJNKFbDwkrRTvGOuqTWqd9bWb7dTz5J7G+2qxRcfMd6HeSARjfgY9QeOOcjmtKJpIZkksNR1CzIHItrphGQuCflDDAyBnJOOpHAx6xdfCDxRbRMo023uJG3MVWNVbaOjBkGARgZGMkHGADxyt14I1CxgLXOkXdvIknLQrIdzdBhWUkD72Mep9Dn0aGbZnhpqeFzKtSl7rvSr1Kbk21vyyWqW9+qtsmedjsFkGZ0vZ5lk+DxEZLlcK+GpVYvmtzWU4yTe99l1F0zx78QtHkH2TxVfpACSkU8rlG6cEZwM8KDjC5HYcd5YftOfGHRzHG+ofbTEVZAkzFogpAXZzkEjHIPbHTFeSPY3Ss0UyTAoC0YmRiQOgzwQCe+Rt6gH1x50urZ1d4I5VYHIQCMjngAHkqM8jqDjB5Yj7PLvFHjrLOR0c5xcqcLW56jqppct0+aT3S09PU/Kc+8AvBfidzeYcF5DOdVJTksBRpSd9G06ai9G18O7td3PtrTv28vH9rFHBraXMqLGql4gV3diX5JbgkhiTzkngg16Dpn7bOkagqnUbq5tZQo3SyQ5jGMHBB6+jHnPO4c4P53od5/wBKtGOFJCOmeNuQQy5ORgjucAZ9Tl3MVqTsHmRJgsUeIhTg9N3GPr647V9zl30keMMG4QxLoYmEWlKNWgk5apayhy6PS17W9NvxvPPoG+CWcSlVwGXTyqpL+G8BiJUlBtJe7GXNFWVtLNXT8j9Y9N/ae+H2swOZLnStRRgEdJtokY8bsBlwME7hzxzgDIFfP/7SVx4U8YeBkvtNWxeGPULVpRbvCsw8yYfuhsYNhT1yAODwM5r4PisIGlLwtHGo+8Ucx4B3cDBAHoScenHAEWpW14un3MFtd3hDsJPIku3aFmBJ+VMkZHBBADE4xlul594+V+JMvxOX5jlGFSrRjBVISd4tSpyTampt3S1Sd999LY8FfQiyzw94hwfEXDvEuapYPn/2TESjOnUjOKhyucOV6KTd3F2enmftD8HPCvwe1Dwd4WsNSsdLmvP7DtbacZjjlV2QYlBXkygHB55K4yBxX0BB+yd8J/E9vLD4f1C9sr2RAzQRyiRWUgsTGjvjAyfmBJGQfp+AXhfxj430KOM2Wu38FxHGFjjdndURQCAh3AKBwMEZAx0xX0l4L/bB+L3hLyjNex6i0JCDziYrgIMAbZFyTgAc8g5Jxxmv0LIvGfwzzDCYTA57kVLCyoUKVH6z9VpVI3hCnCTbglOKbW9m/Jat/wA++IX0N/pCYDNM34g8P/EfGVp5hjsRjqeXYjGYujCmq1V1Y0oJzqUbLmUbNJeVrs/V3Uv+CfniNdPjufDWqW+rfKWjs7hfLusksdjkAsT6bRwQecCvLtR/Y/8Ainow+TR7r7QoYRraO0m0KG/hJJUA56jGDjIAAHnfgP8A4Kj+LNF+x2/iLw7JdrBhheWd2zXIAAyjKQM7OvTJKjrxX0/4X/4KZ/DPVb+KXUv7a0e5kTbLLcorxqzsNwIGVOC3LZ9mXPy17VXLPBTi3SjXymPOtEq31WpGUrWTU+RWXe2rtp1X49DEfTm8Mm1jMjzbOaOHb561LDQzGnOMbLnjPDy9payuuaN3dPU+apfhD8XPCc7zXWn6tsiO8BoHkWR2LKFUbT2HPGMr3xuqpLqvjvSjFFregQXFqWZjHeae6yEDkFmMexTwB39MnrX6f+G/2tvg54vEU58TaJd52KsF/wCTE7FiHIXcvHIKkADauOQK9Ul8X/BzxSkcMlv4flEkYJZYrW4TBDEEOp3A7efTP3skCvlM4+jZwHm8HPK8yq0I1VeM6NahXhZ2aScZKTu23ffZXuj6LJ/p0eN3Cc54fjTgSbdGykq2Dx+ArNqybftac4q1tfx1uz8bby/8J6haFdZ8B2aGQqHngiClOAW+8i4J4YgHoD04rxjX/Bnw0vEme3s7jTpJXKoqhtoBwOoBAXBIHO4YzkZJP7uav8MPgp4ijiaG20cKFOfKSPY5JzyoI2EDIx834MTXz78Rv2aPh7Np90+j4tSiF/KQrGrjOT86g7TjgFR+vB/OMw+inm+Bl7fIeIqdaK1VHExqUuZWSSuueNvO/m2ftPCX7RXhjNqkMPxPwfmOXzbipVsK6WJgr8qvy/u6llZuyi72Pw90bwMqeLNZstLJMdrbI9s15gghj0Q5wB14GT7qevY3Nn4w0VA1vpFyxUgrJayNIjjAG4oQAdxCttxz16V3muaHp/hP416r4VsJZZbSPTYZC8hOQzEMVZsDdyTg88A8t0HttisVwYVVEEYHlyMfmXcBgYzx06EDPqSOv4vm+V4rI8wxGVY5w+s4OtKhXlB3i6lNpNqVrtdb6aK67P8Av7hLiHAcVZBlvEOWe0/s/NsPSxuF51yVPZVoxnFSVuaMmneSvdW02u/j22+JtxpVyE1vS72EpkSeZbSCM46lnC4647naScEEYrsrH4reFLjI+0xqWAY5ba8YJyflYDjPBJ9COe/0lf8AhjR9RDpd2VpcCM4/eQxtuBYnaWKjGM++cA4PQeY678EvBmpF2XTLeMyA7zADDsYngEjPfOAc9TxXnKNKXM+fl5Xpf3ru8VbVJu76J920fSNXV722Vna61Wyau7uyd727qzv55ceN9KAZ4LpZIpQdrrJGTGpIPKjJIyO2Tn36Kmu6Zd+UYLyHCgF1Y7WOWyckkfXPHAGOeKy9Z/Zv053U6ddajaLg7GgnkZGHHVdwxjpxz3BB6+ban8EPGmmNK2lapfXESEZDRmTOOAGBbd6bcEc56jFTFWi7NcuttEnqk9HfW/W7b001emUKk6UnJJO7S1Uk/s2Tauktrp37q2jPakvLRZI33Q7QxORICGUA5JOSOuDkE8HHSrq6hbMJHjaMocN1ySxIwD1yQe+SOinmvlybwz8TtGXYk9zO+WYRSWvzkj+FSxx0Jzz7H+IVLp3iXxrpshi1Wxlj8vAk8y1Ko+OMkopIOeehHXcBSTslJLZvXfflS1stnd6a27FqtGb5nBfFskk07R095pW6aq66Weq+jLmcPHO2yNCZVBUng/MuAQMHJBOODkA5HOa/Jf4yzCP4l/EFiAuLmHICnkFHOBjoOvuOcA81+kWneLkuEiW7+ywuzqJRIzxkZZSvDqvbHbjPoa/OX4x28138RviDc20Ms9uZ4iJIUMyZxlcFF3HOdu7G3HbdkHuwU4Oac+nLeLTT0a12Ss7273+84c11oRgnJtWbS1a1V1ol1d+jd+iPgjU5f310/UfaDtzkdGJ4x3BPU891HGK17XM3kY5yBkAnJyB+IA6g+uevNZmq6fexNciW2ljC3RBDKQVIc/eTqAVIwSNvUex1dOLRPE8iMiqqFQQQGA5428dMA4GDkcjha9ac4X77Xd2rrR9172/TrfdHwVeDTk7PdXS5o6cya101abeml720sdDHbD5lUHC5YqV64OMAjkA9/wAPoegsNc1zwneWGqaFf3en3asGHlSOkRYNuCyKG2sp5Deu4+uTWtrmCYnYUBKqzbhncO6jjkEjg8dfmxkZf4juoZ/sBjAjVQIyq4AbPHUg9MfqW7g1jpOV7Kz/AMtFezat2t221REKvLKLi3BrRK1npZW0Se19Ld9tGfVfhX466B4zWLR/irZQxXEoEVv4gtYo1eKUADzJGUZTIXdjqc5J5JHXato0WhzGXSNci1nRb6HfaXCOsron3grANwyjGeQwHPHWvgSOcfaGjOMYYrwGJcD5cEjoSBkDk4Bz0r6U+GNzPJ4ckEkjskNzIqxuzMEUp823PIJAGcEj3wc1zYim1FckeZuS3V9uVPS107tLT1utj6HLsZOtajNJ2tZ+a5bX3T0fXTza0XuOm3eo/YrfYVZhcq2VCmRVGAGPI5OB7Dr9Pojw5qO7QhJL5iS7Zo2iYbvmwQWAwSASMjkgZ4znJ+e/Dk3mR2YBBL3ccDYwcqrBuRgADnsORxnGSfprTYEit51jjjG1HYydI/mhBIGcAEk5yMHIyck4rzK1X+HTcU+vk9I7aK+mjv17Hv0Iu14uN73bu73bXV30t/eeyWi1Xz7+0a8r2/g15QGU+G5fKKfLt/0iQrk+oORuzzzkAdPzl8UsdzYz812STwMER4PGc/dzgE84HRuD+jv7Sckyx+E0lAEQ8NzCMpjO1p5MnIwchskZ6A9eK/OLxYFJXDZU3IIBBBA2YOcnn7wA6e3bHvYCS+p0t1Fy7apXTd9lZeu9tdr/ACmbpfWZpPW13dd0ltbXV6euzOZhZGkdVJzvjzjOeD2PQEdeeew68e/adFFLYQDLKwhRXJY/d8scHGB6cHGMd8Zr5/h/dzkD5dzxHqB0Kn2JOeMj3PcivoDSVBgZdxKeTH8q/dBaPk4PGc8nOCSMHGBn0oyhGpTjo04rmaez1bs7Wt09FvufM46HPQve7Tv1avdbedlZt23VtGcxba3q/hbVxqnh/VL/AEjULacPDd6dPJbygKNwG5GG5SdpbqCDjPJFfbnw6/bn1e4sbfwl8bfDWn+PvDzBYhqr2sQ1i2QqqB3fBaUopJyzDBHPSvhzUYtt3IoBdSV69ApIB5wfmBGTzngnsBV3T7GKe6gWGFJJXbykhTczSO3yrHtAwSSdoGM89c7gvBiqVN88qiioq7UtnFLld+ZO67/jbTX1MvxdejTp+ym3GSivZy97meitZtrrZ3uvLU/UeP4IfAv42Wk2t/CPxXaWeqyxtcDQL6ZIJI5cHMJSV0x8xVAFQ57cMTXy18TPhL4u+HUltaeItIltoftmYryKJ3tZVBI3b1DIRg5ALDI696801Pwf4p+H9hpHiGK6n0K/vn328FrcSQXUAXLK0gRl+8cMA3HQHJxXs3g39rXxattB4d+Itja+OPDlou1lvoUmvY41ADESMC7MAGwcjLdcba46NanicOoUavtqSk0qjalfaLs9bx6K+6dz0pUsDLEOeIoPC4pJNSikoy5lFXcbO107rZvRaHyRPpynVNQlCRszXJ2yLjOSeOhHY5wMnI6cCtu2tgo8tgu5SHyRksME4OcA5Oc5478YOPuey8B/s9/HKae68Da+PCWuzjzBo966RATkcxKrsqmPzOAQc8njgAeR+O/2afiV4JmlupNJfWdKRSY9S0wmeMx9mYJkk4HIAYDPDYzn0YcqUIqWseWLjpF2utNVr6p97J3V/ExuX4mMp1qajWg7tShZ+67NJq0ttXtbTa7PnBbCOWYhkVsKduOCuM9MZ4O7OeefQCrx0aWR12rIoYrhiA3T+LgAkMABkcd8YBqa5027tLhsrJbyo20wyxvC4wRv3JIqk4I5BBI4OPTTj1h4BGjosjqEwwygHHIIwMcdsZxzkkBR1xnKCu072im+W+mj0ta29tU/LqeHOlVStKLulFtNJ7W0T3S30s3re9mzJvoHi067WbfmO1mwvquAOOfu+n5ECvlKd987gErgyrkL1UE4Hc5/AcD619c6pqcU2n3zSbRK9tKF2g9l6MSOACSCcAHgk8Yr5QhUy3Dx4QjdM2/nB+bvgDkdCPUjknGefEOMpLa1t9neyT0emj2tp9yPbypuVGUJaWaV7d7bpO+/W3ddjn5Y/laRQeoUgE5z78YzxnpweeorJdAqyKcBieh554POQSD1JGMZ6k5r0OOwWKETS4bzGAUMhwIySCSRkZ6gYyQR0JrjNRiWG7mSMNtZwELDgZPJ4ODzx3Hp2z57ppzWqtZO70vflvaz3u72v3iexSnGzi3fRX1vfZXdmraWeis9PMxVXlcjK9MkA+2QB2HQHoOQMZIEDyFc85G3GACPl9SO3GSp5x0PfF4ISAGOCSTnnoGI6gA8cDBAJH41UljLE7eMjkY9AwPAIzgZ749+hpSi07q/R3V2+mu913V9dUvSbp2u9npaMm2la1r6vS2vVLaNnat5jbf7oHRcnkjAGc4OV9D6A53DizA4aQKcEEMeFBJKgjOeg5BzkZ755AELKcFe5G4c8EKcn2HHr1IHbpYhgfO8BgqgqQF+bJyST1A2k4464wvXlpSas/dWu9rNJLfZd1e91qgjGLa96yavq91o7+mvkr7NWI/NZG2nsWxjkjnGM8Hnuc9M9cYNuC+liOVlePDZBR3Q4z2Ibr0weDu69ATmuFLFgcEHHqSMk/eOMcZ68Nj0xlSpIJ6H5c8529Dn3zndnse4wTTip3Sej/Ho11tr3t87sp013adkrLR9LLTq772+Ldu6t2Vh4u8Q2LB7LWdTtnjHDR3kyYBOPlG/j5c8HIz2Ixn0bS/jr8WNI8qSx8aa5EkIG3N7Kyg44O0tjn3znqSK8Nib7xfIHHGeoXqQcdR0/DkjkG9G6mB9rvvDA46KBjO7GcZ5OOOnfA51i3/O0/K7b+W9vW+xmvdfxNX2V0la61aau7q9+21tOY+ttB/bQ+OeiMi/8JOb4DJK3kSy5UdvnyDnqT8pAyPc+paf+3/8QVg8nXvDXh7WkcAu0tnArOOQQSY2bP1wv45NfnoDuIX5cleGycnOScjjHA984PoSJy6ovK8AYLN97OSFKqVbOSRwCOCT905raNSrGzU2ndxV5XX43a106vTo7tL2rbto1dNJpd481ns9r2srWtto/wBLrT9s34U60BF4x+DWkSFlIlmtbaNiWZRubG0dGIbjIOBk9TV0/Ev9inxYEGqeEb7w9dSnDyWu6EIGIJICD+HPB4GOQQBx+X5kwo5UjGcY4Gc5HC5z8wHPTk4GSxAzTFiijiMEjBJAXGPpjk54LDdkZAqliq8U7uMtrSdm1qrNarytfyuyrwly8yjJPZW6Xi7NJPVLZadbLc/TDUvhT+yJ4sewl0D4nT6ITIyeTdOG4bkK5cjy/l7jIxzk8VpW/wCxn4F1iOabwh8YNNlRRtRbu4tvLUsAQM+bu2HjBwCMnPGcflhJK6Rl1LKGck7QVx36g9TkHqOPzOnY+ItZ07Bs9W1KzAHJgupUKkAAYAfvjGcHJ5IyKKWLte0Y62u7emyevno9Om2lzhhqvLGdNNJJKzVrNRb0ad/RWS0S2sfpJefsP/E23BbRPFPhzXEGDEsF+u9hxjADMMnJz+PPAFcNqv7MHx50OUqfC76gisdzWMyOWwuQQQ5Y55IJxjntXylovxl+JuiyRy6d4z1uIxKCN93LIEGMDIZuRx83Q8kAcc+v6D+2F8btDZTH4je9IO4/aUDH5ehO4kA8nIAG7oQe/RDGrRSgul3eTfbZN9e93521OGplmBk9abXlp2Td9eqS/DyLepeC/ij4f3rqvg3X7VULfM1rcSKAuMkFEbI9z12kYzkVhtquq2myO8064hIGGW4tJ4mUA52sXiU4OOSSp64IHNe5aL/wUE+I0Cp/bek6drIUYcyxxbWB6ja6MvXJwM4IOGHFd3bft3eCNWVI/F3wj0G9LH95MlnbswX+I7lXOR7cHAyQcgdUcbRcbXknvy322vddX69eq1OKfD+CqyvGVmrWvayu1pbZbWS1VnofKP8AwkVsWAlSHqdwbKE4O3kMcsBk9OvzY9Kk/tfS5HjJWMDcGBQlg3HHI4IySMYH8OOa+xD8ev2OvFiJFrPw0l0aaTKST2sQjUMwyWUqRjaTuGOncGpR4X/Yn8VRj+y/FV94fuJH+RZbhwiFzxxnGAevJ49O28MXRk0nNN7K9mteW+1km07ar3traHn1eFqTTUJpa/3U91rtprv5PyPj2W901w+xwMggR5AIPuMjnHUg545HAx5/r8MbyRBSCrXESqGI4+YFuQeAeQQ3OOCeRX39P+yb8KNdkV/B/wAZ9IkaUM0cV1cxBkLD5dzSODke+T04bgHy7xX+xn49sLzTrXRNb0fxFb3dwRHc219EzAgryQHyFORnnJ4A71niGp0m1KNnJXScU204vZ20t2stLLaxvl2R18FiY1F70XBq6aabUY6vSzvbzV1rY+erKxWBZGKKwCIAM/MDsVgABk/7OACu4jkE5F4ho2DFXVGxwq8kkdRgYJBznnkZA/vV7NqX7Knx80bfIvhm51GKEELNYyebGwIG1gASASCQRwOOeMk+d6h8Ovito2Bqfg/XoRGzBgbCaZVIyS+5Y26DOACeeATw1bw5lorppJPTmbty36u3Xtune+/l4vJqtSpN8sknPm1T11Xysk3301etkssSQRW77svKwILZ2hMEjaR2+XPf1OcEmtTQ7G41OaK2tYxNczABEyTwOMjjAAIIPPXkc9OUuYtbgLJfaVeW5Un5ZrOaPGQSc5iAJwecHg44DHIvaB4lutEu0vYN1vPAGWMyR4AJ4wwbkEjCnngEkgnmrTlHmfW105J2vp+Grv06O738uvltVSpwlB8qtzOKs7W1t2trbb12NjXrO802Wayuojb3KKGlHOCNx+7kEc4/hOSMZxzXOQ2zzEiMguykkNw20A4yTjqASBzk9QelaWveK7rxBcRXV+0ZnEfl5hUCPbnOeOST94kjjOR0rDtrtEuFeWU7NyrmMkblDZfJHAwMnGT6desylzuHOouaSvyu3Z91q03zPur67EwwkqblycyTf22rv4b6yf36dty60VxAmHEoJyWAGzI9TjGcZXkYPHPUV3XwruJH8c6MHdg2ZEGeSAVGABn0zyM4P4gYmoXum3VshiLmWJdqngbk2lcnpjqF4OG4/i6bfwojQfEPQUV1QvJIoBHy42DORyDxx23HrjJY58r1Wq5mla91pZX12S1a7Lr37MHScMZh025NTg9ut4vfRPr66tWVj0f4kBm8V2JGTtLBnOSd3m984OMLuHGRncOeaswsrEBnGI0wrEnnb2zz1+6MZ7Y6DM3xPGzxdDBgHbKyg55w4JHCjucHHQDqB2oRx+UAzFi5GAexwCOW9hgAYY9cc9OOs3GqlpZpXlfS6srX++3TofZ2k1KVtE1p1srK1tLX6tu6063LkzFypG8gOFbJBViMcdVOFwQTzkEYJ4qwswHyMjLhdykk4B4xxk/jkeuOBgwRpuWMjDKWYgMpHPUH0DbeMNlsdDjirAVmxI+GJYrgcErzkHB5IBz6Ede1Zya8m1p/hvbZJX6X7r0HGm5J7QW7v7qtpdN9G20vNdmSvK7AFTvwwyM9QMZwejDHfqBkd6sJKGBVFUgjIA5KbPXaBjv0PUZ6EgVQrvgjAGcAAZDKoxk/dIOOeuOpBwCDdt4kjKyRpgEkFVJxgghlYnuQGB9ecHPzHKUm2kr+83rfqrJ6231dlpbW3Y3jS12fS9032Wis9/w+ZJGVXa8mCDgZ+blyOMjBwB746kjJGavW6lmDPsZSCB93A6jnnvx14B4xyadHCHXeqIyByfLJG7cAM5GAccEkk+vJJp5sX274flkUZCZ3LtbByeVwFIyDjtjioc29Fu9U907ta2a6Juzs7PdvRnT7FpKy2vbRp7L83otE7ax2C6+Z1jAG1RyQoIJx05OWU+oHGfYmuJ8UuyaPevhSzKQwbBIB+XjHoOhxgkcjtXaEANtYNvUDnBABGBgYyAp4IH3sdCe/HeK45f7MvlKgR+QTkAMAcjJJJHtyPTvziYNyk1J2UbO+6WsdVou+uvW/VkxTj8XXRvXS6SXZuy37+l2d7Hmb4Xq0xIQaDMqBeOVQheVAJyOCCR3J7Z/N2UKzygHB86U7CM4VXI/Et79+9fpXYxF/hXGSAY/7HuAeD94xtjnPABxyCOc+uK/NGZh9om2kjbLMBzjP7xgV46YBJPy85GCea6MRHWnbVcmqbSdko9dutrtfk0cmNTSj5LfqldadtNPduvVq15IoUlJYqEAzhguQrL0IJIwfve3PJPBoa2CuAu4H+J8nocAHAPcHnrjO4CprUAAMCxUg8AcgjOSemSMHAwPqBV77xUkM3Dde5IPAIHXgdckkHitoUOaCbUdbp2tt7uzVn36pJKzezfzdbFeyk05y6fDfXZPRW2srNa7arQzYHvYGLQ3E8eC2GSd0GMc5YOMnJHA4zjPYHbtfFfi2wGbLxBrFvtYBQl3MM98gFhwCeARjsCc1B5KldgVcE5CkkMCDz6YPds8YGAvXCeUmcDcmQPcZAO3gfKTwBnAwDkZI5TwTdrdLW1s7aeuqt83uZ081lCSXPK2mnNtrH3ru97217a6dV3lh8d/i5paqlp4y1UhTwsk7yA7D/tNxwOcgEYwBwc+laP8AtgfGfSSu/VYb5VUDbcQocryMZJIzjjJHO4E5/i+dRaxMQuVXduGFBHPbnAAPYncARtJwRw5raJwF2oWB25xjOOpGRjIwdxzknIAGOIlg5wd4VJR0W0nfp166vyWi3O6hnV01Jt7XbV3vG2r2enVK79GfZ+n/ALcnioBV1/wtpuo5UB8xIu4cdtmAD1HAJJPXjPXWv7WHwo1ckeKPhfYv5gImkit4sqzjBJOwZ3EkZ+8eMkE18DG0hyQwBATkk5wVxhgBgkNjghQexGCua4tUEbb8sp5Ax820E4bPJYHHscHHIxnP2OKi0o1pau34Rs331uvNaPu+uGc05pKUYzWnxJX0Ub7W106afcfohH4q/ZI8aw/Z7rRD4fupwz+co8kRLjLY2gqMEkEEgngDryH4R/sy+JI4oNK8Y21rO4DB2vAhCgqqhkcqh6tntnnpjP50yJHbIZFO9dpA6rgn5RjA5BIAPbb1ArKsjLLlzK6OsjqPKdgSDkgfKQcjlu+eST93KdXFU2oynGWlrOK2dtGtb3d730vsmjrhisJUpyn7CNla7V0teW1ku+ya0d1vY/Rmb9jbwZqshXw38RtLlEhOwSXFs5JPQkiQkrjjIByBnjkVi3v7C/jFVkbSfEOiakQB5aJcp83O4Dg4yQeuPfPeviWx1PWtOlSSy1fUbQhR80V1MAMY2kMGIGOhPPQ45FdjYfFT4l6PIj2ni/XEKZIJvJnQKCQCcsMDleoGCRjPBprFVIqzpUpK2j5UnqlqmrN3SWm1rW6WylUy+rFJqcJXtpNdla2ltFpt000PYta/Y5+M+lh3j8OJfxg4Mlk6yDOcgj5s5IA4bAO0gAAc+Zat8B/ifo6st94J1mLHRorV5OAOqeWhyDwSCRg4znFdhpf7UXxq0coIvFdzcIMZSdhKCR2YvwxPXJOc8Bua9N0n9uf4qWLIdTgsdVWIBAJreJiV5BySpBBOACfpzxUvGJWcsP6tSaevLd7PzVlp6Cjh8FNrkxFSG6SaTu/du27rRX1u7eWiPkW78E+ILByt7omrQBs486xuEwccrjaMD/exnBwPXMTT7mB3SaOSLBH+sjZcL0wMqMcqcdQScg4Iz+hFr+3baX7Rp4m+HGh3gPyu32SAnb/FtAVcknnA4PXgddeT9pn9m/xGwGvfCy0tndczSW9vHCQzcE5UfN04AA25OAABhfWcK3rCcL2tF21SavbRaPXr2ejN1goyilTxUXdaN2Ts+Xo997at+lkfm4+m72DtHC4csGY/extOMgc8gkk/McZ96pyaVCMDaRvGQYz0IXurYBHGMfwn6V+miaj+xl4rQrLa3OiXMrg4jlKCHfgAHbjBXue3Zfu0+4/Z3/Zx8ThW8NfE6LTZJFYwpcyo5RjjapJkBzng5Az2JHBTlhJu0Zrmdvi0Sbei6vZ9tNvNP+z8VCKcZQqO6fuyV9GtFq1q1a+t1d31sfl8dIJZfLb7zFiDlDxyA2eNpPUkEjPHbObb6fJ59wdjFUJBxuDA9hznPAyvpzjIFfpXffsWfaIRJ4a+Ieg6uoLEI9zCkjg9FIDFvmyeQO+Oep82X9jn4n217dtHDaX8DMRus7hJjJkkNsO7O3g8kZ6Zx1qfZwclyyi1pq5JJWS63V97fL1B0cWr+0pO9o2W+va60v13/wCD996P8K/Evj7WV1PX3YtOymR5gSACcfKDgcepYe+SMV9b+Ef2e/BelW7T3Edtc3Ih3yeZGpVjgABQMkngYOBjk/ezuyLC8uIFH2ZRGqYC7QVPB4HQ4AJzweDk5PGOy0jWNZmIjVZ5AwJYZLDHGVIAxj6euQODX+b2fZ9m+MUXDGKhRi0o06cuRKK5XrZ69bdb3d7Wt/cuU5VgMPK9TDutVko3lUV3d2vbbroujt12OE1fwTp9jrEENjZoLhJkit0VRsYOwCFAhzlm+ViduF78YP7Xf8E+v2CfFFnrWrfEfWtWgs7XxFo6RR2Aj8z5LtFIHJXa6J0xyMgdsH8pLFJ28TaXLeQHcup2RLMp2oBKuVY4wRuJz6cDp0/q5/Zpv7iw8D6JFEsaQz2NhNCC4DEtAmWUjgZ47Z4PDDbX8I/S98TeJ+GuFsFleT4mDp517Wjjqk4xq1J0afJLlg5KSi24r3lqkt1c/U+G8tp0crzHMMLSprHYapD6vzL3aammpzUVZOVrqzV+6vY9dj+AegL8PtR8A6hJ9q0y+sHtbj5AzbmDDcTknOSckdcAYwOP5Vf27/2aT8FPiPqmmW0Ug0m733NhJ/egc7kVx/FgHtnjB5PFf2JJqKxwzNdSYkeIlDu3dieAAM4I6nPXkY4H8x//AAWH8ZxN4ztY7eUK9lpojkaTCFsjkKOd2Bz6dTgCv5W+hjxfxZLxXjkkMRWqYLNY1a+LhJ6OpBKSq20Smn7snu762seZXxGMx+W5rUzK1RUqftY1HGMeWp7q92SS+K3K16vZafjDpnhvSjOklyyAuVZo9oUEKeQRg+h5OCSc8lhXuekeDfCd/bWzx+UlxG0bsCM5AIAQgAYGQTjB7855r4lXxzeSyKiTEYfgqSS2DgAAjgnkEcg/SvaPBni3XHni8sTNGdhbMbKW+YFRgc4IwPXOCDkcf7MZ/lmOhl8aksVyWpNtc7i7uK2adld3336pK5+b5JmFOWPhD2bknNRule15R6XsreV763Wit9N/GOfTLX4fXOl2wSFLSzEse04Uu64bB7Enk8exG3IH42eOLm1lnwzkBTukY5/ecjJy2OMY/HOCdpx+kXxp1u+m8DaqW+SQWuVUkiRUx0YnpjjHPBwOMnH48+KNcuGkk8xmZg7IN3yqFwQPuk5Ix0Oe+QAc163hBktXG/WK06nNL27vK+llJe6r277dnZPqfQeImcU8LhcNRSfLKhFtPS6Ula6220XlomzRurrSZAqvErBAThSF3YwSXOc4PJx93JHqTXsXwD8Q+HdF8WQX88QmcEpDHGFDQuW+Uoew55IGSGHpg/IktzdmRgxZlYjapIAxkDP3Rxxkjkjnsa6bwjeXWl6pBdxS7GhbzN4O0bs8Kp6A9hxz7A5P9F5lwrLHZNi8H7So/b0J0rRk18UUtEmklJNLffbVJH4LQ4jjg80wuLhCmlRqwm21G6acUrXuttEn5W00X7yQftACw0yGz020S2KIRK0hUHcU4Y5xnPBJz3561x2p/tGao0EsceoJDHv3GOKTDNhSSoGR1Ix8oBPI69fgzS9V1rxBBbRQJc3FxJHvZIptzrhAq71UkANzznP3jz1rWtvAXjLVJZAp+xRY2tI0jNIqtgEAkkOQc4ABPGK/m/C+AGW1MZKeKw9NJ1buVVKTfvJu3Mtr6q7erT2tf9kreNmKw+EhGhXk+WKjD2ckla0WvdgklbTdrbZ6Hvnif9oLU72Er9pkgdQx3NcEFRj5QBkEZHXAA4+7wMfNPiD4lXmrb99zNcyyMWwm98HOAu8KSQcdMdencD0rSvgIZx9o1W9u7l2I3I25QezEhmGQBnIxnHTB6+n6Z8MfC+kxrFDpkTyKBme4UNk/L97cCu4rntgZyP71fsPDPhXwxk0acaeHoc8LO8KcE3L3W25NXd9H6H5pxB4uZ7mbcJ4qsqcktHUb0SXT4b+aXdW3t8fRWnjDX2VLDS5Qsjf60xsTtOeSWVeg74Ayc44OOwsPgrrupmN9X1I20ZCuyRbnYE44KqdwA4wCRjHUcivr2PSIrbCwQRxxjCqIolHJGDgrjGMf8C6ncRVyazjiBfZlyqqsg4TJyTnrtzk5+8cr1IANfquEy/A4NKFCjCLiktElL3VHROz7312113R+WY3iLHYuo/a1akud/ak2r2XXTey0tvax4Bo/wX8L6dH/AKbFJfTrgb5CxXcSGBx8zYwSO6jpgjCn0i18KaTpyqLO1toVCqBthAK5GcbiOCcH8M8jHHXSxMOAASCCXYndgZ7jr+A647cCrIS5O7O3AOxhk4Xqwx1yQdue3qMivcp1H7iVtbRSu01rHrta91bprp1fiVq0ptObd01JX/utO2np/K916lNbSMKzpGAD8iqQeBk5IGcA9zxnoTjpUdyAqNEoIbCHEXzfKo+YsMDBJByf4ew5wLZnCqc7y5VgqE54OAGPHoB2PA68jOBf6hBa2zXDy7NuTKy9EROrFuBuIHQcjqeeK3nV5ItysrJNq6626aXurPe3ncxdTmcbX030STTS1cUltzXtf8UkaQEaEIzEF0DbNxwG7B+vsSO2ODxillvSAUCgJtBeRWG3IOAAxzg9vbHQHaa8I8R/GXQtGlZ4o7i9hP7ndGMjcOG2HAU4HGVJGQQGLc1yF/8AtBeE4oSkFvdvdSQO0UWQY/M2g5k5ySNwyDwCOeKxp4vnT5E7XvdtrtbRxlv5b9upjOtCE17yWiutFfVd07301Vm9L2td/R2q+I7LQ7drq+me2tEBAkLqC7YHbdliRheoI4PTNfNmu/Gu+uvEFrB4eMDx71jjhlIFxMhchiFJBAwMlmwck5zlq+SviZ8b9Z15oYHuZUs4TvSGA4VZCxBVmGNxAIABwBnuCCfG4fGjW+orqRnlEsKjYof94zN/HkZ+7nBHBPXnnHTBVquusdmlbVbXvuraX8lvuYTxcnJOCtqk1tppq3fu3e97X0TTP1/0n4k293pf2vUJrGxleQW5t5LmNWSTAVmA9Ac9gCRjPr3lxreiWmkXV5c67ZNPbWrXsqQ3CTCOBE37FCkgu6kAA88kDqCfx70PXpdclnt9U1eS3W5RpReMS6wIAWCqu4DzWAxnG4DBHQ1tan8QW0ayk8NeHNRluYtpe8vrje01yCmDH5jsf3R6BDkH3PWJ+1sqd7LRN2V0k15W2V9ej8zWONg4tt2biko3V09Hd2tdveOve19UelfGr4+ar4zvRY6M8dlpEIkt1tkURyXaIzL503OAhIyQzZGSMHIA+Q9S1GZQ0jzbnZid6NtIBJO0IByMZG7GM5781X1LVLt53nLxPJLuR5F2qiDn5AQM98Z3dQfYVyZM1zKdwbIY7EUljwud4Uc49evPJrpw9GKSvd36vTXS75ltfTbqnfY4alaVVuUrt7XSXvaR1XS7trb7+horczkSBmIYfMjM43fMc8c8+nfqMDPFLPDMESVjuJUny3OGdiCFYjkYJHBPBAHcCs91bzEUjIYfNn5ixGOMA5BBwFHGMcVYDS3CmZ/k8siNdxJP/AcL6Nn17k11JRi1daXV7JaLRWSutH2uZ66JJP52XTd6aLyXfyMu7acOsOZN7ZJC5K55AUc9gM/XnHOB0FjfvaKjRuFIQb3kPLMoO7Oc8jgLjrnABOKom2jZlmBIERC5wCZGYA57nHXAH3gpAAxhWeR5gkI3AAkKgIJJz67hkjcMjAHPpnOloOKslvrzPs4tXSfwu9tFv17NRd9WvR6dm7btP57O3QvvcSXL5YZV9xdFU/MNwOc4LfMDjnoemBirWlIVv7AIBFuu7cgdXYLKuAwJ5Hdc4OAOg4rMtZrhZiEjcuB5bMwyVTb1yT19c89Tg5IqzYny9ZsdzlljuoM7SMHMqZHoD09jn16RFLmSjdXafrtd6/Zvs7W01NIx1Tjbft101T37tN+XR3P3Q8JM7+FfDZwpQaTaKcjHSFB+IBzwepOSeK6lE3AKx+VTheAy5OejdTuLd8nt2OeV8HSNL4R8OBkVc6TabZCW+75K/wAO3BIAAOT04z69GhZOA5CsduQCFCjIyB75P04PAzXuUqcnCFpaNJbpJbaXfldpbp3t1NpNX5ZR6JNpW1aWjvZdGtuuqTsR6ssK6ddkkCRbeQMVBG5mXAzk+mAPTnAGcHwWzmZbi5G1kEarkKAVC4x82MnPfAAA7dyPX/Es01tpeoOokb9y33V5IA4bcecA9QcDqOpzXhPh69jurm5VctIyqZPMYFs7ixAB4IHpjIGO/BqdNOSer0uu/vd736PZW72d1bOU46Ky2V7qzV0nLybbVkut9ddV6l4RlL3F+Ni7dybhkDgdDj+6dox8xOMYHBx37+aVdVxtA5CgnHHyggHJ4BBzxzjp1888HQA6jqR3gxfLhEYEBskAMSO/Y55xjIBr0pUKrLlVwcBgTk5YYLH+7jPvyQMcV04aHLZ9O1+/LbRbaLs/nZGUpXi7N7bta7Lok2le33d7owyrAlHAypIBX7zH6ZGCe2DyDj1rodI83+0LNtuSh24yQVIOMnGS3IIPY8k9wMdljSUuTjY2AGb7+fXPJA/nyVxxXQaQ9ub+0KlmO8sxUAjd8vQ9CSfXjA54AFe9g24zjd3Tcbq62VvJXtbs+n2tTxa0HK93za63t1tbVJLSTsvW92tT2mNv3MasSdwVWRQBk45xzkkkAkNx7+gI1LhQBglsbhtwAB8owO/II4UHgAt0epPlxFlAwuV9U44yTjgAkZ6gHpkioHlAZiwGBgKDwdzHAYDA6dR6jBOVr6BpNRk3ZWXLrr9m7Vrb9NGttNGZQkoWW7Wl3ra3KrpJpd7tb6W00GlVLMQ2zBbjqrcDI5/QZAPJ5IAp6AYTcS/G0rkjYuTzzz6DOACBuz6197EJls4JbBB35A9MY2nPRuSWwQAcF/nEh1ywUMN3PzHJIJUn25J+nJAxSund3s01o92/dv2t53006EzxDumv7qettdLuydnq/LRKzuTGUIGUE4Y4BzgYGN21s44B9gSck+lm2KGSIgnaWVCMcdR16g5GcjjuM9qqKIycPhVUNgkZbdywxg5AGcnk5OPer9rJEjJuwQrA+WV4U5IBOfXHXocZxXHiZRVOave0LO1rNtR1un0ert109ZhUcqkW924317uKf4vXvZX21/K/4+6JHqHxE8Qy+fFEVnAKlQWZScKF6c7iQOASTjqBXPfDTw7BpGsW+rpqE1tcxNlFBIJwQQcgjaG27ueOCenSX9ojWLhvilr6Qsoht7pWKxfL0HAOMZGckZ46g4PNcDo/jWaAIDvTYMcfMZFz024GGHABUf7OeMV/Pec4adXEYuO1OdWrFx23l6dmk76Ls2z9ayjM3gnhK8ZONal7KpTmn8M4Waa001t9ztbZ/qHov7QPjXw1pkBt74xwWqKrQvMXWVVGWIyDguDg469DhRks8ZftYa94i8K3lm6GKR4nQbYvMEsgBGVcg7SccgZBPXoa0Phzo3hPw58CX+IHxC0J2m1cK+lR3x2eZaKMF0VsMdxClSoGRg7fmr84Pib8UIjqF9/wj8As9Me5d7a32hlVedu0jAA45GB1wMDNfNZfwNlMqv1nklGpGadouSi5Xi+iV1e691pbp9z9bxPj1xdgcH9RrYuOIwtbDSpclSKbUZRik7tfEkt1poru7TL9z4i8S63d3dxcW0qyyytJHPtMbJtbgp0AYcfNxjOPavqj4M/Hb44/Da03eHPiRr+irMAZbR7mWWExR7SIwrNhVZeAFxzk+1fA2lfFG+vIit+CUQERNCgTqwxvwuWIzncxwPwr1Kx+I0kdrZ24jwshBM87gfKc7hk5UgDOV569Dxj9FoQeDppU1JqEVGN7qySile1n5Kzfn0PxHF5+sxxEp1YzTqzlKTk3dtuF/h0T952fM2uqP1w+EH7Znxy1zxDLaSeORfPfb4pI9SUCJMIWeQvJwNxPy8hcnsThfsiz1DU/idp2h2s/iXVdTnu9aht9a0rTolad4WlAujbojMzRrF5h3EAjqctnH4tfC+8tPEOtJa6TbXVzdy2wM39mxtIsKuDulDR4O8DJwxyCORX6KfAb43QfA2TxKj28dxr9tp1xN4fvdSJgurK9Mb4LJMuJCG54P4DIr5vNswzNzVHBVnzttThGbla6i0rJtpp6tK7+zokf0b4NYLgXMI4yHFWFjzfV6qwlad1CVZxXIm2mnNyStdt3W9j3H/gqp4A/YItfgh4S0v8AZ+0TVX/aE0xbc+Irm0t3SOOCKHZqcGuttw129wcx5KkAFQPvZ/mrv9F8RWNrvbQ9QikBY7ZLeQuwGQSEILbAARu27fcciv2h/Z0+NOh3PxI8UeMvjp4eh8aaRrutSz3dkFj2tcT3gmeacc7oY0HyoNq4wPevtb45+M/gD8ZfFemRfs8/BDRdIli0CWw1fX7+2hitl3x48yK0YGMPFziYN83QAHp4GI41/smNejj50uakqakpudOdSU3CMpJKMoqMWndymmnuk5afsGE+iBR43y/K884Zx+Njhszjiqk3Uw9CVHBuFR8sK1R14V+aT0pRhQl7qu5Lr/J/qFvqkynFvMku47o1jdWGf4clTtJx0OBgY+iWfhnXb4wxxadeTTvyqgNubgHI4JIIA+bIyOT0Ar93rP8AYSl1a11jULrWdFs3a4lnFtbQpPcO5Yk7AgzGoOB2ODwOcnoPhD+xJa3vjzQ28UajDZ6WdSgtoUXyYftSCaPImaQqwgeMMrFlA+fBOQDXi1/FTLvq8qsU5zin7sLzcuW10nG7T0etlvq21Y+DrfRK4jyvF1I5liKVLDUbzq1U48yhBpOp7O8mpNJOKsm+nU/DfSPB2uLcG3fSdQlljBZomgmAVdqh28xkAIG3kgk5AByMV6R4ZPjfwpMuraJdatoV/ZTRzWGq6aLm3uba4icMhgu4QrK6MAAA/GBxxX93XxC+HX/BOH4c/CfR4PH/AIc+F+h3+l+HjG01tdWR1W/1BbYDbI0RMrl3G9t2DkgjgAn8lfiF+zd8MPjT+z14r8c/D7WvBfw88H6Jd3txoc4tke412aEyOkaXDIvlgBVU7S24sWGcEU8n41nnE7VcrxCotxvVUXOn7/Lywd0nza3lbSy0uz4LNvDTL8uw9apgs1XPQlWgqOKjChUny6KUF7RtRk1fXldum6Pw48UfE/4h/GOwGp/FPVrjxT4rsrCHTYNf1UH+2DZwqEhWaXG+6KrwHfLEdDkZr5y1HwlqttMREJblZFLtKqMdnGfnBPAAIyR0BORnFelvaeLZddutO0yRtRls5mgiNraO6XJicpujO1QVYKGByBk8jnNe5+GPgn8YfGBiOqWtvoenPhTI8QFy8QCn/VAEksCcdck545I/YMqw2Kq06VLB4WtNNRXLGE+WN3HS7dkte7W3S1/xLMcLhoyqLEVYQnFuPNzR97lttq+3X5Pv8gaf4V1qdgI7WRjIu53ZW2onQYb/AGjnAPUnPrj0Xw/8JfGesMI9P0maaMsN146FYlB5wDgDuQQW5AA71+lng39muHS4o5Ly0luzCFAe5XYkrkgsxU5YgHJC9OQO/HvOmeALLTLdIXjjTYuEt4YwoOABkBPvYGAOccEgkEiv0LAcLZjiVTnUpypK0OZ2Vr+69fn6+mlz4LH5vluDm4+2VSad0k10s3o9W91fvulofHv7P/7JKal4htrrxjPJNEQqNYWoUR5ZQGYsf7oPU5Pc4Nfqr4T/AGWvhD4UjWW38M6VIybZTPqSxSyhuGyoO75VPQE5wD0zXO/D3wP4gu5o30ezezgGCL2VRbxpjAOXcDd8vqRwQfevbta8SfBT4W2T33xb+KOmtdQxljo1lfrcXbFFyI1SN3/iyCN2ec4IOR9NDJsJlkIOvOEp3v71pO7S2TbdrdbfM+cqZricxlahBwjpZvZLTd3107K7tdb2e1Zp4b0aNbfR7KBTbqI1i06xiByeAAY4y3BOTgggDBPUnrba28S6kAyaedPswisb3U5Ps8KoOSxMmwDB7YIBzjJJz8B/ET/gpV8P/D0dxp/wR8B/2hcruS31vV41CbkXBkCODuXaAQeQeGyORX56fFP9sb4+/E3zxrPja40m0kU7dM0iQWyJGx27AIME7Rhc56feAGa48RjYRmo4WlDu5tX2sny2621Wq9N0rSoUoueNxTurPkpy1b0tfXrK10trO973P3u8T/EX4MfD22kvPH3xI0z7RbxsH0vT7uOQsV+YqgR25zgZIBOBkkdPiX4lf8FK/hN4bMtr4G8MNrkiAxxXF2C6nYQA5PTnG4ZAHQcDNfh/qeuX987zahc3+qXjKT5t5cSzO5YkklXc8jOOATgAdea5e3Sa/MiMsMLgkM5OCiqCQB0wew6k/wAWOteDXw+KxVRuriJqLekISaWrVlddmraeltzq/wBbcDgKajhMJCctPfnaT6K9rWTWtk9fPU/SDxp/wUr+Juqhl0rS9K0y2I3JF5ayOFzwVyM/KDgcdga8ou/23PjbqSmaPXUtFYqwjt4PLIV8KOnHoRk5znJycD4/AtIiYoxbysmI3ZpAclepAO48YBYYxuyMgHmB5ZpJYxFhYOQdpx3O3BXoBgY5A4J6dMKeTUdVNuV7XUm7tPlirX3T77N6baHnYnjrMtPZtQUukY2tpH3b2V0l8rK3mfV8/wC1f8ZZAN/i24jDEsFBZCN3JAw4+8CcMemcFiMmmf8ADUnxgSFjH4pu1XcD5jkjOevIOWGeAQTtI+hr461a5mjtXZnZdrKgIbexAYZGfQ4GSOBzwMHHYabewyaXAzQyZ8tQQSSpA4MhGG4Bz1A546deiGUYOTjFQjtHTd2XLora3batZemiZ5tfjLPFSlUddqPMrJuzaunayTfTy6H0G37WvxotpR5Xi12ALM5fJUMAcA5HIy3PIxyc9c6tj+178b7yVR/bMF0gIz/oqupPo2OpPG0nIJ9s18twp5tw8LqpSWTIc8/KOMAHrgY4zjAPoM9dounPHILa2z5k7/KFjyxPXoAc57DAJx3KinPKMDH3ZcivrbZNrltu7efbvujz1xrnkreznUnNNNRindu65Vp21/J2ufZ+ifta/FpEjS6GlXRBXeHsImcDphgQQDnk4zyMZr1DSf2t/HERcXnhjQrxThyTaRIW5GMkDKnb644AOOOPlzwd8KfHeuTGaLTZbe0JCtqV6xtbZEUjLlnKZA52kjHIOR0r1+Dw38KvBgebxh4rn8QalEmJNH0RvMQyAZMbTDaF6bSQAT+h8HFyyjDzdOKlVrRtFQoKUnpy6Plb5Va6+a6n1uU5hxbjIQrT5cNRaT58Q1TVrx25tfL1Z9B6L+2NaJL53iLwFoZSMZCxRbmYYzjbGrEfMckY59G5B9f0j9tb4PCMfbvhfYmaRSFdIGaPcwG4uzKpBI3dM5OTjmvzt8QfF3RIrd7Dwt4S0vR4VJWG41FFur51OeSxBOSAC3Ixx3zXi0niq7vZJnu7qZY92RHGoiibOeFVQPlUZ4Ujg9a836rPFpulg50e051Hz8q5XdpNpaWtta/mfTwzvEYPTEZhTrWjdwp0o8ulvtNXaT6q9/dfW5+qPjb9vb4D6Fp0klt8N7TUdQlco1pa7laJcEHJwMBcHuOcjtk8Hof/AAUQ/Z2v5oxrPw61HRYoXXzDbZlBbnJZtwK4ycEdxwOpH5s3D6XfbRNbWe0ply5Us6lgMOcZBJycnk5Iwck1jN4e8J3ryD7Bbxx4w+1mQ5HHHXOG/pjIruoZTT5I+1V5Kyu3K9003pZ+mn4qxx1OLcS5c1Npq6tFKNpaJ6pq6Vnd6vTa6P1rl/bz/ZWuY7lYNM8RbWOPLClVA/2NzZbHpjORnJzTLT9sL9ki5AM1r4iSCQB5mlZ0jTaueCpPJ568HdwTjB/Ie58O/D+ztn86BlkCvujhkcu3OVJA28bsYB6AAcnNef3ttoShbe1iu3aZiBCQceWSSOADyQc46dM9QaJ5Jh5XTjKz191u7so6K6vZ2btppr117MPxdjYRTap3trzRjbVxb3s7/O22x+3k37WX7Jl2rW9nqF5aQnKmT7VIk+Avy5UjAA6jnBAwMfLUtj+0L+zFdEPZeP8AUrPy+Y1+1Ozgtweq8gFQFYnkeoFfiHZfD671R1ms7Bre3kcoXnUkDIOWJIAI+XIJ+hPAz0GlfDi2tNUezn1BVnRNxMSlVSMck8e+cDHTjmsI8L05y5nKtFc1k+bSKfLpZpK2t189d2d8fEWth4OLWEnKnFOUVZtJWu3rfW2jtpa11qft1F8VfgFPALuH4w3FrI58x0nKzMU64bzFGV74Ibg888VsWPxI+GF7DG2nfFvQrlE/eCG+sLcqST0bencdR0z34NfkPa+F9KtYIovs0V0VUlppSwZxyNx5wQTyfT5gSC26rSaPpeZEjijiUAkouRkgHcu4HgY4zg89QOM9MuCaM1pWmk1q5JOW0b22XbT71fR+H/xF5KrKEqFP4unLfomuzWt7JeeuqX7HHWPDWq2DQx+IvhbqaXYYZurGxLYdRgtwB93HHVTznjLeL658J/BOpTStceEPhp4imnz5QtBZwIGxncDG3Bz0AwQDk/dzX5aajdrZSiC3ZoAjD7txKGizt/2wNx5zxgAA4IFZ58WXOnEtB4g1W1k3MqSxXcqhGGWyAXYgAE4Hb/e4bljwXSpTv7ep2V04rWycbKSVm1fVW673Oir4mwxNJNYKnLbpHVe62o3Sd2kttnppY/fb9j74nav+xdqmo638NPhZplgvieRLfxOmnXiut3bJIGUQsgPlnHAAU5zyABXon7QXxb+G/wC0p8VdP8e+PPDWq6TrFvZpZeVewPd6PbwYGVaLaElJwc9ySS3PFfzsWXxo8a2EgtrLx/rtvFEUKuL6Uq5z3JbnGSByc98knPp2mftO/Ea1lhj/AOEobVo4VUsmoRLcK+Bkk5OW/usB2PHPX4HiXwPyDiDEPF161fD4yTjKWKw9WVOs5JRjdvVaqy0S0S0dz7PhjxpxuTuDoYKnKMafs4wqUotKnJpuHpfW6XR33P1p0T9mH9kvx54m1KfxHplre2s4kW3vLOYaWbeUj5D9m2qAEbOApIHGSTjd8zfHb/gll4QvDc6x8FvFEvmMski6Lq13FJEoZiUEE2/O1lG1cDqenJx4T4e/a78RxrDdalomg6i0btiOONbVlRAVBcLgDHJHJJbPWu1sv25tMKMb/T0050kZJI7LUXE6oCcCIZ6Z6ZPTAHTJ/PqngjxJlGJhiOHOLsZP2dnHC4+Tq0ZJJJRd3ytNb9bXemp+uYLxz4WzLDuhxBw4k6lnLE4dRhJTbi+ZJJNuyW7tda9T4Q8e/sgfHP4bXbQ6l4H1O6tHVgl9ZQNd27EDJ2yISem0quAccDgGvn+50nXtGuJYNU02ezMJKypdQSwsqg4IfeFx16Zz2I7H9yfhv+2ra+LdQXTorDxB4ohgDBtIt4Bd3cMIbmVW/efKq5BViBj0YYX65+Edv+yp+0/PrPgvW/Aml23jZnktzBr1tHp+oTyMhH7lggLvE5LFQM8E5NZ5riuPuD8HPF8QZB9cwFCN6mNy6bmuWKi5TlTd3G3a/fex6GX1eAeKa6oZDnywuLqawweNhyyUnyvlUrXaumk1Z2dt1Y/lN1bxHb2vmRmQRTLkqsTMM4GPmYfw5wTkY4+gPEyaxNqL7bcXM8iAtKCZWULkg5KueAMkljjqACciv08/4Kh/sZfD39l3xBpOseFNfkki8RNJFcaBud002dTkCCRgN8Z45BIwMNjjP5OaB4iudJ+02cMCSNcoVad48yKrY+YEjJ2gjOCvyrznjH1fDWdYTiPJKOcZfCfsqycYwrQ5JwnCXLKM09VaXyaVktrfn/FFPH5DmtTLsXUjJ0+WSnSkpRnTkoShNNO6VraOzu7M1763AZJLiRX84bUjIboeckMDgEnJ4yMYGBknnLo/Y5WMbKyMoUElQBngsPmIB/AY5xgk0/UdUuJ7uUz5cKABIAqhcc5CKQe59/XgZrnLy686TzIy7heA3UMQCCzDIyScY6gdwSSa9ilSqVFabvzNaKyUb2vo1003v5anwGMxcq1STcpNtq7erafKmv5bJrZW0a36arX3kj5GDIh3KF6MSCcBWyOpwMA5z15NZSa1dSs7EOmXwFXptBw2Vz0HGc8ZGWOBUmn6RfTsJnu4os7jtfG4KBjcVI2nB4PUck9smGS3t9Pmm8yQkuud2Mb177Bk8cZBxnOcHBFa+wo3cOVOSt002VtUktO2iTd2ccm3ZvRSV7abJRt10aW60u/PboI762ihBldlRiAV3EEnOS79CRkcZ9eActtvWmr2yz7YY2lQDcqM2H3dST6jJHVueOq815lc3TvcoI1cwKoZUzjnPVyCCGPc9PYV1OkM8SveOmZJcRqWzsAOAcEnPC43DHI9+DjiMBRhBSnbrpe2yWqXV6WfffzGmtLJ3TTdktFZJ3a1u29r220ey6uT7TrKyXMkijy5NqhflUBdwx05cKVyM4OSccLW94WtLWad5rxYmeMnCuy7ggYDzSWGCRghR+A5wBkRuq2igfuwW4iQYJAHLnpweo9u+3inWEtpCxuBcHylOxo1OGJPJZgD82DzgnAAIAJbB8ipRq1KM6dO9OMmuWUfivpa2vZrbX1buTGPvLa3u3u77WdnHV2adr9b7XuanifTNJur7ZZCQ7tojCMcSsCTlgAByd24YA4yTyAcu5sNOgsp/MJWaOMOzMSJB8pIVeDuA4HJXnP3acutp/aCLCheCJgiuV5AdxliBk7h3ByMgEjA4drU9nIZIrNXlncRvKGGN45Y53Y5GeRnPAYqc0qEa1GVClKdRpJOUnzK8vdau2726Wu19zvraGt1rbSyaaVk9E7Xs7pKyVrbdPILqczTvFb7jChDKrEqd2c5IP8AeHOBjjGQcA11dos0NsskgMaRlWaA99w+ViD6dhzxxnkYyyba3vWubu12DkAeWdqnrkDAz7AgjnitG21uGeU2SMwglIzJKOvQKpHI25JAHOTgjgg19HUrSdOPLFOKjaT3dlZ6bW2k9Gvn1yla7Uei6vrvfbS66Xb13d01dm1vV5IFWNCtur4RioJdSBsKkkA4x/DxhSck4IrWM17BKW1IzxwTZfa+fmAwRtHfJIOAeh6Hmuxk+zWcEfmeTPCqhizcYZlGFUdTjGQMHpnJNY+qXrXtssEMKLMyp5LM6/ImTwPlHHzHpgHGOp5woVoVW0qTSVk+ZWa1jZ9raqzvs23pvDi7Xe623d2kr+W1mrPV76M1dN1mz0+0lkNv5ouCRExbEgAO7ZgjnB25BPPpmsdNS0O9e4W8tQblpd0ZiTcSQcqgGPlznDAEjhuecDlIbK+u7qO3kdsIWUjeduQQWcKP4cjjGMMOhDHHZ2FjawTLiGNpVQgzcbi443KpzuPPfPJOT3rp9nSoXs25yfTRPa97K+6dut7NrXWGpLZOyve+mjs913s9HvsndHoNhf6I1lbWUUESTttE0hT5owAMEDPBBO0njjdntVHXPDj/AGZp7HKq8q7TESDJluS/cYO05Xn7vY5rhP7RfT9UMjonlktsQA7WGME4IwGzzjryT8wrt7XxHAGh3yu7EqWiyTxj7gye4O3I9+McHiqUKqkqlOTabi9W7PWKWr6Nre6vva7sSpJ77N7ap6WVve03Wtmrdb6HE3h1DTIpXuMvJn92cFto28n0yfmByQfbJUVycfiPUre4ke3nljjkf96ANoLNncG445wM854wN3NeuajqVpeTtbraLBbzAguV3PvGeQSuScZ6568E87uUuNG0Rw8KqYZ5ZPmc/cyP4jyB/snsOcZ7elh6kVG1SKTe+jeqavZ9rtLz6uyC0r2bsndJ/cvn0tpa17rS4thrkk8sLNKsTLheFztyCd7AHJbkDPdeeozXTR3moR+bNJIZUlO2F5csCpLEmMY+UAYBUEYOeqg1gx+G2soVntZY7ll3M+4gbIwB/CONvy8cn+7xkGtU+IbRrKO02oJFTYNzAbHHJdc4BA2nuuRzkjGJmoyl7rb7u7ur216Jq2usbdXdPWOXTdpX0d7aJRvt6W1WnnqdXp9pEkZuIZYiCA90WUbgT95VBJyBncrKGxjkV0mnxSi3efTL4xlVdZBJyWjYEkbcc5wegx93BIrzW11QtEln5vM5YmVRhQvQcDk8YGePmJ7Ct+xlSYi3N5IJYpU2EHCMFBOWI/g44yCP73AycHBxndpNaNR2tflfRX1tdv8AC2orO+lrdNWmm+V207q70uja8LJc6xq0Jv4GsrPTL4me/ZdhK7wPMU54JIPQHIOcA16V8V/E+kG1iEBaYWlrFb73xtuyFwJDluGTG4vgkDgH18b8SajqtmYYrC6328+1rhbdBsYA8k4zkgcEknGRjI6cRqLXviGa3t4ZbiVBhJt+8hHJ+YMAQQB0CkfLt4ORzpTpKrVhOTjyx0Wtnsk76O+ny3t1sd07tXs27K60V27vZWSV07otz3C3my8truPd8pkiHzOoJKiMcfMTkZwOf4ua7rRxNb20dy73ErooeNGDAg8ZJJBIT5iB6ZPzA8HF0HwDeadcLfTrI0Vu0Mu24QxRS7dpwu/qMkAdM4xkEivVNV1GwmmthdCK2SSz8pkt9vlRBRt3EgYJI78hcgds16FSnTnTfKlN2STtflvZLrbdLdXve7SMKl38O3uvXptrdvlVrJJWbu9banIs638Usd1mKOY7lDgyeblsMqMASu0EgAcZBHHFecXumS6bqaRaTeOYmlzNtUkhDzhxj5hyevtkGvT7S609zLHayfaJIHPkyMN8QRcli2TtyMAqvY8jGaxNQmfTruWU2nyzMrR3nlgqQ2MkgjaVBPQkDjk9QcsNVlSTjZW3VpXdmle0Ve9ujstN+ymEpQV+a2y6vbldla3XROyTSTbRg28tlZ3ZgMbyTTSK7XO0hkJ5Ye2eTnHQqB2z6Te67dRadHYwSeXb3qLuCMHlbaoCg8gBmOfm7dOma8+1jT54XTUbOSO4aRGll2rlI1K8MuARgklSMZOM+tZtndz6i5EknktahdrDGHJ7qQRjJyO468qAazxFecrOMnFrdfC1Zq979N9nqt9UatpqN1eTaukk17vK2r3aVo30bW2r0su2iivdsdsZnmeVg0pLE7EJPysDkkgAbs5z23EV1H9iXafZ5I4wtoSETjYZGOM59FJBIzwep9K80nv57SWGS2ncliN8nLBmXkKcH8CPu9ifXTufF+oBI42uHLTgJ8r4SNl/iIK/KxPUKM4+bHWvCr0q9eXNGUnbl1Tumlytxi22t7q6draJGtOMNoqy91NrWy93RNXvrdO9lrqzWu43srqdl2q24iOQsMrKOcJ269RkdB61XttenaaJdQYyJEQhRyc/OwAdl534ySFUeoYjpXJanrCy3EEYlAl3KXIf5XbAYsGOfQnkkdeRggtjvYLu6dUwJY1y8hO5RtGQR0DEg5PJGecgYFcVbB1Ek581otNtt2dmpeem6Te1nr0N4Wi1dq3Nq2r7W3V7Pvv3WjbtD4z0Swvbj+1LQCVyrq6KoRAFXLBQNwz1wBznryAa4LSJo9NuYztZHUlZkYhTjnGScKezBT94MMAAmvarC5hKoGgikjjyH847cyDBVwTgnOSWyB+HIrzPx1ZWLOby2jkWffgrH/qzxkjA4YqMHA4zkdM16eW4pzTw9VNLTlk3a9+V6XdtL97JJvWyRfLBcsk023e70adouybXV+qtuldWtXuprqEUUjF1WMkRKH3bx1ByMFR/d4PcDAyK4vWppXCTOpG0hQmW+XJxuII53ZyBgeg28GrWi3lva2wKul0y8yLI3MXzErgtnJwMKc7jk5AGRV6/vbe8kiiihDpI43PwWZxxjPHHqPlU4zx1HX7OVGpd0k4bvTa/L12vt7yuvRK5DcXbVXunbd3vFPXRW11321ta5j6DezWt0kk0vl7ACjKozgNnBwdwU42kng5HrXskPimzFu4VYrm5mTBMQyWQD5g6YOBuBHbn72K8kv7CSBXmSABuEZQckJ/e4xjHPHI45rnvtF5p9x5sBCq4AXYGAYY3HcSQc9MjPA4O3JzM8LHFXlFO61slrZWt0Sdno7We3XUcdd7722d1fZa2V9Xfr+CPU/7VRnkkSNIkeTEYyAyN0HAAyvBA53bhkHKitW01hnuURm3TAYWSTsWK7VGT94k8HIIyo9a88hkN2ixfL9pLK6AEgNuIBz7gjk9wM84yOmsIbprxI7kRqEUEOWAJkAG0FxtyDgBSc8dAcVw4nCRpwalvFXuotu3VPTrpq9bb2RUVUc/Ncu67tK22lraaXS2PST4uu9FgMU9yVIx5bY+XLLkIWBxgY9sYwMZweQ17xnq2qusMV0HBhPmrGmCQR82SMcZwe46g45xv3fh+81i2iinXc+C0QgI3jBGN2M5A688j3OAeQ1Lwdqnh/wAi8kYSRy7g8hcKQMYEbDkFhja3U5BHsMcvoZbOtTclH2+nxX3VrNc2mqs194c0lGzTsnzaNvTS19Xqm0umid9kjyrUZXhuZSXLyhQiFl+9uyCuPXkf7PGAM4FVTqV6FRTI+YsBQcbkHJXap7ZPIAzg8EE5HRazaiaV7ggKGK+WFUgqf73ygk8nBxkd+4qG08O6hq95Da6XY3N9cSqDtjikZuW6pgZVc4+YkYPUnAFfaQjBRinpFLfaytFJdW7X1vb1WqelGk60UoqTm7Oy6fClez929l8krdmsd5KFZrgM8jheXGQA33lI5Cgg+/Jz93puxulwP9QCChQIqZZW6ZGRnoTznn17D6G+Gv7JHxY+ID2kC6LNZxzSIpM8EjS4J24+VXA4HHPbnpX66fAD/glFdyra3/izTr3UJgI3VLiI29qu/BKtuJyo7EjLAA49eaviaFC7nUUUkr3abi7LfW2rd0r7ab6HsYPhzG4qUbU6ijJrXlate12trq2mlt7pPU/FPwJ8JfFXie5tbfQNC1DUzcOAohtZfJV5BwJH2heMc9gBjkdf0g+Cf/BOfxt41a3h8TBdGSeRGa2tU3XTK5U7iB93ABBySB6Bgxb+h34V/sYeFvA9hY2z2Gm2McCpmC2tod5Kkj5pAN24k4bPGR2PA+stL+BugmGNNJ02XS5lRVGoWzlJAVxlh/Fgjg5yMZPVa8TFZ3CFo4d872baVua8bWS3un3srux9rl/BdGm41MVJyXLdxdn0ju09HfWz6vpsfm58Cf8AgnF8IPhqmnTahoUGs6tEkbm51ONZmWX5SW2kMuAVBPOSOSM8V+j3hjwB4f8ADkEdtpOlWcKQhRGsFtHBGhHAA2gA4A6A4YjB68dDc+HfEHw/tPtKX9rrkCfM66iY4p44+MhHfJdsEgFT36dTXl+q/tcfCzw61xp+oyR2muw5VLG5UBHkXqY5FBBBcBQC/A46HFeHOnmubT/d+0qNWSUbrS0bJpffb56n11KplOUxjBKjRilFJtRvolbdWvZa7u34e96fo17coRDbmMg4E8n7uNQCN3ysRtyRwcjoCM5IWbUZPBPhS2kn8W+J7K2CrvaCKZC+QdxUqrEgntnHTjqK+M9X+PPj7x3byL4ajjs9OmyFurSdEiCn5gSUI3NtxkHqCMdtvlV54YvtUeS48RaxdXs8jeY8TSuyuzNkhmLcgfdK4A7gDPP0OU+HGaY6pSli39XpOzk38T1jazb0um3+Z4Gb8fYDB05ww0vb1LLlUFdLSNlzWt/wNdj6I+IP7U3h/SUbTvh3oiatOCyrePGWCsuFVz8pUjODjPG4D+I5+V/E/jH4pfEOUy69rlxpdnJk/YrORoowhOcFUYbhg46BjnpzW5/ZtjYQlLa3ggK4YsFUucd8DJJyARjn+mfLcZK7QDIQCpJIDFSQCnYHbgnHTnqK/Wsn8O8sy3knKCrzSUuaet2rX1d/VPrp5n5Zm3HeaY6MoU5ujBq1lps1pfT81r178fY+A9Pt5kmuTJfTsNzSzktuZh1O4nq3I64HuAD0bWEFuCiBUIJxHGAFxngDGD0HGDz2yOaviZ3AVBIxx8+3hV24Jy+cAHv8yryRk4rzrxv8VPAHgS2a78WeJtO014VIFqlxHNeSMBjasUZYljjjp9BX3lLDYPBpJKjSUUrdNFbo23dNbvezstU38VVxGMxbvKU6vM7uWu7t3baezt5+R2Ur7WVfkUFckljkKTxlR+ZGM+/cZOqXlpYQtf391BYQQIzPc3kyQIoAJJO9l3cDhhwOfpX5+fEL9vGxWeTS/hr4cl1O6bdDFqV7GXLSEkK8Nuivvz97kj6HJr59m0D9pL48XXn6/farpmjXLeYyXEklnaJE/AEVuu1SAv3c4PUYORlVMwjbkwtP2svdSlFWivh1uunRPTbtvMMK4tSxFSNOF07N3ldJLZWfX123uj7Z+JX7Y/wl8ArPb2t9J4t1ZSyLaWBDwLIAfleXPyrkjOCcjp3J/Pbxv+0d8Tvifqd1D4K0LUvCmgagWS/tNDeZhOzEKs08iqNrNkliCBjPUE19OeDv2OfBeii3vPE10+u3gKPLCci3DdWV8sSwJPOdp+U9QSR9CW+i/DvwfZPZ29jpGk2xiMcwCwpMyqCAcfeJwvAzyQSCxNcssFjcWufEV4UIxs2oq8mny7y1tdX281qzVZhhcO1DDUp15SsnKzevurbbe2vm+58M/D79mK71022u+ONQlZpljuhbGV5p3VwWKyySEsCc88Z3ZzkcV9oeDvhd4M8I24bTdJsbRNnz3dwiebkAZZnfHOVzu4JzkggAV5h4k+OWh+FbWWDw3ZnU5IpXjW4mb9yi8n5CVxtBxtGD1GTncR84eJvjF4u8UbkuNQnt4iSBaWTNDEqk9HKheQuQcgHPPHAGyxWT5ZTuoxr11FXfxXkuWzcnpG7WyfR36mEsJmuYT5nUdCjJ35dU2tHdWd3o9FpdLpqfafiv4seDfB6y20N4up3qsQbK1KlVbB+/sIAwc/dPy89Oa+ZvGPx68Ua4JbXTLhdHsmLBUtDmfABU7nBGzjk9cHtwCfni4urq5lUw+bcztzIELPyc8yv3OCAMnjj5cFicrWLy30OAXXiHU7bS7XZuW0WVJLmYEZXKA5JOO+M46A9PJxXEleu1Tw7jRVkrRdm07Xa2330dvNJHpYLhyhR96u3WleLvPXW8dIxtqr32vbd7abEmttJeXhv7yZ3YiYz30rSTTuxOTECcnjgYz6ADGQ2fWYooVe2j3h0wbq9lFraRnks5Zx04J4BPOQfT5u8RfFW0i1aO50ewM2LdreC71A7gzNkLNHD0woyVGSeeea8o8ReL9d1xViv9VuJ9wZUiEnl2yYzxHGCu3GSME4A6Dk18tiMZVqyl7So5NS83e7jpH5O6VvPRaH1FGFGhGMYQjpZRsv8ACmtUktXs3p0aukvpTxN8UdA0mJxcau+t3UbPu03RCUt+hUiS9yHAGcEgdM46GvBda+OPiS8gmtNHjj0K1SQlGsgH1F4iSSkt+cMcAsWwo3A8DHXyaWe6uPLtLWNpbhHXekIY7iTwZJApHB5O49M++L1t4ZuEuRDqV0lob8IsOn2wNxeSu/3VSJAXDk4GOByM57cM612rS5eWzWqbk7WTsuzSulfXba5vJVKjV3JppRsrNJtJX2UbKSV0+a113aMuXW5ru6mmuJJrqWb7k08ryTmVj8xOSxBySQAo+8RheK2LDw/fXEpuNRlTStPucR/arh/3k27qIocFnlz0UAFu2O/3H8Af2BvjJ8a10+70/QrH4e+GWkM9x4t8aP8AZ5rixjb95e6faOCZDGPmCggsQM85r9J/+GCP2Ufgfodt4p8cfFVvHPiHTA91d63qCRL4f06SOLdFNbaQ8w+1yJMMKFByVyQAeOWFZ4jEVVQhKrVglKUIpym3daOycVo+rb0WhUsCqShOrNRjLTnbUY3sm203G6taztq9LO2n5UfAT9j74zfHa6e2+E3w51XVLSwkSKfxV4itZtP0kGRwpmhadFM6op35iDr0xnIx+1/ws/4Im+A/BQ0nx7+1Z8V9Ol0e2sk1PWdB0y/g0XTLQJGJWSa+lkWe4UYw6LEdwJAGTz8gaP8A8FTPiD8FNAu/BPwvm0LxM2n6nexaH4kvtHgsrbS9LcmOBYrGMBZW8vbhnYtgADOBX5/fGD9qb45fHTxDf618RPiLr3iEy7ydKOpXFpolvCzFjBZ6fDIkKRgNtQfMQMDGTge7hMqzHGypOdaGDpcyutJVGk4vV2Ti2k00nFrr1PHx+Y4TCRqU6UZV5LRSV7JO1nZPTqnazt3P2W/aE/av/YO/Z18E+IPht+yf4X07xL4rvYGsT4o0G3Wyg0G9hYxx6guvmM3F9PA43t93JUtu5zX5f/E3/goD+0h8U9EsvDvjb4n67eaPpdnBYJoejXE1haX1rCoWNtQkgkDXEzKqiR3ZS3I718OXsupXN9ElnZo9rcKZZbSJN8pIGBxGDI7EgkYQsT2JGa9e8Ffs8fEXxjYR61fwQeCfC8Un2i41rxHOLBDbZOXgSfEsnyZIVAxJ5J659PMllWDlGclTqYmkoxUpR5nJxUFeOj5772TXV2steLLY5hi4ONLnVKo3OUnLlWvLpKUrRUUtktI2u/PhNZ8TzajKt1LcyWwlk842jM7TMSCCGlP7x954OSG57kcdP4T+HXjnx9covhjw3LLbM6ibU74PbafbqRzLJcXPlIQoO/IYtgnpjDeiTaj8BfhdKf7JivPi54stQWFxcMbbw5bXK5+6Pm+1RI45BUZ4zktz594n+Nvj/wAZx/Zr7VYvD+iJzF4a8Nxpp1mkOPlSTyCrSfI207m5JzjgY8OWKx2Lk3RpRw1JaqpUvC8VZX9mknqrNJ21sessHgcLZYit9Yq6fu6KbimrWUqmqet/h6N69D6/+EfgH9n/AOE2oXesfFnX9Q+JXiaEKi+BPBMwOmK5++uo34URpGrAK5UtwuSCcV4N8Z/jn4x1vxfe6X4Zum8B+A7NiuleGPDEotP9ALB47fUbmFRJdTqoCPI2ARuIOMV49F4gvfs0Vrp//Euj2ZuCCXmmB5G8gGQ7iCW+fqfTJF/SPA2q+Ip1kijnKXEilJhHJNPMz8FY0Xc7Ak9CBtOBxjjirLC4aosRicT7StG3v1JJUoRXLL3I3UVtZyd5NpO5qsRiMRBYXB4b2VFT0jSj78nJq3NOzvur+ifZmnY69cXMZlswYDdRusz3LNNPJJ1wzvvY7sMSMgknAyckuhtJ7ryre1E9xeS5xHCjSSliMmMoAdgwRlsdAckcmvqz4X/sdfEHxa0KLp91pGnsqtmW3afVrlTnMkFuRhA3UOzKY8ckmv1M+Cn7CnhzwlpdvqfiHR9rwsrzyXs6C9v2C5xcXLHZZwnGZFUn5dwPPFfH594nZNl6dGlW+tVYJx9nQs4qS5E1uldtd2luuh9JlHAWcZhFVK0Pq9NpXnU5ouza1ae9l7yfk7vU/DfQvhr401iS2ttJ8O6pqOoPOVjtLSymndX6KsrqmxQc8nfgcF+OB6Db/s3eP9PeHUPFulXWlyXV2TLp7RPJeQ26gqzvGARFDgEKeAMZJGK/ofub/wCCnws02e4i1bQdJvmUxHT9EtLeQaeqfellnwzXMjcqxByWORnt8ZfFf9prwhevcLoOm2cX2eG4t11i6t0ludSjmV0xFa4JYyjcwycgnjAr53K+K8/4ixFOFDJascLKa96fNFuLaV+ZpJaNvTm7XZ7+M4UynJaM5V81jOuocyhFRacmo2tZydla7va23r8NeHNI8J+ENQtbCCwtI5beEXXmxTJ59xkgHzsjKNknjrg4AyST9BW/irSHtoDHps9w7xmSNdOZndGIyi3MwGxduTwXUDBK46H5E1fT5dWvP+EnSymtma5Z2smQwxOgfcktzMzfuomBJ2D+EgAMcYg1f4vR6JDPYT6rhZkKvpOibY4yVwBHJdKSzoNpLEcH6df2LK8kqOmqtelHDp8rcqjXMnZPTa+mm9r9Oh+b5hmmHoP2dFyry2bivJXcmrRs2rJ3S/C/0lr3j4Wmn3cN3dxWcjI8QsVl+16lOGbCqu3Kxbc7S27gnGBjn5c17xjqMUcqXN8mj2I3BYlZZb+YNnazMOQ7A/LjaQTxkgGvKNR+I97qH7rTbddNSVivnzAz3k5kJO1B80rsxG3Cg9iK+sv2b/8Agn5+1T+1ff2b+Avh1rTaLcXCJceNPFFvcaV4etYmIO/zrlFYkId0eEYMOgK4x7VfN8j4foKtWxFGEoRu51ZQppPS/LfVyurK3ayR5FPCZvnclQw9Cs4uy5acW3q463tZdrvpfbU+V77xtPEWk0gPZBl2y6lcqr3LglVLB3OQGxgDGOR8oIAr034M/s8/H39pPxFa6P8ACr4c+J/HN3dTJFLqK2dyuk2mWUeZJdPGlusSFtxCucYPGOK/qY/Zc/4IIfA/4cNp3ib9ofxHc/FnxNbiK5m8M6bi18NWMyhWaGdgwjvIkfClnC7gDkYAr9n9Bb4KfAbQbLwn8MfDGh+HYYdlvZ+H/CGkW/ntIF2KJ7i3jaRXYgLIzOcE846r+R8SeNlNSqYfI6MsVVbaVeUZRow2V4r45a6u6Sdt2fo+QeFlWahWzaqqcNH7GD9925XadR6JbapNpdD+fT9lL/g3vFwdO8UftW+NJHVEhuT8PvCsu2NgQJDDe3wG7chyrx7OckE4yR/QT8NPgV+zt+yn4WtdJ+G3gLwt4Ds7SJIjqcVjay6zeso2mWeXZJczTOAMuApJJ6DbXaGP4peK9ON/KunfDrRWDNLealKv9pTW7ZLThHKhHKn5BuyvPcZrwzxd8cfgV8LZZIb2+u/HPiqyLK11fyNc2Am+fIBLNHGN65zhlC4IPBJ/JcRi+J+LsRF4vFYmrGo1J0oe0hSim07ckPdskt5O+u/b9KwmEyTh6jbD0sNDka5uXllNtNN81Wb0bsno9Ne6PUL/AOIPjfxTJcp4S8PyDTyDGfEviItYWMK/897dJSuQwOUO0buAO9fPPjnxn4G8Ds194q8UXXjvxKu5/wCzrS5P9l2c2MmBpN3lmLPTIPTJ6Yr5O+NH7Z3irxmZNO0WW0GnSI0UGkaLOI2hQZVBOYBGXVFwMMuBjkcEV8V6jd+KvETPLrOoyWttIfms4nYuUbJ3cHdvxwSDuPHy9DX33DvhXOv7OrioqnD3HLmu5yT5Xvv0vZNXd99D5zN+P6ODU4YeSc+VqKp66qyaUnq09Oy2d30+tfij+2B4v1SzfTdFu003TyHgt9P0MKl2EIZQsk0WG2qMDLdwMEZGPjfU5fE3i2SSbW7m4tYZcuWaVpr6QOdwLyM25Byc4zj+9gVo6PpltppdbSMEvuZnmbMjDnBBYN824/MARx3OMVp3R8qPcyncwUqdxLKvQrgngDBHscnLAYr90yjhHK8opQjQw9NOKjzOKSu7R1ba3ur6vbRI/Ic44szPMHKTqyjG90m7XTtrdaWta3Xa+xyFj4b07THRo7cJJ1kuLkmRmckqCzMed3B+XHfnaRXY28Ks0apEsoCckFgFPGCoHYrwF6A5IBwKjW406SMWt0xKyA/MTlY2X7qlgO+OV25H04pwmXSnczMqWapvjnEinqPlX5ux6Dk8scjNfTyUaatFJLlVtlG2l3e1k0t/n1tf5hYmrVac5uTbi7PVttxT3VtXbqvmyGfehCyPmIHpu4GD8qlcbhg889RyOgzlam0MUMsjnapQbgGAVTkAZJ/gyTjjHqM5rE1fxHDDBcXcjRW1mCzPcXMqRhVU5MpyygKoJPXPYH5q+VPHf7SGhWkk2g+CLG78b69I3lhbTmxhk6FZpBlQoJJ+8eAcHqTySzGFOLjF809OWK3fRaJXTvu7W73OmOHrVJJtKNPS0paNWfd/zLzWiVu79Z8dJ4bvIIbq+1NNJvLUebBrluyxT6a0eXBEpZS8ZIUSREkOMqM84+dPEn7Us8SDw94Otk8ZeJbFWtJJrOBhaMEBRLyedFZVcgGRxn6Eg4ribn4cfEb4pP8AbvH2sSadp8pEkHhrR5WjiRSMok7oVHygqr55LZznknptN+F8fgvyrvw9YR2qWqBb6Hyfmu4lKq0jSYJYgcsw5GCc9M+dOWOxN5cv1eEt19p/DbXS13Z+Wz00OuP1Sk4qb9pPSy6XulZu+qvbSyTutTy258IeO/iRfJqXxI8RXYt5WEsXh3Tp3jtljYBjG+w8lRt3FuwPG3Fer+HfhpoWmJFaWtvBaQsq+UixjzS6kcySMN7NwMDODkn+EmvQIYLGe3jvbNcugUqFOQdw+ePdj5WBLcHHXpwcVZL2Y75YhtNu+V6b0bnI9snGDz2wvJxhOjTpOMm3KSUbtu8m9Frut+m3lbRdca05Qdlyx/ljZdFZO2iaat5HpOi2el6XYeXGsayRCNFZdol3qBg49GxnjdweMjOM3UtdmjeZgT5ikp2b5DySWB4IPyjjkjkcEVytlq8zuJuFl34C4wZMgk4GTklsk9+euRk19QuwBJOdqGQOJMkbFOcYI4HXPYAde1FeSSpyXK9LtJXWydtn0u+3n1KhGVRRbinJX6WWln9ytZ69eqNV9UjlVJA4x0dByWYggjngDjG4FsH+7jitPcRtCWX5EfAwpAcnI5JOSRg/f74GeOK4WbUIooxKzCKG3YmSRnCxkdWIJIwMsBjJ5z1yAfPvEvxe0bSFlhsJBqdztyuzBgjzwQWXK5B6ZGWIzgcgZPEQpxtJpXSai97tK9tNk72d91ZHXGMVFO8b2V021fa6s3stdOlt9revT6sdKuE1CKaOKAoIr1pGAVkOSHJY87DkggAgDknNeWeKvjTb2E80WlbtVkV8eYWzCp6EFjwwXktgDHrXiE3iDxb461CPTrGG7v5b0FYdM08OFUOSEErgAELu55z6heDXtnhb4C6F4Xt4Nf8AjV4gh0W2hZJodCt51N1MGO7ypYwS3mOSBtIJOeWxg1w1sfCEJJPktre99E42uktX2sm300bMpV6cGkrcz0jdvVe67LZt3ejVvPTbiNKbxl8SNajt7ZLm8inzuhgDxafalhuzNPgJtVeck4yDyAMn9aP+Cef7C/gj4/ePtT0DxP8AELS9L0/wVp417xytm8CyxWaK0v2CG9ldYUkkRHDOJcr1IzX5HfG39otvDFuvhT4RaGNL0a+ZoJruGEf2nPagYJjdFLR+YOjbg+Ceh6/pL/wTA1D4E+FPgB47+If7R/xvbwHoniPxNdWuq+CbfXH0zxLe2FmuWE9zGxurmC8XIWA4TBK56A/FZ7xEsJgqtajTqV6qWii7NydtFa9vXppvdM9rKsueY14wnWhST5bSdpcifLqle17arV2avK2p/RL4Pn/Y1+Cl5onhj9lrwHpHxQ+LeqyHT7PXNQgXU4PB1lblo7jVNZ1iWN4IxG4dwsbHzMbQcjNet+Lfjvc/Dfw/dXvjj4gaPazxQyHV9auJ4LHTdPYBmlg0mB2XeqDgOgBOBhQcmv5uvGX/AAWp+FHhzVZvhP8AsXfBu2n0XRdOudG07xHdQpDcahJHuT+0NRuGVpJoFYmfMkqmXliAOK/J/wCOf7WfjDxzdXN78ZfGmp+MNYlne7i8HaLfywaBp8hckQyxwyBcRDajxHII6kjNfyPxtkvG3iLm0aEa9bKMsgknGg5RrzSaUtE023fWpUmoqySSSR+2ZBR4a4cwTrY2VHHVG7uVeUaspTi4u3N8MIq2kKfnzdD+gD9ob/grL4dhutQ8PfA6BvG+rxNLFeeM9Xka28NabIGZXnW5lYC4CEM21MhipBJB5/Bz9oX9si98XarLrPjrxzd/FPxKHeSHRYLmS08HaG244jjsoj5V4Y2OAXO47SQMV+c/jb4u+J/EcTWvnLpOhYby9J0oGC3jiVvl8x0wXbkby5OSSDzwPD5dRuDNI0ZU26srFXPMhB+64LHBPGc++D3r6fg/wMyLI6dKriaLxGKTUqleteriJzvC7nVabSu3pTSWj1et/NzzxYxM3LB5ZBUaSXJDkgoQhHRLlhFrmS7zbVrWWp9b6l8ebDxBdT3+vX8sV5HbymCCytUFjYpsysMEQX75AYLIOVPOOOek8G/tN/C3R7aI658OormTTYxLZ3CyE3WpXW4s1zd8fJuBUhcYGcEAY3fBd7dmVgbbPmykmQqgVF4XAHGcD8RkEZBPOPL5y3C7pDLK52ADO0DAycdAM8njjAOcdP6Y4EzDFcB5hhs0yFUcNXoWcOalTnFNJWbjJOLtunZtt6X1Z+c4jOMfm9OtRxlepUpVmozlzSjJxbjopRala19nb5an2d49/an8T+MX87TrS18Oab57ta2tmqrKYwcRCaQAE7EwpzkH5iDyTXh2qeIvEfiR5L3VNTuroPgKJJW8pFODiNV4yByCQM5OMnO3yRxMpWISM4Eu044QBuWJbIXuc9CRnAyCK7uDxJo+i2KJcGS+vjCRHbQnMaMRzuABCDopORn1wOP2bMfpAcd4vCVoZrxDjJ0aissPCo6FNXte0KShG1r2ult2Z5+XcNYCripOGHhzRik5v35t3jf3pqUtW7trW+upcit1WMgAMScksACxwCrOS20KD0528EjAzileXtlZwobq4jRwMoqYZsZ6KFBIY4+9gZ6isi1bxV4smeLStOuIreWZYoYrK2eSWV2OFRGRfmPzDJXA6sWBGB9n/Bn9gT4l/Ep7TUfESJ4Q0RvLea81Xc1/PESCxht5OI2dGwuegydxPT+d+M/GzAZbhMRjM1zaEIRlq6lZznKWl4whzc0pOySSvrrufoeR8C5lmWKp0cFgm1yrVw5YxjeK5pSaUUtG27q22qPio3d9qtzBBoun3E8k0ixx4jaSSWSQAKEhjUsxckYJVQQd2fT70+AX/BP/AOKXxSe117xks3hHwt8kr3OqoYbi4i+Vj9ntZNm4FThc8gnBx0r9UPhL+zP8BfgBp8WoxaVaeIdft41aXXddEcxjmVcs0EcqkDkZU4yTgEjjE/xI/aAluEOmaIQIceVC2BDAiABWkigjIACjaAwxhQPcV/I3Efj/AMUcVYqeV8EZdVjRm3Ceb4uLUIxejlRpPRvVuMpNt6O3U/X8v8MsiyOnHG8SYyFWtFxksHQlHlbvB2k/tLTVqyts2rGB4a+EfwS/Z/sYbLwzo1vrfiWOMq+rXyxXMwcDG9SQ3lR5JIAPUkjnFfmZ+3H42Gr63p0fnIz2un3JCBgFjMoP7tSOoGRgjuCcDNfSvij4oW2lxTNLcPPqVzu3P5nmSM7kjAXJCoTk9j+Ar8qv2gfFGoeMPFktraQ3N5OESARW6M6oXODuAwAFJAOenHPGT38A8F5vUxlTOs9xmKx+Prc0nVxMpytJtX5Yy0jG17RW3VWuebxbxpgIU6OWZZQo4bCUklyUYxi7R5Wk2rO+l231bbejP14/ZE+OVn4P+B/gvSJrxkntLa7kSJZDsDSSZ/ehQMAZzk8jgnBDGpvif+2bqt1ctoHhuS617VWDRR6ZpnmTbXY/KJWi4XBJy0m0EDkcAV+YfgO28XR6Tp2latqY8OaJa2qpcCDP26VCQHQKBlZG5Cjk9BjAr3m2+IOh/D3SrpPAmgw2l6bZze+JNVKz6nfF1ODC7jcu85OFOOrcgkV9Zh/DTLFmFfG1MMqtWvXnXqJRUVeclJuUkmna+qjdre6TPisy44xdeEaFKtOnCFKFNLmbaUIQjZRTs35dLd7W7vWV1vWoH8U/HjxsfDGhqTcWvg3S7pn1e/C5It7kKwMIfGCenfGOBxer/tUXHh3RpdE+E2nL4O0Vg9ujWqL/AGpqI6Ca7vCofc2SXYHOCeCDx8wa9f8AjXxveQl7a71XWdYulFpDiSdwGYALEgDhVbqGIABI4JBr668F/s0aX4H0zSvG/wAd71NL0lRHNaeFredf7SuSMOPPjGHVXxhgwxg4IOK+3jgMuy2lGEoRdklTwtGmtZO3Kowim5PS3M1broz4qpicXjaranJJ6yq1XJNvS7ab0stUut92jzfwJ4V+Mfx01vS1l1a4tfDwvEuNa8Q3wZLKyhMgaaYzTMqzSxqS2MnccfMf4f0f8aftefCv9mDwNb/Dz4GWyeNfGttbrD4j8ZXFmi2ceoLGBLLHJgkkOc7A2BtXggZPwX8e/wBrbQIdJHg7wFpceg6BZwrBYaPo7rA1wFUqs2pyxKp3MCGZHc7sntk18t/BrRvGnxv1PW4UtbxtHskZ72LTLd3CyzEBUnmAKLnj5mYMAScYya3jkGIzfkqY+i8NgotOGEi0nOPu8sq1uW+mqjsr77gsbTwrlSoVHWryS56jbaVkk1Houutn12srdX8Y/wBpb4rfFjV5bjWvEd5fS3JJcRyyNa2rNuIit4EITdghVUBjngjkmsLwB8AvFniOey1/x9Le+GvDF4srjUtTEsV9qSqryKthbyYcrJwA+0BQeOTz+hfgr4E/Dr4V6Jaa74tstHvfE1vbi7tdNvJomsdLjCho7y/kZm+0T55KEDBGCM9PmD45/H+58S6nLa6JO+rrbf6LDfLCsGn2cQXY0VhEgEaRoBhGAyw56cD7HDZM8HSo0suowpp8usadkl7t0tlzNb2vpojzI1sI51a2Oq8yUlaDd25XSbir2snZN21d72I/gz4W8H6No2v6vbW8Ud1aa9d2Nnd3hRrgWcMhVZkVshXcDfk4I3D5t3Bx/E3iuPU/E9rHvSRJbpIYNmV3eW2NxOCp5JxtJyeeRyPlTwf451lLHxDpTahI4m1dgiFiCjSyHzWAHABBPTHCkAjjPrXw8RvFPjiytEWSaDTURTIudhlXaX655BOG9wCOev1nD2U16mY03UUqkpzpxtvouTddLpN3td6Xs3p4nEOd4SllTjh1GjClCUpXaXM46q8t9le+uuj3sfoDo1lNL4UvVYZU26xrgABht9Seg3NkY7Dp0ruvgbpsdj4m0lsmPNwwY4AIOOhIJJJGMgkY+9njNbegaUkfhbZLGoDBTs6EAAfe6gAgfd7ckGtHwOINJ1vT7hW+VLonb0HzEAbT35wARgDpk81/SWF4VtRpuVNpyhB3bs05ctt3fdrTa3ZaH834jjzDUq1RqtGTUnqmnb3lZdfN+a6d9b4hW+oW/iHUp4UdY/tTEMikBw2AME56nhl5GAQABmvnz4h3Fzb+F9VglMzyXKmMgZyC4+UAnkEbuMY75B7fW3i7UYr+8vXOIYN6Md4Ulj8vKsQeR3OeWIOScmvmL4kXli5tdNVjIrSCWQY3E/MSScgZ54OdwAYcZIpYzKMPl1BScYc/Ly8z1u/dTdvNcza6r5smhxjUzBVHSqNxhCSWqXve7bS97atbNaNnzL4S/Z+8O6/ZQajr0LvPKSRHgJHGjuTvk5GTnBBI9h6C54g+JPw6/Z68f+H9AtYF1RnSIX0ZKNDbwbgSjhSwUuBhmIywbjjmk+LPx40X4aaa9m08Z1BocWem27gzOzIFRpApyi7iG5PygHOeh/Li91LX/H2v6j4ivmlnvL27Z/OkYuLZNwMcatuwNvCLjIOByeCeHE8RZZw3Qw/1ahhp42U6dSo6kFJKMbOSat12Ta0u7+f5pkXB/FPH2f5ljc5zDH0cgjTrYfC4ejWqUfaTu4xlBwasoJ35rayTR/Xl8BP+Crv7KdvoNrovxG+HHhu2kt4I7O1k+z71MEMQjV1GwAMzAOecl8nIOQf0Z+F//BTP9ii6trXT9dsdNk8NfZmaG1tNOgurSLzGJRboSIsjEDjocED7w5H8GmhWV9Fcxrc/vtjLEnnAnGQSMLkEZxnvzz3r6E8B2HivXdTbRNHFxcXTjEMGnlw2Cc5cqSoCjkg4wD3XBHorxqyudOpTzDLYRpcsVKrg8TWws1aKTlpJxXdcqTXbY+exv0Pak8a8XkvE2a0q1SpOVKni40sdG83FuE/bRlOceiTk9Fp0v/fJ4b/bJ/4J4+PtDutLt5fAlpeC31FNLOp6Za26w3LwyG38vKgGUyhRgt2APHNeGfsg/tTfsNeOtU1H4R/Frw3oFn46svFesR6P4saFbHTr7TYp3NuLe+DosLmJcRxAtvLZyMcfzlfCH4D2elaRYaj43kmvtStLiK9eytpZV8hAQ7C6IcZPGGLdSMZIryH4xaHql58VNLuPh3e30ekX2opNFa2HmLNDcQOsbCPysPt4+ZgcEYLAkHPx+J8b+FMRSx2AwGHzGnGXJWjiZY+tzUKlHmVqU9Pdne842lGUUvdvqfYZJ9DnPsHUw+OzzNsFjJ29hSwjyug6VaFadN3xGHu4SlFWjCpFRnBu6ff+5s+J/wBmv4W+KJfEug/FK6l0WPTney8Bzay+p6XqsmWjW2ls2LhVk3BFGHBVgMscCv5yfin8PvBPxB/as8f/ABPvLDQPDnhK21CfxFc6HYPDLDdXiSNLZWUUS4CyysBJJBGoCtgYGWWvWP2S/wBnD4tfGPWPDPh3Qb6bVr+G1t5/FHiW6jkaz8KaZNGpdZJnYo15EpxHHnJcK2Rkmuu/ah/Yy0v9n/4meFp9E8TX+u6LdTm61eG/maS51XUwxNxK8TMSYRIz7FywUEhRkiv49408YafE+d1shwuIl9YrqdOU1JObhBJOUqjUXKdm7tPmg2m0j++fDXwgyzgDKqdKlW5qtKnDEzwd/coqXI21T5pclNNpRp3sl8Ktc4bSPhrp/jefTfiXru1tRu9QEPh/Swirb2Gl2ynyXlAGEURhducEdxtOa7Hwx8R9W/Z3bSfEGiaFJrJ+I/xFW3urOzjYlrXSd0QeB0BIZnK4/wBojPIbGt4W0jxR4/ubHwZ4bia0lvtQS1sILYBbsRylRNIq5DJDbxkyPtwMKcAnivZv2lvg1pXwJ0j4XWy+MUvte0Fm1DR9IVFlutT1W6mi+1TTQAu8SCU/uyVAcEnsTX5LxznNHL8ieT4yUa/1lSi1zxjJU7X1SkpJNqzle+7vc/cuFcrlmWcYevSptS0l7OcbRqRp2vvpZq93e1mlbVn3V4I8Q2nxR8NaprHiCxvNL1fXCbeTTNRTfPDBsASJ1cEH5TtDMqjA9Pu/z0/tLWui+BfjD440eDz44YdRd441QKgaVtzYUDGP7uPu55Azz/QR8Il8QW/g7/hIvGVvDBqOoafbXqkxrF5KNECxkUD5G2nkYGc7jyRt/Dv9p5NB8VfHjxVf2Vnb3FvCpjuJ85Vp0BDOT0OTnn06Nmvyz6NVarR4szqNBy+pTlVTjGU5QlN1E+du7i5e80prfTWy1+q8VKMKWT04csFOFSChFPSHupTjBK/up76/JHxrc+LLNokMImLhTk+QSvPGOMDkcLjnPJPBaqsesWkw3rBdk7MllRiS2cZwVz1HJ3bQRngYr3NtD0dIUb7JpqqAEdSqKWKkYBOMgZz1AOcHOTgY08ej2sjxoltbvt3OU8ooq84LHOMA9Rk9CQcqc/6CYepCajqmrJ6u17ctrpat36aaX6Kx/MOIhJS5pSil8V9d1a2iUr3fTS1keWw3yl5CtjetcKQ28xldwx1XIOMDAJHBzuyep0Syyqkhs7mKYqWLDvj+I8cjgYB9duD36N9QsIJZsXVlMGySwaNCqrjIPPpj6cEZB4kjvdNMMkjXcDRuoYIJhlBwcKxBwO+3rnjPAFaqcebST91y3tZLTq1Jt26q7tfVRvbznzX3k9XbdXbcWnqndtdUvJu6ucrG1wJjstrhpC6gEEYAz3Gc56E43YJHJAJrqgsggV1tbhX4QgtwXIHJBz8vIBwe2fow3ukxyRs1xbKrkEFJDw3beQB16D09TxjTGo6e6StNMhwGVZI33YGMDjavLDnJHfvyK0Utk5J6uKd7rmfLdu/S1+qVtG3bVRvJWeuul+7tfdf09L2RhTR3IPnNFPl2JIIBBHAA+hI55yB6niqskF06iSMvGzgyFAAwK8svPO4E4Cg9ie1ag1LTpGkxNNPGAFXDfK24YPJAIOcYb1AI7kO+22CxurRXJIIAUg/IOpYBRz6AccgDIIIFQndpays9G5Nu/u9dE2227bdeXU5KkVGWt7Pu9btpJtJbemm+j2Oee0leIfaZGC5ITeucc53dcAgYJIIHQEcgnNlW2t3zGUcsQhdmK7c5POTjGTt47nJxkk6Gu+JLXTraSQ25jjhVgXmcIoBBIIycHgcjPfJHcYPgrwf4i+KMd34r1ydPAXwk8Ou9x4h8Y3zfZ0mt4vne30zft+1XUoBSNY2OGx3Arvo0HNyqN2jFc0naXTkVuiu/sp36v087EYmNJpWUm7NuzdrJLy00dk76K9tUdj4F8B678VdcudM0SUWekacpn8U+J7uVYtK8P6bHj7RcXFw+2EyCIOY4RJuZhyCevoOq+PIPHl3a/sx/s2zzWfgOFx/wsXx5bBk1Xxi1pxfu9yhDppqlZVhj37HGDXy18RPj5e/E2yuvhT8EbSfwJ8E/DkMs+sX6M0GveOZrUEPqGs3sZEskFwylkt3chVIXvTv2IvGq+EdD+I/iiK4RGQ32nNcu6t5FqokG9HbldqLlgCd7dDjFehluRU8zxlCeKlyYeHNNU9Ly5OXdaXi29b7XbWup85nfE9TLMJVWDg515OFNzWvJ7Xkimu9m01bz9TpdD0vwdq/xobwnp+lB/BXw7t72AmSEFdQ1aONk+13J6s/2rhWO4jGSRgmvzz+NUN9pvxm8WRwT26faJomvPJVZIrGxj/fAQuSfLfCgEgABhz2FfaHgP4m+H734i+J7fwjD++1qK9gOpXUgFqreU0lzcvI2QZHlLGPPOMY2jNfCuv8AhTX/ABl8V/EOnieQmOSe+8T6gDthsfD9ll5ruaUkKiyKjeWCQGZgo64r4jiapWr8RyowdsPh6MaNGMY2hy3iny20d1o9bX67W+x4ecafD9CtiLyxNaoqlabdpJuMW1ZJ31aezSS3Vz5r/aS1ODSPAPh/SLe5Zrjxhqlxr12rECX7LaMbaASnOSrqBIFI29xnrXxDo2kXHiDWLPSLSOSQ3NyiOyEswQtyxAx0X5sZ4zgYAFepfHfxp/wmXji/uLKTOj6TnRNCjDYQWlgfKWcAg4M4Qu2MEsWzngjp/gTbQ+G72DxNqsKkMpSAXCja5DE5RiT8zLkD5SN3GeBnoxeIWBy+TUW5KFop6tyaS+FPR3a63s36nkVm62JbbtFOyvrpdNq2z1alve+66q1401BvDtpa6BYtJHLpNqiFyWiABQBzggcs33m54z1Xk+QweIL2OUCeRX3IzsCSRGWOdwzkZYenXq3INe8/FnVdA1q/a9ggEVxcEvc2y5bEJ+6OMAFuM7ejdueeYtNE8L6po9pN9i+zXSjy2ijJaRn42MxOCBu7cEEgADaCvyuDxNKlRhVxFOXPUbcm00/iSbd7q6Tutb6a361LmulF2etl8LWsdk1Z200urpWtdHm0uvXVy6WyPLBE6EMsn3n3HbtU+nTA5HbqOOv8N/D3xVrDRGF3FvduxikkJcMyk4G0klBtGc4G7jGDyNK98GWUcona6AkRVVIJE+ZXI3KcgHKYbJOewO3Nd7omv6t4NtLcWNwLq4O542zvEa4wybMEKoII5BPBAOcg7YzMbUv9ijCVS/u3WkVdKyVm3fppd3fWxzy0TunLVxe+msVZpO7k0lZN7t7aHll5Y+JNG1A6JdrI8sN2sQDI5ErFhjY5OCOAejN0ON1fRfh/TNLt9HSfWJHstQhUXDMHVN7IFZIIFHzBm3cnkjtkGvLtZ8ZXOvtDLcW8NvPbu87zsoH75TkAMRwSQD147HI4zbOTXfFUqpNLvNuxMawHDJApG6ZlBG6NQAATznHGc1w4+FfGYaEqzWHainUlF26QdldXWtl5u/Yxi5SnorJRvq2k7KPMlp7u612bvr0NnxrexJeLqlv5pWUlFgmZmG0JjzHYgklhgk4xzk/NXiV34nZdQEBWJbWdkado+MAcEKQARt5B45yCDkAD07xzqTgJp6TrLb2UQWRyMSMSMZJPP3gQScEEE8ZFfPc8KPfLtZ41Qhm8wfLkH7oz1yQBjOMnnqDXrZRRg8LaUr3ScbtXktNXbz3Sav5MqMnGrd6Xatrq/hvfd3ly9+6S6HqNxbySXEMtr5sVk6KBMyMyELyy7s4Jxk5+ldnN4msbPTsWFwkcLQC3nQvveRsbSwU/dJOeuCd3p1paFrp1HTo9NWKBAkBikZwpEO4DMi4UYZiQG5IHTpxVhfhbreowxxafZzXMcrM4uooyVZs7hEpHViG52gn1AIrkr1MFSk/rnsqShJuLk1FS1Vr3ffXrdbbHoXVk4zadtVs7Wjvu171732S11PKL3UWOrRyGP9wzrIYmUfMAwwQAMkt146HHbFRa3qUrXwNw0ggMaBY5OZMYGGyo5Ck7QDjaOTycn1XU/hl4k06K3u9Q0S4SODdH86ssytHyHkGPlQY3fNwRn5uw861+w/tO4t7dA0dyqhS43FXYHaEwM4C4w3Uexyc+tgsfgcQo+xrQnGK0cZWVm01a34p7ptdDKbSXu2fk21vZ9bb9m9fsnJX91dJDs3Excj5lG8xkYHPTHXnkdD0qnol5LZXBmJ+7ucISAjKRyTg4JHT68jI4rdvbImMWkkNx5yNsZmR9vyDOdzLjB4yAe+45zXI3FpchmAXCxsVYrkE4+XJXCsOvYAkYxwRXswlTqwai1KOtmmrW91O22qs9L3v07cstHaTab1SSbta3a9rLXW7dtmtvorRNdlfTDdRwoJInCxXM535Lggxr8uMnBwDkDBAOASbkWs2+oyQQ3TopR2AeLiINjb8ygcEHPXtjGeRXl+gX95HoJtsOsCTDE7AlQWyFAHHU8Y555AzSWerRWkzPGGefe0flyYK57tkkd+eCegBwuQfGngY1KklC97qzvd/Zk+j2em22isS72V1va7e+vLd2atd/p6X7nxTPpa6LcRzvLLJM5LNHuaFCjbkx/DuJ2qwAJAJJ4xXjWm6mlrdwyTIk0SM2yPIXKdVBGep4IwOue2dvXal4hfUNJl0/yRvDlhxkR5BBlBAOQc4wcgYznOMeTCC5MixKkjTNIyqVBLDJ/hwMg45xyMkDBI49PAYZ0qLhNuy2vZtpKKv2ev5/IVlZaJe7dL1Su3dPrZp/hY9S1eaw1Rob638uNl2LLbIxBbqQT0ztJxznuM9jQtdJupbuOWaFo7WWUDLkglSRtVG/hBAAJxgL1x3PDWg3kjg3e+ESNiM3CEKR03jJ5wP0HOM8ei6fa3Cm6055I5FjKmOWRdq4GQBG3QAAA8kcc9es1aiotRjrqnoldWadrb+8rtdN7mEqsVJ2lHz6tarlT6q+61S8rXtwuvzRabdJZSeY2wiSMRuGEcYG5RuzuB+XJPtk4xWv4d8u6hu9QLIzAjy5BIA8IwcNyQSWQEdAM9D0FL4n0BbiXzrSGTzoY/LmlRcpuYEFiQSCA2RtH8JwOhI4+zNxoDLBPFNLFOSGwGWPfnAYZGSM49COMbs4pydPEUXCL1ello3sknsrWa2t9ysVHFXjy3i23y2b5XurW++2iTa662Xs8epz2+nXEgjeLCrEi4KrcZXBeQ4wdvGTgZI646cppFxHDqEbFcSzXqbkiILbi3y5YAlg2eRwQffmqF94gMukBAX85AI3HVFUtlScYLHHI45wADjri6NdxNqFi+5xKk8bZB3b23qSd38JA5xjIyvANcEcE6dCs1aMndptrltZa9ruySvZO2urMalTVu6fKkndpJa3a21va3Sz8z7A8eaf/Znw90y21SBm1W/uDc2mSNsdmVzyOWBPUHIKkY5y1fP+l+Hor22mkt0M0s0223wSzqxwSpB524IDHdnkg8E7em8Z+Nzrt9Db3FxPNBYaettExyW8zAVsDPygE7SQBnnnGAPQ/Afh62s/D8l4WjlkmRJY3Bw1oXwVlbkkdcjr0yM5wPBnUlleWydScp1Ks5SS3d5SiorR62Vnskrqy3N6EoVWlqrpyt1Uduul+72vtpoSaJo2t2Hhe8jgR5Z0AT7ONwjgHGZSq/IGIOWxgt06DI83k8PXujyX+p3iyxb43baQcymQHJU5OQM9hjpwOle5f8JoujaVc6SoFwHbOoTZy7ZHAjIByQM5GcjjoBivOfEOpQ6zbXMsbTCzggYJG5Jk+cY8zkcYPBB59QAxA4slxGKlVm5xShNp3ulbVPtdNctm27dFZHDmlejTtBSipWimtPJO23Z379NDynSLiMXcapujVm8x025Z34wFHIJIYHcOhB716ZpEcGqavbC5dlhtsAx3BXEwjId05I+QgDOcHn2wfLNCmVdbhRFkdDIkcUjLkxtK+CVU4OVGSB68gqea9M8c6X/YasNPvI7y6ngjeUonltbtKoBdVHIByDjnBXcTX2NZwcqUOZqpOLSb2t7qbV3ta691dHrZ6/mOdVI1MZTo35HVpyjGSs1GLUYy2kl/M7xTafvO7bJ/H3jq21e9/su3S1srOz3iExqGCSImxUjbCnCgEnBxyT6mtrwb4tv9T8EXHhq41BvKsLqW5srcx7RcRucSxmUDIU8Ec45OSeRXz5Po2o3KLcylUKAAgoS7FjkOWBzjIGSSCBgDOa6/wnrWsaDrMcX2OLULd1FsYAgw+/A+Q54YDhiACwOCo4NY4ujTWG/dSi5wV025O7jZyvq9JLunbR9Lng5pkmBeTxwuGnGrLDtVoJvmk6sbSfNZ6XtLVp7/ADPUPDF/cWutR2kdqTcSzQsiSNykySAxLGSc/MSFKDAII96+k/2nbPxNqfh7wXH4j+H9r4YvL2wgkj1SO2NvNeIFAileVQAwdUV9xJJHzdcZ8xt7fT7bU9H8Zajbw2jWKwXn9nrAWhnNs4kETsgADFVA5PBycZGK+1PGP7S/wl+LHgHVbfx1cSG/t9MtdM8PaVGkbS6JPFGIY5oZTsLwu3OzI2Dnvz8/TxKnONWkpJwlCNSNOKsnFqMr8sfdvFXinZu78j8SzavmtDP8hzLLcqrYzD4Wr7PMHhk3Uw8bxi5Lld3Fr3rSXvtJK12n+LWseHzFqr2s7FXWUCR+Srq3HUdXJDBRgA89CMmO90G80S8tku7a4tHkCT2i3ELo08TEbGQkFWDZUgjJPvnI9S+IHhs+HdauJlv4buKeFbi3njPmRiGQhos9QkyZXcDghiVPfGVd+Jte8az6Na6vPDcHQYY7SxYQqHkgZhsRnIG4qQOSeBlcjAz9SsbU9lFqN6aV5N/FFKzsop9d31/N/wBZ5dVVbLMPi5QlD2lGMpKompwi4x0s7NS0fu9Hfqj7l/ZR+LXiX4V6Jr194e1WzS7kt7km3voklFoLiII8kIc5VmUkYGcYPzEnI/e//ghj+1h4V+Bvx08WeMPHGsa1qNj43sbizurS1DPb2U8Je5a4a225dZJCVCkAbcA5xx/M3pHhDxRbbP7LgnM900ReysopJ5jDtUh2SNCXB/u8gZPpx+hf7KPgT48Xnim0m+GfhzX4dUitHW9ln0iaKzjRjiWV3kRVWNF+ZnxwOevFfmmN4uwmTY6eNeJw/wC6qxbo1K75pLms4xg5yavezTVr9VY/CeKs0weX5jVzLD4vDU8Xh60alFSmpVHOElrGmm2246NSTune62X74/8ABbX/AIKAXnxxPgX4T+BbVNN8GF5NTv7G9jVb6e7+YW0ojba8cJXa4zjJIGASSv8APU2kSwpHqBuCmpLvM4iUBvlwQFCnABAwcHrn3r71/bd/Z6+IHhNfhr8XPHmvQ69/wkGnW1hqkmkiSQaPqNtGsa2Vy0amKKQKAwXIJHCg5yvyppumS3cpiWEeUNrRtKMPc7hlUPQcrgE9CDzjJz89n/GLzGrDHKScZqMqdLnnJQg7StFU3FrV+7ro7N3vp/NviZxfHFYieZ1lSxFfFpVJzlKz5FFJJKDsloklra1meVR6he6jZXVjcztb+bHIDOQzSOP7rknb90DA5LcAHJNfVX7AP7IGh/tLfHXwZ4A8U+KdM8J+HL/WM3+rX7xW73aR5ZtMt5JmXdPeoDFHk7gWBXO1a5fS/BVrLqSWd5ZRabFOyySTTKrIuBlV5I8sMRggksuCOM5r7k/ZR8TfCL4FePbXxP8AE7wdf+OPDlvq2ny2q6PM1rdaLeQ3KSC/sxG6vI4RQpxgEZGNxIP6B4S8QfWc/wAPDFqrSpxlJxnVu4wnZcnxOV48zS1VtLN73/EI+IWEy2thaMaU4YXE4vDfW6MW1TnSlVgq0J1KSlOCcb3km5JXaTdkfnB/wV9/Y88K/sr/ALUHi/4UeBAs/hu1sbHV9LlnvFurlTc2wkdHlXoFYsEQ8AYyOtfjdpmkrub+0EHEzAdeoyQjALgIQMZBOSemck/0P/t5W2jftP8A7TPxD8a+E4dXg8NeJJLNdLj1x3utR02zjiWMeazktFG2P9WMgDpjJNfn5qv7JN/4Z1uWK/P9pWzKJbSOGAoZmkH7oqQCCys2MfdPJOBmv3jxS4gy6hTw9WnOM5wwtKGIqU4wjGVZU4c0pWbUbPVpNvte6v8A1bwF45cJ5VltXA1cbCk1Oc8JRnNuMaEpL2EYzqWnJqFleSTdtdVp+elzoOm28T3KxRW7Fgsg3sGXdkgJnBO7tg4GAfQHnZVWGb5BvgHyjcerdeRnqe5xnj03V+gXiH4GxLbzx61pj6dPInlWYb5AZlb5WkViWPHzEc/U/LXi+tfCC00MNDLGZrwZKypzDyMq2CcMRjAwSBwDxzX884bjTAV5zg6rupqNpN32UrJOzWuquvmfu3DXillOdpRp1Od3ilJXaV1Fq93eyVndKzR872MHlJLNOMJGkgWF+GdiCPlU/exng4yMEZBrtPArwWtnia0jQSTu4klj2hiTnydhHU8YYdMdR1rr7bwZPZxJc3tuLiVmZI0dNvAc/MMDkDn5SuMH6ETXCQWgaZ1jYEgJboBHsZcgOE6A5AOWwTgHnOK0xedUMTTlSozd6jirxbTvolotXu3Zbel7fZVOIaGJjKjTbk5ySUoSd7e7bTrq7WXX1L1reW0UjXT2MH2clkVWiULuYHnJAYnHI4IHQgHBpl7faRfyxDVdPsmt40Owuq53EZCsAM5HH3uhB5yc1y76pPOriVPKZZPlB4jySqgsckMQMYJzyMDk81pYYmTY8rDLI3m4ZkAxk4AI4Oeuck5/h258SCnGpKXt61O791qcr2Wzaeuv8vSy3scVR1G1KEqr5XGN03e7td6WdtdVfZLqdVNY+GLu1QGxtIkhL7YIQqyOhOQxYfNgcHA69MjIB8v1K1hsJrgwiQQb43gUE/KpIzvJAXJAPzg5PG5SSQ3Xi1by45LUiQKQu9slnVcHaOQMDkFM+mSeDXKeJ9XSbFuYHQRACVo8dQGxjkZGeMn6EggmvqOH8dWjVtPETqxu01Ny01jrq9HZXXk+iuz2MqpzqVYQq1JTUovmU3K8V7t7u9lZdFazTbexf0Sf7TftIxAjjiyPMI2s4Hy5J+XnjHOM/KOmK77wpdibxX4YhkSONzq9qGYEHMfmYBHIz/CeeV5z1NfPba1NZStt82MtEMBsFGXHyZJOMk5GMHkEZ6V0vhDVbmXxR4ecys0jX9sVdGYmMLIcqF67Rnp178Yr9TyfGzhi8O4zUU6tNpqWvxQb1urWta1rPyO/Nsgo1cJiKijC/sartZPmXKul3q7PVPt1Ptb9r5oVj8PQQPukaMGRmOQVEQ24PcdscckAYNeYfDP9lv4u+P8AQ7LxhonhKe+0i6kJtZwSwmWLDGSM7w2B94E8/UjFbP7R+rG9l0dZZY2CWkS7Dy+Qg3ZPYEYyeOCflyM19k/skfA/9sb4q/Ca38SfCLXBZ+DdMvJNMs7WbVTbn7SRufy4NvKMCq5x25Izz95xThK+f4n6vTqVJy9lBNwXM3FRitd0t73St6Js/P8AJ5rKshp1HVo4WLqSjz1rqHK5aR0vaTt21fozxK7/AGefjxZWwiPgu7SH7MYicrkYAAYktwAM4BBHXPpXm95+zF8cLxJJLTwo4kIbfHJKnmEkclAW5JzkAZzu9OB+o2pfseft9eS/9reIrNZShcF9ZZYmXGdjHYQCQDyW6nPHBrzO6/Zo/bUhmNp9u0yVsBTdQ622EA3bstswxYZ4GcnjCgnH55T8Np0Kspqhi5Td5ybhve2zSstXonfqdWCzzBwd/r+XycmruM25J+7orNNN7bK97nwBp37Gvxo1+eOHULS00GLKJLJd3CuFLfdcrkkhjkZYYB5Dc4r5l8eeENY+EfjnVvBviBrZrzT5Qss8L74ZkcAo6D7mCp3HHI9j1/ZV/wBk79sa4kK3/jbTbGNRl3GqlzHlcqThcseMEkn/AIDX4wfH7R/FHhb4s+KtA8X6mNa17TL0299fNI0gnZQBGVkOSVAAAGCM4weSDWL4W+p4b9/hqsIylyqVRPV2V720u1Z7W0u+p97kuIw2ZOUI1qNVRhrGm7/y6q+ln1Sum3a+w5Nf0fetsrbJ5AC0xbeFIGdwPbceB2yTnIxWu5juVV4pHAjjLZIOZTyxKEngLjAyQRjGck18+WZuJtTihGXcyY8gZJHO7BHXBxuHAz+Rr3q2haOK3immZcwKXJ+UKRztUluq469OR+H5rneX4bAVIOEm5Tb0bWmsXZN6JeVr2WppmmBo0/cpJXtona8b201fL13vrZtvqe1/B74P+Lvjdrj6J4bjtk+w26vcXeoTBILYHcELKTzvbAUYI5A7ceu/EP8AYn8aeDdGu/EF3FouvXNgkk99bW0scb20UKndKMsquucvwRn+6Dha+bPAnxA8TeBdYj1bw5rF1pzxuouI7eRlhuI1ztW4VSBIGALYbj+6AQces+O/2kfiV4/8NT6Fe6k1taea3nPZKYZ7hGODE7qQ7Iw424K8ksCN2PqcnzjgvB8O4qljcNjnnU6dT2ValPloqbSdJtJpJX+JyjLS+ttvwjOOH/EWpxZhcTlWPy+lw5z0/rWHqqbruNl7S3LFtyabUZRkkla90nf54WyhsFDva2ym4yS5Rd0DISAm1shieQMdQcjOK5fUfA+la+Xur2LEquHCqvkh4nIy2U4PAz1JJAyc5rpLuC4mEZ8zfKExHH1cHkHeDyGGQwPJPqxyBKkdz5cUUrOUfIcudgQLkFf4sjnAycccAZxX56s5xkKnNHF1IpSaSc2217umvTySdrK2p+x4PBQw3LOLlGqkk5RertGLk21ok2n3d9FroeF+JvhxcaWgvdFR57N32+SCTIAjMCoHPy5Hc54BGO/Mv4b12FAx0qdGKgqxBJkL5YcZB4PJJIP1xivqTyHCphMxxhzuZvkMY3DcD0PQ4xwvK5BG2tBbeBoURj5skgDxNJ0iwMsUO3GB0OD0GSDxXrUuNMRQpRVWnGu1o5XavbltpZ2fkk7LW57VPHVYpRaUnouZ+aSs2rttpLS2l7t9D5LttK8UWMu/+y7giQliPIOxhjhsnIXpgHoSfTNddb+H/FmoRs0WmvG5QEM2VMgPQjOevB55z1ADDH0UIgqQwFi8bgAyuE2oVyM44JVhkBc5B9hzGWME0cIdogXaNJ/4WU9Nq/eA7D3z7YdXjepUUWsPHm1bTvslGzTSd12d1s7K+r8vE01iKrqunHntZNRTbS5XdO+91tvo01ofME3w18Wag8kv2eNGhYmUyMAFXOOBkbsY7dOQehzbtPhpr9zFO1w1va20JA3twM9c7iBwwAJ69OOK+nfs5CeYSzRoZFkdG5lznjGVPPII6DPboH6hpKahoN0oLrO8MixwxnGCgJTeAcZJGMckYOT0xWH40xFWdKn7OnCNScY82vupuMdVfo3e2mq83ftw9bFRp06fNyxVrO13a6330Tala620Xf5zf4b3luYBHrGnN5mx5U3BhGoBzgjk8exOe45I9M0T4I+GruCNpvGdtb6hdKrCObYYAz5MmWJK59GI5GAckc+JS3t1Dc3EckpRoJzE0eSWVQ5GN2Rxgc8Y7YyakGrzltsM8qxhlLEF8KCTgKwJIU7uo/TANfbQp4yqoyVeKTtK8YWvdRfu+9dL3tG+mu23XWy/G1oXhjVTlJRs4wjzWdlaL39NVb0R9GWfwV8CDS5LfUfE8FvfxX8ifb7eZSsyLkqBDkAA8AsOPmwcNiveP2MvBPgSbxH4+1zxlql/p3hrwLpl2kF9bSELdzXQMUKTEHcqy7RgYO/jg4218Hx63cJkfaCx2bVY5O1iPv8ALYOM88k89MjI93+BHiC6ll1/wgi3dyniuey+2xQOR5kOnv5sjuox8qg7mb+79Dj7HgvDYyedYOEputOUuWnBRd3LlSimk7PprZNrszmeBq4XCV/rGLnXTirzn0S5Xq1ZL3uu2l05XbPsbw/ffs8+B/ibr/jmG78U301m0d7o8MmIUuGmGJ2RidyMAP3RAJJAYDrXk2tfET4a6t4h8eanpXgqKzHjCRre31bUpTPdWk02RJIWIJ85ycM2Mn5eQWAHid7q+jS/F62hvkluNBuvEen6TcxzP5aQxwOsMnooC/xDaAc9e4+6v2Y/AXwnn/bk8M+AvFekWOvfDi5vby+lt5Jy1q7w2CXEEbkBsrvbay4BJBAHWv2CeCzGeHxXLg6aoKvLDzqpRU/aSjrZdLrVPdW6W10cqUaUW6kpzVKM+WUm7R920krJOL8ra9L2Pzf0y2urrVBouiabqGpalJqT21nbWKzS3V3vfagESKXCMcDAGDnjGRn0LXf2fvjfdXFlaX3wz8QWs93II9Ogv7OVJrqaQBkVRKCSOR17AHGBmvrm31rw18EP21fiF4u0a2tNL8P+F/GGtJ4f0q+s0a1gtt7G2SNJAQyxBVaNyoGBn5c/L9IeLv219BvtZHi/XdZuPFGs/aBeWWjQRxQWdmN2BDA8a/JhQMMoznA5Ar8Jxc8vwmOrUcZWqU5QquLioJ2Sdndp3u+iS33aPhc+z7P8DmlGjk2TLHQq4eM5V3ooVHZKLa5bbK/vWa12sj4L8Of8E9f2g9cgtJNT0vT/AAzFeNGETUnC3Ks7DcrRgbuFIJIPAyRkZr6m0n/gllpfhXT4/EnxI8dxzactuJb6C1eK3igMY3MPOkkDEEDsuRnPHQXvF/8AwUg8camsyaD4e0zS0ddtrc3uLm4tSg5cMwUEqNrFgM44zkCviz4j/tDfEr4jeZJ4p8calfWv70jTbO5kgsgpzkGGNlVwGwAOcDnB7+y+IODsBTXsMBiswxHIv40vZ0lL3Wm1ZNq+trPre+54+Go+JudzaxeIweSYeUou9GPPiORtNtJcy5nqtWtbHvHjbwr+x38MdQsrfQNOfxq1oBJqSG5a5QSrwUZtuME5X5WPOATiuKvv2kvD2hTp/wAK3+GmgaBC0RijvJrGBrpQH/dkl1bcwGCGB9OcYz8YXfiNYgWRMBgfNY4V5QAApdmLenGVIJAPQ1zUviK4lTez7kYnYgIYp1BK4AHA5wcEdV714WJ4zzOuuTAYPDYKl9lQoqU0rraTV7Wte12lZaI+iw/h/Rk/a4/MMwx9Z2c3WxE1TbSjdxpRkklZNWV9XfRWv9sat+1D8R7yMq2o+S7IIpDBHFbRIABjZGqkFlwG59OAQMnynVvirf6iDJe6os88x/fvIiMZgw6M+Og6dBnoexHzZP4guHUxmRygycE7yxG4HB9RzyRkZzgnIrNk1R5ACgFupO7cx5LbemBzk8knBwSSQQa8Gpm+fYp2rY6q1peLcrbqySVkutno7JI9rC8E5TRcakMN7ySabvfm93VO297auVr31d0z1XxDLomuQtCYILS68pnjvLcbGeYjhXULg7u2dvXphWNcPZeFvE0j7E0PVp4lQ+TItvIVmAIKuh24weoYdeCPlqn4fc3V/p9tJK5le+tkD8ENukUbFBwDnkEYwAQQOSK/Zvw54eig0fR1C26EaRaGRGt41ZT5K4AJU5c8kZ7HnkYP1nDmU182c1XrL3EnzNJtt20a5rtR336vdXvrj639h0acYxlVjVslGTTtyuNl5q6a3d9bX1PyZsPAPjW9KsvhPWXUgBP9HfO7gdMKD/e5B2gc5yM9po3wj+Jd1OI7XwlrD/e6QEANgfK2SOp44BPXO3mv1TtrYxMFWZUh6JshRQWIGBuCg7vc9yMcZFdbpGqWWm7JFV2lidWkaIL84JPyk4B5wRxnOASOOfXx3DEMKr+0uorV2jq3Z+7aXS2l9Vo+55+Hz760lGVGEHZay5dfh3UV1euqvdryPzF0r4BfGy7k3Q+CdcaIKu4pbsyDkBSdpbkkgAHgkj1Jr7E+HX/BOf8Aa/8AGGiDVbP4Y+J4dJAEsc/2Q5ZWAZH+9lExtG5+NoPJG41+q3wC/a40X4J3ep3t18G9K+JdpqVnFbGy13y2FpMpXMsRZW24KhwSMg5wOx7zUv2+v2odcPjLRvBU+i+AvB3i6eY22nW9nEk+h6dsKra2N1gOHQZUMBzjI61+dZjTxdOrVp0sJOVNKyqSTvKV0vdjG14Pvq4t2tqjHMcVVhQdSLi5OMvdpw1jeK5XJOyavy3a1T3W1vyb+IX7JnxL/Z00vR9T+KGn3Oj3Wu28othFcx3c3kqp+RolZmiYHHmbgMNwcEZr89vEMuoy63NLp4lWySbAYcMZVc4MhIyHOMHJweAcZXH6mfFrxh4vl015fHfiC+8VTGaY/wBoatey3AtYmJ3i2SUkR8E8IMEBcYxgfndrOo+FV1G8gtp53tLyYyKkYZmcEneQBk9QMMOBkAcHn88xca8cRN1aElJttpKyVox913fvXs7NpJ22u7vxeGq2JqY6tKrzyTldOSUVFuMeZbJcrte+92k29GtDQ/EVqmiXsep6gYZLgMtxA0geQFUGNnYKScHuFwclhXDTzQzI/wBkuPNBn2pEeQkasDnJ6MwPXnjGDyaitPDH/CS31wNFiItZG/4+rlynkLG2SCrMN2MH+IkDgBgBVHWbebQLtrSOS3+8ls6RfOGZvlaUN2ypO0DJyeSRWVHCwjFuKcXO02tLp6edklvr3Ts9j7fMaijh1z7NXStf8b2srpt7X0stWdVeWtokdtO0o8mZDCEhYsxIB5OPmPqQOo4BzXIQw3EeoQ21hfu/mySL5cbbWij+bllZuSM8n+HJPGanktbq2eO5huRKtvEsghCMVBbhg6Nu7EfMQOhHoBkapEloouraecXs7GQGLKssbjB2Y5yoLAk/e5PetlTXs3FtWbV03FXvZWXWzd76Lf5nw2Ix1T2yoJOSve75VdaP3dXa7v21fkdpd3w8O3Mc1zbGa5kt/wBxcpIWZwD8zOvYkkBlOcjjIJ4597ma+a5ufLe5uJZV8toUyIgQGVWxwO2c4YnI2kVetZLHV/DZN+8sWqacsi25dt0lwGXoATuwQAWXkZYnrgVheHdXm0/ENspiM24yvMuY0kRup3E43EYwOu70yK45qnFNaKcfiV7qycWkm2na17JWs+lmXCHtKPNWo+98NpWu1eLTWmq3urrX7zv4LyzgSGJLpmvZIw0sMalQCDhw6HHTBBYYAIzzg1W07w7q+uaxHp/h/Tp7q61OU+QqAyTtKjH5I1AxkkEqARxkDPCj0HwB4WtfEt/PrOqSQp9kkiWWCMKjXUbHBK56BgM7cDAOPTP058PrXwp4M8SW+rQ29zahZ1vIbvyt8lskJ3Oi7siISFSAQSdp6Z4PzPEPEUcpwmIrYCmsRiqVGUqdKNrSqKKtzR962srO1m+i1R8Pm2Ohg5VKVOk3WnBpNK8XZJJtN7J69Nnbs/YPhJ4a1/wFpdj4Y8TaQf7V1xIGtnuoQk3m7VMccat8wZXOGz0IIOcEH97fh5+xb8MPiz8BdFsbfTU1f4t65bt9vuvPjil0y5WPda208ed6wthYwwAG7jjqfwp+L/xm/wCEkudE1LwlYXscNkYQviC5gLNb3agEo0owUV2GVIwACCBnmvN/Bn7fnx3+G/ia7ksPE1/FdQzo0N7aXTREzW2FhUouFlBKrngZIwQO3reF3FmOzDL/AGme5VBSqppp3m6Tai7cm6T7yaduh/LWaeFGb5rxPjM/9tPFU67qRVCL9nKnGShJ1Iz96KaXuwThpq2rWPov4t/s92vwG+Llz4X1XSIbfXUke2utLu5o2KXJZkaSN8nfHndKBwQD1xwP3m/Z4+Nd78I/2PZx8P8A9oHwpDcQ2V1bXvhrU3hjudP1GQkNYaehcszx5IjZSGMo5x8wP85niv8AaV0f4maPqnxI+NGnaxrHxPN7Hd2V7ZXbxm6hYL+7aMcBxu3Ejdk5HIIx1/g/WfiN+0hJ8O/AfwP+Ek1tDol22v8AizU5Fnhs7XTlfzbzW/FOoOVtYobWDfK+92yqNtGSK/pDheGX0alV0KUXh69n7OceVwatJKKtZx97ttY8nB+FfGdavWxGFxeY0sa8LXwFGvDFVYSw+FruMW3OhOm5e4ldNKLkm2tkvcfiF4X+On7SHjG61Hwn4P1X4gSLDe3uu3dsPt01qsIkkkvL6QlTbRuVLRRk524woCjH5g/FPUfG0Oqx+Ebe3mv9QjvLiyvdNt4S0ljPayNE9jJhSUaIqwcjkHJBxkH9VvFH/BQ7wh+xLN4s+Bn7IN3ZfErxF8RLCSy+LHxb1BRc2mkeJLu0ktLrRfB8bBw9rYyu8UVzGY03orYJWvz7+FfhPxnqfjPX/Enxg1G6+Hcc3hzXdf0rxHqNgsza/qE7SzK8pOFEtxKw2vkOAxHIwR8zxng8vq42FdV+arzN1E5Rk1JuCUYy3kmtFGyUdnbVP9P4Y8F6XCeUZXTSeNzOEqtbGc1JKCqylGUakZN3m535ryafNdWdmfl18Yor7UdQaO6tJbO80svbNZpmNWlDbcfLhi6D73ckZB6Y88tdPmt9OdLmORrjy0lhMrbVTactHnOM9yeQB2PU+6fFyzu7vxFdXN1ci6fdLNFc23S7aSTP2mQDG13BBKHo2B6A4lh4Pg1bTrmTVdR8rybFmtoGIDtuVjnI2guDjIYHOQR7/J1MZQw8YUudW5opWSu7yjdtu6Tumny3Wi8j+0uDqdXD5JgsNOnCMoUoJqMYxa1irtX0btZpN67anhUuoqsgtmeOSGXa0sMBORJkYXIwWGRg46Zxx1rdgnsENtO0bSoqnzUkOBG46Bc4OQc5PIHHUmuSv9E1HRdUkYrAYokZomB3AxkkAtnBZiOeB1A6jFRRvPcl/tDlRgeSgx8y5JZlxz1AyO/QccV6DhSnTjNTesU1ZRi0rLRtWb2vf5WPtVShG0kuW+qd0rWs9b2euztqlbQ6PWPJv5Gnt4lUhHkDSEZYY2jk9DnpxkduprrvC2neFG8C31/d3hj1yO/2kRSfPgH5I44+6s2QzAjaecKeK86jvTFFdebFNLHFEV3kZ2IM5Kkgkbs4xz8rdB25C317yZXR0JhaQNBCFxs6kNgnDkkA7SemQe1VCjKpBqMr7PtpdNLRK9+rt/mbR12t5u7b1tZ3t1623ffU9cm1SS1eSJog7SbRCd2WVWAK9M9yfu9cDIywFVY9QM0m+4wroAq7SflcltpI28EdiB168msS3gluDaXYud7MvCqQUTI4WT6jJGevOM441H026WZZpfLPWTapVdycd+MEn7o444HvySjy3jrzXk9UtdY9Wtfm/vs0PWC79PsvdrrbzT1638z2j4U2F9beMtN12XXbfw7DpwOpLqF4I9paAeYsMYZsSSSN8oJHyHbnGSK5v4p63qfjfxXq/imVnvTPeOpuFgVCtunyxSkJnBl27s8ZyMk4FYth4d8QeIJY4oDE8ccDSwwvMdkUYH3nPA2YBypxk9iTXf21vZweFpdKtrYJrMazC7ndtsdwI+hXJ+YJ/AB3HbqOf2tKkr2Up9XZp8r5et0tX10T0tfrk5K9lfZN6PRe65PRNtvo7RWz66+O6RYq8sTSiZ3MrB4sYdh1AIJwFAOeB6Z5JNZepWm3U7mJ0m2N8i5yTGzgD5BznB5PToRkCuysbi002SOe8aSG6kYoxYFivzj5lHYADGMNxznNSeK5oEvLa8KLHa3CJmUEF5CnSQKOQT24OCp6cg6U60m1yQb5lzLrq0mtnu09lZ77XEpu610UXy6N3bty81py19V32ZwMnhdfsy+W4uJAjSSI3JRsnIZdpwR0Y5AHp1Fc3MsFoqxpl5GJjcZHDcqONuMA8Lg9cNwCBXsHh2/t5r2SMFdl0BDHLhTGnmEr5kh7ggg89SQB2NYPjXwJcaLqckbXEc8UoW5jmiXI/eMSy7lG3IBJxng7TznIeHxrVZ0q6cZWvBSTab0Vk3rezbstPMiNR3aktl7sbdVa9rvdpc3XZ6X0JPAGmyyTSySj5UA8reQqTEHOCSeAPr0BJ6Yr2/RLqz/tUadLGixSIPNCruQYIyinqA7cE4PBBGO/kmhobeJIkkIhS3XzcFdwYHkZGMg5yfXkMDwK6HRtat7TWLe7G8jb5LpgEDJ256kFgMEjggsAO+fPrylOu6lvcjKKTdl7t1za210dlZvbRXuOHvNyk1GMZKN2kk46XWquruyvfXVWbVl+u3hXxN4Cn+F+mWt74C0a7uljFoZo40YTxBWUG66/OCN4Y4YMCcnNfGvjjwF4evdQvptKslsY5pJXa1hz5cQzlQgA/hPHQ9CM+vp/hq8MXg+1ENza2cCwvdSRvMom2bNxeSPOcHJ5PQnGSBxxmn+KdB1i6ntLDU4Xug7Rss3yb23bdkZY84PQjIxwcnkfpGS1KdTBQ5nrZJ7fFZKz6vZr7nYzrWi4LqlHT3b7JO3k73eltV6nkPhXVfHfwf1xPEfgrV73Tri0dJT9leRYpQrb9txApCSoxBVlYYOSOSa/Q7wD+158GPj5bQ+E/wBonw5ZeFfEssaWdp470a2S1DzkCOOe+RQApZiC5JIJyQfTxS1+GN7qnlommz37XafI8ERMO44+VpCBHjDDJDZ6Zr5z+MHwS8QeENYiU2MSRXcf2gxW0iyTQBSAxdYyzKRztX6kY213YjAOVGVVpOCkk1bVWs1a9u/mvIulipU5xV7NdNUrPlundtd9dd+rPqz9oT9nH4heBdIuPF/gOY/EH4cTRNNbeJvDk/2ySC0dWKpdw2rvNEQpG/eoB55Uc1+XV/f34kmMhZpd7oYpQRJE4J3b1f5lfcPmyoIJOAOtfTnwk/aP+M/wC1Fl8Ma7cXPh84XUPCmvK15o2oWpOJYGtLgvHtkVewHDDpk19U3ukfsqftnW5/sy8sf2efjfNFuFnKiQ+CfEt+wGFjYlYrOW4lON2MDdkeg86OXQm0oPVrVNpLSyVtrNtem+yOitJYmCleKklbdWfRNaW17arf0PyTadg+4uTcAFigOQzkg8gAjBycnnBHt83ManI7zSMzlX2qRGMqjN13ABsZ7g8KBwuec/S3xn/Zz+LHwH1t7Dx14be2s3LLpviS0/0vRNUgB+S4stQhDQssvDAMVwDgY5FfNd7aXBR7rKuwbIZNrbSDwcDgZzxgEEZPBwRhPCwot3upRb1dtWuX8Hsmm99Dz5UnGz1XW1m9NGtn5pvSzTWlmzNmtJXs9u0kk7yr5O1ADjjpg4OCMnPrWGjuJ8FVJCjkngA88A/TA5zj6kjUutVnhgeJzl5Cqs2dpRcNhSACSBnGcglckgkAVyks6Euoc7iy55OCMgEg4Hrn1XJINZRSUurteyvdO3Lpqt1Zfj1uzGUNU4tvl2SaSekd12u9O19TYmubkSsEVjvVQ3PVSOWGAdowcBs/KMgnpTpI4Z5Y4WaURBFEmV+USYyAScKeSWzx3wc8V2nhO80W10fWn1IGbUzbrHZIqAuEP3tknY45yMkYAJJwRwttemTUDDzHbPJvXapLIgIABOeuBgnHVueDkqNVJy5ItWdteuz+y1dWdra3vaysL2MpSinKT1urpNc2jT0a/w2astbPU7jwt4Qa61myhmWS6tFcSyfZ42YrHnI3FcnAA5Gc4z2zX6LfA3Vo9Mlv2ntYBZJatZrwokWFMhXcZyGYEhmIHQZXgE/JXg74raN4Ygt7CLR7WaSMN5t1EUa4nQrwpZlPGT8w+UDPfnE1t8Sbmx1K61K1WZLO+yvkxnakfmEhkZQcBhncD1yM8MKIVuT4o2Ta3avZJRjfytq7Wd9r319CjCNN3V7rdyeqtbdNbt+d9X5H0D4tiis/EtzNAUkivLn7RtDAhQzklAAcjaADnB5OeQK+m/COsgaPbMjGQkIqYIOcIMAnI/iBAJ49gRX58al4iutSMeowTN5cexRhwzBSvJbnkg5Gc5J6L0NfU3wu8Sibw5axTIIzFIRKXzukUL9/GBtXIB5xzxng19FwvOE84opr3ZNbvXdXttq7tO1ldWV7HicW4hYbIsdXb5eSi5JWve9rLy0fnfvqfVdlqDMFDsct8uVy2xWUhstj5eMgAAq2MAfer5P8VkaNe+JohICslxPKJOc7pc8/KQeSWxzz1yMKK9mt9cQFEWcIGwygdTj3B64AyflJGCc5Fec+NvBviTxO+oP4csftbvatcSZIG+VcgLGGP7yV8bQq5LEYGQK/oDMquCweUzrzqU4WpOLvKKcbwWii3fzTafc/hrL8wzrPOMqOBwtLFV4SxlOcVSpzkkoVIuXMorSPKvebslbo7HxHY69f2Oora2V3LYLcajOL683MES1ckSMc43gISSAc5GBz09Y8Njwv4rF/4O+H1zbahr0Uz315f3FvHh/LAZ5IpnztO4k9SPl4IIxXzh8R7XxLpM97pmpadJpF1p9wyXULxlLh2cHJMYyQCpBB5yDg9K5f4Q6hregeIpdb0X7QJF/cSpGXQzpMQrKxUnpkZBJJJ5NfgSxt5VuSSdOUrqa0io23Sulq7Xu03ay1P9CqSn9VwNKcZSlSo04yi73vyRU0ldtybT5n3TWj1f7FeArbUfDvgiz0q5Eb3QG+W4U7Vd2bBAyxwOi/LnA5yc1JBePNdNaoiPcrI5kSCRXkA5O5kUkjgAHgYxgD5Tj570fxn8Q7Syia80G8uoZ18y3iDMIwGUMiuSuOTg53ZHO4ciuZsPAvx4u/E154z0u7t/C9lcwTSy/wBqXJWGCIKxZV3fLwnQZAyMGuSnToOcnOcJyk+bkThzJNRd1G/dLrtr3PoIY+pTo04OjUUYqMW3ZJKyvLrfV907WbPteC4itDEGyvmBQ6k7jvB+bIzx1wSQAMZySRnvNGunaRCDJ9m4IZeCQ2BwRluSTjJP5AEcN+z18IPFXxi8I6p4ytfEsF/d6RfPpkluTHHDcXEKfvplIcsq5Qsp27SAOB27/wATeGvEvw90q6uNWsJIYbYM73anzISkPMjpzyMBgOccBjjisI5jlkcVPB/Waarwkk6TlreSWivZSb0Wmqb30PRprF+xWKUJuhON4zurJ6Jvo+u2tkn01fm/xd+EWtfFG18Q3sN9DbwaNY2piSRcvMhYPIqcFlIAH+yccf7P1H8DvCVj4e8DaToEYcoLeBpRKNx3iIbyMjADEZAJBC47givzi8MftV3T+Pb/AMJaYjXth4jkFm0sxDbPL/dgohBA+bt0DY4Hb9RfhrqX2rSLAFAsmFikdSMkxqFbd/dIPHTIAxjFfQ05Sq1Kagm0kk+ZXduZNqLTstWla6dtdmZYStBVJ1oy5pykot6a3cU07eqSv6XszoLy0k3yLCDsRth6kAZACg4HAwMcDJHTK5GBYwra30nmKXTcxxISQGYgcEHPXtnjrjHI7a8/dtPtOQWJAJI+UEAkk+nUE/Uc4FcFqF7HZyFiWOCS4z8pyeee/Htxn2OehU37WG0WpOya3eik33sreup9PgcQrqU91e0fO0VrptZJxv8Aed0txaqiqGJKqSQD8g4GBnHA4yF5GepPBFpLm0IyhZiR8yqrEAnk8kHcOxOepwSOtcTb3azxKEUgSA5B+ZnI9yF7ZOS3C56AnG9aOHRF8sKwOxTk5LZ5BUYJKjORwCCSf9n3MPTlaLc3oo26tcySd7L+uraat2zxEbP3Yu/k9F7rtLv0W1lZd0dPZyRBt6hMNhuG2sp7qDz0xz/Ef0HXaY8bsSr4ZlZtztkk88Kc9+MHPPTHHPHW1mXVThY2jILAqArbgpB4zhSOAueTg+9dRZ27BhH5oQEqVUKRgcEAHrg5PXOccDOMdkKV2lze9vPmbWmitbS/Nb0OGVad2laKutG7cq93q/zt12O5t2jlgC+Yx2Zz83LHGMLjptOA3QZwO4J8g+M3x/8ABvwU0SOXU5xdeJLpdujaHwZbiVlOx51IzHCGwcsPmHAz0Fj4qfEe2+E3w88SeLryMTy2dq66ZGyALdX7KRBECSCwyQSASTjIIOAPwO8T/GrVfi/reo6z4tMt54jjuRJBvkWO3toEclLaBOibUwvy85APJr5TiTiKOUU5UqMYTxMoNuy0pptK8vebbas+qW+542ZZm6EY04tSrz1SV0oq6tfXz9NdFY+8bT9u3x7Z+KhqV9d20sb2shXwuYwtgMsSiA4O19h4bgjPIOBmp+0N+1rF8RvDGjw+GjfaHcS2pm12xs7hik14q4EZCFT5AJIbgDoCORj8j/EXjGZPEtx+9mnbJt4TbZ3RtwAoKjJbqT0O7HercvifUfDGjtfTLcJqGoufJSdGdfLcjuwwu4feHGD1+Wvyatneb1YVKbxTqRxkr+zlJ81/das7tpPqlK22j2Pla2OrVoyhUm5KT0u77OO1nr1enRpXR9HeFPF3jTwhrU3ijQdYazmurWeacxOVlhVgQUdA3JIGNpU88jHSv1S/Zs/aSTxT8P21DxlPGdZ0NpzMHZElns4skXBVnyxJx9zJGD8vOK/CPw945vdXE3mNHAXdEleQAGVCQCqAkjAwMqMg+pHT6M8K3EVldx3KaoLe0uLJo47ZXMQlLLlw21iCrkn5GGACFIIp5RxnmfB2IdaaqVadSMqboXnKN5NKLtJ8rlGUU299d2eNisPGrFQtZXT5rNu/NHT3rWTsrq/VW6W9P/af+OnjL4qeJrm4tGmtvDduJ7LTLSGSQQEI5X7U6qQrSOBnIBAO3/gPzrbWXiTW9Hjt71sw2UO+Fph8ssnAQKRjvzk4yQSM1Z1bxCiajew+Q6Q25eSAyHdbqVyC5z1LDJUEDJ645JsaD4tg1aFdMtpgbueTDDgQBDkHChRt74A5HGCa+NzrinNcyrVsdOEr1pyqqVSbajFtNLl0Vm01orarXc3pShTjHlsrJW9Ekm9d7u+qjdXS6WXLWPwy8T3032yKdYbNZo5piSASqt+8WJsZZdoO/rtBwSMCu41LwhDc2Hm6NAsV3aho5mD/ALqfYnzuO7kk5/DOAflHVzzXOnaReWwuGhWBSiyhyOWBLKiH5iTuwWBIAIYjGDWZ4buGgYyvOJ1khLPBKxEYbncGJ6s47kBuRkgGvKw+cY+vyVm7RjZuKfLFpSST1s9U7tLd222Gq8b/ABK9k37yte6t+vNZ/wCR4gmoPZxsoZ1uoZXUhS2MrlTuyPlHTIJwRyTnOOs8Nat9quxBNO0b7WlASQkuSDhF5GFbofbPIziu61Pw3oWtTCbTDHFc3CSGfaA0ERbgqylflBcHDjPOMcc1z+neDbWzvore1mIvYW23F0QBEMtlcZ9FIIUAgFh6kV9RT4hw86cY35aiteLTWq5eZKVvesk3rtZ3dtDNzho18T5U9H/d5rO9nom97aavoeh6dqEGnk6raXL280Ma+fbEcOF4YHdxuY5DZzycjCn5uusvipoOpRQWaXFxpFyQTI8rs0TybgMpn5VzjP8ACOQOcAng7zRrm00O/t2nWRmMjRyhBumYLuZUIx8vQ8ncOc7a8BaO+MsdzkuYpCpjVdoCRnuPYZIPfGCeOfsOH88xahGph69SDi1JRjJra32W5eVmt9HtvyYzKcuzejKhjsJRxEJK3v0o32Vt7yTWl7NpvbS6P0M0rxTqCSwWthcLqMUgQyOpLgJhSWIBABHXflicdDwB75oEPjLU7y1j0jQfEFzKkIlE0Gm6hNbmPBDOkqQFJkXaWY5OAD1IBPg37BniXwPo3x8+GWu/F6wk1H4b2/iSxj8V2MnNrLpzypG8lwrcGCLJaUbSCgPPJFf6MPgvwZ8Fbnw14X8SfDfwX4Btvh5f6fHJoGq6boNpMJNNu4g0UUhELblaNijMGyD1AIr6LMPGbNOE1Qq1HWqpThvUteN4Kb2dlrq9VqraHz9H6OXBfFNHEOpQoUPaQnFckIxbfLGys7K8undLZWbX8M2geJ9YtbyZGurrTtZ0uUN52nTTWl7CycL8iGOTKMBuZhnK4PAyf0N+Av8AwU5/aR+CyW+mXfiBfiP4QTZFNoXjCMXzNag4eGK5nDlCFygAGc/U1+4P7Wn7Gv7EPifSj4m8R+F7n4VeJppmt5fFXhOyltbHUJbpiBNex26GKTLsZGDFABnPGdv5s/EH/gkF4p0/4f6z49+Dnjiy+Kmg28BvrG2YLaXd0joJFgtURi0lwoO0oxQueEy3X9U4Z+khwVxJOOXZ2qEZKnFzWJUakXflTmpWvFx25tH1urn828dfQyz/AIbi824MxGIp89Sr7OVCUqDc4tSjBKMuSd7r3byUknddvevDX7SX/BO39sOCHTvi14Jtfg948v1EUmt6dGmnW73soX959shUK6iU52vGAxxlsfMfNfjB/wAEqfEj6XP4s/Z18Z6J8W/C9wpuItNiurU6wtvIC6RwCKV1ncLjBZg2TkqCRn8APF/9q+A9b1HQfFFnPo+s6TfyWd1Z3CtBf2U8TlWjcMEfK4O08HAU9Rx7r8Hv2xfjT8GLm2vPh38QdYsooWR10+S+uJbGVFYExtBLIUxj5do5PIBxtx+34Wnk+Ow9LG8O5x7ONaKlHB42X17ByhJRa9nJy+sUVqlFwqTgk9IJNs/m6pn3ibwDmFXCZ3ltTHxwtTlnVwzlhcWnHl5uaNnhqztHVOnTle69p2qfFf4OeNPhrqt7p3jPwvrvhDVLWSSOS21mwnggULlWdLpkELhmzyJDn8Oflmy1G+udSuILYYEZdGdELowjJySwwcORnggYHFf0J+Bv+CrPwz+Nnh0fD79sn4VaL4p0m/txZSeJ7LTbWS9tg4EYnUqiTROM7ywfqATnnKwf8E2f2ZfjVZ6v4s/ZE+LWnPcalE80PgjxFdxedDLIC5tkmmdZYVDEooCEKMDcTyfmM74VwmcuX9r4ehh0r82Ior6xhJxko2l7RQU6KXNG/tqcV2k0mz9t4N+klHDKhQxKxVCtJxj7OvF0K9NpptOm5yVXbSVCc76+6j8qfgV+1/8AHf8AZ8E9t8PvHup6JZTtE02jzbrvRLrYwIEtlOXiYuFAboCMkkA19V/B/wCO3wQ+L/xZ8ZeMv2tNC1e81P4g2tppsXivwmwtLHQ7qIKqX82lQr5WxCS8gVcnPJAJNeOfGT9i/wCMfwVmurb4ieA9W06COf8Ac6rZ2815pVxCrHDxXMCsuxwSwY/wg44zXzTJpP8AZs0EdlcFAPvqc5B5OJF6qeCDnHYk4r8I4n8D4JVcTky9nGtFqOJwc021K3vRdJuEk73lutE9bH9fcG+O+W5xGjz46jWkuS9Ou1GpF3iuVxqWmmtVrddU2fu18Uv2FPhz8V/Av9o/s0/HrwJ46is9LuGuNCvpbLQ9clso4PO+zSzvMskk8KgpgKCxwo5wa/mt1bwcnh7xb4osrywmtbnTdXutJvGWZJNmo205jc20oYrLH8vBVyGBz/EK9nv/ABN4k0S4kk03U9S0ObyWiF3pN9c2jt5g2EFYJFDEjJbIAI4IG4Ctn9mrxh4b8B/EO58S/FLwNH8W/CWoR3Fve+HtUujFcRXE7HzNTtrgoxN2oJZC24788nNfnOUcKcV8H/XPrDxGa0YpToUpx/ex5dXCMpN8142tqk3a1j9RxvEOQ8Szwq5qOGqOTjVrJU2pRbjZtRtflXWye17vVeNy2Go2jgXP2t7AJl5GDDYuARl8NzjHByexI4Fdrfabf6d4VOo3NqohvdNuLmynnyrmAgIhBZQM5HygHP3iOma/W23+Bn7H/wC0RpuoXf7P/wARP+EC8ZvDJO/wn+JUqQWtxPJFuMGnavM4XbFIAkHRWwp6j5fhD9onwR8TPDPgBPCOt+A9YsLnQroabHqNtaS3tld2aSuEnt760WSJrVlwU3ON6kcCqy3jWFbExp41yy+sqjpTw2MXsqitb4VNq6d99V0T6GGP4W9nSlWwUvrlJQU41aD51a8LX5btaNt36t3snr+X2qx6kusaXFayNLcXkRWKBW2qNzu2wqcg9R3GDj141Uh8T+HJWlu7K40y6EuUvoYZFcHqmXRfLYbRkgkDIwepNXfFPhXWtG1nSmuN63CwRTKYywmQ53AlWAZH5xuIznpk8V6DovjfXrC0l0/U44PEFmshBtdRgRnXdw5SVhuwo4HONwPpz91SxSqw9rSkpxk1aSnFpxsndej7a6pLqfLToVaUlGSlGULJppqS0s9Gr3dk9tNeupJ4Y+INzfQfZfElumqxg+X9utU8m7iDDCvJs5kwRkjJxx35r0OwF8D/AGh4W1eHWLGI5uLeNla4gK/OY5ISQzlCcFtvBBweK8xvT4f1K6jm0ayuNFumOJrZG3QDC5Ypz0JHBPIA+WvItKu9b0sXd9pdxdW1wNUuF+0Wsj7pgrsdjQowVv7x3dORnqG7Prnw02+a8UtFdKzSu+t0+qt2e7OiEaloyd9Gt7pNXW7WqaWqd9LLzP0O8D/EOGNxDJJcwuRiaMZRkfoWKEAruYlcA8deQTj6w8LeM7YWaGe9chkV4nLkMitgDbnGTjqc9/QZH5ZaJ8TIJ7e3tvE1obGSNVxrtjEBKCuM/a4RtZiTgvjqAcdAD75ovjJ5baKazu31jTUQgXtkfnTjIWWIfMG6nkEDjBrKrhMJjVavGNnFq0ve5r2Vu1n5JdE99Pq8jzj6pUhGV1FNWXNay0dldpW00916r0P1N8M/FLULK2P2TUnRolVrd3ZhIAOAybTnGMAkkcgdcZHRWP7bXxQ+H9872Ory3FvtZXsrh2mhkZSR85JygKgEDb1APBG6vzz0L4hJLZ7o7naY1GPNfZMU24PHUnoOoJwP72Bxvi74iK0U0kBkY48t2YFizZycYGTznkdfToR+acTeFvDud0KtPGZfh8TTqqSknSipqLsrqVlK6s7uLuvQ/SZ8ZVadGEsPiGnFRtGbuna3xRd+bXpdNXutD9mLP/got8JPinokvhD4/wDgSxudJvoZbTUJp7OK9tNjgxs7RyAsj8llZTx6DFfmp8e/2B/2S/jfPd67+y/8UNN8LeIb64Zv+EVu7qGKykklfckMazMghQltpVQQMZHPI+O4tesNZ82PzBBLL8rqxLKxyM57csOBhRn0PTMfw5qkV9Fe6ZcTwToweC502eWGWJh8ysnluBu6dRgADjqR+O4bwJlwhVnmHBWcY/JKtSTawkqsq+CqOXK7SozurXVu6Xwvq/KxPHazO2GzjA0MVRUVCNRR5JxXutuDW3fVaW16lP8A4d2ftd/BS/PiTTvBmqara2MrT/274Plla4hVH3reW8lo4Z0yoOF34OB04H3B8G/29vi34DsbT4dfHzwfYfFzw5A6WR0rx3orL4hsYiAhWDULqJZy8SZIyx+YAjOGFeo/ss/txfHb4QXNnpOu3I8b+E7IJFJpuuxpLeC3GAyR3MwYlQmeOcccjdX7ReGvF/7DX7Xfh/7P8QPAWhaJ4mu40NzeTWNvY31pcuOWt9ShUMSDyrsmeM9q+TzrxF8VOBcdF5xkVfG4Sm1y5tlEqicopq8p0lFqG13dwhZaPQ+iyjKeHMfhefDRqV6dR+/Qi4VKlJWTcuRuMrR1+Bt9UrpW/Pa88E/s1ftA+DrjTPhd8Ubz4QeJdfNnNJ8O/GV0smgTXqsrpFYXczhbOIyYVGX7oK5wVNbrfDX4mfCjT7fRPHnhu5/s+C2SO18W6FMuq6FfWsS4jaG7tTKGDrglpFTaDjbkZPqvxu/4I7afqtjN4t/Z28fLrZ4u7Dw7qOo5ZYgN4W0vo3MisBtCDapyAByRX572njX9rH9j7x0/hvx9feI9P0COPyxoPim2m1jw9cQDK7Ea5EkTQTIpUFXU7CMiv6A8LfpdTvQweOrynKbpxq4bGy9nXjy8qsuZvm6fC2tGthPgjD0/a4jI8RDERjFyqYWonTq0XomnB2mktUm4Pbc9p+Hs9/Z/tofD3WdLc3dlfeHXt0W3mMm1gBueWPaNhGM4OCBxjHI/ox+F18r6/FdSsUlj0opKz9d5HIwcbcHjPUkn+E8fz/fCT9pz9lL4r/FPw/q3ijTdQ+B3xQ0lfJsvFWkWvn+DdUnbqbm0DKsKTuPmO0ABicYBz+3Xw/l8Y29tc69HHpvj7w5d2UDWniTwfPBfQrbyKD5t3bwtvhcqcupUFSSDhlIr+qI+IuQcWYOs6VeFKtiHGcKc5x9zmUFyxbbVlJyast7Le9vlMtyWrh82vWn7KNSSjKNZcq5rr3ozlo1qrJu+2mh+RH/BRHxFBf8A/BR/4MeHEkneN/Dlm0tpDKVEolUK2MEAk8HHXI5IByP0M8B61pljG2gajINKdYxbac97Co81BgFCzLhgynGGb6Ek4P49ft2T3Z/4KUfDDxfpN+88mn6DpaQWRjYSyzhdr26RyABmDcFQCAeQMmv0vh8cadrlrZWvia2S3vpYd7Wt0gs7y2kZVBNrO20Mw+8Bu5HTIHOcFSr4SpRVRP2LUYcjbXLKELXadr318nr1P7T4KwLxOQUcKqk5QpU6dL91Ui6lNKEJRmottO7crqz0V7alD9ov9nb4P+P/AAZrHiCa7uPAviTToLi5h8V+HGOnPPdx4ZXvVhAS6iRlG8NgkHduIGK/Fv4pfD74waJoza94s8IaV8YvhZFpcttP4g0u3TULue02uFbUrVA7i5RVLCVQzbuc/dr9bPj/APEJfCXwL8ZI89trGj/ZUtLOdrlXure5u5NscMhVi+ARtY8DGRk8geJ/DPSfFcHgPRJtLvo9LTU9OsrtdBulFxpF6rqZHQ+YWTDqwDrhiSxzyK+drZDDExkqsvZtU4QhFNtNKSacoPmhKd/d5l8S16n6pw7xLmnD2FxWGnmcsTerywoYmXPahaPuq6vG705W5RV2rJJI/lr1f4UQ+EfEMnxT+CuuT2tpJq0h1fwHKXstSsbd5czJbrIEMsarkKpXgDjPSv0e+E/jHwT8QfD1ta6ktneXCwLBe6dr3kG8jnxmSMpICzR7iSHLfMD8x7n7d/aG+DfwD8Z+FrqX4h6XZ/CLxHNqC2ln4v0ILp8V5eyyMrNOIRHGELnc/TIJPXgflF8a/wDgn9+0H8MJ7b4g/BnWh8VPCzRx3cWp+HLwtfiFh5qi5t4GZJiE6hirHDY5GB+H8VcC53gq1TMMBQliKEJKU6VKL2bV5OHay2S91rtt9dwj4nZDluIq4XFU40ZV6kZVKLqR5Iym1zSpxneKT+KSXK76qJ9Ta7+y78EfFKPJe+CvDo8wM4kgijjaRjk4LIpK5bgHb1BI+7mvItZ/YJ+AtxiSDS7rS5CSzrYXs0W7v8pTA6YI4yeBxmvljwd+1lr/AIb1IeFvH6ap4e1mxJt7pb+OWLbMmYyJUmCtEQVJ3EbQfmGeCPrrwl8cLLxLGk9jrCXCgh5WEscwZSMfKC+fukgDAGSNw+UivgqdanGcYY3Dzw8ou0o1IyXK1a+rVtHo7q9n16ftFDHcN55SVXBSwFecopqLjSVW+lk9L3VrppX2fV38j1f9gn4cuxGj+KPGOlR44U6ldywhR2Ch8flyOOMg58r1f9ia00xnNn4pv9dRNxNvqdxcckAnG8uWyehx35BGcD9GtG8USaijG11CxuQVIEc21ShbJPLYwCckADH97mtCWCW/YRS2MDhv9Y0ToxboM/L8xzk45POSeK9yngstxcFGlVSclduM5O97dE2l+GmrR5OJwVbCt1cNhlGKd1ytuNtL6N8vTqvuPyXj+CNn4XupHv8A4eW+qQhyqyxTyXCnaSSwXnjJyR2/Emtmxn8HaHcIkHhSz0+WIl2in04EryOjspBxjIzyCcYzgD9Tj8KjqCBtktmWHAEZMagjJ8zPyng7tpxk+p5rkdS/Z6NwrSfZbTUA2dwliUSODyQGIHPTGDwT1rOXCaqS5qVeTkmuXnd0tItrmuv5bpNNvW+135D4lx2AUk8Ph4xVm3ClBNvRbpavz77aPTwz4V/EjwTaG2Fsun290GVplSOG2fG75sMAx4JxjHGcYycD9KPhl8SPCcK27C6t44riNQ11DMjOXYLuBC5OBycEAcevFfndrP7NNsDJLHodxYTpyJLKRsFsngqDwuTnqoye2cDmF+H3j3wiY5NJvdSjRfuiWN9gUNg7sFj8vPJHUH6V7mVZRmuVSVXCpPlalFRb3TWrvqm9HJ2XfZI8HNuP8BjqFTB5rTj7KcXGSScdPd3Vra9dk3t1R+yGv6d4D8SWhurPVXs9R27kuYZApeUqArEBRuDEZwBySQBg4Hg/iLxL4j8HmbT21CbWoFjLQtIu5BH3WQEHIXGB8xIwCcZOfhW2+IHxa0uGGNdRiMcZUNNIuzyzjhmL4wF2jJJPXGOaur8WPHviC5a11HULadPLNtLJbhWVSARkspwRwQecj1IJz+r5PxdxTR9jh8RTnUwqlBNzbaimo83K27+7pZ2tbpsfzjxdkfhbioYmtQdKhmLjKdOEFC8ptJpW7ba6Xtq07F/xfFH4h1C71NoY7a7keSUeWqorFcgglRgbiOcYA6DOBXlLy6hYlkjkfCuGaJcEgZOD1JCkZJDAehAxXfZkcuC7OWBDSbyPmOcvjjAwTngZzgelYt9pcaTEl2ZygKkElXzksCRnPPU7uo+Yjgn9PwfElVum2+WTW7ltbls7XSVtE3a3Z9T+ccVhaNOrJUeXlUny2WrWlrWa3u9OjXkY0OuymRBL5kbNnEobrjoCCAFHXcMHkAZz97prTXJlCghbhPlOQcnB4JGO20deMgbs9hykulyQq7owbLElPL+ZR/EcHGG4JPOMdck4qW2hltWV45CxJ2mM4AwSpIxlhuJxxng4C5PNe3heJKy5ry0TVruybb0aSai10bfl6nlyo3qrpHRJa7rlS02trvo/uR0XifVWgtvD99ZkGSy8UaFdiOMkMPL1G3dsHOAVPboOSfQf0e/8FiLAeM/+CZHw78SylVe1n8EalK8jBFjL2ChtzuV2jJIBJ+8cYGQB/N3eL9v08ssYiFveWc3yjktFcRNkHAxhgc9exAGTX9x/wo+C/wAN/wBpj9jP4VeB/i34Yt/Fng/XvAug/bdMvP45YIQqTK2QVdNuEYMGGOMEivi+N87lOvlWNTu8PKV0rSTXLHW1uttdbKyZ+X+J2TwqYbB1dlVU6UpWutotS0tb+V/dpqfAX/BvJeC6/Y31yCG7+2C08daoF/eiVYt/knywwO3pn5QWDBuc1+zfxy1bW/D/AMIfiXrui27XWraT4G8Q3VhaRoXlmuRp86RxRKuWZyW4wMhgpBzghvwA/Zu+D/7NfgxfAPwW8FWPgnwuLl7qWyskAa4uHxuuJ3ZsyTNgfPgscccdO9+JOqaV4V8D+K/Emu3EVrpGkeH9RvdQnmjWSGO2gtpHYyoxKkEDZggnJAGeRX5fjMdLGY+eLlBOUpwm4LXmS5FZpXd20tNWvO2n49k2VfUamFoU5TlCNeLi3dX56sZP0V3+K2W3+bfrtj8TdMih1L4kaNqmjX3iHWvEGt2NrrMU0N3c295qVy63RMo3NGcBV3fNtAyCCBWTaancFcNIFCyDLEc4xkA7ecFSdpH5Yzj7s/bd+Omg/tD+O9N8ReDItnhzR4NQ0vTkuoI4XkWG4uElkijXHl2zHc0QI+6ehzz8INZX6/uW2RKSSCEHCFidv3toHXPOPTcASP6t4GzmeYcPYLEVqKw9RRnF0kuVRUJqMW7r3bwim1e67n9b8WZdPA4rC4Xmi3/ZuAqPkkpRpupQpTceZWWiav8APpobdtqLPlmzI6k4LE9s9MkDn+fU9hrx6g3ltIUSLBzySHPGQwzwTgEdM+mcZrjFtZVCB5iV4yqgKFyD0x17DPTnB6mtqBFKN5pLfMoDMGztB6kdc+uOoz35r7RYuL1jo1HWzTV3FO6Wuj6Xbffy+FlGXM1dO6s9m1ZR73vtpe9r62Omt9aQsdsr7z94A8leDxkdeduBxgjqDkaI1OWfALvGyn5Dt+Y+uSMlQ38SkHgjd3rmIA0W4iGMFV+WXlSq9Qp4zknvkgntkVf3TsPlKqu0bpVXoxLHrx1XHvnuAMGVj+7Xe7T91Llt3v10tfpdWsR9Vck2+XS99OyV07p9Ore71O6tNX1CHYUmUpt2OAq4I2lQDu59+2OoJBwextdfkVQVjQz7QOHBZjwG6suSTuJJ5wMdTmvJbSKRhuNwpAPKljtJ3EngEbRj7owvTrzzs2zSRltpRRnbvU5Iz1JYckY4x15wwGM1pCrRrcut2mnbdP4bWve2um7tpbRo8jFZbUmneF09ddvs2WvbdXTV+7sz2b/hI5WtwVS32quZI3PysxGAWDAfMc4OecEDOa6Lwl8QNZ0q6S4s2hgDuymV41YouCu1VJ5TBUDkr1GemPn57y4fdF57PtIBC5bJAHJIOcdMqcjgHHHPQ6T56MmTJIDJu2BioCryFYZABJwM+mQTk4rz8UmpNU1pK12rWbTjrZJLSzvbRP5HymY5Fhasak69OE5KDVmo36Wumm9NFtt03P0e/ZrvPFem+KLvxF4fk0+1utVd4tWuZYoYTLHJkqI5Awbc2QVP3lY8Y61+p3hzxH4k8K/Y7m9udUt9PZFlmS5uwLeadxueZ5i2VjBIKLz8uDtJwT+EXg7xRPpKQzLqF1p7q8csaxu4UBTuUsMgMR1x03epyK9I8SfHn4g6xbf2XN4kvrjSyQFVyyqFUYVSQ2RlfQgA8jnGVDAfW6aoSp0Z052UpTgqj962y3SfndadEfwf4r+FVTOOKo53l+JrYR0FCmoU5uMYunUUnJqNmr7PRaWXVo/Xvxv+2J4m0dbjSNE8ROoMU0LTtItxBESrBdkjNj5T0xznHXNfmb48+I2ueLNevNX1zX5NQu2eRXvLqXcDESwCRhmICAE8DngHFfL8vjDXLl2gmu5JoXcsACxVQvVnO4E7uMjdk9uc4xrq6DpKk9w0plBK5kZSrZ6KuV+YgZYA9j1r38j4fyzK+atQw1GFaS5nOMIxbVouzaXNZddeqt1RnlXD+YYJU6VfHYnEWST9pUm4Rsoq0U5Oy3Ssnvtsey3mu6VG7TT6taERDJ2ugds43MTuyD1GRyPQZryfxv4r0SVI4LS+laNCZjIWB+cnkBsbic54UkNySOcNwMun3M0r/IAqliWcHy3BHy/MGLEgdBjaW9BweT1XTZYxMk7wBUztwcMCxPIweeAep/h3c5NfRYqtCNCMo6NLV2aTSt0VrtL8Ot7nv4LIqlWvGE3KSco6O+vwWa0XpzW1t5q3Zxa+sjQR2oa5SXBfzDwW43r0AyTwT2yOvNdrpPiu/sFe1trVI4423Rvn5o2xuA5JODgkNkD054r5tsdX8qZoVudsSSBRxgkgD7hyNvXtnn8AOtOvpEFVLl381OTvIChuOTg8jPVQxGfwH5jmedV6WIqxg/dTWi5bt+6vdTd99enV3tc/pjgrwryTOsDTlmEHNOCurxta0VdNq6136fcem6j46ku5Zf7SlCMmIUdnCq/TOdoxgg4Xr2yARmuRn8RrPNIY4lc7h5RTLBcA4JXpg8kA4zwPlFcVqN1aTMu5WllbOGDjZlsEFxz6D5sE8jOcV0NqEjsjFY6c890qoyPBucscjDM20g4zn3OQRjAHpZVmtbF0/Z1JpScUtbSk1pddr7P9LM/P+PfCzIeHcYpYbC0uVy5oy5Itxb5Xqlpfd79dEcdq0V5Ney3REZUkMvmHaVPRiqk4XGeTu9CRwSed1DTbxrd5IsMCrMzsq7JFIPyqxIHRjg9M5PJ5rpNT0Dxpr8zww6d9ih3qgnlQpuzt+ckAN8pOeRx0yOMakfwq1y6svs2s6/JFAEUCO3yQwH3sMuCCScYJ4GFJ4JOePjKceWM5bO7Wjd97/LTy30SPmchy3C0KylaNOMJXSS6Wj0s7t3el+22x8q+KbqzhZ4pr0ecAw8oYeZ3OMKFXOGBHUZJ55rjNP8C+LvFDLJomh3VxG5Ia5uYXiQZOC5Z9vC5BGOODksTkfdmg/CjwXokv2ufS11G8LBhd6iPNAYfxoGJUHJHsfXg137mK3jEFnHHFGgICwKsKKOgA2KvTPuM574NfOVsvlVdP2k+WKs0lurOO7tppola7vrpqfoizOlQoqFGPPJJatPslte+rsrLS+x8WaH+zNcTpHc+KNb8iNQrSWNmdzZOC0bODnnHTndkgZ7+2aF8Kfh9oCKbXQobiZE4u75POYsucMQwwDnpx9Svf065WcMRGib9wLnOSw+78wGST26ZGSRgMQcq4guWeRS0hyASseCihgeV6YAHO3+LNP6jhqGqhFtWbcmnfRWvvazvbq7q10zkq4/G10lzySdlaKaXS92tb21btfq79a6vZWsZgVYo4shEjt0WFVTsAqjJODgL+B61RmuLePKRcgjnDbsLn7zDBC55BOdxPU5qxJp0xCssQ+YjczE5GOhYDpz+H4q1RyafAhBZgHAJYhxghRux2GAT0xnByeuK83GV7aQSaVrNK1nZa9LrZX0V7b3TXbhcK5qLqSs9G1zW3t3Wut+iV9ik298bfmVioIIwo9ie5PLcEgDjjgUyWCQNl3Dx8NhScJt7jGCQOm3BB4GPWpJqUPnSRWs6kRYL/ADcrknK4BwMkbQc/dAOehGfc38hfMrOwb7yoQcA5O0gYG3BDdeBjAB218ljJyqO0rp6adu7XSz6/cvL36bpUlGEXd2V2nqvhs/N2baT117tsLu8IkaGDzGbkAoTtUkH5wMHGAevGOD1rLS3kmBaaUNJ8wJdTlWyV5PpgEjkg9O5qybiDcX8mXfJgBsEE5AP4rzkjA45wc4NeQz5LRZHzqCM7QoxgHJ7HHIxjOckYNeBiKdSU7JKSdrp3VnotPtLd7rzS0Z9Vl1bC0qcZya57K60s7WtZW3b1uku9hywMilAUJjbB3sNuGOenYgEg9weDnNXrUTnCBS0eSxIGRuB5wxxyRwp9ODjpUVrot1ena4k7l5FU4IUnjPGQBnHBAHc4NdxpPg+WVE23U0MSlgQ6HDnjpzkLnIJOOcHgCvOq4aUbp6X11sk/h1VmuybT3W1tbevHG0mrwb2unp2S627a6Ws/RGRFdSIVRl8sgqctyWIPABwMjqfu8dsYGdn7YsaeY5CNgiRnKhkHYhQc9iAMkcDABxufqPhdLKKS6e/U7F+SNgBIGHQjp8p9un8J7nx7xF4usNLH2e4ndphyQhBkkxjIIyTzjk5yAxGR35qeBlVSiou2ltLdVd+m7em2iZzzzWGHT5pLVK13d6pLttvfp2vbXttT8RLGWVX+VQxwDhnzxluxUdyO+T3yfK/EXji0skfE5nuWVkSFDlUYHAOF9CO/oVxjcT5lrfjS81SVkgJtLcB1CjPmlRkE7hng4OecjHUjkcc2+aYMfmXP3mYyOw5JJB5BBbsCM4AGc59jBZJTdX2lTlbVmkmmrrl6LRqNr2S3sm7NX+cx3EVSp7lFXcmve7WsrXXo3bq1vobup6zeas4nmkxhvkgU4iGDj5sYBPHIIxnjnnH6b/8ABKn4f3PxR8ZfHjw/p6kajP4RiuYUQgIIrWIPLI+STj5AOcdSSOcj8tZYJ0jVUQKpxuyBk5+YHcO4Gc4Jw2AT2P7H/wDBDnVTpn7QXxttkAM9z8KdXEQYbFLJaEK5Y9cBuhz6k96/TeFsRXyf65jMvjBYnDYZ1KbelpRcH/d6X239T4HjDJ6XFWUV8pxyqVKWNlThVjG7ck2m1Gydr2S7NH5ofGbTpLb4qeObIfZ/J07xNeWpWMKUL28rK3Cg4+dWHA6jJ5PPEXFgl5c2oZgojltFkRQSpDXEYxwD15GcjnGMYwO/+KumXVz8VPiRFId9y3jHWp55EUshH2yQtsPBI29MtyBy2SKydOsZLO9s4Vi+0mSexyG5IH2qLOS3BAPY/d5HfFeZ4v5vDFTzKvGXJKthfeSfM+d0ldK2vvS0fS6vbQ/Y/Dzhh5Hw/k+XOjONPDU8PQs07qMUlFdZXty3Vn13sr/1paD+z34a+NP7Fen/AAw1SzktdH8a/D3RdF1IWqbbx4JURpJ7dtuVkjX5gRyCMAg5x/En+2B8D9D/AGZv2jfiT8HPBWpXWo+E/CGpLZ6Nqd7Osks6+VG8kEwBIWdHJVjwcAHnk1/oe/s62Vivwa+FUd5CbeS58JaTEMHhFNp/rcZX5UJBJJ4wQTuGa/z/AD/go3pdrZfth/tC6WurLfQxfETV3tbrcZBM7MrBVlLHCAnaFBAGOhOCP83Po9zxeP4j4prVvfoxzbFNNXSdT28rOSfeL7vZei/WvELHL6hSw1P3FTp0oRjpdaJaS003um1Z+h8i2uspE0e5lBPDZ5XcuMk44HQg5OOe+Wz22m6/NYzR30MqkwYeN1kKSRsMEMjoQysuAARwDx15r5lubnUtGunWbdKEZiQctGVY/wB8cHAyTjBwMgrXa22pzLYfahKrbwgEIfcw4zyvIBAJDD8Tg8V/bmBWGliPZ14xXLytxlGLWvLdtSWq7216bXPwOVfF07ukpKaf2b3vteTbT7N295dNN/1M/ZiuviD+018QbL4IX/irXdX0jxBpkstxBd67dE6daWSh5JbC3lnCNMiAbPm46A9TXJfGT9mLV734l+OPhVpmrTtpfg/xDpthp+u69IkotNTujHbxLIWZlUSfdDZwCe3WvkD9m/x/qeg/GPwvqWma5f8AhfUGSW1bVtMldZrWBwFlIKFdxKEkqRyeNwIy33Z4i1a4Pjz4l2Hg3XtT1/WL+40S/S91ku8d5OzRSSX0xdj++hmcuAScBQBnkV/cngDkeQZ1lOZYWWCyuajQnKjfCQjOWL0kpTqJ8zjy2fK4xSbb3aOXNK3E1XLvb4bEz9kpKlOlzK0m1F8/LLVSVn0d276NH3D8Rv2GLn9jL9nn4T/FTQJrnVviDqmmatq/jq3vLhpfDvjDSUtTI1ppdnGHVLuNOjMqgnADY3V+UPxC+F3hz45+FJ/ij8L7eKz12JZbnXfCQVY721nVmaSIwDDhgcrG2z5iSpxjFfsnpf7aHxH+EPh3w/4R+NHh3w98b/D+l/Du/jtQL22uv7ItLq1clbi2kYkPCGCKEUOduCACSf5d7j9p3Vvhl8dte8f+FIbrTNG1rxPfG78ILIWsP7EubuSUWiwr+7jeOJ8QnblAAOOK/lnxX4PzbhLMcRmGZfVlia+JqzpPCTh7KtQdS8E4Qb9mqUVGCTtKzb6JHtcP5pXrZVSwGb0qssM2qaq1VzTpykopzUpLVJ3aSvZS6aHT6Pqt7pNzcWF/HLBcW0pjlhuQ0c1vKh2mNk6goRgdzjjrx6xY30d3FiRl3gKUZSCpP1+bJJzk4wf1H1N8SPhF4O/aP+F+m/HP4MPAmvT2JuNd0NFCT3LRJuuI3iUjFxCysNwGHAGMEnb+ednrF9olxJp+oJNFPayvHPDOrI8UkZZdjqwDAAjqAw6k4NfCZVndDH0ldqM4aTi3Zxmkrp3vvprtJK+h5+bZFXy6q5L97hq0VOjWjrCUZax0Wqkk7vS66X3PXV+F+nfFzxb4E8E6rftpcGteJ7G0bUcFhapLMi715OCdwGdw5JHtX7YfFP8AYlf4YeCLHxH8PdWm1jX/AANBZyxpKWR/s+nwJM19bTNhkkJQuY0yDwCTk1+C/wDwsC60e50/VNNuza6jZXNtd2VyACbW6jmVomUnIyrAdOSAc8V/Q1+z/wDtHeNfjH8Jf+FfeOIRe+MZ9PtrmLXrCPcl3or2qxE3G0fJMAcPnnJIORkjwuI8XWw2Khj8G0/qqjVm+azlycr5U+Z3vGL5VbWzVz2uFcBUzKjXy2V/Z4lOna1mlKKipXfd33XXe55h8K/j5b/tK+GIvhx8Qk0/SfH9nfNbaV4lGyEaikA2R2d5IQC05ZQhVm+8c8c1pWGueJ/g54uPhfUY7y0eCXa8Z3fZ7mDeNssEhJDRPj7wyQWGe615/wDtK/sTeIvg9oWifF74V3Oo6ppt/cw6nrNtYCU3mg30eJpblEiJZoC5JfGADkEEDNdp8HfjR4T/AGhtEj8B/Eq5Gl/EjSrXy/DviaVVha7Nsm2K3mdtpZ3dNrK+4kkY44H12T4TIvE/I54/JHRpcRYSLWIwNNpPF8lnJ8l01Uu72Sd1Zxumfnuc51xR4NZzRwXEkcRjOE8ZWjGjmM1KTy72luRtqLc8OlZz973fkij+1n4nufiP8E9ZtHMc8tpr+myWiyHL288qGDAbB27Q4Ge/PTBFfoz/AMECtJ1Lw/8ADj4q+HtTy01t4hgMrKoKlZF3cklclQSTgA4GMkk1+VfxR0/XNC0Hxf4Y8QweVPaXmn3aSxgeXcolxGsc0J6Sqy4ckELv7Div2x/4IxaJdabpPxRiuGLQ3V1pOoAE7mdZ4Q6M2MjkeoOOvIquEsBiMsyziaGLwroV8KvZxU4yjKnNuLk5aWaXLZJK920mf1XwbxFl+Y5BUx2X4+hiKeIwyq0atKcZqpCo4yTUk2tLK92rLez3+yv2xbLT7DxPoSweXA8mnO7SRAqJSBkFsEZbBx1yCw3ZAzXzdoGvpfaYtpLII7q2QiBtzZYKR82QeoAIxljz09ffP22RIvjvw8pQfZ5NMdkVWwGypJxnAOAN2SOMHqOR4t8BPhHrXxk1i+0LRp1sruxtbieOR+I2cKSqEjJy5UAEcLkZ9K/pbIsFg6vh3hMxzGUKdGjhZTrVqllGMFJXk5Xey2vtdXukj+h8g4ip4HIcFjcXiOShRop1ZzaaUG4rmvfs7rXR203v6Ppfiia30Jbe5kJh2oQ5ORtJOc56lhyeARkgEqCK9u+Fd9BPfyYlUtOsbLt3H5SM4BAGBnqWyTyATg58w8T/AA51vwD4cv8AQ/FVhJZ6tYo5yxOJolJCzQyEbWBCjgE9xwOawvg/4kOk6ml3Izy2bPHA6nkqxBUHGM8dwRkDgYyTX4vm3DscVHE1cuqKphJRVRVU+ZNO0nytaSVlZX2dnufYV8ywGa5M8Thpxqxq2nCdOUZc97O9477XevzOE/aacnxxchR+9SIIWIOWD4APckDBBwpwT0OMV+Tn7d14bjwb4JtXIJFxJj0LDGV6DGCTt9B0zkmv1Z/aOvoLjxqtxDudGiDYOQWbbyq5IyqgqQecdBt5NfkT+3JcCbQfBqZIMdzIcjgYJznHBxlQG4zljnJytfT+F2VKHF3D/u3UKijK/dRa6bvT5b9Gz8U+mliIz+iFxVCVk1luFer1TWLoLT09dNrXun8G+CNXMOn6pauMx2x2LjjHOWYKOOh6ZAyBggDnGe8RfENqykhG1G1YYBBDC4iCsMYztB5HuevGKHhPlPEILZ+87A56ZI4OMbsAbc56/WsuS4QappM0hbP2+zGMkbcXkXLZOemT3IPXjiv67zp+yjXg/d9166u6S5Ulvsuumz12v/yy5dhacOIMTUgtZVqEpWur8/I91fXS9/LVdV/fZ8Kbi8079m34NSBzL5HgvT7qaVuWVRYx8nkZzkKBxwAO/H8oP7bsRb4ifHNrgn5NRa/j3LtUCUs4K5OQSOOOPav6yfhfLHL+zZ8My20xSfDzRvLDAFQRZwljj0bj0BwQTjNfywf8FHrGLTfil8Y1hITzdDtLt0AGGaRCDg44BxjIzjOMHOa/mTwpcamccW0Hq60McpNp/BHESd3H0nfTrpsf0n4+xqQyPw4xEWn9TzHKZQWujlQpu6urvSPl8mrn8xvxAiSVtQI2qx1GeTGDnks2c8HjjrnkFcda9P8A2X7NtS8VX1tKiSwyWqlI5DtUHG3zAcZ3A5IAB9yK8P8AHN5cNeXv3QhvJEfnnkH5jj5gFx78gg9a95/ZTtTP4nuZI5GV4bJni5IEhX7ydcYByQT3H4D8KrYeNHPsdhK2i+s1rKVlHlVS/Wy0T22177f6P8IY2pWyTIMbSb55YLBSbg9k6NPn16aNt3+d9T720m91Lw9OlvcodY0aKYo21f39kjHlo2A+YLlsgYyM4AAwuJ8aNK8I6r4WvNet9QjtEtZLf/S1KRXMU3H7uYfKWAxx3A56EV6nCiNZ2UT26pcTncZIyCSScAMf7pGMgnGc/NkDPy3+1p4Tm/4VvqNzpCz2gSeCe9UOywTIGCttRSAQTnPBwO/OB85xTk1R4SrKElKlbmSircl2uXeztordNfRH75DPKdTKasK0uatCjp0bdk4q712vurPsdf8ADb/hIlW3bSfHkFxHPbL5Xn3EUkcYOBskJlLIxwCcHOOAcAbvbLiL4lQaaJzBBqlqku+Wa3AkZ1UjcQwBG0525656Dd0/FDQrPxVZ2qXOl6vq1gJIlKpb3EuAoOcj5jkdx0GCM9BXufhT45fH7whZJp+meKbm9092Vfs+qp9qjYdCCz5OD7k8ccEGvyTE8O45qE6LjJO7as07NJvbrLza1urNts+Fhn+X/DXhy66tOO90rb3tdX/S6P1J0/4sHRreey1DSLqKUR7SMkhHkAB8s7snkjocnOCuTWxovxJ8L3l3u1GWWzjO1IzdRlAHPJJJ425AySRj2ORX5xS/tW+MrwJa+IfAul3z2qI02o2TCKV2B+aRkTO75QeQRznjHNb9n+0p4M1SaFdUsLzTVKqSk0YkRHAG7LYJK993AA9O3mV8rxlKcYyo1HJJcyi5O1+W+rTv56NrS7smdUcyy+pGHs8RFXSajPTdprsuqezbv22/VjTdX8PXbzyWWo2Ej+VgqtwigqRgSAMQOc8jGTnBOOtvTLK2u7iRvNguImQqixSIcMCV+baeAOMZOGbbznAr4I8L+M/hf4tlthpniVIb2ZWikt45/s7IQDg4ZwGw3XgjqOpwforwL8OdS12G5u9C+IFnpttbEpcG81GFGRA2RKytIflB4JU5HOOuTyewlSdpxmnHpqusbJ20tre+jdnonqd9PmqL904zTSbaelnbS60fb5O7Vj6NuNCgeLZGBn5BID2BBGPfjjOeg4BHA+EviVolsn7VHw8tlgCh9Mc+WAChYjcT3yDjOQCTngA5r0Hxd4u8ZeErqXTNK8YaP4mnhmS2Is7pLjzgR95SGGWycMAW6847/O/i/wAS/EWT4neHfiDeaA8uq+GrRobe0ht2eKeF1yWYoGywUHggkZJzXVTc2+Zu2itF91bRPSzTf5phNNStOMklKLurOLV1rZ6rRv72m3ZW+9rvwxYuZJFg2sBk7eWJAJAAxjaSctyAOpxXn9z4US5naO5tEECI5jLICVyM72G35wAAc7eCAa810f8Aa5tgkUXinwne6fcF2SeSCNmWJGJ+8kirjAPIJJBz0Net6J8cPhD4klQr4ih065Zdot9RxE3zbVYMSCoGTg8nORx6Ze2rwaum726uyta6Vnrpbt2va19HKjNe9ZPpzR5ei72Wt9Lt21d9jj2+HGnXjFBY2kzFX/fGFAcZGY+FycADrwR1Y4GeI1b4J6Mz7p9OiRjl2kjBXYCScA4KqBjkAY54Jr7I0WwsNUjFxpWo6be2siuYpbW4hclu3Abd1xng9SM9xDqWgSSSCGaNlfazPgHawweFwDjjoc8985NaQx800lOcdvd6K7Vl1v5LTtuzCeHpu75VorrlaSe2l9Urau9nqtz897/4JWbv5lk95EEZlVwfMTJzwF4zjB5PAHQ1xGp/BLW0Ajs7qG6cBmVbiFWyDkbS3ryeTwQcgsa/Q1tFWEmCKCQLiR23Zx0AJIKjIIOeMdMDjpix6F++OIwJmVssQdvHQDdgnIPPXkckGuiGZyvHn5ZyTSSlG/Ve9rv16/K6IVNwjFqrKK0suZ6Jct2n1u9bKztu3ZH5p3vwr8UQCQNo0Urqdrvb5TqTgEDgc85wSuR6mvPPEnhq/wBEsZ5rjTb+2VZUjZmyY/mIAILYJwTnJHfnqa/XiPwxBN+5kto1ZzkyMuARk54HGG4wGPY9K8X/AGgPCNjF8Pr2UwJ5y3+nRrHHGFlYPMB1C98dDkcAgdq2jjISvzRXO9bpa3sr7WaSv+KRo8wxVK0adWcovpLVvbW7V9N1tp0e5+csWj3ccMbCa5gZolcmaOTCq6lwAwyDnJ69QOMDIDUjvVyfMhuVU4A/iOMHIVsHJ46DuT0IB/TbS/hPpd9o+myi0jaWXTrQmKSBXI/cRtg8denc56eorjdb+AGlXQwdKSBnOS8IKsSeOAOAMndjnnOOKTxGGcXeTUl/efW120+rVtErapvZ23Wf42m4xcebbba3u7ptrto+t7dj8+IpZEkxcWDFwThokBKqMtg7GwCDt3Y68ZLHq9rq0dvMOYmUjh0Y7tvc7uV6ADBIIGMAHj6vv/2c9tw4s727syuRliZEzg7Tlu2WAC+igdRXAaz8BvG9o7NZPa6lEMk74scHO0biBhvRhnJJHODudOq4x56WIcZKzVpuP4p27K3b7zqjndGqowxOGp1L/E3BWSVr73110utex4b/AG4dwNpdyWXlgDzIJZFGQSOgI2lsYP1BwMCuz0v4u+N9BiC6f4o1K13EbZY76RywHBDDJIXAz82CTwDheKGqfDXxhpUw+1eGZWByWa0LDPzHLbQCPpwN3upyeIn0YWRdryz1XT3EhQiWBmQqePvEHjHOMDp1Fe1heI+IMCofVsyxlKyXKqWIqRtyqNvhmkrbWs+vkzzcfkPA2e0XDNMjyvExnZSjisHh661S1aqQe+vRtbdD6M0z9r74qaIqxx+JNQuIYlVfOWVmG/jIcFueRnHHyk9+R3Fv+3L8Uprd45PErTwKm17e5h+VyWHys+SWA45yCeGzXxwmkWbQt9muxJlgWRostuKnGA2dwBLDnGAMZxjGemhyqjkXqp82EjkjVQx3dDgkjn2HHA7Y+mw3ipxvhUoRz3HuCsnGrVnVuk43+NttNWS3eqsr6n5xmH0ePBHM5yrT4L4b9pNqXNRwFChO91Z3pxjva7tq9W77H1noXxa1L4jfEmfxNqItortdOgtJ2gXbE4A2hiowd23jOCScEZyQPrrS9fsBagRSxswC7WV1Y+ZjByrY79Dj5ccHHX81fhRoOp6h4j1W0tL2K0vY7ZJVKj92U6hc9Mnrnv25Ir3RYPHuhyNLLapdwrIf9QxBIJYksM5yRg+i88Yr5HM8yxWb4yvmGLn7bE4qpKrVqPeVSTTb2WrerTSafXXT7jJsiy3hrLsNk2WUY4fLsvhChhKEL8lKjSSUYQbe0Y7J6WvqmtPrl/Ek8crbmBEhJUIcqzA7dgGcZwTz1A5z1Fa8etrIsbE/MUB8tjkuSS2CeCDyeM9geMZPxrH441S1nX7VY6jA6H5iEMsatjJOTg4GO544HXk9fY/F+2J8qSaLKKikzRtEzdM/wnBUABTwMbcbhuzxOLUdVJW3bTu1dLy13v8Aq9D0lO6lzWV9tNtVZJpb2Une259NyeI40CJ0fBU8/Iuemc9AvpxkcAgc03+24Sm5EUNtyxBwpLKDu/ukcDg9OwIOR4AnxC0i+d4xKmZm5eKXcmTgg8nO3Axz68nJNdda6zp11AsMNwytt4JbKFSOuc/eHOOo+p4rOL5U2r913v7vo2tdLK/3jhCM9VJO7V03ZdFdJ2TejVvsq68zv7ybT5Y/OnS3kY7mdmGGQfdCqDgk4PIwDySRkZrEltNDugnlxw7ghBEkSMGPUgZGW6HA46YAzXPhYrssgvo8R7U2PjDBgCDkkAgZPPvgDg7dCzsJAZVE/mKgCpsIwMEEIWBBHXkjIyRwM5qPrDUdItu8Xa109Ve1tdNrO2u5pSw13JOStK1rJX2WqsnrZa26aW1usPUvDHhu7Nwt1YWs74+QCEK+SMDDLj5h+RwOpya/KrxD4yT4f/E/x4X02LUdFGotDe2lwgkZLYEgtHvDHKY/qTjOP2OfQ52hjmSN9xceaxOJBxyAuCX7jIHoDngV+J3xrsVT4hfFGI/MEu5uCOTyeo9x1Hfkc9+vBzdWVuSySWr0vfl011dlZaJqy+Rw5jF4eNOcXe0tnq+mj0tolp3J9f8ACvw4+Kdo+r+Grm2sL5gZZYYVRJlZiSI7i2yPMCHILDccc5wSa8P1L4ZatoNy8epWaS6czHbfwqZI40wQGZADsB3YKkAYBzxivJBqF/oWsWt1pV3cWVwkSuPJZ1VmUk4ZASpBwoYEDPHpkfS3gr45WGqoujeMYBBI6eQL5UV7e4Y/KzTxsMZxj5jjgnkAEV6s6cnFJNpKyUnbf3bJO131tt2tqz5t18NXqSjUjGFTmstLRdkne6V1dd3bsk7t+aXPw5Zrf7fp97Fnb5kMQIw2DypJzsLH+HgZYZ6V5nrkV/amOC8j2+WxCMFLIfowyvXb2JBLD0x9z3Hw7j1ez/tLwldRyPIplW3gkD2typG7agUkRsxO0rwOWOTk14D4n0a/tpW0/U9H+y3CMRJDNEdsjZzmMle55AVgSMYJHNOjSqwleUm6fMlfrqktNrW9G973Wpz4nA05Rc4Rs9W5Ru9NLNN+Vm7u/lvbwK0lSS4WUsELBQAV6MpJIORwTg84Hq2OtfSnwxdh4cvHBAH2qQFcAE/L06nkjjPoemRivCdR8MX0M7Pb28qqZA2wBgUBP8ORyB0OOg7EDn6E+F9ix8NXnmgx5nKoGBALbRkHBHJ6g4znPbpriVzU7rRxad/nGzbaV2tE+/qmZ5ZCVLEuMklo2t3e9lG+lrp20u1ruldnsfg+4dZbSLbn99EyDHKuWwOD2xjOMcHp0z9LwwX8K3KzXAlhkjeVo48qEPkjB3bgMgHGOhPYFa+WNAlnstShbjak0JK8DIDqRyeR16ZGVIz2z9e2sqXVo00gwHtHVUQYbb5WCeMEnqD1PcggV87XbhONmtZJNdr2vr5K3W2q8mvscLFSjNNpNa2Ts3tdbtWW6310Tu1f5x/aIikvZ/AtlE6xPc6D5SGeTbEpkumUbmONqjkkkgANljx83yL8Sfg/4+8NWVlf6hoEz6XM3nQava5uLGeJsYkWWLedqqcHK8ZOcE4r6w/aP8vyvB0iM24eHZ8gjO0i5kwM7sj7uMjqTjIGK8E8G/tL+L/hyYtB1OGLxf4RmQCfQdWVZligLYdLSaXf5J2huFwSWxu559/BOo8NC2ySemj0tZ9k7N+dtWj5zMqdCWJmqt48yjaaeztFLTbovn0fT5Va2mjlJaI4E0a5GSoGQSCTk5HUFl68E17D4XujJDKMkr8qhSc4wmM5JIIOTnnBJGT3r7AsfDX7M/7QpWXwjrMfw18Zzpuk0HVCIrSa4ZSGjt2Zgh3yE4YnBHA64ry7xX+z38QPhjNcm70htR0lSZYtV0wG5tmjJ+VxJFuAUrgkAEDJ54weiM22tWrdHa2ttNXr3bu766b3+fx+BnLDt0rVFf7DTlZ8qu1daq7Wmvp08guYofMcFE3sASSCChCH6EgnjPTPIOFOe2+FOtaJ4b8c+H9W1ixi1KwtLvdcxS48oM2NrspDKShGeh2kdRkZ42fc0jllO8bg4KFXHBySrYZVAJBBAwuOMjJhtYVSZVyxByVGMKxJ7jgjGTz1HoDWGJorFUqlGbmoVYODadmoySTs9UnbrrslbRI4cHiKuElSlyK9GUWueyStKL1i99tb76rsn9H/ALQfjLw54r1iwk0M+ZAIpZJNjF4YpDyiQjgLtHVQw5HTPJ+T7GeFZbgMSj4nXPHcttTnvgc8cj15z6G2ntJZyyyKoEIcrk5YgKemGIYr3Az1znqB5du2TMvy7i0mGIxuzxhlbk7eQPvDgYxk1llWX0Muw1PCUryjT0XN8bvy77Xd22n+mr7cRjp4+vUxNRwU5tNpJxslyKOm6V9Lrv0sRrdz2U0V7Y3M9ncozOs9o7RSKyHO4GNlIIznJ9ORzX1L8Mv2yPif4EFvp2qXUfi/QItqSWuqATXAiyQUSaXcQoXICkEAjAOCc/JEtz5KAKEzlwQO5bJwQQCeASD+eeSKSTlgrJtHIUpxznJwemeB93uTwRk59R0YtQvpdK2/VJu93fTpr3bMqeJxFKX7qbio9Gm0/hv1s7WfW6atY/XrSfH/AOzJ+0NDHZ6zHB4K8UXGQGcLYP8AaHC5KzDaJxk4O/C9MdOPMfiF+yV4p0OOfVfBksXjHR4mZ82rLLfJCckHZGWRkCbSSGZvb1/N6zhlllURsY3VgVMZIkQA/fV1KsMEjkNgAgDOa+qfgz8evjH8J9Vs5NO1KTWNC86Nb3SNbmMlobYsok8l5C/l4jBwcORwDxxWnPGFlzKSWj5veTultJ6r73ayTOlVaOMSVajaei9pTjyybfLrK1r8ra1b207s848Qadd6TZ6la6havY3NvDOksVxE8MgZAQyFJAD6jjIAPpXynb+a07GIE7jMDhQA3zHBHU4ODjvj8a/b/wCNvx1/Zu+JPhyyt9e8HRQ+I7rTjJd6noQV5FlZRvjmkRU+eMg4yuSfmzzmvkPRvhT+yRr9on9n/Em+0O+mLEw6gWHkFmIaIgnkAkY54ABHFY4h0JKk1Porprms24vpdat3630XQvDZfye1VOpCXM7xu0na8bK299VZaO/XY+F/NldIo2AKwJuVj90HJyvoSOxJAB6jqa5qby2LvNGhcSFuTg4z6jjBHH94Y4Yjk/ow/wCxt4Z1yCY+DfjF4avN2fKivZ4IS64ypy7k4O5RyMDPcEivPtX/AGCvjRbKZdHm8PeILcbmVrHUInd+67VUnBxwPY5we2UFGVrL3U9NUk1psnZrTTV2frcSw9aHwqTb0fK77WW69fwT8z4be3t/MDBECk4KE4A3EYIOGAIJwMjrwp6gVrmzjkDbMh1/iJyFUHIAJPfgZ6geucD6N179mX446A0v27wBq0ixDJe0hWcYTd82FJyBhvmAPfJ6Z8o1Dwd4t0fMeo+GdbsypZX+02FwMYOCC2zrjIAAOMemCb5NVom3bZX3tvb9LvtvrnJV4v4Xvre71dtba799b236HnkmmJg7G2lsKMg7cnAYbhkdOfmyPp3IoJIAduXBXDgHbksME4IIBXovI4HpwOgKtArCWKaD5tpEkTg4J5xuVecEn/ZOSOlV28uRWjVlwRuwxyQV44Aw2ASM9s54GTl+z5Ur6XW767WWtre73sm07dm1VmppSTSWq3V07d7rp109LnPXNm8bhkG7eoOEGME9QffJJJx6elUmRgTkkEYPAxkZwRnt6nHofTNdU8YVlZSX8tAGGc4z2xg4I7n0zn2jNurhycFmKtleSFJztAx2wCSCMEnAyWrN0r9dW+i6abatdb32X4Fzrq691prrq7Wtq1otN31d7W005vlck59wOvQHBycYHccjqOvFTo7p82D8ydcnHXBzySRjIXjIArc+wQyZZl2DODzhhgkMQCc/QduT6ilGnRMBtdQAAqqT94Z57DA9B+fU5PZyi02tLa9Vso62Ttdvf57maq09tVs+vRxelvLpayfor5SiMANuXJwOvTrnLkfVunTIPtBJ8xcbvnJAx1A/LOCBzjAHAzg9dZ9LYfIjkjJwPQ9R0JDcrxkf0qo+nTqdq53HPyg+g6g8HHX1xxkkiiUKjjeKfm+iWnVtWT6/nZEKcX1jutJaXaSW7T2Wqvppps0s7eFQkgnA6g4HHXAwRycj9CSBW7olp9suJYgzc2zlQATlgDhM5xzyPUZxwOuPJbXEbcxFeSCSMgEfqRg5Axx6962dBv59NuhMseWK7cFc55OVOQQOmMA5GeApolCeq1ukmr2Wum2jv018+ut+mnKmmm3Hdbeib0u0rbaq8mr6Iw7q2ETrGQynLeZuG0jJwMKR2GMd2XII6VPFpckowpIwCw3DB2k9R/FjqAOuPTINbHiS8jupo7uGERMxUNH2LhRnr3xk5wcc1Rt9T2KQ0QLED5lz1Hrgfpg+/HTOHLb307pLvqlZWvfffbb8Sqid17NpJ236Xainr1utba6212VdtLuowpwTnkbW65CgEdmz2HqcsrZqBoZ4tpZCMAk4GCB1IOcDg5JzkdTwcA9AmrW0igPuSVSQGOCBjAzkgYwR0J46jnBqyt5azHl0kCvwCRlh6A4OFPBzkr6ckVX7u3Zvz9OjT+bvbZd75qVS+qVklrZ9Wt1eyd76JrRtWehyZZlA2gjgDDdWAB4J4wQSOQO3SpTKoVVAAYL16Y4wOueRyMDucZzkV1MltZT/AHVUDnIHYf7J44OPXIOOeuaNzo0TDMLYyCdvJA5xtz1B56qPoKHDS8Wnfp222b7+u2l27hztPZp6edlovPbp8rdGYYuNwXccMudzYGeOn0GByc+v1Ey3PIIwuPXIyyZ6YOQcAfMSM9OiipZNKuowUUIw2A8A7sDPHPViSfbrg9Kz5bWdMB1kxjAOAeT1xgAbSB16k8Z+XJlOS3Vu9l/mrdNO12aRlF2vPR+id9LXtZ3u1q7PRp6u62rfW761fdbXt3bnjb5U8ykbRzghxjAAA4x0AxwK7Cx+Kvj/AEpbebTvFmtwi3k/cgXsp8sg9UBbg9MkHg8gcDHlRMqEg5GMANg/3uAMZI64PJJwT0Ap4kPlEbeQ42gncuTlhweDzycY44GQOH7SSejcbappta+7r+G2nz3Kalo4zatyvWWr+Fu6269OqvZKx9c+H/2w/jzoSRw2/je7uYURfkvB5wZQVGCzk5zk8ngnrwc17Ho3/BQz4vWkYg1aw0PWYkxn7RZQFn5+Yn92evOecZ79Vr87YSwdCApAwysOcDsTyCQOMgnAPQck1eLoWJ+VGX5jg5BJGCD0xkDjnjAyB0reNapy29pLTW6bTXz3ezWjIdSTlpJ2vs43svc0srrTTdpPvtf9Prf9vLw1q4SPxb8JtCuyQFuJ4bSFid+ASAFGMnqM46c9a04f2hf2U/Eodde+HDadLKMB7SFUQFs5IKgjPce3rX5WLM5XK4UsSDxnaAeTu9ucZIxwMdCZUnwqkvgqSc7V3ZYkYIOQV5AGOhJyPu1Ua9aKa9pJq6erd73i0l697r8bESm5TTcIvRK3LHe0b7623+/tdr9SrofsYeIWjFrqOqaHNONoHnttR26bhgAKCR1HIx61APgN8B9bgaTw38W7e2c5KRXpjx3ABLNt4JUE4AwfXJr8wZ7gNHF0UqSokxncefoR2HqCSTxUaX00bBY554dqgqY5ZFJ4yM7W7d/xJPUnb6/VjZWi7W1tq7Wvrbfrbbz6EqjQmvfow1e6Ss9F1Wq0TatK3Xa7P03n/ZKWaJJdC+I/hjUIypKL9qgRzt5AIEmQWJHy9Cf1x9F+AnjrwL4u0TWbs2d9ptvc/wCkXllcpKUjYDHCucDCgnAA5JOMEV+fNn4v8QWLK9rrWpwhQyoyXUygY54AbgAjvnPB4J59/wDgl8RPGereN9F0m/8AE+p3dhIXMtrPcSSQSqAMjnI7AAnHPfJNVTx0p1EnCN5uKvdaaq73S+b+5tCjhMHCaqKjGM48rUl72vu22v1387eZ9A/EQNL4v/1bO3nKQce3JbIyAOPungnOQOKnjsry4jVFhLFRlm+916ZHrgDHzH6YFWfiG7DxBp7W8o3Kj7l2gvgNyWJDArjAyc56jqcu0u4mUmWJzllO7kt14HykkEA5GOScZ7ZpV23UurWsr2dkklG7T1uruzbS6q7e/bTjC2sW035+Wz1bfwp+jTv1qixu0BjkikwgIKqhBKkZDEgfxDjrjBxx2cFlSLAjcsGIG5eQM4OVA29OQ2TnodoNdbb6nqCIHZI5CrEMrgEuCCT68DOQCT0xzWl9st3j/wBJs4HYuMFADgHjB2g/LggDBB6E561zSmoru367NLVNpXulbazl1SLjTh0lyv8AvW8mrvTR6rR+fVM89i82MsSpKDPJ+XOSDkLzwvYY45OQQM6ML7VIIJXP8B/hzgnqCCMg8Hk4OCea6i6g0aeQNLbm3G0EbMAEbRjA98557nuTxSt7bSlkeNJ5o2j3NllDBwcgKPmPAAHyjPfp1Imt97WSbve14vbVpJ9dF66X6KWH1adrWet7dktN0+z0S79ClCwQJslZtxKKDkZAJBDMRnKgHaCOvpkCtIMFO4M0gZNm0FjlhjOQAD1H93HGeeBVq302KRdyzQOGkPynC4PQHOeM8e348C8mjTqjPE0MmGIJDZ2jPTABw3QjkZzjJJwualC8uW6VrdVdPlTaWrbv0v037auEk9rx62vrpFPSTs9b9bWT2aOfuPN3AgKCEBC9scn5mPcA8DAPcA9K5XxExGk30YUFntpGYM5IHIOAW5JPBXI+Wu2vrW4i3GRdu4hSpBAK4GDx0ycH8QWHIx574rkK6ZeIPkD25BbOV4GWUHj5uOh56DcPlNPWXNrpaN43u0mujfRbfNtLVNxUpXTdrPzfuq9kuq00Wz3e53trK7fCxFUYh/sm6RgjYJbbwSOmPbtkj0Nfmy8P7+chWJE04VQSQCztjjnd04I6cAV+jGnK7/DEAyN5f9kXJPOSG+b5mBOQfTIC9iec18GQWEc0rhZQriackMOdvmEbScc5J6jnp1611zTcqdk/spq9rNKO19NXq9Hquh4uOly005JtW1u27fBZ30v/AMF3dzIs4wihsnKfwseobPI6ZxjPT/dBPTSSMbUUk7mYMMY5AAxgEZ7dSc46ZreGg3DgNEYiGfCYZQdy9+T0yQTkcnjOc1bbQr0OjBFZhnBTBCjAAbaWGMcLwRnb04avVoUKjgrxd7LXVbcqstUtFr/wXY+ExdeDqyb2vpo1q2rLXdO2revkYEcEZU4OWBPGOuD+ZxgkD64p4gBwQFxkHdyDzgcAD+uCRyRW8NFvgDm2lwjZG1CSTwSc4yDnjHGM5HpTBplyoI8qVRuyVaNgcf3ucA/xAdcHdmulUJaaPa7d1Zba6Ju2qvezV9jzPbwv8XXo3re1rNu703S1vZX6rB+yt8zEclgdxIGApOOAM98d+AW7AVH9k3EglgQw25zkjuQc4wMcc5PcZxjefT5E4KupbkfKQfpzg+/fvxwKXyXB4Vh1U7sYJAIJHXB7HJ68gk9H9VnfZ2d7/C72+a6W39fIccXBRtzdemuiS6uzT200vfzduflhLF9gOcDDMAQMdccHt1OAAc9+REUI8sHcwI4wegHb1I7E+vYZNdI1vgZwdwCgBSOuc8gHOWBGeCcHpg8QNbBskhRtPqQQAQScdh1yONw5HGaxlQkrStdapX76ett+rSXzdqp4xNaczb6pO72Wiu972t1s9UrX5G8h/dSDg8ZXPGOCeAe2OcdT6YrK0CJHjud2M+ccnHHUDCkjgjI6Ag56dq6TU4T5EjKxIXIVcHJUd847YbaPcnqKwfDjHyrnaOEmYtk84bjnHbjOM8fjmvMxV/bwja/uy08k035Wut35n1GCqTnl9aTezilfrtu7Ntroopra7S0Oh8kMQMEKCEyp3AZA54GMnHzHIOB7YEv2MHewAONu4g/KAuAOOw+nTkger9wQkrnDIGJHZjjKnJxk56k+56kmZHKq2N2WA+VQcZOPbJyeD3JH3c1DpqUeZJWvZvorW3drtdLLR3u0c0MQk2pST10jd62tdKy2b7N+T0KK2gLFthyGDHIPQEZx8uCDwQSc+mOAJTY7lkYKFyOQQMkH+E8knuAwPHcGplJUyA7mC4bJznPAOOvHQEY4ByMAVPHznGXUYEmWwMYwvUkHtgjGPbnaexhLS+qt0fvXWvWy7vdJuXnbaGJ5XvZPa8ldLS9uvR9FZryRnfYYmx8gX5cbsDczE/MQBgAhhyFHTce+TXOnY3gIrKzBd2BwAfQgnOe38RxwAeOgGMAFRuVC3qpLc8gHqP4W5HsM4LhCdg3ZbegPHIJ/h7cjaDluuQOMmsJ4eCe3WNtt/dXqt3a7uktlY744u8U7uyS0stLWad7JPTvpqtd7cyunbZCG2nDcgKV+UYIAPr0I68Zz61MsFxC7vBczwlenlySRgfQq5zg9wTyD1rqI7aMN0UjcQQwzu2g5Occg5z656dObv2GFwrY2hcjYAehx145GAGGenQjuM/qsdGnFJ6bb6x1XfZeav5WOmnjJWupPSzVm7K3K09L36p30tvrZGDb+KfFumMv9n+I9Vt1Ugny7mZQCAQCRu5HPA7g12OgfHv4q6HJMtp4pv5BEMATTO2QM8Lk8epbk8dOK5e408I8kg2qg5x05JGUbtjA7k5BUL1zXHNC8Wo3QEfCnhQ3LAjohz1HPBGfp25auHcYtq6etmrtdNbPe3W2m9+778Ni6s5cvO0072vpq0tUm12d2t/M/p3udS8N6VcpBJLF5qryoKgMwPbA6k++OD0IyO38H+LvDCymMJAMIwDMclmBBY9Dkcj8ADkg1+Wnjb4hajNrbvp9xO0ecKSzjPPHyjI44ye5PHOcbHhLx/rNvcJ5ks8h+Q5Vm+XcRktkAA9SQD1OcZWv868ZwhL+zfbzxF5uPNGEpJWXKmlutXZb+lj+2qPEq+vexjRtGE+W/K7S2sr23btba2jP1juL7Tb++sJ4IYgH1K0AAAGU85QvH4Nnnn5ugHP8AS18LtJku/AHhSWzubjT5LXRNOZDEchnFuhwcY+VSASMcHsOFr+QzwT43e61Hw891cCKEX9kjPK5Csxljw244XI5wDj5cEnO0V/Vl4Q+M/gbwv8PNAW68UaIssfhqyZIW1C3R1KWkbN5q7xyc4KsDg8Hkcf5sfTC4d4gxFHhTDZNg8Xj6k8ViYONGhPEpJqlFX5YyVnfrstLn7hwhj6EsuxjdSnSqSlS5ozlFRceVN3i3tZ2e70uvNnx8+MHxI8BWthbaZrcZt2Qq9ykQedEC/NLOT8yqqkE84JHQZOPwF/bC8d+C/iVeyaj428Uz6lrMAlSRwVhU7M/JjBycYUdyME8/NXsv7af/AAUV8G289/o2k3kEslvbXFq9xbNHJHJId6nbtY5HUdgcnOSMn+cX4wfGfWPiLqM0mmS38kN3cPJiNXfczEkEBADgYGBx24Jr93+h59GvPcPhsv4jzzK3kuMnTUliI4dUsVOnPkfvuUU4tp9Fbur6H5x4mce5XlmFll+Alha1aakq1OhZJtWb5+XRNN9na+u9j6lj8TfCLSruSOOO3ZoWAVryVRuYHjByOvG4kDuOckHtrL45eBrBFi0xrBSoJYKqSKMMQAHbscHHfkHGRk/mHb+A/iD4hkja20fU7ks6kyFXiGGOACMYIGflAxjHOQAT6no37O/xLlUvc3EGl2xjBYyThpACecrkMSMtwcHpjjFf6Y1/BvBY+hGlXxONrpRim3JpOKUdWm4pddeu9tdf5ywviNisFiJVIUKNKz37K6e6il+LW7tc+oPit8fdC1rQ7rRLdbaSe7iZJCjKCuFPIOcgYPHzEkduPl/PXWZbCe5aKNyxBZiMFzktlgB97PYbuTjGK9g8Y/B0+ErNrzU/EHnlIw7pGWHmlR8yqSQxwBnOeeg7YqfDCHwbDcPe6lFa3kpddiXbgeShbbkhvvMePlz7kdMfYcI+HOA4ah7LCKUYyacua7eiWul3fR+b6nn8SeIOOzxx+sShaMVGCgtUml5K6T002/A8Y03QNa1RimkaFcXDEsFlaB9vfHUAbQRyNvQEEZwK9C0L4JeLtSjaXUpodNG8ERjl8K2SdvbaMHnBB46DA+rv+Es8J2UkMdglpCzt5SiExpbjJC5LgdTntg9TjkY5vxr4+0ezmitdK1K1trqWFkmjjxIpYxcszAlgBjAHUtg5wBX6bHBYShSadpO3knd2XVrVW6vVapbX+BrYypVbvNp3VkpLTmsvJX0btfbyG+GPDLeAbvTfK1pp7a4QC9u5WCqeQTHEz5G5QML7jkjca9stfGOnT2TWvhqP+1L8lwjZZ5kkzgF9oxtDjHXng+9fLfgXSNQ+MGtyaPqHiP8As7TbCZGYSgxlo1O1hGoKndISdoByMc46H9EvBPgDw34FsI7LTLOKSRUIe/nUCabjLOzOWJDbSRjkAjJJwa+Azz2EaycISdRyXuxeiXu2vrLW/TX1PTwlarOlZSSjZat9+RO1nK0b3bd9ne9jj/AuleLo4Lu+8TXchlvmD2tmy7Ft1AwTydyqc4xgKwzwe3Y3CoWVCcuAN6rhgACMgj3653Yx67uOgv5Y3XbbqwJ4ZycqoAC4UgnGDyzc8gAY6DES1ClXVizNkMwyDgZ5GB1yOCACcZA5IHHhqFWcvaN8t7WSVkkrWSTezXV21dtTKu00o6uzd5Ntro0o6XXRPmu+jtqVpPLULtAJyCEBBHGec47fXn9BnX0/mLtAAO/IHUK4BGGHQkjBySc9OCBjTeFAo5wqscDo3Pc854wcjoD3A3YyplRo3ULlAwDMDhsHg7uMEnGPzHWvboQbd5STdna/yvZdNdk3dK3nfz5RlKSa51aV5NK7ly8sVbRq1rW6XlYxhLIzfvQxjTeuR8oB3Y9yRu4zyOevcBRdwJfcoXlieTgnI77ccD+8c59qxfEXiLR/DdtJdatdLbWMQ3PMXGzeTwig4yxPBUEEcH3Pll58ePh/bCOaXV2gV3EQ3RlUx03tkAbHPAP908kgCvQpRbaStdbXezTWtt3bton00M69003qum7teyflq3e+sr9dj2CRHcF4guAcKQAWKgZOO/tnsCevQ+U+ONE17WILhLV0s7BAyyRlgHuS6nC8cn7pJUc84JOa1PDvxi+HviG4+waV4ht7i7+bMQdUc8D5Y1PGTwGZuP4skDJ3rrxToNq8iX+saVaxRBnc3lzCrooO4gJuGTt6Ec545Fb1OS37x3STdrdXbR6t2Wlmt3a93czu7b9ui0Wj1tre7W19V1Pz3+JnhXU/CkFuLm8E8t6HeGCFS6xK2cAxruOVU8sTwSRjmvkzU7/ULK7Xy5ZIDhw6OW3uCeTljnDYAA5IAYdxj9PPGvjf4MTalbzXev2E904khCRoLm2tkwRvGDguwZie30NfOHj7xH8EJdB1SPT9JOs68glWyv8AiJHYnghTzsQc8nJGB0FRh6sFKMY0ZSUna6TtZcqTb31eui6rdPThcLN3knZ+et0tL73ttb01Pi3VNRSeEqnnBmf5gwLLkHJOeMfNkryA2fz5dXyCC7GR3PbJxxwST8uMjd228noM6Oqaqt5dyOkIt1jUqFTGzOSMZH3gMkfL6ZAUZFYiTMH3+XhjwADgncOOcHHPtzjp1r3KMU4pqKWm1ndX5XK3mt03r5pLXPVNWfbRbWuujV7K6u27WV7a6drY3z28KRxsruWD+aWIC4A4Zc9s9O7Y67aVbi8uFkClgjMd8gXAPGBlhgbQcqvIPH8WcHnrG2mu1kG5kAJ3vwVUJzjjqeTjGQT1GOR1Nu0dshg3syjBVMEeawPzc8kA88Hrn6AZVVGOqSSt0afwqK9enrbpa7E5RSWmvkulorqu6Wl7ra1iu+mia2kJmaNCcPkHc7Ect83JxnbwOTkk8DJDYQWTl2fLbdg27t+0gDOCSeScEAk8Dk9tomHyS5lHmEqME42g8ghcnJBBAJwcj6gV7mW0iVd0qAsinzs8k8/KAFPUYBz09Oecoya8k7JLvdJJWXW6Tenez6kqXNZR6JJemmyT19dN+7d8OdI4o5CqgSlgVx8zFW4wOOpwSTnkEevOX9pVQ4wY8HaV27i/GSM9AM4yOMg7QeRXa2EFvqcrKs0UJRAPnCsy8Hbg5BJYdiByQSfTD1PTILXzivztu52A+WykqNxPTIAJ52YI45AFaxmnZN9r38ttdel1tfdet6JpXu9dHr1XXtb8m29Na8c0LRKirHukO5DkEgggkkAdTjjt/dBzx1FpawyWskuxAVAZ2PC5C4IB55wM/NuAJxnBrhYrUrLEwbYGOdwUkDHGMj7u4gnJ9c8YyOoa+tkgMUMxCqirIgPLSAYOeemQCemcdzjDkm1o9NrXjq1ZvRq92rbO1t7Wu7veys3ouqs9Ve/VXaW3r6tuFhdz5UDoNpd3Td85B7cZAyORkkkEHkEVz6zGDVbNlcgPcws2BgBfNTj5hgAtnJZsgnjB3A9BDqo2CMkFQNqbAAWZux+UgqD264zyQcDmFaa41iEOgx9ri7EYUSrjgghshduPujsT3ujFuSu1ZtJdlflbvZ9b2/SxVkrPR2aey01T87K73elna2qP3P8ABd0X8F+F5GdznSLTG0Fcjyl4PUEnheOgBPQ5rr1lxtAJP3ckMCFJ64JHbIJOM/dJ6DHGeCFceCfDKlFQDRrPyyBj7sS7mBwM9BnnIzwOM118Py7S5LbyTuGVCqBxgYJK88g45PfHH0dK3JFKzVorR76JPe6XzdrfK+VWVp6u60bS66Lffpfs99bmf4iK/wBkX4O7K20gIYBt4IIGM8jjPGAcnoM8+B+FbVGup3RSONrkADbnduJbOcFvlBOcZwAMDHu3iCYNpOoKq4It2GHYhQoBIx33Z5245GOMAZ8d8KWzq1zuAAKhsqPlbpjJ4z1JOD2Izyaupy80VZx93SzTa1s72vazemtuid9Ack3e13ru9m79Vttay7bWO/8AB8UdvdagwO0iUZTJyx6Z9Omcd+MfX0coREWBCqyE8nBxk5B65wOSck565GDXm3hEqNQ1CPezMG5A5Dc5xnsRzgjpk88ceksvyFXYbQCOTnYDngsCuf4s8469MGtqUbR072j5NKOn5baX62d1nZ66JWvo73Vkk+mq3v6PW9r5TRJcOisxPPORnIYcY6ZBx1HHbGOvQ6SI4r+0j2qBGyAEA5Y9MbcH8e30HBxYtquF3hgWJ3cEIvIxkHkEADHtjrg1uWO0XtuS5BEo5wMYBBzx0YDBPHTrnt7OFj70Xf8Al1tfTRu61S1Sbt97Z49Zvm5Vreylby5d1tr9/Tpr7RuCwqTtAdTtUfwjAPI3dCR0yRgY4OapyMCFOASCzbDkduAeckDAyT07YxzWeVsREMwVfm4GQ3H3vYHp7fU0j73BddwXG8qRhvcZ9MZ5G7p7HHt86enyXntJt7PXr26a6M5bQTaT6P3kndW363b3V9FvZMY9yqvjbkblwBj72ckDqeOMj7uPXAFL55ySwVicsAOCm0ALuGCDwOPQjiqjwgPu3bQm1gCOSxODtzjjP3T1znOOMvXAJJ+6wK4J5znqeTye3XGcd61gk171vyas1dttO17q7W1t03rzSav72i9HpblvqtNU38rXatpcE7bVkXG4hiRkMcgqehHQAccnGBzjmtG1Z5ZU3nYJCAcLwDg5YcdASOBznnNZMS4ActEM5C5PI+XknqM/lyfTONjTJUe4CkgKHTaAMAkHDcc89yCcg4Ix25cTTvGySj7q1e20X1T2bfTTaye+TvzwSdtY6rVvWPRq976d99un48ftC28qfFjxVFBIzN9sUFVBJZTzkk9e/A464HU17R+yn8D9K8U6ufGPxOhvNJ+H+gH7dcXk8DrDqssBWQWMG7h1kZdshVTw3pxVDxE/h27/AGlNeXxLaxXOjWGpJNeRTSCFLkRhWERJPCMAF246cHvXcfHr9qS1u7a08J+BrWx0bwzYQm1i0SwRDbCUDa1xK0Y+d85ILFj6n5hX4Jm0qv1+rh6MNXWk3Nxk4xXOk0rq3Nouuiv6v9WyuhhoYOOLxVRWhCKhBXblJKNm1otXa6Tv56MZ+15+0xZfErVrXwp4QsJND8F+FrddO0yytlMKNDAmxZWjXAy6qG5PPoeMfnvq2qvd4hALheWZsllUkkYx0PHPP44+9u3niyO/uLlruNRJKd0rkKpkBI+U/L0JJIHPHYDOcMXWiz3DND5S5A8xXY8kddpPAGcjOPwB4Pfhf3EIxUE9NrWd9L/5tWdr2VjwcyxLxVZzTVtIxitPdSjok7K2l9d9dLMwYJpzIIYix45ZEOSMcHI9AOTgcnIUgtj1/wAB6fe+KL7T9GME9xJdXUVrbx/MGJdtm8jOSACSAeAOM5XNcEmo6Xbu08SxxsAFChtwJHIwccfdweeWwDjnP0l+zX4p8OaB8SNG1/xRp7alpVtKZPJjUBUfIPmnop2ccc4PQ4xnDM8bVw+Dr1adNylGm5KC1cnpZJO63Wml9b32b0yTDUMZmWCw+JqKnRqVqUJzafKoOUU27p+f2XZan63/AAP+Gvib4X6NpyeGfC2nG+gtY5bzVJ0Se4nSZFkZJM5KhegGRg9ODhuj+LqeHvGWjXtt4n0iz0fXbe1lnTVbFDbztMpY7JSAAUyrAqTj27mzdft2/BHRdFe10fw/dHVEjYMz7tjlRhRgsMqThQCccnjFfAfxy/a41DxrdWsGlafb2CXRZPLi2meaKQ7UR8JkP2xxjkZ5XH5TklPP8yzGVaphqmHoSqayqSaVuZKyhKyeqtp0Wkj+os3z/gjh3IqWCwmJpYjFU6EYxhSUZNStBc0pJJRad27Xl1666XhrW9P06z8U6adkERh2CWaVYpzMpYLLAWIL7xkgr2welfSvwS+L/wAMvA+mJdeJPF8l1crEU1HS4JAskkIPyxAjlnYdSuPqQTX5e614e+IXiGJ7y4iawtdi3Cku0RaADK7tuASQBjJAyegyAPsb9nb9m+x8S6BZ+IdeV7+d50R4EZliCKQFadmDbmbGNuORknnp+pT8OKXEq+rVqVpVUueoopTtzRb5XunzPXWT0voz5fhv6TXFPA8IQy7HVFh8MpqlSqVJ+zTlK9lBSUU1Z/Fe9j7suf23NHs9K1Sw+EfgX+0Li6DRRahewPLIm4FQWUhg2CwxyACQfavmfV5P2mviTqA1SPV7zw6Lgj5IZXto7WJyT+5QONr4PBHUL6jFfZHhr4e+HfC9uLPS9H0ywRUVXcRIztzy3qSQNwOcr1A5Nd0sGjWi5kmiZlK5QbVQ4Vv4QMY3bcHgEjJA4r7Lh36P3DOTuDxNF4iT5eb2seeN2oybvNNbvW0Ndd2fBcd/St4/4ojVjLM6tKFRyTjQl7CNm463ptOVr7tu+176v4+8G/ssTalqFnrHxS8deJfGl1FL5/8AZtzqN1LaI+AfLZHkZWj6qcnODgknLH7cvtJurzwha+AYLi507wJYqJLfw3ZEQ2YlA2b3QDLb8EOSeWODnjLbabzkWW3MEMQ6MGVmweCRn8cjv8wHGRXSQanpFqA11eJIRjcS4DMVAIGCDleO3p/e5r9WwfBXDOXU404ZfhIuDXLemlrHls9m99LrTy01/n3Ecc8U46c6zx+KlKpfmftaiUruN7uUru9tWk+yd9DhPDHwl8I6c6nTvDen2DBUD3bW6vO+GyxU7c5OSceoPI4r2jSfA9nApWw08GQrmS7ulCRqMgcA4AUKo28DjGTnpzx8Y6dFsFq0SMFB3L8+1QMb8DGfU8DG3JPcYWs+IbzW7ea1PiK7s7Q5Ux2xMTspH3dwYZVg23OM8dM8n3aEMHhbxp4ejGMX7ihCKenLvorK63s27pXeqXzGPzPP8YknXmk/ik3KXa3d3e2i6aM6jxZq/wAPPBlsbnxh4w0208oEi0SVC7MBkERRnOFztVWHoMggmvlfxh+2H8LfD8ktv4C8F6x421iMMsN3PBLFZmXJwyhV2MgI465UgN153tR8BeBbqRrvULQaxcEA41CdpyCxO4lWJAOR9c8dRS23hzwtZRobDT9MszEThYLeLeAvysNxHJHTAPTisMfjMZUgqWGlSw8GrXSvJtcqtfmSvZ/c13OPBYK03Wxc8Riqt0+WTcYWvG9tbuze91p02t8h+NP2kv2sPiKklhpGlXfg/RJiVW20m3azk8t8hUadNrFipCsw24Iz2zXmFv8As7/F7xWkmv8AiG9gZ3Bd5NZ1N5pDI+WJkEjk78nhSMZyAcA4/RkxaQyqJGR8KD5UiDaBnhV2455BGOFC8Hg5uW7aCnmQvZpLDIS8m4PguwO7cN5B28/d/vZyep+bllleq+etiZVJJ/aaaT0btHVOy7Pby39qdWrFclCEqaukuSKi09N2k00no+rtrvp+NfiLRdd8OanLps9ws72uUmFnE/l7lOP3bKuGBxwcnGe/WuPkju5Jg5tNRICkljHIQB1GCVAx3z27fer9sbzQfAN0pefQdMuJRlWLWibskHLb87unUnOOTn+9WPgr4azxqJvD2ksrcYWJFYEdAQCWOMnjdn+LjIqv7OSim6tOL01st011atd6abdNnr488FjK8pSbqNS/mbfVLtbvsklr1SPxdQndultrxWxgM6NkIoyQQcnBxjjg9AKqSK4ikSOzlQO+55trAtlhwSeS3IyOh4OMDNftbP8AD74QvEqyeHNOmcghfLRAev3WOB27nlsY+7waEnwy+DM6FYvC1urcgkR7lwOSSA3X5jxyRkZC8Z5Xhad7e0btrpZ66NuO6e99LX6bMmGV4lt82i6PXRpRSTdrW13Wl9lY/EyKxl3uRZzHLkhl3gyZGAQOCcnaGB5PQgitlIkzGFtZ4iQMoANuFHzHoecnOA3J6YA5/Y+X4VfBwxnyvDNu0i45RcAsT8w+9xxx6DjPssPwd+D86/N4etYQhwTlg24Agjg5GM/NnGOD3Jolgqd/4yvJXWy1bi7N2Wz6Nt9dGkzVZRib3dle1k7XduW3L7u6vtfVH4x3OlKwYtDI7OCRGwLchugGeFx/Fx6kda6CwgnntDFHAY0iRUcFQwTqDjoTyen94Z7AD9hj8BPhBeCJZNHtIY2BIlEgVnwSMHI4GQc5APHUAgDPuP2cvhHHIYLSwu1imOZZIZdyE/d2rhSfUdOPcmp+puLbp1LTSSTerbbjrtpsn1snotU1vHJqslGNWTlT5k2lvry6vd9bej3XT8ufDuh27XMNxqdzDpumwnFxNKF345yUUkffAIXI65wAa9pt/ih8MPA0SN4X8O/29rEcSgalqQVoRIwKmSNGHPIyPfGcYOPsuT9k/wCE+oiUTprMUWAFjWZssuAV6EgjGccDr6dcab9ij4S6hvW31XVLERjCh2ZmIBySMYzt6HHXA47V59fI8Ri6kZVKjlFO9ozcVo1e6TWm9k/ytb18M8PlkWqWHh7Vx0nUipO6STbuu+tlonru2fCvij9oDxnryiKbUXtrFwdun6awghUY4R/LxkAZ3HPoeccedv4umuLeYWluIrqQqDcF97q3GWfdnO3qDwGyc+g/RGf/AIJ8+FLqZZtK8YyxISdqzxEjn3JHGe+MkdemKyrj/gnPqaS7tK8YWlwrnLAxtwSCVBySDkAZztzgds7rjw/ToqUoUYXT6u7b0d093trv3Nnj8ZiVFOrNpP4V8MY3jZWW6V972Ss79D83t2rT3TT3moLNH5vzqsigheoVQAMdF4Gckn3NT3mr3VtGZYYgFCeWqkBy7YwTjPXAJB7DHPGD963f/BOn4kCbdp+rafchWLFZHAOfm2lR0Jx06ke3fmdU/YJ+NkDBLXT0vCAY5GSXdyOchQDtBwQOmcd+2UsFKhFtU7NaJLXtZr567d79ERGM6i1u27arW7Vk7eel2uqs9b3PhCLxNNDcA3kbyRs2TyV2YxlQuSdwJx75962ZfGomiZLOwMZ2hRIQSrHGF2KASTnHcEsT6mvorWf2Jvitp85fUPD+oqwZgxhheaIYIJJx2I5Axk49zVrSP2f9S8NTCS90m/ubhVVS09lL5EIAIYgbcHGMgc45OD1OPsKkkkota3T0Ta0td2vft3SvdIwqV6WE3jUm3dWjBtt+6knpey0v36ba/NkPhvXNe2X/AJj6fasQ888rYypJwVjIA29flORj+EYr03T9C0mwhtkj8q7vFUeZcyKC7Y+9hmxgjpznB6nGCPU9U8Jx20TxT21yWUkMRBJHEik8ZXG0YORjHHPQE5ym0WyigjKyFFRRtZlIfJ5AOe4AxnaT82O9dGGw8U3KpKL0V2pbWcU/tPXXq7O7S6I+ezLNcdNOnSpVKUZJJxinF2Vrtt2V7WbslZ73KNjIYyYYomaMDIUlQit1JA2jBHQ8kd+DXMWtr5+q6ndmRInEnlqc5ZySoWMMN2BwQB0OTzXbLESCkBG1Pvs5Af7pJ9Sfbn5hk9uPNY5Y7e71OR7lojHM5TzMLkqchhk4Z142hs47EDGfQUqcnCDi1GNndctnbl1emrtd3Wi6tM8jB0sTKjipJydWcFGPNfeUop2b1sve6rTXfU6aSDVArSfawUUBFTJ34XqOQA2BgAk+zYqlLdXFpbtcTPsRB+9BIVsYB6FsDOOWPbvg88bqPjNGmihtryRQG2SSuMDcPvEDI3EYyQD3P45t5dy6tBcs16xtoomG7dkyOR0xwAM7j7DPPYbVcVSSSpxcmla7V1zJJrytfolp8zkwPDWNqVnPEVt5qVlun7srPW9rbJaaa3MPVdTn1O/aWzMjp54XZCSWcKevoSB3HAIyB2PF65qt+1yLWSAxRLKC6yqQ4wPm3ccjHOByB68V1Wh6na6bMZMjylDxhgC0jMSdzIQM+2SCeMDNcv4l12fU7r/QbNY1jd4jI8eZZfWRiVBJHdgMEkHpzXiVMTWc+VU7wdryino2lda3bu0npfXfW7P0XAZXh6NPmqShzxUUkmrtJQvvvfe2uie61IreHz5BLNMViKr5cbLs3AcDbnLLxheOcBciluddGlM+0/vGXEYVuBkZAJ5b5iBkdMe4wa+n6fqur3Vvp9ulzc3j4URW0MksrbjhVCxKxJJIA7hmxxivu74Of8E8/iv8RoLXxD4vgs/h34LQrPca74nlW2uJLc4Je2tpsSSyFBxwOQB6Vph8txmNcbRlGLcVzStaztvovWKSel9tErxeb5dlkeepKlGy2XvN2smoxTd+XtqfAUM/jDxHqCW2nC6Y3QWKKG2ikaeV2IULHHEGZixwduFyMnJHT71+C/8AwT+8b+JLC38WfFfVD4A8KSlZ5LjUnCardW7HeUtrORldXkVWVWwQSf4gMV+h/hLwx+zh+zjYGD4d+HIvid4/iTym8W61Aj6fZ3ajaWsoZNyFVYdBnocHgiuN1r4heIPHWrzy+KL+S5ulwU0lMw2NrGSSPs1uCsWIw2ANvQDvyPr8q4SwtOaqYy9VtXSkmop+7ry6u3S7aTWrTvp8NnPHlWrSnSy6kqdtHUlHmnytR1indR0vq2l23RreE7P4efCLTYtE+Dfh5bNo99tfeMNQiS41jU1K7ZTvcEpEWy6rwQO6k5HmGt+MtR+EniiH4s6HbR3N/pMz373aR7Zhd7GPmFVZfMVujJ0Ckkqck11NxK9rgk7FD/uhHjDhh0ZcYBAyWP15zXlPxPn+0eDdcS7l8uAWs8smGGWXyyCMYxng8Z4x7Gujijh3KsxyLG4GrQhKjKhUunFcrjyJW10d1fz0u0unl8HcVZzg+IsFi6WIq+0eJgm1JuSlzRTvZ7XWl2vhT8n+dP7av7X3xB/ak1nTbnxqtoBoSzxWUNrarEiQzSBjNMVJzKx55JIyACDk18O6V9mgvTtkMnmqFdcDKqSoOOdqnAyfTJx3rp/GElvPeXMdm8hVrpwST8+CxAXGWJ5PHrwo9q0PgXxDbQwak1ndWtrPCZIrm5iMazAYCiNsEHqQF53ZwtfyvhsrwOSYZYDBU4UMPTlJU6ULKKbfNda2vK93vq3ax/VmKzHHZvWWMxlWpWrzjT5pt35UkoxXayS/NrXUZq1pp6Ws9zDGrSHEQUMS2D8uWABGVPUE4PPU4I86meK2VY8s0gfkDhcsfukc5wBkHnjoM4rvb+Ke000xtJEZppD5mMF0BHHysBjcT06DAIPOK8xach5IHIYgszOR84+ZmyDyDx3JGOuNoFb4K7urNWbfvW1UpJ907axV2/K+pw1IpNtvXZ3avra7Sut9PJJNNd70uqsbgIm8FACxWQ7iByQx4454XAGCM561BcTrfSqxkwxYHyyedgPBH3s84468dAxJrEOJp5GhYlcZZmILHr8uBxljjPTBGf4sU5ZI4WxuwyoTk9VJP8JBxkjcCOevbjPoOjF8rS1vrKPKu2z0S7p6qyfkjnnq07tK+l9tLNabN6Ld79zqLZLZiTLGGjBB4H3trfd3dMDGDx2564rok1fR5Fjt0CqVY8E5RPUIcbix7gnHXjHA8qu9TbzFjhkZUGGxwWbdkEAAEnPIJAzySw9IIrx/PzwpU7vrg8j8wdx6+pKisquA9r8bbW6u77WerStprvst7X0SnGMo3X8t9G19l9Ol3LR9LW6nsj3T3MMjqpWJGKq235pOANmc9DwB057YyRxkl5NEZisjBTkbFJXqe/oxJBX5eTnqeR2WjatZT6dulhaNjgRIuGDSDI5XoNxAAIIxznjkUotHOomaMqkK72kdiAoIYkhAckBiOpOCo45HFcNNQoSlCcLcuiuul0rJ23elvLtozp5eb3o6NqLvve9l12curkn3s3vl6bdN5iSeaQQmXVhliRjI3c5Y+o475rbGqxOsjeWpkRy0oDfvHUYYbDg9R1ABwRgc/ejm0M20kE0ClYcFS4YuWODknJzsHUHjGRmpYLWzsjN9pXfKRvE2NsSg456HORxnHJI/GKsKVS3up90l2tvo7O9/J90JRlG1papxd3d3Vk3dSvZt3tay7XsYWr6nFdNGk0RRQpZMYDMe25QF3AE87tuByMgZHN6fcP8AalkKhkVio3Ae4AOMeuQCDjgjB66etXKTXrYgG0xgJtIBUdSrbeNzYBO3ng5wDVWyZFuUiCxpv2gM2CqEnqe2TwCeK7qUIQo6Q6a8zejfKrP4drW0a6ryMZ7u19baJbWsuq0212TWl1rfutCjm1S5ZbweZaxA5UNlFZsbEYbmGenAyPXoQa+pOtjdYG0IjELIsgJjySNvJ52j7vfPYZNdRpOkiCG5TzdsYjS4kmi6ZAyQDycMMAcfwjqOa811Zra7vbiKCR/KD5TJcvJtBLk8krj1yPXjJw8Ph1Kbkk4qzWto3ur6Jp30Vnq/K+5hq7Ny1Vn7z1vorWa30tbzstzasNbsbOR2kikeQksswAU5yTjbz8ucAkcY74OK2bbVoZCbsxhfm24fIZFPOU7Nhu+MY55xXCuV2FljDsgCqeNwxjKgDGD64+vG2uiayaPT4Z2KhpQrFlIxGoOAjDpnPbr24BraWHpqV5Weuj068va91d2vbW+hfLZPXq+6u/ds2/JpW9HsmWNU1OObMgWLbyiNtw4PUEDkEnjkcg5bAzzz2nazFBOfNVi6yErKxB27Tkbh33dDx0B7YxS1G6Z7yOHIRFUqFXPz7RywAHBPTJHOduAeuftjMiZCoHZgXO3IGcBivAyME/e6kAYyTWqw9NRcItWdrbvX3dNtFr1s3rfdEaaabW11s22tVZLS+l+ru73selxa5LJb3E2IpC2PKkxzuU52qPl5OBuwCMAg4yRXMXHiWbErOgllG6NjFg+UucZOAMNztJ7nk461Xnv7Kz01FtC8s6uxkXjYV42sc5P+6M7sHqCMnHtGeZ54o413zsd6uvAB53ZzjODyB16lsECso4aMG7b3Ss0t1y9NLJvSy8+iKV9r6dmltpa0bWet9b3Z6PoWsxNZmQzSMRH5bBjkAv1R1wAeMAk8YBACnmuV1V5d7Sl8rFIzMIyfukjA4bjOQBzn8zTowtnp0kYVVCtlnRhl3HRSOWCgYzyBkD0OYLKGG8R4hMDPOc/McqqY7qAQMDkY55HbK0U6MYSlJpOyS9dYtKzvfXa1utmtk5Lp3Sduy0tZPVuy6WffdIuaN4muLWfZJa+chGITImTtYZAULgntkZ6dieB1lhqt0Ln/AEuJ4YZB5jEqUIXB+UFuqkEDGOF3ZAI4w/MsNGgt1VIp5d295uhRgOFBOcnIPRfrk1WTW5tSuHWcq6KVVUyF8tRhlDEYxhQx5xjbxkCpq01PWCstrJJPZaWfTZ9V1TurKNHa2j+WrVtHfpvbVbuy0Z7ppt0J7M+Vao2yEgmTJUhjgNyDhiep3AkDB4FX9Mu9P0SL7ULGB3EgkvVOCNsbblABBC5z2znnPavI4vFQ0yOGK0SRl2gS8kK2MAE9tq5IAAXGOnruQa22pRxLIwggumCvkDnccfOSAdq9hnueO54nQqwk5O8YaJpbaq13tot3fd+QS1Wzb78uiTUV2Wl2rK2349d47+KDeJrVxFGLK1tY1jhit1VC7BcAsVA3KvBwQfm69wfGb7xPq0VmjzM6xzIUjfZIGKjODuOBgemR1z34+o/D/gb4fXuizPqGsR2+o2kvmSGbZsmjALLFBECQ24DBbJwOpxyeF8T+JPCur6ZNo0Wl2dpDp0csUM6oiT3DRnb5qLjIcgZ9zkZyCp64V4Qioxi5JP4knda3bb0vvotLX07ExsqnM4vmcY6q1m7q+i7Pv0snojl/h3rVolrPNMIpJvJy8chVNgBxu5OCJD6EHIJ+tjxf42S72aXarCYmCKzDB2sDkhWAwoJIABPJPYEVz+m+CdOi8Ma7r9z4hhsFhgJsrZnCzzuQdiMgIJJIOPlODgnqRXleh3SyXMTTFpDFKXIYEjAPLyMR1+6cscsAv8JC1UKNOc5VOaVla129Ho7W1dlrpbW3VJ3mdNv3lba+q3vy6bq2jWlt32R7dptnr90kiG3uXspEUl8HPlnG4oAOg4OeoHYEZqOHSvIuDBbzPHEsm6YspyFPBBztyB09duclea3dH8dQ6bpHm3dzHEoDxfu2Vy0eCAAn3geAC6gnqMHt4nq/xDFxfbrZpFtvMZVIOPMBf7zAZB69/fkdDyexrVpTUYcsNk7Wuvd01d356bbEKk77t3em118Ltu136Wdrevo/iOd9MEEUZiljZSYgGGQW3EPgYIJPQE5zwMg5rzO713y5pRI0gkBDYySqsBnJGMBQ3zA49ejc0x9b+1I0s8ikGJjGS5YRnOQOpGfu5Aznj2xzF9Mk6CZHDTOxVmHUKOBnjue/QnAJGcnqw+HcI2nFN3teSX93W1lq31W2+t9d4xta991dW/w9l9+2jSt0Ou0dL3WbiRS+EXD+czZ3EjhQSQUDHHUj0PQGtzSdSk0y+uoLlVYj92r8Dy2JYgAkfNz/ACwBzzyGhXcdraSxpcukhZS3zbS5GPlGOVIOAc9O9PutSh+1Ix3bztMx3ZywyQCc5bHXjk9c9DWdXDSqScVFcuiTdn1Svro7vRbq+uzZrvs39z+LS+t3dJ30e2qe1z1h7ma4tjIpRNrqZFXIIGM9Mjk9s4xnHOKSK2n1FHRVEluhRmVgC8nAO1c8jPOc7tw4LdCeFt/ET5YQt50Q2NMWGdyjHyg547g+4JAA247lPEFtFpv21kFmxYMzEZLqOAqpxgAAH5s9M4Awa8ieHqUKsOSDV5R1jd2S0bdtG07XtbTTtYUU03ezte7u20ra2elruzT021tqeR68kEWqXlrCgtVDBzGGAGVGANnPOOo7HGBwBV7wzdRiR47oIcKyxF2B2bmADsrDgDBOTjPAAHLDifEFwtxq09ysrbZbgMS+ckMc9P4QQOCBjAGM9y2acXDG3zGShDMcbZFK8AHOAWJ6YB9MnmvqFhnWw8VZOXs1d262V9tWr2b7Kz1Hyx0Vn01i00+6so2vdau1tlqt/UdYjC7pYr0SRiP96Q+QQSQAoI+8flwuD8uSD8orzm6umEgjk83yIzlWOd/c5IOSAST15wDwcZDLu8vkCQu7AYBjRM4DDJKsR1x1APQ5+tb9jpLapHDdSxBjIuzYxAYYH3zkAFe+CvAzuwSRXNQwsqG1nd+bX2Omyu90tfnqCjskmrtP5e7e6fRXTulfd9x+j3fnSiSFmEsagbTy+FIG/J5AKnn2YNjrjvZXXyo7newkdlZEDbsEFQzlcjIz1OevrxWJoXg/UZrvy7ENK837qNYImleUHIChVDdTgYJ456AjH1H8Nv2PPjT8Sb6zTSvDGo2tm5AN9exSQQKrH5n3uCPu89sjjoKzq4J1XzS0i9m9Y/i+qezvs+rR1UMJiKrXs6bnzPVWduibT0ez+Fqz26HkWja3qNtPDGLmUGQiUTKNyoCOUB54I5xgY46jKn0/T/CHiv4jPDp2h6ZqeryMwJS3s5pFaTOGIIUqCcjoRnhie5/Xr4Ff8EsNE0Y2Gr/EbXU1WcBZW0mEkxKeu1nBOVBO0jGCM9uK/WL4b/s6+CPBVvbweG/DmkaZDbKoEsFlG91IQAC+9o2fceMnPU+xNcksDhMNNVXyyqJJpQ3v7tknbT566W1PoMDw3icRJOslSp6Nt6N3t0beyel1ffXVn4GfBz/gnj4/8XTafdeJPC0ej2floAuptmVgfl81oGUZ67tuQwJPrx+pPwe/4J0fDfwpcRXmrW8V5dKVacWtqsbMxIJTc2fk6gjgHnJAxX6haL4GciN4LQoAAN8wAIG3AEa/w5B6fdAXkCu8i8LWejqb/Wr610y3jUu6vKI8gZILBiMP145B49s5VsXi6sfZUoNaprkinKztporve2/4an3GX5RlWWx55qEpRS+O1k2o2dmrPVX/AAV3qvLPh58HvAPg8wxaJ4XsYGjVcMlskt1JImAGf5cA4HXIGQcdcH6U0jQ79kYi2jsrbA/eTqqKqjOSF+UAbWwOnIznrXz34t/ab+FngCOWHRtmsarGCiiHEuXHC5kUkAkkDvkZGQAFPyj4v/ai+LXj5LiHw9BJoljPuRJYztZY1zgL0wcHJJ65HCjosJwtnGY1ouVKahU351LVe50s2/X00SkjbG8V5Rl9Oyq0+eL0jTs7aRVrJ6LS/r8r/pfrXjH4f+Brcz+Itf0yGRQxPmSI8zEEkBIwWY8HjgEng4IAPzZ4x/bMshJPpfw/0w6jOu6NL6RCV9AQigYAyMDJH3ezHHwRbeFdb8QS/bvFmu3uoTOxd0lnkeMsfmIJZs45YAbcf3a9O0PSrDR0Vba1hR4yP3mBk5A6nGOcEAnABOBz0+4y/wAPKcEpYpSckk+Vq+3Ktk276aN227q6+DzDxB9pJxw3Ok0vev0dt101e/XXXc6bUtf+KnxImMut65d2NpLIxNtFK6CNCc4ChgSADgEn0Nc4/wAHfD8cwudYg/ticksWvRvVt3BUMSXXIJAycY5JrsLfVhGNwOGBwSrgAdT3yASexHbjJ66i6/5sZfBkAOBz8xxkHOeFAyMHPJJ75r6jDcMUMHGEqMIwUUnJ2StZxv8ALS+ul7qzsfJ1+I6mKcva1HJvZNydo6LRKXltrbyR4u3hLXPCGoXOvfD26uLdAB9q8KXk7NpV4gJ3Lb7jtt5scqwPJHQYNd34d8cWHieOaFfM07WLbbHqOk3TbLq2mA+cxq3MsTEcMpK47kYxw3xB+MfgTwEktx4j8R2OnMqNJ9j85HuJWAY7BEm5gzY4weQM8jr+eHxO/bP0vUL1Lr4caLNFrdqzJD4iuFMXnQhiCjxAfvl4JG4Fifc5r26a+p2k6qkv5NHe3KvdSs72X2eure54zm8Tdcjjv78orry2u3bTT8Xbu/1F1TUbawSS51K7t7G3VHZrq5njjjVV6t8zLk7Rg5GBkZ5wa+V/iL+1r8LPBJkg0+9PifVot0f2az5hRhkENMDgAEE8ZGR0AzX57+f8e/jrItxcX+qy6Zcy4aRppbTT4VPLqiArkE5HIAPAIY17f4F/ZN8P6U0N94tvZNZvGIkkso9wh34BAfcTuGQcndlsnvivTo1cZiUvYU1Sp3V6k1Zu9tbWTe2rte3qcFVYbD29tU9pO6fLGza20er3e2zt6HC+LP2pPjZ8VL2TSfAWnXOkWE5MSxaVA/nbScYku8DHGCx6AZB4FUvDX7K3jfxnff2p8S/ElzbCYiR7d7iS6vCX+Yq8jN8vXachSv6D7atbbwh4Es/KtbbS9Ft4xhBGkQmyvOS/yuGwOeQc+mc15b4r+OFnZCSDQ4Gu2O5Xmc4UMAQGDZOSW4G3nvjmieFw2Hmp43Ec82rqHNotm0ordauyd/n0zhisTXXJhaHJHRc1uzhq79fN3Ok8G/Bv4ZfDyEm20Sxnu7Yc3+oqks7Mijc4aQbQeSRgcA8cYAv+I/iz4b0CForadJ3RCsUFoqhV5OExGBgAgL+ZGMcfLms+O9f11xLc3ckSbObeJtqFWIwvHbjk4xjqOc15/NO7F2JCktkNKdxwSQR8wyAPTIGBjJ5rhr5rRpWhQglFaKSVla0bN6btduq6vU7IZRVq8jxE5Sk9fdvd6RtbZJbLrrqtz13xB8bvEmqM8Ng6aXaguCUBeZjnGcgcDBBJ5Bya8g1XW9R1Gb7RdX1xcysCHaaVyoOckBS3B+bgEEDpkHrz9zfwWizylxnB+YMFQADJJL7SM5zn+I4zxzXm2v8AxS8OaLHIZLtbu4GWNrbsGJcDAyQQfvHByANoOMCvGxeay1U63xK7jzNNL3bJrV6K1n0Sdtz3MHllKnGKp00paO7SbsnHq0rPRK+i8tzs9YuoWsrnMuNiswLSbYxIoJ3MScAYX8c/xcAeHw/EHRbSV5tb1IERu8UdlYZeSYICAWZeQT7jjGTggY8i8efE/X/E+n3dpZINJtGJ3eWfLdo8cY6McjJIA5Hy46ivF9MluI0kkVmvHXo0ithGJ528H16jPUnrk18zWxs5yk7S5Uk223ZpciTd9E+uiur6t3Z6ns1HkirrquXXRNN67KS3TSs76vZH0pq/xw1Z0uNP8KWS6XaSYU3cqrJdkZxvLH5lx97jocY5OB5BqV/qGrySzXl3c392S3mTXLuUO47iVJIRQCWAwApGc9s4kKXykGOKZ3umVVjVJJGkd2AIijRWklY9cKpJ7DNfYnwP/YO/au/aCv7bTvhr8IPFd1b6lD58fiDX7WTRtCSMgt5v2m6VC0ar0wvII5w2RyVcZSw0ITxFWnTg2lzTkoJv3eVNuWrknd8t7X77bxw9arBRjCc5JfDCMm7Xi1fV3u19za5dEj5AuLeaSSzRpbeFAysXlcDCjLFsD7oHcc5PBB4rY0fwnP4kvxaaFo+teKNT85FWG0tpIdOUyN8u+7dRB97HG/5s54GAfub4X/s6+A/hR+1h4e+B/wC1T4Z1mOWC6itvEc32+ODRbK7cloDJOjNHPpkrr+8fI+XPHII/Vv4//E39if4P/DvxN4E0K18PeJZ7hRb6Jpvga0jsTpl9CMQXs+oQkz3BjIQsS4V/mLAnGN2sZXpwnhKDqQmozhXUv3XK7J+8kr+e22pnD6rSmvrtZ0XFpSgleatyr4Wld30enlZ3R+YXwc/YD8XeO5If+Ez8WaL8P7cwLLPonh+OLVNfidUDx2N9KMJZ3FwCFRmOBznoa+xfBPwz/Zg+CUWoNrfhKzg1bwtBLbeIdd8ZX0F/qtzJIjRpc6NuyLW7U4kTYjbTjHHT83dY/a/8faUdZt/CMsXhRbuyTS7qe1BMuo20RZYrmUvuk+2LGVDTBgc4wBivkLxd4/8AEXiKd7jV9X1PVJ7ti1xcX15LKs7nJMjKXIJwcYYMRwMljxnRyfFRrQr43HRjS91/V6asrJxspWaWqTW7e730OjEZvgXRdHA4Zzls69Vq6XupO1k001fdrvofpN4v/wCCgfibwOPEXgj4U+IF8SeEblpbXRdV8S2olvdHt2kdpYbWWNkUxkOEDMoZlUFVxivgrx18W/G/j/UTd+Jde1TU4pgVNs9xJHp8IJJIt7dW8tkA5AYdyMEdPItK0TW/El/FY+G9OvtZv7iQRpa2NvJOAzHG4+WrIqgn5izD0zxz9aaZ+zpa+DbHTtc+P/iux8C6I0Im/wCEdguI7rxPd/LuVIrGNvMiZwQpLEY3biMgE/TYJRp15xwGG561RK8aNNylJNRSTSV7WabSsrnh4hV68YVMXiFRowekqs1GLei9xNXloteVW19T5utGuNRvTbaZDPdSgJGtraW0kkkrk4C7YlcnJ24JwPQAV7voXwG8SeWdX8e3eneBdLmtjc251aaKPUJYmBZRb2W7fI5XpleMnPPA1tU/aS8HeErWXw38Cvh3Y6JFKRCfG2vwRX3iC9UfL58CSKxticbs4OCQcgFseW3/AIr1vxXdyar4n1i68Q3oi+aa9uGOWY52RxZCRFSFACqAAANoJ5+6ybhnMcxUKmKmsJSjO86as6kr20s9FaKdrtuzWiPkc1zfBYKUoYeDxdTrNxcaXNolbdtro3rbpc0PEXjXwv8ADi70W6+HNrJquu6dcSLca9rsPmw3cochBa2L4UxjdksThsYwOTWF4y+MfxG+JrWI8a+JL+eC3Uqun22600+CJiCEFpDsQgcKCc4UgchsHifFa/abe0cvEkxuVaCE4LqoIwhOO/y7mOOcbj6T+H/BXjXxtdHTvCug6lq+oSvHDtsbdzECwCqjSbFQs5bGUJAPT1XzOLf7HyD2vOqUWqabrVnFu9k3zTezei93l62v17eHKuZZvCPJ7abnPldGmpPmvypR93Zrz5dNbd8+X7NC8giuAIkAcCMhAx4PlKuCSWwC3Oc4yTjIs+HtN1DxFqsdhpFleajfzkAQ28EkzMWICoCikJ94Asxwp5IGK/Sv4B/8Et/iB47W31Tx9dSaTGVjkPh/Ty8t0inazLdzsQLdSCQxG/BPXjj9cPht+xb8GPhRHbtNPpWky6VajzrTTmiudavptmZFnv2DYZjgvwu0A5zkY/nbOvE7LKN6WWueOr83IlQUpU024xvFp6+sVr3Vmz9hyXw/zDEuNXMFHA0LRl+9d5yWnTZaW3bl6bH4k/BL9l+fxBq8CePtfsvDEzSRbNDu7hUv5/McLHDI5BWGI5UszEDjJwBX7S/DD9mn4RfCvTbLWNSuNAiIRTJdi4i1S8mfAIhsmQOsPA2s23JfOAeKx/HXiX4CeFrXVdM0DwjpeoX1wX/tbXNShSeW3QAny0ut4ZplPzL5ZO3PA4r4e8YfFO30XW7dPDGsappWi3doHtdLguDcpaFHHmXcEMxd1mnYnYpyFDE5wOPkP7K4k41cZzrY7AUJSu6c4uEHB8q9xRvJf9vXffXQ+xpYvh7hVOnGlhMXVikueL5p8ytdTb0TvfSKSWlrdf1Q1j9oPwF8OrS8Xw3YWOmiNMPc3wRdSvwy7dkcQVnMb4HznaVyxx2Hxf8AE79rnXPEFlPY2d7cJYusq/2dprva2NuZMgG4uVJe63Z+ZVC9wWDHB+LtQ8bRedeap4j1eDSbeeMyi+1a4Fzql0rE8wWjNuDHOAAF2ngABfl8O13456bYtJbeDtHa7uiXQ6tqwWTbk8T2lrwIcj5lZicEDr0P6Bw94U5LlnLXx0PrdePLJzrNStK8Xs73Tfq+uzlf5DOfETH4typ4Hlw9H4eWCSbSto3sk/JXT63tf3zVvFeu39o99ql0mm2028fbb+QJEIBywsbN23ebjkSliGbGBkV4fqHxF8OaDJcNpME/iDUnLINRv3BhjkIYqYoSdoZTg8LjBH0PjkEvj34ma1Dp2mxax4p1i8mEVppWl2t1eztLIQvlxW9urLGGJVQW2g45OBX7Gfsl/wDBDj9of42vpPib4v3UfwX8DXBinlhv4zN4qu7ZwGZE03KyW/2hGIWV3JTJ+XIxX2GYcQ8P8KYd+1q4XCRhFcsWo+0dlGypwjeUm2nsrLXW+r+Vw2C4g4hrRjSo18TJuzm1JU0m4p3m3ZLvdtaJJWaPyN1nxv408XuulLe3Es9ywii0rSraWaeYt8o/c2weVm+banHyjAweM/oF+yr/AMEd/wBrj9pWfTdW/wCEPufh34Kv3jkm8WeN0ls5prV23CWwsp8POzxklFbaSeB1w39bH7L3/BMr9kX9lCzt7zw18NtM8WeMLeNG/wCEz8bJDqmpidcb7iziudyRRFsuqsvUAZ6Efdx8RzXbwaTosqP5YKRWGkWoLjaQhjjjgCwWyAbQGBIUA4JAC1+QZ54x1cX7SjklKpJp8vt6t5WWlpQpR0Wmyle13o9T9CynwyjS5a+bzi2rN0oJqGnK2nL4nt5Xd7u9z8n/ANlb/gip+yV+zVHp2vfEHTJPjb4/tljnkuvEKx/2Da3KqGzBprMVVY3yUY56LwT0/UiLxDpmlWtv4Y8DeGYUjtlS2tNF0HT47PTLeOL5YoSLWNRIEAVcsSccZ71f1XTNF0e2k1H4ha7Do9nkSNpVvefadVuiFLBZdjhgW4HlkcdlHFeFeOf2v/Bnga3udM8DabZaCkELomq3savqNyRyGVCWZWbOQxOTkHAJGfiKOB4p4uxKlWWKxLqNNucpKmk7NW05UvKMdkr9D7FYjIOHqDhQp4dciV1G0Ypq2re7as27d9Wj2q/8KeIri2k1L4ieKLDwP4fdczaXa3KW91NEoGQRu8wMEPOOcgHHBz4dr/7SPwR+EFvdad8OtB/t3WYy4GuaoguUM7BiGWSbPmKT1Py7Tu5BOD+Y3xY/af13xnfS3E+qalqMzzMqhp5WckltoSMFY4YueG5OMg5rxG6v9c8SOjX1ybW0aIskSNuuAzckyyKQcktg55+o6/r/AA14SxjGE8yTlJpSdNe7Br3WlJ/E3dLfR9V1Pz7PvEODUoYepGMI6KNO6i9tbXvK2j97RdrWv9dfFn9sHx140uZIdR1S5ltn3eRpelSvFbjI+SNoYioCqD03854XqK+VdT1Dxh4jLyXDxafaTRkOzpundXGfmZj97HByWb5u4GVraNZQ6fcLAkQUtkmWYF2YnqQ55IJzjjoCMZr0KN4MKWZXUBtysQSrdgAFA45OeuQNuAMV+wZdwtluXU406VCmrKKVopXdlu7Xb2vq++uh+XY7ibGY58yqSjFtuzm2raPZNrZJ62b+Z4Vd/DhIpFvtE1O80bW1YyC9t3ZraYKQTHcQNlDHIQQQCODxjFXNK8Y3trqcOheL7GHT9SkJjstTUldM1ML8mVkIxFO3UoxHXvkivT7u4EcpKR5iXB2nGc54z6+x78exrlfFGl6frGmTW2pwwG2ZSUlJUSQSFcpNFIcGKSIncCCORxg4z70sK6VuRqCgk0lZqVlB2ul1TV3809WzyVXdZe8vaN2alHVrRdd3v10f5S36oiSSiZYpQd4CkMD/ABALgkEkHkrw2AQSTw/T72x1K3lN6/lTQD5JJT+5IGTjBOM54PcckAnivmWP4gJ4Au59C8UauL/RIzJLp/iN5lDQIpJWwvGb77KBtWTOG4yBgGvLfFX7V9lPNP4f+G2gzeJtVeQqs8KlNPjkxgStcEMGCk7iq5B564wOSeOhFKENZJtOCbbb01Vuu+67pdL7QwE5r3naLtdvS217va/lpb5WPtXXtX0jR7UiR4IoRGJprieSOKKPA3GXc7AEfdOMntkALmvjfxp+0lo5urjRfCaXfjTV1laIQWSuNLtiAVQSz8INrnJxnrhcnmvKm8HfEz4mXyaj8SfEN1BYytuTw1o0zxWyofmVLho2G/AxuGAPvDnivdPDXw/8NeHoY7XTNOs7FAo8wrEpkl29WeT7xYjOSTz36kUl9bxcYqbdOGjSWkmrxWqv10V3ZO91sP8A2bCx5YWnPVq97Jq2qXW+uuife2p4s/hLx78S3GoeOdfutP0okY8PaRNJDDsxlIp3U5fbnBP8QPpXp/hvwTofhCFYtI0yCBWjALeWouCT955JiS5Zueck5JOCOD6bFp0cEcjrhEVuEB2gqT1xwTgg4/l8vGWRA8yvu3Rq2wqGweedxx1Ck8d+euRiuuGEhR5ZKMXNJJybUne8X/M2k0r/AJLqc0sRiasrJ2joklZLorWWyej22d7WL9v5VsCFRWaRQ6sCDluSRjIwcnPGBweGxzclaO5s3aUqNqurRLjc6nIKknrkHcBjjKnjdisOUxIRKku0RnBKgjhmxtYgc/Lz2CgnJJJqOfUoY7aUxlC27CnPJz1UKc9TwSMAjA68HkxONVGUly3TV921f3ez6Oyv9/l0U8HKo4ybVukb63tF3vZt/ffr5Lih5eh6hJpsaKtnfss9q7sQFnGC0a4+YgkAEjg5PAwKp3HltLPLt2RCTa4jIJDAgEFfT0ycccsOtct8QPHun6dbmNm36labZLW1tk867LfxKAgJGXwDzgdSchjXz3rnj/W7/Zd3t6fDVhIQzWSuH1O6wMtuiDZjD9OACMnIz81fOYrNIJLTd/O999Lvu9NdLrfX6CjhYwiuaSbau1azura3abb1101W76L3jXfEel6PMiG+WSZF/cW1uwkllZuAmFJww5A3c888g1wHiH4ifZ4x5gtjPKhaOwa4/fByRsacKDs9eT0A3AEV4be+MrWZJI9OX7BE4Xzbq6YzapO5GWMbMwIEnXAxjOMhjx6B8M/gX8Sfiot1feHdFex0GJib/wAX68zWdhbw7j5j/aLnZuwu4gLnKhgSelck8dPESVOnGTk0r8l9oqN7y2S2uuXS1rdFhisZg8vpTqV6sYQim3zSWyt0TVtFsk27X11v5/4h8S65rk6xTag8iykhbG0Jjt1HQIBHzK4G3IAAyCD8py3eaB8JJr7T7fW/F15aeCPCgw9xqOpuIr2cjDH7PC+JXLr9zauMkHB5r1XxQvwq/Z80qzj8PQRfFP4jzmRH1GVVk8P6ZMV/1lohytw0bElmHykIARycfFPjDxt8Qfi54lhttXvJb+4VysmnRK8dnDEn3YoYIykMaxKQpcjcc45xmvn8zzzCYFyjVxNKrXSV4KomoPSyf2bpNX1fTXU8DD5ji84Tng6NWnhbqMa1aHI5p8mtKnOz5Xa6nJ7NtJ6n0d4i+PHhL4b2CaP8INLjuLiF9s3jLU0RprhgCsstsGHyKmSR82BwMACvnK6+ImqeKr661nxRrd5fuZTI17eSt9jEAJzJAH/du6HOFXBVvurn5axPE/hvQ9Ct4P8AhLtUTSwQ1vHomlyfatRmEoIXeqMWi3PgkMPr6ju20W0+IPw38P8Ahy48KWfhPSfCc0lxHqUm19W8RQ3DZX7VhlbBUAENkDOMDt8VW4jlX5nFycbu8rWi+a1nBya5ui9y617NM9enhoxtPEVFaCTk7e82nC2iteW+l7JrZO7fnetfF7w/YxCDwfp174s8Ric+TctAXsoCflLGXZsK5OAvGOc5xz5JeaF4h8RTyaj481f+ybOWZruXTbKSQPJvIK28cEblEc9GYqSQB719CajoEOl6W1j4bsrKxt9oZb2JEjPykLtyV3bRnczbtrFiTkc1wt7oa2tr9oumGp3LQvJ50jbhG+0EHaepUjCjAC54Hy8Y0as6ztUuoys05Wu78ttNuvRX7+XdSzenBOND4o2SadtHy2bfNvZa+iu9Wnzllrx0XTZtJ8G6W3h3TpYcS6kiFdSv2GQzyT4EgVgzEhSMdSc9fNNVZWZo2driYgtNdAszFpMFi+4kthj1B+U9fb13TdH1C+0+e7mVHtIYlLrKBH5URySqDjsCCc4AyCNpFcdPbAXd5BBa+aspJ6YiCqCcowBIUMQGI5yQOCa9HCUqFGd4wiuZJczVm3aL31utVd+nU7KeLrY+mo1Jt8lnGn0UXy20T36NtPunZWPLZAViuliV5CVVB8rbSQOCF55BznhevQmuUbTLnzWVtzLIRz8yneOdoXoG69G556A4HrS2F3O9y62ggSIbEYAKi4OAAuDuJHAweOnA5rHvNPaPbMzLbLGC8ssm3dxwSFGQoOPlzzjtxub1oVaMm4rldnftfZtXfTy8ltsaRwNW6k4yd7KKUXZ3fk1Z2222VmtzgotLnimMbgoHUKidXY4GdwH3dxLFiScAc84pJraC32xosrzBn892UBFGSTlycKAck46nB710tvLFqt/HY6akt7dO+yNbZWlluWO0BRhSI07BsgYGD1BP0z4A/Zyudde2vvGs0mnWLOkyaBppEmo3SbgRHOwwY/MAwdxyBwSDyPkuJ+Ocm4WwlbE47EQi4xvClFxlUnJWtGMVeWr+1dLfWzZ95wtwXm2fYqnh8JQlJSS5pzVqcI2S5pSd7bX3bey1Pka08L694lm+yeHbGe7IYb2gjcQQDADPJMV2kbcnrj056/rZ+w1/wTl8PfE3wvJ8TvidPLqFtbajPaWPhe1coLl7dC7TXk4BGxpFKKhHTB7YrL17wrp/hfw8LHR9Gt/C2mq8caW0SK2o3CgABrqclXLyn5iCTgnrmv1J/ZC8SaV4J+BOnmS42SXF/dSTxRuGfdKGCnex24G4MRuxj0Ga/jDx08cOKsXwZKtwnTr4Kpi8yw2DjVpNvEexm17Rppe5z8qi+TWz0e7P6g8L/CnJsHxC6Wc1aOKnQws67hUVqSn7nK+WT1tdtcyvez5VofCWqeHPB3wu8WX9vYeGtNtItL1Ka2s9LitYmeNImIUiQqcsQADnnPJ7Ae+x/GKyttGt5LeIreNAXf7TIqQ2q7flQJwmVIBAIzgDkc183fGvxBav4x8S3NtqcSomozXaHd5twWdiSoOcIFy3HJycY65+XNR+IkcQZJbm5nO8tFESfnJfl2X7wX0J2gD2OKXCvCOL4xyfKsTncsRXqyoYerVVec5N1XGLnzKTbu5OV7rXa9zzuMeIY8MZljKOWujFe0qU4KkoR91SsmmrvRdktml3f154s+JlzrjSvdao0sfJEaNstYwBySOj7QeB1yc9Cc/LPjL4nvbtcWulE3NxgiS8dsrHyV2p1AXdwqA54OM5Feavr2u+Jme3tWdIHyBHExVApbbl5FAHTIK8+vXGVfTdI0aB7rV7lbh40Zmt1O9S6DczcnkKcA8nJBHGCW/oXh3gvLMphRhChS92MeWMYRTfKo2b63fS7d7O+x+EZ1xXmuYOpKdWa5pv3uZ3lF72u213uk32SvYoWEt7qVxJquqPKyKjSbmf53JwTgMRtix9MZyeAK5iTUdFFzenw9Z202rXZZbq9ZVk8qMEHiVgeVbHK9T8vGa4Pxn4s1K/s9RFhmzslXy4xD8ksoO7AUsMjkAkjqM/NzzT+Huk65e29vZaXbXNzeXpCTFUb9wjsAWeUA7SQcnnIwfl4r9KoYehQgpTlTpxSvGKtFK3JdPpp99+i6/n2KxOJqzjGKnOfNd3vq3ypPzTbaer027P3Pw/otrPaQmWdL7UbiUtI8kvyx5znCgkYX0z6DHBI6Cf4J6z49vLeVNTj0zR7VVi1LUbxzbWkMKON8qB9qysEwQVxu/hJ4ze0bSPD3w61G1v/Hd8tx5Ee8aLaShi77DlpmB43nLHJyxDDBzz4p8df2jdY8SafBomizWuh6BHM8NvZ2ziCaaEsQZLmWMpzlgQWJyCPYjCjOviqzp4Wk/Zt8sq7Vqdlb4LJObt2tG9y3S5IQqYmrFTivdpp3a0he7V/O7unv8AP6T1T4r/AAg+BWlSaJ4EktvFfjKxiEMniq7RZoreRFwy2ZZWUFXHybQS3OK+LPHXxn+IPxNvJZtR1LUbySVyqqvmzSOrHCRWtum7y1PqqgcD5j0rR+Ef7PfxF+Ml3FdaZbw6T4Vt8S3viXVFMVrKAQXEBl/18gySoBx+Br9Qfh78Lvgd8BdItr+W3s/FnjAnMd/qgSR3usYWKztZFYLCX6OV4AA7jH0OV8PQVT2ipuvWbd6lRKUr3S91yvyxVrNWWml9CK2MnNWqVlRoqNrJ8uit3fTVXv00Vkfm54K/ZE8deJdEl8XeOZf+EE8KMonF3q4C6zqauQypYWUhEkrSDGwgZyT1HX9g/hB/wrH4QfAG78K/DTwolhqPiPSlGs+IdV8tb6bUQrCPUZJHUOEZeY41O1Rjg5NeR/ELxtb3stjqPiyK31S/3fadN0G0lVrSxtgP3XnwJ+7jK8fIVCjAGBnj5/8AFfjDxN4vuEsrG/Npp8NsUkiti8McMK5ypKEKzhdyoOBjjgYz9zh8gnUhFzhy8rV4uDtfTbZabL52tsfG5jxXgsBN06NWDkrxvdN393d8ys79HzL0PPPidcu9xPBq+u3GsSAOEgtp3K3LO5J85wxxEp3bFJAxwN2TXzdrdpdXKRRxwR6fZocJBEoWWQ7WAdjjLE45OcjI55xXtOs20dvHKxSQopEIlf8A1s7Dk7WY5CknJPbAAAA4821PVIJLy2itEMtw7mNn6wQFFGRu+7lVznAPTJAAOfXjk8qcbwpyajFXlyuy1ju7aJ9l1stmfMR4lpYiry1K6vOWkFP3p3lHRW1ts2rbNNva/iHgfw3f6x4k1HTdNtZWu5r3O5Y2xFEpAaQgDcDhgWIBxnJGck/qX8IPgZY+ErLTJZVV9Qvys00uwtKQ+CY1PX5iSCR0b1xx8wfs46W/9reJNVnhAmm1P7FazBA5cMx8xk9ui5HGDxX6haCkUd5YI4DG2tYzuYYAbaMbQCQpJBBOR0z2Ne1wvh6KzHDy0UvbK9lbaUNOtr2VtfJefwXiTxFiMFlGNhSk1bDyaa0VnGKf63X3q1jon8JX1zYpbWwSCJtgKAAEIgAywAJwTkjBPORl88bfh/wDZ280Ut5IZpYyXGAoACDOc47YIBwx7Z7Vek1BoU/dsQ20btvQ7iGODk464Ppn0PMc3iC6WNERNrbWL7ScrFt5OF9gxbpkY6A8/wBDyq0YUU5StywVr9Fo726aX0fTqtT+IHxBnGLxXs6M2oyqqNknK6lKPS+/e67WPMfiDqFjpB1GRpligtiG2NJjeMHj2CZyegLDBGMsPkKTxHb6/rFzdSzIIobe5ZEBxuEaE7i4PyhQc5+Y5+uKf8a/GN3qOpX9lFLII0m8rAcjftOdxGQCpJOSM4J78k/LXi/xa/g/wD4l1xG8uZrSeygZj85kuYvLyuTkbeDxjHU8Hn8X4t4glOtUhSqNRp9nq3eK2totn5b9T+rvD3h6tLA4aeLUp1MRGDcWtdVG72utLaX676afAHxQ8Q3Gu+PfFWrT3UlzFHqc1pZo7l4o44neNgm4nGMZyMDORkkGrGh+MINKtIbWNAkjEM5BwWJA+YgYDDAPG7GQPQ15NPcM4luJH82SeZp3BIyWmJZt3ctucnOODk4z0tWJmupR+6JfAWNQPmwckEnkKh5JJ4b1JwR+VYnF1MVKTqJycraytK2sWtd9rL77paH9HZbl1LL6NOnh+SChCMVFQTt8N9bLV2829Fe7Z9D6N4gm17V7DRNBkludX1O7hhjjALbGldVJ2gEqq53HuAQSR0P7Vfs1/BW48ERq3zX+sz2yXWs6x5ZdNPV0DyQxSMMLtxtYKcgjapyefzH/AGHvh1a6t41utZuruzGqx4WxkugGi06JWPn3bySAqoCKRu3BjjoTjd/R78Ifhl4j8feLPBXgHwrdWknh7Uby1TUtVt2SI61OSpa2R+WeOQgqQCRzlgcYr8c48zfGYChXlThWo4ShTc6s4KXNNWi3GNrtuz11TvbTWx+qcF4GlXxFOdeVOdaU/cp3UnBXXvPmejtrJ62TVtz4e+M/xU8X23l+GPh5pmsafZ3fm2Vxrb6fPJJqs8YO5LdxHh1b5k3BsAEnPNdt+y78Ovjd4r1zw5od14Wkk8YeJ9YttL8MrPF5l3FbXUqxy38kJUlEjDGV3b7oBJPHH9pVj/wTn+HU/wAFm02+8K+Gm8bDww66LcSafCU0m+ayJhdHYZafzQPOnOScnnNfIf8AwTi/Zbn8FeP9c8f/ABJijvfE/hLWtV8OaTcSwBLGzEU8heezWQBSwRSquoOBwOa/Bs48TMTlOU08N/Zk8JXzNqnhK9eLvVhVaU6k7pqnUpxftOVtWT1d3Y/TcBl+T4/+082p5m8S8ojJ/VEnGM6tl7KMItu6nNNJwWri37zWn6V/sl/s36B+y98ErXwvK9tceJp7FdT8Z6/KiCW71GaETTRPMQGaC2YlI1zhU3ZGen4T/t2fEXSfFHxR1LxBLrcNvoXh+WXTNNjgZT5l1HvUmKMZL75EA2hRk5HLbhX6f/t+ftpeE/hL4Q1bwro2twNrmoN9iuZIJUkktvPARo0WJ8m4fLRoijKNgcZCj80f2Xf2Pr74s6jafHv45QT2XgPTb4674c8ManI0f9vxRSfaP7R1SOXaI7UYEgV8hxj6D83w+eYLL8dV4mr2pxwVKpSoOTSnia8tHKKfvNc3VdW227HbkGVYt0K+MzPnlXzOcGqTTU40rx9nBRV5e8rKMLRsoxutz1T/AIJ3/sveLtUsbr9oTx7rE2hzXEl5B4Csb8/Z7eDTWVy+s3scpTogLQA4DKO44HNeGPgzqnxH/am8beP/AB3rreLfDXhi4fSfC6MGnsb65ikK/aLcfNFHEjYOEB3FQckLXs/xD+LHij9oDxTD8Ivgy02jfDLw9cLF4n8R6cTZ2y2dudp0/TGi2qUVVMeYztIyxxg17/a2Wi/CzwjBaabFa2Vhpto7C4u5FE8pVMy3dxI4DO5IZizNy2D90gn8q4j4kzTievUrRo11mGP/ANmoxjOc5RoTcVG1Ll/dXVrWfM7+9a+v69w1h6vD1LEYivWoc1WioUcMoR5sHTSu5yrO79pJNKST5U0eXftOePdI+E/wu1iW4nt7eb+yZDH5sqr5MccbAKgyMcMAozgk+tfzZab4o1Dxnea94ukmkUalqM32aJATugSRgHO5vm3oQccHPJ7Aew/8FBv2lL340/EKD4b+D9UuLvR7Sc22oS2rsY7lxJtmRdnHlqQytnjtkhgK8j0DTbfQtOsbGNHghtbZI3CocySKmJG3ZySxzntjp6V/Z/gh4dPhHhuhicXS/wCFHHwhVqSlFc8ISUXFPqmt3d979b/hfG3FVbOs1q4WjUvg8I5Qc1LSpUXK5T0urJ3SV3f77z3Ghy3sZaS5ul8wHKIeFzyMZJIHTAGeMqcdKx5fA9mCAZ57uSRRuDTN8p5JBUHIB5GM5BBxwAT0j6pFEEXFwUYMRhSD3wOfmxnB7YAOc9Bz1xqtyssdwkN6sYYIMA7jyMNgZznIPf3zX9BYWNSCbv7t/hajv7rva/bVXVte6PzybU5tPlvpdaXv7rd1r02v0+SMq68AWaInkwqskjsHdpHcLuOPnGeeM456DGNxFT2vg+1tIpRNBFIeI1CuxJwfvAZ79wOTngA81YbW5zOyfZ7xVVwWBGQQQBknHynjoeTkHkdLkVxcmaWQW14vAZHcMqkDqeg6r8ue+ParlWUHLmkrrRLs7LTRWbvfVpX13tqo4ZSu1G6ulZJNO610s92uu1rLRsrJ4Ug8xWNvEULZCkNkbduFJ5I5wDzycZbsL58NxoZwk0cKOgDRlATgKQME4546joTjk5IsJe3skxD2V6kakFs4JBPQ5wOOue7Eg5ptxd6mVldbSdIDtxNIrBkGP74GBjGSG4PXn7o5VjlGpFOrTinJJKUlzO7V7L3b6PS3nZWdzSOAqtc8KU5QTupKLaV+XW+lku1rbtve2MNL02yLh7lJQiqVibKiN85P1LDOM5H4LkZmoa1bWEUkzpFFBDukebeo2rGpyzbicIMfdyRg9MCsPWL54XneZ280BnY5wiBgAryMwABHLDcMDJBIBGfgr40/F+41y6n8CeErmeWWRli1bUoCzKiHIkgUoCCcna2CePlXnivpsDQlU5a05RVOy/ltvHo9WvRrdLY+ZzOdWjKUIwTaaSW70tZq93ZeTTXofU3w7utH+P8A471WbXNYfRfhX4KlabWLmKTyxrNxbkt9hgk4yZivlqFz16etT9qj4oeKPHnh+x8JeHYpPCfwj0OSGy0XwxZKYDqDRyCGPUNQZCvntKgEh3BgC3fBz83eATrfhqPS/BcEVxp+iT/ZdRvUnR4TqU4kDvK+RvbJJwWzuOcknk+z/tKeJNB03w3ob3U7WlxPqenGzsoFADwIsW4gDGVJGQDnlsjIAz6LfPiFSpzUoJJSs0o3VnJvs72s3e2yS3fzWIqVpU253pzs10i0rK+js72sn1eyPQfAvg7RfDfwu1UxRp9vuvDt5JdPIo80M1sZIwpULwmQAMAcYyVr5G+FOt31l8GPitaQy/ZBcatJbpKX2KFknYOFOR85Uk/QE/xYP0/eeJDF4JvboSfZrH/hHzJNu/1jK9ptVemFJzkDP45FfFPwn8K+MfijY3/gvwnZTXNrrGuSSkRq7Pc3rylbW2hRBvkeR2UbVyRncwANenVxSy535mn7KdONmo25ko316dGkuiel2eFQy+WN+NXSrxbUU7z5LNPXolZ32+Vmtv4P23ivxX400nwd8OtNk1K8lvbSO3jt4nku9QvpWVLiNigLLbkN++ZsKEBJxzXqX7dviTwz8CtMb4O+B7m2n+Jvii0hm+MHiWzZG+yv5SsPC1pMhwkNtllmVScuhBwOK+z5dI8Lf8Ex/g9qMt2thr37WnxO00iCAGOYfDXRLuEqspX5jbaiVYNj5ZEOOFAGP53fip411bxX4q13VtTvZ9T1a9a6vNRvJ5Gmle4uGeSe4nkJOXdmIA6Kp2jaK+PdOWOxNbGSh7sLJScVeTTirp2TUUuzXNq0fUVcSsNQo4WEtZtXitVDor36LdK/n2Pl3VmEmqXDAuRDMcRrnBUMSR6nIJ9iSBwCSPZbTWIdQ0bTYBI1uLP5zbBgMopI3lsAcjouOAT2NeLvbrO0tzvPmysyxgnbkgY3AZJJ5xggNyCCRitTRjqh3wzHy0gQuWkBGV3ghAc4BJxjPOT15xXmY2KrwjFq/K7cujelttb7pNJ3u3ezuP2Eml73Kp2aS1d/dd77+f33R6hrCzRH+1QsT23lKY98m8kgDg5yCSQuQenA6gCjR/FJjuFle1zGWyiqQQZT8pOT8o25GB6YycnNclPrFzeNHpbojKIyVgUhgWPChXAxu5XPboDyQ1YE19c6Y8luyKpQqoUEsY3bOWAA457gkAE/71cMcGqkXCcFq2ttdWn8XTRre+t9XewqkZU9eZaO6Vn6t7PW3W2i3VrnouueMJXvF3DLI0fK4DOoPRhjOOSOgyOo4Bq/o/ij+0NXtkkYRW4dI3hXBZo8jcB1ODnJONoHPSvCL24nFw8r7t2FKAHAJI3ZJ/Xp9MAknufASWz6it7eypGqKxSN2KAuAMkYb5AM9QMDHr13nltGFBKMbNrRWSfTVOybfXyezMZTk2m73vfldlorJe9Zcy0urNrzdz2DxRHYiW7SBY445URY0VgIkIAIwQclic7sjv1xVnw1rjeENGvZY7JZ7q7hWJb10LCMH7sSkjDKcZbGMkYI6E+d61K13qyw3dyYLV5ogjKc4iB5LbCMEL1zhj3z1rrpNbsroNpkNwkumWUarE21QZGjHzYfJJIGee556dPOr4GbpQouMnGTUnzO+iaetndLfVu2/Zig763jfS17Pa7tZpu+lk1+Tds+41awv5JZL0Ri8nxLKGUqpVSPkXg7SRxyOecc11n2TwNrVnZW01klhPIVZ5Y3AYhcKDlezYAPBIzz2x4rq7l7+QQCRRIRtCn5pI+xJwMYODjHOF+bqKSa6fT0R0lk81dis4YswU5JAjyOcn5jk5AI5xmt45fNU24zqU2oqyi7JaxsrK234bNprUqQlKSa1V+Zu67xldtJW/8AJVdptaWPsPwn8PPD2o3tla6Lal5HWMvJc4EDhcZCyHb8zDOV9O+en0vpiW3g3UGt77TRHY6fEryLC6C3juNpCMhwNz55PQBsA55x8reAdb1j+wdHuWvIoFGZFjj2x3TwIOJDJyQQRwpPzbuBnC11L+O9S1p7n7W32mCFyJYJG+cRIPkklII38qCoPPAPoG/JuJMBmONxbpyq89GNSzi3KLkk4u2jT9HromlYrmlG1km0lJNqzSVkrK7ctFffWK2sek6l4vg1yTULW8tzbrqEkptrq7QE+RjgIgUDYwOA46jB+lXRf2eLTVdHXxEHt7a5ikLWiSwgI6s2RKGOQynnIIwvTPQjy2DxOPEFzaaSFt7a4jcFbq5dQvko2VVm6DrtII6E9d2K+gV8b31n4fj0631CG4gtSoZreZNsjBQGto15OBjIB7knIAwvi4mGcZNShh8BOrTlUfLO/NLlTcfe3s3e9+W3a5hCrUi921ZO7Wr+Ha6aevVN30v5ZPiP4X/D1dPt7XW2t47t4wZZLOJEkkuVGBJHIByAQNwGep4z0+a5/gb4Svbu/j0q6uLtppDHEzHcsU244jkIwMdDnIyc87Rz6j43+IuiSaA8l3FMmoxFoLWOFw4hVvvNnhkYnO7PI6dcY474UeLrq+vorGKEWpuJt8txcEFXVScOSR/rD/eHXnHPNfSZXX4hwuW1MXLF1p1ILnlTmpOztBNJbJptvXS3Xtz1q1VzctNFdcyklpyqzW19G9FaybdmcD4l+Glx4IiFlqCJcwyx74ooFLrvH3iwAzkqMhjjpyOePJfFeiafdRW7aREIWUI10hUqTJwWJYj7wG4ja3zew6fot43u/D2qwW0V1DFHdwq0TyKweMnaR5krA4wccktx3+U5Hh3jvw74OtvCzz6fNHcaghDlrYKImmIBG8AjaQCBk9PTI4+n4c4jxGKVFYulVjWnUak3Dli4+5quqvfTXXXqZTxNoptpt810klolHVLfR20a6elvjWLQIJzEkMzRPIywyDkln43kcg47c9OQcjk+nJ4J8OaHb280Xk3d6VDTTs+FQuo4K9VfJIx82TxjBFcx5V3a38H20mEeYJYzGmNpcZQb8DO7Izx0GCRya6ZYknmUSXDqJcS3DSttx1wI0Ix8u3kY4IJIGAT+g4ipL2ScKnLdJNJ2urp2v56aba6Myq4hvlirO7StddUmk9X7t7Jrone6vZzT2szBTNEHQxt5CLEFKrnapG0DOBnnGQOMcYFa50jVBFF9jhK28iBZmkBY5POBhdxy3QHgZwAO/pWgxwaxLb2FvdRrPFkNLOo2LHgElc8EHgE4OAefWvUItN0CwaKCW5DXxYEuQrQptGDIA2ABJgEHjk4Aya+CzHiKrgqns3GVSzfw8rvbl91yS95X03+avpkk3pazb0cba6RdnNNvRu1rNJWitFr8sMHtrR7eaO5iuZm2rEqtl1Qnc/IJO7HJGRgAHjJrM1KJNQggSa2KxW3ysUG6QOcHldpO0nqOCSOTk19M+M/D2g65bG9trj7Ne6cpCqmEW7l74HA+YgcHrnjHJrgtB8I60UeFdLjLXhLyXMn72OKPkJISSQCRgYBBGccDrthOIqFWjGq70pq14TTUrJw95LWyvfey0behzOnPmfK3ve1t/g5buN2n5e7om7WVz5yvtMQmO33NEzsWVCFXzIxyMB+rdMZB6E9OTc8M6N/p/muYhBaHzQkgAZ2zkxlm7kfMcbgBt65rp/Geh32mamy3kE3mwhxE9uu7eqv8hYLnAZfujONowa5uWaO3hE887sWhZxGhZTGSMr5g4JYHvnucFua+oo4uWNw8fYyTjJLaWu0dHe9tte62vqaQ5rtc76XWuqaT7OStbfl1t0vc76GLw2mp3Mt+U81og8IjcNbo54A3ZAODnIJ6dTtJNeiWlzcQaey292qxXkW2GK3DMSyDaFIAOVIxnbk8E4JwD802TxBXecB1lVir7wXVAcgKCck7sbvm49OcH174T2Wv+LfEumeH9EuGm1C4mSDSraVSySPK21SwAICryC2CBnngA152bYFQwtTE160YUqFJ1JOTShCMEm227K0Y3ba7K+i16qFSNGMkm3JxdpXd1tJJJ20s1zWu9LtWsfbfwA/ZW+MnxZ0XV9f8P/D7WPEPh+3jJn1n7HIbZFVd05tpMBZ5LZMtJGDlSOc812OvfsSfFfTPh94y+J6eB/E8vw98OSrFP4qfSpU0jz2Yh4GkYAlYnBV2xgdmIwK7TTv2kP2w/wBj/RY/gbquu3fg7w1q8w12wlht0Bu4blSXTT7gIS8E4crKhfbtJBPr/Qd8PP2qP+Fv/wDBPq9+DOreHryPx14w0BLTTbNIYI9P1e3iQyXerXfyKqSSlSzMfnJxk84K4cwuV4zATzN5tCNGWFqYijUpulUoVZLRRhODTadtd2mnbdn8W+MnipxZwRxJDE5hPDYfhytVnRwPsm6mIq1KcVL2dWNly+1Tdm3JRdrbpL+P7wr8LZNQ1W5u5oJbONJQ1pPGjPG8p+dAqhTxgEgkYHrkYrnvHNvcXGpS28Mc0V1HI1tKZOGuhFlQy8AhAAdvGB0zyK/rG/Zg+DP7NfwP/Zu+KvxN+Pnw7W81nVdO1bTvDd88yTW0NzDDLFB/ZEfJhuRKwPmhScD5STzX8vXxBGl3viLWL6zhuomk1q+k0+KTLFLSW5doImYEKWjiIBAwM9CATWuOUoUcLi44ujVjiKUpwhTk3KmoSjFKacdHN3aSu7b2tc8DgrxbnxxmeNr05xlQwUIUafLKV1Nu8oyi4R5W0rqzfuvdXR4tHZNHbok4nieMNEyhciZxnCkEAr94jknHOQBwM7TNOng1OG8Esy5cExlWVkKkbY1DDhjyMg5OTk54X3230drrTE3Wqyz7DMlxEwHl7fvoRj7xw2eM7uCMHNWtB0Gw1TXNNsZ5RBaSTI07tFsk80OAwQ7RkEjAKjGMgnNfI4viCVKlie0IzTu7OXRNWl7qd9brXRbXR+g1uK6dKOM5uaXLSqc1npFaWSV9E77tvotmrbOkpqF1bf2ZLbTLYX8cUQkuYS80e4EkRbuFDE/MQeTz25+UvHmjjQPE1xp7yXKZuDLG8oaIGJGzjaMDGSFUKODwpAAr9ZrLw3pWnQzRylbtooUVcKC0EUaK0ckZ+UgnIJPVcj7p5PwB+05p1jJ4qsp7M7cwqZWY5CHkmNivQsMlSc84DA8mvn+BOKFmeeV8FGNZUZxlq+WyqR5bv3dO9nvdtXvv53g7xhQzXi2vlyozlh61ObSlaUeeMvivr1Wj11fTRnz3qepvNbeW08twrEBSxLKsKAfKpPTABUAfgc1qeFra41XVdKsLGER/bLqBI33YKt5ihsOB05zkgc4wB0PK6kotI40iO+P5/kCkgAAnBbJAOc8twMkHvn1z4BXXh+H4ieGb3xZd/Z9CtL6Ke9UBXCKsu4HaWySSABlTk7s8DJ/XM4c8PleNq4anKVWNCq4qKXO5OOiVlZNt9Fe/zP6j4h/2XJ8ZUoJqUcLUcIwSUuZQuresnbTpq7n9JX7IPw48J/D210yXXPCVn4r12fTbC7TVL22BW1i2LLKgllVt4CfKwx2YklSRX6seEZYP+EU8V/Ejw/4n8L+EtEsIZ7C70O1Nnps0qGMhx9qKq3qSw5Bx04z+EGv/ALdvg7wDYfYrA3t48VnHbaM8KxxpJYYUESBdpClOCTyRkHGa+Kfi7+3/AONviBZP4R0+KDRfCZMpuLXTbh4Zb/IzunMTLlmYgZPPXvkj+Qsv4C4nz3M8bjM4o1aGEr4qVWn7WtOLUOW3Kl9lReuialbTdn8CY3hbjPP8yqYlYOrCjOvWnUrYitKl7O8pJcrTjKVo391aS0elrH77ft7fFC28C/st+DfAUviXw54gTx5rb+KNNGmiLU7mzSJfMEcuoLvK3DMAjIHB5A246fjJ4W8deJNQlt5LK3LSm4jhgVI1k3yFlSOFIsAGRsgdiM+uAfEtN+OuvfEj4f6F4A1W4WTRvDziTRkljae8gldiHR7iR3k2E+jDOOOSQO98Ga3L4fvYBHFgwhSjmMlhNwQ6cklgwBUjkcdDwP0jAZDgsrlQwMuatCEuVzv76UVFtrWzsk7aKzSUovW3w3E+QTwWFrYLFYalXx2F56cE5P2fJF3g0/PRyWtnfVn7OeH/ANiDx/c/Ca9+K/xDh1Kw1gwadqVp4Xj8qJZtEuljIvpJkkby32tuEQXcudwKkHP7Xfsa/wDBNX4HePPgDP8AEzxpouqHxPq+h6lHp1jcXDCC1S2gkW1u7a3wfNuvMUSJMTx0xzkfz0fDj9pT4lat4ai0bxR4k1vU9KuPsmm2y3FzMY7e0hZdispI3RRqowmCCmRjmv7DP2LPijpyfs++GElsbm1udI0DybAGBzBq1xLb742jTHzBwApfK4ZhzgYr+kOAMuyCtKeIyrBSjiMPRo+0eKinU5nNSqTWtlzP3k0tnZK7sfhvhrleAzTxHx2XccU8PLJoZTj5YLC1aj9hHG8sVSqJwVJ89JS56cW2pSSTckkfyDfEPwKfB3j7xHp8Ud41xZ69q2kSrcIY7lrezupIrYurDkhFH8PJBPTJrRsILX7PBfeIIBfyJbtBaw3CiMwKgykyydMjbuGSO53YyD7H8dviPa6t+0v4zTxxp1tpRfxfrDy2reXbQW4N3IIVn4HM42tjOSMEkivnP49/ELQ9Ia5s9M1bSA15AHXT7KdJPskSrtJSZTwxGcqASvC9MGvzTxbzGthXjKODqSrVJ1mo0oqd6XNyptfFtqot3SVrng5fwBxbxNmlKjgMtxU8DRx1alQxdGFRKpQjUapPmV+W8VF2crR9NH8ufF+606/vGeJVkkikuNsk0wBjZSxQpjb8q/cUjk+24V8S+LtQF3efZrmWQ+T8yyLtKtJnjJA5ReRnIDdc13XxD8X2aXTyi4ZvtAMaRFziN3IAdm3EYPJGQBySBljXzxqWsokjXMrs5BVD5fzB4uS3zEHDdCDg985GMfh+R5Zj3P6xW9pJzUrc6acb2beijd3095a9GtUf6A+G3h/m2TZbQp4rD1vbU4L3qkZqTkoxu3d6t6XStv2udNPcXMUbeVHHLGyqI2YKY/MXCkRAjCscEH68eo8419YDKZbtEIaM5WFAvly5BP3eCRnjP4dBjZ1PxXoMdqlukrQzFA8UckgQgngk5BwckEZz/h5xqXimyvM2SXKmQBhM0uWIGRkKRjJPC5Bx36gZ+/y3L8Zo/Yz5b6z11SUbvdL5u19bXsfteWZPjadWMp0Zq1rtpqKfue81d73t0293cxLprRy0No+9TIxy4ycrkMoQ+nOTnIJA7Vl3SXYVZ1kkMZULhDxuGSR156rt47nB9JHvrCK4ZYGIkIChckKpbJOMZ+UkHPtjNPN4ytCFjWePknaAF3EcEEYyQRxuOeRyMZr6unQqwS5qTV0n791eyjtbVu73vqkmz7KjhKkbRUZXaSSktHpDX7mktW7a6t6xrdX1skcsm/yHcsUyFdAeQ5bseCAe5xn1qs99aXl6ROqRxOild6AByMhST6jknueB82VFV9c1tY9PKAsru6xyNj5VAwAFboRtycj0+bFc/wDarf7OskoWUo2VkVskqcDaOBkAHnKjOcY6mvUwOEcoe1hBRlo1JLRNpa2Tb02/qx9Bg8ulGm6knyyel1Za6bWd03e10nZrTqjqNQ0uwvreS2kKgqcrKiYbHOBuGSOvBXAPB7Njn7PS5vDmt6RdW7q0UV1bSG4kYbYyHJZnJ/hAwOffJxitXT7+ZrcSBoSrkIqSnL7hyrHIbGe65A9+QTjeMrpEhxKWildFWQq26IDsc9mYDPqM5IAK19DlFTF0sZSSk5RjOLSs7ppp9eZW287eh6UcPU5XSlNyhKLi73drpKybuldbWSbVt1o/QvjT4uh1LXtPW0uLeaOCxgErQtvjkmZATuYN8pJxk8AHPpX78/8ABLn9q74M/Cn9mQaD468caTouvS+JLiVtMvLkwzpAyoEljY8bSRk8Ec9icD+YLTbS61bVrKxske5Ny4hIDF3c5UdRliEVcj0O4Htj9Ov2evFn7K/gXwvf+Hvi7bJJrVjqAnu5Li1+0SmJUBa2tm3DyyGyOACQcsSRhf3DI81lQxTxeIUFGUORuabW0dtnfRbX737fB8UcO4fGZbDKqaq86qKqo0rc1k/ia0XLqtVqf0X/ABJ/b6/Z5S0jig+Kmiqs0A/dI7XW7K4PzjjA+YMwOO44IFfOWoftnfs8C2mMPxR0tUkGS6B1/fYLFVkGdpyOoznkgdBX4w/ET9qD9j06pqMfhn4T3Gp6dH5Nvpl47eTvRcbw8Xz4LNkg8EYzjDYHEQ/tR/stx2cCP8FpJGjuBK1m0yuki7QQfM2nrgnGMHt3x6uJ4wUKk+T2Eoa8r5JNNLlS1vd33t6b2SXx2C8NqNJQm4Y6TfvNOcEr6JWT3fld9dtUfs0/7Yv7Pds4nuPiaGV4pZJIRcM5lKKdrgMqgocDOSR7jbiv53v2kPGGjeOvjR4z8T6HMl3o+qam0trdkFPOhBwJOenXK4IJyQOBx6J4m/aO+BmqjUDB8JI9ONzDOunESKxtQyMsahRhgOmckkZB6cH4X1DVzqN5e/Yka2iuZ2eCEkbo4TISsYGeQq/KPmwcjJwRXx2c8RVMypOlUVJQjJT92Li21ZN9Wm3rtZdUmfrHCeR4bJpTcIVlOUVBqrNS0XK03yp22T6W7HW6FNFDqkl4I0lRZHUnIYhuApB6gYPGTjg9c4X2K5v1kitxlTKAjKiYYhPLAbeuBuw2fvHOPoa8Q0mKGG4iVZRjC+c5B/1jJtYMN2cknjPAYgY4rtEuiAuyTYYMx5LglhkjcATlgO/sPwr8czyi69eFRe84yTs7tLZ6J3366JPrqe1joyqVnLlaivJu6Vr3ezd2rX8u518LSiKUt5Zjm+bOcEAsPlCjqSVwVHPTOScjoosLHHs8yPegCqrFmLgZ3EHOAADxwAM4HGK4m2eK62Msw2Qjcwb70iscswHbaTkHrkcZJrorN45HhWG4IaMN+9fowOT8p4BYjgAfN0yM18fi6UoXTTvazu7qzUUlZPZWbTdt7s8edKV420TaV1v0TW/d7r57m/Clur5aVvMdyQwLcbR8ygbeOhA29SM43HBsSSIGEZXdFI+VZ2252jnBCnC8YOM9RwSSKzE/1sZYIq5bzJmYYKliS5H94kkHpgcgj5iJHuTLMLZAPK34jkJBVEUliuSMbWA7nnkZ4ryvZyk07tTtd3bbirJ3t6JdereyIpwqN8rsuVLRXi+l3Ztu19W/vknqb7SRSQxxSKkceHLEk4CluCowPlGSGA68j5cYrOZJpGUQTgwxSrhFwpEbEZkLf3DkDqOCf71U5dRR1MUkiFWHkKQo3KisMuvzZPUZUcg4I44OfLf28XnW6zNuzsWVgQgXDEZyerAYHI7gj0yp0Kqk9W7vRaW6K63V/PtZWWpvTp2dla97NJpXTaTdtXtdP4bN6bnWJJbTTvj/AFkCKqBicSuMbnwAyqBjjJBbI6/MC11FyJT+6STdiOUnbGGzztAwNy4z1GfqMnipNT+zRoI3PmSx7XZRkjHR8k9hwW9DgAHrKNQxEgmulKyxhleMYKzcOC2Djkk5OCQcnAJzWywNVyTSktLNaJJaXSvvdatJ6Waje5rGna9rtLWOiaW2murf/DJLc6Se4MNs1xNIJBbMFjijbAlY4BL45AyRzjJGDwMZ07O/W3trYxbSSjPNEW5AcEbT3wdw28nBwK83nukmdlacKYSd6uTmTcfmOQcMpGSgI3DBBwDT4LmNpxGsx8tZAxDPtaVepUA8DYemfavUw2BcXFyjK/NCSaSsvei7+bbWjWiTsujNVFKNlFqSaaVm29Y2d99NOlnftt4347tJdP8AE92WiVY5y111BGXOcE47Dkn3OQOAeYFyUwVLDfnO35lJ4A7c7RgjJ7AZ5Ndr8R7uA6hA8jPKTvAXAAZB0VWO7coyMMcDIAHTNcOP7O8kOzZYKpUI+DGeRhgMNkcZJHOCGPc/s2Vy9pg6DerUILd3bVl0u9kkuz3ij16LtSi2uV2WrvfRpWvHbRbX+LdW20obtNgSRP8AVuC2QCXPGcg4IPqMnjBz0r9H/wDgm5qHwx0z456/qnxXGixeHLPwXq4s11S4SCD7ddWjqjo0n/LZWCEADJYKfvZU/mhFKuSTGBuICOxxywHPHBxyQT1xnjGasPeSwgxwgltyb5YpHjO1RwCwKkqSWGGwCdqkcDH3vBucQ4czzB5tPDxxP1Wp7T2U1aM5NJK7Sbtt0utbvS55+Z4ZY3B1sIqrp+2g4KpGNpxi+XdLRu2itpa99Vc/Sz4XTfsz6T8YPHWs/FPUDP4XtdZ1K80G0dPtcF3PLdySW00DrtwIV2+WwzlRuyRyYPiV+094I8AfHeP4m/s4+H7OysbGwFratrkH2qOe9eIRT3iQMwKkKBtGcAAEhhxX5pSahOZCXQTfMN2WLKoBwpG7OD0HbcPoasvJJJH57MUjWQALglV6E4xgYGMZwDjvnp+k5v4oYrH5XWy/BZdg8BGpiZYh1aNO1fnfVzlzJ8t9Glsr3u9fLw2TwpV1UqYitWtRhR9nUlanGMFG9lZJptKTTk9dtVr7x42+M/iP4meJNU8T+KZoJdZ1i+lvNQkgtxFEzSA/dCfd2Z2gnsACQBgchNrpmIWKdU8s9ASOAeCpOAc/e47knk5x5zHLvY7Y8Y+bKs3JOMZ4wNo65647d7qq5LSEsN2GUADB9WY8ZHA4Ge3fAP4FmOCljK9WvP3qlRuc5SV7vS7baV7u7aSu+lraev7GirWglaMUpRTskrbPRq19v6XX3GtSyAo80rMEYudxwQ2OcH07YI5HT5TWQ+oMgYGQvlSVVGJIDDksCMcZB9hnuflzllXduMiJ5ihZELqSBuwD0OMkYB/w4q3d1axsTFKxldtmEQMFI+XOecgg88HGPqa82OUzVrRbs0lu1dW26NavfTZdzSKhBJuS63aej+FXTtq1dLV3Wj5t7JPeiVykjkKqEAscEH/axyQeSPy5rNS6CgsWBQoyjBAKkA7cAdwvfBz3yeQ3yb64nYW9lNcOy7dwjcbicgchT8wA+uMt06bum/D3xRqQSf7O9tGAR+8RgFzxnYVIOSTjCsD175HVTy6okvdlfTSzV/h3s9e2+is09TrhOnZNNO1tXa/TfXVa23t59uakuSkSuWEabwCM5cDkjhcEZ5GOcnOMjAKK9xqDpBptvPO7FTgI20KOi7gMH8RkZz2JHsGj/CQvIhvWlncne8W3ahy3JzgjBGfmI7/dO017TongqOyKQWenwxKqoWZUzIVwMqDtySMDntgAjtXZSyuUnG8Glpd8uq+FLvZK2mn3PZqpSjdKcV+Nr8t1Z9G/Jta2PPvhR4AkXWdM1fxAm5LS4W5SxTO4urhwSOCc7f4sHsOxr9QvD/j7Sb2G2tmsJI9qRKctkJGiBSgJAIGzJXoRjBAXIr5X0Lww6LujhnVsnL+Wzsqg/McsucHgAKQegBzha9R0jTZrcrEY7p2I3AJGQzFuM5xngYyTxjjtk/U5ZSr4OLVC8ea3M+XXot9LK97aabJLVHi5nTy/FcrxM6cuV6Xkutr2167dNb73PqK31LT9RRYdJtjIzZYbD5gjwCpLRhcA5ALDJPTBIGKt2mhXBBW6RYXPIZ1xnf0455YZK4C4JAIBzXkHhq+8RaRqUEGl2dy7sRvTyHZ3DtyGY8KMDBZsnqMYFfUmjaZ4j1URPe2sNisrLt+0sDJHgfMMEY2nOQO2MY6iu2o8XU1nOclvtpra3l08reh8jj6uV4Kzp1KaXRJpy0cXaybfR2SVk++tq+haKtugE0juGBJkVxgL2BGcnaAMKcH1GciungsyJNlsl1doUCqBvxl+mVHAyTzkjpkY6DpNK8M2GnO1zfyvcbcliCIoARkk72ZRxznoQexrL8VfGv4ZeAYnN/rdkLlIyVstPEdzO5UZCPIpznqCSOGz7582tSSb9qowTVrytfZfLW10m279unyWLzapibUsHSnWneyUU2lstdrq726eeh4z8Vvg14v8c2iwxSvE1tAxji2qIUj5YtcsGAIVRnJPqcAnFfDHizwj4V8J6va2elO+vaza+XZavKVH2O3dm2Txw4LLtUggvnGTjJ6V7f8AFv8Aa31rxbbT6R4MtZdA0qYyRTagWKXc8bbg37wYZVK5yo54JO7GK+sf2Yf+CR/7Uv7Wf7PepftFeA7rQ9E8D6Pd3slzqPiS+W0utTGnRvcajNavIAJYwiEBt2CSQCxOD+d8RYWjNyWGp3nN6ySSk2rO8WrNW7appW0Z9PwzlOaS5q1Zum5RUlSg43XvJqU5Nb+9blbaSequ7H5k/Eu+0HT7XT4PDGmtpl1DA0d7HaTg27yyAgyybeSzsSQCDg7yc8145Zbfsh/tG0Z7lZGlR1G9l38q0jEH5cncQT0J6HpqfER7LS9c8ReH7S8FzPo+sXWnyzxSGZbm4spvIm8k5AKiWNyrZOVwBjkHm9O1uW6tUtFgaZVfasj4V3lPCJzlmBLABcgAZAPJ2/DKhLD0+Vxbbi373LKV5NX5r630SbvZXt1SXrZhQryhOFWsrRvo3GVrNX6LRWTTVvmkdhO8FlYTknzpJ4lma4SPcEGCfK54XjHzcD5sk8iuei1Sz1CzS6CQpNHJsCggvHGmMPsAxhuC3GCO/wB7PVThI9DePUi0FzMAHhAAIQDIXYP4WBJY4zgDkZwPNnsbbToXSF5JBNtZpE3NsUsDs9uoA29Cc84546cJShNu6XMrOLXLJaN2vtvqtL7WbZ+ezzTLaeJnS9ovaQmoRelm1yvSWrvd7a3a16GrbXtpb3MpaFnLOtwryjbGcHLKijgK4yMHqAQcqa9d8M6P4f160eZraFJVdXWxQfvX3ABnV92XyD8ykAA5zgYB8x061TUWtEkjgiGVhW5lZCcLtPzoT/Fyp4yWPJODXs/h/UtK0K8WOS2t/tEtpJbx3UUgCwDaw8wpkjLnsSSAeDjNfOZqq1WE4YZSVaSdm1JxWsUr2bva730u12IzfP6EMPGFJyT2dlKzjor3tzO1n2TT3dj2/wAE+ELTSnj2qjSkLdwqyGKBFTBWCQ42lsZXb0z82fX0O51aDSb2xvZoLHVPN1CKK40KNI5opI2C/IXXIG4dVyBn16H4/wBV+KXiGySLSdP1Fnt0eZy8qHfKHO3MT7d4Xbkht3A5IzwdLwn4kubXV47/AFG+LaZkXFxIzsoN0gyFG5nJKn+7w2VBXGMfEPhDOcTUjXxGIqTU3ZRTUeZc0WouzSkk7ptJOz1TVj4HGYtYlRqyUYSmkotSi6lpSi0uXm2jtsr22vqe2fEn4yw2qavpWn2SeH4XmEMenMii2jlZSFaFG6PGDjpnt1Javgk+LL6fxWC0cskayS7mdiEZyWLSgngckkAn5TlV45r6P02z8O/E/wAewDUdQEWmXV68TNNJgMw5MjvnCbVHyuQeAQf9nqvFv7MGg+Cfiz4JsvFHjO30H4W+K7mG4vPFskZZbDTw6td7IwczSbNyI2RlgCOmD+48LZfgcBg6eHlCNKtyxk018UtNXa+mut31stHyn1HDbwdJ1KOIjJVZ01Pmkr81rO27s49tL307G9+znoHwr8b/ABC8N6j+0p8Q7/4cfA3Spjqmva3Z5l1fWPsbea2iaJb5Jee7EYg8zohcsPWvqX9s3/gp74e1LQ7n4C/sLeF5Pgr8CRappOoeIIkEXxA+JFgIfJkfX9SRVuYba4UFpLdGAYvzjt8d/te6v8BfEPiODw58F/Ph8D+BtLt9H0++kICeIr+IKLnWnjLHY10QzkEkguM89fnv4Z+A9M+I2sDR450tJjbxwWYeYIslywKIFLjpuK5wc59QBX2k82lhsM6FKKg47zg2pNe7onzJNKOlktbtN9vq8lzPBYGFfmwjXNN1HLkjzunH3UlK97crvror9724nwb4tu9E1t53gwjzgtOxzKj7/M85C27cwcZZiS56ljuAHtfj39ofxtrmg2Oiaj4o1HU9G0yYvHE/zSQxEgrbJNtysYAHyZ2gZODjFdTcfs/aFpaJY6nqYTV9PvZYr9o5Wa0Bgy3l+fsEZkJBHBwTk8DAHhfxC8KTWpuodPgeHSZHVI3YeZ5jIQu4EfejzzuXOOp6YHyVXMcNjK/O6qqSjo7zjJx+F2Vm1pazV22trXVvUp47JMyxdKE5KE/cqRhOMoSSlrFaJXaa5bXtZ2ucfDra65d3F/JeTurMFS1OSfmGMAdMAkHPAG3Bx0HX2djezWKGKVYgT5gkldTOVHXGRjYAAACfmwRnjFYeiaJp+gwedJPDLcSDeoP3IwwAcANgFlzkDqQOME5pmraxFMDbafK6+WArtuIZ9x5RDwFXOemcD8K8avBYvExhCSjCDupK6jd2195paW11suh9xg50acY0qMbU1aP91JuLb3dn213S5elsnV9B0/VNTjlOoRyqSFukZdoLL1CjOFJI+XGfbpziyaFpn22MQGJYoZNsiuSPMwfuI3AVBjIYYyvAzxiEXVvZtP5svmSo2VOdjxkndhepznBJ/HABzXP6zqAQQzxyF2mZXbaTvj6YUdMYHJxhgc9QMV7dOliVGMeduK5W+VtXso3t2Tadt9b3R6s5ylb3vdaWiulryr3dH11e+70Wt9a+to7i6e2t7ZUs3ljSfK7EcD5SqPwSCAM4GSDleeB5/wCLtDt7Sdb20hQWsZKnbnckgxnaTj5STk47YHGefULG9e4tYY/KSdvLikTYPuP6ykZDAkHPJC+h6Va16a11LRZ4rq1jiETDdMq4k88lcoI9uQOw65+UZJxntwlatRnGM17qdm27q3u2um3a262T02W3Rh5NRfN0er1tfR2sk0lu9dHps7o8DstQnhm2xtKsDMHC7iAy985GenBBxngc5Oe9k1eK4sj5czy3DL8sRY7YgByCTjvnsV6DvisCXRpvki2BYpA3kttyQmFwpYEAs2PbqS3Nb+g+HYZJjDdOVIRsx5KSFsErkk5CknB98jOcmuzESo/G2ua17JtN2tZJXV3rr2SumjVT0dnr0f3W69m3rda6dDU0PVr7T2WWa8njgZlACOybk/jRsE5Q9MHt0HevXNLXStRgknju7iG7nw0CyPsiRMfOu4Mcjhj82T3AzmvEFt1tbp7K8dBGkjMMNvCxE8bXBJwV+9npnnvjTvZnt7ZVt5PlAP2co5UtGFO7C8HccZySR1GAcGvGr4f6wlGDlG8k7xb1T5Xy6Wi1ZbrTZd2c0arvrHRu94uSd5ct1o/hslqk+iSurvo9VtbTUdQFuZwZ7XeJZcBkbGSNuCQDkkAn72CeeMcx4qmsdR8qC1aYGwhMIR2YiSU5DAAADHHK5z82D1FS6RcIlvJJKzqJAvmc75Cxyck4yw6NtyAOQBj5awr1bp7qR40xAsyssm04XdgFiSOe5J5xk546b4ShUpTinJtq7SavryxSf3NaX62emqqLTkpJptWV3q20lazekdL9dVa+iJtImOkWNxLMjPPOVWMA4eFlJwVVWJ+9g49hgHGK9FXUTrWiR2l7cb7h3DQyyHawWMABGLdxt6BhklTlq83nWFrdJZJdwWbDSggJtPXJx8rAA/LnoDxktUiSeWFlWQtEwIiRGyyjpv3AkfUAc4Gchq0xGGVS89bp6We1tE11tZ6p6a7u6tqoNtcy2Sje6trZyu7uV3tZdXo7anURwh1WBJSskTMHbPBUD5gGXAPQZz1IyMc16d8MfBlz4w17TNIsLW5v3mu9zJbwPNNtjIJwMZKZPHJHXJGBnzfQZ7Z2WGXac7VUsQfMLdXJPO7qOxIOG7Y+mvgf441P4ZePNO8QaSsUgt0eMrJGvlyJKuHUM+fmAJxnJOeM8V4ld1VPlhG7aSbSfWUdNZWWidmmuvqb0aUXON2lqua13dvkd7uSb+1tayb87/dfw/8AAmhwWWqWvijwdcw63blNNslu2eGCW3K7WPlt8ocrgg8hR09/lj4j/AbT9I8cwW/h7Um0+y1G6Se5WFzJLY7nDugKEgBMsQc5OAMZOK+jvil+0dAdBsf7Lt57vWrxZJZpZVCm0aRSzeU6hWZYyWKnjG0dBgDlPhxJPe6PJretvHLc6nKWW5uWEsiKepBbJ+8SoAC8bcZr9D4awtT6rF1VG1lJpJaP3W7tPVapXvrbVvr5Oa1FRm1Ss56JPl0k207NpNN20dnd2enbodf8b+KdK8GaV4T0S+ubTRdBtgZL+KLy7+/ZF5eW5HzsrMAAuRyctk9PFYNY1bxDMbyQXVzdS5gZ7l3mLRBsZAOcAnBOMcHr0x6r40m1DUohouiadeXqzNHFLJbWzldjgKo3bAqgsQQ5Yc479e0+HPwd13QVWbxRqGgeEobyLfHL4k1K2heK2OWMqxFnZ3IO7Hy5IAyCcn2Mbipxi6UH7qsuXppZ6atvRW8+vUyoUcVVUJTdm+VO8dbaK0b3b3tutbd0fNHij4X2uvgyTDybhUUu4HlBQQDwvQqBjktnHIzyT4Nq3wya0v2a01BGa1w0EsBbzywOdqmI+YGDAEEYOcYHOT+kGteJP2WvCkzQeIPH2tePdXVmjutM8MQGC1EilgY471SysnAAbbkfjmvPpv2o/hl4TuGs/hd8BNC+0Bv3Gr+M865ek4ykvlheMnJwQe3FeJHMXRV61SMIxWnM7S0SSVrpabt/qe1Tyyainz25krtys1Z32ez22XpoznfgP8WfjsbSDwB4l+Gup/Hr4btNHaT+G/EemTXU9jauyox0vVLlBJavEpJRg5VSA23jNfTnxV/4JQ6Z8UfBWq/E79n5L7wfrMFjJqmp/CLxRdwm+tAiGWaPTbrfulRcMI4wqnYQD0r4t8YftffGUvNFd6/P4Sjvkb7JpugaUmjWqoRkGIJGr7Byqtu5xnpg1++H/BGzQrLVtI8U/EL4z+JNS8WXfibRru20TT76+lcwHy2QzKWl2mViRjK4AIXDAHP4f44+OeV+EvBmJ4pxtGtjFGtTw+Eo4dKUq1erKKjG9nGMI2cpyclaKfWx99wLwn/rNmkcvqXdOEHUqySvNQi4JuKfK3KXRX31ufx/fED4XeJfCGsX+g69pk2l6hYSPBdRXEUmPOiJRhvYbT0GCCQc5IxyPJE0lommeZEYQF0D9OTySB/EenGAc8kFiTX9x/xt/Y7+CXxa+GPxs8XfEGxsPBn/AAh0+ptpdx9mgTVL6FjJLBOt2MOxV9uRtyyk7ScgV/Gj8WfCdn4U8QatBpt4NQ0uHUJk0+dmKl7bzXWJnXGcFV6noT3BwfI8CfHzLPGPA4ipQy7E5djsIqX1mhUcKtFqrGMozo1qfNGS1bs3zL4bdT1fEnwv/wBTJ0q9DHQxmDr3SXK41oO0Xy1aUtb+98S0dvM8Qt7+W0WQQ/MxZl3PxlTztH1GCM4PfIBObP2ZTbm9WcKSzCcKSCoAO5cYyCMDJHsemCdbStLbXryHSbIxRSXEu5JZ2GxW25IySB1GFzk5x6itfxL4bk0R4dOk8sxgLLPdRksFkYkOG2nPOBjHYgD5sEf0HOrRhVUJON2k1G9trX8t3t2td3bPyH2XJyXjdK17XstrpWbbXrHppdHE6VN5MxmjlkwA4jjznLKOS55LA9fyODxXeW2pSPpEUcBLSzXOWids4YnqMcZOcZzxx2qtovhaS1ee8YLeRy2btbxkEsA2cyEY+TYPvAkkZHykkGrvhFBfXwtjGipaee0m4cMM5xnJw3YnGcd8mpqVIcqsldK9ldvda73Wi12622Fz68sZKCvpG8m2m4t3k79E11T182fQ3wj8IDxRqEFjf3SafYRqr3VxKcxI6jcQQxAweMc4x044r728M/DDRbm0mOj65ZQWtrEI5rt7hTAAgO7yVOB8/OF5OMgE9a/Mi08bTeHWuvIHlRuoj8pXPOSULYBIPXK8g88r0I9n+HureNteeODSpr2fSnZJ7yKGR0hijZjvLFWB2jGOwbpxgCvMnm08o5sa6sMPGm1JVJNRS21d9EvXVdejO908Fj8PLB4nDxxFOrFqpCWt9VbRLZ9bK6d9D9MPAPwu0Xxd4t8KeBfh8uo/ELx34gvrfT7PRNMilmgaeeQRFpmjV0SCIndPM+I40BJbIwf6VtG/4JpfB39gn9nLxt+0l+1ALTx98Rrvwbcw+F/CEISXw14V8S39m39l2Vvaq6/2pqcE0il5/wDllID8uBk/g3/wTA/a41X9jX4j+M76++E+l+K9b8cafJpPh3xDrdlsvtEWKMyR/wBkPLHKY0u2+SZoyrlT98Z+X6m/bh/aW/a1/bo8IeE/FTWeseEfBHhPUNU0298K6OH/AOEdtLmxj3R61qUxdRezTDbt3oxiwdp7nz6vG9PNXFYvO6c6U037OpiVGlFJxTkouSU3bZK7S16XcZfw7lGUWeV5ThMHObtOvSoU41ZPmilFzSb1ilf3k7W5rbr8BPEvwn8UfFvxJ4z1OS8gl1m41fU9ZeO9REmi0+aZ54LVEGC/2eNhGqAHaECkcYrrvhn8KtH0HWY9N1PS7OSSG1QyOsaGJ7oDIlYgAlsjuxAyc5zz7Jo/wS8aafp1/wCNrnxP9q1mVLq2W10+UgzIzPhnUEAFc5KnII6gd8jwxovinw7e20uvW81yk4lMRjHnfMcsGaUcvgEZBOce+a56XF+UYurPA4LNsNUcUoOEK0eZtWVtd3y/4rabn1ODhRfJKvBe25r3bvpeN1ZdLaK+lrd3f0jUr7T7Lw/cQtbQ2tvp6MyERh97IpYHGwkruAwQ2ecDoRX5Q+Pvjz8TtZ1zVtLm1m5stBF69rbaeitb281vHJtQOx6h1ABznn6gV+rPi2C6vdFktra0VJLgI0jkYKkkcAEbm2g4xk5yOBgmvBLn9nDQddtIZ9es3uL0Xf2mNIEEYMbMG/eBR3JGSeSME4xx9ZlmY4fDwlOtK9RRtCV3dxtH3Gt7We6vf8tMxwVfFSpKjLkgtXZWvFcujs72S62afnpaj+z3pvjjw34QTUdD8Z6z4cm1dxdz6bZTyxWjpLgeYwJIZiCCGHUNgnGTXu/jjxX45v8AwRrOnz+JL/XpE0y5gV5wXjLMpVtxYZLYPY59K7bwv4MsYrKytGUWlhptvFarbpwGSONQuSCCGBHfIwTz3HWweGtJeG4gS2ElqzEMr53OHzuIOcEBRgfNwDxkdOCeLwdTGyxMqFNVZVL81vetFRd+snrZX9NO/rUMvr08HGgqk3BU3dc7STtdvld9L+SVtkz8jfg/4M8RH4peFppdMvEiXUnaad4G2K0jkks/zBclQRzgD7vGTX77fDbShp2ibJfNWYXhZCo3fKWUYB64+Y8cY6ndwK8E0vwxpsNzBbaTaW6qt3DIJFRFdGBRWQSBQ3zAEAAjuN3BFfbej+Ovhdo+nro91cWdjqlvbwG6W7cxTLOVG5oVk2mTJ+YhOMdx1r63LM3hJyScU0rWct78t7fJOz6Oy8jzfqX1OnJvVP3nd3im+W+tlvbR7a7bI5PVEncXISGcsOFwpw2OuAAAcY6DHcAg8jzzxHBPbaLf3r27K9rZvOm+Mgysg4wp64AXOcEjv2HumofEP4cW9oZ4dTgkjZA5eKNWYuMjAOWyT1PPHZQSSfDfiH8RvDmraTNY2M5kuLm1mCSeUEjWMqwCyfd5IBGP4SeAQa9t4l1KkGrXl71k00m3G222tnvbe9tTuwWKi7xkl8VrOzi9U73u7dNdm0vlnfDrVIvEOh2N9OyR3Mm5WUAfuvLO0Ac53AKM46k47Yr1e1gjaVAjqSWwxwR93A6n7uMkggHbnBr5q+Cl6Y9IuoFcSPb3jmLI4wWO7bnPXg5xxjnvX0Fb3TLJBvchncq6AAKvGTlugPBwTjJwM817lPERo0FOpUUFGPNKTaVkuVrmbeie/R62vueo6tOUbtO9r3d7a8jTfbqm1a11pqXPEPjjwv4GtFvvEuqLZQTSrHGjkeZOQP8AlmrfMyjg9h8o75zfi+KvgQ+HH8TWevWk8UMW+GHcpnkkZSY7coSGVmwAMHBAYcZOPzb/AGmPEK6/45gt5dQVtL0QxwvGz/LuYkFWRTtyHGNx6Z6k5rw298URabCtjaanMlnua4e3gZtsYGdnfG0nqx6E5wcNj8ZznxdqYHMcXgsDShWpxcqNOpGMpSU42XOpbWTTS8vLb5zEZ2qdaVOEIuK91NN35u7be2+1+3U9w/aK+LHir40EeF1vodI0uATm30uI9ZVIMVzMwON4X5gMd8D0r82rzwpNo/iSLRIZ3vdTl3yPNA52vIvKO3QDAb5hncQARjFfTOgzab4n1Z74ajLavbMrTiSQGS6k5Pk53D5BgEgdcfdPQ5Pi2Tw6utDU7UpDf2QY3ckUZDysowVjbHAIBxkHuQeWNfntTi3GYzF1PrHta1avTlOTndqMpxTUX1VtLpRVrLSyd/CxGKjWk5zi5S3TbumrJ909FZST06pWTMnSvhxoWlWkOp3GnLqWoF47iWZ4RiKbKkpySHJ5AAGB1I4yLXjXwRp/jOwsrGa3FnM+50MCBRHJj5TK6jC5GDtIGN2CQMAV4/iLdTpKbe1Y2VkC8ZZCWSQqBz3kY56+ncEEVysHxWhTUTYzSSxTXMqvukXCwZ/h2YGQ2RgLgAEdjXhwebSryxUasr0mql3KSjdNaJJJJOOmttHd2s2cPNHR666p2ttJd0nt57W31PnPV/D2oeGdVOhm1uZZra7Iimi3PG8WSFYkY3E+nf2ySe4XVbnTraBZ57o3KMFXGVTGPlAyDtYDggnjadvYn6rg0G3122g1AWNtHcIEuI55FUvcbhyy5I7YbH+0ADnmuY8WeGdEvbSW1EUdtcW8guZXV13Sv2iTsCSD8vdQBg5zXXV4sw2NnSwtekqleKSqyUb8rvy3vdK7srX6662MKl0k2lZ26NPSyTTulzWSs9dXfoeJ2WoR6jOF1Kc7LlfLZDx5ZzhC2B1HVSCoYHjHQ+0eE/DHhzT1iKXUH2u8KhLgxkeQwAPy4JADKcDgZOSeOvzNrMeqaXqMrwWry2EEwaK5dW2KB98twQxQAcEde3JB7DQfH00d2EuJLdjEgdHkZQpAHyjAU/MOwAGcAEfLiujH5dWxdCM8HWag1Hmi204p8rat0aV31tfba/K5Jq8W+WLja/NZX5b3V3bVXW/xKx2fxRu9W0vVIbazuY7yOR44bdI2zKzg4ZnCkZJ9wcY6jnPofh7w2+r6DCHlaK/mt2lO9yqpOqDETY5YnIwvbjAHGPHZY7fxBq0epvfPDJE32lGbgTA4BEIY4Kg/dOPTH3QT3mmeJU0++V0um+w27rJLFKSA7IAzKp6k9+enT1pUqLo4WlRipOqopTuoyi2nFv37X0V201u1reyURqptaap7ycLPRNNvSdl1UrO2i6nO/wBsXXhXVPsd7DOlxHMySgL8jxktgZPyhM4OAT05Oa17bxG+qa1Pc3LC30/yyu6JAqsQvAEmRnnJPXpnjqMzxxd6l44uvt2i2YltIgGaVI93ylSrZbliVYk9eDyDkZPn+nagYVubG52iO2DoeCXMg6AAkH5eMDOQQCQOg9PC4DDYmULwiqll7SKunfljurqSi77JLre2hsmp7RjpZ2WzsrK70bT1uk1pv1b+rIL15dAKW80d6jwOIkRA7xgEgO3UDaRz0GD6V5LFos17fyJKksKRrlmRdgYSYPAGOWyAMcgnr0NbHw31i2FpcLFMst2YnzFIw2hSCNoTrkKcHpjHYjFbN7dTaZMNQaNh9pkQojOGUYIOCAPufexwBjAwMYHv5VOng8S6M42g3F31a+ytOfVbpP006MzdWVKLbfwq9o3lZRsk23K61su6tro7HqPgDRoNO025mS01C4gsIi9zcpE/2ZAw/wCPeV1UhGK9AMNuOQRgmv6vv+COv/BU7TvDnh7R/wBnL436lo+m+CIIBB4F8V6kw26XNK4jTSdWZw3l2+8gRySHCoFAOBX82vwu8c6Ongrxh4V1GIRxeI9L8+3FskbyNeRISmHK5RW5HBJ2k4yME4vwH+LekeD9Y12w17RbS/tp4xBH9ubypI/LbayxycMkgXkEbT0IPPH2fE/CuWZxlOFlNOo6kFUlySinGacbJO8naStzRlo03porrJuNY4TEYqjOlUcKDVOS5JtPRcs4tpq6e2umnRH+in8ZfHfhKLStA1vU/F3w/wDGfwo1DUra31zTbGbS9VkSOZ1WOWIRzNL9niBDSfKGUDJC8CvDNQGheOvEfi7w/wDsbfFvQrDW7DTra8vvh9PeRy+H5/KZZDNYRyODbSkZRhHuVX6jtX8RCfFxZNavo/BHibxHo2mTL5wsV1m+ntIZXOZBBHJcPGFLYOccL6DmvUvgp+0p4/8Agv8AEHRfHnhfxrrNrrWj6lFqM0sl3JjU7WKRWuNKuwCPOtbpAyMrdNwxkmv5yx/AWMoZlUr4Sahh1UglSbk6ypJ2nShiE42U17yThKzVr2P0bC+I2C9hhqLhiFUcailKahPDtyaadai01Jx2c04ySbcXs36x/wAFWfhn8RvBPxu8X+K/iJYzeHPEt9o9vqj2PP2HUJIVEc95bzKiwTebLh8IxbJweAQPyO8N/EfXpvJmnjKwHKmRwyLuyeFJAXO3vkggZ4INfuj/AMFOP+Cpmkftm+F/hP4Q1H4AxeD10l4ZfEPia4eOS61ONU8qSC0umjEi2F1IBMIi7KufUk1+IeoahZwa/LpVjYWn/COfaHmtlhZJBAkpykRcYIMeecsfTJxz/TvBmeZrk+U4KMcRWlRw8FSgpOXM4R5VTUlLW0dU29NLqysfz74k5Hw/neMrYuWCpOrjHz1nThGUYTlZtqa95QfTRtbPqet6P8RbINEk0pKkArxkKemc5bJBycHjgEcha988E/GjxH4M1K11jwh4p1TQL61MUsN1pd7NasHX5kBSNwjgMASSp9G5PPxzf6HJK6TaJFFHJtGYmYNG6BWJHcK2SM9cMTkZzXAXHjjUdF1BbLU4vsc4dhHuZlWRVIUKo4Uqc8nj5ucE5x+1cOeJs01Cs000lLmblpp7ur1S1TXppqj+UeLPBTB5q28Bb2nNzKnFawfRxklFpp9m2vmj+mT4Mf8ABY34o6DZWnhD44aNoXxf8HMBBMuvWMUuqmAr5ZDXUqyPI21cKcLgZ5HQ/Vcegf8ABOT9tC2a/wDA+vxfAX4n3y7hpN28dtpM13IACgt5dsbRvI3Dh1wCQBwM/wAktj8RIbhUeSUZB4kU5AA67hjCgHpjIJFer+H/AB6I5oblLp4GjClLy2leJ1IC7PmVgQMqMHORjnoDX6Bl+e5FmEo1Of8As6vOSftcI4wpyk2v42GkpUKl3vJ007r4r6n5ljeB+M+GJJYGvisTCn73scSqknTUbJexxEXGvTtZW9+UU9HB7P8AaH9oD/gnN8fvhVDeappWiQ/EXwdzcW2v+FXj1OM2xyyyutsXMHyEEgH1HYCvgCPw7c6TdnTLqC7066WRvMhuopIJoZVwGR45VR1YHjkEr0OCRX0P+zh/wUh+PfwPuLW10Txe/inw2hjjuPDfiSU6hZNDwGijFyZCgIyAxwAeAc1+pPh/9ob9gz9tq3XRPjL4Wtvgz8UdQCw23ivSIYrOwlv5FCK01xCI4tpc7mRlBIyA/Fe/jssoYnDxqV8JhsdQ5Y82KwCSq2lZ3q4SXvK27lRnUuk/cSO/IPGLizhvH08LmlPGU6ClGK+vJule8U1DGxXK1fRKtCk0mrzerX4XzpdaYZXg8wXSZEV7BLJDcI3T5Jo3R944Odwxnrjbj6s+A/7fnxY+BljP4e1jT9I+KngmdohfeHPG9hBqkiQKw8xLO8uUeVMKflO8tnBAGc19Y/Hj/gmF8X/hvpV54v8AhZd2fxr+HlwjXlrqXh6SK51WCzYeYrS2ULyM4VDy4Y8gAk4wfym8R+G5LO+n0y7sbjS9TgLx3VhqNvLbXMUqMyupSUId2cg4HXLZIxn8p4n8JuGeMMG1SoUKjvJe1pRVPEUKjte9rVaU49pKLTvdbH9e8BePbjKCli5YatUjzfV67vSqwbTvFNunUhK3xQbT3v27L9rL4s/C34//ABb0nxn8LvAlp8Nre90q3h8SaWAFsIb/ACBLcWkQx5cWWOCowAc88g1tc/ZR+Jh8Iw+KdD8MXPjHwq6JLL4k8Nx/bYLUGMSSLdpBmRGjU4dSn97J5zXjy+GbQ6nC8oMTr97CgDgjKHBxhscg4JBGdua/QH9n/wDa21r9nvVNLm0i8hk0fYkWqeF75UudM1S3bbFLmCYPEkrKSocKWJzj5jX4dxRwDxhwXlkYcOJ5jDBpt4XEylKdajFRvGNV3anZaN6Pbe6P6K4c4q4c4qxUp5tOGFniFDkxFBxUITaik5x19x6Xso9bO9z82NT8HtptxbW8Umy4ckXMLq0c8bKCrJIjhXjYdDkDkg8Mefne9ubzQDaz27+XAuo3qyJI2BM6TMAxBXJHHDHPTLY6V/Q5+2f8Sf2LvjL8FdR+KngrQ7P4d/GKwVFXRdIVI5ta1O5LLcPPZJhXh+ZmSUKAvy8Cvwqu/hd4117SbXXrjQtTXw2FlmTW/sE4sWumZpJIRKgK7geCVJHXAHzZ+T4Y4tr5inPNsBWyivRqSw9Shik4XqxUW3TlOynB62avbVaI+pzjh5YSMVl2Ip4+FSPtoyw7VTlp3SXNy8zV7Xet1zWVk9eETxPa6hcRDVreSyMiMxmjYGJhncpdMck8bh3z0Jxt9J0XUNX0KGO58P3bxxSW7zqLMebFMijcVuLYZBBBPzADjHy9689bw7ePd2qSWhMf+rWdkO0jIXJAwvzAYxjJ4O3qa9c8FaTcRahYkRnM15Hpf2fBCutyRCvyEBcszcY69OgxX3tPHUPZzqQnzWd4tfDy2i3flbWzvdO6dtVsfLww9aMuVwkmulnGWnK/e+FNpbrVr+Zps948EaraeM9Aj1PxJYp4atYLOWS68TWvy6dbLbk7p7yFchSWXDMTtz26CuT+IVnaeH30y+0nxZovjXQtYiSWz13Qrj7XYozKS1nehAwtrmMnBWQrgDIIOQPc/Eur+C/hdoPiP4eeMtInk0nUNNi0ydbA7JP+JhCtz5k+5eDHI2QAOQOeDz5d8DrTwl8NdJ1nw9oWkaB4s8La+73kttqcyzSIxViisHDtaXKKQoniAGVCkED5cqWY1a8o3d4Jxt0S92Oul29urtqkr7hVq1YNQTd1ZWct9I3d911Sd0tNd0ePafKFd5NgjDNuztPOcHIYHgAZyBnI5A616NoOvT6fMrrKZY1xhMnYoIAAYscjORyflXAyR29Cvfhz4X8YG6u/hncXGna4pCy+BNalXdK6gmR9Iv5CEuELAiKIbSw255ryabS9R0S7l0nVrC60vWYJDHdWV7G8MisvDYDgBhkHlGIZTyTXpe0oYmK29xXu1u1bRXe1r6bb7GbbjFN3m21d9dGlra212tXey87H0z4V13RNTWJbiKGKWRdssisAyNt+8MDkuN3bqcdcmvpnwfdQ6BDHd6bfyujAK8SyldxyepGDyM7QTkY4PGa/P3Rry3haNCxidD8zRNwwHKvnPrwQOnJPcV9LeBvGVujQwSS+cqsiqJAQrjoSrADqcEZAJ56k189muWYXF0Z+2pQnFp+7OCldN/D112aTb3W+t/qMkzCWGqR9lUnSas0+dxavZJW037StZq2mx+jnww/as8d+A57dNL1PULNklURGe5llgCgj5PKYkFQTyq54+7wcV9weHv2uPhr8Zrf/AIQ39oP4d6P4zsJohEdWWwha4tlkXDzKxTzFbaSwIcYPUHqPyGtbaHXZImspo1aJAXTz1DOSThFxjnIIyeQBxz167QNH8YpdSPY3NtZrCdxlMi58vkkOc8kAgcehH3RX8/8AGHhLw/mUJYvDYb6hjoSc6FfCqNJuaSac0koybezdm+iT1P1vKM7qV6kKOLgqsZRjFV6bVOvTVo/DWg1JNbtN+8m092j7/wDGH/BKn4L/ABFubv4h/sxePLBdRlje6TwJ4glikjikkBYW0crlXt1ySo+QAEfe9fgv4kN+15+w1cTSaT43134dasI3aDw6Wnv/AAvrqo+xBGsjSwSxScAjKZU9MZB+k/hb8RtZ8CXEurXniWXT7m2jJSe2mkjdiudzMAwBUeh6/wAWBkV6brv7cvwa+K9vN8NPi1pGkfEK2WNoE1rULaH7XpDgASMszkPuGMoVYZYEkcAL8Fw1nnGfA2ZOlj4Vsxy2NRclWLlUcYpRScoWdSDikrNc0d20j62vl1HEUlCWLw2KoVFzRdanCljqU200vaRtCulbZwjO1m5s/Brxp/wUE8c/Eb46eDPFn7SPhbw2up+BmggsNc8Maf8A2RNdPkmO5upoi6SvkAkNnPPQjI/XnRP2y/APxb8GwfavhT4g1S9ghiWLX7W6t4rYRSKFivDLG6ycDljtOCrZGAK/L7/gpf4Q/Z/v9D0rwx+zdbyWd5IP7X1rWbyNZhFMF3C1guSWMcTNlVUsT6YGQPwb/wCEp/aH+Fk9ybDxd4nsdMhchG0+9neyeAbsK8O9kaIqDgYOFOAN3Nf1Xwh4h08xofWOevFVGlKLlyzSjKK059LNO3uxu7X1aPFy/jvMuDcw+qKpUrYOMoSUaUlF2XKnaSb5FbeySfdX0/dv9r/4q+OPhvbR6Ja6v9q0bxnetfR6eL/+0Vt7WF/NghlILCGVOVdT82zn5eGr9Pf2P/jBoXxR+B/g2LUJmttS07TPsjGdiPMuLfIPlOcFdh25HPHB64H8hGkftLa941sYfDnjySW9FlLJcw6vula8aQZwj72LKpOQQCAMgdTmv39/Yp0jxPF8D/D3i3wbeReKPDl1dyR6rZ2Mqvf6FLIQpzChaUMowxO3GcZPAA/Xsszajjqc6rxMdYpONRttNzgklr8Wurtbra230OF8TquaZ3LERm1QqQip0ptvl1grrd76XtZ2T1tZe4/8FGNNnl+EEVq9yjwPrMc8MjyK7tt+YrFgqyytuwGGcHAwAVr87v2Tf2mfiZ8HbK50Sx168vdHn1uPzPDOuSPdQTwhgAlq1wSIiRxgfIp25yCMe+/tpeJ9Q1bw34f0SXU0eCxvZbieSSYx+VPBtYQXCMC24fdbcCd3O0c5+SPAGlafrWmaNq80EEVxea2YFu8jyWW3ZQ+NpxlsDDnavTIJHP6Nk+FwuLjy1nTnFUrtTV3Vi4xVk09VGUlFO27u+p5+a51isbnntsJUlBNLmSklzKMUmk076SnFJvrddD6R/aSi/Z3/AGo/F+kWXiDw3B8OPGGt26K2uWsKW6LqRUKPttxHGqTRMfmAOMgndjAFfAfxK/YO/aC+DO/X/AOsXOv+GXdrmz1bRJDcQPAD8jXNujsY0/vNgnBx0wD9RfGYaLoHxM+H1ujLcW+rOtw8c4Ubj5aoBC28nBZSDtIHB64r6q0D4ja34P0yJra4Oo6OCY7vQL2YyRW9seSIvMyq4Q/eJ4BJOSBXyfFnhbk2b0q1SlSVPEQk3J0lFOMpRi1zaK6s1dS1VtN7n3fCviLj8tzCeDxFerThSlFRqurKMoySg/iWtmnezbSd7q7af4raX8bvj98OHSDxL4ZfWLZXEb3VtG6yYDKGLDh92AcgrkMOABivqn4ZftZaPrbxRa5FrHh3UPMRI/tKTbGYkdGI2lQeQCSPlyM9T+gmp6F8CPjhptxa3lnp2h63dlzby7obS5SdiQsaTKVST5/ugKB+YI/Pn40/sw/Fb4YLcT+HjF4h8Mo7zLNPYJdXNkrfMjiSNdwjAxl8tgE5IFfzRn3AGcZDXqVMFevGEr2TfOrNNpxTtbTS13fVqx/V/CnivGUKNPH5hUqYSSUJRlCFV20elRWb0tZ6vXY+3/DHxxuLxY4rHXLG+g+UiC4wkrBgcLljzuHJYg5xn2r3PTviZdzwxfb9DeQAA+ZZ7HXA4DDbjAAwRjoe/Bx/Pk3xo8ceDr5LPW/CC3SW6ExXumuyM6Rnh9oAbcoGGUg47ZGDXsHhX9tttNmtzNNqOmsuyOSO5BmQMAMBlb+HgZBJxnHBDE+JhOIMwwdSMMbg5xhFpTspXSSUdnZ2Wt+2vkz9ErcRcD5lTtRzGnGrKN7Vac4qLst5KNrJ31etmfuXJ4j0S/jXe01tcFcMsysvLAYBOMcADPzEjrzyDzt/dIAQtrFeRcjAZX3LwORt4IwcE9z06Cvz48N/t5eH9QNvbapJo9wmVDNIqQTbTgDcSFOSOhyGPXHWvp/wl+0L8OfFHlNZ3GnRzMED2xuowzhmGTEGJD5GQQMd+BxX2OD4wy+e9WMJWS5al4zTbV7JpppXtpbffU+TzDg/CZzTlLBVMNW5lrOnWi2r8ttLppvTfrfuO8e+CfD3jbTpLSa5vtFm6h7QmMDIyACoG7JIyT8vOcnJNeKeDfhrJ4HmvoLjVf7Vsp5GMHm58wH+9IzKSDjqeMkZyMcfalsvh/xAiyWB06bz/uKZUV1Y8gYJ5IyQRyMnJGBtry/4i+G7bQngDXaC9nK7YISHVV9HKE9ORz05OMkCvp8HnSxUaaptbaNfDKyTV9bK2nRea6n89cZ+HtDKa08bOpD2sVqud2kklpa78r6X0vo7nl89jbxs7KiqDwwTOTkqQcnk8YOOvzZ9hiahaq8ZKuxYAbcjkA5OPYgjHI+7x1Uk6u0gOPMLEpk/M2Q2cBsE8DkY9CMDAqtOspXa6rjywQQOQc4zgcknqGJJ9CM172DxNVvWWmza6ap309dXtfZaK/4zmGGpQcmoKKto9La21ts9tLrVaXWlua/s6bbk4wDgkfxA8AZxkng5PU8cjio20smVdyyGNgCVPbkYYjgAYVckjtnHJNdFGhRljZSA6Ap1G0+rZ+Yg+p4IBJ756S3t0ZP3iK23YvzfeKnk5IHILHuOAQOBnP1GFrVJxiura1e6ty67ppapve2t9tfnZxjGcXdXb01V+jaVtrpLez021u+Rt9H8yzuFG45eH5SCvy+YPnx7HHPIBwCScGv7y/2ILQRfsrfBFXOTH4M0xdxIOMRnaNy8EAEkc8dueB/EINOi2P5eSZBEPlUL8hkQZ9eON3ODyG75/ug/YysRZ/sv/BaA4bZ4M0t8g9cx5GcDOfmwc45GACMV4vFcJfVcM5NXdRpa3002309dbK6PzXxKrJ5dgYrRe2nZ9VaK5ul/N6LVvsj6Zgi6Hgg/w+mMn8ME53dOvQmuH+Lnw40z4rfDbxn8OdZuLi10rxhoN5ot/c2pKXcFvdRENLAwb5XXA2kZIBYDIr0aOPbxjPQcgYPJ57d/rjPSnTKWRlxyY5FA6ZLI2Ofc8E84yfTFfEKbjVhOMlzxaktdmnFp22bVtL7+Z+NYdyXLOHNGUZRcWmk7xcWrX2d7vsn8z+F79uj9jHwH+yn4l8NeGfA2papq1hqtleTX11rb7pvtkU0j7Ys42gAquADkZBzwK/N/UraCHcyqWYH5V3EYwcAj1Byc5J5GcgCv3V/4LBXkM3xV0KDzFl+wf2na3OxsxxSjcQgCN98AjdwevJ+bB/C/Vpo1lZUIACk5f7pIBwM+vPB4zk844r+peAIVqvD2HlObk5SqNt7tynon3S9Fvbof0vm9e2CyWWJqOWJrZTg6lWdRpzk5UabV227JKyS19LXvyshBbJQkbcYHKq3G04BwTzxggD9QvmMqfvEbJIAOAowehxjlTgnjvjpxT5Wjz5e8KWAJK/cLfezzk56k9AO4GAKAyA7X/ecAks2Co5PB5x34B9h3z9x7OcY+8n0WlvLs9dLWSul5Hxs8TT5r3V9rJKz+HXTd6d+z66yLcEgoNxBA54ZfZcDkYGDkE45GMZFXllVYto+YuceXuB24xuztLMcZJz1XI7CqMRiBKmM7WJcEnCjkHHb5eMZ4OMgjJqwqxqhZSqFT8rK2c56gcZwB69APvA1i1dOye0le9+z63+/79LCWLjHZ7tJ6K+y01d/vu246ba7drIwdY0OEZeSTtUdODkDjtyR17YNbMBO1g8oVQT8uCWIGN23278rjtnGAeSW5VVBJlV8EIc5yOCWz15xzxjIAxkZOhBO0wALoC3AeRt3A2jYFwCMfxYBx2yMAXGMk01J9dLabxab0217NfIqWMjJNXbbv7r7uzfrbzbW7td69FbxQh3dWXEjZDZ+ZlIH8J4xk4Ung46k4B6nSpQGZ2U7UHDK2MliPmUYPGegwTznIUccR5qqVLsqkrhTkkkjjJ+XgMc44I6joDW7Y3RQxuG3iMncN+0HPrxgjjGTx+ZI6W21adn7trqXvP4WrXT095p67LZo+XzKq6nNFWSabXTazV+mqeyutmrnqtpflolVVlwwBLupJQgZULgdeOxJUHsckaTXYkRRIJAgOHZ22hRkjhSDkcdhg4Bx1I5C11OEJJ++UqQoVBLkoxAOFIzwh4I6cYI9Lq6jEiOZ2SQkg4LkbVYg8Yzk9cHng4Oc5r0MK5KUEo2+yrJXulH701fZavpsfi2fZTTqVaspuNrtu9r6WvfyV9PK3kbkl1a26MytMQFGwRhtp5G1mc4yDkHIPBJ4OKx7nUIpCJC4XauDliBknkDjqOOnAHbkVial4oEdu8ahEiB2qu3cSQccMOVGMAgZJJxjdnGXaaV4v8UuqaLod5ePL8oeK0dIUU/xFyAMkHBOTjjB617cK9Smn72jSSu03ZqPr1sr6rTXe5+f4rCYanUila8XrGEUm78rSb7+fV39Tek1KEddQMceQZIy5O4EcjJzjoQvXkjGOa5LXdXskikktJdxVHUvO/H3jwvVTzwByRk45+WvWbX4AeL57JLnW7yDSIMBnTzQ9wDncylQMggAdwAAcH0p3fwl0Kx3Rzz3OpkhWEmSsIPcZ5+UMT6c84554sVi37KSlU6PRtO0lZLe99Wr/ADWj0fTg8sqTrwlSg1G6fO7qOlkk79LJbPXfsl8oTatfXNwE0+3lnnLbVWOHJZi2CRj7pOCRycjJHGa9J8L+CvGWuSotxG+n2xILyTRhG6gMfu+/PXnbXvNh4V0rR1j+w6VArtt2SBFZwyj5i2QTnOO3Xqe47PT9qiTzyXCkeiMoAP3cHjBPTOemO2PzzM6Ep1ZSabbV29LcrUW77q/zdtNNkf0JwZj1l1GEK8tIxilG1ld2v287aX8tLmL4W+D+h2Kx3OoSzatdZVniPMeTnO4Y+6BnBAHPykHmvbE0PRLCzVbDTobBo1USM0ancRghcsGA9Ouc/eHBrM0bUo0kVFgLJLt2ySEhgu3LbcDkKeoznnORkCuoF0JEmttpEb4Pmt8wHIIUdAcZGPoQfYyuo6Em7rlsk1F+9d2tro+y0sl87P4jxLzeGYVnSUUlG1rRTd7J35rJ2tpfVLWyPO9TSGeWVhAqCLA+Q4ViO5xwAM49Seflrjr9cFQwBiy21VIBbIzhcLk8ZIH4DHWvSr2xEZkdWBRyf4gNzdMgHHc+hPPbOByF3pUm0SScEAvwPugcfL3wwwMYwD+OPUq4pycnd6q93a7fu6det2116rRs/HsJTm6vu8zTd5O/KltpbVW1d+miWyTfAXs7CMAKQFyodzwDnghQOvQgE55yTjgec+I/FdvoVq81zIyxxq7PtG07AD8wIBIyMgnccY4r1jUbeLyyECsyKxYbcnPUccZBGfXgEHHGfi39oDV9YsdONtb2zNDeh4pbjyyAhzwGIxtXkMc8DrXzecZjiMLhqlaGihFyWibSTjs7uy2vfpfdH22UZc8XiqdHmTdSUYvVXTaW2q6XfnbTS5pRftBaBPqkWnrHIgndIYbpiQHfO3BY5GeACRnHBOM17PZ680yPKjK26MMjiQEOWXAxxyWHboD3PGPyP8Sa1JplvpVus8Mc0UomikjyH37wxHXODzgjn25Ar9QPgukXiLwdpt7LDIZvsUO6aTcVZwoUsT7kHHv9Tj4/IeJ8TnFfEUp8t6UrxlsnFWvF66372W1uh9pnfDcMqpYecGuapG7VrN9XHpa7W7S7l3VPEWuLN5dvFI6TMI2VE2BCx6FyCDnP8P8As5J5rQj0S51GNZpLq4jlkQs64YbR0EYI2jOMYJPPUmvTRoqkmOQxbCqkMYwASMHqoJyRxk5I9K29P0e3YmJJFiXYAHbByc8BTjHOcHGM8+pz7teu223qklb4XvbzvvvbR2PEwuFc5xjq3daJd+l7t9720va6PEYvB8VvK0kc8jF9u+IgkgZ53kg5AIPB3HPTnkbqaNDGpDQRS7VbJ6MAMYyAC2MHAxwuD1zgerSeHokkIWdQ+MvnBUhRnB6Ak8Dg4PsOmfJYQWsjyhEZVwTIXGDjow3cYJx3xx2xXzmJxD57uNrvor929rtb66pXVtD36GAipWcWnpu/JaWau/LR9rNo8vbSvNcD7Psj3KFUgLsc4IJxywyQc4G0Z2jtWrF4VhnYCSWNHO3hRjGcfMx4JPGQW79OMmtfVvE/hbS43uNQureN1ziNHDEuB3CnJIIJwM84Az0ryzWPixAW8rw7p8lxJJ8nmMpCrn+I7hkAY5xwcYJJzXA3UrTajFapPd6pa9Ld7x1b0ej6dVSFCjZSlHe1k32jZeSvrbVWut0epyJpfh+JI7m5JwMlgy7RySWZs4wMDJ/hAIx0rn3+LGkWMklvbgXCR5VHQlleQj7q7QS5HU4B7dSBnwTU5/FfiVkN7K1rbEk7YyVHTJyOrEcc8D5TjIJB+0P2AdC+D2m/G9NT+N95pEfhTR9La4sJPEaI+kz6pPIIljuYpGCy4Ryyhj94AnmvSw2BqYlvmjKcowdowheTcYp8qT1le3VWvbzPBznO55bhZ16VOTjHlTWtn8KlrrZLq1HR7X3PjTxv8X5NYuLnTtMnETEGOY/NvjbuqA4ZSpzknGCOxXJ8YmKiV3uWe6kdf9ZNnkkg5DHJDAnkAkjnGVGT71+1bH4Itf2pPihB4EbTU8GXN8LnQjpcSwWkwkJaWS1RSQYS7DZt4w2CME48nt7C2cGSUCQsjMyyZzgdcD1JOWyPfJzxlOEcNJ03DklB2avs7pNSW7le2607aiw9SeY4ajiry5a1OM0np7slF8u293bRaLV2dr8TdKqNi2jwWwSwO9iSMcj7vXLZ5HBBOcYsabYyO+5o5mAGTheBllHJHftg4PygYXBNdabGIsGjtWEeQCDyC+Rk5bHPTqGx2wea7vQtIUKZvITaTtEZPK4xhm6kngZz3xxk5PBjcdKik6Lu7W0T1Vo7avX/AIO2x6OVZTHE14wqS5Y6Xum0rNba26pXd1a19LI8xu7G6YBBBceWI9xwvzEKOw5HBKk4JBA+8CTX3J/wSv8AEGqeHf2kPFqwXNxp39qfDTxTDIjKVkmSG2YLsIwxKjPOR14yTk+DS2bIQqxL5YQAgKAcgfd3HPTH09zwK+uP2CYLLTP2j9QuZLGOYp8MvE+HUKBGfsrglgO2cZwuDj/ZyPa4QzXEYjM6eCnSv7eMoSTTXMmlay0va172d1c/Qcv4cy2WNw8nWU+SpD3W1aTbiorVb3TWz06nzpNo0uv+PPGt5GHmkl1zU3cSIGLSG4kDMSTxuHIYcg5XptNbV14Ej06e3uHLly1m4dF/1Z+0xHJOSRj5uR17npnT8LaikXivxfekKFuNa1UAI3AT7W4XAGR0/QkEV3ut6zZyZVpVEOLdS/c7Zo8qBxj5VwTu+8cANkivjfFP69UzbF06N/YxoSUmlLljJRafM9Umr6u+mut9F/RmAyjKYZRTqzcI4mnU5YQ0umrct1pZ6/lY/r6/Zz0i11P4TfB0gi6uI/Dek2scDN0jktAju+0YGBgjcMqBkbiK/lp/4KGfsA/A3XvjP8UrvSdb1bRvFdz4x1C/1nF6lzCL25YSOLaLIxCNwAUn5SCM8mv6OP2ZPiDNp/wLs9ajlhig8I/Du11m3vJwAH+z6fcOFLFsgKyrnGTyfQGv44/jb+0F4l8ffE3xj4sbXrs3et+IdXvbiRZWMZcX08ahVLYKBI1GSMAdPQ/EfRC8OqGcYPiGtWw9KDWYYiVSU46VJTrzjBqTXvaRbWr0emx/PfizxCuF8ZzY+Eq2GnyU4UopO05pO2qvZXTTu316nyJ8Qv8Agn34+snc+F/EVprVq7uUW9UQSOoOQpPODgY+oxwck/M3iv8AZN+OfhiCfHhS6uEjCnzNOcy5ABBIXA2gtjrkHBOflYH77i+NXjuxlUxaxcXSqcqkw3J8zHAJI5xjBHbdzyMjq7D9p3XbWdBrenw6oiDkABTsHUYK4Prlj25zmv63zTwhop+0w0pRqJ2TjN2VnG7jeSsn5Ozt0sfk2W8ecLY66rrEYN6ayXMk20tGm3ZJq1k2u12z8mPhv4b8ZeHfiv4P0vWNM1DSp7jWrazcXdpMnmtcSKrRglCrEjvngYyDX6WeNfDMHh/4l6jbXVzdafp19ZWLahfQS+VdW0arGXkg2kcoBwBnnAOCtfQPhX4i+Bvi5qsFm/hG3t9Y0i4S9sr64t4W+y/MAzrMEVlc+mCMjggjjyD4/wBpdzfEaePfHJbQ2EHzRg7WjCZcEZxtIOMZIAyCec1+8+BWTz4fjjMqrVJSljfaqNTaUOaEYuNkna3R6dN7H6R/sL4aljsFXWJw88XTnCXWy0cWulmm2n3WzPs/4p6j+wzpvwu0+60vW7TX9UuvDNro2sapLcyxeJIdQlt1WceSWxMC7OpbheOgODX8oH7S+geH/DPxR1q28IyzT+H59TSXSmvGVrowtGrFpgCSCGPBy2RjHav0R+NGnXll4N1G8swkKpMGWZfldck7QDjnaOBx26+n5QeOLu5l8R2guZpLmQTRSXE0khbceMks3QBSeMYxn0OP548eeEf7BzGrhJ5tjsw9rONaP1ur7SNBVZe9Tp81nGPRd0tL3OTG5phsXlmHpU6Uac4TjLnUUm+ay1sk+V62d3rr6/ot+x/+0B4s+H0vhPS9LSC40+I3MmtWEvMd5YM5Em6I/KJkBdt2MnAH1+yvjr8ALD41aFqPxt+EFtBPJDFJca5ounspYSIpMxeJBmOeNskghdyjI9K/I39n7Vbu9+Ig0a0KQQtp88UE64IBG95MEbh93A3HKn0yRX6QfAr43al+zt43u/7ce7uPBniFWg13SFYtDNDKxQ3dujEx7492/AAJ+6fl6fzthMuVTDSxGCl7OrQnKNf7MakYqPuu6d0mrxnvfqevlvPi8A6GMbrYZvkjKVv3KUUk03rbmSd9d7K62/OnxPNqFlHcwXBmtjbOYWRgySQzLJgrIPvAo6kFSCOOOBz+s/7I37QGreEdM8I20aXCag9iLK6lu4nEU9pxtIkZQRuUhUAIAYjAIyByH7WPwK8H+KtG0b45/CGWz13wn4lvIDr2jWIjN3p8k0yNNLcQxlnjxvHmHaBnrtOTX6jwfsr+FNc+Dvw78SeFdNt4tRt/CWmsDBEI/P8A9FjMscuMEzxseGIySOCSDXoZPk1fP1i6FX93+5UeWau5OV9U21dK1rq9r6XPe4Wyirg8VVqUpU2qai6c0uZNOSkpPWztZbba33R+nXwY+Img/Ebwnoem3cFrdwXlkbO8tJ1SWCQyJslhmRwVEhUkAkEk84yBX5dfti/sT6n8LPE2o/Ff4VxXlz4aadtR1PTtPRln8PymTzpJrfyyGEHLEqMqpUA4BUnO+Cnj7xJ8J/FX9l6stz/Zltc5ETFllRRIUJwcAtHg8g5GByeDX7YfCXxboHxa0u+0+WO11mz1SxNvOs4WSOZJkKmC5ibOHIbaCQO4IJBNfjOJwHFnhBxHDPcsniY4J4hOfI5Km4qcHyyUbJSSvyt6Lba5+o59wxkfiLwxicizqhRqzlQnBTqRg5wn7NJSi2uayur205fS7/mz8a/Gq88efC2+0zXLhTr2lvZ2dpqSwBbm4sUdQBcyH5t6lcEdcqcYGRX9C/8AwRgZ7jw342klYzNcaXorLKxJ81YLUKWQNj7j8cHgjjIHH5Kf8FBf2WPDnwGutT1/wz+503xhbyXEWjMCRpN5A+6RYExllfGU2/dCnGODX6U/8E37jXPg38LPhr8VL8XNz4I13TBpviqOygZm06O5dBbX9zgbvKjBBY8BRk+lf3jked5R4geFOJ4ghSw2HzfNKcaEZ2p06lfEUNZ05cqSdapyOMb35m3bVu/8KcP5NxB4S8ZYzg2niKtfIKMnVopznUhTw+ItNKEne1OMm9HdRTdj7c/baZrn4heGYR1XTGVUH3gNoULj9M4GQMnBya9o/wCCdHhqay8QeIb+7gIIiH2aQrj5ZcsFJP3iQThfmxgA9c18s/tj68p+MngDUNMvoNR0LxHoqS6Vc2rCaG4EqAglkZhuUFQwY5Azkdj+j37F9ra6X4NW6d4zfyPtuV4DgZGwHOMcN8oIxgkgAk17PEGJnlvgrg8JFXlj8KsO0r88H7aLndWTVuVxaktHof2RU4g+t8FfVaNeMnKiqcoxkm9Wua6u7JJa+nXp1f7cvh2zuvhtHrwjIvba6FsZ4gFZoJjllZgAxUAADOQB6YzX5T+AYWt7PU5UZXWO4V42bA259B8w3Hg4IwCOpxz+w/7V6pqHwtms3G9Jr+3OzgnLtng9OBnIOehzztI+Arf4S2ln4R1K5sOLqdBONxK7JQuTCRkcZI6EjI4AJG74fw6xNB8I1MNjajVSWMrUKbfxcjt7qbtaKUtNmrLayPS4C4qqZbk9PBYirOpFYiUYRcm+WLUbpJtXUbu3S/oz51+NuhQ63ZaTeLmDUfshkEgJUSkIMFj8p7EDOO2cnmvxX/bUhu4NE8Pm4Ti1lm3t6suOT8xwCDj2LHnIr9ovive3um3fh7T7xSiCxaKRWPLMsfDKe3Jy2T2BJ7V+Ov7dlwRpGmWioCrx3MgOPmCgggOMNtOODnnBU5zwf1fw8y2MOI8rcYxko13KE0la226smrb9rX6s7/pgVp4v6KnFspVEqdbLadWilsm8RSnFa76xbsl07XPzk8HSL9n1tgAWlhL4/i5JJCjn6dR1HBJNc4jK+q6e0jsI/t1ouBjAP2qLk8A449uuOMcavg1wY9YEZJAtVxwRwAwJAH4c4AOcg5HGVEFk1bTlbAL6hbKAMYObyPggcLjJGR3AOADX7zxDQ1rp7xg210k2lfvp8316LX/miyulbNMRJ3T5qDTavayjo7aapJXu7eSWn9//AMIUMn7NXwnMfzK/w903nHQLZREeuOnXn8BX8s3/AAUzuXb4w/EVCoSK78GWjkf89GR5Fyc4yAEGCMgAADOM1/VJ8GraSL9mj4QsqsAPhzp6NtIIw1hGCAec8kYJxwp4OK/l0/4KfaVLZ/GjWoZ4uLr4d20wbLBmUXNyQTggkdfb1GMKP5U8IaqfFHEcLK81mUW1bVqu9Elv8vm30/o3x8pX4O4PqWf7rFZTNt329lSSd7rV3fTZ7n82HhLw7pXiPxT4h03VLeKZJJ2ijEhCmJnyoMecDzMtx93pncFr1Twh4J1r4U6rBq+mwveadNcPE+0MH8l22tG4HLKEPHTnOM8GvDLi4m07V/E89tM0FwmpRtC6kghhI3Q5HB6HBHYkdMff/wAI9W0/xr4WstK1Zfs+sQeXGk8oyL9yBwoPAJ4BAGST2PNfnHFWRYqePx2a4W8lRr1PaRitYvnte3aSaV/O+x/cHhBnuCxPDmTZTipqniPqVD2NRy+O9Om1G6b5WrPo9+jZ9xeCfBWkeKfhvpfiXSYoLtjEWulWVDdWkxy3lTx7twG7gEj5cE5OTXzl+0/oMy/CDxPAlvhbWCN5hMvzxsG3fKTng+x6dc5ybWj3nir4Ta4ZtJnuk0m5IN5pcu/7HcgEEoEJ2BmAGGyCO7ALitP42eN9C8c/B7xrPA8lrfvZK89m2B5UoJVlQZJKdfm+U9M84z+fYnGVp0K1Cu7KUeXlb1VklZqyWqim732110P3mvhpU8NU5ZtwVGS59NlGNuaz+0ktX23VtPyz0WxgGmWW8eW7WceVB4xgMRu6jcOmT07cE10EVpbGEQlFUAqSQAQQ2OWBHAxwOB9cHFYsFwLazsMDMn2aNACRggJwQwB4wR1/ukYwMF6ahKsm1uC5UAr0IwAe5yACeuM4xjHNc8MGpU4OPu3jbTy5XzPXS3Z621V0lb8JxeYVKWIqL2jbVRqzl6Jb7310t0dmk7rTbw7ZhJmRCDKhAZTkkk8jPPH1Axj0FcXfeDLNpTkJuYAybo8g/Kcew5PXr1zxg16tZ3cbW6owWTYhIcnaM5AOc9MZABOSD3BFQzPC6AkKHLHPRjt9DnPBwRzgfqK5pYClzxTXM42Um9U3onZ2vbXRPfvqr6SzKsqcE5uNkuWzd7+7pfZtL7lutzwyfwlJazJNYeZBlMCa1donL9AylSGOev1/EV02jP4y0uNvs2v6zCCCkkP2mcrLFwdjr5i5BzyDxxzjpXfPFCxUrlo1AdQPujB57dQxJ289zzWkqQFlBZRuHzbzhQMYIYYGT04yODgelcVXKsNOUubDKaeluVWXwvSz0t0auvW+nr4PPMZSiuXFVIq0ft6NLl1tfppu2vlt5lbeMPEuj3bXBjlJjkLq6yyeYkhOd+WdzuB5PXkdcDj2Hwf+0jJ4e1SyvvFOs3sF1czrBBG0Iu4njVcAmNs5IJBIGOPlzg8YOo6TpcoDDyo3Yp7q3bI5zyBwe5PTGAPmz4tWVvY+IvBEULGNJb6TKkZX73UA4B69BjnByTXkYvh/COnOXJKEvdtyXV3Pl00tflWm+nyufR4DijMFVUXVVRJJtVLSUk7NvRLptrqt1oz9Yvht+1f+zTd6xHZ/GXQodW0l7iUajfWmhBb8iQfuGhVSC4BxuP8AC3JDcA+i+LNU/wCCcHxJ0W5m8GXfiXwZ4jtJJJIJruMwWWpEuBDBDFu+TKklmBOT9cn8jrbw6lyisIY2l3csYxxyoB3AEc8dRk/w/e4tt4LfbuaMgZyrBTgE8ZIBByp7Z5wOATur5ypw7RjUU4YirBtpOMp3je8VZprRPytd9D3/APWmpVilVoUXZRacYtNK8b9Wk2rX8m0frDpH7P3hEeGofEnws/aX0mDUvOVE8K32qrbXcUk2PLjO+X5huwNwHOTzwK6RvAX7Z3hVBPaWtp43ieNWjtbS5t9Su3t9odJgkTEmJ0O4ELnkAjpX4zTeFtUgmE9ncXkUiEEPDPOjEqScgpIMEEnb8oAIxxzXpHhX4xfH7wFcpe+Ffif4x06eGL7OmNRlmjWEEARFJWYlBjbjpjGOK5KuSV1J8k6c2tHzU9U1yte8rLS/RO9nvc2oZ3Qn/FhKEfddoyeztZNfO+l+ul7s/Vm0+IvxW0JvL+Ivwu1fSrnymZmFpNErxKCPNjVEYMGOcjI3EHdyam034s6FdSsuoWN9pw3gefcwSRRJvOFhO9AVPqCFP4nFfN/hn/gp5+0ToOi/2T4j0Hwp41njtI7aHWtX0yBtSj2ZDtI8wO/zBuBzkHPGAMV2um/8FRfBNxp11pPxE/Zy8N3hvYj9t1SzhhFw8+0BJ44VRQrKxO7BCjjvnPjVspzCE9KEJJNXcajbatHaLV76uz0WnzPThmGHqW5cQ49bTV1ZKNndJK/VO2602u/q618SeGbzYkF/aG5kRGjQzgEjsVJ2g7hn8wrda8T/AGj7+0m8DSCzvLa4nOraXHJDDKk0hPnLkhQcjaMbuMdSeQQfA/h38X/A3xt8calpnhxtM+H5jSW7s7nxHerBayQY/dWcJYqsbDO3aSQmBySOfTvGHwY1m2WXalh4mtpov7SmvdD1eO4W2RfmEvlCTAVG+cHHGeKydGrh5pVYyjKSTs9UtEld2abd2mnZP5G6ca2sakJWf2eVPZNNJb6d7aPZWPqbwfZrLpekyyBiU0mx3kAfMBAmSAM42nAJ55UEnqK6aXTYpkaX7yhyiqxw3Ybhg9Bn8eoJ4x8C6drnjjwe1mbXxRdXFi6hYVuJkmSM9FgdhIxVRjac46EAnGa9m0X4r/ESG3El3oLatbR4Mtxa27yAHqpd4ldQTjPqBnjisatKcI87lFxTk1rqk2u6Sa1/PToNNVJLlXNLZpK7bdlsvVLzS03PV73w/HNqJVS5yzMVABVgDyPoTnrn06ddF9Atdse22VWP3QMBuOuQQVGMluuevXFeV2PxtsTqjvqekz2kvlESMg+WJidvIfbg5wCCPY9ePQrX4i+Gb3bNFf8AkYVQRN8oYtg9yVGc54wcnn3zjOpaNpcz0tytOzVuvp0v106FODinzRSSeqSV7LRO9rNO6ta+t9yO48M6NdiRZ7aISFgvmFASuOpJC53HBJIxzwPfzXxf8OvC11ZjzrKCbDFdogQ+aQSck4J44Pv3OBXs7alaSBprWW0uUkAdis6EM78ggdfl4BIzxk4HbkPEkVz9kaVYzlnDrsXeFHBC4HyjJw2cc4xt5yLVSsnrKaaSve9uml+z016dLbEtw5UuWLd9XyvTZrVOzura2X33Z83X/wADPA2oRvcNbrZ42qRCvlFCwwQMEDvnK8BsDnkHzLXP2aNKEEkulandRqxLYYlwuScAKSeAR0HHPOcGvrlra5vLViE8pcKH3x8uSByuRtGNvBORngg8iuea2ncSlt7iBwoDFkBAIBG0dVAz0PbjA6dEMVUTSbUmmlv091drO61b6u+92zCcbWcZOL6OL133tfbz6Lz3+Lfhn4FuPBfxO1TTLy/a8UWMbxO0eSxY5GSMZwvux4PTivrKSytpVRDCkauoSVsBg+PvHBz8wOAQPu9QBzXjxu/s/wAYtRS4WOOI6UrqXZFJ+cAnnkgcngenB5Ne2w3DSoFTy3YEMCGVlxgEDp1bIG3nHA68H2KE+ampbNpaWu/st+Sv0as3e3Y6qEpOmlKTld2babu1ZO6j1001eraSto+ck8MadJM/ELISzHKqcAHJALA9ACf7wBA61mXPw/0G9V1lsrffIcBhAoZgOpyBnPvn5Tx711c7u06YCoobPlnhjjgsWAyDuOeMgEYHWmNqLowUDcYiwkbIIAzgcnv15HIxls8Ct7NpfJ/dbuu1+zvvq2ayty3Sdrp2s27JRu7yba3/ABu+h47efA/SJmlltZJLdi7HETlWUjjC8tnjk/KMAHJxyeZuvhL4q02OeTSddv1ACtGJHLRpgZCsWYkDtnkHA4IIx9KrewnyWbBDEsSSVB5HBIxg/jkg5xU898ohmWLJDgHAPyIO4YEDGcDJHTBOAOaz5VeWlrK+9+z01T1XTbrftEZRi76vyi7bpNPu07L3db3SW6Z8bXC/FrRpNsZtdSRG5RxiVtuSxYgckAntzninWnxP8c6Okn9p+HLlSScvAWA4JJIXud2M9sk+nH1DLbQyO0qrDG65JwQxLHqMD+8Twee455qNdH024jcS28LuoBLuqkggknCkFcgjPHB45NLkg4bK+utnZapa2vZyXba1+xdGVS/uu2qSbv2jq9XZu+yW/W54lpf7RjWaxLq1vqEEYkUOslq7MiE87WAxg9SSeccda/OP4qapba/41+Ius2Tl7bUXlmjLZViGweepB3YyDnuGxmv2Ii8I+GrwRLeWFpIGkAZnt4iJPmwBgjOcZ6/NnJA4zX5M/HTSLTSfiL8R7PT4Ugs4iTBCihUVWGcKqjAG7JAHpnnknqwbhCbSs1bXd66bP01WuvVpanNmEpypL2kotaNNXbTfK2le+qXbtdpnwrqIX+1LbPJEYAx0HJIx+ufQY5wCKLe3P2mUL8wLNgkZ+Y8ZOeFJxyB05xjOKmvVaLU7QgByw3YBGepx2bBHc7hjgENmr2nr5l1KrBeJSxJJBHfAGAe3BHPvnkez7O8Iu+6d1a+7Ss7tK9tUursldn53jKvJObheMotOy1u7xte73t5X07tHq/gPxz4m8ETI+kXr+SSomsrgvJbOpOCqqxwmc/MV4H3iSAufsHw540+HfxItk07xRDBpmtMoZhcbULythWNnckYGSQTGc9VGVBIr4btl278ru5HPUD0Yc8Ed8dB35q9efJcLLG7h1ijAIJDIWJGdwwQcjOMg4yMepyS05ZtK6bSatfTfolKzs91FptdtMFm1ajFqo1Ug0o+9q9bK2u6ureSSs9UfRXjLwdoOmXrQWU8sjRsxtmf5hImCVycbSQpBOM5+YjNZeiRpZaS8ZVViadxkbQru2BnG0hQDwemOwyBXmWlfEeWzvYdF14yXunkxxx3rKPtVmjDYzqfvEL93khuOD0r0vUmgsl0u3sZ/tVpqEi3aFhsOxugbIODzzkkEdsACprT9pTlBpQkklLs7Waurfi1fta1j2sHUpVqsa1NxUdbxfS6i7u7VkndO6dlu2ze0zdJfQ7gpcTQBDxhskfKSvBOSGOVPTGMcV9caQNlohZc4t2VVCblTMPzYJOGbnkcZDd+c/KWiSI8pd0VGhuItoK5BxjaABgjG44PA4yQM4r7F0RnfSV86CMxxWsu1t2SxaLIBzycbuMAEY9q+cxacVTk1e8rppc2l1e9vPyd+m59Ng3JylrdOL1Sd09FqtNOZWvt16ny1+0naxrb+C5VAIfw/dFgBuAH2iTIbBOCeDjkA9cYr88PE6sbmNlA+WIYzx1cDgnPuD0OMDac5P6MftGS/aLTwohiCbNBuipGfum5fPAHYL93IJGSBkV+eXihgrxjgbY0UfN/tgZ3Djqcnr6nHBP0WXO+HUbuzgtbbc1mkk+m+nLburHzecXdRtvVPW1lpeNlor3Wjst/PU4eKWaG/hmheSGWOaFhLCzRSxnI2lZEIcHcNwHPTI4Jx9r/DL9q34h/DSa20jUrhPGXhd0SK50rXUFzItqQC4gll3FcLlQPmJGOmM18UoQ+oEAfKGjJbAP3SCDgnB746Z6jnAro9W1GD7dBGvyuWRCSSAoC4IDHBwTlsdce+BWkqavbRp7PRp25b327ra3W7e55NPEyppyhLu2ndxdnG6ael9LW08ulv1x02w/Zr/aVtTL4evLf4e+NpUJOmTulvBNO3DKqsUWUF8EHK5wPUV87/ABH/AGbfiF8NZ5biaxOr6OjFotT08CZWhABXPlhlBxk4AIzkAg9fiexuru1mElnNLbT27h4rmAvDKpHzKRIjI2VwGU5xnseh+zfhP+2L468G28OieLwfGvhgKkUsGo4kvYoOm2GeQOCApKgEHIA2gnINQjy3Td9dFLXrFO0ls/XR2WqsW5YXGJRqwUKmvvx0s/dWrejWmz+7ovKrORkSWC4GcB9yS/KyPg5DbwGyOmMnk9/mrgL7T1kvvlBQuzDgDAwScg9MtySeSSPm4Ir9Lj4b+AP7RVm934I1aDwr4sMYmfSrkpaymTgsipuQS5Y4V1xnsAK+Tfib8DPHnw61Mz6jpM13pseJI9Ts1M8MkOCAXKAqByTgHA5zjOaai7qUPe5reUr6JJJtp2btpuctTLKtC1SnL2lJtaweqT5dGnu1ZKXfQ+UdS0+SCR12lQJGwcbvlIzyB0BUdSTz96sqKIeW7ysy7RgA9TkghsAcjjGeOuO+K9BuJYnv7kSLuXIURSrtI5weCAQQcZBB4yCTjFNm0ywEW7cgYsSShwWGOFAOTkdM52k5z05ftdUpR5pR0bts9O+1uqtu9exk6TcXaVvdu72u9k9Lq2+rSSXZ7HGWfmrKJk4UBVA4LAgjkEkYGBx8uSG645PoFpf3ska2/DRkjc7nIHAIChsE4zzjIHXpXPx2VpGA4l4JdRkEHcCMHaSexAGMnrjirdtdwW8RLs2S4KYbrz0IP8Py9SeD70SfPH4VJuzad9koK3K3bS2+t36DwzcJPnXu2VndLX3bq+7W+7tfdq9y89xNAbhWhVP3MsYZlxncvUcdD2zjknOQDXg166x/anwA5uZMgYGPmJ4x3B4HcnnGCDXuM92LiKULsZ23HJbLABSe+3cABg46E4I4xXz7qs+JLtDjIuH+bnk7jwR9Tg5PJBz3rkqJrlVrJtarWydtbX10TtrZXu9NuuhKMpVNb2cUpJrf5rtb5NpXsTQapqVm4ezv9Qt3UKVMFzMhQcnPD7Rg9gACOMZ4XuNI+NvxU8Nuh0nx1rtssSgopvJigBHQqWBOAMcnoD615Sbpoy8jEBkVRgDHB6AHuAOcA8Mc471Te9QuQ+QFUbVJHDEZ+bPJzjHOBg5BPOCG/wAUtFortX+HRLs9VfzXa50KT05W03slt9nRX0bv2/RJ/Xmh/tr/AB50VgX8RLqsezlNQgWcsoJIyzZUbtvJOehAr0zTv29/EcsJh8VeBNA1vcR5kot7eNmHfAMZbDYJxg5Oc5Jwfz+8+ErnKMMDBz1PfjGCBnBGSCRk5xgzGS2xklXGzcXHAU9vQe2D268ZFaxnNWcZPt9+tn32+63V2F7Sadm7+b2ez0at5ba6620v+j0P7Uf7O/iVPK8XfB+1t3l/1stpbJuBxy4wPrg9DkYArH124/Yu8V6XeXOlNqPhnVjHmGJQyJuLDKqCOeSR2GFIye/54yTQle3GCBhuefXucZUYGO3TALN0LuVU5YqWQAE8hSCM5z8uRkbhirU6kfek7rq3q9LJJa77bd229xe01S92Tbi0mt/hdlJ3bTTV+97bN2/QfTv2f/2d/F1rb/2J8WYdMv54ldor6ZcLIUwVIYrjk8jsd3IzVfUP2Irq5UzeEviJ4e1iPOEBurZWY54AAlJwRjn3OR3PwCCyBZYZGjY8nY7K4wf9hkOASee3HbJrYtPEXifSQJNO17Vbbow+zX06kH0A8z6g/wCAJG0a13d01LRWSsld2Tbd76tdbdrW0UuVF6SpLV3clf8Au3e1npq/Ltc+p9W/Yy+NGlhntrXT9WQksBaXSSu/I6KhI4xyMkD0715zqnwD+MWiswvPA2rPFFuDvBAzrtAHQqQCD1znBPGTkVgaL8ePjBoTxy2PjjW1WNQFSe5klUYAIDBix9OTnnr049a0n9tL41abF5dxqNnq0b/fF3bLIW55AZgTnBHbPJ7VTrU/t03HXVq9re7be7T+XReQOnhJt8vNHSK31+z5aq/Tp01PAb7w34n0zjUPDus2oTKhpLSbqDg5ZUI9RxnNYTtscCWOeMjAYSRunOc9XRSCMdOf4ifb7Z079ujV5PLTxF4D0TUo+PM229tmQ9+seRngn0PHfnqYv2pP2ffEuxfF/wAH7CN2YCWa3s4ywBI3EFAoyTyOvHTrQp0mrqo4ttaST6qLtfTX7l8983hqTScar3Vnpe+j16euzV30Pz781JMgSRsAdyHIVlzyQDknnG3bgEk5OQxAmLR7MKqGQLxyuccDdn1xjj5c9OK/QW4v/wBh3xiGWKyv/DFzMRjynNvGjHk5O4gYY5BHQ/jmlefs7/s2+Ikjfwl8W4rCSRf9TeziUIW5GSSMLkjJ5wAMg8irtFxVqkG7Xt0d3FWvo/Tf/DqSsHJ25ai1Vtbp9O7s9dr/AOZ+eOqR5tEkUDO4ZGckljkfKORnOMj+HnJGa55YmXcSWBOMgjkHngYGCBx7Y69sfe+ufscax5Ua+FPHHhvXra5nCwlr2KN1UDCFsuxBJ5BPIyAoz04PVv2PvjZpjjboFrq0SrkHT7mOdnUcbtqkbiwI7kZ3Hk4NcSo1JzbUZNbpJ9NFe39Ley6HS4TpQiuVX32ve9ra82jbTe7V1ZK6bPkpYJZCwCZJwCw7kn5ck8/icjHQDPDXhmVgSpXbxgD5uOT6YU4ODjgHtzXtWq/B74l+HXf+0vBGuWgRyN/2ORo9q/e+ZVORjJBBAI6YBIrg7vStTtneO80y9iYnDCa2nXAGd3/LMA44B5zwOh5qvq9Tlu4S73s2vJ2tdatGDm1L3o21itVrdcr7Wt2SS3dtEcxBcXMf3S4UDO08jAHILADJOOpAyTwD22YNWlihMUkW5sYWTIBG77xJB5xkjIHQ8cdaxTYxjCshBIIdSFI7AghSAPTIz9QQV2Egj5SABzjO4E8knPAyT7Yx06A9nNRsnbV9Pua1Tu9rNq3N/iBtPqm9FpdJ6K/Mn0W6fK2+XV7GimoxsBw2QPnDHO7PXJ7dT0x1OMdBfX7JIF3EEswyoKsqg8k7R97AHTHOcZB688YyAypheBxhsd+APbkfqOKFLcBcqUPJwPrwSRljzgY4OSOSc2k4pJp7Wb2baa1d91bu1q3q9SLKSVmraS12V2nrbZ/JbbHow8JaXc2MlwLhGd4iyImFMRAIPGcnA6ggA9cEYz5xd6U1u5gUEhnHlt1LA5AzjIGSOnQcdACKtrqF/EQ0MkgbGw43DHb1C9z0I7DkdIPtcpkR7neweUE7jgYBP3D1wfpwOADWDUldtJx2St8L00unbo1372Zuqik1GK5WlZtLfSOvzvdWXz7g0a+iUssDFMAZH3SDncwz97tnHOfUnBpvbSxN88ZGQN2AxG3HfA6fUYycjHNelW2rW4hMUpDRRKSCB8wLHjj+70HU4/KkWeyumYFIs5CgNtDDGBg8DgjqncYPc1SSaStZ2Vmm1bVb3vb4m277W90TpyesW2m0ndaPa+17pWWvfrrc8vY4yGXbxgDjIz3bPc5yMdRkZGOWqDk8rtAAGTjOenQDdg9CQBnnAxXps2gWlzkqytu3FWjA+XOc5IwCABk+2OcAYxrnwjJ5aPbyKV3fMHyuecgDtg4z7npnjNJS5dOV8rWis3olrur2aV3pbt1acJRerun/APatrra6bXyv1OKlLcKM4D5UEccD8evUMOTwBTd3XOSSDnnsScEjHHoP8mtC/wBNubR2SaIJtwc5GCCHzt7kdCBnIPUk1lghRwcgHHBw3JGPUcg9M/jyKxad7v110enm/wBL9Bt6tWsl0t5L7un+b1Yu4hQuQQT+HXOe/wA3JA9MnGOQPb/2f5WPxK0KOPBIMgBYH2BG4Y9SDyCPqK8KZi54GFySMjPHbB4yc+xHAJ4xXtf7PrOPib4dyrN+9kDDAyVO7cQfToARyOeRkg6ULe2p325tf6/r/N8ra+JK7XW7SXLay82kkr7va9r/AGL8S52t/E1kqk7mik3FMBclhn3AJGOD7nkkGtod66qfNDPncoxxgb8k8dMZ9ucAnjbVf4ruieK7IKzIQshYMM4y4JXuWBByePYHPTJ0++aJiUX92flXJGB0BCnnk49+D0IxXdXShUbdrWtpG71SvdX2vZN66WtsbUpcz07ptLZNqN0+zvu3bv0PUob2N1VtwUqDtkIyD2wMHBwMAcH6c5q5HdRABWHzlskqRh19G+VSBtxk44yScduIXVUVFVIzuL7So5UDkEk9B1AO7jOATnpdg1IGQ7wynbgqc47ZAOCTwCehPQDgYHNzaptJ9979O/WyV/uavdLa1mmr3091p2drbrdbR36dbM6aZknUENtdycAcqqg8oCPl5HJPbdzyKidQXUKE6gE9gBgMu4/dJI5Hdu3WqK3NuPlRwC3zKoJdSCMnpuJyT9M8dSDTvP24jTbsVQwYngtkk9eAeegGDjuSSZTWr0b0at1+G7avr83ZJ+Z0wmtE3d2fS9tFvZp3etr6btW0RqS7t5EW5UOMhCWBYf7WQMnPOMdAODzWxbXJhQK7TKcHdgnarZXDDnqec8HHTknC83HNKzGLKlQSScqCDgZwe/JyuCDjLD+8bguXARQGCliCzHcu8ewBIHAOQuOPQ8xyptaqKeqstNelm1tsmra20trGot3bUmtXZdL6a6rZJdXo777mjqOoTNGEDHI2qzS5LYJIwuM8AEc5P3styQDwHiMtPpl8wtgc27ptHO4jqykd8c8YJzggFc1v3UrzBt4LAfJtHLnb3B7Z9PmO0LgDGDyniE3iWVwYvMWP7PJldw+UsMHpu5By3T0zjOKxfxX9pJapLbXtdNNtbX1aTtbU1nL3ZN3typuy8lq732W2vlo7Hqngm30e+8APb6m8tpYxaVKLqZeojDEOF6ZGDnbk4Ixg5FcNpnwN+BviOIPo/wARTYySu7Yu5k+8WJZdpZRjIO3PGcZPOTt+GjN/wqXUHjQBhpl4jHdksgUkk+pDHr6jJx2/NK61K6tru4ENzNCBI7gxySg5EjYACuAFPJOMZAyeRg9cpujKEk22krrlsn8Kva7W2/e12eTV9lKDU4KSlfaOtny9L2bXlqt9m2fp1N+yHFJEk2g/ETRNQjYHyo/tcKyMSMgFQ7AZyvOBk4AGSK5u9/ZT+KNmDNaJa6jGg274r1CzL2AAbBzxwMnOOh4P5/2PxC8Waftez1u/t2VxsVbicAYAxhS2DjGRnBHXJ7el6R+0l8VNKUGHxXfyKu0rHNLI42cckZOQdpGM9clu4rpp5xXpq1oPSKs01bVfJ3v26X62PIqZVl9Z3dPlbtd2s72jvq7bP/gJJHv+ofCD4t6IQ8nhjUXgj3EmNN6kqSM8BhwBk8dd3PpxN0PGejb/AO0PDt5GgYqzz6fJwDgZZgnT1xuPbvzo6J+2z8TrJootQuItQgDDKzRghgM5DMdx+YAjJ65H4euaT+3rBNAIPEXgjTryIttkYwwMxPJOSYzxxkDn1ABOD0wzuUklZpJWet+q0s7pR0te+9zhq8N4Cq7xnOLvdX0s1bsrJPXTXXve585TeMIwrLc6TCGAwGkgeMqM4ZiGQc5B7jqDnnFVP+El8OS4SWxCMD8xiOSTwcEE8A9OATkHrX18f2nf2cvE0ca6/wDD6ztpWAErJZoOSOSCoA65+uOcfKKrtcfsheK5dyqmjecOPLm8jYxGfunPHGO4wPQGtoZu023JJ6JX1XLpvbq15d2r6HG+FqG0ZKWqu9/5VfVdO9rfK7fySl74auASsjRMzYCnIPJ6gjJGepznJB7GqclrpU27yLpTluQ52segGW4C46YxznHTp9aN8BfgN4gLTaB49ks1HAjkuopFyxLDguMYyeCeSR1yM5Fz+yAl8kh8PfEHT7lSS0ENxLGjMoI6kSHg8AHtz2AqlmMKnWHRdneys7X669tb6boy/wBVnGUeVPVWTT0tdX2tZ7+fXSyv8Z63ZssUzROJUVSMqwydw5Xgk4HGMg5OOhwDheE9PeS2unWF8ifGVUkZAxgg5J+9yOwBU8V9Yal+xx8YLdHm042Gp2yqxP2e8Tc4OQDjJPzdwx27vUDnye1+Dfxj8LfbEk8Jal5CzP5ksVu00ZKljkMrHrjOcFue2RnhnzVa9OS2adrNNXdtdL6NX1equeph8vnh8HUoNXbaa36cq0/w27dHfozml02RFIlh+bGQxB4HGQOCC2ByCMHkDJJoNt5e/MYQtggt244OCOd3XBxj5SAxGDvS3HivS1aPVdBu4mAAxLaSq+M7TlRGRwe/Ax9KgHiy0dGS7011zhATE5KnuzKwUgg5Hbv0IArqjTlZ7WtZ335fde91d20v1S1tY8+eBlFr3WpaJWV3dW3aWnS+2mxzk0BA3KqhmB2gcnAOSeScHdnAA449DT0gVlI4U/KSC2WJJyflPXODnHT+LniumTVPDV2F8w+U27+JfK+XOfU8+vTPOasRWWizljBdKQ2SMOcrjHG3cD93HfGOQDTcU7XSdlZddFbTR9L7aerVkYvCTgr83xNN3015lbSUbbvW+nZrc5T7OVMjMmAmcMGxsHA2r2z0ycHuTxU6x7Ykfco+QbFIyygfd5ySPQkgjOf7wFdV/wAI/HIjyRXIZTjbkAKMgYLHcSuerHtgn2qRfD10iM5aORVYGMKwO4dg3I7jI6nnLA98ZLW9m9LtK7Tu17qsreffq+5VOFSNk+VtaRbastk29V0S81rrqc7b4cs7LjBGCRycc5wQcNgdcZHI64zsRAsGbapwuSM42Htkc5bHTjr+dTDSXhYsYcFgzbU+YqwOOOOcAgevvyRU0dpkPuYq2BhQCSvbLdOgySec9skUowbi7Jxd9E1091e9f03Vt/W+6dSLS5dPtNab276Kyvo3p5XZy2pAqWAO05Odq8kdeeDx1GMAbj14NedRuX1idZ5GRH5Zz/BgDDggYyOB16AtkcivTdRgmVpsLvPJGR8hXncyjGDyBxkYPIz0PnUahtYuYCqHKEnPIAU/dzjGM5PrwMZ7c2JhanHVPS71vdX1u0lu1qt766dPRy5t1JrXVJX2vZxTt8rvW/R3fun9Hh+FHg2WYXDaPpwLAYVgrEZGORuwCT9eoB9D2nhr4QeDL6YLHp1lGMx7ikY5BxkAZ7Hntnk4GcHl9Z8QaX4fa5nllWZYYjlmlOSSD8uBxu5Y9eMA4JznxvUf2otJ8OCdEuUtJoV3JFEQzHAbaXxwMj3/AAyDj/KShk/F/EFB0ctr4mc5PkUlObjF3W7so7X0vJ2t1P7kr8QZFllbmxVOhCyu/di5J6JpycUm7aJXlqlbTQ+gv2kvh14e8E/D6G70S6hg1eEedF5TBFRYlJyuGyJFwMcHJBxjGR+M2qfHn4tS6ld283xC8R/ZN7WkEA1C52JCrFAgBk5RQQAq7R6jIJHp/wATf2mvE3jy6u4bm9mlsYUmEULs+zDD5GxwpGOT1BGMn5TXxnHfTX+oB1iaR5LmQ4UE4LMSMADIIJ9e/TvX9QeEfhfPLMrnHi3DYLNMY63tqU8TQp4idFPksoyqxcoybSa5GrO3qfknHHHkcdiISyStXwdCMXGUaVWVP2jSgrtQa76a6XbV9n97fAz4daX8To7/AFnxfrl/qohYhraWZ2csTne4YsSr8jB25By3OSPr3T/h/wDDrwvAiafoOmwmONSbmeNXl3cEZDDq2PvDH8W4gDB+Nv2bvHtj4IttXsL6N2u5wHjBXJLNzhgc+o+8Tzn2A9Q8Z/FzVtRmaCwtEgMyosAZcMOpDnaG4OepK9yRgAH9+w2Hy/LYqNOhRpxha0IU4wjFJxSSjZW6rRNXa2tZfmlXGYnGOM51KlWc7LmcpS1k4qzd73v1030fQ9tm8R6LYTPEJrZQjIuy2WOPaN2RkKAOuBggDPXoTWPqviy0mjZLRhKQGZ8y5CsoyNxyABjkNjBOBntXxTqni3XLS7e5uZZMCUeYqoSHI7bhjcS3fpzu6YNc3q/xA1xY72NLkWzXEQCQoCXKspwoAyVIDAnB56Dpz6Czik06dKMbPZpJ6WWibuk9knur6KzR5tWhXs3OMrJ3dk72drptu1raLRtP7Njt/izrk3ieNUmuEjjs3kQp5oUSQpkseNwJxgDJOOCQCefjXUtbUSta6U0iwpcEOY3Ib5WJwCCSwJGcbuCeOlaHiXxDr9zELN1JBbdcSncrc8YduMZBzwMHOCDjnzaJGs7xXlmTHnZVVORxzluoPOBg9OTjGcaUXKpzT1fV6p6O19Gr2XW+uj268Mqk00pR0SSe907Lq1s1dPVbJdT2vQodV1m2hjm1F7OOIEQxSykMWJwGbJDAng5O7jrXpWleG9B0eKK/8R6750s8qriFvMkjCn1JJztXAUdM4b5vmbxDSJdX1eWCDSYrm7nnlULb2UMs8uWIUAiJSQGJwDgYJJOBX1XpH7HH7RXi7TF1LR/hR461KNI47stHp0wiljcAo8fmCMgENycZyBzxx6mHynFY6nJ0aFWtaN7whJqPwu17WtZ9t1o3Z282vmuHwtVKrXpUXtFVJxjz3tsndycVtZd7paH0F8GdR+Fs9+8GjNFZ6lAsc0v2sAXN2/Qbckbs5yBggc4DE8fZUTRXCxlJJHiC7grZIYj+AAAYxzuxwMEHnNfC3hT9kP44fCjV9K8SfET4d634WWeKK7tTrDpBBdQIQwU5flxgN5Z+baCPWvtnT9QT7HEJPIg/doXZZFI+YYIAByQM8njtgnOa+HzbL1hcS41Uoy+1Ga95SVk737ebet7rZH1OX4uNaipqUZQfwyjqpJpWd1dKzd9eq80XiqqpYKcAEKoII9MEADJ9eg4wRkZqjLuU+USCzbSAnX5iQSTtAUg55OfXuu6O68QaLbbgLlW2hSzLliScAqcDAz6g9ARgZweUv/GI8w/Y7UFMAq5weMYB6c/h256c15DxOGo2vUgrJXjf3lrDS99Y6rtHpbod81Oa927+Htola6T969lotumnVdBdXEVvGWdlSMjCqCDuJxk4A4zwTnIHGSK858S+KdO0S0kudQu0tYEjaQAEFm5JwMHOe3T5erdQTiax4j1iYB4o9/JKosZaOMkcAHoeM5JOe3TOfFfGtr4k1O1ubqUR+SInhk84ALECpJdVYkYTHDHOfxrppY/Cz5bSSW2jb2a7NfdfTdtlRo1UtYu9ltFq3w3bWl7trq9Lp3Sd8zxD428H/EGWLTvNaays5GuJ4rqXyRchGX5RlgCD0B5AAwetfH/x41/R7rVl0jTY7OzttPTdbQWaoynggpPKn3zEQNpzyTkfNwPQvhZ8APij8cvF2q+FPh5bS39zDHNLcaj5ostJ0+2iBd3uL9gIogBkqhwXIxuzzWL+0Z+zn4a+Fo8MeGdB8cTfEL4jXESP4v03RoHnttLv532w2EM4ZzcyBuGZewyyjg114fFYV4yFKNXmqOPP7OLb5E+XWSV1G7Ttdq+1mcWKhVVNT5LRcr6tbLslblduqtqfMHhbxM2irfSQAQalKrrBfnIaBC3O1VOAXxlep+6eOlVtR8QajeXEk15rF1dMy7nZ7iUb2Izg/PgAZwBjGD243Rap4a1Lw1qsun+IbY2F1bwhprO4TE6lhuj3JyQpDDPJIPDdq525aW4gldJYFVzsAKDcVBPzAYyD3wcMRgHJOa+hVOnNpNKTtbZJ9N2mt2tO/d2PJd9Vq9t791vsrPa+/TaxNd6gr5CyIjthgHfzMY5yST1wMkZI68AZxTluVlOIpJGfy2UbT8g7k4424wAQAT0wBXMGVEuHRXw6jDOc4IHuQM5+hz1zgZEqSNuyspGAd7AYXB4+g468H6567wpU4q9k3by0aaaXa6tq79Laptmafr66r+t/W69S61taxxZmkieTzCxjXKsVznLHd0ABHK579iKo3GoI4KQRRoq4C8A55xkNn5SfcHnPOcYrzSM0mMru24JIJJ68YyM++B1x26RQpyUYAZZmyRgRgjBHqeFHJYDselaxurpbdH/4Dfpo076Pd+jBvu0umttNUuiWz0f3aHQW94YocRkIwALqF3B3Pbp1znIOfck8mGzup2nVg7SM+cjB2qwO4ZwMFlyMjIwMc44qEXNvbxmOIF5m+8ThlOehzjkEY9DkgD2j090eYgrsIZi8gXKjp0z1JJbPXk4PHFQ4LlbaTu01sm9rOzuu1k027WsV2TSW19X2S1v5dba6b2Z1KR3MqNPMCGLApglVIHBbjsQMADqcjPGRmXVtcXLSy+YVKfKAeVK9PlGMKcDpnOCCPe7cXqvAqhmVshX64UZ+VQBgEscj+8V6jsZbd4lxFO7+SU39cKvyjBB4LA9c5xuzxjrzKLWvK3a272b23vZ7v5303IS5Hp0SaV29/JLZ7+T2SHaVG1ujHEruu1lIJUKRglScYI6E5wMnjBrXube/kLIU3m5Cvt25ATB4JUfmcYHIPTcbNjqenWqyqluZ4mxlix3PJxggEZJ47nrkEnIrbg1aS6tpHaDyTGhVGwFWOMHg5AyxwMY6k4AwQKxm3FuyS2srPZW3XdrZpXurA07rRrr2uvd1a01tor72dzlm0uRLbFwjjzDtUoBww7DjAXA9D2J5zXH3WmXltI0gWRhvcRBSSxUk/KQTxjOc47kZ2ksfRbi6DzQlDJLGikOvVc5+Y7sHBzkAk+3sNiPSoGtXuJ43djiVFxl0RuckDs3GCTxnk8ZDWI5GuZLl6pvqlFLa/no+9tildK177KysldcvLrrZvy23astPHrcXCuAdzFWyWxxGCAMk9sdf7uQQSG62bZTLqdrI7ghbuDBA6HzQMEZ4IOSQ3T27d/dabtUy2tmAJ1JkcAMoOdzeZ6E8njqevtx0B8vU7eN4kXN5CQF2gZWUAk5bJB3evQA4AAx30JQnrpfbdu6TjaN1o1Z9db63ezuCu0rvWy2dtWrRb2s9L30Wlrn7f+CBI3gjwsxYll0i12KuAxHlqMHA6Yx0OMD8D2QQsgLD5kA2gggDjn64B5x3yOtcx4PBj8F+FSVAZtIswCpXC5iTjGcHPAx19x1G9vZgBlgFznkZY7SCAMcYJGCe2OvIP0VKPuq2iajp2ei0XzvtZppe7uYVYvmd3por3V9k2nb16XaXYzdfEbaddB1GWicqwOMkDooB6NnGD19+teN+GWkeW+hAKuZNifMuEVWbAIzwMDcRnjOGHp7FryO2nT5AUCE4LKd5GBj5hxtHB4B+Y9MYFeKeGcR3t4S5ASZiVz1LEEA8565zgYyx6Y40qwel5aWV9dbe7e+qu7Nvqv0UXry21te73s3/AMG6el9Hpe56R4UMdvqF/lQzgYD8oAfmJyeRk/Tr0613hKkT5P3yQdpBGSo+bAzuyozkHg885GPPdBZ1v70FcB4wQcjg9eenPrjPPXpXbpJ5UbBgzAqT7AcZbOCOCR0I4GS1Xh22opXutu91bdWW61vrta2gVPhad7b36O9lZ9eu/Z9opEMbFXVMktnBbHAAbhgOccnk5wM856DotMbfexhnIKOoyxUhix5IxgZABOT3PGc5rl1kRpymQrHcBkg9Rnn6HIx2yBXQaXDsu7c7susgBJBAZQRhuccjuD3x97pXv4OLabtqmtHtaytvZpN3avf5PQ8GvJxqWjZ/DdtaLRNb9e1210te57H8scKEBS6qF3c8kgcheOnQ4wAw9qjaWQh8lcbfmCkfMTzgDHYAH0B/Vhk3CIEncqjJU4HOMH02+p9jyKgLA7Wx1JB3E4JBzg56A5/p0Ar0lbdNW7aaWS6+V31a13Qe0ckk76Jpa7Xs9072eqs3dLsICjjO7pgNk5Y5BK7c8kAjgr6Y4pzLHhSD1bcoIIweoByPfjIHbnBxTHkG4lVOQQxxghVGcZbkMOx+UDpx3qVpUZehX5GOT6nqBxjOBnOOmcccDWnfXyta3na/N3SaVr9FqtrY1FZXbv0fr7vfe9lr1XTZDclw6pkrnOdp5AzwSCT2PfGM8+uhpTSPNEi4GxlPIBLA5AHXgqvAAz1GDnistJAqs2XXajKoLYBxySxPAI9D3TI6g1paTIqzxSZY/MOSQSCTznI7Y9WJOR6gRVakpc2lo3Tskkmk+1n1131sKlrOCTs3KHbur7LTf169LH4//Hm+s7L4y+N0vnki3XysCrsrNuUbeQc/TPTknHUeA3uqaYbjzBcLIWclIwzEn5guJCT8x+XBJJAJHIxiu/8A2s53Pxu8aiPIP2uM4POOF5zyMgDg5zg47nHzTbCY3CnLPtO9nbOMbiWyScdR69AGB64/IcXg6csXXqPeVSUkktFdr5vTpe+luqPsquJlCjToppxhGPW1rxjre3ovO76aHq8j2V7ExDLE2xi6Kfn2gcZbGd2AOcdcZz1rj5bD96DFJthLgAuwU4GAcnqST0ABBxkY7VjdSREFWAMhwdmCRk7cEHls569wTjPVpJLmcx4fkxDKHoc9wARncARtx34rmVNU9ItNbqy2d4vVrXVatJeV314Pacz2d0ktlq0otaXTV9NGla/yLoiklmEEJOFKsS3J4HzEZPA4Jzxk8DoK9X8E+IrPQmeG7jEgQHa7vtCyNkAgjgKBjDHqcZGTgeG297cJJ5hdlkC5kJyDtz0IHfGcgAZPXkgizPeG5ZhHIyHAZvnxu7bcDPODlc857YxuyqUIV1yTWjVra3abjpfvfVXTer6ba0qtWlOM4y5ZJvb0TWqWq2e2j1vomvfdV8dwuZ/JMTySERmZRwqc8DrgjgZHUcjgA1p/DzVLa98R2FzqohubW3mMuZW2h2RjtTcxGNo7cZ44PFfNiXskKICCylgATyzNntluAPc+vUZxp2+r3ESJtkMeHJKxkqQMdSFbryykDrzxjmqwuGpYWUPZxu4uMm2krNNNdEt9lpq/UWIxFWtJupUblJbNtP7Pe6aS02316n6N+NPidoVrZvG16swvLbyorS2kVliKgBUYgglgAARxgjGD0PtPwT/aa0nwX4MhsL3Uxp5a4zHDPtxsLffZtx3cYIAwcgnHOK/JdPEMUoWCVJJFUlvMLkksMkDLc7cHGAQQcZbGRXRx+HvFniGyW+0vSL2509CApjid0GARgEHb1PTHOTjgV9nlvEKy6qq8acJSSUbTlLe0ba+7bW+it9yuePWyn65TdFucne7cJSb0VmnZLq29tdG01Y/Zm9/bI8HvI0ieJEYxlRKCwKE4wApGA24nGeDwMZyK4TWf249KtJ3jsVF6I1xEAhKk4yCWPXpzjdz+AP5//CP4JapqmsR3fjPTb+DRN28psaJpHXAUEMAARnB+Y8cjGDX1tdfs8/DTVtsVilzZKrHdN5meAB91j145bnBx07n2cV4l1qcE2qFKT3tFyaiuVL4k/O+re5WF4BeJipQjOUeZJRnJ8zacdNUrpXvv+B2nhL9tnxJ4q1yPR4rCO0SVmMZDBdwwfvDPOBngDqMYHFe2H40eJrxg7llHCqAcbT3PDYKnGOeDt553Z+a9A/Z88K+F9UTU9Ku53uQMK0zFkRu/8WARjJJGOnfNeoHw+0RSFrklFXe0qncucnauQQTxngjjoT1I+Sxfia+aU6te8n2SWjasktF59db+SPssFwDUjTUXQguVxXR22sru3S/fZ63ses2/xX8VMhkgnQuqlRv++B/ex0I6c9s5yME1MPip45dXkFxtO75k8vOASMY28gehz1IyeprgbTSbhYk8ub5TtXcAGY42lsHjjGNw4IPTmvRdF8PT3a4eSMKCuGbAYjoQVOSoP5kE4x1bxq3itSpWbr1G1qrXSunHfZPTa6V3fRnv4Pw3eJ91U6avZ2ajezaV7euz1tf5mcvxM8YBwZZtxAY7m+XJ5IB4znPGOScYGM0o+IvjOTAXLIWPAjKv1APGckA5IyT0ycN17mXwRHGjEqgZlDCQHP3ckhVyT06hR94gdzl1v4chRY5ZZEURts2gBW2gY3HAyM8EZwPU9q8qp4vU5Rko1KnTrK32N+19b/lc9mn4UqnKKnCkl3SV/su+jWjXXfslucZL478Z480SRh0UEblYsBjOMDdzknJJ4z6nIy5viT44ijeTzUQgbsbCGIGegbGAcZGDxnnpivU49GtWdpTGjwLuXJZcsMHkDOTtODnAwcjkjFcdrVrp8TKqLGrOGBD44wdxIHOcgYwDkjuQSK56fi7OUlFym2tdL2tpro7bLRNFVfC+hTi5pQlfV6a/Z01a1evpsr3ZyEHxG8b3JDpcpvJPyqpJA6Hqep9M9D1Ixi0/jrx8zZDEFcEfIVG1jjKgZHU8e/bnAtWE2jwyrBL5KhtzO5AUAsO7YxgnHGD0zz1PVJeaIzIscsLvtIKb1IxjqOTz3A49TnPzdkfFvlcVJTcbJta3V+V/fprdpO1vM5V4bYdxbjOmpXVldJ291N73sm0+r1d0tzz6Tx748RlkWfb5fH3cjI+YkgH0ODjJ6ngECsaX4n/EK3nDNfqQQWJxgEk5weD79uo2knivR72TRRIm1okd1ZdgZTvbnDMOxye55+bBOK8g8U6po1mXEmFcSYyj7tyk7skA9AT1BHIJIxXpYPxWo1moKn2aly2/lsuttNv0PNxXh1DD05VPaQklfRNXadn0TSu2r/O2uh0Vv8TfGxl2/bPnkxJgh1GTg444AxzkFQ3HUjjesPHfxKvWdLYzSo5yPLQgs27GeM5w2Ac8Eg8E8V8/t460dJ0je4KqQyrMzAKASQEUnnnA4Uc8FQOQfo/4S/ETw/bXdvDJc20khKhvNKYCFeGGRxjkjPBJ5XK4Jm/ibHBYWWIp0lUbWsVZu65ZW8rq2vW972Msk4Bo5hmFPC1qsaNNzUee6cVfl6c2+ve6trds7Gzb403kMZgt76RSoZVWItsBzwcgkHPryc9OBT7qf402HyPFqiNs2lVtHIHJzk8g5+hHUgdMfof8OPEHhe6tbN0e1j89UVissTBiehIbheODkgEYwOcV9BxxeFLgLDLa2L7sN5oMJ+UAclgPlz3Bwdx+tfmb+kRWpVvZVcA207JOUlZJxtfZarrts+jR+50fo55VicPCrRzWLlJc9vdfvPlW11dXStsnqktLn4r3Hj/4tWAAlnv0ZMKxe1kwMZOWJBHUBQSDwemSarL8YviValt15MzNhiGtz8oBDdCAM4bkZPI7nOf2R1fwx4HvluY5dH0w7hgHZCWYYGW4UEnOGU5PGD7V86eKvhB4CvhN9mgt4yHk2pEUUISSCTgDA5JBJJJ7V9zkHjjgcdOmqkJUoz5eZuTdn7uj6pO+r9fNnwfEf0fsVgYTnQxFOvyr3Y2adk0u97q3dvToj4Psf2hPiVbkIJ1Yb1U7rdsqo7c5x05/zjs7b9p74jWG0iS0b5QCfLYk9uQCuCRwfUA4GOK3te+G2naPeSpFBGY1LeUY3BZiCeSpORnpnIHyjPJBrJTwTpM0BZ4YlZgCzlgGVjnvkEY7DPXJ4I4/UsNx5leIhFqcZtpODemmjeqvdddU9HufjmN8N80wc5RdNxlBvms5Xdkk0ndtp7J6b79Dcsv2tvH9oAzRWzKzAunkkDg9DhjyO30HYkjtdL/bT8cW5UR6TZMQ3zZiJJHTGTjbjHup5GR38vk+GenXUcbxXSmPG1j5igMR27EcZzk88E8bSKEvwwNgkk1vcgqMMOcqoPQMcEDcRlR9ea9Shxfkk3aUoOTtzJ8rbvbVczaW71TtpoeRU4Rzeg1ONKTitVyq9rNdVZ36LXZWSto/pDT/ANt3WRKTqvhWwuXJP/LJRj+8DvDZ5yOee2DwT1sH7ZPga6yNa8EaQxfPmI1vCGbqcHEeRk9OoAz0r4su/Dxt1jcQoZAuWkEgBXnqQemRycjPXdgkiuevtLtHGGtlMg5D7lPp8zH7oHQdCMgAnIAr0KeNyfFJOMqV3slKUdGkle1vJdDyq2WZnR/iU00mm1KGt0ldax62d9mra32f3dN8df2fPEkj/wBpeBNPSObAkSK2QN83BDFAOCcEdeoPSs64sP2XvE6BbfRrbSTKrKGPyGPJJGQcAbDjacE9q+JLTTLOzUO9t98ZeQPwCMn5ScZBJyMD0JHy5OnClsFBge4AdirLxgZ9SDwOfxwD9RYfLFdRrQjzb2le3wpav5aaau/Nbbjq4XEyVnh1N6O3sopxvy3S01XS19Nde30hq/7OXwS1qGT+w/FP2eYMXCR3MZD7hhAVPTG7n5u3A/hHzh4u/YYfVmuLrRfFqhNzSqk3KupBwuQ2COuD/EAOxJG/Y6TK8gmtbuWIRENKS7HjJ+UMDg8A9xtPXrz29rr/AIgsDHDFqVzLGSuwLMWXAydpBY44GeR91uMEAVtSwOGq+7Rrwle3u86dk2rqV5X0+TZxSwcqUeeph5Qjq37tk3o9Xotn+qvZHxvf/sN+PbR3aOSxvIVYmMxS7WJXvtJ6njOec/XBxX/ZH+KNnb3Aj06OVHQgASglQDnnqATuwCwz2GCQK/QaPxJ4hCo326XDAkE5IQE4yepwPYfMOQcYxTvNT8TTbkXWJI0cEEIeQcHkk9RuU4xxnC9OB2Uch5tXyystbNWd9dr9fnZrQ8DE5hRpX5ZJS35XHVNKPVJfftZM/Pjwp+xp8bPFfiO10XS/CTO1wTsuZpFjskPGZZJWYKqJk5BJGR6EGvqKz/4JvaR4QeHUvjh8WfD/AIaj3+bJoehTw3+oSovLwZidvKlblckHrjnv3N3N45tsyaf4w1aADgraXEsLhfm3AFNnDBgMA8epwCKVhpGmai8kusare3msrGzMdTuJJx5rf3UlY5LZyAD1A9fm7cPlGHoTj7anF631as9IpJP3dF0tfRpOysfN5hmuYVIN4eraLt/Cj71tIvVtt7b2dttD0rw0fgF8Ioo4Pgr8Modd12LaP+Ew8WwLeTLMvy+dbxSKUUKcOMg+oHPMPinxj458dSGTxT4iuriBFIg0u2drbToTglY4oIikYQLtQAKeoHOOMLw/PaytNZpBFE9tGVzwvnE5BwBgAn1HOMEc5qDVtbtdOZAiEhpMBVIYRsMgliQQQee4B7Y4NeypYeikqcYpuN48sUtmtt5Pptbzep8jLD4zFVb1HOpK925ylKVm431k3yrXordOqbzbD7NJbzQyGOCa2JV44wA+SOGPQk8rnABJAyOMjPaG0W/iuFZlvokH7zI2uoI+VsDoAMnJAwBnNYupaqv2g3tgNrSEC4AOUYL6EDBJ6nnIwBxXJ6hr7R3EkqMUkYKrIpJ+X5eee2SeACR0XjmiFfn5U3aztp96bb0Td07PWx2wyRtpq8U4pNWbu9H1b6pfje56Lf3btI7g4KMOPvLll6nkDBPZTnBJAByK+YPjt4tji8GeI7CML9qitJDPLK/lBI2YgJGWI3FgeVHBHJPUV6kddLQSI8uxkjaVZJHAChfmKtuIyOME+3ByePy1/aM+KN/rWq6jpv2pHSK4aBYITtJSPK5kAO1wWG5c5BA65xn5vjLOKWByudHm/e4iMqcbO2tlHu0nG6+zsrdrfacF8NKeZLETV40JKor3tzLl0Tta17Nq2lm0loeI2oh1HUmYbYdrpI+TuCRiTcx3kEZfGDjk4xwOnoHxQ+JE+oaPo+jG5W2ttLtUS3iiZN0pjwEZyOQxA4DEk9cZr53i1KaOE+Q7xygO8xzyAWyFBHDcZwMnpznmuN1K9vLr96+6QB9q7gWKc+5KgdMrzkHOflBr+cKuC9vXVRz9xO6jdtPVJuSV9++nXpdH9AU67p0eSNtVFNp63XK5XWj0SV02u3Wy3G8SXhvZJZXE2QoXzThePugZBGcKeQBwcZBJFYt5e+eXlEaIWkzJtAAxn5gD3O3bjHIC8kjgY8i3DsN652kcqCQBkg5PtnPoccE95o4n5gJzn5ixOABjI2k44GcE8AdBgCux4enSatZO1r26XWrSTvs2raq/qzmbnJ6yck99Fe9nZr08221e1tU52ljDM8e1QQFJDHjjBOc43cd93HGapzF1Ty8k7sEEjJJJ+b6HoB9TxzUUxIzGpCruXJyGw3IOT/EcY74GB3q3a2N5qFyIbWB7k4yflJXAHXP93HJJ6gdegO/LGKd322u+2ttr+q363vaGua0Y2TulZ2a3Tu4t6pW6K3re5TMQlKlCSqKDkA53AHIGQeTnPp0IUEjOrpWkvqEyqik4cByw4CswCgcjdknpjpkdRk6FxpF1pSCGYR+bIc84IUEHOR1A7A4xnpg1s6VFPp8bOFkWMjjHKl24HBPqSAcDkDBPNc1Su4waha6T5Xbo+Wz131V1fXVq9rBGk+ZKb3voumkXe2vzvHRW8zt7PQdO0aARXtwG3KrrIHwqk4KxLzjOepyTzkY3YrMvdXtLJZY7WUYmdQ43fdVSB8nTPUAtnvgHk1Uure6v4C00haYKGUsSNqAZGY+5HGOMg9Tzzxl1DLtZp90kgk4YnBUDIBIPRQOpGBjOT3HDSw/tZN127p6dFum9VdWW1tNH00t0zlypxjba6Ur6L3dkltftv5nRT665kHkXARVTasb8hj0JGcA9ABtGQfutjAFPUNUnkh8qWVGXaoVxg7WycjA64BAJIAIzx1rlbi2ukcGZSAy5344XjIyQQVJ64yDzngcGmDJKGEj/ACBsEHJBAH3jk8Y4PUZ75HX0IYehFq1na2qurrR/NqyvHV9bXTZhUlJpXbTdtE2vsxe1tWpbXl0tua1tPDIziWd90bEREElWJ4ALDIIPOR1GeTuPMtrBi5hhYb2lljKENjcGf7uOcA9BuBwc8DNZSW0sYIhcCJiCSBvOWwTzlemBjAOcEjg82rEvHdWjmRlKzx4lBAAVXAzyOoHAwARnHbJuEIcyg9E2ovtpyxvvb8bWSvvczk3GF2uaVrrVX7K1m93pey2v0Z9meGvhRqMmhxalc3E7Wd00atFAWYRrtyfMbsMZOAee4wCWw9f+Ftpo8WqS2Fza6gYLUTOVGxrVJM7gWP8AEPm5BOSCCBnB+4/g3eaFeeD9Pj1BxJYR6bHPK74ZXlCc7j0PPXk/XAwfG/iVP4HtdcutFgWWG11dTI8iEhTwT5ZG4Epu+UDJBGB0FfbPJsBQwVOuqkU5wV3JpWfKmt+jdtZK1lfc8Ghj8RWr1KTpuMYSt0TsmtbLWz6O776K9/z4IRbxYkkyUByTwC2RjDcDIUYPAGcFuARXVzW97cpawrGyW/lp5Y2kIduCZWOeV4GRxuPH0ueJvB9zo+qloU3WdxcFrRth8wxh8hGxyoKMccn5c56gnsNAtl1rUVhdmjtrO0KtyNpkAwY3J+6Dj5hzktgA8GvkauFhKpyqcUk1otLq61Ttour+TUWtF7NmoXjdX1aW227Xmld2SaTTS1aPGr/Tbw3QnETSYJ8xlQsqqpKgqcfKCvCjOcHBHSsx7S48syzwyIruVhkZGUEcglQ3BJK4PQcg9Dg/bXh/4cwW9pLLeXlgIL5GmZJApEUa/Mq7jzknA4GcEYzXkfxQs7Sy0q1s4Xha7jkkYLCqiEQFiELYGT8uCDnBByK6fqapUXNyjqmk+jvy2S96NrKzd163IhWU5cqTvu7re/Lo3prre1m1Z7NI8H0qONJS11HuhDbWiI+8D/ESTzgEdOuCAK2pbG0i8+5tnSJCwI2MS6AkEqG6lVHG4dD361hhJRG4Ul3Kht3opxnb0BI4B4GRgYya6LQPDOteKrmHStIs2uJ3TLkNtVAuTulb7qqMHg9B6g4rhVGUpKKad7aq71dlr1SV929Nt7o2u1aT07NvSzelrO7td3v0aOfvtswH2cyPEqgzEEsWcnGSAcnjknb69+tnTbaS28yVWKSug+zw7R5n3RwBnJHYj2OQMkV65caRp/hDSktLnTN+sySPFczSsuECfLvVSMBByd2DuPPPd3hrwbL4luLefTSkaWoMlzczqSqEnKgAdVBwBtzznIwDXVSy6rWkoQ96Vk7JPay11+b8+miMpYinCPNJpRurPZaKKTTbSejvq7K176tHit8995sUFwg2klyrJtweCd/A55xjj24OBWtYJ3nkKlkLOAiqOZT02qAxx1OMhfUEZ59D8Q6VeR63PpUrIZIpn/0hwELqpb5kGAcHHQc44wSM0WXhbbI12bmPYpACqPm3Y53KGbG08d/cAgivNxDWFlKE780W01bVWt5vZu11f1a22goyUZJ8ykk09GuX3bWbeuiV2rrzb3NE0SJ7qH+1ZJLaIyKY0PzAqT824AkegIJz6nnFd9rPw7vIp0udPukurKeBJt0cmUtSdrKJQvckc5wwyDjHFcjfwva25kS9aS5GBCgwdyEnoOccDkE5x36itbSPHeo+HbR4WjF2l2gR43BLRgAZIzkADOCQe3XbXm1pYiTjKi01dOSb0abVlZXu3d6KyVtmwldx2dlZuyflG1ttXsrLT1ZmXbQ6U0cN29wbqMncokYRyEZ2gEEZyfmP+0ec8k4djHFqF3OWJaR2Kxx5IIZhypXHJHZs9OgBo8Q+IF1t7a6lUpOmUCRoFA2g4UjPLAAgnPBHPFczb6y1nqDSmMqc7UZVAZCeTI3H3lPPfJbjjp00qUnTi5xSm7trVK9lfR283drtfTZKNvek17rjvslZWvfS97K+6PZtA+EGseKhcGS/SKyt4tzBpWMW4HIjK5xleSM89QRjFaGpfDbTdB0S8diHeNHiNzu2+dIFAUoe6LzzzlQOetWPAXjpxp+oadHO4a6wsjF9qsGPLDoxcjPfOeVx1q549l+16FHaWt3NKTCZXRMlkYg/Jnvls8EZzkE45rNSrQqxU3GMbq6utVeNumul73vfyuzCTtKy3730/wArbX6Xa10Z8ea1LcWNy1hLMxi3lmWNmICluBkZ3MBycY5OGBOTVHTrSS9uhDB5kibhhFUlhjnK985OSeeTnkiuv1Dw1ql08LxWbuUBaQvGySFRnk5ByRySc8kDHAwPXPhd4HY2l/q1/amKPZLHDIwO6MjO088KxAbBGMAnOd3Hqzrwp0k7xd9rJpv4LWadtGt7fht1RcYxS7pNJp7u2vRXWjd36u54jfW0+nGKGXdGrtubdjLLkZBU5wcg5x0PBBzxUa4iaRFRzgNt2p8uByT65BXqD0wTnkCum+IL2trqQt1ErvCWR2YkEuSSGUE5IAwT0HUcYO6x8OPCcvieea4mtyLO2O95pFZY5dvSNcoBk4xz94+ucVDqRjTVaTSTSbts7qL0Std627rrtpaUeX7N1az6291292yUm3003+eVHbm4XfGGRVYPJtUptHQF2HBPDHJ+YglvWmXVhJbshYb0nQmP5iRtC4VjjHb6A+ldjdw2dhPdWKl4ZJLnYImGVCKfukjHyleRkjd1zyccle3Uk+rpCPuW/lokfKoSDgkkk7T0JJ4HI6CphJVPejF2to9bWfK7u+l05N7Xbt2uSpaqyVnbs0lzL591ZeiejRr6Xp1ym2aRtsciKiknarnAUA4HQDk/lk9qOo3mpJcyQvMGtoH2bGb5ACRglckcHAJXJ445xXVNeyRacA8e51bbE3O1cnJwB1GMcnsQOMVBpXhfVvE115Wj6dc6pdXkixhLS2kkwC2CRtXGC+VB6HOBxyJjJSqP2lNJRas3fV6J6Xfa1+luqY6cHJpJtt62V1Zu266pNPprrbQ5e9sVvYHuhGzTxsOUOAYyvyseQN3fHPHXnrV07TLueZiwZA2z5NpyVA6oBnJzjoMe+c5/Rv4TfsCfF34lyWceoWSeF9LcRSPNdgpO0eBuzDwxDDoOeOpNfrB8Dv8Agmd8L/Bi2+o+LoJvFGoxMrBbiL/RXZDyFjZcbFPyrnPoCMkV30kudRnLlT00V27a23W+6vfvY9WhlOJqxjJQ5Iy+1K6b1SlZP13b6apaJfgZ8Mv2dPiV8VNRtLLwt4O1fWUmnUfahaTLAqkgKWlKKAMcnPQDdgE1+vPwR/4JD+Jda+zal8SNWXQbTEbtpdsN0xU7T5ZIPD9sbcKc461+3nw/+H+heCNNgsPCfhrT9DtYigUwWcUUoVcDcWCBycc5B45zgEV7jaWs+2NmkeWQEFfKGVBPXOQd3qCO3OO1Zz5lJ+zWidkmry6WV2uul976JNtXX0GGyfC0lGVeSlJON1pHVJPpbd6pWs7uzufGXwl/4J9fAr4YW1o6eF7TVb6IoReamqSyb16sVcEcnDAgZJ57HP2RpXgHwZoluLS202xjhwVAt444I0zgKqhFA44A53AAA4B3HpZJILOIz6ndR2sITPmXEiqAMYACMfvDAJJHUkdcGvEvF/x28CeHXNnp0ra9fRs4WC0+ePzcMBuPO057MQQMnOeBvh8vxuMahGnNKTSu1ZapLZ31fktfeTR2TzHAZfBum6cXBK3VpaJt32bs/XZrqesDw3p9oWuPD0S206KcR3SeZaSbedp3ghN4Aw3YcgDiq1v8bfAnhOSXT/Hctp4f1dEIRIwk9vdquAnkugKoz8nBGQeOcDPx/qfxT+I3jFnjSX/hHNNYNsWD5bhozjIL4UHcOvQ7skkEZHMf8IxomoI661Fca3POCzS3rtLLEcZDRuxZlwRkYJwecHmvpsJwPWqQvXcYtqLStZ3tG9rrXTW62dr9z5fG8bKE2qEnJJ2bTV3rFfdZbWevTU+pfFv7WsMKtp/gPw9Jd3MhZYL66UgA5wHRACCOQScgKMkCvmLxLr/xc8f3TXPiPWry1s3Y4tYZHhhVW6qAjqSducHAx1Ptzlkbr4cX/wBvSGXxF4Vmc/a0cB9U0NGOfOgXG6a3jGC0YyQARuJJr2yC+0vxFpCarod/Hf6bcAeXc27BgjAEukseN0brkK6sMjJAyWNfQZdwzgMHUSlRSqRt8a0dnHW7T93S7tvrfqfN5lxJmOLptwrSjB20g9Emo25tVe27XN3Z5DpXhHTba4V5lN3OeHe5Jfcx5yCzdQec565A5Fegw2UNmhWFFC8ApCoUHBxhtoxnbjBABwP4sVi3VtcKZIYlMkhJdGUbiATk5IIzxnr2zwMCsPU/iB4f8GWks3irXbDSIYgWJmuE85mHQCMMW3twACDuOT1O0fUwo4XDuEr0oJXVkrXTtp00TSa6Wdk+3zCq4jELlqSlJya1d7q7TT36X2Tf6Lrro3pjL2RACsFEJOSTx0/i4PHI6BuPR0d5cRWrXF/LHaxRDM09zIsKIoOW3bmUsUGfmBGe2T0+A/iV+3f4Z0SS603wNpw1i7BeNNTuG2Ql2yoeOIZd+cMAP4eAOlfJWpeNP2h/jrelbS51iPS53IZY2mstNjRxkqcbSygEHBPPbauQOOrjqbnKNKLqS1ScUnaWi3WiV1fpZXOmGFcUnWmopJczbjfaL2vor6q+nRX6fp18Qv2qvhR8N4Jbf+2k8SasobZYaW4miEoBAWSVC4XDcEDOMEcda+DfF/7YHxl+Jc9xo3gqwk0GxnlZI10qF5rwo7YXfMEwNyj5sMBnqOpGz4H/AGRLYtbal441Sa+nUh5LG2LeX5jAEo8rFi57OQx69ga+rdJ8HeDvA9osej6Tp2nrEhzII0aVjwdxkcFsngn5upJGMk1NPBYzEr97WjQpOz5V8fK+Vb9l1tpp8gljsHh7ulTdapG65nrZ+7by39fV2sviDQP2ePiJ45lXVfHmrXlqZ8STS38z3F2wb5mOxm/d5LAYCAAkc96+mfCPwD+HnhUW7SWkWq3UShmub7DAFVJyqsQuS38IyDgY569FrfxL0DSyVW5+2XKAhYUJYBgeFBBxnGcjJ4+bd1FfPfir4r63qsz2tvMmnWrkn5D+8A3dWOeehbIIB6H0Grp5Zgk3JqtUTu7u921Fa9Er6Ws7N7I5VWzLGy939xTlJaax0utPXXrt08voHUPGXh74dXMpjvIDpTgM+lWoQGKQ4ClI06ZPBIH8WSSQc+a63+0XcamJYdCt0s0BeMSyHMjDBUMAoGcccdyvXJNfOl1Mb25Vp5XnLrmV7hizyFtxLfMcgEZOD79smuFmgfT9RZ4mZ7c7pN3mZKnPTbzkZJIPTHTJNePjc7qJcmHUadNJ6rR2XL1WidvR3flc9fA5QpSTrfvalk23s1o3ZeStpd9bNM9d1TxbqmtTF7+/muHkOR5jv5a88hBkcA4wuTx3APOU11GwHmPh8EkkgKNpwSB34479uCQa8f8AEHxC0bQImkvLuGCSNQEEhXzA2CMBRyox8o5GeQK8B8TfHm5vFli0C0mmlyYvtsp2QqSc7lJxxkDkZOCfmIIr5vGZjGo4SlOc3KzlJP7N4vTTTfom02fRQwMYQatCCSslqlZJJtWV3q7+XfS7+y7zxFplsv727RfIDGRpJkRQQSy/McAqRyc46HAx08J8XfGm0R54NFiOpTwnYzqStsjDgkyZwcEZPUAggEdB8k6h4k1/VZVm1TUbm52gYsrV2jgDtkqrkHJ4bpyc8dDULC/vLcqZlgtwQWUfIFOQMMw5bjqOcnoOteTXx1SVRuLfK0krt2UVa103dtX06K+l76elTp0YU481mrJpXvo1FaPWTurXsrd9E0egeJPiDr+sK0F9qzxRuCTaadu+UZJCPIgbgdD29DjArhI49QuJSbYSRBgTJJITJJt+bLO5JGOrAHA4xxwK+gvgt+yz8Yvjjd29n4B8JXV9YSSKl14iu0NrpVgrMMPPdSqFCjJYAE8fN3Nfrp8IP+CQC2GnPr/xc+KOli3hYL/wj/h+4immuJFAZ4pbsNtijzx5jJtAPHPX5fNuJMvy2NSWJrOdSmk/YUk6tW9k/ghe2l7uXKl1dkj2sDkuNzBw9hSdOjNqKqVLU4200V3rpd7Oy0u7afiZ4N+G+seNLhLLw9o2t+K9Vlmigj07R7O6vGklkcIFk8mMqm9jyW4UBgcYNfY1t/wT4+O2k3OiHx94Yk+FGi6/Cr2l34lh8u5mR13g2tswXzGKEhFJBZi3GRX6gSfHGy/Yeubjwl8Nfh34P8HIssarr15Y2up63r1qAElvIrydHHmScsPLVdjd85rjfjx/wU68NeOPD9tp2oaRqXjLUI7Exx/2zMnk6RflAGubBgq+UkfAVVIUDoRXyK4nzzH4mk8Dl0/qNdxtXk4ucYtW53G9oWTu4tyva26SPoJZDluDozWKxtP61TTlKml8Tjy2jGyd09b9Lu2tyx8L/wBhn4IfD7wTo2u694t1PQfiXBqltLpHjHxRp0U/hhpZDm3lh06U7SocLy+QxOSvXPrX7SP7Z/xa+GGheHfhnqHia80bxNpelSW6eJvBmrWNlY+K9IaHZY3mn2lhGi2YeLDXFu5Z1YYzX4X+N/2iPiN46kksr/XdTfRYHYWdhcXcz2lnErBoTCisD8gClSMcjIJ4NeT3fijWNcu4Rqut39/c2oKW091PNcyoowohg8x3woHARBnHqc59ChlmLqVVPNcUsTRVTmhQeiim1dKV1dW5Xa1k9tzzq+NoqHs8vounPljD2iSfM1ZNxTje1tPPtf4dz4m/EjVPE3izV9X1XU9W17VppP3+sateTXOp+buZsC5YtJsXdwpJCgYHAFeR3/iW6kE0PnNJIxVnmm3O+TnP7xyzb+CcDBPBwOa908Dfs4/EL4rC+1mxittD0q3lIuNc1uQWNsI8lnZEnKmRsbjkA5Zcrk4z1cuhfs5fBaaaPXtRuPij4qtwrNYacfM0kXS44E4JVQr8EHIH5LX6jlFetjMNSwWWQUlG0bU17sFpZztpHazb1WzTaPj8dlk6cpYzMJqjBy5nOq0pSu1dxi3u7Pd9e9j5r8H/AA68a/Ei7aDQdEur9WmSNdRnje2sY92AWknkAVQvLMBwR6gHH0BpnwG+C/w68y9+PXxBN5fRws9v4Q8KypcXcj7QVglmiLhQTw3B4zkcVwnjj9pzx14jtZND8N2dj4B0H/U21hoNvHDeyWygqqXNzGql3xw7YDH5hliM14TDFfaq8s91ua5iy8l1dyvPPIckl98jMxPIOAQMcHjFfa5fwXjMY6NXH1nGMJxlKlSu3OKcbxlOWl115U/Wz0+bxvEuXZdGUMBQjiaqi0q1dXgpaXagkk9feS6d+/0bf/tHw+FtNvvDfwQ8KaX8P9KneRU8Q3VtHc+I7mIYAP2qRS8MjDDfLtOejKenyL4n1zxJ4u1I6pr+satrmpb3ea9v5p53foCI/MYogI4G1eBkAgFser6doC3KQmSBtQlKMBHGDvJfhdxxjB5xtBwOnHFfTPwq/ZH+KHxUntItI8MXsGnOU2zxWrgzByCUaXaqxKM4MjZ2+4bj6nHYnhfhHDTrYnFYbBRVNe095e1nZJpS+1J6/wAz3+HTT5KjW4g4lxUIUqVXEt25YwjJU4J7bWSS0bbeltLrU+CLHT7u6ZJkS6RImVSAjZbAJxnoB6nIyPRQRXuHw3+HXif4g69B4e8M2LXt/c7Yw15KLa1hLEDfJI+EAXsSRnr3r9vfhx/wTP0Lw1ZwXfxQvYkgVVkGk291GFQqNxW5mxumcnAZQBjIAI6j6B1v9nL4D2GkwDStHtvCNpYIqNq9u7WdzK8Y/dlZVdWlZ2GQBkliRnI4/G868fMFGpLAcM4bE4qpNqH1r2MnTjJ2inGKak7bqy226H6bl3hTjKtOljM8xGGoU4qE5Yb2iU2lytpS0SutvNPTY+HPgt/wS+17WGstY+IP2KxsCwNxe7jerKd/zQ6fEh+bPAMwLAgYJxk1+rfgX9m34L/BLS7O+vYLWyt7PAhiMEVqwdE/1uwq001xLxsBZQC2cE5z8Cax+0z40+B+s2vhnwX4xPjbSRJ9n0+xu42u7exQfcWWVwRGwP3izEL1yRmvKfiD+0f8QPFco1Hxb4lngwSX0XR5ftM+xjjZblQVgBHBkcEL0GGAY/kWa8NcbcbY/wCuZzmlb6jWanCnHnp8sHZqCotLl7Nu9uh+n5ZnfCfC+AWHyvAUaeJpvllUaVRzlG15+0aTbb1tZbLfc/SX4l/tX+GvB/n+H9A2aSZIzDaJpVv52sXgY5jDCLfJF5pyS7HaMkYAGB8BePvjB461K7mBku9FF38y6VbXBuNb1SJxkSX7Fs2sMin5nJBUEkjJzXz1qHxdtbe08xIrXwYkiyO+q37x33iO/XJJ8qVy5hL9FGMjOcjgHwTxP8bjcJNbeF7G5eSYsl3reqzs0tyCfmkJY70U8nCsMjsBwPtMg8PcpyaFN/V6cppRcqte05NpxbdnffW922tLWuz5vN+OMbmTcI1WoPZU7xST5VbS2iTWul9vM9z8SeIYbeRbrW9SilmhYzDQ7e7I0u0wdwm1O43f6XIDw0IwGbdn7wx82eI/Hk+o6ve6los6XF7KojXVLiLyobKNRjy9OgbCRxoOATklQCy5O6t74X/A34z/ALQ2uR6b4B8J+IPHF5JMomeztriHQdPRm2ma6vXRIfJj5LMXIVVJYY6fuz+y1/wQ/GpzafrX7QHiS41SRfJlfwN4OBFhbjAcR3mv8QSoARHcRKm4YYBhndXtZpxXw5wxSbxGIoqpFcsaNNxdRyja0Y04WaV7L3uVa3Z5GXcOZ5n1ZfV8NV9nUlG9WrGUaaT5byTer01vq31P54PC3w++IXxe8TRaN4O0HxF4+8QXUirHa6bZXeoSNLIQMBlUwQxK2dxLHYMHC9K/br9lP/gg38WfiEmm+KP2iPEtp8LPDdw0Ny/hvTZFvPEt3BuDGG4dSDp7OnDHa+xsDPDV/Tj8Df2Qfhb8ENIh074d+B/DXgyG3jVJpNJsoWvp9uQbi81WdHmeRwAZPLkVSSxG3oPpmx8OfaZfs2jWFx4mvQRtC+ZFpluR/DNcOCDg/eAPPPy9h+E8S+MWb5hOrhcioLC0ZNxWIqvnr6tRuoq8YPS60lLVWZ+sZL4Y5NgYwr5zifrFVKM5UotQowbs7Sd7vZb79Etj5A/Zs/Ye/Zm/Zk0uDT/hR8NdNbVYIoxdeMdWsoNV125dVAcyX06bFZ2G4CNQUB64C19aT+IGgb7DpNrZX+pJGyC2eRnjt9oBDXE6jZEq8Hy1BI56ZNdfqujeG/B1g+o/FTxXZaTZIpkTQdMuY7fIALeWVRhJMQPlKgg57gcj5D+Kf7bHhXwxDPpHwq8J6daLCkiDXdThQyFR8omCSAu7H7wBJJ/2snHxGC4f4h4nxMauJlisdUqSjdznOSu3HV3b0WuifW0VqfW1c1yXJqfs8DSo06UE020oUkk4t3lJc0/e7J3fdb9rrfjPwJoN0918TvF99HcyEiLw/psM0Sz7CWZVkB+e2TgArsBGcBsnPifxI/bb0jw/Yyab8OIdH0K0MMkQurdo5tYmxxu3jMsDyHrnPJLEcV+bfxZ+P/xE8fatdXV3enVJ5cwxzxwRwxW6tztTagAUDAwuSQ3G0Dn5a1jwhr13ctrdrqk+n68gZ/Kyz2ExyHMckbsV2yH5S2AFzkYFf0bwh4NYXD4elWxtCTrcqlUhNWino9mru6tdu+mm2p+QcVeJsnWlRw9SE6cdFyaRj8Oto2+9rTW+p9jeNf2kfF2uRXN6lzeX15NK7SXdxPJPcAkMdqA/JtAwdygbTwc8V4xpuqal4y33WrapcS7pGMls8hNyHBGMqVyihRgDsDya4bwx41DiPRfE1lFo2vbvLWJgotLxRx5tpKSEJkJDOmcjpt647a6g+w3SX+kxiG6UBpkjZVjePqwwRtLHGc8nrjpx+3Zdw7gMrp0oUKNNOnFRsoxSivd3Ue62Vop2WuiT/Hcz4ix2Pc3OtJQbTVm2pXa01e1kmn1a3T30r/w2bdjLaxokQCBg2FkJx94E+v5Z4xwa1tHiVMSxzBnKkGAsCxwACRnkZPXuCBiq0WrjVbU7mxIu4um7HlMp5XAIzkgg9cZIArPkuIrcmaGUQMhAYJkkngE57k5O4Z/A9/RqqNJKUuWLvprZNe6kmlf/ACdn2R4UKuJrc0fZybk1Ztu7s1fdfm9b/d0N5PPC63BVlKBAgU7j8w5GB9ACD2wvOMVSXWdSS4kh2r5TKZBIwKIhzyMtkBscdSM/Ug+Z+LPi74a8J28t5rOo21rHbq3nSXUyAMRwpWInJJ5wMBgexXIr498b/tU+K/Hkx0L4TeHLnU5GcxnVnje202KINtErSFRvHAKlSpIGc4AFcGIx9GLVOknUm9+T3tdErNLS1umq7bHqYfLpOlGVeSjFtOz0srK++j0tukm+l1c+1fGfxV0bwvFJNPqFpFJEjLcPdTIkUYCkkgsw3be+MjdwTnJHxB43/ag1TxZcS6N8PLDUfFd6GaEzQpJbaRBLn78lwQFdFzyAcemActy+l/A3xN4ruo9a+KOv6hr80ziQ6NbPJHplqX5MMm1iJNpyCehwewyPozQPA2laHBFY6Xp9npdokY2pBAqZK43AsFDM3QEseORg4rn9ljMXyqrJ04NLS7bS0emtrPXd+Wh1xr4LC2jBpystUk/5dXfRt2XRq2i7L5UX4V+MfHcy3vxP8RTJbykunh3SpClnExOUWaVWxIcgAk8kKegJB9h8G+F9M8O3A0NbG20+WFla0mgVVa6gwNrOw+ZnKgFgT07YJr1u4sY4LiKLyggYgEtz93+IcAZIPrn7wOBWdqmjefbm7t2f7dYsZbd+xCgsYsnkA4BA4JxwcYWksJQw/vcq59OZt3ata0m99dXotPW9yOO+sScHPR6pR2W26WiXW/3vU6m1EEcJeDLTbgpKnDBhjJA9Ocnr1xnJGZobtUileYhJEcbZEA455GB3zgHse2eK5fRr/wC2WxuIhtm3lWi3cpIqlX4IxySxOO2MgHir1zOsaOpIMsyEtG3J4PJ544wODnng8cVrKtTilyyST1bW0m1FJ26WurNvu27XtKwrm+bW3m7drJPV3v0u7pJ6bPoxqNvcQzrOQsowImBG0kAE8ZGOOuTnrjso4qfUPJWZXIQmQ7WB5PzgArzll/wPrXJeIPFGn6LF593dpaQgAOGcbmfIwypu3dTgEDpwRggjwnxJ8YVmhlOjxAiImIXVy2wSZ4ZkDAlsYyB7ZyO/nVce1N2bbs00uq0vv2TvfVN6dGzrhQjTStFN7N8qVtr2TsktNHr23PobVPEtppdo0l7dR28bAEtI6gPgKfukgnIPYHBHrivF/E3xHe4iK6azQ2e4g3K7mnnOSpFvAMMxIAIfpg54wMeaaTpXirx/dQ7ftN7CAZHuZHMVhajBY+YxwjAAgEkHpgZAOey1PxH8NfhbbtPruqw6xrlurFhA0MtpYOoOECco8g/hQDOT7ZPzOYY6FKUp1q0acErJtq6ejbta60vvvfsrnp0YuTiox1SSSWjbSi7pvq9Hd20el93zd7F4puVGsWWknR9PlgcXGqX6/aNUuIwhLyRCT5Y4yOQcArxyDjb5hY+F08TahJe24nu7O2mMdxq1/M4hicffLjcBjP3VHA3EEcknofD3xitfjX460Pwzd6tN4b8GTXzQT3893HbLeTFWW3glXavlwSuRGUUrjJBDHivXPGPw31H4e2viuws0+16at5afZ0hkDW7PcoGjGcgyq2Qwk6dMnrt/J834uVDE1YYSlUq06K56lWcoqFtLxjZpt6X0Wl3d62OnEOdNQpRS9vWT9m7Xs1Z3VrJpO7aT827Efhf/AIZ5+F0h8QeLtI1P4o+LLdFl0rSYZPs3hyG4Kr5f2oBXFykTYBi3Anv61x/xV/aO+JHxCs00TSLr/hHtGuGC2Xgzwzbmw061t0ICRSx2+xpDtwrNI5z1+7XO+JvCGneHIdKvvH/ie20WK6txdW2hWTJc6pcqQHWMwxEsvmAbcknGQwHJz5VqviPxP4mtGtvAeiw+FdItpfsq61chTql8h+XKHDOJHHIQHIJC5yK+cx3FvEGZwVLByhgMFFpVHBey9onGLbnUS5qjd9ldaNKxwx4aoqp7bMKjxtdNSiqvvKDag7xppckVHZXje1tXqJf3f9hLZX/xG8S/2fNbsj2Ph/T/APSNRvIeMRtHGWZS5G12JY8nJzxXO6l4v8T+KLpdO8B6FD4N0q8Pz6pcw/8AE4uMnBMbkeYNw+bGFI6AkZx7F4B/Zv1G9ktfEmtu/wBriG8X2tFri4uZJADvigcsyRjOUAGCTkKAVDfVmg/DTQPD8fmvZx39+43nUJ4lBQgbWMKkbURicLgHpxwSK+bxWNwmGpuU5yxmJunKUnemp+7qouVm7Xd5Xemup7MKFOnFU4xVNK2itslFb3027LTptf4MsPAOgaFOiMmoeK/F14yS3WoXoe8EEucsIxISiOC5Cg4K8D+7j6e0LwE91bafNraKjJGHNhvIaRFXcPMIYAEAE4wQoIAyeD6PqWn6Zpk8507T7WCW5IaS5aNRJuByzfXJ6r1Ug5wFxp2sUN5aKWuGVAmwyAAtNJnlIyOcgkcLjgEccAevlc5ZiotUqkm4xS7pKUHaKVlFWXS3pd6fH5riKOH9pGUZJacrlOysnGWjbVrpdLaXv2fy38SV0m1khs7NGEfnOWijwIo1TqhIK7snGcDg9htrifD3gTxJ4mv7W5tPD99qcd1dx2Vpb2MEsxcM4VdsSI3ygNlsjAUYOQc192fDD9l3xZ+0N421HRdD0u40/TvD2my6k+rXVu/2a5WP5jHEduHnb+FMNu68jOf2x/YZ/Z2+E3wt8VaZazpc6lr1vpkceqW2tWSv9nub1ZEvLu2hmQpEICoaNiAxySCBjH7DwvwRmGZpVK0K1LDRV5VZRVrJJq3Mr66201uz8qz/AI/y7JKc6eGnHEY1y5fY0nCbhJ8qXtN3o3tHX81+O/ww/YT1E2Gu+J/ibpdxpPh3VdOl03wtazSG3huNaeEmMD5cM1uwzJHgZJwSO/xP8QvhV4f8H3tzYW8UaGxnuLTUJpTtjaSJ2ASMHBKsuApAIIyemBX9lXxU0X4b2GiSeHfF8Umg+CPC/iGXxCmuXDxQxiP55Qv7wjIk27dqAqfTPB/ld/bX134efEf4q65L8H7iU+FLuRxca9cReVaw3UTtHObOIbRIrBARLgBh1ABrm8SMNk/BuCwtapmNGleVpUpSj7abag+ZQT5lazWi7aapH6r4DYrOOOMRjI1MqxMneElVcJqhCzS5U5XjF7Oz1dtE+n5f+N/EeneGpJbOxWG9u58i3t4oiViDZC4Chtz8gYPPvycedaR4J8Q+MHlutbjvLeC5YNDYWylJZ1bp5gGDCCMcHJKjGDnC/VFr4U8K+H2kuCLa9vFVhJqt8izSluMtbRkMFyccj7rDrimXfivw9o9k6adYme8mQsbmIkvvI7uCFUJjpgDHTBya/nDH+JeOrVY0MkwtR0pc0frNaLWtlZxj016vfXRJI/sXC+H+AwcI1c3rx54Si1Rp2dknFyT0u3a6eyV7JmT8PPAWjeFbmyvbx7PSyoAaJNj3LbccNMwYKzDqRswQT3OPdX+KvhDRXni0p4/tYj2vcO/KyDqzSMeVYqNuBwM4zuzXyZca/r2vu4hsZlQk7ZkYmJCw2o00hH0BGQB+BqbR/h9LqF1Bda7eSToXDm1tiyow35PmkHDcdAc45Ga/PsVwxjuIKtTE55iqleUp86pubcYpWly2voujvvbVNn0f+smHyBxp5TQp0aahGmqihaclot9X0T0trZdz0XxR8R9Z8WX7QaTHd63OH2hlDG0TfiMOXHyuExycD7p6EV9N/DbWviMngaz8JapqC6bpsU/2gW9luN1KHO58yqdwwvbIIHXivP8Awxo1naC2tLSCG1hRRmKGMByoJOGfGWyD3PXqe1fXHwz8C3evxym2jS0giy8t04LKygfciJHLEEEheQTg+h8/iHC8N5VldLD46lh1hsPUhUiqqUv3kXHlcY63lslbW+z0DJcZnmaZnKrg6tb2tWDpydOTSjF8rd2ntotHutbPW3zH490GPR5JLhrZjHfQEieZvOupy5CHg8q7kk4OTz1wefl+78MbdTubm9uHs7SFkcxTLsmMZHKksOMgjPJIyR06/U/xnufsHiWG3m1BolsNctdMt1nG1GDyKpkdTtYr97qDtGSfvc/O3j6XVdU8dXXh/QID4guZViitrWyhaQzTyhRuOxSdqlwADgcZAxivvuCsxw88PQqRiqWCnQ9qqkmoQUE42s3y7pXu7rW9371/jeNsqxDqStUlUxka1pU0+eTk27rlT6tS0te/k7nPN4lez/4lOhWSW0cqSf6TPhXCITl1Bw2G6qcnOQy4B5reEvDfi34majNpmh6TeavNEzxPIM/Y0G4h5Z5ioVVTkgZKnk5A5r6a8Efsf31nFb+N/jdro8M6TGiTDw7FcLFdSwoA/wC/ckGBCFwVI5yARgCq/wAWP2sfBHw90uXwR8FtA0/StNEbW1zqtuI/tN1IgKkrcffkeTkMzN1wRtxgfbRzyvjq6wfDmEeNm21Vxbv9UofDe81bnkrt2jzLTdaHwjyingqMsRnuIWHp/Zw6cXWqfyrls3BdHfzW7uef+MfgR8PPhf4QudU+IniaHVdfuLXfY6LpEisbWd3yVlKNyY9xB4HT5s9T454k+LEPgjRLGx8B6Ra2kl9YpEbpI1lvGDIS0zDG9JOuQCCM5znp4prXiDxv8RtUuLeIXmqatqSEw2VrG93KLdhuJ2oX8tVHLE7flAORg19M/AX9lvVvG3h9fEHxA1qDwv4d02SW2uZZ5gdXmWB8SxKj8wIFDKp7EnAByK+zyvh7Fwpxq5rip4urKalODfLShdR92nSi+l9Frd7vt8pmeZ0cTUhTy2hHD0I2ip6ObaUfek97tO2na3kfFkOofEP4j+I00TTLbVvEetXc+TZWkU0w3sQV82ZRsWKMMcjKhdpBDYr7b+Ev7D+jWg1TxT8f/EEMckWmtc2PhWwuVEEF5tBtxql0WOwK/LwAcsNoOOv1npUPg/wRpt1ovwZ0LTNLtIImh1HxlqMERu5mRWEki3ToZJZZMEqUK5PRjjA8v1Q2V/BdxXVzqGtSyyF57medorW4uGJwCuVzFEDkKcAsRgDPH3WBy+MlTjSiocqu0lZ6cvTor6Nd+l9T5jGYyjgYupXftJ6uTlJpJ6Xvd6X1tpf7tOv1DxZb+C/BGheDvDFzbandQWnmbNORYdMt7cE+Qk4QBWkhj27mfLMQMg7hXig8QXd5OdR1C8Op6su4LKy7razJYGMRIGKqUAALDkE5OSclNThvYrQafZCOzt4z++njP7ydnxlVc/PsUdMHHIAxT9H0u0sg1xeTR2tjCEmlluV2mTABOc4LBhyecEfU5/TchyRpQ5acpTkkkkk23db26v1te6trd/hPG/H8qTlQw9V06cLKUnLlbas7WTvbS/n1RqWunX+v3a70kZpUzcXrg75VfAIjDDIVcBSVB55AAFS62dL8LlNNtopNS1ueIRWujWUb3FzLdSHavmCEMzHcR8oB5wpGa9c+Ffw9+LX7Q2uW3hT4FeDr66gZ0g1bxveW7W2jaZETtcC5dBEVSPO3YTxjBIIA/V7wp8Cf2Vv+Cefhr/hYXxt1Ww+JPxruYDPY6XJ5V9cxX5UtHDYWEhk8iJZMBruQEHk4Azj9p4f4CrYumsVmPLgcBGKlOrVilKSSi3yRly32tzSdk21e+h/HvHfjxg8kxn9l5ZKrn/E2JfLhMnwDeIrupJpQliXTc/YQbs2pJza+yldn5k/D39gnxn4p8Kf8Lj/aM8QxfCH4b2UZu7fTr6VbXWNUtuZVSKByssIkjyqyYYsD165/M/46a78P7/xzeaZ8HYLqx8EaDNNFDc3TZuNXmQbHu5JCASJmBZV7DrjJavq39t39s34jftF+JLhtfvptF8I2TuuheCbCYwWtvaguIDdRQlY3k2EM42lRg/d5FfmzoBl1rWYtOtxlJLuMPHGOFRZMs7tg/KQMY6YHqcj5njrPMlwOFqZJw/h4KjF2xWPmuaviJQ5VaEml7OndJ8sUrrVef7B4JcH8cY+vT428QcxqxxlejzZfw7h5yjgcsoztUbrRb/f4txajKc21T1SS3Pun4E2Eul2GmCXlpRJqDqR/z0wUDDOfl7cZPPqK+5fBF02oXFxczZby4lRSDnGHJ6d8+nsORxXyR4athpFjZpHiNnhjjUqCNsSKBnJySCc9cDp1FfUXw2Kx6M04OHmn25bglUJY4OQGBKkYHzYIHQc/n3CrTxlOo7WUudpNvblte9lppo93y9j63xYxKeBxdNWtKCppq8r7XVt1rpe+/U9tJUIuQjlgDzxkNjbg9sDjrg9MYzngfF/iddK07VriDyw1tZyRqSwyWIIAVT0IAHGckkgAk1Pf6wQyKH2Lg5cnBwinHYD5SeBnnHOMhV+cvip4g+z6HdMJC73M5Uhm6ru4wM84BxxgHHqd1fp+cZxTo4Gf7zlmqenRX02emt+na3Q/nLg3h+rj85w8VTvB14c7kteW6slpbT80tND5M17WbjVdalubqZiFeUsBwA24vk4x1DBefTGRtBPyn+054h8vw1o+h2zSb7y6NzcxLyWjAJj3LwWJYYH3hjvxivqW2tPtV1Ckds95dXUkjpbwIzSy7wQEz8x4PXcQACTx0pniT9mbQ/EV6PGfxV8TQeG9J05EjtPDdhcR3GtXm8bvLMSFjBu4BJBzzjqTX4FmFerjMU1CTfPJ3311Xfe33d372v8Ae/DeX0cvw1FuEV7OnDlik5NuKholo21ZJ2b669vyz8G/D3xV491u20Twtod7q19cSoHaOKQ29qMr89xOqlIowCcnLDBBwCef1w+D37A3gDwBax+K/jx4ys9T1BrSKe38CaFfxpPJI6qY7eV18xpCWKgoACOc7eQOntfFmieBfDlj4b+DfhSy8NW3kSedrd3AkuuXAWMhrkzYLBpPvLkkZHHOBTvg/eahfz3+va8Dq19cavFaW91eS+dKsqSb3cRMcICvUKAADx6VhRSwtSTrSpy5Y6KSvbVXeqeut7Wb3u1o39e6zqxj7KjKN/ev9pJWfRWs9W9n6WPPfF0+ip8Uf+EZ+Hugp4C8O21msf2GxjZLi6VVyZbqUMHaRypDksQcMcYxX7Mf8E9vFWsx/F74GR/apf7Lt/FdjbNY27szO0bxr5svU7Tj5lPByuTivxp1O9tr345a9dLJudJfsawwxljJPKPKSKKNQxZi5wAPmBBxz0/YL9g/wn4q8D/EXwv4q8XaPf8Ahvwn4W8R6bq+p67rWbBRaXEqbXgScAyIFZidh42jHGa/HPGTOcvwnC2Yc9WhGpOnJ0oc0FOcrxslBO8n5a6pOzuz7jw9weLxOcw5IVXDkmpJRkoptLR3stUnfVJ9+j/0ILOZbqz0+VyDF9hj37TwxeIHaVyBjBIYchu+M/N/Nv8At+ft5D9nf/hMPAngKSC18Wax4juYLWWA5msTJI+90t4x5jTS4O0EBiT681+3Xw6/aQ+E/wARPCuq3Hw+8ZaZ4lXw3pHmXv2K4S4aG4NsXjWUKxKsx+XaV4Y4OOM/i7Y/sifDfR/Hfjn9sf8Aa+vLC5luvEl/qngvwdfMk+nx2aTO2nXTWbs32i9mURlIQhwCSwxgn+T+N+KuHs0wnDkaqjifqWGrYrE0qDS5pQpUaXs69S69nB1HZp6ys0uZtn6VwHleMyzG57LE0qlKpWqUaGFw9ajP2lavUqOdP2VKz53GHva3jBPmk4pJnzT+yj+zh4o+O7W37SH7WHmaL4C0crrfh7QNZmMUviS5hYT/ANr6pDcHcLZm+eOFh8ykLtPNfUnjj4n+N/2ptYi+GHwbSfwn8G9FmGna/wCLbaM2T39lARE2naWuEAtvLQorJkMvrzWDeal4y/av8RRNrCXfgH4GaDcRnQNEtN+nNr9jAwEH2iGNYgto6BP3eAFU7SMBa+qDq/gH4R+EWj059F0LRNKtnnnlWeCCGNYlOHnyd0kpChiWYt3OTkn8HzHP5Z/jlhsHRUpxmqWGwlBOVOjdx5LwinzyXuu7Ts7Sbufv+Cyr+zqSxuPcZ4rk5oKVvZ4W8YuTb0XPa93e0b2uki9oWieC/gp4LttC0e2gtbTTLJjLc7Qtxeyqpaa8vpuWkaQgsWduchhxkH8MP25/23dX8S3Wo/D74a6i/wBmDNZahexSHc8mSht4NhOEzy20jPOWxXN/tff8FBtS8cavqHw3+FV/NdWE809rea1abma4DkoyQNHuCx7uCQcEHvzn448AfDVNOkTxD4ike51S7kNw0d429ULlpDuZmOWy24cgggcjv/XHg74R/VIYfiLiehzYuXLVw+Fqxu6aai1KpFpyUtbpW6XfQ/IeM+M6dapVyrKqspOd44jExb/u80Kck9d2m77bW3OX+HvhbVdJkn8Q65ZXF9rN5mZSYWJjWRix2v0Q5bBOAe5P3s+p33iLVAUhOkEK2MB4zvCkZKnj5vXOMccjArq7nXYbWRo4VPIKA5UIFHKkccKAAR9V44JrEj8SxT3Bkv3QxQMAYwoZto4yGA684Ix349K/qSlyw9yCbilyxjbRJJJKyb00vbRWdvX8unShSVlL3pu8nbRtuN7u9uqldrVJarrxmp+INXCbfsbJE4YAi3JdFznaADhQOTnpkc9K55/FzWq+VcG+d/lVcQnAwRnaCME/98nI5xxXuR1PwVcbHKOziPewBDnPUhuMZJBJGOhyOTmkmvfAl0myW0t5AQxP+j5fdnkHBzltud3GSfQkjelXUXKLi00rq3ovevor3739Nzmhheasnzximlq2+qVrbJWv23fmeU6J4v0e5vraPUkv0tpGTEqxnLnJyZMK27nG0DuMHjk+i3njTw7E1xHp811LdeUREtxA3lpEMfMx2DAwoJ3HJx3+WtCG68Baeu9RaQMF2xh7cM8RYnBXdkjIySc44GcHivq/9k74O/DL4y+N4brxrq2laR8PtKyviTUJCltNeu4YpaLcNtWEMBgsc8k5AGc/G8U5ysqws8ZW5owjKMZcqvZy5YxTtre8rrRK2vRH1OUYD6xKcIyjNRTlaNpSsuV2S1bcm20ktLpdT85n+IWpNrLosrS6dbzQveyQwquItwG1SSdp5wDjPUADpX1p8UfEHw9+FXww0TxRresxNr/ibSkn8P8AhIRxXE9wJkGya4ZdxXaSGcsq4Bwepr9FfEv7Fn7J/wAQPE9j4m+HCS+GPgl4ImuoPij4tvJd9hq99ZAvFY2MnmDzBIVCvICFIYZBB4/IZP2c/F37XH7U3jDwT8IotMutC8My+Z4Zi1Myrp+leEtNm+R3MjsFmvoo8Iinc4Ylchhn4TLM0hnOKw+Nq1auHo4WUqk4ykoqrblUIqSkl7z1Vve0fofSVJvB4Ctg8HTg61aEYVJ1Yf7u6ltJN2SfJe+r5dLrWz+H4dX+If7RPi66+G3g260bw7eXdpdX+o6jeTpZQRWMALvCk0gUM4jwFAB3sD1JFe5aB+wf4j+GvhTwp4h1G88P67qfxC1Y21rHp0kd9daZb2cxMlxMOWJnKljk8Ag4yrV9IfFfw18N/gV8R/FFr8XfhvH4d8R6JoVl4dsZPC032aOWS3Uf8TOS2iKSeZNkszsW3FjnqCa2tftJeDfGF94Eg8LlPDa+H4YNOhBdhNf3BVUa8WJmAVwhBlwMuc+gx0YzjnifH5tg8tyjC1MPgPbONfE3vTlRirfFy/FKTVkmrdrrX6qHhhwxlXB+L4pzrPcFjcfVwynh8up1YqpTrT5PZyjBy5pxs2nLltF6+R5p8Q/gNrkaxeJI3sngsY4tJbMUcdxEkCgSShVOVUsGA+Unj1GK/PH9r3TrNpvCcqzXtxb2Sx6fNKkchjhu8rtYnAQhRg7ieBznoK/XvVNXj1IXV/qOqKujQS75ZZJgsDSsA0ks0TMMR5w23nJHp0+R/jHo7/tFX2l/CT4M+FbjxbqWo6gpv7uxtCBHLAwUzrcBCttaKFzLNIVG3JO4cV+uZXm1TA04vG1Yym43k5Sd2lbVO6t31UtV7ursfzTjsrjj8TP6pSfK2+VRTaWy01jbpZu6Xdo+Sdf1zxB4z8MaX4F8DWR1ESWOm2F5c2Km4uLy6ZUjS1iVAzPKxO3YMEZ52gAV+j/w9sfA3/BOv4Taf4r8V2eneJP2n/EukNc+Evh+iRXNp4Ghvocx+INcRd23VESUSRxSgPGwxgEAV85Ld+Hv+Cf0z2OmT6D8RPjlqlvJb3cCSRX/AIZ+FU8iGLzTIWeK91uL76svMUgzjjj4G8e/F7xT4m13Xdf8RaxceIfEOuzO02uXlx51xNJLlmSEOT5NvDuIRFwiqoAwcEfU4elX4idKulNYbmW6d6q9xq1+X3X3trbtofI5xmWG4bhVoOSnibNNx5ZKleKt7yWr11d302djz79oj40+LvHfifW/EXibWLzxB4x1+e5vdYvrx3keMyMWSCJnJENvASqxoMBVAXHSvjC50+807wV4g8WXcbt9t1FdJgmcfu5ZZEMjrG7ElmReu38McAfbnwi/Zz+JH7UfjV/CPw702aeJT9o8YeNr0NDoPhnSoyTd3t7fPtgXyIt7JFv3OVwB8xI8C/bX174f+HvF+jfAj4P3p1XwP8KIG03VvFG0FvF/i1nA1TVCVyHt4LlZIbbBOYgCDgKR9rjuH6mXZG8yrQ9jh5tYfDxnvWqWXN7OL6Uoq83rFNqKbkz8lyLjvL8+4u/1aw9eeLzKjRljsd7CSnDAUFKKprEzT5ac687RpUneUoqctI3Z8YLeJuhVwrFZNyrnjgncCcKSck+3AB7ite81mQxTQJgNLGN+7kphcDacYOFxk/NyOvXGLfaM1nbRXzMsu/c4GQSepBznruyDxkHjjtiPcS/K02xg20Z3YwhUYIIJ4BHzZwcgDAHX83hRhWk5Rlqt21Zaaateur/LQ/bnOcYqG6SXxJX6Pda6K2l/8ztfB+latresRQ2xkkyQxlQb5E2534OS23GSQOmMnJG0T+K9C1bQtVLXsLyLcZNuZG/1iLnBXj5T04bGORgYq/8AC2/vdL8R2z2L72fAVP4GR3G4tjkbRycjOB0PSrPxYv8AUJNfk8yYsFbChWDoNykNtGflBPY542nisbVFilBr3FG7d1vom7/Pya6vSy2lTisNzyd6nOr2ak18Nr66pLVP7rLQ4BRb3cka3cyxEgqACAPMyBsY53E4OVP+yck9a9U0rRdMs9Ohvd8d0V2tIfM2BVOflOOCRgAnr35wAfEUSR3JRCZd2c+2c8g8YPpwOfXaK6KK51q2YRu0nkbSTGOY+eikAcEg4wcdMA55rrr04uKUZPo7JpvXl0XS39WOGNOUtWlbZuzbvePR9HaV97p6N7r16W2s9Qt3ayt384BpJCFMojVVwCpPKrggYPTOMcHPL6BNHp8sq3aqh877hYZdGJwoBwR5mAAeAeh5ya67Rr+KPQgEQ219KrtcSAAjy8AogJwE3Y4HoOeQK8m1WaUzveb3VzJhVUAhQGOWUYABbPXjJOMcZrCnHn5k7Ozsm0kkly9HZpa20W99HYU4KDSab0UtNkrL3lre0eqdt2tVY6/xPYaixi1WGPyYpiVUhcSIikhc8dCAOQPmz36U3w94YvfEDtLLMygqWaSQExhl6RgAgkueCfzyCc17LXbnVEtrW6c3EWRCiZwcYAUycDOCSRgdM/MDnHu+j2yaNoaSTQtFI6kRBBgBJB80j5zgt1HHt0xXnZnj/qVNRXK6k/dir2a1Sura3Svvt67QpuzVna2muibitdHrdN+l7OOpy+n2evaRJELi4km0yzXfIiMUEak5EasCc7UHyk56BS3Wu003VNH1Fbyb7bHp9ux/ex+YRPKsQBbHU5Y9c/LgcYwRVEiCW2khaSSW3m+eZQ5DPIASEC53EKSDx16DjmvGdUtL+3vJPskTW9vvMZDbt8jqSAQCT8jHgnBzhs8jI8CFGlmM37RezqK8k1Z30S1vJdt+ml32JtNKOl7JO2uqS0una1k+q5m27LS3sX2bTP7Rl1L7UV02aIrDsdvMfC8HHBBJx83GTnn71a/h/V7P7U0CXdwttAGkETM5kkcNlZQOoHHPXA5z1J8l0PWZI4RJdxxyzxHyBESFVUJAOfqO+Bjk/Tov7Rt7Bb2+tfLiuDF5cQyGyHHzbT/ERkcgE8DoawxGVxk3CcVN2UVKSTurpPTda/3rau7bJp2TV4pttbpLey0b0W7tr66l7xXdaPeAzLNLHvmbzYHZt0j5yj5OQ3ODwBxkHHNcrour6pbX0cdnM6NGUEcMLHMgDZUHbg4A5bowJwffnpri8ldGklWVpgz89UYnnbkfKc8475JPbbd8K3X2LUfPaCS6eNnBfYd0a5wGBA2/LjPTtx6H06eFp4bBuDSaUVePSStH3bXfNdW6PrcmpCNpXslyrTZu6TVkm22203Z7X0XT2+LxLrV1KI9RC/Y0KrMGcoQxUdWOWILMQQWOTn6VS1TUEtStrFJJcpO/mPGxxDGvIBck/wAIIAJ5IA7HLdJYw2Wv6dfLcTol55anT4wVhaWQjhWThmPUd8HnI2ivItWsNWt9Tew1K7Fq4Cq5YhgqnhMNgA7x8rbcdeO2OTLKVGvXlF0/ZzpSvZpRSTerinZNLRJpdL2tY8GvCXM5XlLld7Nv+7dKTezikttb7au+hrt9cNpNu01tCkguD5V1hSxVT8qAD5towMEnoCcnpS6cNOurZ4b+UNdORJFLEW5GMlOM4JOd3YDk1k38YFqYri5dreFB5KdSGyPnHXcGyDnIOM46U7Sb3TdPubaZd07lV8hGAKpJggq4I5YuRnHT6V9FWpuOHaUm9LrZq+iWyt32XXujOm+a/NFt3Td9bfA17qWum6S6X1Wp6Xp1raaRHBJNIgN2P3bQgh4owowjdwWGN27oQdo4yNIalHfySv5flG22qqu7fvETad5AC8cZOd2SCSeDjj73XJbqW0gkgRFjzLJtKrgtg4L8BgMDjA46jHJ3dHs11ec2qXbRxSjzJpjwEb72xm5+UjKgZ/u9etfC4/BRlKVWr00u4JXSUF2u7vVtJW63SO1T5rLljzLT4Urr3Ur3Sd3K/M0tNb2SRSufEMUlw1obg+Q7EtOR+7RVOCuP7o4Xk57dq9E0zxTFY2EUCXVw4ljdEVQXRAxIEruQAcg4ABBXDfWvPz4KeSWaKVgsAmKwuV+eRC+d4IYZjBA3NncQwOCSCPWbLTtN0NdNhuEtr2ERgtCFyCQBuEkgyDjr9Vx3BHg42tl8KXLf2k1FOMY80m9rKytdX3WrtsugNy54tLmjpJtpvW6W/N3va6b0TtcbpdvpU9tLNqditwx/d293cYDSCUgs21gcooPGTgH0yc/NXxB8IxWmuK1rHJm/aSOCJSGUb3AUIigEoSRt4GAGJ/hz9E+PvFun2MWzTIoxCIo0mRY9yWmcABWAGDglu6k5OMYNeC3WvR6zrlheJNJt0+eM/vDt4XluDu2glV25xxjt09jhaOO/e4puUaTi3Gk5aJpRUUlO1k0tl312spqVIqpZOMHZX1Wq0jZXt2bXxXW6Ts3zEnge9SG4ZoNslpEokXGxMHGQDuGGxnOCWbBAPHPZfBHx63w1+Jnh/wASm3SVdHvovtFsFU/aYA3zr0wgwGG4YOGIByBXZahcXWswzQ2Zll/tF1mLooCw7cAByvJ3kgMcgZySBXmV54bvdAv472eCaCd5v3RdC0bHcFGzKruLAnIxg5B9z9FPEU80wONwGPUfZ16VXD1KbsuelOCjNXT7S0v0b6nFjMTTowqzdVQiqTu7xTdopSdntay23eq0R+x/xy1nxJ+2x4k+FcHw78NnXb/TLG0tIfDdiFe5srd2ji867nOXEKuQcMR8pJyAOfSF8O/tJ+AtduPg2sN9L4t8O/ZYBo2khmfS9NlQN5S3CFQsfl58zDZ43HacGuX+BFzoXh+3+DOk/B7xPL4f+KHj77HpXiPxHJL9ltdI86aFi9xMxIREydseEDKCoau6/av+KfxC+Gvxa8Uac3iOzm8U6MtjaX/i/QrhZLjXyYNj3L3CEkCQMdy7seoUGlw7whSwPCVLCZfSnDBYWdWlQjKVrRqc8rSldu6V7p30t9r3T/NDxO4lzjjHjGeRxy/L8TgKFTG1ME8a71ZToVYUZYn4ZJ05tOMIxak7XatY5/42eO/jD4B8CXPgDxffvLp+q2f2y1sbm9F7FpwkB80JEpKx3khDBlIzu9WyK/NCNINWaT7WsQuo23WzSMEMu5ixbY2G3kBcZPTAwDiv0I+HHw48eftTX/hrwVpUF7resa3es9vfI0t1d3F07cxzKSSsaOcsxIVQS3evtT4lf8ER/wBoT4P/AA68T/G3x9a6LeaB4c0J746NpNyr6oJUjLrI0SDK+WMNIMYJJwePm9fLuFsbj8FKnhqUpxpKSU3Vb1jZz5XKVnZXXu3Tb6dPI4OzXJeF6GYYCpSeHzKlU+sZhWy/C150KTbhCEq1SnBwow5d3UlFJK61aPw90TRNW1C3h0zTs+dJcOTawsJLgFWJYFRl1BwWYgngd1PPtPhT4TajHrGn6tq0lvClvGZYbVlG+SROsUqdUdipJLE5yCeOa+cb6Dxr4P8AFk2t6JdNZyQCe5CPv3IgZg0L7s5cKuGOBzzjA59N8L/tQ28UsS+J7OWAiCWKW5gGfPm2kGVgQWG85HykgdcmvyXjThfiKnSqSy2NOpB/xYwadRe9F8tm9Yq72W71ukj9HznLOJMbg4Yvh2th8ww+JpKddUGpV4e05XKHK23JJN6puStors99vtbtrdXtLh44ZzePE5QD/UjGUDEA4UAe7deO359/tB3lveeJ0eJ0W0ZgmVyXMi4wTnBC/TrweT1+gr74naB4lkNzayWyiYnywZQjxFMvubJ4LKMEH5u+ecD4z+N2sLqWrW1zuVIllVFMbAl8f8tOFJIJHccYyOenl+GHD+NwWcKriqFai1Bqamnye0aTk7tLe92vO22/13gjw9jMo4pw9XF4erh6zpfvXUi1Hme61Wmttkru6734fXEiitbaOIrKxf5n2f3iMgE9MDOehBJ7VPomgLqEqPHcm0gzHubne7bgcIVOT0yD/eIGWrJubh7lLJ5FLRjBTYmCTgYB9e3HXB4Neq+HFthZRsVjSWIiR124Zd3RFAx0wD8ufvdRiv3zMa/1bDSslKbWz95aaPvbpf4Wr7Wuf15xPm1HCZe4QlGdWcVBR0aXe/XVPV663R1Nr4EF1KH1TWbm4ARY4YzI7DZwAoy3HAHbbzyOw7Cz+HOg20iSgGUnBMcjHeCvPzMeCpyMr068d65warKwiaKQkRkMARuaLABJYnBGcnnjPt0OwniKSSTyi7AIgdtrAOzYyWQdfTIOdwPOM5H5nmGKx021RqqEbSbj72i5o2V7db6WtvdvVn8851Vzetzyw+JlBPm0hFrlTadn5PpZaXtrrf0jS9JtNJkxZ7Lfcm5YlIDqUOdxbABJ/hxgjOR0465PE0tskSSF2kRskBtzbFOSSVOB9ScYGMcmvFo/EE7sXYko4ZUZztK88hckHOQQcZIHJ25ao5tcmNwfKYKNgEm4s6sD2BByzEgDjqccE4z5mCy/E1q6lXi6jfX3k9UktmrtX0vr3Wp+aYnh3FZjVk8TGVWc3eSabk3dXTej0t069Gfpd+zt8UdKl8YeGdM8RXUC6HeX8FrLHcAyRweayxrPIP4lQkOeRyvPZq/oH1/9tf4g/Abwwnw98IeM9H8Q6Lq2nW0GhaqtvEkukWxhHywYJCSw5G0Odx2jB5+b+PHRfEesaNqNtfWCBJrcCURPkFMDO8q2SCw53dR8ueQa9vg+NnjDWtPt7KTUJT510A26R5JYyp2gAlg6RBSV+UcZ5zgE/qOS4+vkeGrQoc1KdSEV7WMnd2SuneWsXLWz+F6xR+Q8QfRvz/ifiXA4zIq2JwEZVIU8S8PUq0ZSpSlFTi5RabhKLfNFuV3tbW31N8ZfHfiLxn8RfFPiTXbx9We6vZrme/MrrPc3OSWcsGBDbjlVYHk4OOCPjjx/quqW7Tan9vkd5XWONDM/nRFgMA78nAB5GPmGSNuSa9HbxUIbIfaQkt20jyTTM+GZyrYJ3E7gR3HJXGADmvGfHOs2OpLA0jhJriUeYiEMEQYBJ5XHJx8p5AyAe3wOOVbMMfKrWj7W85SnOWvNdq+u97S1to7/ACP9PfC7wry3hDhXL8sq4SjPEUMNSjOdSEXKc1GKnLmcdW9db3vd30aPMdWv3vYxNcyytLuzJKWZ1JXA2oRkcgkdsE8AHg8TfalibaLgsiABYhy2TnDEHnKkENxjHzAZGK7DxPqVja6c0FjGGOPLDjmPBAJcHB2Mxx3I4wPbwy8u7uC5MhYFtgIwAynPJCqRyWP3SO3QDBA9jA5XSnD+GoxV7JRSS2291Po1Zd+59dmGVYPCyUYUKWjTfuxer5bWS6aK97XWr6tbXiOO2vbUvLM/nxqAJlJGBjcI2AB64wW6/XjPjM93fWt+TG0sQPOSCBjPJyepIzwOMAgjsPQG1Rrq3ZbiI45LMTsGV3EKR6jnAzxyfm4auP1JhKRJhWk+ZQMg4UBiNwBXIBI5OOc57CvqMswvsU4OldNu+idmrLe12ra+ltnoed9VoQT9yKbX8tmrpdNb227W2KtvrNws+XcsGcNksWB9ORjGcY6/xc5zx19prk0SA+WkoLHELEZUN1PJHUcAkcAEZXGa8tEhJO75CCzEKuQDk444HoARkDk+tWRfTSMixGTeBzjJPQjAA68Y4PPPTAr255VDERiuRp6bR66JJaa+i732VzjeHoe05m42tZJNXXK103766W0O21bVpNQg8mRUhVH+QLgliFGQxBAJyVGTg5xkEisVL9bOMIyrvJLAbi3y9CoBHAHBJBye/Bqla6VruoypDaade3KvnC+TJtMhI5UEjv6DoTk85rr9L+EHxC1S4jMWiXFtvGxftKNGgJPBMjEY67gRwMsdxCmvSwXD9VpRp0ptt9ntpu3573dnpZ7ETxWEowtKpFQTabclHV21t21stvnq1zEPiC8aYwxSmMOx5/hHTBVSCQQQRu544yFNS6rPPd2DTXrmR2+VAuTICmByNw3A/kAfmxzu+iPCX7MXiA3MFxr+p2WmxtLiQJiVypOduAxCkg4GOnA5BxXueufs6fDaDTYmkv7uS4RQfNhcrG0nBdQoGcsMjG7I4HJyK+py/hHEzlzOnGDjFP3rK79217a9L7fJaHi4/ijLsLHljUU3pdQXMktFa99V1fKrL70/l34BeBr3U9ai8TSpJFp2mMU3D5g00o4bJ+X5CyscZwMdOlcp8R/Butt4u8Rvpmm3OopLdSTC5VWdWByTwQQCvQEdc5HrX2Fo1hpngKybStFV205yr+XIRueRsAu/QkZyQcj3B61gSqs8krwFraaSV2k2EMAMZO7GCQf4sYOcggdK9zEZPOlhY4eTk3GTlKS/mtFe67Ja6Nbu2rsfHf6wznmM8ZG0qUoxpxjJrSKcW2m1a8nrun06WPzsvNN1G0keO6triBlcgo8RG3nI9uufc4zzk5ofYbkEM0cqgbSOMAL05J4wc7fw5Oa+7tT8JRakz/bDHI7OWZzbqrFeQMP8vJO7HXtnnk8FqHwwjuXMdtM0McisCZUP3R0BbaOuQFOAOoIHBHzVbKMXFrlpuaa3strrR66a/n5n0mG4jo1Yx9pFRasm0ttl8Kel29el7vY+b7XRbmTTpL9z5hiYIqyOPMUZ5dQf4WBUZHU5z1p6WR2rPHGsLrtB5AZhjnBJyd3JPIAzj0z7dP8AB7V1j2Wt/FIZBzGxYKqg5GRkgkn174OW2kVD/wAKm8QzbEkuLUvG20x4KsMDBPUYIIHpjIIyea43leJ1U6FTtqnbpaz1fW+nV66o9CGcUlLmhUSbaurXs1y7Nrezu3dvpa2/i0TSodySS+azlZCcgAnOCcEg4PPOfmHbFXpbh2CCCdkkiQq4LEFy3yuTjGO5AyuT+JPrkfwk8QR+bGpty2d5PGCoGcocD5T2Bx069KY/we8RSQyYWBQAWXDqGOTxyuG64PHGOOvA5J5FUnL3sLK3dxe+jve9rb3va+qsavNqLi3zRbTW/wAr311k762Vlrpvfz3Ttft1ttl1K8Vyp2Ryk7I2iUjO7gYYgEMR0yPet2w8VRGJomnBl8xpIZDgRoAc447DGCOOvWtS4+Cfi2QRhbSE9zmQNuY4O5QWAHYnI64wCeqf8KU8aeUSunJ8pwuCMhsAEAcDnoxAOATg8c+dW4P9s2vYTTlvaMmr2ju7O99EubZ9bmKzDBzblKcY36X2vy3SXVWtbrfu3Yrx+JrmRpRJKJFcErIG2EKMEhR1JI5z04AB4yZz4onMMcscqJDBIMkj55OAD8vBzxwCu4g+vJZcfBLx6qq7afLhVbmORgFPJIweSAeSAVwD1PNUj8HvHCFC1pdICSf3cTFd2CuW6qW4wCCByMjdXIuA0nrSmru2sbSa0vf3VZd9UtVexpDHYDminVS1Ts33tdN2WiTu1fve1rO0viRpGErkCVtzKG2oiBDncQcAPng4JwCxyMZqD/hKIp7lVmCmCXLvJkqQVUqoyeXXJPy/OPu9zwsnwe8byIFFtcyfKT/qm3IWbsM8kDrjnGR06S23wS8cSkbrZ18pht84FCC2cnLYB9TyVB4HrXTHgRRaaoyeln7ulvd311elnfvpd3JWY5enNPEQtHs07tKPeyasu7atuzPfXkja4EojkjKqYmV8+XHnleMEc9V6kdOtOtvFFvCuJRHJu5g2HPlkjGCADySAvIO3d2wMdLD8AfGBZxK0KbiMsXJwDnnGc8flwOMCr8fwB8SbVQXNtHl+RuJJAGMqGwR68DgZUdRneHBEulB2tu0m27rq92t9dF8xxzrLacU3Wg1eza1kmrWffrpez3d+r4C419kZrmOaBEcyOYQPmLDA2hiDlTnsuBk8DGDFHrlqdssk0iMFEjgEtlnPRTnAx1yAe54r1aL9nfWZpAJ9Rt0VABh1Yq3qFxgkYOD17E9cHoLH9niJWY3OrxtwAqeWSFIJ+XJA6A8ckjgZyMn0aHA3Mop0lbR7rR3jbRX7bapXWz1OWvxLlVK69pGTTWtm1b3XtZejdktmk7ny74jvBrFwjyKR5EYityf4gehIHIPAPJzzWHBZSHHzKpCsdg6tjpuyD8w9MDJ2/d619qL+z7oSTo01+8h3guVVgMAgjjdjaC2cAHrgjnB3Yfgl4Xg2ExNMfMbcFJZGUkAFuMjJwGxnrgjJzX0mE4Ur04QjGKUYWSWumkd1G1n8u6vZWOWtxjlyh7s5X2SdlrpZ6WV73s2ttz4vsrSORIFmZgI8Fw4wWJ7ArkAcHOCccZ6835dPSVsW0cmyR8NtViQFyQqYUBlYZAIBOAcZJr7li+Fvhi1jUDTIdynAVoyxds4BOcYJyMc/NjkdQda18DaSigQ6ZCXRQxQWzNIvUZAIODg8jOMBic5IPr0+Gaqirzgndax1ai+VXk+i2dk3fXTU8KfGWGUnyRbk9dXZrRK2iu9O3c+CoPDF1LKGhsL2TcenlsEbHB6Z64xzg9sACunXwjrE1lNEtjJFGxUgEAOhz90JgE5GeARuyc9Pl+8LLwMbgZttFvZUkHyiKykzkYOOIySSDx8xC5HB5zuwfB/xFqbD7D4S1iVCofeunzkllHBbaq5wQSOBjByWwM9kOGqjSSlfpoklrbZq973fW/zaa458bwjdvlinZpudt+VWa5fld6btpI/Pmx+Hl+5ZZZmXEYJijj/eIQc9ByBnB77gOQQDnorX4YEov2i6uDuYDYiBXU8tllIzypPcgjGMnJr9B9M/Zt+KGoTobXwLrBSRQ0cgtTBkkjG9mHzcck4U+nI57rS/2N/jBqMolPh+2sSjrtku5VhIOeQ2eFx1HHOMgjBNKXC1RqLjCXZadPcW3pqtm0+pi+PYcrvVpwSVk+fW3utvVvSzey17O2v50WPwX01mMsi3M3yqcTFlAxyCGIYkkdFI4zuGBjHfad8HtCjjEv8AZcTlgWBnKkg4Bzhh7bsEH0z0r9MNI/Yh+Ic0kY1jW9I0qJiMyCWJ1YjGVVlIyVUg9MA47AZ9FtP2MfDdg5k8Q/EjT4/JQCSHzoog+B90N5nfjjGeSTkEY0p8LVI3fIov3dXyq+17evS339Xxf6/UXb99OavtFSl7zt2W70va+rukz8u7T4e6TZKqR2lrA2VzKvlsTja2SOvBI4A7Y+aultfDVijKApmZRwYgcvuOAAoUjjpyOxxmv0im+EP7NvhGRZdY8V2V3NGAkyzanC0I25ZgI1PAwRnIzg464AhuPiL+yz4OUtpc2jXckQJiaGz+1M7L/CSTt5yfmxjp2HG8OHYxt7SdKKTV1eNr+47tdtVv2JfG9eabw2HxVR7fA0rvldk7NW83G9t7HwfpvgLWNQlZdO0PUJgxCo0Nk5DbgRhjsUg4XAJ7DAOOa9X0f4G/EKcrIvh97RSVVXuIihxxnKEdiOQTjtkCvfL39sX4cWCIPDfh25vJsnattYR2qGRThNpKE4PPcHnOc8HzzW/2u/iPqbA+G/h+YDK2IpZopZmOOjEKAOOcAj075z2U8pwEEuepCUouN+RK28dNL/Kz7PrZefVz/iXEO1Og6MJaqdSpK6vy6vW2nRpa237954c/Zt8WXdzbLdX1tbiRcmC0txLI5AAKk9FJOerDnPI5B9xuf2eNI+HenWmv+PvEKaJa3277M+orDbiVIxnFsSTuYBTnABOe2Ca+NY/ih+1X4rmAtEl0YzRHYbe3W1CbhtUhsfKRnPUnuPmr6N+MYsvG37O/wv8AB+r3viHVPijoWpXN/wCM/EerzSTWkFnOW22lqm9RsVTgNggBeD1rSpRwtFN0qLmox1ctOz0TfddnbeyseLiKmcVK8IYvM5UVUkuSFBznKSVmrpaXbWt2l6WZkan8VfgL4VmuBZ+IWvp4dwRrSNZpp2jJHVV3KpIGDkfLjnOSPP0/aauPEmpponw08Fz61qV1KI7ae9fGXZgsZ2PwS3occHgcbR8s3GleAPBl1NDcxnVrglgZHQhFLkn74JCDAG4ZPPQHoK9l4ttBfGXw6LfQxaP5kV3auyzlkOBtKEHrgjkZYYAB218Pm3EOX4GpKnXxNGg9eaMbPVvrKzX4bbI9/BcOYisqVWNPEYqbktcRUdNdHflV218rbei9V+M+qfHqx1eHRvHt/N4SGpANbabaMUWaMqSY18s7SyghSFYEscHJFe7fsyf8E9r39onQL7xjr3xj8F/DjS7QyoZPFWoQNq80kR2MxtbidHVGJDBhuUA5G7kn5ivviJrHja1sY/GHi+3u20czRaSt4iy35eRcLKsjt5rMWUY5JVlJPINeMzeEvi7qEV5cL41mj055pPs0EmoTQypDuBDNBC8S7SpB+bII456j85zTifCV3y4PG03Jv4pJybhonbXR3ty8yvoreX6ZkGS06MU8dhlGNm0qUuV2XLbnkraXsk3a/o7n2X4n/YA+Id58ZZPg38G/EXhb41ajJGGhvfD2pW0dsokITexYqiIhb5yMgKpx3av2p+Jf7cvxc/4Jl/8ABNvVP2D/AImaf4Jvfjd4p0zUNM0P/hE9dtrmfwp4b1qIB7rVfsjHbqMcQZNzsHyW5IHP8ol18Rvix8G9ctNV074n6/o2tXk/kW+u6Bez2t1Bbqy74RPEyOzfwtvLDqcEZApeN18Z/FTWb/x9r3ivWPE2p31tGt3rWvX1xeajeDyxlw88jleQDsVQB2GWGfKhjHCEK2NxMasdOWdlBcrUeZTSWt3bW6022Pq62Ny7BUHLD0J03JcvNdzabS3elkt33Wretzw278V3bape3lzGz3T3MsmVbebieZ3eSVgclvMdixJJOCecjj0LwO15rceo6xPLZQJp7o0dozAb5geCqBgT3J5K8nOSwYY+g/A/xp4re4udJ0++1CexLSSMLeTyUgGcSMdu35R2yenA2gsfefAfwxtPBssOq+JLSee3+0yQzWqxSwxtdBQGaVZQuY0OSSVIABz1Nc+Ir5di4uNHEYeU5JR0mtL2V2oq7a9HbZ9z8v4xz/DUMoxEaUqnt5P2d4XUveTSb5U37raem70S0Ocvb/7aGuZQ8su1VlLqxRWYY3ICeEQAYU9dvqaxLqW2lR9OikRo2XJlCfMXxnYCCTjpt5yucdMk+r+LF8Np9pnsGXykZ3VLZP3MxkJKwuegZMEHoCcZ5AFeK2t35GpvA0BZpVkZDLgLEWGQw4UbQCuBnjruBGB5WJwUcNTtBKSdpXglZysr+827tb7rRpbn4lkbeOqSrunUhyyvJVItuTuveTtr53srvZbPXs/sFm1nNclpI+FdVfEUbIcIGcH5Tk85OM5Oea9Yj8KLeiN9KSW6hCLcTXsYaaFJSgKwsQRsXO1VJI5A79PBNUuYXgg063ZmM1wWnkKbgr7uQNm0BQeSOBkgnOK+kPgx44Gk6bfaFPbvKkrMz3T/AHUWNSSpVgRsABwW+7kkZLZPz8sE241I3cnKKm7Ras+RzTaV2tVJp3tqrnRxZUq4TL/reFipypxXOrXlJNJyStvFtK7t067FPStH0y7vo7C8dPNZ3/0iRP8AUjJzDt+UYJDZz0PGWANei+KfhxHJ4J1i9sIyk2mxLcyoC3lmI8B4kj5JYjBOcHJzuJrptL0HQtd1qze3tz9q1K5hitbCyPmPPNLIEWJQgYiSRiAoxkscKBnNfYXxS+H3xT/Zv+D95qHjD4T63osPjhEsNM1rxFpjLZz2EsKyRm3klBCyKjh0boflwMkGvtcp4axuYwjiMPSbw1GV51FFy5dE2vdsm31jqkm27H4FjeLcxWdZSsDDEe2eKoyq4aorUEnJRneb91R1srrR23u0fjv4c1O30y7mEcksLAI4fB3QPu5YruzudhkY28g+tdv8TfizqfxI07S/D+o3cl1Z6LbJZ2Ez5IhRdpYBegZiDkrgkD344TWpbRZbl4oRFcPcb3zlQ5yeQMfdU/c5PHYY5TQtLkuLhIILV7yS++eGOFDLLJcEZVIYkQvJIx2gKMn5lGQTmvoI5BXnN8lK9SHaPvPbdLRLRK9rq6aW5/UeVzwtWnh8diEqM6kIKdrJe9GPuva6b0clrZqy3R5trEWy3WO3YEJiOZQ5VSyMMNgYwSOuSehNe0/BOD7b4r8Gfat9lbT+LdBsb26W4+yrDp819BDdzmbgRqkJclwDgLnr93gvHPgfxHo0W3UND1jRpLqbpq+m3dgJwV3g2vnxR+aF6HaTjj5RlQef8MyalHIv78/Z9NKB4GdomuGDDgYZSChGdy4ORx6nxs1ynF/Vq+Gmp0ZV6c4Rmop8jkuWMk2k7weukk3rfsfo2V4fDV48yp0505KPNC0JXXutJ397SKfwu8ttbo/t4/4KFfs9/Aa9/Y50jRPhr8ItC8OXfhzw/onigfFjQLq0mufEbvpsRu7S5uUlZ725u3YyOOG3M54zX8k/jO2lTSbbT7e2mDKsrI90/wA8EakncRgnJAyVPfnngtwV1+1H8bBo0XhOb4k+Lrzwlp11ut/DU+r3U+m26AMiR7XkKGNVI2o2VAGAMAZ5RvGd/r8M5vry4DsWklfeGwrr8qoVGFXLKW+7kjHUmvxnhzgviHIK+YV84ziGYLFYlzw6hHkWHpR5HGDjZe+1Ft2V97yvdnRxDl2HxWMweMweEjhPZUFTm48i5uWcailZRjbS8VdN69NLcBqV3ez6jFbySYhiDISmEHyttGAOSDz0GSVwSDWno9nFNch9xmijDM8m3gMQcAnj1GCQTyOccVvvp1ld263kkDD7NH8srFk80nqDnliSd2O55/vYn0VIonYvE1tbTkAcBgwT7pDEEc45288E85Jr9Dj7ONJS5FzWd7O90uVXTSjZLe7vda3aaPRwuNjGmk3yyS5ne7btZaW2bto23fU8k1+CT+0JGSL5AX4H8LKWUM2OrN9CMjp1xy93FesIpShSPBVVKAk5OCVxjqcc/Kvc9CR7bqOiR6td3EqMYVj3AszeWXGRggYHJGBw3Azn5uK9+l/ZS8a3HwaT4t3d9p2haFbXQjsLHUyIdU1aNVYtNZwyKHljLAFHClWGccHA6Y5rh6KpQqy5edxjBNpuUlyRslv6X2VmrM6Z8SYbCujCtUUZVXGFJvlbm3KKS5E07Ju65vPotfjDw+16rTAyGAqAQAu3zCGG3GckbRwQMD+6flq5rGo6kkix/upVnYL5YVQiEKPmkwSA+OTkg+pxUvmSRXs9s6pBczO0YJ3BSFO0sR1ByP4QB/F0AqbVNKeSyDRqBdI6lpQ/MgJzlVBzzjkgA5UAY612utFz5pauSv7qcUk0n33sk7ab9D36GIckp29x63ju7pPW+iVtdrbK6u7dx4c8B6r4vh0+HRInur11ErJCA32ZQTl5VzkKp+UHnkc+/H+NPCviPwvrMmm38ElpexsfNBZQZY2I2uCMcHPQcjjPXn274OXuraBNbXdk8tvcmLyGYuU+0ecNrEA8FI+SeBuIPfrzHxRjvtQ1fUbi/uHnuvMWSK5ZjuZGO7y41JJwN23GCAMnJA5444unUxMqbWkVzbpNtKKs9Xbqr915siGPisTOknzW1fvWs1GL0tdJt3drK6+dvAjK8biKaIyldysWBBG4gHBZTkglsj298VtR6cb20jeMs8yK5UnIVgM/KDjGByCAcgnjnmts6A01vbSPlpGKnCLliT3YAnIHTPGOpx1b0jQ/CkN5Bb26tKk7ziG0t442LSSkAhTgdyQMEDnIOOoeJx0MOrpKMU7OWlkuWHdrdWaej1ve2hjmGc4PLqTr4ipCnCKu5ycUkkk3vZJ2svebtpa3TzW10hvLTzBtYRlZFABRRz8xPp1Kk8A8H0arqNlLYwM2d0YB2K2G3kgsGKA54GB1XjqMcj6dsfh0v9gX2nr4e1/VPFyzOjWWnW8s0zRHBjBjiVmAUYBwF4ByPm214Fq3hPXba4ulntLi1uVVo30+/SSK5sgrFHSWGUB0bAwxIGODjGM74GqsSlUU3yNXTb1aXKrpKyt3tzO0dnseNkXGeUZ5iatDBYqlOrSnyuCnF1GtLy9mnzOOsveV1o3qrHI6Rpv9p6bqEV4NkSI5tyOFWU8jpgZJ/pXNWsE9o09jKZGK4QMGBXB6EYPAIAPGSSK9FtXk0ywayMW2SZykjKQcjgnK4JBIJxggkYGMHFRG3thPHJtAJYLLlcgkYAcnkkDoMc9c9K75xmm7RfLZW3vbSz6/c2raarp9ylFqy2dndxsls7apS3el7vsYWiWU5uYrSNDNJJMirsDGTcXGAqqNxYlgAAMA54wK/Qn4Z/Aq7njsI9b0vVJ7nU7dbqwigidFRnO5fOeby8HBUnngEAEE18z+AfFNt4Gv5tV07w5p+uanI8T2N3qFuJobKVWDK8cRO0sCQRkEH8a901z4ofHn4rXdtLPrGrXC20awQWmgWD20VrGflWNfssUbYAOwFm46ccitcPgIVZKdSNrW0td6Nb2V23u+ZWdtXbQqnTUftOycVZtPTS625rvv6aaHrfxF+GWk6clvd+IfGWi+ElsLfyf7Pu7mGfUZxGxDLHaxliW2gZydwwCDk88FbftD/DfwBeaTYeGvDeqePhZLtlGozmy06WdDhSbfkyQE9UDDcCeeWxY8Cfsf/HH4t+J7DR7zSLyxi1Jx5eteJZpI7WISAFpbi5u5dsSEtyThhnOMA7u+0b9hjRPh98SL62+O3xs+Hfg3w/ol1GbhNI1m31W81K2Rx5sEMMDDy5GRSMZIBOcYBFe7RxP1Oi4U+aMGk7uL1Scdlrppeyt5bo0eGp4iUVKMWlKMk5yWmzvbfXtez1Z8z/Fr9sX4reMJJLPRl0r4fafCNgsPC9ilo0luPupPOwd2YAHc4IJJ9OA/wP8ADz9oD4w6GPEOkaR4v8ZWwRln1ZU1C9thngQJKMwrk/KSCwDAc819x+L/AB1/wTC+HGqSN4W8EeK/i7rdsURmv5jbaRcvHhW+/kNG7LzjAxgEDGBzXjP/AIKv/Fqw8Ij4Wfs/eB/CnwT+HikxwWmj6ZaTX8oPXddmFpGZshmJOc5+YDG3z62KrV4t04O7a1qNxTb697Lu9Pv09Gnh8PB81SreOiioXjyvRa76Pe7SvZI6v9mn/gn54jvNf0zWvjXpF14e0C+MElno8VzDFrV/KJFLxXau26GKRc5dhgbj2GK/WW6/Z9/ZE+FVjLd6h/wrHww4tnlkufEmsWep6xGYFyqC3DsTLkZ2kAk4wRncf5odR+NH7RfjXU31nxF8SvFLuzKY3a8ngRFbOFhWJ0EeckqFHXLdM4yPI8UaldifXdY1PWGuZMzTanf3UpJ+ViiCaVgC/JOFH3h1PNfGZ5lqx6bxGLqJJW9lQclFyVrt+9zNtO1tFa19Weph80wWEp8lOgpySclOcYtvVLmbav10as7X6n15/wAFE/GnwR8Z+JfCl/8ACieDWxoumyafrWoafZrY6a00bFIBbJGAsuAF+cbj0ycHnf8A2P8A9sfXvhdp2jeF5p2sVicG1maUqssBfaYsncFDD73I5xzmvkuwsfD9zNdafqGnwLDHbF0RpV2pIE++OgVzjlTx78HPV+AfDPg2/u7ee3mRp9OnaTyZHyzvHJlIlOThMghj6jivy7jzg/h7ibhOpkGeZf8A2hgqKdWkq65n7SMbJ79G9k+93dq3Xw/xTjsmzhZhgpeyqNqMkklGUbxTi7dHa68/XT9if2iPiH8Vfip8K9V1P4fXt1enUY42v9Ka4aK1uo0iPmq8JOJMgbgSCWIyRwc/y8/EnXNXfxBrWn65EINRt7yWCa3CERROrEGMtwMhgwXjAHJyclv3vbxtdSeG57DSNQvtOjkso7RYrYnyFmaMIz5XIbC5z+ORlePzd+If7K+seMdb1LUNO1WKC8upjI6XJG64kkbL3LHB+UkhsEjoexyPj/AfA5L4fUcxy6eHwmAwjrueGrQpxhV5Fy2p1JaSkoxilHmd469z6rj7iSrxWsPWdWbqQjFTpupHkuorVR03W92ra6WsfHPwe8N3PjLxF/ZsbNFKqIWmjUGSzjLKZJ2wThFBOc9MAfL0r9FJvgF8O9Y0NrC7vy9/BCrXt6gPmSxQguHt5GJxIDuypBJPA27aofDf4QeF/gdod/bakBqvjHVQ1v8A2oI2SGGJ14jDt/yzC9SvJHIycVafx1NY2EujC3Rxvkja5jxuXedqopKklGHAYEH73TGD9ZxbxfmWcZtF8P42rh8BhWkqtOydZ2SnOzV5QS0UdrNtpXSPyypThh1yVFzSdmmmm0k4pJ2e9raeWjWh5b44+ANzZ6ZZ6z8PtVi1GF7eS3uNPlQC8jjhBBlIySxbbwACSe/avlfWvB3jfwTpTa9qXhu90+xlmmiOoywNHG75AO3H8LY4G3GeuDmvvyCy1RxbX+nTzWCwxp/oIYh55GbLOMkhlIAyM/MMgDIBrf8AE2n65r6WWj6/bwX+j3MIknSRV+yQs6YAVeQJUwWONuW3ZGcY1ynxFzPBTpYfHVcPj6fMva1HL2deK92LSWkZS0vtvddTlhRp1IycY2u1dx95c0nFaXWmi16ptttH5Erq109ybieRriKQEt1xk8kDPOQSeuTycDB5/RH9kTxBBB9vstSgcy3yR/YlkAaB4lIO1ogQSm3uDx8xPYV5d4m/ZQ1+91JF8IbvKup5Zmjuv3MKpu48k5G5MNhQF4C8cjNfbnwO+FWm/DHQYofFkNvP4jtoyy3cIZtiyABYS4yMZAyCMHqT1B7fEnjvhvMOE6uHw2MVbFYpRjTw9OTVWM7JvmUW2kuZJ3e7VrrQ2wNKVKtCUWowi7Xlbleysmru7u2knq18j6mb4rWvhmWwvLWys7260/y0gnktoytsrAK8YZl2qQAQpBzwMmum1b9ovXrrQbvRdM1iew0nVoZDqtjEGjtGklQ+YkcagJuc5BwOcFu5z4NrFyl3cecLK0msHYRtBHKMTuF3BwVwwYYJPJYEcnA54G71y2hmk0hRDbW0chcTOodVmZgFjyOTtGB1IAzjLZB/mTL8FVqSp1WsRGMVeSdSolyJJuNua90rtpadb7o9irWd9421urOOskk7O6a2Vm362udcPiXYwWUlgbl7IkuI2idmLYLEmUZO13UYI+YHg+hrvPhhfal41nSGz0m6u9Kt2cT3ATzHACsWClhhHY8qVIGMcfdrxu78E6ND9n1EbLya4XdNbLONjyytlnROiqA2WHIAGOAMH6J+G3imDRIFGiXC6TDbxLBPbxfMspPyyuSeGcjK9+3PLE9mYY1ZVRhiMtjVWIhOEpT5nG0o8u7lNJ26a33WrsjLD1XGqpNva6Ss5StyctueVktLqzvbcoaxYQpq89iy3MLxv+7SZc7YlJ2luMb88EEkfdJHTCLK1qjqQWk/1YORkjuQMHjIJznA/LPZ6nrsNu11qN1poupJjkCVNzeVIwAlEh+6GJzgk43HAHGE0zRLXWRBfxN5Tu5SW0eRVZARuLlcZ24fPGMqAcDNfuHA3ixluZYfD4XNHPD4qFOMalWdvZSkuWLkpJ6czV9bXtvc+jw2Oo1ILmlyVFZWs9dEr32V3o9dtuxy+k30Ls9vI7w78lmYYLlSSQV6r0xjHTJGM8eladZW13bxyIy7VRVMZG0t82MnH3jnJO4cjHYYrl73w6um3Lg25XJLxSFT86kAFoxk5479s9cKDW3pN2BDJFCyxCMGJmcgMduTuCcMTnOOTg8DAr9NxGdYWpGGJwlelUguVqcJqS0ab+F2V302Td9T6rLJQcfZ1knzJNNSu0tNXd330V9d7vY6LRdOexvxerEjQRziQxgcOyEMgJIOOR1ySTkknbVj4w6j8J/iutr4S8Q2d14V8UQ2yNbeJNLkFtNFKFAUTlAu9CcMQQeF68YrMtddtrVTF5hZpVXbtYMS2dzEg4K7Rgn0OBngZ+afG2spcfEWe7mSSeKK3jRSoIPJwrgLkEbmGc7j17Cvb4azaGYYmUFOPNGN1FWdvO6Sdlve/czznC0oUYcji+aSWydr2e6j71t35PpbS3rvg34xfBuO1v7UwfEf4fIyu9/Aq3FzFbFidtzEm+SMqh3biOCc8d+mtvHHgv4i6NOvh+6hstZggEVxo86LFKsoBMiJv8tsoQVDA+vJJBPU+FvFmraBNCwmlutOmgVpdLnbdBKhGPLeGQMjBuuOoAPPXPsul/AT4QftCwPdeGTb/C34iwwSzG+t5VgttQuFXKGW3BVGDnAYgAAtx2r7rD5hWwdeHMnUp3+HVtWcV0TSW1nfr8zxIZY4RbpuMVa/K/iduW7VrWSuut/e0Wx4Z8IbqS3utS067zBcQylkRGGWKvgsoGMg92Ax0A682PjP8WrzwUtxpWlvazNLbma5uFYGSL5SAIzwQ+4nAJyTn6nL1jwZ8RPgt4in07xnYAxwWs8Vh4jTL2WorGHWOZJ4+Gdx1UnOWHA61+bvxY8b63qesanNe3Mm1pbgQBGJZgsnCkZwFOOOM9CSRmvJ404hnXw9PLMDUlCpjHFVZ05NONNWvHS+rTSdt1qrX18jNMZWoU/Zq8ZSsuZbW0TvbR9tI6O2u9+F8afEHW9T8RXU9zPNIb26Zwm4sXBY4ds7gzbcbQBjdk9MGubvfiFb6dHc8yNLIn2Z0mbaxbbjeC33u3cDoODzXkureNrU6hOGBjuVUASlgz7uh+QA4Ynrgru4yOtcxq93d6xDHfW8YEUGUEpHzSscfME6k/3eAQeOK+SwXDlBRp+0oRc1FOdRq85yTT55Np3Xd230dz5F8zlza3ffrqnfrfq/n0Ps/wCFFzpuoaNqGpWqOt04KR+fLgCYgh3iB4Hl8snGQDyAevMazqbRXl7axyJuZitxIZFdpJM58tRncSw9AMHORyAed+HF7qun+Dr0m1ZJY7Zntd67SQ65aUnsx4w2P4fvc14hN4hvLfU2uLiZ3eS4aXZ8xVSX5VmbocEKp3ZGevy5rmoZLSlj8VOKi4xfLGys9LJ7Jb9fklrqick7JbRja+kU/hVktPv/AC1Pqn7Zdf8ACOxz2lvHbQwxvHckBTJNwfmAOSTkjJycZzgcmvJhPZWWsaY2oWqST3NwsizyMM7Wb5fNGSW25DAEDGATuGQYbjx1FbaJDbSySRvcRPJKivuLK2QVGNu1ienuCSpya8s0zUJ9c8UWMdw8r26ysioCx2RqQUAPZ3Dc8AAkjjrXZTyqdKhiXOCjHlkk9G7JRitPTtrvYwk0le+zirbtttKzi12drxs1r6H6HaNqtrfWVlYx3T2phQFrgMApjI+7GOnQ4AHBz1OcHg/Glne3FxJaaTM7MkwleaOTdLcFgCiFc/KQx5YjnJz140tBvtPjh01XlW3ljQRBWYOFCAA7wMYkIG7GeuccAV5p8Sby70zVU1Pw1czSIXY3REhEkZTGVKcrtIzgKOPpg1+VYDLubN60KacHOUmvaRbhdNNWs72Wiimn3sVKalCzV+uuq0s1fqknt+h0Vxo97/wiN/YyJ50twjyyTPt8yCcDBgRSQckD7xLfexknGPO4/hWE0e31Oa7zIMtcRyZWYL/zyVSwyCCSpzzkE5C4NrS/Eeq61ZbkYrJG6S3DSSffYHIBUYAyMnI5wew5bRuJNU1CK5tIFnlKRmRSxKwxSYztzk5HGQGIHYZPFfTU/wC0MHfDuvGnGrUXNJ3+1yqy7aNvTXRehxSTeqbSfu7Pvd3dveulr01eq2OK1qeK1eC202eYTW9qEWIvgRttJwW5+YnjB6N07gckfEuqIstlMGnlCAMXY5UnkOWwVZgCQDyexY4NY5kvLbXJFvEunjFypvUaKU5iVgHOcgqMDjjdgAHOM17jb6f4D1FY5bdVaeWGMJCvyyQyLwRKMnep24ZyOAMk9a+i56WBpQbg8U6kUuamlNqUlHzdk7batq27MnFxk1H3lJaO91d8qts9L3Vkn02bsdz8HdXhtbXdfyyxRMqiNSv7p5GYjkFTuABADZGcscZ6+f8Axd0nUNL1ZL22jEVrqMksoa3jOGD7iu7bxltxBB5Dc4Hb0nw/qtlCkcZtLU29gyxR7XXkAjkgYY4PPOTk+hBrd8URWPia1hsbaYJOoeV94DKAFLBVJHAxyADgEcjsfIwWPWHzdVXFwpVORSVpRs5NJ7vlvzX6dG+rCjOdOScmnqrWUotXajqnq722i0lbVdT5i8I+IdS0zUQIiY23rG5IJHJAZWDcNlfcHscDr9FxX8+sQG3iEdxKAHEpyQrEDcuHJCop3DkZ3A5zw1fKutRz6HqM4lYYjuzl0yrFFLbSQAD0wQRxkdNwY11vh/xnOk8UsE5RHCRvGGwzIGAYuwPTkjsOT65r9Br4aNdUsRR10TW+qdnrrrvdrV6abnTOCqa2ck93ok1K1naSa0vq1d9l3+zfBl5dWsrWEkYN5LbosU+5RtTbg7eSqphiOFDHBzmtPxH4ImtPFOi6TbM19d+JRayRfOVHnXCquw9gd7gbio5GO5Fee/DfRvF3jnWrFfC2mXl/dSXcNssFoj3M0q5BaOGNRlgcDKgEqowQMkD3D4k2Wv8Ahvxv4R1TU7WbT7/SJreCW0kBhnimsJQrq6NyjAoPlO3H4ZP1eDrqWWpOparBqEYPpF2u7NWurJa62XkcNXCKHPONBuLpyfOo6tpQd1zfato7p9lqd54g/Zz+Lnw10dNY1HR1WwW3+0XN7Y3Jne0hkAaIXSDLISMYU9wFyDkjitG1u4S2kS7n8+ZiCjvw0ZVuQeRhSOATgk884bH7ffCXRtI+Pngf+zLi4l+369o1rC4VvOkkmEKxrGYslnCSHOAo6cjrXwj8VP2EfHXgTWbqTxJeWWmaY9xdx6TFHKEu71Ymdo45LcYeORlGAhBLDpjkD864jzKGCxlPC29pWrxTioQlJyb5UlaKS36tPXZrpvwVh3xFg8XXxGHWH+o150m6jUFKMZWUne0FoktnfpofJv7XcPxm1rSPhzcPoo/4RK38JJNYXuh4mkjgULl9VNuo8styVVzvC5zzXxF4Om8dSazHIIbuOyChZmlSQRsqsAxw2SWBxjuACByTn9CviP45+Mng/wANWvgTUdNutF8KQWMkNjNqulywyX9tuAxbTXEQaZGABXy22jPGeDXzXe+I/LsImKCO7GVRIYxGAWB+eQgdTjIGMjjjmvQyLMsz+pOhmEIQauqfK5J8nNeMZ3UWmk+l2/lr3cR4HAU2oYWHNHkXtHNJO7Ub8rirNLutX6HXQ+L00uyeC4LK8QWQ3G7a65UbsDGT82SV3dCcle3knxCnk8S3Ftq9o8b2+lRebLE4VZJI8ZKnODyAc5BPJHXIOpHAk9nd6pqLsEjgZmjkBIlOScqOhUD0AwB15xWBpOip4n026uYXnHniWBYoyy4jUshYhccY5Veu09Dmvp8vkoyVRya2a1a3ae+zsrKzeqW7sfnNSjh8HUlWcYx5bNyS2S5fd1bVlopa3erb6nmDeP8ASJGNvGk+ksruizByYZCCQFPQbS+45IHGOOtegaB4vu7e2LNML2HcCklu+WABONyggkBSo53AAALmvEvHvw21jwzJ5sI+0afIzSrIQWYEkkkqAdoyOATnrngA1i+H7i8RreOK4e2Iw5bzD5TFSSFYZAzkEDcMLg9OQfuMvxjg4pVJRlGzWr1ty2T2TV1ppZp6dEbVKOXZnTXNQpYiLXLJqMb2tHSWnK1rrZ9L3s7n6T/AnxD4a1Xxx4bs/Ft9LHoN3qlvHquxzDOLcsowWYgAICQWwB168mvrrx54j+HegePtb0PwLdSHw7aXMbWL3coMjsyqX8qfJbcDjDDkHHIwK/GuD4hR6MhudXiH+jMBHcWj+XM2w5OQpG7HUEKeRu6HntvD/wAV9N8WXe/TdUcPBs3W93KBOSvJZSWG45IVueeuAen6BlXFWPwrhGWIn7NJSjBTS093daNtJW0drPbU+Tzbww4bzbCzg8NSk6sXdVKcXpJJNpPbV/irvQ/od/Zw/bt+PP7PE8Vx4P8AGtxrOiF1W48HeIJ31HTZbckDyYkmdwFZCFBBKKD3AIP6P2v7Un7B/wC2nYrovx48G2Xwf+LV3H5MPibTIo9Phlu3+USrfIFh2mQswR1ZiD97PT+UrRfiDdQNCsd84liRSLeV8E7VwCpJwemcf3cE4OCPQbD4gS6swbULdZZY8hGRikwUDIaMghlI5JYY7c8tj9Ay/irLMVKnWxkXRxLaUcXh26GIk1KLSqyS5asHuo1YyXloz+XuM/A3iLIHVxPCeOq0qUXUrLCSvWw8JtJp06cpc1N6f8uqkNtNbn7kfHH/AIJwfE3wBZ3PjT4QajF8Y/AFzHLd21zozxz6rbWsgLxl4InczeXH95/RTjDZNflf440vU7G4lt7m3urHVLJvLuNPv0e3uYJEOHj8qRUcFWGTtBAbJ5HX279nT9uT44/s/T20/gfxpd6lpCsv2jwf4imkvtNmhXbmKKKZm2DYSAASAOp4xX6daV+0J+w3+3nZxeGvjj4ZtPgh8ZLpFgtPGemQxWNhc3zDYsktwixxGF5OSsgLtn7wwTX1OKWEzXDvmdLGUpR1nSUVioL3dalC/vpauUqLk3ramlt8lwf4tcZ8EYhZXxdgK88PTkqax8YVHCya96UmrwVtPfstbOo2j+fye31HVNUiWdpHEABkjl3hSARkqN4zgAAt2AGCCDX6K/s5/tO6r8O9O07wF4i0fR/Gvw1lk2XvhrUrCKWWJJdqzPbysm4jDNtwxLZABwePQ/2gv+Cbfxq+C0Mvinwta2/xY+Gk6Pd6f4x8Ihby6gsiu6N7+1t2kaNRGQzuTyew5x8NR2xt54YoBNFdwFluIp2MNzFIjDzPkZVkUgAhlOMkcmvxfjjwoyriTAVYUXBwlzNVqMuSpCelmmuWUKkW9U7O6tKLR/cnhf49YCpVo4jDYynPmhFToV5R9+MuW8ZQk17r2urp+h+y1/8Asa/s/wD7U+ly+Kf2dvFOk+F/GMVuLi9+H2oPDFC12q73it4pmVrfc3y7gTnsuRXwHqn7N3jf4bfFTwz4R8ceHb3QtTHi/SuZIWGnXkEV3Hue2mxsmR9u7IJOCOccV4r4W+IPizwXrUGqeH9T1DRNQinDx6np1zLDcKQxI3LG+2UkghgV57gnFfVXj39vLxv418AWHhLxr4ftPFXifw/fW2oeGPGJiWHVo5kdUaG6mKB5VEY3bs4UgkdjX8r1OE+NeCczWGeInm+Q+0cX7dv6zh6aaXvSX8RJfFd66XW5/VlHiThTirCSxMKcMBmMoaKFvZVZSSSa5bKLd2101te71+Iv2p9cuPEXxZ8cNsi/s6w1t9MiiDYjBsA1uxwBgkKgBYDnB968L8FpdxeILNdL1KS3R2bzkjZtjoCd0UiglSCMDoOtfsRc/wDBNfXPi58KdO+Mnwt8Z6X468Sa5b3Gt+KfCMFxGbm0v71TczW0bBy/2iJ3ZfLMY3FeD1B/Pa7+FXiP4SeJJNP8X6Jd6Jq9s7xyadqNrLBMWLFSIy6bZBkZ3oRnkqAOB6GWcdcP5piK2XYbHUljMPUdGrQqXp1oThLkk405qLlHTRpWtZq54+ZcI5vhFHGSw86mFqKFSnXppSiotRejg2krae91+Z7FoFnocXgf4ga95pt9W8OabBqGkXiO6XFtqGVB8mTf5nzNkgA4PB561U8B/HTwP8WNJt/CPxtso5NRtmjt9O+IGkWoi1vS1Pyw/wBpqoBu4EAUyu/YHk4ArjfEGo/YfhT45uopWiFw9rbTRnIY7pQRGVGM4J+7jAx06Y8K8BXugX0ttZ6rEdMkkKAalGABt2jJmVchufvbhkjnk9fvcMkqVOpCT1V+Za83w38rN3WunW7PnoyjGbpSXLZ2966S0T0drK22z83qfXXj/wCAXiT4exweJLN4/FngHVB5+m+LNIJurR0f5lS9WHebO4C4Lo+3nOQW5PG+H7i5t54QiqIWJ+ZhnC5P3W6lTn5WLHtgE5r0r4X/ABJ8UfCN7greReJvh9fuBdaFqKm90S/hYqJEEEjMLW4kUsFkXbhsHB217tqHwy+HXxvsJPFvwBvotK8WQp9o1T4WatKsNwHVd8z+H5pGAuomO4pbqA2NoBzgV0PHUqkYUnBJ8yWqV3rFtK93r0Wy76noUsM6Vqila7vFqKevuv7uq3j1TutOH0HxBb2xgn+2GLICgRP+8Z8EEE4HLccYA9Dg17Nofji1jkWOB5vMyu8zykCRwOSeuevK4I7HOSa+P2Gt+HNcn0rXtNe01S1LJcWF1G9tNbSIWDq8cnAwc7GUkHnHFeiaT4i0i1ltppoGkuGIZoS52krjoc4PHGQex54Brz8zw1KUErQaundpaX5Y3W7VvdSste7R9rlGIqQ5OaUW7ro7t3gouNk3t1fdH05qesapqmi6rMAjM9vJHC5YptVgeEwAuSDgkZJ4BGeT8LXHwT1zWNSvtUGrTackk7zLHBcOJJPMydrOH6HgZOSMk9+fozXPiep8P3VtpkJt5ZR5QMoPlICSAEP3jgktkkd8fezXH+EV8Q3qSXG+UBl3m4kLNEV2tnaCpUD5hgjHQZzgGvzvH5JRxFRpwUk79F1kr/LpZq3Z6s+gxmNqpU0pSuoN2u0nd6y79t9LW+Xwb8WhrngiU6TdXEl5HJAY0WWUzb1OSCzEFt3PKk/KBz2x88adqr6jcxWOoLFc2j3EaTWckasJI95LxrkN/DlTznqQOCR9l/tEaItzf29xKrtcwozM6j5WbqWIPQEqM9AD90gkY+ObDQrt9VFwyxo3mq0QHWRd2AQc9TuJAOMjpkmvJp5ZHCKUKSlDlbcXFNWTUdeZLR3drNJvZefy1epUqV+apdu+t76K0Xvtv02fTufbHg79jb4NfFrw3rnirwlJpnhHxPpWngnQ75o3j1iZk3MIUJDRu7A4YcDIzxgjxn4eeNfjp+x54uhvPh5cXekvZ6hjWPCd+J5dB1AGQAhrWVTBKsqEkMiDG7BzgNX09+zDqlp4B8b6X4q8W2LazodmIvtukS7wt7BxuBCkBWAwwLDPAHfn9fda+L/7G3xg082Hjz4Y29u95HDBpusQwwxX2npgqDLIgTe0Z6PICdoUE4yB89X404q4Uxrp/wBlY3MsrlJN1qCbnSXNG7aj0j2e6VttV9dlWVZdjKca0cRTwuKUWk21G7VrNrSNr9vm3ofEVr4r+AH7cWh2PhH4kNB8H/irrUqy+aF+w2cmoyoFMttIxSKWGSUqfIBHB546czZfsaeJPgDq99o3juxvNU8AWdvcy6B4xsXWfR72/nH+jyOyMyQs6lGIJyCSG7V6r8d/2BvAnjGzsvFPwK8drrc8UXmWWhQ3Ah1ezJBZWt7iJt/nRHAVVIYscdRXgPhn4/8AxK/Zu8OT/D/446R4n+K3hFdRa2XwZrlzNFqdssKlQIJZgXlhbplGJxgda/eOFPFKpmFbAfU5O8KdNVqFa9OpBNwlJSU7PmTs7O6lKKWh00VXyeq6+KtWjGTUanMpWjFxT5Za6bNK1rrRpo+aP2gfCniPWvEfhrxF4b0W51HSfB11HZTXNtIszxICJEmJUudjHIB4GQRgcgr4Xm+OfxS0vxzL4U8H3+ueGPC+lTXeu6np1vIW0+KOIo8k0qgFDEEYSfeIA49a+Avin+1j4tk+KnirX/hst78OfDFzNeyW/gy6mknaCMsyJFLHKWWTaBgZXgdCT979F/8Agl9+1t+0J4P0z4o67Y/Du6+JPwh1LTLqy+INnpekNcSaVcXSOsuozPFGzLEqszMhBXAOAcV+9T44hQwNWcVy167py5qvLGnO/JDmk2nyuKck03uvQ/P864lq4zNZzwcqlJSlrFX9/lUU5aK10tO/mfIPhnX9Ys50s7zUtRZbq9kNrKJZInsJ45DwrEhiQQAV+Udc5OK/Q74BftCeJ/tq+E9XRfGel20LRahb3arNewwgYJKvvLp5fK/KSBnB7j4/u/D9j4h8Zajf6a6W/h3WdW1PVdOWQhJ7J7q6mlFk0JRWhMZbywjKCuK0PhLqFx8MPirqfiR/Mv7eKCS2u7BleSWSLacPAgyJHVTlQFP93BWvhuO8TChSoZjh6tCSnTj7VxknDlUFKTkrNO7tFdlq1sj9/wDB/H1sxlSweLdSvSqVIQlNzfNTTV3K17pRk1ttrdJKz/QT4pfss/Bj47aTc+IPh/cR+HfEJEksltahIbi3uwpZ1ntGI8yF23AlVAGc9sV+SHj79nrUvhn4gudP+Ivhc3WkiRzFr+kwExyRbyBLKFUlGKjcVIOMEHOcV+oXjXxiPFVv4Z174XWWoeHby4MC3l5CHtbgXIAYveWh2+ZDn70mMEdBzirV14ysPG96vgf4oJp+m6xHCsMXiPy0msdRkkTai3SkYUucAEBdpOeDlq/L8BhMJxXhJyUacKrk4e1ptSjzyaTSaVnfqtbdey/SOIc/q8F51+4xdOtGlOEuSqlOjUjNKXLJPVuy+9O9nY/KiT4efBubT4tQS503yUXKxvdrbXqLuO0svBLYGTjABwCOK871qP4daDdRXGg+MrnR7uJ1MMS6h+7WQcqCQwG08Mc9eflA5r2v9rr9krUtPju/EGgLcWTWu94rrSnkfSNQgcFkdTEwWKUKc7cH5uB/FX5Oa58JvHxWSZ4rq+eN/wB5IbiVj833Cqgg8pgEgHnB4B48XE+FWKoVo1Z1K06V1KDguZSSaaSaas/LlVrJ63OvHfSnjhcI8HhuFcB7X2bh9ZoynCTl7q5o8iurO73PuzQv219W+HviqHRNav7zxRpiSIq6hYXpDW6g/MwZOHKLxg8Mcc5Iz+gPgb9rT4JfECOLPjcabqLjc8Ovz4eNhj5MyErjqN2SC3OPX8HPDXwC8e6vFJLBptzH+9RXllDiRJGIBKBvvKO4xgdcZIJ+otF/YN+JN9ZWd/pevWD3NzCsktrMPKkjO0cFuOcHORkHJwSQTX2GW8LY6jTpww1KreEIptx96Xwrmu0m5LZvVabXen8/1/FHifOsyxOJxKnWw1WpKccNUlJxpwlNNQjOTTdtl93mft3p2v8AhTXUE+k+KdC1BZAcJbX0DSMAODneOpxwTjORjnNbJ028uF82JFmjwQphkjlBGM7l2uQQPQgYyMnjNfiRbfsgftFeGkkl0uW4doztzZ6jP0XG1l2yKT0PBHLcDpx0Flpn7X/gKCN7YeK5EjGARLPcKVXnOGDEA46nnjH3sV9DhcozfCz5q2FryhFq0lB+XRdHaz76djSvxP8AWIfvcFVhLS/s7ysvd1a7WvpdWs9dWz9jF0+9kuAslvKpSNRzHuPXO0tkDkAjIzjGeVznorWyfIR1kUFUGSMqGIA54U4zjcBkbTzX44Wn7Vf7UvhDCano2pXZT5JTe6dJK3BAYltnB4IbB49Bzjv9G/4KJePrF4m8R+CI7hY9quqwPCxIIVm+ZM7hg8bSQcZPFfSYTEKjyqtQrU3ezcoNKy5VvZJdrPZ9ep4lTPME3aTq03ZfxISVruK0aTTurJrRLRKyVz9foLGRSkbknLW6Ag5A3SpkZx36Hrwcjrx/c7+yVB5H7NvwaiI5TwTpAOPmBJibjPcZIx6cDGOv+dP8DP2zNI+NHibS/CI8MXGj6jfX1gkc0jgwljdQJ5OcDlicAZGeedwr/SA/Z4006L8C/hbp7p5b2vgzRleP+4fsqlgOv1GSSO3NcXGPJLL8vrU5e5UrzS3WsYKTTTfzvZ79dn8Dx5i6WKwmB9nLmi6lRuzd9Eu9uittfboz2bgA5HuO3rk/579elch428b+FvAegal4k8W63p3h/Q9Lsrm5vNT1O4S1t4VijdsbpGUM2eAqgnPGORj4A/bZ/wCCkXwz/ZFuU8MXdheeJfHF7ZNd2ekWyNFbRLtJjkuLsgqo3dQOTkEV/O14m/bA+K3/AAUb+O/w4+FXi/XrzQ/h9rfjfTYW8KaDLNBZrYR3PmSrfyQsouN6xgMGJXDNlSMg9PCXhlnPEkP7Sq2wWUUqU8TWxdVXnOhSjzzdGGrk3FaSlyxvZ3ex+J47iDDZa1HkdatzxiqcXbVuO72Sbf6W1PgX/goT+3HoHxO+NPjG60RyNM0nxPq8OmTyB2fU7d5TGmorE43LFNt/d/w7Sp4yMfmpL8epru4SFrdfnf8A1hG1Bk4jXkZ5z0z83TH3ifub/gr/APs+xeEf27PGfhH4faTZWHh+28N+Hns7Syh8qOBkgSGSZ0CgNM8kbSSMcksxYbuSfiPwv+zXr80sN3qbGQ7lPlqjOQVG5SdpyAc+5zyQDyv9G5LlKw2UZfDLIyjhKuGpVqc3a7p1IwknK6spO6bjq09NNT9El4hVs3oYWtjZqlOhh6OFjTgrRjToRhTirJWaUYpN9Weu6Vqkuo2tvdOimWdEfYG3FVIBGM7eMHqBj5jya3EMrPmTeqBR8oHTGSuQBgg9SOBzkHGcdL4d+FOsWyQQqXzGuAGjI2oowApI6HIBPt3zmvT7D4Ta5csCiB1XgBwFzgZBwVztHfkjIPHp9EqdOMUqk48yUeZe6ldKN1e13dr5WvrbTzanFOH0lCbe176X0itH52663a+XiCFi6pmRlydwPBIwevpz3wc8jHpqRxR7TiUODwVI+bccYJ68jPtk8/X2aX4M+JwSTaxgEAq4XAxuAXkdd3ORlcn1qi3wo8XQgiPT0L5zlPmygOMHjOQc854J+oPn11Tily6ws/ejd/yrlW7dltdpaO9+vXhuJ8HUa5q0I3Sv73pbS91a/Rei0aPN1tlAw6JnaCGbjKdcDndyO/ufQ09bdXAIVURM5GSM56nORyAQehPqSBkd9c/D3xTbjfJoty21FO5FYquAM8jAx6euQMf3ay+G9UKFZtNu0xwG8plTgKWz8uO3U9cH+ECsHWpXhGVRJtLXS6doWW1lZJXd9ns9T0P7cwcotqvCzetpK+ytbXt/nucwkKkpkh3YYTCnOB13Z46kEnJxnp0q6IXASOR+D82xQSAOy5GBg9STjBJPTmt5dHv3xttxH5YICshycDAAyoCqOhJJIyeoqhdQXdo32dwxuHJEcEYMk0rOcBVAUFc5wcgYJ6YxjSmoVJyhCfM2tLJafBvfW6XTby7+Vj+IcDRXPKrTkkndJpq75d7O+29rb9L2JBLBaKJFRQMFGLOWGTjcSSQScnII+bnLHbhq3PDdhrfiu+TS9DsZr+SR1BlKsIYlBGW3dAAM/wAX3cjI7+tfDn9nXW/FENtrPir7RpmlqVkjsCGFxdRnDDIIXAfn5Tg/NjHc/Y2ieEdE8K2MdroWlwWSRRqJLhQqTS4G3MrEbiOAQAwxjgHmvYo0pYdQlJJu99Wm1e2/V+XZb7o/I8/4ow+Mqyo4WSs3aUldrXlaemr+TWuj6nnfgD4HeEfDFtb6h4vg/wCEn1WUeZ/Z7jNlaOy5CMADvIPXseDwvzN7YptrSKK20yytNHslTiG2t0iC4GFIYLncoABbdngDsMsga0toyo3ztIgLtDyV65yTkgZOT04+mDUuLyBULTRTyAqdm0ZMfzHAOeccH34xu555MTVqynqtOiTiktVfa/xf5a7HPlWEwdWVOVWpzNtL3tWm0tL2dtduujt2KOoaZHcw+WC7+cGHntukUMTnGDgEHnOQB2yRgjzjVNCWNCUgRTu2YHziQDknGCc4BZRggHPHzDHpY1iBFhRC4GCFhYAjcTkZPQHpnBwORliCa47UnfzpJUZ2ILOwUlgucAkgFhnOTnAyeCec15tXnnpd9Ekkt/dabX5dFbazVv1DLsDldOnTlaGtu11t19L30XWyWhwU+g3GYiBskIJBVdq4Ujjk8tg8DjjpyxIrw6OouB9oTfGJQZiFIDcndk557g/MD/EeeR0Or30saIokYMse5l5ZhyPlypwoGcDHYg9RmsmLVEEKrKJJFJA3E4bcBk5xwv8AJskjHIrysRRmoyVm5PzWmkU21tZ6xSenZtHp1fqsJw9nUjeKVtU43tG2iutNeivv1O306z0hEJijgDKuIfMZWGCBlhkHp0z0JwQeTU5ns3EifZ48gbGbgA5z83AHPUFh06+lcc2rIYV8iFgUVirEAkjPQd8nA568npWa2qXEyOijYwUBWUlPXOfXGDk+3c7SeDD0G5cqbSvdqNmpK6bTvqm3omt7/Fc/M+Kr+1c+XnV0+ZWa5Wl30WttVqXNSNrK8sayhJUf9wvmDqTjsTnjJbhhg9BkgcxLNcODC84dlAUsp3Kozk5IPRxnGcYxn1FPuoDMglzGsoBZmZz87YJwAGB3E85wBzk81y9xqEliXSFxI8zkOoUtswOpDA5BIPToeoIJr044StUbspaNO7srX5eyvre13tbTSzfw1DExoVE2uW7Vtd7WSTvrd3t6rS9h97HsZyuzbhi7gcgbQMjPJOMdBnHXjNfnV+118V9O8LaMdH08CXUb9pI2aSMMsRG75g+cALkbtoHTHPQ/aev3+o3Ylla4MahJB5cKlXAIwCwHyjgfU8c8k1+X/wC1z8N/FOsWUXivSblLy3sPmurCYgShXOCxByXJGcnleM4yAB83xbhcVRyTGVKNOTqqlK6ik5KLcU2lZP3Ve72sml2PueDsfhp51hI1fdXPHlb11XLZapKyba6+rPh46vrOu6to8TRma6vL2KGPJ+VxJKqkquSBgZA25BxnGa/f/wCDmjPo3grRtOuIBGU021LErsUuY1dyTjnBI/Xjpj8HvhB4O1fVPiR4cbUElgtdOuoprsFT5MZLqUAPOAR0Axnp0zX7ajxr4itrCysbO0QwJAsUcoBAZFjChxzuXK/MTnI98DP5nwHg50sPisRVTU6lTl135fdvo1ot9uqfz/UOLsQ8VjKMIyvTpU4O1oyUnaKe9tul9tHsj6Dmn0+CD5tqlVbLbgVwoJJJ75A7Agkn2A4zUfHXhfSUYHUINyjJRCJJN2AQQVzkjqTjgn2wPCpx4m1iVvtuqyWttk7YoWKIVONypg5IPK9Sc7RnHNNs/C1nEWkmX7U7nG+ZmYfeyWXcWBLEdQck8kDkV9nVUk5bcsrRte972vo1dpb3V2m21Z3v8tSrwUuWEEmrXdk7/Dve2ltnZ2fmjrdR+N80pe20HS57yQrt86dSFHUjAK+x6csAM/3q89vtX8Z6+z/bdSk0yAvjyYMqSDg7SeQR93JBOcjPaunNta2zKILaJBgqjDAGQBjIAGSMkDsPXOad8mdjICwJJcEHOB3BGOc8jJxgH5u/jzpxk7tXd0rJSstV3u9b3dvJdTohWqTk03y9NF0XKneyi+t/Prbc4u38OWQw140t7LvyWuHZlY5BOM8DBzjCgkYA7mtgWthbrmOOKEEsmI1AIIBHDEc88EDH3eMdTpHMgKRRkdTlgWCEjGeRxk8DOMDPTLGqKQTB2hbG1R8wkByDjOFOBkhj0xk8qQODVwUI22d3FPlt15bPpZ72T16euLhKbfu8y01au94+mmt1/kAdJVG0yEAnag+YMBnG444ySdzEjPOeDXW+E77wTJYa7o3iPwxc63r18sH9kyy3ptbCACRRGjFQAZDIVIbI2quMkYIt+CPBeveMb6TS9Igg3wB5bi7ndIoYIgu7dJI+AnAC7sjDMOemfDvHEos/El/p8d49tPpV3Dat9nm/dvJFMqyPG6ld67vushIYcggc1M6mJh/uc6tOtHVcmktUrWk7rS9+62tc0pYXCzaeNpQqUnZSg31a0XvSs2tNLXVtL2Mj4yfBnxL4c8baX4nlnSPSr+KFBapcb2sZVCslqe8qlRgP3APPBxbs9O89uAQgTDcHPy4yCWUH5s5wc8dSBkD2zxjeXM2qeCIDEurTJFb6ksd+7PBO1pZtM8UoOc7vLOC27PBx0FE3xJ+APjT4S6r41vNdtfh34/0LXLnTL7w0SslnrSozRgWyDaIjtOT1IIBAB6/D5rxI8qxVDCY6jXqVcVOPtK799QqNpJ1OqTVveimlfXc+vwXD2FxOEq4rCzp0oUI3jRlLlcopRfudL2adk10erbt5jHaWaxEPEoAYkZYE7lIwSAoY7uOjMO/TObcUnkoUgYgMMEpkLyp+6QRyOCARkY4z34Cw+IXg3U58WOuWW0sEWOWVVaWUkLt2sVO5icHnJyBya6e4upY13rgxurNH0AG4Agh+m4Bs46AY6ZY12RxNHFum41YNPlVotN6pavbdt99CcPg5RpzqwpSUaa9+cItpJ2Su1teysuqttc2kv3KNH/F15YDaR164IJwCOnJAJAzX0v8AsWX3lfHHWbgypFFD8NPE6Tzy3CxDBs3BjXcMO2QNoHPoK+IrjVp45GVN7llyMdcHAx7YHOCBxwQeBX0x+y74JuvEep694sSW6UaHFNYpaRF43vxd28jTqzjG9RtOVwRgYxtINftHhHw0s34opU3UhSVDAYzEe0qRuoulRbina+rdvm1d9Tky/OI4XNsuVXnlGrjaFLkXM5SlKrGNNNLTVve9kldrZHKeHZGOoazPh1SfUtTkU8nK/apCCvzck7cgDnp7A7k19Nc4hVCxDRjcyk5AkQksOmFGSWwMd+T8trRrWASXw8lY/K1S8t/KI+ZAZT+7J6fLnlvlOMHg9NTUdHitAHRyss0LLGIwT+8ZTt5GOcgY4IB9eAfk+NZYJYnMaUlTn7N4iFWpJR1u+VPXu7qK26Wtof0HQpYqvjaUYzk6csRD92n7rU5R5VbZt6Lfyd7n7FfC/wDaD1fwv+wx+0x4lvb5Wt/Anw6lsNOQw7BJbtB5RjVj1YM7YcHoRxlRn+W2x1CDW9L07WbKY7tYie/deWVGu5XmIJweAH5yc9+mM/qR8T/2gdM8D/sFfHXwWHuppvFHhNNDmuRhbQ6rJIQY5pSuPkAXI4OMBipANfk78E/GfhXU/h/4ZtbeWxlvLHSks7pPtMBlW4iQ72253EEn0JGc/NnFfDfRt44yTKaPEGBpYmhTj9drxlGclGXt6eIl7kZOztGEou2qs9OpwfSu8O54PH5PTxWXexWZZZgczw7fvOdOWGowc/dW0pc1767X1avs3yyWgVw5IO07kJ53ZwMHkAc7sg+hYHGOUvdQ8zzASQvQM3bBI4PU5OeMcgZ5rstRgS9naOG6DAqzrtHAKnkYGRlCB15+ucVyMumSQ+asse4ggDJGSzE8DpkH8wSMnpj+q6fFVDEOHJil+8bkrSUot+7onrZO/ZN3Sva1/wCDsbwziMNUap4dxppqzcXy30ej/J22SbXV/Qf7M8xPjG7iG6QS6edw6g4G4cjgDIwW55HUE1638UPCt9rN/d6lYZN3BCAIQfnkQ5XbklidpycEFeQcEZWvMv2WY418dXPmIgJ0+Xy0JJYsFOQBkk8MMAEHPOScGvrq5jiOuwCVfLDxuwJOR8pJXORnjIPJBGcYwBX3HCuezw2KWMo1G3TUUlzXum4prq9bO/VbO3T+jOAcn+vcDRw2Ii4weIqwbV1y3cbNdnazu9NFc/K342W10PAPiWxuLVku7O2aRLeVCrvMQSGTceFB5OctweeDX4q+IHvI7t1uYQJ/NDuWA3cqNqk9S3PfBBwSea/p5/aJ+Hun+Orey0TT5G0+68Uxyae17DEPlkTdtk2KFLAEgnbj5e56V+Gnxr/Z18afDbXZtG1iNb2BbmQ2eo+Ww+0woSoZyAMFhjCkkkkEYOTX5z49rFZ9LC5vCjNUI4VUq86UYyUZKaklU0TT5WuWSVlbpc8zF5JUwU5U4TlVVP3Iy35oJpxvFromrbPo1rr87fDTxJqPgrxBZeJLSN2ks7lHlQniWJ2AmQ8chk3cnoeDnHH6qeK9F0P4rfD7S/Fvh2dDqEkEMkdtE+QJAoM1vIF6OHDEKcjH8INecfsh/sH6j+0x4b8d6v8A8JfpXhNvB9tPNb2d5NGkl/JDE8pZ/MZDHAVGASCN3AHGazfCek+PvAltrGieH3hax0u71LTrqMMtxHPLal4WurPaBkSbQ0ZjGMHIyPmr+P8ALs6oU82xuU0G6joRg8VTUJ+7zNSXvNJNSW/K92rs+/yfIcdl+UxxePpx+oZlSqfV0qkZycoOKk1G94+Wib0fSxf8A+JfiB8PljNneT2mnvO1ndaFcyeZY3qytskf7PJuQOv3hheDg5HAr+tT4IaFu+A3w413TlLQ3Hh2znvbRiAE8yFPM2qQe5IXg4xn/ZH8eFnq+pLBINYuJLqV7xHUPuDwMZ1H3Thky5Ix1wSTgECv7Wv2UjbXH7PXwqKqGgm8JWJuomG4EeRE2WznOSQc9R0xjBr9WyXF4alCrXw1NRfJCUouykk7J3fe97rVJO0r2Z38ITmsRiqUnK0YRcE1qk3Zau1vRWXR76fM3xa+CWk+JbSXW9GiFhrFupm3RqAZwwL5KrgMwYjPXdggBsYo/YstfFvhP42+Ev7R1aG28CtrKxeM4pWJitLONTtneMkmNS4UOwwE6ngDP2f4n8HudN1NrNdxkR7qBVALquCSsZboucHaOOTwTgj4326n4a8UTalpN22nNPbT22oRMB5Fws0bRukinADkO20kAg4IK8gfR47CZNxhlFbK8RSpOriaMqU51Em6cm04yd03daS5lq+6bPrKkcVhqlWrRqVKfPT5LRTaTla7t0aW290++/0L/wAFq9U+Gtjd/CSPw8+g6zFq8qBpbO9hliTTbyRYTPKEJVXxJuXcQQBxzmv0/wD2efg/4S0L9nHwZ4X0s2Q0jUvA+lahNazmF7W/a4s1eaJM5Vw+TyGOccYbAr+WP4/+FpPF2m3TyXOoXWoaU77NOv7maVXs/MEiSae0jEr5eAwVPlwMYJNfZ37I/wC2l4iXwdofwc8c+Ir2K50eBbPwbq7zvDFHbx4jTS7uRsZ2AFE3sNw4PXnjy7wxzDIOEMvyzJ8znVo4bMqmNqKEnFR9pLmvTjFvSHbdetj8bznCSxPENXEY21Wq8PSw7q1IJSlCLs220762fdN+h9M/H/wf4j+HninTtQ0g3eveC/D2uQajHo25ptT8OW8z77waa5DGawTBYwAfKqnuCK++/gJ4z8VwXi3+ghr/AMH+JdMt9S0y7t2yIrgohkt5guTHNGxKSQsAVYEHpur5D1Dxbdavp7Ne7LjU7V5pGuZSrC5gKtlSDlZI2BGAQQQQOAMBfgT8f3+C/jSfxDNE178MtVWO18VeGkzLJoNyW2ya3pUOTsQ5LzxxgKwG48iv1d1MXj+D3l9TDwzDGYenKNOnJpe3XLFvkTVo1+bVPRSbs99ODF4XGZTBzwleo8FJxnUpp6QUbapfy2lrZXSa00P2e+Keqrq3gPw1b3sf76+1OzW4Em5WRsHjDeoAAHTJAI2k15lr+ljSdEkgRQ0Vxe2saFVJ3eYyLwRgqCcEAcHGRnaDXqPiSbwz8Zfg7beMPhnrthqsEaQ32jXsEqOstyoylrc4I8u5TlGVwpDBjtGK+ddJ+Ia3kkfhDxHFNaeKrbVNOhuLe4Rltp3kf71tI2EZ2VWPcMcjJFfjeQRrzy7Ewp05UKuAxuI+tYaaca1KUrNTlCXvcsV7raTUbfM7st4gp040oc8XU+OLu38atzaN6XbTeluVbvf5u/a98ENo3iPwzeW8Si1utLMpIGfLkSHJJ6hevUgYO4fxYr8C/wBuw7bbRUbO+S0uk7kHcQAeMEHlTk4wMA8BhX9Pv7ZdhC9r4USVN8skMyCPAG2MxJwMj5QuckfyANfzTft/6Qba20WRFB2Wd0cgZIBYYUjBzjfgeuM4+U1+/wDhDj/azyTE1HKUnVnGUmneym4ppvTay6Nau/VfafSBzytnP0UuJaVVp+xwCjHVtcsMVTtq7vTZab37H5heCl2DWU4Yx2wTIBGCqsM9MfXIycZ681j6e+NZszhXcatZ4z3H2yMA47fLwQODz1I53PBcTEakhwS9nuJ6lmxknnOfmx1yT0AzWNZgxa5ZuRuxqdm53AgoY7uMlRxz6g8+vAxX9I5/SVaFeUdeajZd3eH4W1sur123/wCffL4RjmNb3kk6lPTppypX8no2tdr3V7v/AEKfg6kafsyfCdJNxaX4e6YnAG5SbGEnA6jkkdzkDr0r+Y//AIKwWbQ/HSUqxZG+G9ttGBkRCWfG4EDnJJ6AjOTtABr+m74AX1vq37NvwnlLJHDL4F0xInLjbkWMSnGTySRgDHQE5Ocj+dL/AIK26UD8X9NuoFT9/wDD14RhMGTy5Z3YZbliAcg4JwQcccfxZ4SqpQ46zqhNSSnPNk99P3srp7dEr63er6M/orx4qUMR4c5FUptTlSqZLomk4tRpLV6W9H630ufyPasivq/ipXRSo1iNSCoBGX+8CB8vLYJzxggAgZP3j8GvDqG00Qh1Jkni2OrhJIWVE5jbBJUZHbGQOQCRXxhqWkatcyePbu00+5mgttehjluYI2ZYWebCqQoyMYzz0GcmvrH4b6nc6VYeGjevKhtzHNNHgozwLhCMZGSAMsOGGTjPBrsq4nBSxed4CdWn7WdaraEnGN/f1Ti9V5XXX5r+iOAMJjcLlHDeYKjW9nPB4SXteSSj8FPS9rPZ33su1z7S16CeC1ls9btmu7KQL9kvo03yRYXJdmUZOOGyBg8Ac8V85/F/witn4Xu7iwuluLW8tWaYwNtZkBztkiXG5zwrE7iD6V9wW19o/ifSNJNkIpBNbgq7qHBUxjdHIDkEgnuc8YJPWvlv9pPwddaL4O1vVtO8+KKDTZDtg3CBd29mcdkKnjaegAGQea/GOKMqpP21alKMHRtok+jjfZdua1ttX0P6xw+Zqrl0oyak54dJPRv4Yp36rTS9tr6J2v8AEb2PgS30/TkltZEnSCM3KylgwRgob5wGKsRzjtkY5NVNV0/4evbrcaMzi4yTHCZ2bcwBBVgRkKGXhSAMemK890TVb+6sIp57hZi0GGMyq6sBxycZ3YHzdR82cnqJZbiEkRzacgXA2vDlWyQPmGCOcEBSOp4GTyPmMPiWlFcytZK7sukU2nq7S0T1v3aV0vx7G4GhKvUk5auo2rt20atZ2d9HaW601t1+xf2e/wBnnwd8bNC8UNqnxD0rwBrOh2hn0mz1SaOKPVnUFgold1ADP8pJBbnjkkj5d8Tac3hzWNV0VpoLx9Nv5rFrq2YSwXPkOyedBIpw0bY3DBPBGCeM5Md+lrzbXV1Cq4ITzZkONv3dyMuQQCuDkA8bcHbW7pN74Tu5W/teS5illUlnOduWYgEs27GW5JJHPXHbScpc8puV02ly2Wt1G7Vk357bXvbQ2q4alKjTgklOKSbk17zfLrfptdbP56vlY7honPmltgUDI43EnglSCd2SvbBPJ6VqWME2oXkdqJfLaYpEjMVwWOOSSMbcdMjk5PNbl74Ssb7WLS00DUIpxfPHBHJPMq28UjkDDucALnJzyVz1AGKt6r4J8S+GtQEF1Ziee3BliubKYXET4wFZWQEZABGSwOSM85odRrlvy3etrtu3upaPRO7S13TV9rHMsPiFTtCHNZaa3urxWq10d9Gr3bvrubM/wx1zyvOE8c0TYMbqcB1wSRuBGCCOO5OTgjr8ifGzSLvS/E/gaC+ZxKL5yocnI/ehRg+mOp69R719ZweN/FNjamKS4k8pFbK3SEbcZ3bScHdwBgYx6H5c/KPxx1efWfE3gmaVlLQ3btiMDC7nyS27nnGdxBwBz1BrkxcoSoNqXvc0Wr2XWKbvHystH08rrfLFjIYi1Wn7nLJc1rXVlu+j2Vrr1XX2vRNME9vCys2FAfJAGGCqSM4AI9ODlm4yM7ewjtFBwwY8A4yCA2PvYx09D07HvXCaDrhht4t4wowF25KsAMHIwcdQMnbxjOc5Haw69ZOobMik9VPX6nj5h04J4A74yfGq4aXNddVfTrdRav0t6dbdWepTxTV48rvdq9raXWvTt6u6W4/+z4k3Z+bdn5VPBJ6EHAwT/d/i59Mmu+k27llaFAMDIIxuJ759+MD1yRnODq2t7DOAGKtGwJVt4HzdcHA4+9wM549iavGSN0KlQTkEOSDuABAVSAMEc885wc461wunUpvZ99bu0tNmlfS7e6d0m1bbvhiEoq11ays79eV7v5d73vfW5wl1olvOXVY0VQpwSuT8oPHU8ngYA49eueTvfB8MpO6JAyggcHBU8kkEcgZ5yP0yD6pOII2Kq2M/dAK5UsejYHTBIx7A5PeOVMcsAxAU7l44BOF+6eT74zg85yTjaWrlH3rJ9H0SulvorJX6Xvoz0KWKi4x95LlVmk3ra3rZXd0rO3R6Hg1x8PVj3vbeZEzEHMTyQOpOSSrqwIUEZIBOMcADFejW3ifxZ4T+GniaWy1/VoLmC1lgWYX1wWFswCmEs0hO3AGM9Tg8jk9bc2rOy7huUbQEPXnPcHHA+nPZQcHjPiHGbb4YeLI1QK0kW1eOQrHOCQe/QkH6HtXFWhSmm5Rjp9px1SVrpXu7u2trdux00cRV9ooqUlv7yaVtI9m3vdfJ9Gr+V6HqPia/0rT7tNe1GSN4kmKm5mdXZjucOSxBJOSDgEjnmvu79mb9uT4ufs3tPY2fhXwp4/8AD9/NHJd6X4v01b2UAAAC2uZASmQuEDBsMMZxivjD4W2DXPhfRlaIMVtcH3IX7vuRjrg4J4xXs0OiRSqgeFRu2jpz0wPbgd+O/IPJwrZfgq9GVKpCLhKKTtfpZ7ppq2+vQ1pY/FUKnNCq1JPr7y5kouyTTsk9tddPQ+3fG/7c3wC+KfiTTNV8Zfs9XPgOae5C+I7nwfqIFvPbMcPPDaIhVZFYs4A24G0dea930qH/AIJ8/EnT5P8AhE/2i/EHw51Bog8On+M9JkW2W5ChjE85bBQMPLyMc5IA3DP5S3Pg+CUl5IlJySC2e4wARxnPUYx1PrXLah4CgIbdEm1stgxqSMgYIYAkjt1HUcnGK8Cvw7h7ReHr1aKjayVTT7Ks1Juyv5rRa67+5h+I8VyONanTrLSLbiubaPWKTe+99N00tT9IpfBevSeJbPwx8OvGfhf4jHULpodFm0DVozNejdtQPEZF8otGQdjHg84zX0J4y+BH7QHwy8Lx+IPGmgX1vpsv2dU+yTJevbyuufs5ijyWIJwwyAvJHOa/EKw0HxL4evrXUPDuq6npF9Zy+daX2m3U9tcQSJ91oiknysMHlVAIwM9SffLb9q39qzSrCLSr/wCJeveKdIhmSWLTfEkkl/agx4VSQdzPtAA+Zz2U5J487EZJm0OV4XEUqsX8SnG0mvduk1J6W3fd7b276Gd5ZUi1icPUotaOUG7W0urPRW8td+iZ+g51TxlYWSS3+iLFA0YdTqVu1mTGYxtfLgqQMhchhz0AxgeU6z4818eev9iWkkUbMWMM8bNIORhQMHjg5GOePQjzo/8ABSr4vXXhs+EPHvw58I+JNDFulorRWKWt9HCmG+SdQHGSCQSw9+TzpSftf/sl+MdN0u38WfCTxV4G1rTpLcNc6LfSXFnelQFlaaNcYBILclvl+X73Tz/Y5vh5v2+Dc0mtaUlPm+F3S3va91b5OyOtYnKq9O1LFKMltzqyduXS9lrbXeWytseTaxp+s+MfGdxq9vBJp17HYRwPFuwkMe8FSzBiMkEcDnsOBit67tfH2l25ksILl3hCqGjmLK+ABlFwSC3BGMnvxgg+gWHiX4V+L/HGo6l8I7u+m8LPZWwdb7ctxFesF3xvu3HaCcc8ZwSOcD1SOxZzGikKu0F3yGXIGFBb39gQcg88mvocNNyow9pCUJaJxad1a3e6T/XXS51UoRlSThdp+6pRWjvy+8nfRNu7vq9WnpY+RpviF450ol9RtbgshZGEtqzgL/FhkOCRjnAJAGQexuw/GLy48XlmpOFZygaFxuxxtwScn1PTg5FfTWpaRZzKVuYLaRjvXDRBgwzySCpyT948fxAcZOOSvfh34a1ABJbK18yZcnYgVm2joDgAHPOfqcgnNddryTUr7Wvrs9dLJ/LrvrrZTvoktl3d7JX2duZ6210bte61OAsfijod9HGZzcWzsqhQy7tvTLjGAeeeM7hjOe/W2XivRrsNHHq1ujvhfLZxESPdTj723HQfXtXN6n8EdFOJLWa4s3AbYIXJBBPAB4AAHXByB1wMGuOu/grq8KPPZas0zYDKsqkYJ6ZYHcMg9se/3c07ycqlnd7NrZ7ba6+trXsl5q0ebzW/Xqk21zaaX0Xy2R7ZbLDMxZJ4pVchk8mReCMkggFmbkcD0x24qy0cxWVkkfarZChfmYAg4U4xtOSOQcnkjB4+cbjwh490aNXgSWRo8sGt5pFJHfALHnqRgYOCOnFVm8SeP9LiZZWvoxEgDLNF5wIPUkhRkHqWI5ydvTnLlTWt1q9dddUutlfZtvRvte44SSctHtvZrlVo6dL3066d9LH03Z3OTITI6LC8TLvByWHY9uAxBIAzkHtz+V/x4ljuviT8Rw+BLItvsXOCxkXAxnONxHHufUmvr+1+K/iCziLXKWc4GzCSRGNhg4xhgMnjk9BxzgE1+evxu8QSaz8RfFl8sRt2vY9ODRgkFZCpyygY4BBJyOOwbiunBKMal3q/JN6XTvrpp3V9LNJNM4sfNRpJtpJ9Nb3Vn56K382z7LT5Z17TNR07UEa8tJ4TG7GLzkI3RscoyMMiRcHPByB65IFW0uyt0zPlcsG4G0IQGOWxnJxkdRtJ+mPUNH+J8Nuz6D420mLxFpCSeUt0yBdSso+gMcg6gDGADzjrzWlqXw10nX4G1v4b6smqW7Ayy6RcEJeWofkp5bkscMMBRkctheSB9HKFJqmoTtFpXTdk3aP96O1lvptq+vwmLowrKq6MrzXxRXVOzXxNPTt87nLWE8UqEs2SCAp6DknJJx6ZB569QDg1o3UkaSMpIct5LKxOTy2R3OCT0wecjvg1z0VvdaPK1pqFrJbXCMivFKpVkKnDZBOCM9h+OMV0F48csUE42EmWFcAk4VTxkDJG3GRngcDJxVqnFc0YNN9b66tWW+26afXo76HgSjKhyqqmnpeMou7unZ30Ttdeuu1jltXDHWIWQDkqpHQnONwYc54ABwcjg9Tur6S1Axf2f4ZmO0MtpGowOFHlg4PA2sOeRnjGK+dtXTdrNuqhceajccdwf++sn7p5IHA219A3UedG0GRySTGUVsMewG70B3DnkgHOTjiuSslyytbmTtd+SXltordrq1ndv6HJ6jlPlk/daS0drK0NbtdL3W99lbpr6VYeIby8jl0W+hkeSRG/s+4I2OEdTgMcAbsAA57jI6Z+itL8fXekRy2Hi6xu9CdoFht5sNJYzyOuwbJEBCcrlgSFH3jgCvC/AjzxaxbA9I5o1QkdQWycYw28dcEjgZGBzX2Np9hZajYSwanHBdxHzQ8U6LKAADgruDFcdQw2nqeQSW8LEVYSnCMkmlpzJq6vZ6dHq3dPT7j7HDwbl7SM5RlKyak1raztZ2WvZaNrazR8u/Ha6huLHwlNFcLcRy6HcBZY33R5Ny7AKCOevTI6cZzk/BXi6DksgbaTEuQpwPmVic8gkk7jjPJOCeTX6V/Fq18GaFqXgay1uwdfD0mk3AmS2yskO+4YCZM9QDktkce44rm9R/Z20nxDpR1vwHqdhr2m3iNOtlOyNPEMElHwSUkB+XaflIOOc5X1qVeFKlSitFNRs2nba1m23Ztuz2V3ta9vPxmDqV5VGpKTitYNq97LWz0vtp6WvZW/MJFH2wujYChCSp3DswYnG3oemTkggjPWtfSb74FuJN6t5mMgLgAdugyT2PGBjFfT3i74MS6XdvFPb3Wh6gWOYLmNhbyENwsb8qFPBB6+x6DxPxH4N1PSi8k9o20EAyoSysD0fO046544HccCuj2nNrutHfdW022VrdurPFlhpw0lDl7rley5e71fS6b6O9y54WhfUJmtpGVlLON5dQSe3JPUj+9jgdDXS3eiXFmNixn73Eg+bKsM84IICg4J5zjk/NivMNNv7zSZQQW8syeY20dtvZjntySwHcDBXFes+H/FMV/AEm+YpuZjIF3FVOFIb7xHPPXrjiuqnKnOKb5U4qzV3veKTf46rSytZs4qtLlbcG79UlrvF2s3st9+jM6CbUNIniubC7nsLyBkZJ7WSSGRSDlSGRl4BGB1BJBxyK+xPhx+2B4u0G303QPiBYweM/DgTyjcXsaPqENucow8x1ZZMJuwGXsSCcZHhVjpWma6CRJBDJt+Yu3zKvTkbjlSc4xz6jaDU/iHwVJpcNnLYSw3EYsZZJvnD4BX5mAB7cE+oIIJ21nOtClOEYv35NOMWrrRrd2svK3S/md2AlXlGo4yfLBaq9k9Yr4X+NvLtc+0Zvhv8Avj+Jb3wLrNp4d1+UecbANHbSCQ4LxyWzMPMIk28qc4wMdc/MPxG/Zq+JXgOaZm02TWdJjJdL+xUzZj7NIiZ25wCc5O0Z4HX5OtNZ1LRL37XY3tzYXcUxeO4sZpIZUdWBU7kYZGcgq2Rge+R9qfCj9tfxb4Vit9I8a2o8Y6ECsck0+DfxRDCsSz58wKo+7zzklh3tONSScouEm0nt/w621uvmnZF3w1ZSjVTpzS0nHZu8V7yttt06Xv1fyxNaT27y+cjxPGdvkyIUZWU7TlH2tgYO4YIzwBxisC5D4YE7WDkqMe+AeACM+xI9Oa/Wtof2Yv2j7QHQ76z0HxFPES0B8uwv47gqcZQ7VuQZOm3JIBwOOflf4l/si+O/DDz33h9R4m0pHZlNtj7XGgZiu6AZL/ACkncCScZ7nHV7FxiuVKV9LdXtqnpr6tu3qjzamCr01zU3GpB7OLu2nyrbd6b6PtZ6W+PbF5txkBcoI5OgIU4DANnHy5+vHygEV4lq5bzrsjgtcyZO3kYb2xtwSMnGPpkkfSdzoF7pEslnqdpd2F5GzBre6hkiYEA5J3BRjAH4YPFfOWsIDcX6g5xdS7ckjGGHpng457cHoCVrirw1jonpdx2u0kt7O34q6T0butMDFx9pGScXo7NJX1S5dUr6O70vY51mYRtnkqRkEgj+6cg9c+3OckCsydsynA5wuMjOMEj+Egk+owOcda1GG3fuQ4KAkkknA9eeck8YAznouay5gRI23JIAI57Y4Gep44H6dBXFOykmk73jtZL4Yuy3tbRuyV1JrfV97h2t9z1+e71tdPTb5sEjdixII6dM8cdecYJxkAYHpgL5zBSNzEenUcEYOeCSefzOQKqkMOCrDk5GCM5PXp34A6g+g7hLDgk4HTBxwe3Oc98enPWpUmur9dbbq23RJaLp08ly7LTz31Wl9fXppp21LZuHGVyWDMTg8g8jr/AJ6ds81NbTFZt2ByCQRkYJ6HPYA9+9Z2WUgnOfr6dgefXkf/AFqlgJMiZyRngdAeeg4wB7DAB6elHtLPlbkr6Wd2unW1152ell6Jci3sm7K7S1b0t8kkluu+lrlqeaQSNhnAG7ByRyTlsAAcZAxkZxxgZoW6cA5cgqOucg9iAOmf19OxqpKSHb13EDp0Hc/gQBntgnOBiHP4f5x/+v8A+sMP2vK3pfS929NHurWd/Tp1vqVyppXWul+l7Wuns2mlaz6fcbC6i4BO4nIVsE7gSoAIOMHkEn2JxgZIpw1GTHz4bOCMcAA8nPXPbHoM+1YoGc889hjrS4xz9QO+cjj6g/QcnkcVXtm7aab6Pr7vf00T17vvDpRf/DdttrbbaaWsraHRQXkIByQDv7D7pJ5yuehOc89AeMVbLxEB8pICCduRnlsYznn6859MCuTyfujjqAeQSRx249ufxPSnCRgCAeOMZB9TzkEAc5/PA6ChVotq8HZJJ9LNW9Xs9W09vkTKm7WTsn5X3t1d3q/16Ox1IjtZdigANkZUYHYrgZ5BXqwHXFTC2eE74bh48HgRu6FSCMA7SMcdTnjpk8Z5ETuCrKzBhxnPH88/578VaF7O4VSz85JJJ59Dk9jjkn0zk5OL9pS3V9PJ/wCf9eYuScVo/O7a0ttpZq1+i9PI7eHxR4n0mIS2PiHVbfypQVWK7nGGU8NtLkHAPPQYxXpvh79pr4x+HdptfFt7dKjKFS8Z5QqDkDnd1PPJGM5JJ+WvBDcO9pIWz99VBJyQwwT/AL2csSB3ORkA1VNx6A7toXrleRtPGTwMHr3/AAqXVkn7s5RfKrXlbT3d7bvy38ndN6RlPltd9L36u0baNNPey1V9b2W/3Zo/7ePxNt2VNc0/SdbijCqyzW0QLjPcuhzxjdzgkKOK7mD9tTwJrAVPFvws0mZ2IEjRWluww33yu1BjuAQeM84IGPzXV1dggAUkgF2JPTnjJxwepOe3GMAOONxPmAsuRyT7YPBHUE/kDkYAFrEVVD3asrbPfWzSs07WWmq+YczVm4q9r6xu+nXVK34O+lmm/wBPI/iv+yB4slVdX8Gto7yYM7QQFDubqdwJAxngMCBjBBq1/wAK6/Y68Vs76T4vudEZz8iy3SqFZumQcBgMYzgjIxjGK/LxEDlssA3AO4EEkE52k8ZIx9PcdTEiMTE+Apb7pYfNgYwARg4OAcsBxnBBrRYmbSUkndp3Wj0SenbZ3+fcOZX1jF9016O+tt9WtW29Nj9Pbv8AY9+GOqxtL4T+MOlO0uDFBeSRAkMMjLF17YHIONwBxgkcRq37DHjuNTNoXiDw/rUJBZTDewhmXB24G4nJ4+mQTgggfBFvq2sWh3W2p3sDoAQEuZlIxjgDzMZGeB2yeCOK7XTPi18RtIKCz8U6vHEgUIn2mUrhRyo7bRkDtgfTivrUHZuKXupWsnd+7Z3umrve7X4XYlh2vehZ9OV2WlrWSdrdd35W0PatZ/Zb+MeisVk8OS3kaFtrWjiQOFAJ2lckqMcD8ea8h8RfDzxhockMWreHtVsp2kbar20vJ+6pBA+Y4ABycEEAV6Bo/wC1X8XNJZMa7NcpDgIs5ZwVxyp37mzj7yg4PFehWv7aPjCdrWTW/D+j6q1rguZrWKTzVJxtclSQw2kFsAjJ5OSaJVaVSKjfkba6tq+l+rTfZryvsEYUVJOMpRbSu2lZN8qtom3pfo3pZ+XzQbO8tVfzrWaFkwrCaCVDkcAMCOfUc9jntVTeVkYBCDlSzDJ47jHDZJ4xnGOvXNfdVh+1b8KPEWIvF3w30+N5VAmngtI8Lu25I8tQdyZ6g9CSQO/UW+ofsfeL+biCTQ5pfmOwC3UM3BHzHkA/LkEcH7vAy/Z0+W8asWnZbJu7cbuz1V+jXTZXOiMKcmkppvS8rPq1vum1t8/v/PODUrq23ASShE6Z5BPTBzkBvUHHAJzmte08SyqgSYiTAOFdcYJxgk49wcAkdh2I++bn9nf9nXxK8Z8MfEdLF5yWVbm5VkTPAUjeOmfUEbgQMVz95+xFNeSyL4Y8f6BqiMCyo1xEpIbG0ZLgZIxk9+OSTtCpxcXZShJPVXk+vLum7fr80g5IN2VmtEtesuWyV97fh1sfHovNO1BUWaONpMZcbSwI4PByDgjoQeCMYzjOVqHhnT7gs1tIEdk3KinKDkkYyR90llJAG0gZ6c/Ut/8AsT/F3ThLLYxWGoxKSoazukYuAMjCgn81I9Rjg1wV7+zx8adCdnuPCGpSIpwWgiaRcDkn5c4Bz7A7sA4rZpctpQV3s4tPV8q1V7Rvfb+71uQ6L3UbrvFprS19n16K347/ADRdeHr+3UsqB0Tg7CDkcDp15I6ADdgnGGwPR/gYktv8TdB3qY2ErgAqcFQg6E8E4PIxwfpxv6h4M8d6cxXUfC2rw4Ylz9jlAVMfeJKhSBnHXPUcVr/Di0nh+IGgyzWMttMJ2RWliZCzYAJJKjIwCDyOmAc80qdKCcZp6px3vZO8U0732bs/W9tFfOceVPdNWdtfu1trtvs0e7fFF45/E1jJkszBlkBI6b9uR7cEeuM9cmsm2twWyGwrKzKoOMHoCcjJJ+hHUkmtr4gQmXxNZmBGdgHVguCclvm5OT83PYBeGJ45iSyuEWMurR5U7BgH5hnK56AggYwRuHfJODEtKaSlslondNaaq6v1v021TV73hqTlGfm79Lte6r3su97p2TSetri28PO1t5jCkYXgb8gjOfvEAcjA5BJ5IzfETpIxBeQFFLEEkqTwMjk5XoTxgepABghkaKNQQ5YMRnGMEknDjqSc5GScDjdjNaMDlH3tnkAEL8ob+HaFGWJ5+8CQAMgDHPI6mmltNF0trez6aa7q67dH2U6K6tO7W6avL3U1zXaVuXRW/JC28Tq+HU7lU4bGGIboTnGAM44CkHkDGDTZC8UrRlyoAB5xt344Bb268ADpwMVqHYGaQrtBIAUFQeRxvHY5GeNoOR0Byak9oGJDk7sqQSAM5B65HTJz1wAMnAzWEZO3NdpNp6W11Teq2enV66dtd1Q10SdkvejypfZtro9F000t0aII55nIUyNtTK7jkgtnBUEcnoeOfTtite3uZ0iDFmJ3/cck8cfPngY4GB3yOorLS3uIoyud7ZICr95ckHe3B4QDrk9AORwbMUTKAp4YEtkE5YdeR9P5k5PFKVSTSs7e7rrb+Rau2+l7a289S40uS1k02099r2Vt93r5pa7mhHcksRJtVgdzHccMMnBXPO3HAPOCepIxWVrc8Y0q+UE73glyHyQRzgjoO/TPHXpVtYEmJ+9u3hV35HQgg84HrnOc+vWs3xCp/sq5ICEhCmRggHnIJ6bhweOOPXooS83fmWrs735Vv1TS7X9LlThL2bctPdk2tGk3y6XXbo7aX17HS+GZ3/4VTqSrIFRdOv1dA3zElQQeSD2PGDk8HkivzC1V2F9cDACh3xnGMqzjrjPf7vbjpjNfqJ4Ht4pfhbqu/DFLG/ZWIP3go4Yc8DgdNvJ2qOK/LvXUZNQuQQcPLMwHsZWweuOMDCj0A6V215fuqcle6VldfzJdr93rtbpueHUjqrtxV38/h0b7at2tslqZhmcsQBgNjo2OnQ+3occkfQ07ziMDeNvA29s9MnrjHBx93IPNU9wU45BAOAcjceenA64xx6DHOKiLkgAADJwPXP1/H9fy4rvXztf1XW/fzHy3VltbW/XRaq1/v1V+jNc3W1sIAdozyc8njGRgZxzngHPI6ipVu02leGJ5AHcnBIJ498ntznpzhhiBnGefz9OcZIznvx2xnlfMxkbR+OfcHocHuB+PI7K6Wr8t9u2un+Vu4Rjy7bX7K9tPut/S2NxbqMfOcMpUkg4JyeMD6ZOcZJ/Cn/agpBR+duVC/KVz1PygnI5xhhn8658yEjAP6n0H06HA78Dpgcm89Rzt784weOQee5wM49cgVTqU9Lrprre6un6a6vvqm79RR1u0nrrr00tbTya9HY62HVby3JaC9uYGwDiK4lUHaoHHIA5xkY5DADNdTp/xF8ZacVez8RarbNCvykXUu3r2VmxjAxgqevrzXlPmNyQccYABPHPY54x6+w49HrcSL1JbjHJ5x6HsfbI4/E0lVhdW5k7JX1S6b2k2tumivtY1vFJWTul3tfve222lvusfUWhftNfF/RBHFa+LbuWIqQ8dwS8bAjhWyRkDhT6e33j6d4a/be+KHh93S7Gn6pExJkS6gDBsg4Cb8g549uvX5a+FkuiSA4JG7IAJHXAGSe3PXk4yfepprglyDgqVzhjgsWI6nnAyBg4z2PQVtCrZcym0k7d7bbN6rV6X8u6tEpttJXjta6Ts/d66t262v3sz9O7L9ubRtWhVfFXw80q8kYDdJDb24wvRjjyzuBJORxg/dycEb3/C+v2afFSJFrPgq20x5ADPJFZhSrHsdowe2MY4wcivyoW4UgEhlYDHBz16k4JO4ZH8PQ9c4zZSdTwMkkLkkHjvg/NjAPy/XnA5A1jiqqs41rJPRXultvG/dX2XXfSxFPZqLTSu0uui115uy0+WiP1XfR/2Q/E6I9tqUmkOyk5W4ECiRgcZRgSVyRjnqCTxlaoS/s6/CHWcHwz8RbaIvHuUXF5EE+bBALAjGFYg/gOpr8wkugCCZmTLYJO7BHfG0g4HQgZ6cY4q7DrGowKvkahNGpcqwSWXheinhxgAsD6ZByMjaNHjqyVm00tHayfTur/Z6O3poRKlSqaVKMNmrpLTbS1uj81s9D9Hbv8AZJ1wKn/CO+ONN1DzADEguoyGHAG4+YFIPDfdHfB24I5S/wD2cvjRpKy+QYLwLwohu0feBjlEGQfoDwcDgnn4w0z4heMtLcGy8QanAAAFaO7m4A5BGXKn6gewPSvT9H/aQ+K+kNCE8T31xHGfljuj5ygAgYJPOCpGTx2GCWqo5jOKd4KbTVntZXWrtu+rva3qYPB4V7KUbWV7bJct7ab2TfdnqN34G+MGiIrXfhq7nSI4ZktXkJx3JAOBnnd+JBOCefnvfEWmC4XUvD88MgB3B4JUkA2nOPk6DoTxjBOQRXZaB+2z8TLBkjvzpupwKwyl3aowAU46spJUdOSx5AwDk17do37dGg3u1PF3ww0LVYtgE0kNvArOCPmbmMk9hwMnkgg4reGZQbfPBLuk9dovze97b3tbzIeW0JJcs0l53W7i7PS+t7re9tuh8eX2uRTRIbmwnhBkIGxXBIGSTyucEdhz04JIxwFkoutavRbxSHIdguzDIo6tkkfKvoMH1BxX6Un48fsseK41OqfDttDmlIJkhQSIqt95hGpAUDouPujOCVqSz0b9jzxHeibSvEMuhu6bpkmTYpY87BnlkAZsgf7v3cEZ1cZRrRSXNH4W4tJtqSWi1btrvZu61VtXtSy10pKdOpGV1ZK63v23duqS221P09+OnwqsrTwHcpLcabp5EUkkuoxSpLdSysQQBGHLABQMFcc5wcZFflNefDvw/L9vd21jXLyMqEkhhkEcoTdl2JBO3Ixzk889q+6vGPi621O9uP7a1SfVbHcsKb7jZbPGDlj5X8ROQCBggnAHSvDvHvxO0/TrJbHwZpcMckkTQSyeUu0KoAJBI3EghjkkdOuOB/AHhvh82yinRwklWxVWrVjzSnF0aVNOSSScvebV03ZNNbPZH7JxTmGX5hXlUpTp0oRXLyqTlJy2uo3SvpvZ6Xvvp8QavoUGkxai0mmvbssbOxlOG8sglUGcsMggsBgZOT3B4HwEmn3GqS3E0aEBz5anjY7Mdpz22kdTxyB61a8c+LNX1PUr2KdpSkbzM6k/LIG3MVwCP3ZycZ3YCgE4Fcb4Qv2tJbi6KhYw+4gkkEKxO0bjyAME+xyD2P8AXWTxxEMNCVZ2qShFyUW2l8N9fie9ntfddz8xr1KcpOMV7qbS5utpK7t0u9H3VmfUHg+e3/4Tq3iWFBBKyQyAYZ2V3QEouRvfB+VcfexwCCK/aTxP+yJ4d/4U5o/xIstS0TwlaT3+nwXx8TfutavbeWON5pLKyk2SMrlsKyZGOeSSa/HD9mTUfDviD49fDpPEX2L+x5vEFt9sW7uYrK3WCOZXLy3EuEIACsAQAfunIGT/AFJftW/tRfsdap4e8H6VJrlh4u1f4c6dbzwaLb/ZzYyXdrAiR298tvtSeOPaoVnUhlCsdwyK/mfx84+4uyLiLhfIuFsrzXFVMfOpXxtfA4aVelGgnGnGnKSSpxlKbTcpyXLDXsftHhjw/kWPyvMMwzTE4SKozUKccTVVNqSUZ3WvM048ytHqkup+Ff7Uf7P9/wDCk+GNe1W+0h9H8VaOdQ0yz0qRGktrZSRBNdqAWE86hJApAKrjvuK/np4l13TNHZriSI3HmAeR5iqJdo+YMARt24wcnjHHBya/QD4y/tFP+1b44sdH03TdN0+7hM+laXb27qNP0rTQDHE0igqiFU43bdihcA8gH5Q8V/C/wV4Ivr6/+IPi2y1Cw0uQpFp2nyJcSalcrybeF4yNkaEbWYDadvA9P0bw2xeef2XgaPFKqRzipF1alFKUpU4yneMG43jdRaTaa73Pm+M6WWPE4itlFSl9Sg1GNTmsuZRjzWUtWua7Sa7btnxB4r8TahrE08kaiytpBmNI0IkkAOAd2CDwBlsZx8oz0PIWUM7EplpH2ksGBcKQc5JPPrjp7nFen+LNT0zXdXa9srRLDSUkeGxslVd6WoJ2lmx8zFcEkgnPUkjjPsF063LyDbiRWDbSN6gBtvzHjJPYccnHqf3nDUnGMPds7RTTSbSsrpxu29Ot1pe3Y/GsXj4K6inJ31te7vZrl6u9k1rok3bQ9V+Gf7Qut/COJB4N0HQrfWWhMV1rmo2MV9cAk5DQrKpSNk6htoyMY7CvaLv/AIKHftWX5ijX4xeINPtoYfs62+mCKzhMIKhIVS3jUYRcKoIyT9Rj4svZLV1lkhCZIKx7SADjqDk8tnjnBONwxxiDREjeVYbyRIYFcM0rKFDDdhuRkbSM5Kjv3+WvXp5tmGEoyo0cVVoU2lzKnJwUu6fK07uzvrfpfoeE8JleJqrEYnDUatVPSpUjzyjrF2Tle19bpWSXrr9mah+1f8ZPGsFk/jbx94p8XfZGC21tql9K8UCsMFUUnbt2kgYAAGcZ6nstD+LHiHVJbWC1upndioew+0E8DopXdubJxwSeRn6+Awar8Nk0oWXkTJPAiMl0kyuJpQeFAXkjIGCQAATxgE07w34lsNNvp7yxKwyHHlyuw82Ar8yyOCecnaCA2W9sjP59nsK+NVXELnnVs3Fyb95yV3a3XVb3Wt2ran0OAxkKXLRpwVOnGUUlyqEeVPokpJtJLdvQ/Tf4Y6NrnjW3lm1eW10uO3bzXgmlWOZ0VgoIDksD/dDLkgkYPNevTeH9EsxIbNhqU6h4kjLghdg5IYjbjI+VskYyeTnP55/D34uWc88Ntc6tKdQe6/fSGZkiaIdUwCMgPxgYJJGAcGvuv4falp+q6nY6RJ4hsIVv3W5luLgAGOJwS0CMTu3sCQCSDg5ySOf5H42x/GOU4x1qmLqqgryhQo0aj5oJxunKMZe8uZRVm05Ltc/RMudDEU4KjKLm1C8m1Jt2Wj00aejTut2r6M8X+InjhNDiKXdnLYCJgCtpiR3ByAzeWuR6AEDns3QfKvjz43WzwvZLdXFpCkZfY8eJLoFfuKCAdp9SD3GFyGr9Avim3g2DxTcaX4Z0uz1mby47OZC8d8hdxta6YjcI0DYO7GF+bPORXxl+0Z+znqNjpD+KLCNLzVltDcS2emQh7K3tcAyCaUDbHJGTyo4IAYdK+w4C40wuJnl+FzmnVwtXHNRoPE8ylUl7i+F2avJq1421e+pvi8HjI061Sk41IwiublTdmrNtyjZO3RJLz10PmC1/ar+Ivgzwzqfhr4f6vceEbHX5CuszaeBFc3yDIGZ0HnohQsCEcAhicHjPi9l8R/GmmeI4PFenatcvrMZMi3kqC4ZJHBDTTNKH3SgsSSQxyTtIIGMWHwtfSzGG+t7kTFlMUFsrzTSF2wFEaAs/UjAHKjoDXvvgX4E+J9c0+/8AFOr6be6L8OPDWLnxP4jvkNqsSKmVsbOOQK9xdyHCLGuWycfwhR/R0P7My+PNenTqVeVuL0q1ZOy7uct1olZPyvf5SUcXiZaqpywtJytLlhaybad7K787Wd1qfNXivxJqWuatdaxqupPqmqXxVru6mJD7mAZlVSSAq4wF9vcBeN+2Ok29JSyryByEDAZ6565yDxzyPmxXR+Lk0+fXdRl0C2nh0aS6lXTvtKkS/ZkICySHgB5ME/jk4HA5q3tmlLQMQip87NjgZPQ455A6/wBM496hZwi0tJKLSa2UnfoubW97dLbpnFJ2ejVk2tHddG9ujvtr5IzpJ5ZJ2faH8wgsVTIYDqVAAAxnjGOSexJNh55J1MYTy1UDAQZY/KSx5HIz6nI5yT234rWC2tjLJyQ2A3ByuCoOD0BAHGBxyBjis5TZRT+bI28lT5aAnGcnKseCD15OeMjvWzSa1tr107q1uvb17aEJvbfy+d7d9+36EUmm3IsxeZQKeFVm2yEc7m57jpjHAyDk4rOhOAXcnYN2CeuR2+hz0x1BHtVqZp5ZURnO07jHGuQATngjpxkA9vUc1J9hCq4LcABmxwoIAJyRnIXqAc4yMDgYFpvbTTrbpZefa+ny1E4p2219Olt1ZtXtrvpZLYzi42ghhtLHC5JbJJOTg53D6e59rUd7JHE8cKKhLDOE3scYyQc9DnGCM56nFUWR4/mdSFUngAgMxYKOexIGQSAO2ciljfYS28Kc42rjOOcgkY+vrxn1paydna2l/k1o7vt0vZrVabNaNa7dfT1a/F3NN5yVBDlwcNIGXJDEA5JxgnB2/UZ64IbFevKWWSRtx4QEHBHHAxypIOcZ4IxgHrHbMUidtqsC/LkdQDkKOh446c5HPodezslkmhfy+ZTvJC7tuCD0AwARkHnacAYBCkErRi2l5q9766X338rrVtXW6Lq/daLXTt52X32Xoeh+HrWxhsvNvoHaR9pB2jYiHqwHTnDeuWz6cdBdwLehbPS1jhtyimR5Dt8w/wB4BjuJGGyc4PpjGdnT7CB7K2l1HYlvDFEDaoVEjgn5Tu46jnJBAHORxjmfGGoWUFzGNKiwEZI5WSQYaMcrGCCQWyASOM46814dSUqlZxSbs3eSvZXt2TTstdrLu2aNRir3Wtm9b2u9F1W22nfXW51qaHY2EcYaNbmZIEMhOPLGeS6EE7iOw44z0zksu/EVrKY9OsIYR+7eOZ3ALMoALYJAxz93GMcY6c+e3PiK+NuQ8vmyMq7EHIWNQPlLDk4GRjIAHX5RWn4Igj1bWY3vbq2htoX8yZJnEZmJfmNWJxySQSRk9BwBmlTlGEqlVObV2lq+3Te++zvpdJMx1c0k9G1ZtO2rTv53V7JX2Ta6Lob69hhtiIUdAITGI8fK8hTLMTt6Ec5z6dxgeNKxbVLY42OLyHkchd06Y4yef0JOc5Jx9a/Eq28Hy2OmW+g3duNTlWFJ7W3KPHHGUwXklXhjnPOQCF6bcg/KF1ZpZ+IY7ZZN5S6gG7OckTKAcZyCB19wcEcV05bWVSzcZQu2lGa13hZ6rsl2s9Uu27jOOiaa5ovtq7W08tNrPo0fuL4Tfy/BPhXzOW/saxCkFeT5KjhcEZJ5bpgkKQOh6BJNxVQqksWLHnoxBGCcd85OOe6k8DkvC8WfBvhbMgYpotp0Jyu6NR2BBJHI6cjA6gV0MDHPyuSEbI4wxB5x1woBx0xnkg5HH2uH+GLXVWeqWqSs3qttk+1jhqSk6ji72bu1eKW6vo3ta/pq7N7O1cgWzqzEZhdcH7pIXK/QZ7YzwDnGc+B6L5/9o3RIKgzvuOwhclm2sT1OMeo5wcc17zqhDQFXAASGRiWy2OCP9kg9AOflAGSDwPIdIWOO5vldcB5mwQ2RuySMYyc5X8+uMgVVWUUktHq113tG/TTVWbvbVtqzdn7yqrZXhyp/+AtLydlqurbb127Hw9EqXtz5kjDdEud5wV4z8uQD364GAQeF6d1NDmAKGbAThV4G3PTJzjgcY78dK4LRpPM1S4QKocQxkDcNwAHXaeT1249xjOa7sq7xgg9FwwTJzkAnJGcYOBnAyRxjpVYTdtJJfO2lnffp/XW5VvbpbTVNa7OzWun5XV+6z44tsisqjqu7cc7W27cKei7j8wAIBwR246XTZAb6AB9xLKNx+6M4OSRgk9cnrjFYKoqyY3EgksVAIIGfuEn+oG0ZB44GvYMqXluwPDP0xnkE4HOMDIAyCBk9OMV72E5rW803r10tdLd3V7P5LqeDiZJTb1TtZ3e6drpdbvbS76X1Z7BCUaEOUXhcFi23JyRnn3GVB+91571HV2Ll1OPlCtgkZP0IyQTg4z6j1KIuYlZgVVkB4JIHP8QwGbODzzk8d+GbiC6szlHIALfdGAckdwMHBGRwAMEgCvR5Vda+idtbW123ST7rW+hgpNtWttdt9O6af62s1bVMQQ4D7sKFUAknByScr7e34jPHC+YpZiR9xAoJJAxjnI45Gck8fjkGo2ydz5IA5VTk7xnB5OQy4P15H4Qux3ZUAO+5n5Bxk8jnGD7EHH3snit6ctH07baO0fi1W+llq93e+91p2p+9ZvTZ9vLpvq9fusWwyuJGIAAUlcZJUkbdwPGM8ZB4weetXdKJ86E4JUyBVAyCSBknJ/2eMnuc55rFQllKl2QKh653MwLfKDnnAwx57nGc8bekDfc24UjAkQuxGOpA4HJBHYEdRy3Q1lWjeLs/s635VbRX0ST++zt00sTQcZVKelveV9ls4u2jauldWvd21PxC/amHm/HTxyrcL9siDkkZA2+h+bOAOOnPIOK8DW2SJztfaJCFO07mIzjjPAyc+nOSehr3r9q0JB8dPHIjk3j7cjNk5ydqnaCOhBHToevXNfPsV9bQfvJWMkh+ZUYYKNgkbvXPXqOnoMV+V4iX7+rdae0lbVt2btd262b01e3qfVVEuVWuvdj36pabu73T6L77aTW8hBMcOAAPLJJ+8MgHouScgYBwQynJYklqxXEZDXcRMjKcbtyspX1BYBQQAdufYHsNG11S2naAXHJQBztO05IOF2qcjg4O0DOTnHbpWvLO7TeyoiSJsXLL5gOcZ3EfKD15BOeCcVlyLdrRvVeejd1o7rZK+i0Tu2cMJXqSae9tLJOzcG72s9Fs7vq11b8zmn2NIyLnccAFSBu7EjqWydo7dD0IrPaUu4bft3HnacYOMdOcYwc4x+VdTf6fBLM8ccilMllbHDMOQAwOOpODzgZ5Ga5Se3kSZlwAoxzjIO7rj1JwSRkce4qJQilfls3Z2WnVPt06dNfOxvGz6X3dlrs1dO11e/NfXp11Oi0uSxYOLvDOVDLvJA4yRgcEsc5BwCc8EZ52DLockSQrOyMz7XkA+VckAjkAkjJxk+vBziuLhtDNI5MuFRGbDZAOAAVDHjOR0GM9+TS24G4Erldy/uyecD65HPU54zzjqTHLFWabXRq9+kemttd7Pe++pbV1zNK2llv1V073tsk2t+56dp+laKXU3d5+4BUhY+ZJI9wyG7gEbsd/TqQfvvwH8WPCPh3wbHpehWCXBt0UOkio259uWLZTnkYIzjoAPvE/mtHOqTpKuMKnCjkk4bPXgjHJ47Zx0I+kPhXBLcaTdTNCCJCVLsGKlTkELuPXDZ7nOQc5NYVYO9+ZttNJO6utHZaJd90m+9kevlk4xqqMYx5nGScpJuWijZrVW9LbdVqz3LUv2mEeZrKLTwiAkjaNq5JwVUAAjB/vAkjJOM8xy/tJ6pplnG9hpEe4EBhKwIGACQR8x554BIPHAzhfkPx3HZ2PiBxZSBlXGUBwFcDduwox1Oc9RgDHUVgJrN7JshldX4yFLYViSTubOM4HbkAHnoa8jGYZ1I2u3smvL3bar5u/y8zup5riaFWcIy5XGXuSio9EtWtk29Vs3s0rH2bL+1T4jliIj0yGNskllVcMT1UgEbSe3TA9R0qN+094nRAYbWNRuX5GAJ3kZJJGQBngk8dRkkmvlSO/VUljeFQqx79wbI3Z5BJ4JHB4Ixk+4qg2pu7xshVYgoTB2kE8j0LdSCfTOc4IA8WplVKero3XXe+jTd3ot9NnfXqeh/b2OhSV8Q1eWqTtZtq+1tL22fl00+xrL9p/xVCxJto2YqJNoY+Vk8nAwcbiMADGfccV1dt+1v4ws1EsNtal2bkBiw4OQCMEZ4AHAGRnK5NfCbausVvzvLrgKinLMpIBByeQSozn1OOtRf8ACQshRViG1lJGcABiRuO5epwWGPm6dcDNYvIcJVa58PF2tvt8K1fTu/N+h04bifH01dYqabe8XdpJRbenTV7btXtbb78uv2zfHsCvKtvbSDy8YAPy5Pc/dU4yCc98gZznl7n9tvx1GP3dtbo7jBBGT0OWIP3QOmc88gcjFfF8/iaHa1ttDRsmJEDbgT1Y5HTn/awRg+1cbf6ostwZAcIylVUEDjOQG6c5HU9ecr2p4fhTL3KTnhI2k73adle1+q2V2tLq+l9iq/GGaXThjqt97J9lG7trum9Fu1fpdfftp+294wEu+4S3ZCpDRqGOXGR5m3BOOTyCBwC2eTWZqf7X/iTVpGKxxxsp2K2DuY9WIHBPPpjOAR6V+fgu3VnkQlQSeQMt3z0HX5iOjDHTk5G9oaqzGWVwWYuqgnkkqMHBJAx1B5A65yDjplwpldNOpHDxTSTaV11TbWuyd16fjyvi/OarVP61Us/id7WXu6y0W123qkmlax9d6j+1H4jd/lEcXlgbQSAGUZySu45zzkHB4HYAVy8v7V/jJXZIzEuSzLICwO3kLtBIDZIIIYjbgZwa+adWQRIzs4EjAcAAnknjJyMkHoMYGc4BxXMyiRjGXZd2AF5+Yj0A6k7ecAenAPNdFPh7K5003h4SbstU7dOt7LS3m9NdbPCfEGac3+81W1ayUmk9tG9Ulu9H1t1ufX0v7VXjO42+aEGE+8C27JGFYnpgnPOc+nINY0n7QPijUI38zy5CzkPJuDEcfKOckY5HO0cdsivmB7hmUsAMDACkkMdpII7HA2sApx1HHc7WjPIbuCMRDypHHyZ3F+D32n7owWxnoSeAwqpZHl1GMqkcPTi4q6dnF202fbfXS19VrczpZzmFacaf1qo1J/ak+6Tbd3dWttfrotL/AE5ZeL9Z1KBbm8VdwKFIwWTggEYBOMEk8beo65xnai+IvirSpI57CQxsuDGcneCGUgZzjG0A85H5DHHWls0qRoR5cflouCcqPlyoyOQRkkr1OCSODiHUr61tYR52C0RCKTJtzhSGx7ADOSCOTjA+YfJ1owr1pUnSjUjdJK11y3itUrX6JXW68rP6KnWxGGhGr7ecJ2UuaLaba5ddFfruuvVNWPozw9+1d8UvDk0CRXckikKUiLuCWAGTgNwFIAAHB5A4wD6Zbf8ABQr4p6W6Jc3JZI2O5DK4UKMj5ySSSc424yCSMHv+ej+L7YTBZlQPGziGQtnapIBYAjp7nIA5PUgYOs+JLK9jUxqftQfAGAqMpAG/gnJ5ywO7j2rn/wBTMpxlVSr5bTTlb3opqWnLre136WWnzO+hx5n2ChahmmItG9lzy7LdNqy2erslbTe36qQ/8FPvGloFju1E7Mo5jdlCpk5UgncPYZAHHPYei+Gv+ChHizxaZLSz0yINIn/HxO2yIEjJ3OSq5wG24+90GOK/CeS7mnuishAzIxAxgKAT0AwMN0xk44zzxXeWvjOay0x9Ot2aAsECzoxQqygBpCQwbcDgBSTuzk88jrnwHltCMPqdF0qr5WnzPljtvfX7nb5FR8UuI5zccRjZ1YtWcWo+9bldr7u+utnbZ20P2A139rnULDV4m168tAkaebcwQXAYsmdwBcE7Sw4+VSeQMZ+Y+R69+2Zd6rfzjw7P9ms237UaRi0jg4QIAw7cgjoCcDBr8oLrXNRubmeSe5nlzuUySyO8hG7jueCAOwC5I6c16f8ADn7BYOdZ1eQSQW8qNDbMeZdoODjhSMgZABIbt2r6Cjk6y/CwlKc6sor4U2m3aKSSWy11Wnfc8XH8YY7HVG5NQhO97q0toJa2vbV9En8rH6OaL+2h4ys7mGwu7A+SzR7mCFdy5Bdn3DtnOfunhujCvV9V/bdtY9BuorFJI79kMaLNGXDPjgZwcKM8e/Ycgfm74w+Itk9l/wASuKA3E5ViPKAeCIABVVkGTtyCG4G7PPGD5JP44EjxoQ7suTIMgl25BbsAT0255J/vE1rQwlbEONaUalJxa0TesUlZaJq+mul3tpY45cR1oU/Z3UuaPKnKOytbR2Vmvv6dGfZOpftX/Eu9ubjFyfJllbCxhh5cYOcKTnBIwATjjtxymh/tL+L4LgtqFzdTRynhWYkYHAwMEsOOMY2nHB4x8lL4l0xbXEfmNeTKrEABhu4xuPT5TgYH0I60jeIFVIWfYzqm4OpX5fYY74HcEg9ic17lOpiKStGUo7RdpO6Wi1s+1m1raz11u/ArYyVZtzmujkpR5lra6s15Lur9z9JfD37UImiWLUt4kVljWL+FwcnO7A+buR0OT1OBXqS/HHTUtkuGcIJlJwJDkHGQhQYJzz0Ujkdt5H5QWPi+3SWKWSONwpRtnR1YDkuuRke/BJycdK7e98cy6paAxlrdYo9yjcAC2ByOh3YAHrkZwODTnmuOp/uueo4Pq5XafubtvS10lZ23tozfDqhVjzOMXNJO3LbqktNrL06dT9PNI/aKswrQLIkTIhV97KBJuyuSWx065ba2OeBzXoGjfGrTbpI2j1G3Z2BaaN5FZ0yQQOwA7lgBkEDg8H8UJPF184li+1MMg4PmHccn+8Mf3c4P0DH5qfZ/EbW9MK+ReO6hgrfO+RH23dwSAcYx83T1rqwma5hh5QqUsRODUk5PmeuqtdXemm7TvrYqusNWpyp1cPCpB6JqPR2Wul0+z77Xdz+g/SfHlhqcOIrhN7KBuDgo7MwJxgj7vU8+3Oeeoi1mIopLYbByQ4YMoO0HceeCfXHJweuPwr8HftGavpNysFzcTPCxQFS5AQkDPPBA5yMZyR6Yz9f+Bf2mbGYxQ3t2jqPuvLKrKVx8wQkj5uvBP4dz+nZBx5KPLSzGClypJVF8WvKnLlbT1Tt+SPzfPeDsFiXKrhH7OpJNuDeruk7Le177X12W9j9G/wC1Gc7yP3ZGMLtJyMeh/ugH8j0rlNfLTqLm33xSRfOJEC7pdo6Hj1GGHZiehrzjwf8AFXwz4kiX7Df28jZUSwm4QGMc8DPGd2eABz1yOvo/9oRyB1iWKaGUNhldTyxDEAn+LPJJ5Gcivu5ZrhMbRVSjUi00na6ulo9lrbSyb2d7n53/AGHicFiFCrCUoxlyu8XKNrpq9la3XRKzvd9DjD4wktGSINLb3QYrubPznoQeBkcblzzgcZHJq3fiFZ0K3D7pQW+Yk4kOP+A7fUAZyeMcEFviWCKdh+6EFwrEqy7TkZAAJU4AHXgls5HUcec6rdw2okS6ulMsIJZd6n5FBB3En5DwMHHAJYkE8+csdFXTlGVmrNtW6J316KzXdab6L0o5VFrnjS1ly+7yO1/d89lbonttszthrD+SEAwFyQd2OGLDGO55464PPGK5TXb21sw93NdeVEFBkkkb93GwAYljuCjHcYweD0AJ+cPG3x20Tw151nE5u70KywxRNuiBHbcO46ZBPvjq3y/4v+NGveLLW6to5mtrIRgy26yAEsBk8ht2eWBzjgDj08PMeL8JgYzjTl7Wuloou8bpJXl9m227btbsz28Dw3XxHJKdNQpXTV7u+ivo7Pq7vz3vc+g/iX+0DpNpFeaFpzyS3aqwF5bM2yWT+FFKnOOm7HGBjp1+A/EdxqGq3t9qd+4eSZiWLgoyBiSMAjBABIwO/XpWdca5ILpbq6RZECr5QYkkuv3TyScofvEkgk8sT8w5jWfE0monYWZFDnLdS4BPQ/KPbpwAeRg1+WZtm+Ozeu6mIneKfup30Wmmlk3bTm++7PvcBl+Cy6klSg1OdlJuNnJq0bybSTSuu9vXVPjZUbYi/KPl3sSDliTyT+I+hz1znNvUnllZIQcFcsFIYMQMDByAGGc/geTmqLXYk3uzsCASvIIYKDyTnnk9ep4A2gEVHZ39wMpuJCkuWIGVAbLKDjcMjgZ6DrjIx56pyilK99L733t5Xd27K/pvodLcW3paOjVvl2666tt6+tnFvmdvLnLIsYDSHq/HVW45Hqd3AYAnoTPHteX75EbIFRenBGF3dcDPXLfTjg2vOspHadztLkqw6tjACEZ7E46AkDuMZOZNcgmRotuw/KRjLsoJI4+YrgYzgEe3AAtRlNa/ZSd276W2W19tLryumrMg1CVndq12073a+G3dfNa35nfQ6NNHsBaqzzB3Z2PXO4g5EeO7ds9uNwByK0dO1CDS4ZBCJFk4Ysi7QzcBYwcElVznkkcDryBT8MwLcSRvPGWtkDMEJG4sQD8nbaTnk/njr1F/ax3Eax21k+6F/wDVoN24biBvYYyMAEDtyC3Yck6tNS5JzvdLRu1trJqy6O+um9jaEOa1RK13pK3xfBfd7tvzTfV3SeBCs+q3onklMiHEjhxnOOSqjnacYyOckZA3HncvmunQRQgCJgCigDftXAyQM7QD0BzwMA4Jw+yWOxjIkj8suxWSMDLqxxnJxjB4IBAAGc5zk5F/qRt5H8kHMbEeavzZ3HO04yo64OB3P4ZL352hfl2TVrPbVp91dLTW10rWNX7qTlZXsmtd2lvvZPXut7lsG73pGzN5oA3yswGOpAbj7vB6nueuc1TOnXN48rMS7iQeWwHyfQkZHPXJbHTkc1kSam88+wSMjMMncchxjsB83TGQCSMnBHU6um3dwgNsC4ZjvUHgDodxznp/vZ447V0ShKK036u9ktI2XWzbt5t33W0qUU9VZ7aq+t1pdavpppayturWJtHk8uaC4lBl8suAZFCouCAvT5m6dDx1yTmuJlt5I98TSY8tjyu0gjdjGTlWyBkcFh0ABAzs6jeXU0zxs7O5X5mJwwxnAHTK+2Oc44NV7Un7M/mRdWx85BIbgj+HcVzz1yMgnGOdKcZJPmbu9eysrXXku1r216aEylFyTWz+G3O7tct7WT7Wer726OqGWOMEFgCFITABPqfccjB6AZzjioI4neaJNzEu4ZFAG1Ru5H3uOOTj0OCcMK6kW9usKvKUL7crg5256KVOQB3BGc5yDisuJ7ddRgZH+RHA3cnLnkhj/CQe2MAgEk4NOLbat6PRdWkrW/4PpvfOU1JKKilsltpezfXVXS5VsrarY+0PhP4wbR9DurXWNQaOyisUEcYkVU3AAiMnjC4OTyCeegOa53VtTvPF3iuM2sCXDt5YtgDkxW6gZIA4IIHtgdSNoFeI6ldXtlZrbRnP2kI7yBsg5b5QRyMAkDjk4OQDjHYeDb/U/D96ussSJFttkQcNmTcoQnG4YUbl6DDdu2PXnmEqmHp0ajclBpLbVW0Wrs0t112Wu5xKhGM3VS5XJJNpq7u72bfS7b0d7a9dek8UagHuYdMkaQXEW8StIAfIKDYAo4K8Hpk8/eJxXA6PLc2V1cfZnciUyIzncEf77CRhlcjuOv8Ad56jZ1DVIrnV5tTuZC6uC8qxAESSOTuj24IyoICnaOmfUmW0lg1q5llhiFvZ2FuXSPBYbhltsm0jBVwc55zzzkEeXOrNt2VrbK1na/VXte2rt2+ZvZbKTbb5dLpNe7r5XSd766q1m7lV/EHii9H9li8mFsH+YuzIoC8ja3DBABtwD9euKt3HgnWL7TJtVvrpp0jwRG7kZhwSGG5iDxhlIBz1A6VetorZ7ea6n+8XHlKu0q3J2q+McAYPOc5y33sN2y3VpJp9jbXlyxhlIecq3yQovCRgAgMWGRgnAGSQScjJYmUn7OTm46Xbk7WvFLRXv0T/ADSVyIRipXfxaXdraXSV9Gmk7frseSeFPAc2tzv58klpYySmITuhDuBk7YxgMw4A444GD/DXrEcUfw9vlt9HYtNPbmNWgQtIXYZzNIByS3UAqVJI6Daeov728n063/sSzS2sNPtnLzBV3mM5AmXAGSRht2c884GCbfgu/wBJj0+T7VFFfXUjkm4uShkVv4gob51JGAMdQc8DFfQZbhqFRpznZtXTluvh3vre7vpb1S0OfGzapOVNSny2lyq+rdm+ZJ31b0cbWav3R4BqNj4k1fULi5vIrmW4nkYDfE5Rkdi/y9gFA5bPuMkjH1B8OpbTQtLgtI9Oga8niSKWOQD97KzAKxBBwF7gj/vo9O30h/CmqQM14kEAhQERL5e9Ap2uykDccjIYZBGcY+XFVtOt/D2n6ylxYybbeISXUc10pMIVFJIXcTu5xt+8OCehr7bJsPgKE5TqVqcm4t+84trSLbSbd1fyS+Z8fj8Vi60Y01TnBRso2tq7p6xWt/J2vZX12+PPivY3Vh4s1B7wGG6jeSUpCCIwshygVsgZCknptJJOOQW5fRLxliCTTmN5eY5HZRgc5Gw8KxB4wM5yOtdz8XPEcnifxZdyxwDyJAYkdIwPMaI7TIxwCAV5HHOcADjHjckDCdRIXjKMfkUsQFGQF429Tzgrkf3sZx+bZxGhXx+JcLODrScW0tm18mnpdpLpbpb7XBOUcNQUk+dQjFt3TvaLu3q9LLte/bR9JrAWXfPbXAKRKQXJ+fzON2BkfKW4HY55JDVgNfyhYViLPKGxIzKGVsqduc9BzlX5J5bI4Bzbm+eJ2heU7VZSqjBG3dj5iBggcnPHzDIzjjp7aCzNo0rbX8xMtIHwyMQMfKMZ9RjIB5xkknzlCMEko7Ppe61V2tdHb8+yZ0p2sklfZvdrVX30VrJXs0+ltiJNCt720M9tMouQwZ4mILGQlQQigHYRjjn5eDjtWVLoWqzSRxSadcsgkVPMWNg7ZPAU92IOMg5xjJ4Bq2l19jaFbKZ3YSGRwDjGD0JbqGxgcHBB+Y5BPsmj69JJb2/nOnnSFXiC7CY3GMb8DIxgcn0JHqefEYivQi2oc8VHa7snpZX1176vqJPmsru2jutk21azvZWdlZaq3rbh7TwnrGj+Rcmze3glKP50pKNHj7zNkjg55ByCcjqRn3fw3caFDpMsd7BDqF75auZiw3JnJwF7kcDGDxjgEZrzrxZrt5PMlrNcSzLIhDqh2RCNgCHGBjI5yM549AMs09rG0ihuIJ5WYpwvJ3ydlYdyOu7PDcd815lSpXxNOMp+5e7tDRWslq7Nro9WlquhMoKz+GzTX/bui7W0d3q+tm21c6fxZbahrUEE2nafDasNyLHEixMyADDFsYYnaW4x8wyeOa4m28Xy6BbLYPDJ5qSlLiFiTE7dMsCMKQd2TwMcnjp6Po2tC4VIJH84RMzsHYK6IDkhQuCTzlQBgDHHU1g+MNBsfEIebQUVbpEMt0jgBWHfecdQR8rcnIIxkmnhnWk40asXbS0k3e+mn6t+dknq202mkldO15O2+l7Lvffyt2PLr2w0DxJqianqMamVJgXto3AV0JBCnoGXkDjnBPGc10tz4ii8LRrZ6Lbw21s8bOsEahycqAHkYHGAeORxxk5wQvh74YeMNccWuhaLd6pdXbohSyglmaJiSOGUEDkdTxyW6Zr7V+GH/BNj4zeOHt9R14R+GdNuAh8y/YtcLEVBYNC43DIJ498DPIHsRw060o0uabW6g20vdtZtduVK76W1sbU8LXqWcYTlFu/M7rTRXu0tNkm1a/U/MK4ebV9T+05mluLi4JmWKN3yXYfLGo55LEhugxk17f4H/Zy+Jfj67Q6D4R1N7O4ZQNRuYJIo4wzAFi7ABtv3gQeACAOa/oA+EH/BNn4c/Du3tr7WrFPF+qq6utwYh5ccqsGZlR9ynDbcDBIHBGOv3r4c+H/w+8OwQWYsDYsNiLbz2qW1qzLgABkRAQAMHcMcc5FehSouMeWzbhyqyWj7xjq97Xuk+zd1c9zDZKnZ16iirR00d1o7L5PtZ+Ssfht8If8Agml9uWyufHF9d3Ybyy2mWSHapOC+6QjacdxyTjnuK/Vv4SfscfDX4fW1s+leGNN04xKitcTQRy3LuoBB8xwcFuMkc5xyORX2ba2NnbxKtja28MOD5csRjZRgbQAQpbac8EjjPGDg0+SeztI/Mv7uLywjEvI67QOW3bcg/RiAcDpyM9VDB4id2qThCSSSSd9XHaTV2+js01f4up6sFl2CinCEZSStzSSV9Fq7qPT/AIfS5n6B4W8P6SkaWOnRPKgwJHVdoK9ycKNuOgVTjAwex7q2iTO0iKMhTuKKipGGzxxyfmPbPUEsM5HieufF7wd4aVlN5HcTneohiBYkKcMFw2RuPTg9Tz1U+N618X/G/iwyWvhfTpNKsnyPtRGHKdN248fKOSOCxPGcHHvYLh6vW5W6cunR3vLlfzbSu7a3s9WebiuIaVONueNNKySVtL2utLp+mu9u6Pr7W/Fnhnw1bGbWNXt4TGCVhZ08xyvOGUNwSRwPvYA5rwbXf2l7iWSWw8FaVJPNjylu2UlFJOFkxkFRjp1x1JxmvCrfwtc3tws3iXULrU7pmDsjvIUDkltpLZUBSCMDjJG0CvQrHSrGxRTbQwwKrEOFCh+DySxBxnBI6Y4yOmPscBwhQTjLERXMrOz7e7utra3u3v02PkMdxZKzhSnO+103f7Nm9L23votnrrpzupX/AMQ/Fsjz+JfEVzbWj8/Y4JWUAP8AMVJU8kA4OQ2OB1yKNP0bSLAhrZN8+zLXEuGcseSCxJO7OTkDqexGT1EnkM0mGj8vBZ2c5IwP4W6Dr2B43YBJxXPTTwCfdG29Bw8Y2sAf7xfPA4IOB6Yr6mjgMLhoJQpQXK0lJ76KOt+j3utN/U+WxGZ4jFyalVk021y8ztf3b99NWvhaWm25sw3flyhCTIQFIGQAeB93G4cj67hjB7jXileYlwRGGU5AOCe2Aeh54wQTyDkHp4l4s+K/gPwPA8/ibxLp+nvEGb7Kskcl+cA/u1iQlixwcEA55xgmvkTxr+3TbqJ9O+HXh6W7b94sWs6iu1A/IDpB94nJ3bTwTk9MZWIxmHoRg5TXMrWjHVv4enW/RK2+ncxoYavVkrJ2unzt2snbRO6V9dlZtt9bpfo3qOo2GlWdxfapdWun2sYbzpb2aOOLyxu3Ft5xtIHORjqc8ivjjxF+038N/hh4lN/4E8QNrEFy7p4g8KWGZdIuJHyTeWMobyoLjPzMFO08AHFfBl9P8fvjldvLd3OtX9ncFgICZbLTYEbAAKYUMqrjAOAwGMZFes+CP2Qfs4hufGOq53DfLYWQ+YtkNh5BnOMsCcnBJ78jxqtetiWnTpckU9KsrxfRLRattpL10SfT1IU8PhYWrVeZqz5FqmtO99umiat7rRd8e/ts/E/xxe3GjeAdLOhwTPIlu1jC0+osjZXa86jYGwfmJyU646ivPtG+CHxm+Kd2dS8a6tqFjb3JEjzanNLJOVJBJSJmCpkHC8AcKOx3fa/g3wN4E8GRNb6Zo1lBLbt817OsTXGzgbmMgLZIzg4yAF44rU8TfFzwl4XU+bfxXc6KdlvbkOVYLkAqowPu4zxkcnPZwwUXy1cVXvBJO3M4pN2dtN0kreTtuzn+vSk3TwtBpXaUpK73W9uVbdm9Fs9jzXwF+yt4B8Kqt1qtm2t3iAN5+oHcgk4YtHFnocZwTkA8grXuT6n4W8HWBgmuLDTYIxkW9uI4sqMALgDkqOh7knOV6fIXi/8AaL13Vo3TRov7Og5QuSHnYHIyFH3eOV3LnkckEkeKXvijVdXcy388927EOryykkfdG1V4JwMAYKgd+eaVTH4PCySpRUrr4lZJtpWbbve9nb89S6eCxeLletUsrr3dX/KuVaWXl0vZ2ufb+u/HPToF+z6FAbosjBZpGKIGzhW+Yc9OSecc5ycjwPXPiTrOrTO9zqDiKXcjW8TlMAcYzyO2TjAPJ+vk0Gq7WVSy7CoyCwAjxkEKOoIGMjJPX1yOf1nxJZabIZZJo44tjMzSMqocE5Yl+CQGABGOhyOefExeb1JTjeoqcOiTabVlfRfLR+V7nsYXKqVN2hTUnde9JOWtltffXf1V9j0OXUmM29pQS6sQQ2HOeuSd3Iz1HJGD/Dk8rqurRR7nkcCNAQZNwGepwzH+7nBOOR77q8E8SfGfTLcuumxyaldxIVVkZkt0G04Ytu2dcH0AHXAr598Q/EjWtaeSK+vzawsxP2OxYnKjPyvIu3n1Cg8fnXi4jNIKpGzdRSau9bK/KttdLXbv0Wisz2qeB5bKSjDZJXvr7q0WjbV3tZban1/rXxS0HR40BvkuZkPyw2xEkhIAGGKA8HOCMdM4znFeEeKvjPrOqrMlikWlxjKiViTO64A4UNkEdW5Jz90ACvDLSTVNRcRafaukZf57hyS7bh/z1ZcAkBsAngjjGcjqbbwNKXDXEUt7PgN5UO652sx6OsecknIwSAeFJHbxq2LlVnU5pckN2r/Dtazb3tstXa6eu3fCkqThypvSzfVXsk0k0t07v3mtlucfqWtS6rI8lxLcahclstNclmi56CJOOd3B65UA4GaLOK9ukMbB0OfliClRyOoQLlyBgk9umOtfoj+zV+wB8Q/jzM2pQax4c8HeG7EpJf6t4iuIbeaOJiCTbWMjrIwCFsHcckfM2Mmv1c8N/sgfskfszaXp+t+NrvRviH4ouV2x3V7ewT6a8wG0yxWaOTEm/JBbPoR8lcfPTVOdX2kZxik2k1Lm0S1vpHf0d3ZJjVOtUq8krx5nvJO1ko7rVJq6Wt3dKzfX8JvgZ+z54j+K3inSPDF9ep4B0XVZV3eOPEtrPb+H7S3BXfKLiVFSRhnj5h2AHIr9kfBf7Af7Hvw0u9OvfHXxt0v4q3lhPatcWGl3MNpodyWCynzCXZpY2IAY7sAAcjqfUPip+2d8DPB/hBfBemeDfCusWs1s1vLpiWFpLarbnkRwyxRCSLAJywcHOOeoP4g/Fz4iWHivxFd33g/T5/C+nTu5TSbC5mFoiCUEbBvJQAfdC5wPlOASW8jEYlYhKCqulGVuaNNtS+y7OStZ2SXTt5HdSoqhJt0+eSdnzqLT2drLW+qe2r3tuftN8R/2k/h78HofFeieAWsrLwZDYpZ6RpOiywWkS3Cr+6IeHZJcRgKBu3nJA5GCK/MrxF+2l8UrqS/j0vWLrTbe7ZhGEnmLLEzEqo3OeR3woycknJr4zu9V1C5tTb391K2CPLM8rykDtkljznoTn0ArqfB/wz8deO7uC38PaBfamGJH2hYpVhTnJfeVC7COdxA69fvV4csPluFVatiFRl7VydSrWcW38NleTdrLV6b2s9dfoY4vM8Z7GlhVUjGmklTpRkuVtRWtteml23o7I3PiN8aPGnxJazbxXrd1qb6fD5Fm8u7fAmQSAxIYEEZfJOfl7AZ8ytvtmpTRWNhFc391cMqMsMUs0jtuGFyAxBLZA5BHzdQMn7AsP2bvCXgWCPWvjH4ugtJfM3f8IzpUyz6lMqgFon2NtgZtoG4qMHnPQGn4q+L/AIY0DOi/BbwXYeFtOj2NJ4g1GKC816VkIBZrh0ZI1kIDLhQQzcf3q46ed0ZtUcqwsq0Fo6qj7LDp2jb35JX2fwRmrba2N55PUhzYjM8VGm3yv2XO515XUXZxWkfNyto7W7eUWnwc1+OCK78Xz2ng3SlUPI1/Mo1BoyAVMVkWMkmRnA4bnkZPHTaff/D/AMHXMbeEfDp8W6pGhD654iX/AIlscyj/AF1vYkAgKTuDFiOMP2FcXqmuar4tv/turXl1qM07Bbm6vZiUDKeQAx8qNeD91QFGQNozVe41qwsBDbKBdyJlRDF+6tgem9pDww9fmG705NdNOjjMZJPEVXO9r06d6dKKut5aSmknq5Sipb20RNTF4TCpPC0oQsk1WqqM5tpxSa3imls7LW2u5veN/HvjfUfDfiObUPEV7NDPEkUVjpriw060DEDZBb24jWQKDjO0578Y3fOkUKiMSrGA0sQa4mf/AFhk2gj5mycFj3LDncOterLo/inxy+oabo9lNdyyw7La1tgY7dXyAo3cCRhxhugBwMV9X/Ar9gL4i/EyS1fWVuYrVzB9psNLRppFXPP2q7UCKE5O0bgeh6kZr9g4AzXJ+HcNjJZnisNh0nHk9rOMdVFPlhtd31dru+972Pzni3DZrnlXDxwlKvX0tamnON3Ja+77q1fXprvHT8+LPS5dUu9lvDPd3JbEEMEbO7vuyABGCQSMHPTPHPNfUXwi/ZY8cfEjVIYryWDwrZu0ckkmsyrDLJEzAgJEwTOACQecjI5ODX7qfCr/AIJ4eCvhjCZ9ettM0xDbxyPLK0NzqTqoy0b3Mm5I2PBbaFbqM11HxYs/g74e8FappvhzShaa1YWx+w6zaDDyXcALBZrhwRswp3nIBBAGflret4nf23mUcryaFenhalb2dXH0afO6ak1D2kVLS0dHd3STfouCtwRLK8v+v5pUoe3jT544SrU5VNq3uO2t9ba9nd9Dzb4CfsHfCLwdo1nrGq6v4Z8feI1MbS2l1qVpBZrOpykcduWDybCR5jlgh7oAK+ofFuueKfAOkSW+m6f4T8O6Pp8ZRYNDubL+0BEoOIrZYQC7MpA5BYnnGev42y/GSO6je4tr6WKW1llt3ns7ySLbcRsVLHymGWYg4OMnGckkCuWufidrkrtdXet3t3CwZ42a/mZ4tnzBgHchscdsAkdgc8uZeDDzTGLMMw4jxePo17TccS+flT5HaK5+SnHayUdFqm1ocWXeJksBR+o4PJcPh6lJ8t6FoptOKu7Q5tFZ35nqm9Ht9seJ/wBqm4k1efR9N0nUtQ1O3AW6uPENz9mtYJGzzFG4CFVAznOQcYODx88eOviJq3iRp77xBrerz2cYZYdIsLzZDNNgZWEIAFiiPBlLHI6H1+RviR8TohDa6hc3NzfXZmc/KSplgACmOV0xvAVSAWIDHGTkc+NXvxf8Taha/ZYJFsrWVTHbp5bSXQRjgIgAMjMeBxkkYyecGocJ8O8NKpQo4ak60Iq2InHnle0Vfm1tqr3SsvR2Pa/1gzbO6cK9WpVXOl+5cpJRkuiUWlJX11V9bPy+hPGmrQxaatzLeWWgaeqPI1vbOk2pzEgnfJOWL7z0Yjbg4CgAA14Hf/FJbWyFt4ZsfKlbdFPqd8TLNclj95EcFyx5IVcEHGcE4H0H8B/2D/2oP2mHg1DQ/Cuo6T4XuGXzfGPjDzNL0hIC43y2C3QX7W6LkiFFLSbQVAFf0A/sq/8ABGX4Q/Dm40TXPHcF18YfE0fkTTXOr20ll4KsboYYPDav89wYHBAYsVcgZGCK+W4g8QckyGm4upTq14R0pUnGc3L3VZ2aUU1ffXe+rPqMj4Jz/O+Vww8qGHlaUq9dOENXG7SteV9bJpLq30P5zfgv+yh+0X+01qcD+B/AOu6xYGZTceKdXim07w9ZxM43Mt3dKsWI8btoB37Thgdor9/f2Vv+CHfhW1u9K1/4y6lefEXU8QzyaBpCHTvClhNlT5N/dOrDUolb5ZBAVJAOwjNf0NfD74LeFPCOjxW1zp2n2enWnlw22n6XbQaL4fg8vCxkLCsIlCqu1jIHZ8Ec5Jr6T8P6ZqFxbpbeG9ISe2jUD7Q0S2OjW4BwzecdouiFAOUIUnpjNfgmfeKue5xVnQyxvB4ed4xlSvOtJNRVnNaRdk9I8ult9W/1zKuAsiyOnGvmCjjsVFKU51ZJUKcly6qN2t11bbS6tM+WvhZ+yt8PfhZolrpWkeHdG0LSLFU8rR/D1pBpmmwgLjdNdIBc3O5eJA8zLn+HkCvorSdNhZ4tL8NaR9uAXaotIDb6bbgcEXF3tAfAG85Y5IwfvYOh4k8RfDXwHDJd/ELxGutXkQZotG0xgLCFlziFtjkuwIAwCwIDcHg18T/Gn9vF9Pt5dC8BWdv4a0wxtE1xAIY70x4Cg7wqkux+UHIJ457j4/AcL8QcRYuKticTOUk5SUpTd52fNObva920k+vc9vFcSYLLqCVCFKjRirKc0qFBJJW5IRXPVflyxTskmlqfaPia78AfD2ze/wDin4qsIDGpe38PabcRqWK/MUMcTmWV+innrngdviP4t/8ABQW20RJtE+HFhY6BpMMZT+0Z0jW+dACN8QCja5G3aGycgnnOT+XPj34q+IvGV1NdC+uZ2kkaaW7u7iS5n3s2flUuwXI6BRjnAJHXxrULObUgZry4lu7ogu7SFjnIb5TGeAFzgE4HOc4yK/ofg3wTw9KEK+a35vdm6e6veN05K7ejeuvdrdn5FxH4kUYynHDzeIqRdlKTUaMG0lanTT5UtneV3K+stXb2vx3+0P4q8b6vc6le6peaw0rs8azztIkWXJ5JLICBztULyDwRgjyiXXb7W7lpry6mAbkRM25CCNx7AdSAoYEZX+LpXL2mnG3UIkiBnyGTaduwnksAe44JzjJOMkYOtbwGJ/KiUqhTIkJVkyRkgDByTycEgdDztNfvGT8N5RlVOCwmEpQcLLmcE3fTdWba63Tv1dm7r8Zzji/NsynL22IqKnK6UOZ8trLRRTXReStvo0jdsnt3UxPGkS7WIfcPmYEjO4dBgnn5s8+tQTGGQeUmAqLnfkuSByV7Ak5OOgzwc5yM2RI9y+Q++Tbkru4KkHPXIILHBAOQegPFc/c65DpkDyXEyQQxh98JYNIpDYOOrNn657c4yfpnOFKKnOXIrKL6JKy0svJL/gI+XpPE4qpyRjOTun1dr2uk9O+mrvbV6E+u6LpGuafJbX6qzrl7e4j+W7tJwcrLHIpDAqSDgHBwfx89g8d6j4Yv4fDfiyUPaOuzSPER+WK8YEBLS7YjCXKjA3MQHweMA15/45+P3hzwiszyXcEYY8vM6mQ7mGSkancSG4CqMc4wCa+b9Y+I3jT4w2zaR4T8PzLo11MWl8Q6orQJbfNuFzZo4DMVyDHtIyoDAkHJ8DF5rSjK2HjKrVVl7l3GTTW7u9Fd+Svf1+jwmWVlBSxU1CFk7Pzsuut7rVK3e3U+x/Enxf8ACXg2xnu9X8QWGmzYLpD5ifvFXoFT7xL9c+uNoPIHy9rX7SPjT4g3baP8LvD89xbeYyLr98r29lDkkNNGXA80k8DJYnGccc+TaD+z3bx+JHb4keIb/wAV3qn7Tphu5JF09k3A+RHG7FXaPGAGBBAyCTgH670jSdN0mxt4LKwtrSCNFSKK2VIsYG0NIqYJI6jIzgc5yCfNmsVikpV5OnC+sFKTldWbT3tFdtr3fkd/t8Nh0qdFc0rK0312vbq7WvfZ6dNTxbQvgde67qLa/wDFHxBfeKLuRxIulM7x6VA2QQiwhsOBjjJHUnrgn6M0/RNH8NwRw6Vp9pa20EMcSRW8CxKoOF+cjLZA4HzZPr1xIj+QqKzh4yMKiZwNx9zwxJxjuDnIOa15f9KiYxgGNQhLZyx2/N0XIyvOcjg88k1dOlSpyjKnFJxS1Tu7e7d3vfXvfr5owqyqVKb5py1d1ra3To+itbS/lqdVp13bDTlZlXzFcHeMFiSASCBnnnHPUetOW7t3jaV1XzNzEgkAYXBwOPuk9dp7YI4Brj7S4a1jkYnJdgdoyR5ZG0Pg9MjuBjjgAAYZezC3gdxKqtIQQS+BhtxCYOPmI4BGNxDAZwDXb9ahTine2y6Lblas/wBe6avZtnm0sG6k+Z80tdL30u0976+98ra9UzVvr6KcsyxhmQZiIOSdu48Z56jBOODyR3PNPq7Qx3NxKFSMcsp6EDOdi4yTx64z04ypz7nVtP02D7VqN0kTMSELyKihcHJbncxGCQTgk5xglhXinjf4jac1hcab4eY3+oStIjXnS3tg4YF0IG1mXIxnIDfePWvNq42Cb5rfC22urdlbpuuv4729TD4N05Jxai0k5K7srtaN9NL+7btp3kufiRaeHvEGqQzXK2tvLi4t1Y8hzkyiOMDeSRxgdCMDnAHP6x8aNR1OYW+gaexAQg390PKHP3iAccAZIGOgG3ORjzbR/Co1nUoo7WG88Q606hyyh58OQGKtKSYoo1YnIcHBLAHJwPSNR0rwV8O7N9R+I+s2yXqguvhXSZo5rp2ChoxdzK22IdA4bpg5A6HwMZmFOi26s4U4Lq2k9LbRXW7vvbfW6s/aVNtQUYylLyWraUdbJN2827eXbzxNF8U+N9QkSL7TrNwxLuWLfYbck7hkttTCsN3UADIIGQSzV9E8A/De0+2+P9dj1jVI3L2/h/TJQyxSDny7gocYLcHIPTjNeDfFX9suK1gm0TwVFBpFjGHhS00woruq5RWvb1FBZyAWZVbrz8xr4N8U/ETXvFss15PqM00rFz+7kYRQh85O8kh26ksSMcZGCa+MxvEjjVaw0XNqPKpu6V3ypy15dF0Sva2rudlPATnCDnJQ1Tav7zjZPd/CknbRN73eqt9lfE39szVDbz+G/CkVvoWmKWgSw0vCTzRBSpFxcJnPA+dQcklsdq+TbjxDrviab7f4gvJFtA7NHbCWRYjvJOXdmy7ZIDEk8hiuQc1zng7wJ4k8Y6xbW/hbQLvxBfSZa5ukUm0tlIy8txcuREqISC5OduBk91+hR4f+E/wvhju/idrj+NfFVu5kj8E+G51fT7eUAOiahexkxsA3+sjXDdupavi8yxWMxfNzynUbv7kd9eV2jZ6JJ3Tla2mttD0qFCnTd3ZW0v0taN3JtXd+j22vvrg+EtB8a+LbqG28EaVNLHaSRzSaoS9vp2nyxFXjubi+crGixFcs+45HzZH3T+nsnjlvFvwsbwuvi2w1/wCJ0GmWema9qGnubux0u5sgkdq6TwsYpJhEuxmxktgnGTX5Y618W/HPxKNzoPhZLfwr4XiRY7fw7oX+g20UWWAW/uo/LkuG2YLhnIzwR2b2T4F6H8RvDeo/2P8ADhobvUNajUa7JLAZrK2fBfdPcyblG3BZGDY3DGTXzWNwFOjhJ18U6dOKXNKMmuVR0TU57W20W92n3NbU6+IoqnGVSpCV6clHySs0tOV+W+lz27VfhB4707PjDxRYarrVhpNqZtR1QtJdGBdm9f3zbkt0c4XywOAx5HQ/V/wn0nwn4i8LaD4ij0GGKWeEpbwupMMMsLBWmKlmR5HZdxZgccjGMV654q8TNpP7MXiHRdb1G0n1dfDstrfJaqpS4v5FDud4GW2MpI5YEA7cYArxn4H3f2f4X+EURgGa2lmUbsbhI5YsQewz7jPBwOa82nOnjMrniKSvD2yp0nFSs48qTspbXez9N0dGMjKniVQndVFTjOeqd37trNb2ttbrroe6iIyEISrCHCKBwir0HTKqAARjaM5AI43UupXsMFq6FkLJH/fUKi4ySx3ADBBI4ySMDOMHidT8V6bo6Sm4ugXIJ+zxuGklPzf3eVOcADAIGDnu3jut+Lr7W2byxJa2uGUwI7LJIvIGTuGN2cZ6DkAknjz8Jk069ZSqRtF2vzJ7aXs9OukbfjZkuK0dm9PNu2j1tFfh1emzN7WvEUFzfeVau10S+2dgQEC/KGwcDCjgED1UkgcV+lHww/Y61O4+FXh/4q+KJXi0LxGh/wCEf0+z/eXKSs6JDK6glik5Y7WIOBgnivyOty0EqBIzLJIJMQozZDYZlLueQpbgE/dOcKBxX7yfDL/gof8ACL4c/sqfDrwDqGjP47+JWjWlxbf8Inp8TOunGMZtLm9vdrRoqnDlcE4BPTp+5eHsOGcnr4nF59Ww2Hw2Foe0UsQ4pOScL2TTu2lpFLXW9j8k8TMs4mzPBYTA8JYOpXxuKxMaVX2VNylGDirape5Hm3leye+7P0h/Z78EeF/gp4F1LXvFNnYeFIrHw9AJLm9W3jhe1WLzEuLmZ8YeQDDBvdTxmvzO+N3/AAUM8F+CvEnih/gjp1p498X+JLtbe6uraPy9I0v7O5QNBcqNrouQSkZXecnnjPyp448dftSftZpfX3iG81rw18O3BSDwxo7TxWLW0YYRQvsKPcsygKzB9g+gIrzPRfgTrOmwHTdM8PNpFpANs99LE3mM5PMpYqrFnPzNls54Oa+B8TvpUZZlcsTlHBcsPCSTo/XZyhHkVlFeypRelmtOb3rb2d7/AG/hJ9EKpXlhc+4/r18RWly155dRUnGcpNSar1Guapy6JKLSS05paGJ8Wv2gvjV8ZdQmvfih44vTpTwpFb+D9Lka30qLrtSaONg0hTdhmkLDru+U8/E/jjSr+WdrfRy5gELH7LYoWVS2diOyjZncfnI/HkEj7v1P4Q3FpGsTwXd3PI/7+cqwjZRjOPlODzgDIJ55PNc/D8N72C4mjWzWzhOwyB48uVBwPmIJyRknvwD9P5Er8ZZhxXmbzDO81qZlUqyTj7Ss504vmVlGCklGKf2VbybP7ewGQ5Vwjl8cuyDK6OX0KcUrUqUYSlZQXNKSUXJvduTvo99T85YvA2uyqkU1jcSXkp5knO2GBGIweigDgcYx0OSBgdNpXwbso7v7RrFzLfSnDLZwErbp3aNlGD9T8uCGUnAIr7k1HwZHaKVSyBJkG6djw/PU4xyoGcE4PbnNcbqVhZaajyzTwwNjIaMAljgEsW543cAYOBnoME/bZfiFO1LD04vZqWiWrjqneyXVXv2s3c+azLFV1P2k56XSafVtr3vetruru+ruk2lf5r8T+D7HSfDd80ES2kKR8RxAB02gsM4AJVgRls5yRhuMV5h4YubdIYkUMzqCWz95NxK5LEfdDD0wTxjqw9v8favEdEvgEVkbcqu7DDE4CKQeOuOMDg9CevC/D34f3/iWBbi5K6XZF1eSVwyPcRBizGMehUMMjngnuBXtY7M6eUZdPFY2ShBRTWzcmleyS3bbVlb5Hj4TB181xMaNBc7drJr4b2fvSdlZLd+asrrX3f4SeG4Nf1JJrrMOmwsi3N3ICWuMAZii9GJyuF7AEHaRn7JvfiN4c8A6ba6Xp2nxFsMLazQAzPJtwHnIAKqD8wBI7HBr5i065OlW8OjeDLUxw2aqLjUp9xRXAKtIrMfnbKlhtIHIwM8njNf1+40hrqaSVrq9WCeS4vrskhflLBIgwJA67SDznrgYr+ac/WO42z+g5uccDh60ZUMLFvlmlKL5qiVlJtad1ofsGVY7LuC8tcOan9dqa1arinKLcY3VPmSultzWtsz51+MA1z4heI/ENzBbTS30Gpf2gskefstuiMMruBChgM5+hJxjj2/9mbxFpfhG11DUrrw5baz4unBjj1Exq848qThYDKrBFTqZAQxGdp548q0vxysfg3VtR1Mx2Md1fXZ+04Tzr0EERRbiCdoOBhQM56ZIBPgh4raTUdTWH5yqM1siYXylYbmcH+HIGWG45BPy44r+hMnyitjMtp5fiKE6GEwiowajH2bqxi43UuXeNtHumt0fjGecSYWnjp4nDV+fE4qUppySk4OUrxbupJON3yvRvTW23hH7UPxs+K3jXx9qug+I9SuNL0+znZrbS7eRo0a1YHajrGQ0juu04yQckEcjHLfB79mzxX8Vb6K61OWTw54aLJJNq+oRlZ5YQ3K2Vs2GkkZfutgdSRznP3dJ4D8Fap4rPjfxrplteXZ2Lp1rHbG7nupk+ZN1um7dIQo2lhjOMjGSev14ePLzSLqTRdAfwfo0+61ttTuolXUWhjTbstLNUVYsqMqwRSD3ZtwH9FcN0MNhcBhsLl2Ep0IwhBNRjZaKLb03bSd23d33bZ+K5xip1cVVxOYYyVaTk5cs6l9LxaSi7Kyuvd+FeV7mTPrPwf8A2bPCl/4X+EfhCLW/iRqOntZSeLNWhivb+386MpcyuWDrapks0abVYLhQcdOL8DaNeP4Zt7jxdqFw1hcySanf2CM0Jv7qRjLgAHaIQ3ChVXdkk5BFcbYeGVjnvrXMxkLLNfahqDSm8uZQwZlMrkkK3PHIAyMV31/9ou7GzgtXb7HaQrGMv+63BeMgYLKo4I7t6EGvs6GErYicI8snqm2k1a/K72Sta3+K/U+Qx2f0MPTq1FOEYQimkmr2bXWLV9NEr9fmZuqXbavDNBbpHYaLGxNtpsR2uUXgNJtGXLAEZYHP3vmNZD6Z9osohHCYtjZRGkxFGqHO6Rhg8ZJGSQ//AAEisS41dtMQiOSS9vHk8vyLeBpWlJcKsUaLljyQhxyegJGc/oZ+zh/wTc/aI/aGg07xL4zhu/hp8MtSEUySXcJg1vULTO7fZ2LhJkikiJAnYhDycdc/r3CHA2MzHkapxpxbXPVqNRjFXTbcnZNrV2Sv2Tsfyb4tePGRcJ0a9XMcfCnHkkqdGP7yrVleNlTpQfNOd7Ky92N7N6M/PeK0vvEGsWfhvwppGoeM/Et9cRwWuj6NaveMZ2OxNwiVtoVj8zMcBRzkHdX6q/Ab/gllfS2SfFX9r/xLb+CfCFpEmoQ+CY72G1lkt48TBdXuXdRFuXCvbFfMfkArzX3xq3in9if/AIJneC59M8I+HNK8YfFj7GyE7rbUvEM12q5abULw+aLCMyfMY12uqEjcTmvwa/al/bX+M37TGo3t34k1248NeDBJI1j4dtLiW20+O0BA8soj7rqQrgF3YqADwOlfuuDwHDvB2H+s5jOE69OMXCL5XUqTtF3p0m3aPN/y8qJNrWMGfxpLPPFjx8xrwnBNHEcPZBXk44rPsRRqxqxoyklKNCT5Yuo4aqNG6Ta5qytZfoD8eP8Agot8Nvgzosvwd/ZA8N6RYW+nRNYT+KrGzittPtdqtE8ttsXfc3C4JNxLI4JYkAZr8KPjD8dda1rVL7XfFWv3/inxfqUskj6je3L3C2xkO7bCjFo4UXJACBQMDuBnxXx18SbPSIXsNHKswJ3MpY72YFQZZCTuJPzMAevBHc/K+u63qmrTvI8kss8zKpZFkJJYlVjjAGVCk7Sw+9jnHFfnXFvibjc0jLCYWUcNhItqnTp+7aOiTlJNKb9XZPayP6q8Ivo1cLeHsYY7EUqma5/USnjc5zFqvjMRW92U2p1Ob2MHJ6Rp/wDb0pNHS+JPFOo65rEoE73V1csFkdW3bd3AVOpBxj05OeD195+EPhmz06e3ku9rXLr5k0jjABYqViLHq/GBg4GcHKnB8f8ABHg6dP8Aia3wVZ2O2GGUFSrHB3NuAO7GOQfTjgZ9l06/uILqC0tZTkbXk8tSZNy8ErgDJx689SDuBz+Q4iVTF3lUn8UrvW7d7O7b0d19ytsf0xVrvAUI0MPR0skrWskuVRStbe+u9k7XbSZ9bXOuW5a3tVCKEWJF2bcRrnB39OepPP1B619AaFqkdrYWdvE+2JIxK7qflZjyeufmySw+YgkFc18ceArTxB4n1aLTrHw9qup/ZWM1xPHbSsu0ZOXcL3BwM9ScHg5r9APAnw0MI0O98TaPrr6Y97A+sQpbvBb21mGUeVJcuAsbMobPHsD3rtwOLw+U0pVqs1zKGmijeyTaV1Z6pbX2t1PyniTh3NOIqkcPCl7s53k3GSjzNxdm3HVJ6btu1utzib/WZnnKuzszRM0EaE/MvJByOFOc8txhhgA14P460+98QOiyXP8AZWkwhhLeS5Znlj5KxpnLk/dGFxk/e4NfpZ8R/hOfFfid9J+E+maNoHhe70aL7HqGq3KefJ5cYa4uIpCoICjIJJAbBKjmvjjW/hld2et2/gfS21PxZqqSj7a+lwte24m3lWSKcK0Sp/ebOOuQvfxsTxlhMybpKpFKL95OSVrtWve1/K3bbY9fhfw2q5BWhXrR561001C0VL3b8zdvlZ6JdTzLwro1hp9kkulb7MRxOv8AaU8SvfXIkRkJg8xSIlzk7VBKgnJP3T8VahqN7P8AEnVNP1G6vr1Zb6c75ppHCxbisfyux+UEFmIAVQOCcED+irwp+w/4k1jwlZ6r4q8UeAfAkEemzQx6fqOq2h1qBDb7xLLZxnfG+DuJPc9MjI8A8Ef8E8f2RtI8VXXij4s/tP2msbnvJJ9N8Jr5NzbiJmkMMly7ukhcDZ8uCD93PGPjM140yPLZwhGpUxGIg/4eFo1a05S0Vpci5Y6PdyUdm9j94yjh7MMRBNwp04NRTqTqRhFJtczd2r28ls9Foz8uNNhsbvVbeCO4kkljtXhjtLYPNNNMFKiGNY0YneeNoyApwT1r62/Z0/YL/ag+Nt/praF4ff4deDrnVDeXfirxVnTolsM/vLq0huDE8xSPfjaFJx6nFfe3hz49fsBfsq6ZrerfDD4IS+O9ftbiWy0Txh4wEUwuNSOYkeE3IaFl3FXyI8qM5HG2vR/A1h+27+27DHd6HJL4G+FM2Fnk8MzHTFu1uG3w6VpsiCNJNqECaSEBEPU4r+YvEjxe4xnHExyrL6HC+Wpyi86zurH2rTagnhsFBtyqNK8FOUrN3cdLH7twlwJkkKVOpjcYsyxDUXLDYbmVKKbjFOrVnGKUU1bRq6113PPL74Z/sJfsBHVLzxJqqfH/AON0Fxb3xXdHd6dpt8XV9+yMOlsvnEgK5csv3VIPP0L+zV8Cf2kv+CiXxTHxE+LdtP8AC79nFLeA6N4d0e0Ol3Gs2MAEkDWUCpG00YRVLXboY8kDbjAr2P4V/wDBMH4A/s3awnxk/a08YW/irU/MW/0X4e6hcfbBNcRHfA2pCR2m1S6LKGK5Me75WU5Ab6vv/jf8avj7qq+Av2avCtp4A8CWFummP4ohiFi1hp4HlGK2EaRxW/lwgYijG4tgZBr+Z814uVWjia1XNMfnmY1IXr51mkpfV6L3dLLsNL91ST1jzKPPb4E9D9QwOS1IyhSyzDYTLsJTnd1owUYU4t2dSdT4q0ld2jflbd23c6TxZ4H+EX7Enh2/8N/A+/1298deLbuJR4chuW1K71KQBViOqtHvURZAJQBMHIwCvMPw6+C3xe+Md9ZeOf2lfEF5NaabIsvhzwAsjDSrGEN5kMl5bt8juFA+V1PIwMEV9UfDH4F+EPhFosPiDxfqLeJfFUcaPqHibxFKk9xNe7QGNo9xvMMW8tt28YwV4Bqt8TvjZ4a8JaPLeSXEDbom8q2jlUmVyD5ZJUgsMcjHBz3HX8op4XiPiKtOhleHxEqmMqW9svaSlKEmlaMpNqEJP3nL4t9rafd4GthcNTjGio16tG0auaV4U4NyTipKkklZRtZS3admzc17U/B3hXR3/tdtO03SLGAQRQokcDNFEnCxoNu1SowFA5IwBgg1+J/7ZviPS/jXcL4f8HXureGPDcbSR6hcWt5Ki6iYyQdyBgSj7cDdx8wVSDgjovil8a9Q8calcS3upMLNpmW2s/PZYTEp+UsocbgOMZ6H9fna71vSpzPPPcpmJiI0EilFLchlByvQA5YEcYzxX9aeEPgx/YE8Nm+bU3iszjy1EpQThSm1F/avdqz1trufI8V8Q4eeHrYLD4jnhP3ak/aLXZuzWvK3u4tatpvU8G0T4S+FfBscS6bFbzXKrl768ZXmZlGHOHAOSQW+U5A565zvTTrIAmbaSO3Q4XcRu78kjG3APY4PIPJFSeJ9SspIJGWZmly3l7BlVBP3uD6YGMcckn18Wv8AXr2EuoeOXDARISUcop6nYV6cEdT2GTwf6/wtGq40uZ20XNFa2XuprlcdlbTW+zPwyuqEHUcYx1ad3Z66WezbS02vrpqel3d3ZyAxJbxAqMMQQQpA/iBHXB45zxjjBAz1srOaOVkhiU/6tmJU5J7lcAlm65xwD2J58hPi+7SW4j+zyF8ggopCc5wWBB3HJO4YA6E56DqPByeL/GmuW+jeG9F1LWdVuXRYbDSreW4uJpGwqBkjVvLBJIJY4xnnJ47505QqpR+J25dkrysr25UrrbVfJXOR1aa95uNlo9ErJ2TurWslHXfomtjsofC9qysyOuJFGDGwUhs9Dkljtz0HXjjnFWIfDZgLM8vyu2AWboqnJUgdSxA6cjA4A6fpb8Fv+CXP7S3xE07Tde8UNp3w106coQmuTI9+kbhTuezAV43ReSp3NnkgtjH17J/wSDsbS28zxF8WftyRo7zS6RYurF0AbbGGcAqThTgLjOWyMUQwuJ9tqmtVe7Tu9LvTbyfzPNxOb5Zh3GTqObTV1C7s/dV3yXsk+u9rb6n88Gv6SI51nWVJ4RIfMBByqjAAOCCfTJGeD/DivRvCvi7WvCvwx8T6NDcyLY63cw3At7RhDMJ0cmPzJE+cRjGXUMRjqOa/X6x/4Ju/AnXtcTQ7v4vldUjkuoZLCS5trS4s3hRvJmug8gyhZRvXHI3nG44P4D/tAahN8O/Hnjz4P+FNRi8QGw8WzaLHr+lu01pdxQzGMRWToSHkxw7JyXBOQea83OcNgfYThmSpSp2cveacU4KOrb6X0d9rLWx2ZPmc6+Ic8unV5nG6UYyfxqL6q8k/O2qutzsfGP7VXxA1HwXF+z54C1HUU8Mzapb6t4mK3DqupavM6KLZypQPECRgZJJVidwav3A/Yg+G118H7XwrqNroc158Q/FemNqOqa9Zoba2mJtUex0qa5dSsttaYDysSVLEq2TjH4DeA/gl4t8OalH451PSb06bpc1hqUlqsTsZFhdZpJdQbBwuBu+ZgQOOmK/WP4y/8FOPDtn4I8IeEvhbYPHrujeHINI1DxB5S2sOmTXMCwzG1RQHllj5AkLMWOTjAIP4xjcDRzyusuyJyp0KVVSr1sPrG91o5RfLdJuSv1SSZ+kQxjwGEqYjN2pSqJWhUspcvLFX5Wt3rbRu9trn50/8FGfHOu+M/wBoX4oazrEUV5q9vMNNup4WzZp9n/d7IkUhN6EbQyjOQOnAH5y6HZXgfTtTkumsrizufOExkJ+QEHjJxGvHGchsnAJxj3T4neOofE2razqd1eXN0128k19cSlpJ9Svp3MjSMWDO2ZW3DGSQcAc8/Wf7J/7E9jrfhw/Hz9p3Uv8AhWvwB0VTqbvrcv2LV/GQg/exWOlWk5SeWKcqEQRg7gcdQob9Fw9LBcPYDD0qqVTEKEKVN8sXVqVLRjpFK8m3r1d+qWr/AD/FY3FZ1iakac5QwsL2Up2p0qUXG27sna+nVvpYxPgD+zn8av2t7+aK31QeDPhBoYEvi3x1rTGw0O0s7dUe4mS4lMKXUgiVjEkbEljkgn5R6V8bv2oPhb+zf4c1P4CfsUJBcX01tJpPxA+Pl7bJJq2sTBDBd2nhaYruhilO9VniONrAgsRiuA/ar/b1u/jTpsXwV/Z+0qP4T/s7eFyLCx0XTm/s3VPGf2YCL7Xq11B5cksVwF3lHZuGJfcDx+e5v2trrTfDmjWD+J/F2qzx2Wg+HdIge8le9mk2xRCGJXeWVn25JyzHkkACvsuEuCc24hx0cbjqVRUHKLw+E5XyqLcbTqXSUnpHRqyT2SPzvjnxDyjhPLqlHC16dOcIS+sYuUk3LlSTUZb21bvd76d34/45svKgutb1u5u2vLqWW5kF5cST3Wp3szlnuLhpC0jmR2LEsW2k4AwMV69+zF+wl8Qv2g5h448c3T/Cv4Haa7XWuePNdU2RvbCFmkltNAhuijTvIm5FnjBUEgruHFfqN4R/Yw+Dn7J/gSx/aU/4KF6rb33iu9t11jwD+z/a3Mb3jytGJrSTxFArBowWChopIwEPysDyD+PP7dH/AAUu+Inx5ubjQ/CcMPgb4YaYpsfDvg/w+F07SbOyiHlwK8FqIkuZREF3OQSzfeyxyf6iynJeG+E8DDHZ9Ui3Th/s2ApNKpiKkbWVtXyJxs3ZRfd6H8EcTcece+J+d1OGvDnDezjWqKnmXEmKjKWGy6lNpTlRiklVxPLdwjJtR0bSse3ftm/t2fDH4G/DXUf2Wf2LLGHw34ZkgfT/ABf46twg8Q+J5FQw3c11qMYEpW5bzMASBArZGThq/ngubya8vHuJnlkluZHaWd2LSSTO+5pXYklnZmyzHJ3Fvm5Brd1HUbjUjNcyEvNKZGuJJSWklkYkliTliCenXbgY4GaxLGE3dzZ2jKFaSZV3yHAJYhQp65HGeOMZyRnFfmHGHF2K4krqckqGCw8HSwWEppqnRpJ+6lFJXlL7Ut3LW+iS/pPwm8Kss8M8rnRoTnmOd5nUji88zzFP2mMzHGTUbyqVXeXsoNtUqSajCPwxTd3t66hj0yxid2YmMFcMR94Z64J65JJ43fiRxKR7gUlkChVyARwxGT0ySDx8uceuO1ey+N9DWwsIY3fEsUUcg25XchU5AI4AzyCB1HzAA5Hh9xJLHIH5w+AuCWUZOCWJUE4wR3yehJFfBYKXNd2atJq3e8lvfbs7H69VjaWvNeyT0atay0S6Jrdrpe9jZstRutEvIr6zuGjmUEoUPzcHJBAJAUgYPBBBBYYGa3rLVG13UZLrUSsxmIcqx5BBwMZOMA4IC45yMnrXCmSZQC0Zc5xlh1Bz9MYUnBHRVJOCMnY0SaG21CFZCRuZMcfdZnB+cnqATknpzk+3XWpRhGU4u0lFO/Xy3Vns9Eoq1/In2klZLSN1u7Wu4pPW6Wye2jte2iXudl4Ftbi3fVryWO3to1MqwKNk0oXnIB67hx09c8151qtzCbuWG1DJbB2ZFk/iC8HnAYkkEjvxkZHFe0zzyz2lkskgngWIKJEKouWXGAoBJVAcdCpI6DJNeO+LLNrC7UQsJYS2fMx8mWJLAMAQGLZyATjOBhgceHg8ROpWqKs3fmuld6LmSVm7pXVrcunY6uePJZJXe+j5tWu7tb711VmdL4avhe2c2m3DLbrICVlBHmthSFUdxzwAD16ZHTH1XwjqlpsluIXS1ndvKllGxZF+8rOpZjj5S2RkEjGeOeUtL6WOTegKjcgUhGOCDng5J6nnqcDBxkY9HvdcfVrS1stTujKIVLRbWwwGPljIGSApO0jOMZzxmvQqKpTnFw5ZRut3ZXvFpp7dXfS342TVGcGpXU9k1s0+Wye9018TtrzdA+HljA+pNFPGshgYTyMVJykbHCL3AxnMncckYxn6B1PxJaXEEs01tELWCIxQx4Ay4CjcwGOUIyucjIOMk189eHtRg0IXUvnr59wXj2KAZli5zjnG0DPQcZwOTityS7mvbMTI/wC5YkIoYEkH70jgHAKk9ONwAI+U4HzuYYOeKxMatT4YpKOl1dyVna9tnpo13V7M4paNKGqTf8rWlrXXLZLW9tkuU6JNaS3DXZ8sMnyQxq4YgOckKBkGUYAPfPHz4Ga+qRat4gRWgstilQfNhBPlrGM4Z8fMx4Bzk85JGOcbw3odvqksgurxYoY3JkdyAvBB2Kc5wwAJIweMA4zXfXnim00wzaPp0gRIk2RvGoZY8oQ5OC24ngkgjp8px05aidCpCFCDcla8rx5U76K6VrtK8rO2z1TQKF0nNqMbpcqcd9Fts3bZK6u+tjzO88OXlspKrsYgTSnzM8c+hK7s5ypHcjrxVuG5SOCRmhj2rbmMq+SGfgB8jOD3GRkcA56VFqepQXMKQQTyGd3LSGQtkAZHG0jIbC5XH4YrnIzLJKXeVikYCMuGwzc4wMkfLgcduue49ShSdSMXU3XLzctn0TSs02tb3fo9mmZxlHmsrvm5VfSyvbW1klZ2Vrd/JK/AJWeR5IxlUzEBwQCc8qepIJxtweuMg8dTpWpJpk6wraIn2uILM5wCm4/Mysyn5wCMAAEE9j0y/D8UGqajFbXN39k3TJGLiQDZDGzANK/faqgE5PBPUcE9x42tdK0W/Sy8MXMuq21qsElzeSx5T7RIAH8oryYhuYqeRnjnpWVeSUlSs3e7btol7t7tdXey11vtrp6lDKZ4yhVrwaj7P7Kd5Sem0Ur62b2tsl0aSRrSC5hvNP1JkVHUOC+JRIpJY5yMENwQQccjIO6qHjJbzWUi1K2naVYmjjkL4EzuvVycZCjgDHTBI/vDHkEcpjjhVRO371mLho2k43EkYAbd2GeT9DVyWZSYBe3G2H/nnCQAzKu0q4GM5xncDnBxxya1wlBKcZxilJWTtF6LS65u3Rreyt3Pj8fTq4acm7vlaVuXT3UlZ3tZWaTTu9UuhzCR396JfMeYrEAqkAspK5wgPQkgDIIO0jHANfQfhX4T+FNY+Gep+NtV8f6dpXijTbjybDwk8YNzdx4zkEkBW64IAB6kjIrgP7Gs10lbmG8wsxMoEQO1VG3h8kEMcfxdCcDjOMa0t4pjJdpIAkLsrIzsrSFVwXxk8kDIxkE4yAck7ZlDEVqcY0Kk6MozjKUoxjJyinH93aV1aSsr6tXvuZZZm+Fp1JvEUI14yjKChdx5JSsk9OsWk7Wael1axs2unLPZyYc70YAq5zNtYk7d+7IBHHPJBUBc8HuYLZodGlk04RwOsaJN5jDzHKjOUHUjj72cEHBwRXkEV9KJmjt2nWB3ZJFO5nds5GG5yMdQB05POc+iG7sNMsQ97d+bO9spt4EYlY2ZcASrnOc9SeCecivnsZhq1fkpvnvNWlZJ9Vq9G1vo9nZK/Ur2kZtzp63SVk+js1yvVptS1V2m737LdtdXgjnsbTWNSWJkQuGRwQAfuo53cE8BgcDnPfjQvPE0Omw3ctu0d2kQaRYwhkIV+FO4gnJzngYXGT1rxu3sbe+kRJGMl1cysY3ViyIN/A49DjnIwM9ga3NWS90S508nyp7KWNkljBCxt5QIYSMeuAp6cE47DjgfD2G9vCUrTnJxbpv4brlTeiitPXrtbeZ1k+aEXFNWWl9XaL2ulpZPbW1raswbzX5tTFwPMeHzC+I5QW3lmLZxxkgZweCvQY7VdPawuLW4WPFtdx7fM3Dc0rJk5QcYJxyBknafWpdYuLaa7t5rKIRrKiqzNgRRNjKgjGBgDCOeD97jk0sBtCzSLBGskgWJnSQOVmzgvgEhQ+OSQBgkgkYI+mp0I4ego0qXKkrO0fdfwrTazv021+R51Scndyn8LtLezvypNWeltbL0T3O48I6zJG8s6ym3SAKgRlOyQpjoOQoxyQCcdcHHP1L4L8Cax8RtT0OJfC194pN9cQ+SmmQPKthA86LJcXIjVtiCPJLPhAxGSBk183+FZtLS+gsZbaKF7hfKmeZlaBS3BlBLNlskkqpyAOvQj9sv+Ce/jq28BJ4o0SNbW4/tyzltW8QLDBMmkWSI3mR2yOrlXcgBWUjbnOThc+DPCzq4zDxjCopVq8IXipO2sb3hs4tO67Nep/P/AI98eYzgrgzMMzwdOpXxSpypUYJysqtRKKlKK3inJN2V27Jaamv4E/Zr8DTftAeCPhoTr2h2uqPoRvhMxF3YXKxiRpLWSIKVSc5CbcEEEnJBy/8Ab4+AUXww+MfiPw1p1rL/AGO+l6ZqcM2pyNNqMsrQ5W43yFnKylM7ckYOOGxX2z/wT+sLD4ifto6VfazG2uWVlcX11DcXzB5VgsWK2rfNk7UA+RVyBnBPSq//AAV90e31P9pq9hglksbP/hE9LSAFWTGwMuwdcoP4STjGcDBNf3HkPh3l1HgqOAeHnLG1Moeac7pqNlGUYqm09X9puyaWmutn/m7l3E2eV+Jstx2Nxcl7LB08LXjNe97bF03jKs5RWkVG1OO17p30L3/BEb4Zx+J/2ifD99JrEOmDwfp9zqxtosLJqJQqfJG4/exu3FevUY6V/Q5/wU9+O5+FnwD8SaBpL27z+OLC602ZL2EPHFaOvlzTxrICq465AUA/NtyDX4Pf8EYQdG/aGW2gWBmg8OX8MV4zBBcSPswmCfnYgEEAEjGGwOB9Z/8ABcP4zWGn2ngvwbLexx3aafcyaraRgeYizlNgzzhXH3eR3II7fmtDB4fJ8mr4pqMPqscVZbWq80Y09kkneaStdaLe57WI4kqLhni3LcDVqLN8/wCJMuy6Namn7SrhatOjKvSpSskksPGvzRV203ra5/NFrnhDw944l12OW8tLW5tWeO1W1iHn3ryyEsiEAcN/F6jkHgivij4mfBBvDF5duGt7u2eNnkZGCPakqSEYnO184JBGAO1fQN98QNM8N32p6hBcRpGgE1u6MJZkZcMo5JGQcqVYNnPAx1+VvjF8dNL8Uvc3GnT3ce+D/iYeYyqbm7wQzKqjaEJXOABxhmxgk/js6FfHVZVFFqMnzSvu5ys5Jr3k0m7bLR6an794W5JxdSrYehgPrP1GUaSqe2hO1NKMNLvRX1dk0+bstX4Hc+HLlpJbe1uDZ+WSQ5lIEgYYPIK+xy2RkHGMYrgb7QtUlL/arpZ0gYpFJI2/IUjKgE/KwJPzAkEHAGOTZ1Pxi1xErGV9hUSEB8txnCHB4XglgCD8/GRmsW516Ge2hdrny49yu0Yb5+uD83vyPXkDLjO7ShgcRSnzKnC7Vk1FJuyja65Va9vnpqz+z8myXMsPCnKtOn7a0WpKnd3tFXcmr7+aVmzWtIzbIq3SDy4QViU8hXH8QA/i6DJJHToAMdZp2qxwwkkhGQZk4PO4cDBPTGGGDggD3x5JJ4it2w6SyMUY4VuW25A5BOB2A5z1IOOKnXxHBMgMORuU+ZuIVsNlSADwc8AHqBjp3jEZRisSnzRvFtOyvdq66pq3ROy20d22eriMmqYmTdf95Z3d78q1UultL/g2l1v69aeI12l4/kUkoQHKuTn7zDGcEjA9MDA6Vb/thZQJTNGsiMPNPmKr+WcjAGe4PXAI4x058btJ1klZkdRGgDIjOVJ9/QgDk/jjr8z53E0pMUpAyuQ5JToNwBU/Nk9CM4z0GK5VwlKpZum0rrWzvZctrdP6u+t/Mnw5QlU97liklddLe7pa2/ZP3nfdnq+p+KEjmWOyug0LKN4DkkfICyKRxuYnJIHHI960PDnjSC31O0ku4GvLRAf3cmV2yZyDuJG4qc4BPzHk8V46imULBDaPO5BQGFZJCWPzcbQSWOevXgemR6J4c+HXj3xBFEujeFdVvVdtqOlpOqqScAl2HA+bk5GAADwAa9/B8HzjDmp0Zzkr6qEm0vd1T/C1tNbNNI2oZBleHrR9o6cV/O3GLV2t7637K+33Hq2v/E86pcotlbR20aKImnRQskmBja7jC8EkHgcEgHJ42vBWuXVwJp5klBRGMDAhVGMEtkht2AAOeBwevXU8HfsifFzxDFDNqFpZ6FarMvmvfzATAbgWYR5BzjdgHPUYBJFfbHgf9knw5otrbx+IfFL3cqbP9Hs02qQXVmQkElsnj+pJyNsdwvjo0VFYaVpK0uaKVk2tdbLXr1PssnzPhjKakJ1MRho+zd7c8ZSdmuqem19Xr013+VZtW1DU7WJ1GPKLBcsVaTAORngHABJGPmCj1xXmWsS3jXStKjlXKBDCjttwQGAIGMDgY7EfKccV+ylr8Mfgf4bsYYX8NSXkkCKGkmLEyvj5h124bPIwcAk4BO0Yeo6f8H4SY9P+HNmDhhuZFdQ2chgST8w6E/MMqVB3KQPCw3CGNnPWlGMbpcz1VnKPZLVvbXVtvrY+qxnifw7QoOVKs6rily+zV29lbRWXd66/Jo/Hu9hurmJ44LO5uI94VIjbyswOP9YSAeDjGc4J4PcVhv8AD7xVqU+6Pw/qU25QItlrKqc56jb83UkAjGMdCBX663s3ha2l3aT4P0qBlQBttvGzLxzuBUg9OCAcdSAMVzWoeJL5ziz02ztAqbUEcCoQF+XBwq9ccADsMYyK+rwPBnIv3k1bRPljpb3X56re2ttndn5xmninQxE74XDuW2s5JLZXbSu20teq2Vz8zLX9nz4j3ro39hy29vIgw04KDnksd7BgdvOCeTjjJArp7D9k7xDP++1XV9O05RktHJKrMoX5iQASOgPtgZzivsnVL/xRqBZWupo4yCPLiyhBAx0XoeoCjPbOW6cNL4c1u6ISWS4YEuQ0zyjdnkYbcRjGMHBP14NfS4LhfAYdc07z2evf3ddEra2d3o31drHzlXjnMsYv3ap0lfaKba0Tet2kr7300PDbf9mj4c6eYZNV8Tm4lT5poLfaQw4DDJJyORwASS3AGOOusPh78G9BOyz8PtqVwiti5uclW449MtyAflwCRt5Nd9H8PdVd1ZFiAOQMkkqcnJ5xnIHORgeh61oQfDa/J3tOgYtjIJzheCNjY4HpkkAZBPAr6ClhsDQXuUKTaS95xV0rxtZO13vr0u7N3MI5pm1dKUq1R83R3Sv5LTt0T7X3OG+3afp3lppehWVtbqQY2FvGWQ8jqQTkEA53ZJ54HWhdeJNQmlG6Sby1UhAi+U2TnkYABAxjIGPU56esR+AJd4aR8ucrtZDjAB+cD7p5P4e3BE6+BAWjDwh+q+ZHG2AxIAUD1PJPORyOhrtp4nDw5fdSSfRW2UfPu7pWaa3skhwhjakHz8zV0rtuSaum9G9VrvdJaHi8er6qrg+bPIuVwHUseSM4PzYIx68jAHquta3N5cErczSPFyVUjAVhnjuoB7Y4zzzzXs8HwyklIzGiRjAGQQWPBIzgDOO33sfdatNPhncwFgiRoApZ92N55HzDIGDg9+ST0z09GhmNGMk07W6S2d+XdaX66O+ttNUeZicDiasmuWTS1V9L6xdtN121sr2Vz561DS7iYSB0jbhWUllzhm4Bb7uSCMADPpnk1jto1zCflijYE7WHUqWC556DpnB4wd3Wvqh/hms8WZJNpJQBCG3DB4fIwSOnGCBz2FRS/DS24jLOcgbpB0yuDjHUnAOMdACOc1FfG4WfNOUkop3Wi1emzs7+j6r4kaYTLsRF2mtHpZ7K3Lvpr13TXS/V/K01vdbNqR+YVXbIAmSoBOBkYwTjC9M9cZFMSBZGRDAxjYZbcF4I3DBbjj1HHQck5I+qLr4a2aoBG0gJTDBMEsTk568ke2TtJOBg1in4a2SozIWQgFcEgbm4+bGMEA9ec8nviuT+0sCmlp6OOv2ddbaau97f5e3hssrqSSXNrs/eWrim9rNa8vRK3R6nzt9ny2zyQGU5RiApCrzhSQTgY5PI+bGOuc6azuHmDkgRgYKqcSMCcFsqM9D04x0ya+nj8NNPiCz3E6vGnDKp2MowcDkHHJwSBnHqanj8E6WfLX7LC3GUcHeQOSBgDO71yp9iRzRUxmFcbqMWnaT0XTlStZPe/nfrbp3xwOJSs4OLurNp7aWe2/fV6drI+YIbC4lZ0jjkZSAG8wnlQMkq3ptGRt65OQRkHWj0e5IjEEcu6RGUDYXTHOeeWAHpnqD1HI+ll8KWcQDrYRiUL+7ZVBAA4Y4XcMY4569+Dg7ln4ddhH/osR3AeWViAX/aP4cg8ElcHAwK5KmOox5eWMIu/VR2vFpvqnu3q7a66of1StZ302ta7u7R18t9P6R8wW3hfV2eEJHLIWIIYI5EZIwAWLdC3GcEnqO9ddaeE9bwvnKAocbVBxkHj5umBjnJGeCwyOn0pZ6AySCJkTO/PyxhVQdTjjJye/Ynp0A6eHwqhiLNGyhyAqgBgQDxkgcdSATgbRyTisHmdKLsqcNt3FP+Xrol0Wvlp2aw0nG7ldta2s02lG9u/Tb0bumj5lXwxeNugeQou/kfKzrk54znbjvnqew4p8vg7UVSMoUCKSVygwzDOF/ib5vUg7QPuqcEfWsPge2QpKyRp8oJwc7jwMHouRgZ4DEcDoRXRW/hLw/abLm5urPZF/rhPNCmcqQQQ5GF5HOMjO489VHHqT92knorWSd1eOrte62sls1p1OdYWKmk1u9d07JR0XW3e26vZbo+MbPwRrckikRGUzDcShVfKwMnIIOMcD88CtiP4Z+Ir/y/KtmmRTllaIozZOM8BcgE8jtgc5FfY82sfCDQYg+o+ItFspxH5ieXcpcSDndtEaMCHPXGTu6AHvmS/tQfA3R4XhMdxrksARUWzs2hztUZzJjGcADOMHrgZJraGJlPRQ3VmrKz+FNapNa311+aRs8spvdbyWq3WytvtdO7adt7tXZ8sxfA/wAZyMDb6XKytIMhVJLbgNoOc7gQOxGBu6ZzWsP2dPH1zJGItLYMr4BWPAhLEAiRsMFP3vvAcYxXr2q/t76Bp0Ri8MfDBpntmX7Pc3064ODgAptyC2M+uM4IGK8z1r9ur4waqJI/D3hXRtLaclwkFnLPMcc7m2DG4dSuME4POc1vSndWlyO7ilGz8r35YvdK9lp3IqZRGMXyybdtLS2+F2WrVtb723u+ho237MPjueURT2axYcAROhkklJA+eJVUEgdcE9D94YArqbX9kbxXdbXuFaOJZNsivGloi5IAzI7jbkfeLdD328jw+8/aB/a18SOs2nTajZSBSwkstMMI2kYCq0kZ5HIHHHfnpy09v+1b4p84at4o8QILphK/naq9uqljwxiiaPAHU4AAAOM4AHoKVOMYuMG/NRlbXl7tXeqvp021sfL43LZty96zT01ei93ok3rrvrFJ9LH1yf2XNB0tseIfE/h/RYbcqZRe6hbTuoIBJyrgqBkbgQwz14FV5fh1+znokjLrPxS0a4Mf7wRaU0as23AYZyQ/AJU5GWOAO9fH8f7P3xY1aZp9X8ZMskrK0wmvrq4f5SOAGlIIbrkg+xwa2rT9k6e42T6v4xkaVpGOyGJlILHBBywGOOMDqO3BrppYmCSbpp7aOUFZaLV/E+/k91szyauWc8FGVecVbXki+nK1vZJNX1109Wj6RbXv2R9DuGd7p9cCKsqfbZxbh2jySVAAZgTx+WF7Vn3H7TP7Onh4NJonw80W6aJHG+YCTziuQoJJyR/eZeMZB7Z8vsv2TPA8aRDU9W1K8kDbd0bLtY444bJAGecgHPJ9a6q3/Zs+GOmqmbC4vivJ82RDGAOQJCuSNwzzxg5x6V2U8XTitYUdd223de7o7RS6qz9XZtnnTyijGzVbESaad7tNaLTS+mujSd7bWNtf+CgHhTSYUi0T4Y+G7VELMmbGG4wG6bE8stxznIwM8nIrnbn/AIKJeNyZl0bwtosMcpCwrb6IF8qPJOcCL51Oeh5Ddx0PV23wm+GWmxI8HhWxkkUEAFS7A5x+Iz1I4xkDOCavQaX4N0dTHH4d0yDYrFXaCBMDqcNIuSyt0GecY9M6f2lTg0oukmmuVW12TV79fXfqzmlltC6apVZy03bs/htorp3V9nr9x4hf/tq/tC65IX0rTrq3jkZyI7DTHiI4yAp28A47E4GTg9Dzx+L/AO1v4mY+Q3iW1imIHKNGAGJALOVHXJwRyMdCRx9E3Hjjw1owCpdaXBHgAxQ20MrAdWXKKPm44IGc4AHXHH6n8btOtC8VgbuUKWG0KqLtAyMZGQOeuSeSV98amZya92q4335VGMUvc5lorp69FbZ+vpZfksZcv+wLkd3eacm726Pv3tLo9bnlg0b9qTxHGrah4k1u0VyQVm1B48Z6sqqRzhs/LgE7SCCMi4PgL8UNTaM6943v0PytLI+pzSZBwCoRZRuI4IHADEj3rVvfjzqssbCG2cY3FTI2TCSCoIYHvjCk8cnPH3uFvviP4o1iNnW+lQtk4jaRpM4+UfIwwcqOgGOuehrzauPcr/HO6VnKcuiWmjWz201tpuj6rC8O0bx5adGF94xpRbV7PXRK362+fpGn/sy+GLcl/EXi26vSVYyCW9MOf4n2tIZC5bIA7Y65zg7dv8Nf2fvD8K+e0eoXEOSVkmW4Dbc5A2lTk7ecgAZ6YG6vCo4vG2vxxrb2ms6izHDFY7kghieACxxweOhGQOD137L4N/FLVt0kOiXNtG23et1+52qSMgBwSTnI6989ueOWKlJvlhotbN3ukl38/wCrWPap8OJcqUqlmkk0kld22VrJPf0XQ9fl8b/BbQlEOk+ErJniGVLxB13/AMLEkMAcnI6jkDJ6VzN7+0BZ2zPDpWg6dAYx8kgto+GA4BYKMkcZIJ4yOeGOVb/svfEK6xJcSWNjGwG7zJ1d1ULgkrlQB1GBjHrnNdPpv7KMzyBtU8SIyZw8FurblAwGAY9M4xgnKn8TXK685J9GmrtOyW3T4bqySvurdrPvjw7TvBSpOXRt3tvF3er9b9vx4i5/aF8T3MziOe2iyu1Y4oSgDZYD5kI5BAGBjB6nBFcr4h+J3jbWbaRH1OSSW6XyIrWyjmmuJmAwIkRA7liSAoOTjPGen6X/ALMf7D/wo+IfxF0rw74huXs9Hhdb7XNY1O7jtUFlGAzW8JcoBJLjapLZ7nI4H7Q+Iof+CYn7IXhKK9sfC3gGy8YaPDJeW2p6q9rrmsX81tETFthdpY1M0qjGY8MWwc4GPzLjDxAwmQV45bGdXEY2vC6o03NpKTik5uKav2Widt9LH6Jw74RrM8Os1xEsNhcJSbfPWcedpKLfLzyje/RXWu8dNP4vvHemeO/Dg06LxzompeHTqNs99Y2mr2slreXMB+aG4aOQCTy5Fwys2Mg4x6+cr4nutKtPtECo252aWTZkMTuCpu/uqduQNvOCSe/0l+2h+0i/7R/xq8V/EDUbeK3tL3UDaeH7W1jWCDT9Dt3aO2SOCIRxxo8YX5FQA5JHI4+XNRhbU7U28CyNAYt8aQxO7syqCCVXON3f655Od34zmOazx+IVTFxlCM2pJTajKCfK2tXFeVrt3frbycfgKOFxc8PhJe0pUZcsKkY2lNRa95K6Vn0ab3VnujzbXPiHqNpdtds5juvMMhxkCMA7h1YAH1wB0OenOZa/HnxPNdNM+oXW1ozEI945RQBuKnA5BbDDnHXPVeP8Z+H9ZE4KadqbxlDiRraUqZFIADYGSoGccEdf4gDXlsWk6qL7yVgmSQg5EkTQAdeCWKgDpxj2J5Ar6fKcHk1bD05xnSqzdnbnhKV1G2qV9Xq+97XNI04yp2cpJt6pXve1le3lrfVd+jXv0usX3xH1SxtriTCRSokDAhmSMsDLLtyRuX+If3vmOOp++vhD4R8N2FnLNq99Bqun6bbxrFYzSqgklVM+aoJOSH/hOc8d8Y/NXwDbXGna9ZRyzss09wIz5TFyhZhhCoPyqP4umcdVxmvumS8sNFsyq3oN2bUGZT+6jiGN3mKu5fm5G7PLHJByGC/D+IUcRWhhsuwOIlRVR3lCDfNOCcdHyapeVu2tkjxsyxSwNBxUFPmhaMZ3u+VRaVlo3tZNOySd9D9Vv2P/AIleBNC8bWA+InhbRbjwld6/aKlnMsVu1xCr7Y3vZBt/0ePAZlOA4J6nms7/AIKb/ET4ZeJ/Hk8nw+8PaH4c03RrWFLC10byIodTV0HmXc8UIUHC/wARBLcMWPU/lboPxtt9PlRL5Jr+O1P7qYOUVWDERjIOPkxn+I5UdsCvFPip461zWp9U19rqaZbzNvB58zFordlKhVUn5FUcAE8jHzYNcXDGSY7DxoQrV5OnzQlefN7SMmk5Rk5KLak7WtzpWdlpr+U1KOY53i1gqsIRw1SrGU6kqa9rBLkcU3aK5XzX0vflu3e502j6zDrKzRzXULL9okBtbcglQGI808/cXPTPTvggUR6VC80txDcGVopEiS6Kny1Qv8ybvul+2CQQDjHcfKXgzW59H122e9uHht7iYrcCNi0hjkyN3JbLNnkd+BgV9x2B0a38LJd2krvPNKrQ2kqBwQ2CJWJ/iOcjsM8Yzivts1oYnD+zgqspRlFJ2kkkly8yS1d3dXt6Wtc5eKMrXC31eOHtKGIpxV9Fq3HmTVre82r2V3a5zek6ZAy3UNyjKHnUrKq42gt8zgns+B07k+hx614K8GwzzyQwXP2e2MckskkrY89NpO1eQQMg8g5JIxgAlvOLEXq34N1aqY7hA7BQ2FOCVU4ypxxkHgjjnivUNA1DXrWHUmgtImdbVkt450KyohAy8YOGGwHO8jnjJzwPLpylOUY3bc24K17rTma0WqcbW1upJrSx+R8Q4rG1qTp0K9OEqjivZymuW0pxVmrttat3tdWbS2t9Afsp39npH7Sfwp03WbaKXTX+Ifh6K+W6kUwizOoQruBfKqApLEtkeuTwf7Kv+C6+geGfEX7BltdGC2dNDOhPohtfJP2ZWitlBDR8ndBtU7RjGDtANfwUaD4j1NNfGpN5kF/bXcMkV8kjxywyxSBg0LAhlZCmVIOdwPzY4r9TfiR+1V8R/iB+zy3grxx8VNb13TYo7ZNN0S9uJblN8EKCOKVnJb5QgClgTjr0GP6w8Msiw+JypYitiYUY4L2tWdCUGo1lVoqFt4++m7XtJWa67fC8Q5hiOHaay2GWxxlbiJ5ZQ+uUWnLBzwuJhWdRuUHLkcZPWMlqru5+PeuaYn2vzIW3hMAtg53Nwc8ZJAIHBxjgYzz9zf8ABPnw5Z6h+0f8DRqFla3sKfEzw75sN3brPbzRfb4Q0U0TqyspU8oQVIIyMFhXxnMizzzBWJy+Xjxn59xwM89MgD9Txx+hn/BPW3VP2h/g8ehT4ieG8DDEj/iY259M8DoOpPb+7+j8G8OYHF5hj5TpQk44HFShs0pwpc0WnrHdKz163a0Prc/zvFYPJsDCFScZLE4WM7P3pRlVgmnrone2qa0VtND97P8Ag5R+Fvh7TNI/Z31LRfDXh/RraSO/WRtE0iy01ppzFuBuDbQx+cBwRvzgABflzX8XniKwmjluDCrrI7ybljcKFCSHLEKAOB1xkYHPQV/d/wD8HI1rFN8Lf2d7gKGkW/vowSoyc2eSM5I+Xg8DGRkkHmv4idT0y1uNQnEqbSHmUEZbc7lgMYwG7nB+XrnqBXxnFWUYWfBOU4v6vH62vridRQ9+Sp4mpG0nrJtKKSu9Fpa2p+g5FxLiMLxnnGHqVp/VYfU5um5e7F1MJh5PlTSUbXvotuh2/wAIP2J/jh8Z9M0/W/CPhkW/h/WLh7WHW9auIrXT551AJCSSMF5IwGIB569z+lXwZ/4JzfCL4W+LLTwx+2Z8T9J8DaRdeHLvxAyaLcQTXt/5cLPb2cM0cjhRIwUAYUnIPbFfmHpnxW+JPhrTLDwdpfj7XNL0S0kkuLezgvLiC1tZhkqY445FUOSOf9r0G6l1rxV4p8V6jZf8Jb4i1HxGWhVJNQ1S+uLy5WEkYjEk0r+VGQAAi7erDtmv4TzmHGuIz6Uv7SweGyelX0wlHCupWqQU0uSrWnUfK5R3dOF79Xoj+hqPEWQzwNOTwc61WVPk55TUqcZSildRS5otdHvrd6IZ8d/EfgPTfGfibQfh6kx8Gafq09n4YnulAu7/AEu2lkjtrqbC5PnxqjHk8sw+8a848M6/aajPbQ31vGTDIojjyF3KOHQg8bsEHJwAo4rmfiBY2seoQtZufOjJESBiVMZHykEk4xzhTggAcZGRi6JE1rMLqYSLPFIHRgrFMjJySRjPABJPfHYAfb4PBwlhIKdWcpOCi3/NaNrt2erW8d+y0u/PqQpVcPOrSp8spL3Y7K2ivJ7eTXmnZWV/qHTJPAug+OtB1nX9Im1jQLO6jvL/AEiNisV/HGyyGB5BwBkc4zkcEnAz7X+1R+1Svxvv/CsXhzRI/Cvg/wAMaPb6XpGg2y+VaQx2sfliSeNCqTzEKTv2Fm5JOaxvhF4N0347WI8K2N3puh6zYWE9159/tWS4ZEJZrdsgsznqo55HJxmvl3x14Y1LQ/El94bmDvLot9LZ3Mq7liZoWZRLHkBvKYDPO4scetcX9k062Ip16kJyqYeS9mt4xd4pSi09XZ76Wd730PiVh8uxOYRliqtsXhWpxg2lo3GXtIp72XVK6e+qPGNcju7y+m1IKFLSO3yL94kja6dM+gPB4Jyf4tvQLeS4ntxfbjEg3NHKQvmL12nOMdcZzg8HCivQtR8NXdtp9pcXGnXSIIi8M1xC8UVwBjPkM6ASYzyVJ5I+UnAPPMojHmW0LOREVlJwShOOAARj8+OnrXrVXOnBQcPeklvfms3FX+yrNXW7tsj7rAZvh6lCUKdWE1TXI5pqSVuVPVNJ6KzV7pLyO40TXItNlkMNurMqslmGHEe0Egg4IYZycjPByBmodf0efxQV1G5lSG4Ef7qDlFcIcnbg4bGPxH3flJzy+kiS8uYbVRkq64ZuXKn+ELwASTt29W5GDk19p/Cn9nT4ofGC3t4fh74Y1nxDqUazmW0tNPldILaNSXYTFWUkKCeD1788cOHwONxOIUcFRqVaravGMZTauk37qvtez0aStfy+C4m44yzhOLzDM8bQwtByUVOtUhThd8tleTs2r6K7TVltv8i2GnvpKu135aLc7ooECBxG4AUyKvAwcDdk9+Tmv0j/AGMbD4Da5o97onjbTfsPjcail7D4gv2RrWO2j3GJbOBgCJz1DcA4HGM15r4h/Zf8b6BpV/eeJvC2q6Ta6Koe9N/aPbO0yvtdLeeRVV1Rhhwv3c5616PaeAfBfhL4PN4st7X7f4w1SKaXT3sL0NJYwWqj93PAh3FgcsXK8nIHcV8jxvlecV8DWy+McbhMZUqRhCrRhJcjly3nJaPkSvzNJbWtqz+fvF7jjK/EPhOeU5Jn2Kw2KzKvSo4fHZLXjeE5ON3OcW0oNXVS6S+4+8PBdh8Hfhbfa98RvD/irS31C2jle/k1KC3u5ZJjuEC28LqRtBClyFJOWAz0r8i/jrb6l8SPHniPxXaPLf6hrt/OUOmaWYbCSAkNC0McUaqspyNwA+YcYGGNcbq3iDxzC1jqs5I0zULqOE28fmOpTzQDHKgOPMfOCWHfcMEivrLXvj94r+HHh7RbTSvBnhywnfSkmjvrixhnuLh2jBSYbkPzpuUn5eTnO8bQft/DPhLMsFl0qWY5jWx0IRjKPtXLmpuXLf4vib8l2Nvo8eFOO4GzvFZ7mfE2N4hx2Y4ahRUsXWXJh6NJJwhGEY2cknbnsr2S0sfG/h79l34t+KJLaGw8H6pNHcNve8ubdoI0XgmRnk2hQMDnnIGecjHs2mfsS6ToFnNqPxI+JHhzw1DGWa6tZLqKfUIVTJcJCkhO4YI28jAPArgdX/aS+MniF7k6j4yvdPt5mdBbWANnFGJSAEXyQjBdrAZ+Xjp0rOn8C+LNd0c+Ir6w8V65YXbrGNZNtf3OlTTyjPli7KyQtLhiCA3HdQMCv1ZZbh4J+yoTqckbyUt09Nrbp26q2up/cNbHUqFCnOtWp0LtKM6klFL4bRcpOPyve/XQ9dbVv2NPhfp+yBdf+JWvWrN9mEcbW1hJImMliVZShYe+5cEda5fUf29dX0PTpdH+FXwx8IeD/MXy01K5sYrzUMdA5cqQJAucEjGSB2xXgt54Zis3Nq+n3FtO58oR3ls8aRgM2SjFVGBjOcgHJ5yRnIl8J29qPPWC3ch8yFcOzAZ6KDuHIzn15J4yfHr16NHmhpGyaa7fDrdaael36amuHx1OpFTjVpzhZWkpprpqrNx67WdtHtezfFX7RH7QfxAumbVfiD4hZM5MGmzTWFtEpHCxC0MTFQPlVRjBAJHJFec3Mupagzvq41LU7xlLS3V9dzTu7tyWczux4yPvH5s9BXfSWVzbu80cWyF1+TZFtBC8EMCNpwDgZ2nnPas+ZHnlkJAVVjUMJCWZyc5wRt9cgY46DdXM8XCUE0uazSu9bK0Xa11dPe+71todkKt9IzumtFd2taO6Tab3tonZ7PU81i0G6nkDi6itIG3KqKVDK2Tt6AbQeuT04yeM1e0250ew1GLT76UT3MJZkdz+7Z88AFuDjGD1GfYite/his2JUmNpCcc5A+h5UEt9M59enD6hbWk96s00pt7sLhHJ/ds+QE3ED5QeCe+ScCsnV9quXa62ilprbto102u9vPalNya105kmnppzpv3XdbJNN2+d3f6q8KyWXieSPw/HdRadcToZI5JHQxF1XEaKxAwWwOQRyeQvFcbrlxreh6ze6XrEd5E4ZorWXyWFvNtbaJYnwFYFcMGB7DPTNeM+H7+80G4k1CaYTSBW8iSKb5YWU4Eikk8rj7vcnK98+lS/G6+1rQjY66tvqs1tE9rZzPFH9qgV3BDblUO+dvBYnbjr3r5rFZfiqVZ1KfJVpy1cajs01bqnHorNbpa3dkbVJKUbP4k+/wBnRPqrt7u3NbU9D0b4bXeqabdu2tF9QngW5gi8wjKYBbJyCo6/U9vlxW78N/B3iuw1+B7az2adG4gvr1SWSRcgyOHPCNjOePf1U0/hv8SNB1bSzo6XKWGveWsMMZChyANjZckBgwOdowAvGe9e422tyafo50yTUYYn3nzp4GVXdWXJBjwTvA4U+nDYr814hxma0PrGFjQv7T3Yu3Ooq900pKV372vV6G1BJRva6i03dpp6ptap2evvPTS2+y9C1HxMvgo29hERdQX2VjhADsofaGkdx0kIzgEAjHQjk683iC1t4bO9is5oUuCElgKEzORjLmRiWVDjOB25A5APz2lxBqE0Ny94Zo7acOiljJPF5B43gngsQNwAP97scdpq3jXztJfUdqCFQtvKshCvGMBWZAAvzEA4IJJODkV+X4jKasuVOnU5pT5qlk42ba02vazdtPlsdzqXXxWS+Hr/AC2T6tJ3fWytZfZZ441mLxQ++bKPHIkdttVUQhCRslYjkncQTkjAPA+Y15E2oafpuoFLqyWa1jYFTguiTHGD5gBBGRkZwQRnjFdLFrtpqFmsNvEklsHdo5HlXcpJLMT0PXBHJI7HGTWJdRRJpk9o9ksQnlLefIwMnzfdlQNkkY+YHjgr838VelgsAqMJUailGLbSVqnNG6ivdsr3vZvW27b7+fiVfaXM43ktJ9optaatuy108js/+EostTEdiTDbyFI9l1GclQoJVEKAAYwAeMgYJznNbGizzXUsNlfTyTxrK5gRn/dMTyilzyOuMEnJAHXNeQ6P4B8XbY7yzV/stwrGzF4vliZ+gMRP8LZG0gKTnByMV01j4M8b6Vatqt5e2yBbpVmhFxGWgAJzJg5wCAQozgHJOeM+Pj8BlyhUjSxcPa+8uVy9+M7K+0tHrb8NWcUG01o07eSs9L31tJ+l1om7nu+peIIrO7t4SrFbKBUEaEhYX2naDIoxtyODjn1xiq58T3F5pl0bhRIsheNgxCzPjJDBiclRwB0HO3jGRympWWrtpwv49PmubaSGN3lwWlmwMfaflBKIDkqSe3vxwWo+LI40TRo4QJBiQ3DErvyMeXtIBbaRjIIOQfUE/MYXIIYqrGUY+0lGUVG95N+8rK2rTai291ZLyRrKbT3cU9El30aW172j0Xe1rmpp58T6xq/kabLcNAysZJ1kH2e1VmChW42hgu054yV2g/KK9Mh+GWkwRytd635175huLzzclcBQ5UJn/WFjjLHJBBU88eR+FfGthpkt/DdmaJ52UuLc/uyVICwnHIG7kkYO7g4HFW7/AOIb21+llaXJe4uzuDXRDKIgciNiSTlOPm5POfZvZxuT5vPERw+Gh9Vw8Y25oUnz1E+RO72vLqklfq7WslWUb+9d3a1u30srPZ9Gru6bb0PVdestPi0dL7S7mRtTgKRxW8c4/wBWMruRc/8ALQYJU479W4Ha+ErgaH4atm1BIp9TuLgT3ETKVlWNuiybsZKkZ6qCed2TkfMnh3xC194jH9qNLKLJnlmji3C1ZY8SRqTgKMnIwT164P3uz1z4lR3jyXGm2MpQqYZX2krCYuFReAAxxgDnPHXv4uY5Dipwp5fNqonP2tao2rrmt7t7NK+7u9HpbR2ccUoxdpJPVRs+vu3vv7z0vfZ9LbfTlx41S6aO0ihhkGwNcxysCYscbRgdCONuSSccZHOT4W1i7tPEcuozrew2r3MccC/MLfy3cBioPykbTgcEHBxwMn5v8Ha9qWrtM7Mypbs5uhcfI7R4LKgYYyVwMDOR6HHHvejeJreXSna/i89LVwIgSqSAgbVCdAVAOQxByd3I6V8fjsqqZNz0qFP2ntE4OzblDTSUXtza6W+F7W2OmliVJKT6NtOV92t1FK+mu/Xpd2Po7WvFel3t+kFk0V0sdqglLyIWjwM/KD/EzcfKWxgnA615B4z8U28F3aXekGC2tY8QXTO/yNOQNxKgnJBOMAHptJxyPFPFfiKPTbn7Tojt5t5GGd2lBSE9WQMWALEZOPvEAEADJryLxVr+syJYRXdyltHcT+ekCsRtIzgyZPzPIPmBJwe/SvuODsvzaNNL67XdGrZ+xnKTin7smld2TS7p3utFa52084r03eE5aXs02oxXNHW+60T07NX129dh+IGoy6pqTX0hWC33i3kgbyhkkqVPU89Ox2gYyGGfW/Bel2PiaX7fMkd9LJAiqwYNsf7w3k/ebb1J9CyjKgn4ji1F9TWeJJNsiSBSittaeQPjccnIXo3XLceuK+2P2frW5l0i7u2dI4LFlWaLJJlkKbS24AAlSRxxzldvdv3TgSNTC5zGjKcm6kPeV3p7yb1aSfKt/JdGe9lWY18wnGFSfPH4mm7u/NHfS10r3vfSz1PQLrTlhaJGgJKEIigZVTnhlYDuc9+2enXkvFfiC78F6bLr8Vzc20mnwPNE9o7xNnAKhmX+6MYz37nPzemz3NvI8hZsfO23cOWycZU45x0OMY5HpXkHxR8q98Ia/FEEZI7ORtpGSQiHBBIJXGeAOCQM4UnP7pUoVKlKp7Pm1p3TatqoxelrPZb307dD3MXUlDDzlF6qCsr7NRTSUVZt2Sv52Xm/mnxX+2r4x8U2EPhvxNfPd6CbhVilvovNuoUj/d5jmfBAIxn+HgH5jjb8d/EfWrG8XUtR083j291KypcOjtFDuySynAAJ5BUHPbBGCeJ1GZL7VoY9SkMccV3IqxqMEIHbhiOoONp9AAeeBXaeJvGujJ4Wt9FsbATx2pkaeIIrwBiMeaZDyz91AOORzgFq+GxOGqPHYas1OpJVEm3fljBWe99726tadVt+fYjGVcSp+2kpNW5W97Seui7fPfa71+OJfm1CW5mlWZEuHOGJZ2LZOSBjduAHGfUH0rp/Dktxqeq2ttM00emRzh5Fj3BI1OD+8xtwG546/pu9T+EvwB1L4q6pqV9b3sdnY6cxupxK+fMDEssCquAr4wCDnH1yK73xB4NsfBmpw6a8cVnJC4FxAi7pJ/s/3txBP3xglQMDnPPB9bFZ9gaU5YGM4vEqCcqd9IRSTu31b2XpqedecbNRcu/4WvdppWWnZtO7aJl8ZaVHbXGnRXD21rHGsKiQAD5B9zJA/dnHUjDZOB1NeJ+I9W0K6kmuWESSwsEgaFxtkYHBYqOjZyM5wCc84Ir0T4i+H2fRjrunWqxW9zHtY7SrmKNQpwgXKKpAyx69yeMfJc0dwl4VkDvG75wnO1cjGM8Z4bHB4I54BG2TQoYiE8RCalJyaktGuZJbNJNa7feHxWvo0uvmlbu9npa3w9XY9q0mwj1G2uLqeVpAhH2aNz8pjJxsB/T8vatrS7mz0vUlkuIo4ZJMCOUOgMGwA56YJzgYGDxxgnm34ViSbw2QYh56wfu5U2/KduQjYGPNY5ypHI4x3HluqTSzaiyzkB2Yx4LHCkZUA8gbhhcgAEjjGK7JUVXnOm2+S6SS0T0UbbNK7/Dz0eUkpNOO/urXZaq7Ta5r6JPa912Z9IaT4vsbFXuvtAuJJJSW3yD9ywB2yZyRtPG7aFIz0IJrm/EXjY6oh8hpBLNK6yNGMwFQSpKdCSe4yQdwIPWvHksr1opEjUGKFTucHG8/KR8wIzz9DxzwK9q+FGj2mvMLPULON1tf36SysE81vlAjQdSzcAdQR9MHxsTlmAy6MsUoc04qzkop6vlb2V++l/Tuod1FL7K01Xuq9t7pt6q+r3bd/ht0nw10+C81FZGuglsQs1xBOxVZmydyAH+7yRg8A4AwMD6X0w6Xa3E09jp0SKjqkhLb4pkPHyqcbyNo+6Cc5XnOK8hv9B0nSNYggSQWiIUcR7x0frEpQjbnqCxzkYHY1oSa/Bpd7/o9y7RpJEY40bdHETgYlPUg7hjAIyCfXH55nlOrj6yrUY1Ix0sru8nFKy0+G/RJvV67HO3ed5WvdeWqSvra8UtWlpfdo7zWT4dlGpTPo0EDvFIJWdESSYEHjaVBAxtIIOcYGSDmvkW9uLODxFKNJeRbR5QssSsV4J2+Wg4yoYjJ/vHgnNfSms6xJqWnXkkdvD5v2dxczEjaCygxoCD1YbVJAHI5AyFr5EXjVry6mkETxSl1iQgfMrAqMgAk4HHALHk8V63C2GxDjV9vztrT3+jbva7fotr38trjHV2t9prdO7cd29HZrZXW7Vj3Hw/FJZTSzzukUBTzkids7uflz23jn3zgjkjPXx64XJkt1VYgd8khGGAOBIiDqeBgDI6DJ6GvHrHxKl5bw2lzKFjZjvIdS6k/Lg8blXJyPm65AHQi/HeX9rCWs/NkieTG5jvSSNWPfPy4Oc4PI54616mIyyE6jk1y8lnHTWzkm111u7pLrotRwpOyUm3onbS6Wj2a3T2s16Lrl/Ev7XqN9BLZWeYFAaYqmH5A+eQD0Byc42+neuA0uFre6la4kEQ24Qq5VQc9COCxbAOASRyAOAK9Xnurx7eS5a32xTROszAenAAD7gFGB0259+/jerLIJIrje6xNKcKmTtKkDk4HB25+uR/vfV5TJyoxpNfCrJrRNLlsraaWstrX0stlvytJJJaNWWq93T7rxStdb3V9Nf1c/wCCbX7Vfwz/AGXPjx4U+Ifxb8MXnjTwno63Ak0KBgS9zcIY4r1EZSXeHIYA5yRk8g175+2J8Wfhf8evin4i+L/w8sLnw54b1/Uzd6b4dnAD2YYHzZWA2qDPKd5UAbc5A55/FjRY5Lg291IsrrG48vy3zIwBH8PU4AGRjGRgj0+gNIv/ABHqEEML2V8ulbt8UjxSIPkG3flhtKlzg4wM7ieevqeynGX7tuN2nJN6NJRs7O6XZKyu/SyuVWbw7ovWLVoNrVbO7dttk3Z3v5tn64fs2/tA+KPhLrOieL9Cu4w2kWYb+z7seZDJ5ZyHdGwDkAbTtOMnPfHtGjftaat8Zfjt4d8R/EK6hu7G48baVNd6c0gXTbSzF7ErkRufLCFWIcErkZBxnNeA+F/2frvQfgxovxA1HU0mvvEGkS3Fja5bbHBHkBJCQP3g5IHzE8gbs5r5b0OFk8SC2tblllnuYoUCbgu95VDYZSCCrc7ht4APLdO3CUcLHMaeIr4WlWr0oL3pwU5JSUHdN35W76Wb6WtdnxOZZDmccvr4ehmOKwlPH1XWaoSlT1vFpe7ZuL93fRt26o/px/4Ly/FH9njxR8E/gZ4E+GUXgi/8ffZbDVLm88JwWKzaVosdqitaXktquTLI7Btkh5IJ44J/lH1WGztZwk8TqyRL5kYBZpto+dic/IAMnJ25xuyM5P3F8f8A9n3xj8PfBHh34l6z4hXWNK8QNGj7LqSWfTwUDR20jSvIcMvJVT2HAHB+F9X1GKMXMl0Y2WWAsJ8APGhA2opYYyQM/wB7qF5xjysxw6jjZuMWlKSummkk7Ozataye6T0Wvl9FiFiMPgqMMXf2vsKafNFrmjGMfetK8tVre73d79MDxf4r08aTJZ6e6m4vYBAI2wPs8artbqB1Iwc8sO/3c+ifCbRZbbwxBLcZW4uwwGTtwpHU8cEr0AxyT25ryn4eeDoPH/iS6SR5P7PskFw7kEAqrAgPtx1OTnIJzuzwce5pfxaZd3mm27FILYCO0Ee4Ivl/IpPC9SCSQBjtxzW1KT5Y0abV1Zyb12te907Xs7O7bTPyjiPMopSw1Kd5yu5+Sts1Za6Xvdt3V9Ehvirw/bXenyJNErp5MiNG43sWwQSvXPPIyuOO3bz79kr4M+DfiX+034P+HPjsOPC3iia40lmhnW0NrfXauLORnb5Y9km0MG68qSMqy+wahDPPptoCxYyhiXxluQx6g4BPOQCBx1548e+G+k6h/wALn8PHRdRksNTttXguLWa3ZvPE1tOkkYXyyWLPtKqAMliMDmvXp1J4alGo2rwUXZ7WSg7O6aad9dGut9h8CVp43GywjblCVSC5U3J3/dvS60inZdrvbt4z+2/+zr4z/Zh+Mnij4b+JbK6tdOtdRnuPD11IGkg1HRJGZrK5im+5KPKxv2nHBzgYNfHnhpNQk1iGKzeSOWR8QvE/lnfyQSRwAPvEEsD0bJyR/Z3+3t+yppf7eP7FT/tBeD723X4j/A7SrTTPEem3aJHqlxLZQrHf2027bMBKFVoDJkbyTkttr+cP9m/9hbx78U5k8T6ubjwn4a0fU1guWvQYp7vypMSLah2j3oFVw02cAAEjOBX1mSUqmeVcNDCSdWpW5U1GSXI00pNu9ox7Ptex91xnmmXcFZXi80zerHDYXC05VPejKU6kopWhSilzVJTatTUddbW018I8Jap8SdT1I6Xp+nXfiS7t28jy7GGWa5jZMKEJjUgg8Ak84PAFfSQvfiF4DW1n8f8AgvX/AA60oR45rmznhWSEquGy6BcHjBPUHPXp+wvhnxP+yH+yxpk8DXvhnTtct7SOK8lVLbVtZvbtEAkdgoYxuzg9cYzk4wRXmHiz9qmH9pWy1j4b/Dr4XW/i+O8s5opPEOpWEbXNjYBW33MGY8w7EO5CMMMcEYOf2Khwbh6eFjRnmcKmZSd44WkvaPmVrc3K3K6as3ayvs9j+P6/0h88zLOHXwnB+JpcIU9MVnWZ82DpSp80F7SNSsoU9YvSCblJtW1Phjw14+0fxAFe11CIyqpAi3CK49WI6ZC4wenYDGDnu012S5dIJUkIXy/Ku1JWeIg8MrKQ+4EZU5znDdufzs8faZfeCPF2t6bZ3clvcaVfyQGS0kKqmxyGiABGCrZDA56ZyRzXf+AfjbewXFppmoM+puSFglTmYvgDy3HJbOdvQEZ4IINfLVsxzDJMXKkqk4VKU+WybWsWo2eutrPTror6n7g+FuGuNsuo4h4TDypYyhCqvdj76q04STjJXT0ktlqt229P3O/Zj/4KE/tIfs13Vrpui+Jj468DytHHd+C/E0j6lYy2rHZJBEtyz7GEfy43EAEDGTmv1a0U/sIf8FD7B20ma1/Zw/aLuEMktmTHaaFrWqMvG5GKQzCaUkBYQu3qQ1fy2aX8VtCa9jtLsDTLtwvmQXbeSVYYKujnA3E4LAcNwMHAJ+kfhjdaV4w8RafZtrg8P6y8sSaVrMV20EYlDBomFxE6NuzgAh+CD1yRX2mScTUM0hy4+bw+IXKli6XLGU2rL97FpxrRd9I1FLrytM/nTjfwYzLhPEyzXg7E1oJSlOeCvP2MVdNyjGDjKDWlpQsk170Z62/Qr9oH9kP42/s26rcQ+O/C91feGZHI07xpocJv9FvEL/urh57ZZUtzKOTGSCMliSSDXzEdL+0C3/dRB2fMVwHBUYIBLDsSAFIK45wdoOR+rXwI/b5+KHwB023+GH7T/hiT4zfBSfbpra7dWq6tf6NZSYjEhlljl+0QrEdxAHmcDkE7q+i/iD+wR8FP2pfDTfGn9iPxtokrXMDX174Ce4jEJnZd7Wa2zu02m3Ic4aOVWBY4HJxXdmeS5ZmlKSxfsYqatDF01fD1HJRtzvV4ebtrGpeN3dT0SXZwJ43cQcL4qhl/EuFr1KcZxhKvSU51IJJK7SS9sottycEpxi/egj8lPg38a/if8CNct9a+H/ie/wBKufNWS504zTTaRqCK5DJPas5jUN0O3b2GSQBX6zeH/jn+y/8Atz+H7LwZ+0Ho+l/DX4okLbaV4xtkjgtp70jak0d0wUKHkwzQys3XaGIBJ/JPxx8N/Gfwy8Q3XhP4k+GdT8KeIbCWSMWepQSQxXCguN9tcsgjniyMxspOQwJxnFeeXcQsts7yCHY3mw7ZCWVyQVeKQOGRlB4w3BxnHGf5U8Tfo+4XMpyzXL6c8tzOm1VoZngEoTk9HBVXTajVjJ2ve7aerP8AQ/w28dMJmeDo06OOoZngK0FCWHqTjU5L8qcYqTbg42tytfFe6ufRP7cX7LEn7NnhuXwUNXTxGvi/WodR8M6rZsJm1fRVj3idY4S24K+ATyDzknpX5kW+mz6bH+5tZXZU8ubfG4Ak6EMuPkcdx0wBzkV92+APjhrMXxL8F+KPiObn4h6B4Eils9P0LXJGukh06V9jrB9o3D5FYsgbOCo4AwK/Va5/Zi/Zk/a18L3/AI8+A2paf4S8Ypp02paz4NuFSNbnUI7Z5XgFsWBQFg+JEAQDBAwMj83hxXm/Aiy7KeJ8LisUpRVCeb06TlQU3LlgqtruDs1KUttW+7X6qsky/iOniMwymrQozUnUeEqSjGo1yxk+RXta7a+LZaXuj8M/AdxdrpstrqTt9hSDP9mz8pLvyCyA7tu0tuHAOcAd63dGvLnQtRGr+FNWubbULCYvAbS6kt7+1dWLIsEiMGkCnB2/MCoKn5iBUfizTJvCOrax4fkKnVre9u9MmhhkE0dtcWcrRtGHByCChxkEKASSeCPEIr680zW4pFuZ4L+C8y0WCROXPRlGCScMCCBxwAoFfptsLmeFw+Iw+IjCdRKa1unGSjKLurbqzWiSSejZ8nONTC1XSnTfuPlUWr/y3s9td9kmvW6/S7w78Zfh78bLGy8E/Hn7L4f8VI8djo3xXsLUQXkErHZbweJoVCieF3YK9weRnLHkCs74ifCXxD8Hr2zg13TY7zS7pFufDviuzIuNE8Q6fIA0V3Z3UZMayMmGeEsGRmwRn5R8HfGvVDZ+CvDXiC2tPseq6jfNa6ihYRfaEU53MvDcbeDjIIBBB4r6d/Za/bNtLXw+Pg58a9OuPGPwi1TbaRT3W661nwPdyYjXUNHupC0kUMLkM8Svt2L93PIxlDFwTjKft4JqLcXfZx1Wnvctmkrt9dWergMbSoVIQnaCfLZS3v7qSje6toly99rOx1013oUtvBHdTWuJf3h3fu2D4zsA6euM5xxgYresvG+nWenmKznggEKGJIlIYFVPykkZ4GCeemPSqXx6+B158O1sPFvh/XIvF/wq8RILjwt4ysyJY4FmHmLp+reST9lu4lPluJCpLDgk9PnbdNaQxzQMGDxkS7T5qu2DwAORzgZ4zgn1rppYGniZKT0dk2k2tfdte3aTTs++1rH1FXFUp0048rdt4vVrTTRXXLba++npxX7RHjN3kgkdQTNHsfywAojOcksBgEcEk84Ynbgk1866HrOmST285ljnnDI0cXmKwGTjGeuQMngegPTA6z4+/wBoahoKTRhBOcrgrtaJcY2kcYG0FT9O+efAfh5oTLJay3dwUYyruSQsAwJGMEk/T7w5yORUSyOE8Q0480W4v+VJe5Ftu9nrq+z8rnyOKqzWIcYvd3W2l+VO+tk9pb766an2pZeI9RFvMLJmC+QpIB3Kq7clAwCktjIJycYPBPFWfDvjGf7TLa3tzMjO6ohZmCIxzkhN3BBABJYAr3A689oFk6bRE+5Hwqg8xg7TweuQR1IGD74rcn0BBKl0UUTCXc2xeJAcAOD2A47Z5B6E499cP4SVOMJQpSu3zQkk04tQTavrdxUbbrVaBVxlaik4ycWm9L73lFWWr3tdNddNtV9N/Dj4s+LfBmq2t7puoTW32eWN7a4UylQFPUqSQyknGOoLMM5HHrfxM+Mfgfx6ml+JPjjpcNzpenajFFcanYQpHe27SIEjupNhycMQf3hYHBPc5+PLPUri0tmSSPftCNA+VO05UDcM5IBA6gAjggda+Mv2v/jF4h0fwvF4Pihfy9YuDLJdRK/7sRDKKSF6cgEcndk+ufAq8IYPBYx4/D0/ZOMlJezXK2lbljNK1+6bumnZrqd9TiKccDKhWk6i5fdTbfK7Llu7vqn1Xbc8o/as+A2oWXxG8Q+PfCun6rqnw8v7k6hpmsQ27TwPp85DxJNJEu1XCt1wMkdjivuH/gmL+2Lr/wCxSniDXtO0+18ReG/FsiweK/B2sWccttqOmcLNLDFPGyGUIxwHVufXNfL37Mn7blt4V0tvAnxZjk1zw7Z6ZcWtitxaJdRz+ZGRFBeQshLrGxzG4IK5PJFfqJ+xj+yl8Kf26PBniqbwp4/0nwH8TtKv7q48PeGbqGOCz1DTXZ2hj2uVyJD8mRnAABByRV8Z57lGXZCquNqVYUp+zhVlT5k4VHyxv7jvBXtq7ptaHzuS4KWY5l7Shyyq3nNwnblnFRipWg0mpdGr9L2ufonN8A/2Kv8AgpNpK+Ov2ZPHOj/BH48FTd3/AIDuHisNL1fUWJkeNtMlaMLM8uVWaIhMHcEIzXwJ4z+DHxj/AGQPitpMvx1+EkLnRL0SR6vPZtdeHPE1mjLh11GNTbO0kQ3BDkDI5ODXzT8UP2Yvjz+yn8Q0s9U0/WPCXiXTJ5L7S/Enh64uIYbyOCUtHd20toVEoAUEqflwMEEYx+zn7JH/AAU2tPEXh/SPg7+3T4Y0/wCKHgW/gi0u18Y6ppovNR0+OTEH+nPKnnoEzy6MrD72eA1fjGL4uccFGlRzN5lllaPIqcqt6lKnUUU+V35tI3u7KSSu9lb9m4cxeb8OYiGMwOGdOrTcXKjZxVSOnMoXWvMtVF23Vpbnkfx0+N37Knxl/Z/07Vvh3pjfDn4q6fqtra3UdhaG1gmkeZftCySKBE9mvIQhFBGBgqGNfm3r3haPx7q8+jWfiQadrtpAko1ESmWzvgqbj5hRjgsQSMMNuWwcgV+6X7T/APwSH0Dxt4S1X40fsQeKLTxR4S12zk1UfDtrhJMZBuFTSLgZaIoCVFuwEu/5eM4r+di/i+IfwS8ZatpXirw3faD4ht5Dp2p6BrUU0F5AVbYZIlmXdsPJV03AjHGK/SPCrFZBKhLC0MbONV1HWpwlUUnd391Wa5o+9bmT5rpux4XGnE1TN69OtKlWh7/77nnUcqcnK8003zJRUtrJNbJq1+w0D4o+OvhZNceCviTb2/ijwjNKY1ju0+0xTWpJVmtZXDbX2H5UJBx0reuv2evAfjuCfx58GrkX9nKrTal4VkKfbNPkf5pHto2BLKGJJULkgED0rc0t9D+ItjBp15aW124tt1zbTsv2q1kb+JGI3AjkLjG7GM9azrn4YePvg/cQeM/AGpXSWajzbqz8xkMUAPzfaIh8k0TKCDwQFY+5H65U4kw+GxUcvr1oUaycVTVVvlqX5bcjaSbbum1q/O58n9Ux0YrE0o/WcPyqblG8pRTcXqtOVatSdtL3tqjj9G+HGnWbNaXEctvPblzcRNF5TRzIWBR0KjIzyc8dueteu6HaW9kiCBECEBAoOAuzIBDdsgfd3f7P8Qz6f4X8TeFvitpsJ121t/D3jFwEa+t1VbS/c/LmTC7Qxcru3AkE/MM1j+IfCOr+G5ltL+3UWzSZgvIATbzpkbXWRAQGIKkgnqVBB6V9plmY4erKPPGMalo3v11jZp2d1dvazWjaPXy3MMPJcjUadVpLkdr6OPvWVr9Xe91/esy1p1+FXaowpk2kM2dp68BsEhuRnJ49MnHcWt3ZvGkTwwy7hgDajAjHOVwxGcMTzjg49/L4bUoyruCbtrRgMSG3AZzngDjkHOTk5612Gm2N3CBs2yuGILZ4ZTjgjsBwN2Gzk88Ej7KlXo+zjzRXLZ+d/h2tvq7tX0e+zPcp4pO7jHm83Zt6xXa3f0XxK+p0c3hvwrqseb3RNKkMo+bzLOJ92Mg5AXqQRke3tk83dfAX4Q6wAl34P0eVnHzMlqiZbgg9BjHU+hz3NdRYwXTbVePGS4VcFRkjgjPUNyR26k8YK9bZWl4HVWCouC2JH27Tg8hSRnByMDJJIwOa7aUMJV5HOnSmm1eLhF66Nbp6PX0urKyNI1KVVqNSlTleSim4rRu3VJcyXlrpq0j5h/4Vv8J/gV8Yfg/46Xwtcw+FYvE9lP4nhsIsJdQWl5C8kMTAYJVU37FJICnIwMV/oNfs2/Hj4PfHr4caDr/wj8TabrGjW2l2NpJpkFxEdR0dordI/sd9aZ82J4yGQll2kr2r+Ob9oT4eadcf8E9vDnjKKztovEmi/Fa8e71IqGu00ySQbFBwWEbtghc4I9d22vzK+DP7bvjz9mnWZtQ8CePdY8I6kuoW8lxcWF06Wl4hZDsntGYwFW+6zNHu2qQT2rxcw4SwHH+EqYfB4uGU4/K8ViKOHU0nha8oqHMqsY2cW7WVSOqvtJOz+E4uy2WIw0cZSjaFCdSMaas4ytyxlZJWT+W9+iuf3xftlfsMfBT9qPw3cXvjG2h8O+JNKtLia38YWwSK5ggiidzFcyOwVrZiMMDg7Rxjqf5dfhn4Jt/2W/2grLxV4ZjsfFOn+APEV3JZSKo8nWI4JSgZZSeCQc8Z5yc7TXp03/BWb4x/Hb4ZWGlar42tEQRLa6tHpY8i71WJ0CO926MpZHBywXAPJJxwPFP+E6s7u3jvJNhCMJBGsgcneS0kpb5iWOSHLFsLwSelfZcB8LcScJZXmGW5/jqWLwmLpuhh8JSnKrSpUZ3jVtUcVK1WMrctuVJJxV3Y/CswwuDxVfmlS9m6ck5t6XknF9O3Kutu/Zav7Rrp+0f8bvEfxl13RbbStQ123htxYRqHNvaW4IhiDYLNtyScnv6jFeZ6f8M9NslZYEjjCsA5ZcnkAEYOQcjgA9Rxg/xer+HNf0rXmuJrO4t3aOXyJCjBtjcZV+oG3GDxnHOcZrtG0pZAwijTk4Y7RycAF88LwMk5x15OMk+/UxKwFOjg6KVKhhqcKNKCuowpxjFQim020oxVtW9DtoUcJKjaKi3BPVPXWz3Stu9rXe/Q8Nh8E21uXbykJUli4+XcGycZ5wBjgjGc5HAJGlb6RNETJHGuxThFCnLAg/NkL0PQHp0J+XIr1IaQsp2vjIyDvBXpyDheMAYUZB75yaji0ryY5FJJUn5l2gEA5AKseAD0+h4xkEeLVxc5PSTak21eS0d0kl1d7+jta5jiMNSfIoq1lfmT1vp01aTfWy2ehxdzFdrb+UsO8qqk/dJCgkEEgYG3pg4AOOTkmuftnja4aNFKSByrqxJBLYVjlvl55Axn3GBz6Ktlco7CPeVBYhMEb8DPJOM9wSRjIPTOKrS6fHLK0j2IV1IfghSSMYPXJJOe5weRjtg8XNwaa3tb3m3tF38r28/S9zyJ5XK6lSnJXu7tvRNx2emz6O6872RTiS1jjIaNWTZllJQ/eJB5AJIGCy5I3DaBnkVMlho935cVxY2iwn5slVLEnJwQoBwQepPOMnNXEt2k/d7Ytu0rglc7hk4LLyACuR0AHcncKV2mtwoihi+UBT8jMvfG05ODkkE8jOQSDXk18XFyfvNPS9m09XG9t+9/Vtrol3YfJMXio8tOq3FpNpSd0rRdu99NVor7tIrXHgHQ763u1srexjlMTGBjCNwlKAAcgblHGT15IUngVnfB/wCAenS6leazq72Ws6291ILK3nRTHZouQCE5B5Bx904zwDWpNrl3bgosWyTGTMsXCKF29RnrgnaMjJOOuK6D4WeJbe01a6juLuKG4uJHktpFfawbnI2k5Y84bq27IbuK9HL8ZUTnySi5LlaXM20nZNp+q97Vrpe6seBxBw5mWHpKbc3C9pKMnrG61erd7Prp520PZZPCj2Biivp4rQAMFEbAxqqkKqKoU4xxgnBI5A4OK194KlYLLAYruMYL5f523AHODgFSOnPY8cYrqbyQahKJstOHij84yJ84zglkGCMclsheM461rWD2M8JW8uGEdsmxY3bY0qjgfd2k47Kew24JNeysdiJxgnVbaeqVracrTu42von006dH8bTw8cO7VIXaau2+1uq0et07dbJ3tc8L1Dw9cQM0cCR2zqxU7m+8CcA5yFA7AHJI7jBzkXemSRRAFI1dsqWV8g4zlinIG9unHpgf3fopNGtbmOQxQrPbl8hJSBKpOcY/jA6EEHkkkHpXG6t4ds9872qJE6gqbaVtxc46r1IwD1UjOQM8nGiqVqkoKXNdNWtdJp2Se2uvXR+uy9GlmeHw/LpyWs7XfK7KOy2dtEnZSa6PRP581GN7FI5JIQ8e4qRGRufGRnliRk8nGMjqSKwriSBklkiiuEZkyy8lWLAELvOcFeeOR0JHAr02/wBNXzJ43jVAo2rHN1IxyVBJzkjggMdxUA8iuamt12tFhIokwrxsRk/Q9fXkk8ggjGc9fs+WTcldRSkrS3e2u1rXV03pb7vpcFnNTESjCFZqLav7y2ST022au7332VkeT3kc8RBa3kZpCxDMhYBc8BsjnJ6AYxzgYwahNtCyRFIAzsCroSUkY9OFbBzz8ozyRycjjq9f1vStHs7ie4uBBFDhVeXYVQrjgKTuY9sKSevOM14rqOr+IPEzTHwy8NvbEMIr27GxZc7iPJ4GcFcEYPDAAnGacsvxeMUqlGi+T3eebirWvFttu9r76Rfm0epmXE+S5BThWzXMIU5y5VCnKpec5O1rRTUm72WkX0et7naXk9paGOCc/Z5C2yNUGXcEZLADkgkgZGMkk5JORlx2moyCaWDT5oo1bzI55QQJATkEE5CqTyM56HOQTWJ4Mg1LQpzP4uh/tK9JLW11cONqjJ/1SMeh42nGDkEjIqxrfjTU7hLm1WRY43dvKgRlVlViQoJXnaP7oPC96mWHy/LlCdWftKzteMbK3w6yWidnotF26nyGNzjH8STbwNJ0cG0lCvOPLzKykpJdXr0fW+wiwXd5LOdT1KC3WMqFiikUSnGSDgEnf0xgfN93rjGHNJbQCfyd8k2SEkO0tJjAwB19CRxjH3u9cQzalPdu8EM4dSXeZnOGzkZBzjOe4J5+6OuNqBNQZB50TPtxtLIVXdkgnsD9CMZ45Arhr5rTp1JThaKaTsknfRO70TSWve6el07swuRTcf3k3Vk7NtrTpa3aze993v34Dxl4ks9D027u9QuYtPhgVnuJ5CFUAdiTtAYjGcnOB3IzXhOq2Ol+O/C+o6pa6hDeW89owijVx5L5LYwqnGTwM7vU5IwBzv7ac+o2fw31FLQGN5mLTSx5I8kZ3Alc5wpIxgBeSe4rwD9lXxHrviLwJLoKRyS2VjciKO7UM25GGCjtnopOCCemMda+MzDiWlXxVXKakbqrQlaTTburaLokk3v17H1+V5JDDSpYuOjhUimlrZpQva9723e610exU+H+i29j4g1ieFNslrfIoj2jDGJiMBu4BHTpgL/DmvtPRNWN5pweUKvkkxtFkZXgDKDqMZBI+brjjgj56fwfrnhnV766a3l8i4uRIrJEWVgGB39Tgc55IOcgDmvS/DRuvLmHlPFcPIrYf5UIY84Ujg4yCQQQOOvTxsHBYaMoRjGMU3olZS2s9U31W2mj17/U43Ee1qK8pOVlffW2qbWvZadfTQ9HN2clY2kIzjaRkKCOFGBzn3xjscYqxb3kzZQxvsXBYfKM884YAjBA59Rx9cyGS4RirAFmABAUgnGMsTnnBwRjg8/WrHnHcy8pIeEy2FycfKBgg4yep4woGO11K0dYq2nKm23o7RbS13b+e1rO9/Nhh6nPzJtp25Urr4rbpt6WtbT5aNO5eXAZtiIoyC3zEHYSpHbOc8YGM8nORxVG2uTEzq6LkKPmZupbOTtGTgqeQc5PZehjkjZhk7HdTkkjHHBAz90lQR0wDkDHpTxIxB2ZLEYI/hAbHJ54z6D0PfNcblB2btJXXKut7K+1mul0u97WO+nSqtpcre267W762vtaN1a+++zHdRqm3CrlvmbcNzZ/hwcj6c9xk9KyNS1COFXmOFWMOzYI3ABT1yMDcclc46471YCEIHKgsOSegGMj5vUfKdw5zkZPJJ5LxFK/2K8WIBTJE2cgEn5QWx83Q57YyOnfGcLc0YpxS5knFp79F2te1tb9LpWOucalGk7pr3JNK0ndqKbs3e92lo7X16vX760j9kr4x6l+y3rX7R/gjxHbWNlBps13ceHj+6urvRbZ2W5uZLouoJXa2IwATjI4Ga/KO68QDWR9uu5IRdG8g89Yv9YAsiglzgk72yyliWOOgJFf0NWHiaLXf+CdFr4M0TxVaaR4kv8AwNf29rp8F2nmXxSVhNZrAjF1uJMFdr5yCGAyRX822m+DvEEcdhqctxbxg+NtO8M3mmswN55hnQuZQeDsGTwMjIAx/F9TnWJo8PYDBV8zpYbDzrTdPDKNNKU6UIUnCUpaublK7Ur202sfMeFuRcT8fQ4sxdGFavhMnx7pTlVThCjytylThpFuMeVOPVa37H6nfBP4Uj4r+IdEF7qE1jbW8GnWtpOyAqq34S0LsTjaqRTFiccbevUn7A+OX/BBb4baP4G8cat4X+Kl5e6vpmnP40tbLUkS607UtVuIftU1oktvs8qPezCNSSFyM9M14BZ3ieBtAu4tLuZdPkg0mK3SaI+XKtwluCHUqwKPGwyvG7IHHAqX9mr9vv8AaE0LxXYfBa/vF8e+GviHPdaO2q6/+/vdEhdmjU28r9VjUYCsx4wCRw1fyR404rNZ4CpxBlNX3cFGpXqKDanemnK/La8qa0TVui7n9TcDcGVa9TBZfP2FR1KlOliadZc3tKUpwVTka0jJQ92Ltq0uup8IfCr/AIJmvLqtj4i+IfjfTNKWWeS80/w1Z3Btpnm06X/V3FxI+xLeQLkA4JHHpX2lr/7LOjeN/B2u634E8U6K9n4HsJP7YNvIjpb3MSZFtvRjz8hXJPzdcDOT03/BTzx7o/7PPwz+DEuuBbKfX/F90NY1CwjMN5f6WpZ5LOORCrKj52krgjknoc/Tf7Bml/Cj4v8A7GXjm+8BNHoT+ONQ1b+1oXm8+9too1Y24lkkZ2jRsAb2IBycZO7H8yYLxG4qwuByzinF1sRCjHFWqUab5KCopxTlUSTvNrlunok9HdM/pnK8n8Pcnw+acKU8iwWIeOjQo18RWbqYyEqs1DmV7ygqcpPlaWl7PbT8JYfDV4s0js/mRJcSW7TAkou1mBZOMYypwRkEkc1+gv7KtrceF/BEmpRWNxczXfim7jVcBhLELK42t5YwXTAJDncOB0Xp8z/GLRH+E1ldWXjC6i8Oadb6lfJaancbWa+tLZ2KyQ4wJCwyUYk9RtxjNeDfB39tW11f42eEtN0Xxvb6T4F8O6c8c1tND5cOsXv2We3SR1bIMrSSAKeSxORnqP738HPG7KsJi6OYPGRlhsdldXDqrRlGfv1oQXLKb2jF3c03zNpK27X8+cZeHOScHZxDmpxniKeLpVcPQquLnCnfmjVtzK/KrNNpttq129fpjQtTF3Lrk88PlzN4gv2VMZILXDgggcgjPzY/hJ4IzXqVtHa3NzpbXjF0eWCJ4UALhHZVfAGCSVJCkAnnvzXzZZ+LLLwqt9feJdQsLN9V1q+uo1uLmO3O2aZpI5ED5yrKwIIH3TtzgivQrH4k6DLeadqNndC8gsZIriQ2ZFzE7qC4hxCdzu20cDklgTnPEcVZvhsxq46tCvHlr0W3aUefmbc1LlTve0r+ei0ue5ltfCxr05VMVCNeNTDyVJyjGXuVISi1FtX0V7W11v0t53/wUb8S/C3wf+zN478MeHJJoI9V1SxtLW0GWddZcBrkzkAkMGOQNwIz3IXP80Ph7xZrGgXUMthqN1YXFuuA8UriFjtX7ybgrFscgk5GenNfqF+2H8e9F+IfhPxX4Cs9A1vQ7qXx9d6s8+sWk6C5lQKpNmZoldIn25ABIY5wDxXh/wCzp4G/Zv1zwNrmqfGHxDBH4tt7oW2n6CIHtpm04yBZ71LgsI/Ohj+cIV3ZOBgEE/yvkj/1cweY4v2Fbmr5liMQoYanJ1ZxnU9yUYxvulz2WyfXr9N4759DxC4qyCjgcdh3QyzhzA4KNbFS9lTVSnBSrQc5rlupvRK+iTV1tifD79qjVtLtRa+IrGPWhE6hb62XbcIhOBu6qQAMg+uSTyBX1N4Z+LXgfxsYng1qKxvZNh+xXziFwQNxGTweuOAeOQPTzH43/s9fsyWfg5fGXwM+LS397Cqp/wAIPdET6vcMUXz3MsbARxRkk7HVm2kFegx8oaZo7W1pBNHZFLlBtYl3WTJGP4cMQOm7IwR34Ffo/C/iRmrgquGrYrkhJU/YYyE4TXLy2ilOz0Wjd3tfTc/njNuHKGCnDCY2GFxClFSVbCzhVjLZXUoXV1tZq9tbLU/cP9nWGym+IOmz2s8QW6tLpVkSZZFmZVPIK5xjqAcg9M4PP1d4ktXt7u4lJJNuHQHOGwWPTHQjPJGOg5HQfmf/AME5La61n4tDSpZLmUWmhXdzCk07yrHIqMSUVnJXLY6c84PODX6x/EDRja3l3AAQ8lujOCRkMOWyA2QQeQB90DnqDX9yeC/EVbiLLpYnFxhCTr+ztG7Umowje7duruvLybPsciyjDYfhmt9VhanGvJqMUubWMW+9rP0eqbR4cZJbzxZ8M7dwrr/a4VgcNvDsAuTz1zg884Gc9Kr/ALZHwZXWX1AwWUDyJYLPEGiQujLyGjJHCluS3UnI54zc0y3I8efDVc5H/CQWynk4x54z3OB/DjGDn1HP2d+1Xoken6o6SIiRz+GY5zuyRuKbwOuCSTgdOODjiv2LFRwOMnWybGe/DEUppwdrx5Ywd4/g9LK2l7q58XmuFq08NVxUINOm4c7cVq/d3vtolfrdvTdr+bmz0rxJ4Fu7+3tNS1Tw/PNG8NzFp9zPbQ30DrhhMIZFWRWU4YMO5yucV1Wg6m2mSafdpaJOqlzcKxz9oBDeYWUnJYgE5fPc553D7v8AF/wm0rxz8PpdRsLVB4kt52RZo02s/QqsjAcg52gY7eoO78/9ct9R8LX8tjqdubaezZopkclAdgIzkhVLMACzLnIzxX83cS8D0eH8dWx1LC05YSu4v28ILndNyTSqSS2inrvorrXbzcPnNWpQpUKlSbhTjHkhzXUFJw5pKLaUVfflWu73PdF/Zr8PfEXSLLxroWu2OmXOoTSPqOnTSK0VuYiZTGY1KmKRtuEY5yTwpINf0SfADxtY+Efg54GtbPzp7TSvDsGmXfynYskCJCzBiDhSykpjAIIIziv5XvCHxJ1HSvEOntY3bRWL3sSS2bSN5MjSzLG26MEIWVWJDbe5A7k/2G+GPBWkaz+zl4OvNDsIbO+ufCel314I41Xz5DaxvIWUDku2Dnqx5AOM18pllbCwxGIilBRqOEeWLS1VldXtdNtvTRPTsz7zh2eDqqVWjTUKyUVVlbSVlFu6u+ZN6pXVm7Xsek+HfFmn6/pOnywtHOkqNGxBDNE7Jjy3Ubj8wwCPlBOQa+dvi54JWwe+1OyjE9ncpm4wDmBySwZSMshXPI44BBrgtC8Q658O9X09biNzok1yJblFLEIA2JGx0QphgRhcDPVcV9Ba34s07xBo+ovYeVNb3MSzEHDB1ZV3DAHDrjbgkc8FRkUc9bL8XKpQc3Cdk0r3SaUemmjX3+R9M5wkmtJSTSaa291Lfq7pfPa3X8+PEnhqTV7aMOwh1G1LS6dd7QqyxoMGC4VuGWQArtPQHGDk18meLvD0tjdza9oNu6SWNwH1mziJWaxuUYA3tuF+ZY943hlAU8jOCSP0U8Q6RDf7rjT1xEYyPIzh45UJy6DHU89Bk4yQe/z/AOMPCExlfUbBNmqrCI7qEgiHVLVuHimHAJKkgEjg96/T+EeKXGKwuKqc0FNRam9m+XTXXbRN2u9Hpq/jc6yyliHKrTjerBXUtpX091u6fo1pfTaxq/BX9pSXX7G38H+L7lYdWswkGk6qX2JeR8LHHcuSuZOgydxLYU55WvoGzv8AydYurWRR5eoxcPw0Dgg7wQRtZZex754OPlr8q/F/hiXQbmTV9KSW1sp58SxEuJ9Kv8livy4IjLABHIA2jkEg19GfBL4xDUGh8M+LLonUbRFTSb122rKAAEEsjEcgAcseR1UV+sQo0Y0FisEt2pSpp2i5Plakr67Wutr2aT0Z8K5Tk6mFr+9SacOVrVXsmr266LtfXvb63tfjr8cv2c9N1FPhZrE8ngrVdVg1HWPCd2ZZrZWgnV7k2KliYPNXe2Iyq5IDAhQB+5vw08ZeD/2mvh/4H+JXg+ytZNdit7G41EW7xJe6Zrtisf2mx1BNvmbFcOIzJ8p42tuOK/Ei01PTNVszDeC1lAWV5EbaVeMjDbSSQWIIbnAwQT/tWv2ePjPrX7KnxGk8Y+H7q6vfh/rN1Lb+K/Cpd2ijimkCrqFpAdyrLAG35jAYgckHp81xDlFHiDL5V8tw1LCcQ0HKftaSVL69DlSnSxKgl7SbjrCb1ukpN3PzDMsnxPD+ZRx+HqVKuX1XFVqLlKXsXz8ycFsk+azSWut9Uz9g/wBrrxU12vhS3n8yK5s4HjuA4KuSFVXbGRgAgg/Lx7V+Af7fdmt34csL4EmI2ssaHJwZHPAHOSxGARyADnJ/h/YP9o74q+GPiLo3g3xr4U1S21PS/EOnyfZZ4cHM0qhpIZlDFo5YWJjcOAcjkHmvyD/bDgk1P4VR3anfc2WoRh1G59qryw44AU4zjjGOOa7fD+k8shktKVNwqU6z9tBq04zdR86eiSS5mrNfPS6/VPE6tRzb6NnEmBwjdWVbKa00qdpS5oVFNrlVmuumjsrdLr8lfAYP2m+hxkx2pQqDhg6gknkjI6HAOCSOO4rfZ2+1xNFCrSC8BZSBk5uEA4wBuxk9SBnp1rF+H+sodc1W0dikskrRouQRgMwYZ2kjHGcDGAehBNdnbxwy6zJAzun7+NlI6k+fGFztI47DjkHpwa/qeuo18seIjrzUJXd00rKMXq9Nk9LdFtbT/BhUsRhs7r4apHkbjTtfeT91PdK9m7Xb0aasmf2Kx+L/ABp4E/4Jz+E/Hnht5xqHgTwz4f8AEl1bxlme40izKteREqCfLeI88ZA4J55/IX9vn4hWXxkvPg98QbBYz/wlnwkF/Ktu4MVrPIsgmjABBMm4fOpGQAQccgf0Q/s3eGtK1z9mD4beGNatINT0XXfhhZWWqWFyokgu7W5tFSWORGDK6MhIORwcEcYFfiT/AMFKPg54W+HnjHwLo3g/Tk0fw/YeANRj07TYspHburzSyLCpJwoLjagVQOmBnn+PeAMxwP8ArpmGFdCMcT9ezivQqwSSnRqJwqUpvS7jOHNHTaUrWV7/AK34n4HGQ4JwWLWInUws6GT0a1GpJtU60KsJQqxWiUnCaTd9bR6JH8qfhL40Wfwh8TeNUv7G017Tb7xxGup6TcxiVms4ZRvkXcGyVGSR69uw+2/FPhHw38TvDOnfEb4U3Ns1hcQ+Zc6XbEBtOndC0ltNGpBi2tlSCm3ndyOn44fFovZ/E/xvB8yq2uyqA5b5Szk7wucZ+Y9cHnGcbjX13+wNrvje4+KN54G0G4mn03XrC4e502dnks5Xjj3K0SMzJEzA9sDIPPGB/NvGWeV8u4szeupSpWx1eDak01y1Ha62Xn93U/1B8IsHQx/AvCuW1qFOrTq5RgfZzcE5xlKhTlzKXR3vbey1PsP4P/Fa48N6wvgvxTG9piZYrSWdCohlLj5Cz8bJM4DDPyt1DCvqf4/w2+o/BPxnNEkcijQJpFMTIxGInYOrKTkNgHIx8pwc5Kj5t+Knw7h1b7ctzBLoHi/S2mVI5Q0RuTG7bChG3fnACHJKkAg8g14rafGjxFo/w88a/DjxkJJrm80u6sdKu52Ys5CMqxjcTu25GME4BA9COX+33m+Dlz1E2oP3k9Z2VrSavre1uj003T+6x3DtTKI1ockuRwbgmm7KySevez023eulvjLw24extItoWMoRIDnGFbBLAg8HjgnpwcEAV0NzCpPyFMArtAySAMDgnjBwSeeMdRg1xsOka5aafaXVvIGZ0KSopBwA3BCcn5gRk9QefUFLfVtWjcwzRKQoOGdNhPJyASMZ7nGR6dK8WM5QaWzSSa2092yurb31V9+73/J8RhFKrU1V1NtdOVXi0rv5363b9TeuEJyE3devBAB64OOATkkdD6ZOKqNDM2wRpxuVWV1y+CcZJyGx/F154BqXT9Q851hniYMpLFmBG372QW6YJ49QRx7dAXgZwsSpnhmG7BBGMAHnI7DnOdw4JArqo1W48qafM0kr73cVs2m1vdJ3Xl14KuHnC0k24xsmk2r7bWVrvXbZX0WxmRo8RDiR4mBwoBKjcAFUoVK8g9GXkYxyOK27LX9csmQQ6lMyjJZJZXk4JDEKJC3B5BxyOvrVS4kgwEGEyVKggNg55IxjGTwc8cY4NVDHmbAfdwvKrgFTwQSNqg9+evORiuydTWPNBacqjdpWk+Vve67JbvVu7ZjTxNalfllta266rS7a1SXkr6Ld37ZPG920LRXlrZXXJOx41VyCOWbjn2zz6cdfPfFGq/DfVZ9Mh1/SEtr6SU/Y5ogd+7POCPkHzdm4IyCuMYv3sDxxFxEMkDB5JZQp3LxliQpBIyQSM4614V49gJ8S+DIkO8SXMoKq3LEsMBic89TgHGNw5OBXHVtZtOLu4qSd0krwVl56WdrJO1rHqYXE1JytJJ3j0SVl7t9bJa/d0snqfRFho/hmWINp2reSm0KsF0RlFGMBjwcjpnjBOCe1W7nQpII2NvDBeA4w9vMA5+8flXJ7H1zx+FeYQaXeIQ8UbIhO0qoJJCghmz1GcDPOOuOorpra11KFUmRpogPlwpkwQ2PmBJwMfTB7cjnCrLkdnJvTtolo7X6q260aT0euvQqlOSX7tXut43ttu10dtb6LXoXYbaeMkzxXtqTkMGjdlIBXoVBCggdSOx9sb8RQxZh1AEkjaJSVcNydrKyggnjPJGM91zWEur6zYLmO8abDABZY/N4fk7gRkHA6ZGT0PUDUt/EHnDbeada3CsoBcQmIlwMcMBweAOCAx5OPmBwm1ZO6+zonezurN99dWle3mbxVOeiajeSv7yutVrrpZO997aNb6yl9SWPzGWOcBhkphiMdRwcjbgFmwFyc561OupbhmaORE4CnYQRzxuOOR1OcDIBPBxUKjT5HZ1S709WXhUlBTcQccEnqMZ+nOKdFE8qGK31qCRs5Md5GAVA3YyQvJHBBJxjvklq55RpzaurK7122cenR6XdvuSZt9XaacJJdr3XK1azae7tbZrzsi5c6hCygJNuYiNgc4C5yMEkD+9zu+XC9x14z4nXUbfDvxHCjMxkjjU87ixJPIyB1JGex+9wMEdFeaZqQj2fYIL0Fx+9s5Vyx64IXJIGCSDyCSflP3vPfG9hqtx4c1Syjs76NpFjCxSwPlmUgllYZAyMYAAbnI61xV6MGpuFtLarV3Vr79e22+vnvQjVhOLadm0rrXRcurWstrv3b79elr4RNHF4e00vwq24DKxCncwUg8/NwOByeQwx6fQenmJ3QlUKL8qngtyuQSegIPT1xg8jj5d8HJe6Zp9vb3J8mdIYyFIITAUfIQQpyBjtkkkehHrek69PCg8x1ZAxzg5GRwG4PYHqODkAjhhWM8HPkUk1Zq3Z3935aa30026SM5zqwqtOMnZtK62b5NXdq+2nbbdtnrrJG3yEBirdWYEDngcc8jjHXB71UuLdHZUlUAAEkDaANvyqGAB+XPHJwM4GcCuUg8QRnAZlAIB2kMBnIPykEnH4Zzx1Izc+3BmD743OBjnlQSMAAkYwOqjgHPbFcssJWtaza1WiuuZWfR6bpa66LfUunirc1rLa7bTulbpdtW6aeSfQ1U02EyKud3WQ7WCAYJOMnngDOSfbpUM+jpIzcZUKxVQAS+flBGV6D17DrzgVTGrsSzAjEfAYKcnrnucZHGOg4yOeNWLXIZVXeBuAALZA4HG7HQg8Zx/eIIBxnL2FWLTTnbqtbbro7dLbLe7saRxPPFxSUX0clypv3dHfdO/XfWxyd94QtJWzJ0wcbj82cHjuOPr931wRXm+ueBbdgHABHzZGzJPOQR3IwR3J3A57V73NewzoxG1ccfMoYsT2ABxjkNjPPAPFZF41rIjGQINoAByAwJPXbuwe2QehPGSOddFZSjdqybd3vbrt6vW/QSkopWbV2lzRbd9krW0X5XelthP2ZLVdJuPE1oGEarOhUSFUY9xtBIAGM8cEkc7SePtq1v8wlgwLAjgPuLMrHHHA7YHU4HYk18X/CnwU/ibVfEq2l9c2M0MkbI8BKoxxkbgMZGP4c+uR3r2GbwX8SdDMj2ly+oQK2QzsSoyPlJGDg46cEAEeprwsVJRrzUYq6emlrrR3fkvm00k0tb/ouTVovL6N7u6d3fXdW1Tu3Zva3e9739hutRWaZ5A5LFggGcgMud2RjoR37+ncy794SSN0U7TtzwCSeg9Me468etfP03iHx5oMx+3+G7iaMkvI8SMynBJJ3AEcYHIOO2OKVPjGsDCG5s5bN/mDxzWzsAR3DYXBzhT2x7k4jmScHbV21T2fuvTVrs/K/ods0pK7bukvJrRO91pZ626rTqz3yaSYAoxLyhOGBOAWPXg8Aj/ZPUD6XLeUCHMqbTHtDKSDvYYHQkngY7D1zmvINO+Kmh3QVZpIzJKc7o22OF6E7DgjHGR2yAMjJrutN8V6DdOwF385I2rOMIeCTnJORnGQBkdeRjGiqRU25O3NZNdbu1t9b33Vt7eqz5UmpJ3ukvPaPezet93Zv0udA01tOkyy7gRkIGXgZ6ZI5644Oc9siqEmm2c0Tho4cABW4RmkzkgYOeTwBjPqBkACWKewnlcwz28rSnOUdVVRxwAx5JHGRwTnrjiwttC/nBZcsTtXEgx05wACc57cHnpSbu7rS+1tH00duvdb669ilzRfu7+81bRq6W1r79Xp+Fl5prXhfTJ7iBZLK12OQCPKVZMlgcnAAY4579Djjivyo/aNsYtM+Kviu2t4kijjg09kTAGMoeO/IAyPlzjOOMEfsfJZCZmd5MtAyeWWBDHDAcdSG5wMj6elfkT+1BCo+M3i1cMT9hsHAOOBtOATzwQeRz1J7ZrbCr961bV6Xtslo4p67uz66dNUzgzJRdBd5OyWumjTV9Fd73dtNF5fCeqHF/eEAEl29RyVQjHTJBwwBIweozRpuuaroN/bXmkXs9lcoQwaFmw5UglZVXaHXgZBBznjPebWE/wCJnckKMmRQoAyenJAxx1xx6DjFURCZLiBAm4lSMZ/iHcjg9hzuOdw6HGfo3BunHu2lsm9lbW+l1pbVau6vc/PpuVPFzkm0m9eW626NvfZLz89bfTWifELwj4+s49J8fWUOlattEdp4gtI9m6UYAe5X0ztJYkfLkjgDNXxf8MvEPhe0i1rTWTXdAnZJotRssTRrH8xUyrGW2YBwxJB4IXB6eCLYzkkeTwh+UEdPxbIHX+Y6g16F4b+IPirwhDLb2d691pcxQT6NeZms5EDEsFRshCR1I44B6YohCVLncZXvG6um7NW1tsrWetnr95cquHxFqWIirxfuzVlZq1tW3o91e8bruZEmdQu7eYx7GjnjEiEhSDvHyjBA7EDAIxng4WvoK8RotE0UyBlAGcFuAOCAGHPGcfgSMc1taLpPwv8Ai/Z20OmzxeDPGpCmSwmKpZ3swGV8l8qu5nACqehzj1VfFHg/XvCOn2mleIow01rOwtrkOHiuLY/daIjII4GRkjjnPBrlr1E6Ti17zd7a9kn30+1o1vq76v0svwToVfaRlGdPlstVfaLfMuqsuj7u1rD/AApcNFqVm6MQv2yM5ZgFxkEqC3XdwSBzkKMHv9feHtQjl0+aWJgZjLKpBwQAE4BY/KFwpHPfAyO/xPoq3VxdQxWy7nMyNCNwBzjG4HAz17kbd3HPT6H8P3Oo2en3MNyk4kWXYrruVZGI5VmHy4HDFgBkjPoB4teEZclormvs+tuWzV91H0bd0r3SPpcNUtFtpKCtbq7pxSs7J6K6ununrqcj+1DLIq+By4BL6DcIhBABzM5GQM4JCj1PBIGDx8l+Hfij40+G2vQ3PhvVZoYiUNxYysz2dyNwJjeM4C7uQdq5GMcHp9ZftJJJc6X8OJnCq40i4w+CNwErsVznGMj3I47CvgzxGCLtJGJADIVAJG7BUE9QD3GM4/Un2MPSi6EV8UVbWVrx2bVne9ndLbsn38bHVp067lTnKL0aez6Xi1ps01vd36NK/wClfgX9ob4XfF+3Tw98SdOs9F1uRVjinlAS3afgDyZ8ZiJbDDc2AcYzzk8efs5XC28mpeDbmPxJpU6Ex2TNHLPHEQX/AHZG5ZFAzgjGQRxya/LS3V21GYD5Nsm9SMhgcDlW6gnJyeCD37n7I+C3xv8AGXgq8tNP+2zappjBf9BvZHkKqevlsxYgYGFG4jA4XkiqpUvZtqC5lK8eWSTSs1tfVNPS976xs07XiOY06sY08XFX0UaibWiS0bTWv3eW55J4u+E1wlzcpDbNZ3UG8T2E8TRPkZBIDBQwY8fLwTkHPU+S/wDCNX2lziKWF7QD5ZVZHDcMB8rAnJP3lxkrnBOMmv2btfFHww+LNuLXWrC0sNYmXDEqkF5E/wAwEkb4Xzsk5VADxn5twxXD+Kv2W7yWB7zTUTXdLkDPHLAEN5CpIPzpyzbR3HrxtK1uqd7crcW7e672bdtFe1/W8umqZE8OpR56bVWDWnK7yW100k+6Tvdeisflhbve2VyHt5ZWjAGPmdflGPlwpPTpk4BweSOmrP4q1VpLW0ineOOVJIH3sT+7IyUBZuTycg4Oc++fozxN8E7/AEu5vPssMrGFH3RSI0brgHIZCAc5GOOPQ5PPzD4k0y40nULZby3+zMkkibT0BwSCpIx7DrnPQc4hJ06keaN5Qdtr2Ttqk0rW0bf/AAb8ME6fNa8eZWcb2s7xas9e17avbexSextZ8naC+XUvuAIzkgHHBOeoHTGQDisG406W3BMTFhk7Spwp656Z3Huckg+nXF+3uXkaQA4QM27GQyndz8p7Y+VcnkDg9d3QWbQudkgDoPlGcABjlskkcnBJwPvYwQDzROo1JSWmysrX3SfWzd7ptq+610Jpx5l7ytypXk7eS3vZ+remuljzRb2/066S4sbm4sLm3Ksk9rK8UwdTuLBlIK44POevrmvqn4T/ALZXxS8GXMGlaq48Y6IFUSQairm7WEDaVinJyCiDALl84HPIz4tdaXa3E4/dLtCAFwB7cEY5IHGOCT1JqK38NwRvey26SfaI4dsOw4yWVucjOB15HP5g1uq0laUZKKsk46W6JabbPy7LZX1w8pX5Ivm5UtE315emvXfTfTVvT9DNc+MPwM+L2iz3Nze6douuLbMX0zWLZIrlJACCILyMoHLEkAMC3GASTXyzB8BPAHjW7vW0DxYtlNOzNGlw8ZhD56RsX2sp+Y8ZbB7ivjnU7O8hu5/OLbtrBiw6MAcqMAYyRxyM5zjHNV7DVtXto0ktb67tfLfHmR3EwPVTwAwJB4GM4UYB6YrWWYU78tWhCfIuVy05m/d5dVtprbqttVY6bX1a5bbtWV7uNl2b16aK9tND6/1X9h/4gpG0+halpesQNlUaOVA7EDgYDHoOdwH0wMY8H8QfszfGLQZpUn8K3tykRYeZao06nbk5UIPQDG1uOn3eKi0H44/E/Qn8nTPFup4hBYI8zuvQAEFid2Bnpn2wM16Tof7aPxf0loEu7qz1VI3JP2qFTIwHGGLAqdwBUAjHOOCc1jGphJ8ycJK/Tmdknyr0svw262c8qaXLKUWkm+ZN3tZa/lqnv56/MuqeAfF+kb/7S8OaxakFVzLYzqo/EKO4G3jk5OSea5iaymgJWWKWLHLebE6nI4GcqMAZHv6HoK/R7T/27obwp/wlngDS7+MIVkVILfL56nDJnOc/M3tjA4PSf8NH/st+K0VPE3w2isJpPlldLNDt3feYGELzyTknOB1VaTp4WprCq1d680bXtZW93zWiTt89WOM+W3NFu2+i/lWtlZPV9fxdz8szFzljkYz3HGTxg/dx1GMDBOcfdKxQt50fPU/MRjkZ24HXqcDjrnj1r9UZ/Dn7E3jZQ9hqS6HPMQBG8htgGPba5YZBwO3Tr2PIeIf2Xvgjc6fc6n4U+JVtJJAu9bX7XDJJkkgKoDAnqB0HTkemTwaesK0O6u7dY7XXV99/Rolqolflctk0rS35bX1213W7fZH5s3CbZHwD1PU59skY4/P3qDB9PT9en519xn9jDxdrVtHeeGNY0/UI51LKJpEjYqSSoYlhg4xhcAnAAHINcDr/AOyL8aNCdt3h9L6NcfNYzrKGHQYAHc984Gc81H1So2/dbVtHG0vXrtfey8ktgTezi1tq767d1pf1t56ny2oJI6jPoM4H554H5cZ61KQQQD7+5PfPHTHXI4HPTAz6Xqvwh+I2hsf7S8IazCELZZbSVl4J+6wUrkdsjkHoc5PE3Oj6pZMUutNvoGXg+baypt7nOUIxnIxxkYIYg7TlPD1kr+zqJaa8u9uVu3S2tttU++g+darbpr+WmlttzFII5PXsc985z6/y5NIOv+PT8atvC2cYK4wBuVlPIGcggA4HXjPOQOQAohJOPl5I28Y6dMn8iB9Ouec405pJNa2Wnby1f6L0Qudev4dV38n36PZFUg49uM847n1Ax2GO2BnPZT8oIGMYBBzz68cjrnkYPfHvZ8sg7QM54PXAPc5xxxkjr1yBycRMhUdMHJ+9g7h056DII9QMk9OamXMunk9rLS977dfVb2auSpXtf102fm7drea9LXLCkfZJOg/eYJHfjj0PXp79yM1S3ew7+2Mk9M9ufY+4xV4ITaTNgg71GCecEgAY6d+vfGeBiqe3GeT8wB5XqevXgDucH6HNXJO0dW9F5bWv23/q6Kja217a/coq/wCPr5XG5yD33HJ4549PbOck59ccGlDEHIOCSCT6dcdc8cj27DtTgOO3IGcd/wCh79uh4oI6/Q+mPXpj157nisruKtzbtWu2n0f3afK33F120tq90noraJrovzXmCRyc5JGcnp+Q655x69eAM4L1lIbcQeSMcnB6YGcHp2I444wOKgPX1PHf8ueOowcjHvzyAfTJPf6gjuOckkHtkDmk6kmlrr+PTftqtv03OWLs7W27eVrvq9lu/LXUt/aW5yAy578HqOhH3cjBPTJ5B5JqT7SrBV2YAPdgeDg4yQMZHXOCAAT0qhg8d+me4wPU9MZHQg9PzMcHPXqP54HYYzkgdfbrSU5eqVv0626+ffuLkgtIpLyXys7f1uXmljbGCFHXjgnngZ56DjI/lUkYT7PcMjZOQMdG4ztxjIIJIK5y3ABGc5yz1/z+X4dKtRMfInQngAEDtkkZwR9AfQ/rVRaqPlcddXdOz6d9O+7s21fbU5LWd+q/Nf1899NYlklU/KSOP0/mewH09eanS6lR8gjPA3DJJHUcdz9MDOOnWqgHqM8e/HvwDwOfb17ZeBwemOfp0x8uRjAJI68HBBGacfaKNoytdrS/pZaro91f5aMp2vrstvw630t20vfROxtQa5fW4XybiWMrgKySSKQD3ADjIxkNjgDrnpXU6d8TfFmmENZa1qEJUfwXVwOn3R98DOcY56AZyRmvPV2kYJA47k84Jx1+ntz6cUuBk7SBxnacd8c5xyDjBA/DpxsnUstYtd1dNO+rtZp2W2ifbznkttdWatrZbx/JrRfcndnv+lftKfFfS1T7L4t1JVjbcEklkkBwS2CSx4z64xxyR19S0f8Abg+MWmBYn1hL5Nw/4+YhJu5GQQwwDgcZJ3dQQTivi4IDx3C8jnnufpyM+/PHUh21cAggMMkHnIAPfHb0+7yeSc04yqxSfNa9rrz03su/XoUpyV7OTWnp9m12t2rra7s+tz9FrP8Ab48VybE1vw1oWphRsYTWUJMgI+Y8R5JPBJJ3c9Tite3/AGmPCvxCvtP0yP4d6Vp2tXE6mPUbOFI3hckABQqKTljluhGOMY4/NZGyASRgZ5LYIOOM889eD3xnJ7+tfBdg3j/RVzgGUdckbiVAxnHX0A9z2rooucqkYua95xdlo9HF3XXZJJ9VfTupVqivdtp2TTV93G/W/a7vtq0fY3iy7urPX7V5o1ZN7DdjBdZRv6Y4IGQOQcjJ5rUt9USURxvF5ixEM6SE7vmPy7T6jdjtj8Cax/iHIkOt20RkbcjqyjIwVCDAz1VTg+rDHO4k4jtXD7XjwWIzIMZ2hVYjI9eOnODjjB42xlNxqPR2tF6u+q5dt9dn8r3OnA1E+aN29dFZppNpPVpeWjOnupbV2BW12xMw3dmDKBnb2wcH8wRwKYGsWkw0bxoFym7ON5GeRkHHBPPHXqKpozSRpvO5Q2dpGSpAzzg59yQD+fNSFldVUoBhd2T/ALPp7cjA/HPUHz/e1V+ZbapveKvst+q36vrr68Va2zu9XZqyduuq0fdpa2urO+0Rby7RE6RuNuVZgS2wHn5jwTgdBnoegpq+S0pEj52plW3BhubohHHCnrjGcjnk5xseYS7AK20ADO1gPX8fU8c8VFD5UBBEhG7IKAhjjg/NwQT24JxzjIyQWumkk+lrrpyq7i1fW766Xe1m27tSTs7WWj0S21tbXdLfTWx2drCjcMqGQZGWx8qtzz1BU8c8k8c88yw2yqxdo1kGCqPGQrA5Kg5BBGTjBIPHQcjGLZyFgSZGV9u0KdwJBPBIAJwQcjnjHQ81qRGbzAnmKVCbkK/KGwwJ2/McgZB6Z64yQalwScVfVXbXu7JLono7dbrRNK19doTjJaL0dk77Wem3leys72RPJYyAZRFXaobP8TDqeBgAgE9twJPBziub8RxKml3YOFzE5CZBDOehzjIHB64HJ6kkndmlmifzEmfLEgLncfYnAII6E98DkDtzuvSXD2V4GKsrW8jb2BIBCZOF7cDgdzxz0pxg4yWmnMrKy1tZ6rV9Ouq+6yryiqU1ZfDa7tu9W/x9drPVnT+A7kQ/CjXjKBtGn34RV4IYpwQSAQOcDIP4YJP5c+IHL382fly0jcnn/WP39s8447kdq/TLwOss3wx1xVDsxsb/AMtFQuzy4AACjknOeASeBjBUGvzo8ReGtdju5TLpl9Eu5sGS1mjAzI/TIIKk5IJ5II5IINenWpc9CDhG19bW2asm9NbPRar7mtfmqi1g3so6u1k7uPla/TTrqrWaXAOhJY5HGcnoMdeefX8+cdKQLgHBPBGemD9AfbuD2PXpWlPpl5bkiSB+ucENu68nkDjOM/h3FQCORTtMbDOcngnI9PyPAPbHPWuFUJq97q1tdd29UrXei8lrotNQi1om0tFZdXfl/wA+if5lcBRjJOVzyeMj3Ge2ORnJ+pGAxcZ6HsAAfz7/AJZ9PU1ZKndkrgseeDgDp8vOB3+g9jgqobjGSwBB4Hv36bgMYx9aXIuq+zHTfpG9999Vp0fqFSa92zV1ZPdfy7vz6bprTTW9IQsTgZ9+P5c4P503ynBxjqOPT8PX3PbnuK0SxUqQpBC4I9yT7HHPb+ucqVBySMkYxjrzwffGe/uQOhwnTg+i+9+Xn1sv0tcz55a6307L/ga9OxmFGBwRj368eo9fp1puD6H/APVWqAGIICkDsQPyPJxgFWx05Az1FOMcTHGwLkn5lK4IxwSSMbvXg8Yz2NQ6Eejf3+mnR99vvsi1Pppra2vV2069391tzJHUcdj9e/I+nsCRjPrViX76gkEhBnn1HPHT8B0z04NWhbqCCpwcZHcjBAPPcgEdQB64xTLiMGX5TkBRzjBPcZ684PI4P4ZBHTaha12mmldapuLd7pb2v93oJyu1bzSu7Wbsk7ddH57lbHr+vt/X096AWUZBIwMggEYxxwByOp4JHU88EVIEOfTB4z+fUkDHp3PP0p3lkqSx5+XrggEAYyT29CCBx7isI7336avXRJKyv1+S1UV1Y/ebWy66Xs9tH8tt+o3zRhQFOVBBPrnkcEjoeT6bsd6kWUnnGCAcjB4z1Hb/ADn0wIPLwwAI+Yk59Ox7nvz6HHoBUuwgAYGW4JJGOO457dh7dTWurVvvvqt7NtJ72fQfNfR79U7rVpd/nr6KzurzCV8YVjjGMEjAXOCc98nI6H8MZqZLuQFVJ3kEfKeO5zjBGc9SQDzzngAVxG2BxuO3v2GMDjPHHt6cdMSojEh9mGUZJIAJxxyDwT0wBjg9CQCsvnb8rLZWtbl1dn013fvO979a1/r5b/59fU0I7piOgC7SVXDEjIIJ9gOwI9iSc1rW92BjjBwATu9B1wPvDPPOSB68ZxY3bO2RCQxIVicEA44HQFQB34wD7VoR+VjAIVlwVKncTu54HTsRjnv60NN2ae1unku/Xfe97tPqRLRafntrHRdV000/I3orw4yXwrZO0scrjAP8QBGMdcc5xwcVNZXLfamWIggHdhOC3HI3DnBz+nHSsVZFCjeC/BIY/IcHrnPBHoFxkNUdg7m8YQsCSSAFACAcjGcjOOg5OOTU2l23Vm1fRLldleVtfNu3Z2EvLR6dXfRKz0dmvkvvP1Et/Et1eNtvZ5GWDGyHzWVHx1+Qndz/ABHr97gnOdmCO719HtNPhCqYCokUEy7mwDt45Zuh/vZ44rDi8B3YjiumkjaR9zbd53ED+OQZHOM84BwBu6EV6L4MuF0q/iSFonuYNqpEqAorJzuk57EEknBx3OBX4dVwNGgozwlNRnBxasusWvidrJNabuy38/VwVOpUqxVeckm1dt3lry9X5PzSSe17v5O+Ifw08XaRFfatPp062TSFTcPEVYjI37wdu3PDZOR3zXi9gzWNjJLMSYgZgrNwMgDIPTscDnPHUcV9v/Hj4la7f217pc0scdokbRlY0Ajkdxj73C4XAyeNpwQR1r4Y13UrU6Oigh3McnmBFBjDlSd3HcdgCc/Nxyc/oXDdXGVsNCWLpwjNu0eV6OOlrXe7tvZ9dNTHMI4ajW5KE5uKunzae9e+mquuuqbemnUxbXxDqEurWcOkw3M969zGtjbWRdbuSVm2ERCLaxZzjYBz15DZFfX3i/8AZ5+NfhP4cN8S/Hms2PgzRdWtobiw0q/1dG1/UxMFIBtGk+1fOCCwIwNxyB3+NfA/jB/B+trrtrapcalZhXsrgxBxaTjO2ZA33ioyQCDkgDoAo3vGHxH8bfEedLrxZ4m1bW2iH+iQ31zPLa2y9cRQMzRqBlRhFAHCgAfe3zHLMZi8dhZUI4OGHptSxNatRVXE1ErXpUU7KmpdZtyavaK0Ztg8yweDweJhVjiauIqJRowhU9nh4OyXtKiV3N62SWmm7sO0Px9rnhi4mutAvJba6liNvJMjMsjRtlX3Nn5SwyNwIY5wORxgap4p1jV7pZNVupbktI3lrLK7IjFtxcK7HJJ5y2STn2AxzZXC+W4VssdzMqlSQMAFie3PTgH8wKF3YTuwncjBYZw2NqgtknnBz0GO4Pfr7dHA0KM41FCCqWjHmUYpqLcVro3o3p3adl38CWPnXTpurJx1bhduKenR3vrbpqa8+pvIxhjVQIgSGyTyT0TcemCD83J4wcAipIrmTaqtIxYbi5RSQQcEg4yRjAzluDyRziueWKVppC8gVMqFOPlABAIBHXGMEk9Rk5Hy1u286QR7GjSUKQikLyRu5IJ4JAzgk9icDGK7ndreya0vZWXu3020TUVrd221scFanBx92Kbe7tdWvHfbb02WqdrmpFIzqAoUxoxOTgYwOR0xwvLYON3y5GRVO+l3RqAoRS2FUOFkPtkk8euMEA56ZCy3GoxeQY4rfhk+TDfcPVjv4OTx1JyMgjnnk5mlG1hMCC25CMnYF5bgtncxyDwBkZAB5pXVrNNp8t9F0Sv01Tb0V1vrq1bKhhW224x1SaXW6srvTZNbN20ta90bMYuWkVld0AIUxh2+UbjgnBAxjjt3yw6V6JoMD3UxE8zCPYMZBHnycDaGOOeTg+nB+bIHkouWJ5csSVJJyOFXAwFPOR164yOlb9hrN3HJFFHMV2kMocjaoyPu5AIJxgtngZzxiuarh4yje27Wulkvd6XSWllprqr7o6vZPmdotLt0bsotWa0S2Vm77Ha3epT+HtRCwgwssyTIyuSY2UgkcHLAAbepBPGPX0Ww+P3iiLfHb3XlXUSEW90oYSxhUYBU6854UnoCRzk58jEc+spK7Q+dJGrM8xyoG3I2licFum3GAV781zljiC5WFGXzXfYTJgqm44DcA8HBHcg8DpmvExvD2W49R+s4SjWt/PBS166SSsm1rZeZ6+BxNSl7tOo4S1TtqrKyXXRrsru9uqu/sL4X+Lvi9r7avrfhyC9uJbBGn1XXXWWSztYUYyOs8xJj3FMkoDnuSWJBm8cfta/EbXPDOo+BJNXgTSnEsd1e21sEuZipw6LNjdtZlPGSo5GM9ek1L4r6J4T+CGn/AA68IalNYS6mPtfjGSzhWITPgf6MZwBLK8v90MUAz1HX5et/BN7qok8R6haTaT4TgUT/AG6aNkS9UEFre3LECSaXkFgTkjn0HkS4RyH6xRxdTLsNKeFcZUJOjBypyTSvCyvzXVktGrM9eOZ4ynB044ifLJOM0pN3UrLZdG1qpa2stWfRX7I/xZ8HfDrxFqfjDxX4G1jx5r9ta7fDUxjhm0m0Yhlm+1wzRSRSybSzJ2RjknJzXU/GX4yat8bv7bOnT2fw++HumNLfP4QtJWjh1LUs73nvIo2RJZnYkFduxOAAAMV4ZrPxrt9O0jS/D3gzTbbw5oGnWhW7gFsjXOp3B+/NNMUMgMuDkK4AB6DGa8F1Tx3cao8wIW1tZMsbeIBS23d94ggEsDlmOcj1YjLp5DTxGbrNZUX7SCjCj7Wc5xpQil71OnfkpSldpvlvvrc55ZlinQ+rKfLSTbbguSTbUdXNav5vW2qMDWrszSTeSVaEyEptXbhQ2BtG4fKVHLe5x8wBHLi+WJ8KSY2ADcYOAc8EK3J4znrjuOamuLlp5HdQVRy4RQOgIJwBjOMDnAznkDnijHZM6F8qI2YZLEffOM4HynIz7jONpJLY+0jHljFXd0ktHe1lHZu/m7aa2v0OG7+1vpd9+m9tf0ZduNRMqCNQfLXjJBxxnGAQAAM4yMe+etZYYsV3YU5YAngYydpPBUkZGSDzxwvNSyRxW8JUMXcN2yVY85J7Z684yBwBnmqsKvKpAJPBwQCWHXAJ7YySAOpBxkCq6rv2stVpa3n+j13D0t/Wj+f/AA2hMk7RvG6sWYE4JYYB5G3ntkHHOO5xgmtWSS4kUSbwpIGI0Ub8Y5z14Pv0znPeqrWM4hWQw7Yztw7EA5HJYjg85HUZJyeAcVBi7kDsiSAACMttIZkBxgYxwACT36ewoaWjv662t2Xn89HfTYVnfey7W/P8dvImuJGWPYwXY2CDkuwYZ6dCGZiOePvBhkYFZCKM5y3zMCfoD0AP94Y5+Xr1HWry284DSFWJViCjAjORkEDb0HHYZ578lI4WjmxICrrzgjhcgnBHoOOvQZB56FtU+l9fwtvp0frrfTevx/Tb/hn/AMEWLzQhAyFMn8IDZxkgkcheemQcd66e2aayVbgFkkMXyJgnaGyMn1z2xnB79CMRZRGikKrrv3MCCMN0wx5A5J4Xg4znnnpbW5W52W77SsjDczsMR4AIGRyAOuRxkYbOMVlUuouyetrduVpdLpLtZ9fnaGtt77aP0812Xlrd9TXTxNqQto7aQ71OCxPyyNxhVPUEYGAR0yCTnOIdOsbjV7sqxkCzSACMKzbSSfvtg4zwMk45JHGBSXekMoWcToVBKIC2SSQDlcHIAAPy+4PYV6D4Y8fweFtLm0610W1vNSuVkD3l1FukiZhtWSI7W2lckgYABwfQVxVIShF+zhFzbvZrdvlSb5dbXXW2id/KFaTWraXS9tLJWeuzd1prf8G+IPAkHhyxtp7u8Wa7uyriOBtypGVH7tkU7gw5ySTzlecivOZdNvYnDWxceYxbdllCLngPg/IDjBxuzk9ua6OTWL7VrgPcT+dcOWUlwQIiX3EKOFXrgY3HgHPFOu7l7a3kDEExoVdVP8Q/ibjI55K8YDDOO+dL2iSU/fk3d6aX0uorVNLV373d0N1EmuWNtI6tecbLS+1tL3d7N3aObsr7UNLuR5rSA+ZkMSWaRSDjAbJ2YwGxwOgzjcMqa7efX7aaRQXkuoXwOgzMmMHsQNw5P8XI6YmuEvrieGbDZdcJkElAcqMldoGMA5POc8dKxfLeLV7RJSzkXMAJBOGbzkBP0zyAccj8u+hTXMpWV+aEXblvZ7JXtpZNvV36K2q6I3aWuia66brvpfRX27a30/c3whMZvB3hcGIRouj2eWyoJ/dDAz1IzuJByQM8cYrpoFmLBI2UKWxvyuAuCQOQSVPUE9xnJJxXI+C0kPgzw35gIb+x7LY24EY8pM/L1JwRwCR8uSBgkdKHmjK7WKbBhgvypgEjJBwPXJ6Ln1BFfW04v2cd23ZaLV6RduttGtbrRrZHJOXLVvdySalo0nrbZLXp0s2tG1qT60TBaNLhSqRuHYtkNhSMnBxyTjjJHOc548a0ieSS8uTjIeZ9gzg7gSCcHceOVx0BxyFya9F1W6uZLa7KKPLEEmFkIyxUHJwAAQepAyeM8cV5n4eLTS7wUMkcj+YPUsTwVxwAehHyj5tpJ651YpO0ktOj2i9E3tpZb2vay1vos/a89Rpa2S1t2aVrdFazs+u+p3GjOz6zdsYgEMCqxTOU4VgSxIBzknDZC7jx0z6GjMimONjwuHJ+YICB945+YNk9zklsdOPONF80avex4IR0DBRkIuB/F1Oeg6AHB24wBXaR3j2vnI4Yk7gNqtt2AgMMkHpnpz1BzjdjfCwaSaenTRpXsn62aavdt63u9yKs9HdprZ97q2l9rLzV99NGTJIzTOnLIrhXbsvXPzHhs89Ox4746G1RWuLcYUp5g2kEHhSDjOcY56k9ehrnIn3kPtI3gkhcEkjBUEHnJGQM9Du7dN6xWSS6tQUOPvIq9QDjPzbhwcNnHb3PHuYS3OtHpZXt10vrv5PfXy5TwMS1zN819Y766e6766XaWm1tHvqepjywkQVWPy/MMnBXtj+EAH+HPfoTmo53QAqBuUBiu07iuQNuQDyPvcHr9eamhUeRFuQgCP5iCFK42/Kck/MBx1PbPBxVcugaTHK4woYY3Z9MgcdScnHavR5btK2+0tH0TfS90tnrfdX0HTlHSXKtUtfL3bXtq0327/MqebKqttySDgtjIIzwAMDk8ZA55B64zFuk8wuwJUsA3QA4wdoAwQceueRj5TVmYqFRuQd2WUcjG3C79rAAL2GehPPYRlt7bkQrj5suTgc5II6nHUFsk8E9FzsqcklrLonZr4nZrezeuujWmjsrnLiaqlLkjayd2r9XZt2S6bbPsnuP3rGCCANxCkHBK8DoB6Z7k9hyOBp6S4W9hZGOxZUzycddxJJyCMhhjPBB7EispwrKzEE7epLAbm7YyM8Z+UD+orQ07a11bKoUZdcq3Xgg5IGM+g2nuQccGondqV10atazu+VK69L7+b6aa4WpFVIczV+aDWvZxvpazfpZ31u/eR+IX7V8ySfHDxw0ZPz3qYPVs7QCOuOfurgkdcDjn5hZJWlJG4jKhSATzjkZORySTgYxkg9M19O/tUxMvxx8bYUBReg4GTxtHy9CcNjPb3OOR8+RIzKgRWDIC5PU7sEfewSS2D1HOTxhs1+U4uUKeJq3cItVJbNJ6SWttL662s23bzt9nUTlyq1vdir6O65Yvbo3dPr95AjPC+XBZwPLJPGGC5BBBXIA289yNvAzlpv50JChsKGOQWAUsOoUnngDknsOQK7Twp4G8T+NtWstG0XS57y8vZFji2Rt5e5jtAdwNo2sx5OABjJByT9MeIv2Ifi34U0J/EfiGwgtre1RZdRVZUYQQuu5G8wZViUIOOq9TxnPz2O4kyfAYijhcVjqFLEVmlSoznFTqNuKiox1erkreafqZqhJXkoSaSbba6aO7bV+l730ts1v8cW19MzDeXwQdox3OTwD3zgMM59M9a1rq0M1nDOgke4clnAVgQq5znjjsSx6cccGvqbwf+zvYatph1a5v5JAJRthgyQkaEAzFlVhtXkMR3bA4yK9Si+Hfwu0kx2l2DcNFEryXBkC+acAMgDEZJYYwc7u/JOeOvxRgac/Zx56s10hDme67Jry8/z8x4+hCpKEpLmi9Utbu6TXW9k97drNvf8APuOJkSRBIxDISAEI3PglgTzkjliFPPJ7VEiyBwGTAWMAbgSAORn15JIPPPTB21993Pws+FN9btdxCa0Vpf3UaSozrk8fLyR75zz1ORznR/AD4dypJcT69Ja/MxUSHACndjcuVPGeBzjGVxkU6fEuBm1FwrQel06ckrO1r3u79rW0v8l/aVCT92cr3WiVrqy0bab06Xtfve58ZeHtOuNT1WxsoBiS5lWJWkyFCs4DEk8g46EAjoOOM/WfiVbL4f6Dp9jBcwieSIebHAwMruVyxODhfmAzkc+xzim/wc8MabcLeab4vhKpKEt2DAyIVONxIc4AxwM8A4GT1sav4D8HRIF1zxHc390zK8bpIHTZyxUD5jwOOD3xzyK0ebYebjKLqNPZcj7qy2e9tE93e9+vbh80o0lJxveStZq1l7t9dLuXTVX3e6Z80ajfPf3Ml2Yi0sruxBO4gEnGc5P5dMHOOcZgjvETzI7aQHJUsUcgFiRwOOCB9MnOcV7NeaR4b0m4P9kRyXB3j5rgA7k65IIxjjk8HGR15Fl9VjRkC2ts0YKsYUjQlscFsgDKkdvwwTWrxUZ25IN3Ud7J68t2r21ir3VraN9WQ8xpO8uaStZq1r62e99LaN3W3ndni0b3JRkIkVmY71VCMgEKc/Lz2OTxgBTUsscibQPMH3QAyNggY7gEE9zyOvQd/fB4v0g7Vfw3ph2qyM/loG+UbSQoHBHAyMkHJyM5NtfEHheRo1l8NW4hAHyqBuVyB0J5XP1znBHzHAxniZapUJWi7LrdpJXS7a7O2vlodNLEwqJWnJ3W7utNNn5b21SdtEz5wCXI6ws0h3OuUJyM/iRwevQnpTDDdMjZhwAxYkBiT3ORxgA5x17kk8Y+qvt/gT5C+hDd8gYryFQnDMuDwQP6GvY9Gtf2W5bG0uNbuL62ugSJ7WGNiDhRuJPGSQCPlOD0weTXBi83+pQjOWCxNZPRRowU5dOuml25Xtva9uv0OT5XHNJSprMMNhZRTf8AtFRU46ctrXT1tsk3qtEfnC1pMjcggkYACkFz0yf7zYXkEALkE+8C2FwwCmBmJycAFunOSR8vQt9DnFfp1LL+x5azKYoNUuIvMIOYiCFx95SMkDqygnvjk1z+saj+yYZTbaXp+srvIPnSR/dL/fT5ePlYjpyABkgEVwR4rqNq2UZlZtK/sO6jrZy8mtdt/X2v9UFGbUs7yq6sl/tDu02tnyvzvrbZvsfm2bGRJArLIMBiQqgEEFh3wMDIPQ5GcHOKu2aXMIaUKxABK5A2/wDAQSQCPY9D3AyPuZtA/Z81C6aK0mv7eFuEaSIltzH5V2jB3E9QDxk4yQTX6R/BX/gkD4v+LvhnSvHWjKth4X1u1W606fUonSaaGQBlnSDAfyeRhydmVCjPU+LxN4oZBwngoYviCdbLaNWTjT9vSkpzmlF8sIrmbknq3G6Su9NGfUcLeEPEPFuJlh8ir4LGTpKLqSWKhCMIScVFylK1rtaJtOWrWzPwHmhu7vc/2d2JACgqcADljyMDH94fQ7eAcK8iZXJJIMYxsAGN3qODnp2ycjHB4r+pHWf+CKuo6b4c1S7k8YaZFf6ZayzLGlo6iRUjLNECTyxII4yFIHBGa/n6+KHwtv8Aw54s13w4tvEsmjahcWEkjDaZTbStEZNpC4ztz1BJKnODXHwV4ucJ8cVK9PI8Z7f6uk6kpwlTau01pPVrS2n4N3O7jfwX4t4GoUqub0aSjWk1TnQqxqwb5Ytrmhf7r2bVrPp8ynKEO+R8vLEYAII4GcZJAxnJz1xkjGtp+oGykhu2QF4nygAzkdQWBPy5GBkAeqnJyOwl8Cas7hBCm0KOSwGAvJJJIbGeQCemOwK1UfwPqyjcIVI3bVUNuBJByQNwJ2kbjjnjg8gj9LWJw9aMkqiSaSs/+3U01Zp3utej3PyyOWYyjJT9nJtO/Vq94pKy39eump1x+JMC6eiJARLjMgIKgEA5KNgncAvX1+bPavNdc8ST6oyuu9EXJK5YEljndkDaPfkkcHacVdm8JamVfcgZ4wQnzDC429BkdPXtgcDoaT+FNUdQRAxwvUDax2854ULnI+bOcZIzxmufD4LLqE5TjZuWrcpR0fu6X1stdbLd9tVpiqmY1lGEk2opRWiVo2Sv6XTuum67HPi7O4v5mHQcbskg9AxJABb06jsenD3KyskqsMgt5hyQQxXgDjtkDIB4IC9wNo+FNUVAY7JnYryoUnCqeWPGTgHLDgD9adbeHtSjYl7GRVQglQjYbodvA+Y/mecryRXoe2wsIpRlBW6rfpbrolbXfb1POjhsY5a06ltFZp/3Xe6t0fez6WujnQzrKNu4vuBXIJPIPBIxjkdMc89RwbDuzbFIKKWYMRjJ2sCSQeOCPugDABIPeti60y7g2zi1mQbSfunOARwFIxnpnPHGeeBWS0MzgAwyB+sZxjJHXIxhiQTnhhx1GQKFVpy1i1ZdU7X1Wiaduvr1S7qVKtB8soTvdXjyytZcr7aXTVtPmWrPTI5pJJPNG1RvCEkeYSDwvOcE8cHAGBgj5alnvX2R2vmMsaFgNh+WMZC4yMgkdycDqAOOIorXUZdiR2s+QNrlF4Cn1wMZOB0OT2xuAMp0LWJGLR6bdPsIwBE/OfQgDPTHJIx0AOTUupRTvKtTSVrJtNdO7bT7u+i+ZXsMVU0jh6jv3hNpfDpZJ7aX7NkTXjHdCspZz8okLdhycHpt7jHHH1qm7tG2NpLMTuJPBO4AkHdnLZ55yRkYIGBp/wBh6yu/zNNuEbjcHiK7SMAA5BwVI6g8DGe1Oh0HUZmAGn3UshODsRm544xgcHn1yASQATm/rGG5bxq01HTVPRXtZ6XsrPfzV1oma/U8U5Ri8PU5tbR5J36K1nF7aq9k+97aQwThWUB1SFf4icEhsZA655JBI7AA54Iju7t2kUJIxiEjY5K/LnkYGDkexxnP1HRr4Q8QzKjR6DflduABBIQ2OCRjOD0LcDPBPIzSt4M16Mo9xpF4iRncFaJwWXuF4Oee4+ox1Gbx2Aa5frVBtWT/AHkbr4e7V7u7sv0aLllGYNK2DxFuv7qpb7L25ei0807prcxLWZ3niMbHYWAZuQQBwBnHTpn8yGxiv0l/Yt/Znn/aKvvENnJp2tayumaHeXtrpWhWslxfSSwxsY53SNSVtUOXdmGAFz16fAY0K8sYlnutNmt0IKxtMuwKSCMnKg+4GMjntkD9kv8Aglv+3Pov7Gmu+MNc1TShq8mv+GbnSFEMcK3Ns0sRUNDLKpAVyRvUEqQCCc5J+Q4yx2NjkmLqZIliMXH2fslR96bbnDmcEmrtRbtZtNXPq+C8rwrzuhTzmn7PDNTco13KnCVo3ipSk04xbt0fztdeKfEL9hmXwvoXiDV4fEVtZyaLCbmfS9UiazvywdlaxhSUoZDCVKOwXDFTtzgCvzj1XT5LO5EYUoFZlYZH8DFM/NhRnDEZIOOQOK/Yn9p79urwp8bdS1jWrvSnW/m06SwtLO1gitraOISyOjTLAqJJdFm/eybct16hsfkvrt+2v3kl55Yty6MqxxpgAE8blHQkYyce/JxXk8FY7iCrg4yz2lKnUai4qaSknZWTaWrSV+7vY+q44y3hilXpLInBq37yNOfPHmtBuPM1a26SvfystOOMf7wAMCoOWILZCkgEkjAyCCvIIxznJrRD3MeFhupUAZXRo3ZQRxkLt44GR7jrkZzuafo8xjby49xcKrhxyGJOMDBIO3dweuW9efob4R/s1fFP4w6jZ6R4E8C6z4gupZEVpLWzmNtEH6SSzbNiJ1LMcAD5uR0+hzXifLcmoyxOY4/DYShSXPOderCnGMVbW8mktV5Ppa+/yOXcJYzN6kaeEwlbETm0koU5zeqSV2k7aW/zVjyHwP4u8RaXqkRtNSu4Yg6mXaZBjGBuAB6cdDn3zwK/Qr4Wa38VfGVzYaN4bt9S1J9QmTyordJrqYBsfMqoCVDFi208KT+FfpZ+zd/wRNFhZx+Mv2jvFNv4c02GJL248O6YytcrEgEjC5vM+UiYG18gbCDkkEY+iPif+1L+xN+xvpkfh74F+FdK1zxXpsL2smoDybqR7mJNnmPdkOFIOS3lnjJyDnFfhWZ/STqY7HzyTw3weM4lzKMnSdehz08voSbjG9XEOyaWjTjo+krM/Wcr8EMFhcJHM+McRQy7CpKXspuDrySs3GzdlJp2SV30srnzpB+x/wCNdF+G3iD4mfGXx/pvw90bSdMe6isL24jGpzziIm3jaIukmXYYZcZAOOua/CT4jfFjX7vVdUtLPWnuLZbq5htLiAlBcWiSMscpYFfvx/MBgbQQQTXsP7Wf7bXxN/aG8SXi65rk9voEkpSDQrSaaLTokDZXeiOqzbRgc7ipwBivhScXU7TEyjyyj+Wo5DDqFXJHBGM7QR6k9/17gHFcfVMFWxfGeawq4vGzVSGBw11QwNPlVqam2pVJNaSltsj8q45p8IwxVLCcL5cqeHwicZ4qpd1MTUvFOXLryw0drLZ62d7S3Wqtd3Si7vJGkJ+VmfczM3ONxyQMnBx9ADmtm3gt4rgC4mUebH8qRsG2sQuGfkhgCDnOMdMDOK8ukSe3lDyJtdHBAOSWy2RxyM9ifUgZweNF72fZNJLMfMdQEUEBTxj7x5BGOOgHC4wC1fdz5qmrk9WnJ3vLu9Xq3bu16PY+EjJQuuXXoraqyXfa1rJJJ2ta2l5PEUVubuSKG4ZmQEBAwAD9CUPOBnjuTzuI6DiihCrGQN+48ncAuODkk475z9ByOakZriSbYXwytkueTzjdhjznAI69ckAYydONo1RovKDPGCTJkENn5Tzk5Pp2B9KuKjGL1bbVrNaa2vbW61Xlv8njzpyaS3stbt391uzu37rXXXfR3sVbdQI1jPzu2RuAyPmzhflBCjdk5+U5zkYxtka1u0jIRSoDbJGVeGB5KgYIIAyvygDJwffs9GsLRLX7ZcxBN6P5EZYZD7iC59yQW4JyMZJAFS/bLK3XbNGWKyLKxIB3ruyFwSRjAJ9MYz3xPtJNtRT0Vu2yi7J72Wt91db3evQqVNQi3bWKbevldeSemiSvfdWduAa0Pmr8p8ruzKwIPBJyT3zk4GBnjIJqdY4Ed2cKUxjbgq2cjAbPIA5BPTjOe1ekx3miXa/aHhjAClVjBTKuMYIHA428jGWPHfnltSktHZ2SNMFgeMLI38IZgMYwc5xwcZI5xRzyV0k1frZ2d0nfRNr5227jUKaSb5f5rLm2aSVu6bs/eb3tbW53PhKXRLW1kmPll4wSJJJAOSOECHJwHxnjtn6KvioWfnv9mVT5xbdEN0hRjwWyMBST3PTPYmvNoBiLcsgSFmAYJkkhiDk478ZHy5OABwMn6A+H2iaHfaBqE19aC9vZnaNN2PMVFBw4BPK/dOV6YwT0x5mKVOg3XrOUlKSSaaVuZpdOjXu77tWavc78JGVaXsaS5ZJSb6NJKN0m9bWtbXW11fp5bquvzXrl7W3RVYrn5MsWfq2QAWJzxyQM4H3KyXS5itz50JjlP7yQyDG9D90MDkk4OVCkk45GCd3od/oNnYXi3F1IipHLlVjxnbkbMgHHy4w3GScA5OK5DxNqUd7M6QSblQrtIQAsoHGMFflHHGTnHIGNw6KFeMmvZx5Yu2rsrJpPTre26bet0Z1aapt+0eqktmrczcdk2rNLye17rrxEjSfaTMEALAKI1ByCw+8p5Xp13DJ56ZresgYJCJyzuVDkHI27hnby2Ryevfr/ALIxZX8m5SVn3JsA4PGQe2Pl4PAJ75B44Fq1vFlaWVmJBG1M5O8dQCBggqc9MYznPBYdzTl1er6NJ3tG/wAreTslqjilGzTSTtp70lbWKtdc1tXsuiSsr6upqDzC6DggKd2ZFbG0HPXk9PlzjoecDmnIy3CsgkwqleGJClgOW4POenPbHTrVK6RLmTy/N2gDJYnYuC2cL2yQffnC9PlE9tFFCDucPFhsRqfmZiAeCeSBjsxwO+OC46JKUW723Wuy0srW0XR3um2SlZq6utbpu+rs3ZR1uuuj91J2tYluLxlEduzlkUE5X7uM5wSfmOOTgAADA5FULNnN1GSSY95YMoOemD09BnnqQcZ5q5M8LlHZRz8mdxA29wATnJxzySTjBwBVBI53uU8oNtBUpt5BUEk/LnnAGAOTVRWrbsuye61j022sm7316vQtxS5tuiUU9W/dS0fqm9X0d7ntujfYLuSAXRFwqRDcGbaVYAFBycMMjP8AWunutXRV8kQRxwhGiBLDcwQEjYTzyATxwOcZHJ8102yuJLcsFMbYDIgJjkdQCSwHbIzkd+eOhNrUUuZY4VeYK0abk5I6EgqTkEluCQd38KgEcBqPNfllqkr2/wC3etnLRdr3ZNuZ3Vmm9Wk4p3cUo3cb230u/wDPrIzbJHKIUjkLRMzu2CEZgTnBwCQDjnggZyB09V+H/hwX/gnXJ7ex3XEk3lpIzAltuTgHJJHfaMg5x7D56W5uY7RLN3VWlAcvjBIHQFgOTgcEZOecchq+oPDF8+j/AAukWzuEE8soYzMQChZcFAefmOSCucYxz1FCgraystHok2m7Kyuu/qu9zVUfd+G9rbJPe2uut2rXvte2p45NBcQ3UsMwZbaFikqRnJEi5G0jjPJ6gdB2AybDGFrM28UsrzTMrb1DOkbEAhAAMBgDjOGweT77zeFdSvbWS5mumZnYyr5SH52lG7bIwO0HI9zzlemKwI4NR8M21xHe2yhnfCyPhhGGOQQxyAvXpyB7jIy9nFtu6StbVK68t9E9uluid7vmnRnBXcGo6Xum7bbW/wAl36a9VpXiC9sbKS1N4GUwSW8kb/MkSY4DZwW5IUE8gnPJ6+d2mtNbyzETTvKbk5RGbYOcgkKCMHgdOnAHPF+PVLQWVyQYxcF90w6liCCVzydpznGOhyrbsAB1PSLK08yC2hlu5WUzElcKzAEHDbgpBXgAc455+auilWlTUlFPpy3cnZrlVrX6aa2e2zM7KSceW943td7XS1V+ttbJvXXRnouia7JBZyXoZBK5ERgJYnYTz1O0F8k8qecMD8py7xL41up5bG2gmSzgSMFowcs3AJVivABYcr17c448qutcL2braIFkcgSgZ3At0fIzkD2HA5wcCuYa9uJLiCKYyEFtr5bLAYG0hjj5SPyP5mI4nFOUvfnFaaRdr2kuZab6XTV73eyWpPsKaavFNJp7W9WrWb219NFozotZutRvbv7VFGWJLAoqbkZTxuDZAAGTuA7EE8ZBpNpEc8XzTPDO8bSyiUEKWKkgKecEYIO0gEcMABW0L+FLMxO5ikjYRwBQMyDOcggBudvPHrjmsSa/klleKYkbiy70O4hCflBGN3PXpnqTzg1xN1Zt3TT5l7zb1vy9b31ejtdPp1b3StypbK1tL/yu+94369LW9Tkn0G6mmXyFMjv8u5gWViDnIycZ4GPoMg4rYg8P37yQwMSskYJcLkIFXBAZs7S20YOckdxkil8+9QvDbu8jo/yK6uqhDySG+UjtwCenU81Th1PV4bmW1knZfMch0IJGOg2t05HTHY8j061RqOK5k/S3km38r3s7WutClG9pTvbRbarZ76atra9/QqXkcaTNGhZZkZw7eu3BwCcLz69/Ud+j0o3Vo6aisp2BQwibLbgoHABHAPqCQN2RzXOxW3n3iEFgWkbdkNypO0k5HTOAwPHH4V6/oHh7VfEM9npOg6Vcaxe3CCOKKzt3lKlv7xVcHJOCeOMcY5rOrT54pSSadulveVklZO2npre/QappyVlu1ou9072T726Wb13ucvqc0utJayJJHDcBmVUBwGUcDcRkjoCcD1CkHmtTw/4f1KSdbfE05ldFtYrYea7ynqFRQx+Y5xj2JwuSfvj4W/sB+PPFostR8VSr4ZsNqyfZGXfeMjYLLwMozKDtDc5J4yoz+nfwZ/ZK+G3w1toZIfD8etalARIb7UYlmcyBhyAwZEU4Jx94Y6AtVUsBJ01FxjCLu3rq1p0er0aunbZ6HfSy+tLlc4uMWlaUtXrZ6a2u779um1vyV+En7I3xV+I1zuTQrzw/ZXYUjUNQjeAsjfKHVJQpY4+YY45GfSv0x+C3/BMrw3YXCyeL9bk1ydlV7m2glEUKsMZjI3AsPmPG4nGBjAr9CtI0lTHHEtnFbqkYSJIVVFjBBAOEAAxwAP8Avkdz1dj4aFuyzwahPbXGN5ZJWIZvvLlAckg4AyMc47134bLIRkpRi272V+75XazTbe/utJW66s7IUMJRVnFVJ73eibfLpZrpvZ26amV4G/Zr+H3gOGKz8OeE9M00RKim6a2jeWRkwu8SsrMD6EnOK9dj8N2dmhhjtBM+TgkjYMA7cjpjIHB5xncMEVyZ13xTocMkpv4ryGJCS2oARgIpzkZAzuUY4yenGea86vv2jrmC8OnQeHZL+6jKqJrQE2rMxxwcDIBAGOOQeetevh8qrVZqUIJtac3Kkkm4xtsla2+7s+7ZdbMaFCm1+7hHRKKs2trX69n28+r96i0+aNQChTDYj2bY4y2cjOQQMcEkMAMfwnLDD1vUdCslaPX9Q094Y1J8lykkrEglijDDoRkAEHqPTGfDL/4heMPEoRSk2hQyttWKEEnBYgksM7fl5zxuHzdK1NP8IWM6JPqV3NqM7/O/muz7ieeSxJABwCFGCDg4GM/SYLhyc17SpJRSteMVaTu4262W+z0WuiukfMY3iP2bcKKlN2V5XaV01dWjo1bvdJK77HAeO/FN1ZmS4+G9zrF2fmLaQVdoGRSSfJZgdpJzgAsTzjBrybS734j+NPMkububR1jcR3NpcOBcR4IXBjYgqpOeQpB5wT1r7IjtNN0+DZDaW8bAgoY1UHAJPJx3yAQSeTgV594lsNNu7hru3H2PUY9rJc2+F8w43BZolxvTqpJXIA9TX1mFyrB0FD3VLlsp33fw+V+yey+V7/OVs3xta8pTcbtW1vZPlstdVa3qn32flumeBtLspkuNRdtUuyclpWZlDlgxIBbAxnkHk4JzjGe3K2lsqCIhVGAI4gFCAnBb0K4ySAMYBPAU0z57tZElH2e9iXcxQgpc4z80W3kkgcgA4/KuI13xfovhmGW513U7LSbeJDukvJkjLYHJUMwORz8o64wMdR78fq9OmuVU4RSTV99lvfZ9unfqeFVliq01zSlNt3T5rxunHfdaOztvs7HXXc+5VcKqANtRg3r/AHjkkjHrwMdt1YV7qkluGlnnEUMK+Y88sgjiCjuzkqCB971GSBx1+L/iH+2j4N0B7mx8I2kvifUFXYty2EsUcZG7cRhlVhkbcN3Gc5HyDrfj347/ABy1AWtlNqv9mzOwXT9JSSCxSNjgLNMqqWCjIPzAEjGQTXHXzWhT92k3Una1oLR2s0m1pZry8urR1UcuqTvKp7sW73btJ6x2T6N97baeX378Qv2n/h94KaaJNXj1/VEVl/s/S3EqK65AWWVMqp6ZyTkZHGDn4p8a/tS/FH4gTNpnhWCXw/azMY4rfS4nlvpFYgKskkeVUkELxtIY9+K774ffsVandNb6l451VbFHZZJrG3JmupOjMHlOSSc4K9icAdDX2v4R+Enw7+H1qraLoVjFJEnz6heRJNcSEAZbMoZlPAbghV6gDpXmyrYvEpuc1Qi5apfFZ2duy2S2Su9zuhSw1B2ivaTWt+W6TuuqVumqSd9Nj83/AAh+zX8TviLdJqXiZrrT4rhg0l7rUsk1y6nkt5cjYyRnHynGSQw5NfYvgj9mb4eeEYY31KI+INShyS9wALcFMZwvKEDsCCQRncMGvSPFfxS8MaFJKJdRhk8hWBihYBiQQNm2MkBecZAbBGCOOfm/xT+0RdSeZb6DB5cJJ/eu23BbGWwwLZ5zxhu2CenLzYehrL3p/wA0pLVq1/W2vRbXNbYmveNNOEUla2mitreSTdtv61+tRceHvD9sI40sLK1jjIWKIRQxqqDgtjaW2hc5BOc14n4t+OOhaUZYdMZb28Tcu2IYjA5UDeAxwQCTkjOeSfmI+QNY8ea7rdxNJd6hcSKykmMyMkY3AggKCAf4sZHfg5ANcNc3c07syEq5GT8+TszkuSemc5OcdST61yVs091qC2dktLXjy66deztvex00stj7sq0uad7vVvXTRJ3s3bRpWv0tc7vxp8WfEeqarFIt5JZW9whU29q7KrAhsB3BJ5HOBz1IyBiuIfVvPQyzkytJLlmeQl9xBwTk/wAs5PqawNW2xRRTBgrqUYs/3Qo+9tYgrj1ViATjrkk+V6/8StE0SUw/ajdy7izWlv8AOQ+Bw5U9AxPPHyn5fWvFrZi/Zy56vNyt3jftyWS10V97t7tvuevQwStFQpJJ6Jtb2tr5ve719D2l7yJHUzOPLkUYCEZOASABjO7n+LPPGegHKa1410rQA1zc3kESxKyqGkXfnBOEjxgHJBACjnByc8fK3if4warcM62ssemQMxC4bzLlgR6DOw9T06kEgE147fa7f6hPI3l3Fy8mSLq9lZlA5AZEwqhc5zuwepPPTxa+aTnGKpp81tW032s2klvrqtNter7cNhadFy9o2+WV0k3fRrey0V+qbWm97n07qHxzluZ5BpSLBbqCpvLo4UZwC8aEgsSBnAGNoC57jmfEHiz+0dKlnS+udVvDIP3kpeOzjVhkRrECGY89+M9cg4HhlnoF3cOpaY3d1Nny4I1kkyDgEJGpII6HcBjnByMY9o+F/wAGPiD478QWWgWOkXsFrdXMcU9/cW8sOnWKsVBkuZnQL8o5AJ3Bh8o6ivIr1K87Tq1Go7pJ2WjjZN3WnfVvfY9KFSEUuSm/eaXMle11Fc0pKyS+b0WtrtHlb3F/dlRJMyea2FijDIPXHHJUDg4y2ewwcei+DPhx4o8UXUceieHtRv5ZHCLMbaRYGdsbQJGXHzZzg47+nH2xqP7LurfB3WFku9N03x22nRQ3UjwHz4maUBwpiUkqsPVs5AGc4OBX1bY/HvwtoPh/QYte8J6Rox0yO3kjtdIt4IftDoyhxdtGBLvAHQkgMpyMnFejlmHo45SlUxMcPGPLrKLsn7vMrvRJJ7bvU48Ziq+FbaoTru3utJLVtaLdq97arot0lb4Q8L/BC98PeLvDmk/FJL7QfDl7dRSax9liYXMVuzKX+zttxI4Q5JByOSD1A/cOS1/Yt+CvgLT4PAfhjSPGc+t6ZDNNrOo3cF3qkTGNfOWdfmeKQEMSMKwY46Ka/MX9pH9pLw38R5NLttDthbWen2zBdQaJFuEuJE2mEOijzE6KS+SF54JyPhW28S67on2xotXmmN48myKSWQqkTFi3lKzEKMfeA459hXj8T4LLeWNLC4ytUnTs5So1JQjJpxbTcWrrZLy3dkejkmMxjn7XFYaMIScoqEoqclHTlauvdau9LPvdH3t8Sv2iNJufEmoaV8OrO48K6TdKtnFa2l5PHEQjqHfakqrh3JOFGePQAD5/8beKvFcts0417UNRhYJE0M1zJKtuQcMsYmkZlABJGMHaCPvV88+H7nVdX8TWIs4JtRkaVFCxJJIS5b5csBgkk/NjgjJIzg19oWPwT1jULcX3jPUIPD2kylZGRnVZSpTeDgkHfg85C85AwQMfneNxry+vSSrtU5pL2d3NyleN7xV233vr110R9pgcM8xpVmqC5oSajUaUI2XLrdq1vON9He61PkyW/mvXCvcz3l3IQqIis7A5wFG0EjJbA5wMEtjrXuHgT4AeNvGyxTCx/sPTXUvJqWot9nCpgFnVZCpcBSSdu7CjJw2RXq0uvfAj4TRrHoNhH4p16I4+03CpMizKMMQGyoGTnJwep2gnbXkHjn9oLxj4u8yztLyXStMU+Utlp4MaFOm35NoXA+XGBgjHOc1nGpnGYOUcHQeFpSaSxFdO7WivCmkm3Zqzdl32aOqNLJ8ulGeNrfW6un+z0NV9m3NN3v1u09l30PoWP4f/ALOPwasVvfG+uf8ACa69Hsf+zrR1mi84AFUbbkKNykHcenJB3ZrjvE/7XWpS2jaJ8OtE07wVoqRG2iext4xfTxlcDfIFDAlcHcrZ4JJ3fLXyr/Y17qIiubybfHJiSWW5kLSMXwRnJJyRyeeMcVLY6bYWNy/lJ9tmL4VnyI4sDkNuyDhehPbjPBFdFDhykrVcwr1cfWi0/wB9J+yhKybUaV1BWfRp6Wta5y4jiSs70sBhqWCoSSSVKKdSSSj8VR+9e2j5bK+q6Iv3Wr634luJb3Urq61Cd5GZry9lkYgsSWILnOBnoAoC4OAarRm0s2KF31G7J+WKMMyYyMhjyHUdhwR69a67SfC+v+Kr6DTtJsL7VJZj5Q0/SbZ5N24nAzGjckgbiTwenpX3L8Jf+CefxO8Xy2d/4nMXgfR5QkqRtGbvWrqI4ZoktUzIjspGMqOnoMDsr4rLcthz4ipSpRivdSstFZJRjHVvSyVvVa3OajhMxzKajRhVqSnJJ1JOXKruKvd2Wve7t08vzuFhfakWihaQzO4WHTLaKVpNznC/u413ux4C8sucZOeD9e/Cb9iv4k+P4E13UdJg8MaRb23n/afE90tg1yPL3jy7aQowXaNwyM4+XGTg/tn8If2G/hz8K7GPUr3TNN0ZyqvceKvFkaXerXBUAh9Ps5MiJmJ+QMm4HHHSvUviPN4Js/AfivRPDej28lxeaabV/FniKZluyVGUm0rTEZTlyAIzEm0L1HOK+dlxjWxWJp4bLKK9lOrThOvON7R54pyjFWimo62u2trXPoKfC1LC0Z1sxq+1qxhKSoQlZKSSa5mr9ktl2TPiP9lr9nL4B6JZ3niDx54v0nW5NFuvLeG0nWwt4biMkSW3kllmnVNuwSoxVgDgZxX2DqP7THwz+HllPpfw50e2trFA8a3nlrb26gAjDuR5lwi5JBLMxJODyK/HYaz4ziv9dtb6Cw0mwsLlrSTWbpRaRSRRMwWZbXK+Y7qQVfaSWwcnvlXHxG0TTSPJmvPFNzGgj/tDUg1nosDruBMds21pwhBHy+oP0+qqcJ4bFYmONxmLxeKhJQqU8P7Rxp3ahe8YtRUbrW7tZu541HO8RQw6w2Fw9ChKKcJ1o0+aTbktb2301vdW13TS+/8AxZ+0d4k8bzTR2YuNSjeRhCwY2thGGPMjuSA0agNySwGMHKgY+UPip8StPsrG5bW/EMOo6isMqx6DpOZbSCR1dA11PGSshDNhl3HIXJ5Jr5T8Z/G+9voJLWHU5HSJGiW30tfstjCP+eYMQRyGJwWLHjG7Ga8b0m18T+PtUi0vRrLUdX1K6mVYtN0m3nvbx9zABWEasW3ZGS3IOSeARX3GVQhl9KMMPGjgaUbKTjyyqOK5G3OpLS7Su0raW10R8nmGHp5hWlUxdSrjKs3aELNxvppGKstX2X/B8svPFupaNqeoQQhyt5qE809okbGNo52LKYSMgEAkcZ4yCMmta08Va/r7Po9rZ3dzJclILOyt45HvnLHYEiijBdy3CIAMe+cAfrp+z/8A8EkvjB8TbvT/ABF8Q47P4aaHdiOSOK+T7dr19bEjdAumxAy20zDOxpVwD19v6EP2Vf8AgmR8BvgTFp2r6R4EtNW8UAo8njLxpaxX+rysSMiw050aKLa2TEWi3AAHOScPPfFvL8iwrw1PGSxteCUY0aDUlzJRs51L8sdbbXt0SNMi8KsXm2I+sToQwWGlLmdSpC0nBNbQa2V7Xb2t2aP5kv2Z/wDgkl+1D+0vNZa1rmln4UeBXWNxrPizet81sxyz2ulOUncyRkFGxggjtX9Cn7MP/BF74A/B5tNv/wDhHJviv40tTG0niXxjEJNLt7pRkvp9kwEQjRlyEnDfKF64r9l9I8P6fpdwtlbrEsvlx+Y8sSyyFV4CW1pHmO3X5SFjCjsoGQAPorw1oOqX1jAE0250+xjwX3hLTzlzgPIzIpQPjdtPzAYJIODX88cQ+JvEOf1aihVeEoTbj7Og5KTjpbmqXcpPVXSkk+tr3P2jL+DuHOGKVOcqdPE4iKi1UxNnFNKLuqb81ol3u79flfwv+zt4Y0GGGLUliuZrdUFvotjBHFpVgEA2eVY2ixwqU4UAocnGc4r6B0TwDqrw28en6VDbQoNsRv0RYYYwuBItmArAsvIVgSCcH5sCtrxf8Svhj8KbSe717XLSW+hUsNN0pUurjzF6Rz3DORHJxjJOO/cCvzm+On7fepTwSab4JmsvD+n3CskhMhm1a4XBXEzBiYmYZxsK44AIHFeFlXCOf8RV06dGvKEnrVmppO/LbVq997/pawZhxYsLC1H2WGpRTXNUahHpbkpLWW1o7XW2lz7r8d6j8IPhxp3m+O9TfxHq0LGaPSLabdawSqpK+dFBgQhTg7ZixIBUDnNfmr8e/wBuvX9OtZbXQNQttP8AC9krgaLoSeVefZIidnmSLksTyAU5PdsGvg7xx8evG3jKWW1e6uEs5SFlkMpdnJOWYzMTM2d3IZ+p5zxXiOo2d1chjNOxUsCWZW2yMx+ZWL7mCjumcY9Bmv3bhfwdo4WEK+ZzUpWi1RirRvo3GTs29dN3v03Py3OfERRlOGHlPE1HLWtVl7qa5V+6pq8IpNtXV5Werd237JqX7UUnxMYXFlczmZGZjbXsrC8txkgNJC5DHcRkMQdwOBgdPMdcvW1uc3N3cCS7ILSbyShABUKV4VSeMBcHI+YdK8y1XwZBd3BurW5/svV41UwX1igj3FcsFnRFCum4c5B49BUOh+MY4b2bQfFif2frEa7YZyMW2qoo+WW2dgoEhwd0eS244AAGa/bsmyDLsphGGGw9OFrXm4xtZctves3pok3be909H+aZtn2YZmpVKmJqT68jk4pXtdpLRpbXt3drbddH5kUgMrFUJCrsAOw5BKn1BIOM88DnI2jTt7qPMjuACyEZJG4L8uGxg8MfqcE81QTU7RofLRRJGS0aSsVUKW3MMjClccjGcnIHOSRyfiDxHpOjQGaa+RMgDyYyGJOcGPgjG4jJxuGc89K+o9rQw8E5ypwikrO/dLS/m+ml91a58fzYrE1HCNKc1ptF3V7PW6a0ul5b6ddy9cRTNNE65JACqRnaRjOADwQcnODx0GaoDxPFpmFv3WFELPHsj3BgzcIwPQsOTxnAz0K5+dfHfx48P+GoftE99b6ZAF/1k8iSTyH72I4wSwIHyjcMgkjAPNfLmtfGH4i/FS5fT/h1oFzb6fIziTxHqG+GEKSVaSIOP3hBOVA4yRjgLXl1s6hzSp4aDqS25uXRtW1bteyv0duzdz2KGTqEI1MZKMFZNwvfRcujWqvor77aJXPrb4m/tCeHvCgupX1Cy01FUp8zhp3cfNmJFO4Z+6Rt69s4r4nvfiv8Wfi5qlxY/D3SLuDSptyXHiPUlligSM8PJAjBRM23kbD1HptJ6jw1+zxpxu01nx/qN34r1oSLMRfM4sImJ37Y4SdrbTlSxDAgccgk/Uek6XY6dFFZafbW1tBBtKLbRrHHgIQRsTGG6Zbs2OOM1xOGJxSTxFaSV17kWtfh0eqWt9n07LRbfWMNhuaGEpRbSSUmlo01orWevW9rtJWPBPAn7N9hazJrnjjULzxfrcjbs37mSwtpGIOyG3PyHaeFDDsAB1FfTEHhuDSreO3tIo4LdFWNILdRDHtIAYeWqqPlHAAOfTPFWrW8G1IwTHtyxDMD90scpnJDH1J4GRn0lub0yAjcQrbVyACxkHAyAOhPXAODjPJ210wo0aUYqCSsl5Pm0veXNrd7XWluttfPniMZiG7uXKne17JfDole2629L+fMeKdFj1TTjbwgQ6hYr9rsLg4LCSL5mhVxtyHClSG4OSMEjil4fuE1Sxt7qWTyZwvlXUbYUpPD8rJtGQNxAPQ84OSM47RrhWEBmt87SwySNxXKjewbB5DdDwQCOSOfJptUt9G8S6nYh0NrqIN3YBCoC3HPmoi5GSTjIxgjI4PSK0o007e93tbZcvXR3T0duh6GEpSk4qaSd73dr68rey0dr6/PV7+jf2jbwRsqxqSQCYmYccnnPbBI2noCOg61Ja+IorQmKRvkdC4GVwz5AAUYJOedxU8D15z49qniWzs8zXNzHZ8MpkdlJLAbdqDOTlevQex+6fMdY+J6QOBpaGZwPKWeUFhySSyL1bnAGB1br3rzJ4lq8VbWKTell8N97JLbZXvfe7b9uGHgo2kk2rXst7qN3s+rvq7t6LRH0PrfiwWbmXfHEnlgySuQqKitypUtyQDk5HocZxXjPib4329vvstHB1C6c4WQ5McCr3VeQwUjg547Dqa8dvdQ1/xLcNDJJcTPIdyWkZYhsg7R8oACngngY6qDjiBNE0PwR5mq+N71IZCm+PSLNlkuHU42JKVI8rfkZZyuMfUHzK+Op0YN1Z6aO71cuXl0SvrtrsnbdmsaMdoKMbWbbsntFqyVmtFu01a+vbSefxn49vpEjmnuYYkElxIXaO1tVGGbkbUPBI5wwPOd2K871zxp4V8M38ljr/iBLHSrLi4+zFZb3UJIsb7a1ROVQvuUyYbGCCOmeU8VfH3V9dF9oHg2K28LeGIY2/tCS3ZTf3UcYOUkuVAOZOchW6sQeRXxgdRtNZ8RT3uuzzvaXNw9jbTSEsLWBjhmUHhpCckHk5wSemPFnm7rc7pwlGy91u6lb3fktWla97asz9nGMkkr+9q010stFZrVKyevTY+0PF37bkXh7SJNI+HGkQeEdOEJgkvyFn17VF27S0k5BMIk5OFA25yPSvz1+Ivxr8WeNZZ5pb+5gilLsw86Vp5yxOXdnYyZPI5O0evOBHd+APFPiLxVJpPhvStQ1syiWe2uYFL26WiuwWSeUDy4iFALZIAHzHocbZ+G3g/wRGb74m+I0utR8wgeEvD0oubjKAlYbm6jJjQFgQ6ffOCeBnHyGOnUr1OetOU7S0jvG2llZb20a2V+re3sUoRjFKGja1k91s9Xva1rWstux5X4S8P+JfG9/Hpmhadfaveu+6RLdGMSKSA8l3O2EjUZ3MWPGCSCGOfpBPCHww+F+mGf4oeKIdb1yLbJD4F8LTJOVuPvJHqd/FuiVTkCSPIONwOeSODn8a+N/EELeH/hb4dk8K6AyiOaHQ7ci+uVPyg3mpIA6s4IL7ZQOuCeM2fDnwhsNP1WO5+I1/IJ3ZZpdNtX+0XF0SAyxTzEszux+WQn7vzHC9T5GIxFGjK0pq9rKFO0ptvlVnZdm7Oz6ao0jUUYpTi22/ibez5fhslfR/ZvtudLd/Hrxt4sY+GfhrocPgbw89uLWPTvDsPlXE642lr3Utu7fJyXPmHOSDisbQvhpIL+OTxNPdT6pKTLPp9oTPKxf5i91Od75OTuZ2ACk9Bjb63FdWcRfw34N0Sz0iKRd/lQRCfUbhxkRKrR/vUOMbizADPX5WavRfAnww8TfboL7xRKunWkEgmbTEfF1eI7gj7XcthowVPKnAAyACSAvzmacQ4XLqTrSV5yfuUVaU5OytGy1b0sr6Le90zpwuFxGPr8kdKad3NaRSXLdvVJJdb8zvdI0vg18Dk8U3d4k1rc2Ph+PJlGlIWmkZSNtvPdABCzsAHI5ClgACMV+k/h34fw+B9C0mCz0y10jTpFQSRQlPts8a8Fry5H7wKwXLAtk9AcZVea8FavpOjaObHSYoIW/dulvYIEgSQLgNcSjIkfgZOWBIIOQK2NV1PV9VEAlaaWEZJBlwsmOAWUABYxzgAgtgn2r80xdPiTirGKdWnPBZZHlSpzTiqi5l73KuXmk4rVyul0TWp9dHEZLkGEUYShisfNaySU+WcmtE7O2999+iOX+J95at4Q8VwpKrWiaVfTQxRMSm6OCRQxzjP+yc8nv3HkngjxRqMfw78G2WmA2qnR1DTHljvOSBj5s5Occfd6k5r0bxppkr+EPFztljJoV6IwoAXAgckJ3O3oSOCDz158y+F2izT+BfDN4d9vDb6WhlurgbLeJQf+WjsAqoAPvbvQDnJr9DoUcLgcvp4blhCnRnC+yTaitW9Lu6tbps3Y+RUquMxlSsotyqN2W7SbVkratX1stLu3U6BYprpvPkneSUBS8soLOXJyQqkkgdeg44yDk10c9ppumaa9/q+oRabaxoXknuGVJZzyxigjIDO78AKBzkgLkqRkwa/9p1WHwt8MfD998RPGF4yRQxaXay3trbzZKHd5QYSqrEEsDtUAMwwK/R39nb/gk/8AE74p32neOP2lNdl8P6M7w3cHg+zO+8e3JDCKVQxhgBUhWWRfMAOCcnI/M+MvFnhbg3Dznj8fRjWUWqWHpyU682ldKFGLbs2kuZ2jbd9X+gcPcAZ/xFOn9XwtSFBuMZ1ppxhGPu3km1a/p32Pz4+GXgX4gfHrxLHoXw80HUjpc0iRTahZ28r3dxEr7TIzhStrGRhiz8EdMDGf3X/Z4/4Jq6P4Xs7HWvHhiF66RPNpEeJJpGVd22+ujkyMW5wpA+8pBGSP0s+D/wAAvhr8FtEt9C+HnhXTtFtYIUikuo7dDe3O1ceZLOQZSznJI3bQeVGM17xbaavH7vJOGbcpJZu4+73Izx1wSegJ/iXjv6QHE3FdSthcorVMvy6pzQjFOXtZQdlzTa+G6d7Rat3P6S4Y8Osh4WpU6uIhTxmPjFSnUkk4qdk2kmndX2T7q6urnz3o3wa0PTLG30/TdMt7LTLZAsVvbxKisFGOSQCSMfN/EM9QGxUd58GNAuPM+02UBDAAKsaqCGzw4C5Y4PJ5Hoc19NPb7F+UbCQB1ABAxjDHGeOpJC/K3Xndi3qxwK7SAKsY/wBYxQID3LEjoPXBOB26V+Iyr5jiayc8ZXrVpWlJyqScm202+Zy26frbQ+9pZjThblp04wVklFJNRfKtdNFsrLTbdanyNqH7P3hifzh9ht0BVlQMgAjxyWyB83GO5K+vBFeFeNP2cNMtYHnszaxqGOd6DdKi5I3E8474HQkdOc/WHjT4saFoqy21gRql+odGEPMcT8gBnCgEBuo69OOBXzJr/iLxD4oDTXdzJBbFmZIopCqheQE28YOB6de/OT9lw88/w1SFV4qrToQkpOLk7/Z01TTur7WV76rrOJlh8VG0qELyWjas0rJ22V1bW702u1fX4A+Jvw7trL7VHbFJ7mJ5EMEZARVHBIzhhjrjuMc9z8W+LfCcoW+uALeKKzhkMqzsfIgVQxaWeRiVSNcYDFgo2ntiv1x8SeHNKjia71WFgJyPKgT57i7J4CbPvbWJ6kYXGc4zX4L/APBVT4xa74FvdD+E/g5INFg8TaYL3xHBYkDUJbG4Ijt7VpVPmIZCzbwGBORyOtf1z4YZpUzrH0cuUZSmqMp1a0r8sI04xbk7Xsknt3SVnsfjfHGCpZbg5Yxz5YucYRpq+8muVbXu207Xb02RxXxF+HvjQ+F4fGEKWt54YLIYXtpfMhm82Qos6lS25BtABHGRkcivWPh5pd7f+GrNZs29qlnGJ5Xj2O6oNxjhORlTyCxJJJ5POB7r/wAIYLH9kH4TaDHD9mmOhaUbj7Q8jSzPMROUkLZZiA3BYnkhsjaa86sTf2lhBpbBVCJHb2dtax+bd3GDgIkaZcFiDyQQep9V789xE8+dbAuXLChjK1JbfDTfIpW6Xtva68krnDgq8MloUcRTUnVrYenPa6TnGMu97xuumu1mkPN3b2MLwW0QJT5be3GBwucyz4wCxPJB4HBHSvlP42eOrHw1perT3UkV9rNxbyRQWMQMjR71IDMq5C4DAknHQAEDNfoz4X/Z58X+J4oNW19o/BfhuZUzJMQ2s3UZHzeTATvjZhkgleN3sQPNP2gPh98DPAvgzxRYeF9PsrzxLPp0kcur67Kl1qV5OFYsIoiW+zhGJYlVXAO3JINepwnkGXYHHYak6brzbg24Wk2ny2lKf4tJa2t0TfxHEWZ4rGRqVqtZ07NpJ1GrWS1tfV2XbrZJKzPwwg8VeKPEFlZWE5nFvFLJPDaRo4jYuxID7xgAEgE4yCPQEH6R+GWtah4asTqItlF8xlWREj3goMhVc4IAVsY3ckAEfdr5/t9dtLDNnEoF3HLcKJFACqN7AhePuqeVABx05xivZ/B3iOytNDjgnuWknvLkm4KqGLI33gGPTBJO0be2Djp/Q0sJSpUYRp0IxhJK8Uld2UH7za5pPRp2a3aV3e35ZKrVqVpTcneMW1JvTaFmno23dPSWl2tbn1h8FPHWqnxTeX+sJN5Ria5tJ1hSY27qPlW1ikDqMttXKjoccgivrGy1fxP4hge+tNL1zUp/OllX+0LZLexhQ7iP9YixKShycBWYnbnpXwV4K1vRbS4N9NqTW2n2kpiQbwskTOR+/bJAcKeQvzYJ9DXv0/xCsJtFnVfGeravZTxtFFpmnXTROxEZVZJfKbecsNqhcZ5wRX6XwdQw1WLToym6ajZU4tyu2krW6Lq7O1r6n8++Kub57ldehPBYmnShKM5VJ16jjGKTVrape7vdp6fI7yL4cP4gurjUSLK51dpZnu7I6jbpDEAx37VXAWNFGCWIyQe/TuPAn7Kus/ErxBpGi+GtXF5qOo3P7vSoFdLK0RW2yGe7KmJkVsnqCxAUZDV498Jda8NaD4x8N6v480rxBYeDYruC68T6VFFdpqOoaLHMrzTC7lARY5I1O4jLOCcHmv13+MH/AAV+/Zf+HPw7tfB37GnwItzrDaNPp0vjDXtNjgTQrhgy/aluJEa4nuFkUybvMZSQflAOB+75PS4XyrD0cdmWCqYmsqiU6M60MPGlBcrc6rlerLmu7QgtXF6x6/yLxJn3jBxTmFXJuHs4wWCwdXCxdPHUsFXxdStiJyceShOH7mn7NJOpOrNQj8XK2nbwWL9l/wALfs8eJ9Nu9X8Ja54k+JWmK+oQx6rHajwdHHA4nE8xmQpFCGXAklIDccEV5r8eP+Cn/wAYtfuD4QbxDZfDy0sov7HhsvBzqzJap+6eaWeAsioiDKJbhFK5OQDivzn8X/tBfGrx+3iDxL42+IupzSeJZ2W7WPUZ2kuInYkWUCJIEgtlBKqkewFRypGBXyB4g+IumaD4gjihsH1C6nRILu4nmFw8JY4PLbgGHJOcHOTgjkehnHi5hacY4PhrL6OAw1JWdVQjKpOU0oykm7yjFrb3uZap3FwV9F2tjK0c88UMxlxRndZ0qjWIdWpg8PGElKFGFF2w7UW7vlpLm3batf8ASXT/AB5+yHcXsWu/F74g+Lte8WalM3nJeQXUsMzNjddyu5Z2BYkqCdhxjk5Fegzz/wDBPPXYUtbP4ho17kokGpwPHDHvH3GQFQqrwFOfUgk81+H3x6vjqR8P31nutHdDBv3BGKKwwFCFVCKDhT948cjOK8Fga4s7+MeZcSSSBVWSPEjuxIUKCwyzndxyDgFucYH5VmvEmZ5lKdaviJVJSlpzOXJa60lFtty7O9vLq/7m4PyPJckwGGwODyzC4ajShGlyYejCkkopJWUVZWS0S0sl0R/R/B+yl+xF4ytmn0/4wfC+zupU8yO3vGZWhlGTl90+fTqeB1GRWlB+wt8BotNFzpHxR+DU+yUNFNHPA8jk4DJtaViOBwcluODwcfzoS3XiewuQA9/pjl9rwzwtHcOrAGOTytoby5MfK+Np4wSwGfp3wLH8RtS8L2F5Jr8uk6Ul2qiFlC3EwjYEyqChYg5ypPBORkdD8Ris0xVOXtPaws5LSK5tuXZbbavmb32vv+hRweVtRisNeUkmmlFppcq7q11q13fXU/Wfx5+zD8F/h/b2Or+JviF8LpdLlIAtdIv4Z7sPtwhaCOVnG7PzAjrgDjg+Ea3pX7KuiXTRSeLLaxOVddUsNPd/3TFT5ali6lyD1BwO3cj5Q8aarY2WkXVxqrHUZxbpGlzctvlMwX5PKixgE4yWVQCeRmvl6/8AE9tq2miTU5JUhtLgPHuIyVXcCFVRkKuBwccAgdM16OW5lUrWnaPu2dn8LaUU22mrXVmnH7jxszoYOguSnh4NpXScYt3Vr3e60tbdeZ/Sh+zFrn7Mdqt3B4f1XWtUi0jSpNal1JbCCMahcRRM6WdwXhLhN64C5GQckZHy894r/bT8D6JYatDceCJGl16a+j0601rYtiI7ZmWC5jghSJy5YAhRweRjJGPyM/Zd8banDca7fza0/h/wpLpUcaXUgMVvPfxqUtbcSMAhLZy4AxyBg5BP9M3xj/4J1/CzxV/wSX8K/HDQtX0ib4zW+nt42Piq5vIIje6W8jPfeHLVJH/e3G0KIhGpYscgfLg/McU5zmEG1CnKpSjFznOM4wjSoQtzy5pb2TVorXfrv3ZHl1LH1FCmoKpOcKVKDV5TqTXuRVotpaP3rpXte97P8fLb9oj4pXAjtrwxae3iqKS18Nad4f0j7RqktqzN9mjtk2P9ngfIVnIXCjJycgr8NviTrWk65pvhnx9rN3o+p6nrrWt5p2nWcEGr2+lZVpBPeKgkjuJuVbDKUJI9BXzt4T8X+Ivh9aad4uvprZTZ2LaNp1qUN5qcN24YRyxSAP8AZ3BYFcEY4xk19Xfsh/8ABNL9rH9szxZqHjOy0nVPA3hXVbn7Xc/Ebxebi2/dzSF2fSbaTy5bvMZGx7crk5PHQfjmP4wy7KaGJxmaY3C4OhFqOHqXSqVJrlfLGGsqk105Ytt3dlqz7ePB+LVainRkmo81WnVjaCiuW05zk+VLRrWz062SLvx8/aMs7W11rw/4N086FEkcWmOxu5tV1zXhG2wyxu7TNDNNEFEhQA8nABAx8K2Hh/4u+M/G2i6N4U+HOqaONRaCaw06/gu01XX7idwFktbWXEk8Luf3kgHlBDz0xX9ofwW/4Jm/sW/sZ+EoPGvxbXS/G3jTTES/v/HvxFmjlsbS7gUPK9hY3LmN4mZW2pMjswOCMkCvyD/bP/b/APhHpX7SEXi79nvwz4d8baxounLoWlarbadBZ2NrdFmihXS7O2RTlHwYzEAzH5gTuwPzvLvFmtmmPxOF4fySriqUKdWo8wxV6dP2llyym7ctOLlbRzUktXFbH1+G4Sws6NGWMxEqSg4RjCnF8tRJw9yDvzSa1u1FLR6tO5T/AGdf+CNut67qejfFD9rzxUtl4fsPK1+L4a2NxHbadYwQIs6f21OjRxA8DzYcLL15O7NftL4R8ezado8Pgj9lD4dQ+Kv7FtZNLtdaWH+y/Bfh5II9iMlyUS3upwoBMhJkYqPm714l+x18Gf2g/wBovT4fjJ+2PrepaB4TvreObw18KLGeSyttWsJEEkV5raxmKQwzZGIJMuV+9lSa/Tm68V+BfhxoP/CLeHdP0nw/oNtE0a2mnRR26lQrIqOYVVnkAxudyWY9WDAGv5e8QM6zTiTiCP8AbGYSx9WhWlGhl2Dm44Oi00rRjC8ZTTfK59bXbdtf1TKMDQwOGjgsry+WInLkdWtOHJTjFqNnUnq5yS97lvy9LJ3v+JWk/CXxr8dv2h7zT/jJ4g1zWNS8Ny+Z4pv1juB4Y0rcxdNI0QufJd/LwjTJnHLggDI/Ut/FHgT4PeG4dC8Jadp2maXY26w4hEUcly8ahA8koBeaR2GXcs3JOBjFfLPxe+O+n6P9tTQxZ6arvLJJcQLGlxeMwKhpZY0DSuBhQ0hbIUc9z8A+NvjhqOuO0f8AaMscS7iwkcspyfvLk8Bvz3HpX6Dw94S5nxc8DUr0p4TA06dP9xGPLGTdrtLW7adpTkr9nrr6eY8Q5blEFHEpVKsEpewjKKg5K1/dTWib0Tte17a2Pqz48/H/AFrxZbnTU1J4bGGcSiKCRgh2MCiMysAQSAWBz3IyAa/P74hfFnWtVd1vZ7mcRqIoYkkcqFiGB8u4kcHBbI5XJ3duC8QeO5brzUN3MwJYtzwcchgecDAx1GT054HlN9rtu3mTPJJkZIlLbmyx5ypJ4Y5+bI4OBgDJ/rbg7wwyrh7CYajSwdLmppXm4RlNtJauT97uld2s/VH5LnvG9fG1JrDz9hRtyqnBpRsrXbSSur6Xv8rqxZ1XxdqUgZz5gUK5VSp3EEhcA564PJGfQZBrkH1i9neQxpPkqM5LMAQclznJB4G1emT74pt1qEM3lNJKpjIyQJQGGeQTxuPQ8LgfTNVbXW7KIyJHcAGRgpZ0BWMA8BiR0Pbnr7qSP1mhl1Ogko0lZRSS5Va6UbWS8mtF+R8PVzOdWaVStKXPvd6WfLZu+2+y677EX9qzymZpo7h2Q7FHzbWXHJweVAZs4OemORuxnT2+nXISR4GWRlyS8pV9xIyApI7cYBU4BUep7C1vdMZ4mklTEm4SsXTDse3sD24OAem7JqGays5ZozFbyTsXZotmx8hjgBgONpB+XIx948EZG6pSUYt02knq7JPXla36a6Xta3qT7aKj7009Nerb93VO7drv/g9Sv4G8Ijxp4v8AD/gzR45Yr/xFqdrpiTsFkEbTyqjybjk/KrM+dyn5SM8YP9ZX7O3wT+C37JvgixGi+CIfEnxHl0+F9R8QT6fHcX17ciFZJpoWeNhBBG7NtZCpC5BJAFfyr+H7TWPDmt2muaH9qsNUsriO9s76JHVrOeMgoy54JGQOnYAYGMfdEX7ef7RUVnHptxrltcSxWQ0tdQlhWOb7O0JhZtzoCHKk/NwQeSMgGn7qSlKneSl7rSWmi110utGlayer2Z42PjiMXGNOjU5Kb+OEdHLWLXe6STum2lr5X+8f2oP+Cz3h34VXur+F/DHhK08TeI9NnkstUlurv7Npui3o3D7PKWcCR42yHAwQQcHGRX4neNP+Crf7Y/xU1jU4/DetSaRprrORaeHzstNNs5QwEsk/zlgqnaG3c9sY5+Tf2jPhPpvxE0fxV4h8ReNI/Blz9vvtZ1LXrm+C22pXMqvKYZU3ozOxUqhBwGYj5cFa/Pv4IfG/WPhp4f8AElz4Xb/hLDpc08Wu27zpcIdItmZY7ohlLRwyBASW4AbAOMVw5lQzqvhKtbAyXtVyqlBqyb9zaV1ey6uybutBYKOU4fEUaOLoxaUVKdRtTnzRWvuybsrpX2ep9KfEn40fFzTPE1nrfif4sazYz6zdve3Opabql4l5guWa3kKTL8xJZSuCp3HOV4P6E/sZeC/BPi3wZpfxV8UMNb1PV/Fd5aWUl632iRJoCoF1tJZjLOWD7n3EsM5/hr+cr4oftS3PxZ8Y2es6jolrpun2qSWtrpdkoSGMoWBnlRRhnJ5ZjnkZx97H9Dv7BWsWVh8L/hJNNFKmi288+vaigA2bWbLSuH4AI4ycDBwCDjd+YeI2W51h+EubEV1HG4icaXuSlFpz1tF30Ss+Zt2atddT7vgbH4DEZ/KGHoWw9CDqfCrpRcLPouX3ru+uiXZH6H/FjVdH8IfBr4oxvDHZodJnEk7onnvJLGUghiwm6MAcHJGCp4BBWv52NQ1ee61HTrPS5bq9jlkylrGGkluZ5H+SBEQb5pCzbFRQW4Oelfqh+2n+0LpXxEF38G/hPZ3mq/25rNq1/Pp8Ek95qN6GEdvpNgsas0pZ3CuIwANxHGDXfeCfg58I/wDgnt4C0v43/tEaVp/jD9ojWtMW6+FHwWmMN0nhiS4h32uv+K7cgqkkBZJfLmTqQCCQc+V4ZZdV4dyJrFJ18yx9Rzo0dZVG3ZR01tHW7k9o3b1K4+zOGZZqvZSVPCYSHLOSdoSs05KyaTtfSyWvd3OU+DH7NPwx/Z38A2f7Un7bUsVp56JffC74Goyf274ouVUS2N3qlj/rorR32E+amOcNznHwd+2N+2H48/aS1+K+8T3ieHvAmjIsfg34ZaRJ9i0Pw9pkPyWpubWEpFPOsSruLqRuPCknNcf8e/2hvH/xf8XX3xG+KOs/2/4rvmkfSdM84nSPD1gCfs9nY2IP2a2hgjKxgpGuMZBIArz/APZ5/Zd+Nf7aXxFHhH4YaFPeWwnW68T+LL2M2/hvw7ZBh9our6/ZVhVIIw7pAZAzEcAE8f0fwJ4c4nN8VRzLNoe1qxl7SDqJ+xw8W4tqHNpto5NXfTY/m/xC8Ucu4Yy3FKOKp0YRhZ/vFGpVas+ltW7e7HV32PEvB+l/EH4veNdI8D/DLw5q3irxXrd1HYaNpGjW80hTzmWP7TOkKstvAgJZ5pSoRQWJ24r91fCmg/AP/gkZ4Hg8e/FWbQfi9+2z4h0szaH4WdoNS0j4Wvcwh0muF/eRnUrdmG93G5GQgbeBWV8Sfj7+zf8A8EpvAOqfBr9mJtG+JX7Uus2L2XxC+M8sVvfJ4cnmi8u6stAnPmrbi3cuqtCyuCgJzgGv5s/jB8W/F3xJ8Rax4q8W+IL3Wtc1i7mm1PV7+5muLmeeZy7CNpGJWPLAYGVCDAI28fvOKx+U8IYSpFU6U8SoqNOEdL2SScrNcsG7Pl3kmk7LQ/j+FPivxpzKnCg8TgOG4VuetiZRcJ4mN0kqalpbl+1qk2rNtcy9c/af/aj+KH7VnxE1nxl8TfFOo6o1zdSz3Ekk0hs4IldjFY2FvuEUFvCgEaKoBIGeeTX55/EXU4JpoYrM/uoCfLhXd8oU4VmAwCSQCTzjuQMV6re6oLPQjFAiutwGVrl8lmcg8gMecHsMjAHbp81+I9S335ji+Yp8rnaPnLYBAY9FIyMHp1CmvwnNM6xmeZhVxmLqtx5lGnBt8sY3jaMYpcsbaJJLRK1rrX+u+C+C8n4NyvD5bluFp0owhFzqcq9pVqJR5p1J6SnJtXbctde5nI88qiXbtDsQxGfmHU446H07evetK1dk1CyeIDck8TBmAO3GCAeCOcZPAx+pylnARDvMZJA28HZx90KByTwM988c9LMEnk3BlUqrIRJGPVgQSuTkZK9OeCT64rzq0004tNpppq1vi16rXrtez7bP72lGPMt3dxs3bTpq9/7ul7O19eVr1vxtrEV9ZCK5Ui68iOEADKFFUElQOhDD5fwHfB8cl0fdCkkcqM+7KJLwQSSTjd1bucDj6Cu8tbm11q4ijncs8UM8jiTpkIQq9Rgg/dznB49ccZc3rR7oVOQZXUMykbPmI4IXIUZABwQOgIBriwsnSbprSV76t3s+Wy91Sut9tXsx12nJNpNWT0s2rtO7t0fdrR9tTBmhkRmVmzs4Kr1DAEbQuMkc5GM5GOvQpavGJ45JY3bJVSfmBXJGGJwMYxxn7p461eOQ0gIDEfM0g53DgnGe43deCefQAZgA2sEUqzsQwcEkAgnjbxnsCecjnuK9VXnTlZXclqn3vF+69F1v9+2tuOTV1fa7uru1rpbNa21TSuvXW/slrPeiBHgeV7SKD5SXDRgYG7B6FuQCB3455zjazqYuoYooju8pWZi6Dg+i844ycg57/eHNchaazfW9s1mk5MBRiUbcAmf7pzgntjpzkY6Vm3GoSrGNrNu3Z2jouWbOc89STnoT1IBOfNoYCSqOcordu7Wu67uyT1Wt9OruX7SEEndPbVesXp0S6at9zo7c74SETaikMy5wwkJHQsQTnggcADpkj5tHySv70EiRUUl3YnbgYztO3I5KggevfiuSsbwKQWkKlznk9wRxgtjpz6ZAz7aN/exkK0Ers7YjdssMAqMggfLjPYjjCjnGD1zozTildpKOlr2tbZpWtbpzK+uruXCtTldyV2vNLX3db2em3W/RPSw+clp/NjeUKzKpfBLEnO9l7EkkhR+GByK9Z0bQbv8AsxpjNIkflPJ8/wDyxiIzlhkdeqngLyCSevk2jytc39lDMTJG9zxGijcFBUk8HK8c8jgcjOePZdc1sWemS2cMzF7xxCpBAEcSgADjBwAc9hjIHOTXkZip81OnTinztNvqklF6u7td7vXX7iqfI7zaTTSSSVtXq762Wtr9W+phRag9tughcNGu522rzuHQ5zksMc4+X2JJrDGrTPO5BIllLjc2CxBIBx3G0dOOMHnGMxWrSkFInMpLhQ4wSFbhskZ5J4AOeDkcdC4sLhJPOgiO6M7WcAOCzd1AGTnow5xyMHvFOlTVrpape9bV35bctttG/h/XTG7neysley1un7qb20srpbLb0ezFZr9piG5HgKbpZN2SAc5BfJAPQYPTI55IDrye1t4pBaLyHHyhiQhU43BiMkn2yckZOcYoaRZ37JPNPzFGT5kchKEsVIUBCRhc4IycZx25rMaHzFmjmby4/MJwuQyYORnsQVwN2MDryuAbjT9/3W0lv6vlWr67Le97pMxnJwu+SKaWyWyaSTV3rsut22zZW7aNlNsoDMq+cGzkqWGWyc4IHPAGenG457/RvFWnWsV3pn2USSXloIRNIeFU9TlweQclCjZHfnIry6CzlYxsZSAAY0jDEM6tkK2TkgcdMkj26GuZrlWIyEFu/lkoNzsCcDDDnjIPJOCAOKuWEhV3bVuqS6ct7JNa63V72ey71h83xGBblTlyxmndStazSTbS0vbZ7K2mui9HlktGnjtoLlfKiUqZg6gs3J8pyORg5yRx23EkE1ls4zdJDM5zkMrLl02DBCnBPU8E8Z5BHc81aWLxsshcP5xEhUA72c5K5XGRgnkY9j1NdVo0F9e3HkIS0ruQg2lWRVOAoYqQpPAIJUAKc4xga0aCpNLmu1/NZtLsr9uj3vq0rq3zWa494lykuW71aaXKrWej91rS1nrfqrvXora8W3s5NJkfaZ5PMGQAkcanAw2MgsVO7J6j14q5p1paPb3LyDzJIZGZgMJGIQc8ZxyTjBJAOTnJrTh+F+tS29zcXT21rNHE0sLT3KFpIm7bWOS5HIxgDgbetXNH8CahdP5Mt3FZxNAzBHdgbkrn7i9gxHy9gDxnAyYqnP2bl7RqKXbVr3U1a2/daX7M+P8ArVOMpOLjdNXafSTSu3pezt+Gl3YyoL7R12L9njW5Z2aO5KhECbjlQhOCSMLuAPOCCdxJ5q+sxPLdTGSQtKxMZZsoq9gCpCgE4KgEdMemejvvDjW7RxzSqbmBiFCjcmwkBS2AR8vXAPbnPU7mqaZBa6NHBbqlxcIFnd0A2hmGWDE9wScKDkjqMKSPnp4uEKkY8zlKTSu2nZWjbvbburX1euvsYbFR9mnHlTUUnZ3d2oXtv2ttf0MXQbAu1qLeMyKjBJGUAu8vRViBAI5OfQjpjFdF8W9CuNHsvD15etthuYV3W+wo0btjaHAwWbBJzgA8t1+Y4OgjULS6siZNqmVJQIwWIlHQkZHG4YOQRuORgDA6b4yeJINUTRLCWd5Z7e3SWVSoxFIAFJ253DkMoHIwe1ehhMOq2MoSlFuNkrWXL8Mea9r7aWVuvVo82WMm8TGnCdmmrx5bLZcyburK2iet3r7tzx6HU/O0y40yWNA8kgEVy2BIqdFwNoYhSOmMkYBHSsuxtpbF3lmYjazPCxc4kUcHjPJwMgEkqQSBnmkjiklvYJLcOdwJQbS6knGQRwuCDkY6qCo9/SNJ8I3+sxq6oHmVWeKMrtjjbnMb7sAkjBX6KDzXvYqFClbRKKVtbpX0vp0u2rr5dDetiYU6b9pJK9tW9k+W7fmm3fS+nWzKWiWbaopljuXWS3XzVaQEMytjKrgr93BCnOCNvbp+p/7H+j/2X4b8WavdXEzEaS8VrYSTNDI0kqkCWMMQWBHzDHG3I7EV+fngvw3fWd82m3dvGtxfSRQw+YqoY1cthlDY3KvUhWPGGByc1+pXwV1z4XeCvA/ibw7400i+u/F15Zx22galZyOkSSbQA23O11ViDuA4C8AnmsuHsJDF8QZfScVKCxFOU2ktEqkUldp2vvuu29j+TfpIY6pjeHv7Kw1OVeWIr0JTVKnzzdOnVjNpP7K5FdvTS6urH6k/8Eq7QN+0hp+peZ5a2mh3UlxHKxAlDSoW2NlQSA3RmIJ4Patj/gsNA6ftLW0puls49V0DRLazWSVFjWGYbS7tkBVJOcHJUA9DkVjf8Eor20i+OtnosNpLf3Os6TexWhi/esjbhIGYcgBVGWBwcqQTxXLf8Fx4I7H45ae1vqUj3K+FNOaeOdmV7Sa2XCxpypHTK/d6HvX+lOVYPD4uvhMLQabnwhWhKFrcknUp8r1aTd72fvN2drq6X8IZPRq4/iephailSWIznD4elVcW+TlwE7JRd01y2vG9l1Xb3L9lLTvAf7PmreGfiteeMdMTUNFsYpdTgXU4JnvLm5RTHHbQwOCu08F3UjoRwQR+c3/BVH4/33xV+Kdz4qv5JRZ6hboukMlwspj06IYj3qp2jIbGME4x3HH4s+J/j1420e4lhsNb1G1EThfMa+mlXMWMDY8jKQM42gHAYZxxjxzxv8dPG3jZoE17xBc6qsKiAtIxDLEAuIlGcgHnOSODknINfxVxjkmb4bH43L3j4SwNTGyrulGlaV1KK5XJNykvdXZaK2t7/wBJcG/RrzyPEGX59XzanictpVXiVhZKpFutUhyKtKN3BzhTm4q3TS1mU/iP4rvvPaKG4mWGWVzJskfe6k8F8HCgjopBOW6ngD561DVnluJH81nQuhMW5tozkfO+OTjnJAIJPJBJrr72w1PXpw1nDPclnDMkW6dgFGAHKfdb5cYJ6844NbWifAj4ieJpR9j0Ce3hkYf6Ten7PHt6FgWIDcZOdx69eefGwuS14xjThTck9+WL3Vlrbunq2lqtez/vXhzA5TkOCpUKvsadSnFRnJ8sW+VRu+jvuk7abJ9DxWe+lmkym4JnLIM8g8FWPBx7/LnAJ9KpFpnlZ9z4G0xoN7DHYLnOcZJ529DgrkNX3Bon7IvktHP4u8WWVpGQpktLNS8ynOSu8NsPB5ODz1JJ49d0n4M/BTwvtkmtJdeuk27WunOJHUHBxwpHXuffHU+xR4crXTqckNrp2k1rF3slrvvK+uh6VfivK8PrTbqSVtYR93SzTu1y2089X1Tuvzb0zQtb1aaO307Try8eV8eXbW00hOSOBhQCCB0zgE+1e6eF/wBmr4q+JWSWDw5cWVuShE18j2yFT3/eYyMHIJx2wM1+gOleLdI0ArD4T8B6dA0IULKtisjtkbQdxQ89CT1yADxmtWf4gfEu/VltdNmghOWSKO3YKc4BGdqgAYzwozzngGvewuQYODTqzc9F7sFGKuuV7ttaa3vZX9WfJ5jx7VVNvDUKcEvdUpzXN0V2rpJ2ffsnfp4B4X/Yk1t3gn8TeJLewRlUtDaqZZcHG9VKkjp7Y/Wvpjwz+x38KdLEbXyaxr0oCu/n/JE7AliQqqCF6KcEng/WsOPxF8XJlAjhnUIvyqts6rnnjJXIIPpwOpxjNWI9Z+NMrBFi1TAAAMUTAknsQVAwp7ceoGM17VPA5bQjenQg3prOKk1pBNaybT+WunqfBY3ijO8U3KOKhSUl/wAu3GOmm9nfrpbzvZOx9H6H8Gfh7oyRnQvA2lWrRpgT3NuJmOBgk7w3zZAJxjJ4FejWmhXlkiw2drb2YBCL9jhigQZAy2wbD3yTjPPft8b2+ofGvJUQ64CAdrbHxg8HqPmGQMnB65PUVI958ZkCyEa+JOT91uQMnOADyeSPT9K3j7NRSp+zimlZJLZctnbRPZNb76rv8tXxea1qvNPMJSTeqdSba+FrRtLe1ktEkz7c/sLUWUfaJZdwdmZtzFXIGcfK4IIxjkHp93tW1pWjXDTrPOfMypCRuoUKV6ZIPoCVzj26AH4N/wCEq+LtmEM8+uI6NuYSQSOoJAAxleBjA6/kAK2rX4t/EyxRC9/cphuUurUpwxxjlR65JJzweTjnzsXQ9pGWqv01VmtHttZbPtvd6W5eTMZzUVioybd0lN3aslvs0tm7vrvsvu7VtK+3WixtMYhv5PHJ5G3cvcA4HTAyMA5U8Vc+FtjuizKD8qlNxyBu5IGOhA3EY6YHGDXzpb/tC+MLeGOO6gsrpFAyVjcv/vMDyD6jA4Ix3FdJZ/tAQTiN9Q0qSFhIC0kbAsWPbGdxHtj1A6gV4MsPKDUYxTV05apJaR2d9tn5N38jvw9HGuMlKq3HRqMW3e1ley6a9ttX5eszeGJYjJJgFQmfMUgNgZ6qQG3c46E+oPNYVz4ZdZFLRo8bABcADDY+8QvzDk9/fPapdP8AjD4K1holvJLmyuWX5S6fJkfdJIwMbiMjoDuJzjFdfDrei6vGF0/VLO4c7VkQMiSKoJGQDg7iBgkZPGeCObhNqTU4ta7u1re6lZWSu/09Ee9hcBi+WMqlOTu4vmadkrp+Tum101e+i186fSLa3bc8SHCgBRtDBgBls/dJBB2njccDAJyIW0+D5HiUMS5+WVcMNwIHfjA54ycg9uvqs+ieeQSiSQkfI2QdzADJ3g7SRgnAbPQDJrnbrS5l3RtCoQEsJGAUuRwoDYHPPAwD0GAQa3nKPKtGrJaq7u3a701V+jufQ4DCyjH4NG0ne/w+61pda+ujelrXOFFuihmMe19+dysFwncEEZGSOmD0xzySsaFnZpEDKSNqfdCjoW4AGeM8/eHGCeRvto0gjJjwyqMsWBzkE5AXOcZOD/CS2RzRLaTblj8pd7RgsxU9BjAB4HIxgcYP5V5tWo4Jaat+XRRs799W7pa9XpY+swSjy6xSlGy/CLT6rVO2zv8ANWba6aJnC+RuUISXUKdv1yCNxJAGMk9MYGRoRaKEi8yFTsV2JE6DggEnqCpOR0GSeORxiWxufsUboN+7IKrgjHqGznI45+9kc46EbMeoM8Tq7FixBAQfKueuSfugHrnGM5BOK4vayeqbtf5vVNWeqtZWva+m10espRskl3bstbXXq099lYr2mmOJAhQNuG9soAF+VjkDAI/2dpGM5P3qvnT7M/PIpYqE37gQx2uR8gzxxwRgjace1a1jNaA7bkzPKULK6/dwPuxsBjB4xwMDHPFXJrOSYoqXEKq6bgxC7uM4Qk9SvT0JB68it4VGo2crNWaV9Xe1ulttfLT0MJqPNFqPNtfTo5J77LRt62tbfcrJb+H3QTCLYUCgrIy7uBhioIBZeOm0DHv93Okg01mZY1yWLMoYABgBwfusDgnGSOvBC4yLN5p6YR2jUkKBhCc5Pylhz3PB79++KasMBCkROrqQqkbmGCOSQFyCcEHdyeTnGcuUm42U73te2mr11euivo3a72WzZCaTT80krW0Sjqtd35WbVvVc5NpRBaZVQBiSCiZCZIwPcg8cduB8tUJdFgJEjKGYAb0IwGJGSVyPbsePzz6LFaTSIYg8YUn/AFbKF6EHJJHBB5BOOeOeaytWl0mwVX1DULW1iAYEPIgbIzgcHgZ9Tjp2BJ4qkZtNQi1J7NX6uL0s7vs/uvuethMTSp2ck+i7K6cXbrfovR6ba+Y3+kwNG0aqpcDzFDZCZLZIzwWKgdT0yfl4zVeDSHLqkUDhTHnL4C577QemMdsZHfnFN8SfE/wZpW8WhbVbmNNsaRJhDnHIfGMnryx6Hr28f1X41a/OjRaNpkFggGwTP80qrjIIwM5BPPbJ5AbAHRRw+JklHllFPVOT3Xup6fFqv82tjuxOPoy5OW7/AMNm0ly3vf8A4e1rNXTPoS30WFU8xx5RwAS7KqEAZJ3OBgLnJxySeCDgDF1LW/DOhswutfsEMa5WNZUMobuFUH+Hpnp0JGcV8g6t4w8XaqGW81i/kADny4XaJdjZwD5ZHUc4PHUe9cVLaXE+WkkZ5W6NKzO2CASVV8kkdCeeAAScYroeCmuVznqkr2TXZ2bT9Fbtpta3nV6715E/e2ave+i6Jbpa7NPVdD61v/jl4MsC8Vktzq0uVDeXGUBcdt20gj1xjPIycHHD337SGuzJLFpGh29sobCy3J3lVBwoxxn+nGOCAPnz+zTbqXG1SVUlkx949eOSuNwyOikY7Cl8h8J1GRkDBJc9uMEnPAGBzk9j821PC007tKTta7V7t2tpezt+W6RzyqSSfPq7LVrXystret9d3udzqXxe+JWpXDs+uyWcMpyYrZAqIvQBSVz0/wBoDpzmuZn8Ra1qAla/1zVLhpGwQZ5lQsGbPyqyjBB4wD6E8AV23hb4VeL/ABdJCbbTZLaxcgPfXgMMSrx8y7iCyYGRgdxjoDX014U+AvhjQfLm16X+3rpSpKJj7LGcjK4BJPTJHQ4J6mumFKFO7UFZ2TfbZO2mitrq7fddTGvTpq8rO1lsr9O9ra6q9/W6ufHWl+E9c1+RPsel3Wos5CrI0UrqM/xNI2eDnk5wOBXuvhr9m/VLswtrd/b6RDOAXhjCtIwODtJXBVs9T8uOc8ivsWw062tVS10yytLKzTCrFFEqMqgcKxVVbcckEg9zjjIqaSxJZmMOQpOxg7Egnjdgk8DPQE5HTBok4xs1qnZK6Tu7q62as7JXu3db6sVTHKafs9WkpK6f2bNra2+idtXrbc8n8P8AwG+G+kvCl7Z3GssASz3D7YXZePujHBOM8/hjp7/oPgnwVpluZNK8P6VbeXGAcW6TSgkHo7qcj7pOBk8cdAeSFveMSGlGyPhUI2lwM5yCQSATk8+vI4I6XR9Tms4Gt9wcu+N7AYypJ25bkgcgt36gjArkq4pwTak7qSS2asrXWjbV1psr29CqVWU7Od+WX2XZ9Fe9mvNLbXWzKOp2iWb3DhVijbPlLAqxqB6BQAcHIGQ2RySOCRyMsqDMm1nZlHzE8jHXfnBOePqeCODXod55F2C5Pml0bcpA8tc9umFwMn5uMkHHL58t8S+JfDHh9MXt9BC0Q3SW6Ms0zBuQAqsSOfurjJOe+TRTzCs0oavWLd7u7fKtE7X/AES+4lhadVSbt0V3/wBu2tdWdk9Xv57XkN07GR2WONzgoyhQQO+M854BPf26mqr3bxgTSzKrqHZg4CoMfKpYuPvAcgD15JOc+EeJPjashnh0HSwzc+Xdz8lhztYJk465OOQQBnaMV41qfirxHrTStfard7CWJgh3xouMELgAcggDk9PU8V1xqVXrJ2u1f3urtfa3yWq6+b4qmXUtVZaJPtreN0lZN9fNJ+Z9bah470HSiFudSh81fmkijIcs5zwUVsgHoO5HODj5uGv/AIwhmaPStNaVAhAkmbbGxzyducEN15HTIGPvV80RWs9xL5hLGPIaR3OGdf8AeY85ORnuM5GMGtkSzGMICYkVSF4AbbjAx3OTkZHT1+U10qTdrSavZtddLKz2tby0d2l54xy+hyu8G27aOz1Vkl+Gtm+uzVj02++Ivia5UJ59vYByFAt0BYYOD8x5IGd2SM89sZHB6zqWpXsjNdajdOwPJklZI2yo4VQe4wTkjGCeOteneAfg547+IOx9N017PSjIDJrN4phtgmOWj3gbyBzgNx6DkD608N/s3eCfDvkz+ImbxPeqA7qci1jYfMWCqS5AxjONoGABjONFGKtJyVna7b9Pw0308tLHbhcodVe5RjFK1m1vdxSdtdb9b8r+Z+c+n+GfEmvSLDo2kX+pOx5eC3mkG47ejEEADj5jjA5JGcV7b4d/Zd8Z6yIpdamg0OGYB3MjbpsEYCGNWO08nIx6+gJ/RKwtdG0O0MWk6XZ2UAQrAtrbxrIoXhQzgAknA/jJOOtU7iaaZc8kuTkhSSMAgbixACgDBPUcck4rGpWUXaNml1st9Fvt2Vmr9+h9Rg8hgoQdTVtbLa3ut3ta/dNpedkfLuifsweCdJVG1S6u9ZmV8vuby7eXb1wAM4PQ49hxzXpemfDTwFpYEemeGtNiKEMHnXzSTkn5t2Qepxxj8evpjWsk6IOTg5ZdwBGTjacEFsnOCcYzjHORVWzWB2R5AFOAiD7wJxwxwBxwehzg8EZrlnVkmtLrRate7frr5+i26nuUcsoUkpRppWitWla+nl3v5q/nYoWttY2ieXbWtnbEDJ+z2sartABA3BMsx42568Z5GKvH94pEbMSACwLHkj7q7UIP/wCvkjvc2xRRgrGPM3H5VKuzY4APHHI6AdeWBGaznluGDSRoYS+Ayqp3Io3EepxkEjHABx0GDMXOSTva701vo9VfZ9X29NzSdOnDeK93a1t156Wu9rau3VamVdLM0px1wDISSAo64XHGecY+YHsMBq7n4U/DnWfin468P+CvD1u4u9bvVgaUjcLW2LAXFxICCQixl26LyDg4Jrn7HQLzUWRt/l7yN248qnIJCgZwe2BnOMnI4+7f2EotL8M/HrR5pz5klzpl3bxPIBhJkDH93n+JtoGQM5B9q8fPK88DleNxVOfv06NSaVr+9FaaXtv23TfY6siw1DH5tgcLVfLTrYinB2eru4prbVvRJ7pv5r6j8f8A/BOvwvb/AArufCvhLxPqWl+MxFG1/wCK7e4eOSRwN5iVYyrCEMCoUEYHJyAcfx3ftl+EPiN4G+J/iXwfqmpahr2p6Nq0umRPcXs19NewoWEMkcW5jHFIFDbWAK9Mda/vR+NvxK0vwP4S8Q6zfTLH5On3F4gEgQnyYHdWILZJMgVBwCcEgcrX8Jfxg8T+LfG/7Q/iLxk/maheax4j1DUxYwwyXl2mm+e6WxMSq3lRhCCTtAwOT2r+dcsrV8dVxuZ41PEVW5KnKSu0r3jFX2S7d77ts/ZOPaWFyrKMJgsLKVJRinKEXyx5bRUebW2qeur620Z8oeDvhbrOqZ1TxdPNYM04f7Gcq5VDu+4TuCgDIzjGAOvNfS+haf4Y0gB7Syt98UZjWacKVkEYOFGflJIUkqOQegIzTfEuoS2KzyalayQ3s0xUl8R7Y3OQmMDZtC4YNzkEEZGT4n4i8XW1rHLawXRaVIwY4AygIW5POe4yc5IPTFfmOdUM4z/Hzot1KNCM7KNNyprli0k5ONteVPVN/e2fiMPZ8qm+WU2lrdpu1vleye1/K12z3C58aaTBmGfRNNmbLKEaKArtUjMhJU4J6L2IGScACvP/ABPZeBfE1rJJc6bp1iWb5jaxxJKFJHKlFBIOTwAcHGBkV833niG9ku8tdESMFHnbmCnLAbMkkHj7o49znJouNWOWaKRvNAVEjeTIdhlmfrwpbqpAGegGSK68Dwbj8DONbDYzF06jtJONery3vHmbTqPztpvu9bHHWxbg+WSUY6d0r+7q935K7S20tovT/DPwv8E6Nqcuu2byXx3fuYpmLMshziQHIAKsMjIA+XG3HWj8TtIu3t2vbeRpWl2oIhJsBjQ52ZGDuVRgkqQev3a4nSfH98++xmgEMcZLFoyI2LLhVBfqex5IzyBgfMLOr69LqEEqz3LiFUzEgct8xUjKAHI5xuPXGSQei+pSwGcf2rRr43ESr04RjC8k7wScb35+lk72va+iWx87mFSliuSMls9EoqKTTXM3GSWjsrvqmnbv5WLiKFJUluRbL5qq0Ifc+9D8xPuxzgHOOQSOMXb+fS5zsvX2WhgQRmVifN2gYyA4w3JOQMkE59K8v1bRPEaahcS2ENxJ5u6XeylwFc+ysF4HBJHc1w+o6lqHneVeSsZbcBGhJYMMjGeoI2sOm0jrkEYr9fwWCw9alT5KqcoqDaT+G66Jdb7WtqkzrwmSUaqjOnVfO4xbalqla+is110sk9EvNfVXhb4Z+G9fjl1qO6haDT03sjTYnlkXLZUliAqcAp1IIxjPHrGjIk1s9rZzu0TKEZ5F3CIRHGIwAMggAZDAc9QAcfD3g/xFqFnexW5upTb3DlXt0lZd4kyFDqGILLwT8pI4I5Br6V8P+Jbmxt5EtmaTyXLKhQsqoSNwZ8YztGTntkZwcHgzjBYim1epeDs4Rm1ZSTjq00lZLvrs9Ft+d8d5Jj3GClipV1b9zCbTUWnFpu69bJt9eyZ9eeA/DVxqYSS5sp53D4tppAQnlJgCQZGCrAHBJwcBc5OK9DGn2l7qd8ttefZp7W1czqQrSzPGpQrGFGMKAAQAB64ByfmfSfi/rcen+TY3whjSFN4UFWjaMcpGeSUP3chupwQQOPV/CF74m1TRbzx1omnzS2GhWzvr2sTRmWCKa4OFOCMMzMeR7D5gc48zLsHNVaaqU1GLqxk4/Y5XayjZtay1bvd6JK2j/nTMODM/xeZ1Kt5+zafJCDuoRi4yckkpK2t91rbbVr37wZ+yl408QR+B9eg8L6ymm+P9f/s3R7vULSSCyv7kyKM2sjKokXJyDHkYzxkV+nX7YH/BLy5+AP7KOj/Gq31K61PULy/trXWNMmAig00vGgDR4PzsJCY88g4AzkcfO/w4/b41Dxp4d/ZO+EF1c2unJ8LvF6ald35hihN+txOpjMi7FIRB1Xq45B6Ef0h/tWaLqv7TX7Dnii1sdZtre08Kx/21ch2AjukiQT4ABG3zEO5eeAc+pr+5OBcvw2J4Swc8vjhlCpiKWGzCU7SqUpSpJU4KTacXKo46tWumtUtPxDjrNcbw/wAa4TAZjiswlKjlUMdllBwcKVadKdJYuVdSd5wo01LkUWk0lJrt/CjJYGzu5IyuzJLMDhvmOOM87sE888HPAB4/Qv8A4J92ZX9pD4NRIy4f4geHiDgqOL6Js4zz8wwcZxjjOWA+L/FOlJpniO7syWkMU0sZx8wwJCBhscr2Xqc92yK+/v8Agn3p3nftP/BCBE258Y6LcNg4OYrhWBOOhAUHjnHAyK+84Kwn1fHY+nKMW4YXEwekXryShqkna6Tb26M+14jzT6zk2BrxnzKc8NWVrJtc9OV0reStZ7Wtdtn9Ef8AwcZsJvhX+zxbu3zjWb9QueiiwI3DHJ2t3OQMHg5wf4yn0e2tr+a8uwvkRXEkhO1s5OW3liTxkkjKrub7x/u/23f8F9vhx4k8e/D34BnRLTzrfSLjXLy+nZSsMcdvpzyMrzsCiuVTCqTliCCBkV/F/wCJ0S0srkSQ4hZpA4G4yGRH2evC4J5ByBj3I/OuJIqPAODqOCcU8dGLVtJLFVG0rXs3e+t7PXd3f1csfOlxZjVOpKnPE0sE2r68rw2GSl5Jp6NXum1fc8B8UXml3Oq/axbItvDG25mwjMw+USbehDEA5PAIJAPU8nFqC212siXRaOXMiqnKqq5ChslwAo/4CSMn3p+IzvnuF8xwZXcRrIrYWMEnHy8sONoHrng1zGk6jNDLcRNEJAy+UoePKqo53IwOfTIwCecnk7f4rxmHU8VWqO7bnJ8ujtdp2drb9r238z+hMnrYapg6ClO0Vy+9zXbtyrW0vvvt2O7u9Li1uNroSmOSM7lLKVaRXblkJI+Rc9snsSQc17bo1p4R1HwPPo76SiXccexbxWC3M12gPTq3luAWOeMjqpzXiVl4njmsrm1NsrSogjWVQE2IvB4PcYJ4znqCcA1PoN0L26t7ezvXiVJG89mbguD2GR1XOCScfdz90DyowrXjFydNQaaV7Jax6NuLtotHZrbqz7ynUjLCSjTab5HZJ2vFuNnaV09Wrcu71vu194fsw/BnWPEet6DceG1l03U45mk/tG5dorCK3gIdzPMSgKkDDAnoSCACMfSnx0/ZQe00qH4ga1rnh7Xdc8XeIV07TrDRLqCOOL7NIFlF8RIMiU4VXwADkNk4NeO/CH4wzeD/AA7pcOm3pguRBcadLbGEETrOhV2YleNx4VsAjkgYBqt441jxvruneGF1ZZNM8Nza3DBp97BduFgmutStw8k7bjtZ8kqAobGSPu5H23D+Nyz2sfrcVWdWVOCguSLbcKb96Sul8T7K62e5/LXH2I4qnxLQ/snFwwdD3IVajirzi4Rbi7aJ3e7kkrap2P2L/wCCkn7P3wS8Gf8ABNb9nHxRf6FF4P8Ai7ZWuhWWm6fo9nAttqNvqFmzX11ql+kZ8+Z3VHXMhwWPGfvfzf8Awr+CniH4oaouneHYZbu7eV42s7Ui4ubjDFmeK2jBeQRxgt8oYgcjpx/X9/wXJ1vw74B/4JW/soeBbrw/a6hquvab4LksvE6hTdQCy0VC5jmKmQm480PIpdmbaccg5/lK/Y9+OVj8B/ihoHxF0dbnUNe0WK8SOykxPbRyOjBXkt5AyOOctvU4+b7uQK+uzfDZXicww8nh40qKp04uMW9UnG8rpe87JXSsnpe1tPquGsDxLlHBOdyp4p47N4QnXpVYwnCCrVsNRrQjyT+JwlNuUkuSb12dz6k0L/gm34ri+HPiP4xx+KdAt/DXhjWY7PV4dTuI7PxDYBARMf7PkdZg24FYwUw3A6Yz+9/7CerfBDw58LPhx4M8Oaj4l1TWbWG9v9dvtC0dRqi3VypZo9Vmhi85NNkEeFkdggX1GK/KrwT+0pH8e9I+Jmnat4Mjvdc8cNcXmp6lbSvZaRo8tq5NrKtohS1+0Ozjexj2hl7dan/Zu+J3xb+CsHxQ0r4ePqN1451DRpLK6VrdLq1stNjBDPC6ozCfymxGIyrMcBWxivUy7E5fkGMdfK8KqiqUlByqczlG6ipOCcU1Z6J2unu2fybx/lXFniBl7yvizMKuHngcZRq06FBckKqnGMb1UnyySclaKb5ba2e36Sft9eJbD9oTwMbPwF4NttG8NfDCdbfxEtp5NpqeuXU0xSRJIQFnuA+1i7MWwWUFhgV4b4H/AOCc3inxr8BdT+IvhXwH4it/EN9pTy+E9Bt3SZLiwMeZmaBg58yZ87lwG6euK/N3XPi14u0DWo7PVvGd63inxrcMt7pN289ha2MmQ8gv7ORlY3JcsAWAOArd+f3A/wCCTf7Vfjm38e33wy1u81jxTYt9ktLeCa5aW20eBycvpyuxV0bk+SvzAAEr6etlGGy7ifOZyzDDUneMvZwa3lTSl8dk1OWr2tpfWx8lmvDOe8FZBg5YXE1JYejjaFWpiaVKNSVO7p01WjS92LpRvHmprkb1d73b/ny8b/A3xV8PfFFz4X+Jek6z4d1CP/SDouoWL2s1vdGRcNsdASv8QZQRg/eGTWd+0T4NtLO28OQwyeYi6DEY2k5MUvloflOfvcgfxY579f6QP+C23gv4eQXPgXx7pWsxQfEbUdUOlajp91GkMtzpq+V5LIm1eYwSWbGcc8Hbj8L/ANqnQlNh4KWHapOgwTzSRDeC/lKWBwCecZG7Od3YivZzTI8HkyqRw1P2dOtGnUhCzuotpWdm01e7221Xl/Z30dM4xefYCGLx7VatQqTw9SpGXPCU4SUbxUZOMXJNScP+Xb0voflFPpEFu0i3G6UOhzyxwV6eynPTAI459K/vj/4JNXH7I/j39gb4V/Blbv4Z+OPFNzo92PE/h7VbPSV8U6XrVw8q+Y8lwn2lpERlMLqw2kDAOCa/ietPh1c65d380jwRwQWck8cM4ERlKxnGzOM8Hp6gEg4APQfCQ/EPwrNH4o8AavqXhjUdF1AobvSNTuLK4eaJw6Ofs7pvZSBsUhg3GTwMfP4HFYKlipRqTk0rSfIkm+Vp2u1qlo7K11toz+sOJeHlm+TSw8qa5ainFc13pKMYzs07qVm2nF3T1S7/ANXX7Qn/AARLjvfFN74v+FV3pni3SbBptQk8A+JrGOG4ljkkaaa00+7g8tHRd2yIfMxGBu5Ar4Qi/wCCZngLxP4ku4vHfw1vfhhFY21xDeaTpl2bTVpJlZgs2nRXast4jkDy44QzvkYAXIPp37Hv/BaH49fB6LTPDfxz0Y/FjwxaxQ28+oXP7jxNY22Qpk+1ABZwiDOTlmxgbjgV/QB8J/2xP2G/2y9Fiit/Efh+w8WTbRHoviQw6R4isrphtCWl5MY3uCkhIRlOCQPvZFcuZ5Pgs0qzxCockW/4mHiozTfKk504tau7upLbZn864zg7iXIKTjkPEOPw1SlKU1hMXiak8NUUWlGnGs7uCdnpO7V7dz+WDxf/AMEVZte0661z4OfF7TXtESaOPwh4+sm0PW43TLGFri4KxyZVflcKAxO4lc1+W3xq/wCCfv7Sfwoku/7Z+Feqz2NpHIy61osEmqaXcQq5DTLdWokTaQC33sgdCNwav76/HP7IHi/QTqGq/C7xdFrGkavZyhtB8S2tve2t9HKd8kNnqQRpYnKnZFIkobBB3HnP5n6j4q+IfwG8RXGk+KfCuteF3luJRb6bqsX9veCru3YsFWSG+jncRykjhWCgZyBivlcTwviaUJzws6laEbNwSXPutOR+Svo27762tzYTxgz7hmtDDcU4GrS5Y8kq/K6lCbjytThVhzKzWqv6u19f4RvEfgy9s55LaS2uIbuInz7e5hkjeKRPldCsioQQcjp2bGT183vtA3O8EqEuyYfCsQrt0bIOV28emMds8f3Z+OvhJ+xf+0tpWozfGT4L/wDCsfFd0ZIz8SvAdjF/Zt3PNu23UsFuiwwRgkO4CBkwMrlc1+VPxi/4Ie67fNdeK/2cfiN4d+K2ikSTLpkN1FZ6xFArFlSWKVw0jKo2kKgOeAc5ryI4bEUJqM4uT3dlJdFo1JOzTu9H0aW6Z+s8PeL/AAvnNOnGWNpUJ1LNOck4WbirqV3ypbNO2vXov5c7/wAGeI7GOFole5tZ5WwisxJU4wWHJGFDcY9M5y1emfDv4K6t4rtbzUpYbyzsbV/KLLFIfPk25JjcHB2kZJUAAZP1/T3xH+xf8aPh/rbaT8SPhZrGnWVtHJFFcvYTw2kjgFYz9q8vy32suQ6nGzPUEZ8V1iX4g/DE3ngv+xha6XLG91E0ULSSEHPyxOqfe2gAsxyeMjJrgx+Lrwg4Qp+8vdcp8ySSS93bX4laya1Wy2/ScNnGAxtOLweOw9ZtxV4VIVIq6jLlSUrty0SaulbY+Ldd+BnxA8G3Nlrlpp7hJ5SbG6ikMk0sW7KSBFOVIGN38QA5HXOD4l1/4geEZrW38Qytb3s0YuI5WJkMkBU4AUfKGC5PK7gcnHWvpLUfFvxHljtL2Kx1S2stNnDqXsLmcbVO4qco0bBwCSBgcHjbyeJ+IFnrPxN0/wC3SWDLeRMwjkltWFw7MDuQoiJsiZ+yhScdDXiPEUqtSn9ehQnGKjzSajdJpX33tdKXmtd1f041+SMeapFy5VrFpXj7qvZO19Ffba+tzw7w78X9Uh1ItcXMpg+ZxLGhZpDkE7wRgqBj04XBPIUe+2XivxZ8QdFSfw/o7XljHdxwXNwkTeW20gAS4wF7M2T0B9TXm/gn9mzxdcXMGq+JbRdE0Ff9IlMysJrmNX+aNYyA4WRSdp4Ug9OmPrzTtW0rwlaHQfCtpa6fo1tH5s0e1o2mnKj5mYnczswABbI5HDba+L4ozfJabVHK6VPE4xPlqTp29lRfu2c3HRystEuvXodlOrLVubcW2r9n7tk9Nt3a2qTer0OGtvCtr4XhGpa5eCeWdCW063dikEzYKxhFPOGzk4AJABGax5b0a3qVnM95Jb2FrNDHdRnPFuGBOMDbnaFAHBXOcZrQaeHXNWCyxXE07yPJLbqxZNnYDpsQ8nc5Azk84BHf6fa6ToemSS6hp1rdvcTZt7YKXlRwRtaXHLqobgcgZO4k8V8NPEWUqlaTlXnG3s4twtGUI2UdEkk2le71dtROMpfvINv3raXUl8LveysrtLo2111On8d/Eu1s9AtdJ8Px3k1vbwwxxXbQ/PbIFABUquQZCWw3OAP4gCKyvAulax8Q/Cd9Jquqtp8NsZzaW0z+TdXlzwIy2SC6Fl+VMAHPHAyKq+NdOltr3TdW8NxXUylRDJBEYk2/8s1wuDuQY28EYA9SDw+rfEO10y6ls7KS8id4ovJSIbYreUfdxtCrnJHPX1Pp8/Tymbw7hhcL7PESrqo8TOUZOXvaxTbavK2rvoturMqmklaWujabSv8ACmt0m0k7b7avWxqDx34g8I3P/CN6zc3NpLFvthFIweP7OcqqMSPlUqcqcYXJ4PZNQtvDOuQG40+6S2vp4x8zEmSOf5g5AzhFc/eyFwSDkfMrY91pl34sFvd32WvlC3Mmo3HzR+Wq71ikkGBuwDhRnr1Ird0bw34X+yFZ9YWHUZTJI0kh3RW/B3BSpX/WEDaNwGcnb3PruGFwvs6sVKni48qrrDwvBztFOTUFy2tzJWStr0MnN3tL3W2k7aWaslfW2zSsrXdulr+E6293pt9bWNlNO8sp8qZ1UuZWL7R5bDgHgsB24APava4PhIpsdG16PXo783IRJ4riUiW3c4ZjCNwO9MFWJyCRjANF54b8F2djFOt4za3DLI9nLkukjY3F1Uk4DEA8kkBiG7btTw1NrcemLqc6x3dpZtLHHGORcHAY/LjhkB6jGCcjJBNXmua1auDofVJTwsoO1SVSFpVeeMUlBO7Tvps2229iHKN2tdFzK17Kyjzaa2dna1numlqj0KTRPDEmj39loAjgmht1mu7iTPmSSxqBMqy8Nl9pONzIDnGcHHjp1qx06Ke1gK/ZxKVuLafJdm6bw3UKGweTktg9K9V0bxNp08VzDZaYiGZ41nZmTbDIMFkJYEsrHIIAAGMEjgV4J8U4YtMkvtR0mVnlnxJNAIt8UTA8j5VJAB6AdSOeeD8xkdGtiMfPCYudWKqzUoTqytzPS6lJ2trqrO+jd7bRzxjGKgtWrctrb8tr8zTvdPVXvda2N638Y3GlFbRJbJLO6ZpWmJUFUPKqzbvMbBPOOhAyME1pr8Vl2Ppd1cwBGQsZrdsFkUExrkEDB2gnBBA9dxr5Us9I8VeLZDPawTC1SJg91IJRAWjBOwYIVf8AZU4ORuI/iK+HdL1h9WbSrmQpPOrxRySYeGAxsQFJyWTft+Q/LycHHNfo9Tg3Ja8W6mIi6tKKc46ScX7tpN66669dVbXfJ1ZQi/eej1Tbas+XTVffZ7t+9rZ/VVprdhdYGpXiSwlvPi8l2JCg4EZUNgnGDkjPI5AGa0tZ0+HWtOGpWlys1zYR744mLErEcCNQMku20D1bg8CvHofBPifQfMvW26nFbIrMYXDRrGRyroM5ZQT0x0PTPPQaH4rvLeK8tmhilkYBtowRDEeDuIxhgT0AG0dcDivClkkMNWhicrxMKkKNSMnFNvl5bNp/Zu7dbvv0RpSquKXNeTlbe8mrW+LpHRXs7+e+lTRNQvE1AefbN5YeRrgqCuFBIzkkAE9ABj0GMgV+lv7L8l5rHhPW9PiWytNHjZriSafb9qui0Z2xROcHeD8xG7DD5eDgj89dB0q61y4lAkKWLrK090qZ8kPudUZx8uSCMnkDnI3A1+gH7OB0vwhpVxpviDW7OWwnLXdvYQyA3JSOMkOXBy7uwGY1IIBY47D7fh/E0KWYUsRN8kowakrqLcpcl4u2123tro79l9RwxX5MbGM5LllGSvKyd2otbK1mt5Wu9bPVHU6xNFbPKIZHYxyPEvBIADYDHPOec4YYGc+hrhNdX+09I1KwjRXkurKaJC2CGkkjbZ93HIb1xnOcY5rv9UubHXNSnuLBRFaSzSMsbJtcKSSjYGCSOpIOMMeMYA52fTgziFCqqHdVdc5ZlDbMdyOSM5ySvP3uP3nLcRDFUY2Voyjbm0d7qOz1S0a1u7WTv2+kzBShGpySck72Tbd9Ftq762ve9rLre/4ueOvCniTw14imttU0+VLVbyfFyYyEdDIzZjk/iGORnJB688HgdSuYbcNaLK3l3TEBWU7VHGSSxO7qDkLzgEnNftH42+GumeKdFmW8s47q6toJ5YHZF/1jKThjgEMBwM545OCa/K7xv8OdR07U7pJbNIRaNM9ufvArvKquF4YL8oyCTgY47eXmmDWAtV5Zez+JSknePw3TabvpdWunrula/wAE+WU5JyldO9m9bLlT1SWlrt3113ud5+zRc+JtP1ia18PW7XFpOWjv1jG6ORNrbZZMqQqJn5mGDk9utesax8P3v/Gc9/4lijaC1keeVZQUM6P8wSEsQMAnCnIzknvW98BLnQPhj4QvNU1aaD7dfWz7pbfaZE3qCluw9+MgfNuA4yCD89/Fz4rXV9qLrZXtw8NyMK6EosKhiwiJXB5HBydx4yRgEfhuJePzriPG/UaHsKEIxoyxTjNTnKyV43Vorm0bTvrdvZrolClGnGTkm3ZpLV2tFJdYpN6X6pdEdh4/lsRpGp+HtNht1hkCpFlRKLWJvlXDDcAGB5AOcDBANfFeoeCbzT5ryOVBLMpDI+4beSD+7AAJznpjjkYHFdTH471A3E0c08xQ4jneRs7olwMrv9O/ONucYA4yV16fW9QaC1eSdy2yFS3yEkYaQsD82BnABHTqelfoWRZbjsnp8k6jnSlZylOTvd2u03re+tlfZXOCUn9nzV72avy62tte/RvTRduSh1zWtBje0tZlhWVgJYiCyA4AJ5Jxx1HUEcnOCLmmWS6qJbyV4vNibdKXfcHeQ/LjDZyCDwOnHPatS78O3Re4jeITSuwL5XO1iT8/mEcg9GJ4IUA8k1mpHfaTss5IBFE8nzso+cjgZU8YXHAzk8cEYOPrI16dSDcXFya73d0lbfa7v/LpffYTknHS13v2bVtt97fde6bPYdH0DT5NFmVoD5jRiMMGKmaRlOfL65Knjr8w6jBIrkLPV9V8N6g8OlysBbs67S24OTnCsF5GM4A5Oc++dL7dfRaUPIkLJBHvRgzCQEqRtRAfmx3z/CehGc8fZSXNvcR6hI/mebcb5Ec5kds9SHySOeQOo9T93y6cJTlW9vNTg72g2na1mnZ6Pz8np3cq2vmrpLrrF9Lb23/HodRP4h8UXUkOo3COZMlnWQkjyxgkBTnheCMfTJGck/iy/htVnWCUyzZMkkisVlbcQGUDGCg67ScAdcqc6eoXslzpiy7DDauSRwBOfl9h93JGcHgqT0AFafh7UtO1FIdOuUQkKoWeVFKRl225P8SsSRkEjPfriuOToxV3QjKMWlZJOX2dlZ2v3ta299BRitHurW1V97LZK+q2T377p8befErVLrT5NNi224dVS5kRZAznLLk9WU5PJIAIPGOh41tQumUqzK6yyjfKCRIRnBYnrk8biRnHU5PPp/iDwFBby3V5YXCyOxZmit8PDg8g7hnaueMZwMYAIGK8c1CC7sr2SOTcigkhD8ynIzkFew6gjgHkjkgepgVhJQcqVNQctZK3LJPRarRtb9b63VtC4pPRddXbo1Zd2t1rayd3u3Y7XRtNlmvQA26MMpcje42g5wGJ2sxPYc546c19HaH4dnvbb7LFK8cJVCi4yUB5ZmxnYvXdzxjPBJr5y8GXhW6DSzN5RBI2ADY2AAvPY9936DgfXvgS5RLOa4lPzSx7EbOQ+TgcZ3AHrgE8HHvVTwsas0rK13dL+XRp7d3r3t31XXhqMZySezfd2SstmrfjZPS7Vhb3wfHDYQ2AQziVyhmBJ8zcCMlcgnHAGCBz19OIvPhxG87xSxKqqN0YK7WJC5LEcYYnPTJYexr6L06K3xFPcfMI1LDOQN7Z2hVbkYJGMc/LnPIrD16+gWZmYL5jtt3AKoRdvc4zgE9MY5DA9cexgMFCGsY8qVldO1oq2mt203srPa+h6FTB04xcrtL3beiUdH5t6aWem+rZc/ZC+Gekav8AtF/DXQ9b0+DVNCvdVcX1pdr/AKJKqruAdGznawJIIxu4ANfbH7Zuq6DovxK/4QPw3oljZ6R4aWRVjsLKG0t5RId+1ikasfKyMM5IOATzivD/ANi2K0l/aX+GdpcyF1fUZSjJnIcxn5sjgLn73GO+ckCvdP23fs6fH/xPYQwGWUmKFnZBGrqI1DMDkfPk4zkg5IzkYr36eDpvD1MQ4tOM0k27q6VNcvbXV67u9tzmqKlCnCEbXlJJrqndXS83a/n03Psf4gayukfsk/CuVYoyLjTXSNUQsFSSJgVdxxlT3wVxnbjIz+ZPgx3k8UaTcCAAS6zCHMiksymYbcHjgDHHXIz06frj8XNC0OP9ir4WMtlNCsOmRbphgg3EluS6KSM43txjoAwORgj8tvhLZh/GPh63ubWSS3XXYVCEBwQLhTuxgFVC4wGPXnjmvMpzg8S5LlTlKMeVPW8eSOt9dbXXRJ6JHrZnllRSy+k4e7Up0Z35b2vyLW/RNXV7b907/pL+1vetqP7H1hYQKrvp2uwzSMsWXRvKwFLEcADBwMAjIx1Ffz/+J9UaSJo7y5EZjYRlVwAy7c/MMDk8fgATxX9H3x907T7n9mjxFpgvbOznm1xGtUuNq5jjQ5fcx+6hOMgnPXkV/OX8RfBfioXeqamdN+36LaFg2oWCmaEY5Dt5ZxjByQOgwB1yeXOsVgIY+FB1Ixqypxbi9I2drO6dr2ir3a3uk1v63iBwRnSweAzPDYGrVwNXB006tOm5QXLa7tC9tFeV1b3r3aPd/wBl+0hfSfEV3ku9w7W0MiDO2MIQQwIJC4289BgHrzRdwpDrV5G+c+Y6K3OWLMAMDjIzgAgEenPTc/ZCtXuvB3iB1BKQ3Xk4kR43Uspzwy5BAxyAOCep4NHxBay2/im8jf7yzsqsMtyGyDjIBOeOTnp1A44cvlTniKsqU4u8km01JdLK63XVtX6a6H8YZ3SxdDPcdSrwnBxVrOMlypJcvS/TfRO3RM7028zaNGEG1oVVi+fmPythdpPXIJznpz2BHyroPxmt/gt+0N4U8a3NgNTtfDeu2Wrz2DgOl6sEu+SFkZSGLLuA+XAGQQMEn7DSAyaO43lZNgDZztICgEDHB6EnPfOOnH5ifHuwZfGVzcIAvyMEA3KPNycBCCOQ2eByMYGSK+hrUlUhGEklGStaz12S9fVaabapHv8AhrOUM0q1IaOLve17PmSir+UUrvqlruf1Mfs+/wDBVz9jP4g/ETxZoHxT0m/+GfgD4laYlr4li0iRo9Gu9Ta3WL7Tf2SEKpZslpFVQAMkcjH5Nf8ABQX4taX4U+IA+G/7O3xette+EVxJLq+ky+GpRDLaw3jNImlzzQN5ktxEvyyZYOc4bgZr8LbiXUo5W/0a93sT5gUSMroemQD0YAgHJx/DyBn0j4SNqc3jLSkOj315ZJdb7h5IpmjhGQS7hgQduAcEHOBnJANdOR4arlmJisG69NVpRUnFyVndaxa6NNt7KzSvqftPEjwOf4H2OaYTC4pUkpxjWpxnFSgo2k4yUk3G7tdOzfdHvNj4X1HWhJqGrHULi4nbc13qMskzqG+bexclizAAjBPcjdnj+hT/AIJe/CbRNF+DPinxhemO41TVRqVrBcFVMsMVtbs6xROBnY5PzYO04bv1/HLVp9OFtN5KtbrsQJG42lnxyQpzxgAY6Y/T9/f2Aljtv2abWREUCe01i4YbRkv9nkAdQMHC4zkEH6YzX9N+EuChjM8q1MRdzo4SrUvNNtN8kbu97t3bu+jdl3/zK+nLnFXh3w2y3DZdL6tTzLiTLMJUjQ/dxdJT5vZ2hb3W4ptNKL6rdn82vx/0lV+Jfj541YD/AISS/UrjIKfaJMk/TnHHDdK5D4OfDm58RePNNt7aJkt7VjeS3KrvCMmHCtgcH+H5sjJAIBCmvaPjLareePfGr5LGbxPfqduN2DcuAWbAxgk5JByBkcYNfXfww+H/AIf8J+EtG1TS1tpNRv7SOTUrgMSxDDJBxjGFOCMge/AFfH8XYWnHNMTVnZxdeo00u87rTyvv0tvuf1b4L1MVjeHcjpRu1RynLnOUndtfVqKej3d0vubvoz42/aP+H66JDpGtNdNBeSSSW8ihhGTENwWRSOQxIG0Z7cDGc/N/hj4k+LPDN9bpDqN3cWltOhjhLSsyeV8ytHICXwMKckjv6gD7G/ah8L+LvEGq2OpaIr32jWkJ862GT5bgAbgjZLDAGWA5xgg4wPqP9in4O/st+IfAVvqnjm+063+IxnuYtRs/EsiW1nEMNuMKysodNuGBUZ3Y4HOPiac/9oUaXuRi+Xmb5VNprVWaTvurO911P1biC2DpTq1sJLEKVouKhzXSs77W32897s9C/Y6/bvttQvP+FefGK0tLnwverDbx69ehblbZWAVYrxZd2IuSGI2vgYySBX6s6P4L8TfDS/tPjT+x78S5PDuqiVLu48M6fqDT+GdaDYkEZt1laCOO4XIZGj8wFuG3GvyHX9mX4Z/E7403Pg74ReIIIoGRn1GXT40l0mAoWJRZRlACwOCpIwuTj589drGsfG39hDxDbLaa/ba14dvr9IreF7trjTZViABga1keRkIUHLIFUEY3KcY+owWd4/L6l3UVSnKPJKMrSpzjLlTTirrW3Xvbqj8A4m8OMn4tpTrYGjLLsfUqOq4Sg4Pnbi00kkoSktb769Gf0ZeDv26v2dv2q7CD4Nft2/DWx+HXxDiCaXY+OzbG2sLu+2iBLy31TYslk7OA4SeZ4CORGA3HzP8AtQf8Ez/iR8PdJufHfwUvx8ZvhNco2o2V1o0kN7rWl6ewEqlktmf7ZDHE3+ti4A+827ivzGX9q74dftKyNo3iXQNN0LXr5I7eW1mISO9vAq/6Xp98wzBOrAso34PIx0A+mPgL+1t+0n+xR4mhsPDOuaj40+GU7I1x4G8VzTXthcWMhKtDpl1MziORYmwiKwXkADBzX3uXYmji8GpUKtHlqO08vrNzoK9m/ZSs5Ydyb05VOnd60/tH4jDKuOOAM6qVsteJXsJr2jtKKrqKTTlTclTrwSWrajU7VW9H8cy6Rq9vf3qT2k9vJakpPC6NBcxOhKtFLEwV0kRlZXBAGSQAOo9q+GXxP8VfDu/t9Y8H63c+HtWiieJ7i2ZlEsckbLLHOpJRwVYqVdCTkkMelftRaaZ+xZ/wUq0i6vfCb2nwM/aFa133emusViL3UQg3B7ZfLt762aY4Jt1EjBiSWOa/Lb9oX9lD4v8A7NWvvpfxE8LtJ4eaVorLxvpETT6HqEO5hE8k8astrM64Jjk+Zc9TzXwXGnA2XZ5hqsYYSDqSi5VMJXhFyS91udJpuFWKb0nSb0tzKLuj+qvCj6QcMTWoYHO6jyzMYuFLncpQoVJ+6kuaXLKnNtP3Kii9NHJav6G/Zs8AfssfH6z1jwZ8TY7zwp8W/FOoT6jbeOpLkR2N1fTksJAJGCRM8jcIuASxABJNeNfHL/gnzrv7PHxL+068ZfFHhK8iF3oHie0iaSznkB8yJLvbuCOVJxkgMOQQOnzzply9oYZLK7liaAhoZoXZJYWVsxzRvEdy46gg5yuQOgH6WfAb9uJdP8MN8Lvj9Y/8J74HurV7O11W5T7Rq2jlkMMR81wZCkZK4IO9QCM5BA/jPi7hzjDg3HvHZHVrY3LXKMcTllST5qMYWTlhm77R2j5NNOx/dPD+fZBxLh6cMbGnSxLivZ4mny2qt2cedp2u2/i9ex+Ov7Z/hxbHw18PZ7WEwC91C4LoAI4SyvxgBgOcjJxnnqCSB4D4H0iGKxiZpmilnV0mjwuZHbDDClcsM9SDzxgkmvv/AP4KHaN4V8S6n4R0v4T39z4m8J6NaT6zfXWnWs1w2ii5bfHBeFM+UsS/uyzbcAA5wMH5U+FmnWEcWk3GpWxuYEk8sHKiQEOMuy9c8ElSo65ycHd+g8H5zQxuV062Ml7KvKDcqVVtVISvH3ZxlqpXte9tW3p1+azjLJ0s1lToc0qKceWcU3Fr3NVo7W0vb01SufSvwf8Aj9dfBXw4/hb4h2sXjT4O+LJWsvEHhq+3zNYvP8q32kNKWNrdQBvOjEe3JHQ5FaPxL+FdjoOnWvxB+GmsS+MvhJrbfadN1a0Hn3Phnz/nOja9Em5raa2LeWJJAocDIrxP9qaxtYPhJp+o6HEEt7zX4oj+72ukwU48spt2j8MkfXNeGfs1/tK+JvglqF7ZXX/FQeAtY3W/jDwbflp7HUrSXCPcW0MmRBdRruaORAhDrgnHFfYYRwlNzg1yyTXNF6Jc0f0XXe1nqtNp4l4KpCEk9aaV3Zb8tnbq0kmr76p7Gr8RZoLu0ngBSWMkszyjaXRu0eSSQccnnbgg5HNeFabJp9vNGyhY4kf5CGBaMjqAMnI5xkAZHQjJNfoV8VfhF4Z8YeE4vi38Ir4az8PtbBNxZIPM1Dwhfy5aTTtRhUlo44nLIkr4GBkZ4NfCus/D2a2cO0sjjd8wCttZicZBXkruOR1JPqQRXvUKMpyVSylFLmf2k1eFrra9+l202+lkctbERq1ozja0rNu91ZSi9nd2evno0j1Xwz4mtwgELLciN0KKzqPu5ycE5yTgngcgnPp6XJ4ijuLYKlvt8xSHIUybAQeQRnHt1yw6bcmvCPB/haSJwsl0u7ACRklC3OcEA5YgDOOcHv6+v6dYT2sZjBBCBi64OG25ztJJB3YwQBwd3ORx6KpSSVrptJc1ldK8bb+Xu6X01S1McZO8VZWSVlotFePLpe+vVrZb9jb0+/j53M25CuFI/dkZOMlhwARwCMd884rzL4geD9C8aSSWusQ21xkgW7NEGMJcEZDcEZGO+RwAR0Pe/aorcEG2dWbIYnhWc4KswI4wpIyScfhWa9pc3siz2UOZELPLs+ZGUZwpQfdP93GOgOMAE9kcHCSgpWabvKKu1JNJPmcryV0la3bTU+axdeUbx3TdpLX3rOKs7u7ST06c12u58z6l+z34QtIy39lW8wCOiyxfK5Ix8xY4zjORyOg9MD3f9my61f4DeI9N8U+Cbq6sdT029jmKNNNGJoFkVvIkCsoeNsEYz3I7E1dv0uWlhaVVjIdhsCnCMMDa2AcZIByf4uOOlWrWymnlTa/llXVldRjOcEAAEHAbP0JwfQ/McQ8LYLPMFi8JVpQlRrU5QnCUU07qN2rrpbR2vvrsejkmbzwWJpVqd4TptSi1az1jeLtrbRLWLunbWzR/QT8Pf2jPDH7UvxH+C0PjHT9HebTH+y+KdD1mFJYbmBkCn7PLMGY7ySzIWOSccYr9R/jJ/wAEp/2Xfj/4eW/+H1vD8OvEYh8+3u9AZG02e52kgX1n82U3H5vLKHuOpz/K18KDrGiazp2saXM8eo2XkzLOmVcshBADqQVLKMHac/exkBgv75/s0/th67a2tlDLqD2Gp2scEd1YXk+Yr0jA3RhzlHcD/gR6cmv4b8RPDfiTgfErMcjo1szyjktOhTqS9rQipp89LVp2TtaV72W+p+84HNnxRhsOsFmEMrzXCJ+zpzUVh8XpFcs4vRu62tdJuys9fljxrL+2F/wSw8R2t/HJea18LoL5VZnlkl8MavZxn7kaF2FjdSphRGxXc+eFBBr7EJ/Yd/4KweCrX/hK9M0v4ffGm500JHexC20/xDaXjR4SSCQiNb+AznDK4eTbnBJavsL40+MPhV+1z8C/E/wq+J9ube21S2+e5jx9p069QH7Nf20n3oyrj5sEZGc5zk/gv+0L/wAE4fjb+zj4D0j4o/ALxHq3xG0nTW+3Q634bllTXdGtUfKLNHbktcxwIAJSgIAzk8HHxPDHHDwuNhDD1sTg8fCUKjdWnKlFLRyjV95ck4NcvOk4vdp6nXiMilmtBQz6hRwGYuTo069LlVLEyik1KDvyyVRLWDaaadrvf46/a8/4J2/tKfsReL28XWdle+NvhpazNLZ+N9Et5bizWzjJeGHWreBXe2YhdjSyfIS2TkkEeEat+11oOvfDW60y98PS2/ieeP7G9ykbi3yAI8hgMHkgkHnI29FBb9lP2SP+Ct93b20PwH/a80aHxHo10iaXc65qFkt4BbsPJeDW7WdGztThnYB0ZScr8u6p+2h/wSp+Hfxc8Mav8fP2H9R0m/t76GTVrn4a2UsU1lezFGnmbRSrObac4YtbPyZMKoXKiv6V4X8Sss4gzDAZfxdSeGxWHnCWFx8WnQrJctuarHRq6vdNa6tLc+cxeWZnw5h6tKKUsNVXLzqLnCSdlpzRUqc3ZO2zV7NrQ/E/4GXMt94mtLK5uPPsbi2llVFOwQysC+cvjaQSG6gjA7nNfdmparrXhOx0qw8faIuo+EdcRpNG1IoHk8pDtZoZBlt8Y4wCDng5r8wvDF54p+Gvja50XxjomoeGNd0x5rLVdF1C3ks9Qs5UDRlhDIFdVJGd4yrDJBwBj9jvi94G16L9k/4ffEvWb5X0rRdEm1zSVLITNHK4UwSBuSHDAEHoTkYOK/ac54tp5VmeS08NWhWwOOqRw7lCd06klHklFpv3Xa1763T9PApZZDGYOpioSdPEU058rSjfl5G7ap8rV9t77Lc8G1j4fBLM+J/CcjazoMoLtFGRJdaehwfnQZO1QOQVwO2etc5pckrKDmUxo+3IBG087hICAxI4yeCMDd1Jbz74NfHVXuVntpDp8dxctDPpshLwXEIbEiKp3IQRn+E4GASOQPu5/hx4Y+Keif8ACQfDa6gtfEcKGXUfDWQj3bKoaSW3TON7HB2r94A46jd+pYDiJzlTpTnZe7yycktHy2Ulula9ns/VnFhswdCPLWakm+XnX2Wmkk7vr3WjTSueP6LaXGpX2mafab5LjUb6002zQDLPcXkyW8WVAyQHkBx1AB9s/wBEnhr/AIJW/A7wl8CLnxn8WtW8Ran4ttPB914m1S7t7lbfTtLmSxa8gtIYgA37plRGDEqxOOOlfi1+yha6PZftP/CDQvH/ANlsNJg8ZWceq/2ntgSG4ibMKTiXaq5nWMRsQAGwcjmv6rP29fiJpfw6/ZA+NniJ/mtE8FzWFpLAVlhb7YkcEAiZTtYeW3CqckNwe4w4pzvMKGIynC4GtVoxryjOrKne8vfpxjBy106tf5HhZ5ntf63hcPha0qVLnpyqSg2pSTmly7t2S7XWq00dv4Z/2lf2rtfl/Z+i+EkRjg8KXnj7Xr+wXyXj1HUbOzu5IrYksQTAFUYfG3klTnFfhT8Rdfkvtcmll3RwtEJViRlwCilkLKB8wXGTjAyew6/cv7RXjObxXd6Q8iRw22jWTWWnpGFjUiZ5HZ2TbksxfJJAZu/OTXxy/hHSZZIrvVGa+uGdgIIXJKIxyq4JJYYPUEEYHU5r7DK8f/Z03OnKMKlSr9YrS5lyuc1BTc05NtyaaVtdH0PZxOcYXGUPqqmoqKbm1a12oqTd73c23ok727HU/Cn4533g+wjCXriVcxPBJLtWRF/1ZUZyfQnacsCSQCK+sNA/ar1q8sYJGuRBbuVt5QDkhASGfdyAAfYYGeSea+bfgr+yL8Sf2kPiFb+AfhLo8d94ju1F0YdUu4dNsoLNGAaWWe4ZULRJggDlgcYznb+rfhv/AIIm/tA+C7RZPiL4o0K0tRdRmXTdNge/ypAJiF1AxjJzkEjqP4iCa/UMt40o1JU8Pi6uH5nBckqso3SikubVpLzSa3u10Px3iqlhMHCpKFRqaineC5nfTWaWyduq0Tfobn7HnjW+8SX/AImuWuw+l3U5ey8xyVMq7S5ViMb84JAbPqT96v0m0rUtsSQTSM+4FhImAQeAoI6nPy7c5AHfvXx94c+A2tfAC5i0LUdJXTtPf99aXMaELdjGDIWH3GIALK2RjrtNewWXjGCF1jeQsqqA4xyBxjJwAe54AznvitsxdLFyhOjOnJWu3Tk5R1alZPte7Sd7LRaNn59gsfiqfM3CSpOT5NWm4XjZWd33fTe1rar3p8sshyisyhjgAOOQdw3E5ODnkDJOOagmkYxlkA24QMGwJHx1x7HJ/Qc9/I7r4hxIiNHJyowcqx3jAwq4GMkADk9MKCDk0xPiXFIuFiIJ4Ksy4JxjcM9CP4gMjnjjJHHDAVHKF5K3T58ttO99tbL7z1JZvKcX+7lo7JLXt0Wjdm7O177eXoNzdSiVo7dlTPO8gkBhxgH5trYI2gkg9B2NY4fVnDxRgyyMSQoAd2APACr8wJHJOeBjOCMNwEvjFDKVd1jDFpJFUZwx5BJBGAckk9OpPeorD4hJpl+txDcebyQVABC5bAUEnG4DrjHOeD37HlvLCTilKaTai/db0Wyetmlpur3bPPxWb1uVJQqRSVpSirWjZXsn8VvS+xdafxeNTkjj0q5hsMsryeUQRJtGcMRwepJz6dTyJL3WdRSLy1gvgW2q2UOeDh/4cHg5I6+nTA988NfFTwbcWUcWqSW0d1MyhnHllC2P4wc4bI5ztGScYOSesnn8B3mJpnsJA4Z42iVfkBGeduMnAySAPUnkV8DjsTiaWIlSq5fU5lJxc4xfKpNpxV7WirLs9d9dD18jz3EYT3nUcou0mpbp6WTupWXS7W7Wisj4z1rximnWE/8Ax+fc2SPJGTtdgCc7gNwI4Pp68mvnfUviFrUOrwXdohtTG3+jTgMpyNrsWGApyvGMdT04r6g+L+raPdzTaPplvHHYk7zcrAFPBA2hwMnIDAnkZxjpx8na1Z28VpcPIry/ZpCIpTwQowQFwRwRxgD6gYwfrcmy+apLE1Kag5Qj7rt7q0fKr69rvT3rPTY97GcQxzSmqDjFprlb31Vm1139Ur6+v6O/DrxjqWv+FtIvZpmF3PbqrSFThSihSxPTkZUZ98j09Divb6Y+W8kZVSFkfAUsDzkOeG3Y3dc5PXqK+UfgZ4j+0eDIk85y8DskaLh/LOV2hl/iU9zj2JUcn2T+0r9tyC6jcyEfJnCgnnJ9MdCOCM8e3dSjTWIUXL3eZaXbWqTd7/8ABeq2sfnWbYFqU+RNpv4VrzL3XZqyenbTTpu36hFr17ZSrDBPLwSh6SKPvBdzYKhQDgY/PjjB1rxTd24DyLFKyswd9wV1zlgwI4OSDzhhknGV6cBH4hv7BmjaWBwWO6MAMGxwCGPLZ7HJGecHgVwnjTxnqlhp0+pfZormQFkSJF3EAAtsfZnbuwOSAMgnk4Fe9QhBygkuyaWiW2t++yWu9/O/yGJwlZu3JUSXTlbUWkt3e71cU42v6WZ12tePrTlJmaWZ1ISZACUIB2htgHPbJxg9ua8v1f4h2tlHhw9xO4Z44GBWeZ2OxERQPmZmIHXpxlc8fN+p/GiWa9CXmn/YTdXH2WKGN0aSd87R5ceNzOzMF4Bxk8/KTX0x8Ivhle6jr+n+J/F2nX6yOI/7J0u+hKwok214ZpWZduegAJ7DgECvp8vyJ4/E+ya5I2jKU56Jq6d/eau7aa9raan534neKuSeD3C1biPOcQ5VIr2eAy+m4/WcZiZpezp04NuXKnrObVore90znbH4V6/8RI01vxHLLo+nq0lymi3BeLzbblo5ZSQAd3BC4A5OT1FdVqnh7S/BWiw3kce6COM28aSkSAyYwvlKMbeScHByG6nt9K+PNStvB9ub/WZIdPsUt1hMdwqmO5lQDZFbqpyVJAx6k9DwK+F/Ffju58W6vNd7WttNgPk2mnxgrGyj5fOKkkEuCDkDvkDHI9XiTE4Dh7J/qeHaniK0WouNufVpc87K1l0V9Xtsfyz4DZ74ifSP4/rcX59Sr5fwhlOIkqVGTqRw1VqadOhQjJqNSpazqzV97eRlaxqNxqj2800jYUAJEoKqidlPYY4BHTPTPFZSWVnLNHJcMWfP70AkqSvTcThgo5wSMEevbWght3jVpJB5Y+YREruYEEcD73A4x3464yHXEOmDe0Z2hkDMRJkqeysOASSO/YY681+GYrEVqnvOV5Sd7ybsk2l1u7fd3t3/ANOcPhqOFoxoUIRp0qcIwjFcuvKopaJPou+1030HGKCDZ5EUZj5LMX5YA5wDxxgH2OfeorqSe4jwrLEqD91tADMWGCAw6gZPXGSMHJBrmrm8lLPEjbEjIRARsL45wNwXPbPGO5460JtQuFgG6QSqOjgE7MnGSOCD15BA6e4Hl105q8puPMrWuklqrtXa93stLvpayO7CQfK0ovfXTTldnpe7/G/W2rPPvjX4Jk8deBdd0G1ihkvbmymjjaZVO2R0IxyMgkkYxgg5zXz3+zB8L9b+GXhXVdB160hhluL2SeIJjKIXJyz4z1GQAc4wCQOn1U17I8kkZkDFgqlgx6MAcnOFz1PzfUnrVGeKRXUrJ+7cYdkG7djB+YnPcHv1+8RXhTy6lUxcMXN2qwi6d1K102t7ddru/TdtWPdwrqKHJFNJ+S929knfVJq3Zu6d/OG70+2SJY5YEdwN5Jw4II3YOQ3BPIJ/i9OM4J0XTJZS6xKjuuNwwmw/7PbA4GeuPaug2l5SkjkxKpCEg7T1wCcZIbHPPByRnOK1LfTLa7hRHk8ssQEwBhW52nqDjkcE+uM7eeiUVBtOSafVNX05Y6tW967XZ99NTphQ5qtrX1ik3fRJJJKTdneWne7u7anFf8I3E3NvdMSUIOTvVTxgHaTwCPmyOABgVmTeHtSBZowtw6YbjbkAdxjP3gPl6cDjOAT6TN4dmssmJw+RtcAPja2SMEnoenOOR19S3BtnkjKhHZVOFKgMO/JBwxVcnp975fQeVWai5ctrNvmV5Saso+8t0+rem97PWx6uGw0VNKpG12lvfWyV1o769bWT6bX8kOm6pjMqFNxKqAhGTjGGG8gH0xxjnHSqhtr6EsZBv2KchBgIAQBlQCCMDJxyeBnOAPdBFBNtKQHGGMgJGCPutjPXdt64JyD161karc+HtKja51G6s9JgADSveTwQhlz0UPtJAXkgcnqOteBXzGdC6k1aO8pN7Pl1XTR7p9GfSYXKqM05e1itubmurbK92kn57Pq7u54NfapPEwSdVjH3CA2zJPIJBI+8COOehOQeK4/V9WtLnfA1zFFgENl/4xwAQTwOMDuAQa73xT4n+EGoNItz438Oo7LmIQ38O4uAwCcSDByOM/xcHvj44+KnivQPDtvfah4a8T6HrBa1dksYLpJrlZVJBJCsc888fNjnHFedPiSlS9o2k1GKblzJN25dIpK99m9W7W07a4jJYSi7V6U1bWPPq4rl1SStpd6pttatWWn6LfsufFTwRb+Mrz4YeKPNurrVtNgg8JX817I9ppl40qvcFIN+1Q65zgYPpXyT8YdUi+HPxM0XRXgjudK1z48RTCeM4LBZ3QOvIYRlwuMgZyp+Zm4+F/hd8dtP0P4ieBNc123mXUl8U2MUrQSMZRBczJDEpjHOwlgcdBkg5OK+hv29PFuieF/iz8OPsF9eltK1fS/Hd9E8LAvZzzR3D7EOeV+7llHABHUAfmHF/HOZZnnOUYWviKjwai5KM6k58kIclkozVtEknbfW17n7F4drLeHvDjjWWBo0oY/E4zAOTpQipc1aS55OyXM3Hm5r6u17u+n6d/Ffx5bWtyuiROHu7q7VhAuCxjeHJBUZztTqDkEcdOngPwA8c3E/7Sfw10yytG+zJ4gu7ae4EQXy3SOSU9QApXG7s2Rndng/O/jP4/eHdb1XQ/iZYahdRo+l6lfz/arV/skbwW7RQQoxBR5XHzkYLZ7ZGa/Oj4b/ALXHjL4f+N9G8cx6wLmWHxxea4YFQbpLF55EFohIJjVoWC5GBySAQMV4vHudUM54ZzPLMptLEV8JXoQs1dSlTiktdLynJ3u9Lb7nbwnn+GyLNsux2a8/1edenOTguVwoxqU5NuOz5lKV7XvZ3Vtv6KP+C+tnaar+zZ+z/wCKJrs3C2Xi+4095FbIDMrNtZlJ5LAHJYE/kK/Kf9i7/go94q/ZA+GvxT0S2so9e0LxbpUFjpemSSES2N80YV5IdxKwl15aRVGTjAIFR/t5f8FRNI/bE+EXgb4K6Z8O4vBml+DdXTWbzVrmdbqfUr8KULxFMmON2ZiQ20Megr89NM+JXgLSPhR4w8ISeHF1Xx54lMdlDrk8e+20vTISCXt0+8l0cDEqYxnkg4I/CcoyKtPgzCZBm2XurNVKcMRThJQly+4p1eaLTTspNNNtv5HRnXFGAocb4vO8oxkXh40Z1KXtYynCrWjJzpxUJfE1JxcbqyeulkfRP7b3/BRXWf2tLH4eeHdO8Nx+DND8C6bIt/HFI095rmp3GWmmvLgcOqFQUTKkcn0r4a8H65HF4i0u6nvfsQgvtPmf7KduVjuonbG0kk7ct1G1c5zzu5m3sF1BBa2qxI0UYEkvAJ2cHIPJZiepOD2BGCdbwr4Xv5/EunWNjClxcTXEaqzgeUrqSSGwpUj7oCck46c5H3WV4DLOHsqhg8BTWFoYam/Zx9+TT0fNKbk5NN6t6Xafvd/zzOc5zbirPHmOPqTxdavVgn8UaajFxiowin7sbJJJNLa9z9a/21DpmofDD4Q+PLCW8+x+II7y1tJbec+Vcvp8MKgssbKyy7id5c/eAAxivhX4b/Gb4j/D7xjoPiPwb4hura40u9hubeyuw15YySROCFubW53wSQngMHQ/Lgk4JNfpz+xN4R8E+PvEtv4J/aqS5sPhr4S8PeKrzw3aa+zabpep6m0KtEunXMxRIJlcDyizhGIwAcqa5DS/B3wAsLHxrc3Hh7TodPi8WXFroF3BqVvJqUnh77UylnUttcGEHEiBWGcgjJI+PxPilDLJV8LXwmMx88PCDdfDR9rCcajTik7ttpJpx1cT7yp4dYzN6tDMcNjsNgHOnBSp16nsqkJUowT5uZ7Sbutrx7pIp/FL/go3qvii+s2+M/wF+CnxFjjs4S8EXh86ZcyTrGqi6M+n/Z1MjgZY5CZyTjIA+JfF3xB+AnxA1+28QWPw01P4aLPdltQsPDt2s+kw20jbXjginEk4wMklnycADPQfXH/BSXTP2Zf7H+Bk37PAgS5g8HR2vjGOzlR/JnRRsGoHcWe8d2cO5IBOAACRX5eW2kXieWsJaSFthwHzkZ56FsMMHJBG3GTX1vD3FMM/yihmFShVwsKylahWpxp1abjNJSskrXS11tbZa6/A8U4PMsszOtltTEwxTpezvWoy5oP3YyjJSvrBKystG09e/wCj/wAOf2Xf2afileWd34H/AGhNO8H3l46QT6X40s57G7SeZAJDFdNJHBIqsdpUDLgAV734y/4JW/tFeGdKk8T+Ar3w18WvC6Yjt73w3qdqZ5BIN6FLLzJJ3O0jDAZPGAcgV+Y/h/wtdT21lO1sDbSTHyGaXy545UwQd6kFMHphuc9SMk/Snwl/aQ+P3wZ16OfwZ4w8U2VvYXUEiaOLq71LTdRSAg+R9jkeTEZA2sY1GF5yAMHkx2ceyqSeDq0lO93CovddktFJNNdGn710te57GRYDD4uEI5rgKvK1FRq0LqSb5Xzcvw2atJ28rbM+5/8Agnl8KPiL8Nf2npdC+IPgjxD4R1B/Cuq711nTZ7SD93ESGjllUxybhyuGBbkgDdgfpX8TBBPqOqSACKSFCq/wZUEhm24I+bHTb1znHOPz31L/AILKeMPFWmavo3iP4c6RB4iSzhs08RWdukd9bIiiO6niuZVNyrOVZngZ8BuMdQJfBn7UHh74m+G7jVdO12bVtVgtnj1XR5Mf2hAwyfPKkbmQE7RkkZ5yMYr+mfAfxLpZWll+aT+pSqV3WpzlJKlOEowXxN6NSs7aNp6bH3WFhk2DwNfLsDiVXnUnOUKU1yTb0i4+8ou8Wk3pbc+ifBWp+FNP+KngSbxhM8eg2WqQ3d7JBy0WyUOjj5sldy8gAZ9OSD9G/tdfEnRfGmq2Vxo0VxDpcuhzWmn3c0RQ30ET4ikjB2llKAKxwckDHORX5c6vr19rkkTxl7W+YK9qrM6MUVt4yh5UgAZz25XbxXuPjv4nXWteG/B9lqibr3QdJj02KWNgVkDEq7uF2jOG6tnoxJHOf6/ybPcFnGd4fHUsVGpBUpQ541FyuMkl8KbvLRLazT7nwef4DEwyTMKXsJKc3HktezfurS6vzLXdtO606nf/AAtuo7fw1NDMqTo9+UMeRvAUcEnsMdDjOScFcA1478cvgLpvxE0PWb7TGW21m2Es8EyDkkbmWKRhgsW6AqPUYC8DovhtqIs7O8MknmKLpZCVfO4Sf3Qx6YI6gDrg5GT7ZpGrW0pud4QwtIFdPl3FHO07gcZGOBnP1xkn7HNMupZtgq2FrQU6WIg4RjbmcE4qN1o3ur3v1dmtz8owuEXLTpzi1OPxX+K7UVfs1dO60Vj+d7V9P1/wR4nj0zUbWa1vbO8g8wXClRIsdwu2aMMQSGwGyvOMY65H9v3wT1y5k/Zx+FsyEPLP4H0jcy5KMv2aHIPGCV568kEcNzn8CP2iPgL4V+Kmjy6vbKmma3pvmNa3luipLcSxFpEgnKEMyELjdyQTwACc/u5+zQkz/s5fCa0leGY6b4btNOvGjZWG62CQsrnJAZWVcg4G7gH1/ljOeEcy4WzWtLEpzwNdp4WurtayjeE7Jcsoxer00T6H6LwfCUJ4mnKCSUY8j3v30euq5ey8nuW/EXhC38TWsN3HGrptaC9jiAyrv1cjojByTkEYwrZB5PlUWmav4Avn0i+iebw7fkeRdyq2Ldm5VXc9ByeuAATx1r6N0y4XRtXniLhtPuZmV48jKsQTkknAAzjJwOgzxz22o+F9M8X6Rd6bdokiOmUYFQ67gQjxuOcjcSMEAqCp9/Lr4z2c+SzmprS7vfWKe9lre6vro7dD3MRGpTrN3ag2mldaaxulfT07tbWVj4z1/wAP3loBqemHdAEaV1DB1VWGQ6AcFWGQMA8HJORXAa7bQ6jZQ3tuCkkChrwKNr5GAWTIwD/FnBzzjJOD7y+k6h4F1aXQPEJkl0yYsmmXsoJgaE5CxSMVxgAAYJ68jjNZ/iHwgksaz6Wi+W8JMkar8k6SDd8oB5Iz8pxj/aGCajD454Vxd3HmkmpLe9472trva9rbMzg4VOd33SSk79Wk7/NvVaJuyt0+KvFvg+x1KKS5Xa0F0pivISuFmiOAJioHEsbEkc88g9MV8r+KPAs+h6h5cDj7RCqz6Xcws0YnhByImYE/vEHAHOemBX6HS6bDbTyae0O6IXG1vNU5UkNuQk5UqQOgx06A4J828XeD7WXzo7m2xBIrPaXIXLW0owQUbDHYCN3UcY3D0/ZOFuLY01DDVKyqQnCPK5SvZpJJu69E/nfY+OzjKHG+IpJRfNGTcWl1WumutmvTbRs8Q+HPxYug9to+tTlLi1ZYI5ZCVVgqkFJhnO7IxySScEAnOfoebU4r+x80CN5oWMqKQPLkibIYSfKNwbkYBJ9M4218k+NvBcyedd6chs/EFghnkt8BE1e0AyLm2JGGkUcuo+YFs4GKl8B/Edlij03UZ3AR1hk3ttkgdMBkcnkqDxkg4G7bnBFfpmFq0q9RV8PViqjSbhFxbu+XmastG+q1W3Q+cqxwteHscTSvTl7qb1s3aLv5XV7tK2u+h7qnxe8QfDf7NpKW5uPhveaoLy/gbdJdaBeSOA93Y9o7WRv9ZGnDAZGO/tHiixtvHfg0WzkvpeqpNdQ3Qw6TQzRFopYyMoGOTjOMMM44xXgN7DbX9ou5I7q1mVj5TgPuicEFT1BU9s88sFHY9j8LPHNp8P7LWvDXiqWa58Iapp18+iX+1p5fDV+LeQw2u0/N9kmkIVT/AA/TiuqpGdOrTxmGV5xnGVSEEk21KN58qfxX1lZ32S125MU5YPIcyyWVP22VY3D1YxgrtRdSNpRas0k7u6Vlts0fhlcX3/CLfGzX9Cimcx6brt1aiQNwUMuBxyBjOMD7px1NfQcDeX4is3aYkXywzDgENumiKgNgk4AweSc5Ve5r4k17Wbi++M3ijVHYM0/iy+Pm5Kh4hdSCEgcH5k5wVycYzjp9nw3O+fw3cqMkpAMnaQVEsWcE4IPJ5PI7DOMfseWZo8Tw/iU5crhGcbN66xWjWlrJXdut+u/+RPihkNHKuK6M6FOKjVqVKadrJJVbtapbJ9vS1mf3zfsyXSj4E/ByJHXzF+HGkgHoMGFM9MA9MAcggdQcZ/Kn/grDLG3xE+GkMgCC58JarAZEA+ZxExVduASozggnBHJ54r9Gv2WtSM/wh+EsKsxRPh7pEbrnIX9wOe+BjoeR14wPm/Nn/grFdxr8RfhKvykpoOpjBXJKtExIBIOcjucEbThufm/kXgvDyw/iJHVrmlmc3u9JOc1f1TXmd3iFi1ifDqrFpclDE5bTS6NQq0I6WSs1s/uR/FJ4m+D+u/Fr42fEDTNF8pLu01W6vZNz7YzFDI48tc8b5CpCnsck9wf0S/4JY/DbSbD42eKf7WXdqPh6xa1it5SDJFcB2WUg8buRjB28bcA45+HpfifD8Mvjv4xvxM9vBquvX+m3pjH3YJJZF37jyCjOSCDkYU5719G/CPxZ4q+BnxPsPi74UFxr3g/Vb2KfW0gDTztZXbgTEom44jDEqx+hziv5k8SqFfFcTZ5Sou3tMXiHDazqe0d07p2TW213psf6t+AjwEeBuE8RJKWIp5XglOL0tF4eilyp9b6Wte/W1j+gn41fsweHfiroUl1DjTvENsjy22p2yhWZxlkim2j5l6A5yVIJyOK/nq/am+HniH4X6pdaZ4osTHe2dtLNp96w+W7iyQJY5QNmSvzYYknr0Hzf1AfBj4o+FPin4KsPE/hnVre90++RDcxh1MtrK8Q3208ZJZJIySpViMMpGO9fmP8A8FVvCOjan8H/ABH4gESpqmgraC2uQimXy5pSJFMmNyoVAJGSD1APRvy/hXMcZg8bPAYpynCU2ve3pyUla19XF2tZq3fo3+t8XQp4nAV61NRjyUW4NLayTe3X7NrXur2erP54NP8AE9tNFGLyG/hkaMBZoyXQ++w4BAAyTwMnpjOehs9RsrsLFHqNoXBPF7H5TsDgkb2O0nHAI647YNY3h7T1m020yEkc2yFecsv3TjLDGTyDnGR0yQa6SHw7DOAJYYhKpJyFByPQjsTjHGMkdThQP2KOHU+WTkkpQXluot31fVX38vJ/yfVzOSxE4zXPyyldJPRNq+ydntrt3ts9nTxpcUga408XADEPJazrKjqQOMBgSAOo9TkAADdf1C18OXdu0do11p8yKWxLGerg4XeB0HJBBGB1zgVyf/CN7P3sfn28gJJ8mRxyoznYrZCjAI4OeucDNSrba1AheLUTMHIBhuI952gkDcWGcHON3XPUdAM/qs4X5WrXsmr3b0tvtra2zeuyOmlmOGqaVIq2j20e191ZXV7eau9SuPD90jK8Gp285ciNYy+WI4IBDE84JGcAdsiux07w5qAgUqS0m0lvkyjISBhevI6EYySDkE1yzjUWZmuNLglEahVMBaGQnHykgAjPBxzz0GelXrfxFdWcMSK+pWTKwJJ/fJjcCeDg7eDyM9B16FOlWaStK9leUnfay317W03tvfemsBWkmnDvba791O7tGz7Lq+6Zs6np81qXM8UiLtyu8bUzj7oJAGRkAj/61fMnxFnkt/GfgbajIXvJAQOh/eAg9xnBzwDnadoBwK+lL/xfcX8SRTXtvcgFcRzxGJmbgZLOABn1B4znGBk+D/Enw9rGra34Y1awsRJHpc7vP5UyvgFgwKANkcADAPXBPAAHPUTXuzd7ONm21/I979LO/wB/TWqWEaqN0pLlcXZJ9Ha1r/n6LS2vvekLDJGAqrk4aRpM7sZGdw6c9uhH512Ma2y7VEaEEccrs5yc5/mMjjHU5x4FYa/d2pAnjvIWMa7mliYAYGCCduD7HOAck5rpLbxgxhCJKGwwDGRSMdScHA6jpg59eeazrQi9ea/VX3fw8tk/ztfdpWZly1qT96Em27vra7S/4LatZpqz2Xpr6VZXRYlEWUsSSQuw7jwFIwOBkYHGT06VUfRraPMQKooG9RvUqSTkgnBJIxkdcnHGa5i18XqpEbYDgFh5gwpzwQSw6HAIOcHHQjpojxFGSGkCscfKMZHPGDj8geMdR1OeWVGoldStdXsrpuPl7zWvbR99G2dEK8VZSitNdmr3aWuqV7a7pO1rN6GhNo4uIhHDJIAeCwUEKw7BucHkZP3R6AnjjpPDmqxTyCBzySS5G5sEhWBPAJUAYzgqOeeFHZ2+u2qEqZCoY79qYZScEdec+gOT0PXtYi1O3MxkDMd68gMuFA6jBJXPOCMdOgIrklCvF6uTWltb6LlT5mtru9vktE9PQhVptXT5XpZXbd0knq9fwOZ+w65YRq0MsrKu0gRvtO49O52knqckEcdcGodU8d674X0jUr66jjvFtbVrkQ3MKPv2D7hLKQR05BwD+Y9Eiv7eRTvRHiJGAGUsASSOVI6D5geQVHUkGuF+KMVrP4P194kj3R6VPgFQeCOh2jB/hGDzwM9RWE51IwmuV7a3XW+n4t6b6WtqjthNtxafNpFpbLXl0vfyb13t3euf4X+LWieJrKxutS8LWiyXsO+TyI41KZJAwqrkBmy2Rwc5I4r0uK28B6gBGgk052JbGCqKSpP3iSB6ZXK+3JB+bvhNo63OkaOoiQSm03SPtbYV3MNuVyQcnqOnGCOlfQY0G3EeJXVWUcMp6KckgqSMhTg56AHPHQuNZezUW2pWTbTa6J2tte99tbg616souEWoN76Je6r21S2fXW78rvXfwLY3aBtN1y2c4ysDlXOchgSF7qOF4IGeO+c+78B+IYSBtt7lQSo8mXY23B2ryeDnJI7cnqeMW4je1DvDJIzR7l8xHdGI7fKhAyAMc4ON2eTmrmma3qluyOl5Oq/3XJkB2rwWZlIB4xkjng9a3lOThHlltpaUU1tFJaabp9rPfu4SoVLqdNRvr7vXRXv00avb5J9CndeHPENqTGNPnwAGbyZhKw5yQVA4XnGS2c/NjAyMx5b23YRXEN3G6hgd0Tc4zlchenHzdOOcE9PULPxheq6/aViugPmO4bWABIzkDkA7RgkZxgHdnM8/inTXnWSTTTGwB3sgjkbk4+VGHfnnAGWJ46VksXVhF81OMld9/LbT8L6tddLL6nh5puE5RfnfTRX1100319Xa550mpTKoVCFLAYDIyHoMcMoGR9QvBzkc1n3eoybWcgMybQcHggMeQFPOCOjE56YyMV7Gdc0O98oSraAKu3ZcWqhgMcksiKQecfKff2rlNc0TSb1t9jbeWXOWe1c7TlsnCEls84wCSTx/doliaM4x5qDTa1e6XwtqyvZ3Sd9X6Asvko3jVb1SWt1pyvTf1Wq9EdR+z3fSRap4jljY+Uzxb1GTkspAG4ng9R74OOpr7osr+3NmQAAojVm+YEMeMkg4LEHOD6Y9BX5/fD69j8G3Wt/aN8cM5gEW5f3jBgAckg46A4J6cgivqHw94wsruCNEljlRgqsDIAQSMAAjbnaSpHOAB2PI+Yx8P305RVo6baWemtuzdlp6Ox9xlLVPBU6ct0/e2uveV7Ju7TV9UlpZ2PUvtVpeCYzQQthiqnYpwMYA2kFQwzjaRjsevGBf+D/Cuqxlp9PsWYr+8DRICSTk5ZACGwScqBjPT7wq1bTWrRSSBkIciQhWU/Oem4Hr0HQY9QRioBI4cpuVfObIGMqM8Dc2CNuMHI7deTg8dnFq7u9N1Zp9L7WWqs9E/O6PWa5o9NndadGr2atumtF+PXzfXPgp4PuczW8EliQrEG3cjDA8MQTkqeuc9OOckHh5fhNd2rNJpet3aKpUIso3CRRwFBw2MDjjBLAYBzX0DcG6ij5lMsZUnYmGIzggEYPy5AxwMcZIxUSR3LeU7glVXI+UDrkgMAAMDIPI/unkEinKW7Xlq73u7atpu13byXRI0hTTXvc7aSu76cr5bNt32vdLXRW0aaPn9fCnirT/AC2QJOI9yyMkpSUj1AB4fBHBUAE5weAM+e612zl+aDULZVJLyAySJu457+gwehGeMGvpdoI3KvKg+csrAEAAKQcEjIBxgcAkZ6cEVmmxikMudqpwTGQGypJ55BznPODjsfUTGXM1FbJ690rJ3Seqbve60dkJ010956JdEtE22731T1SutXqeL2Gs6oWjVdSjl3mPzUmJSU8g8BmyW4wQcHjp1Nfm5+0wC3xi8QuxZ2m0qwZ3YA4IQ9OCGAPynAxyAeRX64Xvh/SbiTc9lARvUF4VCOCCMfdA55OffA45A/Lv9oDRdEuPjxqunapd3Nppx0qwRJkBDQuykKxJBO0Mf7xIxnJPI7MPOMaq5ZOTtZc19FeOyat306dG9TzsxpS9nG1rt2TdtddUtd/u732Pz21S2Mmq3RU5AkGTg5C4POBn05GeCcEc0xIFV4pUbCoxU/Kd3dtvPQDB4IG3I9q9q+IPwo1Lw3KdU0eU67o9wTIt3akTGJCc7ZFHABXLbjzzkc5B8NuLgwyiNHY7XxIpXbsJPCtkcHgkZI564OBX01KfMoKT0upJ391p8vbr01V9LLXb8/x0K1OpVfLrpaStZ2UdL6Wv1vdu+vU7SzuUdWVtxWNNrbiAW6gYBB5HGW3YwPpmWWCxmtpiHRnIQqC4DEZ5ABGeMDnOD0PIrm7O4ZlYglfullc5OOeCCSDjORxjgMMAE1W1m4eKzlktz8wClSudwGSGPOeAV4BGc7uSOno1KfLT5o6pr/gXd9rX6vVLVqx87hq8qlZ06sbWbSd3dapRutH8+/RGvqUj6Pc2D2zGK4QI0M8MpSZAACsgdCpDI2QQCucdD/F7Xo/ivxJ4r8Iv/bmpzan/AGTMIrF5zukRD8pGcgtheASx9ByMV8ptf3F1Jbm5lJboSwx8pPAxnA5x7BSVI6kfRfwwlR/C2rwOd225DKRznqeGHYjGCDxk845ry8XSSouT0V015+9Fq1+b0eujS62Pp8srv6x7O7svN2Xw6dtdt/Pex6T4ZuxFeWoZT5geHDA7QcMCQehB2knPOeOxr6YW9W6s5vLwkIQsxAJYSeSDxg4ByDg4OD3OK+adH2G+t2CYWSSJTtHYc57kkLz0475PNfRlqvkWTKoVIbiNgW+UEALycdcgk8j5uik+vh1VdQfVSXRbO3bq38tux9hSlHklHVvbzV2uW+99fuunfdnIftCSw3Gg/DRA+8/2RdknA3AiVh8wOOMjOQPvbgQcZr4O8Uwg/Z5cscFgw+6MKcr26EgjI6Hgg9R9yfH6GOLQvh25lLtJpN2AQfuBZX2dxjJ3cjB28k84r4h8VyZ2bXyfLAOCDkkjJyowc4wQBuPPGOa9jDqSo6qzsrxbvo3F6tddLqz181c8PMI2qSVrq1r8zbWilu3q9m2vNIxtM0mS9urmWMgtHGjmMna7AjkgcnG04JXr1xwTXqHhpGhubKRlcOJlRmwdy/MBtzjrwOey4H3Ttry2ymuILtXjdh+7XLAZ4IGFYZ5UnjBHHr6/Q/huTTdbsrHylWDULN4zMSAqSKCMlgCC3fHO4buTkZrZc13aL5nZK9tPhvokk2927J2XZXPksXUqQlzTb5Y3ik9bu8bPVpWSur6aJrobXimW7sZ7e6spnikjKOskDlJFITO4yKexA3dDkY4JY1618Mf2pPHng64trXUjJrWkoAjtKzeeke5VZRu+VgAM8gk+p4A8n8ZMd0UEWCo2LuXAUkrg4zk5B5GeQOnNY/hvTluLlhsefyY5A0SDdweDng4AHU88jjjmvXoYdV5U6ezaXvXs09NLaW3votLao8Wpn2LyyNXEU6kpRp6um9rLlbSTtotXaz0tZaWP1d8PeOPhH8brEx3Utrp+rTQbfMj2293HNtAO5TtEoDYwQCOvPavkz46fs26vG1ve6FBbeI7GOVir2qqbrBzkSoMliAQBjJJGOcAHygeHv7GsLTU7W8lsLmSQNE9mWSVDjcoYK2WwQd2Mc9B0z2/wm/alu9D1m80LxnDPqtraXDRxXSttnUK21WIBIbAwTxgrnJzknoxODeElHn5Zxlbe3aOzSb3St0fTRWPfyTifA8QUXCtSlhq8YxTbVlqlaS01TfWydnorWPjvXvhfeaZcToYJra4BkL2s0bQPGQc7CGUZXJIwckknrk44GXSNSsCY5IZI8OxIIce5KnJyTzyCOuQa/bMH4Y/GPdPDHpl5NcoRj5LbUoXK43ZwofHIwRknljgjHinjT9mSWOO4fR4V1S0Xe32aUCK8gBzgrIR+8VQQFKgggHBHBHnzw1HENWSpO+vZt26LvZ9eur7+3UwNamuanL21O2lm/hdtdO2nK9VfXc/LO0uXS6jRxkYMb787Wb3b36HJx1LYxXZaW8IadpjscNud1YfLCRjAHXBGMjoeOnWvWfF3wK1TT2uJbW3cvG25rWRWjnjxncVGcOOoJyMcfe4rwLVNG1PTZ5o2injZMK0ciyK4I7DI+ZcA427j1yBjjgxmCqxhKmm2tOWUW7acu1n10/He1znwlVUaylPdOzhPR2sla+m7imrPS7t0OR8a6fBJNd3Ns5dHPmFdo3bQME4UKQDjJBIxyMADB8unf7LYW0hQKZGcZJHJwcHBweO5wM8jGOK9bv70ywXKXUISWK2Kh9qpjqDwwIPQ+pJ4B5rxjWJAbW2G44V5MBM4GScNgcA/MSo4AHJBzg8HsnGKU78/8z2suXe/vLT3Xpq7JJ3PSlOE5c8XpJ7X03g2tOzbW2q0tqZ9qzNNKo/54u3B4HBGBk9vcjjIJ61heYASeCdx4Y8gZPPB78nA5981r6ZHI7MMOGaKRc9CFAJx6c84P5c5rm5GO9ugIZhx9T+np+dTGSgm23JtpPRdk7Lbm6NXV+70uTbRWfRq1vSzfe1vy1LomyVYk4H8KkggjoOeuexHt9KekidGcDPJ3EnaB0z1yPUnPXjHJOZkj6j8+OP8j/Cl3MOc84xnvjOe/wDnHHSqVaNtnd/pbbve7Vr+bI5H5PReW1vVbLrfXoa4eHK/Ng4Pz4AwDwORkrwM9RzxnnBtW99dROgt7ydAecRzSqWHT5gGB9GIJ7cc4rnixY8nA/M+vsTk+v8ASrFvK6zRkEkg4GCBw3ykZ7de+c8DFSqqclZWfMtbvRaXtrp5b6aWsCi0nq76vR9eita1vXskepaR8T/H2gEf2V4w1e08oEJGLpygAxgAM5BwBgjgjP1r13Q/2rfjNoahD4gj1JCq5+2oZMgAZG4DIJzn27YwK+TpmdZG5xknHXIGT6k+46duOADTxdS7Spclc5IIABJwBz1/2gcjgdPTdYhJ25pQfW7e+j2vuu346MGqlrczaW17O+3R/NXvor27P9BdK/bh8WDCeIfCujasoG0lI0UsAAMlXHJJ3fPtwT1JOa7G3/a3+EutxiPxV8NbWNpPleSG2t3ABxk/JECcckAnPB+bBwPzRS8ZQqlT6nk9cccYHY4GTj0wRkW2vg8aoy4255O3Oc8ZwFPTsWJAyMDjG6xVblSjVbjdO2r3cb3ur6JJPsn3Wk3kmlKKaemtm2k1ouuu/TXyZ+mkHiz9jnxgVj1DSE0mSUZd/IMJRmAP3sgdeN33emMkUkvwG/ZX8XF38P8AjcaUxI8sfbYVAY5IG1myTwQMYycnp0/MnzI8HJU5wehOSc4A69QD14qxDM0YDQytHjawMUjoT7LtbrkgdG28bQM5rVYqbS51CpqtGlfZW6a7Wvbbv0m8Xp7NLTeLs+nndv8ArY/RHUf2FtHvl83wp8S9MumZS8EVxLE7svGBlX9McgdOMEHNeZ63+wt8V7FHk02bS9WjyxBjmQM4UngIHPORx15JGeuPmCw8WeJdOYS2HiDVbZoyNgjvrgAEEdBv4IyecDocdefTtF/aF+LmilPsfjG/dYz8sd23mDKjaeTk59+4JIA7N4ijN64ZJLovRNbNJbO6t0a72cVTi7Sc1rd3d3o1otNN2tPLQq65+zr8WPDcEwv/AAvKULHa8UgcnZkjaoyT82T6nnBABrzS/wDAni3TXC3/AIc1SDCgg/ZJSOckEOARg98DrgcZr6UH7WvxFngjh12Gx1aCORS7MrJK3I53DAO7rk4HPTNexeGP2z/CUcNvaeKPASSBdoe4jSGUlc43DzAx4Axztz/DjqyisPPo4Oydmr228/O1+12tBuMLXVWV+ilFaPazVvLomnpZn51zad5DiOe3ubeQA5WSNlIOSclcDv2Ax0HaoWsoyylZTkjup47gdM5wB14HQ9K/WD/hff7KHjCVYtX8PQ6c8vEklzpygIzL8zeZDGuRng7SCMEngEU2T4f/ALH/AIxDyWOu6fp8kxGwR3i25+bJyFkbGPYjIGc8jFU6GEe8ktrbb6a2i7p2fl6EclS6anGWmvS+1001vd6rXS/c/JhrIDdtkU5PcdQvAHOOvJPA7YpgtG5wY2IyQAMsc4OQCMnGB2HU/UfqlffsX/CnWQ8nhr4h28ZlAMMTXdtKoznaCyyAkD+Lue49OC1T9gbxMyTPoHifStQjjztR5FjckZKgAEgMemCccjPcGVgKfLeFWDuvd5XstNLPTrfdLTuyP3yeseZO2qtpt5t/Pt80vzka3K44bc2V6cgj24z3JOcnOOlRNG64yMHp0I4PHIOeOT1GTj8vsjW/2MPjVoyNNFosd/Gu4q1tMj5IBOFGTksF4HBOOnHHkmrfBP4n6IP+Jj4Q1dVTI3LaSypxjqyqRjHUZ75HocJ4GasuVy22s7apaW+W23U0jOSteMl5P5O1/wAOy9WeGlT2U55J9+fQccd8Zx36GrMKkR3AzwEBwR97r37YIGecYrqbzw9q1g5W90m+hKk7y9rMnTrnKZAB4BI7gD2z1hjjSVHR48qfvqwPcBcEAkAgAkdcHpnNYrCzptt3WnRNbpX1trqrabNrrew6q0TSu+juu13ZpWS81+RzoyOeoHUZx146Z7jvSnHrzkc5PAOOQDz04xyeOta4sUfdtbtkMWxnHzdDyemRn19+WLpzMcDPTAYj5QMgdc4yO+OMd+QaUcJV35kk0rWettHqm9N307q3Qft6d9ZJWv2d726q77emu+hlH1znPXnH9T2OOnTt1pCMcHr3rWk0q5TlUzzjgjHI3YG36EjnkcZPWq0tjPDjzEYDIGQOvTJwecZzj+HvxmspUakE04S6apNdndXurW1bv5W0SKjUhLaSel9Gn20+V+3bqUwzDgH27fzpyswxhj+B545PBHPHAzkZNOMZBxhsjPsQO3B5yRycepPSmEYIDDkYPOOQfQ5weuc9+c4xgpc8baNW73vZ20S7Wtfva7RTtqla/VL9dr+f46MsIhkBwy7gc/McdSQMgDjJxjPbB461638F4N3xC0UFwP3yk5JwcFMnHJIweMHk+mQD5ArbRwcDt0/zn9fXnNeu/BWcL8QtBOfuyjO4jDbSpwSex7d87e2a68JNOvTTai7wba22Vkr3fRLTvpYxm3ZtpNLdNPdNXle9k0le1rJ2+f1v8TAqeIYPmyWdBwMEADjn364GPfOcVUsCyneThXHDKCWyM7WIJ5IIGRjHzHAHNaPxQaGXxFauGZeQNowNo2jBPTJJA6jIJzxxjFspT0Jwqg7WbjeQWAAIGAccEN8vHGMYrsx0v3r7JddFZcqS0tfVWW+616rXBNc7to+ZW1W75d9HeydnpdeTR1NtPhWZ2fG3gNwW4Kl+nAJwCO45HG7IsiGY5OY9oxnIC5OSxyRgEk4GMdeepGd9qj8tOTkMBtHzKBjjd0JX9Rnbx0q0XRwzsAGIPyA/LgElV255J9ujZz8o485tJ6W211e2ltk/lta/me7FtRs7bLTy02tou9lZNXV03d6CqpZgCpIULuJBOeNvXJB6qCcg5znjiueJS3ACKFyBgK4OR2IO7oDkjJx61WjmkYluAcANkEHIHRvXgkDnBJ49asl1d1QxgE4Ysx+XBIwG74IIOOpGOM8VF01FuysvhXS/L2UpO/XVa300dk1zNXtuu9+m2+j01ertou21BdIj7tgLFQpVup9ZDk4HH3TzknHPFbUVzESG2kMCADkuCWABHIO0AEf7uQeAK5hlh543FtoJRhlSAfu85IB65wSOeSQatJIiNlSyKDsKnkMSMls553fL0ycnGO41cZdk/dbS0/u2du3zfrobwjKOi7J30vbRJNaaO2jbb062sa7l0ZgNrMWyGAJUg8HIPTHOeMN1A5FZ+os621wojV3aGXqfkCbcjA56ZbkZY8cYqY3QZ98hYFThck8oowuQBgE54HPTnPSsfV5GNncjc3mLG2OcDYykqMkZ5zleuee+KunZys0pO/xRSu9Ve67xu103SW9yMRZwbvLtZPula+l9m9Ot+ujOv+H2o3WleBrq+sVgW6tUu50WVd8W+M7grpyjAjgKc8Z4HQeU2/7XFjLPcReK/BPh7UpUkeN5RYxop8tin3FUYJ9enPQnNejeAZAPhvqqtEXLx3/zZxwFJ5zznoO49cV+ZWuHbqV+CCrNeTkg5GFEreuB68+mcZxXTiMRUwsKXs72lG7V1orx3Vk1e/TpZWep4T5bRckpPWyf2X7uz0u02tfkj9A4/jv+z94gLvr3w2023LAq/wBjYRsM8ErgEc/N04GfvHGKn8v9kfxIGkNjf6QChbEcm5VJHGThsYBOecYB4BxX5uRykuc8lgOOeenTHYgdup9xXq/hWW0FrPDOisZmRVZgcrgcbM+mTyDnOQeQccNXN6lKk5csW04prl3bUVez6adWtehVOjGrNRVoNaqWqvstdXvt01/H62k+C/7OWsky6N45msWc/u455I8rk5yQQCMZI5GSATgdKz5/2SvC1+CPD/xG0qZm+ZRLNGp2nkF9zcZ74OeeNtfJF9IlrcTR2k7Hy3AUkEOc4JU84BH0HGNvXC9h4T1S5W21Atc3TuAoib7RIpQkkEBg65HJOc9x0JqVnMZJTq0Iy2Vo2jZPlae2qXXpv5lxwdOpPk5mrXfNe7d0tGkn6WWqtprdHrV9+xr42TL6VrOkammCEKTx5fpjAD5yeedoHA5HFcFqX7Lvxd08Sv8A2ELxY/4reRZGIGcfKh74IOeRjkgYIzrbx14x05jJp/iHU4jGzKojuJmVSSSWCsxAxgFgQeg4+YE91o3x0+KtgfMh8Q3U6K3zJcjKuwU8HgFh0AHO7OMDOatZll8371GrC/VSTWyb113btd2s9NUZzws4e7CXVe873STitNdne76WS9TxjUPhF8RtILre+ENWiCHLMtpI4Ax1yAQAfz46Y5rjLrQNasG/0rSdRt8E5V7WVQSOTyVAOBznqPc19sWf7WfxDg3Q38GnagFYB1mtFdioxkZZS3OOvHJ45GB2Ft+1FoOqbE8Q+ANJuF2tHL5VrBuZcLuKgx8EknI9CcHjA6YVMtqJ/wC0TpvRLmit2lZaaabPq27+SydCtFqyUrrRS0fS+ttX592vl+cJjkjkUMjozZOHRlIYgkZBGM46ng4zk5pJQxfcoU/IBxnnqMrkZPIOT7EHnmv1A/4Tb9m3X7S1uNf8BjTVnYh7hLdgBu53bkABAJyPTAxtzWQ/wx/ZU8XSBtO8TPo7s5RFWVIQgIyAVlJyASSeOmDnrWsaGHqxvSxdKb03ltdLTfpft80kZuFWDTnCSvqkvlZp30dnZ2SXU/M87gpCoSxxkleN2eozjqd3HzDI9DUqjIIYn044GDnOecn15GOQF6ZH6Q3f7H/gTVcy+E/iZpzx8COO6njZnIxhchtq98gr+GM54vVP2KfH9sZDo9/oetITvDR3MasVOcBfm7464/4FipWXVJP3HCasnZSi9VZXX+SVtLapCnVcdLSdmlqtXdRuk7ryvZXfY+E9qkjI+XOMEHLDkY9fc9we2eKcYYyAVbB6je3zEE9sd+RjAwccdNw+nNW/Zg+LOjlhN4QnuljyXks288MoyW2hA2cr7AZwOQePNL74beKNMd0v/CWtW2wkFnsp/LwmcktsAAG3OM5GOlc0sLVi7NO6+K2u6VrPbtre2q03D2iaTs9bWa7aLRX8k9fzseYCMg4y24lVJz8ue5yOx7Y64PXirMUDv8mQdoHJKrknBwB+fY8ZPPy11f8AZcdszLNYXMcmScSxSLjqCGDDjA4y3TvipI4baUOgt41YcDJ24OOct1JAPJXheeOoqfYTvZW++0unR3e76K935pDdXltdN7J/Pl3vJp31Wi7vqc8tsCUUycrjCnv8p5wCM47YzkdsHFay2kChAjIcjLAYBJBOQW6DPTpng5bsdy10S1nkXG1Wc5PJZOxZSecnPYHjPXFbM/h+0gjaRiwO8BSpU7sE9FU8YXpgYye2Bi4YWcldWd1r+Gibemq1tbS76mNTEwSSbalvZrXo3fdW7XVrLrsce1vGyqpGzdkAHDBeevy8DIHGTnn8Kq29si3bxhlVsnBXoq9CxJyOBjHI5PAPSum/s2FDISzFScLg84GDyD+R749+TS09LRtZ8mbLQoNrALtbGOQMAsxAPPXPoMYq5YaUVG7Vm2le3V+j6r11+6adZzldO6XK30slazje61vZ38ux9leI/jHJqNyItHnMCybd0pbZhR/CijHTjJ29gOvXufCniKz0bQLzW9Uv/NvLhS0CCT51Y54PIPzDsQNvIGRyPhzR4rm6v7fc4R3k2LlTtU56k9NvP65r0nxZdtYWMVsLs5EeBGH/ANa+3BdQCSo45GOvXG3NfAV8poNUsLCPKm05SStJpW3fRX16a9tj0o16lJyqe0u4x2Wumlrfmk/PToaPxM8eNrbyKWEcUhcxRoxLBiMb3ZT+Q6gYA55rxom5u7R7aK3/AHewbnYHkkkYUn+/yD3P4CqM90h4mk3s2FDvk7Mkg4JLdMnJAyM57gVrw6xaxWpRXO+JcKq4+YggFi3LHHJ75GRz0Pv4bDwwtKEKcb8sUrN22s9dFfVdvRM8utiKtSU5tOTk2+bTqr23Xq1a2vkVrbw7cl4NqrbxSEea7kEr6g98DHQjvXSzRWNjbRweWkkhABkXaMgHnBweD364659ORutfRUDvO5M3y4XqoGQcg7RubAwcZUkEjhsZX9rSXJkJ+ZIxhWMgXaMgA4BK857n6ng12pSejSSstFqr+61pZpW3vpbV6tJHFKniKrlzyaWzWmukdt1ZNPVPfbc6e6vxEjCNF5yNucgJjBP0xkj39M5rlLi/nk3RopERIG5RyuTwAx29R1GRtAz6VFLeNJvjVlwE+ZuMgjLHn3HODjA9T1oecViRFY+gye5PcnOcAZyCPw7ta9l3ba2stLK3lbs+qZrh8J7NqTbbbXl73urfTbXdWe9rLWWW7KkIN2FYYGeMljktg9Ac5OMEjOMbibaXal2LgbMHJ3ALjgjPGST7dSoyPXDbcCXYnex+YbsbsYxn+HA7gZGM5J+Yh3zMMM+du1j1wxwMZXJH+6NoJJHTFXrZrkva1rW974Vtrult3b62Z2OlFxUm2tddklLSyu2m7WTsr6q3e2hNeHarK5EeGCxjBXoRjg5xkjPI7HpWcJWyC0hO4MRtwc7iPvDJyeB75HXOBXW6fplrLZb5mCyOrF5ARsSMcBQCAQ2cc4wR1IPIoxaTJJMUt7eWdVX5CisxcnjIAzwf4uMKOOSARF3d2jp069k9nqtLWtZXtdqw6aUbXa0tq9Fr5PXqtWle+iRhq8ivudiA54wMnAHUcAfNgZx3LfUX7S5LSxuwJRXxgqQcA8/wgjHOCOowQTmtNLCOG3kjuYXQoHJIxkOCcAHIYYOM5x0x1yThRzrAz/I2GyiksVCgHhvXcVAHt2A4AhSvra17Pd9LPRdYp2tdW0t5m3LzRsmm3rte1mu6Se+2ultWz1KLV7+40p7TT7VLewQO88oAMrNggbHyd7HP3RwO5GCDy1ssjMIhbsZRKAZCGO2MHGXYBiuM9d2S2QDkCsuHV5oYvJiuHSFfmPl8YZsgnB6k55GT69ia+y/g3p/7Omi+An8b/GXxpc3uswX8cuifD3w/bl9S1Z4Tvxql2QY4baR1AKEglCeM5xFScYR0Tbbsko80nJ8u27Tb11aW3axeHozlJxvFRabd2mla3pd9F0T0t0XoHwU+COi6p4Z1D4hfFK/Xw78PfD8JvGiugkdx4lu1TdHBaJKfMeN3Cqu0HrnPSvmj41/Gu78cakmiaJFDovgvQ99voWkWiCNPsqZEU0wTG+ZwAxZs4J55BNSfH/8AaD1X4uX1vb6baR+F/BumKLTQvC9g7pbQW0I2JLcqpAluCoLMzZ+Y5I7N8wiUM7SFsjnGc5yAecZ+YbufmJB6kYJqYXqRj7SKjd3UUklaya5r6trq+nRvVnRKMac7Kak9r3bVrxeiu1fRX10SsujNR9Rnnh8suyqWYsz7WLEdV6KeR93kAcEGshpVLH+JgcHJB+TkDHJGRgAg/NkYHanFg6/I6swIRjwV64AAYj0IYgZAUYJ4qqsDM2FI4Bbk4Xjgrk4PXg5JPJDEZxVpWsuVWUWr2XSztHp06PdWVzLT0S17aee3zEDkgHJXBO3BOeRzwAuBkDOfxJBONKPUZAnliJcFCqllIOSMlySOCe24Z9SSVrLkBBIUgYHzbWUAhycANjHPC4468ZBpux2cAggFSp5wSPYKeh5+pwc5IrS/y7deq2+7r008xN30vot763T5dlvfonfslvpYZ9+I1AYElt4xxjgdQ2ATgZz7dOK3otMmgsvtoRY4FkyS5IaRhjAVQwyueAMHPGe5rIto081Eb5gOdi9SegDHBxtYDoevJx0rVuW1Ca3HnFvJR/3UeCox1wcYDMMHkZBxnvip/wC3rd7dNE2t1a6vq97W6opLTV3166Xs1t0Vrr8ySS9+2TQtNMNqKAEQEKoGcbs5BPIzz9cc52YZES3lnaIOiArGAVGXxgE9MnGMAj0HbjjVt5CCZFMZ+5g5zwdxAIHcHsckcAGtJpHeIIHdUBXgcBvXI+9jHXjnHXrSt116dfS/ddH669wv01007/d5a/mTi/8AlfKgt8pG3BIOTxjBz0+bJHvk8CK5aOdlkEe0MFDBBljjBJBH3TnGRjbjOcjBqvbWj3Eq7WwcOuSSAccnPOAoxnuwI7jGNi1EdqzRq4ecFhtYbgD6At8vA4OVBH0Jpt6a9Ot1b7KXXT1tqJvpbu+i2tbbz1bbvbfYwJ5YI4xFGjBg5JJxtOWOT2OckDgdjx1qCGeSBtwOBhcAc7nO7r1wV7cj1BNdFeaVcTHzUgZ2HykIuF3Y3MABg56AEEjBxxyTzc9rPGWLRFShBIOeNrDjPHQgg5ycjB9KIzTs1ZpW6a2VraNbeenm+0JrRa7K+unTd3W23a72bOi0y+vb2a2tXkYo04Cqq8BiCByei+oKnjn2r0LV/Do020jvftIBIQB8jMjYG5QOoVPmGSO3HzAV5Rp1zNZzRyRZB35YhScDOM5PQnGDzx68Cu0u9Vnv4re3CSvACCVZi24nGSozjjnPtgAZ5blrxlzxa0Wi6K1rNWtfdPpZ3ffQias01a20vl6Ls9l1+ae3YCKG2EuzfJvVfNBBYnADYX+9wCSeOTtwK5/WLmR5XWKNhEGBbJ5LHIJfPOecFckHBwBgiur0TSJo4WluDJbqXAjjaNjw44bacDBHXtzgdMCydEtr6acNdpHHCSZDLhDIckgpkqRgnk44AA6YzhGUFLmum7W0d27WVra29NWkZU6jjJ9lpy3i2rJXunZpKz1tppe+rOOsG3ny9zW6qo8zOSWJ5Xbu4XHZQeQRjjmuUlXyNbt0EpbF7C6nO7j7QhGfQ4A4+U4PHIr0q6s7CwkCW5M0eMStsBG88bgxHIBPy7T34J5NecX8aQa3bbCkoNxbseOQTKjd8ZPTHAIA5B6DroSUpJpLVpauWt5Lst9l5LotDuhO8bpLdJfcr6LV7q1ttVZKyP3H8INnwZ4YdpV40W0wDjeD5SYK55yBxgYOegOa3WlEoYBiq7cdSADuPOODjcOQBjnOK5LwXMz+C/DD+VtA0WzDbhgE+SnOevHIOMnnudueojMa71aL75Emc7cDkn7xycnHAPJ3dOMfaULKnT0UnZW33ajrq7LVdm9PPThqXlNvZaXdnZrpdd9muq0ezM7UIozbtiQk+XIrqGO0qAQc85JyTwPx+9x5r4cV4751DqqGV2BAIGEJODkZx6HI6n1Jr0rUCVifauMhyQCG3ArkfLnIK9yDjoCcZJ4DQ3BllfZlRJtzwG3bvmwCQo4OecAY9MCsKy99NpXVvd0eyj06Ky6W812KVm3pro+zvaN09W7W10vZ9O3U6Jl9Zu2SQsoXaRgKSR1YYxz9PYDGee+a33AsybiVypbBK4PTBAXOMg5z0x6AefaPf2ttrtwJHSPKhUAwCCVXKHHHOTwTuU8Dvj0M3Ec6oUfAID5BwxU9sAgYx1PY1thpvlSS63aWttVfd3t5rTXa7bMq0W7p7avz15e+tkm7Wut9dGlXCEBWUBUUkgJ1HPfnp6DpnkCtywdWvLVd53KdxZuOo42gA4JHGOB8uSORjAdGL7Q2AzZzkkcEZByQMg4A57g9gK17FcXdsdylywOQRuVsfKT1BwASMYPtmvcwzacfh15W0m/J2VrK+vn26HzeKU0pcuzSTu093HdXW1+1nqnazPXN2+KPdkLsORuHc8ZznJOMYGTySBVN1HyuGByWIHVgB7dcH0655Hekw8ixKu6R1UZwuRlsEZxxjp93GOQOeKlEUrKcbQVBJPUnJ+UdT05449q9SLcm3o07W+5ebXS/daK5HtZQppPayd9Pd20unZ6aW1b1V9yo67QSCPukvuJbsRghTkexPI981WRnUgoHLNt3KEBDAtjJzzjj7o6HjOMg6qWaKd0nzMRkqcqOpOW7EgdB1PqvFOYxqCQhXjI6ZOAuM9wMZI6/ka6Kcb2vtd2V7e97tvsqz11Tultfe3m15Sc7qVunu76W/HW3kl5ma1tcyMFkIjAcnAUktwAegJzjue/fOK3NLs0juoRvdwZkUk/eYHnAPGSCR0PPHXOagVlX5iCQ6tjvjHBI5JAbjtj0A5NaOnTbLuAHnEke3oF3FhuxkZ+Y84yeQAOKdWK5ZPVJK6vpqtbPSz31T6O2jLwnOsRT95v3o6vXrDd2tdK//DI/Ff8Aaj0+MfHbxqpIAF3E2JM5bcgwp45ADZ+bPUHqCaZ8O/Dfg+9sL6TXRbW72cfmxtMwHnyKCwUAY+XAAIJPvgEUn7V93Gvx18bkSY23UfzYB+cRrx1yMMOM8/jxXhKau32RYRIzO53OS7KQoONpB65HT1U46EAfgOeYSrisRiIxqTpJ1p3cG9PfirbXvr1bsfp8K6iopxWkIq2m6Sutdk9E7aprZ6W+tLD4saN4UijTwzFaabdWEjSpcwxASMyklVRwA2WPJLHHJxjPOF4v/au+JHijRbvw/qGv3N3ZXRYXMUhbMoI2xxnbldqLyC3BHpwa+Wb2+3YERCsflkfOcfTnaCcMTjJyxJ7Vky3QGHUnduC5BUllOOpP0JztydoAGenzlLhPK3iKeJxGGhicTTUZRrVb1Jxlo4NN63Tas/nZM5K0pSbkptJ3VozkldqKT31va60+R7VpXxn8UaJYvpdjeeTDLEUZCjZjRiWIQ/eIwWBzwTkYNc1qvxH1TUJVeSccKFXAZWLMcByMZwSWI28dTwBmvOmkjxvd9rk4Xbj5sjOCMZX5s8g9sEDNUhK4n4A3ttG4fNuxxgDPGMZJ6Z2jrXvxyrCxnzRpLmaSb3bfu9NLa3dk9d9djzZ4GnUm56tys2+Za/Dt3e7srNdE9D0Kz8X6zC5IvpVZTuCqzuuSdwJAY8jjof14rWk8a67fKI7q+dlCnao3AkkYUHkErxtHGDjvuIHP+GvDOq63PM1nA5WFCzykEIFx8yjjG8g4w2CSTnGM16z4f+EWp61Gt3BcBRFkSAK2QynlApzw2Mnj5iCDXbQyb2zXs8Orys7cqtdWvdPfbd3drX3d+arSw+Gj77tytaN76R1Wq16vT79zl9Gub6aCSWe5eMx7mjPmFenO4qWywxnnHfGDxnTn1YyyolzcNK8cQYMANrt1VRj7oGM5PBOAccbfoPQvgvEIVW5jk+0unzM6MqckD7uAQB+HzYweOO7tPgto1vKr3NrDOyLztB3FhgjG7dwBj0Bxt5zkenHhPF1eX93CKTstFFWVtfVdNLryR5s8bh2m4NtK0dEu8bNWvZ3fZ2tbc+Rf7Rt2ZWeBvM2ZZmBPJ/gwMAZ5OQBx0O0nNKUXE0ySR2U3lkBcQwudwOduGAwEGf72cnnHNfeNr8OPDiGJZNKtyqANtKpkHr8x4Jzjg564IzjNdNZeGNBg2xW2lWipkcyQoQrg4ODtbH3sDJOSN2e1dcOEMQm5OcEk07JO97Rd+199bNbmcMbh203d7dN9nrZd79L9VufF/gH4DfFz4n3LQ+AfAWveI7jfhF0+ymkEYPykyMikAn5cDPU+5NfZnhX/AIJOft9eMYxPpfwE8SCMRo+67X7MArHO8+aowMZ78ddpxXsngX4keNPhZP8Aafh94muvDNyNjf8AEtRED7fmJIwN/KgkHIyOV619JWn/AAUS/bb061EWk/HPX4VICbPKhG2MZADfuwCqjGCwHGRnOBXDieG8yjL917KSstZX1Wj0W17t38tL9D6zK8fkkoKOKdeMtNKbjyrWKdlZdNdFfe6W5494b/4IM/8ABQXxDa2l2Ph7ZaaLltrxXepwLLESAdrpvDBR8oIA3k5w2TgVtf8A+CBf7fmjwalc33gzRFSwgaSFH1W3R7nPCom6X/WMeAp5ORk969u1D/gpl+3lY2kPlfHrVd8TZURwW7Sh8E87Y2wcHDA56ZU4yT5R4v8A+Co/7bmpebY3/wAeNWubi4iEZgkFusisSMSNgAAc5DgcfxAcGvnq+V5xQm3U+rqKafu80m17tkrtta6+b76t/a4efDcoR9nHEKdotX3b92+qktVbSyafn0/NbxF+xH+0h4Y8X6n4Q1f4eaymtaJcm31hNNt5r6CwA6G4uId8MaEAkMxXgHAIAJ+j/hr/AMEoP2kfiFpza1aN4dsbRjGLWG9vohdXLyE7USNnyrAnDDHBGGAAy31h+z7+378Wy3jbwz4917w9c6Zr8sF3r3iDVbdJdfvGiIMqWt0ieZIHGMpvHGcj5cj7H+Mn7dmo+Ivgx4V0H4L3HgTwpq2ipLa3niCC1ktdYuoYl/dvFFNgyXEjlt8jfMSpKkEAjCVDEtckYQso80pp25UuW6aemqbvpa97s1p0stvzKdWTbtGnKbXNsr3s3pbXRXd1d9Px98U/sJ6p8FdeuNO+J/jzw1o+taPPZXtzpVpOt3eyRpKkzRKivIoBRSMuCp3DgGv6hfgl+0f4l+IPwW+Hngr4CeG3NloWkWegaz4ru7L7PDBBb28STtaZiRXdmDHcu4H17j+WXUvDPjH4leKrnxd8QPFLX2p6hrNkb68nu5Jru9hluot8SB2KqHTIREwNpwBgGv7Zf2cPB3hTw78IvhzpXhvw+2h6YPC+leVDHaCOS9mktYi9xNsRTJJMxL73zknk8A1/F/0rMzwuBwnD1KvQqY3F16+Jp4KnJuGGg5xpwlOpGKfPJe5aLcU9up/YP0bYYPDRz3GVMPRdGjHDVL1JLn5oupKm221aMbSdnpJtdkSy6HdR+CRb6xIL+/SzmN5eOiqs0rW5ZsAYyu/jGOxAxnI/hb/a8dtL+OvxKi8tYv8Aipb7y2C4Yr9plxhRwBgnOAM8Hg81/oUeJ/DCx+Fr4TW5iJtZzGJF2sNkbneyccEYwOcY9en+fJ+3TIIvj/8AExIvLZI/Ed6hYEfIBPICAevUkk52nIIzivhPozYTE4LiLH4fEUnTVbCU8Q004pNzjtGysr3StfR3d3dH1vjpnVDOOEFjMPNSlRx6pxs7pP2evLa6Udkne6vvufI114hRJY4oWlnnOzcdo2IoAwOR90njBOMdB3qGXUruZPtbvHCiP5ZjQAAjABIJz16HrxjBPQ+1fA79m/xH8bbi8k0e+i06y02M3OoaheERW2ckrBHKxCszKQSARwx5yQFl8efBBPD517T4dUst+hhc+VcLJ9ruAf3jIQ5BIYFeDg42jOCa/uyGZZdTxDwcJKVaMY80VrGLajZNq6V1dtXvpsmfxG8Hmk6H1qScaTb5XKSjzLRtqN1fzur9j56N+s8rOVZgGxsxguTgE/Ko3cZJPTafUUDVYxIqSlmVMsUUEFV3EBBjOPQ4H3iM5PXLuy9jIYX2QSxKquMls84LFuQAQCcgdwBnivof4MfAO8+IlnPr09/bR2irM8UJmjjuJTGCQ+GwuxSuMdSOD82a9abo06UZzvFW35b6u1l679bNf+BPx6bxc6vJD3m3d6K9rR1d3bt5J37nnen6nbzQIEsXluCBsAUblRyQRtUK3OT6HoSM8V9S/Af4B+O/jNri6B4K+F+teK9QaESsbOB2t42P3TPcFWRA5OMOVwOhB4rxW18O6l4O8S39jfW/murlIMeU6FMhUffggDaMgkHGcnjC1+s/7K/7ZnjH9mHR7aPwnptnqGr3trLENkMUflSOCyfap9odyjN8vzYyOMEnPyvFGNxGEy9zyyi6+JnyxppylGEVLl5ptt2tb3kk1bRXTtf7jhDAQxeNcczrOhRppya5I3klypL3rpOTesknaydnoeO+If8AgmR+0vfancWTfA3U9KubG1Wae3EiyI6kBix2hlUnbjk9DnqcVwmuf8E2v2jtLshqUXwhv5haQS3V4oEGLSCBWeR5GCZQgKTtYkkDOB0r99P2c/20/jJcaR4n8S/FjV9MRPExT+zoZr61N7CJsMmNz7o4IUIAU9TjJyK7T4z/ALWvw28P/DTVLa2+Jttd+I9cRoru0tr2IyBZkIkSQI2VRQSrbMEkjkDp/M2a+KPiBl+fUcqw2U/W6Ptkp16VPETUVzwslKMnBPlb5nokr2T3X9IYDw44FxmUvMMTjqWHqOm371ShTlzpqzdOUdE7L4Y3ab2dj+QLUtNj0DWLjR7jwzO11bXX2TUoxAcRXET7JI1YKoGxiVzuGSCcDOK+rPDPhL4baXp9ne61YAXd3Akyx7lYJmMbkZPvKyklWDDuc8Zz6L8SPGnwxv728FnPpaT3d/JdyLapE8jTM+9pmmZS+Wbl/mxuPXoa8U1fXvDZMDnVraWTnEEksSpGvXJ2+gJyMt2GO1fuGGxWNznC0p1aOLwlSUYOpyymnzNJyS2erd+r++5+KYyhgslx1aNDEYPFUozag0qTVube2vTp892g+Jtt8PW8Peb4e0BYbmQNGZZBgSOCBkEgDtkEYGM4PODp/sj2HwUF54juPijb2zCJttmtzKqooDEHaHIJwdo7DHOfTxH4h+NNK/sY29vqMIW3ViiQlTuYAjAweckYIGSB6AjHx1L4smSW7dL6WMvIx2l2UE7jgHDEg4IO3kjPBIxj358MYnNckxOW08fjMDKuor6zCbjXilyt8srtpSS1+HdaN6nza4roZTnmGzGeEw2KWHWtGUKfspu3LrFdt9UtnfVH9A3iXxR+yLoGkSXFnZWF3OkDeRbwsjlm6r8yZG7I56DgY+br8h678Xvh9qVzDpvhL4f2E8lzdCKF50QyyM8gVI4w65LtnAwedxJJ5A/MSw8caikMmWlupHA2HZI+CeoCsTkZ+Y9eOvUCuw8F634i/wCEl0bxALee4TSNQhvmtcSxxStBIsio3I272X+HnkkdcV8/l/hVTyehWnVznMsxxKpSlB4jF1Lc/LeKaU2rNpJKzSTvufQYvxXxWa4mjGjl2BwWGlOnGpHD4SmpKHNFOTnKEtVHV2stLa6pfrJ8b/CPw08C/CjRLTx38N2sPiD4pgjv7BopN0dtbyqrK0iAFUMSMhxwM9TnbX50aL8G9e8Vm+k8LvJNFFcsZ23GCCCIDIRpQQuVXgDODtHB7/TPx/8A2hfEXx8m8IyeJdOtfDdr4Y0u3sLO2gG+SYLEI5HnlYB3LBVBDHGMqvWvPfBvxDOg2WpaLYXsNvaai4F5JgAMoU8o+PvFSMkYPPTGK04by/OclyycsQ6lfF1a06lWM6k61OnHntCnSe/LGCjZLS79CuJM0yjPs1oRpwp0cPSo06cJ06cKFScuWLnKVlG/NK7u4tpNNLRo808N/s9+KtdnuVicwxwzmCW4k3mMODhykmSpA6ZGcghh3x3ng79mLxHrvxL8NfDXT5or/XfE99BZ2jIT5UckrhQ8meioWyTwMYHrXtvhz4j6baWEGn2dwkcKy4kRWVzM7nqTkt8xxknkd+uT9gf8E/rW38aftq+AGuoFljsVuL6POCFMSKUPIBypGVGRjp2r5njHjfO8lyXOcdTUaMsDl2JxFJODSdSnRcoNp6251HbR7K562Q8L5HjMZgKE3Kv7bE0IVLTv7kpxclFXsrpNJta9rn6Ofs6f8EXvhb4Et9M1j4y6jN4v1p44LqbRLRVj0yOQ/M0UxGXcL90hWwR7YB/ZT4bfCT4e/DLTrXSPh/4P0Twrp8SogWwsYYrlkYEHzbgIJXOfvFpGOMZI6n0OVNk4bCn92w7HhSyqMgD5sbSAOh4476OnKPPQOeSh4OflxztC+vQ5wSRnOea/zzzXinibjGvLEZ/m+LxtOpOLjQlWcMNTUmnaFGm1Gy6Plbskntdf1Tl2T5PkeHjSyzA4fD8sYLnhBczdopOTacpPrq2+vr4n+0poVze/A74ptYeat1F4P1d45omZZQUs3clGByrMMnO4bTyeK/jc+HP7Fvx1/aD8I+P/AIieB9Nh1TRPDer3lhdW8s2/UZriBnkkiiVyZZWlGduzq5wc4r+3T4pQRT/Cvx9aNhvtPhXXlAK9QbKQHg9ThiexIyACSSPx+/4I931rb+Avi5pEtr57Q/ETV5RncUJSaVFOMENyoGSDnnPcH9d8N+I6vAnDucZnl1HDus8dl8ZqrFS9yqqq5dHzXfIr+TvY+E4tyeHFGNwWBxUqipqji5xjCdlzRjTa8tL2s1ddbbn8jmt/CjxPbeMW8JXmivpWtJqQ0+4stRDQS20+9Y/3yyFSqlwApfPsOcnpPGfwT1r4f6pYaLrNza3mpajbBgml7blF3rvRVZQR5p3BWAH3uVHY/sN+3B8E9e8eftz+IPC/hfw7dzax4leC+06x0yBoriXhPMumCAELGcsWXG7HzDIFfDPxWt/EvwA+JS+H/iB4fkTUtDuBJHb6gjTXUqiMfvTJKCoB6YJABwASCCP7N4e47nnlPKo0K9BYvF5fDFywSnH2suaEHzRV+ZQU766t7tXP5yzbgWllX16tiqFb6tQxaorENNRik1o13aa6uz7bnx5rnwZ1HTrewklZnvb5GcWMsZS4XOQBsPzKWHCngk46cg8p43+C/jDwhomla54g0d9LstVLmwSdwk8uV3LI8fDbWGCo2ruH8RJFfTPib476PrGqnWLfRj59wRFLLKo/0ZAVB+zKu4JtAIyABgcda4z4t/EeH4nrpDXd3qU8ek20FpaWc7N/yzVV3hEJUKAu1WIHByOxP6BgcdnMatGOIowVG7dabak1a3Kopp2Tb1l5LR6W+CzHLcm9lUWEnKdVKPso2SjJXSk9U23fdLTS19D4zGmSBiphczDIY4I2g7RyRkkAYAJ4xz3xWlFpSI6mWIA7CFAOWZgcAlc7twOBnG3BOQ2Gr9bf2L/+CavxP/a1F14u068sfDHw+0+9itL3Wbxo5Z7hsh3t7WAEyM5jDASAFFOQcg8/uV4F/wCCQ37I3giW1fxRfx65qOn2+69l166it7YzBB5kzRqy7YkbJ+YcgZYYrw+IfFDI+H8Q8JONfG4uD5JYfCUJVHFtxSUqmkLq+qTbSTVui9nhzwnzzP8ADxxieHwWFmr062KqRgpq8fejHVuLs2r6d763/jQmtboTrE0bYVVMSqMq27gElQeS2MDhc8EHJrR1nwP4q0uwg1zWfDmq6Zpd2pFndXttJbwXJ5KiB3UB9y5KEfeH3c85/qn+NHgj/gm/8GPDHjzw21p4S1nxgiC40ibSX+3SSahDJ5kFqj5dUiVlXeAQSAcsDivzo/af/aE+Anxj+Anh/wAOPoTW/wASLK8t7MWtlbx2mm6fpWmx/ZrSe3SJVUy+VtMjMMyEsxO7APDlviNmGcYvBRwPDePhgq2IjSr4jEx9m4U5XXtIRad1Fq8r393Y1zLw6y7JsLi5Y3PsFPF0aUp0cPQk589SMknGUne11aytre/R2/DNI5nUGNfLjQli2eVPXcRwOc5+hPAIAMsMZnDSMzySbtuFDEsMZULgc4PU9BwQccV313Z6fHd3djaSIbNMlJypZm5zhWH3ic8fN/Djg5rpvhyvg+w8QaReeJLSW+0O2vlfU7EAo97bKd0kSOQNuRkZGDzx3B/T54rloSqqE5zjFyVOK1b5U7Rimrtu6V9r26XPzClQUsTTo1ZxhGc0pTk2lC7hHmcVo1GL0S+ze60OAstFeW2Zktpi2d5DKyx8HhYyyhWOcEFTn6HivaPAepS+GtPuXv7SPz5w6xNKChVSACApABLdSRz1xzxXsvxu+Mnwq8W23h3R/hR4Fh8M6RozSxzPIqG/uHfbjdKP9ailSfnJfB7fLnwnU9UmkgjeaJPORsoeCF5z0wAeBwvXgnkjnx6GMr5jhoPFYOphJSk70KvLKaUZRUZScLpSkrySTdtLt6H0VfC4PK8VbCYqGLcaceatSi1FuUYtp3Tel2tneSVrGN4lX7ZeNdMxZJONkfCBj6KWHChuecE5OM5rijpsltM25Q5lHyKwGF3DjLDJBIGevIPHzGti51ZpbthI/wAi4AVAMBjgBgDj0/Xq1Jey3OUuGieSLaFTgbiSOCcDK+w9q9KCnSUXyX6Wv091PsnbdJ6XastWeJXm6s3PZP3mktHdqO/varV3vZXS0vY4u40a6ld2QpsiVpJEJyh7gg7vmGTjC8jJ/Dn0le3SVPL2lSQ+BuHzZAAbAG7tzkDqcCuvd71pWtX3oJQzkD5QqnrufPQchgMjr3HObc2iGeRCpEbBWZQRjcqjnORwcKcAjI4wOa9ClOTtzP1020VleyVr6u26tocr3aSvotHZJN/J2slpa3mrtHMFzJIoIEWU6nksMk5J5HUjgY6fTM0Mco3PuJZWBDbs5T02kHqAMYx6DvTpYSZ2jiHmAghScZUDg7eMgryDj0J6GpIjcq6uTiNAdq7QOcDjOcFQPf3HYV0cysn1t2tdK13ZLz3u/wANZtZ25ZXte3Kk4pKLSutNbO1r3e7VmyJ23thc92ww+UnJzjpg5P3eeTx1K10GmFPtURkiVjEoBGWG4k5BOcd26eg9yaxyY5CGGVO8qEIA7dezY3A7gy+hzxV61ml81GVAu1wMqOWUEcZ43c5+Yc1m5OSf9X2tu2++ifbpooqS5YL3rtWd07veLvfstNW+iaSu7+vWrXN/LDbWcAMpVVLxqztncBgdsYIJwcgH8a1vE3gLW9P01ryUn7O6iaUIuTGzIHAJxuHByVbjBJBAIxW8B6tHoerWurXEAmhWQZgyWIwPvZ5Ix2boBxxyD9Sa7rGkXHh+/vr1RbWd9b+ZawSxhY5HKYxuK5AJ44JJySMjr7GAwuHqYWtUqTXPBXSdvLra33PX024ueSnC6fK29PO61Tdrb6JtarS/T4ftHe4WG3LKyxEBnI+cDeMkEg8YwcdcEkdQD61aXMkfhr+zRMXzMGjgydrA9CAOT6ZBznkds8jpkenPPeECJI2kcg4UMi7ySQMcjqARkEDIxVvXr02MNrdWBMimMRRED5QehPQr8o6HGSdvO7OfHqScpqFO7vpfVX1SSWtnpve+nW90vTw9aEINybbasld3tdKKSvZRtZapq+jZ6lD4zsdA8ONZSu3ny7WdnTLFwBhVJPJXgj+FTnpkmvOte16/8QxR2FvbSSpIwdpSCGGAGAdlUhVAzzyBtBxXCwxaprUoZ/NkUOCJGDlE4ycrnBcHP4jAB/i7261my8O6ULa0Qi+KL5jEb3LMpDO4+8uCQMcYB5GOR0YbCOzc3oktGrJXSbtr2eysnrtrfOviZVYJLaKS5bq+ltW9dddLWk/uOLRZbW0u7NkV7+QkRIAWZYlZgc474JHI5Ixng5ksbOa1wdRtpYQcMIJUYNKGwBIAwG7k7gAcDp7DoPCmk6jreoW9zbWcuoTLPHJcJaxPLJ5byAhF2KfmbgsOuME54FfcGl/sz+NPiS1pfX9kPDWiwQ26x3d3F5dwUOwsrRkAk4B5I4yMDHNaSw85pqnTbd4pytbTTVtW0f43+YqNCdRJx1bj2atqtW3bTr21tbU+Hk0+J7WZ0kw07Hy40U+cXBwqbFBOCDjkYGOCc4Pp3w4/Zu+LXxMnQaP4Z1GG0uZFRNUvYWt7YRg8OhdRkAYO4Ekg9ORX6s/DD9m/4WeCVE91p9v4i1hGWQXd8qNFE6gAFIm3JjPqMkYx8p2n6fstSFjZra2K2ljaQLsSC1VYljUbcAIgA4VRgA+mOhrbD5fK156Jv4U9tVv26vTp+HdTy+cn+8klHRtRlfqt03rZu3zS6Hw98Mv+CZcE0dndfEDxavmoVeSytSMLk5wzljkn7qkEYP0yPrvw7+wb+zZoK79Q0t9QeMLuaadZdzLg7gFPG4/eBGBk98mu5tdYmfONRbD9fMcrzjoPmHQ8EdVweuTXXWF1HGiGS4E6tjdtlH8ye4weD3OevPRGjTjCyjFONnzWSb1Vt73sl5Wtotzsp4GhFu6crpa3utLRvbZXVtt/Pd8ZP+yT+y3Org+FbNItm2VhlJiOnOMbSeoKk8cjNcVqX7Cv7I1/I8lrbzafIRhwlyTljnJQMSN3zEDPGSVODXrOravkNDZxKFIOWbByM/KVY9wMd8A54NcxDpM18/mSXfllX/eDdggEk/w9MevGQQRxxXZTdGydRxut00l0jre17bq2qule1iJYWCT5aaaa9LbP4pPReum6fVnlMX/BOb9mi61Fbm38QXccKlCbVbiP96B94MxUFSeQeR3IPNfYHww/Zo+CXw0ghh8JaZpFvcRKFF7ceRNdOCCAQzBirEk45APP0Hk91oMdrEbhNS25OFRZNhcAZypPP88f8CwWWy36fvLfUZgUAKsbiQkNyCD84wOeRg+33ec61PDVLSSaS5bpJK21ldav/O6uFFOhZxpRUt05rV7dEnfays9Ne59r2PhbSoctGqTN2YyxkA8AHk7QPlYADAxycGtq28PSOH8vyI1cjBBX5h7leAAQQeDg9RniviGO78VYd7bVrxnB3ALORGPVRuY5AGM9z/DnIxuad4u+IWlBZFvLm5ZgfkaYEBVzjBJPGQSOM+nXnKNKjFXTaV+W3M7J+6vXrZ9V6HTUxFeUWlJR0Wysk1y9Fez9Ne60s/t6z8PpZIXlIUBCWdVLcDP3fTP3TnPftkVh3mp6pJN9l0LRGOPle+vVCopB4YIcDHU5OD8uQSckfLdn8RviFIzyTfachcojzAIVJwDjGGIznsPu+ua0I/ir48hlYeSzyYJAYgpuwTtUAb2PrkepPJBPq4eWFpWcoOSvdJ9W+XTTq9tPePJqUMTUTcZJX3v1fMk7NJvXey66+nvV34Q1LUpDLrOqvdEpj7HGxSBTjlSFYfLuJGCDnnuSaym8LWmmsyRQQRgAuNkaF8gsR82OWznk7cMc5OM1wWgfFnxjcEjVNHUR/KTOYWXeAeQoZerZwDnGcYwOa7iT4jabEqm90y4aSRdw2qAQSOmCQcDtkDIP8QGT6cM3pU1ywUaaTT6rfl0td+j1vo7a2a8+eWVal3O8klzXbsrvlVl6a3SWr7a387+JnjXT/A2iJd3sqw+axhtiE3P5rZ279gOACcbTjr15OfMvC/xvndY2nSae2faVuUicIUL4O5iOE5BJXjkcnpXtmpeIPBmqQr/avh+PUodxlW2vLcTbGBOGUyKVBBAwccLgn1qGK68AyW/lJoMUMLDH2RLKNeM4wrKmR05IxzngHr61DPaMI+/JWlFN666JNb62cno97qz00fk18hrzlzQ5nJ8qttp7qvre/W32t72trrWXi2y1PT/ttvMs0cgPQEv90sQQMbQOcHPTn3rxb4jfGzwV8PYZLjxBrFjbSyRExaekyy3bKmchY1ywL4wCRgkDA7n1mfwn4P1bSZbTTdSvfDUN2rxTfZwDLCjggPEW+VWGd24YweMFuK+c9W/YI+E/iu7W+uviJrmpXruzy3WpzF3UOxOxEJZQP90j9cnWXEeHdOMYNe0dtXpbVaprVrvbZtra1sYZBXjL97fl92yVk7+7pdWT9baae6tj4x8e/tv+IL2abTfAGjLaRMZFt9Uuldrja3y74o87gWBG0YyCQMHFeGaf4K+OPxx1EXmrPrFxazSbpLrUGlgso4yS2UhJUfLn5QABwATyDX7K+Cf2GPg/4Smt7i0ew1y7BXZPqEok2FTkP5bcA5VjjbycnI4NfQw+BdhawxQW11pdvbFtiwQAQRKoIIyEI5HU/Ng455GBzzzOjUSdfF3Wl4RaS0SW7totb6673RsssqxfLQw93feWvbvr31snp8KPyD8Bfsh+HtEeG48UGbXLpMOYFUxWKsSCMkDPy8ZB5bla+otOs/DPgWw8mFdL0OCBDtjhWKNyFXgNIMMTgE5GeCDk19VeLv2efFd/avD4a8VaZpzykCINlwQVweSByCc5JJ464zXxt43/AGEP2iNUuJpovEWm6zCQXXF/5CtvP3QjuQCScE579cDhPMsLSa9i1OVraNJLVLRybfqnpqu9jajk2Mqr97FxS2Vul46+Sbem6bstzjvF/wC0b4e0BDDpYGpXCo6iUHIV88/N0GGHzEZ6j5c18t+Kvjv4w1/eYLx7K2diBbxSMGwSeSOxPHI5GSB0Ne1S/wDBPn9p6Vp5LbwbBqMMIO1re+ifzGHcZYscgAAKeT2I5Hn+v/sdftNeH48Xfwh1uVw/CWiG4YgDhwIwXVSeQQcErgniuWeb+9GDnGPNZ8sZLW7Tvq7a6q213od0MjlBczpSa0d5Xd07dkumiPnm+1S+vmaeWaV5ZMMzSSM7kk/MGDEnnqBgADHINUvNBjbLHccMSxAwq5JbHByDk5LbgCF4zXVeIfhX8afCvnS6x8JvGsIhwjeVo15Llj1wwiwQoOCwJPPfFfOvje++KGlJO8fw98VaegBzd3mk3iQxqOSSzRbABgdMkHgmuHEZjCCTbvLla+JO/wAGvXR2vZdeurO2GV1OVXjyJ+XT3dWl0elraJN6s9Jv9csbK38ya7jiWNiXleRFyqY52n5iMd8EEEgE53V5H4k+MOnWbEaYft0q/IwjGIxyATJIeMZGD0I65zg182avd+LtXnc6lHqrhw58j7PcwxDtsOVAwemecZ5GDkchLb6jk2t1HJawZJEKrJ5j8EAu4HOe4HKntnBHmVcwqVJR5PdT3uu1lrpoumulvUuWEp0ltzNW1cZWvpbV2Xk3ZvVWjZ6eoeKvizquqytCbmTyyhBtLFuAGIBWSRc5JOQcHnPQ4NeWS3eqahcuFZrWJwWZYwZJX5I+eY5IJ6gZyemM4U9Z4J+H3i7xfqMGkeGfDGqatdzSjZFZ2ssssvzBfmZVYqoGA5I4B7Y5/UH4X/8ABOPxSy6dr3xk1G18C+H763W4jtGZVu7hgQRGZGCiMkcESEHORjANeTVxGHjzKrWTne6gm+aWislG13d2T0Wjd27XOujhMRVV4wlGmrXk+aMFfl3ejlruly76JdPy/wDC/wAO9Y8UanY2Gl2F5falfShYLSKCW7u53JwrrHGGONuGxkcnBUjNfSN5+yh8R9O0xtZ1bw1fWGm2ZCXgvkNteEqoYOsDBXEeRg4UK2MEAEsP3c+HU37Kv7NKvGmi6N/wk+k6WDp2rzG21S7uLny8pIrAOqSOwU8D5DuAxjNfn38ef2yL3xvfapHeRh7RLuYafb2sKxZQs6xyXQjRFYEZZY2+UYIIIyF9LC08NVpRrVpOlCKcuSWkpSsnsn5fa1aPDzHFVsPP6vhYqtUk1eeqpwV48/N/K47Rdmn3WiXZ/sK2X7Kdj4e8Sa18VPC8Fx4q0GV4bWa9KndbgLHE8ELDa7RuCzBlJwPmG1sV6t8Zf2mfhj4X8OX+g/DnRdCjbUhK8UttFbxzQSZxHcM0YVg8YVfkYj0A6k/jrbas15NqOsnUZ9PtpridpbeOR4txlOSGVSBtJHAx7dzXl2reKp5bmS1tJXlh3sfPkZixAJAAJOQTk8DucHGOPm8RCNXHLEOpPlpyfLTcrQSXLq4ptWa2bilrvsz2MHi8QsL9XVOEZziuaTSlJOXLqrRvZrq7W01Pq+7/AGmfGRS4gl1lWvneVGuQMsYdzARseQ2F4BbB6+mK8N1zxxeazcSXl5qE88vzMQSyROS2SNiBhgnbx/EDjqMDlfCngvxd4zuo7XRdInkErgNcyKUiCk/M5kYYwOT973J6V9deEPgZ4M8GLFqXxI1i3vLhY1f+yoJUYbgA3lsA3XOQeBgEADtXDjs3o4SMoRnKUptP2NK7k2kt1Gyu2t/Xe6PZwOU4jGJOdowhZurVbiujvrZN2Wrv5Jd/m7TNH8VeMJIoND0u7ufNOFdYZPKDseHLEFFz6/eAzkHrX0R4a/ZwW2WDUviBrsWnxInmPaCZFkwACy7iTt6ncMZyCOetdlrvxg0/RLAaZ8PdBtNNtUJiS6Ma+YwGVLodoY4C5PPYj3Pzb4n8U+KPENwZb7ULu6LyHCLJIsMQAwcICAe/BBweck189KrmmYdI4Kk38TfPWtpp2ju9GtLdz2Y0cty7VuWLrRt0Spxad9Elqr7W06aXsfRWqfEv4b/CawKeB9FtL/U4iyG9dFmYSAFRI0hU4zy2VIGACPWvAvF/xn8Z+NJo5dT1KaKylDPFZW7MiAEY4AwAvQcAkng5HJ5K606IWGy6JR5VD4kYN5js3GTuBHHGFx82DzkVBLaxMbe2jUPJHGuBGgMgwflVFAyQcDcRkkcn0HfgcnwlH95UXtq2jdau+aWyTtfRW2t0TVtdV5+LzfF126dJ+xo+6lTpLl5rWiua2t3p7t3a++oyK58uZZbhy8b5kKAFuwKkuxzkDnjgqMdcVpRX2+aH7BCQx5eV/uEZAJORn5T6A5zxXsnwt/Zf+K/xjmQ6NodzYad5gX+0tQiNtAkJbJdd+DJwFORjkgAciv1q+CX7CHwi+HSWmt/GC+Ovy2wRpbIoyWbOADtRRhpAzLtPrwcYIrHMeI8qyuEo+0jUrL4aFJOcpSvH3Gk1Zt9XtdX0VjTL8izHMZQly+ypNputWbire7quZpuy01W763Pyt+HXwp+JXxGkWPwv4X1rXXnkCRzWtpM1nFkgb5JNhjVQMncTjp6cfVVn+xp4p+Hz6Brvxch/s/QdSvYlubO3mj+1eVuHmxysOUIDEEHBAJPY4/eTwZ42+GPhzRhpXgHwvpfh7Q7SJYROtrDZ3E0RAB2NtEsgIHDMefwxXyr+2J8TPB/ifwNB4fs4rG01S0vUuLa4uJiroo4Z2+YEhskjOeMHPBFfLYLPc6znGwpUsBUw+DnJxlNpuryySXMmkuWzd9It30ufWVsjynKsI6lTFqviYJSim0oNx5brle6bez1bu0t0ez/Cz4WfAL4U+FdM1jTxoum2l9YwXULwrBdanOjxq+ZZmDSJKcEMEIwXyfUdHqP7SOgaP5sfgnTbKwht8iTX9cAYoFX/AFkHm7sMCNygEAcdRxX493Pxo8PeGvD9pYRa3c+KNUtI9kdjHKxsbWQAZ85t/EacBV746ivBfF37RN9cM8l9qLTyhWFvplqwFjbqCceamC0rL6tuBAxzXqw4Edeo6uNr1azlJyUasmopNxs2r6vzdrinxdCjRjSoU6dNRhG7oxjG9lG7+FW1XvLZvfz/AFo8aftUI13JfatrkN9Gpfdr2sO5tbXg4Gn6WGH2pRn926IRkAdNpHx38Tf2yLHfKPC8TahegOi+K/EUo2xnaRImlaapWOKEMf3aTIxBAOScNX5peIPiXrWs3f2mSeedmyVNwwEMak9IozmONQBwFC4GOhIIXwX8Mfih8ZNXj0nwL4U13xhqFxP5SfYLWd9PtWkYDfc3QTyYYVzlndlQKCzV7+H4fy3LKalNU4xp2ld2Sily7ybjouqvpa585Wz3G4+fJS9pJylfkppybcknd25m73V1879vQtV+Jt7qeqTaprV/c6vcX9w8zRyOY7UsScv5akRKhBG3KA4wMZJxyFunjj4m6/D4f8G6LqniS8MzBNL0S1nuPI3YAWeSAeWkQJ+aVsKoGSeQB+tn7On/AAR28U69NpWufHLxJdJMGjkj8AeEla7ueMMYNR1NA1sIyThvLYMvI9Cf6DfgL/wTy8IfDrTrVNE8H6F4C0VLeJpZI4UGsX6qmHF3dzKb1pJOC6o4GSSNuM15uacY5Tln7unVWIqQSa9nK1NXSSTad3bTSC36ntZZwnmOYQjVxFsJQk+Zqf8AEkrrmai2knr1Xztdn8037PX/AAS0+IHj2a31f4q395oGmPPC8vhLQImudVkhZgXW5vQGggyp+ZJPnBOM4zj+jT9mT9grwB8HtP07+w/B2i+E7CSGJZtVvLaHUfFF8wHLNPOrywyvjKmEKOT3GK/SLwT8FPCXhO1aDSLe6vZpQHRbK3VbYScktJNJmVypJZmdiMkHBzXvuh+A4NMtl1PUHstMsYFEkt1fypNKVIJYsHLLE4xgKAMY545r82zbjbNs1n9Xw0pqlJu1OmnGOrjZOzblpupb/ez7vA5HkWS0vazpqrWsv3lZc83JW1gns7tq66W7Nnhvhf4d6Po8UbaRpEjyKQI9T1NTdX0oYj/j3tySyP0KnYAqleQBXumlfDa/u4vtepXC6LYqqPNeTsjXrJkEkFj5dvlTgBQMZBBPJPmvxA/ah+Ffwztp4/D0dv4i1aNXSS8mkRLWJ03AsrOwDhG52xdQM9OT+XXxk/bb8V+Nr67srHWLy4g+dVsNId7OxBcsoJZNsj+XjBDE54BOMEVk3AvEPEVaM5UZwpTacqtRSUY3cXs0r6Lq7J+hx5rxjh8uhKEKlOgorS/LKp01hTT01/nej0tpY/VPxh8c/gF8EEmEN9beIvESAgxQul7cyTLkr5s2XSMI3JAw3JB6Ej8+vjL/AMFC/FniVLrTNFkj0rTnD7LSycwyFFBWMylWEhkK/Ku1iAck44r80dY1vxJ4iu/tN/ffY0aRgVjdzMSCSTLI/wA2SMA/Nng5J5qODT44f3joHkLoiXEh3Fs8k5bJyQQegwOecgV+8cMeEGUYCNOtmEfrVeLUmptcias2mtn5XvLv3PyDOePq9edRYdylUldKtVfPNbNct1aC1t7qVl5I6rxN8WPHnjSSV7q7vUUsz8yyERKxY7juw8j9QfNzjn+Hp58uny305uLx5biUfN50+WJIJwAB0APt1AC12yW0CRgkxmR2IfBCo3UZwCQCn+919ADjMvru0sWdfNXY3yKmQQDjjH3u+cnIB5A28LX7FgstweBpxo4TD0aago8vLGMU7KOvRu1rcrbb8tT8zx2aY7H13UxOJlNNtq8vdsrPRX1sun3tWZHZWtsXIljVmjQffIVWYsACM4GckdcjgryetXW5ImgeK2jQuQTvJGFYLyoGQAzYOT3OeM8Vz9/fwlzL58iSFtsfByxxhcr3AOABzxwKz7q/C2bSXczW8cWSSwAMxBJJXpjAB65yPvN69kvZUo885RitHrytL4dUn6bJ9W7qyOD2dTEyUaam7NW0bumleWqvtdNWs1bVI4u4vtVS7cjeFCgMdu0bF44Yggn3HDHOQQFz5h4/azvdEY3jBL2Bmn0e5DZvLW7QnY5Yc7GIG8MSCoI4z8uB8Tf2iPBXhqObT2vEuL2LdFDZ2j+feXExLKEAizgbtoOOcjG7sfkzV/FfxY+KMrLoOmnwvo84MJv7zm92MxzJEuCV3r6jI4xlsZ8avmbk5UcLCUuZtc7Xw35U2k9O77JpN3Z61HLY4dRq4ipZpXcea+7jutV8tN7I9Cuvjla6Ro5XxXr6WmtWc7RSWNvKqm5CkiORETndIuNwXjJxgAAV5lP42+LHxYlez8D+H7jTNLO5X1/VQ6Rlc7PMgWUBmOPu7cZzznJqvov7M8f2ttX1K4u9e1u3IuY7i/DSRPJE/mqnluShUsuMYxg8tkV9geEb6G+0q3t4reKwu7AfZ7yzhVIvKliXBJTCgRyEEjOT0U1jHD4ivb61UlaKXLHm3Wjs+mya89OyRtLE0oJrDQjFp6u28m0m0k3111sl5dPmTw1+zhZxzx6n8RNXu/FequyyRpdE/YIJAwYIkLZRgpABLA5GOejV9OaVoVhpunJBaR29rBF+7FvbRpEqYUchFxknIByMk4HHfcaQ3BmVYt3kgOFcA4xklkBCkgkc7TkduQDVIQidFuFkKOsi+ZEDjysEAAg53DAIzg5659fQpqhQjeMIxsrXWj0Xlf5ae7rsefUp1q9+acpPquZpNaO6b77tK2m9+uZcC6DkhcxgBUVky+RjHGCccEZyFIOcZFb+jRAq8s0QSRAzMD8qlCOAmexJG0DtzgDdhjhopUlyxLqEYAgsAOrFTnaOMgYBCjAAA4j8/wAwsA5VCG+aTIyBxlmXHAbpt7jHcCs3i07WurpfCle6atZp31utLvay12eHwSWrs7NbJtpdL3u2nfR2/IWZgkjSJGQHZduCBgY7dgPUHlsj5s7jWRPqUa3D71G2MAls/KCuWyrDKFuOQSAvOSCRmC/1CCzimee4VUWJtru+2PgZLMeigYOPu57cCvnPxZ8UtPsTLZ20xuWXezCNvl3gEKCx3MwbsFyW6Ec5GE8VGPxbJ/Ddatdrdrp7NpeVkdkMKk21prfVJ2Wln30vbX1tpr7bq/jezsIbi/uZNuyJkTe6ouFUgk5OT6YGcjHrivjrx78UmvNTtjpZU3tjcloJlJWMCQnKY43ccHnpjJFee+IvGOta5ctFNcSRodzQ2wZvLXOSoZQfmb/YwxJK8V0vgj4L+LPFQ/tJrWTTdPIaU398rRtJ/e8lGAD+YCChTnG35lySPNxGPSupTjGCfxXSa2ctb9PJPyt02k6dBc7a6a95LlulsrpaWV3ppumYQ1PV9dvXjurma7myJDAjPKpdiCEjjRjjBKksR0z3693p/huW3sptU8U38Xh6yhYt9nkdW1S6UchLe2B3pvzwQAoBJOCtetN4Z0r4b+Gp9T0S3t11mAmG51bVkjkaLzF+/DC4JChs4Yjr1K4r81/jP8WtUuNf1JdOu7i+uFU28tyztIhdv9bJAEPlqu7OzYBxkDIzn5ytndCE5QpWrVFbXdRb5bO17dddO99dHpg51cUlU5HSp89ldWm1o1tpGNurd3s7H0j4++O2jeHtOhsPC4j06RiI/tCHzdWuUXG5nlwVhRuRtAGOh54PyJ43+KWu+KrtrO3mnNuq7nPmNJPM4H3pZiScDPKhiABggdRg+Cfhf8QfiRqNvFpGk6lqN1MvmJ5Ucskjh+VWRwrCDOSAZDjbjBzkV6LrHw58OfCHTri8+KuswaZqsMjsPDVnMk+q3BVfkglVOYDJjYzMAAexFePPGKvVlKtUu3ZtJ7XiuZWctFdqzt0PWdCvKD5aThB2s5O10kkm7tvtfo0ntocd4dsNUv7EWWnQS31xNKDOkKsIlDHLNNKRgKNx3fNwcsRgip9V0bwZ4AiF/wCMtVTV9ehvEuIPCmkSrNHj74S7lQkKCOHVSGGcdRXnOrfF3xH4mtU0H4d6U3hzSZJnihW1jZtV1Ey4VVkdAZCeQDsIABGRgNXunwj/AGPPFfi6CDxB8Rbq40TSzKs8zXEjNqV6pCtt+dt6Z6BWycEBsGvOx+bYbL6bnOpCmmlZXTvfl0Sa1bd9lZbuzuXhcDVqyVot6pc2vKr8qbvbzdklo7P18svfjX8Q/GN/P4X+Hunr4c0u7VkSw0C1H2wmRFjMc9/sMu1hywEgXJOeOvq3wu/ZgscT6/8AGTVri2a3V7z+yYpRNeTmTJRZ3JMhZmILAtvAPrk19l23ws8MeAbBF8EeHltXhMfm3X2UT6rfvyPOgDKzKGADddvJyMggdB4d/Z9+LnxZvTHb6dcaLpdzcxBZp4Xn1O9Yn7q2qZkjJ5wTlBkZAAOPzvMuKKlfmjh2qMLv33rNr3WuXsu2kmu6aPZWEWGvJxdWerSs+VO0UuqW+i5tla1z581C/wBH0LRP7E8E6PBpdrc5S2aO3STU7lixCMNqmQEk5IfkjDAHIA4zTPgl4p8TarFeawf7A0/dmW+uiXvZmJ3N5aEkozAnGDtXOAO4/en4bf8ABNzVfDnhY+J9T09beTStJvNQlv8AWIxPf3JgtmdngjYGOFQR8qFVcHAxnFfIvwf8E2/jXUfE17dN/aEOn+IL6xZZjhYEtp2ULHEMBC4G7BXaOQNvFeJgcwr4rnhSTVRNN1qvvS1W6v1TV9+miOCdGFFSxeMrXjFxcaMOj0aT0s1faz0d30ufOvhr4deEfBMEUvhbRJ7vVzHm68QapEZZXYoGZoQ6HALcKAAGyB93AN29+GniLXmiutTuZLHTpXMogi3LcXT7lCmRgM7MkALlVUcANwK/Qa6+HdleS28NvZxpZQFQMKqgsgwF+UrkADgE9cEgEYrI1fw7AoazhSMCOPDSFQFjMZ42k9BxwOSSMkZrswOW5fQruvjJfWq7aanV95qT5eaylpZdFFJabJM8bGZvmFa9PAfuKN1FezjaU9FdXS7u1+v32+f/AAz4Qt9N0+yso3HzKPOJx1UcB2ILEgEg885966XUre3hYQwOx8lFEvl4IPP3VJyQvfJx8uc9xVDxL4r0XwtLHpMLtqOrXThYNO0xDe6jczH5Uit4IAzlnYBSCp5IPJOB9D/BH9hf9ov9oprfVvEwk+Cfw2u3SZ7i/QnxXq9oxBZLO1YB7R3XhTOBuyDxXg8b+JPDfCmDnic1zLC4GjTiuWm5QdapypWjSowfPOTeyimrrXRNn2HCXBHEXEM6cKGDr1+Zxc6s04wim43c6srJWbbfW3R7P458RavP4hlvfBfhewvvFPifVbC40/T/AA1oMMl7dK9xE8fn3XkKwhiXq8km0KdxY4Ax9d/sjf8ABNn4rfG7wvo0vxc8VP8AD/wFokp0ybwvpW1tW1D7OwE8U8ysFjO47HV/ug45AFft18Ef2R/gp+zL4U1CLwD4XtZtdfSr1tT8Y6xEl94h1OdbaTdObucSvBvOX8uFlXtgVpfsrXbSeGNWnf5gfE+qnG7JkkmupDuIPAxjgEY6fxV/C3iJ9KfNc4w2Ny7hGlLL8LCtSpLH10pYusql4zlTT/d0FtKN+aad37rWn9b8F+C2WZVThjc5f1vFRhFqhHWjGdo6XdnN3Su3pvZJJHV/Af8AZD+CXwD02Gw+HPgzTbG7ijCz67dwRXOq3TgDMzXUqtJEzldx8qRBz06V9aWWkqoYMoLnaMk5yQOgz14wRu6dBkjivYyRxFN4B3c54OMH9eBnjnoQSevSR3UIU5wSeQF/u8EHb15wOoxxgHvX8z4jH47OMVLGZriq2KxdT35yrVJ1Zu/LdLmb67Lo0fpOIksHBYXBUI4ehFJRjSjGMUlbT3Xfvv6bKw+GzEbBWAJ4HUbcAHaePvKcnjJA/i9KnjVUY72yVJweijA454G05OOepPGeK4rxH8Q/Dfhi3ml1jVLW2ZUZltfMRriQ44CoOQXI4468ckV8leMPj9q/iKWWw0HzNF05dwM4f/SrmMEgMhBBUMpzkH2OM8e5lWQ5lmCpzoUJwpqWtSSai17t7Oys9tL3tp5HmKFSq2q0lFSSTlJ9dL2T09Ur3utj6q8a/FPwx4QgeOe6S+1CMHy9OtiHd364cpwMYHB4BY8bRx8k+L/iX4s8Z71SY6TpxzttLdiJGjJ4DsCDvYHJ244615tb3Xnbp7x3mklfcZpn8yaTnnDOTncTwM89Oea1Z9Q07T7b7VqF0tlaAYiVlDTTnjCQxjLuzHhhjJ468iv07J+FY0ZRqTpSrV0ldu9k3bRJW0Tta+1npqZylhcNF2lFvlWrdnpy9E2l3W7t5bQ2eky7yZV86SRyzRqd7ZO45cnJOSCxySNxOTgk1i6zrFvpkzWFgYdU1X75tlKCz05epkvphlF2AklScnHvgYvijxddrZNJLMvhDRJU2xhiv/CR6qvOFt7X/WW0ci4HmyoFAIIIzivKtI1E+J5ZrXTrd7TSoJGM8ETs11qD5+aXUr58swYfM6K+xSduODX3+G4dnKj7R0ZVJKV4xjC8IW5buTtpa9rX7nkTzZU5O9WMYR6ylZyso6JLy3Wr20Ojub6a7nkkgnN/dlit3q8sZFpa4OGt9PjKspK4wJQGz95Wy26v5dv269RPjn9srV7BmNzHoY0/S4kcljuWWNmLAkhVXdk8Y4x0wD/Un4g1jTfD3hqWRWtWmgRysMYAt7dlRtqptXMkhPBXLFipIJr+Tv4patFrX7UXxA8Q6k7LNN4nhWONVxI0X2pVfgjKEKDtXIYbuhwAf3HwaymeFxebYydKSnDA1KcJOO8p2u00lZr+VaefQ/J/EPOqWMhl+DjVUozxUKlSzurJrs1vLz666bfvYnhzUfFfw78KeF7A2scNhomlRz6jcRkW+nj7HCu+MsPnZeSQCejYOCM4aS/DX4NWkVyLy21zxGo2TazeKtztlT+CwtWzsCsOHIIz15+an6n441K98C6Va6JCdO0iHQtOTzR+6uZnjs49wY7lJ3MCSWPI5yMtt+KtS/tHxDryG8klnYTbY4DggDdjc3pgAfeI4BO3mqyvJK1fEY2eIq8tNYirNxh8U3zXfNJa69k2rJ6b287Oc9pUadCNOnzSWHhGPM2owUY29W1033vd209Q+JX7SPj3XmuLbw558FkkT5vCu+ZiVAUIoBVMgDaiqABtJ4Br8xfEHjDVvHXirUtLj1Ce+1sT/Zrlb+55ZpWw4jjZwzZ3HhVY9COOT97+LpYvDNgI9sRuLhJVEcQUiPK7SXJyd2OScZXLY5HP8/Pxm8V6n4X+L3iTUtF1e6tbtbwzQTQyyJsn3BiAFIUqCcA5GfY81+3cB5NSxUMTKlTpwnTh+7nKKbvorXTT6Xun066H4jm+cVsVmEY160pU1O84J8qV3G1knbZ7u99Lt9foX4peEJ/A/jK1sJ4isV1ZC4zG4eNnIHm7WXONsmdykggnGah0S8k+zJGikxIS4AByecKc9QpLD8STnAqxdeIp/HPwl+H/AIovZRd+IHvbiw1O4mmV5XjJZgdnLBWPqBk5xkAgTaVHbRWqCVkhVFYhiyje4HIAB3EZ+71xjPuv29FzjSdOtBurSlOnL3b6wkkmrq70V/nq1rb1amGpe0hVpTSpThTmruz96MGovV6q1nZ76tHtvw/trvV9U0TRVtbF01q+s7GaTUbiO3s7b7Zcx2/2q4mkKxpHCHDMzEABSSa/pH8CXP8AwS7/AGPLfTPDmo6LP8VPiynhrTdZ17V2MWr6TZ6pNbxzXFnpssayae9ukvyIrKz4J61/NH8PbX+2HnglCNa28ZmlMkjQh8MWRIzkMCOCMfMcZBzyfqnT/hPefEq006az12PSYbK2UzqfNVzHGdmGmGJZhxgFiF2hjjbzXv8ADvG1Dg2tXrYnD+2VWC9m5KSVOzWtqcU5O7Tk5S0cWtNWfmHil4M0vFTAYTCxzCpgVRmpVPq/s+erFyipwvONlG3W71b0Pcf27/2udE/aY8Q/8Uno+heAtE8O7bPSdE8P29pp2oXujBSHm1aW0SJWfGCq4UKDzX5i6n43h0yyt9E0ky3yG5TdaJcIYnEjgBruZflUMcZViCMnFfcHjr9i7StX+Hnie98K6tf3Xj2C03i5hYRWEtosW5k8wneXJG1FOWLdeOnAfs4f8Ed/2pPjP4e/4SPT7aHSdEu5w6XOs3zRXkxjcBmCAhzGxyVkUYwQec8+dnnihkOIo4nN8zzengaHtHFutNUoJtcyioWSlprZJ9PQ14X8Gq3CuBwGRZTljxMMNRjGFZKNSc0rc0qlXlV5Tl8T0XSPRHivxT0+x8EfCKTxTr2t2GqeNdbRI/C3hHw/eRXEXhy3AzJqWryQscTBtwVGIwTyCQK/PfRtfuLrUrdpZ5pHuLhHuJJd0rs7Pg4LZLbWIUYwFAK8jBP9P1j/AMEF/wBo660iK0t18KTPcQNb3kl1qEjzSoy43fvJDtJHJAAOfTk1ws3/AAb3ftVWE8g07SvBzJEA8Vyt+okzu3Hq4+8RxnI5A+nweWeOHh1TjV5uKMLXbquXtG5KO8XywfKo8sbWXm22tT7av4b8Ry9yngKdJuKSi6lJcskkr3v5drapb2R+C3xXmE9n4diKl3EalJCCqjpwQ3VjjCgY5B79T4W/Bvx98SZtR1rw5bwW0XhaBdVutU1Qi3sI47RlldYWlYJcSARkBBkHIGO4/erV/wDggz+1nq62/wBu0jw5LJDsfC6miR26oAB1YbicHlRnB+Yjiu78O/8ABFT9sc6fb+H7ezgTSbGWUT2em3kcNvfRyjDQTyRFWkjTJD+awGFOD0NejW8cvD6rTk6fEOCTdrU1KUpyta9lGLk3ZtJau6tdJm2E8M+JMPGMZ4WKitXUdejFRbta85SVna7V+1rH4bL4d1z4v+NtA13UdSspGubqHRpzZQQwR/6ARFGjRoFjczlOq4AGNx2nj6d1nw7qHgrWYfDWr6dbtdywKLOzQJtjTHyvIAcA7cEkjLZ7Hk/dX7Qf/BJv4r/sgeA/Dvxf8X6xp39mw6lJJe6FpbNA+k3kj7rR7hnJEgVgCXQBW+6Pmzm/+yf8BfhN8XfixofxQ/aK+JmkaD4J8FW9nq/iGy1PUEtptftI/wB5DDbwmWOZ4ztXzUB3kZ9cVy1PEPIczyarnuWTqZhhsO5wjSoU26lSrBxXJGnKPMm5NbxWjvfc6KXDWZ4XMYZfi6lGk5+zk6s6tOVJU1ZSkpJSi9OqfN7tk3sfmrdfs6fHL4p+GvGHirwz4A1jU9A8KQTXOs6mlnPDp+n6fa5MssUjqqTFVPAQluMZPbxD4L/Bn4eeK73W9X+KPjJfCfgLwg4v9YhB/wCJ34iEbAtoukW7HzDNcOhiM20omcnGCa/ps/bD/wCCtXwm0f4f+P8A9mr9kr4Z6YdM1Wxm0E/Ee20xLTTk0maMQSmxthCJLuR41G6eZZCxO4E/Ka/mcu/hJ4x8UXdzfWNhqF+Hkzts7K5eN5HYu8nlKuwtubOCuOgA4r6PgDOs3zjB1cbm2EjldCrNPDUZtxrxpO3Mqqla0tmpXSau10v83xtTyvLnHD5fXqYmrGLhXq09VGejvFpJaPfWSVle5nfGL4q6J441y20/4Y+GY/h58NNDlhtPDfheJi9zcx2mFj1PVZPvzXt2ymSQk7VZgFAxg/Qeg/tF/Hm9+EFn4Y8QePvFk3w70HUF/sbwdDe3f9lqq7S0EcayeWYX24eNsqM8HrXl+gfsifE/XLpXt/D2tDylXzHuLWW3jUknJHmqAz4PBDHg5wMjH2rZ/su/Eiy+HbaVBpllpVn4asbnUrt9XvYY5tQkli+YRxO25iADtBGfTOOfp84r5HUp0sJVrUKqqSs4+0jd30ldJt+qva62dtPneFcwzCni5V8PKtRa5b1Guqsoyta2iu3qrNWs+nK/DH9pLwlc+IfCOoeKPBFmfBeg6zYXur6RHYpNPfyW0qFpJZ50kUg7dzRuTkDAPav378X/APBeHQdP0HR/AH7Mvweu7/V4NJtdNsHuLXbBHOkCRRW+n6Tp8Ufmsj8B1UjI3E9Vr8Ef2Q/2Wp/jz8Y/BPwl1bxVD4c0rxNrBj1m4iCBra2WX96kEj/LJPIMiNRkgYOM5r+zn9nb9hX9jf8AY90pb/w74V0fXvF1sVibxn4vit76/Mkajc8MUweKBfMBdWhVSMrzxz/LfizDw4y7F4aGNwdbGY2lDnw+CpVKlOg3KSlefLd6yX2VdrR6b/0fw3U4lzHDxqVZLEU6sopSlSjOdoJK+loxSTcrz2vfXr+M3g79kr/go3/wUf1JfF/7TnjvVfg98KL91kg0i9eWzuZLJ3VhFZaOGjMZaFiFa5iIB5PNfaPgT/gm3+x/8CviH4ag8O6Fd+Pb7wbarqOreI/EMqT299rUa5E9y3/HsfJlUyRwqMKdpKkV9g/Hv9rnTNJtpdL8L3Fnd3KgxPcmQRwwIAwVYkBVdo4CqOAAADtHH5feJP2hPFF3d3gi1aK3tLqQiWK3l2CZ3yH+dcOctnnGfXkV+Z4LCcXcWYaeHyvCQ4eyazp0aWEpSoOpSdkpNqzndNOU6kpN32WqPv8ACYXL8qqRxWZ1o1K/K+Wg5RqOLfLb3muWLjdaRVkm3ZtK36j/ABG+O+naRax2UGopHa28Mcdva2LKI4YowqpFhPuIiqoVVwFXGMDgfG/jr9ou1DmJLB7tJFd2klZiSxBAYgjIGc8c9QeCc18mXnjG5v7fFxcl/MALETgso4OGJY9yO3QYJI5HA6l4jiKO84aWSPcsbiRWKrkdRkgjgD5l6gjrkV9twh4JZZgsTDE4yk8Vi5yg51q15WlZPRSulro7JWem+85pxzHD0JUcCoYeC0copObulu3a97vZK935F34o/EM695s7xwxR7vkiQMrIrMSQx3KBjPXBJ7jJIHzrqPiW1aGQ+XIBwNgUMSwx90lSSeM8EqBjJAHE/ibxNcTpOoNuU8wgMxXcQuMKSOOB/CeeCSCOT47c67c/aHMbwrGSyqFIKlyuMHofmOBxgjkngEn+qOH+H6OBw9KFGmoqCSS5Utkkml0SfRb6PZI/Es6zqriq86lScpuT1ezbdmtHqlbXfTS+7OrudXsmTcscqM6O0gkwAxJIAJZcLk8AcevfFcZNMJY5QkYYsctuwVRc7QMfw4Az03EDAwABVS5v9y4mdVkZQVC42qQc8jJznBHTaM8ntSQTCUnO1WwN4zhSMHGOcjI5A9QF7E19lRwfLypxTulot73Ttrsklrd7NvXQ+TrYqdRvkf8Ad0vdOytF9NEvK9+71q3Fs0ql2ixIOIlAPlsuACw787Txx025xVKe3ihjUiMZKncm45LY6cHGRzxn7o9Dg682oRweU8gYEKyqqDO7AJHHXn5h+IJ74y7q6sZ45HVWSYkMfmBO9h94FemMkFhjHBOGOT2xoRSVop6RuuaKk1aKvbf3tv8AwHQy9ty+9K3NbVu13ZJb2er7X1tuyg15F5YilAi2kpGS+AXIHzuoJPBAwD9Vy2K73wpdmKQSRXCl4gACW3FuCCUUE4HHc9QcE8Y8aleLzyrwuweTHLMQpyTlcnGMHB+8AeuMmu48NSmJZJF8pXZwImJDbMN0I6NkY29OeewFaVaFP2bvb4Ve0Veystl2umkn831mOIdSTipN6K7s1ayXRWfmreT9Poq38XfZtiNBJOWj+cbI8GQAfNgqScnkBs4+Xk9TyfizxO99bOnlpZuFbYwMa/OMsS20bjt6ED6gEYzzrXTxskr3BOVDMQRnJxhduRyOOMgHBBwTxn3zQXSZbY4jfc3mZyQcjaBjCr1z6ZPUA187VkovlitU9U2m7Kzu9G073dm7bW0udtLn5bOWvZtaJq9rayvvrp/l+OH/AAUW8T+I7fW/DWm6b4mnXw7fWiyXumQXMiJdXMRy5kjD4KrjjA2nLdQa/P3wF8V/EvgaTxDa6GiJF4n0qfSdTjmQvFcWkw2lvm3AMhB2lTyV74r7i/4KWWdja674VvrfYSqTI0URKqqtgKCemQck4B9eBkV+d/w70d/iD4t8O+E0u103+2b2LTxezACO3MzhRK23ngEk9D2wTX0OCxdJYSNWtTUIwp3ltK3Kk202/dTtfuunRv5jGwxDzGVOE25ycIqN7r3nFRUW7cqbenRLVXGQRCCR7ppQyTSHbHGSxR2cEhupGd2B0IxwBxX9bHwC0RPAf7Ifw18S6nM8CeJPBP2aCOPcGd7kFI40yAw38dg3GDngV8Z/CD/glV+zzqPhW3m8ZfEbXLnXkkR7y9svKXSvLVBKYwzZZTK2EGTnIJ9Af02HhC+1LwJ8J/hN8PLObxBpehXdtoVjDKyBnFvIY7dlEvzs7AB8jcrbhgt1r8Y8R84weexwGEy6UprD4vnrO3LCKiklrdN+97r06u5+ocDZTjcpq4rF41KmqmHUIWlzN3dO706W93yvbyO9+At58Ov2XvCjfEzUvC1h8RP2gPEUUl18M/Ds0C3th4Ks50Zk8S6wWSRftEZxKomIZCnBztB/HT9oP4z+J/iJ8RvFvxJ+J3iLUNd8TXd9cR3D3U0himmSViLWygdiLayteERIlC7F3EbeK/erX/go3wU+CXxd8W+L5X/4Taw0gWk0V1AzajZR3EJW1t7ON1LxW0X/AC0eIAEbTwCAPy+/Zq/Ym0Dxuuo/tLftTa1L4U/Z/wDDU0+thNUZrO58YPC7ziysoZSkn2aUoEJUb5R93JzX6B4UcIf21iPbzXtZ4fkVWrUSVOlBRjJtNu6ikmttWnfW7PxDx98Tst4Cy6VetOo62Lco4TDUVzV8XXfLGnRowi+aVSc3ZKKtrr1PKv2Mv2GPHv7YOsXXj3xpqP8AwrD9n7w9Ibzxf8QdZH2GC50+2JknsNEe5KCd2hUr5yBkBPGFAx9D/tgf8FJ/hn8DfAF5+yN/wT70m38E+ALCF9J8YfFCyRV8S+OLuJDBdsmoRqLgwzyB23eZjnKAdvkj9uj/AIKVa18cEh+B/wABLVvhn+zx4YI0rQvDXh9Bp8+v29sBD9u1RrVYnaKZR5hWTcXJJfPWvx08a+JjokCWFuUvNUnY75Ebd9lJAyOvDHOSxxkk89TX7znvFmXZBRjleSuNWtSjy1a8eXk9pZRfIoqzatZSlddrbn8kcF+GnF3ijmL4s8QXPL8nr1Y1cu4efNzxouScJYxuSjzSVnOnZq+knZcq1/FXjma5vLmXUNQnutRvZnm1G9uneeQySEs/mTuzPJIxJLMTySfUV43qeuG/vIrVObWOZTwpyyFvmOSQo+VSSxwPcbiBzUc97dySC4aWcGbfIWJBJ69TyNoPIxgAE8YwN6J9NCGOdDGbdAYgrZ3k8glgQcde/PAxmvx3H5liswrTr4irKc5PW829W0+ujvvf71uf2LkfDuW5Hg4YXAYenRo0qcY8tOCgkkopLRWVraK6V97M1/F2sQw6ZbWVnGnlsCUBOWJx8wXByMsDnIViB2yQfnfUw0tw0h5cOCFOcseMBSOM59cAYNeo+JrlpBBIyYiYDy16FkAHGRjAGeg57+gHkt6X+1NNgorPgKDuOQQRg45HYAngFuvJrlowSin1b103vbXVfPrpfl3PYhD32720WmrtZRto1uraPTe3k3RwsHDkHLMDtIIZcZOSp3ZB5zjscc5GJruVvlEbkuGAJ2gnGMYz/D90Yb2wewCRO7McgqA4LDI+cZBGOCScDnBwMZPzAGrLKjsUKgL97Bb5gRkEEe5x0ORjgHpSqXTate9knqnrd7ttOyVnLS19V26dbaOz01V1rdWtbrfVJ6addjZ8N3Qhu3dSHUQSBwwPBIPBByME8ZB4POOcDH1J91zNMpSIZyIjjoOWx1zk8rgdxyMbq0NGaKK7lbcEiCuSBhGAIPJBILehGDyv+yTWHfCKW5Lxyjy/NcIzg5faTx0xj0HpnGeTWVCF66fKr2T1V09l2dna1umnmZT+FRvd3aTcttVdp6taK6Vtla2pTi8132tJIQOQFUgEk7to78ew67ceonaKWJg8gZGOBtIPIyAB83XI7ZJAzjIAp6NtkErSBSpAVVJIZQTgHHIYEZXgEZz61pNqDXMYikizIvCsoDZYnIJI54xnPJycZ9fTu422vdbt/wA0Vv6vq09equjCUYuOj5mkrXstrW0T7rbzfWyMtd8R8wKp5yMc8dQMHOAOQc4IPHHOWymJwrbSJOflOdnBAwCONpJBwCCR09TZ2yS3DhiFKDndxk46jJHLcc8jt82eI3XAMYQKwLPxngfN8uOmcAHOSOD3FaKcbW0V9rq99FZL0d9+63ZztNcyem+lmlbS22m6fxa6rXTWjwuQAoZjkDDYB/h6E4Awf8cZzAlzsJMrsCGI4GB1wMjPsCScfQ4OJppNuFEfDrnJBOGHpg9TwQBgnngcmqDklSVTKhgCpwTuBxnJBPAI4PY4561tFRk9rpJXsumnT7tVd+RnrfR9FaytdaXb8tmmrNrzN7SdUisLlLqQOWjcSoYwcgE8gA5256EnH3W+bg47p7lNXmlvmmAhMakROx2hj/CoyRuz1AO0kcknAHkzkq4dY2wQATnK4O0AMPXk8YP1Tk11WlXiJFJHcAqw+ZV3qVPTChcYGB3xgccAivNxeFU2qkYtytbV+mieutt9NdNXut6NXlupbdHqtVZ2Xlbzte3VHcWk/wBjgULGGMjnaDnLseNwx91RngHA4+pGhZ3xtrxY3MkjzHcsMaBl3EAAKAOoyePpjAGK4iC+CK0ksvysGC8/NHjoD83BI579MnOeW6fq9wl1FcrcbTDkpuAyANyhuc7sYJGT0AxgBs8H1Oo0pNydl2u9eXm6p239d+5pCvBTeiV+W9kru1u7jq76t2+W51mpatc6Tq0n2kyJ5iiTyiB5bHBKArjqpPLYPIIAzjFCXUW1QSSQlI977yBgNgAE7do+mBjqenzGqmuakmrSrePIJXjURs5CgAN07ZY5B65bGMHPFRaSqpPCkZVxKvzEIXZVJywGFLA8jjJ69SAa6YUuSmpNXevNfS6bV7282l5I4sZiuVSl0utHbS9ldtN3Svpul17Gikl49vvjLM6/KGxhwgwMDK5Pze2euOpzeitWigZrgukzNuQbWDEEZzg/eYnnPOccdAa7H+z/ACoo3NhJ5ckZ8mdVIjVV+ZpHHCqSSeuckdmPBc+QLAzzqBPEu8THCIwQgBFDH72fvdgT6ACohJSWlruT2d72tstH+e/Xr8ficdWrVXTg7Xdvdva2i2vfVJ9W+l76GLa3a2rRyPIPOVWkiDKMAAAKpU8Zbjnrk5OCSa9Nl1FBpGnz2VrDbmYBpZFfbPNMTy6uoBHAIIOAWztOAK8Cv9UeRlMgwOqKoxsAYjJyQPmzyOeu7Brs9M1VJbRYZCz+Xskj2chDwuAM/K2AcnHX8q0WGndTeiaXu20+y3oldr0evd2Ol4KboqU2npF+TvbR35nr2e/XbT2e3u7m6ksTd6pmIyR+cJZT/oyAEFeCMnKgDORu+Y9Rn0e7mt204ppRad4I/J8+Q7WJY/MY2I5U9AFYjIH1Pguj6ffanexWyGQJcLvjVU3gHKhWfaOMAHPQAgEnODX1ZP8ADO70PwnpmoXWqxXUUvls7QAu0ZP3o5NuduGJRicYxngAk9k8A8TRk4JtQTfLFKy+FPmTV2rW5U7rpo1Y/NuKc6wWSVKUK01CdefJGC5buenLu46W1V09bq97FPwL4KfxQ9zZ3QW1RLYsZnAaViVyIw7dmbBB5OCQM8EcfrvhyXQZbmOZjFDFLIAyt5pkRDtAbPIPBPZRzwOBX1/4D0Gy8J/D2+1+/wBSsTcaiBJaE4edYkYjyFZgcEDBPfgHIOTXlOr6HpV3o93ql1fJnVpZXgcgs1uoYsdwbhFyMA4/iHAGRX57i8DKjjFJvmjKS5FJJX+F3asr20Ss1ouqPzvKvESpis4xWDjzLC0qipUpySiqj0baTum1JWsmltvol81aPZK163mTyRO8gMBb5Y0BJIdt/wAq9cYYHJPDEZBsXPwp8QeIptS16fUNOg02zEqx3F1cxhp2C7hCELg7sDKnGPmC45Jr0Lw7eeGdN1azudb059f0nTpN15pwfyXv0R8hI5lwcYHZsjqOxP3v4P8AGH/BO7xH4RlHxD+GHxP8OeIpLlTFFompLJpZGAFMsbPkBicFuuCeo4r7vIsJGq0pTUZNL43yrpo3ql01vdrTTQ+6jnkKN8RNtcsU+ZxV5JJXi2m03pbzvZWufkBp2hXOn3fmXAKGNyIhvU7wGxujByGU88qMj72ew9Y0G6BnMcMxgjlAaOWRth8xcZKjOAeuD8xOcEY6/tj448Ef8EybX4T6Bf6J4c8Q3Pie/sbtpGk1iJtQspzEfsu2DftEZcrvV1ORkZJwR+QPjLw3oekB7rSXmjt2knaxt5jl0tvMcQE7TywjILnoD82e9enmuVynaMZRqOy1jJbtRbbW+l9P87nl1eLcNjKkaEKrcrQUlK8U5TjBuLffW0lrbVJ3SNqy0+51jVbS+kvEVdLjjeSZgytKsZBxHgBWwBwRktknJzg9YvjK81bxLFIju4tWW0jONkeEGwOoHt16jJJYcCvJtLuNQksZJd7tDCqKNnyZAAPl712nB6liSD329K0dDvhHqkeAT5rg+WM4VcjJ8w4GVJBLZPXHGcj2eC8inhsfQr1YNp1qetknrKKS0ta6WlvW/Q+J4ny6lm0cROcY1JxozUdE2rwil20SXLdWutXskf01/wDBFK31DVv2pfC0lvFGBZ6Jd3F0WXd5kWVV2jB5MhB4GCThjyMY85/4LuatYX/7THiy2062u5ZNM0iyt7lriIx+XIyNuKEKqhQDkbucZwVODXvX/BA2K3uf2kYNWkheSXTPB180BeQRQyyGRFAyWCOQMAZUsDgAjFeA/wDBcDx7J4u/a28f28Gk2+kx6ZZWenXtrsCy3rQIU89SAAzSDLMeSQARk/d/vvhmLp8YKlCk1QocB06kq3NB8tSriYqKdN+83JJpTWkUmvtafyhlXDGFpV8Lj5VOXER42rKGHUbN06OAUJyc1pFXk4uMt7prbX+UP4iwzfbp2K+WPMZiQDsYnn5SeGPqPUEYyTXkiW0sspfJRAwJ4bBGCM/KeuM4Cr04bODX7JfBL4Q/Bv40eM4Phn8UYNS0efXre6tPCGraNErXB8QTMqWKXoKgC28xgZSeiAsema8i/aR/4J9eNP2afitc/DzxPrmja+YNPtNciu9HuY5oZNL1AtJaxuIy225SMKsqnneCuMGvwLjvhycszr4uFSFWEqs5NRklKLutJKVvN6Npddj+7eGeJcDRwFLDTj7GpRpRbTjZO0Y9X3tqnZ232R82/s+28en6rqWp6tdQW+ipb+U0DQCSa4mIJjEW5CQAxO/GccjIOK+mZ9e1fVsQ6NbXP2Zm8qIn5UWLPyA+VtCsRnhj0IABJqj4W+HBsI4o3S3jt4QqxwLGGfdjkyHGWbH8PbJ55Ne5aF4f8sIixxW6qsbYEYG/aTjggHoSOM5+UZ718jHloYWFOMVGUb3ejafu6X6R7Wta706nmZlndKtip1Wrw+yrpWs0k7JpaWu21e7PNtN8EatqRjbVLzyIsqDADlm3kZOSCwPPQnHYmvV9K+HXh6zVEkslu51QN5kp3ruyTnJwNoGOOcgknpx3dlpCIUAiDOWH704PHQE9fUYJwecgDHPX2OlyI8ishyyAbVUcqMfcPGARkj5uDnByBXDKvNxSclvd6O+6V3dLp5Pr0aPhMw4knJzp0nrd2SSuvh10tp1erX5nHWWg2UMhSOwt0wqgNDGi4XqRkrh9vXIOc5IHQHootOghiIhjRNxKgJGpXGMAkhehycjJIPC4FdjZaXuYo8ZA27lULt3A4yCecsAenIGfrnpbXSkjKoI49ssaiOMgE5JwckDOCeMAZYn5uxrH2zST5m7Wuk29uXfbZXv10V+qPlHmuJqucXzSSeju3G2jv5eaT00srHC2lnGsKIgP3QZA0aAgE5JBCjAJ+oGcferq7e2hhO1OBtyCQp7E5BAPIwWIPA5PGK6U6QlsoLRxqXfBbKlZEAycZyQPQHDH5uDzVS5gERLhFSEDALcspxwMDGcsemM9uaylWUo8qnyu9m1KSvrGytfp1VtbGSxlRwalJve3vSS2Vly3WuiS77uyZSgLROYzmQBCwKlSASMgseemcDcBknjjArRhUiSI3Sxtuj3J90KAnOWJGM47epU8VjS3iWrM7ufNdFEMW1ikh+UjJA5JOOOfQk5FMmuLi+8tZmEBQ7VjAKbFIPB5yWHY9+ehGauU+WC5ajbaV9dfstq7u9UtNU3fotAoV5pJ1Yy0k927JJxd7N6XtrY32ewuUysMMp34JMUbcgFdpypJ5AJwvXAzySc2+0LSLtTJdaXYSRvlGSSGMMoyCfmCjBbGQe2ePSs6C0ktnW3juSyhw7O3ACE5BVu7decEAc9MV1VxtS3dQhk3xEK4wyuwAy3LcEDgfw9Secis3Uk4pqpdNL7TvvG99GuvV6X0ue1lr9pVvK6XMrSvKyWl3Z2Wr012VlFNank+rfC3wdqqtJbWraZMS6F4TlM4J5G0gKOD/dByenFeN+IPhBqWkiSawKalCHJLKcOq4OSPm25HXg/KRyABmvoObU47SXYkjBsY8pwrIJGzlckY5Pc8jkjGOc59X2o32lmgRN251ICBmBKgjhckEABjzknjJA55Yj2S1nBXavd62Ti0nZNb2fR66tLU/RMJhW1CVFOfw6NNpv3dUlotN720a3W/x3Jo89gzvIZLedHYbJT/AADcCMn5RljgcYHXrkiGK9vLKRZ7ed4DheI5nRgc53HD42kjJA64PPSvT/i/q9xp2jWt3YwWdwZ7jaZnCecy7snKcEDgnPHHbPNeG6deXeuMLqysvPjVf9KdTmKIqR8u4cDjnnkdOgOfksbxRhKOI9hUa0kkn9m9k91o3y3XS/Y/W8jyCricDCrOnGF1HRx1kny6q71S697rtY9t0T4ueKdFKxzzjULRMfuZMljkgBQ+Mg8EcfNnAA9PcdA+L/hfxJHFa37SaTeNt4faYjx8uGYYUEkH7xHOMdMfKBtYnQRzLHv2iRT5qKvJwqjnqSdoAxnGeWJAlaxEIjknhAYAFSrY3g5AXAOSQSBuxkk5BXGa9fC5pRxsEqVVNNLRNXteOtklZLrppp5X76/D9OlGX7tXsruyS1aWrtpZt2bW2q8vvI20VzDHNaskluVUmWN1YSKRuJUqctnqR+eAcLQntvlEiHcyMcK20FV6ZHXj3zz3Oa85+G0l7HosDTTyiJ1cQxOT8gBUjg9V4xwDxz1xXo7xyXSbt7IxO0AKRnrnGD9055J6HHA5q6zSla9+2+uzVld9H8Ou/nr4qoRouVON001rtZqVtNG7X7935GNdMFdAsW4MNz4xhSOpBxkMePl46ehNT27W+5UG5VkyQgBUHn/lo3AySOeOpHvm4mh3IgZmlAUsGbeflVM/eEg4BUcFj0PTjpz+reJvCmgqy3d9HcTxqytDasJCXBH3uWxkjHJwOhzjNTBNtRhG7aV1b/De9k+zbulZvozaEGo3+Ja6y0um07N9VppbZ63eh10dzGC7CNC8HyrsYEFSMAbOjfUgEZxx2jm1iK1jZpbi3tXUb28504XuFHBOFxk8dcetfOmt/E2/vgY9Ps/7PheQ7Xjz57gHaDnGFABLHjLE4AySa52a5u79g1xcSzysobfJISpU8soAc4PIOOSDnpjntw+ClWlHmklbZX15nyt22lFvqtbbt9VMtVZX07PfWLtqrvW22jWz10+g7/4keHLQM32x7mXBBS2iyhIGcFsEDdjgnH1NcRffGqSBCulaOodmYBrjLAdg+0ZOc8kkA/xYXmvMJLOPywUjKlQGA4AYjkk4PHGc4Jx/wE4qy2nys5jAKkZIYDn1GcHA4AwMHrznNezQyulBS5vevazbavom7LXr1sm15KxlHmbUlZWju00r6czSV726bdGbOq/FHxfqCtEL/wCzKSSUtUKkAnIUsOcLweD1HYE1wV9rGo32Wu5ri5ZwSTLI8nRsHhifvY6jnqCccVox2jsxZcLhzhgozjqcDocA8t0DDHHFK9ipzKuI/KHDFRuO4HJXthgcsOxy3BznqlhKcORRgr21dr6Ky2dul726jTai0rb6eqs9m+9tdtjj1Q/MXUq/LCQ4GFPAVF6E/UHg9qqywZBKgiMZDggAs2fvA5wOgPHHTjsOwm00NGSAGyBjnOMk4BAGCScAjBDfiTVCW22bYnQ5YYYsvCgfdIxgkdMkHrn8casJOSjBJcttOVpW0Xz7d9N+hLxLjrNxbWl7pPS1721fRt/5HO+UiCPcNoKjdIcHdg9DkcDPTPHPOQTWVdFg7spEe0EqWG3eCeuf4Ow+gwT1NdEbSa9m+x20JuJpCEjK5AUZP3ivAUE7gTz6DA49r8G/BeWVINW8UWWpvbOAbe2WxufIkUKdjtKFClMgYYEgg/gcnRrOTcYSnHRPR2VrO2qSu9/O2t1a2eJzjA4WEXXxEIXtaPPC7emiUm29eqW3U8b8KeBNd8XzxpaW7w24UedqMw2wxjqSucBjjoAScbSoO75vpXwz8K/DHhlFvbxF1vUBtAkuQDGsmPn8lCMYBHy5z7hTXpNpp0GmQR2FtBDaQoAEt1Ai8uLGR5/yqRkjueecnvWlFpTCRZbqaIQ7SUj3AIFYgLjDYGc5Xbx3yTUww1aTu6bV7L4Xe2m7sur7fez5zGcSUJu1KpTjFtK6kru3LZN3+dvd7adcxNUljiEFsD5fCCGFBFHGoGNmwbfujGCD0z3OK04ZQoXbvVXQFk3gkvgdc44GDxjPXrwx17XRYg/2eNIZfP5OxxlSRkcljjk8jGc8kAddIaKUVx5ZaVQQqgcKqkAHoDgfxE5x0puhVW8ZW6Npr+X0vpZ2V9kutn5v9ryquPJUv0spczv7rtZt9Nt107GHFNdRFGickEvuCLn5DnuSc9cEdB83zZ6bceq3zRrG1sHiG0Kyq3mAZGVJIwST6cZIyTgZ1ItKlRFURZeSP5hn5EA3HGQMjK88Y5wF7065WHTrYT3Tm1sogDNPIy7Mqp5G5ge2BhvUnnFcteHLZ21tu+7tortNJ/cr32PVyypiaktW7Npat21UfP4nrp5pWGJcRzMXkRg0ZyikDeeO4AAB6gkggjGR2rjPE3jXQPD0Za6uFlnCsyWUBDSMzAn59rDbzgFhx6968v8AGvxUmkM+neGQYogxR9QIzJJnI/d4XOO4OTjPTHNeD3VxJdPJLcPJPK7AyTPIGZW6Ejcc/ePAAxjvgnbwTpqetkvN3V3pZK1+j0V/M+roXil7Sza+y29U3FK/z1ejTd9NzvPFPxV8Raoxh0+Y6XZSgjZBky7QMhmYNxnPPJYEEZ7V4xey3d9MZJ5ZrhlPzyTEs0hyeSWJIxk4IwB0zkDG86Bi207lDYCkqGJB5OBgMAe598DHWlOQrMRkK3zOgIIGDgc9c5OR79Bztp04OKSStrZeqsr26XafRXd0rpa9ELuXbVO2rvqr2d7b2fmtL2MI23zb+QYgSCWHODkAA8fL09z97GKkhVGd1dNwPCBuCWI+bPTIAx36ge+bs0SmMMxG587VBJ3FgMliMYx6gnjgdThnlMWjVXYlSQSEBYZB3Ff7vP16decjtgpX3VtOzvbld7bX1s1Zd9ems4SbVlpKV27LryrmSbejs+jta7JlRpU8iG3dpJGEFvHEC7SOThY4UHzyOzNjHzY5Iyev3J8Ff2YojHp/iv4jxuY3VJ9O8OOSHXPzI2oDgqpADGPjlsHOSoZ+yX8JNL1tNT+IXiGy+3WmiTi20SCRQ0SaioBe4kAO1jE2CuM4LE/eya+6pLiUSlWaEM5IJGGVQQNqnupAIAIOOAMDGTFSvyJxUbtWTvo1tdaWs/V6abXO/B4ONo1atr6NJ2sr8r22vru+m9rmDdxw6bY/YrKKC2sYx5dtZ2cYgijChQPkjAAHGCcYLDJYEZPOfcyTE6kR7SudwIYHtycHJ45PTrXf+RDLDJFcRKXUYWTeMuWPJAzkMSe2RtxjtUMejRr84jVCwB+aRjwuMnBONxPUdchcg9uF4qTm+ZpJWsn1uklq0tLK9++l2tvo6Kw8Un7qemqurbO11o/Kz000eqfn6CTAYWx3JvVQEygHXLZHcEFslTgA4HUyQxoYhIsRjf5y4A++CTgDcCQM9O/OCMmvQm0yNRGUYszgq23GOmCMgY5Pfg4GDjghseiRRykzhCi7cKDwFHLEYPbPABAyMdCBVfWUlq03fW7/AMOita+i2sr2S2vb0I1Kaj8UbXS0duiSXd9OiStsrs8ulsL24mcW9tKY2+6EjwBkAAsQCMBu/GMYA45vxeFNSWFpJ1iiVhgySA789RgE/e245xnjpXqLXUGnQOsKIsLghWUpvxnLE5ByPQArx0zyK4zUdUmb94GLqzKUx84AHy5wuR1PA574wOaxliJSVotu+9rJ30ts2vyNfbUIRbbd7r1vor22S0vffo3bUx/+EftLeIRz3AecDjaQCSRhST1AAOSeBxyMbhVKbQ4rSLcrqWkbYWHzH5ucnJJxjOevr04E8+oOY2eQbZdzPuIGQFPAIwSqkdhjqD6gctfeIGmRoBO0LpkyOxVdu4lRhTjLAcYIAA5ODgio1nZOUkkorRO2sVGys9X3v5dbM4quJoyXIrOT6eem9+ui1sr20Of8X/FjwR8Nkjl8WeILbSXlYR28U7ATXIwciOPAdlz1dVI6HC5rY/Zq/bJ+Eeq/H74faXY+IUtbhdaWylubkmztibgNDETNKAoVyyqNwyc4Gcgj8mv2nI7jxR8VL7UtRZr7TPC9lbpYxGX920rFSd0eQpO8rzg4IIDHGK+cfGWmf2Zp9l4n0ZW07Uo5YbmSaCR4Z0kBDxujRFWQxEqUbjoCcc18xnOOr4nD4jCJQdOpCUG7XlytJSuntbVbvbm8zLAY2OBzPDV3GSdKtTq6rlj7soy3fnfy10Vj+uv9trxZrnjnUNW+HfhXU45td12K08P6AlreLLHdS6oyK1yqRsVk8iNy7Fdy7QSMY59h+BP7APwN/Z38CwPruj2Xi34q6p4aWXxF411aGO6eO5vIw8llaxXAdI4rZnKAqoc7d2e9fgd/wTP/AGlotS+KOnXXxt8QWupQ+B9KmuPD+t61cvJIt1INyiSR2O6SCMlVeUn5RgAHBr9vPF37ZHwe1m8n0+P4m2dybpEdSjgQjqPJ3Z4VDw2ScgEgnivy3D4Sll18PUsry5k2+VO9u6s+iT6vRNWbPX8R+O1jfZrDQc6nsYKatefNypcqvdaJauKcr21PyA/4KAfsreHfBV7N4j8MtNeQalDeX1yVZUtrW5be6iFVAXCjjYQCegBI5/nI8X61fafrU+nlHYrnzSx3MyliAM5yGRegB46k9cf1pfte+P8AwL48+FWviy8V6Tctp1hO1oYJkaa5mEbAZTcSNpwpIA65ycEV/Kv4v8DQ6jql1q0d2ztvkD+X88nmbslhgglVA4Bx3POKI08sw+JVZuMlNR52mpW1Svfd7NPXu3ZWZ+b8M5tiMXGrHFQqRSneDf8AJJaLXXSzT7dTzHU9fW3UDz2IbDIjZLBwmGJyCcg7QQTggYG0jNYNh4qvHkCxSyXEpJyApO3BxwRkgKvY8njglQD1Nx4RsRdB5ZbjDJmTzPmVQpO9hnkbuMsCQVHJPJq9a2Oh6dKqafDCjAESTMNzODk/KSDlsDOMAZPY4B76mKwTp8tGl7RuyT5d1ZXtdq7vqra216n0eMrUY03Ll55WVne26jspPrv5K2patNTRLdHjtZDcs53GTJUnAJZg2Pkz/ERwenINT22qt5u0KZpJiVZSoMYIJ2hTj5cE5AyeeMHFW0nsRBJPsAlZlVGYliQByAo9entz0ODV7TnhmnVBZwKkDGTaThsgZ3EgBjgHIH1B6Cvna82oVJckrtLlfKnHdJJ2t6t229WfPzad6jim20ot2a1a1aTStZNu7Wtr9TvNJg8uCKRIAzu2J1cgKxYDCYbouScjPA/2c4+b/ipoe3V5L+GNYud0ogj+QMwyEZgF5HOd4AyMDvXucmuwIGRJJFjABdRklXYEEgjg7VwQOE6elcxf6ha3dxKiwLdQbS0vnANuYDhgrA578fLjgnG0GscjrYzDYz6zV5nTb+F6aO1vdS29NrpWsdWBr1KFVOF0m4uzvytOyuorW6S/mstNXufO+jaWxv7Ha7Kz4BLqYwp3EE7uCMKQQc43AY619deHdDnsbaSI7fIntN6u/wA3mFo0+6c5zkcAnsBXl0VgrXMd69tFDASyxsAAwVTlcL0+bo46FV46HP0Z4Ikt7m50tr9o5rdx5AhyFEKhcKHJAGR1wevTCkce/nmZe0oxrR0hCzkldSu3HRxW62XVK7ul1+M8Q80xUMJTr0ablGjFTnJXvZJXVt7uyUW215dvFQt/Hq0dq3mJbk7ZIlUoSu4/J0BO4DoCMnrX6rfs9+G9Qf8AZB+M+o6Tqtta7JootSt9TaIebA75jhs7d2DTTg7mYxBmAGeprzLwb+zxrHxV8R2Gk+BdMj1bWLoIsarGMxOHzGWfG0DAA3MPmwexwP0i8Kfsb6HqX7PnjPwta63qMXxb8OaxcX2r+D9OnMEV6unxLK0S2+7fPIGB8xVUqU6Ec5mhiYYqhGVNxpyjKnJ3drySh7sZO97aXtfR6d1+ccM+J+SV8fSozowdWFGpHERqRs6a5EnJSdk35NN26XsfiHod/q2j+KdOvNHV2uLOezmjJjZpfNikDFl3AYUsMgKdu0jBIyK/qy8Af8FGvAPhD/gnp4q8Pa+kWofEDxBYSaJd2XziSMvbLarcexVSeOFz1xgg/wA4HxK0m+8FePrca5pMek/Y4bfzRGERo5BGqkSKoC7lcfMpXJ2t0GMy3nim+1f4fa5Z2Ekb2n2h5mlKgzzMpLbAq5yMEgBQOuTnpX6jwV4g4zJFLCKSeHxVai5wnKXKqtF3hUils76au7S1vbT4nxG4Dy7xEzHK81pqNGrgqlei8RSjGMp4TEqEK9FtqXLGcbxTWqs3o9HQ1DxdF4k8SXVy0RH2tmkUKB9xjvCYIyvG0ZxxweOlfpl/wTkazb9q34JzXEbLbw+I7FmMZLOFjdSdxGSHC8nOTyD1wtfiz4fv72wv3ublnL71ZE5DFGIztVjgHGQBnILdRjFfrl/wTK1ea5/am+FTxoxA8S2zIJDkHJBI568Zx6HGfSv6m8Oc7jmmNqKpUfPXo1+ayW7pylePk2ndpJ7tX2Pz/wARuGXkGT0lh4uNHCQoxhzNtRUZQjZ3tfRW7u+yvr/U7/wXQ+NFtpPwU+Evw20a3uIX1681HVJtZ27SLX7I8Mto7YDYkYnIUqMY54r+KXxDZRTTXkaSFys0mxeWRgGdicHlcgnIIyeR1r+tP/gvDqUL+EfgTGzqskceps6qgBK+UeBxnHy4A6dAD1x/IR4i8TppdzcpuMskkskkQCqdoDHJYNhgMZ9M5HevE41wiwPhzllDD03atVzCtU5p803UqYuq5TbaVlPlVldJdEro+bp4/Ms74rzOrCSqTo08DSoxpxUIqEMLQSirJ25ddb3vf3r2OFu/B9vqVzMbi2jiL7xAzptDO2SWXduB9iCQeef4q8o1bwO1i14tsVSSEMSzOQzHd/AxJGOgx1wMgHgD2u9+IFlci2WLak+wJIZSoCngF0woxwWGeAR7c1h6nrOlXscRcqm5THKOP3pYZ3hsEjLn7wOOOD8xr+GM2xFbDYirJ058zb5WldWvG97K7W6V7u7XY/XMhx3EWDlTp4jDz9knFLWUrr3bp3SbiuzW7+R4TH4eKQTCOd1ndQDGpJ3O2GJJHBHJzjnkY/u0mladqulyve3A8q3hcsXUbXkG0jBBXgDryM5GMnFenXVlBbtHNbyRxLGvmhiV3NkAhSRwSASOp9CeOKt3eW0ljItxMjpKhRF4BDgAElRzknHXnHU4Oa+RqZvXq1HD2bcG0p6P+7o7a9E7LTz1u/3rI8dOdGLqNpVEo8rb7JJNaPTT3Urr0sM074jXumfZ4YmMkZZmDsMMqYwdnHLYPykY+YAgkjI9otvivFdaHp2kPqcl5Lb3cGoQ2d65a3t5Ip4pBLs3fNJFtLjgggHg8gfMF/pUksQLIsQUF4WVSGdOwBOADg4Vh2JGO55fUppLa2SS2uDbSQqQqM3zyuMBgGwCVyxZuSQM4Iwa7MHT9riqM6VacZUpQk4JyTT93S95aaaK7T8uvfi+HstzCSm6UalSUlduN5RbstPeb12try7tH9N//BWb9vz4Z/Gf9in9kX4MeF/GGifEDXtC8LaRceIpbaIRX3hfVNPskt3sZwSCR/BkEAqqjIC8/wA2/gDWPsmrX91PMtpHbRT7ZouCxflV5IAAHA5UnpxkAeI6xrshiWNpc3DbjJKjlucg9NxAB6A5UcHgj71zQbxJY286V5EuUw4RsGPA4MnPBJBOdvQY68n9Qli8RVjTqVLOVOEYrlvpbl3Wrbuldavezdj6jJuGKOX5ZUwbcqyrtucp6vlcYwhDZ/w4RUFrqrJ2SV/0z+G37Q9r4A0CCHRLa3iku0dL4NOga5dz1kX7zKWXeFyfbk5Hsvh34367FqieJfBHiv8AsDxLfyw/b9+57UeYQFDoxO+FcA4bIynB4wPxzsor2S7gIuXEYkZUTeTGq7vlZsHjAwB1b3bnHo1tf6npDiaDVp0lSPd5Ylbazr904LEeXgDAPAAYkdCKhm0qcoxkuayjZJcrV0rJPR3tbTV7fP4TN/CPLsfWqYilJxqyad5RjJJWj9lq1trLV7dmz9GPin4L8ZaprukeOdb8S6P4t1G41VL3xDrFnOkJt1u2UZ8ouSjRoCOAB06gnP1Z8DPiLffDjx/pt/8ADH4hS+GpLe6tbq48Ryu01tDfQorql0+7aI1kyHTOAoOcV+GmofFbxjHH5c+rXTQuU823DyBJkUttD7cKQOe5wOpya2dO+M2u21gLZZpLe1umJuYo5nzPnAJKhgQTjO4cleM4Bz9JlPEFPBVY14QcakHGSktLNJWeiS2b5ubXc+RzzwWxWcYF4CpiKP1azhyqnaShZJK6fnzPtZOO1j+nT9r79qWH44eDPB/hXxt4i8I/ED4l2esW0cvjHRLeeKa0iWRSEXY3lBZkIV3wTuBAOcqPmD9re6XQdO8ErJJAUHhiESuqglgLdT6csScAEdTyOcH8sf2cfEM+rePdBt7iWSeK717T1ZPNkkZI2mB+bcSApHY4J2gDA5r9K/2+RJaWXgyGBwVOkFkjUZzGsIXyyRg8kcA4wp991fS1+IpZ3XlVqtJ+yjFQTtpFJR6J67XWj7WWv2Hhd4ZYTgDLlg8NKc6ccVOrOUm5SlVrSjzS1V9XZLdJdNz4XsfHkWoX1wst0EVLV44oifLJj2gEMw28gN3I5OQRgkfqb+wp/wAEzf2lv2tvhvr/AMVfgtFoU/hbTvETaRJbatqMdvNdXqRie52xu6kRxxksG25B6EnaK/CLTtaN1rslsRHCkcLhskBm4J45IzjnuOh6jFf0wf8ABIb/AIKb65+yf8G9Z+B1l4ItNd/trVdW8U23ie5umQWU72rxpbzxhgTESoIwCeDwByfAhTc6sp0XF1XN3g3bmTlFNptrRrdvRd+p+7ZhjI0sBC6Vkn7yTVnaCuk3dp/Dr108z9M/gp/wRR+Gnjz4X3ieLPinf6b8bbdrzTdV0nQr201HT9I1GAuFW5t1MkwgBA+Y8kADOCMfib+3L+xv8Vf2DPiB4d8O+JfE0H9r+Jklv/B3irTLxrGLUbSOZlRSLeRJILiLaMgvgEBsdGH6nf8ABIT9pPxd4+/4KD+KINV1m6ktvHsHifUtT0r7VNNYC73TzRm1ikdlCxqQF2AkBRkr0r0v/g5r8PabNpH7MWtNZob2bXNX077S2d6wC3Lom4HKqHbcAMkgnjBxXq1sTWwOJhCLTh7KM5RV7c7jG8dG3q07a3e+trHw9DCxzKDVaEZc1Rw5mm7RlZpu+7d7J+quj8lv2d/+CwH7Yn7MX9naZ4h8QzeOPCllLHHHo/ippdUsLi2jYKfst4S9wjFBtDNKB0752/vv8A/+CvX7Ev7Xel2/hb4+6BYfDrxJqAS3aPXIxd6Hc3Mg2brPVNoawQt0MjgKCM9Mn+KD+0tZj1G40TUZZr/R7eRUFo0RlZo2cb0t5GDMrhSQQrZIJ2knIH68+Gv+CMP7U3xE+C/hv47fBzTLPxLoHiTSl1hfCRnaw16yhUAkvDdEFnON8WwAsCCCc13YXFUcck6tP2Ck4pVVJU5KXupJS0UtvtLpbd6/L8Q8EZfUp1Izp08RTabdGpTVWEtE7Om1K1r2bg4taan9QHiv9gvw/wCKNLHjX9mH4oWE+j30f2tNBkuLTXfDVxG4Eogg2PLHEkgbb84yo2nOK+KvEfwR8dfDHULkeOfA3iX4eaurmWHxt4AuLk6PPtY7Jbu3UtbhDtEjRooyodWyTz+Cvwv+P37eP/BPzxjFbQ6p448FR2Nzi48H+NI759Bv44CBJBHHeBrcRyKMLLBglGG0kmv6DP2Vv+C+3wW+K9vYeC/2qPA8fgrVbsRWMniS3tF1HwtdTOoiZ5oXR5YuWLMxCgA88Djepl042k6FLHUWrNpRhX1cXpJXUrJ6attpuy1a/nrO/CXKMTUq1cqxuL4dxTd4zoOdTL3NveVNvnpc1k3y3it+lxz+Kfi1L4cMQ1PwN8d/D62xV9L8R6TbReIIYyNrhXkTeZUGQp2g7gOg3Z8Gu/hV+zz4x1S1n8e+CYvA2oXqj7Tp3i3SIY9GSZ22kaVqsUMSRFmJ8vz5GQEDIA4r9xz+zn+zj+0JoaeO/gF4u0ewkvUW7TWPCN/b3do7Sr5my8so3YwEluYgiMpXB4zn5F+Pv7PnxJ8H+ENStPGvgF/i54b0+KcpfaZGpukjCuIZBBGPtO5HCllQZ4xgBcjz6+Q5NmkZQpzWHxMVd4fExUZOUUmoxckoybtok07taH5rnHDnipwjUo4mjPEZll9OUHSzHK68qqXK0+aaptVYvupJ72vbQ+Mrb/gl/wCHfGFtPe/Cjxh4Y07Tr+CYLaa3pOk69ooVgzgJdWMRCfL8gy29QQDgjNfir+1p+wv8cP2crrV9Q8W+GfCkvgXWLy5Sy8c6LbW8WmyXEUmxLaNGBNuxyMRNgsFJB5Jr7Q/Yl+Kvx8tv2q0+HukazfeDvDFv4n1KefQNZluWsrjRrdnI097G7YGG6baIowFALN05Ffo//wAFRL/XPEnwl0eL4i+GpdE8BQ3wk86QpHY3dy8bGCRLeLbI1wJAAAg3kYPbFfjnFnCFOpkea4yVKpg6uEp1JU6kZKHM4JaWdlJSs0uV9rXP0zhrxNznC0qdLFVq+KxeG9jKpQqVJVIzhWcbqpJ+9QnF83MrNXSW60/jx8a/a9FsrOPXXE0ywiWGQFPszRFW8lVjT7ykc8qTkALngV8sX2p2l1qc32qLKu5YxqoiEKg4Djcc9BlVwVB4zyK+0vjFP4X1PU00iPS9TsZrRGt7G78qV0mQOBbkQkfKHXkK2w9s46fIvjv4a68t6s4sdTt/tETCG5ktpIoLoovJ37cRqM/MCcEnHIBI/m/I6FCnUrQr1OVTquPPKqnqnHTlv7z+T1drn9U8P8UUs0w9KTioTcUnD2kZKMnGLcejk1Ju9k+lm3Yg0nXvD+nGV9MiWaRXMdzdSMPMCsfmXHJKt8ygjJ6g4O3HaL4h0rT9KbVJNLVrueQpaliGVITwxVCSDuzu3Y+U9hjj5Wi8O65o2qxWD+funkV3CsZF2bjkHsuW6swxweMgAeyXPhHxNqDQJcXBhtYoUSBlyIAZFA/eOODgk8ErjkHBGK9nMMpy3mhUqYhxg2pyblr0fL3tZb6Nt7pn2tCs5JNLayTdtHo9ney0121fVamXqPxFsr+/ETxiCK1yY5I4x5szLkBZHQAFckgDngHODkV2XgO28O+JbPUtZ8X+Hp/7MgdzpzW8Lq19cAgKrvjdgYPAPfPJ4DD8MPA+h6db3mtXUl9dLcq8sVm5eOVuC2ApZsDnI9xjArYm8b6KtvPpmmyzWPh60i2IixqVgncbC4ByS3IBJxz6CuLHVaU8LHCZRRxN1yqddJxSj7ilycyu5WT95NK+qezJqyXMrpLVXslazUbXi0lZPW60ba01bOm1bxXol9pEulaJoUOk6NLEtvJNcDLo6Ahts2MknIyc/KflOO3zTHqsJ1+6024Vv7OjiZQY2XGUJ2uG++wc55z8pOMHmvZdVv8AwdHo6+RrLXMcMDzSQlT5cl3JnLbwSN5GCyENkA8HOK86g0awnso9evWh8szAH7N/rJIySVVwvK47g5zg49t8lw9PB4acqlKs/aOOtWPNOUraXvdNtvq1qrvdJctSVne9ou12lGTvazTjFNap6X3S18pdK0q/1fUUkK/ZLDT7dpluJFLedEF3bMnqzLkfxeoB6V3s/jbTrHRpNNsFijVwI2URnMatlXnVv78pwy4J3cDnBNeW+I/HkWlab/ZNhdj7bdN5cYiXcI4+iRHAyx7kHvwCQMH0D4S6JbXsNvrvi/S7ybSfLcBXhfdcTxjcJCdvEa7fl6DOc7ecZ5phFHDvH46LpUlJfVcPzJOrLmjZRV03KScemlm1s75+1io3lJO97J7N3imk1K6aSjrZWu3qmjL0Xw34hulm/sWO5ure7BmnkbdGkHzbgWbqGB5UDH3iqnHT3DTfA76XpL23iK2stVuNZtVKowUmFRx88jbgshHJ/iyQSBjI838b/ExbCea48MyxWFgXW2WC32xTNHGRHiWM4+XgjAXPOPm6157f/EfX44/JSeW6uLuMMgeYtHGv3iF5+XbjJAIA5HTaT4FXLM6zKlTrUIwwdL3Zprm9rJO3JeaV01Z3e1rrzWLqpqVtHpu+a6koqPLFX1vqtezfn9MW/wAO/Dl5p93o1pKNAhWGNgEcBJrkrne8uB8pPJCkAj0r538Y/CmbwhfoLe4W4iv2Qx33nfNC275iSDghvTnCgc9xe8MfE3VZIv7PugzAvtaSYErDJtIDvIwO4EjALHBJ+X0PX33iXS9e03UItWkFveQIIbS4MivGrldoKpkA5bG04ycjoRzz5d/rBlOOcK1adXDzko1d5NxkkpSk5SbafVWXRdU24tOOq5rpK+q5ratKOydraad7bGDp2oS6Rai2i1FLuG7KxXW4rKqsgCybiOSRg46gnAYjiuTn+F1xf6zcXfh/XIg94BI0bvtCo3zuQuQMKcgBc8jBGAMc8unLY38EUl+FhYeZPltouDuLIsRzt5HzMSfl5BPpKvjbT9BluYTqRiczBGR2VZYYyFB2SHIJUeh6cE8jH2WGwWOSdbLqkpyqpOpTcHKPLZc3Neyv7ytuk1e+ppSclLldldO0dX0Sbd27Wbtqrp6LqdHr+s3XgzwxNpaXJgvGfyWMbIfNIXDSORll3HqCCcbuMDNYfhD4iatFLposZZIbtJDGzzSO6iN2w5VmYqATnknA4UfNiud8X6pa6otvHoqSazFeorXMzneTNuUqFbkBkG4MVHoSuKiFn/YyWLXMESNeCMgxZzGAVOxuRg5+8TyG5IAHH1eDwdGhh4+3jy4qo05J80ZSneLvZpaX0ilu3sd+HlVpzU4S1jypyTe0eX3m+jVrKyeqex+sHgy5guvDulzb7a4vWhSS7nSRPnLJhkxuJBAJ3D5VGDnvm1e3TGVfKRcxlirjpjOCe4yoHJAPfBOMV8UfC34gSrqFvpNzI9vaLImX87EYiVcDcQVx8xHTGRnJ+8K+z9Et28Q6loWh2Biu31vVLSxidJURokuZkiZpGJxjaxIOMdMiv0jhzNoUqShUbjOm17vxO0eW9tE1K9tbb7a2PuqGL+u0FCyi0lFt2btGy0bXNd6p3Wj2dzZtxHJaSr58TNJGzTO5UpErhiVIBBJOTyMZ3e5FfI/x1+HqatFDrOmkSR2yMZ4oGVRK6PlvkX52ywO7OScdOlf0LXf/AAT38EyaPYWtr4q0bw95un2baxqOuaxahhfvCrvsiE2QgblcjjvkcnyD4m/spfsreCPAHiOPxL8ZPD8niEaLqCaZc2uowzQJqscbmOK2t4pTK7zOoClgTkgjJGR9Bj85w2ZYCdOpTqQkoyaUotJtWtaUkuut311s1ovHxWUzpynUU6WvvJ813f3HZXs27pa2s722St/LN4htNUksb2OzupY3EhEWnxyHcgjIViwyQdoHHHbtjJ8jvtH1h7ZmEU08joHlBUzLBjJLORkqemeAcnjknH0t8RvDWpaKbi40yRGtYrq9jW7+Vp7iEXDqJGUAlFaMB1DDjcc4J45vw/NBZaBfSXjCfdH5gkfAJnAYlX3AlkBwuDwa/P8ADYqnh71KcFJylG6Vk03JXbs7+7dp6WVtGeKo6tSd7K7tpe7W1tdNbpLZ9T41uEk3XkU8rrJExySCo2jPzA4BGDweMnJ4Nb3hPULfRg906xySbxsfcP3IySTzj7wx8vOOhNdr42i0q8tp57WGOC8uJTIyxhdvlgjLswHy7iAcHrjoe3nen6Mzu+9l2FfMVQ2AFAPzMOfuntwcdDwK+0oyWLwyU04uUVzbK1uXR3aekvV3SvomYzVk7K7Vr+fw2s3fpfW+z76v1s+KhqE9rDb2kSGWPy1Z1VRKXHzNJ0yF6jHbBAGRlZfDqXsd1fOfOlsmaUoSRGDwzZPAKjHQAgA8cGvIrK7ks9UX7Rvkht7iNUAJUhR1wx42kHBI+77DNe9XPjHTbfRp40jjiKxAsqhC04bb8g4yQCBknPJ6ngDy8Rha2HcHQTcW3zP3ne7TtZJrRpNO7b2sjFwejXa7T1bcorTRct7q929nZJambY3umrYFp4lVinlhgy7A454QgAgjJyR82M9cVj3y6dqPlvsht/spyIlYKzkkZ7ALuznLZB+XA5rCutf8PPZy3MjFbl0bbbIMLGRgIxHQcg5JPcYB615tc61dSBmjdgsxYFRgMyDG057AAEcc9eckCujDYGrV5pSk4u8eZNJc2zu9Enr97X3T7K09rab7X+FSaTts9U20nZyVz6JtVibTf3ipNAgKRrhW2REbWY4JXhRycfiDiuav761tppLa2t0iiEeA8bAGRxgqyHI5J6YJ4LZ68cL4X8Yzacj2V9I0tvcxhFAUFo+DlDkkk544xnHHzcVBdav9tvYXihKpG5hixkHsQzZHAI+8SOhIGTgUUcFOnVlzq8d1dau9l5tfPr1aNbNO6sttX52vrbs1tba/Y6CfxVqFlbmGKWUs5McqvnaE6AZPI45Izjdu/h4rC2/2kVmLN55BEgYZCg/KOfbrkbe3JOc2roWzQIs7ASyF1ZlOCXboM44wTgluegPGM9b4e0eRbSKaK08yBnEMsp6yZOQikfxHPQ54OcdSOpqlhoOajyvlTtbSystu2zbu156Epa6O70vq9NVfRbX/ADVtt+QgB0mRAGG9WPyxpw6E54HOcgEZzjgZ9vpn4b6nFqVtCPPAkjYNJbkD5E6YOM4AP97J/LFee3+j6PFJbyzwmCZ1YPE4HO7AVSuDzxx/ujOcmvY/B3h3TLO0Fxo8YEs0K+YysOJGZiAe5JJC8DoPc1eDrKrNPlUXpvrzJcr0a07XWzu76nXhU3VjG7V3y6tu6916K1uqTv5+h64JAh3sCYyqiIg5xyAGHBXaTjdwcdd2OBymvzq/KxmRlclnxhGIAwRjgD+LPIx0B61YY6izR2bpcKygbVVcs7nAREHB+Y49enAyM19LfCP9lXxd8SjY6x4hh1LR/Dz3CGRFhY3dzBuAcooHyoFB3McAk7hjnP0MKsIXTb96zs+VO7cW1a32b9NVG9ktz6nD4Cvj/wB3Sg2vd5r2VleN+a9rW6vt6K7P2HreG6/aJ8AzIpaa0nmnjkCsB5u35VJAUbQcAHHccDpXsv7dCXM3xy1WdZCs/wBpsY5ggf8AijUSHg5IPPZhwOMivpH4WeAvh58P/iv4T0nwDpnljSbsRahfTqpumnIVmDSnLYdwCwXHPHHSvBP2s1Or/GbWZXfYW1eyTJww+RSpBxuIxtbrxnBPO419NQpSeTTqNNxnVU1pokrLX5ptX9Eu/i4nCOhmMMM5KVSLi2otbOcLWt22vd2Wmq0P0YvYrXWv2Qfh3pWqXUjwW62ttDDsOHeV0iG5uWBVXB5yRg/N1rxrSP2fvC/hn4kWuo+GoNauNN0rQ01K7eW2e4tI9SkiDuHmjBjRhIcRqxyenOMV9af8IkmqfsL6Hqtpti1C1vraK1mC/JhZo1d1bIXdk5ByDkAZ6V9EfDr4hfCvwn8NJvBokE+r69pmm2+qXdxZrO8V40CfaZXncPIFUhioV8YHUjJP4pm2ZY+jmjjgqc6kITneMHKKSV5K8optXaSS0Tv23/ujgfg7gzN+EsLLPvY08ZCOGVKvOpSp1FdXn71RrmjCNm4rfRWufkP+1x421C58NeG/DE2nTW1uunXl1dn542uGY4ilkUEDAC4HPTkZ4I/Lfwd4r13RPENmsk0UmhtqCvd2V2DNZ3MccgbypYn3IyyAbT8vHfriv2M/bkstGu0g1rRrk3tlomkT6fdXcUBS3lLDdEzELgNgAZ46HHofwr1TVhbxTiaZ4HS6JXGCVVmyv3AM7hg9cjA5DcVvjMNWx/77EU5Rq16S5m9JRfJTjyua5XZNSjdWd1tofJ+JeMoZHiMFhMtxVKtgMHGMKXJKLpVI01TVqiWj52pRt1SfXU/Xd9T8PeMPhtJ8QPh/8NovCmj6BdSWHjS70O1ZbKe5mwkN1MgT9183G4AKC+BXwh4mlafxQ0wMjx5WTJGCRuypbtkjB5APWv1m/wCCP2p+G/iV8PfjR8H/ABPdRXOna/YvstJ40kWWVbSRoJ41cE7lmVCGXBDD16fk38S4pfCPxO8a+EbybN74f8Valo64jdT9lt7lo4mKkEghCoHBIznggV8p4cZ5B57xDwrXdRYnJsTTq06k5OTq4XEKEopuUm3ySk9FfRb9F/JHj5wfRxVPK+Ocvo0aVPNsMqWMpUIxhGOJoqzk4xslzKzd1d2d0r6epQFf7JCuCTsWQA4wMqQ2Tu/QDp6cg/m/8WlFx4wt/OVXifUWG1sYKByCD0yAR0PPI5yCK/Qm1Z5NGm5ZnWIBWH+7xtGMknoBz7tztP51fEVbi48TwsVwE1CRcZIJ+c88nIYk9uQfXJr95lC3s3dW5otbpN3gnot33fZrU/nvgGi6ONxijFp6tO2l1KGiu11tqmkk/J37vR9E0xkVm0yzdyQGZ4om4YAcnGcA55zx/ePUe0eF9J0exQGGzs7SY53yRRRQsUB+YAlQSTz3OAMYJArzjw1ay3ESlE/gAZtpwpAA7YznDYY9c8nJGe4XRrmUAyz7I9hVVDOG429MMM8Z4yeCc9Aa/SstnSpUKUnCMpOMXF6be63r0UnfXV2010P0StTrVJTUOZ3T0WmzV7vSy3S+SemhzXj5oLeR7iCYGJVUjkSOxJ6AKSAAB2GDnGTjn97/ANiHXIrX9lnTb7zUNqmh6z5tyHQJC/kzAo65yMd887gM9SD+D+oeGrK5RluAZIwuGPmklyQQMDLYHtz079BqaNr3jvw5pC+HvD/izXrHQWMqtodpdzxWsqTAiQGMMEVZBwy7Tu7jnNfd8H8XUOG8wxWMqYd1YV8NKl7OFo2lJxak3JNSimraav7Pwo/lr6Qv0f8AH+NOQ5Xk1LMI5a8DnWHzSdapCVSMqdHenFRa95uV09Fvcb4xFjfeJvFt088cqXev3ksbKwG7/SZhuyOSvGRxg4JzivWvBfiCSPT4dLj1aF0CBkjMgAVVA/dA788dBjnI6V4hF4R1O6uFnmCRLJlizMxY5O5mK45ZsnOV5Jzkgc+h6B4ft7OdRHES6gfMjZyTtDNgkkAZ65JJz25r5XP83WaV2401CNSTkld6Xd07yTf4O2h/Qnhzwe+E8vwmD9o6sqOFw+GnNqyn7GnThsrv3uW9tlffoe16lLHcWTBw0rMgGxG8wHLdM8jB44JOM5OM5rxPxL4btdRZDFFNa7AQxtd8Evz5O5zFsDk4+Y7SfU4LV6naK1rEyqzsGAfO7cScD5MDkcfTvnGeUMCzeYTbldzANk8tyeecdxgD7vYAmvnvYL3dE1Lp8Su3GV7q733svlqj9Wq4WFeHv0000tOVSV7xtql+l9t0mzZ/Z9+Pt1+zfbXNjp3hK21eO8uTPcas/wA+osjqV2GZiWKndwvHzdiAKwPih8WL/wDaQ+JVh9p06Sw0qEqsGltcMyW4ZgZriVSQBIckf3lyOwYViXujW5EuyN23HJbkiMZJxwSGJyMDHU9MDjLttIOn3L31lsgnCkLNHuWTJHLDkEjnDHuPQ816dHCuUqfNZ042u1ZvRp8t1peytre17dLv52tw/ho1Pb06SjVbld2vZtJNrRXduu1mrPoe03HwP0yBILrTVNjc2io8Ukbnzgy5AnjkRgFfJBOMkkAe1e++B/jdLovh6XwJ8Wkl17RHt549N8RYUalpLwR7YEEjL5hX5QBggjOQckivkmy8V+J4EKNrNwY0AGJDlipGABuBP90bckAngEYxja/q9/f2tz59yzRGGZism5AWCk5J4I79z2wDivoaNqThKlB05dXdJW9za2nVpq91dLzfzea8JYbGxlLE04y00dkpK/LeXNrq9ne2ttD7H+HniO2uF1X4l+FvG1xo0fha5Y6bew3R0/XIJ7YlkZShjaZX2qSnzBgeFIIB/ZP9kP8A4K3fD34lab/woP8Aa40ux8WeHLyGPS4/Fup2y3B2M3kxtqSNGXikVQP9KiAkBGS2MGv5jv2f9QfxHPJ4UvYpHiuNX+ZkcrGIIn3lXAOGLABSzAswzgg5NfVvxN+CMekzJ4i8BzfP5cb3tpAwVUkAClMcklic8/NnIA6V7C4ny6jDDZdmXLKOJacKuqqUm+WKdOo7ckk7bO0lo9GmfjvEPgZh89VXNcnjLD4/CRvF0rXqJWdqtPRVE3rr73VNPU/oY/aP/wCCbdlBokvxo/ZJ1ZPHHgXUbd9Qk8FWtyl7d2tpInnudIlRmMscSt8tsd0qgIOmcflHcaBqAluNOuLK8sNXtpGgvtOvoWtbmxuY2KyQXEEih1YMG3fLjjOAetH9iz/go38Yf2RvEum6drWo3uv/AA+a7httV8K6jcSSLaxOwWaaw81iInjUsQq4QsMMCDg/0dat8KP2Zf8Agpb4BHxU+A+saN4W+LtvZLc3XkLFbTXl+kat9g17T027/Okyi3ixkMSGcnv4XEvC2BxeFlXcVicJPV46nFOdFytyxxVON7Rf/P5Jwvuk9Ty+CePOMeBc1WQ8RUp1KVOUY4VVHK9WnFKL+rVZaykkruhN8+zjJ9Pwb+CPjQ/B7xVr2qax4a0/xb4Z8QafJo/ibw7ewCYXVhN8krW5kDmOWJGLRlCpDAEEcEe767+xr8NPHGiTfF/9nm4v7/QZcahrngQzbtR8OTE77qOG3JMrxREuFGzLLjAVaXxn8L/EHgnxdqvgXx1oD+FfHWjLNHJYX8Pkw6pDCSBfWEzKEuIZQC67CRk9zzXnngT4keNfgX4vtvFvgjVJ0kNy0GraLIC+m31szFZ4Z7bJicspdQwXGfYkV/H3iFwNnGT4qpmeS1qtKcV7T2Kb+r4qmuVXVvdTlFJKS0XVa3P9EfDvjDIOKcsoObpVZOKjJScfbUZtRTjNNqUXFvVPXdaHzD+1Z4Wey+CscaG4hmsfEkHk2U8DxPtCuH81HAZXQgDPB9eflH5X6TbzSai7ysym5kW3eMpllLZCnpyOD2PXHPSv6Zf2w7r4b/Hz9nuf4i+AbGxs/F9pc2svi7wvsWOa1eBMT6hbwDBMTNuJKqOPqSPzE/Zq/ZIuf2pPixpvgrw/e6V4etLaC31vxRrN9KsFtFptu4N59nkfA+0BAdqn5iT3IIPPwdx9DD5bUjnMY4evh6kqdSFR2mpXio6vX3m2l0tt3focTcMyxGLjiMEubDypRkle6jyav3orVJXe93stVY+fPgX8ade+B3iA2/kvrvgfW5zZeMPCdyWez1GykO17qKFtwW5ijLSRuqb8jJzX0z8YvBejpZ6V428Ho134F8TILvR7q3AddJll+eXSr7aCI57diUUMRxgYGSa9m/aN/YF+HXw0/aD0nwRZfG7wtZ/DT+zY9X1HxheXsTf2ZKsI8+zZY2xNOrh1VQcZxgEYz4D4L+LXww+HXj3xH8GH8TJ42+CviW+k0v8A4SARSbdO1PPlWmuaesgJtkEzBnMZUMvUHgn954bzahmeEjXoSvRmk0np0je97Lrra7asmfleYTq4DFunK6s03B38r6PVS0Vkuj6aHgtpHNZ6kRI7xBXHklk5XPcrkkg5yCD0P+1x6LZzLOMST4KDALAKrE8ggg5yeMAkkdyO3UeO/CE3w28X3PhnxDsubS7jXUPDOvIEFrqujzjzLSeCY4VmMLKJNpJBzkZFcpJFCF8y3mhdI3JZmI8wAHgFRgZxypXKjgZzX0M3F3cLSSaV07JXt1316N26ra5tSxKr07uSu0nZuytpfS11p3/NBqSn7OrBFnRXKs/CNtI25AByeCOOADjnJqHQ7+CwkVI2aKWY7WViCoGThiTwQAem3cBgYxxWRqd4Jj5IulAkIVQDsVmOM7iMAFeSCow3QDgCqElhKqRuLqLdGoLHkh16kruOc4xwPT0xnSlWuuW+1tbp2V1s77OzWvbS90cNbDSqSbSvHRJ2TtZpXT31fe+nZneX4tZwsjxKHJO+VSPnfIwxAPHXPTB+oBrNsFQ3QLorRbgqspZdrKM5K9zgAHoRkjGc1zsUE42Srehg5XCgsxXB7jp2x04P51qJYXDtHMLiEYYttEm3PI5bBABJ7jgcHjBzmryU/e2bvazbTtto79HqutrX1MKNLkm+ZO8dVom9eVb2tfR82nurZtaH1H4I1KKwMCh0jUrgzKy547qO7DDDaOScHkivpzw3rcJMF3DqMcM8ciFHRts6bQoViBjqduMfNjB+v55aZLeWpiYzbEDBodrkgFSOeN3GeD1GBkH09e0PxQ9s9rvnUSMFWQiQll5JUkMSTjrkHGcjkdPFzHL6GOpSp16UasJpKcGk4pWikrONvO7sno+h9NgMdUoOMqbcJKWji2nHVPRq2y3vpa6P1i8CfGfUtMtWttanM9tMkkJuEKNJLG64RW43BQDk55BBOTxn3H9kb9sPVPDfijxB4GvNSi1zwxc6lJC+i6rIJII4Ltinl2plJUnDEOhyp9M5A/MPwv4js7+JBJerNuXYxWTYUJBCyFQeQB1wpJwCNxyam0vTYtC8Ryazo1xIk8kySmMPtDzI+RKkgZTu5zgHOcqRiv5o4/8ABrLMfSxuNymgsHjGpTpVKMVDlqcqkr8q1i27SjtJXuj9YyXi+tXhRwWaqOMwc+WM41t4r3UpKejU4uzU07qSunoj9sP2iP8Agnb8D/2otK1Tx18KdJ0nwF8U5LWaWaxSCOCx1lnRnVJIlVUiklJCrPCFRWZS2OtfgvpHxH/bG/4Jk/FOWyvtM1+Pw2mqbLjwxrhuLjRdQsBJlptJnYmFxKo+XymBAOGGM4/dH9mj9pyGa10vRfEszxXlosUNtrEZ2yxyBgFilORvXKgHIIbAyAQzH9APit8LvhT+1Z8PLjwj8VNA0zX7W5s3Sx16KGP+0dLlkjIiure4AE8bKxD7d3lsQQRjNfx7Qz3HcGZrUybiWhUUqVVpU6sH7KvSUklVw9Z60aqjaSSfI7WtFp3+4x9Sth6EFJf2jkeIcVRxDtVxWDUuVRpylr9YpJ7qX7xLZzeh+P8AP4O/Yu/4KweDLfUX/s34b/tAXFoIZdRsli0/X7C6dA5+0wARjUrMzHGdrS7DtVhg5+ff2+fgr8bvgR+xdo3wY1rS5vEVj4JvDYL4802GSW01bQmffBHLGgLQFVVQ5kwSxJ5Ckn5F/aX/AGN/j7+xJ8ZE+IXw4v8AWNX8AabdtPpPjTw8szS6dCJQ8FtrEVuCxRVVY5XYbGUHkgk1+6v7Dn7cXw8/a0+Gg+FXx9t9Hl1u5spNFefWhbtpfiKcxGEqVuABDeZAwrlX8zJU5Ar9jyDimftcpzbC46ec5DhsVTxEaDqe1rYSpeKdGpHmcly68rSsmlfc+ZznKcRhsFWqYCCnSqUvg5ZKpGFRJqpSduZ2u703HZu1mj+N34b/AGmz8UadamKS3ihKzuJFYqHbDFlJGDyT0Pc554P6jfDbxJrfh02fiTw/ObO9guUd5RkRKEUEq5XIIYjDKevPYnHsn7Wf7B0fwi8b+I/GngOwe++H1jrF4by0swtxc6H58jyQ7REJDJp+MbXGdqnrwDXiPwwv7O68J6raW4SZ7G6uWdZF+ZkKOoIz0PoOecAc8j+xMi4kwnEeApY/L37q5G4WSqppRTjU1vFxs1Zp9HZpn5rRwKw1Z4fEzUpVEmm1vdK++q63Vn17n0vrY8KftHaZeapp09t4Y+Mfh9VuoRZSi0t/EklqN6yW8ismy/VkV1KsHLHABJxXk3xQ/as/aI8Y/Csfs+/E/wCIWtyeGdIuhb3Gk3qlby48hvLS31G4bElzCMAoZHK8KfuqGr5cs/GN9puqDUNKebT7iy1Rxb3MEjRSxSpISrthySm4Dg8kZOO1fZkvhHRv2n/DMUdvqFhofxi0nTRNDNcbIIPFscKDbbsWKhrtwoWNhy5JGSTmv0bLsfQzSNLB4mdOOLpJvDVJ8t4KytG9k010abtta1k/ks7y+rhKqxVKPPRpt3tdumrqzu1rC7V3f3X1tt+aurfs7eGPEd15smpT3U0zgum/dtIAKsibgu1QD0wM8n5utF/2RPDsMgeC+mErAEMo44PABBG3BPOQemCcnNdj4nh8ZeA9cv8ARdRtbvRNa0qWW2vbG5VoZ45I2K+cFkwXt3wGV0G1geCcYrih8efG/h+Zreb7NdgcrujLl9xyADtxu28/LkcnaSa+ZzqeeZeq86daU4xk1GbbkkrpJp3aTV297p907GeVPDYyvHmUrtLmd07tKNr2d+8emv4TW/wK8W/D+U6/4S8Uato2o2/zR3+jahJp92kand/rYXQmMEHKMWDEHKnjPG6p+2l+0X4dv20df2hNeiSwl2LZalexXZHlnacmRpAzg4+YjJPBxuBLPiX+0/r6+C/EFrJoD2t1fWM1pZahhoUtZJVILg4Ub8A7cFuDlQDjH41Nd3uvX87G4la+e6klkubmZneTMhd2LcsBk5H3c9uRmvlKHEOb1J+0qYmUZU3aLjUabtZ2va68le/4H1s+G8Di4KM8LGpKWiVSDvJuzSTcXe6/JPc/eTwV+2B8XPit4m0fwp4j8T3Pikxlnu7ya0BhhtW27mWZVVQCBkEkLk8j1+pbvxBFboQziba2AUYHcNvKEryCTgAkgHIPZc/mD+wx4gsLrxynhjUbmGK5v9LFlaXCbS00+0AQliQQTnHU8jBJOBX6a+MPBWq+FC5kt5JLN1ytx8pUM/PUZww5yAO/Y5NfsHhlxvTxmJxOV4zFyli5SUqNKo5P3Eo7Xb5tdW+3Ras+Q4q4HjgYUq+Gwvs6E4p80Ye6pe7ZNd+l0u7trrBceLFlVlhxGihQS5wwJHO1jyCOOv19VrLm1yYqTBeKu7AIZ8Hfkt8uDwcZPGOpJIOAfNNQvgjGJpAigA7VIY5bgsePvZ6g9+4IFV4tQ2R7hIjPuAQuAGzgEEg7s5GcD3zzkGv6Io4uKUW3bk15n7sdeTpd6rbTy7nwEMlaXuxvff3VppGztfpuuq6b2fqx1W98hy8+4bR8xfDscDgHJJAOcg4Gcjr0x5NdkifMckxVVGUCtljksSXAOeTnIzgZ7jI5GTVnePMpWRyq8IDjAz8rAdcDqcY68gGnNrMcibjGsW0AMwK7sYGdobHA5zxnPGQea61jkmnzr4rq8m29Y3+LWyv83fzs55JSaalGyaSlNp30s+ibu5Oz72ujsotemjLSFpFIw+S5Hl8ehJ5AOCR14xyc13Og+L9amBSPUpSFb5ER9747jnvg4JOffB214jJqUTrhT5ilfmBADtk44HULz0AJ4684rQ0TWpbOQzQ4TDYVR8rsOpyrD5unbg8jjpUurSqSk6lNSUkr2Ub81lu1e7VtfTvY4sTlFGMGqejej5YyUntZPTouvy2PonVNR1DUYQkixndCEDuVDg568DB5yP4ixHJ6CvLtc0+SS0vQxYNBhnADGI4OGHPUYO44wP8Aa4OWW/iu5eUSeVKyx4LDqCcclRjAGeOPfBPa6/iM3sF1bNBKsdxC6kmMDyyR1Yhep7AckkjONtdXNF0nTj7tmlundcuj2Wl99d9dTzcPg6lCqnunJJbt25Vd7bOTte3W+yR3X7OfibTBc6vpk03CMZIYy+wBgCrgAkbgpzjnr16cfRf9pJdziK2mjjjEj7XdkG88tsYqwbDDAyDkDJ9a/OD4f6m2keNTbsJVhe4khCqzK7hySA+3jB6DjBUj6n7Pt9PYGOdg5AXzIxBKR8rYYK4L9RnGcEHnqSFrh9klNz5kpPez7qO6et3a2z0toduIjHmXNBNys2mno5JX73bfp31Wh6oYLuORHkaExkkgKDK+31ViWyBtBzzgg5JyQOZ8Y6b9l0q8ubm7lijntpPIRFDBpHQrGuBgkkkLxtIzgDmolvHtl8yC7cSJFgqXD8DOBtDY+XnnHBPucec+MNe1PXNS0rRtHvZpLm3K396FieeFFhYMqOqBlVSw2kvgE4JyOD6WT4XEY3H0KMH7vtIXf2YRTSk3ZLp100s9Ony3F2d5Zwzw/mOb4qNJLB4edSMZOMXKpGPuQ31cpWj1bbu+56b+zD+yDAiXfxE+JWpWetahcXr33h7QZMzz6RbvmWK5eA7g8rghlUqMdxxx9t+LNes/Cfw71XXName0WwnWPSLa6svJutSmUMLeGElEYR8L908KuGABBrxD4Y/tPaB4Nto08WeGpJtQtoIhJrMBijUeVFhkeJvlBAAATaM4PcV4t8Xf2kbj49eII77y/wCzvDOhJ9l0rRnVYkupgSDeuFCq7gj5CA2ASOBgD7nOsXjchhGgqdGNOKU6ddyjzylHlcYwWspLZNyd0/hXf/MHJOAuIPpLeJc8fxPWxqyHBVWquASqrAUMEqidKnScuWCqzglF8nNLWUnJJHJeKdW1/wAfutzr+ovcGWQ3FjpsjnyLOMg7QsZY52jg54JPJxmuFn0ya2VlaJdzgxo0YBBC8ZYYztwM8c45z1NdKboypG0QSLy1O5siRo1YZ4OCQeMBTnGMD5SRSXGdsEo+YNkb1BJzt5BHIAYg5ODxgH5ev5Pmuc1swk51nz1fN7bNbr7uytezP9ROCeAMj4KynB5Hw/gKOX5dhaUKdOhQhGEXyxinKbSTlOTtzTlfmbTlqcHcpttikRkhlRcOcHaC2cgHAbqD0PPUDOaxorp8yIAzMBsZCpJdjnlep49OcEE8V3d3HuErpDzsLOuAyyFemF7EgjAGSecdQBhW9rIbxblo8bioKhCETIOQ2RgHPvuJJPSvBlVbj71r6czSSSd1vbr1v1263PuI4CnGUlZN6fDFvW6Vm7ed7t2ttuczeOsscagvG8bfvC0fJzn5c4B5PTucj5u1UEMRhkG5lUArJGxy2/OOmO/Y54PuBnvr2wgRJpDCQ7AkAMpV+eRjOQfQ9cgfdrmVsLeZZvIi8udlBlEx6EZYEAnJ7k8Y4B9h5lZtpO6lpG23aOmiaV7Nv8Wj2MFgaeqkk5Po3vouzfnfbd38vP77zY5ZDGsgZRlEBBwnB3Ec9OcHaSMgAkDjQt0ee2RlfcpwZY1ZSy5wQODkFiCc/TAyavanpk0EK3EaNJL8yuA5w5O3oN2RnHAIPc85452NGSN5YvMgkAPmop3fdA2gKeMbjk9+3HfnlztRVnd9LLRaO8Wklpfyd0tWjvo06NGT5kuRNK9rJ3UbtO1na6v1uuxtzRIm2NMB84SInGQcYPAJIxkYyM+4FXrRjCkPyAOTtBZlCk5IBB5Ge5OCM8jg4ri01EPMh3MSWWN2lBUIxPTLEkDJ6ZGTxg5Nb6SRnEM0ytIpARGIAYNjowxggkZOfQccCuapGTtzc2u10ne9mt9LX0vv953whhpP3OVO22jvtbeyvppffRncrc7oJE80yOw2sCu4Y/hIIHIA9ATwc5ABrAukmhcrLGZW3ZDbSCEIycEZxxjLevAxTYXaAguxXfgPszgDscMTuHy/Mfu8gZ+9iSW7DB2EmUJKr0bbnGCeuOeQDwcY7Zrz6t4qzTbl0eyvy393y3v5aW1OhRi2neyW93e/w20ei2b6Xd9SdZIURPJYI5JHll1yeQSOTyp5I6nPAPOR80/Hv4F2HxoSwgPibUdBv7fMUT2Ny8dqSw/5eIlbayZwSc5wck165rmqzWUU1zbRtO8JaQgABsKM5BIIAz1H4+hCfDqfxF8RdUax8K+FdW1/UNypdLp1lLdxWjE7VaWSIMkY3ZyTgdQT0FfL5lhaE4T9vNKno23LkgrNap7Jt3TS+avoejTlGoo0oxbuo3STtpa7vra70e+jPw7+O/7JPxY+D08upRm68XaESHGp6eZ3EIY8eciszLx/EQAQcZBwa+Urfwv8SI72SVPDHidY3jaU3ENjezRPEBksJNjJtUYywKkcd8Y/pK/bIT46/CH4Y6joVz8NdVhvfFCSQxSXGlPPIlmiFkuYCIW4RvvYBITLE7c1+aHwG/4KH/ET9n21vPDvjbwX4M8eaFcW0thc2OsaLbHUbKIsfMWGV4PNjkA6knryT2r8jzzEUcJWnSwk4V4QXwc6um2vd5ru7a21fTbc76eUxdWn7d18PCaUlPlk4qLS3lrZNvW136H5w+EpbiX4h+EU1sXdoB4o0S3VpI5VnEiajb8uGUZCAFgV+YkAjuV/dT9tHwx8J/Fnwk+LvimLQ73VPiD4R8IeENI0rXvnQ2Yn+yPMrJwse5CVBb5WY45OCcz41ftHfswfGf8AZ88J+L/C3wW07wl418O+K9NuLrxDZabBBPDdteR3EltPNFHHBcIIsyQ5yQANw4Iryvx18W9H8U/s9/tWatP4it7Ztem8IW/hqxmjjW81E2JtY7gptABVIwxIQbQAQwJyK/FuK8yxmMxWVzw1CcJ0K6p1XFOUk5zpKUW0kuWMIy1Xfe7P23grLsDlfDmfUMZiqNf6/h6OJowmo81qMZNSSna7u0oyj3SSsey6v4Y+G+rfs1/CMah4Sh8P+Hre30TSdR1a8McMA1TUrAC91aY4FxcLEheUxhyjFTgGvEfA3wR/4JRfD3x84+LfxH+K3j3Ryvy3fh7TJIfDT3MrATJDIIWbyYHJTKuCQvDHrX1B4Q8e/DP9pXw58D/gxBcS3ej2Xh3T7fXdMtYEhmu/EVpozeSHdV2xQNIo86ZsEj5eG60NE+Lv7G/hf4Q+N/gJ8WdH0PSfFfhLXdQi0iOx0+Ka5edL05imvzG1xIu7C5RyiKTgEDj84nxBnWWLE01hMxxVWWJq1HHCcrSpc7cYvmjJ3cLrRW+1otv0CpkPD2b4LA16lTLcJQp0KEadbExS56rhHnjeLUXdc3VvmV4rmVj2LTP2bP8AgjJ4y8M6z4u8P3/iTw/4Ss0S0fxRcwahHdWdzIAuXkuQbbehbdhlxwcfdxXwz8bP+CU3w2vdnjn9lf8AaY8F+P8Aw9q7O+neFtf1SysPEMQcbliluWlS3BPCopUMCQWOQK+p7D4pfA3xp8J/iX8IbDRPDFv4X8QeBxdeGbKwlsYpoPEOn2rBNSu5GIkV5HAZl3bmcgHcK/nvfVPEnh5H0+1v9S02Ww1S4iVrS/nijlkgkYJsMMgCYAXDJ1yD1YV6nC+a53mTx06rr4KrCqvZ08ZC69m4xlF3fIrx2klr3s3p8PxjkvDmTywlKjGlmNOrTk5VsLUi4wqxaVo8quouLTS5m2/Pf2Xx3+xd+018KpmbVvhR4g1DTwplbVPD8La7abCQfNN1YK8flhQH3FiCvUV5NoVjeeE/EekS6ql3pVza30dxPb3MUkc6PHKCokikVXUqwYMpHOSPWvZvBH7Zn7S3wwuC/h/4ka/b2wgSNbHW5Z9Us2QjGxrbUDNG8Tg7TiMggDp0Pvlv+2r4I+KNhDY/tE/Arwx4wvnkWKfxl4atV0PxBBG2FeZEtkgtZJNrZAdSM7Qea+or4nMpUZxr06WIpSg1KpQlJN/CmlCV7uV3a0na1utl8bhsNlMcTReFq1cLNTjLkxMU4QfuO/PFNtOzd+jWuur3/Gn7SMXxA+Gkfw+8QR2erXmlC6k8P6tYiGxnszeKgcTvGqSzqgACqzkZLDvXnHwZ8LfDbXrT/hHPiNrWp6Jezuz6bq0Nw8sLTM4ESXEYJxESTuBHr93oNzVvg3+z78QdSutV+DvxTm8K6fbaeb0eGvGke3UI3VS8lrFdQYglHVUwc45Ir9Cv2L/2C/hHffD3xP8AtPfGv4t6OfBPg3RtZk0bwal3FDqOv63p8RW2RBO48yF5yvlxxDzHGMdMV+dZpWy7LMBXhh44iNaUm6dL2UlVdWyajHmi1eMnvdq1/Nn6Hl2HzPHZlQqYiWGqYeCUalVVYunOheCfNGMue+qSdk1fXRI+LPit+w34hlhttQ+FfiPQviAt5CpbTbPUY7e+gXAZSlnM/mPIQRkKpO7nCk8fGvif4Q/FT4d6ktn4p8FeJdEgRsi4uNLuVgLLwSkwj2SrweVOTgHO3r7Fr/xJ8Up441bVfC1/qWmWU2qXr6MLe6lt5LG0ErLborWzLwsYUguO5IJrufC/7YXxl8Ha9pg1zxJaeN9ItLyOR9E8U2NvqttOqMBJbSSXMUsqh1+XqCucgZGD05Vm3E2DwfKo4XHQVKM40KieGrQuotxc489OT1d3yRd13PMzvKeGcbjpODxmBqKooSrJxrULppN8t1NJtJ3UtO25494ft9R1LT9JtWtrqxZ7yGG1uZbeWOCfcyq3zMqoFHJY5z1yMGv2R/Zt8R/sUfAj4ofD6/8AjS1/r2qpprT6zeLZw3enaVeXtqY2ghheOSC4hVWBZpgxVskNlTnnvjR+3z+zF8f/ANmKf4dn4EaR8OfjLod7HceGtY8N2NtaaYGkUC9uJJYoUuG8zarKku5IiQQBwa/G6/1XW7mwkme0v9VME7CXUNsk8cYB2lPOUMEHQBQcgYHc15KnjM/rOpjqdfJ44erFSpOolGu/dvFtW5oN30u7rXbf1qVTC8O0YQwU6eZzrUOX2kYc0oKLtdJXcJyTVp25ordH0H+0t8C7bxN8afih49+A17p+rfC3W/El9eeF9LjvIYtWEF3K8wjawUhslnbESRhUTKqq/LXy14W8KfGnwPfapfaP4W8X6TqUUoW6k03R7qb90j5YSlI2XayjPzYBDZFdL4RvPGen65AmmvqEMkpWW2tYkukkEmMrIgAEmQSSCBhgep4r9GvhD+0Z4++Fkd5oepR2upR+IIiLm4vLaC4mClR5sTtepI6PtJUFf3mQcdyPo6/FeY5Fh6dGk6GPkly0lzulVcUo2s1dTaS1ene768GV8MYPPce8dUeNy2UajqzqWc6XM2uflbUVGzd7Npd730wbLUfilpnw/wDC/jj4j6e2kSahZyT6LMdMaMT2sKBG+3uFCwTSMpHzheSRnNalnrN94jsrfVLmbZmOJ4VhkEkDxZBfbtO3udy87cZ4INfYSfEz4D/FHwbf/Dmzs5tW1rxVov2fVINW1JIotFvY5DLv0qNpAlurPkHyQoY9dy9Pm5vAngL4fabc2pn1zTI7O0f+yTNIL2xN9E5DxiSMvmBxjDFgoIPJxiv0Lwr8e8y4ezKnTzj6xShPEQgqVWpNwUJuLi4Snayi371rLSy6n6TmPCWHzPAwo4WrDE04wcalZPmqyUUl71o8qlL7TbWt0r7nsPw20yTU9L1a9R2H2ZoHWEny26AM53dUx82TyAcLngN1NnqrxC9KcBmVCSwyGVipwRnnjOTgng5rynw942n0bRbx5FgRdWsIXE0MsePLjKgSMAQ0bdGKHHPIwcGoNF1s3AjjNyHW7cysWxkq5LKwB6A5z1xjpkGv9bPDbijCcUZZhswo1qeIVejTkuWabgn8Kle2zm1dX1P5z4o4fpZXilSoxXMpWdnro0o3V16Pt3vt7xd3BfQrtQzO6bG3DJGHAPzdep4GeMDqeRX1f+y78cNR8G6ZF4W1iRZPDPlTXJ8xiZLN3Y7dpJYqrNzjCrnOORz8jaU9vc+FvETyyAC3hHlnOCwVeoOeSDk5x2wFJ60PBmsJNaalD5xUf2UycEjaBypx1Jx06kev3iPpOJshoZ1hKuGqUozUrqm3G0oyi7c0bq6t0s7PTZGOWKrgqkJwjbmsnFNbJq66Lppv/idmj9nLLxHBqc1rfW0sU1nfxvNHKrh9yMCVOckBkXvntk9sesaV4gNhHb/P5to6FHdcl4znAPqAM5B9O+eK/IH4BfGGS3li8J3t68hlmf8Asq5mkJSLy5CrxfNyoc/wEjG7OCK/SnwPrP8Aamk3lvOoE0cgOVIICk5DjkkqxU4xlR0Hof5Y4m4exOQ4uVDE0pKmtaM2rqcbJrlfdappdba2PpsRFYvDwqwtzJe+uq0i21ZuzS93utd7pH0Br2haL420mPS9UljeWVAbeYBQ6OV3KwkzkspJ4HqScg14A0Oo+DNXTw3r8TvZ+c0WnX8i4jmhGQqMcbQw+Xgt1wBnnPfaLqlxFqMVrcZKWwWZAwwfLHJAPXIzkewx3xXo+v8Ah/SfiFosum3ir52zzNPvFGJIJACRhxypBPzcjPuTx8VO8qj59FF3SfVJR1ir2fTS/bW6dvDmp4eWzcW99W76Xaulr0afd3W7fxz4z0W3N5LfRfLDLuY7AMLKp+Vs4Cnrk4x14PJLcLqESGKxs7yNDHKhJdx8siE/MikgdCTjJ74HAr0XXNP1jwpqlx4X8Uq6xyRn+xtScYhuowSFDuePMwBnGDxkHnJ57U9Glv4FsAA7rCXtZgQDkYOAw6Ke2DnqSCCAN8Jj3hpwqc0o8k0oqPNZqTVnbrrbu9dUlZms40K+HdOV3eKT66Pl95X13aTu/LsfPXxF8LWWo2ph817aTO3TNShBFxpxzjBJ4eBjgMpJBUlTyOPiPxf4RvtM1SQqkdvrVuCCYgRaa4kYP+lWwB2iQjBePOQ2DX6R6pp8ksEaXQZZLVRDNC68ldwAYdRzg85zwQmOleYeOPAljqVlKGtjLCQJYpov+PjSrofMtxBIudqbuJI/unBODnB/Ucn4mxODrUsbGrKpQXL7WDbvyrlvZPpZ3btouux8hjssoSjOnBNTSfLprFpKz1Tur2v2SXVHyb4K+IEzL/Zd5ujuoiIgkhZCjKcGGQHGckHk5GTkcZA9Yiu4tQSdDsAlQ+dDJhlyVwxUcDaAfQ54GTXhfiDw3fw6lcQ6jEthqtsT+/jUxrq9qCpjvrVjgPKi4MyDcw3HIHFT6Lrl3a3CafqE5S6ZQtpcIdsV1GMBct/fAxkEkHAxx0/bcLmmFzXC0sbgJRlFwXtacHFNTdr3ju7XSfZ/K/wdTEYrB1Hg8dDnptySk22uWTSi73tJNaNNaXV9UkfJX7TvwK/s2/l+JXg2wkdPPR9e0yyiYCOVWBbUIVUZ2sOZBgLtwcDk1z/hrXhqehaRcjcXsxbLICfmifzo8ggkspyPQbffdkfofdXEN5aSW11EkvmAx3UJ2utxGy4ZWRuoK+oPUAYIFfFvxJ+HbeBby88S+GoJX8PXhWa/02NC5sHWQO0iqAcIcEk8kDueM/c5FmdBUauHqNL2sXBpv3eZWTl1111v63aP42+kH4W1MRGPEOSwbhQqvEYmhBOUoppOco2T91267Na+X9sf7G+rjUfhj8O/KmZ44/Amjo0ZIGAbZc7Rx827ORycc5BG0fn1/wAFcbtIPiB8LSkgEg8NamyljwpEbEF25AHOCevPHQg/Sf8AwT48dWWv/BL4VazBGYrG88HWMEs5Kkme3BRomYYCsAOQOQTwp6j4l/4LD+MdOi+I3w106K5ja7i8L38j24AzsnjIiLFSp2sVOMAEH7ozzX5FkuW1qHidGPJL2MaOOk520cXTaUr2t1Wj017M/kDiDMqOM8PcVg/bJ4n+1sHRlSuvapwxFJOLjvdWd3qr3P4rPjzq2PiR4xYhWaTXrwodpJ3s7ZcAdRnPoe5OCK+5/wBhz4vQ3H2Hwf4sjtbuzleS3tVvFVkeJhg27h8gkjhDn5Tj04/OX433UrfETxEWQ+Y+vXLqo+YPl2BA+8MDPIzkjAHOMdv8NL+70hNN1G1aW2lW4EiyxvteKQEEMQp3DBHJyPcfdJ/lDjiP/GUZ04vmtjsSrq3NrVWq722fl57/AOrvg7WqYHhPhdTu4QyjL41FpqlRo3dtLvfbprdOx/QJ4R17xR+zZ4gvfFnw+gub/wCHWt3Uk+u+GlZ51tSWLSXFnGAViIJPCgAgj1GaH7a3xv8ADvxZ/Z+8W3Om34WW4060laxYjz02v86TRg7lZCCB0ycc8EHgP2c/jtpfizwsPDviC4hfVbYLbzLd7St7E67O+eW4HHQkZ55Hin7UPw1ntrPXLrwpM9ta6tCgu7JQTZtE5wpjX7hbrlAAe/OAa/P6eDp/W41WoqvzKXNFJOTvopb66PytumfvGcSnWymtXwzjOlUoT54taRur3fbrrr53Pz58K6rp0NlaI84TZaRB1IA2vsBBycZXucZBPBwRz6jpmp6dNEeUMjLlWLKqthhz7H1HIAycA5J46LwLrOkW1v8Ab9CjuUigjEjwuqybcDbIUGTuYYyB1ySBirEVrp0cX7y3u7BwXGJEk2deAGUhQAPmJA55Hoa++pyr2hzU7JRV3bfSPXpZbadrp2P5cxOXP2taSTUnJ9G7t8rsnbz007Jt6naS39s8p2EFQoySFzu6L82Rlh3A6AH8M6Uo0nmBC+9gBzhuCOcjbweBye4OelY9tZRTlo7e9tzGgDLiQhtwOPut0zyBkhh7DNWZYzC4Z96orgM6sWVc854LcDJx0IxjPFb+1bdpLlXnZO/VvRN9/R3d7HlVKNWm1eN2mla3e2tref3O2tjcedEB7nCoxYgDjA2nJHbnBOTg4HUiKO1SSYkxgoVAx8pxyAepyCcjgcZI9AKryNC0WEICklxIRwxUBuT1zkYyDgAgdOau6ftuZwFkCsFBKngkhhkgk4JIwfYHvitYSU9Lqy2d7+qtqrap310622wnOpGUWk09HppbWLatp3WqW/e5Bd+GbO4y7wRAMoGFX5t+3g56kn19fY183/GS51vwbd+Fjot3Lai8vGWeJnWSNvnOAVyeMc5J6cYLFhX2vJBGtssiIkinaBGTliQCSM/eBJG0k9SB2IFfHv7SdmGv/A8hTAa8ceWCN2Q4YcHBzjGMdMHBKnNcuLhF0200pJppvR6uK073etlsrN6nrZfiKsasEptrlbs/suyasm2mvTRrbrfsfB/ju6ZLZ9a0yw1WD5VlJRVcuy5IJIBGe/bHfqa7zU9T+HuqabJLP4Qu9Kk8wgahbFzbt1wEYjYTjJGCfx6t47odhItvFIqDa2FKFSCx24zhRg4JyTtPIz1PP6E/Ar4xfA2w+Guo/DT4x+DVvla6aTTNdtbZTLGZwcmVynnZiYhkC8HaQTjGPOrUakVGUbyk2r21ai1H3ndpO270urvyv72EzKFSpOlWcI3uoyklvaNtd9Wunls7nxlFo/hq4MT6f4hmSSQrgXaZCknG1iQCMnAycDGetb48G6jIoS0v7C+JIcFZFWQg4K48wk47AdAcc81r+MPC3gfUNd1JfBmsxnRRet/ZMd6DBIYXYlFJ6kqSBnIGAC3c1hXXw68V6XH9qhcOsahlltrotGqYyBw+GIznC5zyOvNRaV3e+y11e3LfZrV2un8jWNTD1JSjKMW0943turpbOz37Xdr6obe+GvEdjgNplwyIBmSHbKpPPQr0GDkEHkkZIAxWCHntpsXNvdIBuVtyugB42hiQFJ64HK4yQcgV6P4efV4oLkavrsls8duWtkYtKsgUHKEHgsSq4zxnB5rlR8R9Ts5pYtW06zvLZJCsYmt8SSJnZvLEYYEYPQfVa551pRk00vdaSbaSV7WXK1pZXtqtUl1OmWHoNJpxjZqzetnZaNXfl13u1cy/7QKAokjIfl58zPctzkhsgZGOoBPHesnxhftN4Z1a3a5ZmnsJEChjy7KvDFugxkAdDxxmvSW13wtqEZmu/D0MZdVYyW0ighSM8qCNuAOv8sE1zPi3SvCOo+GtSnsJp9PZlVF3tvALsc5GCQAO/XuPbOpOFSLUoO7StJLR6K/VabW769BQw04NThU926fJ2so3TSt5aq2j1TOe+F9zaaV4c0yIXR+0RRLlQQWyc8Nndg8r944wD/dNfSPh/wAL6r4gtUmt9R0lEkcnZc3UUcuBzhiWGCMkcdTu4bOK8I8M/D+8i0u1ksNTtLrdbKcSqVkX5QVJ+UY2j5QxwOMjoBXoWmeG/EVjamVrCe6AIDNZTF8qByVjR2IKgZLDkcgkkLXlYmi3SiqFeNOpyq90nskra9na9uj33RpTk+dyq0HOLs7rR9O+u1uifV7JHqg+EuvXCyCGTTrpdw2LaXcTFiABjG7B568c9+eaZJ8HPG9sjMPDeoSxIBn7PCZgynnIKjHbOQCeRhQciuNsNcv9JlaGNNRspOSDO8yKuBzk5yAGGcHtxkg13WgfG3xvoSObTxLKVD7SkjvKAo7HzScjGOO3APOQPn608+oX9jLDV4p/bjKLsmmrtO22jVu+tj06csrmkqkK1Ju2sZKTveLu797tK1rq+upz83gzxDCwim0LVIGJxmazkUqQMbT8gwAcYznJ5wTweeu9A1G0JkuLa5hIfYRNE6hvoWAOPcYI+U96+hLD9pvxNeo41H7DdjcoO6yj8w7R1DeXkE4yQpPOSSQSa7XQfj14P8Q3A0vxf4V097OZwr36RRJJEcbQzEgE4YclWz0x1Fccs6z6hT5quWQqxT1dGpfmSaeiaTbt5ta6rc6o4XLJytSxkoNtW9pBR6J2vr1vq9NbX6Hx0dNmZ1PlkE5wwBPJ5BC8jOSScYI+XnjNa9vo2tOR9jgvS38BSEhARztG5SDjA298HAz2+hvFHjn4c2GpTr4a0aO9jhcLFcOsZhJJyy7Ofu9jgkgc+3Iar8VtY8sLp+kWVuMKqbINoC44LHaADwCCDlevBOa66Oc5hiYxf9nulzJN+0cU18N9N9L7NW7eUVaGHoe79ZVS99Ya3vy97Wvq77fK9/OPBvh3XfFviHWNCnmW2ewSOVo7mENhyFwrkc5Zhk8/Lntmus1P4c+PfD8kkltp/wBtUMzxm2lZNyg4yASOo4GRz2ODxqfBO7nvfHHinUb5i1zcwQtcL2Dkq2VXGQCrHB7qQADxn7l8q0uLFXZMBUT5WJGTgHIyD8rZ6dc4OQTWtavKUf3kIqbWnXlWl77NeTW/3Hu5dFSw0W21ro9nZtJ67Wb8t7bWaPzqfxL4x0gfvrXVrfr5sZVpUGByAAm7nOeOeh44z0Fj8XNQijj8+WKWRfvJcRPCwwM7cuACQD2JGRjAxhfrq80TSbmSWRbeB03HdvCnllweG+9zuyO+7pXM6h8P/C06l59MsnDgszLEoJyemQBnnjIPYZ7VhUipU4S0T7XkopaW321eyvdXb2PRpqfLyp9VH3XeytBPdNX/AJndpPVNO54tZ/GawKqtxbGMnKtJBKHBUjk7ScgAkAYGQOp+9n0LSfiN4ZvYjH9vdJJBz5i42k8nOQFABwT2U469KydY+D3g+dA8NsIG8sYNuzoy5xk446A44wMenFebz/BaO3Mr6fqt3bknKhn3nBUgcEkkAHqORjJzyTm6aaje13u30Xu22dne99VZ7nTCNRRur/Pm0emq6Ppq77X0SVvoN9b0i4jiW3v4JXcNsAkUDdklSfXHQgZU8E5YkB0N3D5UrAoSANz71PqCFB6jIGeRgZ4NfMU3gnxZpKobTU4rwRAsFmBRj975c4B+mOnPA4xnSXfjy0YltKlkCqzMba4k55yxMZY4J57fj3qfZWkrWu7babpX+66vrutPPWMndXV17utved1Fa6N6rd72fbb6leaNpA21lDvGEUYILbx8rYGcc88/MAemMn8qP2p5Hb43eIhsUH+w7HA2r91kIJxjORxgYx0x7fZOneN9QtpYn1GDVrd4mQuJIvMUuCncA7ckdgM49eK+CP2hNYbWfjB4h1DcQJNHs1VWBV9q5OSCB83PGe+c8cHow9PlqJNa8t09O8XpZ9HtZO92+hwZnUi6UEk/i63urpWasnrfZO3Z22XzNpHxB8S+EtdvLSxuP7R0p5/9K0m8LSW8ijG4IrFhGOSAFwOc8E13txo3w++LA36FcQ+FvFb5W40qV1jhupjn5Yi2FbcynaB8wHPJOT4jqTRR61qb8hmjBUnjazdScdOACTznABGcY44XMlveGWCWSOeJ2ZJ4XdZY2xkEOrbgAewOTgjPWvo6Kcad02/Ll7JPTo9Nnpborb/J4mUHzKaUot2ba1tyrtv311v56HoXiXwdrngu4Njq1hNCyscSsC0E8WcoVkAAIPO0ZbjjHccZqVwps7iJRuIRTtxyAx+XIOeTjA45Gfw9u8KfFqQWtvo3j6yXxVo0yGBbuVQ2oWCN8oZXIZnCjPUgnBO4Vp+IvhBbeKNHvPEPw0vo9bsdjNJpW4LfWij5tuzO4FeFAwewAztz6CxEVRjGz53ayvayXKk7u+rvpdbaa7nzlXKIyrLEYabsmpOLdntHa62/yv2b+Yo7OZ4vOjjYrsAztYop6cdQcdj1ycjlTXvvwtjYaDqsTu3zTxHocE5GTnscDBBHIHAwDXA6RYSabHJpmqwSWtxGzxS206FZN6khlCsASCMKCfoPf1vwVDDDp2rRQRlf3kTiLjaNzEk7gcZHzZxweAT2rnxilHDvSMnaLto9VZ9Va+na23qXl7lDGtSTSu0rq117ur0963RJ+UddTtbW2uBOv2eUo++MxSKCQj5XBXhhkcH9cAcH1m0n8bWluYzFaavGYSsa48qZcgHdk/KCB0IAUnJz13eaWjPI4Rcfu3iZsHGSRnjpyc8gH5j0HSvobTnVLeMMCshiA3ZJO0xDPIOQQDknPbI6A14qqO0fdjyykm3JWsm9Um2u+h9rh4ucHJTstLJXadrXTTabte1muurSvbyv9oC/lj8P/Da3lQw3H9h3LzIQTsJlcugbBzzxlSecc147ovwu8I/EXTU/4RbxTHp3imKIC70PVpET7bISp22LtgMWzkDOAegPGPW/2koNll4IYSeYTo1yF3Zwv76RiAOSTznPP4lcV8E6vNe2M9pqFpdTWl3HL+6uoJWjlRwxKsrKVOV+9kHDfhz6tKb5Ytxt7qXL00tZ369++9tjz8VOEKslUipq6TWvSyuura8ru1r7nqvif4ceLvBF+9lr+k3tnGpGy7KF4JFAYHDqCo4IYAHnnnANdT4NM0F4I1ZZIdkbF1A+VRtxg4yc8kqxI64A4rp/hn+1fc2cdt4W+LejReNfDhVbcX8qI2qWkRAXd5jofM8tTuwx3Z6HJIr6Ut/g38PvifYz+KPgZ4nt5ZVQ3M3hi4ZYb1WUbniSKQhmIbCjA4x8owAK66Uqa5b6OTUXqtE7X1e1tNGvLmPn8dgoV/ewstd/ZyaXa6X3Lf8ANXXzf4quT5qEMy7HU8bQWUjqSDkfjnbwQM4J1fBGqR6fLdSiPc9xGwVmHABYLtIA4Xk8nOAFzzya3ivwz4i0C/ltfEGk3mn3SfK0d0jIkm04LQu4CNnkgcg9uuaraGqwEsinEgIIBBypbG3B5U9RyM9Aele7gYJVaV7WjvLztFXT7tvfTR6Wsz89zylOlh60a1Nwk97p/wB22rundN2aa31b1R6dNqbyW8UC7XO8OV5Y5OSMAkgAZIxwBx0I4+aUJ/4S7VSOHeeQEBSxALjPOCVyCcHjnJ6E594jeQPvESkqFC7eOCcEE5+939uWHWvEkCR+L9Wfy8nzGOOeMtk9yMdiCcYz0PI7Mzgn7BRTd5bW3Wi67avRWbvq7XZ43Dlb2cMa3pKNJNaaKMWknf8A4bR9NzpLLX9X8M6us+j389rKCsyukro3ykFvlUhQGOB0A98dPtL4e/tTataQW9p4ttRqdjiNUvYxm5QqFBZ3wd4QZypBx3wOvwzezG41OSKNFLGIDtyvJOR+HT2z1Fes+DNFN9pLgx7uXjaMjDFiCFfLDOFODxg5OcYAxzSwcZwbguWWl9eq5U1ZPv3ex9FhuLcVl3s+aq6tNr4G3J6cl7O7asm7Xe9rPU/TjTNT+F/xdsgVvbL7ZKo2tbmKC+ibB4ljOC+DwcAjHuePIPiL+zKJ7aW5tLSHWrZs4uLdFF7FuPy7kX5jsHUEZzwWGCD8AE694Z1S7k02+udPuYJRseGWRHA3ZAYIw3HORkklhj73OPevBP7Wvj7we8FrrYXWrSParNcbll2fdOWKlSP7pIJOehG01yU3UhOUeVSim1JSV0rWatJ2WqVk9NPPVfcYfOcszKnT9r+4rTSSkrLWXLrp1v0fzbdj5/8AiZ8AdW0tNQfT0kmSOGSQ2sqGOZCuRgF1HA6DGBkkg46fDuueEtYtbdXls5gkcrKwMbna27GV67jjnPJ3L1XNfu5rn7Sfwf8AGvhLVLnVNGS319bZFWLYkZdnUq6hhgFTk9jzkZBJr50svht8K/iDpInj8QPo969zI620jr5cIZtw4JGVYEDpkD1NcWLo4WtUSXNTk17yWsVJtN2t5PR3113uehTwdSN3QqxrxavBXV3e1tVr2V3fR+dj8jLG0u7WZ/PjkQPHJ99SgHGB1AOSOBj6dORycgxI/BBDvwScjknp+JOckH8K/Y3Uf2XbG9h8vSte0XUQWIje4VVkDYwoYqQuQeQT2544x4l4k/Y58V2rtJBoVlqDEu/mafdKqspYkMyZAyuc4A5GOGIrh/sqErqniabs07Tk4raKtZ6W0tfS70Jn9apJc+Gm3s+RqXLonfSy6720tvqkfm0y9sEcemBjPPX65+oz1FRlfTn6fzwO3uM89ea+tPEP7OHijTDK9z4c1mzjUZ3pA86KSSpwQpzngjHzYHqAK8o1L4W6hZyOjvJEQCRHcQSRtwOByoAJHTJG3uOcVDyTFJJw5ai7xlF3tb5u61vr09CFjIN+/GVPVX5oSVr97K3W3TXa61PIsD6D14PXOOM/oPqTwKfD/rUGf4uD07HHX+v4119z4H1mE/JAs2OnluDnJOM89eOg+mT1OV/YWqQSp5tnKgRuS2cKF5yD0wff8MGuOWCxVGS56MklJXaV1o12XZ3v+Ouusa9KSvGcde7XlbRtPrey1+ZjTgCVwPuhiFwMDA9KiGOp9x39D3x64/qMVpXVjdpIzvBKAeQxjdQw6AqxBBxxhuh7nkCqLRuvDIwPJPGfzxn9ceo75wnSqJtuMldqzaet7W1tZ7+XkkjRTjLaSfo1+HX52GEnnk56Hjr198DvxgnPQ+jsgDBz1DDj2xxjHfOD069SaYRj1x1GR3+h/I/1oI45B9vTv/Pr/TBzUJuN1bp10etrX18/+G1Ho+u+q26Wf6fj6Ewb0Ix0xjHXnHrzk5/DHIzTjI2QQ3Q546Hj+S5xk8ZyCcHNQ5wOeOvHYjj6cZz0689RnITjH0xyOoGO3Xnv27DOCaqMp3WraVvx/wAuv4k8qumrd110Vte3f777osJdSI27cRkD5Rx3I4OCe/Ix2x2GLUd65LbsNySckA4JB+X1weCGBz6E5rNX1/ukHvz3ycc9h0HYfWjcMk89c4HGDkYJIz/I859a2jUkrN6PV79NtOur16tX2skDgn0ttr5q1uvZfkbElwz25JLArIDjdkA4GMck56Z4wc8BeBVY3IxxlRjC5Ppxx646DPHXGKQNmzYcDMq++TjPTPUHAz+gwAaG4nrzjnt/Xj9CR06Zq3UmktN0mtV0Sb76f0762nkve9t1fVu+i7p67eXkaAlU4If5schh68Z47Y78/wCNuCcIV2OFZef3bNGTk8EOpHXPJ3YPylucLWHkj9O3p0p6PtYEnvkkDngcDB44I9D688Ckqrk1eK1a/FLdfotrg6emj28vutv5+u1rXO5s/EWuWLh7TWdTtmTHliO9mHQnoFfbxkHoccAY6V32k/Gv4oaH5Y0/xnqiJwdsszyKpXPXexJIJIBwAMngA8eG+e4JYMVIJ24BIHbjk9AecAewqYXkmFBOcDGeTk9+evf6jIHqKpVYN9rXTtfytpdrRq6807kKFSKdm3ez12+zfu910217Nn2DpH7ZPxr0lI0fWoL2CLblbiPO4DbklgpGMfLnoRwQc16fpP7enitUSHX/AAxpepxMRvcIuWzjJIcFecdDwDk9sV+esd4Yy2F4KdCSQc9sHA47ZJOOcAdVS9BY/eAzyMZyeQBnJOMZwfrx0FdEK84u8ajs7WvZt2t07/J6XvsOM619XFpWSfWzsr36dfPy01/UW1/a6+EWvxrH4m+H9pFJJxO4s4GQ7vlJG2PrgnBz9DwMO1PxN+yl40tIYo7Gx0SaR1acy27RbFbk/MAoGOMksDnAGeRX5ixXULOCy/KW3deuQQ3c7T2I6fpWjdTaeLKM2zymdiTcI+NoxygBI6Hgkg4DZGRitVXq6+8p36ddLXtrZW32e+vme3tJKdKE+idldOVvR2+fU/S6P9nn9mLxMFOkeO4LO6mUeWi30ChXbkAhyCAW4BGSAQD1rOuv2G9Bvt48M/EbT7jGSEmmhkUg52hGR2yCD179uc1+alrcyh1MEssLAAhkldArcdSrgYB7YHXOOtdhZeKvF+k7JtP8QaxbKAWDx3V0UXGMYy+AvHHXAIwM5rWGIi7OVLXS7itbaa2tZ6bpb3srPQmUsPOV5UoR1WibVr8rSte7Wq20Wp9i6v8AsMfErTyTpd5p2pDDSRlJ413qvCkAtnBPXrtIOB3Hles/sv8Axj0tnFx4akvADt/cFZBwOT8oYkADA54I6dK5PSP2i/i5oZT7P4xvrhYuFS4YyDGOFO4nJ4GenbPpXqGjfts/FfStovpLDUlZsn7RHhmUYLAtgfe4HBJGQMYzWyxFGTs4SSdrOSS0SSs9L662d+l3sU6WFduW8Nmra6Pl2slqn9+yep4Xqvwq8aaXI6ap4Q1WBYzl2W1lIGAMneq4zggjtzjkZFcbeeGUiKiW0vLFyzBhLDICvO3kOD1GB97I+YZ6196aR+3hHMVj8ReDbOcEKJZIUjl3BiCc+YCCRw2BxyAecmu1tf2pPgB4mby9d8K2tt5hw73GnQZH8J+aOMAgYIyADxnHWn/s1Re9GmnotPJRS0fpa976vV9U6Ub+5Wno922nKyjpa1te+quttz8vrjw6qHMNwpAwAsgKtxgsD9SeOSQPvEg13fwg0y4tPiHogkGVEwOQwwc4yMZOTjoCM8Cv0V+zfso+PQ32ddPsZZlLI0UptChLYB2O4GT7joBzgnOHL8CvhNol7beJvDHihzNZyiS2sDPHKk5OflDqeecgBcsT0FKnQwkZwqKylGSdrWT1inps0rrfzV+hUqGJcGuZNNO7TTsly63W35anmPxPRv7dsHdiRMN2MgFApABHPJ+XJzjknOWArEspQ+2PJbYWKndgdCeG3Z56Eg9SGwQDWh8VZpJdZtFsVM3lZUQAbpBvVid3XGATjHJ+lcjYPeRRqs1vMPlYbQjqQzYHLAYHXk8nHcYFYZhKEqj5XG1ltvd8rXW1776abal4SMopPlk/O2zjy7XvdfLTa1jtIijhdpUSE7mU54AIyeOPT7o5OCc8mpJGCyCUk7XCgFCxwM5JCk4Iz1wd3HQ4xWRa3myExtCS+xixyORnkkjPzDk4BzxyT3BqAMhTnCxkrkAZyOQM7cnHBz/PFeW1ZxtZJ2vra+26snJ3tvpdbd/UVWyV1Z+b0vdKzWjV09LaeiNpLpFcyklkJAQkgfPjk45DZ57DOPoToJIJHBwPLYFcnPLDnLbiG4bkAdAD6YPKrJG8jRBgAMSAEkBcdVHT5uDnkjPGeCK1EKyfvhJ8qkAxgkMSuSSQCeBzyMck9iQNFaPLZJrdtu9ruLv1V0k9u/fR3CtotO10rNaK60TaV1o9dna75rHSBywATDNn5yBnKg4IBHIPUA8cnpxiryNFJtUgfOdyjlihHB5GOvQA54PTJJODp9w7oGChozuKrkbgQeCe4AK4GeT0rStrhPOKBsnYco/GST8xDN74b1JDfWqergtEraNt7WjdJdem7872TR1xq82jkk+2yjr36et326tl+RwSHKgqBsHzHIz0c9c7SMlDnIIx61z+szN9guG3NtTcoC/KzKAQSMAdOcg8ngqcha2HUszKigIF3kswDMFBw20Hpg8gf3uVyADzOuXDLYyhkw7q65cgAKikntyo6qD1JBxuJNVThK75Ve7TdrJ68tr2S7rdu6fRsxxbfs21ZRadmnfW8VLre7e9+zvZvTvfhyzSfDfVAzfKV1AcjLYK4+TOMhjgNwxxjrk5/NvXbf8A4mWoNk4F1clS2VD/AL1hgtwARkHGSGB71+j3wxlQ/Dq+G0AJHqDFjyAdnTG4E49OQCw75Ffnl4gmWS9v48F0a+uGIPByJHIxkAgkHjnjgDgBa2xqXsaPMlGVtO11yPvtr8+1tvGjdq7t2T7pJb63/V9rnDocOOM4OSCSRxz1/h4z2wcZHv6fotp9otI0Rgsm4MMPlsleO/AyPXDZIHevNI/kl7k4K42kkcHIzxgDqMg5GDnvXrWhRSx6fFKmFMjqrkn5sDAyM4IHfJwScYBIxXz2Jmo0JSfLq9NLtbNteT0TWnrbQ6cJTVSootaW16b8u7dr2XXdPtrbGkglNz5bt+8D4Ibq3YENgbiQpXPGOmCBgdf4b8Pa1qNwbTTbO5fzmUGRI32ZJwQSBycE/dzn1r6b+B3wX8OeOdUsJtY1eygha5DSfaWG5hlcs2WOMdNpHuflANftZ8GfgF8A/DU1lI0mk6xqKlFVMxsin5eGXJ3oeclsfKCGPGB/PfiV455RwLQrUIZfmGY46nF8tPD4apKm52i0pVtIxtpdry01ufrPCnhhmGfzo16mKoYbCzaV5VIupJLlbXKnu2078rd3q90fiYf2S/ikPCzeKotFlfTgpnYhGV/LZVLSOrcKBk4wPmAJySRXi11oOvaaJlTTLiURMVKRQGRQ0Y+Y7Quc5yeT0Hr97+wTWfD/AIG1jw7J4YFrZLYz24QRWcaIAGGzy/lHIAIyvTORmvHYf2QfhTcQyS6RpNjBeyxzJG0sSSJJNJHgSOr7sMCSCF6AFvUj+dsh+mXCCxL4lyWtQnLFRjhYUVaNPDtxSdZzsuaPXurp2P0zMfAeD9k8sxquqS9o5tSvUfLflulZN7Jtb+Sv/I9dag9vcuk0IScZLgfIysMEq6kY3LjoRk4PBBqjHrdusis8IAVyWIwGOOOQRtIIJGBxn/vqvuP9rb9lnxf8LfiFrv8AaOjSW2mXd7NLYahbwsLGaJm3IFkA2KQCBjI5wB0xXxFc+E7zzGiSMtIDw3cjIG0YGMjP3QecAE8rX9v8LcWZPxRkmDzjLMZQr4fGUKdeMqVRTUeeKk4ScW+WUbtNOzTv2TP55z3h/MclzCtgsVQqQqYerOCbg489mkpRT0s+lrpp6M7P/hNbO70K60e62eTJblbdliHmJJzgBtp2ljnJ+9jPI6V5rpMkvnHY6MFkI3M205HO0knpg43YAzjHcHV1LwL4n06xS8n0e9jsWBP2oxSBFBB2vyuApyCGOcgEZwVUYlhbmWLykQiXcfn9eSCRj73HHQ88V9Hha1KUKk6FaE43acozvyyXKn8N1fVc2i3W+p4s4YhVacatKSmvhjKMotq8dVdO6Xk9U7bnoNtqmrWsiyW11dII9pP2a6kXDAk4Chhj0yOowM5zWxZ/Fnx9pE4Nl4l1SAI52iSeWUfKwA6uQR7dOmRnGOM06J1bymmYbychs4yB1JIBOQB+Ix0BrrU0y2uUj82FT91WcEDBGAD+S56qMnv1rF5lVoyVqs33ak2/srS19VZfffXS/dHA1MQoyhDls07N6XXLqml6/E27aXPVNG/am+K2kgRLqn29HxvFyhfcMHkEjkZxkZPXuOK9I0v9szWo8r4i8K6TqoZfKYG2jJK4UFsSKQWLAHd3Iz1Jz86W+gWkzOGYqF4RgABt5zhccgjJzjkAVj3/AIVjjlKwXBbcC6c8AZPQ85JHGOoPXnitaWfT5rOrOySfvK/SPXfv0e772CplVaKi/ZxlzaNWVo6Le1n1tr10td2Pte2/aa+DWuxqnib4baerMih2htIVLZ5K/u0Dde2cnA5zzUo1z9knxS0nm6O2hPMpLNEjLsZjx2A+UAgHJJA7E7T8FTeHtQDFQoZI12j59rMx6EAckHqvIPrjkVTOnX9sCCrIg+9n5xwADk4ypzwDkckYPOK7KWc88pOUoyi7K99d4289bbX1bsjiqYKrBxUqLjZtrR2dkt9bW0u9b2tpfVfeEvwb/Z61sJP4f+JA01yWCwXMqBBkjG7cRz6529W4PFc/qH7NVvKGOg/EDRb9JCGhzcRlpF5xjL8Z4464yQa+MhYXgEQiUguBuCuRkeoKkFTg59+OmaU32v6dIv2a+1GJ43DR7Lm4UDHPyhXGcY/pjqD6NLOI6RtBpWurpPRRve2t2vxfkzgrYGMleVGS6aJPsk7JRvbVrbe1lu/pu+/Ze+JCq0tha22rLuBH2K4jLuxPPyliRxz2PGMHpXlGpfBD4k+HNVkuNT8KazCke4tLFZTPjGBujkVWV8ZPOOc4PY1haP8AFr4leHriO40/xFq0TLhlRriYxh1OckOx6jI6dc85OK+jPDP7dvxOsbVLDXYLHXIoo/KR7q2jaQdicspLOSODu6cDJ69/1unXSai4yXwu7STSi1e91runbdd7GEMJSg48spRStFpq11p110s/+DY8i/4Vpr9g0jhTFMEMq7iUaEL0LBiMkj7uME4J5ORXm/iKw1iCQNc+bL5aMqyuxc5HfrgKMADsQCM4HPqviv4vJqV45gu2W2kXy1KjbIU53bjnIGCSOTzkL7eY3PjSOQzSXGJoEBWJWYklTjDc5yF68jJ456Y+Uw6xVS060IXSTaWvZ3s7u103ZWd7K99VwVa8udxowco8yVpNaax+fR3v1burXPPZxOwQyxlASSuBgEkEbip45GOAMAbc1GshiykqtiRiAVAAVQ3Jzk9umBz9RWhrWti+G2KNYkRSMlRuGcDHQZwPXnAU4BAFc8kjSbGeTIG3aCAvIYj+Hp1HUt3HQbR6kbpapp2T5Xra9k7pX5uvw3SvZG1JTlZyjFPbaMtPd323V9LaN9NTQmghkKxKRtUhlIY4UcY3YPbHReD/AHR0rMlV4T5ak4ZuQpA3ZySSc4xjB5JI6jGcGV7xomYRom0npsyDjng9hjr69cA1Seaady7rlSDtxhduOCRweOSTjHQd6zgpSd22rvTlbun7utr7crV3f5q6T6uVJaq6SWj2v7rV9H3tr+drX4JS7BWBOMk7RnPHyqSMdcAsexHXsJQZHUL5ZwCeSFyoI5x244ORxx7YqvYb3bbGrHedi7RnAPUkjkjAHPJHPAzW4thIAIwrSBGJPzEH3AByenscZIGAa6Y8qT2d76baaWvpe++tndPz045VI0pWuk5LprdrlbbVnpfra9/QqRWFxOREsUhjBUgopYg5HAAGSc9BgY9lPHT3XgzV9MsrfUr+2e1tbn/j3DgB3bPBZSAR2bn8c4ye5+Huo+GdF1izvvElpPe2USb2s4jjY6n5WZl6nAHBJxxggNg+1fFPxz4C8caVZyaHpp069i2BLMSFl8uBNilkTIUsAGOMEkd8isJSqOqoxheD+KV9I6R6WXfXRXsno1dZRxUZauTXLLTmVrJctrO1nZW00vvp18P8P+AdT1HQ9X8Q7ZJtP0u3O8KpCPIwJ2qeVZ0BLMgYtg5wQ2R0fwoSAtq1zrN1a2EccPl21xdIuY8jpChOS5wMgjCjJySeO+8LfFvSPC3wi8UeBpNLV9Y1a4We2vmQlI43Xa+1So27QWBK/NheSQBXzXNc3d1MYllK2uQ8iIGCZC8kbRxk+o47kgAV9Vn2EyTC4DJllWJeIxeIwKq5kre7RxU5tKmm9bxgk3a6V73e589leJzPF4zN1jqcsPhqeNVLL2tXVw8IQvUera5p8+yS923umh47vNOl1K4OmXBaCJjExVQqzyrkPJtwPlY/McckgcheB5xOjSlX3hnLcqCRkd+MZ/IdeRmu+0/w3ea/J5dnEhlUMzfaSQFiUEFyC3IIBGASScc4GDyOp6fc6TdyQXSjzDI0SAMrA7TglSOx5UZzxjO4Dj5PkaVk01Z/zPaz6q3bo7db3Z9fRnTtGEZOVop2+J7pJ2Una2l9Lq2qV2ylDbyPIqqTkjO0ZO05AySDjjg4PJGeWAyC6t1gkPluCzNjzVYkE45UAYA5BHPbHGDklrdNbF0ZdxbczgZLHBGApIyB1yQcAKTz2aZBOd4QKgY7VZgu05OCeMsOMAkA5PHamv8AP9NdNN+tvtHQr9Fv636PXfs9/IryI5A4cqSTyCd5zhunIAPQ98ZJxg05baRAWlGxVXJHA+8OmTyMdunUD1qxJeFf3agkryZDxyeyjAI6DoTnOemM1ZLwygo7NkgMx5xkD5QR7fz4zkg07ar3rJa+feye1+mu2tn0Hr1/r+vkSKkAUIoO7DH1BJ6MSBgdPl5554Y0wKWGPMJd2IKhQcL1HIAI9zwO/FSwunkblAeZiVRTjI4wMr6ZGfYV6BpXw/1F9Jg8VaiiW3hx5WhNyJFE004bBSJSd2FOAzYGP72cCpqTjTim5JO6SSu3urbfE3r1fW9ujUXK9k2krtpXta1nvvd+dt9LHmkqMsgjUcAZLEEEn05GODwCT1zgZGKsQ28jtuCMuAV3tgA8A5UMOgIGOQDjI9a0tR+xPczvaljDGQqFzglFwAcgqDnGTgcdzycwNczXJjt0kABIUAAgsOMIuAflPTnBX0IGacW2r7dtV/Xy3WvyzSSaSVn30v062ff70ls0FlYmaVcOsRbIaR8D5gcnb04Jxg44z2ruWt/IgESB7iLykjVyuURzgkgkbWbOSMDuOcjnIstGnsSk10ySyAM0dupLM2QdokwNobB3AEencZO7DFqWorH9pK2VtE5CABowcE844DY6Zxzzt4HPPVmm1a2jWvR7XvrZtdLPe1vOZT10aVr2vdJ2s3urOyfn10vYs3HhjTLvQ1+xJcrq3mt5lxJlYcDnYCTj2IJ69AQa82nglgJgd3BTIkZORkEhsMAAp47ZB3DB4yPdJ79Do62ds5cow3bEJYYALSu45PKsAvHXByMgclBo1jYW7ahfubjzWk2wNkM8hyQz7j3J5BOMntnAzo1ZNyUndvWKXXZ3tzXert5bNWTDn1u9bpWtaT05dLJvfS3bdbmN/YllBokN7/aRN9OwK2qpgpC2VO89Rz3ODwPU41dI0rT7W1kvNR8qdkBdMOFCArlTICSxIwuOrYHPOMcrqmqi8OyKMwxriNFQf3eOPY4zjrwBTFs7oQsXmkdSqOI0LNgcYVgD97A6H8elbNSlF3lZNp6bWdrrd6J/jftYpx5o2Sauk3qttNNn266O/U6t9cjaQEBEgjVlCx/KxBJUMT2IyOTycA7iTiup0xvB93GsNy+ye4iJmYqJFyM5ZSQSCeM7SMY6AdOAHhy4vrFr4SKscaqFQlo5CwGQXwVG3IyepGSeTjOFEkkd3BDcSm3idwjMpIZFBG5xjquOCOhIJ5BqORNNRm/dV7q7eyul5N9d7q6WukODla0rNWb1d7aaJNKya8nbtudpqUXhO3W4t7TfK8UhKzkYDYYbVIGQScY4B6HPG3Emg6losbGa9gQPEG8lFYBEwPlLA4HYZHPJ9jUviS48JWOjRWmlhLu/kKPNJyWGFOZZG6AktwAeeM84J8yj3ktEuAkhYsxwehz1JwflPGOM+3RwpupFKTkkrJt3u7bdIq2+2ra113fIlGzb0SSk3ra6b2Ss3t1bPZrrx9a3kI09LdIVPBuU27mVc4zgHAwAAQRjg88Yx9QuobiFGtj5TmMIVkchpcFSWHK8YBycZxjjHThtLsohJ5s8gMaN90nlkIAAHToRwSemSQOpfrl4vnH7JJuES7d2MEDp8gwABgck8jbg5XkyqEISSW2l7rf4dLrd31V9r7WTblUkntZNJPpp7u7u223fV2bd+h3FjrOkQW80N1AJrpo9kRBJQ/KSVOcDkjhug7cnI85vdsmr2xRQN11Ccg/dPnKdme4BOM5zjocrVeB5lJkIZ0PzkkkfewCUGcj8BgdiBTYXEmo2vyAA3MIAH/XZQcjOcdhgHlSflFdFGCjUS11aT0emq2a8u+11t02hdRSSu2+a135bW627/gfuT4GspH8GeGS+5gui2WBnBQtEg4wQO3vz6E8dNJaMwVN7AjIHHyKpJyTxwCOmBls/icrwNl/CHhrAfLaNYDZkYH7sAtgnkbc9xx3HBHWIhDlSSFLAYUDA6nJYjJB7Y3BRx8qnn7Gnb2cN7uEd7625WvJfe766anBJtzlfXVt3fomldX2a3vs9LanGXli1vJIzTOVkikjQHOxcgjOG9fXOeOSDkjjdMsWAuypLL5hQEZARw3Uk84ORtx/CvBxXceIZJI1cs5VQj7QOe2OnTPVQOfXPNePWfitrS5azc5SSUHAIBXBP3t3cnIPUEjOOMjjxPPKpHlk7W0+07txu99VZ7PTTRdU6c4wctU7tWejab5enk30XbRpo7fTtIgGqyPdoTIF+QlyoZyc5HcjBJwOB+lehRIURY1XlYyBIpJGG459gOWwOp9civK9P8T2s+rqfLknUjYpXDBMj72RnAPqMgg4yK9ZtpUeIMHAEkeT0UrtAwpBwRjOCfXGOFFGHbU7dYtu9m9Lp366vt57uxtLWDt1Wm6evKr23vbbZ6u7tcIkkXy0xuOSAWB46kk4xz2yeMZwMitrT45pb62G3Cq6oGAO3IOS3GCeTnPI9RyKxklKSKVwAzHaCeABwp3dR1yRz07ngdFpM5W/tl3DfvxljgHJOenTapxjvz3NfRYRzlJbtWSs0lt0adt76dFuz5jGRnFtJ76PZ7Wflo7aJeq3PYbe0SK3jCqMlMMeewLYweSrHuvI4OetHlBCXHyg5bKAblZccHPUkDjjPGOcAmcSkRxp8pIABb+6CF7gHJwM5I65GOea8sxG5W5UHJPHbqwxjJPXGeoxj09qPMmui3Vnbblsl1utb9m1ucV07KV7pJO6XlfzV++n6OF5AFVsnLcMSoJDHk4wDjI569iQO9UZQMkAEhgQRkZX72OpIOBz168cYzUxkTEjMXPACKMgAnIBJ4zznryQCe/NGWRsuDtG3dgHG5u5yfuhj2IOOG6EEVvCV5aNNaX00taOut23ronfbfY5MRCz51sknfbdx1kno7J6b9NLIazsCI1LYPy8KOBxyCR9MjJx1IGSToWDj7VbjHyiRSzZO5cMoxz2JwcevtmshZScrghlUscnIDdvUEjk5zjBOSQADbsXK3cIRN4M0ZYEgFSCD1BB5PHODubilVvGnJtJWi1pqr2X3O+6WzfTo8Kpe1pXV0pReq2fMtV0vvt3v0sfif+1cjj44+NnAyTeI/wAzDoEQ5JDDPXgE59gTg/NBkuC6uMqhIGQrHqeeSMd8885AAwACPpj9quSVvjb4zkliESG8jO0nBKBAoz3B4wDnHJOa+cXulIWJRuwpIBwAuegBXk59jzx3yR+M4q31mt/19k3fdNNaPrZdfLW6P0FXtF91F9lstnfz1fT7xS0rqVC7Qp+cnGQOAPXLHJ3cYXJJGQBR5RIyAG6BRg5J4JY4zwMdRjkADIAzEboJCqKcFid5A4+bIPf9B36k4NCTvnaxYADhjyQvH3ieBkn0OPX7tYqF5Xa3t97trfva1v8AghK7SSttG7001Ttf/t3S/VvuTrCkj7jIoRRuJ6ktyABjPHPykkcc5B4HtPwy+Hj+PdQjjXyrG2sIzNcyyYJnVCfkzhhuK4zzgE+xNeS6XbPdzxRwwS3irIGeKFC7lQQdxC9u3Hy546mvqD4M/EfQPCMmr6bqdmsHlxMtq0qNvLEHcjgjlhjGDggY7DjuwcIyrxVVfu2030TSadk+2+zTaupaN2zq88KbcU5SduW3rFXvrZaaW1u/PX3PwVoWj+H4buySyjt0gaVnFwEIuFKsF2ggFhuII67s9M9er8Cs1sbyCW02RtePLbMkQjAQliAxIXjGDjOFzjrjHyN4k+KUms+KLW4tLh9PsRdRIyhiqvArj96wIAwOuD3AznIB+7fC+s6BeaVZGC4SQLCk0lyFXbJuXLFmxnPGBnJHHFfYZXUwsqzUeWCp2s7JXvZXV7Wt89lq1qfJ5tGtTpxlPmk6tr8sk+V2WyWz1100s763OrDxEgthSAA2No6gkdOScj1OTjHanvcjAbOwcAsQpPHrjjBwQQOTwepJqSO90q4y6y25i25XBG47QwLHkfKpHTAzwATkCqs9/pMdszm6ic72CRovzAZOc8EnvzjHBHqR9HVxOFpQcvaxaSVtVdJcqaXS3m1dtt6Wu/JoQq1LQjTnd2187q93fd9N/wAdFS6tmm5lRjtKFXwAq8fMFPcZyOnI6bcNVqG501lcC6QiNtzDauRgkEMQAOCMDJ5xgnvXHxtHc3BktrctGwAaRySdpIBVQwIYn7pzgkYIyRivqD9m/wDZ/wDGH7RnxI0X4V+BNNtU8Q+IJStqL0qsQVVy08xbDhQF4CkZzyAQSfmcx4nw2CpuUlBxvZu9m3pe1lqm0k/uWup9blHCmJzJJJSjNq9r2SSs7t20tbd+Z49F9hdPMhkAbccuzKCo7gA5GAOhBI7HB5OHqOqQ2kU8yRu4RcNIGJVuCcLt5Jzn7vTOCQM19Z/tc/sW/E39i7xhY+Fvi8NP/tPWbN9R0kaVPvtpbU52CRSxZX6jDAEcDBK8/GK6ff8AiRXVLeVULlLeytyQXYE4kcDPCAZbI7ZbgV5VHiOOPpuVGFr3UttLWWzSaS/ltd7bWZ69bhaplrg68XyyjCUZJqSlFqLjK6urNWaSTv5Wuef61q8t7D5k9+ukWgbcURs3Um45ztUlgdg4Uckk7WPWvCvH03hlriGXQdQvJr1FVLue6dkC5zyp+9lskAZ7HGckn1bXfCXiGPU9RZLEyQWMbC7vbh1aCBz1UAAqCOF2gHnkYIIr561vS77Try5adYrtXLN5yHMSkMSAmcZK5yMg+mTmvlsfmtOrVlSdROSlZrV2a5ddLb3tZRaT69V6FGnOlFcseVK1k+ZbctnzLWz0207tvbE0271mxvkit7yaR5MvgFmUhsnczEnAHAOCOg5Nev2eq3sTWjXEtxcOpjkYxyyGJAT8wAVsITnGTjnPBNfP0WsXKXyO0scDElIwuPlAPJwMg5GSG6jOCcHI+nP2f9Z+GH/Cb+H5vi9JrkvgaG/WTXrTRAg1S8ijYMUtmkPlBXIK7TjIJBAwVPDKSUHJ3cd9Fe6fLslr2etlpc7cBz1MRTjfRyS974U/cW121dNvVpq59B+CLLxh481TRtA8FeDtZ8Q36y288VrpVjdajdefE6PE7Lbo5UF8FixwMjOAc1/ZZ+z1H8YfhZ8ENL+LPxx8RWWiWPg7wLb3Unhee0jNxp0NpbnyVukwrtdskaqY9pKng+tfn9+zf/wVq/YO/Zs8AWnhv4JfsuSjUzcx2Vp4k1u1sJdVfz2WI3N3qUqPcoXL7ykcm0HgZwTX7DePvFuh/Gr4K6q2s2+m6Y/xX8FrKlvLhrXTIL+2EseGICM0YlU7wAcjg46/xl9JrF5bBcKVMwlKhGGZ1KlFwpu/MlSjec2uSLhdTULtc3K5Pov7K8CaGZwp5pgsLh6VaGYPCYatOtJTcYSk7+zpU27XgpJyb5rX5Y3s3+Unjz/grdf+PZbjTvAngnVfEUd7Y6hHFew6ZNcXXkxLKjyQ29pEyrEUGVllUgBfvAdP5FP2k/Eg8TfE/wAZ67eRzW99qmsXd9e2t1uWa2d5mdoZY+okzlWUqNpyMHAJ/s9+E3j39i3/AIJn/Brx6usRWPxO+OGu6dqVxayXlpb3qQQzxyraaTaCdWitLONmDyyIFd1OMkA5/iL+Pfj4fEn4pePPGxs4rH/hJvE2qan/AGfbKsdvZx3V3JMtvBtIULErqu1AMhSQM7TX0vhPlmTYjMZZvk6nVo4nB04zxFRzlUUk42VVuPLGUmnJwg3ZJXaehHi3jcXluVTyHGYCngI0sZL2fLH2axVoWqVadOTlVVOn8MZVeVyk/dikkzLh/aB8b+HPDc3hTwlfLoekXJxeizVo55mAwXMsYDEsPm688cnBryC78f8AiSeR5JdWuZTIXDGSRnDsckmUsxaRjnA3MSC24Y5qKRLeXevyBN3zR5+fgep7du2cY61kNZWblgZAo3E4JHK9chcjuQMAe/Q1/SWHwWDpfvPYwVSbUpScVeT9xJ36p62/CyR/LGJxtepFQdSXLCzjDmaVk4rRXttfmbs9duplXWrXUzyG4bzDIckupJIVicbm5AwwPOQAcDJya2NL+JnjDw7B9m0jW73T4myqxQSSBNvQrs6EMCSQOOxPWs/7BZyvhpyxX5QMhRtC+pGccbeOc4GSORUn0mzR1VLkAEF+zHnoucYGCeTk7ic9cV3XoT5YyhGSSTs0nbVJO1tLXWlr+SV7cdOdSLbpycZNWTclzdOqVnqrd9XdPZa0vxH8W3NxJcXGtXMspULI7/NIw4baSTuGDwOOOCKvQfFbxpCvlprl4kYOAQ0hZsHK7TnPHJ4+uM1hL4WkkUyreQKhG85bOM4wGwfQ+me/PZh8K3ChcXdrljn75AAPU8sAPbJ5yTjg4zlTwVRctSnSkl0lFNaWWmm19t7Lc66VbMIPmVSpHRLSV5W93qkrq2lvJ36W9Ci/aB+JscMdsnizVWSM4Aku7kqVCjbtXcFUAZUbSDzwRXP6p8XPGd8WaTW7mYlTubzZnJY8chy2OO2Pw5wOZPhK7Z4wt3ASxb70gGASSWUlsgYJzztAA9iEfwnqSb41lg5A27GUMx6HBBO4L1JPTAyOOc6eXZVCTksNhYtPd0oJp6deT831sr9M6uNzmouSeJxMklZRdafKvhs7XsopPXq3ppqyvceONZcZe9l8zB3PufzTuxwNv3eRyo4/LJyZvF+q3RX9/Mp5DO0srMM5yRg9Dg8joeeegvN4M1ZtyokbZOCxdeGJ4BbggjgkDOQOBnp0WlfB7xdqgDW2lTzw+YoaZQ3kqrMMFsDcwB5A43Hk9yexvAUYJv2MYx0+GNvs26Wu/wAdvI89xx1ScYpznJ21bb10672v1v8AnZanhz4feOvGVl/aFtBcppaqQby7kKQqo5LLuZdwPUMMlsHo3TRHw/0HQ2M2sayt5MrZe1tSGBIJ8xS3Ve43EHB7dz9bfB79lL47fE2ay8I2mrN4a0mdUWK+1SZ9PsBbxqS7p5jI0oUAAFQQcdeeffNa/Z1/ZH+BE81r8c/iVr3ifxPp0KSto3hiFTaTyqMtE1zJyUduCcliM88ivk8XxZg8PiJYWEvrVaV408LgaTq1nZxspyiuWL11u421uj6DDcO4rEUFiJxhRows6lfGVo04J2i9E7OVld2SvZ2PhXRtf0CxhisNF8O2JMpEf2i58t5PlUAsN/Ockk9PVSRjPb266XpMQvsQSS3CeYVEiJFCy5YjapXG3tkHvj/Z4j9oD4n/AAq17U7eL4PeC5/COjWcez7VPMz3d6FyqSEZIUnqxA654OcH5qm8SazfPtku5mjG1Qgdlzx/EBgE5JzxwAB716+HwlXHUqNepSq4d1EpexrS/eRi2tJOLspPe2q2PNq4qlgqtSjCdLEOCtGdFfu7pJe63FO11va19bantvi7x6NSmmRG2CLMMR8whQQcEgfeI4xgcZ9xk+fWus3RcRm8YIZQWAdgV+8OADj/AGSSc5P1A4URzsxeRWLsCwbLH15II3dOeOSMn5uK7LQNJlux5xAQ/KWBz8wznK57nBbr0z0GDXfLC0aFCXZRd76t3tv3dtXulZN6M5IYmviMRTbvf7L6vWK2vro7p39Fqe7+BtVuRcwxrukG6I7mc7QMnLEsMEY6k5I6cGv2n/4JMxy3n7YPh+Zl3vDol+xYkHOY1BK8HAAwBknB98ivxc8H2TQ3KjAIBRB1x0GfmPzdfUY5PPGB+2v/AASCjDfta6exGBHod+CwYkDMYwccYGOOo9c5xn+YfHSdOPBvE86VotZZiI2ikmrqmtLOyvd6Nav0sfvXhrGo82yyM+b/AHqEkm3uo9PLrv66b/1oXeUuBliDtYj+6BvOSOwxnp+WORVi3udk0YXP3Qu/jkkkHAHA5Izg/eweOcVr11S4fB3AhuATkksR6enB6em4DpWQNJcRMBkK4JxkcDnGCT0PGeORk9TX+cuT1Kko0UtbyStrfTlffWyu92rXuu39eThaHNq72SSVrPT8LWst2792h3xCUTeAvF8SIZFPhPXGyAc7/sUnPH3urYPpkew/F/8A4JQaB411HwX8V9S8O3enaZYn4ma1DLNcxlpmkiu5WbbjClAOWBxyB+H7Z+JF8zwb4rSRflPhPX+CCck2Up+bgA4IJHPUA4+XB/L3/gkDHAnwZ+JUiqMt8VvFG4HHJW+uMcdz93bnbxnJya/S5YyWB4H4ikot1HmWUwXMrqPMsTJu1rJvlstNForanysoP+2sFPoqOKbTjdPSirW6Kz7t30S6m/8A8Kx1Wx/4KNeCNc8Saja6hd3fgK61CC8gt1jKFC0awE4Axhc5JBwccHgfh1/wXBeF/wBqOPyoYoXTQ4o5HijRFlBYZmYgDMjZIJbjkgZ3Zr+nTxVplgv7W3gDW3UG5h8E3dvkYzs3yHquSRng9j644r+Z/wD4LhrE/wC0pZvb27pLJ4fjkLbfvESKwHPHOfU9h1OT+l+AGeVsx8RMm+sSn+74fdHVtpKDeq6J3sm308z5nxRwSjwTmUoJRU61CrdJJuUqkb62SvJLe+p+FEkXkSqN+EUhduc7s4BOD1yScZzyT17fYn7FH7Pdn+0t8bNO+H2s31xpmjT2095f3drsE8cUMZKLEHA5lbIAOeSOTXytaeH9S1V5TaW7TlUDsduEUxjJBfgegxknAJAJ4Psn7Pn7SXjX9l/x5L408K2Nhd6xPaS6W8F9ESqIWPzJkMVcE/KxBzk5OCa/0Jx06ssLXhgpReKdO9KMmtJcsXts7tr03utD+QchWCw+cYGrm8ZvLo14vEaN+4rXVtW77aXt0Z/Ul8NP2K/iL8GfAL+APhL8ZLzw34Yu9Qkubi3ljAu0BY8pNlWDkYLMMjngAZxynif/AIJ6/FzxpPf32pftKa2btoHSO2F3dKl3lCEDqrhcHABGMFSe+a/IN/8Agsx+0Or29sNK0dmQ/NlGIYseFO5C23+E55+gzWB4k/4K2/tTallbO60fS3k+ZXtLcO8YAwQDtwu71JyD6civyr/Vviipi5YqWEy+Mqk05VKkKLnJ3i+bncebffbV+ev9FVONvDCGEWFi8e6NOnGEKVGFaMIpJLlX7yKirt9+z305r9s/9h74kfs2HTtd8XeMbPXrXXri4mivbeXyriLy5DtjlikcyFmX5vM6Ec5z089+Gn7AP7RnxX8J2fxY8PeCrrUvAd5Zy7dVkuBHG8cTiCadizALFEXDbsc7VUEhufI/jT+0/wDGn4/y6fJ8SfE0mtx6esptIZI9sMQYfMmFA3HGeoyDwTivXPhX/wAFDP2lPAngH/hUWneJ/I+HSaebIaQkYgAhEqzOkckSiZRI8aliOpyzEA4H2VfD8T4XKFHBLBTzFvl5pWjShGy5fh5U3FWbTsrLTc/GKmN4JxvEFapUhjaeVScHCEm51ZT9yUtHKVk4pq+yb2tofWP7eX/BNbwv+yx+yh8IPG+iSyan488RJb3/AI11XzUWya21FPPSytoGbzFlsyDE8qjbIcMrEA5/Ce+aWFTaKZEeKT5TwrNk8ZJ9QCDg4x64GPsj4+fth/HP47W9n4d8deLNQvvD+hIkejaO8s5tooIhst1ELEqwVRgZXPrk8D451GG5kBnuQFkLHePukAnhsDHHpxzkAnPNetwnh88o4FrP61KvjKlWc70buMYScbQvpe15NtKyTXbX47jWvklfMo/6vYepQwlOjGm5VIqM5zi0nOycmrrVtpt27rSfRC89zEUaTCoTI2AwDD7x9Ogyc9PTBrX1a/uYS6yEssuBGp6kFeWGOAdo4wQQMdDkjmtIuJLTJibd8rEqMEkckAk8AHnjn296+oXVxc4lcPEvmEAMGYqoIAAPrzxwMj8q+r9lFT5lFWtstNuVaW/Xrv3Pi4zlFe+3zXVrt7LlW+tra2vt31NGBlNxGyxA7iqPnk5XAIHORkDrjk8YxXazG/mtHEUCFW2qjFQZPLUYJ+UYUgZK7uMZGcjI88sropcR9ZEA2l8YJJ5zxgAjIwB1IOQOh9b09liiVpLlkxFk8ErGkgGeBxuXnIOc9T8w+blxk1GUXBtPRq2lrWs9LrSy/Ft9u2nPmgormTatrZbJLqr3e271vaTODeAxzudzSSEYYEEgP0wWwCFzwR09xWBe2txG8kShmZiGBILEZ44P8WAd2OgwB356zUb62hvpI7bLBmZt+ABKepHfBPBByAOmcFa56S+d5HmGeAQQTk7jxgA9wSCfy45rpw0pTjBttbWW6/8AJrt7Ls3031ym1CNut29NHta9nvsvS+iaObltpY3Vn3R4yobactjls9QDkEZ+XI7HikLOmHGWjVWb5wOSTgk5yOeeDgHvgE5uTu1xdLksI1RmCgE5yMnqOp6naAPzAqNYy7ojrmN0OAGJLY5wSTngjLHGcnPBJNd6Voq93ZO7tfX3ey1u27/fbczjK6eu19Wmk7JXvo9dbX6vlSbWhSRwY5XWMb1zncB3wSQuOhzhgOD+JzYSd43hJVw7KAVx93OBux0OOCevbuMCyI0V0iwpyNoBIyrqc5Y85HtxwBkc8dYdD0O68JXOuR6qYdd06dYZdMlwGuImIUSw5AGF25yeCOQBzU2guXmUtbJNO976q66Jp6389LCnBOKu7ON15K6Xk91f8NL2IotRFnbloWDF0w4cgnc3JOMA5yflA55UAmtTWfF2uanpNhp11dFrW0UeUo4zkgAEAHgdSGwDjvgV55aySvKhjBZQhyD82Tg5JznsRzjIBJ710AjjCfvCCXjQKpyVDHOQVydpIGByFGOetXeUYuNOTtK14ptLVLS2z2189/Pj5bve+i/FrXSyunvbVdLEsV2BGAJMY3KwXd8zEYwMHnGSMdhn2NejaRFoWq+G511W4eG9gcRWcaFgUXvhQ25mOAOMlQDntjd+GHwK8WfEiYT21qdE0SJQZNb1BGitSCRueHcFaRxyVKg44BIAGfr7w/8AD34LfCO1il1JP+Ex8SowdZLhAbdZhkExQcq0ecAbwTjjnqPocmyDFYyUKvs+WD2lNNaXSUldXdlbZb3strY18RSop3d5K6Sje9/ddpdr6O7VtGuXv8weCvhV8TvF93FpvgzwrfPYiMbtWuovs9qd2AZ/Pl2ryPmHzDgFcZr618C/sS+ENBmXWfjl8RrOCNwJpdG0+RfMUEbmilkLcsCdp24A6D0M8/7SXiS51GPRNPsYdF0cr5EUWnQxxFlX5UU+WEA2nBYg5DEAgNnGNexXviMz3WsamSmSdl1cMWUMSQCQ+AOgwMYPBI7/AGdLhvC0venU9pKL1jJtQcrJu6T1iknq21Y8+WZydo0qel3q3e9rdrK2jtp/wfs3wbrP7JPwit3i8OWdtcOUwszQLdTySRr8js0oIBOAwCFTzzy2K6W4/ag+EUToxstSu4GIV7cL5cKpuIBVFVRt24A4HGDgjkfAMPhXQFTzbnWY22ElfKG75TggAZyRjgs4BOfmArahtvCrQmKHfecKrMuQ5Zepx0AzgjJAGT3NbvB4SEEnTpRS2tZtv3buy00s730tZvexUcxxiklDnV0m3pf7KS1VrdFdWSWru2fovo37R/7M9ykQurW+snkIafhzsPU4wBnHOWHynnGcCvYvCnjD9lLxpfpYweJbnT7m5Ki3WWXy1JYcFmfC5GcHOBnJHBxX476jpWiLZXbWNrcJIIWODCxzJtGHzt6Z9Ack4JXPPlOl6pqFhNJNLMUkV/LiI8yJ41BA4xhif9pTnONpPArD6rgpycVCDum01ZxulFbNtaye3fRW66yzHGpKU5SaT1s29Fyqzta13tfzP6NdZ+C/wlgsjqNt8S7a3tTEWgC3tu5RmGUUgvyGIGSBjnuBXO+F/hv4Im+S5+ImnXGZCLfbfQJKUBOA6GQLw3oueWB+XivxG0fW9e1TbC2vaiYSUxCbyd4lHVWCliDyBgMOAOAcV31pp+rNOkseuanE6Nncl1Ku4knOxd/4qDnbkfNjFawyHDVY+9Be83Z2tdNxvZ6pWVui1IXEVanu7vRWk7bWvffXz3ut9Lv9rbn4J6P5Za28VwzrOS0DxTRyck8IVRjgED1I4LdwKif4Ba9BH5thrVtJvXed+3ngbckknnGTzwBgg9/yAj1v4g6RIkmn+NNdjVJANpvJ3VFGSow0gUenp6jIFdla/Hb466apS18dahJHCFVRPtlyFHA+ZWyR/ERn6knklw1hm7Ri2ltddbRu9uz6JfPU1XEk1G8tbtLfpdPTqkvJJXV0+h+lupfAfxw6rIlxbzHbklWGyP1YdQcj069W46UY/hB48sIt0VpFOGQ72DBlYgkbjnhW5J4HOepJr4Y0r9rr9oSzCwza3aXscIUeXcQoGbGCSxVQcsB8xHpxivStO/b5+MFiI4b7w5o99DFtDFFdGk2ffPTBBOM/N3I69Oepw3Dl9yLvJxsvPS7avotNG/v3Lp8RfzPRWteKd7Wem1lur21vsj6fh+G/ji3GZdOeSOUkv5LD5cgZHykt9MjgHGOSa3IvAevQxRibR9QZjg/xnYOQOMAknv04z6AnwDTf+CjWr25RdY+HsRVyozavgkdWYBlwMc4GRntyK9K0z/gox4EmUHVfBGsWz9jG0UqLjALAsOQpOQM8c8ZBA4avDEvdsmtrXTa+zrto7NejunudUOIqMlG7i7NJc132u3vf5NXfY70+FtY82NZbHUFiMhygibKqeOWAJO3np0+hrstN8IWsUQlm068NwMESS78Ko5I5+U4HU5x+BNcfpf8AwUB+Bd+yrqKapp7KBkzWhYBiOcFEIJXuOQMHkYr0rSP2yP2ddYCp/wAJTDBuIUrdWbIybiAAxKYBJyTnKqOTwMV59bIcU+WEHJ9rJXdlFvW973ejXl01O+ln2CuueUNbNJuOt+W27TWrdnt5PZul0yWaGNYopooo2OxViViwBwSxVfl5HI3c4HU9Kdzo0gQhkLPKD5e9I8qPcEfiemST9K9P074+fAHUgwtfGugHcMr5rJFtXns/pz1579cmtmHx58H9XlxbeLPC86sV4W/t0IUjIC4diDznGB1/PzK2RZjTeiqN6JPW6Vo9bW0XeyTW99T0oZthZpcritk1olb3dFpv5W6q+p4XaaXbI2GtmMiKwk5DksSDkAepJA649MYFb+m6HpczSPewSW5BBjYFQAB328dDzgD04549ttYfh5dys1nfaTOSow8Go27YA54HmbvUEnBHOTjJMlxpWgMQIYkmj3Bt8Usb4K4JA2s3B5JyOckHHOOZ5XmMY8j5nF20t1dttr69nzb3etjaOZ4GLS92yevw2vdebv35lZp/zdPNY/CuhC0kuv7QYKyt5cZCMVOMKdgBPJHQKOCMA4GOcXwfdyu/k3qFXUFEK+WcerMOhwe/QA59vYF0bSZbiWKDzoSAOse9E6k4OCBz9QByACK17XR4oVLSXoIw2d8IDFRkj+HIxxznP1wMczweY4WdlSlPoo2crJuL0baS6Xvdbehu8Xl9aKXOorq76LZ6Xknd231VlseEQ+EtYsGdrYyuxX5ZI7kjDc9FZiAenJLNxnrg0yaP4lQnMV0WhUjCuVbYeuFAJJYjrgnk8DkV9E2ml2kg8yaWNlXncv7vaFxgsvqSMYIHO7AVRz09laeEYofPu51uJx8zKWCLgD5AF3BSGIHqRxnI68lepmdKyeGqcradlFr+Te0b8vW7b8zsoxy2pKKhWhHzUlotE0tVd6fj0sfNmg6T8TtdvY4obieGM4DTPCViAxlgGYYAOSwOfQAAkZ9jtvh34hsoRc6p4lu59+CbaGYqQcnA5YFQQDgYPrnAr0pvFmlw2yxWKqj4IWJFXaexJZRzyM8Dk5OCcZzTdPeDdc3YUofMZEZAT12rhcggjIO0+jZJAx4lbGZxOryKnOlF2cVaSfRNvTbfmurfPVe5To5XTim6kKsrR05lvonpe1r6apabO5TsPF154MWJLzVb8WqKHht48SzltwwCRk44IwcnIOcYIDrz4+eKbu4lj0aIxgoUN1qaKuQoIDICBhuhI9toxjmOaO3mV5ZLdJpG+VJGCl1xnaUGDjGABkHIByeDWc2h27xfaJIjLMQ5jGIwhxjgrkbSWGcYyAAAAOKdOePUuaanNwS1ba6x1+b2jbRdbq5dZ4GSSg6cV2fLZ6qzfR+St10Zi/8ACf8AjRxcT6tPo2rQqzNsubSCSKNiGOER4yWOCF5BPC49K5a68faFqtq+n634I0PV3ldmaKTRNPNswIJ2gtDu6Zxnr36E1tXPh29uFEshtoYxIzeTGM5AJ5YKCSPlIxglQTjBqGLww1zcGVxBGFU7W5Rj05IHXOBjg8Z9eOyWOqKEZOEnKNm+fVXdnfdPyV1u3buc0cDSqJxjUjbVxSlqvhfSz02s0+trNs8B8TeE/hP4vW6sr/4J+HYVkKxP9g0azt38ocMxaGHKnDE8H0JwAa5eD9lr9kzUV+yXvwis42Kq8l47eU6bSC+1m6tgtgA5GOMgGvr6GwtNNiZILRpbvJ8x1AdX55B3KM9MNg4INcvrlhdaiEtriGCG2XDjyotkjsxGVZtoOR654ODThmtRyTlCUUuvw6Wj7qs0l5vdX2d1fGrlSjF8tRSbSdrXfR7vTRX1duy3u/P/AIe+Bf2SPhHqEsngrw/baPeRrs86GGO7lWQ8SEzSpIeGXjYTjjGDgVwXx2+FnwV+N7C4ufif4p0GayhZLO0sWK2Blfks0Qxg8dMZPJ6gAei3Xw80S3ZpYdOdZ3ADA8gBs7mIyQSQckkcAnjjitP8PbBowsVgkfyhixySWIOM/Xhv7vORg5FT7bAxr+3cW6jtd3vZ2iru6vprZbXMXQx0qPslyuEuV8vKndK1vK3V66269Pzq1v8A4J3+HtZRLjT/AI+RvIGdkGpxSG4ZCSCjOW3DA4yCBjaSO9cPN/wSlOorM2l/F3SppJgS7XecZGWbZk5AbJAJJYjAPGMfp5dfDixgRnMQaQIT5iuVRcoTtAJ3EjgHp1B4wK5CeyvLNore2eRYuSzMQAWzt2q65LZ4A74z6NjseMw7aUKk1GyveV9Vy23Vk9Xbt+C82WTyhKMpYeHM9Xfduy2b899H3vofmtH/AMEf9evZCkPxR8ONab1E8MkzeYzZwdpVwAnDAc5z6muisP8AgkDrHhs3F1a3/hvxNcw4aHde7bct1RChkJZt3U4J56Hv9+Pa3cTBElmtmlXLstxKSCctuXZjGN2cEYHU9Ww22vfFOnJMLLUbmNUyRM9zIW3Eghipdu3I+vHXjhrWr2jGu4qVmlGKTteLu+W716+ey2O6hh4UE3PCQbXLory6xs+W9lut9PI/NTxx+w1+1d4dsWj8M+H9Fh09GARNFngimMYwAGZipJweoOSBwcncfmnV/wBjr9qm0uFudR+H2t6jIQzPKGN0qk/MSSNyjqeT0GAK/cyDxv4/D+Tda9KyglvJ34baMEYO5i3OSOTjsMgYuXXxg8c2cCWtrd3ZZ1G6WeMGJWBOASAS2QAARnnPqQOT6jGCfI6T0T5nfnltrbW61SX3aW16FUc3yuNaMXsk3ypaO1tVrfW/RabO34DQ/sr/ALQscu66+FfigRqrMTHYzFVA/iwIyMkAnIGDj2rJv/2c/jXHBM8Pww8UxxqwDu2m3TMu1iWbPljOcDGOT0Gc5r+gy1/aG+JcMbxlo5/KbBZ7bI2rg4JKcggHt25wCTXbaf8AtF+K7m0kE+n6S8RCh43sgzPwQSAI8nJGT6nBxjNTVw9f926ThK6vJXUbNcq0Sumr3vd79XFXIVGDjNTU7yk+VvezSstb679V21aZ/N94K/ZN+NXjrXotPk8J61pdu2BLf6rZTW0EKKSSQsiKDhcYKgknI6g4/Tr4M/sE+HPCLQ6nrmiah4m1tQu6Wa0ZrSB0A3bVZWVsFcKCSrde4Nfowf2hr0W7M3hfTywULzZgBiCGLACMdOw+9yefTYsf2mLe0hZ73QVijAXzooVjhDDHIVSAwA6YwCeMiuDG4LMsVyQp4n2VNppxptJt3in713fTpe2jdmdOAjgsO5TqUHVmpJqUmpW1Vm1qla1+rbV9LaeGXdj4i8D6P9m8PeD0023tlOJ7mMRqMbSrxwoArAZ+6AT2IBHPzr4w+Jupgy3niXUVTyG+X7RD9ns4vLBJKxELvIC43AZPVj2H2F4z/aT0fxRaf2dZaE9hkkG9mXzWX5wo2owO4AHPGQQVznkVv+CPD/7L+saVJc/EHR4fE11cAvOLycRrFK6Eugh+6F+YgbV4BxgdazwfDuFwklVr04VajaTbXNNt26y0V3rdJ32T6r0cVmc68HCi5QhFRVoqXL9nW0ErNJJaXfe1z8UPiZ+16umCSx0LUW1K5QMqPbOY7eA8qrBEByVAJAYNnIzngD4c8ZfGnxX4ylnmvdQulhdmeWe4kkZmO1jtjX7qKN2AAAQdue9f0eeNfhl+xVrF9dwab8EtKitvK/4+obryzKUypZGRvvMMnII6bsDOa82/4ZP/AGFPFMJa/wDBupaKkQyyadqDyMWJYsQrOCQDwAc9Mcjmvs8BTo0ItUaHI99FHf3dL6N33+T3sfJY6ni8RN89aU4rfSfK3vq7vp1tddNrn818PjHWGiuLTSxctG0p864ClmkbJO7ODtyDnJIySD7V7N8Hfgj8X/jbr1r4f8B+E9Z1y9upYklvRbytZ24lYZa4uSvlIi/3WIyOmea/oA8NfsNfsHWd39qTVNditAwkk0y9hby5nzuCmWP94Rz0BIYE9SSK/TX9nzUv2f8A4M6b9l8CTeE9P0u2CIEu9PFvcy7QFUzT+WHkK4BO9s/LnGcA45pisfToTeX4R4vFJLli2o04qy7NylJbJWV7bvqZfgMM6tN5ji3QoXtJRhLmkvd91XW0r7ta63R+c/7J/wDwRF0+b+ztf+Omo3/ijVHaCdvCmnxtBpEDHaxh1C6bDOEJOTC2DgnjnH9Cfwh/Yu+EXw00q00zTPD2kaJaQQxxx6N4btIYJpEC4MN1exotxcNjiRpHO4kc9xwmg/teeGjeLp1gdNuLNJgJb/R5bUxKrDGXgyJGAycjYD6gDiveIv2pvgxo+nLdXvi+1N8I9z28carcNI43BH2fMgHA7DgnOK/G87wnHeOqp4rAYyUJ25YUac3SjflsuWKlHZtXnd6O9tT9Tyqtwng6S+p4jCxlHl55VJwVTRJvmctbt2srW6JOyR7x4b+H2j6NZyW/h/Q9O0GBAFWVo1kv2IwflYqZC+QM/MSDngZwO5fQ9B0qzGoeINRUJGgd7zVJxDbxhOQEjYjDbeApBye3OK/ODxN/wUE0iCO7i8J6XBvVniS5mcTSE4KiVdoITLZJL7eT8x9Pgf4o/tkeLvE9xcwXGtXerTyysItKjmdIIzncu8RN5e1OnQnrnIzTyXwsz7OK0JY3mwlOT19onKqkuV35Fpfrq7LXTTTHNeOcqwEHGhX9rKKcV7NprTlW7bf/AIDbv5n7H/ET9sH4bfD2Oay8LW8fiXVVLQmTetvYoVBDAqcEqOrEEnB64r8rPj3+2t461l7m40HxK1re3Bfb4Zt5RJpIjOQEOD5pfspkJHQ5YYI+IdU1zxx43uRNql4+m20pUpa2m4OVJ5UumGHHJI29ck1qaZ4StbOaO5ntVldWHmM4ZpW2ngl2zgdDkY7554P7vw54VZRk0ITqU4V68VG9SslOSbUW5bcsVomkotrq3c/Jc54+xeLnKNByhF2Slze9bTXmbT7N2Vu73vk2/wAU9W8aX8aeMr2+0jVJJQ0NlcMYbG8aQkn7O3EeCMDncOQSzDmu7g02NXlkt4vIAKtICclyT1DDK4YkkEYJycNkCta88K6D4ksBa3mmxFVj/dShlW4tZP4WglU7oyAc44yQCByQfNptS1r4cXCafrlxPqXhe4Pl2Wu7FaSwB+URX2R/qxnHm5IGOWXg1+l4XDUMIqdCnTjCEbe9Tilb3dXbZpaNppPouh8PWxWJxrlVq15yqN/DKTd1o/duumr1u7XcVuelJDbttkACMmCwdt29wOSMnBIyOeeuTu6Glqlwot5hbszvGVmADHhlP8JGNx4wB6Y9s8nqXiu1it4WtAl4J4i8NxCQ6up5VhsLeu4cYXIyM1h22rXl2jteTpZ24UM0rExkAnLZD4AIXlt/HfAzXW8ThqcmnVV1yv3dLv3U3qtbp9rJ76LXiWBxdV8yVr6qV1r8Ku1/Km3dO+ut0bL+Kp3aZZVVfLUiN8lR5gAAGMBiy5AxwOgxisqXUmlimvNRmitLdySJp2VSuCRhVJGMDB6KT6d68J+In7QHwz+HQugl4uv6sxZI7O3YTStKoJAwhZQcnbnjnI24JJ+NNU+IXxh+N1/NHp0Vx4Q8NPvELNvVniJKhtp5MhB+UgcE4Fc1XMqaco0IOVTaLtZLbVdUvnr1b0NKWXRpSdSvNb99nZaRXZ6q7bVl6n2J8R/2i/h78P7GaE30ep6lzHDDC4muDKf4khQsVO4gKrcDjHQCvjLxB8SfjP8AFid7fRxfeGvDkg3R3srutw8EmSwVFxtYqTjHc4xzgeh+DPgPoemSx3mrW763qcpj+0XuqMZZC4bflQ+c43ZHXaMAnjFfR9h4YsLAGOO0QxRglVTAUALjagxgcdAB0B64zXnzhXxFpV6kmtLQV0l2Wlune7216nVHFRppwwtNRUU7zfxN6a9732t+h8tfD34KaZYtHqOqLJq2rO4dtS1JmlZpCwPyeZkgg5OQe2OwNfUWn+G7SzjRPs8XyqFEilVUMeAcdtoAAPoRgdzYMMNsipGqx7XBiU7SsYHTdtKliQowMYLZGcECkOpTvP5TFiMrGAibR5hOAXyMc9iBjB5HLY7KUKVNLSMdtbK7va/lbq3vbS9jzqtSvWk+ZybbSvvo7XXVaK++m2j6dLbadBbrtICMvzMwIYSKwzgDB+YDI4GfTpx5f4ntf+Ea1mDxNYqW0++lFrrMCDapWRtq3LZxhkyu5hwcDnrjuDfywyuskgZwu0DKtjqNoG4EdBz0ABIOACee1qaK90y6tZwCl3HJE3zAjJU7dqjIyOeRkjjPqdq1SkoJJ3d7326RastN0tb9lrexpg8LVVROT0d201ddFZLW2mu2mpufZopIEu7O7AQorozYYNEy5IU9GBHJJIwc5GOqLBYQ2XnrMI3ZmM6Njchz8pUYztJGMIOPmJ4GF8d8H+O7PTtI1PTL+6Ecnh+V7RjcMN7wSbjFJGD82VUEA8qOjVxGtfGLSYHnisme7ZF3CSQlUAIxswSFGSBwoOCfavIrYlWai03Ja6qyd46pdLq7vonbXz96NBQSvbZpa6atLd67X+S17L27UtaWF3lDLEiR4MhOMrg/vCSNoHqBtPpgCvJfEXxP0/TC8do66hMAVyCFijyeQSpwTkZHTgHGec+Dax491vXy4WZxF8zGGFvLijUg4VmHXuSBnrxj7tV/DPgXxj44ntNL0DRdS1zUNQmEVnpWlWs9xcXLltoDGNGO3Jzk7QRzwAa8+WIrWcIR5m3omnqrx6pK1lZbu/U83G5hgMspTxGLxFHD0aaUpzrTUIxSs73bS0Wy3vf0cPijx/qurSytNeNHalirRwthNxIHlgArkAkbsH5ucfw55vw74L8QeMNRFtYQMVcGWTULnEUaBjwwDAbtgPccn0yK+vfiP+xD8dPg58MbH4o+PfB6Wfh6e9hgu7SOVJb7RWnCmFtUjUEwhx1VgGGCpAJwMr4V2yajrcWlzAyR/Z4p4zbbURlCl0hOMHaeATyT1wRgH53OM4qZYkqsUqjipcreiTtsle7t36o8/LeIMDnlCVbJq9PFUnN0lWp6xc1ZWW7e91f4tXe1zQ+HfwA8O6AlveXqf8JBrMjbriS9TNjbHqCu4fNuI+XnHykdBx7TrMlpElrbxR/aItPKo8Fuqw21vIF4BKBVxFjox7DJJLEelw6XFbxqusyfYkNvst9JtUDajdSquIlESjcXPyYMYOFz03Yqnr/gXQtI0KXxH8V9fsPhR4PiRryb+07lY9b1mLBdYbTTd/2t5Hj+6dvBIzjqfzDMuI8bjqjhRc7Ju6T2Xu6KybTbVrKze+7R9RgchxNdwqYtytpbmb01VuVa722j2d5aa/C3jzwhrvjzUtW8L6DLd6/quroUi0zTllMUOQBEGkjyq4B+bJwSQPl+auJb9iT4ZfBTR7Dxn+1b8QdI8KWjeZeWvhSzuoptevnixLHbS2qSPcBm4XcyhQSudoPPZ/FL/got4L+H2l6h4H/ZJ8BR6XdkPa3XxW8TW8NzrN0SfLeWwjkV0ijJ+ZWkwyj+LcSK/OG68A/GH9pDxUdf8Y6nrXii7uXa5uNY1ma4FnbF8M7xiZvLgRT0SMKpBxjaTjDD4/FYe9TF1IUaa6uTc5J266JJdnq76dLfXYXK6UIRp0aSqTbWtrQTvFq7Wjt0vd3vp29s+Jf7fOl+H9Iu/Av7LvgO08F6bLDLpk3jG+tkudc1GHBjWe1d0IgLL8ysPnBb/ZAPyF4K+AnxP+N2vHWfEU97qB1Cb7Rf63rM0+wktuZg87fdJJwEIXAAUYAz92fDr9lfw3pUqwS6e/jTxDGQI4LaFjYWrKR80jKpiYA9ySN2TxgA/ot8OP2eb3UGsY9ekMPlpD9k8KeGoQ85QbdsFw8A2Q8kBxIynHpyD5mL4rpUFOOBXPOTfNUbblJu2y3lqtnZJ200PWeVz5YSxT2S5acVZWTjpZNN9dX59G2fEPwY/Zh8OeEpIodG0VfFPimCRD9qEBktrZgFDFS4MYVSMhjjOM8c4+8fDHwV1nW760gvYrnV9UldY4vD+koTDA6gBRcSLmJACcYJ3cHkDOP0Z+E/7IfibW2tlXS4vCmjnywLOyiDajeKR1u7gDcvGQ20njrgiv1V+C37Knh7wXbwynTbWKf5Wkl8pWuHkG3e8szAsWJUngnDbuMspX4vHZriMVLnq1Kjbum3K7T0slrZWVk0rWs+u1xw0YR/dqKjG10t9NdWlru9uZvXzt+aPwL/AGAr/VrZLrxDb22kRXcaLcr9nS5vAhUfIkswb7OqDCExlSeflyTn9L/hj+yt8PPhhZKbHR7Wa5hA33t4gkuGKgkyIzkspz0VCRjHBJr7CtdG0/RLdY4LWJY40PAVVUAcF3JHyqMZ68Z5bHFfO3xZ+N3hrwdDPGl1FqV6sb5t7aQCG0cBuJpgdoAbA2nBbHOAWrxpY5xlHlbcm7a762T3aXm9rK7vrd4Qw060rbrTaNvi5fJXdtNnfbojiPjTc6XpPgHxPCkKFZPD+q20AIUMzNayKqoFAIHXLY9+MgD+Sn9mTxRHpvif4naVeOIYo/F+ryeXnlma7mCqScZ3fL3GM9zX6+/tCftbSy2urWwv3vbxrO9CafpmJzbwNHIDI4QthVX7zHAAyRyK/E79jT4TePf2m/ir458P+A9UtNE0+71y+udc8TXhO7To2nld0tYgf3k5AYJ8pBb0ABrsnxFlvDuVZhnWZ4yFHD4SknWbd1TV4pJxTcm5NpJLVvS+jTuPCOY53XoZZgsPOc68otNxcYtRacpNu1+Va3bel7dj668b/GDQfDSR2IuFmvrgn7Ppenx/atSuXcgRxRW0IZ2ZycBQvGQDlhXWfC/9lH9pv9pJodQ1GFvgz8Nrt0kbVNYiK6/qFoWUk2tm+JoZHQ4VplIGcliOR+q/wH/YU+CHwPEGrtpa+PfHoSN7vxh4qiW9lFwuGkaytJTJBbqsgPlsiKygAnH8X1rqN7FBECxX90AiRooCRoCFUKqcBcYAGMA4x8uSv8Y+I/0q8TUlXwXBeHlTbcqbzPFRcp8vMk3QoL3Yu2qlUcmtFy3Vj+jeBvATLMHTpYnO+XE1YqLVFNqld8ukne8rPdXXXlTPkz4C/sP/ALP/AMB2TUNL0KPxd4zCqbjxl4sVdQvZJ1ALSW0U2+3tzvBKGII3ChiSMn7IN/bwxtwrsq4TaAqRAcAKuAqqF6AcDOcYIz5pqPim3gieSWaO3RQwDSlEz14PQngY45B4bjIrNsvFg1NTHp8c18ACrPbqvlJjjO4nHBGeScfWv5bzPNOK+Mca8Zj8TjcyxFW75qs6lRrmtpGPvKnFX0UUkk9Elt++4TKMlyPCxpUI4fDUYKKUYRUWl7qtpZt6a82rbaVzW8e+KHtPDmsNFKwcabehUjBO0G3kDDcpxyMA5BGeRzxXhX7KXiezh8DSzTzRQ79c1CWdpnWNQRcPt5bA44ON3OScHPPtOoaVomsaFqH/AAkOs29tYnT70Sw289us0W23YjzGLDBJwGVTnJwAMCvlL4S/Cyy8R+Gb+DS/EgstItdXvVG6by3kV52wygMuSFxliME8j/a+nybw+xk8rqvHU6tOdSvQqRlyOTUVH4Xpo3K/W2+tzixHEOXwxEKVGcJQjC07PmTlovmtOisl5n2P4h+PngnwzFI82orqV0r/ALuxs1DyOSpPDIMKDnGSwwwycZwPnrxr+1N4sv0a28L2CaDazRfJd3BDXZQ4HAJ2g8EjIypI6185/GvwhceBda8OPoeoLqxe58rO9RGSpwDMSAZQAGJPfB55FcHrmu69ptguuaqbC5062eY3NtbkPeFEGB5cWMjn2Ge6jiv2Dhfwwws3ha0qbrSqRjpOLtdSSbceW3e1+bXprY+NzbianCdTlioRSWq1aV97WtbS6tun1eh6Rc+JtT1qU3mq6ncXl7IG3yXUrOA3JAjQkjGcgDac5O0YrWt9bMVuZPMCtCmJLiZgsajAYndk9CDwvBAHXAA+e9I+INj4lWC98P2F7dOWYzxXSLZWth6td3coSGFcEuVcgtjAIAFZ+vfHTwP4Tnaz3R/EHxJt/caTp7mHwzpkzA5W+ulO+8lgcjcIt0TsDwVbC/tGC4DrRj7NUIUaMEtIxjFO7jsrK2y3Xlpc+OxPFlJSfJUdSo1ZKLb35bXTa5fTTbVn13oesXF/Yy3ts9tFZwoxn1/WZBaaNaIoId4WkKveSLgFEty24jkHNeR+L/jp4f0GWWPw1L/wkWrxlll8W6tDvsLUrkSDRLA5jZBgsksyFiQDkYDH5ng1P4yfG3UorfypbiwjI+z6fYxNp3h7SoCeAsMYjtpDEmMyOCTglicsa9Uh+Hvw0+HBiuviL4hbxPrqorr4W0eRZIImAyUuJoyVUFhhgpBxn05+lw/DWCwsEpxjOUWvcppycnpZPyvpfRau19L+FPNsVXm5ubhezs9Fb3W7q6k9erXXzOAg1r4gfFLxD5mi6XqutNLITPqM7yqsqluS8zARWdqvzDapXC9O4r6Wgm074a+G2uPGfiC1uNUMf7vw7oZQxxsqsRHcSpl3cldjNlsnngYryfxL8b7mXTG07w9a6f4K8PQqY4tP0tFhvJogDtE9yqiR2cEkgt8+TgHbz8l+PfiXLNaPDas5lKuPOeQtJLLjj5m3MRuIJ5wct0yQfp8HltapS9jToU6NObSvGKlLlXKrN8to9duu71bPKxeNpwpVatSrKU7Plu2tbRVrLTbTs9NSf4t/ta6tHd3emaZbafYWls8yxLMm5YxLlF3h9pmlAP3mJ2nJBr8V/H15p9x8TNV1trgR3mo6tYXUtw7AJK81ypYJnnAJxg54AAxgV6/8TL7W9S1+6LmSdVkeRsExxDJyqgngjP3j17AnBr4v+JN6bPxfpMZ1WxubyaWwmvIEmylpHDcq2x23bQSAAxO0nnINfrvCvDUMHg6roQcZVaLjKSjo3ZPW2r1Sd/lZ3bf41mWae3x9N1pXVOpom7Np8qStfZb3Se3zf9G8l1HYfD3SbgsbpJNDsw8y8RIWs4zwDgEgnC7TyeCpB4+Y7fU5LPULm5tYRLJvBWU5dSXbbtQYOAc4GPcHjGcy/wDiZqOpeHNF0iGRLbR10PTkiET7xI0dpHuMZ3YIJBOW5JbAGRUfhyeJU+03W5RjcjuSVQZ4dgW4GAcY5IOOByPn6OQTwlLEOUJSqVas9Ene7ktOttdr7tJqyObP88hXlThR91QjGN20rtcum92uzf8AwDnviPrf9m+GtZ8RamwJtrW5kVZAdqEo2MkghT6ZOR16iv55/iLrsXirxZreqyIqLPeSGIrlQV34AbPO1hjGBxwM1+0v7TXji2ufB2oeF9FvZLu41ESpdvDGWEIA4VioGBjDH1wc96/Gu78C30+rNBbM947vGSVikKRElSA2Bj5c8kkckHnpX67wFldTA5dOdWn7OVXaMkrrVWunZ26/ofCTj7Su5qV3ZbyVteVu2v3vye+hqeELnWbTTreG0mubm1glLpZJ5rwRZBy4C7lBIOAehU8ep9S0dvFdxObw2WqNbR4kVSj+WCx42bhgkdPmIIyDzyD9DfCHwfaaN4cTT30sTX02Dd3DW6uSMZ8uMuuQxAZfl4ByRgCvoTS/hzqGrwrM8S2NjFk29sY1iLAcru2gEkHPyk9RyOtfUVaeHVaXNGDu73stfhv0u27a+u2p60Fi5RhCM5fZtFXfSN2tvdiravfZXsfH2i33xQklhTTYLqxtxJg+ZbnLR5xjIXAwDk9Fzn3r3Xw5qfx4F5Gmk6/Jaw4CSqP3cZRDyG3kK4yOi5AIXAJOD7/a/Di+MaWsdzsKkKSiZRVI3Mc4znBOMnr65AHT2Xw4lt1SBtSdRvC5U7cZA5GSGJyQBgOTxuOODw4inltW/tqVOokle9NNtaaap9kevTpY9pclWcL2vJSkrWa2u7L00e7e7vkeD3/aD1C7eAeLp/sl/wCVZ/Z0icRT3MjKkcZCDYQWIHORkg9wtfuz8CfDv/BW7wT4K8OWPhTw/wCDtU8OR2KvpEd8bKO6a1fDxmcMVcF0IOHOTg5B6D8ovCmg6r4avdGuLTUJmtrK7huANrM8kkTo4Zlbjau0fMQOSOeAR+yXw2/bZ+IGh6Rp1nNrLExWcdpGjNkQxRKoRj2VQijODzx0wDX8neOGFzXERweFyLJ8FjMG5yniaVai6lppRUHGMZQaXvNaPz2tf9v8OqNONOtPGYpLEOMY0/bzbp8rSupa3smla/Vvqj1+x8c/8FiLdzJJ8LvBMjwNhPLvbUKzbgMHD5ZR7H6cfKeig+If/BYGd57iT4S+DX8tVVUXUbVUbsSV8zBAHYEDB3AcDdy0X7fPiSzjmjm1qWaVctlZBhgwBG0sc8kjA644z6Ft/wAFDPFcOIRqkiB1JLyOCqktwvzE5bBJ+UnOemOR/MM+HOJoNRjwfgIwk+aao0aik56KPN+/aSi3dpfOx+muOGTbVbKHLSKlNSWj5b8zTVtXu+tt9jdn8c/8FdLu6Fm/wt8KRoArSOl3CVC8kxb9+CDyADyOD1yV+lvhn8Xv+CnPh7TFi1j4HfDxXLOju2rhbhlzxLKfOADqA3GMZOCOa+Yrj/gotren7H/tgNjbG6Fw25iPvDDHAGOTtBBHTFclrX/BTHXrcNHHqDSxEKNsJ3Hc/J+bGeBwAu45IOAQue7DcOcYcreD4YjhcVyuEK+Hp1KUoRly21daSfS7UVpquz5MZHBVoqli6uSzw6tKUKrlKMm7dOaOzu0udpHiv/BT/wCPn7ZXxc+Hx+Cni/4Bi30271e0vrnV9BE97LqMysTFaC5gEiwRDkEEjIAxwBj8JLj4I+IIPE1vpXjH+2NEu7awgkv/AA7fSS27C2GC1qoYoDGidGYMwLKQOx/fy+/b41fxaTpt5BbeSkwmFxI0ck3BBDjeGO4g555znqOv5zfH/wAY2Xjn4zPqr/PHeWECNciNElcZGTIycKu3K5HYc561+/8Ah9T4l4fyCphs0y2GGbVSs6qU51alWVk5TU+aMW0opcunXpc/GPEjCZRH2OIy3GU/d5KXsKCUYU09XyaOfLzN7vrr3dnwL4U+DWnaDanRfA9vfam5jtBJMPtCSMAAyNu3hW3BunRu3HHsun6novhWxVLbw1a6JIsxDBdOhwZGBI25iyUAwS5IBHQnGa/qZ/Yg/Zi/Zqm/Z4+EeqxfDTwjq+o6j4Rs9S1TUbmzgupptQlTdNM0sisNzMMMARtK9Oc19c6v+zF+zz4kiNrffCLwbMsiCNmTTLWN1jXGAGjiyD/Du3YP1IA+yyjD59ntJ4iGcewhpyUHVmpKN4vklGLSUvhvZWTdkndX/IK8cHQk4yhzOy5rR57v3btXd29V7yf56fw/33iae+a4eym1TXrp3kkaw0W0l3Iy5KBVt0yMDjbyf4QOprkrb4J/tHfFbULp9L+GXxBv4ZIVFrDPp2p29q8LYHmXEkqCLYoIbkFcDHTJr+8Dwr+zX8BvAcZPhb4Q+CLCfDkTnQ7CWR9q5OZJYWJbIJJzjHzZB5Obq+v+C9DsdRmuz4c8OwJHd2yQxPaW0cogjYGBUiC5OcLtHK44AWuHiTFYvhfDUcRWxdKpiJOUoe0c6kFypNLmlaUpt2W1r/I0y2OHrVuSlSdpOF+VcqjG/Ldytd23td77Lr/nsab4V+M37Ovx48C6V4g0228M63pviuO/jntmXz4IXdWaOaVPlbap2gFuCpABIFftd4g/aD1LxDorG/1S6lZSNsbXR2ySFMvIwDfdZuQAep9hj8+f2ybpfFP7Vup67BftNp7eMLqSwQl/JiijlKiOItkMpxkqCRyeO56GK+lFoBcKpiDttjhXHBHGSx5I5PUYPA6V9Tw3w7l3G2XZZn2aYSlUxcacW+eEWle0lo07LW6un1Xc/R8t4lxmSxrYLD1X7Fq0VK2jajazS93r0vpskafi7xZqfiGW5WXUCkG5ljXewG0sThmDZZQeQx+U9sHbnkLWKD/VzSM77twfzG2fdHQk98hl54G3jHSlcazCJHjexkZSxdQQmWHzEnJw3AycHPvwMVg3fii1gxE0bgEggqMsgDAEE5OOrAZOT2C4wf1bAZBQw9Pko0acIwilGMYJJJWS0S0V18S+487FZzUr1vaVKkpykrtt838tk23ZavS2nax6UkTSoqR3EsP7v5ZHlILkduoHzDIyeoztI7Z13p8csbqblgxZWYq7lT/sk5yDnGfmPXk5GDxI8d2oEcQWWQGP5FEYyAcgNnGMdyc8EdATg1JfGEEsLwxtOpY7XVlC4PUkSdSRgg5OOnGDXt0MrUZ+7FaWd4pXdlHd2svNrV6XWrv4+IzFzbXM2ttXdv4e17LXfv03tDq+gxx+buYOoJc7JTg7uAoBOWIbOSM5x06Vx0mgWBjkZIHzvDMC5yT32kBRjHcdVA5rT1LUlZF8oMVZV3K8hLMAeSVDZ4JJGTg9uuDky63vhCB2WTIV1AC4K8Ljd1ycgD1Y564r6TC0ZU4fDa6stm9o2cW+XR7W1vZq7SZ5FWbqNvSz6aNte67q9kr7NO/VNamXdabZMGzEQ6jG0uCqKDkD659OwPQ8CnaWdiZMEyqS2Fck7QAenI6ds5x6Ecmm3OpQu4jb7p3bwXCk4ycgjqxI6DsT0HFVxrmmRp5KSjzAVAVkG1SoBxuGCRjqT3HJz17Pea2b21bu3fl20teytJptpK7SVjnum2kuvbXSz93VprXdeeyRpT6dZybiZH3xjapkfcCTwT1IJJBBwA345rMnsLa3iKjC+YQwZWJ3YJwDkjGScnGec47msi58U2yzfIzSbC4MaxsQTyAF45JOMcdDxzxWPP4onuZAItOmJQgAlGCsQCwPIwM+mTwePWtYym781ruSvpdWXKr3fVa6btb3vd4Tbldb2tdWfLpbdpra10t76PTe1dW6PJsaIKcuIyG4GW3ZYA9DgE46c/dzW7pscdtCpVMMCMEEPmRfTBJw2OCQeDjjnPn6avr1zOUj0oqHc7GlVgMAckkjoSMZ5A3DGOleg6ZZayY/MmS1hwqtHGzZ5A6g4JyDgA5zj1oqQdSMoq+u2npd6J2u+21ktba4RbhJaa3tql00a676bWt2k730Wu717gPhSrdEC/INpx8xJ4JHGP8A9RuGVogHeMEycOz7iFyBkrxkg+vqCDknNZsialLN9n/0eNdwEjgFQQc5zgYPOBlScHJIODW5FZRtb7b+f5Y1DIyE7M467hyQDjAJz1Pfjw62EqavXSzutL3UdNXpva+idz1KFdSs1ZNOPmrpx11V+lnddVofkB+3Z4ck8Z6zpen6YxE0EszTNIjBEZsEfMf4RkjGB+ZZq+LPhl8GvEeg+PvC1/d6hbxRw6paTwujAh3Ei7gwY5VeMMcgHOQe1fqX+0JpGnT69dEQT3Cxo5t5ACVaRieTgEn5h1AwM89Ofl3wlp+pXPjDToLuycQQzxpDiML5bFgEwGXOc8/hyeBXmvH1qNKrh2koKMotNXsmk352Svqt363OuWXUqmIp4hJupKUOVa2TTjq3faLvuvwP208B+J9Ms/BMfhd/s6Xep+S73ZlATdFGGJC5yA3JIGe2cgZHsNz43PhfR/CuraZJcaZd2o8iwvLOZ0b7bC2YruMIQ25XUEEcnIBJ3E18tW3w01vSfAWla+ifaXEheefzCFhhZBhAMkBgOwHHU813NxcNffDrw5DO00VzomppczbkMjNayEsWY4JCkAhMsNw4AHIH5nXjlz9rXlWhDlqSSjeMeaSlFWbbSundttXe1mkz9HoyxShToSozlJ0oyV1J+77tla6i00pa3tdn7NfAr9rvwD8fdJtfhP8AtDt4esPGf2KPT9G8balHGsHiDywEh03xDHgJKXASNZn3MBwT1z+df/BWb4X/ABl+L1ho3gn4Xa5baXp/gjS5Iofg/bL/AGNpGsW0Sfu9Y0K4zFaatG8S+bDbqZXYtgYNfKniNtPg1/RPEcnm2NrdabcajbykSROZ4UAickfdAZQQRyABnqFr374U/ti+G9b8OQ+B/wBoO2ufGnhp77+z/Dvie1ZovGPgj94Uhu9PvkAnnt7fKsYi7KVwACRX0WRcSZxkuHxE8qxMoUMSlHEqM2oTpJR68t1fq462dttV+ecW+H/C3FGMwEs6yuji8Vl2IliMDUqwUp4avJQvOmpKzbTV07pbppo/mO8TS6n8N5rvRtd0a+0rxpbmSO5tNUgktLq2YZWQrHKisEBBCMp2uNpVgDXgk7XlzcS3dwZJZZ282SQksVZmY7VJHIOMZ5wByAOn9Xv7V/7Gfhn4h6Ta+KrOzi+N/wAO0tDdQ+O/DdkIfHvhuK4RnRdXtoVM1y9mpO97rMZK7s4w1fhR8UP2OPF3hCDUPEHw71BPiP4YR5We0gjMHibSI1JxFqOmuqyTSw42MbaPG4Hg4r2sDn1LM0qkpWqzablfmi3pe0vvtot/mcOKyJ5RajTpqNGnaMVGKjypJWurRS3Seiulrdb/ABPYWEs4Dyq4DY2rypcE4PzHkn0wemOO9Rz6exlYRgq+794ThlEYPGDypIIHfk465JO5Pcz2Pm2tzFNaX1q0kclpcwtDNCw4IkikAKtkY2uDjHIB5OSk1w28tICWQvnGQGGdpJUHBIJX+dewpc1nzJp66Ws20nfTXS9tr/cec7Ri1ezTeum75Fsknp1un32uct4gaRPkYmVgp2BsYCheSDkHGew2tkdCMmuChjM7SoY8hRubcCQScEAAenU9VyOT0DdfrT3E7SxFNzqC3mEY4Ixxg4ByNwA6gHbyTWLZP5EJWRGDbgu4AHcR3CnnAyeg6hj3yOiM+WKXMr2uvRNX3V7tLTpfezsZ05Qk4tWt1tukrbJ316Pz3dnrRa0uI0WUKqkhgxXJK7ecn5uOBjPHUNk9KoiRCwYkq5wxzyQM4yOMZYdOR1xz3624Uso2ZAkADNxgbsDJ4BwGPIGTt69KyF0nE3lqUl2sCTknC55UYwcbh3B+o6DNzk7t9rbW167W2va66ct9TduF3GL0dnbXRab31tdtr01v0yXDSOzKCEKjplScDnJHUEjoOvA6cVRwVQM67SMqvPXHCkg+ucrxjkcDnPYy2cOVwyqyMm9CMADj5RjqMZyeOO/3gKOo27yESrGUj3hchQCcAnOACNvHB4AA7jpVGrFNJx7Wfyjy6JK9ml3tfZ6N89RXv7yaSWi11vBLaN9bWfVaK29+X80qACC75JzjHHPVTg5yfpx1I63LeaXIYLtYKSXxwFByCw4ONowRwRnJAyaSS32zkghsgDHOPmHXGATn2z1704RmDJyDljkfMxIIBIxySOnTp0ByoI73JNKzSW26eujXVu9tXrdK77GatpyXtolonrLpK6fd9bLWzvvbSQb2f78uCTxwOOgI4+bnvn2qp5nBkZNrg7WY9cD5TgDkBmz2z0zjOasjyhCJD8jBiQASCck4AHJwOg5AB9cYqjJBcToGit7ghpOXWKRlJyOhVc4U4GD16KT0rOMoX5nJJ2Wz3bae/XfrZ8u17swqXdnaN2k7bfh1bV3Z6NNPbRNMpmTygpBUsdwAzgE46ckjJ598Y4rNYGPliylcjB+XfuPULjBIGRkY5zg5xjoG0rUIwJTY3kSbMEmCQA5HXDAZU9+SfQ5HOZNH8uyUsshYhRKrL905AOQpJ546jGOpHG8Kseaykmrd7a2WltX5XttZ9TFwd1rZvv5cum2zd997rXo8tHUkoZCF3E5xtBHbKkKe2c4x0wOQKnZjGCVY9QVYnO5TzsBP3QOnvz6EFjweaA6qAoO0lc8gHaSSeo78n2HUgXfskkiBkTzUQhScYKkcHoSTjueh6jnmtJS5lZtXdku1klZN91bdLpqQ3utb3s2776drWvdLXqWEkA24JMfDHdn7+3Bxwc8c4HY5BGcB8ZyPlI3ZwpwTnnPTA5zkdQCOcAjmpGzKnkiIAklyGB6jPzZIDDg84wMkDJwMuidopVPKKSQMnOSeAMepHTnHXg9spJ20cU9OjttG1tO9+va1tEsfeTva17WVuum1/P59FtrviDNqVVRsDBpCTx3AAAI5HGc5J55yDXV+GPLWNbkCMNDKDuKjcyg8qoPXOcZxx83TIJ421aVztJJLfN5fTdjlSfr6HnBHHGa7HRRc23yiESDaW8tlOUxtzzx2GQOCCeRjkcuIn+7Vrc1tvNpaaLyT017rZHJiaFarTqKOjktLq7T0V9k30bW6WuzZ71BDqd/pDXlpNELKNEWWB/KbKgb2AAycDOWA5bkex841iGHV4ZiskqTLJtSFVJTC8EqqjIBOODuwR6A12ejXFwdInsy7LFMqygQnhOxVnGCvGMqccdRgCuo+Gel6ZqGpi0liFxMZZELvsUrGeWfDEbmUEEHI7Huc+RQxKo3nUu3B3bbbbTtpFJvlWivZWtvsrfneLxc8rqYitiITaoNTk+Zy92y+FWbjG3Rb226v5z1Xw5LAguGlEriMeYpJHl7sKCV5OQMYOB1Ubc1c8N2+biParyEK48obgj4yM5xgcjIYgE8jkjFe+/FDwzBpeoGw05BO0iDc8ibSCCSMHGwnadq4POMj34PQNOf7XawG3WKSUYSQ/IqSI/JJyA2edyjkdwTgD3KGKp1qUXFxSfvK/M9Xa6u01v52d30Po8BnMMxwKxFGUWnHVbvRRfL2XXe+vpc9F8BLfaJfabe3kBW1upPKliRS0xhYgEDdkqAOjADP8J7V9kQ+L/Cl14Sl8M2xWxivXlWeW+UPJFKNxSSEuS/UBcZAU5PODXkFj4Qvk021jvJBi2iS5M0KK0rQu2SoKgEIFJYE9ucDgjQg+F3inVtNfxjYWLXXhrTmdJLyWUK5KscYTOVxwTxls44xzjSzPEUpVfZTdleMlJaK6irOy20d0kktnuj8B46qYHMsTGWMqKm8PiIqE5tRUZJxWzdujdlbfR7F/wC1zxaUunW1+t7Zae7sqhy6Ss77XDxkkIFXJOBnGQvXcNDxjrNhf+ErDRdNFuJLaANNIm5JJWkdS8YPG7aTjJIxgk9hXBLFqiC50qG0WJr5S4mjYrtQfMAxBAYkZGAD156mu08NfDzWzBNcStbTLZ2zzPaOd0mCNyZILE9cnOfp2HymJqTqYhTnKN+ZWVut0ra66Rd+130PjMPh8Fh6yqxqUV7/ADrlhZylJpXabbvom0tHe6vbTzuPwrd3slhb2NteNNsG7akjxgtgEtIAqqeVbOe+CD0Hueg/D6xmsmtrlrqWcRorhcg/aemwHacKoAyTxgDoo55PTvif4k8L3Vtop07T4nlZ4vtDQxuWt3bYqHKnLoSGUjDKRyAADX1l8ItPtNZumlvzLO95NFE1smGkHnOG3qFHAJAOMcgHGcEH7jIcBjMc6VPDp3qyjyuLsmpcr10drK/Ltfp3S4nz+WW5dUxM6ihD2d42laMkop9W3tdrfWySTWvjw+EOuTWourfT/tC2pIWNSxZIsAoWYZToQSc4OOleS+LPD1xHcRwTQySXUJeJrcgukZXAxnnBwCByRnpu6V/Vz+z3/wAE0/ip8bPh9c+JdA0/TvCekiyZLW61+1kgl1ZBCXRrYMq71YbQZNuCTkEjGfxx/aN+Ad58D/iZqHh7xTp1qdT0u7uRO1u2+Cd43IMvz5XYQCYwxKn+IdK/TaXBWOoRlXdSniFRUXXhCSnOgpJNOsndwbUXbntrfS5+Y5JxlmH1jCVMdl+JwlHH1LZdiMTScYYuMHH3qU56yjy8r1WqtKKsfHf7LHwB8X/H34ij4UeELGN/EF14c1zXI7W6id42i0q0muZVC4+WYJHti3AEk55bOPm3xN4fuPCuvXml3aSWmpaTqN3p2pWzjbJa3VvcPDLGyAfIFKMcNyOnoR9z/s//ALVN9+yx+0t4b+OPha1gjvdEnksdSspkWW1u/D94DZ6tEIDlXkNtK8g+XlwB1Oa0v2zPgv4f17x4Pj78KfFGneIvhh+0Bq114l8PSM0dveafr1xKsniLQZ7QFZIP7OvpWijLqqupyOABX1mTYRT9lSp0ad6E4TlJOKm1zxu3F6vlVpKzaSbul1/oTL+TE4T29fmjOpT1jdOPJGMbNW95N3bdte1z9fP+DfTRdN8b/HGfT9X1yWxGjeFbu9glt7tLVppg8f7pgzBpgmW3ooyPlz1DV8wf8Fq4tAsf2xPibY6Hqtzq7LDaMbh2bekpB8yJWBBYBxjIOSSCG5OPTf8AghzP8DfAv7T8dj8YvFV54Sg0rwzqD2OoG9kstNutXl2COxuZkcBonUtjeSpbjI5I5L/gtN8GvCvgr9q+XUvAXju18e6V8UdPi8XWVxYXsV6mjJOGddOmnR5dwHJUFtyjAI5r94y3PoYfiTEQ+t1lUxHCWFwdKl7GSwvPTrp1eTEpWeIjGMOanJxSi+ren5vT4Kw3soY6lCiqdLiPE46cvbr6zJV6MKUV7G9uS7k+dK7attv+Tv7O2seNvCvxS8JeL/B3hWXxf4l8PXr39jon2d71pzCrFpZLeJHdVUDPmFcAjryK9N+IfxI8TfGH4la/48+IVnDY+IpZFtJtMUSRmxjgd1g05opNqo1oQwIKjjAIIrH/AGe/ir4t+EHxFvb/AMEPpqeIr3RdX8P3DajCrw28V9EYzJBK4JjuVRSVZcFTgEjdUFl4e1PUNSu9V1e6+16jdald3d5KXLtPc3EzSSTsxO4rubA5+YA84r8p4nzStUxFSlBuUVJpuLT5ndat20VldK+t3por/pFTBYTDYWNZ6VHCMYt6tr3U9b79L6tq6va4620x5JGMcAWMSZ4UBnB4zuHB444+7gdgVHb2GmSRtGfIBkxsIcZUoR2xz0IIOeOQavWto0USpzuGFbCAKMBVycEnIPHAGBwMnFdhp1vH5quCxXaC7EANg4BVfQcckf8AAiMsa+GlNqLUtn+lnZp6au3Zu732Xw+ZZhGlN++kmpJ2dl7tvk7WtbV9LWuM0rSZCcSqWVsKg24IAznOCCFAPGd3uDkrXZDTTBH8m5mI2FQFLbdo6dSAD1xgE9xwatWMXmTbw5HymMLgZJKqQfXkqFwc4wexFY3jPx/p3w/OkRXsC3Fxq0ogjtwPnRR9+QFucAHAIxycEnivMxeLo4SnKrWfJBaptLRq17JPp1XkrdD5DC08XmeZQwuDjKtVquSUI3elk7f9u23vpazZuQwRqHjmHlR2yhp5mChkifgBg3JJPyqPyFdFp3hu4liOrIubDLR2hlJEryKN4AQ/OqMeQNoGOcH5gPh74l/F68bX4L7TRcnT77ULKzht4JWU4tZFkuDcIDggA4IOeM44Y5+i7D41X+t2YtbBhIyfZwwjCeVZRRwosjSAH5WCgg7iMtxnoT8lHinC1pypxklCMrKVtJarbe212vN3trb76twLmWCwdKtWpydWtdyjZt017tm9HrJK77eetvUfBEd14/8Ain4c+GWiW4utb1e8+yeXhnQzHHRV6BA2XOAAD2rgP2g/iB4c+BXj3U/AHiuWWPU9O1FbLU4reIMLZ1AyqsykbT/COccZzgV9j/8ABHCDwV4j/bz0nVPGuuabYRWWm6/e+H31mSKO2vtW+yuiQq0xCOyH5lxyN3fhj8Of8FYJvCWt/tufGG78Ny2Gu2F1qfkAWSxvbW+qxxhJ1h2khj5isCUx8uNoyQK5s2z6nhMJCph6qdSUk7y1hq1pZO+iSutlfR7X+x4U8NYZk6eIzCUoU25QdOPxrljTam3ZtRbb6ap62OO8OeMrDxhrrTac1zJDJEs2jQyx4EsIYfvCME5GORxjgggDFdfd+LNEsfEEXhzULyOLW5Y1uBaPiLap2hcseOTjODg9Oc5rxb9kjwjq8/xAN54pup9P0Ox014tOFwrQQibaz7I2lUbwADgJ33EDLE1zvxVvtK8W/HyKVrh4bGHVbfSo5LQ+W0q2zBMtIpQeW2MEsc8k4Brko8WxeHwzjKNSpKpyzg5a2Tin3avzK0ldWs/I7MV4cRlmuOw9Oc/qNKhKrRcEnzSSh7snfRN7vS623Z9ZNcWaybgoEqkq27lX4IwCoA2nHBPXHUAmnz6jBDA8l/drbWsSZ3g4iQEjPzFsAgZAT5SMFjhcilk07T4FWOCdRBGojEjsrqU8tdwV+dzEg5IJ4C+lfLnx++IFnomj2vh6G+SP+0J8XUkJPmRRKxYKcHPI4AzgYB5VTn6DGZvTw+DVa8XKUU1G+nNo9120bbWv2d7rzOGeD6mPzSOCfNCEKlpyd9IqSV302XfVr5nS+I/GsZuL630ZI7zypF8m9wGZpiRsxt3EIM8sSE6hsggHm/H/AI9bwb4XtLrWJrWbVrpftNxboA8Qi++gUICd5AG4k7Rnt0r5v0D4uad4O03Ugtsbue+cxxPKwkIhUfLJFuyUJKYBG0bgvbJrxnxl8RJfEk8k0km6GdGjlS4kDqEIxHBFt4UkEE4xhi3JzX59ic6x2NnJKVRRvbRtNap/Ds19m71Ufkf0nl/BeWZfTpQjTVR2V+ePxv3bSaa5W10btp95seJfjY+u3LanJMxtSGii0/BMELOrAN8xwdu4hiOMAEgGtz4dfE8WSJpa7NPSeSWe5naP93KzbiiPG+CoOSARx6AEc/PuoeHrdIbZLvULe3RyLqJLdl/cqTvUTE4bJzjBzz6Z5tWCC8aaXTmWZIPJjuZ5TswBnAUAHBZhjcMYBPJGQfLqUYVIynUT5pWvJp3b9176O+iu09bu9j6KGG+rqMYcqgoJOEdEo2Tsr3d9LPZ9kfbGgabY69pV3rX9o/abq3neS6svPEcUNrvAWSOPcDtUH7q5AwD6kdv4Y8MDX9Vhjsr+aeytiJ5ZpgwRsnLQqx6lcEDkk8n1I8++EHhy8utQsbvVtCuF0a8jigWO3Yr9ufAxuxtyhKgEZIbOckncPsb7Z4Q8FWUn2tLbTdjF002Iq1xJkALGQuWBPXBHXdjsK+l4awtaj/tEptQv7qk2o2fLJabeSV7Xvbs/CzLFpKWHoxVSqrRas/db5bX01lay1as11O00awWztYY4EiSKLBWR3HyoAA7MWOAuRkZ9c4B5rm/EnxS8N+FRLbwSJrGpLlPItzujiY5ABcHb6HgknnKgdfAPGfxV1XWS1jpBfStN5CpG22eZVOAZGUhkBDZ3AjnIyCK8illkkLEBy7kyFy+S5YcuWyGbJ4JOcc5IHFfcRU5tPe/dtJ35bX0u97O97PsfMxwM7c9SDu3s2m+j1t2vqlbT0PXPEHxQ8U+Iy0RvTYWYyUtbUmMBTyVaQKCSASD83OePflEDO5mMhmDfflclmLncc73JBORgA8Bj83BXPNWcrSJ5bo7MxGcqRhVxyMZ4HGMYz0IzXZafHAYWRJWBZgQmzhpOvOQAMc4PYZJHp6dCk0o3tFd/s68uul7K3nu9boyq0ZxjL3Uo2TSe2ll3d1bV6vWxZtlkjkXeGfIxtOCm3IJIb7pbBU8EdNpORx0NpDLMElWNYUjYgMQ2HXkZIILZwe2D046msuytLueRgyhlUfdB+XG4gEEE8YP4nORnNejaVpDm2WKVpCZCHChRwOSQ552jgdcHoDnv7GDoXaeslZ6LW7vHl3u+t79VfdI45RtFpX5tb2SutVtdPZNdbb6syodOeYMVX58nAIYptAGMY6Hkls4PIGcVm6hY3ccRTaFG8udqkE7WAxwBkfwttPcE4BwPZdK0OVVXZG6nlkLLwADyFZlzhsAAnqMZzzmv4g0d7dxLIFt4o4gW38BWbIBbHXPA9MkckcV7tOlK6Uk9bJeW1mnrpe60d1bZuxwV26VOUnUsoxvKXS1ot3e1rd9tb2ueKxQSRJv5I+UEFcZfglhnOcA4wSeuQeABr6XoF9q15Dp2n2VxqV5eSKkFjZ27z3d1OzAJFBDErPIdxBBQYzgkZNfoh+zn/wAE4fj3+0p4Um8a+HtF/wCEa8FxyyRp4g8QRtbxajKuSpsYWAmlhYgATqDHlh8xPNfpv/wTf/Zn+Efwy+L3jOLxylt4p+Knw3fZJG0Ed7pvh6zkVolv1jw8ZlkdWIMo3xLh1IPNdccucoylzRfKvhUk237t1tvdrpolfVn4pxV4xZHkLxGHo1vruMoRTlSpN8kHJpXqVvgjGMrczbbTvc+E/gD/AMEc/wBo74zaHB4w8Tx2nwo8I+WkwuNeRptVuoXG4NFYofPgcKwGJkJGMkYLGvr7w1/wSQ/Yr0fWpvCfxE/aO1HxB4xitPtl9bafJaW1hpoRR/o9077WiJc7FR2DbuxAr9Ufjb+0qPDOt67ofgvxOmp6Ppvhi4urWz0We2v9R1jxHOksdrp1pZRl3dI58RyIinYFIIAAWv5lfiD8T/iDrHifxbZx2kun+KPE16LfWYIRJJrs97dX5MVpAiAyLON4Roo+hO3k5z6uGyNRp08RjHJQqOm4U6UVdKXK05ymnrs7dVZWWiP5dz3x74tz3G4jL8llTwkKMJvEVJOVoOLSi6M6VVNxktpyfS6S0t+iHx8/YG/ZY/Zy8O6T478Eald31laRpc61pDSQ6u1+HwllfC5TzFhgmkCu0If5wdvUV9u/sgftU/szfGT4F6tN8VfDHwv8Az/DmeHQYtP1Dw/p0Goa/DalVs762D26z3BmVFNwI1JZnY4xXmcF98Hv2dP2Iv8AhHvjneXHi7x9r9tbzTaHqizNrEt9d2iz6dplnPPl1i09XjmuIixAZGUjdXyP/wAE9NL+H3xH1jxTcaT8DfEPxi+IFtql7c+H7S9EVv4R8LwjeyPrEh220gh+VUjlzKwX5Rmvdjg8qqYRxlBxhQrP94/Z0pzUOSU5qTVlF3cG3oo63TSPhsNxtxZi5Ovi8wxGMr1KcVSlCtXxeHpSmpRlh6sFL2nt4SjGqoQvNSlCDT95H6Z+EPhf+y/8e9e17xD4s+GPwrg0O9S6tfCVtZXT6DqGreTuCTCIPCgklVQyJj+8vPGfGfgp+xH+y34v/aG8deG7zw/4h8T+BbKygGnW16Gg0bw54h37ZdKN7CEkuwE3GIrIymMbi3Sv0X8FfCb4eRWNv8RP2hv+EF0HxJ4QtmuNI8N+Hok0/QvD8aIQI5FgEbXt6WAj2ssiswyo9fjz4kXP7Vd18N/jX8afhtY6X4F8Oy6tFY+A/DumaX5WueItMjYIfENrEIg8kzxfOrNmQoWK5UHHG45bXqYuFCEqEFClhqOJqRl7BV5yilGhKUYuvU5VeUoKMW+tt/Zw/EXF2X4bBVMTmLxU66q4qeCVVPExwsHT56uNhTlL6lFNuCUnz66+9dHS+Ov+CdP/AATu1TxCfCMHi6T4YeOppjBa2+ma6jO9ztJVI4b+RkJLL90FRn5csRivzO/as/4Jr/Fz9nWxn8WeCNVPxi8DzSzSK+i2vmeItGslYss2oWcas86CMB2ktl8tFDDkcV494d8Y/HH48+PPh54G0dLTUvidb69eRahq2qQyWmpWd9ueQz6ncOieWkOMBJCvzgKo5BP6Z/Ef/gpt4Z/ZMvtD+GHi7wlJ4y+JnhTQI9L8VyQ3a3elz3c0S28st7vd4nicsS8PJ8skEZbNceaZTgsDgninjpuy5KlLFqnSTklZTotKMrScVaNp2Vk7o+o4T8S+LI53h8vxOBoVKdZudJ4GpXxUHRjUi+SvedSEJOKbjUcqS0aS6P8AAybxZoGkaZNdatdiG5TdFJYuMXQnQlXhaPAdGDAqUIDKcgjOcfKvjn4gan4tmmjjzY6VEVSCxRiu9RwHlIOTngsOQGJz2r77f9lj4jfth6t8XPjx4MXwr4U+1apq/ibS/Asl5DYf23YQrNc3c2h27vHHDHb4YPvTBKkAcc/m7d2VxBdXcFwojubCeS3vEBjO24gcpKqsDtYCQHDDIyCcHdivzeu4VZtUpQktLSTTaTSd/wAevey2sf3BwxmNHMMHRr05L2jgva02/epTtHmhZWvyty95X6tbHLDG7cWZTEoCqAAGPQ4yCeMn3579qU0YIDbFMLuS4BAbLHjcMjbzzwOQARg4relRPODkOSeMD+Jh0PzBcKGXnGPvDOADVG5iETjy03BmJK4VhleMuR9O7DgjBxkVyOHIlflu1qr33UV6Xd7pdbXfQ+p5pcyb1SaaSd9Lxtr6Xu108zCa22PuRlBY+7BVOcGQ/NggE8Lg8ljnjOVJbsjKmC5LFWODhwc4J45xzjoAM+nHTyIq7mbCCRCzYII46A9+MDAGMDGOgFZTOGbeXKh920EbipUYycYwT0OOB68HMWWml+t9Ov3baaW7W206oSfuy10u+nZXcdbX62fbW5kyRvv2sMFV2qNhOCDwTgY5JwCQRyBxnFX7aMbjJgB9uCWyA2SAwGRkAfeyO4/Cnbiwk8v94qrhwww2QOny8gtzyOvPHHMglcIpUIxAIHykbBwec8D2J/HkYFpyX6300dk3ou219nay2a66SlLWclytppNPZWaatom92rdN09D9Ev2M/GmmyadrnwwvZEiubq4bVtJ3uEW5dgBcQqWxllUAjHIJyAccfYNz4XuYZppIE2YcF4ZA0mAox1xtxuB5HfPGc1+IGja3quhala6lpd9PY6hZTJcW97bl0eGRDuUbgMOuV+YE4IypGa/TX4Q/taaH4ls7XQvHkw0XXEiWAau6j7JqbY2iWYsMI54DEkAMxJ5JA5MRTnKacbu9+a72Xuq3dtt6ra+utj0I1OSDtK8YpJq1nf3V7197u90te601+gV0eRQDOpWZ1LEow2x7QNrYPy9geB26GmC1vsJGRmISEDgMdgxliy9c54OR1wc4wOij1Gyv4Yns5Yru0uMeXdQPHJGYWPXcuQQ2Wx14564xZRY/mSKY/uUPTaS2eQo55ySD68gdADXlzTUv02/l0tbV9utt97mkaknBWckmldPR9LX26rTTtuZcNk8aRgRgOzZXKhsKSOR1PTk8Z2nngio5LSRTKCpIyFJYZx2OMdsYxx7DBFakd8YpSkivjChFKhSh4xgY6YHQZG3nFQXN6m4OzYbzBwAChGBknGMYxx6dRjoZtNPvsrXSeqjfS/V30fRLY2UpxStJpNq7Tt2TT1Vru+60t0V7c9daV50UYkAWM7sAKBgjjJGPpx3J5IA44vUtKjs4jK7kBVbKgECPGcFlwOvB+6CMdOhPol1qEJVEMm35idwOAWBJAz3BYZxzkdQcgV5z4t1dJbS4RXAypQkBQ5AAUnJyDuG4cKMDAHWmpOMmuqUbXtfaLd7ea3vrrZuzCpWdr8ztaNtddIxvZpu6b7Nb+Z5VrWs7QbdCCpDeZIfvA8hBuPQEHGAc9O5FeW+IL2OO1nmcniL9829lJYcoOT8ox6AEd8/erR1263OwViCCowTztB+82PXjGBjAAUc8ebeJJZpbedGLNGSu8HcBtwMMBnpk4ABY8jqa0k5tb6tPazSvbbR3v111erejOSjWftLzu7vZ+8k+r2b1Vkr3Td9lovzf+Pk2s2PjW5vWklXR75YJGkUM8LOrjbC+ByWGT15HfFZOr6hp95ocltIbcS31vBGsGQ7oWQfvNwOFX5iwHQfgTX1d4z8L2viFJbe8tluLYKJEEo+ZGQcFMAt2wCQoA57HPjGoeB9H095JLfS2Z/spVt+7EZAP3QQVycBRgAggDKjNeBVwlRVakU1abtZtNK9tl3vtpvr5P08RTjL2dRacvZ2drb9uV9eqWm2p6P8A8E5fgto/xR+Mvi7wl4kkn/sq18OtMEgBjHnFgqy+aB8u0DBweSwH3TX6o+Pv2CNISyuh4U1CbT5rJQkVyV8wzq2fl3sxXIGBuUc/Nz3r4p/4JnXNnpP7SeqWGoZtP7a8LvbWsO9Y3nlWQMI2XK7nwMgA8gevX+iu40pWVklAltvJCpBwDuwQu4HkMAS3Occntk/NZrgaUaz9rG8+VON27aWstFok/LV6O62/mPxF4vzbAcV+xw1SUMOqdFpXfLJNJSsr2T5ou9la6e6sfyaftM/D/wAVfAnUn0u/1G4vReIfJlaeVraaObPmKYsso2tjggAHqegr4F1PxA1srsWjhkMjPMRgpJvJ56nPvngkZJ7V/Rh/wUm+Dg1jRINc0+CMrBaywsZY92LjBIRX5KkL7jIyMdx/Ml440m/0fUpoWDNLGCpjzlAVzkKM4wTwPl6jIPr8T9XhUxSpSutXJa9E07K3L5atppeh+y8C5pHOsro4iTgq9lCbVuZtON3ok7PfdPZW6GPq+uTyGVt4Ec52gJtJQZ6kjBJJwAOPlzxuGayrOWRgAqBwqq+4A/MR/COeQe2P15I4641KWKYWs8IbcwYbckhs4Vc5GQMkdeinr8ue7SYQ2sMoQpLImDGcfKpBweqlSeDyRg85JzXvrDqhGEUo/Cmne7aai3Zu/e7f46M+1r4WSjabbctFq29XF3XN+XmtL2KRvboTuCpjTggcKFJbGBno2BkDAPP3eDnQGqX8YKxnmUDDDmRW4yWAAwAByPbPOQKyWcSOUUl5OS28gKpxnJwecdOOR+dKjXLzCRnChF4JGMgHG3GME44B7kc5zzTw0JpS5U091ZbNQd3dJK6aen3aWOOWD5YLdpvR62bbXS3e+nnfe19WHU5ZcRyEbOdzbSGcAfxdyc559OhB5q5BJFsfcfLcneHLFUKcYUAdSMjdxgYPfBrBhVjudZULsGMmQRwueFGTwQAePYd6rK7iTcZUZRuKq7H5gCMuOowc9O2SCQQFNxwtG1mlpbot/dVrK2vdLfqnsEMO7qylq0ujV0o6J6dFrqrK92b0+qSW6tKlwAiIfKi4YNkcyZO5hnHbODgngcdB4L8XXguIYp9zoZRIgAZRnOXLMNvAHJydxAOMZOPM7rUbYENP98AohAwgUjAO3rznAONuCMEA5rQ0W9t9OVyZlWSUOw2NuYKd2UQkkKcHaDwOeSA3DxOCoVcNOCim5LlSsnZtWldNdkuie7WmpzZjlEMbgq9CtFyU4ygub3rOUVq7389no0ftL+yf8bn8B+OdE1PTtSMc11bi2kZ2WOI71CFt5G5XTna6/MTzkgV/Yn+wR+zl8DPD3gkftU/FXxXo13D4z03U7dPt06faY7q7jdGvLpZW8p7lsiGNcAMoBOADn/PN+FviwJfWJmmeGXzAsBLnEKAg7+NpzjnPr68V+lWuftrfFa68CaL8ONN8Y6kfDOiRI0OkQ3E0UDzxAKH8uNlBQHJLMrE5HuT+DcWUuMsuzKlLhqrhpwnOa9lipzdGi2klU9lBxcpJ3koaJtatan84UuF8t4R4kxWMeVrMVXpzjSjUdqUKsmlzShJLRLVWi9UmtGN/4KfaPF4c/aK+Iz6NfC58O6n4mu7vw2ivDLG2nSSFojmDKKr5GAMKRkYJr4c8LeLNRtNMvZTFGlu6PGLcoXRzs2khcADABJIC4yM7RyNf4l+MNV8a6tb33iO/mvGaEoFmlkkdX5H35DkkHjOQFzg561y832a30yQIzRsIwI4s5OCT82MklmHfkDqBX6XwvPGUcHgYZhNVMWox9vUi7KVS0eaSi22rtu0W1bRLufb4OpF4OmnRjRdSbnyU1pGLaaXS6Sei0slqinpxl1G+iuriRVLPmSNQBgb8Ac57cEgsM5wOhH6t/wDBLuLd+1b8Lo2uSiDxFE8SrjcNoBwSMHjHPGOG4zmvzE8E2kd6ZriREAGI1LNnacAHOAvsNvOSSMjoP1T/AOCX0FhZftWfDGW6haSOPxAEDITuDt8q4HRVXgkk465xgmv7X8HKl8bhZ2TnUp1LKTd3FUrJpJ3d7apdex+LeMmNhLJsdSm7Rp0ormeqS5qfvSctr/aau0m7aJH70f8ABeNjHoPwPDz73+waiwXGCAVbkYGe3Knrj35/jm+IWpPHfOI5Qsu+RQxX5dqyYwx6AkHOCQcEE4AFf2L/APBfaW2/sD4EuiESnTNRBdTkMmCQ24cAqM9+uT3r+M74g7ZL+YKcl7hyFJxkE8ZY8kA85zyOBj5cfX8c1qc+EMpoyik7YlyXV/7TO11e3rbVJXtc+D8M6VOpxNmcpcsouph1GS1jb6vQTs97eXXXU8Qvtfv49TlkbJQbl2qAoZQWHoRgEjJBJyWHY0jeIJ1mhVndiw37GO9VwMKFAyo+udxIIJAFZ2qxtLdeWSVk3vHtJBGMkjoMHAwCMdBk7vmNVGhMGZZYgWiVRGAMMR3YnOSDjdt9MYIzmv4+zzC4edSouWN5SaTfK3e6dtb3v2tbo9T+ysJlmCq0KK9mnPki3ZJ6+5+rTV7Pvqj0G68VSw2IwA4VUChsEh+MIB1bryG/A7Sc87D4qNzNDJOhhhSQiVvuruJLAYYYAJ5IA4BCknNeeapfToMB/wDW72CksFjIBAbJPVVH8R4PTI4rh7vVb+ZDDJOTHEwwuSpcjGTxjIJ6cnPU5FfOYfhqhNSnKN3K8lts0k7WV1200sfTYHh6n7NSjBxTalpbRpx1SSuml5J3bvdq59Tx+K18hInVJ0mDRxt8vCA8AHlh27Zx8uQtc3dwW+qmZJpFRjkQkHCxI3JDHk5AABxyMngjOPE9C1q7tJ/NeQS+RgxRSNng53DaeT7YHHHqBXo1t4rtLSG5nuLMvJcQMwXDbUyOGUHjDYBIGcbcD0rm/wBX44SvB0HyylJN6+aVu9r3Ts9FdPRnoQyuWGrJxu05J26RV49Vbqk7vXZHnPiXSo9LviI5z5Y3CTJwSFwfk9QQeOpGCMnIziLeS20Ra2mYfKGJyQcZOQQOT6AnI9c8VV1TWTd3Ek8pd2DyFUbJVATkBgDjB6gDIHQ4zVP7WnlLGoBa4GCQcYGOQcZwGBxn5QOe/T62jhp+ySkk7RSbemyi0r9W/ut16H02HTjSgm1sk9Fray3to73T07K2iO40/wATQ2EUMZuHNw5RiSN6kkEgnqQBnkEgcCunvPEN1e20jW8ZjVoVYTOCpkxkYTBGe5wuQQa8ssrBruZXEWLRNokbgZ552nOc8ANgdCCOvPU3urJGLa0jzHFAnlptIGzgdCOWZhljnd1Y8ciuWrQp86SUZNW9LKzV3bXrZ6bO6VtdJSUHZa6JOK305VZq129b6tK1vU6+0t9S+xLK0guJJQqogCMw3442nLAH165z2JxeFh9lhhaaCVZxlyVVWDED5gvBC/jxznPGKo+GtUigecs7PIQgRMK2Uxgtxna3QhvlB565GO0aeOdFRXV94bzfM25wRgxgnAHykgA9MDoCAvmV6lSjVcHFJWTsnfRpO/rur7W0vG+mkW7bLR2slfVyWrv1lvq1ZdT3r9lGfPxb8HgORHdeINNEsTAcKZhnPcFsDO0A5PHINfsT/wAFBLHzrDwfHZIPMOiFYQi7pMmPA4Uc5PBPHYkdK/HH9nCS3s/jH4Igg2jzdc012UHBZVlQthiQQQfmIzt6DjBNfsR+2p4tutI1/wABXFslpcRt4eO2O4TepjRSHYgqw3MCOnvzlTj0MtzGFPESg2ozVN8qe9/d2Xo9dGr7LqezhMDGeClW5VZVEpSUdE3y3fdXfndNvZ3a/Fi80bWdJ1WWbUdIurQI8bG4eB41kViSNrEBWVz94jJxgHBANfdf7NN3eSXFzdwxNHbwaLMJNq4yPny5zwGXPLdQeTnIxl6b8Xvhrrmq3Np8TtEuP7CgsZIEOnRxlY7lYz5EyNw7Msm07chTj8T2H7OGp6RDD8QrrTbs3FglrcjR7eVAs62TyymFH4GHEZAPI6dc8j38qx6WIarRkm56z0cfsa/Z0b0tZPqcWa4GlWwbjSqwle2iSUk1yvmaurp7JNX3bR+rP/BFHVLhP+Ci/geBiUE1n4iQYOMq9oSqnkZ3Bj1PHHcgj9dv+DlnTEm+Hn7Nkki7Wt/GWqZk/u5s88cEhuMnIwSAO1fhD/wSq+I2gfCr9vr4V+M/FmoDSvD1xf3tldajOyR2tsb6HylMrsQAgJ2k7sAAFh6/tj/wcafFvwJ498Afs/6b4Q8S6R4guo9av9al/sm6juUt9Oki8qOabynbZvZRy3fkHk16GbYzDznCUZ+97O29k3daW63u/Jau63Pn8uwNShU5ZJuMZxlZJpWtre6VrJP8Nd2fypDRwUXV4LpTbWl+xu55B8ySpyu1AN8hBHy7fl9+a/b/APZo/wCCo37Wfwu8NeEbvStf0XV/BGix2PhC2sLmKNIJLdJo44zeRw4e3Ij2r58gCkZLMDwPlX/gmt4N+D/xO+N6/DL40+HJfEXhrxNp97BpUNgkz3I1h4WdbphCNyxRq4O48LjPHa5+0r+zJ8NvhB+1tq37Mfw3+IepavpWuW9o+kaaZxDHpmt6u6yQ2OoyRsBmzeVUAOJCigZBJrmynOo0Z+ynCNRJczhUjGdOSstGm303kr9z8i8S+MqOR18bhqkquHWHpRq+3UnH2bnFawas0l8Tk7x9Hv8A0sfEz9pP9mn45+EY/BP7W3wX07VNRvfD1lrsGraHBBqczQ3Vmk0l5Y6hapLeRrbRsZGDyeWhGGB+6v8APR43/wCCfVj8UvFnirXP2WPEj3PgW3v2OjaF4liCXYjll3LBHcNsRlUMFB3FgBg4Y8fQfwE+FX7Xnwfi+NWsa7D4T8afDvwV4DuvD13qOpaisl9pkBtmiZdKivWa7hnZz5ecbDGBsyGGfbv2b7zxX4R0Hwro2ladcaXH4i8Lap4tvoNQeGOfyUle6+02V3KwXy4oQWQKx+UAAdBXRnPEtKjl1R5d+5xUKkdFWfs9YqU5Rg21GOysnu9rH594d8b085x1KWa47C4rLaqcVPlhF2vpKpUaSlNNOLa3a3bSv8DeBbX9sP8AYU8VQXWmeKPGHwzeFkkby7i4vvCl8FYExyW7SPZFZtu1tq5C5Gepr9wv2Yv+C7MdzHa+F/2nfAsM0OUspvHvhRWksp1JCNc6lYOGJJUl3EaKuc+gI734b3HhP46+CUTxUNH+IOnXswsPsN2tpdT2jgFZQzYYxOrfdK4YEdQa+D/2kP8AgmRefbtT1r4HahFozFri+fwhdPmB0iieWSOKRjtUHHyKT94AYPSvnKfHU1ShTzPDUcS4JP20LqrFqyupxak/Ju+vTQ/oB8BQry/tDIcfKhRrR5vq6lGthaiai1zUpc1N3TvzJXaurbt/urB4N/4J6ftg3em/ETwLr3g628ZRMlxb6z4Xvrfw94nhlJEqi6sI2hlnn8zbvMsTEkEHIAr8Bf2/9Y8Y+H/2lb74WfGj4qap4s+E3guKPXvDGg29u7T3tuiGW2imA3QNeJiNZSwKFQRmvw11bxn4/wDhjrviHT7LVNb8JeJdM1WeyN1oeoXNhKl3aSkFWltpEwA6HBzggYySSTQg/ao8fWt3q3iDxhq9z4x1vWrD+xbi98T3Mur30cB+TzYpbhpXik25CspU9B0Jz8bx3xlgs3yCpluGxGNUpTUnFTi4qOicb2u09N7LRWVz85zrwtoYvFVa88ry7C4iqv8AaMXgYTw9TERsrqrTg3Dm5mmna7vvazXqPxy+Iej/ABPM+t6HoGm6PFp0wGnxpZ29vfXMFmWjjnuGWNULKANwUZZmOfb5nvPiDqutadqHhx7iC5SaykAlu40aS3nZTujtJSBtdmA6EA46ZBxw/jzx3d3+m3clgrWdu7ALboT5waUkyyAj51TJJAIAAz0Hyn5+j1vVhcJaxXe0mWKQEMWeHg7pC2d3c7vmYEgsdxFfzVleRVqkq9SnOtJxr80FVlaUZbzt72ib+zorO/TT6TIOGIZPGhTpKahSjBKbdnzWTl9q9npZ6vRvXc5i7un0DWJrfXZprS/ZplhMu2TdEX/d7CBuQsDw2RwODwcsuvGniicrb25e5sExAkUcTYlPQucAchTg8ZHzde83jRdO1i6E95HLczWqxI13bszvIApY8DJHzDnrhSeoxjH8PTalKC0BMdnC8kMCkp55mOfmwwyVPRgcHOBgFcD9Mw2XwrUKbrUo+0pxhCUX7y+FXlLTTmaf4Wd7s/SqUpxUNktnZu9rJe9sld6p6t6W03kS/v7O8WfUpmSzjQmRVk8wK8mSQ+8Y3ryCMAjtyKw7tRrGoSRaOSbSdkja3kLKoB5MrDjj7zAk85BwQCK5jW9bkuV1G0uQ1mkFyWeVct5kqnBDjkfMMDpg5GMAV7D8PdLN3orn+zw91dbblLyVSsS20CkojOANskm35VySc8g4yfVrYbCZfh/awoRlUlyxSUdE5JQ5uRrmsv5Xo00+ho5x5LufvN3i1d22W27itfdkn8rXOf8AEug2tlpdrY2VpNb3axR3JYyO0c0wDB8ITnBwQFwM/LxzkxWmlagngx47pZTfGcFIzuTy95Pl4QhQQ2doBBB70ukW/iLxfr+pLGfPGn3S+XCjMVgihcAhgeCOOAcEnaOa9O8U3cNiltaX0DebIiEPjy9s8KrgMBwFyMjkfe5OOnzWZ46WGnhcLSjCVabjWlSdm4tyjZaN6NpW06bK+vDWlZKnqm/e96NrK8UrW0d7K135WSR8yeH/AA7qelaxY654o0+Z7OK+ZdkqOHZ2wFYlhtKHIwQME8E56fWL/FO607Qp9Mj+xw6bPHJEZWWPFtCyfIIwACJQuckDGQOhFc3rnizRNe8MQ2mqhYhauERoxGZSU47YJGBlQAMHlvU+dQeH9K8T6Vd2dlrUFr5yyJbxSSHfJOu7Ekob7sZwoIXHJB9258TGWeOhVzLDToxw9SnHkSmqSuklNJcqvfV6a6XurXxpNzmvaJu3Lqk0tbe8ldW1W6+/a3mmqahpU9xdl7yWYrIzxDLbZiSSCMFTnJ2g44+U+ua2li9u9Tt5GM6W0iBFXBXyFI+UnIzkgjBJ5yDhR1861Zb3w/rr6dcNDN/Zz+U84IK5yOVI4fgDG7gjkc8n0DQry71tiLUtNPEqhzBkRhFBKsMYYleN2OgzjgV9viMshhsDBUakPZSjH32krR5VytO17Wb2v3O6VCKaslyNpJtW6Reut2rX/mTTuttfRm1qw0TzbC+U28a4lV/ld5nKkISR93JKkKRwQQMAEVz2mTyak15ci8C2wbOXkz8hO4LEMlRIB1zwT0ySKoWei3OttdDVW3SLLtjnlYxqqxluCxIYtjPLBh0U8iu7TTrGztodJs7BWDbJJpAQ+18AM7McjEnJ6nBOCCOB8jiqeDwkElP2teom6jSclFWV9Enq9o3f63HT5LNRWl1fpqktlzXbjrzaXTTV9yrq7QT6WJrG6Wa5sFUW8ZDGdA6YLNzk88gEABsY6sa8V8WeGpTYW2sTXLZfzftUFwzLK+eVlClxtUkBR04O3pzX1HaeD9FS7tHKzWskvlPPk74QiheNwyp35yVbgZwxzkV5p8eogZYDpaQGzjt0EkwURq+3hECqvUMoO4DG4HPZR28MZzh5Zhh8DSTaqNc0p7KKS91eb5Wn57rqT9uL01erW9mktt9UtvubZ4n4U8RT2clla2M8sYjlIYM2UjI+UMFPJUg5JxuGDnJzXvOp6l/amk2+ouIWe2VYhH8jCaRQFeQYxhjgkrnJGCeK+SLeae0uIrgRN5gLMQuQpZmJB4ztyONuMFTuyBivbfC9/dgQR30BME0iusQVjuXBwyoQckggZxxz9K+2zzAQhOli4ShemozSbaSUeVxbWqv01627HZQklUirK942lNvTlUeV2aV2tW00rv0u92x13U9MnadGykrAqilgWIJYBerKRjJGBz26Z+mfAnjvxTqVqlpDfy6TLZvFdxX6ytDc27qQU8pvlb92M4O4Y+hFeETQJcXSj7GUitwJI2K+WTGeVyuQpC56ru5JPIJNd/paTwos9oSsZjUXLkMxY44j54Xvgr1U7s8nPlUcXHnpzppRmpRTmpWv8Ot9rXfb11Z7uCpzU3JTk4d03Z3cbtXta2nbbTcs/Fj4xfGTTb29j1H4neL9QjlaN7YjXb94zCq4/eok+AADhfTqRgivDL74m+J9XbTBd6xqOpJFJ5sr3d7cTES5wZCZXYAgvnoeOuNvL/F84n1OSLUWllW7MkEbqcmNScII1yQcHAbC+ijjheXV9L09rXR2jaYq+6bcNsqAupOMEEg4xg5yc8ZJNffucXgYyklzOmublSsnaL2ts+rXz3Rliqs22nOSs9W5O/2XbZ9G9UujWlj6B1bVrhPC8czRS3X2m1LTTSDcsskgByM5xjGMj5WOcnoa8flt73VtNvVt7WZ9kIkMdvG5jjUZJDlBjcejH6EY4z3vi6/ubLwxb2ywkW81vG1sHIBihRQOBjd3Gcn3/wB5Ph1qlpZeHNct4JQL7U0EY+0bSuSuflDkE7CONuCTjqSa+Ro01Qo1K0Yc6liG7bqKclaytdpO1npZa9zzmpNNXs297LRJ6WWt72undaO9npb5N1smDzI43Jl5SaN8kIV5KkMuRtxgZ4xwOGJXFW/VFjQOEZU+dUUMBjbgDCnIYjGMt1xyOD2Hj7SbzT55LgA5uJpWmYBQhII5KkZHP8J6jHTOazfBuj2msX6LcLH9nt1/0ncShbK5ATIXO70AycjoDX22FrQWFhOUUk4Rfk7paWs22na23XW2grOz1u7La+mq2t6N7Wte1tng+VFqbtNJJ9laKMPGrDaHIHDZOAc43FcEEc/SvJpl5JHDLbySSws5EhDE4I42KOy4GAD3A57DrtTttLk1K8tLYyGKJWigYpna65HkrtXcxGNu49QMg5NT6OpYw2zKU+zNuzIDHuPGFxwDnupGScnOMAVLFR5FKMb3SaWmi926t6PXaxhNuCTi1ezcb21a5W1a972b0PObzRNQhja4a1kEBUl2YHoOgYcYPXHTvyRVOO1QRRM5IHdSxJVicBcYyuchQQFB784x9I3ulyapZrbA5idCZpBGQUckKqkAYAGOvUcncAePHdd8N3mh30YeJzB5gcSO/DbVDfdHRT1Bzlc8Hnh4THQrpRj7stuXRKys27J66Ly69dHMa0p6Nq+8Wkkto72bd9rXd9/nyxEkMzmOAEOAEbB3JxwxJHysOTgcEBeOBi1aQ3YkkdhIz7cqQCVz6s3IxgYzwOgr0a30i31DS1vWtzCrKyu6HkuowpA7Ec8Y+b5TxkGuw8IeGrKUxu08CwuuJDMVYyq524C8FVDZ6kYBzxtGDEY2nh05TV+WWrindN201s2r92/PoOM7przequtHbSzSulvfX/PxZLqWW4j82IMUkVAFDYJJHORgdxzg8c885+kPBEpntE0QLCNssc7hkAYK+CQjEAlzkgZI5Uim3/w2tI7e+1GzuIvtIbNvDGBscKC26MnqAAck5z05qLwfpmri/E8sKu0afvCh2gMrfIGIJBI4JXPU4xkc+fWxtLG0b0Jcz02jZJO19UnbVJ62vbcuLbcXaSs+2lr8ru1tLTWLWvzTE8b6RPp+tmOZZURoVkgaXg7TtAJXAJByBkcZ784Pt3wXeO9laK6QeXFCBgD5mJJAJTByfmI5B67h1BHoGkat8IvEM8Hhn4sY07Vri2ht9L1i2UqIGcgKLgtt27uNxY7eSABnj1z4g/Bj4c/B7w74Y8WeE/Fct0dYkia4heSKdZIgUZZIvKLgRkEFtx34HQnk9+WKSdNVFaTV0/5m7LR7PfZ+t9T3sLl9afLiouDjB804qS5rNxTTT6a2Wz83ufS/wx/Zz0TXtf0XWppZ722FpDcmBNrYnyDHuUA8ITnBABwOc4r9K7+DU/hf4JlaDT5Zt+mTG3kWBA+5omVFj+XjygQRyo4OCOtfOn7F3jr4fz+Hb7WPEuv6Vo8KxJDaz6lcxweawIUNA07KpTdw23np0+XNn9uz9qhPDvgzQPC/wl1jSfFurXkhh1DVdHK30Gm27EAWzGEuryMDhih+UZPB6+pVqxw2NjKXN7JKLclrZ2holtZpXv1b1eh+qYP6lhMiniKc4LEzppqMZLnvaCVkmm93vfVPXvyPwO02Wf4mRatdXDzvcl724WUkGOV3J2A8hnQEdOAemAK8o+O3hDUL7x14q1traQ29vrEMgckAvGXAZgeTgYG4LjaQcAniuh/ZS8fXnxA+IGkaTqA+z68bWyg/s60tWzeXTMg2lAmS7n5nIGCG5Br9hNV/4JufHH4h2uveMdZt9C8EeFLe2S9nv9emSCJbZFEv2mePIbYUB++DjByOK/QqGLy+WQ8jxFNJzm6cXKMXJ2Wkk72avpe+t7W3PySp9YlnUK3vSi2k6jV73nHXppHd9nohLDw4lt/wTSstTUOjWR+1ddrIWuo9oyAMAAHOScKGHWviDRXludL85DPKbq1hxJHIxkWQRdQc5BAzgg89ema93+Jv7VPwd+F37MHiH9mvXPiXoWveL5765ttNfw2jzaVFbWU+8pJKcjMgTBKtgt0YcZ+av2Kf2hvgB4s+Jt7ovx71/T/BPgPStKF1ZapeGaNNXktk8tIIfLKhZGB3DOQSowcgV+WZPjsDhs1zCpjFBQlU5ab+KN02tbNct42s3o277n7XnmexWUZbRw+MadOlFzjTqSj7ygtZRjKLS0Vla/RdRvi/4f6v418D6j4dGn3051MuWcuNwZFOC24gKMlR8wAz8x6qa/C742fB3xb8PLzVoPENrNpzC+leySdubm1SRtsqEZyCMHB7DIxwK/rS8e/tn/8ABInwLbS3um694s8Wag8b2i2ukR36W/mocAbn2qQ5XG4DoeDX5Mf8FAv27v2J/jH4Js/Cvwp+BOtp4hTSJrOLxbqs6bNMnY/LdKwbfK2MEpLwMkc8ivSzDG5bi/eoSjCNOF4JKNnJuyirNyespNq+jbex8Hjs/jiMD7KtXnUqQs43bbi3okuZtvVt973tvY4r/gi34y0zw38WfGtxr1wlqlv4YkurFJWws11awl0Yx5AIYgLyDgPjjJr4U+MfjHXviL+058YNffTYLU6h4+16XywgijW1S5Kh06DlVB45OeT1r5z+HPxt8c/BXWLjxH4Hv7e1u5LRrN7pwJVa3uAVlTY2QQoJPA4yMDB4dpfi7WPEWp6r4ouL4SXuoXk9zelGIuLmach3lUEhlTJwEX5TjoRgj8sweTSyzirNeIqUaajmOFw1FqEeWbnRa5nNq97rZ3XXdb/NcQcQxzThjC5JNzlHDYipWvK3L76SStdv3VzbXvfqfcegSpDp0Au3aMXRKBWwFPykABiSBhxgknge4O74o+KHh8w+IZrpN8iDVCxxhhtL5GCOmMjOPTHTmvUdX+JCwWPhnRIDK0KbZLqfd5csUpGSm8/ewQ2OcjjPJzXNahdR6lDepcGST/SFe3O4FxuwQW789ecDqeT1+3jntWoqbbkuWydrpJqMG9bWf/Atrdn5lw/llHL8ZWlJR5akrppPS8YN69U27L09Wem+CdFD6PFMqNvZlwRH8pBIzzjBJB4IPJ7g4z139k3LuqGFpCAWB8sKpA/hLDGOhI7Ejj0N/wCFetaC8Fvoc93BC7bBAkm0M8xA3JnoSPY55/CvqCbwHLIqOEiCyW4kUxkcrtzkZO3ODliSfUgbsn9dyHMaeYYKm4VU504pSirN80bXTTa+T6b+Z+h08vw1aCdKXvOzsrNp3W+ttnvt2ufIk+gOZVaYpHGy8oigjIJ4JPII9emcAA5res9CsWdPJt2kuAMFycBV2r83XA59PXkEivRPGtlpHhCym1bXL5NMsIl2vPcqqqWBIOwnAO3nBycn2rhvC3jrw1rzOfDesWeqrGHUwKF81iflOVPzYII2ngZGMg4Fe1OacrKac7arRyXmlpZ7JOzsl1aRhPAUqTXNKF207vV7Lv5q19V5F6TSJYkB8oSSMpRQVVwoyAc45J2kHnOQB3rc0nw0beEPKieaW3MxGw7WzyAMdPXkZAOWIGKd34p1LSXim/sXfbs3710+YoCSAAfmKt68DJx6V6ZZLqOsWEF/pumzmOVVTE0RDh8bjgAdMYzxnGT9IhtJzk04qNlrqtL2d9WrPvby3PQy7B05ztD3pJLSKei0t89EraWurbI5waSi7IjEVUkt8q8nk43NjHTBGe4PPeoG0Z3YBUY+YcqwflRnG7rxlSQPmAxkACvUNP8ACOr3TRyyRiM5IZJA2ApAyQrtg85JOAeDgnIrprT4fyySiaUSNHHgMioVJQcAqeAc9z8pyMcYK0546jSV5y2aVr2tqr35bX0Wl7ux9XQyTE1o3jTeq/l66Jtra2vn132PAm0cxb43V1DfLsbYyueMvuJ5VhgZOO2OwM6eGZmdFhtiCyKSzoSgJJxnGe2ORnODjrX1Zp/w0s5VEsllJIiNuCtyzggZ6kcAkHIwc4OQSM99H8O444E2221GCmONolOABhQWxkjjAOcc5POAKhn+Hi0nNWsuzvdp3u1bvfSz3339GHBOKxEOeSSdldK9+j0elnZ3TttrufAl14XmUSRzREFixjKoDuAzkdMNzwOTz1yRXB+KdPnj028SOB2/0eXAZWyreWecjtjPA5yCTwQR+kN/8MWlUyG3jDsNyFVHyd9vAGCSccE8/wARya8i8WfCqVLa8ujEhcRthUAIBK87lOAG4I4AJJ6jqfVwudUcTenCW6sru13p526u1o7ve6R5WZcGYijQlJRbSjq7bu2vlZa289r2R+fX7L95e2fxDSzHOJZrgq4YBShYFSeMEj3OT1HHP6Z6Pqt7f3uo2s0QWBnBjC4Jcg9U6FsdWz0AIyByPz58OQWvgf4r3F7kmFYmWVI0UlWbAfgDgg559Mg5IzX6J/CmSx17Ule1aOSNIRLsJDTSecMkgElgVZgcjBGMAbRg/n/FdTFf2hgIQcpKE4RT+LlTkkrLVq95WvpfpoePwvgYQqVqTUbOq1JOzi1FRT1btqr9VfRdLvG8afDjSddiilnghWRh+8ZEAcsRlW4wSykgg5GTjp0NT4KfG74x/slfELTfFvw08Q31nb2dyhvIoZpTZXdqjBjb6hbKfLkiZQVLMhcA4XGAB7h4kFlY77dGSS5t5CSuAoCHP3sgktkjPP8ADwQpNebahYWN9b3csVohcptljkAKSFgOgHOOvAwpHGDkV+w5K8wwuAoVvecalKEZ06mtOrBqHNCUZ6Nbq0k077q5z8beGXD/ABThKkK2FpwxHKpwr01yVadRbTp1I2lGcZK6kndu2qP6YPA/xj/Z2/4KrfCiw8PeLZtN8BftHaLpynRtTglS2vZbxIAyPa3IKPd2M8oxLbSM7IGIVe1fjz8avhz48+C3jPUvhn8S9MfRtbsL1hpGqNbv9h1+1LkQ31pcOBFIkiYdlVyydGyWGfzh0PWPGHwq8SWXjPwTq1/o+o6dOl5A1jcS28ttLC4ceUUIbywRl487XAKuDxj9/PgZ+1l8Hv8Agot8O7P4C/tHPp3hr4z6ZZrF4E+IEojtpb2+gjC24a6baRLJKoW4gaQJIclQd3OWY5Blmb4WpRoR5YyTlPBzSlVwc2lzTwjd3Uw0tXOgnenq4KS90/kzGYzjHwWz6nj8Wq2MyF1YU6mLpKd61BtRh9bivdhiIR0VfSNW3v2lqvzn8JeKbjwT4mXWorWHVkhxb6to94TJp2q2E+Euo5YG+Ri0bMykqxXgjPU/rd8L/APwO1X4e6v45+CXhq30HUNb8PvBrTWEhNzpeoSRt9pgCoQyxhydpG0BSf7ua/NL40/BLx18A/F994K+IGklQok/sXXrZHWy160DExXNtcFfLdnidXlQPncRgEZxt/Af41an8FvEEGoafPdTaDqUbQa5om4yWt5HJuieQISUE8YbIO0McdTlsfx14reFGOgqmLyzmhXp1I1JRppqni4Qkpxdlu+q+6ytY/vDwy8Tso4py3DYuhiKeIw+KpQafMpunOUYqUJrVpxcneL2aS6e98Yftl+BNRvtI1O6LXTtoGpPbkSPKxnVmfdNK7bmY55wSVIypOOn5W6fp81lcrIPPKSsYfIijaQiQNkeWOpOQMFfqechv6Z/jPoXhX4saJ4juvDsfm2WqaW106CLzHt791dxC4UMQ+5gq9N3AHOc+Rfs4/sTfD74ZeE5P2jP2iZIrCy0GLVLrwT4I1G3WKXxNfwLI1jJLBKo8y3dyp3BCCOO4quCuN6HD+TRw+PhKWMpSjh4Yazc6lR8kUlG29073tFJPqrHBxVwrXzDNJYjDVIrD1LzdS9ko3W1vtKL23lZLzPjz4d35/aR+Bl78M9fJX4p/C2A6l4Hup0KajqmgQKXn0kl1EsphiQGIAEDK8ZrwPSNI1S7gS3+0taXtncSWl3b3KhJI5YnKOkgYAswdSMH+EDgEZrQj+N9z4e/aET4tabptto5Pii583SNNQW9nFo09yYTZiFVEbKYGUkYYdeMg17b+0dpUWieKdN8eeEkjPh7xsqa0kKLF5CXdzHHNLGDyqt5j9MjGepIr96yjMaeY4OliFT9nUlTjKdN9ObleivvHqn1e2qPzxUJYLEzozqucVJxi3dJpcqkt73snJJ3tre9rnzPr3hnVYZ2kSRpZFk2lxv8on+BwSNoUH7wJwB78HNe91C1u4bO4YvP5SqVx8mcYDDaPU/NjC8c0mu/ErWTJLb3EUK4I2RqpAIP/PQLxgdcdckcVxun61ealqRml3h3dRDsRirc4IUkE7foQPmOCCQRp7ZQm4q/M5LTS2jb0u1beN7p+l7petSqQTitlzK93uk1db6J3S36tq9z0mG6nSNXYugO7eQEZc9cFeo9RjrjryasJqNy6CMf6uVhk5y4HHzAD5ue+M4HPBAzSlhujbiYvsjLhREw53HHLAj5c9DnjnPIB2xafPN54RvKLB1UJg5C8nIPQnknk4IIxgKM3CU4xbbfvLo1rdRW6uove73d21saVPYuKatzNNO7ve6V7dEnrfW7vc9f0EM1rbedIcHKpGVLFSeBnJJ9M9e4GCK7j+zWcLMCC0qkKA2woQuB0wOoBIGOO4Jrh9FuYIIdkhZZI2EhlyGAyOOM5GDjpx6Ac47JdXDskKyEEJkSleCeT8vGepz165POa53Oq4tu+ytv0ajffV6Wum3urLUuhyRgrva1ndvqo3s21paySevqrLrfD9xfaZMN7boghJWJyDgZO/J/Dgt1zk88fQPhXWrXURHFLcts2qVVW5jckAKxXGAAOhIzz6CvmVLmcwEkuAyHBCk+2CSABk+365rW0LxNLpVwMGRCvyuEjJV9x4OTgEqcEDnkZPFceIpqVKV1zOUGknZfFyve6UtEr3StdWu2z0KGJjTUWnbZNXtvbd6Xvvr1W99/vTw/rl74Zuob6G6aW2SQNJDEw3KygESZ4GVXO7jGQTgLk1+jvwa/a+nttIGmvPJKWjEBmQ7lxjYvmpuyuAQ24LnCkDJGK/Hvw7440/UoEtLmYxzou0mQFFlDKFCg8HIBHTA6HB7dr4B8WR+FvHllp11Kf7P1WWGIRoCVIeTl8nKBxwWXPHBGQDX87+KPhTlvFeCqVqmFgsXCMnTrRSU4t20bjaSTv0e/fW/6TwxxfVwU6OGxEYYnAynBSpVOWcY6xaund6NJtL1TR/QT8IvH2h+PtVn8P+Lo9N1XSNSkK3Omapbx3NjqME+FZQlwGQthj8rLwwyORkfNv7cX/BMfQtM8G698X/2UxP4V1zSkbX9Q8E6TK8VtdyR5nmv9JdNrwXKqjFIkbb2UcHHAaHdR6HdWt3ZXMiRSxxy2dwC6+XKdrAbhgbeucEnjGfmFfbfgD9q62i8L6l4b8a3ZEps5LSzvcblkVojGqyn7rKwwpJOcHkYzX8bZbw7nPhnm9V0MNiMTga1b+C+dqElJaSg/dnCpezT2eqa2P0XiKhiM4q4PNMixEKMYKFLF4Fz5aVSlJRU5RjqlOKalGVk7LTpE/BL9mf8AbW8UWWu6l8Pvidu1+MmTTNfsfEylri7hj3QzW0iXALNKgydx3NnnPXHrvjr9mTw1cR3fxS+CF42peHtYlubrV/CFi3nXGlvOGeVkhiYsYYyxwu3OMADGDXjn7YPwa0fxd4p1Txn8P7KPQ/Gdnd3V+s9gnk2usRvI7hmCBV87naxOA568E18cfAf9rH4r/AH4iWieIJLhbWS8+y6lpF0xEM8LMUlxDMdm5kLfdG05+YnOK/tjhmtUxGS4bN8gpvCYudOnPGZdJWp1ItRck4pWhL4nCaSV9dXa/wCQZzh62DzJwxrc6Sl+6rxTvFPk0lZX0f2k209uxuaV8Mb7xZq/i3Q45Y9J1PSVvNURLhhD56wOSbdlbbmZkU4UDcMHjg10HjXUdW+Eo+HWvw3H9m2WqaW02m6mbkLPHqenuA6kxNu2Ky4ZWLEg9CeD9+ePvAPhD9ozwTefG/8AZ21PT9O8eaRb3dx4k8HK6xTavI8ReWOOFSMytllAC4ZhtwORX4Q+PvFHjO51q1Hj9byL/hEZ9QtJ/DV48ifYmubgQyH7PMcpgvvzt+YBTn+I/TcM4zM844lwtSOJdCFCShiMHJ2qxmpRTUls1ulJR1SS0Zw5tj8Fg8mxFGrSdSpVV4V7Jxa92TV9E3bmTdr7OWqP2kEHwy/b5+F80kj6Z4X/AGjfBukqLDVIXjtrXxxZ28J2W87AostzKqEKSTJubB4Ffj1r+hz+BvFV1oXjDTp9PvtMvZLS/sry3KyW0iuU85C4xLb8eZG4HIPQ819O6v8As5fHH9mrwh8NfipZ6o174O8f6JD4s0XxB4flkij8NCXbPbWmpyZCo5zsk3ER8hVzyK7rxtq/hL9sXwvpumxS6bon7QmgaZsuZo2jjh8Y6fBGcDcMCS7kUZDcuXxz6f07RyKlmmVYvDTtUqcrlTm2rKWicFNrWyd7JaPq0m1/NWK4mx3D+bYfGwlKOCdSKm7NqDnODpy0vzU3dKT+ze/Q+EP2jvDljdeG/B+hadJb38d5bNql1MIo44ntmG9k3qNzugOCudw4AA6H4EX4a6Lbz3d1pzQgqzIY2iACtzlQxA77juHPJGBmv2t/YYtPh/o37W3gPwH+0BpkeueH3uJ/Dlvo+uRM6WevXbGOBZ4m+U2+9SSHBXYVwBgGv01/4KS/8Ey/gy/gDWPiP+zTo8ekeMNHu7jUfGvh+wVV0oaXgv8AaYEkOYCisCiqqqd3BA6fmGL4Ip5bTpwakqtWpUnSVm4Oa5YqnzbKTkrpXej8z+4vBrxq8Ps2x+A4f4vyWjT9q6VOGauNKdOFdwjCn7W1pQjOS/iJyjd+8kj+U/4cWlx4E8S6fr1nci01S0vre6tXiZgr7XyYyVIIGMA8YIyoJycfqH4t+PXjLxRoWi2UgtvJNtE13cQksZXdAmXJzhhxnaFP5c/K2m/A7VHuYLq4jCG2XMiSrukZk4fYoJGBjggZHJJBGa9fn8MzWenR29nE6LGsQ24ceYwPLFmGCM+jAktjr1+x4E4MlgMY8fisLGFWLXsqzhFT+zez91rdpNX9eh+qeN2D4J/sunR4blhpzWrVCUZRUbJpKzdtGk76LTukWhqsaoXu3EjEK2UYchgucDkZBBzg85APJFNfVLeJXkjQtIcGNS+4lTyFCnJIP8fG0EZ5rm7iCa3jYXUblgF2hAvylSeB0zk85xnHSoyGKCVkKsoAViT06gbQM52kfhz0Iz+28zsla1rq0U9UkrNtvXZ+rtZn8W1sPCk5JRXxaN67NL/gLRJP527C11m6upf3aiLIALBVVdoABUH5TuI6jOcnqc8surpkO5mYK/y5ZiBu3EkDbwR6dRzgHvXNxT3MEbCEExnLEty249gOduBxzzj2ofzWZF8xi+FOwqzKMkkgcbSMHGckdRlTjDvJ/de2jW66O270t13epxVaVOzvG/V3fX5u1rbW2WqtudvY38bCJpAx24Ay2MqOMrnp0/iBI6Y4rsrBInbz45IkO4FV3FiASM5U5GTgZyueAeK4HS9ImvJ4FDA5CnHKxg4yQSuD7nvxg4OBXe22j3NrG6J5LyE7lfcSqEEfK2evbgHJPXBwK2pVJqTTcuW/n0Udtm300dv5tjzq1Gm4aQu7WTSbdny9G9b9fi01tZnoWmT2zsySwxtNlVjIOwEbeTtBBJJ5JzjB7ggV6BYQaQkOJYUjMoDEllbc4xw2SMLzkAfKDycdvFdO+2QzR7yglP3mbAwAfvZzwp5C+3B5IrtbaSdZAJ7cvKz7kPmAKO2TjGMkDJTjt0IB9KGIk1q9du7lG8Wm7XTe687o8OvQknf2d9WuZqytdW26rayVlbc8o1eKDRfiLbXqAqr3JcxK6ZVQwPXkfd+YcFScdRgH7h0vyL+ws5zdxrA1sjNCzFXbcpwoKHkrnoeQc5OBz8FfFJ2sNb0/WDiF2MaKhVWLFXQEkDA+bp0Jx78n6f8ACus3dxo+mz77VQbWMhVIHBVQQwPBOD07d8DiuKtiZpzUZNvR8y7PlSa2evbR37HFOgpqMknpK0u795Wsn300+T0vf0DUbYWUV3cC6/0WNPMdo5CsgUfw9SDjGW53dc55FZfwfv8AQtMbWfFep3jSLq17LY2Umx3cQwkqYGBDBULcj5Tkj6GuP8c+IzbeHdRWOSUF4CpkVUDLJJhcDcAT8x3dCOxGMY7v4eaTpdt4J0tbqxkke0t/7S8wg4lnmG5t8ZzgFWG7IGeQOcGv0fgJKcq1SreShCKTstJO3Mo3d3ayXxdfVr+RPpUZjPC8NZdllKpKEcbj6XtuVq8owtLkdt0mldaJ9dTwv4nwW2r+NE07Qtduha3Vx9vvY1aRIomB/wBQyj5cY49CuOvFa9jpAhDSQzFQiqkaxtkGRTjdgncCc53KMjpjIxWD4vmsbbxrPPawPbyXgWeRUAaMZyqqQRlSw+8oPJzkAni9Z319HcF3UoFYSIigbTuI3bicLkg5XH4dAK+U4vzLEYjM68JVZyp0puEIOTtZJWVtdX16paXte37r4EcL5Zk3AOR1aOGpqrjMJSr4ityRVSrKpGMruSSbtf3b7J21OjhbUdOkD+e8kcpLSZJJBUEbXVu4A59+nHXf0/xBOHaN0cnbmIMoKleAcZ5yRwDuAPIPUmuR1DU4ZNhlMiHaXnAI+XpgkLj1XP8AeByc5GGQ6jG6ZE67owuxwVUY9CTySMfNwRnGc18JKbvL4nJt9dtI2aT0bku22nmft6oUOa8Wktu3bVaLf0tpv1O1m1u1A3DzIrl5CJMgiNSMdQBgDHPbHA4IIqOPXrCB5YZZSWfaQBt2sTyNzZIwSM444Pzfwg8JJqtmkkguJ9rFxuz86y45JGBwp44HGO/qvk2l2ftu9FRdhEaHDADrlQBnA9R06965Zzly2UXbRa26WVmlZ3btd6a28xrDQTclKO1nZpJWtbXfmvpd233ex2r6tFIZNyEK4JjJOQg5AJIY7mBXpk9lHOCMuWW3vGlnhZDKibcltu7BO4kDABGOMgZBHBFc1dzKke8uWQK3lYJA2qflyBg8Hrg+mDisB9SaON/LkRVuGCjscE5ycAgHOcFeMk5CtyqUVJKLslq3t7q0fK0m073d77N9lcdJulUty25rJJSWmkd0293vdJq67M7bat2g8yeL93gqyMuzexP3wrdcEAEdCSeecZdxpcStzIsZkb7yEOHHH1x8w4AH3jhjkCuCbUDaHzBMQygqyrkqeeGYZ68dTxx1xVr/AISWaRVWY7EiVZA8RXj5uhyOvJOcADjHoZ9m3yyptvWKXKkkveinfZrrq1HTRaG6lCreLi27KyVnq+S97a90/h3000L2l/C/x38UfiPoPw4+GcENx4p1wSXFvb3rCO18q2AaSaRyEAWMMGyWwMkDBBB9d+LX7Mvx1/Z0g8Nz/F600A2/iBpLawn0W9gldJY8HE8fmOwOBjP3cnPcmtb9iPRNH+I37bXwo8Paz4r1PQLW60rWZ/tGkyvFesLeGNhaNIhUrFcfdfGegwPlFc1/wWG8Z+K/gh+1T8OPho3jiXxL4A1Gzj1DSrW9uXmudG+23TQmKVy7NJPnJJkOQMEHivoaSy3EQll9V0aWJpZfVx8+ajVlWkoyUIKnVjP2aXNa6lGTcb63av8AmecV+KMPxThYZd7P+yZ18PSr06k4xai1zVJRjZyk7K0UrK7s79PJ5biRshXkUxkqAeQzfN6HaSG6ckdD7m1bkmMNK4XaCNqkZDEkjI6gnkYycDrnkji7K8kuIUNvcGSIYdmYE4L/ADqTjnJDgg56sM7uh04726t282RBNExGQBl9oAOSBkHGOFIxk5K8lj+f45tJxUr226t3tty9bNJ7LRtLVn6jTo4n3ea7WjbdtG7aXS0eqSsns27HQ3Onm5tJYiA4lR0O7KsRtPAxyAchQfu546mvMPhx/wAFLfGX/BPTxhq3h3w/4B8N+JdI8TzpNfyaxAr34jjIISG6CgopORjdyMnIxXq1jqtjeou1vIkVTvSXrgjaAMgAZ3DjpntzxwHjL4JfDr4jXQk8V6Fbaps/1MzHZKGzyVkG0tjPy5PHsM5+E4gnOvg50YLlqJpOSemnK5K9nvrzJrXW+h9XgMvrzjGVNw5vd+J3XTrvq1Z3Xz2Zd+Jf/BeuP4h6ybnxn8DvDWuxW6BdIsHl8+OwEnD4jlJDhySNhABP8GMV8BeIv2yf2T/iT43v9Y+Lf7LthDbaj50qt4cYacYppQSrlECIzEsCeGweOcZrrfjl+y3+zf8AD3wn4h8Q3UF7Y6zFZzS6ZHBLuH2kIWhUDcWYZwCORggcZ5/Gi81WYXhNws1xbCUiKORgD5WcLjGSMrjPbPU8YP4VjcohUxDqSc4VYy5pclWSXNonzqLs09HZpaP0R7082x2XQp4epLDzipRaj7KFRRinFtSck5XaV9la9rdv0F+InxJ+AWq/Be9+HPwV0vxFp41vxTc69d2eshTa6U6RPHbJBeoodkRTghnwMbiSQCPhfX9Xmg8J2Php7y4EsF5I9wqTPMk7s3yiUKxUgEKVODyMjANegeFPi9Z+DtNNifDWk6pZsXkWC7hJkWSQfN86pl/QbuB/DjOD1MHxI+AfjO3TTfFXga68JzEyTT6rokxdpZypZCUm4VS+AwXoOCOCBwxyt0rtQ51Ko53k7vm91c1+XS9m0nayWqSem081hjlTpvEQozUFSUYxcY2bho2rJJNu10lZX6n6x/8ABGT4V3+vR/Ebx1JBaXmp6Bb2lloSX8efJuTEs0s0RwMr5KsrHIYdOgFYn7Xv7A2o/FHxR8SPj/4V1uy0nUrN5/tfhmG0ijs7y4ttxmayKqFM0irJJIT8zMPoa9+/4JCauuj/AA28V2/g2C+1JtZ8Z3VhFfX8ZiUaV9jmQGKWRQkjxQD59hKqwAySMV+g3xi+JPwb+F3wQ+JAutc0iVtPtZfsyzPHLe3XiHUI3juI40JZnWKV23KQVGCpPWvzrjXDY/JpYHMsvnGg61SarUppTWJVouCVk4xUbzu9Om7aP7V8OeFeEM78P1Q4jUa7WEWIoV41/ZPC1VGSVVy5k3a6afvXTWh/GJFovji31qS10ltTjuRdPp7m3nmWUyByjW/lxFc5IO0Drxxk7a+1PA37DHx98aadpmrppFnGolj1V4NUuIoJlsLVknubi5jkZZEBiViwcAseM5Jrjl137J4q1fV9Ka0ljhvH1aCYxqmLqSUyrsGPmCMQoyMZGf7tdV44/aS+N+qaHcXMOtXWnxz232A3NncSWzNbmPy3QCJxgNxnHBwVIIzXzua5pn+JWEo5bTweFdRwWJr1E5ci9y9lDST6K7tpotHb+e45LkmWYrHzxk8ZjIYepV+p06c1KMlCfLdtpxatZ3vZ6nA/ttN4Hm+JWiWfgG/0+9ttK8GaNp/iRNMtEtrez8QWcJivooxGqiUpMhJclix5JFfIFtO0sYhSVi27If5lI2gZDYUE8Z4HTHHWumsNa1bSPEthrkgtb++ttRhvZYb9BcQ37LL5jJdLKriRJScSBgQy5BBAFfsR8K/2+/hb4VtrCHxv+xl8G/Et1cmFr3Ubey2zSrEFQloViMcZYDJAAGc/w9Pu8Bh44HAYelXxEasowipVJJ3nJpSlLS6irt6X0T6pI/N6tWeZ5liKihLDJ1PdppScYxTUYxbTVm0tX3Xlp+QWgDV3hM1laXt2QTGZ4ba7kjjUFiVZlUrjG1vmIBzx3x3z/Ebxg+hQ+FhrWq22kQSGf+xheXcdmZcYLm0DrGNwxn5OQDn1r+kvwh/wWP8A2UvC1rLo8f7DnwzsLaSBTLDbaHokwZwuHIkmty4bBOQPmOCx3cV8+/GD9uP/AIJjfGmy1G61z9kS48NeM7y3nt4ta8NyQ6ZHayspEckdpZ7YGEbsGIePnCjkcV5uOhgZ05yVKjiZ0/eSjCTbaS1g+Vtz2snbrpo7e7haeMozpUI410faJU6k6kuWCUnBO9ppuOiTtfXWz2X4q/D/AMQXM2q2dtegPBc6jZQXM7RmQ29rLcKkrjAJ3KrMSM5yARnNfU37avwi+D/gHxh4Gj+CnjO38Q2mu+HNLvPEVm7o8uk65LEj3iSugym6Q4VSV2YGTgg17r+zX4P/AGBtZ8SjxD8QviXrfh+ytNVjubPw3e2oVLq0EjEQTzQBT+7BUbj94AZ7V4P+298JfhT4V+L1zrXwE+Itn8QvB/i4nVLW2tzItx4eaRBiwlLtlzEBgEDAzgZxx+XxzJ43iajSjTzHL6eGw9W9GrhZwoYmpJwS9+UeVOnFcyd3q10Z+j1Mn+ocLVqtStgMfiMTWoyhVpYmMsRhoNx5vds5Xk+VNPZNOWh8+p4ek0u7ijgKyXssCbomYSK4barbQGbI9sEkZ6cAfsV+yB4i+Eel/C7UfhDr3grSLrxt43vIEsdd1Oyt57G3W+AR8vMjzI9t/rFML/XsB+OOiW14uo2ytLcS6lDHGrRFi+3rkAkkFAMHHTPTtn9JPA37L3xM+JnhHw94i8F6/bafdLIo01Tf/YroXiLukVpy6+XksFQMRyQMHqfD45xFCFGhSxOYPL4Vay5cS5KPLO8eW9rJ6v3tGttj0OB8LiJVa1ehgXjZUqUr0JJTUo+6pKLtpPm2a2+Zuy+MvhB8Afj7JoPxBm8L+O7ez1iTTTc6FahRokLrGqPLHtIka2BI4G12Xjua+5/2kfCX7JP7Rf7PGu3nwO8eeA9J+IXgnTDrFk8ktrpGu6vMqmS40iSF3h8+ZstHH5eW3deev4NfFf8AY8/ap8M+LNc1fW/hl4t1m5/tGV7jWdLEusC7XcSJ2ms/OJ3LtdjuPbggivDtM+GfxiHiK1toPBHje0mN5GW/4luqWvnSrIAVaQxohbOFOfbPIwIXCmTY+GXZthuKoSxWBpUqk5rFUalKpKCg3z03Wbi5XalzPW9nHt0rivO6E8XlmK4arQw2IqVYU4qjUhUjGdo3U+RudtG7aNpWPf8A4A+C9R1b4z6NoFxqU1qyOzeI2kupEkhijJaYLMjLhSAwXaw4H94nP7z+EtK+A2r6NFYro1s95YXyabLc6hqAvrW8iTahU28juVWU5Z5MAkk59T+UXwL+BvxK0fxKPH1xp13Z3jzSWT6LPZSzai2+FVFzOpVmeIsAGJ3cqR83f2yxHiH4X+PH1zWPBvinWEa2vWktlsL+PSnnlWRkdVWPy1liLARKRhWAwec18Xxli6Od5rhaeBzWlRng4wX7mpGMalRSipNrmi0ktbpvXRao/ReB41sjyvFVcZgKlWOKm/4ilzU6ckkkrxlLZSbjFJOTvurHhP7ankeEfGPjBfh9MbO3sJbdn0yykdrC2g3KTHbg8fMclgOAp24wMCl8IviCdS0DQ73UbhTdy2wimjf5FUqAAPmIJZgOMZ+Y4wec8Z8VLiXxPcate6pb3mi3+p3jXdzZ3kbpIlu74hgVZVWQjbgtnIGODtOK+z/2dPhL8HfEB0LSPiXqUeg+H28Oy3Om6vYxlVl1VIGdIrpkwNkkn7snJJJO44Jr/Ub6K+dZngMvoqeLqYinSwVFTpynKopylODjJRi5Nv0TT7tq5/JniZm9ajnuLxGGw9S0q04QpRtJU+arFq8XrZRdpJLp0uUofG10NBvtOtoykMsgaWfIGUIHyFiSCCSQMZ4IzgYJ1NF1ubTraa+eKFYZrM2ylpolViY927Occ4zjoCOPukDR0b4L+Evjj4i1vwpo3i1/CGpac1zYaVbRTMtvq1valltrotuQkyqinavK5zjA58p8Qfs26zpmqa54B8Qy+I7S/wBFtv8ARJLPUJnjv3kX91dxgtlomABIUHbkKec1/XPF/ilPhTD/AFrHYaToOlGSrJqMVLRpOPLKSTSdm9d090fM8Pw4iz2VsupLEYiMZctFtQm+X3rRi1K63V1quupraT4njsr6GayuCt4BJKFjmUGKbdvV0AZSFP1OSPcV+rf7K/x/0/xdHH4b1SSK38SQrFA1s0ipJe28QA82PdjzGAXIbjIU8jIx/NB468HfED4eeMJNP1CXX1toU221/BLPIsgYHbHKy5IbnDAkfMdvTAqn4b+KXjvwZ4k0zxRoGueJNP1rRLuORLpjP5TRxuGkhkB+/HIAUfIIwWII4x+KcVeOHDnFGX04VMMo1YO1KvCrTa5VyNtqybu3bTs9VaxtQz3O8txdTCZll08O6VT2dek4uMo25U5Wkru2/uqz1aa6f2126G5uEvB/y7t5eF5LIcAZAPUKRnI4OM47+g6TdNpLyZkZbeQebAc5UNx8mMnbuzjA6DHU9Pzd/Yv/AGtfD37RPgGO6gvo7XxhpNvDaeIdJuHVJ3uYlVXu4I2I3xSsGIZRjcQOCVFff8GpW0tpBb3DK0cq7Y5cgsHO3CMc7sg9B97A+bqa+JWKp4ilDEUJxnTqR5k1JStFtXtLV7t7ve2qPrIypY2EatKXtKbW+l01yt213Vrt6Wtp1i+n8deDtJ+KHhkaXdMFv9rvpd8vyzWc6ruUFhhtu7AAGd4HXAIHx7pNxqfhfX/+ED8ZWhtdYsZmi027lBSDU7UZEVxFI+FLYxvG4gHOSAQK+kNP8S3un6xHpMzlPKkZ7aU8KysAyq7DgjaoAJzx/dzmt/4i+AtH+MHhs4mWx8VabEJtH1OEBZoLmEb0V5Fw5jkYYIJIAJI5JFVLEOMFHRu/uO+rSUU5WXW+jjvfVaswp0KtCq+dWpSelrPdRd1fdWteN9HqrNHyp4w0l0Et+EBkVSsiALsccFSCBjOB94c5P0x5tZXcUrvE6hopisMm9VKpldr7gVAGeOQAcnHbFd1pOu6jb3t14I8dW72PiSwZ0tmlV1g1S3jJUXEEjACTzFAO0ZwSQFxzXC+JtIm0nUxLbjbY3cgdyCB5bhvlGSAMDnDAd+hIGPUy7MZRTpzk+WXKrXSVm4ppvRu+m+6VrdB18B7W84xjzJWTfWLs7d7ar3uuzu7nlfxK+FUur6VK0atutJnutKvVj/e6fI3K73Ay9tL0KsShBwQcg18JazcSDVLzQtUtRZ6npzMSqghwyDi/s+Rugk+86LnB75Nfrba+KLD+ymtbwBpEjNrLC+CJUYZQ7m4wOm4kkg8nk18UfFjwNZeIrq6vbCKO012wLNptzFwSpJP2a4YY3IRxzySeACpr73JOJavD2No1ac5PCVeRVqN3KHK1G8ku3ffrp1XzGbZFTzDBtOMVWhrGXLZpp6WWid3dbatXa7/M2keIbmeRbW7YSTwH9zOnyi4iUkfNk5Egzlgcktkk8138X2PU4pIZ4454bmBo7q3kG5ZFZcMoU5HGc8D0J4OT4PrFjqEL3LRh9P1vTZGkv9Pb92p64uLQEYkjcAMwXK/MBjgY6/wb4qjvIo45HCXceVnU7fmJ/iQMByT1Xj5QcAkNX75gMyw2ZYaljsvrQtKKk4RlHSXu8yk72snd66ptLZWPx/M8HTSr5Zj4c8JRcF7RXvGXKnFp3TVrtPV6paNM/R/9ij9qBf2eblPhz45uZpPhpq13M/h/VQGKeFbqdsLbTKMt9ld2O1vup07V8v8A/BQf4u2XxQ/aEurrQtcOraHpHh2C007UI5DIkyxAyOI8FlUEPtyoBwMHg5Obpdpa6pGLO9VLm3vV8tkZdwTeDkoAMqcZ6AEHGOG44b4mfBaPQodL8QWF08tibe6iWGQs0sRZCSZGYEsmANoHIwAD2r6HLsxyvDPFZjiYqGZSwlTDK6i4ybUbzj7rcZqK0s9VddmfwF4ofR8zDCcW4bOuG6cq2QYnHQxePwDWmHrSnFzqU1ezpSaclBr3G3bZH49aP4b8EeL/AIqeLtL8U3NsbxrmSTTbCZgs082WaY27HBMwHKI3UgHaea7rXPgTqPhfSF1zQ1n1bw1NcEzSxKWm0tlcjy7lY87dhwrM3y4HPOc/BHx01q+0b4q6nq+j3UtjqFjrNw0NzCzB4JInKBuMZVgvGR9Rwa/V3/gnh+0Po3xOvdT+GfjH7PLrd3aLG1neBGt9dUqVeS2VxhbgA722gNkqT1Of4M40q06nEOYSp3TqYus20/5p35l5336W+4/0E8PI4ankeV5dVgqVSnhKFKm3smqUEoO+1tF07NWPIvB19NoF1DdQ3LI6zRGGaMlQroQQHIwSc/eB4zkEGvrjxR8T38WeAZrW9dE1NBbxpO5OJFQ7SQTgkuoODnOQMkEAVJ8e/wBnWfwJe3niHw5ZSTeFLm4YXVoiMZtGlZt2WwNwhBJIOAuDwFABr5mvtSS10l9InGVZkktXUt86qQwCkfXA5wBnA4C18ZzckoSSS5JJ8y3u2rR1s9336Nev6j7WrhsJiMPUu4SpSioqyWt9F69G01rbqfSGleGrPV7G1e4JeVbODznyRuIRRgEAZIPJbBBOTjIxUkvww0qcmIRAowyIyiyBSQMklsjgEnkk+5IxVDwV4ylubO3gTRL2ZbOyhSaW3g82Nh5YUOSqsS23IPUccgEivWNP8R6UVUztNp8j/LsuYXQYzkFQyjGBlcY4GCccFvvKEsbOlSr/AFWs6c0uWfJLkkrR1cuvW93a77WR+FY7HZVDGVaEsbhI11UtKnKtCNVO60cHJNN7NPy6t38D1f4JaWqsyRxQcjbLCSjZIyCQD0xzxwR05xXB3/wYu7eNpLPVLhYsgKnEg7EcMc4OfT14yMV9iakLS8g8yK5gki/gETKWZgMglecDORgA5IwxIxXOxQTSfMQRGhCuvl/MwJPP3ckDjHcexqfaQqT5alNwluouNtdL7rV6db3e1jF06E7OlOE1K2qlGV/h/wAld3aemqPjm9+F3ie1hM1vepNGvKwTIFOSM42/Kcc5PBzjac8Y4u50rxfojmSXSHnUMGLwhuUPzMFC5+UDpwB+QFfoWdMhuy2YTLFg7VZQrBgvOeMgZ45GcHsTWXNolk0hiNsJFA2lWCgoMEnqBndjkkjkAnPQCpxv7jjFJqyT2bt9nX1Ss/TUznl9CpFe6m2o/C0npy2dvO+ll66bfBy+MJrJwLm1u7UjaSGjdkU8rtXAwOcHJ5Kkjnv8+/HXXotVv/CU8bKzW94zyAAkRqXGNwAGNy5JBwQT2zX6nX3w50TVIt0lpbFGYjbsDlc9ckcgdMZLHIJ4zgfPnxO+DXhaLUtCtbazgme7uGeQEDdEQSByckoMEkfMME45GKyrQco2nNL3o67JNvTTq32SXcwpZYqVSM4t2T0jeNlp8Kt3V73v2u07Hy/4a1qxniggWUOPvffUFX4GeeSOoCjPBOOu4+lra2rswBi2sM7d+ecY4GOCSd3H3TjbxwNTVPgJpXymwjuLa4UZZ7ViyZB+8FyThuTtJGOnFUI/AfiLRlRLa4+0AfJi6jcPhx698D0yevsKVSlUjy8i57u3fX3b9Gu+jastHqkY1MBLmbi7J7JrVaaq176u7v207FJ9GSIFmCOobdG6u2QW5wO/p0YcAHPGTs2suo29vtbUrzyjlBBvkaMhxtxkE/L1BAPJXk4aobjTvEVuAZtO3rEAWkgkyGKYIBQkgLzzgZyxyDkU6LVRGha7tLq3GdpR4iVBxywIAwSSM5znPGADWUU03zRcdnd2t9nfRXUW2ujs76pWOSWHxFF39691qu3u22auo+eru3awtnJfQlnlVLiMMAhlUnAyWIGcZBwAB056YIJ9LtL3wZdQLFqnhyKR3hAkZSoG5QArq20AMSSccE87vuk157BqNqUIScBN2VUsgJz1JGc8kdABx0wTU0V0kgZghdwSeDx8o+o4I5OM8r64Nctaiqr0Vmkvh5Vqmk7L7OtrbXStp12pYzE0nFTcpJ2vd7tWTsle61S06fJl6fR9BW5uZbZlhSTcIo+FMcfOQVYANhfTPfBNcF8QdJ1Kz+H2o+Ibayn/ALFju4LRNT+yN9jacuwMLXAXy/NGOmTzjgcGtLUZFliknWIrMMKFZ2AAyvQBgcE4yM5AGCQASOns/HeoT/Cfxp8Jtf1CGHwdqUaa1a2skStcW2tW53QyQTOu9UOfmUEDCEdmrD2HKlrq+6u9eV3fRX101d9LM1/tOs21Z2bjqtL8zWiukujum9HpszP+Dd3f+IdCFyrrCltGYXlCq2QigKQCpP3s5xxgA4ya7O9i8T6RI80N8xt23MHgdgYwTkgxKdoyB8wI98/3fONV8E+Jvgpovw61HTPEEGr+GvHvh6PWbe/tDvit7l3ZZtOu+cpPGI1JDFcggrg4x2OieNf7RAjvokLbNkuHAHC8MFzyp9QPrnnDjh44inGUORuPxXXnFX+T3TtZel12UMymkqc3LWWk38Nm1ZPfZaO9mvRHUaNd+MddufsukxyeIrpoS5sYbBby5KqP3hVI0aQhQPvAccZ7GuZvLtYbue21nw0ltPbyMLlIQ9vcRSLwQ8DBWRhkgqUGOQOgz7V+z/8AHg/s7fFvR/ilpWkaf4lXTBLbX3h2/iSW11GwuU2Todysquqj5CBgNyTk5OV8dvjPoXxv+Knif4j2PhvTvAkHiS7SSLQrBEitrInAb5VCxuHb5mKnq249TXlSwtWWLlTqYfkoxin7VPVvTTlteKaervf5M9L29N041Obmq3+FpvdRjfW+llsnd69Lnjtr/Y18Xe1vbvT5N20R3MZdM9DhlHAHAyCTjA4AIrodL8G+INWuWtNAUeI7s4eKy09t91MMZPl26kyO5zgKq+4HFe0+G/2a/Gl9p+meJLl9Pt/C2pfvZNYN5bmGG3xud2LN+7ZVycDbg8dMZ5Hxp/Yvwz8TWN38OfF8V5q2kz2051rS5zG9tcQSBmTdE22YBgQ4GQV7EGvJxc2pypYJyrThrKNm4Remkmlom3urv1trpBtQUq69nF66NOV7LVW10Tvez876nmUqX+k382lapp13pWpWkxFxY3sbW91HIByJIZgrLgHOSMZx1GQLp8WLaMRNbTP5ZXqAUfB6AHO4Y+6Nue+cZNfbXiH9q74D/FrwLe6D8evAEafFu30/d4V+KnhS0gtJLq4gt9tvBrdtGqQzmVwoeV1aRixJBY5HxAlnaCXTZtdh1HTNK1C4BW6ktpkmuLR5APtNsJAqsgTo6HYT165HPhK850+XGYd0KyfK43Ti7Wvy7KVu2jVlpsXUi7r2NTni7JvV2V0tdH8rNW0s2tTvfhNr9j/wlOs3u42Md3HEuxuMtkAk9RwFJxkEcA+329DrlhLYRxx3sUgRFVcFQWbjhjkhcKMDkZPavj3RPh/4VvLvVT8NvEUmt2FrLbtJd3aBZEuWjDSwuQM4VsqGGVJ6nGK330fxbpgIn0+aaIMvz20hBbGACF3ZAJO7jLHgdCa56yfPJrRSekdOZbNJrWz3dkmtVpdK32+WxlHA03JKS76trW7TXxb2s/m9Fr9CajqDrbSta/I4BLHIYE54Kj+LBPQn5h0PPGXFq1zOkCsNyLgsMkE9ACc4IJ2gFTyMDHWvCZdb1ewCpI2oWwbcWSZGdcgcbjjgDLA+3TkEUsfj+8gjKM1rcMScqTsfAO0Ag4wQcDI5JOBjkVFXn5IxeivdJ6vVRva1l26u3vNnpw5YQu9L2te7WrV730dnfXTe71PenuyFlRAS20hlwPlX5RnOP5FV5yGwc1jm3Ezo0UrhlXJMh4JboMnjcOgyDk846GvLT8R/IiYT2UoEiqzNE2/5sZxuBPGSTtJOB64BN60+I+kTQssk0ttj5W3rjBU85yA3ABBPGeq4GM4WvGKvq22o2d3flsn5XT0em762N4VIOLUrK3MlG2+seq6aNty7o66/0+clzIhnKqSuGUbQCM7duCehBOTnrwKw7cfvGSaKbHKqMEKvQ8nGCv5DPTHGNOHxdpF7HFGl3E6FSitvRGBGDjDENkY9DncMkZrWSa0uo0CqrbRkPHIjZBI9DjnnnqeTgA7a2pRklzN7tXa1e8et10drXdm09bJm1N81lFppNLzeiVlZK3XVrptsQ6dodleSRvOkTKzhgWG51ZW2jcrAqTzg59ecg5r8r/2nNMitfjh4nt4lVI10q02mPCgsVz8wH3QeQTwc4ODlcfrdYywh1j8g7Y5UYEYHAI4OMFyOD0xxznANfkv+047v8e/FIDMqNpVpt3cDaByCcZ7gc4AXn2rak71krXjZ69W24X1e38q2+5I4c15Y0oNqMk5Wum9Nrd7Wfy9UfB/iBQuraid5Vwm09fmHc46/xYI455788esO2WNy6nzcA8A4GSTn+LJBHAwcgdecdZrcwGr6kuQS8rRgEDntw2Bx0Oc/eGc9hgeQyMjkBmjbkAE5HJwQR5eOSRnGORnJNfRUqkeRJKy0VvS1m7bt7t623tc+Fxju5PXR+trOK9NV10tfW1joLe2jVA6ANjIILEBioGcgeuepB+oPJ73wD4g1PwvrMF5o1/LZy7HleAMWtrjYeY7iHJUhgME4I54HHHmkM7PvjUEBeH7EA/w8564xnpzjoK6XRJP+JhCpjG027HBBBPy+owfXPQ57cAUqkeWDmrabOysnpovzskrJHnU5TjVXLLlTaTWqs21pbs1p02XfT6ctfE/ww+Lrz6V4nS38K+LCxSDV4lVIri4BwpZjsRlf+JW55wuDk1kXfw813wFc3treTW9/pl9bxzafqtoQ0V0qEsoJyeQvzMMhc8c4yfjPWrh49YufLO0RzuyEM+5T1yuCMHuTxgjuK9s+Fvi7xBqjXOlarqtze2FraP8AZYLpml8lj/zyLhtpxxjgEHHG2s5ynPDtybu76LtaOmi2Wrsn6XuehR9lUxEE4Lni9GtP5ellfTvo/Ox67ayOgXZGd/yFnwOcMMHnABxtzjt6EDHvWj3X+iqsikuYwA3Q8RA88fj6cj2rwr92scaRyFv3is20YIP90jliC20AcEDHrgerE3Zs7O4x5UCwDcQ2JQ6xjBfPXGD7gkKc458lr3o3k9He17p7dtO3z2sfQ0kqaaineMV1umm43u9VfXVrXVbXOZ/aPuUuNI8D4XaV0u5BwCD/AKyQ5BznHPpjsOAa+D9eU/ZrcSLkrON2eR83IK+gYEkk5zxngkV94/tD2TQ+Hvh9cO+83GiXJUEZAJkfGTzjj+8CMnuBXwb4gDJFE5zteYcDH3FXaScE46AfMo4xkjFe1h+VpKXVJLTsld26vTa97Xttp5OYvWba6XfdNJat6dtfu1OWIBvWdWxs2HHY9hkcYx0Ibg5JOWr2nwZr2r+G7qPUNB1O60i/hZZYrmzneEu6YYK6owVgDwQcqcgMDyD4o25rtwDgBlbBwSTu6BjgjjHfIIPGMV6t4fgkm8hXRmUqW5PJYDC5JOS2OwOME5HQV6WGoQlLWz16Wt00u19+vVa66fF5vialGjCpQlJNaXi2t3by0TTa1tZaM+9vCf7UGk+MbO18K/HDw5a69YAJDH4otYRHqtoSAvmylEzIEA3HAJOMgk5x0Wt/s+Q39nL40+DfiOy8Y6C4Mx02GRf7StEYl2iktiS4ZBlclckjOcnn4ifR5pJMrEyFUVygychV5x07YPPQEc10Phfxb4t8C6pb3vhzVtQ0iYurNHbzSC3mG7iKaEERSbuF5U/rmt/9ooVG6M766Qd+VL3b20um9dV3TSszlo5vhsVQjRzShCrTtZ1XFOa1it+ttHdPyZ6abm8s7s6drlpJpV3G58yO5iMO5lJ2qocAhhwAwYAg/NwRXjqhX8Way+AQHO3acZGfvY6YIzxkjA49K+4tC+Lfw4+KthFovxg0S30XWnj8m38WafCF3zhSqPcqoXPzYLfiTjoeH8Xfs4a3oySeK/Bs9r428N3JJN5pjJNdQx/eHmxJukDKh4Bx3BPXHV9Zc5UKeIThKE00pNJy+F77O3rd26HHPIcNKhicRktSNeNamouldXhrFu1r3sult+/X5Qnd4NWLpkH5SowW+THG7ryM8qD68HkV9EeANWs47OGOUgiSYEFxt2yA9ucHBJbg84wQM4ryW60OZL2ZhE8csYcS2s8fl3KN0OUcBhz6DO4c9TXTaFKsGy1VFSRXEhWQ/KGP3uP7xGAM4yD1FetRkprkdnd35rLdWSs766b6eu58HmOEr4enF1VKm6UWuVppN3Wul9Zdeu2je/qviLRbG+vbhwUM8saudjIA4AGN2CoJxnjjI6dseZ63odkgkgZwzKEADgMvBDH5xnnj1OR19aj8RTX41ES29zOp8lTwXVQccgFcbgc85wBgk84rmLi61eaIySyNMGY5IjJccqNxGMkjuTu56c4FYzwkpOTg+6at1svlu1rv8jTB5hCFOkpTXNFRlKMm90k2r3u1r3tZXtqr8V4z0t7bSbya3Lh49hBikZQQM/eBPXAbcDxggk85PmGn+M9b8OadcXcNxcuFuEjaNmLgrkfMS33eOBtxwcjbk17R4hiu7rQb8yIwAiJV+mdvI3ZAU4XP15xyMV4Dq9pGvhbU3ztJmgcZJOBuyAPXngc+wxzj5nHYSpTxDb5krJrXbZ7eVlfTf8f1LIM0VfDJwnfklGKSbdrpOyfno9L9Er2PY/DX7QXiKCJAZBLEOkU5dZBtA4V4ew7Egcce49U0f9p/W7SRMSwqhILRzy3JAwSRhiec57noOvINfEWiKJIl2kggkll64K9hn13DPzfdJHG0nTfcodnJGCAVZTjDEdwcYPGV9T8w6Vi6dT3Wpu6V0m01a62Tb6d7vXot/ZnnFSlJRbuk0rN30Sjq727dtO3b9H9F/atSVXXUtJtrsMcMwmjkU5JONsgA55wMHHP1PRXHxd+FXi1Nmq+E7KF5VVHaS0hfJ9VeJd4ZiRzkg/jmvy5kYhCFBJJBAjby2wCAGyTyQeTn+6eMHmzb3uoxnENzcpHuA4mZcfdwB82flwT+OOlV7WvRd4zSel++vLfa3pffbXQtZnRqq86dN3a35VfWPSy2d7au99dGz9JdR8FfAXxA0biyuNPeRcibTjIFBJ6FWzjB68H0B64878Tfs7/DuTTL280LxnMkyI0kdteIrlmJwIwijdnGN3ygjqdoJI+L4fFPiOydXtdWu024486RhnnJKA42gbT3+hY833+L3i+yiuDJeCfEahXkjG8ANzggYbOCGJyQDk46G4Y/Eq8Xqkuuul09L62tprdd9UCng61m6cYPTVWSV1HzT77pb6M+pLb9mMarptrPpvifQr1zCpa0uQsTLIyqAoZiv1254zjsccbrf7I/jG33yL4dsNRjA5fTrmFsg8qFCsx5xkjOPoPmHE+Hf2idUhhhN3p9vLGqrlk3IzsBjO5QMMSR07kfNxx7Lon7TdlEMSx6jZNtXLQXDso69VduvI424HHU80fX5JRU6cZJOz5op6KyWqXlpfdJ73RssLgJNOM50qjSTlFu91a3VK3Nsrbb6nzbrX7O+v6f5rXXhnW7MAHDLavOp5Gf9WrKPpnO3jORz5tf/CW8gYIsk8Em4gR3VpNEVx2OcHd2OMehz0r9OtF/aX0O5SOOfWhhsZTUbZXRiRwWdVyAM5yCQc+td7afEP4fa4kRvIfCN+ZXJZZYIkcbj91mCKw5yVBJ69Sel8+ArJe0pxi5WXu2jZ3V7rs7fNb23M5YKpZOji35KTT7KzUlbprv27o/F+6+HmswAmJIpQGK5RsgkDnrjnHbkDk5zg1z9x4X1aAkPaTLjriNmxjjAOMHHGfm9T2xX7bal4R+DniEGSTwrZI0gb99pN0YwpYnnaZAMk5IwMcnpnjg9V+AHwt1Fd1jrN5o05GVjn2yIP8AgQJyOeRnpyeuKn6pl0leM5Qva2mjTS3s76t7td3ZLQj2GaQ2VOrZJc1tXdRe6Vvw0bem6Pxxl025hLK8UqNyMPG68L8zHJXoAB0zjn+H5qqtAyk8HA68HIHHtgY+YZJPTkDiv1S1P9lLz2M+ieKNH1FMErFclUYhhlQclcEjqVJ9RXmer/speMV3uvh+1vkjDZfT7mHnk4PLHqOOh5B96zlllOXL7KtF83SVlppve291bSzuhe2xlNfvcJNfzOOqulHsvVWsundHwD5ZW0YkHHmLjjGcevHqOnP59apjbng5wOg/TnB9yeBkcZ7fUfiH4D+JtMWO0k0DVLWaeZfLtzbtLvbpiMgNluu7GSevArjdR+EXiDTgyXuiazZOvAafT7gKxB5O7ZgDHGenPpycXltdvlUovljb3ZLXSK0ett7W7q1+gfW+WKlKlUipPX3NvhTbav18ur6o8N8s+o/z+X+frw8R4IzxzyCDkc4B5xxk9OeRya9Bm8D6jF5hKgBR0kV4yQSQMgkHjIyeG9h2zH8L6kqk+RvUBuVYE5Unr97I4OeuPUMax+oYiGrhLS2yvfa+qeunX9DSOKpS/wCXmy1vZLWz/DVaO+nQ48xnnrjJx1Ax68g54APb60oTGDzwec98c47fy7AjnNdAdEvg7BraYY4wEY9CAQSOvXPYY9flqrJYzqXBhkQA45Q8buDnI9Du4OR1784/V5RfvRd3/daejXZ7Pb9NC41Yy2qJ9mn6K+ujXrbutbmSygM2O+AeufmOCSeRwc9P8CY8dT0Ixx9fxz/+utBrdvm+U7ehPIP9ckkDI55IwcVXZTn7pGDgqQc9OeTnHXjg59u69m+zTTdtH3/RJNX7NXu7Gqa0s072tt5LXu+3f0GKSVDehxnryPYZIznqQBk960oxut5GIPBAyMkrxn5ucEHnGRxxnkVnbWByFJDdcDI6cZ9O/PTA6dDWiiuttIPmCkAtyvJOcDHHJxzke+TkgaQ51e7+FWe17e7ru73jprpd2bM52TV3u/V20tvr+uz01Ok8FHSV1/T31sk6bG4e4jBwXQAZBI7sDtPHAOdwwc+ufFDxL4T1OxsYPDWnw6Za2ZMSxqEaeYHKhndckqxG4byWB6bcmvn238kyL5rlEIAJAOcc/dIbdxjDcZI29OSbd5LZ+WiW7SyNnJZy2SRnbz9B3/Ecc9FOq4wktNU9U/e05er0ta979d9GjKpQhUnCbveLvptpa27T6bK13snqMd/lVgW+9nP93J6Y/QFhkc4wSKfuieNCQd5yFJPIONuCvzYPU4IA4welZJkOSAeDgkDkA4Pc+4PI9aY0jAqSfx/DPcjnP4dcetRGcIp+9J6rS2l7pO3e/XpvppY1VNfyrbR79uuv/Be19DQMXmdDgYYnBYdM9ewKkE98984qNoXVFJbILYAyxJ6nPH19/TrVVZpMY3EAZ4HqeD0HfuecjjIp3nSYC7iQCCB2z68YOePcHJq4ypStdWWmmzV7aWv0fXyslor2oqO/M+mmu3K7333v52XcvRiaI5jkdMAhWSR1wepOQ2fl5APb73tXpXw91jXb3xFpGlrq175S3KOsX2iZozgg7Qpbv16dT/Cea8qWYkYbOFXgZ4zzz65+b16/kfSfhK7t4/0BAAWa6ROeSVYp6E/mDkfiQOmlGkqlNrZyV7bW00vovT08iLytZtq19ru19t7X0Wi8vS/054vku7fxDDcIcFlRHOSWLbArqQexBI6kjqOproNO1iXy0jkt45Sy/eljAYEkDkbeMAYBOR06kgUz4oWX2XxJAI1AVmjchTjL7M4PBxnnOOc4B65qaxtwYopGQgseXHIIUZAIH3l5Gcc8+vTDGRSrStyrWKVvNxT9dPe06v5HfgpzcXG+2krrRv3fh6q7s33+41De6YpYXNhAEkwmYsDDMCd3HQ9cjk/jVF4PDlwNqxywyKCysrEhyCSFOeBkkZBGCR17i59mSRTK8cewsFXqCCG4cDpkkH3wMAnO4zxaSjJyu0ksCykHdjO3I9SeQOcng89eNpQ0uk72ve1rcstNLJu+rs7dFudyhOSs480b6tJvs2lo/JtO3lZWtzL6fZ53JcOH3HkqvAIxsYlSQBjg9eox3rSstAe4iRYL22yZNyqzKhZc8hycHA5xgFs4zyKvnSnK5IXG5gVIww7Fjj5iewGO56gqKcmksH8qN8KoD915ODgEc+ozkd+CRw4qD95662b31fLfe197apW1V9gjR99Xhot7b/YT3strbqyW+liT+w9UtpHWJYSjLgtDIrZJHQBj1PRjg55wCWNU2t7y1cZs5icLkbS4XBxyQvKt3Bb06553baynCjDOFDN1Z8gruGQSR3zjPt07zk6hDHtjmcvkgMQX4J6sDgkbQAT0J60m488eZPlV+XRaO8U7+ttfd0v31NpUoxi2rpaddb6XSeru7O94xtppucrd3zws5fMUhCjcVO0AjkKOCAcE855+Xvg8prF4bi0nMblkjGWY/eIKnoMcA9yPrn17e9vb65ysscD+WSCrQglgDyT15PI+mcHrnkb42clvLDLYBEIdmeNmViSDwVByQCcnJwD2+bJ2jJKSSbabWt0r3aeu+ieuy1W17nDiW7SipuzXW6u3bfdJ+a021vqdj8OLwr4EvM4EapqG7I+ZspknC87ecdRxjkEEj4F1sq+o33JLC7mACgHPzkY56g5ySTgEYwK/Rf4UeGkvvBd881ylrZTXM9nJcMCTBFNwZmXAAEa4J4CnBwd3I4fUf2SNL1OZrvw78QdF1QTTyMVWdC/zFmZXTcSNpYDnrjPTJrsxNKWIpQVOz5UnrZO75LPo2rXvbTe7PNj7q1ab0ulpZ6Xe+130vfSx8KwabFKyFZgG81S69wM8sOPTB68jJB7V37NLEscED5gVI8hM4YYJOcdhkDHOf4hk8++Xv7I/xBtpWfTY7HUYlDBZLadSzY4DHLDOcAMduB0P3eedv/gp8TtEQrdeGL4xoFDNFE0gIUjaVKKcjjOMnPuOB8/jcBipR5VRm+6STT0XK1ZdtX06aLf0MJUpwd20tUk01o1azSVtrXevp2M7wr4j1nTbq2+wPJagfeaNmjymMbiMnaTycg9xj5Qc/S3g74n+OdMvrC80u+vITHMBJvld/MBYEyqGOSo5yMdcgZ4J+bf7P8Q+Ht73Wgagk6RBFaS2cjawKlQu3AyAQR1JABBycWU+Ic1rHAHhurFrcCN/3eeSQXO3aOSO2SScA4wBX5hxFwZHNYVY1Mrw9Z1Iyi3Voxbu1HdNbvW3Tb1f3mT8RywChJ4yvRUOVqEJyirJw7NJPTyv80fux8Lv2h3ks7ddTujJdRiBpZJG2h2KoCFVsnHUDAySOpwcfdngb4l215bRXIZGhJWUKH3u/mDG4YJPAGeQMkk9yK/lksvj9eadeQtbzK0Np5YdWDK86g5APbj5uBg5Gcc19x/Bv9svTJXFtNqKWMhEaCO5YrGoQKGKsSMDg7eMjjniv4q8TPo15jOliMZluA54ylOpUjSgmoxTT5VFXdtE01v30SX79wr4q5bWqQwuIxsYT92MXVaXM10cpPld29bu789D98fF3h74ffGHQrzw94w0az1WxuomjDyxI13buwOySFyC6srY7jnOSSMH8yLb/glL4l8V/ErULDw1qOkWPhiXzLrT9T1OZFeBGYultJHvBfHCggHtzmvqv4LfEC18UwW99bazaPaX8aM0guI5CZCM7VXccKOWGPQ9QMnG/bQ8e+LPAvg7wp4v8I+I9QsY4b2WzuZdNlkjkeRUBjaRoyAyKQAckHG4gDGD+E+H2J8SeDOKYcEcM5vPLI5vz4eFPMqNWvgsNXSclUjSl8E3y8icXqmr3Wh99xHgeGs4y9ZvmeChiVhoxqqtQko1ZwXKvihdyi7qWuzTs+j/ADo/bd/ZM+O/wD0K38P6rBpmqeFJbMKus6RBHIqwooCCdkDuis2CC+GyQAeOfyB0Dwpqt3cT21laXNzcwPIXjt4fMZY1/iATqBnPcjGSMc1+knxX/bF+MXjHw9qHhTxd4gudesNQiW2Q3GGkSIAbRvkDbSVPJBGSW6np8gfDPx9qHw18UJ4isYbW9ijusXVpcxLMlzbu2ZoWEgZQxUkA9MnGc5z/AKQ+HWH45yng/EUs/jlmY55SdWpTll7lSw+NfKpQ9opK1GrJ+67R5dnfe38s8VPh/F8RYWWDnisNgZKFOq60HJ4fWKvFXTnGO+jW2ivc8+fQprWXy3jxMmBJHIjI6knJ3KcOMcZHqCRxnG7a6IshixIqIc+YCx+Vu/y5x2HJAA79hX6/WXgX4F/td+CZvEHgGbRvCPxI060R9S0CWNbe4nmhT5nijVQJkchidqkkEZ9D+YXxF8F+Ifhr4o1PQNdgiSWB2KSKC0MyKTteJuGOcHIByGxnvnDhvxBw/EeKxWVYjDV8m4gy+o4Y3KcanCtCzjarRnrGvQkl7tSGnvJ2uermPDEsoo0cdSrUsflleMZUMZh2pQkpJe7JJXpyT0nGT3uvNcVdaNcROojl3Dadu3AOMgYAOQRxz7LwcjFVbjT7mGF2ddxwDvIBIJAwFycdSN2BwWwNoJxHLrckksQkkPyL8u3C4I6gkdjwMfQEcYrTuNXhubIRsT5qhe44BXBJPO7Lc9TznAHIP3CeLhyKSU4uSUnbVfDaz2e+6Wjv5Hhunhqkp8rcWknGLaab0Wt9bN2fXe90jCWORBG7qzfd5XBIAIwDxzjjjJIIB9RVG4ZiwyGCljlSFO8nnPOSQDzyAGIPHODdW6VCyM4IkZjtBUHrnKnJzjGMYUjkHsTnXTq8iMJADuI67QTnGSpzkjAySTkDk4xXRSlVv7yettbLtHZW2du973t0OeVLm0cY2T10jpZR1vs+++vrqQBWLbgNwkP7sj5SpH1GOv3um3sOlRXe6UYXH7rG4jbuc88gchsk4PfgduqvLI2VDH5DuXqWIPUjA6HBOfb0xRt8/wCQBtxBVSThi/PIzwPcL3C4B4J6acqkZxbk1blfW1tLvvZNN6+Wtzz69CDcocsbNaJtX2XXZ63e9r+TRymqwOYZVjdztTeflB6ncQvynJPf2+bjvxloW3Pkt824DaMsD/eU9cjvgZznABIrs9bNxYM9uSqMyEgghsDB+YAt827A6k/XHTirWQ+aW37AMkHA4LZYsMdTjrngk59x9plzlKlGTb1imr2aafL9/wCa63R8Vj4xpV5Qpq1nFSXRNtJ9fuSu07LUz5rkyKmFwMBixBBPGD7DGTxwD/d7mq8+ChDYPf5ic4yQSOQM89c4AO4AYqWaW3VQI95YqDg5wSTxntx/Cvc7hxzWaQxUNnPUnI9ccbRyARwegHPQVd7NdnZX7K8bX0Vnp1Wqv2Z50ILXS19n1e2vdpL/AIF9CwZnbaTu4weuNxA7gnggk8DgZ5pu/IYgAKMEqT124G3AAO4Yzzx3yCciAbsFy44AbaBk/T09ienbGDwivhQAAC3c55HOfbjtk4I3Z5qr9X1s03r21urdL32urXNFG34X6XVl166q99H00vd2XlIG0tnd0AzgEgckgZ6kE8nv+EtsnmMsZk2AAtyeMZAIHI6k9OlUgCSMAHJxnHXaTj8OvTk96lVmiPGMnjnn2AHfg9eeh7k0rO7el21u97WfR6+XleyWiFLa1rPp+G2ln031XbodzoZi0u4ilysxmDKsbBX27yMZzngcHgg+5BFaGq39xcXK+TEsLRhl/drw5IOGcgYyewJPA6FTmuBguHUpy5cEBSCT8xPQZ6qe2CM16BZyx29qC/FxOoeRz82xRkhccDLdhu9N2QOWmtEld3X2nqtG/S1v+A7WPLxFFQbqTtJr4b82l+VWabtbvZXevk1t6Rb2Ulm8d685vpFCgqSBFuJByQ3QA5bjPQ5JIrqbLSdM0Szn1CeZN7KyW6hxI4bkMzqf75/hGQNwJC15fFqclvLLPG7FXygAUHcp4Yc7eDwAO3HQA4sm/nvncEyOACYo+nzEYHyrxjaDzjJK7s7gSblFyaV7XSv1etmtdXd9b31tdaNHnNS0blZX3eiSdra2s9NN+i00JNTvj57yJECJyAoYngdSQDgorbjkY4HJxj5W2m6MtcyLzKpWGIMeq9xklTj5u3T72c1St7Ke7vEi3O0jSIqqVJAAOCpJOMDkdDwPvcnPZLprtfW9iiI0yyJGSoI2qQMnBxjnLnA5CtljjA9DDYV4icIwSk3KMFrdXbWl9uuzSWt+5OKxdHDxV21ZOUuXl0Ss2rra6bavsjmhrep2IkltppIJ3Xyy6gsoX/nmoUZ5XA4BGRhcHJHGX9zPdSEys7yhy7GQktkncc8HaSxyFBBx0yCSv7Gfs0/8E7fG37Q3gWTxjoqaVY+E9O1trTW9a1a4jsi6wW5urmOxMrIGcRKwDFsBjgnPX83fjx4a8O+EPiN4m8M+FGa40vRtVuNNjuHwXkms3MM8iOpKSJuXcrgkMCCrGvus88OszyfIoZ1ia1B05ujBUYy5qinWgqkL2X8mrsnur9ThyLijB5ni3haEJOa5m6lk4tQqKnJczesuZXdkndX7njmnWguSC0mwcl2bO4KOAQD/AEHQ4HAwNOGxtZIZRBIPM3lFLAkug5dkBPTIOCw5x+J9k+DPg3TPFdxrml3UlrFLHplxO99cyKsdnFFCzl1ViC0hYBAq8nP58LpWnWqa1Jb5ifT7GV47iYZJngjmPnCMYzukXOxuD6HOAfyqrUVOU48rbpq7STbd7O3rpra9m1fSx9uovlTckrvRN3fRNuzdrJu+1r3uunnE8I3EKckuFyDyAoIOPmxnpgA89O2KqvEiy4xlQMscjkgD7pByTnjuOuPWvr34tal+zveeDtCn+H2jazaeORH9l1q3vGA0yKBAVFzGwZne5lxvYEbRnjG2vli9e0lihFvAdiY3tj52YnLAcnCjp1PAOMd8cPWniKanySp2veNRWkkmraXu76vS1/mOT5HJcylZJ3S06bc26fdaabXbRUs1El5bgrsRpI1fI3qkLEJK4Bx8yoW2nJGQOuAB9M/FTxR8OLnQvCPhX4bwailhoekJLrt7qE8m3UNckTNw0cTMESNZThMdOoIxz4Lpel3erXYi0+0uJZUAKJCCQiqo3tI4XAAwT1ycbgDmqWoNJZtJGIjGwkMZjcBiJAcPuGMN0GO4B+8ByFVoU6tWi5Tlei20ouycmlq0tfJX2331KhXlBOEEvfTu7LmUdLtS+zuraq+6ZHp2g654gvJbTSbC61G4VXnlitImk8iFSS7yFc+WqLyT0HB44FWIZ7LTJ282JmuI90XJDGOVTznDYJUjqDkEc+lanhXx/wCIvBH9proF5HZvrdjJY3k3lq032eVdrpGzKShZd2SMHtwMY4qQPNcPNsZw+WcrnBcks5Y/3mJywyT6H1295yaatDRR1flq9Ha2iXfXS7sS2mlpZuzel0+3V+Wjbvqux1l34rm8uOOOJEKkZlABdgfcdgR97p69wbtnrepahLbRSbZV3htiJwi5HLEDGADuyec57V58IZMCQxk8hcnOD29sY4zx2H4dVpusQ6RbObdHN2wKswG8EN1AJ4AABGQy9OhxScFytQjrpZ3fla6enTXsnfrpnKKs7dr6ar7PRva0b3Wum59A2Nja6dYrLPbiRbhAVY/fkfAwccrtB/hBI+UAjBNeXeOpZVuEWKRlDqhEaA7YgQCQygHkLg7emeepFZUWsazqcsRhknLIhCxgsUQcA8qpAbHzEsV57gNkbMv2e3j+1agklzcAlGBzt7AAhz843D1/h4PyjHDThKnVcpy5m27LSyWjdrP+t79XKjKLu7S1T063tqkl52WyVktzjoFgjhzKGaV2GxlzhV2hs7TgfgMnv3FW11CS3byrZmOUIkJQknJ+nPQYyCAWIyQM1d1LULadRcLAiOgVUVSAqDsrAHJJBBJA9DkcEc/FfyfaCwjCuQSG4IAI5yCecDgYHPb5c12ayt8XS0U9Fb59Wu9tdVbbVNuyva1na933737XuvvOj/tGSKzUzTukgOBECdu3O4Ljpg5GcjkDHygYrLcT3ykpCDJvHz44VS3AAHyqCMHA+hFULy8DglseaQByOFGRwqgcE9emOv1G7o11bxQCGadR5g3swOTkD5U+bkdBnpjkDHZqHJG6jtZW08tXfdu13bS/VbEw73butrbNcq3vpor6Wv1VzO/4R+cyH5ojCMvLmQ4IGDySQfUEdfbnFQ3stnBAywgtIMKwwMKAcZVjnr1IJx0LdgOiUmX/AEe1kMnmFnZgMAKMk5PVsYwee2SCARWNNZZSVDauHL5Miq2xupyxIHyqAR6df4jT55dZJPovzS779etmS5xckmmnrZSb6Wum0ul9W27+STMrzSyxgPtwBnJAbByOueRg4AAwM45Py0TqTKmI9ylR0HB9zt5AJ9SCeuc1q/2NLtWd41VAmY1fOT05A4XJxu6cc9uK3rPSYZBBGHUNIB5hyOdvRVzjA4x656jGKUp2s1K7Vrqy3vG/RN6eltH2L5kmtNOtrO9uV6t6WVkr73tfocZG6qC0+5Yw4CpgkMODjOdxGOOOnTHY1oCkmpwSRhkj+1QYUvzgzJnAPfBzg46+xz1Gu6W8c0cUH75VDHIH3SCcA49uOvr0OTXMW1uU1K0UupP2qAMG+XkyoSCD90IflweoxgCtcPyuSd1rKL6J3XLur236JL06GlNqTV9Yp66pNaLq7JO7u7Pt8v3Y8CMf+ER8LFgQF0ayAO3k5iXoecgjvk4+UE8fN27SK2xSN5BxkjbgEgjcT7Hrgk4OM4yOM8Fgp4P8MqxAX+xbIgLj5sRJk5PRjgjqVyuc/Nx0/mAZZQWQ5J3HHTtgYJYZwOowOTivs6LjyRvbWEd+zUbf01s79zzqq/eNx2TvquXolZWsnfT166FHWIIpkYyIpIEjK3bgEDgHkYwODwPl44FfOA0qG5vZ5UVvMFy6rnOMM5XKr1PQhhg9u4r6RvpGa3cmNTtiYrnI6oxz65Azxg9Ow4HiGmRh7xW3qrfb5HUZ4ChjyWz6dBkjHUnNTPlU+i0Xk94+XRrVaWOWpTk4p7NuN3f4W5RV3snt0b8/LoPBmjfY9Rui0SOqbQHKDCLtZgF3ZIDck5wM5JPSvSbiJGDLHiN4wwyQADk/LwBhiOMhvULjGDXO+H5T/aN4EO5Mxk9MbgpBJ52+hJOdo468Dp5iirIB1IO4YySecD2+8CNrH8jmsaKSbavd923ZJKzvd6duW/33OqTlGkvJdm9NLd79bJXvpptenEsqna5ZkVQV24JzgdTjA3EH5RkDpgA4rodEZ2vrdpVwdyAKEGOc7jk9GPX2GcnB4xbbdLufBQ4CkHb8ueDgDgHoeeOPxrqdIT/TI8AMyMqs5xwpHLBsdc5IAPcEY6D3MCrO7emllr2Sa0tez80u22nzuOk3OKTdlfe7b2tr662eqWj6HrnmCOGPG4IVwAAO2Bg4UnoPQEe+ABUllMhwAQAQR82ME4yTnAD5A54JPGD1oYL5aksMDLjJPysDn7v19SDuPTJqm7ryxYrncykkHJUDBIHBO7Pb19Sa9vTS3bTbbrbyuc8dUrR1dnfTXRNaJXTTv92y6r56hipOFyBheQB8xJJzkHOSRkEAYXOSTWuWVd2FVt2SCW5A28Y56EnOcDHIIUjFQtKXAIAwuTnPTOfm24BJbkAdRjOF6GlPINzBePlAIPG3gkgYBJ65Y/TrzVwTvfTu+qvp0a8vK711sznrqTTa0bSsvXl66Wf4/gxxcYI3AYXJYnk5xwOR82ejHnI4xVvTixuUCHfHujLFM78ZIA49lAwCcA5GBk1jYI3gMpG0HBOSWPRRkHp1yM9CWBBrT0XCXKF2AAKnIOAcnIB5UHgkZ+8OAMHIOlSno021dp69FpbTTTdtaNW11MaClzw3vdarTmSt/eSdrJLlTvrvY/OP9qH4LtfeMPEfjZtasLa0mmiSS1luFN4jMEBzEZGJAGCcKxGSSOhrzv4VfsR/E745X8Fl8K2tPE95Jp9xqd3bWUqSTafZWSM0jywhjIHYA7QFyxBUZ5zxf7X2v6nJ8a/FFmt7di0R4h9nWZ/IGFH8C5BIPAOB9BnNetfsCftc+MP2SvikPiV4cnhul/sLVNIutJviXtpY7yB41mkUkqzQlyYwRwdp6cj8PzaNWnWxk6DvJVZ8kZJOF1LW62fu206P1sfr+VU8rrxw1PE88Iypx5qqnZcz5bN3TuvdV3ptql1+NPHPgbVvAOv6h4f12Oaz1HTLm7srm3uITDcRXFrM0MhkjcB1UOpKnglccMCGPFW7m4Ji8z5sBVXGC+ThR0Gc5GBgdQPavsj9rHxjY/GbxQfix4dgmvL7xA1zc+K5VtwkFrqlxOzeXEqJjy1j+UAglmAAzya8R+D+i6UniewvfEmnNfadaTiRrTpvlG5gZA3OBkdevpkissLWlOjB1nGDduZO9k/dTva7Wqb62213OPHYWnRxU6VC9WjzfuppqXNC0dW1a7Wzttbrs/rr9n34c2OleHB4i1bTo1vbtR89zGDH9mOPkjSTnedwwcEepzkV8x/GjT47L4oT6bpiiyg1a4tY7aIAKpmupRGCCBkKzvycjI4PHJ/Se78XeDItE0600yJIJblV8q1LxeWvA2x7QRsC9+F5znIYivz2+Ip0zVvjHbS6neJFYWd9Yz3MsYJFskEyOVRgcjG35iMEHBAJzXdWxlKFFU42qTScrxu72SaSe2zSSSvbV+Q8HJ+zfNGClJQu3ZJycLczstLNbJN63P08+Hf/AAS1XUvC2h+IfF3itJrvUNMtNVFvZBSojuo1nSJi3cK+0sABuyCOOfnD9rn4dah+zN4g8MaH4evr6DRdW0tpkS5XlngO0ouCMqeevOOoHNfq18F/24PgFp/gTHizXIIk8NaXBp1jDlnuLg21usUUgDDlmZRnJOSCw5yB+S37dX7S/hj9orWtHutChltrTwuLm0sXkA33UUjM6yMvJRCQvT7ox15xyYXNqtekksNLDzctaj92TSkla903eztpqlvqr45nlVHC4lOeIpYqDirRi4z5Y2WvSzd9b3f5kvw81S61vQLHVZ5RJNOhDpuOxBkEEgE4I7849Rk13P2WQzvMbgCNYiXYDAVQASB0Xgcducgda8C+DWuWdr4OtY5dSgS6ZnQqzgeWgbGGBYMFOOo2gk8etexTapYvpLpFqtuyPuSaRZEJ+dW4Bzz09BjP1z67x18Ouepf3VeN9b2V1dW67rpvqzy6WG/fXhRVm7pr7O19U0vN3V/PYu6TrZbUptl0WsrYkEJjLspHQf3iQME8HkBctiv2C/4JR/E7T/An7WXwz8WTwSXjS6pb6apZdoUXJER5xt2gsTnOcKDX5ZfCb4TweIolu59Z062t3lJYPdKC4DgDflh8hyMHjgn5gMZ/db9hj4BeGNN8Q+GfFN7daWU0a+t7mPybuIXBlSVCsxYScKpBxnk/8BNfl/FuexwuGlzc06jfNDSUkneOvXSKWnXdn7NwPlCxNeKkoQpunKM+bWT5o2SVn0vZK+j1e57Z/wAHEtvba98avBGsafBdXK2/hSOZriJZZbe3kljEyx5HygliOM8YHyniv5nz8R7nwvpF5tiA1KeK4U3UiPG9srbgCGVQFfgnHUgZNf3tfHH9nfwj+01apf68ljf6BbW1naS3b+XLcp5SIoaKZGyMAdGbG3ofm5/kr/4Kn/sy6J8F/iBc6J8PtLe68JwWS3N7dxWzAwTBct5jxqFcFic5YLjjaSct83w7xnUqYl4KpGVD6xUqOlVckoz52pctr3bSbSktrb3V39txNwdhZZRTxWDmqs8Dh6VOvh+STlDkSjzNpNaRW+rf4v8AJW3+MNxZ6dNYzRnUnvnle6meR2WbkhA68jj+6M84UjqR4B4k8S3t3dTlw8cReSRII12pGWPHGADhcHBzu685Jr7f/Z9/Zzh+KGh+KNdOoWOn6X4fhCyS6gpjuDcXGSrRI4IKRkckHB5GMrXlfjH4IajceKbjw1aJFO6TGKO/8uRI7iNDnzcAfcZThSMDPJz3+9hRpJ/WXKMuaTfMnrdWsm7q9mut9d3ufjVTBVZuUIUnFx5dHFJapWel5NX6au7d9z5R0nwvrfia7dtPgDCKOSVrhiRHGFG4jJOMjIwMDBOOpG1ljqOpaZq0FjK5VbWby5AjKCH3YZgc7mGckYIBHscV9qeH/hhdWEzeGrKOOBbZRNfz5eNsKp8xS4IwpGAGzg8nPWvmTx/4fXTPEskWn2klxaM5EkkQd/LdZW3guRhmzwDkcHjOeNHi4uTi1Zcuj1s3o9GrJdVrtqnqawyqrRjTqRcr80VJrV3ulyu1tI9W+7Vrb/Yfw1m0+80XN3Ms81nNZXCNIxSLEckcgQEELukyqnOSCMg88/11/Bnxpr3xs+Cfw806S0l0DRfD/hq0fWL4RyQs+nWVuE2wSMACHWPOclQMHodtfygfDm0sNG+FVrq99okckzz2tyyS4Lzw27pI6BFXc3mBMcjq3UdK/p8+Bf7Uvh/9pH9nPw/p3wo8J3mgaxofh1vDXinSrG0W2tbWKwsli86S5gUBpLvaWUOwJbrnIFfw19LjLMbjspyLGUY1Pq+EzbkrSguZOFdUkoSTtyxvG973SjJbWP7x+i5j6WHxuMwKw+CqY2vhKVSlVxVRwjhFTUvaYpcyftJwhJxjFu96ik77H8/P7enxATXfG3jy70e/law066m0bTyHO6W3t2aIk4PBbBBwfQjOa/F29aW8lkiO4DzHcsTgl23HHTJJwevI5z7/AKDftZz32n+P/GuiyJ5Mlvqd1GbRSJHE5mkMjSnkhhnPTOSecDNfnjNHq8c80cUEzHeQC0TMcnJ3bsMucnjjIxgE9K/oXwky6llvCuWWcI+1weGqOTSSbdKCe3dPvrpfS5/P/j1xDWzLjbNI1qrn9XxVejaMrw92q1dWslotk1broY9/bXNqpLq0akrh2wwk4GMhcrwCSR6447DGIVnVV3PuBMgAIJJAxk4wMDqMDHvnNeoaf4S8Rau0VtNYygTsp86UFVVcApjcAAQACNuCR05yT6dpnwUE8lss85DhS88QTK4UD5mZCVByQu1sZ5bkmv0bEZ5gsHFqtVjeLulFpt6R3V7baJq/Z3s2fz5VrxlO6qOKdrJWburXVttPR6O99z5qa1upyFt7OWaTYBGArMTz0CjIPBG3joc8kknXtPA3iG9iEkOmXKFgBmRHUEhd3bjj7w6j8MGvvHw14F0jS7eP7Np1vm3YoXuEXznbbtzHkZ2tkEbvUHqQRtzQWscqW4QCJGPmiOAAhmztKsFIx0446dMDB+WxPHTUnHC4Z2V1z1WrNrl6d2n12Sd2uuMq8Uk1OTs100Tsm9bt7aXaVvK58Lr8J/GYjilEDFZFxtDEkErwNuSCQQODx7YrQg+E3ioRqsxTexVVUHe4LclSCTg9eMHnk4OTX3xaaHcsLbbbMyY81VEYBdT837wlQQTk8ZPfuKln0KaC6gItLeNpm80o652dcF25CkDvjp3ODXnQ45xUleVOnFOyTV3r7r3tunrq/K/aljJRS9+c07WSbS+ynddd72bXk2j8/T8K/Ff2yO1NlO028gN82xQeckKcYJGeTg9DkV21p8CtbgjluNTvmiyisFjO9k3/AMBGM5HQY6k9s19tW+nLbvLGYl+1yuXSUEMQAe4IOFxggHg9eRwEitbaQXnmnJ5WVpCPlYN1iViQR/FkcjHGTg1zVuNcfVko01CEXa8op3k7Jt9HqtdPm3uYyx9RNWk9teZ+atpe/ZWVrab6o+IG+E+sWMoMW65h4nwZDuIQEc5Iyx7EYOcDOBxrab4l8VeE5pLeO5aKxUo20qW4TBwOoKqFKsQNvfGea+sbrR4FtZZIc3OEIjmQ/IMjPlgdB0+bAAO4cA8DlZfDen6pA8F1p8ULRRHzHATzGDnJ2DHJORkY68jrWkOJalWK+tNTpte89dFJq66NPW1ry3etjWjmXs5xlzWatJO8tNY2vaKS10avJb697t5+2ZrjaBo2mxiKCXSLdYJrmGMwytHHgKiFBwCcMxOCeQc4FfGPxu+J9z8TdabXLt1kuZo1SQQjaqxxgBCwGPmb+IHk8g7uDXvvjH4R6K1lAbG4Fq8sRDRRgMXycFWA3EYHXHvgDjHD2nwP0q1jS7uL37QAyKYsDexxygByAoPy5Ykk84wSa9nK8dkWDf12MHCu9017zbjHVNvqmuvk9rr0sXn+MxdJ4edVOjJRTSaS0hFKTSWr7u2rbutUj5EaGZ5CZY2KFVKFlKxhfQ5A7gY6k5HTjMVtCvmPI0Wwqco2Pl47A5I6DluOzLmvu65+HHhyTSyt3ZJ5kYaO3WPar7QAQH5wCehY8DjH90cLrHhbwmlg+m2dvBb3UaFWaTY05ccBYyuWJGeFzgfNwR0+lw/FdDENQpUqqV7Xa1WqV1r3d9Xtv5+L7SCktbt6Ju1+l7bbWvJ3WiWltD5sitUlki+cGQ4AwRgqSD8uOpbHJ5BHXI6+laJarbM25Aw2/KwxtOAM4I65xt4AOe2OTz48JarZXspFvK1us4P2go+FHBHOeuMDg4YnBxjNdxYRPA0KSZeRWVWjAJwrAcAnAyThst6HqWGejG4uFSk+WsmpRV1zJ6aO2rum+iV+vXQ+gy1wnOE3yu1rO63aW7fxPXSz+TPTPDKpcTBvLERwAqlQqk44JwO3Bwc596/Zn/gkHCD+1hasqjC6DfHg/KwWFc7vXJ54Pc446fjT4eiZLncd652nDJ8oyOM5U/xAAHggntjj9p/+CPdlI37UtrI4Xf8A8I3qEhHPeP0Jz0AyuMDOMg7if5k8a5x/1I4mV228uq6XWt3DXe7Wza1fkj9/8Nor+3MqdlZYiLlfVaQ127vte66H9Vl4g8/LKDuXGRxyrEY/AcEjjIOCBgh0WwTKAemGycZwMHGCSCAORgEc556VbvYmeZVC7QItuOPlJJHtjkE7cDA70RWQV43lYxwcKzbcnGDj5evr2xnkAEA1/n3kEX7NTakno1Ubsm3y26rbS1lr17v+ssTKCg7PVtPSzdlbXTXTystLvcXxRPHH4M8WSlwVTwprrMvAAH2GXAPBY84HzdxntX5Tf8ElNZ07T/gj4+a5uYoIZviv4pIkkZUGX1C54LvhSO5xzkcZAJH21+1R8d/hP8HvhT4xi17x3pOj63qPhDWbLSbBriOXUbu9ubOWK3hW1jZpYwZCoPmgY5J4OB/Hx8K/2iviN8K9L17Qbbxjdad4f1PXb7X1sba4aM3TXN3LOSAGB3Oj5xgZyOvUfu/DfhxnPGvCedYTDTdJ1syyvEUqlSM+SvDDwxKqxhKy5mlWgua7i/S9vzDOuL8syDNsFLGybiqWJjPlmrwU1Qs5Ju+vI9bNu2x/W38Y9buYfiz4c1rwi+naxrY8LX9pbol5Gi2krq5hnkld8MFdt5XJzkjGTX4p/tN/sR/Gb9oPVtY+KPxM+KXguwv7BZYIbd7iIObeJ2aG0jYvtLiNQrEA5bJ5xk/mp48/bk+LupXm3w/r15ZabHaGFbhpCt/k5DbZ1PmAkkjJyu3PAWvCfEH7QPxU1fSootW8Z6/d2kkpm+yNqVwMMeS0g8z5hnA5OSOpI5H61wJ4OcX8J4rC4zCYjBYTEexhQ+sToSr1/Zc6k1DmaSUk2pPR3t5HicTeKPBGZ5NPAV8LjcZShHmkoyjSpSlFXhzS5m2lLVaXvstbqn4wWy+Dup6h4ctJYtUvra+ltruaFUktZwjbQVlwyqCMkEDbt24BAAHkUulW3i26mvJIVs3kkabzkRdh3H/VxkKRgE9flxjODxijr/imDV4Q9/tFzJOZHLyFnmY5BdyfmZ8LkEgluAOQSL/h3xTaMiaXE+GyqWyug2hnbblz1PUHrnOSC2M1/YeV4DF0sJSqYmXPifZxVSrZpSl7vM+XSybs1HmdtEtb2/jrOM4oVcZX+p0/Z4X2rdKnu4x0sr7u0Wtdm9la1tQfDG2hmt1a8DvNEDGjEMWZj1ZwQUVcrkjDcDgnKjs/DXw902znuYZrcT3aQsIpXYeSzEbiNr5yAM/OME/NwWOB6tZ6JZW2mabPdfZ5b2bY+8sCGUgFU5PGBjgce3BqxrDWumRvfQpG0kcDL5SttDuyAL5eNwb0O3k+54r0YRlJJVJ6qz3b6Rukulumn5pHh1MyquTtyw5lHR3bV1F2s1fmWmrburLY+eNVsNOTUG06WCCKO2J3vEmYzIxICkheg+6QCTk9McVnXV7oHha6j1HVNPhuI1hK20UakZfBHmSDbjaWwcZ6cEg9L2qatPay3t9cWEaJIWaCN/vPMDzJtxn5SD94duOmB4PrOsT6lPLLfSNKhdm2ZyI1LDCgYPAyMnsepBxThQ+sy9nGo1C2rSfRxTV307tbWVr2SClWdG9SdnU0aunZNcr2dk7pX1tZ62ZvmQ+KtbuLxIILeDBm2RADyohkrGh4HIHOMrnvwMcF4mvYFkkijYSYlKs7gfIAMbMggE4OCBuPXsK6zSL+2s9IvrgTYlkBSFUTJdFXG0nAK9AQc5K5xkMM+VahdteAMYgpExYnncwJ5baOcd884HJHNehhqDp1Gk7qKtFO725dX+VmvO9rGNeu6qbduaVmmktLct9U3Zdfe122FsJuTFGNpOCZFUrjK9cHAK/TJAAWurXTWkh/eSK0TbdpUAuGbPz/AC5CjuecY/i9cPS9Lu766VorV2jhi3ysjELsAyc9FxwCRgkkcgHmtslnmjijLRQyKykJ94lRtCcdOTt7ntzjNdsly3afR3eyS9136aXeq7Wvbcwi1f7TlonZ20bir66at6LTa7tc6Lw34KXVLmaOOUSRW2JpGBGflGcLtznuCByG685A960z4E+PfFWiHUfCvhjWvEDSgxxW+l6fcXM3lr993ECMQFVc72Xpzn09z/Y9+AOv+MfFXhLRbmwUxeN9YstJgu7mJhDaQXcyp9pkYqFCqrElyQpIGSRmv6+v2zfEHwR/4JEfs9fBvwt8P/A/h7WfiN4s0kzX99fWVpdS3t5PZ4udRd3jeYWatN+7T/VsF+VcYr8b4v4zxuAx8MHlGBeY1I1KMKnK3+7dWooU4tXcm5Wk0l7sbXbTR9FgMvjWhGVSTpOUZKN1peKi5Ny0jGMVK22ra02t/Ahrfh280bUb3T7+0lgvLORoLuCdCs9rMrMGimRsMjq2QQygoR0wMLyNzHBDMIzH8ijcwB3fMSSxyflHPPOB/T6A+PnxBPjXx94u8UXUNjBqfifV7zWb1rCOOK1S4u5mkMcUKYCqoYBVCjrwVHB+czcLcHymXzGMmWfgHgZBPYAZGDyTz0GRX6dk9TGV8Hh62IpexqypwlUp3bUZOMXJXTTfK7xvayjdXaPJxdNUpyjGXOoz5VLo10W9+i1s0t+mtN2jLMwQ7g524fG4AnIwSchlDDngdR0qOJpN7OyNGI+20EgHoBuXLDHXseeTk1fSzlnuoYoYpPPlYrDCkbs0rE/KVwvHJPPXJ7chvpnwz8F/D9t4L1Hxb4/v7vS7w2040XSEQGa8uo03oGJAIV/lPADY+8uMCvZnV9koc0ubXltFau7VrXSbez1Xnq2csE3HVK62er193q7O+19Fa93a9n82wWaShZUZTjAnyMHnOQMjkk85OMcdiTX2p8Hf2L7z4tfBr4pfF238ZaPpVv8AD7TZ9RGjXFxG2oaituhlkCwFt20cbMLgk4HAAr4/QKkmyKFltyzeYDgMAH+UEnktgDGCAQScdh6P4X1zxhYS3eiaFqWq6dpmt24t9QtbW5nitr6JlI2XiqypJHyN4YEHOeR8x8/HUsfiI04YGsqFRVqbc3T9onTUoynFRvo5wTTd2zelOlH+MueLjaKjJpqTUWtbS0bSuujvokjxy0s5PnEG0sCfn2BQ2flAGQDk8jnnt1Ar64+CfwWttUtv+Ew8bW0q6JZ7ZLfT2BSTUJgcg5YkeSTzycYY4YDk9R8J/gHd6nqEr32kXniC64ltLLTbaSaISn5ollZUIwp5OWzjqxGQf01+G37Cfxf+IllbHxHcp4G0BdhW2nOycWwAxCIlIAJQDO8DHKk5Ir7TLsHhqUI4jHNPlXuwT1k/d1lFq+muuvVJdDjdLEVpcuHpNp3vJxbSXupJX9XZ7La17nxF4x+JP2rToNC0VBouiWKrBBbWCJG0u0gAHy+WXIwzEZYkZOc553wP4C8Z/EG/b+yvB3iPW7wMFtnjtLn7PtJwhaVl2AYwSQxHOc1+/vw1/YO+BPgC1tbrxBpy+KtVhCP52oBTCZlxgiFmIK7hnJXv1719UWVl4N8G2kcOgaNo2lxRqoEWn2cMbBQFCqWRASQoAyvQ4xzivoXxKqdNU8NSaUI6O2kUuWytva99O/mjohw1UqtSxNVRi0n7qu7tRdmrba9W4tr5L8XfhT/wTW+Ini14Nb8ZXtr4Ns2RZDZBBLfCMnd8o3YRgAN4BGRyeTmvujSP+CfXwL8PaIsGuR6hr12UU3d5Nd+SJWBGWVFdQpHJYDjrkYxX1Hqvje5mRzau0Qx0hBLHsOdvHJAwMDJAGMiuB1bX3WB5NU1E2sTbTm5uQrEdSETPJPGNucZOR1NefWzLMMVJP20oRdvdhHW90mttVvo0ravfb0qOUZfhY8vs1OVlacuVrVRejk38/SyWx8g+Jf2B/hDc6i8+gane6PZK65sxMsoIJ4JkYkgc88Zz0Bre0D9iz4Z6J+/giS8WEBmad9xeQBhuAXcSDkkAnGT1Nep3XjFZJ2stB0+81eWbdm5USCJDnklm6AbgeOAOOOMdNpWleNbyPzLyT7DbEqTHGdsoRhyhI5zk8E8k47bgPSw9HGTpxck2m0+ZqXeOj7rtZJ6WvoebiPqFNyUVCMkre7a61V7bvXfpvdLZnlGofs6eBIrcrbaZpyFSFmYBXcqOSCrAHthuOMnqM182fEr9kDwh4qtruXSlg0u8jQtG1qgQPIB8pABXrzwpx6HBGfuaX4dalFf/ANo2uuXgkYKxhlZpYmJJypXcy4UEkkgkYyD1rYfS1gjWPUdPFwpysl1b5Gf4SzAAdeO2MZGdp5+gwmXyco1KzVrRvFqy+z2V1rdNPTVNs+bxuOo+zcIRumldtJdFs1brfVq19L31P59fF3wV8e/DDVXEXm3dop3QzBSV2oRtBPTGBg+mDjgYEmk+NJ7YwxanAI5wTHIrD5sqOGU8hckADtk/L2J/avx74R0XWbCeEQWt5bYZJDIqmWBWGcEH5sjPoCMDnjJ/Nn4tfBi30u4mmsYDbodzRz7QY2XcCFJ5CsAGC89+DzXr+xnSkvY3tZNq9+WV47X0e9t1a/ezPntJpyd7uV1r1916u+qts2le76I88Os211aRESbRNIC3zDKn3BIORkDb2PQgA4jlu44bf5DxGJAScENyCCM/ewM9SP4S3HFeEa1Pe+E71Eumc2E0gbzGYbYmUkcDoOTjI4Oa2oPEa3UUbLcJIsikkh+ApIALbecABskH17mt4V0001FSikmlazvZLpe19fd031VypRlFJxV0/tWtpyppNX0SbutNdWm9j1u3uY2MTDnzNgkLEA5Jwq99vAwG4OcdCa0JY8JGQECl2GMnOOA2D2yTySVxwDjHPn2lagjlYkYM5YB8nk/dxtz/AAgAsBk9DtGMY79biNliRvQqB3AwMt2yDxnOT3J9bbVotL3nazWq3W9731169bk0ocykn5cvNfW3JrvK6td/pYzNVMSrAqqGDP2+9g4wA2McdDj1GAeA162t45LUjyw+U+QnACk5yOc5yBg9BjHHUGlqqjyYvLKqsbsQwIJwMZwR1yf5jr1GnYlTYbgV+VCVxg7ifUDrj+End24wMGE5OTT6Wu5NW1jHa2qWy0vZ3TerRlV0kklb523S6PotVbeyVnorZkulxyJIFjQMoO1toUMTnAzwOm0jk47cDBq2Wm20gMbQRrJgIHIA+fHXg5JB44x+XNb73Cm0cbdzBcHI2jnOMADjPfP8JyeAapW4AZGAVW81d3+0OCDzu5OefunqAcVSjF7pX5bPRXvpto2teje6vruZSnNOFm9+nWzXXo9Xb87GnBoUccSkoQCGXKuwORkjgHIGPlGeRgZGM1mf2ZdWt+WguLuKI4IENxMuCvJGFbOcHp/PJB7bhYoyJCdoJPGfurk8dPbOM857HGY3+kXnytkoFLqTgcgHuOpHTjoOOcg8lVJyUbJRi9PdTv8ACtdItrm66977Hq0q7jFJSaenVXfw6x1btuuuq3JLDVfElr5v2HxHrVqi4JWLULlSAc8YWTkDA5C4GQenTrbT4j/FHS4kFh438QR452teTSD5cEAhpPzJ5ySf4ga5m3jKvIdmFVgegJIJPAOO/BJ6gH3wdORUIVyNuQSwJOQRxtOOpI4GeOoBIPGDpwt70eZrVWd2ldWettn+T22LVeT95NtNb3d9122W3a9t+h3ejftG/HHS5W+zeMbuYKQxN1Erg4buX3csOMEkkA9Bk16vpv7aPxw0oKtzNp2phsM5ltwHK8cZXAHJIOB1IyT0r5hjEa+YgYLjJGF6LkErkYAJH+0fmycbTUxkVZduAwIGAV4O4DHIyQT1OeDg8HtHJQSU3SUnd2uovfZKN2m7Ja6trzua0K9Wpopzil2b3utY677q+97730+xG/4KC/EPTV8zU/BulXceETcjOGLNx68EjJJGMHPTAFbll/wUB+0xA6n8P5IxIAWNpMSpIGWwCMFc8diPQ4Ar4L1dIntgpVgzSIQWbAyABjKjJwM9jz06k0ltCrJHGFCqE6kfxEhSQef4nJz3HRQCCOedOlOSl7KH2YxvCLSbcV0Seqvaz73a0O6EpJ2VSomra63u+Xzsvmtrn6PaZ+3f4KlU/bfDGtWpyWUo+4A/NjGevb0BPTAIFd3pv7cHwwdFaebVrEsWJSaAuQGboWweBn7ucAdCRgH8q/skKKI1jO5XGOnQkbQc44HGCOeMcEVaS0hZH3x4IcHIIOAM8AHqTjbzzx0Nc8sFhak4ynh6M29kobtqOqd7XTt6X0TLlisRTso1Zx1jd3tomlbe97q+iSV+miP2N0X9r74My7DL4tazd+GW6t5CELnJO5oyAO+cg9OOK9G0r9oz4SasTHa+P9HKsCoV51hDEn0ZlGeTggnHoc1+Ed/aQvA0nlQncVAUrzwMbuOMH7xBxtPBJ6Dnjp8IurdAgjVkDOVJXBznb8uSCSue+OpJzisq2VYCUXFYamr66LVa+SetvVro++39oYpyi/bzaUYt3k1p7tu2u102762VrJ/0Xaf8TvB90MW3izQJ41BIK6jasTnGPlaUHI5JGMntzxXRWnifS7orLFf6fc7sqhhvIWJHJwFV+eB9fT0H85lxG1rp91PbXV1BNHEpjaO4ljxgYADK3GDyBgHoOK6LRNc8U29tataeItatmWESsyX8+0Erkj75yBjOQCRyMDJNeRV4cwlWVlFQVk+kry0WmmzV1azTvbTS3RSznHU7WrSu5aJzb0Wysm1aya1fle7Vv6MF1G1mVmGxs5QCN4wVI2nBCnBwepw3zDOcmqrXdoQf9HLleGEmSq9cHOTkjuR3PGa/n8tfid8T9OkD2XjXXVYbioe6lkJbuSGbaMA8noeQvttwftH/ABx0wGOPxrcScZIuIlkByQBhnUjPXj1BxnPPFV4Wwuzu7puOlna8Xpp+Pffy9GnxDmDt7zeiu3Lm5rctmlun0d+6R++9lc+H3bZcsFmycnauFUdABhc8H+6M8499B4dEuJBFbTW4dsBFO0KF6FiTzkkgY3fKOnFfhFp37XHxuszGst/ZXoUEs89uqeYODkHaAvAxke/BzmuksP23/iXZTJ9q0HS7wgHJWSVCSp2k5GNpx36FsnjOa5XwdgpcrVWUXJK/u7fDZX1013WnozrXFmPgknTi7JWcUr+609W7rprs7X0sftZN8OjqKMyapbN5jZX96AANxJUqrDORnjGOmcHFY1z8JJokZYDYyclgXkVlZiOwJLKWbHQ/hwMflRpv/BQ3xFYSgah4I3oiqzC2upCN2RuyCRxgkc4554rq4f8AgpFos4EmoeFNetGRsBYplaNeDz1wR1wDyNoAA2jbxVeCVGUfZYjmTd72s1a2/bfXR7tXOlcZ1P8Al5hlzbNtXbdo9bOz0atbvsfoBc/CrXZbkxWsGmSTEEbBIgZFGQSVPVc5OcZOOF5xWHefBvxIr+ZPpxliZFBEEy4Zs5U7hgld33cckY6cV8j2H/BQn4ZROLoJr2n3siqryXEfnAKxOccsdoXKgfw4/L13Qf29/gzeosl945ms5C6SeXPDIiqAMtwQMZwDnuQRnGFMS4JxS+DERkt+z15b+9e72ei26LY6I8ZYdq06Dlay+1a75evK1dX/ABt1PTLr4WanZkTTaJcSMiH5fLdpMnG3LbQCEAGB2xnGc5xb/wANzWsX77S7xwFBCG2OU5+YjIHAB5O7jruPIro9J/bR+DWth4rf4kaSpOVVrgouFHQDzOfUHnPA6HJrtm/aD+FGpQqyfEPw1KxQBV+02p3LnngyZB6g9sflXNLg7GxcVGrNq3Z23Td2nay6b+nQ7IcVYKXKuSFPay5o2afJo72b1V9ttD5/vrS1gQo1pPEHABja2CkYIxvJUAjuSM4HUYrDkTTo5lyEhO3IIiTCnoCzYwG6n0xnHavoOX4vfDrVXaOLXfCV8wyqK09qCQMej9yAc4PI6MRT/P8AAOrJ58i+HrkHB22d3CNvcjCttPOe4OOFxgE4VOE8wjfllJ3t0aVtLv5t2Stpba9zujn+AqJNygrLe8Ukm07vbVt2tHW3TU+W9WvLq1t2FjNFISrbSUUBM8Kc4BO3K9sbl+Y9K83a21TUbuVr9FniwFYRDbluozt5wcnDYzzgZxtr7TvtH8E3UE0kNlaxKMIM3EbIQp7BGJB4HzDkgDI9MO3+HGkawD9gurWFXPTcIwMc8nILdBgtznnkcnk/sPNKPuum6ln8XvNbRd7WVt35aLR7LRZnls05OtGOidpN3eifXdXb/md7tdLfL8fhJ5/LSGyZvKUsVLErj73BHXGcnBycZHtUHgy4KTSTgwqrZIjdi45w3A45UAEdeoPGa+59N+C1iIIX/tuC3Y5UgyBsnpnLEAgZAC4JxxknFQ6n8H7yzicWV3p96XJA+dAxXB3e5LYOfQk5OcV0QyrMZKLlQqO+rVrrTbRWd73au1otupnLNMtUdcTTjsrOXLo0ls7Oyb20/A+EotDlFzGEZmgjBHzs2OD82VJGSckgDPGRya9l8I+CNMuIXmvowu8bh5bhNqcnBDHPI4OOv1yD23iPwNqugr9rfQXkkRTJGIkWRHwDnOFJycHOTjGccbDXhWs+Lb+KeS3BbTpHjKCF1eFlK9lKqFIzkBQcD1I6evgsjxc3F1Kc4O6v7smktNW2mnv1bt5WuePi8+wtNSUJQqcqunGXMmmorTr01vve/S69vhsfB2nNMist1LC2Ud3Q+WV+8hRmwcZzn0GVXis++NtOC8dvZras2ZIkUMzAHAOFGVJHpxz3ySfD9HsNQ1OSO4W4KqXIuN7uWkDEkMQSdw2g8gYPzdMV7X4f0m2t5N4mSV1KlhKzEMQBu6nHOAVxgj+LIBr7PLuHKUbTqRb5tN0r8rTTs73dtHqfFZtxRKpaNCXK+ji3b7Lu2rXsr7LR3fZnAax8NpNfuW1LQ9b1fwtcRM0inTLiaBHlI+R2jV0R1UjlWDZzz8vNQ6Zq/wARPBLyWXiuIeM9FeIedq8SBNVto0ycuoLFzhRkn5ieBk8V7/LLbRESCTY687VZdvHygd+RnJyMYGc4rmNUgEoDRq0rzA7/AJsD5iOMKT8pOcgjkdjzX1mHy6jCMVToxjBdHFNOPu9H1063XVaJHxdfOcTKclOpJppLRyT0SaejTWqa7Pta9pdK1Pwd4/0OS38O6t/ZmpbQJ0hkCXsbnIKXFvIwkDnGGKqeeScMMZln4bs/Dsvl39pKoyR/arkSRTkHDMWOWjJP3ssPm4JBBA8w1/wRFPfNqemCXQtbjYGDUNMLQkSId264jQ7JUYnnIOOT0xm/p/xN1rQDBonj2xElgwEY8QJ89jcKw24ukx+5fHzM44BBySAAa+p4SM7wowpy6ySSUtm07P4t9rarzQo5liJxjF1p1IdYyd5RtyrTXfa2i6XPb/7S0y18nyXV8klJFdORhfm3ZOBknrjJXPUgVSuvG9vHJNbxqJm2sqsSAoDEZGeFJbJPfk/U15RqAt7xmuvDN8k1tcgOlsJBIjwtk77ZixwCpPyrjGQDjJrkNQ17T7OI/bLh1lsFaWeOTbCBjnblimSNpIznIU/Mc1yYmrRoKUmltvZW5rJO7bast0rf3VqtfUwtL63yypzScZXlGT1T0et3a+ujsr3tbo/XrbxRqFpetcQTOLCeXbcIZCW7E4VieRkrGRwuMf3hW3r3irRW0ojWp4Z4btGQ290B5bxvkETk5CjHO8AHgEe3wb41/ad8KaMr2ulxnWdYjOIrSwYyIJcDAdkBUsDnIB4IA4Oc+F6nrnxZ+KxmkluLjw9psuGRVlk3iJiSI1HBQ+uACQpz05+fqY2VeSjRilLRNvS+qtf5bdt7bt+5ChQwsY1K8+ZxtaKbTbVrL/Lp56u30T4j/aA8IfDa+v8Aw1pV+NXN3LIbOKMrOmknlmgjkGSYlJxGOSuDjAwK8UfxN8Zfincm1068v9I0KeRt92P3byRyNhQSuCq7QFCj5sEAruNL4N+COjWF3a6hfwSavqUJ86Wa6JcM4zxtfOHHJ3EZ6d+a+jPAxHhvXDoV2sa2Otq11pDOgSK3mT/WW+7aDkDG3tkkjrkY08DOq+apKyetopuSvyrddH0d99VbcKuaxmuWkrW26rTlvbvvrdu2mlzg/BvwA8OaL/p+ul9a1fJuJLi8/eqJc7tuGzkFuqkggHPB6+s6faaTprXNuloqNGyYjRVCrHkfPGBkBVxjbwOpwM5Hqt7aIlo0sYUzeW5lUneSQmTjHAOemVz2GDzXjpu7h9V2GDH2yGSI7FAAZOEBJI2j5cnBGMk4J6+g8NChGMox1suV7votW3vdrRNW7dTzfbzxE5RktUlvfT4dNtrPZWtozsIpIHlIyADtMXzch8AMGOckAYY84BHTOSOgt5ozEY5CCkaOSVIALbSFzjkDjBAI4GeOK8ZXVLmG4uEn2q1tMEKA7mbBAPHPJXv06g84rrLHUzJCzynbC6SFVJ+cHBO7rnAHQjjkD7uMcs6nVx05ktWnty79bJ3Ts3a1tmzvw1HVp2XMk3peysrauN9Nb72s9G3ckOp20jOJIgHMxWNty/dU/dPTk4BGB0PPSql7qardnKiKLYGyNoBcD5dxPGRkZB2kHpjArgLnVjFcTuxVY45iVOSqllP3juwCuCS2MknOO2eA8T/ESytjLb27G+vHwBHGcLHLt7lBgMT0PAPOeM1z1MTFpN2d0rpW0ta7butb6WsrX1udUcNG8XpJpq3d/C97bPZp20t139nvvENvbxNNcTRxFVzvlO0BQuOOh6dwDkdznFeR+Ificrxz2ejwiaePcv2nJESHJG5CSAecDcD6nO4gV45eanrWuX6i4N5fXDKVg0qwVpSS2AodFUqAoOSTgjjJGBVvUl8NeCNMOofEXXYdJUbZk8K6WUutcuj1WOYoWWAHo3mFSARwOc8c8RL2b1jCC+1Jpa3XVu99b2dtOj0RbnCEuW6cm9IptuWz062vrZKK310OE1aPU77UbiaGW8vb6+K/aLe0LtHHIxG1pCpAI4xzkAjJGAKpWPhzUr7Vk0WOAXepvgyRy3MUUcLk8NcO7BUVc4G5lGOuSec1v2gRq91dWPhHw9aeF/D0C4ErIJ9cvkQ9WkcM6s6jJCNwW4JWv2x+DX7B3wq/ax+Anh74neENUufAWq3kKafq+ri7MtzJq1sh81b+HzCYoZnQ7XCk7c45BNfn2f8AGWDyCpSeJjUlRq1FCVdW5KcU07yS11b0ai7pdNz3cDkWNznD4mWErU41adNuFOrrKTXKklFWi3drZp9G0fO/7Pnwa/Y78FaVH42/am+OllNqNpI90Phf4Viku55/s5ytpfXMAkUmVsL8j8A85BNeu6f/AMFMfhj4G8bwaR+zP+zrZ2WmR6hFFpWqX1ok3iTVIIRsjisikZaHz8L85AYBucEV5Ddf8EzPivpPji/0hbfw8/h6EujeN7y72WNxAOsxEzBgxUZ3YC7z1xyPdfDOnfsg/sd6fPrOv6/beL/i3p0MgSS0ig1KC2Uxtvht1kL2cRDDEcuRMhJ+6AxqanHuVypUngsRTxDqRjKKopzktE05PWz30vq3qflmL8KsZm2Nq1OIZYzGOE3y4epVlRwkNleNCDUW1uruWvQ9w/av/ad+PPxl/ZxsfDPjT4U6R8MNF+KWpQeXpOnTHWvF19dWXEEs9vH5k9sLhsPIHRAu4Kua+M/h/wDCyH4deFo/FPxM8TaH8L9LtoIria88QyxJ4gk+ygbre00sSC6bzUAMYMRUnG8Yr42/aF/4Kf6zq2otpnwq0CHw/wDZ3ll/t/VJv7T1FJZGbbNamUutqynGxYdoHT1NfnhqnxE+Kvx08QteeKtb1vxXfyyNJ9p1G7na1j3HIVUZ/LRUBIK/KCFxnIwfks5zHE5m/a1m6NFWs5NObiktGrpRte/Zd3ofpHCnBuByClHD4eknO8ZOEIWjGSjBJteXfV2TufrR8Xf+CiXgfwXJc2X7Pnhc+JfEckbwP8S/GsEc/wBmdF2rPpGnvugVQwZomkAb7pGOh/L/AMXeL/jT+0P4hn1fxf4g1vxfq15O8rSXU866baIxP7u1g3CC2RQ2wLGoUAcAjr3vgr4UaZasG8Sytqlwu5xY2pAjidcFFdgMADIBDAAgHB54+3Pg38DNc8cTx2/h7SjbaNEyNdSWSLBGqFgCPPYKWmI+QKjFeema+Nq5vQwVo4am6tSWqk+knbay11ula19FrY/TqWWvki6r9nFJXinry6b6dLrVX19T5N+Fn7P+jW0tv/wkNvPr+peYrHQ7Le1vG4wVeeZc5AJBIJxtJPGMV+hPgz4XPqLWGjNbXEzh0jtvC3hq3LSPH8qxwXckCmUueBIZdwAY7iOQP0e+C3/BPfVNR+xzX0kXh7SrhFd4bZBNrV4hxlpJTkRB+MkOAmfXBr9gPgX+x34I+GdrHJomgWqajKqNNqV1CtzfM5GJJZJ5Q5jZsZKqfl/DnyMTWxOLkp4ibjBxuqd9VrFryi39+ttLOzliKdBezwsIuWymktLW1beq0e1lq27dT8pfgp+w/wCK9WSC616yh8B6LOkX/Eq0+JJNauomwVWebBaMsDhtrbs8ZwBX6mfCj9kjwr4Qt4jpOiw2OQpkvrhFn1C4ccvI80gL5bBJBJHpgcH7j0fwNpOjL5rwQtcFQzSMoJTI6c5Cd8egxWN4s8ceHvCsD/aryEyKjbbOBg0zkDhVCnIGTz6444zjxK7a5lRSjF6J6t9NXJNtN9dXe9tNzJTqVX+8lzPyV9+XROzVk/ldWaQzw54K0Xw/CkNrBGzRqC0xVQB0VskDAPHXgZGMgnFP8SeOfDnhiCSMzwXd4gLJZWzLlWUHBllOY4lGTuJPHTgZNfGnxB/aWkso7kzXSeH9JXdmK3cTardoAQsaxgkxs4wQeMdQCa/Of4qftD/Ejx5qj+Evhro19bWkqn7Xq+oSGFcScGa5uR+9fZ94wKzIeFKnmvDxWLjhqFStiMRTowpx5nOpKMYxScW782+iuk1e+3Y7cLgcRjK0KVGnOo5SVoxTsr8ttdY6XV0ve723Pr79o39sLTvDlleQz63DbpGrqbPTJl2tIQQsTzITJOc5DJblgDgY7D8wpte+Nn7RV09n4Yhn8K+DLuYm78QX8JikuImI3CySYJNLxkh3RtzNg54r0nwT+zxb3N6nib4iXz+LtZMwmggvCy6XZyEgt5Nnko5BAO9lIwAScsxr6/trXTdFsIIbe3hXyI0jiggRY4Y1XAVEjVcIMYGCDjdjI52/zvx9414bKaVTBcORWMx07weMlF+ypNJK9KD1nLZ3bsnayZ+18KeGTrOnic0tTpXjL2PWVuWylb3r/doumqPi/wAf/Bjwh8HvgJ8TdWsrb+1vEjeC9WF94l1QCa9lle1kVmttwYQAtnaYwMDHc5P5d/8ABErxEbX4meOo0nbM11NMwZ8MDJM2c5PzFiSBnPQY55r9aP2yPE0GnfAL4lwzXcMM1z4Y1BIYWlSPb5kL4B3MCzcgbQMbgRx3/Cj/AII/3upab8T/ABPKiSMJyJEER3Fx9ob754wncEgAYA55r53hZ55xR4W8d4nNKuKr4rGYjCOnLEObbimp/u01pGLeiiklpomfY4vD5dk/FGQ0MNTpwp06OIU4wjFWtGMY81rab73be7u7L+w2O+89I1MgUHJBDLtCnOASe5zyvYnIJOc2n0+0uoQs1wAZQQqQ/PKy9um4DcGxgHk4x0r5hXxwllKP7c1e10qAgP8AZRIslyxC/KoXPLuMYVT17gciS/8A2l9M0JPI0TS4LdY1IOraqw3k7Rl4Y3Ykk8EcAEYDEc1+GZR4e1KmIbr4Sc3zLWUZNata2s3re907dbJ2v93is85IReHcYXtqpWja8dX823e91d9D1Dxh8ObG6t/PmdbG1XlrnUbny1yxJDrEH+bluEK89DnOR84+J7vwz4TAtoPF2rzsjgMdO22lqSBtMeVK5BwQpByQB8xxXi/jn9pH+3rmdJ9bub26ldxDF5qR28eCWJEO7btUZUFsfKM9QDXzx4p8WaprYN3JdtFZxAbppZNkJJ6eUgI3k84IDA8c4Jr9z4a4Lnl1Klz4eNKF42tSs27q+vLd9tdFf5HxOYZrOvKSqYj2j3aU24LZvW65t732V1d6m/8AFH4wf2PLfppFzdSRm3nZ7aa7lmaZpI2UlwrEHjkjOMgdsY8/+B/7QevxeG7qxluWtfM1OdoAnyFQzNkuTgnrxnJHTBxXgHxP8Z6HotlLILtQ4t5DdXkyqodmVhsjyCckkEgDgY5Pfwzwf4206fSk/su4kuZZZJ3dt5jSNmkOGKh9oBGT15+6c4Of3fCcJ0cbl8Iywn/LyHvcnxW5WrpLTf4bb6vQ/PcfnLwuLlyVlFxUm4cyb+y9lfo31tr6n3r8SPirdavq2huNQubp7edeAeFYEs4wpK89MkkggdQc13jXtxa+FNT8a362ctpHpV7M1vckNHBEYHPnSxH5fNzhgW7AZI4I/MHxT421TT7zSo7NpJrg3Qz5ZkkLSbgeg+8ACfYgnr0Pd/Eb4jtP4Rj8HR+Jr7UfEXirTIrG18LaNHcXM8ckyBW+3pAGaKNGJZ8hQEGTjFfT4XhFweEhQUYuM46RgvcjFxcm0k7pR1adr3ba2PnsRxHzzqurqlH4t46KKikne716663VtGavw60nxV8aL29034deObq+0S2W41fxfYT3A00Q5lbaGjR0ea0iUMqcFWQ5bAAFe6WHgr4V/C4Q6h4s8RWuu6kNr2uh6WwkiJQkmOWRXLliylT5jHdnv3/G/wCH3xR8dfsrftEWUlvrkSXOkxww69YOxn0vUYJl8yTTtQhcbZIwp2sj85LA+g/XCP45fswfHHQI77xZ4S1X4WeNr6aS8Xxj4bxqPhm4Mn3pbvT5CTawq/LJbxkqrfKBtUV9pmHC2YynTdOp/sU6alamuWTk1HmTaTutHayS2S1PCwGf4KMpc8F7aMnvqovmVm42s763bbd7Lpp0+s/tIa7qkJ0nw3HD4M8PIrR+TpqeTdzQqNqmaeM7iz45Gcj6DnyvUPHElvFJcRyTSvMGZ7q4cvKf4izGTPJO7lWxkYAB4rbtvgbresWk2r/Dfxr4N+J2nBmYR6Tq1vp+obcEgSadqMkVxJKEwNsceS2VGe/i/i/wz450vzbLxB4Y1zSPLV0Dy2M6QKq8FhL5flSqQp2MjEAAlTjGObCcPU6cvZug4tyv7ylJvWKTbbu27Xvd3ey79GIzuM3zQqqTkk7J6pO2rV9E+lktdXaw3U/G13qEn7qd5dzkb9x+hYDG1QCOMgDjOCcCuav/ABBH5LIS1zc+WSWPKxEg5zuO0YPIB+mDxWLpWh6nfFhZo8NqpCy3UhCs2AQQAwBGMEjGMkkkdTVDXIxpcU0FtFJM6xOZJ2GEaTDMByMOSSAFXPb1r67L8pw8XTjKEU9E0k043to9E1fXTTRdFt8xmGY4twm07Kzs7uz1i9L+67pav1e7sfnX+1b8XdR03UE8JeH5zZXci+fqd/GcS4f5REhGQpHr8vHHJOK/Pw6jd3WrwS3NzLJKZovOmkkZ5ZW8wEszsScZ52jnPY8ivW/j9f3c/wASfEi3WVnhuPmQnmMKMqADjbu4xwMHC/TwmykV9RhUk7WuIFxjLZMy45B9RjbnqAQF4r9uwOW0MPldClClGMp0lJu2uqi7Na9el2mknpqj8UrY3E18yrTnOTSq8qV3y6NJKyad97eSve5+2/hHxbZ6Z4P8OzXd091cQaTbfZwWypcRIFG3DcIoAxyOOT1LR6n8S9Wv4DFBI0ETkBYYuGHB+8x+bp1UcgEjGWwfJfCumXM3h/RVdQqR6fB5IbgKPKGMg8FsDgHIX2GTXc2OhRPFl2ZnAwOSUJYkdF5B4JyuBg9815eHyfB0pqcqcHJycveSku/n2+LRp666HsSjUrWb0Tt01SfK29eiaWrttZ9znJHutSWWIJl5i3nNKu4HeWViWILH3x0OMcjldK8E6fCxnhsrZJMqZn2DL/Nj5TgAk+vOeMA9T6RY6IqDJgZ2wF+UkYPHJyOM8ZDErkLnqpq7JbmFzD5bhEX5VUK2TtLHkEjsSfmAPcEAA9ycoJU6bjGOsVd8u7j322u0rLpZ3SO3DYaFKfPO0nazTvo/d2TSWtt2tElq9S94a02ys/3jQqigZUjAAPQu2SMAAHGQSScHkceqaXe2kzqk1wGgiBIXhBuXB6naNoPIHAIPoefHbW1ur1pCJWggRSCQCq4XOQoz8xxnPB5yDgdOxtrA+RGvnMFIKKg5b5jkMcEnBJ9cKvp1rir4WUpWbb013SaurrdPd6bXtonsepGvGKSUUuXRJ2SavF7JO9301enmeuW+q2ETu8exkYH5QyZBIJLMOfmHqR16A9aLfX7bUNTHnCGK2swrIquuJXBUcknqvbk9Bg5OK8ztNFupGkCzkqF2ltxUOOyrkgEevH8RwBxVz+wZUYKZnByAEBbGTwCSueRzkkbewOcEc0svdlq7Sta2vnu93d7JpadbHRDFztGUtEn0s1ur306dtbX16ntieNLOCRvkykaFFbcOOAQhJbpzk9AQAFA6i/B8SYrcOwbZKycFmUIEJ2gAFsNngnIByMY715Ha+Ebu5AQSmaNFLEhjksccLjIyAcnhsEYY5IBv/wDCKRJhpmllAABVSVy4xtXHTAA6gjPXGa8fFZFgqsourCFRvpKKbdrPu+lrvTa57FLNcXSS9nNxWltWrtd7fK9lt3udHq3xSvSWjglij2OC7qGJfHI29jtwBjJ6fKcdOeuPi1qwiBil86Q7sLIjfKFGFyAOo4wwyOBjBGC+68NLEfls55pPlZCIhsXOBtfjdkE4IySR6biaD4JucfaJYYrf5QSqjBEQ4K7WJGSTkjbwR+J5P9XMshNP6vScrrXkVrPlsmrWT8t29b6I655pmFVxSrTt352tdF8lq7Jp3Wu5zzfEvXbv924JlkQk7g+Ac8FeD0HGScZx7Yu2fivWJYVDzDLKV8sgmTfnjAbsuTzn5upwMVow+FYxPG0TZkCHeoQkCMdFyARz94kkdcDgDNiHT1srhZGttoYsilVMrnGTwp4AzngjcARwCM110smwUJJU8PSWiadlrZQbs0nsne93Zd3o8amKxtTWWIqNJ/zy10hu07vqne3TTodL4U1O+FwouCZ5Sq8qMAhiD8xyOg7E84IxjFZ3jrXZLXxpGzxhlm00K+AT5ahDghh1wM/KO/RRwK1dElluJG8qzZFRAGbb5ZYEglj90nP3uB1z0r6j+Gf7LXjT44TXvibw74dfU9I0DS3Or3DOSYNkTN5iqWAZht5XGfYg8fN8bTyvJskrYvGzpYejBKHtJ8tOEpTajGKdt5S92K7p6bHnV8DiszcaVJznJtPXms9Ve710Ttu27dlt+337AXir493PwJ+GsvhnxHLD4fEH2GyWaLfsi3YcFWBYpGM7SA2RxgfKa/Y3wFD8VVvhJqPi+2njmj2m38rDb2UFmHHyjcCdpxwMjIya+Cf2F7Kz8H/s9fDzSEtZLdbH7TEwKFnjnR2VlZm6YYfMCeATt5Jr9A/DviZLWdru6vNOsIY1bfJfXkFuY8c7ixdflxyOc5Occ8fybDiTJcvnOos4qUlVrxqKnRrOKhGSUpLSW606NJNXVlr49bJ8bCu4Soyk6a5P4PNryxTlzWV9Y91rf5+9PZ6qmh3f2/XGEp02/Ek0QVTCwtpSHVuPukcZwcgc45r8rfgB8CPDXjCy8VeN/GPifXfGF3BrnimSPT9T1O4OmWaxvMInt4Q5QupUKBgr8oGAPu/Y3xK/ab+DXw68KazqPjD4neEIFj0nUxHYW+r2d1dXc7QSJHDHBBK7s8rFUVQufxPP5HfBH/goH8OdD+HOq+G/B/hHXvE3iCc+Jb69jWExw20l1Lc+RMGb5ni8t0YhsnBPyjgjm4t48yDHwymiq0cRhoycMTOrWc2p1FCNJSvKylKSvdtaLXRM6snyTMuatKnSqLldNaKcfdWt720V1Z2v0vq7H4N/tQm1j+PV5FZNm2g8eapDaBAESOGO4YBAoIyeBywye5OOOrguy1qolG/BOAMDaOoLDr26kZGegIr51+MWv6jr/wASrfxDcxCzutS8Y6neyWZY7oFnuXkCsMHhQSucbsjJ64r0OTVrgwvFHuZ1IYsMr8u3gg4w2c44J4xkiv6w8KY0K3DGEVCUJKMYcsk1ZJwg7K1+jT63eqv12xrlh8XJTi1Jwi3dJpOKgtE1q93d6avZmrq18kspVZFB5DMSnAUkkZ69yO5GRuXB+bz3UGEjMYQisuUkzJksSCQcD7wG3JJH3SOM9ci/1K5imJw4B3HawLMWBOMsQcEH1yMgcYODxsuqXpmCM8nzmRgAOgI2hCc8EcY9jxgYz+tYXDp3a0SvbTdpRave1ltZKzfRWZ586jlNatRS21/u+Xr8tr2PTreJCgaVA0oCsXRwqhRggYJ9cbuAPXAGKjuoxcq7RlEAIG0EckglZOTgHKkE9Tg9SOeMglugBKZW8vYMork53YAB9ArE7skAcnnJNaSXbyRtHE5ZyCGzgBQvIGTklQc547cjNdcabi2mm5WXNpq7WSs122asr27tnM9G1ZvmsnrqldJa6d3621s7k/2aWckSTKXLBVZiAEVcjhhxghWUjtnJxwKrvokrpKXm+8+A6vhQCeMEEt0I7Ed8dhiS6lLA3lRtvb5mCLg5Zcqdx5OOMgdP5LltrN9DMCZXzIC21PujkjbgkhMA8YPIHHSutXcb2d0t1q27K6abV9FquvSxm52WvVJNtX1sr628r/ilex11t4YhbBuXE8pZnU+YdoXAJ3ZOc89MevYAVaOkaFbFI7m2i3ysWL7lGQoK4zwMngjnkHkHrXGNqs6BZmeaMhA5UHceeACBuIyTnA7MKxr6e5uyqmd1eTJVg7lVVtz4JyVXpnjGDwTgVpCMkldWu/7tm1yvWy6p2avZaWbVrSqkYpuyvt7rsm3yvrsm73u+t7no8v8Awi9vJuitoC8eAcFcgkDIwDg5UDI5Gf1rT6jozNFH9niCZLblIToR94jqD/eAyOh9K8tljkhJcT79qkH5iQzD1B5xz1PJB71Sd5nU5YNwpTYSDknkds8ddxxxxyBVwovmTirJva9k0mrN2ukrWjfrbTRGarpyfLC1312dmt92r7JK93tdM9M1DWbGBVjgijCsPmOSdqjoQVHTjt16YwDTV8TAIkYt9ykqok6Dbk7Qcktgtjn6cgCuQsrmOeFIGtAfmVWZ5PnwQ2eQc5DHcMcc9RxWoBYRMhkBHlhjIqyAYBwQMZxgNnBx1H0NW1GMpJ20sk7aXTV9Gru6vql1XcxrNp3uktH36LVppK19drWv11OqXUriePKLC0eEC5X5up+XIwzEHHbnGMjrUlxesYEheVFRsnBT7hGMAkgE4ydoxx3wKyE1WwiSERyIWAGIwoJAxhdxUYDbSegJ7c8iszWNeRVZktpTuLgKU+82CVK8qFC5A5wN33uaJqHIk7Nvli3e+js9NHt27tdLWwp1uWSu2rySs77tra3TuntfV9Dwf4g3OlXl/dm5AklttzxsqgKACQzNnOWyACp9sdMV8waZ4l0t/H1klrb+aovApfmNfMVlVWJ+UDGCVOORyB6el/EJNd1a41SS0guwu1hJLEuNgP3RgZySMkYGOhIzyfBPDGi6pF4jsbQafcyyNdKXuHDRvksMA7sYJyfXj1Bwfkcyo00q0rKPuyabV3fRJNq9003fR9j6nAVqk5Yb3ea1SL5b3+0uVLfZNpu3VLzP38vra1f9ka21OSQ28r31tbfbPkPlmcopAkLBmGCFyCQAcdeB+x/7G/7H/wAE9V+BHgjxH4y0+18ZL4i0s3GpTb4gIZTE3koZc4Pk8/KWzuP97Ar8NfFfg/xf4i/YqjTwxBe3M2g3dnqWp2Fs8ssiWMGGmlkSMNhFUBmYA4ByDnJH2r/wSj1zVf2l/h14j+CF/wDG698D6v4T1C1v9H8M2dysN1e6YpAukhlZ1laIKrLKFyy7vuqRmv4n8TKGcVsmxeJyrHVqX1DN6jxUKU5p+z05L8sovlUndxlprre2n9EYWphaMKFOu1hXVwdKX1j2cZycI8sqkUmlaTSa5lqnfY+a/wBrf4UaXc/G/wAXfD/4TRDXdD8MeH7+S3sldFkspUaR5ba2VDudkDBBjIHGASTj4k/Zb8BaP4p/aD+GPgn4lO+k+GtV8UQ6ZrUF4UtpYgbkK0LswVk3fKFZhnJOT0z+2v7an7EPjj9nzxEPi18H7y88RHULm2OqXEjXVzqViyAC+Fwg3GWzuMFnY5Jz8wyBn8sNB+CWtfH79pHwrpcTanomu6lqa3d/qGjrKItNeLZu1KNYQDEyupZlbBGC2eBXscNcdYOrwNjMNWzNxxNDLatKrXqOKxFKvCkoOU4RlJqUnZxa1lpZX2yxeRU8bnGBx+Xwp18LKtH95yrkabguabt7rjq2n63Vnb9y/wBsjwZ8DP2MfBureJ/hv48Tw54tWHTp7LwUJo7/AE3xPpRjVZI722JdHRo8eYQuCHx14r8Wbn4rfsnftH3lpFfBf2fvi3qcjNJ4s0eWQeC9Xny3y39t8rWbSt/rFChMkjjGa53/AIKAeC/GXwR+I0Hh7xl451bx7ZtYW0FtdardNcPDaRALtBlkaSFiAQwIBAGB1Br8s/EIh1S9nm0vTFk0tUH7qBghDsfmYNH97BAJJ6HOfSv0DwgoYieQUMXWx1TGUsW5VaNSUZ8tKnOV1Be0cpOzveTs9dND848TMZDAZhTwGlXEYeMY163LThKo5NSjLlpx5XFQsldvR2vuz7q/aE/YWnubGLXPGXw/Txx4auYjFp/xf+FUMV0RGd7R3t/a2SvHKxQq0j3ALgLlmr8nPHX7IfjHwtY6p4h8F3Vv458PWcjLNbWpjXXbBC5Cpe6c+JnlQDDi3jYBgeDnj7S+E37af7Qn7Ol8NK8Ia3qE3hJRCLrwxrMh1TQ7m3DDfbtbXPmRRiWPKnYucE8nHH6C+Gfjh+xH+17Ktp40tJ/2X/i9dQxrF4x8PeZH4a1PWMEBryzXbCsU02C5ZQBuYk9q/caFKuoN06nNCKTSk9dLOSs76q292tbWu9Pyp4ihiItSiqVRu9rOMW2klol9rdtPXTRLR/yla7p9xaX1zBd2lzaXkJKyW1wjxSxMpwUeNwGUg5yWHB74zWTBphmjM7xsGIJMn8IKZAIAG09Cp64wVHINf0qftD/8E1vHn9kN4lk0XQvjV4Rk80xfEH4ZtBNqiW7AyxXt9Z2m55ZwhDSK68kEc44/JvV/2PPEUM08fgnWINau4jO03hLU1fS/Etv9mYs0ctlcrErFQGAUAuxI6D5a6Y1f3anO8Nr3as2rX13V+33rqcKpVITk4yTjv7jTS23/AAVtPxsfJ/ws8C2fjjxC9hql01pY2o86eVj5YOwFQoBI4PUqOMElhxgfROt/s8+FFWyktbtrUMRudZkK3KhsBxhiUyucg8evA5w/BXhvXvAOo61F4s8OajolzMGjWO+s5oncIzJ+6LoEOMAhlJUgjkAk16TBf3ckcck8TT2ciFEy24wqRu37FJCNz7d+tcNTEVvae5P3Nlo5JtOHvWd9L3UraarQ8XF4mvTryu3GMYqS0lrrCzbSb066vR66aLlJf2efAjMsc17eR71jcvGySMOh+cRkkKcHnkdj8tW5v2ZPBt6yG28SSQxyJhIpGTcrKMKX+bk5wCuOCMNzxXU6fqdhLI3kXrwynMTiQEFzu2qEHzED1OOOATjJHSWGlyvO8wuBEoRlJMqM+FBBfacrtORgKCQBzzkjKOIxCkpObbTja3a8X0t21UlfV+ZzUsxnJxvUjH+bR6rmS1s7aJap2fqzwC5/ZRgivLfzfE9mLWWX5nDDc0SnlCMkAheMjBJznvXVL+z78NNM3NL9s1F9hCbm+R5MYZRtyc5yQR074AwPUG0qZkE0lxK0C3QMkhl8xmVm6RLkqqnkEnvjBPbYfVtHs4GhaWPdASkMTOhd9wy7bzweCXJDA8HHXnWrjMQoxfM5Xs3yxsk7K6b1W6d7vVPdnd/alOhTUpcrfKnzWXTlTu3rd66NWu9dTyOH4QfDNZolTRCxjh8xYtzO3mA5+cgElicjJzg7s5wCeri8N6JCsNnZ+E7D7OqEKWtkadnXlSWZMYGO5HYdjWvqPj7w14ftY7mEQTxohMhDCSYTE7gvy7gBlRnsPmOf73L2vxjttSkmjto9zBGluHRYgFiIO3HZZF4HGASM84BHB9ZxlWTspW85Pry20V9N0rbbpnNLNo1+Vpcrbirpvryvv28r7+RJMljHcwQar4ftREsZVI47RADu4Ak3J5ZIz1HT2PB53XvCHgXXVa0ufC1hG5Qk3EBWAqOm5WG0bypycE4wBwOaztU+MiaRD5l5LZ3EUjSRRxTrGZxuO0MzHJBXjnK5HIx1p8Xxl8OWdnaLqmmWV7LO3mpJbFAqLIflSYAg8Z5J4HVRkAj0Kf1lU1L307RbV3peyV7NvXonqjSGIleKvJxcVe6015Iq/wAT97W2ne9r2XkHjL9nPSJrGO58Fa1i9kV520u4kTDGMEtGjcHOBwCAMjgkcn5dEE2m6jPp0kjJd2peO4h2gETREAr028FfU5XGefmr7x1H4r+DdOjutRmtoLe8MTtYi0YSFTsJAZQSgJBzznjPU8D4c8Qarpus61qGtHclzf3ZmeMLsxHkkkKvC7gAfugZyQOOPUwOIxMk4VOZxSVm7q70Vm7pNu17rpq9jvg01LmSb662stL7vfrtttsr46Wk8khldGcSFlGQVZWyeEPRh16EA9hkYN+H+xrWQNeGRwjHCBtzAk8ZPI7n045x0pup+LIWSC2sYWjiSPZmRQSrEHLggZz3B4zkgY6VykUjzMxdjIm4sfuhmYqcA5PAH3uemcdgK9GNOpK921p25ubSL1v2TXk27t6WbfJo0m2rK1u8U++uj5Vv5rVI7SbWLCR0+zRDy1Ij3kAORu5ORxkHjPYg56it/TdZV53hwWhEREhJAYBhgHcPvck54OMgbvTzCNWMbKoypPZSSG9TxyR2J6k4Ofujp9Gsby4ScRByzFd5CnAQYPJweccY4PuCMVnKEIL35XfV33do33feNmnolfZaLOc+VNp6Jb2323vfqldb27ntug3cgh8guywTHL7CWdowPkOTn5R/Fnnoc8c9z4Xs7+w1OCaJ2VJWLwNB/rZC52KMjJOSBu78nHQ1wPh3S7yGKLZKpdYhnfwBCOSCCMt93B249BjivR9HmUva3UcyQvYyrkK2XcBsFwCTkA8kAZAB4GMnxK9OLU+WS96NrX3so2as7O2/RJWv2PyjiWnPEvF0owfv0ppqytJcseWzdru3fzs7I734h2dwllDeXEwNxNHG/wBnEitIWAwQjdUJxyODuHOQefENM+2z63aWkjOm6WN0ODtiO/L5ZVJwoAYnkdRkA5r2bxxoTXyWc1hqH2m5vYI5BHI+wRMMyM8a4wpCknA9hgbtpqeC/h/c3dy+pSXkcs28W4bcd8TAAOzIMZA6DOM8Z70YWqqGHkpTvZWWqd2kvis+trrbrbU8jh6FbL8prRm2vdkowdpWWu7ulfbvbe6R6pc69dwWJtI3Z5DpggluN2DHEi4LKo6ls5+bB78c49u+Der6zd+DdQ8PC4mm0qO9huPsJAaaUvt3xunXa6nI5xg55rxXRPBEs13fFr1XtrGB0nDu3+kOQdmO4VSR8nUAcnn5vsH9nD4PeNtdkvLfw5p732pal9nS2ljSRre0hZ9vnXUuDDbpjvKVIxw3SvRy2lUqxmqdN1HO7ikuZ7xW6fNZW000e+zP5v8AFnO8Jh8txUHVVPEqvTnFvV3jVjd+5JuyWktLP0PC7nSZp/FlxbMn2K03P8mFTykBJWMMOAXOBgEY4AK8iu0uLiLw3YtOLjYs1q6TxsoklMcYIBJORhgBgnjjsMgfSnxW/Y2+MXw68Lah498U6X5uiyai0NvqNldRT21zOxLSDehbJD8EKOOFzjIr52vPDGoanoTxtbJvvLV45RI5ElusQO1ju3NtCgBiM9vfHz+Y4SrTxdONenOk0/aJVI8spxlKGsW3pyxtpdJXbWp+fZbn6xkcG3XU4RhSc5Xak78icknra3ktU3snb5XfU4NX1a6nSASPBua1YjIjBkBGQTgtkc7c9eASa/WL9hf/AIV1aePvhzcfEnI8OnXbK68SJGrGQWsMisN7EfJGxUBguAQWyMHj8ybLwhc6VeS3dxErxQTLBtjzH5oX5VZugKnAJIIHcAfer2f4ffErUPDt9f2cEKSNcoIkRgAYo4tr5WXsAqg4BJPHyjt+38BYnD4PEYerVSdNLkvpKUW1G0lfqraWW+qPf4tf9q4CnTwXLUjQVOpGElzxnKDhOMJxTXNCXKoy02lbW7P9CD4nft+/s7/Cj4L2y+B9d0XVnTSY7PQNBsniRrKI2hjhaYIcK6KAXY8E9cd/4tP2yvjzcfFLx1rHiCRFm/tG+uZGkLFioklMgAc4Yoqn5B6ZxkV47r/x0uNY8PJAjyQOsYtTIZzl2XA3J83RQMY56nJwePlbX/Ez6j9qkaZ5fJV027j82SMBctgnPVh7gH0/Z62LynL8uxOHyyVSpPGz9tiq1WbnObaTUUmlZRbejWr1uz59YjPuLs5yrE5zRo4TDZRTp0MFg8JCVOhFpQTqWab5nGKXKnJR2skmcTJcW2o+LV+1LG8W91jUcKz4cKjKcghurkk/iRX2pqUOmQ/sm+ANZvPD2qWWo2nxF1m10a4DzR6POiSZnFkCVjjkMuzzWX7zsc96+P8A4UWcHif4r+EfDcs9lYzavqkVn9s1OQQ2FsJ2xLNdSttCrHGGbJI5UYZuTX2X+1T8ePDmg6DZ/sz+G/7L1bwh8LZrq8s9d0xzJBqvifUmSW8lt5P4o45lKjazAdSORXxWWZrSwlavzzUHPZ2TtKLTSeujulp23uf0xhMBiI5bRlBXapxSVr3tCN7+Wmi1u9w8GXGlXul+D/ENj9pstfn1C6i8Qxwzr9oCrnynCKQwBwm0g9gy54NcDqup+J9a+JBdb/UNf1CG7FjpNhqczzlYXLKkUYlZkRYgQqKBjnjINeZfs4ay+q+P9ZjnlmIi0Jb6KAuzJHcKVHmeWTgNgn5sH2zk16L4tli0n4h3MlpfSQXg8u5jlido2gmbncjKRtkQjcCoHUbuma9HEZ5X5qeIhWlFN20fZq7Wy95puzVtdWY08EsPF+0pWl8dl0bkvekl0dnor6W76e96Z+z5qHgKC4+KPj+XR9I1t5CND8FfaFutSvFvQ/lapcxRuwiiiH8MgDEH7o4NVYbaHKzeUiF9zuV24LElioB6AceowCvcVyNt4kuNck3anqN3qd4IEia6u7h55yqrlVV5CSEAz8rEFR8vzZJHQ2t633NrMqHocFWGBwP4iBk+pJOMDqfPq4p126k5J8/vXeurabvbmu9EtEr+nMeBnmPqT5YKKioRUbRi0uiffW1n5W80dhY2MVy294yyuvyKuARk4JO3sOhJHJ+mK6G10+OJmURAyLhQnGCMckAnuN3AwfTIyDz+najBAIwWUS5XBZgFCHHGd2VyCfmxkYyx4Arzb4g/Gqy8D6pbWUP2e7Eqmae4DlljK5YRBlBwSevIA+VfRa8DNc4wuXwc61RKPurlund+6rqNm1qkteln1sfG08qx2cV1Qw9OTm2ldp8iS5Vdu6831draJ2PoeEQWoErnyY0Iaa6b/VIgGeWA4PGDjG0L+I+O/wBpPV7Lxp9gtvCN3LLq/huWS4F1GMpOkPzPGjDnJOQMZJA6VRvv2ibvxNZyxxwNb6fNGVmt4cDlWKMS3BG7jHI5HY4r5o8Y/Eg6PE7abHI0Zvt6Pb5MigsrOjOuQ6n7pyxH8JGACv5Vn/Fax8lhqFP909XJ6bWsraWTu72Tu9G1fT9U4I8P6+WYyGZYq3t6b5oxSly293qttd93q3qZvhXVrn4gfEfwl4K1jU4/CVvrviC003UdXubd/K0pbh1g/tObK/LEjEGVgACpzuGc19o/Fn4CfE39kbxJr/g/xnO+oabrtlbaroHjPTSLrQtc0fUIlltby1vYg0UMkkbKWgd1ZCTwO3y6NIHxG8UWfj3w2YbGxsfDUia5DcpHCq3sEAMvlCPB3/Krl1CtkZ68D660v9uubRv2WPEX7O3xf8E2HxVvNeme48F+Nr+eeXW/BtvaDZZxWlw4MksEAHyxGUglVXaQAKww1HBvAVfaRnSrcvNSqJ6cyiuaFvhtPpZp2vumkfsOMpTxdfDUoQ54wbVWnazi0opTjtG1pSTVrtJW10PlfR/inL8PvEdvqek6nqlhe6EZp9O1ixu5Le5ju7yPawR43VhncAcEgZ4yM44L/hbsWt+NLjV9amudSv4biXUZLy7Yyz313IxkaWd25eYMcAuck5Dc8V5/421Ca90/w7NpWlXEUM3ym4niMc13cgnLyIyjanZXYdByT90+YXQn0y4udSuQI5boPGiqQdsoA5A5BCsD0+uAOa+Wr0KmJlKMqrcYvlUW7/Zvpv0eq73vra/3mDyyjhsGuSMY35eZ2V1GUVaN92l7tvNX30X3nD+0hcX82n26QRWsemZljfcIQ428+b5eATtJAByScc4OD434q+KuieJNcGoPG+mXGmPNMslqzKL25ckhiV5zwSDn5hwOMk/NA1V5PLt5Jwt0I/PJjBBlPJVHGByOScgAdCTivR/CnhtfEdobHT0udW8Va1I0FlYWEJmZ0wflUAEpLuwMKoOQTuGKxoYKcJxSUm4u0Emmm7Rkptd07c1lrs9EY0sBh4QqVZzilJe+5JWaSj8Umt4211T20a1PtTwv+05oVn4c0+08QW4e3iiT7O6CRp551Y7vtDfMRkDkHKt17cfJ/wAZvGVz4kn1TxJbRQnT5bh/skBz5sAMeVdUJJ246nAABBI7VxWr+FvE+hKmh69oWoabdWksmyznjeG7iaFxuedWAZlGOAMjA56YLtQvVm02VX095LdxEk9xKu1lVQqMY0bGGAOA4yDzuPHPuSnj6kYQrNuNNRXL5NJNNaLd7W2XrecuweU4ObxGFjSUq0U04ct583LezV31b7rvc8W09tc14AwPdcKY555yy28COSoy/QZzwFPY8Z6VbLytO1Oez1SRbqy09nmlkScHfInK4OSSA2OMHpgcnn6p+HvhHT77RdRdLJToYab7RM8jIzSCJ2iTqxCocH5c52lSCBg/JnxF8PtptxeazZki2kmlgESl0GVJCuUbB2EEMTnHO3GRkdmDqU5z5I04pRsrdXqlZ3W7dle7eu2h731lSklFJpNNX5Xyp2uldNX2TV23v10zdd8Xv4gu3W1gFtB5gQFcK7wx4G9iMcAAAADJOK2tMPieK4tE0LT9ReO+KRSFLeZ1cB0GWVxtMZ7vztXkda8/8FWZ1LxBosMpUC5u4EuVY4UW5lViucKMMOM5BBxwck1+oWvarpWkjRrLwlDbSaj/AGVFpwiitotlq5jAyXIG6Vz8xY84GBg4r3KWBjiYzsrW5dLJadbbb6dG77ed/vJbSum1GyS0Tcbtvtr63d3qteg8JeK9S0/wnp0V/c3Njq+lQRxs0RCQWsKoCNgyC8x5Ycggg5rjNe8VO11PqFzd3F39p+aOe6lMh3dS5VssuRgnI9xkdfDtZ1TxJLdtoc811FdpdHzShwkkrOFWJQuCyqxz1IGOwAqp4km1HRoo7DVmZpTsdnZiQAQSirz39znPbArFV6uDgqcYvlTS62urKy1snZ8vn3ViIYKlOTk4LmdrtpXvorO7srWd30a1PerPWluVScS73wwLdYyFIPXnkk5wQCCMdemvaXEkzrNuCKqkFVHQ8AHbkDaQSBkcHGDkDHkfw+1WLUbJInVZZ4XDrEuMuoG4sRnkBScAEYwCa9JvNSj0cSyPZyENbb1IVipAXhcFcOAOCB1GSTwQPdwuaQVDnm2mkm/eak3ZXTbemvTR9dEzzMVhIKpy3j70lom7W08m102ab6tXOs07W9GhmgSW9ha7nfy0gcAlsfKepPJxj06/eJxXrOhpbSqV+yxeUzBgvG8HGNzHIYjIyDwMHGccn4X8NXNxrvjazlcq0Mt6ZNhYoIVRj+7CsQN4GCVVenoBX314cgOzcsRWV8KFOGBRQOjdO2STzx0wSa9/hvHRzOVSFWfIoSUYp6rlSXSz1ei32seRmeEhRULSdpJcyvzLRL4bXVm7aNp2s+9upsPDcZUuGTbxJtViFK5zlgDztOAQOAASORge0+GNG06aKJJ1WSRUyEjIDNkgckncWHf72Ow6qfNrOORpIgzLDHHjcvCsScZJz1XGPT15PT07wtcfZpGnyrRhxEjMNgAY4GScA7Sc7QBjrtAJr9AVbA4CkqlapCEKfK+aTjG1rbJ2t0XRb6LW/iyhSowTlHW6leTtfTa3lpqt9tz2a20my+xDyrUkFVjVgoLDgkjOFyAc8MDkHG7oK+vf+Cff7HNr+1L8b77U/GNtHdfCT4cpb33iO1dsPruqiUGx0lGB5iWRQbpQD+7ONuDz8T6/4wstA0GWax1C3vrx98UEELh3DOnzsFQk8c54xgZ5ORX39/wTc/bX8Efs0/DP4naR4uvbe88Ua9PL4h8NJaDe91eXDeXBpM7KDmcuMKG+VCSMZGa+fqcc5FXzKhldHGUlUmrqrKSVNSSStzp/a6K276XV/wAG8YuJ8ZlfD+Lp5VGtKtNeyqTw1OUp06bj77gkmpSSVle3LzX0sj9nv2y/jjpP7Mnwag+Hfgf7DpXjLxbCnh34Z+DdFihie0kmH2eCYWyKuVgUqS2AWIYkg18Q3GlWH7Df7H/jrxz4yuZLz9oD47WrQaxrYmQakbzVI2ZbKyErB2i09ZRK5TJRgQMYUD0fWtBi1Gwb9r79pHRpNV8XX/hyDWPhl4bVZ5rTwhYqolije1RSZNUuUKuCELqrArX4tftufHL4nfGa68Nax4x8MeIrG0m0/UdS8A6fdLLY6FY6RaAgXjecYxLdSFMtGymYg9MAFfrM3x+FyjL6WNVVNSimlrad4wbnLsr+6tk7PRNs/gLh2rjM9zPF5TJS9rOspVauJqSc3FyThhWnHRyi5ScoycW5eUWfdf7DWr6P4RTUPG3xJS11Px0bEaD8MtEG/VNYm1PVg8suv39sPMCHM/7t5ABHsBUjGa/Pj4jeMtD+Bn7Qmt+JXtPtnifR/Fdzr9/beIod095rc9w88EdnBtwlvFM4dAACoGRzwfkD4P8A7S3xY8DLrPiDwr4ksrfxHdeXp15quoKJ7jTrWGRhGdOEwIt5YkG0Mm1iFQHkCvG/i58ZdS8ReMm8aXdzJ4k8VXF7EJrnVpjIdRu5USGW6KyHcsYZnVcFVRcEH5ePEh4qZR/Z0KMUp4yE4tKb542pxSsk7prV+615LY+twHghxFjeJJVJVWspr4eqprDSdGb9o6U1FzXvNU1Hlg1ql53PtT4+/tseP/2qdX0my1HQdM1HxLa6xHYeHNP01WhS2BkUTyyxjY1xOoBLSsDtTCqcYFfvB+zH4y+AX7M3gv4e/Diy+PPhTwl4x+Jmmx3Xi210eS2a5XxBdIouIdXvZvmtFs2kaBkZ1wynIX5QP5cPGE2l/DLR/Duo6TbwWXxbnkTXtd8S2F0JbDR7TU4UeCys0DlVudkqM0m1WUk844ry3Q9at/FOo3Xi7xDPe6nNoss29kuWiuLy9uCXWberqzHzWDsM/MrZxgDHGvE54Wq5V6NHFqrCEXTioqlBSs1aPs5x5o3TacXqknex9pW8HKWb4CngcBiMZlGHwuJco4iMqscTiq9KcYzqcynSrQpSUZw1k5VFOU19ln9z+tfGL9jzw9rY8ES+NJ/i743itWuf7Jtbt9RstU1Z7dpo3lnjMlo0aEARw7j8wAwWHPzX8av+CmVv8P8AwbomjaT4cttD+I9xqVxZaHpniWWL+zdK0qDdEjvp6koiKAHRWUHOFIOQR/J98Pvi349s7fVv7A1keHLufWrX7Fqqy41ezkjlTYFmZhIkPkqARvPOP7pB9h+I3xasfiHqXh+wuIb658X+GrCT/hKvFl/NLqCXtvK4W5ut3zqsogMjxAMNpYdM19JlPiFwvmEHDH0q88fTlCVKeLxPNQV2l+7pw9nCnGDs2lTTmkl0sfK5n4W8Y5XXoUsBi8HhslrOvDEwwOFlDFVqajFw9viMRUq15ylJazVRttuyTld/rhoPxS+MOm/Bn4r/ABs8R6V4V8I2/iDWrq80j4laLoLQ6tqOqSzlRFptxHCqx2cEjAyyhsEjOScV+MXxm1+Dxf4x0bVLbx3ca14jukm1TxnqOqSOz6jdysZFJeQkGND8kahgASCox0/TPWf27/hBrPwJ0H9mTwXdNqXhNrLRtC1rxTr0ax23hoXjQrrF5DbOArypMzuspGQBkHGK/Lf9tH4efAj4S+MtF0H4D/E9vi2NZ8Pi71+7h2rBpF5gOIra5QndGF3boic/LhR0B7fETFZdjsipYnAZlgqypSU5wo11zOUlBRSiuVya+0lG0X3RfgzlOYUOLMTgszybNMsqYyqpYWpWozUfq1KCvCrN35VOUXKM3rLmd0tE+rsvit4o8GeAzcjxhrmk69fR6lo2irp19NBax6JeK32kYjYIqyREgEEZz0Oa+WdL8XXrW+oS3ltONMtpCseousskl27SthzKQVYuSzOSR833j0B8R8L6x4i8bXq+Gbq6uppLeWRYXmc+TZ2sSsXQ9k3KpGTg57nkH1q38TjTdM0bwxHBDfRW+pSAxKwZEiRwshuG+YuWzuAY4HTgcH+aFnmPw+IX7+T5FsmnFRTSjF2Wmt1pre99Lo/vXJsqpZVh3KhCN6knUq2bnL3uRWaV2lrZWa67XO7s/EGh6pMsFlci6ulVd8BXY6Mw5wCAMLzk46EdK0ZoVVHlC/M7KWBGVBB2qcZ4OR6ndg56muw+FvwP17x/retan4R0Wxv2tbeS9Ef26KzuLuWOFpGitI5Wi3CFATJtODzjAwDxt9Hd2t/c2t7C9tcWUkiTxSYDRyoxSVQF+SVkZSoZSysckEg4H6NkuP8A7Qw6lWt7W1uVfFqo2etlq7vfS3lY+mw9SFW6vFNJ8y/k1SjzavVWTXrdWejzZxGcJsIYrtPCgbuOXHQdORjH0xWTIEiL7lAJcDgqQc5G1QcnrjcD3POW67JRhvbaGMpBVmxjHUZAJIyeTtycgcHAqk1tueLeAZNzPxkFjwOMdBg+wxx7V7UqNkm07S6uPpZX8l2upbLz7YTg3pON9Fo9723a8rJbL5b4r70ZmjUL5rYxjLDGMBgM4OTnPIA4yoBNIkuIsPISGyrqUGdxzwOoK84OOWBwDit42vlhZvKXJGSX5QZycHAJw2fTccZPPNUnsgT5rkAg7yACSvXcCOg5P1OBnJxXO4/LW17K99Ojkmlq+11rbt1RkuVPfms20tXouVJ6aLd2VtddylG0hZcPmOXhjtHyAEbl5/iAHzZBxkggHk6EQVsLG25QWPznB4IwUyQdynLDAJPGOgoMC+X5uW2EMYgOoYjgnB+p54J6ZpE42YYHDBWYqAF6fKf0b+L165rOpGVlZvWza0TWqVte7srq/Vq2rfXRkrRUtm1dPXS8Y3a1le8X3Sd7dG/XfBHxg8c+BpUj0fVpbmxhKb9OvGaaEqoDbVLbzGpAIwpBwSM96+rfDP7YGnSKqeJ/DktnO5Eb3liS0YbI3PhgWAIyMDuDg54PwjbxoV+8yg/eYkHcCBg9c9c4yOoI962Le1hdEDHcMkxjPOe2RnsSCPY8cgGuGcIu7Wjk730fRavRNWvbTqmtWelSpKrG6v3S17pa/wCL0v2P0/0b48fDbxE0fkeIYLZyVIhvF8liWyCu59oBLYBJJ/2iMAHvYdW0bUy8ljqVldxyKShgu43xjq2C2Rngj+LkZGeK/I37DbFBvWMuhwCpAIY/hkYyeSey4wTxcsrnUdMkR7DVL2yYHAEF1KoBB4YqG4XvjGCvA54rL2F0m2knZO8t1JR0fnZ/Oz66O5YaUYtLV3drtWvePRa6J2tZPfXv+p99FLKzBFKeSvyKeQw5IfAHUA/TnBHpw+o2byq5kRmkWORnByqDOex9A2cEEgngA9Pg+D4geO7KUmPxVfuUG5RLKZQQOnDsfwAGTnBHpuWfxu+IkZUy6jDdoqEvHPEih1JJIJA5Bx04IJOCQcCXTV0rvWySavo+XVrV/Kz273OKpRcIuU29Fd6LW/K+tkv71nqnay3PaNU0t3upY0w7u4wMH5Rxxhs98AE/7PY8Yur+HXnjYKFZlUM2SANqrgqeByWAwAepJPGMeVXnxt8QGV5bnTrQEFXO0EE7W+ZcheMnByWG1eO1dzrHxSuNC0bTdT1jw+rR63bvNYG3OQWICAttB3Hnkc46dTzc6FWCTtda9G9F3fT8dbJ67+ZQzXArERw7kvaOXKld3ut3re1m31tfv14vU9Kto5md1AXcsbMFJYHAJXByR26Lg9Vri9b0PS9QjKIkkjsS23aUGF6KCvHcLznGSOuKp6x8aNSnMlvb6DZwYJIkMYY7mxhvmBJOGBz1HPc5PDaj438QXSD5lhRyAEij2Mh4yCcZC457cdPQY+zUm21q1u1J3va34210t9lrRP6ZzjKnZJNPvra9no20le+1r7pu5qeD7y5+DnxZ8FfE+0UxxaLr1iNRVWJmawmdYpt4OV2KjFgxBIIJJBGa/qBsPEdp4p0PS9b0xd1jrWl2WrWl2oBU29xArjBAIz8xGBgL06c1/J74imvtX0nULeWWWS4ns5AjiQsoZQSmBnO7OCMc/UZr9Rf+Cb37bdhrHhVPgZ8TtYhsvEnhuNrHwxeXbqovbVWEUVhI8mCJI8KqBzk8KASQD85n+DU6cK8NZQ0avpLa99LpJNuyat31TP578U+G5YucM0w9N81FctRRV3yppxbSV7Rd76pJO9mfcP7TngyPxR8Mru1i2Xd3IZpIopVGUIViXbgkMQDg5+UgDINfyqftJ/Cq/wBP1u7W0sPLAV5ZSiE4ZCw+VsYBIGSvPBwACTj+xfxnpC3/AIeuLdjGtzcxr5W4hi/nIUDKwYrgqeAvBwcjkV+PP7UP7Lms6JpMmsXFtJfm/nZ4UtYmufNjlJYEmMFlYdCG46DFfmmOwlanUjiaUW+XlvZNt2teTu7pbXXo9kfM+H/FqyfFxwleSpQUqcZJyeusbuzSXRu1tb2T6n8uL6RFaazai+t5WVZAXUgghh93cSAuMkYOcED0zjr9UmtXmdIYo3AQN8pG0MFOCTz0xnap49K+r/ix8HJ7O/mjXT3s7tiHKGKRXQLuXuo2vg9+M56dR8vanoV7pdwLaazm3Rry+04YncBvbGHHXkdBgnvjSni3WdF1JJNJRtvezSdltZ9H5b2u3/UGGzTD4+jTqQqU3zL3XzJJ/DrZPTd2umn5LU87jR3lkmZCpJYfKcHPfJJxtOMdOcbl5Iyk10AVQypvGDg53DDE4JUjAUnBBzyAD7Wb6yupJisaSqCC+VBKocEkDHODkYPbIHQ4rKttK1CdykNtJLIQS0pRhwCTyxHGB168k9xmvYdWCinKaSSW6tvyrTXTdWj+Oh3e2hKmubl5GkrJt9lul6rRb21TKkmq7pWBcqF3bmRAAVJxsAXjORg5G3aCe1LJez3D+XbQPPvAUHbllGedoAIzlhjJ56nnG7pJfC14Io0nRItuGdlBywYA4c4yWyTgA577Tyo6XT9JtrKLy0VYpY8uZDg4XjPBPJ4GARx+Fcs8fRpxXJaTbtpa6+F3ad3dLbRbP1IliKaprkknKytu/mr310V7v8Hc8rfS9SDB2tnd2GYwVLHhtxIGSRzg4IwRgEEZrTh02/Uxhrdi7pt3bfu5BBxjgDKkHJ+vWvY7H7IwE0hBcsVMuVyq8gllI9OwBye4NV5Bgu8LBo9zLvC8ck5YLg7QF5GT746iuOeazvyezfKrx87XXXZ9Xo+1lucE8xqJNKPk7re3L5Svpr6v1tR8F6de2hNxKwSaFsKm4khD12g5UkcYJBPXBwK930nVY5JFlimCTL+5wW+ZVAwW4HI4zxnng9Sa8TjZ42JWbKh13OoIZgW5TIx1zjBPpjoK3dP3i6SKGdfNmZDExb5UGQSXyOCQ2SMAttPavExtGeKqc6iuZpXskko731tr266XsfKY/KlmdZ16tOLdpPltHRK2+75rLq/xPVNSaKeZvLeG4KqSGLDerKQWbHGAN2WOMc57imCW3khDjEsgiaMRtyzOE+8ozwvOByOPauK1Utp7rEl5l2VNxUjeZCwDHIxlTkhT2IxwOvSaNEse+fzPNlEGW/jEe4fM3J5bBx35BUDnnfDXoVKabsrpO8r7tbbaLpbu77NkYXIqdGmm1ql7sWr2X2bJaru3otrW3PSPBRigtEQQ/OZBJNzkNliFTng4xnbj0JPOK/UD/gnfNLZ/tTfDFIo1jabVYXCjGMvkgkEjttwcEDjgYyPy18I3MTPHM+AEZQiBvvNv6gEcnBwGIAP16fqh/wAE/LiNv2svhQLdUlZ9ZsYW3FSEZ22lAASNxRuBjhsnaRgn+sPB3MEsyy7lqawa5l7rTXJZpdErauy36bN/y9434LkybN4uFlUoyjBt7Pli1J62eys9dV5H7l/8F6/MHhP9nsuRhtJvVcLub5mU7gpGcr1IPGeMDjn+QfxhpEd5duh2Kdz4d8gRgtkMMdCME8+yjkV/Yf8A8F9ha2/gz9nsxspdYdRjMWQTkIc5AzgZHTAxjI6EV/Iv4ouLWGZ5Ay7w7OyP8wY5YLyCSoOMEfKp98Cvq/EDF8uR4TllZpYhqDWuuKq6tdrO/mrvTRr8v4FqV8BmeI9ndzlLD6xV7v6vQbvZX6tO3zs27fP114Lhs7wSXMqytMxlhYtuVQRyZA3f5htwcg+vIrgtdWGwlkZ2EnlswQs3ysgPJA7qGwD15BA6gD127nk1G6kMyOsYLDdEcIgAJCkD5CzHruICrk4yDXyx43vruXWJYMusFu0qRtuIG3PXIJByR6HrycDI/lirGvjMZJym1CMuySbTi+ib1jprZpX7s/t/gL22ZQh7aT92N3e6eqitbXu+iel9+6eZrdwk7pJECVJIcFsbjk9sgAc4Puc89uMu2ILJv25YYYklQOcEkcge2OOmAely4nMiM0jgMgXbjOMDPJI7joRg4wDkcVgs7OJHLjaGB2nJYjPoc8H7wJGG45HFexTioKN7PlST9NFbppfTvrdH7JChChTjBNp26rZ2Wu/kr6PyTNXT0kN7H86sV3b+TuKAkAjkjJz8vJOOOcgnpLq+8qHy95dVyHznIj6YG4n5WJHBJwSMHqByuivuvxKzqArDaCQFKgdCcZB9Bjp6AjPVahbRSJsSQFp0JcNgZJ6dM7cA8njjnvXnV6kfbRbV1FrZ6NXi09FfS2uru1ay1OarpNNdLaPXtrvezVk2+qW55/eT751Cpti3OFwT0OcAkHqOmQcjoM9QluC8u1U+feoXPIAJxgDOCR36Yyc8MK1LnSCNwQhTErE4JIIbB4ByQeCcbcAZG3gVa0vTfLK3JYP5eFiUNlmLcbv94HJO72Ga63iI+yfLLVLRLo3b56Wtd6dVqaqrDkjo21bR91y2vouvVJa226dGt5HaxLBGqbxEqsoHAfgljggFgeCecAevJ5y8nDySs52ncFU8bdxI5U9RgHB6H61pRgSvKWZSVZuBkHLDoAOy9sfjzjNXTtJbU9Xis/N+QzZkODtWNTkZbqB9R0HIOSa85ONNSqPXRtp6LTXfRLTTuk7EQfPU8vVdUrtrTS7ejVrbXudx4N0m6g33t15uyRVWFG3H5COGJYgEAjOc5HUHha7FnFuxDcHc7g8EsvBAJI+7gbcnHAyDxUkk8UMUdlFMI0iVYnIG4BQNoxnGegznHQ5rIebdPMIis8YUqzcYVR/dOPoRjAIPyjBOPnp1quIrOfLyxjKycla6Vna97uyS8rN+SO6EL3aWi1Te99H2vrsrWW/bX6L/AGbNSjb42/DkvEN0uv2IfgMNqy7cAYyGIPXvnB9v2T/4KR2UOmQ/Da9iCQvc6C8UQj2/IPKHLY+bk8ksffOc1+Jf7OtwkPx4+GWEfy28R6erBicqfPQFcDnnqp54JwK/bH/gqJfx2t/8MbCKJZIh4ZhuFWU5JZoFLD5QWAIx2J69T97ya9SpDOcDGm7RlSnJxet2raW3d1t3ey0ufoOTU6U+GsxdWKbjUpJTt8Lahey2vaV762fY/H2a5n8w28jMwlRi4KjaQPmJJbhuPQ599uRX1l+zLY6tqWl+MLHT7ZZPPhVImjcI5RBgKrYPLYwE7nkHjn5Z1/xbaX0NokunQ2/2W1NuvkKELNgAOTxk5yQM545INfd/7ANro2qXutHWbe8uNHi1GzmuYbScRXFxCkym5gjckMGaPIVU+9ggHPT7PBVK7ScoqlLRXbs9eS19Ha6+e+p8ZiaMINyhPmjbmfTR8r1dtb63ve2uqOi8LeF/FKeINP0izsrwakkqtB8rhxcPMFjEcqc5J5PYe4ya/Qn9s34X3Hh3VvgZ4a8Rf2lY3V/8M9N1XV0vppZbdrt7hXPlSSsQEKYzgn5s+5H78fCX/gnD+xb+0F4I0/xV8GfEfi3wN4zm0Oxe5ttfikWa11UAbmiS/wBskkMk6nbPbBhswVNfJv8AwUl/4J5ftYXl54f1600r/hY/hzwd4LtfDdheeG0M+pQLasJFkuICPPkDrtDMiFWIwOm2uXO8szPFVMM8JeSg5Sm6bvGScYqzu1KXdNcyv6szyrMsDD28azhJqNorRp/CrXvdNX7+vQ/ML9m3WIPgF8TZ/Hvw9g8v4irpH2HwE92YJdIn1e/i+zpHcC4JjzI8mAyEnpyDg13+l/srftoeDP2j/B37Sfxt+Aeta1qN7rMvj7xP4gEL6lpt9amQz21ugtRKIUS3w0AYbVXBUHANfH3iLQfG/hP+wYfGlhqvhe90a/jhtoLm1uba9hvbRwIpGilRJOJFUhxkDHUAkV/ZT/wT4/bm8HfFn9nSLQfi54ntbDxN8PtKsvDOq3GrQo1rq9vNbJFp96RKgVkWILDMGPOeV7HnwFKvhHUp4mdVzqQ5VKSVk1bmjK6TUbW1Vuh+H+IfCmXcZ18xwSr/AFWWNoKlGuoQqODXK0pKb1UrWdl3u7tX/EHx5F44+Lem+Pvi9HP4x8EaH4w8QWWk2Xwsisruy0/XFaZYGme4WOMzW6DLOZAyqevKk16/8U9IuPCK/ALw34Gvhr2t/wDCHanpniaxLGYafZTown0x7lMhGhV2VAGLAjOAOa/pp0P4MeDPGHhWCC50HRNS8L6hb3F3p80dnaqsiT72EumPEjLDE7HzEkQrJuIO4EGvzu+PP/BPP4daV8OdS1Xwj421T4e65ZatfanBez77ye/ad3mGl2c0rNM0s8gWJY4yTtIIFKrleJqRqy9pCp7RXp0XurRgvd5kruUV9pp7rsfgOafR/wA/yDJ5TyHMo4icabr1JNuhVdTm9pNUVpBubeiemlk9UfkT4z+JGq/DLRNB0D4Ux6P4A8NeBdK/t/xL4pvStvPd61cIJG0mdmZVvJ57lgsZySqNzjAFdF4N/bc+KHifWPCmj6pa2/jgeI9Bv3uYPBljcTX1hJFC4Iv5xGUjkKjeGOFfkKSrZr5N/bI/ZA/aw0jwpqVtf6LqXiHwHry2GrS6xDI9lBowLoLdL0SlZJbmWM+bLHnqcY4zX1V8GfDXxJ/Zb+Dus+MfAJ0DV9Nt/h/a3XjXVNb0yJPEVhqLacY7SDRreWL7SIYMgvNCAJcbmLjivPp8LY+thMRUqKcYU4cybi029LxTimrXa2bv3te30fhDx9xVw1XoZBxFjq+InGXs3QxKfNRV1CMYcyipJqyUk5J307n88X7UUptfFnijXIft0M2r+JNZkuLC8B+2WdzJcyYjuEJLRylvvCRQBg5GMV8geENEmuZby81a7LiRZXgiMwZvPzuCkMSQq4znOAABxzX3zc2ngj4w+LZdT8e+Ibm01bxN4vln8Q3pR/s7/apnZoooE+RJpC2w7FDrux8rLgeBftaeGvCnw3+Il54f+G2lXVjoFho1qHlvHLuztCDJcocgnz2w+W/eKMA8nI/JcxjVp1a2BVOUajbj7WzSUVyp21Wl1o1r53sf1VVzKGK5ZKHJKdnfmVlJqN11sm0ndWS02d0fN15NFAbh7u7dZLZpRJISHjIyRHGOdvpub0yBkZrxRta0+C/mmWaS4eVliBVtqxvIWwTg7VUkHGTxwPQmTV7zxH4iijsNHsbi5upJNiW9sDI90TlGdwgwqg8k8AeowDW5o/7Lvxg8SWlrexpaaYswJe3uJgrxLHhiZUDjBwCB0ORzgjFPDUstyimqmY4+lRqVlBwjUlHmbdrPk+J2u9k+vmTRpSk7zTezSdpN/Ck9F5ro++m5xUl8+n6jsim8uIFpnmZXkicOpJVycplTwF3AnIHfjz6+8XGzv5FjuJg255I5EJRNzEqB5Yxlsk5ZhjJzjmvatb0TVPCWkTaJ4j0nBtZplW92KTdFc4dJGG5lJGAckgcDkjPzZrWLq5nnit0imZFKoxIIQHCNGCODjbgHknGFxkj6zJZ0sTGUozhUpNJ05xldSSUXBpX5W+l7PR321O1apJ2XKk7X6aON0nbRqy2flbV/SXwVm+GNv4u09/jNp994k8G3qfab2x0g4vjduf3BeVT5mxHYM6n5cADBPy1+gGtaB8FvFfhWLSfhpYXvga2sDd32pvq90ZbjW7dCjWpgDk/Z0CFkVFAyckhicj5M/Zu8F+C4fCOveJvGGm6vqniGCzC6LY28TKke3aVmnjK7pFcgEEoRtwSSBkY/ir4panc6pqFgkFvp80cfktHGBGVt41A8ogbVMhj6YBXcCDk818tnma4rHYurleVxX7icVPEyd4wa5W7KzckrpJ31a+7xo1lXxslSlN+zShrNum7b80F7r1fxN30e+p6DpVz4P8GyasmhWqzQi5D3V7IyB3ZCSUcn5iu8MSPu4yDwST4z4+8eR+Lbe/lkitbJorj/AEZ4tkbTBeCiE7QoIAGc5OeSSa8d1bW9S1jVI9G0wzRHUJgyqJSpmckhgzcDYpBOTwMAbsZqS58EeKptLu5L64t4NP0+4CefI4Lb1ILlgrMQoyBuIwOeQGJqcDw9SwuKpYvF4mVXETjFqU2tXLlsuRW0WrSs7u11rc6/ZypycnJN291RSte8W00kmrWcterTu9zhZXl0x4JJ7m5uBezPHbw7iyO05KRq244V1ZgGb7v3cCtS90TxV8PtRsx4q02+0WXVkM1gjuJI57KZQ8V3AxypjYMMHJwDx0OcyTSrvxNq9ppWl6hFLcBo4beN3EStMGCtOhyMKpG5WU8kDnJGfo/4taH48g8JeGtN8WXtlrlj4f0sWGk6lAomvIrh0Dtbzyv/AKSyQqcKH+UBfl4r7WtUwmFjh6FWMbV9Gmkr2UbTV01zN391yVk9PLspxhFRUmo9WnurpWlFrmu9X7qavdebXyh4pvI7jUo/IEV0kgXz5iFILDGN2P4gACc9yTjqR7N8M47G30mZ7SEG9R1kknBKhfnHyEE7cdcAkqc8HivAbnRJ44prV4pv7QWUOgVyodWbOAACOQck4AXocDhet8MeLLvQSNMubVpBLGFnjTcHZ13BCzLjkHGcc9eVPXfNcFLGZZGjhpRi4qDSbV+Wyuk1H5NK+6XVlSlyciUuaW8U02o6xT+z7tnpbV21drnvUESa3JeW0si210s42KpWKEKGwC5GFJIw33mHJC4yK9ktfDHh2xtbG31SYfbWhD5t3wkpwCgeRQCqnG3AwfQDv86+FvE1nf3GoLcRGJkCusgx/rAPlR2Y9FJGDzkg9jx6oX86xje7vGFwUV0ZWO14gT+6UZ4YjbggdAFOcZP5Dn2AxlOrGh7WdKmmk3Byvo0n71m+VNNPrZtdLJTd02mrrreV7qSVm2r6dX2em1jutXGn+SunWlxFJLLsG5nUCHjAQkctwAMMRjjGAM1wmseFV8URNo981tFGsTQrcY2sSoLAbgOnfjIOexFV9Agl1a+a3sxvknk2DzXwUEZyCpPcheOhxz2xXoGox30YhhNnCj2zbSAMvlOC7cDdG2Cd3Qknk44+bo1auWV6caNV+2i04Tcpaarmvf3rXd1u27pRu7HBO9043v0S5pJ2a02vZaN31esV5fMOtfBebToZruzk86CyDyXqK2Xk2NgCMg7hweM5JBA7jF7w15UsarEixtZRII5bhBkFQNyA4wSBx3JGMHufpi0t7ZZlhvIg8F+v+kEyARN2ZRzgKrcDHO0dOABk+M/CuiRaRLdaS0Fm1om64WLy8y5bIcED7uM5PLE5wOePqqHF+JxijgcXKpOUnywrK6Tvy2T0WjsraaS81pph8ReSTk1K2j6tvla3srNarrdOyeiOYdrHV0s7WaNbOYw7PtPlqivtAGFJUEhyNrAZ5IAya7m28NrY+Gp7tWAQqI9vDMGU4JYA52sScZ7HgjivF7PxBHdrbxrGrNa4WOaVtrMq4G9QcbipIz13HrznP1t8PtV0rWfB8+iXEaT6hFIsvniNWDR5BBZgCABhiwJBAwACSM/S5fGrTrRjUlK0pRalPmstnazerd2ut7Xej0+3yqSrU5RlJczheL1TbtG0Wr6vXpo799T4c+IMC6U1pcmFN4kacS8kRehYEEknOPwDDGOPFU1YP4istR1SPzY2nVpNgIZogw254wOV55ORx9PtX4xeBLu4jeQWax2x8za8altmTxIxUcrx8mQM8BuOK+QNZ0GSydLXbLM9wfKifYy7QjZIzgA5Y8HcPUZPI/XsCqdbBxpOa1govXVaQSVld7+ql1WrPMxdKpGrP3ZK8lZ62drbrRtvV316q9me1eJPGHh/UrC002OGCfKoilGV5oYDgGMuCQNu0A8gk8DJ5rhvEtk2nWthf6Tvgt41WQkSfMFOeWXJAJx0O31qj4B8JXh1C6uLywuJILQGVw4bYxGcIucDaCMk8gfMOwxqfEW5byl060tXjSS3Bk2cuoCgKHKn5cDjGSACAwAFeJ9Uo4ausPRquUFJuope+ldpu/pdLVu2q8zFUpRXPKLtpa6e6aaWu22r76vQ8suzceIbiX7VOFyjCMzPhZWUcEjOGkHQ446njvBb29v4etZbi7CiV8mHyT8pdPuh8H5ic4yR04bNYM8t1pbWzxj7QqnzGXGSpxuHYlSAOmBzx6UzWdUj1awMi28kcqKQI9xxvP3iB139+QVBHUnivfjRThCnH+G7cy112ba1aT7O7tpZO9jFxWutlu7rutbaPaz6q1+uiPSPAqaPrC3F1PAqX6ziRDJIqIAG5c7mG4N1I5ORkAkDPUajpVpLm9RVSaNyVSONdkjJnJXACk8Y55GOoOTXzNp1xfQvCYrhoZVkG9RKQxQdDgcEoM5G4/nwvr+leOY47eOwuVNy9u6NHIhODk8lgRgMSMnPGR0HUeZj8Hi6NV1KVSXIlFShKWj0WllotL+TWjOPEqW8Xo1G93ZN6PXVatLttdHUSXGu2FrJcwwO1u/zTDaOFU/xAg7CVACgbecfLu6eeeJdTF/ZBZ3kinmZhGHG7y1bA3buSpIHQZ2jpwTXrFz4oto9OZpnSQXSK8UR2huQcrIBgYOD1zjn0rhLmHTtcjnjn8q1WFZHZcqhVio5j6BhnIIY8qcHIzRllSfO/a0XGTe97aXSd1ZvSOu9+vYzpO6vKDWtl01TtfsrJJrXTprtV0O/itPDEqiYXM0aSoYivmRhWBVXDDOT8ozz0yxAzmm+FbpZHnN5ObeXCxwxDKxShz8vByB2BI5IOMgZBsfDiB4bjWdLaya4sJYXMUrR71VVGS4Z88EnnouOnUGqN1plz9vEio8Vo0pEbKuVUK2FB7FgRwDjkgcAiuzE+ylUqQklyySlZ7K6Tcnfdp2a6K9u7OhQcr2dtH7r1bb73d0r7PZWenf3S31WG20Y6dEsV5f3W2FMEny0YH5UbnoDzzhmBPPIG54M0e4s5pDcnMLXEai38zMpdjgH5uSFABOAQOcdeeT8J+CtVR7R7ucCI/6WSVcSPEMMEU4B+ZQTgZyCORkk7Gt6hFZ+IY2ttRCmFY5MHKIgjYBkYg7d42nA64GDt+WvFwdbDU8VOhB8/vLncbJRsouUU0rN2a6r8LmkLxSctGkluk9LNq7S33vbfqtDuvi38H9W8SJp+u6evlSwLHE8ccLBnjAAV/kGWbcMDAPzY561xF18LvjxbaW05XUb3QNNgjkWHUbth9ntZMAyxwSuZFj2ngrg88Z7fTuk/FrwmPD8s1/q4l1W1tInsirqEd4lBClSdpbd1LEDHOM814H8RPjx4y8XWM8cuotBphK2qixAjla2jJBE0sR+ZNgACkkk4GDjJ+jp46nFONOnO0eVqTTSvdXS0d7WvpfR97Hv4adJUrqpLmmlfldl0SulJpO/K7X218zxb/hMfEur28/g/VPEl7p1loyu9rHZTyRRtKjFzBIyMpbvyepzz0U+8fBceIbTw3d67N4gSHT45LiG1hu5GmeW7KMPNnjlYsylMgEAYY54OQfNtO+F0+u2tl4p0qR7u5vJA0WlCMBrhIEDM0sjDBZypOGOSMHB6Vy2teOdfsri20ltMXSbe2unjFuimNWnjYje4XAbHTkfNyMnINZ1MbTxt4Un7SdNwjUvdzt7sVd3SVlpdtp6b6sup9ZoRjKcpKnKLUFe6afLZae7ZLa78/T9Sf2Sf2rNZ/Zv8c6Z8WW0fQfFWqeG72eY2GqWwd7tHRkDOu35di8xMAMEAmvvz9rT/gtj8Wf2mPh/aeB/Cmmn4aaFPZSr4ktdJvrp77XBjBjmfcDbWwVSojQhCByOoH85+l+Jry4nnaa98uWRS13HvyJF5wF7YK4BA6gDo241oSeK1s5zHZvKhuIykiEg4QAAqCxAAOABkj26152KxWMdN0Y3UOneMnyp27O3fW78rLlhjJ0mm5JybceaSTkndNcsZX8t7PTzPQPF3i268T6hY20MD207zgNKGd5X81sSM8mQ5Zyctzycc9K+gLj4XaJc+D7C/bXDPqWnW6z3sE9w0UggOGMMMRIJcg/KSM5GOQa+ZPB2raY+vaZd367LO3Z5Ed2Vts4+bLg5L/MDtB4OMc13vjTx/dxXuNFtZ9TlvIlE++JgkXZQqKCgjIPXGMADmvi8ylj3Xo0aNR0lpKdWbtf4bWS7Nta3210VwlXqVk3KbalZXlde8lGyUYpt7263Ser2MnxXp+mWso+xX8kaPHm2tnl3eVJtPzS/MQO3HYFjnggecy2N/cae0S6m09yz5liVQ7lCdvyqM5BXuMY9gM0k3/CTy39yt3ZLm6jZyXUFbdT/AHWH3FUNkDjkdPlOcOK4vNBvHkhuIS/lHE+7OGzu2gHqeMNyOpA5xn1MLHEqnyRqOpUUbJuUlFt8ru7SV9bWS0V7J9/ErQqSdoydkrN3lFdL31autHbS0W1bQ6CH4Xap4gs9kdwltJFljAJBFIAADvlRtp6AEhSc5ycg4rjza+KvC96tlMkQhLyQqyOokZVIHmEg8svJwScgjGCARBdeN/Ed7eNHZ3UkbMm+cAhGwMEqCh3FD1IBP3ic4rlH1bxBPqAnvJJpJXcqyP5jhIz95wHyPlXOWG3djHU4r0sFRzJ1JvF1abptK0Yx6aW1bl06b3evZcjXPePurTtuk0k7pJX0e2mqs73PSLvUSbWOS6vIna2YPBEHCSSEEblPznDDPI3AcgDjgouuXV5vjt9QaK+eJJHQucKq8EKQQGAyMfXn5c45jVNN8PXGnpc2t+63CBpHhkbLySqwLBEznaWycjsDjPAHCrJeyXKXcbAJCAquudwGSMkDGFYZ+9yQepAzXp06EKkH7rVrPTmS7PXRtJJKLV3a1rEU6aeyeiXe1naPxJp9Uk3tbvv9JeGNa1DTtZ0q7S8Mot5BcSSSsdqzKQTtZSAQMAEDJ7kDFfefh/8AamguYrewmW3kuCI7OX5gAgAKo6nGASc5wR3+bgCvzaGtxPosOdsV7EqmPywCjo3Use7Ng8ZwBnrtrmbXxJBDdSLHMUdiHUbtuZeuCwAIBIO05GCck9K6cvxeNwNTmw8nTTavByb2SWjvpfV6vW/krxVq4ii26VZwWnuxlJWslZR5ntdPXd3ttZn15+1x8UZPFvhGy0iEmOGG7JeONzmfbjBIUnK7s4PfGBuIxXzR8AddfRPEs9wJXtIzajO8sASB8oUnIViOOT04wQQTga9rE16F/tFjcRCNWGSzASD7pXOVJ7/gegpdOSCwjke3PnS36B448CNoyoG3HA+7j5hyDnqeFP3mVZ66lelUxKblHlTUnZNKyja3bZN2vfXds56mKxMqd6k5yqXik29oppRul9115rRH6GWnxRtVt7DzVS7+0TxIcuCSqyD53QcqQCfmOc4PBr9cPA+iaPrPhLw7qGn2kcEt1p8Vw2xVaIsUTcAoGCTzyfmyRyD1/mj8N39/HqMStcyklZHVg2+OM8fIFJJ4buOrdAO39C37G3i9de+D2kRXNwZ7rSpHtJGcbyFXcQrkknoFGAMA4A5zn9Em44vCe3pe7BKK5bJtv3U7aJ6+d97n3/h1ipVcynhsRapz01ySnZ2lFwvZ2ctW+vTRau563H4ct4bkvLGCAzKAq4wTk5GBjBP8QH5A8dGmgW7KQsSkLGm4ELuYj0wegwck5PGcZIYdBfoqoJ0hbfgjC5IZCwGf9knjBAyQQpPWs6C9MkbMihACUJxuYKOMcZzg5zgE89ecH5DGUpuD952+1e93eze787aduz0/oLC0oQfKoLVK75Uno05WT11v0Tu+llrLa2cGUiaPA4+6ACDjGMg8nPfPAPOByOkit4nj8tCTIOMHGFVRwQcfMDjoPm4zkYyKECxyKjthcKNrISd3T5eBnJyMAZwcgZ6C9HB5QLxEHeNyZbLgdCQuTkAH2z+VfMV3UUmldtNa3abWmul09b3Vv0t9Dh3DkUUotqza927Uop6d7bXezV1qh50+OZcISh3YweQWGM5z94HBAHzHcVYdseOfEmCPTNJv5iyRrskYDjdIVUkFG+9yQSQBn5s8Yr3OFZZISzBCyjbu+715BAxzgdSfXjpivnv45M6+HLpgi4tklDsSQzZQ7STnnODnrtyPx+l4Yp1KuOw657xckrXfWyd77dO+mzPG4mnGhk2KqWSlClJq67pNvql6LpdWij804rFNZ8SX18lsjb/PWViMuQZiquMck554A9M8ceveGptc8H6jY6x4fkkS6sUWUxuzmOWNQBtKnOQQpAJOBxzu6eW+AdRhvfEl5aGPbcMLlnUEBCFnJUYA3LjPIznA45zu+l2tYVSGTIVpI9u07dpbBAUc4AA65znoepr9HxeU0aua4eVSnzqE6PvNJpNSju3520V7J69GfhfDVH63TxGIlUVOSqzf/kyV22r63Tau/tJHtPiC6j8T+FNJ+J2kwyNp2oKmleJYo8H+zdaRcsXRQHijmIJXgDJwCRzXL2EiPAXLAkBHT58fIPVcgNjpjknJxxivRv2Zb/SX8T658L9eMQ8NeOtIvkgSUr5UGvxRs9jcR7yFViwC7kOQG+Y5GB59qulX2karqGg3ESw3Wl6jdWbMAB50cUpVZE9V8sBs9OQAd2SP6NxuQ0JZPgMTh8JHlWEouUuT3VUaSk1ZaNuN32eyXX6PhjEwzHH4zL5VYVa2HnpBPmTi2nddU0rpprezu7o5zXrZbpw4kjYKxLoCFLhuCFPAJHfIIG0jg8jz8291oGqw63oN3PYahYzrcwvazNDcW8sciukkLowZJFYKTjAP3enJ7DUheRTRRx2zSuHcRbhgOM9MZ+Ztxzg8jJyPXBu7G+iczC2kEkrJ58bBd4DgsSFPKoAo567sEgV+U5rltejXeIwsnTqxfN7kXFws4pXdnHre13f0Y+KOBsHxLgsbl+MwMa9GpTlCrCdJzXLKKW0luubT8LKx+737K37Uvw2/bS+G9v8Ast/tU3Fvpnjy2svs3wy+KN1IkEqX8cOyztr69kwyz7wkchLhZAc4ON1fBXxU8BeJfgf8R9f+GHi2Oe01bQNRcWN1IN1h4g09pGNjq+nz4CSw3MQRtyEo+OBxk/Bmnaonh7Uhdb55QXDAW87RXFlcAhlmgkjYPFJEwyrKQOOSABn690LxZ4z+PNvY6J4n8QXfiXxf4Q05j4Re8lFxquq6Lbru/sqS4kJe5e2jG2MOS4UYA6AdmH4Op8aYbEqNWjSx1LDzlVwlRpQq1IRTlWw+yi6iu507cvNecWm3f+DsFgeLPo9ca/2bi8JisfwFnGOTwua0VOcsrVefu4fFRUZJU6U5KMau6pytK/KrfRPwJ+Imn6N4nuNF1gGGw1RY0nL5eJLjnZKobKBFYcLkHB6Efd9K/a11jxH8QNG0WO71GfUND0LTpNP0i1tV8uGERoPLd0UBSSNuDz15zmvjnTZZ7SR7l4ZIpLN1VwyFbm1uIHPmQXKEBvMRwykPjoAuK+6tD1DSfGHgvw88k0T3Fw7Q6jZOUDFIVADKuchiucY+uQF4/iDxB4Rlw5nksW8OkqVf34ctvejJe8lblfm977NM/wBAuHscs4yqm4VoVIVqUJQm5cycZqDTunZ72TtJ2vbbT8K/EfgDVfEXinR9A0LSLyfWry+WIQQwM7t5swUzNHH8xVMklsfdGTjJz+kHiL4Z2WlaDZfAPX7lNW8Zaf4Ts/EujudoaCbyTNPYKXA/eKGwy8EHqSRiu18Z614Z/Z78YQ/EHwvoUGsa1cWb2tubyISR2dzINrFd4YJ5fLbl5ABz2x+XvjD45eMz8ctO+Jeq6xLNcxeIEnvpI5yyR2FxKN1gBxi3RHKhcbenCjBr0eD8/wAzxWb0oxpqnlMKHJO7vOrV91RejtFK77u61tax81xNk+X4HLpTcpVMe68ZRlG6jGMeV3su/XdPzOlOmeGnu7yx1HT7WO4tpDb3qTsq3EVxG2x1wSCG3KTkjGDkYzkSx6T4Os9jwWsKSKT9ncSo20jkZycjHPP4ng8dj+0n8KILPxHYeNdF1Apo3xE0+HXLSaFgiRXk8SyXMWUwoYEngfxHoO/yG2i6sstxAuo3BS3DqB5kgc88kDIGfTjgY55BP6xBwc3NWUlL3bpSWuqXqrvra/fS3ydOKrUISgnZwj73Lpe0brRXb011eqslo7fT1zHpMtuyQQxSs+7zQXQ7Sy4DZB4ALDnoAcjmvJXLwahNG1smDNiJ1YgsoycgjB6LjIAxjBwBXlqWXim0uQYNRulilI+9M7EZIChgpJxwAD0B5yCa7jSNG1ZAsupSSPIcuhDNlBkbm3E4KkcAA9Oo5AHVCygoySTcvedlrs4tXWq0a6a3MnSnOyV4tS1do/3UpO6Wj6O631vqetaZHZhI5ArvhVEu6U7hg91BzknsefbrXbW9xZRokojZ2LDbhgzICB8xBydpIJGcngg8dPHbcXFu5USHkjsTuyOrEZwO+MdutdfBdTRqhjkK7sFjwduflIK4wRjABI/ixgAsKwcou8Ulsk02nq5RitFtdO9kklfTZo76UWqai77a3Set12S211u9m+h6JLr9uo8lHkZSVB3IMqOeBgc8g544x0HONjTr2CdhJ8zKOUYxjcCvBLZ5wAOvP1wePMzcyBXUkZjDOsuFIKkkg/eGTng9WGDnIwRa0LxBIgKSSgKSyAKAWU7s5AHZj9OTjnPPPNrl5Yt2i9W07WSim3qrO+lldXs1/evl5bLns/NbpJXbd+u2m9r3Tsez2uoxiaNwCdoJEoymHAzkqCQdpxzx6jBANdQ3jprW50a5uMTLZXUbSyhSJQqMuQG7dMA5GexHbxpNcjj2o+9wuNjqqqA2epJwBknndgewqjq2vxtFKJQUZcuJM/JgA44zgke2c5HQ152Jj7SFmoS5rRV+rtHS+qadur120OqnOvR5ZQs9Uk9d/cdnrtdXW+jlrtf96vhJ4403x54M06O3mWWVLf8AcqxHnw7UCqc/M2VbkFuSOAcgY4Hxv4qn8IG6s9QmlliEzbeNrKHUHK/MCduTwB0r89v2Xvjg1hei1+1KFt1EbAPh5I0YZIUkDoORwBu3cnr9veOvEuiePdKmRZIkvZbbdDI4UyKwQ8l14J68kg45H8Wfhcz4PyvMZKVfDU73unyKWvu9Gm209HZO2ltT7PL+IsbhqKtUlBuPvK8rbJJtX1t2eiVrPdLiJPiDp17HIzXSz26qwBlmQTxBtp6E7iFzgYyfu5OV2n4f/aQ8D+HPHTpeQXiW+tW0Zmsr6ErG5kQllWXY3JGAQGIxnjpXCfEPU9U8K+IpYBPcKJHZQfNZYWIYYBCcDP1wTxk1zcevaprBaKeNZUlUrvJ3vEx4A3AnBIO4DdkA57ZHRlnD1LJ5QWFl7O1oypt3g4+60tbJK1/R9dbGGLzeWYQlDERTlJqKld/3WpbKyeltXZ2RL+zr+1v4p/Z1+Iml2VxYfao0kW11iEylIdSslYD7QgBI89FGSw+/gEkLgD9Tv2tf2efhR+1j4I8PfG/4bWUOjfFa/wDCt1enSrB410/xesaB2huYIiqrqUWD5jFVYuu4Bm6/kFrXwH1LxjF9t0yI2+qwMzWt2pcvI/LKhwCdpJCsGIHzZGBla4/4W/tD/Gr9mX4l+FdN8WajqVxoWj6vIk+gXt1KIDZ3DBZJ7IsSArx/M0akoxwCCM14OdUIYPN6Gc5RiYUsyoNe1o83LCvBThzKcU9bpys3ez18jhjGbw08Dj6UquEqNOlVUVJ05NwUfe0l/N11te7P6LPGvxf8A/Dr/gmz4c8B+O9Nknubr4aXHhjW7DVrRn1Dw/q8Z8qCSzeSMyAK65ikRl44BycV/Jnofx1v/hj43u9T8PC6k1Hw/fw3Og6kZJPNEccodEmCkO0MkZ2mMgjAORmv6l/ihpPhn9uz9jjxLqPw31m1bxtodv8AbtC02NYV+3tEvmS6TeIoyzAh1jYryRldueP49PF2ieIfB3xC8VW3iPTbmw1XR2mstV0u4XY9vPEWVwUccAbcgbSCO5GRX6Bw74jwzDAPCYGrLD46niJ1MbTcle7UYuME3ZU7xfZ30eh8JmfBkcNBSxNKNajO8KbcVKKg1ePSz2clu0/x/b/xBPZftOeDNM/aL+Hdpdab8bvAFlYa14z8J+HAUvtUtLHZJP4hsYYwZGeARb3MYLfMSeCK/oz1P4zaTf8A/BNK4+Ja6TdSan45+FVrp2uajfJs1FdZGLe5E5wswdCg3liPmGMkAV/Fh+zT8efGfwQ8U+A/ij4c1U29vNqK6Nq8TkyW2oeHp5RFqWm3sDgwspgZ1AlQ5PTgV/ZN40bwF8UP2FvEEfwlvU1PRNe8BL4lstNtCGis79UE9/aQwISsWyZ3JRQMDGFJGR+q4TO8JntXKIYqCh9XxuE543aUvegql1ZXUtGpXstV5H55UybG8Ozr18NzOk1KrRqW5pQ5nCUYqS1XJq4Jba/y2Pwf0K2ha2spjbF5Ws1kBdQ5fzAJAcEZ5DHJzzg5+bim63pUFzbgSAQxuqnZEgDFgSSvKAg5BOQB1yOgIj8Lz3kOnWslwsnmwIbQqMEqYRswVJP3WVlIPzZHeuo3PJOo2M3yf6tkUrlgM4JGM/w/w9TngCv6DxWCw1NxVKMIRlFSjFRirJKNl3va17dFdvY+s4V41zfG0akMXiK1az5Ze0k3fSK1TbdraPq2tzwm/wDDlrLvlRZWkGVRZFbBC4IwDnJYdyAQCAO4PL3Hh9kikkETPIHJ2MpKgkYCj5SCQeowucEccGvpg2ab2ijtk2nLb3wcZJ3AHrjGMDtg8dKxdRjtrRCsVvuzncAittYcBj2JOcZLADJ4HbzJUYKW67Sd9YK0NL2a31bVr3vZX0+iqYx1HKcla6vzN6puytbXRa3203T1Pmy00x/P2OHXdlpFCt8vqBkY4HPt6c5q5JYPFmaG3dlhGCdr5JycMFIyVAOTnAOM5JAx7atjbSTpm2SNZFywO1XlLA524JI6cjgDtj5TVO6K27vBFCskbkAkqCFB4Kb+TkAAnB+u0nlfVkrPRRTV3a7k/dstW1a+6Wuu9rHmYjFtKyej3u27P3dEvLy2d1pc4nQI5HhJeOVJs5HysqeXk8gYJ7HOV4OeDgiuy09EcrblpRGzEyMY8bQGIGOhPUgE8jjORzUBmW3uFgjSTbKqkyeTxGQfmUMBjbyV2qDng9jXWQxsDEQhRhH99htTYedrdfmbsR0xnvUTpRgrqSXKtbK60Sejurvvy3V99dyhiE0o/E3yp3ja17XVrxfe/lZvYlNlFb2waOAF3HE0pz8owCRjnJyuRjnrW7YWaMqyGJ2ZRzliofOcsuSCcZyRgDCkD1OTdb3MKs3yEE4QNhACDgqBlmzj5fbJzXR2Wqo0aCONpJVAQ702oAB97kfK2B0J5z0O3nFuL0XLZW1tHXSOjVvO1tenbW6qhO6cVLvtZNW3X5a/e2eQfFezjudI+1XMJ/4lsqlAMYKkgEnJJ6E8nAyf71ekfD2Zbzw7YuLeMwW0CYPzFmBQHr1O0YzknkcDIxWJ8RreG48KavcLF+8it5HcyuSpYkkFQCM445PAPTkCtz4NXFtJ4RsNwj+1yQKYgDlRsX5soSAMHqCT0xzwRlUXvKWj5o6y913ScYpOLVvdtZRstrp9/DnFe1lBRt7vMtE42VtlrqrL8dtzn/jBeSRaNYW8EYRbzUbVEZd4OzzIztIxnIGBjHUgnBAx9L+EryKbwpHLLcfZjHbWtmINoHmGJFHAIAAYnsDyN3BOK+XPjXfs114ctojFLL/aULnldu8yoNoXGGZclhxuU9OMV7zFItjo8NrLcI1wwtp4Y1QEeY6ruBxxlScnrgjqcgV+r8DwX1PFSTjFpLlk7O7snbTRXfVdUrNn8H/SynOeN4cw6i3CWJcuVO9muSK91R6tt+b00Z4/4p0z7J40vTcHzY3VZkBkBIVySNuP7pJ3DBwee9IiwOHiF2QpJOdwZkzj5Rg5J46nAGM81xPxEvL6XX5ltLrzpIWRZnTdv2uQxiUYJAGOOOpOB2qTQLP7NK1xdyP5jEOEVnKAEfdcMTg88ng++AM/nGepyzLFy5r2qyd97tKKeuiV/hR/XfhvNYTgThyim4uGW4aNrWd1Sp69GtNG7Ky31aOnTSpZTM7TMwB+RyWKkY4B7Mccc8eoGaq3GiXSQtvUHJEkSxuQoHUBiDnHQE8EYPHWuvilso4wxuB88YxGFUoGwPlKYIHOOceoJGBiGZXELyiePEinyQMEBR91WXcB0Xg4znI4PNfPunJ3b0bVtlLTZy1V7tbWtd21tZv7iOJc4xs7tJK901e8b6Pp0TXybur+avaTpdSG7RWjjUMrpIOQMk5GRyTx0JPfsK0Le+EcBWNQYw5zlhux/dxk9jg/ka0bm1W8MSQvD5iviVScZ56ehwR9QMnjk1xty81rfzWjrEmXGCpILYyNwZhtCjGM9+ozwK46kNdbRuraq+jUXd8u2m+rtbqm79FLEu6Seu3R2bslZaW63TTsu93bsbi9ja3jBUAvuLgMAwyoJIXoB06c4PYGuZ1K+tYEaOLa2I2ZgQGZQPoOOnOT278mormxuZo45TOqbhgur4bPbC9TxgADrnk44GC2nusUrSy79oKHBIdhk5BOSc8fxcHGOmDUqlKKdlFXairtXa0u9OrWt9etn0OmFVycrq0lZKTtqmottPSz1dl07Ioz+KtOiinjaaFCke6VpmVBGq5Gctj+63zEE556HFfKPxji/ap1nT7TxL8IfAeuXHw7lvl05fE8Fsy213dRcyiCaUCOaOPBJKkjGTkbcnQ8TeAdW8YfEu004azcaf4fvGW0u40lZDHGxzK+AQCQoHBwuS3U8D9jfi9o2ux/sS/CEfDT43eDdA+H3g3V4dHn8F3KKninxF4hgZxMipGvnskzgguc53EAnGB7+U5RRzGphqNWq8PDEVfZKcOZSm4pyio8sZtK8bXlyppNylpr7nDGCpZvmDw1eU4JQm+aCkubkcXH3knG+6te1tNbH53/APBIH4kePtS/bq+Gtp4wvbS71rTX1e0uElTY8CxoiSwHAxvXDI4zhiWI6cdX/wAF1PEU1x+2vo6XCwXhsm0Z7MojjyIZLwHylbAU8nJywx3ziuV/4Jh6jdz/APBRrw7fa94cg0bUHvNcLQ2yeWoKogS4ePaNhnIMrZ5JOPStH/gulqsLftgaU0LwlVbQpXRIQska/bQ2NzDBJJOcZycnJ4avQxuV0MuxeZwU3KrQ4exC9tU+P/eYWi720e11ZPc/N+JXLCceZfgY1ZypqonyttOTUJayVrWXL31a089Pwjem8hja4tzGkdpakBOMgwIwDBScZDEjOQCMdOD2Mrx+YWtkZV38scfKSBkbcgZzwAcnoB90V514QvY/KjCRfLNY2JMhcB2DW0RO3tzng54/3jx3lsWa6IXMcMAEjqzgs4CrlRyM5IJ98jJ4WvxmvX5pWcnJpu7XvJXslrolpZ36Xtfq/wBhjFQVNyvK7i2rRaSaSXa2qV77aJ6NGgbVGYOYXUZ3FlVgxUEHJBwqsBk4wSeCMmr9xJeyWph06TyZEVmSWZcKuAcclT34yCB0xkdbP9oIHOxiYyg3ZC5GQpKDHTp369eOlTNfWbB4WVmUAYXCgoeCdxwRjGOC2c9c5xXk14QqwcXFJO6ls1JtLqlZvazs9kl1PUoYhQSipOLlZS6dIrdOzbfvaLd+dz4v+Kn7O3j/AOJ800uo+KlmspBI0VtvbEQfcMBWO3IUnBOecFi2AD8d63/wTt8fztLLousw3DDPkxyhgSyngFwu0E88nkZHTOa/aFYdOltx5EshKgs6jciYycjC4G4EnGTyTk4ANQLrF3p8bG0LyxoAfLWHcQSecllGcdM8jk9civksbk+EnOUuR87jd8rXMmmrJtJbOyb11a0dxSw1KtUjKrOcm335rXaaSvbV631bbdj+fvxR+wv8fvDNtLeTaC+qRQFiwsXEknyjOdhYPwCMryAeuMGvkHxB4b1vw/qU2n6tZXOm30Bfdb3iPE4ePI5UhcBcDkjB9zgV/VzN4zsVhZtRR1aVHJ3y7FIC4+ZFI44CjHUEAEmvlj4laJ8GPF63U+s+D9OvdSeQLNc+REkzRnIZvPT5ssCxJznHc9K+fxWSNUr0rJrV+0bXu+67q97tJN9NLdLo1/smnOcfq9X2bbXL7STezXRtu/43vo9DwrTv2iLz4JfsB/s1WPhKWfQPEGteIfGdzrPijSs289z++ltYYQ6bWmcK+1WBIRc9iDXnf7PXg3xh+0fBPpuqaxqWoWhvLm6v73Urua6DzTyF1Lxu5XzMt8u7PJAJ6CoP2ofBqeJPAfww8A/DvT7y38NeC7m/ktrAQTNZQT6hMJ5DFKFYbd2SxJ4/A4+jv+CfVqnw1F1o2v6gLHUdRvlZ4pQCm2PlQsh3EE4wORzyckEj8i8SKdSpl6hQalWoQhGHKlLkfJGLcd3a8U3qrb26n9D+GuFzN5xgcBmeIrLJpYZNpucKVRJRtFpaO9lvZNNrqrfW3w//AOCXngHXtKjttZ1e50u7ljVpry3jzJMrE43CQBQMcZGRgj3Fe8x/8EqfgzpOh/YtQ+0eJIGICKty0c7AsNwADFcsDzyCByM9a+wfhxqOo+LNSgtdIu4rmBtseUAJjEZAYvs4wRyQepxjOM16z8VJ/F3hnwfrl14c0xNa8Q6bbB7DTIj5Uk0+3OWbGBgjk4J255+8a/mPMqeeUYc1XF4m0G1B0moPZNRaUnGSSV9k9brrf+ucFwfwRGk6sMswteUoc041KaqTnHlUmoRk2ne100r28r2/lp/aa/YEv/A/xRk0vwLpEUHhy7ZPs8mqzops3G1igcMM7Y8kkseQOWPJ9y+EH7O/7KvgKw0vxF47vZPFXjW2XyNR0D+0Ik0vClS2F8z7oAOSw44z1ApfjloP7Zfj3xNqviTXPCOvyaZ5jC3srRW+zxNyAI3jO4qoJDt/FxljXxJ4p8MfE3wpJe3ev6Bq+jxwQvcXt7dQSyRIXG7y5ZXXaGOAOWIH0ANd0o8SZxl+GwLzueGi4cjnhX+/kmkl+9095XV91a7R+IZjlfC3D+cY/NMLwrVnS9rOSWKoN0IJNy5oJR5YxTUpR5m0k7Lsf0XeGl/4JD+P/DA0nxZ4U8D+FNbOkraSpJLNBcQ3BTa00V3ENrT7stncQWyOlfDXxZ/4JSfsw+NZLnxN+z/+014asLHUncx6BrV9YSQ2hcny4YjFKbhkQsPmk+bB7EEH8PV8UeDLyKW41rWb8OPM88WkQBiCBtoO0qOQDnnkYwcVp/D3VW8WeJrHwz4G1zxMdU1GdbTSrC28+Oe6uZGIUfuW4BIGOCMhiCCOeqhw3xLk+DlVoZ9ioOnB1J1sXTVSMoxSlzVW5cri1a7tfVu+rPhq3EXCudZgqFbJMPP21RxpYfC1/wB7zScYxVOHs+aLbStFSabtaz2+4fE//BIL9ozw1Yz6v4bv/DHxEtI2Zbc+G9Vhe4kRuVcxPNnDDGflJB446V8l+IP2Rf2l/h9dXr+Ivhb4wsre1QiS7itbi7ijT+Aq8IKEjBwNwbGDj5hj9R/g/wDAf9vbwzpc66Pr2p6BKm1Uh1PVJH3QtgrKzSyEx7VwW42rgAEDNZi/tsftA/CDxpr3w6+K3iDR/Huk+GS82vwx3VvIk8yKGNtFcEnzXQ/KyrkMQVbjArwcDxhxLi8VPD4F5NnssO1GrKi6tKo9UpaxTpx2alrZW0vc+mxvAHDGHwdPE5gs64fp1lzUlXjGdPmlFNJpzcmrK7ajot3sfj7o+m+LNK1db2/gvLK6tZQtxHeRvDcAZwqtFPsYZwSxYHnoeM1/Sp+yr8MJ/GPwC8Kapc3z2sS3C+ba6XKIbrfjKzsUIZX3kAg4UgEAYIr+f742fHyT47/EbVfF89rZ6El1cRQabpthaQWKJbW7/J5yWyKkkmMBnIyw5Jz1/a39lXxrfeFP2ePt2m6tO2oJHJew2yzBgggRS4KscKq4BJxtyDnJK18R48Rzmrwtga8KawmOniaXNCnPmVOdSOqXutz962ytZ6rU+l8D8PldPiLMMLRrSxmEjQq8tWejqQi4xUnDV3lo0t9dVppz/jXxv8a/hb8V/EPhK08V6pbaVZySNFDPO92PsciZVpVdmTdswrEEjI6jJzx1/wDFT4i+IZreM6vB5UEokQrp9rBcNIzsruJI4wSCTkYPLE5GOn0PYeAb74++JbjxLpVwbq9udNtm1G/3BlFxtHmRFlOM8bdq5I25yRXuXhX9i2206SO71S5+0zMudiqTtZgvHJH8XQE8jp8tfzpW4+yrJsLSwWYySzKlRp08VCknFe2UY3lKzS9+TcvNt9LI/bsbwhUxGNrYmhyPDzqOdOUmrKDceXl7ppWs7fofNPgLx/4l066jvnihW6ikVjeXEQkeQgAZbcuCpHXGRuxkdDX03ZftBavJam11XRvDmq26yrI/mabBM7qpBPJibJw38XHB69K7TUP2boLFQLWPzFA5AVjsJyCQQMZGOBuzknrxXlesfCm70iS4JjkVVKoAqEBVJAG4AEEdM459sDA8jDcUZZmuJhVpTlCUppR5ZODs2rOSTtfzte29lqbvKamEwjpONOa5WnK0V0irWtay6aJ9e9/yr/b01dfE3j7UvFNnoWn6VbDSIfLtLCBLdQTlDKIIgincc5ODhfXjPNfC3x1c+JPBnhzTYtPayXQo0tpZvI3Q3OTvDyM65OdwUrjGDyMYr0D9pbQ7C/8AFV3aS3jtLDqen6SYw33Uk2NsdOpBztwRwDzjLV1/grQtNto9R0SOyS1sNPntIlEaIr+Y1upZmKgHDNluRkEnqK/20+izj62DyfJUqjiquUUFJyd3L3ac4vmb2Vnrronvs/4A8TsHRhxHmVaSgo/W6keW2/vO7TWi1v3uunU4zX7LV9CnsviH4Gd4de0e4jubi0gLp5hhYEyRopXdGwBWRMEMhb2r7k8M/FO0/aV8J6XrGl6dp2k/FPwXZ+Zr1rGoW71TT7dMziBMbpCwjLKpBIbCAdz8x3k9loOoWrm3nkRJfKlQKzCeEkg4jK/NtHHJOQMgEgY5ljrXw18Y23xb+HjTWunpIz6pFArERRk5uIbiFQUMMhLblZTgM3AHT+xM6pZdxPltfKM4hCVLF05UVJyTd3FKMoyavFptvR7pPufC5fi8Rk+KoZrkVX2VfDzi6lOOsWouMpJpLWMkrSW6Tvta/pWt6v8AB/XrXUbe/F3FrVzLcpfwajZs0trdROy4RJUzFhh2wCASSSK8c/4Q74YWsUi3VpGTcxu6TmCOSKdR/CyMDsJGBww55zjIr6P+NHhjQvij8ObH9o/4NrZ3uoG0W1+IXhq3jBmt7lFAmv7eJQzIxfc77VGcEncy5r4r0nxve3WmRR3FjBMVdwoMW6WRVyCiBVJBTlCGOQRk7TX+dHib4a8ScE5hW9hUxVfLvaTrYOrCpLknTc4yjF625lHSS5r6Np2Pq8y4qwHE9eNbG0cLRx1Smo1GqcYpyjFRd7P3nJO/Npe/qjlLTVr74B+Orf4j/CLUJYLi3nWS80py8Vte2juGmga3TEciuo2qdrEEjBGK/ev9mP8Aav8AC/7QXha1urEJYeIrSJINa0GdxHc2V2qjzZ4o2w7W7OCVkA46cc5/HBtU8N6pYRxajoxNygBRTbjeoHGBtB+56NjPPFfP2p+LPFXwe8dWfxE+GGp32mXFhOjXtp5bxWt1AsgaSC5iUbHR1DIC6/KFGcY47PDfxDxdGcctzKnUUW1D97JPltbZ9U3rsvRaHzlOm8nr89Csq2EqNOUGn7ibjd63aSvtd28kf1aXGoLcypcyISYT5U+7iQjlUZWx/DxjuAACADXZ+H/Es2k3Jhlm/d3CeZDKTlJo2HMSnld2ME4zyuOTnPwL+zB+1f4J/aH8GW9/Y6hbW/iqygjsvE2gSNtuoLgKqy3McbBWlty4JWQLjnli3J+vgwmsYrNiC0au+nTDaTk4O1iDjBGcZOcD0wD/AEXQxVHFRjWotSjJK3vK8W+V3eqaT8ut99LfYQp0cVhYVITjNS5Umn8N7bu71i97fZvfqjs/ib8OdN+K2lWt5a3A0zxNpyrLo+qw4SZZAu4QzMFDSRSFSrA5wTnBwM/LtvrE8k974M8Y2v2DxLpjG1AddkepRRkhb2BmADB+owTjI7fLX1B4V8UIr2trdDdPbssNyCdoYbuHQ8DfgAkZyTkAcYp/xZ+GWkfErSJdR08JY+KLBPO0nU4TskDxfN5M5XDFXZSm1id2fug4xt7Wzas48rvot1aLfL3TSu0u7S6nLNLDXhUu4u6Wjclpa66OO90rW0aXU+DvGENzYFLiCOQQRzCO5RSQVVCdrhuGAHVTzk9AQa8y1G/S4u7h4yfmjAdeQW4+8McggZzjPQH2r1ybUr77bd+GvFNk1hrVlhJIJhsF+q5UTw5wGV1CngHBPA5JHmvizw29hN9ts/nhnBLInGwMTjJ4OBg464PevUjjoVVCE204QjHmv3SsrKz1u3e1na1uhnWw0FRcoNu6Tb0V1JXW7dk7tpvvY8f+IXw8h8W6dbajpzx2fiWzVnsLpBtS6EYZjZ3igAOjjKndk88YYAt8VXsN7a391cWltJY63o87JrOmsWTZKpJM9unDPBKMsCq4JO3H3tv6P6Pbtdm4tpZhGttHlQWKlycFWjI6nr0645x28c+KHwkn8Qxr4j0BFtfEulRF4XVdsWqQISXtrtdoEpYZCtJuwW3DrmvruE+LcTkuMjQlOTwVWVmpO3K/ds1rotfJWt2Z+ecT8M08zovE4eHLXpReqSvL4XZ2tdNX6LXVXR578PPGsGo/ZpWLia38tLiNiVMcp4yq5BYcfMAOM/LySK+jPGOof2t4b0+3iiBlMNzLl8FZFSFiWCnjLc5xwSc9Qc/DmlPOt7Pf20ElhrOmyldc0aQGHDJw7xpxuRipYbfUHIyc/R3hXW5vEcVha7pGC6bqjoobOxltz+7bDZ6gkgcjOMgGv3PGZpQxGXLHUpxScYSaVno7Xct9e21ltrqfj+Pwjlh6+ErU3zQil72sk/dWvna77Was9bH8wH7RihPiZ4nXbtJ1K/cqDtwxupVyDzyAOB3xjO3mum/Yv8RTeHP2gPh/qdsXju01qGKNkYqWSV41dZFH316cHAHA6HNYn7SEbJ8S/EiuoEp1LUxjCndi6mAbJ5yGzkjPB2+1Vv2ZTHpfxO8NeJbt3S00LV7W6uGVWICGVMkDodgxnvjBHY1/I/EtdSzvG1nZxdebVkrJXje9m9VZtJa6W63OzJMJKnPB0qbs06VmtVpyLXvZX6pN3+X9d2qeJdC8VR3mg61Hbx6tqUKRfZ7hQtpq9vNCAFj3rs88FjhvvZPBxX5gfG/4WaRoV/rVvpreTFZpJNDbvkTW6u7GRIyCd4VuFwcAY44zX0/401/SvEfhzRNf03U/MuZEhudNu7dhHJanyo9rbhjADDLrwe3Xmvkj4teINfZLmfXppFvYbMxi/YfuL4OMpl8AFhlQw5J6A9K+aqJTlFqWilFu11GSbTult5tu1rLqnf8AYsRT9lhJKtDmjyR5ZbqTai9bdtm/m7NHrHwE8deEPDmk6VZakLeeV1VLlJWCy4U8NIWJ3DA53Z6EjINffnh8fCTxpCLRrLSrnzxuhSSKElHbggS4JGCSQD04xkCvwaga9jnhv7W+CyrGjMgZghZ8bmQ8r0+8OeOmMZHuHgr4n6z4duoiZ75AhXDwsWjMgIwcj0+9gEDJAPrX9P8Ah54i8OYXLsLlmdYehH2NOFLnqU4Sg7csfe5ov4nq9duq1P8AMTx/+j7xpxDnWY5/wdm+NwtbF15YhwpYmtTcJPlso8s/dV3olpfW7uz9jr/9k7wfrdu8+my/ZThWiXTpmIBI4DxqeFyABjOQckZ27vLtb/ZR8a6ES+mX97JHI4ZFuLRpkEbEkbmCs2OoJ3ZGBjPNeTfD39sLxH4UnimntodSgVUEmZgzrGMbi8RY4JAbkqBuwM5Bx9yeCP2/PAt9bp/b8L2ccoVP3qI6xH5QTxjA5yd3IPbJr9PhQ8NeIpv2NPLJzkryceShJc1tVy8qW9t2vxt/COd4/wCll4V1qi+tcQYrB4eSlSbjVzChUjF6cykpSStbS6731Pi7V/hZ8RPDaSPfeHxe2gYqLi0z57sTniIDzBuHRcH8STXnE9pKtzIt3a32kOqlWW8tZArHsokZAQS2c++PSv2Lt/jT8CfHtnHLNqmml5ShRov3TJJgKpkICHcTjA+6QeCQK77w74H+Dnjy5t9Pu5vD16u1XRbpYEkkTIB3OoDMSo4Uk5yxPJrzcx8I+FatCeJwWOr4a15NUnGvG6SfurVrV2vu9/I7OHvp5eL2Q4qjl/FHCtDGyXJGVStRxGAc2uSNpSnHljJ3bTdld21sfhxD4f1SeE3Fla/abcnYHtnBLbTyxUdB1ypx1HpXhfxNt7i38YeD7CKJ4p5WlE0UgBlUM/8Ad3Z+YZxnHJr+vGy/YT+C2v8Ah5rnSbHR7dplU2oglktYzNt5VxEAGyTgDnKgHp0/BP8Abk/ZAg+HX7bn7Pvw10PVWhX4lTRNdRLKZY7AGdIwIHkPzq24Nt5YjgcnNfhOecN4fCSlTweZQxVq9OnJVaUqNWClOMeZK0otXtzO6sm3sf3Z4bfSfo8WqnQzvhjF5NXqZbVzCOIpYmhjsHNUaftJU/aUpKUakoRbhGSd1dNpar4kttOEE/lyRyxqUOPNhxywJOCAWO7k9uM5GKnbwyL5l8yFJY9hKFdqk4I5ILYzzgAg4OBgdK/oL1n/AIJNfEa13zabd6Nr8Mdshhgu4fIndDGrLgqAPMBOCM9Ocjqfmbxr/wAE9/ix4VSSa8+HurpHHIxNxpSm7gdFIySoLMVGDnC7sDAAJArOvwvjqdNSwWKwmLdk5RpYinzp6Nx5ZNSbV33XXufp+VeNnCOPa+uPGZcm1yzxmErU6bSs1LnUXG1km22tN5Pc/G3VfB8JVkt4tsowpDDhQM9T0JwDx19cCvONR8KQmRYZVG7BLI6KyfeA54we2M4985r9WPEPwLvtK/0TVtJuLCbayhbzTryFyQAMuzRKMrkkNhgeoIzXz34o+CGoQFpre2guFHAWF13gLnJ2s27OOOAOCB3rw5ZdmWGmvrWDrJX5VJQly278yTi9+7u9PM/QcHxVwzmdOM8Dm+AxCkk0o16fN0tdc111tdLtfY+Grn4Z2moRNm3hXbySq+WxB4GCO5AByW25BxnOa5W8+El9FC7WN/eW3JUKVEkeGIO7kFvTnBAGTgdvuB/Bd7pyiOfTZ41YZDyRHjkqMMRgheuevQ4GVqn/AGU8cnlGDzGwc4RQoPPPIHIABweCQccjFYyw8U5XpuNrK1nzbK2mml9/ed3pp09FqhiFGUZU5xkk04yTWiXVdX18n5q357XvgTxfDzBPBe4OAuzypDtAByXCgc8Zx3zxwa4PxLo+uWml6mdV0a7gxaGMTRZmjLtjbuZAcDIzgcYwAeMj9NL3w3aSPlrNS4UHBQAjcMllJHcD5c55+vHi3xh8OR6b4QvZLMmISGCObcSUAZ+R3AGfyABGciuarh4Rozm1eVk0ld6O3dKztzN/j2LWXUqkoq63XMk9NOXRaPVat7PbTWx86/DL406ZpfgKDwT8QfA13r+kRxzwQ+dBOptYpR8lxYyMn7mSPIYFCF9x/F5JqFzpNpq15J4ZnuV0h5d9ml65+0wxlg3lSYbB2Z2jluACcHAr7s8LaLHdeG9GhmtLK6P9nIX821hcNkcszMAfm4Gc5yCSQTxDqHw18Lajthu/DliGwxL26eSxy2c5AAyOTySOhBPFeZTw1SjHngnaS1i+ukbtWulo9XtorbO+08rhN+7VTdr72/ltotebd30Wl76I+K4deRgA84WbBIycAjgls9cHbkA9xkckZqX+pIdkhmRyAMIGGZDuGQeeBnnJJPJPNfTWsfs/+FZ3eWzn1LTJCmUUIs8QPAG3rgc4yMEj5sda8s1b9nvX4/NfTNatbuNFzHFcRmFzgnBBIGGwemflOR1GK0nJxivaU7yla3KnZfDq21ZtXs9rbXS2weXYqCXLJOzVrN30Su30vdfNdGzl7j46+P7PwingKLxDdxeHpZGlex86TeQ4K+WspO4LjgKOBgA9BnjvCEusatqebPzDDHJgu7MYnbPO/dncx4PORjH1q7rnwh8aWGxrrQri9CABJbWRZTt53EAFs4JBAI7jB5rJ0241zw1FPbPYXllCJAx86GaOVXXGSJNoGcZwC3VcjIPHJCFGmpuEI88rtPlSfPaK97l1a63smmkr3LnRxUvZ+0jPkjps22vddml1Tv8AdtofRNz8KfEWr2ltfWEiXcyxSXEtpCyq4WJSzFN+AWTDfISSwG0HJwaHxb+PHivxX4S8I+BdbsNPsW8GRva2l/a20cF/doh8pYbqSNVJjUKGbJOW5IANeX2Xxh8R6BJmO/nEMsZTyWkJbkEMxYMWQqDhsY4OAPmFeW+M/FD+IdT/ALQkYxzzouUQHYCxGW5UYznLE8A5IArxKeCrVMW54iSmoyUoRtazk1ey0Wu3S1tXfbvdWKpqEIuMm1e9021y2307u3R6vc+7f2PLmee18WpNMCzXkbSKuSH3AHhScDjORzj5eSOK+7ZrKJ0LRLuUIDIrEEFyc54AwCflA6ce+a/NH9kfxNbaBH4ia882TzrqLY6qWx8pUk4BPGCcHHrznn78tfH2jyxPFHeIA5Xd5q+XtJ2/Qk9Rj7uSATXLmFCUKzdOnKMFZOyvorb3ta77P8D7rJp/8J1OMpJyV73be9rdNLpu+j0JrjTLOScpcW6SDeQUZUKqOgwSeOT0IGMe4FczfeBPDN5I3mWtskkxZUKZjYE9cgEcejcEL8vYmtu31y1mnkwwuA8mSylXO3BwcqSwyMe454HAqK5ZTIpDqJGDeUAqn+LBBJ44HzFgCBgg4zXmy0indt32Vk0/d3s9btW1STu0l29i8ZwsrO+nVNaRXR9dVdrS61WtvP7z4OafLuay1C4hPVRFNvRW5wNhOTkHpjoeFOcngNX+D/ia3EzWN7HdBHO2KaEq53duBkknAOM5PPavbDdXVvcqIpyJd7Eoo43ZIyATz6YODyemc1Yh8WXkE4iuU3SO+VLgEBQT9/kgZwSCAxz7rzndWSta+911XK3qvktGr9XoyPZwcbK99beum9tet97WdraI+TL7wx4t07cZ9FLGMZ862d1GR1DIDkZIAIwe4zziodN1+/sWKXEOpWbLgM6PNIEx97cMsCD8uBkDn6V9jSatZTAvJAhZiQwIUo7MSFJUAhR0IGckH1wayptM0TUFLXFnbFtnymJUXLEjJYALuz3DKeep9drxcYNyim5a+Wsd+a9n9ybS1s0RTg6fvRbvs+17p7u9teunRK1meFaR43ugw8nVm4kQj7SrK0Y3DIJbbnIzx0HIPTFfAX7QWqkfGjXNTmdb6KXTLJ5QrDEqFcMmQTycnp3+XOMV+pN34N0GdpP9CtggZNxQBXzkYJCgKM9fujA5Hv8AlL+0tYWumfF7xBZ22Vhh0yzKoCeCeGUEnkZ6c4GO2M09ITXLd9fnp239Xrf1sZYxtwi5++r2s2mrq2qd9G9L+dn3PMrXwT4Q+IEtxc+Gr5dP1yMlrvR71wpkmXORAWwWBfgbM4wPavLfEHgzxB4dnuLe/wBPngRTgSGPcEA7oQMMnvnIB4ya5ua9ubDWprq1uZbS4hdXSeB2jdDnhvlPI9RzuIPXbXvvhL426ZqqQeHfH0EdypUQ2+s7ctGSAP8ASAwJwQfU5HUnqPbgpOEJJvWK7JXsnytq1+qt5/f8vWjh8ROVOT5JpuzWl17tk11T0V3/AMN84JBNFMSnzhmwXVW5GcYOMgnb8owcL2FdbpVlPFdW9zyqPDKFypz93BYhugByMt0PB64P0T4k+EdpfQDW/CFwlzE48+OC3CPHMCAd0RUkAnP3Dg56cFa8oktLu3nNlfWslncwwyr5cibGLlMFjwCqjA7AkD/eJ5MRUqWcYSurpXi7rVq1+8mtOy2bb345YCVKopTlzq6cXo7ar/O2rXvadNfnDW5fO1S7K5GJ5QAFwCVOOD/9f8816l8LJXjvrjaqh/sR3Bs5J9cZP3sAZA4AOc9a4TXNBurS7kuWHmRSyySK0ZyV3OflbA4AwB6YI4wK7n4awvHqc7uGVvshG05wepGBnJ5JzwM8DHau/kksDJtJP2aadtXFJW5fPporvfzMqKqLGQetk1rZ/wB1WXR+qb1t6HvljKZJyu0sN0bKoP8AtYx0GTjn2PDDIxX0VbW8zWMKtau0LWxeMDlhJ5Q5znDDPQdQTjGBx87ac8YaCbIQtNHnOD93BHY8+h/l0H1toMyz6NECePs53E/ezgsCD6n5Qe2MHJGK8KzTi+ZrWLVkmrJrR7X0te68n2Pq8Pu05Xtyvok17qavo9bJtW3j8jyX9o90bw38NopMhxot25Uj7y+YwAPBKgbeSRjnA5r4M1m1+0R26EgbpiUBJHGcMePUHI9OM9zX3X+0JLELXwBLcqbuztNJuGktlJDTQi5cvHuB4LAcenTPIFcbpnwi+GXxe0y3l+HfiUaP4ohhDXfhvVpFU+cFJItmcgyANnAUFxwD0BPrw0jG1krJqXvb2T3V76r0uuysedjaSrVaija9k+Vu3RaKyevX1PjFdMsoZpFd8yEqQu4Els9AQflHHfB5xnNereG7aELbyhgzDAZSQMFTgLjv0GP8G5Z40+EPirwRqUtrr+mXNtIrhUumQ/ZZ1B4aORRtG4AkgsevamaNDNbSLGRtb5fLI5VjnPDDOSBng57A8124SrOMtZO107a7XWi062V7NdD5HN8JN0uV07WfW7SV01qtFbTXbTqj1yFoU3s5Eb+WMKxDZLdMZHB9e2AewIrDurB0v4d7/elRom4KHd1Axggkj1xgDOecIHJi81mBkBAYEcYGOg5GACuOSc9Qcmori8Mc9iRMHkE6FkODhMjOM47YUAc5PGBzXrYWd8RHmV4ysnfXflW1mlo776aK19X8VjqNsHNJqMkm76K2ysl2tbbRNXs7I6a80faqNGqyRPktli2H2HcRjsDkHHIwfT5avwv+MXjzwHrlxBoWtzx2aSy7tPnkaexlSNiShhkyq5UYYryFGB6D0N9Eu7iwt7xItsbxSSYyQSRG2dwzxkjGAOeT1NfOmio48R3KpGN3mXSsDh8Hc3qeCBkZA6ZGccV6OZ4aPtaLSVmk/wAI799/N6N62PL4Xx1WnQxUqVV3hLW0rxvFq61te97Nd973ufd+mfET4S/F+5+zeOtOtvBXiWf93H4g09CtlNKwxG0saqFG4ks5Jx78Zqn4y+Anivwzb/25pUNv4t8NygyQ61opE58oH5WlWIMVZQVLDHG3kHGK+MH8uO4lAbZtkwuWIyMnK+oz6k9QRkGvbfhh8bvHvgC6QaNq1xc6UcfadCv5HuNPmQ4DRiGQkJuHyjap4JIbFcsKdej79Kbk221Tmm1y+6rx6u9lpZq66dfoqmZZfmMJYbNqEYxkkvbxjHmi04pOSs7Wb316p6JXytQeQTMZjLBNEWUxzxkbV5BViVAVvUHAJ6gnis9A+dvI3EN1UqUPQr16Dt1JGc4r7Ol1j4GfHK1EOoxwfDXx1KpzI6kaRe3BGCwYfIm98EswGCSc9a+evHfwc8W+CLl3liN/pef9F1nTW+12E8BwVYvHuwdvUZ2qTnGMivRwmZW/dV4unU0T59Lv3bWb0aWj0aW/U+ezPgx1I/WspxMcVh+VvkjJc8VZWTinfW6d7J31srHm3ia1iOgahskyv2RiysRyxXg55AIIP4nGc7a+WddjKeE9VZg25ZbfbjqFOemdxyMHrzg84FfUWqW97NomqM6ArFDIGwMc4XkrgsMEMMlcbj34B+YfEHmP4Z1HdnPnQj5eBgH7uCQDxzkewAxXBmyvVhLmT5o76d1q12tokt7W0PQ4ShiKEK1GrTlSlTrwi0735VZXe3Vr1Wpxfh/a1oDsyTkZUAY4HBB6YyTz97I7rittmUsAUJyACuBnIGBkcZBzkngd+nShodmY7RdzA7/mUMSCeARuBPTJ79gRxjNWpSYD5ZTPOcEqeucZbjjr1bODwBtIry4TUXFb3ildpar3V1dtGr7bK61Z9HjKU5zbXuq+13v2srv06emxL9nE8kaxodzDaNmCWPG0dDtyc5PPQ8euzDomoofntdqEjJyCCD0zkls4zkjjpjjFc6bhopF255AbcpK7S3Qk44GSPlyO/XG6tSHVbxnBlndo4udrSNtA4wM4AJ45xwDx1wVyxPtNHR5HFaO6Tf2b62tp+mquGEptJxm3F6W13Wm2217679L9bt9o4gtTMVVUyQQGG4knJZcnp2ORkcDgcV59rEKC2ucgHCEqRjpuHBwOuc8j14AzXX3OomXduZ3G4ttBKhQDnIHQsM55JO0DjOQOY1hkazuflBZkZlAP3e7HJ4KnnGDjcc8EiuKl7WTbqtPtZbKytZp2T+87KElGqowdlom3rdvl87K1731XSxgaUoeGHLbVEZPH3eCAM575BIYYI5HUkVvpHgOGkJGAVIOQozkjg9OOuWHPA5rN02Ii1gyuDs5OTgg8YI6tnOeMqcdcDB3DGu0beAQpyfmwcjkKc+mQCAQeB3z1xpRcUt9r26bfdpbqkvQ5sXjJU681FO6ab3Wl4v8AG3S2trkYM4UFZSQRhQwGSQc8buuB6c9MZq3Ff3MY+Uyxsu1Q8cjAA5GTgEe2QMDHrwaWNCSi4BYj7xAUcY6gEAlgeMdc4w3ADxGEVhtIOSccEFt2Py5GRycn5QDnCeGhJO1o2tq9W1ora6LRPe/6OI5tVpNXUnora33UX3b9Fe76re29Z+M/EGnBfs2r3sTA5QedM6AAcfKTjAA78c+/Hf6d8aPGNkqLLex3qrtBWaIOW5AAJAwAcA5zgd+1eT7FIyVGcDJ4AGfvcehXBOR9BjqkQADAoCCT327QM98cgjGcAgZ+tT9U006W1b9L3Vvztprpc76WfSTjdtK0Xu+ltb3u1btfyPpTTv2gb1WzqGkQypjJNu0sLcjHJGBxxyTyWwc8Y7bT/wBofTThUl1HSWK5Z0maRATjPyMSCBnHQcn+LJx8eIAfl34D4IBwehwASQAMLjGc8dfWkKEkhWXOdu3YQeh4B5AGcY5Oc/gR0qsErNrZJ7W+F2W710ttp0109OjnsJWXNd6aPW9+VprTbr5J9GfXuu/G7S7250UTeIp5mS4JhlT5JLVmBPmyZO0kkAZOBjBwetd9p3xOfUI8R+JLDU4o02+VqFrDPuU+hcEk4G3jByQeh5/MvxOHguLFkLAPLtbG4A5OMHPPTqOvTA712enPeRwxGIzR/IpJWZgcED5sHGDuJAGflB5PTPMpVOaS5pXTSTV7u6i3vvr/AMM3a3pLHwaip04uMtUuVLR2Td9db3a3/I/RZdY0LVINuoeHvDN9uYeYn2KKB3xuwUkVAGUgZwoPXjJwaoXvh74UauSt14OtrORVCkWV26ncRklU3KAMt9RxwcV8SWviLXrMRrBfXQ24w0xaUE5Azncc9RluevYgit2Hx/4jtnV2linALY3KVdjgdcZcHr19utaQxVeKSc3K2nvN9OX1d31sv1DnwdTR0VrZ3SV1tq+t1s+itqtD6bu/gj8Jb1pTa6jrGiSSLvRXBlQuRkAllPAzwcnAOD8orlNQ/Zl027j83R/GGj3LYZUt7uPZKSc4DbcDeOMkk47YGcecWnxl1SE4urPeCuwlZGbkg5IB+6Rx0yfcYwer034y6YRsvLQo7D70ilHJBycmNckjactnIJJPVgeqOOmviimtLNKMuq7q9tL3T3fRaqfquBqNKMeR6O8W126aWattf0fQ53Vf2VfF0Ucs1rp+m6kmRhrG6j3PuySdrOTkg/Uc98E+T6x8AfFOnvJ5/hnV4QPvPFbSSoMcHmNCOSMD9OK+uNJ+K/heVVUahPZykLkxzzLgjnAyQA2DxuwFPtwfQ7D4h20qk23iiV1cDCzyQzIuMlRIrNllHooyCc9ASNFjaFrTpU5NJ3kovZtK7smr93by66w8tptXpYicEnortraLWju9l19He5+Zd98M7myLo0V5Eyq3yywSR4JGcHcoxg5Bxj73BHbir/RbiyikhaFjIWCgDDeYASuwYPOCeTnqcZHSv2Dh8TW14Wa+tvD2sI6t/r7CBWbIJwshj4ZhySTzjk9M+e+LvDXw38STadFceDYbC5+1eZcz6ZMqrJFldwjxhQw+cbVyewJIwNE8DOKbi4NpJWkmvs2vba91vt6XMHluLjKLjWjNJcyUr7+6lpf5Wv6paX/Jt7KZGAeJgcjG5TjJ4OQT34HbIz/dFXbbRNRvTi0sriXb9/y45JAvTk4DYzggBRn2OOP0wvf2fPg/qpme38Qapok7bXEFxCWSNgOVLnGdvGQcnuSa1dA/Z0sfDkq6t4V8c6Tcy+aji31BIyk5TOFKOCGB7hsDJIOeMTDA4aU0lWg4taq9n0dmtumiv3IqRx0L3oOXur3l7qt7ttGle3a2nfRH5WXmnXFrJIk0TROmMxyhkkxwBlCMhiRggn64OapNGdxIGf7uBkngZx15z17nmv09+LHwA8Y+LpbbULLRPDtxdwQGKZ9KltoRe7x8snlqyDzB2PLA8EtXzNqH7NvxCsVlNz4R1bEO7dLawm5jz82W/dh8gcDjk4wG60qmWqLXs5Qkt/ijfpa7b63vpr56FU61W0VVozg7paWfRddU1rvddT5YCnJyD0z0/In2+nJpNp44zg54z/kZB78+wr1zVPhh4g0t5VutO1C3Qbf+PmxuIycEjqyAd85x0x25rlrjwrqKM22IMMFsYKP6Y2k5OcjIAPUcZzlf2dW5V7i3Te3WzTbtZ7672t9w68b2cpRb2TvdpWV/Pz0/M47ByRjGckg8kAHpjg54/EEdOtek/CIN/wALD8N7SVY3sQUnscjGQSeuD1OB6YwK5KXQ9QgX5rOQdBuCseOScd/r2H5V3HwntZYviJ4cWSORf9PjySjgZBHJyOMdfoeeDkKGHqwnByg37yuvuvpt1v2vu7j9pG2kl1a2v5X01XTazemr0PsD4sSE+JYVA3bXjZm4wSYgvB6k+inJBbB3DGJdNQyRwB2O5UD/AC8K5OQDj6AHnHQYJHV/xNjE3iqC3CA7wjA5wA+FUEkfMTgnjuWHHPHU6Nocksdu23LsojYHP8PU9DgDpkAbhWGNharF23a1S3ta++vVX8vSy9DLlzTlZNXldJ678u/da/NFJbdiocx4C53fewMnGdo9mPA6nnjvMu3B3MVP3uFwpAPA64z0GCPw4zXcTaBLFtLEkllBVVBBLLj0YEYznPIOOjLT5dAct5zQMMAIFU5GT0dh6cDrjgnrwV4ZU7pRv9nlTdr6crsrWetm27u133PdpwlFbq99teXpe9mtUlrtvvZs5FFDy84Mbx7sDBJIHU4PTPJyMsM+ozZjiV5CrAriMEk9WwQV3dcDGQFzzgKcg4ran0WeBt3lMjuFQDnaMqPmHOAQcDHA4/NsWjXiTENEzEx4IwzbsE5IwuMZx6AYAHHAySto1fTsrJtRTaafS2mif2tWVGPotXZdtI27N2SXnrZ6uxUigLARE5QZL9DgjBHc55x6A4GPZShZGIUyKWCswBViMnAHI46ZxjII5J5GytlcJF5jwbdzqNwRssf9pSAAuB1OQMAmhoGC7ni2xlgCo4ZMcdD2HPy8nBHbNPlvK92t+7S+HSKd1qm9tb9ej0S1u7XWltdbdEktde+r1OL1GzSJGlOxcsh3ofmAPGADnAA5BPQZzjv5j4lt1iWWVWJQDAxhSQykk7cDOcgMCBgnnnFexapCru4IATcBjoxYDlz2GO5G0HBNePeMYZEtSEfDF2IbBUcEjBwMnGM475zntXVHW29k4tp6O6aXzadtetjzsdS91yWmvXv7iT7tp3Tezfa6PR/hrdSN8ONZSV2MRkui6KQpZRGwPfK5OCSScHgA5r4JuvFus6Nquorpmq3tkI7ycII7qVMqZXXaFDKuCMbs8Hqo719t/C1JZfAOsStvZVF+HUs23/VkBgM4J646kcZ7Y/OvxE2NZ1IDgi9uARjAKmQkdMcdeOnT2pY1yVGlOLceXSOrutI9U/TTt1PGcWuXzXTyt2Vt7J32SeltT3LQvjD8TtKjMtl4quyqKJBHJcvICpIJ3bpCGKk4wOOM9MGvevDf7WXxWtLYNPJZatCAsWy5hjbLAYBwy7j3UYPGSRn5a/P5biVOEkdBgDaGOMD+HAGMHpjtz2ODv6X4hurFmPmM5JQguzZQA9QACDzg4znnIxg15DxOYQu6OIfT3ZSvdKysrrW+ul/vOqk8OklKLV/iWjXTXS2v3r8bfpDbftgxy3EVr4q+H2i6iQg8zZAiudo5IVhggZJ2jBJIPIrs7H4y/s5+JmYa/wDDb+zBLlmnhjCr5u3k5Rc+pAHYY44Ffls/iC7uZ1uZX/e5XoTyikZUY+XoRngj8K7qw8Z2H2eNJC8L7slSA65UHJOSM5yfTv7VE80zOjFc0adZPfmhGa1Ud2ldXs09++nXpofVJt/vHFJaK++iTerdktL9L/e/0Om8IfsleLo3a2v20S5kkAVXOzaW4H3lAKknB+bjA65xVu0/ZG+E+sxqfDnxEsY5ZBugzdwIwyRgORJuBx1yMcEAV+fFj4g067lCPJEsjsdp3FAq5zljuGTzxgD8uu7Y+IJreQJa6lNHIr5Ro7lo9iAnbna+SQM449Mnd8tYTzV1E44jAUJprVKDV0rXbvvf003tudcaVGU1Up1FGV07pp66au716f5n6f8Ahv8AZq+KHg4Wb+DPiY628EgaNINRMigqQShjDkAEAABQQe+Tmut8aJ+0xLo8eh+I5m8U6JA8jRwvAZkjdhtE5UKxLYCspABI3AkkV+cXh/4peM9OlQWPijVYpVfIQXtwVAGACAXx0Azyc8dO/wBE+FP2pPijp0jK3iSS8VditHe4dWAO0jL5GCARxjjqa+TxnD/BGPxdLGYvh3Cwx1KSlDGQw1L28JaWlGpyKakrb3220tf6rB51xBhaHscPmdX2DSi6Mq03Tcbq6cG5Rs0tU7LV+i6XWdTl0fwrc6N4w+EUN9PNDcra63b2863EczxskUhYKcLG5BZScYz74+EZbG9+2zRTWN5aQmVwQUdWOTlCATluPlyAQSMcV+gWpftj6+2lX0Wp+GtH1IQptczQxgNG3LZBXBJJLAjJ7AjO4P8ACHx2+E3je2s49f8AA2lCSNibk28aQyozD+GUKCVPTb1ByOeBXtZfl+S5fRqywuIrU6VaUZzVZznGM/dVlzXST1bUbK2tk7Hk5hjMwzDEUI16dKVanC0fZwhGTScfj5Ypyfe+qWjep8qfDnxr4j+G+safrPha+OlazYuDHLIkg86NTkR3SH5WRzgbWyWHJWur+NHxg174uanDqXiS002K+toFR5dOgjgE8pPMpCqFG5gcgderMMcfYTD9njxDKnneHntlWQKJIOJI1zjDA4yF4G7OTtJyazNW+AnwL8SCZ/DvittKnkPywXahfmA3AAnJHH5Z4zxjwa3CuSYzNqOdQWBlmVKEqVLFrkjX9lO3NTlNPmknp7suZbbO1/Zw+f5jhcFLLqlPEwwsnFuk4uVJtWaaT5op6JNrlva7baPzJvngSaNQjKNpLKApbgNySMgAgj1+bqPu1l3FyyoFVWERLMXVyrAFsjpztyPpn1Nfofqv7Hkl9FE2i+J9BvonRkjbz1EgAOQJApDDPCqSPvc5JyK8v139jn4hW/lrDb2tyzDC+TOXVkBwG3FgoDKBnJwGyck5r6CGS15NRjyVI6W5Zxe9rPo3du/W68mcU8zpxbahyvS1011i1d6aa69Y6N2Vj4vk1GWNY1jZA5BCswJIHHykYwcgEbixGScDJamC9ViokYrvO1gNpOQCSMjJGcg4DA4HbmvoTVf2c/iJo5aG/wDC1/LGuSZLZPOARc8KYw3GTkE4HpjqfJtX+HWtadJKJ9P1OwMbNuW6s5gGA56hBzjKgjgcsOeulTI8RTScqM4q26TbaXJ1vZ29Xa7exzxzGE5NRqa6XTk99NbJ2atZdnd9Uc49yhaNRJgsuMMQflx6+uSNwPJPAGAact8qMoGVMbKqMx46984wDjPGSCTniqF1ol5C8Xyq4IIC7tpOGOMBiCcdB6Y7VjXkd7DxNFIoyyrnIG0HucEEHrnGT7jOeb+zqkX70Jx10vGS1uuj6qy722tqiZYlayUlJ+V+0VqrWWiey1t5FnxCks0n2iTLKyEZ6jsVIAPAOR0yeo9xw9uH81jnOD93GWJ6qWAAIwACB36gnjPU29xKjFZlZ1kQIvmDcFA3c85GOeuAfTPBG34dsrS41KV7i2BtYQXfG1ST8uFzx8vQhsY564zXq4fESoQ5ZwbUIpJ2touVJXel9X+i7/O4vDSrVfaQmlzySd07wb5fJdU73umnq7M8bOTwrYz1xkkYJwGJHDHIA5PB9OiyOmI1RDuAO4569z39Pp9aYzjAXOQBxgA5wB1J5A5ySW4zjOOTFhnIXPzDBBUkcdSR3zx6jjkEAjd1uKfVK+qu1tprfum9V0aPMSas91pbTeys3fr3/AerAk8Z2nI9MgnHBxyDwc8A881MJCVAYZAXavCjB688EE5zjv6DoBUAILA7SR6EkZOc46bjjOOnJ5B7zDAVQFO5cke5OQcjP3gR0OcfkKhLlvq3a21lb3oq9tU3rdX3TersUTrIMkEHIOMjgKTjBxkcjsevsDnDGYMcgcjnjuAOWx0B5x0PpnGNzRlmLEE4+9ztHoRxx684x2JoVHAPIHXAHGcDjOcHpgcntx1ppXavpvZ2d7X0b961mt7ejuS0le17X7Wu+/dXel367tMkRm3AjqSF74GPu9Oep9fbpW9DNNsCPubOFJKnPPZeD1zgYHTkEDrjWpVGBdSSMHjPGepHY4GRtz+uM7sd5bR4cEs5XAVtrFcE4BA+VST6j2Fbw0skr23S5dk43u3peL1TfzeiODEtytFU29rt6x6bXvpbfr06pl6G35UOxjRivytnJywBOeuN3oB+OSa6zTbeGJxIkbMxVkTDDI75POQMjjnOMZAzgcE2q5kZiGYKQEGMbWJzwPvEHGeCWPTPAqc65JES0Urlyu054AVlyTwxx1JOB07c1omk07XtZ7LVaeqvv6PdvY4quGqyjGNtWlqmrv4fXXp1er1tZnptpLNDf27CKETh/LCAZOHI+ZjkDIPAwencV05jP9qhoYg8sbRzSzIuCAoG4bgeTlTjbnjuM4PgyapeF0nWdxLvXBVmZyM9AGz2JH0x1r2XR9bxoj3E8LrdMrRIzNhpCTjLnJPAIGeA3IHGBWscdLDShKF0046p9fdtbTV6a3s9LbWOOvljnBRm7txSbu5WTsrJXvK+ib6PbXV/QNn+0f8AFzwnodl4R8NeKtY0jwwly9zJ4fsb6aCynnmUpJPcLG6K++JiHVs5BwQAAa8A8V6ZfeIdUn1Z45768kf7RdLaQPLGjTMS2WiVgCXbks2cnt35GfVbs3U6iZtzAM27PyAY+UHIyRgDIwDjkYzXa+Efiv4k8I6bqWl6U9js1geVdyXdrHNMibiWMMsikqcfMSp4zxyAD7OZcY57mGCjgcVi6uIw8HF06NSo/ZxklGCcUrpWSstNErd7YZVw/g8vqqrh6Koyb95wUU5NtSak27Sbbcla+93uc/o2i6zYSXhsmuLWeSF0uzGJEKxuciNn6EsTt2HKkHBG3gRXej6jp1ms8sD2UUjsZZ5WxJIoOScEqQB1wARnv0za1bx7qkimW3migUNmV4wu6c8FjgjJ3H2yD0yCccPquv6jrLq97fSmBVISIsMDHQlASOBkHOSck+gPx/76rJOajHVWu9XstL216dne11sfS8kpNWlaMXfe7u2k3eyvo9XzOL1affNmjmu7l0slecSOFXqS5J4JJ7HHPAxnOOK6vTPCM98scbB1uUkVDbwoSxXklTJyu4gE8nn1FcML+4trj/RrlgIww3g8jd/dHUcn0x2Pvpad4s1bTjN9nvHX7QSzszEsCcAkE4ZW4wCOCM+mRpOFSMUotRbuttlddtvO3b7upR6XsrXtq1fS6vvZ6tLTs3uzvH1e78KrqWm6U6WguVWC4kkVXuVLD5gsvVWOSF28AkhhgstcL9nnu5vJlWVt481pGb7oPzMzNwWJHPJbnHOOVoCa4vZGeSXzpnlMjlmJJP3iWyDkngL68cHHF29nukDBd8Z2pEyjlmB6cZBXCnHC8kjr3wjTcXdzu5Wvre+qb1vfTazdutn1duWyV9Vu03fWO17/AC0W7urMrxQ211eG3t7R5DEjBSCBuYAjcSABjjAbODwAec1JJOlnC8TKi7HIZQNwZhxjLAYCjbuI4ODyQKLO9fS2nTy9ryQ7ZJGHMeRghTng45OCSTnjPXn72V7jDEnbk7cscsTg5YE/xdAT0IOOa25VK2t7dVpde7vbdbddXZdLhJrt5W0t9nV39dtOjfctG8kkRVO1FJPyrx6c9AAMY6Y/TJrRtG2FBO5m5kOMAnLHIGPujocHjJzkZqmwlKYUE7sEYBOFxzyQDjCjp+Wel2zsLiUh1DDjBJyCc8Hac4JYenJyec9bS/Lp20Xd3d/0Xm0rdtmk+l352fn/AJdDvNN1v+xoNlu8U3mFiwCBmY4xtPHyqpHAB5GAec5mPn+JNUiguJ1to5SpO0bYo0GMqQD1Kk5GCRkHHNcQsUsZBACLnG5gcljxncAcepHTJGM/LndtLltPgnKuryOBtYtnbk9FXg57EdBgHjNc0qXPzOLV3yvmbT1Vrpq11qvwtbcUr3utW3Hq7La6el9r+Wi0SsdV4y0TTdJt7R9Pn3xODvOQ3mSqgy6nltrEE9gQATg/Kvmwlldl2kkjOCEBDcYHA5AK8qeckHnIq/cahNdqscs7MQfljcnCjnJBOcdvpkYxjjQtrWO1kEkgUKFRhzknJIPbIJGeOCMknHNa0oOlB8zd9PyjZKz1ab9LLsJN7OL1SfNp722jd7Wv0er+853a7JIXVmbdgn5tmTnhjjqQSxB7DAA6COMtGxbO7aT8vYc4IPPX5eny9ARlgcdZf65bxIbe0s4ij9ZHUF8nqc4ycEdd20HoAABWTDaI8TNO/kB8ujHILjqcA474HOPQYzg1GT2cbOPpq9O2ju31uvPtfLt5q91vbTz12fXpvrc9E8Iw2cVg15exkzyOqWqggEAnliCeRnvwQScdzXQ3PiixkE1kLK2Y7gDOUVT8gKkcDOMDHGc+hGK8Xa9mRY7eOQqEyVIcjGByOflBJAYt3GOzAjP+3zOMtIxCkgAsxyxHOTjkZwx5z9cAVlLDqU3JuSWlrPTaPlFXvqrL5983TT11u7XtorWSd1ZarZO19l3PTNS1RL2Rbe0iRlUYVk4I25IXC/KMYzwFPYU1xNaW3nBMkIWG0EhcjbgE4G/OSckY7noK87t9YuLMt5UgQtkseSemDgnAGRxnO0nkjjI2R4ikEJjl3NEUJKlRndnIyeeDypxg8ZGOCJdFxdo7d9Lu6SS1Wmz1W2j6smULWSS36r/Dd7aWS3V/N2VjpbHUQ7u10RGiBj5pXcWLcg44GM5ycDqccCubu2gfWbIwRAK91bENkHcTMpLcEAZI4U9enHQ51xqkl2yAgIoXASPALAdA+PUYOQeSR1wapWsr/wBpWTOSW+12+0biQqiZMA9RxyQM+u0c1tTp8slK+umit2+6/l326o1jFadL2213tfve9unysfu/4QbPhLwwGUcaNYjaoKnHkrgZClcgHOMqOo+8xrp1RywG3aEODk445IAYdQOO3U8juOY8HyZ8KeGgzDL6JY+gGTDxyRwD1wD16g9a6MxOANsg3BS7dwobjJx1HXbkYHHavsqP8Om3d+7F7WSsk/XRatWvfQ4Kr5akra6q93d9Oyvpbez389amoyyLb3BALeVE5wRgEkbRyMEjk5wCcda8V0oF7q6Dg7lmJXgYBLZYdsgc5wc7Tleea9qvV3W0oJGRC5BXoeNw6cAEkdfXvwD5NpdlvurmRWBCOZipbGSzHjb1A6cjrjjoKiu+Wcejaetvl0s3fXe+lr9xRTqaNPZPS22iffZXdtdrdje8O3Lf2tfxhlQKFIxhjuxg9eeM4xkng98135IkVwFyQuNzZA3njJz3yOR1HG0E9eA8ORrHrt9Eyqx2h1wMKoIz175JPsCOvIJ9JVQoYpucY3upHRsjjnHIOeQcnrjHJjDNaptWu7O+1nHSz33ts9NXoXVpvlXW61Ten2d43em/3rpa0ENsgXcB8y/fO5tu/noG5LAYzk+wJFdNprFbmAIrFQyEDj5inQnceByDwdwIH44Yd1MbBVVJG5wpBJHAD4H1I3HGeeuGG7YqWuYjgrtfLHuSSQRkfL1HHOG5GcYJ97B6PTW/LfRp3916XSWjWyV9fRnz2Pi1JaJWklbrpZ6Xe2jT3tdryPQJXeVVwACBvI45JwML1IAwM8ZPY9aoyITv5DMighe2Ce3GAQO4yOBjJxm6ZAkKBjh9hUkYJHbOSeR3LY5IBxyM1JHG0gNzg7s5yeBg9Mk84IHG0DHpXsNz7bW2tdrTTdrvfd2/vb8qlpbRuSSt7vbvbRd/u10RnSMAuVJVd5ZxuI5IXkFeBnPzYAwANwI4NSWQbhhgdxIGOSFAwd3qT15xxnPU5kk3MWO1QExkYILHJ68DO7jue/HGRSmkPzD7uMsxJ5+dBkAdeeBzwvXp00py1i9rpu7Ur6JX7J6tb6J32MayTjommrXvrZq1vK2j16rtqOMhLEDgAF8kcAgcjkYJHbIHfnnNXdPulWaIFgWMiu6lSMg4xgnkEAYOOT1GQKxvNwGDEkBSFPABzzkjGM8kdTkcYxzU9lKn2mNmwW81VC56gegGcjOcjHsMZrWTutna29tL3Xu6Wdteml9deYxpXcorS146PR35oqy2X5aXPx7/AGrYGn+NvigowwZoQWPRQY0wcZ65wDnn5W78V4rYaRLtia3kZihLzYYoFUcMMkrk4zngr6A817b+1Hcxn40+KiUwgki24HGQi4JB5OT/AA45HIPUV4NFqr28JhjYJuOwyBSxCkndgEcjkj72Bg/SvxXNVUeKxPIrXrzsm9dZq7X46Wv23R+j0HGFGiklpCO2+ij0vbVq+qdvxXeR+LZ/DekS6bbS5t7qcStaSASKWUZDSnkAZycA5IPccV5/F4j1Nb6e5t7l4XnkYgQ/IibiOAAT8uPlPGeMds1bdYHgQTsJNx3M2dxzyAuC2MDPTnGDmq9rHBCzPtChw3y43cKcggHAxkde2OVGK86EOVXcW3fV32ei0svmtrO19C5Vm47uKj8Nm7rbpfTfqt35XNqx8Qa/BOZZdVvCVIKKJpXAbJwq4bjB3ZXPy+vRjS1Ce7vpJLydpXlnfEjs7GVsNnOTkjHqTk9Tz0rK6tk/d+YhQACcEDLHpgnnr8ufxq28iALFyUCgk5+8ACSMk5PPfOeO9VCKvzcu/Lbdu1kktdnZdNW99rmHtKk48rnK11ZNtq7so2V+yv6JK6GmWdoxDE8xTCkgytsBAzkjJB5AI6jIGR64lxJMZ2DGRQoLMMs2Tg8AHpn+I8gDgcYA3GvVtUkKYIKhRGVU7d3PXHfPU9eD71iSTeYzygjOFUgehGB7cH1HzDOQQDVbWdn0S+dvLaydlt6lJaXve/ldfZaum9HpLvvdeU+lalfxXcUME80Ecm5AVkZUAZiMbdw4GMdsH2y1esWth4lRUEV3K9qy5ULdHazHBYAbuuSDgnjIA45rxdQDMqxFgoOcncDtJycZHGDg/Nx2BwCa9Ds9Rv0t44IbmR441DLmQgBsfMf7xJJ7nArGtzStGKd3a9rLS60fZPT18ldrvwrjeXMrqKVny2d5OOjS2tZJ3trpuen6L4v8U6HdLbpq15bW6kL5Ud5KmGOTt+8Acc5XPqFy3T7g+DH7UHjLwp5dlb+KNYtw4VGdL2cRqqv35BGTweSMcZBBr83rUSTM08zux3hxuJBJyO3QZ6kjqDnnpXoWk6jFAI8FkdcMWLABj1ABGQcHpg5DDnByK+ZzjLKeNoSpuEXNxsm0uyVtr320v66n1+RZpLBYmnWhJxUZR6u7V17vZXton11sf01/Dj/gpp4y8P8Agabw03jq6062ayjV7kSyTPNIqjBZmbKMADuxgd85AJ+X/wBov9u7R9Y8K6vZ6hLD4xvNW01onuNQjWRhMSfuNsbDDGPUDgcYNfjGfGcpgbfLKUAIARwBuz8rEcnjPP061594r8Tz3kA8uaR4wrRje3GGK7jgnAwMfMcn/Z5Ar4DAcCVY5jSxU61TkpzjKMVKTikpJ8qSdopJ/wAve/Y/Wcw8RU8pqYWjh8PGdSi4TqqHvyskveu+V/Fo3Fu/Y9gj/aw8UaDJe2nhyG30zTdQZFvbOJALeYIzdQMHOANxIwfc5FUJf2sfFi3f9ox29r9tUhBI67kWPABUABeQOhB+U4GMCvk6SSNpWKsGTGF24PLnLNyc4yRkDgYBHBwKBlWOUAEvhWIKjoeM4J5yM9MfToQf1ulgqcKajJaqKTbbvdJa38nd3d/NH4jVzTFOc5qajdrVpJrXVaaPVtrz6O7R9Yr+074jkupLsKsU00bpdMh3C4BBJTHREbJJwCwA6YxVbTf2gFhjuVufDun3cl25bdNErJGQwLFW2Z3ucZIx74ySPlVZEZgoDIjNuPOeM5Gc9R3OcgY5wM1ZimQBkJO1hhmLbcHgEHB9CRjGO4wCBVTwNGSW6stHd6O8W9d3tovNabW445xiotr2iknJ6W0bbV+a17aK7SWurtpc/UXwd8WV8V/D2dbLSfL1AXCosER3QW8aDGAuf3aMPYMeOTX7Z/8ABLb9qbw18HfgX+01q3xJ1nwt4WsNO06O78PaPdwIms67q6xPGsFghQl45WG0uvAPPANfzafCfxRb+H/C+oIkUru8isgQgtMTjC4zuIByTtwSCSSRzXfp4pbxX/oyLcxyPCitC0ri33qeGZUJU7c4AYNg9iDz+ZcacO4DPsFWy/FqM6PtaVSV4c38NxeikrXlG8brZts/SeGPEDE8NqOOouft3hpUo04VJU4yd4yg5uNm4qaTcbq6VtDu/HPi2L4p/ErxH4svLYw2/iHWL/VSjs3m7JrmV403MAAojI+UYHGQDxT/AOw9GWJzZaajRyOFhEiqGeTP3wzBmODkEA4z93GMDPsNLsraS3N9cxtIkYGzeqKuF45BG7cTgDJIyBwRVzVfG+jabNHDbvFcNEAvkqq/upDkFgwz0BJBIJIyQfT56NGrQp0cFlsZrDYenTowpp8sFCEIxivdbTVo66atavovznO87xmd4/EZhjakqlXE1qlac5PRyqO8rat7tuyXW2qMmaK8g3WrxurliwWOJSERDwgZeQpCleQD1B46ddpuoRaLZi6u7gNduybIDHksoxhSDnLDHzckcjHcnjovFA85mMsK/aT5jsXDmLcARkkE5GSMHgHGMggVzGueJY0mQQTfawgYO64KhmbacMN21uo2qSf7y4yK3WU4vGpQqXg1Zp2ldp8unNvK+jb3V9dEjxe2r13urNWUd7Xu3d22t62t6rD4tSe4meNAZWV2wABEqgHIx1LIOSpH61FD4nWGKeSKFbqcSF2WRBsBA3bg/GF+9gbsdN3NfP0fiOKyad3uts7tiOMsMqjjPOARxwCu3k5+7nNdXp3iuxvbeSJYvKlZRCzBsKxIG48clSATnsCRwa1nw7Oik3TlUi+jTTafL02srO7bu93ZIylKXRNta79bx3s2umsne6trsez23jO5mhdn1K2tWbGYo3AKqBlgDjJOMg7ecYwNpFPi+IWmpFLLPemSQFY0idsiXGMsd3UEg4x25zt5Hyz40v4NLsku9PlmadjmQEllB6bhkgkMMnPUcEZyceNzeLdRDJK7M/UkmQkqGPy4UfKDtHrkYH3cYPqYXgzC4+iqjUoJtO3xcrXLdN2VlZPSN9n2V2nzK7020vte1vXTe1+l+7/QFviFbpdIYoYCZz8oYj5c5AVucDAPcgEjgisS88XWEzTm4llQu7ByrsojPUiMAZ+bpkkjGfWvknw74nuXRzLKxIUNgkM4XHCrk8deSeMEdDmtK/OpahbXEyXrKcM0SB9pK4GVOM/MAePXBPy5OG+DMNRqKN5RSbd0tkuW66pu+utndbGcoNvrJPdO2i01tZabP5dbo+i7/wAe2mn2p+yXaqxAZLfcrBpFGADjcMNkkZxyAPurkYOl+LfEOsSTERBVjkzLIBgNH1VVHGTgdQSM+mCK+fvDjyW9zsv45Lo7lYF2LKm5v4SxAwDnjGAB3wCfYrTXLWG0eC2EqXSLtGznLNjDDIGQvTJOAeOnSsRw/QwyjCCjNvl96SbjGT5Vts3ok3rqutmKKlddWlHT3rXVnorWv2vr1sdDJr0kN3I08krFGDB3ORGMsCArMRwQRk5U5J7YORc+N7a2SeUPC4hcvEuQQT/Eehzg5GBuwxIODmvFfEOqaus9ywW58lWJMxLhW3HJBCnHfjqBznbgY4261O8uUjWOF0BUCSbawUZ2klgwIG7ucBsZP078Jw5hJqMqzjLTo7Wbtptq76q93pu9jRc101bZba9rvSPz1u1olY9W8QfFK6vbeS1sYilw8nzTKSMMzZ2rxuIAzgg55znipvDelW8UC6z4j1LMlxIktuokBMYzlmkDdFGcdTg5xgjNeM20j29wkzxPJI7grtOYwVyAxBUADHOQTgA4B4FReIPEGqTqtqsUhiCsHKq2D6MTghVz8wxnn7w7D2v7HpKlChQ/dQekpq3N0TXu2s7vV3Tb11STHGbTu3Z6Jxd7a2vdRXu9bX16Xa2+mr/xVpu9NPtDbz2DhS8+2MkMoBbLdDkg53HnB6c1yd94u0iG8kC2USRnavn7QU3gYwoAwfcZ9ecV4Rplj4o1KGG2s7G6lWYqFuI45NqlieS4UgBed3pwOMc+mp8K/F02mxTzO6QRbTIdrBnc8lDjJOR1Oeo6jGK5p4DK8JeNbGK+ia9ps2l7jbaslq5NXb7vr00sTVpSvCbi1qrPWL933E3ZJWu227pu2uh9AeBPEvhrU7qOGaMM0SBg2Ais6kAnGOozyCCT8vpX7cf8EsZNO0z9pyy1D7K9qt54dvI4Ag3CTcgBYBRtVeB94HgDGB1/nU0zwn4j0HVLO8eC8W0jKTOqq259vJYbRtCEA5J4Xg5GOfuL4S/tE+Nfh3qkvijwdqLaJq9pYNbRTyyZlEbAqwVT0U4yT39Bxn8W8VOCK/E+UZjl+SYiEpY3DSoq87xi24PV392KtZ2vrvufsHh1xzhslx2Gr5o5TjhqsZ+5ZyklFJtXa6NuK5rt6u2rP7Bf2qP22/hN+zBBDF4mnOp6/fCN7fRLRiLtYmPytKAcpHxyTyecdMj8rfjl/wAFbtF1nwZqLeCtevNH8TXFs0ekabYxgw2hl3KZru5lw/mxgj5Qcbl3ZbrX4v8Ajnx145/aNuLPxR448VXk5S/htdU1mUST3LRO6rL9nBztghjyWwNp44C9fTf2mLr9mTwX8JtH+HXwS0m68YeLp7G0u9e8fatEy3dvciNXubW2j5XBlZ41AO0gAkbjz+R8KeB2QZTTyfB5vHE5lmkq8JYqNGywdKmpwk3Wb0VOKVnHmc5vSKWqP1XOvF/HY546tlTw+EwNOgvYVcR/vNR8tk4xjLq72sny2W+rPmD4hfHHxN8UNXv9V8X65rOvatPNIUub+/uJoowXLv5Cs7KoOcoqgbeMfw48S1PWFv5B803+iRtk+YWMhHUdQdvXcAAoP0rzDUX1i1jDSQ3FuGLGN3DJtBOCB0LZ5GegJHXpRZG9mtYi0/zSksMHLNnqC3J+bHHJx6DHH9jZRw7l2W4OhRwdChSo0qcFGNOEIxtFR5VaNrWvq0rJWuup/NGccS5jmeIq1sTialWrNt88pNuza0s3pe6S3S2W6Zdk1S8N8sjSyR2w2k5LEBQ/IO7AOSCV29Mc4BzVvWNZu7u2kjsmkmKA/OvRY9udjDoWJxgtkDjp1GPqcqqFthL88ibSdoAjb5srnruGc4ORnB7AVe0d/Ks5cgu8mIVYYC56ZIPGQedx7DOa+gp4SnJwqcqvB6XbS2Ts1d3s9Ha/TZWPJjmVdUZ01JtT0d29Wknqubeyd0lta+m3L2Fpq95sZlZgrgbpFx5a7sYBJG76j5Qc/L3r0PTLWG3lN0wbz4ArM7NtVmU4wg5BIxkEdlBGetSwzvDB5LRANEpmVQgAYnLFTu+9kgceoI5GRWCianeyNdeTJHHJJhPmZVDBwMHbgY5/PGMHArvnKPI4tJX0lFdXaKt1b1dtnayu9E3xxle3MtWr3adn8O7t12a76X01+jPDvjyWc2dnIhlEQEMSPuZ9zc+YD2A44J74AzzWz4v8b2tjbpbwolxelPnTkJEc/KVOD82fXBYgnnNeTaTc2emwWs6Mj6lF8hIYBEIGEAU4UknAJxkEbR6izfWp1NTcSzwpcSsXLAH5dgyEOMnaTjJIzkAE44rw5STqcrUoUr6ySd2nb5tpt3Wid3czatZ3TtZ3tpa0bL1Tv+Keq04DXtfur5pXuJZI3kDARliAh/hULn5RjgsMYJ5OOK89+ztI45Mkj5ARQSApBwcAE5x1J54znBGPTr/wZcXkM2ofa4twOCuRtZB2K5BB4wox2YE5zXPnQbzTpYp4Szkp85cA7ABkEoM5J9Md+CAePWwqw6ivZuLel03Zu/Lq9fm1r5icpyeqeiVr3TV0raba9LdHrd2IZ9InsdHH2iEKzYcyoQwVQMruzxyByBznPGK4q30tdV1KER58v7qhCFZ2HVcA8E8ckjqeecV6XLZ6nqtkSzFkjygQMUWVgoGNuAvAwxweTjHI3Vl6B4dv9P1aF7gLCsatIFHzbgx3KM44kIGByDyWx2rVypxTknG9rqz0lZq63XbbunZ9AjzOyd7aa2VtLW069b6vZu9lY5S8udS8OSXloCYIpuNgOGIwRndkYZR1ByBnOc1e+HNo2seMPDumvHLLFqGt2VtKo+eSUS3EamONTn55chRjjOWIwc1L43tria9LGAmHKNg8tGT3JwD83pyBgYGOareCofEcfiGy1LwpZ3VxqOlTw3tr9mRi0c0EgdZ1YKMbCpdScEDB4IBrLEPnwdZ05KM3Rlytu0YzcVq3vbz27anVh1+8g5J251zKK96zd3va+l1vGz7n97/7M/7In7OXw9/ZzOp/H6+h+FHjXV9E0TVfBGvTXy29xpmmRQLcJdwW4YB7ptoMg6jgNjcTX8vP/BRv9pnxl8Yfjdrvh3VviVqnxK8NeCr/AP4R7wZrkzyLEdBsz5EU8aMdqieMYPQkgnABrwHxf+2T+0H40WOx+IHj/Wtcj0XTY9JstO1a8mnXT4I40H2eCDfsjGEUHjp8uCAc/NU2sXniS7u9TuTFJdyy+YELeXkjLFiDjEeckDnG4gcAmvyzh/g3E4fMZ5jj/Z1ardRxqxlUnKpOpNS5pOcnFclmoJJOMW0rs+qxGZUHh3QhVmnJpuKpxhGnGLXuwcW5Xkviu3e17HFfEHR7e1uILm3aUxXKEu8jHmZQC4UAA7fr7YJ5rhNNha4uoGZQEUhiMEhvLYEg4/hI+96Yx/FXba6ura3fRw+WGCY2QIxcJwN2Fxliy+g9MntXtfww/Zj+K3xB1Gxg8M+DtZmhlkUm9e0mitckgk+YUClR97Cnn61+w5fhaqpRg/ituvdaTtbdbJWT2d7eZ8xVbqVJSpwbfXd3aau9dF1WvlvfTtdCvpvFHgm3u/D3w/0e1m8NuRqHiIqGunVk2qEjI4KsN2QCRk+gxm6X4b1/xno1zFd3Gs6xqvmOumWNlFcToFdiuxUjDKpP3SQVJB5+6DX62/sz/wDBO+60O6Fx8XvF8Gj6bd/PP4ftZdvmgAHEoLAN1YMSM8njkAfrH8Pfgh8CPhlaqvgrwnoN5LGNzahKLe5umlIG51MgZkPTgAYPbJwexZfGld8kpPmenRN21Urvprs9vmdVHA163LObhSTSTfMlK65b3V/5Wm1q04rR6I/nV+Ev/BOP4u/EmHSbtvDU3hqwkKy3F/ratCSgOchGAc4X/Z54J28gfpZ8J/8Agl/8OfBUq6h4/wBXl8R3JKg2dqBDbrtILKrKN5UlSAv97PYEj9TLzVbiVoo2tRbwIgWGKFRGiqoOMqq46HjAPPbvVFZZrp9mQiDKuQjbgTnBHygnJ4JGenGQAB2UkqWtOEVdK2ictEk2k0mk976d0enTy7DQUW/3klZ+T2VrdL77b36nmfhH4X+A/h7Abfwh4Z0zTYkVYxMLeJ7ltu0BmdgzHr82CBn0yTXdy388SqsSnAULliNq4JI2AcDPOAMAjGOeDbvZtJ0yDztT1K1tYFUtI1xMsJ3DJICkg845IBON3GBgeK658bNBjnk0vwtpVx4l1BS0SyWkbfY1YLkM8pAUYPO4nnGOeBXRTw9ata0ZTcnZ7tXbVrXVk79L9dlpbedehh42fs6aSf2kn0upWtq31vrZ9T0q9a7uhvDkBlGJZW2ogGSSAcAKO7Zx3HRQfMtb8VeHtIaSC61JdSux1s7IGWUkLlQTGCQeB1PflvXmri38deLHWfXNVOiaa2CNPsW2zmNsEKzrtPfacEkYJ6deg0jw34e0H97ZWKT3JA33VzmWZ3OFLFpMkZ6kZG3tk8V9DgOHsTWlF1I8iaV+ZXWtrprdd9bbva1n85jeJcLh1JRlGbV1dW8layvrpq/80YcF74u8Rpu0bSk0OwlKqLq7H79lxndsZc42nJ6YJPJGc61p8KbF3S48Qalc6xOxDlJXIhViwJXy1O3aDjBwMgc9DjtDqhQKo2iJVwyJgFW6Dbkfp0K57VDJrAQbw+1QSWyR1zx8uMZ5wc5C545zn6/CcP0MOmpxUtmr6NPT7tVbVvQ+Nx3E1erJKLlGN01Z2etrX5b20a+7e+pqafpWk6JGyWllbwkR4DRxoDgAcEkfw9gTz0IHOWy6lCqEIQjOwB4UA5yMtjggjAweM+gORzFzq7yoXWT5MZQjjrnAOCMnpu4xjPHrxc+oTLIzM+A0p+RSzNwTkgAjgAjaGwuT14NepSw9KEXTUbKOivZXacW3prZWvZq7u+u3nyxdSdTmvJuUU9X33bkpK+i2V73tbRteizaiIVZvN+b72BtYEjIGB024OD1wcfhgXesSkO6uxUDd0UKhIwTgkE8HcTz1JPIBPB6n4q03S4JbnVdRtNPt4kLGW7mSMFQAc4dhwQCfdmGehNfKvxM/bH+Gng6KS20u5fxPqahkRLBsWyvggCVzwArZ5XOOATnrpUnRpRjKU4xSsmv/AAG77r79eqRKo4iu7QjJ97t2+y+vR+T1Vlo2kvbfG13e2kja3pSOb63LNLaTHbZago3Fll/5ZhsEkMR1wfcfH3xb/aC+GVp4duo9ev7W31EZim0eIiSeG5UEEIybsKXAGOB7D+H45+J/7TvxX+J80thpVzcaTpssjCKw0hZDMEJIKSzoMg7cfNkdeAvU+Ep8EPGPiZn1DV5HtBMS8s19IZLhw+TuJdsZAGeQuS2A2RXlYnMKr9zCUZTTXvTkrJN23ta9rWV+j76Hp4bL4QhF4qrFNaqN1e3u6S1u1ppdNWbPMviz8d7PX5Z9P03TCLaR2WOWYH5I9xEbE56gEc9eMAZwa898JfEK/hxbXAZlHzRy4CgxDJK4PGOjDOOg6HAr0Pxf8GIdMDx+bJK8RcvOP4mHI+VuqthhgDgHOSSwrwXUtOubGXyELB7cYDBVB2jORkZOSMfex7EEED5evi8ZQr+1qySvZJX0Xwv4dm1ve2vfo/WhhcNUglSSa0s9W9LJvb566a9rH1r4a8Yec0M6XIJLBpELsDz0AzgZGMHBwQTx3PuNr4hSSKEG7XzBGSMsMbucZJzkdcg4x1/hFfAPhrU5lVcJO6qBkKCoJ+VQ2QMKRxkHHX7vQV7PofiS5gRFlkEjsFUB+DznucYIP3hnBxlccivawebQqtRlJczSaUZWXS110V3pq7PpucFbCSi2lBW3uravS17rvvrbfu0fWq3iS2igyozFS7KTyeeQvXgrnBGfTvx02jzrNbOrRkbVG3B+9j7xAJG4kDnPyn8ePnfSvGSqiQy43kmNQMFckcfNzznAxkYyQCOh9J0nxPGLQoz7fLUhTwGbcMAADqoGeMcY6ZBr2KdWlK0vaR1tJJuO1ot9H5pp2662WnmVcLLmTtfZr4tNFd6pW30Wq7OzO/nnUJPEiqUULuwCSO7LyOQT1PboOKp2sqi4UAhTlSoOSMDk+xbng++B0xXJx62ZUlUSZVsFiMAgZ5Unkknp3JGOuBUn9rRpdxkyqQVHJ6nIHJA64I68+nJ6XKtFNWna6jZN9tNF6eWr17GawkpNNq7Vld6X2VtNb2jo03dXvre/tEbqYkIQFHQliCOTjnG7ABP3eeozwBwMlsw3krrtKlcgkZORyAOOvXBwAMknjpR03VI7qOJTICBGQAuOc8BsA46gZwBjIHuK817++mjQZ9TxxxklTkkEjGeuB1xXLUqpy3vfbbpyt9ZJtt6ej3sdX1ZRgm42WjT+KyVna9m3Ztu97J2stzo7O4YedvyA3JBK45zgdSe3GMZHY8VLNKGCuGAAXbhflCkdN3uxXKn+9yM9a5y3uGLg+YDGQCARnJXG4HGcA+mTyMA1enlV4mClirAnBJIGO3bAAxgYzyfSpco2u3e2j1t/K1ovPTe+jvuk1Gk7Sla8UraO3Vbrff7lrfWxIbpW2YfJyFd+eQMAEenJGGGG69cCrokU7R5ndQoI5G4Abs9ckHnrtORxyBhxuHVEPzAMfm4DDJJznOSc9eeR9DWjC8QfcGUKcIgxkiRcBueANx5OAR83pWL1Vved9Pia0SVm3tqnpbR313SNMOlGSXKmk2720Vrbt91f707K5X1ovHDGpJ+R+Cu5i2f4jnPHHUYweMc1a0yUTopcjcFbk9yp4zjg8YyMYbkNVPWSfLhDEkDcVYKCcvjnPQqOR29s45zNHnkIlXc22F8LwMg5z3ByCBkg8cjletYSUm7JtLtqltHTRbfqvJt90p8ur0Wl7dlyvtffuuml9b9jI3yhVPz5yeB0HYcHt9OnHBFToRtxvBJwSSCM5Pyg5weBngEnAHA4NU43JjDHALEktwGBwcHAPJPI5xx7nFNVwiMACzHDKDj+Ics27sucjp0O3PBqbNNJS03dul0n873003vZN3OSc4zs3K6j11iktGre83deWjta1tS6y/KUYFgEPyjaFO7BzkEYx6gjpjPrkbC12jbBtCBd2SBwc9jwQf5Y6AirE07qAPm3FFycEAtx0H3jgcBScZ568BFDSPFj5S2SQTjhevQd+mR2+9iq5dV7za3d021Zq2umjXK0n80mkbQekYp2utfdTttre68tm9O4msEQ6JehhlsKd2MjOQQM+qswUkc/eADCr2jTyPZWyYbi3GDg4+6Co9M54xmsjxNJL/Y04VCAXUcDjBK444yAc45OV55zVrR1kXTYdzNkHOSVK425UZ9Rx6kcbuhzcZR0+G7UbPRW1Ttbur3T12uJfGtbK8d77tptWejs31stL9Ta+0BMlh865BII5JycfNz6k4POOMCs6cm4ePYFCDK5AOWHI3EcADGQAR82cnjmovNV0ZpBuJJbIyPu5CocAYJ6g5zxt71LAhVYNzHcxdmGeQTyCcc9htGMA98cVLSkrRe9tG7veNm09NnfTR63ellfO4tWtZrW+61ha+raundO6vq/KNtFTZ8y8oTwygDbjg9x7jk9PwMHkxz7nKqpUbOmODuIDEA5PTvx3PNNMhjjlbOflC89WAye/tkk9efxCxspXJJUEZAIJGFBJ/E9/rnoKOSNkr9vktV0+/1d7Mp1U9W009u7TSV7NaWab0Wi+ZBf6daiCXb9/YrHPrg5YkHJBJPBPYDA4NcjBpUcxbzM4Z2K5wVwAMDKjoAOOpz+vUandlbWVyVTPyjgYK5GAM9fmPPoeuMGl05YZLdLkLkKpQrzkkDOcAdwccdjxnOGqNN377JN3Ta01SStttfVu/qY1KrlNcrikkk76LV9vJeXnbY55tLtWZI2jDjAByCAQSQABjgnPy5wTjgEcVz9/oVo9wYXhiYMhVjtwQMnA3cnJ74wCeAOme4l8uNmYrjduOMg8DOMYO7BxnGR0xnnFc5Lc+ZM0mQXBVAOmMHk9MbQpzzyRjvg1vypJXjfsk0rqyu9dL6rvbqS58qV3torLZKy6WWrs9Xvt2OFtNBtI5p3EfMcxQbXkQgEbQAN3bkbjjODgCpH04pHJJbzTqFOARczDqc8YfOTnGCM9gCOuoJHeeUKC5mdyI1XMjAd1A5LHHGOQcnjNd14a+FnxD8YP5OieHL3yHYkTyQyrGVJBySVU4GQQQTng5zWdWrhqNOUqtSFOCTs3JJ3VmtG9Lq97tu6afYmFCtipRVGnObV7KK21Wr9LLtrpueK3c2pWUhlsdY1OKdYshY7y4CqSdrYORg4+nXGM1f0jxD8RVBj0zxrrlrE4wWOpXKqGIACjLkDJzjkDHBHWvrvSf2JfiReRGfUpTbiQZZY43eSPd1UkpkYwDkdcjqOTfuP2MvGVpAI7a6nOWxzbSBMhupYqCrHI57+nevL/tzKHJRlXptLZxkrNtx0bSd76bdlay1PR/sfNUtMNUUt7cvdRt5a90fNdl4s+MOnhHj+I+uCH73/AB+TSLv6coz4YEg8gAEYwSBmql3+0L+0R4auI1tfH2oyQbsx+ZIWDMHKlW57jGdxGR1HXPumt/spfEbTY1dL+UFRkoySBVHGScpgkDHy8Y4GTgEeJeIvgl8QLS4YzqtwYSymORHG7H3SA2PlwPTcMkZXha6oVcBi0lh53laNuWak3rHXTV6X0Wlmrq9jmdDMcJ/vEJQV07T5lp6OzstXvvr6+0/D/wDbj+PWksseqalFqUSBWIulIBYAEkMDhQSCRzg5GcEAV9d+EP8AgpNes0Nl4u8PxRgsiS3lludkO3BZgw+7k5HbnJ4Jr84dI8IX+lQmLxBYFywAHl9NpBGedo3DgAkkKRjpgnI13R1jYyadDIsoTlOCpAOOcE4K8fXgnnk+vh8OqNOLUYSd7tOCbadrcyV5K1nbr8mzza2IVdyhKcoq3LdNfLbbvr26bH70+Ef2s/Bnj62iSx8VWUF0cItpf+VFI24cx5faOACh65HO4g8d7f2nhjxjbRPqGladdxyDJvbQxiYMQPn3R9V5zwODjgcZ/mssb24s73aVurO8icAOsrw5YjJYNkZyQfug+meefoHwR8e/il4FnjbT9avbqzjdfMs72V5oXQEcKSeN2BtIAAA5zkGvao4jByhGNfDw1tzSSWl3Gz2vZK3k0/RHz+LweOhNzw+Jm46P35Ss9mkmm1Zr17vU/ZHVvhZqGmD7d4S1U3UKN5g024K+YFHIVGzyVx0x1HHIrk7bxTc2l0+n6xamxvQcIJMRhmUnJJbryMjbwc4PAGfD/hj+2voWsLBpvja1bR792VIrkMRA55LFpDjb8w5GBg9epx9dG58A/FDTIpopLWeUIPs97AyGdXK5QxyLkuCeSCCOTkAE473gsPWhzYWceVLm5L2dtOlru1tOvzZ5MsdVoTVPGU5Rk1pNvfZb2s7J33v5bmNa6o04Id0DMuVIcbVyM4C7jkt2Azxx611NiglTLSKMfcUEZwwOcn1C9hyMdq8h1zT9Q8CzI2qF7rR0cGHUoVDeUi4O24QDK4GOWP3uuOMc/c/F7TUAGkqLww5BuRIPJBYEAqFJ+b2AJ64ByK5HTlSajJW0SSvuko631vbrezaVt27x7X20oyhecW17yd/JJrXXru3a1trHvWoTWkCTNPKkDBCrSOVGMZAIB4Gf9kZwVJB614T4n8b+ENOaS01uSO9jnRka2eMSRzIQ+1fLwwOMgA8EhzkcBR5XrXifxV4iuHeze5SOQlHlcFIo1OSrxpkbgCe4LY5x651p4MM08V9q8h1CfIYNMXKjGSygdhkD5eBk8nkVxSbbkklJLq+qfLdaXVlq999vhafXGKSpuTafNqly36PS70V3pe+t99ER2niy48P6idZ8JabeSeGWk2Xdnd7mXTfmOJ7Pd8yxbs5XAAA7ZrO+LfgXUPix4fivtI8SXWk3kSi4nisGKrqtuw+aA7SDvKgA8g/w9eR6/DZ2ywPZrbI0LxeX5aBQjIRgq2QAOBjke/UceaXElx4M1VIt8iaNqEm+0GS8VpOT80bk8bGLbVBPT+H5a5KuGjVjKFSMZKSaTaWjbu2tLX2v5bN6npYfGVKE4zpTalH01XVNWSulbze/VM+dPCPw90Xw2ygaehu1fbM92PMuFlB+Z2Z9zBmOW/XIyce2aRHFbJIQpwuGGCApPG0AE4GM8ADIzjgAmtjxXpEV3OusaegZ2Eb6iiABXDDcJUOemMsSueSQRkc4Foqq7OFJDHMQySPl55ycLyCeQCDgg8YrwamFjhp8vbZ7uzUdb7a9vJLa9/oadWOOgqibk9pczu09G7p6tP1tpa3Q6yxuJDIJVLRibILKBuUYGSRjgjsQenQ85rT8QbtQ0IXVnk6poDrf2EoG13MDbnjUAYIdevqM445rBtlfyPNlwqlWICPgAgD7zEkqp4IAxnnjgCr2nanlfIuU3RKAOMDMZOSGAJLkqRwQR93oTShPki7uSbVrSa8rb21bV9tWdlLAySTtdXeiS/uv11020eq0PY/DniGDxJ4bsNVjlWOWW323QGP3VxGqrKrjLHduBIBY85BHJrl9Vmt1upJt28RIXhdBs2yKAWII4OOdxXj5mA+YZrxjwx4xsfCniHxN4UurgJYX7m/0eEnADMMz28QJH7zgtgA8t9045TxH8Q9NtraVJbqK2igRiqlx50hZcKDyCTuYqeBu5Xbj5aqriaapK7TbSv2ukr21Vnpq+tnpdhTwijO9kvL3lZaX1va7SfM1e7S2Z0fiHUQ3l38UaxxvII5mA/eMgAVnZRkBSw3ElcknAI61yuqfEbTdBs2jNxHdztHiK1gYCTLNghyucHbncAylR1BxivBdY+IWp68ktlosckaFGWadnChkPO8kEBByMdCSTnjmtfwL8M/EHiSMahOq21grNJfeItYUW2kWMKnL7J59guJQAQFjMmT7AV8/WxEqiaprRt3k2lFbXfN5LV8t2+r6Hb7ehhabqVp04QUea705Ukr67u/krvtcW88Ra94ruWij820s5WXZBDuM0pPSNAvLEEgcYGT1xyH3nhfTPDlidc8da5b+F9OhBlSyZkl13USMkJDbgl1kcEANIEAyPbPpPjjxn4D+E3hmOLwG9nruu30bCfxhqiKbW0kVAXTSrVwS0m44jd0WM7Q3HJr87vEOu6t4hv7rVby6ute1G5kkkkvL13aC2SViSiKzAJwfkWMEAdsYFfP4zNcLhFJSxCq1EuaSUlyxaStdpWst+7b27vDVK+YtrD0pwg2lGpKLUp/C01CyajZuzlvfZKx7D4t/aEuILCXTvhhpKeFNOk3RTa9dp5+vXwGQZVkO4228cgxEDBGO1fMF7c67r80l3Nczz3d1Iwmvr6SWe5n8xsscvuABzgAdgMY4A9v8A/CHxd4+uMWWlStYqVJ1CdDbaZbqThmaWQBWC4J2nBPPBzX2n8P/AIAeHtGkV20qT4h67bbJHECLa+HtKMZB3Xt5IFiZVwSzIxzhsHHX88zbjVOfscM3iqsm4qEG+WLul7zSaXTV+dlY+yyzhGpKPtsTKNGm0nKc9ZStZervvZtW6aI+WPgh+zZ4i8XXcN1qd0ui6JEEub3XtQLW6G0XmaO1MmxQ5XIGTk8AZ4Wv1m8F/Gzw9+z74PTwp8C/E+tamLi6ifUzq85Tw1Y3cACvMCGCMZGBLEjDAkYNfIfxR+MHwx+G0kkPjbxFD4l1G3tmis/A3hKVYdFtGGAlpfzwkec0ZKly2c7GGGDAV+cXxO/aR8W/EJH0fRbSDwzocMj+TpeixGB5ICT5f2udAjM4XHzHJxgD1r5HFYPGZ21UzWSlRbi4YaOlNfDZydrzbTe2ib0Pp8N9WyuPscvTU3eMqzbcpLRaJLr2VtUtdj9Jv2gv27PFlw9xa658Sb/WdQdLiOXw94cuDZaTGDgqjSW7KZF+6DuOGGc4+6Pym8b/ABd8Z/Ei9ljEptbeZ8C3t8mZgMjM0o+aQkdSx5z90g88JbaFeXjJeajM8aSMVkdpGaZuQzFi5Oc9xuxkdQK6ixuLGxdrTQrFrq6kJiUQqZWYt1ZmKknnkbSRknHKmt8Pg8LgUqeEowukrOEUoxfu6XWmm2r+TshtVajdTE1Wr+d3KL5Vq9k2uj8lcfoHw/tXzea5MucLK8HmhtqgEgyyMcHPO5c8E4r1/wAO3MjSwaN4S0+SeWWULixhbbHnILPMBkNzzjHJ9Rx2/wAKf2c/H3xIlgl1G3nstMmljxbRK+50JG8yMBk5BJyec9q/cT9lv9hbQ9Pitp7zTbdUiliZy0YMsj5BfcWwc4IJz3JHTrGKw9aoufESbitVBO0VFW6Wd9NLLRXejW8xxlGil7CMVLVOTV3pZ2vd9D4O+Av7Onj3xdcWwvtLupIp3X/R44mLzH5fmlkPzBDnDYwGz7jH9A/wD/ZibwR4W+2a5bpGLa0Fymn2kXlosgVCpkwNzOpzy3HPzHk19Y/Cf4I+E/BdtG6WFlAyQoyNsQGKML1JxknvgH7vAGdtdh8SPiDpHhfwzrVrpSxTXS6Zc7XUKEyE6s2PQZHGM5HqR4MsNCVZOEOWKl7qtq9rWu27O2l+tvMJYrEVKUm3zSd7LXZ8vbRJX2euu2zPdvgd4d0yPR7K4uFiUtAjEO6tMBjG0ZOUXaOgI4yPWve9W8Z+GvDcPlSXcBkRSfs0BRpNwUEb2HzEgFTz1HPHf8bfhf8AtPXcOmia9vUtmCywB2ZfJRYywBjAJLH1/nurM8ZftMajqF49toMIkaSN1fUpiWUEjG9RtKtt6DGCcgEjI24ZpXo4SNqrhGyUdZJN7a6trtd20fZiwWCxGJScLz16N2b6aPS97dX26XP0M+I/7QVtp9syS3sOkwsG2IJUNzPGM4G0HcdxOQwzt6feGT8K+J/jBqfia9uTppW0tpGdG1C5LNKU5y0W4thirFgyjAJ4zww+Rr7WNV1zX4dU1m+u9SWJj5ayysyPuYEqkQ+QIvy4XPT5uxx2P9pSLas7KFiDELI42rGMdkB28ZKkgfNjg4zn82zvijBYWm506sLv3W79krWV7t2te+r1Prsr4bxeJnFSjKyUbaO2nK93rdXu1a3V3tddDcjTYrl72VpdYvmlLfaLwmSNOcZCMduOfTjnHArjZtf0/T9XDSPFulJk+zwBYog4IIQtnkA4yGAY/oeC8afE7wz4U0i5vNb1yG0tod7lGkSOWQL/AHVyHxxwR0x7jP5OfHb9tXUtS1GbRvhrDLDFITEbyBftF3OzMUJiEe4R5IPLkMg3ADNflssBn3G+KqYLB060sPNNTrSc1TSbSbbsl8Lfuxb208/0vB08t4ao0sTi5U41IcslBpOcl7unLrbazd9V00Z+x/in9ofwd4Jie+1/xBplgLeAs0D3MbSxIM4AjLMdxAAAwMfTivhrx3/wUgu9VuJvDvwV8L3vifVpneNtSeN2toMkqJGcLsjQZDbpGCDqc4r8zIPDWoa9dQ+Kfjh4subLSbsfaYfD9tcm61i/QfOFlQP+5WThSNyhSMjpVHxP8b7HTNOu/Dnws0iw8FeHo1a3e6iWM67qYIwRJdANMS5zxuwM4GOK+u4a+jblVKtDEZrCeY4jmVRwmmsPGV46bXm1pqm+l1bRxnPi04UXTwCjRjy8sZp81R2S2aTttslu9D0f9ob4i+N9d0DVr74u/EQzanf2pNp4L0S7MkYWXIEF35TPGhQ8EDpx6Ba8Y/YG8Z6r4Y8Z6+NIvzo1tPbuJJwVeUwCVjHFGxwyNG2MspGcgEenyX4x8ZTkRNJDcvLdXLLPc3bGSWRmIDuGfDgAnKkAHkjPDZ9Y/ZUef/hItXktYZCgcoW3jCLnLFyVI2uc+vBKgjAr9ezfgzLcmyCplmGw1GjRqQhFwp04wgneDScVFJ2t8Tu310TR8Zk/E2MzTMY4yvUlUlTfuXbk0mk7K/S+nbR3va5+0Oo/HHXrW6hl083GpXW/a9/qMkk4d1LDzETLKqgegGOTkYFcrrHxZ1fXb9ZtW1aVjCYxJDB8kQZn+6gyGJJwMKCOOOSa5Xwx4L8R+KBC4STT9PQFzcGFkVkzkCMkKcEcljwMgYAwWreNvGfwS+Ben3F54g1dPFXi8xO9no8DpPifYSvn7GZVXdg4OMdh6/m+WcIYGVeFLCYNYjESnC7hBzf2V7zs4wXTtu9Gj67MM7xMKcquJrrD0Yxvac+Xa2iiraW6XettdmZms+LpbnxnpenwO8C7Td3jTSNnyMhlDMG+VWXHB45Aznk5PxU/ac8OeEbdor/UIL65hjEWnaNZSbwTGNiyXJUnPQce5zk5J/MLxx+0j4o8Ta7q99pWNLk1GaVFWAkNa2mWEcKFfmUqrY4AIPX28MuW1vXbuS5kup5pyCrzzyNLPJI2WwqHczMScIAO5r9awXhjhKrw9fH2hGlCL9hTilzS0lJOyWitZaPz6H5rjeN5x9rDBOdSc21GrJOyTtblTavbez923xK+30d8Q/2hda8Z/bnuLgQRuH2xBh5NsjH5EVFb53288gEAcHnFaHwt+LsOmWsULTNdiZ0j+wxq7XVzJnCrbxplzk7VBVd2QwK5NeVeF/gL4s8Q2H228CeHNIyJZ9V1htjTI33hb2zESszAkj5Nxzzhdufq3wppXgL4ReGRqXgzQovEvi2Bka48Y+IrdTZafMACW0u1kDB3jPKtt3BgPu8Gvs6mU5ZhsIsNhaEHyKKSjZJtuKvKdvLV6vpbv81DHY6vVlXxFeXvK7berTatorLRavv1vbT6/wDhr8L/ABL4sjs/iB8TNYs/hV4Dto2mijv5bc69cWgVm+0R2877kLphVWRVk3HcFPfyf4q/tb/BX4TX1zof7PnhUa14g/fw6h8SPEObnUp5HykklkzK4gReSqxkDBAyCBj4f+LHxV+IXj25jTWte1C/tWYlLKGSSK0lK8eZJGhVduM7EwAoGAe9eQ6b4eN7qlrDe3SW7XhCCPcFaOIAtJkttIJ+YDlRz35xGF4bo05+3xE1Je7JUYe7D7OkrLmnd20bS1ScXZsitnVWS9jSjHmvaVSau201a1++iV7PqtNTmvGGu6t4j1jWfFF9PcXuoa1eS3NxdyuzyGV3LEKckhRuyBgAgEZwOPrX4T+MdUbwnBbu0qxaZZMyqQP9JLDCxkScMox1ABHAB5FaHwa+C2i/GL4veEvhVpG37FrJa0nuYI/OuTIAN6qBwHMgxvJCgEEnGC33H+1l+yOP2YNC8C2VsH/tbxg1zoFtoYMck8P2WWNI78lWYlp/NDuAPk28ckkeFnHG2S4HOMDwzzxeYYik61OjFaRo0nrKpraKsnZN+93PZyrhrMsXgq2b6PCwahJvrN8jdls1eS6pq/W+nyp4O8WeIdKvJ9S0N7pLyMGZ4bO5ltLm2ZieRNC6kMOCuNpBwPavrXwD+1F8QtKjhj8QeJtTnt4V3SW3i20h8Q2rxjpAjXytKke3+7yD25AHzNf+E7zwDKdNkCR3jWtvcancq26VmcB3j2vggqCQ65+UckHjHKz+J49Vu737SzSQWcYitlULGFx8pduQTzzyeRxk8ivXwNeOMlGpToKVLdTsveWiv1tpffW23VHj5lSeEk6MqnLOL2vfl1i1dq72Vmk+9r2P1Qsv2h/Afi3T1i1v4YeA/EEQiLSz6TqMvh6+ZmBxIbaEJEJM5IUZyehzgnj9b174SnTr3xDovgi8e9tLa5mPh/WLmaa2km8ttkNhcWgdX2ttAecgnHqc1+a0UyGSAxI0cd5NhWiaRJGUY4ypxy2MHjJyMda900iDX7TTilhrV3DC8G9oJHLgYGQjh85YjOeuBk9TXoU6OEp14c0XGpJq/K5JK7i4+7flsrr18nY83EYjFOi+WfuKKW7u7pJ72aV3td9Ej8d/jV4S8a+KviD4o16Tw9Ppa6zq13JHAlndPFbRBz5USylAGCqApbJBIPIPA5Lwv8A/Hupahp5t47AxtdW73BkmWF44RICzMshyCF6Dg4PB3A4/Y+71HWbSeNrvSLLVIgGabzo0lMiYOGZApVS2R0zkA8AZqtFrfhI3wl1LwLaw7niUtbRGFt5I+/jaeBt25YDP+8SP0FZhCeFhCDtJQhFq+0UkvdfRNK219NHufBKlKniZVJe/Fy5rbSveLvrZNXvq1p5Hnml6Tc2mnaXpccKmOztYreeQMrEPHGFfnPQtnJ45wN2cCu907So41JKAFQCCpULkHbk9MH2xjHUgc13194z+DNtdG11Pwte2sghRJZYLqRY9xG4kMpwSAeTnIGB6Ai33wL1GMqdR1nSlxiMQzSSfeznJc844zwMnsck1jh4usvdqp33d7PdWs3okttm72tsexLM4QV3SkuVRWy3SWttEk9vVJPSxxtyI0GyKXBZgHYKAMDk8jjIyQOnPPPOK0GnG+kSBJ44xlneZsDgY5LAjOVOCAc9cZHB9OtvB/wAH9QhCWnj/AFS1QAEmeNDnPBBBcbs5I4GTg9ua3rT4UeA7uIRWXxRtwkRDbp7ZkJ3Hdgsqg5JwORt4OeeR1xw09bSUrWs+a1/hi111d272vre1jFZxS5uXWLaTV+dOzsnbpfe7trvY8OFtcmbyIpQ1tBOF/djYZMEFi27BZTjk8A8ZJrpVg3FIIrgLOxXzCAoEMQUHbkAjcwG719BzivXI/gjAzyPZfELQ5Y5QETdJJGzZBAI+XG4jgn73UjG7nf034DazbyhoPE3hedJVAKyXpMpA7EMRgEAEjqT9cVpLDVE1u7NN2eifu63vd3ikk7NW1SbZdLNMNJxjOpq2mrt3bXLfZp67q3R2SvdvzWxs7Y2oBnkcxkJEQpVXIHLFlwx4J/i2jb12gVtQR6e0ohkLr5Sqdztt3uwJGXJDE+gzg9MmvUU+DHiiRTDbat4dQLksBdphFOSG3bu/HJHXJOO8SfADxVI4dvEHhtPnUkyX4bco65XJAyeepHuByc5YWbs/dWvZ2STjqtb22t6K56ccdh0otSg7WtdNW+HVXk3eySWnS/e+Fp14lrbS+WiRRnMaMw+YsxyWUgjsMEg5zwuMYqQ6xYq0SHMjQ8naoG9ycY4Gc9iCAOD2NdQ/wH8SMAH8X+HoV3FiovlKgryQAW+XpnAxwTzg4D0+Bd0Jmebx14eQEbCWvlBXA6gE4zjnJ7cCueWWuVtU7Nat6X927tpZbLZWWm2pE83px0g3pZWS0V3G7Wrtur6dOpyj+J2kneGKMYU78sEUMyrk/PwcDONo75GDVd/EUl88UISLc7AOVQncgK4+Y87AMMTgKRnPbPXn4RaRbuWvviFooiJ2DyJvMKkDqSAc8dcepyefmZD4L+H+mSbrzx6Lk5Mf+iouURiPlBzwBhjnJG4HGc03lS+1OFm9rp20jZ9bXbe2uzutzRZ0oqzlK1k9nrdq/Te19b2bvfzrC70u0iQJIjTYxPkLggdgcAAHH3ffJwDiufl1yzbcTDHDEA4EhRGxznOWbOcHnDDkjOMZr0C4034IW1uDd67q9+/G4RMNrMvH3I3ZhjkE4x97gdKzG8UfBbSrVms/C1zqzI2c3d88cW3kkHc/AwOVAAIyOTwdoZZRjNK6S5dJLVuzWl777a2d9PRaf23KSSUmrJXT1b0Wut2ul7O/mlY86tvEMQllWN1ktgmGFupMzfOC2AgJ3YJAJyCeu4Amv6Af+CV3x68A+HvAXi7wf4htRZMrzXt1qV9ZymGaGWJlitJ5mjO4kEgxrwASfr+Htj8evD9pJJD4V8GeENLZ8JDcz28d7IpBAYyeYrZAIGScjIA6Cv1Q/YH/AGgvCWn+E/FqeOfEfw7tJL/WI0/su70e2F1cw7ZUdrdliJCqGOxdwI4OBivw3x+yKhmHAuOw8vrDcatCpB0YSqTU41Y2appqUmru606NeX1vB2ZU6mZuFeUZU50pJqclC7vFq0m7rlsrrTe13ue9+M7TxRHquqX3hj9omLwd4N1LVr690jw9bajYxJZRSSFvJiSObzII/mOElCP8xwMg1w8Xgjwvdxm58dftUeILmOVjJcWa+LY4ItrYyvF0uU4Odp4DA45AHVH9k79j/wCK76t4iufiLp+kw6zqVxeNGPF01jdRzO5eRLewadIkjJysakYAwPmORXCeIP2D/wBhaQql98W7GztIGVXl1TxhJ5uY+GKxQ3LKQR3yMg4OOtf5nYng6l9aqUcRm3E9CM9UqWTRlK8mklGcpc1ktYuSva3Q/UMxzPDxs6NDBzaSS56kY3SSs20veSsr2WrfXZz3E37F3h+FbnVPGPhrWbjTy0huvEGtzam8zqPmcw+ZKpz1HA355HXLbH9q79jXQ7afT9B1DRWuZoZ4Zf8AhHbC4We5LKR5bSQQlvLO7IXpj6CvJ/EvwT/4JXfCu3aPVfGkfi67iO6S103UdTu5JgedqFN6NuIxyS209twz494h/ar/AGSfhxa3Gl/s+/s8DWdQjgZLfV9e06KWD7RswswuZUaVlUgEKRyAMrjIr1sr8E8uzGvSmsXxlmThVhNRxlShgMLz3TTlKUpJQVrd0nZK+/gT4oeF5nVnltKCs3TpXqSlayXw2V7W0e2lnqfXGjwf8E/fiB8F/G0eq6nqHhXxsZbzVdP1DVtEuRe217gyWp024mgDyxXEihXXdsCn+IYI/MJp/DryXovPEttp9pDcPBazSWkiSz26OVhlI2AAyoBKwIzliO9fIHxV/aB+Ofi/xLN4l163Gk6OrBINO0+xittPto0c+VagRoiuiABSzAE85z2d4f8AjLdaxayz3+li/dGRfKnRURSNuSCuSQOvIBwO5UZ/0g8EuBocLZI1LM6mLjXdOUqEq/1inh+SCXJ7bm96SVlJpRvZNLeT/JuJOLMNjMSuSjGDTl+80ipppaWjqoq2kXt3Z9C3TeBpZZZ18ZRSKhdD+5YMcHcyIWAOfl4b8M1z+gaZ4b8RC9e18SRQBbjyYDeoIncruBAbAAB+U8ZBHIxnNeb6v4psrq1t/sXhmytpZjmUgqQpI/1h6HOSSAQFz1ySRXiOkeIdSW6vrcSOFS/k8pOVVBnO0bSflGQApwBkHnGa/Z8RTjB8tKok2neybV2o6K7Ts0te9nvofL/21aM53g7NWUVovhTWrbeluqb0stj7km+HGoxsr2d9a39vtjGLSdDIdwyAVVssT0OclsdT0rCk8L6lpl1ta3nLzPsjR2BLO42jK5IySSOwHOB96vGvDviHWYJwUvLu2YsD5izyKmFIHCkhQPw4OcY613c3xG1/TWtJL6JNcshdiQjeEu12jKrFIuWYjBJB/wAK5nPF0dY/vErO65lK+nfRJ27aPe5jh85hXbcXyyi2mr325XbVJq26umrpdyTUdIvdPmlivbWW1uUkIVpAUDb1yAqkDgqckoxxjg5xXJzzQ2m9hKAyhiQ3zDJbkKT647c+nrX1Lp/i34c/EPTobPV77yNRQKqWt4q297EzKQvlTsQs3ltxl3OR0Awa4LxH8LBpDy6gLd9W04BnjeADzYoznY8iLkSgDGDHnk4zXoYXEucfetGSS5ujTt01vd6a3d11WqOlY+lUahKSTv7rbVndq97NL069X2fhia5AU2RQS3LSHY6qhA4GRnAO0E9T6E5IwuZ4bm+micwaXIwDAHzcqVwMYzkHA6EgggnnvjsorXTbQSRwRKrMu5owiLNHkgkOrDercdgSQDwMZpbmVLeHywTCpAYHC4AxnBP3hx2JzyM47dMqmqUbu66bp3Wi0a1u9LW136ndGS5HLmTVtEn7zdo6aJaXvu2mmvV+bXI1p3lX7PDApOQDztBOQMgFRnGOTggDHPC4hsdV2SmW4gjjZhGgj+9z1AI9f/rD37K+1NJ3MbMQmNqsy4VlU8k85wcAFu5bdkYrHW+j88sqDyUwGBXcWKngruAAwcgdz/EpGMdNJ7PvZL1fKltuld37trXVkKrBa6bJbadErpb2Tbe2yWmxjQ6JfRMsz6nKY0YlgmckFRhOOSRnBHGMYz1x2emaZYFd808t00ihSGkKlmbnb6joMBvcEGs2R4pTgs5R8kouEPXkAjnj7p7dMA81r6c9lZSM213ZmBKtlgp5OeSQTz1OevWnJOT92KS0+L3drJ9LbWutn02bMpVIyk2klrFO7t1ja2j2VlrtfdbrprXSLRSskcCOcZjXOSoTAOeD7Zz1PTHNXrzT1u7aWARhNyH5ygLAsO2Bzg8Ejk9SckmqJvHeNZokEMRB5P3mByGAB79cYHBBAHQ1MNWWCECWTBRc7s8knkAn5SSMgnJyTgc9RhOM0krPXW2uzs769tn0fy0x5oRbcddXotFZqLtZ67W1ut9LXSOLh8L6baXBF7FJcIZUEkikYfBwEI4yq5wTg4Bzgk1uat8H/CesTwavZTjTrgbTGqsil5AFwCcjax9TjgYPTbVMXB1W4C27F5DLnPIUMclSAMghec44bkjrXrvhjwnHraPb3t00bEr5YVTteRWDFjkrtHGcdgW6GvEzjDylharV1eDt30Sau1fm6aO33s+hyHFzeLoQsuRSgry12cU7tL9bprVaH6k/sODwF4Z8Caz4b8WalFqsWs6e+m6np1xEs8ktvcoUdIgQ4IMbEAqCVJzuXFfGvxl/ZM+KP7JHxwsv2oP2LtI8UeJPBtiZtY1XRre3mkn08GT7Rf6fLCmXuLCQbwBtZkU4HHFfRH7N1ro/hGW2ae0N3eRzRqk9wN0fytjBDkEryOSMYwRniv3P+C/xJ8JnSrfTrmGzInXyLuzYRPBNHKpDxhXBBRlyGVgdwYgqO/8An/x1neacJcQ4qdLCyxGV4+pUjjqFWm50akZO0m0vgb1cZq7jKzT6H9YYXDYbMMhoVpUfrGJo04KEYNc0YpRu46dbO8bNNu2mp5L+w3/wUJ+C/wC3N4Fk0jxXpuk+EfinpMI03XvBHiAw213dXcUZgna0t7oI80ckgf8Ad7N+WAx0r5I/bJ/Z6+In7NWp6t+0t+zJ8Ob7UNcgaeXVNE09FmjgtyGaW4tLJN2YmGS6oufQAAZ92/ax/wCCYfgX4vXK/Fv9l+/j+Cnxx0oSatZ6roBaw0/Wbpf36w3UFt5cQlmlwC4XDE88NXx98EP+Cm3xs/Z88aad+zx+3n4MvtMk026OnW3xAvYTFa6raxt5S3UrlGgu4Jk+dmDs5RumBX5ph8khmVd5xwxNYrDt82ZZBVmlXlDmU5ezXufWaEdVFxXtoJ+9F6s8XLcxnlUqiwdTljVjKFfC1lb2MrcvNTi+aNOd22l8Ds7NJWP5dP2kv2hPij8dPiBrXiT4k21zD4jv7mWKfSrnzYDpro5UwLaSAGEjBDKVXDHapNeDQa/f6PFGrn7EWJieIRGTIJwWxyCD3xntnAGR/ed8ZP8Agnx+wP8At+eGb7xp4Nj8PaV4l1KD7ZY+M/Arww3EN1KpbztRsbcokr+YQ0nmBWwG2jdnP80P7YX/AAR6/ao/ZXu5fFnhzw//AMLr+GqyySLq3h22N1qNnArExvqNgqPIJEUBmWJHXK9QcV/XXh/4k8LVcuw2SvDLI8VhaMaMcJXtCipLkXLTqvkV2/sz5ZdGnqz8V4ryLM8fmNbHyrzxXtakZS5k1WgpWdnC21mtYOSS6bs+EPhP8DtX+Pvg/wCId9YS6laT+BtOl1dVSzllF+kaF3zKqkRKiruVSSF+6SRmvivVrLVPtUVrZSyTS2UsqsyExSLLBIyMGI2kujLnkZBHev6if+CN/wAePhFbaN8T/gF8SPDOkeDfGGq2upPdat4qtEsVntDbPE2muLpElRoudquAu4Hr0r8Wf2gvAHga0+MXxFsfDN1DHpVnr2sLZalpWH0+RDfzbfLMZ6DcMfKF2qMFRjPqcGcf5pmfG3E/D+NwcqeDwLw9XLcRFNwq4ecYq6mm4PndpRcW9NW0ri4p4TwWX8M5VmuFnUli5x5cXGUrPnbTXKmo8qhy2fNu10vZ+XfA79r39of9nu+juvAvj3V002AK974f1W5nvdInEfzNE9nM7QlXXKkKuducfKBn9R/hr+3t+x1+0lNp1h+0x8G9J8AfEGWJ4F+LXgbfps0V6x2C8vYIkRZChPmspG1wDkZJz+Ul1b6dB4fbRItMXURbyHzdSaOOO5kEnVo+AzMueBzgAE7sCvJ9f8MafpE2mRaIJHN/cIZYrlW2xu4z+9kAygBbOQRjJ6LzX7g3CrScG0o2Um9ItWadpaXv563tvqfkWEzGrQqpzhJtu3JLVtNpXfS3TRvvfoftt45/Zy18+GPG3j74R+MPh5+1P8Kba3mH2S4Syj8Z6Npzb5WkLviWD7NFlWlUg5ViT0r8jNY8I6Zrml3f/CKy2/ha9FzOG0rWJhFDdztM8X2HTL6Qi3keM/Ix34xk963vCmm/FrwKNZs/B3ifUNB0/XNPkXULfTtTu7eyvo7iNt9pMqOEm8/dtIIYgEheK+tf2X/2gP2Tvh34K1L4Gfta/BnU/Fkeva3HeHxjZMXvvD1nOdkos3l2y2uxnaUyREtIRvySwFeZTqYSrXdKNWKlDTTto3da7OzSSVm+bRo9+qqWKop1abpSlu1Gz+y9Hs1ZLTdq+7dn+VerWfinwYrSaz4bmaS0kcC8gja4spAMli11CJIC2Pm3b85256mrvg7xno3iDVdK8P31tPbw385+0XcE4E1shbDgktwpGCQSOvtx++2ofsEfs3/Grw3qGsfsXftQ6THp8t0EtPhn8Qpo5nLzDcLaOS/bzHkZj5OThVPQ9cfnf8S/2Fvih8JfElnp/wAVf2d/GdtYfb5LW8+IfwzR9VthaOWAvIrO03wALH+8VWJyv90ZNbSoOUpKEXLktdxadr8u/u6p67Xsk+x4NbJadSScakPea0SV7ppaqyavZLsk7bHyv8QEh8PaB4hs/D8t39mtQkkN1IVKGMDbkXALEsxbO1WwQFycY2/F914xmSNLNr+W6mmlImYEtJFuOcBv7q9FycHb1HNfpD4//Zusrq3g0X4W/GC11Kxkt51Xwv8AECOXQfE7zg/NDJBMq27fMCq7nCk+jcH4O8VfBP4geEbrbr3g3Vbb7PLKz39janUbOfyydpE9ms0OwjGAW5G7PLAVzUoqEpc7Tm5P3ZRd0tOj2eq1V9G7u7Rx4nIsVGCUqcZxXuxaXNypNPo9+mm+3W5wsmtGZYbFll+yI243LArvmDZG8knIPC8dR1Oc5zNVF5pyXF22pW1qLi1L+VasCZVx8qLtYkkLycAEHgdAKuzxJc2vlvI5mM2Xs/LEToiHDt0yMDcD8oOcAHBO7nL3RWvJzdbHj0+OPZG0jlm8xRzwTuYE4JyASQPetaSj7WKbfvO7iouzVo2VotdLrV6XfdtccMNKkowcJRSa5vd5brlWyWtkvO72ep5Vqd3danNDHCLi6BZBGgMhcsSS+/HOOcgHHTryMdvbeFJobM3+p6k1sxjKpaq5+RjwqsoJOOQOjN0zgk5pW942j6gzoYRLHEQHEYIVDkhgCAPMboRgYByPeyt8dTYPcySTKWLyAAKuRk7SCQPoFBbsMCvbVOD5YxSS30snrbt221bezeh6lLlUYqnG0bJ7+9f3Volqkm93ffXXbjL+GWO5aMzSTQRqC0quzqzE+jZ68Egdyc8YNYzW4MjSkhVIIMg6NjnJU8A5x0B+XGB1NeqyT6KpDT2qlcE7NwBLR4xuAOecHAIGcjHUYxribSJgIlsAhlcYKEnAyMAA47dhkZwR1OeqlGEFZxsls9lZJLVau7fknv8APsi20uz5d7vote6b1X42PNGgkaQt1TABwCQcjGAM5XGemD34IzV+y06W4dYYEZ3Z+QoYlQCMZyPlHsSRyDmvbtP8D2moWwlaSO2YKzbMnhQAQ0gGOoz0BGeD7dfoei6Fo6ieKATXKuVDuF2Oe4IwcDI/pgkGuDE5lTw6lBL31oktZa2vra7bvp3d79SHo7rV+bd+l7edunpZHnWheBJVSMXkbf6QfkA4Yg8hScZUcZOccjjoa6OPSYtKSeAyhJg+Y4lTJI6KGI+8SSPfgHBIwO0vryRxDJE+JCxCwnYFQDnOe4wMlsnGRkVN4fNvd3EpuYkubiJHnBK8+YCQiMSNxOcYC5JG3sDXz1XHYifNUqJxj1Uk1tZq6Ur3t1vu7O3TKpGUo+82vvS6PZWfS1+nnYq6SdR1DFrbQNJMiom+OJdzI21dioAWwBnJwwHcDGK9utPgx4pljsLyO3giimgM7or7CqhdxaQ7t2QCCV55BH8VRfDPw4wvH1m6jeBpHcRoQxEO7n5EwS5IOBkHaSMnpXsWo+K72CVGadvs1qTBGqEq7uBhS8ankAjJz1PtXyeMz+usV7DCKLiuVScmmue6vfd/Dpo1q9b2PksxjGVXkgru6k+a1k7xe9m3b0vaSST60T4Hgi0LS3ubeSeZd8Vxe/cMbHOFHfryCcep56v0fQZdIuljRkgjEo2SKWdpvNA24GSMEnnBOBkZwTUFx43a700wJch7h5ysiYCRRZ6MAcJz3AHfjJyVg0S61vWtatI7OKaU2sqqsmP3YVNpO5R8mANxz2zngHFZ08wxkoP28owWjs1pLRO+i1+G6elk2230+axlJYfC1dIKLjtZ2bsrWtvffTvq0z3Hw5YxzTTWNhY/a9QktzCf3YEU8jnezscAZGcZz14wNvH6Nfs9/G/SPgb8PfFfhXUNPg0iDxXY+Tf+J5/KM1pJAgYWFtOw8yIu/G6IgoCWHIBr4P8ADdpfWvh/WdQtJjBqMd0FBYFPJKrvd4nYcnP3dvA5ONpIrxDxN4o1HxHa32i3N/JPp/2wiSJpnLC4yBJOsYO1VLDt1wAdw+79dkfELwcY1IcsmrpXa5dLR9+y5t1vpprsfyvxRwFW4vzOvTq1Z0sOqj5pQVuWLdnHq5KTdlpo9dkz+mf9lX9p39jvxj4F8VeAv2pPFV3eaPc2LR+DPDunrJeWCWzITdagb5Q9wmphjuRnIGSOcEV+Sf7XVn8J9H+JWrW37PWoa5efDuS0jHh+fVxFFqLRuoM5mQffiRtwUv8AMwAFfFPw50C70S0m1KHUpEZn8m1WUt8seSN2xiTtOCCu4jnBLU7xf4ivbGS91PVbqa4+xQiO3mjmKwx7tu9SAQAhwCBgYHr0rpxvELzmrTpyhC8ZRV0tmnFNJ8zau1faOu/VmdDw5WXYPDZdhqcakMM7LEVacViakZT2qVI251G3LFcqaVk9LMqXfjW3RP7MvlhuL9A9shZERAOg804LDBAIbqMEHHJPjd14muNN1B4wsSEtKWnRxkIzNgK/J2nOMgnjHYV5/rXxBtNR1c/Y4QruynzcF1ZyfmDNwCzKeCMjnqBnHK+LNTu0vYWKNChhViu7Bw3J5PO5jk8A7cAZPWv0DIpOiqSeicVeNmuqs3u3oleXXa1on2OWcFewdONam+eor2cX/dfnfTTXfs07HpF/41vJ0Ywvsit2I+RyQTnbvAIwCeu45yR61CPEzLYyOwd5JF3IxIHGOWx1wTgc4PcckV41b6hLJa3DFWCswUbeBk5GTypxg7jg5+vSqkms3JLRzSsioNnGcRp/eIHJAOF+7uAOOFzX2zxzjCym9Yq2t7fDrq7X+VvPV3+swPCOFhXpyVNRUZJtKO7dtUpLvo2tkr7M9Zlv4pYBeR3ElnqKxmRZYSVmDkgBoypBRgCN2Odu7HQVyWoahfC5tpppZZojukeWR2mkkcnLGR2JZXZgAwOCcYBx0zrmW7t0sJxGWknjJTDEhk9XBBILLn+HB4HGaxbnUZrhJkC4ZGJkAbGeQcJwAMY+b7oPcYwD83XrVliHJza1T3etnG731+759/06hgqEKCpRgvdhFP3Ve8XG6unq7b3enqfa/wCyLfx3vxJ8QtKm2W48NOpCldqgtGAx5XB4P+9jJGcg9F8XfEcGm/EjU4i6ZtLaBZBnMjhcncmCPmz37dgc15l+x5fInxC1hpI2Q/8ACPvlyOR8yevYjAGcg9cg5rzD47eKkHxV8VM90FVXWFSrfeIOAm7qN3PfAzycV7NbGuGW0XduXtXd33vZ6+d7X20021MFlFLEY6cLJx9kuiW9n10u2227dNtdfs3wb4k0/VYUNndRmVo13xho/MRsD5Tg7jkjDY5Jz16V6SNZ8m3mE1wiGFCQpIDOgAJAOSc4x3469ACfzE8I68NMhvdWbV5tOVlElq6ytwepLruznP3RjHGQQAa77w3+0DctqyabfwSarEWWCG5xuO5wVaRwRjkYxk8DB5wSeKHEHLQlBxtNKzab5fsq9k9HZ6b37rr83m3AleUnVpRXs7ucoq6bV4u1rWb2e+vXy968TfGW6vr650TTCbeO3YRi6SQpJlchtzHDYOTyW6YPU1wVrNHfzltXaS/lG5lPml0AfJc8nLMOMheB7Vpat4X8Paraf2rp9w0OqalC8zRxgOZXPIiKoSVYE4wRgtnGTg15hf6V4u0TT0Z7aaGzVpVS7kXbhR8zIZOfnI6qzA/dHJJr8szvEYrGVZylWk7tJJWtG8rq2iadt333VkRlmGweDcKVKnGniYtcyslKLbVm3pJN2ei2XQ9AtbK3Y3un2d4q+ejOY0UDaFGFgR+zFcgjGQdpyQa47UfCni27uLW10qyjudLllVrhpQnmQsrfOrE7eu0knq3Xk5Jg8OSaqsUl3Fb/AGvO4WwiYmRp2HzFiq5wvU5yBnpgHPp+g6p4hPh6ZVtlmuLe8aV1XfJdSyxkv5JjiDyOoOFzjBxxzxXz1KNenWjzuUkraPouaLd5Le7vazvY+ww+YYuLjCjT9rOKV4pPmspRb11Vm72S1SauovQ+gP2MrH4PeH/iFrEv7SNvqlr4B0zRtTurGy0uWW3h1vW/s7C0sZ5DgSQu+wSLHuyMgY4x8jfF/XNF1fxl4lvvBmjy6XpVvrd5LoWltIZYNP0oSs1uvzc5ZMOQ+0jgEZ4HrepalqXjHS/CV1rumT2y22qpayW1mnk29qobAurkqFZJ9vIjkHznqODnJ+JnwYmskn1LwzFqc2la5aC409xBIZbs5K3UhdsMUjIb+8PkGR1x9BWxq9hTo+7GzbclJ6t8tld9uuis20urPpsraWKdbE05xnKy1i01pGSjqk7p6tvZu2qPmG68a+ItWtTY3MiywxIoihgiUM7qwY7JAoKIoPzIMAkHJGRnlvEMl1cWNnqTWT3FyX8oxKGMUa4wQBtwz4G4ydumccV7Ivw/8QW3h+wjt9MlMcsxt5NSjiZmDOSpT90pPmE8FeuRyM9PsT4B/B7wN4W8Iap40+KlvLqurRK9j4X8HSqrNeNdgxvd3ik7kZd+9FZQRxgCvKxGNpYSlOvJOSja8YJyd3y20fS2+tlZ3Wlj67G5lQoYdLmtJxVoJKUm1bo03tu+miWu35dQbY7C/wBdmt2SZoTbWSgkESDcCoBxuIwMYB2569x9gf8ABP2CN/jVoEl/qa6dJp6TanFHPGHfeCWk2iQkFtgLKCD8x9+ei+JvwVstT0+4t9JFrYvb3bXtvZ2sag28NwzOkOF25aPIRiecLntz4NZeFfGvws8T2XiGOUrcpGoS8tJWRIYQASspXAyVyGG4ZI281WVcR5fiKsHBp1IzhenLRt3TnZ6Pdctu/wCHz+LxSzPL8Xg6dX2VWtTdOMo80XH2ivJRknF6WS0/I/Sr9u+UXvirwvrX9nWludTtbi2sb+xto1uNQRpcfaLgRr8xP+rYtkgnGR2+9fgN/wAEYPC/7Sv7G8/7RKeP7/RPF1hZ39/H4bWGCKwfT9DtpLiVZhJgtNcNCUXIIO/BzuNfhld/GfWfiBqOk22sXsottKhmhtp72bzhaynktEHJG1m5UgYGcAjv/UX+xt/wUa/Zz8C/sQa98O/H3jODQPFvhDwXrunWWlSq0cvii61O3lSEw+WoEhy6jLZ3ZBHPX9W4XeWZpVx6xUKVGUqUJx9q4xUYXiqvK5ON5RTT72Xc/D+KafFeQw4fjg8TiZ0oYmpGvHD88pTqS5ZYeM7KT9k2nF83kn3P5UPE2uf8I1fa74O0nEFnZapeQzF3SPbNYyvE0REe7ersnHfkDnv896zdnxTqK6YyRKpb5nmBiiO7ICIrAbWyVAJUFjx0OB9Ha7D4c8U33izV7e4ht9Sv/EV9qlpFtwV0+4mkuUEgI6lSFJOAx46HB+dL+XS7zV9Q8pJYr5HAt15SCWUYBZRx0GMdBg4zyTXx8/YYfGYn2UouEKk1GX8yveLTdlay31fZ63f9BYGpV+p4OeJbpVpUqc6kenPaMpRTdl/M2n6X71rn4Vy+G7a11u2MnlJNi5mGN0LIwYeUELZRXUAsOgGeSMn6h+C11o3icTw6lI76tawkpIzGMsIiBE6sTln28E4JHcAAVyWneHNbbQv+Jpcx3dgkCXo/fBmD4BMJXJyv3gyhepyM9D6Do1l4UuBp2oaQp0LV7GJZLuIv5aXSrt+QDcoy4AIHck5ABrzcLxWsJjY0qyk4Smk5razaTd7W0VpJ9Wnq+nbPGKNN8sm7appO9tm1o00nZrrvuekP4b0WDWkvprKGfKq3yqGmEmMB5WOCueoORnHcgCvmb44BrzxAIra0ka3ttgeWIBiVBKs77f8AaIXnvgdgT9FXuqwJeLcy3n2K1uYVxK+1vOAI3xpyTjnO4cjoCQK1dF8Q/DhtaaLXPD41ewjgZ3u4dwjLICQ8zlQGAJwy7iGxjPFfS5lnWV1sPajOEpvlk+XfXlaemure+l+7vpy0MxnBqdVtrSO97NvRu65tfdu3f/F3+L/A+pXWga2iwWzNAqs8jToybYmZd+AQD8oBKj0A7A19fW13HeWtpq01tFdaHNGbWMPGgAlCZkYZAIVQSCWwTu3HBPHjfxf8d+EJ9RjPhSwtPIt2KT3KwpCUjbISEhAA/l9N3VgDngV5HrvxJ1SfSdO0SxuZYYoszFomKRsvUE4I+b5cAHblu5xg/K1ZYnExXsHKmm9Um+8PNJLlvfR7b3R015fWFGcItSunZ3vq4JK+is1e7s+lran0J4g8N+H9Nji1rw/coht5mnv1QqGtX6gRhTlgPQkZOOepr0b4dfEjzb3TtGmv4b0Xbb/MfMcqE8Bdx2ghAMKc+oHUlvivw940udRnTTJrwxxSx7b1WUZYDIDk45c9MksT3bAAr6t+GHw+i8TX2jatPGLPTbJwJLyE+U86QsCJCDt+XDZJB78EdVKOZ4vIJwxU67p04STkk7c9nH3ZJOzvG6V1e+qWxy160IUZPFctoKylu9HFtb3ukrXabvdJ3PtqK7gs9O/tO7gSOxiRwbiU8M6AkbSCdxIXjPzHjOADnwLxx8fb+C1vIvC1qI7GAGOeUrgxSSEp5rdQR8u4bWyMqDt5ra+LnjAaPanSNHdbnR44Y1tkkcP5rsMSTFULkBfQjJ69K8O8EeGfEfj2yms9KsEvt9ywEMMLzS305JCWiQRq7yMxJAO07AM/KBXz/EXG+ZcR14wozqUsDCUYunTcoKs1a/M0+ZL4dnZXbequfBYzFTm5zcf3N242Vm4xcdW/NXv13a0sQ+CPi5rF5ObzWL6azjtJJIUYKXjuBKTlySSHODkY4yee5r9Jv2Hf2bfib+0b4w8T2nw9vNHZfDFqnim6v/EJCQRvEWnsra2z/wAtJpl2ohOCQMccjwb4j/sF/GL4Y/C7wV8UPFWlaR4f8LeKInlhso9Qt31SC6BYxGeyZxKoyFLoUyo4OMYH0H8DP2ib39nD4L6zoHgTX7GPxz4rT/iptcscSXkWnRjba2kW0t5MsDEkSAqQep4NVlTwOW5hhq2ZKtRoxjGo4xvzylyJx5ZOTd2+W8uWzUU7O7Pw/wARfaZjlNeOS4dYnGVZexULfu6blZVZybb5uSPK0uRuW27sfa7/ALcf7Q3w4N34L+O2t6Jc6Z4S8SLp8mn6lHazXdvb2BEVolvDCX32ZRF27wcqSrYJr4X/AGtP2x/E3xm8R6bP4g1nS4dI8Oq8XhHQ9KsY7SyTTpid73EaKu9nUkgYYHq33c1yvxN+Enib4heAp/jzr3j3wxbWEWmS3EltrOoOmv63qKqZAxhY4llkYBVHI4HPQj8xr3xwb7W47i93StbweWgYgxxKPlUkE/dUDKHIPORXv5zxLnePw8o08bXngqyXsIVJxnJUVJKLTV23pr21uj4HgXwryWdX+0Z0af8AaNGpCOK9lCpCMa6jGTsua10rNNfDZK1j3PxV42ufFN7NZ+BvDM32WG2E1/Z6bbO011cxjdLcFok3pGxGWGMdTjmvDtX1e+k1y1unt5Yb60aMTWtwHLQMuMIyEHaqnbuDjJIPBJAHuPwu8Uy+H7l7zwSwh1y9VftNzOVmVhIxMqQREEFWViGUgc/MTk16f4l8I6L4vvX1LVrNU1O/2zXk1nFHbKskajdHL5eAnmSHOeDk45xXxFHiDB4H3MXUcarm1bSV9FqpdtXfolo73Vv2rC4Wpl+IeFhgFUw3srRqx5bxqbcq5m3JWUW2n30seO3ur6pqmkR3l/aSSx39xbxpAVkae6eJRGjITn/RxgIoA2hRjA4rIlvbi1090EEulQ211IbiWOCVYZboqDFA0wTyi6D7yhskAnaOcdTqWt68+qWejaTZRiPSpobKyijVZrqRWkWJIoEUN5k8rEBduSGIPX5h+1Xx8/Zl0bwp+xP8CLa90Oz0KDUfFlje+N9auNPX/hJ7vU9bijuJIIv3YleG1spTv3HhwVzuzX7dwBw8+L6OJq4esv8AZ6aqKU1G0pyaUIRae9k+nnrfX8t4145wXAuMyyOYYeTjmeN9koqmrwpx5XOqnFaqHuJtqMY83ff+ffSvHWtafqMUQW2vWnaQhG+TDFm2yTMM/dO0qHI6D1APaWnj/wAbWNtdtNYz2WjapdPa3muSWs0EF0CpdrWK8KBJfl3ABZDwR04r9b/hB/wT90/4vxeJ/E/wx0DTtT8KfDHTNSv7rUdamNjN4pu90n2exQP/ABj5ThSMngDBAHxX8Yvhn8YfDWp6L8PfHnhGKw8B315cXehaPaTxGK3urlGb7SJ0PmiO1OdytgEDGck4+xzjwvzbKMKsfiE4p8qvRXPGLcYyjGpO6cedSutHo79Dy8g8YuEuJc4nk+Xyw9TEU0pShiasI1OVcsaihTak5OnJKE7pOLau97fD0eq6n/a9xbW7XFxbak/zWtn5jIYw2AgCBjLIwYAA7j8xJz0r3GL4U3nh+Xwzr3iYCzsfFRWKw0O0u0bVooeI2urxPMLwhUYusbYZiOQMAV638OND+G3wd0bxL448X3kGr+L7BJ9J8D6bZxwXWn2d3Luje61KOU7WkjQ/umYHBG7BIrwbxRqmvXVta+ONbVrgW9+82mJbXaiWcSSGQOYw/wAqAMTGqgIi4wOAa+BqRlgqfs6lSrOc5NRppylyp8usnZ6vy1bvorXX6JWqV8fi+TK8PSwuGw/LKePcOapOreDlRocsW/YxTfPUno3pDudRq+h6N8LdO8V6voNrd3dndK9nbajfsqXU9zOvzCNVO+MRhmY4ABC5718y+HvG8jeILWSWJWtY2aO8MbksWYEmR3GcZOFLAhmOcHPNem3+g/E34j2Gp3uj6R4g8R2kkDXXl6Vb3N9pujJDC000l/Lbq8Nu6ojbmch2GcZ/h9L8B/sb/F/XLX4T6jpWhW17F8bpptE8MSWjpNY2eqQsEdtduifLs3YF5ViZg5RHAUsMVrlvCmZZhOU6WHrVPaNNNQbSinFL3/7rV90ldJdD6aXE2UZBhKizXMsLSrQjGDU6lNVG4x54tqXvXcU5efRXva5ovxZ13RIon8LahdtM8c0EUOmO9vd20Uq5cefGVbBXg5IDA5OQSK6qx8U2XiTTovtOrRW+vQWk7NbzoZZonViWlv5RkA5IO5zkkhicnBT44/AP4nfsj+NV8HfEPw/Bb6lolvp2pzanZCT+z9dtrmJi7WMm3dcRRM212UMu4NkjIBi8K6rH4E8Ka3rUGj+G9YPxdR4blbyLzbnwrp8bqsk3nTK32d5N+9VRgSwG7kDHu4PL62S46GGxU3QqqXwSvdPSWq1vfXXW2rva9/nqvE9HG5b/AGnlE1WpVoudOcKiSmm/jTu21FrltLVfJo/Uv9mf9kT9nT9o34BXWoaT8StV8I/tEWWr/YfJ8QhLfwTK8iO1k8kzsG+x3GCouBu2sQFbrn5H+Jv7Nnxn+EHiPUPDnijwHrdxcabC0txrmkaZc6hoNxbhmMV7aahaxSwm2ljHmKzyAqpBbFfuv/wTi/Y30PxX+xL448b63exaff8Ai65ibRPFWtr9msdF0jw5JHPG1rL8qyRXYXakhO1lY/71fX3ge9+L/h/WvHHxx+NUnhDQf2YNE+HcXhbQtEu4LS+j8Z3ltD9lg1XToHDtI16Yz8hO5t2U4Ffv2X5flmOyWFVuMcVBwpy52oSlXmoShGm1H37xb92za5ZNtI/nmp4t8ZcOcT1KdSLx2T1ZTxEKc7zlSwkJclWrKpF+6o1LqF4qMlZLV6fx3yIChJcSSBmiePbjbIMhhwSFZCNpHJ38ED5gYHsnddwUkKC0qrgYJIG3PByRjb2HJ5r+ij4g/sT/AAB/bs07xV47/ZH0uT4bfFDwfaG/8SeB72A2+heKmIkmP9mHiOzu5lUmKKPblnAJyVWvwe8U+DPEng3xLrfhXxNo13oGuaJeTWep6dfxNDdQS28mx9yOEJVmXdG6gqy4O71+OzLLqmFqzg1KLjZONldJ8ru7N/Fok02pXet9D+oeBPEXJuMMDCtg8RH21lGrSdlKnOPKpw5WlL3ZaPSPTRXV/MBY7WVgpKAlkXOCQADtIx1J4GSeg4zirkVirxORGSXByobG0A56c8g9D0yeMAGtoWxEmDz5wwFXkgjgEsOBkg5wR75HJmWN7VXQKql90eXGcg9CDlsAEnJPOQOeOfnKra91tXa80+jt/Kmrq91o11P1bC03Ui+ul1Z3tpF3dtVq92+r1XTLh0xHlzg7toKoGwoC8YIJBBI5OOTxwTirsdiyg+XlQrEsvGQF2jGevGCCcAgdiMCno0kTg7RuLEFyMhjjdwOzEcD1PTsp17ecPGgKsDjrjaNvVuSPvZzwD6ZIGa5YxvdO3NdaappPls1ayvfql26O693CSik1KytZap2TvHttf89HcoLBIXIAJCjO4jgleenGT757ADpxNGpZmyhKleWCEMGxwT2GCDnHXGO+a1/MjUDIIIb92COTnaQOMnGCew9McHF2CWOSNlRAXAywK4B3Zyc88j65xk4OCRPs07WTlrq7XS7rvu3bpZp2smdkHTqbSS12S3Stfro29rdO9zm7iBwyq6gK0Y2lRnO3kE5bGCevUZOOoxSx2jzSRysu1cYViAcsMYBA6Eg545J59QOkktXBiDKp3FcqyjADAcA8kKM7SD174INXRYMrpKPL2iUZj+8oI5P/AAEkD1xkYPFWqSUoe623KOmndLVpprR7Wuk372lzz8xg1h6jitoO1l/hd9dGunLvv1Pqf9l/9hv4vftgaZ4qi+FGk6bO/hCa3j1e41d/s8cxuCAIbeQYLuwPTnP3jgZx4j+1L8Cvi/8AATxpL8KvinpsWlat4Ws45dLs7a4SSH7M+WWTekjAArgxrnJJwR1Ffur/AMEF/E+pt8XPif4MlljOj3fhm11pLKJtrG+troRCUkZJPlqB34yR0NfNv/BafQpLj9sPXGYErfaRYFt7FjGfs8ZCIxJwo6EDOASDkc19ZSwca8cRQlCMYUsvjioyjG0pSbpppu7Vrt7Wd1dvofzLgszqx4kwVaWIq1J18/xGWzoylH2UYwh7SDirKSkoqKbb95dtD8BI7e8u5SGhkGCrbgvJPy5dscjkHkd8e+Lb6dJE0geQsPL+ZJFOM7WIKkjO7nHGcjkjk19QWfh7RrOBT5ISdgyu5VWLHgqM9e5IxzxxkcHjde8Ox3aM8USR4fgqAeBnk46E46kcZx16fF1PdlZt2i2k1bf3X6PdK+70utFf+pKdOEaENYuXIno7X0je7vd2Tt0SdnqfOLKQ+2RXURElFRT83GCGUA5zwR1I9WBr5q8Srq3w28dL4usRc29rfzLPBc2zMktrcqwbcCCArBwCOQGA4wK+z9R0ieCcyNAWCEBmVCqsh7gjoRnOM44OcEgVz2reEtI8T6bd6Vf24lSUMIhJw8Eh3DzEznbtY7gB0yfrWFSnGqvZzs05apvZe6r8qdnfZ7vTyZ81mmCWKpzjKPPzXVrJ32W2t7+jTffc+6f2U/8AgptDJpukeDPjTpov7NIzY2fi1S0tzEi4Ecl0uCWkjUEjHzbSRgck/q0nxN8A/FvwrBL4D8W+GNWlY7beK6Ns81uyjaBJbSHdufgAbc+2GAr+Pjxd4P8AFnwunuI2ikudGeUT2t5GrGOIHkgso4YISCD7hge2J4V+OniTwNcz3Gh63q2nPvju7V7K8nSRblGDFpEDAGPIyynoTwDkY+VzDKfZzc6M7RlGzprWL21T3S0t5aNrY/Fcz8NVjq9aeD5sLWcrxnFLlcuaLT6Si+btK6VrLof0e/GH9mK58XXc97Pa6dFrszSG4LWKw20ysRsKlF8sDuAD8wHtX53+PP2I/HSSTNH4XttRWFpZPPtCrpJFklhsyecEBe4ORgEGul+CX/BS34haBp+nx/EuK2+IWhXVvsE6uE1OBgBiNXK4eVEJBVmHIIyT0/Tf4P8A7Q/7PPx1sT/wj3jVfC/iSQO8vh3XbhLWVGABKJLIwjfe2EVRIxYAZzxXzE8opVJc1SM6XLK3NGyjdct1FyS66teis76fPYmfH3B1qcqNTNMJBKEZQc5NRSSXvJXSVvtLpq+p/Oh4x/Zj8W6Q09xdeCtc0+C28zcVtJnhZEx8xZEwOASO2OucEjwK+8Lx6bK1rCrW04ZfMWaEI8LrncnzAYYcjGM+vTNf2Ca1NoNt/wAS++hgv0YRgq0dtcW9wpXICvgh0IAPUAZBB6mvCPEn7OPwG+KTXNxqfgHS4ppJMSTWKxWbqxADSZt+JGO7PGc5yTXm4zKZtP6vWckkrRlJpK6j13uluultW7Hq5Z4uqCp0c3wWJwsotbNyV00tU9VbV2TfV2tY/lnl0weWFVPOWTh3aNWCEAAtkZ5GBt7njB5+blX0GH5yynzA+cYIDqpOVA285z1HXjoBX9Fvi3/glz8Ltft7w+B/Fup+HbsyZitLtFuLUOwJAdmYsFHQnG3A4zyR8X/Eb/gmf8ffAj32paTb6V400qzjL+ZpLjzvLwQvyyjAfGM4BxwN24c+HWwGKoRi277Xak566J3TaXk9Ndb6n6Zk3GOU5xeWFxDnP3X7Od002o6NStptbdW073/JK70LKrIhMMewgRxgnaxOcE9RnCknt6gjNUZrO6gjdArKMrlQuWYjGHB+oB9DwPlzz9IeIvhd4+8PahJZ+IPB2tabcQTGH7NHZyTOz5wpRYlYtu65UHnk8DjmtQ8I6lBCX1PRtasJU4VrnSryFAi4AZ/OiAG4ZIORkHuucczrTpWUrPVN3VnfSzbV7aO6TWm2vX6RV1KOt7OzWq6JWXW19t9tDw7asSOGJCEEtGwyzPjqD6+/v6iqPnfZpIbkFipbcwQndkcgd9uCoBXHzZ5Hp6feeHY1KTMyZ2nCMSruMZJCZAVm9MbhkZ+YEDDOgWywvJLDIm58rtOVX5iRgEgZ5BOBkNuBzznsw9dT+NNSvZy3V3yu6uu2lr2s3Z31bpYiMZavlkt3q09YpK+2qvdrXVPpc5Ky1CS81Rrq8PmRhChDEgKV5C4bIBIBGB3zmu707Vd0V0IQPnVY8ghTtbsBkAgcj2IODVeDwvpl4khJkhRWGWLkszk4yQWxtzyT1+bBqreab/Y8kogn85QA4KDld2O4P3gDggjIHbitayi7RT5ZabX2XKut3Zr0s3pY7aNenVckk0lZJuzutNrrbq7tN62vs+t0rxFNbSxJHGgMQZVZuickhydwyQcEA5zuHJycfa/7H3xqvPBHx9+HfiCC3Mk2n+IrHbtJLMWmRZJNjZLsVLFQQ3t3FfnhbzTKJERXYs24FiwO7J4LHIBY9FAIwcdzt9S8AanqWi+K9Du9Mm8rVBIJLScvhobleVbnJBVgB26DGcMK/QOCOIsTkea4GvSlK1GvTlKLd1KLlFONm7a63vq0m7rY/L/Ejg+jn+R5rRlH95VwlaMJ2b5ZShaDVlH4ZWbte9mnoj+qz/gs3+0N4Y+K3gr9nwaYzR6pb6RdXF9EzhmjdlVJTImSAWcnaGGQTgY5B/mH8Za4sS3EgkRgzSKd7YZhk4AyQcL2O7nBOMcD0T4nfEzxprNjpQ8X6zda1exvcRQSTXDSJbxiTLRpuLBRu5UA9BjrXG/Dq18Ha3qck/jWwn1mCBSY7O2m8oHLDAcjB44zg/Ngkkkk1+tcccTYXNadN0Ieww/LHkpzldrn5Zy1Tb1m27Wsk0r9V+IeFHhzmDxNGhj60K1V1v32I5eWElBxpxSVm1y04pWa96z16L54v/F19cia2to3tbdCVa4hDyAsFIZfkDZYnBJLYAy2cHjxbxBdNFcrG6SHKF3kl5dgxLbi5wATjK8kg5A9K/Urxr4d+Ed9axQ+D/CsujQPa7JbyaZpYYLsp/rMYJc8EHIPLH1xX5zeMPh9raXOqmBvtsUVywhnVVZGjBOAVQMVAAyFPzHBGB3/ACP2uHhJtOKTa0TTf2XaWqavutN7rV7/ANz5Pw7l+TUKUKFSm5ckVJprm91Rbu+aL1S0aS63PF55lYqBIFidX9AO4AyOQdwxjAG7J47V5I3SxWcsGV2CYAO7aD0BzxuAyOe+eeRXqWlfDm8nt1u72MLZKyiYEFJG+X5tgbDAAE9D7HGfmS80mxV5bS2ZPsttiPDKAxIPDjHJYZ5xjj5uAKxnjYuajHZa6N6K8W7d76XstNbux31sRQi3HmV12b0uk9G2ldrta193dnmWnu8YO6IqAVC9QcjBHUYPGCTyQCcj06VbwyuzOwBiACKBkA/3s+n6cYIPa/daTIGAggMyOqorhSqgIDnkHPHZiADycdawFgFq8yT7xIzbFzkqORltzfdGMAHqCcYAwamThVaejaS3teyUdNtXbqnd72seZUlCrJ2dr6Wsu8Htd62V002lq9LWNF906TFGCcAnGRu46gkDgEcKDgcAjiqtu5QMpmUNtCDYcAMR94Ee4PK8449TSNeQopR3WRkGzaVxnphgMd8884x6ds37fbxyFXUB3fLEDIGMfdDY6jAbaPrnrUxhKz91NOyTbsrKyS93te+r6316KMNNX07ttpNaPze+r22WxsooUohcIwbc8oH3gc/ePfJwAMg9j1Fd94VtbKK0ub9o1S4d22Mpwdg6k5IYgZJHQEcYGCK8tN0s5Zl4CklEOPmLYyc5ycjGAxAw3QZGd211K4SARNIyBAFwmerA5X6duOo4HJrkxdOdSlKC926XM9rK0flrpru992kb0Iw5k23fSyd2+iS3as92t0vU76+uFmm+6BE7jcEJVjj1YEYA7+5AyMEVRWeOGYeU5WPd82H52dMHkgL2bBBGOo61iAXd0kRCFuQAYyx7nlsY4xnIOCDkgkgZnWwvZDJGbWVQqOSyoyqd3BbDAbtmc5XdxyAep8nkp0uWFSvBNpWjzLdW9N76u70vra56FOEpWUKc59uVN3V1rdJpJ63vbfpY+gf2e7tJPj78MJIztjbxRpwz97cPNRTkkcjnqD1XOCcg/tH/AMFU7kQ+J/hYtuhdJfCtt8yndu/cjcE4IHYk9ewA6n8Sf2aY4R8fPhVHI5SJfFOmRvuPAL3CA98kjGBnk9OuK/bL/grRaT6b4y+FdrbxMtuPBtnNBKQCw8yIEkDqeck59egya8OrUpx4jyyN1KEqdSzVm3blbV7NqLt71tm7rTb9EyihJ8LZq3GStXoN9LK0NbKzV7drXtqlofjZqzmWSOJYMhHLOeM4PLbj0LD3/wDrV95fseC1i8Pa091eXWliHWoJTcQzPE/lxsrJ5ZXBJBGSM4K5AY9D8RW9nNf3DI5ZIyChkVcBmYHJAIPzZ+Y98Ek9K/WD9g/4B+LfiF4N8TXWg6empW+kao8t8kkEs8sNtFEJHmIjVjgJyM4HLZwcA/W5hiIUaHO24x0fMtWneOi1TT7ta6Prv8nhcBPEzlTjZuTkrNN3SUU1e6aWu990z9bfgP8A8FKPjb8KvGvhTTXm07xd4D0CyisoY5LVbbU9Q09SqtZvqMaLKtz/AAxPIwIcqAcDI/oi8E/8FJfCejWXhfxD410XXtG0bxfZRzLoHigwRX+ngkbpLG5lJj1CzSP5y4Z2Zck+/wDG1468J678Ole+haNdOvvNGxkIQeSzL91iJLeVHUhV2qwIBGARig/xi8Y/FBvCnhTWPGepwroSLp+mnxDfTT6faWkhVDHaXDlXtIyhGHGCM4HTNZ5fn+Lp04xg6eIoK6XO3zxsopKOjvq7vZJWfc+czjhONPEuvRqVsJiVq+Rv2c3FRUVKDbjKLtrZXeuuqa/us8UfD/8AYM/bn8NxW93Z+DdV1S/ZruK8tVttH8RwXpJ2eW6rE90Q+MqNytgHnqPC/CX/AAToj/Zkk8XXfgrQ7f4r+CvFMtu2oeFNXATVksbeQSfZtPlBwrooASQHe3AbOefwQ/Z10Tx94XvbGLx/F4km8NR6Y114H8VeA7+SWaGaBS4unvdPZpDBAwBdJcEqCGBGa/Xf9nH/AIKJeMPDuv6d4IHjCH436Tb2EjXCaiy6f4r0XypfKe2w5BvZYwNqmRtzsOOtevhc3wWLi41qSp1VKMZRqLm97R2Ukrp7NO3S26dvyTHTxGW5lOWbUZUIxs4ZlhbyptK0OavQtNJxVtlre9nufSNn+0Z4o+G1/qXg/wAN66/gyCC9sLjR/hj48t5IJo7bzFibQ9F1aRRH5LH94zvMAq5CkjBr7k0fVdF+MWleF9b+Ikmitrmms97pXgjRNWgu9Ptp7WUM19dyRyN9onVUyEYnBwcY4a/feD/gx+0n4Ws7zxp4NsZr2+sILh4dQhW08S6e0yBkWKdVW4QqCAGU8bVODjNfHHxB/YS8Y/DrRda1D4D+Pb7SbaG0v9Q07QdQnkm1GO58p5fItL+Rmlk3qMLE7BSWwR1r6TD4PB4mUYqt9XqNRSbXuyVoqK5ove+t9L7Wulf2JZhj1l86uGdDNsNJKUZRqOErO0k5wadpR0aWqXWFtD6T+LvhXw/+0Fox8OeLNH1SLwgl64XT9Ldre91GWyQiOdzGFJhSRVAG0oUAH3cA/wA1n7fvx++M37KXi3WfAcPh3w1qXg3XPDV3p+k6lqcLXEj6SoMMFhJ8rRyX9vENgD/vEIBABYkZGof8FU/2mfgl43tdDh0vXBqnhzUbrQfEem+OLIWsN49o7QtLplwylfLudpYSbhkuHwxya+X/AI1ftf8AxW/b1+J3hXwRP8M9BOpWuqm30/QILOW6i1G61CTy0knv2jKofNcF234xnAPNa16WLwuHxFJyi6MouEJK6k7O17yWjktHbW7uj5WnkeW5tj8NmdbBxeKU6dWtXco35YpOEFyyVrSa0cYxdtdz5x+CHwP+G3xa8AfEX4weM/H0Hg/UPDS2t/4T8F20KW19ea7cSLNLeQpIqfaURyzJHhs8HOQoH5j/ABz1fU7zxL4hguL261qaW9Nkk96hW7kgA2LKyMoaJTxtX7uB0z1/bn9tj9hn4lfsueF/Bfj3xhPp39nNbwXkmh+G72dLnSNcRgDp1/at5bSwxFiquAy/LkHHI/BXxt4xXVvHGt6lev8AZkvXIkMmGZZclQCT0IyBxlvT5iM/zvxRgZ08V7WnFufNJpSbTd7SVtLct4+Ts09dL/psYpOnGCTSUU1tJpRTd7fZT+K/Rp6pHOfCy81XwP4iMupaaltYqCltfuiu4d2DErvXDDBIIzjOSD2HsHiP4nR3Go+fp2ozRqsygWltmMXGcGSb5ACUJDEkrtJHUda8B1fxnZyT2NjcX6TWcYO2IgM4nyw3O2AwUA8Etux1zioItUsLAi7keIzIxQ3KuHiaGQH90EzlWAwC2wFccnoD+X5nkzzHE08ViKU5VbKMYK/KkuVPdPlUVfX1vskephZyV7rrpsk1eNknf3bJO2uvXUn+IXiMeJb9zLcLIllHJIkc20hwynKYA5UH+I/NkdMVxPwB1z4CQ+PdRt/jzo+o3GjTWF1Fo93p7mOGxvgT9mmu14LRiQAquPmAIJC8VxfiPWrSTUZzFKIUaNwI8k+YcEk5OD1IJHGccA8mvD7+SK/d0E7GRpcCQkKpQNwozgHBOMDkt15r9AyDLKlPBSw/NVoQqUrXg+SUX7tnzPaySWmluivqVUqsKtNzlFyi03CSU1ZqzTV+XqrpPRvRXP0BsPG2kf8ACW3cHgvWb6PQ5LiPSrJ47VZLrU7diwgMNpCGyQoWIogyT2PQ+C/E50g8X6o7addWF7EXjubK+tZbWd5VUH7Q0UqLJHvyGwyDrgHODXFfCv4i6r8HPiN4F8f+HooNTv8AwprNnrlpZ61bLc6TNd2syyGC9glUpLDIBtKuGUPz1Jz+sv8AwUk+O/7Jv7R/wm+EX7Qnw71rSNG/ad8QRvpXxg8A6HpUem6TZRW0cccVwIIUS3/d4dhMmTJkDkA17eV8LYfCfWMbTxHNUpKP7upJ81SDaUrSU7XTldx5XeKbex8zCWIwGZUKcKVSrh675HWi2+Sas17RJ2UZ20lb4nbROx+I9lqOsw65bzJYXEt28zm1RDIHCFmUGI85UEk5XPGRjBJH0F4n0LxongPz7ySZrhrKS/k022hZJntJBnzL6TABCqAHxlgGBGCBnwbUNXuIZrfV9JuiJbUiNZEAaRHPynYoGAEJJHGTz1GK61vi74qNlbWus3N3eWkkH2Z3+VZJYZMKsTd2jGOVPatsVh6lWph61KlRj7DllNSWslaFrK1rpRb1v2Wh9POMpKEope61pK3vJ8tvh3aS15tOj2PCotYmjvrO7g8+2v7ZgsckDOGQ7sYBXBVuOnJIBDZyuPXYPiT4o1C4hi1E3NzHDGFxczSSJIdoVZDEflDFSASQcYznHFc3qF34ZstYtLq4gFmvlebEsBEiPOwynmxnIBJ5IwcA54IIqrF400+81OWIWwiuCWVZjGEUw5xjy8HBwCSCcjO3Pce1iaUcRShJ4KLaStKSSalZK10k9NXe6vr5GsmrX9mk+ZJyfutyUU1Ftaa230u423NeG01e81eV3YAyO04YHdHGCSRGGyOQDwD0PRq6x9AtJQpM4t52RWQkr5zyEgEKc7ipJyOTgk++OZtNVla9McLLFCnO4D5X2gsBz0wQVxwNwXoOkN3JfzyfaDOyS+YGgV8sUTPJUjpjrwOgGeuT5FWOIqSSjN04wjqoycrtNNJXvyvfbTR+VuaTk5e62lG63crPRcqvu7vXXu9ba7f2L+zdU8i2klCyoDPGwYEkdAzdMZAYEnqTnAPPfaR4oDiOO5AlhtWeIA53nb8oOM5Kg9+e3Q5Ncnc3UOmWRvUZdRme12Sl8M0cp4YhuoCnAxnLDBBxXH6bcTDULa6ebyldTI0S424LZPABBJ5HA5/AivKr4D63GTrJy9n8LaSlLbVc2jje/k7+rNpRlOPuty5WrapW5mvLla1dtd29Ln0t4W1HU7m/T+zbNpI/tIWOWHJuC7EKsfHLZJweMY4OMZr1/wAaa29jp0M2oslne2SqLtLiIRSPlQFQcKHHynOOSQcHhseWfDa8gtbpLyLUUsLqOaCe0VtrQu2edwOMuwHTHBPcZrJ+N+qa94z1MvcTxoEuILKMRLjfIdoEksSjBjZiRuOSQThuMn4ilw9TzTNORqNOlhmpSla0ny6W2SaVk997tJGNWfs4R5lK8Y80paJK3Lorb363tZbdWlHjuLUbcKP3cpZorcqxMS4J4O3dwQDk85yFHqNRNXa6sZ7aWfyYZLdoZW3b97KOFB+8vAzjb2OfVuP1P4W+M/hzZWmq39gmp6dLYi+WW2LPb2wlXI85gCVk6fKcgA9uDXkNl4u1X+2oHuYmS1mkLpbA/u3Ut97GMAjrjbg9D3z6r4UpOq1how/cOMk/tXioaWumtuyX3u/LhPZ4iaq0ZOcVaN000pLljqk11Xa+/o+/sLL/AEmXzZJdiSv5DIGGUYkHAA3YXONpHPc8V9ffA7QZFaaRpXS1YxoI2yDIhJGQTwcgjnPJGc9DXyVpeoW+q6wm0tFGr7hGCNpZj1AXIHPLcD04HFfUUWtTaFpNsllfiKZ4VZ1HylYx1KcE5PzDsRwOc1yZliK+GqYehH+LJxV03zO3LG8k5RspPd3sr9dj6bA4h4eSkubmile71lflV9ZRaT5X3srOzPsCa08JXCyaXeWsM0AWISLcFC7kAbthbjA4Oc8ADHSvFfiH8NfBWtOkOnQWNgtorTRSAR+az43bOOXG4ADIIHHTNfM978T9Tad5EnllFszh5mmO5snIA/vEnkjHqCQK3LDxB4k1mWyv5LhUiBRoSSfmwciMqMFt3OM44A4OTn08Pn+a5dD2klH2MYxuo3u4pxvd2StfRWbTe90d0M1jVbTpqdpLRKKdk0tbrVX++1r3F8U6W/gvwxevZRfa/tGUeXYEVHBx838QK9QqjqMgAAmvmvwjfaPceJgfFaT3FgrgFjna3mYIBDA7lUZAXBwMHFfS/wATm1S60OW2mk5miW48mElRD8o3NIBg7j14Hrnng/JupziCKKKZCqLGT9ojAWR9rEq33gTggZPBLEYUYJr6DJs3lmtCpVnaNSo+WLV79tHundXe6tdXOXE429RJLlXKk7pNXT1to2tUv80973xX8L6LY6jfXPh6ZZI7mBZ7e3SMHy4/lJD7QQSMZGMMADkAqCPnn+xtYa1nv9rp5GXC4K7ieAQpPzE44OBgYbHr7rPqtpHp+663XE8qKYnDgyBQDtUgb8Z53Kx2npg8A8nrWrxXNgiIwinYeVHEFC7sfxPtwpwACwJx0z619RgMXiKcI0nzTUXbnm7Ozatv5dG7/i1xzmrp6K92k7bvWyVrXS6aWuumh5Bo1vFqGr2ltcP5UjyESl2MeNzfwkA4OOCuDu6Eda9C1vw5L4fu47i1KTQSoHEbbCwG0biwU4GdwII7A5ArhxYz2V41+qiQxyNIcqMhmJOQcEcZ44x3JxUsuo6jqMpa4klQFCEcsxVEHy4wegwCB8vQdeuPblz1KlKUJrkStOKet2lfXWK37rt3M5a63tJW2bu7WV1e8bvumt+2j37jVY4ImEkYe5VH3qWygBPysoXoQCRxgjgEcAVjxX0U8V08krwu67QNx2kcFWAGeB/TbnrT7SyNs+6/Jmt71CBJGN3lqAckuTwDwcZxglhkg1OdHgSwmMB3M8vyySSHd5AOBtOCW2dTlgevX5c6qNOnJS5U7pp6Rsn0Tdt3a6freyM04O3M2lfW6Vk3yvXRPXRp6ryWp6/8PJp7DR59TnlIsnja3RjFkzbACQHxyCuAoXv6ZOPUNBn8Nv8APqunubUzRS2hjUAYJyzSDHOSCSSMDoScjd4houuStpEGi3TC307TwDAyAfvpD0LE4ZuW98EDg557DTdbhgshaect0ZHVMsOYUZst8xAAxkDORxgLgrXi51CGIpONOUo3jabi/s6RkknLtfWyb1asEZ8tRtttNNJJ3fKopNWd7rdtq3T1XVePvihZ/aGl0i4jWPS4Gto4kPlu5VdgBChcgYzkADJP1r5L1Lx/q19dSPJIqosrMwAKuwck4Y5BP3jnp685zXsmvfD6S4a91O1uGeIL58YRPMUbgWKOSCDk5Ge4wMEV4BqOj3YvWkuLOWFHy25Bw2wjDYUbQGx24yM4INXkWFy+lTtTXNUT9+U2uZOyXvO7urqzv8jb43rZK65r2VrON7WfR6W02dtza03xDf3d2sKz/Z4JsQlmJCxKW+Zt5xzjJ56jvgLX0H4Y+HHiu/8AD2qaxZXNpfabp9rJeGzF3Gs0kSg7roozb5FU8BE5LLz1Jr5pjiljSB7i1kjgDAh+UMgDEFTwCwGMnAz1Az1r3L4Z/Ej/AIRTWEmeCG802K2kg+y3ZIiXzAUZJVIxMhIyFYHByx5Oa9zEUU481JRcrp7LXVKS0T0avZ9vW534GdCnWiqzvFvlThJq1+Vapq7Vl0e+hU0T4va9olrcWUOp3EUayNHbwkFTFIFYFsjG0Y46jIwcZ4rDm8Q3WqTSS6hfLczTCR43KBiJpDuIB4IJfOWIJJPUEYPTeNdT8Na/9oubHQYbC6XzZ2ubTYtvPLI5bIUheVBAAyAMYDHIK+aWLI6JayREPA27zmGwKCeQc5GSGwMckMBu6is6WGpU7zjSjCpKK5kr3btG6cla+mi3V47lYuvUlJ04VJSpx0hq7WSi3HV2trZWSVtranbaNBKcyLIZJsNuZyUACkkgEkbjtBIXnGewzU9zl4zOZ9zs4UIrAhOSArFckYHHYHIycKScebUpGY2unjzEji3GQ/I8ZCYckAgsWOTk5Hpmp9BttTuZ45obYPboRJLvDOrupG4NwWyxAGAGycYzzXnVoqLnKXuxV7b+T1le219XJvfRbHLGPM4xjzO683r7qbTXa991utra9xpOha/fxxT6Zb3VysDq80mHEUe4jAO8bWX1bnBx1OCfqHQ4tXn0R3uxYR3UEQhupo4gzRQgEJGjbfmlIAJIOAcAncRXlFn4k8a2nha7itLW3hspWLCNIVS5iiX7xBxu8sjI3DpuHrXM6R8QtatES8icw2IuVW4hd2kDlMBgyc/ewVOeQMDIxk/KZhhsRjIVp4eMLxa5Vfnbd01dt7XS20vbU9akqVKKbUrNXlomr7Xb7Ws+j316HtmuaHc2ujw6vbPdXEk5aK5RkZDFGfVWAIXaOGUYzxnoK8A1h7WKa4iaEtDIpWDqXaY4ycjO4qcZzzxgFiTXrHjH4sLqek2lml0LdJoGaRkj8uSNWXBVlUDOT0JGd2OBzXg1je2l5dwm4uw1kFZUbeFIkzwecYHTkHHXjBrLJMNmUKUp4pJuErpNLVRtolZ+7rondXtvdHkYyVOVVqEb67pRt9m6s5SlZtt73uutjj5dRn0uUi6jW1kSXKnBEzIzEcgZJAGPlGc8DkkV29nqWmXDQ3IumnmeBSIig3SEjHlgY+6f4cdAcHIGa7DxFoWhSWcO2wa+uJbfBuPlJicrwwkGA2R91S+eeuDXn4sLDT5LVraN7e4gXcTcnKrtbLBQwwCTxkgYGSQcAj7PDqGMoqpFWlD3JR1vzK1+2iVtFp38/IqzcaiXu68trPeS5brZRV+qT3s/NYOsQKNV8yY/ZolQskS5yocnKBcccZ5A5JHGejW13S7S0uY7Qq0c4KBJM+Y0vAyz4JC5BJOflB78V0niFodUmiktFVpTbkTybQhZQDuVTkANwc45ONvBNed/2fHLFPbwbZJYy0jb1UGMDO4AA8hccYwcfnXVSULRUrWTs1fs01u736tK/VXSslrBpr71bq78tmmn5vbmS13S0y/+EjvppjbgN9mQZCQs2MgnHO4Er0GOcjPJGAdvw9Y32qXZjkSO2Z5FVJJ8R45778Eswz/M7uc2dL8PWrvbXEYZxGpa4EYAWNhk5IHGARyD/Dzjdip9V1u0FxEsAEV1C58wbdqBI+QVVRhjjJBGcnjORzrJwnalSjGTfxaLS1mul7tW3+9OxnUldcqjdt/as7NpaJuN9mna26b8jotUubnw7PJaXYiuisarDE+1yuTy7Yzk8HB5IwOT3m0bxNYX9xDJdxfv7eFgoj+VGA52bcEgjpk7cdMAFq4hXm1rUftFuz3EuxkeKQlyAvyncx/h6AHgchRnGapSQXenSGVbdrZ2laMtKDj5iMhcdVPUHGCvHOK7MLh1Fxd7Si73S396OqXbmevbZPRnJNRSaeklo9W1ypq0vW76vR+rt7foKxSapb3lvM5jkuGAjRtzRIOSCDk85+pwB81ftx+wPq0E/hvxBp8cm1UvQ7wOfmAyoLL1wpAKkkAgn5uMV+EngmS6luIFVCQlzEZFiJy5dsbcAFvlAJxkE/hg/tD+w6sOi+KdWs43mki1DT45Ig0bbMlQzAsTsyCGHU8jBAOcfsOQv2mUzjJ8zvZuzurRgk9dN1Zr111sfWcCSdPO8O1F/ElJrXRJL3lrpo+6vZrz/Ul8rHvVwyqGQKRnb0BwPoRnqPukc5A5seYC/loYuWEuRwR82CAcADOeemSRzW/JKgj2pjk7hlSAozxyR97PGDn+8cjOc2WNVDyCTLD7i53ZJABJyMYz6kgcHsK83F0FKyS2u9rWfLHbZbrWytrfV6P+lKFuaCctLJ6N6WSu0tHbe9uto2TRat7gYQv8wIAQKp29+GGAcsAckLznIAGK2rWZZXTc2whm2gYChRk9W5JHfIyecEHrg2uC8TM/lvj7rAFegOO+PUFe5+hOwIUkdWYMFViCueXY9MDjHHOMggnt1r5rEZXOpK8U4rRaLV/C192v5bntUWoptO70totV7u9r2tv111suu5g8ssoKADGGBLMB976KCSQfvZwe1eA/GJje+H7y3SIyK5dHBypHDDPDDOCN2f4WHPpXrkpeASiHeyZACHnDA5O0AcgevK5HJKkbvH/HyXF7bTRu4iCFjnlQ3yEsMY6j8RknOMkj6zhDKalDHU6s17sbNK7abcle97aaPa+ibvsj5rjDGQeT4mmrXlSlHSd07qOjSW3ZXbtbVdPye8HLe2vxcWyt2KvLfXELpIx+aHzGYbRkDCnPXr8uelfamp2U9latcPMZVAYIi5JjK98E5VQRgEZIyCw618jeG4Y1+PieZJvSLU51Rc4cEg56EKR1J4x+HJ+79YhgntGQRKAeXZiPuhgCwIAzjhie44PoP17CYSnPH0OdRl7WrTspWklZxV2rdbbPR2vqfzDXzXHZbwtxBicI3GtRo4mpTerTqU4Xutr2au0tHsmfbP7BH7N2mfGbwv8AGv4qeI0nlj+EHg+/1Pw8ltL5DHXls5bqB5myhaNVRztYkA4yc186+Gbu3+KdvNPceVY+L7W5uAiEorXEauy+ZKCf3n3cEpu+g/i/Z7/gij4R0nxd8H/2mvB96WebXrebTbeJ2XMgvNHubaDODkgSyKQcEYBPQEV/Op8QNI+If7Pfxx8a+C9Rilt9Q8NeNNXsYfP3JusoryXy9zEA+XNGfk7dCpxX7rkGd062a51w7jud4fC4fLPq8IxvSpQq4WHNOEW+Zt1LuTXdK2mn8f8Agl4vcQ5Pm1PiXNsdXxf9p5pmVKrCpUc4U/quMdFUnDmXIlT5Uou+ictdzv8AX4L/AEPVRHd28st1ZvK8tuUb5vnK+ZAQCcEHIO7JABx2r9M/G/7KWg2v7D2ifGO30W6fxhdr/bs2qQyMZTpshH+jXMWQI/LBxlRx1OFya+ENP8Saf42+y3cn2ZZbi3aGWSTa0lvchDuG4ncQDnAPXtxX7e+DJtb8XfsFaxomnzwak58Kavo5sZ9xuXNljb/Z1lGDJLIFXOUjbnrkdfG4y4UxeGwdGtgaq9jiMVGEZztBcsoq7cm7tydlZrlTfQ/1N8MfFfh7jnH/AFSjXoRqukpVadR0lF+6otXlK7u2m9LJrV3ev8xmqsunXDzMXY3aMduFDnf0A4wGXIBOR904wa+g/g8114cGjePfD2rJa+J/C9/balbNdSNslhRw09pz8kgeIsjr6NyDzjyCXwJq17qNza6ncyWFvZuwu0vYXtr62hDkMWt5gsquANoBUYAAHHT1nTdOtNZ0e28NeD7S51QaQsbXNzarNLcSyFtyxCGFTK8j4ICANkDjnGPjeDMpzejmspVKU6eFjV9nVk0m2nLlk3OLl7k1d76Jpbar9Eznw24ezfhfiqjxNDAwweMwGJpZbHEToOvHEyjalWpXk7KMlzxa7q3n+k/x58L6Dqng3wx+0T4EsQfDPxFtI7PxhBZIslvovjKKJUvA0aZECXEqsyBwoYk45OT87eA/GcmnX2jDLJEl0bNkLlVcythXYfwlQeMDBGDnoa+yP2MtN1q+8IeLfg/4/wDCes6T8KPiBZxxNf61ZXEdv4Z8ZFGGm6nBJcxqLeK4mwJHBCJuPzZC5+QfHfw81P4afFO78C+IIlgutM1Y2rSg4hnSOTNlqELcK8VzDsZZFG0nPJ2jHx3jVwJQxlHHPC06dWvh4+1pyg1U9rh5pSg5WbtVpO9Kot7KL2ld/wCfHg/xdmHDfEuaeH+eYuU3luMqU8BWnK/tMIqqVFqWiklFxcWrpXasuU+kPiv8JZfiB4MaKFF/tNbf7baPGNxlJXeQpB+ZmU4x74PzdPwh+Ifw11mPx1c6RKZdOi+3G2uzcKYxG8L8HyyAWbeCRtG4HhSODX9Nngq90e50zw/5squ1paLa3a78MCEKjuBlgF5wFIPJwAB8a/tK6b8L/hrqTfFO58OW/iK7GoSRQ6dMiyWwupRhJrpCMYjb5i+PlC5GM1/A+BzrG5JmdbAewknCs4JyTTi00veutI3fe6V9mf17muSYTMcDHEzqXUIqWnvOUXFO+7aV24y3+5a+UWvw6vfFP7Lllp+vyRz6/wCALO21PSZU2yTTaZM7KxcZLKdiKQuOOQT2r8+tZ0C9jKGALidGz8oEiZ5LbQfvL35H8XQ8j9Df2IPGM/xX+JPjjR9fTFh4rttS0iw0+3kMmlxKsTyWsdqpwgKFgpUDHynGT1+bfif4U1Hwt4117Qbq1ML6PrF5auNpjeNFuHEa4YEhCm0jd2yM9c/s+XZs6saMp1IuUqMJzSb0k2rq/aLV1fXV/L8zw1CKeIoQhJRp1fcbitYe6+ZPW+vy1absfKKWl1YS5cTB1cxkgF9ww2GXIOcZ5GCRjHTOO5077VPaiOQpgoQjOPmX1HQY6KTludx4HGOh1TT4nzI8bRtG+ckr82RxtzwSQeQAc8nkYNRW4s1jWJiZEjO4skYGW5OCcbiQchhk5OAeeK9+jiXOLUZ8z066JWVrL0dvtWd9U7N518M6S21tfVJK7srJJ+bte9t9ncpQ6ZsCO4ZSwIYbskkccEHJTPzMDjnAJ5BGvDbzJghUVSNpHBOAO4PQn72Mdxz3pYpbSQhlMiKh3EnJJPAA2g+gJ78dq0hdWs5Cr5h2gOcDy2OPmPHGWPUfeJOcc8VtFcytsrpadb2100drdr631e/NB62UbKOita+iWt9O9vloZdzH8jurc7CxUggBcEYUHnqR6DJxnjFcLZ6vBDqwtRIFlEiEKw25VmGeP9noM43cY4Nej38lrJFI+19yRMQQwQEBMDjOCwx6Nwewwa+ONb1jUIfijaW4YrbSMgK5G7YSMseSM8YO0biRg45pzho9V7yitNbaxUte6013d76NO/HiJuE6bX80VbXrKN+idtNl10slv9sP5Nzblo7oJJ5ZaUEKBxwFHQ9cY78ZySDXlniiWWGGFhdSSWmWEjqw+Q5xhvxOMDHU8Etiu6u9C1U+FbjV9MgkeOGze43EMZGCgs+MjBBAOBknI6Hv+avxf/aYudBtp9BgRRdm6MYZTiSJ1IyZVXlcH8DgA47fEZpQzNYv9zOfs2207vV+40mnZK7bXMt2vOy+ko4jDRw0Z1d0mtHqmnFpdN9dtNmt7n3p8I/EF3Y+IpWglMcJlRTKAdxViFztBIHXoefxr9SfBsdw9hFftN51q8B2KZX3hyoJYjPy9iMYGM8DJNfz3/so/E7XfEmuSvqRkuobq7RQFICghvvkkZG3I5HBYjJOCp/a/wAO+Kry10kQs5CRwnywjNhsrn5jjDYXIwx65716uX0q3uqrJtrvo4z0u7u94tW0dk2klotdvb01SUoX5XokrXu2rbpXTTS9Ul2vufEDwlpfi9pECRC4RgElZRvOMqwL4CkoTj73UZPoPBR4I1jwzPLH5ZliEy4csGBXJxyfQDuQcZx0xXfWfxCtn1J7Wa4CyK2E4xzu+YOeRwc9SDzwQRx7LZ2thrtsXcRSSSFMn5QAGHBYYGeTk9T1xwc13YrCTm4yi+VxjvHS9lFWcXfXa6d720as788MTTjNJptuWkkktuWNrLZemmm2llw3gfV9U0u7gNslvJHtVmt5QJQh6sxHIOR0AznGe3PV/FT9mrSP2odJtrfQ9GeDxvbsoh1a1gYpGfuqHCjOwk5LbuBzya0I/B8+nSi7sSjOhBZFTICgBjyNw6Yypxz2J5r60/Za+JVv4C8aWN1qojtLCe4EM7OquqNI5A3owxsJ5JwQBnucD8A8S6eZ4DDYnNcqhKWNwyc1CDdpQVuf3bWlorONtO3b9H4ceFxzWExSi6dSNkmk7zai48t7dXbtbVW2PzQ+EfxH+Mn/AATi+L1r8PviP4c1Cz8J621ss010k407UIC4VtR06R8oZEX5nUHOM5JDYP03/wAFCf2FvD/7TXhnTP2sP2drCDWNQ1XQxN418PaIAJtYcwh1u4oIF+e5U7vPBBc7d2Cev77ftO/sk/Cz9vD4D33hy9hsIvGVrp0194I8W20Uf2iw1NYzLbRrMoDGCaRQkkRbqVOG4z/Pt+w38cviT+xN8eta/Zf/AGinvNO0aLW5dPsRqe7yI3aQw2t/aNOpjksboAMwVioyQRnIH4rlPHONxFF8QZU/Z5zgYN5lgIqyxNCLXtpKnu5QablHfqtEk/bhlGEx06uVYiFkpfuVO0XCad4Rct+V6qLbtdtaaW/CWy8Ny+HbC58AeJtPvdEQx3d1aG+sLi1mj1m13brEvPGuTGwAkZTjGM1/SR/wRj+LH9tfC3VPgj4ycNcImpQaIfODNNYX0Twyrh2w8SkIVBHGBgBuv6oftH/ss/Az46fCfxdYS+AvClrq2v8AhTV9U8OeNrWytY7mw1RrV7lLy0uY0Ulp9oMkbHyyxwCQuT+Jv/BN/wCHV14C1afxTC13qK+DNb1jwxqdxH8hLpcukMgRCGCqIwwI4JIIIxiv37w78VcPxJhauIouVOvg6tFVYOT92d4vbRvVWW9rW1SaPic34JlTVTDVacVTnTqKDaT5ZJJqPNqtE27tXSstUlfL8beEbn4e/ETxr4CvbeSCXQtf1EKzxkFoJJ3mhdDglhskChuAcEjGTjGEUHyFiQQHZWDDc+OAM46Z4AOcZwSDjH3T+3BoVt/wl/gr4l6d5FynjvRWtL9o1Adr3TwVeSbbyJDlVYnr0yRjPwxFaXEswKxgtglVcfIm09FY4y3yg/TjnNf6HZBxBQz7IctzKEuac8PCNW2rhUgoKa00fvR3vd63a2X874LL6uS5njsJUjbkxE4wulflcouKWmrte911tezIZNqqy2yneyj7+WUFjk5buefTJGQxIxWc8avHIbkJ5eWBUbCWYKBk4yQCTnAzgEk5yM7i6VcbJXkYAM2HCSHdxyqrkjGff0J6c1i31rdQTG0WLZHIpYtJuZgp9CvG7rxnOOo4zXTKsk9Lu73bet2k+ZaaXsmlb52PtqMHUgm0re7pv8SSbadlZX/NLsczqnlRxBoGaSUbQhRP9Xub7pIHJyeMnPXJzzVOO1v3iQTWyNGD+9GxRO6n5kbgAY46noFyBkCty6hhtbZ2VHRlIOCgLO2QCQSCQBjI5K5zg8fNUMlzcozRSs8aqVkZm2SFtvCZxnAHBwOAOx5oWIm0opye3VaR9278t1rdbWel2cmJw8ISTb0bbtJbNct3001Svv3sN+0226LzYSxgGMKgG3acBSRnOTwD8x+XPGMjZTUUWGJpIS5Zvk3oMMF4AIGcAcjPPI69M83YOx32pHmSSO22M/Lgqcks5BJAwACRxknB76TQ3EdxENgMrqTh2ZlU4A46qMYJycZOOh6pVHJuL1T0131cW5Lo2uWyTejehztxgk48u66b3cbvT7rW11WupqpcRXE5ZrdkYNiNVH7tuFJ4brk5ByCTjAxkYbNqCwrKGK27M2EQqFXcvpgg5yeDyDyuchsUrc3ZlLSOiKC4kBzgkjACBgCMnrj6YNRapFHIAojZ5kUspLAg7jjOPmG4nbjdt56Ej7wkmm5Wi0tHJJXuo+6rN369E+1rEOtOXvRX3q1r8ullfV6t2tZu55x498YebpN9YOqvE0bW7RQqfOnc/e2gD5lwBuYcEjk9qx/hr8RINF0y2s5bcbLWRkztYNGj87G9HBIznPPGVJzSX+uaJ4U8Z6HrviyC3/sC2m8u6WQBkWRzszLGQRtLMD82FyGHOc1794k+Bem/EMy+LvhRqekxWEenLq+oaVG6JHLA0fmvJBjA3KSeBzu4H3c17eFwGFq4N4idWnzq91dOUW+VO8b3Sd7X0s3rZ3v+P5/4i0sj40wXDuOw2JoU8wpR9hmLpSeEdaU1FUZTtaMrvvZbPVniPxI1hta1fwvdW0cSQQ3i3ZJU5kjicPIWYA7WKAkk5z0AOMjzX4g/tzaNFLe+FfBfhBbjU9Puo7R9TvJSirPCpSRYyDvILLkDBJxjGDhqPxf8W2/gjwleXbXAbVYtml6awYM4umPlzKqJuAIyQMHoMZ6Z8l+G/wACdD1i70DxJ4kjZ9XurxdY8pw0MDqf3gkuRhd7M/3VbgjjjHGNLHZnF1cDlVZUW2lUkkm4qyu07Oza1W1/vv5/iXkXCNbFZbmXEeHpY2rSUZ4WlJrlnOfK1bo11V2l3udX8Mfif4+8f+IdRvdf0ZNKsfP3vPcQSWzzOcsjW/mqpkj64YhvQjnNfUGn62iK8LuLgM2xnKj5QPU8Yxjk+2P4cVyvi3VbM38dvHYQW/2eGO3jaNVjRhEqomzGNwIB5xgcddtYMWqWZkEcIdZ2IDLuATcSBlscYBGMnkepAOPPqQq0VJYio62I5n7SbdnKXNF+9Fq12+++u3T7zIPY1crwiw0FRw3soKjSi+VRpqMeWCj1tGy2et7eXsiXULyqsoOFP7kRNlWyAcnG3fj34JGckZAo6jqk9q4twhWLLOd2GdVVj05xhh0IHOCOwNcFb6vfRzHyTGccFGOQqjgsGboF4OeOnfIqK4vru5LStjcGwjbiycEnB4JxknBIB6k46VgrS1la7srW2sk27q3a2mit5M9iVGpGCcFK+19Ek0lJu+7vdq2luttzr4NUImjdYspGWcNtOSB8xDfLyffJJHy881r38A1CAanBAk86wsXVduNg7EAf6wEcA8EZKhTuA4FrqR7dVHyyKmGYNhcE4YKmfn68jBBHBJwKu6F4ln06+igvEP8AZsu0TNGSGCnGSOPk+XqDwWJI4FZ1KUJW5UrpK7aSvdJNWWtrWfr0smeViamOwsXUjGU2ndpLVpW6pLpd6vY1YJvtRiM6iAx/cXnYSM5GDwGGR1ycZycVHrBhitZZ4cM7ZZWXgDGezDHA7/N2wD96n69caWsiXGn3PlWTsfOmmx5cRIyckcAno2CRnqOOWyJFrFh5VvcQShYGCzQMrq/YA7QQCxzjOTnODjmvKr01HkSabk37107P3b8ujV1t01ejLy/OJ1m3JThvG8tlLRO13q09t+mi3PmvWZrqDW4r7TrhWvUv4UiVySmZZY42ZyqjCICxbnIXJxwTX6//ALePw18BeGP2I/2erm98YeB/DvihrvT9VtJ/BkVveXesahdxLLI2qvEWaC4s3Yl2fawbIJGMV+LXji51Pwx4lKQ6fJdImZWjQM8jozKrmFCMvMwJMYBB3ldoBxX6eftiwfs0+G/2Iv2e/DPh7R/iLoPxI1qLT/E8d54ogvJxq1xdg/2pYeVdEi0towFMJULiNhjIwa+wyGt7DM8gcXWaeMnGcacIyhJexn71Wc5LlppvWym1s0viX6p4eVp/2ypJVJRlGSsopptw3k39nWz0utNj4C/4JU6zrtz/AMFF/CDzX7eJL25udbha7kKvHcxKihZzk8OijoACcEEHGa6f/gu9rqP+1NHNHp0Qks00k7o4WSSbybxfMBJX5oxyN6kqSTySCD5z/wAEpLjwxp//AAUP8F3utw6xo+nQya8tgNNWSVm1J4kEMMmzgxyyAgndgZ217j/wXA0LVvGP7T/hxtNZljvNCs7NVNqUnt5GvtwW5QLuWXGCSRuwQc9qXE/tqmOzlU4Nylk9a80248rxMUrK/ra91Z6Xsj894yoTfiXg6k+VRhPkjTTTfvQlK7aTkrN6dOW+xyPhHVhdaLpF2NP2PcaXprkEBCo+zRDKqAD91dxA5AAPGcjv0ktQqygSsSCZC0o+8SQq4PIxnA9dvPPTyrw3plxZaJomnXd2DdWthZwCQOQHkigiRs44/h4B9uSDiuuSKW2lCl0KlgpLSFlYKcnkAg/Meowe47Z/AaynG+jcYy8l7yUdHHV2fZ9731af6kpScIJauUYuzWiSUbp2u9b9fKyvodfbyskskxQkEjbuIODtA5BJ5K5wu7PYZ6jWikSTZPt3mXGUY/w5xtKKuOc/xA5GOmDXNBbV4VkaWdGbJ+RyEDADBXp8vQ7hgn0Gav2yyQpGYZndpiQGYZAXPVs8AngknAz0wcZ4alZ8qvorXdmlrdWSSbXTTqrL59uFhzSV0vKyu73TSSWjaTs76veyaPTLHUobaKKKO1XcwIZG2SA55zlz9B26gZPfN1q8up42htDtbPJVArL8uSvGQ2OncEjsMCsm3t7iSKJHIyGAeYEjHzDoQPY5A7dBtPG3/Z0znYZCqlh+8G92Lenf5cHGcg578GvGrYlOd1ZWUVu768t03+HZN7dvo6OFlU5U48qbjqklrZaP0e78lY8W1Dw3qmq3chXzZByoWQuFBCtk85GcYI787scVVsvhE+qXMNrcKU3OpdWJb5Sw+aQ88kZXsOjcEYr6WsbDyrcRKn7zzM+YVCsMZyQR94nHAByTkHJrqvD+n+TdSXJZS7sYsuufkHJdQwJAx35wCMV5GKr1K14OVuZJuKVnayS5uultWu9v8Xs4TA0aTjUnLmacZpOPS6k1LRvXS2u+3Yp+Gfh/4BsfDcWl6josU8NuzrI0oWQvIFcNkMMjIJG4YPTnG7D/AAz8H/g7FeyXdtostvLITMo8who2BwXQ5yVzg7QccABc9L+j3EE8Wqxo+9472UAligwCw2IucDg4PTkADPJrTtk+zMj2qAlmQF5OikjLKhwcrkcjGV6dQBXxuZ8L0cTeda8o83O1LVPRK0U3q01fVba3V0fqWXeIFahHD0I4XDtUYxhCXKlJKKSfL52WvR3v5n1x8BJfD/hHU1OkW9woUlXEx3bwXUBzuIBAGOMAk4zlTX1Nr+r2mq3E0hEaoTH5gQYaY91JyBtIPIA6ZxnoPhHwHrKQ39sL5ihfCnyMrxkbSccgAcjk9+gr6ystStrqLy49rxLtLOSobOM7chh8xwM898cnFfk+d8LYZT9n7KPsnU5kpLZ8qu7JO14vXpvfVtn7zwnxnhsVQpVK8mqkIpKPMkkuWN0krLbRNv5bmnf2Wm3GnfZ7aJEiLOHRwhBAB37cgZI459T82DxXzH8bPg34K+IXgXXPC11o1hJ/b9lJY3crLGssZIwLiJ1AZJFI4OQegzgce+3+sRxIYoIuCznDEbQBncC3TJA+p45r40+KfxJ1uwvZra1hEMEjsoIZ1YupYL82BjkDjjI3HPGK8iXC0bU4Yd8ns4RjzKLTi1ZqUbq8X0frrofZZvxjw9Qyus8fh1iYV6Xs50OSM3yyilbrb8Gr+Wv4n/Ev/glFr+ha9t0DxpYvpOo3HnCCdVRbC3ZifLlG7dIyg4BwMjHUjJ7n4A/shfCz9nLx7p3xO+J/xbs7y40WcLoul6NGq+Tfw8LJcYy5TcvUDn5mZs4I+wtZ8W6jqF+brxBqtw1qshG2C5+VVOdqEswAAGc8njvkV4r8UrvwD4ps4tI0Hw+2oasG8hrtA7SAyg7nAyVd34+cElSMqAK8ziDJsyxuX1cvxGZSo4apSdGsowUZSptLmTna6ut7W0urP3r/AM74XE8H5ZnMc2ynJJPF067rUKdeU6kadXmjKDhBNKyeqTulbQ+ofjR+2z4K8PfDLXZfBWtf8Jn4v8S6bc6bpcVk8gk0gyIyCd9gCtIqkn5vmyCCMiv5qPGDa3r2qS39xFqjX99PPcalcXj3Dy3M00rtLJJJISGUZwFzwO2cBv6Hf2Uf2a9Anlafxf4PhGnxM7Q2t2pMvmsdzS+Y2dykZzGem4KMDOP0ih/ZL/Z+1e3jS4+Hfh6SHDI0hsoRON4wcuIyT97IYke2SK/AVxFkPhdXr4TB4CvjXVnGVbExanNtuLaipbxu3e3otGz9GzTJ898R8JQxOYY2ngIU6dqWHUJKCTcXdRSbu1a7fpex/FPb+GZ4tQsRZYlnkZVCZ4RwQSSSQAQSckgADg9ef12+BOrtpnwr1O1vrp47sadfwQRKzBAsluE2sEwUDYxluDz8wAWv2Z8T/wDBOL9nbWhnS/CdppO92Yz2zPFIkjkEMhAGAwOT8wXqCMc1BpP/AATy+Fvh60mtbWXUVguLdIXi85pBncecsSxznJyMjgnH8X534g+MeS8RYOjRqYHG05YfE066TpRnDmpuLbTum99NFreyPqfDrw+nwniq2IeYUJyrUpUm0pK3NFLmTcd01a/ntY4T/gnn4emsPhkur37fvdQv7lolfIfycnby2NwHHPQcgcnFfp3p8cM0aeYgduAeFBBHPPADdOMbsHkjGa8m+Hnwl0zwLoNh4e0VVisdNULbh2bfgdWkB6jHAyDjvnFex6fpRjIJmO1SQEDZBYFhnOSCoBPBAGMkbl5P8M8U1sVnfEWaZmsLUp4fFYqdWlB6RUZSjyya6NRjoldbvuftdevSp4OlQjiHJ04RjzK7TaSTu+ZWfRLfR30TRJNpcDxOdig+hUZ65HAGAo74A7kYPTyrxf4StL+CZNihQFycMpIzyFYKMg44AGcjB4DV7okEUYzJliCQBuyOB1/iO45OQT6A+gzbu1tWjkIXOTuZZMY5YFsYPVv7oGOB1zXTkuHr4bEYecITTVSDte1leFrJX0Xy21WuvifWuaMoNylFxa6r7Ks0mu/RNpX67r+Wn9qqC00H4/eMLF5UUR+KNFure3lLKnlLHGXclsArgHJHdsY3Yx+ffi7xT+0VN8S/HN78O5r59C1PVFFisYEtuFt4whEJYsMZQ/MCckHBz1+9v+CrITS/2lNUjsk8h7/RrW5Cxbox5iAEyBl2ncQAAcHkcHtXmXwCR7jwPo0jI8kpmuS8rEmR23s2STkseeuTuHrzj/dfwNxdb/UnhvFU6lSlVnk2Fu4ScW17KEZ6t9Lvra/3n8H+KGBhj+I8fg3KVPkxlWTlFJuXPLS6tvabei0ei0Vj481Xx7+1lpUkV9eaTq95LbbQ5NokqYXhtigEEDJAPB7kZxn2X4FftU+JdF8Wv4Y+MHh+503wv4lVbO5u9VikhghubgAeYwdFiRHL44OQxJJBBx93XEdvawQmZMrwz+YEO5mwucPnk4zkc9Sc5NfGv7U2k2Gt/DvxCXtIhJZobq2uEiSOaKSEFk2SIA4KsuQVOVbbg5xX7rheKsxw+Jg3ia1WNGUZclWXMpNWWqvrdKya7dj84nw88opzxNLGym4x5505pe8lFaNJvdWV2r9D658J+JtR/Zj8XReLNBB8R/B/xhII9e0Nybm0hsbx/wB5KkJBjwYWco4DKQABkgA9R8c/hJo2kWmn/Hz4Kxrrfwp8UOt1qFrZqLqTwtqE5DTQzxRhpIIA5JKsqom32IH5wfsfftPaT4y0FPgT8Ur1Jb025tPD+oXb4W4tANqWcjMf+PiPA8liQThQMnAr7D+Hfxg8Qfsm+Nr7w1rsE3if4J+MybXWtCuQbm3jtLskSXVtE4dI5oVYsQu3IGeDk1+sUM0yPjfKnleaUqVSpyJKFVRU0mo6xl0lFt2v0dm7anx2aYT2sY5jlk2uVp1YQduRpxduXpFPs9Nutjm7LVPEOpCSbS9KsLuEYdJolRpir9B8oJDfNyMADJAGABWi+maze2N1aa74QjlW4iMbO0asCj/KHIwcspOT1IPUY4PbfG74Xat4A0yD45/s7akvij4VeIw13La2ZN1P4ckuCGmt7y2UP5aRltuSoICsOAK+YJP2mfFa2USXukw3HkkbpbeVg7uSSylRjBJzkfdPOQeRX4NxH4CVcPiKmOyFRcJS54JT5JbqydnbmWidnZW2Znh+I1TiqONnO/KrXS5ZL3bR2SutmvTZanMWh8c/s3/EG1+IngyGW1jLqZra3ZxbXlsZAZbS7iQcl04RsZViMH1/ok/Zl+Pfh748+BNJ1zTGa3voFSHWNLl4vNPvAo8zET4bynYHaQuNpGehI/mz8T/tDQaqjtqmhXLRMxDW6vuCMvIYKSCTnggrjHbFeq/BP9tfTvh/rmm6vomm3ei3lpNBFe2saldP1SxQgO1xCg8s3GzO1mQnP3j8xB8bAriLhipSoYzDVKtF2VSe/LBcqbdr7W1et7W3Ps+FM8wOIqSoSxUacb3hTndRuuVON/eT02v2sldI/qHmtXM0k9uphuY1DIVIAm8ogq+TjJK84J5BAxnr2PhfxW5kkiuLj9/cxmMISQEnUYwV/gDbcE9Djd1xnwD4G/Gzwd8cfB9p4h8Marb3YuoFN3CGH2jTrxlUy28653qA+cNtUbe+MivUbnTXsr+G+tkG/aYpYyNquSCokXjqO5xx0PbP6LgcfTxNOm07cyi1J3vf3bwdldJX6u9u1z72pSpVVe6ldJRemlltqlaLVtdNbWTe+b8a/hrb+PNJt9f01ksfFWm7jbXUKgmYRYP2eZh8zq6hVXdu55APAr5T0zU49Wt7nQtct2s9a08PazQTAo8zqxXzohxuU7cjBOA3fFfYumeJFhkNjcuyzLNtljkPDKzHGC2BuAPOSRjHPY+J/FXwPaa7qB1TRiLDXYN09tPApUXRxkRyFMBuykHsRnJ4PfzKMU1aMtEmvldK12k23rbR7dzz1JU+aErJXSimm1ZKF1sk1q+ml7rQ+VtcsLrT55ZrZZN8EoDrlseUoBVhgfMBgDnH3QTwCa67RtQh1i2B37CYvL4wQJBtU5CnAOQc5x3GQcVW1JrxZ/sV9C8d5EphukkXY7SEn97HwC4J5x0HJIx14d/tXh678+LedPkkJuY8EGFsgbwFzgjJAOBnBxkLmrlUlOMGrOUbatNN6rveztt66pbnnuUlOUZQtG+7Vt1F6XTVnf3XfV6evEfFv4TNdu3jHw+qweINPDSXcUShYdVhUgvFIgIDuAMHIzk7sjOBy/witvt2u2l1aQmJZLDV4tS075VeyuPszCQFcnC5zt+X1CjGMfRUuqx6lZeW048qdGAdckqWUgHJOdxXGQMdMnkivPf+EW1HwhrMPjbw5Zm8e189tQ05FeOPVIJYSsjLgFS655wCcjlic5+3yfiWthsOsBiZN0asUrSesHaOmr0TWqtta1nZHwnEfDlPFU6uKwlO1RpucYx13Taav5NJrVWStsfyw/tOJFL8VfFoiOVt9Z1eE4ADKVu5vXABJ9u5JXvXpfwU+Fs//CI2XiCAtcJq7MTJGQRE8RYmCQhs5I6biDggdiSz9o7wPrN/8TvF+q/2fLZLfeI7+6NlLEUkgjuZZJCmwYZlUuQp5Y45GcY/Vz/gnj8DtK8W/AnxBpmvWnmG7vrifSbzZ+90+6iTI37sFE34DDAyPTHP5nnklVxteUbqM6rs9bLVNPRre9rrte9tD5fhXKK1bHSozhapSpy30tKPJ+dpR/E+fvhb8WX8Fzr4S8WCe80C5dYrW6lJaXSJGO04Lbj5WSfbuAK+if2krfw/dfA+e+0m/t7wRT2VxbXsZSTdHKVUoZVywz0KcngAgcmuA+KnwK1Dwzq+pWOqaa8dxbvKYpgpSO+tz0kgIAUkLgnB3e4AG35Y8SjxRo3hzV9AW8urnwzPAZI7W4aQxWk8ZLAtuYqNpzxjHHOO/wA/Sk6dSVJpPmait7q9k72s9Xe7u+yu72+rzPFTwuAxmHrRTapyUW1aSenK1s+9+79daOj6teIkCxG1uoI7aMBJAqtnaCwHBwR7njDccV2MPjS2tJUN3pd1AAq+YYGMsZQN8wVD9w4GFKqTkkgg4r530zxE1jHFFMN5WNfmXqQcbm3jGSQT1Ocgd8GuwtfElnKschnZGztYPlwRwAoyOR9QeO3AFe8sHNxTS3Saab0u46bq1k9bvz3Pw18SQhVcJyV4SSamluml9p7XtZPu9NmfYD+JvhBqPha5utL1HUtN8RtZr/olwzI1xMAMovVQrEK2QePug8E1wHheW9vZWNpqBuPM+UWSXQd2wQDn5wePu7ufVTxivFnvLG5BkeOKXzFCq6kI4U9T/dXrnrz0zzVSyij0+9juNKvr2zlTB/dyMPLG4NzgjIDHGM45GR0Bxp0MfhZc+GxNelO91apK+tl7qTjpp5vXe602xGYZNmUVDHYLBYmDSTjUpU2rPlu7STV7a9bW6W1+qn1zW9Bd0WfV9KkRxtYzO1uGycMwDAEAjOeg9+cejaJ8fviRobWr2muTXjwEMk1vcmKdUQ5OWUqz4GAAwGPzB+V/+Ez8QtFGs19HewoQDFdRhnZM5+YYOMgnHUAc/LV4eI7GVRNc6ZLbSsNvmWUpGe4zGCBxjkAH/axivqcu4x4uyn2XscwrSjGytKpKSafJdOLeuvdNXelr6/m/EnhH4TcXwqU8z4byyarK0ubDUIu2ivGUVeNnq7Na9j9b/hl/wUz+LHg5YLeXxRqEgt5I3Wz1NWltwVK7juGTg454BB6HJyeX+Mn7bGofGj9r/wDZv+MvjSxgTSfhxqFgLy609jsuLeOSNpn2HmMoRuO/C9VHByPy3fXLHaHTUZ7edwPkvIgY8bfl+fGQfvD2+UjJxSNr0kctsV1KyZ54ysMZYB5QDwFVsYzzll+buRnBPrYvj3G4+FOGYYSjJwrU6lSrTpQpzqcsoycZNLW77u/q3Z/n+WfRT4CyLGY3M+FsRWwFbF4DFYOGHeKq1MJQ+s0XSU4UJzcIyhz80WlZPpq0f6GPww/b9/Z5+JNjZXNt44sLFpordI4Lq5ijlh/dquZPmU8ng85DZJ719Y6N498DeKYU/sfxXoOtW7DdsivLS4LqQPlUGRjkZOMnOCfcV/m3+GvHnifRIIprSa6t5Bws9rJMY1Gcg7RhTjvjGACTivobwZ+1h8W/CQaXSfGWs2yKcpHb3s1tNkZPy5ZQBx0BOMkAc16FHOuG8ZKLlVxOXzktUmqlNS01WqkldLvp3Ssfl+Y+EHjNwzSlSwCyXirAw0hz82FxTp3tGMkuenJ8qWtlfe3U/wBALxP8M/Afja2P9oeGdB1KJ1Km4udNtXlUFdoKsFOQOgwTgYPQ5r5C+JX7Avwi8TwPcWuiW9tLsZVl08vZtEz5y7RQ/ewSOD0HX5ev8vvw6/4K2/tFeCYrbd431ae3ttqC11OJb1HUMNweV9xC7QQW5ODnP3a/Rz4Yf8F172SO2Txv4c0fVP3AWSSyuDBOXAALPGwVPQhSe+OOK+gwmJqUVH+y86weLhu6OJqcja91WcKt6e/nd/PX8yzPKeJ8LKa4i4Lz/KK6snjMmVSrCm1ZuUXhbTs9be49Lu57B8af+Cbc/hvwxrfiPQNfvruHSNPuL+PTIrP7VLciNWfyI2KmQyggKq5Uj6Nivx/g8AarqmrpbXWga3YJLevayrLpkw1CIRPsLi3ijy6YBcNtJ5w3av3s8G/8Fgf2cvGtstprEs/hy5nLLcJqCLJYqsmc5K53A85LenJ4Ar27wP8AHX9kzxrrtn4i07XfAlzfQK7wzQwWC3AZj83mRyqhOclSArFcnpXdiMFicwpuvicsoynH3m8GoJSSUW0407631cttLvozzsq8VM34RxCweFzrNqtGq4xSz+OKpyw8uZJqM61OzglupNvZ3s2z+eLXfgPo9pZm50/xnaR38YCf2brOn3dldl/l3AGWKNdpJAG4kZ7g5r4w/aW+HWqeGPBP2rWIrc2WoanBbRy2l1FKjsXH3kjdjGQCM7wvVSc4Wv7ctT8I/s7fEy0W91fRfBWvRShG3xafYwz84KASRDcTyDjr646H8Af+C1fwM+Evwr+CXhvXvhxp1tpGp6t4sgivY7a7eeOSGSVRGyQs2yF4x0KgZBxj0+cqYTA11LDOhisNVb+1FKCtZ/E3zWsrddWum/7hlfi9xTTngqn1vKsywtdxjP2Er117RJxcVFyd+bdXtZN20Py88G/ArxsfB/h/VYNGkm0260mG5s7i0Mbs9sUyGcbs5DAgjB5GR0FUrzwRrNsxS8067gEQIxc2UqZ2nu2za3oCOOAR0FfsX+zR+z5rmsfBL4ZeINN8QOqX3hKznW3eNpokZx90ABxjnk46k5JBwPUtW+AviyGCaPUtH0vWo2BGGgCStnIG3cgK4zlSP4iTgjNfsWG8MuHMZl2DTzJUMTOhSlKMnDWTp05Ws+i6q/TY/h/Mvp7+KPD3E2eYTE8JQx2XYLNcXh6FWjGtGUqFHESgm0lJN8sdbXXfdn4AS+H7hWaQQOVQkARqXAOOynJB/hA2nBPzYxXL3lhOqSo6bdrcF4cdSTwdoG30YcA8c81+1fjD9m7QZIGOpeBdW0yVlwbnSzKqKCfvFUwpPAz3I69Ca+P/AIkfs9Wmg6bqV/p/iO9tYba1uLrydTsPMLGNeLcyBWJYAYGccgDJGVPi5p4LY+MZVstxNHFUVDm1koz5Vybcra9etz9t8Pv2jvCWc4rC5VxTkuZZLjq9WnSjJ03Vpc0nGOrilJLV6uNreuv55TWDsHWKUxyYAO4MqlSQSSMAMCOM54HOcjNY9zpEcqmO/wBOsrxCTxc20Mgb0yVGcgfTPXBINb8msrFO63VhcRW8bEC+ZozbuXbaoCMwdQxAVAVUgAEjGBW//Z5khWeItGxUERzJhcOAQuSAvQryCepA45r8hx/COZYWvUpTws4zg7PlTasra3W97X31162Z/fGR+KvCeeYXC4rC5thZwxEFOHNVhCTuoO1pSV2r6p2+8+f9a+E3gvWFd73w5BGzgkPZO0TJkkZ2pgZGTnjAI78GvLNV/Z08JXL+Zp9/qenkKRFHMiyRk9fmyAVx0yAOgJ9K+xLrTZNrZt2b5QC0RHPODgKSMZYg8dCOCDxQmtYDiIiQYADI4IfAHLAggbM55z1BHXJPzuIynGYZ35JO1m7pq1rXTuld6Nve7XTW33GGzfKMco8lalUTStJSWvwtap662Wt9mk+h83fDX4V6p4Bg1U2Uz69FczebJ5MeZIFxjayMATxx6A+3X0P+1LNneG9BtmUjcJo2idWHVWYAAc4Pf0bgkV7l4Xkt9Mk1CNAIvOgVl+VTkjjrzlgOMen3sHGaereHdP1CTdJBbSzTZdX8pcjJO5WwGy3PzE8Dpjufjsbi6lKrKnOPM7+9ttaK6+vS3oj7zLsJGWEpuhK8XZK2l7pb3eunlurux48k0vmB9Pv0iBB2lZ3XJPAUqWwcHGFOeT25q8PE/iK0ystzFP5ZAjMi54HBG4ZIzxk9STnJwK2NS8FwCTCwiMozENbsUIUAg8KOuRntkA8DIqtD8ONRvbV7m2v5oB8oWKQ7wMgYBBORnqxAODnGOBXP9Yw9SnaSV0mtYq9rJ+SdttLb9Tshh8QlK92v5Xo7JR3s76OzT112e13p45usKbrTw7IgPmRZyScgEDnaSfquc8gcrp23i3RrklZnaGUlS32hcBGOOhHQc4I/HjiubufBHim0DIqR3a7AweMbJDw3BOFznrjPLfeBINYp0nV4fMW+0q4OByVj8z7vUksc4I5OMgdQSTml7LC1YJxko7OydtbRWz26rXXbsEalWHNFpt32t3Svdb300teyZ7HaarpVy25biEGPAVFkUKQRgsBuG4kHHIyMgqeCRbE0akyRP8pyYySNoPQAhc9DnsPlI4618/7IkkBEb27knbnzItrDoTgY3A4B5wMkAHBzdtZdSiLPDfyYQ7gDMzrknhSp6DjjaCOuQGznJ4KMowcHGS76be7q9Wl1W1t7mkMQuVqUWtLOVnrbksm2mr9np6rU9tW6lM3BVQ0qq4Iw5+YlsA4Az7Hj8q/Kb9qEBvjP4mYEFW0uy3ZHQKpJA4GeB78+hzj74TxB4it2MhEd20JWRF2kEHPJLEfODgY65BJI9Pz8+P11PqvxO1i+uIUhmuNLtSyZG0EDBOeOvcADr64FZyo+ycItqz0b3dtOvdtre17+ZzYiupR5Yq6Tvq10WqTa0bu+i87HxRq7FdSulBJXzOee3YHPPQYJ69/cc8xK3SkdFYhxn7y8ccHBB7Ecjk8cV1WsQj+0roBc/vFGQfmGcgdDkg/N3HB+XpxzbW8yySMY9oZsDqc4Gc4A4IAU89OcE4y3vU1B0ad3ZP41u9Fba99dFvb5I+LxLf1jmira3Tvbtp6X7O+mr6Hvfwx+IWu6BeLZ2ly01iYwsljO5ZCjED9w2SAx7H7w7EgnH0MthpfxF1O2S5FvpWpNDmP7RhEZ+iAyYXzASPmDYwefXHyN4EsGXU4biWInaF53HHLHHO0Y25Py8+/pXqWr+Km06a3tcMqAzATq5SdVX5kCMDngtwwJG5eMdairTi6kYxXu3TevLs07aXv+K3Z0xxnLRTqtSu0lsrctrpLu9nZNdnZM6vxl8EdRsjLBcQmGUGR4Jly9rdIckPFIcjnIJyemQckYHlfhzwtf6Brk0OoRyoVtnQSEAxk4GCrd8dgOmQK9H8E/tR3egT/2T4nsl8U+HUcweTdgPe2sO/aWt5ipaRlUZG4gAgDjJNes+K/Ffww8W6Nb6n4Ku41vZZlZ9Ju02X1rEygOoIADKhzuIPXrnk061Cp7KpL3lTUUkm90+V3v1102vZ7droVaFWUHCVpX2vdu7VtdfTS92r2PHLQASgl9iiSMIpIPzZznrkbsZwT646DP1ZoLbNOtt6gA2xBGerGIcAD5duQucHAOOjHj5Zl03zSZElaMi4ByM846DGcjnvj1wemPofwoL2HSLWCdmmmSGUxMrYAGCQvPJJHIyM44Hv41NRUop2veLXvXTfVXktLJqzdtktT2aFRqdrPo1vy2ulpdJXfe/pZHnn7RU5Ok+DAoPz6HeoyqTkHz3wOMH5c4Y+mAc818GtrGp6Fdrqml3txp+o208Ztru2nkjlRkwRloypYFuWGeQeeRz90fHyGX+zPBj7Th9GvCC5PUTu2ABkbc4GBznj0r4L1uJlCkjh7gd8hioGdvfntjIxxk817lKlz4eLcVpZJXs9oq/bqrLR9G0jxsdVksQ3GTTbV39q1k1a6tvpb5o+1fht+2JaajZQ+DvjjoFp4l0hwttH4iihUahaqw2B5gEIfauTvGCcY45A9V1n4H+FfFmnN4q+DXiG11rTnT7R/ZYlDXdur/ADNEYs+apXO0grtGAB1XP5WmNjdMCDjeMYbocHIIHpznAJ9uufqr4NSeLtEuIdV8L6ndaQVwx2zulvPt5aKeIkowYAjByBnAya55S9nOMr3V0nFK8vs9G0n6apa2VnplLFUpwdPFx5oWS59mnp97W/Rp9Oi3tT0jV9FuJrHWLK6s7iNiSk8TRszDcCQ7AZ5HC8ZPHPWqGkwm41ezWWLfD5iPI5B3EKyqWOD14weQD/s4Ffaml/ETwH8QY4vD/wAU9OtLTVCBAmv2ka4WRlKh5iBldrckjcoPJ+XryvjP9nXxJoKr4n8C3MHi7wyzEibTis8sUTAtslVCzJhchiRkEDjHB9jLMRCpioRk3D3laM7av3ervezWi0eqS3SXxvEuTVXluJxOVyWJ/dSfJF/vI3UX8KveyelrW7WKE+uWlto01lDGHc27NGW27kTyiAc8tyeOPpnBr5I0VnXxFdSnIJkuWLE4GS3098E4G3kYHIHot7q97bC4tZ4Da3ke9JYZeJUQDgMCAwKkj5cDBA98+aeGnkn12fcplZFmdowMKQ+T8p6MCevAx29a+ix9SMqtGMWraL3U0re7one6t1u9WrO2x+XcK0MXh8PjvrEJxn0hJcqVpK9k+tlra/kWZz5t1cEhVJkdgykFSQeQVJ4JySSOO3cA6WjOXuIVDhW8wkOOPuttAI4BAGWIJxkdecVkXKyNLcBIimJG2sQOgPQ9x0AGMAjrjgG9pbvEY92QRkqSpBJD9GyBzj5gVI49SeJha22u19tLx++3RJ9ba6noVZtx5pJpJLXVXb5Wr2s9lZLytZa2668Mp1E4LFQEDOSw2DIPmKyhcE442jPtjFet6P8AEzxd4OjMFtqTatpbIkbaTqjPc2bhgAwTzN3lkqOApDAjIbrXkb+a8vnNguSoKrltydzgdRyMKTgEYweo6m4tpdRjSMxOGSNG3KNqnYOpHQ9toHJ6ZHIq5Qpzi1UgpN2aul0a1TsnpbdNa27HJTznEYCrTnhsRKlbVw5nyyiuWya72tvZO7R9M+GdK+HPxssdU09HTwF4iOnvJNCxH9nXUrISBE7YClyAygkjBwMdvjPxv8BvFGkaZqdha3Gn6nGNReGGe2uUZpCshVV2ggAlQMdtvdgRXcpqOr+FrDU5bSE/6Za+UC334yVO1gSuVKkdc9jyTxXyLrXjTxTYNLNBrt+spvjLJEty7RrJ5hKsVJAI4ycYOODXzmYqWGrRjJznTcU6cXe8WnZx5nd27b27rp+pcNZvh84wkq9TDxhiacuSrOKUVUVk1NuOrb32bW/e3a/8Kh+Iemwxeb4TvZUVCUkihdxJnHQBQmMfMAGzj65ritT8PeIbJmF/oWqWxRgpMlnPtVQdoAcpt6jqAef09o8HftNfE7TbW2SW9ttWtkAj8q5iQNhMD5mILA4HHOOGAGSRXrWnftgpOy2fijwFpGqRBy0rrEjMQDhwd6AMRyRjOe1cn1mj8Kg0tPeu7/Zb0s9dNGuq3sz6KphsPUafPyt2tezT2Ts3rfRq2ve2lj4ZcFQ29HVlkxiZXXp2AIySOQC2Pm4yCBSZcqxVSAwAZSRznGDwcn7397p1yAK/QJvjl+zT4m3r4k+HjaW0hwZLe2iCFs8kNHggMzE8c45H3eD/AIRf9kjxgF/s/wAQPoM0p2iB3cOCRgffIXueCSBjAAxWirUeb4tH1dtFoujv1fTRXa1OSWWq94Vuisnre7Vr67a6/fY/PtlckIEfaV5BAwGwcknPBGTuOeM/XNPU4WNhcb8hlhIAUDHGRkkDvnHHBHpzn9Bn/Zh8B6sGl8K/EexlVnykU81sDt4P/LSTJGMfdBK4AzxXA+M/2WfGemaNeXel3thrkAQgraHfO4PAKbDtPbp04OTgCqvS0tKLbs1a19XFL8+/nuc1PL8RTr05OKlFSWsWv5k7NXTu29NtE9Wz4m0o/wCjWoZiMKdo25LAFuMY5J4x2yBnnArejkRgMgZU7TkjBLdSMDOQOpB6gDPOT6sfgX8UNHsobiXwtdTxMo2NFErEq3IygAKtzgdD90c5rjtQ0LxPpRkS+8MX0BiGS8llKe5ySQm1c8ZJI3EDBOSaIK0Ypyi3a99He6+JrW17s4sfgMRUrOqoO0muXTde7vZ30srLa79Tn1cFlU9Bn+EfwjnJ56Hoe/quakDkMuSSRyDgYxz26EjJG7JO3GCflzXOowxSbrixeLYGUjDIwDDGCGxgZ6jA5HHUmnjUtPYqfKlU8soDDGP1O0ggZ5znr2GkZLW+llo7Wd3a2ml9Hez3vuzyp4HFJ+9B3VuVX5d2vx301vv0TJl+9tK4U7mBzkcg5H498jOT6chx5BwoLAYDHH3e47kg4GecZyCDxVdrvT3PE7IGzkOpx2wpxggAD8uTlanaWHaNtxEcIG52jvx1+ZW288lfX2p82zTdnpva229na1r2snd9LK5h7GvGTi6crJK7e3S+l+zSXXy1snBQNoOe+dw5JBxweTyORnHpj1sxIhxuY5TJX5iMBhjJwDk45IB6jHI6URuG1xhh2AdWyc4A655x8vTjkNzgS7nOcAjruYg5JIxwSSSeM89evGcknKTSTutFpJJ9EtNXv5Wd33Cnzwmnydklq7pOPVK3TTv03RyPi4DfYSIyHE4XII3ZypOe2eOQPyzyeqspMwxh2w5RMMeOCMjOOMEYGGbjOCOpHJ+KwwWxII4mCj0LBu+Oc5HOBgnjnNdBZTMYE+TOETJYBQflBwGGTg4JCgEcnsK5KMIznOLXNs9dXoo6a2s77uztp52+gq1qkcLhpXcXqmtU9FHz300u23fdbm+LplGFYsMENkK3IOcZBztPQ988YOSS9boFi0icAgqV+U/xfLhsknoTkDrnoBWUGYujHhfvbRzuI7EZwST0PB47YqYFWwQG+VskHP3jzjrjJ79QR9SK1dGK6JOyfk9tldNfft0Tuzkhj8VF6yTWlk9dNLJWWvVO7unprqaTXELtxHtAPzNwCenOAAMc8DpyOSMEvj+zOchimQCxJAzwcspI4wOcZz1I5ORjNkyDHC7s8jGfbgBeMc4GT65xmUMSSSCpTnB+6xGBnaOBn0APQZ7VPsVJO/fTTXou7v089U+mnRTzepzJTgrNJWSte7S3Wq1vv3fc15IIyfllGG+6w2gjHc4O7pjPUjnNPjhljCNHeSodp5iZvvHoMg45xgHHPfjrisWPzZBBG9eCoXJxkkY4PY4Yfe5U9bsNxLGFw4wwwSMc9OgJO3r97ueOelQ8Kvs2bVtE9721u1a2r2Wmm252wziKUVK6ulpe6SfKk7O17dOj1e5vW+p+I7ZiLXV7lVVTtDSOQ2FGcKxA43Yx2J9ciqmo/E/xhojWJaYTLHLtAOBuc553qSR6k4J6EY+4a630iAAsG4wFcbgfTBGRzg5JI6YxXAeL7nzFtG24P2gFwGJyd2cjp8vscZ9MiuepSnCDaUla1tb2+FrffdJ30387+hRx8a0oxhUs3qlfV/D/ANvaO+r0srvc920v4860qpHe2ySo+CyNGJcDhiVdzuwccYHoOBkj0LSvjxo5j8u6sGiKkfMIlGwkkYABySOegz0xhQTXyZaSpII3eEnGCdueuMA+gJ6En3zj7w1hBbyFdwZMncdzHIHQDCnocDIJyvT5uCZUKy5dWtNEpO6V1pZWet91t9xtLMqkJOLktH1l0bja672d3tpe2p9v6d8bdDuPKVZIQE+ZSLue2k7L91SACScnBwM5HFek6d8YLNYwLLU9StfM4cRXcd1DwMAlJGLA+u4c44wck/m21tEj4jmwXOAOc52juclQffB46k1etWurYkRXUqMBklJHwedygf3h1Gf4hnPGM6RnXi7pzWvVt2212u9ur6ff1UszptrmjB2tva9mo3u7bfNPqfqA3j6DU4yl2+g6wu1VSHU7GJpWHJwxAIyC2WycAHqAADi31v4D1Ry2qfD7RpNwG+bTGiiZlzksAgBXjkAKWBwvavzvt/EOu2zMyX9wwAXAEzjAxwSQeSemCDwSD1rctfiT4ns3VUuZdq7QpU8gcbsOSQRx14A5PJzVfWsRC6Urq68trbvX8dG/K6N418HUa9pSj5OyXa+n+Vm7X6n19ffDX4IarKzNZatoZdh3d40Y4z22hR1689+uKzdP/Z/+HlrrWn654f8AGkSSadN9rS3u1iVpgoBeIM5LF224Gcc9MnGPAdP+MerRu0d2XuARk70RlGCeMnrwBk98cDiukt/iNp+uvY2MdmY9Qnul2yxgIobOMHy8YUjsRz1GTg1vDM8RC0XFTTtduzf2VZby16NX/MTo4Kor01ZrVKy8reTW3+bJfi1fW0njCOXS51c27JG5XPyyLglmC8MemTljyPXNS6Z4v12yWFw0Ui7tp3JnIBPLDAIJ9Rjr2NcBr6u+t6gzlcrcxg8AsDk5wCOcjPzccA9O/aabEk6IgQFVjUsSSHORg4Y9eDgduM5HacVX5+SSW8U+XRpbXstruz7K9/lGD541KiVlrbS3Wys97La+zu7WPR7X4p3agJPp8EkIwGY5DLuPOCR1I5VgBg8ZAAz1lt8SdInVGmtXhCvtOz5wxHC5DE5UEH5u+M8nmvJTpasGjEY2YV9jMB0AOQe564PfI4xzTP7Hd4lWDIbJZhnCqMn5SASQBjgHjnqQa4XUUkmmrLorK1uVa6JrW8b6X8z04TrRTXNpvdrVJ2+em2tj6ATxn4cvCFNzGCwjOx1AVH+UE5IwMA56gc5A6GuptLnSZVRra+tZXbAIDJt2AYC4JBHodoJw35fLEuiXKbgRIV2YQqzZZj2POTzn0HX3pottRgCxI0sTDlWSR0PsCRjGOnoOcg9m3G0W23e1kndtu2mnpfvfVNalQxNZN+65arbTm28rvS/X5t3PrIW9o6mRGUtz8qqrDC9DgZXGfmyecZGO1c9qNl5sTyFFh+cDzQufMIzjgAjAznqBxxgDB+f49Z8Q6Yx2XN1uQLkMzOoLctnDcAjjHGB071pweP8AxLbIRO8V1GG2rHKpIB4OeOmfugHgDJJ67XKSVlZ3aer205ddvea++/br0rEtK04STtG/k/du2t9Er9Hq7bXOm1DT/neMuTMZCcjhdmdxweMg8dtvXGQBXknjaMx2RTG8mRiRgYTqCQR24ABBx+dd5/wsTzHKX2mRM2GDNF3GDgAbV3Yz6nHPB4x534q8Q6fqkEkib4HjXZGjDahJByvH1OMjHfk9Lg1K63vZPtpyy17W6L5rucuKq05wbTSlpp72uz7PXRJ26vrudV8LyYvhxqxSPhzqIZiwySV+Vc8gMeOQBkEr3yPzZ8QBjrWpZBGbyY854zIw685BIOD3A46V+kXwymhX4Z6wpJaSP7c/lgNswVO4nK44B7nIYnHAr8+PEGnTy6xfvHFIwed2GFwp3SEBRxzx1wOCThuOKxUObC07XaT1ta+vLe/zX3fI8ibS5bu2mis3q9NNfXW21kt9eOC8txnGAOcHn07HA/p60fKOi88Y+brn6E+ox6jPPGK130qeJSHikG08qUY5JOADkDBAA6kjgc+siaRcXAPkxM7EAY4GcMcjtyPUd8D1B8jla3Tvr030T1121tpr+CJTvtqvx0/y6+qMoNjLZ+524ycjjAzx9cdR60BnJGMhDkEA9ARwD156ei5zwMsTvyaFdRkMYJAMAnKBuT8uSefXoeDgjn+LJNrMj/vFZPvYGCDnjjB2qW756YJBJC5WWmnbzfR6vTTVX07eY0mndP3mlezfZadCFWYkEMRgdcspGADwMHdjAA7jtnrVq3upoWyk7ptY5LMRjk/KMHO08ADpwT6CmSxmPDcjgDBCkNzjAzgDJAx0JwM4+9UagkElcHJAJIU5PXgnPJHU8Kedw5NS0uqT/wC3b62T7eib6Wt5D5pLWLcba6drx7+fm+61WnWWfiW9tHV/NdwqAKG5OSOMMx9hxnGCcgk11mm/ESeKVPtUatFu+Yxg7iozjkkHOcZbBIGR8oAJ8r3ZBBBwAuAvfGQMc+pycnAwBknimZJPoQQBy2OhyQMYIIAHHRhkZyM4VMJQqr3qaTaaut91rrdX0X+WqNoY3E03FxnL3bdb8zuny2T2V13adnrfX6TvtXs9Z0C9ubW9cSCIt5Rb7oC52nkE8g43D1Jx1rmvhz4tSyu57edN0L8YzhgwJ2srEj/eOA2e/pXkdveTxJJHFK6JKMSKGYB1AA5CnkMRxn8MjNUraeWKVHjcqxZiQuQSAc8YBJUZ+u0A5xXJLK4vDV6Dm37W1ndXWitve/rv5727IZvVhiaGIcWnBJSbtqrxV7Naba663v1P0Ft9Se4giuLW7eBmjGIhMec9SCMcjnI9uSO3SWWt3SRh/tDSGNCH8yRlbcOhVlwRjuQd2eQa+LtC8eX1l5UM2+SJEClnOWTAwArHJCkZYA9zgds+vaZ8S9MniKykLIVEWxlVcns+4dPZQTkZwM5r4HGZFmOGnem5yhzq0o3utY2bS7N76Ky6n3+BzvA4uKc+SEmryUtE7qKum0lZ3t6rY+vPD2uRzLDEms3FjNIp3obuSNGyMhonDZJzgFDwB0xjj0mw8QeNrKxnl0jxmJ54FBjhu3EykIMxgF2PDDAI24DE4Ffn5H4yuTcqYHQxxOrgow38ndjgcoFAyRkYz3FfTPwx8Vad4hkmj1DyYYliSOWN3EbzOGAJhPGCcHcDjIBByOTjUxmdZNT9tTrVq0Fa8Gm2kkmrbaJK2jWr1Wqa61h8uzSapcsKc1ZKaatJtRurLfXzu/XRegyftAfGLSC41LR7bU4VJjSSNEG4LuJfEYYEnqQevIJxTR+1TYusqeL/AAFY3RwI2E1krxyE5+ZmeLcoLcHbjknODgV9EeCvgr4T8aszad4geJlWNpbXzlZkJ/hCs+Mgkg5BOAQp7jR8Z/seXF5a3E1hqlpefY4pJBHcRQjcEB43ZJZiuM8kjO7sa5MJ4xZdDFPCY7EV8PXTUHGtCdua8bpN3W++6e+5lieAsfKmq+GjTqU5XbcZx5pRSVvhSa21+9WR8oyfFf8AZu8UBv7d8E2ulT8pm1jMSBmOcp5ajoc8HoAR3BrKn+Gf7NHjLf8A2N4tk0ee4QFIpZeI3wSFAlbA7+mBg4Iwa+XfjD4etPB/iCTTGAiuoZHjngt2Uxh0Yq5DrnKjHKn5hznvjxx5XhkbZKQznKlZm+VDgg7lJ/TgHPJ5Y/r+XcQfXsNRruFOrSrQjKEpRSbi1H3rtJ9ut7aan57jsLPA1Z0ZOSqQlFSUZOWt4rWLbXMuz1u+2p9j67+ylpksTN4Z8b6fqMSo/liSeLft25UAo+cnrjOFO04xgV5O3wI8a6FPMsVot6kw2iW3kDxuqnltoYkg4B6Y7jnp4ja+J/EOnM0Vhq+o25HGY7qUK2CQMAtyGLHaoJ5B3bQM11+g/HDx7o120R1ia8EabVilG9iMg8M+ScHnjOM5AOOfRhWwNV/vsPZO2sG93y6PVW11Ssuz1scHtqqkmpO791N7JbWvo77rRWuntojwaXw/qaFCbR0VujgkKMZ6BsYwTjJ4OAfTOTcWU1ufnVlySCc9cZA5JPHJ+63B9l+X7M8ReE7Z9Ke6+3QW/wC82rENhiRcdC4POR1AGfUMRXy7rdjJNcypA6vHbSMgZXIQrzkjOcdCfYDFLFUFSaS0ts7qzWmna29tVe+h8xlmbyx2vKkrJt6uN2krRbu3r0T76Ld8YoAbIAJ67QMbupOcYz369M+lMZsHCjbzuJLE+nI9M4zwCOCPpLKxjJRSSUyOD/EvcYOTkZGcc4yeGxVUlnHJ5ySTgY6A5B57ZIJ745HSuLpZ289Fq9P1Wnkl3aXvRu9X1S/LXXS6+S66E4cqdq+oyfXn0OcHn1NSl84zgEckjIPOdpPBz0HQg4wcselMHnsAp68ZPr+IPrnrVgMMbunGRn5ee2T1GPx+nNNLt/VrN/0new7K2r9Xt19eva9um2g9JCuCCP4sA88ngc54z34z6cjIUMdowxBJG7qDjPIwc4HoDnOBz1zEikuMcYIKnOeOp4OP7wGM/e4HOBUkmNxK4K7sMMZI4PGMg/N1ySMnj6XF6X1Wq876LpfrsrK3lomT5vpqr7dLa3tfVq92n20VwkZG3Gc/eyQVX1HGR9F9wKlUg9+gblixxkZySME5wO3px2quGUZOMKRgYJzjJ68cgnIyefXJ4AGyBwAo5BOQc+uOG646/KODgcGqcrKL17dmrtLXTRPRNK9+nRMt9n3W76btJq2iet7W7320sdDo0aPKRIrPtwUAHO7PBwCCVGRnGMZB+YYDd3e69p0FimnwxM0qtkztlvJyuCSOAc54HHGc+p4LQY5nlkdXWNI4zvbO3Iz0JwNxIPBHcY6nB6azFjBdPPMqXP3WVHPOVI3bhjBJyOwHT1wM5JNcz961rK3e13a+zS0u77fPjqe9V974UtNL9FpvolrbutOrKltHdXd2sULM/mMqLw5yzHkkkZC4PJPQDBJ6j0iz8KCKNJ72SLaqsGmkdRbxSDIwoBySM49icZ5qr/a9jZwLd21kpuZ8x7DhY0XkKQoDZ69cdR6gmuU1LWJrqEi7u2RNzbLeN9ynJPJA5xg7sA8Ec4AOeZupO0V7lt3vdOz1e2z7ya62NY7Jarbzuny2a5r6Wu7XeyV9WxPEWn2luypa6hFOFVi6xLhQzcqqkZyDnG3AHBx1rj4oJWJRUKnBYyNuCgcnIyCcnnIAIPzAHnnS+05iWOJF3FwWkkOT97rzk5xuAGCOemACem1nQ9Y0/QrTUr2Fbe01EKtmoCiaVVUlmIGWCE8A8E9261pBqFk5JvTTe7aXez+aNkmo21aik1e61tHr208raa9V53KhjlbOAApAIOSx4x1+bPTJBPTBxyQ2GLEgLBRkkKvJ5bABYe/HIBK9s8YfJGzlWZdq5A78EnOP4gT0UnsMA986FnA0s8YILsHT5VA4UEZGRyWI4AAzkYHXmpTdua1rXbu3dbaapNW6K2y7sqN9ne+nm33/AOH80r32+/8A9hn9kqx/aM8a3WmeItQGieHNMtJL671SVzBBJcRxM8Fst0+IFBdVD73UqAeDkV638Uf2NNC+E3iO5k8T+KND8U6rriXw8MaB4Yuobqy0e2QlLW9127QtFG6xruKByWbtnp5V4E8b/FjwZ4ET4eeGNGvtL0HxZEt3NdxxG2v9RY4Ki2vPlfyiOpDnaM/j5B8RvHHjPSZW8PT3NzZmFGaVhdSXF24k/gmldmbuWKliASNvavzGdPiTGcQ4qtDM6NDLnyUqGEhDnkoU5J1Ks5dJVJXV9WkopuyPYawtLDU3KhKVXW9S7im201FpKz0V1Jt77bHg/jHQ4dL1rUdOguFuTDdNG8sTK0YkB+ZYicBlAGBk5J6kd+VFgst0kaqoAU/MdxCnng5BBOckDpghgD22Z988sksrlZHk3B3ZmJz8znB/iJH3sj+YLXMmfLijZ4/45VBDbl4yMckEkDvuzj2r9Gw8ZwpxTmpe7G7trLZt23WrWnRO/Q8WaldNLlTtZ6vdppXte3Zvs93dK7Y6RabpZJyW8sBQQ2Q7YJGe2ARk/QdThqsCSxj3KzAhQSNq/KX4woHG3HGQcA8HOcGtPw94L8T63CrWFlcfZTJsyFKl5G2gDJ6gZUs2PlHbkZ6HUPhL4l0KcDVViEUkTzBjKCqLgYbbkEvzj5lBPI3DrRKcE+WTs9G7rVO6tomna66a76JXvVOlP4nezstrpXs1FWvrdtPS77J3Z50SbmMYiJUOcsRg4zhVLYHAHPIH8ORnGa0Vm80jAgqwyBFt+Y4wBwfyzjOcc8cdde31jYW8OnWtqspi3O83P+szyS2MHBB45BIG3ORjjRc6i8zz26SjG4hmUjhckhRjaR9Ofm68ZOkZt6pJKyu7WWnK76a6N23ato7amcb6JqzdlrZNr3W9Ffdu1r+qVjpNP8JKIDfXdxFAA7Mu91JRSPmJU85XaeAME564xVC8/s1Ipma6E77ikRVRhccAlSeMleOnAzjJNc3c3eoTHypGmLMDkbnCc5YgKcBRkfNyc9s44pxWlxLKI9pUBSSCzEdD7heB3YEdc0Rpy5k3Pm2slZL7Nu19nrf0uaq7fS+zeyvZWbWn56d92r4MKNGJEWRGO5irZZvcE8jBznjvjkcmTWdRW5SGOKJAkUYAYHBOTwv4EEtjJ9iOat6bo4uobq4mnWG3tEwzPxIzcnCj3JPfocBSDxhXSYk2hweDsPy5IJyDtBHYAFQCCecDrWi6W6WSt7y8k9LO9tn6dbsul8u+t7b7/L5d27lTfnlsFtwxxjuM4AGRtA46H6YNROxUkAqAOdo9TxkdDk87j6jgA4q0kYdN+x2UcEc8sQRnvnj7uTxkdjkNkhWWQxIqp8u0biF+XBILNwFJ29RjJ7KOBdn31du+t3F72/N212uC/HVW10tb0Xp82u5XEbtzvBLAHO4ADJzknp0BzyDnqOchyocPkMec43ZCqeFByck9efmHrnpTjHtXvkNtI4ztHBbILZGecYwMds0jMxVcMCXBByeMAkKCcnAOPYDO7pRrvrrbVNPt873asha3emm2r0d2unkl9/TdE8SDJwSAMdBu6jaAq9crgc47kc5qayVv7StAzFd13bsCQQFPnp8w46nPTA9c8nE2mov2lSxUKMF+nQDjbnaTg43fdJIB6kmr2xX1OElSEF5AUC4BI89CdwGCcn15/wCBciVL3o666S1WyTjp6q9rfmaQhqrO1naz1btbT5eWzurK5+5vg4LH4O8NvyxbRbE4OCTmFCQo98Ekc4JPbJrqt4I2hdpwoGcDr3JyM9T1xjnNcT4TmjHhHw2q7mI0WxBVuCuIVJOcnaeAD9OnNdOJdiM218EFmVgR82cEA54AOceoz0r66hrRpWileMel9kmldb63b699rnDWS522rLS+13tr6aPfTq30Hai4jtbrcyRgW0h+6DtZl5AyMYJB5429MZzXjej36G8uhGwcPGDk8MWBPQenGO+evOK9Xv5fNs7gSRAhoJVUjOFBViNyr1YjnkYG0DnOD4fpCpBqkghTaqxArvGcHdkkgjOWIJBAJzx9efE6Tgt9rWatun2d3vaLSv56N1TVottbXu1dNbO+2ve2/XQ9H8PxodYvXbBJhTIBbcWxnIAO4EcHOSTjvk576SZYlGcAAEMoUg7Rjgkg4z25GdpPU4rhfD0kZ1m6ZcktbIWUAKN38WCeuANy9vUEEZ7aSMP5oC7skE54bkqAQTnOPqRt6fxAvDKKltZ+dt1Zp26J6dUtU7rYJSul1Vl1Wq20trZe7f183Z8MqMIzuJBO5j6Z4ACk/oOM8cg5O/ayqs0CKCfmySSM4PQEDB/MZwcHODXLlArRqoy3CAHOAeOM9yPU4HHHHNa9mHS7RSQQWC5z0K9SCSRzjjnPB64OPdwNuZJJN2u3v2V7vbt3T0fZfP49qybu3e61e+jWi7v5d9NvRCd6LkfNt27gQOO+AeP4T+ZJyeKhJXkhSMY25GGG3Oc+rc446c+tV3Y7E3NyVJB3fdC/Lk8DBzjjqBt47mk8zfNsfAUg5BPbsFI4bkfXvnivcUZNe6r2V3vqkoq3R+7d7LT3bqz08jmUbWtpZ3sru9rvXV2fVLzXW0tzJzuwMBiWxwSBj723nOdxyC3AGNvFZl1KAxONuS3XnOR+nqAADnocZomuGUt90oTluc5BOSpx9eozyCD8pNZstwS7ZBIZQCCfukArhec8jAPK8cg1pTo2act1pt0ulrstFzXve1r8zsokuab1d1a9n0ta+mt3ff0Tt1aMCw3bvmPVXOAVOAnGTwOT6g/KR0q/p3y3FvwP9YvYNgAkkjIyFAPTHJzxnNYTSAlwq8gHJb7oBBwByTg5wMY65HcG3pU7R3EZZxuMiJnAYAdgDyMdexIP41vOPLBqOnut33ettb7fy728ndi3nBQa3jfvbmW/utt7atvXdX1PyN/anjP/AAuvxUoZjmaHhgc42LjIzxkDjGfXJ5B+fUsJpizIMxKxOcsoY5xjgEfe5wMn26k+/ftPu3/C7PFKl25li+bIzzGoBJ24GAcnAwRkY548pspXSGNTIGCMSwwCxxgjIPUHt0ycHr1/FMzqTjicQ94+2qb3dvevZLfon3+bufoNFNU6aaSvTjvdW0VtOlv89HuUYNC1RzHH5UkjOf3ShCSWJ6g84XryxAGefSmX1jdaayw3MDQTqzEiQEDacEkDIYAgcHjrge/oGj6q8l9DLG/lGIKgjdQVZXbDk9cDnnPPU9enfeJvBcPiG3iu1v4H1Ux5kiVgYWhVDtCAHgjJUHIwTj0A8OeMjTlFVEownpf+9pr2UdbJb77LfrpYedWnOUHFuGtu+kdEtG+rt6q99D5yWRfMKKuQcMxBPQHjHQHjHrxnjAyJ5JUVht+ZmZSCSMIABjIzjj2wCSRz0O1qXhO/tjlI5GdDskWJWALdgp6HGMkk4GcY6isVtF1VHlItJpCdoB2OMMwHDYGeh7HPfOevVCtQqJyVWDhpdprunpd6brXva6vc5VDkb5r7q+iVvh0v6q+r110FZ4nBTaSHYDccEqepI/l3IHf0tQ2kDFjt3DcMbcHDdMnjpgMR6dPWtOy8D+KLtEEOnzAsdwYqyjBJUEZAOepOMYPYV21n8MdfUqlyywMQp3M3y5ZuAScZYd+TjjuM1z1cfhqSvPEQSWlk7vWystvx0dvvpu1rNa6PW1r9Ot2+i++xx0NlbtIVkiVSVwCCAAR90sg54zuznkgjB4B0bRLZZfmCqqrtUgj5+Rzz8o7+h9OwHq8Pw1hijKXl0C/lZUxgEs2GwCcZ9OSeh24wcnWsPAGjw2ckk5cyyFlEucRhduU2rwS4PPTjkY71xvNcLdNTunLez0j7umt+u7+Sszuo16cUrtXXVpeW2luq1tfXTqeX4XCoFUuuCwyNpHYAAnnvjOfUUCTEqbzsUL8qqTwRxtIHQnHT2wcBia7O48JeTG720294z+6iCfOwbOQ3XJJHAbAwQMYJzxWp+GPEsUZlFk8reYSBFldoUEruQDKjg/UZzgYNXTxOHrO3tIu/KtXa6XKtb3d2rp6730djr+sUo2lGV5KMdpau7itdpXtvr56bGpYx/bZRaF0/etjewKqoOcMRnrkAY5GCCwwOMbxf4eurGFCRL5T5G75Qu4bSGwOCDkc9uc8ZrJ0rS/Fb3GxbO6Rhl3LBtrAFTgjAAIxgEZPQk8HHoqWOv38EK6hbyzxpmNYGDFg20gZB5OAARtbBPUcck3GlUjUhVg6evuuS2TSte7ule/lp1N/7QpVKMqctJWte795Ll81ezaei1u100+fikwfADYAxwoIIwQCMBgxPJBHTGCRk5rh22kEscP8AKuzOMnkD069j0yM819AQ+AL26SUzQrYLEGKhwA7cn5RyASB1UDn+d2y+FOnSIpvL0rJuLMyoPLIJAwGzwT06Ecd92aqWZ4eEfflG+luXW691avRtrZX3PIdRL7baa03Wjta1n1trda+trfNqll3YZSwO7nkAEfL6ZIAB47jA4pBcdUJUgjJGPXDHB/IEfqMV9W6f8JvB8c8NzqN1JJCZGDwq6hyhK45OOD78EZPQAVs3vgL4V2V8klvbPO0aq7RmVSiL6N82MMe3OCMjHU8/9tYdvljTq1LtRXLBNK+rd9tNrvokvMxUld31Tt30t31lpu/PbS5jfBq1tL/Rpi4H2mJiV81mESRYAc5Lcl1JKkZ28kDHA9o09LDRbV7qyjia4V3LyZ3R+WeeMHg53YA5HBYANXmUGo6eGn07QrFLG2cnY0Qw0ir2ymSFOOvBOOvQ0l/ez2GlfZjIeD5zsPmyc7iAxYZPTjGMAcZOa+OzClUxeJlKLlTjVk2ocz2Tilpb59dFa10mdHtnKnGmmtP/AAHTlS0fRatXsr2VmtFq+I/FTywNIqi3kjx5bKAQqMxXJH985x+fUgmvJ08QNeTSDJm3MSZycSFhyF9Ths444GcjHRt5rK6iDbkAJgEvuK71AH3gM4K4xxu4zyBmuLt76LTryc5j+z5bDE7iWJILEk5yABxkjjOOc17uByulSpaU4ppb8qbl7qad2luk9Xra6bsrGFpJLS3VWVtdPRdbvTbS7Vz0GC9uyHCu4Zz8rq/CrjAzkg5BBBI47YHQY+oalfQxyRi62RFWLyb92WHOB1ySRzxuycgdhDp+sWNzNsaQiNIzgqAvmEqSC59Of5nOORi6pJG8E6+YihtzRkt8m3d/EM4DEYHfB/XroYT95G9NRTdvh1bTjp9z+fpuWUVda93fs1tbr1WvS+xJZ3pls555pJJJicRupyFiz1O8fe/hyMj1GR8zbXVLx2DWUkqMC67MtuZurMG5yoGeSc4A44FefR6hOM2wmAQMQMHAKjJVR0AHTPGAM8ZzXUaVdhTFGLhTcl9uFOAquDzk5LdSDgk98816MsJT5W1FPovXR2drNrdee3rKt8SWm26b+y1s7q71Xf8AlO31S6vJNJaO9mZ/3YYlQWZQDjZzjqeh6ZxzgE15njdMzkkx8BUJzwSFXIxwRn1JDA9eo9IuLb7ZB5Qn3KMpJ1yWK7iQQM4yDjGMZ3EdccHe2V7pss8UcRljJ3CUgbSPb5QSSSpG0ZOOg7rDqEE4KyfMtNb3SStvbv0t1fmtHe99HdaK20dlp1/K9tXazuktImngLqzKAG3Y3Y4OckHA/unjv2Fdl4T1f+0ZY7W6IRI+JHyFZyeDgdTywYgZIGTzwK8iutTmWMIWdVUEOWzzg8gFiQCOjegI+bjJpWGo3VpdpNBLIvzluC2QffA4Bzkjt3zyaurhFWjKys31SW7trtpfRXS733Glte/3q1ny6/j+PqfSutCSERLazgguQQoG5YgQRuOefmAbr7Dtja8L65pX2hre9BMiklpVGwnaCCuSMAtwDjoucAAjd4AniW7kWZXlkEmDhsswGc5wO4zjgDPPGM8auk6klyJR9oMTYBmkbIzjBwmc5OPXGQOOa8ytljdOzk3K10472S3adlvre13ZO1yGpaWW9tdXuum2u+ummnS6+mrzWdD+xz24tI5y5MqpII2wo5ALg88j3yeuM8YaxeGX0+aV7ZUad9rKCpVZAwwqqM4BwQQf1yc+IS3p+0xrbXbS8AuUJ3Y4IUjnoAFJ+6f9oHi9C+qT7RF5imWVTErE4B4y4G7ac5446c1xTy+VCnz+1lBLu/KO3bru1pbTQItxtfblato7aK9lq+r/ACVtz0628PW2qSvBBZ7UU7IcE/LuGA0mOgAxj69OBjvNI8A+G9HtpZtdj89zGrqu4bMBiSi5IJyQvPGADkcjMvhHw7qZ05Yo5Y47u4RZJp3bKqpHAYnIRhuAJwAOc46V38fg60s7MTeItRF0kgDiKKcOY4wDwSSAFzk4GRyRjvXx2ZZriVVeHjiqlJRbt7NJzmnZO/zaSdlZ69LEt3blZ9bOy2VtWtG3s9dr31sYUfi3StF017TQdKhkldRFFEsALIudqEsFAYnJzuzxggndms+21/xWbeS7msXWwglV5UeLCFmJygjYAkHgcAnA6dK6OHXfCmhIxt7aDzWLCC5l2uIwvZuBtJ4wOMkDJrj9R+I91dRXsMJga3/v7EEec5AVcbSTnG489wOK4sPhcRiGuXB1JKSblVxEpTlJPeVndpttN9dLdLMSerSs7dXzJaLVq6eul9vLsvT7bx94e0nQ7i41a3iuLqaEkWkkSMUUjGxWAJABHIODkAgda8x0fxJ4W1LxHFJrNullpN5Nul+zKVZLdc7o2xt2BguScjGGyCckYVk9hrMYN6I4HunAeZ8MIYujvt+6u4DaPRifundnX8R6JoMWkLFokyXSwQs7TRpmSWRR8ymQADaeScg447cV7uDymjh1KnepGVZtKSd1BtxV1fTRaJ99L3OinOUZJpp2V236x1bVm2l16Wstz2fxV8c/DOm6BL4O8DabBDprxATagIl+1RxJkNEkgDEtIdxZiSTnpu4rgrXxVolzp1nDdRuzSMjPKX+fAAP73PHBGQuSPUL2+a9Mviz3EU7eUGfyxAQDtBJBIIwcH5e/YkYOM9Fczzx2wjgimNurHyyOSz4+XkYIXJwc8rjtnNdNHhnA0YyhTc4yqSc51JScpzk3FqUp31j0W1rWV3t1Vcbia0VFySSgoKKT5bXTTunqmk9d+mvX6C1T/hGNbewtLyxhSGQhBcDaGERwu4gZ2gqWJJ9iSDXH6j8M9Ft9UbyNThi0+OJpYY1YblUAHAfoWxjCgnvnHFeF2er6lPdvHLfPEYjg75DtRAcFACMZUYA3dBnr0PZ2+swtBLFJqEkk0CMbWNnwckMDJuZuQVPTIUcjsc+jhcqxWElFUMZW9ldN05WnolHmhzO7s3r5WT7nCou/NK+rWjSvsrxu3d7O3S/R300tV03wj5yxaezzSW0bLM1w21Xk6lvm7kliV5GBzu4Y+eXERtZ1Ns4MTMzNgEqpHJXb0YkjIbJwDgDpSXs0ODKsziaSQLNk52KCTkEALwOGwQT06MRVzT5cWzyCRJEib92TkkncBnPJCL8w56ccZyK+oo3pUryu2k77PX3VeytvZ7Ss7LTZhC93ezaevTsu66dNru3XTY0o200YN4WkaXKR7lKquTgbieuORz9cAZFWdavoNPs4bY3UWyR8R+WQxU7ur9TwSTn5eevSsW41GIRRq08fIbI2gBGOCw45J5JUdAcqe5qm/hVNVtY7v7c4zllBY7gCSfmUHKgdCVB5xz0qHVgmpzWiSSi7aq8XprLVJ6ap6eho0ra+u+6vHrdrZ9ZX09Btre7LvdIwkiONsoJ5Ocl2525O3OD0A4x909TPdTGL7Rby7YpCPlVvmYgfxegwDyPU5Yda42Tw3e2KQOjiRAwYbXJzgj52A6Dr19D3GBt30UsOlGVQxnHAEZ3R8rggA8A9Qeg69RycqjpVHeCir9reWl0tGlrZ6b62BJXV23r/ADWa0WnNbu7a33uramimuN5ccLzDzHZTKpUFHQcY6jnPqTg+uBjQN/FdXQjiChEjxISfmJA6MAMkZ4HPf8K8XnvrqOMM0Dbw+QQCv3Sfm56kYOR0PQj17vwhctcW8lxMhV5QyrK4GwEHO4qc525wAN2VyQMmpnhfYw9rGS15XyxvzdNV0vr01fXYpu6SS973bPXZbLbrJ6patu78u1m1K3tbVYcR+a5BVSoG0bgdwbj0H3sAZOMg4OadYWa5igWEO6BnD87ieRk5PJ6gcAjGOcmsDVrWZZTdTFvKaP5DhlDFSThVzwpJ68e64zVWxuJGdZ4YJZLgfJBFGd7SEHbnYAzd8jA+XPNOhhpVE3dybasne9tNL/dZa69loYc0uazTumlbq1aOjv5u997+iR7WfAegy6MmqeIdSP8Aad9GGt7WIq0Zh2FsygZIdeGOQvIHPUL5TpOoXngy91GbRb37ObhWtWukbaxjckEQjqCPu9c88E9/oD4afAD42/Gi+sNO8LeE9YNvMvlSX9xDMlrGjHljPKAFX1GM4z0xmv1R+Cf/AASZ0vTUtdX+NGvx3BR0mfSLV/kDKd2x3JGM45A756CujDZdXtJVJSqRlJ3i78qStaOj/C2qdmz26VGrXUFTp8sUleUrpW91aa8z3a3X3aP8J9M8MeLfGmvCPR9L1bWbq6fcXtraWf7RK/PmMyqcgkg4IwpOenFfoJ8Ef+CbHxg+IapqniEN4U0iYozi5UpdPGxVtqo2MDHG3GDg5HQD9+PBXwi+B3wmgW18F+EtKSeCIRx3JtI5bhnVQpYyMhJ55I7jJHYnu7rVdTv4R9hiFnDlUSOEBenYKFAA5CnO0ckYXA3fQYXLpcivHle6VtFblSutFttv89WdEcupRlzVZ88nZ8qd91HlvsmrKy6s+JfhJ/wTw+Anw7W1vtfsR4o1uBEYvesrQrKMEEx/cwHxj7/rhTyPvbQNL8MeFbO10/RdH0zS7WBFWGKytYlKhQAu4qq8AgZyeCPQEHK0/wAKarqIV5vMVMndK7MGYcMBliAh64Pbk5ORjenvvB3hC2aXxHqloZlwBbJMJZXZD/qwq7m3YOVwBggEk4rtjhJWUb80tPhTVr8rWi06W2XTrqdsXh8PH3YQju7ytdbXbdrau3Tv2ZU17whpnilixs7k3TMBFNADGiqecBV2jJBBJPAGOK5S9+DE+iWLX0viz/hHbeMea+68KPtPzBtpcZ55KjOB09TFf/GzxBqrPYeAPDT2ttzGur38RjTo3zxIwG5SuDk9sgnnI4yTwxrWvTG98deIbrWG4c2MEzRWqBuQgUHaACduApGTk8DK+1gcpxuJslCXLdX7W033Xo07uySvueTi80wdG95vmTvZNW0s+nTb1Tszlb34l+JPD2pSWug6xJ4ujiIRd9uZAVXjIkUMM45znJxz04y774/ePNQ1W08MWWkw+H9XvmVIJLoCJbgsP9YDLsjAzkAYUnjPOa9ns7PRdLhKadp1taKoA3iJS54yAx/iBwCxBwCOduDXmnj7wzpHi6BY70C1vreQS2mrWwMd1ayqSY/LkTadoIGVHUZ6ivpaPCiUI1KkoqWl4uL1dk7X2TdnZ2t+ny1fipRqezgnFKz5nff3Utkt+j69bXF/4Vr4h12Rrvx3r9xfOx8wWEUrLbncc4+Q7TzxjnPB5xz6DpHh/TdEgEOl2VvaLsCMAi7zjjLNgElVAJx/wIAZx85Wnxa8WfDlk0Px5aza1o6yRpY+JoFdvKiLBYkvF7EKRudjwQfu9a98sPF1jq9tb31osc9tPGjpJE4KNGwBV+CQWAOHGcgnoRkV9BhMuwWGpwg4pT3bklfpq79r9He9nva/zmYZjj8VKU41ZShZJNS06NrR9E9V6N3SaOhnU7d0Z3sMKdwB687sZyQAMADp6cVjyXBUPhtzE4YKowD/ALIOQce/cHGeSdY31o6+ZEVKABWUAsc45ZQNxwMZY9eN3Bya868T+LfDfhyzurnWtZstKhjV3Ju7hIW2KMsFjZg5LAcY5PrngelH2NK75oQil3XTlT67W/BWfY8KlHFVKqUVOd30baV+Xulfpbq++mvUGXywzBmYOA27CjBAHzZOcngDbxz3HQYF7ftDFcPLIMDODI+yIAA7mZicDCgsSCBgZOSK+I/H37bfgTQ1urPwraXHiK/QsizhjHYhlDAMH9FIB5A6DJIGD8TeOP2ifi98UJmtbC7v7SzlyiWGho6sUYY2tLGMH5RjkjuOea8/E5pSU0qSc2klZdHdLfrZenVpq57NHKKkuWpVkqe3xbu9nqrq3ktNtz9PvHH7QPw88CwSDVfEdpPPHn/iX2EqTXBKjkHyy4XoQ2cFiOOcV8V/EH9uDU7uaWz8DaMunxyAquoag2+Zg2QWWLkYYdjnk4yOK+fvDX7P/j/xW6X2sl9Kgkfe8t87S3cu87s/NuO7Az1BHUnoK+kfC37PHg7w41tPfQnWNQBVxNcHdGXUEsPLJI25wec9SVXHDcT/ALQxkmoqNCm7Nt6Stp6a6W772dtTudTA4WnbSpNWWyd2mtNHbTfq15LQ+T9Q1n4w/Fi+Yz3Otamk7Enc81tZKjPn5E3BSgzntwMDGAK7/wALfsySOsd34sv2PzLvsLcnkYJZXlznI6A8nknkmvtJ7PTNHijjjW10y2hyDsWOJBj+HIwfQkFiOOCSOfLPFvxh8M6CrJC5vbqIsqLb4ZCwyCWPRmUg55OO3IJG0cDQoJzxNV1JWV1KV+1ktfJ3dtO2plHG4is+WhT9nBLSyt/Kt+vyXVkFj8NvDPhS2T+zNOtLZVUnzZkV5cKMli7A8jvyBgDAHSvNvG3i7Q9Jt2he5gZjuwMqSmOCAqkhc9McY545NeMeP/jV4g1YyQWsn2G1kDbUhbMhUZwGYN8pODkk8A8c8n5x1LWby9nb7RNNKZWLSO8jOWY5bDc8EHsD+VeNjs7pUYzp0IRfLdKV/dUfdi9Fo29lve+jbVz1sFllSsufEVG7u+r+z7uiTfbW1ne3c6Xx/wCN49Rlk+xRJtjLLvUY38gBuo3YXnBAUdTgjn5plspL3U5WnYMkjh2JyAnUqikgEA5JIBIJbdwenaazf+QG3sEDBh2JB44GSMj3GccZ468RPrdnbKnnOYwCHMxHcZIwcZOQRjI5znHevisdja1eXNN3Td171rX0i9E1dX29Xfe3v4bB06F+TlSje6dv7trb9H2tv89fStXsfDlzNBLaRzoXJZGUOduSSVOAzljn5QBxkdBmtTUfiDoZtZXi0hI5olOxgQNzfLgjp94fXGeOnHgura095qDNpiSSM7EeYdxBG7AGOgz27k47jjT0TwveanMH1S8KRSsCsYPJLNyAAcfL0wME4+UZrw5Zh9XXPGc+ZLe/NbZK6tpsr62trfQ6YYZV5rRKLvZe7t7trXW19+rtd3T07rTfihG7rE1pIN8h2tHlnQLgfKCOQc5Cnk9+cV6jafEmysIInljuJg6Yw3LKCANzJyUIA4XAPp2NWNE+H3gnR7dXuCIpmt91xPcFcg7SRsBOA3Qg7cnJ5bpXkmu3lkl/dWOjWonhy0ccy5kdgpJAVRksxPUk5APoBRheJsbKpaEpWVkm76WcdGlo3q9O3dm9TK6FKmnPk55WSSs7N8u6+dumtnboe62HxR0aTJN55RlZVLMrYTgEg5HGM4JznJ4I5NdTceO/D4tYbgajC8ihgqI65bOCTgbcH1JbAwMnNfLmlfDjxz4kiAstJugnJV5Y5FBYgbOo7Z5HPPI5Nei237OnjkWq3N7OkBCFZEaXbtDDhcBgAQODj7uMHNezHibFJJz5Hqrau+9vhb6b+l9tjGOVU5tqNKTstHJWu9ForL9NFrbY9q034vaLazrbx3q4yo80OCIyThgSDncCMD07Hkmuth+JGmXUx2X9uwZQd4kVeMEk4DbSTgg/xEAckYr5Zh+B+sWrss86b5ARGRMQFA4y43cZxjGQR2AzmuF8WaJN4OhGNVBubfLtAspccHA7tnGe4PQ+9bUuJqqcXJK7avyt3s+X3XZvdarXTzOeplkYxbacVFWs3bsr22bk9dNUurdj9AtN8d6RKZc3cbfKVXsBgEZJOByec4PqOTmtoeLbG5gjMV5EoQgb96ENk4GcnOO/QDn+HIr8lm+ImuRB0guZQJ2IfJZcjpkYwQD8oHrgAZOK2dE8W+Ob27it9Oi1fUNzKpitIp5c7iABuVWPJ6tkkeuMV3f61Qir1IpdG7qKvdLVu/lsr/I4I4NSajC7u0nZb6pJN6tNpK6Wtm93ov1VfxDGjgpcRybtoKq67guBz1P8PO3gcjGKvReIbWONGEqKFdWUORk85K5zjnHX5fYdM/DKT/EbSLFtU1vSdR02xihVppLgyo5BHB2ttKkDHAGc5PQ4rvPAHiI+M9R0jw/pFtfajf6rdpbxhnbEc0jBeRk5XJBOARx/ernlxphaVKVacWqUFeU001FabtqTffTTskkd1DIqtWcKNK3O7KMWvebfKl0cm99Ldt2lf6zvPENvdRBvOQbDwgwcDGOxHHrgHgjb6mtpF9HFNcBiCzcqCykENgoAScA5OTx0HQ5zXEfHDwfqfwS0/Tp/EUirqGoQb7e0tSxERAZg24HJ2k7HyeOhPWvji7+PmpwSrJZsz7GAmEhAUbSRwAOhx1HAGcdeN8r4wy3M6UcRQcp022lNa6pqMrJ30T66W+TvzZjktbAVJYfFJRqJ35dXJKSi790n3s9U3Zu6P08s7iNogzKCWVi4GMJ3yBnOPoOvKr0ImASQGQA7fkTAILjkDDDPoMkDr3bJNfntpP7SGtzxRQLaxtNIm3zlcp1PIIJA24wDznGR6V6LoPxh8Ua7cLFZ6dcTyIAFWzjkuGdxwAqorDOTwTnkYHAIHrvPsuTV5+6ndNRcbfD3j96ur6eSXlxy2rUsqcZSk3bSLevup9H+ejba6JfYuoRl2VIyA0YXC4wwAHdgPvL0weh4wQCRGkci3MRLBWdV68MoJBPAHAwM7TyT8vTDDzXw0nxb16NDaeDdWmcbmaWW2eIsOn/LRQeQ2McdevY9fJp3xGsIjLfeCdZJt2JkdLeRlADcqAFGAOmOQOTyeBj/AKw5ZNqEa8VdpJOSXNa2js90lZaNK2lmz1aWQZjKKk6FRRsm3yu7Ss2r7aK1+m7Vje8WKTosrqxZIymCAACQRuyBwAMeuF7nJybWjQCbSrVXBBKBiExyDt47dec4zkDA4GT5X4o8aXqaRc2txpN/YXUjqiwzQuNhHXIIG3OOPb3OKm0Hx80On2kU6lCFVJDIhUqRyjYIKjC5Geo9gMD0sPiKFR80aivKCS00d7Oy31vro+l7XPOr4OtSnblaa0aS7OPS901bffS+9kvUrqzCFV2tgMgVOQWPrkAdQecHqDwQpqysKqqqVJdWyvzADbt54xyeeCck/wB3+IcC3j+0ndwbmDep4JZQpKHaADjG5icnHPHPYCQ+Lo5GciW2MgC4USgcHsSQT6+pPAxwBXRz01Je8nZ2S0TbXK2nbrfW3d33uZRw1aV3y39669yyfwvde8k9dEvuvc7eS1V4gDncxxgjJAQ4JzySMDBBGRwPekWCMkYGwFedxySuPunJGDuJzt68DqK5y28SRj5ftMDMV3bd+4qWGdg4zgEDGRhmGepzTF1iJ5GHnwsQoYR7ueSw2AA/RsgZx15aj20NGpJJ67x0avs76d/K7W21OhVgk3Tbaf8ALG6a5dLJt3b9Gtb21Lmuxqloq7RuaUAEAHjI2g4wT0weuM45G6nWksdvahAAGXDkSNgbeeMcleg74GPYVqWHg7xj46v7Ow8PaRf3nnyofNS3cxISQMlwpUKuM4BzkHqQRX6C/Bn/AIJ4eL/FrWmp+M52tLAhM25DIWTapO7o3QhRgDI4IPzVw4zO8vy6m54vEQi0tIppyeivZLXor3S2NsNkuOzCvGGHoTbdrScXGNmo6t7WXTXW2jW5+bcNvcazKyaba3F3cAlIIbaKSVmJIUcqvXJOBux8uT/Ca+ifhV+xr8WfiU0VymlXOi6fM5L3F9EyuyP1Kq20klcegxk/X98Phf8AsY/C3wNb2qad4ftbi+iVS9xLAkjs3BaQu4HHHy4zj73NfYvhr4d2WnmGOHT4YokVVjihQZAVSoGFQZLYxyATwa/Pc28R1C8MBTSS0U5vuo6qPS1/vumfeZZ4dzqKM8bUbk0m6cdm9NL3ata/W915H5DfBn/gm74P8Py2194ggfWtUXYxNxHmFXYAthMEEbshcg/XJNfo94K/Zb8N6dHFC+nWlpDGFCpDDEhVAMA52ggkY4HHGcZzX2FpXhCSBFnlhgtYVwXeUKgK/wAIIPHTrwME9e9ZviTx94D8GW8kk9/FfXkWd0SOhQNgHaTkEAHg4PH1Iz+Y47iTPs6rOFOdatzNaRTcFe1lyx06/c+u6/QsFkGTZNTVStCjSUYptytzO3K/N3vstG3e/U8zs/2fvDEe5rbTVMQUKs00abGbBUYG1gRnHzYbPsK5XxR8Ifh7oUM1z4gurKyg2u7W6+UjYxkAgZ5zgkDq3Jzg15x8Q/2wrlI57PQIY7aKMMirbhSx5KqCcbcep5z75NfD/i34x+LPFtzI93c3U7SO+yKSR3ADcKQgzzzx8p6gjbmvdyThPPMbKNTGYqrQhKzcLycmvd00tun5tLp9k8TNeLMpwylTwWHhWlFWjOSVr2+6yXVb7bpnp/xN1r4Z6YJrHw/pUd/IUdEnkAdWYEjq2QMn/wAeHpivzm+I3hubxBczvb2ywuSwVLePLY3EquVAwVyM4yeOQRmvqrT/AAlr2vtFcXKSQQsxLFiVJGeioQDlhg47cE7gQa7638B6VYIkghE1z8uXkAIDEcnDE5weTjgH6A1+25FlMcroK3NUleLlKcrt3UVZPpd6999T8kzjNa2Y1Ze0UUvsRppRSTaa2Se3TvdtbH5HeJfhj4jS3DSWUxi2YMjRE/L6dODnJVsZYdAPur89+IvCF5o8xkCyMu7LKQ3fJIwRnAHGfryCQa/d3xH4b02WzkWaKLJjcbNoVcnPG0YyO+cH8K+Hvij4M0yJZPs0KF3VwY2QHHzEjnHAB4ByM5zntX2dKoqlON3y6W5pSfNslfT0d7t7OPQ+LnhpxqScG227xutla2qT9dO2p+YHie1sJtNLPbbb9F3pIiAMoHOPqQByegH4VxugeJInnawvvkljbbE0gUAhSfbqcHBycH0Oa+ivGnhMQeascSgTbw4IOVO4kFW6AAEnPTgfMAOflfxb4bksxIYmZGjDSecrbChXn5nGeQfQnGemea8zE14U580J6J2k76aW163Wrvpvpa17+hRo1atP2c42emtl8S5bX330XXZfP0mezjulIJAWQBomBClfdmVs4PY9OScDAJ7vwJ8VvG3wuu7efS9RlvNMgnQz6dcSSMojRhlULElCV5DDBByRjgH5A0b4tw6LdnRtSn+0ysPKhdT5vyr8o3uThTkADPHXH3sj27wnL/wlTyyX1z9ksiqyPboQ006sCSMgkDOMcZB6nHStsJmTlNSw83z9bye6tpKOmjstHtrdbHDicplVTp14RlTklaUle97bO2uut1ftfdH7bfBb9pj4BfEHwwzfEjWrfTrubNlForgyXVzdyKFChD8jqSCvmdgxOARgeR/EfwFpPhfWZ/GXgfTJx4QuCs76LPJ5skSyZ33SKQR5Z4IUABOcDnj8v7izt4Lr7TZRCBNOcLZPHlJomVlKTHDANJuCgtgEk9gcV+hfwL+LqeOfDg8K61OJtV02L7Ptucb7u3I2qPmyWIXoMEt055r38NiVj5TjVko1bJws0opLlXuxT+J2ufM43LqmUqNahzyoOdpKWrjG6s3a2y3d79ux6PpN/ZalZWdzalfKkQFPLK4Urw0bKDgsDxgjIxwBmuhijWRnOBj/AJZttG04/vLjJxkjkHGSck8143ewy+A/EcSRFm8Oapcnyyc7LG6Y/MshPCoWPcjOOemK9asLsyyeeBvRSrDaflkDDJOF4GQRjsOAeBuKdPkk1JJtaPpeyS5rb999dbpbFSaqRp1I/DJLRPVPRvzvfR3er+4uW8kRklV0KyDb5YAO1nyeuBjngkYyAewOTj+LPDyeIdJawuJI0+0NwwXBR/4HVgQVIJHcevTkdajwq7y/caVAxUgEocdBk8EY2+pBHoKseQrjLBQXAaMAgY/AdMjIIyRjA3VxttNq2j9Ul8L6aN29O25pC14q12rWSv5a9b7Pp+G3ztoeo3ej3kvhzV1aWeyR7fdIMC7sWG1XjJK/Oi4yQSwOCDnmuevJ5LHUZ7URmC0cyvas+NxQjcyknn7uQO555JGa9H+JHha61KB9Z0mcLq2jHzYAgKmZEBLxMDwenygqwzg9Oa8Xlum1HTprtbiO5vWjKGBiS1rdA7XVcA5AYAkHhs565z5eLouVJ8qs4ttSbW19Unu72Xd23629rLsTHD4iLmv3c5WnHT3U2ltbVLfyS6tHWHWUjt4iyOnBVcr8oIGPMbngA8gnjIB9BXn3ij4gWGkuLgXKXN5Fgi2tXJQsHx+8KtjcAFLBgOd3DDIPlXim88YQtFp99PJbeeOW3LHGtsM7GUjnkZyAc4IyBxXIaT4G8TeK7mS20W1uriytWLXWoyAxW6tn55GuHI80LnIAyOAMEV8xNYickoQlzRcE9bK6cWmnpda31XSysfY1MZRoUnUc4qmot82iS92LTWtnor26PZXLnidPEHizUrXXdLuHhvrK4e8WYt+5WPYrGCMggGQjAK7e/Q840vCfgHx78Q9SCQWFzdkupvLy6byNOsRuPNzO+yNBgbirEAjtkZHUeE/Gvw2+GfivT4fGL3HiWy8OypcNpWmQl47/AFVCGjt55BxJAsi7ZQxbgEdM0nxN/aA8UfEjXtWfStJtPh34R1RwIfC3htVskdI18sXOpSoEZ/MRQ7KerFgqnBWvOzjMctyih7bG4uM53usJSl77ajG6k2rRi331au7dV8jhc5zfNsZXweW5dWhRitMxxEXChdyi3CnGznVbu2kuWF+vfuJbb4Z/CKVo9UvYPiH4nUgy6JpcmzQrGcDKC9u4uJhG3BRSRxz/AAmvHPiR8bvFvi4JZ3c6w6Rb5TTfDGiRNa6JCRgRCSGML9pZAAXkdSxbkkA81fC/gPxJ4uu/sWiaa8qAb2u7j9xYx95JZriXaJSv3tztgjOAMAV73onwL8PaOyT6s934q1FBm6FiPsmkWgJ4txcttVnL/KzR8KvzZwK/F878Q6+PrrC5fBwpK0YYfCq8ndpXqTW1+7a6q1j9HyPgirWisVmddzT9+VTEO1OPw6U6WkYJbKybaVnJt2PinT/D/jf4jX8NtFa32sSQSII7KIOtjZqpH+vnb91GigcgtggnoeK+tvAfwh8FeGri3n8Tzr4z8RKkbjwvo+0aVp8q4GNSvgwhfyzgOC+TtIwVzVPxl8RvAnwykutOu9Ttoi1vI8fhXwrKiK74zENQ1JMPN5R4lViAxB+btXwd48/aY8RazHcaL4UJ0CwuGkE0GmAJcyDJ/eSXYzIHcckAlQDnjivMhg8bmMb4qpLC0nq6UJPnkvd1nNapNb8vmrn21GWV5XGMcHSjXqKy9rKHu3XLZxWt9t3fotGfqf4z+Nfwx+G9iY/FutWMk0cQNv8AD/wc0SWY2glE1C8hPzuMDzVPvnBwK/P74u/txfEbx0l54X8FLF4L8KFTEun6Cv2aSaFcqTd3SBJJJCoCvk4P8J6mviq4i1fUnW41O8nVLhyz+bK0tw69dzszMPmYnIJAyW6EgizELW2aNbOJiysFL43GY5UldmcYJXk84BOe2O+hl2CwcFGjSg5XTbtdybtq3fVvpe+jlp2zxGYYjEy56spQjeNldXUVyrSOy+adtO5dRb7WJ/t+r3rMksp81pneSfcM7pWdjuLEk8kjJ5HJNdJDLb2crppkbOrgIszL1DDJznLFiDtA/p1n8PeCPE3i6+VbW1khid1USFSkEa7sHav3GJHUnj+7ngV9IX3wZHgbStP1S/Y3lzcSRFlYYjwcFSB0GAACO47daJQ9pNRk9E1aKem6Wqt0829dOqRlHFeztyJOb5ffa1adk7LfRve1036J+WeEPh7rnjGaNG86C1lfyy77lQIc5VVBwCc56A8YznGf0X+B/wCzx4O0i3ivNQt45rsOFWVwGdnJGThs7eTkFgBjpgivD/BF2tjPFEiRj935m3gxqG3YKDJG4EAY4YdgOK+qPCPjFbSBCJRvUFmLsBGMH1yTwDwcZ5/i3fLaoRj7sVd3tdq1mkrtff6aaMuca9SPtHNttPTWyV433s3vZNJK3W7R+i/w00Pwx4ds4YoILaARrEMoq7ioGcDHrn5j+VfZ/hL4m6L4btVgR4FJZHjjBXfuwBk8bcdGOeewwTg/jNpnxmmjdYLabMqht0rsEjAXoqdCSOBnIOeM5Py3H+NN758iHVHJwS7q/JORhB14XJ5VTknHuObHqEKKUpJya6WuttL7p7X+euhjgcHUrVU56RT0vpa7WibST21vf9D9xtV/aU0vTLMveamZHCMkdvC4wox1IQnjjktwMEFe4+Rvib+0rJrSXmn2Ugd7i1kjHludsEci4DSEHlgOi/N3yNuTX5m6p8UtRnUJBcylHBDSs5Z/mzlicbgCeMYXAHOc4Na08QStCbme4ciXKmSSQlmkByxIycKuORxkYIBWvz7MczlhE3T1k9m03rddXrdO2vp3ufbYPKadRRi5WSSej015b6u19Nb2SPuP4aWl7Lp2+5u5b4O8koBk/dwh23bPvAAZ4K/eOfUg17XY20hT7TIxW3U7GAxtGD0GRkY75z0784+SPhz8V9E0PRy2sX1paQWiO0s1xKkSvjOSqsdzYHHGQenQHPifxV/bogSSbw38K9JuvEOsPvhW7gVzZRytlVkRYwA208jcAp7kkc/iGbPizP8AMamHwtGtOLk17R3jCMbpJuTsrLTZ36pH6VluFyXLMHCtiJUotQTcXyucn7u0evztd31aR+gXiP4h+G/BNncXmrapZ6fHDHJITdTIjBB/zyQncTjPQLwo74NfB3jf9uC4vrq60L4f6fca1K7yRW1wiNIhkOU81UUMoVcDO4AYOQeoHxPrtr4w8Uag3in47eNZtD0x4zOmkm5xKycOIktlZdqnhQeSASPevPfFX7SXhLwVp0ml/CHQrW22xNaSeIL+FXuZnbKPLEzKXxuG5Tw4OcHBr7LhzwgxGOdKrm1SeKqRlGUoXlHDxvZtOT+Lrokl5dTwcz43w2C5o4KEacLSV3yupJrld0umllbVryseofEBfH/jG7l1X4n+L30CwmBaLSYZw9/Nj51RYFJEPmA7cYAAGDkkivDNd8XWHgLSLqPwzpESNdoIotXvVE2oOxyN8akM0bEeoTn14LeGxeNfHfijVW1a7vJHWSQzSanqMjNbpMcOxRXA4IJARQwAxznJqz4u8aaVDATaq2s6g0Sx3V1MFFpHMBy1so3LwfmBHzE5B75/e8n4UweTUqVChQpQUbJqnBRSSjHV2Sbs33e73Wi/Ncwz7E5jKc6kqjvs5tt2fLayb0sunu7mzpuveJ/EgafWdTa3twziW8u5D9p8sqSfKDcImDkADGcgAYIOHdeJdA0CS4TSoW1y8iDeXd3H/HuZXyCVBJVdrDI6/MDkBsk+VwXniLXdQt7Gwt73VdQu3WG20+xjlnkk80BRGlvErO7c4A24UkA8jn9Dfhr+wJrGi+FNP+LH7TniS3+E3w7ncahHpV7LHH4j1qyixI0Vtp7Os0bSAFR8qlSSduQBX0k6lHCcjkle6UYQV5NpLRKNm732stN2tjyKUalX3YpNu/NUqSSjFe7u9db2srb6rRH56W+h+Ovit4qh07w5o+peINQKF47HSYGligkVshHKKVQcnJYhflVvav0+/Zt+G/gf9mvwxqPi79ofXLOx8TXVws+n+Cre4SXU9gG5Irq3Rmw7ggEOAwHy4x08l+LH7bnww+E1rqPw7/Y88C2vhm0uYzbX3xH1a3in1/VImj8t3tXkDtbsWywkRi2cHGcmvzum8U+K/Gvic6trut6jq+qXZD3N3f3U080zkjIijdmIIzkKqnbyFA/i8XNMorZ4oqu3hsK2pSja9aaTVotptQVpbJOS6nq4HOv7H0w8VXxPMlzp3pxfuq8U9Xb79Nd0n+qnx0/b48R+JrO58O/DXT4fB2g7/skElsudTubfAUBWCjyVKnLBeRu6g8D889b1rUdauhPqN/cXN5cBneW5kea7meTBKqnzsc9F2kknHBxV7SvBvie4ktrhtNk0rTZH2nU9VUxebnBZoI5B5j5ByrYx/tZzj6O8HeBPD2lSQX9lZx6xqcUgFzrWrxAQxyEFytrZuxU+WMEOcE4Bzkc9GV5Lgcro8mBwi5rxvNRvOTVtZTs2721d7p9FpbzswzXHZpWcsfinTppJ8qk1GK3ty3Sb16620aVmjxLwF8INb8Ql725hGg6cpMh1PVPkZlxwIICA8jsOV+QqdxPHGPftK0zwT8PkjbRNPTW9SmVRJruuKGiS7L7d1pbtlVEZ53Y9zgE4sax4hit7hjHPNqF/JI0MUTAGOIIQGaGJQFRMDC468Y4Ncl4ssb29vNNm1HFrZpbh2tYmChg+CfMwAFd8DII6ZAOcrXv/ANl4iraviOanSUdIJNKT0fvbOV3bsrX00seM81w9GLo4XkqVOazqPRrme+r6WXprZnd6x4s+02zb5jql67J508hZbG2BB3C1iUBCcfIu0dhk9ScDUdTa+05E1O4ENvEmLWyiIUENklplUKNzcEEgDGeRnB5LU9etLK0aNZIIY4IlQY6IoX7sYYHzGOTlichjjPevnzxH8Qr+6aa1smkRXJQncTK6jKjGcFQO7ZAJAJOemH9kzrSShTcIOyvy3sny6rbp9/zuU82hTi3VrKcrL3bpK+j1S06q61V93rc6vxv4z07TRHbWzQG5CFIVi2/uVJAJlbAyTxnJOMfKD1rmvA3hvxD4xvNQvoJZJF0+Gad5FbnAUuEh5BOADgLn1wK8fPhnXtciu9QhgllsrNy99fyuy21uxYlUErZWRgcHauSM9M8n6S/ZY8daLoXjnwppvieLf4ds/E1lNr90AWBsdyrKJUPyyW43ZaNiwxnIy1Z5pSqZXgK0qdOVarTpSnGCT5qjjGLtC7W9tNr+ZWVVKOaZlh6dWp7GnOrThKd/dik4r3raJu6d7s/eL/gj3+yv4hk8U2Xx38U6S+m6ILG+sPDc13CwuLi9OVa8RXUkKpCgOMdip4yOp/4Kv2+oeEPi78EPEd3rUmtadp99qN0ke8yRpOsyFoFX5lAA7leT82cfd+sNG/az+J3w28LpefDn4a6F4u+C0y2+neF/EegrGkFizoGkW5jtkYQMxDFi+0bsEkE8/nB+2d8dbv8AaX8S+ANIHgW40mXSJp7dYrHddXF1q77TIwwpGxnAD8ZHHXFfwtlWXcX514uS4qzjD0aGU04YjC0oKfvUKPs3Tgpxdvfu7u8U09D+pcwjlOUcHRyrL6jq1uWlWU7S/eVeam5SvG8WnyprXsnpe/yx8XNUfxNJHrFhbyRpq8Mt88qASMS6hvJA5xjDLtGSCBkAHjwGaOKOxklgVGvGUCcyKUOCAGBQgbc43kBecDByTXuHh6DxF4S8W2dr4z0rUNOstH1eEtpeqWs0f+gvKBM/7yMJKmwk4yVIHvXuv7Tvwr8IWOh2vxR8CTWz6D4hNtbXCW8SR24mVFDvAqHEcqsSHUAKSucHmv6vyfMMFl/sMBF+19ouSnUi+aN9HG7Sb02Vuj8z8KzPK8bj3Wx817ONKzakuV8qildJWu7qzVtu+l/lXwrYvf3GixeXuRAsjnbkK5IyAQO2DgYPIXgGvo+7zZaVPCkCmTyzhsAMqkenYtyMHBB9+vE/BbQxeteXkqM1vZNGYGwSAozjGRtJ4Oec8jGSa9g8Q21uz29sjAtdyB2RMK4TI253cDGceoPU5BrnxOaxjmU4LVQ+JdE9NPXSOuz21PNxGElTwKbvHmUVzbXslZeS7N9Ffc8B8yeOWRo7mSNimZRJHuG44wB1Xb1wAeozjA5pCc3F2qvCLrdMhlEkQRTkjJRj2yAOM9we5Pus2j2dkrlbSOTzVCqrje7EAKdx+bBB6gHPrjmoLXweL2SPy9OzLKxcxsMIEUFsqAudwHQc5wQehx6UeJqVlT5GpOyvzJJt2sknte+myb9NfjMTl1SVS8ZNq+yu7JtJaLdNNaXa62toeIeIrfTW0JZrzTAwXUp4WuY4cqgZQB+8xlgDkBSeuM4OAfLLjSWlSHy4mihIcxP5IEbKpOzJJHJxjOcE9R1FdP418a3FtpKeG0dFjt/ElyZcD94VjcqY8kZbOMH3yCoxx0OnXKXVhEk0YaGaBWQbF3Jk5O0EbueQQCB36V9nkKmsMpV3pOpJx9525W4uGqvq07abNr5+XjKNV1JRpyUZxSSuktuRO7urpvyTvrvoeZQW2qvIgIdYIpB+8QBGI+7kBW5x2ODk7gDkiux02HWoJVkt7i6MJYEjcDiMAMS6kg9D904BBBOSMjRn060F1DFYtLAUlU75M+Xu6lSSTzkggEN2z1OdaeO7YqiSWxDPhniKo7YBXkgsFGeh6HJ4yK+klSptr2VRxbSd7tq/Kr2d1srdP+D4katelKSrwU5qX8RW0V1aNmnpd7au+3c6/Tv+ErujFb6e0Ny77TFHKipIu4kAbmYcM2B1IBwc4zjp9SsfG2hxxX+t6RqEVmjAS3kLMlsrYHAljJVs89z04OeR5PPqGsaeCsMshOVRHSdi0YUhsREcqScLu4PUj0ruNJ8TeLdZ0600PUdR1K506ScAWsszyxfLtyxyc7QDjtjtXJiKM4UZv29Tm02lK32fNNPR21263HTx1d42hBUqHsXJe0Uovmsml7rSave903r2XXE8UfEHUbY40fUJrYtkTkyysVQKVwSxK7gDkY/DkYPn1l478SMJJJtbv3RmYRhbqRcMWzu2AkBfXtwO+BW1rcdsdQ1K3eCIRxyuq7icNtDKcsAASACAOePfJrL06Owlh2NaxKIlLLgD942TgqR19RnGcegAow9Or7GHPUnJtJttttP3XfVW7u+muuyaPc+uUZVHFRhaPK7Wejdlazbu2k9eneysSp431vzHEuo38p2kDF5cMCSR0BOFyR7liODjgUpfGGqyXAM9xdeWAAMXE5JLYyDgAZYt0IznJxkVtWsVq37xkgjVsj5EVmBAYEngYOcE9TjngEZgxCZChKNEhBPyICc4x14ABy2OTjGOSAM6jcW1GtP3dWm7Xs4rS/NbVJ67aadDOpiaUGuaC0aaaSV0+VNS13tpb7tzX8Ma3q91dPDHJCtqYpXY3DtI6kYwwJOACwGMjPPXIOGHV/ERurkSyQeWq7RKIsnABGUcemeTz6HHeXRoEOpOI4onRrdzx8pOQxIODt4J4AyM556504DjdDIoKhmUbQDtO4EAZJ4GecEjg5z1GmHTk1J1ZN2UdJNpaLS2nlbVqyWy2meKpzUVBbJLddNbdNN07aLpocvp2r61a6owaSF4fLLNJ5AcKDkkrnowJ29Mnng1papdzX8F3cLIjWyWzMwUNExkAwGwuNwGeVIxnnHArYnsFR0WNvLZgpY5U/J1O0ckZHGMg4HAHBNO/eygsp1jB8uRUt2baBh3ZVboAcEDJXDHAHTrXo0rPRa2tdp7aRdrN2/xbW798I1pcyulHVWs5PTTTXS11re731SscR4evf7P0+KZ4YZGmeaJWZm3t5jBdxyAeM8YySAScZr7I+DPh22l0RdQlT/S45ZCFjdlBVlyrFgR86gkgtjrkjqT8urplnA6wohmAkhaKNgGADAFtoyQATgHooyT3IP278OFFn4MieOHyhcuTu+XcMqF+Uf3c9O68g818Vx/VhHKuWSUk5xSSjd8ys9dNE7Lrez0Wqt9DlLcq0uWTjKEW01db20TT05mla+lnvd65l3p7XV7ahJ7u2WO7l3Zu51BZicPhHXgAZPHGBjjo278IWtwTNOzTKnyP51zNIzksSz7JX6MMkrxtwOB8uL9xbTRatpKxzh3dpZ3SVlGO+CmcFT0HfqoUDFReJNWW3ilVVjLNy7KcCMjcAfvA7QBxgHAAKkAV/NGZUJYjEwUaMU5RTf7tXfw21UdbWXf1T1OnHYium37So7Wv77s3ontu97/AH3e7zrnRdAs42mhgt5SFUKGjVmzgnAyWy3AwRnAx1FWfCF7pc1rctcQQhY53RiAiNuUjZg56KwwTg7ieCMHHkWv+LZbe2jSFVlkBZRjcCMjG5iARg9MscAnjg5HlfhrxXehtQklaYR/a94UlhGzFupRsY+bBJA/h9ayqcN4mvg6vs6k4yvFxUFZK6TaurvRtWtbq1oeD9bqKXvOTTaV5O6u7a3btfV9fWzuj6Q+MM2nyeBNVto7eN5HhDpkAnhmKPlQWyOoGfZQDnPzr4Jsra10myjeBlMy7pGJKklh8v3sEcDAAGeQCOtanjTX7280cxFyTctGu1X3bYlwDkDj+Ik9AQASABiq+mtIlhEJQYxsQRHaoDdOMjqOvI5I/Gv1zw4p4vJslq4fETqc8q7lF1G9vd196z183vfXRI4atF4qftGm+VKKWrTk7a7pR3ej06K6tbp5ZLaL5YrdJE4TPDMGxwTjoAc+vtkjFebaVFC8t5KYlVk1KYMFO0kZ+7tAHQZzkAYFd9bKscTW0+xZ5pA0QO0/IM8qRhhkZHAGM85BFeV6FerHeauIVaYjU50YFWJQqSA2OeMcg5yNvPHB/TcNi3Vg3LV6crTv27O91ZebWjM5YaMaNRJpuVvds1y6K902720vZaK99j1s39usQCRKzARqGYAbduVIYgDuOu4HAGTxVK7vZXutPAJWIuN6IR8vQ53HAbAJLHt0Izg1l2F3EVdGVg8oJJY4BxwQB265U+w5Iwa9X+FfgOL4j+Lo9AKSW8UWm3FwJ1cbjJGjGNSDtUKzADg4GSMY5OtfM1haUqtZ2hT5XKTSbSvHqnrorP57bEZZk9bFYhUqFnVqNuMVq21ZtNpa2s0+6belziLox3rxldqeUxQSp+7mR0O7IKkENuwc9CxJ68HsdF+Ivj7w0Y5NP1Y6pb2jBU0/VMTJ9nbAMSyPkgNjATqpOCMmuQ1TT59K1W/0iZGV7DULm2MjkKWEMpjViSTnOOeTwQRgDitNcPFG6vgI5C78qMKCc7iMYHoMkgjPrn0KFSNanCqnpOEZKV9+azXbbTdtq/kjhrwxGFxFSnNyUqU3GUW27tNafLbe6167/Tnw/k8G/HTxlDosqp4O8Zy2xZTESLLULgqSYxEW2Y3ggkKCASSCcVP8Tfgn4y8ASXFprltJPbvJut9RtA01hLEuT806ArGQOqsQR3wMV8e+GvFmpaB47sda0adIb+xnH2a4BAZHGcE4PA/hYsPu7h35/Wj4KftT6H4qkn8FfEzQor6G7VEub2SH7RYOrKFkaVCrLEWPJkUkruOBkjGkKns6ii5tRlbWV+VNpJ632drq+muielvSp5jUjS1imotXjZ6p8qte9nre17H5t3ukAtG6zI+0lNinCKQQCX7HBHU8/maQ6XFEoKuudgYsSMk85YLk8Z6ZGce3J/Wj4i/sdeD/ABxazeIfg3qNpZXE8f2ttAuWLW9ySvmbbG5bOC+TtjIwOAcfer86fEXgXUPCWt3mleJ9HvtIv7aR4BFeRNFFKyEqxhlYCORD2aPIwOT0r06deEvdi76JtrZ7PdX0flo7abno0K0cRCMk7OST5ZbrZSTin81p1vozzeGwtpkJDt5o4BA2KARlmyMggkAHqQRjg1Wt7UzXLWsO4hmCu5c7e5IB5A5HA25zx94mtzXb63tbExQQwB1QjfEykAE4IOOWbHXI46ZHGOV0+a5dJRp8MzzSnJK7mw56hcZJx16ADI9a6oSlK7a0il5OzcU0tNdm77+a0tb91tJp6ej3j0s776q+33HVXDpZiONpGcqMCIYJZhxknPHqOuRyOQAIodIuNXkKsrxW4z82SAwOCG6jIPbkjkdMGtXw/wCDL2d1vNUZgpO7a0jGQ7ucNuydu442469MgivWrfw2YoOQBHtACqcMVXpg9zg9OPwDZqK0lFqV7J2XZrWKs97dNdeqasm3leUnd3T06LTbVP8AJ6SX8vby+y0b+zXXyVRWjU7XDFiSMZaTG4HHXvxzzg59d8Haj5EyGZmD7l+cJlFOclgSBtA44xnrzgcwPo1vao9xEoKlMzpMQx2gHheuGOWAHQ8+qkZ8erCzAEMaRoWCojAlnQcZwAfm7qT1Py9evLikqtKUbcyaSV7NPRXTtZN/8M9Wj2cucKdSDUmpLle7/uta2ja/l10eup9aaJqWp4gu7G/RJIgjMh2p5ijkcbgcsM4yOc4AHWvafDXxivtKvoSt+0F7bsheFphGu4YJMR3AHOOM9epz0r4y0DV3ktlkknYgYbYZNhUA52qv44PAJ9x07K4i0vWYl8+Typ0UstxC22VXIJAcg5wB1z7dq/E+K+CcBnE6v1nDwacXdyjdPROW60fV73Vnbt+y5BxVicDTpxVWTguX3ZT2+FP0enfW12fv9+yx+0k3i26g0TUNWVbpkigjSRgSzE7QyHJJHr6+g5FfUX7Sv7I3wN/aq8IDQPi/4VstakFuyaXrsSrDq2lzSIAsttdxqJU2sd23eQQu0nrX8x3wi+LniX4P+NtJ1N4mv9Ls7iJ0nJbcUWQHDtn5iQMAEHA7DnH7Pw/t6WWs6RZz6bKguWijWS03DarlFGCTjBGSD/dJ+bNfx7xb4eZvwxnE8dklOuqEpRqUXQcqfsZpq9rNWV1e3VbXbPv4KjxDPD4jB16GGxCXLiFPRzdkleytZ681731ufnx4v/4JpftwfsS6pfeO/wBiv4rXfjrwTDM17N8P76djqK2iN5rWkdu7tBOFjGwMSSww2AzV7H8Cf+Cx0mkXdr8Mv2ufhbq/w18VxXA0++1PVbOWDR7hy6wSPKLuIQspJywjLKRjDYGR+kXwf/aM1PxNL+8VRIAnm+ZLthZGOCQrHGBwWbk9QTkZr0r4xfs9fs7ftMeGW0/4u/DvQtfM6tjV4raCHV7V3XCvbX8KLOm3IYOM84yBXzs+KMPj5zwfEuBjRxlG0fr+H5cPjE1ZOcpwXs6zdr2qRT68zbbOXM8mxeUzgsZSVfDzaca+H96Kvb7Ls4vV2alra6XR/H/xg/Yr/Y4/bF+HfjDxv8JovBun/EzxBpEsmkeMvBF5baffW13NGzI1/b2bjzlLsBLuCNnoMKM/yxftB/8ABKr9rH9mZbjxbL4O1P4jeHrlboX2oeH3m1KF4S7Ms1xbLukSdVJZwidjySK/XH9o/wD4JrftK/srjUPiF+wh8TvEd7oiTG/b4cy31x9vghV2laO0keQreBVAHlyEAjHvWF+z3/wWY+I3wvvovhd+2N8LNd0S9jdLK+1XXtOltRJMuI5JkjuYvs8qyENu8t3VgOeuB99wTxBjsiqSx2RZjRzvCuyrYScl9epRp2cE6UpKo1q9aUpRutI62PJx2UrMMC8NUlLEUpN1KanOUeTmSvGM7NXTWkZpK/R3ufyr6vcanoOuXM97ZXllGFlgn0rVVlsrq0mP7pm+zyqsg8v5iCyjOMgDbk+3L8DoL+P4TReFfHWg+K9W+KWtWmnR6NJdpFdaTqdzMqRW9xJuzEmSq72Kr1IOSa/sj8V/s9/8Ezf+CkHh251LTLHwjYeK9ThDnUfD01ro+vQXci4L3EMJj88723FcncfUGvw6/au/4IAftBfA6+h+IX7NXiS7+JHhnSdRh1bTdIt5JLfxJpslvIJYpYFVyrpBt4dTlmXdg4zX7nkXjPk2Y1lgMwVXKcZJOEoYiMvZOckre8481PVbziknu7rT8zxnA8cNiI1Iwc4OV1TqWhO7s2k9FOK0bs+ztZWfxF4q+BXxl+GnxT1L4J6h4fXW/HFlbWTWXh3TmjuYityiGCaGVGd3wpHPT7zBucH4B/ab8LeNfBnxiuvDvxA06fw74m0+0s3vdMuF25QRqyAgjLAIACCMZw3BGa90+MXj/wDal+DHxtn8feJL/wAW6F8UNFtNNjm1HX0uInRrGNFS3cyZSVQqAY3EFQSx4yfmf42ftIeLP2hviNbeP/io1nf+KLi1tbG+1CCFYhNAhSNpHCLhpdq5znIyfqfrclw+aPNKeOpV8HisprYepKVSnO9aNWTg6ailJpwtdXTbv5nDnGHy+lhKtB0MTRxkJRdNSj+7cHrJqV03J2Vk7przPqD4S+Gddufh5eeJvCuqQ6ZrCatatF9kvWs76OFF3PLGY3V1ZQCygAk/KRyAK+0vBf8AwUs+NX7MXw/8MXM3jSPx9Bc+Krmy1LQfGMUeqwvbQM0Qiaa58yRkdVCNjOM4AB6+A/DqT4eXXwu1ab4b2Emp+IfDcdvqurXV1dPBarClsPMgWHdl5i+VXapGMdDzXyj+07a3WraT8PNK0bw8sf22C612/iiZW8m9u5d3mSdRH97KAnBxxgYNfe5biqlSdSEoSpxVSzevw+7Zqyd03Zbb33PzinKr9bVNNS5pSfKuZ2iuXXSKvzN2lq7Sbu9T9noP2/8A/gnD+10lzon7T3wH0r4c+Krl1+z+NPBKHSfs08pAadZ7WNJHRWIdkIwT3ODjFv8A9gHwj44S5179ij9rvw54w0pSbi1+H/jm5t8yb8MtgkEzM9xKMrEPMA3YIPBBr+aE6DrdjqM638gTyThV8wKUfpglTg7ehwB6bumfXvhLr3xX8Na0bvwHquv2GoxSLdAeHp7k3mImDGVUiYYRVUtuwqgDOSp49epRwUb1q0rNK7k3y2u4pN6/O+rWh7dBY2dZRp87kt4R5pNvS94b2W+r6bppp/oT8cv2RvjR4Du7wfHT9lbUjBCW3+M/AFjIlu4JP+krBpSTK8RXDfvdobowBy1fDWsfAzwVqM80Pgnxwul3yxSOvhfxzatpd8JySBDFuALMCcBpQGLHc3zV+o/wr/4KtftIfCu8t/DniXWh4x0SS0iTULTxfsukmQAK9tM8yykMw4cDk5KkAZz9Ral+2T/wTh/aIhjtP2kf2ftJ8LeIL6KGE+KvASJps8N3KvNzLdWaxyylW+cgg7vm9AKulllOtGNWjWile8U3o03Hd3f3fDrp3CviKTm6OJw8W17sp2akmlFPSyd7NPdW3d5aH8xPij4E+OtB+0S6x4VvLiJZBt1LSlGoWrRD+OMWZlYLg5y6jGQMcEnyPVtDh03EMUVxasHBVLlHgkDsCGZ1k2tx0AwcZJwSOP619O/4J6fswfFy0mvv2Qf2zrLw7qUwMlr4R8c3aQ2zeYQTayzXUpZgSQnT5jhuuM/O3xh/4JVftk+EbX7d4p+BHhX44eE7RmkPib4dSWjz3UXJMrXNq3mu5QbxtUk4yp556FSnRnacVK32o8zV7pLW1+99X8mcUsPh0r0ZKN7WjK6b1TaTa3T81qt9Wfy+Xmm3KzsxVnRAGMm75R6E9OCMcflzjDNp86Mk71G0AgN8px3wAuflyATjI7fer9O/Gv7OXgLR7/VLLxV4O+Inwl1FZJALTWdIvjYQzK2zynuLuOMeXuyMgnHDAleK5HRf2ZdLWxa70fUNF8aIZSwgsrtIL2KJT83mQz7Qxx8uVyepx1NXWlKEJOMJbXs07uzSaV1ZrtrZ+UncJUnFc0Wn2Tf5uyWqu1Ztp23PibQ9Tuo3LXMuMoVRdrEunAwe+G4HHBAOOenoiXEcttFaxWr/AL7Ehk2ndG/cnG4fKMbR0yeTyDX0Lqvwu0Gx1OO21HQNQ0WOJASJraXazYKqq3CgoFyQ2BnjOeMU238LabotyIoIhqFvMW8uP924XK5+85JyoAwuBtIOehr4zH15Kq37CVtNdO0d1be2lk+i6u5hKM73lGy/mVmrNR0d+m6TW2z7HzBPpGoG4SRJTIhO1XDnchJ+YKO3rjHXJGDzXu/wX8Lm/wDEAe5jjubK3jMkxlCqd6Llt2QMhD26Hocda3Z9CsJLlUh0wRTDDYPMSnJ8w5Y4LqvGN2CwIB/iru9DsbXwqUubZjD9rC+Z5hBDK/8ArBGoJGDgqCfmA5OK+ZzbMKk8LOlShOFSSUV7z02i7X663atrvruefiq7pU5dpaWT6aJNXSvZu2qvbXXr6hJqXhrQLCdrK1SeeOSUgvtVPNYlViiB9OMDGMZ7dPnDxH4hSbWIrWzgKSyyma6UnJUnjIx8qhFJPIyM8dzXQeK/EllFeTtG/nq6NJFaxAr5cigjcRnqp57YOM4Oa+a5/ETPqs16WljnW5AYsSVEPm424xlmKjqccYzk4I8nJcnn7OVeq3KrK7cpO3M0ldKX466PZ9b/AD7p805Slq2t7JcyjqrNK7d7PXe1kup9ey+ALO+0BJdIMsssssT3LtIV8qR1BLKCcld2fXB5wMcfTf7O/wAM7fV7uFFFxcpZ3kcurTblUxRQgechBALIQpDcFiMKRkAHxb4f+I9O1rQGitpIS4s4o/M/1QjnCrnIB+8DjGcnOBkqK+kvgTquk/D/AMcaFqmp+IcWmrl0n0hwGjvLjlUimXdkQyk8swwBkHJwa8rGVcVyYjDRclVi2qTvbRJRaTbsktFFdXok2nf4/PPafVqySimkopXastFJLmklq9Fq93ZaG/8AFu0tkubq70aVLTRINQ+zCC1j8p2EahWllH3SrEMCc8nIOQDj88fGV7ceHfEuImQQXs8khkVWUMrOWXavABUg5xjI5HBGP2P+OUPhU+EU1HSdKUR6/PLKzNGsVtb3QdmliglzyipyApIYjtkGvzM+MnhIappUWpaVp7XU1hHGJDFGS8C5BIG0ZdWOfmyScbsnPGuQY+pTcKGNh7Pm9y87RV7JKd+rbVlfW+3U+cySlR53zxgoTi1Jy29ps+ZrdqSXz09dzT9aMWgxzRspE0MY3NtyWKr8yBQSpOQTnBDDA4zjmtY06DX9Iv8AS764f/ToSUMbhtkjYHzD727O3qcjGPQVzuiRX0Xh231CZmRYZFiNn/HGu3axkVhnOTkD+7t9M1DLqhRftEBCLbs2ZGHR33AbcknIAPAwSe/YfVYKm1XdSk7KMlUbbu5ap+7dcuz3uumxtPCRdR8sYtxm3FWu2k9HF7Wd7pu2q2PmXVvBV94Q8Q29jfPMbQuJLe8EZ8twv3VB7MQMHrzkHPWpviIBHb6c5jfYEQCc4BYY6nGAM8njvuDAV9IatFY+I9MI1FvMuY03WcoAwpC7izN1J3EdT1BBPANfJ3i7VJJHm028lMyW8zRRSLldqIxx3OcgAluvsMEV+oZJjKuJim01KEUnva1o6NabXS0131s9e+jSeIxFJTir04pO2zaUU1ZNt7q7in1MOx1aHyZIGZShbahYYGQSMkjBRx2JPH3cnitCWOwms5Hhl/0ptpKs3GTzwMY2gHOOp4I4IC8UsO6O4aJU8tCQJMgFlz/Cp4DDgk847+tNm1KG3hhDqUXy8LySzPtIBYD3PH1BJ5r7BV/dUZy1dlfbTRO7Wqt0la9rpWs2/Vp5fKpUvTS0tZJu1nyrqrKyvva3k7HXQ3N7JNbqZ2aOEBJGcnEe0nGz7wUHjHQ8DHcVektmkE0kUiq53ISo+ZyxB3ADBYgdSMjHTPBPncOv3AjbDhYywRyRtcuOmCWLfd7Ec+g+XMsevXa3KpCeB0kZVH3h1YjaMdcYGOR9K5q8m58+6aja17pWVut3ZaNreze+p7lLL66Ubre2idktFZrrsneyV2n1PrD9nXxXp/gvxP4wutXvIoEi8LymCWdvLBcICAhYrubPGOnO7HQV8qeNPFS+I/Fus6xOWkiv76e5jfcdoiBYICxxwRyq44GcDOCK/iW+m1OO3NtO9tMsBW6dH2eemPmQhWXI4yQcAZxwDz5Vdm6kZLaKTzEPysQQp2g/cBDdTk7jnOCee1ZVMTKpSjS+zGTadm9bLe/VarRtvbzXtYTLoe09q/em+VO8bpJcqa3vdaK+ut7avXv7HVJrmR7aJ3lSV/Kt4hJmOPaeMruxnjGSuATkY7ehQNH4fhjuIwxvphHhiQVEp2klQSCAP4ucFSeR2818FWi2Amurho22kO7sfliQZL7STtLkk4xycdga1dVurnVpZZ7Vma0gzBbqp6MwYBjxyCcgnkY4HWuBwnZNbaOVu+l912Vl1d+h0VKblLl9naKVm+VWez873TXnpfTRn0J4R+IWq6deB7S4imaKDzHExzGkxAYsgPyplh/CDjBIGcEfSFl8UPD3i/w1c6DeSGbxDcurXEDx7bdRkALE5AWNnBBODk5yBkED4T8I6J4iuJ49PsdNu9X1K9aKC1trFGncPK+1FkKZ2bmOF3kD64Ir9Ffht+x18Sr+70m8Twf4o17XNPZdW8TeGdO0q4f7DplvGs5lubmCN0VQmGYEgheArYIrhr0aDi5SUU09nZpuyWy0c/J8zs22r6PgjwRHNK3tnQqQakm5JWsrpPZK7Xm27dV194/Zu/Y++JHxZ1ln8NaPJ4f8L6Q1qdW8WawTa6BaWt6wSSa2uLjYl3OFYkLGXIK4Py5I/oT+HH/BN74J/BE/D5PhjqGk/E/4k6ijaj438W+Kkgu/C1i97B8lhDaAyWUd0rvi3jZ1llIBPTn8bfGP7SXxuPhHwb8KksbLwh4FFnb2+g6bbImnTzXGnzMpn1OeEJLKVIKmOY5cp8y44rK+G/7YfxV8EX03gO98e6hF4ai8T6fr2v21nvJuxZyRtIILncWjKxxlYirEKRjbnp8pmOXYmpCU8M04JJxjFWd7pv3ldNyX91pK7sfpnB9Dgrh/HYejmGE9vXUlCpUrRU6ab5bc0JWdrpN2WivqfqV4t/4J96bDdXHgj4meGB4d1C21PXviBM/hBPtV5qiIzXdjZalFbhls7a4BAjXIKROFG0jFeTeK/wBnnw38RfiNZJdzX3wi8P2Hw6vbfwpot9AbixV7K2eO5vZUiUsou5FLtvAZCxJOTX7a/sefGLw98aPh34i+Kvw5v/DsenSae9n4mvPHmp29x4m2wWiRNbpFdO0gtZWR9h4XHy89Dytjoem+JPiJry+F7XwX8QLWW1+ya9fefaqdL03VUEMumaUIy/lMHLBzGB03ZycD43E4jE0JRjUnWd5K1OS5ZpKSTUZJJNSd1J6N2VtWrf1xw9wD4c8XrEN4HCUp08PRqLFYefs41JShFzspK1NxcoqN5NPVaaI/nj1P9lz4xeA/grd+P7DwnoWq/D/RTqOq6TrUU1tJe648MsqTTraKzN5aBDLECiyE/KU4K1+c2m+M4o7CTVvEFzOJtV1R5bdpnKNaOrktH5BA8tY2XZkDAXB6YJ/rD8V/s86X4b1i+8NXOpy61by3iz6D8JNO1JoNM0q1tj9ue7nlkdYLiKdyyXVvLhGQupHzYr8gv28PgJ8K/iF4F1r4h+A/hvqXwk+IvhRHTXLFYAvgPVba0uXimntriL/Rkvplj80eUSGZsbiFIP0GX1cLj6E6Fa0KrppSg21Nykk7XeiktuVtPV9T8j8UPAenlGHnmeQVHicFGnKco1HHnhBbckk2+TR2esZdJWtb8ofHXiSS/aDUNNvB5sm0yx2xCfuIsYdyxBfJGSNwBBOM1x3jNm8R+EtRuri4jsp5LQfZrRdqveOiFXn3AFlU7WLBcA9cHIrzfWbzV4dEudSv1ig023tWtrG4tZRG0sqhQUHILDIJ7k8j72MfOUXjfW765exmvbgKG8iOJpWJjhdsMqZwMsvLFRxnpwK5Y8K0cPWjVoRUOWXPsm1HTmt1d27Xs313P5epZPOlXb+FU2ktbXaspJXW172erfns9bR43F1cTyyrGIIjEg8wnzZk+Ul8k/MgUkDrkA9+NefVLvU7sWVzfyxWsdsqCZlKsSBwCODtUgbTjHOCTwRk6JFY3eqy6YlwLdRIkzTTvlUfkKFUHBZ34bOCQecLXWJ4O8QDXpzZxR37ShY41VfNWNXG1Z3IUqiEHccnqOcbRj6D288LdqXIuX3pJtJJK7ctIu1+yb297U6qsaftL1IwtD3pOVml8Or+Hs9rtd9StYaomm6nYWUFwk76iFg1KefIMdvu27lViBu2AEAcsBjDLXtXiPQPBmmXOmodPEb6nZqDq5VWDgKuJkXja4yAT8rcdipNeZ6j8PdV8PynX9Uij1NrMpNLBbSfu7Xy2BHmsuCylBt2EMCCRnb09JtvGHgvxzojQNaLZalaxrtMpKBDGu1lt2AUAHBIXIySAw548LH42pU9nUw9Rzp2tJxu+Z3ik7XtZLRvmel76qx4GaZo5KMaCajF/vHG/LFJRSm92opN6qT0vq9U+SvrDUPscqaLqZktbXfJbRtOwecKfnUrkZA4O3G1hwQwOa4uXXblJoDqMzxzBgk8aKwbyy3HK/dwARnIwpwo9Omtrq5tJriK3spbqKMMyTFCCqYwVz8wwmRkKSM9QSeeLvYX1G7iWANJeXUoheMJuCAsF2sfUE/eGD2AxgHnoRU41JV3Bpa3tfS6smrq7a3s1b8F0Zfj4VIcjqKUYJXfM3HRxs2m0pO100n1d2nqep6RrF74l1rTNDtbRpbNViQXEuZFt42ALTNkMMBWLgMAA3IOOve+M9W0nwNZz+HNPijvZLweX9pmA3F5UPmycEtsUj5S2cjBU5rG0aSz8G6ebVJUs717cPqF3Phn2kBhHCfm+YYKcHOT0HAHm+reLtGn1SbV9WUXttECbFF3PI8sWdnmAAAKcg7ceoxjcK6MupxxWJbSn7ODtBNKLk24ptuOnJdOytprrqi1UnXxLaTVKLco8qilJytF3XWP8reis9bnL2PgPXb+8vblIk+xKnmh7oBLWWRuVjjzjLgnqT9RxivLfE+kXejTmGe9Qzb5I54YcE2z7vljBXsMDBXnkjp06PW/iJruom6lhvnhsLiUCK3hbZFCFLKrFFPAUdByACwx6Q/D7wjqHjvXxZRytdS+cs1zPKSY0gQ5d2bnD7cANxkdgcE/apUsHRlWrOMIRg5XcrrliurvdtrSyutd72PoI1I06fP8MYpt8zVkkr73d21pp6LSx6T8Afh1F4j8RW8+qxPJo9vEXvbpmK7znJjBbAzjrk4HQ4zX3TeRR6Ro96+lI66VYLJbaWsUmFJOcySAY3xg9WIOD1OQK5zQtG8JeCtGg0+wDm7kHzxqw8sxhcSPIxIBDuT1OccD3xr6bxJq9uujWts1vFM0k1ssLbYRBjkyuQAQRuJUZz1HBzX5FnmZ1s2xvuS9nhKc2kpNWlblertrs3bdJ+h8jmOJnjaj5Vamm0lq1LSK1ktHom/JvqeL3/i3UtQ1FYIklv7xnkh+zoryxiLdtKouDx6kZHTr2+qPgt4i1r4TafY+MbaG40nWob1J7O8aEvbWYB5JicFWkwQS2D1Bxk1neD/BXhrQR/blvJA2sWdt5dy90yyIs8hwTBFyHwccnAHHJHI9AfVE1mFLa/ja50pUcbY4AI/OVTmZQMjZkru4OAeOCSfmcwzlUqtHDUMO4UoztOtpFtpwv2ejT0vdrq+nJi8PTxVGNFU2rRs1ZK/NyN7O+utu99bpkPxZ/aW8S/EQWlh4j8T3/iKazlmn0uymnlj021eYbpAlrv8AKBYkkHau0dMAsRn/ALOPw41fxTrU+va5FFbeH5ZLhp7eSQq975RMqw24chijnjIBUckHFea6d8GtQ8VeIp76K8ih0jTpzeXctwTaLFY7wzRQlgDJK6DaoVdpycAYIP0H47+LGlaBp2h6H4RsYrQ6JpTWa3No4jUtsw9xI6D55GK53kbieMYr08disXj8DChgKzqYqvyxeIko81GEuVcsZa2nurt6Kza2PFqZJhqUI0cNQi6lVvmkoJKCbgnzXv726S5tEtUtGuB/ax8URXUEXhLTIXsBbSKINJjuGW3s4IvlUtGjbDJJtBclQdxySTwfzws4L7UdRliYSGbzFj8tELeYA6gBhwNuMkkkYGWxXvttZ6j8SfF87XuqmSR43kubiR3JKKS+VcnrjAxkjJPGPmr1rw/8MfD/AIbtm1iWWG6ZpJEjAcGeZuiF1XdtQEc/MDwBnnj1aGP/ALDwMMJiavtsR7NL3vealypK0dWo3e+7u3ZHZgMp/s6jGjSoQd3J1WuVczfLFu0bOOru9dVa97K3S/CfwtpPhqCPV7m3S5v4LJXMSMClu0ikszAn5h8x3EgkN0HFP1z4h6dum0z7P5Jurky3NxbEquwOVIDEADnklTwQdvHTjrzxFrNvZX8ttbG2toCLeRogMupb7pB+8SpyW6YJzt6DjoLQ+KdUF1bRyfZba2H2yPIiVQfvBei4B+8OD0GPT5F4V4zEVMZipJRdRyjDRJNqOsopJvRJRXnrqj1Z4FSi5uMYtWu4wslpHeKt1SS2dls9T0XTNen8P+J/Dfjbw5a2V9P4Y1uw1OG2usP9sntLlLiMTxsuJE3qoLHdkYbg4r6w+I//AAUG+LHxf8Y2eq+Pnsl0XQZEOk+BYg66KLiG2ES3KwFAjTLsIDqp2kDbn5TXwTc6odL1CJbyz+z2cE8YaGGQiSa3Q8Ngc5Yc85wSB1PPvVrpWheMbO1Sx0mP7cUX7LfIobyoZtoV7kJgoyMQrEncxGT8xOf0fhLj/MeCnCnSr1KGCr1acqjhJqKUGnByuuzaSenfuflnHHhdlHFlsRjsJTxOJw1CrTw0pOSlTVeyqOCWid0r31TVk3of1j/8Ew/F3wU+OX7NVpc6hHbeHfEnhGfWNX+IGhWssenxXenq813Bc3Qdojcw+WoPIYDpu54/nG/bH8dyfEn9pDxn4q8B/wBq6n4G0XW9Us9NsbaZzZaZplnLLBNOgV9ixyMMoQMEHGOQK8++EKfGh/iPpnwz8K+M9R8IjxVe2fhO4vINRk0nQ7qzvJVjlh1O7VlX7O8btkt95CQeSRX7K/C3/gkpo+gfE65l+L/7Svgbw/8AC8/Y59d07StVs21PWVCrcXdivmTIywTvvT7VGWkYNuJyBj+0cl43fH/DfNTxUq1BOisUo1IySlThfmp01JNqSd5RS6WWiSX8RT4Byjwp40q4+vChRxlWOKoZdK1TnksXVhUXtpSbinBwdNT0VnKUm22fM37Ln/BKvwz8evB/g/4gfGP4n2Pwt+FHjy6vLhLGyiOt+NtRukLKk8dihla3t3bCqGC7gc5GM19IfFP/AIIJaZ4dstZ8R+DvivJqHw+i8OXNxozfECG38NosFrC7JJaOHRnvbraqQpIBkSE9SSPsH4xftmfs8fs4aF4g+Gf7IHhjw54uv/CmlW1tD4t1qePUItGuoQLZTo63Q/fys/zOVVQzdDwSfyR/aO/b48dfFv4V6xpnxf8AjFcXfinRbi1+yeD9Mu203T4YZf3i29z9k2mZtoK+Wdyg8HuK8nHYPhfLqtLF5jUpKg/c5Zxcqz0u240n+7k21K1STSS1ij6XKuNOP87+tYDI6Fapi4V1y1cLpQSlKMJwf1j+Nh0veh7Glbmv+9mldZnwB+GHx7/Zo+HPiDXb/TvDngz9ly48WHSPH2oubTWfE/iezkhmsb5dHnk8y4W2eORiJIx8h2kYPXxPSP2pNH8N69P4T+FsUf8Awpr4R+PLLxp4F0PU2e11nU9RbUIo0+YYubmCWKVxKoBVwc4I5r2C4/4K4eFvEvwEsfhG/wAB/Dk+p6focXhG3v70l9Fjt2iEN14hvLNk8mfVH5nWRxuD4IPJFfnL8L9U0rwz421f4xWv9k+NdR8Ozh9C8GX9sGsb6ddzQvcRBWQ29s7DYjIQxUHsKjEeI3DORzwGEyzG06lGdTmqwceZ06TlT5YO8VKTWt0ru+r1d39DhOAuLOIYY7H8TZbiaeMo4WHsVTnOhCrinF89adK7TUIzcYzvrzNJdT9Gf+Clfiq3/aW8TR/HyDx14ZfSPA/hfwppep/D/Tpzb3Gm3V7axyXVhZxTCP7S1vMoW5VgdrnC88n8srLWTqmpW2geKrKHTfDeqNGmjWi7rae5We4hKNI6HYkUgbjBKgMGGOce9/tTfBz4zfEz4XWf7Rt8/hKztPGd5ZQ6j8Pvh5LGLvQmjRnGo6tpluVKPMi75ZNhYFd3A5r4AS41bVbzRD4n1W4sbTQ7ZY7U3DsnnW8QC+WZMhlKqMAkBh6CvlePeIsJLMcNmOGw0PYzp0alOyUfaU4xja6snqls77tNXdz9G8M+DcZV4axGWVcylUr4epWoTitKlKpKX7xT1i7c0pSjJpJ6WbR/oi/AT4OXfi79kf4O+G7/AMW+HPBHws0HwnoM+t+FtM1a3e31vTUgWTytR1SOQJbvcAZulL78Ahhwa+Kf+ChPxN+G3xF8C+H/AIS+DviFpuneE9D1zSdF8MaZ4bull0RL6zmVLm81C4jZvMtdOxkhwYpGJLngV/LJ4N/a4+L2m2Ph34SaH8R/GF/4L1O4igtfBula1eJYSWESFfJumEq+YCjOTkhVBJAz1+w/2RfhlqX7R3xO8X+H59Su/CvgzwRZ3F3rZu9SlSG4ijlWQaZp5Z8LdXBDLJc5ErOSTkjC/U8E8criDH0svhRqOpGNSdCj7OFOlRqThHmqNxi+eaSspy1Uduz/ADXxM8PKXCeVVMfVlSwkfZ4ajjcZUxFavi8VCjJewow5+WnRpTnNS9lT0cnzNtq7/UD4SftQ2vwx+Mut/D7wDqd3r+i+BvCdlb+JL3wraR258T+IvLhJvPt8W0z7GwjgMzAKFxnOfu79oz9jb4cf8FCPhVZfEXwFbWfw7/aN0nToUvILqOKFvFREe9LHVUQBjdTlQsV2QZGc4OABX4CfFmy8WfA/9oS28NaGkfwz+H+tTeH7uHxBcSefOmiXsyxz3cly+ftJljVpNpYsuSDngV+3kH/BSP8AZ2/Zk+GmoD4brqPxp+IWjyWbpqkNubGHUrs28YVb29cgLEJ22pHAzllXPrX1ec5nhvqtTD15JZnQrKFFPkjFw92Mo1FJtyhdOysrOzh3PjeAcrzXIuKsuznJ8RfhzH4GOJxsZe0quWI5oP8AcqPM4Tb+K6jFpNO9rn82/wARfht4r+EfjTxB8P8Ax7otz4d8X+Fb6aw1fTLxAsqMrMqvGxJEkUqlZI2DEGN8kluB5xeDH7wBsPnC9QuSe5IOAe5xnjGTX2N8ZfFvxk/bC8Y+Nf2i9e8Jz/2pf69FpevW+mWbHS9BtnIOmQz3SoUZynyPIxI4yxxXisvwd8bTTBf7IEMatubzHwm0jhj8wG3POemByK+IxMHFwlODTqxi7q9pSfK3KO3u9LO+yb1P774Uz+nm2XwrYavCUk/ZVYqScqc4yUXGcVezsleLaS0t1v4ku8SfOTtBQIcNgOSMkjqAM8ckgcjJyBpJly6Bs7VyTgHacAZ5PGeeOABg8Ma9WX4H+K3mdpHtIhEQzoJTyOAnfjOMHjp17Vu6Z8CtbuW2te2aBx1JOV7HcDnPfkn1+lecpwjUs2r3te7Wi5bXSf4PRW1R9bTqYhqOj1SVtdXdLR3T0ut1v00TfiMUBE3zbpFK4UbgQNo5YkghQOCMf3R71uWgCCUMVUFSCdpIbjBO7jC4yffjsBn6Hs/2ebkxj7VrcMfluFJiXcuGxn+EH06j7wxivQdF/Zu0l40e81SaeDJCmMAEkE5yuRwfQ5Pp04v2sXKKundJPmfu7Xu9Hbd67vY3hUrpycrq6+1rvbbSy0Vn3dm13+RYxIZAN/7o42DqOMHpnPIOQfXgA8Y2rSF2fACEjOEVNxYbT84GBjHHOTnOVySM/Z0HwL8GWsuEFzdLGqsyu5B+VdwIHII5AGCcnkjvW3H4E8JaTA1xBpcDSwfM6zbSZFJBVQD3HQ8H0/3uqlTlWrRindqUV6K8NUrdVpp3ei1v5Gd5vUwWBxFdxbVKlOXKtbqMU+9rdNLvR28/sz/gh8y6b+1vLZRQvGmueCr2J3cOoLxSPINpwFbb0wMcjOMDFYX/AAWWsJk/bB1CCQ+csmiWEi5ByuEjXKEDaW9h64OO/wC1v/BPH9kDw54O174X/H2xvLZT4l8ETRx+H7ezjgFjdMcNKJgAXLJkt2L9G+bn4E/4K++H9Ik/aptpriygaWTw/aKrFVDKQyEl8jkkZ454B3YyMfTYfFUpZji8JQqXtk0oSduW1SFSLlFXv1Vuz73ev825fhcdKOVcQ4uh9XhiOMXiKFJSvehicMlTlK2mtm1FXelnfY/n9bQ53IKoWZsCLYjsM9CDgMOQD2yMEZ4qvP4e1CJpkexmSLYWLrEzD1xkj3ycfeAHUEE/fHk+EtKtUlm021DxJ8sgSNizhSQQCBnJyOnB5GTyeA1XxZolwXWa0gt7aOMlhHCheQMGHIHOTx0Ht1FfD1oS9pypPSTSei1und22Se72S0vZH9S0sRN0abUtJRg9JuyUoxtq/vVtVp1aPgS90tnkKT27mAbtjhCmXGRhsqMgflgd+leea9o1vGUltpPs83BZc7FIUcMCpJJY47c/lj6s8Yaja3QmitraKKzLSBJVTEmCGAAGBj2xyM7iM18/aloNteYKmZSA+MnI37hj+LA53cNntgAYw4YVyV5SSuo2b30cei3XZrvtuljWxVkot3jZf4k/db0ettXZ9b9d15hPNpep276N4ms4tQtJ4zFJujDbQflBIZSQVAyGXnj1Py/KvxM/ZQFyl1r/AMO7xJ7VlaRtKdj5mPvOsTZGORgDAUcAZOK+vtS8LXQbDDMiktuVmyyjkhiM/MeOnUkKcYrmPO1zRJGlszJCwVmeKRm8spnn5OjZHG3k9eM1MsEqkV7TVtrXr0fTrttqtXaxywxSjNtNtKzad3fRa2/C2tr316flmZ/Fvw/+02Gp2FxbQxTEi1vRIqo+CvmQErkMAxIcfmOpqeHviVd6PdXRe6uopi63cF3bzyxyQzI25Y0lQqwXcQemeB6ZH6h6rceAPGcDaf420KAzToYxepCpIZThDvVQQAWyQfXrjJr5n8d/sjWmrXjar4A161uLSTOLJ9i7cYO3C+vTkZxgg7RXnYjKJRgnCPtItq6td66LRrbVa2Vn5qxuqmDxKca0UrtX63Tt0213t5aOxa+HP7fPxV8DaxZ3k+oz+IrBYYYLnT9buZLhWgXAY27sxMTFAPugsMkcKDn9Yvg1/wAFKv2efF76fYeLrfUPA2q38scJlbdJpsLqVQTGTJba7lnYsvAz2AFfz5eK/gZ8RPCE097c6Lez20W5Q1rFJIikHAGzG7aRyCARjB45NeQ3T6jYtulhntmhYJJFMGjcZJB4YB/vYHBznHTmvBxGTxXMvZShJq6dmrN8qvommuqta1+ujPBzXgbh/PJRnWw1FTjJWnSjCm2kktkuV9NHrdW21P7lbD4i/B2XTLXV/DfxH8N3kF8Y/JaPUrUtcswDFdjy70JJAwVAJzyf4ea8aeO9b1rwtq+neBb63jvrlZEivEuIrqAAKSZSEckDAyoAwMjj1/im03x34i014IdO1fUraJXLbYr25AVsdVAkIUjGTj0AOTkV634R/ah+MPg9mTQPH+v2qBWXE19NKgZm+ZWDsQFZRtXOf4QOa+OzHhzH13H2ONcU5qUouLd0uW0brbWy2S7XN8l8P8ryerOph6UbzVo3je7TW+rXknpHXdaI/fLw74X+IGkeO9I+Iev31vrZ0XU4jq1rqELXq3CiU7ytlIjROpH3eW6Z4xx+qmgfGT4K+KtKvP8AhIPhV4D1yOby4ja6l4ZtI7tG8tRIN6QFQQQSoY8cA4JJr+SrQf8AgoL8btHtRp1zqtnqySfvHku1Uy7+hO9gfulc844bOck19D/D7/gqx4r8LWYsNY8FaRqskrGSe7VUaZ+R82AvUfNjGewz0NeVV4fzGEZWnGUpxStGy5rRVm01sld3ejd762R9DUyrFxqRapwnTSUZRi4x6RSulZSVm1a+jbS2P3e/aU+Dn7GPjb4P+KNWh+BkWheItP8ADt/e6dqfhuL7C9vqaQs0MgjhUCaPeMbGHAyD6j+Sm+v4l1CexRpI/s891GkMqqkkaRzOsfmAgHzNqgOSAOD06H9N9S/4KzadcwSaUvhS+j0+/B+2LI4eNWYMGjWM7laFmJHlMQuCGORlT45pvxp/ZR8fa1EfFPhe10vUNQu3kubi0txbrI07ZGSgCh95y2cBiSccHHscM8N+1qypZjXhRc3FRlPVL4Vq4q3a/wB7PBzx4zA0XUo5bXqKEU5KjTUpJR5dlF6qSTV7JrXlVrnxHvCuYo3V2kGWUPuzzkkHJCtzgjORyBnC1btrGa6Zg6LGzt8wZsqUUAAFWfrxknIIbnOK/eT4P/AL9kXxDZtLpNh4d1HU5zHcW0d7qsLExMoZgymUkEKem3IwSMDp3niD9jn9lzxSJY7OG00m9t5AbkaZqgdoYcky7YiwDAYJAXgngkkc/SZ3wPChH2uCxeHrJR5pOM0kmrOylrrZdndd73PzCPifhsFiVhsZl+Y4apzKHLUpOKs5RTkr6tpK+/Y/nV/s64tZJZXCqiykpgDaACQSBjBOSAMnPOflzmtHwhNIfGGjMNpc6gkahsoCrYyF4wMqeCDznvnFfQ/xc0T4V+FfiN4p8G+EtUv7qx0i7MFpcakgRJHjP7wYLYO37gPAPAyPlx5x4d8OWqeMtLliVriMTLdCWMfu4wQDwM8dOTkgADHUV8LlkqtPH06Uk241VFy3i7Tik+bya7LZWtY/Q8VmVPF5NUxF7qrhZThzpp2mouF0tE3pZNLfoZXxn1WS2a3tlKxC1vJ1Yx5LEsxbB4yN2CP9oHnGSK8+8J+Jby1adjIIGYhw6ptJRsEqRjpjPueD2r0L452ivPbziD7OZLmVmbChWC5CsQc87cN0HDAex8NhleGNlYnzCECso645BYA8g8YGSdo4YAnP2ucYmUnGPM3yxikk9LqMe7Xe+/e17HDwJgl9ShXceV88pOola99VG6as7NdH28z6FX4jCzs0t0unlhkQ7onTcGkIxnJHbAIOByAfVRwdp4gWK6k+1yK9ld3JM0cajzAHLEDIBKn3GAQBx68Ktw0jQNJ8pTAUMu1SMgbgeDknkkbcDj3qZJ4TcxgoyANudjuwWHK55Hy9Bnvg4r5aaqNXT5r7Oz00i0rJ620unot07O597OVR1X++mmouMIxctE0rXs2mtNU2v5k1uegeM/EOjafb29vp6I0CQM5aZQWUSLjnoXYEjAK5BwQMnj5euZ7u4ub5oISIdzytIoZgUDFg5I4DZ5G3PQE4yAPVvFhkuUhHl+aGizGyjapYcsSAOMDgkjgnI4INZHhWwguZrq0uFMSXEQWVwpKoAuSu5jgMzENkHOQMEjmtqElRi5yu3otkm0+VJJu+iV3ZNq1te/bhKTkmnNyV3bmWu0Ukm2/wk9NtNTlNP1tpI40aSVxF8rNsxtAHq23oRhiTz8pHbG++nR6vaxsLeIFTuJBXe+Vzuzj7uMDDDnucZx1Ft4P0iQuHkWK3iDJKVcK7ncBkg8Y5BJXLd88gDDGlrZ6lLHYX6rbRyLkvIQNgHCgFsE8ds9yAM1osQpfw+ZSa802mk1a/NvZrdLl+41qYaUX7tRJaJWbtrZ3T969lt5epjDwZp0j/AL6RozKOWDMQh6Hg7T1xg45PQCnj4e6MZA8txI0UYDkBtzNnjBJzweGxnHYjgY2by/U/KxR5QXj2xhQDjADEgjPTr3JBwuMVTGobhHEjqjuCrFxkgLxjvgMOM9eDxRCtim+0VqrrazVm29N9bJ33W4qcqkJWb5k7LVXu3a2mi10vs7Oxm6poGlWhjtrCAzFiUDAbiu7AwWByevORjkgj5TX6QfsTf8E0fiB+19rWm2Hh8W2m6eJov7S1PVZ0srOGByu8pJIy+YQuSNu4ZHbrXxL4D8PQeINbWLUdXtNH02Fi0t3dH5XHJCRKQSzkgAcZIGB2J/QX4CeJfi1pXi7SbDw38SdW8NeAoLyGF5tI1GbTnntYWAeQrCy+Y7KTtU7c5PIBOfy7xOzzPsHkOOjkeYUcuxlOjKpPE1qU6rhCMbuNGFNNus9oJpq+r0aP0fgPJ8vzDMqEczoVK9CpOEFGNlHnk0k6t5L3E9ZWaXTS9j+jT4W/8G+/7Hvw+sdP1D41/G3SptStbcXMmmWOpWf2eIomXEgSUzTEHcNrqQe2CTuofEj9nT/giX8Crl7TxBPqvxC1wQzQrb6HJOsSXiqdsMkWzylyy7SBknOete8/Aq9+C+neFtM8R6/4m03VtTudC8q5vfF2pf2rPPM8ZDTSW9xMywOGOVIz0+bjBr4k+KyfsaeEvFWqeJNT1CHxFrlzeT3n2RJll0yK8UlkeO23eUYicAKeoBwCAQP4EyrxT4hzbH1MDmdXinF1Y4lwVXDyxKnXnGaioqLkqdKDd2uWDa+Z/WVTw4y/AYP6zQqZZTpqnCajOnhaVO0lF7vnqVGrW+Ldtn4h/HrxF8BNX/as+Gsn7Pvw3b4c+GtL8V6RZm1u5JHu9QlF8uy9dZVATzIyDtUgbslSe33R/wAFWvI1L4g/CKzLyCRfA+m4BIGVa1QmTBPQPu4zyox0AFfmh8WvFXhvxh+1doGseFLaK20t/GuiiBLbCQoqXqY8tVChFIGduMEliOMCvrj/AIKo+J72D42fDpTK7RW3w/0MRL5hA3NaxcgY4U4bd6DGeAK/u/hbB4jEYfhfFt4mnOGBbnTxUpVK6lONO6qTlduSW701ta6Pw7E4ujhcHxLQtRnD6zShGVJKNKUYNJuFvdt1Wln1uz877lXs9XitEYNEl2inYo57HB5GSSSNp7Hnjn+rn/ghO39i+H/iTcxNaW3/AAkBktIH1K3862uWMAEsBLghHAbII3ZJYnOK/kwXX7a4uIpEZC8dwkkj/KGX5syEDncQCcjjGABxxX9mf/BB5PDPjX4FeLLa2vvD1xqcWvxRLbSXUCa1aW0sccdxdRWzMJWwoPzqADkjINfpGbYavi8NSoLnTnKMeeKbad1rouiTVv1Z+SYviPDZBhMbmVRXVBc0It+9f3VZP8GlpfTTd9d+3j+wr8V76HQtS0Dw5a6npdyX1Kb/AIRePzzPDfSPIJbiKHdtKBirBQQACWweR+NHi/8AZJ+KHhzV7u0fRrkPHAblrQbjNHEqlyXy26Nxj7uQRwByOP7JviV4p1z4SQwQeD9a/tzVbx4tFsrPVYEl02HTpVUzSedKGSJlDbSQOCAfQr4XL8N/hJ8Q7vxXL8UVk8HePJLSKC1u4ZhDour3d3CPIFrMmIRIdykq23dnnBr5p4fNMiqQU4Tr4OylzKLvH4W+ZOzW71u9bLbR/OZP4m8NcZzdGljIYbGRnGlKlVlGLcla7SlJPVLTp63sv5gf2dvjn8f/ANnPxTpupaJqGqXfh3TpZLXUPCWthr/R7yzYlZ7WCOcHyBMhKFol3Zf1HP7ifs8/F39hH9oHxL4U1rxDoUPwN+JdlqTX+pyS3b6NY31+kgfyoLtAkdzFJMPNWK4dELHb/ez5v8Zf2F/Hum6M12NFWfTEvZJdL1qwgVy9uxYxyXjx5XYylD5isykjPGcV+aPxP+CN9ZwSpHFcXF7pzsb9IsQ7HTgSqImQggqNpGA5A6BVr0Mr4iwWKm4PljKUruDtGfMrJN9W4u7vv5NnsZvwtHGUb1KaxFKdOzlBXhZ8vxW0ur66p6rWx/V343+I3xE8J+I3/wCFbwj4peGJ4LDUI/EelXlvHqej6fCkWUBtJGhuLeGIEyFmy23PJOB9NSftkfCfwr8K/Efjn4j+Io7e38J6Sl3fG/YWN7cvJACbaxgk2m6lQlo98QdWOT82a/hx8KftLftG/ArULK48AfEXWbS0WAWL6RrNzLeafcWf3WspLWZ3jWFwAuOQRxjGcYnx/wD2pvjD+0cuk23xB1O60240mzlt7fTtERrTw/fM4JjN1Fb7EZkAwNwcDHrg193luMmqsZRrKdK0Uozacor3XdSTbfRLVWeuh+VYfg3FZVjMRLD1ZQw2IlJNKc5RUZJJP2cnbnS0hJuKVrarU/so/Z70T9kL9v3wBr3jJfBXhvxba6nq1y1zNqWnW8Wv6UIpmSGESBFuVeZFDq5XJJznBr4e/b9/YF8Mfst/DrXPjv8AsrXGteG/FOhzWsi+HILQ3zLGGV2vLa7K+dDNFIMqkaklQRj0/n0/4J7/ALbnxH/Y5+KOqapq3ii80Xw7qWny28+h3KyTaJf3MKn7JcSI42Ru5CpvRCwDHOTyv6u/Gf8A4LF+OvivonwNuJ7Xwp4a8K3XjYW/jvRYrxdTv/EunQXqpCrW8yBYY7mH5o1YBcsB1yK+0dWtmNalFV4KnUtGVOUkowaUbtJtp7qzd9d+p04TLoZNhK1OpCdSVJupGqoXc4uUJpSf8ybcWrLySR+dnxh/aMX4m/B3xXcfHrxl4n8T/G1LKNPDdtcXl4NFSAMokF5YuuyO6hYbHYqp3DuDur+ej4lXnk3V5eTpFFcy3jSyRRlijnkpsUAHHOc+2cAc1/ohfHj/AIJw/s/ftZ+BtD+I/grw/bfDTxf4lsbDU4ruKxhew1S0u7dbpLS4skBgEtxLtEsyjIZiT1Jr+FL9vD4S6p8Hfjr8SPh94j8PNocvhzUZ7GN/J8tLhYyUhu7ZQOIplyygAYXIAB5r834xy2FGaq3UuS8JJq0U043SurJaWT9eu30GDrUqlKMmrOolKN9Gk1FtNtXsrJXdrXXqfnLqF8Zy86l1uTNvdTvwVGQAmMNs+6NwwCSOtR3096i27JdybZXDPbIzSbSeRuBIwoPUnA445HO1b6e+9TZxC5Ox0WeUBV3Z5A3dQFAB55yVA6NWdfXElncTlolugsQSSVFKpbsQQQXAIwM/U8txivgKaw06sIqlB+8ndxWzs3d316WSTXVvoelFOz5eWNnFtOLsk7N3ffppdbN67+deKdWv3kKMQZlKqzIN5CEYA4xg4zzzyR65rlv3jCJrdpTIpG5XVyEctlmJUbeT975gBg8ncMdrb3tnqV1Fa/Zmknkcus6LtVo1yc5JPToCfw7gWtX1Ox06U2MFm0SPGN7uiF4yR87AnnL9TkcYyQOlfQ0anJy01SSvFWs9Evdd76u2+jur32JrKVNWlZOTje7lolru7PtZa3d7NaFafxGYNMms7+WNoGgDGVI8ukpAG0MFznLZDEnOAPU15hc36SzKlv5jQMuGuQ3zZyWXvkY7gkk4z6CutvVi1OxaNIykDvtCR4ErMucyKCckHP8AtDnHtXnDrcabrEEIgLxxSRMVkBAmUEHY64IGRx1Ddc4rvwMIWqNu0nrq99E117XsrJrpojTDU6c+ZtJzSVr2u79dZPXTysrWWjv2ei30llb/AL1VRCx/dSRlvObI+cBh6c5zgk9T2+hPBGj+GNTiur3VIbueWKCOWCcR77OKPaTIDERsLKBwCRgAAdgfL9X1/Rtb062Eulrp95HNHCjwIpaSFcDylK4BYtn5sA4Iwa2dN8Sat4bvYbC2s5HsbiEB7ZgB9pUqSAzY2ocEEqSeDgYwuPKx0KleDhSToS9tFOMWrySeyeis07tLe617E3pypONpJOKasr2sou6ST1b1tfRp9PJfH1zpp8SX0unMHtZZWFqJIjH5KpxvA5HLA5HCjoeOTD4ISy1DVAb1M3CGQQkkqjtgFVYZySVJwAcDIGASMw+MtWttR1iWQWIt4muHUQRBgYnJ5GcEFd2SfmC7gQc856nwTp1vaFrrULdd8zlInBB8lSCu4jjOAcHIJB/T2KnNTytRTfO6aV/eld2S11lrdvr1Wps/dopN2cle6vbVJpNrmb12ettFfSVuquVXTnW3SyWV7hvNXY24qecnIBKrySQeTgDuRWa0F8NXt4WlkaGUZYBSfLV/vAAnIIBxu2g8Y7Yq3BDef2k99bBzYW7NG08u5hKoYnYAQ23cDgAZyOTmug1B5JHs721YSXdwgQxBSsaKuRzkcggDOMnnntXzkKk6dotqTcddU0rtK6ad9HvddfN240+VxcVd2S5mk0r2Sa5XG+j1um9NL6leO2eza4hlImt3PmCPaGEmThVJOcNgZz+GAOu7pNhpM8fmTxLFNbMcNjICMV+Qqchz25AwxPJK4HJQ6wts01pqMbZaVgCow6uuDgk4AQHPQnt0xXVafdGdbea2/emTKeQArHgYBkIVhu5z16A4JrzMWqkITlKSUW4tSTT3a13i7K8NLu2tlZpFyjJtSva1tLXajpZ2umlpdq+i21O18OSx2Wpx2zwM9v5i3KSMpU5jO5cn7oUYAOPfsDXpvjDwlqnji4tNV8OvawzWtos93ZRS+V5rRgFJlB2kOhBLZAJIIPIryBdTk026SW9iIGVj8oKu5Mc7QxGSvPJI5zkgArXYaX4omeZm03zRLcxsrRRsYtiryVYqeQccgcY6jivnYTxGCxcMVQ5ZRa5ZPaLT0d/e21+7ZXVznxKlJpQmou9ruNov4U426ppNN3T1b8j3XQPFF/rvhG48NeIpC97aQLGGyhheKIbWhkV2AkzyATk8np8hr4K+L4ttB8Tp9hkMFu6F0tgF/dsSWyu35QoYgBccrjJIHH0cl2+sXKobS6tbmIqkxtDJGXQjBZiNgJ55BDDdnBxXzb8Zvh74k0xH8TQQX2oaNdzPE9zJvc2rqSQr5YsgA7kKOh5+XH0nDsadfM5ynXu8TSU4073SWmnZ6ptLXaz0OHAyw+BxKjOrToxruChDm5VKo2ly6296Uk1y3bv07d38KGt726t7+RxKtuE8xgwHLgFmAzg7eSy8DJ4OBXqni/XII5YzHfKVhD7WAHzqvRDjjI5GByfQcmvk34SapqEFy1hb28k6zDzX2FiYzG3znI5UcE/NxzjaMDPs19fG8u7bzLEKjOwhRsFXdc7w/Y5JPynJBxxnAriznJks5nUk4ypxinCEtbK0bXirbtK3m99T3pzSqd1aO7dmnHtdX++ybtdq5FpOqy6rf3US/KVDMixxttl5JG4AEerYB4JznBFfQ/w3g1K/EUt0Yo7a2uFxDtPzbBkMisB3HPQDHJySK8k0zUNP02Ce8srFYrwKgkVlBV2GFPln5iQejdAccHA42j4/u0tJLi3JtJIl8kQw7VTc33mAGc5HXO4ZxnHQ/N5vh8Vjo/VsNRShJuEpSumo3jrZJea0Vlfq0OklGV3JJaJJXV2+XfXW1rJJb2XTXsfixryXGprBY3HmYiCXPlnYCwwBGAAT8o2ggbQMHBODj5z8Vebqdt5VlF5NxbnymZQNzglTtGATk8kgA4GT7hdXu9Wv7g39u02VlkNxPKG24LZJGRhwe5GcdycAVy+m6lcJqMs9xdKrK263GQEc5Zeg6nB56+vAHH0uQ5T9QwlP2bUp0462sve926dne97rv06mVSo5T5n0le9tN4qybfMtdtd3a93ZQaP4S1yeSSSSUm1iIklc5BCAEMAG5woO04xkFcgVcbwoZUjnUCaETMjE8yYJwQqnOSAcKMHkDngGuwXxHNHNCl2wSNwyyKiqivHjgs/C8gDp74JLYPOSeNIra6e2s7cvbb22gICWYEDIIOMAsDuH3sqCAa9d18zq86VOMEndNJuytHeLTXKkne7unJNpXVyU1OKbdldNy95uLVtOVq3La6d9e1h9/wCG7dbWa3gtwZEtmzAyDe2BkSbsDbzjPTgEjkV843c2o2GoXVpcZg2hsKwO1Y+SFU9QOnIB+X0Y5r6NvfEE8ctu8jENdIfMJKjCtjIYg5XbnOcdR7mqGp2Hh3xLbG3NqqaiUEaSAgM+M5cyDAO5styST6HNelluMxGFa+swc6dR2vFSSi/dTVr7apPXZ9BwnyWTejTtddG4vTV9d76b+bPF7a7E9gI2ukVGDiFVyrO/8WSf4eBgZ5zgjjnuPBtj9stbq4uT50dqhRYlXJYnO7aeRhh8pGOuSCSdo42+0xdOuG04W4zbu+JV+cFRnqR95jk/KCD+IBHptkZbTQobPR4zbzSxM1255YRt1ZscAkDBB54IPOM+3jqynSgqMlCVRxUbN3S02Wqs+r8t7XaVWS5I2kpN7b3abWqTbutNbtJavXVEy6j4dtY5LThLggh4XxIy5OAq4GEOMgnORjPBPy7NnZafFYLdW7GWNdss6OxV8fKMFSQoABJ3ZLHBAyM58Rl+0warNNdRfLbOXJXIeQADAPKnkkEc7c9MAnPQ6b40hjgvoniWR9reWjDHykY2tlsMAApAPQ87S2KxngK0qcFCbmrXk5rVr3W0ra2eqTXmTTo2alfX4dVK+kU5NLVpdOq0Vlueu3HjuDSdJureGeIx3aFEgKg7QQUdmYgtwCeSQw6cEgV403imX7U0WYbmLcGVvLUkKzKzLDjoMHb1xycgrxWFrOoxz2U9xMVhDIfKhOCCAMDaxI+7xheCORkDgc/pGoogMiyRrsAjZ5MZ2tnhUJ9OMsD1I9q9LA5dGjDmjG0pavWWr03V+j3tbz6pdScr6tJuzdm72015ZNJX1v8AhbVHsGp65pGo2QsorOJTHEJIXmWNGhcjJClAS4J556HucAVwMsMXlrIg/fbiGDMFQnjaV5yPXkAnBPHQYeoal5Vw8cCtcqQkrHaR5Z4OAAcEcKBkkcAHJBFXdOWXV4rgbDGYk82RlGFJwdpDHGNoxhQPfHr3ezjBWlLW93G0t76L79Or8nZI6oRT95PVdk7aPpq1r6dG/MtvfyJFHayTs7o+5414UqWGNrgZLLj17Y6dOg+12ckUE0UJijVNsvmAETSAEqz7gxyvYgHI7cLt5yDSS0S3DXAaOJ1K55aSQHO1Rx8oI68cHnvi5uaa4S2Z1EyyoyxAYQgnCgngE56449CKJJO7XRKPfon8V1snsu17ro7XfZ2Vrv00ve3yWj10Ny31JI7hLuOFPObas6gEqY9wAwGB+8O54wSODkV754Vl0mLRmv57z7NPNIR5WxcYVfliKAABmOCDnGCTjIYV4lcaLf6XKL+7gAUJFJ5cLLJHIANwWReCBgfNtGMg84605tcmunimiLW6FwuwOdqMAfvKfkxwAMYbn1PPl4vCyrxspuN9LLRPVJ6JXd1pr5vzKpSVOTaSTvdNq1m7apr02enpofTK+JHEd1DKgd7y3aKFh1SMgqm1AMY2sW5OcAdeg8EuQ+iX11a385S2aYzqmzZHMxOcLjBBwMllAyxH3iSxv6DqGoS7WiMszwkiV2yy+Sp5ILdFAPGAOoO0/MwzfG1wt1LZ3LK8hQlGtyobMe4EFuMgtjIJbjAz3xzYLBeynKE9YyV220rNJW213e1vOx11MRzwTs3o/S94pq6tsr3Xp52XU9Y02bT5JLYqzSACJJHbzI22kFSSP9XyScjAHH0xNFtvtcEUscgNwsuDHI+EwMn5AW+70wexO3sxMOl291q11Mum6e00axlGhCjCAfeOQcYznBzznrnNbmleHL6RyRaXULQEny0UsEKtnLFTkAEAAHjopJJArrr/AFehTnBSheUWtZct17t7u1tFfSy3szypeynO7lytqyV7LRpNrezWl9Lu67n0Pp2lSXPhK5tzekXkEYuVhCbiTtyqJJxggnH3umcgkjHgurw6iJkN/HN5wkVQCrDKA8bF6EDqWOMZz0PHrKeKJdC0qOKIOfMiU3cNxCVcBQuWy/zbWH3dv8QPbmuOt/F1re35uruLaIiwzIu6NI3/ALuRu47HG4HGWOAK8PLJYqHt3FxlRlUvTUfeVm1om3ZppXvfTtbfgrUeapdXs7LmbvfWOid+W+jV9Nlpexz91KumfZZflZEw5hOd4Lj5tw6kd8enHbNd5YeB7HxTos93oc1tb3zorSNvK+XLgho2yQcMTwOQTwQCDXl/iDX7K+vfKtIwzW8beW4XAn3cHIIwAATx6dgDtqbQ/Ft/otsr27tbBmK3EKjcJlYjsecgDAXvjlTxXo16WKlRVWhpWteKd+VNpaP8tW35tHRGi5Qg07NOMrJuzatom0kt7WvZ7x7lWGx1rwNqdxb6jBLcqJNskTANHKr4G9T8ynb8xBwQRyDxXc+KfA2l67o+na14eVbW+8sNfW7SKFLMPmAK8rn0Ix9Mk1N4q8U6V4k8NJeQTRreW6JG6hT50jJkspOSWXPCPtO04+Uc1wHhTX9UvbtbJC87SR7TBkpGQDkOx5w+0EA9zweKzw7xNSnCvUXsa1JpVIOzpzUeVt3s3Z7L52e5PIpJSV4yjyrlVuVt66O0mvht9yvs3neGI9Q0i/eb7IztbXCpNH5bSiYFtrRngqV5PPGD830+mLb4U3/jW0uLuCOeK4jiW6SwktjgRMoPlhguMAAMF5IwCPQeStrN3pOsGytBBbJOq+etyqsBNnAZXx1JHDZYsPbmv0U/Zp+Lfh++im8PeIZbOHUYIVR53gjH2uOPG2MSOMBugHTIxgggE/W5RKjiq9OnVkqcZJJSbSWydo3lFtfCk3G3l1WuEwkMVWUZtxVRcl3onZqXxSld62SfLvfS17/Knhj4Q+M7E3+rQaLLZ2OktEXlnRlGXYASFHA8xPkPJDAfLjHf9wf2bvAtpo3hLw1rwiiN7e6cpuJUUb2chmIAyQAT2yBjnGabBougeKtBf7Lb21xb31vHbSRiFfl6srsVDBlHXPK5OMcA1694Ysh4c0ey0+DZGmnxi3jgjGFKHGCoyMjjnhVGcAHGT+05XhKGHwbp0qinGaTk29OZ8r6bJ3S95u+/mv0zhHII4LGrEaVEorllbq5Jyslo1yvZPZI9UO1Ygr/eblVIAx1+U+hOMjA+VgP9rDmECRheFDp8ykkHcTtOTngE4YYOCegbBB4N9fKOFkIMhQ+XG4xtI+6T0wR6gZzztPfU07VBcIDcJ90MSVbB2joSewBK8gjIQEEc55a1BKTXLGTu1dbOyX3Kz+bb3P1enNqqnJJXVkk7XblHT019Er3dzq7KKBeWJ8xWAXqwAON20E5243YAAIJ4xg537dYGk3ElHDnCELgjqWA6HlT36ZHTpiW95G4TyhuZVCHCg4HGCW43dcAjOAe+Ob1tcJzGUdi7AjPUc446YU45BAxzz2GCw/M0lDmas7WVo/CtNrJ7bXutWtT1KdVpWXLd6676NbttXVrpaLye9pL9PPbfDhPILZwQN2cncAeuM8Y6Z6Y5Hl3ja2Q6fINokZVkYsw2YXYSCT98sAd23nctetxmPD7lDqPvE8kDIGFYHBwPbBOMjGK808eNGli7RL8x8wO7HgB0IUAduMYOO2TycH6bKIuFSKSSfKr9Hum+2q7dt1c+T4ojF4Cs3d/u5K3ry6rp1va/R90fj9plwF+OK/IBs1mVdwIU8sRg5yu4nIzlsjg9sffOqyKtjGoTOVzlScn5h2yOMHnqcA5BGRXwbPZSw/GKUiJgi61vLKG+XcxOfoRnOQQcV9oajcNHGI0+YCDduJJ4IHscnqvA4GOcAZ+swtV08RRm1aVOpC7avb3o+7a9ktHq+vfW34LhcJ9byzN8I7KFb2lOSavfmiotK+jvtovJI/Zf/gjD8b9E8D/HXxN8Pdf1NNKsfHelwJpjTTCKN9WgIMURZmALyLkAZ5JxgkkV75/wVJ/4Jg+PfiZ491f9o34Mi11ya6tg3jDwewVL2drYEJqNhCB++eRGLSfxMTnrkD+b2Lxb4g8Ga9ovirw5qF1pupaTeQXtte2srQzQywSLIrgqVOAygFeCBn8f6Iv2Rv8Agt54b/4R/TPCf7RGk3GpahaLFYN4r01gZ3t4x5ayX0DbS7KqnzGJOeeCeT99i4ZvXzTC8TcMwo4rGQwtHCZjlVWpGm8bSotKMqTlKCdTlsnFTvFxg4xldp/508V8NVPDfH51lmd0swp8N5nmWIzbJ89wFOrVeUYrEWdbD4unTjOaw85JVFJQcbOUZJe6z8BtG8OeMfA3jO98P+JtAv8Aw9PA0kpttUiktVjmgfGPKnVGYFxtLKCH3E7j1r+on9i3WRb+EfhN8R/GvhC1j8LnSn0Xwy/h+CTULeLxAGEM+oa9YxpJC9uyks4lX5gdxBYcdt8TfiH/AME2f2ore31bW9S8M/2xqUEkSau0KWGq2e9G4mmjRdxU9AWwcnJxzXo/7HPleCtIufh98IvEHhjxp8PNP1S+uNMtpmjnntI1ZiYTIwfE8+P3ZyGI7nGK93iviXF5xwdUweIyTH5XXpVFLEU8wjUw0I0akZQqLD4yEOXmjJpxlKydtb3TPg+APGPGcO8a0sFhuJKOOoYiFSlh8VlNSVWU5xcJ044jDNwrwe6aTcr3StY8o+KPw+/Yn/a/+NetfBnwr4Q0p/jHpV7YXnizxJ4ZCaNYy6Zt331q1v8AukaeNyFkIUvvLeoFd/8ACT/gmFY/DDxx4x1HQvC/h7w5pthaQy+B9euGfUJdQuYlyqahaTp5buXG0u2SMnG7jHq+sfAH4Z6l4r1z4h33wk8SfDbx/qhdF8b+AZmtb2e4UEG7nFu6CRZHIdt/LYwetbthb/tQeBodOvfDHxnsPFenkLbWXh/x1pcdvdiNP9S1xfEPI8gyNznqx556fmU84xGDwVLLuD8/nl9HEYGjQxuE4hnLESeLai69XDZlQdal7CXKoqNWnS9mr2Turf1HDxx4gzHCxhxNi8/zLC4atVnQ/sWvWh7PDNKNOniMFjJUK7lFNzcqbqqTtZpo+h/DnwYt/FPgfVfD/wAVNO0my1XU9NbTo10GzNpZzSxRube8KpEojnjcJLvBGCM5xnH8z/7Yvh37Xr2vXGoahFN49+C+vDwvr9tCjCfxB4O8/Gia0o4eRrOPK3M+G4C5YACv2j8Z/Fn9t+70bXbbxnqHgPwtpOlzLePrPhm7sbvUksV+ZlSN5YyCUzgtjnqSBk/kj+1d8XPgboXivwN4vj1rTPEGv6pbTeFfiNIbpJdQ1iy1UJB9qvrdN0PmWc7hzhm8tSADgYP0Xh/whnFf+0Z5xj8FmVHGwU6UMBiHjKOEnSpuc/a1JQhCkq9J+zVJOTc5U21bU/COMfpBZDHjXhCtkWBzvD5hgsaqGaYjMsLPCYnGYOvUjRt7KU3UnGhUTqOrNKNrqLbbv4t8MvGjXSyw2ztPaXDwRiVyQ1vwPmztHTqrEYJOOSOfTfEvg/wx478M6r4f8Rw2z6eWaae5vXRWjVgS5jkk6kKudwyQMck18+6F4dvfDWseIPDqOEMUkd1pjxSDy73TLo/arK6gbI3gQyIpIYhmUqeBVjU9G1vxfFbaWms3On2yyPFqBWYh5N5ZcNg5K44+YnAIGCScfx7418CU8ozfGY3CQVKjUqzqKcY2b5mr2cVur39U9Hqz/Wvwz4wp8RcO4Go0qkqlCDaercXGOml3qmnbe6a13Of+CviH4S+AvjF4K0b4dW8cVp4f8X29tq19ayeZFO1zMsLAvwX3MDknIGGX6e7/ALZvwMgvPjf4o1PSo5IodcsLHXkVU+VxcxKSV2gjJPcZGTz1r4HHwsk+E3xA8N2+lXlzJJq3iuG5nnclfNCzrImCWxwcMPm6/Nkk1+5dxo11488XeDXvV3vqvw3tAzzAP5ktluR9hOC7BdueSeM4+6a/n7O+JJ8P5JRx1CpJ+xu6tVybla6vFve211bfTXU+w4dymOP4nnh8TShCFaDjGO0U7J3T0tvqtW3du5/P94/+H+paCu6dZN8cmRGVJDYxtXkAMM9cnBJOa8kt7mG1lK3tv8pJ8xUJVgy5IU4GSo7+hOCOQK/bv48fAopBfONPYqn3HRcsCo+YseCOAeCc+hyBn8n/AIgeCbjSL64gNuqhGLZOQ/H3hgqMHjJGeMfNjII+58O+PcJxHhaNT2sZSaipK6et46P1totmt2zp434SnlE3KnBunpJWu1ZWbXXta9u+qVkeXNfWbzBorYRpI2GwfnK8jcA3PfcCuCDjoc1bU2peMIgKZ3LhvmGCcId2M9sYJ68g9uautPm+0j5jGRjCuCjIDgckjHQDjrjueMP8gwp8s4RoSWb7p3DIbII5yTkY5BHYnaK/asPOM4pqzTas3ZraKdldtdX912rH5FLmU2tbp29LW1W90rt69OuiZu6qYpbWRIXi8wxOw3AZQAdMA4bn1Oehye/xd4iSdPHWnXaL5ky3SoZtr4UrIMA8gYAABx0IHAyAPqqW5LRnzDkMGOUOXJPQttbGWHUHJXoeT83kviPT7ddW0+7jQ7kfLxogIb5+TkdzjduB6Hqe/QuVpX02XvNJ2coWas92r202fkjz68JznB3Ss4q13d3cbbaN6O0veS9dT7H8K64W8DHTb+WBPtUMkChMF1kkjIBBIDAZIG4fLkEcCv53P2ivBV5pHxl17S3mMnnao93CCDsaKVmbAI3BQuQvGGyecAmv3I8OaiZNISPyA0YkG1cnKleyjPy9hknaD6nmvzj/AGn7CzsviFHrl9p8XlSp5LTH72QCdzdsoM45Y5Dc9VHm4+NKSdS93TUbO71V1Jpt730WtrWtbqexTwEa8KcZS6Qdm27pOLb6dE9X5pJmZ+yTcHSvFj6YVBjKKWZnbERABypIJI646kE445A/aDTdaKaEkassoaNmzu+YnbjPTAOeg7AYPJzX40fAK5sH8bW1xYxCSJocOIgpaTBKneoPyjGMEcYHbJJ/VzR75Bp6sUYIYCETA+RsEEE56kkZOeT6gVzYNqceeKu3eKu9k3C+trNJ67q7stLG1WMaX7mnJtx0TS1im4O3yu36vQ8S8T+M5dB8RSpJcsvnSARgMWK7mzk5PAByCBnPQYyoH2R8LfGzajp9lHNKXJhQjY37uQgH5d245zjAwcdsg9fzK+JWpNceLmjER2RzqCAxzndyO4HboTznvmvqf4WalLFp1rlpYlhIGd3BG35fTknv8wycHB4PSqnM3BJppWd2nreLejtZa9ru22pwTg48s7va1k99Ve/S9lbXZ6Nq5+nHhfXluCsUisHHzOcb1KEdfm4GckEMc7R34x02o6Q8jDUrKQRurAssZIJAPzZVQSzbhnknHP3eSPmHwd4lnh2SGRnYsgzjcHAxyCMZO4A5525xxgV9O+D9bjvvvxby4OIymMDHPzZAPXjHUnpnr8TxBlsK1GpGyneLjK60d0lfXfezW0rp69fosjx1SlXptTkpRakm7XWyW2zV7O+jV0fpH+xl+0/J4aurbwV4lvXGlyvHFZXD7t8MpYKFbI6BuuWA5z9PV/8AgqF+wDoH7Xfwrh+LHw30+GL42eCLEapo2qacFjuPEOnW6id9OupIdpnkwoFu7bypOAcECvzA8o6bcRalYF4dpDKNu1t53EtG2c5B5PQYHcYr9jv2LP2lIrmx07wn4o1Av8n2W3+0OCy8YVWLnLocYAGeOp4r+LOO+GsZwrnCz3J708NUrf7bSpr3IxlKKnU5FZOEotqcdItPVH7FSnUx+Hp5lhIqeYYOMZ1KO/1mlFRcl3crK6erTtpoj4A/4Jr/ALVK/ErwN4i/Zf8AjBb3Vh8RvA8U2kW0epu0N81rEHs5bdvPCyNPbls46su3bkDFfInwfL/s5ftS/Hv4E6hPqEK6vcX/AIn8Oi/jkW01CO4YS2rQbhsO4yuFZGOQNxr6q/4LD/s16p8CPEXhf9ur9n2E6HcWur26/EeDRlaGC6iMokTVJlt8JslRX+0swIJYEklRn1vw9o/w4/bN+Hvwm/a68OS6fJ448M+HG0TxPbxQRNNdvHbqk8F0yEMWtG3SI8nJDkdOB1cH5jhshzP+1cNBRyvPXGhVjFe7hsfCUJ8rtpGE+ZODfRtdHbor1aOdUKeIhNwrR96rB3TUlFQlFx3TjJcr3WqdvePjX40+JLjxPrOneCrl1EWj+ELnXbONAWeK7Te0wjHGFbB34+UAE8gcfKR8U2ltb+S0oM6BQ7KgJHy4Izg4IOSccbh6ZFfRGrajY6r+0pFYxfZ5rWz8JXOlS3ELDY7XDSIytjHKZKnIAyuAc18wfFbwbeeCvFWq6UHQwPcm6tZABt8q4k3IEzhiR0OSOhIGSRX+lnhPntFZYsq5rSnRhiqOl/dmo81ldN666WVrvS1j+buM8oxFPH1MfSh7vP7OdldqSkmpPbWysvTdFmfxdEEcCNCCoCuMZLADBzkAtkktgdAcgYrJXVL24laVJhIhQmTeVJQEcALnk4I6+46k7vLtSsryYNiZyNitlWIC9wflGCeORjp7fKefWPVYEkeOecPvXOyVgSobAyD1OAByQD0yCOP16VV3i03FRfvL3U3ZK3K7tXV9uve6PBwdTE0qfNO9k05K3Kkkk1fdb6K/X1ue7TvBKY1mR3bAZXf7rAckFehUheeAQOQTkmuVnhZNQLRuFtCxO2BsIhx8obbgHkA4wOc49vNrjVtfiVSJZWEQwxbJ3ZHAxznBz+mBxVJdV14orRhdzD7pVt7j1I5B4AbPX6DNa06sYytJvdSadrpaRWl3dc17q+tmknuGNrTqxShCXPo0mkldKCV9L2uu6utbb29bkjuFlhMRV2AIEoCrkAgtyeScc89ABzzhdqFtRvE+QI0cRCF0UebkDDDOADg8ZBwD79PEtQ8QeKbi3jisra3WZFCxuxdcEY3AEgZ468jPOMg1peD/AIkyXkM2nTTiO9tpjFdpEqMkbJhWwQG5Y889cYIBJFa+0U5SUZN8uzSas7RbVrtp82zbei01ueFz1qMrVG7OyTtpduLs72S6bt9d7o9Zu7wW6uJnBdYwAjqM7h94kgYGD9BnHA61kHVoEQzb9isBvd/wOASc4GCQc9SRzgms6fUUvY2EJNwHZwZ0IDZPzfMQcgHGD2G05GQK5O7iubmN+VV0JURMXOVBzknowHb7oBOMkdd5NShuufey31SW/wCtvJNJadtCrJWTT1a0STd2o9/vutez1PP/AIprpXirRdS026iQ295uVZkJLrIoO1x/EoBAzgYznkkDHmPwV+KXxU+F663oEV7HeeG5Irm0Vp5CbmCyWJ12QuTnAAzjJycnr19wXQUuYmjNqZXlmSI84VSzAHBP3cluTxySeMV6v45/ZT07wt8Etb+IOs6olp4ogkiuNH0u0uIniubW5iDLDIgkDs7IxygXHODgrz5jxU6U6bjNp2s6abV7u/K0lZ7Xvrrpba3oU+Fsvz9+0x2Ew2KeH5MRB1acZShKPvJxcle94uzTu9UtWfmx8T9WbxPc+CrO6V007UPEUNwJJCWd5nvU35DY5IJ4Bwc9Dgiv0Zbw1BLDpdzZoy2Wn2NtbyrxGxPkqEKjAYg4JOVIx1A7/mT4+1OOxs/CGrX9mbM+HdfspXhbhTsuI5XDDOM9uuBgg4PT9nr2Gw1X4TaR41sbcRpqOm6fep9mK7HVrdWCttJ5HcEYORjG0k/W8LVqFfGVqNrVZwpycpJXS0Vnours9Pe7ts/jj6T2c4rIXleL56awUK/srRu5J0VBxuk4xSW2t19zPj/xfpE0l4hSYM7h/JTOGT5hjJHcgE5bnAI6muSOmXEDLJ+8GPlkYEnJGDkAccEA44JBwCMmut8QXs63vmyRou4tJsGCQj/dVQwyGw2Co4GO3Q5Udy9xMNznLMCsTDg5AO4r/CeCf7oAxwDiuHP/APYsbVhzXbdraXdrLZ9n6LXu3f8AfPBzH0uIuCsnzCNRSVTDwd04u7SSSdn6d9U2MS7kgMZWdmcYDKUIJwcNu5543ZzgnA6YwadxqN/HO0y7VjV8Dyw2CQT95dvJycDIGOwH3TrywH5XlRov42IxjBOCc8ZxkttVsZ4GR0rSXkUTEJErKW+ZtqlXx1BGWIIHQFR6cng+BHH0Y6yaV9bpJdErenp1+Z+s/wBnJ/8ALy6fROzd0tO2l9b/AKix3N1cRiRmCbVD7BgM2T1Cjkk9MHBxngZO4vtf062RRfavZWjxoHaG4eNJXBJJBVmBHb2IORxxXNax4ot7B5XeMRxxgGSQIqlVIIVRzjJ67j9epxX53/Hjwlq+vajqHiHTfHc8FxchWs9Ka6dR5Z5/druxxySQCuOpHf5zPeKVl1KKoQjOUtGudRcYpfFe3eySWj1vpocuJwkKSUWudvT32rRV79n1Vle2ia8j7Y+KGtaj4m8Py2XhfWEjVmZZFik2q6vgfJIjcAdRluD6V5P8FPif4j8BeNrfwdrsl7d6bqTi3lkuSzrCzYCvFISV2ZJBIOQOeDjP5wXXjj4o/Di2gH9vST2pkV2Ek7T26nIOMMx4PGSOCSASCcV6xof7XFpcWyr4g8PQzXljAsYvrRQZd+BmZOA3bPUYxyeor4P/AFwnWxEKknOlKLhzKbupQck5QS263Tslve7ueVLLsPPVwik+V6bdLqPpo2rd+tj9NPijMZ/i18Kp7OS6XSG8S6UusSQRtO7Wcd7BJMvlqGMgCjphhgbcHDZ+4P8Agq5+2L4E+LGp/D34QfDXW7DU9L8CWujNqWv3OkQWWoabqs9ha2z6RbMqoUgi2EvEcBiTwpwR+SXwh/ap+Fx8Y/D7xZ418T3enweH9XhuRA9mtwv7r/VrPC2UmTJO8NxgZHPJ9f8AiT8PfEXxUvta+OaWWkr8O/Gfi9pfDeoRoLa71CaFt7M1vEoxbhAuGX5RggcAAfs/BmcZbmOYYGuq1sRhIzdOnzrl9pXhCEmoxk3dR0vy3u3rdWP0fgKGX4LFQq4iuqdVJ+zTn7spSjGNpJN2utFfZv7vqH/gjn4Tsrv/AIKNQ+H9U1G1uobHwjrOuae7RRSMNRa2jkhliDEqCjHcP7rcGvfv+C0dm3w9/ap8Hatqsc7f2nokeuzSSCNoZwreW21BkLGFTcCpGGJ4HFfK3/BGbX4rr/goze3Bs1ludF8I+KY28iTDSR2VuigA5+6dmT229M9D3n/BcDx5c+JP2gfA19cShoJPCIiFnPO0ktogupIggH3Y0fAJ4GegPQD3M9eJlnOa4mjWvgY5HUgo8zajOeIcuW70upJ31eiSSW6+P43r4OpxtRcHCVT2sfZzTTbXK7xk9HaOsU0r2fWx866f47s9etLLUNIlhlSQFpA0ePLzglTjJVgflIbbngjriuwt9VnmjiR3DuHBkJjYMiPgAKMYAA7ckFSSDxXxP8GfE8OnX0mnu/8Ao0oUPEPnCtvyjoxwQvTJ3DGM84r7BtL5JFMoR9zcRsABuQYxkLkfLnGRtyOSAQBX4BWqupOrFppt2au+VOMk1JXtqkt+rsrtpJ/Sws4xm2veUY2s9UuVaOLVnZKzbd+trs9IN4kUMXl5OzcE3Enhs53Duc5I6dMkZJrVsdTRYF37kMq4JYgqxydoUFiFzkZPzdFyBk1519odIGfzCGwRIM5DDHGO33vvEcA5IxU0E0rQwiVyVwWQ7shCcYbHIwD0GDjrgd+KtGNRO7evvWVrLb7Wj2ve97tuy0d+2hi1TqJxd9b6Jf3e/vJt6O9r79Ez2ex1ZlhSGPMpVxuEoGFyDkhsZLHGOrccDBJx01prTQr5U7IqgjbtUMGBIOA3fgHIBBAyOCc14vZ6kyxDEmWgzuPZxgnGMfNkYxnBGOMY527PWjOsbSrlA5KOhI2NnILcgncPlI5HI5YA582phFZNWtZNXu/5eidvN3vrqn293DZpzWSl26pLW2luzs2uzttoe4xa/aRwKwGULLt3kFgwJORgHpk52jkZHI4HXeGteszcxiVRvG9iHKgMrDgKMjruHGeSevOK8EW7jaJJH/c5fadzfKFYEA4PIOcHOM9OM4z1GgXKQ3Mk/nRsBEWUSOCNi98di3HGMevHNedKjCNRtRs9npe9ldWbl1tdpfN7ntQxEpq/OvejFNSdnrHZ3ave/be+u512m6lbRtr0kaeUyapK0e47hhi3yqB2bHI9AT7jpNO1cGCE+ad7uQ6FQUGerDK9MkYxn/Z4yD5N4c1G3li1+WYrtlvJFVg2SoyxPXoM4zgHcMjIxmt611mGG0jQyDZjzFZsF9vqeThc4J9DxjgCuPGVrQ5WtNvTRO3pburW0tqr9mAs2pJ2XNFp3d9NvNXWmvV6q97e66Xdvb3Edwl0rphQrGU5Rc5bgcdCcjB6+mK+ifDfje3tICsrEIArqzZbeWXHcjr7HII4xzj4OtPFkbTLFCdmEOQSFzkjLKWbLEDpkdyRzmvQdK8SS+Ysbzs8YUBcOTtJGQdvfbgA5ADc84r4jH4WjiVeXe6ttfTXmfLpe1+m97K59pl+cVsDH93Ukk9HaV1fRO2z0enyt1PsK68V29yx2B2iY7UAOCJTn5yB0GM4YHng8feHkHiq20zxE7QypFgAo0p2tICoOByR/e3Do3I4YbgeTtdXmumLJc5CpyS2HJ7jDAZPQZ6EAZ6A0+ONZ7gN5wIAMr7nIYn5d3Urg8bRzxlTgc5+fxtD2NP3b302slbTRr5qysttNUz3Kef1MZTjGrKU4ysmpXemieve76vTRLXU8T8RfBS31QSPY3TMjSHZCSf9aGIyygHcGY4wRtGcZBNbHw2+BS6HereahaRTyiRmhAQ5R8jax+XPyn5iGPTHYCveLA2ESSThvLKsrRMzA5KMuFZT3YKBkk4wecGu007XbeVZDIFSXKgMBjAUjYG9DjncB8wGejV+d5/SxGKoSox5o817KLd3G0Vba6umr31W/Vn0mSRwdOvDEOEZNNNKSUru8Wnbpr+DTtds1/DsElkPJljEHlbNpjTaoHGBJjklgAOwzg9BXr+keJGhVVeUBUbGM7eq/KcbuvoO/OSSMV5RFrVuY90zgujbmYAEADjBX2OT3OKlbXLGaPYx2S5x8p2hkGMDPGBnOT6kDOCQPwjOuDY4mU3Xp87d0nJXldpNpN7tu2nSx+qYLiGMFGMJWSUVZO0V8Por9F06Wue7w+N49wQSKeWPIwp44544DcEg54x2BqePxcSxUudy5YHIZcE5Gc89PTqM/SvCBqMA2tIwyEABBGOh3KQeFPIBYFi3UngCtG21WCR1MjBcE7QvTC52Kc4ySec9fu98V+UZ14cUJxk1h003ouS26je+nZb30u+h9TguIU+VNx0t12Xup+ja7PV6vqexp4uInAPyoAF8wYyMnhTzjByeo5HqTWzF4oYFAqozMCQVH3iDyy9DnODkheM8gdPFBc29wFVpMSHAALbcgHdyu7BwM89eMgjrW9HNErJHHMANo+UvgI2OGBJyv+z2PQjbmvzDMPDmnCb5KNm2rtR0i/d0Sa031to7dNz6ajm0akUk004q15b9b693u7u66JHsC+IN67Vl2Z6ksuOBkjHIHOQD12gDgniNtSeYMryAE4IPmcEbuMqOTxjPp82eTz5VLdtF8qyBiw53Nu3HJzjHKgjHCnJz0FEOrToSshwpKxhUHzbSTkkgEjaM5/h2ncR2ryocDfV6kX7KzjJPRbv3bJW2s7bNa3VrG0MbzU5Sai9HJWsuitoraa3TjbXTrp/PX/wV3jEH7RlrcKxYzeE4X3A/dZSQDwOeMnPPbGM15T+zzcLB4B0S5llwg+0ZAAYj52BbPUE9Vx2BwMkGu0/4K7ahn4/aSY3Uo3hCNgCclishBAyMjA+bgDGMksDx5D+znqKXHw60uzl5WWSXLjhtu7OBg5BznnjPPBIGf9UfB2lLD8D8P0pbxy+hBRta3Lok/JWV7vrZn8ZcdVlLjDM0lG/tJS2ulP8Advpa1218ku59I+INXiZEUS4j2jZu64LDcQOPzxk5z83f5J+N2qfaPB/iG3dwoe0nVQTuH3CRgeo5PHJOODya9u8V3komiS3jZkVWQSsTtIB43DGMoM5Y9SOuc5+UPizfOdI1CGUna8NwWGdwYbOeSQMbiD6jOeoNfrlLl9sko3clZSurptR7bpPd66LXXU/Ms4xdVxqRck7xcW3d3vbd630t1e9ran5E3+o3vh/WIdR0y5ls9RsZhPa3cEjRyQSxy74yrKVYYwOFwvTGB1/XH9nD9pDRvjz4Xj+HPxMkgHjCzt/Ksbx2xLqMaRkRXELN1uUAHmBSpfliSWIb8e/GEgTU5xwRuY9ACQWB9OdoOcY5I7DkZHhrXtX8P63p+r6LezWGoWV7by2V3BIyTQyCRSpVhztOPmUggg47kVvhsbWy+r7WlNwnGd+aOjuuV2W3T+9Z9dUz82w2ZVcDjWrOpQnLlq0m/dlHRc3K936bNLTY/os+EPxz8Y/sieMbzw/4u0+XxR8FvFMzW2raZdK9xZrb3bmOS7to3DJDLHGx8yMKpyCcYxntP2g/gV4LurP/AIXB8EJ/7W+HfiPbfmGzImOhXd0oklt5o03GOJS5GGC7MZ4xz8++DfiBp/xg+Htp4Q8bJGviC4sLZmkYLi9ZoBtvrOQjidWw0sat8xJIqj8GPi74r/Za8a3PhHxcbjxF8IfFLtYX9lch5rSOC5cRLdW4fckUkCn94gKjqeuMfsPCXFsc4prD16lp6Qndpp20UparVN72ei1dtT0M5yWnOMMVQh7TC10vdsm6MpJWT6qztaztok1seI6n4at7+V2WMh0crKqrjJBIyMHaQTk5PTAIBO6sGy8B6hFqKnTVEsMrozrIoOzHQH0I+7nacZxjGK/QL43/AAatfC76f4z8Grb6n4I8ZQjUNIurVxNCguFEptHKArHKm4hVPK4wBivmS9tLvTEF1BI0cigNImcMHTOM9CcchgM9s8143G2EtGToqNWMo6uKV5Xa162eqT3V7OzvZfK4ObyzFJ1E4JyumlZNe73SV1pe++jV72PQPgR8dPGH7MnjWz1nT5bh/D9xPCviHRGlc2txE7APcQpnAdAT8wGejHPNf0rfC340+Ffi74R0vxNoOoQ3drqNrDOQjq81lMVUyW8wHKMjHGMDuAOx/ka8beIbi7txLcwDcV8oPHzg/wB5gQQckcg5645zx6/+yP8AtaeIPgH4wtINQvLifwPqd2kWq2UkjtDbF3ANxArEqAOpIA9cjv8Al+DrVsHVhGrCcKbas5W0u42aur2fa26ei2P2Xh/iGhXjGm5qXNCKTbTa92PndrZJO6uui2/qk16KKa/V0Yxh1JeWMqcyKMo4xnBHO/GCQcHGMmla6gtxqEVncBVltYA0cjtjzGXJAJPJz6EnJ5wCDnzrwv8AETRfHGi6L4k8P39vqGmalHHdW9xDIrqPMUMYnKscMm4rhhnBGSK6DWSzeTqMIYP5YWbBwAGO1emMEH5sDqTx6V9zSnCpSha2ys976JppJbXeiumtOp9S3GSU0t7JXs09nvaz06u2ln0TL/xO8C22v6WmvaQiJq9rH5j+XwJFjA444ZySc45Bzzzx83RWK30bx3Ma+YoaG9iZSG3KxXcqnBHQ8jLNkZJ7/TMfinytFmsrttpgRRFI2UJVhg5LZBHPI59eBxXnUOmWmrXbS24jjuzOX8xcbJ9xAAbjGQMg9yc4znma0J06fPG9uaLTTdrOSWv2rWW9vu6KWFhiIpR3Wisntol6W1srW9D5h13Sb7wi7arapLd6NcMqzRDLGzw33lXnAHOOfXnHT6E8JXdjrPh2y+zGIM0akOSj7t+flHHynHyspOQRk4DE1o6roUTWt9YXNqpwriaN1+RlOclMk/NnIAHQY5GGJ+f3fU/htrMctuJZvDF3KGcHJ+xuxwxAU5VRkbRyCeOBktxzxFRqN3quW6Tv1V731TjvrpbSze/iyjPDTcHG8X7t2la2kY6/iu93vY8W/aV/ZW0Hx5NNrmgW8Fr4jjkeZ2EagXTKAfmUgDJ7Z3ZJ6EZr0H9i/wAIXXw78NLoF/am3e8vboSwSJsjkfLDdGzABSxBxkYY465r6Fi1a21P7NdKUuYJ2BSQEElXAG0hRjJHCjK88GvcrP4dJqfgy11DS4Yra9tpJLqB1Xy5ZAgJMZ2jduOMgkEc7s5BzljGnFOTi5vaSWqdoa/zW02W622RGCwVKhjJYylSUL25+WOj1jq7dN7rTuutvCfjj8G9I8eeHJ5GKw3FsM6bfxqN9vJja0MzDkx7uOeDjkgFdv4s/E34e3vh9NX0DWLV5Irt5reWXywEkQk7Z7WTG1twOCqgHcRgqSK/frTtTNyl34X1WMxXbDyisuN1wjDDFVYgeYoOQQDngYPb4X/a4+HU3hrwdqd9fwLJo+nyrfWerLErTW5fGYJmwDsUDgHOAc8c15FWLpUnWUU3BcyS89V3STS03a7Lr25tkOHzyhOVP2cajjLmtqpKSV9lbVXd39q3z/C3U/gcI0E2iatJGJF4truMl1xkBSwJ9Bj5gCAOcdfOtQ+GfjnSiWGltfwqzMzWrg8Z6gAnB9v064+3LTWtI1AwvaXNre+YFJWFkGzHGGjJBB44UAhcdB31pLSGV9+DD5hC/JmNiOpLEAhuPUnBbPc1rR4htyKTSVorl1t9m2zuujd93dbH5FmvhJTmpVKMdZO75WuvK7p2tZXV9PI/OieTVbBglzaX1mEcAieGQhcnkAlApHOcjAOWwa17LxC8RjYyo/OFO8ByARztOMMOoB2nIwRX3pqWj6dKhjubW1uYyAoS6t4pM56sHOTj06BQRgKcZ4jUvhN4N1OHfc6HbwFt5V7B/LOQCchVHA4AG3nt716NLPMO7+1s/ha+GyvyvTVa3tJWSsvTT8/zLwvzPDuSoKqnHZK61TWunR6L7PXqtPnBfEKMFZZclzwwC/LjohA3Fs85H3eT14xopqasVfzHIyMEMeCec4wARnrg8sMYIxXZ6t8C9EjhMuj6zf6fKM7YrhTIofGRubnKk+o4AAOe3nd38LPHdjHv0+9tdSRSzIBJ+946ZU4/AYI6HAbcK9Gnj8BiFdNRi2ndPd2W91spWW666vp8biOGeIcFJqVCrUSd/dTskuXe172f3ddjXuL8zoI0ZHYlTyMbcAn5iATuyOe46dCc8F4iuGk13wwAwidTKrBCyk7T8pJDZwDkgEqMge9NubTxrpSsNT0C7KqctPEpPXqSV3ZPU9M45BA68lqetq+reH57iKWH7M8wk88PGQST3YDcOeSR3AOMjM1XRnblnGacotrdK7i+2u3Rq1vNsijPMMPzKpTrU3GLvzXspJKy1Vt+ySXTqz3jSfEniWyASz1FwACwhnHmRgdcZb5eeAACDjkdOettviNq6AR6tpNpc7TnzIh5ZPUKQIwQMcj0HTvmvF7PxXAIwI3R1BZcblPy9chtxOQRkg42ngMeK37PXtPlyXVg5O0jODgdyc4OCSdwx1B5IBrd4KjUStGN3stm9r282/TTolqsYZ/jMP8AFUm09LVNb7Wto7Wv22XzfsVr480mZT5kVxYs7AGNgZYgmRwAc4DE8HhiBzyor0W3uPAuuaNNc2OrpY61aBWMLRRxwSR8ZXkjc7NyCNx2jPB6/MqXdjNIVQ8H7y7geg5IOQxyD0A9ByflATG26OEqxPzNiTa20f3sDJ5XHBwAOTg7jk8vlBxcJzptpP3W0r2Wr6O627317HZR4jo1eaGLw1CvGXutSjGTtpvdPXt1e97p396S91u1DvYar5tsqDKlo2zuH3AEJIOSV7ELgjmp7D4h+LdCkFzbalqmnzoxHmWtxdwMoORujZCFA9MA9B7V85ie7hDNbXV5Au8DEU7YJBznG7DA4+fJPTBBHIWTxZ4gtj5aahJKigEpcqJCcc7ckA5HTr6lsVvTxedYaEo0MdW5Y7RVSSajptaSuraNbeTSOPEZXwPm0v8AbcjwFRyf/LzC0ZN3s76wvr53s1c/QTwt+2X8ePCf2dtE+JXiVYYSjeXLqtw8Y24HzRO4DjoMFSB+JA0v2jP20fi18ePhtpngrx9qNpqVlpWrW+pw6luzeSyKV+WUks2z5R1OASM9OPzuk8f3EJD32k2t0qJuLwHyyV9dgHJ656HdkdACOu0Px74H1PRdSE0NzDc2zRvLBNIAgjLEMYi7ZwOQQMDkelEuJ86o0pUq1Sc00tZ2k/s9WnK7s73v62d351Lwn8P8Vi6eMwWV4LD4inJTg6MI0LSsve5Ycsb2b3ju7rax+8n7Ln/BVe08C+AvB/gjV4ptItPC+lxaUjPAs8FykOQkhbLMAcg8EEDnHp+l3hL/AIKbfCjxbbQG+fT7uWRo1Z7e4jiY5HBMcpRVAyM4AbklulfyF2KeD9RjSfRNVmtjIeEupCkZLABlyRt28gbs4I9SQF6g+H7uy0+C8tdVS5d5CTHp8/7+EKBhzsIY4BwcgngnOc4/QMr8Xp0qGHw2Y5bhMUqVOEPbwc6NZqMYpXnF2lKy6xve79P5J46/Z/ZJnWbZnnfC3Feb5JXzLE1sXVwc3Sx2A9tXn7Wo406keaEHKXwqbteyR/afo37UvwJ8ZRqB4ph0y4BVGtbwxyx4bghioZCpYlcDg4z9NzUfCfwb+IdufKvNA1yO6GLm3tr+3VnWQMOYWZSSA2ehyD/u1/FTo3jjx/o0ezRvE+oxlHYLHPJIc7iAwYMSMr0AY85H0r1Lwv8AtU/GjwfcKWu57wLhjLbXL2kyhG5xLG5wRjg9xls4ya/RMn8UeHq6TeLzHKrcq5eZVqNny3ulKL103Te+u7P5j4s+gf4rZVzYjL6fDvFMqcnOlVjSeBxkVBwalF25OayVuV69l1/f39oH9gzwJ49ZLLwjarpFxZ31uGntv9Et7iF7gMsMwtwVMqOMLITnGAMg5rr0/wCCdd1ZaDaWtt9h1UQWluJoniDyrII1DHzTtYqoGAT82QTkYOfxw8C/8FLviNobY1S78Q25LxuRNu1FQVIwztMdxXIPqcZbG7gfe/ww/wCCwl9IYIdc1PSbsofLk+0wizuCirwJEC7WIwvGfvZb2H21Lijh/MoxqZbj8oxdeUUqqxrjRlW+HVxel3bW9nrvqfh+Z+GPjpwnThl/EuT8ZYDL8FXqVcNiMj9tio0ozlHedL35RikrK7aW3n1vij9gLULF2dNEvrRpGYiS1nJjUbv7hbaqnOQp6fwsBgj528Ufsfaxo3ntBqE6SBJUEV7ZyMoZc4COqPk+gHXOVIABr9Q/B3/BTL4O+LrVIfEWnwrvCCW70+aCWNS+OWQsHGCcnC9gcEcV9E6Z8af2dviFBC2ma9ojzuAsVvqMkdvJHI4BIkMgCkYIB+Y8k8ZywcsJlmOhL6/wzQqq3+8YCUZQ6K/NBvZWtzN+lrI4sN4h+LHCFVSyLxOzqh7HlX9n8R0K0XGcVFckliKbbstFZ9O5/Jx8QLPW/hd8SNI8Ia80JTUdLlvop4Q6JPH5m3CqwyfLK4PBIPHGMV1FjeRSvFsBKMGbcxzgkYwuTuDZIGe3fkV9Qf8ABYXQPDfh340/BLxN4XbTXsbzw5fxXDaUUljDi8J5eHcpBUkkkZIyScgGvg/wt4isp0Dm/iJDMpSZvLKNgkFVJ52gkBeD178V/HfiDltDAcR5hRwtGVPDKrF0qc4+9TjKEJJSvrfV2ffU/wB1/ov8YZxxn4QcI55nuJpYvOMVg5LHYmirUq1ejWnRqVIK+kXy3svNrY9WvIQHUq+VRSX6MSCQRngDOT04HUYxxTYLue0RmG8hH/dBQDx90gpnJx2BPGTkDbmucn1JnXMZVk258yNlJbJ6ABmzye5Ix2rStLp2ktyCqEYwjDhto4YKcDn1GRgcdMD885Je802rLRX2V4rsktLu+/Rbn9FU1JykrpXXNbrq42cfPW79Et9H0bav9rTYY2SVeGJXYvzqAQCMnGe2Bz1APBt2UtsbhYLuJWB2j5CMKmMZYkYPYDkcHDcCs0SxwqzSoMuM7eoyCBzt5GcZxgHJ6Y4MsKpMDIYzgqoUxYO1QwJJGO4wO+O+MZprmUbO/o/Vatba21s76ffPsW+ZptttNXa3tHSSle7emtvW13fU1bQ9BmhYGxtHdcsgdU37WBJJYc4I4O055AwTzXEN4O8P75DLamKRyCphclSx78AA9CDkA854zWvfQSBQ6vI6yYXl2JTHA6EnHQkHpkA7jnFi0DeWN0gfYFAb5gFLMOMckkdmJOP9nJFa0684W5ZPTbVWvpuvTz/4POqfRpWu1bpFq2iTXRaK2muvc4y68BI6SyWd1KnG6NJFzkg5IB4B68cnPUDqK/NT47+FdUufixqWladGJ7+XS4BGkhCeaWUngA8k5Pue2a/Wm81DyrXymk2GJc7woIAzyNw6HjnIzgA8kjP5h/tGXMtr8XL/AFC2meOdNJtZoJkdlYSKg2cKRkc4J5JyD14NfWKlSpBTfMk07O19WtL/AHrt97RFfDwUJXSTsnrG1vXbd766p6K23wTrHhrVdK1S5g1bT57G6abaPPQgEAsuUYgAryCDz7fKOcltOKZjdskZIAAyr8YILdD1xjPJ9OD9P2XxQ8M+MJF8P/EWzit7mJ3trbWI0G3OcK87hSYyBgkn73fAzXM+LfhlPpH/ABN9Iddb0SYM8NxaFZGjiIDASBQcqBxuxnOWA6Cvci3aDUdLppbW0T73XdXs0tdVofHYihrOzTd7dE9d9OvdrVq5534VVLeOckNvZVGQB8vPJIJ4xwSRj2B4rL8e3GLq0kSMARQzcg8OfLzuH94ckg5brnpW7p0Qt1kk8t8ElHVgMggjAwCSD83IxkZ6n5q4zxrIweDkBDBKi/Ny2VK4PTDeu1V7jk5FdNJKU05NK/K1ZJK6tp1b11Wqv73lbwMXVVOHs3zt3i2kkmnzR1un1bbbWtk0zx+OUvOXLkEysRglRksTgdcYHB4+YdeuK9o+GELy+ILZmONtvM5bHynAyRtA5GNxznOcEZ6HwyOGQPljj5iTuPJIJ/A5wADjJwB0r3b4TM7+IYUk3ECymxn7owvHB69MgduDwTx3V3y4Gs7O3Jezvd6R18rO9/mRl7nPGUeVcsbxvZvVOys1d7Wd36aLU+kra1RcvtDCSRc9Nw+YYIB3dhxjjGBwK930kRRgLHE21LIyb8gjcY8kA5znHIHToBuPXwi3kYuqEfKGjXA7AsOCCDnrjA7gc/KK+gdKeMQoNqqsdqCFI+8rqBtOc5yeoIPfNfF05P2kXbS6bu7par5bXdtXdWXY+/oxV0mleyfnuna+6ve781Y8d+PRB0zwcybyE0K8ypxtVjcv8qjgkYIbOFPX5SDx8Ja/AAluu0KRKS2QM5PzBuTySOOQMnk54r9TP2rvhxH4P8EfC/xIbvz/APhKdFnKW+AUtyHZzj+Fck8ke3QDB/MzxJau4gclUBKuPunKr67uCeMYA9hnk19PTnFYaLUlqlorq1mtHre+l7elrng5nSlHE2lHfWyXS0WlpfVJXW10tNTzSOIveENlR56c4AB5JOe+eOrcH5uwavqXwnLd2/h6GG3eRVDgHaAGQMWychgf3g5AA56nAOK+doLM3GorCG2L5sbCRemTgdBwq4HcjGDnGTn6s8KaLYRW6m8vZNpUALETgNtGCQMAZx164z64rncYTldu8o326ppO+ruk35ed76Hzeb1HQw0uXmv1su6WqSt1sru9317VES5W7WRXeVZWXcACx5AB3kgYx1OCSDxxwR+m/wCwFod1rmteJtN1C5vzoywxpa2ZZpLdb2R1CuyO2xo2XcG45ye4r4k07wnotwgkiv5QSpyzg9eCA2Cdi5BAYY6YAycV9dfs1fEbSfh5Y+K9AvvEdvoV5dFLqyv5js89kwqRRTEcHdycdxjJKjH33AmAyvE8Q4KnmM8P9XmqrlGs4xjKXs/dhzSaSvK/K21d21vofzX4x8WcV5dwDnVbhFZlhs6VTCww9fCUqk6lKDxFJVZxUIzckoXUkotKN01Y9X/af/Y+0XVtfvptL+z6B4hmjaaKazCtY3QYMdlxEuBBI5AJJUKT3O01+Wd/8KvF/wAM/EV9B4n0i7jtijR22pW8TNaSqQRHIJkG0K2B97g56npX6uj9o3whomo6pe+IPFdt4hvpdOeB47ibzYnBDcrJktuAAwVGS/Oe4+ONX/a58Ov4n1DQdY0ZNd8HXZ2xfaYlkmso3P7wx7hl1T+EluFXABYDPt8b5HlmU4yFfL8fh5Ua0mlh4VYzlRemicXL3U31tta9meh4F8dZxxzkf9ncV5NjsJnWCw9NVc3nhJ4fD5j8MXUfPTpr2rWsko2k7uybsfIhtS08zb41iYcEKp3sD8yg5ySTj+eT2uI9pDMizxJKoUkGJQCM5IBPcoOD0zzjGK+qbn4W/Dr4nW8mq/CnxLZRXLEyPolzLtfec8KjkMuCAAFB6EA9d3z74r+H/iPwjfm08QaNdWmxzm6WNvIkADBZEcfJtI5ILZH1zn4zD4n97aTvFW1vpZ2tpfRPTun27/q2bcN14YaVSgnUWr0u3rr8KV9+uut13ZRtdWsd8TNbjywCqOUXlwepHr0xkdfXvpXGvGSFEiniRtzNnCqxHB2nGADjkc8beB6cXLayi3JhJeIMwVhn7vPOPvHPb0zkc4NctPJPHGzBlwXIIJJ+bnPIxjJyRkBS2QAK96MoOzVtlZ3VteVaLllo7LW6s7t25lf8vxGBlGcqdVTjNK9neNvhVrLV7Xs9Vq9Lnea74iSbT5rZrrCtAXJ2kOWHAUMuMAdjnrxxjI8d0Hw74V17TtSOpuqXizMYTLMESRAcd8Fi3qec8etTXzTLC7PIVLxvtBJIKYzgZGcHn0BBIJAFeYSTMlrIVdgwZxw7DjJGTj+8ABgjAwAeScfOcQUHUUJJyg0tHo7X5fyd1vt1ejf6ZwApYehWbfM3NJqT6JJWV5WT3tbe9rW2+1fAX7OnhHxTo9u9rrctjcorNKokhcAk8MMtvCggZPXJxjGcbN/+xxqcod9K8QWV8FGEjuo/LJYngGQKOD0655JPfHyH4T1nxFbWjzaZqmpWssbctDcyRqFPzcYYZ4PIGDnPyjIFesaT8ZvihphEMGvz3KDa3k3ZZw23qCz/AEzxyc8Hpn88xFHNaUr0cTGbb92M4q2lvd7u6sktr2d2j9aoSwdSCVajNWslKEm9Wo732s9ba9k7ankXxb+Heq/DLxFHoOrtCbp7ZLlfIlEkRR2O3DAsc4BIJ5x6cV5QhZX3tuZiOqscADOBxt98lc9iT2r1r4ueLNe8beILbWfEESC7WyS2Bj/1bJGSQ2FwCSWOceudxBFeSocqGK7QWwdoGW2sOSeSAMHnpkdO7evhfbOjS+s8rquK5+XROStsm1v8l21R5GK5IVmqLtBSXKnq0vdavHWz2Wi1a67Fq21jVbN0ksr2+tmUZ3RXU0ZBzwRhgMevY/pXZ2/xj+JWj2siWXi3Vlt0Td5L3EkinaMjCuQPYHJAU5z1FcSWRssoJKgAkHBIIyRyDjg9Djg56A5rX8SNBNj7ogbPTJAB/hx0IHJJPPX1rr5Lap6p6Wa3Vnd9tX+m6Zzxrzi0vaN6x28lFWd213dm7Jeuv0P4S/a9+KdkkBury11GGMFWjurZSGCcZJ5yzDbyOpz6cexaX+10uoK0XiXwdpl6rsN7LErMVY/MApj2kE8ZB9gSfvfn5ocCmAOvJZ3LMSM7SM9T3xg5PqCSMV1aoIl3R784xnOSMnkjGOOBuzx90/NkGqpwm025NNdbu1/l13fa2hpUx0qU1FpSTto7bOy89Vpttaz30+/o/ij+zl4vXy9f8GW+mM5G+RLVIwC2MvlMHaxJBzjBPTJprfDX9lrxa5m07xE2izOGVAJiEGPRJCCVBPAIGASPSvg8PIpZWAOVQk8jkYAP3R/F2HAJxjgCplmMTh1EgYLjbufowOSgDDn+LkDAGOQMm266vecrPpK7SXu9NWv8k7ieYUr806EZK6k2opO9orXXdvd7rtfU+3Lj9jvwnq8UsvhX4l6a+4AxwXk0AIOOMfMSOOoHBznjHPneufsafEbT036VeabribThrW4+Y9l2YYjPc9OnHBxXgFlrWpWWDaX2oQENkGO5lQ9exVwBt4HTHJ9677Sviz8QdG2S2HinU1ESExxPcvIAM8ZUt83TOADjhhgkVXtqkUrJNXTT0V7OOzWt7W1d0tX5KFWy+o/eg4ydrvpd8rb0s9LPtu9ehk6t8BPizoYf7Z4V1Iqh5aGMyg4I+YFCSVyABnPy8tz14Ofw74s0p2S90TVLcg/M0lrKOmeCWQD144zkE9BX05on7VvxT0iRXuL201SPALR3tvG7MMg5yVwrcdPfnGcV6NZ/tg2t1GI/F3gPR9SVxh3WOMOy8cqNm3PIJGBnghsU5Y1ySjKDtb+bRKyXWzV1e1vVvY0WEwc0nGpG1uq9Ek9d/Jt/ifnXr8dzNFbmWKTek4LF127Mnkc8Z7HHTA5POOmtAYYIUO4J5akjaCR0zkkng5IA46YU4AA+49W+Mf7M3iW3tv7Z8ErpVxcXCxs0EaRqpc/NI20DgEnkjP6itWL4f/sz+LIi2j+KE0ySUAxo0qqFLLuC5YgbV56bgME8DgZwrU4OcpSd5WTvpty3Wj1a+/5b3Uy2FalCCqRcU3JWv1UVdW9N73XTs/g4sCxGB94nIJBIOTzj1AGcEgEfjShirAKjbeSTgHI4K8k85HK9gM4OMV9yXf7K/hPUoQ/h3xvazyE/u1MsRUjGBkl2IyoGAOfQYPHGax+yJ49tgv8AY1xa6su0keTKQcdgAoC/TnpjkVtTxNOaavFN2SvrbbRqy3XpdbNI8+eQ1FrBuTVtdL621Wl1r1Xmlfp8oeaASQ3yr3KA4wOvGMDn1xgfjViPc6k5PQFVGFBzxkcAHPOV47Ec5z6ZrXwQ+Jegmdb7wvqDCJmHmRRM4AUjupbcOhLFgQOME9fPL3SNZ0z5L/Tb63dQw/e20i7CuRtOVAPTAPPAJrphOMoaNauyt0fuu2nfS2h5VfLcXTm37OTSS1V30Tbuk9nd36fc1GMjC7htHCpjcBk4OOg246jGR3AxSrGcuQ6cghRgcht2Se2fTs3bHBFYTZCBiY2QjO8fLkjHIwDwDggjn3zinGQglgQM8DBzk4wOgAAPJx9R1U4uLacW9NLX3ST66p7c3bbSxzPD1ow/eKV77ddXFO17Xe7+7bW8oUYRh8pLkSEk7f0BOAcY9cAY7Vw3ipCotWMmQJxyM8ndgHOTkZz6ZzkYGc9oHY7sgDPCgAEF85wfQdOO3BJPbj/FORBahiDidcjbx97gqMgE8jr+IwNxwxF3SfNto0l10S220SVttdOljuy6mo4qmnpJ9L2Sdoqyt27O+mmlmzR08KqZDn5lXquQcqMAYAyBngfU1pLwWzg7uRjtjBIbPJGOpznHXpWbprr5UYIBaJQcHjjKnB55yDnAHPIByOdUBPmbITcGBwN3I5wRnIGQOCOg4HGCoOPLfW9o6t3va2iW+7bXlrd2sVilJ1n791eyV9Ula1tddVeyv0XYjdXYA5AbcNvGSckjGcYAAAA/HnFC+cuPm3H/AJaZJK4ySRwCOQQc7cHgknbxMis/JGVKkLg8k44OBnGcc4IHAzyRUgUKuNwPOCi4BCnk89woyMfKeAPlOK1W22um3VyaW/5XZglKGqnLWz0e+sL27u+ttb3b9IBNL8wTA44zxkdCM4x0BI7dCfWp0uF2LvUs5z97OcsTnackgEADGeMkY4zTG8tcqAHxkKCeAMAryORzwB1yeeKQBVLknO5funtu4wMY77sj73TBJLZjki/ijZvXaz6K9vO22va5pDFVoWtNtX6v/CtervtbyWr2Lkb2rKWdAj7TkucoVxjCeg745yBxiuw8BQxT+LdIWBVGJF3nk8rjsQOeCQMcd8HBrgwgJDLypU45DEHkDOcEKCCNueCSemK9I+E8An8c6XGwxtYsMHuowMk8HAIPX8RxiZYdOKcXZrVvflV1qtdtNn53sengsfWnWjTa1lZX30vHV+u9l06X26jxTEsfiW7QxbY2vVB6BmIH8QOOSPm54xz05PbaZbI6I6/K6pgFiMMAMBcdMZ5BOeB0P3a5nx2pj8WXAwWY3YDAKQDhSRuzxkDp09AeST0ekBySN3zBcspGRgEcKOinByR1JzzzXHXi04qVtIwt1XS3m9N2tbPTZyPosCnKdR3u+Z7rq2tG76bdWlp1VjoVtJFjV2YqerE/MuCBjOBkdDgdAV5245fFZ3SM0se7DYGRuYgYGeGPGMnPQDtweLSMQBJvC7njUA5KqMDGUPG09vUY4zjOzDMxkeMlSQmT8gUHAz8hJ5JyOMj1HOAeKTacVFNR0teWn2W7Nat37Pte3T3vZXtZe9fe990k73Su+t7dG/7pjTpetw4AaMpwo/h5yQVDZbGeTznoeDVlg4RRsYsxQ7ZI/m2gc87QRjGOwB6jtW5HMEIcnP3dysN2VPLcdfm/vA5Az2IretfscqPJcRgF/kAAG3YTjaQOMjPUfMOv3d1K7bTWl3aNrXvaKWr6ro/PvqVGjJPSVlZd1vbRPXrd2e0m7Jpq3Im4to0kjkhyHVQoZVcgtwW3EcgjJ+Y5BPB6ioprew8sqLYSIQoZsKcbhyV6jOAMgjHsQMV1lxpVncIdqokZbAcMCTsBO4g5zn0yDyA2etVW8PCaJ3SUFEwqDJUlhuYsVGcgkYz7ckHArS/vQabaV9Xum7N2TstNbaaafOpRbSTSaet2r3ejXbb5a7dTzzUtKs5hi2IjO3AZsKcgcgYIGBzjA9hwK8m1vSmjcKsq7BHJK4cDkhWUnd0yAMDptDcV7vrOk3NuiSriQcKIyOQeeoxtwMk85wCM7q8d1qGdJHjnUszrKoVSSFBVipxg89cZ6cjjPPUlK7s022ru7Wqcd7Xs+j76Pc8rHQUXZR10tKzVm+W9lrs7q9vLVo9S+Cfh9NZ8IX1sJhHG012bnzSI0MHRlU52gsAcZBHrit2f9nv4a3cMZgN/vmUyySQzrKEkBbcAQSAmee/bjHNcX8L9Wa28HanZMjrHIb8GYMyupEYwoPTJ59MY6dAPGtJ8f6zYzXUMGsz2hgupkiSWZirJvbBTJwT2PqR1wc12QxcMPRj7SHPHZ3u9bxd1HTu9b2/E8yVKFTk57NrbpquV992knpp00ep77d/sy6HcqTp2o3VsjlApurdJFYjrlhkkYJ4wODz0AFCP9l2eKOVktbfUwm4iS3m+zSksOBsG0ZA4Hvnk5Bri7H4ueMLZCYdaWVA+Vdm3EMflIAIPPsD6969D0j43+IYlMt5G9wVKfvIW2YPY7RgNz8x3e/8ADWSzDCSfvQinJpPmim7e7pdrTe91d2+ZcaNO/u87fXltbWy2vZrda2a1d7nKX37OWp2sVw8+ja3AMDDqv2lQuOQSOeMYJ79+oFeZav8ABW4tUE0sdxIEO4w3NlNH0JHzERkHIwOp5PU4NfXun/tIs5Ed+byGNVXeyKoVgBghkPGc5PccehGfQLP43+ENUt1S6vdPcsQG+2afE+BnlS23HOTk85HAxgYPaYOrq400krNqVnJtxtZXSert006bGvsekasl7qspJpr4U16Xt5eUT8t9d+FnkKzktbMVBCFAYgSfUdDjkgg87uOmOEuPh5qkPmeUEuwDwQ3y4xjuAmc/w55bnsCf2hbVvhnr8OH0/wAKXHmABxtjgaRuPmOF3KVBBGMcjA7Vi3Pwo+GGueeY9Bgj3rvRtM1AKFOCchcqG5GSM+hOcDEPC4Sd7PlSSa+F30VrW10fnp37T7CrdfDJaapxs9uzT7u/a972Pxdn8K6lbttls54yjYXKFhjHU4B556kHp0OcVjzadNHuJhKlTht4xnn7wJwTz1z6596/YzUP2cvB0wVrLVtU05vLbP2mCO6g3MDhWbc3A4BG3II46V5J4i/ZcvXjMmnaloN/uLYSZTbSMBnnG1VydvZiCeMY4rOWAptWjVTT2ut9I+uu+zafXsYyjVj8VN3Wt1qvsvzT6dfR9T8yY4XRgNpztYEcAMepHHtxgjOcL2zVKKNw7NnARyFAG045GAOnA5znJyR8wOa+6dT/AGXfGcO5k8NNcoFYiWxnilXaEJBXD+o+782VOTjPHlf/AAozxJphn/tHQdThJmPlmS1kMeFfk7o0YKACW+Vcc4wNwNZfUKqaSSaV3vft5dNLbGLnJbxfRbLsuid9LtN2u0230Z4Wls5hLbwXCgkZO7HJB5BbHHQ4C+3JqmxkVoyN2eN2dx6Engn3JwRz3Iz1+hh8NX5Cgwvt2eXOssbZPJUb1GcYAU/d3dc5OMS5+Gep+aoiEMmCSMON20EEKSp59yQepODxnGrgaz+KCaT10u7+7ay3dr/O7szVVbKNm47b3X8ujv26LR3Wq3PK7G9vEnQRTSK27aMEleehOe/Q9AQCfQ59Nj1DVNG0yK4iv5I5nKklZCAeQchgFwQBjnIz254zj4L1KwuBJNbmLyy7AMpYE5wcDptbpjbjpgDGK0tV0yaXRi5jKeUFKkhti/3skgDLE9B90c5Y4z5FfLYzqRjOh7rvdWTaWmuqdle3V31elrHfQx1aipONV80Ukveas7xSu7/g9dd9dPTPBn7RHjPwdfwXFjqUsSq0RlKsd0oTAywyQSQo6/wnJxzn6H1f9vjxpNol1pcHlLLKu1ZwXSYB1IO4qDksfmbBzkbhgZI/OB4blCARwWBA3duoGeno3I+UgDKkYNaXz1OAGO/kMzcrzwAGIBGOvJ5Oea+bxvAXDeOxFPFYrLaMqsJqpGXIov7Mk3a3Mr7XW+71Pbw3GGeYajOhTxlT2cly8r1srJPlvqtFpbrrc7TxN4mv/FGpX2oaleyT3V3cSTtvlZhmRi7ck52gnHqBz64zdPV3lWAyBmlwicBhjuM9hyQACMfQc8qgcyZwQynkENtbBzkA+mMDGM4yp610ujI32lS7EjejHYuCnsCQRnkd8jAPvX09PCUqFGNOlGMIQio04xSUVGKjZcvla1ktNWuh4M8TKtU56rcpSmpTctbpvVu+u19Ltfieo2ngmS+tEkt5ozIfllLEDYRk8EngjPY546nFcenhS7t/Ei2jOssqpvkYHkjnoByGI5IHcHPY16Dpmu+Sv2RDuDMuVUAMEGSRnJBPB+ZumfXOA31peeK4Y4rZk+0W+xnRv3meFzkE5Jzk5yc5IGea8/BzxjxThVhaldtOzTveLWttL2V7O2i7K+uIeH9inSf7zmV0+jtG2iutba3te/ffynUvF+peIXWASi008bGliV2Ck9y5JBc8kgHI/vZzWJql7BBAtvaSR3ClcyTEKG3HkYOCWPBXByARuzXJyXDx7kQ4BA3ENncTtzyuWGfQbvpiqwkdmU4wpOFX1AxxjpjHJ/D2Ne7OrzaNub0XNr3SaWqTW6SXy128GjhKdFL2cYxpx5WoRVknFJpuy3fa2m+2pHONxzjAyc4ABOcHHK5Pv7Y4NQEcHjp3OPfOflIGfXAye1dTb2dvMpkkEgLx7w7AFVUYGduQB1wFyM4LCq0umqw3pInloctnALYOMbeDznOAcYOMg1m4620b109LW3te/l8rnTGsrLRqzST317LX/O1ruy35/djBGcEjHfsMZ6ds+v8ASp4hvf5mwpGCcdAchscjI4wfcHtkl8kA8wrE+/Byx27QO5UcdRyMDjuOMGr9rao0e6ZwiBMLyCDjOM85OTgDA5bpwcUJWe197dVfSy09b9b2aLb0vo1p2fm7q1r+V1+RU8n5xggrn5WOCeD7cgDnHGAMGtWDTXmTzdoKFTkDgYzySTwp44A75xzWeXXe21gAjgqQSoKjacYzjr6KckgduLKahKA6pLhPvFT3GOh9s5OOOcexFX2b6u6VnZJW02XTV233T0sZSc7Wi10tpfa1l2e+qfktye609IY4yXIdkLKpxgjHCqScEHkNuXOMjJIJOfFC5CAKWY5BXAxz0AwM5PoBxx3pZ7xrgAykgjhSBjAAxjuByCOCcnp6jR0/ari4eUD0A6AnsRwOx5HPXgEYrTeN0pKyi7K0dJK2nNZ2vf0dkrrVZSnKmk3Zvp3veOl/lpru9W9ieG3mt4WmZCgKFMZHCg8Fu4GDnBzg87Q2M0lujDIzIx5BVQFznI5LDheBnPXHOepq/f3nnF1EgYBdzYwBk5GMHk/L0I6nqQDxkIEKqQQyrkkEgZIHcYwdpHTPPQYJxWfwq9tW3y9ZdLq7v077vSzbsFNOT5pRur7XS1TTWzV7bvp1a6O59rvJGwruQgwoTdnnr8oDY54GDnnkA4qIJLlxIG3KC3JbCsee/pznHGc4PatCx1Y2EMsSRxOzLjzHUF8k5wMg8jAyMlRkE4PzDSWLT5NOnvb67b7ROu2CCIHzGcAnfIACByuccDBI9KydRxeqaUnpZO+vKtkrray1bslbSSOhK9rKyW6s7W0V9ut0vTVu5q+DJ/DWnXP9o+I1+2RWjLLBp4zi7kVg2yQjloyQAQcgjJ4Ga2/EvizVfiJrqrZ6eLW1SMW+n6fZxkW1pCcKpYDKqScBuuc9uCfLbKze8lWPeEj4Z5ZG4jjJG4g9CQDnjOD0616tL4x0nwtov9ieE0jM1yAb7V50VrnI+UrC7BmQFs4xkDGQOM1m4KT595bq9ko6qy01101Tvqr2ubQtaz1VtUktuivfZadX87mLq3hhdDghh1C8T7dL87W8RR9q5GASCQCQcE8gDgE84p6DJGms6YFiQol1bF2IDKAJFyGUDBQDkg9cbfrkm7vdfukaJJ7mXhGcs7yY4LMep2/dydoxwMn7x6vwr4c1HWvENpo2l27T3lxKsYhjYfe3YLFj8uAM8EA8kDAzWVRxUJxnU0td+98KVvujuur3uXFLmSim7uNnqpNXj8Nn112ez6bH9Wvwi+D3gHVf2dvDPxy8XQ6APC3hXRLXT5PEGpoI7eLzbMmaDT9P2eVc3EbjAZ2yGIznAx/O58Z9I8Kap458Za7omtyS6Dd6vqDabJdRrG723muIvLi+YRKQQo28YHPOTX6SWF/+0j4i+C/hD9njwrZ+KfE/h6G0N1/wjejaLqN2k+oXAVY1uJY4BGUiJP8AGVyDk96s2P8AwRO/b48caDaeIdR+GjeB/C5hN/d634zurXRLKyttvmGaXzpgfLRAMjZkAcDtXy2DeAw9R13WjGVnq3e6507Ky1SumtLvR3b29rEYTF1IWjRnKKtJ80XBR0UbKVlzXTbvq/yPwr1CxeGaRmYPGAohG/PyMR82AN2eBgFSOw6ED2n4Z+APD3iPT7vUNZ8Rx6U1iYxHbuilipIzIyk/PnORzkkkHkcdx4/+BUXwu+IOu+EPFHiTRdZn8OTyW95d+H7lb3T5pIm2v9nuFIEnzYHyAkkZrlNX8SeEdA0w2WhWUlxcTPmWW4Hz8ZBKkD5hwMBuR3FfQ+1c4R9i24tJ81tGny2u5NaPdeTvprfy40/ZyvWsuW6UW3v7u33pPtfvodrcS6RpOo/ZbLxK406zj3pNDGI0mZcYby0woJ9cDOByCa5bVvEGg6xc/aZ9VvryQiSHyJGYKAOFIByMPzkHBHuOa8J1bxHqE80qRkxQuQxVNxc9+X6kA4AHpkY4NZEd3fLMY4/MXcu7GMsSeCSeNuenqSMetaLDubUnPlas32WulreSa1+69yJ4h25IxjGKa0S2eiT0aTdvtfOz6en358NGSP7RAyTIGLbGCgrnKqcYO8/xc9ucg8Y2p+I7UWy2thZQoVYkvtG/ZyOWABblSSOmTzk5NcFNaak6GaSC6YAht7CTaFySCeuM546AccY5O74d0Vr/AFS2gvnFjaMu6Sd1faU5ABJGApA2rknA6YzVWpU/elUvazdpb2s9dlfRabu9tNWc0aUqrjFRvJyVumraV27bpWu9Lt673eBcaptuHuWjR1AICMoGD2UdQQTyeQcHJxUT6hJJExWMQsxwoVQDtPze3HXgcDJUEY5+kfE3hnwD4V8JwpAYfEfiPU5TLOkMZSLSYUBaMKy58wup3HIHUdRyfAtUFvEwMcQDOg/dlFRY8YPynnjnkHkcjGMCjD4uFdc0ItJO2t03qk3HmS929rdH80dNXDyw7UZuKfKm4xeuutntbe60d76eeP5N7NbsYxK6k7ptgIUYXuRww6g4yoAz1GaymjeY7trbk4AK5HQA8YHr19TkHPJ6OXX7j7KbK2SGFAoV5U+Vm2j51LMMsfwOTgKSoJrAaWRIi33XOcHA4BOW4wfvAHA6cDbktgdau+iS62V1py63/RPra6MLpt+q832b+bvv23Oo0XT4byN0uGdGdfk28KGVT13EgM3QdAeOTis670W7gufIUZDklWfqVHQnr8wHQD1x06y6dcTJaoquS5cEZXAC5Gdx6nBOQOOTg44NakdzJcyMRITsGxySdxGOSp6jnJGOvGSN1ZupVTbbWultd9HprbRK71V9NFYhzSsk7XVraLR2fXR209L76HE3cLRzMh42hg2R8wIPCjnAycDnqO3amwxZkQn7pPzEYO1u3HqQQeCcjPNdK+mzXPnPg8HDFjy3PAHUbgCTjHYkZPAY1iFwGjMYjGSWPOfpz26g9M85rWNS9nfW2zvdW1tb06a7/MF0ba1st/JdLXtd3266dU4tNijub2OJ1Kxtw23g/Jg5I6gHBySQSCTy3FSyx7NajMDEIt1bqvT/AJ7IuD06dOO/oOnS2b6ZbQoAhZ2+ZnABdm2j5VbglTjnHIweua5aaVZNUhljjZV+1xfIOVH7+PnnB3Hbk4wOn0rOE+apotFa7d021yt3Vt7aq9k1bW23QpRUUrO99Xe26WvVvdu6tordVb9vPBSO3hTw7vOQ2i2JG0Dj9yo3Hk45xgHr+VddHDICyCTEhYAAtkAHpnqv3fl5GOeRnGOT8BRGTwf4dkdWVjoliEwTtI8lTkgjpkZ7cjqMmu7jt2XYGVQH+YAncVC9uemT2PAJyR6/UUqqjRhrdOMbbp3slbo126WW22vFWpSlNqNmrp6p7O2jsvVu7V7vVbPGv1aO3uVeRVxFKpVQuGUqfmHXHQkYyTjJGMivAbWeQavKwbGQcKMj5FfAyvIOew4A5GOMD6M1BEe3k3IRmOThlAUDaRvbdweTj0HAOelfPBjU6pgOoZ5XTKKSP9Z0GO/fPQHv6TUk5Ti2tk790/ds7df6emxVO8U02pbbW7Q1XXuvVW6npPhJ1k1S8PDKYkViPvKSuDjBGf7uPcgda9Ek3RJtDgYDBVK5+UHuVH3T2OCQc4rzbwvZyQ6ldnC7WCqFz85G0dSckE4LdOARjHAHoQKBZQ24rnOMZZQRyGI4PrnvzxnOdqLWjVkr36Ju1m+jbTbb1VnfXyzaXKtNlZ2fVKKs7dndtva+9r2gMy7QrliykZYAYZueeuecY4GBx0yK0raVjNbsI8KG+6SCcHHJxngDO3kHsATjGNJGshV8mMKSyZ/jDYJGBgAgBgc5A9+a2rUFJIkOfn4x/F8vRQwPGSeeOOSSK97L5J1Nr3vf743W60TvZNr1aR4GZKai7K97tP0s73tbvfRbdnp1MlwxSNOFB+QE5JK8ZBAyQM9x7jHUmq8uS4ypChsN0BIzt4wCcc5OcHnJwOa80yBfmZ2JBUjoAcYGCCT06nGck1SlkU5ZQQw+58x2t2GTxyCOuADkkAGvoYON7WstFdL+7F9nHbVruj5qcp3V3ZKyv13Xyvb5a6rqNmuGO7AU7V39BjdjJJ6g8ZOCeccjIFZjzuWGBtBJLEAkfL1JIwATxtyeMY5xyks5JOPvck5GAT8xB9DnPGfYkc4NFmYkDdwFIfcCNud3IxnAI9SOTkk812QhFRUrWlruubrHbbV6pbbOza1eLnK9lu3bms3bWN9VZ+rd15JXJ3kLjfuzkk5OFOOwwucktwRnuGOQRViwdxdwgMR+8TJJzg5yMZ45+nHYGsxmKoFUKAMoCSBt6Eg5/HcxHH0AFT6eZDdW/OQZV+XPDAEY7YAGMdOmeuaiesZXu7xS3s/srq9b9N776XuVGU1Up9G3HbVOzj5XTvZX0V9FZH5M/tPOT8afFZLksJovmweTsXGOQOB6nhccdDXjunajFbBPPAcD/WYU525IAGRnPHp/IgexftMxNL8a/FQUKpM8BJ6gfIM4255GeB27Agc8ZoHw/udXgF7c3ENvb7w2CR5jR4wcL1xgYIPTuelfh+a1qNLEYmdVqC9tUtZK797Syve76brfyP0+i7UqSk/+XcH1urRV7Lulr0+66dSC/WeaIwRCNGkAwnDsvHzEc8AdSeMY+lej6dJfwXCizldyQpQu5dkVidwcEldvPPOQTkYwRUcmg+H9L8sQOkx+VJQzDcqrk5z0HXgjccdeK2LS5sbWbbbuI45FAO7DFgoBJPcbVIB/4ERxjPx+LrwrRfsqblp7rasn8Kstb9U+ie1tdGqsk17O8bO0pN7/AAp9U76397e+jel+ia7nt4zBeW8LKxRxMAGYFiB8u3dn5eMAHBbtyDoJdr5aRQ2Cyl33JI0QBCkYzkKTnjODgk85AxWBJPcajLbxW1uJYo5EWOQAgF8ggHH3g5HTpliOgr27wtoyAWkt5CiTP8jqUBEa7gMbTkAkHBI7HAHIz81isQsLC7dpNu0eayesU9bro/O7W5MpubbnaWsfeu7ptxTTbit1Ju66dnZrj47jVYkAaHyreLy8yhAPmY9AAoB56ZyDtwPlwR1OnW8t95bywSyhywDMpwz8qDk42jBAPfI5+6CfVYPCsLGW4lth9nLr5alSQ+3/AKZnbwRngHpgeoq3c6TEJYYLSFiVZWWELt8vI4yQMksfoc/KNx4r5/EZtCTjy2unu/e6xs+y27+Rm1SSblKKu5Je89V09FazXW1r6J38yXw3M0m5R+/IcPGy4QKpHfBA4Azzg9R0BrMl0CaO6KyMyQBAwKgsrMOWBbGAOMAdRnKkZyPou3sDaW7wS2SvKgLFyw3qWwACOARznrnjJ4BrnbrTNNAMdzmGQKHbDZ3sTwPXJJ4HUgk8AkHClmcno4uSvpZ2ve3RaNOz102V0YS5U4qM1ptyu3wtLbZq/VPXok7nkTaBNJbmaOFEYOo34A3AngkEg7RntyeQQcYqaTQ/NI+0OcBVLlRgSEYCqvUEjJz03Z+9xXoWrXeladA0zyxttiXFsSods5OdiEkk5HOV9ickjzy/8e2cEM7R2anZxDub5YwM5xzw3Oe+3IGQK9KjWxVdWpRbacVHVpSWt9LJK7s0nqr6WepopP3eRt+9G65m21o20ktFdX+JteWppto8EPlSYRYo4gWCRor4GD847LnOQxI4HPGK5zU7xFuPOtYwFjVV3LGqjd6gdOD3Oe/IOTXmmt/Fa6uRMLKJYg2Id5LZfopUoRxzkFfvDruBrFh1++1ULGZSr5G5Adqbe/J4PB54G49AOa9alhMdKClVnNe6rRT7cqSk7rtfTR+ZtTU43u3JvVWle7vG2vTrs9dmtEekEi+ug9zc7YQuSi5ID8HqoGWPdj7DHFVtUvLWNVhYjcGDLHGB9wAY3EHkng4YHuSOlYS6mkNt5TSgvEQRgZMjHPByckrjrg5B6/MQOdvNQzMZ53+faNqgBskn5ckkAHoOuPl4xXVRw1WbTabUVFe82+zal9/ffTpZapJu7fXZvRaxba1v06tbaeV7VTeahC8NqBEWwokHGcEfKTyAOnfJIHeuDbw9qwunT7VIEbPmSFmAwccOAWHGMAEngccdOyTVHt7ZSw3KWDom0N6jDdweAAB2xxzirNvqEh8wMrMXYSIpGAvI4LZ4BA6c7sY4PTuhCtSi3GMW/d3Wz02vp3TV3rbpqr5VdKzT3s+1k7Lsml0Vw0jS7rRkkvPNEitGYkLE7sMoy2D90Z5zn8s5rN1m/R4DbzTeZKcfulO0MvJ3HkHAIwMdAOMnIqa/8W27SfZpVMaqgV9qgBmTHHOQeR1zz1JPJHMJA3iO93WsXlRoMSO7lBtTLEYJG0MOQOeM4HQiKWDnKo61VO+jS97vFvZ2SbirdNtEifJNpa/pfRP7r6Lva5jtocsoEzSPEWVvKSMk7gVzk4J25JA7ZyP4ia8516BrKV4yzIuQdjjOWyFwxznBKsDjPT2Ar3eaRbMXEUSZjWMIhIydwIXcpyPlB4yQeDxnrXAa5oUV6N0zlZmQsAcYZiQVAwO3bGB617uHtH4no9LSuk0npZtW6bb9V2LV9Gu7UtLLRxtZ6b63T110WpwttcMYNwIWQgKEBIAUAYyvG4HPOSeuBgA0+5vMQEOwZThUQnIOBzz6YB+nQ8HNbFp4XlE8CXcnkrKQC7EkCIkdR2JHQDqMjnkmn4strKyiW3tCJnhYqxUYCpyMnglmzu+Y89ema74ckpJRSb0Tb1T+G91Z6u0tL/oOysndJ2ju097dN31W+i7a245WjmZpQCHDFVU5ACsN3PryT04C4ycg1btGzfQOr4BIDOWIIK43dhgdgOScjOORWXaW00hLKGdFLFhtOFDdj1J68Aflk1u2tlcxCSV4C4Qq6gKWUkH7z5UAljg47fU/LVVKyTa05Uk9f5VstE3fbyvroZu6WjXRrSzW3bayvpq+uuh6VY3yxqJmUnaMbyCI8kYEhA7cdcDJ6ZODWNq/iWa4+a3gEjxho9wXA54J2YIOAeAeQT0B4qiury31u9u9uYAqiNQq4ZiM7V45Knknr/EeRjPdeH/DVpNDHJqSeQGK4j3AA/Kcu2SrYycc9+SDjFebVqU8K3OSvKVrRV1J69vVu99eiXQlySXfTp11XfS3zXe+h5/o3gXW/Ekc94iCKLJdhIVjI3ZI2oSDg5zjAwRwR1ofwRrEBeQxMRbEIxAJ5GVyCwyRyeVJ/WvarbVNI0qVbeJ5ZZEmBPzhYWVMcEDgrjg9c9ap+LvHcN7HLHZWkVuEVYzIgCngclOPmDeoPHA4PJ56ePxFaaiqXLFtKLd27WWttPhttra+/UE3ezd2ktb7aJ6bJWt1d12V0cBaaNZWKI97G+wpunJ6h9uAAecc9RjnkHANdpb+HfD93ZIunbvtMw+cPJtKsw3K+eu3B6cdMk9K8u1LV5ng4lYRKAwZgPnZiGXA7AHHrnv14m0LXbmyljkDqd7g5c9E2jOCDgjrtIzkYPYiuvEUK0oKanNSVlbZN3jbTb9HsnvatdXdW8tH0+f3pa+ZpX+lPpErQvKVmabaqrzuQH5RuwTgggHoefmGeT6j4A07UtXuwjo0VhbgJLIQAxQEN+6YnBzj+H1wM54pWFro2sxpf30hcI6M3zKjEuCSiDI3DruOM5xn/a2tR8U2mhSBNJSQW8aBcFwo83HAcjqQATjPftnn57Ma+Lr0ng8PCbqy0dRJqME0kves73d72vq7Pus5t2tqm+VJpu2nLo9Lvre1tktEe3tr2l6LYPpscbCRdxkuS2JQigHbuwOwwAOgPGO/jes/EiJlltIHleBTJ1OcNn5VweNp28nn14AGPF/EXjbVNWdp/NkhTa6Eh2+Zj1bjJO4YJJ4x+OeNF/cMqoXIDAs0hGMnOAeTyBxycc45PGMcp4UpYb99XftK8tZynFPV8rsr6q+/526aQp2jbdtXbtvfldtVbXW/q/l65dalqOtwvNbJKkcSP5iISoYkcjpkk4Hyjn0xwayrXUru1ikEuYYYwAIGyNxByQ3QnPC7SO/RQCDQ8Kard2RcQq1yrgIoZQ43nIDID0OT94HnODjs3WWvLaaU3g3TXJLk4/1YYkqMDAGP4vZfYivepYaFOq6fs4KKs7pK+lrJpa6u9trdU1u1GOmqT11Wmvu6Wvrrez+d9DqbTxDcGGVdxjhmcDYhOT1ySeuAPurgDG7JB+avUodYi07w9FJLcNEtwpMatsyVZeS5J5LZO1duB68cfNEOpSxyRruYkMNxxuG4ZOCAcHPHUY9iOnSXUmqalZxzmZgsfCQbwQ3OF+UYK8+gPGeM5z0ywVJ8raSS5dbK7Sabeuul73282XBcqTetr6O92lyu3R21e1vW9jU1K7sLjUnurUtEluwkYKwAc/xYzjIY5z0/DFa0HiaR7eUR3AKMoWFHGWA/iJJ+6oHPCk7uvQV5ld2OomaJRGEMijcASD2I3nsOTg/XgVb2tpdk/nMrTTEhhn7iruOU+UliBjvyMjkLWyoUtFBLRrq1quW3Xot073a6MuM0rqz967uk9bJW1T22to9bu3bubtUnsp7iBNsrqxadsAHaucAgn59wGcZ45ye/EpqMkfCXDvIVKyByGAAGAAxIweeeSAD3x8tuy1UT20VkkhMZVtxUNwDjjrju3JwRn05rm9RuoYZmtIUJZSxMoJyeMgHaAc4ySO4HpmtoUdVpq7b7u/K7LbXo29bOy3SKThJ2kktbPmtp8O3K0m+r3uraXOxijvrqzRcu4Y4wg5D4+QyMMgL06DHOAM1t6Pb6vFE9qIHCOjcKvzSBQWYhidoGMtxkFiWGeBXA2XiWW1ht4BnZGA+R8xBBwQeuVOQTnAHXqOO10LxpdC589mUxFfLVWCsoHIBz6fNkY6DGf7rZV6dSKvy3S7Lyi21vrZ3d9G2tWlch8sZWSavbWz2tHz80u1/IdqBnDAi3aNIFZgzgqhfO0qSwznuCDzz64FvRPEV3HbyRGJRG+DkEBiM/MoGAQcZ6DBz+FdTqE51PR5QLUB41Z3UqCGGCQzMpJGRnYB1PJU5FeRRyTC4RtpRY3EZUZw3OSB8pGCOoJHTJ4rnoqOIpyU1yuOj0S1dlfZJpW7/kDsl5Pl20teyaatslvfX0sj2OTW1FsjqrMk6iNVclnABIYDnO3OAAMnGMGse91maIxQQgxWwdRKrAuWMn91RnsTxkFce4rHhF3fmOzsrWWWfBIWENNKjZwu2NQSWxgYUfrX1P8Gf2K/j/APGd4f7C8KX+n6dPMrNq2swPbQIh5Lr5qZIIJAIwC2OT0bajgox0W8no2kle6s9baXe17d7t2KhSnUaUKc27r4VpdpX10aV+1rbN33+aNbtYr6O2NtOFRANny4dwFy4YttJ54Gcd8ZA57XwJ4S8YeIp7bTPDfh3VdZlkOIFs7OaSMSOcHLqhXrwckjrziv3Y+Bf/AASP8M6IltqPxc19dZvoijDS7JtsIO7cVyCN393BAAAOTkmv1X+H/wADPhX8KNPt7Dwh4K0+xliRVS6ayhaZ2wwDvLtJG7HJbOTyOpr0IYO8VGcubRaJ819t220lppbsnod9HK680pVH7NPWzbTb92ytLTXXff03/nh+D/8AwTM+O/xRltb/AMWeX4Q0Fwm5LwEXex9rMwiOMfLkjPTqOhFfql8Kf+Cbf7PfwjhtdQ8RkeKtWtgrF7wq0PnLg48nLjaWyduBjgDjIr9Adbs/FA0+ebTVWCFQ21IAvmEgNuUBQCASeoyM+/FeJjStcvJJGvluS6nLm6cojAc9CVX7vUkYxyxDV7uX5bHkTTUZPV3STT923Zpa9LfPU1nChhGnKHPKyd5+89o662XS9m+miudBYa54c8KWA0rwboenadBACg+yW0UKqgyAcquWY4IwcHjqQSKzTdaxrykzSTYkcg5ZghzxgKMhT1z3+UEg9axL/XvB/hcPJq2oQPcqoK2Vm4klZlxhFVC59sYbgep54m5+I3jHxADbeCPDs+mW5LR/2nqaBOM43rHgFcgAqRyOmO1e5h8qu7KnzvR+7rdWjZvrb797p9+bEZmoJOMowitN0t+XRfJWVtU9tNX7LDpVholubzVb+0skUbpJbmZVO3GT8rkMRxwcAj6lTXNX/wAavBmlE2nh21ufE2ofMq/YojJbBwcHfIMIBk8HLZHBUDOfJB4A1TV5VuvGviK81Z5cbrOOV47fkltoUHbjLdCpIHHQEnv9L0rRfDdukGl2FrZ7B98KrSMCOCxO4nnqTjOBnPFe1hciq1bSt7NL3bNXbulpay2XVq/ezueRXztU2rVOdtXWqsmuXRarS3a1t2SXPiD4peMFUveQeEtJl+/bQBTeGNscqTjaRzkc7eAOARSWPgzR7ORb68MutXqvlrjUJDKA2SWbY57N07DrnjJkn1YOSsRfdhRycABT8xIDYIzjHJwAc+lVptQnVDL5qhVA3ZwNxY45HJwDx3Xtgc19Bhsjw+HUXKKlZp3avqlF77K71fW722b8LE53XrSaVSXZKMt0+WzfVLWzT0fRu51Us0aQqIUWIAlRGiqqDbgHjb0JPXGSeRuFc7cXjqrebLyD1B5JycYGfl44xnkDnPIqjLrQICo4ErKCScbQAOxPIB65+oxj7uE+orhldiWLMTgHcMEYPHXGcntgEn0r16EaVKPuRVNKzWiS6W01XzX6K3jVK9WtU1lNt276tct+tr6X5ert2NqbUZJUeNGJ44KcFtuDtwB0xyecHJz145xbsysVn3KAzdDjcQegxgg9frg89COZ1zxpoHhi1lutY1mysIlDSMJpkEo4AOIy244XnADHkZGOa+R/H37YHhrTmlsPCNlNrN1hwL6RtlrG7Z+ZTjawUgc5ywxkg5K81bMsNSTU6sW19lO7e2yV3010s+2g45XiK84uMG4tJSlJKKWzWr29LPzT0PsHxCNNudOuYtYEEmnvGyTLehEjkU5AYSOVI2g/eUngHGMV8iN8dvBvwc1O/wBJXXl1jw+4aewsLVvPns7kMS1urBm/cluAoUBF47Yr4q8YfF34ofE26FiNT1CWGeZlSw0lZDGqMxAWR0yuRuAGMDoT2rNt/gN44uJrabWoPsFvelJFkuCZJ1X5CSd2SGJy20bueoHAr57EY/EYuzw1Kfuv43orXjdXdrLX8T26GX4fBxca1ZSclfkvpfS+6u9NHpZLysn9A+Nv26PFuqedbeBdJj0WCTcgubgGWbkAArGVUqxzkYB5OBgnFfPckHxZ+MGpfaNSudZ1dpWz591JPFZRK2c7E+UbepAIAwfQYH1X4D+A3g/Q7RLq/t/7avAEYvOAYt3ysx2tkYB9sHnpXucY0rR7TyYltrGCNMKiJFFtjC/3wqk8Y69D2HbangsRVhGpiqzWl7JtRtZK91utbabNNa6oxlisPSbhhqUbrRSUb31ju1d20dmt9rPRHyv4J/ZStQI5vFl+052hzYWX3cnkrI6jG4EBs5JIxz1x9T+GPh34V8JwpFpGkWlokOA03lK9wSSVy0hUtk4AJ3DLNjAJ44/W/jL4V8ORyJDdrczKpykJEpDqABlgc5BA4OOg5FfPnin9oDX9T86HTGFhZkFS8f8ArXBxg7iQVIA56k5wBkDPUpYXC01KPK3dc17N3vHS7Xe737LTc5ZQxeIlaUmk0uWKdlo1ro7W0uvO/kfXmveI9A8PpJJfahawMmXMLOrMwABGxQTg8c4zxwcjg/Oniv4/6faSPbaHaRyyMzFbmQ4UMSSDjJyuVJxjrjkBiK+Tdd8VahqU0l1dX087r8rtJJlgck42biB8vJPPckDt55c63G02Ad7b2+YEkOT1J6YwecE4A6KARjixGcci5abjHRNLeT28t+npp007MNlUNJzjzNtbvq7bLqr99H07HrPi34n+I9enkW81GUQOThImZI0HJG4gjI5wQwyAehGK89nvTcxeYzgtGvEjNknP3mOSS+cnJ9eBgDFcdcaiJndWlOzJGUACrgZJOTgY656gN7gVzer+OtF0qJ0uLpJZY0Kx2ts2+R+vBKkgN+AwQT0IFfP4vMuaHNOor3a1ls9FfV20STs7W0VrXPbw+A5VywgkmklpslbXd2d9NOi81bodQChJZJDknDLg9RhRyB0IIOPbgZC5Hlmq6zb6aZ5Z5YokLkZkZSwA4OAM4OenGMd8cjmNd8dazqAddNt20+2lXiacEyMoGcc5A5Awc4yeeOT5+9muosz39y91O5G9pZCgDAkny1OCQFyCeONvXNfK4vHw52qd590r6tWu9NtU2tLdFrv6tGk6ceXRbPXRbqy7u3RebLeseKTqfmQabBJcHc2Jtp2qGyQFJXbtHXPA/PI5ltE1C5kWXUbrEZxiPeNwxgnoSQQCQOpAzwFrrYrlbeCKz06wQEMVLYG5i3GDxkt1IAPQY6ZrsfDXwk8c+MLyJLDSrhI5ZFH2iZWjt41OPn+YkcHB+8oHPBy2fGniqlS8ZPlXS1l2t5aXvqm1fdWTOhU76xXO7K6iklry36JO1rX8m1a9zyuKG100ssRjUHkOQGk5OD83XIBIB6dhWzoVvr+qX0S6Jp93qExlCoiwyNGgycKAAUXBAIIOA2eDgV92+C/2SPDmmPFe+O9XjlkQLIbRJFSIk8sGcMDtGB2yOvXr75Zz/C/wHaGw0G10+MxqcvDDE87leMGYqWzjvjH93HUck4RcW21Z2vre7vHv5pt/pqXDD1XK9+Trbr9izvvfTdaeVtvkfw58A/GGtJa6h4su2sLZgpNpvzMFwMIyg/KOwxgcH617JYfDH4ceDvKmltYZpwwLNcqsjNJGA2VUgDH1x39M10mrfEuW7aRdNszFGnSd1OdozjaSAMcHkn3yMCvlbxz8VUgvp7e4uGu7jzHykRwAB/yzJUjA5wduQee4xWNOUYNxSTu7pRS2aTe2za9dL6tbd0owoxjOb5nfq732SetrXtZ/ffofR2p/ELSbFTb6RBbxpEpw6RKgUgALkqACcjoeBw2QeR5R4o+LK2tuTc3kLRnLPHC4LuxHAIBzkHOCMEENkD5VPzFdeJvEuvMyafDNBHO21UhVmdieFACqcnoD2weORz6j4I/Zu+InjaBL2eCTTrF9pe61BioEbDLMiScgDcScZA7BuBXNXxdKiv304QS974lzPRaWTvbyTvv0KhWrVvdw9Nu+l0vdSTjq31V7K7tv6o868U/FnW9WJTSVe1h3+Wj7nLMMkLtCjcTjjpwOwxisbwv8IviN8VdU8mxsdQvHmI8y7njkWCMMw+ZZXG0qu5z3wOoBNfeOl/Bz4F/CWzg1Dxhq8PiTXbc+b9jVleMSDkptBYEZHpu+YdM1i+Mf2pZLaGXR/h5oVp4etIo/KS7ghjjm2BdoK4XLORg56HONpyBXCszxGIg45fQk3dL2lS8YbpNq976W23s0jV4WnDXH17XSbpQkm9VCy020tfba3q/wT+w18PPCItdb+Mvja0to44hcHS4pI8MUCvsYht2c4yFGOeMduk1z4/fA34RWl3pPwm8C6Xqmox7oI9Wu7eNwNoYCRZWB3HPJ7Zxnq2finXfGfijxpqO/WNVvdRlCOx8+eTy+QSAq7gAFOPlyQVz7Y417dZi0TxtuT5FIG47mPz7vXOdpAPTnIHNa0sDiKzjUx2JlUb972dNuFO+itpbRWXomu9nzTzCjRjKng8LGGtnXkuadkkrptaPW+l9bb2Ou8c/GPxv8Sb+YateRJa3Rkd7C0VYoVjUEojKmANuMDA4xjtg+7fsMaVNqfxg8MsVCpa30siIVBOVUEMcnBIIxjnkducfLsGhyWrtcJAcpBIxBVty5UkkjgY78ZO48ggAV9rf8E8ID/wALm0l7nIhX7TM24Esn3lAG75VJzg/iSRxnLiaUcPw/mHstLYacUoLVaRinZat73u731b0PU4RU8RnWFVVOV68ErpaK8G3dr18rbNp6/SP/AAUs017iXwfJbAySvbXCO23cqknnAAyAP4QT34I4Ffjd4d+FHjzxnq8lj4f8PaxqLNKIRJBaTtCC55LOFVRkkH/az/DxX9W3jf4S+EfiPrdvf+Lba3udL0hy1tBK4HmDfuLEHqDyMdcjgkE16D4U0H4YfD/TmHh/w1omnI77vONtB50rL0YnaT6DcxAIw2ARmvG4CzCrQyLD4d4SvUrq8vgkk22mkpa76t9OjTue5xjktLFZzWxH1qjSptxi1e9rRimrX01Wtnda6n4R/Cf9hPXtHbTNd+Jmn6hJppQStptnDIkm0KDsdlXcrDO08f3sbua+7vAd78AvhWrRWHg/+yboO3+karY+ZIzLkZLyoTnng8nkZOTx92+JPjD4Us4XW6u7BNsRDRqkJVCOioCMZYHJOByDgYJx+eHxt+Kng/xS8thY6RaSXGWX7UBEgBIIVwyAYJ749sL3H6TgslzPNmvbYarQpSaak3yKKSjbbdJWd2t9lrY+WqYjL8ninh6tGrUja7spNyXKl1tayW8tLp+R9DQ/Grwc4W8tNZ0+2jclmjhjhj2xKSMAKVYYX5eh6YJzg15V8UP2o7Cw065svDs1pLJNC0bzyrHthbqCG4y3OVAweCM9CPzr1nwrqwE2o2mopb26hmS3EpORkk4+YfLkYwcfe6gYx4Rr3iTyJXtryczvESdiMPLDZ/ibceSM5JJB6Y6Z9elw3lGVVOfEVJ1a61cHJtKSsr6bPdbJdUrGL4nzTGQdOlCNKnJJOSi02vdW/RNNrRrReWn0ZefFbUvE2o3DXgiu2dhunaELFGobAdMDBZVxlueueuTVTWPHfh7R7V7NpbS6ldAzxoimUsVY7Rtw3UYHOeOFFfKo8RarcKYdNEttCw2PICdx3ZA2v12k89RjnjqK6/wj8OfFPii6T+z7C7v55pNrTNG7AKzDJUk7V4Byx5wODkc+isXOVqdGPs4qyTWjhG0Vq722W+/bRNvzXGnFueIcqk3vs92r/ad9tU1f02ItX8b6nrLyQ6VYrYxib907ZRm5yQOCW4Bzkjrjpip4bjxnerb2lnHdzzBlMj20UrK2TtG51yCwIAIX2zxkV+hnwU/YT8W+KpLW41HSRHbzvGrXF2GESK+MmNWHJxnPGAM5/hz+y/wD/YF8F+HJLW4uNC/4SG9gVGeP7KBbLIpzuZpAQRnOCMgkD5jwa8zH5nh8HFSq4lzqO3uwafL8Nt7JO/XySa3t6mCwmIxvLHDYZtaJSlDTS2tkr6rZ9dNbn4O/BP8AZi+OnxLu7Wa102+gScpieeKaNEjYqQ5JAyQCRntj5ulfsj8DP+Catnp6w6n8StQkvLn90/2dcfLjHDAbiQMAHnHTg55/X3w78JZPDFpEh8P2ulWiFVji0m1heYoBxyoB3ADLHOCc88Yr2bQNK8IWyq18Ly2mJG1r+3ds46jG0jHzHHYHPPQn5LMONaqjyYONSyjZPmvK+iu1ok77WSWuj0Z9XgOEIuUZ42UVK8W01o2+XVrRbdrK9rs+cvhx8A/Bfg22tbfw/wCF7cRoqqJ3tUMhKgYJYxhsZAyCQOBg9MfTWh+Cb24uI4ktwIUXAihjKoAcDa20bcAdTkE45z39f0yXwFptol5d69pw2r8sJdIn2hclUjYA57cEZOOD3898YftJeDfCcc1rodrHJcKGCzvgID0LB+/rhc46Dnk/ISxGdZtUfssLVnKbT5pczSTcbXbWm6vfRb76n1HsMpyqmnOvRpqEU1FcsW72Wu7fRa2+/f0vTvAtppcQvdYmgs4ETOZGVWBUZxhsEgd8DORg461xvi342eAvA8ckdg0Go3kYKLJkMN+0hAAN2cEdBzgcYNfBPxA/aW1zxG1xG+oz+W7MkcMEjBFBJUFtpHUEALkqQOOK+db7xVq2pyFnPnAEMqqWc7yc54HPUZ5ySSa+oyrgDGYhwr5jUfKmpeypp6LTR30f6OzbsfM5px1QwylRy+CcoqzrPq0op2W/m27bW3Wv194+/ab8RazJNDbO8FoOI44HKIMggA7cDAU4JI7gHGCT8m+I/Fus65MRdXkpjlLP5auxyzNnnDHJLdyckAeuBTg0TV74pPO7w2/O4uTnkZAXg9AxOc8Z46YHbaNomkWEqNMGuGIyZW+ZFbG3IDDoDjLZUjrgAV+jZZwxhcDFxpUYwtZc3KubZaN23vtrv+H5vmPEGJxtVzrYiUm72g5tRs1bVbfPfz6PgrPwXqWsYbElvCQCZJM7nXAOVHJySTt57jPANdvovgSx09omkgE1wu5zNKDwRyQAxwCMLzjLdOADj0ezvLSNHVZI2QAiPCqCoXrwPmHsSPfPyisHUdeghcrJKqsxJVSRkgnkH3IyAMjPU4HJ+kw9JUnyKKWkVpFNL4dl1Xy6+Wng4irKVNttra9m/L72rNdF231tNbpbCNWP3VJRVUbck9GPHJ4wBjgY4ride1MRTAtKsRUOSM4UqCRjrwQBjnBPruyBm6541gUGNJ0R0Qkk9QcHp1Hy44J5weuPu+B+L/iHptnFJc6nqUFpbRhmlkuJ1iBCgkYLEZB2jGDjBwcEjHoQqQoRftKkYpWsnomrJLsnu36peRwxpyrSvC8r6t66ape89l3aS2a6o9K8Ra/bPaufNRnSMZBPCkcg498Z9jjkZFfIXxS12xjtpLk3EcbxozO8sqxonU5BJAbbnBxu9c7eB4n8SP2qtJM7aP4Is7zxVqjs0CNZhzaRuRsUNKAV2g8nH3jnnsfIdM+HPxV+Ld4L/wAZ39zZ6e7ZTSIC8MCRtyFlIwXKqOCcZPfuOFZhUq80MNCUkt5bKyavrazSe19F2uzrjhqVJp1pQu7e6rOSa5VZarZ+Wmup5r44+KdvPPPpulW82uXzExILJSYUcDo8o4KkgbufYkZwPGNT8B+P/GEf2jVXbTNPbOLG1UiUo/8Az0k++wAO1slQTjAwAK/TTRfgN4S8O2VqsOmRmZR+8kCZJZATkkjcTnnk4A3EZ5JyvEHh+2tVSG3tlwNyFnUKAqg/d5w3CjPuMdVrCKnVly1pXktbK9knr6Pv1Sd9Tqk+SnzU4KKaTT6v4d1ZLo+7una+5+RPiH4ENpkMs8MWJlBeKb5mlVsjJz949QuDk4OSext/DTxK2nak+haq6wXtswjiY5HnRoCuSSu4np2yAC3G05++/EOgweRcBgoDpJn5ASTkkY9ATkDj+YI+DPip4afStQj8Qaahgu7WVpTIAA00StmSM8HGRuxkex9a1jB4WaqwTjF250k/htFXT3t3WjWqMk/b0+Vx1Ubxvd2kmktU1o/K3RX6Hvs4N5blwoT5NyMmcEOVOSynocdOeeMkcUmg+Ir7wd4h0/xBp2TcWMkfnxKzbZowfn3DIDDbknGfpzkcZ4F8Qp4h0K1uYJF8qRRFMp27opUCgqR1GW9Qp5xgtmupmt2aSO3CchiofJDEYyQxweMEYz1PTgk169LEewnSqxldPkkl31jo3p9+z1v58FWlDEUZ0qkLpwcdUmk9XfRK26s7O6T9X+mekanpPxR8JRzqqyR6hah5dpG+zvFUEMCMlfnxz1443VkeDNcubWa+8Lamoj1DSgY4nJyby0DkRyA5AbC45yMZyOOB8rfAf4gS+C/EX/CP6pN5eiaw/lje+5LadiArAtkKpJ4YgYBJxkV9fePNAdrODxhomw3ul7WuJIxua8sGIZwdn3zsOfY+hya+s9qsXShXpWurc66rSN1p36aduqsfAui8DiZ4Sq/dlK9GTVk7yVld31eztu7aHaiRVUOXH71SQGIO3G7CnJAHXk4xz64BurLPJFCsbZbILsQwXYpzlDg47AkZxnBI5rkfD+r2Os2Njc2uWiuEMZJwGRlyHVsksp3DuCB0UDknuIWEamIsu1PlIPJ28EDcBg4I+8CPQdDt4qmidldaJve7913163stLJWu/K4U3Gpay0kle+qfu6LTz3+V27IZPApWcuymNkw+QSc7QMgAZCjBySp3cH1r5l8U6bbeD9ciuYo1j0nxG5jdkBItbsnqzElUDnr0B6dQAfpO3eZmma4iRI3cpBIjbi0Y678g84PBPI/A1yXj/wAM2niTw1faWq7HlBa1mIIeG5jGUZDgHlhnOcnjkAkVySTcb/Dq7pp7Np289ru1k9TqcdfLltJa6N8tnp5pvR/mfPPxP8Oxap4Sl1LTrI3GpaNaST26OSftLKCxU9pVOAwGMHnPU55T9nH4v+EtUZtO+K2o3OkDSkSHSdD0ayEVnqtysjAw3rqqGYqMBlIKjnkEmu98A6hfXllqGgas2zUtDEllcRzEB57NAyLIEIyxYDqPxYk5Px38UfC0/hXxvBqFpLJaaHcXYvo5rVAJIWDFplRgQ3mn5m4AJPK8A18dxXRxNPDRxeEnOnBWVWEHytr3bO6210eqWvpf38oqUcZGWCxKTmvehN+9bZadGrW0fpZI9w+Lfwx0abxnH4i8MXdibbxHcNd2OkxQeTDpcxbn7S6jYJMjzNrkYznHGa2/A/wntLnU0N1C3iC9jO+5kkP2fR7RgeTNcvhXVBwQjEEZx0Gb3hn4wfDu78M3Gi3E62Wn6bHb3McGp2wutb1nUhh5HjuyfNSGUjb5fAKkjngHzr4h/GjxFr0Vjbaai+HdDCeXBZ2EQtpJ4kAUPKiYeMsBn5+Tk4Jziv51zXKsXmWY1JYnF1aeGm1+757zeqvFS10fZXasryT2/QMlrUsDThThh1VqUpKKnKEYxSskvdSalLyas35nvfiTx54J8AzLp66nb65qlrHh9F0wraaHAUyVSR4ublEPMm7lsMeeRXxl8VP2j/GPiVr3S9KuH07TlkIFvpirbRxqQVSK2MW0k4wDIQDjBPXcPO9WuZ7+5kkuTIzzsRFFGWMrMcqzOeCCw53Mw5PGerc7fQ2mlxsHiR76dCixFy3lo3LHjIV2AyWz0HRTitsNgsDl1oUKMItP4rLnl8Ord7a67NtPq+vv+3xWKm51pScebSKb5IqySSj8KWi6X720PDNW07U9Vvpb3Vr6dYJMMV81nm+Y7iHcsS3csVODnHPfIGnpZyOI0WNJgVSTlp3AOQVX+EEYAJwckAgk19A+HvhN4v8AHV2kWk6XOYnYE3MkTpaQqzbv3ZwAxHOScA8YPJr6b8MfssRaSVuNcj+23SIju8gbykPBOwH5cgHhcDOfUBh0VMZSS1klF6cqaV9td3drfe7fY6Y4ecmuSm5L3XzNatNLduO60d111t0XwLpPg3WtddAtndJEVCiSQMN4+VevGFCnJXHIOcnJz9B+CvgvaxGOa/jE03Hy4CgYJJAAzkY6k9T07V9Zf8INpek4RLUrDFxHsVQSRkA8dlP0wQcZOaaVtrF1jJTkEiOMAOMjkEj7mTluuMZ56AcksW5v91HSyd7aa2Vtnq9dlr8iKlGpzKLTvolu1rZtNuy1Ss7Jr83meHPDNno7W0cNoqiN0GFUCPDEDBOecDGeB3GeDj0P4maD9v8ACVyskIZ7OBLm3jVOQy4Odww33R29c4HNcZDrf2K9snYRxrHcoXViCdhZQMjJBIHUZJ79G59Q8a+JLK58PXflTgRvaSK7EDDeZGxAUntuAIyeOAT0J8+viJwq0pLRynrZ6N+7fp9nW60SSOihgJTvNwtyRTjFpO6sry83dK7SSsr2fX46t9X/ALPNtO4jV2HkpHu2gjaVHA4zgZGcHI3cdvTND1WWW3DzS8bHzGGOFABwWOcEAHIGeg56Gvla+8YWEFxPA5V5be6aNEGTIfMf5tzEk8Ak4IOMHB5Br3/w9q9mNCt542USShgIQQzruAPzseMYHRsDB4wDz61bEKjSjJtSc4q2vX3dbJeSWqWi9DuwlCWIlyNe7Gy0d7P3ebm0Teu9116atdPcX1/55kikeO3VUVCSVVVyTkoMbixABzycZ/ugdNpl3I4WaSRnkkJVSOigYBIG4/7Jx2GBlQCa4aO4edQrSKSu1mUfN1HTaPQckH7xava/AHgPVfFrSyWSpbWVmive390RFDFCv3hGWwHldT8gXO5uo6A/K4/FzqtJTkm7eSd7Pa90ltq1tZ6Oz+gwuCjSd2rLSysrNq2yV0ktVvpdaI5DVtZNp5W+QJll3AkErGG4HHXOB0HPBJ5AEFz8Q2mMVjars8va73LsFRiDgkZIC8hTnoePfHvOt/CLTbeGOdXDwKwH9o3zBIuh5jRmw6kk4JHG0HC8A/MPxS8OeCNAtma21uXUdWaR45Lexk3QIrjGDIr8jgcMB+orlwOURx9SKq3qWkubTSK93e6aVvnfbd2NMVmEcDCWqilHpKMW0raK+ut3flS8mzn9Inbxh8QX0fxP4u+w+GEga6ugbtoRIqFt0UCFlV+AQSDz1J4FdF4p+PXw++GEU2i/C/RNPvNQXzIZNdeNZi/y7S3muCWYAbsDJ5Ixgkt+e/ifU9Yn8d6fYCeURmARWmyRoogGbaFkcFS6bcbvm6Z/3q6i9tfD+iRiTXr5by8UqFsbVl2h2ywLbTksCQDnk55NfoWXcNYChGNSVOC5VGVkrJv3XrFWcr6fE92tuvx2Jz/F4hTp06k+V3tzNt2fLdRW7T0s369Xfa8X+NfGfxH1GS6vry5vCGBNzdSNHaQox5WOPIQBe3OfY9sL7NoWmQE3rtrN/EN0QyFs43wpIPTLAnBIOTxjIGK5DXPGUl6Bb2VvFawp8qwI/loiKchrjbgFiCMgk4PSvR/g7+z/APGT9oDVY7bwfoV3Jpccii98RX0bWegabbjiWea7l8uJlRQTneeR9CfaqVqGFg7OFOCiorRJWtFJWtffSy100POpQq1bOXNOTe7bbs0le90kr73W931RwWq+I73VitkZCqgJ5NpZ/u4l42hVVATM3GAQGAIzmvqf4JfshfEn4u28PiHWng+HHw9s8S3vijxTILG3NspVpDaRXBR55WQFl+XDE5AzjPrl9bfsq/sbKza5d2Xx2+M1soJs4GWXwvoV6nUTOC8cxicYXCnJB2kZFfDfxt/bB+LXxtu5bS61iTSfDiHy7Hw9ojnT9GsYM7YrdIICizEJxjluWU54A86VXFYv/dl7Gnp++qJpuPu6wi7O1vhbstdE1oaylQw8r1pOpPRKlB3X2UotrSV3rr00Wui/SHWv2iv2V/2NrZ9N+Avh/Tfil8UYLQ21z8Q/EVtHdWem6qq7WutJt5FeNVVw2OCCVGAcg1+Z/wAZ/wBqj4xftDeIk1T4geI9T1+5lZ4rXR4Wlj063kfcFGn6fEQi54G1IyTwAa7X9nH9hL4/ftJ3aaloWhSaB4RibzNS8feLd2maBZW/DPLDNdmMXG1ASgjD7yRyMHH3xe/Cj9n79kjXPAemfDy00/8AaA+M2pan/Z2qeJtcgSLwT4dviQnmWUMh+z3RglJZZRkYAOeRWuFo4eE0oz+sV01zSk+Z/Z63UYK3RWej06KK88XUhzVL4bD2XLHSLknyra6ve9k393b5I+BP/BPf40fFrTI/HfiX7F8J/h1DE9zc+MPHky6eksK4cjTbScpPcSFQSirEQzZBJzgfYmh/B74BfCfSY7r4eaWPH2t6a8kerfFHxtAYPD63OCrf2FpLjF0N3MTY5yNoHSu18Q/FHxVrV3JbeP7mTxbq9nPObLTJJFtvBWiQqCqQw6bbt9nnRCuE+Qk4BIzkjyOS8l8TTyQ6vPLfTqzva6JYxm20iyRWO0eTHtjWNRj7w3BByQDg6KlisTV5buNNOKUYqUW/h0Tum1a3k/NaNKvhsHR5oKMqmlpT3TXLrd7r0je3XU47Wjc+KdfjuNNiuNamO6WKSWHybJXhzuNpZpiOGABTsVQcjuWDYh8HR319F4mu9Ynh0/SNLN1Lqd06bY7NoInEcSE4G+WUBUUMM5wMd+4j1zSPClyi3NxA169rME07TdrypMquYo5mXIgjOAGBOXAJbnivAby98Qa/pPiDTbq4ay0vUNSa9nsbbK+aQ5Ki5ZAN64AADdSCfQ1+q8FcH4jMZNVsNONNqLhKSSula+rtrbRWu9uyv+JeIviDg8ho+2WLhOu206UJq+ija0VfXX3U3e2ml0cvH4ptINUim0uJ7sM0xW7uAQx3FtrIrZRUTk4zhsdeRinq2tXl5fqJZbi4M4BkCZIY8naFBKqg44yuQVxnnPU6X4VsZPKMpNtaxRRosXWecgAKI0BJZnI6KoLH1J+b7p/Zm/4JyfH/APaav4NQ8P8AhW48D/DyH5tQ8f8AiyBtO02OyBO+e1FysRnkWHJQttRieH+bNfq9Pw+w8uapW5FBWUFN6fZWzsldtaq7eyufzvjPHGtRglQlON5e0nJfFKzjpvdvRJvazWltT8wNT07WdYv7HTtPs5r6+vJhFaafawtPcybmCKggjV5HkLYAAQEnByOAfePC37Jh8LQTeOP2i9Vb4ZaHFCL3SfCFxHG/i7xX8oeOC2sCTLbW8+QryyLGyISQARX6+/EjxZ+xn/wTz0q88JfBPT9L+PX7Scdu9rf/ABH16GG78PeE9QVSs0+n27CWBrm2lBaMISuQMFq/Av8AaA+OnjT4jeJdY8b+NvEV1rvii7MryXc0jNBH5pO23tIMiKC3hHyRpGuAo6jFeJxHkeScO4SVbkeJxsop0qWkKdNtK052tOTWrULR1s35+jwLx7xnx/n9KlQgstyGjVUsRjaqlUxOMSsvZ4ZO0KUXZqVVuTevKk0cZ8X/AIp23iO9vvDfhTSrbwr4OsZgmnaLYAJJL5XyLd6ncKA1zNIBvbzFIViQB1zf8K+Ddvgl9VtGJ1O6V5z5TlGaNCAS4AGR1VVHXvk53fPPhm5HiDUmW6lVVmcS3MhPKqTuKHPIGQAMcD6mvou98QHSLLS9M0+ZAmxYbgQOHlELFQEIXPLHuw6nqeMfiSpSx2MhGpZ+0mnK+iinKK0WvR6fikrH9ZSxUMtwcqlpRjRpaSTvJtJXk72ak7Xb9NNLn2v+yh+3h8QP2Ypk8J323xX8N9RUtrXgTVnNzZzu4ImNq0m9raUgkqUUZ6cnJH7Xfs1a9+xt+0bqY8d+HfFkPwr8frdLd23hHxNMqWEV1IdzfZJJwY9hk4ViV4PZen80d/4A8QalqFjqsmhXekpJa232dLyF7c3ccij/AEqESKvmoQfmkUkZPLcqR7Vpui3nhi1s7nS5rpLiG1DzLE7ASSAAlVdWQkKeTyCAcck5bg4q8G44/mxWDw9XCVppN18PDkVRyUXzVKdmqndNpPu7mnCHjphIzWGq5hhsdRpSUfY1asZyg4yStGV9OVpvlenc/sC1z9la01+CfVfHXhbw38Q/D+pwqH1nQTY394ts4Ox4pLZ3kifaAQQNwzggYBr8dv8Agon8JvDPw18LaBoPw5i1zStMGpTl/CeorN8jAjFxEZExtGclQcgY61+fPgL9rr9oX4YG1Xwr8TvF2j2ysCtgdVu5rIFeUV7eZ2RYlxyoOD+JYeteJf21fiN8T/7IX4yW9j45gtZ0ma5OyC+8tTwI5FXcCRtLcKWPBBGQfx6n4W8T8PZrTxMJyxuFpNz9nJzhNuytFRknGzevxrt5n7ZHxP4Zz7Lp4WajhatX3faU1GUY6xTblFyk1q9LWvfWx2HwQ8N6vN8PpVstMuX1CeNQBHC7PIRncdpCnnpwcgAZHUG9L4X16K7urm/s72Ge0+REureSJUGDuJZ0GQpJHfpj72TX23+y5+1P+yEdRsofHGmeI/A6WkMcLSi1E+m+dj95KZQMhCpwcoSRnnpX66aJ4k/4J7fF/SI7Zfih8PJw8Hl/ZL1RYaiysGGZZDGCzDGME8MOmOa/L+I854qyPOK9StwpmFXB87U68IS0irW5LRlGS0vv1+716mV8PZpgKEcJnuGnXcYpU7rdqKV4/Fo3bVO99eh/NLatO5lh2EyxJjdgsc5yQMDpyCDxxu9s+teC7ZViurq6Yu6WrlGAK7T5cgVIweSx4Xhe/HQCv3Z1r9gv9kbxYsd94K+I2g6Y9wzHFprVlPHMpJ2xqjzIybs4UEcdDjAr4Xm/Z6j0T44at4O8Pto2r+H/AAbHFeXlxdX9ri/t8krlFfazMSQArOe3IJwsr4uwOcXUsJjcHVw6VWpDEUZU2lFxWkuVKTvbTs9bank0uBsRRqwk8TQr0ZSS5qcldKSvGSjJJP8AC3pt/Oj8RNJuF1OKaWN4pbjxFqMmxtyq3+kOFfawVwSCueVB+vzV6jomnObSIuxVoY124Iznbx15B5569OAODX2z+2L+zzqR+LXhPSND0mygl1m0l1mC205lnWYvKx+SKIEhwoAC7ST7naAuifsi/F680y3aD4feJZYpYtzXMOlzurKMjzMAcA8EfKAF5HFfvOW8W5NQyrB1cRiqWGjVppxVapGEnZxSupNWd1ovJvc+OxfCOOWZ4mlSpTqQpuyai+WTUU1re10n5K7b31PiTU7OcuhVhKCwLIVGF2jJxgkbgDyRjk446VDHAjsEfzFkRQ5WNuD8xON2Rg42gkjrkk9RX2NrX7LnxOsIbiP/AIQXxK8tuuX36Rcq5GMKQdg3bflOAT7ZBJryaP4DfEq4uHgj8Ka+JI32ysukXbNCoC534ixtVhjkHGScE8D36PEuU1oKcMyw0k0pJ/WKbVlbf3uqavdvtsfM47hvMov/AHKs1zWuoOSbUlvZW3Vndvr8vHI2HmsscmCBnYyBgWKjHJx0wS23PJzhetdv4KuTb34uJpizwWl25iC4QHy2C4AG1SNp545zjA5Po1r8BfFtkj/btM1m0mhI+eXR75WcM3OGMOCewUccDgcmq0/ghfCAvb3ULoxyz2UsdtBcxPFNLLjBHlyAONp68nJB47HKPEWCxk/YYXG0a81JKUadSFSUUnG91GTastNVvtqeVUyDGYZKpVw1WnFNtOUdLtK1lJ301t27anzRrlzJJd3hJ2RyzyzAsuSGlZjjOd2ApHOFHQcmsyxK7didFABJbBJDZIJJ4Gee2eO3Xf1HSbieZnLrh3PQEDcrdxgbSRk4IJPT0BuWHha4mwqsyFckgRyMRzkZKrgnJJ6HBHJOK+jliaUaMearGKUErtpW0W3a2u+7s99DhpYGvzSkqUk21o47LRJ+S/HXzRitI4QhWB+cY6Hbu68e+cd/XHFaEFuXZgqF2wpBTdglcEjGSRjac45AB5zmuzsvCJ/1Ukd1K4O5hDazuGycr1jIIYcg9eRwa7XTvBN2JtsWk6szOPlSLTL2QPnB4xAeMZbGSOPrXh4vM8FRTnPGYdPd3qx921ld3b1vvrr33Ma+AxDcY8su7TurJpapWu3q7W219Th/D9tMLpA0RKmOTgJg5Ykgs3X/AOtx711UOnQuGMkZSdWD56BgOg7cZx0yepyARXqul/DLxZdTxJY+FPEk7Mu393o16QcjAAHkAjOMcY+bI5yuPQdL/Zt+MOqyNNafDTxlcKQqAro96F3EHgs0QABPCkkjHVl4ryf9bMooRvPMMNF3X/L+l3jZ7/c7PS/R3fdgssxNTlvSm1CzWll0301t08/kl80zaWkjlmQ+aoBXcTgLtO0lhg7sE49T0PQVwet6dNPdadFFJ80l2ZHiUkLiM7jkYUYOM5I9ADivvnxB+yv8YPDMenXHinwXqPh201Fd1rLqMDRmUBSdmxCXyQDxsJOTuGBmvJ9U/Z68dJbS+Nbqygs9EspHsYTPcCB7ifcEysTbW2lckkgE5xjODXv5Pn2DxcouliKVWnKzTjOE1K9nfRvprbeyt2a9Z5BjJ8rjharXLzXcHype7d3tayXLvv08vnu00wXTy3DIxC3CRqUG1kBwjZGOFHJU45JycZxX0TbXM+n6Vp2kpLcInlRuJlIVRkHC5UdScHp05Axivefgj8J/g94W1HTNc+LXirSF0yO7tL3UdENyWaSFmDSqzxLJkKvy4I6kD6/rdpkn/BIzxTYfbNW8U6dpMsA+SzS4uLdY3WPaucQsXy2dxOOcdhx8t4h57Ww31bDYPJcbm3tVzf7JCMoxkraSlJqN+tm1eySbWh9RkvDtJUZ18ZjcNhWrQlGc0ptXT+G6lZK92le/zT/AG11ae21+zu7tpL6OOOSJkjTeVPzBQZOfmIJ3DgjHTkYq+KPEGpagzrYaQkQDFAZI2QShOc8qoPQYHOTnBxxX6Z/tVeI/+CdOgeHdI0z4J6jrureKo9cguru60cPcaXNYwSh5IJ7iUI0bShQshCE4ccHBrzK9/b//AGdbbTrWyX9lLQdVfTbVbVLu5u1glmljiRftMpWIrI0jIzvk8sSDg4FfIYDKc2x2Ho4yjwtjHUbkp0asIUpxUeRqTk3rF36bNWQZhhuHqTlTxGd4OmlrzKXM9eVWfLd3Wtla1vLU/LzVbPxTq0LraWPloXVGaOGRsbeobYp9+gwVbAznNYGnfD7xfcTEpYanMufnW2sLpgxJwekIUDPBKjgBR6Y/VK4/4KR/CvR9MSHw9+yh4FjuWRnkaaaKeNBhucPHywP3iNxJ69QTwc3/AAVm1fRUNroX7PfwvsUduJXsbaR4xg8ZaHkjjIKnPGOlfSUsm4oSpxpcMOlGUVdVa9OKVuW6aS1aXxaPsfNVHwhFNS4hhKzs1ClKaSVtEk0r+u1+9mfKfg34D+MPEVzp9uunavL5s6rKkmmXbCCMsAz7Wjw2ActyR0wQK/S/w/8AsA+HYPDOm6xq0nizxFI9qZryysNGkiTT2C7iC5Acop6sQflHtlfj2+/4LB/HGxu410LwJ8N9JUOjia30q1DKr8tGH8nbghRwSOnzcjjqfFP/AAXC/aY1Tw/c+G9M8PeD9BnutMm099Ssre2851ljKeYI1jCrIOSBnK55OMV8txHwx4oYupQp5bh8NgMMnFzjCvGU2lJPWyXKrb6Sv01TPteHM68NcFhKssXVeYVuntqc4QVkl7sYu0m77Npffp4/8bPCvh7wH4ykj8IafcazaabZzPqIuh5cliyBg0cyN8v7sAEqBuGDgcJXzF4E0fUdb0u71my0yQveardttS3lkWdGkbiNhFtfAOMJkA45ypJ8Y1P4+fFPxNqd9da7rFvePqTXh1BgoSSc3TyNIjkbcjD4AGcY59/0W/ZS/bk8DfC3wjoPgL4u/BfT/FnhjTLie4tdd0Jlg12JZcnEqbD57g8je+D8uMHIP6Xh8pz/ACnI6FsM8bjY06aqRTSlKajHncXZN+9rbttY+BlmXD2ZZzWj7b6jgKlSc6b5YvkTa5Ytat6a2d9lvc+arjQtSV52vLS605rbcSksEkCAKTnLMobnBOAFGT1OcH61/Yt8Kah4v+MOmR2DyfZLC1aTUxG/zNCAcjnG7jnByMYIyM1+mnw48c/8E6f2gblbi28cWfgvWr4Mh8J+P7RLT7RI6ELFHcECNCGAUMWAAIPBxj5UuvAvivwd8fvH4+AHgu9vdJ8NpE/2zwlN/aGnXWn3UYX7UJ7fenlndnAOQMDn5q+GzbOc0rYbFYPG5VXwVT2dk5OylK6SUWkuW+6UlfS2mrX6Dw7kWU0Mdhsbg80w+MpKpqo2i0mlbRXb0smnvqttD5g+Onwr13S/iN48eysbxrCLWppobhoyUaORi+1duTnLYKgcdD2J+c9cs9Rs0iF1EEV8KoKsjHgk4DAZPBHuPlx1x+lXiO68d2d/c6vd6J9rMiJPqtpq5czw3RUCXEU0YcgDIU4YDG0ZxUuo3Xwd8b6daab4v8GrpmotaSt9qtoHjjWYR4EjSiNSFJ6jHfFeXlHiHjMJiMPgsTgfbYeEadJ1KM05JXjGLlB9Ff3ne903a2p7ue+GeXZhSr47B41UMRUcqsadaC9nUbak7Tvvd2tr07tH46aa/neK44IyArSOzkkjG0kEfLyOuMgEfNjp1+0vAXiCPw0J7yxt7e9M0MKSxzReaxMRBKoShKDIwT8rZwcMVrxXwV4Qsr74t6npGjaXNq8a6vc2GmSgE28atI/lidjyVQFQS3cdRkZ/RHwv+yD8ZNQtZxp8XhrTS7qyRtcGSQK/OWzyp7N8oO4Atx1+v4i46yLJo0Z43G0cLGcIVOWc7StKzUbX2eumy32WvwfDnhxm+bqu8PhaldU5ypuUI3TcLLS7SV9brd736EfhP9q7xN4Ojmt9PtbRoL2znjFm5cm0maF1SSLAzFsOCvRRjoN1eBx/tBav4niuI/idYW3jDRFv7yLZLJ5WsWSyOwBtb1QZBsDHCHO4cZzmu9+JX7N/xN+EekX/AIl8QtptxZx+Y1y1orGSNFT5sllxGjHgEHcxZSMElR+acmsX8l9qARpI45ppJoYi25MM5KNkcBivTjJGTycGvb4U4qyziTDVMRlmKp4qlS5YOdKScVJJNJ9fNJ6q+255XFPCuP4Wr04YuhUw9WceZU5uWi01WtrXTaSvr8z7Vsvht4U8dST6j4D8QxkQuZX8L6xMttqca9TDauzgXAA4ycMcZIwas2GhvoV1Pa6hpx0NY8jzr6MxAkEZdZHAjdf9pGPy5zgZNfHuj6xqlvIJYpbuO7Uq8VxBK8Tqy45BXG48Ngng4PXFfS/gv9oO9n01fDPxV0KHxz4S2m2nEg8jXLW1KkE2t4i+aXQZ7leMZAIr7T67JxUKaTd7txe9rLVy02Tbt17XR4GCr05WWIfLez5tHquW+iXVa3SVt9T2vT4tFkhhmS/tL0ysAkkE8bhmXkR7VfBwwORgnHJAOa2HbZiNIAyqx3MwxhQSVUBioIIJGexyNwzz816v+yhD8UC3in9kv4yL9vZ2nk+E/iTUzpniC0nJ8xINNeZyl+d25BllZjjAIApvhy9+MHw01T/hGfj/AOG/FXhPUbZhbx6lqemTrp9wY/lG67RWtpEk4KyrIc4yeM55PryqVvZ1YypqNlKWjV2ovXVJ31aVnq92fTxyunUoRr4eoqvNyuMYtOVvd0kpbWW6s0t3c+hb6P7RDIqwiMMuTxtORkEAcDABXPQdzncBXAagjwgnyhI8RIQIMlewHHUeo6nkDPIruRqltqNpBLa3cF3bOABLbMrgA8jdjnPQ4APBwd1Yl1d2ilItyrMpIVQgJbHAJ7ZznpwT34zXqwSlC6alGytbqtLaK6aW2jtdW1szznTnRqxi1Zu1763Wl9La+W+1ujOe0/Vrq1AVEJZxukDcqMY4wQMBegGRxjO4jI7bSPEyxCTzJFyBmRuS3OQqoo6kHgkHOQc7eSfMtY1KWNpVitVDqHxMUKoDjjGAAST39OVA75un6jIxUPG7upUgKpEXzEncxxnBwCwA4wf4s15OJpQmqimk5LTZtLSLun3u3108lqvcwmJlBxfPKyto76W5U/vd2762etj6f0TVH1kIGj8+3Q4KvGoL56BScE8g+p6YPU10epPf6JsuNOuykTbHSFJj+5YYOQFZumOSdqhhz7fPum6zqAVBFcNCsLBm2HywEZh8kYXG7PGTgnJB9h1UfitYSBO+4uy4V280Y6Mueig9mBOSMdMV8VmeQ0cZCUZ0VNNNLmimlrHWzv1803u7n1eAzedFxlTrSg007qVr2cdHrtfTe/mfbXwo/aF8ReGltoLk/a0jZVVkdlYc8hiACxLcZ46jp94/pt8MP2j9S1IWim9TyNsbSW7ylnHAyhG7IUAYAOeDk1+DFlqZvZEeyYWj8M5JVcgcLhNwHQKQTgnnJJJr0rw/468ReGrgXCTTSlhgPFIVyucBsDBzkbixI3Hd1HLfzpxz4NYbMI1sRhaUYV6l2mly3cmmrS/vPqrbXvrY/V8j44c4LC5hGniaKUYr2lm18KTUr3St3u79dLH9Ij/Gez8q2lmnWKQuuxCyMjkKMKQSflBADdiDgkHisf4j/A/9nT9qnw6mj/Gj4feHfEq3ERSzv4LS3h1azDKV321/EqzRSKxznLEEZB+Xn8PNL/aqn0yKK11/aFVgI55ZC7gZOcg8/XgjIxkV9g/B/wDau0a9mthZa3Gm0KI4iFJbJHynJODu6Ae5NfzfmPhpxTw1iljMHLFU3SnGShD2kea1rJtdVZappvq92fZRWQZzh3TwlWGExCj7rclFRbS0a1VrpXdrPrufOnxx/wCCInxK+F1xqPxB/Yf+L+qadcQyPqFp4G1TUZba5jEX79bay1FJQ87EqFRJFAJwOf4vlTQv+CqX/BQn9jXXbXwB+0N4A1XV7LSitrcv4k0ueIXNvEREzQ6uqSQypIuSGeQZJGTgcf0aeCv2g4rmHz5VO1R88yS/MW65A3YJxyBwecAd60vGGo/Bn44aPN4a+JXgDQvGmnXUUsUq63plpdSRI6MhdJnQSIyhiUIYkEZAz0ulx1WwlWlS4qyR4yFOSUsW6UqeKi1ypuGIpxUppOztPmT7pWt4FfhzN4wlTrUaeNop/u501GejS1cG0m9traO6bPwS+Cn7T37In7c3x112L9pjwX4X0Pw14ysRaaVfay9sILPUGGySNrvG6KTPEchAVQM5xk1t/tQf8G3nwx8caPdeP/2RfH1lHDdxXF3YeHr6eK+sJhIGljNlqaNIdpJURoQAoIA4Ga9G+P8A/wAEPvgd45ku9d/Zx8e3fwm8RXMk14ukX9w93o7yu7MkMKs6/Y4i3yqIxlVxnjr8Sx6z/wAFVv8AgmlqaLYyeIfiT8NtMkjRpdLW48ReGntYXUlBGweW1Lxj5tquFB44Oa/Ucu4klioYfF8E8UvBV+Sn/wAI2ZV3S55JQbpwdaUqU+dq3LJRbbdmj5rNMmrYqSeJwlNOjCMHCdBTo1YLRJtJV6clspwbStrE/DX44/sz/tH/ALDWp6x4f+JfhzxL4dVr021xcvBPFo+sWasSpjvI1MMyyqAUUsWK4DAkAD5KX4j+KPF+oaq1tFdsrwx28IaSSRrWCFQNsSHLINqg4Xpjkg8j+jb9vf8A4LWfDr9rj9l3X/gv8T/gYujfFl3tVsNfvLYG307UIHVJblfPgjnt2ZQVKcgAgAAGvzv/AOCSH7NHwM/aa+N/jrwn8ZviHafDoN4YkbwddS3MUFvea47KsKgTvHFIcHd5bNtbJOa/o/hjizNcLwvis54rwDw9fBte1lh17RV6S9n++pxg5Nq7aajJ2s2tGj8sxuQYWebYbDYL2dKtWuqkYy51TcW3aMnFSaaSai1zLZ6n5uiwSS2W4v7eRpS4aVrjd5juvUAFScY67+CB7V+q3/BLDx58Fvhh8U/FupfEHwY/i/WvGPha+8LeCbBbCPU47fWr+NoYWNrJGyq5dwFcLwpYjup+vP2i/wDghZ+0/wCCF1HxJ8LL/Rvi/wCFHlmntbjQTG2qCzQs6M9ohaIMEGSUc/NgcZFfldP8Mvj9+zX4wstdu/B3ifwZrugX6Xlre32n3EMcVzbtwyyGExBty9QxGA3IHzDefGfD/GeU1cNlWbUI1qsbRh7VUq9OaUWlOm3GV1dXTT36o9XAZJjMjzKliMVhXWpU373JDnXLpd+63qr3tK2u7PFP2svB+p+E/jl4w8NanZXGkXMetXN/Lpctubc2EN9I06QLCfuJEhCgAEA5CkjGOL8f/C7xtonhXwd4pewvNM0HXIj/AGbeSQyRG9aFgjN90nbIf9U7D5xzzjNenfFLx94r+MPxYXxr4+ukvfEWryaf/bF5Ou7fawOsbM+VAdjGGyMdCRnBJr6k/aX/AGmrb4seD/Afws0LRtF0/QvhxZWcEWpwQxLd6vPaRiOMMVQHZGMqV6HqxLHn7DLcwxeHwuV4WMoTlGlGOLq83NyKEIq678019zZ81meW4TEYvNMVJ1KalOU8PDlSeri7NWstFrbb5n5xaBqvxC8P3T3FnNqsBtxvWfT7i5tZUAA2MXjZSxGPQ5OOnSvt74H/APBTn9r34ETQQ+HfiV4ubTbYBotI128uNT06URnJQwXJdSCoAOARjII4xXgEOs3Jmc3UI2eWCpWOPAXGRuB6gZ6cZyOKjLWmoTiW5t0ZRGVRRCscgJzglD0I44YDp0yTX1CzFxS96+3X0TvqtHdaW1eq3PkpYJqe7S1srPy1Wtmla97dNmftf4L/AOC3ng74o2TaJ+1f+zb8OfiNBcbUu9YfTLUakU2hZHiRYlVXKksDu4bJHTI9Fs/D3/BGH9qJ4p/C3iPxB+zv4xvJAqxrqU4023nl/hitFKwKokICgnAXGcrkn+eXUdE0diIFtUYs25pY0CsN5wAQDgnJweeTnqBWefCNtayo9lcS2TFMgnLZfHOCjbuuTknIPT26Y5vTly+1hGSVtG+XRqPSzWq3/HqzN4epe0ObdNJStK+mltr7d7dT+iXxN/wSZ8a6layar+zn+0d8OvjTogQzW2keJZtNF7OhGRbQDzWkMioojyeh56kGvz3+Lv7Gfxs+GRupvih+zh4o0qK3Ls3iPwWs1/YfL0njt7dZMRnG7tkAAA85+Q/h/rfx+8HQyax8NvFXjxYtNRbi6ufC93qJWywchplhLqC2N3POBwMdPsb4bf8ABUz9rz4dSx2us+O73xdYqwgk0/xlZLqIljBAeK4e5RyoC/Kd4B5PAIINKrlOK9yDhGaa54uUZW2vdJ3WvlZcr2VjaVDF0IQnUo1OSXwynTeqdrWa3PijUfCGhRxzRaZ4muNKuYpmf+y/F9lPpd8zjduTbNEhODlTgfNjOccHkl8N+JrgSXEVjaajDAjiJLKaOf5gSfMRdxJUjgsA2ODjNftxB/wUp/Zk+L9iNO/aK/ZS+HWt3d1i2n8R6PDa2GoRynaJJRNbxq0bHJPQgHHTve0f4K/8Et/i7qqL4S+IPi74E6hf5KQz6g+qafbvNjcFVpNqxB9wwOCoHTms6mQ4PFtJRpT6+446batWTdr6bPTZ3Z51b2EnerDld1o09G0raO1u76Wtrofz+3fgu8a++23NpqduzRMWQWkj5Y8kKFVl8snIyeCA3J6Vw954NgniuVfykuDKTh0MJwpOFDFVIK5zgjr6Z5/pd8U/8EmNdvD/AGx+z1+1R8OfiHpP2Zjbad4jurXS7y5ABk8hQd2/eG2gkrnPJxk18ceOv2DP2qPDcd+3if4BjxNp0CMx1PwlFBdxSRwg5kjeFt5VgpfODkEdc4rjfDLjeOHVSC25YrR3a11667Xv66GMsLh5qycVJqy5Wr2fK29ba6pbXV/K5+Q/gnVr3w+l3ZyWRmQSI5WPKIVQ4EgccscDBHcZJABwfpH4e3MfxA8f+DNLVXspJ9Xs7aN/LYPHau6b5GODszh9rZBAAOMAg9V4h+Efhywju4/EPhLx74C1SI+U8V/ouorbrtI3jzHh2k7s4O4gAYBI4rL+G8dv8NvGtl4k0jWtN8QLbzRRpb3zCGaCE7RJK8bAssiIx2kHIO0gnNePX4XqRnKtKk+a6unCLXxJ6tq9/Pd9EfMZ5w/PF4SusLNSrOlL2aaik6iV43dt7tq915vqfoT+31qXgHwb8E/AmjeBJpodQXUBBdTTTkLHJBAq3TwAY+aWUHcQdrZxk5JPxN8IfjZ4Zv47Xwt4iSxi1K5EdvDqU6IbWWPbtCzeYAhG7+MEZOQBjryv7aXxSuvizrGmQ+HdJki0XSdNgSK3tZTNbyXj7TdXSBc73kYsS5XP8XB218LXn9o2LWELxXMLRBGGUeKRdxzjcAThchgM5bvwNp8XHcN0sVQlz0nQkmpRlC8HB6LS2mtlvd66a2R4OUcMVcJlLw+MgniWpTnOKaUHUabiuz3be93dWZ+pfxZ+FFpqWkz/APCOX2nWt3bafPfyrprxiO+QjzjhVYDdwAFHQEAkZr4DudRubXyrEIzyjelxbyqeGQ7fmC8nIGc4469cCvd/hNr+r3Vsbi4muNSsbe3FtAklxIZi5TBADOC8ackgjbxzwCR5F4pA0vxXql2sDyGSV/KjCYAMgbcSqgg7QGyR1AG7A215OTwr4WtXwteblCnZRqO7fJFp2vZczsuX3d7a9W/Mw+GeHrVKFW75dYyablyxtpzWjduyWia22V7RWV7K9oySQEyBJBCOMKu3buZQQRu7n7wxjkkmvlXxhtm1mXcDBullAiAIDEElmOSDjpjgcZHbn6TurpYizxXSos1u0kzHlowBjAB6EcqTgYBHbk/JfjTVDe6vdyW9wFS2ZgMDBIVsE7icncN258A4wB1FfpnDU2p1G7tNaaJa+7bS7tbvbW1ranVgcC6uKlJe8lZPXq+VrZq1nbu3fdW0q2oe4ZtPjIVi7IJQCEXIyV3c5Ldc7SAW9sU3UvC2pwIJp32qpJh3NuDqSAcZzg+mQRkevXHttUaOW3uFmwsbqG+Q4ccbsc88gA5JJPUAGvWo7y3S3tZ9TT7Ta3GCqk5CAgEKEwABnnGB3ILEEn3q+Iqxqrli+RJJ79o2fu3ule/wt67aI9qpCtg6kOWF43je2ll7qu7Xk0mk7td79zy1tEAVD57kHMhyCP3hPTkcjgDnnB9eavppd4kcYKMyzDlwvzKOmM4JGQDgcct717VBa+G5PJljBKylJJI8ELExBILqCcAEk44U+2azfGE1jpcCeRJHmRCYdigYQ4yWx93jlec9KbxMpWjyuzVu+rtpZ+fq9ddz1qFSc6a92za0jb03vfVd+vfq/E9Qsrl4ruGFWDpGVDtkEkjheuSScAjH9SfJ0tLz7VHCHkWZpmAAJOHJOS2OVU8HuMZxjYK911DV7EQL5jBxIoyVUB8/xE45wOP4uCOB0xz9sLWa5ae0s0eUqIY2AyA7YAfJHLgdW56Dgg1rGLla8fdja7VlbSLva1213vo+l7npYOq1zJ2emj7NWs9Otl0eje19TJsrW8lCaNbTs0nBu5gSY1bgkKcgnoBnIy2TgcV+zf8AwTR/4JkeLf26fF8fhjw/dvovhzQ4o9R8Z+JL6A/Z7Sw3Zkisy2Ee8kVT5KlgXK9yTXwV8KPhdEssWu6nZA6XGRdXc8qt+/dTlYYiRkjJwcZBBxg45/of/Yg/aw8R/sZfDq01uyi0/TdC8feJLNr21iSJL0aHaSKJJ5uVlSMxN8mODz+Pi8SYzFYXLKs8C/38kopJJzUdOZwvbXlV09rq77P7TgTLcHn3EeHwWMqU4UmpS5qt3S9pGMZU1UeloSm4qVrO99d2exf8FDv+CenwQ/4JtfCLwhN8M9bsx4x8dvZQ3PiDVAl3qt01mA9xPbwtuOntIzgRiPkkdiCK/Sz/AIN8/jZpHxU+GXxc8E3Wm+Hbzx54fv7i41TxJ4ot7R72+0G4tWhktxPcxmR7ZEVsr91VI5AU1+W3/BUHxf8AFr9ujS4/ib8Nfh9q998I/hrpdncN4muBL9kUXsSGbUkaTCTLG6tlId6rwpYcmvyU/Zn8VfHbwLrutt8K/iOfh/eaj5Wma5rF1qk2iafeaRORHcJIBt37Y8gMCxxg5PBr47h2vVWCqyxtarKcq1SpCNSpNztJaKTaatd3TSdtos/VeMMmr4HH4TLqOFp0aX1alSq4nCw9lh3W5lKUoSXu+6nGLfNZpPZux9YftmapdzftDfEfwvpWjQX1tpPxE1uw0GbSYtun20LXEjutiIQRKgZ8oIs4LEAbq5T4R/sJftA/H261u58OeHZvCHhyzWS71LxX4qdtI01IolaR3Wa7EU0mVQkLGu04JGAQR9KfB747/CD9lr4x6Z4l8Z2/hX9pnxZ4xSObTbcXo1DRPDup3AAkkkinQRyXqzkO0ztnnJz0rz39tT/gpJ8TviZr95o1pMngWw07zbe/8MeECLDTf7Pw2xJZ7ZYo5gIWUOnzHOcnPFdtDNa8sVh8Mqc1Rc7VZSThJwUYtzpye7d7RTSUkmrLS3gz4AyzD0sVnOb46jP2dpLD4epTnUcuWLhCSg223HVu8e12fMfxF8Ur+zno934I+H3xh8Q654nu9Q/svxg/h7UZrXQgltIyPFZCKRfPUkMjyBQGxk8dOL+H/wC3X8WfgvqllefDzxXq9nKL2Jr6XUr6W7t7vDBjHewu+Jo2bO3cTg5OcjI/P/W/FU+v+Lru8tpTbJd3kcZe6cuii5nCvIm4EFzuZmPJJzzX7r2X/BMn9nzxT8EPBHijwN8fNGvPijq+l22qeI9MvngXSrSWSFZ3tSzSFo3Dkx/Mi5cYyRnPn8R5zkeQU6U8zhFqv/y8VPmd1ypzta7d7StFOW7itLnt+HmS8ccXYzFQ4MlPDxwChH2aryjGUXpCLT099QeslZO2t7H0D4U/4LM6HFo9lJ4y+FVr4o+IeqadNY6lrQneOxvLe5jMbtbHH+gyxq2fkYZwASMCvzV/aL/bZ+M/xPnufBrzT6F8K9Ru2Ol+C9PnE2+2Z2kze3YxNNudjkOxBHynAJr508SfBPxx4d17xZax6dqmuWXhkz2bz6DYy32nxqpMUd2txAkgSFyu8ZYemcg5p/Bn4e6L4v13RYPEHiO80u3TVvsevaleZMWlWLMFlaMSlS0kK5JChtpXHA5HPlksknFY/B1o14ztUjao52jNxd7Sblq9dVfTRKxrxbxJ4hYqtS4YzurUwc4TWClB/ulVtNQanKz9pBNvXbV9VY8A8c3+p6tZtpcts2n6fpcoaG2izmQuxfDZILn5gzY65/2sV8+XDSWd3cXZtm8zzAicEYPAyFPtySD7YGSB++P7QXwE/Zv8M/sxeL/FvgHxxpusatoXiK1tdHv7wiTVtduGCrPDEpJKW8bAyZBJVfl4yBX4ralpmbdLmS4gkWQtc3oVVOzB4UbSMdMdATwCc8n6TA5hRxMZTUWoRm1GW90rR5laV7JJX7Le17P85464Mx/BWMweFx2Iw+IrYvCUsanh6kaqpwrtpRnbVSVm3pbl7pnlttrUlleys6+bO7iWMqCGQA7sZAzyOP8Avr619T+A/iFqekraXEcqCS8gKiGWIOZAzEKJd2doAOO4K5bkDNfPE2lw3EsF/b26RxOzKkoclmIOcyJjgADCknvjOc562TVY4LuyLTgW8NukW5V+XzQoAIAwBtY5wCCAQcdw8dRpYuk6XKuWaaltFu6TV3vyt631V+jR+e4qhGpR52r+7FNJNSaai27p6xb1b3V3fz+l762l1mC8W51IWwupI7jULeIlUMEhG9I1GVIw+cgk5A7g1yV58MliiMng+5a/s5JkLRkqZrdhzI0jZLBSepxwMdzgQeDtUaeaO9mmjnto0MQWQgLK543SKTkoMkqx4PHJPTuW8T6N4S03WprFpL7ULm4jkiaIfubZ26xSryCjnII+Y+hPAHx2GwNfCYhwpc8ozk7Qv7mtnypvWzejurO2iPyfNK2KwVSqqLcVL3bSklFxum025W5Xs+l1ex3Hg/wbqcZ0qPX/ACbDRApkn1RkQGaMH95ChcAsAM9+XGBwAK4b4hzeAtK1mVvArXEwjZld7gKWmmYHIi5ztQjO8AnPGSCtcR4j+KHirxHFZ2V8WsbGNCII4QwhmKLtPlICcjDfMVOWJzgHp5PePO2qxJHcSNeTJtWNxIhRguVXaMlcYLcemcELgdlLK63M51m4vVeyhZcsW0tU9XpZe7a/daI0yPB1o1PrWLxlNKo0oUaUlGnFXja95NcytsrKV7l+4vtR1HWDa3VzLdTXRKR2xkY5kY4VenYnkHP0Ged/xnovh/Q9AttGh8wa7On2vULlpA0du/O2GMDnJ3Ecdxzmu28DeF/B+nabceI/G2rNHqDS+VaWtqpNysg5GWH3Cx2jccfKT0HTKu/DR8Y+K/I0aJb+5u7beLJ9yGG3UZMrvyC4VckZJ3Y9Mj0sJVpYeaXs+SME02km+a8dLvWySvZbvY+3w+IpKSUOTkp/E9NbpO3M7Sst3ytu97ao+cLTRbm7WK0jOWmlCiNchpC7EBhjPBJBzg9D3FfZ/wAPNNsPhZo4bU1hbVL+182Ux4LMrAbIBxx3DZbqSD145x/CGneExHq0tssbwf6KsV2CJfMVvnMCnJwOgY55AxuK1Fq2tW+sTwwGZDcXJitba1U5lRGIXCtxmQdCMjGW4HWs85xNXHUo0afNChyp1JbKXuxSWt3ZXe27vo9jqnio4qDhTknSVk2mnzKySt+N7369Fp7R4av4PEGoTatrN3HZaRaWokis2wyu6kvHAzerkHcODnHFSeI/ibEttctpyHEqtb28cf7r7OEBQOGGGxxkZPHoRWDdT6d4b8MDRNQsFtWgiW4lkkkxNLOyhhH3AKjGQDyeFxxXjO+78WXT2+kKyLcvHClun/LJQdu93GAqnGfU46Z4r5Onl1Co5VaikqdNNwjJyaSTipS96y10dr6p3eu/mwoq8pSu6aVopttxV4tr3krK/VLZ+p7j4K1FtW02J3a7fUWugvkhi3mRE9cA/NuJOSc4UZxy1fQdjqb+CLHOqy2tvvKutnPskAtJlyERhn55AQCeo5ypOK8M8C25+Fdtf6zr09pfXcUJtbOzaQO0DMhw/cEgnBOc9TgnNeReM/iLq2r3kazpuYSm5jiLFkSFpGwmcgE5PTIAXjFfMYvKv7YxrpUYwjhaUouVRQtKcoWXutWdrXbl1urWVzop00pNRS95RV+W0nayburaNb2V7d9j2r4jfFvW7uX7Bp0ltZRtsdUtiIlmtR/q0kCYzx94HIwQD6nz+LxLqOraVcfa40SOWVY3kVT5rjkFY1+8eMYx065B4PPeHYbW+1sa7rqNPYQQbBBH86C5KnYpUEBxnlgcgDg44zYtPFmn3WsXEUNvFFFAsyEIP3cWC22RYzgFwuAc4GRjJ5r7PAZdRwNFQo005UrXaveTSTj0Tu9L2e613ubUsLFTatom5N3TvZrVaX13bVtntoj0vwXpkWk2zTSQMLu5cGLBPmTW7nO1u6g7iC3BAOD7M8U+M5bPV4LWzT7PEi+XsQlliJIEjMASOB8ykjnPLZHPl+r+PZ7OdprS7DRwR+Qjoy8u3AVE4+6DznOOSc554a78SySvGtxcgyylnndjvk+Y5ADf7APTjoARgMa4amS1cbifbYlXTbt7sbR96NlbRuy1vfp5nQqEHK7lfX3pNJWd0rb32TV+6Wt9D6Es/FrXt0bYQfa7ZojG5DeUJm5z90kE5JYtjOOCDzuu3/jnR9N0u90rTNKjshMqCV9xa4S4XAbyyFJMRb7y/KNvzc4wPENK1Upbhba6Q+XGXVx/DI2RhQejcjPTHPHAridT8UXVnftLvRWkDF2lUnzGYsGUjPy5IO3kkgZxu5rH/V2FfEp80lGnZxgr2bXI9Y3tZ+ba0uVGK5WuXmWvvWva6V7dL6NKzV076tK3Wy+LLua9lOqTNL5paNVYE4RQdm18cNkhRg5yQenNfUnw08fSeE/DUep3MkCG4kVUjIDPJGjDEbAjK44ywIzg8kV8eWtza3sVpezKYjErShNoZJXG4sACPlUdc4A5yMVr33iyO3sbWyVt6Ss0rBDnygeiBcYTB+YgZ6EcjArpzHJKeKoQwsoWSa5pa3S9xvW7d001ukr9db88qN0pWaW12293B7u+qkrdEr7H29qfxG1W+F3fwzslqvl3kJsCRc21wu10dZUIkUoygrtcBW+70AH0V4a+G37Rvjf4YD45a5deJb74XWxuEuPEdzrxnvo4reF0Egsnug8dtFIPLJCF8ZIB5z+ZOh65NJp72tvqDoDCrsYkaSSaUkbYNuDhj/FkZJA4ywA6fRvi38VdEs5/D9/4j8Z2nw8kmC3/AIVe+vLXTJxICCI7GQxo8UwO8mNSpzyMjA+l4FqVOH44mFaeLhgowqcsKFaULVGk4Ob2lCP2lv2fR/jHHXClHP8AFwo4aOAeOhUhN/WqccRUVNS99Q1vCXL7qlZpO97JHd2Pxs8P+Ftam1q4vZNSj0vXIL65SS8kjk1m3s51f7G0XIkjJUZyMkkjBGWND9oD44eDf2jfiFB4n8I/Du0+HmlS6TBBNZ6Wxc3+rRxBDqFygA2l2UnJBVcsFJ4I+efHekeF9f8A7XW0trnRmkRbizjkJJBPUbchiXyp65wST2z4x4AuPEWn+Ibu0hvWj2wtDaLM2RJs4Lg9sAEgdVzgE5UD16ud43MMBjaMMTKS53OKmozlFxvZuUrNX1XutJ9W3Y+i4d8OcmyuthMyhh1Rx9Ci6V4JKKjO3MqkFZNpppOScot6eX1v4e8IDwxp819r9/Hc2kzefFbJN8vmPxtkYfNvXI3ALgcnGGrTtfHmleD3nl0KaGLz4v8ASG+8zyMNxhjDKF47kc8DI5wfI7jU7hbEy6hcy3AhQxuiOdhmOAX2n7gUn5QuTkL04NcPPcWt/EJVaZYrAl3SWQAyFskrg5LA44BwRgBccE/B4fAYnE4mNXE1JzlCSlBc7UUlyu9la3VOzato76H3csFScbOnBpx15ndqKUdna1tXdPs1o9vfdO+OfiuyS+0/QNeu1/tO4LzpNdSMkZwybEidmQx+WSuAoBySByc+deML5PEtzp8UmoCIkGLUPJBWIMxLPhB8oVmZyxz8xPHPFePNPFHfW0lgkpnuGYkyEhIWIIz937o685I+6GOAa9G0u50gfZY9RVvPjkjaaSMkpcFgONw+8h+XcAMqcnHUV9dWq1PYwjOpOpGC5YwlNyglpZRUr272fu2tby5sJk2AwjlWo4alTqVJL2koRUFU+G0m/tPV25m+iufS3wX8ES6bOPFchWOG20+6TR7tZR50UkcZQzrGwAUkn5ABg9ea+9/+CfX7Rfh34a+M/EPhrx7HAnhjxBrMMus6zqEjQ3jlJHl+zq4GQlwQFGAVBOCOhP5/+BPFemLa3FlfzSwQQvmwhilcFicNsMYGMMF4HQlj1B44fxD4t0iTxVd3Bh1DToUYG3to2ZI5p1GPNk6B4xgZU4IBHLCtuBuLsZw/n6xs4W9lf3FJxTpNRhKN0k4uKs295NKzstfz3xP4Fw/GmS4nLajjT9v7Nwlbn5J0KkKkHyyXL7qjZ3T5lZdD9b/+CgHxu8aftA+P9P8AFnhj4ealoHwUslt/DfhnV72ykk025vtI+VpVvIlctHcMFeJScAsenQfOfw6nm+InhjU/CXjLXdUXUm1u1h8Pab4ZjMf2SZ50iS+1eaLAS1tl/et5rAELgHPThPhR+1R8Vfh1pfh7RdQkj8X+DLLULm9tPBeuiO+0ZvPXkypKD5fB3Lk8Ec9jXD+IPjzreka7rV34GsNH8JS+M5mn1hdPMbfvZZd7w2smMW8EZJULGwyBwRnDfsWK4o4fzDFUM1rV6s60qsalXByTiklKLaU0/eVr6ys7213Px3BcJcRZfk9fh7CZXQp+woRpYXM41YwhUaiveqUrKcWm726vRNLb+1T9l79irQfhV8D9M+GmgeJG8W6D8UPB82r+NNY1RYZbq91a7slkSTS0lO4fZZD5UTIxIIJXJPH4q+PrTUvCHjPxj4H1VryG98I6rc6WDPA0D3NtFK628m1skoYdgbAIIGAOa/PrwL+2N+1bcx+ELHwv8WvFi6roM8Fropl1qW30i1sYNpeyt0JCSBVGSjfKcsCCMV7lafHvxJ471nXPEfjzU5Ne8ZzPHBr1zIoZp54SENwrhdrfc4OM8Z5+XH3GIz3Lc9yiFXC0uSVJxhBSpxUlCK5bOcbcy0Su0tFu1dvl8G+FuKOE+L8yw+Y4518DmEKledOWIq14fW26c/a04VU/Zq0pp2kl7ySS5Ul6fFO8twDIrITtI2ZwVU9WB7nONoycY4Jwa6S2mkjc+ZEFjkIAfbtIB4Jx2brz1/vZHXxG/wDifd4KadZQoFGVaULuAwQAAOcgDgnsOADgnkx468RyXAnkvRhgcxINyRAsf4egxnbjBHHUZ5+SVGXPdJ62s+yfK72t5293tfTU/rWE1CUbtWur62s2uy+5tW+H5n1/Fe24iSIrxnLScKyx46ZP3z6g+5x66UWtx2/+ipPFFASMEsokUEEtg527eDlS2RyOua+Ol8Sa7fJt+33HG5jhyhwT/CBnIyRgHk+w66FpPqMsaGa4mcKN0bLMxfJPJZT7c7SQc+mM1tToyVknZu0bpPlS00k/v1te+twqYqLk1FJRtftdWSetrWT36pdHdn2JLq0EKh4r+EoVJd96u20L8wKjHfJGOeQCMkZ5XVNVtLmIvaziaWRsgFiDgEZXb2x1HfIxnORXhthdXAKjMrBSEVmcnOSSxAPBBOSeB1x2IPSfaGt49oX77AljklSQCQTnPU5X1IweuK9LBqUMVRipae0hfezsoJ28rbXT0ej6nw/GWIj/AGFmU1/0DVmknr8NtW7N9+jtvvc/t6/YbC3HwP8AgPJsG8eDS2/IO0A87cfXGQfX+Kvwv/4LHzGH9qyNw3KeH7TaueMt5bEkFh06e4Ujg4r9yv2Dcj4DfAxyx2/8IYOoPc544JOcnOOM++Sv4Vf8Fk4vN/ayhIGd3h2z5z97AjA6HGBkkg/3RkZFdWB/d8RZgnJr/Y8TG7d9fax0X3bX8mfnOHl9c4N4T5VaTzrLnK1rpfVWujulfX77n5CeKfENwWUYBELFFA3MpJ6MQffp0xuxjO015dqWpM8ym4UsWKqxUngdSV5HH1GePz9i1jTLUQtJO6JIWYlZMMpGDwDk7Scckjntjk15Dq1kJNzxOkYkkAVQD82MrxgYXgbsDIHUZOQOGcYt3i7u7tZPW1rJW1T08uqWup+50cFU9jSvK9oxVuyUY+STukk97t+VzDvri38toWj37s7FPOGYZ3AZwTt5bG3g9yMnibvTo2VkVWi2kOwBG0457HIz7NwcYx36W801wwRZEZiQcs2TzkEgkHAGMY9PqMYF9p1yj4Mxl6KMsRj2CjAK84Oem0HrycZzcLWtZpJaKya3T1b068tkr2WhcsLdxTXMm0rtdVa+rXTbR77vocrdWXlxlsyPuYhWOCVGeeCc445OR2HHWuW1KC3m2iYCRQuN2wFt2SoXHcexB9R3J9MfT5CBvKxsclkXhsAcEbiQRxjr747VmXmhR+U2xtu4BgsiBmBHIxznJ4IIzx8v0zhX+G9la2j6LTdX0+abV/kRLCbyilFWVk007trRq7vfe3S3Tr4NrHgiC/kd4pFgxHnytgUfTrgFmIOcE56DgVxh8Ka/oTvPZSXKOjbw0EhK8kFSVzjaOMjoBwBwRX0bc6aclPKLyKFIJGxiBzyOc89AcHrnJBqKfSZmBB3BcJlY19OefmxkZyR93nPSt1iYcutlpo3ZWu0lZ2tv2a9e/M8LNK6cd122vHTW6Xmr+Xr4vY+Ptdt98Wv6PaanAV8t3njRZjHnHzMycgLyOpzzWH4h8F/AP4hRtJrOgJpmoSjY89vEIX3nI8wvGuG2sckfxAdjkj6Rs/BMWtNJC9lFcuE+dnRUAUD5dpweSDjced2f4WAOJqfwStnRvsazW5bJcEqxjcg5KhSSQSOf4l9eoEVKlKa15ebrdK97x6266PW69U9KhQrw95c8Vo21J2Wqd+VbJ6/5JJJfCevfsNaRqcV1J4D8W2sxkdZoY7nYrRo4G1VfgnAIBBxk57cH5L8dfsu/FTwNJdpeaBd39nFKHW/sENzFMhOUZQmTjnI4HtnNfq5N8MPE+jO7adeTOCzD91K8RVh0O0AjHXsoIGOR1zZNU+Iekfu5A98sSsGhuojOCFB5ywzjGeuSeOMcV5FfC4ebfNFwejvH1VuqvbSz1as723PXw2JxNNXvzJNaSXzdvnfd30ex+GWoabqun3Qi1Owu7F0QjbPbyxc5ON7Oq8njccnBzjqazPtbxyRoZA21SxKnlQxPCZx29eeoOcYr9rNcufDXiFmh8YfD3TrqNxiSdLVBMQQATuVFIwck/NyB2wc+T+I/gD8BPE6TS2dveeHLx4ykXk58tSSQpZAcYBJByBgA9MHHnTwEbNwqRk77SSVklFq/KtrOyXpa1mj2aOZxklGdNx5bJ9brTW631+d9F5fleL4xbVDFd0m5UYB2br8wJ3AcZxwAR0PWpYnEh3O7RzNIPL2vtUAnIOV6fNkBj1IIHSvvTVv2FPtiNceFvHFncyhU8iC6xGxDEkKzbi2ACBkrkcg5BzXj3iD9k74t+E5pYU0WHXIYwZS9jIJWIwCoyOem3GFI4UjoSeOWBqxVrJ3+G27Xutd2m1fora6Hq0auFqpOTjZqN1onrayt0a6u6Vr9XY8d0Txn4s8P3i3Wi+IdV065idVR4NRmT5AMFlAc4HY5wSpIwAa+qPg1+1J4k8MeNNEv/FuuahfaFb6hDLqwMryzzx5A2MzORKhPDBhznB6kV8x3/wAOPHGjiWTUfCOsWxj53G1mKouRgjYrZBPXj5vfg1hx2sunO8UkN5E7jzGSW2lQb0OcAug2sD0HB4BB4JPLiKVVQcU5qDjrFOaTVkr7pPbR3b7nmZjwvkecxqUa2Ew9SdZSiqns6ftIuUV78ZuN1JKzTvq1snc/pY07Xf2A/jRcRahrzeFIPEGu2sGXRxpc8Fw6IxSYgYEjk/vG3ZJzg5xXH+IP2Nvhpcare6v8LfHOk2txap5ljpUl/DeWcodCIo1uQxk37cFAFOTlRuGc/wA9Sx3NvLDKWMcuVkjljmZSGAyFyjBt4IxkDkgn5c17N8Jfij4p0LxvoW3xHqltYXGsWkV5bC+naKW2WZAzEszBSBkqPUAdq87AxwrxdKDoKEnOMFVWjUm4/FeLvqk7t2vf5/A5l4SYrLcFWrYHO8XUpU1Kf1SvU51KCV/Zu7UUnaKVra36XPoT9pT4W+PfAep2mn+L/D+oRRuJZrfUY4Hl06dC+4SCVFKrGckrzxjvk7vmrTtIsLqa3ikvbeKOVPn3OpYMDnaWBO3HTgEZ9AOf6MoPiH4A8aQeHPD3ii70vX9NvdLjW8stZt4pZjHsC7IZJRuDMmfmyvJzkDdXyL8bf2Ivgd8Q4dR1L4RX154Q8QQSvKtnJKrWBYsXZVjDYSIMSRtBIBHXpX0uM4PzDEP21L95DlTSScZNPle6dnZW/VXsjwMk4py/J8LTwWMh7J05OLqJKzd435ra2S3a+7ovzAHhLwwsMbLqccsx/dlWnUYborIecAAfeJwcdcgipbjw54TsorOW6vnABfzGD5UsoyABnJBA+9nPOa86+MnwR+K/wU1W4TxBp93qWkPultta03zptPdctz5qKwi+UfMrcA5HIyw8N/4S+/uGt1lnZUUFBEzE4IUj5huJJweQcgEAivmK+TVaEnCrCcJJ/C+ZXty2dmtVpvdp38z9Iy/E4HMKSxGGr061KSVnTkpWbcbKyu106Xd9VY9s110eYvZHdax7xFkfMyBiBtJxgBee2ewPzVhoZLQF4VIZ0JlbIyCSRjGMZA+7jnAxtJrjbnxlBBYQW8ciNLJgzEk5G0duuMZUcZ4xnAyap2fih7t2Ejvs3EAnALBeFBOAOh3c/QZ61zrL5q/NFyWjXM7pX5VZfyq61WjWp6D5KdlGTjdJLW7T0V35NPW3T0sdnczzXIjjizFGVLSnceQQvUnJBJA4yRnOOSMY7wtPKULlpAwAYAqq8dSBtzjjOce4yc1pWly3ksf3Y88ZRiwPAxkEnBzkE8Dg8beMVHC8ayOHYHL5LYAO4HoT0IwTgHPrgYOIpYblSSp63e6SatbltqratbbLSxz1aipvnlJcuj1uktdNG7fC1qnppq3qYs2h3bOqxzbZC7sZN+AVOeOOmOGDYyeox/Dr2miQKiP9peS8iXDDnYrHOST3AAAzgYwBkcY2Y1jnbcrKI1kz5YABxhgx+9nDHgEnnnkZOdWzgtLfzGeJgsq5yRn5uyr1A9wcY7dSKKuHrJcsVa7S12adk/JPrdrye55yzTD87SlF2fVq7u1qrdU1bfq11d8y2tvsyKbiVyRJvX5gIyygEZwR1A6kEkdsYr07Q/ihq3h8QQWNy4IQRZYsY4i3UxHjYT1B9uijJrgJfs8mwshVhIQqDOByQcYI5wCAMA+2QcAtrRGLSLIHLA5YqVGOeNxwOOp4bk8cZrxMdw9Sx8JRxFJVIyS5k4t+7pdST1el1r32R9LlXEk8JKM6FRwa1Uo6STtHXTVW6Pptoz6MX9oTxkIBDJ4n1donAXyYryYRoFGCMK/IwMgcYAycZrldZ+KniDU0d5tRnkRyTvkldpNoBPJLEkvyc9/Q4AryYxRFR8yxq2TnzMADAzuHqPqdpz14qUtpMcIE17Co2tv2kMzZ7K3XnsMc8lT3r5+j4d5Hh63taOV4SnNyT544eEZczauuZJSff8dXofS1OPM0rw9lLFYmrBafxJtL4dHd7b6Wtp5pHUeCNWa5+JvgW4L7vN8WaQXdclgPtceMnPJ2ksxbGCRtIwc/o5/wVdkQfFX4b3FuzMsnw50V2c8iQpbISAcdOxycdjx8tflx4I1Gxh+JXgX7MWeGDxTpTF1K4dftURJbIOCeckYwCVPfP6I/8FQtYa8+Jfw8ETMtuPAOkRw+YSRg267iuRwowCAOuecYIP0ayv6ticHyRShShKKikkknypaWtZ6taavQ6sHmjrZRmCqJ81WpSave7acXJ8r6b6629dD4I0nRTrkDS6dqUKaowGbJ3CO6kdEY4JOAQQT8xwCVavYfg5+0B8ZP2avE8Gv+APFniXwZrNtNEXeyu54bK6VXLeXPAp8qWN+hJBG04weK8B0Hwv4m1jR9a8SaJFJNFoEkYu4rIlr5I2bCyxQod8gB5LRqTtGeQMjo9B+JSPs0nxbp6avahREVu1MGo2wJ2kKz4feobOCOW569PbhP2VRJxUuVpvo435VpdrpHr63smz81zrAVMdRq0pwjiMPVThUpTtrG0Ve2sWrqyvZ326M/qs/ZQ/4LxWHjfSrH4X/tU6HZCK6jt9Ng+IGmruuIFZsS3VyigMjEElnDMVHAOeT+6Efjj4G/F74e+GLX4R+KU+I2mXs0N3qDWuprJfQKu0Qybt4nt/KPDIeykHgFl/zsR4KsNaJv/h/rcT3GGdtGuZFjuYc4xCgZsyHJxnjdx/dr0n4PftLfHr9mrxJDeeGvFPiTwxcQTo0lstzOmn3Khg5ieNn8ry2IAO0Y54IwAPUUsDjY+zrxTtFqySjK9rWlFtXSbVmr7LV30/nXOPDrEZfiq+N4cxFTD4hz51hqjlBRScW1RknGUX7tk3zJrZrc/wBJfw7468RfC74b+LNN8eTxeIPA+geHpb2OykhFzqVrp53OgSaQFpFCnysHJBAP3ua80g/ZZ8C/tEfCy08XeF7W30LU/ENs+p6TbxwKLmaGWTMaarBKBKCQRtYA7k5wAcj+dv8AZt/4LdaJ4/0OPwD+0RBLb2N5Y29hf65YzjZeKHC/6UAuBGpAcoSVyDgHOR/Q/wDC/wCN+ifEjwt4Q8T/AAI8b6T4kTR9Mtrc2ujXFvDLZ6dAFWJLq1iYebLGgCtlCzbOTzX5BxjwXiqE/wC0sngk01OoqU2mlZXtFac3V389W7Nfs/hx4t/2U6HD3GEcRhJu1KGIxcG6c2lCKXtdYSTd7yve1rJ3dvyS/aQ/Y81fwbdzab4q8JSaSLcusHiG1s2l0u6Y8K7SqCsag8uCRgnAwa/OfxT8Hte8P5ntwdQ05ZGFvdadIkp3buDsBO2PAHBABKgAAGv7VtP8XaH8SvCqaJ8SvDmn6ol2r21zHJbx3EN6xXbJuhZd9vcKpYkfKqnkdMn8zf2lf+CdWi6hb6l4k+Ad5LbTPHLeXHhGSVwhJ3PItoxyVlDZ2QgbRkdelfG5dxbmOXJQxc3JxlGEqc+aNSNlFXmno7WtdPt2P6Ohl+V51SVbBOjUhUgpQrUpKUZXSe8W0r79Oqdmz+ZQa+9hqMFl4u0Gw1vTrYtF5dzYqt6kbDG/eAGZkAOOSc9hjA5XU/hjoninU2v/AADfyWhsWOo/2Tqt00LLLGfN/wBEDEDKEERBQNpUc5wT9y+LPhfq2l6tceH/ABf4Q1DT9ftZpIlj1LT3tDcOrFQUn2BJfm4XD4ZSDle/mmpfAzWUmn1KPTdTsZYAdwtEbyBnkb3UKEXBy2cgDPPOa/Tcq43wteEF7WKqLltyzStrC92no9n66631+YzHhDEQbbgp05K17acvu6Xatra7Su3pbqepfAD/AIKxftW/su6fNoM+qv400TSYYoNK8OeMQ062qwBUC2F425liAVRGB0UEBSTuH45/teftF+L/ANpf4weOfin41s4Rq/i6+EstlE5mt9J3E7ba33qMJGMonQ4yPukCv020b4W6HqtjqujeNrlF1vKPprlYrqTa+PKEc8TO28ZAMZORgg8g4/JP46+CtT8LeO/E+mbWNvaXYEb7PKMsRDFHaMKMMoGMhQBwR149DPs4WPwKppL3W5zbVnLRXba1adnpfqvK3yOJyN5bzVZXV7ppSfLbayi9IrTzTStofJ2vXGpWEc1va2yxpGqyL5abn3esYC4C9Q5IAPOSCu0cDeXkw0+a4u7kIl0SssATbI7KrZHABBb+98xOCcHBr6ItdFlu7YSXKP8AZ3cxNJsDXO0k87W52YJA+vXrXj3jqzsdMvJ9PitnuvMYLbNtDSIzAgFskjcSSR3AJx0xXwGWYmE8Y6Tp3lCTTk22m04rmurWVr2Wz28jCk1NpK+lkuVvlu+VNtq1r20Uly2vtbTy7whokeva1JItxcxWFlE01y0ORIiqSVjX+9k8kjAIzk4ArkfFF4YtU1AQ3X2i2EoEjE5JUfKV4B6AKcj3z604a3q/hW+vLITSW0NzHsnSI/vJASUy3HBwSuMgYyV4yazk0/8AtK3a4ijkhzJiSVm+/wAg9chm5xgnHzD6Z+8p4flqutJqMJU4xhFOStrFuTT0u36aWtZno+yUo3krpq0VdpuyV3JXd7t2eqVrdDqLW7jurL/Q7BxNBbrJ5ihsIUGCMKDmX0HJwclcVzOpahm3f7UwN7kSIjQ4kOcAbjwRtA6kHHJP3sHtfCl9qVhM9jpMUbJdRmNvMQOxmQYEmWwcAkgc/N9Rzn6p4U1FdS864hPmyRM8guB5ZUscsyR9QjH7rYABHAGMjOnVpU681Nrlk0k7ct7KN7PyWl7JWb10RyRp8krptRvq0rX+G1uV2slo3bZ7+9c4HQtRl/tG2iurlfLdgcuNwgUtnzBnPzKcBe3f2r13U9ZS2EEaXkVzFDKJISMGaTAG5V43EEHBOMD3PTjZfC1laTQPHDcyXEhJcYIUbj6Lnhew6n03VNbeFpFkW5mnZyJW2wrKWlJ2jA29lyApHXjtjJ3qzwtV83PFOKSs31aVrvS3dJK69bXupGM4/Fa6tZ3f8rTd1o3rvs+7uyzNpNtrF7NeSRRRO8ayLZklSWxjcBgHJ4Jw3Bbp3CX2lajYFL1C0VusIO1XYxxFcgKRk5OTyfQEFfWZn1Z7h7lbcL5BWLIT51IIByPl42gEsOmevUjrNEjOoeZZ3ivK0hYJCZCVhY4OWyQACC23g4O7OB81cVTFTpRUueMqSese92r97Oy30s73V7HmutVg46Ximm1LpfqtH5q6a+fRvhTVHvob17iRGii2FoCuA5yBlRjrkY4wATyBzi8Vubm7tZxA8NqkjRMIwy+WueHIAyo285P3jwe9cbrm/wAM6zaJZSSx2jsDKhUH5lbLIeCrLnPGMEHgHrXfW11qN1YSajI+BtEkEKhEM0YB+YjgDp8w5x15OTXBicH7SdOtSa9nWtq7tX9yTSu7aeaactdLjknzQqRSaqcrV76fBpq3qnJWXz21M3xALD7EscBjuJ4ZS8kzKA+CcMJCD8/PQknBx0B50fDfifSrG2ltnsypys4lBwWYAEICASvTqMdhjGM+d3niK1mimtJrbyppJJGJjbG5QW27gOnPIIbgcnuatQoPs8cpgZ5VVWBUZXyjnCnOQT3J7Z64wQq+XwlhfZV3K17p3bbvyrSz6222fz07Ywaiozbd7vrpZK9k9euz/C1j2+41nTvElnIIY4o5LYq4diBM+0DCtg9eMA4JxzgGo9GuoNOYSRsRPIf3cm0sI+fmXPGQc8Ejv2615noeoW0dzO4SRGZdoXbhVZQdxx0ycc46D+IgYr0hFWc2d2UaGNYxuYLlW2gYO3J2jgbhxngkHnPzGKwCw37mEm6b2lJ97JrZcuqu7Wa0tdtHPJWT3d5aLdatK/RRcvVW6NO57TY3EmpCKPz7a0mkjiKTIoV5mGPlfIyOm4j7xI5Oa900Xwta+MvhV8a7TUrG4c6L4Jmu7e8S0Mls09uQ4eIsAiSvtOZVOQAwOetfJVjrVr59vCVkJjkSQyplf3ZIJZTngqpwTwABnBxive/Gnx81nw/8B/EXgDwnfWEV94qZbWR4jH/aK6UPmu4JSP3hDgHJYk56LyCe7gtLBcR4fEYmjKrh40cQrP8AeJ81KUIRXOoKNpuL05tFvtf8v8QMBm2aYbL8Nk6ccT/a2XzlVdSf7mjRxlGtXne0GlGnTleKTvzNPdpfnp8Cpbiw8VxQLGRbXyPHLJPEZY0XzGHLc44GOSARgA4PPtXju1urG/Z7NrZrVy7QlFUKJASWcYIKk4JJ5GAAB2PJfCnS9V0qz1HUvKTy2uERZrlDHJFnPECSBWIKnhgBngAsxwNr4g3N2Hjijt1K3ADrtbkZXluwXP3sAkdTgA4rrzWr9Y4jilFqmoxhJO6Tk7XWi0Vu9lc/TKeIdWUFG7aUYyavy3SjFttJ3V1dX0Vnqtjj49W1vUZzDaRDzOYIyqgKJVwN2cnhwCSTgfyps1l4p0SCXUdWs2uIJPl3K2YgCcFiVJG5eMMef+Agmsrw/qk1ndfZomYTSGQOkgDqG+ZTgnp8uehBAPRQK6nW/FE76K1ibtHS3kJMDZYu+S2wAkBl68joFXGMYO9SNSGJp0aNCnKm7c8l7zS933r6NNJ6W2avvtTrVlOKSTUVa+snzaatadHddEuhv6T8RNPj0+HT77T4LjMTQtHJGF2iQEFiwGWIJGTj0XAOa831Sys0vTdQvG9qRvRUfCxFyzBMYGQuccZ9MKTk42n3FvMs6SKsMkzq0TMEbyiwyy4PIHJyQMrkcA1g63PPpboqSLeLIzLGVUgHGAFYjIY8j5uuASMDivQw+XU6dWbptwdRL3XzcunJprzKL9PvZ0RpuaS5W7q7TTe3LZXS0d9raptX1ub9xI1yZYWvSzhQkK9AS2QfmHXC8jjIyeQDxZ07SYljtpDMGuVbABb92CxJJHzcgjruOCxyCc151aawiXJjuYyZHmVfvsSDuGVJ4wPQ568mvTtLmttl7PlFkWErHalg7EbRhwRlRg854IxjrzW+KoYijFcsXJtWbinJNSeid17tvLV7dQlScFqrdW027txW7b00vZq+qstVcytcjaK4lHmOwCAo2fl6AkKATye3HB4HGd1C1vnsyJju3FR9nTpnoMtnPBxwDwCTnjArG1bWjd3H7ghRaoQx3EgsMZOMZPPAwB79jTrcz6hE0qFt0MW4bQAuehHJw3QcZ69yea7aNJKjB1kk2k/h+17uuu26fWzS0Ikn7rlJK+rave10rJ7u/VaadFs9BItQ1PUYpWEcSSSB13LwPugvzn5Pmxg8Z3DC813EEX2eNyysCgZHcE4nIH3VA5OT/CMEfTFcHpGvras6TTGMg+Uwdc/Mdp3DrhFI5X2yuTxXZQ6yk0peQ5SNRLGzcRkgHkrgjkAgdCRywBG6uXGU683BRi1GPLZPVqzi1bsmotX009Tnqykp8t3KPuxTttdX0bVk3bW+rs1exwnie1kS1m1ELL5kzSqpOAqJg4BxnG4EYBwxI256GvLFbDFArAyBdzZ5B6tkgtwOQcsA2emNte/+Jb2xv9LSCIhRMzNLLgYMoP3cZBGeuSozkgbuK8Pu45Fupvs7KrOVhXjazMoxtdSeB7YBwc5yOfayuq5UownrKNlZJarlV3d2766q/TsduEk3GKWkrrWycmmm7d72la6td2afQxtSlmeFY2EvkjckauTknnkggKA2f/Hucjg59rBMG2NHLuKcoudrHqG6EAjIKn73fnjPXBpWgjivWg3biSxC7kUHaFwMkAAZ5H8R25IINuwtmWaScOrRBCsQCK7upBUggglBt5yOjYwCOa9uM6aSai/hWiVtX13fm3r1trbT0IxlpdWvZ7Wv8LtZavV6WbV9bWVihpUrSSvDIjBVjKl1UM5Oc4JwCccqR7EjJII7K3jb7BLBAhtvNdFOV2nLYBffjOD3z07cAmptH06wubhJHkMMpCyPHuC72DDgjsODuPPt1zXrOo6b4fGjkpNi4dEkmUEEllyQI3UcHI4zyQO9ebicXCE4xkm25K1rW15bO297PTe2uu6OqGi0draaPfS17pK/b81pp5PqTW0dvDZwzR77OMhghAM0pGdzEZPHPJ9ASCKz9CtmlnW5upFjAYbZZGJXcXGNykAkAHIODjaeDzV+Kzht5ZJngeVbmQpGHO5dpPXBJ5wcZz/sgAVtfZbOCeJFWUmNEeZZP9SEJDN6hcZOM+mc566c9o/Dbfu03a6u3bXrp0fmyFvZaLTTV67p623TUtN0jb1GGS1gdleaaOWLKzy5eJlPLJGpBxk5YBcc9+cVxjB2lXFrtgIDxuEYFnHHQDnkZwR8uTjHFdpqerrqckFlAyRWtpGogEYAYlvlKyA8FecNkerY3dLlharbGa6lnhKJH5UURUOBK644UcjrnJ7nrxWLm4K7W+vurRJWbvd9VpdLXTTRmqins0m7J3cVZe7rrbomrdbbp3uzQby0Fqwa9WK54FxEAVLxgldq8dSAeBnHHIINdsNA0i8kTUWDyQJCoZFkDS7QMFnU9UKlumMjPWvN5dOFtcR3E+1Y94YxwAneWIYFWB/BgenK8DNdFeazHaWdzslW389ERIcAMw24wGGPLC91AABz95sV59b2s5J0pSu7bN3SjZ2u79/89hVKd6bcZJXi7W0s9E23dWd3sul76bdhpsum6PdNLpMcaWzssJiARnZXxvdpAcgf3Twe4OOG6rw7rKP4la006HzIHCrJF5SSNM+8ZVu21u7E5xz0zXy5Pq99BDNbwuULOrNJG7EeX1yrDcCVyQCS3Y5Hb1/4NeIktdRuPtcgZJVbF2+DJG6YChTjPJIOepwSCCBXnZtgZRy/EVHzTm4SV+Zpu6vurtd9L6u26PKw+D5a8W2muZN3d7Nttr3tlq72TWl/5b938fdb8P6lcQWNlZ/2PqltbRLeOmBGWxgRx7cDcx7gckHqMAeGeHFsnvmtdQNvLLPEEQu3yEH1HTzMEHbwcjpwa961nSNE8X+J1t9TlgkaQLLcTBgjSYPAU8bmJwGXOe/+1XlHxD8HaLouqRSeHpJi8TFbi2J3fZ8DKbTkgggAnnhSOD25sjnTo4Ghg+aarOnGT5k7xbSvd/NNa/KzR6GIoNuTiorVcrtbayd7Xt7u6103Sd7ZereAUF601jqKMpjDRRlQrh85KBuPwB54445HHpomri4W2nUSfvWQIrgcDksg6FgOT09sZ46DTvE8aOn9pS7JySi5TgOuApY+2c525wQexFX9Xd45rW4spS9xKA5YPiNd/BZSeM4xuGT1PHQ17NKriqU1Tq2afwtPZe44tp3v56aJ9zjhKpGTjP3rJNWu3dyS2Sas7O2idle/fy7WIrrw9PIkjyrFLgxh/usrHLArgkEHPbcO3arGg6xJYXEFyjx+Z5iybg+0GLIyj8jA7EjPHC9TjsPEenSarpeLuKJbu3w3nOeZepwu456HgFcE+gGK8gS0u5JAkdvOY41ct5YOCycEAruwvbtkZ46V6lGEatNxlZczSkr8uqte2n4ry1eltklZqSTfRbNq6drWtfdprRNb3bZ6rrGvWes3IICxXO4MZVYgNECCQGHJJIOMdCCCBxj2uztl1LwRFqvhu8kj1a1gVJbe3YRTOsQLSMzAhm7lWzknqOBXyHE+JhLIjR+XIE+U5HTGB8w2kHG7J5J55Fep+HNe1LTp44dPmEEUkW04kIJVgTtdDgHIHzcnBHaoqYedPklRbXI0/N25batPpe2tuhdKlyzTjo5O3TR3irp+rstbf3bpH0f4W/a1+NXgSDTtF0vWhGtgQ3kXyebI6HAaOSRhyNoBDHgkgnHWvuj4Yf8ABQ2PWpdO0Txt4bKX888Nt/athI0kTSsFUGSMcIBIQTnBA7EYFfJ/wY+Fmm/GCT7VZNoo1PSoZE1Gwv5lF1eRqMPJErDLDqAVP1yOK+7/AIZfsk/DXTYodUl09pNcNz9oe3lfdbxlWyNoYYwCPlIwOmCRivrMmxeazUVRrSpxXKpKpNNcsWk1HRpuzs7Wemy1Z+h8M4fOHUp1cPV5qTtzKpK6suVNJO6TWq+y7v1R9Ot4/wBWvms72Czgms5URg8ZZneOYAqSMA5QMAfpkdwfYtJ1mO5ghmJKssaBoUZcgEAkHPUZ45zxkHoc+WNoSWtpHFb262y26LDCwyVITCkbehIVeBzwOan0yK9uEaG3kEDRKySMSUaXG47h3IHQ9wuMDbmvvsPVrJJznzJxTtd3vaN3bRpXb2d36b/q/wBiMXbmcYu3Knb4b2TVnfX8D3S01mBEcCcxH+FAdp2jJI3ZAPfnHzYxWtbaq7ENLJhMF94ZSwjA+4SCRng4ODz6DIrwKW1uMW8ZuXMzoCdzMFG0gkdfmz0B6jIxyxFb8NteXCrIt3J5cCCN8OQORggIPvAH2HTPYV0e2mmku6vy6PpfVrZaXV9V0InX5GoxWlrJJ6tK2jS1sl1V+is9T3AazDDA7R3IZXcbyrg/LxhTz1zy23gcDFeZ+Mb9poA0lwQjy+YrdUVAcBWGMDgdgMjtngQQaddJbx5nVnDDMYb5WQ4IYnJzj0H3ecjjNcH42kkg06Ty9zkyAMPM+VSRk7MkHBDHuA2PY172WTaqxk1paLbu3e1t3u07LXSz+4+bz+rKphZRbXLZX12V0tm1Jv8AFLXXc8lu/Ammat4sj16CRIJY7je6oFUSnaCHySFYDqDjk4+XPXsNaZbOBGeBVWNGhMh5JxlUIPALEDJPf7wHBWsfSbmaWWPMCiUhPLwfl5UMGcnqcDBAAAPatTVbeS9gmt3cKQMBQxwGI5bHPBJA4AzkHBwTX0Sr3qq0WtU20krtON2076XdklrfTzfxmDy2lTw9X2cVepeTaXdLpK1/RX+VrHlmtIk0SvHIXRf3jru29SBjbk54IHfdjIHPPjmpA29xLc20n2Yxsd7xuQW7k7ASD6njgE4yS1en+IhcWqTRugLJEAXXgMucAqp5JORzj5QcYBFeA+ItQkjjuNuN6rl924g579O2Dlck5xwa+rwuLq4WlHE0K0qbSUlyuVk0k4vR6O1uuunmflXGHD+AzF1MLjsHTxFOaalCrBTTUktXdPS121bVOz632l+KXjLw8JU0zWpGszlhEzEAEEAr8pGDzwd3BJyCea++v2O/+CjnxX/Z71h7rR3tbjSbuSCe/wBLvXd4rto8hnRmJMbc4yp3dsng1+N3iDxBMyusZMQjI/1RJL7j8xPP3eAG6nqSO47zwn4gd7OJmVDGY1U+b9/JGfvZyBgEgY5yCcVhLxXzClUqYPMqdLMsHKHs54bFJVaUoPlTTTT12abV1fS1lb+aOJvox8C5/TqVcDgf7Fx0p+1pY7Lf9mxVKqnGSnTqUnGcHGS0ad+/VH9s/wAJP+C6ngPxFaWtp400jTNGvGQI8j3kksAl2gMrK0ZCqMAEjAxlhknI+1tD/wCCkH7PvxKsFhe/8KXFxsCxQ/b0EgYkE+WW2kd+c56Z5zX8D2marA6RrCY2Mx2uWAHzA4GD94luCehPqCBXeaTrM9lKr2NxNaTeYoLw3MkaA4PIKtxgEnAX73Trz51DNvDjHVozxeR1sBOUuac8vxlSEIybjqoTbilq7JNJX08vyrMPo+eNuU0atLhjxOWPw9nGnhOIsrw+M5qelqc8RT5KsklZKcnJ7t33f9xOqa9+z78RRql0dN1V21uwudNv0sNZeS0MU6mOOWOITsFZAQVKDI5GOOPxg+Lf/BKvxD4q8U6lqfwj8YaTrel3huZ9P8Pa/ci3vLHfIZY4xcySeZI4cj5iqkkDAIAFfkT4d+Nfxe8Khbzw9421qxSJQdhvZZIgygEEq7gFcnBJ64x0zXp3w6/4KlfGzwh8QtP8OXqxeMr2J1RHnmaFy4OAEK53EcckY+brzX6jlHE3COV0pU8o4nrYZVYRVPDZrSqYmg52tGPNSnKULt2lJcuiSex/MnEXgd9IjK83hmuJ4VyPO5wqXrYrIK0MDiatN1Iyl+5xUPZTqaXUW1q3aWrP1Bu/hF8YfAfwt8E6r8XvCE/h/wAZeBtUk8GXerRsZtP8RaDBuTRrlLjdhpVUsrFyS4ULnjA4iPVbWCeSVUWCO5lQzyPlFgdXLeYcDAUg+hHGeeFHsVv/AMFBNI+P3ww1v4WeP/C+o6LrV/aw6jpF3c3hntV16x5jt4XZQyK+cBFODjpxivGrXS7XW47yC4OEms42mXJ4nUbW7DhiCDnBPPfp+I+MmVVc4yDF4xvC1rqc4VcHJzozhyxalFv36bl714SScb3aavf/AE9+iLxZnGMySGUcQZbmeV5vlFRYTEYbNqEaOIlFJcs48jlCpBR5YRqQk00m+rv5L8VvEOleJ9e0K68PRS37eDr+1vNWu4FcwD5l3OJVAUruABBPqG25Jr9QvhH8YNB8U678Djpt3FdajpWl3Gl65blVDWiXmEtMgDDbiCVJypO4DLZr431fwx4f8O/DXUYtH0u0tFu9JvEvpWjBkuXjUurO5AdmDlvmJJbjv09g/Yp8K6LHpXw58SLbltX17XLqwlZsSI1vpbb7ZYwTlCJCSzbQSDyDyB/m7xdho1+FM6oTVlQpVpXvs4RbXK91qlokt7LS5/fWW1FR4iwFeMfeq+z0glZXVk273snZN9dVuj9C/jX4bjl0+6mht2dHjkeQIoYBwGIOCucgjdtPJPpmvxE+OOh29xe3EcUUaXMZlEgaPYUwCFyeSScnOSclewGT/RJ4q01da0m4itZIRcmGbzomwcMu5SCM4yxHyjI68Akcfh9+1LoN34Z1K6lubSFV+0SFdiIWkJyTuBI+9kfdyCSSPU/kH0ds8xE8ficubqO2Il7O9+VxUopNNPu9bWt62P1Lj2nSxOSUsRNRUoU3Ga5U9VbVvWyejWmr3smflbr2gSpLcMWYAEjczfJlSAGBHTkAAYLd+f4fNLu0vEeVXRjGke1GUfKxGMg8fMMYwM/eBB7V9Krquh6zdz2lxtt7zzDi2kQBTJuKgbug6EgEjHbAHHL+JfC8cET3UMchG4l0jB2gqASeCMLkehUjjBHFf6L5V7RUacail8Cvfq7K2++6e7vdX2P5Rx1Oi5zdNq3PKyTSsk1pZ6K7W17rrqfPMNpeSO2UKp8u9VBJ6n7ucggAc4wPmOcY45rX7Vo723VZHDiXKxleQTydxH3VJzyM7Sfbj2WR4Yoj5paOVNzqwjA3H+7ycluQpzjndkEABfKdQvIW8R8ziQ4BKMg3YY4wvXJPT5QOo2k4xXp1Nlq4u9k1vZLZpO97pLaz5dNmePCnapDquZPfre+tmna/bfZaanR+G7m4tUYO4VE5ZQMhiTwRkYPGDwevbAJr42/bGj0/ybSW5mBuL5P3ERUIySDO1wTjG7oSC3VjznNfYCTRh28pvKQMnJUEsT1VgGLYx1xg4/EV8dftm+ENQ8YaDpOq6U5N3orMyxqAhmEabiDsOCcgnJOQc8ZxWEcK8VTq0U7TkrRur63V7K7ekXotF956VTFQwcY1XG8YSi5Rto+b3dnrZKW10le7uro4f9j/AEOa/wBe1bUjiOPToVgBUkgtwCN3dhuIxznkdRz+u+i6ZA2lfMmS0BGA2XDFTnIPOD05BwemCMD8l/2K9edfD3iSzni8i+tb9EuWZQMPjJXsQcnH0B7AEfpFp/i+ZLUQhwH2L865OARjcME7sA+xGN3QmuehhpYelGldtxk22lbW9mtraJK3otThq42lWqKrBNRm+17O6Uk/Lskm7LS638p8TfDs3HiCS/QZG8llkPVtxAAxu6ZyD2GQWyCK9R8J6Q2k20cUz7lDAOqyE4B74PIAHHIwcZx3NVLibUJpJDIJANxBY4csOcHcPzBPJwuecVa86YRNGFAlLfNgkAKMtk44BI9QeSFJzSnTcZxk+ZNppyadvs3Tspdlba69NHJppbNaaryS1ts++6d36n0D4R1CC3ZHTLiMkbSwKKoIO4qSR+PJyQR04+pvB/iO2MERWIBkI3bVG1g3RSBtYkcEMRjtkdD8EeF9SeG3RGdVcsQBycgEAlsdgT17jHevozwlqBWIMZmXBBY5O0jnAIycY5K54yvPHNeVmFFThO6bTT0TW/u92u17fnc1wtV06sLRs9OnW8WrXau9NGmulrq6PtiPWEuLMRxlWOzcA4AAbnkHHv0BGScYxkV0/gHxFeaJqNrqmnXDpc2NyjHbJtUAvlgASWYEg4xyO2cc/Peka8kcSxyTNkoHUlRjDDO053YXk5B6Eg/7NegeGNQaS/jCQqFk5OScuxYEDAON2AAV545OSK/CuPctpTwVaNZXhOEo2kr2bUbaO6aTSVrtbWbP2LhPH2q0kptO8YtO7dnyppK7STa21urq92mf0R+EofC37UH7NfiD4beOobfVNM8S+HbvRL2K4CsQZ7fZDcbXyQ0MpRgwYEbDhhur8Iv+Cetr4h/Y1/a4+Iv7HPxA+1yeC/GU2ox+FZb5mFhK0rSGxkslf5Q11G+w7MBvKJ6fMf1B/ZY8Y3um2UGnxwMrSBCY1J2iIBCflxxwTyASTgnOSD85f8FTfhF4h0m/+FH7W/w+3Wut/DzxRo3/AAlTQqWnfQ0uUBmlIAJit1ZyzE/LuOf4a/lDLMfOjWzPhqbXJUvPCzbaVLE0254aUUn7r5vcdtWpJPy+wr5bSwOYzqwbjRzGLqQin8M6ij7SKV18bV0raSV0fC/xy8Cf8KB/ay1/Q72OWK1v5n1DQpGBEb6dfzGSBNxJ8wEswznA4GAOuB+1BpdjqFtoXiZIxBOypbXxABjVFjRos/NgbyTx07ZJANfeX/BQ/wANeG/iD8Mvgj+01pTxTpqMGiaXe6jb4k86PU4YRBIZAdgWG4Ei8ndn0+7XyV8TPDFrr/wolhu5D9tQwGCfkjaIU8lz0BVhxnIz2JwK/tjwT4zeLwuQ4yrVk61H/YMYneLTptU3zrS10lJXS0ei6n5zxLl3tsPjI+zWqc46aupC3Paz3vF27p7tb/CEENtLL5QuYxAPmdgg5B+bjPzY28dDnAIGOstxb2skLRxiGWJG2vIV2NtJY4A78buegbnGOa5pbeW0uCiAmeEOjiQ8MVPZcjgqQy4A45ycjM/nXh8yNiqgncoR/lK8kLtz168MBk8AnIr+36U/b041Kc48skmne6s3F3vtd7tJt6bLVn4zKDUXTcOVxb91rbVK7urK616u/qQC3sIlb5ZAQxbc4BGM4JweSMAepIz3OKf5llM6fJuRFILoqqckdM9QOoJIxz1weKV5AhUs8c/zgEDccjnBIK5OPbHHrzxT+zRui7GePAKkOwUYUYJOcgA5Jx2z1wQK0TcYxTneT5VtfRODu9bJXu3qrrrcmMbJrkTemy8l06pNptrV3vdLbpSlkyCEw7iGLbztyoYcKWyTwSeOoLZOTXhnw70iCz8W+NbSTYZJdQEkaSAn9053EgHAAyQARkNwOOa9W2hI2jDAyMQEw5yMZBGevoVJYZyec4NeY3+PDfjKTWRFK1jqdnsuZc4WOaMkCR26Lz0wPmG0gECtKFdQqau/MtJOya291tXvZJd2r2738HOqE6ipVIJcsJKUkrrTRq9ulm2tdt3ub/jmG70pIX8NX/2K8WRvOiZgbeTknDA4C7uhIHr1JNeXy/EzxVpSNHrmhCbaQpubQ/eQBsS4GeGUdu7AZznHiHxe/ad0nSten0i1tIr+KyVVuriGT70oBwAB1dSOQSD1IIwFrj9G+P1h4uj+yyWk8ckZiVZEjzlWHCYAJk2kEYzx165K+JiuIcPDEVcPTxHLVTs0naLatotGk/OKWq1t1vCxpSpq7aaUWk1bVJWTe+lrrz83c+uNH+MGhMUW9e4s5GkG2GdGVXYHIJkAyCGG7jgDHPp5P8XvjjqOrX32BfFmoXAieMWWnm5kayhRFHlqQMq2SAAOSMEhhisW78WaZ9hT7Xp7y3MQUoJLQKCCAfvAYGMYJz6Zxk48O8QjRNRvHnS3mt7o7pcoCwz1AwMABfz5z0rKrjqrhaLjJ2jyyd27ckb3s/i5rpO1ktWu3vYWrVw8Z06VRJSSjo23blinflaSkpN2u2rbnq/iTTLvxh8J7rXLvTRcstysl3JCN2xUcL5gAyUcHLc4BUZ46j7L+AHxJ1fxV8BbPTLqGV7Pw9PJpKGPJ81YWVbdWxuIZUUA5yMgA8Gvkz4J6tqVzoviXwhdStJb39q0yxOisohZHVZVUk4cEg8DIClsDNehfsfavPpGvePfhde6iAr3s2q6VbS9J2hkK5RW2k5B3YAJ4xtGQK/ROCpQWYZbias5WxCdGonFNKcbcidpaptWvzJuXfr/AB39KLIK2d8F5uqVKdXFZdOGY0moJvk0VVXTu4tSd2le66WueyePbcWn2CaK3crKivJu3cOSCAw6ghgvGM5ByAeK82XVrtjNNCgMsbFWbOF2ZIKhRklsDJyMZXGCcV9E/FLTZ7/RboQ2rpc20Ik/d/dZo8mQLjPzHbyCABuIJGM18c3HiL7IscMpMUjcuFIJAUkEOpOc57HoMt1Ir6LxDyqdLFwxsKbjQr004tL3b2je0lo5O+2u55P0RuMo4zgVZPWqv61lOJqUaq2apylH2ej1SV2uzs0cp4/8f+M/D179unjZfDqeUEeJOBuwCrkgEZJJ6Doc55NaejfFbTr9LeGe/giN2IxCxKgjcMlXwSFYHBPzdSAPe5r+s6DrWiahpur3Vs0M8JPlnaScp8rAbsqyknGAT3wG5r85/GGuaN4C1DU9KtdYe9lvgbnTpgpC2bZOIy2cRgdSQeMYOMjH848R5ticnftJLnozeqk02pLbTpfbRaaO+5/X9LG1Pae5Vupa3fdNdPiTaVlra1m7WP0e8X3ltdeG9auywlhtbJ5PMhzksiFssy5wrAY4IHc8nNfnRoHhrxJ8afFF6unapLa2Ol6ffS4nYoFjtwx8qFyy5Zgp7llOfpXrvw0/aK0Ky8HW/hLxXLay/wBoW90sl6HSRpoXQqI5XflcZAVzyGztzwKzvAPxJ8EeEBFNpt3aRW91qN3FNb5QyyQTOx2+bkFg27IbcMbsAEcH42vmGFzqthqjqOlT0VSM2otSbjJ6t2tFt69del7GJxU7Xs3Kyuo2b1lF9b6pN6W/NH58eN9UvhrOo6Pc3jXEOlXJ082p3uymKXY0hBALnIzuIGTjOOK9p8SWfws0b4VaINGeWTxnq5glnuXwXgAGJY5Y/wCBACAAQSeg55P2hJ4B+BPir7Rrg0iN9Q1u5ZroQPEskOZFy+M8HnIbIIPc4IHN/EP9l74VvFpl74f1bUraV2WWcSsl0sasFLDy/MOxQowflwevzdK66XD9aUalSjUoVk4LlXtFzqMvh8rpO2nXfaxxRzCkk4z5oyjGN21davo927avTfo9D8zXjv4r6QGRZoljwmEBj3nGCADt3A8jntxyef6Hvg18QLpf2dPg34P1aC01H+zdE1XUba05WUStC21p16EKWUhmHQHjOK/M1P2S4dZN23h3WbrULKAxSXL20SnGxwzR/e3BuOgGSORnmvunRPETaH4d8LeGLTwmZZfDemf2QdTVHT7SjQsm+6cqBGwJJkBOS2Pvd/u+AMtxOXZjKriafKuROk788ef2i5XpzR91rq9+h04XN8NDEU3ConJSule0U4zVntry8ul1bRXWyXWf8EetQfTf29/E2ofZ7hbqTw541eBoGOHDqxa3kZeNmDsPPov09P8A+CyFvf6h8ePAus3uhXOjW974EsiOCqPvvZFMq4zuDkMSQCTn8awP+CM2ltqH/BQabRnWSOPVtE8VQXFu23Esc6jdHEzkFXO7arJzgr7rXsn/AAVz8JeNdV/a8vfBmq213a6To/hbS08KwXE/mLa6b52Nz8D5WkyeT8v1ya/X8whOGFx2GrWVWvlbxFKLSUnSdZrmV2m0pv3pPz3Vk/zrNM8+s8d4ampSadoOSS5Yz5ZS5W7r3nfvdq972Pyi+FelYl1J2LbY4iIZASM4fcuMEAHBAzweo5ya+w/Dd3JPpdiZXdI1CxeYw+ZMAghuvUfMPl7kgAnNcR4T+HMnhXT/ACrqNp5LlCWeMbhvxjPA4XngjgY546d1o2mpFEYmDps+by2+6755wOF2kDaTndnoTjA/n6th5xxMrp2ba0fLf3otK6v5vXo76WZ+04WvahSfNdtRvq1d+60tXs7X0V35HYKyPFJGLjOFYx4xywBB3ZIxj3GD0OQDWWmptHbrGvLIWD7idicZJHXkrzjpuwOtVpbSYNJ5KFSyZbcwBBx1UBtvTn5T1ySOAKw3Y2cQRlWSaZirK7E5Gc5BGAOozkZxjPueytHmasra79HFJJNJya8um+juae3i25aa/a1e1uml9Fvtv1udva6oJUIIKoFGZADhiSeuRjoMHng7Rmt9b10iVsiKFcHer87h8w3DAyp4Jx3Iz0GPNLa6kjVDuwrHBDANjpgYyDk8YwQfXitWTVrm3G42omgO0SNwNwGM5X5sEDHOGP021zTjeNtk0rabrRNeTfa6s+vfrwtdJ890np6L5rXZ91fW+qSPRLnxElxZoFlIYHEjEFUO1flHHGOBwCMg98Vv6HrRNqJi6GUxyKVy20KATkg9M/e7KeRjqD4+uoW91F8iSxIx5HIQEDIBG5flGBns3IGSWNaVnqEiq6ohlYwlc/MgbCn58DHAC4PJ9DyTjxcUlFyXIlayvFO19Etm9mndLRdD3sLjpNq9mtFbprZ20dr6rv3T0bO607WXGm6yYB1E0jvnKKqsyqY8MCD0BwO/XGRUdn4kkh061nlnBLoyHOTGo6ghTgjJweBkHgdq47QbuZ/DOtPgLOzyoFHOFBYnI2gg/NjnOOh6knAg06+u7W0uJZBgMu1FcmNVXJBZRnHTBBHJI5yM18viZtqbk7tWs27RS91u3VpX3avdXSZ72Erybja60ukrWXw66Jt637aNX0dju7vxFJPc2Zs5HVzLGrPvcZbIwxXoYyfU5APT5q960u4vdkUhnV2KqJgHGwFV5yM5OcnB744x1HzH9kD3NrKsTxRmaESOhIBKggADPyjC8hu5ySBXrEeuR6QTIQxAjVCkjD5gVABGScjAxjOBxwCM14FRq6d1K+26tqn1T0XZXv6antQxElHmlPSy5tbJJpatWtdbbK+rbWx9C6Pr7RXEVvLN8wjYoR0AODtc+vTGBzjgcV2UOshcOWDSbyCcgpsb3BYE8cjPPGD1A+Nrz4jR2TC7mjQAhBCFkA3ENnYQOrHI9eeuOa9C0jxlNqmyWDeivCjurKwABXOAcZIIIIIyD68nGU8Iq0eVxTkuWK01d0rPVJ2aWie97q+tuqnj3SinC7so8ur1vZ310vbTvbrY+jF16MSiPc4RckOhIXce7LzkAn7pOD94kcitpdYkm3tHMfM3KGRSBuUKCC2Bg9RjYTjp6ivBRqjSlWJeIAAyDJ2kfdyQCCDycjJGcEg/LXVabcNIu6GYlASQSxEmcAkHJzhjnIPUYwTXm4vJKdWDvFczuuVJLRKLu+rstdFtZdWerl2eVYpKU3FLS0Xq0lG7ab7Pa/lqmesJ4n+Yo8gwFXcSVXLAkbTgnJz8wycYOM5HEo8UrIjKJVLI5BXJxgA8Ank5B6+gBJ448nvZHkgkymyUEFXJO07c7Sx5PTpgE8gHkYHJ23iSG3meO6uWSVS4IZSQVAyuSwyOM49jyRyR8TmHC8Z3UYX3aVkopvltdNdHqtW907M+qwPEijKKdRu9vidt+W3zd79Fq9dT6OHjB1WMyTKAqgY3A5ByApIJwVySMk89uudS28YqzRsGYgjgA7iMDoCPl9T145ycZFfM8PiizuXEBnBOTIJBwrbTxg8/N0AwR/u88dhYanZCFYlugzHDEFsOvPzLuByBycYIyOT2NfDZjw0ouSdFu6ttezVk9Xo0t36rqkz7LAZ9Ko4yhWS1Td5Xulbz6W9Nr7H0Xa+JZC0eyYsWcsSzgkAqCeMcdAMdCeenJ3B4qk81V3HzDgDk4x0O4KGHTnJx6DBPHzrDr9tbhkWdSwZTncSW6fdPY+pPfkd8XIfFnmSHBH38Ag/OSp3AHPAyeCe6845r4bG8IRqfDRbv1Ubpuyfy116/5fX4biSMKaTrx0SStLd3V17r76a7ve7Vj6btvFDlgJcYYkBATkYxxg454B6+44wR43+0B8ZtX+Fnw31/xhoukXGs6jY28jWVjbBmkkuGyFaRYw7tGpxlSACCc5JBPLnxmI2TzLgbcHLHIbJI24xyBngjK9eQQAK5bXfH2mCO7t9SliuYpAuYrgo8CLnPmOJCVymMknPcA9MeJDgtUsTTqVMJ7aFOpBypyTSnFNXi5LVKVknZ3XXY7KvFCeFqwhjFSqODSqXS5LxVnrvrr/27bqfzWftU/tU+N/2gPHNh4g+InhlvCOt6Rpj6YloY5YWnswzFJikwRhvGCGIIPOcDk+1fsyeJ4JvAlsnmsTHcTLGVbJGV3beCGVQMBjg/3e9fNX7f3jSz8Z/HrxHf2K2iWujW8OmW8tmEjinAGWYLGqodhwMjnI56Zr5M8AfFvxZ4EnSXRr947eKX95ZySfupPVirHaCQQcggcD8f7B4SwdPDZPl0KeFjhYRw8FGgm3GmrR0SfvNry62d7n8a5/xHXo8R5jLE4l4uLxE4PENLmm04rmaTskkrO2lj91dW11XtEYkbETbsKrnJ4YnBzjt6H1zwPk74v3gOk3AjLbpYrgkk5H3Wb5j/ALy47nsfSuJ+Hf7SXhzxnAtjql0NJ1kKqNHctiK4kBwTEx+XLEHHTGRj0q18UNQN5ozzW8wdHbBdQCqqw2k98g544xjAIr6iUZQqKSW8Yq903o1Z6Xs9NVf8mcWIx1LGUJVoTUvdulfVNOLd9U1ay8r+p+X3i051C5LAnB65wQSQMYx09euTg1y1n8s0YbIBmiIPUj94uB+gJwCc44yK6XxVv/tO+XOWW5mVcrwE3krgZ7DgHAzx9K5S28w3UKcYNxEc9MfvF45HoOTjC8cHkVy1ZNuSbTtd37uyXvX30ST189T4evb27kv5ls2tdL9r9ns9bq+p+wXw/wDD2o6t4L0mWxu00/VNB0u21fTbxHKztJEgYQyOOWSTaysM9CAAea+gfB62nx30M+HtWs0g8RwSGKaynADXn2cmSa6sXIBzIqOx29SwPOMnxDwP4itPDvw6s5biFpfP0CKNpBuZ4/3YAbKjCqAc4xjoB3z3/wADvGujp4p8D6vp95bSajo/ieygdoyqtLbahKsMsckQI3hRIVywIOD0JOPG4ZzmWBx2LnKpKNKnKTsnZ6e87O6T+Ss9Otj79V3Rp4CjCHtI4iMFUpWurydO0mmnZrWzW9rn76/sz/sx/D/xZ+z1P8MNP8Vf2zYan5ctlca2vm6p4O16SE77OJpCZI7aOYKgXIG0nd7/AJKftF/Anxj8A/H134J8d2MsUsUjnS9T8pxYa5Yklobm1uGASRym3cgwwJGRnmv1V1DVtf8AgV4jsvHfgtZJ/C+ofZJfFGglQlo5mEchuomHywuc5EidyPWub/a0/bQ/ZN+N3w+1b4ffGKG90HxfpGk/2n4C1j7IkuoWesRwkw24vFy01pM67GVm2uGDFQM1NDivOp5xCrQrf2vkOLqKNWMJc1XAVOaz9oldxSabd7xdrpqR6/FfC+CxmTqbisFmWFpqpTc0oU8RCyai3HdvlsnZWla97s/BjWdFt737Sqx8cqY2KgEkEZVRndjJABGQcY7E+Wy+BoVlMvm4gUr50eSAqjPqcjbzt5zn/a4r2Hw7fQ+KZBc6aysbZ5VnhcbHZI3ISUxkHKsmMg8c9TjFbOq+DrvWIbmKJFtjMjpvU4YMBwcLkjGSNo4xngYIH6Rj8JRq4P2sZ2U480LWvryu69G7apPfrqfhmW5nPL8cotzi4StJK6TT5byS1V1dcystLeh7V+yj+05P8GNQi8Ia5qbaj4MvZo1jaScyvpbO4VCgLHbEpYFgCRkcYOK/d3QPGOm+JvD+n6rpl5Hqmm31orrNAyuGV1V0LbCQGwcEcYOcHjNfyo33wV8VWkgksXmklZslSXwyA5Yr2HQkE4HYBiRj7R/Zd/aP8c/BTV7fwj4zN5d+E7mVULXRdjp5LAFo92QI1JySW4PTmvlctzueCrrC4io/ZSfLGbak4N2abWum70/JXf73kee0sbQhDmXNyxtJtatqL5XpdNfe9Va+q/dbxFcSnTGMYYwusaO6gZt2z9x8juOpJB257cHkvDutXOjamlpl50nliaJmYsrR7skp94qx3EgjILDI71s+HfFmi+NNGXUdKvLa6stSgSRxEwbfGyBt645WRSfmBGc8kZAFceySaFq/lXRLWqNvsrgjdk/wLnOMAkHGSAc9eh/R6VWOIo8sHGUXBWmrbXi2rLo091Zp3T8/qE6sXCdJK1lbl3knJcyfom3ffZdU39CeO3sm8M3Gv2k5R9PgV5lQgPKdvKkgglgQexzjPTJr5p0/X9M8XwXEYMVzaXCNC/mhGa3kXAaMpnCncMrkrngDpzv6v4mnuoniWZ2trhts9qTlcqApZlywwSSQQMLkE5DAj4+8Qw+JPh34lbXdFae60G/nNxqVomQLcszfOig4AGCQyjAyOpIrx6uHlSfNH3oXlpr7ycldWdtlaz8tH0OfHKNW0lFSvo1to7KSasnfZ3utrb2Z7fZ3N/4D1xbe6SW48PX93GIZmJb7IA+SF67cZ7ZHA5AHP6geCtTsdS+H+kXOmeVLFtaIyKQQ4Iw6vjLBtpIPU9CMA1+c3hnXtD+I3h5IRJCbvyiZoyUMkUzLhZQOrbSAHUAEH34r2v4N65q/hT/iRzyy3GnJcuDGSWiTcoWOQL0Qu3QLxkZxwa5MS3OMIXsm4tSaala8Wrq1k0rp6ttHLhmqcZK91US31trHR6fFpd6vq7XaZ6P418MSXD/2zpqMNUt53eB1zlynKxvg8gkcAjOcc8kV4D8ddYs/GnwJ8caNq9uraxbWax3tpOAgVQXQTRg8lvvMQvJJ3Y6ivtO28i7s453C4kuCTjBXqpG4DuvGDjPbHp8c/tV+DZk8NSaxp7tAt6ywaituu0yx7zguFwD1OCcnnJPAU8lS/spNyb92zWrTTUXZq9rO/wArO26MXiKuFhUnSbs4uLW1vdi1or6Xa2aas+p/P7f/AAYuLeaS70e7n09WUSQCCZmwR820qCdpBYY6dSMcc8/Np/xL0JSLS8bUrfG0CeMs+8ZxkEcHnKnkY+ma+2r/AMF3MbyPZXrxfKCEmXcCcZbGWOFA+U4GMH8Dz7aXrdtEUms4ryFzjdEF39Tzg46dMdjjohr5+caLd+RxlZL3bNXdltra9neN7uz00OSlnFdJc173v6q6T301vbv06nx/F8Q/FulEw654eZtiHe6hlBDA8r/COASNx64OMnFWLT4saRc7Emb+yzG6nZMxwzMflDEnAycHnjnocmvpa90mznSVLzSmG/KN50AZQACS2dvygYzklgOenFee6x8JfCeqZm+x26MXGNh8vPUEkYGD1x25xgDNZ/V2npNLZKLurK8E7K7jb0taz7HTPOY1Ie9SpzbSTuo35dNns9b90mY1l4n02/ijmS8tLkz/ACsm5QByQ20Mw6jvnv7jN2S20+VMrG6Enb5sbHADZJ5BAI+bBxnuOtcFq3wHaKRpdJ1G5syQTGiliqkHcAWU57D5sc9O3PH3Hhj4ieH2MNtqEt6sfzKrb3DY+bGCM5IwoB455z0rWM61JWUrpqL0u1Zcu+lu22z2628qtHL8RpOjFKS1SSa15dtHv5u99+x7NdaTGyNHDdiRztOyTBUggDndlW9gcL8o9seI+OdOtLfxJ4UtNT0Wwvo7ueWPe0YRXDkgKSBwV3DPcYyc9as2vjrxVpxEOraO9wqMGaVIyuOSoG4KOcD3xwc44HD+PfHGm3+seFL6WO7tVstRxMrBh5cRY73AOfqpAP4kVvTx1eknJc3MnG0tEk0o6X3V38/uZ83mXD+U10nZRUpQSVls5R5tndqz735VZLZHa6n8HPCmo+YLewvNNuj8zSWcjSQKSQQQnTAHXGc84yeK5O9+BmqW4X+xfEsUrEFhBeJ5ZAx90tgnJ7kkcZ79fadL8f8Ah6WBVtdVt2baojSYAMUwAVYk5PQ4Jxxx16djba1pFwEDtA8pQsdhRt4J5yc5zweCvfIwzDPVS4jq02lLnTv1fu391at6Jr1u9GjzMX4XZXi4e0w843kr6aauz6Xa1fX57q3xrf8AgP4i6VIxbTRfRIuN9g+9mCgEtgEsBnHG3Oe5wAOWk1vWNKlZb/Tr6zcLsJkglw3b5+AMfe+cEdieSMfe/l6a5kktZ3tmIwiOSSWbk85IyTjJwM4yQRk1i3+ix3ZKXMNneqVO6O5hicYLA8PgHsMgnn1GMD2qPEcakoKVryVmr3Wy1WlrvTrt30b+GzLwprUFKVC7vJNNJt/ZXTv6PdPZO/xfY+N7d2CuwLfMzCRlVgcgnaDjKDjrkgr8pzg1tDXNNuEIIVyxzn5CRyOvJYccEdDtPY5Ht+s/DHwjej9/4fW3kkY/vLFhGOW6hV4yWye+PlHYivOdQ+B2j+YzaVrF5poyT5dyjOoYHg7zjuBjGMdMYxnup5zRkrOSV9EnbSLsraWSa26Leztc+RxHAebYZx5abkl2Td9lpe617aLp2RwN7La3EJaH92Sdp+bBG0nbuGSTuOO2COQBnNeQeL1uoPD+uTW5kWRdgVomIJGRkcYBPA7E49+a9nvfg/40tnLadf2Wpxjc6bZQrtgYxtO0Ele3cjA7Z4rxX4T8YaZ4f1RdV0W9VSiKssab4mY8ZYqehPpjrjPOC6tSjXpzfNBvlvfd6qO3VWVuur0vuzjpZXmeArJyo1IpSSuk7a8u9l0XZb6aN3Nj4deMNTi8P6LDdaZ59ubRFkmkQ+YMAjPTJ2jJyMd+dwr2O01vSncSadf3VpP8xMKXDLgkc5jbjGQRjPQY6AGvEPBviqO107T7S+tJbaWKBYpDNAyRhFBUdQASQByWbqwz3PVX17od0GntZo1lAwHj+Rw7YyCufmyPlXkZ4JODgcrwlNxjKL5WktlbeMVey9Vs9LebO6Ga4ujNwlGTinurvT3XfXWzsvTbzPYYvGWsWUZjW4t7+MnOJo1D54wN/wB7cMjnGCOB3Nbun/ErSIoJLfVfDrSNKrEzxzOxjI4VtvGFyQcbj129Dx41ZX1u0McTy+YxUENxl9pwMk7iCAM4B6Hn20YJYJflVh5hyACQAQCQcn73JB/hII6jFJYWoqcoqTUeivve2yVreT38tGdlHiGMZcsnHV2tJJ2201X3bvW19z3PTPEHg/Uigk1NrOYLhUuIsR8jkHI+6M47DIPAyd1ibRNP1CZFt7rSrqIhn8yF1gkw2W2kqQSfzGNuM4zXharBb4mRjuX5drqWBYnoueeRn0wBzjgG3DKqsr5aJuqtHIyrhvUEqct0A7dj3rm9jiqSag6lr3STat8LWqafTRJvXrbV7/2nl2LvDE0MNUvZNypwb+zfVprRO26d3rpo/ZV0TVdJvIZLK51S0JbKtpt7IynB+UlFba2QBuBBGADzXVWPxC+KOgOFsPGN8AHKxx6j5odsArhWZlPyjox9cgDJJ8Xtdc1K3aKS11S5V0GAJSzJtByBz1AOcD9SBgXLvxfq8iBr77NeBANu9drdfUHnPB5PI68162D4m4ly1Rjg8yx2HjFbQxFRRt7ujV0rN3e1rWTPl808N/DPiVVZZvwvkmMdS95V8vwtWTTtdOTp82+z7Wejsez3Hjjx/wDFTWLe08QX8mrHQrYrp8N1cvOltu/1jwiQttjcgFlyozjLd6tSaVLbrKbvSpo2Vv8AWRBgm7HLEr1UhSfTqc9q4T4V6wZfF8sscDQXF5YAPGPmQcknaTtHRSOAD6Dkk/X0cPmQRJsLeaqlw6qQG4OATgsM5BwMc/WvPzHMcXmmIljMZWlXxNT+JVqN3k1GCSk7K9o6XaW2urPvuEuGsl4XyfDZNkGDo5dlmE5lhcJhaap0aUZTUmoxi1FJuTlKytq/I+e7d7gBktbuaPYfuvMyhc9BhuowSDg7uODxg9PY65r1oVzMs5ix5YlUONvThwTkjjBO4gADksAfQr3w3ps29pLe3LkElUUKWIOVJwevGCG6D5vlGKzR4LgcK1vLc2uWBCo5dTuHTYT8uMjHJGDwAea8idOFm29W3qkklFWd9Ld0nzKOvTY+qgqkXo2/dV7tvtbaS18/J6Elp44nRN11ZRysBiSNHZdwAGSAdoyOucY5yRxWpZeNLR22tbz2SSMpJYbwB3yBzngDoO/uK5K58J6pCZTBNHOFwR5sZRwBnGCMk8Y446ck8tVJ9O1SFRLPp021QSDbZcMB32H+915HQ/XPn1IR5fd3vok77W1bumtr9uiNIVajUo3Td/5rttKKd+bVaX12fRrS/stt4k0yVkWS5RBkbNwB35GPnyuM87QeRkYPetcXulM0nk3sGCcvjAIB5BT5scZxg5wAMZ6jwH+0YtyLOksAUY/f25DY5GMrnGePmBPbGakXU7XbKI7qB8EDOWSQLnkcnqcHg9hxisvZtxXvSvdK8UnbZW36db3stl1e1Oc170kpNtNOK1typNbNdb3V1Y9dvPsjtITMNkhUDbIcMQcfON2Rk4I4GTx25/N39psxx/E28THB0O35HT7gHUg/NnJ5wAcnPBz9Xya4YpCjEgGRNmJN8bAEYJw/3T14PI7AYA+H/wBoTWTqfxHupCy7E0iBGYHIDBcduudp4OORyMGkqfLJRUr2Wj2vbV3679PTvcjEyi6ba+JWXlq+mm9trxXTfc+Ob+JZNRv2bay7+ASSM7iMepIxjOM5JzxxXSeF/iL4i8G3SRwXAv8ASshJtIu2L27xggSLGWJMRIycqGIPQcVz14rNql3sLeWJA2QeGGBgNtPI5JAORkDcMqKxbuHfcEMhQh8sASAMHO4lc4z0IweT1ya+lw1J+zi5VVfSy35naOjutls3e+9le58Li5ypVJcrb95Pa1l7uqv93xK7eiZ9aafa+BviegvPC1xDoXiRlWW50W5dY0nm2nctvvKq5LDgAfMDuwGzXnPi74d3r3aWGqWMun3dvMAszowgfcANwOFUoc5IDcjkNjArynSvOt5be7hkltri3lDQXFvI6So+coykHcSpHUg445xzX6H/AAr1l/E3hRX+ItpDrejWzJanVlVXv4Hb5RI5xvkVRxnp6Z6Hom3aHIuaej91aW0aWlm7PddN+zOWjShj5+z9m3Ueidou7tHy1ta61u9db7fnfrXw3vNMuXjkRnBTzIZUUCOQEHJHQDcMgcemB92t74Z6fLbeIxDh0dLGYEsvIJVskY4YADk9Dg/Wv0E8XfCS31LR5dQ8OJa6rpYDvbPCVNykXJMbIpZldR93JHIx/dA+Y9N8NHSPEgZY/mNpKjrIoWSIjIKuvALA5G7r3PHXjr4mpKlUg04qUb63ta8bpr1utUtLWvuXTy2WHxdFpNJSWtmvtRSXfyXVaaGmmQIiMbg6c8D/AJaHJHQE88Z/i654x7do8waMuWVi1uqYcgEKI0cNgg4LEHAwfvcd1Pjc0UaxpsIJeQkL0y4YgLwPQDcCOckkEdO4tbm5sYYrmWJWiuEjD7JC+xVxuIwBjI4weM5x2ryKEVJNtptNaaqS2S2T0vtvfy1PqadlLmaaSUU03aKty6Rtb5311Vlo0fSH7ak9tcfDH9m/z8PAui3H2i3jyPMSKRvMGCTyyZHGcjsOBXyafg/8P/iRo323wHqcVrrKW4W98O30qi63jAb7NkruZjkoUySGwcYIP0N+2JqMd18KP2driEBE/sm+BUk7gCXUAk+vXaASFGT6V+Yeoa5qukaiuqaRf3WnXlhIrw3FtNIkilW3KTgjONuTkY654rvw83CChKN1dta2vZpqz9LWt5JW68+YzpKs+ZKS5Yq9k72UVa+t+jWvS2remv4m+F2v+ENUktrqxuwFlTzN8DRyoqtySrAfKMY3KSMdfQ9vpEzxW6xKxGNgZXGcHb94FvmzgngdDwB/FXsfw6/aZ8KeLYLLwl8a9Miusxi3t/F9tGBcwqVCKLraoLAgqWcgk8sSec+k+Kf2fUezk8VfC/V7PxV4fki+0i0tpUluIY2G4hADksM8qwXBOAOedknNfuleyTcW03snZ6vReVvvSPDxGCp4mnaCUlfWL1aSaWqdu+qdl02sl4LFrVxaMBExxtUbCAoPQ7iTjjnHHbqQeuV4i1Ga/XFwXOGXy9hwVP8ACNwwdoGSOvGeMbmpl7BeWEkkN9DJaTIxje3uUMUqMDjoygnHbHGMZPc89qc0hddzEqGXGAeQQc56gZ44BGOec5FeFjMbiaMk6cpxkmkmm1J3slrHr001urPoGByTBTbhVo03Fpc0Z0oWle26afw36rRrXUyZrWRoijOxDv1MsjHbzkcFhgcY5ABPTqa4rVrfZrUcPnZVrf5SSTtABG0sSN2e/Ax93GQa7y2uD55R0JVclVGerE8liPQ8j3xng54fxO0aa7ERji3IIJBPQ4AHf5h1JGCAuDnNZYXMMZiK/JUnKb5ZP35yvfTrJ7229F2PTxOU4LCYaMqFClTacYrlpxhbWKt7qSe+7Wn4uXRdU1jQNSS60O/udNvE2OlxaTvGcL3IUhSM4J3AHAwOlfbHgT9pe+ubGDw38U/D1v4u0iYeV/ayxD7dCpGNzgqxkKKWOScEgZIxx8L2+owRXEDhDyFVjtzzkLnOckc4HYcHtXv/AIPtYLiJHUDYjYUbVLNkZHc8HPXIPI6gZrrnmOKwKU4PmUvds9VZ2era3tbVWdzbA4CjjJezloraKWt37rTt6v7+q6fVeqfA/wAI/ECwn1n4PeILR7koZn0C7lVZ1J+ZoQkmCGBO0BFYcgZ6Z+UfFng7WvC9xJpviXRb3SbiNpCzywMkMhDEApIflYMfU5KnbjFen6WLzSb+2vdEv7jSL9JY9t1ZyPAWI5I2q4Ugn7wOdwPWvprSvjX4U8QrD4K+NXhxNdDkwwa9DAouFXCosk2MMzYJYufmyAfmIr6bKc3xeLwc68aTdKlJRqyTV1JqLbXN03318z5rPOGcqeL9jWhCFepGXs5KEVzfCr6bu7XS+2tt/wAwNctttvcBMSKtu7KcjMZxnJwQewyo6cr0NeNpCZLZmI3MJSpGQB6kLtB6KMZ9zjoK/U34mfsz+EtatNR1f4VeJLS4spoZJBpV1KEnQlQzKGY7tqk7cD0HOCDXwDqfw18VaA01nfadJmGR2M0MfmRlckfI4JLEgZY/VsjgD0cfXWLp0JU5e0k176V7qyi7WfZaX/HqfN5fkNXJ62IjJy9lUknB66JWd7PXonopbaNakfguArpTzGMl1dm2nldoxuJ3Y4A+83175NahkgyZZEBI3nagAIzklcKN3bgbeMfhVvSbLVV0mO3ttNuflJjZkicO6sPmYqAdpZhg5yScHoa52Vb+zkZbiwuIdpcGSWJ+Bn+IMvIxg4zkdCDzj5fE05KorcztbmumraLr+Fv82faYP2f1f3pJtKOj1u7J3emrvra7s7t6p34fxlePc3+Fi8vy0VUwAfkwRgp6dumCRgKQ2BxBJkcIAD3JK4xjIxjJDcgFecjHc11PiLfJeySIzgBVUkjk9M4AIOMjpjPzdcgGueEDKwUHJ+9jacg4OQCeQ3TOe/y+orrppRUbxvok07O10tbJ9G9GtHZXvzNnk14Lnm27Jys0uui33TV2u2ytrZjoVDKx2sASOpwPl6crnkDsT6duarXsRW3mIU48uQllJIII6dRzjPGWxgYPTNxmOMYJJ524I6j7vPOPcAnAPXgVDeeZJBMMsdtuxIxxgA5yRg8dQCGJzxnqNlLW63080nZaXWn3NaaHFFRU09bJre1lJOK5k+bre1rdfNHO6KpNuAHATe5HXBIByDjp6cH64NdZblwMN8uQSQOpB6HbnrjHX14Fc7oal7YAA8uzHjGMHA65JGcYOM8tn72a33kYgMVYKvViDuJBAwoAzgkgAk427hyMZqjNON21f5b7brtvu1fpuY43Stda2a5d1u47O13stFq7Ws3dGh5jFMNhlHU7ef4eQM9cHsTyOikjM2EAyFYfLxnOecjk4AzkD5Rn5T34AzvNYkEFsADqDtBYE5ySOMduox0HdwuCQQx+U8YBK5xyck+4B7DPTPGdNOmrukm7Oy92yW2l0la93o1c5+dNa30tZyf+G1lvaV76tu620saKQr8vzGTjB524BA429AvPI6D1I5pxU/MoZi64QBmIHHXbxgjnA4AHGTgiqkdwQGBGTuGCSCTjOPxAUcjrxn1pzTEByHOVO4ggZJ5wRgEEe2cAAZHaqSUnZu3N2Vn523/LRX+eO1mlr3ur20bXdvd6Xu1ulqXk+RD945GGLAHJDcAZ5AxweOcHGMjFaaFSMkZ3AthSAeccAZGCDjcTyQRzngMWZ8oxIHtkEKDjPptOCeAO+05NPaUMWA7HaSAOc8/dzxnHU+hwAvTGVNJbcy+63w93trbRq9nbRHTRr23bu1Zd18Pm9nrZaaN21RwPieJYjYleC8oLEHkh2BxnGAQOvfJBxWva2s0MYMMrqSiltkjjcxAxypA47jIPOBgE1U8UBSlkOD/pIPzE8jcM5IB5HJHrkcHpXWaa1u0AUgqmFByOBhcEDcQcH+FuccAgVkowbk3FN6atX3tumrpeb1u9ep3yxMo0qcoy5E9Hbyt+N+rWmz2VrOneIPEemBWs9U1K2kiKlDHdS4OPqeQfQA9OnXHp+g/Hb4o6GYxaeKLwhSPluJTL93sNxxj5RkA9cetecmBPlcP8pztySRjIIJPuvcHvjpioT5WZUkUFiQAQuOBgtkn5QD9eCM7RzifYRa92FrtJWvd7a/NdH3uraijja0dfaXj1d7O3u9nqm3qpb7JNKx9X6P8AtifEmyCrqdtpmqquFZZ4lYsFJByWVgSSOcY/qOwg/aq8FazlfGHw+0+7kcYeSGJQBu/1jAqgAIIBIGep618LZ2hlQAISMbeu0eh4+Y+xwR1xSBc4cF1GCXL4YNjdgEHufTnqdrAAGo+r1Uko1JJXV7+q0V767LRK3WzZtTzWXOuezSs3dXvblXz3s136Xen3ofEv7K/iqPOpaTLok9xkt9nBQRtzgjtgN0xuGcdxgw/8KQ+AviqMyeHfiBBprsQIYbmWNRksdu8swUY5J68cjjIr4QNurDcVOGGVwcYJHORwQAD0O3b1HYU394rDyZpYnQjISaRVyTnPVVJPJ3DHPTg0J4qNv3jktrN73Ste9+3Lr+Tuu5Y3C1FFToU5XSt7qWlkrvqnvotGultT7Iv/ANknWd7P4b8W6Jq0OC0CJdwF2A4XhWIJJ/iznAHTlT4V48/Zy+KenCGH+wm1D9/uD2eJd+1gScgvnqCQTjnHPOOCsvE3ijS2U6dr2pW2w5DR3UwUYKkALuIIGehLeh9V2rj9oH4seGhZSQeKLq5SORQEuGabJBAILSDJU9OSvQccVE8RiLe8k4NLa6slZdk9WntZaXvqTSeXyqJxpuE27+615LTp899er1MWbwD4z0ZSL7w1qVu0KKrF7eUA7flJb5dpPy/LzkDIPTnLlivbZT9osJYmA2nfC6DDYyckZGOh6AAZxhuPovRv2u/HE8cJ1vSdG1WNIwJVmtYt0gK5BztIBPOc5OT6ZruNO/aM+GuqF18W/DazkNwRlrONBgkjcc7Qc8ZHBPHqAtVDGS91Si0ul2n97te17r1vZ7sKuAwdZtqrZ3+1FNP4fJ6vr17W1v8AGa3DYKkBdnOG/vdvnAB57n+HPT+EzLKxOdynaNy4PJJHBzz3HK4BAOMnnP26l9+yp4oDNPb3/h+5uMhgFISPk4Od20cbsYxkHqMYD2+AHwX8RRed4Y+JVlaPJ/qoLqVVYdlDbm4JOATjHAA4rqhjKNlzNqTasuivZdE+qT6O2jukcE8ilJp0q0JxtpFSSey11Vk2+mnmkfEaP1BGC2Bu65BJ5HzHCnvkjaTkgDrOAqopIbGTyTnA/ix0JGO7ZOe2OK+tdR/ZH10BpdB8U6Jq6Fcxxx3cQZlI4HDYyemARjuMghvPNU/Zu+K2koSdGkvEjGD9lKyhh7EdM89epJ5BwBtCvTn8M1ZvS1laTs+tlZ9E9lp1bfK8pxML+5Ju/utWcUtO12737rRtXPEzEkYypyDlgGPPIx19WBG3IHPWvV/gjbmf4haYgQSgBnZQAuABuJyR1BGc5IA69643Ufh/430gst74f1GEocEm2cgHgFSABjg9euCV4AG70f4CQ3Nl8SrJb63niYW0wAmhdMsIj8rBl4OW4PzEEEnHe/a3jJJppbtapW3uvP0T6GuDwdWliKM3BxtJOXuvW/Ld7PW2lle1tNXY6b4oWIXxvOyMAn2mPCluFJXnkYOcnA9sjHetfSbcxKjZL54BI+9kHIBA9uOR3wOoLPinZXdt43QXFo8Eks4uFV0OHtyMqwOQMbSRwfvHAzjNWtJ1K33qjHcIxnIGXQk+hG3jqMHHOOK4KsueSd3ol6LZJJeez0utVfU+uwEIqdS6tqnokryTVk1u073+XkdBDFiMSNgOXAMbLyAByu0HGcHCnn/dxyNFURNrAAsSxEbhfmHTGAQck554Hp0FJb3FpNEmGUorf6zI3EjqW5PQ5GQecEcE5F5bi1D4DbxwA64G1mODliR34znIzkjsOVxd927p9d3dN6Ls1tbRXtpc9hJJuzXS8ldX2Wz2bSV9LJaaJsqJH0cn95kgqSNoXqBgevTj+Ik49L8LiFBGHCODlifmwG4CryOBlSfQn1p0kcKlVTLEuOWIwWYMTyMYHI5Occ9M4DxZkOWwnRcgkY2nnCjgccc5/wAKcYS3abbSV7Wba5fLRv5+emqL3a3fWyv00016Lb7rWQ6N5o1bLjAz3yDuI5AzkcdcdPQ851IWOGVGUqehJDOCBg4J6cE4HHpzVGSFoiXIDrhF2dhuHGOp28cHac8dMUsYcRtEiKrsN+STlQDzg9hj6ZOMYwMPRuN7dXu7rSKk9pLV/wA1vu0KcotWV297Xd3tfe6dvPTyRT1GfKMrOThiAXHGSSNpPT7oCkc9egJyfF/EMTS3sUgBUMki/IMqzYYBuoBUjk4wMg98mvWtSQxApIpePaWRup3MCvXjcORn05JHNeQ620q3MIIdQXk2gHJOVbr0GPXnPAxkHjopuSejur3sk21a2u+zsndtLRs8jGSbXvRatbVJq+sWm76O19LXtfz07r4X6NJqng/VQYCYYZb1zLjZh0HC5HHJ6jI5B78H4k8TxG31W6K7kZb26HBxkqxAU9eQT27nGOtfpB8CJV/4Vj4uV15Wa+w20Bt4Vio3dh1wM8k5HNfm14ymddWuATkPe3rMMk8+YcjkZ5IG4cAg84OAXKTm2nqk0tVtfl0d+umurvra3TzsVTth6U4tpyW/ZpwWnW9r9OunRFe1v7qBcGaUbQCQGY53AYO08YGRkcAcZ9a37XxHqkMewShlUghDxgMTznnGeMAHsCcDiuHhuN7KWGcqCSB94cgqwA/Fhk8Hg85rZVlZQcMSOqjOAB+J4J44GAT1zVfVqc4Pmp3e6bitNI3emr73urPZOyv4ixdWlNpSlFptPe0tuq0t30+eunbDxlcEqrRQkhFViQP++DhSOcZGcEgLjGBnUt/FFm4SOS3KKSCzxsVOQeB1zx69cAjB5I82iwyuWXDbgP8AdHHXO3JAGAckgcjJwTci242LkbiCTnGGHO7OM5x17HAz0Oc1gKK5XzOK0ejaetkvtWutbyV0rvoP+1Ki3aktHZ20vZ2Tett1dW08rno3/CSxxOTBeXUJAPKuSFDE7cjpnoWIAyevQGur0r4g63YoDba9cowOABI+0AcjPJPAGCPy5NeIKzMrBQAd2GIOD2Oec49MjvzU8crRBEQggsXOW5Vh1H3cZHQc46cqKiWDqa8lSVk9L37x846aPa99u1toZu1q072s7tJt+6nu7aa666aXtqfUln8cfF9qURNWinVAFKyMQCerEg/wjnGOBjuFwOqi/aA1kIrX2nQXoHHMpyeoG0ADblgOvY45r42S5KyAFvvbmIBLMCCR8oJA24HIU8DkAYxVg3dxGu9JvmJ3KGJwVPGMHkHoR3PrzkJUMTS5ZKo5Wkrba2t0Xy00fnodkMzhLd8t0tG3ZXUdldX0urtu7ur6JL750j9oTT4UjjuLG7hSQEusdw2EYZDMvzEe23BAxjB6DuPD/wAcdA1KcH7UsSKWTytQgjni34xucuDkYGDyM9TnjP5gXOu30QO1sKVJchiAR0PXIznBwDyOvJJq74Y8VPIXhe4dR5hLOwJwB2Y5ByCMDjjORnoW8TjKfwq7bts9b8t7au76LQ7KeKoVGr2St8XKntZdU7/e+x+vieKfA2uBhdaX4T1F3VUbZDDE5J7j0BGB1GSTjAAAq3vw9+FmqoZW8Oi3fblZdNvEjKM2BgKp+br0AxgdTgmvzYs9dUSqYJp4zuDM0czKxI6EDIA9z8wHt36eHxvrtq6C21a/QschHuH2noBltxHI9ODwAcUoY+q7e1p1L3T0uldtXbVu2q/pGnPhXu6ck38Ktq/cvtZLrtvrZaWf2nqXwC8E3jxtZ6nquno6n5bqIXMYZiDtVsk4GccE+owQCec1H9m55dMu7DTdc0W+hZSwjukW3mAIyAB1Dc5bOcnkAYr58svjN40s2iWPUJpI4NpKuwkJ29eWHIO0nd14zyea7nT/ANorW03vqFlBeAjHmSIEbAwMHBPGTx688jiumOPgnzSTu0k7xvolHrZ38rv8yHDCS2aWq0UtFtffRq6023XY8+8TfsqeObZmaz0Sz1CBcyJLp07MxQgkKB0BHBIw2eARxkeG6n8HfFWktMuoeGdVgEbHDG3lbHQHDKrZwTnkZIxkkDNfeWk/tE6UqxrdQ3ts8gKnybiQxgMGJGDtAUHG0DjJ2j+HHoGmfG3wzex+WdThCy8GLUbaOYj6uVBUAHJJGfpxWrr4Soopwir6+q91tWSet9vK9upKw0G041b3S30batuknvq7Ja9X2/JG+8G3VtI5aK4Qq4ASaKSJic9BuABA6EcDDcnGanFjBbW3kxiVbyVkD8k4IHYhQVPfnnoecV+u02q/DfxBGDqOjeGNRMj/AOsRIIpm3cEjKgAnA5/GuN1j4UfBXXZmkbSrjSWwzJJZTB49x5JwhYEA9u2cnP3qPYYWorwlGLaWis1dpJu6tZ6fgtNDOdGpD3bp2b101+bS/J/jd/lvAJ45Z5NsquikK4DEHOPvZwD0bjHOct2q5oV5eL4htJMqskZKo7rtQtjqxPXgjOME5BPPJ/QW4/Zm8D3kbPo3jBbVmLMkV7GQqBSQFO4j8zwOc9sYo/ZR1aK7ivrXUtD1aEBmCrOsTOhPQqAfujBGeo69RVLBwUouEqbfM5bX7O9r91bqttNzica1+VxlNtpbpc11t012fe6WttF+TRPygYyV6YwB8wGT1DEevcH15p8agkE84wcEgdMAg8ehySMnA6d6RYyGyQSRg46HAbb1546EEHA578VcjT72wDKgBt4z8uTwAcHt1xjg8DpXgRi7trpr67Wvy2u99+973udG2mr3vot9OnVO9/K9uxbS/USFpxujVcGNSVV8AY+UenHPIPPHY1JbgOhKg7TJlVBxtHUAjnoDn3985NSVg7nBBO4cqwAYHjAyMdAQfT8izHUfMiYAAyW4PB+bHP3iTnPXA7dBWl3Lm5n030Wt13te9tt+vRmapxX2bN3vayX2dbX3b0t6tWbsStMDI3GGHORxlmUglQMkcYOCckk8dKjkkYBY1OeuSWyOvUnqOu7p1OcEg5rDO8gDOMtjOQSOQec47ZJPPQ4zinDJ4IAA56447c9AB346jHqKTvZW0s7e6t9ndvd3evlrayStolbz/pa+umnr80u5juwdoPP3jzt7ZwMe2cEemaQliRnJOOMA45B6jJPQA8f4CnEDsc+vbH+I/wDrZwcUn0yCMc+vJPHf29Ae4qU0tf8At5bWtaPdNXu0tV080Oy+7T+nv0Xk18i3bW01w/lpG0ruQNgVgeCTnjjIJ6/KO3bFazRyWkRtpi0JU5kyoznOQAcFj6kfQ9KqafqE1gd8WFZwVZz15LcDsT26ndnAHAqpfXMs0zySMzFznczZbp34OeGyOfTnoK0UrPfTR2StZ+7rJK6Sa3snzXWhhOm5SSdmk+q2aSvpotLd9nbdDmLvI5HKgcSbiAVUHGB0x1AAAJxwOOY9xC5PAY4Ylup43Y9iDg5znIyOoquruv3WI+UjAwARnAHJ6cE4wOeC2ckIuQRg/dzwScDuOhAGM4HscU18OjtforfFeOur9Lqy7bWb2inZXs7Lp5WtbVtv0vfUu+cgVFUHg7t54wCcHjP8Q4x9cZ7KkhALN6Fc7jlc7goO7Ock85AHckA5qsrfO5BJwCWJ5I6Buox97gZxkd6aWXZjDdeTk9ME4zz1OT0HPTmob11lra62Wt0tLb9r915aFtdlZvpba3W6Wml9L7v1LovZI08tDgbCpwB908csCTnkggt68cg1FkyMgZsAAAKAMHJzz6jnGcdCM9gKe4H9enXjk9wMAY6HGO3FTRud2SM+o9BnGR6ds5B78DJFCSVtleyjbRO9r369vntto7/0/wCvxWh9HeEPFXgvwD4H1Ex6ZDqvjnXY5LRJLhQ9rplm/AkiG0gTMDnd94EkgZJrZ/Zw8feG/BPxj8IeMPGGkPr3h/RNbtNT1XQ4JfIbVoLe4WaSzklwcRzAFHBzuU4BGePmIu5VWZj94AAnOEPRQMe/b6fXtPCUAudSs0UKqtOiENkFzvUAZ6kMeTyTgntxXmYjB0vYYpSlKXtoy55OVmlKKVotfCknpbbfR7dNKtKNWi4Jc0JxaS6tNWdvltqvzP7BdX/4Ld+Pr3QJpv2bfgl8KfgxodtaWuiadcw6JYajr8uyFYFdJHhEvnttzvyW34IbGCvyN8Y/2vv2v/2iPAXiAfED4y+M7XRLKF7S+0y2vJdKsp57iN3W3+yQyqEhC8A9kyDwCBzfwV+CK+FP2VfEvxmi+F+q+K4vDdxpd3P4gjRm0TTLiYL5cU0hAUkOQzEFgD1B7fN/gbU/GPxR8Z+MtK0vRtR1eK8trnXbrR7Nnayslt4GZ5bllOwRxAdTjOAMAgk/idDM6GJr5h9TqwjRyjFewnUnU5ubkcLx0l8TskpOKbfd7/qeIwVahhsF7dP2uY0OeMaUZc0eaN03Llk03peKlpfr1/MvxTbX0OrXsd5etcToz+Y7ztJJI7v1d2JMj85YseehwcVytrdPDNsktY7hjG6orRKy5YYBLHucKCSAOFHIrp/iIl3Hrur+ZaPayW+q3EcnmKQ2UlYEHPKqpG1Rkr1we9edyXkwl8xMk7CgONqrheRx3B4zjIHTBxn9lwcuehRclq6cG3dLRxjbdp6K9rLqrrc/JsTGrGvUg3KKjNr3o30TS0TSalo7p3s+mlxLiw1K7kkkjjhQlzlI9oSNQ2SSf4cZyM+4zxXceG9C0yW70xdRvra3t5LiOO5dk3zAkgb5G6LCmOe2AexFedxyXbu8UbuC28nYzDcCAfnONxz0OfT3ArRszJasDIzZ2DCk5LdVbJ7DKj8WPIGa658zi+WXK2lZ2Tado20avKy3uc8U4tcz5l7t7p2upKXRpvW91a91ZK2i+29P+EPhvVLiPTdB8XWWr2otpdU1u58uOOC0too94toHPMjADHHBwTx3+u/2fP2LNa+Nnwyu5/D/AIe07XNe8XeLrfwr4JjVRHPK8cwRpSVXcIAnzM/TAwSeBX54/DXxF/ZOh6tcyGP7TfQrpkCyTFfJt5G23GFGM7kJK9Tn73HX9nf2SP8Agpn8PP2UfDmhwaR4Msdd1nwubO50ua5nAFrqEZEl5cRgqQDLnazZyoHyjsfzjiupnkMM6eVqvUrfWaStBSk3CN5Tk4uys5OKtdq11do/YuBZcL05+2zeGHlfDVWqdWo4xlUcoxhFyadtLy5t49D5m/bQ/YXH7KA8G+GvEOq2/wDwn+tWst54i0SCJZU06KKLGxZWAOzeNoyMMw6nivgi5/Zu1fXvh7qPxC8PKb7SdLlA1KYx7WSWWRkW1hBwWdGGTsHAxksTk+5/t0/t9/ET9rz4zeJvidr1xb2Talsg06wtAPI0zT4pGZIIiAAS24FsYLZOcg5PyDJ+0L49tvCi+BbfU5LPw15iTy21sWgNzcqxkEkxVcSZY98jAAzgc+hkGE4ipZXg3ja0JY1y56/tFb3JTuoLlvFTimoq3mt9/M4ozLhfFZtjPqOF9lhFSjCgqHwKrGEIuUXJ8zpympSu/eto0eHa9ol94fu57TUrGayudyMLe5BVvLYZRiME4KnPA5B5OdprnJJC5LdlBUKrfLkZOT6AE5wQMHgDj5un8ReJ9V8R6o+p61PJeXMiKgkl+ZgirtTJUYBVMYOcEHr2rn4PJUuZI2cHKpGckZbndjBwAeevOTk/3fvqXNGC5l71tbLS9krr13V927XR+c1FD2knTT5Lu3MtbX0TtbbrotzS0sxbMzTeW7t5aDHVOpJPqcjsPoCeegNpJbxNJaRmSLcoaVsHD59fYjkdO2SRzwodQ6hw2IwduDxwSPlAA7kgnHUn0APUreTx2cdubhIYpdpCggttABJJ/vHoeCckemSTi29Ov3q9l8r9G7arbQxnFO9tZWe29rrZ6Wem93e9uh1KKRDGnnRbVHmTAFdxkIJGAD/e/h4bPTpWUlteX0zRpDJcG4mEcQCkDcSQAB3yMDJAySflJHHSWvhQHToL251GCH7QyPEm8E+Vgks5yMSYBC5IOAOOVqWXXLXToFNgyubXcivJ94zDAWWI84bPOT/LJOHO7tQ1dmnvbZatb6Oy8m73uZRjNSbje3rda8q13ta1+t7t3KWreGpdCsoZL9lhupCQtqm1pFUjO45PGScDPIySOea87Yuuo2+wjBuYMDrwJV+9g8ng4x7HpgDY1HV7rVZZry8u3mmxtVpWJHBwQq5HGTwRjpyOAtc9H8l7aGQhme4tm6jI/fKcZAOOueO+eorSipaOTu3Z9orZK22+zV2r37O/TzNcuivdbrW2ia1+G27fR9j92fASSHwX4VZmLKdGsQyqQM/u1PQj5ug54wQcnnJ7kBvlXapUAg5yxIxwMZB44wcEY6Y7cb4CCt4J8L/J8w0Sy3MCSApjHHOM4AAPQ8Y5IrtIQzFjuDKuFJHB2nORu4yVHfI+7juDXvRa5Iq9rRjvZvS2r10089e1y2lJ32bSe3y2v02btra+nWlqVq7wSYkIDxSb1BOSNpAXbztyDlsHGeR2rxHTNOR9RYuNzW9y2wcfxEkkck57Yzxgk5G3d7tfqBFOF5LI4BJJZdqnJIz1Gep9yBxkeL6RtOpShm3Obk7NuQXwW3ZOD15HGMbjnrg3zaK8na1769462/TvYy5Fsr/cuvL52s+7T1szo7C4ittRvAAFZQhyecHjIJPB+b244APQV18NzHOjqV4Ck9gJMnDcntx3Gc/p5ei3Eus6oGHyxshwDkBhnhiM5PAAx3BPOa7e3/cxZYHLIvIPIOM4GR0PfOc4Jzwa6MLUi3a901tflXRvR2bWmul2nvrczklG6StdXXR3011d+9nbXR7XtrI8QaViu0ooEYB+RcdcZ7kdgOOe/FWoJxLLHsXjI3tghjuyy7R1U8dA3+1xgA4LzEvH8u0schSMh/ocj0OR0+mBWpahlkDMcGXazAkEjA2g88A4A6c9c9c19BgJLnikrXSutEuj/N3v5/f4eYuShLS+6aa2+Ho+2t1ZWt8jZmnTC5Bw+4AHOSQTgHgk/U85I65FUZJl3HCtkYK9e+QTgHn1B9MZ702csArFuiuVGcAYwQOx5GR8pzxwAcYokkA/MG3EYGM42g9SThSTk9fTr1r6aGy3SVtPOyd2rtPV6Lp+Xyc27+mi6rS1/LfR/d6tklAeRcZZjyBwASAMk8ZJI59MdOgFR3K5OBg4Gc5G0E8EYHfocjGO2aYxJycHILAMDnLdFxnacHnv/D+FVJJCMghQUBY+pY457525ycBuuQPTqg5OzaXRN6uy0afley0b0XXqYO/NzK7eis09kle10976+VulicyDdIdmUAOACOWb1HGFzxwQM5HB5OlpLLJdQDcqFZI8LzgknkZJHHB9+Sc84OIkhOSAcqu7I9TkYIGM5I6gdBk4AONXSiHvYFZgRvQ8ZYkkE9RzxnlR0OewqasbRdle8VfZ7qNuuivqm9Hpbzul/EpykkrTir8r5t1qnbTd9HfpvY/Lz9o6a2h+MvieR+ZFnh2gfdBCgZIxt6cHI5PIHevKYPFVxbiQxSKIGUoI2BIRcZI2ZwNx53D19TXZ/tMSOvxi8Vrwga4QgL6bRxkY54yP8MmvBopWjDmTLB1OOp29Se+ee+c+/evw/M6Kq4uuqlpfv53vqlaSbe260StddLH6hTS9lTUdWoQ1bWui3va+ibtpr63O4bxMr4AJYScSE8n7xGeQCAo6dTjIGetb2n6qZoliSIyD5lTGdxd+AAevGfTkc9cg+TxE4yMnncpOVwckkHOVOSODjkj5iRiu98LaklgyXEgUPFl4wxyN65++DjIJ65x3OcYryqmGgou0It6JNpL+VK1942trbSza3TJqRUY7vbZNRvs7q9/vtpbofU3wt8H61fhby722VhCylZJOFZyRziTDYUEEnbkZGCeK+vLDQtE04Wk1xPDdbgjMUlQNM6g5LqW2hQDgY4J+bAUYr82IPij4kVpIxevDbK/mCKNzHEQhPyYAwcg4UEHk9CQM2rn4q6zcyqILu6iCxkMUmYYJAGQCcYALYGcE4wDiviMz4dxmYVuaVSNOmtowumk+W7ldPdJLp2ujlkpyV010stF25u6d7b+Sb10X6P8AiH4keE7FpY5GhjECLGHGwEOBjIXGCQByR82M56ccFdfGfwzYDzbUxTs67Q2EZixHLOcEIOBjkDnA5BA+IrS+v9Yi33N67xYMrtI+6R2A+YsCTjHTkk4Oc4wKupb26W8IMgfMnzchWI3Ekk5ODjkAdsEgYGPMjwphKUv3spSlHWVpWvK6em91qu9rraxi6blfmlqndLRXacW18m+ivZJ9z3TxT8ctQmmC6Vstoi+18vu3gnGRkcAcdyAc45AB811X4k+ILzcDdsyqwyyuVAJBxtPXjODg4yB1wuOH1qewQKdi/eVTGpBbZtON2Ou5QGJwACT64PNXV5E6mSBHCrtCoGO0lR/GevsORwD8vSvbwuUYGEYxjQSlt7ybb0V73W8t9OrKjS5nZeVtW/5VZLla3SbSvvtpp2F34y1kzZkne5fyiCzEsoH8XBwBjBBBwMlfuk889H4wuLhnhuZGWMq/lqucdQvPP3TkZzkdTheM8xDdXF9csgDIUTcyLkDy+SAT6tjnJGTgZJNXpDZQK07qqhIyVRm+84xxsA6ggZPXnrzge7TwOHpxUY0o897x0s0rR303du2i0eiOqlBQ+KSXdLS13DV6a9rf8E0pb0IxV41iVigGOSvON4UnAJxzwDgDoMGuv0WBSSkYDswG19xU7jgNgDGQp5bJIJ68jNeMTazNdOXwBGMDAPIIyFII/h4BLEj27mvRfDOs/wBlWomLRtNKSJBIdwVWGVIDcgkcYAHbkHJrSrhJuHup3dlpsrqKe7Tvrra3k9DZcqfxXvbf5aLe9ua99/Wx6PNaCNWWZSSWGXLcEEZAVtp6YwRx7nHIqtb25izcZG5woYk4VeOh6BsHpg4J57iuTn8WvcF2aXEasSpIwCwOAcjjAPQY444znOXHrczsPOkcxBy0aK2SCcdOcHKjkntjtzWVLC1YavXrr2XK+iW/T70lcvnjttorbW3STbvfTVX8ulz0rVWtbGKOOBd0O2MsTgu7Y6r0YcnqDnOccnBpy6va2lkBtLSync4JBIYgbCD/AHe2Mc9DgjFeearrzuzOZW3jaEjB6AZ+UfKFzwDweewOK5calPLKFklYF2zGGJJGD24DLs9Af4gfQ11rC3jdyd97NX7WSt03113V1vc5n0fa3XorvW7a3+euu77nUZUbEskce/Iy54CIx6cDBfB5HBOOR0FLBqS2MLLZzq29uAjj5i4AZnGegBG0EjDAMM4NYiWeoXoURu8kbEDALEu46kLzyOikdcc4wSbbeB/E0aEJps7tJl1IJwFwNpboeucgdBkVoqUIrllZX7+SS2T7LS6tb7yE2m97PdvTrayt/Nb3bpa669J9S1jy1kiaUyyOqFvm+YP82G4zjaMAZwB1znp0PhiCDVpYzeSqYkGxnBAdmxuCjjrkfVs9OueVl8D69HbGee3k3A7pJFJYRqBnB4zkDqOp4xgEUy2sb7RwJJZHiidS7OGc5Y5weOeOM5+6emOazrU4uMlGVpWVkrafC7Xa7rVrT57W5WStq9+jtqtHfrZLtbfXY9Z1QaRbg2jQlyQHaQgF1CgKASpJI2jpxgHHAr588TxTPeXaWtu3kOcAqmWGGO052ggjOSDwSM9zn0hNQhMXmXDvPJIpkDA42qpyN2QeTjoOh4z1qN9fsJQGFvGoGEaTYpOVIxxx1IOT1GDjvXPh3Ww7fuyld6tuy6dVfu7JNpq3leHd8r5rPVrTV2st9tFta+7OA0a3hsrUSXB3MSC8TDncRgEgn5sEdM4Bycdj29reWUelT5twzMQZFK984VwT04+6N1c/qEdvJLILNg2fmbkcMec4JCjHIIIGCOMVEJpVtmiYgRcFpOrcddpByevGTkYznqT1VFKtZ+9HZtNel1fme7WmnXVdRfDq5O7vq029LXs9ba63a+bFsmgWdZLtSu2V2hA2qMYJBYYxjtu9/Y1NrniyOWCG2icxyKCpZVwCmeE3AgDgdwO/QgGsXV53itQ8bCQheAo3Hbu53Mp65AYYHAGMDvw810jsuU3OBlQo+QdcBsjIHuCDnJz1yfVY1ZqU7ScWmlJJJ/Cvetq9LfN6avVKN30ekW1ZWs2tVZvX00d9rHpOhX1pfXAnu3Y+WwRIVXBbgjcwydy4AJ78HcTW7q62FxZ3AgtmleEuqskbAAAZwxGRnPfJzyOAcV5n4Xglu75nkd4YV3NIxxhVXIxGTg8rwCMjGep6fSeia3o4Wx0mwt7OW4kKrMJUU+YeAhkcnnOd2O3JORmpq0nSlzwjzcvxJNPbl1Wva3n0VtUN3ckut7taWvstNbb9NtdFK584TW1w0MhdJS2dywlJMhCvDAAZPOAMkfTB5rRRbIzJLGyqgBVTnkldwBBxkH35xyRgcfclo3hyCa4gvtItHu3iECyiFTGrEYO7P8A56dQDz1J+evGeh2+oa+bfS47WCGYGJEiGF3gklmxgKAeB14U59amljXUmqc1ypLS97Rs07PZrr3TWj7K00l0lpba9naNrt23vo9r6bnnI8RzW9sgjiA2x7FUMSp2nglepOTjpx+dc7qOq3d2I0NwUUne8Yc4U5PJ/vHBxksDkjk5wfXrX4YrJazTXmq29sICN4Dhi75LFEJ4HGe+CcHrVi88J+DrPw5dXyNNJfW7LEGmICPKo5KLnBDen04PNdEZUE7wScrRd0lvpq2t29nfRicVPVrqt7p7q7bt59dnbpa/jVpZXt8inMhyMKOcyEjOSfTH+ORitL+yriKLNyrIBkIBycgYO454GOTznByBjiuk0zUo7MGRxDDGyAIpUMqL0AXuDxxnkdOcCuc1jWXndhHIApkJCrxwCOdo+UA4O1R0UYODwNneVrWikkn0jqop3u2n8XZeSK0t362ul20er666xTsrWe51Hg69toNXjiuVkaKIgoFON7Kc4PHIB4Oc7eCTxXR+NrnT7hTcWxCXMsmPLTny0TjJAycnu2R6MAM48ltb6S0nF0jCLAwCACwPIzgZXdjsTkkZByMHq9H8NeJPE88K6XFNOJ5SJJWDLGpc9NzgDg5ycjIwc4Fc1WNCg/rFWqopRknJtcqSau17z0avvslsncSb0S6N6pK/RPRO+7srvS79HU03Tp7uQ/LJsjlUuQOW6H5cE8jHPPPAx8pNdvYaHreqNFDptvNO6OFjhjVnlBIwA2B/FxkdVB78CvevCXwgstIt7E+I9WjhuCnmTWsLgvwBuKOrHLDnBYcY3YJzXp8F54V8AwTXHhwWtzeSSALNMEZo3GG3MzdvvbiucYJyBnb8tj+Ko86oYDD1MZVfuppOEb6aczTVrJ7aedtHUfiSk2+r1S/lfW127Ws1p3PmiX4c/ERdNuL6XQp5EQ7bgtGA0EYyTnODuOCwOc+m4YFeZazoOuRWT3OoWdzBFb70KtGwMeQQu7AwCcHk9cdiRX0v4u+NXiae5j06zlhtkkkUXEsAVYpZAATvUZQ5yB1BxxjGa8+8UeLrjWtGk0+MPLqV+VS7lWEsjsDiPaQvBJO0lQCAc9lI6Mvxua3hPGUKNNSauoN3iny7t9Umr99bdLapQbVnrs00lro73v3aT5tdG7q9jyzwR4Um1q4Uu0i2aEEyR/fJbICkAE43DuAQOvqeg1r4W6sl5MLSAGJkLxyu21gB0Y4J4Bx06cHAxXpHgTSdR8I24fVI4omuowT5zACKLaWBVSCSTnnPHPODxWnJLrGt3fk6V9ov2mlMMFvYRPPcFC2dqJGpcAnAGM9jxjn0HjcXPFv2PL7GLilLXW3Je2trvdNNLq2LlU3aEXzNpJJ9uXRLV+ml11bPA08FNb26xz3QhncsXVmBA4zkHOSScA8E4AJ6AGnaabLbkQQSBgsuJM/dAJxkt8o3H72CfbGM5/Sb4R/8ABO79pH43alDd6L4L1DR9IugirqmvxSWtsIz95wrgH7pJwV5AHIHA/W/4L/8ABF74eeDrez1r46eLItSnRluZtIsSI4Ny4LK0u9i6nowwAwwozkketSrVHFOpUUm2k4LVybcdEk21dd+256GHyrG10pcjpws0nUfKrrleidnZ99nd27v+d3wV4O8beLb2PRvDOg6t4gurmMJHFZWk80cjuAihnRCgCkkc/hX6W/Av/gkV8bPiW9lrPjp7fwFoU5jmmiukU3/lZDOViONjBOMtkgjk5wK/oE8N6B+zz8D7D+zPhd4E0dLiCMRJeLZwPMzxjG95mVmaQkZYlj1zjIzVDWPiR4p1pytvMdOtHG1YYCFwh6AbBjA6KAo5HPpXp4bL6s3zwpOEb3cpp3eq+yr7+bdujtqd0MFhMP8Ax6ntZq3uxato4pK7elu99t7rReBfCb/gnr+y3+z7DbX17axeLfEkQVpr3VdlxD5yYO6O3JZUIb+HJwT9DX0vN470fSo49M8L6Ha2dnEojjFvBHboUAwFAjCkLgLzzkZznBrgoLG+uZ3muJHlVl3NNcvhQp+8xViQRnPzHBPpnisnWvFvgXwrG39rarHPccgWlmRJP1IKhEzz64J4z0A3V7VPKFJR5nzvTRJxSvy3SSSW/rfdbMuWYU6H8GEKa72ScleO7fTfo3v3udBfeJvEt5PKls6W4Yb90O4uAdwUK3zAAHqP93Ncjda98StCkW/OuxDTUUNNBqpRWeINl8FmUqCM9wOnQdeesPiD4h8USyWPgjw5NY23zKuq6lDtRVYqPMCycsQnIO4AdQOdpnufhtcawHbxnrV7qm5gRaW8rxwKd3QBWwQvII6kcZ5JP0WDyFtQXslFPq1ZauNuut+rbV/kjw8XnaX/AC+dle8Y+9176pfKz67K66Rf2jvDlzZix0G9vte8QICt3p1ixe3gnOBgsmSy7yGORjA4PccpqF98TPGCk3d4PD2nyEsbZSFuCjFgdzDDHK5zx8x6ArkDG1D4P23h68i1/wCHMcOi61aqJbi3kUG31ZEO4wzbjlXkAIVxyG6bgcV0/hbx7aeKZ7jTr23k0rxJZI0d9ol6oinLodrS2m4jzoHPzqyEHBzt5xXu4XI6dOpGNRpPRqyfLJe5s9Fo2uq1tbueRic1lXpqVN3s7Kzd9Gm3/wAFqSvtbVFTRvBej6TIbi5jGpX6HdLdXbmXOSCWCMx2k84JBGOema7RdSiQBQwVFU7hGioFHJAZQRxwM5zwoHfIzbpHiDTNGwJO0qW9GAACsSCSecAZGeOStYt7a3EoLwZjLbSqqCCwI4JwwycEY49MY6H6ahhcNQjGUErq17NPS6XX7rXsn8j5bF18RV91VGkpJq7v2V7Ja66NfJ3Rq3WoRhwyhSpDYJJXnBxgjHHUA9sjuTVA38ZDMxDsFOR1UKTjg559ecc8YGTXO3EsiSpHMTuEZLIRkqexGB24GcDjHPrxfiDxr4c8LW01/rutafp9vChZo7m5RZNoBJCpksTnOARxkHGOm0qtOk1KUoxi/wCZ27O15O2nne+q6HCnVlH3U5O7VkpOX2eiTtrZ6K9+lj0C4kZpMxO20jcCc5289Bwdo/XH41RuNRWFXlmuI1hAwzO2xVKrzuLEADOcnnhuPUfDXjX9tzwZpIuLTwpZ3ev36FkjudxjtARgfK2PnQc54PB9Qa+NvH37QfxP8e3LKNRurGwuBtGm6UH3MrcBHaMc5BxkYOGx15Hk4zPcLSc6NNOtUsvhs100vbptfRfgj18BlFWso1a8vZQdrqfxNPltpfonp2XVH6geO/2gPh/4MR2u9Zt7y7QNELHTZPOlLDIyShzsJ4A3Aqc4z2+NvG/7ZOvahNLaeGbWLR7ZwyJczDzbplYkcLj5WHUbTnOTuzkV83eD/g38SvHUolis7mztnLM93qDOZGDsSWJkySSDn37AZzX154I/ZX8L6RHDe+Ipn1rUUVZDESVtww27gw5BGQQABj5T7bfDp1M0zKUoXnRovteLa93ps1o/LRX319epPLMujFxhGrU0V3yyu9Fe3wpvS2/a21vkuS9+IfxL1FyyavrTTHAnuTN9mRnPLbDtTbyCF9Ac4BwPZ/Cf7OV5cxCfxNf7HO1v7NtRsOz7wDsAADhiOcgEcgYIH2pY6HoGjac8UNtZaVZREA+SsUWAg/vkgljgcA4PJ45NeU+M/iv4P8ORt9lv47u4iDRmCBgxPykZdlyT8v0yccdTXdh8np0f3uJnzyjr7z7W6d9b6X3+S8uvm9avPkw6VOLSSSV5Ntq1mlZLt+fR9F4I8C+HfCWy30zTbG3kwHkuHVHlZQADmQjcG7/LgEY56Cr3xC13w/ptnC1zfWypCdw3MpkRhjEYUEcEAgDqB3FfE2vfHTXbySWHTZjaQyszIUbLqCRkszDOSMnvg5UY5B8r1bxRf6zKwu7+a4Z/vl5mYblAOVUgADBOP7vO7kYG1fHYTD0uSlGKd0lslF6bq177N6L1McPgcVia3tKs5aNWinp0uu3a+ux9La78eltlltdGjEzBmQSFtkYAxgoF2gjGM5GR1bFeJav8S/FWttL9pv5I0JYJDHIVCqeCCqn58cckcj2FeZRXCr5qyZ8sOcu2CU29Np69ckcZ47cCs+bV4Y94ds84XjadvHOcAggZI7bT1PNfOYjO5a03JKKu1Z322tst7K23X0+lw+ULmjJU1ro24u1m49VZbu1utvN26ie9lyCZpJWfkks0hY/MzDOeCDznuR35AxJr91LF3MUbSFgFO/d1yD7jpzjbxzzXnmufEDw/oqsbvUoDMFbFtA26d8ZwAASMg9v4vTIxXh+sfGq7vXaPRbRbKEb83N0d8jYydyxnnJGCPrgDoT8/Xzec04qUrc19H09xvW7urvd201vfQ9eOAo0WnLRySbS10bW7T2V9fe72PozUNVgt0nnnnit4gWP+kSqgYjOGA3ZK9Tx+QxXjmu/EjRrKUw2Rm1G4bIHkEmBTjIUuOODyeSSRyO1eOrfan4tuQs19c38r/NsMpjgGBncqqQOckknB4yxHGLV9oB0m2Sa4nVDzmGPG5jkKefvckdWPfd33Hir46U6kIpptpa7dF12V7NX1/Fsf7mENIrdK9viTUdm7rVro7a2WqaLWpeL/ABDqsm2a+/s+zc48i0OZQhBB3uCT90YPrx0IyaenW+J1mQboi6tJPMTJI4GD1YHG4DJCjp+VR6Tp17fXUcOm6bcXRlIAVEeQkn7pJ528AnGQevvj6J8G/s6+OvFPkm7QaXYzFWZ5htZVOckqeWwMYABYD6HPPLD4rFzSpQlayvJXsk+V31aXbpb4tTJ4lUrNu+qXLrb7Ktq9tXol0avueb3l3YTaa7xpHPcP+7iiVSWDKAu5EAUqM5AzgknnAJqDQPhl4m8QzxXFvYXEUbN5nmTqyRhSAV2qRyMkcgAZIGckkfof4Z/Z28EeDrS3u9UZNRnjVZJpLg/uAVXkAHBIBOSMcenPM+r+JtAsZDZaTb2yrEGjjlEccUUaJgEZXBY8EcD5icDlhn1MJlGCoUZVMfXjF6e6pLmb919PktraP1OWpiMbiazhSpPkaT5krK9127Kyvr3t36z9gT9mn9mTxt471Twn+1RrepeHLye3W58Hahb3P2HRxdK4ZhqM+MAkcxg5BPzcHJr6H/bh+BXw3+A2r6DL+z38XNP8b+H9VjRJ9BsxG99opjwFLzxsftETZJD4BAGc7TmvzP8AGvjtIpn8m9eWdshpLZgpj2FcBCoyNoGWIIGcA5xXCt8WNYEqnz5DJBEFjaSSSR3VANoIdiWJVh3JJ69c18NmmAbzVYzCY+qsJGLTwsknTlpGz1aacd9bN6XZ9rluYYOhlk8DisDSninZ08THScLyTSla7k7K2vTo7nuEdn4o1R7ibVdXktbY43PdTMrBSDkrETweTx6jBPc8nqWseF9CfZFctrF2nJIctGHXkDvkZPIJG4A45bFcNpqfED4gzILS31CWGVzkxrIiMWPJORt2rzuHP5dfa/DXwP0rQ4/7Q+ImuW1jbMd/2VZAZ5PvFgTnKnAAIbqc5P8ADXk4rMKdOTTqc0kvgppuV9LX33d73a+9XCMJSs4R5dL89S6UdmuV2t1tvro7ptJeE6h4h8YeLrpbLRbV4EL7BFZxsWK8qMsowGOckgnuMYI29b4X/Zb8Ra3KdX8WSw6LYsfNlmvZVSZkPLFd/O4jkdt2e5r2q++Lvw68BQNYeA/DttcXSqyrqV1Gh5UFfMV3BHXJB4bgMQDivnTxh8YPFniZpY9Q1e4WKR2xaW7mOJUySvEZBIGMY3Y+6O2ByqePxelGLw9JWfNJXnJWWlt9NO5z1quEp29rNVZpp8q+G2l03dvdO69E3Y99jX4NfCiKNdJgh8Ta1CuzzJlEkKyKDnGRgEE/Mp6fiK8/8X/HnxXrCtZ6dcRaPp8h2rbWgEZWPaRztHB+boME+xwT4OmoPcwIwBAUb2kY5djkgEg8MST79RnPGY7kxybHCNK3DMCMdAM45BHHXuWxyBypDKYOpGeIk6tRWu6jeu13bVLro1000TthPMXGDjRcacHoo01y2V4t8zWr0uknpZepm63qN7qVyzyzySSlyWllZpC4YckbjkdCcD1zgk4rnJLe5S6jMjsQWAIYNtKYHLAZBGQcAnj+EYAJ7OGwa8nlKwO0jL8kUSb5GLDjYo7k5ycdc8kcD3/4cfspfFj4oeRc6HoN3FaSFYkuLy3eKIBjgtuYHhclsjhSMYOa9ylCnQh7qjCKV9LN/Ztpo9b2Su9b3S0tyU1iMTOyUpuSV+ul4vTtpbo7du3zPp9hE97NIuZHZcRiMYBOCTuAA+UYIHcg+2D6f4L+D/jDx1fGPQPDV9dzSMAjxwyCIY+XcWZdvPOWyOwHIxX7DfBX/gnFo2gi0vfiJPFc3CBJ7q1XHlb1AfYp/iO4DdgY45JzX3dZ+Ffh98NdFktfDuj2OlQW6ODdvBEhIQEAqWwzngjO4jIJzxQnUr1I06MXOcrRjGOqb0s3ezWiV7Le12kd9PC06XvYuUacIxu2/iduVtJu7T11em2yPwE+Iv7KXjD4X/DbUfG3il2t7kWgMOnqu9jvB4cH5l25yTjg54APPn/7F/iux8JeO11a/lZGms5ooocbSshY9C2VByS3O3ODnOOPvT9q/wCNGl31le6E9/DeWV3MLSSKSVXPlBtrBEyfKzyNwwOfXFfPfhH4QeFzYN4jt4xZwT6f51tLbsQkJZM7pCuAGYk8DkDqcg19xgOCaeOw8KeZVIKlPlliKUm0+WUou21muln28rHi1eJll2JUsthUc4Lkpz5W7zdldSSaslLstNdT611v9pbTdNS6D3L3sqsVijMgCoSdwU/MAxBGM57DGCQK8B8UftLeI9WlItbk2Nsw2qoc7gDzleg56DPryRgV8sa9HFHqd0jXrXAtpTHHliquobaMtk9toPJyeTXK6lrFnZofMO6VUJjhjJbqQRnnJbGCM8Y4x0I+0jT4UyDC08Ng8Hh6lSEUotKM3olbXbd30u9HqnZnhU62f51XnVxdepTpTk5SSdnJOzeurel0tfzPY/EXxL1fViTLeyuhJLZd1dzz3DH5Sxx6jjOMivEtY8eXMF4PMuUhzIoaNmJZ0HUnk44+jHrkd+eE/ifXnJ062miSY7Ebq5BIBwMHHAySM9eBjJr1bwL+zZ4o8aX0Ltpt/ezyOp2CN2diFGdp24wfXcMddpya+Zx2d4jEztSf1emlZqNoxVuW2trbWbV9+vb6PC4DD4aCTTxFXmV3L3nJ+71d/wAUlv00PPtU+Imu69ANM0a0ljTlDOA7MyE4JBx36rx6bs7c1d8I/BbxL4vniZ7K6nZ5AXkZHKliQdoXblicjd+HFfr18EP+Cduu6gLS71uzGnQu0aMrIZJTGzKSqLtypCkkkZ6t3HP7GfBn9iXwR4NtbSRNBjvrxBHta8iB2nIzKRt4zgEHnd8vGenzWKzvL8GpSxFb2ta7fJFpu6aSvJ9rvo/vue3hMnx+MlH2dFUabsk+WyadkmkkujvdXvfqfgl8Gf8Agnn4r8ZSWVxfaXd22nko7vJGYFZeCVCnAGAwxxlt2a/Zz4Ef8E//AA14Sjs8aZHczqkYKMoMKKAC7SybSGbIIwB04xzg/qT4Z+EGnWSQC5t44lRUC2dtGFTYuNoAUDPX1wOpz0Pv2jeE4reOOJIEtoUGFUIC5AJHOMZJABOR9Rwxr4vNOMcTUjKODSow2ajK0vspO+7enlZ32S1+0yzhDCwSqYtupJNO101fS6d0nr/kntY+afAf7P8A4b0VImNgkksIUCBIttvHtwSNijkg/wAXvkV9QeHvArxRCGxs47dMZCwxBMYxgFguQMY/hwcEhRxXc2raLpFuZ7+aCHYC7GXaqAA5yeSST29yGzjFeVeOv2m/B3g+3mg0eSG+vgDGu10Kqw7Ecg7MDsAPqCK+PazbNay5IVa0ptO65ra8vla1u7S01ufTc2V5VR5r0aUIpXfupppx9G3orpbLvoetweCLHS4ftWq3UVlCoLO8kgzkHLEBySAR0XacjPHXPinxI+Mfw18GwTQwiy1i5iiZFysThXYY5ADZOc+n8XJPB+Dfib+1J4s8WT3EC6jPDbtn91DIYwgP3cbCQSwI3e4wxwcV8n6n4svNTlKtNNdSys5Z2LuyjODuyeQM5yxYlsZzg1+gcPeHmKxEqdbHzlGKcZeyjfTWLtJX/DbRdUfB55x9RoqdPBRjJpW9pPVXutl1fZ+jsuvqvxX+LVt4p1CeaCKXTolMhhfT5niZTnCkKrLkAdcgDJyCCMH5X1Pxb48t5/Ptb6TxPZLl2065z9pEa9AjlgSQvOGPONoAOAPR10QzsPtzAAqrhcDkjkYbIyADx1+9tPOcbtho1hBiSOOOIoxVmK7mJ2gHjgj1YceoIr9uy7hzC4OjToxoRSUVaVlzNJK8m9Ne3Z976fkmP4hr4mrUnUrOcm9YqTSe1/d7Xuld/jtyngjxN4X8U3K291LJpGqj93Po98PJnDqCCYhIFMigg4YMeFODg8+0WUGnWETR2yKsgYglhu3MQcMCemRglicdecmvGvGvg/QPElqLpV/szXrEmSz1m1/czRyLkqHZMb1LdQxIIJIBK1534V+JWr6NqDeFPGc4jug+2w1c4+zX8XARXfK7JGUgHJGei5yAfSeEjRcIte7paa0WttG72TTtby3T1OCOLdaPPHWyu1KTbs+V6JO+97prp16/VMusy2avBcTIisPMBwCCvHyqxzgdsDOTzXNyeJzu2SMvkKSFkTqBkADOAD9eSB1z35TVNWtbq0Mkj4ZANsqNmPaFHTAbkqSewI5weK8g8X/E7wv4RtJZ9a1O1soIkJ+aZFlkYDIxHu3kse23HXHU10f7LQi5VXFJWvqtV7q62631WutlfW3JJVp1IOnzOz1tfa8d1rqtn6Jq257/AH/jH7FBM8TnaUC5OQpI9MN3Bye4J2ngkjxvxb8VNP0iIzanq1naIqF3ee4RXVQA2AjMDnHA4B5J5A5+AvG/7WfiHxNezaH8LtDvdUld2hj1CSJzbRk5UMhK7SFHzcHB6ZAyDyfhv4CfEf4j30etfErXrplkl3rpcczxxIrndgqvy4Ayo3YPQ8nGPCxOYKb5MHQcnGWtR7RV4u7b95vXdW/V9/IqSTxMn39mtXpy+9bo1ddrp31vp654+/atiuJ5dK+H9jdeI9TcvH9sjWSS1jZhs3b1HzBQcjGPmGDwOPFz8N/i38XLoX3jXWLqz0yWQN/Z8ReCEISpYbBtzt+6MKOQewAr7i8FfBnwh4MtIlsdKtUkVFDzMqvK7Y2nLANnnnrnJOec4769srSGFvLRUCAAKvyquCoPQDjgjA6DHIORXJHCSxLUsRUnUla6hGygvhSV/LVN2d779TmlmHK5U6UVSitXLdzT5bNW232tpfXRs+d/h/8ABHwn4It4JLe0SaeMKzSSqrktj5iSwJBznPPHZievuVu8dmhZPLiVAGQog5Xjkhc88BcdSQAfvEiCWVEXBKhdvy9AOOoz3yT/AErO+2qd5O3YpARDyTu6Nk9CccevOSecerCh9XhZQ5Vo7JPy3dr6ei3e+lsKdadeqkpt2aa5m22m46fl3TVrosahfxShnjILR/dUAryflYnBOBg4IJOSevNePeKnjeEy9T5jYjC42/N04I7tgjdjqO2K6u/1C3hM6mUYkLFRnOSF6Fwc9c8fdA44xXkPirVjLC4SQRsqHYrZGSTySTjJIOe2O5GK5adKXPfu0r9d07Lukm09fRdT33Uj7GMfiemi36Wtpdbde+ux51r1xEyzqw+dyVVOqkHKjA7DrkgYwBnvj5V8f2MM0UsZUSSMznBI2AYIYKDwOpABOOOeSpPseu6u6PI0kitGrMgG7MmcHgY+Y9yCPfOAK+evGfiG3IYyzpFFEXDtIQrMcN90E5boQCP0HXuxEIKEXNrVJfK8b728lr8mrXMKU23omnfk/wAWqbs72/HTrvc8J+Huunwn4xv/AA9Ix+x6tK09qHY7I5wzHYCcDJIwQvJHQ+v11aMbi2SXflyu5gygsJARkKTzjqCMAHOQxxivzZ+IHiC7ttRi1jSkMI065WeORyd8h3glUGQSGGc7jn14HH158OPHdv4m0Kw1OK5V2VIkuIiRjziPnGGbqCMEnhs5yeQPPw1WlNSo86lOk+aC7xTT0vulfXuuuukzjKnJPlajK6d3s9Lavy2T89eh7PLZyyJJO7hHGyWJ1bBjcHcF3csvOPUgDGV4x96/AT4gQ+MPDJ0LVSFv9GQW0ys3FxasNm4hsFhtGQxBB7dzXwwgD2juhWYSRgvzhUyOAOchuOvHUdTWj4G8VXvgXxhpWriRl02aVYdRBbCvE8i53LwCVBx7joODX0WUY2dKqqM/gqJJ36X5Vpd63vbRuz6PW3zufYH29B1qcF7WglUjbVtKzaTvqmtdnrumfaa28vw98eN4en3toXiGR7zRrgn93bzOd0lsMthQcgovIIIAH3ce2jy4ULMrOuzLgkE5OQE29ugHH3u4xkVxHjzTYPiB4H/tHSXDarp8EWr6DLG3JeJRKEXHJU4I257jg4wMv4Z+LD4n0SG7uCDeWSC31K3bAlS6t8pKZADkZK5BPXIJxXsYhck7Ne5L3oSXbS6ve7t82mtmrHh4RxxFJVG/fSUZJ90lq11ul1e97JpnfRvNuZ2RIrWUuFRic79uOAcbSOM46kdB0E7SRtAh+YSLlVVyNrEEYHIOSPbjH1ybbeS0ccpDAcNhh8pORkDjOOuOhxjHrWLdNuPmbCuXzHHgjJGAQ3XJxkZ449cVzcmkb7tx7Wd2m7LW7au+lnp3Oh0t2tbpJJK+j5drPe11pfc8C+IVi3hvxhp/jOyheOC4RLHWUjwYpA/CzOBgdyMtk5wMjqOA+LnhVvGnheOazSNbq0xeRzRkE+WWLKExgbtuDjIXIAByDn6E8aR2Go6dqdteMqE2bZVioSN0G5WJwVVlOOQSCe205PgngPxfY6rby+G1eOa9tLmWxuNpBjaEbxHucAKRwMcYOT/dJrysfTp1qNXDz5ffhLlWvxaW2va+l07t77nThKdWjWp16d7wnFSavs5R+5XtzWbXWzPlDTPD1r4RnstW1CWKe+S5S4aTU3UWpSJgURYzkHGCNuB9M7idfxP4ttPFd9G2kafb2r4P22+X5baSTbt3quAixIvChcDgEZBGfNfjlfy+H/GM+lXFpc6nIt2TYWaFktAkg3KFAJDqCTnn+8D6DL8CaP4q8X6oIbyKWzsVZNtnApjhUZ+VJGGOFyN/UZGFGDX89ZpRdCvWc1apSlOLvzK0brRJ7rTTbXXax+vZXQjWdKWrVVRafK7pOKb6p3dnrprf0fpei+G31S5FvpRbUb6U7J75kH2S3ySG8vORIy8kEY5ORggE/ZPwn/Ze8PajLb33iES6nO5R2jkXbEZMbiDlRmL5fuddu5lBORWb8PvB2n+HYbcTLGJI9oVRtWPONzM3Xd9TxkHPJr6Zs/HEel2gitZIrdIlDSy7lG4gEHyl4yeoBBA6cjmvgsZjKs5yhSTbbau9WtrSa7q17KyVr2el/wBAweW4aCg6zSXutxut/ddn5XtdK+1utj0u08D+C/B+nNBb21nbSW6hYra3jUqrYwASDk454P3R1I7+B+P/ABPp1h5q+dE4QM0ixgdegQYyQeR3HJzzhsYviv4nT3azQ2MpyylZpnI8zn5c5zwWzxx39TXzP4i1OaSSaeacyAlRGWkLZbcMj3P3iSRyQSOoAwoYao5KpXm2021G7T1t0vbprfVX1s0a4mcEnSw1NdnNRS0dlbTTyv3vpqmM8R+LJbuZ9shtYiezfMy9dqoMkAjHbHI5PUcPPrD7ywkAEg2Kxy0vbDEE5UHgdeeo4AB5rVb+QzFmcAllB3chRxwq/wAOR/ER0Jzg4FcveaoYXaTlsqEXcdoJ4yQMkYGOOuDjqBXoqouVKKstEmtul7q9lt366taHHSwsW4upZyurXvZN2dn0VusUr7WdzsdQv7mRFDThAJUC5ba7FcAMc5OBjOTnPJJAIrbu9Uu77R7mNrrcyRpEiF8hxsCkjjHXjdjJOCvU14y+oSTB2c/KWVxktkbTwoTJzkbvfknPzGuyttRjOmyPIy2rIQF8zBZ9uWBADA8/w8HHOCTzXmY6XMoKCd73WmvRbRX3W+b0PQo4ZSbu0lyOK2SatZ6WtzJ23vffRnxZ4pebT/GGr2s0jIYbgXKrng7mBA3nOME9ABxkA5yR714f8UG30ixUsoRip3lgCWwMkDPO0cE8EkZwK8F+LdnqL+KIb+0t5J11FNrsiHAdW+XzGxsGQM8kEDPBHFe1fCnwe+uaP9s1aRFi01SztJIIrVGjIO0seXcZ5VQMH5T1OffpYOWKwmHm+a7gruPdW0stVdNe7u9Xra541PELCYuvSUkld2bato42elrJXs979Xpr7N4V15r3UBZ2lu9zJNgG7kG21gV+CylsAkFjhcnJznBr6li+Kfh34WeFGsNc8+71+TMunaRDdt88jkFbnUFTKxxkgbYix+XI4A4+VT4t8OaNZSDS7WO81BTiK5dVisoCmAmyIclxjcGz8xA5715j4i8UNrcrG5iUTuoeSYEvLcYJyuTl0j6LgFVOegwDXRT4fo1OSc9Ip31upu/L5Ws2+972VzmxHEE6SqU6bc6mqi7JqLk43ta6aVua7vs7W3PcvH/7Q/iXxnIILm9XTdOjRR9i0/ckJ4YJHuViCcD5z3z26V8/ap4kurqdoJpWZZCJBDDuaZn5KdMnPAyOMEnsWNc/czJIscl0Y9Mtx95CR50ix9whyVLA9yeMYOCMw2+vyXEi23hjS5JrueRbZLgQtdXc7MwXFvCoeQvnoQuCcDOCBXtUcFRw9nSppRj1SSVla+i3fTW+tte3zVXEYjGTbqyd35t7rVK19NNEvw0PNvH1hrcWo6VqSRPFdgtCFbgwR5wkkwzlWbOfmIwevFN0Hwd4x8aazb6B4Y0vUPFPiTUJUiEWnWslwY3lwNzOA6RLyN7uQFAJ561+g3hb9ijxXr3h0fEL44+Jbf4R/DyGKLULqTX5VTxDrtuMOV07TpCswMijbGABtyeOgrE8e/tkfCT4MaTd+A/2SvCUejQyWTWGpfE/Wo0l8SarOq7Z5bNpFL2qyMCyFWXAOMg4FdCxEpS9lTi5z2b3pxu9G2uq7Jt9TR040YxnUkoK9leV3Kyik+VLltZta31evc3fCf7J3wj/AGftJs/Hf7WXjK0uNTeFb3TvhVoF1FcardOFLrHqksTM8TF9qujYC5YZBAz4r8eP2/vF3iHRn+G3wf0uz+Ffw1gV7e20nw1Gtrf3lvzEraleQ4kd5EwZFdupbANfHVzqvxM+MfihIUXxF4z8T6tcDybe3W71XVLhpn2gCNA5h5YAMcBRnG01+nHwh/4JjQeFPDNr8Uf2svEP/CIaVIgutG+Eukstx478TvjzEtbmOJw+nLKSA7SNkKcFRjIy+qU6U41sW5Yiq5WhTtpFu1uSGuqTS5nd+a6b0nXxUeTDqNGkknOrKTV1aPM238Xpr63ufmL8NfhB8Xfj74sh8PeBvDes+KNTv5lNxcQJNJaW/mNlrnU9TkAhijBO5meUYGW6cV+u3wh/ZD+AX7NU9vq3xuv7T4yfFW2WO4tfh1oMqTeGNFu41DhNcvkZo5zAw2zRkkAKQWxuw7xB8ebT4bQX/gv4d6FY/CjwMIDajR/DZiPiXVIsbIn1nV44/Pa7kUgzBSNpOMnqfkrVvifeald3Qt5Xs7VlPnvHMz393I5yGuJ2JkaQ5xIST1YnAwa9nC5TjsylH3HhsNJ8rcrKo1ZaO1krqyaWy3Z52MzjK8mhK0oYvFx62coRba2u/ltq7LTS33T8YP2rPF3inTV8OjULfw/4U09vsmlfDzwRGumaPBboAqR3ktqqmfZyjsxO/bgk9a+Ttdn1DxG2mX+q3iaXbaOA9ja22Y4181sENIpLGVSd5Y5Lcc8EHy+HxMun2ssYjSW5mKu00mXFshPA81/uux+ZlOT7ZAqy2v3GpyJZafJ/aM7Ql5G3f6LEzA/OCVKlkx67lYDnPB+1y3hTD0FCjSoKpObjzO1223B6vfVpt9NXbZN/nebcb1KtKeLxGI9jSpp2hK0YqKtolv001216JntV1r2naELCQXXnQrEGSe+maSW6mdQzSmNsu+1jhFJHOT2IPO3vjzVNUSe10rGiwPn7Xq/3Lq5VkLFIzgeXGcttVTgDjqefHEcQ3cMmpSz6peR79sZLfZ4+o2sCSqbOqkeg5ycnZ8PaN42+JPiSw8LeCfDuq+J/Emo3KWen6VollNeTMZHEaKIoFcZJO0vIUQDaR6r+iZLwFg8PUjicXFVKkmnGlbZWjJt9NOt3tfQ/DuKPF3H4qjPDZTJUaNpRqYlzak4pJOUZNNx06p9b63TfRR6lbWiPLDMzeY3+k31y5eecn5WVHY7sM2fmBx1HTr9S/s1/ss/Hz9rTxBD4U+C/gfVL7TpbiOPVvE11azQ6HYxtIA09zqDoI9iISR5TSEsCuDnNfrV+xf8A8ENLsafYfGD9uLxJa+BPBum28eqL4Ga9jsrp7aJRO39uXUjqLVCoIkhQvu5UbiBX1L+0X/wV3/Z7/ZQ8KXHwM/YZ8FaBLeaTC+lL4p0+yhh0O0ljVoWuYJAm/UpywLmSR8bwDgA5P6Hg6saDlh8sownOEeWpXclTwtBaKTqVbNSskv3dPWXV3ufgecY6ePmqmZYutJ1XzQoxvXxVe/Lb2VLaMXova1eWC3tJLXe+G/8AwTy/Yo/4J3eDYPiv+2D4z0X4g/EO1tVvLXw3fPBJpsN8iCQW2naIGLX8qyLtSWRVGQDgdK/Lb9t3/grv49+NtrffDb4E2K/CT4P2oksEj0VFsNT1WyQNEiyvapF9lhkiAHkjJAxgg5x+Y3x1/aI+J3x18Taj41+K3jDWPE2sXc8kgivLyWS2tkkdisVraljDFFEDtVQp6DgAfL8n+KfGFtZWx2SiNc4RY3G0nOC0gGcEkE5JOct1GTXm5pxBRyulUksT9cxrVnWfu0qP93C0r8sbfztObV9Vc7sh4ExHEGLovE4T6pl8ZRlDDK7qVo6fvMXWaUqrb1VJctKLdlF6Ny+OfFoSG4lN3KZrhmknuLiVnuJ5CxaR3kdmdncsWJJyc8E5LV8a+OfFLXsmwOqjGwfPtLhf7wyCRgZ5wDjAHBAz/iT8SjPcy20Esk7tuChWOxTnHIG5RgjI4xncR1xXhMl7f310j3Ekz5YkhdxCqOi9emDxznAJJ4r8Pz3N62Z1ZSnVc2293K26u/XXV23s/T+u+DOFcLkmHpQpUIUoqMIwUFGO3KtGk7LXp18j0+z8dnSIZItLt0kuG2l7pj8g24zgddpz2PXAXFei+EfG97eXEJuAouZ5EkknJJ2YcOqgHHy5XaQQxGDjoAPntbVpyQsRUZwMnaoywyzHGSSACPmI6nAzk9rp0q2LWqKpR1GwOGxj7pL44DZz074weOnzeHqxw1enVuuZSUm9E21rb4U3dLy207n6Fj8PHFYKvh22/a0pw0t1Vrq3VX1899N/7dP2Nl/Y9/4KK/s7eBvhV8SZtO+F/wC0H8OtATRfDviC2nhsG18QxmK1nlz5a328qgeF2BGcjPNfOP7RX/BMf9pT4Az3E9n4Yn+I/gmOWWaDX/C8LXjrasQwkuYIgxhZY/mby96kkhcgiv5+vgz8Wbjw7JYmz1y70nU7CSJ7a/srh7e5tmjIkSaKaMq5Axng4HHXGR/RD+yV/wAFnPjj8KrOy8O/EPHxZ8HwRxW8b6hKk2qw2iAJsM8iyeYAh27WVmODknkV/S3DfFOWZrhKNGsqPtlCFOVPEWjFyShH3KyTdNy6qpCpTlpaUb6/5k+IPAXH3h7xDjcfw/iMVjcnrYieJ9jCdR1aUasnOUFTlKEalm2k6c4VLaNTZ+bmteF4Euv7P1iwvdIu7XMcseoWclpKJNxVo5VmWMyMpB5C+vrmuRl8LXlrcXFzaOlxbhD5UaqpyDwBsyQAMjDZ3cdiQa/rC8OftT/8Evv2xbEW3xN8HeFvDHinUVEd3LqdpDpmowXEqhW8m+jVAzKxyGK5JOcZIAreJP8AgkH+x98VYZNU+B3xjTw/JdoXtoP7UttatVdxlAFM0bouSB8seV6c4r6DGZPkOMg3i8FVw0ZJ2rKh7ehsldV8N7WOt95KN1vbp4OR+O/E2U14UKlWtGvCyeGxNb6vWTT2VDGrDTk3rb2bqLomfyn6Nqes2JmivSYoI4wPL+zgtKBjKAYHY5jYk7s+ma73wvr0dlePcMrq2wmDeNoROGYSqpXkkHAB7fxHGP2n+Iv/AAQw/aN8OveXfgPxL4T8e2hVmtd159ju5lAO3EDKRu2Y2gNgk8cnaPgf4jf8E7P2wvh9DLJrvwW8STw24kVrzRbQ3sAC5y4MbAsCMY+XkA4FfF5n4ccPZnTccHWwlW/2VKm5u1lpTclLtG3Krfej9pyH6S2Z4erCWPdah9n97GrSpqzjdqpZwl0s1Jp23Vz5mk+Leuadc3A03VNXslDhrdrXUbuNFfPLALMBgEFgMHrjtXPR/Gb4kWer3WqW3i/X4Li4UJNcxanOLidI9zBJpN2XQHdtVi2d2cA4xW1/4XeP/DsiWmv+CvE+jywtulN3o96iKQTneDAV3DOSAccMByBXEXdgxLwyQuHVWLNLFJCRkN2aNOOMgEggnJUkAD5Wfg7k8FJ1crw9TRxlJYeDclpu7Xaa3XXfRtM/V8u+kbia8oVMPnEmrxcVHFXUbcullPe/o2n9/qOmftM/EXT/ABRpniq68QX+oa1o8LR6Xf3c73U1qqggIDLuAjORvjBwemRjn6m8If8ABWr9rT4euJNI8V6be2m8hLLVNMgu41QYZowrLkKSPm+YYGfl6Ffzm/slMSxqysypjerqwQc5B+6RkZ4O7ngc1TXRbmYNGCjbeqIRyXxjPIP3T1weuB0Jrx8X4GcKZhSjSxmR4Wskm6alRX7vVO0X0117a+p9FL6RmdxrU5U83nFSSUpKopOUkopqV97pK+ul3c/YfUf+C737UmqWEdhqXg/4aXGI1BvI9CsoZ2KkjJIXjd0JPGQc5OBXp/w6/wCC7uqeEokj8V/ALwprl5MUN/e2kluiXIJAkKxGBgpI6Enge2SPwkt/DDxXReS2S4jUqDbsdvmDglSccAYOWB6LWDrPhydbl5YYFhQykLAr7ggwQFGBg4wSCTwMjvXwWe/R24RnTa/sd042tzUK2IpVIctkrOM1pbbR2S7n6Bw/9IHHYqkoVM0o1G2pKE402m5cur66vfz210P6eE/4L/fs936Qw+KP2ZQIVkQtFawwStvVlGVkNuvB+9yMHIU+35EftIftxeBPjT8b9R+J3hXwEfD/AIJxFDZeD7ifCoy4Ms7RqiqC5Vs8cq3ua/NPUdJvo8xlimGDb2Ug7gvbhuMDb165PTNdt4T8LCfSTcSFZZbiR0YswQKo/iKEEgqcNwo4PXoT4PDHgZw5w7jauIy2njKdarTlGbrYmrVjyzcG0uZtJ6KzldrdN7n0mP8AFzG43Dwdath50lOL5YQjrZro/eafbXS2j0Pr60/ao+FVxbXWfhQH1GUyOrGZhDGcEIyAJwQcHnaDz6Db9Nfs7/8ABQb4XfDbQxpPiX9mHwv4+uG1B7ganqEoDiFn+S3lUxtuCjg88gAZyePy8Ph9tLDMlzGyliijarELjJGRnjOQePQgE1o6Owgdo5w7YYMojXbuLc9OCV5ye4Oeh5r7aHhhleNlHCYupXlSqyTnavUg07rVSUtLJ+X4o8zF+LWMo4KpVo08K6lODcV7GmruNmldJN2fd6vRn9Cekf8ABW34E2Yjmt/2HvAMRjOM/uiud2M8xE9hwc55BwOB3S/8FlvAtusbaL+x98N7FlLNGXmtgUCgMGwbfG0lQcdWPJ3Y4/nwUwW8bFVZUfORIzdwM7VB69SDjvycgCkdXuYlW0Us+GwN7BlUZDA9BgYGOnPqQSPXf0bvD50ZSq0sXWdS0pQnjsTJPZ7c/m0ttbWPw7H/AEg+MamMnCLwlKMG4wf1aPuq8deZp3aSW7st2u/7/wAn/Bcjxgkxg0L9n74T6QyhsObOymlj5whJNuPmyDgc8nAHORymu/8ABdb9qIWc9rpXh34baHHISsYg8P2UjKGwMM3ljdt5wflIPOc4r8CIdJ1RNQK72ZmQMf3mWADD5WBJLHHHJwe5HAHeJp82I5LhkBYKgWRwdh5KttJxjvjIyOMmlhPo9+HdG7p8P0pSi0lOpUrTTtZp3dTz2/4c82t45cYQqQnPNIezaTlGNOnC7dmldJNJqzWl9ux9f/Gb/go9+1N8WtZGq614j0aNLWLbZQWthHDZ2csikF4oASobLE7sdT0HQee6T8SvH/i/wuD418Y3Wp3TSXFwdMhlMNksjMSszRrgM3Qkj5VIUDPNfPt3o9tM2ZJ4BAWRSqyEhiDuBwuWIzgAYzgfdz16rRdH1mZI7PTtM1S9lbOxLHTr2dmVvlQbo42BVsjG3kKevXP0eE8G8lwUI0sty2FCEWpR9lTvZ3TT1Tb1ve7er26rpl9IrOqcUsVmVoxhKL5qqpwt7u6bskmr7X0V2rnoUOuC3gaRmNzM4eItI/nLjshUkgYB4z2IIACisOTW5Xgdo41RiWLHyV2E/NwFPAAOQMAgHJ7YPc6J8Afjfq0NvdWHwo8by2d08dvaz/2TcxxXFxMwVFUyBc5JGchQQOo5x9oeEP8AglH+2H41htJZPBWn+G7O8iSYjWL1baaKNsMDKh3FWwRtUtyC3PHH1mD8OMJhoRniKNGlZaSxHJBS1jqnUcb6WvZX1eisfluf/SDlUnNyzqVR6N0sNXdWSs19mjJtXd91q07X1t+WN/rOpRtIssuxWIZVjQDIkOCAV2nO3nAPHB55WsOW/uYYTGVaQuxYkrIQQcnqSOQT0zx3IGa/eTTv+CHfxbvPs7+I/iJ4V0UyBDdolws/2fBBZVztyUXoM4yCAerV9BaJ/wAEZ/2cvDlhAPid8c47jYN96bS5tLJQ6nLKrNdKQSwIY9sAYK5De3S4Oy+i1GEsPPnWioRliZdLu2HhUevbR30SutfzXMPpGYON5Sx+KbpNX9tUdCOnLZc2JnTTfvatN2063R/Lxd6nqVlE0MSKqsgYmTBYdSdgLAkkEA9RkYJGSDjah4kn8hUazjmkZV+RljV8dCwZjnBI5AJPUYGef6vtR/Yb/wCCVHgKGOfxZ47t9Smt0JMlx4mVmcxgMT5UIb5u397jBPOT4f4mm/4I4+DJhJaaFN4ovIZjGY7OJ7yPajYzyUDZK4LEc496f+o+Gqz9516Sfurmwk6UVa1v4sqSS9V31V7nDhvpMRmlDB4DG5hJO7+rVXiN+V2/cxqx10subbTS11/KNq+ravdTywhGiBLFEjjJ2AZPVcjuFAHQjPPNUbP7a8TSSTTGUvtj8w7GDEc7SSGXd6dBnpjIr+h74q/Hb/gmha6NqcPgf4D3Euq+fEIrm5sxbosLNiZzMCVUFV4QA8jGMmvQPBHxf/4JEeKdK0fT/GXwoutDvBZxrd3q2RAW7KASM0oJ3qrAlHxlsBsHtyVfDrAObjHH05zWrppU3NXs1Zuoo3vorPW2i2PvMF9IvOI5fTxT4QzeFCUpQdScJXilyNSceTn5ZJtxlypO1l3P5wdGgvY7+J7uIsg5zgFnYlgu05OeSSepOVGCCBXtlhqUn2dIBlPtCAMJIMmMqSSVyG2gA8HPTpnGa/ovs/2Lv+CSv7QEttD4B+Mv/CAa/PIqW9tca0sUatIcxf6LKI0G0Nkr5hwOMgnNZnjj/ggT40Frca38Avjr4P8AiFaSwvPa2Goz29vK8Z3FUS4gmn8xmRgDnPOOc9MMRwdlWFcKNasqcm/dqV6VSlB7J3qTh7LrdXnqtVbRnVk3jvVzl160MNiaPK71MPKdN1o8vK1+5jU9s7W0fs9b26H8+1u5ih8qdhdmQhkYKYnKHuk8e19ykZwCuSNowSa+tf2Zf21fjB+yx4pk1j4aa5GseoiO21jQfEgGp6ZqVjERuhYXO8oWClVbcNuc44rb+NH7CP7VX7P93IfiH8I9fj0u23KPEOiWMmp6M6Jnc5kt1kbaRk5aMeoHIJ+O9R0dTO4kt2juIX2hCjxyBicsJYJAjJgccqcFcE14Wb+HWDxVFy9hQxVOSdqkFCrCUXZrlqRUk2t1Z3v1ufp/DXjV7OpBUMdWw1WLipQqTnTlH4fdlCVprZW01to3Y/pg+Hn/AAUs/Y2/aJb+xv2jfha/w28WXlqlrN4r8MMJNPmumABuZJY1UW0Rc7iqqyhOByKyfj7+z74UbwfcePfgF8VvCHxI8HWFlJqM9hbahaDXrW0KNK1r5LOs7vFFzIdhZcMM5GK/mjnur/Qv9IWV0fAaNHQOmCfmCsQeNnZjnPTgZO3pnxR1jRSZtO1zVtCnuYmSY21/PBDcKQBLHJAshjZHjZkK7MEHGQc4/BOIvBLCSxDxmBUsNXTcuW2nM3GV7pbLa1reh/TfC/0g6lehDAY+UcVScYwVZyTau1Ft9b8zfVadHY/Wz9mz9mf4h+PfCPiP4ueANOWa2tNcmmu7aOUi+jjtC8k0trA4QsqbG3NHkZyMngV99/D74q33hi1GoavaNPBbeXBdtcFUuY5IuJCUBJOGVjwBkDBPNfDX7EH7fHhDw14T0/4O/EpbrQdN1G4kg0bxz4YkCDTWvvkYeILSP/XQs8m53bhQSSFBOf1L8O/sr6V4t0+91O28TWWtaFrcgu9G8a+G73+0tIaO4xIsWq2sZP2W6+YNIrL8o3dBX8p+KXAOZuvUWbUJyoQlGNOqoybjFJRjKLUb2UU+ZvTW+idj+r/DnjnL6uDpvJ69L2s0pVKUpLmjOXvP3bN3d2ne138z5o/at/aX+FfiT4FeOdJF5G+u3Fgbayj8rYSzkbQSFAKoxOWUk92A4FfzqeGXmvpL6e7ISOJxFG8eDld3GCcFlPZgSe3TFfu9+0n+wZ8Q/Dmh+KvE9xLpnijwbp1ld3E91pM8aXKW4ywlMIJZSGA3AjdgFtoBIr8hvG3w+t7Pwl4Yn8MyjTtQkiu3ubRkYTTxBysZkcDhjxtGc5PQDIr6jwjwmU8OZVWwmHrTaxFf3nU1tUcI3i29mo63enWy2fznifHN+JMTSxNWhFfV6DUeRO8ouSlzSSvqm90rW0RmxBGgEahEaNAFfYvzDAAGT94lcZIPLc9+Kc7ghI45o4ZFyZTgBSowWyASuCQeuVPTgkAeKPfeM9LSUXdhfzQKWYybmZQFJAIODgEDvkZ9OowH8TazO5YvJEkiurJO7c4J4IIBxjcMdD24r9po0pSfPCvpK2z5rrSz11a0s7K/psfhdSjUg4wlR96Nrr4WtVrZ77Wb3ave19PbLH+3NI1aDXtJ1a5sbhboSWN7ptxJa3FvNESQ6yQspG1lznkY5AB5r9Jvhl/wUa8c6T4btPAP7QHgvwp8dvAxWO2ePxLYwSeIba1I8stbaqYzcGZFwyksWBGfvZB/KbQdTvFttKjMpQSC5dty5XcM7uM8YwQDn0Pf5vQESze0hmmlcS7CwckEKwI7dcYP58DAAz0aybpSTlzLVqz193S+99dG9ZeqR0RxGJwdOFalN03Gz5U3ZL3Ot07O9tb9L33P2W0H4W/sb/tEKb/9nf4tf8KO8d3qif8A4Vt8RLgf2DcXrqGNtp9/MVS2Qv8AJGc/KMZwvTxf4pfs2/Hr4PtJc+PPh9f32irn7L4v8Jp/bfh+6jA+W5jurHzgFdSHyQMA8jJOPzD8xPOWe3uZBPbsHFxBKYJUOdyOroyuHX+HDKc4JOABX2H8Df2/f2j/AIEyrYeH/HU3izwspSO58H+MwNd0ie3xh4VhvhKI0KkrwcDjJPJbqw8MThbuE5Shf4Z3au1G3xfnZNO1r2OmHENHESjDFU4qaavUjbW1rN2smm+/Nvu0rHRaUml3qN50/wBoMoAaBwIbiM/MNrxPtkUqQcBlGOTjOan1HSYY8rYxxIF5lYoqoq9RyCdzg4Jx1AJAJwp+x9M/a1/YJ/aOgjtPj18Ibz4JeProIH8b/DtjFpUt05O68u7GEIiqZCWkCkHaSMY6z6z+xjN4ksZte/Zo+OHgf4waI8bTWmhXOo2+m+JBE6llhaznYGadOAQWGWJGDjFd8MZCUZc9OMZ2Sd/dT2+9ryfTQ9OnXoVWp0akWktrJNp8ui+b0+5WVz4Au1vreSUqs8xAJiKxkIQBkqQSAOOgzg5HBOTWRHc6hMxMipCWODJKfL8tT3UFssoG1cdehPqey+JHgb43fDqeTTfiB4J8Q+GzHI8X2t9Nma2OG4KXNuskBQjoxfBGCMAAHx+Ce5uWkeW9FyVIKxmQK+RhhvXjkHkjAIxg+lcvspVJNRW+uq8ls22r+evVnTTruEl0T1d1Z20v1d7r1R6lpXiFNOljR7k30xGxgrZCHJ2jsBjgse+QcEnJ9f0HxLcX4KR7XCqEaRk4hUj+HJxnBwoGcn2xn5XtHhN4u9XWRnAURltgbbgkn045bPzEjnJOfbdGeRoERZVgXcqllkGZCMbiScfTkYOckjg1w1cu55vmipPeySstVdO6Xk9d76WaZ6FPM5QklB3eiajLVKyWqutdNb7XetrG34j0aC6ebdOZppBvjRiF2nAJOQCOfQ5z3GQDWR4Z1XWPDlwZLczxNAf3DwyMACp++Txv4GRz1ye+TuTXKQtnYHKJl5pGJ3AZJOeo55AyTwfektrqK5YNIOhyvlgKpJJIOfX8Mk9Mjk+TjOHsBiIP6xQhO6aSlFO9rbvVemj2S9PWw2eYqnOPJUlFLld03bdLlTeul03by9H9GeBf2pvEfhmIQ3zPd7HXJuCyqq/8CyCQMe4IyQDkV9WeEP2ttOliWa51MQTugbyITtGQBkHoSvrjk4/izX5oXWmWOo27xRs4mctmQIAqseRu5x1GT0x2xxXnl1omvaZdRz2l28yjIZUkGxFGcZxx8pxkYGSD83QV+W8QeE2RZtSm3hYU5P3rKEbatadLu7bte11e29vuso4+zLAuMKlV1YXSanJNWbSfzXTV7tqyR+32jftL3GuaxbkakVhleGKBUkIZEzy0mCo2gc4J98AV+k/w8+IvhzWPD8Frf3NhqcUsZjlg1EQ3Ec2/cGDRXAdWB3EZxwCOOor+Ufwh4t8TW94sXnSicSKiSR722oSeWO35R2z94c46ZP3N8Nfi94i0N7VNU1HfEgCRw+fukJXj72QTnnr+B3DNfzxxh4FYqlTjXynno1acuaDgnFNpRtdRaWllbpdd2fc4PjjLM0ozw2NjCEpSSjNWjLmXLrzLXt8W77X12v8AgtD/AME8/BPxk8GeE/HH7OXwm0j/AIWpBqZj8QW3h2CGxTV7GfDtNLFCFjluVlJbfjIQ5wDgn8qPhN/wQh/be1HwfF8TdBuPDmga0o82Dwhf6u1hr1vLC6mMRPEQwc5Vk+YDJ7Zyf3Tvv2m78aa63MqWpg2vDOLnbJ8oXqxyMccjuSepr7K+Cnxym8VeHbGZ9SjjY7Ajw3GyQ4O0yS4OWyQCT1OOOtc1DiTxB4P4ap5XKjTxeHpTneWJhOrOUG42pJy/5dqz211tpuuV8M5Hm2LjisNVTxkVHllzuNmnfmaSTbenXfvay/ny8K/tF/8ABTv/AIJ4yw6P8QfC3jvVPD1mArw65Y3eveH5rYEBltL1BN5UZUYDsMLz2wa/RD4X/wDBWf8AZG/aQ0i18H/tXfCDSdBvb2OO3u9Uu9Pt7ywSWUhTLK7QRz27BiWXP3PQck/tCvjLRfEFs2ieLLfSPFGl3MIhuLS/s7e+EsLAhkdZ0c7SvXYwOORgkkfDfx5/4JbfsVftGfadRsfCM3w08Syqxjv/AAezafZvc4JD3FlGSkrFgWbDKGUMAAGr5Olxhw5mFSH9s5RXyLMZyUv7QyqUqK53y6yop8kmnut7bXZviMqzDCuSmpVaVrX1ldKySVVJzjpok4tW1fY+cviP/wAEm/2Af2sBZeI/2c/iP4f8O61cWrSxxaVqNpf2svmqSqnTXkieJ1YkYCNgjgEDNfkZ+0F/wb/ftQfDy51HV/h3JpfjrTIo2mgttNkC6hKvzMWSDp5pAJKcLuHfPH2Jr3/BHr9pX4FePNIuP2aPjo1xcXolubSa7vrjR5dKeIlkil/eyI4YAKcxgFiec07Uv26/+Cnv7GWtf8I78c/A2p+O/DmnyrE3iB9Lk1Gxu7ZPvSRatBHI21l5VmQD5gcDBJ+tyzibijB1UuFeLMLmyTUoYDMaipVnH3fcca7Tcv5eWqtL+6tn5tfJ8PVhF43B0qtKcXNynTcanLdJTVaik9bNe/Sauum5/Nv8UP2Zf2g/gvqc1h4/+GHi/R/LHlSzXWm3RgBVsMRJFGyYHYlgQP7p5Hj0U4t70217ZyQTmPb84ZZI+P4kbBLY/vHORyAev9ofgb/gs/8AsqfGO2Tw3+0F8J4tPluVEV291Y22owbmyrmRZ4Y5o+pG35cDPTHPSa5+x5/wSk/a7t5tY8Bal4X8M6/qaM6f2TqcOlXEUko4Z7OQqhcM2Nu88ZG3rj77A+NedZXajxbwzjMO42TxmFUp4eVuX3knHlSsrrlqSutD56vwNlmNXPgatbDt/ZlyYmitYuznTftY6aO9NW1Td7tfxfWWj2d7DMLQm6dSHkVWJaPacOc9lVcEcc85B7ei+GvgtrnjBLi6sgui2Flafazq+uN9hsWgXBkNq05U3DhQcBAVLHAwTmv6JfiZ/wAECtV0y01W/wDgz8R9I1u1w9xa2c2xLmYKRIlv50TSLNuGBnoxOOQTX5T/ALVX7Hv7dmk3GlaZ4j+GGvjw54T0pNI0qTw3YzJYz2kClTcXIs0HmO4AZjIGLE/NxX2uVeLnDme140MLmNHByqJJ/XX9XlF6L3VNpOSe2rjo/JnDPw9lgoSxLisfyNONLDO8pNNfErqaXVXjra2pF4C/a88C/s5eD7nwN4K8LaH4pv8AUNKez1i+nsoik+o7dhvZbh1kaREdm2RgKBgZPHzfDj+JdE8T+NW8Sa5ZWk0Go6tFf6rodtGLeKeH7Q0k1pBIAPJDLldyjjIYg8V59f8AgPxt4VvHtvEXhzWNPlVmWRLuzuYHV8hWXM0cZDE/ewxzk/eGKu6fDZW08ZuI/KmwSySjI4IxlscdgDgH65yfvsuhl0I1a+Fx6rVcU+arWjXUpScl8UeWVlZ7JWsujtr8vnWJzSq6NCvgPYUcM0qdJ0XC0Uou/NKOu3zb6an13+1DYfsu+P8AwD4Puf2efhjqngDxvaXWzxgt/qbXmn3sYhjWM2yuFCu8odgV5OegIr4BTwn4x0vUJrm3mn0uaKIv5S3DLvjQcMisTkNj5Cuccg7Tgt9ZfDXTNCuNVt77WruGOztdRtZzFJK0lvJCH/eGaHjzFGSSuAMDA7VsfHYaBa+LvE+o6HZW1z4fh022Gm3lju8gzSxAMsCgbdoc/Mu5thOQAOD6mTZrVwNaGDlWrVot80atWo6kr8y91y8lt05dLNnx2Y4NYlKsqMaXMknFK12lukore29ld+Z8daN+0f8AGLwdf20Vj471u2FpKVMIvLhfJjUkAFFkwc44z788Yr73+BH/AAUZ/ash1GPQrDx/eXEMuDaLf35eERpglHWbduDDIAOMcD0J/HnxBJfWviC4na3ZJZfMbZLklg7kLzgrjGB3OecV7L8J9Ivtb8SaTbaf9phv7pRHBLHK0dvHKT/rHfIG5cA7ezDGR1r9RwuZScVVdVpRUXrJWvom9dNbL3bprz1PkcVgpRbdFWndJa2b+FPRX8nbvZdD+g6X/gpL8SrS0gf4sfCTwh8R9LupItPuI9e8OWaec+7Y62tykJaQuCzB/vPlRyTzyV18bf8Agml8ab7Ul+JvwH1b4Xa1DiG61DwNfvZxW80i4aV7UAAlGYkqAflAHGPm/Lnxz4t+IXw80LV9M8R6tNeWWkGO8037YiOPtyk4Ocsy4/g6cDPT5q+E774o6v4l1C/mvnWO+1C5W5nms/kdgApCnZ1yBgELjORzgiuh436wpSXI1bXRLmta+q3aadtbNbdTzpfWqLtN25d9Heyt3b1UvvSvoj+jAfsH/sYfF14pvgP+1d/wjmpXFt5lnpXjW1jjhjJy/ky3cr8beASRuZst6Y4Lx3/wSa/ae0pY7vwtZeAfjPoqIWjvPCWqWl3fXChMoWjVhh2TnC8ZxnPFfJ2mfs2+Lv8AhkrTf2odO8e6PY6B9ojsX8Ox6stv4gWRJPKYpBGRJNK5UlkPAQ7sgYz5X8Pf22vjZ8MLQS+FvGvi3TYrGYqiQ61dIrYxsdlYuBgYyoIGCRjGRU05YXELkq4aElG6lKK105b2013e610s11UMZGTne797laadm1yvVaNrrdXaSt0sd14g+B/xf+ElzJY+Nvgx498ISQzSxeemjXstqiEkNKGtklRwCWwzEblJI7Z8K1rS/D1zfCK8v77T70PJg6nbzWzsCfnDrPHGQc5+UZyAOSNwH6H+Dv8AgsN8emt7Gx8SajpPiWENEs1rrtvZag1xBgIXmkmt3cAnIbJGTkHBO5fU7z/gon+zD8SNQgt/jl+zX8NdRDkJPreh2lta6g0fCySxiGNAHIwxPB+6ACd1ctXI8prTvGHsm7bpJtXV03GzdtXd6Np3vq3DhhXVSqUafPNRSkrfDpda+9a11dtX3tbRfilqHgO91Gd7bSLy2vU3yEtBKsbMpy3ln5ucgZIA64rx3W/gdraLezXWkXsDBmaSVI3myhOVGRyBggg+pyQRzX9Bs3hT/glF8Zrwnwl4p8RfCbWbqUCInWpVtYJpTgKLY4G1XbCrnldwJPAO5J/wTbs9UtLm9+Bn7V3hLxLDIVFtpvidrPy2ZlykTyyylicYTOOOec8jrw2U0MDrCcddFyyTetrK2+uml++tj0MLgsFTb5aau/ebtr0W92ndpdWn2XX+ZS8+Hn2OHe/nW8UCkmO4jYMzDg9s5JOQecDA7YPIXN9qdtLDavGrxxM4jTYQJI1J2N2yV6A5BwRgGv6IvHf/AATn/a50CG4udT+E/g/4n6YIiUuvB1/btNJGW5lRIgQSwO4ei7cAivgz4ifs13PhyZIPHfwG+JPgm4iLmS7TSbu5tYz/ABYkhiZQgboQccAAncBXZ9RdZwlGbs9dmnqoq3VW2e61u9Ga4jD4WduVJNK2u9rR2V5NNbWdr20Wx+d9tqUkcXmJKwyitNG2CdxwcAAjG0HAwfp0NU9cujqEMBljk6jJJywjwMk4xkeij2JPJx9Aa18E/CE1039i+KrjSpGbH2TXbWaycOzcljNj7oIDFgM4wOcAchrvwJ8cwRk6Xd6frkDoNktjeI7PwMYj+9nvgcA8AciutZe4pJ072S1Vnro/v7atLa6umcUaPI3a3LokpR02W1+j3vqr7Jvb5x1m8t0/0dI9yohQSAYcJgd8ld34jkHJJ5r0j4SaPZa/4j0vTb2T7NpzTQzXMhABEMfMpYfeXcoJ/MZySayNa+GnjXSJo4tS8L6qrgFmb7PI6kN1YsqnjI5JGOpIxmu1+HHhnVLVL6/ihliu9v2WKJg6SKzYQKQw5wM5xwBjPYEfLRpzc6fLHa9la3u3bbVktebdsxxUqVCN3pKV1ortu0XpZpK6b0Vra7KyP04+FXiP4JeLPi34F+G2t6sNA+HVrqdhp+s6pFGMCNmVbiWVyVJ4UgHJU7iOSDX7wftsf8E2vhfd/AG0+OnwW+IWnT+FPCugLJa6De6jCqatpqRxSyzRuZebqfadsRUMPmAOBX8j1jo+o6ZqEL+ZIGhlE980IIkDdSNwxl8kbSQQCDyeAfo+7/aY+Js/hVvh5c/EHxVP4Fjgt7V/D41C4EKIDt2CMSYwoyAQGBPy4PJr8/4iw9fER5sNOXOlaEk5RVOWnvNWfOrOzTSfax+jeEvF3DGQ4/EVM6waxSteD9kpubUf4fM2pRvK15p3jZK2yP3a+Fv7V3iD9qH4L+CP2YPCfinwl8F/C3gaxs9J8YpM0MNx4vtbUlZLaFX8vz5JArM4Z2ypGTjr+Pn7cHw51H4dfEjU/CmjfEDRtV0uaKK+05tBmQQW1sAVNletb4VLskNujOQuQc5NeT6tpNtoekaVrHhG71iXVPKXUHMF28c0qFdxP7tg3npubazfe6joBXpmj/DrwB8W/A9xeaF4+/sn4u30UMN34c8eXLxxX1yW2I2nXMzOFdmIUDjkjK4Ga/PaMMVhMTLEYrEVJYWjzOXtEm6cVy6cyaXKrOUbLq7t2P6gzjiDKvEXhenlOSZXhaOfK1WkqdRUpYiCs/3XM05VpRVOLjza7rW9/wA7bzXtb0vUIptNvr6WW0kkH2mO4cm1cEAyBjuKMvzEEEEjnHeu0vPivca54eOna8rX91ZWUkcd5Flbu8mnO3ddTFS8mwldw3Z2nOOQF9q+Lf7Gnx2+EGjNqnibwhf28eoxwGO8sIGvdLvHul3IIrxQ6AupDITlffGTVb4QfszRah4X1Txr8VtXXw54Q0aE3M9tbyRya9fXLBhFALcP5qpuUKzIG7cN1P1VPMsqnTVenWhUmoq0afLJq6i0lFNy1bVr9PLU/njH8J8XZPUnhM2wWMwNJqUprE05woSjG20pe7Jrlbum3Z6Wu0eJeALK9vhcCfwpqWsTWUBuo47O3nlS3A+ZJJZUR08zBGF3Ar6da+h/DGt+MNMWG3bxVqPhq11nYL+ymlnW5sLWMfIhJYCPjO1cKMH23Va079qBPh3of/CAfDnR7LTNJmumln1W806G51m9iikYQebdSIZAJEIynQKVzkjB8j8UfES616eea551DVWb7W0cQQhHPyshXATO7GMjHIIAGa+ezGhPOajWKwlNYeKTpusozm7OOr3UbpWWt05d1rz4PiXE8K0ZrI8zxeFxVXljWnhak6CcbxupTpyTa3XvLrJJH278Gv2p/iZ8BbHx5a+D9Z0PxDpHiK1m065g8QxQ6p9rEisGumSdXKum8tGAw+fIz1NfO5v5vEUd3eazrsGgW8mpS6vC+nj7I17LPK008KICNg3O8YTBwuQMDivFvDPh/VJGvruyffHYiOS6eV2MNvGeVJLAB37sFIIOTgkcWnafxFqMViXjNtpcvmSurBBKAwLuFA5OQR0AIOcHk1x4PKMLl0qlTDxjTnNqM+Vpr+7F8ul93pG71b0PlM34szzMa9KtjcbVxEoSup1a0qklqnrUunvqt22tXbQ+1fidpyfE/wCHfgDwZ8MfD2rvbeHrOfWNb0yxiluLu+MamS61nUmQEJHGoYqGDfLyMYr4RbTIdPtdQVg12buSe1iQqWeJ42ZX3Aj5GRgBg9D2OTn6B+H/AO0R8RPgX4wl1LwfqEFra61o8+h6pDfpFcQ3mkXEZgmi2yBhG7o7Lxj0J4Jqhrdx4Q1/TEvNEiktJ7ye7vdRknCiOG9uJGkLpyV8sn5VUcDOAcg49KlWq4WEIwpN0ZybU09VOXLz3T6O++199TLP+Ia2dU6WMxFWpVxEKMKCc3f3KUIQhGFnLRRTvslpq+vg1t4OuY9Lguws0gO6SRY1wYYhnORyNzDcPXGOc4rn9dtrW3soLeGDbKrmXEhPnIjnGSBkbcZYAnA5HvXfeLNbuNH0q3sNNvPME7BLu4JBAyTiMAg4AGWAGDt3Y5INeWTamZLphNIs0kiFCWIwVUqQyDtn5gcHIJOcCvcwVWrWTcr8t7RVk0k+W97Pay1WmjtpofN4bEyq0rO7jouitFJX0Tbsra2V2tL6WOw8O3lokSQ280gUbfMLttQoNu6POB/FyGPJ6ZwBX7Rf8En/AAD+zb46+IHjaf8AaR0CPW/CemaM93YQM6GASoDuuLkuQG2LnaBk5GME4x+IOnWouIgkKNsLgmQsAcdWUED7pIOc8AjGDxn6Z+F/j/XfBOmajaaX5tvDqoWyby2aOdUZSH3ODu2YOCDgEHJwMAXHM6WVY2li54anilSnzewk/dm0lZSul7qfzsl13/JvFTh7Ms94cx+AyTFrA5hiFGFPFR5m4Rc4up56xva0o35tWj7T/af+CPwo1f4yahrXwLKp8OY9dlt9F0KZ40lSGORjOyS5IjjYr8pbK+h4BOp4G+MP7Kfga6l8K/Fb4H6br0/2a6sDr2n3ATV4b1iQkhk2MAYckLISCeCAOlfJvhLxK66rqM2rajdWmnWySSWgE7BpLtui54U5ZsHHXk4AYV5J48v7TUdbaRYP+JnJNFtmL/IzNnazH5eeBnBI+XGM5Uec+I8TXzSrXhhsPClOM5ulyqdFSk4rlStb4dY3a300PyzJeDM7/s7B5TnPEGY1vqUqUqeJpV6uHxE50Ur/ALyDTnF7pSumkk7WYvxYfwzN4+1X/hCLW4s/Bl1ey3mm2U07Xd7bxSMXjinlK5yoxwVHv2x618FPFNpJ4p0K40zwraz3qgaFLK8ZZJJbs+SlzNweUJ3ZAwqgHHpifBH4NeK/in8UNH8Gx6jp1lLqqiS71TVHSDTrDTkO65uJJHZUMkcQYom47m2jOev6keA/gz+zZ8BvjFpFx4f8WXHxM0/RbPzNfVgkNl/b0q4kjWPDCSK0lBCsoJ2jIIHFejQeHp1KOJxdSFOjKulJrl3TjdKN9Xu7WdvLRL2+NeO8DwTk2Iwf1jFY7M6GBnKjSpxlVrtwjalOvOK5V78bO7u2+reno/ir/glr4fn+EcXxJ8efEoXGrahbz6rpWkaKYnkjuZAk0Om3ESyZLgMVAxnAII5Ir82viV+y9pHw7vNO8Utrqas8NsZ5NItRDBc6VJHgQC9UsWMjFSxXHzA43EZNfrx8c/irofwe8F23j2fxPpXibTtfkupdG8JafdtLNo0twrG3aSMMSrwg4IKgLxjGcn8r/hrp+t/HDxf4i8fSSwT+F9IzfazZa5flYH4ldIdmSHijAGTgDgEnBGPc4onlGKpUsJkeFftnGMqmI3UlZJKV21FtrVK1m/M/EPBjxD8Rs7nmvEGfY2NHIIT5KeFq0JOqpqUbKDaUuW3u+6m79G9vh/4kXczaxZpJfm7jnhjKxM3yoz9C4yMsAVAz0xj7wwbHhXV4vCljMLOKN715N8zyBSu0jjDsMLwf4eQVGCAATm/Fi1e58d6ullHCbZ7ueayaxwbKOHewWCJwcFFxwwIBzg4xgcZBDqcyGJ1xApTzpAQFjYMQTwexBOCxBPQAkZ+N/s+c6McO0+aOkklvJ2+bWmqTV+t73X9u4TMKVfLaGIc4yVSlGpJJq15wg2mndpq19dF1VtDqvFes6neOrwNK8bhbi6DsZAhbG4qzHBRQBjHKjB7A15/f6q5KxrI90zOhLKD5qDIH3hksu48D357V6pbXWmpYJBcRJfwl2thIgImErAKQfVVyc5boSeMGqev+DYtMvtPu0jktYriFbryljEsQC9AZOAQWxkH5sg4JzWcMLRwf7qdONOUnyxTSW3Kldad1s9X6Hfh8Zh6sWqc4XavFqSkm+aKVmnyvbdN7X01vBZavd2bWtsky2lu8ay7GbPmkr83mKeQ2OpOCODkHpy2rs8Wrz3NhcRLG8ZUCLnzHILFBhgCHYkEEE89SACcrWNet7qdoxCySsWja6UbVRYwUTYv8IG0fMc5JyTg5NDTbfUTFBMlq0lv5+YZXyfMYEBto+YKu3n09DXqYHA2vK1+Zv/t6/L20SemiXVXZ205TTTTvzX011Vk7WvpdNW6N/hQuL7UDbStcQyI4lAUkMqsoI+4MHlf7wAzjnqTViSO5htVvLmZjJsDRKOSCwwCxwBknBwDwceorpricieWRYY5flETPMFxbv3VMZBwcjBwc8DPIrkPEUwt7No491xLJiaXYSCjBsqAF5UAc4XrjkYzXoTw60jGNrWTaTdtle2139z0Wt3boozU2k/cvyr3r+81y3d9ba2a3a6NHa6DexJpE1zNLLBtiLFWOzzbgFtmO5XJ24I4IyeRmuDNn4g1eee8Nhdy6ZFMVur3D/ZLc8uiPcY8pWfAAUvluR7Vy1lqmqanbTxIZJQp2JAhKhSvG85IPABYHn8TyPY9S+N2oSfB/S/gtbaPZaZZ2eoyapqGqwQqNR1qdlLRx3VwU851jY5jXOxdvHU1xVKNShOHsaSnOdSKld8qhB8rcmnf3tbKK76vRovl9lJuK5r8i1so3sk2ld3bWsVvrJOyOOvNdeOPbbPLshRYUVm54+V2jXJyQAcnjjJ24BJ3dK2XdrM4BkDIgDOSGD8EqmSeeRwM4yNvPFeIXt/cQzQAS5fYFwTjG/BKuBydueo6HOCRnPpXgnUZoohcs6yRpOP3L92yFJx3HPB5x97GFJrpxOH5aPOo2qcttb9Um213V7LrsuwShyxk2tbe7FpNpcu+j1smm32insfYngbX9C8J+GntrSwt7jWZVjvHvr9VljtHjIZUVeSQw46Dk455xe+Jfxk1X4h2lhrmsWmheVoEMFjDFZ2UdjNceUoAaYKq+aF5PzLkk8kgEjhdD8N+JL2zvfEen6DLqml6dbSXmszIhWCCLZuQEj5ZFABJAzyORwa+YfFnjK6v7u6hEctraysXgtIztVAGIYkDGWHGCR17EjNYYGtOeCrYCl7OUZSbq3jHmTtFrZWdldNdWurR+dYThaFfiepnVdVXVpKyvOfKldOMVH4Wld8yaavtuz0eXxLBqd9PqTK6XCylI4GIeNY1HOcZAUAHAOMA9ehrj59UtrfV1vYrV4JblmRGTIyTJ2IPCsA2Cp6HBJG7PHQ6stlZ3CSXCt9o2yLkZcZHygsuQdxzu6c4J43CsrU9aIa0Eq+cxHyGIkKnGVDA5AIB5B9CM8jKwmVqk5wskmlzaJu8mm9Fr8Vmnottbn6A6UuaKs07XcdF8TitbXfxO+26v019rvtW/tKJ40Mdu8aoqwq2PNl7Ox4Uhc5AH3s9SMGsxLSMwzRtIyPIjNcSM+AHxyFxjDFcg9z1JPOfMNK1wIkqySbGkckvISWjYZwozncDnOOo6c4FX7fxTHb3EcQ/0szN5rbnJ3kYwBuA2AD35x83NVPASjL3IJJWatqru13bW/by6apMUqctVyydrtL4l0v8Afok7K3nZ2958Mx+HdMsHv/EFpJdtFbn7FbwvtjfIAzcnjO4t1bHPNcZql5DDrVq9sDb2c7tLawDDCENgxh3OeV3d/QleckcneeKne1mSSZI02s32Tjc7ALhSeCqhSeFBznj1rkI9Vm1G9t5DIIzkr5fmf6uMH5Sq84YgBsDGPlOSBkkMDUd/aOVnZOzs7LbqrO1t9W+l2XThJRTSa0W9tNVppa1lvfV6XVkfSei66Yb+C4WbfJbtuuTgFEZRhTtGN2R7H5gMcFq9S1PRrDxpb290t4kN1bwmcRw7InmY4+R8HIDYyxKt93bk9R8eT38lnslsbiZmkYNMWYnYo6CTOc5bnkDPXqK9g+Het3V7fIMvJMsKqpDFYi+CMyZITAHUYx3PArwsyyypRlHEYeU6dWLTmk3aWsb373itbq7vdPa+VSj7SMlJK/Ne2jSbUXez913XS1rttaHQLpOtNd3VvdapNa2KxyGFkuGZXMYIWBCcFegBUAdQCBWh4d0/Wr/cE0yTUI7crAJpyVW3RnAWSSYjhWBB+Y8ggdemrrouS+bjTVVLZhIk6M/lztkGQsQeVIU8jORX3Sf2QPitH+yTB+1bZJBP8PfFmtLoKeHtBl83VbOOEBZdavo8K9vZqQSegA5AOcV9pwlw7Wz9RVNt1IQ9pOC+NqLipWTbV1Z2tf56I/OOKs5w2QUo1K/sKca1aNFVKr5Y887pKTkny2tK1kou695M+VbPSfFseurpyzBDp8MV7p4067Jt0nZBtRVjJMsjt1CsWySNoxx94eGPDWr+Gl0m38QxSWut634ftNUvLaa1ltLhElLFWkjmRWbeMEtjBBx2BH3P/wAEh/8AgnDH8fNV0v43eP4Lm28D+A7u0vNN0+SCZk8VajbTB0hdpADNAjKPPXDo+ccABq/R/wD4Ks/BDSfEHx9+Gup+A9L0bT9Su/AcOk6/pVrBDYjS7Oyj2WUz26IgDS425KjIXqABX9CYLhujlWTwwzp1Fjq0fayg3H9zSgqbjKUUr81W7dmkrR3sfi+S8cxzDjqlRw7oPK6Knh5Yik1P2uLlFuUITjy3jS5XGV+rstE0fg9LbEPM+X4wUIYnpjBPIOO54xyapO0gmDxq2VJEh2jIXqCQDwR6dumTzX2/Z/sl6/dBDqWs2tshDFTHhiEPQNtIbIUg9ycYzmu60T9kvQI1xqmqXF27fI/2clQT3JJ5wy8hgeDxjgivJVCMG+aSUtW223fa6t5bKLW17K92fussxqTq0o06cnHmheSvZ7Pd3200fR7HwHYTSIo2yDLFmYlcEZ79ATsP3c8YyMYrpLS5mKIAEkUOQHX7/XB+VQQDlvU9R7gfpRo/7Nfwv0/yEfT7m9K5EjTS4IbowUnqCd33sbTjAJ4HoOmfBn4Y6OUMXhy3dmlZVjmQTZDDIBPQEE8k4B7jJxXK50ovW1k99Fb4VdLRK2l3p17XN6s8Y5RUV7rto3qlZK97WtvzafkfmNYRzSwQPDHJLiQ+WqRyjaynGNyrlhxwMk5Bwe9dbp9leXIYywTICSGaWB1VNpAx8wAOSCAeQR2yTj9OofA3g7T4bd7Lw/ptvJ5xCRfZI2Qk9PXkk7ck4JHasH4ieFtMj8NXmzTYLeSSSLCw26RmPcFySygjZjliOeh3Hod8FVpSx2Fgna9aCWv8zjvppqtnqtO9j5fi3DYh8N5tVlqoYKtUkt4tqnq9ba76vX8z+lf9hWMr8AfgaxHyp4PEY4A5Vhg4IPZee5H5V+Jn/BXHwzr3iL9rWKLSrF7kf8I5Z7cHADkR857KvVhgfMOeAAf3O/Yft0i/Zz+DBQB/L8PzW6YPIAY5IboRx1PGASOpB/K3/gpXIsH7Tttc27iOSPQrVZipXe2BHlQCeMgk5yTnnOMis4VGs9zNw+KNHEprbapF2v66+t7dT5bh3CR/1T4NU2oU62Y5ZUTk9bywqVntqrtdXq1Y/EjUvgP8TtUXiysoFViT5swUEFsEkE8HBOR03Z69Rw+pfs2fEINIBNaRspDMiz7gU46H7vtjOfTAbI/RC51u6lL2aQoy7wTN5i7tp4OACc8ngD1BIXFZF5egCWMSRttAyjGMuST90tvGTyfVgB0Pfx5Yqpdq1tbNteluWyul130ffc/o+ngaXsoNVHN8kbLRfZirLXolvt10ep+b95+zp48jIFxLZqw+dSXDE5IIBOSCT1OTyxxnqap3f7M/j24UStqFpgBJQokGYxtGSDkZA5ABP90+hr9B7xXdftDtskDhRHgSIYx2HzYAPQ57ce456+uruGd5IrbETRlZXIyDtIJMajoOh7gAfXPLLFS0Vlqra3V1pq09knrfS1+j356uHiuZRWse7fdbd7t7Pt1e3wv/AMM1eJSVWbXrdZlUPjIIVB23nOTkDjkYI4HAqvP+zxdwupuvEowyhf3cYYqwIDAYwCBgnjAwM9yD9h3OpmSYIil0jUl3aL5l4O4Nnt1x0/ADI5ud5J/uIjKgkGxgBIuPvOwPTpkDOcAmsFiXHounfT4bbLWyv1tp30PMrU+RXuk31smnsrrfZW683XrdfJ1x8BrYMFHiGe5BYK4SIAgKCDzuHAx0x0HJqje/CXRbdZEi1W8mkwqsgTBIUAPkZOcZ2jIJJwAMk19F6hb3RiaFXhRnZnjYMFdl6H5hnDDnC5PJJPqPP9QsjpqzJdXZ83G9EUHcQ7HcfMwckcg8AYw3FH1luy5t+t0km0tFrp6a6nA6soyWqcdGm00l8Ld3pa+tle6trqkzym18MaZpKn7FaX80qNnDysFYDG5cjPyk5AGTnBx0NWBHqwuDHbaHbpuDSL5rFyVIBPJ52gDGDn2r3PSbTw5L4e+V5JNWErENKxVjgc7c8EAHHyjt65pbK00tDtmuV8xkBCMQxJBG5A3sOmOCTjrwGq03s73s9Ulrpa+is9NVrZebRjUzCEEotX1u1eKu0km1tro9l18z5xvNJ8SvM0qabBKGGHiWIHaxyD2GcD0HU5IPJPIX+jSGRpLjSJAQPL3LHvwT94kADI68AHIABx2+6jpNvJ5TJFGiMgPQIzrtwMkZDHLd/QHjINc3d+F7FmJRUAkZsqxG5cHJI7nIJB6nP1BqPazkmrvXV6vRaWSVk3q1ot7qz3ZpSx9N2ai012d02+VOy0b0as499HZn54a54Q06aGd44F+9wssJB3scgFtu4AMCMZxyTxmvGdR8CILg/wCjxIx3NgAFGxz931zjH8IP/AjX6k33gnTZAIktIJxK5Zw6oNpyTw3UhiQQT34z6+c698JNA1DzGSFrK8UEbosNGFHC5524y2cA49ahVHFLmvay0+Ls3e97Ptp1t2OyGJjzX1vZPZvfle+yaTWjb6n5qt4Yu7WYyWtxLGY+NsZYMq56gAjgbvr0X0pAPE1sZRHd3QY7drzSn51GSoIwcDHrx67jX2Prfwe1m23NYeTfrt4VRtkGDjIGBn+HOOCfzrzzUPBuo2KtHqOk3IYHeHMbFdq8hRxjr0GQOOAeVCu5O6bS6Xbs9En1tdqy09Oqv61LHUFFKSi77paNu0V3W/W8rX6NvTwyDXvEAikW7s7W8IUR7Lm0ikjbIxgsVPOe/vnjiuf1XTvDWqgf2/4G0SbCNvkhtI0lZmB5DKOCM9+ffIr3CXR7do38yIRMrA7AMhRnkEEg5z1I5wcKMBsVP7HtrhGHkK8eQpZRhsDGR0GCSCPfA9RScpNcvN7uito29b6+7e/R62eyV1d9EMZBNShJpqz0bVtItXS87J2Xm27o+W9R+FHwl1iOOCTw/Npx37nmgYptU5IUfKcZJHAGRg4GK5s/s0/Dd7u1utJ1q7tWt7kT/MNxVgQyqchSRuHJBx9O3163he2eNl2K0W4bsoN4wTs2rnsBhsjjggc8YT+FLdWaSKF1wzEjjaQCRx0we+OcHgGso06UJRn7KClFxlGdkne8UtdbrZvTudf9o1qtN05VJSg04uMnd8rja1m7Weu+t0/QoQ+A9RvotPutI8R2C6lYwfZrYSMiL5KJ5alm358zAxyDgk4xg44jUtH+K/heeaaDUb65ldXKTWV00iJu5ZWXJO0qMDd7DjJI9LsfDbRAyRyurnOzZIdqg5wHAPB5AwMEjPBwANi3jvoRIgnUxg7GUYZ+MDv95gc/w88egr7HAcUV8H7kqca8OVL3oy7LrG+sdrNW120sfB5xwNlGbRbUXSk3zJxSd5OzfN0Svr5vpc4Xw78VJ308aD8UNB/4SDSJ45bS6t7+3BZoZBsc5dSSVycMCCCoUe3wL+1Z+z/4B0e5sPGXwiNzaaDqpK6jpFw5lNlevlyIOcrFzjOMA4wQBX6P3tnayyhZUjn8xWG2aME5J52nJI456Y4JBOa8n+JXgvT9Q8L6rNFGy3NjGJ4beLLR/ujjcYz8q8cZAzg8Njrz5lmuBzWn7OeCVKurKM4yu7vlfxWu1Z6bqytY8TJeD8y4Zxf1jA491ME1erhp3lGSsmuXs10u37uiR+H2raJrOnkteWtwiKCiuQdgAOAc+/ORw3cj1pWc10NoRiOh25IYkHoT1AJHIzjOTng19wajoVjqcEkU9qZFwRJFIOFfPJGegyCCM4+vO3J0L9n3T/FF3IdLZ7cWsZlkH3UPqAVOB909D0I3HAFfP/2VOUl7NtppfFJRdtHzK9136Xeysj7ijnVOUVCtBRnorvZv3ddOz6WTWysr2+crDUrtSiSDaq8AoQSAeTyTtIPOeRuA6cjPQLqELMqNkncVBU8qCckt7AjJw3v0DV9Fn9nXarvbi4kuIwx8tclSU4YlgT1+jbc9/wCLhte+D2p6SBNBHM8gDAR+WcsxwAAQCeCQpAPXAxwWq1ltKDu0nJtJ2te3u6Oyb9XZPR79efGVKVWlK0nFPTm7NqLWllb9L+hv+HbPSG0ea6KGRzEm8yLuHAOdpywQjqR6jgg8Vzmp6jah0jhKwxbyFyMsQvAJLYK4XGOPbjjDNBsNf020ubCfT74yO2I4vLc7ySBtHykAY65AAHPORjqtC+GOu+JNQJu7UWHm3CRRtdho4ozIQDMUxgog+ZgeOBnA5rSrgqDUZKKSUFe62+HbR93o9bNeR8NgcFiKWMrurUdSDqe43tyqSbu7rWzaVmr9FezPHtQ8Qtb3Xl2h8wGViXkJK9sAEfdHHPvnuwxgXfiPUWEg81V3HAUEMCMgEBhkBcn2DenIB/Qa/wD2C7m61Twzp+mfFTwTfS+JpLeKK1XUI7VrR5eC93KxzEiO21QQA2Dg+ns/i7/gj98TvDXh681u08aeF9YjsolkntrfUbdZWDR7y9kTJtuYwuMFT82eAOpwp4WjKLlCMJK+ibjd6pLSzT17dl30+7pVcNhqcfaJp6O/LdJWVm1a9r79b2vqkfkBJrt4yqBcSlcbWCuwyTwcAnJHU8dD9Salsrg3BJJlIX5ipZmABIXcQDjhiCR1PT2PtHi/9mr4heFbaW+isjrNpb3MltMdN/eyxyIxUiWFWLDcRkFFIwCcnjHC2HgXX1eMS2k1orsqztLG6tDztCyKwDBw3dgGOeGOCKmWDWsXSUZW/l6e61bpp2aXR9Wn3Rx2EajKNSCXu6pLRPl9bXdm10t0V0afw9zJ8QfBkK5/eeJdKyVDFkH2mPOSemckkHB644xj9Fv+CmNhd2fjXwDdSsWt4/B+lwQuSNxcWyMRx1C55OeOTjjA+GfAnhHV9O+IvgyzkDRvN4o0oq7qo3IbiPJV+jLtOVzyCQMHv9//APBS22l1DXfB1nZx3FzLpWn2cE0mS4YmxgIVV5LAE8AYA4r5jH0vZ4mne0YJStJ7u3K2tu2jfdX0Wp9VgJRlgMQ1K9+Vr4ejV9W9bbt+lt9PzX8I+Ntf8F6l/aWiajJaXKOjtDvLW1yo5CXETZSVMH5lYMMHryBX1z4O+Jv7M/xTiOjfHvwXdeE/ENwAlr8Q/A42JDO7ECfVNJjURzKrHc77gQM8EEE/CVxZXkMz/arWeFkAAMkbIGAyAOQM5475OCewxmxyyCWTyshBkshIbjpsAB5yOTkk+3euWrhaVeN4ycJ+7yzjL3klZN9ndet3q2rM4U05b3TutLSTs46N21vZq3l01P0V8Y/sieOfDmnSfEP4F+K9N+MfgWOI3a6h4Pu1k8RaXbgbl/tXRkcXEcqKArqiuMhhzzjxix+LT3A/4R74jaFJdeQfIllvbVrTVbQhtrM6yosm5RkHIDAgEFuleH+Bvi58QvhVq8GtfD7xZrXhm/ilR3+w3kiW0wU5KXNoxeCWJwcMHQkg44BOfrkftM/Cf43R22mftIeBbex16Ty4Yvib4Kt0sb/e52vd6rYwLGt8yn5iSVLcgkEnPFLD4ig4837+GnvwaVWKukrqLTk7prez6q55eLwFDE3c6S0tapDSSklHtbrdtdNmnZnFT/D201WE6v8ADfX4LjKGVtJmmVLlFIz5ew8yMegVdrYwTxnHqfwJ/a8+Pv7LfiCG48I+JvEfhi6trhHmtRe3A065VHyY5oWbyirYwABgjALAdMPxd+yv4r8N6J/ws74CfEHSfih4HCm6J0O6VPE2kQ/fC6xpG8SRP1RlXzCTzjDCvFtN+LK3bHSfiNoZvgjG3lllgNvqFqSdrSOjKrZA5BJ2kg4GRz00MZKV483tYK8ZQlpNW5dGm9VbV6L12Plsz4cwOYUnRxeGo42laybilWhpe93bVWu37suzukf1x/sVf8F5vBviiSy8FftBQx+FNZvJYP8AivLSTfaLKMKZriDbsUvxvYY4J5PKj+g34L/tOeBvi3qtmfDHjSy1zwzcW0stl4o0Ro5lumU5AuYY2aRM4CsXX5SSOzV/mWy+A7bV7WXWfhvrcGowxkznSXkVdQgz83lrGxy5AyAOARx7j2z9nP8AbX/aB/ZI8eaPrfg/XdX0qPT7yGW/0HUbm4Ol3sETqzWz20w8pFlwQdoPBbkk18xnXB+T56p1ORUazj8VNck4ydlst9XunttoeLk/+s3BEufhfMqmIwNOSlUyfHznOKp8yco0ZyfPTlp7nNzrTlVtGf6bep/CvwR8Z7dl1rRtB8SPayvHFqM1pFBqNtsyAY32LJvJAIJJ6Z9cflX/AMFGvglB+zr+zf4g1/wDfSSa/wCJ9UOnf2Q0yT6lBaDc072qYEiKkYYh1ywAwpGBt4D9gj/guD+zd+0XFovhb4kapafCP4pziKLzJblING1XUpCIkZLghERNzbghXjoGPUfqd8V/2ZPCPx68EanqHjHxqfE8aTvrOna7oN8l5aWtk9sxijUQysqmUMA7YJCkgjOK/K6vA+cZBiXiqcZ4jCxqOacHzScUlulo3qrdd3ayP2rh/wAXctz+osqx1X6jmNOnH22ExFoTvLli3BzaVSF3fmjJxas01sfx8/s46TF4p+IEx0K98TnVn0+K7dNWF5c6fDc2zqbmVpJIzGvzKQiKR02gEZNfP37a+kz3PxW1HVJZIreM2drFcYtzb+dPGoR3MbKvyMQRvAAON2R2/t8+EP7KPgHwn8KdH0/QfCvhTTbh551i8TLp1vPql3HG5Z11CUosg80KwHIBzxz0/mY/4Lr6D4N8B/Gzw3qWi6VDpy6l4OS01OKCzENpPqFugjE0CKFVQ/zEylSWbBxgZG0OJcbUn9TrYF0qaTipSTjd7XatZa3uldWtbqe3xFDAyyydelUUnzRkrWjFKTSUknJq6lrKN72bautD8BPGXizSNJ0S7sNPlguNRuRCn2uFBiyKLt2IAcZ5Lcc5xnI4r5K1rTtTvr77dHqAeIMsr3MshGZkBbmM5GDt24I5JXoa6rxMTevHJABawx3LMsbSnEjFiVdxjLZGcKcAjjjioodM1DXRIbdYooowHdiwj80Q/NgIP4TjK7c5685Jb2cvUcLKWJX8SbUqjlq25WbSSs1y3dla1m97WX57Qnyapay5dO70vK61Vm+3az0PEtc0Oa71T+0L2WV4JYxvnZWEchUgmNsDaGKgjcpLEHPLDB/f7/glL/wSP+D/APwUI+HPi7WdV+Mmo+BfGPhS+jWfw1BZCeNNIC7helnZHlFwFOxlU56HnJP5FnU9GurGDTNfs4ra3Eq26+SqljMmUhmY8kKzElwfY84BH6afsJ/Fj4t/sb22sftC/DXULvXdY8KSw2uqeBrK6SXStV0G6kBil1e23AYiQYTerY3sQeta8QZ5XjgYwjOVCo50uWUW488ZtRUXN/AruLb20V7ansYbEQc3GtDnilpLbW0N03rezulba9lbXpP25/8AgkTqf7F83hr4kaR8QI/F/wALLrWryJdXurFNOnW801940i4sWIkAmKBVlGfMxX5d/FHxdoPjjxafEWj6DbaTF/ZENjPZWybY3uLZfLe4EWF8sPsDDaOMgA5r+pDXfj/qv/BTD4V/F7Vfjl4Eey0UaVBeeD9d0HVorfQPh94jkt3kjt9R08COO4uJJItuxQdxbaWAHH8q/iLRLvQ9e8SxztumsdUutLQvAIxLEkjQrcKo+ULLGoYYOAGyOCDXynD+b18bKvh8biJVMbg5ypqPMpckG1y3lF+9O3Krvp2sLMaNOFSM6MfclGEk1e3NyxbsndXs7NL776Hn9ibeWRppA5mQOmMjbHED0GQQCM8Y28gjPXObPFIdRgeygkXKkqCpxvz1ZAFwp6nHAxgEhgo63w7pkFzfrbTSx+U05eSRW2kruLMFYchjyMZGR9TjrNWtdOtpo7mxuIyw3Rt8oCxqmMk8AMx74GO4OQcfVPHctRUIqblKn1ivi91Wbvro73fW+mp4f1iSkovff4drpOKu3+Ka2vuteL1HTXRraKFkgkaFZJ28tVV2OSzbiSGB5AwNw5HXJrzKXVr3RL25eLG+N2ImLcyZbONnPycHGOAD/EOnousTzSQPcK7TRKSIyme5JJbGDhgxB5yADndnJ4+a2iv3BhtDJcJGV2IhZWZRu3OpJyuSeeOnfk162WzkqbhXjzKTjdSl7uqil7rSstG3q9Tak1O6l9pq95NWvayirNbO/V3uedeKdautVa3W5/dMAJIzvzgMSCC2ASufugnODXUaB4n1CXR5bHyopDHA9tFNyJYgAfutxkvnpnjJAGM1xviErPIU+zm1a1l8p2HUuCSR0BKgkYwD7EdK2NKj8iASiJmtiVySxGWwQGHc84yM8KeT0r6qUaEcNScorljaUUpK/TZtctmrbarbe50yp0/Zw1duZNWb2XK0tVp7yttrsr9cvSwHnnkvA3nRFhlwAu3LAbsjBJP3eR6Adcdnpd95yLAW2JuIdjnpzwRk4X0JyOnHQ1K+l28dlLIxEc1whmV2O5sZ4BXJ2knJIPTrxkCsiwbM0LsMRhQu8MR6jBG0jJLYAyOCeM5NcdWrTxEZOMGuVWt8431W1noo73Su11mdVNJ3s0orsnH3Vrrro9Vpqt0dPY209rdoiujQTuTnBLcngjnqRyCQACDgZGa+gvB1tZWxkgv7hJop7chd/KQgr9zeW+V+Rg5yT1+8M+TRRizsmvoxCXjVXVAA7MmBuGCw9DnHOT8xPIrk5fFE063cIaaG4c4jiUGFMYORnOQCPZTj5TgEivmMXgqmaN04P2cYTSk+Z8yemiu03F2TdrWe27b53+9bs3olZuTve8eW11aztfr8unoHjZF0oTXNhfebIVl8hYTgiMvtGVz94ZJyDnAABPJrzfSvFkei6/4V1vVLFdXi0rVbLUL7T7mY+XqlpbXUU01g5O7CXCBo24IAbacqM1BqF7qFppz3F0ovPOh2Abi5hBwcs3LYB6cZJGTjPGBpltDqcPlGAteAM0JY5QZG8ksdw2g5GcA4AwBjFfSZVhoYGjTlU5akqTSVVxbu4qL1bTdu6T3stjnnQSi5SjzJq0pO97txUrSs3s7OV2730Wh9g/G39pSH4/eOYvFmifDrw78MvD9pp1jotn4X8NWy29r5djCsIvL2VAiz3UrIHeQqCzEEAcCvNNX1jTzCXlInKw/dmc58zbx5ZwSSCAFA68da830+2gs0FndTm0adSXUsu3euMbcAfLnAVuhHAPHFnUBCTZh1JjjGWmbkMCGK7jn5tw+7zk8DqOPPxuGp4/MZYxq0pyUpNRUYuS5W7KKtFWs1ey6WRz4ahSw1OMKMXGnDlS1v7qs2nJtyfq22231ZmQavYW85kgtzLNMxSRXI2RknB2kAtnHoM9CuK5fxA9w1zHMqyJbzMxARgyxhuCp5JLdyD0OOh4Paro9tbE6gjR75HV4VLb02t94hBjJxjGcduV5plyumSyMkobfHKpMOT5cjsOcMAP7wzwBjkgYrsoezhNJRc+TSV0nKN3FNLrpvfRX1TsenCVOFpWTur6qLknpe9m2kknqmnva2x5fJeOLiOCLkJkSzBiCq8nJ5IyMHI9OAcAZu6h5k1nbwGdCzTEwEgBwCc7mY465JA/2gTnpXrlj4c8MiTzJlCXMqoywyEeTuZTuXOTkhjkN04A/u54bxJosVtdvFDLEYoXMiyRg7PmztQgAfKB905A6cc4HbDFUZ1lGEHFp9E4qysna1lfvzX1+SNo4qnJxUfcd3q1bRcul0krv+8nd6XSZyNl4bnvLguQQ6yfPLk5Cn+JVIwd3GCMZ9uMXbnw1ruk3MjQXUri5i2hM/vApyThc8ADj+LIBOeldtpt//AGNpgZGt55Zo2DA7S+4k7fmzldoJJ5CliAKb9puriJbic4YoTHIwO1enypx0yeDwR8uAMZqHi8RGq5SjH2KenNu3ok7RerVm/Rb6ozqYmzu9Y3Tblpe6iumjWll5I89sfDmo3ku0L5UnmETOxIzzyBgjPYHJ64II4I625srvw9bRRXACxYeSZlGTswM72HJB6lepHr0rTMt5pFm9zG3nLOjOQsYYrt4IJ4K5z3J9yBmvPPEHiS61SAxIzxghllMrZdgo+bZkcY5IxyCeuK2pTq4urZNKkklKzbkrJP4Vpoumtm7dbGceavJSUVKPuppNaLR7Ndt2nr+L3dNfRtWl3yIE8uTewG1TNkg5B4yRgFRx07ZYV3b6XoyxKI5pEe5ICOduIh2XAYg56ZIHPABGa4r4feEG1/dMyXDhZUESQqSZNx5JHGVBGTwec4Gc46LXfA3iaxuJobS0vHQyMPMKOojJBKcE4A3EDOcZBAOAK5MTXwkcQ8N9cpxqRSXK5x5ndJWS73buul2/MzrKlGaXOotWSTa1bitEld36PTu9DYit9F09IXu4VMMbyJI8+AmeWDIDgHBJIHToMhTkfP3iHULaTW7qW2ZZLVp3Eaou05IUZ4OAQAACCMr35NenXukeILG1SLXYblreWAFSpPyKQQz5UDqDxgHHQjIWvJbqygF1di3dhGMsFcfNxgqBnbkkrjGO/X19bLKMYtyVVVG2r2f+G6/lvouun3nZg0pOUk3d7b305br7K1slbte/cxZ7kNNNv3gYJXLZLMR1cDgDjoBgHnrirWm3OpMxjgG3Yu7II2hDy2c5GAOg7dBVRYJJJbgiMjjAckZxyp2kDGDntxkHPynA1dMtGheQPP5Y2q7nfksFwQoGePl5xxnGO5NezOUY6pN9LK2lra+8tfW73O5OzTb6La/S1n0e2nX7tF0uiXAa/IaNmUjZJJknY7DDEYAPzY4HofWvU2tjeWKJC5gigf5yzENKN2Cwyck4PP8A7LjjjPD8FiJhdzL+6YAxtuAzKo6uvTHfHBxk55wO2u7+wt4neW5gaaWPaLdSBgnIGADgEg8449wBx4mIcqlVKNPW6vNrRarro7K90v0KUn7r5kr3btu9YtW62tr1eq0Ofm0ucySxxSs0MWJslgCV44ULnnrggDrwAeKdPFKECiR4WmkWNUkTdIysoyTgNj0yQcHn5jxVS7177JCttDbETF1b7QcPsBwcEg4PA4GSRx65rpdNFxJYve6gQZLlN9q5jyAF7twPLGDkA/eAPfFaVJVKUE3eT7WbV9La3vfpfZa3tZW1im7vq0m9WnfR6bNK1lqrbdHYrWOg3kKST/ZlYrGyByyqSo6PtA4OAQB+JOQK6izstMi04NNO0NzO4UtMd0RTJwYxyNxBIDcgDpmuUm1ueNjbrcGRk4mfqrITwB2KjcRjoDuxjJwxIZ9SlVIbtXWICTLS7MIBgoqsee3BOc4xyQKw/e1U3JcqWtnFau8b6rVPl63dvK1gTd76XaSTaV+mq69d1fTRnbCC2mk+xxsDGAr72fA3r2j6jBGCec9c9ap6/oMS6dO9xG0crtG3nD5o4wAWDE8YOQdx5xz7movsF5Y2sErKhG7zFQHeNg53s2SRuB+ikkZPWmvqN3q0U1rcNKbWcsIhGQxRlVlRemAvTgDnGBjHGMHUjVi3rBSipapLpd2dtWmturOqEk6TjJ2urp7Xk2mlfS3Zde6a1PKYIpHuriAsfJIMcDooCFsAfeOflJ5yfrj06DSxfaXcRTFzapFkO6sHQgjKE42jAwCc9j35zzl7aS6dNJYs84bzQ6ykEKq5OfTIPfnIHXk89Hp0o+zT2F2RcRNGJIpVG6QOOis3ULjqDw3I6V69SMa1FKylFxSab197VL0ul3btsknfnSs4taa62a0emz0d9Eu9l9/ZaJ4jgn1ezeYlMTN5t4GPBDYBLA45A+UY5PbGaueKL62l1C6e0aaWFzu37yzNIDyzNklo8jA6DGR2xXnlyIo4RdRJJb7AV8lRhZGBPKkDA4QjnJPy89jUju726EtwnmKixsJFdyCfl2hVDZzgcAfw5Oeea46OBpxqqqopS1ekVeystHq30Wqv6FOd4tJ3tdtadEl63s9LrTV2s9ZmS2v9RxdKsTKEcjhRtU/KCSQCzEDHTkdySK7HXtOMVpaXsPntAsSlYz0j2gBXyuQM9Tkfp08eg1CaC+WSZ9q5IYP3U9FyOhB5I+8Dx0yD7Fo2vS3em3UHkvMsUZj3yZdFjYYyhIIDcY47E+oFb1qClKM9Gk9b3d1dPddlrr5X1WkQSfxbrpfbSNlpfm3fkrW3unQu9dsLbTd14Fu7m4jUqh6xuoZR8vUnPfknOMZJrP8ABs8FyLlt0dujkGRJ0DARlvnJBXoRzlfxwa57xHE0PkzENHhORPyoVsjKHbg7sDquenTPONbSXUex7OZgsu1GIbBYEjI2+nHYbsKCffpoUuSGl9UnZK26jrfffe91ppfRHPUkqck192qsrR1umm7Pyad9FZWPq7wb+zPr/wAT9V+1aLbouhOwa4vIXCmIfxMsYb5jnd8oOMDnkjHsviX9h7xNpWm3d14av11EWsSSrF5XlzvhR5rAjoobPPABK/h458JPib8VfA72kXhuWaXT7hlD277po5SSG8sYVjvbkFeTn15Ffs78G/Huo/ELwol3rvh650q9toxbXCTQmNLk7UHmRkgHac5wQMnPHJz6WDeErzjh6jlGbd9LPtopLZWs9uj9D9B4Yy/Lc4pqhOnNVlDm5+VWvaO0vX3klrfdW1Pxr0fQfiJ8FfENlr1vBqEWoxICUijkaGaMMBJHOUGCHAKklSOo9DX7JfBz4j3HxB8G6Pr09rBaX00KQ3tvASskE8QO4sv38OAWOem7BGBXYaj4N8P3W1X0izu3YMcz26Mdrg7lyVct7cgZ9MgVV0Xwzo3hGTOk6fHYQyhi8EabYmkcnJychSc44GetfSZfgnh6vNTlzUpWUotNPdO7bV7uz7eaPuMpyirk+IcYzboTWsXrbbVvu7b3S2utbP0mW5823Cef8rKGzIPmVh1Zcd89z0OcAnk5tgk0bncRkMTGzEncjEhgMcYIB4x0HqDVS4ULArAZcoCynJQBieBx0Hfjg5wOuXWJL3EBLojq4KqWO0bc8gnowxnr149BX1tJXUb+6la1m72fLtdab3320W571SsrxjraySte+iXRyeq6avS176M29TumtRBJcAMY8GNlUYXLYKngBjjA64OMiptL1kpI2XWNWZmC43RuNu4EgHhjwMei446lmt3iXAt1Aid2G1wB8mFOc9Sd2fmwMKR05OBj6ebcK9vOOXkPKqNw242qckHqSAwLDpxnGau4yS5tFqmnurLRvS2nTS+vXUxklUlFqW7aW6b+GydvistbyWuy2Own1syBZVdVWMAMMcAtjtgE5Pf1Gcjt5n4v1jzYiMbpJ2AA5wwBG7joM4BHsc8k4rp7iELBMWJGULR/KMEAkbn5C5B4BOABg852jy7X7hX8jbMmAHdyMOuecDAzjJxgdMgAE4Ne/lsmpJpte6rLdNcyTST7fN69Xq/lc/k1B0lJ6uNlZtO0orVXvs3drVrbcu6LMDGs7EwgsEEartOcEdiQc5Gc4AwPmHJrduZkdnjCLLlHXcwwvPAJPXIHJIwDnPXgcbpdwIgkTuskkr7wCBhR1wDgDnqeOWxkc4PRiVQCZNxWQN3ycg44z1AAGMdBtyTyK9RV3dt6v3Xq1a+l9NlvdJ9lfU4sGrYeKa0tFNW35UmtN/Ky6eepznijQzrGkTfZomju7dGy64ywALFeuSe49yeOgHyL4jsHYtHltxLpMrjOGUkYbIzxgfMM856jgfdkKqtq53gGQjB3ZypJypwcE4yOOM8kjIr5x+J/g6WKV9c01POhR2W4gRTxvGS4HIBHUsM55wPX1cPjXGlKk3eFk9ravlV7PW99LdbXfY+d4hytYiKrQTcrrma7K1r3Wtktkt9t9fgzxvpN5BHcy2ETA2zNJIFG5XjLZwOMEMAuR1Oc8E1yGleM72xt0VFVywVJgxHDJgDCrwpH8PcnPPavprUfsw0bVYrmBDLISiGSMEAMcbSRnIIJHHHGcnPPKW3wm0XUNLknQSWZaFJDLGG8t5WHJyM7VLZz+Y+6K+GzPCVK+N/c2vJKVk+VxbcbJp6erafk7s+L+oTgrwcrLXR2UdtHe6d9U2rabXTucha/Ec2zW+8gFRvZ+PkJ4+UDjqD357dM16Bo/wAR1vLizja7R0cgyHkMMngckZJODgtggAckYqrF8DLRNPtnS/llW8ZkV9mVhZCSR3zgN1BxuyQOCBk6n8JtVsbOQ2Mc86QblgkgiIZ2xhSxyCFBOCe+Dx68P9g5nUfNSpVKiVnL2acnHa65o3Tdut9L9LWPCzLiHLMmnCGZY3C4TmUVCNepCm3td3bV+a2ml+jsetah8TA8LWlpOoijVo5JFcBmGBgDDYJ9+3UYPB8J8F+Nh/wtq31eV/Kkt70RxSHJRQDgMd2MgYyxPPYngLXN6d4Q8Xae17c3un3ZigkLlVJYlhnbuX0AKn1yOP4a8mW61jTdfnne0uoZFu2ZSyPEVyxy2Tjnkbh1wucjBrirYDMsLVpOrTrQd00pxmrJWfVRXXR3b0bV9bcX+sGT472VSlisNXjdOKp1Kc47xV7ptWtfVvZ6n7K2Xx4gg1LQEUpcz2WpW92LiNwgyHQEtgn+E9+RgEdDX7B+DtZtry0sdVtHWWPVtJt7rcCpUllUk5A2jDHk8fQjmv5VNG8cqBYW93HIsoc/vYpMszEjacclc56lcjqDjFf0afss+KB4l+CPhW/Cs0lrp/2NpGILhoCcjdjJypwB2+nT6T+2K2I4YzrLa8udKEKtJyXvLlSi4q6TStLu072Pf4Zo4SHEmExuHVKE6sVGpyJR54pxlHmsrt2btra/ore1fErx1YaFY6R4f1mbyIPEN1LaRYGX8uRBuBb+EDkkjO35e+QPpH9kvxLYaFF4a028tnXTvDdv4m8SNcxSETpDFAXikQAZ2si9cYzkAkZx+dvx2kj8TePPh1o5uGY6PIl5ewRckKQABIAeQSvOTjBOMcgfe/w1ktPDXw88ZfESeNIooPhX4y07TICoG6W002UiQrkZxuJyBj0YZNfw5x/So4LB18Kk2sZiY05xsryjVqRjaS25bt+uiVne/wDTWTqVXFyrqWuEpN05tJ8qVNTet0moyWltd1rc+VvDH/BcvRvD3xd+K+h+J/DMeo/DeDU7vT/DbWsrf27Aba5e3nlcY3PmRGcdDjIxg187/tf/APBT74beMdZ8Ov4I8Jajqvh/ULSI3+oXkrpdw3Uhy8TRbCv7ncCMHkLggHIX+Z/xB4xuW8fa7qbXAiMmv6vdTKvKyCTUJ5doCkDJBPHUknj19QHjN9U0sXeny/aEt4S5RkAWGYg4YDGeDkgdzjnA4+o4W8P+G+Ha2FzPLsBTw+IjSpuUou0XK0ZSlyNtOUpNu9lZvU8HMOM86zXDYnATxKnTU5pSaTk4Jqy0s/dskl03Z+rV/wCNtC8TqniPw1rswa6iE0sS7zLbTsd3lSqACpUkAk9RjPUCrOnfE7xClmLa6ma5Cs0aPI7BXB7OeuQDwDjHTG0Cvzw+APxT1bT/AB9oFrewR3Wna5dJZ3sAjzDMWO1GAYEI6k5BUYJyORjH6z634Z8OmBLg2X2ZZV3sscYEeSoZRxgMcEAkdccnrX79lOZUMXQu6cVKC5WlGyTajbe60Vnu10a6n5fipV6dV88rbtLa693SSk7J3a6vtrseVr4nh1YskwaKQbjKqOuFyCMovU55PbnqxHA4e0s7f/hJ5HkM0i7FeIjJUFcEhjnBI4G3Ofm5PIJ9XTwppM7yS29qIw6ny3iyuTngsMgAeuTnj3zWCfBYjuPMt7l0mB28sduN2M84PykYwM8AkdcV3VPZvlvZ3fVvVJxaV7R9Fqt73IhiGpRb3urNtvT3dtI30W3d+VjLuL+xgmlPU7SDuAIztx1Iwp75HUkYPFeD/Fy/ju9FMUW+FHDgkjg5UhznqAMHOM9Oa951bwpcojqJhI7OpMbgl2BGQRt5ILfKTxnnk9R5d4x+F2ueItPFtBcpCVlCopBCgOMgMcEEDIBHqQDk9OnCOjSqqXNtur6JqUbpuUl0SXdK+1kc2OxNadOSSve3wppr3lbvpZbLqnfe589fs029lp7eMVhTmW/RnbacM4T74zg4xzkgdMEDkV9nabIssSR8ozbizBsBgvAXIwRjjJzkY3YFeE+Avg3rngaXUnuC9zLfTh5WjXdEAgyAACB8u3KgE4wR04r1+2N3CWja3ZFIwHZGDLjPQYAJ45AJ9OelY4lwlWm4pWk9LLS3Mm2rvV33S9Tjozm+SLVnZtb2tvdbO66K33316CzuJLadlUpwHYlmypOTggADjOMfiAPTTOoyTkyNCu3ALSq2wgkYAIyc5HIHTPTGK4eWWaC4dkDMjJ1ZdwJJzkA44JzgjsffmmdTmebgvuO3KgiMDB5OBnJ5wCe3rUSoc9r2u9dt/h1svW9le+i6I9eFa1ovstGl0aSs0tbJ3tZO17uR9D+FRDJHG5EnmZYNkg4XG4gE8EEc57kDnIr3vwrcW7OkWGCcBQM8sCfvk9D8wAyMEY3d2r5E8K67LBLsf5cjON5KHpwRgDPQDpj8SB9A+F9dWaaImURg8eWM4x6rgcc59cHru6Hy8dQUISk11tZJeS2aT01st9Pkd9HklKLvZppu9tLKNnq1r26rqmnY+jFMvlqYM71AUhpPlYnOcYxuIyACPUepNereA9XSK9s7e6uCWDghDtyACNo3k4B4BUkt17cNXz/Y37FQSxMTEsjmQg7jjgAHp0Bx06AkkZ27Ca6jvIZvMdZEkR8B25QNuVeQQABkEZ9cDsPyXjDAvEYCrFxv+7bj6b6aWVnF2TTva/dv9H4axHsZ0ppResHbVPW2q33210W1lofvd+zbr1tCbBi53nYrNtDHacbRz8uOucFcrkjhga++vFmieE/i34F8VfD/AFy3gvbLX/Deo6bLBcbRH5stpII5NmCAySbWDAZ3ZwRkkfjd+zV4juJ7WxWWWQFtjsFbO0ALtO4lSN2AW4ycAA46frb8KZbWa5t5phcTEIo3ddxJ6sPm65PJJ6AbQDx/A/E1CtlXFVOVGFo1qsIz5la65lZ3VrdXtdNPpY/ZMywscVk8MdUnKNShBTg4tW5oqDTvpo9krK/K3vdn5ufAfwCfjZ+w78Yv2YNV1dJfF3wY8U67pOlebHi7s49Gu5LzRWjVyrhPKLIjggHIwScV8xatZpL8PNN0qd2kng8OTWUwZdsr32kqYZC4PLMzRlgSd2DkcYz996ZFd/Bz/gol4h8L/wBnLZeCPjr4SGrwmCIRW9xrlvEy3bSEYVpnX745zycnivmj9pDw3/wg3izxroMVmLeysdZurmydVIY2Gqq5OxccqHLNuHBwB1JA/dfCLNalPPsXk0fdp1JUcbRs9eaTXtV8pOVvySbPjM6o01gfrTlGX1mhTxVO0bJKajSrRb68souTdtXLfW5+WfivR7SNrLVI7XyVvrciVsZBmiJR+x5G0g4PY9mavMmEMx2eUQA5CsEyW2kEfLjcOc464GBhs8e1XNu2r+DdQMMxln0vULt4Pl3YhD/NjnGMZJBzluDXh11IVO5VcMqKWb7qK2MhiuGGQSeTgnt2r/SrhLHyxeV0oVJJ1KFoTv72itZvW6dt9Xe7PwrNaEaOJcl8E/ei+W8Vdxv1T3eut1fS46axjlkDtJJC4baMlcbQPT1I4Jzgdxmsd4LOKRkabcoZy0gGXGRtI4PYjj5j8pA4xgPWV7mQxiWS4ZskMoLDbkEfNxg/7WOcgjnbVsWM0kUgNu6BdoLhMMyqxyDnGOozwcDj5QePqHNWu27pptN30sr3vrfvZpK2jTuzz7xaXye66qK16PRapP1a6VLqSwjhOx4nkA2opXaRwCC2CcEd8c9zmvlz9oX4rweBvDjw21gL3Vr0FIIgGaEAIA0h4HKEbj0HbIr6nns7KOGRyrBgpZ3cARRBVBJfJwMbcgnkeh5r4P8A2nPGfhO+0K702KWwS50+CVPtqlHkEr7lEaHJIclj90naMcnJ2+Lm+YwwmEquFWFOfI4wakpSvZXaWi5td22k3Z6Hm5jyuk4uSV1ot/5XL5+T02V7tH5gXPiA6rql5qPlltSvr6RriEKXU5fcVyx7HgnBx7Hr674Pm1mzMmuaRs+22bxyLBOiLbKcAHgnDkAc+mD1r5ytNQEWoB1uAu2SVkbYAZJGdgeCAGAAAJAI6NjoD65o+vyXWiOwle1jtbrY6gfNcSFudx3BjGTgnqNuRySQPxDEZjVnXdVTk58zbcZa8z5bttO93u+7sr2dl5+Dw0ZJp35Wubp05eze+71S0Sstn9FW/wAevFtokllrWi6RcJcOqpII45HCvgF0YAE9yce3u1dVZ6PeeIlEuj31oiXkRkmPyRrbyOGZo1Yk7cA7M8DHXb/D8LeOPES6fNBNZ3SXksADfuWPlws7ZKMMnpnI6dB3IFL4Z+L/AIm8MJImnGK4F8u+eKSUsoJGdwGSF5OQqn5V46AY+tyniCpBU6eKc5RaSU2r22u1azcpPa+tlt1NZxqUqnNCpJOG0VqmlZtW1s5WST7LzPvX4e3GveDvHlhZ6ldfZFuFuLYSyNvS5jZSUKkMQdx4xgj5hjHFdn4k1y4+HnxV8F/FDTGaOCS8j0/VxGo8oAyCKR5drY+dSSxbuhIxwK+E73446vJHpWs3Vqr6vpxV7bbIzRhUIAUxDO4E8nt6dqS6/aPvvEOja5pevaQvk304lWZTsWzmJyJIx1AYjPHC89cc/ouTcbZdgeWhOpyyjVjVpVHduEouMtX9l8ySSfR763PluJclo57hq1HEQjOnicPUw9em435qdSKjJO6slZt2b1adtrH9DWtX8GqaLp+qW94klhq1qLzIAO6G6QA4cd2L85Y44z1Ffkh8cfHB8A+JNStbe1Er21ySjz7ijQzsWMigAbtowQdrccdSRXRfsrftmaSnhfWvDXxFZJbXw/aSW3h4Snf9phVCArs2CG4AQ55xhecBfjn4+fGex+IfiS/1SzZbSFBPb2tvLtZnSN8IzHoQMDls9eB0Nfp/HPiFk+Y8JYCeCxkJY3RqnF3qQdkpc0XdLlaSSb1STXdfyh4Q+F/EHAfiBxFTVDkyLFSnOjUvaLcpqVJqL0doz6X2s72sHxA/aQ0HRbXS4tIszf6uipc3omZkg3Nj90VGFIUbgoO0EEc9DXgHxT+Kvh/xzodhNp+kw6Tqlu/mX08Z2s0kgAkWJ8kyRsV+4eFxxjmvOPENsbq8hm3QCe7UNKCM5UAAYbnoQfU8kcnJrzzVLVLGdViIuIfNLz8ljuB4AKgBQACF4+8O/FfynmmdYrMZTp1nGdJtNJxXu6xs9byu7rmtpZ/d/X1OHs3FJ62Skla/2U9W/RyeiWqtezWbLrs4hm3XEgkVm8pBK/l7TjAVTwd3G4cAc4GMGpIvFGqqbMTzOsS5CgSsqxsvBIAPDLnIHOTzjis5v7N8y5eYSx7yzRhwzKh4OWXAC7scEMcnA4yMwpHHcS29qqL5Uz4hJByzOcAue3PfPGeDgYPz6UYJWVrJNJWSVnGzdtfOy0a3u0r3zXbTl/LZKzdk1a6v9pPy008z6D8L/GDUdI+xixuZDMhCSrNI7CUHgnBznocYAIyfqfsn4Oax4V8Ra0t78TfiRqWg2Uqo8dvp+64c+YMvblWfai9Bu5KknuefzWk8MalpLLeNKkscLKxaKblSwyiADkqAwyfwJJxXRJr13Fb7BP8AZpSGQBW++CAWO/IOSMBh1zjOATjow2Jr0Zwca09HF8ik4reK0SaXTa+623Rg1TkuWMY2010bWqT3aTa6q++r3d/108L654U0vxzqieCviHfx+FpD5f2m/Tyj5rMqqZkLFXRjuIdsYGRnjn60vIvEA8P6x/Z2t6bq1iNNN0b6xhSUXKLGWyrRAhZEQnPzBuOnAr+fix8VajHaxW0eoymeTIby5SiGPpiTBGe6ndyoGeMc/ff7Ln7RvibwhpWvaBc/Z9Q0coxlW/bzGiXy2XETy7n2tnHBxgYJJwp/SOGOLamHxFLDYlS9m5q9RybUW5KUrpNpK/XZXStueVLLr4mFWNSakpO1rWTk07NRdk1236tan6W/8Ee9Yg0T/go18M7wR3t2NZudTsVyGY+bNs3LKuNxUNu4+UcDPt+j/wDwVgsba9/b38X3E14ZTb+CdNhW2kYYizIVMa8sIwuflGThz0BGa/Cv9jn4zeMPhp+034H+J3gHSm1jxFZeLZZLTS7aYB5re6mDukCqrZ3KQuMYHfnBb7N+MHxa+Inxi/aa+LXjbx/our6Hqd/PCF07WPNE+nRlFYW8IlCyNGSS6MABtIxnmv6Qzt0sdhcFxJhq9CrhVw9LKXTWlT6yq6m5OHa0r37trofESyDM4cVwruhXeG+swxqxHK/Y39i6Psm+km3z2aaeltkleT7PbqgVPuoQQwDB1K4yA2MZBG3oQRzz0otHaSKJm3bmbMgAC9sgAZ/g49SQOnBIoRyzTR/eJVVIPIHU8nBzkHkDGdpHfOS0QyZVVcb9/wAoL9VJGOcgjkDJJAP5V+NVcPGXvJXurvZWbaez7NO92n1b2t+yUKs401zNu8Va110ivNJp3WvS9hJ4mjaSSLa4cgIshAfOMAHGT06nAPII4FY8+lrdZaSN/OL5YAgIG3YyuOmOec8H3xnWa2nDSbtrKmf3YypDZwWzyeinoeMgdeagVZBIzIZP3iEBGXqeg78kHqRx19q8urQjzpWUVF6LlTTacVezWzTTvfbdPc9Gm3OMb31tq1q9lZJt2+WvdHNGxnglYyF4wpwAcNGeAeccliSOcduDjONCWI3EcbpJLyy+aACFZVIBwOQOwwf9r5TWlLbzOhMitv3ksGJAJAGAARkBcYyDzjJAq9ZMWj8hirMozGVUABiQCWIx0zx6g4PPFefiIRScVrqmrLTo3duSV1s9ForXWh6GHjON01ba6afXlWiutdIpvz3SM02MYCx7i20FgijBw6HgbACw556kE9QwNaOmRiIhSCoVXGzAKlW6BSTlfc5B9D1y4xETyEheOGO5htHHPoMj5QBwCSe5q7FGZVBD4ZioI5HygcYwfbGBz25rxcRhZVLys7vaDVtFZJ69m01e+t0t3f0KWJ5JpWa87LX4Ul00TW+qfY53TrnyrTVIVQoJruTODglcMcY7jK9D7YzxnX0oM1oNn7uEKzFQASSpzgbuQOCOeCcgcVz7hoZb6JdoBk3ZDccAZUL90kYzxkkNnkYNYkuoXnlvHAZFTHluBuzuOMHnqOQD6nAz2r5XHYBxTTXut3UbW1drq6fdbrTZd0fRZfi05R2ae2ivq1orJv7O1r9Oljt73X4o4riWK1857JFlMcL7UbZg4IJGT0LYB45xgc8kfEev63J5gsIEt5Ed0Mkm1I9oOVTHLMRxnHOevQVUimMGm6jPOshkk8qAPkrvycZYFTn0xjBOByMEzwW6RxmNJdkKwNKSWyY5JFyOCQeDkc85JxwOPn50rJRsm1KOllqk9m7W6drPuj6FJ1I3Sdm03bqne91tfpqrnDXOp3Y1qzsdUaP7Ob6Bmijkz5cW/G4kHAU7TnnGevSvtPwzrGlQyi2iRGjMMaxOACcbAFBbOCB3H5jg18K6ja2spvXWctcQwZW4LZLkyBgpBOMjG3aODkjI6V7L4N1yS1hslnkZ9tvEN3J2sABuY5+9jG7A2k85PUaUMO5yTi3Fq0rq7TuleNrdYtK3TdPo4Vbkp7q9/VJe7pa2ujSWqs13PsVbeOV0aNR5e3Cqr5OcjeT1BUDjB49c8mr0VylmzHBjd8AI4+XkgHaAQOB2Y9Oecc+d6Brb74c4aF1JDK2QDkZ5I449ehxwAa7l447tMM+BuG2QMWYc7lGAF4HTvjJB9umVG14zVmtIrlVldJJ2auvdvez3b6IlYh2jyWUopS30TvFJrzd+j8rmtdXk2I2EhaMnDEjJJPRgAccHqOCOnAJrzzxPZ3E0f2tEO+LBKxD76ZyN5PBLDGc9yDmtsyTWrtAVeQR5ckgkMMkEj04AAJ6e3Wqs0xkhlfaxgY4ePPIGemODySSfx6k4OEsDCS5rWjs0l25brV63d9NdOr0NKWPqXvrd7PZX0Wrabava3y36+QrrjwysqSlAHwyyBsg5HG3qBkHBAwe3Uiuhi8SNhEhkZnK45fbjpwcEZyTgEEEAnd0BNXxFoMRL3lmhVWT5ogmSf4uDgZx1Azk8VysEXlbEZXBA8zcQCeD93JzgduD3I4zk+TXyihUTcqMZNtb220vrZW0totG+9zppZnioN2qzhF22k+6d9Omlnpq9lbb0q08XTu4hc7ZAT8xYhQF/vADgnJwffIIPI6C312+ZSd6KVLBX3jPP8J/hz756Hg7jXl9m6swypEi8EBRjyzngAd+cnkZ2jrWrb+YykAMsTMR8oIPp0IbKr3DdQMfTxsTkWEcbeyWj7RWl49k1e6u9rd9Eeph86xdkvbTn1d5Wvblun1b69N+uh3kniCcQsXkJ+6cHnIB52nPBJGT16Y9c+XeLZf8AhJdG1axWeS2e6t5LdZkkYSwllbG0DOeuSSfmGO/XfhcqChid5N24FlyGQMcggnPGevsOdvRraSyPLdW0e7zUxIpUkKWPCAYAHbjrkZHXn57E5RhqU01CN1ZvS97KL2ej80o6nowzatXTg5tqS5XZyuk0k1dWu1tp6pLRn4WfHr9lH4uR6nq+r6VbDxDYy3BuYBasWuhD0/eLnLMy7t2T1JIweG+F/EngfxX4Uhb/AISLQb/SUmcpG1xGyBpFOXRT3KnOV69eOK/qmudAupI2Z1kZiMbEX5Sj4x6jjPPrzgdK+bPij+z14a+JlnLo3iO3NvaXF2hW+Ea+dYM7BXmTAXacckZPQHPPHs5fncaSpUJ8vLB8spXSSjpZ2X46W2aZ8LnPCv1mVTE0ZzVSV5WknJXeurd277b3Wjs2kfzcQSzW0qtGzI8bblZWYOjAhlcNgFSOhxwec8Zr6b8FfErVdd0lvD2oXBuGt4t0TlsFoUTgMx+8RjBxk88n1/eLw3/wQf8ABXjPRtN1fQPiTqN1HdQrcl7e3E7Sq8YZomCycSRnI2d+BgEVyHjH/giJqXgRLu+8EeJ9T1HVrOGaaPTtS09oo7wKjMYEnDnDuchR0JYHqeeutxZk+FrRp18Qoyk1GN78rb5XpJNqzXXVPrY8XA8KZ7Zyo0W4pXnGM1eSXK3ywbtZ9FpZ6JI/nF8TN5up3jxqeZ7jaARgEv8AdJI4yowMZG3jBrn7KGRrmLpuFxEQDksBvU57cDpwDtJwD0NfVvxb+AnivwD4u1HQ/EGhX2j6rZ3MsN1ZXkLwYdmOwxkgCRWGCCjcdCeRnyu78INpl9YJICjv5avG68qS4yOnQepGTkZ5AFdtPMcNiKblRqQqKcXZxaabdnd6uy1b0sk72Wx5uKyvE0K01iKc6ThNKUXFp3VujtfdK+j3eqP0j8FaNN4i+GI0yFFRjoUUbzbsOshj/d4JyeWHGMHPODkV88fDCy1zwh8T9Msr9ZIhF4h0eNgHJzjU4FViozyB1PGQScgnj6J+H17LYfD2e4tkV3gt4raREkCgiNFGSMZwDwNuCcMc54XwrSrq7vPiJol0Zd0reLtBSRSDkhtTtxhWJ+bC7gD+JyOv5rDMatDF5rS05I+0l535W0/O2q8r26n6Thctp1qGVYl3517LazVlKK1Xe+u/R3Vz+zm78GWXifwPb29zAs9vfeFrF7iNwrF5Hs4wpAOSCpOd2cjORX85v7Wfhvw/4L+J1/8AD/xzbt5cdkl5ouuLEQ9lBcfvIo53AYusWFVSTxnOCM4/qY0DStvgnR9sTDd4X0Zg4HG42cXPGcgc4XP8uP51f+CnfhU3PxtjWJFla68O2AkV8FihXawXox64GMcYAIzmvxvww45xdHi/McFOq5YepOupU5SvG8KrUbJu19PTouh+98ecJ08Vwrg8RSglXpxptSSa5oySUl53smr3Xluj8srHxdqfwx1q5nt7iz8QabdgNDNG4ybcH93uAyAyqAGyDyScjGa9q0f9p3wlC0E9/pUttOCjOYlMiZwSxHAB744HHOS2BXsX7KH7NHwy+LfiD4g/D7xi2p6N4yk8LSat8PbwszWkt7aRkm1nRtqus7bQASSFO7+ECvk74n/BvU/h54rvvCXiDTTa6pYTSpNCIiqTxByI7i3PAkjlUAgqRtJPGAcf2BRzGWPwkKlKopU+WzSd7OXLdNWur9WtL/h/HGb5HDB4qTr0knzSTk1JttNJS13Ttayt7yb8j6Xj/ay+G+oiK1vLSKBVG0XG0rIM8ZCFfvZ5B6LnPOazdc+NHws162e3ivohMsexJZo1DDgg/MQGx75PzEnnpXxNP4PtZGcG2dHjPGFKt0JJPqBg4GD0IKnkjOTw5EjlHRi0h2gOoBQdAM4OQcZznJOAOeK8vEYCFV88pSu7Wsn/AHVre2unXy20IwmNeESVDR3T9ErJp219G9V6bfpn8Af2uLb4W+IbfS7vWRqPhC9nVVZ5i0mnb2VQVAJIiGTnIAAAwR0b9qtC8S6D8R9Ds9T06aKaG8gjurK4jcSpIWUN8jDOB3KDqenANfybweDlREkfeu7IQxuSwAPXgkgbupHP4V98/siftNa58LNdsvBPizUp5fDd1cJBptzO5ddOkZgoDFjgREFQ2QAABgYAWvpsizB4JLDV5uVJ8vJOXxQkuVJa6ONm/J/I/Q+HuKZVascNi3aEmoxqX1Tskk27q9k9X630TP3AXTTb3siyKVMbASIThWTgBkDZG0jJGORnPJ6Q6h4fiuUkeSNZbG5RopQ67uCMkEY4yANuO5GBkAjorLULLxdpFtrOk3UEsrQiYGIqyXA2blZSM8EdhjnqRtJOjYX0UlnJbuq7kCidWwWVtxB2AgA5HykgjHIB7V9dUn7SHNa6fvWW32dU7tWdvk3roffqlT5XJKM4zXM27Wt7rVnva9rvr5XSXx5rHh7W/g/rA8W6CJ7zw5cSs11ZpvY2qFsn5VyNnLEjOMDvxn6w+FPjnS/F9xFf6ZcJI81mlxcQbhuMgwfnQ8KQ3AC9T1znBsalaafNb3Gm3EMVzZXSAMsiq6iOQFWUh9wIO7A4zkYyOS3zza+GdR+CXxAtfEFhb3E3gzVlY3GzeXtGkOVOQTtjU7j0z06kE15eLjFpa680bpb6tK/ZNpu2mp4dWFSjP3byg220ldRbktt1otU72fRNq5+lHhvWIbiYWKv5XlyrLJC4bd8x/hLYJKk8gj5QTnHAPLftK26D4a6s4IdSIfKB+Yj5ucd+mD2wAODXjumfEzT9Qvba+gPk3i3EbRhWBW5hChlyB1PQjk9SMY4qx+0L42+0/Ci9ud4UzCJREX2lGD8qyj7ucngnt1HFeXVn+6lZR0g0r77JNu7vfXXt30uFeClhas4NNqEnZO28UneN27xstui+R8DaggYQArhXC78dc4AwMDPRc8DJPuMVmyaeMHaq7N4C44bPYj/2YgH9eeabxA10Y281VeJEZl3ADouAOTu44IGM/wA92x1OOaNW3oyhtzHcf3Z3EMq5IILEc8dAwB5zXz6lH+Wza5bttu3LFNW0d+nR7q6bPlPaXUo31TWuitZQWzd93fZt2a7MG0gqHjlCP8ozuVX3BiD1PPGee+OCKxr3wrp0iMHtEYgZQouxiSpwQVJAGR1Pvx6+h/abNiXEe+KSEhQOSW25yfXP0xjp3IoW8okuJFKKDsCqjc4LHAKnoNy4yMfUAg1nJK7V9Ek1r1bj36JNJ20aSVzN2l8Unsm7XTaVrX2vZPV+90t3fi194MeLfJaXk0BA+RHUuikkYGSfmB7/ACrjPoBXK3XhvXoN7ulvfbuMBArgA5JHGc4yAAcHOM9TX0//AGYjRkOdzYduoYIRuwCCM8AkA8ZGfqMifT4nm8pVUs0YZ+PmBCkgAgcnByCCBnCEc04txsua613au0mu/RJN3el1rfRueXWMVJxb37rayvfba+nrq9fjvVNIiZpBqWkSxBWVi8cWQ2CAOVHzEHqRgYI5O7nxfx74U8MX2paBbxW0JnmuiWEoEX7vOCGBHJBwenJ/2a/QafSLdllVY1fL4dXAYBMncpUg5PuCBxznJr5e+MejWp8efDixito44r27lSYxgIzgMePlHyseN3UA5J9Ram2mmk9rRk9LNJb+f4X6DqR9y8mm06a1W95JaatqyfR+T138Rv8A4NafcGSSyjQBkBBgcI6cYG0A8eoIOATnnGBx0nwv8S6S7PBc3mBkRMkjvgnJG4c4A46gHGM8EV99n4bQZ8y3ae2O0KuGZsHAOSOy+nWs+TwJrcAL291HcpyFSZAWODk4JxweG68n6ZGc4UtG4q7e9ruz5U7Ozvolq9V3017I4ipQcZRvG6Wzs02kuj97RfdfQ+BvI+IWjSndcS3ESqxTzASC3UBSeRnr1AHJwR0UfEnxJpzA6rpkjBQVd1Rl+XIxtxuzkZB4z26Nx9p6z4V1SJCt7oqTY+VpYhlSRgk4C8YwTxnPQAdK891Xwxo10p+1WElucqpBiOzI/hIIxycYBJOeKr2cLxVrJLu4u2lr2723/pb/ANp1HFKUr35fiV7baddem1+ljxOx+LuiPJH9q8+zc5QxyrvXA7hSMjJzkjGMknnmuzg8ZaFqpRIr6wmAQEq+yNiT0XLYPGQAF3dclQBg2tT+EvhvUyWjji+YnY3mBJFYAYUDGAOMkYDHHpyPOdS+CMiqwspJoirlg0LscgZxuC4wc4Jz1wuMdSSpTc4OM3FaNrm6Nru2/LzaWvQiWIhV5eenTkmkmlFO9+V3007a2/4HpLjSbvAgPlTEDa0DgRhcZIJUgAnHBAx1HUiuS8ewXsfg/Vpba9aWOFIw0bqHMQDEEgkNnoefoQTzjzl/AXjzSpR/ZupXDqDgq7OuMYyvPG7GNp4Izk55zl+I7zx5b6BrGmaja3LC4jiQSgHG0H5dzDruBPcDcMdOa3pTxUZpxqScU7K3NbSzV09G0k+qdn3ZyYnB5dXpVHKklNxskoJJP3XdelrdFpu0ej6Rpgv9I02a60nTL9H0+EMZLZBLjYuWYkBsg5OcehPGaw9S+GnhfUlMg0q40tjJnzbGRioY4IYoOwYjtwM/Lxxzel/EO60i0sbTUrC8t2tbOOJpChKSBEHUYyQfvZxnknPFeg6T8SdAvI1H2gQLuUFZgNwcqNxAYHIySWHbnORzXrrMq9O3OnJqy1u9nFaLstL9vM+PxHD2W1m7xhFvXZJq6ju7Ld7tL7raeZXXwovrUg6F4iRwhI8i9TYQ2VCruIPP8JHCnOT1Jrnrvwz490Yl7nSjfKp4ls38zcO3C5YjAHQjPIIOBX0xb6ro1+CI5LaVWyTIsqBy+c5CgjKscYPB+YjjrVuCztJT5scsiPvIAjkLgDsxG7aBg8DHY5z8uOujnkWoqpC1lbTT+V200uruzdn8kfOV+B8NVUnR3cm9LXXw9u2iW7S1sfJH9u3doyi8srq1bOHSWORQTxu5ZSpUcn73UccE1rWniG3nyrSRbAFAAZQQMcKe+cfLz2XqK+opdF+3FUni0+/hU5CXFvGWyTjBwATyAN2ePcDFcxqPw18H3ZIvfDstlIxY/aNNlKEOo+95anA5OcYHYZLGu+jm+Fmm5Sa2VndWXu6u+uj9X00ufK4rgTG05OWGm2le6s9dtNGn579Vo9DyE6xGyK6OylAvXGzHHBGOxxjls8kc9VkvZWAJmDkoNy5yCSVwR8oGRwDyCMcEYGOpvvhDp8YZ9I8QXlq4KhYb2JnHUBQScbVAIB4Pc4wcDl5/AXjPT/Mlhax1GNSxBhlAkIUEgAMMgnAz8uTnjgGu2FbBVlG1Sm3J2tzK+yvdafPp5228WWR57hW/3dWSVleCbdt77J6dUvNbHsfwfnitPENle39z5MJhkikkbopIJCZIwM5wTz97OfT7f0vVNIukQR31tKVz5ZV0BYAZ53EYOMZIIP5Yr4E+Dcerav4nk8L3+kfZ7uWAXRM43JsUngMPuggDnOPTgcfWWr+DJ7EhpNOurMpFnz7IkxfKM84wMnJOMdB0OQa+cx0VGvKNJtRutndPRXXxdLa2V73+X6Vw7Gt/Z1F4mDhVjHlnGel7bt36uy2/4b1yQ2Mjl0MbSqqgL8p3Y/iBVscAcZweeMkVq2dtb4MkY+dtpVA2QDwDgngjnkZXqTnC4HzMh1S0kZrTUp1VMApOzbwRgKBu+83GCvT5Tgc8ben+NPEWnlhJJFdKGDEyfLICMjoOR17ZBPXB5PmTjL2trq72fM0+ltLPXs79POx7rUU7q211Z2d0ktE0lLRK1t9HY+jZ7RJWUMwjbaeQgB3ckA5yMcDk884xzVIWsJWVZFyseQGXgE98jpxgc4IBx2yB5ZZfEtJg0d1aSrISA8qMWAGMkndjhu2OxwM4zXVWHjjRbuOQNdrE64VRINg25P3uoJA+UHoWOTyazlCabi46WSu77tR00SdtnZLTSxDUU2k1aSvquto2TbVtldpLa7sLeaZFK5Zo0eJsuuVVsZAABzgHG0HPGOCATxXNz+FNOulmkWzhORlyAEOWPIAU4Ug5/mBxXYTXdldx/uLmNw6EqYmB6kcElsgkHptxjPPBBLUDyn3BYyqKE5LK5z97ABwvo3TBycZqqcY8vJFNO6bV7vZJPRPfs3rexnCcoNxWsuZOMXqlezfRK0Ukmn3tujx+88Dac8y7HuUEbozxo5Kn2GRzhh0HPrxzX55fH+2hg+KGqWcICCOxtY++GcDOWzjk4BI7HBBwOf1RvgzTDa0e9JlLlRgqpIIIxyD1+hyOoGfzc+JsGlX/AMcPEtprbrDG9pAttM4CxQzMp2ySFgQQCDndgZ4zkioUeerFJ2drtPXRtK6Ssl+C1XzrEzcqKurNvZ6vVq2i0ukt/RdD468ndqF4yLkAkOOuSu7JAPYDBAXIGRk5zSTafG0RkCk7gzbiMBSOeMHjOdpz78YwB674z+GmpaJdtqNqBPY3EiypeWg8yB0J43YyEI4OMEsCeMEivML2O6t1eKRAQpyHVcqVIJ7dDj15bvgCvRcZ04wXO2lZ910WlndS180n6ny2JocnPN3b1knq1ZtbO2mqs3prp1d6FhDsKjbuCyj5ce3Iz0J6DcCNqkd+n3B8Jbm4HhK80Kzig8+6tTco74JQfxYVuCCDgZ+XPGSOK+ItPk2iRmYGMgbW6kAY6jpjpnk4xgZHX7F+C+s2wLRkKGGmyRu4YEY2YGV7c9TzySQemPSwM2qsE2/etF3S1TaTSut9E1rpe7vfX1eDKVCrnmDpVEuSdT2b53F7tXav/Mlp23fRKG98f+IPhNqEjW7zS295GLma1LGWxkGSHQKSRGxweQTtOcgAgHZvPG/w8+I2jP4isDFoPi+0i/f6YAM3YlXbI4yMFgyjBABw2PvA7fLvjHI1zaW8cYKIrTAMreYWXcSAzdR16dBnpgEnxHwKJD4oAKkqbN9p7jA28rkA4I6HBzzgHNLMpRm6iaS9xW0SavGFk3u2m7pu2q6ntcU0aeEzurRowiqd42VkrKUYtWls7O396/Tt7eYnkd9zrjflD97JxnkcbfXkc4JwOa7Oax1Cx02PziDbTRthwFYJkZUFuQF5IPXn3Ga5WNl8vyiANkqEsDjPK5PTqegBA5ye5z7LBpc+q6JBZZWNZU81STg71QgB+S20nBIyNwPUA5r5ujNxlypLRpXsv7vuyi+l9NXZa2emviQg5Nv7T2Xe7jdJN2V9Fte6Xmil+1BcS3Hwq+BaySh1gsLxIx2BViBwMjGcBePuk4IyBX50a8GmW6YAgYDE5zklhzxkdeB3Pc+n6MftRW4tvht8F7SQZkt7W+V2UZTh9oJOeAcgHOSc54xx+eWsrmO/OQoA6EKAcHqvcE4OOSeMgjqfSjNqmnKF272aTur26a21Xm0rdDhzGDjUaUfhgr6bKyV72W2t156rZnAN5kdyACzACIlQe+VByOMH/a5Ppt6D6g+G3xI8Y+BTb3HhvV7mzjAiZ7KWR5LK4HyloWiLMDu5BG3AzggE5r5hdSJN27+CMfLgnOVIB9gCTnAIOFGAMV7n4eWI20GVx5RiKkkYO4YIyOzHg9cjPPQ1jOtOlGVSOjSv02vazflbqmjysPUn7WCitZNKXVWbXTVP0W+6e59+WHjz4X/Gm2j074i6NB4W8SeUqwa7Yr5UM9wAUVpSoCgEhSyn8xxjzP4hfs9eI9BhOtaG6eJ/DpBkgv8ATtssiIMlPMjQsRtHUNkjacZ6V5KttuCJGjPlY5SflXoCTtPpjhcFePUDFe5/D74g+LfCRhGnahJPpjsEuNIvHM9tInBZQkmVBKbjkgFS3Ru3y1fiPDOco5hTXKnyqpBJSSukm0raJ3vprd3u7H3VLKp1Y03RUedxTaastou2l+r0WqZ8pvDLBM7TjyJY2KPHKhRlbPGR1BBAHJ69O1eQ+KXkGtgEszGEZOCVAxzgH3+YcDnntz+tPiD4ZeB/jLZHUtGgg8OeKZIDK9qQsUU0oUOcbeCsjAEMAu0HOOtfnb8S/g1468J+IpI9Q0u5kt8tHHdxxs8JGcAiRQBk/jjuAMCvWyfCwxiWLwVRYik1ZuEryjdx0lFa69+/yPCz722HiqFWDhOMlLVWurRu9Xy213Ttpe2mvjiq5jg2Ho2S3AOBye5OO47e/Qn6C8EXUkcMapIGkEKgDBJUqAp3HqSOSPmIO0nIyBXPeFfAaJG0+vyNbqr4EKn51J/ibgkhsgY685PSvbvD+k6FY2TmAEygOoaQZ3KMgZOcAEFeRz9O6zqosPH2Ulyy5U3G1ntHdX3t6X6JvbXh6hUqNVvdUVb3m+kVG7fe7829NNzorKaKUWqyFGAIlZjwwxyT6E+mCR2GBknM1YBfE2k3D5ZpJo9o5CSRkDC4AwcAck+oGQSaybnURFdxxxL+7WMqp/56EnJIyQ2wHoSOgwPWqMXiO3m1jQ0vpBusrnLBcZ2K2Rk/3RkZBHuSSafD2erDYPGZfNNLEJShKGvJKMYJ318+7+52OvPMrji8XhMUmuag0m9lKL5XJ2SS01duu99D0nxXd3em6bqkumvPaSpaSzGW3kZGhZlJIYDAIz/sk9eozXxlo/xZ8ZR3E1vc3aX8ayS4W7HmMFRzkl3yzEjv0HBPSvszxrqlvc6brP2dVK3GmuxZcbSFQkFV45PvySAcjdgfnFb3Ae6vIlIUI85GcId285IbjJPOW4JzxzgFQxuIpxlKlVmuW6snta12t7ba6LQ8/M8PTVShGcU4yWt10fLbazv+KT1Xb9lPgZ8Nbf4ieBLPxL9otNPvpYmae3FqjQqAPlJJXhn/AA64yQ2D0WsfCPTri4Om3On6JqBaVYowbdIpZmOQpOF7sS3AHPPvXWfscRuvwe0eXzDK8sTqzA42L0GeOMADkkdCfp6DqVoYvFtoMF1E8ZPzEqAW3cAc+mAM89AScV/G+dfSM46yjjTOsno1cBXwWBxFSnSpYnCwc1GEklF1E4S1V923ofvOU+GHDeO4ey/GzoVoYjE0KU6k6VXls5pNNx2dvW6Wl7I+A/Ffw6+AMfiDUfDmv6haaNrti4ju7YstuLeQgldrYIIY7eenQDrXP3P7Lnw31oJP4d8X2peQYjVbiGTkj5SwL4A4UdBjnggcfN37W8rp8e/HSqpUm7XBDMp4UHluq49eQexLH5vniz8Ratp8kcllql/aSKAVWC8lXpySAHYEnPHHoM9K/t3hjiKtm+RZVmWJwtBVcZgsNiKipxfKp1aUKkkr3cYptta9FvZs/nPPsDhcvzbMMDTdTkw2KrUoOTvdU5qN2rJO6XnrtomfbGr/ALHXiaFml0rU7W9VeUGULFfT5S2ehIyRkH1ryTxF+zX8R9OtpidFmnURzAm2UsT8pJAODyew7njjPPBaN8cvihobGSx8X6rtztKXVw8qdt+4Nn0xwcAA+vHqmmfti/E/TLdoL2bT9ThVGaRZ4UL8Achjkg8Bge+PTivpJYrB1H71CUHZXcVa/wAOt27b3vtrc+f+rtPmhOyvpe+mqSWl306u+23Twm2+HHirSYQt3ol/bMjOHZraR8ckZbKlQCoXryo6Z7Z0+kz24dJlZNrgsJEZdqljgBSMjGB3POM84B+wvCX7Z+j3lsIPE3hGyut7yedJEkZbkEHcChJ68nP97jmu7g+Kf7PvjLeuraBDp8kuQWSALtB/2lxznnjHbnjnzqtbDRk+WfLFJcqlvfTRO3fb/OzOuGD+s6Tim9G2nFcusXfdX9d+i7v89jZtg8nI3EdASAxY59Ox6ezc9GPaso3BHIIBww7juCOfl5/DgYziv0JvPhd8A/FSouieJrTTppgzgNMsbBjzgq23aVwv8zk5B5e8/ZT+3q0vhvxNZ3sa5AXzonBAxwSXyAeA3c/yiOITu1KL1tpK+l1vpp2fRbPS6Mp5I9eWV7Neenu6apq9r999b6nw2bcqMbWIIUnn7ueR3544x0wTkZFCxABj8xIbDAcYXggg92yB2x0xnofpvVv2a/iNpXmRrYC9+bKCEbmdVIAK7N3GB2PORxnOPMNS+G3jHSnkF7oF/CUY53QSFeg3bsDOOo4wc5PGAa1jWVkuZdtX6bNW2/W1tjhnlNemnaEpJK2kbdrarRbt20S9N/OAu0IpXKgnkdRk8Ak5znPzHkAZpzIoDjkDnAY4BGeM449AQeCec4wK15tLu7cusltNB1UhoGGcZBBLKMDOCCMkAjpzVLyNu4sQckIARkgLjhiew/vfgBxWsndLo0r9N/d0XVWTb/4Y5vY1Y3jKk7p9lvaKW1np3tbp0OF8TqBBbkNkidAAB06c9iRk46bc9Bnpv6czG2XO4MsUfykgABgMgkDgZzx/eHHtj+KYZFtoZCAN1ygUe2QQvfB4HOSCccHFbFhbSeRFvRuI1IUDHbn5gQCcZxnk9uc1nBuNSel1yx97W26vd303S28mkzWvF/V6a5OrWsUtbRbvdPW73as7aqzNRZziNScJ0B6kbcDAOe3J6HGfyY7jK8FlLkLyAdp6Ajngd88gEEDbhagMU+7fuO0HOD8p5BJIAJJ5Jz9TmmKpU8jO9sryT8ykEdRnHfOCMnp8vO6l1vfW17emzV7Xfo/keY6c3FNysm7Wa0Xw3Stf3W29bJLTRaWtkKxVcGEF2Ac84IydhOOgPfHXHHy8sWAqSyuTjkAEEHGM5GQQeTzngEZJ6UgLBl3cMrElMYIIB6ZABzg8jdnnOCDUpJ+bA2jBweMktgnuAPTHIIJPcmnfzskum+nK0m77Ky2tZPbuoNuSha8k4tN6WS5W3peKukk9FLXqhdrgjYc4JLOAuQBk5GMYwD8+0gDPXkClBAfBAGCCSUxndnOQcd++Dz706POxiMhVADFc4IOF5wvUNyeoBDDPoZUl1I3g4Cv1Kj259c4z8wIwM1jJa2au9Nttru1ku6elmteruu2N1Ft21cW/W0brRLb1XVryjeRkcqhABPzcfmQe+MYznjrk81xPi4D7Pa8jAnUAhuCAQeD689Rjj613DbCNu0gjIQ4BLE4xxuyfRs4xjnrXF+LlX7LAoXDLOoY5HXKk4JzkdAB24I94qJcktLO3XTtfto3e++3QvBt+3gm1q1p1Saira9dW9Un5dTotIihlt4sKQrxqz8kZHQgAgA5IzwQQRzkg1rtaouEXnDfLzgKpIzjOCSoyD+ec5xl6KwNtACodgiLjBA5HGWJA6ZycevTnHQbUHzHjHLFxgZPQZzgKDjGPqADgVyyoqVkr3aVrLZWVk9l+a06X07KuIjTlJvVpptO6Su4rXyvdLo32ZnNabQxdgH6IdqsMYx+R9PmAwPcVGou4WDpLJGByrJMU24OMgAnp0AGcZ5xgmtVxG4XOCAud33cnuSuOnVTkjdgcc8xbFxggEHcFwCevGV6HHIxg8YGSR1cMLG6bei30dntZu7+/S3Sz6ZRzR3d297rW3Lton11v0b63smLaeLPFGmOG0/XtShMZDLsvZgF5B6biOfT0+hB9C0n4+/FTRwrW/ii6mUsQyXUryhtvPVjg5UY5xnsK8oubcKVOAMEgM2QeOoyBwCSQCDzjnpSeShjBUZYAllyMHGSeM88gjkHnB9CL+rq75dtNumi9b9tlZrrrfT+1JJpRm0pWaSfS0Xre7s7K1l06WPpi0/a08bhBDq+m6ZqkQAG6S2j3MOMsW2nPA7cZwM5NezfB34v6F8UfiH4Y8NTeD7PTtUv9QSMajaxojbdy7lDBQORk/Qgc9/z6W23ouAQDkgKcEc9Spzg5xkEA4HIPAP0R+yoJIfjv8PWSRYy2tQqR3OSqcZG7kMSRuwc9O9YYrno4atOEmnGlJtJa2UVomuuj1ut7rVHrZdi3iMVh6c5cynUpx1S25o3u36vZ9NmfUf7YFlaaJ8VLO0uI5IPsFpBG4QANJEFXa2QOmRlic5zgkD5a+ebC78M3Ny7vqgsixx5ZzHuycAHg9sZzjIyCQATX0/8At6xG2+MQzKskklnASzDGeV+XAGefvMSOBnoME/BOsKkdxJhcZCsQuNvyrxgjjOS2BjkcV5mAxtavh6bqO7UE23o+mt0+qXVaar1+lxkKeGxNVQ5WlKN9GndW0tdK6tppu3JLU+i7TTLeWPZaaraSKCxjKTKWbIJywJHHqc4BLDjkU19M1m3ZWVQ0eBhrfL7zxzsU44BI3DOAwJ718vJdzxv5sc0sZAIzHKykEZ7ByBjGGHPY+9WbTxn4ns5UittWu08r5hG8ruF+YE/KwwS3QAnjJOfXv9utLR2UU7XTb0etrPTRp6WslfS5j9ag7OUZR1WztvZa2666K93a3RM+oVm1KFjHNDKIwC2ZEbIPXO4kHBwPcfWp/wC3LoEOUyn3CD90H+8OAVOMk7j68c14TZfF7xXEVS4kgukGXPnxjcRn7pKhccZHHqBnkV0g+LcM0S/2hoUWCQVeJtmeMNwBj14Oex6jNXGtBtOSkldPo0np0b0vonq3pbXrbxFNvSbWqbutI6xtvffW9rep6/8A28hIwQzDau1lJwoJyO+SCSehbGTxkg7dpqUMis3mqHdgACBgr/dXJHQdBkE9CeTnxix8c+DroBWa6sZSCW3ZKDcTgKSBgDH97nByD26ax1DQp0EVhrFrNIDuALhX2kdAclQ3PTOV5xXQnCabi9bq2tmlaL2TaaVr6rSzve1zVVldcsk29rWW9rre630vfV6ba9dqV3Gxky5KKSqIqgBlwMcjO056ADIOcjbgjyPWmM1zaKrGENLKQD1Hyk56+g24/wARjvktJ5Di3ljmAVmBWRZQd2RwA33geQO+RjIJxwev2V+Ly0MkMwKsxLFDtAYMBuwcLx1zx1Jpwjy2VpJt383dxsvOy0a6Lu1c8/HNtO62tpbyW9tdvTVapvf3H4F7/wDhXHi5JSWT7bfBGXu2xwM4VicY4B4HTpjP5v8AjNAusXEZOWNxduNvBXdK+Q2PQL0I5GSM8Z/Rv4FXMFv4I163mkRWmvbqONWOVkdkkGMEDB6AfNhSM54BP54+PoQviO+URbhHfXysACMqZCVO454ByOAQO2AM0U73npdc6e3S0E7pbK2i2tZ6vpwYrmeHopWaSSs/Nwd7LTTfVJ663W/KWqlnTawKkN94ZwevG0jheuR97oCQOdyFCCoJ3qufmxzu4wQT8yrgY5AzjA5FZUCDYCYGUElQ3K9MkjAGTjJ7EZ5z3rYV42XOwqMDkqAMcljgDpxkscgE+tdkJtJJPZWfa9o7Xvd6pb37nztajJzctk7Pd6bP/NJOytrpoS7F5wGJ/iAHQDnIOcHtwc9RyMU/au5VQcENkgfNk88A88nqTjkcmnxyI4KlDwSCykqCR2zzyM8dc5BIzV6MxEhSoIAwxBUYOOg4556nkfqxtyUlG8XayX5a20vt5vXS5wexmtLXbte1tdlpuuu600v2tTUhWUOFOOox82cZBwO33fTce4HNP3RgOCCeQwyeCynOQAcnA4xk4yM+9tY4JMhMK7E/MCCMAYGcEfMSe/Tg9+X/AGMZzGw44JLc5PUEYPGCOc7iAT1xki1zLlTfTy3itUr+rTTXTZ3WbUoxd1rpa13ddb26q3krtaooEquSAScDJIySOhZcZ/pxz9FOQVztbIPO7JJbB554A5OOv8ORjAsizdvlG3aCVbbwSeQGC7u2QRgjOMfWNoXjK4GWwdpx6Z6+n6Z9O1W4KTbTStbp6PS3bSXTpv0FW5Ukknqkm7J2lZvR6XS1ej2V+7zdRjDwOu0s21tuAVI4P949AemV+YjtkVy3h2QpLcqMqPMLEY3cgkY6dcn5T07jHFdZeswglU7gp6kjOG245Y8hT1B6Zxg9DXJaCXE90CCdshbkEZ3A88HqMgjnkYz6Vzyg/aK9ldpK26bSu/Lv1t31Z6VCblhqrWjik07bN8vmurbsno36I9Chv3cINyhyu0OFIIAYghj3GABkYAO0AEc1pxXsixk+YxYEDazFgMY56liMDjGf05wIwFQgBsMN4JGRuBGRz8uD7EjnJwTmrsJTEjAEFtm8ksdoHTaOc9z09S27aa0dJOKXKm35+8vhvpd6OStqr2Wtra8Ma803Fzd91ulfR2itXZW3b6v3Xqah1AsSwkkVwQuMkKXJAJB/u7s4x9cVci1C6CO5lYKAAc4K5xjuc4xyc85OevNYyKIyxyCGOQCA2R2JB6cHp1x8wwcGpCcMgwpJYkpkbW2+qnoBzy2ePQnAzeHhJ3cbPTZadEtd38tLdNWWsROCuqml/h1T+FLTRXs1pvdWuu/QW+rXcTESOkgZhjjnGcgHgA4xxjB6cjqNZNZlCkPGI1GdrRn5uCASQfvKxySvYZzjnPGeaYTuUbc/eLrxkZA9OwOT1K9uBUgnkbYFCpk7hgcEg/MeT9euSpzktjJj6pTkk1q0tXHa67NO3yT6tNG9HMK8HFObl21ckkml5WutNtHszt016NceXNcRyKOAJHC7ieqjgBSD0z8uAc54G7ZeNtWtFJt9Xu4pAu2NTKxXAI42sSNuPY54BwOnlG50Z3OAXGPmO4HHHfoD17+1PjYvvzI44wRhsZz2PHHA5GcnPTPODwjS92TWnR2ttv3fnrqtbnXHN3e0l0T0tfW2j03303877e3x/F3xJAAklzb3aRg7vNXbIxA6BlOMnjk88dc10+g/HO7inCTxXEbIV3rFeMqMpycKmc7QOwOM4B4Ir5enEzK4DK+wAcnDKP4sHHORnpx1IBOMckkksGsnErKzIzICGAGcglhuwfwAHuQeH7KtTs41rW2ulvdNbO+j9FfS72fdh8xhVkkovone2+j7Nrr0XloeZK7KozgkKW2lTyWzjn1A7A+nXiq5+c8bVAIyR15GCGG4demR/wB88mowxAVQcrjHI59Ovbocfn1GaQuApAGTngjHJJzzjoR16nHSvPfW1rJa9nr0tdu+mrd+7WiN+W19teiXu9N1f169QK7vu7QFHBPb1BP1OSc/xZOSeWBW+YcjaeT0x/PoeMenAzinBzsUdgNxI4OM45IyM9c+nGckYLvMZlCAbQeGIJBbJOSenHI44yVH1M6JdVffyu1q7bptrtbzCPNonbovP7/69e7CM4O4DcDls9Bx36EnvzxwT7IW3Yx91e4BwehwMjJOTzkDAHXkUpPscMSOgyRnvjtnOD2yR6ikVDIwVV2lST2GcevQDGOTjn2wafu9NXdd+yureb/D5XqzX+d76WW/3r7/ADaG7j82QeAOB1/PrjsQPQc8UA+ox1wCMY3emMdguOMdPXFaEdkzjoQwGTkgqRnrwTx25GemcCtez8K69qkiwaToWtapK5QrFpmlX14WyAMIIYHz0PIBwR04pWbWl7eXTbe6S7X9L+ZDqQja8o6+aS6X37X9PM5rd0YEhc8exB6jp37Y7joM0Fm5z16YxgHJyMDtnIHoMccCr2padfaXdy2Wo2d1YXkDbZ7S8hkt7mFv7s0MgV4355VlU+1USRuwRjPbv27H+p7elK7Tsu6tbTRqPkrJXT189hp3s/dta6e+jSvbpbV6ryfqE5xtU5GcjqTgHn2Xjrx3PI4ppbKj26kDp82QAcA+hJyfbpwuQo68EYPU5+bd6/TpzxnNMwzE4GN3OB0OegA69T+Jz6U7q2j730b2aaST366+WifWh4k254zuXGMfdCnAz09+/GQKYWyue5z0yADjnJzz8ufb1zijYPXpjJ6DnsM9/wBP5UEHJPQZAwMEnI6Ad+Djp0pc0W1fXpfW+vLfrr0t017AMBP9Pbn9P6etShzuxxjoABgDHI49zng9D0NKqY6E5BPJUjJA7Z9DnPQ8e4p0cJcjCFtx2gA55z3A5I5BGcZ6c1S3VvLv5b+V/wCthXX6detunzXpcsKzzMDkbiV6KegwM4BORxjPp+Y9O8A2ts+uaW9ywS2F3EZ2DY8uPeN8hUHgLy3XDHjOemR4b8BeKNfLDSNIur6VZMbUjIYbsAYOMFuTwvbJBz1+yfgf+y/441PX7KPX9BktbKdiqxyTBbm4diCsRXoqZGGY5x830PmZniKVHC1pVJpR9nJSerb0str3fa/ra9mb4aM5V6ShDmlzwa0b+0mm0tbdPXZa3P3Fl/4Ko/C/4U/sHaj+x58LPh9FrX/CWWEa+KfFutEyJb6g4Vp57eIowc71AgZpPlBOBzz+bvwT/aztfgn4f8ZapYzW1t4k8X6bc6GmNP8AMjFncKyM8chJaNgCS2CCW+9nqfXte/Zs8J2vhHVbXUL618PTaVbRS3FpGiyyymNhuAlByzY6EEgNg4wGJ+MPFWjeBbuG603T1K22nKsNuTDvvbm6ZWQTMFBYRuwB4GCTwOcn8d4b4c4fVHH4bCU8ZVhjMX7fFVcRVqS9pL2iqRTnpywUuZKCSSvZs/Q8w4izeNfC1pyoQlQoqNGFOC5byhFSk+vNZK97WaSaZ52PHHw21DVdR1XxHb3uoTXE811Jt4hv7mWRpCGRQQE3ZXap+7nB4re0bX/2efFIvIvE2lXugDDiyj05THl2xseU7SSCeSoA5PPXjw7Uvh9rVhcOs6XCtIrvbwiCUAKxyoGI+SR65PNUNG8GeIpJGji0a/vJSWVQkDkKxJGCfL6jjbwdvB6Zx+uUqdOnRjBTcFGKSSb2SjFN6+8rapbO12j5R42tOo3PDU6nPJuUZ0Vu2nK/VN3vyuyd/v8AoOz+CvhrXNZaHwnqSXdvJGGjkmZYxAjfMN5Y/vH28dV+6Dzk55Xxn8EZtChkutEvH1Q2sbPerFHk28ueYiQSuMqwBBOOmFNeq/DL4R/FdNHnuINGuYjPJGwvJi6SxLncY0yQSB6DHRR3Ne5aX4A8RRCfTvEEtvp9nLtM8iOGlnkXBZMkgu0m7rxjpjIwcHW9k0udS1Vk1a/f3r21tdu1klaz2OiOXUMZC7w7o1JK6lG6Ub8tv7q7u6tbToz8w5ZdTs3kjZJY2hbDQklQvuydM55HHXg8U37VdThQS0URUmQjJXIBDY5wCeQT3HBHSv1Eu/2cLPxFb311Hokdra4Lm6cZurjCgoIohg5cg5PQAn1GPin4l/DLVvDsl2qaX9ksbBG848eY6BmCvtJ+XO07ySx444FaU5wqyuoe8rN2Ta0UU76Kydm9GtNV5eTisvxGEXM03T1Wilps2nbpffZaabHzNqMbZYwnMJIXghdzFskDaC2Mtx7k/L0NLFoepXg8/wAp/KjTLkr/AAkAgLwN2eP7vJGccgadpJGl1Hcywg26MSYmGRu4x8hwPl5Poec5yK1LvxLNdOYLdVhiZMHaqoxRG2hQPlUcfLkYz7GuvmceVRUWna7bSX2X577Lppq7nmynazs9WtVstusrPS+lrnn93aTQSKkg/dkEqxXOACfl553Dvu7YJ54rJKypuG0kDec4yBxywxgjjn2HU8nPXXckZlWSXkBeACW7cEddvGM8f41izSqm9lILDjgDaAecHkBs9cZ+XkjGCa6YSe0rfO1raXtrqt7X1V9rFRnfVJaWWy3SSevr6W9d8aON8NtycuCMEjGOSWOT8o9Mc4xg5xSib96pky5U4AOccbsKEIOOnGOmeoPFXkdsNswxO0/Ko3AjqPl5AByenp9atWenNcXMascMzjezJhEU8gkjnJxyOfunoTzpKUbXd1dfaS2umrq973bXy0Sd2GrvdpebffS72t5/ne15JdcvHgigYnylB6Fh2AAJ6qQOnC8hR71ly3MqxkchSfvFm+8QCeCccrxjt1IPNe76LpPw5Gl7dQ1SWK+guRJcqY/3bRggNGCSC25s/KQCB/D68B49k8NJqDR+HV82zZE2S7QEGMjCRk8Enrknkc4xmueNWDqJKm97c3Kko6K9ne2lui1s9tDb2NqXtFUg1o+WL1+a07JWtr6I4ISN8jYG1QSQT8p45OBwSTjjueQe1Pt3dr+zkcMoNzBkDkHEyAc5A5GOce3WoVdScdQWLHPJ4GCSp7L0GeP4euKlXzBfWW0kKLi3cKfTzkwDweDy3U/e4x0PQlG97O2nnrZWa7pa2enX5Y6O19HdfK+60tfW2nWyP3l8DuzeCvCzBSqjRbINgYOGiXGBjkY7jOM89OOzjk8sKxUgNknI7AcEZHX04weuMdeS8BjPgrwuWPTQ7AnC9f3K/e64GTkDqM5JrtjHkBFwwKgHB28HgY44PHBHoSCRg16EJLlSkmrJXatt7qTd7K2vT1tY6GkrJrWyt19LK+l9L9b6so3EgaCUn5i6ScnAONpI47frn2INeZaFYxS3VxNKrBoZZHiCHOWZiAxYYzzjIGMDPPevUJrdQkw3fdhkD5G7au1sAYOckDavf1Irz3Q2YzzBUwqSBWZchihbg9eSSMZ28E9uAalOHK7dbWbsnur2v6aPV3vrcxqO27tq/K60vbr3s9dVddjM02Bo9a1SMEqDKJWLcl88gHPb+ee+a7GRVVAGAO4bW6AqOOg7jp+fU9K5+ww+uaorbiwkQrkAHoepOSO+QCOhHIzXTOAySbgcgEbsHjp0xzznHP04rowaSs27tbPe2173vpve70T0VrWwnqldJK21u1t2+m91b7ulBwyBHQAqm5lD8HgkHjr2Jwx56/MM1fguPNaI7CuFPKjKljkE8jBBOOmOBznINVXiVkyGDbduME5bPIwT1ABIOOTge4EoBHllT84jb2GMEHBwQTz056A5Oa+lyz3qyT106PfVW9W9Nnv1PGzScfYSa121Vn/JfW736pN2u9SaeflV5UAkscZGOOD+J9QOAAR0qnJLuLAMoZTlU5IYnHysc8dyc5zk8GnTyKEwXGAdnzD5iSRjGOoOevAbn6VTLr8ykAA4wQcnCgZ545PUdeOQPT6qnHVXVlutFotLLro1ZfPXz+NlK1tt7K9vLTrzaJpbX03Gu5yoyCN4AI9RnBz02kkjbznjng5rSSDAByfnPXGAO5AA5YDgY9+e1SEqxwAABkjPc8ZLegHHQ/L64GTG/A2h1DAHcwX7oPXu3I9D2we/HbBxST0v21a0af3X2WmnS1r5uzd1G+2ujV2o6q6s23r00elrtkSvksqqQRlyxHJGMjjIGR6HpznHVdnRlX7TAWRg6yq7NyMnoCcAEHGOPXBGe2OrEfd5KjAO0EFm7EepxwDngHjkZ2dIYi4iyQcyICAOTk5whyo6jLccHkY4xnWcXB2urxelrdItO/ldJ32V+o6b5pwvqnNLT1jv5X9P0Pyt/aTthc/GXxOqkKzzRL124DKMMSBg5JPOAMkjkBjXkln4etVRGuJwyrkyoGHCryFXHBYn8sjJIFetftLzY+MPikIDGRJGQe5KquN3TqSTwBkdTg8eAteuywohcMzhV+YjhuMc4POcK3QHGBkMR+HZgpyxmIs0kq9RaOzupJt2Ssrp26bdL3P1GkpexpcvWnB3T1+FWunonut++u56PZ6VoBiRVjkmDMSFyN2xc55xgHjOemD0OeJbrQYZLR7nSbJ1ETlfnYZdDkHjHXA4GD7dq46wv5dKeMyss0zLwrPlVG/IJC55OSvB5ORkHgazeL7+OOWGLb1L7sEKgI4xwQzAd/p7V5ko1FL4m7b8yutErK26tZJbNPQmcOtm7dXa11bd62vq3Z6PfS5zl3cTwB4plEaRkjaVZWUjqDnPTueSCT3IAw1u5xK7BtpypJzjKqoB44yD25AGOvRa3Z5JtURpGheSQMzvKo+UscnkDqOM4498c5xZrXa+CHjJAPPyjHA49BnKgDIAyM+mtoNLWN3brZr4beVrerVultHBR2ta9r69NNuyad9db6bXt1+na9LFG0EYLBud5Y7gGI3AEYHVsY28dOMmtKTxKyKqbSFUq6DLZDdeTzkEE7SenQ9c1x8cTuB5auWVfmjULyAOpKgZzgA+wx9FtmaF386FpCVO1WOWUN1AzjlsjAGOmd2ea53h6MpuU1HV9t37r2srq/q979nnKnfRWTaTbfa6eyW/zd972sbz63JPNJJLJ1JAwSMkZCqOB+PI9MAjlIr/AM5RFgwoSWOz9fwPoeuRzVGLTWnUblwZHY7GBTbgkdeBwDz045xmupj0eG0hQzzRJIOzYIKnlcd2YHH05OMAUlTowdowtd30ildu3o2tPJsajrr0SVlfVvl6Ozd2u936tGbFcvalnPVkwDjMjAZwM4yDtzgZ4AGMHBrEub5r5hEo2IpZiVzxzznOCeD15x36cbc7QuGIAKg5Mme5HQDIOemBjBAOcY55uRzESixqchmDfxZ2nHbkEHGOnTHGa1pQV02rLu1dL4dNrdF1e9tbaUovmV3dRStbW1+VvWyt5K70VnbdLDKI0ESgIu448xQeeccDkDkjjpwR2NaaXhMRkd8Ox2qPUdsfMSWJBOQM49TxWDHFPcnasMrvuwxRD0HI+7yevQcjgZHWur0zwlrN7KIhY3UcGFw7RtjcSoyWboDn6AEEZHNdE5UacU5VIrq22tWlF7avq5Xva1vNvSMYq2ltv712rbre19fwSRmRXUsq4kcsu4KEGFAJJOc8gjJzyMAEDI+Wuujtlt4kdt6q0eSxO5EBHTIzg5/pxjr0EXw/fTLKW4vbtEljO7yyAwRSMqQTnJxjj72ef7oPC6pfb0a3hmaWJXOFHBbHBbGNpU9MjcAO9cirwrSUab0jvbTTRpaW2W1umz1shuLSaWu2qV3s736pN2Vt3rfo83UJyRnzhI6tlcOPlXPGMHkjv369Dmqdtcz3DkoJJXQqqAD5ucZLZzjHr9eOeKU6oC0cblnYNIvUEMR0BwcDIIHUHqSOSLmm6j/ZLSIoV7iUoQ2QWjTOSEOCCTzwByeeuRXbGNob7pK130tu+nTTXTpuPm0tHTS+r2aSe71Wurd7d7dfeNEmm8O2UF5Pte9ktwI422tHCjDIdgSAHIO7GQQSOhOK6XSvFN/cNJdT3E2HBhRQdqFzkAgHJWMA4zuxt64HB+e9Q8QXM+xfOYKFT93v6MBnJOMc9+BgD8TZ/wCElulhVIWYSBRjadoAAwX6DOfXjqQcYBrn9gm223fS9rb6Ky1tZNLfV3Sfnk1K+t3on5X0fSStbTzvfTQ+k7PX3a1khaUtbiVmuHcbivOeCeTzgYPUDnFZ+oavb3VuWGnRTW9urROfLAEjM2A+NpHXuM+/XdXz7D4svUjHlmRyNwmG4lHI/iYEbep5PTgg54roY/H17cW/krGItmFZkT5BjBJYjCng9uCDjOaz+r9WpXXWy2STsr6W00b/AB3E+bz0W++1trqy11fS93rodfqGhHUEN3bvHaoSI0tVYKwxjIYdlOCAuO2cAGsLV/CF5aWqLC6Ru213AO9y7HkBlYkZB5yCB9Riqi+I2jeGQyqw25IBJDMx4O1SOM9V5GeoyBnX0e71XUbhbtA0qIzBt7bolQ87SDwcdPQjrmlKMo66vTbV6Pl893ZXSa0va9mEXK9ndaLSyu2uW7SSWlmtLI4W30zUIjOJFliCsFaUlm3L2HOOMdMemRjAq/qA8izjWSURuwQJtxkpxntn5iOAffjdXV+IL3y7SWbzoFmZztgC8jBIY8dV5yDjIzkds+WXWrtPPEsz/LgEgnJByeRx0IBwDzjuTjDppzScouOibVrK7Su73X6JW16lrW6e+l1p1tfdvZdXpo99jTtNPv52aNdvkH5iXO4FRllz1PfgHHOBgDiun0vwtp22SabaSvzupAO9mXlYjkYyRjPIwBjnk8bFrbW7GRJVAjUKqEAgnJGcHjkAd+CMc8VNp/iZYJmnmmLrvJMbAkMxBwQvQ8kDIxwemcGtOScX7qdnputNlfd30dno7bDV+1nu9lpon1d7318utzT1mY6U628NsttGS4UlQrPGTkMcZwCCBkkZzxyAaxNL1z+z7o3S8SxkPENzBVZCARk4PIJHORn221qP4h0/XXc6hEQ0WUgWMYHAONx6DtkAjAGKwL2GzLxSxKyoSA8Z4QlWxjIYEgjljgZ54yKajdKM11tbSz2W9ndp3d07aeehFxSXNvdJPa/w6921fo3ZpaHsFp8QBqnltLKLeVIzHGobgsQMlz1O7PIySACR0qzYalpMazS3zyGUyOYmViVY+xzlSx4BAIxuwMjFeGAeXIDGcqzFtgOBGe+QCfUEYweR9K6KKa+lRQw/cwkbWxgZPTIwc8HOQQc4HPOeavhoXTS10101Xu3TV02t3ppdW8xy3V9dNW1q7pX+Xr5as7C7v0u5J0X7RFCzEW8e8hC2eCeOSMj5ie56gZrjryW6Uz2008jJJkrbhtwV0PDPkjB6YIIye/GK1NQW5sbSG6lm83Kl0jiOHAO0DJXrgAZGDj0z1z9G0/WdbmkTTrOa5d3XdIyMQgLbm+YjBAxnuRgE/eFZqVKhDmlyxSTu5qzsknqm7bPZ99VsPl2Sd0mktLr7Nm9bXvpf8HZmCsd1c8RW05U5jjAUgeZ0wBjBBPOQScdcYr1Tw/8ACXUr2xi1LXGOm2MgBjY7TJsAxkoxHtt+uFGBmvY9EhsfDHh2AazpmnPeuSqbtguIkUkFlHJLkjvyD97giuB8R674m8QXNtD4f0/U5rG2cs0CRSSoQvQso2rsOcrgkdjXiyzWriqkoYeKo0IaSxU+Wz+HWMbJOy83e/e4KDtZJc1o7xSd3a+iW6VrWfnfc3LTw78LPDdvb22o+dql258yN8bUZgchH3ZC9/pxngiuzuPiFpUGm2Oh+G9Et7NSADdWsarKN2QRlVzuOcAkjb0LYBB850jwXqOo3zal4jlawt1RZDaOuyXaAOEXGcngE8k+/GNqC50nw9qCrp1t9uWRg7SuNzbuNsaAn5SBjJXpgdzg+dWo08U2vbVMdONtHJ+zVnFWaV4u+6uvLSwRjyuMZxbTdk+W94+7ps/J3tdO+mxoXEGvo39pNNcIrEL/AKQzv5KNtDFiThSeRtwCTwR1z574g1C9MihL3zWilJ2qSmQf4toOWyTyPQDJI4HpEqeJPFTyado+lajcSTuEW00+KW6lllckAYjVuB05AwScZOK+xvgj/wAE0P2l/jYmnS6b4HvfDmmXJj36vr8T2ieU5XMoSVQWypycgY4AAIrqwOHhSanVjRpN2srWSV0ldJ73ta3zdz1MNl2IxL5aNKpNaO6i9rrS7+Vm3olazufAugWGl3kQvNakZCpWWK3jY5kYEE8dVBP8OTj14r6F8A/Djx/8TLmDRfhp8N9R1a6vJ40gvYNNmZIl3jEhlMaoF4GSWOMkZ4GP6HvgN/wRs+CPwsgtde+O/iuDxPq0BjnfSIZVjsUeMh2ieMPiRAcgjvgA45FfotpniL4JfCLT4tC+FXgXR7VbdFigltrCCFVKLtDGTyw7NkZB3Z5JPUA9jovF1n7GlUq25VdcypJ+7fS6ut7aK193bT3aHD1OglPHYiNKO7hGzl0TTu/dvft5PY/Cb4Hf8Ed/ij4+kh1b40+IY/DOltFC72MID3CxsqloHclfKZRwTyM4weA1fq38LP2NP2Qv2Z4rWWy0Sx8ReI7WJc3t8I7+drhAMsm9WEYLgHOCAdpzkYPa+K/in4u8RuUnv2tbRmZEtLNjGqqx+UMyAdASueSdvPArzN2lklZpSZHBPmTSzZxk8ktICGPseAM7a97AZBiKlnXn7NSS9yKSauo+V9tdW/Q6p18owUV9XoRnVTV6tW8tbw23a11tot76o971z44SW1t/Z3g/RbXSLONWSF1iSMhQAoKpGqdccYXgYBPArwfXNa8UeIpPN1LULmd3bKoZGWMBsjAUHBPtgYHTg1zeteL/AAv4fjZ9Q1OIzoMpbxSK0mecIFAOfQLgknPArzaX4jeK/FM32DwN4cu2EhwNQuImEY3HBfcQNq46Djr7Zr7LA5LQwqjyUeebaXM1d3stt7bbdOr6Hh47N6tRP96owtol7sbOy1tZaPo139F6lJFZ6bEbjVL22s4lyz75FVgcZ43Z3EkA4AHIPfOOE1H4t+H9Lm+x+HLG48Q6kTiP7MjSIXJKguyqUwT1yw6dB1LtN+C2r69J9u+IviGeQu4ZtLtZGVCDzsLA7exHIbnAOcZr2bRvC/hDwfGsejaPaxMFCiaSJGkJwPm3nJ3EjJI/iyCT3+qwmVVqz5Zx9lGy1tq/h00slv6er3+WxWc0qTbjLmvpLVLt6aX3+W9rHh0OhfGP4hMJdQuY/COiTYIgjbbctEfvZJIOCAcLjOehGDXoug/BzwV4a8u81FJNc1E/O91qBM4EhO7cEcvnkdDk4yRxwPQLjWEYmNw4x8qqMlTkHOFGMDrgEAkN935jXJ6/rMhEKRqNisqvnIBPYEDHP94Z4I7c7fpsFk1Kmlzpc8Wm3LWWnLdWej1t9zasrHzmNz+crpSeqXVbKy2bve2id2u+xvM9tbMV09o4Ik+VYoUWIBFGB8q47HOO3GenFWXUggEW9WGVcvgFlBUE7uck8MSM9WwOTXJvqGWUI4Dsg6gDGAfl6g8k7R/kBsl7DwxAIwRISQEG0csS2AFHGSehIPUA17MqdKnTWkVstXG32b62a0ta3W76o8JY+pWvFbSaaTu1a6Wq1jvqrdNV0R0l3qMVqyhSPLdGIYgnO4cD5T0zgkgLt4wSMZ8Z8b2WlaxLDrWnzpp/i3S5C2m6xBlJXfJItroLzJbv8yuGOMYwSM1h+OvjN8P/AALbTy+JPEljE6RuIbOCdJbonaQVCqcnccDuDkcjkj88/iZ+27bQC8tfh/o6oshkUarqIJbeSSJI4sbi2SSOR8/p1ryMfj8uw0HKrKM5SvaNOzldctttdW07XXRevo5fRzGvUUoxdOF23KWia91N7LffTRttu25+lOk/FHSbyxuNN8Xta6F4h0lUOo/apEt7S6Rxlbyzkc7XjfBdkHK54IavJPGP7Vfwm8IyTRQ6g+u30Eci+TpvzxNIown70fKhJIHIPPH1/Gy/+Kfjfx/dy3Wvarqd/dznbBBbGVQE3EiMogDbdxAAYcDIA5BHU+EfhF8TPGt8Ht9MfTbZuHubpTFvQ9XAI5Ygkkk5Y5Pc184s5xlfmp4Sk1H3eSTu7R93r30V33v3Z9J9Tw0IqVea59OZK2stNEnr5d+yPePid+2b41197xPDdrbeHLNt6RSuVmv/AC1zs+diSDjPBHJyAc4J+TSPiR8VtWMkja5r0lw53yztOLYKc5+XOzjJ+UjpwBk4H3t4G/ZE0m3CX3iNpNVu9wd45QyW46FiQ3BweAADwARx0+qtE8D+GfCdisdlZ6fp8aLhj5UaRhRtGd7YYnHXAxkjhjg0/q2MxXLPEVpWT+HVK11dbXd9b6djjeJw+HbhRpxV/tJWe6Se3M9Fra3p2/Pf4cfsia1qc0cnia6FlbEBzbwEBymQxVs7SSx46845NfbnhP4D+BfDGnmPT9ItpbqMLtur6NZWMigAfOwwMnAzycnIB6Vp+Ifi/wCAfCMMkb38d7OvSK1YMfMXPytjop9OOc7cZr5l8cftO6tqNtcwaBGmmWZYrHMoDXAOeDhQMc9D3znpXdHC0KMVKMY8yVrt3baSvd6taq+vV9Vocbr4md4+0ko3drWUdVFaJt7aLffu9X9OW/iTwrpAvLXU7yz0u700kXVnmOIeWgIRgqHo+0cDAIzzkHHjXjf9ozw5pnn23h61+0TBWRbyU4hXjAKjndg4I9RjrzXwHrHijXNX1i4vp724muLmMtdzzOwL/Mfl5IGD/CPfHPSufv75cP5ryOzAHJbAyOg7BcfXqTktnNEs0pUIe7yqUWlrFK7021W1u7XZa6b08vVaUXNuUVZNO6WllrZt7q9tumuifsPi34t+KPEU0zz6rLFayMcwwyGNBnOflHOAD0DDBGB1XPkVzqqvL5lzKZG5JKtnpnhwSxx82ePvHGNvBPFX+uW4jctKoIYKEViOR155z65HcdOK4PVPG2n6ckk15cQWzjLDfKN+3JPCZz9OmSAc4rwMZntRzl7yk5R11VteXXpbS7VttU/L16GV04uLko6Wd9I7W/FWunv52Vj0jUL/AG3CGLAUglQGPHOScEZbrkgAnoBggk5Fz4htrBZbme7t4lUHLyyIh2gZIHOWHHGBx1AG4V8w638YLiaSa30C3nuZMOBdOp2oCWX5QMAktjqF5I+bPXy3UtT1stHf+I7i5mM7sYrYs6w4IJA2hlXoOASc98nGfm6+NxdVvSVr6t35dl12V3pqr7bM9ak8PRlaKUno7tWinaKWtn6fCu1+p9Saz8YtPhSZNJhN/KpEby7vLt1cDqGPy8cnH+8PWvBvEfxS8QajPKX1N44UyPs9mSoAbqjOTzgjaDzjseeOBUapqbPHZwS7CRstoEYjkHIJGQTxtPGfXg/L2Om/CjxTOsdxc2hsLWUiR2uBtfHB4yDgHOBgHDEdTxXlVJOEuerUs219rzVvlfV36Ls2dyniK6SowfLo24pqK+Bt6pK2l9tNEupwdxf3d1L5u5vmyWkdjJKxY9WdiQBng8nJ6KMfKwy7W4YyP91i24oo5JIXgH/vkYxzjNe0ar4OstH8OvFCge5d8SzSL+8DcFvL/ugc5IA9hnFeYjQ7kkBP9WxO+QgbeCCQSy8sQD8vbdjB6jSlT9queC5ldWfRvTVK2q116J7HFilOnNRqyd7J2eur5fO2remna66r2P4I+FdT8V6jLaaLBJdXrlcoMmOJCf8AWMRn5Q33gCo3dx0r7gtv2P8AXtSitdW8QTxy27kNLZW6lXXG0sDnAyQOcknng5rzj9i3VvDXw+1i81fxCq3ss52w27fcdYwCsbY+7kkHGBknADE193/FD9oY3VlBFpws9A01VEixQbGndCB8pKjKgrtYqTnOMnI57aOHwVFPEV+adRaqEH1XLF9LJa/zX6Wunfpw+BrYjlbqRjRSUm9b3bV5Nq0Ur99bto4Hw98KfCvgO0Rnt7G0ZRlGYLJMzJgHLEEhjjgDgHHTHOne/ESx0W3c2UEZjJK+dMQiKFyNyLjt8uOOvByTk/LXjP44zyzrFYgzO+DHLO+7JY7SEHbIIb69QCK8mvfFOt6vlJJLicyKS0aE7EY5O1UHYklQ3XA7AGoxWe1Iq1CnTw8UlFtv3rLlV9Lq+j2T37PTT6phKdW0b15qz0+FO0Vv807ba3TbTPfvFvxcm1GSfz715403RJFCWjhGcfMQp+YcZA6D26Hw3V/Ed/qDMI5mVBlYkjfLlT0zxuJPIHXPbA6afhz4d+JPEqxTmNbCxUr5txcny0VBtG7D434zySTjBzjGK9o0zSPhd4AQTajcJ4j1qPaxtkw8PmruG3twWPXgYA6d/jsXnE5VJRTniaj6QbcbvlavbRKzS2Wnyt3qhWai24Yekkn2fLo3+HT70914n4W+FfjPxvcRrYWc8ULtuku7jKxBDyWLOBgDII5wcZ96+h9M+Dvw28AwpdeNNZg1HUkUO9hC6OPMVclM87gx4wD65APNcR4i+OGsXANnoMcWg2AzGkNqFjYooYAnaB82DgEZyTkADNeGal4kvLy5kuZpri6lkLMWuHLMDk5Kg5z2K4ABI9hjzPZZnjlJVpLDU39im/ekrxSUpaK97266PUr2+CwklKEfbT91OU/gT921k/n+J9T6l8aotPgk03wZpFno9nArRrMEXznQKcMpwGU5x8xLMRuA4xnwjxF4q1DWvNl1DUbi7nbcSsjlkQtyoUDgAZH3jjqc44HE2E0s/mOWZ1wHcgZIOR8uRxkA5AA6AAgjGaM9wDNKgGA7BTn5igHTIAOM8gnjkdzyezB5XhqH2OafWc7ylpayu766b+WxzYjMZ15LmlZcqVknZKy0VrWW+2ui3W8F1LNKoR3BJLgjOQCOGI4GTx/COemM0x7ImBWjYGRc89GA3AZA6nIzkdhtPU5qSGzmu5jDDG7s/ESRKzu/AyNqqS2TwCPl53Y5Jr6Z+En7LvxN+IqJfQ6Pe6PoMQDTarqMEkMJizlihcDcQDgAEdSc4BI9RQSS5YrVpJJJvWytZ9dUku/To/OhCVZTk4zaW8t1ve8r3WzvukrNavU8E0rTXvEhtre3lnnbgxRIWcsxxjCqSVY49AMd6+l/hh+yn8SPiHcpKLGTSNHkZDLd30ZRREThmUPjsW6fw5wcHj648H+CPhh8GE/0qztPEWvRqd87IkipInXGSwBLc8jI4OBXWS/F7xXrv/Ev0FF0mzDhAltEIwIicZ3KFG0Ac56ccnv9JlfAvEGcqNSnSWFw7SbrV24Xjo7qL1a1utNk11PKxXEWT5XL2dep7eslaNGiuZ83uqza31Svd9zvvhz+yt8E/hQbXW/F17Z65qVuiFYpmV1MiZLFYixycg4ByRgD2r608NfFzw4Zo9N8J6PFbWkJRIVhtligKggK7YVcDkY+b689PhiQWUFs2peJtba4nQlzBLOdvPODuOOAOdvQnjOdx8i8V/tN6X4Vf+z9ASJHjBQSw7fLDDGGaQj5v93oME45APXjuCcFlatisf8AWcRyq8IztG9lfRO630+fXQ9fJ89x+P8Aew+Cjg8Le6nUVpOK5erSsv1sj9hNe+KugeG9OfUtZvLZ7loy32MMuQcgBUTeSwOAc8fTB5/Jf9qT9p3W9YlvItEvpNO06FZBtRmjU/IcHIALD/ZIBHOScV8s+K/2pG1SWSS7v2uLpFPymQ+VG2Aoxg4znIzk7jjrjNfNHinxhc+OIrmMSPI024uob93EhXAJC8s3oevpXnYXDwwEpSoU1Ko/di207baprT5brT1frYuth6kf31eNWVruKta65NXZ7vpdM8y8V+ObzxBfXM93qE19KXO3fIxXIIJYZOMj+Hj0PbFe9QfHjVIfBGj+HNLk8mSK1+z3EiTElhg8YwCZDyPvHsSCa8A0z4U6xrFxJFZQ3N3M23Y0cb7SG6gYXacZwQGyR7kCvtH4H/sX+OtdFvf32imG0MqeXNfOY4xluWYPzjnOMk8cAA4PbGtj4+0qSnyqcFzylNJWVnd82tktbLZpvZWfkUaUKtVRo0ea9kuVaXtG+u+qur3srWtrp4XokPibxhd+XGlwkeVHCM252z8xJ5yflPJyMZJ9Ppf4f/s0eJ/Ft7Bb2+l3moEsvmyQxNINz8kPIeAMnk54ySM4IH7K/s6f8E/tJuWsLrUNDv8AWLhQkksVlAYtPYjC7WuyMDawB7kjpjG2v2B+Gn7H2g+GreE3Om2Wj2xXa+n6ZBH5kmMHdcXJAaRuzAgc5IyOvz2Pz3A4RtTqe2qd7tqLjbe99lqtV6Pr9dgcgxdfljKk6cbK7WmmnRvprp2V7JWPwt+B/wDwTyvTLb3PiNGRC8bDTbSPz5huC7EldVwF28Puz07civ2U+D/7HGg+HreyMeiWWnRxRRjd5SPeNsyG3OVyrFRjG0YHqTX354a+GOi6DbxQ6Vp9vCsYyGMatN937zuxPUn+9wGyK9MtfDRKjbGBwQxRCvY4AbA6nk8Y9cHNfG4/iSvi37OlL2dO20U02/dfZJuyW7vd28j7LAcO4fCpTqRU5XTbkk7LS1lrZ6atO63szwjQvhh4c8PxrFa2sZZSFy8W+RQSCTkDCngkZA5UnPYel6foESrstovLUKuZH2gjBDEDjOM45HXHoK29Xk0Tw7btLqN1BbYO4r5ilyQNxUnIJXOBgZ3DOevHgHjX9obQ9Bjkt9J8uWRdwSTK4PJyTwe3QEnBGMFmWvEw2XZnmVX91TnPnkm5NPvHXum+17bb3PUxGYZfl1Nc8oRtFJLZ3STdrWe6W6V49WfRJTStGg+0ahdwW4jXcXldA5H+yrYIHUDkeme1eK+Ov2h/DvhxJ4dNK3U6AqJd6sVbHDDJORx+AHqSK+DPiJ8e9e16WXbeS8k7Y45QIwrdB8pAJIGOFyByT1r5l1TxJrGpyOkru4Ztx+ZmO454d8jOevoDj0Of0DJPD2rVSqY1t8rTcVFWd+V3va1/Np2b3vqfC5xx6qanTwiskviatr7rut7PW+x9O/EX9ovW9amuIf7TmigYbViikZRjJwNysAM8A9APrXzDqnjO/wBRnPmSSPuyQQXYEkjcrN05AJPp0JxtNUrbQJ7oGS8lG1m6RgZAGNpYlgDj+6e+V4IrobfRtPtEwMykODuYDAbHy8nI4ZcY7bcYGa/W8q4UwODp03ClCNkldRV9o3vrfpd2b9D8wzDiPGY9S5683zPpKVm3a630tv8A0jGtrS5vm86WMou0naSQ7MCSRznhgR8vBxkDk4ro7a2gtkDwwhZSSJCyhiQ3fv0OcDrzxgDmxa6rp8LiG5eJZuQqrjnIAUcDgkYOOdw+bJG41R1LUIkLLGxWQgBVXAOBlic4GM4I79TkAcj6ijhqdBq1opO17LXRWbu0k0uzu1JNJ9PAnUlJe/Ntuy131tqr3Vl5prbztoX91GkBfdvAALkdV4wQCQQB1wCQBgHI78Hd+MoLIvEZBl9wBzw4XBXOTgMQMDHIJIBOSagvNaunzEoDIwZHBAGMBRuYjPIXpxyWDV494x1vwx4dhkv/ABHr1nY20KtJskmRZGbA+SNRy2T7DOeuOutXGUKMXealdbq/uvTe7b11d+l76214qeHq1J86W/dbtuOr0fXXS2u/l1Wp+Nbm6gnSMPJGcgRpksGy2CCBk5PUZ6bT0ryjxj4h8O2ulNL4w1G10+OFTMrSTIt5GUGUMX/LTcD2xnJ+6e/zZ4v/AGlrjU3l0n4XaFPIwLRHWbmMiEDBUyRIwOeMEHBGBn0rya1+HviPx7f/ANseOdZur6WVw32cyOIVDNyojB27ccDAJCgZxxj5/EY+pX5oUI8y0Sk9EtndX0XK9la+p6dPDqk1zzSUrXW7SXLdJX0Wv4vtZ+la3+1R4i1ZF8JfDm3uLwwubeLWrpX8sopCq+SPnwoADZ5x1PQp4e+BHifx9dx638SNeutTkmKyx2KTFbZQ3JVlBZSF3Ec5JUgjsK7/AMC/DXQNDPlQ2CrG+FBMYyrdirD5uDghs4NfRnhuJbCYWNwmQwV7diecYAUHPOcDP0A5HFcMMJUqTjLEVfaW2im3FP3XZr5vybVtHqbVMVGnTaoQjFqzclbmslHbS+6e1kr72vbE8HfC7w94WtoorDTbe2iQBVaONBIwAwWLAZVm7ljjOcAHaR6laJDYurDB25wrgZCjAOeOSe454BxgrViWYKquiqpACtnj+Lbg4IOQMEEY6kH1OBPeRLKJAcNuIY5OBknnHQgDgAj5cnsMV30qDfuq2+0V00ta10/VN32b1Pmq2YVJzvKXNtbV3TVtk2r2tu09Vu9TpZ9QACqAAMEk5B7nqfTgdf0zzx+r6oyIOG6sSuRj5iwA+XjGTnHTgjJB4y9V16GPMfmAIudzHA7nAABOT0PBIwSa4nWPEIkjcCRTIFB6AgjopLDOMHnJ479DivRw2E5OWVuVW7arSOvy0ejum1pLS/BKvOdRx5nHRNW1Td4206benV7XNq41NXD7n2kKQqZOQ2MHvgqB36AY4zWNd6sFgIeRQSAQVIJCYHAJ/i5zwOmT6ivPbzxBsWXzJ03lgcbi2cAHGcA5HoOCB23MK4PxB440/Src3F5qEEMSIS3muAd2OAi5BIAIGeMkg7s4FOuqcdJTSW+tlvy3tbrZaK1l23PXwFOrDW8rSu9e94pWvra/T9NvQNZ1oGGQnDYyoIOGOTwDnPuCQMjrn5Tnwnxd4ztdPtp5b+6ht4olIUSugkIXuo5JHPHTrnHXPmHif4vXOou9v4ZhklzktfTkrAgbOSq4UE8ZwOOgAxmvIpfC3ifxddG7n+03oGWmvLwtFptqAeSA2AwABx64HXNeNXxdOHu0Ye0lHq7KK83r0S22V+h9Fh6dTlSm0vK+q+HT3nZPVN3u9dFuZvi/4ryXM08Xh20MoAJa8nykfJYEAsMs3GRt+g615ha6JrPiq4FxeTNduW3vJIxj061XggFmwpIAHA64xk5UV2fia9+Gnw+jkk1u/HiXXEBWPS7JwlnHIARliuVCqQSSQSQCSBkY4K58Uar4i017qZ4dL0qVd1tpFi6RKbc7vmnlXDH5cAk/eGcDGRXzuJzKTk4yq8z15YraO2qS3S66p77qx7FDD3cbKyunL0XLr3avdOyS36anl3xUh0fSbO7tLGUa1rSLsMkGPsFoDlSquoKtgcc5wAvOeB5f8EvGF7pmt3Ph+6nKxXbtNbR7yQsyEkgdMAjIAyMk8jvXS+ONc0maF7K1CsxHlCO3H32GAxeRSzORjjI6c+uPKtE8MeIf7ZstWtLI2cVvcRSJPMPLZ4ywVlQEDdkc8fQ88njwdepDF0aqtrUjCSva8ZOMXdX+7e3Z6E46CnSqRi+VKG8dk48rVte6S682rP1i8HawLvT0CyI58tVZOd4fHzZJAyOBnOc4ySa3tRQXiKNm5izAxKCFXJBXb0GR1DDrg5IIFeMeAr5rIG0usJO8cc8IwRuWRRhgQehJOR1PI74r3W0KTW4DFhKy7gEPBY52jPHGDnvxgk5r7mXNSmrrll7sla2mkWrPS2i9b2dzw6M44iikryTSV3Z3Wl+2uuz7WZ9xfss+Iz4l8PX3h26nzqvhwMIYXxtlsXDLtJOCQqggjHHGOKzby1l+FvxWuYDHt8P+OY2u4JFB+zwakDmWIsDsXdk4AYAk4xngfMXwp8Z3fgLx7puqo5FrJcJaajbAk/abeZtvzjIXClgQxHp1PFffPxqtFvvAp1Kz0P7frEEZ1rQY0O/MioskSxyDooycxg88k9se/QxP1vDw5n79K3R+9s099Ho07fgfL1sN9Qxrkv4GIbutLK7jsnpo/uSvq9S82rQ7Y3aRIUU4RMcO+AQQcY+bPHseSAQK8r8cfFCy0fzILS0ub+/VlEdvaBpGMjcKX2qQqk5BAPuM4NeMeBn+Ivi61i1XxBfR6RbTMoj0qDIkSSJiJFLgkqSQMqR1Ge/PtWm+E1ijleeLdNLtaKXYryHbgkPKclieobjO7oCMVyTqVqrjyycY9WlZq1tW2tm9na6fXv3zjToq/wAbsrpNOLS5be9bp/dSu7aO2nm1pB4p8fLcf2pJJo1pLC3mWcQL3Egc4dJH4K5DYx1BIwM4A41/CNt8NPGmktZWzLpPiFkSZ5mJdLgE5Z34GdxzkHqSD7/TGkaQsFwGWLyTO2JSRg8nDEA7cEg84wOpJ24rH+L/AIcGpeELmWA4uNLYXdmW/wBapjYOwXoxyM8gdTzjgUU8PFNSneU4q93q9VFpNPfz7vTdO+SxfutK0IS0SimkkuVtrTd6ata9bbv5h+OvgHSZ59N8Ri2zJbtsurpRvlVW2smCCAAFOQwHPAGcVz/g7VNM0w+XaFIYIY0czSqDLI5GfmwASxJ6jHGOa9pRW8ceArm0LkXT6SYiXGD9pQMoZTwQ+VOc7TyD1xXwR4buNWsfE+oWd480j2d21uEkY+XM8UhRty4CheCB6kdSMmvxTj/LK1HMZV6fu0sQk3a+9o8yT0V327W1P1Xg3MaNXCKDadWk1Zt620SS69e+ttG2fYU3jiRZHkVAVYsCzMVVVwS2BkfOw565wd2RyTl3njW4uUX9+wK4KomQkSdiyg8tnrnOM5OM8ebTNcXC7g2UcM7opwiHnb1PLZGMBcgdM4NSxW7mONHydmdzLg7Qckc557ArgAY4x0P5ysHCkrtRba1bVmrct31Seq1T7p9j7L6zUqz3dk9H56P1as9bt233Ool1yaYbpZHbcfMwzfNJ8w4YDoBwBjrt681mywaprhK2tjPMQTLtVWMaRqBliBgDABH3s/KRjIBDbaOxSUrOyEouQ7tkrnuV+UZBJ4GOnY4Ueoaj8UvD+h+F7bStI0+3juWjkjkvCVS5eTYRvJIJVFO/hiflGSeBXxvEWZYrCewpYHCVMRUq1EnK7UaUdHzPur2Vlvu7n1uS4HD4lVKmLxEaEadNS1ScqkuaK5U7rW/zsnvY+adbglt7maCUlpIiSEwFKgnnqT0PHXO72xXFSpO4UqwJ3EgEHy1A6szc4yCCOnbA9NHxb490SO8bfOL28mXi1sz5khkPUyOoOCWJ9AB3yMVg2Ka34kCqqTW9rKozbW8bNME3EDz5OBHgcZJOF5AIPHo4COPxFOHPScZSim21a7aTdopO+rVr6adXdnJjamDo1Zckoys1azv/AC2bkvTa3fo5IaLuOItAkbXV4NwVY/nWMk4VmIGFG7HU5Odx7Y63QtEvbwJcXkqySE/OkhC29qhzmWaUkIuFySMkjj0Fc7r2ueB/Amnlby8W81QRlTpWmy+ddO45/wBLuVyETOBtAGeh6cfPXib4s+INci/s61mk0rSmZgmlWLkTTKTlTcTp8zEjCnJ7tnBzn6zAcNVsRaUoOLdtZK972b8rrZdWl6nzmNz/AA+HTjGfNLtB3totLrS7a3d391z2n47eLvAmgeG7a0sIEvb6ynBlkspRJ59yOX3OoJEAZTkDHbluAflrwf8AE7WL3U723ubp7bS/LLwWFuwWEMxBAdF6j+/nknnAxzyvjWG9Xw3e3F06280jJhScyiLj5WznDHqf72COOa878CXsFvdyXU5BjiUbAznDyDDFeTzk8DHPI9MV9hQymhltNUp2lJwvzS2T5YtreyV+/Zv1+IxuaVsbiXVheC92NlpdLo2rdNHvv6H2tpuptfh5bqWO2t9iSOW/drgY4jUng9epOWJ4wFw3UfFVrbN5ekW6yyuRD9omXczswBUpGRlz0IwACcA9DjW+CXwI+Mnx/wBQit/CHh6a00JHCy+IdXiNhoenQAZeWa7n2RsVAJG0NkKBzya+w9T0/wDZY/Y+gB1q9tfj98aYQdtjbMJPCWgX6j/l4kVmjujBInKBQDtOGyefNqYmHO6VKLqybSUYa66Wu/hird9rfM7KOHqODrVnGjBqMvaVGk5fDdxi9XpdWaSd1ueOfCr9lf4mfFuQ+Jdbkh8DeCLdBPfeMfF7jTNOjtiMvJaQ3JjaY7RhAiuCAMZOQfpOH41fstfso2z6Z8JPD9l8XfirZxSLN8Q/EcKv4f0u7QfNJpVk6mOXY+fLkzknBAJAr8//AIzftU/FP44XCReINakttHhZk03wxorHTtD06zXcFgNtbeVGVVQozJk8jduJJp/wL/Zj+Nf7SGuW2gfC/wAGaprwZ1S51R7eWDw9pa5US3F7qLoIgqA7zy/QnGMYuOHlKPNipxpxVrRTskvd3e7Vt9LL7NyXi4xnyYOk5tRt7SS5pP4VpfZdeiVuj1KXxq/aa+Kfxy1e81fxv4mu9SUs8dpayzNbaRp0EgIEFlYoyxBFGAgCcHBA6k8b8EfgJqPxS8d6LpXie+1Dwb4WvWN7deJ7/T5Fhks0OZl0+FwhnkkHEYjXaxJx92v2c8O/sYfssfseWEfiD9pPxPZ/GT4sRxLNYfDXRiJPD9hdKAwgvlhZlvWSUAFzsGQS24fLXzB8V/jjN4v8d23i9NKsvC8OkWDab4Q8M6NDBBp+jWMeUt4pLaJVQuqbctJuYkZY9K9bB4GripKlhaTjTkre3ceWEXZJNd+t3d91trwY3FUsPy1cZVUpxabopqWl1dS6Ky3St5a7/Z/gfVfgp+yx4Sni+B/hLTfDurvbNBq3xc8bLDqHinUHRdsj+H7C4UmzikOWi2gtGcHIxiviv4n/ALUWteKdR1A2Gs3epTTuWuPEOrTPPfys27e1vvO21iLH5EjC4Awu0CvmPxD4w8QeKb6WTWNUuNSuXeR44HlYW8CuTzGo2ou0HkbAccDoQeThjRkeEr5jmXoo5LFhwx7Afd6Z4BAr6rK+H8Ng481dPEYhNy55Xl/LZK/nbqtNPT5zM+KMVil7PDr6vhktEtG/hVnZder3emmiYmo67qWoXdxdM8lzJJI0k9zOWcszNnzST/COQAcEnknHBr6LpBWe41jULgrZCQmFQSZJpX4BRONsYYkAYOOeg6d5pmladYWsn9plGOVuPs0ajEmc4V8cntweDkA4ORVSSJNWvX8qJYIWAEcS4VLdVIwRjjeQS3faD1BBr7vJ8mqYtJKk4U+bR7LWyurLppd6K9k31Pxji7i/C5Q5OWJVfEOLfJGbbWzs1e7eiTe3Xuclq2j6trd5FZaVcCDTyomuX/1aHB3OrSHHzAYAxkA8ZOTXqfhzSLGwt44Ld7id3KW8VtZxs9zPcMoRlTbmSTe+VUKrAk5AGSD9UfsyfsVfHf8Aaq8Q2Phb4Q+B9U1SwWVIb7xLd2s1poFgjH5pbzUXRYVRAcna0gOMbsnNf0OfDb9jT9hf/gl/4atfiV+1f4x0D4n/ABps4ReaX4ShMF/b2F8q7khsNL3MJHilG0XMi4woYKe36BhssweWOMIU/rOMmk4UKVqlXS2rir8kL6udRxjto1t/PmccW5vn7quVZ4PLozt7WbcKC6KPNbmq1LN8tOmpvVLl1Pyu/Y+/4I9fHz9qi40/xT4wspPhD8KG8q4n1zXrVrbUtTsWIkMljaTlGZJIwSJnKbSSxA5r9jNS+K3/AATb/wCCQfhaTw98MNH0f4p/HP7OYrrUg1rq+tG/VACb3Uyk0Wl26ygsIo+VBAD8Zr8r/wBsv/gtB8a/jlDqXgj4NRH4R/DMJJYwpo8iW+s31kAYljlngWNYI2jAxFGqkA7Sw6n8SdS1abV7+bUNXv7rVLy5dp7q6vriW4nnlYlnaWeVncsTkH5sZ6gHkdeLq4XC01XzWtTglZrAUJ72sksRWiuaWlk4QcYaWbbR5mWZPmubVYYfLYV5Ur2lj69Nxm0+VS+rUHzRpJbqrU56naMXqfo1+13/AMFNf2kP2u9Xv4PEXii58NeBGleOw8HaBdS2Wn+UWby4rt4ShuXCbVdmIUkE7RkAfnRd62lp9oWZ/mUAOzMN6HJLEEk7y3GW6kkntxw2r+I7e086ITxiKP5wzkJHEQcfeHGe2c9SSOPlr5p8X/Fq3tZJ7eCY3125YJsYmBTh9pL/AMW0YPfnGcnOPzvPuNm37LBqFDDxXLTp0koRirR0ajZb21au1rd3P3DhDwpwdFxrYynKtXupVKtVucpSTT96c7tvqk2lvp0PYPF/xIs7K1u8ToiKGXzJHHnN1z5fQsPfAPQHoDXyH4r8d32uiaGzd4Iix3Ss53vxwFGcgYIBI469RwOQ1bWb/XLg3F1cGV2LbIgT5a5OcbMlTtJbqADnJB+7VNFRGjN0+VGMJGOowST8rYODyep45IPJ/OMTm2IxKk5ybUr3V3tpZb3WndNKye1rftmW8P4LATUaVKLtTiopJWtdWSsrp/LfXVMz/wCz3kKtITPMXJLcthixzkkFsjg9eSTkEHnet7WGFVypQFSZJGXJGBgkHIAwcDHRemT1rNu9YjttiQRhl2lVUDLDPIZmA4PQkZHcdOayH1K6uM5ciIZDjPyg4zjAxg5JxkN3zjnPkylzNuU3F6W872vd6ab72t0bPoqNKbltolZJd7LXTdp25tVpb1XQDVbeFZYIo1nBcgynqeThcjAOGwevY7c87cxNSnYyl3bnO3cCUAwPu8kgHOOeo68cVmRW87EShCIgxbaSDnPTryfu57568gYq04WMCRi6hRkrtyM8jHVc8g8cjnd0yG4pOFt/eVrvtdpRT18r21XbdHoRjLlulbT5XSXf8bJb67XOz0TX5rZvNMjKYQu3BYJ1zlsnJBGc9c4OAMZr6M8DfGO+0uSEWt88ciKNsMjExM5JJAzyF68YOffpXx99rcCN48op+Y4UjzD74+6en3jtXJ7A1q2d1JE/nlyBIpxlsAkHAxj7p798nb0OM9uHxlXDSjUp1pxs1dRdl9lXevTbom9LK7Z4uZ5Hgs0ouli6FKqpJptwUrrS1r6rfdbu76H6yeDfjdp+pvCmsWqrKNmLu0k8mUtwDIHTBBDHIyOMZ4ya+rfAnxx8XeGLiGXwb8TfE3h+ViskSR6pdGMxn5guPMIAUDOMYPsDX4VeHfGWoafNiGbzF4DQMdzFR93GMbQD0wMcg9K9z8M/FbUrKD7RvZ0GFaI5YoRuACEknqRghd3HXNff5PxpmlDlVPGVIpJac8mt1uk9fSzvtZo/COLPBPhzMYzlVyrDVYy5pS56FOpZ3jZrmi+W2mzTWr0P6Qvh9/wUp/bD+H7wJofxbm8Q2ls4xBrVyZg6KABHgkMc9DyQOp2ng/ZXgz/gud+0Vo0q2njfwZovim1VVFy8KpGDjAbBKupDAnjBzjg96/lM0343ljbq8rKzEsxJKMmSMlDuPuqjAPBHufQdO+L0qyJJbaq4DuCRO5YHvwGJAwM/KeDnGeCT9lQ46qyt9aw+ExUrq8qtCm5dLO/Le27+K/zufjOO+jnkkub6nSxOCT1thMTisOm3Z3UKVRQ3vpboltc/rs0r/gtD8AfGiR2fxX+A9nG9yvkzSLplleo4YYfd/oynODnkgnkZ6EdCv7XP/BJLx/EE8UfC7QtEup9sby3GgC2KySHa581CAu3IOduByxAwMfyVW/xeuJGRpzazBW5Eqr86Dv0B4JwvXAODnrWjL4/0u+SNprSHymclmUK46g/IxHy9CBwTkeuc+zS47wyiovC+yimpP6viK9KOyekVUcEr6K0bLotbHxdb6NGKhUlWwudZnQne0FJ0K8YpuOrdSl7R2v1qN30u3c/qY1/SP+CNV9Ff6xY3+mw3v2ZrqLTbTUPJW5dVJW2WHGA8jbVHJ5xt54PLfC/9mj/glH8cNG/tGbx5qnwu1x7+eFtLvtdFtII9+IJoo2XDROCGTLDIOMAc1/MFd6roly8dwkssB3AoQ4CAAHGDuyDnnOQc8DGAToWviYRT7rfxDIjREPzPIpXHABKtknoCN33R1ByR1S49wlSn7OVPEw5nG1WNanOrFKyetWlKNm7XVm2+r2MF9HDinDuNXBcV1qkoyclQxlOo8LyuzanCjXhK8m0uaM1ZJ2Vz+qbV/wDgjr+xp4mEsngL9qy3glnO6EXOo6ddeWCCABm6jILc5OM4xjGcVwN9/wAELvBcquugftTeHL5yuCJobJ2BHG5nS8YMCMYwOoOOMV/OJZeNfFSv59t4y1G2R8bPJ1G8jAGeo2z5AwQRg8nqB26ew+LPxU06VxY/EzxGgIUN5Ou3kYCjkBSZmJOOSCOpPJ6HCHFuVTsq1bE1Fq3Gth8LNvZ+9yRpN/em972vd1vB3xZwkk8uzrKqMoqMVyPMIRSSSVo1J10n3TbVmtFbX90bz/ggx4ifzfsPx98J3iOG8vdBa5ILdVImO0fNwRuA5xgkCuZP/BCf4s2JZbH4veFJ42Uxx4jiVeSRyFlycngEFSec/ezX5Faf+0N8erB2+xfFnxeBtyijXblhGQCARls5J5z0xgHqdvY6d+2B+09pZjEPxf8AGbqmChGrOw2Ac7iSRgHpjtgYJ4rop5rw1Wd5UoqX93DuLS93V2xOl35aLaxyVOCfpDYWny0eJ8ulC9lGXPvpHTnwb0Tdl71/O+p+mkX/AAQx+NoJWf4neFP3ZJDLHG2Dj1MpBB/AA9zjJlh/4IYfF/zhcah8YPDFvCrgqI7eBiExyGHnAY/2j077TX5zJ+3L+1TIGb/hcPi4JIGSMC/ZjkEgBsgYPTkknJJ6gg50v7ZH7TN1HtvvjL40MZJBEeouxDHOdwGCNv8AFg5z82B0rso4rhOLjUdNJpp/wqjvbli0l9ate+y31sebWyL6R0G6E+IMtlBwfNy8t3skpJYLmbSS6q/ysfq7p3/BEnVUlhl1v4+aTDD83nJDY25IxjoTcdOgBY/KNpA9O60r/gi78PbWcz6z+0SxT5V8m2t7WHgdQHNxjdgcZ5J7gjLfic/7TXx11CJ1vfir4xkjYNsaTWZFEjZwMEEdMHjORjv1GO/x3+JtxCovPiT4kL7ixkk1q6ZVwBkkB1BOPlz3ycda9Spn/Digox9pDRN8lCnG7XL1nVm727W6vd6eHHw/8c69WVTEZ/li5neVqdZpXtzN2oQXTVJ2vrrdJ/vlZ/8ABJ79knRtQePXfjpqt66IsphXV7S1kjYEFjKQ7lEHzY3Ltx83OK7ZP2Kv+CanguIyeKfHT6vcQkeaJfFsThjH03xxhiVIVskEfkAR/NCPil4pudXubu/8Z6tcxzxeXNnVrozSgZ+Y/vgNnOSvU+obkVLvxvDNMY7jXLy5faMs95OzKhHIYPI5zgnv7nPWuZcW5BQiowhiXZ68rw0HK9uqpNpPtr82jp/4gt4oY+anjeLlFWirUMPiEoXSbUVKtGLUXdJuPrfc/py/tD/glH8NDE8Xh7wtr0tqFMRuCdUkaQE7SwJVWJPqBno2OK2H/wCCi/7E3w2Cp4F+E2lyzRoRA9noFrFEQNoH7ySKQ7eOTnPQjIzX8wK+JtCMcUX2pywIKebIrNKXx0Zjk4boG6jpyc1uDxVpVvCrzXXlS7lCmRlMYXPyt1wPfkj7x7k1hV8QsphFxjgqlRXSTq4qtZqy0apSpxad+i03239Kl9GjPMXaeYcWZxiXFKU4wVClFS93ROcKkr9rO66Pqf0JfEP/AIK+vf6Y9t4J+G9jpiwSxz2VxMtsI7ZYcFXMKQIGJxgcjB6AEV8+eJ/+Ctn7R+uRKllqdpoFtcQ+XbC1h8t3wMb9zPweSSwIP3QMDOfxX1j4oaBHN5KX9tK3kMjyo+1UDJncVD7S3AO09RkEYr561b4w3b6uIU1IPplrGYoTuy+98gPGVwQPbjBAwDxXj4jxChPkjQwWFpQgrwXs4T5W+VtxdXnbcray1d1vrd/U5N9GHIsNzyxtfH42c2lN1sZiHKotLKap1IQ5V7zslbeySP2F8R/tyftH+KPtH2n4n6ysk0jq8cF48KCNmYEZHAyAxGM5Hv8ANXgWqfGH4meInuGv/GWu3qyB1YXGq3TBXGWYqDIMse5B2qM8HPHxBafGLT7HTxbyz+fcjdI0igszE4OGO4ANk4YZOMNuAxWDP8aL5d6QRl1wxXCYILcAEqepI5OOfUjp5lXxIx0laNecOXRKnJxittLRUVa29n31aZ9vgvo78C4SKn/YeBnUjZuVWhCrO65W5SlUUne1tW9fwPrPUPEq3bEarql3cqiszK9zK7I3O4MHkkHJ+bABHXaeleW+MPHvh+xNp9gKQGGImUFkVpHHQdCWJ6EjI7jgYHhula9q3iT7VdrfWGkQQq0l3dXt0kIXPHyK5O7HoAeQQBkceE+OPEVl/adzBDrdtqKQYDXUFwPIdlyWWMckgZ+8eDk89M+dPjbE15KM68rS5bylUbdlyu9232d1ddvI+4y/wkyLBYf2mEy3DxUXG0KVCEbLS2kYrRaKzR7VrPxdkSS4i8tZIrl9xG9ehbjtngrnBAzkg4yRQ3xcLC182xsWhSIKMIoZ1AIAIGeQeeT+A6j4/vfFdlIfku4QqkZkWUMNy8BueoJBBORuIPPYQWHi+yWbJ1CB+qEOcqFABJ5JOR69MjPWs/8AWNuTlHFXle3NzK6b5XvfXzd79ndWPUjwDhnTVKpgb0pO6iqaUVbl0s0tOttPzv8AaGi/FKKDVormUzwIZC0X2WZ4jFzhGV4SrAqVBIBwMdBjFfenwk/bT+N3wrnsrn4d/F/xRocls0b/AGGTWLm5sSCQQHhnd1CYwpTPTcOBX4vW3iS3kIk+1I8aNhWjdAQGHy4BJORnk5+YfTFdzp/jF4I1W2vVnfG4gFd+QQDvO4kggdRxggjnr04Ti7GUKkbV/aQdr05PmhKLUVJShK8WuqT011tofL514O5LmdCX+xQpVU3y1FSUakXprGUUpppvSSkurT2b/r1+CP8AwXS+JunW9t4d+PXgjRPib4dlVLe91SzSD7Y9uw2yNNayrMs7FOWAXLDI46V9VzeE/wDgln/wUKtpJfDl3pXwc+KOoRHAt3h0G8N9KMn7RYvshu9sjgfIU3c4wGUV/E9onxVubY582SF43XawY+UMkgBVJIJPO4nPzElQACT7R4b+LU4u4r0XMlpdxNG8GoafOba6ikU7gyzROkhfgdT1OCT0P1GX8Q5fVmpVKbwNSVuatgXGkm7pXqYaS+rVVd6qdK70SlE/HM78Ks+yi9TLcVPEUoppYfGupiI2XLb2daUvrNB2d04VuVOzUHZo/cH9qX/gkN+0D8F4rzxL4Qhg+Lvw7t/Mmj1Tw9Gs+pwWKjcstzZwu7oipgl0ZlbJA5OB+M/jDwtJpt9c2WoadeafcWDvHLZXtvLbXED7zvUxyohYKewGMg5HBr9Zf2Tv+Cu/x5+A62Gka74hb4meBVSOO40DxHN9qvYbMfJ5dtPOHzhOgcOCe2Rk/rG+t/8ABM3/AIKeaUI9VttI+EXxivLcIbpDbaLftqTovOV8qDUIhKcldqknHzDIaveqUsFmMIyl7LEUmn/teDi3WgvdSeJwDbqxtr+8w0q0evLFaHyeC4i4i4XxVOljI4igoTinRxd5UKq5krYbHRiqV+0MVGjLWynJ6P8Aj80a41zw5cPqWlXQVUlOIico4PB3AkgkAjsAc9jX6Ofspf8ABRT4vfs86kbPSNWluPDl4M3/AIa1O5afRb9SNspjhlLC3lZSwjdD8oIIBAr6k/ah/wCCNfx9+BsV54q+HsNt8XPh/bPLcwX3h6MS6pFZfNIkl1YRGRpQIsZcO2RzySBX4z+IvCc1pqmo2urWF3oWpWMjq9leWs1u8ciuVYPE4V0ZWHIKlR8wzgV+b8U+HmFzfCzfssPmGGqX5ZU/fUVK14u65qUo6XhUUZJ9Fsf0p4e+OH1HGUIxxVbA4lODdGrL2fMna9k3acGtpRvF6pO+j/pJ+M37a/gb9qD9mjxHonwq1XWvAvxWvLe1tdR8Imci315ruVI7hLC5chFhyzH5QfkPzZGDVvQv2SdMX4H/AA28PeNtAurDxnHpCXd1rsKC6Dfb4xLEtxcJvjcR4IILDuCck5/mVg8T+KfCLR3NpfXjQxASrNZSNHLbpwV8uRGVgwYqQd3YAk9T+vv7GX/BWLxL8PLXT/BHxUsD8RfAUvk2lza67Mp1+ziCCMG1vJQWMUQOVUEZwvIOK/j7xO8Ic9wOXyqcJzlhK9HESxbpwUlKpaEYqMbJXjbZNWvrqz++/DfxqyPM61OGfzpV4V6MaCm5Ra95xbd2kvWXRbuyOp8e/sZ+LNMuZZfDt7Z6tYM8iG3QrHK2NwVTExyzgY3MDk8/e6V8dePvgBr+k3Dw3egva3UIlx5ts0URK553Dhg2Dg5Gc47nd/T54U0P4A/tTaBa+Mvgb8Q9L0nVpYRLN4L1q+ii1OC8Yb3igicghVZsK2HZsDAOa8U+JfwO8R+HZJbTxnpD3FsGJhuLnTzLFKqA7ityqnKlRlHPB4HGSK/nKh4o8acIV1guI8BWl7Jqn7X2c42UWlro1dttvay9D95/1J4N4rovFZViYUalRc6hzRdnJ/Zjpda/FFteerP5edR0HVNAuNOtLqwkjUwTbyqEr85ONhJOScdssvGCeKjv/tFvHawskkUbxAtuLKxXAO4rglCeueDzwCACf1O/ars/CPgzWPCVsfClmLUWkt9cGJAxWElVGxFBaWSQ9FIypHTivmjxXceHb3S0i8KeBbeC8lt4Z0vNZYLcBtuXEcDhcJljxkldp4J4H71wrx1HOsDhsfWg6X1lKVNSko3jFpJpyte72au+V6p7H4rxbwJUy7F4jB4eo68aD1cINpO0etnstXe2i01Wnydp2m31xvNrbzSB+VCo8jODgjacKB3IJ6jqK73SvAGs3K/bJkisY1BYyXkqooHIP7vgg4zxgjPIHNX7h/HVrCfMsDZ27DDSadAFRY+g/eICATzkKCeOvUHlFi1adrvzbi9uC+R5T3EgwRkDC4XJ7Y7HPGTg/o1LOKdWKjCpCKS6NPV2632u9GrXXlqfmVXI61Brmp1X5JSSu7eW270bety5e2Nrb6xeWDX0dxFFbxSGeIq0asRyCMEHke3HbOWPUaDqvj7wzLHqPg7xBfadJDtlgm0y+nsbhApONpjkVBzx9zGck84rzWOwnhu5VmgkilkshiNySz4Zs/PgZHTdnJwfbjrrS/uIYI7VdokKbAq7l5xgAsuODgYA5Jyw25xVYirKUKc6aTc7Xemqbja9n20vdK3U86VSrhqzhTlKHKk7K/Tlsnutd731fR3sfa/g7/goh8f/AAjpMfhzxo9r8RPD5VYrvSvHGnQ65byxD5WVbmRVljOwkblc8knPArv0+M/7HHxeVf8AhOfh3qHwm1682k6/4Guzc6TDNIeZJtHAG2Hd8xj8wBQCOea/Pprudofs87JJsYbxIgwF/iBfvkHucZwR0Jpn9jaPfZcxPaOQH863Y7NwOcbRwQGXG0AKRkDOCtZ0sXOlZtuN39ltdr6PTyfbTU9GjmdVq1VSfL16u1tL2vf1TXRaH6WW/wCy3pfiu2GofA34peC/iNax5lj0q7u4NJ8TGNuRGNPmcF5MEBl8w8npk4PlniPwX4o+H97JY+O/Cmt+HngbHmSWM32WRlOA6zQhoihAzu3YOOnFfKXh7S/Eekvdaz4f8Qy2i6ZbG93280trdIIRkMrQtGWcYG0MTn+IZyD9KeCP22fivY6Ra6LrWuWHjXRCVhm0XxvZQ6hFJEPlCJNKplAKnA/eE46cgV2rHrm6VXZe5dXfKkndPTXR903uzup5hRahKq/ZxbS5nZX22210tzKz0trssC78X6GxkjgmMzA4COcDphdikAsSffHB4PWudl8VyQyMuzyEf5VdpSXKg8quNxUnkdsY6ZwD75L48/Zb+IoZ/Gvw31DwDrk/K634HvQ+m+dJgmVtNUlvLyd2zcuR8o6jGHdfsz+G/GJFx8IvjR4b1yY/PBofinGh6ihbhYsTu6SyckfK3Ocnqaz+tU6141I+ztdXs7K3LZXlfZb2kr91uevSxlK0JQxClZatabcvV3V/mrdt7eUad4mvprgRtdvDBnCpks8vPOSNvYZJbtnJx8o9Z8OXGleaRqc5RWKsELGQOQRxJg4CnuP03YA8v8Tfs/fHbwTNu17wfqb2KsGTVtLiXULCXBGXjuLZpAV2gtkKNwHI643vDFm0DrFfC6guI4wHW4iaE7sBTuEoByrYyBnAJ6iroYejUlbnUmltZf3dU27W7WevnqbPGysm27XbTbb3Ue17ar4VutD2qa5sHaRdOs7aJWXH2oKqsSMAN0LEDGB0PIJHVhatbCOXyZ1lu3nUnADMF3dPk28jkgg5II7tya5/SZrHzZBM3mNsHzKDgHBK4GcZIP1Bx1wM9/pjwNGDDiMkgN5owAOuEGRjC5xyMjrXpQyvC14KFSlCV1Z3inpaNnslfT7m76WPJr5xXwsnKE3Fyld2lrdcuvbTRWeu+5xHi/Udds7GWO3BnOQojclyq4yQckc/KM4PU9Gxg9h8IPjzrnhO3FveRzRqhCqsMkgBYMCA+CRtBAHqTxycE5HiWexaSNJ5hJzkRxkAr2yQCxPQ4JY89BjpzbS6fHADGY4yCdsfl4kIJyOgByezckEjb7/KZ9wPlGPw86MsLTSkukVe7a12ir30666u7Z9Xw7xjj8PWhVjWleFuW8mr/A35Wej1d97Jrf8AR/wV+042rOjXl8mmooQMY5/30iZHyjdz93qCMgnodtfVfh/9pyCytbddM1FyBIrSS3LB+QoJJJI98EHIJwDksa/Av7f9lldrc3JnDh1Ds6LxyAQNoIxyRz6YPbe0v4h+JYJfKa5cRofM2xliVXsrAHGAM/KBye7AmvwjiDwPyrFpyp0oNwbcUo+9ddNEuVLZJ+T30P1rLfEyo3GnXtNNqMm0pc2kU7q9rW3irq/Vs/ou8K/HXRNU15dXvdSEuoGJIoZjIRAmMA5jJVc9cZx346V9Ip4k0LxrAbHU9O0rX9P1CARyR6nbW11A6/ddMXKSgjBYAfKSMkMPmNfzOaJ8cZbC4gWa/lXLLvWPchBVsDcTkf8A1sHngV9jeBf2r7iyjtomv1cRqvl27Sh2bkBSrKQQCAMkg9hjnn+eOLvA7NcLVWIymdelUU1J8sppe6lZJxd/N9E73ff9LwHE2SZxTjCvGFGooKEKi5UknayUV0ur2a7bPf7m+M3/AASu/Yu+NwvNQ1LwJD4L8SXkZddZ8JTLpoFwwLNLLFGCkg3HLKqqCMA44FfjR+01/wAEePjZ8FLabxj+z149ufF2iWoBh0qK5m0/W0cE+VHD5cg+0MoCguVAY8Y4r9WvBv7VZvZkk8TarDZWKDMVtFcBnkIYYViGOAeAePlzzjnHpmq/tRaRqkgtVuobezhkQQQ7g3mHqGdSSFBOMHueoBJNfOYHGeIOQV44OvTr47CUGoujjIuvRqxXKndVFKUU9UuVpvzsdUOHsLVq+0jjaMoVdZyhJUqkVo1yOLupXWrad7vS1rfjR+zxL/wVD/Zj8Kf8LM1Dw1408V6bNcGybwpepNrrWtrCPmuTZuzOgZQCGUnqSBwTX298Pf8AgtToRvIPCf7RvwV1jw5qAYW93dyaVLGgYEKzvbXVsY0P3iV38Dnjiv01+Gvxr0rUbKM3d2XaQMPs74e3VRtCrtbKliONpBBHBxk103i7wR+z98WLR0+IPwz8IeJopd8Za80m0FyCwwWEsSRy7ueCXG08ggivCzPinL54+vHOcijg6tSbvWy9ywzp2tvFRnSmk9feim3vZ6tV8snh4+xq4GrjIU9KeLpVeaq48y5buLhO++vPsrcr6fI7/Er/AIJf/tRxR2+vQfD4ajcqQ0Wu2Nppl8jyKBtWWMKofLdyMkZPFeReN/8Agi/+xL8XYLjU/h3q+n6JcXQLWs2kaxa31su5dyhYBJwBuXaARkcDJOD0vxQ/4JDfsk/EC3u9S8EXPiX4WavPK1xDJomov/Z8cpyUAtSQyqGOFAkBAOAM18ReMP8Agl/+2x8NrqG4/Z4/aHTWIdPBmt7O41G70e6aOMkpG5lnmjlk4AJCjceSSOnpZPmuBc6Uso41xmT1akkoYfGutTpcz5dHUpSlSSu9HKmlbVs8evhnKEvZuvKMFeVPG0IYmMLWajeuk32vGo7Jrfc8g+Ln/Bv58UPDr3918N/GNhrNoY2e1t2Is5vLySiE8hmwAc4yTj1yPgr4wf8ABO/9pn4TeEruw134e6jqGn2+nz51BLNp4Yiit8yMiMzOCPkwMAYAwOD+gV9+0z/wV+/Zm1RLX4geEfEvijRdNQpJqVzpUmrafNDFhSyXcStvBC4Q7enzdCSf1A+G/wDwU60S5/Zu034q/tLeBYNFt9Q1J9C1Gxt445biOVcIbiTT7mJXRW5ZhjHOBg53folLi3xGyeph61DG5fn9CdWFKlLD1YYmpUbUZKD9i4VItxV1L2bs733PElk+V4yDlWy3CVXZ+0lhubBzjZrmkqdT2lGTXxWU4rdKzvb+BD4hfDXUNBW8n1KzlF9Cxhnhu7V7WSAjOUJmVCCBnORndkEc87/wI8O2Oqarby6pqsulW1gHMENjhbqSdV3IB828q7bQDk4znnof7Lfjm/8AwSl/bV8JDTTJpGgeIteJt7PWYYY9Bu7O/lXCyXsoKo6xsylwQu8ZI5Jr+Nn9s34R3X7Kn7Sviz4aeAvHVj4u0nQJon0jXtCuEmtpbCeMTRRu8LmNpokZRISWywPPQD+nvD7i/MeLsLVweYYHF5Tj6VKEqtOrCooOMrLmp1JxhzbN8uj1XS7f5Xxjw1gMknSx+FkquFqSipU5yj7WErpq8YOSa0XK+ZprW2hs/HXTbNPBHiG5fVbu9urmWOKQai7O9vslIjMZJIVvLxuxz1wO9fnloNvM2sWdjZxS3EtzdxQIIULSM8hCqqgA5LNgAAEsePTPv8fiLxf8TLWw8ECV7zVfEetWmm6Zagbp77VbuVYYIXcE7TLI6qvIyzdic19S33/BOT9sv4E6vp/jHxZ8FfEltY+GZ9I8TTXEFhJf2j28TxXaJMY0I2vEFLDadoJ6gAj9KrZ1luQUKWGx+Y4ehXqRborEVoUZVGlf3VOSu9Vdq6XbQ/NZ5XXzavKvgsJXr0oNc6pU5TUE3a7tdq2r0Wmqvoj0zWf2YPjf4V/ZI07xPr+qeLtD0S98TJJaeCb22uURop4VeDVEgBLmCZdoRhEYy3O4Y3L+d3i7ULrTGvdIkglaZPKEpeMhncBVIYqCQwONwYAg5C9Ntf0kH/gpvqHjuZ7/AOKf7PWotbaD8I7jwx4YzYS2+m21/Z2DWiajfW0lsls22RC6FgHRh8rHAx/OxqeuW/iG+8Sao9tB9rv9cu717cRiNbVbi4ebYjkNiNd2FAGAeMYHHNw1xLiMw+sOtCjCMJXhUp1KdRVIy97Rwk09LPV9b6HLmnDDwPs3GFSM6r55JxlGKfu3STjFpu+1nbvtfhvB7Ne+IIY5IxEpsJAY8nII3bQBknnAwSMYwRzkDrtRjsokAuLcs6h40QlvMQlyN2Cdwx1BYdjjkEjZ8CeEre81+4vZtRg0zTJnghudTmXfHYvI6kkFcKNmCxxwVBweAK6PxJ8L7+/1M2nhLVV8d3l/qn2DTrDSI917dlRlZYVyoIY44HXnjPI+thjadWdrxlKydm00rqPM+ttn8K1TXU+ax+VV1OE7Sioxdm1pe8b9N1q0orTm0vY5NvCEUENrfabcPJeOsUwtlO5gWKgEFSG+XgMQScgZG4jPZa1rPxb+GWo6PFPqGvaMmrWialZPa3d3bQTx7QUkt3Mg8wAHa2wEKR8pPNdrovgqTwHFb6f8S9G1HT9WvSzWmlpKxv7cWb/PFdRjBtyZF2OrE8ZODjFfoH+2bc+M/jL8HP2fviDD+zbqfw1+H3gHwonhAfES4sgth4kvUVWhm84BRLJMqBixJwxHPAz52IzSWFxlGlP3adR8qm5WvO0eVJeevqtLd5w1VxotKor35dXq/hT63S6tNNO+6d0fIvhD9vv9qr4VwWsuifEPxLcWiRriG9vnubMAEfumSTIwo2gZx1PBPJ+xPBH/AAW4+M9paQad8TfAXhXx3p48sTNf6davNJF1YOzxSFmKnOT39jivx6uZ9Rupbm1eWD7MsjhIGU/MOfmIB+U9hk9+OM1hL4b8QWi3moiKJbVcyxxkrIX4wgVDznnIwODkgHaor26OaygopTab1e9tHHfdbdU+u3Q7cPXUotVIp76ta6W3eqS9Wnps9j+hzTv+CiH/AATq+NcRsfjT+y7omjXl0my71XRbNLaaOST70qSRKig5OeB1HbPF6D9n3/glZ8YbmK6+Gvxg8QfC2+mUGG2vtUP2a3mcgqqRMVUqm4DaSPmHUYzX86ZDW9nC01nJPLeH5oPK2srA5BL4HDEDOACuCCOeKGmSumoyFLq4sJYGV/JhkkD7ORtj2MMPuwvG7BIOeuO6jm04yUpTUlZXTdk17rasr2+b2VrI6JxpNcyWq5drJ6JaJ3s9P8Te2mp/SBqP/BLjxhe3Ml38E/2k/hx8StPNs72mm+IZ7CGd0CsUjZpJGO85xnAJOMA5yvyr4j/Yh/aR8A6nKfGX7Plz4l0iz+0PPqngIR6hbuwPNxGsB+bgFkAycAkZ7/mx4E8Z/EzStXtYPC/jjxLoc91OkdtLFqd2HTYSOEEhCLkHqMjB6V9VeD/+ChX7Xvwv1i90DT/ilqesJZXQtEh1mdrpGCcMuJgylH5DAnrnngY7aub4StB0pwd5W+Um420ttbdNO9vkcFfDUa6Sm9LX0vGS+FWTW9uj1v2skjznx58JrC3uNSlnsvFvgbUCHMlr4m0K/ghVgGIiWUWzIduMNl+Dyc9R8a3HgLW7bVlniu7e7gur7yxN9pMYCbsCSRZdjAADecgYAwNvNfuZ4Y/4K/fESK2h074rfCjwX4/00jy74XmjabI0qgbZCjG23gMGADlhx03EDHdTftcf8E5vi8kUPxE/Zk0jwpq942577RopLEoZOXfzISixbTkq2CvOOteXKjRqRfs6iTtZRd7O/La120t2n163S1PPpYChhHN0ZO93eL0Tk+WyV0nZ362Z+VF/4O1Lw54J8Pf2EbbW/EeoX8c82r2+prP/AGdp2BugFiAclVJUDPODz1x5LfeHNdtPEC37XC3yw3UFxPdYaGSzkSRZD5TR7WWQMM7QScg+1ftzbfAX/gmf8SLuKfwX8Y/FHwwvmi3pY3Wsfa7KCVgfl8skZjBONo6jGecrXRQf8EnbfXGm1b4OftO+B/GdvqMRuINK1me1tnfcC6CR5JGyQNoJxyT0zmuD/ViFWE78lSNXmcoPlafNbZWaas9b38rK1vr8r4lzDLp0auFrzpVMNOMqU6cuWUHDlcXaNtb2V7N+ltPiB/28/jfqnh3w74L8Q+HvD/i7wd4Ljgjs1vBGs2p2cSeWkOoiVHkuBGuSj8EFcZU5FfAHxDn8ReMtV8Sa7purR6fb398jx+Gbed7eytlkkaQRQQuQk6RF9oAChcfMGzz+wXiP/gmX+1r4I1O78QQ+BdA8b2sEDog8MXSaisyKCSRBGVXcAARkckjivi34l/Cv4l6C0dv8Q/gn4g0JLOaSSeb+xrm2yUY4DTQxtkgLxk4JHPGK8uhwRhMvqTxGHounOp8U03KMmrL3W21FWeySuuysfc8U+L3F3FmWYbLs3xzxdDCJ+w/dwjUXMopt1IpTk3dXu/e63vc+GLn4UeITHbajDDJeCZElvjlY2gkA+ZRgkYAXIPyggkA1tW3wp1aOP+04buH5THLeGZ0Y2cZYBiwJ+9tyF57EEda9xeHw4qTJbazq+jvOitNa3azeTE4xtjkEgUhRgDcQRxnJPDQy6FqY0uSTSrjSdUS5ZFvDHdhHkjGNqCMnkgDB4K8tnPJqcXk2IVOSpJ6pu6TurpK6t2b1b89ND8s+vPml7SMlfWLcXpsr33tfdO90t+hQ+KviTwzo/hDRPCnhDToFinhivdZ1aMBZbu6iiTdAWXJaNnBBA4C8Yr578NX0rzX129iUiG0u68YCk7Y+mRv+7gc446Yx1nifw74uudYikudMuba0tAskUaRtNCsK8EJsJ6j5gp3AZbJxmrGk2/lRXd1I6W0fm4W2ePaDJkjLjAAJYDA5xk+orw3lVWjQcZU5OTlKcpyjG7k+XmkuZa6tpPdaWb3fm5lj3OlNUoqO7bXJdtqzeuzTb3u9b3eqK8nhSbxM0UgW2t5ZHRkMzgKiNhQjAkbWxyAOwyBkVVuPAfifT9VttIVjH9qljWCFJB5UwY5Vht6jjJODjOGwa6u00/Vtevr2SxW3igsLQSTQJMEZtgyHULgk5BYY6EHgA1u6J490zSfCeqyajo91deMkunj0S/u3JitLdEZXZFPJbIIDA4B5zkA1yPDVqdKUeV25bRjOOidlq5JKLSlolbVq2ux83Rx9eKdKUue9/clpyOLSlLmSUbX6N3bSPPPFnhK3j0uazkQvqdjIzXgQMYzMhbCKRgFgRtIBz6jPT5wljmiuZTMdmxtgVk5XvgevAxznOfWvpO01PUL9RcXjl1vHknm243LKcnfgEgKDkYPAxzzyfP30KC5ubia5mXyzO8wYKASyk/I46Y+6A23qMjJOajLa9TD88aybinduy1fu6rfq3bVtqz7Hfl+OppSjVfM7czsl1SV+ztvbYqeD9Qt7K+tpbgCO1AVmBG5CzEDBU5HXBI4PGMdAPa11DS2t544pTNCzLKkkbBZkkcD92igDYhIJBBIw2ANuK8rt7S2khdTaMIwxaJ41OWdVbLHauOS3QDAB46GtvT44xBFIoGI5huWQ5kuGBwE25AwDuGfvHA+7zngzWnDFVIzip3uuttLJpPWzTdkn823cxxeLw05STmmlskravlVt9NbNNPa9yxZXfiTVfE9r4dtbaW4jurtTDCsRfy1kYATO3omckHI6YHGa+wtP+DPhe7v9M8Na3Ktvrs6Ru16QHluLtyDDDGpPyhzgFmOSMDBxgeFfDHUNQsvEuq6va2caXlvahE8/mKCJsDehYbfMXOQOrHAya6XUfiNZWXi+KW91C4uNS822EV+rNts51kBBHOVCnlFCnIU88Yrgr0ayp8lBKE1Fq0Ut/dT5tXdLWzkrJ3Z+VZ9iswx+YrCZfP2NLCxlUqVYJOUpO3ut680Y8rSTSW92rHrfjD4b+I/Ausrp7a4dE1O0jE0UdtKIZW04oSqrIjAu7pjzE38MSB78J4L1fxH4k8XJo+itdG7STIuXuGSO4eMOJGldjtkYjOSTz04HI/VL9mXS/wBmL4uaPrdl8Y7jXdc8XeIozZWvjS0UzWPhqxjgJa4uVVjtkjCgbiRkEnacYr89/FfwpvbT4s+KfC3wouNZ1/RtB1S5n0nXrG2lt0m0m1dgbiadVxHvQtksw9M/Mu36HLMkxONwFF1GqtSb1jJc0lNcrXNazjF25otJ3as9T8ox2c5fiK+aYHOVRp4rDUW/b4mEOSpGyUIyqPa9r6OXM2le50Xx1uNDsPh74bWG/wBQl1WC68vVo9QzMJZwSlyunoxKsoydm1eOfvCp/GWk/Db4e/D/AMGn4KeIfENzq/i7w1Je+Ore+eQWqXcqgyWwRCBGFYsscZ+YjA5r5X+JWqeIdU1w6HqNzcW9vpyLLatdTKzLNFnf83QuzLksDgnq3au18V/Az42+Dfgl4b+NOp3UsXgrxbq/2LTfJYvcO9q4CMIgA4imPRkBDAEHOct9VlGCxVCFdRwznDDwvKSi5RpR5lFzkm00t0k1Zu2qasduXZDhctyTJl/aUcPSxWOlVhQUaUKWMrVY+0p05LRtQUZSSi0pW7pl3wh8NvF/xH8EeIte8OeDrcweDY5Z9c1O5dIHeyyS6iORgzvGAWUqSSSeccDy/wCG8GhSeKtN0m/8P3Ws6ddeIbG1vYLTJmnEtwsYhgYAnJkYowBO0ZAwAQPtf9m/UYLfQF174h6lDZeCr+8hg8QaU14bS+uI8bLci1Ux+bZS/MbpTy5bJ5BJwPH2i/C74c/H74f674F1a0/4V1P4g0fXNf8A7NkW4k0+OK8juLlLeT5lV0QArGckAN6nH1lHLctp4fAZh7Wi5qtTjiKE3BzUXOFrRk7crV+ZyTtezstD2ct4mzypiM44eeArul9SrSyzGwg5Up1HTS9mtLxlGTTUrS5t1rZHXf8ABQP4P23wd+IHw+0m18EeHfAVhrHgfR9dm0jSphJdTLfQK6XN6gG6G9lUK0inkMxxkc18S3s2peLPDiafpeiXkEdg4ie7NvJK94YmyiRsVBClWycNt4IwM8/qP/wWA+O/wI/aI+Nnw08X/ATUJ9e0vRPAGhaH4k1kkxyNfWNmiS2zxklWaFlxJMF2kkjAHB/PHxF8aoo/D1ho+nXVtY2tlDDHFJawRw3kt0vyqzEfMylskkk7s47ceBxdDKsZneJr0JQpUuaEqdOmoyjFuELKLpJQj7127etz6bhSnxNl3C2TYf6s8dj6PNDEVqtScG17S6m1OMaivFpqLvstj5p1jwPrD3iRw+HpoXtbZ5b6cQN5EcYBLhywAGMZfkYzgnJrz5fFeo2UsenQtAkcEstussEIZVzxjgEbsNy3A5K5J4P1XqfjzWPFNn4c0e6vni023d31ea0eOKa9t5iBNHLMEOXkjBXa2QvJIxmuc+IfhHwVqGuaXf8Aw20y8sNIdLWCSO5j80PqLMFuMSYAZXO47x0JGSBxTwGEw1WilQrJ1FyKVObXNaSjdpa3Udd2nzbLofeZdxDmWEm6Wc4WVOLcvZVIXnBNJNLvtezfWyS7/PlpdxvFIhQzXNxLIZA6PGFkVflbLYU7cZ4wBjritiTwPNqfgDXPFYv0hi0u9itthQrJeXMjAPFDJjBEQwwABz1xjmvv79qTx7+z3qnwL+D/AID+Hnw8tvD3xK8N28s3jrxMLcW1zfSrEFaM3Of9KZ3G4cDCtyQNtfn1dfEeKTwfb+CzIselJezXzZQbzeuCnzuAp+UYbJzlccDjHo5tlmHymqqTr08TKdCnPmpN2hKcYS5X3lHWMtbXuldnscIcRYribB/XpZbXy5Qxteio4qynOhQqOEa8Yp3UavKnBNq0Wm7WSPMNCu4tPuw0zt9lVTLLIqDe0nK8t0O7oR04wM8Y6O51u31eWGZbCGI2zJGk+wGV1Z8AAcDvyTk8qR3z5Xr1xNGFSCdW+cmQxgbGVnBQMV5LEkA8c/dPIxUunancrPFOzhVVlUjcdm7GCzKOCeeM8gjHbj52dGE3zXalZWa1tot77tWXW176n3cqcXq3v2V2rpK+u1nZ6Na6N2Vj13X/AAJZ6pcwPpKRWV/JaRyje+Y5XIBkzliqucglWGQDjPynFPT9F1Dwzqtra6xbpJYOUmnktsOpbOFUMoKg5HI5GTw2M4p2fie4G+YFcxIySSFt2V6AqBg5AHUN8vQHvW/ZS6r4mLWtnKPmCMiSkAgIMlyzZI4BwcjBJ46Z8+osQozp1Zp0907arRKyvq1o02mvnc4auJVJ2lL3V71pK6tfWOjTei5Xbray1V/szw98c5PCvg6PQ7U2FzpOpWd3aTWhgUySCZGSKK5ZcN+7JDHfk4BINfnR4gW5vNeupoIQElv5EQxFvKRZp+UweQqqQDjDLt9OnvltZ2OiW6PI4urhHYz28rnyi5Rtwjbn7rdwODzwKhuPC2matb22oaDdRWWoSXSyT2MjKwmckH5ATuC5OAx5OcYwMr5WElRy72ySlGVb3ufWUeayWjfdttNpP1aZzQxkYc1W/uzV42vpblVrvonKTd7WW17HpWnfs4eGvGXgyzu/DGq2x8TwQo+oJd3KuvmNFveIQnbtIyQCS3J7EGvmfx18K/EvgwW7NE+pefI8e+GIssUqN86E7DgdQpA6dAMc+saPqXjDRfFenWFnDdaWs13Et1KGZYJUB2ytnhTuTJUkEHIz1r3P4rfFfRft+m6FZJDJHZWiC5uDAhaScIvmK5wdzB8gt1PBPy5rxMLjs6wWZ+xVWOOwmInKolJ8rpK+ijKKbXSykm23ZtanTTxLi4ufLJX93lvblaTTTSW7to3v16nx3oHwwuW0C48QeJIbizgIkOnxpnzZmAbEkiADau7gZHIyeMCvLbLTL+8vJILOKaW4EzRW6KDtU5AJJ54xz35GAR0r6F8ReNL6+069tY7lAH8yK2gVfljRzkkKDgAZwFxjPYZJrkvDmj3ehhZ55AL29ZZrbLAhAwBLksMoSOCN2M9M4zX1EcwrwpVKlb3a0m/Y09OytbXX1cdeuugoYipGNSrUaXM/dikrxvZLqruz7NN3Xp3/AIc+A8msaCNZu7jy57ZD9rxOCVlKnAVGGXVCBvXJ6HOeceFa74eufD+r31rGkt1FbBwL2KJ1hZgeg42jA4OG6gYFfT0WvXllZRWo1E2sckMks4jYqjuw6tltpJyAv3c7gBgdN7wf4Ovfi5puqeGbfVNO0yGWMlbmSKNrp5uud3Dtvx/8SM5x8xh8+x2XVa+KzWpD6l7RL4VF00+VapWe1m1ZvqtHo6VebduVSjdJqybuklok1va+z1Wx8fWV9GYlVSzCRCkzMWBRjgEnJOMEYC46kdSAK9M8JeKdP0aNwgaR3TMo3fNJIv3djYBUDOSBx2BJya2fEn7L/wAR/CltqF+WgvLXTjMwETM00tvCGD3TRj5goHPzDPr90keHJFONhAaJ4gWJf5BvXIZz/vkElDzj1xX12FzLKM7oOeDxVDEwsuaVOabTtG3Mr6NXeklvfS52JQmvc7a6Ppa+mm193e+up90aL41XUNIhnntYXgt4w9sDtMryZOPMU8sg+YNu6rjkDiv0o/Ya+PD+N/iP8PPgx8WfGeuaZ8DdQ1ix0/V/BdhKBouoiaYRukkQGyKKZ2BmlyqIMg9efwr07X9Rgsoo7eVxmF1ZkYhSpYZVfpg4xuxnAGSS3u3wz+IGpeHZ7O9jnYXKboYlifbNGzMCrpJ8rq4YN84IOQMMM4HtcPZniOGcfTxuFqPlhOPNFPSUW43j2Wm1tE9r6o+P4w4PwnFOVYjLsVTjL20JqlUkrOFS3KppxUZJxvdWeiWj3t/oR/G79uv9nz/gn34Bufh58M9J8PeItX0zw3FL4Q8PeG5bWbT9Fhng32tzrclupBlQlZH8xizlSrYzX46eB/2tPE37T2va78UvH8y3Pii/ja2nvIFWOx0u2EjfZrG3jBAVVXggdSMnPNfz6az8TtX1q1e7vdav2vNQssajPqVxNPNcpCo8qLfK7YjVfkCg4Vf7w4rsvhT8cPGPg2FotMe3i0vU5wZ495CsIhjc6huGIGVGN2Tg98fpMfEuljMTUnWoyjGrRUJSb5pzlaKu5O/KlpdLlV7adT824U8E8Lw5hqcKNb2lSNd1otxtSpKV240k02tZJ88+aTu9bM/pXtdds2gt3udX0+KIgB3aZQcMTnILjHHPQegyeKhv/iV4B0oIt54kscRvgCF0aX5cddpIyxPIJIzzyOD+M/gv4la98Q7xxp9xdXIj2G7jJmjijOdoEYJ2kD1HB54I5r2eLSLiRQ8qyM4DDmRnJkwQzOCSMHPA4PPasKmcrEJ1aDtTlok2vdVk91dLv5Pbuv17CZBRoqKqXlOKWqta65etmtt7W+WiP0Gvv2gfhxasBBJd34jZmDwowDnHQtt5B7HgAHH3s1z9x+0/ohZzp2gXM43DAmk2kpk4ODuOSeCB1wByDiviWGGTLwBFXYuCFwTnnK52jOTzk9DyOuKvafZyvK7IsmEUNlsjngKD1yBjk/KcZ5Nc31uU+V3SaabTfpZN3Se3Z7rfc7K+HoUovlhG+lr3t0Wllv1vdLpbc+0rH9pieWYJB4XgiVccTy73XONr8jgDjjnGDngjGnqHx21bWbK40q70nTYoLsOHuDtLxqASu07eCMjHOcccAc/IUU0gmVVI81WTewAHyZGCOSePTGOcngGunFyrQNDLLGAwO452HAUAYJOclT0Xt2zgj6DJoQq4yhKdpNTjJK9krNW00T203s9N7H5hxvjMT/YOY0qUVyzwleEmkkrOHLZrzWjfa1mf2l/sIX3n/s1/Bmdgv77SLpIih3BtsrDIJ456Drgn0Oa/Cr/gq74iun/an1uO1vJIjp+k2a7Ucp5JMSMW+X7xJYc9Oc5GTX7Uf8E+WjH7MXwPh8zPlabdtyxOQZH+UdeTuIB+8c5HIzX4Tf8ABU9wP2rPHtwsa7I9Nsg54Yg/Z04xxjAGSMEk46YrrwkYLiDOXPSSo4lpy1aTqxsrerV7pK29nc+GwLrz4M4CUU2o5hgU3C2ipUHFttPo009X08mflt4g8XeIYpnkg8Q6igDH7s7KVTgncDnA3bsYAPIBwOD5F4g8e+NJQ/2TxNqm4AsrfamUnb6ngHB9fXuDg6GvarGZZ0UqWIPK5wBkE8diMnBPUdBgV5dqV0qpKrOC4JUAg5G4ck4zzyCTzyOScCvCryftJW2vJ20va8X5Lvrvur63P6BwzqRoU02/gWt23dJab7dm15K7IZPi38UrOVkh8XauCFbIeZnUBsEAZOCeME8EZGM/dMcXx4+LNuBHJ4pu5EjUlRLh0IbqBnBPUAjnqDjHTjbpmRnDEYY7XHLEZA6EYyR3B5HQ4ORWVIsU24OSU5VWRcZK8Z54OB16jkY4rncIuzava3brZd76vV9NLdENSfNJtyu7Xi+u3ZvRp3vol22PT4v2kfiZBISdRtLgBVVlaDHmbSOM5GM8ckcj8RWvB+1H41tpmlvdM027DLtbywIjz0fjqMZB9wMjBzXgMlrEHEikRqQVJKgjIzwDxgk98ngHjIGcu8gkVt8YXkBNxA2scEkkHHHHX3zxwazlSh1gtrbbr3emlvu02u9TnxCny2SejTS1fRatO/fpqnvrdP6ki/artpkRNU8NAEP5sksM3BwcnoAQ3J6Yz1zyDXW2/wC0n8OtTLLqEE1mu1BsmjaQk46hyflA4PGMnqepPwJe206M0jErtHzFCWyMdQOMDrkjkE5BBFY86SO5Vg5jK4yACwJB2g5x6Y7euOmc1h6evKrWs/V3Vlo9UvT1dtvO9lUnCzi+dtczTad1bRuzu7X2TSfu6WP1M0Dx74F1osdO17TvMkJEcE06I4XB+RU3AKSxHXuMc12UOn292BcIwcrnattKkqFG6HKk45HXGRkjHQV+MM8jwTBUmuIDGoYSRSOjAgjCnaRnBJ7nucdcdroPxX8deG/Lm0zxDfhBhNs07yx8H+42QFI4Axgckc1X1dJJqWqafKkr6tO/dNbX7dDzq2GkpRilZqV73d0npt0kle99L97a/rv9pvbeFWeYu8ZwEkBJA+VcHsMjBwM8ck8ECk9/ICd5ZJhIBlgxQbjkckqDnI3Hp8v+zz8G+GP2sPEdqUj8T2EOp2u4DzrcgSh+PnKnliOuOD05wMj6B0D47eBPGKLEmsR6bdNhWtb5RFuyo4DEgE7mODxwOQAQKxca1NapbR6PZKPe67fPRO5rQopu0mrLS7dm9rbvW+99fle57RFcSy3IDSsUAZfMjYbmJ6hegUZ+UnkA5OcZqZyuwxiR2YtnJAYgZyVdu54GMHjkgEVybJFd26XFneIytwjW84ZApI5BQHJIIPIHXPenOptF83z5gu3PDszFsDJIHJ9889+M5rGSk9ZN80nFaJ305dNbeer06an0mFwtCVKKcU3373S6v3mk7LXSze9rPYm1FFRgAjyD5AFVSQBg8MBkMecjHJ6k5yKck9hcRiKdVkU53eeiMGUDld3UHBC9fm4z1FS281gLZpEibcNwbzVyGLjnoc5OSR055J6g+f6wlxcKDDH5MUUhXdGxVmJPBZRzg4PVeVxjGBURk9YvVW0s1fmvHqtGn8+2rOyOW0pWai9VbW6aV426ap20ulfsrssar4F8HawQscCWcsisHmTAySSTlem4knoemMDoK8p1z4QalaYn0q5jvIA20xIAJjzwSgJJ6ck/7RyM16xo11dsFDJFIkDhQ+ACTggZJ5JyCOnHHfgdFDcyGXcUPmyOQqhd0RXowB6YPzDjGeACMA1rFSVra3tZO+1o30v7yXbd7dDz8VQlh2lGXupWvqrW5fnK1mvV30skfF95o13pcs8d3DNburkF54mVSOeRjAIwTgZyePcDOga4W6wYUul35EIGQVYAAAk55xuUbu5PcCvs3VdBsNW8yLUrbz/NIKMUClSGC5Bxhccgk9epz1ryTXvhY/2rz/D91iSMZW3YhNpUAnawyXGOMH7rdyPmrf2Wlm767Xata3utWl30u7O199+CnmDU0pJxt1t6b3vrbr8TSseLX0Vgjk29pNalgTMkis37zOT5ZztA5xkdMZPIxWNPDEjFmhIG3/WKR1ZcjKjnJODkk+h7V2F/ealp119i16w8n7OWxO0ZDMBuUMpICvllyccEZwBgYxdQltpoZfKDYcCTeoYhgRkAZJK4UkHpzyegqHRnFp6uyvqr6Oy11d2npa91q+x72GxVOpFWnFO17WTVla+9023dPVO1nfocNNAFlVonDZLMxOQQSCflyQG255xtIAGOtVL/AE3+0LDVrLz1T7Rplwvm92YRsdo45JAAPPv0BzduTGGVMq7/ADbVyQByThiMDGCMk85z3NUb9pItE1i5AJS1sbltgYBkcxnBDHnbxjA4IOeOtbUaM3NNLZp3d3bSN27p9NLJ7swxOMhTi01rytK92nZLrdr7uu2tj809Vhksby7tnZwtvNNGSSMOUkKAORuyCCMc/wB0YOCK+hvg7Ev2S6lYAM8aq+0/MYwu4scZypIwR+B7V8438/mT3rXBffPeyTL5vcNJyFGRnG4DOBng9ga96+Ft4IorqIzKolhiEbnADYBLYJHG0cHB56+9e1RvK3NZJRTa0d9Vs35L5q+vU+NrVbVIuLacmtE1vJrVq/S26SvdvfQ9g8PT2y6m0E8Y2PcMgUKP9VkmRcdCMZ5+YYOBk8t7N4z+AmoeItBg8a+BdPbWNBtzbx6jbW0KNfWl5IAWAh5dlJBJwDx6YNeHWVzALmGWGSFri3nctHxkqRy7gYLHqORj2J4r7A8IfEWXwxZ6Fd6TLcz2zvG+r6ZazbVndT+7kaL5g21yDgKdwGOpyfJzSpWowdWhZu0Xbo02lvq1b3ovpom9G0e5C86GiUrR5knpeyhfRdE04yWmjWulzyDRP2S/jzqVtFr+l/DC9k0+ZkEeoalp5tIoouSZXMoAWMAkl8ds16don7IM0WstafEf4w+BvBVzd26uumi8tZ7iIS4zEUVgVkU/KwIBXkcYwfsP9of9tnxn4Z+Dnhy/8SX1roNlY2P2WHT7Bo7bUr9DDizSdI1GVfguxycA8kk7/wCa74g/HPxD8QvGGq+JrjUdQS8luppIVjuJdkabyIwAHHY/MApHPJHUePTxeIxUIqpJQu7KDiubSybUnpbTTRfN3ObLZYzGVqqlhqWHpU5cvM05Tk/dvyt6rfVu97Wtds/aP9o//gm74y+EHw0tfjZ4c8eaV8QvDDxwyzTeHZh9u0mJl3Jd7YJmJRf+WgO3knnGCPl3wH+1l4i8HeHYvBnxC0JPGvhBZk+zTfaLiz8RafF9x/JvRIzFTjJjdSuRgkDGPLf2e/2ivjJP4Q8TfDqXxhrV34S1W1UXmjX9zLcQxRKQSLcSFlRQcZAIB6fSzdaNZ3sMsUsPm/aGZZY2RTwvHy8ZwSTwuCD06cbYeVSi2pyk78rjsly+472bSbvpqk7avax9A8JCVOUKqU7Kyl11taTfTfaytfue3xfCK6+LcE3xA/Z58bx6rqNrJJqVz8O9VvEfXrNI/wB48EVu5xfRrtZdu3L8nJyK9I8HfAvwp+0p4G8UaYNGbwR+0d4Xt5prvwysP2aPxdZ6ep8+5tbR1QJdptO5YwSTjqWxXyH4U0nXvhz4gs/Fvw61i+8P65bRu6TQzSQg8AkEZ2tkDaVkByCw9j9E/D/9q65i8f8AhXWfinpM+keL9J1NGj+I2j4tbu7tZ5Ak8d+IgqTRCPlt+R3I647liJzkoxSUbpOTbad0u1k1te21vS3k4nLYU4OUXPmT93laTs3Fq+iUoW6WbWiXU+PtR+GOr+HPF3hO+uZJEv8ARPFFrHqel3qtDcWk1teIj27pjcgJTap5yDkD7xr7K+NukaZ45+Jd14i8Z6VdeHPDWi6Fp5tGaRBHe3H2WJGnRXYMYwQGYqCy8ZGSBX6K/E79nzwf8UfDjfGr4Map4U8byRsmr6jHDdRHUL2R0Eky3tgDua7hl3MjhQXfgZFfId3oHhHx/eeHvDXxTstTi1e81KSz2L5tkLONisSW93E+w+QuQElK7WAx2NY08gqZ7iPZwr0sPKXNGLm7K9lZ8zV4pu2t9U79LHzXEvG9bhjJMROGFr1opQlVnRjzyhGNryUEuZK13pa6TT1dz82/Fng3wVqV3dWGnLHqtncyboL3KBYA+SBvXnJGMcnJPbdXzz4o+CcdvLLcaVLHbSgMFtiQ3nM25gY2XGAcAYxg4Yk9cf0Da7/wTW8HPZsfDev6voE80O+2muU+12ThV81FSRCN6tuGG5OMc9a+PviB+xl8Wvh/Y3V9/ZS+KtHjDrFfacrS3Uax5JMkGNwwoLd/cnt5+aeHvFWTx9vRoTxdCOrlRl7ZNadItvazvZaJve6PF4J8Y+E885cLWzOWFxKkouGN5qTcm42SlO6dm979dbNH4j6t4Y1rRPOF9aSSRZEbOIy6offGRkgZyB1PoK4uZrhGDrG/klwgQHhRu2jKkZCk5JIzkAjsCf0e13wxZ3Utxp2qWlzps8IYy2t3AYnaZTtYFZFBIyMABu+MZ5byvXvgzZajbSXFhAluG+Zmj+U7QdpAUAkHI3YBXnjfjivlXj50ZeyxlGdOcXyyU4uNnorNOzST23V2kt9f3PD+zxVJVMNVp1qdSKmpU5KaaajZJp6r5veyt18F8H+LfE3g2c3vgzxhf6LfRhJJ7aO6eKC5AIYwzwhhDKhbPBTGD3Ffe/wN8AfBz9raS48M/EnxxpXwt+Ld2MeHvEl1HDFoXiG8bAitL6XKQ28ssgALsSpBIP3sn89vGXwu1/Rd11Fb3M9kpCpPGrbwR0LAADAHTPIAPCnOOBsfFGsaBKqzmV0gdXiKlknglViwdJECPEynBBBGMDDDpXRQjhqylVp2lJt2admtVva72W7892eLm2V4islLDVHRrRs1KL5W5KK92StrFvdNtNfNn3f8dv2Vfjh+yX4nX/hI9NvoNL80vpXi/QGkvPDOrwgkxT219b7rY7+rK7kAkjIOMcjZ/FrQvFMEek/EzR0nZUEcOu2cSx3mS2FeX5SH25y2epwD0r6x/Zj/AOCjN3onhmP4VfHjTrf4x/CHUIUsbnw/4mEd3qnh61c7WutHvJledJIlO5EV+qgd2r334j/8E8fhd+0D4Zufin+wz40sfEkKwPqOqfCjV7tF8T6blTJLBZxu3mXOwlkigRAcY561p9UvJNX3WqkubS2zVvPRaO2tuvyFbGvD3w+b05UKzaUcXBSVKbvGKfPvCXW0tNb6LVfnFH4BNnjxV4C1kailu/2i1lspil7abMbN8ccgkG04wwIZScZzxX33+y9/wVg/a3/ZlvLfS7fxrrWr+FFeK3vdA1+7mu7GWFJFLQrFOzmNXVSisSwXHHBwPyy17wx8TPhF4ou9H1Oy13wnrunzvBd6bqUE9ifMich4WgmwjoxBwVBDAgdMY9O0D4j+FfFcUen+PdOGmalIFii1myRFh3YCh7hEAB6Es3XGT82CaJOVCS5oRqw0TTin1XxRd099XZ31XU8HNuH8NmlB1nSjXtG8MXhpKniqfWM1Om4z03umr3vZn92PwB/4Lo/sn/GTwDpPhLxb4gm+E3xD1SzsrcpcT7tHk1JykUr/AGogJDG7FmAVQUUjk9a/PD/gtvpGgeP08AfG/S/iL4c8beErjw8nh+PTtD1S1vro6nbBCt3LFC7OkcqBiXdAdxGMkV/LNrvwq1cRrqnhO9h1fS1ZXtr+wlAniPUbirFkVTgMxAxk5I5xuJ4g8T6F4ci0rUda1e9HmtvsrnUri5t4mYld8MUkkiICRj5BhuCOMAfAcaYbKcXQpywuGhhsw5oJTpNxXKnG/wC7fN072T7Hp8M0eIaNP6rVz2tmOWQpqEaONpJ4inyxjGCdWPK57rWcHJpXvdGhr02jSH7WlirR+SQYy22GEx9OT/Hxgn1Yferj18RJbW1xcQoZZZd0EcS/IsAYkZjx97krksDwD3wa5e/1ORYBHJNI0hkyYTgBoi33T6E45zznPYmog8lxEZExaqx27W2gFVwzcHBLNyc859ya+Zo5dNQhKb5pzUHJu8rWUL3V2o3d9ber6L7uhS01a0UU76/Cop9lrfW71vdJszNRubu2fbIY3SWSKfL/ADuHZyyopPIK8AAAcDjrivePBfxU12KyFjpYn06K9iFjrUVvdSRLrNoigJHMhJT9zjKHaSMjORwfne7neeQSxwh0gkVEkLErvXjcygkEEcHpgjsDx6R4Sin1UulnaP8AaiXYywqwEXlg5dFUhiP7x42jPY8b5nhqMsHyTUJKKi25JNR5eS0vetqrX0elttzv5UoxlGUfdtyp3urctm20lda2fZ9bM/aL9kz9uv4G/DX4I+OPhR8VfhxPql29w13pF5o2oTWkGpl0dPs2uKh23FzC5UwTnGzBG35q/I/4marZa54p8UatpDG107U9SnuNJsZJjK8NlK7PHG0hAZ2jQhc4OdvVTg1yjvFbPJDOZZbhpi11Dkcqp/1jDgKBj5snt0xnCahBDdXVu2VEBgzgna0Ea4znqcNjhiR05x1r5DLMjw2Bx1fHUHN1cUk6qc2478z916t/Cr3lvZ6Iuti5VaMaU2t1L3VHS6Vn7qWtrXvpdnE6VM1uXjLN5g3MkgJKiQk5BIYcDg46Akc4xWhf3DPPCwl3wqpEoJ4yQAflU5AI/iYcHJ4HNN1XUNO84+VAFZXWMupARo1IAKAfeLDqcevPOTUu5tNeFpLeZQ8nyxxyZVgwUbx1xhSRljx0GM4FfZ0qLnUpS9mk1KLukk7LlaV0nK11vbq736ecqKc1NrTRqLV7W5bu++ybt56vZKjHeTy2d21sn7uOU71bDkrkAgK3ABweQW29hxgU4NTk09zc2qss7IwZPvKCMht3Q+pbABBOT0NYja2sF81tbRBCYmicqGcSEhgzDnaNo4JGAw7gZJgvbtUjG2YRNt2gHlgzYzvXOSDg4ABzx0DV7tHBzurpqLSdtrNtNKybirXt1+bdxOEYNKNnFpK+2rslZ6NK17axv8jntRuk1i/kmu1EZZyH8tSiO4PUjpjnhuu05britS2ufLjjgRB5O4gtjqVI27ST2H+6cgAY6ilp9k0rtcTtugDn51xuYgHAHJwB2wc9AMDqy4zaTPbRS+aJArxqhO1STnnk4I4z0wQTjnA9ar70I0km1GOqtd6ctlpb8OmltFfVSTjZbJK8ddLJWXWzTX4WstjaneS6geMKyquUUBjlsFjkrxkkcgZJHHtWdABC8cY3YzuaMsQS3Qg8EqARnjvzjjnaivkeFYnCwtGoVZDhjI2BkbRjBPHJ4AxnBzWXbiUSm6WKRisj5Zwwic4zlGYbGPG4Yx0IGNzGuSClG6S5fL7nppq3fW2j7dTlrTinFXW7dm1F3bTas+61astb3TbsvQfDjM87RzqXRmjEUTcnOeMnoAc49FAPYGp9R0jTTqMuYFSSRmDNGcCHIGcf3ScnnHGT8pxiuZ0/U54nE1sAsIZRI3G7cRgYB5C5POAuAOmQK6rzob4CVpG88HaVjAIfceSQDyCoJ6EqfRq8mpTr0a8qkZOMJp6RdunVXSdtNNVbzOR1+SpFOyT2d2rrTpfXvZJuxg6jog8qazgnG65XZDGX3Bgx6txwc7RkYPXIGePLRNqXg++mhuiSGBZR95eCQV3AZBKse7ZJ9Mmvb9UuLSwkt4oLf7RMse8hh+9RxnJyTyEPT0OemAD5Z4rayvHhuJG/0gkmWOUFiRkLsUE546HHfHB5r18qqVKqdKvHmhNJNOys7K7sk1e9rWvpp5nXQxdObSclKEkrpXtdWb6WvdW0+6+pWvtftNa05EtWEV4hGSx2s2TuK7zg7Ao5UkY45zgme2n1SOGHzgXgkICK2WwsasMgjOADzgcDrz1HKWmkpLc+ZEjyQowkfaduATwpB6Y4/H7wPBPe2s9sbWSNo2mEf7pQ4ZRCxICNnJByTzgjJzXfVo0aFoU9bbpNJpvXs76NXe72vui69SlTsofa5eqTvoml20u3tZJabM27fUbWKzk+7PI8ARVYY2uRu+ToDt2kE9/X04CY3dxcRuJtxmlYsnKhSD1wMYC44YH5uuPXsNS06K20xbuFkWdUOUbG/JOAyoOSoGVznk8jI6cnDdwRvbM7gMxKtldu0DklQQCuPfHGATzg5UKUPedODcpatWUU72dm1q1vbppZaLQpVEoNqV3azTt7y06cz1er6qz00NO5g1OKS3Mc8sm1QyyEkqr/AHsYBBJHoenXJ5p99balsiNw7u14oWYhckcdF+6Tt6HgYJ465rRF9JO6S2z5itlUBgoww6Et+PXnnKgY7OmvQSI5H8+WZw6cgJFz91QQBgjkkgscHjjFJOSqJOnFNa3VtWuVR5uuu+9nbfY8jEZnKlUjCMYPu7rZOKXMmt3tutN27acjDBLFcizSXcJJNr7jlwufUkleOnXIJxn5sdp9vtYLdbPH2iUERIzHJRR1Azndx1xz029yea1G1h3STiV4pzJjuMdcFCDggAEHqR1AB4FuBYUNrIhZJQAWLj5XZ+S3zZy3Y8jPpljWuIowqwTs7pR0S3as9rJLa/m9N2RVzGjWjG7UZJRTs07tpKyb7JNX20tpd26LICiNrdjaz7Rndl1U/KSSclTnkcdR+eRrvhqwv0jawt4R5RJYsyq8o4zuIA+b15G4c7cYzbkvJpBPFCNyR7WkKBQD0IAUcjB5JAAA5GQTmifPuCV2MrIwkk2EjIU8ADoOmGHZTx2FcNOlUoz5oz5b2aT0fS3Rqz3tq2tE1uojmkaEYyjUSS6OVk2rWs/eaTvrZXfeyR6V8IdbXTtXsNJv4ks7O3mYSXSBSyIGH3iBkjJYbjkcceh+vNd8QaNqEL25fTkjdI4rW4PlLNJb8qz4UA8HJ3dc9hg18eeF2J2BLZVSRT50jJu2nGMJnBGeQAx7k4ZTgzX9hqtxqDqxuClumNp3xrHAS3zAHGADnGM56DPBPxed5DDM8zhinUqUJRUbuFSVNOS5ZJyaunHZq0dXdS2seTi82oYyty+39nO387jFt2s03fouivfmvdaLvPijZeHdP8NXiwX5muIwxWR5FwwkUEBBzuQHsCe57cfBFy375mV/NXJZnzwvJ4GeSOwDEnpu7mvqjxLpLzeHp5pJ5pLmOGRIrbLShkQEbiT/AB85wc45PuPky8jNu0qysSzKwdTwyspAO4Z6enYHOecmvvOFcIsJg3SdaVVqd3KUrvezST0tro9L+T0Po+Ga96Dj7T2k4yd/e06JaNP3WtdVftZkxd5Y9ySgNHlVRQQ5B+5hT1OSOTjHtzRbNNHxdZQyDajsvQHkEnkMMnaeDtycD0xATAqSxsTIp3bmJCngEMCST8vBxnHXPOasmW4uQ1xNKu2N02qGHJ4BAGSQvBzgAHPI5xX1Dg7J6236vS3r269Hfvd/WJzk7KSV+999LbX072XVt6Xt19r9qKRwwljC7gKQ+CQOC5ZcEKMEkKDwQPpsXMMNu7yXUkzYjAjLE4ZlAyFHc5OBzknHzADFcYmusrRxxxjfbgPvjb5WCgEADA5yMZHX5uVOANXTpNW8XalFZWkTvNIqoiKMxI+TGuDt2gHqwbOSp6cAc80qcZTqKMIRV3N2Vmnrd7/nq7Jdr5Y0ouc7RjFK7e0Vppfmv6u7/DT2fwd4StvFVlcSl3gurKNGhs4sO8xADBmz14/h9xtwuTS6lYahFCtqzSWwSYxvHL8p8rGCyqTyBgttAO0AdcDHoPhHw7qXhC0srSeELqsxKyzhzuQOuAG6jB4+9788cafinw0b2S3IuJGuLYma6ZlIjbHzMY2BCknsCTz1OMtXycs5VTGOEKqqU5aU7J2umlo+6UdbX81tfPDZxl1eosPTqKc9r36+6viSTas72XR663PCZdHMThvNkmhiZXkZG+5GDhtxI754XHTgknBXOu7iF5WuNOkmJRlQoHMahVwW4DHJXHXAP5HHpuuaPpENo8y6isYkjMTxkkSzOVOdwzgDdtGOc4PTlq8ot9CvJHlazfzVhVi0ivtSONjwW4G8gEKT1BAPOM17+GqqpD3k0rK7dvLZ3TdtdFZvreyt3VKMrqUEnGT0au30219Wl8tHa3X6frc0dokkt0ZHYtGIHO6QRnA2AE4wcjJx0z143Gjavm/kWUi3jhLP5S4Jk5xtBbA38/LjnIP1rlE8L6gbeO5ldYkadVFxvBbJIViF+UALwMg844GFwc6RJl1cacLtTsYESsQAzAddwODuYggA5OSOAQDt7CElorqSWt1fSzfW+mtrN3ta24mpxjHe+3LdarT4ldO7cb6K2is+3qWozeGbpLzzAZrqVFaOOQESxOSclGyFJGcsOnsTxXnBaK2aSS0meR2fy3VQQAh4ICHPGCQCB05AByaf4k0nW9Mtba6nspI4rlQTeRFhHnqm9iBjIJ+U7QQe2MVU8L6XPqt8llFN++CFmLHqrDJUnB5OceoPTkGnBQo05TnL3Vor7Lz1tZ2d1+CWiM7Si7Si03sra27rbXXTdeemnZaRoGp+JkjstPlZ2H3pJcKkSFgCN5P3gTxk5yehziveIPgd4d0jSbKXWfEky3d7b7HtohkI7Z2NuBKui5A6DOOchRXL6DZ6hosa6ZbWg3SGNfMk5lcyHhl74J689Dn6era1oer6bpsb6lOjybInjhdgyQxlRuUEEkMQOByTu9evyWOzqssRGnRqqEHZKMYuc5K8W27uyTSaulo3dpWSCFra3eisnzNq7u9L+S7209D5P8b/AA41XwjOLiZ0v9OmuWNrdIRwm4f6wjIGARwT95uTkjPWeBtQguriHTI0jgWQIk6uobzFUHLgnqc5GO5x7mu88YE6z4XSNUkiihuP7xbcV+8zKSWRSQMjOOuQQa8Ft5bvTLpNUggaA22UR2LKGdcgnHy5zk5+YcH1Oa9/B4yeLocsmlUfKt7tqyf5Np7J3a0sNapLq+W62tHR+ul3rpe700Nn4hWclpqk0DM8lqqnyWRCqEgdV45AB5UYPQd+cTw9YxXQinjSTb/qgoBAVum5iScYPXG4AnPOGroL3Wl8Q2EUV3EYZFlIMwAPmOf4DnO0Y5AJwffkVZ0LQNXtf9Oe1nj0635lkjhba69ByCcEg7v7o55FdkarhCKm481ktU02/dtZtpuyvotuxwTpTlK8bdFru05J3V9El2V7eT0PQvAfjfU/A/iDTZ4vs95BYTrPLbXSq8boGXIwwxlgSF6lcnGK/VL4Y/tj/C/W2h07VEPhq7URxuJVVbJ5NqqcFcDBYEhiR1x71+Sc2i6Xfxxz21wyXrBlS3mIUyA4PZgBjcfmOeO3INcyLKew3xSF3cykHHDRHJ46ZHXJIPA5Ga6MFinRqKpT5JzVk4tXenKlbaSuldrR62sfQ5Dn+YZLUUqChKLspRnBSTScVZWS5brRWejX3/0n6bq2ka3aJdaHf22oRTKsiTW00cygMMkEIcggcgEg56k81JcyLNIscu1sJ8qhc/MODjrz2HHBYDOCSPw5+GPj7x54AiF/o+vXIhhKySWc08kkEiN1Xa3y5wCAcY4U85yft74a/thaF4gdLDxQi6VqGVj+0sc2rkHAJbO0FiD/AIjJNfeZfjqMoQUvclNJSVrxbdrLukr237b6n6thOM8Hj6UFXisLVaSak7py93VN7JX1vqrW8z7PlvpHmjidSixBgQoJDZyArg4UcYJAOenbppC4SJXkbarCImIqDncflI46cH+px35Kx1/RNcto7vTNStbuK5RGVoZEbLE7irbTkDHoFAHOPmArfRraWONNwMkylCVYlxt7gA8DvkjBxgjqB9TTd5R81dJWso3VtFe1lveztba6OqeLhOUZxkpRk004vRLS217pL9N22SzXGbe1ZmAcnKM2ckg5YNtIP0BPzd6v6ZKl1KZkkzJEXDRg/KCAQdwJPHJAPUnBzWRPGi2kcpclbdjGAwG4Fh82QTlsAdcD6kiuKlluoLp5YJXMbOys6ZVdpB+UBck/+O9W6AA1VaDbi+V8sXFuy/upeS5bu726WSNsPjYQmou7as30asopJczcbu33rS50+v6rNbLJFHcAq+5mC5GAxxsHUBeSQQcD0OQT51dSFopGVvOdlwAT0LHJPUdCcHHVuhGaf4j1iEiKJx5U3lgEhs8E8gsM4Bx3yc88grjn7bWoxJEnyuwYgIBwQAcbvlG7t9QCcda9PBKcYtrVxtaUtUlLldt07vTZavXXc+PzjFxrY3lUrxTVm1fqrrdXasui176HW2BbylLNhgAI9y/MfUE9DwBgZHoSGzXSuWKLucBlQFFBwu4k89MjI9T1GDjqcvTLKOezhu/NaUvLnyUwSm0ElSGzuUA8c5AwMHkDaFuFKqykByfJII3ZD/KOOhBGSB1xtJANenG8or+b3bNtdk9V5vzW1rO91vRq8tOFml8Ojte11a6Vmr+Vr6b3LUTyGyVDkZkXJ6tgEbsY9ecAcYB6cVo3ltbz2M0EsXmQTosLoUAJJDIHYEZ+bnPGRyT70Ybedp4IAw3mR2KErtyrHB6HGeoGRnPPNdV9kUrmdCSVbGAQvmLkAjpgEc7SDjoQcitoVXF2fTTVON7NNrq/7vne/c1t7aLUndO6ta3WOiSbWt7tvXor3sfnt8XPDZ8MahJa7glveu09vCSduSwKqCemNxBGcbgM9BXX6PYmLwgUZP3gtI2jUMpypXJOMAlgSRnnpx0rqv2oNKtm0/wrfKds41CO2lIXDFXcE5xg7VwOfoMjNc8A8Xh0Rwg+XBAqSTDOWWTacZJUbgvXAHbGDwfJWKhLH1VzpckI2TW6ai7b7prXtbrY+VxOEVCVe0dGuZO1/dmk7aapq2vW6a3aK/h6WS71rStEZcwRWcl09tycucEEAEkEgkEfKT07ZP0xoXgu2v47ZLyIJG7KrRIQBsB6EAH5sBlZhtwx5BB58V+EOnQ6h8TWhAjkaLRIEIYgndNsQFQchnB4KnPPJ5GD+3nw3/ZIs9Q0Wyu9RlEd5qGnJcWMUbAmZnXLKycFCWZUwcKeDkda/Ssn4z4a4RyWWMz2vRoxq1pxguVtzUeTlUbK9lZ8z2SZ/mB9IvhnxB8RfExcN8HUcTWng8BCcvZ1pUqdFVH7srKXLzPRK13vsfHFh8EvhprGlwLJpgglEEk1zc4DM0sas6hwc5VtvGRxnscg/ME/wX8K6vqeux32kaZdW9rcSQxFraNZkTJCvgbSzcbjycMMf3QP3R0f9kGaCW7e5vBo66bps0gWRxNFJMVbak46AknK7gT97jjI/Pe8/Z5+JUHxM8U+HdN0C61nTrwTX0OrwK0cHl7mKiEk4YnG0BNuR13E8+dh/GPwz4mzSGHp4vAx9mlGSqqFOEtIvRyspX6t3SW/n8Lln0ffpI+H2QYzG4rD57XliayeH+q1cRipU0oqSlyRvyx6PRLzunb4Q0n9ivwl4zvDYaEk1pfy3hW3uYTh4U3bncw5IIQ5OTkKRgZIr9Mfg98Po/gv8LYPBp1FtRGiXs/2u/cD7sgy5OSMkdAGzg5+5kV1/gr4eXPwp8Oaz4z8U2F1oWo6NYMdPs76JlubqWfejTozLiRWIUr3wAxPOa+afEvjvxLq9hFplvJOk/ijUJJGQAhpkuZCF2xqMqqoRhyAOQODnPgcaZjkONyzGVeHqOHhh1FqtWwzi1UainJJxbja+rt5Luf1F9GDBeI2Fzfn47zHMq2IlRth8DjIyTo8zgotuUVNuyacbtLY37e3k1bxTqXi25m8yNxcWtg5O9gI1KjtkA5JTByTxgYIr66s/GizfAb4p6XHtvU8H/BLxdPcCNeIdT1aznjAkOceYF2nBwcHOcMSPmaxjtNG0q3RYJLuDw/E737jLAyiIP8AvGOcsZMr1xgcnivef2dvhf8AES7+Af7THjLxnpD2Phzxf4N1++8PRz/LcajaPbTx2zcgkWsOwYOOfmORjNf558a43DYrHKpiKyUI4/Dwp027pydaHLdNWa0bd+u5/qPgcPVw2A5aULVK1CUpSXRySSjJ2elr6LRteZ/FDq8TX18+F2XE99es443ZkuJWyDyMcsCegJGc849H0G3l0bR7mT7QoMcBE1vnckgwWAwOCSOATzk9MYJi1XSobHxJe208GLi31XURtT7ny3koVe2DhVz154GRk11TwwHT3BGPPV0eLapUEKcZxluM5LdOBn3/AF2nX9rSoRg004QXu30jywUb/fd26a62ufF5Xk0VTxtarFKpH2kbfyt2snZbpuLdrO12mWPhV4w0+38VeHr/AM9RdQazbBLd8Km0yoG2843bs98gDb1ya/du8nfUvDWn3khkjluLRJhGoBXAiB3A42n5SN3JBIIOAOP5wNLthb+ItHiiyzRa5auXUFXAEwYDKnnI4HBOOmRtr+jlbu3b4e+F3FwkWzRLNAWA37hbKuJCckep5O4fePGa+84fpuCqNJv+HzJd3a7s7NONk9Gz4DNoT57W5UrLlWl22k0m9U0ut7XeqSOO0q+likeFZUKqUJUA/wB7Lbf72ecjGACecdew2yT7EAilJYMSBtYKeeQDyR0bO3rwcZFcHplzay3BjW4jMyYJ2AAvk/LySOTjB5x1BABFelWMG+NZhJuZ1KybtpwFBG0KOg9yOM9R2+nqwbjF2kk0knbVr3dXrvdq67p69DyoOMkopvo3Z3tblte91v700nfve2nPail1biWR7cShVUKyfwYOQc9wSM85I5GMEZx7nxhBbaPJDNZRvKkwAkdPLI3DJYlupB4x14J64Fd7cqWRCxBiDZ2hsMRnn5cH5sDheD0GOeOK1zRbC+WSP5442YsVZAMNjIYgYJ98sSQuDgECs3BrZ+9J3e6V5Jet1dLstNfOa1KcoTSumneV9L3atdb69HZd3s2+ah8caS8ajymSRQ7OC25flPVVOQcdD2IOcZGBEnjjwxJtWaWB5AWZomjUFQQc4wPvBiQQeRhTgcZzJ/A2nyB5GlAZ90S7CyHIyNxUjgN/F0GSOmQK5O6+Et3KDNZXgRgeN7BtwHIDDJxjAB55HoetwsnFu7fazt01aurPr101PJUq0Z6K6S29OXppb5834JnVat4r8FRxQi6v7O3M/EYkwjlmIAUbj1wV69APaqkOmeH9SRZrG7WQ4JV4nWRWPQY2nj3HXPHJr5y+Kfwv8WNp9u1ratfSRSl90MmZAMnHC8jPUgjknOMcHjfh43jbw8/2bUINTtIzIxVpBJIFw33VBGAMZ64Jz1611vSKs0rpOLbbXwxeu6WuvW12k9jvVeSinKD0+1ddvNNpt69dPLVfZw0mS1Qi3kBYFM5DLnHOeuCQCRg/X5RkH0zwpPMrxoZAW2uxA6k547cn0JwMHBAPX5Yj+IWsWgZCBIgHlHzV2nceS2DyW5ye4yc/dBr1T4eeOFm1K3S+VV88oilOoJI3sBkYyCc89xn0OOJoVXRk5JSd4uybWl0tPd8/Rt2vY9LC4ujNpPSzgmnprePRXutNdtz6407VrmJEiEZdduRlSoUnAyuD3xkAA5PPeu40fxPEZIUmAR+jNtJztxnGccnn5uBkAgEcHnbDUPD32EF7mPIB3GcHcMjOQeCR2PPBGSRg1o6ZHol5NBLb3duUUjcvmRrtXJ4APYgjdjd0PtXx+cZfSr4OacHzRpyTS16pStbW69dPJLX7LK8X9XnSUakWm4tpN6K8dr2btqtL6O3U/Qj4DeLrqF7X7Eo+YiNiJsblG0sWBY5IBABHfkA9/wBkfgV4nv1urQSXSPFNsDl5EfbuxhQMjCgnaOOR2PAr8M/gza2gvYUtnARNu0LcqN24KcdeQMDPHJ4OScH9G/h38Trb4c6hpMuq6bNcWl1PFarMspaMXEkqpHjPD9DjDEHqMgAV/B/ifw3iamYVJYaD9pTqe0U1Gz9xpvVRejSTvd3vdXe39FZRjMNXyCdKvOm4ui9XJWjLlS1stml1e+u9z3n/AIKENe+CNe/Z1+OdgshHg/x3aaXqWowjKQ6Vq0qRSpMvAERDfeYnBznPOPmj9vHxjp914r0PXNNlt5LbXfD9k1zdKwktyHt2mg3AZXzHZiOTuDd8dfuT/goFaNq/7Hk9+YUltJ7jRdRMcgG+L94skbK2A0ZXcDnjHPIBr8HPif4j13Ufh/omras9wX0nWdF0mCBgZIJ7WFVVWQMSztskBOCARwPb6TwayHF1c5wedpycIKdCsnzXb5YONm9HG/O7WWiSvfQ/Oa+dYGtk1TLavKsTh3Wo0Ho703UjPl06aPvs0td/BPhD4r0bW7nULNH8+P8At3VtEvbdn27Z5GZUdUPRST94LjIX1rj/ABuiaPqep6b9hEK2M7RfNkNKN7FT0HLKwJ5GBnGeMed/DbT7rw58X/H9haQTi21DxFb6nZSMGU26SFJJJVAwEUlyARjGCBnBr1r4wxT2PjK/SdGAubeCZ3kBLytLEgEik5yCSBuI7Z5xg/6K8EVoU60qMpc0a1KM97pOy0Vr2+JLTzve6R+VZzB1MvjWUWpU6jj2tZJXS0Vm7PVWbv314DS9YjMoiWJIH3FlOwMCuBjL4AOTnI9Thcc1a17xQujaZf6xdLGbPT7OaedFADtHEpZgo5+oJJPPANcFdLNAzyRliVUMGY4Vct2HBOABnB9cHJ46aO5sdV0O4s9RhWSIx+XKrgbJInXEgbPUMMjnJOOCf4vvcx/dUqs4X5qcZSjFuybS0Ta0W+qv5s+Ww9Z1F7Ocm5NtJp6aW7XsuqX49D8wviR+3f8A2tZ63ofhTSjpiiee0iu55f30ykskmyNsNu67c4KlgCM/d/PfxF4z13xYl0Lm8nSBp2eYzuGLSl8s5yfmOM4GTgZ4xzX6P/E/9j/Q/Eniy48R+Do7e1iS2vbpdLhGxZr7a8qHK8ZZwCQBkgdWABP5f+INM1vwvrOrabrVjLY3dhezRT2kqEHO9kWUxMBkEYO45B685OP5+zbMcxxGIksU52hKUIuKai07PTu97bt2ellY5swwVWjKDqPni4tJq2iaTadtL62ut7J31RRWOSa2E8Rbz7ZvLD7BtRWyGcqepY8nAPB7Vkahqd/FZiKznvTHFOWvGQlVMnCkR+m7HLZ+6M5xWJqOvW2xt93Kkabo5VgJTdySoYAcgDGfmxyP4qwZ/E1w1lPYWE2YXdGMkhAlbIAKcAuAuCWJbPrtIOfKp1JO7cH7ytq/8Otk9LKNrt7p/Pmg5Qg4tq7dvLRRV7XdmkrdfOybOg3apNZXFxiSTcxnwMsiwoxzJKf7wIIOO+D0K1z58QzxE+SIhtYMzb1Jk3AhxjOMdc89QOD0rqNC1OzkkWy1W9ENqLIpNJDhUfKf6vceCO5zyx98Cs660XwhIoJu5LKEgkFHD+cNwKEIOUZ8ZC7ueQBk0LH+zkqclU015km0n7qvZLRtWTs1dX6qxXsJ1YOaqx87yStfl1Te6d9O/wCC0LPXleMXazxr5CKGDfMwONx2Kf4QR0H3j1JHNZl/qUmoyJLJuWKZW2rEfLV88Auoxhcjkkk84wcjGRqL6TpbTpZTLd2yWwEWUw43ICTKQMeYQcn0GeAeuJ5F7dwRzWtwI1ZVEMbHy3LFgPutnI+uMgg+1dEK6qLmTas15fy9/NvXV/JM4pwqKSXNdW0ino3zJPo1ZN226K1uvex38un2c0NldEGSEeaFwH3rwqr0OD9ccEkc88tc6gzPHNK0kmQ2/ceS38QXnJJJ6Y7kDOar3sOs6dCn2q0EpjhEgeIhgQRwzsowcEkHPHBJz0HNQ3c0ksUjJIrySMSJAxiBwSylmHqR264HvXXDFucVTlWbStaMpXWjW13pfpprvdX15Z0ZKak6a5lypyt0jy230e9rfjokdjLqDNF5skCljbjy2bJKqCRuB6FjjOAT9BnmuvkJFvZCyzKJZEZeHkHQD05I4yPTOOajjuPtBhRNxKYDgxjaz/3AvbJXgY6YIHpDcefHcAXMbRnc/kxnjDZyCVwchv4em0cEkgFlJ0nePMk29LJNq/K9PLR367xXYwnCfMpJX2Widt0nbTdrpa+2q2cl5/Z32PZ9jR5LnCFiqh06ABTxlQvzbTj057YsVtDHhZoGjkjcJalR8pAOQxweevB5OPToOnhGGt2uI44+cGVhlQDxtK9iQQDyN2Aepro/7BvLi2k1F9K1G4srV8pc29lM0CIQTlpEjKBT1yWGPpyckpLSMXPT3lyu1k07tq/Xtezu0rXIVOrzOWltE1otHqr9rt3Tau9PQ89N1qH2qRJ42EfQJsZhJtHBIJJJXABODzyeoFZc1vO8q3EqNEjSYB3AKp9AvY4x8vXHAGM17HpSaGps7rUXlKKxQAqCEKsAPNUDdjAwcAcfeJxx1mqw/De/gEKxOJ55N0csZ+UOQSV2gZC7uhPGMDOM1zSxcYyUZRno7y91NKyjZN731tfzunqJXTtK+tnqnr8Ftbedr6X3XdfPsUZinh8sq2JOWB3dQPvepJIK9ODwMdPdvDXiEaDpd1aeWrNeRgEpy/zHByw7KCTtXI6nrgVDY+EvClhFJcXVzcHcX2Rqu9FZuUZTknjOehCjAxjNYmpWlvaxJFb3EZCSbjuBDeWWwC+TznuDnBGCQc56KOMjJrkclJK70attbW8VorLd63uzSjZ1V5zTls/e0SVna7aTe71W7jt9sfse/GmH4KfGrwT8TRY2eow+EtUjvpbPUQssM6MwZiYmJV3TbnGGPGcdM/fX7TH7XGm/Er41yfEuU6bd3mvaWqahHo4S3sVg3F4ka3iG1bqKIpG5++QpH8WK/Cu115rdljjkdWSVGaeMlU69MADPHHzEHpgjkV2kfjeyVVSUyC6WaMLMrFkbBwPl7DrkHPIx3FfomUcaYvBZVXy2o+eM5J0pVG24J2bjHe19Ha61vd9D9HyzHYSeT18txGHoTcpqdOvJJVYtpRcU7N9Nm0npbVq37ceDvGWheLtNgvtHuFlKITc2uQJIW/uspJLHjBwM4OB2x1McmJiyfOdwJByDGvDKcA8Z6Ht+ZI/GLwx8Vde8N30OoaXqMtnKrxAQGTENxGMZEkYAUZHr1BB6cn9LvhH8XdG+IekbkljTWrWNY9RtyVUyOMgvFjquckYzxjNfR5RnWGzGMYTko19G1dcrslqt277NNW8z5rF4SdGXNSivZq1tU7WSStbve3rqtdT6NS6iZsSkuMZUooznPG/seBzknrzwMmyt1p8zLGVAfChSihcOfXJHTknnkc8d+Zhn3xokYbAHzMpGUBHbcpyTkZUeueQKuQxqP3ZJZFAO4H5wCO4AY5bpgt2wB2Hs1cLCSUopJtwdlpvyt7eem3npqjlpYqrGXLJXtyuzf+HVvf4norNdLux0E0cKRI23zGUnG8ZJGRntuOSPm44JwGBxWIEW4ucRWzJLtJEZ4Vh2OTwWAwQPXkCt2xmt4IQHZ3jcMCxXLqTgcZYnGOOAepXgAVZa5tomQwlWZuDvXL7OWILDBVgTwcgnqcck+XisE170LPa/bVR21/FXvrc96hiIz5L2TaVldPm2s1b7k+rTvZ6PlCZIpm89drAhApDDd05BPDEjk54wvAGAKtwr5hDkbQAccgDk53HGCQeemeB6810Ukmn6igQFUlUMdzLglgCCAe7cepJIJwO2Nc28sMwIjBUgASFiFk5GAAOnAGcke3Xjzo0oc1p6yjbR7pq277NtP87bOp05OXNC0r6rd2vy2el+tnZPe+q6ZlzY2szNOQEd8LtBIDDG3jOOW4z8pOB1yTmhbaO0fEyqIfMO0qASSTnBOBuAwSeM9eTjjd+zPvEqxFkHDfMSoBBAI7jDDGf4uSxz0vXC3Npp89zFECkcbuQ2WRN3CEAHgnnIyoDHOCc142YYaE+bl6XtJp7qy7Nvto1bZ6M+gyWlUlNc1lqm2rtxemlmm9b/ACtbTr5T4hhWZmtreRo1S6jMzKMIdoPAJ2BcY5GMEckDJFcbqepPbW0sglCtJIY8SZxjDKHwCTkAZPAzjg9cdzq1rffYIGaRY7hna7cKMbw2WTef4iV7HkAHuBnzVrGfxBdLEFSTy2aWaPOMxo3JY9yQOikcHnkHHyccpr4jEunSpzqNtcsFG/SKe2vVO1ne3ax9zUhKlCyctYaaPeydttXutk+t928jS4RqIkZgUiAOGPBmmQ56E+h4Y8HpjJNeh2l0qxIX3x4xGwUBflUBRnpgkgnlfl4zUS6MlvPFb23lhp4wIYEjywdsAqCOCxJ65GAT2AxJNoV9bBlmguFmhYM4dGCAHlSw4AznGeuAADyK+mw/DGKw9PnqYeorKKlaLaWzSd1u9fTvvbxKsp3UOV+67NtN22avpu1rqkel+E/Fb6fIofE1oTtYNkmMEj5wThsDPHK4zhTjr7xYayGgintP3ts4DMchtjHseSRjgcnjgAnAr5RgguI3RplMKtjcyk7STwoI6ZIzn0OOME16R4Y166tXWI4NsPlf5sjGFBcAZIyDnpjgnrnHNicrjGmpOLjNvROL92/Lok2rpb6q19NUzGlXjTfLJ2Xa1+V+6n96fvdr63s0e7DU1uic7gp4D8bgwGMemAec85z6k1A7NH5jW4EqsQJMDBz3IXnBx1PsODxVe3aC8tx5LLLuUlCvBDKASdwbhdxxjnPTtVeRjDN5bsEypLNzwR0DYIzyD6YyBjHXxp4ZU5NWV21ZdLvlvv66dd7G7qaKULWez82l3W3Xla2e6aTLySxTkKdj8FGDDOBtwR7AEcEjvjkVw2vaS0EouIXLQlsOoTIRjkgY+X5ehywAAIHPWu4WGKVkliUg4wVUkKy4GTkEcE4IPUE9s5p3lxuGhmRH8zkIwyFPJUMcEEgdGyAeTjiuarhk1to1ryvVKLWnSz0735fJgp8y2aa10lu7x79NOrulbe6PMbeUsGLMN4YEHoSoP3cEZHGfvAEnK5yDW3bTtGVQKcNuYjqCGHzEe46nHXBx3JtajootN0sS5idt25F+ZeRkEsSAF4A5wOMkAA1ErrlI2VlIUHIAJIA7k9WO3PzDJBAwa8evhoxTd2+Ve62r69bNp30fe1727Low9Szioz7Jtbv3kuruk099LWd7mh5Msrq0UoO5cfeAKMxHUE5wd3A6gliMEEV6J4f0W4vIS+0lkOGYoNrHA5+gBwDjdx9WPA2y+btQDEjjOSwBzkgnaMDA9ScZwc/dNeueDNRurW4Fs2Gj2ggEFihAKnd1HPXqOTjg8H834nqVqNGpOknzRvovNQ102bT7ea01Pr8jhCrXSq2s5cqV7ppxi9Voltstm32Ot0zwBNcxFjEFyBkCPJCZDFlOCwJ5IxjkelXbj4Qfa7K4820WaJiRnaA6gZwxGAxxkcj5QBk84FfQPgiG3u44pmUGMBVdCAWycDp8vHBYHjsT04+jtA8MaNqMcaNbB0ZcSsEByemFHIyQ3UHPLZBwMfzDxLx9jsknOpOVRQg5OVnvFct3fyW6euve6P2vJuGcJj4RjKMfeV7ytqnbW9trq1r6+tj4N+Bvi/U/g/4rk8N6xrOr2WlXUu/THEhktUlYgInJC7WHyA7sfdwAwxX6y2eotq+gWt3aLHq0l5Asqi5tUFwshVTgS8qwycgg4PQZJxXiHjb9ljwt8Q9AezTdp1/JDINO1SA+XcWNywby3yAC6pIQQM8ckdcV+WXjr4tftW/sV+MIvBni+bUPEXgxy0ek6tdJJLp2oWm79yiXpXbBKiDDxlg/ByeRXwS8U3xRz4PLqtKWYQWmHrz5FVVo60puSTaWvLpJ32SPYnwfhMsqRdVKFJtXcLyW0XaSTSs76y97VW9Pe/29f2bfhL8VvCkmr+MdCs/C3i3S4Z7my1qOCO2luXjRiiSsFBuFZuADuxycV/JT8cvhtPoPiuRYg62ljGGSUJ5cciIQBIHwONpDMQemfrX79fFr9pbxL8eL/ToNbvJLG0hhHl6XDOXVnYEKolUgshJBLEnAwOc15j8NPCXwCj+I8+s/tHeHLvxX4Sjs0t4dNsnVlSRjgSXCrtMqKvJAOdwHvj9H4H4uzrI6M3nFWpWjNuSw8ZOcqe3wNu9rPW19H9qyv8fxbwjlucU2sDTiq0VHmqwhZzslK0t3e6sl8Xc/F7w14sl0XwfqGnusdw100ewrLucK47AEEBeTnvxyCKq+HY/P8VeD7iKKNXPizw+8wzucsdSt3B6ZHA5x1JBPOc/2V/Dr9hv/AII8fHfRbS28LS2Xh7xBcpG/2RtXTS7i2ndQfIkjnOzaCx/ulSN3IFeM/G//AIIKeH7G2n8efs8+NtP1WHRtWsNWHh3UZYbyR7OxuYrqRrLUYpHWaQxxnYm1SehJ5Ne5jvE3JfaYmDw2IpTq0p81WVPmjzOD1lKL5k927rbS6R8plHDlWh9Vo4uboulUjGEK1KcFJqpGS5ariotybtZSXmfoR4agEngHQJBtw/hjRd6Zyw/0OPJBwAeuPu8988Z/ny/4KbQpb/HTSGXIaTQLFQ55w4OB1A4PJIxyeuTkV/RppWkz6X4L8P2F3bm2uoPD+m2dxEyndHPawrFIrqDnOQQfTODwQK/np/4KjWsdr8dvDRZAsUui2hckbgNpUjr6egGBnkE5z/PPh1m3teO68oTbVVYtq7s3aUpK9+iTv8767H9M8UYNS4ShHRezp0tddHZJvs9Hps/zXm/wY0K50++n1+wDjxTZaNb6hps0RCABFVniYgKWikXKtGG2kEjJ4xv/ABa8N+Ev2mfC+qa5pNkLT4keDxKl7aoEXUC9rn7ULdGxJc2cnMiJgsgy2eRnpfhjCq2/9pwRyrb3HhOKAmIAMOFVmAC4HBG0ZwM7uPlx816lpXivQvilrN34Uvr6z1S3YXdsICyR3puNxa3uVGFl85S67CpyCRjuf7S8M+K5QzrG5bjZ8+EcITUZ7U/fim1r7q5ez877H8jeI2QJ5ZhsbQheuqk4TSSlzxfK426t2Wuqsumh+fOt6brel32oWz6VNcm2mZPMjixseNirCRcfK/GGXtweQRnj7uPWnUPJ4fuoVkI8tjGyr9QcEnPAOQeg5yTn9F/HeiXFxf3XihdIbS7v5R4q0eW12SRXe0Br1YmBbZKSWYheVYckE15pc3uhi2iGoY+fd5TxxqE2YI2lQDtIHOSVJzk1+/V8JTlGNWi+anUXNGTs007NXl6O916p9v55jVUJOFS6lFtNS6NaWldNqze+vlJ7nxj52sxQBZdLmEeSqOwIOARk5wwYfMMryR1AOMVTuJr2RS0ts4QKGTyyRIhHIYNwQARknhsdO1fW9xdeDQI4vNMsMvLBk5HUfxLkE5OcHnIPNZN3a+CGLKIYhHM2FdlDMVbHUDheo5zlucY7eXLCSutYx2T1b5fhSvZWs7pJqzVl2Z0UsZyu6m9Ot3zR2aad9tbK6Xw9T6M/Yp/arvtLuovhx4xmcZjEeg3zzMZAoOPJdmOCVUYySTjPGa/Wc61BcWVvq1hIrG5yssasMkHK5ccktktknB9Bxiv57JNN8M6ffQXei3kVjfWbedbXEZMciyggqA+cAZ6g9AxOBjFfoF8Df2iLfU9Ot/DuqX0CalaRpBKHlDNdquEE8ZyP3gO4kj052nbn6PK8ZOnFYes1Jr3INvRJOLcW9Lq219uiep+qcLcR/WaCwOLqpThb2Tcn7yvG8bpxT211Wib6XP0NGuI1qyuwE7yGIpI3JHBiK9QMH2z+XzezaVb2PiPw3FZ6gsc7yWctuwlUOuxkAGGOSrZwQe2MGvjuLVv7RuoPIuBJHM8Yt2GMiZRkZGAV6dO+OO5r374d6zcWVxe6VeksCqvDuPRyBlQTyAxJ4HAyemBXZibLR7OzlfS8vd9262s29uiv3PuMMvae0hJJp3fvJaq+111Sa11a8uZniPjHw34i+HXiGCfTlmuNEkuRJFnLG2k6qgJ6R9jnIZcc84rq/HOqJ4z+E+vfaIiLqO3SaSJGJMLIceaPdjzjjpn1r33xNDbapaAyRozK4bEoDoAo7rg8tg4zgdvQHyDxZoUWm+AfFtxZpstpbbchjwWGfvDb3U42gDbjoOmK8jFRXspyirJp/ckrt+d7pd3r1OGrg6mHWLTk+SUXOMdmrKP4q/br6n5vweFdQlYNbX7ETIApkBKYA27OW65GPm5Jyw6VcbTPFmlYaGM3MeDuPJO1TlsgAZ6fKT1PU9zpKdV0+4WaBRcW5ZCY0BYlMhmBG75SDxn1HQ9R20Xi63mijjeA27lG3LIhOzHALHAyMcnJz26Yx8rbXS+muyT1ad97/wDyTa+XwbtzcrbTu9NE3Zp73XXa907rszy3/hMNcsHkE9rPGQBncGIA5DbASAowcL/D0yScVsWXxCWMq0py4YHMuVB5IIyT94Ak88dTyOa6ieTRtSQK6gMuWLqihWOTkAdeBnIPbOOaybjQdFuwAkEMvJPmEBSG24IBUZzgDHsd3PUl+WW9lfre72tZN6a79nstjS+tr2s76vXpok7NXe9trPTdHRQ+ObS4VgkyFp9rEblyApGSuGOTnpxgDB54xdfxBbvIjRurZUICCCRjjkbuSV9j26jp5beeDLNQzWdxJbkAbSj5IJzknB4wQe2BzjoKwjoev2BKwamJVQ708wnLDO44/AkHnqQAQK0Wrvyray28lfaysrdL3Wt2JpxnFu3k11enVXja17b3016P2e61mEAhHy5ZctjoehY8AAc8cYHrkcfNvxJuhL8UPhowkWby76UEDJGWccDk7eQpzk5wBg8Gtie68WLu/cpMgxuMbbSVHXhcAZHceuPevLvE2urB4z8IanqdrPZjT71mZnRmEmT8zFgckeuPXphSSlKK2u07W6t2ta3ffsnG2q6hOrzK0tE3G11q9Vt/w7emm59723lgHcyZYpk7SfLyMjjcfbsM46c1rwWcd08ixxq8XIDqMkvjjaOCc9/bGOc58NsPiboF2qNHfRRMQCyuCu5VxgkMTgkdiAQeeOo9I0nxzo8kQWO+td7yBlbcModpByAQcNypGB0GQc1FaTik9Euazvp1jdvTtfVbeZpKsmlqrLvbRaLrZJ62af3s6V9FVg/mRyO6Fs7kJjXngZPOMZGfmJHOTxXO33g+0udxksIZIzxtKqx3NzuGdvAzkZHfHTArsBqzXcObe5tnjcgqyuu5yoyxI+9liQeD0z0p637kKCIhMVBbb2ABHfI5XnHIGTjFRKq7xSvFd2rX0Tsnrd3/AB12JfJLlu01urxS3tfS7vayae78jya4+GOh3qkxW3kNGDkI2zO0nJC9mBxjOOnqRXEX/wAMpIC0lhfyQyZ5ilQsm3nPGecjHOT+Jr6KWZY8psWQuu9W27cMfvDkEgY5PPOeuDmmyRb51PlorbCfJ27yRxyC33m5OMkHA4PGQ1Ulza3eluVNt300f2bq/d300bbRpam+RR0+HVX62be9la7vq1b0R8k3HhLX7eR4mgtbyMkgHZt3emSBweCMdccA4OTxHjLT7e00e6fUtGaEF0UMqbkkKuRxkcEE4AJHIBJ5NfcNxotoVkkdGVmAfDodoJ6hdu05xjAOSOfu5WvGPjRoNuvg+ZpDgG5tW25wdrScFSAMtyeAB1HORguNdxblztON3Zaa2Vk7Xtrq3fo09yasZxUrNz0aadnfRJKzbtr91r2aZ8ry+EfB+tWtu15byBhEq+W8ZUYK9AdgBA/hI4IGOcCuE1b4L+H3DLYoqbiSpimGV4zkKBgNjqCScjHNfonovgDRLvQNKnNrBJ5un2w2yqBIzNEoLbh93IwQTj5snrtNVL34IaBcZCxy2ssnzrJC5YBCMg43AAdiCO3OMZNPMWpJSk7aXad4pWTu+/yWjvd7GXseZawTuo3V31ta7V7NvpZauz6H5a3/AMLNY0xmbTr1onX5lRyxJwx5DcgHHYnrz8pNU4IfHuklWiLXKx/KBjc2OhBXAJUdzwcHIPp+jWofBC4cyHTdSL7dwWKdeTt65Jx8vA5Py7jnHJNcbffCbXrZXaWyhn6AeUMvIFwMqQBghc8HOR93OM1vDHYdtJqLTs7tJJv3Vo7LrqruyuvM5Z4ScW3BtXa2bs3aNnfXRKz6LVJXTZ8W2Xj/AF2xuIUvtJkO0EMygqRjnPGR15AzzyucYB7Cy+JthPG0U0Eyv5il3lZgEPGDkjOB2A4YDjA4r2i++G6Rq0d/p93AzM2G8tj6tjOCccccEEZBOCQeSm+FunSwSpHFEzNISS67XyMEZPTC5+bjjqTkZqpVMNUXuSVPbfW/w3vslfVq+n5AvrEPikpXa3jfVcu91263XQ56PxVpl0sjtcWrxg4O7DEHBGQOCeMjr6gkdaF/sy7H7mQAMCTsl2j1BC7skAjIBzjgr1OcXUfhQYhJ9kE0byFmXaSVDKcMwBYcEZ4A79cVx0nhXxNosjSJIbhULOiEPlQBgAdh2yAeS2VwCBWa5oqPJWunru7r4bXa2cm7211vqYwnC7jVhB3d1pql7tru97u+nnda3VvZ/hxeW+jfEe3kkLSyS2LDzNysWQk4QHG7btGMdz0wc19j3/iS1ntxEcFXiGRIRlRwRgNknAGT644zivz38MXFwPFGk3V7FJbfZ4B9pJO0Al/lZgcHacjHOCCD64+zo4k1ZIWtWSfdCFUxuq4woJ3DPPOAR2IIyTye2lJumnUndxatr0dlvfo207369Dz68IwnJ00lFtOKWl7q/wCC0b8rLuLNZ6VqAkk+zwMF+VuNrE543DIwcngjI6Y6CsB/CdjKZJLeea3YcliyyRqTx1I4HOQMHHJycVel0G/tS0qu6jLNsBPJ6EKQccc7QwwRnp1GaDqtjJwHyfmKsDhhnAAUkhTk59RjB9neKlTkpTSe+revu2uknrdrRb2tpocUqzi4xld30sno1oru17vyurW2b0UB8H6mcfZ5ra9XIBBQRvgZIywIyeR0yc8dRg495oN5Zbhc6fcwKScPBhlJ9cqMnByCSMHkDnmupt/EV9ZMwmjIzhmRlwM8L1GCB0JIOSAecdN238UW95F+/QoVAG0jKLkjcGxkHI98AEkbc4rnr1qsasXvHttfVXStdbb2tv1sjo/ctxd3F2Td1ZdOqvrvZNX26I8e8uaHm3uLmF2YgK8rRMfdQwAx7d6u2ut+KNODlbnz0XaUWZvNUoO+7oc56Y69Oor1S4/sLVdqSQ27SIMs20RkZBJAPcjryBjH5UD4Ssn3y20xg3qTFiQSoACpGV3ZABOB1weeDySGKgp2cXe127XSvbTVa21sl21W1tY4eLd4yutL9EldWezbd9LN6e9tdnnY8d3uTLe2qt5UoZjCWUtg/wB3B4+U44GSGIAwpr86/jxrUl18TPE13b7kFxpcMigk5OVXJAwD3YrgHCgdsV+nlz4TvCJY40huRgkuESNhk5IYAHPGM5AxwD7/AJfftD2Z0/4oeJLZ49vl6NaEICPlLDPy8ccjOMHJ5JIranUpTqw5Uk7LXW795KyWlm+q7aruuDMqMoUb8ysnpZ676NLZWsu61ur3OR+H3xn1HwyyaZrEA17QpSIrq0u28yWBMjPkMwYgAHPtgDAALV7bqPgXwz410x/Enw9vLa6MqmS+0KVl8+JjlmREPzDblgoAbOPTNfDTS7HLD5HfcAQcsWYDuMsM7cnB68+la3hvxhrvhDU01LRdSuLO5WVdyJIRHIoKkpJGcKQ2MFiMkck8c+2opRu9U7Oz1u24XVmtfKzuu2iPlfrrTdOfvRbfrFPlve2ttO1tLu56PqvhmeymngMMljdozLLazIUJbOMLnBKgjjHYkAjINafhHUL7w/qCypNPFI0YhaIkhJFcFSAAWXA4yffHyknPuHhvxn4M+MGnrZeJIrfQ/FMaiKC9G2OG9lxgMJAAm4t2OSPm3ZNcV4r8Aaz4VnaSdDe6e74iu4lJKKclSzAnaTghSDgnAJBzWaVSMlJXilZxu2rPS1ltbu1s2ro3wj+q4ijisPUb5Jqdo2TVpRelrWSS1tfW6uZXizWJdTayMsP2eJQcxg8OSSC5PO7jAHTn8a4Tww2zxaVUkD7PKF5K8Y3Y46jGcgc/lzavb6WZXtzu3RqVVHHzrg8jcAByucFcZ6jBOKq+F9//AAktq2Q7NbuHzyVA57Y5AznJx6nngxDnOlOT1bs+ez0S5VZN2+a7qx6ma5gsdi6dZzbk1Tu3e7sopq61TtZvzurrRntEBUqoKgs0il3DHjnqx6BW5zkA54BB4r6H8NSxLbwI6HCRqVYgYztBU5yWwDhhjPvzyPnZ2jhiLqSRuRixAAHqDnIyccE45HQZr1fQdZ3x25Egj2R5zk/N8m3KjIUjgHA5br0xjw6caq81eO+rbvte+2t/JLvuUptVFK6d3B6O63Wlt/udrt69tf8Aayk3+CPhTGkW0rZ38m1R1y7KpG0kkrhSCON2Aetfm7r+4W0xBI3pkHoSc87vwIHOABg8kkV+j37SOrvB4U+FM3lw3Rh0+8dY5lVkdVlLFWPOFfGOx6AgdK8R0bQ/hJ8XtLl02C8g8JeNBEQLe5cR2V9NngW7MQo3MAAARgnPtXdQhUn7qb5rJJN8rbTVtN7tX1S207s5cdB1akn7RXcFG1rJu0dLPZPS1rbNaI+GXjKrGeOibjg4J3LtycAkngZ5bPJIBwfcdAUG2t8HaBHFlTk5O1SDgj5SQc49ad4/+CnirwJdeXf2Ek0BdPLvbZDLaPHkYYyANhuPm+ZvbGfm0tGtGhihVlBKrDujByANoGcgjHOcjGRz0OcLEwlCE4yjyu3Vemi0td6t2W1nZ7HjUoypV4KUWvfj2S30aafW6TtdPta6fpenvMHhKfc8pI2OC+QQeOfQd+pPP8Veo6ZGvkrE5VM4dGIwzFsDDtwRgnI+Yrz1GOOV0qx8yGAQoXIVJnUZACAc5984B7kehIz6lpmktfRqwgSON1WPzN/I2gAsM4HqSARu4+b5uPxbP5JSrXfK05cvez3fpe2vTdbn7FktByWHnFXXKm7u6taOtl0XKrpvS/SyR3+ksbPRb+/hvViks7GRlbcFmEipkGJgQV+Yrz8x7kjmvG/An7T2oQX8+h+PdHtfFmgPPLCJpIw9/bxeYVVvMZXZjGg428E4BwRzY8b30ekafeWVjdSzyy2bRSSIxIRNhJyOgJ6g5zyT6kfI2gRSS6owUOzL5rNk4Ltk4LdSQR90cnoOAK+o8OpYnCYDMa8a042alCDfupRXTmfVPfstO543G06WIx2XYaNOLcbxm0k7uTja7tdWfRO133Z+hOv/AA88DfEuyj1X4c31vb3U6l/sEsiqQSMtFPCSrIR0BA5x16gfPl74d8UeGb3+xNb02W3MLuqzmNtkibyqlXAUFTtwMnkdsDIxfC2paloeswTaffS2FwixyI0MjKoGAWV0DBTkjBLYPX5jyD9maH8QNB8UWg0nxzYRzsUQDVFiDrhhtDuwXcJA2csG28cgjGfo8ZmuBx8Y0sXF08TPRV3Zxlfl0bvrZ32em2rucGDyqthW50JycI2TgtLX5b6dV2Wjf2fL5Pi0S51Bw8UBYxlleUEBB8uQAQcE4ORtxnICknAry3WbU2WtgoGSSKRYyrg7SGIbocbcnnPopxyCD9n+KPAF9osc+p+DblNd0CUtMIrfa88O3kKyD5m2AfMQQMjrxXxx4qlvJ9ZeeZSkjMPNRlKsjLg7Cp+ZcHk4JGcFTjNcGDyytRxDm3zU5K8ZQ5nF3as7rfSytv0uysbiaSpQXvKopLmTVrtWT1Wt3Zd3rqnHR6mp+IJl0m+hdg++zlQ8YZU28AnOeOgGMYznqBXxGt6VvLqMAYaWb5sBsHcMg4IIUAjjOWz9cfUmpyo1peOSCTbOuAxUbgoB46kDJ6HcD264+S5ozFPcSLlg7ygsp5ABPbJ477TkdQwOTn1qdKHLUhd3knvvtFX1asrX+7r0+fzWq5zw8tLL0sneFut0rWT000suh++/7E+srP8AB/TWLr5VossD8Bm7DoADyRjOeT19vTG16O68ZwRRunlpMAWYZV8MQV6nLA99xODnHJr5b/YV1m7X4cXGniwuL2BUuHSWGMsN4GAhC4ACgDk8qRwegr6e+E/gy+8Z+OtQP2d4nspJJo7WRgshkDEqpjIBG4gj5jx1z2H+cvG/DVWlx3xhjKiir4mc6KunJqThq0/NpdVZn9TcOZlGpwzkcKb09hTjOyd7xS03tuvlrpfQ/Fz9ruQyfHzxsQQ7NdAHOcDKqCegwvIGMDoflFfOMUaswLAnbnaCCOAPu4GM568EcYweMn6V/bDtZbf9oH4hW7wiKW21NopETkqykDGc898cc4PGSK+bRC23L5zwM525G0DoOSfUcZHU8cf6JcAOVPg7h2nJWlHKcFFp783sKSWlrW1vfzS0SR/JPF0pf6x5u7r3sdiJLXXWr0Vn31S+VxGt45GUFZFBzuJ65BwRgkjB+mOpAHWq95YqIZGGdwjkw2SVVdvDc4HA6Z4zitJIwxU/MAAVJHI9Omex/H5R+LbjLwyfKQgRkLBtwYYPUY5yO2O2CB1b7CTkkmkopJ/K7vfdW7P56XZ83GWytby16ta67Kz06deqOH0OCTyyGb5TM+COMnJIDHtyD74/Cuqt5LuJWWNtpDKAucHA5PzDAHT5cYGMds1leH7cvbyBUziZxubO7IPXd1GMA4Gen0ruY9OVIcScqQpB25Ls2MglTwv8KjgYxnjkcWJlBQjKorvst2vdtsur7btKx24eU1NpNp3vdaWbte616LT4ba9WmqUOsXUOxQ86Pt5ZZSoBBPAKkcn29SOhFd3onj3WNPeI2esalaFcE+VcyqpcHGcFue2Rn9BXKf2agZCVKYQYGPl4JzkA9ecg9sqxOeKWOxUyKWDYySABwM5yQeM5yOCOASTkfLXmudOS91uLvtr0tZ+n37fJ98as4Pq9EtU31V7fN+Vuzdk/o/Q/2hPiHpj28kfiGa7CAoi3jebhcdOmcHpkksTkcAcey6H+0H4j1KD/AImmgadqqyAM0wgXLAfeAOG6t1yTnncQS9fCwtthHyhlGSo4yAcnPPTI5yeTn16fW/wPsILqayikh3Ca1kYK4+TcD1wQcf1yMnGCPKzbNJZZhZ4puTjTjzNXt/K23r8n1umrnr5TSqY7EQw6bXNZXabTb5Ur6W33e7Xkmz2CL4gfDfW02674Ht7UN8s0kcC5UkfMwwgOS3TnJwO4rPuPCH7PPiJmVBLpUzqSzAtEikqSOSMb/p2HOS2D6ePBGh3hjW6soI1Bdi0f8TBuuBsAPOORnP8Ad4qtN8JfDtzIHgjkQE73GOCCCcr8oI688jPU9CK+FpeKmFhb2nOtdd7LWN3Z37LS2999n9lLgytVi+WFObWlmrt25ddbLVPXdbanz34n/Zj+H/iGwZvD3jW0iMUiyxx3cqMBg/KgBIOT6A/dyORkVx91+y14utoC2m3NjqcW1QpgkTBA+7gA5yQBxn0xnkV3Hxu8DweEPD1lc2F5Mkl3qscX7uRkkC7sgKwODt7cZPcEcj0Twh4e16LRbG90rxLfwtPawyvHcSNIgcxgngsRtB9RkDHbFfQw8Q8ujhKONnUnGlWk6cXy3ty8t27va777beXkT4OqVMRPCOhFThBSfK3bVp3302s9+m6at8g6r8DviFpodptAupVVh80UbMu1ehzjGOT8wOduT7V51qHhLXLGRlu9NvoGUkFHt5FVMDO4tsY7iccE9Mnpkj9KX8Y+PNCtj9rew1VNrgiaNQ7rnaARg5LDkMV3cjgDFMs/i3oMhEPibwZa3rvgF0gimAUgBsrt5x0z1BxgHBr3MBxpl+NjGVKpGcX1acb7dttHfbqk11XlYvg10pOMoezs3vyvqtL6NdtH8u/5e/YpVaT5XBGA24fKGTIA+ZRjOcr04zjPWovKkjyWUkOvzA45we4B4A7nqBkDghT+pdzH+zv4oyL/AEKPTbiYM0rRwmLYxboGXC8Zx3weeTiuVv8A9nX4S64Hk8O+K4rBpctHBNMHwxIwpBIwo6FcNkZUkk4PvU8+wM4q9RJPz2+G2ifm1ru7PZXPn63CNeM3KndtxSjq7tJRaTWzstNW7vqk9PzjRGbac7SwG/jop44PAHQ+pIGVyM5JFZCuCCC20E4y3HfOO+NvGO/QYr7h1L9knWQZW0bXdM1KNSAgYopOTwF25HOcdenfkV5frP7OXxE0tjnRRdqrOWe1kEnC5wABu+Y4745BB7Z7aOYYKo044iK8r8t72d9fnvt53R5eI4fzOmnFU5vRWa1bXutt2bd9GrdNtz5oZPm3NljxwoIwcHHGcg5yp468kDvx3i2BzZQs2Di5G3oMDjgEdcZGT79ScV7tq3w68WaUSL3w/qVv8+ATbuc7d3U4G4dWzjByCCRivJvF+l3FvYsk8E8bLOhKSwyIQc/MSxAJPAzwCfu8DmtqteMoS5akHddJK2nLr31d9tejtbXiw2CxWGrQ9pRmrSTnJxa7d10v63d9NQ0Q7bNFYBR5SBcgNyhG7JPJHOMj2GQB82ywYgMfukbwMnJ25B+UHnA5C4JA4Oepg0q2AtoVd1xHCh4GNpIGM88dQCADyCDjrWw8AAQBDgHllPAPGMZ53Z6Dpx34y4T0TdrtXv1W3Zd1u3f8L44ijUlObtLV266W5bvbe6Wvf0sU1GY1I4AznPUgHjAyMn0Occ8dMU8MpQAKc52qMFBg5znvhfmzzjB+XNTAxrwWGQT8pVshSM9hgnk/MPu9OKjKhiTu+RscH5cYY5KjJzjGe3XkfKRWqak9X5fK2j3VvS3pfrxyoST95tJtKSSjZrS1to3XS26b3vZ0JwQoQsvXAGMgFu6tjkde475qsYgrEA4wBgjP0BPcg4wMdCcYGSa05YI2QgZXadwKg5JwVzycDJ4xk7c5wdgxWaA56DbnBAOS2McDIPfB6A8nHHApTe19X166KK3fdX6rb0B0oXjfmurWer2sld6pdeiST6aESqdrEkDBGGAxkjqWJ/hOME9B6YzXuX7MzeT8b/h2fkXGvQMr4OdyyIc8gZDDcpHBz75B8NlR1YgLhVZQd30zg4JbOOcg8cEDHA9q/ZxkWP42fDz5eniC1ALDIw7oGJbnoeRxkcH2HDmEX9UxK5km6Mle709xaK/Tdp/+SpHsZLF/2jhE4t/vqbte9+WUHHRX6tvyvsfYX7fkv/F5kMrAyf2bauFHAwQh7HBHQ/3RxgcV8Da5MzXT7RtBRM4yc/IOpP5qDnAyOckD74/4KAxKnxphIlRv+JPZttGMJgJxgep5z26ZIyB8C61uE7qgyFVWZuqgkHkrn+IZOOMdBnGT81lT/wBnoe9d8iV+jei2Wl9e2/kfbZnFLF4lJSTc4tbu2iTXTpa11dO/kYQmYFVIUIcckZyx4J5J3cdBx1wfaJoGWRwCCGICtnvjPJx0Ochc5znjBNI27ci8hdwPtkcYII4+Y8AYJ28+plc5leNUDiPDs4bA4GeM5PHzdehBznFeu3+du21trb9ddnbtdnnbp99LPy08uvV20106j2VlYJli2VZyq8jIGemM4+6funj5t3bT8hHjQgF1OQOcvuwDkj+6CAFyD1x2zWOsjuC3GGbICngOO/GOABwR1IPTHOoGAhUhhuL46kZOCWz0wMAHnrnALVlJ69PTdPRa33b2eu2goxvq03bpo3oku3yu91byK0kSSKACofADbSFO1f4Tz14A6c8Z6DaturK2EaRH5YlXZQQBxgjGMYwflGTnOaaXHy7GV1+ZsckA47NwSOvP8XsMVDDI4LZZR1bkZ4/hUc4wOv3ehIOD12g3G2rvFp33d1p1adrL5267mV2ndOzt0fo0t+z2fS3Q1Itb1WxQta6ndROCAuJmIbrlepxjAAycdQfU6Y8feJ4Iz518bhXJV1kUSHaQRwSAcgDk8DkZBPA5LcHjKlRuLFtyjg44x0/U5x8xHJJqtfEJaOVO13I28YIfb0IJPXnAyeMkj00jUkmmm9LW1u7qy66Pbb79iHVqTundereusfd67NWaut+qvb7x+Anh6/8AF3w2vp7JStyNbkuGcjEYGDJIOBkAgEZY8DGVBANctc698FTqN7pvi7w0v9pWk8kUt5EhJdtxD7SvCtvUkAn5ucc4avpn9g2xik+Enii6nAYN/aaxjO7EgjIUgYxu3E/QZ296/Nrxqok8X+IYSPmTWrlBgngLO+CCCGAGfUj6dTth69R4mpSXuuMYtyt5Q3WqT189LLTVFY6f1bBYeryqXO2veutrLSzavrdX7aq10fU8HgL9mjX4xJDqs+kCUkFXkAaJmI2/LtXaFz9MDAPzZqo37Nnwz1h3Hh3x5bFCmUFw8YVjkgAksMD7oHHJJ9s/NFrp8jIXAUoAqZV2UEjAJXHXb3yTgAgZycbyxX1rCQt1JGhO0eW7I6hslSH3DqMZ9+RnnGnta1NzTlKaem2unKrLe6v1sn0vbQ86nisNVfv0o9Nk01t0vpdXs1q3rfXT1S9/ZK1YzOmja9pOpBckrFcRKM/wjk9QCOMgnnJFcLqP7MHxKsDmLTI7lFYhmt3V9xxwCI85LZHPPG0dxVDSPEniGyuikGsXkC53FxdSZYADgHdnI98ZI2gnArfHxm+Iej3SrYa/dTQKCxEzl1Zs8ZDDoBj3/wBrnm44iq5KLjJNa2aVumjstNOqV7dtCpzy9q7ioWaV09dHG717rW1rbfLzXUfg78QNLZzd+HtQiWFT84tnK4BOATtzweo9vmz1riJ9C1yy3LPp9xBsPJeKVAecnO5cEjA56k52+h+ttN/am8eQo8eo2llqCFgGEkKFiqnAO45HIyN2c4AzwOeqtf2jvCeqK48TeA9MuBIoR3jiiDZ2gMQAvqCeCPzznphWnd80HptZrTbXVPtstVZI53Ty+s/dxEU1fSVlro7pPV2bvta99ep8IA3cbgGA7QSx4wGGCFIHHOCM+vTg8lzXTBW8yPeAwJYdckjg456cjPAAOADmvvWPxF+zb4iLvqOiT6POwAHkKQqEj7xzkEHccAYI5wOCA5fg/wDAbxKpbRvGKWDS5ZVuWVcMwyAQSOhwBkDGcY5IGsK9O3vRlFtprRNNK2r0SdrXu9V07mUsso1LKnVpz1VlGSf8urV9LvY/Pe7uYpoJEIIwpXaAEBJByCeM9scen1rl/DKBrq6V2CFnKgNyBk9yeOgBwMAkdulfotc/sjWGrhz4f8SaVqSIHZcyxxFiM7QDuO524Ix0yQMjr5vqH7G/xE0USzW+lLe+Y29Dayq8joQTt+UnKhTnBGemG5xUuVOTTVRNL3nfR3utr6PXz2KjgKlKlUhGDlzWXuttaKLvt69Xqr21PmxbdCN3nL8rEKi7QMs2c/7QOT328kc8ES/ZyGjKshJDZCt7/wAOMjnOSRnBBwPTvNZ+EHjfQJJFu/D+qJ5TE/NbSspxx94Dpj2J9OoxxMun6rYyA3FncQMCcK8LgY5DYUhR1IyMZHT+8a09pK+icumjTV9Oz+99L6bnlywU4tc6lHW60/w310/PS6SVyNbV8sxDOAQyoCWOOhz65w3HQDI54y4RSKXIQnacrjnqcEnA7Hg4wD74OJEvLrDK0ZVuFLAEEDIB4HPQ8HHfA64M6akF3jaS20KpC7c7tvLMR2HGGzkcHGKr2lmrxelrpqXTlTu77yVk9Gkl5XXO8PNSSi2rNNXjvZq12mrvfv8AmUd7gFGUfN2CkDI54J5B46becegwZ/NRVXBwAv8AEPvEDkAj5gPQYJHfjNSC5Rt6llJZ88rg7upHHAHXDAnOcHsRAwjLAhlyCSy7QCfm4OOuB7en0NWmne+ndO+yS+/rdJapXa75WlB+8rre9uqS89tNVfXqyZZothym5gGAz90Zyw2HHUYPDAHoDTQjYjYKzBj94Eg8joBgg+g79c5xweV90DcQzM2MgMD6gHqQD93njOB2LXjddgjckEkHeOcYxgbiAM8E5BJ4JAyKSTSS/wCGT91bO17666N9FqQ7aJXutHdNLo7paS2vd69GuydIrLuUFcO4AyvIUdQeSRjqPU8Zx14uVyuvnI3HyyEDAcgBeN3OOSAOTuHQD7tdcd8YcMpJwQ5ZScbTnI7nHcZz1yeWzxU0rSeIlkJLhUIHBBwBwQvY8jgnjnB4AOFSLsldfFHzu7Jpvyb6fLQ9DASXPo9oN79kl8r2V3vre7aueT5I7k5GDk5/pxn9PxppA5JI5yFzjjOPzOPXg+nWgAcc9hjtx6LnPJ9OT0pSowpJGc8jPKnP48HHbNeEm1qv68j6YQbgMYx0GMk8jOc/Tjj1Ixjs0kbjjJXueg4HJAww4/XjoDipNucrnPHXqR1JBx3A7kHI5HPBQD0A4H5Af57U1uk1orN69N+/W97LXTdO7a+fZfN9f8lr8x3mMVA42gEdPw/i5HqccZz06V9rfsO/AL4OfH/4rDw78cvjJpHwW8A6bZtqGoeINUAMl95eW+xWWSCZnHAAGdxA9APifODgDjPBJHI75GM/5/GrccpRVydwGQq59/oD1weDk89+suOjs2rrdK7XS+tl08+25lXpzq0504VZUZSVlUik3HVO6TVr7pN7edz+kHW9U/4I0/su3T2vgrwV42/ar8TWsRVLzU5pLLw1JdxHG5GMbebbvIM4PBXIJrxjxn/wWI8V+H9Pn8Ofs4/s2/Ar4JaaFlt7bUYfCdlq3iWOFQVRvt11HOolUdGKDLhjx2/FjRPGWsaOQlu0QjOEVJEWT5eMgZHBAJ5K/wAXfnH1P8BvCCfE7xJFdaxpllLpcLK9/dvLHCsYJwIlRiDIzHhjzgY4bGDn7KMLzcqsrW1lNuy0atGNkrvb1fXU8yGUUl72JqVsVOTTftqk3FO6duROMLXv9l32fQ8A8aap46+LvizWvG/iWG41bxH4ivJL3Vb+CyWGGaeZssyQ28cccSqThQgVQoBAwAK5nU/hx4o06J7ifSruOKNFkZ5xsG0+g+UY9B3PqCa/XjxhJ8M/h9YNa6edEiFpGI5/KiiJjRRnrglpflIHIGT6HFfG+ueI4/H+sTSyTy2Xhe2BVI0XDX7r91U2r/ER0wc85zyK2pyUldp2utXpppazvddvR6K+3dGTiuVWSSjFRTfupWWmy00SitknfQ+J4fDmrXEvkwWc0z7Q5jjRmMYz1Y4wAc5zkAA+1Q32jX+mFBe20luXB2eYpG4Z+8p/iXIwT1HpzX3v4Z8NMySzwaXFZWKZTzJo901zFuDks4BO0Rrkk564ypIr5e+L2t23iLxb/Z+j2yJa6ey2MKQYYSXHyqcbQGJ38Y6gcjg4I4x112Wqa1+y9LXVm9NdUnZ9SlUlJpK1kua99baJabeq+fe/m+g+G7/xDfQ2FlG3mTSxxiRoyYkZ2VQzvyB94d/qBxn2bxB+zp4z8PWsF2UTUlnVNqWal3VnzgFTycYweDknOCMV9WfCv4c2nhDwXo76lb2kmsagVvriaSPdLBwXii5yQQCrHHIYAjqBXtdvsvHSWRi7LtMcjMAqFBgYTI3MvGdvpyTxjO6TjJqOlne+r1jZu2npba6vZ6D9q24pLV6Jbt3subRXW+ltddd0fnp4f/Zt8e6raveyWsdlCnWK6dUdiOVBDAEBgCCQO+M9SPoDwB+zno66Z5niiyS3vA2FubeTzFeTcCGC84AAxk+4HIFfUrJJLiFpkVdm6QKQhKngZwQCw6dDkYH0sWmk26RhRdOAxJEJbL7sk5AzwpxycHBYkelY1asn7qtGzWltturV/Pffc3hTd029tNLpfZtda300W213e9lD4Z8I+HPCViILCGXzo3V45Aikhtud7SBMnnJxnpzjOa2X8aXPh27tpxq1yjRHzklViZA5Hyqu3G0KSM8YwM5xzW7p1uIIFiEYuXkb5cjLgkYwT0wMnsK0o/h/Hq5kM0OPmXMzjBTodkaEjoW4755AzzXm4hUpRcaqjJPRqS0fwvV/run5I9DDxrSlH2UG5waWl76cr3TWul7tbppWvp5rrfxd1rX9K1DTxa3VxPfyslzqMjZLxrnailhwH447+ozXhGgeMD8PfGR1u88HNr814jia2vYjJbwg8JKgKEZX7wzjnqfT7w0/4b6Pa2/2eX93bJuIO1fMdhnnJUkNkAHhcgELjgmk2geDtLm8y/msgzMUDXscbYToFQE5diBjAwQD0zivNoQwmH5o0aSjzP3uVR6NdNt9FJ21+89t4HFVFCpVqKDjKFue0ne8b3TsndWtdJ3bbuzzSL9pf4cDTpdQ1jwBbX+sWkSOlmtikUVufR5zEQSOygE9M4Ytn6R+DnizQPiNoVz4oPw70zwnpWXit7me1iNxdyBQCUTYrbG3fI4Bxg456+Izad8J8311eaJaXBt284s8flQ3EincCGBIKrgHbgliVHXFcXrnx51LyfsGgWsOlafbxm3tTHtiijjiyoKoAqkhcnJ5JxuDZzSdenZRi3GV/ebd+qWu99NHp6NaHZTlKg1LETpuMY+7GNNXk1vKT7padE97pJM+yvE3i3S9Os2js4bSOWJG8tUAt4I1YEb5SCAWx1JHPOQDwPjjUvi1oUfiOSJ7Rdeubdx5EEDstuJ9+Wd33EHD87jyMegIr541jxz4h1KSQXOtST+bK0jRJOEHlqc5cZ435yo4UgADI5XjbjVbK3Im+1R2clzJ5bBP9eRycBwRtLEZ9R364pQnGOkry2S0XRKzbUWnq1a7669jCtm65oqm1BKVm5crTaUWtEn/AMC2x9qX/wAVfEFuHuJLnT9CikXalrFcrPNHCVG1I1BI8xhgElcjHXJr5S+Kfju51+yu9PW3jy8paSWSRpL27jJICvt4jj5yF245IPBNee31wbq4WS3vbu5lYgJHLOVKMvJdyzHqCeq4+Ue1EEgsp0vJokuJtoQRv+9keQZAyhzwT07D73A6dNOoo+8m09NHs1aN2rJO+t7WTb8m7ediceq69ndNOWjTundpXSVrNvqrWtZXuzz/AED4Za/411IWGgaXe39/K6Ja6Tp9rLcXt1K5wEhhiRnkBJxwCADyDzn2sfsH/tQzPbGx+A/xLka5Zkt528O3wik3cgKWjAUEnqcHPYNX6+/8EYte+Dnh/wDaRvPH/wAYfHngz4eWvhjRpG0aTxTZw3NtdXs6kMFSZTGLiH70eVI3ZA5ya/RT/gop+3h8SvAupW1z8Ev2rvBfijQr6+lubLQPBGj2EFzo8LsfJa5mETF92cFVwBgEjrXwmd8ZZ1hs5hlOXZbQq02qd8RiqtRRlNxTkoxpxbUIp25mmrvWzuz7TJ+DcnxmUrM8yx2Ip3jObp4eNNrkjKMEuad1zP3nyppqz0ex/LdJ/wAE8v2vbnUItOPwD+IrXkgGCuh3CgAHkDcoAyvOSVOOc8jHjXxm/Zg+LXwKtLKf4n+ENY8IT6hdyQWdvq1t5DXDQrlwhLE7wuCRjK4HUjJ/Tzx3/wAFH/2xdSud9n+0H4oGoO3Ih+yWhTAO7DiEfdB4/HHIGfz9/aJ+Nvxb+LsGnT/FHx3qvja8tbtntG1a4Ewsnk++yYACs+W+b5cbiT1JH0uVZjnuIqw+t0sFRoSeqpTrzqNONrLmUIqSdtdHbRJux8/m+W8MYTD1f7PrZjUxKUXB1o0VSTTjdXhJyctOu+2iPCNA0DSrayN7eupmZC6RyY2DPTI4wwIIycAdOCTjFubmyN84srcna2yONTkM3IJIXtwScnOWGOBx0qPELdPtEbYVU2ouQCWUDewHPDEYY9BxjtWfapaWt1JewxmaSM4UtgJz1BGMZVhww6jnrX0XO+aTu5O691NrtdJPe/59T4OMuWU7tySfuq7WmnTZpWv6LTonBN4ebUQFSMW52s06syqzDaGyVwDjAA4OAWHUkV55q6Q2rC2jG9omKuSPmUhtp5GMqMcbceu3qR6td6mJUnuIYGG1CJ5F43O3QKVX7oJGeTxuBGM14rfyGWeY4YEysXy2WLc45J5A+Y8ZyvuAR1YZucm9krWTer+F3Xy1a899y6E7qSlq9dVe2vLZu6TTu0t7N33d7sjkA3Z3EH5ucE84PXHGAOBj73OeBiWFg17aZIVRc2wGcdBMmM9hjpx/jigmXKjupGOmDnrx7+mBn+8OauRKDd2gwXxcwHODwBKgOAcFsg/LkDjAByTnu19df1/Rbehufvr4HCv4N8KIuSDoViCVIB/1KZODjGcZzzj2rtlUlFYZGzChc4LE+meSAefyPQYrhvAsgbwR4V8slCuhWAGV+XIiAAPJPQ8g/dwCTxz1H2mQBjlXCDjrwB1J6gnPOBx/dJGDXbBuy726q9rW6q1+zT3W9tn2twXI2ukU7dXZK3y66Xu92kF4UKSeWuX2yBsElR149ScDdgnjqScjPBaVuhkuZGRQFZg7DrnJwAPTt3I9Dmumv9Sto7eVy2NsbFgAQ29gDkEE5GRzggH1BzXI2esWi2cqRgymQjLEYKlyc5Pp/snIIycE1DjdppJtJfyvVW6a6W3b67bnNJxf8uz7auya+/q+uq6lfRmaXVdVkJErb1+XGCFJz1HYL1K89OuCa6reRvZjiMljg84xjGBwewxliePTrzHhZYpdU1R/NBY7G3HG05xhVGMlRgcADkdM9ezmhUh8oSgBDEDBwxXgZJwc4+6cAjHGa9PDRVk9tVzWeu0U2rPtpbRXeurRzVXy+is312Se3Rb335ot2vdWzXBbYQWkBYElPlA3dPlIHTkN1zz0ycySnYIyerJtULwedozwDwR1HY+1V2tykh8l2X5geW6gg8r2OR0JA9Ruqe4KhI92cBGALDPPf6jngjGTzjAFfS5WoqrGyfw66Xbu07N6Xaelmk1s07Hz2cVE6D6L12do2V/zvq7vW+9aV1IUkkEtjI9QRgNn7vA5OM4A9FqrKwQEMGJwSOOVwOpwQCDwcnA5wB6PkDmMEHGFLY/2ffsCBgADHueTupqxbdyVG7YOhY5yMevUjHB29819lS5VD4dPPzStbeSa3aUXd7KKufGVJ6uKd72fRro7b2e3W97W1vcRpgMrwMDgsNxwc55POO/OeRjoKjMmSWUkK5wxyOdp5zkYyOcfexwOtWEiDBS+QASSwxnaD0PYsflxkY9McU4xxx/dCnKtnIIwpzj5eMnp36e/yikoP7LTj0Ts2tGtbLtvo+js0rTGSbSXfRd9Yvomkuisns1pqnAm5wuANucgADIwOx9SM9h269a2dK3m6hUkbxKuAME8k+wyeRnnK9ic5ORuEeMZyWwDjAAOAce4A5wMA/jV/TpD9qic5LrIvsMZGCDnk9SSdzZ4wAM1nWj7smlvF21Wy5fJLbXfbXyOmi4uVNuy96KvezabTbtZddbJ7XtbZ/ld+1LuT4x+J0AVSGiycA5JjUtjHByQOgJB65GRXzqizS/LGAerBlGDnOBt4GRkqCB6cda+hP2mZRc/GTxSWXA8yEAbsYyiDvsJ7dRwc9q8ttrKK3tYZPMigJ5ZXALsccFTnIGMY5xnr0FfiGY1YxxeIvZv209Fa7u1fstm1o7+iufp9L+FTabScI2X/bsX+H5/K2n4S8NQXUUl3qhdCEYoGbLM2ThW5IGcYwecdMDBPav4d0SSJYkiYySkKHyBszwBnCkj0I7HGQwNcDb6p9kWSTzBJD/Cpc5LNg5AGcE+mCfpzVabxXdSP5aqcrtEILNuUk4ySCDgfw8EY56gZ8WpGrUqJxk4rRJWe75de3TTydwlGUr37Jq7dviWt+Wy0uk7P57r12y8Jadp5iWe5EFqoLBAyszPjgOMn5AR9CB03cGvrGjeGbqZYbWJHn8sGWVeFwMFWXoCcZypPcELyAPNbLV7ydmWa4YCMbi7Mx7fcDNu6HtjjnPNaCXckshuFkVyWRFVCeSCAOAcjt0JyTjAzzi6VWMub2km07JXXupKKd31aaW63fS5nJ8vK0tW1e9orZaJ9O7bWjv0vfbuNFgsGE1hkr5Y8zKA7QBvZTyQc9j34FYF5c2BhfbEHuQQSSoUpgAEhjgcHGB1OM9SAO/tLK5a0DXdwkMMoZjyAckfdKscgcgHI656Vx3iPQoLFUuIpo5d5UmFHyRlC2cljkZyR7AcEniqU7tqXM5Rdk7bpOPXzXRdeulghNtrmab2X/kut9U+j6LXQx4ZGS2EjMxdyV8sAggL0wRu5Y7TwAcE4AHWheTXN+0dvEkrPEvKRlnZ3bA7H5uecc9uQOa6DQfC+reILiKO2ZUSQFjI5wEA6gEgAsB09TgkcZHu3h3wP4Z8HoNS1a/guNQUFkjlCuh2ksG2k5JJJOAOmcAZzV1a0aFlaU5O1krS1921nsmne8nZtXtrqac0Ytq15WT0Wu6s09NnbtfpqeC6Z4H8VXtssraZcJasdodl25bK4yxOWHPzHOT8vOMAemaP8Kits8+sXUNq8armNgpZUIDM3JHIBwCTjt1wBs658V7dBLFCQil2NtDbqqRMUBALMcliThhz0yec8+P3njrWtVM0bSvtlLAqN2WUD5Yz256nHAAzycg5wni6j5m1Ti0ttZJPVXWivvvu3Z62MZSnO/LaDSXvNLVNR1a7qWm679dPcbc+APD9uLaAQajdKwZpXC8NtGGJxj5QuMdh0znnrYvE+h/2SGgt1nklYgM+1SpGehAwcDGPz7V8v6NZalfSNDHHlyDI0hyCq+hJAzj0yTt6c5B7JHbRogkqE/KyKJGyGZgcuqgYIHCjC889elceIwyn7rnKcno076JuL2v0Wj79b21qEJpL39WrN69eTZNtXet3sn2Vrb3jHWbI2TxwjKMWLMxPzSMOnJ+YAjgcEcEfL08GMyK7IIjJISWzyBt3HpjjGPrjOR0yel1ie8v98MJkeEPgkZGGyOw5Gd3ADE55A5GOY+xXFrHvldd5LKqKSAo+bJyepGP5njOB34WhCjGN0m9E2klZ6W1utE++ltexqrq17rZPbRaPZNd9LdLXuZlyEllDAKCVYeWr42L0HTgknKjHQ/QKaBX5t+1ndMhiCeQcA9sjvjqRgcdc2ljdJAzgMxyQ2TkA7hyOpxwO/BrptMW1s4nadRJK5wpZR5S5ILsSRglcg/UdOx9KMlZW33V7PVWX33+J2bVklcaV2lddPm0km+9+j1a6LdGbDp0bRi5ndooypwMncWwMhvbGMenQmiCOCWdVbKQ4KlhwRgjhefvNx79uap6pePNLKEkzz8q4IjGFGSAQOowFAPJ4OSFxVhkmlww+VI9u+QAAEg8HaRjPGBgenHSh3fkvS99ttej11tqumg7enn12109G97a28tOquTbWcYgt4lbzFDMrKGcLk7znP3sZJByTzzwcbuj22kG1kmvXaIu4MMXIUjIDFs888KPmznI6YNcC0sxuRiU72UHcx524446BSOSMctjvmopLmZRsWYMiHdknI3E4xtGcEDsfl98VLhOSfvNr00WlujutF07+gnrdX0vqvW2z311Xm+9kerT6Tpdy8d1BKYLbBjVWGSxxjeOzluoOOOPUmkvLiXRIorayvCICNzsr4Ys68qRuOD82CBk++a4q21K5ltwJJWW1TaFALbt+M5AxjoTlhwBhuTg1mzSyXKyK8nyq5Cb2JyxPXI9D0GCAQAc8VKp3evvJfj8Lu7a2urNX8/SFHT3vK17f3baa9rbr0NH7bNe3xaaVWUsQc5yACcYB+XcQMksvOcjkACpfWsKo1wg2MHyFlJGB1IOfUjGTjlsDqQPT/AfhTTpo2u9auobdkjMkTMRs2EfeYZGHJJCg5IIy2elaOvWHhhrZ47VWmvAXCuwyJVGfmB44A5zjB6HHBrmdeKqezS1XWysvhVvlfSy1s27dGrRV1o3Z9F/Kt930u0u/keA3bR28JZiDI437QwOwk4AOAcjkk89T34FZMbtksdzEndtb5ggJPPABHDDAJxz1ABAsaxEYrt4F5AZhuUEYAbjLYByMYI6dRjrVCAMzNGCN7jAUHBwvc9MAd8YGOmDgV6MbOPNsl3S7R/W90nrcbb0STbf3pO2mz17/ACdjpLWCScGKAyBnQM2FJJJ4BUDPAx378ZB4rq9M0C9m/d3LNGZVVIRIpJx13HIAUckD35J65seDLK4eR4ItvnvCp81k3RRqVByWIxyMcgc5GCOleqR+INL0y1aGN7W8u4x5c8z43RkEDK5zkqNwUZLHGB7eTicW4TUKMed+7dp6JXS1S7LXTZ6t909Ukt+kb/4d4p37baX3Zwo0rSrIxo7Fri3/ANfJKAUGOenQkEEAHgnqBjAoXGpRAjy1VYHc79p+dgvyqUUHjIxnJHQ8DmumYJrLXMVmySJNiR5cqCsh4CZ24AxxjrxnsBVZ/DdhawMZbr5woWZuwJA2IpYe2P8AgPTGKiNX3kpt8z1st43ate7em70dnfWwkrWvoltvfSy630+66s9to9NktZVd704t3UMhb53VRgHCHoW444DcEYIIr3bTNTlXTLPT/DWkIs0sQQaisIQIWXhmYDknknkY7ccV8+6K9tDdyJcJ5tvK/lJ1Zgo/uggnPX5hxgYHPB+kNC03xX4mt9J0HwDpOq3d3NKFWK0s5LmeRnwpWNYkZsk5UZ4G44BO415Oa4avVcXB3hdO0pyUFe2srWUktbXS81eyPRwlJ1m4Ri27JRjFKTbbV0lvfd6d7J2NPRfDPhyCSK58Ya2mratD/pEdkJitvH/E0UnLA7Ojcj0GeM9JdfFCztRPBoWnadaCCAwFrSBC7YG1QihSZGchQSOCeeOh+3v2fv8AgkF+1J8Z5Yda1nSB4M0O+KNJfeIA1verAxy7R2kgDbdu44545HYj9nvhB/wSV/ZM/Z+srTW/itq8PjnxBa7J7u1u5FNk06EsRHZ7mY4K9c/QYxXi/UMNOovbV54mp9mhCTUIr3V8EXy2Wid276p7H0mG4fzCooylRWHpJaVKr5ZW9zaLs3s25Xu7WfU/mq+F/wAHPjZ8edRNl4O+H2t6q99IkI1Q2E0VnarI2ATKyLGsYLZbltucZIr9hPgp/wAEQ9WvINN8QfHTxZFpUASO4k0bRQpuWLAO0UkwbaH2fKRtyCSMZBC/sHffGD4deBdIj0P4R+ENH0OysVEUDwWEFqiIihVctHGHboCCXJGGJzkk/PHjb4tfEfxHE0lj4tu9Lu2DGKKMO1orkYG5QvzKucHr324wCPosvyfG1+WOGw6w9NpXnUV3urPRaWvotvk2dkcLkOWvmxdb63VjZuMbcvNdPvbVr0stz0D4cfs4/spfs0W9tB4a8FadrGtW+0f2lrMUd3cySKOGZ5VcDLc5xgHpwOfQPEHx61eYHTNBhtNItY4ysUdhCkYjXptXyVVVZQMY7YIJzxX506j8Qvij4bufO8a+HZ/F+mNMC2t6IzGaCLOXkltQS+AOSdw6E/KMCuutPjz8PEsVudPv3luNhaXTZEK3sLgf6qSFh5gYHOSAT/DX02B4QhGaq4qcq04tPkldXXMr2ildrrZOzsiMVxPh1SdHL6UKUF7q5UlJfDo7K7fe261V7M+ibvV9c1ycyXlxc3BYlmaaZ9qZ5UFC2OMAcg5HoeBnX8tpp0Bn1G+gtYlGTvkVCy8NwvUDuBzx0z8tfN6/GLxd4tnay8IaPPEsjiM3M0R43EKHD4zwCOduOnB4B6K0+GHiHxBLHdeNdcnkQ4Y2cEjBQMkmMgELznaDk9Txu3A/aYPJKcOWNGlGF0loklpbV3fda3ezfqfLYrN5ShOVStZ3bbbbV7Lzd35WV79elvxH8afD+mSva6JbSazeZMUSwI8mWxtBBXcDlunBGMeorkreP4ufESaPyYU8N6ZNw0037uQox6qCdzEKM5AznPXAx7povgXwr4ZWNtP0qBpjt/0uaFZZy6/xHfuXJP3ip685zkV0xkeQuMiNY8qiqQqhgDwUB+UZGCRwDwD82K+lw+QP2kVUXMm1ZR0uvdb100u2ktvVHyuM4ipRhaE7y63ellZO17JLdXd2tdLWv5r4e+B3hnSHS8168n8QamoV5vtTlrdW6nCEng4OclQBgZ9fWUvrDTIUs9Ot7SwSJDtSGJVCrjGNyqMnoDuJ6+9cpLrIiaeGS4RWjUggEsxAHTG7njr8p6YABHOC+qx3CmMMVVkZmkAznOMfNyMAjOOo42+30uFyeFLSNFrlbkn10cdrq+2l9O2urPlMRxJzTSc9JbNXdlp1Tej1tZq3zOpk1sXAybgSuGLHZkgAZBzk5zwN2D8pOcjHGJqXiKGwbfNHNhyqK7qdu8DAYAgcYOQM44yOhxwA1VLK5eGOFmjaXAlDb8DoRuGMk4H8XUKBzzWR4q8deFtEt3uPEuqafYWkcZdTczxJMcJ1CMwIIyMKPmOMck4ruUKcIttQp8iV23e9rWbTS1u1rZ7e69GcMsRKpOKg3NVHflinLez1f62burp2PSJtZnuY08lvMxtYMAOQMNnKgbcD0+XA4z0qjdX8QhZ7i4t4oIgHlknkSPpy2DIQMDqe2ACBX5/+Lf20fDegG70zwXplxrN5EXjivnJW0JLEbizZBUdeATtwQfX4t+Ivx4+JnxCuXh1DxBc2ttLJtXSdJZ1+RzkRhYtrHIIB5HHBxzXnYrN6NBpUv3rejUfh0slbTTTezfV3O6hk+IrxbqNwhK3xv3kk1sm76362t66n6V/E79qb4d/D+WWC2vk1rU8GNLOxk84RtyAGdCQGY8jJxjqMg7vhHxx+1t8T/GEl3aaZOvhnSZQ6RiIA3jxt0UuoySwyDjoc4JwAPMPBvwU+IPjm7iaDTpdPs3YM2o6mGExDMCzJ5hJz6dzwOgFfcPw8/ZY8L6M9te69G+uajHh5HuOLVDkEkKdoxk4AAOfTqa8etiMwx8rS/c0pN2tpZPl310bvdXfnpc9fCYLBYJJ6VKiurvlltZrb3VZX2vo9Wfnzp/gX4i/Ei832tlrGrzSyFm1C/wDPaBSzfeBkO1VUk5HIGCBwOPofwr+xbqeoxpP4u1QwtlSbO1wQoJBwxAIGc4wfm68ev6Sabomj6LDsgt7eytIoiu22jjjRQoA+ZkA+UBSTlu2eDjPN6r8VfAPhlJrq51a0ZkYxmGB45ZQy8HIGcdeAFyD+ZVLKcM43rPnlf3ubok1q9U79d3G29japmVSFo0Ycqa1STvbTe9tNdbLX0PJfAv7NfhLwjLE9npUG63UO1xdKssj45LMrDBGcc/3SvIABr2q6k8KeFIjPc3lpBDCh3KzxxjIA4CdVBwuSRyABzkGvlP4hftSGRnsvCcbhQzA3DjBKsPTqAB9QO20Zr5H13xzr/iS7kn1DULmVGDMYjKwQknJ+TgEZ5I9O+evTBYWgpwhBXgvspJ/ClZaJWVveaW7dn2814nEVr813du715lay0tvfezd7a7LT7s8Y/tPeHtOd7fw/D9uu13RFvuwKV6MMYDYGD6n86+UvGnxn8ZeKGdZNSe2hJI8m3kaNWRugbHzE4IGQMbgTjg7vFUDXEhmkcoq4Q4GAAxPAAwSeOuQQck9M1syLAsJYMq5AG7GFUDjJY7ecHkjOMnr3462PhGFm0o3strWXLpeyt57JdNN+/CYSpiG9Grb3vpdqzvvp5dXZ6b5099NcBi8krNuYsXclmIPLlieQCSoDAZ5HtWJcXgBBLqsZzzgYz1zwwUcdye/Y8HA8QeMND0hZI7i/ieWMsxWEh3fsF4bIUHsMgEdAFBPi2qfEubUbv7DoFjPfXBVsAgeWhIwS2M42KeS2cjvXz2KzeMZyhTlzy0Xuu/WLt1fa6XZ69V9Fh8qjGKlNq6snqr/Zu9npp/S29a1LXoIC8xdG27VyP3akDPzMxxj64285Lc5Hj/ib4j6XZGWOW9Vnwf8AR7Y+ZK3qGZckAjHTgnp8xArzHVZvE+uzyW13PciRZXQWlsHVUwcYZgBnnjIz349O58MfA/UtS8u5urdIFb55Hk+aU7sE4dsgDnPHYk45xXl8mNx9uSnLztezb5dX97st9Ur6678+Gwyeia5r3e11y6tWa+/tta55Hq3jjxHq0zQaNaNZQPkLPNuMrAngouSck5x6nAwKs6N8KfFvi2aG4mS6uyzAyTXe5YVz2WLuFyecDk8gjk/c3hf4NaFpyRSPZxyTKBmWYCQMc5zgjqMZ4BIBOCCOPXtO0uw06MZihjEI+bcqxQoFAwMjGcKQeM8DHJzXtYbhuMUq+LqqOkW02rKzje7fl2u/vueRWzmVSp7LDxctbLli3quVLlT0tvrb5q58k+Gf2eLK3a3fUGeaX5WKRrtiyAeAu3Jw3djgBQc4yK8u+MngKK1v9J02ytpAVdirIhywzg916EHptz3KjgfeOteNdE0ZZFhc3Vw42qIACkb5IYA8nAJ5yeg6dBXi+vXS+IL+31S+ihtxB8tv5mz5lOPmZcctg9jy3AIOdvi8TZnlWAwcsPhJ06mJsk3B81rcq+LXVeVvM9TKMtx9euq+JjyU7J2lfVJRUbpu/bscF8Pfh3p/h7R4dTvI4o5CUlkNyqO3Khl+V87QrDnHzcZx3MvjHxdbzxLZWSxyGPA88KqgcjoAAFUEYCnIA7nkVBr2tuqzwfaXu1QhY4k4iXby2FU84APPI47ZzXj63c2p38iKhigUsGAAypOcgkAEkn1GSDxycV+WQrVsTN1p1W+V25U9Fs9trO6t0+aZ91OdOhTjRoqNPmSUppJzukr67aabbaWXV7WomzfTpJLwrI7spIcqFO4AnGeAODjB+7nI6Y8wv9W02Jnt4VSVwFVFQYWPJUMW+mcn0IwRg5HW+NIZE0RvspDOmE+UbsDHAJGMZOQT6dhjFeKWekajdXMQCMIiw82Q55YknauOWLYxt6g54NfX5XXqfV3ypWbu5N3VrLV9Pxvs1dny2YJvEQveTtHXo3p70uluaz7X11se/aDrUWkafAlhkSybZZpFYZQ5JGHwSAM4wMNkA5Iwa2JfEWrauWSV57042RIGZ4x9089eQOhyANp4PK1X8KeBbzUBC9zA1tp6iNGkmk8t2BC42ruGclsg56YJz293hh8JeFbEJCYprqMDcqKjuGCgfPJgkgc8ADg4x0rmxuZwpycU+Zu0WovqrXTvbo+jvrpe2ndSo1akILnVOmkk48yTt7m9mvlpddEeeaJ8P9R1KSHUdXmNhZLggSkBthHJAJHUgAcc5+teg2useEvCf7iysotQvTJhnn+cYyTuAIbkjkg4GB61i63qd9fWDOz+TCAWgCtsUoOm7GM4AIXHbp8teSLqUQumnkJLIzKpzuVsZ3HO085HSvFpQqZjKTnOyvdxjJ2+yveau9NmtNLpNGtV/UnFQUXJqLbabcn7qduba2zv/wAP6/4o+I+r6gixfaBptlINiw2gEQZQMAELjHrngnnd0xXmB1aWSZpBIzMrYUk7yRk5bcSfu5+bndt3c568RquuC5uFRldVErEDdkk5yNwz8vTgDGOTyozUNleStNIoHDNhdxIxyoPPQgY4A6g5xgGvQoYGjQSfIvO297K9/d0tune1r69X5lbF1Jyl7z6Ozb30e1raWVtVpp5HZ3FxLcyqQ6jYW3N0w5xyACBz2I+nqagAufOJUs0ZOGlYEqoOeehAx1HQDnkc12fg/wAA+KvGV0NP0HRL6/uGwytFA/lAsefMkKhdh67icAclsNx9seA/2NtQezhvPiPqaaNCqPILCDaZWVVJxKeCmO+VJz046+hDDucVKlBu6srdHeKte1m9dN9tL7GNKNarJpRvFauTVlb3Wrt6Xu9LXb1elj4i8LWuoaxeQ6HpsH2i/vriKC1jhG5pJZWCxggDBBY4wBgAEHIIz+gmg/8ABNn44alZWWq6vp0djBfQJexISvmeXModVfhcblYYB4OMdsL4j8FYvAnw7/aa0c61c7/COieI4zNNIdweCOY4cgjBEZUluSVHpuJP9CXjP9vj9njRLKC30jVTqqQWiRxohDLGEQKoUg/Lg9O4A4JwQ35zxjmfE2UYjDUclyqWL9pFyqz5ZzitYrk0Su0tW29bW8z9M4GyHhnNcPi6ufZlHCexqRhSpOtCHMtHKSUmm9bJJLzb7/nb8Lv2L7z4Y3MGvax4Qj1u+tH3tFfgG2OwEqyqy5JOMkDJOAThcY+ttU+KfiePwfqPhFPCmj6FbS2b26y2tovmQrgqPLMSpliMYZeFIORmuV1X9vj4ZarFJLJO9tGqlkQkKCCxwzgbWYeq7RgYX5SPm8f1z9sz4e30dxJbXVizhCIlVY2OGB2tIQCfUZwu05PXJPmZXxFxr9bw1fF5KoKlOLSUZK7i4PVST7dE3fz3+/qcP8CUsJUw+FzOlP2kWlUUoSlqlq3o22vO9/M+VvHCaX4Qubi98QalAil3kSGRmEr7iSSytnd7qTk5J55NeJXX7QEKyCx8MWM95MW8uEQxNGpHIDyMRnHXgkjAyBwarfHH9oPwD4h1Ge71OO11Rldo4LaFAERiQNrbcZwcA4AzwAMivlu6+NtikjJouhw2AkwkYtY1MwViueillJwNoIBPXqM1+/4fxAz/ABuBp0PYLCPljGUYKzekUndLS9r9d9etvwnMeC+GMuzCWIjjI4hKo5JytKdnK60jaKWq0u31eiR9S6ve+OvEdkL7xBeLptgRvFtFJiSUckrtVtwOMZxjOPxHzr8SZIre3kt7GdHlCkptJkuGmZed+C3TKnBx269DtaH/AMLL8fvZxWMd5badcZj2MH3MHO1mc9MkN1AGASOQSD9yfB39inUvFl3aXeqaZe6hNNsZv3byqoJBYsxwpYkMFyeOCcGuGNDHYmf1nGYhxTbk+eVrr3bWbs7bX01d/I6sRm+AjR+pZZg5N2UOdx1crpOzitE9b3262tdflP4W+Hnifxdfw29lY3k7OymaRYnfcXIPGBznJwCc7gQxB4r9Efg7+xb4r1qewWHQ9Su5pAjXETwsikMQN0jY/drkjgqPlCkEc4/cr4O/sS6H4fgspZ9CsNIXy0U5t0mu5HUDDjKExuSM5YqVY9MV+gfgX4F6ZpUKJp9q1rAoCzORGk8wwOuFJCEZKAHuAARweTF5tgsDHlpP21XT3n8Csl28+jVkrXeyFl/DOKx8ozrxlSptpqL315erVtdrWem+6R+VHwQ/YETSJ7N9aNpbXDBJRZW0CXTwksP9dMuFVVBLlcAHGP4TX6ceBP2VNB0q0QCwN+gZHZ7wFY1KkFWt7cEbQGUlAcnOBtIyK+wfCfw+htEjSxsI4wo5kKAyEj++5AJAI6DpweM17jovg1FEZujlVGWCkIik8/NzwAeQB6k5618NmvEOJxDcYSfLezUdFpy6Xvtur7Oz0sfoeW8P4TAJP2Sb5VZtJP7O2/5P7t/mXQvhxeaFBHFofiTVNKeMAJbCBWs9wIKjaqggKRkBj07HNei6be/ETw/h9StbHxNaxhnkltG+z3AQkn/V/wAZ2ZAXjLdM4r1/xF4j8BeDbJ5tX1KyVkXi3Eib9yjI5JJHHGQST0HPA+MfiV+0zpbrcReEv3SKGjEuQAQoz04LLyCG/iHODgVxYLLMfmkouOHnyytec00raX30e+yS2+Rvjc2wOAi5OsozilaPMuZWt5uyeyTse+TftJfDPw6vl+IJJ9GvgNpsr5DEDIONuSAuGPfPy4zkEGvJPG37ZNhHBNFoBijt2DCC5hYS7gRkkFCdoxkZOBgE8YFfm18RvG0vit57nWpEuWk4WJlBlDOCAVYHd0PXPBPp0+ZNbfXdKPmeEbi4k8pTLPpd0XlinXO5lgLBgjMBtABBGcHJyR+g5b4f4aKp1KycpuzcNGrvl1tZbX6Lbe58JmPG+IqKVOi1CGlpJ2cl1b1u27Xaul3ufd3i/wDaD17xHPLuu5JYW3bXaQtjdk7guQAuOMnkYzxzjw/UvFd9rLlRLNPISNh3kJkdQcEdTxk4BGf4jlvFPh74v07xjeTadexSaHrludtxpl5+6EoXIBt9+1XQnpswTnqcce4xaOunW6y7E27iZEX75Izhg3JUjnBAzyMnJNfoWVcO4bD8kadOKsldJK32dJJdbXtfpsrtI+FzDOsRVUnUqTnJ6pSenTtpbd2V3e1ijDpd9qGDNOVYuB5KE9BjncGOc4xkg8EZzXX29lZW6PE6qkm079wVnbP8Qzk5znHHIwF6VzkeqQxw42lWDEpkYLEE8A5ByBnnnk9DxWPqeoykmYOyuCMoxwrA+hz19s4BzkYNfWwwdCnFxjFJNpdXdJpJbb6Ly0PmqlepWleUm720u+tvTyv2v01vvXmq2+lBY3KiNlHlu2cluwwCR2yfQenAHM6nr5JCWkjCM5ZmUkAEAnvxz83ByR2rmdX1BJSY55OSAwI+7GF5I+boOcEnPJGDnFePeNfib4Z8IxSz6vq1tbxRRk+QsytM2ASNsanOSRj7p7AYzlonjMPRppRteNlq0lpy3vbTVd9e+tmsqVGrLRczb7X391t6apbJtL8z1Z9UZ51kLsjxPhNzn52B4zjsBuyeSCMfxVzvi74reHPB8Et/4h1ezt/KQlYnnXzmxnAVQ2WLEkdDjGO4x8G+Jv2jPFvjCSXTfh1pdxbW7O0R1a7jIBHQtGpAPIywJPy4A6nA5nSvhTqniO7/ALW8c6jfa5fOwby3mka3UMQVCpygA+6uB7AcV41fHzrRfsIyla6urKK21T3bT1bttpruelSwivGVWel1dN7K8W767Oy6vqtG9PR/GX7WnifxNLc6R8M9IkEbNJGdXvomCKoO3citgkYxnjk+nU+W6V8PvE/jjVE1Tx3rl3q9zK5mNrLNILWINhsJFv27VYgbSCcAgnoR7Zp3gmx0zy4rGxEOFUFEiRVXAXcOAMkjljy3IPA6+g/8I3J9lW9tEIeEIojXcm71GMAnj0wCf4flGeOnRlV5JVZSls5Ru7JLle2uuj23frr1OdOEbJRVr3dtUtLa62fRK3W1m7I5vR/hzYWVtGllbxxMoCYSMKMLnOWxjODgkdec9cHorfw+YLgeYBwoO1R8y9TkDJHHUdBkdeK7TTr+FIfJ8oRzxqsjo3zbW2gZDdcZHXOc/QCmSTLIdzkCQD5Bu4AJyfy+voOuCfTjhVy+6klbolbonpo3fta6tq7LXzata7XM39l6tdWld+Se67NXLeniNY0iAYMGA3AENhRkEnJz3y3GAcnPSrl/qDRLDcxnMtq2N4yAADznruA+8eBjpxwThXU5hQOJlAVRkYx8x5PHVh3OM56EAdaE+qQyRhGyCyFODhWYjIOePTGcHGMc4zVqkopc0dVa109b8urs73vs7673OV4hJOL1TlFa21i1G702d72W6XezPY7XWI72zhuVZSJI/mCnOT1KkfXscckMeMGuF1jVlhnwjkqzOWyBgFgQeQQOG9ATnjAPNeZ6R4yS3Fzp7OEktncAHkFW6A8nn0OB8p5zjjh/E/jiO0Yyz3kUUKK+53l2gKCSeM5ORk8HGTjg7sTC0WpNxUebW7VktE/6t66Hk1cLJ1rQUpNtWfXVRb/CyfW22jO98Ra1lyI3c7lAZQflz3O7HIHLKSckDI7Y8v1/xfFYW7TS3MUEcYbdJM4XKgc4T7xPByR6YGMc+D+IvjJJeXD2fh+KS4ZN0TXcxIgUHgkbgMjPTAwRjJzXJ6T4W8W+PtT8sR3mrySOpdRvSwg3YwGbAjKrwcknIAXnNOpmCjH2dFKV9mrb+6k/LXS73u0+lvQoZfGNqlZ8rSvZJXa0st9XfR3avt5HReJ/i29wJItAgeeRQVF9MpEETElSyAgBsn5s4z8vGTkHz/SvCXjDx/qKSSJdaqS++aR90WmwcZBJJ2YTk8ntwe9e83fg34WfC+w+3/EfxBa32oxxh4vDunOjBZAuRHLsYfdJKtk57ZODXy38S/2otQu4JtB8CWkfhrQk3xILNVW7nVfkHnSoMpuGMgtkjBKjrXz2YZhQw0XUxddJ2uqKlaUrWlsu+u99NU+r9vCUaldqOHpe5azqNO262e0rpuyWm13Y9a125+G3wltS/ibVYNb1tUaRdFs5Fa3hlQEbJWTIIU53DAOQVOCePij4uftY65r0U2laCYtE0xC0UVtY4i3oDtXzNmGJI5JYk9QPvGvKfEEut67JPd3l5LJcTgsC7sxJJIJYuWYkrwcnPY8c15VF8PPEWs6oIbWzmuh5jB5ipEIy3Vjg/LjnPIOOFOcH5DFZ28U2qLVKna3LH4tbbvRt7NW03uj2KOBq0re66k3q5NNK7stNPdWnW9tNumTL4h1LWZZHnmdpZWLs7ylmlJbozsckc8dD6DBxXu/gXw9428WWkWnw+dbaamN13KWSBExk7pnOHGAdoGVzjg4NaPhr4U6Jomy88RypeXUO1haRbRBG6ANiaTAUAEFieQCGIAzx3GvfFvQPDdmun6d5VzJHHtj0/T/kt0YDA8+VVG4gYIBwykYION1eKp16knGCSbafO3a6urt3/F3Wl3Y9rD4dU3GdaatpJxV+ZrRONk+713V9/PoIPh/4O8Naaz/Z4tY10hzJd3Y22NrIuSSGk2qwLEkdRk4GMnHj3iLxpp9hNLb5XUriPEUcdt8lrb57IEwH2kLg5GdvzZWvN/EXxG8SeKLgxTXMltarlPslodsaoRkKzJgMxBGD04Ct1AriJ7h1IyS7EnIUZdAOpLDJ3E/e4AHUZzz3YZVKUlKpUvOLXLy7LZ6vS7TS1tbqrrUzxjjKLVKnGMLW/vNaat/ju2t720PunwJr8Ot6BpmsrHIb/TpPsl0gBwYlIEeQTkYDDdnqfbg++aZ4hV5Le2QeUsjj59xJiO0ZU+g44AyQea+EvhH4mnsr4aZPIUtdUURRrkMEnH3ZHOQvQ885LY7EBfruCVYI4XDx9MlehL7id4IB69z0wTngKD+h0MU8VhaOJbU6slGnOK3Thyxbvd3920vu0TPjqVJ0MRWw+qpqSqQbVk4ytJrbZNa+Tdro9UnuWgYssikyuCrkjzFKkEMpHRgVXB5BGc4BwfuHwL8XZdd+H+nR3txmfwo0VpcB3BuJLU/uw5U8v8hx7AZyQFB/OWe/EkcGxiz7QTIRhOG55YnOOAoyAc/eOePRfh74h/s7xBBbSM32LWIWs7sM21EkbiNiCQud2G3EBfcYIHpYKp7OtGLfuztGV3a3MlZ6t3Sf3a+9Y87NoKpSlbVwd42d+y67el7tba3v95aH9jttcvdPhCpBOqarYZACvDdDc77STxkknGMDJwAcj020QlXV5NoGTHhchCeOvUKceuADwME58ETUZI9O8Ha80saCxuW0LUXGcFC5WEO3ORsP3iAF4x2r2y2mlMbiIptuELRZbO5GAYMOcBSCDxggEZySM+ooNVmo9G3dN315WrPptZdNb76nl05upQg2ndJRuujSUdX+Pba17Fu3uJBdPG6BRKQImdSQzc7SpwNg3KRk5BDH2NQ6/BJeWot3KPIxdGU8K6FSp28/McbcjAPTj0yrtxhUknMbIpHykAh8fKykYOGOPmB+/wBQDkCrdXN3PbiB3IW3G4TRkNIzZ+UEdSSCBnGOcD+9USqSi2rtNpJ+WkdNNm7J32drW6icYKEU23tJK61tbdWurbp3S91q+t34l4RjfTdY8TeGmmCMLpZrZXAA8t33bE56YIB79K+bfFvhpdO+IF/5CKkd7L5rS45Einc4BIUhif7vHJxnOa9q8X6hLonxB0m/VSsGpCBJpCMF2DhSXA+6w75xnpg1g/E7S9ms2GsRKXjubgZZT0DoCcjrjoQT1/E5+S4vw0MVlNWduaVBxle13ZKKd2npdPpbbY+j4Yxyw+Y06cVZVk4tLa6as2r2veOrV7adtfO9Tnt9Jt42nRg21iVY7dwx8pUFup4ODz9cA15/d+MoUwyvtMmVGCVwANoJX+JtwwMgcA9DxVT4meIVgVYxKsLQrJGGkYE5wSoAGACFON2OBxngZ8O0mTVtcnBsFAjUbZby4AEQG8AtGMfORkgY79yBx+CYhTm+WnFtu6vZWtpfXXVeWtlt0f7Rh5pWnJrlSi9NlsnfVbu9+nVXZ6bqnjOVUj/0lYwrZJTJuGJOAu0HcGPYZJIyMHvif2X4y8ZOq6eLiwsJpGjknnGLi4VjysQxkbwdowAQefSug0vTvBHhVpdS8R3tvdXKqHMt46qocdDDbswLMDwF49c4Fcz4q/aChtYZrbwVbG3RkMT6ldqi5KjBNvCB8pBOBtCtkZyc5GuC4erYmca1WneN7qUk7fZu7PRu+qvvra2yjF53Toxsqi0snCMtXZR10trquuyt0Olj8EeDfhtF/aHi/UAt2qGQ2aTC41G6ZvmVSRnywQ2doA2525PUeT+NfjrqF1DJovha3XQdHOUC2qg6ldI3yjzplHmKpTlhhegIxjjyvUtW1zxVcSajfXt1MskZaS7vGJcrnnyELFYxgnB6jAAPTGfFqmh6TEyWFst5dlSonmbzNvqXdvuuCSFGeoHWvtsBkeHwtpSjFzSu5SVrbapaJNWsr/LY+XxOdV694wXLC6Wl7taW10t5LXr00Kcei6rqUj3V1K1nayEyyGaQtdSknLNIXJIJ5I46n5cgjMzXujaNE507/SpQdn2qaPeGfow3HGFU9xn5senHc/Dr4U/Fv44aomi+AvCer65LI4jRra1m/s+3VnG6S9uwFhjRThjuOAB/s5r7u039kT4Bfs46ZZeJ/wBq74hWWu+KIgt3a/CjwlOLq6kkA3x22pTQSFUVpNsb7gCCTnjOOivmuBwD9nf2tdq8aVJc1Rv3eX3Vstd5KKW70MaOWYzFpVlH2VBpOWIxEnCCXu31lZzfZJWfRHwF4U+DnxV+PEzaB4H8LatrD3zxLNrDWzw6PYRnaGee8dViijjPLMWbAGcjpX1l4e/Zg/Z8/Zfto9W+PXi6w+Ifj+zAuIPh/wCHJ457GKZQHSC+lhZ1kJZdrkMADkfTL+Mn7dniXWNIk8DfB3QNO+Dnw9twbSLT/D0UUGs31oo2Ib29jAnkeRVBkywOSOcqAPg24vvEfiTVE8hdS1PUtQmUeY3n3+o3UsrdUUGSVnkLAYJGCeu3Irx67x+aSc8RL6phmlalBr2sopL45p2TaesYK6S1l0XQquAy9qOGj9cxK09rOP7tSaWkKdrys1o3pfofaXxf/bh8eeMtEl8GeCI7L4X+A7ZHtrTw74XVbO5uLYLtRLy5twrykqvzE84yPvM1fHeh6H4r8d6pDpmj6fquv6tqFwPJsrCGa/v7iWQkBndQ7ZLH5i7ABTkk4yP0G/Z9/wCCcni7xvbnxn8ZdYg+E3w8hiS6ub/XR5es3sBBdks7aRlljaVeA2D8x/vdPtiDxt8E/gDpLeFf2e/Cun6FYwRtBrPxf8RW0d14l1lojtnGixTBnHmkHyXiAxkNnAyNMNClBQwuBwzrTfKpShG6vJxTcqmuqu9m35p2sq1OvVj9azCuqNLfklLW1o25IXsrJ66aa+Z8lfs5/sl/CjwB8ZPA+jftx61eeBPC3iLS5dcsNF0v57m7a2CyxafrVwhb7EtwDtkjcMzfN0LZP6X/ABo/b28L+D/C1x8J/wBjrwlo3wt+HGlxS6U/i5LSO21LUViAha4ssKLhjKgDl3dw5OQAMV+WPxR8dWnjvxMninVobq/tbOOSDTbjWLg3F9NOQxe8uDKTs81sMiLgKoAxgnHhms67dai8cMkxKmTEdvE22OOMnowXC8jKsQDxzzyD9dgcgpVY06uNpOc42apO/KrNWfLaW+7um3ppfb5XG5/TwsqlLCz5ac2lGrpzNOy0dm0m+r10evV+rat4sv8AX9Xvb651O71vWL6R5b3xDqdy01y5cgv5KSAhFY9NoyCeMAZrzbxZcItmtlabzdPNulnkdTK6k8sTlioYEgYI+XIAOM1nXWpy25WCzEZkRUUzAjy4mIyxJ43MO5PAI9ayPLu7q9MskztEQTNMxJLELyF5xjIwARxwCQMZ+oo5ZiaijGhSjCCajFKOtrJbJWSSVr6N+qSPkcdxHltCNT21VVKrfvylJu1+Vu/Nu/vu9tGiHTYmklIJG2JCJJlb5jgZIG7qTzg/TI7VowOjJItqpDiTC/L98gg7mbBBAPP3uw5OSDNYWj3E5srKynlSRt0UUSGS4uZpCFRI4o1Z3JYAAAE5OBwMV+037Dn/AARr+OH7RGn2/wAQvilF/wAKa+DkAXUb3XPEMf2PVtU05SJpBp1rcGKREeMMVuG+VQ24g4Ar7PLeHI06Sr4xxUVa7eib920Ut5SbdlGN3Z2tqfinFXiJeo8Fls+sk3F+87KO7ulFJLWTsop77J/lb8PPhN8SPi/4m0vwf8P/AAxrfi/xHqbxxW+maJZTXcsjMwUPM8amOKJMlnaRl2qDkcAD+iD9mj/gi/8AD34K+FrP42/8FA/iHpfg3Q7ONNUi+HFrqEEM0yxqJ1ttSumfMjyYEcloqbiCQG/iX3Hxr+2/+wv/AMEwvC978Lv2SvBekfEX4rxW7WWr+N5Et71U1GJDG017rDrK0rLKCxhtmiI5BZsV/O7+07+2z8e/2tPFV14h+JXjHVL6zaeVrPRorma30PT0bhILezDLHIqg7QX3HcBkk7TX1sY0cHS/eVVl+FUdJNQeLrJpX5YP3aCstJVL1ErWj1PyGP8AaHEGKksPh55lXqyu5SVT6jRtKNlKo7SxEltyU+WnZWlOXT9tP2mv+C0PhD4V+Frv4IfsI+A9E+H3hPTIW0oeMLOxit76dIwYTPZqkYmklkAL+fLJJnduKgZB/n58f/FHx18VNcvvF/xI8Uav4j1vUJWnluNVvprqXe58wkCRikMZz9xECjPQc14mupQWwlkkczXJD5L8hQQAVUdARjC8LkjIxwK8+8W+PVsLKQy3Sw5BCxs22QoASTjGWY44Hc9Btya+VzTjTB5XSnh8qpxh7RfvMQ5udaq/d1qVZXnJvfdJdErq36fw74TYzMKtLG5zUlWlS5fZUORQoUVeNoUqMf3VOCvtGPM0neTWp6bqPieK3ikVXDOhJWOMgqMYPzuOMgDkgjoeOw8O8Z/Eyx0a3kL3Cy3shYxQwMGYEjIDAZCICPbnGeTz4BrfxP1K+Se10h5LZGZw0pJMr5yvAJJxxnOPlUewz5ZcST3ZIluGkllZi8kjsSCoJbqcg85HOOc4PQflWZ8S4jF1JfvJSc9nKWz0srt6uyab0a+Z++ZJwbgMuhSbpRXItIRikrq1r6Pqlf5q+jO18TfETXNfZo5ZntLWTJWOFsNjk4dgQTuwGyc8HvnngzIs7gHcI/8AlpIOW3EA85O4ljxnPXrwMUkcDRxec0wfD7dzEkbcEAjnk8joTyMccVFHEHZwoLKXyzbhnBx91cdzj3JGcg9Pm54mc7uTfNo/e+XV6rt3vtsfbU8NTpxiqdOMUrNWS3SVnt5X02s++sjOIHCw4BXJ8xzkgHr2zkjnAyTjHHGKQuHeRwXV8sSOhAwBkjb0Y9yODkkqvaaeEQTJKGU+WpLKxLFwSeAB1GeTwckHA9JDFHL5TNG0YlJIKgAFc5O7A79Rj8DWSxFtJaLrZ7rS7V07X9Fv2sawwvv3Ss3o3bzVlqvO199dtbvGuGYsDGVkUEqX5IHzAD5cZyD1bB69DnA1tPijlVlkJ3LGpXC/LuyclhwSRkZOcgY7EVE1rarIRGGZlk5iIbK7sck8qAB82OAemSa2tM0LVtRlltdMt5pppGwgSMkc5AwcE4UD5gCcEH71ZYivTUJOU1FNLeSWl03uu/km9dunTSw83OyV3e67/FZpWTb29Fdp2vYpNLsKogDYJBYD5W2nouRjnHIYgngcEnFORZZZCcPtcgHaC5AYk4AAPTGCFA+mea9w0b4N6oRbSeJruHSrEqGldnUPtYZYlcjlcHA6A9zgV195e/DLwFBCLS1j167t5CBNIA6s3UjnIPPbkgfwkKAPDlm0INww8ZYiey5FdXvHeT/HW2muuq9GGXTqR58ROFCC6ztfdO6jq3pfXTRa7tPxvw38NfF3iNVlsNOcWSLua4uk8uPBGAwDlTwAOOpBP3sZrq7jwP4f8MR58R6vHdXoCsNOtSFCMRkoxzjacAZ5IyeuDluv/GvXNQhNrpSR6VAX2xQ2eIyFGAA5j2gjB4ABIHc8CvLJbnVdavYmEj3N1M/zPMd0jM5BY5YH5OGOSAOcZwaql/aWIu60vYUnryU1zNp2unJrz1te3Va3M5/UKNqdGMq8725p6Rd3FNpLRpvq9LLeyO51bxHok7LZ+H9IisZlVVNzId8jMgG4rnrvGcAduCACKyLVNWgdrlkkitzIrtKxHltwFJUYznkjac4AGQORWubS08P6et3d6eJdWeQMHfaUUKAcjsFHU5ADMeoHFcfqfiS+1KXaZvKi+VHhiwkYI6N1weV7L9AflNeng5VKLXs72T+OTd29G7X3aSd/wtpbzsXCNRWqxgnKPwxj7ttNdVo077/oj1ga3pjxJ5sYhuFZdhjAGe25gAAQ2MhflwQMfwsXRa0qTFopZhEsgaMhmAz15GDgY5Xd1yewrx+Ka4MkqKxnCjOcZVFB45ywAwQeem7rWjZ6sIZ3jvSVUosa7cnAyQNxXqTxhuD16AnPvLMJwSTspaers0ndt6O7Vruz0snofPzyqnWq83KlFdLWTTt10Ss9tnayPaofH4Vzby3yIsQ2qZsq2fmypbPODxznnrwvN+L4hSGWGNNRIhB/dKj7gF7krnCnAADHIB2g+tfPWoRLOGePzo0EhaOQjAZSeN2OeeuTxjkelQ2djeT3MUEQeHJVUdiVGCTlhz0XOVPPXHsNYZnX5kuj5erV2rOz3u+u/d6GVfI6KTk2mrJ7PRKzW2600v128vrO18dTXpuLOC7gnkdCUeZyJEITJCnIGeAMAAk5LE45htPEOo2l2XmkkXhWDpIXVyMEtt3H5QOhLAfrXzZPaX+nTyRkuGcECQMQQwXLNuByu489PcYB5zj4h1eLMcd3MTErIS0hJC5wcZzkjB57YJx2rr/tZpxTWqeuq12a3163tttc8eWQwquXLUqayb1WyT0teN1onZ362Wmh9nweP9U8tYlkPls+0SAMCO5788dOvy/TFadt8Qb2GZk3k9NzO7KRzyxDEN164HHOAAMV8Y6V4v1qK6tovtMjx/aIAytyGUsNysSCAWGe2SpPfmv0PsfD2jappWnXD6bbxtNaQu7FcOzNEu4swxkEnkHjOWweTXsYCt/aHN7NNOmo8yavd21V9Wne7vpu7t9PJzLB/wBlwi60+ZSlZOOrduXR6WvZt6u/mc1b/EO8jdpPtse2XIO9mGAeoIyeAOQRjpnAyTViP4iXpnI+3SIu0bCkpxJjaThcdMk5GO3XjFWrnwVo8UTZtYpsuUQJnKFg2MkjBAJGQeuDxyGGHqfhKwttOnnRI4zFbTuhyWZWRSVO7IyAQAcYA5JJ71i69TBRcpqy1sk9XdK+r6aJpbrTvr5uEnhswrxpRVpNpJSs9+Rd3bZvv5HTQ/EaZHdPt83lhBIRv+ZWAwFA579QOpPKgir0fxKnuU2JfvGh3b2I+XOcZHGck5JycHHUk8/Ad14t1OG4njEvEUrpGQ2Gfa5XgnAPAHy5GOOME1G3jLXWwYpmUEguh4yAOv3h2OOAOcjoRXmR4lhFWnfyV3ytpRs99NVq2tXrY+jnwW6zjKMYLTmdotO9lpt0ej+5bI+95vH97FCkTXE8v7w+WwYFH5746jHQccnHsMe5+INxNmPc0WAxZFJ+Yd/mzjJAJI55HrmvhuTx34gEpRb11wgUIM8nphNxOD2xjGeOB0y5/F/iNQ3m31zEwLfOxyQDkhcYyTtBJ5yO4zjK/wBZKc46X+be3u7Wb2727dDNcETpttuNkkmuXquV3uvTyu2/l9oS/EDUEuGZFSIFNokeYrk5ABA3d+4wAO3PAot4u1edpJwmflY+b9oKh3BJAChh/ESxA3du/NfD8niPXrhGX+0ronDN5m/bgA9Bx8pzg8Zzg9Ryaf8AwkviBI/JXVb3HB2icsFHO7069ec+hxyKiWec3K1zLRa7/wAujt122/Dc7KHCdOEWqkqc7u9nTSs7p2Wll57Nu/nf7isvFGuXlxC13cz28aZ3yJKR5MSOBu25LE45X3z9a7DVdevbuCO10fWLm/Mr5nkuvNHlqBhgGyRwehGAenQrXxz8LdXv9T8UQWd1d3V0stu29JGypb2BG0Z4xjHPTGSB9h6dZtGFIVYwv7tgEGSpJIIHPJweehAA6EGuCeb+1rcsW0kr2u0mnZd+t1sn5dS8VllHAUfhjLmWvurV2i3fX00d9GiDS7DVzmG8uwIXQ/cLM7sx42sxJ5OM8AenoOjt/DdojIJ/MnfZuALZQFeV6A5POejE9O+K6fSdL8x45lVSm3YMjPJHzZB6ZBGGPHXkkcdPHpLLh2A3ZKleygeoGMEHr8wyOcdjVTHyaUVOya/BuHXTRK/l37ny+IjFJqMFq4ttR5bx032Ta0t6tWOKj0q22gm2j2qNmQCQScYIbPc4PXIznGK4nXbW9gvFjgYpGcElCQAxGBkcDIBIPABwMAY59yTTCcAkeX83KngsDzt55HTOedoA4AxXM6to4kb5to3qwIHU4bI69OMYOAMAcnqeejjUp2cna6Wu1nZ30dumjtfY540+aKbS0SXwq/vcru2rPTTdp73ff5z8dLNb+FNUl+0XMcjFIk8uaQK7Nw5wrAHJ4wcgdSME18rst6zRwyG4V/J3NulcN0+7t4wM9idwx1PQfV3xkvIdN0rTtKc+W17dBzt6bI2JQnHOPU8jvu9flHW764jkYh0lZlUZAACKDgfN1AA5HJAwx4+8dKuJlKaajZLS61tZK97Lr1fVap3Z9fk2EVPDR2am225Ru9UvS2iS1W2vXTJllmicRsWC4LFWLFj15Aztzkcklcjv1rMe8dWzHlcsAwDHIPPTDKcnnHBwOOMnMZvpp5Gyysy5BJ53LjoTgAFT7k8Dg5qzEkFwACrDYGyqrtDsozkH0J6cHg9xknP26grtu73Ssnf3XZdk1a61eu9rnvQoxikuWNn/AHUle6Wmndq+7emt97J1O6gjzFJMCyKwjMjfKcnJC7gMYxlieABznIpsXiHVLWRJYb+4RipDKsxzz2BJPvkH25HIEs9rGbcu8ZVzGpBJ4IB5C7cYbb355HYZFczKCJNwj2qARtzyMD5WPB6dM4IPbjrVHGTdnGUt9FeXlfbTXqt+3YawtGV1KlTbavZwV0nyrZx9E/O/nb0fTfiF4lsjsF80sf8ArMTgSL+B2gqRjBGcYHJAr0TQvjdqFkoS+tIZ1LAZgdkKYPUkkDd3P4YPGD83tK8eCFKAAl93IUNuC44I5AwRkDJ4I61L9s34IJQoAGZR8uBnIyOcHBOenpkYFejSzLE0pRUZzXk3zW+F676rumtdbWsedjeHsvxkW6uHppJWuoqOrte3Lputb2Svo9z9E/CHx00u78tI7x4LtcALckck8kKxKkD0HIOOOtfR/hv4rG3ltr621OSx1CEpLbXthcPa3MEgIbKSwlWYjGckrx1PTH43f2mygyQKR5aBRKm5cE8FjtIO455IIOa9X8E+ONWskYG4lnhhKbySXCKQMA5Ibg8bcHv8pzx9Pl/FlXDuHNKdNxaSqRk4yumrO10111T1aaVtUfkvFHhXhMVTqzw9OnVjNWlSqxjK6drWTv0u3dX6rQ/q8/ZK/wCCzH7RvwBaz8P+J9VX4p/D8BIZtG8QTCe9htUIUpbXMm7lYyQBIHBbbz1r9YLo/wDBOj/gqfpAuLG7034K/HKe1IVS9vpVxPqMgwqSxkRQ6jGZSQQgjYg43EgCv4XfD/xbWNhHJMyO+NqlgFJBBypOdp/DBA6givojwN8Wbqwu7TUdK1m50zU7aSKWyv7O6e3ubeRWDKweIqwIIyMn5upyM5/SMo42w9aSlXcadeUVGWIpckKstIq1eDvSxK6Wqwb3tKJ/MvEfhHjcvlKvl1OdKMXzRw01N0IyTjb2E1+8wr86E4xb0lCS0P1z/a8/4JmftA/svXd7e6hotz4w8ANNJJY+MvDds99YPaHLLJfxQbzbNsGSCcc5zwBX5o3uhInmyKjQyKoKsoZVRlbBaVVxJG5YHC4DZ6gdK/cb9i7/AILVeMfh5ZWPwy/aVsk+Lfwwuo49Nkvr+OG91XT7JlETGYTxyC7iRDkjb5mMgHjNfoD8Wf8Agnb+yJ+3n4TvPi9+xV458OeG/GF/bPf3vhGG4hjtZLtozLJa3elFxJp0rSNt3qCobPTbtr6rE0smzql/tEKFFVYpRxVKF8NJ2ikq8HeeEnLd35qX/TxKyPAyPi3ibhPELC4uFetGlK3sua2JjGNnKdB6QxcLb8ihV0/hvd/y1/Dj4v8AxP8AhRrNlr/h/wAR67Zmwniks7jTrya3Mckbg4KKwDpjIIcNkAk+p/er9nD/AILgappsdn4V+P8A4esvif4aaC3tJbp0jh1qzQhY3ZndWNw0abj8mDuznnivyN/aG/ZQ+M/7OWvzeF/i34J1bw15csqQa3DazzaFqUauwWS3ukTypA2BlgVAyT9PlfUPD88l7ay6Sv2VlQCOe3CvE4xhnAGSCc5IIHqenzfinHHglkmc05yr5ZQrqWsK1OEJRlGWqlGpG6mnpbWzs077H9a+HHj7jKFOjGjmk0oqKdGrNxnTl7t4yhLllGSWlmr6bH9EPhW1+HX7a37WHiLxj4O8Y+GdC8DactjJ4O8HeNdSh09725ETvJZtHcsqSwebhTjbztBJ5FfRvxL/AGO7nWruR/FvggeGJYlEVnq3hy3e60OeNVKrKLq2LRFJBt2leeRjAwa/lVPjPU/DuoWqwT6jDqGkvvN3aXEtm55LB0lhZCCzdAGzkYHYH9Wv2VP+Csvx/wDg6NP0fXNbX4geBIVjSTw34tkS9uYbdMI0dpdTq7oRHkKXZuvXvX8v8XeB2cYVQfD2Jq0Y4SnGnh8IkoKMYcrskrRd227vXma1srn9a8JeOWVYtyo53ClVeIa9pXled3aKu227X7vT8WfSPjP9j7x/oMU8nh24lk09lZ7d5GW5t5FUHAlVlzbhj0DBmAwc9q+U/Evgrxj4cEkGveEXISRonvtNgyjFAdzF1yNzZzzg7gepzn94/g/+3z+xd+0xFZad4j1GP4OeMrwonk3zhNKuLuQbXZ7sj7M0KucBdoyp46cetfE39l/w/wCINBuda8M6loXi7SDE8tvqvhW9trgThwGWWS0R3OCMlm4UZYgA81+N4jH8acI4lYXOcvrzgpJKpKNSMnFWV7p8re9mr3v01t+w4KnwfxTSVbL8ZQp1GlJw5qbhdpO29ldvyu13P5atT0+3uPEGnmMyW8cmmuG+1oY3DD767WAJx6nI428jBOjq3gy+iVdUgtc2a7dkseApJA3MR1x/eIPPNfYP7VvwY1XwD8SPDFrfW2n2tjrPh03FvLbvHLIsYbAM8aBTFKcgMrAHggHHFcv478IXNv4V0bTJJI7W3NkuL2ySUzyq6ZHmAYyD05ORz/Ftr9jy7iH22T5XWkvZzxSTandSivdTTTs1a9r6brzPx/MuFKTzvN4xvWp4WSUKlOK5G7RtbR6el7rW58TzQXUsk7AABGKMqgjcQR83qQMA4BAJzlh0rY0a0muJEiLBBHgNt5BJ/hAC4PoOOAPSut/4Vxr28SafqMN0kr/LFLIIZNoHJZWwSQMMR6knvz1nh7w/daBcCbUNOR5zIohLMGVmXOWwowR19R16DNe3VzKlGipRnCUlGN221dtLo/J2s7ppXsfMTymp7X2XsHGN0ryTaajytau7tpe+/wB6M9tBvrXRbplWaKLVZYNMjbYdzLM2xtuACoGflJwOeQARXkthYWL3Op6fdRuPsFxJGZV3CQFcjczkknOFPAU8HJz0+wdSs76bT9DuJ2RFOrq5hQgpGpXK8YIYjPUZH45x8mnTbuPxT4nM0bApfzsEOQCjSOwYIcZYjk45x0715+Bx7q15u+ju0na7tJLe/pb4XdJ3OHOcsnTwkIxUoy5ndpdLqT02TV3rd6B/wjly7JJYX8qIOYfm3bcHoy7hgFsdcZHJ4+atHT9Q8W6NcSMd04i4SeFts6Ec7lkiKtnnOQW5Puaf5ssMw8pJI2VdxkGQpA+8BwBk4zkk85xwAK39L1JdgBcXEgDAqUOSCe3uDwQfUdSMH2oYhppaNWXxWV1aNk/NXtou+qSufJxhiad1Go48tlo3FWaWlk7t9tO176J+j+C/2q/ij4DWJNO8X65Bbhwj6dqhOpWe0MCRsu0kwrYYFTkY4xX1Vp37WPgnxxohj+I/w58KazdMI/N1vRAml6soJHmTEINobAwQEOWPAIAx8S3Gg2eo2olubDBnO7c6qo5wu9WIAO3gZwenOMNjzjxNoVh4dt4Lm0vWtLie/gto4S26N0d1JAAOGOTnAB3c46120a0eZcq5Xo21eOqttZX81vf1ZtSzLG0ZxhOfPFrVWfu/C76O/wCG/a6P1e8OaN+z341ijuPCXjm78I37qM6d4gIu7fzCRiNLr5AF7Z2kDpwFJrs5/gT49it3vPDtzpHi2wdC0Euj3kNxMy4IGIEIZXZRkKfvZ5B5I/Htdc8T6ZOLe0njuYTtbEKFZkG3+E4JD/dbnpz0JxXuPw3/AGiPF3gorJb6xr2nvCyNhpJmiVUbOAoYKMYJxgAkEnnp34fNa2Hcn7RSSTbT1aty3u1a7d7WeunZ3LePVeUY1I631aa7JSurXbe6ei8m9D3nxv4U8V6NePFrOh61pskUoMn2m1mUL3zuCnPPfIBHGTwDydkIHlB81pQF3OGYoyDdz9/q3B47E5PQV7t4f/bj1HU7NYPEM2ia9ayLsmXVYLZnkGOVcsm9GPOG3cDn1q/D8XPgR4vDya78O4dJe5kKPqXh+6RB85BL+WDgDHIAUkE8gDk9f9qRrxtLRys79OjSSaVnvrq27Pqme3g8bh6Uoxulayb2V0ot6OzV3rq3tqeSQW9ncQNICoDHbIwKNKQuc8gcFe4JPOcEkCq9xFptuhhjt1dnwZZDgnB+YFmHJ9lGeMgqeo+hP+Fe/AfxRBH/AMIf8U30C7LAx2XiGIpGZTgiMz5CjnI3egJ9DXJeIv2d/iDFH9o0W60bxTp2Qwk0HU7e6kljA5zEjBwTx3yOgxXNJRnrNxTaV9VduyvZN3Temqvu3qfS0Mww7cXGS6Pe2to3131u1ppe7t38WNlpMqGVo/lT/VrGSHmfPfksy5U5I4P6jIvrPVZ8HS5vsU4CkIhfcqjhQDk8kddx4yOetdnqfh7X/DOU1Tw1qumugKDzrSbauBgtu2suG9T/ABHGcdcyy1FflFtGeWxKZVO5nJ5VgzBgOuDgAHPoc8dfA4WsmqlOM1JRbTj3tdq/X9L7u57uHzipS5XTqSjFpfC2tFa70bV0+qaSS7nOw6z8QvD4Waeee62Z8skyykEjKsPmzkHPBJCnGT1Fdj4Y+NPiFdRt01WCTchQuzM6uxBGMA/KWweeoHUNkkVuW8YuGWS+UKpOyOJWHXAGduR68k84+bhutp/CmjXMy3EtwlvKuwKAqkgk5wuF5OeSAB/j85jeE8oxUpRnhaSclbm5Em7ctm3o9u7ur2ufQ4bifHQ5FHEVfdto5yt01d3pbXe109Lo+zvAP7SdnptlCjIS0ZBWKaTa4fA3E9CxJGSSTzyBkjP0b4X/AGl7VnE9zebZWJKRJIHWPIDAn5gCFIBPA/Lp+WK6J/ZyPFZSC7kblvNUl0BPGCzZHJP16k9qxbu71DT3eG2nmGoOrBljYukQYDDHaSPlGcnGRjIK9K/K8+8FcmzTnlGjTvOTcm4ReqatdpPmd7aXaXZXPvcr8TcXhafs8Q41IpKKT1V1ypXbum9r62VtbH7RX/7XdtpsYkk1OJYI1wzM4KM46ADON2cDgD+I9ACem+GP7Vdr4i1gSyak9tYod8kqyEI7E9A2Tx3IJ6HnBGK/AvUbjWpQv9oau7WkPzSRvIw8xwc7QAfvckE98HoADXceGPF2vadAhthJBZKRshicq8hJAAJA3YJBJIAHQnsa/M80+jnhZUZPC0W6rlzKaioqLVmnFpb7Pz8rM+owXixl1aMqWLw1FQacZtqLk01FXv6bP52P6qtH/aC8H61Gllcz6ZrcLw7DBeQQTxBSuCG85ZEwejHA5447/Hv7W37PH7NH7Qvgq60fxHYQ6BIsT3FgPC9zHawjUWy6Tz2kAEJKOctlOSCMDnP5Z+DPjhfabb/6c32O3VSHlVmaUAKAQpzkcEdwB8wPeuob45Wmsebb6bd37CVsNO0zkhQCThSSMZzyuD1y2ATXi5N4L8S5HjI4mjja0fZ1Iypppy5JK2sbttt2d7OyWjvojiq8R8ITlOrhvaUpTi1KClaEuazs4a33et4tJ+Sb/OT40/8ABK747RLfzfCnx1p+r+HbVZJYLK5nj0y9jjjJaJUmV0cyBdqqynczADo3H4k/Fj9kf46+BtXv77xlpGrx3slxLA2p39xJeR3aLuX5Ll9zOgwApZjuGfQV/Vjd/FTUdJedIdXkkt3BMhlmkdj3Ee3cRjPVR16deK+Sfjx420b4gxQ6f4iUG1tYJmEccaqHYEhS7A5y24tgHONvOAK/qjgdZxhlGnmuGpy9nSa9soKM5uKikpNLqtU3fs9z8o4pllWNg44WtVTlNSUJVG4rbRbJJeTStdXvc/l+8J+E/i14O8U6V4y0Dw9rFxeeEdcs9csNQs9NuLuxt7/TZ1ngeRoo5VK741JYEEjoCM4/qV+AH/BwDr9p4atPD37TXwRg1y9mtbDS7rVrKAxpJZ2sMdt5txpt1bt5jGNNz9ic45OG9/8A2RfEnw08LeFLbwhbeD/C2qWt85uLp9T0yzmkC4w8bvPG7tnLbcvtPIIHb7ju/wBnz9j74wMB4r+D3hC41KUpEs9hYxWzop/iQweWMjr0xnggnIP5L4scXcMYyrPLs+yfFSjhpzjQxtKo4TpuVryjKKtJLez5k9bLS59ZwTwjmOEoxxOAx1GpHEKE6lCcOaP2dL8zknFNrS299L2K3hj9of8AYE/bb8B638MvDnhjSdK1HU/CN3f6raJoNpp19Fa+S0swhmigSRQr7i8isoIwTk1+Wjf8EwP+CZPiT4g2Wl2H7QMHhWGWzml1ayuNTtxt1JdyPBDO21FEZBQockkEZ71+nOk/8E6Pgn4J1Xxjr3wT8R6z4E8UeJPDF54b08b1uNP06O/iaKQpCqq4jAc7VV93y4JBPH5J+PP+CCf7Tkd2dc8J/F/SPGtxDPd30Nq1xNp1wZJZ3ndHlaX5y7EjGOOhJwTX49wnnuBhmOIp5Vxhisry+k6Kw2HxEruvKNlUhWUZKLjZJbczTV2rs+8znKoUMPThiMqjjak7uo5qLjS1Ur03VTkubX3VLRK+iPZ/2e/+CEfw0+PvjH4j6H4Q+Llrq/wc0WWFLXU9BjWXULifeNwkulMiGTyySVABIJwMkV+Z/wC2T/wTW+K37MHxe1LS/gla+K/F3hvwBqkNzous+H9Mna8MoVd322WIFi6H7x27SRgAcY+9v2edM/4K1f8ABPGTWdO8A/DjUNc8K39299q9hZRPrNncyRx+V50bpuYF1XLjcQxJ+lWv+Hp/7WHwx8S+I/GXxI+Cupw6jrV35ur2GveH5TpgVXLN5KSWzrET83JbPccDn9ewnFOc4XEYatl2bYfNqq51XUsVSVKrTaUqXsoJtxqQdubm3el7M+Kq5Hl+Nq4ylj8qoUcDKhT+qxoUnHEUq0OX2k6lWzjODvpry+7sj+fjxt4d+OFprkF34w8JeJ47zU2lm1G+13S7w3qGXLS+Q0kIwcg4VSOeecGvrL9oD47/ABmu/wBkn4OfCjxJ4o1bV/h7b/b5odCawns4rGeGQpbRyu8aCSaNFGfm4U84xX7k+G/+C3H7KPxE1nRLH47/AAO0zTooESO7MehWNwrTuFVmAW1SRQWJ+UkE4xgEE1+q+lad/wAE3f20/ghpssHhb4dWvhxrqSLS7LUjYaRqWn3cvDOluCkqM+W+ZiRknjnFd+N8XMxwNRVc64erU8PhZc/tua8ayjGK/dtRcFvdc09bWvff4vEeGuUVFH6pVrTdSoklThCsqDk0vfjBxm1fd8mlrvof5xtve2GZROi72lIZ03swQZOG4baw53FmJ4zg4rUm1CzniEVvL5kjAIELsFQKRtJXPBwOcLjOema/uz8d/wDBvB+x74+06XVPhxr9x4Xnvy06SWt7De6eqyAn5AjHKEtwM/Mpz7D87/iX/wAG0XxW8PzXF98OfFeg+J7BfNkt7e4U2dxIhyVU7mbczAjgDk8DHy19BlPjnwlmLpwrxxWBlKKknVoOVO3u6upS5orfd+unX5vE+HFSi5Rw2Y4KpOMuVxqSeGm5Jr3bVVFNtpLS6W/p/LzpVtbXi7Zmj2pJH9pZmXdGoHzeWMEgjsQCDxxzmtjV9D8MaXaTXcLxC5vU2QtJHumVlxlicfcOcgkYGDk8nP6SfFj/AIJWftO/BzVdRg1L4c6+8UPmM91b6VdTWB8okZSZAysjEcED5QOW5yPmnXvgD8T9F09x4p8D6kjhCsE66ZcLHFGhwfnMWd55YjAbcRX3mE454Zx0L4PNsLVml8KrR5k9NWm1Z6p7fc3Z+FieDM/w8rSwNaUbJqVKKqQaVknzQck097rRp+ennfwQ8HLqXj7wvJ9qgv2Z5ppLchQqRpCzZVCcggLhtw6L3xgeE/FOKey8beLZrONpY31u5QME+VXEm0hXXoAVIAGM49Mbfsj4BeCtQ8P/ABX0m/1CGU21vYX8jPcxyWcUCm2lCxMsiqCy8DJBORgdOfnjxhoWp3Hi/XL1EiNnc63qEvlzfdP79yoCtjcrchSAc7QOGwa78FnUMXi3ClONWn7ONpU3zcrbSdtXve+m3Te581m2Cx2X01GphKtN8rvzQd01be6bafW17XsnqefWMOq/YLa8nMgDRpEYWXzFVCOX3fxcYwDgjnrnjbjudOvVCOUaSzQB2WNVkkb+6wIG7dyCvb0IrPu7DVLieSyhlEOyX5bWOTlwB8xYnJCqM8LnPbk88u3hzUbaWWWOUl5nKxRBgZFkByBgDOM/xYOAcDAY5+opYmo0kkk7rduy0ju1d9NdetrJKx8tXqzlBc0WtdVd7qz3SstfS2ibR6hFJ4elklkW0ktLhbcLCY2dA8u3IJKkkZx1JBGTj1rsvD/ibx54X1PT73RfFevaTDcIViex1S5ZbVQcrmJZMBlVcH5QB16jJ8KtdN1u1upJrmU7xH5YRm/iZRhOmQRydyqAAfWtaHWdQhmhsIisMqNsuZFcNtSXqAGLYIXB4O4bctkV2rE1IpQTakldtO70ktbrTV30ukrPqkLCzrJuTbjFy92LTWnMtX01136Pdu5+s37P/wC1F+2Z/YOvav4A+J15qGkeBpEl1SDWL1T9og3P5gEckh87cF4A4PTJwK9E0f8A4K7/ABw0u5v7X4p/D7wn430WVZE8q90uzE88YJjciSaJ2zhThhjB+Y8cj4C/Ztg1V9f17QxrF2mnaxY7WtrWV/Kv50dfJS5jjO4qjMdxKgAHnjNc9+1tpcfhX4l3/hyeNrNrCy025MFpkQh57eJnGBgFSGyVweWJ6nnOhnzjilg5VW5uPPyuUXpor2bt0u2k+uvb62nhKscDDG8idLmS57dXZtNxaV7K/m91qmfrEn7Wf/BN/wCNGnWh+L37OR8K6rqQMd5qXhuI27iVz80hkjAjDJndlV29x8vNRN+yt/wSp+Lcqp8N/wBpDxN8LtTYK40/xBc5tIZ2xiPkJuVGIGASMDAPavwz0nX7e9kh0q/aN7NZIyj7NskcZ4KlwQASuT83I+XsVau48UfDrS4dKk16w1c6eEijntbdJAy3ceOdsyYZXyF4OSpJw2Qc91THtSUZSSbe2i6x7XVt72STvY5qdejUv7WjtLlbd1fWKe7aWq6X2tuz9hNX/wCCTPiyRpL/AOB37U3w0+JVjcwObGx1K+srGdowuVjLTzNl2GACVzk5xk8fJPjT/gnb+2n4Ljle/wDgdF4y0qK5eWS/8JyQ6qJ1RtzSIYCThlBYN8xI45yDX5i2nxL+Jfg6dJvD3jDxTphiuMxNDqV5DGDwVMQEhXHAI246Docivu79mv8Ab8/a68N+K9M0Nfi54km0o2t07W17cy3kLCOIugYSF1IYLsOQRlidpbmu+jicHOnerSTb1Wis78re/S13azaT0tus8TgsNVi5JqK5XorO17N2atrpe3S19tvFPGPw/wDFnhLUbuLxJ8LfHXgq/mVbaWS50jUI4owuBIzeXCQVC8jJ2Y9M4rziDRNGmmube91iWJkjZIFvbeWF16syETIuQcEE9TyM9K/Uq1/4LGfGeHWF0r4l+CfBfjvS7a7uLW4Gp6Np7zzW0UpQu80luWLsqnHzZAOeGBJ9fsf+Cgv/AATy+Lk8WnfGL9l3QtElux5c2q6LbJFJ57kK7j7MI8KCd/3eMHgkZpywOUY2Mkp06Laa5Wopc2miatrbrqu90fJYjIYRc3QrSi5vRxequouza1vqm+lrWsficPDmlQ31tayXkNvZypg3VrOJA5Zc7SVz5Y5bJAwAw5x062z+GnhS40q+1NNVhkvVZ7VdLJWe4dFjZlmt1UrkucfN/dOQBjFfupafs/8A/BIr43Kn/CE/FPVfhlq1zEd1rc6ii21tPICQphmJYqGwSFO7GPUmvOtb/wCCN/hHW2kuvgh+1Z4P1aSaSX7FDqUiwTTKwJTbcNMFKklVLbSBkntmvFqcHxlJzozhKN27c+6tHo9LaeR4zyDHL3qWN15rapNyTUUoy1a1v2TR+Dtz4buNNsllVzArzOhhlQ4jQEqAj4xI20AsRnBG0jPT0LwP8Lh42utC8O6JcQ/29rF3HDam4zEU3OBJK2eoRPn2jII64PX9E/Hn/BLH9tbwFaIIPDuh/EfS7Vp3in0LUbbUZJUO4syQRZbc/JCtnqFwQOPlvT/hv+0f8GfE2neK/EXwg8V6ZeeH73bC9xol0bSBEYMJCYozlowA4Y8BQByDz5mI4YnTvOaahCydrtKKcb6ttKSsrWtrrrax8tn+D4hw2Erxw0o1K7oS9nFOVuf3UnrJ2tZNyS262uc/8efhVrf7PEkHgxNQGr63eW1vqt9qkEYjhjgkVS0R5LsIslcsfmPHrn5m8E+CNS+JHxA8P6HpkDarfaxqMaTxQuEWG3Rg0txKRlVMaAlckkkAkDJavXfiv4z8QeOPH2r69401jV559VT/AEiO4s5oltYApCWkQeMKqxAAHaFzyc7uK3PAdzJ4G0ZbnwTpkEuvSrNdx6+1wq3Vqrhhs2kltp6rgjccccmvn8Xg/ZKo6EHBt8qnJ81npd2jHVW1u2ru11pY4cihmOW5Uvr9L6xm2JhGNWbslGcmnJ6xadOKvd/afrr9NS6xo37PngvxjoPhnVTpOqvdx6XLNqDJLNqUjALcLEhH7uIEkBwcHhiOcV+2P/BLr4p/su6n8DviF8PvihZ6NF478T6XeTX+t3K2qq2nfZXS0trC9cA28pdwZdrqdwyR6fyu+JtI+JPjCznvdY0/UdUutQvDIl4Zmcu7MC5UKCEDEnI4z1PGMdP4I0r4h+G7K6L32sadaQDyFWxkmDRu+f3MzoQyliNoBbA7cHnp4ZzqXDdeVetCOLp2lTlConH4+V88Xttde6ktLaHxXF3heuIcC6lGtThjqtaFWc6lGNSE1ytSpzhpeKjL3WmuWSjJapHr37S/wN8W+G/ifrurLpFw/wANG8TahHoWvR3Ky2M+hw35ZlF1Gf3ki25YAMOeSCAMn6R/aX/bM+FXxT+GPwa+CXwu0e40zQfhZp1kNbv7xSw1a8tVjBiig4Rgrby0mMMp5PJB+B/EvxQ+It/4fk8J67r+qvo2n3DfZdGuZyxaWXOcK/QOcBwcg85ORx5P4Ws7uy1lsWbC4uoykcbjdGquDlyxxsIBwcjq3U9vRxXE05UMxlg4ww0cw0nFazVPmUlGLvdRi/i2bta10z6HK+C5ywOTxziSq1sjUVhFTuqdSq4RpxxE4tayirqzel5au7Z9H/FzxRP4m0S0v/DemCytllihuprYssTiLYoUQLhVVME7iGzgHkmvne78WDSVtbWTUWuNkvmvDKCcORyzFgc7MEKBxnk8gV61p+u2On6bcWWsXoXAkQ2AH7q43N8xRuM5wRvAyeecAiuE8YeFtH1DSbjxBp1qbGJIdkUTR7vOMo52Nk/OpB5yckgZJ4HxGDzWv7WVCsqtnLSpdyg7NXa5Vo72d9VotbvX9aybLcHSoqUKMbtRXM0nraPNZJJ2e9m+u9nd8rY/EnTLS9njDRGxcOfISMqrzyA7i5zyCc91/iweeaG6HxRrYyq2cBiUxiNhsVULOEwDgMeoJOfcYrye30to3FlOrqN4kErx7HYt0TOTyxJ25GDwSOorsrGK6sJEiMi2kceJ1fcPMbA4TdznJIO0HqecDNe84KX7xubbirXu3qlp1UraJf1b6SlhKUWockYxur8q5Ulpo7e7e97Wtbqmz26wWwuI/wCzYoJ4USZUc52yTKowXBzwv8XHs3QiuY8V6vrfhIWCadcSx6Ik80iyEEgXOBwG5+YY6sPpgdea0y412bU4VtZZLuWRGl2wtgJEOpPYZX72R1yQM4K7HxDurzVfB0FpMptbqGQmK2jAaS52g7pDk5BGN3vgAghq5sPVr4XFwcKk+WbvLXr7vWLs13S2tZas7auV4SvGLlThJJPScVfRRTk0npZpKyd7W6O68t8UeIdY8Ross99JMyECMCVd53H5xkDnAI/i2kfL67sSz8PLceWsKi4lkZD5TuFKzkAtwcEgnIJBOODkgg1x8Iu9kcXly/aBIwMhO1kKsCVYdCRyAeM46DkH0XwhKlvb3V5eToLm3mRkllYpGpGcrzhSSOOo5JJGa+kq1ZzipOblOSXLzNyb2sru+3RfOyvrUMLRwVNRoU4U4q3uxtGz93mSiraq92nu1bbbU8YfDvT7TwZoOt2DSpcXFy8GqRtGSPMydqxH+Lnpj7vzdMHHnHivw3LokVlcQskiyWoaSGNDmIbQAXI+6cnJOBxxxyR6OPHV/qmo2elTXEdxYtfedbWqqGgLgBcsSMDcwPBAyuST0B9P8f3fh2z0BL64sI3S9sXguJSAr/aY1JZYFbacLjgjsDgfKSeH61OlWoU5rm9rKydtN42S+zZrVdNX0M1UkpKN38V9Fq9Y6W16W0t3urM+QbO78loUDJiVSWQndyxOPqMfeBzgHkV6j4W1GW3spJbVzJcbpRIApICquCEbghCc55yT0PUV47b3FncarbGEeVbO0h+6W2xZztxng4zyT6dcgV6zba5obiZ7ItaxWduIPLCiJJWPyO0rkMNvJIGeWIHfDd1Ze4o8jl1dtXrbu1azWvRW9Gefm9Oc40oUo6ymk7X2bhv2ba2d7alaHxNM9zLJLKd0crEbssm08YAJIDYyOp3fxD7udLSvEk8El1KsgjfJaHHdtykMCDhAcZA5wTnHAWvLJp0nubqK3Xassm5ADktySW3DAOQOpAO3ABOTWppmmeJry0kuNL0XUrq0ScRST29tLLGOD8ocAkcDPGAFGSVC5rgxMcJSp8+JqUqMZRUFKpOEY3fLaPM1FJ631t5Xs0bfVbQppysuRaLXpGNrWXW72006Kx69/wALLnu2EN9cC6aN49jYAZJkAA3sADgDBDAgYznJYViaw+oazcpcQSJLPcb0iiU/M2SflOOcKCCGHIIGCSeey+A/7M/jb4yeLza+RNovh+wYSa1eXSvHLHDIck2qsFM05Vug6E9sED9JpP2H/hh4ct7CNtW16bVYnjktL4BkRYyp3GdMAZ3Zyd2dpJ561+ScUeKXBPB+Ywy3EY/22PnBOdPCQeIVCMlo67gpRg2ldR5rqN9L3R1U8DUVNShGydrKc0rv3UlZvRrdJWdk0m2j8+PDXwtuobSy1m6KzyiJ5JbWZwBG+OAxPDOSfmU4II5yCMXdZ8LX728N/HaLc+XlJ47Ysfs0a4G0KvPAPOMk9RgAg/oRrH7GGq2mhz3eheNsvdpLPHp99IEUmMMyIkhYgCRQ33VGT8oPOa8AT4ffEK0Y6OdFaxuhF9ntp5FbF/8APtZ1BU71PUSHduIDZK5FfL5d4p5JnlaVbBZpSnGnO0qddexlGKcdIxqpNqydrLz8znnh8RQblWi7TimlvHlVrpNWSbWytrfvofFz3dxd/aoLiGSE2TOsMRBAk2k8H5dxHQAdskYbjHuHwjGraFJFqz2IszdzKbe4MhRSVwSQjHopC8ZyW4A4GNfxJ4A8QfDiWe58ReHC0+qOwtJ5MOituG7YSCqpuI6joehOQfN9e8X36QjTJ4pLaeEqbeC1IWIOwyC+0AEgcgjAyT8uCAfra2Lp8SYP6vhJUatGolzzjKM4ybs1ZxTd7X+V9tElKUYqNo2to7pRbba1vyu3LHZW067n6C2ni61e1S31KS3lfU7Nxdx3YUpsKtu2g5wGGQFJw2S2O1eNy+B/gV4tv7i0nCWMqRSl/siqiPdFycHGcnJ5VBkY4x3+SofG+s3lnJDNPfPcqrwSSLIxaK3AwAhGCpycHGCMcEjcTg+D/FF1pOsmWSeQgXIaOKdiBLIvc56YBwPUdcnaa8jLuBsflccViMJmOKw1WdpRhTqPlv7rSlBpJ6JJLTfU2552tGL000k27+6ryVk3olukutj638Ufst6VqNvb3XgDUYoI7S3USQXTASzXDH5WXcR8rdMYIHXGcmq9v+yt4t0exjuLx0k1CaESxpbfvEWRMlQ7qSIw+QAducnnBxVbRvjBDBcW7+fIZZnjeZASsYljOQOGChPUHOfXBOOs1v8AaW1a3nlMVzFbwSFV8gEyIyRgblU5JQEDA7DBIxml/aHHNCcaNLlxFNfFOrBtq0lbmvonyrTXvfR69VKopQjeT0fvWvJKzj0fVaW1d1rvqeB+L/D/AIq8ETyDxbFNbyQRqtrbzMTFKW/2wAGbBB4BOGGQa7D4Oyvqgvrq8zFp+nsZ1Zz+5a4Y5jU7sq0Y4HHBPNVvH3jvTviBb239ov8AbdQu+LNHYhYZGACpyfw3EAdNoA5H0l4G+ENzofg3TY9RgtbdNQiGo3m+dAJEUBkghYD73IBPGdw+XPC/c4PPPqeDp1c6UKNVpKTu7OUlBt3eivp389j06PLKDs0npvdt35dbvZ2s300aWx7v8E/in4a0aK70O6ltLG8Z1nnkSDYHUkkKswIyuBj0y3Tqa+t4PEWn3KI1rNE8dzGJYpRgqUIU7uCeRnpjnAxwQT+cmp+Cr/T/AA5qmpW1tbW1zeso0pWUPO0S4B2yjlAdvC8nIBBG6vR/g74mu9Pgt7XxDqPnCJFCWxVsQqpbfGzNkblyTtweo56lvt8i4ry/GUo06VenON47S1XTa7e1nayb0sndNZ11UTTTWzb2tZ7O176pJ/Cuumtz7Xa/AYNF5ZLBsuMD5CA2D6M2SN3UHp1AEd14jtdJ0/7bdXkapGhLxRsomkzw4Iz8wG0nPQc44OTySazpckCSx5MUjK5lQfKsW0Eq5B4UrklR154bv4f431+GXX7W3tn8zT1lLXEiMWjS3PLbUUAA4J4Jxk43ZIz6GdZ4sLQp+wkvaVJxgpX+FSkvea3snrq+lvXxsRCtUnyq0m0lypt9ne1r6eflr1X0pYeLrPUYzqNpIqRttwj5DFD8u4Ekbj1Bx+ua6SS+We2jmLK5lcfIsgQMqnnbz14HJPHXgYA5e50rw5qnhHQdR8O3NtHNFagSxgBEkjUMDuAJImJyeQOQSBnJrP0eF7l/stxvSG3iaRZ0PBJXIORwAvGTk88McGvtMizH2NHD1Z1o1JxVOTlBvlvaMt9b23Sbvfby+Lz3KpY3D1sNK0VWg6dt0+ZK/SzX3O90vP8Ap3/YW/4KI/sz+BvgB4U8PfEXxl/wi3ijwHcy6fJoxUub4O5dZrTnEw8rAZQow+QcHg/lX+3D+0H8Pf2hvjf448c/DTUr6fQr5I7OF7+GSCeaa2Ty3lWNidiMVO0nkg9RmvyhvXth470KxvLFp7CyvEnuroMsaTCZgEEjbs7hnGc5IAB5Fe76bHZ2N3qZt3iAnn3KjFWjjhbLCJGHIO3jjJOT0PNfQ0s4yzFV8Zi6LnDF1Yyo1pOXuNS5ZXjFJW1T0d19x83w9wrmuFhl+W4ivh55XgcQq2FpQpSjVi4xaXPUc/e+JpJRS91bPbgtVtJo3beS4BLbx0JwSScDBA77u4yBiuEu4iyFzncSS5IKgEdPoB6gZOB0OBXq2vzJKxWEKsTDfvXkblGCMDHGOM4xnODk5Pmd8udxVg0TYDZbADAcqMDOSBjn5c5ryqleMZe63ONruXR2s1a6vq9t32V0j9kpYD3dW9orlSSSWi02d2mr/lc4m5iJXzDsLsSqpkZ5GOVOec4JOeAwJwMViSWlyiEsAm3OSCCOp6Lg88dTnPHGOR3ZtbQrv2uM5TAPy/3Qx5OQO/Tp7kHJmtgis0aM6rlCX+6Rydwyc4OSFPAJB6jBMwxEGlrdap6q6do2TTWu607PVXuyHl9RSbi7pN6J7baNbvy6626nJywBUO7e6OVI/hCnuR1zn+6QPcCqVzEqEwrGz5UHLHOz32A9eAVyR3wpreuCwIkkQqAdoAIwgyedpGMnr2GDnjNUJG2bgynByQXXc3JXBzkHuvHcHO0lQtHOpSesUkmuttlZ2umtkr2166kSwNayStsne1tbpptK1n6pvfpZHONaFgEwNrKSNyks2MYB9R0wBwOD2FUbnSjKAnl4YEHepwSQAccDqew45JAByBXTCTYC8mCckAEE4BPBGQPlHGeAOR0AxTJrkKo8xVJVichcNzkYJ5HB+pA/Akcr3stNHayaSulq/v1Wq163b0pYHlh+8T6KSt/hu99Glou19bNu/nF/4fZgY13uG+YqQFYEdiSM7eeBkjuR0xkHRHiYBsqpB+XaHycc4AB49QSCQS3UA16DfKrq8ilkdVHzKCoKg5xkDOc4z29ucUtukUkS7wXZg2HGMk4z8wOenXHAJBOB92jnjGzTd01daW6XV2tdbrqnf0OerlkKkrxjror+7a1krvZ/J6XXbfzT+zCCSiPtDHJwuPYgHOCwznqB+QFOXTy29omz8w2uuUcNkZClSSBknHADck16fLawsrR7VdiTtAGzAwAWORjA5OMdfvEA1gXumiELJCCc7d0ZBOST3wf4gMA4A7+1HtHNp9NLK668umje66X6OzvtxyyqUUuS6ta70W3KvJNK+ut//JjQ8J/EXxt4OliOnahNe2iFQ1ldyGSNlyAwBbcwIA49OobHNfXPgj46+GPEUiWutRtompKoBMjg28rEDaQxGArEnGfXAI5A+O4ra3lA/dMky/KVA2rgDjO0jPcE7TnG7ABOG/ZYQjEAkIdpAB3bsk5BAJyCMA8AEjjk0nyzirpc2l/wS1Wui16WbuRCnXoTW6ilqn122bVlvq+unmj9O02yWqXMMvmxyYeF0YPCVYZySMg5BU4PI56DpmLY380piSJS0hdnY8IV/vYIbBIAx1OOR3J+MfAXxW1/wa0VrdTy6noRYB7a5YvJCCcfu2JOAijJUnk8qAc4+zfDfinTPEsEWpaReRXMexTLaAgTW7MD8jqCCNhycE4wOBjOeKqnC2l2mnKVldPT3tlq723cdNNVderh8Sp6KXK1bTrd219W/Vvy613abSvMZ1URJk/Ou0FiDuUluMkYKnIA6dsjesJorq2M8dyiy8lECghFOSwIx1Ib5WLenoN2ZqbxXaSi5VwWIxEoyhGcbvTIznjnsc8iuUQ/Zrnyo5pSkaNtKoQFzkkMF4A6ZDcdCeThdKXvNNO3m3qtVZaa3sttflqjgxvPZuUrpXV9Xfvfztvdao6O781L04uHmiUcOpJXJzhVHOADwcKMAdu9oXnl7SrKZCuMBcsP4Tknkgrg4AzngnpjMUtcqc742KKqbBksgxjK54zngk7R0zwKju2SGMlImLxlBvTggknGWA5Jzyx6fNwRgnsgnHWTurrRN6Kyte93pZtbLT0v8niXGMW07JNO929F2sr32/4Gxb8QaDpfiux+xX1rAZniKJdqqxywSbSdxIwSdx6BgCOuMsa+RvFXhbVfB115F4ZJ9Pklb7PcqjFduTgOwU7cA4AIGep6YP2/o8Vg+jC/uC73EsuA7I2yMA4O5sgMMdx34zjr5R8QtT0W7tr/AEsrHePKSFVU3tC4UnIJ6YJzlSNuMcYOOhRk7W0W+rT1bW9rytv1srNbb+Nh8++rVPZSk21oouSve6S0V767rpfyPj7+zjLcoY1knaUl0RQSckcAZOQMEZ2jA554zXA/GHxBD4P8Ny6CrRHUdXhDTwFxvgiPVWxzg9MNywxkZHHpGseNfCnw0E00s/8AaviAg/2fZQMJIrclSA1zksgCnGV5zj6k/n/8SPGl74v1271C+Mkt1MzCYIWCKofKQxHqI1wuNvqG6kGoeIjh3y3V9G11d7J31Wuuqfrp09/D08Rmdpx5owvdNuyktHbXVpKze3TV3sUovCug6jYNq2oag1oYXlk8jpGAuTtL7g2XYAADsNwGDkebaN43TTNZkS1SSe1Z5kjBzlljyiHC5AGMfL6dwc12dt4X1bXLXMk08WnqE/clyhY9RwcZzwTkc5PuTpWvwxt7WQmJledkLl5MEJuGCFI9VJBBHUj+EHLqZhpBU4xilZu2rdrK0u97a20Vtrqz7IZRGlNyryc5bwVk1HtG6euy0+TWmkvhHxTdX2qyy/OrSNJ5hdiwQgHYEHXoAO+OPbP0n4e8YbLYGGdLW8tUCI8j4UujZDlD1AIGQcjJBI6g+J+FvCL2huQVTfcE7WOAdo53KR0OeAc4yeeldRH4V1BJSViMu+b5WVwAuOCCQRjoDz6YIFQ8TGtGMJU+/M9Fq9b6NPVvW2rVnZ2ud9CjGloubldraWSvy7aXv7qvp53e6+ev2kviR8SPiBry6fq1zqWqaVpy+TZwRo/2RWTA3jaMMRgFTzgDGOteFeGvAXinVLmGS30+4hikkTJlQryMZGCMHdjGRnBHuK/Re28PmWVFvbJSyAqB5StlurEkg5+7/Fwc9sg10djo6KNscEUIgcFAsKEHGR8xVRtbPBJ9hntWCw9GLc2m+qila2sfPa9pW06W3O2lUVL3IRjGC3lFLmfw3bd79Lq61trfp5X8JfBWr+G57i4vbUxfabVLcb2+YKVxuIJyuQBksDk8MSASPYRpq28674m3FyxYgcjjB+XOCOckgZyOcVvRabebSzyFQ0QKsMKgUEnGQMqD1OTnrnrmrf2WQKplkUAoFjdssSo5O4ggZzgDJAzk8cilUhFvWN25Ra0V0k1ZO73631tdLo79EpcyuuZWs+i6pbfi3urv5c/8sRm6FGBA3KSewwuCccntj7vfGDzGsaba6mkkV1DDJHsIj3IAVLA55Oenrnv24rvrjTbkwK2wFVywZSBuGV5xz82Occ/SuYurNzKCR8rsuxQQMnqxYnoCR7jBPOOii4xsrOy1b0u72ezVnbTTeyWvfkm3dcy66rXR7pu+y6OzTWjVuuJ4A+IXxH+COrnV/h94lv7KNJFkfSXuJHsLkRncYp4GYwuhDcALs2kk4OMfYi/tYfCX44QWulfGvw3c+BviDEkMFl4+8OslvZrMX5kvraJAGTIDM5bucmvjnVLLy8A24YM4O5m6kE8JgH1wCOMnjBBNcRquk285cTxybmBzhd20gjaUyDjrzk9x6V10q/sakHTai421Tuls7X3e27VtFd7o8vHZdhsbTnTrU4TjUjyyvZtp8sbXaSas9OZtPbTU/bjwt4x8feE9Othp3jZPiD4RNukuh6pYn7cIYUQMkd3Em+S33DIO/OTnngVrXv7S+tXNvcWuoaVp7W06tbbo9itDN/qy5TnaTjDKyH7xzwMr+GvhD4xfEb4Na3HqOgeINRt9GKhbiwZ2uLOeMc7JLdwVjUjIyqjqevykfc3wx+NXwf8AjRoWp6nP4m0rwH4zslNxd2mr3kaWetXSsTI1pG21YyxGRGBjkCv03hvjJRUMJjpJwXLBN2ul7sbO/M2mt3ZddbJH868ZeD1KjVqZnk9J0pScqlSNFNS7v93F2Tk7XcOui7r0Hx/4S8DfFKB317S7S1vwWMF/ZrHBcZdmKSbkRPMA3BmyWPzEDsR8P+Nvgf458BveX+gSr4k0BSXZEG68ihxuAMYOXx6k9sjPBP1BY+LtC1iRY7G+tropOwFzaTK8ckiHbuCqc+SdoA5AI6Bga7iGf7SCkDxmRdhuE8zdEy99yklWGOoIJGCcHNe/nvA/DXE9CU3Sp08VUi5wr0LRlGTSs5WVpa2unra+qsfKcPeI/FHBGJjQlUrVsJRlyzw2JcmuWPImlzap2S1VrJbdT8vbi8sNQBt76GKF2Yo9ndReU6SKMMrhtoOecsAc8HnrXiPjj4QaFrqz3FksVpeclZIeIiB6bDgjO4cZ6AGv1Q+JvwI0LxxaTajDHFpPiAA/Zbm0VUhuCR8olRNoIYkD15wSSrCvz+8ReGfFfw91aTTNc0+QbZCFuzGzW1zEHO0o5BAYgZCk5Gcbs1/NvEvAmacJ4mXJzVsLJ3hiIJ8tm9FNfZa0Wv39D+reC/FHIuNKEUqsMPj4xUZ4WrKMajlpzOl/Ot7aX6W3v8L618OPE3hq7FxHbymBVbZc24OH2EnJXHOB3AK4G5sYAr0n4K/tI/FH4F+JbLxL4E8R6r4c1iwnVkubO5kiguBG3MV1ADslRiNrblORleTk19XImla5aGOYOZsfMgQFV3AY2hjgoARuHOeOO58p8YfBnS9Qinawha1uwnmAxIdjkgkKcD7xPJ5AHJ6nNeBQxzuoVfdaVr3W+juo333e59tjsvwePouFSNOrTqLlacU20+XR727aW1621P1n8Jfttfspft2+FbD4c/ti+EdP8E/ExIo7TQfjb4fSK0k+1uNkcusrDGPOiLuGlMhLEZBYZIr4e/ap/YU8d/s4tD4ls7m0+Ifwi8QP53hz4jeHFF/ot1byZaGO7nthKLG8MbqJEmIJYNyBX506j4M8R+HJXEkE4twwDPEpZFK/MpJwTnCqdyEEdfSvuz9kP9uD4tfCy7g+FniWBvir8GPFd5b6DrPwz8ROL+2uBqEi20T6O10sjWd4rSjymhZCG2g4AJG2Id4Sr+0TjGLk09VFWTs0tXdatvTRLsn8dLIsVllS2WScqM3BPC1JXSTtb2Tbsnu2ndWXlc8p8B6i/haG4jh1W9jSWJCulmXfazo/zHgkjr+OBknJJrG1/W/tWqTvJtQPgxRRlsKy5wO6jAydxAJz32jH2N+1p+z3qXwh+JbafbeDdX8GaF4l0q18V6HpWtW7wS2VhqUa3SadBcOcXCWyOIyykAYONpr4q1yGJJBOgCM6GFlAJEYUFQS3UZ455zjcSAcV+arG4TNMTOvBxqR5rRcdor4XZa9fRN3W230kcLPC0kqtNU6suXmWkbXUdWtn73o+W7W2vO6lffbFVQN83mBnaP5c+XuIyw7457gHP3RgVPpqXWpTQyNK8MGTGgJJO8cABBgMzHgFunJwDkivDpd55C5jCRLPlZiQocs+7nOQQT3554zzk3GvJo5hBDEqzW0gYOikKoBBLgjqw5wcdeRng11VFTcWoactt2naySetm7LS91pfqlc0hJJO6d9G3u+mi3d11T1017ltrSazaeE4Uxyb3D/MZdwyvH8OOCVOMEe9dn8Nb7VI/EELWF8untdGSGeV0BjhhK4ZgmMFyMg9Tnbxk7a5SSRr+WJYS7M6l5lbhmdRw5boOT8mOwJzjOV05pLRijSqZQ7SMwcJt2ksoZgOhGDgE5APTBFebXp/WqFSi/tRSSa92LbSvyvV6tabdHfpE6k1BqHNLV2u7WejV2r2Vn0s1e76nv8A438TeFba10vRLHwnajXLf7St9rhYiXUml3GOd4uduw5KqfvcAYOK8NSObfLemRhApeMiTO5s7jtVTgBASABknBBA65bDc6reyG+vGWSLzdiscs5ZGwkZJyxjAJ3DIHp1yeq1KBbjTZZhGkbtsiJYBVLAAYC/7O3hsbfmJJOePJp4T6gqMHzzblZymmt+Vcqfk7dForK3TkhKSSi1J3bTu3d35bxvpfVW+9O2t/KZ7iP7QZlG0nKhDhlI3dVA9+eDu5OSDxWa6JMPOxIqRsUHO7ljySM84ODn+HkYB5q/PtiJhdd8pdmUqBuxk4XIGPlX8T0rOMgghIRnMjuVIJJAxyR8xGDk9tpJzz1NfVYaPuQ5bRaUb3V7pcn6vTZvpo1fsTsrWfvXuteqWjs2k1dt9F59ebZJUum2kyTEMgPBQKMnnaR057jngEDOLMWmS6hMqksAq7ZX3/cIOMBSR8xJO0gn5evGSGIZoIpZAA6pMMODkk5yFCjrnGM4IwMdKr3N3cRwTyR+YsrsGYxqwdGPTaxzkjIJGCeenHHsQnzcsbpJJJ3Vn9laOzXeXeyv00ym1J2as00lf4brlkv5kumu7u/O8GqTy6OkkK5O2QqoLbi4xy4UABcKdwUnnjqDWGJbiSWOVZdwkXPX5lPUHrkDOMgcY9Bmsa6h1KWSRrh5WeRwwaRj8y5UqVB79FIIxwQemB09rpM0MEdxO6q7bdoJPllCoGSRkBs5XaM8ceufTcaVOld+9zJarVyulrpo99HpbyW9SapU+icl63lZL3bdm9bJPW71bO20PT0uJbV71DLErIWZTku2MgHB4BPBAI3DJyBX1b471Xw34g+Fmj2mm+DdN0e80UCD7bARFd3crAK9zNk5kRxkqATy3PbHyppMjO1sEYRBHII3cufpg/Ke3QfeGADkew3eoXGsaVDbW7N5kUaW6Qr8qSFTy7DBDL8vJwQD718nmMl7WlJ88FComtVbVRWrT1UVaye7fkj4HiGliauIwmJp150oYapGbjGTSm/dupJNXSjq4yvdvpseSJplxM0cdkzrGxYyFgVUOPv/ACr6Y64J6kbsk1tkKkFvZIzQXC+bvuFXb5rKTxnBySBwQCoHOCThenj8G6lCi3okRVYkiDzBh2IVZCSOAoJPGOewHO7k7u7jF6POVkjtcxygL+7LcKSAckoTyCST0zk9OqjOniFeDjOyi+10lzNbrVNW0v10Wx4iz6rXxTpU5e29j8a2SsldWTVttLP7+rIIp3aSWZnSSPCpKxBVkBwSxJyenfJ4yflGDQn0HTL+WWaaUs0S70JJ8tnIyS/CgISMYwACc55rQG7EtzC5nt423MpPy4fJXC8Ej7uRjqBjI4rWMmmXVqk6gxXIMcTQjiFh1O7BGVYndyOMD0IrdqpSlTcG23y3atZWcb+6k1dXd3o7a2Z20s5lFc04yUVbrdpvlbVktHd3fXTVnmGnzWUeqmxhU+TLJsmkxtaP5/mdBxuxyo4HBOea7zxxpdnpEOnLoFvII7i2WW7uZF3IzbQSWbbhSTkHnI6cgkjJ0vw5BdeIjNJtSyhkLyujhsFmBAXB4HIyAuerAkmvevGFul94TGnWMVvMYrUJK6oGdY1UY2sFYlgOcE4PHIGDX0mHwtGovf3cE76c0m3G9r7X/m1tFPdXPPzniuOFzjK6UKknTq8sK8Hdcrk4rVydovT4raW0PlebWY3lgSR1uNqmORR8zAjrtBOAqnPvjOCc1Jd6VBPH9pjuA3mReYFQLtRiFJRSRlWJOccnBPYc63hbwDeeI9XWxt4WWO3M0tzMxaI+SjFnK5GckAja3uBjml8S+HP7N1CSw025DrlGiQMQd4yu3OccHbkDOMkhQOA5YSnTkpQdmraRacVblbTu09b20X4s+ofFGAWMjl9OadZ0o1ZKm+aEYOzV2k0m77387LQy7ATpCkaMiBlIEZ5JYDgMeTlVyeRz1GB97STSbi4SCSHErvuO0HBMgYnA4yAByOxwOgBzj6THc29zcQXcJlnD/IpYlkGSSQOQAQcE/NgHjIGa9WsLKSLTWvmKAkDMezay7uwIyQect6E4bgYriqU3CfOpJ+9G9k72vFe9Ly6r7jyM3zKlQqOS97ns7RldNOK7JxSSV7JXb08zhJLF41VblRvZ/LfeuPm9FYnhh1JwBzjBY5rRk0K7toY57i3ZoW8swOMMoUjPzkYPoOc9MccY6O+0uLUUsy0h8+SVmRFOFfcQFBO47CMYbPHA6dK2dc36JpsOmy3AcPAokMuWMZQjHl5PoxwVGDxnmm27QtZtt8yum3be6autNea7b0WrZ4Es49pKhGi7zqSalTTWkd/hflf7rW2tyFrbW5kkKgQyEYmKsC3OM7QOegyeM4z2wKt38ltZW8bwLBKqgmZmjG4cnKt90sxzhueG45BqxpdjAQ08rl1fbJBjA3Dr84OAuCM88HkAdRXGeKtZggLQIEX5zvCkMGAOeCDwQvTdwMcgZ+XmhBVavLKErXu3fpo+q2V76bP5t9NGOIxeJpU4ylGK5eeKuubWN76K9kn0tbRk+i+JtQg1l4bUq9tO4BBACjpgBeNm3ngdeM7R02/FHjrV7O9hZBAzov7xlwUkC4Ijxk72C9jzk8EcAcz4StrTU5zOJPJjQqZAOhk5K553FeRwCMgjOc4Hb6l4UtbqRGlhP2XKyLIhLbtwAOcZAznOOTgAjPJPfDB0dZSpKS7t3tH3Vdu22no9m9zfG4jL8FmlJYmlpCmrrm3so26O+vruedX3xF1PUoprcWzxfaANz87VyCvBK/KCMY69T1wAfGtUubGR7tpUIuTvWPY+4EgEs7DcByM8feI4PUivrK48NaSdLngRYYvLjzE8iATSIc55AB4xkDIPfrkV8w+JNAksnZUjTa8sgifjcF7KeABwTjjGeBxyOrDRw9N2pRjBJr3bJ6q2tvS/W2t3ufX8M51l+NqzpYamqPs2k0tOZJx111vLV6dHf088Esi7dzYXAKqR1BPccY47Hgc5PYwSy72JBZt7Z4I2nHQYwGJAz9fqDjvV0m1gsYVmKNdS/K25NzDf93DY4AJJOBgg4yO1K48LXaQRPb7XDyhCVGFBYLj5s884IIBzjpkiur2tO7i5L5q19u/6X1R90sVRV5SnytP7XW1ktddne+vRPTRnPQhpSpbDHHIUhSASMkHkH/8AXmvs34Y6DYaJo1tqSWrNPeWys1zKAGjkUFiVzg+hDLhSOO1eIeA/hve65r1ta3A2wQvE9zlcF0JBKKc/MSPTpnjkcfZuoeGNN0Sxsba3vvKjt0VngckKETIMeOm5iDwDwG4xwT8HxjnNKlCjl0Ksva1nzVFCSi3BLZuzau1dLr3XT4HjXP6cI4fLcNXaq1n7SoqcuVqCa07q/Rvp95C1+NUMMW77PuG5rmbBcS4xH8xGUVuAM5Iwe45sah4c1C48N38t7eSLassghliI895FRjklQGWMkY6/xDacYp1rptje3UVxBHcXFiUDXDxjakaKQGUIMgkhQM4Ixxzjix8QtUSLwv5Xh5LmCK4Bhu5JM7YFVduUU5wT14OPXsT8Hga81isNTpuUIOoub2jvyq9tdk+a7d3a3d62+IyrH1aeNoRp1JQtNqXPK6teKavokteZ3aaet0z4jvH1KK9lsCbi6eO52KzI+4RuSSMgMp5OSSevv8o7ex8TWPh60ltJjGQkRZoriMq8ruv3d7YJKsTxyOOn8Q9e8AaZYQaTfXWtQRXMVzFJHFfzQb2Lr0CsR8p4AYjkYHAIrwj4k2tnqF9F9leySe3V4zHAAo8oH5CVH3nIAJzggd6/U8BjqeLrvDQp29kkpz2T0ir31s30asut9LH7Rl+efWqroU1KShZSqrVcycVoldPW3Wy3sraYuqeOYrmzltxCYfvyRxiQgPJ2IAxhAoGBwSB07jz9tduGaCQ7Y5Ym8zzVIAfBDKCx5YA4JyOvGMdV/smcQNJJMocsQI2bcxRQxITtng+4A574yBCTEodWMQkPRTuDfxA45IJ/ujplupFfS06cYRSSs0lps3s1/mm367nsutNvmvraLvor3s7W1276Wvu3Y9e1D4u65r3h4+Hr+3tCjiJDeCNRJIEVVh3EAcqoGWQKW5IyRiux+HFillBqV/M0D3awfuGIwXwvQDnn0O04x1wDjxvw7baVLIIdQleEBmMTBflVlYAFgcAHAwADwAQCDzXe6Vf22lTyIJpJYgxji3ttLo4OXB5DKHCjA52kg98edmNJ1KM6UIWvrpbXZvTXbpZLX5XqVWU0m2uaK0u7pbb+jl13e1mrn0Z4M1V4LpNTvyZzFExcSrnyo1clZA3dhlipPXGTk81y3i74iSa5r7pp80ps7e4UJGzlkkxgM5BJ4wAFx8p/hxiuH1fxBdaZo4EMrpLeDy25BjWFiNoBXrwduOg7YIzXJ6CJrjU4FRkZ3VZD82BgnLFiep7nrnB6ZJr5rDZNS9rUxlWF5RShSTSdopJXWzvbV6WvboYc8ovbaSvpGTfwrdvTZuz6q/mvWL7UrqVWt4S8cDeXI0TDIfIy/ABCqMk84/HFVNR0uK/024H2i2+zxKsnAAcSjkrgHg5IXnOenUikubLUI9RWRXLwyLGio64MoIwQqj7ynGNx/Hk0lxpl5prG7vZAiSyqr2it87L3BUYG0jo/J7DNddOLpy9yTTva1rJ2a1S15tb+lmvXphdw1jqrJttN392+29lbS1muiR5dNcPbhkZhFbxMojOzad3Zic57Hg/eBzngg9bo3xN1rS0k021liubKaFkaOdUcFZBtdlBXI4784znHTPZXem6BqbLHc2vlM8YClQTsAAILjp8ucZ544I7DzW68JjTdRgMTJLbCUsGXrsYkhSc/OcDnHB4zx07VUjVSjUtzKz97e91rtZ6dFrbTRkyt53V09ezVrb72s97apKzOitNRjLRzIBNO7rLsckCMuRlRwP3ZOOM8ZxzX278HvgJ8JvjppMej2/xKh8EfFm4mCWGla6AuiaoW5SJbt2VITIx2AtkjHB618ayTaLBbwTxRsr/LEbcjBIwQcN1bu2V9TkAdOj0TUng1Kwm0pLxbtGjFstmCLv7Q7DyhCyfvNxkwV27WBGBjFeTmNLFVaH+x4p4OrG0o1bKcVKOq54vSUG91p5SWh7HD2NweFx9N47L6eY4SbUKmGnKUG4Pli3TqRd4zXxReyettWfQ/x9/Zk+OfwDjksvG3h6a60mIIbTXfDaNqWkXMLYZH+12geMLtOSCQRuBzkZr48uZr0FPs0ZBIw0aqUkGMMS4OGB+YdRkemRg/p/4V/bI/aQ+CdtDo3jXRNQ8SeD9TtYU/sH4haO13BdWUiqrLZ3F5CwRvKPyYbPIIzwR9L/Dv4N/seft5xalH4Q0/Wfgf8ZIIDcSackEknhjU7sodzRAAR7XkbJVWAUYYdQa8in4g4/hvDvFcUYKFfLKMoxec5TL21GlG8Up4nDSfPRt9qUHNJ32Z+tvw/wAm4sq0aHB2PrYTM5wjJZFm0fZVZyaT5MJio+5Wve0VJQlbl1d5H40+DPjT418C3lq+kapdC3jZS9lcSmSDGQHG0kgZA9fl68Cv0P8Ahf8AtbeGvEclhY+Iv+JLrRZIluC2bOZjgb95wAGY4yR2Oeory39oH/gn38bv2ftSvp/EXg+58QeHZTILPxB4et3vrYQLkxz3BjDGByPmZG4zxnBAr4VubF9HljYw3azwTNHLbzwyQvE+cgqGVXXBPofmxnJXn9Y4Z42ybP8ACU8fkWa4TMKFWEXzUq0akov3fdlG/NTe94yinFp6LQ+GzfIeLOD8ZLB5xgcbg3Tm48tenUUJKFot05tck4btOEnHTzsfvNda1JcwwT2czXdresrfabeRXgUOeCGQHhs5IYg55BBGa6nw7pNzcw3Fu7JszuDhQWUsuU25zkj5c+v0NfjV4I+OnxB+HMFnb208t3o7Osz2GpEyIVYgnyWf7hAzhSRngAkdP0L+Cn7UXgfxXqUWk315D4b1K4jUSjUZVjtpZcEkxTMwVCZD8u7pjHUcfa0M09rKEKjam2k4r3bbLq3pe9umr9U8BndKVR+1fJKyVmtG11Tejv1t0dro63xlG1pfT286utwAdvG1QqsVAOBgbeSSMkLkD0PP6KtuZRKCwlTKlTgrtx82CSclj1OT6HGOe/8AHpia8a5hurTUobpNxuLeVJFkSU7l2shwDgjGBtx2ya8xgUiX9zyCxyQSFU8gA4wQMjJHGQM59Pq8NWhGKbaal7t5La3K07731SStq/I8bF4n2uKlK/uuV02/hs4NPfduW1m7pJLU9F06+kggkmi8xfKbdED80ZHOc4HzfhwfYk53bPxJudDcxxsiZcbTtKsTv45APPYjIAIOaw/DiR3iTW0kpQW4Uuq5BYENuAyOcE7gBgggnPWrb2VtB5y+ehEjMUOAjqFOCA27j0wMZ7da64VtFaXVbvezjp169dLJK3Z9VHFyp8vNNWfLpdO/K0u9nZuzeuya0PStG1CG5mF0jIz7A6RuSu0kjI55Hy9W47jkc12Fvdw3U6spCGKQ4QHI3EEltx6jIIxwMtjqQD43o0iWUM9w7hflVUMp+V0yMYOQQT1GTg8ZJ5rb03WonnMin5A7dHAbfgDIz2AB+UenYdKrV4xjZ25motNPS903Zrazs107pWR7eHxkPdTlHVxel+8ZN903v5NXtseUftReV/YGjspKSrqokcA5VFU4yegU54BXHr3yfNZvEdjY+BtNmu5oQbuKG3aEECU7SqhwwydwUE8/X5hla6b9pqabUNL0S3slfMtxhmUnBdju5IJKjC7iecE57A188eJ5Xg0rTTqSIYbHTdzRRgjLqoA3EEqWB6kEnOMZPX46tiJQxtecYvmUVGOuj+B83M1ZKKvorau99TizPEcvt5wimuRRul9p2ak3/Kk7tru9Nz3P9nHVoNQ+NMkCTFYrm5sbOCYuTsRXSRlkJOFJC4IPXPXOK/rC8P8Ahm41rSNIvor1tJ+xeFI5rFw/kC4uo0TapckAlyv8P14AOf4k/g/4zuNL8eaPLpryQDUdTgLzKcMhW5TEikcgqoIPUEEgk4GP7L/hv4903xF4J8F6ddytPJbeFbNUvEkMQknaBdyyAMDnI5yeDz1DA/CeKFPNsbwvhK2A96GGq1fbxUHOP7xRa2u7W0va3T1/mfhzOcgyzxuxOHzetSw2IzvAYWOCnVqKnGrKjWcZU6cmtZpTT0TTTSe1z6ZvfDd7oPw9XX726vbrVNbtrZdSjlmE0Uccm5RJHhiPmAPA44+qj5rv9fudK1uCWxnTNggJU/eaBSriKQgbjv27SD1xyQOnuWs+LZG8FjRrCO5uQIYQGnyV3chShbhkQ/dIGCM+9fIPirUlsp7iSQj7VMjJIrMA28Dn5jzsxgg+wycg4/kbhnB5hUzKtGvKcZVarUY05OLi5T11jdq2kun6H+nUcLl8+G6E0qFWksPCSk+SaleKbbfLZq6TWm7do7Hof7T/AMa/DPjf4a22n3Hh2xOpx2sSS3USIDGkahDEoUYZpjghSDg7sCvyL0iW/ufGdhGkIV7O2luZmZQUsbchhBbKOiykfxYBJPU4zXsfxK8Yyai2oqbkx6Vo0T3F7IhCq88Y/c26EjDgtgbSfmIOMHBM3wR8FtJoB8Raysk+reILx79Y3BZ47Uv/AKFbrwCFK4JUAdzjGK/pPMM8lwXwS8B9Ym6+LTmoyldpSUbx3btZdOyR+CZfw5gsy4pqY6jh6VNUZKCnGCj7sJp291Jb66Wum9tDpPC3g++1zQtM8MQSL/a/j7xVa2ht3GJ2sBcqZnXHzFdhOSMDnqOcfs/+0LpugfBz9iL4kQRRLD/Zvw6k8OaY7nY5uprJkMUSgAlmnZsBQTz7gV+SXwr1jVYf21fhD4U0qxfUI7ID7TFtMtvZzXIG+SRVDKjRL0LDKnueh/SD/go54uTVdU+AX7NFlOkdz478b2ureI4o2UuNE024SZ2uAMhYJnZ0O8bdoJIx0/h7i/NsRic+y+TnJ0qEf7RrqMkk6dKftbSs95Ri7X2i/wDCz95wuDjJYfCRpu06ns27arkSabV29mvR9N0/8/rxtol7Y+JtTuruOVbprqe5aCYss8ZmmaUlkbaxBDHHBAQhe5qtCs09lJI0n2ceSzBe7NjGQSSOhyAOASemAK/uI/aq/wCCQP7Nf7QNje6/oBHw7+IJ0uG3g1nSGjXSr27ggEaPqNtGQr+aQC3lgDB53EEj+Yb9qT/gmv8AtG/sySTxav4bi8Y6C80osPEPheQXqvAHIWW5tYsyQkoFLA9ORzjI/ZvDnxn4W4qlQwHt5YDMKPLCWGxbVNzlHkj+6qNck1LW0eZO3TW55eZcIY7DQxVfC0auIoyhOU1Tg+aLklfmXK5ejTa/Jfmt4K8OS634v0OCCJ2nGpRzyY/55RurEk4bONpJyR3BwSa/aG11eT/hHrCxvDtEVoLdGYhowI4woX7w2nIwDyc9vmNfAPwM+H+rWXieXX9R0e8t7e1jkgP2qJkdZyCjhkYBhsbsBkDI3dx9RX9zflJbaOSQRQ7nHl5A2k5wAQeh4BHqDkcY/rzhlUqlB1YShJSitU0+ZpRcWt7p63ffqfzdxJRlhcTOjOLUot3TdrKyerat0t3uk/I68aVqRnF3Dd7o3IKFZFTao+7nBBO3PynPPUgDGPSNC1HWNPhj81Rdgko7FjkKeDuOWwec8DuODXhOjapqEe1XJEWVALMWEg3EnAzjJ6EZ4OehzXtvh3U55YVJULE5KArH8/3fmyuDwoOd/QA+tfXqFOUVePwxTS0bi/d1S1WtkvRu/W/y1Ko4u++zV9HGTta3V6tJrzvoeiWGpPcgtkIuCSjZZVBzjBOeeTwOnoDyOW8WPOLf7RbzGE+YAyJuQuqgYIbIwAeAQCSef97p4Lu3hhWJo1eQErjbtyrDhix44yO/A7g8VW1OaOaBd8e4ru8yJo9w24OCpwewHOPvAHngCalCPLHlhbS+uqTdrq75Vda7v/I9FPnptO/S2rly6wTVutu621tu7+WJ4uu7Y/Z5FhuF2BlD4LKT0DFR0B7+mTk5NSweNreJWW6t41YqchXKoSASAMDnAPIwehPuYr+LT5zK8cYjG1zKzRncVBwpU5yCoA6jpnjOK8v1l7aIsQy+WmBgKdzqSAW9SWIOAeVAwASKxWGg5Rb1jJrlu20728rqy6PTW71PLqwcHzXuk1o9ez6q9tO/nfQr/En4uvpNrbw2Nu0cjuC0mS4C5O5iBnOR0Axk9McZueHPHsWq6VYXLW8TuzAHz403FjwzYIyOW9xgEkcAHw7xXY3Gv3ZsrK1myXR0whJyoOOoPGVU4BzjqMA17X4T+GGv6f4YsdTn0y6e3DcyGOQRoTjLZ4CqM53Hg8ngcVhjMVgcNKGGq16MKlSUYwi5xjzNOKtG730Wltetm9e/C4KtiqU6sKUpqmlzuMeblSsrtpaLR3b/ACdz17SdM0LVYg15pFq0khYuyqqqu88HI7kkgHIGMkHkgdjpfgjw15ltPDC9rJHKcbTwOc8DGOx7gDJyD92uL0CF4LiJHXYVRUMZYksCcDIBU5YcjGOx+vtun29rFAZ5ykcqZURsQONpwPdhwVP59cDWs3KnCEGldJN393eLau7X1Wj316Ox1YbCQUH7ivdOWj01Ts7K7atZO3VrzHz2azEpBNlIwF2uAM7VIyRwAMdT1GR3zXPNoGsXNyTpd2Q/ykRozoUx97ocZIII4JJHA4qSS4kSVvLUqZGGzkk7D8uFGSWycgHJ28Y7V7d8M9Ha4uQrxqZC0SsSpJVWOcKWB+YjABOVHUghjXz+aVqdDDy9o7SknJ3St3stU2mmlZb3S836mEw7xFalFNxs43d9Urqz01slbW3+RpfD3/hbWjfZjp9vqV3FG6niN5VdWzgBhyTnuCe5wOMfUXij43+OfBmieDpvEVnPbxWviKwkna+t3jtreMXERZmkZfmVQSSCSBz6Zr6T+Efha1VbKE74xEsDyGWNCCwCkLyQFXIHU4JzyDVT9u/RbGb4NaFC8NmzvrIdikaIzRxYPzv95gcAjBz6+/8AOvEGLwWYZjVwrwcG5p0udJcyTlFJppdL3TatofqdXLsRhMiqypYqrGTotRjeVrtRWtn57WsrPS+p+pv7Znxq+H99+wbZ31/4g0x5PGuhaMfDsVhcxl7m7hto2kjCBt0ZLKVZSSwA5Gck/gV4w8dx+Ifh78ELR5o7GbUvEkt3dWoIP2iz09Y44jJlvmDkYyTjPB6Yr5xtvipqvxF8F2/gfVb6e+0DwZDqd1otkZpVt7HyEWPe4clSE5KKu0k4wBya4jWtbSWXwZLHdTR6H4IsLKRRKxTM2o3JWUrgjgkKADhsZHJHPo8AZDLh7CSpSfPCtiJzjNrlUYtxcE21tG0tUn7rtslf4vB4CoqLxNSarTcnJx5bXSaabbu7pXXR2eq1s/qL4e2UcX7SHiCO/t5DpepQ6fpoSWMOlvNeMFilPHBPy4IDA5xkYwdX9rrTLrRPiULGT9x9n0m28pyqqk1sq7UJX+8AOOvXvwK8k8O+ONVf45+I754JEsZU8M/Z4nIQq/7kxXKdSSu7zMDcSMHpwO9/bHutRPxC0u7utQa9luvDtnJGWx8sJjUlAeQWXkAjpgE9q/ojhGu6ec4ai5KTeHblZK0rOMbqzv05l+TRnm8YVcmdWMXFOa0aS10u1sld2t/Vvmh70So8wlAxhVUr8o+XliCckHOe4GTnnkZep6oIrSfY5ykYP7rhDg5xwRw3Qgeuc4ORyF7fPBKVR2+ZBgOQOX6gqMbiCeCAOgOeM1zetarcG0khikALEcI2QV28hz1HzEtjPt0LV+v41+0oyT1fJyuPRtqKsl2fm7v5H5/hEvapaptr3tOtla1rb20ej6JO51HhjXQty3mkrIru6IOEwchcnJIz3G7JzjGSDXgn7S/7N2lfGTTn8U+D4k07xzHFLJeQIoEesRwoWCsFChpsj5TjLHjBOGrqbe9a3kGZ2QmIF3YjaO2FYEbs4xkE469Ca9C8O6ve74DFdBfJYuhVsll6YPUMTggrx1xu6Z/Hs4yyNRtyd022nGNrWlFq9ru6Sdtb7+Z9VNUcTRjRrKN3dJtKNmnF3sm7NLmS2Stt1P54vEngXW/DeoXGk63p91aXqXEsU0E9rKjJMhZCVdkClMjdkEbj07muDuPD+o2kVzMrQctsLFR8qj+HAyQVGc9RngnOMf2seHf2ZPhN8avhxNqHi7wHo+o6nFpoSbVngjiuYPPyouxLEgZn5DcsWPXPWv5af2s/Bvhj4VfGLxj4O8O/Zo9M0K8eKDLBxMCxBHzE4cjjPXIwc5NfntavKjVnSptz5JWWlu107dVZ77W00Z4eYZNUwNKnVdnSqNNSd4pLlTd+t16p62fdfCiadrUbncJntncl5FYlGGSQOnBx1GRjOeoqQRXccVzJLKIoYSPLLck4yflBLbSckdAp6ZwFrr7rU5J2hit54zF5q+d5aghA5AC8ZUnA2kAgDjtX0PH+yl8X9Q+Ha/EiTwbcz+Cbq5t7e2urYB7mR5gDGVhGZCWDBgu05HIzipjVqJqUqfNzcq1Td21FNLR/O1tdbnkUsPWxCkqMHLlXvON/dTj5N263899tPkKxjupZZSZC0JYPGuN3mjJX2w3UYGQM5xjBGmdP1xBHemz1KS3imKRyJaztBABk4kdUKjC9dxODgYFdze+ENW0LVbqC60u80yTTgUjW9ikjaN8nAkR+cjqc8/3sZwv9AH7Dnij9nA/s6Wvhn4i2ngS51y+uZrS9i1uC2W9H2gFWn3zKJSFHCMpAAxjB5X63h7J8NnFephq+IjheWhOpBvVOacfcbdmtW9+zdx0MHWnUcLNSi3dWd3ZxTvpe+6Wln5JWPwZ8N6taCyIu3R5DG0Vyko3SFuNioJM4AOAoydvQZxgF/eaMtksstpa7omdYYlQJJ1IDN0GQemR1AOR3/WD48f8ABOvwx4o1+81/9nbxb4fntLl2uZfDrahD5QkkO8izcONseSdgBIAwFPJJ/OX4i/so/HX4e3tzaeIfCGptFGwkS7tInu7eRQR86yRBgV+vTPTqB52O4PzHC4qbXPVoqdlVotyhJJx1ajflvbr37MnEOpSXs50dvd5uRtN6NXvtdrvu2fONtqQt7tgmI1MjOxZcrkj5ApHIYAgHjnbwuMZln12a/kREgEsqqI4iFyzc7VYKeSxJG339TxUGqeFfEVpNJHcWNzE0coSRZYZAwOccqVQ9cZO0cdM5yfqH4JfAd4Wj+IXj/Nho9iq3WkW0u1BeOvKySK2AYhjABznjk9+rBZPisRXpUFSklzQU6kk0oRbV5SbSS7X7976+alKbbu0t+VJReqVuuyvbZWlq3omei/Ab9nTTdcsLLxR8UJJrex8yKbTNGjby7i7I+ZBcgnKxvgZXGW65HJH70/sy6p+z4dNtfhJ478A+G9Js9Z06W102S606ForyS4Qxxfa55ELKxHEcm8bGJJHJI/FC3+LUJ10NpbJPZ2VwY2WV18shRiMRoCPlCgFdozwTzjdXtXhf4xNqWqCK5uIHu7R1lsZwwU2oRtwRZABkjPAGRkZwAvH7jw7kuSUoRw6pUqlSUUp1JRjNtqK5lzO9uazUbOyl11sefmFethcO5xTbumopWV042TlZvbbzTd9kXv8AgoX/AME/X+EE918UvhLBJN8OJrtzq+mW/wDpI0W5lcvviKEj7Cwb5H6KOuADX5AeXcS3QgjdJXaVUjQcFHbgsAOQScZyeDX9Vfwb+MOheMraXwF46vYdb8G+L9Jk07UrbVWFwtjcSxtEsqeYWChJCGDdc5zyTX4Eftifs2a3+zd8X9Y0wW0snhbXJpNZ8IavChFrcabPI0tvHDLkqZI1bayghgBjjkD4rj/g1ZQ1mWAhfC1pLmitVBuzjLZ2jLZ6WX5PK8asdTXNFKejezum0r22urq+mq1slqvmy4h1LSViiv0nIO1kLqyqrk52ozKQ4GMg5IIBGOeKA1H7VLJBeGOIqS0k7EMSg5VW5wc8YxgA8kYxX0NoPxU03UfDttpPi7wfZavHbxJBDcqEScBTyXcAEk9AckggjOK4fWrPwP4ge4g0LQJtEvZQBG8lwGhUYJYuo5yfvc/MD1GcivyehiXCo/bUuSKe6WjVo6O0bpt6XT+R71TAQjCEqNTmbs5QUXz30v3d76Jp6O/U8QkuVee5ETbI42LDj72Pl4yxyvGcjJHbncRAmomIos2CVdSgVssWJJJOCM4B7/ga7e4+G2v7Hmha1ljwRtjmQFgOAxGQcnHoO446DFX4aeLrhmaDSZpPKAbeh3AjHDbcHKnPQEdwetezQrYZtXlBt7x50usd0/eSSb/zdxwjiYNRjTqN+SejdtlZtpXtbTy2ukn8SjyI0Vd0mGxIc5B24C+uRxjgYIy3ofZv2fPiDquifEbw2Y5SbW8vI7O5hMm1JfMO0buQC2OhJOeAMgV5VYfCLx/fu7Q+HL87FDeZMjCPJxjG1SAcBiBxuOTxmvcfhL8JNa0Pxb4c1fxbC+nabaX8U7ELl/MRlKkknKqpAznPCngbgK9XA14LE01Qap+/G0lJRsuaHXV6NPe/rY7cPg8wxEk1Srci+04S5XZxve673TS077NH7ZWriOKMsMC4CyZ3cAOAQMAZyBjGOB35yDuR/Zwu4OWDAqxU59do6EjnAyP94YGSOU0XVtN1LT7aXTZY7uBlRN4YF0VVIJbliTwcdO/rzquIMny3eEgFs7jyvHB7YySDnr+ZH7JRcakKU4zUopQcvevF6Ru1ts76r/241llcYSfOnzPdbK270Wlk7trpe+9jTPmRMfvrHnKHdlWUc4yVBJweeOc4xzirAkbf5o+XcMFHBIAwehwBkk9R02jHJXOZbT+Y4jeTdGMkE8spPXgHGCSCCQRycgDmtjyQVHOCrKEZiSp6gg8kc8DpkZ561pPZtpO6V7Jv+VOzXdPV62d7Xvr0QwUYqPdcut1fona73fy809SS0ZBLGXXKHhCBkbyw6j0JDEgjJzyCRuO9NIHIBaPYNoZHAwpC8EFSQFOfw5U8Vz0iFgXRwq5O0D5clRg4IA2kEAHj09wK6XbGLY7LychgvXceFLkd8fKOQOc968ivRpyb920rNrSzT91vmWt9VtbTRvV2fTGDj7uy+FPz91attN3V7K2xtxzhZwV8lUyu5eWWTGM8cYHfocjPOa62Q2d5YQLFtMt3exQzQgDYYgyszY6dASdueuCPXgYHSdcYZWHBy2EIBGMcd8AZzy2OM5Nb9lfKtyIBAvmwafdXRKudqlUY7sLntnoAV67hwBwrCRrVVFqyvdPa7dnZK10/V7t6pH1XDkHPGUYOzhJpN6vS67K1992t79EYPjPwH8QfFNx4v1j4ceCtV8UaL4K0pL3xPfaZavJZ6Dp4Co11eyqNkKYPys3XoGIANfJvhzUtffVYHMbW2ny3JgmdhtkMcz9GY4GScnjnAOOlf0PWNxafAf8A4JMeMfF+ks1v41/aZ8Wx+FdRvkTcyaTp7eXFEspUsIpYw28AgEgZHGK/C/WNAuNM0q9OYljhjtLqJlALHaVLgMPmJJYk9/vN05PrcJ4FYjO6tR0vZYfC1/YR0i1OUIpz5nuk3ZeV2l3f6VhaKzPE1aapKNGlifYQklzc8qSj7Ry2cFzaJptWWx+l37Df/BOvxT+2do+s3ej/ABWtvBWueG/ETQy291pJv47fRgpaCYlWQb3Ixgtk5OCTuNYf7XX7Evxk/Y+8SaZpnxF1Ox8T6H4j+1PoXibSoAkN5DbsFRruEFjbv1zGzZAOTkkEfrf/AMEBJGudT+MjCaN1Om+HpREQG+ZreRWwOQpJIBJwMhiSc16V/wAF1rBIdN+FiteBUb7YGtE5w5dcPgfKEI4O3BOABkcV9JjM2xb45rcMyhQlgKtGNWEHSiqkH9XjUjyyT1bd/i0ttu2RPK4y45qcO8sHh54L29P3U5RksKq101a93p7zelkfyra2t1FIdkgCFlLBVwpYEAsEyQA2RnA9AAMgVraNcgKjOCDu2suMKVPQ4IBGSMsQc9cGtbWraM6jMDCskYwAFBYDIAyAR1/D06ds0WbKysjfwljHwBtweMZGSMDnJ9q+RzvCRhjKlOKslUaSdmkk43tokr7XVle+25+eZ1hVhMfiacW3GFWUEr3StZPqrLe/3djvNG1qSyuN7bkh+Vdp+dQpPP3T34GRnHXnGK9VgutP1FVkCDcoCsuDhgQfmBznvwQTkD5uhx86W0sxJVXVtrbgEPyooOSG55J9D3OSOcV3dlqxtYkdSzEbFKsPlbIBLA5O7PVQBkADIIOa+Ux2Ag03ypWW8lqleKdtr29V5W64UK6UIqUXZJXco3srK+vLZ2106rVre3pwge0DSIuY8gqGbIKknADZAzgk4GcdR05jMpcGRWVNpAKOQG24ycN7k/KTj5s54Arn7XxMm6JGK+VtJMbElg2SPvEnPsB3OQMAgaN21neW7PDKRKPnKk42ZByvQHBOQM53EDPOc+HWw9amppR5oxs420Vla6vZ7O2iVrK2iPRUYyinC3kr7bac3RtvXXVPvoWor2CVorSZ4keefyo4nYLv3HGAx4LDnHXjAJJbLc149tT4ajN7HMHtgYUde4ZzjqvQr2xjgY5NfDPxh/aL0zRvid4f8JyyS2sunXEYkktnY4uJJFRFnUFTxwWLLhQeT3r6P+K/jKBvBkvl38CsdHh1Z2lkCsHWJXB3knJkG3AHc5xmvn8RUpzTUIyumk7vVt2SXK13d++mlrlQ5IwlO92uVXTV38Cs4tq27+Wq3PVtMvle3hndmZmRJEJGGZXHA74xnp1I7jIr0nR9X8k+YT8zIAAQdzH+8GH3ccnrnkjGBlfAPhbfP4i8G6Nq8ZN19ptoN7r90FSAoBAClevPQY5PSvcbKyaKFw4Jzg56sAcELnkckejdMAda+FzzDc9NxcLqSaV7bO1nbTTVrytffR/SZViJwlTnCKasnvrrs3bburbt2stn9LeEfGkdlbQjzdxCKysW+YsCpJ2kHB5VcFT82Wycmvpb4e/FS1S7hheZQhkAdDyu8rtOMjjGTnj+EYznB/PDT5ZopIzEeIQd6njvjDAAHcPu9MD5gRxgekeGNSdL5JBKcLKhbGMB+D0wMkY+90OB7Gv5t444Iw+YYbE2haUoyd4x12irq2r1bTtfR2Z+x8LcTvDTo8yfKnDRvouReT769eq6H7eeDNftb2CCSOTzY3RWkXCnbuVSMHOeM5xk465GeNT4k/Dj4c/GDwtf+EfH+hWut6JeQsj/AGiJHurOUqQs9pcN+9ikXIZdhC5UE5wufhzwD4t1O1s0e1vJXTy0MirJggjGM7icDuc9MDrXtWleP9UvQUnumAwI3eNhkEc4OCSOTwe44w2Sa/iLO+AM2yjM6lfLK86EoVHOLTaalFppw5ej3Vnpsmz9qpYjL80hCc58t4q6drdNFo01JdNbK73dz4x0f/gkr4eufiBcP4c8azW/hGSUyW8FwvnajbQux2QJL5n3QDt4X7vHUZP0fq3/AARp+GmrWiJD4t160vBbjExkDo8pXAYoeNmTwpB6gcHAPvnhLxpe6Jqq6jbXJknRgQkshKSAn7rJz3B+Yj1zgc19xeDvjDoWq2kMd9NFaXzIFaN2GwuB85DEYI3Zx8wzgDpXh5xxNx9hPY/WMzxMFQhFe0pqKTSs/wB40rSk7O7cm7PstfBzvDY7BRhVybDUa1DlSqKNNTmp2Wsk02o+a+S00/nO+Jn/AAR0+M/w6kvte+F3jH/hI4kZ5hYNJJYXzxqCxWKSN95fK4XHPzAdAQPm/wAL/Gv9qT9m/wATf8Ih4h1rx74PjS6hgmg1n7XPpdxCZFikSJ50dCjRlgpVsYY7cnr/AGHQeIdMvwW82JlAAUrsI256jnj0HJOfQV5p8Sfhh8Jvinpc+meNfCeha/BKoZZLqzga4gkHIeOfYJlZSPlw+MjJyDW+T+LObUo1KGeU6WZUHB04VuVU8RBtL7duWSdlo0m9NT53D5s3WpQzDK5RkpxUpUYWSs43bpzSTeu/Mm3slofCOhahL4i8H+G9UvDvn1PQbXUEmAbM0lzEjvIRnjcxLjqBwOmK/np/4KrWyRfHDwbHMJEjfREZ2zu2gAYOT8oB4OOR05wc1+9n7W/iSD9l34aabrXhDTLfX7SO7j0O3026vorV9Nsh8yyxPK3zRW0CkNtAAKhs7SFr+Uv9u39qWP44fE7Qrzw3osrS6BpjWhcXQvYr+6UD7Svmx4/cxuWCE88H8f1PwTyHOM54noZ9Royjl1R4hTlJPli5xXJFuzUn0k43SatfQ+94x4iyyhwi4qpLmqRpKlTcJRm2pJOPJa7tbVrSzWuiPqj4OfaX0ueOK8Sa3h8OJIsIKs4AK8DggbTg8Z54ApdT8N6+3xZ01PCOly69f6sugzy6cYi81zGkyNcpGMZ3iMHDA/K2OME5/L74S/tX+JvBV9q8GsaSDpsts9s08Mo+02abwHSNMnaQBkZGcbTjpX6afse/tO+EvFH7Ufw68WvfzJoWnaIluTfAQwjUrdQQlyHypGSUOduSAM88f03xFlOdcI4bPOJKeGq4inTyrEVlTw93OUoU21CCinK7srNJtPqr6fzvX4jybO4YDLedQqwxMYyhUWqcrRbUZtPlvK9tVrZs/Sf49fsh+C/jH4X1Dxv8IJJLX4kaPpWnQeI/BV+UjnuCLVReafcWo2FpgVk8idUOQFJJzhfw0+I3wlj8JalcifT7lbSwkKazpc8DxX2jXaEiaKaJ8P8AZg5bZKBt24Oc8V+2H/BR/wDal8CfCHwxonxv+GHiD/hD/jNc69p7w2tnKp0vxBpSMBPBf2cR8qWF0+Usyb1V87s1474a+IHwb/4KReH57zQJNE+H37R9l4YQ6poLPDBp3jVre333Pkp8qTpdEMEO1pIywyT1P2H0cvFHPeKslo1M5wWJjlVWvPD4eri4tVsJVhNRdOaa5p0Xe0Z20u09D8d8UOG8rwWL9vl9aEMcqUa2IoQ5XTnGptJOCSjNW9+KT3i0fiu+leCJnkRRuZlXCJjMbOAVGM4BB4J5GQPfOBqWgaYysLXCwRZ2Kdu4sF6OSeg7MRwoznoD6d8XfgT4j8N+KdVtLPTLjw7rWnGaK/0K5Lo8c8Dury2e4BZbeVlLROowRg5Yg14DZweJIHNpcWtwXWQCSWZXXYc42nnkE8qfQ4JHSv62xOWv4lCKhUjGUJQT96LUWmpX2d1t6rY/HMNiFNXTs43Ti1Z3XLo3u1u1ayk022U9T0e3mUGGJAy5DlTzlQSSMD9OAT78159LLf8AhrVbXVNIluLa7sp0liZc7dwIIR+eVJAwSpGOo+YV7RdWU6QAiL97g71RWbp3U5yxJPJxjlsc815vq4VpJ1uAAwAA2gE5GMBlPoVGTwBznJrya+FlSmpOLXvJp22cbX9L3V3rfoui9jC4ueHqwlGTT5rqSVrO0dXZ2V7LeWq0uuv6X/ssfE6b4pR2sV3ItvrGm3cEd1ah+XPCm4RSQdpCgkqcDvnB3fpfFZeTemRo/KmRY1eQbl3IAMnKjggYY43AkHjIOf50fgd8RL34W/EDS/FNiS9tbSJHqdqW+Sa0LKGYA8F1UnbkMVzwAc5/efwb8WfDvxA0ay1vQdTtLuC7gWSSFXUS2j7AWglUElWDZGG4J6dc10UcVLEOFObjzQSVu6SSu+jd2r+eqaad/wB34SzfD4/BwjOadeFk027yT5bvX+a/Tc91ctK62s75iuISIpRlstsAUk56A8EDBIXj28k8da7Lo/gvxboV1GzS/ZQbd+QojLMc7iCrEjGCq8ZHfIPoVjfNeLDCWUL5TGBhySxByQemCSARkYxw3GT498X4s+H9YMzKrf2afMDDJOwttZcZJOMZBzweCTUYmnF0atnZKOu/XlT7XdldOydt/L6LMKTVCpLtTalskuZLXRWbS0XXv1v8Rw6spQKs6gqmNjD51JwcLkjg8kHr164BO3b3Npc2yLN5fmuSGbaoJ+XbgMexO0kHJOSeDjPmV7YmYCaN3iUqpTYxxuX5ct/EAx5P54zzUcJ1K2HlrIXZSrYkzkZYcKSehyDnrk9epr5JTimo9dtXfR28+q1Vrpadz8xlbnb1v0V9LNRskk7JtbO76+Z6itjYRpztR/m3jcxBONwCYI2nPBJ654DEAjHeynjkeW1uEZCVQJngDIJ3KWPAAJyDyeATjjlZtXuoABPCWcMrMwYhR05IJwcenPI5FOl8RQgK7yPGN3JIIU7PmIA+8SMjnHzYweOuicedX/8AAVa71T673drddXuzOd7W5rN2suZ6u8WkpNWu76ddbX35ete1uyEc4Ls/CqxAwDwdueSME9yOuP4i+4iniILcsCAPlDKAeSMbvugqfqMk9DWTY+JbK52gtHuiAkPzY6HGQQflO3k9wec9q2J9VglT5JEkZwrOYyCFyvcHPPOcggj5QccVs4wm9Go9XdWS1Wy3fVpJb6X2vPPUhG1k3eKSvfVNaON9X9pJXWq6WMm5uEXzGZQGUgDy027yDg8E/KM+uOCc+teN+OY47/xZ4LjeGMwPeESR/K6OSSdpyMEEcE9AR35J9luJYDD5cjF1ZhhhhXBI7jksAeMZHHOOBXj/AIvtRN4m8JJCGTZeu4YttbG7O4gBj0B5GMZ9iDlKEbtXvs9Ho2mrdW31009LWtMqikkvdv7raur3TTVot6N/N7LU9Tufh1ot+heKxijkZAzGF9hRhnG3oDzzkj6n058fCy+g3y6bqc0JZ/8AVsxbb0GTknI4PBAxkn2HbJFq9sq+ROk0ZwVEnD5Kg7uMHbjBJ6deAea1LbVryMlp7Qg4w7ITtXJHJx3KjO4dT8oPqVKS5VZKT3a3Ufha1afTXVPTTYwlJ6t6tbW00una1nppdpuW2jV7HlH/AAj3xB0yXda37XPlbmQI7KGx90Y6HOF65ydwJ+Y1cTx18QdGUfbdNmmKsMsEYAqMgZIBBJ9s+nYGvcrS7gaIlSGyN2HUhzlfmBJHYsMHgEHnqKQvbSuFu0j27dsabM55A/i9cEDHUEckCs5ci5U46t9rq7slvvbTbVrS1kiYydkoykvJ7dN1p3Wul1Zb2Rx+j/HaO38uHWtHliRwA5ZSD3xghRn72Poe+OPTdH+J3g/V3R0mjtZBlSs0gRCi98tzuJLDAxj2GccxfeGdDvyv2i1gcAAqrKgOHB3AEYOP4sZ4ByMCuSvvhTo82TZxS2srlnQxSFV24xuPPG3pgE5xkY6Vk1TdRqSS23k0ujSW3LbrFddNU21UZzUl7ze6TX/bt9F5r1vo2r3PoSLUtL1OPfaajaTjcpWISx5wDhlJJyxPZuQeTjqa8m+N1v5nhNlV/MU3Vmr7VU+WBKuTjHJ6Y9R0HavL734ceJdKLXOl63KAqrtikdgckg7Tj17H5uvIrhPFup+PdP0prTUXlurUXNu5ZSZQSjggAjk5J6ccduucuSHM22ryVuWOt0rebXk9er1bsbxxNVSUZx0aSbSb7WW76O1ldeWx+g3hXRUOg6H5eNn9l2weR1yAzRqDngFcfeIwACcZ4q1daRdIwMTbkQ7GZRnJ6BWXdz25xjjgjqfmvwx8c72ys7KHU7G5txDZxROpjYIY1iQZYEFckcdeRg55Ar1nS/jL4b1OLIkjthIUVmkYBkIIOeeCMgAnH44xXNVoSfK4rlvtZq7+FWSTaukr6taS6mssRCSjbR2VnoukNlon0Su1ZX0WrNq5SRGYLHvlClGKoQVwcccqDkHv3PtUb20YgJyQSRkSKT83XaGJ4bGcHjjOQc5M9n4p0O7mO28tpixYtJ5igOSOGHIywBHB9+1dM0OkXYje2mjOAGZWIxuPJ3buByxwe/HAJwMXTmrKzVrWXXorO/Xq2kulhKvGy95NJbJpvdPWzve9rvySvaNzgbqztrpGUxxM0SkZkjU78gElcrnHYjPDH6kcbqHhPSp1GdPgVnQksoCEnd1BGPqN2PbHOPXH0iFPMfnby65GVIYYG09hjnLHjoGOBWdJoV0ssUnHlhC21mBXBH8Kgnkd8Y6ZPOBWns3a+t3ZaaJe8tUvRW76J9TCpiY9Ndlo1v7qV1b+Xd6N/O54Jqfw40q4TbaySxSsOACCqMwBOSeAeSDn1yOua8y1j4T3wt5hDOrMGKqkqguWXnhu3H8Qyx4XGWIP1/Jozx55UIw3rvUgk8njpx2APPIyKx77Q3MTM+9pMq6lcBQp5xk46jj5uh475o9rUptOMm7ppR325dr+a1+66ZMatGpo43bXWycn7uzXVdPVJ7H5tJ4A1698Q6hZCRVltBHERyu5RggsFOehIAwMc4wOK7y10fxN4cKgPdRJ1Yo/mLhQFJC9QDwQB+mBXqsUSWnj7xKjpmQpEwjABwQB8v8As89/X5uMZPUXkKvAHkVmaRdyI2DtwRleB0wcgnI6dcYrtoY1tKElule/T4U7JtNXvrrq15O8SoQs5RalFXtZ3trHZK2rbt9+p5OnjLXLSNY2xOCvP2iJlwckHBJz6ED25BI51rbxtazxhb6wBYAZ8sggnLBhnkgggHgjPGevLL/yFaTzYVCtJsX93yMcAYIyPXIxjByprMtbPTbsyRNbjzXyq7gUA6NzjaQx/wBoHkg4wOO92koSvypJO21rNO6T6trduzb0bOGeHi3GzS3vf/t3RLXez1eru+m3Vwal4Z1Ihy/2bb0SVsD1O5SMntyp65xU40jSJmV7S5hkRyd5jdR3yPlIOMkYyeuDt5zjjL/wlFEkUsMkkTFeFHzAtgnIweQoA6HgdjyTzQtNasfPFvcpKAcAAlWBPbjnPzbvbJ/4EQTkruSaS676KKXL2TW/bR72OeVGScW7NJK2zfNZNpK7t5tLpdbnq50VY3VQEwzEArlg4AGASSB0PJ6EEkZGKvW8K26zeZui8sBY2Abaq49STlsnGcAZz714tH4j16yZVuI7mVUJByWbp8vykDrnBHQAZ7rgX08e3SyBbpHEbFS6ynDArk4Xg4JPJzwBkEYzhRozla8U7trVXu7RXkl630W6b2mFVxb5Y6rR3Tu00t+1tHpurW5m7L0Se5uRcM0E4ZXYhZJD0AB3A44HUjr0OSD1P5P/ALStw4+K/iF5Czu2lWYJAIBOTk7gTnHUHjgkV+mq+LNPuoQWkVBMw+V1AIweBnpgkDOTg56HJr8tf2mbyNvivrsiIxik0u2TaAXLfKVyCM4Xk89fXqRXThcO41It3urO1mr6qz87W1elr2bvc87NJ1J0f4l0mm3vq7LZNX118r22Z81y/vZBg4O8lVxwOORk8nHHQjPPHArHYL5s5kIxuIK5xkk4GMfmCSM7ScgA1chvIVeTerNggxsRyFx8qnHAHrnGMY4xkRFY5VeQAhiwfp0+bGQM8jHJGeoxnHFe7CT5oQukuaLa3S0VnZq/fTfS+x8VUS/ePRuzS9Ul2ukv1O+8JX0J2W8jlVMisjbtsiZIxsbAOQeeDkk5yRnH1J4Y+Kv9lxx6B4uhGv8Ah6YeXDcyjN1ZxMVUkufmkCL8wBORg89q+JLaZ0l/dhlZGVmG7GNpyPu/3uD34BPqp7aXWDcCzBXaFTbtHALEAZOMZU/xDGPzrtrYeNVxnGa0jFu7SXRbb9rp/K99PIoZpPB3U7yXNs29nJXS3V7q+63Vuh9n+K/hFpXiLSx4m8BvHf2jR73FtIrXEcZUuVeFcN5sZyCGAJ2gDBUGvBNO8O3Gia/aNNNvWWOWLfsKsr8go6HlWUleSOqjbkgE4Xgb4peK/AOqLNo15IbTcDdadKzPa3Ee4bhsYlVyMqcjAye5OPoq98T+GfiRDp/iLSrKHTdahnxqluFIjJdfmZVUAYLZJbCjqOeK8/FUpUqFSMm9rppq2jj0uvJq17tvtzP6TBYqhmDpzg3Gd/ejtZ80dWr3atvZNuy00dvPb+3vlhuI4NjIH3oZCQ7kclQTggEc8jvmr+ianqMc1vbz2jRAKqb42yAWx82AcYxgkY7jI4rptU0q5bTrmRZItwO5RkZ29cKc4yRzk/dIxnOM4mlWc67DNKE3oQjDJYHg4DHJxwO2RyBXmYSClZt3atZNJWSdtOrad7X2vq7LX1atOpCdpJ/Z5fk1s3tZu26su9zvP2jiV8K/C8SSFd2j3gALHAYs2TjhTnB5644GTmvga58yDbdRM0M9vIzxzROUdHUsQVcbWADHg5GQOnNfev7RiLH4a+GEUoXKaHdMHyCGyz7GwehPBAPGenNfBt8cWlyT8wwQM8jO/OR6ABcnggc9RxXR7OMJOzduZyeuqaSVrqy3srbLfY58V7rbcpJ8qb1beihdXW93pe9tb26n0F8M/wBp7UNJto/DvxK01fF3hmdBbRzz4bUbBGbbuSRhukVV/gGTxjIIBr2u7+FOieMtLbxp8JNSg1azAM15oayA3ln/ABlTGfnG3J+XBY46njH5yTEM1qnI+UMwXHzYIIJ468Y4wCvIOGyPoL4OeLNe8HyzaxoGoXNhdRyKZkWQi3njDDMcsf3WDYOflPoRzxpHERnCca6VSm472fMtlo9ZLb7ratu5w0cRerCnK0m2uR3u01yqyfV22ejdrantGn3mqaPNLBqFvLp1whEUkdxC0eQrYAZW446kjjvxkgd5a+IJlsHAkhU5ZYnDEDJxknk88nBxg45znFew+HvFfgD43W9tpfiW3t9F8RiAAzsI7f7RLt4dJNqL833gjE5Jbb1GPLPiJ8GfE/guWW6gR9Q0FjmC9tA0uwHIXzgm4KdpOCoA6Aj0+Bz7IKON5q2EcakU+ZxTvJNcmnL/AFa2qP0PKM5rYSKpTi2nHli9enLs9no97XsltY838Q3LT2d4QWZWjY7x8xZ9rDPAOAQQAOeCcnFeH+FxM2ouykjy/MZTjJ5Kg59um084x0wSa9VvTMmmyRBlZmVo1QllYNz87g5IOFzgAY65XrXkuiSyWt5cNvA2ggN6HdymOB8p6HI56nAp5Fhp4PLsVSnC11ba117qsrdtbx16ruefmGK+s5thqrtZO7aberlFu2mre13qvM9ThwurRMS+WhUlzwASORjoMnByew7Ywfb/AAfFPchY22srqyhMZ+7jax9u5+UAkj5gDx87tdsL63UMHM0aliTyMjIJGMDJ/wB3HPJyK+xfgfoD6mFvZMSRWyOXxggYA9ewBxk/MAAOmBXynF2NjlWU1MZONp0kratO75Emtfm30193RX+z4fw7x+ZrDxd03eStZNWh520WrV2t7a7VBruu+ErlbjRrpRGj5udOkO+GZQQHBjyVAbBUDBYDrjk1Qe4+FXxZubi01YR+DfFTExrcN+6s55egyMKmXJHP8WeSeM3NeRI9f1GPAESTSLGc5HXABB+pAIyODnGePFvHHhdtQaW80+Mw3Ue1k2gqDtBOA6YIO7ABBOOOegMcG8cyiqGGxjcqVWKs5a8qlays1tdeStd6FcS8PQaq18JD36b96EU3zJe67X0vo2+Vap3TT1dLx58DPEvhmzvHVBqmlsjmHUNPInhIkBIZjGGK5UgsuSAQGKg8H4bvfB+oWks5ELSbJn3R4Ksu0871PY8jp65zyK+0dM8XfGnwP4cudWga61Xw3Esiz292puoF8vnDB9zbQPlJ2jAOcnOK5nSvjd8MfFi7fF/hgaPqU7kNf6eECli2GJjQKBkk7vu4GcnGCf2PB1cqx6qTpVqUWkrtNOKlZe7K2zTV/esrJan5JmVOrB0oVIzpzS0Uotc22ytZu/nqr2Vjrf2YvjxrHwoSW0EJbS5dyy2bwtIAXBDSruxtU8E4wTg/j+gnwm/a48B+DvG1/wCJb3TBeHVICknksIp4bjYQGjhJPyhjjJGBgg+h8K8BfAHSPHPhO58YeGdNutb8L26/6VqdjZtI1s2D8k7pwhA4YngEDouDSL+zfoOpp9q0G8mW8i8wyRXEEoiTywNwZ1yo2nIGSOg65wPyDiHw04P4pzDG4mjjsJUxkpqjjXhcTTVWFRcr5asIyvGotH7y1VtG2foGS8Q8Q5LgMNQq4eq8LFc+HdWjNxlB8vwyas42dtPvV9Pzw/aS8VWXjv41+PfFdlC9vbazrE93AjEM0cbNuVCRxle47ZPevEUQlwMMC2W3EZ6jbn8T7Z4HAOa+qfHH7OPj+DXdVubPTxe27XLhXgJkJG48hclhwcnJPUg8Zz5dffCzxjpsuLzQ9QUKhLN9mcgADnnsBgjPJ9q/XsoyatlOW4HB04zlSwuHpUKcn716dKEIRu1ZXaim3a2uyPyzNsTPF5ji8VUV51q1SpKysrzk29L3eu3pZo8o2lQdikYJJYsMYJ5JPIAB4I6+pyOKV1Khjk2xsQEIOAAobbknk4A6YznbxnjOe2u/D15bMVks7m3KsQwmhkA+XBIyVI6/LgnABA5NYF/plwsEoEUjAxyHcFO1DsGSCOSCOQFz+Hf05Qkm1KLS81Z303Tuno1urq3mreYk7ppXST+7RJuy6bP3brq7I5DwyzfYpXwObpshlDZUu2ehOc9OpI5wBk16FBMrRsm0knAJwTt+UZI55GepOD1PXp594Xt3jtXLoyoLmQHIzls46fmQOARz1xXc2iT4dVyGblBnk5yN4AwRwB2PQDKjGfOxtOLorXVWas09Pd7btaO7vZtbvU78PNKtaUbt6O1k7p6uz0d3v620W220ahBliCVQguCQDkEDpkhhx1yD74qkdzI7q21l4AJAHJzgkg4zjtg4554rqrTwlqt5Zx3EUqFvvRoWA3DGR16DsQR27ABqx7nw/q9t5jS2ryYLbdmWGMnB4A2gYwx3fLwCD0r5mGJwrk6aqxU4trWS5nL3bO11p00vbs3qexPB4pLnVCfK4pppNq2lrNX3VldO93stnViiYjKspyuWPXbg4AQ5J6E8Aenc8fWfwDZ21LTkV93lwSbgemRubcueeSOOOccjoa+QlF3HIEeJo1AJ2spUM44wS2dpDADk4J4Ar6+/Z2sLx9ZtDIpTbbO6B/ukHPQjqM54OO/HIJ+c4xtHI8ZJT2oz2b0S7vd6O99NGu57HDF1mdCPK788XZ33Uoqyfp3W3ax9lxKkNtNIVLnJc5OBnfhSAc8c5AB6YIwN2402/WVnjJKDeVYtwDgdByTg4AB6E9QOou3Ua28JyuAEZiAAfmxkDqAOnJz0+uRn6DbQS3LSSq4R3DbScgFs/PtA427upOFIz9f5UnJ+yq1JTvyvo27u6Strv56X67H73hn78UopNxje60SSVtOjSv101vbQ+cf2oHMPhvQsqVWTWYmXnI6nge5JzgnjBI749O8DSOvhvTSRkSWFucFQWHyKQTxgZxg8YHcDrXGfta2kEHgzQGjBcJrsO2UDOcn7rHIAPPPAHJzwM123gMIfCWmSsCGNnAEPXK+UPlPOc7vUHIzgZ6/bc6q8IZZJO98TUScur5oKzvfe+r+fQ8j2bp57jLtK9Ci7eVo6vXv8rLppfmvFDbwwxtIZjuDDEYOSNqgNn5gAfZjx3rxO6DrcOWYkM7sCCDjBJ4GevXgr14we3tfidkzNhdoVW29B04+7jPoSM9fxz4dPOomlh2hiHPK9cc9hzn35OOua+s4YhNYRK/wx3Tu2ly9Gmu+mmttd7fP5vJuva99flay3smujs9Xtd3DY0hUgoy/MzhkHG7LZwRkngbiCQPyyjQTKVdJpVBAKvFIyEAHPRcZPOeCMHB7YqRArIjKCMITycY+uD8wI7Hpz61ZGSEUjbuHy7TyAeCDj0P3Djj0wMV7yxdSKcYyk9tbvTVLZ90u/W2h5HKnrbbbys0r21t2vontd2sLb+IfEViwNlrN6oiO7CytgAkY4ZjnGMkk8gAnBxXUWnxX8a2SAJqZuNoDsbgElWOCRzkMW9QT3xjg1xMvyl1BUjOF4+Yk9e/UDgkdh3wM4dw5xJGT2GWPG0gEZyeMHIIPbpwCa9XC4nESSanJXtq3e3Xz6dFZ2vvdI55KEW2rXd7qyva19Xvb1R7pZ/G/xE8p/tPQrHWIYlwdtqHBUjglhGw5API6+p4JxvEXxa+D+pWYi8Z+Bbe2lvJki8yK3XBDNgsAqKwK84+jcsBz9mfArxV8PNJ8CaVpPiTwpp8s0ttJv1R7VJZZdwyPNJUnaRkHn5QCMDII+Hv28bf4e/wBo+E9T8C2drZyTuRfQ2Q2RAqQVkaIfcfLZOeDkcZI2/V4XD4pQjWeKumlLku730a1v0t1V2r7dfmaubU3iJUVQjKTbjzOCktOW702Vr681/PotmDwV+zX4mEUemai+kvJFGUDNsALYBLBjjgk5zkeo28Chd/szeDNVZ/8AhG/G9oxDblieWM5bsHJbGPungYJJ4GSK+ffDOjW1zBG8xmDvHE8jrxtBAByQMDLEA4wQO+MEei2Phq4t3E9jqk0QYAoHkkABB4HyuBkkZIxgkhh8pIPA+IMThasoe1k1Fpa6pJOKtfp5pteR2xwGBxcU54aEZPW6tFt6WejTdl6230sLq37KfjGIyPpdxa6iMNtMciEsOcHG4nkDLA44+6egrzDWPgX8RNGx5/h+6uQqtua3RnHIzkFRycc/QgH0r6Esb34jaRmex1W/lgKAoYhJJGAeh5LAL/tDGSeeRitiz+MnxC0+T7NOiXZX5RHcRZZyxwSSwHXpgg9+2a78Pxg0+WbhO1tHaN7ct38trpPXVu5hX4YwlVLkjKm3Z/zKW19fx7Na7nw9feGNa07KXuk39uVBzvgkwDySSdh4HcH6YHArEeGYKsbKwb5jhlK42/3sjgfdIOcD5sEnOf0YHxnhuCsHiTwfY3AKkSkQRgsT97G5CW+U8ZIPYZGahbVvgZ4ieVdU8LLYSvjDQREEMwI4KjgDByDyeDyM17GH4qw1WPvUpKT/AJWmto2d7pdeqtf/AAnkYjhFxk1Tq03pFu6UHHRNa/h11e9j84DFKwOVQnG0qMnrkZxzyV/HjOOOPWvgAssHxn+Hhwfm8TaeuO4DXEI2vkDIJ4B45AAHSvqm7+EXwM11WbTdfm0udixVJiVRDngHcFzjIzz0OR1BqHw1+z3B4a8Z+F/E+g+LLC9tNF1uw1GVFkUSmCG4jkl+YMOdi4wO/BBGDXTPOMHiaNWkptSnTlGMWnu4pW2eqvvZ/NnJRyHF4LE0K7cZRp1acm4yuuVTi/Lpd281219E/wCCi9lawfFvTJYwVuJ9DtvOXBCAr5YAXPAGBySDnjJONp/OvVYg9yQMoWSMsQRnJ7n2PYnj2x0+8v8AgoL400fxb8VvDt7o9xBc2y+HrGGYwOGYXASLeHZTgNlTkHBwWPTBHw5dRK05kK7VaIBAejlRjPBHXr7dSSTmuTLIxpUKUXJK0XfSSu79E9ezb6rpq7evmso1MTWlTd+aUZaPmuuWKb8t1tdaJa7HLTqsYdDliQq7iM4Ykd/TnOe+OmBgViqnc6qWBYAt0IyBnvyuQT0zls4Ga1ry0l2J8pRt5LbTuOeMFhz8oGQB6dTgiqBgLMUCERjBBXgkDliFzyOuAOQTjjAz6bk22rXXbSzfurfe2rs7K7W+x5Vmt9/T/PzKxVUJVVwCFYFs78t1xzkjJ7HpyBWmE2W+TuJUgBs/L8wOSD0+bOcDIHUdc1TuFkK7vurkBXcEPx/CQQMYHPAAJ6ZwMTRmXyFDO2zeeh5BPQ57g4zzzgY9BUPf/gW6Ltp9177pscFZtt6PpbRW5Vprf+tE2RvGgKgAldpJBz8u7JYHH8geOCDVWFkCOzDe5VlVc5AyVxt6ZYepB3AY7irMkWxCGXILlSem4ck7D27c988nHWOONN6sVbBbYdy7hkg4xyQcN35znDdATpHS12lo9P8AwFdeqf8A5M+5hOcW1G2z201vbVad9bO7WrWlissO0MoUg5TPPK85OBwxBCke44GTmpNRi22bbfl+YEb85+6QMf4ggHnjlc6wtmS4dmIVeMbiCMkDjAHcgDdgBOoG7BOdqyslu0Z+YgBlAI44JOAowTjtzjOenFaRWqadtddevddV8tL3b11XPL3He9lt0vq99ddH6Ky0etz9b/2DLb/ixfiCUkEC4v8AdgYbcY2/4EO3A/DAOK/Lnx7KkPjfxMw4ZNeveCeMecSeO/QEZPqMYJB/UX9gu4I+BniNSWX/AEq+U54zujkwBt7YGe2enYE/lb8RX/4rfxU2cBdfvQSRkj96wxx1znB9R71vgIKePxCu37sU30u+XrrppdPTUWdNvLcJq73k+7vywSfby138zoNJ1i1WONZFKRHJbI+YkDJ7kjnJIAzg5GCcVqajqlpLABA6KS7biq4CKMYHQ4zxknjbkZOGB8wt3co4jzt3LuyQBxg5IzgE8jjj2rXlYeSrBnUoVT5lGzjPGeh6ZB7YPTNfQPBU3reztpq+ltW9Htrumk9uh8RLHVKaUGtEvivbqlbo11ula129NTdikaZcIylhnGAFIUDJ5PJHIwSCc9flpJImZlLDcdh3DcvygALuAweMHGCQQf7pOaxbCUkyPsBZQwBGQCoBOSAMY4wDnn2HNWRcMGTDOXZSOu0AZJwOQpGTngYOMDHFJ4WEXeFnazbT9NlZpu70V7O62MvaTqNuUrXfd21WmjSW1/mldO1jRWJXwAOHyr44PA6nONw79ADzn0pxtbbgCMAYJOVxyvy5znHsRgnqc44qkkjo4/ePt+8TuwR0BA9fm7BT1JPvOk6o4LuGADZGQSuQeF7A4xkH1HBxin7JtJOFrP7S1draPazd3e2tmknZa8s5SjNcs72fvO66cq62S1bWjTtu9NGDT0LhsFUJz2PJJHK5ODzwAR2GQKqzW9zEGMTzoE5XZI6MQTjO5SMnJKsMFgCcsOa0ftBB8xDwg+Zm4VTkHkZAOR7ntxiomuGbfnhSQzAMckA5+UYGN2c4OflyNxolhObV2V7XejX2fN7XdrNbPfROqeKmrNSmpLl2k9tLtX7dnq9NXd2o/wDCV+KNGtnOm+INRs9ijiO4kJDggnJ3HDfmW6DArqvh9+1D8UtPvnhl1u9vRaEqonlLqY1+Qhwwyx44GSSMjJGDXAanGotpXj2gy7mBbJIXktyOTkeg64OMgV514KUy6zqQUsSCwJOSB83pj19ccA46jPFVw6jKCUX71raX6Rs+knv300tfU+kwONrqhVqupK8IxaTldJ+5qlo1e7i76XW19/0P039rfxNIpTXdJsLuGQM7O9skpK8AjDIT8/I+bbxk7cVup8dvhX4jEUfiLwPYxMeJJYo0QndncwGAecjKgdeDxgH5ASzV48hiyBUVjkjGSSR7txg8j5SQScg1XuLJQ6IdjKV7EhyN2csRt5Bx0K9Md+cnQmnaM3Fv4baS05dOy+T89dkRz6vZOdOE4L3k5QV7Wje+jvpe3fW/c+zZrH9mnxIVIeTSLtnxgYVV34Awr8gDjAGR9BTP+Gd/hZru8aB43tA867oxNKg8s5JAfLbiFAAK8nII4PX4jezaORTFIwO7kg5AHBGdwb0IAJJ9CB0vxxeIbdJLi1ubwKv8VvNIgUAZ5wwxjB6EcAYFXFV6ad6qcbJJTtLqt3q9eyXdM0hnGDqNc+Ei9VeULpp3T6bbbOyXTZH1NrH7HusqzyaHrelaptTepSaJW9iVUjJI6enIwABXlmrfsyfEzTElkfQ5rxB9x7Zt+ACCcFd2V4B7ehwDXnWnfEnxzosjLba/q0OxRwbiRxkdjzgAdgc/qBXqug/tMfE2wKh9TkvreNFDxykEunAG4kE5wOh4zjg9KpVKyWsKc297JLs+n3+d9TdYjJ6lnLmg2r2aumrxsnb7nr5dTybUPhr4v0xmN3omqWxhAAZ7aQqOvOQvIzxnk9T14PPSaLfwjE0bqwBDCWKRDvH8JLjqMYySMemK+xbP9ry/eIW2teHrK8jG1tzRQsSOFYvlCTnqQMgqQpGa621+O3we8U7I/EXhmxtFIAmeOzVG3OAWIKqCAc/Mfr26tYmbtzUGlZbO3RK/VK2iv00E8PltVfu8RCPk9O2zvbTrot9dD4CeyuwrGRGAK5Kouc9O5AOCM5A+9/wFc8PPZO3im3h8qVWkTBGOSSpOOxGSOec+gwMH9Vk0D9mvxdEDY6hHpk7MDHGsqg4Ocna5PCnnjA455NZetfspeCNae31Lw540t1kKFkVijTgAZC7lc888cHHUDmiVanO265Wm1JWta2jbd/XVffe90ct5ZSlSqQnzRaTjJO90mr27XV9NNdLH4urGWHCYK8sRkkfwnC8MD0z6D5uc1EwQZznI+7zwRkgnt/MHJwMVpiQOBHERvJBDJnI3YwMZBzheM57YqpNbsH2kFgWJGBjHAJByeeSc9uPu5NeI2uj30emqene/ddW7+Vjtg2m+bS3w63TWmvr2S03tco7m6A5znHBBIPfORx2zjnH5KpJDbsDGMHHTOcdDjp3PUc80+SPZ8pQrgbvUY6Dngn1PcZAJ7UzcWwT26ke5ACjb+HHTOM9aW3VeTVuqVvPtvr1S1107PR7avz7W7+qFAaQgKCvdjnhc5HPHA4yAP/rhysY2xgHaQBjkdckHGBg/QkZAzyTTfmBxkgnAJHGdpyBkZAGccnnjnOeEAYYGT8uRweeePUjgdPXgHFNu9vL/ACS/JIV2uyT20d9e69fTfV9HoRsZpAMhGZsAEgBS3AfBHAA5YnjkFTknHoOkeLL7wrGU07U72C7EQVo7a4kSANnOSEcBtu7JLZJPTk15mhIBByD2IGB06+3YnpyRjvm5bQS3dxFBGrtLK4iGAxZmJwoGD0DHOcnrnsDQnbZJ201d30tpv8/MiUIvWTulrbR3emqve2r6aXb76esWWueIvHOo22nT3UjxGRJLt5HYhlyNzyM7HccHgZPcc/Ln7P8ABHgS1u1spZofLsrVVS3hVFIllX70hByTkqSxPABxzg15f8I/hVa6fbpqWrOUvJER2hB5KkB1jUZzk7vmBJAA/vZr1P4ifE/SPhzohtdMdJvEU8JjtLYMpWzVgR5rqD8j4+fkZzjIAPN82llbyelvJpaNdW1rra19DjknUk1GNktrW97TV6adrNtaXvsU/jd8RtL+G2j3Hh/RJ1uvE+r2zQyiMxsunW7oUJIUHy3wflGQeuDyTXzl8D/h1d6vrMXjLXYidMtJ2ntlnQBr68LlvM2Hqit8wJzuIByM1znhPw1ffEXXLrXvEl3M1mJjPe3EjsZblyxYQRuTwmQQQvGOBgV9Z6VqAs7W3sdM07yrSGMQweYAqJGu0FwAFHI5LdSWHII4Ixvfm2dmnrfpd9tHe11aS0u1c05XpCm9bx5pdd0mtE/S+lvV2PSbi/LBty7kOI0UDHlgjARVB6gZGc8EjA4wGWd1eq7LDCQjsEXcG3ZAyxHQAe5xk8kciodOubGWIoEje4hG+d+SqMRuUI2PmBPIHPIwa0rfUSm+QAMgDBcR8HAIADZIQDpu444561hOSirKKSd9W9Nl00dtUr7t9dGdVHBzfLKc+XXS291bW/by09N76kdteMQdzEkqCxbkg4yMDGAvJJIyec9RXR28CJJGZLlS6L/q0JErMQucZGRgnGV7jIHGa8s1Dx1p2l3Cw3E6m7fZ5cCkFEBB+Y8jkYJwD6deMrp3jbTC095HM0jJ87SyjEa45ITfkYB5UgA4AANefOo0/PSyu21ZX011vezSa83sl60KFGF+eSequm7NWXNe19b2tpbZo+m/C1zb2cgE4SOUsrs8p3BUHrGRjJBJBPJz3wM+k3fi7TLaIrC0UPlHM88zCNGUAEMvOSRjkY3d+xB/PPVfjFeyyzrpkgiSMljcSsoZmGcFRkHHBwPmJHQAgVwsnxB1fXQ1pearebZGdpTGGCuRkBE6MPTb3Ixg5GOCrRqVPenLTXRtLT3dE/PvbVHfRx1HD+7StzNKN7paq23a/Syenqj7H8ffG6SKWTT/AAzOJp5D5D3Rc7Ec8FYUyRkHgN0UsN2ARXnd/djTbS18QeMtUN7eEK9pp0dzlRJkMElCsVJO0bhn/EfOulahbaPerqWqNcShXYR2soYfLglXG44LDOQRk4xnOKr6v4rXXGWKL9xbrM8kTzMXLMMkkk5wR0AboduB0NeXiFNyVGgpRg7KpWWt78t1Fd9dXe+3cU8zmuaU3zTck4Q1cVtrZJry1e/S7SPXde8f3Wv3u1bVLGCOEMqQBirlcgKTkJnAUkspI6npz41r3iWfeINRlEMYZtgBxIzMflB2lfl4Gep49K2vDMOnapHcQX2qx6akjsDdu43syAkhFGNqjO1mPByOATXjnjB4U1SeyS7kuVjlZor5fmSdARgxHnKrjgrnuO5BzwVGlOvOm+Z1ItO9RtqTclfpZ6Wuk1a6b2seRmGMr1YKo535+nMkrtr3bJJ7Xavpqnqy/cX95LdO9vM0wG1QysAMkfu1GOSoyAzHkEDJNbV34b1OREur6eC1KBGjR2BjKsCd2VP3zn5h1znvXjp1WKFleC5JkOFKoW3FVIyCOeTjr1XB2jIXN6PxfqV84juHklhVdsYd2CKU4VyDz05J+6d3OMkV7VXCVFyqi4Rj15lfZxa066a626eq8Xnk5K0vPVu2tndau7W/ndaM7uLQ9Wt7lL9J3mQkKo83CDkgAqCx29wR2GPXO+uj622HivFNyrB0QMq7FYD7pJIIGcA5HHqOnE6D4qvbm7trSKOFish8sbziRlI+YjkDBOevoMDPHp99Z6hsFy0qBkQK8QYBVDckKVPzY3fKAOADgE5rgre2pyVObjHms03FpX91Nqz79b2VuxVOtOL957u+12m+VXWvRu6s9Huney6HS9G1WLZK8z3LSIjTFZBGFdST16Eg5574IPJApdTh1eK52t5ty0ils/aBtX5Tt2uTkEcDkkHBI4FcNFqmt21pIglEcRbGS7M5J+7nByAR0AIySD15qrquveINKitpZ0lmiZdzLEGZQvUEuQcgjGVUcDgkkVyfVZTrKanSclZ30u37qtdtu3VW1vd72PVpZniY0Y0lVmoNp8qm2k3yrRX1Td7avr525nX7HUYLt7mW7nRCWJcTFnjbPCbM5656Y+Ueua4rXtSU6ebdr1btxMshOcyErzjndwMY5P3vyDvEGuXOrW9zKttNG4JAALbEBJIZgDwSARk8FuwJUDzGN3nWWCQupJLs/LZ43DGdxB5yO3qeMj6DC4e8YuajzRs/ddtFyrXotNrrV28zndScnLmk3fo22/su7819+lk7LTsp/FEDJGgBZhGqsw3BgqjbjJ+XIwemcZPPTFGPxBtcrgCAFmCA/Mx7HIzgEDPtnjGQK46VUYlQTjkM3ALY6KB64BJBzn1JNWECQKJpNw24IiIIDKQwBzg5z26EDv1z6HsoRW3M38Kvdva6vaz117XaV+2TpQb5tb36v00s7b2W/TbQ6nUPEM72aRxL5OScpkBSj8bmB6lhzjrxgcmuNlbepZgOMpuIzk7sjJJUMBjjG4jnk9nXMu9g4wGI4DHgLnGAODnj7vYH1FXrDSb3UXijgXcZBghcnBXJVScHLY5XGOMEcilDkpRblaKfVyTtZx3XTXZ626rvrGPKkk1vr5aRv917pLVdbbmSscgYPjHOQAR97GMYzzgcDrnHXg4v24Y6jYqw5Fxa5GD/AM9k47A5ycZ46Y6AVpT6TPp4cXED7oyAhIOVZRzkng/jgdeBjirbuZNUsidpIu7UFR8oB85MAZxgAYy2MZz7Z2pVFNe61JW0cXddHpq3179LJd6b1urNO2ulnom7Ly9FvZs/eXwYjP4N8LovylNEsS4U7do8hANvH+QMgc89isEZiIBYkIMggbSxHPJAz2HPABGR6c74N8p/CXhhFAUtolgGP/bFF6H6Y9B83Tg11hj+UICPushZMjaMg5bqAxySMDAyfrXXSqJ29F92l9NdbOzW+p2yinFJq94Rte1nou10rvVq3ydrHnfiQRC2u2WAyeXFIGMbbQck4AA64I6g/hjGPLbGad1WBIXKyuAoUFWIAAIfqMH+9kZ54xivcdYtD9guwSFbyJCNoBJJPAc/TlcgccdQRXB+DrUy3UqThWBI2kKSRnJDLkdx6fxAfUdlJJ9HbRdlf3Xaz0Sta3Td6nBUhJSS1b0vo9rR21to7a9dNHcn8F2xW+1IOjRO+1QrHOCBknnoOD3yeRk9u/kjZVkORnGMcHAHcjqSecADgDgVlaTaMmqX6oBgyrmQjDqADx2PzDgg57Ac9NWdSomCqSylgc5AI6Enjk9SOnPbPXuouLat7r0vdqzbUW76Wlq1d6eXnDjaOr5pXemjl00+Xf8AS98maMtIgRgW3fOcgYbkqAODwe+Tzz1LZr38T7YySzK2QQFHyN0yAeoyDu579+gs8kghSrA445GSDnI5K5HYcj/a4w28V2SEjoFySD/dPBPTJBPUEHPPpn6XLklVXVNLa2t3FX08tdN9bd185my/2eV/Lpo9Y3v0vppt2S6mSzEp5eF+QDcRk5U8YzyCRjGADjI4zUGwAjaCSoJ6EEEgEd+eAeeSPYfNVvbtAJdQMnfj1BY4GTzkjbnP1xnNQ4Qlm+Zck7V64AAIABOCCc88Y9Cev11KKVnJOySasla97Pm1XXaO7fe9n8XKNn8201ZXd1bVO76fitLSZDliSowQgzjGdrHufUYxxx16nNNLMC4C84OASGOR64JC+wGMrzgYyLK7RlgMSH0JIyR+R75wOmMYAGIZnRV24DlA3I+VgeOCOc88Anhv7uc10e7aK193lVtnK/J/eSe/W+q6pNPNXv1urt7eV9btd+m/e5ASzZXJyFyR8uE4J4JznrnsSOMc5qeyZvtEJVl3GRSwIAwOgHIHJI553dznGaplslhzuCFivf1JyecjgZHrzkkCn2LM17Bkr/rV3KeOBg9fUHH88d656vK4Sbeqi7pLbSPXsrvvd90zqotOcL33j3b3jZ21T2uui1V9LH5bftIRNL8YfFDM+HE0RO3BCgIuOgYE4zwD07qQRXiF1NIqorSs6JlULNlcA9wSQAepH059fZf2iJkf4ueK3wFWO8QfKSQcKMj+I9D68EYrwS+uYmKiMcsDkjI4wM8HGDxwW5454xn8PxiUsXiHo17aauunvry31/Dy1/U6LtRo9XyQld/4Y7W06eVrWVmiGW8ZC4TAJkDBs5G73HHHGAfXJAyKtQXG9icqZWUZO0bB1HGcEEjr2BwQCSc4m/ACgjqNoOG7c8nPqSc4zjnqtWISPlyWLfMzBeMgcDODkY9zg55z252kr6Pz0snay79Wt9d9nbS03su6WvqvLW3Tfsdjpun32oOoRy2OXA+VVTHUjBLsB29uRyBXYWkdvpZZWdmlAO9nC5MmMqFU8gZ9s8HmvP8AT9dksFZFiBxja28hie2WOOQecZGCOeoIJdXnmcTMziZ3LYZh8vOVyD0ByD3yRknoByTpylO7souyt3vbfzbfR9eu5MoNtXta7X3W1+F9revVXZ2OoalfuwgjnmeRiR5S7uFb7vlAHB7Angg8mrcGl6l5Cy6nIbe3A8xTM5Msm3IK84bDDgDA+p7WdFkmstPa/mtY3nuBi3ml2/IF53AOCFU8lemcqAByK5/U9ZlvB5lzcu7IxOwN8vBIAQcAMxwTgE9QAKmnBOTUYWVtZWt/Lpd/Ck9938jNRSslbTqlstGt9Puu9lqjuovEpsLdY7RzGNnlQvHhWQFcnO3neepDeuOgrh9S17Urq48q5u5GWNQRucs3OSSWPYgHIJBHUDtWJJqqSQKNpjCsCF3feJPXPXIJ5HI4+6STWJNdsJCzuP3gwRye2ODknGfY5OfetVTimrw1urN/DZtap6O6dm01pbRu9xqHvX7r3m7NN3i1brbR3unf7joYZYZruFbt/MjYouU+8vzYGeSMAdz64Jbnd7Ta6JYSwQTQWyi1gOWnjQB3bHfg5PXpwR3xivneAlIvORgHDYw5Unr3DYIGe3H1G0V61Z+J7qXT4LW1DsVjUyeScplBzuK5GT/EMAn+XHiYVGlytRSe1rpr3XFr5eqWruzVtOztFXa28rJXe9no2lpoknozu5tRsrC1dIYtspJOFG07cg7pHGGwT2UrwevPHnmo6jeahJ5zqzbDtVcZSMAAg5HTg84A6E5PJolu7u4DSuWBZ1LKSAoA6gkjOTgZUdeOmTUeoXjxQRJEgQMMIuNu4kc7ie2CcDk88gcms6dOMYp7y6yad38Le7v203StdaNCWj00Wj763Ulvro776pr5jbfUoLUGOVkZdhKKVyxkIxnkkhQe5LHHTgVSigbUJ/O3BItj4Yt8obkhQD13HoST1PSsm3tZ7mVlJAG0tI54ZcE9CxA4yOOnPPPNXEuLezlWJJmmjjBYOpyWcrhm2nJKfwnufYV0qN0veS1u7tWV3a78/J+eyuLlTt7yTvaSd9E3Gzurpa6fLdtosLZQQSGe7cLtUrGhKkO3YsAMgegB4zjoecaaF5ZtpJ8sqSUiHCh84AXHKsMY4wPUH5aW9vgyGIZU7t43k5O4gqOegzz2GOmDVeK8BYqjAS8+ay7gMMOFHckj5fVj2weLhzKyadnba6vto1daa3ask7RV2rIEne1+ZOy0b127tK3lpstWUpBGyPGVKkMdp6lsdFYNlgQeTn7xJI5zSRXbKrL5KrFjaMjbh+xb1Oc/U9c87rpspXVv3Zly4wQPuknKs3+z65LevUjLLe0fcWnyYi5yAOePk4wcYXOGzkE4xWyqJavXS+zS3Vr3bVr7q9729R29b2vs1uo76tL73rp3bxQbi4DOGHysVGARxkDkDGQfugDB+vWuis9BkkgSa6PkxyHgjO44XOcAbuTwTngkdSMVbht7G3mRyysRINkTD5duATkepAzg89BzV6a58yFTa7lRXwWKuxGTtOxcEcY+uDlRzSdX4nZ3Vrttf3U0k12fxbX33uQ9PK1lbRPdNvt1V+n3nO30skfmRRkoqAKEQEZUEjoBuLuByBxnOBg1Z0PT958y7jlRN53M6uN2RkKuRyM9wMluuK+r/g94G+Hem6fB42+J11C0FtIHttKYB1vIzyWkTO/eQehJOOMkV5z8bvG/hbxR4sdvBGi22iaFZoI7ZYgIvtWBtEhUKCGAAA3EkjH3iFJ8+njXVxM8PCFTljbnqu6ineNlHmle7V9urau7K2u8VdrWy72TSs9Xp5rZ3ttY89F4wd7eNpFfy9iDJKIqkgZ6HcF7DIUYPUrnPmuroIiwTO7R7llYZZkY54X+IA45BJ+vzEVTs2mCMSNrSOSGcZbBwXwBzgY4BPJyFHOK7Xw/pa2kgvtQUlZji2hfAWTIyrkYGCeuGH8WG5znefLT5mleeto7Np8rtv8A8MvRkXUbWk7W2tZ7xb17/K927X2Ofs/h14n13Zc21p+6cmSSeTau1GJwWDEbc7sjvjoew9k8K/C/wf4eYah4jmOoymMH7NGD5KynjaXBw208EjIOMnpRB4kvGmjsYZTBEf3c/lKRHhSAEbbwBj5SRtBJOMcY5a91O+h1P7NKDc20bPKixyfug24YLNgAuAx+Xktn16+VXeaYxuEajw1LRe5dyavHeUrNaXbSs7tXZPPG7tZ66J2lZ6K6/Gy690ze8b6jpttL9i8KWsNu8sKxyNHEu9TwojByDkDhmOfXPGB4Bq2naxYyv9shmQOzM7IrbA7Mdu5hwTx0545IAxn6W8G+GvF/jLWrTTfAngrU/EOp3UqozWtlNdRrM5AB3qhAC5BBBA4PYYr9Vfgr/wAEj/jp8VI7O5+Ic1p4P0a7mjuZIrhPOvkRlDMWhVQYii5IDng8dsHXDNYFRhWalreVSbbnLVaa7K9rpaXXRnfhMvxmNmlh8NOer15Xyq/Jo5P4dLryu927n4X6LfajZxlEikO4KQiq7Su5GFIVQSeDzzjHAAya+ifhP+zd8dPjtqFvpngnwR4h1e4vJUCyjT7iOxjWRsLJLK0YjCgjOSSMYb1A/q7+EH/BLH9j34FW9trXj+O38Z65b+XMW1V1mjeaPBLJaKcDJGNrbsnA29K+yf8AhcXw++H9kNG+EvgPQ9DgtovItru2061tsBBhcMsYcgEDqcjPatPrM69TlweGnWm+VKbi1HZa81npbbbV2vvb6jC8KqnFVs0xNPDU7XdNSTm3daLz3urPc/EL9m3/AIIReKdUgsPEX7QHi228KafF5dxPpVoUFwU3CRojMWwuRwTs4OefT9rPhb8Gv2Nv2TLG3tvBvhew8TeIbOMRjUbmKG9unljUAN5ro6I+8ZLKMlTgcZDeS+Jfit4u8VSudX1y6ZWYgWlvKUhA5+XauAVHuMdhxkV589xJJI3JAZiWld8sM7ixZieScZznPJHpn0KHDeYZnJLH1XSo3v7GirNqydm7pvybv6a2O6edZLk0VDK8LCrVSt7epaTbsm5JPVPbttdbH1l43/aj8Ya3BNY+HYIPDmngMkbQgCdYxlVCkBUGU4UgDnHzDivmbVNa1jX5nub69ub+aTJdp5ZGBJw2VU8Ebs98AdMryeD1Xxf4Z0KJ5tU1FHkjOFt0mWR3IHI2Bmzk9iM9Dx34F/iP4l8RSix8EaBO8bttW8niYRqGGN+4rwOhHp2A619jlvCeBwsLUcKr/wAzXNUbSjpd3a+VvwVvlcx4nxuLn+9rcsXa0U7QS02adkk7Wsrs9qaytraEXGo3UdtEoLSPLOka4z1AI5wOxUjOPQiuG1b4oeDdMlWy0i2l1+/G4IlpE0kRY8APImVAJzu4A64UAVlWnwj8Ua7tvPG+vzyRTYL6faSsFUE52EIQOM9SfUHJ4r0jRvB/hXw2BDpmnRrLGu2SWWMPO5C4DBm+649R6+nX6nA5DNcsnDljfXmt5bXT6Lpo9j5XFZvRjKS5+adlez8k130W7++9lY4O3i+IHjGMmWSDwzpTjiFE3XEkbcGOQbccjOQABjr781r/AOzd4R1eBb22mm0nxRCWa2123cJunHzK9xCh8pkL8uCu4jPPXP0ABCrq0abgx3FTkBf9nBwO3ccnOME8w3V1EQWZVDbiRGpOSOMZGeSMYAJyPocn6Shk9JaVYqdrau+ui3stHp0100tY8Wpm1Re/BxguydubbtpvdWs972tqfPHg/wAe678Lb+18G/FXS7YWcsvlaR490q18nT7rc5CpqZRSIZSDy7Yy2Bzwa+tbW/huolmt5oLiGWISwXMTebDJGyjDrIpKkkEkbc45IBzk+Y6raWmt202l6pZW99p94gjktblVkUq3BwGXcjZOQ6lWBA5+Ukea2mmeK/hLJJceHJrjxD4Ddg1/4fnZ5tR0OI8tNpzHc0sSLnMQLNt5BFE8I8FJz0nQT3aTnBbb2V49PJd7mH12GNiqbk41WktbWk9LrVr3npo9fnqfR968rRl0uEjJVtnPHmAAYI/h4wDwOOme3lk2t6vb6jNp990YkLdIpCMAcnLdPlUjngnIGTjFYuqfFPwenh6PxFH4g06300l1kW8nWC6ilGQYpYGYMkkbAgqcEY5ByBXxb48/bH8IaTNcweHEu9d1CASoGLLHZ+YRt3K5Db06YwfmBwMg13UszwcGpOrCSVrqNuZWcVy2TvrpfVfgjx8dlOMrSSjTmndWlL4dUm3d282923Z9EfbVzOiedPLIHWQlBcmQIqnaQWLN8uAMnnqufrXhHjf47+Afh2lxBq2vRXs4XP2DT5o7meRgPlDGJsx8gjBwV9MdPzR8e/tJfEjxsrWs+tto2mlnJ07S2ZHZT91HeM7iQCcYxjIIxXm3h3wZ448c3ax6Jo93M0jnfqWoCRlYEsSxebOf4jydvPIzxU1c8q1ZuOCpcy5bc0k+tr9UkuurvbWyVmTg+HadHlliqkZNJSUItWSvFtOTuvJ2TbSS1Vj6q8f/ALY/ifVbdrPwTYQaBZZY/brx/NvGxnDKW+6QAMDB7kYzXyrqes+N/iBfebd3OteJr68kwFTz2t13Fc5AHlLn5R0PGAeK+sfAP7JkbtFd+M7qXVbgFCtpbhltVO77jsSQQSwUnng9xX2v4Y+EWgaFaQWtjpdlp6whTiCBPOx0DNIV3cjjr0HGAK8yrRxFaq5YmrZTV3FNaNJO3le+t3bVtXR7tNYWjGEaNKKtaCbSW3Km7v3n30076O5+b/gz9mPxt4gaB9cni8O6XNGGMUa77twSAUyCCjcjJbvk5zzX2d4C/Zv8G+ELW2mGmrqF4mD9uv8AbLIzHDEBH3YGclc8fXivoK+l0Dw7Ep1C7tLKGHkSzTIHkCHdjDE7emMEDOevJB+dPiB+0p4f0d5LLw6jahOCyrNwIUZdwVgPuAHv646EcGEsPh24uN5LVN9Ho07Pa1r+ad13NZznUSipPVJWjayXu67p6NWSvqt1fU9/Sz03RrQMPJtwqncJPLiSJB/dOFxtHIA9PoR5P4w+P/g7wjFLaC5XUb2IMBHbkMN44wXVcLzgDJHTkccfDXiz4v8AjPxRJP8AaNSnjgkfb5Vs5RVQknBYEEnPTHXnp0HjepfarlGj/fSbmBEjbjJzgfM5LZHPJ6gA8DgjDE5nShBcjV9E0+j0WiW1mldu21lozWlhKkmm09E7Jp21S1Ta1b720e59b6l8evEnjC9ksLCdLHT5o3JhhdfM8pupZwAAQCTgc8cnPFfNfiq3u9L1iTz725uYLkNPCXZyjs5JIIYnOD6EA9cYOa84i1W70C7V4zIGiO5mMhXeucsmcnPHXOR04zzWX4m+LlnfBZL944zbblih81S7LgAhFUZJyB16/wB318qrnNOE06lS8nZtPa9o2StpbpZrdXSOyOV1JQfs4aNK99vs31b1809H6ux2Ru5MGZ2WNxuVlwMlT0I4PXufcYOcE4Vzrdvbxs7yxpglmeRgh2hskFGP3VADAEfN1GeSfCdQ+KMoSSS1VbRDvCz3z7QqZ6pHn5+MYJHYEgE8+Na/8RknnMkc82qXBBGWYx2ik9SqDrnv1B5yfTy8Rnsm5xpwclbR3v1WqsrJLyu7b7I66OV0qUIOpJRejajq9033SVr3vaz1ufT+r/FOwsSRYhryRMhnQhLZdoySzNxkDpg4PBIGMnxbxZ8ar24Vo4tTIAJAtLIkKv8ACAzgkMSQR+fY18+anrmsatIyyzvHCxLJbW/7tADzg7eSOeSTx+IrJttOupp44Y4XcuQWjjUs7YbAJYAdT1Bz75BOfCnicTiVyznJq6fLd2d7J/C1dvyvHytc7ac6dFtUqcY7XlZO6so6vVbL5aLzOtv/ABVqWpyF2kaFHkBwzM8rZ5+Y5I/A4AB6CvUfgXayXvi0JKzuksbGd3b7xYAA5bqCPmIGM4AJODXUeC/2f7vWYtN1HU7pFtJ4DcSW9uu6aGNVJXeByq5HzAYwCCecZ1fh5ZQaH451eCxiO6zeS3hiCFvNKMVyABwOpx9TjOMVCm8NOE6kU/eXuO7TVk273stJd+m+l1vTp1a8o3naN1y3vy2ajp2Wml7b63a1PsDT/hvotsGurW3ja4lcZMsakbiAQSzYYH0O73HrXSWmjmz8xJGtwGxlMhQFBJIB3ZHH3VztyB8uBWJoR19rA3mozPBboHZIYzmTHpg8jdkk85BOBxXNf2lNqk7O0NxBbwtIAvm5edwxBLZbgN0I6NjjI5r06vFOFyyknGC+C8Unb3klq+lrrTd6X16W8geKknGTtba7u0nG+mr3b669Urs9VguUdmt9MtJLu6QFV2A+QpGAcucjg55yOAepxu4DxeZ7aK4fWtSWFkQuLO2YAYIyA7DHzA8YznHTnitCbxXf29jFaWcSWSBST5Y/fsNoADPjduwOQzH2758X8SXd1f8An75ZJGZzvMpJ3BRnaM4AzjaeSMdTivzrNeN8xzCs6UJSpUGknGLcW0+Xtb8NtLHu4bIcHl9JVY01OvFJ80oppPSWia6WWqs+3nx2ueLFjjaKxt1Ea5DysMuJCTglmySTncSD04GAvGTYXc+pIFmlyysSoJOw99x5GeDwOMnjnFcvcRmWS5UIzyCTaqJnbywGMAdSDxyD0AHOK9a8I/D3xLraRm0s2t7dgkks8/7tFUNnIJAO1gRwWOQMckmvmMfilGhzyqc0pWk5N+90766tbPXTV2R6eGhUxFVJQtGKUbKOm6v2XS2u1zk59PjW3mfy8sY2LlyCoxkZGSSeMNjBzyM4GK4Tw3pNzd3Vz5cMsyyTtsUIwHGcsXwM46nOSc9Ou36j1PRvCfhSzMWr3g1e/wBjM0EB3xqwXkHbuxhs/KOPlJG7JNea2muNeO8ekWMWl2sRkDsiAylTkKSQpYMQQOckZAGMDPBgMbKFOcldqTa1ul9l26Nq2l0tXbo9OvE4WPtKd5xUo393XT4Ffzab2V1dvXV243xN4cs7PSIf7TlADMWZEPPUn5uCQzDC44x19c+UwapCt1Fa6dZRQrHMY45JEB3KDyckenOSWOOMnGK9j8cgxaMizF2DPvd3bc5Y84Gedo59RxxgHjxGIww3QumAKoDsRjjBxuB5yCD78gjJOTx9xk1apUwkve5VJtaaJNKK08m2/k7HymaxpwxKSTTio/crdr663333Wrv6De+Kp5Xhs57jyY41HywsQHIAX7ynaoGMD5WIB+70qC01Ca4uSpmUK7BlLHLMEJABOOuRgZ55zwTk+Tz3pu70zK4U+Y6iJT83zE9j1HcYBzwOgNbGmXNxPf28caSMAxXEQZ5C2QpAVec7hweD+oq6uEg03rz909fsvVper3V00ctKvVdWMU3y3Vl0avFJO3urRK11tv3XrnifxElro4s5XUzkeWqqeAoHIHTk46nHIyDnNeSwXYnkUOrIHk3RBcsWLYIwOuduAMcgkEEivfdD+AXxK+JF3bGx0aWx03Yrte6gjQqyHG5wJANxIHTIwOOO33H8Lv2PvAvhiK11fxVL/wAJBq9uUka2AJtFdcHATGCFYDhiQPXHAWEhTwyfM1ztXa/mleLt5u2213rfv6lTA4nGVqbs403aPNJLb3byvom7a3T3t8/zj8F/BH4kfEbVo4PDWg3k0bPuNzdRtFborMCGLsuDgMDtJB2kDOAa/Sn4P/sSeEdMjsLz4naj9o1OORJZdNtSqwsRgmOQ7W3KDwQB7YGSK+t9MFlpUAg0jTbfSoEjCItrCkbMAoUZ2KpIwOCSccn+IY4XxP4wn0iYSIEluSzY3OC4VcdQDgAY6nPYnHJrSnWq1pRUVaPNZt6JJ8ut0uZa7/N67nq4fKcDhW5VX7eoo8zi1eytHfrunbXy01PY5br4efDjSZYNB0nTdGgtoNiTJDGtxIEABO/aXLYA5JJJIADAYHx58Q/i7rviC7uLPRLh7ewOY3nmOHYEEHByMBj0IAxnjJ3GuX8d/FG2vLaZdTu4gYiSAZcYdjwpAbgAdRnJx7YPyH4t+NWg6U8hhn8+dSSypIGUMOw4O4Anj09c5r9EyfD4PA0IVsTKMpLldr+7Fabaapvf0abvv8Xn2YVp13hcHD2VO+vLdO6cFdtNO1lur+vb0TUvC9m88l9MY472dzM10zoHbONzDt36t8x43AkGuC8S+JdD8P2bw+alzMUCPmQM+QMgKQcggsSSOdoyCAM182+KPjXrWuSOlhLLbw4YAISztkEYG0kkNgYAzjnvzWBpGheNPGU8bwQXCW7sDJd3O5VweWYlscbegGM+3OdsbmGCrylHDYSE23ZzdO6V+XbS9273d9VY8fC4bGU03VxEoptt2lbfle2mutnfR7a9L/iTxpf3U8gtpnht2dgkaSMXw2VC4z1J7FT74NVNItfGGsACyF5HCwG92LIpUk/xfKNuOg4POPevpX4e/AP7TeWsX9nXXiDVpyu2C3ieaNHbgAgBskEcgcgDB+9mv1d+BH/BO/xn4vjs9R8Q6XHoelv5biKePY4TAbKxhQ2cHHODgZAOa8GpgacW62JnTpxbT5XZWvbVaLyVk2tbHr4epipyjSoe1qSSSUk2037qa3Tt3ei0XqfiboPwc8R67Oscdjc3k0jhBIyuVwSMlMKckfw9OnOO/wCiPwH/AOCdfjHxhNY6jeaRcLbsYpfOu4RFDGmQS3zABwOuO3IOORX9EPwX/YL8BeDobeeLQINVu1jR2ur6D9zGw53rGw5YYBz34PB6feHhn4M6VpkSx+RFEqIoWGGNYbdQuMKqqFBTA5wMjp3xXBVzbLcHTaoRjUqxaSbtbRrWyTvZa3s9vQ+iwfDWYY1xni706St7ru3JXjJ31WlvSzs2tj8qPgb+wb4U8JpYTX1mdYv4o0LRLEBaq4HClQoUDJ5yQc478j9JvAnwXt9It0jtdLstLhQDcYYIwwAIG0NgkgLxkDII4wASPpPRvC1lbMY7SzUbFUAIoC9CckkAkEjk85P047uy0S3SMveMicAiMELGoHQMcknGec5wQD6Z+XzDP8ViakYp2Wlox0VtLJKzVnqrPr8j7vLuHsFg6cZqlFyVrydm+lt7d7q/da21PMtC8C6dbKiRQtO5IyzgN6ZKkjj5sHAHQevJ9QsPC1nbqskyiKRQN3mbVRRwRgngkj0PO0gD15PxZ8SfCfgizeS4vreSWMNtgjdCysOcKuRkkjJ4HYHBJr4v+In7VGqXrSWeiu8MMpZFdWGSDkcEc5xjr1wMDK4PFgsozPNKrcac4U5O7lO6urK7TSV0+3rbQ68bnOX5VBc8oyqaLkjurcvTW7t5aedz7y1z4i+DPBNozX17AZIQT5UciszMCcK5UjqcjIJGOSRg18ffEv8Aa4vbwXFn4XzawEFPOQjJXBAORjuF5OcHkgAZr4T8ReN9Z1iaSa/vri4LuxZGlYnbgkgjJ2g9mwMkD5sZNctareaqCbeQxxq25/vAkbvmBB9frx/DwRj7vKuB6NPlniI+3mrSfMtF8Last9922r7ta3/P824zxFWTp0JKjT1S11d+VPtZ2du9/Q9C8TfEjX9enkbVtVmlLhisLSuWIcthc9MPnDAY53E4yK4gW99fDeglETEbWyxw2MNlmJGwcggKBnPQGro8LQqwmllknb74YjhCOXHIx1yce/Vu/XxSQxQRIjIpTLcYwVwM7hnluecYJHQDNfoOEybD0qceSMYKFlorONknpotNb316X1Z8HicyniLylVlJtWlKTbu7p311tZW0fz1V+Sl8HyXigyb2mEalAvQ/MTnIHIIHHck8YzyieHbaIq6RxRzQLsKMQTJtySeemTjdz2HTnPVjxBb208Xmuiwy4jdycY+bt0AAzkkcK3GRgGoNdvNMlheW0mTzCp3RrJzjGQd4PXhT9dvXnPsKjCkqajpdXclZN2Sa5r2af+et1v5fNOUJauSdpLV30taz1d7P7vR38O8a+DrDXUGo2mNL8RWD+bZahbKYmeWM5SN2RRuUkDcD0BPFZ/hD4q/aS/hPxYqWHiiwG1Jpm2Q6jEvyK8JJCtIcDKgkgk9cDGxq+rypvQSKYzjLMwXy8NyxB7epzycDrgV8g/HPxb4U0dotS1HVYIdYs8S2D2kqC6MyY2K207mQlRxkZJI6c1lUrU8PetCpqtZapc21722vo0kvPzKhRqV4KE7rZKS1t8NknZWdn71vVW1t9e6hrUcVw4BYEAPtLAD7wLOOCABjORjsR1OPLPHXxq8J+E7eSfWNSgMkakJbQOJJ2cHChVUs3y4XjAxgqeRz+eesftK+O/FcCadokEtlGIfJn1OYFWlUHCuhZRtJBUjJ6/KByCZvBvw2vvEU51bW5bjVLm5YzP8AankdAC4fcqMSm3ngc9OmBk8NXNK2JfLRUmtHe1kttXvdb2V73em7OmGCp0EnUmt78t9Xfl1dlpdJabrdPQ7/AMUfH7x548uX07wTp72GnuzKb+ZDvKEkErjaOnPBLdgCCcc1pXwqn1K7W/8AFt/da3d3BMjJNI7xxnKlhsPAAOcAjHXGAOfedE8E2GlJGIowkuQNirhVUjkLg4GDxnO45JJJrtRpllDbiZAEKMF3MOSONwwOQcHgHIbHQ81y+xqTtOq+eS3V3ZbNpJeV1q9ei3tUq0I6Qil/NJb6fD3drLS6vutrHm2neF9P0mOO3061jijVUdgIlABGdwwBnnkk4x+AKn17SNLgltoriZ1jX5V4AUBlzjevQDPA46/nWcYorc74lwZYsqJDkEYyxzwv0x0H4E61jc28tpIifMVK7o+2cHJ/u9j94c+5OB20aPu2i0l/LttZvbe29tLp3vo2cNSu5KVpNO7SV2tuXRJdk7vTTW2iHX9okcrSW7I6KVWTYAw+cAjGeMn72B0wenANx5UhtmVWXy3C7c5UhuctjBPBx05BJBIwQeTGqtFevbMWWKYnaM8oV4AHoTjoScg/UUr6h5ZZHIZQC2GJJDNxuUZ4OAAeOmRnOBXXShFJtvZJdN5cu71suttW279bGCrzklFtPVLTS97bu2++nu/ekiskzRXjoeTJCSX5yy53Lj/ZIHGMkY571Wmvi0mASAqkAjO3JyCCCATg8t3HOT3rGvdRi3mUOVCAqVJXnJwQOvy8liDyOCAetcxqHiCzsonnlu4IYo1bLyOFUMo+YHJyeDuyckg8YIyvRKdKnGLvy20eut046bpLa97O/K3ZvQxnRqzaafZK7bWrXXV30vt0v3O3m1OMk7mDIFAJB4DjLY56cjnPQcn5sgcrrPiqx06F55riGOKJWOZJAg6HovU55AweoAJJyK+fPEHxeX7Q9roKyahc7mUyqv8Ao6OQcsCOuOCTk569q83uo/EPiG7jm1We5uJJTmKxjVmVtxOF8tMBQOgLZPI3E5rz6uMhf92rvRtq/TlSV7q69PNbG1PBWUXUajqrpWv0tdfF01u02++h0+s/Et5ddmfQYZrqWVXUs4IiBJP7wYyHUDk4ycAY+YYGUNE8Q+M9ShW7e6v7iQZSys0dokJJwJCuNvJUnJPGeO1dhofw20zSIj4g8d65beFdIhDSGG7lVLy4RV4jhjJDkMRwAMkk9RiuG8XftO6Xpzz+HPgro5heNPs0uvyxCW8uGO1d9uuGZckZA6YIPy8VxcznpOfvSatTTV9eXSyu9rK1/uHWqRw1NT5eWMVaVR6RSVm25tbWstEuurPTW8C+Efh1ZDWviZrOn6XbIvmwaHBJHJqV2R8wWSNDuyxwMlOOdwwRjyjxd+0r4g1W1vPDvwk8PvoWiWsEjz3dnb79Tmtowd0ssyqTCpUPySCM8c1a+Hv7N3xI+Ml5a+IfGlxqFvY3D/abrVtZkcRxwswd0jSUhUJHKjGAMcAZx9pt8KPhd4G8Oap4I+H+l3Hi7xjruky6fc3VpEJpIJ5FZBIrqp2IM5bkALySBnPp0smxNWjJzbw0VT5lde83a6SXT1d7ffb88zTj3A4fFUsJhP8AhQxEq8IOlTadOmpTinKTvZtJ9ea/3H4ia5rviXxBcz6hqN7PPiRlCzO00ok3FWMm4t83P0JyDgFsYtto2pXrhLVJJmn5kKp1OOG5GOBjIPc/TH174s/Z+1L4Ui8l8Z3VnaXLys0enzTJJIRLubcwB4ZdxBBGe3YmvBvEfxB8JeC4TDaXUV1JhmeK3KFwx3DHAJA5CnJGCAACTx+JZpTxFTH1aUnOpKEpKUm7paq2t77JpJN/cf0HlDpzy/D15L2alCM3FrldpctraJeTXRW62GWXgyC0gSfW5huRQy26OFOAM4Y9gMY6Z/DJGL4g+InhzwxAYbcQJJCoCWtqylmYAjMzg5JIPy4wAOQc9fnvxX8Wdc8QvPHZO1javkDax80pnA+bHBK9cbfUcV53GJrqQzyl5JMjfJKS556k568YPPHQEtilQoU6VnL4rpb2W1+bZ3s1bS66tvS/XPFU7NUle9lzO7vbl30vvr6b7HoHiP4ka94idoYpWsLF9zeTAdsjAk8s4IJJHOdwxk8EnjkY4XlK7WbBOZCSSTn+/kbjgZz0B69DinwWKs6lFaQAklgCeSQM49QOgAOMd+ldjpmhzKwaSMBWKsyv1dN2e44HuDg7uhrStWp0YpykktLK+mnLsvO2nk32RjFTqyvdybabd3ptfura67NK61MC3s7i5cLAojjA2vNsIHT73GB83AHTOTyRnGxBoZV1VmMu04McOGeQt0OACR05I56Y4wT6FpXhy+1SdY7SJYYQMsShRQF6kEnDHHIU4HPOMg17T4X8FWFiPMlhR7g+WXuZlDBC3TZ0644HOMZ9j41bN5N8lPmlK61Wy+G7ttZX7t20abvfengnNr2kt9t9baXWy5tNetu9mzxC28O6la2kmoAtYxWsImtlUDzsg7txA+dcqAM5U9snPP1N4S1SHWfCmm6nG4llit1gnVSNxdMg79wznccgkL098HktW0wyrd21ufN3xSKSV+QqFJCqCCAB3I5xxzgVyvwWvZ0udZ8O3LNuhuJGgQfdLI5LKoOeMA/LgA4UEnivu+D8ZWrUcRSqtXSVSPdXsvxVm/6t81nlCNDEUZwdlZwbfm42ta2zfW6bvHse628k/nR54QMCin5gcjcSQORgkY9gc5GMdPDMQTKjMrxPHOhGQN0bBiMk5BABBHJwW+91POC2uJJ/It4SjeaR5hPIJwOewyAevHB78Ho/sMsFuFuWwTGygq2OQuNzHjOSOnr1JAGPuFJJJt3s0m1f4vdtrd6q/wB99tb+FKlzylFJ8rau79bJ9U9LbK3Xpsvvb4fRweK/hr4qt2ANylra6xa7WVitwiEMyZHJQxhjswMkAEEg16b4T1OfUtEsGMgeSK3EUuAGdCg2EnBPzZToTyAMdq8F/Y+1ganP4h8PzqXMWkvEkZJYSoQwBGThjHwQOeuMAk11PhDV5NK1XxPo8u6M6fqM6Rx8klPNfb1PRhgbuVyc9cmvadRuFKcbe/BXla8m0lu31T08lfqeNCmqMpxmtqmiXSLUWpNLb7K7tN6XPY714iSWdVeNhyxADsQSQQcAlQNxPpuI61zuoau1vKwgUNMQA0gY+Uu0jg89ODggdfbIPMahrC3Eollc4EgxbxnLZJOMgYwOnvhugB5yZp5rlsgsiKSyszMEAHUDkFsc4GBg8DIauSftpvncdLpPdKyS1srWldWi0r6XsuvFi8Xh4WhFqUrx0XxPte2sXbZLz0tY85+Ll0Lmx07UFZZLjT7zMrR/diDMNpfHJI7YLEY64ABv6qx8R+E9NuY3Zpo7QyHYQcPGmA2OuPUZ+br0PGh4p0iC90DVFLEFrZp42O0K8kYJXAGSM8Buc/KPeuH8B6skuhS2ErIJbR3ikyfkaFx257N97lSMYP3hu4sRBYijicM7P2lN7662Tbas9VZvX4n8mGX4iVDEYXEu6tUje/u3u4tdVqtdNXbU+UfiNpypOLvVLl51lP7u1QiNiOMkBlJZmxjbwTwCB3+efFHjTxN4ZFrJpVm+n6XkwxXVwgaVuRlQMAAnIwzKcnbuB4J+0/EelRz3txdQWQvbm0uX+adCYLaIuW+Xd8vbcB1bOByRnyPx3oeg6lp+pw6tcWZm+zfa7cZ2Q20qjJAC9GJG1tpyQOnr+WLJ6eHqynJLmjJ7rrdJWTVru7T0e/qftscRPF4aDjKUVKnF3i7WuovrZ3vFdW1dO+58iSatrHiKQz3JaXzpCUmuZd21iRmaRQxUKAMKuOmNwzzViCXTtNkdrib+1boL8kanMIOck4GFXg4x7Y6ZpILe61m4tNL0SzvNRu5pmtbax0u2kmnuZmby0CRIpfYSQQ2AvUYAAB/RH4Lf8E9dTbR7bx/+0l4isvhN8P4lW+k0+8mSHxBqMOBKIlDsrWxePkK4IIbsx43rYzD4SCc3C9lyRi05S0VlGCVm736eV9Lnl4fAYrFzfs4uUb+9Uk7U4rTWUndbO7suiufD3gXwL8RfjF4lj8MeA/D+q+INRulWOPT9LtpHtoEYgeZdXCKI44UySzlhtVT1Gcfqh4H/AGCPgd8BvD1n48/bE+IliuoxIuoJ8M9AuI2vZ9uXjt7po2LylmASRQEI5yQRxX8U/tn/AAp+DGi3Xw5/ZA8J6XowgjeyuvH1xCg1G+kRWWW5S4lDTNMwLMuxxExPC9Afyg8e/Fbxr4+8Sapqev65qeu6hdOxlvdTuJJUR2bc4hgclYlBztVE4AOCOleNWxGZZl7kajwOHe709vUi2n1sqaei011fc9amsBliTlCOYYuzUVLWhCfuvRK7ly/d0P0y+MX/AAUUt9I8N3nw+/Zo8IaN8GPBUKPapq+nW8Q8SanbrmNX+1FRKhljG5w7ZJJJ46flL4g8aa54rvLjUtQ1C/1PUrufzZdR1K4kvbyeaUsTgyM8gBYjaq4AOBgYr3T4E/sk/Gb9oTUv+KW0C6TSVlC3XinWo5LXRrSIMA5SeVQkxVSSETljgA56frB4c/ZK/Zi/ZN0OLxH8VNZtPGvj+C2E9rBdILhftRAPlado6kyqobhLiVSh4bHpz01gcFU9lQpyxGKm7T5V7Sq9tZzd3e+vdq1klsp08xzSPt8VUjhMJFJrmfs6ajZaQhZKySaTdvTU/Lz9nT9jX4uftCao0+m2D6NoUGx9R17Wx5SRW4b97LFA7K0uEBKdME7jnOK/VHwX4I/Z0/ZKC23h/RNP+KXxPgQLNruoyQ3Fhpd4i4kcTSK1vAI3G4QEGTjbuBBx8hJ8aPE/h7xz4o1Xwzq2reFfBHidZYpfDMNyouryNnJhR2hxHZ2zqAhihCOFYgtnKnzXxL4rvNcvpfmNnbzYkjs7WRiC/JzNIx3uzdWZ2YnJzgnI+qwuQYrH8lXEzlRoPkvRi7Talyu020npdK2kb23sjxamcZfllOccJGOJxMfddap7yi2o6pW6u+vRWsj334uftH+KPG+rvNquqvrAWZ0tNIt2kt/D+lxg/LGlrkLKYxx5j5ViMADq3zlquu3msXrXup3TzJAN8caAiztzgHyoYgCiEEbVbtgMSa5WO4Y6kUuQscITGODukf8AukE5YngqfmGcjpxtrZ+YJYTmEAISrHbGm4DDOw+8MEELjI785J+8y/J8PhIU6eHoRja0U+VcyaUbNy6dG0k1fzPzrOOJMRX562JxGkbvlcrKK0aUVdaabW02ta9uL1rWJr5jI5JhD7FhGQCwHBXHfIxn7vv8oJy1nFust5Mdk5XyLaDj5CyhdzKMcDOeTwQOuK6y6bTbJPs1tGt7eEv+/K/uYmz/AMs124bGRwQc8n733e4+E3wD+Inxm8S6b4V8B+Edc8XeJNZu40tdO0ewubyQCWQKJZGiRo4YVJyxJXauWwO312CyWU1FuCvyxcpSdlFJLWV7JK7s7tK2r8vx3O+Mo0Z1HCveTSUEuZynK0VyxSbbd9tHfpe2vE6f4euL61trSOZS0qG7lnwC+/JPlZGRnPVcenPTH2x+yr/wTm/aX/a41u3sPhx4M1T+wJL2OK68U6jazWWg2kZdVkma7lRY5WRfm8tW+cjG70/fT9k//giP8NfgH4ZtPjx/wUF8c6H4Y0TTrGLULL4dnUIod/lIsyw6vK0imeeTAH2WPEm4FSc4J5X9r3/gtx4V+G+i3vwM/Yc8J2PgnwtpdtLpEfi6Cxgs5JIEUwpLpsEcYcOVXcJZwzHcCHI5r6HDwwjSjhKdOt7F8lTGVZOlgKLikrRqqKeImrP3KOjtaUluflmZ5hm9as1WrVaLxLU6GAoJ1szrXUUpypN8mEpNW/eV7NXfLB6Hs/gr9jz/AIJ4f8EnvDth8Rv2l/FGj/F/44W1olzY+GWe3voLPUFjDLHZ6OpfySkw2iWdXTI3bc1+UP7fH/BXz4y/tH3cvg/4d3b/AAo+DSwNbWnh3QJxZ3d7aAFFF9LamIKrIf8AUxBVUcYGa/H/AOJ/xi8b/EjxDqHiLx74o1bxNr+pXT3VzeatezXcjGVi7CPzncRqc/IkY2g8KvXHmWp6/bi1lV22gKhVpWY7AFO7cxPpg9lBHTAJrzcy4gwOVqcoVfreMat9Ynyxp0m1FyWGoK8KUUlpNuVRpK8k9/c4e4AzPPatKWZQjhcDFxqLB07yqVdU+bFYiSU69TS7i3GnFu0YJanX3uqCRy91cPczXBMzPJIZC7lmkLyO25mY5JZ2YkkbsdccPqPiGO1t5llliRA2RI7qkSjqfnX7xwMZBJGOleG+LPihZaY0lvbTG/n24xAx2KWwME5wEHIOMAEZOcV4nr/inWtVi/064eK2H7yK1idlXDHvjBY4GMdT6cV+VZpxHisZVqc9apNSb+03dvlffXz89mr3P6U4f4OyzLKFFYfD0qc4RjF2gr7RXTd3uvKydj3fxL8WbKzM8Gjq15eqPKMvAt0YDBYt/ER90EHOD2A4+bNa1zWNfu3nvLtpZnc7UDjYmSegwFOASFPJI9TuFRTai1xZvHaW7KqlPNKADCsANxcAEtkdz0GB7ZMUktssjsoYh9xkIwwJwcZ6tyeCPx718bicXUm2m+ZK11fZaaO+raXpbdrc+8w+HhS5VCFk7JuKSSatfpfRdFv3vvas7KR2ZXPlyFsIW3A7cHJBAAJyTjv0wADmjVbeOC2Ty3SSVAQQBiQfMMlgM8kdDgEqOP8Aaz3u51ZJHDSAqSBkkgZwCOQTyN3sBwOclzbZCwYyebKA/PY9dmSDzg8ZPr3wT5ftJSnzc1rWaT1T0V7XW60WrTt1et+6PLZXils/e06pOztZLXRXTf8AK+ua0TlVYO3lBRvzkgMc4Cgd+cYJySQCSTgTQ77dwQrFdu4yNnBJzlgoxjBHIORtPCnoJmZktzGnzu7HLHaAnPbK4x1Az+WcFo5jIoU71KRpvb7vO7PJ3ZyemSQcEnAwN1aSm29LvS299/Tr83v0dyoqLacf7rWi+e7Sb72Tt11uxjSCTcGILyHnG44IwQM8kAjPGcNn0yamUPcErExQxgIqLwSw6gc9ODj0H0qrHd2SJKTmV5COcElC2DjPPGcHA4yOPSltpY4Zd5JlDKXGARsOQABjjJPUHnv61HNZPS1rK7jbVOO9mu9/i16eeqezvu9FHazs2u63Sdk+mvRWjaXFqBO6FncKyoSAGCHJBOOScnoRwAx5r2C0+Mdpomi29lpeg2lvqKIEkvMJuDqmCwJGeTljk5zkcYzXle6TUoSIoZGaIAKisSoLcfNhiOexzwOTnDVlXelJC6wzRTNNMNwUc7Dwdo7HLcggjkHOM4rlq4ali3GFW7irO3NKK1aeq0uvJ33v1EsVPDyvTsrqybe2qXuuS0av22fdG9rfxE8Ta+GW9vpNhJ3BZGVTG7cLgHG0dB3I4J71zKG9v7m3hEjMZD+7GcjHdwCcb+B84ByMjk5xWuIolBCqcRKFJYYYsuSBtyO5HHAGMEZArb0eyu5USe3CgRrueY5bYSOsYyrZHt1Az0rrp0KGHppUqcYqOzitG24p7dNLrXprbpzyr1asm51JN6aXdunzfpeyemquk3Ubex05giS+ddgqZRINpikI+bvyOo5BJyMYyajtdYnsnuDEqtKY8IyrgofVGAOC2ScjJNYOoeYt3dCdnkkDtlycMCOBk915zjjAGMHANa1nZwzWhlmuPs7YBiBP3zjk+hJ9j379a3iouLvrs3fVapLRWa6trXs7LrnzuLTW91LrZWUdrq2t7ta2v9xNq2pXqEXEs8mFAkLvuwhJBVe6+rZyT9BzWS1driIlhHEzqSQxJAbgZHOD2Occ8HiuxhtdJbTVIlQzLy+75ZJW4x9Qxzzg8dOMVzQhlE07xxkrnBDNwv8AdA3fLnqQRkZ4wSDSjFLRJqzin02UbJ2d3azb7u7uRKTb956qyd3sul1fbTpbWx18FnYQQgxPKWuGMUjdAq8ZYDC5+bgEYzggnOaiu9OtYEYwo09yhzG7AkFV5JcsMEqSd2VLEAYAH3uYlnuI9mZAxfCoNwYDHIBC5+bqM4wPmUAbiK1FXURClxPOqosW3yywBCHIIXoc8n35PJ6VSTTV22tLPu9E3d3s2tde2nk+dWaST18l27319fItC2kkihEchbkGSHeAEIOQMEjOCCpXH04FalvqK2x2zGNnhQIUUDJyeFVtxHAw2c/eHJOBnkZtUMKKsSgEsApJwSOpYqB8xbJA6kdOtZxu1Mu+Zjy4LAk9MAHb3Kg5YtuA+YAHg11RsrPms32fTS6d07X627v5c9RuaabavG2ratdLun+KstbJaX9MvLhLyJLgsWEmBIpdT5QBxkcnkYBAyckkdiDi39paJHHJasJJnRzJu+9gchh0HA5wRk7emQc8Y+oSx79rFYZG43OSQCTgAZwCR1AAHt2qxbzLJHIrylJJVZhuYhQFzypXoTjJHfkEdqJSWtkm736NJXsrdk0ttLPS/Uxp0JRaerTVn1V7XbW2i6Ps7dbmnbyqksPJ3rcRMSgxn515BB5JORxwc8dzX6peE4xdeGNBkkYs72Fuc8g/6lMKfoODgDGCRxkj8lort/tEBLHYJUB5yXIK4IABKnAGMtySccAiv1p8Ev5nhHw7MpyG0+33Agk7RGoGD646kH8DmvsOEnzVcTG+1OOkr6667PW177aerPkuNLQwVCTu2qrS368q1Sv3v1W1+qNmeyUMxZSuASoUBl3BctvA5yACemV4zXC+I4410vUZSjEJY3I2j5FyVcsVABzzyQMHt1xXo1zKCpYbQmOEYkbm9cHHHYjOcndzkY868QtO2mamXKLF9guioIyBlWK4xzuKkHdxkk4IwMdvElP9zJxV+Xay78r77W7JLa2lr/EcPSvj6V29aq3005lq7aWu7+nR6W/OC7hDXNzKhKnz5WwxA2gSn1xg5J5xngcZyQ22IaQeZKpKZC8fISWAbcwx2xkeqg9aoXd0q3N0N5ZhdTLtOQSvmEjI477T0A9cc5qfa1QYJIyScKN2MZGSxB4J7ZGAMgjnP5h7Gq79tbrW/S7699L6b6as/oilXo04RS1aS/FQUrP8bO+jb6HSpEhuGnZ1dDlcIp2KykkEgAleckADGMDJ4pt8En2oXjb+LcoAJbkbOc59d3PocZGMeyuk81YVdASxYF3GBkngnOR2UdeuP4QRs3bQ/ZfMUjIz8g5yq4G4kf06/wAIznOLVSElzKSUdLdVqm7tW2S0WnzWhpOtTlD3Ypt9O65o31V/u080znBMIt8LRK5XLZChT0IJOeCAc5GQCvGAMAc8+WnfYQufmJH3WBHQEDA79OvTnrWvLOQhdCdzZDqwJ+UngEHHJU8DoSDn1Oa0QMn8aZXoeA5xyAMqfX2BJOcYx303NqN2mpW0bs0rau63tf5a9rHlVIxb0i725dE7a2ato7effXR7Hq3wZLjxrp6qQSInBbO4HgjjBGcH68ZB6ivveyhV44zgO7FADgrlT1OM4zz0zwDz0r4N+DiQr4100EMPkkyTnggNwOnBwAD9egGa/RTQ7SOeKOUhsHEYITgNk89AeR35wAfYVjBf7X1baTVltrF2b3tt07tniZzDmowXmm9dV8Ommva+m/ZnXaJYJ5MbIrjHBBA25JG4eg4zgjOMdB36RLMFwmCSELBhltzAkH5uBnk885OcEtirGjafttxvbBBKhD94hsZyQct1PXHXIHOK6R7ONHAIZW2jhQduVGRgnAx82Fz69a9CpTatN2e2mneOrTfR28vVnw+IgozUbJx0220a0etnqrvRbvyRx5h8oBShL8sozjlcnrg/7OflKhRleevJ36lyw2fOQTkrwqjIGBjrwRjoRzgYxXpbQqp2kj7xbJ5JwAQvA5zwAR1xgnJyeH1o7HkbIU8kDGAq5Ykf3i3AyCcrznnGcKfMpJOKtfe19Fy+fWzu9ktN3ZRyLlS927draWVlHZ9u62b27P8AOv8AaH16STxjHYCVnjsLNEKrnasjZ3cHHK5AxhcD15x5Bo0YvVuhcI0kKIzSzspODgBVXPIHZiueB2OM6nxb1OW+8f8AiCR2VhHctGpJG4bAMe/J6jBGTwcjnzyDV7m2VraK5ZIZQ3mpGQA5YEYY47AfXPHHfr1vfvpol18nbv5X6X1R93gsMoYagopL93F7O6uo3e933SV09U3e19VIbZ52hgiZ1jLvvjyN5U5567QMA4yexBOSKhivCsoxGDGpbCkYYtkjJAwcg9DjBwQTw1ZsWpzW0LQIwRHLFWDAuNwyQW68Y78gEY65otLlftCSFsqEKtkHA5wSV45XIGcHJ69SKymrtWTvdt3VmndPVPTd9bu1lfY7nDRJJqzT1dm2klr07JpW2dmtjde5lilCyyboypZUYbhhgcDjn0PHoOvIrMndC/m7duF4DKSr5JwCOmDycEcZzUU90ZZGJZSnTPXO3gEcZAGcdPoeAKbDJvmiy6so5ZTgDIwcnPtxg9unoZgnFpxT35rrR6dtPlZNX63sOMUmlqrarT03u3teyS28hzKLjdEV3s+3agAXBAGOcYwB0zgdOc5FVvs4WOQfMhVeVAOCS3Ric/Tj354505HRDI65ZMgk4OVZ9wKgjnkHJB9sdCKppKZHQYAHQKVJyMk5IJAJ+pxwcY4FaKrK6bk7LbfpZX6dvuVmrjlFNO93fdJNu+mqdtErbXfo0hkT7QqAKY2++AvK7cg9VJU8khuQue5wR7v8H9I8Na3ba1aajOYb6NRJbK7FYZEzli5OBkDv64HU8eYWOg3Fzt4VElwMnbkI3zFgQBnOeNwzxkHrXWQQR6FGy2UjvJKgSSVCFeNiRlQVxkHOcZ6Hr0FZ1sQ5Lli9bLa3S2nlf9Vfz5K9OM6ahrrtu1eyTXSytZa3u5W10JvGGkJomp3Q067W6toyhj8tiNjHOUPO7C9z64JPIq1oPiLVNPijuzM2Y9pVckqy44LZBOcgE9fl4PrXJ3Go72mGHKEfvdxLFmUFQzAHkk8jODk5JAzVGK7lMbM2du5SEAIBUHI57nB5APfPU1rQxNemoyjVa11cW1qmvK91072dnqmePjsto4miqc6MZqz5rxV2rrvrbp5Wbep9UeGvi7PbzKLmYAADCdVOOu0nIzySdxwCCNoIJH3X+zz+1z8Sfgl4i0/xn8LPGmqeFtWtZ45/9BvZBa3e0q/lXNqH8iWNgAHDo31HOPxvivY45Q7Mw2noTgDIPAAGdvTpnPHGcY6/SvE+p6XJDLb3DLEWDqjudjIDxhSMjngAjkjoM8/b5JxhisvlTVSq5RjZTtrZWXuyTVnqtU000tdj8d4r8J8vzinWnRoxhVklKKatrdWcZJJp3WjVra2erZ/fd+zV/wAFjP2c/wBqnwja/Bf9u3wRoEl3qUEenR+MZ7SGbTZ5JUEf2m5cp51lOX2uZY5VjRzuGQuBzn7Tv/BEHw/4+0C4+Ln7B3xE0jxXod7C+pQ+C5tUtrpGDqZzFpV9E4VMAhI7Z0MmdqDOcV/GP4M+J9rfJFFeXH2WVSqKrNtBbjcwPJGQcgjcBjpiv03/AGVv+ChX7SX7LOsWWqfC/wCIupjRo5I3n8OX95Ld6NdRK6Zha2mZ1iEgyMw7QowPmzx+sZPxTQrQjPCYiNBT1qYeadbBVHZL3qCkp4eTlo54eUddZQkfzXn/AAPnHD+KknGdZ0WuSo37DGxhGUWlDENOnioJKyp4mMna6VVNHFfFb4F/Ff4K+Jr3w38WPA+u+ENXimlt72PVtMuoUuAjlTLa3DoYpYsgEHecrtIIBzXm13oEUv2SO2V4I8/NdQksMHoX2/dPqCwwDtxzx/WX8Gf+Cvv7GH7augW3wx/bX+FvhzSPEN/Clk/iK9sbaXTJLqRViNwmoIiXVg247wZJtgbaSpC5rkfjp/wQ7+GnxL06X4jfsRfFvRbzSNRR76DwlqGp22o6e5kDSLb2V9C7JbDnYqTBmGCCeDn3+TKcxkpYuisFUm1evzRr4Gcvd1hiYJezb/kxEKclezcmrmeA41zfK3Ki6k8Q6dpSoSU6GLhGNk5Tw021VWitPDVK8WtbRu0fy0WN7r/hmWJbS5a4tzN8jkCR9qnPB4aMKTyM/eyR2r7C+FP7aPxw+D72reDviDrekw/aEIsbjUZLnTbogDdFPa3DOIocY+VQAegHIzqfG/8AYy/aD/Z61Wey+Jvwt13TIreRoxrlpYXF5od0q5LSJe26tAwbGcAgYPWvj3V/C0OoSlystnJGXkG1JVQAN1ZDtKgYOQRwDgt6/KcT+GWEx9KVSWDw2NozV4P2cKqcWotuE0mrO+tn5abn6xwZ43ewqezhmFXB1k1eKqyi4yVtJQbTjK6ekl+SP1E+G37W/hv4mfH3w18QP2ntQ1HXdAhgTTdctNDAMMEcZHkSWloAVVTuLyADDkAjrX7r+GPh7+zr8dNAD/A/4leCPF1vfxI9r4W8SXNppPibTVcHZZpBcMrFowNoIGSc87toH8Xxg1S1u4IraYm3hmAa4gYCRhjk7RwzHJ4OWyDkYyT6bofj3xR4Rvbe40zUdYtpvMV4tR0u5uLC9tynJ/eW7oxYnvhhxkkc1/PXFPg/TxcqTwca2D+rpqnTp3UYWabSSatrfRJp9VdH9OcE+OdPBqbxtTD4uNaUZVJ1HFymrpa31ul2vunbU/p9+JP7G+laVBcNrmkazoV/ZIRE1vBvsJQMgGG7tw0bp1+cHJGMk4GfjTxH+zx4ssS154Vv49UggZpDaTgK6oDkIxkJOTg5HDAHqODXyT8JP+CoH7Tfw7gTRLD4hXXiXRoNqy6F43t4dWtmiUcQia6jluNrKCDtkVgCcYOQftrwd/wU2+CHjRRafF74X/8ACM6vIgS98ReA73y7SV34ku3052LlsElUQqASBjPFfkeP4C4wyyfs6DeKoKSspfE1one9mtLJflofumXeIHBGe0lLEKODqzhdTp2cU5KKu97W7JvbfQ+efEc+uaDeaDpHirQpdPH9r2/m3UQZrUyFgAcjKHIHIB5K4zWV47+Hf9nXGr+OYUR9CvdsKqqMT9pVA5yGwRu6LuXk5YZGFH0r8QfGPwx+MniXwDoPwCuoPG1hLrEGta9B4ouYtH1GxjtiH+zq92y+az4KiMEswP3fT2fxH8O4PjPLB4JXwVr3w/ljaKSWeewnk03UJk/co1hLF+4ljLIOVUg8E4BBry8Th83yiOHxGKwtSkk5e2spS+1Fa72b3T2dkkdNHC5LnssTh8FjKVblS9i5NRcpNaqXd62bemrZ+TttqWlzIyXEE9qvQp5RI8tSQCGKkA5OQM7So3Fjya6fw1peiyzSTW11HPLuRlicL8i7hgngYK+xI9OcV+gXjP8AYg+Ifhe2ePTLTT9dS1QLPG0IjutspwgVXAZxtwCyk7ec7TnHy5q/wo8U+D7tpb/RLjSp7d/9JjlspBB8hyMOowxIA4A6DJPSuyhxHhKiilWip3iuWTSldOOji9drWv0200PlcZwTjqFSTlRfLHWM4qTVlbl1V76edu3UxdW00JpUmZICsaPsIAAX5c7QF43ZIPTuRg7efkP4jLdS3vhOMTZ3+IIovKGCFBOAuDndkde+T0BAz9qTSq9nsntElZ9xAjJUKCMbvLcg5znrnAB4Izt+V/jGbfT9Z8CzWlsEj/4SG0aWSXaIlkMirtfgj1PTuQONwP1GAzGlXSjdN8qT162VmndpP09bvc+Jzbh7G0KkavLKEbJSfK9vdV1dK2+3n93Sanok2nAOqFnZxtdgcguM7CcDkHA5xjBDYbroadBE1qFuYfM8wHzVliDpyegOCV785wDjFexa/wCHLxtGj1K6024WBohIJI4XeMgoCjgoPlD42qfoenI8ns7iRZjCINsBP74vxgZ25OckNg5yCNpHvgaRqwnKUXL3U0m04q+kdLW122fbS9mfP1MqrYflrNSbdrPV2vbV2a1vfqkYmo+DfC+qjyhDJa+YQXmt5XhMZYc4TI3c9ABhSPlzliect/AnifwrI934X8Wyz2ZVhFZagWdOu4jcxI5xtBGOSckjmvZ106xndJ2dljOEChCqNggcn/Z6k4IyOAOBTdQ0ZAhhgWbyXYBXUkhSRtJ9+QeRyADkcjHVSgpXftFGKslzNP8AlSe99b2TSfVNqxEZ16Mbu03dXTd9Xy6Pd97Wut/M83Xx34st9O8nV7GCKSzR5JrqGLdCUGOhQDBA4yCeoHU10fgn4xXFrdW1xo3inVtNcqD5aX9zbx+YrY2pG0u0gEYHB4A47V5x8T5P7C0G001GmWTWdWg0vztx3GKWVN45PBXnBGDkMAMc10UvgeLZagWMTwW0MMcUscZWY7YwWfcgALMeSccnj5hnGzqypqPvqT0s23aysnprrbS6aW2p24epUnRhVanHmaSUb3fKlo+z2VrWtp5L7U0D9q34p2CJa6lc6Z4n0kgI0WsW1rd/KCQwMoi8wcEj7wOeCTiu8h+PHwk8SbbfxZ8NLCzndl83UPDUxtbguxILBcuowSSODkg5HTH5zz6T9kZFs7/UbIEZdpS7xb8DCgccZHPfP4iriX/iCxlMsTWl9brCAeFjkbgc4fjJIGDxk4JrWnjZ80la6+7TRaN3j+GnfY9rDYmpCMLVWm7JJuzV0tLX1Wmt1onfeyP0qPh34G+KlH/CL/EXUfDN/wDfSz8RRNNEp/ufaEMaAknGcbiO2eRheIPgZ8T4oYtU8F6l4c8WW4jZopNO1WCS8crkgfZtzNvJAAyc5zxX5723izUDve+0zULNd2N0SGZGYfd+YKTlsjIGADwBmugl+Ml1olo0mm69d2FzG8cEEUN5cWk5mJAVgA4UBT6DgDHXrUcVGUvfg43ejWj03sldr7v/AEpnpwxmIhdym2lZq97WXK9NVJaX+f3H0rZaZ8aLOW5h8UaHfaLCrMrXFxauHODyqsgC4A53ZI5AJJ4OnLfR2NtImJ5L2QmN55l2ysxAyfnA+RcEjnvnkVhfDz9oX4jaLYJdax4jl1tZg/l2eqwx6jGqEAqWZkZuQMA5OOcnABPaz/tHeFtfheTxf8PNGnbzAk17p4On3ARjgtGpCqCQc5A6nkDLE+tQlh3Bc8Wr6e802tY9LaRSu+jb6aE1c3lHrduNnrqrpaL83re915HGadp0mqXSzTq8lpCwI55kkzncTwoy3BKqeu05ODXdebb2PEkeG8o+WpGVVMbeigfMcEZGMHqD0Nqy8cfADVoCtlq+ueEZmIKR3SC+tQTgYzCB0J6sTx0z8uOhXwbZ67b7/DHjPwvrrOC8cNxqMFhdygA4HlTsSDnnaOWHQ5AFexQp4SpFRtDZS95JN7aa2vuvNp+Vjl/tXTm9q4N6pO8e2+ul1otnbex4/q2ofaJQhdobdjhY4ic8nrKTwB3JO3v+GxpWpFCiRzLDbRId88a7WcAdNxPPOck984BBUnP8deC/iPotqbuPwhf3MZyfP05PtsTxgE5V4c555BBxjBAr5Y8Q/EzUNAvvs+taZrOngpsNs9rPFFn5gQSUBz6gk4xz3NFTLsM5fBB3atoktlpdX7aptNtfI7cNmc+VSjVc1eN/ea006vVXWrSWqfU+qdW19pv3cLKI1zmffywJwDgt17n6jjAOPD/Huv6PaRTT3Lm4lJVULMFcyDnLLgZQHOdwIxkncAa8cm+K+p6pK0Wk2skWVMaOd2SNo3cE4zhsksO/41TsvDms65OTrksixzb2AyWdxISQB6DjgbdwHHA4Cp4OjShJQpx966vZJWslbo0tFvvql2VTxc6kk3Vau9t1ppoktPPS/XayO/8AAXxnv/D92tvYWzzq0jMZYnJdWxlUBQYCj6knHAznH6CfD79qO8gjs7dS0M+I84Lb0cFdzGTo2PQEE8ZGAxHxH4W8JaJpwWyhgjVlw7yum6TAAYqD147jcMjk969W0vwxYByLVG3Fg7SnAZTwSeCRgc/KD2/i+Wvzfijw1yniXnWLoQ55prmUYqSbS207PR9F9x9xw/xtmOSyouhVlJU+VOLekkuW6ve/XpbTXXU/Yr4aftHWwi+0T3iSsRG8r3LAnJxlVDAZ6krtyRycmvpjwj+0RafaLiaa58mWVwIEE4AKk8E+nBU89cdhnb/P/bLrWjvNJa30zqrfICW2/wB0ZQHoBgjluoJHcQSfHbxH4Xna5meaU2+FUPI6pw2C4BOWODyTnGMYNfzJxR9GqjCpKeV1a1Nqo6kZU21y3VnpFLWz7b+SP3bJvF7B4ulGnmmCo1GklJ2TdrJbNO7t111beyV/6j/DXx00ySOLzNQik80lJFuXVhkj5htYncpOcgAFvXjjq9Sv/g98R7F9G8U+CPCXiCC4GydbzS9PcyBuC3mNB5mT3YPgcV/LdoP7XOo3d3bs17cp5cipImXEMecZORySemMt06kYNfY3gv8AawbTrdL25vd0vl7YLYznLZHDgE5GRjruxg4HLAfmGO8J+N8glfAYyvVo01dKTdR2Ti7Xvp59W9j6WjnHAueNe9PAV52d4S5Ixb5b2s9Vrdrq+90z9Efih/wTA/4J7fE03N5qXwq0zw/q88MsiXegyC1fz2VirxruZA6vgqMAY5IJyK/FTVv+CNvxfn8S+MF+BnxMvNI8N6dqssuj6fd6rdQkQiQm3ido544jKAF3MiDGCMdcfc8X7XGo6kqXAvpIzErKI/MUogcEAnkDPOFUAt1B6muv8H/tLPoTmdNTuJTeTC4uYo5zguJFwSw5XuSpw2MjPXdz0a3iXgKLhWwzr4WDcalCtF1oTiuS8uWqpKLTTStZ6u1uvfhOHuHKka/1bNKVbFy5XQdRxiocrTSco2k3ay1k0nZ2dj4vh/Zy/wCC0PwO0ezfwlqt14w8PaXD5cNjZar9sleGLG1RCC0r5VAAAxOSRwMtXqXh3/gqN/wUB+AiaXYfGX4GeNJIbV0h1C7uvD97Nb7Y8LKUKRMRggsOTyAT14/YfwL+3Bp76PYWhuYIZCiIQZAZF24DOTn5genfHB64Ne3237Rfw48ZiKz1/SdD1dPLQyf2lZ2lyjb15UrcROCWxggEnJHU5z1vNMtdOM8dkvscW0lWqUsPLDuN+VSUZ0ZRtbzitj5PGZFxAq9SGIyzD4/DKXuOnVhVc09pctSLu2ktb+vY/OH4cf8ABdj4AeLpo9I+Knge60m5HlpejUtNV4opCBv+S6tyrKCuGHX3Lbs9xqf7aP7Cvxj+OXwx0rSbLwJJ4S1mzu/+Eju9X0/TrSytbx2It45oWiVdxzkt/FweeAfp3xT+zz+wp8X0vD4u+DXgt72/R/PvrK1isp4yx+aQPaeUiuclgdpB6Dnivjj4nf8ABH/9iHxNHEfAniLX/AerSHNm2naiDawOxBJ2Ha5CnocsQO4HVU5cNYuFv7Tr4dOcbKdSMpQmuWMU5ONKtJc28eZrRa6O3hwwMMJipXyjM8vqTpVaUuRV/YqM4250oTnTUlpKLcUlJXSXX9AtW/Yn/wCCd/xXYTJ4P+HUs1zA7x3eg3tlbTSJcIcuhgkxkBsjAwMA46E/yuf8FLP+CX3wQ8G/FHUn+Emt+IdE8PWT+ZN5Mi6haCec7zCTCRnyjxuB6fhj7F+NX/BMX9pT4G6VqHjP4MftH3+u6Rotm8yWF1qt3ZzxwxDcIg8lx5bSBRtAC4Genavw8+J3xt/a10e8vbDxBq2qeIYVvWiuEupnvEDxNtIkYDe4OOCCM8tjtX7j4U5Pi6eYxxeDzVYnBU5SValGVd88Zqly88ZylBJNPlcWr30au2fIcRZZhcPhZrFYvE4+OIpqNFYuEXOnKLV5Rk4wqaydmldb6NvTy+7/AOCcfxHntG1Pwf4r0bWppWVre3vk+x3SKVLbHaSRQeMclcE9QuMD5/8AHH7H3x/8IW32vU/C+pSxWzSFrnSrd7yGVk5YqYgQAMZPXA45Ar2iL9rLx14d1y3fxD4f1dLckKzRvcRJFtwTJDg4Xp91iF9eBx9AeDP28NHmZtOn1/U7RSG/c6pH9ptELcMJA6nOM4DEnIzjua/q/DrCRiuadmopyXK03JpJNK903e+/a6PxfMMlw9RqKgoXlpa9rOyXV73b10tZNn48+ILHxJpMtxDqWkXdvOziEz3EE0MsbgbSzoybVJ5G7JPbd0NcXPNJAI5XgdJ/OZGui+0EDABJ6NhSM9sDGF+av6LbP4r/AAM+JWlGw8VeD/CPiJLgfvLuBLSC9YPnc6qAJAzHpkkAdPWuK1n9jf8AZI+Ien3eoWQ1/wAHSqGuIhYHzbNHcNgsxOGUEh2HUjJ5yc9VOjQlB1PbQTu2oO3w6K97b3ltZ9e9zzZ8N1HBewkpP8bXirJ30+00reXrT/4Ij/CL4WfEv9qyzg+IrmTw7oXwu8XeJblriVPscl/a6eZbZ5PMwjeTKobkemOa/P7/AIKRws/x+8S6rbvD/Z+oX97b2U9kVZJbC1vZYbSXcgKlfs8aDC5HBAI5z98fDn9k/WPgZ4ji8YfBz9obSLfVNU0e90G30i/Emnytp18vlz29yzuIyssR2MWCqRwDjAHg37Sf7H37Q3xB1fSxZaVpfiP+zLR2lm0LVbW7MiTEyPINm4lmYs2x8lASSTzX5vXVShxXTrt04Yd03C7lZyc1HkV3slJO3K9pO77feUsjxseGPq0MLWqVJVISilTcoRSaSs0ru8et1ZebufkJpN39jvXiMkswkCh5CN2xTjJB29ccc9AOCc4rurrVbqOCaH+0J5IjCkVrbysxXLDIxuDKM5xlQMnJJIUCuv8AEn7OHxo8F3t/BqvgXxJE0Od0p0yeWMopIJSRE2kKMgEZB4IxXnK6fqOmTy22taXqKtJ5aQtc20sTQsDzwyZCjHfnj1zn7udGNZQkk7NK0k9NezV79X62vZLX80x2XYvDyaqUpwalK8ZxlG2q91t3a1W3d8xatNUkFilnrlrA8aTDGYd8uGbcArDrwRljtI44wcV658JdLf8A4TP7ZpttIYH0m/mXcMosaQMG2Jjhh0HQ8AE8V5pJpNpcJHJHeyJNY7XdZlIEjEABFJAUjnHI56fN1PvXwZE0WqalM0qwtb6BfynY6+XGTC4AYnIjDDaT3yT1rOtKpQsozdkldNp3W0uV6X6Jq1tb3dzz6KrSupwm+aSW/M9lezVtnZaaeT1T8S16Wyl1a+SaVLY2ktxK6yxgTkyM55Y/KQ5JA7YwRk8nn7KTw7qpgtraGK0mt28yS7cA+YxfGQT7AjnGPQ8Eew+JdO8E+JfD93Lp2l3EHije0+oai0pns5UjfJQKpHLbSuOvIHOK8L0vSJ7O/wDtTbYbaWJgI5kZRgEqdoIB5Kgg5xggnjryVcb7FrVXbbsnfSVlp5paX6O69M6VGVSTjKNSLjNqzi3ZJxSa0V9kpa7aapGxqOkNYWtxqWny3cUv2hPMmiYhEXgiVXjKnAIyFABbkn1p9l8Z/Gvhu8iTRvGfiTT57KEENDqd3FGzAZBjUSgKQeuBg8DBzXXaa+myMhvBcNp00TK8JU+W7AZ3BSRkbiAGGB77cmsrXfh1o2rFL/SbwrLcxyKtvcoV2tGuQI+NxyuASwHVQCTy2lHOX8DquLuteZq6Si++7vbRtaPTt3rDxik3G66ptxutG5WvZXunfTbboe7/AAx/4KGftJeFZBBB8WPE9vbwAGEXN9LcRMxfaoIdiQGGc7iB0Oehr7j8K/8ABVH9pe2sp7e/XRPHel3j21tdDVNGttTZ3fClRmJyrYOC/bPHPB/Dy18L6hHf3dn8zLbE7o2UgttfJCAj5lOCAR3wcYxn73/ZYufB2h6N4r8VeLtZtrK08LSJd2WjyywifVbgwMghQOCG+cABVOcgsCoyK9iGZ13TSVRzTekZO6cbbO61vZ6q2/oj864zxksBhXVwsXOrzckIRbcpt6KKSaum907aWPv3V/24/wBn/wAcGWH43fs6eB7iaSH7G15p9tDYXrXKnbIWjt1jMT7iRlxnJwQe+BFcf8E7fGJkkl0Pxn8OEngRRPouome1iDYAxGc/KoO7AA2gEEZHP5ZeK9b8K+J7DX9dsjBot7D4gu79LO8Jkmv1uJ2aONcnayp8qsiYB65ORjynWZtVvJ/J0hZLi7ks1nm+xyskVqMA48vJGQFz6Dpg9D5uIzflkqc8PRnDm1bhZp6N6+qffp3PncqrZri4RnVh7JtRbjNS5VzKMmmndWUrq3RrTVn7Z6Z+y/8AAnxRa3MfwZ/ax0y1Lkiy0bxfaqjxSykFVeZ2VQzfKgYFccHplRR1r9hn9qTRdCvf+EX07wR8S7eSQXL3HhrWrKe5uoxjbI9sszEOQAQMDDN3bIP4xeHtS8eWdnMrSTWkA8wtdgbJ1aMgARsMFmGN2VOCeRxxXsvgv9pP4pfDtYJdG+IfiiyLSBHkh1e5iaJVcA7oTNgqMbgOWxkEKQa51UynF2hUw8IbWULb6eVr733Vux7+ExGI9o6UoRxNnJNwjbdqy91Sd1rqnb9PSPjD8EvjL4Tui/i34EeM9InjETz3S6VczwTOmdzLNEjAfdJVhkbQBjnjw7w9c6Tbag95rv8AaGlXFtP5I07ULKeEmM5VlbzVQhhyOMtk4wM8fdnhv/gp9+0L4Zjgin8UN410wywqjeJ7C21G1kGADDunhkJOOCc55JwcGvZLr9vH4f8Ai54G+L37NfgPxQmoJGbi7sdPs7GZnk6uhgiT5mJOR1xjgY5zrZXl1VSjCcaUW7WadktHZuNla9221qn11PVq4vDU4ez+q8lRWvFOPMvhut1u0tLK/W+rPyiu/Dd14k1f+1tCnsLrS1eaOGwSWNJlcAYJD5JzknIOO2MAY04PCN4bO2tr7V7hQLmRptOfmG0KE7S7fdKtwMjaB3PIr9ZIn/4JreO4YDL4T8Y/B7X7vMrnQboyWUErjiTY5kwo6kZ6DI/vGSD9hL4J+OJ5tQ+D/wC1j4e+03ORDpHi9Ftp3VgCI2lYrGrZIUkjG7d0GK8mvkEnd0cTQmk7xjGrG6guV2XNbey0a30s2me1ltqkKXKmocq93tdJO0kntZXu2tLNbH4N+LvDms2XiSWeV0njMu6O2hBKtABhXXYpLEjG7bn5slRjmt3SfCmp+IbJ4ZSkE5mBQMp8/wAgkfKASACByxz8wxxwCf2j1b/gm1+0BoKnVNH0zwX8RoI1Zlu9A1vTrt5YgowwtlZ3Bb7yqOmdoyMmvnDxX+z98WPB8c//AAknwb8T6MYrhvMuIdKuXRgCVEnmxpjYMk4XjHzZHWlVw+NjR5VSu0kpTSbva121Zq/W23l3+mjh0uV7tJ310ldRvdXVujbW7220+Hr7SIvDGkz2+kTLd60irFLcwZUqjAbozjPKnceDy3IxyK891LUdbjuLNbiBrmRYdzq8LFwG4YkEcDPVjhTuzyea+tn8N6NYvNYajp17YXrSvcPNd2kyOBkkREvGDuB5OSB2GcmotNm0G2/tIy2VldRzAQIlxCBcsR8oSIMNyhgBnBTHQ+lceHoV3zOScqikrSd9EmnJX6aWsuv4BWtRsrW5krtP3m4uOnzstld3vayPj2LQIBqMUt20FjbTqZ7gDa0ke4A7QDu4k4VuAcHBY8U34o+HbmDw3pt1YWywaa4YTTWije5UEpJIqrkEnIJJ4GRn19Av/CN/rfia7aKyjs7e8mX7Mnn4WGON+FRSTgtjAHX7uMHmux8QeF73VbN/DZtWtEjshB5izIzOdvyyqjHDMxwDgA4zjOQK9D2daFWi5NuKcW1a6aTV7WSu7aWbVtOljyquISqRatJJ2lF9m43b06W0drrXex8K2OpyaNNDeb0lECL5ZbG9JTt2sg5JxnHGcE9egP1jqUdp8W/hBN/YWlyS+JvD0OdsTBpJn2hrmXYuCQYv4sbgByxANeM3nwC+Ilrb3EllpC6nHNNItuLaQNPsQnDGPOVK4JYBcA9wea91+BHgfxd4RttXu7u3v7bWLqQWseneW2GidMSO3BjIVSdwAPAJywHE55KFPD0cVCpy1cPUpzgurXNFTbjZytyvT0tayNa9XD+z9pTnFzumnfXps903bTt+B8MS29xplz9imlSO4KqshI2yxurYddvUMCCOevTOCRXuXwV+Dvij4n3k7Wyn+wra4KTzy7ojPIuSscbEASGUADIYgHrgMa+jND/Zk8I65qGo3PirxQ1vd3V3eaibWCNxcpl2kNm7tgDc2AJB8oz0GOPtnwVrOk+A/DOi6HoHhCGI2rMtsTHGk10sa7VvpOOeRuLMWHQjjkfnPHXiRUy3LpYbIsPLEZjKKvUmmqFCKUZN3t70r3Wmitd+WkJUsVKEU+WLSf2pNL3btpK99U9VZ+m3wndfsXfE3UtctLLQbK3shqMh2RXLhZbZI/ly5YYWOVQGyduUOQcECv0U+E3wdt/g3oenaN4qFrfvHbu86LbRSxrMyBJjOxVjIu4kRkgALjgcGu/8NfE4Y1e51Q20l8sCeXMVULbALzGJF6MnAOCEOO+AV8o8T/EMXckbzavF5N3MyYabO2IOxYkElgvGAORkjnBJH8ycQcb+IHGShk+K5MPgqDbqzwznGpUmtn7WOySslFNa3ad9D02sFhEnOq5yS6yUUrcqvZ6dUk9t16egeJfilF4Ii+yaJ4fsNOiu4CFvba3jhITJKTTFFB3kc4c45IwSQRxtp8UdY16X7Ne6n50NwI1e5Xgw7hlUjzgH0BXrkjOOvl+v+JdO8S3a2cTSPYWyLFJ5WW3yDnczk58v5Qceny4AxXKSa9YWvnlZYl+yL5ZZFKwrsPydwWboSV5GODxk+TguF6KouE8JUlmNdctbEzlOtOV+VRk3LmbeivB3TSVtNUpYtTacajjBaaNWUUk7NRSi4tvW+uva1/rdvE6QWi2R1aaW5mjC2sVzKVSKRVAErbmGB14+62SME7RUfhjxaxvZbzUruO/v9NUxWURgEsJCEggkpgHnAYdBknnGPluH4geH3uILe4klu7+Tyi88GSIogBkAEkDaMglsHPJPGT6q3xC8NWEENnaRwzSXcIUwqu24dhj95I4Ixk/eHUEHqciuHF8IYvBQnCnhKkZVbNzjH2TfK1ebsk0mm1upLtqYSrUpyilJWfIrfYd7NOS1Tatpe++29va72Lw148OoxeIodO1SJrYpDayYjks7pyCUhYuqqSwxkc59Oh/L/wCNvw81HwN4o1N59ONhp1wzS6R9rO4yxIcZhkHJGDkdTyBk4zX2zo3iXw/LqsTKs6PKFDWodtj3AO5WVlwCoIIIJIHO4ljx6drvgvwP8bXtbXxhHdQf2NAfJkRidz45RSWOQSAQORz6E19BwbxLieBswTxU8RUyutFqpTknOVKS5UpRV9HfXW99dL2OXFYb2vKoPVdmnzNpJt2Tata6TV7dOh+M9pbXlyElgtLhIp2EEwtY2keQvwvQELuIHHUjnnORX1TQbiCYvdafPZ+SFWOSeJoBMcAgNvHDFcMc5yM+vH7b+AfgV8GvDkkuqXF49mdFZZLXTrhInW7ngLfPKrBi4cHIU9Qe26vV9b8M/AHx5p0cniLwrpUkayRKJbS3EBSYHBmmKbcs4X7pHBzg8197ivpGZXg8ZClSyfMMdg+VRqYmlTcbS091J622Tj7uultNMYZXXcOZ1IKTs0pNpzTaT1V9l0svU/np+z6jcRXJtt9qIQDHGcr5pZcbkdlGfmAOwYB6hjmuYuptQijSGeR1lcsGjlclgq4JIYsRkHAJ4yM85GB+5XxB+A/wP1W7igtvD9xo9rHayLptxYK4kvZQgEDSoGyVHJxn5hzgk7h+SvxB+FeraV4r1W0tIprmzs7qf7E8g2s6BjsTY3zEKCGfoe2MYr9V4I8Ssi4ybeGoVMPVUE3RxMIxqKDcUpRSb1T3s2tHqlqb/ValBJST01une/wt7JO9lo7+9bZannnguy1bUfENsLZJLtLaaORpWlO2FUOS6gk4brge+ewx9+23j5ray0zTdQ1lpXsoo/MhuZCQNuQkcIyo3cc4yCcjI4A+TrHRpNG8PTXMYntNSEb7/IUqJjk78ydAqYHCnnBYYyC2Vpa6jrF1bvNIoNmyPO0kpZnQMxJYkn5icY4PU9MHP1eb5ZhMy5XVhGVOndqNtLaN3vta2i663eprFVeeLhZpWsknra17+fVKSd0ujPq65+NniMTvCoM2nIxhsmnxIkSx9ZA4U7SBknIzxlmGTXP23xZ1W5vI4YrmzgWO4Z5rhMDzTLkEEL0DdCSevYEYrB8SaVeR+ELbWVtY7az3mAW0WGedWAEjlgMIzAgjOTxnPQD5ph1mG11KVYVIaR/KWOV8AFiqg/MSMoDgE5XI6DOK4MlyzB0ZSeDSiqc7Npyjd8yk7pW0v0vtbsjtTnFpSSfNa75raNpuyt/4DezeiWjufpZ4D+JHjPxDqFt4Z0DSL/XIpZlgeOzs7mcl2YAJ5qKwAkYkKdwCn1ya9r8Z/C/4u2emaj4hvfhz4n023t41V54LGaVGR1BLSYRipxhlOA2edxOK6D/gmB8bdG+F/iGTTvHdhpX/AAj3i0iyg1a5tYLy8sNQ3DyjG7q0kKEFcOCADyCeBX9HvhvWdCu2u7G/v9Pu9Eudl3aTTQwzwTK43R/aydybCpHykdAQeuG+w+oYfMsK1LEp1aT1g7Jwso2ur3ad01Zq2t1dae1g8qVRRm4O07WVvhukt+zb89trs/k5tPG3iLwnpMby3l20UrSrNply0kMwwM+UY3w6sCdrYGCOgYZFfQ/g/wCLk174XtrtLLdd26MZGZmjRIlUlld2P73K5IwOPQHr9/f8FY/2SPCSeDdA+OHw/i0bTdYkCW2uaBoKqBqVmQrHVreyhPFxEQRIY48MoYnOTX5h+Fp9DXwLpunmOQSWmnyObhk2NcuFYOs4wCCgyHDHOAce/JQx2Jy++HjWm4R9299NOVL05Ur2s1p0bRyZzw5TglUdNr4WrxaenLpdppOPxa3VtnqjnNV+KV3qvjbTY7KZrhNR1ayt7lRlYoV8xcKOAVAJweBnBxk19Z+KLm80qEmG8DQyvbvPMpO2EmMEoCMNkZxkkDk8jIz8SeCr3TrL4g6fJFbQ3VvFqFtcyxNHiONjKi/OxzkZXsc7stj1+6vGZ8Px30ayX8N3DqzwTS2sfS28yMMSqIedhOBjoFPOK+lyLFyeHxU5T99yUr9E2v8AF8MpO9t4y67HjUMvSr0bK8Xyw0vaLdlrdt2k+qvKPyPkzxB8btbsdcutPlkZLO2BQMVYCZQwwFY5G5h8wOTgdh29X8MeJE1rTbW6QbI7iEjDONzOMswwc7RnIDHggcDnNeV/EHwroVzezRIzX0byefG8ABkjVCAqOwUbV74Zs7exzimeGLC4/tCzs9LldLeNFa5iDGRQqqNyqoyM4GdvfocHp62AzX2snCcrWdknfT3o6K191omm31669uMweKwVWL5eaMmtntFuLe6bVkrq7TlfTXRe4efJIzRo5VVGQE65Gfuk9+PTHU/RsMrsGErsI1ADc53cqBtzz256Y6dAc7a+Cde03QR4ju9OlGiXDMtve8uQxPSQA4QDB+Xdwee9c+0qCQhZEJRRsTGNwYEDOTySeORu54wBX0MGp2cdEm7LRqyaabemtrv3d7WSttvRlGfI9VL3Xa+t04tXUrauyvZrS9upqXEuniPysKylSF3J827gYVhxg4zkg5BOcn5jyVyElASKABg2Sd2BjOMAZ68DgDHQEDGatTxXSv5gVWPCkZGAW5BA4Pucn+lQCaaIsropPHlndnJI5XOeFA92wOduBkbJNNbqyeqTVttNb73Sv09Tom0420Sutbej31ul3vbu7rSCOwM4UbMOTuOAF+QYyADuAOOcA4468A1ZfRoHyH8xBtALYzuK9Dk7lAGDnDe2ccGRJp/LywBbeQQTkKvBIBByRxnuABx61OZJ51weYzgLhiPugjqOwHUfXmlFu+qd1b8bXt2t3V2m9NzKNNS6WWj2VmtN77b28r9Hvz15oafN5czNEML8o5Dduxyo4DDqec4wRVKz0Zd0kLOVIDEMuTweQRk8E8Z9cncB0rp5baZoiQGUbuSvzZOQcYxjHQZPcDPOM1ImSGbLRvuZQV5OWI/iHPRs8k9ckg5FVu1dvvZ3cU7PRduzt69RqlTWuvzbSS0tbS3fTvo9Nsx9AjjQMHZ2DMPMyBwTgjHQ8ZGWI5zznBFC4s0QEwnPy42sCCwXIHzZ4Unk9CMAgAYFdJcXAEYRHVdxJJIAA3ZJOCRkAKdpzkDqea5qWNmkBMvGGDFWO7IP3QD8p68gdOOxzRGNrJrfS3pZ3V9u1vW+r055qnzNKyjvZWfRaKzaTerv5op/Y4kUKxDbiG3cht/JI3cYAPTGOvGRisOSzlV5AC7SE5Req4JJX73HT+p65rp40WPcMh0Dcs2TwemOc9QDgEYOQM5GW7oo1dyysRhVGASRjkjrjcccY5zjsDV22Sbik23fZWtp0vrdaaJ632OWpCF9Uu/bTT5dNrba3u7rnT5qDZOpAJA4GTjgcHB5B5+vJyeK1vC/ivVfCGq/2lpUrpEHVLiFmPlTREkPlDj58bjxglsDgEGlnUsdyovyqMoQCFBJ+9wTnqTzxyDyQawr23kIkeJWBAByNyjcc7sAZBAz94jqfpUzpua1d16WfTy9dLea1Z5k8MoScoPVa7W6rRW8rq19NNrH3PoviGz8WaKmrafcsgkRVnViSYpesiYPQZ+6SOvqMEPMc1uHXzHw+1mlcqdyZzjgc5289MLwSCTn5S+E3ia40fXorC5uW/s3UCY2hLZi87Aw2O5zgjH545r6kv7nIQCLMI6kM5BBOMgFsKMAcDtndjOKzp02pWUtE1pF3bvborpeuj7bs8nF1HGEozve1rt63tG+rutLq3Wyd7J6dBZaughbzvLUJlN64+ZQMADkDoMcEnIIxgc9H4W0B/Fd0fIkFrpluxn1G7k+VUjU5KLnILOOOuSCGA5yfCbrWkimkjOPJTcVEXUOOu5iTgAKSc5HB9CRz3iX9ojQfBeg3fh/w3ey3GuXClZiHBt7eSRfmMjjCsylsDgLkDA4Ar2cPhZVEpRScbtSb0tpG711T8vPVrQ/JuJeJ8LltOtGdaEazi/Z0+dc3NaOybvurK2/a70+if2iPiv4P8L+GI9O03ULDTJ7W3W2tILRo2vdTkjPLkLkJuPVmB3HJwOCfyw8Q/F/xXqD6hHZP/ZtrIdpc/Pdyh+H55KtjnJx1PGOR5x8StQ8Ua1Ba+J767uL/wA67njjbLEo8gLB1LH5VU5C4VR908VB4I8E+M/HGoWFhouk315NK6Ncag6utsgAziWQ5UBQQc4IJAAPJzx46uqFR0YXUYWb97de69Fa2qemytu29X6/AuWUs5y6jm+Ij7WrXb5YuPwWkl7qaabbV7u293smobPTrjWZ5Rcpe3l9dSgImGknky+VIxllBPHAA257YNdd4s+Dl74Ss9O1TX9Eewi1ALJaSyLvimLpuH2jI+WTBBC8np1r7B8HfCS2+HzWeqagg1TxNKShBx5FnkbRtVgd5U9HHHHDEAV6T4k+H+seO/Dmo2mrSfblhiafTRMwVYLhVZlEYyvH8IwMAn/arw6uJj7SLk0lzRSd1dbeett7/e0j9fwGBVClyqKi0kkrJb8rV7W0Sd21vfW9kfmlpdp56iPy0SNHZQ0eQAFB2jaTkAe479TkZt/2ayJcER4c7lADHlSTjggAEgc5465zjNd4/hy40a7uLG+tzb3FvK63AAwPlJUYHfcB2I9j0pVt44klUtHsYggsp3DBxkjGSc8kEnaeeR07p25YtLRxjZ9Vfvey1ve9t72vfXycVCcaz3untypvSyjvs9+i+/fiNOiICoY9vCICc8Kv3w2MDkgAHLDkDJHI7C3DSFYo8rtYBWG4FyAC3OSMgkdBkAHPQ1GkKC73xyxum8BVAADE5JPXOTgkcdcDOSMakbItwu3J2EsVwACMEgADsdwJBPUZz2DpxeiV1te0dbXW29l8+i2uZ0otat3vu7Wdt/PTVvy09C0to52Fiy4ky+QDhhkA4z83TkDpk4yQcdDa6akiKCoVivBUKpc44BHUA9ct3bGaz7aba+50z5pDc9QoBJ2rnOTjOSADzk54rpF1DYseI1ZVUuTtIO3jgZ5AwRzjBwetdqTvZ37pLVp6Ja62v0V1tfzNFGV76+W/Xl1e7tvZt6NX2TvEdPlVI1xsBG0hjyQMcAdcnntjnGKr3FoibVldoUUhlwuCQQSc554z97KnByo5yLL6nKzMyWgdDyu442+hxkkHoQD7jPAFZsty0sgM33iNqlDkLjk5B4AXnB/EdQau1lte2+nR8ru9+vbVbenVBTutEnFK17pN2jq3Z631Vm+tupXEpjWWIbiRwdwO5EJ6ru4YEZbJ9s4NYesxxqkKrGGdXyCPlKrjI3dMnscNjI5HXHQbd25yxjVgACSCdvTkYIPbOPQAcVXvbRZIlEU0bPES29gCzgZ468Ak5IxgYOMdRlKHM09FrbXv7rV1dP7+a7VtW9Iq0XKzjq+r+7dX1vbon120ONny8Q8xVkVV27XHAbpgEdQRjkHIODu7jlby0cM0ip8rkYQDcuBn5TjG1hyRgjqAuTiu1jljFwySNGACN6DgFxuXrjA9uM8Y+YdUu4I3jZ4mLZDfMq4wAMYP+1gc9CBxzmsXFxsk10TatdpWtdp9Lq13bTuYuEouzXTVat623Wr22T3ulbRM8S8QWscsbxtGrebkbSgAIIwwORtHOfYHsRXyT468B3unXEuo6LJcR7C8z29tIyt8w5KsrDB5BA4GTgjJr7p1SwjnjwysCu5/Mx95umGJBx0zznnHGc4861LRYissoCqjLj51yruQRhgQc5O3bjHBxznFGqSaeqabaTunvvo9dG9drK9mUuWSkpxi1trZvZXbTT0aXk7td9PjDwF8WvFXgbW0m+3Xx2TIiwTySFGUOSYpUwcDA6qOMdeor9ePgl8UNL8c6L9pilMOuwRg39qGI2l/m3IpI3AgZwCeM465r4U8M/DnwZrHxX+H8HiW8ttN0278TWMGqSGIGJ4pZwoEq8bo3BUE46jJwScez/tMfDrxJ+zB8aZDoMk9v4a1NrXU/Dt7b281tpuq6ZOqkW0jsdhcE/KAduCO5GP0LhbNcfhaVTESnOvhqMoRq7ycIyitbPVRWt1dX0V2z8R8R+GcmzTEUcHTp0MNmVelUq4aVowVeUeW8Luzcmnvvpq92fpNptwI7WMrcRsHZd4kAJjJwxU7j8pA5wMHOaxfGHhnRfGljNp2rWNreW0sbBbnYonicKdhD43L8xBAB5PX5c48L+Fvxg0fx3Y26JcW9pqsYiOoafKyiR5FULmLOdwOOdoI556mvoRpbd1DqfMZgFeGINtAIJBwT94HnJOOTwAK/SY18Fn+ClTrU6eJp1Y8ri1FtX5U2r3d7N6NXT09P5lxmGzvg/NrwVbC1sPJSVSPNDmacWmmrRab130TXofnR8QfhDrHgHUDfWDTzaUXcxSpljboSdqyhfvDGABnA4+7wwx9D1JrspBciJHwQsjLnzG6YZQw5P8AEOmSSBgZr9C9c0pNTjntLy2LwyoS8TkOJFwVG8NnYQADnAztzXyX46+GI0Sdr3So5JLJ3L4VdrQOeoHOSucjgjJ9civ59404BrZXWljMBBzwkpc7ilf2alyvtolrpZWT8tP6Z8NfF+jndKnl2a1Y0cwgowhOU7Ku9ItO+l3fpo/Nqz89vvB1vr0Lo9rESVfzFULtYY9wwJAAOQTz2OcV5BqHw1h8K6zpXiPSLdra/wBFvbTWLFSuI0vbC4juoGJGAT5iKcdCBzzX0j4fmdAlrcptKKPLYA7mByAu7OO+OSwAJ6U7W4ImuGFwjDETeWrEOu7+7tOMk8g4znHUACvzedGp7GcLPWLi1JPqldOz1Vm9lrr3V/3H+0JWpSilJtxalHW+is7rVuyet721Xc+hf26f2/vD37X/AIU+AdneeEH0Lxx8NfBEPh7xfrU0qAa9fwIkEM9uI40byyoBIZmGcc8ZH5fa/YzQWaXAhjFtO4JUYaU4ySUOOAecHGODgV2PizRYbzWEulVYmtYgwUqFjbYdw7ZI7kAHBOAMZNcnqV7PPOiEAQxpkRjdhmfAJReDgN0ADDuRjivy6WFp4DF1I0bxTqSc43sl713ypRSa7J7x7M6a+MnipRnWvzWilLTVLl0bs9bWT126dDEhvo1tZba8gzCkZaDK4PzDcoLjI5GMnk5688Ly80UjTG6i/cxOixkcNjIyVK45BAIJIGO4J5PZT2Er2EikfvY5lcIo+ZlJyASc4BPy47E468Vx2syS7mjWBvNkiG4KR5cYUE7mHduQMjcc8kDJFelhWpz0k1zLXWy3V1Z7X1d+r6iU0kna17W8k1G93a0Undvys9boltYvKmWaOcSg7/MPG1E/ueuD6nnGTyBgNl8q8uYnt4QySOonUOfmEeARj7wXBHPUnOCeQOHsbm7S48hA/ktE3mb8gqP48gEfN7gg9wBXofh9LS5ntY7WRiwBExIyF2HoW75bndyOSVJGM6Yqi8PTnVvzaPXbl1WqW1/Nq69bkuagua6km7W3bfu6p9lFq6a3v6rc1K8VIljhtTaQoscaSAEdQGZiq92wQDjp3xkjoZZ4bjwjNfyxk+WqxwuPuvIgPXv0PVs4zkE7jVPV7B7yQbZVNsIv3pA4Z1yAEGRnBIOBlT94DpXKNcahawf2YBM1iS8hUgFWYZxtUAZBOSQRj8gK8eE4YmNNuUXKE1J3tFpe67W6y0Tv/m0YSkpcuvJZ3bcUkk3Fp22ctG9k9km768il5BcPloNsiBiFUbt+NxwxByo7kgZIBI7msO7knMoaCNUiZTlC2cHlWG0tgknnOCQD24NdhY2sc8kkMjRxOwcq4U7yvRVz2O7IA4+bsSMVmahpqwyxAwybYgRIckZZjwc4B656DGOvpX0OHrUKfLF35nyvtf4bXaUr7PdJ7LTYHiVCSTm9Fdr4Xsnqve36tK7et72MjT2guJZLcLvWQAAHOEkADHcCMAEnvjrxnjHb2+h2UltDp86tullLG4QKzEBR8rkA8Dpz6+/GNZ6IsMjSMQjyAsgIPlhTnJL55fAHcgdcEHFXre9uLOGW3RN0zPujJyxVQwGVPbAHA6cnAOc10VHObi6XS99bXfu+61Zatelm79Diq4+DvFSUddXqlfR9WrXSte797e97DvEvgyK409YLAojwpvWQj99lSQUbG4lj14zkew48VE08U6aZcSOoty2VcurEoWGeSeWHt3+bnivpfwzJeatMUSNLu8fejozBNoUfeY9M55BxyeMnNeKfEzw5eaTqD38UckksrFJo0Td5Mhbnac8DA49f+BcdOXYqbqPCYlxc3Fyg3Z322eq7WSu7/iYfHUKjdGVSLck+R88ZNXtbld7J7K2rWlk3c6bw5p0WoTx4GRFDvIVgpGMkbgM5Jxk8HpkY797HY30RtntUnd3DmCJUZipUMHL9vlGDuwcAnb2z538NNTjjtQs6MlyzEkqMsUUcjLZAOPTjjpkmvS08SXukZjtysbXLO0bzAM2w5GFO07T/ABEY5H3sHgcWLp1ZYicFGMrSvZp6cyjpLbVJbPbRbar5XPq0sLCrFQU2/hU76OUYaN3W0VbR2Tsz1vwf4Lk8UPYT6pqcGiabC7rJcTyAZnChjuhZucnCkcjr3Jrzr46fCjUPB0cusWl+LrTrlBLJNEBgruHluqqSdpBU7FwfXPOC01W6it0GoXVzHazA3DRqx4lGSrjAwOmBld2OwBwcfW/GF14ouINCvtXmbw+jLA4MhkdSFI3HcCSFxjG4cZ4z0yw+X4nC4qGI9vF0OW8qcVaPKuXRpu76u90762aPynJcPnWJzx46jXg8HSn/ALVQjTvCULrS7V7rXXW702ueHaB4hl09gh2vHID5kbqWWTaR3ORuIJGOw4IJHG/ZeJbNhfpJaKJblcQYy3kEsfmBPCg5DAbQcjsBzpeO/COlaIh/sW68+GSOJ9mF81GbhmwBkL1JyAd2F5Ga82mjby0IeJJtirhcDcQNvLDuRyR2IK/LzX0tNUcRadNNuXZOPKl5X+V9E9brv+pvC4XEtVUmnJKPLbl960U7paPpZvSzvdaI9D8JzSw3U+LeS4VnHnMxLDaThSF5GT8vABOM5PAx9XeGRpttZJc3EMzxTxAXJZBsV8fKq7+oBYYGATjJ5xj4y8PalqEk1tp9oQkvmBGcBiZADhwzZODuAIJwPTknH1j4dtvF9vpsc13Zi904MGSNQrsQqcE7cbSCPmz34x2Pck1ZNu2kbKytbla11dnazu3utEtT8q4+wbjOEo1KNOolBRTqezqtrlSte6W2j62V/Kz4gvtI8P2F7c6Np6edeRuZbiNPLYb3BG0Lgn72NoGOOhyAPkxr8y6uZrpGbNyWDgNvH3iy4OCwyRuOehIJzgD6L8Ra79tgNqunSLLFu8wnGYkzgjauRgFiOR1wM4zXgcu6DVZJJIywaQmJXUAls8BVz8oJPI4xkZwNudVFt6qS7Xi3uo3W3XR6dlqzLgyjKhhsXLEQnKvVg260qqqTcVZJczu0kmrWVrdNDurDTrS4eTUFhSK5CiRFKFgykAFiQDwQBuBPDcfSS8ASJEj3OJnJnZVbCAEDChcDYDjvnkDAAFXLez1O502K/tbO5FqHMdxdRwSGCKSQghGmCbcMDwAcKcZ6jFuWS3+yw2o8hZTmCbGPMAVgS5GOgBycnIB+YDBFcNWFZNe62rq10kmpKN7K/Ru3M73drJ2Rq8XWdSVqjrxhUlTcVNy9m043T1dn2i977bN4UFq6DeitJHDKshYEgogIIVMZwx77TzzgZORwPjXXt19P9oikVIoP3JLMCflHLBsE5zzjnI5HWvofTtOeaOC1tIo5ShQyHYzrKmOhODuLDAwOM57YNfP3xwb7NqtsWs0SJY2h2ohiZiNqsWThgFAHXr1ycDFYKPtKrvG6jdX5dE47tv8Amtr83e2t/T4VxdHMM+pYScYylyyceZrmUU1q0+skndW67PRnHaVrN9PE22VkCqjRKrHLICMoBjqM+gwOMEjNRXcS3as7vG0rlg6MeEYkcgn5gRjnkDOQBgiuUsrqQxMhRv3Sfu3UFVVeTlsjkKCfxz2rUjmglii8xpY3JU5PIl6g5IwQo46Y5PIxmu6pS5HzRsnLl95uzuunVbd9E9V5fsLwVDDTVSMYqSUbN+7d3V9bWa669tdzqfh7aj+0LyCZ2DKS8OM7GZTuGT356HqeScEgD25/tU8MkVu4G2LLBiAqgZLBCc4zzkr6EdK8V0vTjKYp7CaeOeSVdqYK/cI5UqMkMQSeeRkHJ+UeyWkqppDEW0r3NtGwc7TmRmyCT2YDAPHPcccjSPtJU3aUItQe8rNu6dtNeZXulq2r+R+bcVqnVxsK9OrBtyhGUXa/NdWs773d9rXSSdjm3Fwru07sUUHyix3K+0YI7fICMcDA7815n48tDeJFLboWmyzSiBdyKE4IxyMgjPswJxkcdDNdas8s7I7CFHJk3OAArD7oUk7SATkZOSTjOarRT26xlZYnVnfaGLBiqnB3FfulcZwwAHHUcEea1UpVHOS5vd2te2ztdJPrZvd2S8z1Mmw1bBThiYpNqKlNR2aXLe9rX1un1aW6Wh5NaaVeXht4lR/OjkAYv1Cs2SASygYVssD2GOOCe+h8mxsntL2Pc9vKjRIv3mJ6jIOCeuOfujapOMD1vwjZeFLm3v7a7eOGZUaSKdwBJKdnQHjaA2DkEAjPQ4qvpHgm68SastnplsJIbO5WSaYbAxgZhmQlgT8o4HJ55OCC1efi81hQjUnW/dxppzbbWqVt1u3q7K+ttF39PF8S0nOrHEp4ajQipc87rn5WnaO+rWqS0eiVi78H0kkvtRvXh/cxqGiEh2yEjB2xn2xxhcZAzyK9h8VR6bfWVmsMNxPcM4lu2iYnySz/ADK5zwMZBDEjHGMdfSfEOgaF4L8O6Zd6ZFZwOLPyJI3j2XFxdMpDuSpI5J4fkZH3s4zymm+EtW13wHrnifRLvS7FLSYtKlzcp9qmKgtJF5ZO4ZG5kIyGOQMcCvyitiqWdZlPMl7SnSVaFCnKUJOLbfK03dKLa1v082fnMca89zWrmMHUpYZ1I4ei3CTT0SV9LJStf3mrX16I8m1GXxDpk6y6RJDbWTIlusUcm7zGI584MT8wIyzED0JHQRx3usSxS2ustFBDCVmkmmUi3m+bcYgT8jADvjg9O2OQ0u+1u3v71rWCS5J3fuZgZN5yMmOMntzzxhcHsTUniW98WeIbeztZ7cQW8e7zIowq+SoXarS7QHIHJO5iQRnjjb9Q8BecYv6vGMlGXtHJKe8dr9VdWfS+6tc+6oZe41FB+wtJ8zqtpTu+Ve6vK6W2yV3pc9V03WtEn0rVrL7PFK09sYYIlXZHAxXCywH+Jm6t8uQT6ECvEv8AhR3ibUhdanZzxbbkOLSIYeSRmJxGwOShG4YPTP1ro/CF1YWV4YJn33VtHsWQg+U7hshnJ4boQOnHAwoxXpOj+N7rSdUlltpIp594Kx7t0CEtyqqABv6ncAcAc8fLUxr4/KqtZ4CKqqdpSc2pRfK1bke6vfTd9brp6mFxFbK6s6eDvJS1n7TZ2afut7tt7L1T01+GvFHhjW/B109nrkT2t7FKQI5lJBAP3kJJB3DsOgxx2rmIplefYCNjDcwRc4JPXnI45B44GeOPl+vfjvYjxRptx4r1N5LbUYJVWK2kjxC6lSNyvhRk88c425zzz8bGdUkV9wXbgZXoSdwJAHYg+nYckjNfouT4+pmGDhWqRUK3KoVIxbsppRTWrs09Nd+nSx+i5Zi1jcJCpPSovdmotpJrlvZt9l1fknq7+pyaBZ3emrBYyW4mMCTJJ/y08zGWjb0O7HXnPc1wT22r2crtJKzPbSg+WGUjK5K+uVI7YI7jsan0/U7q1A8lfP3yKT94kZ+6evBPLdlBHAGCD1S3dqCxureWK5bDFsdcg5HIbkA45/hA6YrrcpQ5uZKUdHrfrZ7db2vZX6aJnZGcYuztbqtb35eZJacrfzu277WM+TXry/tUS+gaG3RjhkGN5A+9k8gnoQMDoOnNW9PuhBFFLbPJ5wYEYbYVXP3cjJx06YBPHXr017b6XqGnARw72EQaFlAXJX7zsDjG0YwOCecgnBrG0qzhtbgNKGckBUjkUhCoHynsMjb/AMCGCcjFczqQlGTjDa9kt73WqsvO2v5Wse1XL1b77813G9r9lo76Wavoz0Xw5rusyPHfzxG7S3YhFeMnapH3nJHylcgjIBzwcGqOr6zc3dy8vmJI1xOSyDIVArA7FySQ4AwMYzyCehra03VdOtfMgDJOLmHASMqvlyEZJUKwOVxgZGCO2WIWudO090DQZjuiWmZXAIVG5BU52kjJyMZ7nnAPj060fbS54cqva+9k3FNbWs9F0aTfVXNadZNcrW99U3bVxWtla7ve/ro9U8abUZfMVIoXYrEqvIOSyjJcAKwJABIb5cDgnHUddaXRWErLBGtv5fmZlXMkbhTzhhkdTx7545xpeG9HTUFd9ilVj2OwQMxkORkA7toDKNxGeetdZo+jWmoXjadJbia4ZXt9zkRqx5G9S3BKLxtBz0HNKtiKKeiv1dklZXWvNZvqt0EW5zsrt30XK766aWTvpvp2szyaCSK5kiRijvJcrFE0YAERdsJuHQqSckngfz+0fDfwF1fwzDoXxBWY3VxZm21CJFCiK3uQwliIVlZZ0DbS2AR3bmvmuf4ba/puqQpYaLNdh7rMbxZkR8SfcZwTgjg7gcA9B0B+5vh5f+MIfA2rad4qZo4bJdmnwyuWePaowqgjLjnGRkHGAAcg+fmPPXhSjh53hUcY1Fq3ZqPMnJ20t0XmvX7zhDLaVTE1KuMw1V+zjGdGUk+VTilJOV0tL7K199Hqj0b40fGvxv8AFnwRpXh/x1ZaFq9ppjw/Y5ILG1t71DHGsaq80MSSMgVRkZwCSduCceffDX4+fET4VoLbwYmj6akO4mcWEK3qgKANl2VMp2sOPm2jBwD1HIKtzJthU7YxukKyMDgnqowcAkfw4IyOOgFZstlOkcnkCMoThsqCck9BgDjocY46DJFcFXhvA1MFLAV6CrYOrrUw9S8qdRStdOEm7xv3Vlprex+hxz7G4fMKeYYOtOhiqHLGnXpO1SCjypck0k9Or6KyP0x+F/8AwU/+Immrb2HxZ8O6V480BNttcI8MTTfZyQh3JNHJEzKoJJKZbC4rt/FkX/BPf9qy4TWo9Ij+HHjVyY7qK2WOxiuJ5SuH8ohIpdshX5VX5uTnI5/H65tZ4crDGqGVc8k7twwST1U5wcBh0yADjJxpILm0cXMLTR3ATcrx5jaNlOd4ZMMDkHIG4529AtfFYLwvynJ81Wb8NYjF8P4tSUpQwNecMJVa5G1Uwzk6U4vRtWXluj67E+LGa5nl39l8R4bCZ7hErKeOoxniaVrJunXa54u13rfr2PpD9pr9inW/AttPrfhC9l8T+ElINteWtuZpra2I3wtKIt2Rgrkg4AGQOlfmfdeHNWs5bguLiK4gmIVwTFIFB7ZVXUkD1HA6k7q/S74UftXfFX4aQjTNRng8YeF2XZc6PrIS4IiIC7Q0qseB1zjIPQDIrv8AxVq/7M3x8thqF3Yp8MPGJV90KRqunXVyyl97yJiPaW4AKgAHOTzX7/w1isXWp+yzSrTliY2Ua8VyxrJWinJN+5LfZ2fTfX8K4pw+W1assVlMJ4eEtZYaW0Hpfkabb6W+Xkfmf4X+L3jrwwFjOqXt7Z2DqPsl3K8sSouVwzMW2qBwM8Dupr69+Gn7QPhLxDdRWupyxaZcsF8wSviKWcgAsshOB8xwQSc8elee/Ej4OTeF/DOo29jb6fq7X7lrTU9KliuA0BJ2SS7CSpIwcdck8ZFfGcPhvxBpksyCwupmt5D5zW8ZkMYAJypQEqQG3YA644wDj7+FTEYVR5FKpCSV9bpJK1m3pZrWyb3ufn9PFSjUs5WtK1n8k09VvZdfx3/cPT7OG+tzc6XcpKt1EskNzFICibyAFBRsDIOMEnAz1ySee1GW+sLe7tmmjkncEjLMJInDbQQSThW5YMMAAZGc1+Yvw8+PPjf4fMlvb3015ZB1Eun6gzFhH02ASYZdoyOoUA/l9seBPjR4U8dos73VppeskCKWz1CQBZpCp3tEzE5Ufw4HU4AyDXZQx6m3FycajTi09Iq9lJLfW+q2163PYhWhiEldxlZpbrV2Tta90tWr9XfQ9JNxrcEVvBdSTJFMocYy6ALwCGB4GRyOAc5AHWkj8QXVjch0l+4SZCxwCCTh3XOMBegyB6jnFcvqfi27sjPDKsdzCqEwuhVkEKnaCkhDA/KeAMcZBBxzgf8ACUaPeRSK8myaQKGBB5yDlD34PTGAOMDHFdvPPdS0sl7zvdR5bXvfXZ773ehvSq1acrRk3GNtb9lG3zt6b202Lfib4jQ3uqWGm3JgmZbgjMhBjVZAVKqG3c88ZYHPGecVi/FC0gl8HrcW21G2yKzKvzFGAYj2GTkDJyPQZx4p4ohYahDeW78C6WQSsSpVFfAB/iyF+7jAOM9c49O8W6hPd+BYJY3aRJIlBxggARAb84GCfXJJwOATivDxVSac7rlUoxtK12leN3ey2aSuraa6p6+hRxTxGHrxqNuSpt3bv2V18rbf8E+TvCXiKXw/q1jqEJVrizud1sshG2OVJQyuQQc5YYOQDzwf4a/b74Df8FEPDfhzQ9P0DxvoN612GgC6lp0zuvyhVlURJkKvy5CKeOVHXJ/AuImOYPcFlP22Uqck7grnAODxk/gQOueB654YvZLm4sYIJFgc3Kh2I3sVBHzDnr6jg9QeQM8ksbX+qzwUeSrQq8vPTnCM1JWjHS97XWzXSz03Pw3irw24Y4rzLA5vmtGrDMcrqKpgsdhq88PiKLvC9pwkuaMndqLbWvof1I6R/wAFH/g3qKQabceJLvRLS08sPcX1swUJtJ8vcB8+MAZPGf0i8XfHLw747so77wROdQsb8fuNTj3Kl3LL8oCBgCUAyWIIAxmvx4+GPwKuvG1/Zaj4rhFn4Sl+zlYWjK3epqvzMVXYH2PgDI3AhgRgYFff9w+i+EItF8P+HLa2tRbQLb6Zp8RTFhbYKmecKciZxljuOct/EwAr4R8K5PgMY8zdCFGrdznTT0jJPWbi1aMb2aXV76XZ/QnCGe57hcoWSyzCvicBThGlRniJOdblikknOy5lZWva7trdN3t6vZy+IbqLwnbO8kEN1aahr9wpOJ5w4ZbYtyGjU5UruyTyTjcK+3tGfT/Dfhm88QSRoljoNpbiNRt2sLWHJVVAGfnB4XPXPPUeB/CPwvbyafq+qyIZJoLK7u5ZJAWMs4UlCCc5AYnYDuOPmz6/X/we+EGo/Hg+EfhhYFk0+W1bxD4yu0yRb2ImBFvLKDgNIo2iNiCV425r8H8Tc/eLrVYRl+4oK1npyxikntbWzSTd3fpbb9k4VoLC0oV5q0qic2/tNXitVor/ABb9rLse/wD/AATl+CcsreKv2kvG1gIL3xZq00/hhtRh2SadoNmWka7hMw3JHJGMBxheBggdYIdAt/2kP2nfiJ8fLdLm48J/DeCXwL4ZvIx5lq1/an/Tbm1cggkMT80WSDhQeCB9Q/th/EKz+Cnwb8LfBL4ZRxx/EPx9Z2PgPwhpVpt+029pcKlpeXxgiyyeXExkaTHXnIGc/QvwX+AWh/AH4CeE/hyn+kag2nJqfiG+ZQZ7/XtQjW4v5bhm+ZiJZGTcxz8hBIr+P89zfEUaOYY6rP3sU54fDqe8MLGUY1FG7+GSSp6K2snu9f1TLMXRo4/BYipBN1ZQhTpv7SXLzTs9XdPW9tWlfqfDeoarq+ltPYNql4LR8tmSch1GBklWO8Hpzxjkgng18A/tS/FW08OeGdZN9e3N2bazu5LaWeQTRB/KfYpSTeGGe2OmM9yP0y+Mfhqza5vZLdYmlEcqmVGCKhxgAquACBjHYA4AIzX4bftRaJdalLqOkXEDy2qxXEXmSuSmXBBO3OGGc/Qjnk8/oXg9w7lGe4nCYqthaVOakpymkot8rg7JpJWbejvvrrofa8Y5xiMswFSth6cF7Sk1G6s1zRTvdLZOzX466H5ZeC/iCviWx8SzT+UZm1K6ykcSRmOOSSTaV2jGDnHGWIHIUdUuLtAuFwWB2lWTDEHhmbHYAcZHcE8DNT+F/henhW71IiYyG8eSVVPCBQzYVgRjIX+6D098VuXGiRRu7hTlwRuAViuOGOAchRjpjOMjk4Ff6R8M06GEwdGjTkoqNJQildKMfdasu19+2ux/BvFGOr4zH1qtWXNVlJpu6a+Pv0d5Ld3tfVaowLIxeauclSy4ZFBIDEbht6BT69eM9a9k0aWJbZIAFByEiAGOuOoYE4JP3scE57ivLbfTPLGRuwcBZCOdoIJb5QMg8dgOOM8kdhpjeTEFSZWcNiPJO5+BkHoOvQcj1A4avtaSktdU0tHe99VzNXSTtG689Hoz5eHNe135tb20ldbN8rWiXZdjtrwmE71eVskCQdNoAyME7uAeR0yOgOObdlcreqkU0jqiiRhKRlcAHBcngZz15XJzznB5i71CUo8UyhQEVkAbGWxjHJ+YD+7nOQDnpijHezqpUtLGkkTxqqkkM7KwXHAwCCfmB2qcjgrXRVnCVK11zWV+mt43TUrNXe/dtO1j0aUZq1ttLvXdpXWt0td9W+qWtloXMWiGfYdTgmmmLQm3hkQNG7ZIDKpJBPygKRjPAySRViX4ZabdWiy3Uhy5LCHcm7B5whIzktgY6k9hgivxy8W+OvG3hL4watbjU9QtVh1/zzFLMzIbZpwUURFsfMpABAxzycDn9o/hl470DUtO8OXepI8t29laTsZMskkrhGbcvACkkjkcDd16n86z2pxQp8nD+BqZjWV17CinJqWnW9tWtHfazelmKNClUcpV5qjCMkteZxSuvV8q0+Wx6B8HPgHatdT6xq1nGum71ML3CqXZEbJChsDOBk4PTjJwa+vvipB4T0r4Y6jbaRBZiGOxSNJYlRfJl2fMNo25YnBJBBBzjBOTxs/xP8OSaJBZwrFFKgJaC3TavChVO1NuSPlJAHQZbJBr5zv/AB6dd8RX/gZLgDT7qFrlAz7jvY9DyVzzxtAwefYfhOdcCeMWbcR5TnGZYHGZfgcDj6FWphnKUU6SnGU9L677NJW6Lr+tcK5lkeXZHj8O3CvVxGHqU4ycb2m4JRs3qkn22stkfPy6xNBPsjiLkZ3SMpLDDDBBwPu4HAGOeeTz2lhrU00SNM7cMQfNyeuANp4yeMcHIBI9a6K58OWlvM1u6ZmT5CwUAsCcAqcc/wAIYdc4IAIybdn4StlB3LKuNpAxkKMcBQAeuRnHTHHrX9TUk/Z0ac4yUlTgpLWLjJRjdc1vNt3vd6Jvc/Nqsal5KDavJ6xfwq67Pt/wO5Z8NgajqKu8beXCu4MoyGKoVUgcck46fwgMM8V9Y/CywW41S2Id08zDbEAyxUnywdw6dGwe4GMd/FfCfh2G1CgPIsm/nK5IXsoYgkEsckY4+YHODX0t8NdFuYLxJlZ9iSh87hnLDqCeQAQMgZyGUgAbc/I8SuEoTi220nqmrpWjduz2tfX73oe/k1CUa1GTbvzxu9Nbctr+9sl0SW9m30/RT4R6V9ouYollmeUpEH3YVSON/bGQBx9cg9jgf8FBNJEPwr02OHKta/aL3K4ZioRcqAvPfP1zzyDXe/BDRNRudQtkBZncl3beOVYjk4/vDk8gEn73G6u9/bF+Hdz4q8B2NiSLeJJbNLiZiNzWgdHuhnnG5Adxz2yeuK/nHEJQzaU9ZL20YuV9ryXVvVO7vro/x/YMVB1csjTWknTu07bWjdNOz0VnfpbyPwi0v4ajwX8J9C128EltqXirS9d8QXoLDeNI25tFlzho1mYHgnn+HpXwn8UvideaJYXGh2iLdSaro9veiSF/nhFlOzwqFIOcjZwOckdTnP6JftX/ABB0eDwX4qt9EujFY6db6d4J0FegS2sgouHjIwAJJGcMVyCPvEjp+Tms6Jq/jDxDo9x4dg+3alo2lrb31gvL3EUYjaR0U5ZyFbJBBY55Oa/VaMZQwEIN+9yxkm/dtpHvtfV2vqrPR3PjOalQpxi5OLlaEbJK93FddG99N0r+aPtn9kPxt/wtTxboF54ivJYNdsb0DWLYDarWVtFEto8m/n5NoB3ZwOnZT9d/tjtMnjzRpHmjmibw1ClvtC7RHGSAylSMNsCHg84AyQRXwH+zxpMnh39oefTIYH0yLU9OtvnbcjtcyxQiSFF+7lsbWwDjnBzhq+5f2rbi01HxjpENnc2znTPD9sjhWOQ6IoaNtzffOCT6jOQBwPteEa/NnmXSjK8o0nzyTVpaLlT1a0dt23d2Wq18vOmllVWm7KSkpRS0tH3Unrpp1tprufCep6i0TsblnLqeA+dmwsNq84xnng5PIPJ+WuSutaj8qVT/ABtuEZfIIT1OMA4G4ryCDjIPB0vFC3E8zTAgISEABwp+Yj5gD2IGSfXPArjZI0nxlWRkHlthQARkk4BPPXBbJJwO/T92qylySTe6sm3r0s7ddfkrt2S1PzCk5qpzN6JrVWu1otdlor6vez20kkgv5LgPIH4Vwphxt+XdnIJGTjHB+XqOO9ekeCr2NL9g7DYY/lRiSAfmDeoB5OBjLe5Jz4DevJZXMixPLJubdGdrbVUcEEKv3jyoOOmMgECuo0fV5bO5t2YFVVFLfPneDj5sDJyCclcE84Hevl8wwbrU5yWnLF8zeuitFpJWb0k09Xoteh6f1lRqQk2moyTu7Payei7qy67een7M/Az4gahp3grX9Lt3JiksllcO28C3VCHAxyuMbgOQMZ4IxX8i37avihPE3x28eyRQiBpdcvFWVG3B44JWQMSQRkkZJ/3emRn+o39lPULLXNQutEuGaSDUtGmi3MSdrGJvlXJIznp6cHA4r+Yb9tvwY3hj9ob4g6TNbSxR2uuagYHEZw6SzySKO3qMdQQO/wApH47jIUsJjq+GnGLq3i2m0mouyvbzvzNpatq+h9LxGqlbIMFiIRtBTjTb10kuzXV6t30fmrs+ILG5uba4AEhRBMGOG25KsGBJJwOdobOVI5HA4+7NA/bk+JmleDvD/gVGEel+H7hJ41hlYm+mhVUga5hctEfLVQoAQfLjPzAE/FFvpEl3cpFDDM8zOQyAEbiW2qMnI5+8B1A68ZA7CTwVqOk2k9xdxrHMYVlhVRuO1RwWccoeAOQMeucGso1qMZ03OUVJNcsW7tX5W1aytfrZ9r9b/n2FxGKw0pui9JW5rq6S7v3bLTrfXtrZ/SsP7T39uarqmp+NPC2marcXrOzM0KhY3JyZCqqu9yD0xxniupsfiv8ABvxNYS2+oeHLnQtTCMLJ9NuJIohKyNiWQKQBk8gYGOgGea+BiZ23yNkngEZP3gxyeDkg89sfN0/hFqCa42EoSrKu7zI8ggEkkHHzAHPOCe56YB9qhiZQVScXD3lZylCKupWk9el23be2lk9LdNHM60KnMlCV7pqUUrqUrvXXrdrysl0PsOPxn4o8OTf2j4O8c6lCsQJhFtqM0Ukb8eXE480hsLgdjkHPevR/Dv7eHxu8MlYdW1Oz8V21ugt/s+uRpdlowNpXMgJY9+ePrXxxoekalfWaXFq5EYdjLK7Mh346qMgcgkd85zxisPVIJYLhWeORHRipwpaN2Ukbg3PJHPGMr16Grw+cV6U4xo16sdVpz3i1ZK/K7rtffXRanoyhiqsFWlR9yWqVrxatB3Tad7PqtN10dvvjUv2y/BfieM/8JH8JdB+3MVllurSKOPzJ9wJO1FxjPOO3SuA+LH7RNh460Ox0Hwzph0TTYIAt2gkBUYAXbDjCqvbaBkKR0AIPxgP9dkKSzEgjGQD+WFwB0Jx1GM9en0zSbo2F1fTIv2ZDtVmxtJGDgZ53d1xwWwQATx3viPGKEqfNTkp+63CCU7Jxb95JO19XqmlprqcdOkpzajCKk21qlZbdfSybsvRddiw8RXdlJJ5Tu0juDvLFlcg9SAOSwwPU9TwePR/C/je4tL2C4kDM6TgNs3fPnqMk9PoTz16EHyW3hge6iW03zqXC+WBgl8cjgYGeuRjI5xXd6fplxa6lpy3ERSJpwxRCDtywPUYBwSAc9cE4PzCvWyLPZ08TRU6jS9pCMveutZLTR26J3T1100ZhmeVTq4SrOEVJwi1Kyuk7RcVpdK3l93f9Nfh74wTTdN0jUmk2tcIZJ183DCI4IKjIIKn8uo3EcfZPjm28BftafAhvCnjacWvirwYsc/hnXEYNcLa7iDDM4O4whMb0ZiCMYycY/MGC/jtrPSLSIuhurUIGwwVSwA+QAAZB4IzgbjxyBX1j+zXdrqPi8+Erm5aKLV9PlsZ3LnAZ0bYQOzk7PmPPUDBxn+g4Swua4CpQr0o14Tw9lGSunNwi0lfZtJyTV9eujPzfKHUw+Z0qDlGKqV405bpPncVZ67WTduj2ts/nH4w/smXfw60JdV07ULO90wWMJt7q2IZtTdwC5hgBMm+M8MRlmbnaWbFeJ6J+zb8Wda0y01jSPBniG8s7toyl49jPBColYKg3sqljIAQowpYE5J7/AGkNevvAHx10CL4jQ32veFfh74pEkum3zuNLn0xJw8cc0LArKjDG8EEFT0/hr9zNL/aT+EXxG8N6jr+mN4L8KWkP2SwsNCH2W2IaURx293bW0e1VSIgM25AUJyeSa/z98ZOPq/C+aPDZLw7UrR1jVlzTdOnOEnFxlyRk1JNXtJpbNPt/oD4TeAuQ8cUKWKzTiGngLOnH2EPZQqSuovmbqyjaOvKmr2ab1uj+fzwd+wf8X/E1nGdTh0zwSqXVvZvP4jvVtJJWl+YtEJWQNuyuV5PzDj1+tNZ/4Jo+Nvhj8N7zxxqXjyyN/HaJcQ2TJ/o1xASdkltLna+8LwBnI5AAIz+sHxR8O/D/AOJvwkl8M6prNlZX2gzxeI5vElhIBvMSJNDELmORSUcZH3iE24zjp8y3Px+8M6h4G1fwXqV5e69oGneI/DfhOz1udxIlppzTRC7WJ3yJWbcQMcBQMjgk/geH8SeL8yrUK9O2GjCvFV8OqTaUHKL5HKV3JqKTuveb1Ssmf1JT+jX4aZLga1PGYeeLqSoSWHx1XFXqe1tyKcaVO0FFNcylJtNdL6H4965pXxN+HUtiuo+F9cl0jVFWSC/uNMnFvfRrgk2zomwxsN21wSMY6giq/wDwsfwnepPp+raLLa3iQMI4piwCTFDhiHw4Zeq8Dj+71P8AVn4Z8QfBXxXd2fhuOy8O654d8KeG4YRfahaW1wtqltYRS+SodSvmO25Tzuzkkk/Mfyk/bJ/Zg+Gnjbw5r/xM+HPg2Pw7dm7uVXUIYWSxuUtkLysIUACLKFYxuFwMgHAHH1vD3jFLG5hSy7H4PE4NurGnGvzPli/dcE9lro76W69Efnme/RyxGU4LGZjkeNp4ijSo/WFgsZRiqjpSip2p1YyaclZ2stFZWufkv8E/iLqGi+Op/D+bm50zVZ2WISu5WA5BBi/hCgNwQAPUA4B++obvczFsxlgAhzlWbqG5z/CPXjJOCK/Mz4ZeJdF8D+OheeJbf7ZZxSSWkcigFoXQhGKKckAMoIzgFec4GK/QNfE/h3xJpsOo+Gb2JQ4Q/Y/OXz5WyF3bGJK+rAdSCeSOf6/4N4zw2HwVPDY7Evnc1KlKbWkJJJpyfRp9X59D+RMw4Sx2InipYaHNUozm6lFJqUHGVnGy27Ldt7abdv5rg7lZVlGATwocBuOox0/BueatLqsiAqSxC4GWB+8QcjPTGT1OOpHGBXOWUd2YFkkhdxIAuPmZlbOc7gcDj1AGcBc4OK91cSxSLvVkVCNwbcwduoDdMcg4wTyQc9AP13B4rD42kqlKopxet072uld3Wkk01fZ7XUne3weLwmOwUuWth6kGmlLnT0+Fu+l76v1t0tY7WPVUlCx7gqcbScsN33SD7ZB9SGbdnBxU0u2QEoyHA3MqAjoMAf7XbnGCcDGMkcIt9FIAU3LuYZ2jAUDg56DjoOQMkdTXTWUiyKkKFicgg9H2kDORnJwchQfQAdsTWoOCcuWydnzJ3STavo9d3a/y8zPDS9pOMZRUfeSirb3aV27Ja3223S622DI8aFQ4RdjMMkqMbSx+bI54PJyfb15P4efFGx0v4galPqNmus2lmkdm+nPINtzAZVWcKMsBlNyjbgDJ9M1s61NHp+i6pcShx5FlcyKxyCWCMFyDzxnngAYIGRmvjn4RT3Gs+OtZ1O6aQxom2IKeN4YFeCRwWzk8/mAT8xicf9VzLA4eDblVqcz0S5UtNb/yvVJ6aH2WU0fYSVWO7tby1Sd72ta193e67n6cfEz9pbx34w8CWXwX+0wWnwk0HxDNr/hfwqqR7tMuLpWaQGcgsyISwA4XhcjODXz7q7Le+HNakkQvssk8s4I2qGTAznoOVI7Y54GKg1sIZLXdEyySqrOfu442qc4Bw3BB7njuK0r6Jk8Ia+UKjytOjJJPJBdcE44yCMDHHt1r9M4ao03j48sUlKam4paOdTlcptWu3q27t77PQ/R+G+SePhS5UoKaqSja95ylGUpNO3vNu7ld973uf0d/8G9KRtf/ABj3o27+ytACksRx5UnykZHGBx6EgY4Ar23/AILow2zj4WIwcSC2v5MKwOzaVOcMBkjpkYyccqOK8P8A+DeRy2qfF5XYEtpehtgAdBEQPu8jH8WQOmCM816T/wAF2bq5XxD8KLRG/dNpd+5TcR1cZBI5JIGO2RkHoM89fC+18YlBapZfGelvs4KKXRLSy10vvu2etRhGr40qEUnCOTyko9G1l8V/6U72WnkfzT38rrfTSLGFVlAIJ3AjlcAdeCM8cfMMZxVYxmSMyGMjB2iPPy7eMEY+Zhj5SCfr2I29V2xXRDMgQx9geox9doJH4HPFZ8tx5cJO5OSMN/AecHGMfdB4JztyNxxgjys9w7WNxMuazdap8kpRum77300tbp5flvENFxzTME43tiq/u9Fapd3ult0VkvxKCabHGwkjMiSliSmTtIPJzkHHBxhiCBnsKtxu/LEhcMBsdeAucfTJwSDjjvxVBNQdRuY45C8Z4U5/P9MD16VHetKR5sBaUoFBQH5Tk5xjBJ27cgA4AY8g9PkMRFxaT7qyXMmtU97yvq20lfpdKx4ahdKME9bbXi1tot7u+6SV7vQ6O2UT/vJHVSrYAyMEewI4KnG0nAHQZNaES39sHm81lUnALNuDD+Hkc8A/MxIHrzXNaRqMGd88ZjVCVKHkknuwBzwc/NjHJ7kE9eL60aIhfnKsA2TgEZxwpyB1PIz2HGcV59ZQcbvS6b623S12e2/mklY2iuWF23GyWvZLRWTs+2vrrdo/Aj9qi51Wx+Pvimc3P70XCzxujBQgAVlxzhShXscg5GP73S+Mvi14p1j4SeG4r7V5Un1K4XTWuVlxI1rAo2Rvg7iMKSctgkjqeRr/ALa2hWsfxsurm1iZEvbSGV92VRpCxBTcFywO3BA78c9D5tJ4G1rxV4H8EaNodhLd32p+Jv7OtJGJ+zC5uD5cAeQ/Kg3kEkkYUjqK/NsZGpDG1VB+77R6atPmcUnZX3V1r0emmpzXmqGKau3qo2k+rjsr3b0tqlZN2sz9gP8AgnR8SB4w+Ft74bvYTcyeDruS088j95NG2fLYnvj+9jjn0yf0JvLV0jLwxiMMgK/LxnIIJAzjIz1PuDgYr88P+Cc3wc8b/Ciy+IWjeO9HlsNVt9VigliPMM9uVVlljYEmRXVh+8GQR3PJr9P7ixWQeZGHSEjYflOCQePvAZAOAMZzjnODXFnWArToxm48kuVWi1qoq1nbsr9VfqtNV9Pw3iVLC0lVacnpsuZK66+TX3XabueZeXeRuksaGUnd6gMw4AOBhR79c98bqvRaje6fcK88DRxkZH3lAxwCPUqw4yf4ec4rumitdqpJ5aOfkG4YBKkdyGAz97PJxwMg4qw+jrfRCH7P5mPkaRQGIXdnKk84AA9eOc85r8lzWjywnGrFtXd52vG2iaa3Xu9npruffYKpyJOnPW943tbRLpbSy7t2tZW0v7H8JvGMEmy2nuBibClw3I4yFKNwAM4x/Ec4AYivp+ONreGK7s7hmjmGWCc7FOSGbDEZORkDJBHPGSfzok0jWPDG+9s0na1Zgx2Ng/Lnpxn1z8o9+te1eCfjNb+XDZajO8MgCxlpWySFP8SE7c4O5iRgjAI6V+H8VcKwxE3iMLBNSTcorRXdr/Lor2vve9j9HyXOnThCnWlZq1m24p7W12t6bt+R9i6brKpsjZ9z+ZhSWYsT1+bnp3BI9QeM161Y6okFukju4lWESK6sxI3Dlfl4BHAHzdhwor44sfF+k3F3HPBqAI5Z8kbRuJ255wB1Uqc/kMD5r/a3/wCCg3gb9nHw9HoVndLqPjnUIAbTSYmDCOMggTTuQQozhtvpmvxnPOCMXmdSGAwmB+sYmq0owS105btt6JLRu9tNbH3uXZ5g8FSqYzGYiNChGKcpSkuXRR0Wq5r7curb7rU/WeT9oGz8DW5l1TWI4LaFX2pPKRJtjDEsVLYIxwSDtGNxI4z4r43/AOClHwu8L2vnXvi+wJKSNKLSZJGgiTqWQEkMRnnLY649P5Afi1/wUE+MvxQmu45b+ays71pUk8lmjRYHJH2dGG3A6qSAWOTz6+9fsDfsveAv26P+Fm+GPiL8cx8LPiHYaVn4e2eoXMjWeuySKflaJ3Q3TLIRuiRg+GZsivQyb6M+GlTWLz/EqhTTjOpRoJO3Na/M0r2SurxTtpruz5LNfFvJvbujlmXUMXVXN/tFaly3aUW7W1d7Lpre6u2z0f8A4KOf8FBdU/aK8QWGl+H/ABBe2XhHSBcpYWttdND/AGnKxZTNdJGdoVlzgnGVPc4J/Mj4cfEfTdG07xPPqlzYx3SwSx273y+YGSQHe0LvllkZsAFWB4x1YCvor9sv/glv+0/+yVPav4ysX1rwvqCPLovjnQEl1DRL23Dbo5LyWHzF0uR0C7IpmJOWUnHFfl/rFpqENpPpV7Ky3AwpcIcAISPml6MTwdw9OexP9k8CcA5HkmRYTCZPSisHRjFRnBRcpSXK5ty0vJvfmv30P554v47zjM8dVniYuipW9nSi70400l7sUnpbpo00rd79trvjvT9U1qZrVRaW9ypjfynbbI2SWmOCcF+vIJPGRxXa/CzxfqegeKtOfTtTmjt3u4ozGk+0MGZdzBlYFXXOA24AE/NkDNfPFv4U1q7e2TS7eS9Gxd7QKDtH8W9QCRzgnkcZJJ6122iaJ4g0KX+0RYXqrBKokmeM+WrA5IU45IKnGOCeTkcV+j5hkssbllWjLCqVH2Uqbbg3F88ErNWalvfr80j4PKcwxMcyo4qrTlNU60KlTkTvypxcrJPXTV+fW5+0Piiysfix4V0vSvEC3OswWcUYiuL24ea4smdBhoGkJ3IGGflI/wB7BIr5GvdP8bfs9+LtP8SeFtX1HSr7S7hbjSNc02aSGSFQ6FYZWjJ3RlQVKNlSP4TyTmfCP9oVtMaPSvFcjixMaR29yyMrKMgbX+7u25zknOBmvrS9tfDXj/S5oEkhu7S6hEkRMivtDKxSSPuCgPKnJ469DX4FgqGacC5l7CpQtlFWs5WpwUYQlJp+0iopKLSSbXlZn9A5rw9wv4g5K8RlVeFDPMPSi3TnKMJylDlupxbWjbsnr1+f0xof7TnhL9qjwVY6f43az8O/HHw9Asema8zxxxeKk2BfJunBUSPJ8v32LFmODkk14x4j0uCG4a01bT1tNQt2Iv4DEVKSn7skTAAvE/3lILAAg8ZIH56/EDwf4k+Hmrxy6XJcR26XIl0zUbcurwyRsJFVZBgqMAA5I6Hv0+5vhp8Tx8cPC8Fhrv2ey+JHhiwjt4ppCqHxBZ2yBcy9PNuAB94hmJ+7xjP9S8GcTUcxw1OjUlCvTlGKoyvzNXUWotq/L6N6O8b72/lDP+HsdkGNqUqtKdKUJOM4SjaN7/FF9Yt3vba/ZnJ6zZXKMqWcERWMkKCPn2nOMgrkkYypJPA5HNeP+JtAuHLXLWW0FiJJ4VBABGSCoyeB97PA+uDXuV9eW4d0laO3vbZnWeKQlGWVMggKSAQDkg7cD0zjHNahfKttJGDBILlAJG4ZPmOCeu0MOmcc9vUfUZlSw8vdsl2taOmijdKy3sl0s93o15UKspWd22tbp3WqT1Xk9Oi87M+WL+KWwmVrcFwWKhtmScYyrgAHAwe4yob2x6t8HPjPrvwo8RJcRGS60G6mj/tSxDkJEjsoMkafwkDP4HjJbmvqOlxmWaMMhUMZUZFU5ZgMg54zj8QQPmHOeVaxtzM+yINJgCQkcMGJ3HH0bI64GecV8jVw/I/aQklKDvHXV3tok7t20dt7Loj6DKs0xGX4ilUhKUOVxfxNW2006aap7q1ne6f71/CP4s6D4x0/T7qxuA8N1F5lo28ZTcpJgk5yHByADngcnOcb3xtP/FFapNlRIlqAMjJKOWYgYzxksMc8/dzzj8Y/gv8AEy/+GGuQrNNPN4eu5lSaGRiDZHcP3sQGdpBOQQMdRgcV+onjvxpD4o+D99run3KXUD2cIimRhuKFcHeCSdynOQcN2wCCDaxCqUakKkoxqcknbumlttqt72V9V0P3PB5/RzfKarg4+2hRtUimubTead1683XVdEfJq3yooiUqqkxqOPmPcnG3CjJJ4PIxuNdGjRNkbVZiijO3rgLuboQMAkYySD0Bya8et7qaf7LuaVWfD+ZxyQwIPYkDkjGRx6fNXeWIupIQ0E43qW3guflGCQQTzye+D09Oa+acLSV/Jb7bNN6J6d1JvTsfFOSc93rsvdj2a03bSdlZtN2Wxtajb24DOEDbkVckHIJxnPU5xn6n61zc9hA0jRsrAFN8f8TE4+bjkFcHJ45PUDIxflkv03rNtlQKrs2QSTjA4GeBn6HHI4ANJ9SiaY7xtYxhQTn5CQeM57cnrgeo61LjeS0Svq+l3dbvVWTSezvbrdjaVrtpLrdcyl13011s3fZPpcyJNKRFaRQ0bZ2cMyrz90gZBzgjjnB9xSG3voF3W9zICMq245XB59euOORgluhFbAuY5AULKwQE/KVOSPYkEfN9/pyBjB4LRPGR03lkIwAQAcDnttGAfQYOPejk5mndxVlazdre7stopNdPne2sucfdvqml6dNVskl5a+dnpgSapqsJd2UTqMbeCTnOMqBgc8HI6Zxk81wfiDWZG8SeF57gtbul3IihwSAWz1OQMgAjHUDGcfdr0eQxIjNtY7eFLDJBY4b5Sccdgc/TqK8t8ZGGfxN4LtmQyLJqQ3cbWySCQ3AJAOdpJxjJzjmq1ileV9UruyerSsrW2+bb6mVWUHFvmu7w916JbLsvPdu7+Z9D6br7yBE89GQRlcyEAjJBbOcNjIHzAnkj5sYzsW2sxXMxibYAUOZImBBCnaqk5P8Ae5xjjPIHJ5v+x4YnLiNWBVUVPusoAKjoQDnB9ehJFQHQ9rq6SS27AkNtJ2YHK4wc9eoByTn2FbOc1Z3UlayTUbbLm03X91uz2aa1MX73ZvZN7bxul8r2u46dep6pbXFlNKmHEZEe1y4UKDg8DBGNxAwOffjiooUE14YDcKIMZ8yPBw/ZQSe3Tjjqfr5uBq8e4x3KOqgqwYEFscbRnBO48gknPOOoIrtqupRMo+yyD7r+ZATtAHJyB3PBz06Z9awrVG7SlHpvvZ6b30779Nnuh8sopWjvdqzTVlyrazWlrW1S1SaVz28WS+cSZWDBOIgxPbAYZbG4DnHHvj5jVV72ezdGV/NPIYMGUbc/KvH1wML05yTXnln4u8nalwLnOSyyMBuIX+FsDHY49gPXI1j4ktrl1mW4i+UBGSTCjBOM4Jxkk45+6Mc4zWCqRcUpK7a5LaN2ly21t1V9rt3TREFJzjo/s3VuayfLbys21r599+8OqQEjzYCDsXCc7dpzuBxnLKTwM49yTXk/jt4BYn5hh7yBkXgKA0wBJBznrgjnG3OMjnp5NZgDNJuaRdm3cuCqk4zgcZyRjnphscVwnjia3n01mj3BzJEQxBYhQwBJU5xgjcCeBnd6k8jvduMrWveKeiffZPy7X19O72cFFc2rTutG09FurJJve2lnfZnuFlo+i6jpNmZreJ3FtbiU7UIceWvBKjpzjjofcCsDU/h5osoY21ukKEfN5TbCDk8qPlC8DrjvwMc1FoPmNp9ibe5cBrWEEOcB22A4GD26A9Onbr2KrdRwkyLub5PlBBQLjDE8556kAkHJGAQDWylNRim30vdtbKNrrZppJWVrt30OetNWSW6a2bW0VbZ7Wennfe2nk8fw7v4bjzNM1G5iiV22EPvCnHBwD06DPrwOSKumPx9paYgvWuI0kGFyQx5A4Bxu6Zzz2Hf5vYtGEcwEOzYzM2QCxOO/GRg45PqM+9dPJaWjhBhMbQuQBnduOATjrjI5yM/nVqqnFc8Ps6t20SeyvbRW3a79znknyb2XWz0+y90l369Ndjwqz+I/iywYRahbXEqJknchZW2nkbuAMnJUNjrxyOO+0f4z6VeBYNQtPszrhd5YgBQBlSTgKOPvdfXOCD1Q8P2MrOsmJYznI2g4yMYHO7knIOSrcAcHDZdz8ONAv4ZJPsSby4B8vKnk/ePIDE5654OfvVcZU5RtJJW0V+2nd7v7umq0MXDzu9Om707y36Lp+T6K18VaFqnlyW19bhBlfKkkBJ6Ekgj5hxwQR9O9Ld3EL4jimVoGLu8iEMq4Py9N3y9Qc9AdwxyK8hv/AIV2kMsj6dd3dq0bY2hmI3ZOflBHAJPJA4AyTjFclc+GvG+lH/QdUadSzERPI2HGAApBOBgZ45NRPDxmr82zutbN25WrJN2u7aeV0lZ2mDadpRdk9GnJ3V1e1ouyutU2mrpaanMak0S/EHXjEd7tGihVBDDBHPUjG3lj0GTg4Ndc0qSW0ZbKbQN0gBDD+FgwPU5IzjOfoK8HGt+IofFurTX2nyvcxhUuWgQ7xtXGR1O3AGexAJ6mups/iFYojR6hHPb7mAPnRnC4zyBgEjI+YNg9RnrXM6cvd5Xo7JbNaW3tqr3eysr38jrdRcq1Sva+mjfuu71fa17dLp7t9drOlw3FnMmYjIxzEQCsmTtKs2BjHGMAcE5OeBXCW2g6jDdRSQ3HmS+YfMjYhQMfKACcDnBBH8WASc810MPijSrwsI723kMhACs4RwpGRjJHIJBzgnIPynJFH9qRRJK0dxby4KkbWBYHrksvzcgKTgYA6g5yKlWqw5YOLaSs3vZJxd797JKybvta5m0pat3va+vSyb6aNW0S30W60LuDUGjLRQxt5Y2tESVIbvtyfU8nI7njvhyWGpKrNNYvkqDtjIZeO+MYBGOmcnn3zonW40d/mWbft3NuKmM9hnp1IyOWx3PQ6VvrEZkjVp1C8ZVyGXGDt5Bzx8xxyeSNuRVQxNSEXpzKzaT0WnKm/Sz0tZWaSWjJUIyvFy0Sbs9Fdct3Z6Xs1ZJ9NjiJLaZJEZ0kB3EgSRkjdkEHOBzz1+vtVR4LWRpVkgiuCepaPYE6ZOTgkgA5Ht6mvWxfW8gHFvNGRl3ZACFI2ggkA57cHAwOtZ81rosgnDRRZbO0hSjEk5J3HA5yfpycjPOtPMJNRhNO109Ltp6O6eq3Wrfp1MvqTlfllq3tda2immn0S1b6XW+p5s2n6MqMslqocMuxQG4JxxwQCAT2+hJxX5vftAXdv4e+K2ranHYQ3kMFjZGezuCrRTWzAq64b7rYJK8deOcmv09vtJtQ87wSxgbVYozHcuCSAG3DBxwSOvyj0UflP+1DIP8AhYevopUKNKtBwejbTzkd+AR9Owr08HiFVq3jNu0XZN6vWPxJtaXXZJaaM8rM8K6GHvUu03ppu7q3dJXV7rTy2ZwFz4T8L+O4Dq/gSRdP1YIJb7QbiVRmX7zi1DbS8fJPAz6e/j99bahpd3c2V9C1pLCWUrMjLgocHaWOGyAMYyB3zVW1vLzTbiC6sLiWzurSMPHNA5jcEdAQpCspBOVIOR+GParHxZoPjext9I8exw2WpMqxWWvxIqBpH4VrkgAkbiMsxBOc8DFfQq03F/DN6Nb3Vkr9W9NbP77WPiq1OMou109NlZvbR3d35NdnqeJLdAFicEkD5lUfnnIGD1GOo9q3rGQyMI3OWCoAAckMeVGQAcZJweRkgL1zWx4s+H+q+F3Erquo6TPhrHVbIiW3khJyhZk4BwR99uOeuazdCt83sbYLKAhkB+YAkcNlWy3vz0xjHFdtGpyWU/d0td79FfV66/NWTufN4rB1G1GKvdpPT7Ktd3eja+Tu+hsx20rvHIFKRSkD7vzZGM9cEfkR8oJxXuHw/h+y21ydrB2mjyRgLtU5+Ydjk5HzcZPUjI85mxGdkeCQWc4UYAOOcjgAAjPHB4AwTj0LwfeERXEav94RYUDgM2ScjICsScY7H5iCWrgzCpGpQqNNXSbvo76q61v6aO1mr36+lktCVHF07SVr3lfV62T69/eb2Wyeh7NuJt5wHAjKMDvJJXeg6AEEEg4J4xycYGaw4bXy0hwYwryFySSSuTgqDnjJ5HAzn5s4GNhUZrNckmQoSdx+U/KMgYwQeeScgYIGeazrOyLSBWXcjRkkgttj2k8cdyOhyQAATxurycFs9GuZre11flWvltd6a7LW59rVcpSVk9HHR3s03G6vqrJ3b10fK7rc3/2lAI9F+G6spx/wjUxXrggu/wA3PVSBzz1GODmvgHUn22VwFfAVD16kFj93uRnpnBB/A194fGGLV/Hk/hHw9o1on23RvDyoY3lCNcxO7YeEMAzlVP3VGSeR3r5S8QfDDxHawz21zDLDcROfMt2Q+c4DYBjGDvIA5wAec5wQD28qbutnZp3Svflas9dbt9F56Npefi4VKspcickl0sndqDSdk/LVWt1PGjudrUooV1iycgqRjnIGT3PPGRj7vGK9W8F3kUNhO0rKEDHGeCxI4GCOnO4AkA5PAxXMnwrOsqg5V4VEZSYYYkZUgDoD1yuPvcEenRxaf9l0uS3dlEwdd2chmU4yFwQM8kY6ccZPy1hJK8ocrtbS2l9tb9HbV6P8GjyYUakK0Ze9bmbu7Ptbl0uul7WvqtTvtO19lEU9q8i3Fsd5mR/LlCKSF2bSM4OCOSABg8ZWvq74XftO3uh2w0bxjaLr/huTMTvMUmuIY2AU5VixYKD8oxgjvwTXxVpcCxyxM6hFZVRlL5ADAjJUHPTJxwT1Bzg17lonwufX7Z/7DvImlwsrxs4VhuTlWG7Ax973GDgKc181mFWnlU1XjKcac23K93G947xW21tn6a3PtsCq+NcKcVGUorZ2TbVrdFrpotHdp9NfrPxL8J/APxT02TxN8I9XtYNSmhkkn0GWVEZnZCzbYnIZDuJA2jngjbwK/PXWvDet+E9f1HT9a02e0uYZHUoyOAWDsCw4wynAIYfUEjGfftO+Hfj3wzMLvw/e3thqtoVkiubS4ZIpSpBCsvCtxnIZScde+fQvCfj7QPG13c+Gfjjp8cN9DcCzi8T2cK+bHPnagvCFDBQcbnJ2/wAWe9d+XY/Ls0oyp05qNW6cpRtyO6WsldL3tujvcnF4CvQrwqzhOF3aKd3zP3b9r9k10V27XPjyG5LalbMMjYqAqCcYz0x17+gKn7xySD+hXwC1aCx8P6gJGU4glw24ckgHk8njPXHUkdDzw/jz9km8WA+IPAWoWniPS2H2iGXTJ0mlMQUMVkjRmdnAwpwMA4GTXmega5rvg5pNGvLSa1yZIpvOjaNwR8pLIeWO3vyCeOcYPwPiHw3i8yymeFopyXPGXNC9nGLi2m0nq7bJ3s3bqfX8IZlTy3MfrGI+GUZxvfrJKK7Ws9Nl0veyS9O1bUYLrUbk4B8y6cq6FcABipUEDJ/DjryeKxNRuE8xogrLvTawjIY7dowOmO+DxyOo+Yg8k2swsZJkmBSRwoLAKd2eWU8YYZHI6/mDn3Wuus3mw/Ou3Y7E78lvlCg5yQAdwBGAeTjv+UUcmxVB0YpzpOkoRcn0UUlsrOyd997Ppa/21bMsPJzbdOXtHdK6tr5dd9nbs27Hrt18WfAukfC3WvBOqWUVvq97p98kN7MybXWRflG05LPnsvzc89sfk3aW6y3dxglo1u5RCwz9wuxXr1+XjAHPKjGDj7mn+GGq/FXVGttOa3E9lptzdvJLlRFHHE0rB1GAXCLgDg+nO2vjOxsnttRvbWQIZLXUJrZyuApaKVomK9xnaSB1Ixkkdf2bhPLll2V4iv7apUeKk5z55OSjUUYpqN9Yp62s7W0Xn+McXYqpicxw1N06dOFG8afIrSlFyi05b3Td1e9+mmp/VF/wTB8MWepfsa+O7KW5RDqFrqXmQvsUKqQnJVsfK5I3e2B7kfZP/BL3wf4b8Y+Cv2g/Bni7wVo3iS30vT9Rl0y91C3ilvbZzFc5aC5ZPMjJZVIw2ARgYwK+ef8AglT4Rs9a/Y28aQyNJHdyTahHC8bbXRTEzEKTnA4xnoc7cggmv0h/4JnaL8PI7D4p6d4TuNTTxl9h1e38UW1+cQTRxRzrazW+0AfM+dwwSAe3AP8Ak74g+JebcN8ReMsMtx2Y08VQ4vy6dJ4arWisNFV6cJSc4zXJGSuuXS7cU+h/YvDeUYPFcK8NSxdGlJLKoN81KM4yvGLak2nZJJSb1ur26n8Uvxe+N/xH+Hnxf+I3h/TNUVbHSPF2tWNpp9x86QQQ38yxxYwT8qbUXjoMHjAFfTP2x/EiKsOveHdJ1JcAu6Rqsj4H8QYHOecjGeT2Jrj/ANtXTzpf7UPxrsBEEaHx7robjI3fbJGbgZIPO7r6E96+XwjykEfdHy5QfMpBHYjBPc9TnB4HJ/2J4DznG5nwjw5mFbE1JzxWT5ZiZTnNtuVbB4eo5Nvmtzc7bd7Nve7R/D3F1KnhOJM3w9OnFU6eYYmnBRiuWMI12lZK1opR93R62trv+iWnftTfB3WY/L8W+AI43cYZoIUI4HVWSPOSc8Ee3fNbNxrH7KPjG3JjmfQZ2iYlXzCgZgML84IySc4I4GOMECvzV8ucERnjIJwQdxAHBHbqQcEHdkZx1EV5EDbTkA7hEwDHICkDrj8gMYAz1zX188XXduacJO6Tbir6OLu2mn36PR6XSPAp1aaXLyJpJXT3+y+u11bVaa6H6AD4AfCjWLSSfwn43sg0rtJFBJcwuq5O7PDKB6HdnJyCTXCav+z/AK1pTSPpmpafqSohI8mVS2DgkgbsdAeg4zkAY5+MfBV/fQq5ivrpSsjKpiuJE3juuFYAjjO0enbpXrmm+OPE2lmQR61qEMZxgNM0pXPAX5i5HPQ8YCn7uDXlYvEpLlnTvezdt2m1stL+nVK3p6uHpUazU/hlGVm7K/2W+y1subpp8j1ix8N+ItESRbuyuB5QATCtKhBBUgBcD16e5J6MJtRvbw2Rha38mdUwsj27oSSe+TnnBGW9AMkVjaL8U/E6QRF7xL8upDx3Cr0x1Zvl+8cY6Zzkk9B2dl8VYolCatoFrd7sszoqcDGMHjJGMkDPJPI5Jrw44PKq1T2lSE4zum7d04O70su6attutj2o18VTpWjV9y0Uk29vd8rJq61vdPqeM3FlcsWlYxuQRv3BQxO4n5VwuAccemeT1J+3v2YoNLuPE0UF9eQxQNpqr88qoIpCTkqWxluSCOO3YZHk9j4r+GOtpIt7pIspZDsOYjgMR0UrgDI7DqQeMZB9f8I/Cvw3r8trL4cu9SillTzI4rMyrKSMsDF5Z3MAfmIyOmTwcVzcQ5RlOY5dPLpZlTwn1im4qpVlGO6jblcnFPbVXvsispqY3D4+GLoYaWJdOak4QjKWt1a9r7p20Vt76o+vPFvhO3/s67XSL0zXGG8p0dXVxjcG3BiCADjB6ntjBryzQfDnilQ5W4QNk7ASMlhkGMemCcYzjOCvHTlm+F3j7SEmfSvFesQojnMN8k5C56qS+4AZyCBxhj0P3X203xn0kCOzl0/WkR1Doww5xyegA55LccknjIAH41iPCfG08PKnl2Y4DGwk+dPni5P4bXcXOKX3a6pn6Rh+L4qSeMwWJw0o2u7Ncui11sradtOW/XXyv9q+z1y18A6I15MrbNaiEkQIJDAHkDtwDk9Mng5yK7H4dtO/gjSpQykmzgUquMqwQdeeOgIyOfXBxXGfHw+N/GPhKDS9V8LXFndWmpQ3kl5bBnilCYBQgDIGAP0DcAsaHhvxvFo2jadplxplzata2yRSsFYozKqqWdcZ+bqVBGT2IBroq8DZxhuG8NgJ4de3oYmpUlGm00oS5bNNWafS33aEQz7CVM2qYhVpqlUoQgufSV1bTVO27tslfTS50Higt5dxI7BtrNuGcnIJHfr655OfQ5FeDtMy3koxhXfJL8ZUdx6kDNejar4u0q/Vgs5iLlgwkQ7d2eAQc8g4znv3GK87eVJ5i6PCyCQ/dI3EHGTjOeeSOBwODnr2ZLlWLwVCVPEUqkGlyq8XdPR326rf8Xc48fjcPiKqlSqxkt2k9lo1fW602vre+2hopgiMKTzwW54zknCjgcj5uR09etosVAXGCqtsUNgk4wecnI/vHIPQeuKMbkhSNy7WOQMNkcDcRgZAJ9ecnA4xUjyplGBxgY5JzlcA4Hp2xyQDwSeu8sNU5nzxktUnZO+6121T10um9PQ5vaJ2tqvVX1+/TTfXrZN6NkhZFG/JIyGwec5zgEEng44z19cVl3P+2TkkA/KcMSflAx0xj06Y9asTT4kHI2swwMYHGPXkcjjBxkYJFUmk3yODtwGUYCliCSPu8Y47gnHX2r1KNLlUfeavbS23wp+6vd2t0e7a11OapOLUndK17ddlG7Tey1XRuzTSsj7z8F6dG3gfRn8twVsN4IVSNxGSD1wMAg5OTnGCMGvgr9qQJDd2sTRFQlxbYP8Ad3SEsQeOu0cHJ+YAjPT9BPC89zB4F0dFiLF9OBUhCTkrgBcYXcewIwVz0bFfnl+1GbhpoJZsl/tNmMYC8GQ5GTjHJx16A5weR9PhG5Ul78bRhbrq+XRdLW0Wi93TVPQ+HjyPHPli23Npyasr2Xy7a3vpYzvB8xa0VBjZ5EedwyfuL198c5zwSPTNemWoDsS24RDBKgkHCjJwATjj3yB0HQnzLwjtNtbkYVikRKKMcsuMD6jnJ6DovHHs+l25dQylSTtRxgZwxHIHJz2OMgZyeAK+Nx9RQlVvLRt6tX7b+jXf7kj7XC0VKUI2u5NXST2/PZvTT5LR/Zvhj4CeJk+Dlx8YLrUbbR/D8JtY7Gxvl/0nVkmfZ5kCsfnjzkHAPQ9MV5abvwpfzSQ6lp1r5xMSl44fLlKEqHkBGSxXLHHYgHkgtXul7qPxJl+GXhjwnrN5cSeDYLI3VjZArsWLaGWQAZOxWPyZOMg9ScnyrX/hB4+sdDtvHo8I64fCs80KReIvsU404knhTPt2AepOFYg9sivz2jjHH63PHZjQpzqYirHCWmqfLFaU4Wbd5RbW3Wysuv2ksudOthY0MLVlFRpOreEnFt2u1pfl1XTz3en6E6l/wTQ8MeJ/2frf41fD3xHca55ukwXN3pUtqXeBpADLJG/8K27KSzZOcHPPT8rvGP7PfiLw/A0to0WofvHCGMBGXYSCCCATtxgADkj8a/qE/wCCa8XiLxz+zGPCuoSuLGW41LSbSYLvgWCa2fiXb8jRpk8cgHrnt+TPx38DXvhv4jeJfChXfHomqXcYngyq+WZpArBem0r842Y+9tIJya/mjgTxz4po8Y8Y8KZvioYv+ws1r0sHVnBRlUwiq2jeSX2U1yu2ru/X9izvw9yXF5RgMwwtGeHrVsLQlVjB3anKnCTctPds1JpXf3aH4salpOpaWXTUbWWGRXZWLKNnmAEZ3YGfm6AMQ2OOevrnwFt11LW71bvzbiH7OzQwtK2wSBvTd93ccY4GAT3yvoPxu8PRWFjOwCsWn8xS/B2ldzEcFjwTwcnrgcgVgfs02Mba/esGVVzHGdxwQjyAHAJJO7OeM/KSSuMiv7j8PM+p8Qxw2LqU0nJ++opuMvh+VtPy76/zRxvlzyh1cNCbdkndt3W3Vb8qTTt5W6Hy5+03PCficsNoqWyQRQxyRLyolCqCyYHoOnPYAYzjzS0dJAiPwYxuyq5RnznOcEgZ54wASQeNor0L9p2OOL4va3ChysN2qrkj7pAIyfTPUdD2ySK85tN4VWXABAXDHrkZPJ6kjgEnjOPQ1+o4ynGNVqC5IN7K2l7We630b6LV72Pi8DKc6Sc1dq131btq+tt22+79brfbWmZQvlHaCWI4ZsZAA4AIBwOo9x2pGCFreN1UGXLMyjjrheDk7txJzxzyF4PF/UI9zRdQA0ZOSOTgcbjjIPcqQMg9CQRAVLElfnVjgqMj5QR97PIAPII6jqc4NZx5rL3lf3Xa13ayum30u7q22qTttuoKUndWVm9bXbbT626u7SaS66lMWaMg+V3IOWXOFwQOhzgY7nnIwDnPFZoFb5FIQg5OV6kAYHZe+Ce2cnIG07EolRd+4FSNpXOAB1wf1246DCn1qswXeGK7AAwCtypB5yPTK8ljyfmwc8DWCuldq1k9b31tfX/g9bJdTFwkktNrN3i1e/K+W6TWj0u2ne91Za5xs5PLzlTywAbkKCSMkHp93g8kADgEk1U+yzRlSCMA8KBnawJ655IOeM5weOeo6GOMOOFIUAggcjPOeeeMH5cdecNwTS28S+YquhUAfL3YEOME578j5ePbI4q/dVnzb+aetlZR8l8td1axlOkrpJ2fSzty6rTS101p3as/s64yQzxsxkBJJ5IyVJA4AJPAySM57H0rL1TIs2yrByxVSqt1CnOc9sADpz0yQcD06O2QspbDCMKWjKg7vlHJHH8X4D8jXP8Aiq0t47CSZAAdxIwpUqQpxkDnGSMEYGBuojUjN26O2q1ettdOuqa2202M6mFlGDla+mqlutV01atold69L3Z+lf7Ckxi+B2vKZEDm+vEO7g58tuQDz69++4Cvy7+JChPHni1fmYpr923C5B3SknIAGPz5z1r9Gv2Smm034DatqNv5pmj1i4TYpwpV8DJLcsQCSOOenPb5v8Vfs4eJvE2v6zrOj6pptxJqN9LdNZG4QTwlznZIDhgy5APGSQQBzmvUyulF4vEvninyx333Wzut27a32vZnHmqVbBYeENeXm101u4a6X17/AH6vQ+WrPyxHuV2JLHOVbj+HpnHG4kHDZxzwAKvKgAEbFnXHqThySdufvD24DY784r1y+/Z0+KumB92gzXPltuD2p81Su37wIBByATgMM+nJB4q/8D+MtJULdaBqluTywa0kPQ4bnBHzNu5wcdRxivoHKLWji4pJOSku8Wo6RXZJJatW1PkquXVbqyndrmvbS6tvbV7ttN7XtYybBAGkkT5lSMk5wPmIKkBR6jr6nGB1FQ7/AJwxGMq2FBA6NnjJzxgceo5zxTUa6smYXFlcxOdwKvHICcAAE/LwOvrgDBOOKqrewq4MhcDkDep4c8HgDGBznPbkdwM4TipXcrXSsmk7NKOjuk+vft7z1S462BxMYwUYu2z/AA32ta1num29lqX41AYnBLBtyjORggjpjtxkcE5Ge+bqhI8HGckZ3AnjuQSQMcDhfvdMniswX9s+7ZLHuACtwRnqACSPvZxk9wACSOl1J4mG4SBAMAkgbCByeeCcZOMcnPXrndVYvqnZr7rXdvRq+vrojhnha8JJNNX62S2s/nvfXW/Xa0jMQrsAFLYHQkYz7EDJGOgBBwMYBzGXB6gnaAOOMcg9eMgHPOQT0wcCpWYu6bWUDG7HAJH+yeQTnGMn2JJzUbsUVg2NvBCkZc5ycj+7nPrjk8HitE4uK63tdb72Sb/C+isZeylrbmunrpZNe7pfpdfNt26tvB1EO8UhHVN+wcbdu0c9zjjkEYOCM8ZPnfgnzBrWpDcfmLfMpxgBj3GPlKg85yM5HQV3upv8jdzIH+QjAzypBI+UrgZ+bqOwHB8+8H8axqODgdDxkqd5yRjqeOMc55GTnHFVTVWm21a97dNkrN32astP8me5gG/qmITi01BJO+v2bWtrby+/W57ZFcvHG4KBlwQSSduQcDGMZ55PPPcdRR5/nMoIAJwN+7O3PODxxknb8vOOg5DVQZjGMBWPygNIeilj1YHtnjAzjtgEZnjZsDAOBguVKgtxk4zwPl556jp2rZ04OStHVNXbvZ/Dp122um99NNDxlUqK9pNpXdr7WtfW22q0fnZ6+9ai8reVd1AZ/wB4cg7R1BA6DgHPJycnqQB7LZDTYPDzmMRS7kTDMyhlJHPynrzznnjpnHHh5CqzMNxOC2OCCDkYII6jltvXGBwDipjqFxHCsYuH8tmB8oNlUAwcEAjBGTnOeTnpyeXEYB1+TlkocrjJNddvP1urLW5dGu6bu435klo7vTro/XS2mtn0T9Ss4vtLtESVld+FGVBLYyMe5HGfUHB6UFtNg+XIIXa+VIPynggDKjAPU+uOTjE0Ukrzqwf77jCseFJ7MMkkMC3GNoGep62mlPnEMRIMnPIAACkNj5RtLHsMgnOexrojQUUt21p5acqa01102d0/wh1Z6t3s0np02tZ2TuvV62tZ6mOLCV3lLEnc+UbAI2ZPLAdhnpnJ9262E0aWfzNqlk/iCgbiD04IPUEdc4H6a6gMBsQgtyxznKsQRk9jj14IzxXTad5SgFkD7Y1BC4BJz8rMR+eM8ZIPPNZ1UoRW8r6tW0S02Xd2vdt3vstLONaTcb6Jb6X3ta/La7TV9b3tu7nnz6fc2TsYzPblAvzh2Up04G3bnOQMAndxnPSsuD4k+OvCutLFouv3sJURukcszSRkY6MJC2fw754Ixj0DVpDNLLgKGGEUdjnnB45IyAzbj0GMDg+CeImx4hcEkYjyxH8K/KMDpxnHQ8cEmueVKNSEXKMdXFNu11dxWr3TtZ20b6efr5ZXq88oqbVoJqzbva2mu91Zu2mul09fGkZ4zlDhuD/EOVyRgA4OMZ5yDkcVY+1SuCCBliMtnkDpgA5xz3I7HJGM1U3H2P15/wA5478Y9KXd+nT24we4zxnHHU4r54+waT3JWLZ+bnBJz14x65wVPBHfjgekW4qCOoJ4644xjvn6enUEgil3fXoee54OOccYPpxknnA5jP8AU/570rJaJKwx+enI7du+O/PXOC2M9B3p4YEYwvPGSBkdecnvjoDz0HOc1DS/r+n5/wCcUW/rbt2t2/PpoBaVtww5wADt7NnO7t1/qckjA59i+EcHh5/EltNq94LYK+YRKitGQpyzEk7cnkDJJBHfpXjMbEEHhgpIAOf6HvnnHoBWzpl09vMpQkyOfLX5CxQuR0GOT0xx0zjGONItXV7+ivd7a6Navb7r73MaiunFaXT+5tNp9k2n020XU+6PF/xe8NeGrWe28OqbnUwvkW5zvjjYgL5hIyuehOM44A9K+ZrSz1Txjrr3+tTP5c8oluJpi2SrEFo4dwwEX5h8o5xkDJ5z9AjspXP2gtNeq6hTNkohznJAHJBPQkdgAeBX0h4W+G2t628V4YRHZKisrEBEIwQu5WwGUYzjB6AkY5ok4QScpKKTTu76u/a97p6PR6dldLKnGc706cHOba26XSvondW1u3ps79TZ0O20Sx09Le1kRLe1TCxwKB554zLJ1GTknp6twOm0lzdSQgWUM0nmfINysqqMk7EAPIxg8nnJrvNJ+Gui6ZCsl3cb5BmWVThVbaQQqgHOCSRjAyB/dIFdBGmn2SGO1RNwBKBowI1Ucgg9cEE5OcZHXFYSxkJfDDmfuu+y05bX0Tdr69reSPUw2V1LJ1ZqKfK2t29muvVWTv2S0dkcVpGkaum6ad1ij8svPGCPuYJAJ7ZznoT1B5riPG/ja40ixa10+cJNuEDiMZWNGYYJYH7+BnHXjHXk9n4i8VLaWt3BG0UkpjbARwpGRgyE8ZAPCrngAYwa+VLprm7vJ5Z3leyMhmdpHLBsudwwORgkjPG3ABB5I5Z1HUV3dbe7d6Wtolo7d7Nq/bQ660YYeMYwk72s5Xt/L0VrJ909FLW+717fVdQ1W4DGfcN43Xc5BYBQQUAxk7ucANz1yT0t6nqF1LALY3pt7OFwpVf3bSj7xO0DJz6HOQMgcZrKuNRs7TyfsLgsRhIo48+USfvOuWLM27B7YPUjmuW1C/kSaee5mwqg7jMCCXK5CqmSO5wG6DsACK5bSqS/lSskpO+lk+ZJNde+lur1PIq4l3tdpcyu+bRaLXe+rSvay1u3fRdSNY0y1fyI457m4G51kckh2IIG/IAAC5OMj5c445rZ0HWbO9vVa+mWyMSMUii2r5jxkbQSc5bkZUYw3GGOTXithqw/tW3UD7TFLJH56M5DGMsN43E/K2wkAgnH93CnPq3ibTtBF5b3Xhtfsy/Z/MurWWTzBHLsUsyycqSTyefp901NaFnGnea9pFpTSvCL03a7303Wjd+pPtHBq8rNtarZaJ3vu103a7vv6Lq15YahbmCZGa6khcxXUp2iLgFSVO3gjgHrnPbkeYzaTqlqUMDyXNsgMjNGw8vliSFBw21e5Oe2OemTp7arqk8arcggHCiSTCiJSN7NgA8dcbh8p9DmtS+1V7Yy28c/looFvvjcnzgPlZVXeF65BOOQQeDg1xU8POjLkj77bblGSbSTs+ZNaRTbvyvrouqWU8TOTkkrvRK91a9lfmXu+eu7tcqal4ighlgSOQwyRRKjQKd0SqcBt5xgyMQeAcHnOec43iDxJban5EFpZYljQI8qnaGiRWBKDOQACxduGLHqcmua1tEguZJCNmFWTaTuBJ4Az/fOGJAHUnoBk80+suqmWMqjsnlklSP3eQOBjr67eeea9GlhVeM4p33TSaV7x7bX6u7S16XMrzq73albmtpG6SSdlfV6WV29ey0bNMRKRG4j3K2WbJbcWIJI9wQeCMEcnJJrtfCmj3eqzB5JGNmmFlMeN7v2+UjrxjAI685rz1MXchPzvI5U4+6XYnnHQ85/Hn8fVNAnn0i0M77LZwQAhJJ2kAbsDILEY689cEkGt8UqiptU0lN2Ub97pX6RVnzNXfRaFT92MVu9rLZ25U7WVraLeS00T7djc2mn6Be262dsxuGIYuSwChzzwuCrKPm55zkZOMV0mka8iTTy3NyvkQh3QTsSXlC52Y+XC4PQg4J4x1Pmd14ltJ47hTdL5+Qy3EhBbjgKAxbDA5xg4Pc4rjp9eklhMcbM6lxufjLOTgnJA3bsfxA/UkEDzo4KdeNqvxOycmtdLbNSu+/V/hbFRk9UrSVr3s77XV072T0tu7Xd+nrmq+JzPNLNDvijwWKIF2ltxCklgOD+PJHWtfwz4rhuG2apMnkRK5iidAyMAMFXB6hucZJAJABAyT88nVrpl8kTgybzuwcnZnOM4ycjGACc4DZOSauWGtyRJICMscEEffc4+4TgKF9yf1rWWXx9n7O1mrO60d1bXRp3XRb97s1SqxSlZuzjurp3aey7bX0s97Hv2rx6Pc/a7xfsMUUyhYrdfkEqtkgheACc5GVB5AYHgjwm50C+N3ciwkiCPI58ncCyrg8biQfb1PPymq19rE900SJKU2jiNGYInJO7JOCeDkYIyN2eMVPpmqzC4ESqXxlvNy29iqjJJU8qD6tzu6itMPQq4aLam5p2Scn0srvvq3629NdFOVrtWV9LtNNy5d/iad2tNbd9UcxcaddWczwXEEiy5GFB/iJByAOozznB4II4Bx2lrosF7pREaFrzyQys6nCFM/JnlQAFBGeSepq2bpLotLK6vMTtXzBgAc/MCwyNvTLYHoMZxnWGp3dnqBjjctBKzF8fdZejbeuMk9M9Bn1rapOtKCcXaUfWzs1vqkr/AD3WvbT3mk42TVm92vsvV39FLR9XdOxkWPhy6uL2O1mUgFgjsCvyZb7wzxyPXOSDyeBXueneGF020d7IKzKVXcwBkMirlmHGUAyfQkYIz8xOFftGNLhurSDYXdArlCHzk5DE43ck45PTH039Fu9QkWG2VPOuJQSWJO4MQeG5ABA9e2M+g8LH4qtUpqUWoxi3eN1yuWl29lbqr6b33RNT2k+XllZW6XSbla7te1lfb+8t9bYPibSNSu7BfL2yyZMkoRfnBXsc9eoHAzgGvI7WxuDqdqHglDreWwOEYYInTJJwQCOCD6gg4xx9HXd4bLEd1AElfcAqKS7HOGZ+wAIzznjJGMAGtp2ltfbZYrOOItd25LSAAECVWypChs4z0HJbAPRaMBmU8NTUZwi4tpRakknsrJebvpv59W6UpuUYOzV0lZtNWUVpeOvfR66fP9YfCChPCfhpWXaRodjkgEsSIl+Xd7dMMTxnHv3ClTGuBgsuAduSSRzkHJJxwWB+Ukc9a5HwxGw8P6Er4zFpNmCnRTiFQWGOCeSVz2z3NdlDbK6qPmDH5kGcgKuDnOMAcjAJzzx6L9TQrRcYSslzRTS2te2+9rLRt9t3ex9I6Skqelk1FPrbSKuk9d99k0l31ydV2Jp98jhVCQMDkHecKM4J4PBO5gT34zyPPfAm1rq6KgYLgozDJCg857ZB5z3z1HU+larbIbS7VlLCSJ8tu5+XcBjIGAcHg5zwR6DmPBNlHEl98hw7ZjyCoAB4A4BU84z94+h5FepRqxUJO3l66q1rd9NXu9Hfc87EQtVgtddF2W1u+/nsk9LCRXyJrOoRsUZkIfAGMjAyWJ44JGAORjA6Zq/5ol81sgliMKo42nj05VsZ7kHjNYU8ZOv6kduFCKpA/ix3zx972BOO/OToiORUcKcBgPlBUEZA+XAyBz7jcMcDAFdVGabXLtbmaXy17dLdPLds4JxtdJ3fNeyXdadl0d3d21utLkTugY4DbVJYjPXB45GDtJyR1HTtioJJ0kmiiyFJG45OQAOOM5B9emc5HJFTmPIKt1TOMEjdkjIJz8wGMH2J5Hem6j7SgVfm8thv3AYJ69eOAOMdAPQ19PlUv3sNLXtt6r11fXb0R4OYw5qE1K/Lu7X1+G+z2fr0+ZHNEhKY3EFj7jpjkAE84IODkHuOoriLlSMgggJnnb1znIJxggnGAemQMGrjqVRcBiVOMDBGMnktn2x17/XNGWUjduyfLyQclSN3UE5ywOOR0HOeflr7KlGUlF+XZ6NparXfvfo1c+Hq80JON27rrv01umm9YprRdbaEcpCNhmAIclguc4HXcTyAccfL6AZzkVpnQFiByRtIxnhuMnPqPX04xk02SdMbgDv6EKDyc456EjHTpgdRzzVuJR/CSCScjgBRjOQPlJ2kY68fXONeSSWqd+ttU0rbtPor779nbXNxsrp3Wz6Xd0n1s1e/TXS6a0EkkXLKBlghJI+Xsc5PJyBgkDHQcdak04q97bIWQBZEIKnCknAYE9/lH3eR0zjpVJ5ecrjdsJJ6joxDH26ccnIXkc5ksmIubUjDBZFZSAQSCCDuxycnHfgYHOOcqtlCdtHyvo/Lrtpp+mu+2Hvz03taUUu9uaKSvdLbol6a3v8AlZ8fdj/FfxbyQDfhQRjauRjHHUnjBxtIzzyAPCNQRV2lWYkAoBjB45zxnOD1wT64HUe6fHPEnxN8VuwGWvz8oyRj179M856DJ57+Hz20s8qhMncwCnLAAZ5x7gctnnHfoa/EcW0sRiLyt++m72VneW9uqXT8L20/VKNvZUr2/hw7r7K30f4fMxArDtjAycE9D3yTwT9MegqzCGHzqdpxwQQB3+96YJ447DJJ5PS2/he5uCwX5wqg/J/CSQOS3HbpwARzgEmu70fwNp6xPJqdwB5Q3tEGA+YkFVB7jB6Z4/M1xVMVRhfW7smktW/hXbS97bbdSuWV7p2jpp1vpey8299N7Xva/llrYalesBaQzTtvBwikL1Khifc9gehx1zXfaZ4Pv7dhLqxFuFAfbJzlhgxqe5GexKg9geQfRJNX0nStOS306GGCYHCt5YMr5zsbkZ64IJxj7yrxmvNdW8RX91J5MkjNg7nZjzhsjkAA8A8ZJwQoI6Y4HXrVmko8sGldv4mm/ml3lp83cJNt2slayur3astdNL3v6ddC1rmsG3CWnmoxT5QqEBUUjlVySoz19eOcDBrg5bozEqodUyxwBktkYY55znJ4ycH7x6E2JIzczESrI4JDtKckgEjcMYyQPQYGcH1rp7ZLS1t4kFnG8ZYkSyKS/AIGRg5xg9cjJ4PYdUKns48vxSbT1a8tm7Ws1539Li5FG/du/f0t5ab9e97HGJDcXDiNIZT0YcEAZIyd23OADu6g8Y96sy6bcxFBOAC5yq87sADrgY5OMdeBXSG+zII0jQIWYKQmGc9ADtHTPBO4DuAccd1oXgbUtcEN1LCI42YCGRs7WwRkEZBA4BUng8EcGs6uMp0489Vxgt220m2rabp6LTbt31OaKTu0tremm91e7s36tK9meRixui6iOCR5WxsjVWJII7DgnG7P3cgj5c9R6p4S8Maxb20ktzDJawzBlCPjzckgg7cg4IyR0UYwOpr29vD+g+FdNe5nSGbUYYvmeWMNycbRGeg+Y4OeeCCeteX3Pim7u715xcKjblCRJtEcaDIDbVGNwxg9FH8XBrzpY/62puhT9xNL2luVyu0rJaX69rNrq9cnOUr8t2ur+Holo+ZauzSVrXd7j7u1s7N2gbMpwJTgYk37T94EcYPYDIxwBnjNksbaWya7neUM0oEaf7OTjB4zjAz69eB1s3Cz3czSw4fcNzysVUFtvIJPG05UZHoRgYrIa+2k20rBhFnaGz98nkADGADgZ4IJ6qBxtSb5UpOLd9rPo12k9bvXV2foVF20tdLsnduLWuju+mu2vbVVp7JkgICurtIGcIgBZWyOoIIPQtjnI5P8J1LLwNqGsIzWSoCkSyMxB3IFGQMcEluTnpjB5xmt62tZ7lFWRSibFdXx8xPUDuMMeOc52mvS/DdibRJW87y7l4mVg7fII9pwQM/f5OM8DB5B4Gk67goqyfw2a+SWtrN6W1WtrFQaektNlora3Sv110bs9LX3W3zFqWkSRXjQO29o1KuuSSrJ8uAPmyQTyuMjGBzxWhp3hm3tUNzq8zQxsGlhj3KTIq4KknkjPoeRnHtXYeJ4o4r+WWO1LPyryfMoLs5zJuwep2kcnjaaxUgiuXVdQkcqUIhVSWxwD8y5xkHpwo5rZSbV76Ozet7r3bPWzV7t6NpX0s7JaXVlbXT1ey3v6OzTfyKR1O0xL5KpAmGUAYYuq84A4wD7dcE9CDXPRXjTyMgXZGGIXbwWJ6Bc5GQeT2Gciusm8HwNEHsroyTM5Kxuu3jJO0k5xgZ7Lxnoc51ND8P2tm7yXssTbHO1W/hJ/iJJIJ3cYHGSAR0NLmjGN1q7arV63i1tZrvfWz2a0Ick+V7XWu9m01p01vG6spO/4cRDoupyyl1iLx4LE5wTuIxg5AJ/h/L3zbsrDUhOtvCpVxISsUgXoMEs/PIIyQpPXg5yMejT3NrFdbLZ1k2xkGROIkODyARjK8YDegwc4Ai+02toS8bRzTTr8rkKHUFvm2sMbQDn0J98mnGcpRtyvW2/VK291ZWtdb+qvYm6as3e/VO/a2m/y1e+u7E1CzvprBbWe6kdI0V0twxMfmlSODkqrL2XjHOcFhjjZ9IEsYxDtVWVXmJG5SOGyONxJOMYB49Oa3ZtRuLpJIbdTHHGQXkZuXZd2QSwOCSQVA+8eMcHPovw8+EfxD+LN/Ho/g7wvrevX88qpBBpdhcXAcfdDSuiMEXk/Mc54OCQMzToTjLnS5U+Vt2tp7qvdpbLfWzWzuVGEqjVOMZTcpKKSTb+zqlunrdW1PNgmkaXGk52XskcYOxirEylDtBXI+VTtzwckAYILU+O+1HVpbe3tbSVnY7lVELuoJyFQAEhcHg9MgLgYzX7afs9f8EO/jr8Qvsuq/FCWy8AaFdlJTBK4n1Z7diCw8lSvkuAScNtYcD2r9tvgz/wTA/ZB/Zp02DVPEul2Pi7WrNIn/tDxDNFPJ5qKrN5dkWJIJBOGjIBwB1GCeIwdBr2lRVarV1TpJTnunZtbW0W7+Sdj38Fwtj8alKUHQpbynWSSs3H7LtZNb2bel9Nz+Tv4KfscftG/HHUYovBngjWjZzMEOrXNpLaWIR2A3yXE0aocDBBBJwOndf2r+An/BEOw023sdd+PPivIjCXE+kWMywQpu+d0uJ5CfNUA4Kphu/GDj9mtR+MXhPwnaLpHwv8LaXpVlChSO6FnDaQIFGP3MMcaMyjHAcHrjqAT88+J/idrOuTtJq2r3d9Mzt/oyO8NqAcjaqx4UoBwM9SMnry6VLMMdNexpPD0nazkvfafKlbRJO1rNLS711PZoZVkOWRTxU/rVaLva6UE7xbvZvTps9+l9O8+Hvwu/Zh/Z105NM8CeF7G+vLZAnnW1rD+8ljXAeS5dXkBJUElZASAcMOoueJPjrrVzFNZaaLTQrLdwloA1wUAIw0jZccNzz97jqCK+cNQ8QSqHZ3S3jKg7FYAuCc5Z+eoHIBOT0fufMNf8f6BpoYT6iGnfBEUJEkhYA/KcZxu9AACf093B8K05NTxClWqN83vtu9+XZPpd910ulYwxXFKpKVLBRp0YpWXIlF7K2q1el1dPfVHruqeKrq/lmeS8lu3YnL3MrSEE4J2KScHrwR2OR0xzkuqiJTLd3cVqi5OZpFVQOpO3+EjqpI6nOa8Gj8ZeL/ABRIbbwh4eudhkKm+uYyFABKhw7AhRnoT369MDutG+CPiLxA6X3jnXpY4gA72FtJyFOHMZCnpkkE5OMYOSeftMBkEacUqNGKsltHtbrdJ+Vultdz5HF53UrNqtWbTaSUpN3Xu9rt9Hd2e7vdIk1L4o6FaSvBYNNq15nZHHaxlw8hxs+ZeMkjJJJx1JHJOeth8V/GzR/Zoh4e0uUANJN+7kKsOXOdm44ySATj2r3vRfA/gvwlbJ/Y+kQyTrGC91cIskpcbSXJcNjLZxt+YDuelWb28neN1L7U2lo4kx8rE5wMbcABQp5Pbb0AH02GyZvkb5YxWskkl1V9eq0er27bHzNXNEpSUXdO1m9V0u1/wet77nluhfBbw3phju9evJ9c1FSJZBM7G3MnUjaWYgF8vnjHOfQ+xaa1jpcJgtbeCygRSqCCJFbC42qWVck9wSTnAGTgVj21yPKWKXcNwGCfmcAZIySMgnAx+HGKinZZQwUkNHn5RnLgcDOc8euOOeAOh9mhhKNCV4rVrlXm2kr9G7NarTXa738XFZhVnOK52rPRJ6P4d+rTT1tbRK7btfpG1uBFXDlizEP5mRuHTIIIGVA4yB3OD2w767mmAmtnX5wy4zhgvqcnII6jkAlsVx2rXRFvcpC4jnKERkkEKwHAyMY3HgZHB7465Wn6tPa2O/U54kePBmkkkEaxxKDhixIjJIzwevTqQD0qnGEXJyioq+t0k9lq21zK3VXV1bqeTOrVq1kqbcpaK62s7Rbe73fR2vf1O2tL26VXDszEYXzGYEMODjA/u477TyAOcVFPdK7bkwRGWaTJIKAbeSWJ454BbJwMkZFfM/j39pf4ceCFngbVl1K9GQlnpzrJufBGHdSwBOVyckcHI9PiLx7+1r448ULdWWiSDw5pLApHLuCXDoc8F84ORt79Qf73Pl43OsHhouCqe0qaLkg7+9dWtay2S1WvW9mj2MLk2NxKj7VezpuzcpKzd+V2tvfp0Xl0P028UfFrwX4Oge513W9PilVSBbQzI9yWXdhSoYnJPt2Pqufjr4h/txTRwXGneBdNSMruUanelWG08NhGB4IHIYso445r87Z9Q8ReJLyVYBqfiG/lfcXcTSRh3J5BO7A3ZHBAxx1PHsfgf9mjxr4veG78SXP9kadIwZoEBM7ox+6ApypAORk4AOOhAPzeLzXH42nyQiqVOV1KWt3G6vdvRPXffddbP6DB5Rg8LJTm3WqxtL3tnLR2Ub77pff5nlXi3x7rnjLUrm9vbua7ur+6aaWxsVkSzMrnlvs0OI9xz2UAnrXaeA/gH8R/GUyTx6VLplnMVP2q9jMaiJiMvHGwViVA+QHOSAB7/oh8O/gB4C8BW1vJDpMN5ffKwur+MXExcDJIQ5x8xyM4xyDxXuki2+nQLPMbewtQrKBIUhhiiTO5hgLgjBIA44OOK0y/LadKVOtWq88W05Juy5tG1q9W2+zS02eq2xuIqVYOnCHLy2s022ldOLcb7rzbtfZnyD4E/ZJ8OaJMLnVS+u36qshMpAtkZidzBO6gjoTjHT7xr6w0HwFo2jWUQENvbQADbHEkcMSbf7zgA4BC5Zuw424O7yjxh+0L8PPB0slpZXR1S9IwY7ZyyMygqVZ1JUncqg9icZ7AfJ/j/wDaa8XeImls9OkfR9Oc7EjhbEzR8kHAAAAzjgnDZ79fcnisPQTVNJW3a15r8rSvt8l6NuzPJpYWrKd6rcn2u7pNxta2qsrbJWtrdK7+/wDxB8TfAXgO3ma91G0kugvEMZR5FZRwFCENljjBIPrxzXyl48/a6v8ADWvhazjtxITGbubAdw3APHOPUYzxjbkGvifUtavdRlM13cXF3I7kmWV2kbkDJ5JGD6cDgdCeMK4DuwV3yzhcZGVjC87jkHtnIB5OevfyauZJ1JTjN3jG2mttlZPvsna9k3rbfspYRuduVct9Fa71Uetkm9L3d9HqeieKPiT4p8T3JfWNVuZkPzhVmYJ83zFdoP3MHBHYHqSDXFi9klkbzCSCBguT8oJx1+UYH97nOc+xxGWODdJcTIyDbtZmKDPPBDYG3nGeDjA9M8lr/iiOKKS3snZ5CuzzYSFjiHIJMjYXnaRgkhgMYzxXzOLzmnCTlOWqdrtu90ktm0nZLb1bukepQy9yl7tN2bVrLZ+75arTW1vXZntNvcaVY2hknuIWIByGYbmyCfl5+904GRyvTJrznXPHmkaSxR5ELEHZHEd1wxf1AztUnGARxg147Nq17Ja4u9Rj0+03ndPLNumlGcnYG5A9QFAGMjrXlHifxfp1lIE0jzbuYhlOoXG1yXz1UMeuR1A4B4ByK+bxGdOq5Rw0W9Vruk/d0d9vRJr817tLCU6MOfESjDa0Y2vfR6r1t0vv2V/ZNa8W3V/DLJGq6ZaSBgbu7dTKBgr8keQc4+6AcHGM9q+ZvFWsSWU0q6eftb+Y27UphjJ3ZbylYkKBgYxwQMHJrNn1rV9TcRyyzXDvjgsWiUk/KUiHfpng84wB1r1HwP8ABDx/8RryGLTdIu5onbLXM0LR2u32ZsBgMnkdu5OBXBH21Wac5OUnryR6bbu/m3r1Wwq1eDg6dGHLFWu7NOztq5X1u0vzvY+eLmXUtRmMk089w/8AtOViHsqjgdRkDOMYHpXoHgz4XeLPGV/BY6Lo17qE85VUEFtKbcMRgF5MbcDOM5PTk53V+pPw1/YS0DT0ttR8f3P2hkCO1nGPKhQAZwzHaW24C98DrgD5frbTbb4b/DWwlg0K0sbeO1URKtrBH5jFFA4mwXLE9cNwR2YZr3qGFlbmrzUKaS0d9VFK3S92la3V66nnqnJ2spSb2tdpNNPXS/Tt310ufnr8Nv2B9Yv41u/HepppYwHbTrXEt0Vxvx5gJ2nj58g88DGDXrXif4EfDf4deHFtdLs7ManKyxxXl4Umu9+RnKkttVsEnIHTJOBivdtd+LV49vcDS2i0+25xdTkm4YY+ZASDjA44OMcBQenxz8QfF0M1w9zdai7gylzLdTnduJwRCuRtDE+i59+9rG4PCSSpxUpa2cr635er18rW3dumuv1Co4OdTS1mottOV0t7Xvbm9Nt76d94WtLXQr6Es0cwNv5UzK37uON15VUB+8QSOcZJ5XnjzvTfDuk2vxF1y8s40jE07PGCFJ3NyxA44BJOen1PNeeN8SrhWW20iGRmwAbhiWVlAGw5bOQDzgAYAwM5rd+H93f6lr1zd3js8rx5zgj5u5x1IGF46HkZzXn43H/WHaPue9o+V2TdtbtqybVldbrs0bU4+yilGTeqVr6bLa3RW6K7aS01v9DXE0ceIsMYvKdgBkEsV4JBYA8AADB3HHXNedMXe5QIojVHkweF8wAkAkhhk45yBxn14rs2W6mngLKSpjPykHJP3ccYGT1BHfODk1rjwCreRe6lfx2VqSWWMuu85BLAdOOTgA5BycCvi88q/u370dE+lrtct2rO13pZ2t1ue7lTnJq791X076wtte21/v6HA3aSzOkcaO0xUAeWoI+m7HUEjkYxjHGABlan4G1e4h86aH7FbhC7SSDCvn1Awc7gAT2yc9a9sbX/AA7oUkdnpFjFeyhdpuZArYyqqDuIKtjOT94evzZNcl4h1TU9WaSG4ldbZ/mSNTsGw8hQMjaCDgd8ZOQRXwft4qpF35ru2qWlmujd0k20tdfO59O6SlFqTWlnZLvy/PTq73vutjwWz0vRdBvJHnjW8lUh8na0bsDkAE5OM4OWI684OTXcHx1qk8UlpbuljalAqwwhVbywOVLgr1XjOBjPGK5++06FVnKkHY5Zm4AAByBk8kgk8jqR3J5wbVojeKrDaBnZzySFPzHJ57d+QN3ynBrpxUZV6aaWkVF23SadtrLXRaPppo7mFGapytflTetnrdyS10s7O3poYOryO8l3PMWdgjnbnJHzEjLc46Dk9cAEhTTPCltILCe6clUeQsAfmJAYehIBwAPTk4JJzW7d6cbiK8ZRtjZtuccnOflQcHgnjv15NV4ZYdM04RMY1FuC7A9uchVHdh17kHPHIFa4PDVa9JwhF810lb3r/Cvu+X6GVWrGlWU5v3eWTbb6pxV29rNJ9kr9lpyfxIjaSygM25Y5tqxqgOeMHIAGMD1JzznHSvArq1kRyibnXcFjjQEu7lQABnJwT6cZ47YPpPxH8Vapq8FvaaRbSs6sCZ/LJwoHQFRyQRkggAjORtNeUad4d8ZLqEN9DlW8zexnBIzzztJCEKehxuLY6YIr9GyXAVcPhKdGUJOorNqz1uodPLTfpfqfF5riIVcbKUH7vuK6taWkfk9Uuuq827fT3wj/AGR/FXjh7bV/EN1D4Z0K5cOt5dSqJJYnG47UJUqcE4/DAK5Nfo18L/gD8APhhdxRy3Fp4j1vKOlzesl0gmHHyRglMEgcHkjGMYr809J8TfFC902Ow1DxHerp8BRIooXZFQIAoGEYMuAMKcAYGeMEH074XeL7/wAO+K7SLxBPLPptzcAfaZWlaYYIAKMzNgZPzd+emQAejEZXjnCdRy5IxXNFRTTskm0/eu7q7X6219TK8XlVOdKHsVUqO151GtHpd2TsldaXbs977n673epeHkiaCx0+LaiLHHHbxiOOPHKhVQABSB82eh7iuYl1JY1cOY7REyQBje5U5IJYZPT2zjB4bjyDxd8YvBfhPSre/bU7WNpLZdkCSIJ2JTAypYk5HBz3IxXwp8S/2x4jHd2fhosjpvzczcZJBB5POM4wBjGeODx5WFw2I59tGmuab9OXbdu9tXbXRaH02LxmCpwi3VgraqKspWXL015nvrd6N6an3Z42+KFj4chdpL6C2QqxeWaZQwCgglF+Ugk8AHj39fh3xv8AtM+H47q5htLqS7ugHXzA4bLdNqt0GSeepx0ya+B/EnxQ8c/EK7lhae/1GWWQqlvb+Y4OcbQ23K43YJxnk4HBzW74d+C3ijVvIvfElyuk2btua35N3IueV2cOrYPtk84Ne3gcvqcyvF1JOSav8EUravpa/e8Vb7vlcwzt1IyVCKhH4VOSs7PayWr0s09lurFDxv8AFDX/ABJqtzHBPM1vI77YrbexZmPAG0EMQSFJBxliOwJseF/hB4z8XGG6vFfS9Od1Z7m+fbIwbblgrEMRyOApz6dq+yPg/wDAW48QahDpHgzwXc6lfTusP9qXVu8qAEgB2dlKLkgEH5cAYPcV+tnwc/4J2ahcLa3fxR1ArHmOVNIsCQAowVhYrhemASoxg+xFfRRw8IQTxNdRjH7PNaKtZpPq9E+i/V/NQjWxFROlTlUqOT97XR3Wtlpe+7fTa5+S3wu/Zitby8t7TR9EvPFeqS7AZTAxtgx43KQhUgkLgHIHUnGBX6ifB3/gn3r2reRJ45lj8P6axR0062VY5DHkEJ8pGOMAn5hyc4wBX64/D/8AZ/8ADXgTTbTT/Deg6fpsUYjCX0sCNcttXAZztznleQQQeSQcmvYrbw7q+mPH9gfS9SkGCy3GVcgEHau4gYOccALjkZ2tjhxOb0aLjSwcYcy0cm0+yd9e3VXXnc+kwPDleq41Ma3GD+zFbLRpWei+S2106+V/A39kjwF4IitToHh2zaeKNEbU7yKOeeRlAIkXcOGyMrnGRjgZzX394Y8B6dpKRNKgeXCghgoiGw8DaPlA6HHUHHcEH53HxA1vw64GpaDdW8AAVpNOIlhKhcFht4CjBOeCSOh4rvdD+NHhW9SJZdZNnMML5GpboCScf3toIBwCSevAyM18zjJ5ji5tXlKLTu4tNJOy0trs0u7tok2k/tsBQyvL0lGCUo2V5JLRWu72e2+rV/y+mILqyt8RIkGY1CBFjCgHrjI4IwGIPA4Ix2rN1bXrPTkE1zOhKksYwwAGBg5AIBzz2HGcdTXz/wCJfjH4c06AypeLcuoOGtpQ689CNhGB025yScYHPPyt8Qvjfe6ojwaVMyxqSTGrfvBkZwzDJyenJ4zk7c1rl/D9bEt+0TinZp73vyvW1ry38mvVNVmHEWGw0LU9WldKPTbtZaJ9b2sro/QSf4w6XpVu0hmjhWJeQGXccchS27k47Y654GRXzl4+/aVupWuLXSWaEKHzLvIUjGfp16nPPpnJr4uHjPV9SjjW5uZnyFD26klsDHQd2A5G47sjPXgt8u71OV1jt/LTglpMhwP4yoOA5UknnI78lgT9lgOD8JCUK04+1kre7JaOXu7JapLV66X+9/GZjxniasXRpSVNbaP3mk11Ttb1fxJKxt69431XXJZZb+7aRpMsoLll3M3VRkg8DjIOR371yMdvqOpyBFGIgV8uU5GD0LDA55xzk8jCnIIrdg0azspvNlDzGZgo80HbGRwTjdgY43FQRj1OTXSwJHAAwaPyWUhQAApIJbHAAGCDwcZOR05r7fC5ZQwyhyUouKW0VtdRetotc1k7K6d7czs0z4XG5rXrybc5Tlq+Ztt6OKbVtE7O+t01Y52z0BbdybgebNtCq0h3RkY5UnBweSOBx3yM1vW1rYWkZuIiquikvFwBt4xgDB5PGSDnHqKqXGowRiX7Q4VSrBRngdRkA4+9gEYYt0znjHnuoa9FBcHY/wAoIABbcHD/ADYK5Oehx2A45PB9BU403y25U7O7+0vdbVtNVfd3vskcDqzq2cvelZaaK+q1to1e9+nXa+voh1W2SFn3ZD5Eig8AOQBkAjbgDvyf58ZqmqmIusXyxMyr85OBlRlcZGCT3AwDwepA5O81jzI2kjcxJuy+9tiKqdyS2OOmOOh46mvCfiN8d/Bfg5JVutXS6uY4igsrdlllMu3aBgFujDGCuR1zgZqa2NoYeNklqkrN9VbS2qvF7WVtdPO6eHqVNYxstE27aNctr/Nu2y23se1azrRktvsquN6uSH3gBR0BdiflAODjoR7fe8c8WfF/w54Gs3m1jXImu0Vz9mhkEsmVxtVI0JZiwwOhOcYPWvifxJ8bviH49mktPC1lNpOlTsUF5Ih89lYgbgcccZOM9Mcc7hZ8I/BXUtZnjv8AXprnVriU+ZLJdM8iKS2WIVjkjOccdTwO48Orj6uJbjThJPTV3SV7W0tqnf121aPShSp048srWfRau6a3fXbpd/3VojW8XftFeO/Hcr6X4H0mWxs3Zl+2zoVleEnbuUnaM4YHJznuPTjNJ+C+seIL6HVvFd7c6rdTyGR0uJWMYywJADcADoFHAI47Y+ttK+HWlaXaQmC0VZo2UYMYUADAbIUe/Q+vqeOpmsLeOHeIwEVkVtq7SvYEAcHgdQQOuKxjhpzalXnKbunypuytbsk3bTTrvbciVVQuopKNmn3s+V3u99LdLdbPp4nZ/CLSI9OktUhhihdCkIVFDJKq5UKQMj33dRk+57z4cWccVteaVc7Yr3SJFtyABueAj5H9SuAQT1wMN1Fd0scENsY1UyoTvhJOGwQG+8Se4wc9COxNea61eSaBrVrq8WY4ropBfgY+5IeHOMdAMc8++Dg9qhGkouC5dEnrbRtL81dbXT8jjlV524N6u7Tb67W0drX1Vkrrfax2usslpNDsjYBxiQg/cPuByCvocZ7qay7kGHcwdnhlT+9zlhyx2nAxz83UEZxuzmLXr5pYhLERJFKiTRy4H3AAcE5Py4PPp05PFY8d5uhSaUgxEkELnG7HXGMZ4yASR15zkDpXK4ycnbba3MrJK3mrNWt6Lcy5Xtrvdp6O1lqtbW3t6u2m2zPdRrCYpAXdYkMTBudoXGDx3P0PBHTpythrTRXJijYqrFlfJHXJ6DqSe3r69aqarqoym2TaI1UcMRkOSDnuVHTOSoyPoODvtYtrJZrtrlI4ovmkZnEeCQeck5O3AOcAcsR14VOSSte3L1t05VZX37xvfRpWRl7JOTdrLRNpbNOOzur813F2XTrdnoOtakrIkkUiiSF+Wxt3c5AGT2Uk7uQeMcZxz2peKLaK3N3PPFFEiEO0jqgyA2ScnI24JyAMBiRkYA+ftc+J7yztZ6FFJqE7FgZtrC1jOCAxOCDtzk4OT0J554Pbq+uTg6xfz3MhcmPTrRWZeeFGxPfIBbIJORnBWsY4nlbcVzPpsleyvfva71TVr/IdOjG922ttnrdJLRN2Vk7N3XTfZ+seIfikrp9n8PQvf3HK+c4xbozZIJ+X94RnK5Y8D0C48uudN8Q+JJhNrN7cSlnDLY2+/YQxBCrGhVnA4UjG05BYEcH0LTvC9lolgmr+KL6z8LaWPmJvTG2oSKOdqWw2spfjG4cZDEjjPlfj39q34ffDi1ubL4d6bFqWreWyf23qIWedSV2kwQEME5GQzAge2OODEYunBylXqqNkpcr3adrJPyelrczR206bk0qUXJtb7dVf3tkns7bbpnrdh4CtdC0xtV8R3Vj4S0tEVi17gahchdpxBDnePMHy4CnDEEHk15H42/aZ8F+BUXTfAenwXmqFDEdXv1+0XBkIwrwxDPlZPK+YDg4x3z8B+N/j148+Ic0suo6neS+ZJu+eRm2AsflWMExxoAMAKB8vPJNcLoVnc3+uac86zXEstxHuLszll3Aty3IPJAxlRjJxjA+fxWeuzpYWKim7OpJPutrauya10d279UumngW2qlaTadrwi7QXw6t7t7X1tfdPr7l8SPHPjPxnBNrGvazdTBiCscsrhIw7A/LFuCKCDwAoAUEjlRnu/wBmZVTWLG/ubb7VBZ6lFJOJYTcPcFmDoqqckgty2CR6E85qeJ/C9ncWCxTyRQQ+VDJJGWVCoGAxAYngAFcY59sgV7R4T/aG+CnwT8Dppfh/S7PW/FcUiTy6rdxoWtpQoym1sq5V+FwBghQQQMV18P1qVPEyx2PrpRpJSanK7nO0WlFNWTXpsu9z5vjbD4/F5b/ZmVYZ1K+KtDnjLlhSjaLlKT0cNH097V6t7/qzoNlqfi+wtz4t8V2Xw88DWpWWRZHW2mmgCAsoTdG5Z0GEUEr3IHzCvIvjn+2t8CPgLpVzoXwVhg1DxFBbGG68W3ey4u7mfYY2+z53MCzEneOMHtnj8VPiz+2H8QfiNeXAh1C4tNPk48oO0aBCCFVIkxGFAwACuRnJyOa+VLvVNQ1eSW4vp57l2Ys0kjFy245PABC8n+HB6Y617OccbVK1OWGwEVTg04us9Z30Ta0926vrul16L5HhPwowmWV6WZZvXljMZCSqQw8Lww8JXi1zXblVaa32sr2PdfjB+0b44+K2q3F7qupXEz3NxJO0kkrmSQuxONoICgDAG0LjqSeSPnt3uL253zyTSyyMAWcltx4Kj2HU9xgdxWnbWTTEkqWfA2YBJxxgNkHHHPU85HGMntNG8Kz3JBMZJPquMRknIBxjPfjI74B5r8+cZTcpv3pTd25WcpNpXbbWru7em2+v7VCo4whFaQSjGMVolFRilps+VaJa3XRaJ8jb6Y7SRvhWIwCip0UgA5PJGR94dzjg4FdLa6JM+VEUjYyWVQWQqSM4KnGcE5PI54GDivcvDXw5aV0MkDSM5G0KhYkAfMGGDnPGOMZyTyBXslv8PrKzt/NliSH92MwtGRIw44G7LAHH3e3THPG9HLKlZ87jpZXerTTs27PbTRN7bKzIlXjDZq++vvXfu3abTb210Vr9Nz5n8OeFbm5uCVjWCFDvAcA5LA4YZXBAHHHcj1r2Gz8JQRLFJMplfAGCpKsB6kLyqjAOeRkjOBk+k6d4dhiaUQw4RxkKwO4fLkbR0GfvdOcD0yeps9FQmIzRkkjYI+VwBjJJ5zkZK8+mRtNfKZzh40a01KbcY/Cua2yitN9F00fX1PoMslKdNNRUm3rdO0fha0Sbb5tnocVpulNvSCKIASAfdQjAPARWGDt5GDx8pz0rvdP8OTyCQP8AJEABsG5nBX5iCAcEnPU5x/tV1ek6bbxSFFjxuIVdw3NgDG5TjpnAJHIHPrXWxiO2SYIioYxgYUFy2Ou4DGQOxDYCjGO/xGKzKOEd4JSvdJteXe/Trptq3Zo+owmAjWa5242tsrtaLbZ3d3ezSu7K7tfzo+D0EytcO0cYwyIACWBHJcDDY5xjGeCc8g1806BKNB+Ml7ajEUJvWQLjAIlGASDkEHaTjn5vfgfUPiDxJBpaFpZ4Y5iAxG7c4HPy4BA3EjAUKMZAAHNfAviHxcf+FsPfRP8AuzfW7FySrMBxuO1gc/N0ycZz7n7Hw9zfEYrNZQmmoOkkl9n4opa9d7dfxZ83xjl1DD4KnKnZz9om23q9FvvrdL026afoEssauehLM7ZCENnqSSBgjGMYwRntjh95KzW7tHjaI2G5s5yynAOcdFyRgd+TgVymmX63MMUxljcXMCShs5PKKfUnIJORx69hWvNcM9rKeokQqPMyQpA5IHBHI4zkc4HAIr9tqRcV2tZpWWySttpfbu73Wz1+ApT0TW6Vnt2V9Ou62tZ+h7/+yBrTaZ8WLCBpQ0GpWt1aumQVZiV2KRkAnr2PGD6V7Z8SLKfw38aNWMatDb64FngXnySScEgAbQ4wcjGOcZ618b/B3VBoHxF8I6gZGiSPVYEmkQ87ZpVXbkY9zk8euD0/Sf8AaYsoYx4R8RQxQmRAlvLKVKMVnRWDEqBk4Pvk8HgV72WKNbBRb1dKpZvfdRdrdNdGraLXY+Vz2o6NSfLdSnRurXsnFLdrbRK2m2jS1PIZ1itA5dpJZ5lZo9vykOSc44I9skY75xzUSSTbIhcs0a/e8pipZgDgKBwSAeW3DPzH3xg2980uXEiztEQTKTnZGMtgDk5BbBA7jI6g1tWxEkqTzMZWZwUL4CYxjGD6ZAxx/eIrTFe7FpKyburWW3K/nqlZJX11aZ8bgpvF1VNXbbXMuqu7O7sm9rNKyez620Z4UmtpHWNjA8TxENkjD4DbVOf72Acc4ODwSPm3wqwtPFPiHSmfZEXkCbycIrFiH5zlvvZypODwAAVr6wElubGZCd0rxOPKwNqjafunAIHfIxjGeelfIusCK0+IkgWN0hvogow23zHU4Y784A4ABwc8HPAr5+jWax0U/tJqzS7pNX13Sd1utfl9biKXJg6clbSSlo+zikrJ62avrrrd9TzH4m/EX/hEZ9TsZJUU3mLeOC3HmXFwSP3eMZZM8DIGTnA6cYfwy/Zk+M/7QF1H4n1mNPhz8L7B1e98V+J92n2f2PIdpLWK4Mb3rlc7Su5eeeeK9m13xl+zr8MLp/GvjDw3L44+JSyD+yNBum36barCcx3ksbEpIQygkMpwqnB6A/HXxy/a++K3xd/0HV9Yl0TwlE3l6b4S0EnT9KtoOBHG0NsY1kwoG7cGDdeDkV+b5zLGYjMcXRoRdGEK0oyrT2dpL+HT0cktPedo6a3R+tZbXw0MvwdSvXdaUqFOf1en6R1qT3tdKy9U1vf73b41/swfsaxz6V8EfDmnfFj4lG2eO48d63GlzZWd4oO+S2SQGEor/PH5QDAgDceDX5o/Hb9pX4tfHHWJtT8ceK9S1DdO3laJaTSwaVZxPlo4lt0KxMqA4AZcrz8wOAPF7WDWdfmt4rO1u5fPuFjt7S2jklnuJSQFSJIwXdmYru+Xgk5HSv1F+Bv/AAT41PxRoeneNfjdqFp8MfBMQW9e3vnWDX9WjADqqRSFWiSRfldXQthsgZIFeNKGEwD9tXn7fENRtztyqy0T5acOjvbSMVp23PToyzPN17HCwdDCprm5P3dGK91c1So7KXdpvXp2PzV8AeFPG/jnxbp2h+GdG1bxBqF06LHpelwTyqN5VUeZ4gUjC5Bd2bgZznNfsv8ACf8AYc+G/wAKLKw8eftUeINLjv5Nl/Y/Dy0dXu2c/PDHfJE3mTn+F1UZ52kgjnvv+Fm/Cz4LaPceFP2afCelaBIqOmp/EjWLeM3krxkpJLZPMpnJIyylH2M3Az1r4l+IPxnk1DUZ7qW/vPEniGRmF14l1mRp2G9zubTrZyyRJljgKo4GRhcV0YTL81zzk5ITwWGk4pSlb2s4+tkoJpa2vK79WZYjH5Pw6pOrWhmGLjFPlTvShO0bLrzST0e6vs9Xb9APiV+2HLoeix+GPhXoen/D/wAKQRG0tLpbeK3uXjiUJGLGyjVGDCMD9/cq7Fjgn7tfnZ40+I2ueJZp9Ru557i6uJJBNq+pStc6hPvbO5BIzRwLtJ2pFtUDIAxuzxkN/NrrpcTTXF9NvM5muGYpGFJ3KFJYKC3XG3jHtUOpSG8lcjaFSMBVX5UZhjLEZC5UjAPr09v0TLOF8FlVKEqdNTxErKVSS5puTsm3Jp8vond6WtofnuacXYjNqlRSqxpYeN+WlB8kVGPL7rS0WqtdO+2xWluLjaq+Y07zSRs0spL4Ucli7YHAPKgjbnnGBi1bNN9seKJDIzRbd65Z9xyu8E52rk43eh656pp1uZraIFPMHm/6zJJ3HAye5VBkgEYJx0AArpWt/skQ+z5SQjy3uNo3yZYYWMY3cDgkZPJI5r63L8rrYurTjGk1BOKTSa6Lr1tf1222X5lxDxjg8pw85+1g6iSag5XaskmpPtfRP8XsZosE05reS8IupVLkwKcmHlsbiDwQTngcYxx0FdbbX/EM8Wnafb3c8l3cJbWmnafbyXN3dO7lI0VIgzuzMQo4wegHJr9Bf2Rf+Ccn7Sn7ZGu2sPgbwjeaT4RaSMap421y1ltdIgiyBJJDLKqreMqklYoic8f7Nf0deB/2aP8Agnf/AMEjfCVt47+NesaP8S/jTbWvn2kF2LXVdS/tMJuMWlaMxkS0gMwxHcXUJYDJLA5Ffb0cpoYJU6TTr4uaThhqSUqz2tKd9KMdLudRxVns+U/C8x41xuZyq1I1o0sKpckq9RtUU7q0KSXvV6qW0Kak27c3Knp+R/7CH/BC/wCM/wC0Bcab8Q/jtPN8G/hHBDFfzzaygtte1OywJHEME5j+xK8fImnUqwOSOGI/Xz4jftqfsB/8Eq/Bd78Lv2U/CXh3x38Xbe1a3vPFzLa6jPBfRRhHub7V9smZFkBYw2kkYDfKQflr8bv25f8Agtb8cf2jmv8AwP4Bnn+FXwnYzW9npeiTG31fUbPOyP8AtC6g2GPenWKBlVQxAUgEV+Hur65eatqMrX95cXTzsZmlnldpHdiS0kskjFpSTkneS2T0HNVXhhaOmZThPltKGW0KrWHuuVp4qsmp4hpb04uNLzkjiwWDzrMqilgIVcJCrKMXm1alzY3lk0msJSkpU8GmtFUles1s4tXP0J/aW/br+Pn7XmvanrnxF8c6nqGnzTySWukx3M9tounxB2aNILKNkjk8vIUNIpOSSSelfnVrGsS21xc3M10sj7pIjM+Cz/MciNe2QFzjlcehrR1bxfp/h7RXjjngCiKUtLI6KFYrkgYPI6sB1PCjoDXxT4z+KzXDvHpMzXErSOGlc7YUyeTGMYYjORtGO/BIr4PiPij23LRpyhRpUklTw9FKFOEVZK0IpKza+7VvU/aeBvDijlqeIrRq4ivWl7SticTJ1KtST5XzTq1G5Nys7pvTouh614j8YpaO17PcJFEgdVLEM79fuoArHj7gIJ5YYJGK8S8SfEC+1ZZre3ma3sHVt0mSJpGwRhhkEAj+6VOOcDBA80v9Q1LUSWvruSSbhlR8siKTkNgZXPT6gjPQVgzTtIpTO5DjLbsZYHpw2OeORwM5H3s1+ZYrMqmJnJOUrJ9010Ta/wAmrN7n7Zgstw2DiuSEdVHXzlyrZLW7S3010skb8NzEsz/KX+VWjkZSxYjJ3FiCVBPU568gHGKg1K+hvJECKR5SKCS5AZu5J6gD0HXHXBxWDZzSBnw22NSVbnk9di55zhwc4zyPpSmX73mFZQHaRigOOM45JxgcBQCTn2WvNq1OZNXvorXfpfre79HvdK2i9aFJQvro3e1tFor7u/32s+ltDpbK6t7e2n3xmSBzkktgmQgbfQEKTkDqMgHOBnDhufNMizfLbBnZQMk53dCRnj8eDxzVdJwNq5XY2WCbvmzjjPbB7A89MZJbENyw8obWZE3KxUqB1IDE8fMM4yOflOPSvMtJTk5W5Xa+r393W+zWr79VrsdkW1bolbRqzu+Xe2jV0td0zTSePacEs5JVAF4C8jtnkYHHQYzyeaWcq8i+WWChR5jbgCN3BweCQe2MN9MEVnxCSeSNIF+cYB6AN6k7uM9cnp6Z73BbyRFzJzvYbVY53MCBtxkAD0GSCTnBrBpN+6/S3b3b3s7X7Lolbfa3UWkVdW5Xa1rOOrWrW72St/KulwvFHE6hDvkOdoydyqT/AHgD19wB24qC/sLv7Gl2kLrBKAqbDuyAc7jwSepwCPT8Ibj7SZVRsmYBgFGBjJOMnjkKfTgde9aTatOLN4JeI02qqrzgjGTg8AEg8jGfTmrV1ayvqvJW0u07W0bs9ne68ikoyirvZJq6S/l+G6sr22XKrXdk9TmPIdEbaTuON33QST/DgAEYJ5+bnjGcDOrBG0MluGTGRlt+TkdehxxzwBkcn3qA3SxA5TLTMSgBw+D36YHTnOcfyli1Zfm85VEoKhHIyyBVHHXAxtz6DPXtVe89LO7s0ovW/uvW13ay7WXRIcUo6NuN+V2d1b4Xy32d1ZLRbt6rQ1G1Sa1WQWYEEat85QMH469j15x0I5wRmkt/EMr3Jnu7dZyAq+YAQyKAMbR0ABxnJ57574NzeiUYA2LL1bqzMMc4Pcqu49u+TkE7OnXMEdm8UohEshUq8oBZ1A5OAABjqMA9B0yCX7NR1afMratJ2d4pPVrbvqm7+hhNxk20/OzVl0fV/wAyXz6bt87fXImvpXCmNJWYKuMhOehbgfUcDjggEY2tPa+iha3tQzRyJvY7mXbj5jjkFSApxz/u5qtdacTcolrMs4n53r91Sf4SeTxnBxyCB6ba2VhksbFsSRrLD1BbLu+CDgA8gDoMHAGfWrbhyJJPpZ7OLvFpdU7PWyu277bmai9079tPOLvouifmn+JhTpJcTLFJtjlPBaThn7ljnoRgYOcc571X+zTs7xBt6xEgBXBPTJY/eAGcbsYyeM9ytw8k8gklJLAAS4yuEJyvGQ2GIxkEd8cipGTyFWePc6lQrAEgZOBjI5HfOSScE84qoX5UndXtHR2VtOlvWybdtdBWt0Vv+Gs/Lb7rMv2FkXVjNKUYBRCoKkEj+9g5AyN2PXoeRVa4EsLTYkLbeVGSTJwOWUHIC4JAIJPTHPMCXeNrFlXysMUycEnn1+cEjA5xg4POK1rK2SZzLKQXuVBjDElQDjkqOFCnp0xxwRWypxSvq0/le+iulqrW26W1uJ36eSa/PXS2nfytZmOrSBAznB2hmLc7T0wpB+Uc49ieoOKsy3TxRgs+7ev3SMhCudoUdOOB0wR8ud2DUl3pTb5jDKJEiYGQg4Cr/dwT1/u+wHUVUdYijAqz7Q3mNuzjsdvPytgFcEZHT5eSXyc0tvNavRq2i1t0XS+u6M23ZeaSs+u2qS0Wu3k9LaFYXDSSFXwem0Rpj5mJ29ecrzuG0E/lWlFZW8kEzz3DRyAHaGXPr8ijoSe54IwePWgsyxGPyI0+YDaZPmfg88gY/Eei9smmTs5JkkJ8xiWYFvlBXBGOgwAecKARyTxg3KLjp+Or7ddu9tWrd9B6KyUmuvlstN7fnppfvDKVjGwksQSFwOcAdxz8zY4YAg56DvCsvzE8AnoAcE8Y29T2xwPc+lEo3BAeAAzdCecnJ9xgg7ecnGOOlfJOM4QYYYznJ784HXnJ77cY4OM9b9u/XtotrfPXqvKlbTpotOttOm+l0nfyvpYuR3BDITtyrAjjJwGB6jHvzxg8dDmv1d+HWpB/BHhuUtuBsIoySR0VR0AOQc4HPPXk8ivyRLZYKGwg6EEgluuOnRQGJBI/Div0t+EN2JfAehAlmZbYplTnGSOCOvJyQeo+UZ55+v4Ply4upF9aafq7rd+V7812973Z8nxhSjPLLvdTvfZ2cUrau6u0vM91ku90LMnuACCRtII3Et/Ec54wOdpKnFcb4hkWPR9TYhpA2n3WCR8oYxuOMEYwMnPrj1rVmlMNqR8xYlQ24lcLtBz1OTg89Bjjkkgcz4jkkbQb0YKxfYLsqxAJYhHwVOcemRlTyMnOM/ScRcnsG00rQ07c3Z9Fe7V1fZXXU/O8hjzY6klrN1IpO97K6e9rapWeu6aV0fmNqO4Xly2cn7TMNuRuUiRjk7gecckA8+uSKpvI74DkKVZThcliT09Qc9W6DHXsakvpzHd3RYDJuZwMgZyZGB545HcjgDAJNUVuG81jIvRQBjqq5PPHfA9cg8HHf83jHl1TdnrJXim3eOr0ba2e2+2iZ+407qMVrZRWmiv7sdbNNtW6Nd91tqPLCjPnHnMoKlQQF4xzjAxweMHvnngNSaZSUeZjsVtpLEg7uwGD0B7HgDnkVUhuYdyjhnByd4JyAAcMePYgHJXpxnAsv5c7b4MZK/MFOFXDc4yMcHdgk8noOprGpCM020m+rS6abve9ktb36qy2rma0u11Vn6JX+6y9N+g0zO5Vso2CrPjG1uo+bpg544Cn73et1fskqqbpVEjI2FUkkAbgpHAHoGUAnrjpiuaCBHZegwSckKxYjqx4z97GR179BUql5GGD8yAEtuIAwOTzj5TjjgnrjGOOKVKq7cr69NF0XXV31e7/ACRtTrcrV1zX01u73tf5u2js99b6HtXwr03yvGGj3EFzvR5GVY8FCMgkhg3PJBGTk49MV+kfhm3eeJE+VDgllXOGxwMHv6EDoQTyBlfzH+Fssv8AwmXh5RIqq91jl+nODnPK55Csckdc8kV+q/hiCM2kbqP3jfKVBA4ABL7vU9SxbnB9BXfluDqzxN21KyUXJ2Wtov8ALVtb36XR5meVYRoRt1tpbl193Zq2vTtu0noejeH7HaisyliWZGB+ZQDxxjnPH8I9vp0l5ZPs3hUVF4UleWYtkD2BIxwdwz0JxVfw5A/yAgBV3L1UFsHBwSec4HPvjPNd/c2o+zhwq7ORtPUYB64BBJ6HgA44wFAr6ieXQUdVeVlqlayfK9YtPp3dktD88qV1KW7jFW6620vorLbr8+qPHLtU3M+7cyhl2r/BjHJzjBOeCSCPQYwOCvoUuZnRQzGKKdizYIXCsQvTaSuMAZwBjnqK9G1ixFuZZ4y25y64Y7QSx5KgcfnztzjI6822npFaszkGRorndI2dvMTnbwemMYJHODg4PPlVsK6Mvgd99tHzW0a8k11SXmioSjN0ndNuWrWqu0lv269OXz2PxM+IkrP408TESbydWu16k4UMR+OMZ6LjIx0xXEDhgcEnnBI29eCeMgc5GOfxIyOt8efJ408TDgAazegMSBnMue4469icgjHOa5Jd5G44JBwRnb8ozyeO/PIHH5V5rc+ZXStdX0bTSta3K790tFfdW1P0ilFRo04x6U4JL0ira3v6+XfYlVfmGdxwTlh2zjjHpg8g9Ac9DkWYBGSxDMBHnIO1QcDqO5BHXOSDznJOKQbBDDoONu7HLEfeBxxj3yO3JNPkfcpBAB3DIUYA+7254PJwMjGASBT80td99Houu3pda20XU0TfXt/lpv0+7bUnMqSONpLbcgdcAgnJGRhiB169u5FKuNwKg5JPzDOS5wAeMdu30AweBUjDr0I5bGVwOnOQPX09cZAzWjEjIwZkJUE7c/KD0wQWIP4Z/XrDvaz5bdrWte2u/rt5u91YL2fTfvr0/rft3Le+VgULBPkDMh3DcByc7uARxjk5PXtjb0HTZ7ubcoDmJWIj27mYMMgHlcA8ckdATkgEVnRWtxO2x4wJSAUJIBA6sSNuC3HBznIGDkjHVaNevpVwYtoklYfeyAyYG0c9hnbuz9elc1WdlaOr0t01Vr2V99Nfe6pXvoyUlrbq9Fbva+mvfbdr5FqzkuxI8EiNEBIwycEoVBAAKEdRjoM/dxk8Crc3NwrC28xFG9n3bgCAfVuc5yqgHGMZIwQRcuL2SSYIxVY3JLsB8ueCV3DB4B54zkdORXI6t5ilQrjBB2sG7EnAYncxOOMHPJIwMc80JPm968dG3fRa8sV02Vle2t3bvZ04xk/ejqr2bVmlptbVJa2e+ppzb0t5nLB3f5Sq8jBI+bnkj37Z7YOY4SIIR9oOZWIMYLDYEPOCcAYwDgNg54IBORkWV0USWKUFmZVKscnIAGeecNkbscgnj0Nbthpc+qlZIY2kWJWMhJxhWHyAg465HTGQRjBzXUpJRu5Kyta706e9bvp6drLUwxFOMEnKXLHZtuytdfF667fJaMwZ7hPPZ0QhA2QMk7ieT0wGG4HBxkYORyBWpHqIa1KMcOThSQSQAQcHBbAA42kAgjPQVm3tm9vcSRFGTY5DgqQATx6ZIHoBxk8eqWlvJNIyRozYbeSScJjoWPPGQQQCCB1HIz1xlScU29Oj00uk3q3ulf16tbrDkjNLz1T0aSvotd79H1tq7WR0NrqE29SkhDRMMMrbTww4z324JPrxkmvc/CPxKutORILlhJbrgNuc+ZgYG4cYJAIIPvtHY14BHptyqyTMVQFgVy23ce5xkbVAwcHqegyMHVsrS5ulV7VGkEHMrA4C5PoTk8ZweSMcn+KurD4+phJxq0ajjy8r6qLty76666fO+1kvnc14dy/OaU6eJoU5uUX7zinKOz92S2eqeltV1Pufw78RNO1aVU8xBs2qrswjYE4OGJ25IyeRwCCTzg1+gP7O37bP7QP7Pmo2mqfC34ma5pVrZSJL/Ytzfy3el3CR7cxmzmZ4lQrlSUVCEPDda/CyWW7tJ4Y7W42yAqzGNmGGXnkg9eMnjGcYAwSfYfC3xC1vTWtlv3ZrVNsYcnLjH3yQAecDpznLDJGa+3yXjqdCcIVZqCkknJNOnK/LpODvFprpJPtc/BOMPBuFSjKrgVHE2bcaM1+8jrG7py3T/vRcX220/te+Av8AwXo0rxXp8PhP9rT4Y6X4m0+7VbWXWbKytru3KOPLllns7mKYjcvzMLchiMgAA8/WMn7M/wDwS5/bpsLrWfhp4n0r4Y+Mdai320ek31vYbLqUcpcaVcOGQ7/vCNFz0UZC1/D34c+J2nXEqRPcLzt+U8EhgACMj5QD94HOQSevNe/+EfiFqOh3kWp+F9f1HRNQSaOaG4sL2W2ZWUkhg8TpyD1w2BkEE8gfrGVcU4WvTTp1fqzmo3qYKpCEdo/HhJqWFqc32vcg3/Mpar+Y8+4HzPKK9RxpSc4tr2OYwqVUkuWyp4ym4Y2jZ6p+0qxW/JZWP3v+Pv8AwQn+PfgQ3Ws/CfWdG+Knh62eS4j/ALKmWDVFgyzK0luXbzn2sMBAQT9QK/Ij4kfAX4p/CnVbuw8b+DvFPhe8sXKvNqml3ccMjq2Agd4xGyg8hkKkjdxng/df7OH/AAV7/aZ+Bktla6x4il8beG7cxo1lqkjSXHkKQGRZz854BwXZ9pxgndmv3R+En/BV/wDYq/am0eDwn8fPCGiaTqOqRpBeP4k06yuLYyuApKXqxCSEMScMZAwPYc5+oWIpY2kpfV8FmiSvOeGthMerJXlLC1JOjVas3+5mrp2UbtHzdLOc5ylqNarjctUWlGWI58dl0muVrlxtCEa9BNLR4nDyt1k7Nn8ZFzd3Uc0s95bQypuKRzRRtG6bsDe4IGCD1BUFhwQQRWgmrWc80C2lxDazHaJy0ZDH7oBAbKkjHKk7Sd3GATX9kfxe/wCCPn7E/wC0/o9x4m/Z68bab4P1G9hNzbJoWow6lo7zOrMPPtElaWNS5wUwApwRxnP4k/tF/wDBEP8Aa2+Dcer614d0Cx+KPhmzRpUv/DDeZqHkoCQ6acpNwzBQMhM5Zeg6j57F5LkWOl7OEo0MQ1d0MVSeGrxasnFKolFyu94SaeltFdfquReIudYShGrKq50FaLr0KscThmvdSk6tJycFrduUINfastH+ZOialrMeqC30rUJ0XfBI+o6XeSWt1GcjAElsyOAOyhhghfw/R74Gftv/ALQvwT13RLrwf4qfxVbaFCsa+G/G8aapYTRqfnj33KvOCeeRKGBbgjAr8upvA3jX4das9l4l0XxD4Z1FLrZcWWp6de2c6tG2MlZ41xgjDZIz15GK9Y0XxI1uWNzbLdqsW9DCcXGexfaQ4I6nt1JFfKZj4awxcGq2Dp18M1tKKneK5Ukm1ZebWr6H61kfjLPBKFWlmE6eI0tNVdFZK9tVonfVLuraK39GcX/Ba/4X+NPDUmgfHv4JyeGdfCCJfEvgm5hitIrkn5phaqjXLBcmQozkdTgng/XHwi8YfszfHPw9Dc+EvjH4L1W/1O3imTQPGT2VhqEDy5C2hiu9sskm4AGRR0zwR0/kI186LrGn319LFex36ILiMDe0e5R1PUEEfKckknJByc1zeg+LNQtYoQJZbObKLb3FjJNaXalD8u2aJkcMD0O8ZJJY1+NcUeAGVZnJ4jCqvltdJOEqcbwbjZpOFk7XfxJ67OzTT/e+FvpKZngqMKeM+q5pRvC6nK894JpN3smvTv3P7JfHH7E+mavazXC+DdEuZJI5Jbe50O8gW3uMrncjROVB+dcHHBx3JFfhT+1d8KvCfh/xKfAmneHvEUnibw/qltqet28SSXUGkQ7x5NwzorBUdgBknDE45JxXzt8Lf20v2kfhEqf8IN8XfFtoYgqQ6frF7Lq9lsQghP8ATzOFUsMErkheR6iDxn+2H8VvGfjbXPEuvLpM3irxhBpVt4i1zT9sU93a6fNHK0Bhb9xG8yIVYgDGeg4z+b4bwj4myHESqxxcsfQpqTpxTlzOV0kmpKzdtNNE0ttT9QqeMvC3EuFhRnh44KtPkjUm4xcUny3tKNk9bN6PRM7jUPHXxat7ObQ59Qu7LTYIIoLWCeyB862Qh4Q+5MrwBtc8dBjuK+h+OtR+zvba34b0a9ZQVecr5Fy5+8DkFQSV56YHBPU1+svwg/aW/wCCf3xF8P6JovjY6p8N/E9ro9lZanN4h0P+2dN1DURGiXMhvrWNlitmny4LNuRMLkbTXuup/sO/s1fFrTU1j4VeMvAeum+bzY5PCXiaxgu13kMpl028n85XBODGADnO3Azt8jGf2llk75nkOMpQvf20YNp2cVd2s+l01za3Wh6MctyzNaNP+y88wGIk4X9i5pNOXKrJ7XTer03dz8UYvGvgudBb32mXukTLg7ogJYc9toVWYKPvMR97Bzjt2GmzaDqkUQ0vW7CcMzKkNw6xTBj32k9c4AxxjIHINfbPxF/4Jf8AxN8OXUs/hpp9XtJUBSzurcpO0ZGQqXB3RSMckLswDww4Ir4s+Iv7J/xH8DzSDWvDviDQGgXz5rgafdCBEU794uUUKQRyNu3PBz0rnp5/llaUaX1ieHqRcE6dVOFrWv8AEtvN9ba2Zx1eDM1pRcvqar03Z+1pNTTa5WnFpv3WtevmtrfNPx+txH4z+F/hdESQ3uvx3t0IyJQFibAZQmcqcZwcgccqcmvd76KO3Z7WLaFRRn5cMnyjOecfiehOMrkgfNGmabpup/tK/C3w54h8RPBoMGp2kOr+Irjc0+k2ck0YnkKPu2hQTw2fmGeo+X9APjv4L+Hvhjx5qei/DD4gaZ450P7PHNBq4YW8pd41L2z78o7IxPzKBwAAcjiMyzaNDF4PCqNVxq03KNeMJSp6yTa5l8Leju9L26tG+B4XrVMtrYhOkvq9TklSk0qidl8MG03Z+e7tqfN+qNZfZc7I3RSCA6jLnGWJYrj73Y43Hj6cktla3sRZYcSMc4BKqAvAAb+73Ixk+tbGraVrVizNJZ3MkDK22SNfMhPPLKU42jI3EcZPHauSN9JbTbC2zC8K4dDngAZxgHOMBsgd/UfRZdiKLSvV5rRipKUk3f3b31bs3snda2drK3ztfA1VNN05K0tfd1b927Tfe1mn0sldbdXY2q2iojyOzZL+VIokRVORxuUqSSOoAx7d/FfibHp82qeH7R7SATT6gZS8aiIuiNyrAYO48enbutd8us3qShpYXMcQO0qTlSeBk8BiR6jOADgg4PlnxBdZ9e8JXIWQlppA4ZWJ3E/Kp6fOOnY5Un0x6sJUJTjqrKUXur/ZWulk/RO1nte463PCk48r5rWs0lbWNracqtpfrZqyWh9b/D79jX9pb40fC7xv8afg4tlb/D74eI/9s3Or6jBZLdSQLm6isTdMBI9uPvqhY5KjGTXybeeL/HFnbpbamlrcRDetxcKqsFeJnVy20DftZWIYfwkYPAA+q7b9o34o+EfgNcfAjw94guNI8Ba1eyazrmn2UzQyXs9zhpRLJGfMaNyMPGW245IIUCvjW6lFyJ7ZJZfI8mRyefvEMSDuIzyCc55JHAJr2MdLB8tD6r8ShFVPeduZ8umrtvpdJeSs9PJoRnytSjfVqaatzNyWkU21a299G7289Dw14x1C+kMAmgulkuVSOGFN8jHdtbapz8wyucgKT1717rHpviOaAXFqupWEyY2xRxyRsIgAxfzYtvO0DkHkHAAO3PlXw+ttIj8NALGttqDyzPDdQxJ9oDqSQ27bxnPQfNkE44xXVHxL4us4zDD4hvXYBtqzRoxCEcDLDIAUdyBjjOOK8OricRGSjCS15bWd19lpX0euyWrSXRXNHChPljJSgklJLTRWWjbSav0Wu11rY9b0L4wfEPweIJNM8U6w8kRMa2F5M88YK4BAiuGdWB6H5TgHGGXr6FdftYajqEEGm+OPAPgrxZatGzyTX+mQW2osBgOFljRG3nnncOSSAeQPke/1XxU8kFxPNa3DrG23fGnB+98oRR8xOATzwOMHOfn7UvGs2ueMlt76zuVTR0YTNZMwV5FK4JT+INkZUHOCc5wTXdhcfjIRUpNtpLq3Gytd3et7X0u3vbfVyw7StQk7WTfLJ6rRXTV+XZXt1W2rP0sj8T/sy+MpLYXPw/1nwVfS58288P3aS20TnBJaEhiMHllyCFOMEgV0lj8K/h/rkobwJ8WrGJlJRdM8S2klrOrnG1ftUm2I4OAWAAzg9OnwZp3jDwtdrEJLm506dsDEasuMDHzFOhJUgsOh64NdbYapaCZRaeItuV8wLOcPuOQGyRxyBggDOMZ716FPO5O8asb2spO1m9Voubez1etvU45TxtH3lOUunLu00lo2kn37vW9tEj7E1T4JfGLQ1lNjpOm+KEdg4uvDmp22oyGIDIPlQszphcEKMfl151LzxR4bljs9W0LWrGQAmZruwul8s4AOW24AXgE+nQkEV5h4d8TeONH/AH2leKbuCUONr2moTQu6E8fIJQgDDGQRg8EA8165p37UnxO0SCazup7fWY4kWJodY0y1vROqgbt1zJE0g3En5gwPXJyM12QzDDVNVNxb3T1Temqv1at37m1HOKsJwhUpNt2bavdP3bpJxs3td3/HRU7j4gWqJ5SyMzuREPLBBDZ5G1sdc+g7+2OP8QafJqqpe6pMbe1UYWBWBkkJAZflweGxnkEjncB0PrumftLfC3WYbSPx78FdF8yS48mTVdJDWdyJWODIEG1N+7LjA4yPXn2q08J/sj/EPSorjTviJrfg3XXJEtjqsf2iygkblEVkwSiHAHIxjJBAwZqwp4i1qkZRb2aS35Xdtau19LLpq9T38HxFhYSXOpwbtq9I3Vr3acne+uqXmz4R0/w60ru7Qm0sVdDtjXa8pBGCx5JzkA+/GOK9j0uw0xkTzZJkFvEpHzfM2BkDBOOBgZHzfTIr3vWf2YZLay+0+CfiN4T8XQOiPAq6jBaTlM5VFSaTJfH8IAO87TXltx8JfiXoMc82q+FdYeFXP+nWUL3cO0HqXiDKQANwIPIIJOW546uU5fNfv4QldK8fiV/d1b0drvayTvutz2aHEEW06GJs1ZpqequovayaSlq0ktO25jyRayriPTrqRLXB4ZmG4FsgjJz8oyMdB79ul0/xL4h0wRosJdSQskjZMb4/2s49SMEY4yMcVj6dfPZGZLuC5glh/dsbu2ljUYHPysuAeuSMY47HNdcdSsJ4IgziQIN7pGpMZ44Y5HBBPQdevGK86twllGIpT/c0XzRbtyR6uKVrq3Tpfo29T6DK+JcxpVIVI4qT5WrWlJaJxWrv5Ps7au+jXr/g/wAfLp8Ru7+YCSONCIwxwv3Tt3bsAg8dMnpntXrHhT45CLUVnN0YY95kVJXJjRVAAIXcAc8cHvjpiviC+vTcyrBY27gMWJZMkMVOBuUKRtznJIUcn5ic527W2uDFEJn8thGd5GVG07ePQEZAIABAP0r86zPwvyvF+15aUYp3d1CNn8Ozs1ZLTXppc/R8t8Ssxw1WnGU3OMVGzblK7Tg+umq+5t6dT9FdM/abtYridYb4gSTYLmdtsuDkoihsjP8ACBzn8h3Vr+0hqkk0d1aXzeYzhLaAsfmAGAQSTgHI2kAEH02kn8f7m6vdKvgqn7UhZjDHCWyGLfKflzySBjOCucjkkH334e3urxxx3kweSQgNFBKwYRgoQSRgMOMjnnA9WO74mp4HZTODc6EJXm3rFNXbi77bve19e6PqKfi5XqVHGdKjJKEbc0eZ7K+lndvXT5bH378X/jb4zvvhzqVhc63JajUoVxbpITlGzvGS3ylQTngkE5wK/Enx83mz6gbiYM8lydjrh3JLHLyA5BYk4zjqee9fafxD1G+uvDmoXE12zGO3ZUTzPkifBPlhsjGACDg84Ocg1+ZuveJrhLySOOVbiU3OJQWVyAsnCj04HBxzt+YnHH6nwdwnheFMsrUsLh1CLjvo5OySd9LrV2SvZbPVH5bxfxVXzzMMOpqEYRd1CFkkny62SS1aasrdD9Y/hj/wTK8UfG34OeGPGuiL4a1NNXgd/wCzL6KD7bLlRy0hG9c8EAYxg8sDmvknx9/wRc+L9rqWqyp8OZnctJJFFpUgkgkjJJLKFJKtjlATgk5NfVn7P37Ufxw8M+GND0/wvbx3Wn6LboIlEsqxANggMiHaWAJXgDB98mvuLRv+Cg3xs0GRDqng+3kllVMO8jOJ84ZsqSSC46ZPpt5Oa+EzPjbN8Fi8RT9mpxp1Gkkkk4px1dneyatbm136n11DhTC43CYet7ODc6dNp87i9VFt3atvfrbV67n84uqf8Ex/jH4Pn1CU6J400OWAsYttjeTRgoCzDdAMBV4AIA6/nyMfwS/a38CWF2tpDrl7pUeYYreaGcTuBwm6F0Zwc8EH5txKjg8f1+eEP27Nb8TG2i174R2n2YwiW4kkht5TLnhtvmxsX3ZHUHHftXcf8NH/AAk1e4SDUvAuhWNzfEFvP0uyk8hlJOCFi4cZ+8Oe5z1r5mXiznNOXs/qMpu7j7lOo9Ha17KS3006vS+p1UPDylOV/ZSgrXUliKbhf3UnaVru1uzb7rU/j7+GviP4o6BrL3Pxn+DXivWtGsNPcLdx6PewmOViBHIkkcIUgcEYAJHQMTXsN3+0T8DfDOqrdy2vjrwRI8Ie/ENxeo8DOjeXGEkXaqt0PGMgjIGcf0m+Nf2jPhZJc32j3eg+F10dT5c7DTrEyOkY4CK0WFABwQcA8H1B/OP9oH4j/AjxJp/iIWnw08E68LqM2NpLd6TYw3G8/IJFMcYJ2nlWHJKED726uWlnud8U5jQ5svxuGp80VKdKrUhZppuXK47RSVratuy1R+i5bLD8L5RUo1quAquEJSgsVCFaaUVorRl2j6Nu1tz8Zrj9vDwV4jvLzQobq7t7TTLiSBNS1NYbqa/hdto80SITyuDnA4JzkHnlrz4y+DvEt7Fu0Xwbq1lNmBbi8sLVJ85yWcKikH5uGzkg5AWvrHQ/2X/2dPEiM158P9Pt7rU5C872kxQ2skjHITa4+QqflByQBwT0rq9V/wCCanwC1mzgm0TWdd0GcgsqWlw0oV85GVBfaFOSQcLtGSMAY/onJoYvL8HTpqrUqJQhze1fNO7sruUtnbdevay/mzinOsPmuNr1Z0cNB80nahRhCDSaadleztaz01dn1PjDULf4B65Fcpe/DDw9e3JtkR7nS7o2phkBy8ioHC5AORkdewUYr1/wn+zf+yh4j8E6xrPhLxZrvhnxzd6MbKTR7yWG7043FwxiEEQRdxGCAQdzqRknudXWv+CX3jPTo7u88DfEQXqyBhbW2oxzrIGONgdgQhBzySMHnjHA8y0/9kb9sn4U3MN7pfga+8c2un39rqs0fhyE3xLW9ysgNykSuwjdVAeMghuRyMZw4lzSWHwc8TVnSouFGT5nKMIq1pRcnstbX76p+fjZHhcFjcVGl7BVOao04qLbtzRXWO1uq873T09x0n/ggt+1DeeGdP8AFHge7stc0nxRZx6hbBZFhP2ecGVVdJGBUbHC9AcnuW4+N/jD/wAE1P2kfhN4jk0DXPhtr95LaxxNOILSS6t1jypaWGSJGDqeQSC21fXpX9M3wV/4LZ658KPB2heFvj/+y78Q/Cx0PTLXSG1DTdJu4rJxaRrD9p2tARHlE3kDuTgEk59U0z/grh+xb8XPHtjqGoalqXh2EJHCbXxJpu1DIWXck7Too2D+IncAOccGv5DzjxT4vy/EuphYRzGCrctTDwpOp7OjdJTjVpSknFLq1K2t1a5+w4LgLLsXOtSxWTOhhlQ9pSxVCteVSfLB8jpybs5XeystrpXR/F3r/wADdb8LsdO8Q+FvEPh6XKLBJdafcRxqxABcq8I+Uk5zuAOR0OKwz4Dn8N6fJeiaO+igmiEdy4RTDtkVnwrDuMhwOoJB5INf6MFhqv7CP7RWhw2S33wg8R/2lblWt5m0RL+MuAAqEATgs/O0HcP4QvQfCX7T/wDwRz+BPxG06B/hHomi6LJdCZLpbC9Hlz+cGIntsSGNXQ7WIYEYPy7eQPqcu8YPZqhPNcP7JVHFSlh5uo6bfKrTpyUZJ97R9V3+MzDgTA1alWhhZV8HUipqEMZRdOE3G2ntEnB2fW1ra7M/ig+LOl+CNV8UaLq3hWC0tkfwvatrE1vGVtGvI7YJcZjA2rIz5LMx2k8jrgfGHivWdPW41HT7US2lvBbqR5WRHcXKqzeY20AMTz04BB9BX9o15/wb/wBv4Z+DnxD1Kb4jpJ4vj0m7n0uwltw9p5NpG10qM4BZJm8vyiwwpJ9K/lgf9kTxpq/xG1PQdYlh0S1sPEMun3N5fQvFYGKCVomYSkAEMiZCA988AGv3zhPijBZ9hpTwUp1FCEXGE4pSUZxtzcs2pK2qjez2auz8H4s4MxWX1vbVoQr06NSfJ7OSqx9olFy5XFrVXdu6t8vga30/xJq5s47Z5bszzpIilDsiYOoDSgqOnAYnrkDPOa+j9N8LyeFZdOmvr5TqlxB5t/HEeYohtZQwBO4FhgjHzYAAI25/UPxF+xXeaR4HurnwovgfXLqxs0ktptN8Qael6Fh2+dNLbbhMXZuRGMknHbFflF8UdP8AFOk6wYYLDU1msZhZ3jmKVla5UgMBIoIeLgYAO0r2yOO7GSxWJrqhySpQ9294ybabTbbtpbTS/XsfF1Y47FQhhqeHlQhBQi3yuMpJNJv3kmklq7Oz3YvxI+IllbacIba2hkvZWHltCnlxxLgqGdQApLEljnv/ALQzXzLeSavqN35zStJHKg8ws5CoGOTtQYPA9csR0HWu51LRdUunEt5lJ2m3SrKvy4HQfMMZPouD35xxZXRVPmIsay3DRqirE2F2vnGFAGABxkHB3Hgk16VLD08HCL5ZNq15ON29Fez6W67Xfoe9k+WvBUZ2TlUnZylJat6XSavbqrabab2PZfhXoFxrvgmWQJbT22kXy7hIDvw+RnJJBIxyQoGGIJ5Ir0/SLSz1OcWU1ncQRRkQRuCcCdN2CrMSiqQRyoz2BGBX03/wTd8IfCe41/xsvxgv9Ps9A0vwlf3sGnX0mF1C5FuxTyQHGZ48jZndtJ4wQc+LeONS8OQeIdfg8J77fTE1a5udLhRg0j2CzMYjvGdo24BBO4LwctwePN1Vhg54ilVfNJScael7qOylZKPN9m7vbbz/AC/MquY1eJMdgm6kIQcORRuuaMoxk/ON3dK61u3Y9H8JfCBdehnu3WeC6t7cJbwRIbhrlDn5skMd3QHGcEjGOtajfCfxPYapZwPb3VjblVEN3aiWCUL03S7SDhSPmxggAZBr6f8A2afjd4Nl0TTLDU9Gs4dVscWk8skW9pomG3cXYECQYHUnPPTJr6/u7v4TaldwvJcLIsqkq6kMLWaUA7WUAfKM8rjgdBzX8q8TeJ+eZFmGIw8qVX2MKijGcZy5+WXK1JafZtKM2na9mt7n7Pw7lMPqlF+3lzWhzJtO11F31b7NPp566/D3gDwh8frGR5PBHjXxHDZwSnbNDqV2IkkC5EJVpMFcADAyBjrgcfSI/aJ/a++Gumw3GqzW/izTQotDD4k06C6hMvKsrNcxSFyF53fNkYxghhX094C0jw7pTyw6VeQz2bzeYrPtVXdx9wqp9enORjGMHns/Fd14VszbWXiO0iktpBvgEyrKhnkwokEZJ+XkY3AZHc5yfhcL9IjiajjJUaFCrOPNG1Kc3JSu0rac2j3k3e19z7uGU0/qkqssRFSglZzcWopWv7y6N362t1ufDeu/tdeHtSNvJ8af2a/Cupo8IluNW07SotO3CQYJV440ViSRgjPqB2rO02z/AOCe/wAW7aWefwd4j+H+qXTM6nTXd4oZTkrtYgryTwMjHI46jqPj7pekasZPDtjbW9/by2okjMYjiitTjemMktgbhlRlc4HAO2vmLw34Z0rSrSHR79rS6kdzcRJbDE8cnG2IsmCNnXAPB3Y4JNf1rwJx/j88yihi8wwVCFSVueEqfK7LlTak0ul91a/Tofz3xv4iUuHc1eBjGGJUZWlKMnyppxTS3SaVr63ulZWOw8S/sS/s3eKWgHw//aMsfDd15jtDZeKYwrJOxOwSSIYwCGK9cjrkZAJ8r1z/AIJq/HAWt3P4R8dfDz4gyxSedaXWm+IbO2vJIl+aNVjecsWK42ryWYipPF3wSstcgv73Srm8s7pYiyuHldEmIJUnacrgk8gkjvnBNfndf+Ofix8MfGN9pCeJ/ElnJY3Q2T22oXMEbRoxCtGplXdGVHVVyDgdc1+mYbMctxsVJUoxlFXly3i/s9Fo1bZ79rW0yyDj7Lc+54PlpV1BOVKd+Z2UU2kt7d7LW3y+ob79k/8Aaw8GXjXWufDLxbNBZq6mfRIH1G2dQpJYm2WRSX52sOMkYHPPn9zZeNNG1C0t/EGg+J/DckBmbzdQ0qdHDHIxIWjyxzuGd3TOck5HYfDz/gol+0p4Nllii8e69c6dE6okd4y3itt2gBluQ4YYUZHI29QcDP1r4d/4Kz+J7yG20jxv4G8CePlmJE41rw9p8NyVYlHK3C26uSRk5DZ3L8uOK58XhMuxsOWnWUZdVUtK97X2UXo9rbdbap/WUMwwdZSSnHmutHu7cu6fLJ3SVnF9bXva358a3qd0YJxHZm4dlIl1COLy7k/vDknoQQvPY4znjGd7Q0LxJeLrl61zbiIQreBhDCjjMkRbaFAYnBDEDrmv0psv2vv2GvHkyW/xL+AeneHbyRsz3nhy5ELKXwWkECOFCA5YDGB2z1HQRfDX/gnr8TpZI/AfxW1jwJJfqJEtdaaI20EhGdrMSCUDYUBTu+vf4vM+A8Jjlyv2VWmmm+VWbbto0r3TtZp26b2PUwrpJOpHELmbvZ6NJ2Su4u9uiT6drH5nalNrF1HPaafHYy20sqxyC2n8uSaRuZBkODt+bljkFj/dBJ8J1Tw74v1LxTBpZ0m/DSXcNjZRw7jDIkzAEiU4jXaD94swJUcgkY/YvWv+Cb1zqtzFqHwj+NXw+8aWuxp4bI6nFp0/zLlVcvMoL89AR7ZHFfPni/8AYZ/a48Lx6heP4Bl122tnFzb3/hvUl1GRDHgo0H2Ry7MMAoAQWBGeK8XC+GWEwvM6dFXa+zFSupW1XL2v1s+6T0N68edKTqKbjG2r547K12rO2t0tdUru7sfnz420/wAU+Br6902TQNfsGsEiinkltJvKkLICJBIisr7gflKjpypB+WvGdZ8cONNuFsRcWc6souWukYMzk/NsVgCSMkY7LyQc8ffEniT9oD4O3wvPFHg3xRdRSZ+023ivw697as4UqA73cE3yxj7pDEAgHcOAPP8AxJ448LfEK8sh4s8B+HTEd3mGCxGlzrNKQ78RpCjhSSPm+6CQepr1sFwPl+Hmpzoxck1L3o3d009LvRXavtulbUeFXO7cvNHRNqTtq01LVrlvp1vv0PgTR/HGqWF0Q92hEt0rfaCVaRFZgp2LnPQ9Dz0IHc/ZPh8aHfJouJp5FljRrm/BbzBvG4hGDYxkkBVOQOvXhl18Cvglr0p+ySaz4c1F7xXhjtpYrm1GSDuSMhnZE3YGOR17kjqtK+Bz6ZeQafoHjrTtQgN2rQ2N9vtJy+3BMjybYwAScAYHIA+8a8zi7hOGNwt8JHkqxi4px916KOi3i7NXtZ+e56HsrzjJRk17u17dGt+bRa383vbV9XrWraJplxbR2kaM1vaL5M8Y2TMzYAkkIIHy/MMgc9cjINddo+t6paxxXthcTTLEDPcK83l7BgFQQTkgHgg54JAAOSfN9Y+EvxI0+W7mhsINXjlnWOJrW9hmmWQnCiOJWMgTrjA28Z5yKltYPHHh3zotf0XUbee38ozWrWriF7fbwzOqbSuCuQOuM8kjP88Z5wTjaVJJ0Z1pJtzUouSab1SXRRSW3LZu6VrHQ21NNqVlpJpKNm7N2s73T7b6tb2f1NpupWur6Lp2s6nLDZXMcspFuXLw3KjP7yZgxOSOmSuMjPA58buPHX9l6hfRWkhuE+2iVUWQm1RQ5ATGWBbcwxzkdcHIrzPXPEepypMNNuJ4S9sX+zFXjht/M25ADADcBg8ZB7cYA4Dw5aeINQvZFjeSa0trhJLh1xgfNkkk4LEtwdxx2r5vBcHQoU8RXxklCFm40GrKn8Nkrq7le2qd0rpa2ZnWrzUouDkmnZa8ybtFNtbJuzbtp0s9T9F7Pxno0ekaHJdXkUl/NBvaOXDtbRMASkWcgHbkEsO+FI5r5E/aW0QX5sfGPgXRryeU+Ylza2xMoYnPmzNCuWwxB3AnJxjpiq8l7qsN68uoI1vaIqQGWT5XRFHO0HkEnBUdM4LZHFew+FfE+jaZa27TyyF5biNm89VdZYTwVUMCpJGTjBz/ABDnFcGT4erwXmVPO8t9piffc54a7UJ05O/K47pWfa2rtbY7oTdeChOUW04yUnpbWL3dm72191aX6n5d3viu7MUNtfytYkiVZLWaJo3QliWUhiG5246cHjrXOWPiqxS8mEcX2e3gyQqv8srKdwWRjk7Sw7egxg8V9r/tcfCXSvEGk3XxF8F2EFrc2fkNqUQAhM8L/NJJDCNg3JgsxUAknI7Y/NOK42mUZVlUgsqDDhu4Pf72M5zjnP8Atf2FwTn+B4xyanj6EfZSu6WJozV3SqpR5oSWqtreLtZxsnbUUqU6MorR7PSN+b7VtW+19LWu/l7f4j+Ll7e6B/Y8G/c7vMB5mVi2jaqqvZTtwvGf4hnOB4bJq7hkeVt1wZWkZt2ZAAN2fbBycDIPQZIqS2dri4lCmMGb92iMMsvyjHbjGScjGMAgEnFdFp/gxb68YTzbR5e6WTAXy2OPlweG4B3MDjpngkj6qlRwmAU4RjBOd9LrVys27t63fe91dafCa3aXvbrl7qyVn+F73VtU7d39j/s6ePLzS7W0vr8J/Z8XmW8ZAV5jOyqI5IwwI8xWAwR3BPWv1f8A2ffHfxT1HV9ZsZvFWrx6PqGnzXVhaXDyNPM1pD58UCxS8wIyqB5rKoI3MMnFfjH4G8QaL4cWy054RIttcQiGUMpEkitlpHAJAHOFJzt7A1+gPw0+Kmv22uXU+g6oryX1jHZXF6Qnl6XZSoqStEe0qqdnB5HTBr8/zHMsVgMXWrpyp0uvLLVXtvbTXq91rffT9F4Z9hiKdCjKXPNuHNGyvdpO7TaeltNLdW9T7o+K37S0lrZ/CAeJp31DxNpd9c2+u6OjtLYHSYpijpPHMZLdpmg4bMeQegxyPjT4/WWlaB4qTx/8OFu7T4SfEHK2CTukp0bxDI27UNPkjXAjieVneA4CbNqqMHB0Pif4h8OW1vod/Hf6brepR6XqEE9suHuMOrs17MzZInZuOMDbwBnmvDbXWv7d8JQeGdRubq20i5nuNStYRIZVj1GMM0EiK25YcsPK2qASOvOa9PA5jRxWFjXre66iu5Ssm5aJSurabddbve9162dUY1FPDyUG6STUoK1naDV0r9XbRrRO+pxUF7eWHjWyFrIk0U80MczqSoVMqWZguDvJGQDg4IBydoHv2razfX0T6gb2V/sk6RHaSpjiUAeWCcnLEYBOBzXzP4Xstcm8aQpIhlMF2klwpXCNbxlUViTwRyRgEf0Hv+j6ddX2qapLdHFlLdfJADsRih2gbCei4JJYYA5APBr38tx0EpUaTcnbVLVapNPsrvda/FbTZfGUcBJT9o1ZRk+RtWUbWaaeyTfV63buthdJ1HUGu7iSTbHZzAO4cu7OHIJ2ns/U7TxkYXdXrfhuOOzl/tO1VoEJCkyoF8wHIJZm7HOCoHzDrjrWCbWCKSKAraKkZD/KoG0ZGxWYAEcEA556nPOaNR12GytxEJkmVmIMaEBQ4ACgAZOcgE8dDk5HNfQYCOIq1Ywo0J8kpXcmrJN8u1rcq77nXjYYeGHnUxNRScYe5G+zsrJa6dtnqne/Xq/iF+0Z/wAIv4euPBsN2L2G9kjMlmzhjCP42hHVWZ8AsAOSSc9ByOja4t/bW1825DcwrKoLZUAj5RnGc84OOBz2GK8Afwa/i7xU+qXQwsU6O0YOQYg2Fj6lSSeCQeD24xX0HDo0VvGsEcaIkCYSIEZKheSCPQ8cYYnPq2P0arHD4WlRpycefljddU9FzNvrfZvZ32TPz7ASniK1eaTVL2kuRO7WjWtnpo16X6dH0q6ssu1S6x4IYkEkjAwNx6EHqQNxOeM9Qya8EwUoQQrDKA/exnJyeV5I+7t3DjJzmuZSB1mJLcFMBVwcEdC7D7uPU5PTluavW7/MSFLquQ4Y45z82BySMYxwSOgHXOXtqUtpR962rdrXcbrZp3srv5Hr8k0rppNK66O29m0t7q7s1razWltZL9lQuqEkPtKknbjGM8nP6noQB6zxam6ZCxKsfXcTkL/EMdQMd1HzdfcCJFVsso3bjjAXA2gcgk+gyRkcHkHNAtywIjGEYjDE4O4HlfmHOOQeMZ7eukPZtpqTfq1e2ietrX06N663M5e0jZpO1opK+tk9t738tOl0ti6dUEsbIgCEYJILZchlyOuMZ29c+w4+ai7TXDlsMGUMPlwCM7Tz14Oep69RzWhbWcZYkgbMbTuUY8wcggDB6kZYNk9MEggyPDsVyoU9FLgYXnOQOcgYzuI+nXitYpRaaW1rWdrqy/z1Vl6aXDnnLfrbq/J/NW6aO3W6ZhMrsjKWPmswPP8ACBnO0kYBIbnGWxgtkCqgt3w3BaTcylOTnPBOem7OfXHTGRit5rcFmZYwMEIW46EY3Dq+CSASOPQ4FQvB94qmAMAsOEb+Y6HsM56dcVTafRJ+t3dpb7XaS3t6dzCTV76du+uju7vvvte2miuYSxkq5yUTdtLZyMjnB6ZOScc+pyBjEoit2B2M2QdmD3OeT7A8YIHY89BWlJGseE8tDnLbSwwR19cM3HQ/7pz0bPmCQKytklzuUfxZ53KuMZKcAZAyWHU5zLSaSfbXRu6vHo203rr1W76tZzvZq6urp32s2vVXu3rv31IX8tgdqcBcMQdwZgcAYJ4yeWzkYPQd47028MSNJsdRG3y/xFyGJPPXvwcnOR0pVuFdflwu45YDBwqkfOc8Dn1yeDx2rn9SuGuGdFZXdu6DgouTyScAZ9MZwM9TVRSaslr3V3tZeS6PdeTZ51asqcXKTSTV720srXvZrR66tJaalazYrqVjdQo0ccN0HYbtgG07m5YggAYGc9QRyMkfW0XinQbnSfttxrEOn2Nvaqss0roNzRLmVE3EFmJBA65PGetfD+ta7b6PCSZmnuSGIjiYHDBdqlguRwcfNznBU8ZrzUX2u6y8cfmXcyzOwgsY/MePc7NjKJgY5JwQfzOD2UcFFw9rUtCHxNvd7bdk1onffysfifG/GNTC1FhMtisRXlzJqDlaPwpW5VfSWj1Wr7XR7T8Qvi3Pq2oTaT4SkaLSlZg+oYxPcdQxUnlQ/wAxzxlsHCivLvD/AIU1zxtrcenaTby3d1dTqpmKuYEZj88k02NpAGWJzjg5B5NexeDfhBttY7rxNcpp0cqGZrVsLLJGpyA24gKCeAO687doyfpX4Vt4ftPEFvo+jWENtGECW4jUNLeS4ODI4G4b87iQeAe+c11TxkKNHkoLRJ3tdRvp5+811bejsflNHg/iDP6/17MYzpxqydRqaldK6tGKTSTSbel9b/PH1z9lrRLbQ/COn6z4gmDJGb3UbKHaourkx4EKMDlYwSUDEkEYPAOB6bovhe+8NaMLHw9pdvpthCkeXi2CdoQAFeWUHzC74JY+5GBjNe5eK9Bu4ZtH1PUQpnaDy0hkG6GNQSnQjOduRwN2RnuK56SCa7SaRndYFQRFIM4YrjAI5+U45Pocntn5HMK9SXNJ3blurtNN22eyX67rof09wLl9PLcnw2Cu06a11Sava927q3LbRa3t8uH0HQLnxBqtvLfYWOAGOV42Y7inzIqAkg5P3sKTzyeST6zdC3gi+wxwByI0gG3goFGBkLglsAgkqeeMjNZkDSRMiWdqlqYo1zICowCeWJx99sEZxkfhypuIFjmWdZPPeQ7XJLPKSxOMfwg56jp2OBgfMr2tSopXs7rXV/y2sls3otfkfocOWDailLTr10gmru1rvdtbW1ex8I/HzSItL8aEwx/Zvt9mJpF+7ll6ucngtz0yfcHAPhIhV0zkoYyuABuDcg5IBJbIJGOpHHU17V+0DqJ1Px7NGrEJptlFBtMg2hmAypOTkg8dM54OO3hSuySIEZsYwxJ43YGcA/eB5+bJ57jINfa4WlKphqfNb4PeVkrp2vr0e627JJo8HGRi60pW97mSWuv2brZu6aertrbe7IplhWVAEZG8wkyA9wcY+Ujk5BBPsCQcGtMzASRBNhYqYiVBztPc85OecnBPzYb7tU2dJmKkqrLkbgBhgRyckHnqRnHru7VlTOYnDAF8swADfLgMABzg5A9ecEHBrphBppWWlremj0t53tfRu+nRefP3ZaPTol5NJSem7b9NbHYR3UTqxkcp5IXaNpYtjJ4bI4zjoSSc5IGRTjqYcSxRq29VyXBKgDHKqOf9049j1zjkRJO8aYLAYLsNwIOCOGB9OmO2AvJwathpI1LODvYBgvOCADgZPqMZJOTxkjIrsVO61Urcqe+l3yvzt01adn02LeIjHRLZ9tG7JXeia87J67vVt763JZVYzSkKMuCSOcdAOQRnjI5wfSrBlIhwkqKz5cseGyRjYC3QHHG7p26YrmluGIQLlWcFVVTxnrx2xj8Bn3FPMjrtRwzjoxzkxkHkg9eV4PPIGAe9NwaVtE9Fu1aSab3Wl+vXRbJan1l3Sa0Vvd2WrTtorq97P7rnQrcBECyyorL8nznJ9wOgGT3755PFNluLYR/O6sTuEZU7S3TaWx0z75A681zMnzbH5MZJJkJ6BeeBwD3yOOTwDzhguVOV2DCMArE/NnJGSMEHBBHGAe3y4FYyg3qktrbX00d13tfpdX30sVGs5fy/P0Vr9FaTb7vRadNRre2l/elgGcc8ruVh2UnrgcnOM+uc4ryxvBGhiO7JOVJzuJGQe6kgt2ABHfkExFllKo4G7cPLVQQGyABj0PAPGVB685BtvbyKdrZbcyhTIThWJJIGSfu5A3ADpyTxWVSF+Wz6232va3TXVWafZa9SJLntJat2S1d94rXS72s07u73MC4WSVWjcbcA5UcY6HAP8PUEDJ+p5rgNasyVlhJZFCsyHgZbHBOd23YScHk9xycV6jfW2YpgWLOBuIGQo4G0qSOQOuB0JB4HNcLqFiZV3ncHYhGRmJBwMjIAGOMZyB1I7CodOSsrX23WrXu7a7aX130v0SlwcWmmnvd2S/lVtXpZre7d3bomfLuq2t1a+KtIE1w4Dazp7xSK4ZoWjuEKyIcnGCOMMDyQOOB/QZ+1D8MrT4s/B74Yy6vBb3j6V4e01YbmSICa6UadE+xZVGc8E8nO456HB/CPxPYLFrmnTFEVoblZMZBOUcMuN248HBGRjHHQmv6Gft02sfs8/B8q0k17qFjBmR+EUJCkIBznBCgqB1JHy81+y+E+Dp4qWaYOvCMqdWlS5oz95NSSjZXvd6q2u2z3P5q8dsRi8Fi+GcwwlWVGWHxdZSnBuLslTaTaavs9L9fkfhp48+B/iz4MahZeNdCmu59FJW4ZoizNYMHGIplU/PCMhSSCQOMjdivrX4N/E7T/AB/p8ELDytcj2i82MwaRVKgyRISNx4+6CSDkgDqPrL4j+G9Kg0TTtO1SOGSz1VmtL+KfDgbm4woyoIZsgbRjOeO/5efEXRrz4E+NzdaHO8dpNcLeae9u3yiNmJ8l1HBVQcBcHq2CQcV3cSZZHhDMo1sFUbwtTldWje6puVneO6UW9Undp90tObCwh4hZA6WNpwhj4U/3OKUVzVHFJLmas3d9Ot3poz9EdTsJ4ofN+zuyLjy3YmN5yR9whuSccdBnHABFeXa+947sJ9EY2s6NDMpcHbjA3Y7MQM5IGccmtL9nM+NP2lzqFppupxNq2hQx3TaNFII76+Vm2bLSHIMpOdzsisFGDxzXt2v/ALO3xLgdov7B15L9Sxe2uUZIiIiwYxyFQkgGCSVGOABgE161KDz7BRdOkq9OvS20bcdE7R11TTWj9dXr/POZZZj+Ec1r+2lKlWwtaPJNPkVlKNmns273Wr8t0fBuq6Eun3Ju7YSrZyyNtUxtuiYE8DaM9cZYZGAehU4wtRLvHI87RKUgZg0hACKBwzMwOCFHc8ZDZx0+oPEXw+17QTNDqsSxKxKTw3hG63ZlGXQL8rADJyMbQMnqDX5w/H/xtqGk6jP4Q8OztPF8wvbyBDvAYZaJWAO3Azj5hjGRkHj+feNeGqmRVqtRU3TpVW1GOicW2tH1UU2tbOyvsj+tvC/jaXEmAhh6sm62HhTjKbmpNxtGzfXXRdeq731b+2sb+4llluluGRHCyo2YCyscKSN3Q4HzZJ6kdK891aygiKzuqhyfLVlwRsyP4c8kAFckdRkjgZ8O0jxhqWl7YZJpngkJRlmc8ZYFwBuPzEnGSTjtx19gGs2d/pqXCg5A2RoMk7ih3HLcZ3cDIzjgHABr+b82y/EU8ZOvKTdObbju19m6aWm2mr95ep+0KorR5XzbeWlo817N3vbTa6ve12iC7mim3W9qrqwQSNIxIL7c5Bz94E4P+6flOSK4G/lmnvp8wGJ1QFnBADhR8oKHJAz3/ixtPYjrVsneMiVzEdjSBt3zbDyiu3AUDgAEEjkHrheQexup7lbkTMFDiORt2Q67gMLjscd+34ZMFD2a53Nd2rpu2lrJ9Lq1nu3bRopTaSTvaK6+iilZro9Ft1betzHW3WaVQ6RpuTLMMhpCQMR8AY+Ykkdc8/7I7HwRojC7kmKiKAB1lV3wz5OcqVJCg4wSRt4HtUsGlpd63Y2gjUtPLBGqLtUKHdVMhxgHALA/XkHJB/QX4n/smap4T+D/AId8XeHNLutSW/QXF7c2BaZ7KMiMyfafL3YjG75cjO3+EkZb5/ifivAZXLBYDF1VQq5lOVGjKcuVXsrxlzRum29Ne3kfD8R8e5Lw3jcry3MMRGjXzatKhhHOSUZTUU2pOa0u5JK2jva1z5jtfD0ZsHuChh4ZUjILL5Zzh89CW/gYehwQCQOR1aO1gtw0kKM0TGOJUGGbJ2h2JK5OOy4LdccAndVvEOlTRaTdRSxlYQqvMGJaPbnYAScjAOGOSCBgnNVI9MvNUv4pr2KVLWMMHXYVDeXkZCcMVbhs5IIOORxXjYat7Kc6qrpwaum5xaavHXslpurafeehiM8oU6KqKpGSa5k4Si29Y9r3WnZbtdU3xun+HobW9hnlhZxLEZUTAOwuMqWIXaAOCAwAAXPrmv4psrGC2jnMTxyyAgrggyEkhXwRyo54AA78gsK9f0zRr26lle3iP2eISSb3AEg2rgRgEA/OR0A5+uBXm/iqCea4EbRmVoUZDE6lSjMSMKCASVAzn0/hJGa9XAZn9Zxyi5q0LN8t17rcWtpPpFte6t3o0fPRz6WKxMbXjH45bX5fdaSu0979Ouu58+6ne6hA6IJW27i2CTgL2IwfmOOoBHbj10G1G+i8mS4VY5GRXjYqVWSJgVBc4wG6/KCTw2T0Famp6cWl80AbLdiCJNpG4HO3Hscjkc44xjnJuZJb826TALBEmxWC9CCQMHoVwAVHXOTgkmv0nDypqFNtbr3mtL6RtZ7p31dvPsey6scVQjZJN3c3r0s1Z3363+duh1+heIIrO4inglEUzvvdYhtAKgAxs6/3hjrnnd0yBUviy/l1WOKVgiwtIWyAHYueGyQWyvHXGSMA4JOON06IQuUeOSUSMSjbfm2nOSrYHHJyeSenbA7jRdAuL6eJZzHHZtIU2yHkA9GK5zgLgFsEMcDgZapqwoSrQrRjJSjFO6T5tGlfpdWu/uv5/M4qvSy6ftpYpxlFqTitZWjZ81m07aXvG99Nmzh9ItYNNuJNgeZrpWaPaGAiAOXK4G1cE85Ibkj5QAK7LSdKv9RuBMsQu1gL4gSNnbaBuABzwq55J4H3iepr2Pw74L8N20V9e3l4twiFolhAG5flwxKsSQMZ4H4jI5uX2veF/Dmm3M2hPbw4Q27iXYZ2cDBZFB3HPIGQc8Y5IqVOVWbjCDc9FzTTim+azS/mTWiu1tqfLZlxjVzSssFgcHicbVqShB1eSUYK7inJtJaNa3lbXY+dvE/imeytJrOWJhPJlSgKhoI1fAVAoHY/MuOnYAYrG0K2aK0luSUlM7LKomYFzvy6quGByrgKw4+YjGBnGFrWoTazqtzdSGMzzSsiIQTmMu21s9ARnPXj6gV0NjaQzJb7Z3a4jdV8oZVQVALcAgEDH3uMcc5wa9SpTcMPGDgudrVvlSi5NaX7W2u91q+h93hqNDKMsg3TVOtUhz1oKy9+Sj7spb3V0kvntc6zUbZbuygN0pZym26aMBmRVGUDMc7cZX5R/DnAwMHxC+ksBqRjDnyYGdkw3LkOcoQDgnBAJOMHvyM+l+IdSv7KxmjtlmRZVLOzLkMf9WwBwSOTkEn8Ou7xkQRzTrcEO4jOJVIzlm+9kgAHBycnGMduTW2WYaUYylKpzKUuVJK+vu3d09FZS7Pvtp62S0frtGVaUnGndqPvLV2SbfZLXS9773Vz27wNf6LbTv5Kx3MtxtG+YY8hjkHBIHC4ABBGDjHJJHumm+L7/TI/IhndrWFmCpGCYZAxwSxPoeCAevGAevy14MsbSfUD5rPDaMymRuQwU5KqFznljycYxnnAyPexHb6LdWSJdreWTqrvEg3YO0gB+p3DpjoMcqABneupQleMVKSSu27pNOyi0+nu6OOz0aet/wAz4xy3Cxxs+dyxVSUeaMavvJNapR2SstElonpq7X7bVi2qaXJqMUFtbssJEkqbQ8gIypdc7iegIP3ecEgAj5xu4bz7eHj2yysXV1A3FSBnARV3FhxhQM8fKATk+06trVmllcwWQlErYdiSVVAT0KZ5AJODg8EY4IIT4P6FcP4ll8Qx2lvqraZIZU094/tAu5MllBhGcoMZJIwB97OGrSlU5acZSu2rJpN6NNK12u9k+yW9j57JMTLJsvzDGYiLjSpXdGE2le9uWPNJ2V7pcz2Vumh6nD8bPibpXwUh+HNv4B0jTNFu2YjxG2jg397bKD5jvdSo2CpwN4bcQSFwOa8H07wZr+tra6nZWs95GZwkwjUqkcrkDbvCgHLE7vQZBxyK+v8AXfizPrGk3nh3U/Dq29pC0kt1a29qix7nBVreBtm+FMHJCEKew5yeO0Dx5pfhuw0i58O6eZrjT7qe4vdLukU2iRg5VpCFTeNp6s24HA6gk1mOOq1Y0lCXtJwp2inD3kouNlBRhaTV7SVr7vVbfKYPPMbh8LjqmXZDh8NjcXjJ1/3dZ1aNeVaKcKlScptqU9PdTUe1loeqeDvgR4003wbdeILHRVvIobHzbt3kV5bVymVCBc/Mu3njI2sCBjNfld8U7/VpvGGo2mtM0tzBcTQvCoDJE+4gcjjgDAbp2JPNfrN4f/aJu/EJuvDtnBPprawim6h0+Zjb+VtIdFUfLkDIBAUDOT05+C/ix8GdR1vxNqWqeGJUlWSW4uJopHzPGo5fz2ZuXLAEehON3UVyZZWrRq1ViYxp3SUVFe6rqPutJXTabbur666nb4S5zjcr4kzOXGUKGBxOIXNhKrjeFNSlG8PabRUk0l30TaPn7RoYbaBIpYluUutwkMilWVuMYYjgKOT2OAB6l1jZxvqYiuoka0MjIoQFiAclQpXk46chTuxndnB5po9Z026k0q6aVZ7WR450K4VVyQ7b2wB0z8owwI5GcD1TwulvbQQXN0A7Bklj3oCFTPJPH3jngZzkDIOMn2IxhKfNzWs9LvR25XZqVm76rTdWd9j+k84xMqOHliqNR1faU3KmoSVpqUYuNknqpJpq17X6dPVbLw5b2mhxavbwrbiH5QjR5dSoJVycn7w3ZUgHpk8cVdK8YWEU8trqapDiNog8abhIXB3buCARnKngc5wNvK634haXR3tYLmNYbhS3lqR8y7RhjjBTBHYEnHTivNhC13Ei4WMxo0pnILHOMAlQc7SoAGAce3WiviXTjKEZWSSu0ly3vHWyu9LbuTe2nQ/M8ry6vj/rE829onUrOpRVrOmk04X3aen/AAFqyHxDcRRXN3LZ5ZblnaJicBs5+8vGCCR1AOOSD1rz2W/u3RYpGAZnK+Ye4PGWPBKjPXJ5713draRSO0V2ksySSJHBIMn5mbBJGfusRwMH73Ptva98PNQiitpYLXyIZyV2NjcCygqzNnjcGP8AskYB5ryJ4mEJLma1Sj0bT6XeiSVr32v3sfb4LF4XL4xo1qiScLRc+W+0bLfdP7Tt5JozvBOkNfXawXW4owjTdH97DnLElSVAHQkgnaOCRmvqey8PatoGm2DW2l3Nla3Ugin1uJXYeQW2LJKVAAGCG2tgcdQcivOvA3hq60bT1ZAn2q2xcTPIFZgASyoM/M+cZK9ejDjJrvLn4ua46nS7+0ZdNuUW3S0I8qGZtwVHIYjgnGNuAc8nrn4HPZ4nHzlSwsacoQUvaRlLlTjGz6PV36PVp6NJn5rnuLxOe5hWoYFQlh4X54yko35WrWbsna2zXS1t7weP4dfsdMaa51aC/sY7crYuzq0gYrkEYY4IyCGOSM5HJ54fwNJJd6HqT3V5qFrYNGyXdtG7BJ5ULEFEyAVGcyMAd2OM5OPTvGfha5k8F23iHVVTSS7bINNnkO5rUrgSwdmZgQQDyA3TJwfAtK8aDwzPfaTPNbvp1/GiFmwWggY8lFIYZIODjJ5JBPIrhyTByxWCnQhGM5U61+Xlt70d2m0mmr2b1emrsz6fhvL6lXLvYKMZVIVIvl5U7Wts9I3Tau07772M1PFEPhnXJWtgL2K+dkSWVS3lRvkfI4HytGcZJ2+nAyDn6n8WHt4ZrC2t4Ltkm3LcuyF95ILA7TkgZ+6x5Jz6YxfEWr2CSwNYCC6SR5I4wqEhYpCQScAEEE5HOD05WvJNbs5YL7Fuu6NnEhcIwG4jd5cvB6noScfNjpzX3+GyfDONOeIgvaKMU4u8VZRjZJX1+Hfy1R+kYXLsM/ZOrBKShBW5WnooLRN3ez1trbTXbu4PEVxqFzdBXRJrhhJmIKhZyQNikHAHABGBwOMda9V0bS9Ui0xNTtQ73Dj98pG/yfmOZGYgrux86gY/hG4Ma+crR99wBGJInVlaRlBUKEIJIxwCR0z6HrtAHtWheIrzTI2tkvi9vdRgBJzuEjP8uxgTlQeenPbB4IjM8AnCMqEYysldNxd4rlSi3rezumr622VkLMMHytSpezVoqKT5bNaWWrV1qk7PZ2vbUm+IC+Mtf8OxW6BbzTLWVvMEYDNIRjlsAuF/iKnuBndxj5zi8PBrxbOcTREjc5KEeWQwZhz1IwOw6EgmvsY6pdTafsHlWEDER3IC7VbIJLoASDkEc9gchsivBvHGo2aahFNYLHKFiaN7hBgSSKSDhOM5Pc5HOSM9XktWtTi6DpRgk9VFXje+7fWytZvXfza6MnxVaClhVCMVFxTlHZOVnL+a99Er6rVbGLp2ix2FwuwQvFsBR5x88xJzhRnaNpUgEYOSO5JN/V9PukuFuCsbkQbngOOF/vA9+oJwcbuoHJrjLHV2aQG8mYIWIQPjcgJOCpxwNoJweMHJHUndvtZFwwSWVo0jjIicZLN32k9WByMYIH4167hXdRNu8Xq7O/8ALdpX7X3dvwPap+3hNXlzNyu/eV2m43tZ66Jpdteu94PKLdCZI4WTJMIwAABnKnJLEnGQAB93uCKxJrq5mTzmlAeJ9nk7gny5IJ65JPXrg4wc8iuXN9OsrjzGZi+FWRv4SflCqcAdSR6dM4rWtkSXCOC1wSCuWwADyCCMfd9v51q6XKrWe0e3K7pdO2l09fXc71HVXbeit52SXS/a+qeq6PU6WG4trZ4FYFbljvEjH5U3Y3LwSSCOAQ3fqeh6CTWI9729nvM+xTuD7gw7qG9+/AByB2GOATZBLMkx86RVIhdASFUDkZOcgAHntwOSTVzS0Mu2RDK02/gIOSpzuJ9MDrxgAEEccc1ShRSu4xi9Wr28l569tr797XBXu4ycU9OVKz05U7vZdXp11d9j6N+HqXt3Ylot1vLcs1sJmDeXuY8Fcjls4BOT2wDjj1fTPhjd213YT6j4ikQpdCd4LUqJcFgcbgTlTkEndjG4HIrwzw54tudIFrDBaiZAVHlMF3I+f9aiKCdzHJ3EDJGc8V9W+EtSGrPEBEIrjy1L28/DA4zvQk4DHrg9QDg4wDjg8so4iVTndnNJRjsmm4+87WTvbZaX7I9fK/q8cRGNaPM04qLaai7uN7q61v2vo3fY9YW+hs4ILS2YJFAsbI5TdO2VA3bmB5J4PALMe+eL2paqtzp7whWXOxnlU5Y4wQpAJUtyuQM4GOxFcp5csGZJSzMD5ZRlLqEPcN0GORjGR9RkOYtIkm0mOLfuEgKncVGRkKxOB0zn6+levTyKjTak4tromr326O7W6v1u7rdn6VDOZKDpU1CnFximlZXSSTu1fe2+nXzRSDCF2ZlbIIkUsSAQ3UEg4XI59RnpjNKLhFSXzQqgHdswch8cEH+LkDgD1OMCpFgcyRllICrvKnBU84G3IIJwc4yScE461FPaATncXbchfIAXAYANnhemFGO+BnHGZrZbBJcsbbXWnWzdlvd6/JebOX61e7t1s3prdK6T1d/O/ZdrwT48pn4flSARljyuAuQc4z6nnA5ODWYp2OokVdjgthxuBHXAx6ZHHU9QCPlJPHLHG4wzqsmevUHAOOg2gYzyMcY4xtZEXnjd2TCBgiEEkrx90AkcFiAc4ABz6Z5VglGSvT101062stIu1nZd1pZ2dzkq15/ZbV0tdtNLt2Wmit56N9Stc28c/wDq9qRcrIQOpJB6YPAH3W3D2HJIwr+wYKocRFQMZCgOFBZiQeuSB8vAIHqCAeueMELkBmkAUqAFbIJPIHIB6ZyeRnGc4z5IFlDbgQWymRuJUDsw6DHQEg5yPvHg9cMNKD5k3F6PlS0u2kr8q91OyTu+r80eXiZc0bu10mm9LO1tXZWSVtb9W15vi7XVNR0q8t1j1C9Nmt1C13aNO7pJa7l3IiszBSV7DpkEjvX7WfswfBr9kj9oO2W+0TWk8IeNtN0+KNbS/ltVF5qbQgS/arK6GLyFpskmJMhG56Bh+MtzYQOkpyUkX5QcZDEnJwfXGDhvUYBHNZWnaxreiajDfaNf6hpN7aSq1veafcS2sySpwrsYWVjgj7uQCBzwSK+vyvO6mEoOhXpqtRnZNPWpBWjezez10Wl3a3U+AzLK6uKrQq0a06VSDulB3jNpqSU49d99HddU7n6/ftB/8E6f7KjbV/HHw6aTTF1LzJ/HPw1Xzpf7GLD/AEi70eHzJIikZ8xpFXbwT7V8ifHX9jf4SeH/AAjo/iL4HfEqLxNrwwl5od2fJ1iJMZj82FCskM8akJKHG7eGwuOnuXwK/wCCnvxh+Gb2Nh47mk+IOgxWv9n3Md/ta9FhgRsgWQNDOQueZlYkYyQTmk+INn+z7+0fqGq+Pvh1rt18KvipeXH2ux0wzraaTrF1KC7JcQ7lgRwxwwSNVDZYjBrsjWwNT2lSNRJNrlhJuM1zW1TS36Xvt13ttQ+s03GFaN7JWnF3i/htdvVN2avHrd9Ufli/i/4gfDq5Nl4ltbq4jVjG1rexMfkBC5jmdSHGMsCTjrlWzz6J4e8c+FfEPlBLkaZqcjDba3LrGjSOMttZsDaWOF5Iz1HJrmfGPxQ8T+HvGV94E+L2naZrtvpl8sF1f2gilna1RjGJredRiQlSG4JySevJH0lcfsh+Cvil4Nt/Gfwf8UxyaykCXJ0O5kW3nUvGJFtghKyI6LuUMylC3zBgCK0wuIneSpzdVResKrV0rJWu+v431t1PThUqRukm1ompbrWPXWyey6dL6M5WXQRcQAylJFkUtlkVgDuypiI+XacDpjA5IwKs60iW3hpbQkhfLMQgwBtPlEA8jaeDnPUnqSc187zeIPiJ8Ldfl8OeKbe9hS1ZozBqKOYzsITEVyV2up/hIbBJweTx7V4N8Yab4/mGk2dpNNqZCFbURtLtkbOSCuU2DHGflAAHzEYG9SVLFRkrqNSK92MkuZSVnbzV2tr3unbob08VTpqa0g3GyTWmtnd26fLXS9rnyjc6LqV3PFa2UEtzcT3sywwQxvJO7M52hVA3AnIOc4B4znOfv39mj9nR9PvtP8TeO7Z7q4ws+m6EAWcyMfk+1qMjbkglCP4eScivXvh98JvDPh7UDerBa3Xia6iDyXF3Hi10YOPmwWAjR0OM7uR0U9K9t8O+L9B8NeI9P0e2v4rm7n1CKO+1+4Aa0R5W2PDbZJRjGSQoXjAGeeT4OPxFHKsJPE1ZKU4xfJBS6xSto927J2e1u+px4LBRzHERp8r5HUipNtapci01sk0l3btZ9U/TvFnim1+H1rZ2Ijin8X6jbRQaRpcIVbfSrSTIEjJj5ZUUrj5cgkkYwa4fw/BfzalcXF9dyzXEtur3c8pLOZ5DuMMJOBtXOwFSeuMcg13HjP4evrfj7QdRtYjqlxCXCeQ5driFQrxXEp+YIuCM7gAAPm65rrvA3ge51rxxZwXgSLTra9eTUJGIjjYQtlolHHyLtAzjaSSRnAA/JsXxjDH0cQ5VFGUISlNNu6S0bkr7/dZK1k7n6jhMlqYf2VKnBOCnTjDlTSk2ovm0d95LZ6WXdn2p8I9AubT4ba7qlzaSmN/Dc/8AZ0KqWmvLoRkRY4JdjIVwu3nGWx2/XT9hn4bW37OX7NWvfGv4uTDRtX13TLzxBqB1AiG40/Q4FklsbEiTmN5NuBGMZDArjIz5p+yV+z7P4wu9P8c+LbiLTvhz4bf7Ro+iIiiPVp7ZVZ5r7cu37FDs3noCAAQc5r5+/bZ+Pfir9tX4q6V+xr+zi9y3hSHV4bbx74k0xWFjHDaOkVzC7wYRbK1iBXaSQ+3BJxiv5N4n4lpZvj8bgsPNfV6NSdXG4mVlToUoW5m2rvyjG6k2ktXdH7Jl2V1OTDwl7kaNJOvJuKSiuV8qV0m3q7ytZNaane/sQPrn7af7U/jP9rfxfps4+Hfw8kvPDnwxsbxX+xtKjtF9uijlHltNGiLKJFTkEDIJ3V+uPxO8QhbSVVkCyBW2iPChC2ed2cbRjk8Ecc8g1g/B74V+Dv2aPg74W+FnhWKNbHQdLijvrpFRJr/UjCPtd7cFeXaSUNjJJxjPPX5t+M3j82trc3CSlSqysql8ZVQeSRnPAOVycjknBNfzPxHm9TiPPIZXlcXKkqsKFKEdXGlBpc0rX96aTlKz+KTR+j8K5T9fx8cfVTjg8IkqTmmk0mrzV9Fd3te2luyPnv4seLrSyhvPNkQELKbjcxORy2QQcj3yMHpkE4r8afjR42tNU1e/w2YwZRECAybSp27iOpHqSc47dK95+Pfxmurj7ZbQXG0hZixEg2k87gefu9vrgd6/Krxp4zv9Tu7h455CyynzApARSQRgE4HOODxxyeua/t7wW4Hr5fgcLXrRlF8lOWqs3L3W1tfVavsk1tc+a8UOMsPHmwNCSfInFWtaysu3ZXbd1301E1TZPNI4UbTI7sIwFHlsScsOTljnjoQBgDBrAv4IhBuMYOxiE6I4XAxnpkKDnHB7c4DVSsLudm2l1kkdRtG7g7mJGevKk/eIzyD7VtzA+UvmxCQsjh0bA2gZGM4xwB1Az2B6iv69y2DoKnFa8sUpN63a5Ve70js326rXQ/kTM68a1epJWd3u1rvG77rluv8Ag9OPMJ4VH3RgMcAgbM54zjncQeBjODwe+haW8UkaQgjzM53gfe+YDrztzxgHHHIA7tktkIV0BCs20I2VAxljtOP4gM5z7cAYrUs44EmVvLkVW+98uNpBHKDqSCMsV4AHpX2FDE3ilrqrO7e3uryfonfpbdHJShFpe8m3vpoleDs72ellbtroF/ZSwxgEb22APuPQBcgo2R0GBj8M9BWHDcy20sTSFZYkBbaFLFckjru4OfXGASTniuk1W4DlQFKIpHDNneAOcdD16FgMnsTzVO0ETRmYbMk7cOrHKg7u3THK8kenYV0WvtzNtXvo0n7ulno/P/h2/QpztKMdo3VtXJNqzaTtp3fZ663PgH9pX4Uk+KrDx/CHS31Voo7hAA/72NgY944AU4AYsRn1bv8AUfwxkX/hFdHLqyyJFAoaPJbIUYGOojAH3QxJ6Zzk12fxN0Sx13wjN9oh85Y3WWNVXBVlwQFAwFyFySRyOuSOc34Y2MUWlQoUdMKRHuDbEYfd4JGDnHIznBBycGvuPDWnh6PENP6xKMYTcXN1LW3i1vbdaLyvezujXHUoVsNUULJuC0X811Z2W6a0Vtd79G/XX1CWHTpAA3mRRF2k5DfPGdoJ4zwc9c5yDwPm8U0TVLuz8fafegkibcsruxJKs+cZOSuN3AOV4yAvyk+4PbfaofLLMQ6CJzyEc44UnA44+mM4xxnGl8ATy6lZX0cUamNVRgi7Qfm+V+dpIAHJwM4Byea/YeOcbk+KrOjTjR9nTUXKcVDVtRi7taLTqm3e67N+xk2AVDLVzO05JStorc3JpovNNXau77nsVzFFfQw3kURd8r5hBxyArEg5J3DgcY/EddDTpYHnRJpliCoD5WT8xHHJPIIyABjoOASCTc0nTH03S4vtCyNsBznLb8jqdpHr+mQDyaqw6cbmaSW2jKhwSwU8oOOTwTk4wADntjHFfzhmk8NSxNWNLSmm2rSSVtHzJOzs1a+vVWTvczlRanok2rWXflUfespa7WerX6+jaB9mDpKZwfmwFVshcgZYjqoHK87iOnUc/S3w+mtQYy0kaL5kaE7juYBlPRcHjI68+g+UmvkXT9Cv49ixlgzkEKdxZt2Rzg46kEjgZ56CvStB8MeKYGgmhuLiIRyklN5xtBJ55xtxxtJOePUV+b59CnVp1Wp2k4Na/ZcrLV77PVJ7eR6+X15UsRS/cuSTTslZq9t73adnd99Pl+3XwOvNHsbVb+e4iRlaNVYOBmMgEh2ySCMgE5PPHPSvPf21fjjptl4UPhrSZjJq2uoLS2RHGYLY58+54yVO1cKw4z3JJx8S+E9d8X6Dot7rWq6jPZ6Jp8TXF7OzMkapCM+VGCRuaTAXIGRkHoePn3UPGWrePtS8QeKNXuXna4/4l3h62nJb7NZElPMXdny+MMWAUEHB68fieEyidbNZ1qk1PD0p+0/uykmpRUntZdVutE9Ln6JmGb0/7PpUqVOUcTiIxpwjreMXFOUmtPlrpfZxWnwn+0ffXF5ocGmQyKVn1VXiQsQzhmQNMw7tIyklj14IwMCvkvw94xv/AIW+N9N1RmefULLXLOQ2+SUu7C4CpNbyAnDAqcDPPPYYz9gfFbSJNS8f2+kSSK1tBHAshQFkMyAlQucc85yRngEkHp83/EP4c30lydXsbUXk9vJZpcjPzRuJwqMpBX94QCM8EfxHvX3EMVRUkqnuRcZRTlZJKyTet9NdOlr6nxWaYavKnRVKLnOEoJx1d9nqrbXvr82tz7u+BmhXvjb416d4nsNKkmn0ZbnxJeQuyqkGmzW4lijYd/IcswU5GOQCM5T4p3V63xE1661SWUJqFvcXtjZsdx8gPIFwFOEXrgYGOABg5r6k/Z80Wy0b4X+LvF+lpNDrVl4bstJur9F3Nd3JhXzII3PVIwwDNtbOAGOTtHw34j1g658S/F0t1JPOfD3h4RJvfASWYFicYICAnA7A9697hCU44uGJpSdRU60YQbScWudRurtPVXutpWXq882p3w8KdVWnKjGVtFZqyldpXaWz11avc891WaOZgYogu+MsY2JIBU4yD64OTnuT161w95D5Yyrg7huBHy7GPBGGXOOgORxg46Gu5t5I3WNXjwGRnLuC7guCRyC2DycK3bHeufuLaIXQG4SAq24YOODgEA5Gf9jgEnpnFf0LCbqRi3dRcY8yaXxWhbTd7bvTa97M/PHScX7rbs+mq6a21uvS701d9vPNSiaaSB4wkTxFtzDG115LAg5yw5yB1HGc5q9pWlS6lc21qsiqdpfdtJVwhJwSeQx5UZ4GMnOeOmvdCZ7Z7lMhQS0QK9VPJPAAyeQCPzXJNcPHLqOlXiFY5UhZmdX53r2G05PHGMHdnvgZqZwum52fNHot0uXq9U3a/p63MHUaqRi127L7UWrLd37+je9z9I/2PdM1uf4n+G7DR7m2N6yXd3dWty6Rx/Z7KEvKDuwGxGhOOAVIUcdOZ+Nf/BJjxL+278QPGHxe8EfFPwd4cfU9R1SGPw9cqn2i4n0mKUXEkBLhVjMkTK0gUhWIORzjwLwT8YvF3wsubHxjodrFNeafa3Mc6zEBr2yu4minh3Ll1MkZZARkjIO4EViat+3F8atShtdG8FC18B2dmdRWOTRspeNa6gzPcRy3GMs8hc/MeenoK/HeKMiccznmEpuklQilFJtyWmt7WTbd/Jeh9Bis2zCplFPK6NCnODnCbnJXcH7t2kk/es9vJ67M/DP4wfDPWPgV8R/EXgXXpY7jWPCerXOkXN1Zsj2k728pj86OZcrIG45BIHqTuFebXni7UbnzracB4pIwrFyS+zgbc+hPUjHGD3Br7u+Nfg3VPGlprPiO9huL7V4HuLuaeZfMmvZ5JDLLNI4OWfGeXJ9zXxBo3hFbq5uTeSSQRrhmjwWYKzfMhXBKlSSvzYxnOCCCfiKOIw1acm3zTpS1s7tNNK7Uk/dsl2f36/N1sNiaCi6kHBSSeidtbJt3ve/a+iSvocTf2ioYjC8IFwu8hcEDkc4zgEEjgnH4c1mPPFaxmNWLSu2HIBZcDJGMZGMDnHQkdeo7fxPoNnZbpLW4DRoxBDAqyY4C56EHBJxjOST615zLFIZNwUpGpYjP3SMcZyM88EE9vm5BzXu0sVF03yrlulHW/u/CnZK1tn3Xn0OSNlKL63X33SbSVktbtPZ7re57PoN801itsgEYaIOxHG4Ywx4xhsjk9+eOMmle6jA6PBIYJDFLtiUnD5yc5PYAcbmzgZHcZsfD3wp4i8W2+pDSbKW9bT9OmuWCsQIY4kPzZ+8cHoo+nHNeTaxDqFreFbqOeORWfdHh0IwWCkgdc4+XtxyCBlfGnWviJOFTlfNte3Kny9Gr21vb022Ps6maOGAoxVLmuuW7VraQsmmtFdOS1Sd3ddTo7yO3E0Lx3C7ZHzIqMMIAfmG3vlcDAJ7CumTVbFrB9NS5jNqpLSsZCjmTPHcDC57jkqOx48cZp0ZGcSjIyMblAU9Qfu9c+56jpnCHzHywZwd2WUsABgnHfn157cH37IzlOzlNO2t7rVtxd77brW6dmvivv81UxE5zclHlvJNKzumuXa7s7tXe907eR7l4Va0j1WFmm3rC26JcqyuGBbk4xxnGc9Tk56HqpvEMB163tifLiN1meTO4orNglWB+UbTjHHHGQRivni2nu4wkkEssezIYj5doGOR656EHpweK2La7uzJHJudtzH962M5BJBGck4YAjrlvmIHOPSwDtXpy9olyzjJP3Wlbl1d3d30V9LWbsepDN1Ty+rhXTXPUafM0uiSV30vvdJX120P1B8UeGBBoXge/sZJHgvbOEmRRkBj82N2CDg8ZyfUEjivWP2c7tbT4m6Y104jZdQtUEgwHTDKrEjLDaQAcZHJGQDkVw3w31JPH3wv8I2Ed1FJfWKPAi8b0uIVxFkFi2GwwI5Bx35p/gBtQ8O/EjT2vY5IW/taOG4O3hVVwN7DGOR0O3J3ZUZ4r+oOH8U4YXC4yDToy9lTlpeN/ZRhd67K7vLS3Rn5TQVGOfxozi3U9vGVr3SjeMYu9klbmeqsn2vY9a/aoudUs/i54lYJHcafd2cF5AJYQI7lgoy6tjD9e2Qc9RgZ+BPHfi3XYtXtlt725tYWMcj2GmzSjypFUEBkjYEsOqjbhep5Az+gn7U+h+J7vxp4Z1PSI7zVbK9sbfT4DBA80SyysibbhgCAi72LMeAOa/Qr9n/8AYN+E/g+x0nxb440BPE/ivV9Ktr4298nn2dpc3EaylrdSWVgm4A54/wBmv4y8a89yzhfPMyr4/DOs8TiakqNNxuqkZtScvh5eSN7L0W7Z/e3hTwDxR4j1qWAyfGVMuw2Dp4d4rFyq1IQhGbjy6U1zVZdIxvZXTfn+WPwTu/2j/iVL4f8ACuia5rMXh3V2t4Lq21ATxwHToiQ81xM5VmiCkhV3EtyMAkV9z/tKfDKP4e+C/hJ4D8PrKLyXXYb/AMXXlp832m5dlJmk25bzDnZECSQFGMnr+gd98L7DS9T0+Dw9aadpVtbtHJeNp9rHA6WqHcLZAiDaq5IwuN2eea67VvAWieKJI2vLKOW70u5/tG2nu4/NDPBGRGrq3YnnHbGc4xj+ScVxth8VmmHrUMFRwWHdZzlRpqMnObjyqUkktUne9lq22mkj/Q/IPCXGZPwvi8sxWcYvNcdOlSjDF4mpOUYKk6c5U6MZ8zhF8trp62a8n+cXxA8eWfgr4E+MdG8M6nPaeJku4DZx2szR6rexNbJ54uJQQ6xRnnGVIzg/Nkjx7w5/wUA8VeKfhvpnwQ1nTLDTp77T4tDHiWaVWNtHO6wNJco25S65LNKcPwfmx8p9o8Z/s46/4u8S+INYvbmDQ/C1trb3WtakXEaHTw/7y3gDMu3AHA5Ujg5GVr5z+PXw4/Z0sfhlH4q+GN6761pmrHSZAqFZdUuEY+a9xIxKqiuG2bAN5xjHNfo2S0+HMwpUYRwqq4rEVI1PbwjdUKvu8rlNaR6e6209dT8O4tw3H+V4+tmTzCnh8Dg8O8NPBV6zg8Zh6UvflCm3dyUZWcrPdbLQ+qPBf/BEzx18YvBGm+O9E+J/hzVftwk1FJdJkWa22ykukE7xSFVl3HGWUMOdxBw1fOnxh/Yv+KH7K1xZP47gl0a2hhkk07UY3aSy1B7ZmZSWVtqlwuQG5+ZV2nnHoH7B3/BQr4kfso248OPc/wBqeC9X1JBfaLrFyZvskbMFaSzeUsIxsLBVBAzgH0H6U/ts/tQfA/8Aa9+B0+meHNb0qPxRpkFvfDTbqZWu4rk7TNb2rbsnzRlCAMenauPH5hxtk2fYShXhUxWU1K0IupSgnT5JSXLeS95SirScW907Nq58pleW8O5rTxeIoYLLYTxFGVSVSNaVPFYfExhdRqwlJqpF1E7OKelrn4u+E/2j9GWAnX1t2QSLbStEjBkUYUTBCDkdOQOvQE169F4i8MeMNPm1PRNZtSlvlWSV1V8MpKq4JBGMjB4Kjk5xivhvUvAsdtpOt69Npclj5UrWVmjYeJ5UyDKQpyoIPBY/Lk5GdxHkeleK5tIhurCG6dGeXZcSJMyYVcllKg7WYYwh5GMk421/SnB/FWY4V04xqzqUYpXhJyUr+6lZvl+N82lm7eT1/nzjfAYWlUlSxVKjeopcsoK0m4uylzb2b122Wu5+h6Xc0DeWsisS+3dESyFd6nPBAKk8AjnIPqSO20nUGhuIWK7lfbskK4XAxnLHkJxg8k8545A+c/AWs20ng+z1f7esrBpPNE7k/LgkD5ics3BGCRnnJGSfBPjJ+0Nr/hUx6bosvlNIkvmOjqTFG/AAIJ+cgg4AHyhs88V+61OLcNTy6niayfPUhFuCSlrLlfdKy6+vR6P8Tq4ClhKvtHUapp80NuXXlaba0Svp12Z91/GzxlY6Z4ReOO4hN9qjC0jhhmQv5bZV22g7gMA5GB1AJxXinwcSGK+v3hUBWlhCucEu4xkHgDAJbnABxn7xFfnHpfxc1fXNYtLnVdRvrwZZALmQsvmuxDEocbcE84XjA5AUY++P2fL99Qt5mfDoZ2YSDvKOigjJxnnk/KGPTjHwuAzJ5xxFRrJctOkm4xk/KOrStfmb230u/P28NjKUsMp0pKUoSjs1dtRVtXZ2u07vsz681m/guHgiIBmjXL+UDxgEDBztA5AI4GQB3atrUESPwD4lkORjTo8A5JJMiKAR1wDg47DJPU1x72TPdQzMyrGRGCqkgk8Y3YPPHXIbcS2e+e58REw+APExI2qbGJQAAQQHj4yOMgehPGexOP6H4WX+1wbstINuyupKS0Vuml30dltsfY8IYmpXxrqTi4tbaecU7XXVJPVvf5n9Cv8AwbvyKda+Likg7tG0Yr/eG2LaR3Ofnwcd+B159T/4Lslm8V/CgLkltHvxx2G/Oc+uRgYPGDngkN49/wAG8BVPE/xUj3Z3+HdNkbGc/Kq4GMH1PIyVzhu270z/AILs3fl+OPhOu5lC6JfPgED/AJaDHOMjp3z7ZGd0YdSn4zcu/wDwmSvbT/mEV7fpe/RWdz7HIqbr+NkdNHkVWbbTe2Ah0tpta99L311P56b7R/tN2ytlEdVAk4+cgAgEfw55PGOCTg4yJ7Dwfa3ahL+7jtYsn9+XUgyEnHTkdMgcE5yMAYqlqWoN9qV2laLeAhVuFUYxvHPBIG0dQBkk461oJXniZfNYwEtlxJlWdTkAEZ+Ukc5BIGTjgV4XFjrQx2K0tF1ZtJWbl7yutd1Z3e1kj4DiaEIZzmMHHX61W6rW829PeWjS18kredrWfh/Pplu13Be295Ys2FeA75BjoxRckAD13D/vrB4ySJ4QPK+Z2BIGWBQ9CCD7AA/dbPQ46drBdOY/LeWUE7gi+ZhSvTJXI5Bx0HzZySOAcC+kis1cyLuYA5BXO7cTgEhjgd8jLDOCWwK+GdepKynq2vek0rq9tFdWS6We1tbLVfLOHJdq3vNK19VrG1/udtHa6vd7chcW8yK86QuX43sMhSeeCuABk5GewGfmBqKx1JwWDysvlsDskbIfGGPTBI2kbcg4xzmtuPUYXPksNiHdhTyxHBxnvnJBz6jHIFY2q2UPlvPGhG3kxlcAEsAOVGPTHA7k4Gcc1ZNQfZx6Xvr9p9Ol/vVlc552cXZX0TV7pdHvtpa8dL9z4m/bK+G8/iG30vxpp6xobRFgu06NKrEgMSDkhXJLHoOc57+jfAP4d6dL8IfBnkzR6jqNp4lj1m6QMBLZXUDiSNC4xLtAGdoIbkZI6H0zxXpEXiHSptKvi5t5FIETjIC4JJUnK5wF/wB4A9ec+C/D3U9a+EXir7LLDNc+G7+5l2xo5CxNIMecQeA6bQGyMckDnOPjsVCNDMKdWcHKnWlBNyWkZLl1a6K73a0TvfoYVISjTlKmneVte+kXJPutVpu+iP0h8EeJPFui/Eya+uln1Dw/4msYIpj5ZZLS5hwikkYCnIKkkg46HOK+v3ulSwaRmVAr7ijD5tjAEMo28HBIIzxycDHPNfA74s/Au5+HltpuuzW0WuSQGWeWZEOVQ7kKSkblcHggEdOorkfE3jHSJ5bm10G/hubN5Hlt5lclo4g3CMSSWwqgjoM5BwevuZxlzqYaniYzhUo1IRUVGUW1eMUrLpppbVe6ndNs4shzZwqVMNUhKEqLW+ie1nFN736PTqddFLaXcnlk5d8jeAABjld3YE85PBBIycgmt3R7m80y7CSNut5XGWfDgKPukY4yBjjr6kAYPy/Y+PJ7S+MP2hGXzPnd2yACSPkyD1PUDJH3iSeK9PXxhG0UbHEm1AWYP8hU9Nh3ZJHHBPBypGABX4/nuSe0pzUYOzaTasnzaXWm630tfzfX9Hy7M4vladnGyaTt1Wml1K127bPzasfYMfh2PW7LcknEkW5iMGPB6MFK8nPbAxyfTPiGv/D280y8kcw7rcuXW4VCHQF1IPCnofvAgEAKOpq38PPirDb3SaffSiJH2lHZ9ysGYFR1bg5+YHHJ46GvqKKLTddtoZXCyxyozK6bWAz86ZBPA5B64PAHpX5Dm2ArYGrKM4v2bdk1s7tfFe+vRX2fZan2mCzGFaK5ZKTWkk7aXcd1372t1aa0t8raMk0F1HC3mKAPnYblSReoDZABPcYAwcc8Vi/E39lv4MfGiNdd8beELe81a1hESaosjC6EC8kEK3IA4AIAP4gV9F6z4Zt7Z5ZIYo5A2doVMSA5BDHgD8O2STyPmx4b2OFPst15kQK+WrBcYHOQwwB1GASTx8xBGc/BZjSnGf1jBzlRrRj8cXaSvZayW0u7T1W/U+xwGKo1qX1bGRpVqMkrxnFSTu0le903pfXz63PzF8VfsLfBWSdodGtZrCGBwFRArLMgIA3bhncANowQMjrjisCx/YGtYNasdV8M+ItT8L3NkVk0zV9NuXtbm2ZceWzPAyS/KxHyjr0OQTX6fz+HdPvWWaKMI4ZirBTtky2eQeFPzDnGScnB7dHH4Ya2tY28tpVCnAQP8mMYK9h12ncMk+4wPhsfxdxRl05Oni6s4waXv2lFpWVm5XVn1unf5HvUOF+G8YoqWBoKbUbOC5NXy9VaST30a0XXc+StLb/goZovhbWvh3qnxC8PfHD4Yz6Vc2NrofjWygub23sngeMLp9zOGK3KIR5Ujsx3bSpJyK+av2a/+CWnw9/a3g8ceC/EHinUvhp8evDct9qugeFNShjitdWs3eSRVghKob+BGG0LAWZUwT0Gf2I8OIGgjgaN4mjKHzUZmIVyByDyQQQeQOBzjnHGfHKxt/DknhX4kaLey+DvE3hK7gaDx/pQ+z3unI7gRf2hNGFNzaPIY1mjm3gxM2OlfXcBeO+aUcY8hzGjQjSxalToV4QUZQrzSUXKFuWS5uis1v6/H8X+E+DlgamZZZUqSnh/3k6NR88ZUrp1IpyV0kk2lpe1r3P5xP2jP+CdH7Rv7DPiGbU/Hfhi7fw3czPcaP4h0+zlufD+oCNzi3nmjR0s55FDf6NKysMEEAgEc/4J1/4d/EC1lj8RaLa6TfvpctrHp7AxW9/fhdqvhdu2Tfgqwx/U/wB3nwN+PngX9qP4X2X7Pv7UHhPw7eeL77ToFF/f21pc+GvHGj3kWy31nR75wY7W/njdW2q6zRynAIJ5/B7/AIKV/wDBDLxJ8Hl8QfF/9lCxm8V+A9PaTWdX8FxsZfEHhtWzNMdIjjLS31kg3bEjDSFSMHha/b+GfF/DUcR/YvEFajRqSrqNOo3y0ajbThCV9Iyast+Vuz0bs/w+eBr5fiOehhn7KUE50px0ajqnTvey91+7r3sra/zW+Mf2ffF+k7tZ0pV1GwzJJJa2oDfYIWLFIjySzBQoB7jOTjJrmfC3xF8T/DS6UeRPdW6z7bzS793RlCkcRKTuXAB4znJyABivoJfidN4cluNI1Hw/qdhrEECw3trq7z2aG7gOxjNDcFfKZGUgo33SOcgV5j4s07SNbvItQ1bbDqOqf6T9os5luo4UIHlhliJAbbhWBU8jrjr+vSwWUZ9Fe1VGrQxCg0mlOLb5ba2dt1Z3d7v3RKpUwzjjcoxVXB4yPK5x55RTa5erSWtlo1be9kdfr/7SPhvxNpY0u+8ImE3Cxi4zPGwjkYcvCSGKEdevUA5Ga860DxFceH9VPiPwtfNHNZzC4t4w+xkXgmBmzlwQAG5Pbg5rj9Ug0qzhS1Sza5dC6eY0REki7gAzMc9cA53EA9scHmy0SiOA29zZqpP7xSy/ewPbJxkDPzHJGMACvTy3hPKcmjKWDn7FpKrCMZuydotWWiSel+j69jy88zfMc8ss09liJRjb2vJTU3flSUnGKT63cntpft9g+ONcm8f+Bj438J3FxB4stgyavpkUbuHfaA8yKoAOCC33dpBwMivmyLxJ8ZLOCENpN/dQzty0kDuAoIOQAo29cY6D7wBJNJofjrxH4OuLeXQ9Sj8qfEbW90gdZEXP+tjOd2QCMkZ4OSD0+qvDfj7UP+EJ1fxdr+l2N9FZ25uZUtUVVCZO5o0AwmAMnaATjJJ5NeBnHFWAoVo0auJmqqlGjJr4ZO8Ur6u+trOyunp1PmKXCePn7SphaanSjD2jtvGNlJp662s7NJNp9GkfLFx8WfE2lSxWmteHL23mBBefyXQHPBLAr93acA5I4IzkVMvxj01nUTWU9rOGBd2jYk8bfmHKEEkccEc9gQPbLL4v/Cz4kRNZ3cmn2dzLGIjBcwxpLCzAqVjchcsD0bczAnJ3c15tq3wosZL530vUY7i3upmSBCFYhWJKb25GwbgMg8DAzjmsVnFKEf48IuWvv6NaRt7ravfzv6PS3L/Z2ITv7CckuW/s7Pks03pvq1q3roktNqg+LOhSlES8tWZsb0lxGSDxyW4BBJ5IyOCNp6e7/D/9pW30bS7zwff6hHcaHq6pCFa43JYOZDhlXJwnRs9uhxivNrD9mLRtXsmluSZLxohl7IkojEkFpMEEEYGeg6dsmvJfiR+yz4l8Iz2jaZdPLHdr5ltIxk8wnBdUYZIPfB74wDyCPnqnFWWzxMsI8VTVdXulNbe6nzLTvZq7T7nq4GlmeXr6xThV9nKNnDV8yfKveVut9r77tNn6peGdN0vWNMtrmx1GK7ie1DxGGSOQ53ZAKgk4PHQjGerAVumyW0iA3qHQ7CgyGGOrHJyx4H0A6jPP496Np/7QPgGzF5pGpalbW5AREjlkdEK8BQrE4BIHAAVeR0ret/2pPjN4UmEGvIdQmCEypeQskoAH3gSoB3d2Oc8ckk46aOY0q017OrTqtO16cuj5GtL7q3mradT0XmVOKi60KtFtbtNRSbi99O19b9bvU/Ue4nmg3SMylZA2GBbhecZ+bqcDgjGcdec8/NeOMOUWQMeWz97jkHOdo64IBGT9APirwz+2HZai0Vp4h0aeC4lQtLPAdyqGzk7OmMcnCe+AQRXtGi/Hn4b6zEiLrcNnLwpN1+7JOSPuswG4eoxnOe2B3qtCbj0urNy76Na9db/crWS1v6/h60Y8laD2Uk2r30tdO2iT006LuewjUbc4zvVwX3BSVCjByTx7A89SM9M5qx6tIkrbLlnAjO1XXnjjacZ4IPB6c8Z5xhWWv+G9Td20zX9Nu9ygHbdRkZGCM/N16DGRgEZHGKkubSVlaWKFXKqAHhkV0JxkNkZOB3IBKkgAAZFaqVpJ6r0TXVfruvyLlOKceSSs3rq2tld6K1r26bWWtrm3LrkoV3MQkLYI8sjAxjLFeV47BgMYyQB08613UY5/FPhCZ3kVY9TGSwKbQx6EdyG4B6AE+vN2Rbq23YDrwuWfeMnglT65zwMD645PMXd1LL4q8IiZAF/tiLchQ4kCnHcHAZvz64ycBO0rWu9Va2uqt2/q3mDSevNdrlttJu7ja9tEm/Kzf3n2NBeWrsSJFYCNQiudknQfMN3bJ459enQ24ZIphhjmXOdisTlVGCc54yQuDg9Mjlc1oT2Gk3Cb5bdVdlRQIhsfBQhRkYBKkjqOh24IrMPhuIsJLe5ltn3AYYnbgZPUkZyoGQfu8HOMVdtpNO/vXuvR+e76tJdO5VmndK2jbSWq+FpJ7P8AJq9l0LVrCsmWKgElg6MhIwRgcEKT+OepySOrDaI8wAUxRlTgj7pfPQjsSM5qO3tdVgmYCVZwAw2EFdy47HjDnAIx9R7vW8ureULcWxChWZNuSwIGGHf2IHPAwehom12Temsb22ivSy1ei30TsWqs4LRrRaq6e7W3bu7LXTUllsYZMBY1eTOCQOAAAPmB/wBk9AOx9OMmbw9G7bfLwnLbkYbs8kADByOOTxyQo2kitq2vrdyI3dlc75CcENkYwM4wNpXBHPTnvmwtypkUiRWBUqVDYwDjkgdGIAx37jpWM4RlZW17papaJdVp67dnrY5ryi2rtu91pZN3bkrapvTZaWsjjJtGu4CFt7iZNxHyHLKRg4GSDjOD6En/AIETyHi6XVbLRr551S4hhVJXA4cRqRja2DgZHzDaCATnqc+wiWJgQq5fO4kgnIGOMcdDgDAAzkcnpyXjiGO58L6yw2hUtGQBAAHGeM++OwweCehNczpwTaS1Xnbblu7q1rp+V07pWNrylrdqyWl5Na2t8UUo3XVpL00ZmeFfF0cunWbMs1urwRlQSWC4ABIwDgHGSuARzwpyK9BsvFkkrrH9oiwowu5uXC9VIO0Afh83TgDJ4PwZplufD2l7o8k2kQVSq5IbgZPUc5IOePrxXS3HhmB8sIxEwXOUBHHc5UsQ38zgndgAJt6K6jGyv13s3e70u+ltLu1zKdFuPMm22o+bd1G+t7x0v+h6DpniSKO4Tzi8PO4zBtwYntuGe3U8HHU+vVjxBHO0aLdRpGRu3gkEkHIA9SehI5HUdMn56m0q6iYmCeWJARyzFtpTocEsW5GMLgYz7GqTXOs2pK/aDImQSrYAIyfukchgCDgAA44zyKuTjpZXutHfq+W6lZW0/wCDsjH2c0tZN3XkrP3dGtHo2u19E7p3f1xBqeIxKHQyBcDaVIIPGSckE46fKSME7q37e8XbHh2IK7mGANpJxgjIHJBAycnGAeK+R7PxbfWLKk6zFcAkoSyquBtBJz0OevYA84211Vh8Rtq+XJKzq5zlyVcdSST0wM859Pl5pKKadmndXeq393ye9uz2Wq1MnGUZX10fl2S6LotNE7avrc+irmdGhdgYyxzgcBsg9TnOcbc4PXPBPSsWSG3KqxBlBLM2SoKPtGME8gZPXgnn1zXncfjTT7yMRyTbH+UI+/GW4+YEd2HB6jPTHbctdc0+W2l3u/mAqSScq+3gkYyQQB/wLbnqdtc9eM4xTTdkk3q1d+6+ystLbp9VdJmtOm5S952WnWyTsns0nbWzWnfU8YtVhXx74njkUbHaNgCMnAXp8wK7QSMjjt12nHRXfhjRdWQrNp1rIHJDMYwrFipOeo45zu4HA9MHlzNBc+OdeLOQrJCyEZDP8o4JGMA9eevQY7elabHFtMlwzREYChmDIQ3duuMAEEdTx0rLDyqXTb1V/iW9uVWattuk/XZt33qU4xhraW7berXwJX79dL6eqPGtW+EekTM0lslxZNliWgcFFxnacHgkH068V53qPwx8VWhZtH1gSEEkRTDBYgHHzN2I55PB6EHivrW6tkUOqTMyuAVdAzIN3IAIJILDgE8dAMHmsOWE7VXGGVSFAAO7PJJOMkkEAH8we/a6qsuaKbSTb0WitdLRv097XZs5KijbS6aa1T7WVrpq/dbfKx8YXen/ABL0JnW6037dC2WkeAEtgdztyASAMeuSDnjFCz8e3NnI0Wr6VeWsqnarSxOQf727AHBzgbT16crgfZ1wWeJlCoAqlZDsXPbH3gMscdgcjj6ef63pOl36OlxaxtIqgbjCrLtbLbnO05Xk9wec8dK0XspxcYw1tp2ila99GrJ3d+l1ppplyyj7ycrb21e/L66er76qyPLLHx5oVzFC0dwsb42sm8RkkDONpwGGQBgjqeeRWjNryuN6yrNEwVvlkUgEYCkAclu3JJ5zjqawdV8EeH7mZ0SxWNw7DfCSpYnJLAKxwB1HPBJyAOa5mT4fIjSmy1a9tCuFUszMqkAEjBPODgfxEnGOmQo4aHK04xd1vdX15bPR2tddVp83eYVpqUla7S2SS6R2TdtmtG9O+yfo/wDadvNCgLlpJGCHcD8vvwcMMHvkevByPy1/amZf+Fla6qthDpdn8wwAcAklec8jjceg+mW+8m8LeKbeUrBrQl8ks6ySr29AQOQScjrjBOR0r86/2imv4vHWqm/k824/s6BZHwACQMKwG3gqBjJ+Ur6qAD2YChCnNttJtdL625b6fitNPV3PKzetKrh2m2knpyu1tr3XRrmta7169T58RwCFYht0aIMgdSMHnjsPpz0BFO1FyYLdMkKWZlH8IxtwMA8YOeDjr65qnAVZIMnP3QCMnHfGe23POAODxnFSajvMducjaCw5OBtwSD0xz0HPYE9K+jjZJJNybcXp0tZtP00cWtm2u6l8XUl7rvd2d1dXdmvnrppa3Xyv6B4M+I2p+HVOmX6jXdAuPkuNPuwrmOM8MbVjko6gjbtIII5zzt9IHhTSNeibxH8PLrzkQmW/0GeRBeWmTlxGhIaVQc4CqffqBXzSjFYhsbBVSTkYwf4WBGTgY4wBkEEZxk7uh+INT0S8ttQ0y8msbtH8wSxPhZCCDskQfKydOGGOTxg5PTKHPCKelr2vfRaW3tdafLReRx06qvOM4u17J6u/uxWito1a101azetrnqs9ztLB42gnVis0Lq0civgcGNjjHGc5xnrxxXoHgSXeb4kkFRG2zaDnHBzgDPOOODwenJrQ0q68M/FqGCy1doPDnjNYdsGpKVjs9SmwAplTKKC7Z3FQDjBPotvTvAHi7wJfXaa9aj7DMga31C3Uy21xySmHBZV3DaxBPPAIOOeHGqNPDTcWmpKyaTaumnrprfT8tTrwGFf1ynOMpOOt7WVnaNubpppttq3Zts9gtnEltCAB84HmDbuIyowcDnBHuMYwe9O0uNjPNGVysUTluACy7SP5dcYHOODgjmoNSEUUJebhiCBGuWzhcK2MkAnBwDkfMDnAz0OhzvJJcbnWMZchsMDkg4UH3yCRyeMYGOPMwqkrJp+8+qttytJbta72etuzPqKk9bWtay2tayha+6vzb6u+iPPvjPqF7pPiDwtrOmXNxY3lloiSQTwltweOYkLgH51YLzuyOchcdfS/h18Z/h/8SY4PCnxCt4dD8UELFZ6+xWOC8l4VTIzELE7MQcMdrEepryv49TyK/hsygAnQpQFC5yBK/Ocgk85Axntg4zXxzfzyC5jkWVgVnChh8pXAyBkYOSSccg8AjkAj1qVNyilZN2itrdI6b6P59/Q8mti6lCbk4pxavKLXRNXsuitHfvstj9O/iF8BzBCl19lEkMqlrHW7LbLbThsshnKDgEHhh7FuMZ+W/EPgnUtHkaPULZtpIWC6iy8LlSCG3BhklfmySAueOOvd/Av9rDXvh+kHhrxoreKvBkm2A214PPurCJwFzE7h2bauPlZjx3HAr7ubwV4N+LGht4k+GN7ZarZXcXm3vh+WRDcWzMm9kSM/PDOhYgZBBIDAkgVFSlKE5yavHz2tp5K263v11SN6dXD420qTtPRTg2t1JbPRN9E+3zPyqjjnimdXxiNRsP0xhST/ALOT64ycADJ7Twr4p1HQ76Ke2uJ4iG2v5TN5bEZIG0EDHy4wQf4ge4Prnjz4PXWlTXbaZa3EM8AZrnTLtGju4ip+Z4i3+sj/ALpTtgc5NeGfYbi2dYZY5I3RmGSmw55GGBAA9CenPHHNceKwlDGUnGrTU4tP41dKzjq1urLp1udVCrVwtW8bxlFqSle1vhd9OyVlZXd+9j6+8G/Ee91yN4pkjWRDuE+QNrAgAtkBuzA47+/y18ueKtWu08X+IVaUMHvWZhhfLLbiQ/8Ad4AwM888EDIr0f4YapY6bPLFeyAfaw24OBuJV8IBxyCDwQRg+nNeQ6vcLd+M/EjHc0LXbiNCAcIDhRgAKQFwCR26kbuPkcrymODzLERw6cYSjeK1smmn3aVu9/krI+gx+YTxOBwznJuan6N2S1le1k7rfa9kmz1/4afFbx14L1JH0LWLkQIytPp88jS2siMQHXY7Mqqw6AKCB3AJr68i8Z/DP4u2g0/xlpcGgeJ8qItTgCJHI7/LksFClieuWbgnnGSPh/wVpa3GsPCyMA6A7iSVBPI3EHgY7HrgkDivZp/CYtYTMdxRl/dyRkuVkGOVIw2Pc8gZGGA44MdxHPLMbLB1WqlNu8qU1zaScUtG3b7rq/lp34HLq2KoKtCMk0/iWtlaOl9bq1k7Wvo+hp/Er4B+LvCkL6noUX9vaFMFmiurNTMY0OGXciEjLKCOwHOSQK+cbnVbmwcwS262jFgrRzqQyyg7ed3qQT37DkjJ+tfBHxd8X+BpItO81tW0gHbcabqBFwjRHG7y/N3Y+XGF4AHYHr6nq3g74T/HW1ln0uOz0LxGU3GxkKW0puMEkxnKK7F+oC5IPUDk9lCnkudRTpSp4fES+KlKyi21FtKT10bf5sivDH4SSlyzcVo3G7Sb5Xqkm4q19tE3pZJHyB8PvHB8MX+p3czxSrcaVdIQrhSHeBkTHOWC7gMA46buRmviKGTztX1ZyNvm6ndS87v+Wk7Pgnpxnk53AnGTwT9afEr4Z678Mb+6i1jT7yGMGVYrmNXltJIipKOsgyq/IVbBZuCCD/e+OraYPqFyYmbEksjndkLgOG53AYCtxzzkYzmvWpZdPCZfVpJ3jq4Jaq7STaeq2tsv1t8dnNeVbHUJyvpbm76ygtXpfdW0TV+p/Yj/AMEjyjfsgeNM/eW5vgCBgjMPGO5z1J7YxnoR9mf8E1JDa/Fz4uKgVXutJvTICCrMFWclwygDjcOnXAJwOR+RH/BM39o/wb4C+AWu+C9X12107VdVkuzBZXbpCkyeWArxSMcNnpt5J9OQT+pv/BOrxPph+K/j2WXU9LtlufD17MJWuoQs0Uiy4VcuMgjoVzj15GP8QvGXg3ifLOMfGDHV8qxqwea51hsTg6jpVOTEQjiaE+eEuRRlFLaSb26H91cHZlluK4SyPDwxVKdSnlsKU4RqRlKE+RKzjdtNbW953erbP46f2+rKWD9rz47hfmcePNa3KOQwa4LZGOACCvXGMnqSDXx+ikHaiqQw5O7BX+8NpbOB3z973AGfuv8A4KB20T/tgfHFoQuyXxpqbEqwbdG0pO/I4wR6seDwQGr41ms4FRlEbrJuXbt5ZtuTzxgYzjng9GzX+z/hJOVTw84QqVIuLfDuT81OWnJ/sGG5k77NW18k0076fwfx65Q4qzqMZR5VmWJtJyWqdZt6rdtNu+vXZ2ZSS2fcoc4GMhzjnIJGOOoPQ7gBnpgDFfVYkW0kwrHEb/KMBskYB287gfyzt9q0TKFdQwO0LkA5POOGHfpg7cZOMYAJBo6i4+yz8nARiGG4nJXAG05PXJweB/wILX6FKDcr2TWj69LWTTV03ppZu99XZ2+UU1JK8lvunfRWt316bdd73vxvg9dsbmPAcXEpIbpjBAHOcDPHHJ/l1lx9oDPkkoNpVQAcfNnOQcjnB2k9BweK5fwmuILw8lhcE8H7uDzkkbsE9cdunqOuR280Z2hJQFdCMgAHAAAOdxyOnbBUnvz4qnzU7qN2l0VrbPRb77+iWtz08PW9nJXtdN82t9rJu2mttX3bvvLS/Y3s9tFgFXJOGAHzcKFwMnDMTjpg4BySQMy3ep3kmWjRoVEYw3I56n+XB65684roNPtrSaWMKo+dTuAAOzBKnjg5ByeTwcdq6C4sbWRFOxCiowbeo+X0AwPXGOBgcfX5yVelTmoThrdL52jbRO/Xysrdj26XPOndN8q5be925X81rd+dtX04jTdXnEZEpB2yJtIyGOODknqADgEY5GAxHFfrH+x9O154v8IOUVx9jYbWGflKMvzZOM49d3ueOfyeuraOJ1MYUKJCSFwcd+ABg9cn0yfQ1+q37GIU+IPDUisyGLTpXU9c4RyvPQD8BkgYJINfiHjnVq0uGalehUnSl7KsouEnGafJGSs07q3o3dH6Z4W8ss5jColJKpSupap2qU7rzbSevdO25+yfg618NXcGu2ut6Zp9yiSPJEJ7eI8IS0hd9o+XapyCRkbhuzk1833+t/CrWviJP4Y03RLaNZJxDcTWhaNUZDsZEI659iecZGK7HUfFh0rwhr11CwN/ci5CANl1Ulky23OME5yABwCSw5rw39lr4b6p4r+ILeJNUUtYWd+8jNg5d5HZh8xHzBm+baMjJ74Jr+GMg4h4gyTLc7zypxPm2EjgqUlhaVPG11F1HFON4uTi3fRq3Xyd/wCmMXlmXY7F4XBPK8JXdRpTlLDwklFKNlzWV3vGzd7HBftp20HwH8LaF4j0G2+0HXdR+zyafqiebDFAUyGjJBBLqeBk5GME8ivKfhfb23xR0K3vpPB+lTz3Fm8rW8G2NjtC75d+FABPO3PUcEV9m/8ABVvR9Pm+C3hu6niWL+y9dghQsqCSTCbeRgHGOBjnGM1xn7Cnwei8ceGNK1S3eW30m0t4I7sQFkmuBIASqkDJXBAYDIHU8BhX9CcJfSBzrL/CHC8XZpjnjsVDFYrCOri6bq+2lRnF046Wk5WaTel07n51mHh1luM41qZRRw0cNQ+r06slR91R5rKTsk0rWvbltv11Pm3xP8C/ClvYLfav4Ov9Phfcxnijd4lAzubcFIKKwGWIIGRzXg138J/hveuTpWstaylyvlPcpG4bJO0KTkjI79eh4Iz+q/7c/jPQvht4Vi+GfhGGS78TalCYLt0zObCwdST90MyTEBV7Hcc55zX4YeKtO1jTfKuGiv7VmBdPPSeAu+dxbccckknhs5xz2H7l4R+LWJ454fpZvnGXYHByxVSSwtFyUalajHlSrOnNuS53fltbR32sfnvHnBOE4czD6tltXFV4U6alWqSg3CE217qmtHZLXs2r6po9rm+A18is2k68kzuCIo5HVwc4IywLA5HQkkdM84B4nWfhV490YA3FrBdRtgBxImCMrg43ZHrz0PYnmvJvDfxV8Q6DrEEl1qN1Lp0TiO6tpJpXxHna20ksQQMkEHkc5zgn7/v9W06f4aWnjPw/q5mlmgWV4L1hKqnA3Ku4t8ygkEDcenev0HN+J8iwOIwtPMcqrU4Yqap08Th7Shzvl92Ube6ureq22tZ/HZdkmOx9OvUwePpxnQipSo1rwnyq19r3s7rfXe3U+GLzRfElm5WbRrr92QQ8QZ1AIUFjgEbvpwfu45rBmuJUkxcQzwyKQCZIXQbi6jDHBUlSefmyMHPGc+8N8X4VuWGsaNbzwq6xtJBIqEk43NgsOdp65xwc46nvNN8Q/CnxM0dpqEfkSzNEogniQBmchQglCgjBP3uRwPmGDXp06HD2Mip0cXLDbO1WNklZNtyjpFJW31XldnnVaWaUuanKEatm4pwa120ivVaenQ+oPhrpNvqHgTQZYr/T3MelR74TPG82XTgFS2Q+M8HnByeDg/m7+2Lp6Wt1MiKV26jZjeSSoxLk7SvGOMk9McHjk/ad18CbU2yXmiahr+jLMsUlv9luLprXyiNyPiN9gQ9eDgdfmAwfDviJ+zV4n1pCb/W01S3j2yRveylXVwfkyzYcOQcAMwxjsDiubAYPCe1qPDZzgcbDmlHkp4ilKSd7NOCm3Fq2zWi6bnnVsJmGGnCrWy/E0ftOU6c0mmo683Kk07382nsj5d8KYUW5V2ZRDCMg5AJQen49ycDk8c+06VcIgkWbDMxjO0HDYyvOeCe3PGe3SrMXwH8babBut9Gnlht4VVZrMPMrJgEFiAcg4GTuAAxx0FYz6F4g0wuL6yu7adCVUTwSR72XtkqQAQATknIAxjpXmY3hvFVnUcKcKkG2m6cozs3vdRe79fzTfsYXMo0ZQnKNSElZ3lCXK0lG93a2q1vdpt7rZfqxFDdeNvhl4H1zwtarcWvhzTE03XkBLROYtrslywJEW4fdMnU5Ay3A/WL4pfto/ss+Ff2BV8OxDQdV8R6v4WHhWDwNaJbPdaVryw+Tc6o67TJG0bgyCUgMxzyDgn+b74K/HT4gfCu7MJgub/wpqUsR1zRAY3t76FRzsVwVEgBKliAeM84ArL+OeqeA/E06+J/h9Y6lo018Z5tW0G+LPFbzyqd7WhQbFBJJxtyT1IIr8JzDwix2cZ9hKOa08dQy/BYyrjsJisK2qdRSlGf1XEreLTtyzSd1dabn6zHjvL4ZRTq4f2MsdT9nGdKcnCTaUUqkVZqcVe7TfdW6n9Uv/BHvX11T9m+KayaN7aLxPeEF8kIskDHYd2SdgJBOQp6jqDX59/tR2kkfxr8dXcQhZrvWriJlXgBSxyQOQQAMDAHI28nbWb/wSQ/bS+D3wI+D3iLwN8XfFJ0O8l8QNfaXBNbuVktZovLZw642sjHDJ3G4DJya8w+N/wAa/h94v+JfiXX/AA/r9tf6Pe6xPc2F5JcIjujszKGjJ+VT2J47E5wR/GWP8PeL8l8a+OMVHJMzWT169R4TGyw1X6tXVSVOVP2dZx5ZvkvZqTs1tbb95yDiHJcy4YwdStjcHHETwuFXsFiIe0pzgnzxcLtp7qzSSv8AM+Hf2lLAR6dC8qrwkv3MgjKnhunbg5+bkjAGa8o/Zmt0k1yVSrES3UCNkHoZBhsZyO3J4yeoxmvSP2g9ftdYsFltbm2lWSTK+TIrllAAPAbGSM+uOMZJzXFfs1oU1qXcFAe5hbcCNyBZM8YJB7jP8PTGOT/fvgbRxOFwGGhioTpS9rblqxlGTuktmk12Wu72vY/mHxZlQqY2vKjKE48iadNp31S0eqba7v7tEfH/AO1dbeX8ZvEYRgwTUI0DADBAUAAEZyTg4A9cE5FeXW/7uFVIHygZyMMwKknnnJyMg9c9SBgj1j9qg5+MXiAZLodQXLsME/JkdAemWA4zluK8thR2jSVg3K7dq8HBXhgcEk5zxnIzk8gk/wBCY2T9s1q31aVk1o/yav8Amfk2XPmoyUU9LPbyWl9NLdnaz6izL5giDHeRggdSV9Om7tnJBySOgODVRVMjADb3IAY8c4354AGBn0A5PrelQwLnHHlgbWBH38gemTycHOD0HGcQoilgcsFZD5vGM9QBk7TjGOc9iTyMVye0aVl1abWvk463W+r1WjS03N5JvWzThJK0uVRb762fV2d0k10ZDMyEFcHaCNx5IOQBjbjIzx3PQkg9KicxmTJyhC5xjaWAICnnIXAJB7jgnNWZINibSG4KspbA6nAC/iwyDggjPJBxRmLiUu42qFAxjoTjBwD6Z988ZIIB6aN52ut76JWSV09de3XS19r6nPKo1HVO993sn3t11aelrX26lvfGA2V5EeeFPOAVGQD17jA5Yg+pqW1OWjLcknKLgE5yMAnPJA6DGMZ/HIVmMbfeAOSDnDH06jhQRu59QM5GBds5H8tQpyykkYPIIJBJzjkDPy9CcYPXGs4x1stt7W3923lttfTZ9jL2j54taa32fWyvZvVeu1tDo5iXkOxssNrE8hlGcknnJK8E9PxrnPFB26fKyvu6ByxH3jyvynnPUYHTgkEkGtV5Sj7nIO5QQc/PuOAQcEYGT044AAGM55zxM7/2fJuG0E5wME7Rk889fmwByccYrmpxkpJttWktN27PX3rJtat2s9tDrrzc6Ter0tJ7aqyvp929tI2s7o/WP9gTR7bWPglrn2tEljj1WSUJIN0bYVwDg4HOB15JPPPNfnH8SvEuvaF8Y/F1vo+p3ljCur3CRwQTypEih+QE3YHQHOM988kH9Lv+CfWR8DfEcilwI7uVkRQDucr39cZxgg8Y7ZJ/Lj4wQvH8bvGPmKxK61cKQwAIywOSFxlstznPrj06svdR5tNcz5OSL5ejbcV3X4dNNEjy84ShkdGrC8ZKUlzRurNK2rXez33PcdC+Lvjm2toootdupW8tdomO7K4G4EsrA57bjn2I4r0uz+M2vx+UdT02w1ENGQ5ltkcMBwTyrDI6ngd+3Xwzw1paSpAjhtnlq5bHzA4xhSRjaD2PsME/NXamx2OFUOdyMNwAwhz7ZBHGMDBwOnY/S4qlTVlFckmtbNrX3Xeztr10+93svzfA5vj4zmnV54xlZKV3dWjs9Xpptvp1uerReO/AGsTtJr/hDTVUgqXW3jBYcE7cID1yDzkcZJGc5F/4V+AniKVdumDTjKDvaMFMSZ6jIIwPUj17ndXmz6d5kbs2MEhcovIw3PGMdeoAORzxjNVlsySsRLBQpYsMhlBJGORj0HIPPXGRXnxjWi7068u+uva19raK3RbvRntLPm+VVcPGV2mmlb+XVqzfR6626p3sdVN+zN8NdaSeXSfFAsZGYmKFp0xkj5V4IODx1zkZxXEal+x94jijkfSPEdjdpy0Y80ZZTgrklsZwV4+9j7uMmtRI7pW+SRgCOqs6leAMrtwSQOh5JGQO9TjWdes5R5WrX8YAym2dyM5xsClm6jaMEcZ5yoarjWxMLt8s35rfbS6atvZJXXXpY0/tbAVHH2lBpK97ebja19Hprokr9dLni2rfs7/FnRUMgsPtsaMQjwMH34GBhQNxGPujHcf3a4a88H+O9NWRdS8P3sZTnLWs3YZGSqgLgdeG4HTdzX2JY/E3xhbMmzU2uYo3A8uccsQAD1GQPvBjyDyM7sV0cPxq1aJzHquiafqMEh+ZWijLMvIADMu7O7OehJ+lXHHVo25qTeiXNDTr5LVX3XzezRcKuVV2oxlySf8AMrJv3XZ206aq+lj8479LwoRcWd1bgF4zuicYODxllx1OCwOMdsYrkfCtlPBqN5OyMkXmEF3BCMCflHIHOT1yeOOeM/pde/Fn4W3sgtvE/geziKyEsUijUhOrtldpzgcYzkdVx119G0j9mH4jQXEFrIPD02xguz5Va46hTuI5Dcf3vyIqljozcXKFSLi01zK7e2ieqt99vz9PC5dRlCcaVeE+ZaqDSa20a101s2rvtqj4MiulKlDJCVfIPPzKQMdCTkg8degA21ZWWMqoJT5gCCvOQM88kbWHP0I+mfui6/Y28L6vb/a/DfjO1ffkxxzyBODkrkM3pgAgZHqOo80139i74h6ZGbnTLy3voxjYIpgSy889VyMYbjnJB+XpXVDG0ZfaSd09WlvZR1SVrt+V9/TircP1ZJypu61fu21Tt+rt09Xax8t5QeZvUuGLbQSBjH93BI3ENkHPAzx0BlZIEiLOQS4UgcDGOflY8E8jOAeOvIGe81j4GfFTRpDHNoN1dpHn54IzOuOhGFUgEA8ZPT5uuQfPr/QfEeliVdQ0bU4DG2MPbShAQecfL2yd2SAOCM8CuuFfmSUXF9LNrTZX18u1nprum/IrZRiKW9Od0tPd16O9k3dNX+XyQyF1E3IYguyrgHKrgDBCgZz0I6DHXLA1IX29P9rcWDc8jB3cncMMOWHoc/LnKFzLG6F45IyAAFkUqc8ZYgoCBnr2XJ+plW7G5WZlZQSW3E/fbgjBHUEnn1xknnNuS0uku9k9klvtZer6eRxfUsQt6ckr2V1ZxWiej17X67pdb60dxIhGcBGBOW5G3GR6EHpwFBz3IxjSttRZVJDIr4BLDJ3AsSF5J5OeB2PzA44rnWu4wpAGc5yVyUAY5BOMYPqo57EnGanWSKT7r7Sq4yBgEHvgZJzxuHOAcY+YUe41FvXZd97a7afK99Nd2ZywtSLty6JKV3e2iu7ba9U9b3td7Gpc3ayRM2TuOSMhcgt8u0nHXj7wAx2GAK8Y8SOv9voSCo8lcgjk8nhsABgd2OQWwpP19TOViZ2BKYdhnlXxn5gVA5B5HJ4HJ548p8RyrJrMMrHINqmMKQw+bjb6DcO+SAMZGOOetywhG1lecPJbp77+Tbv0d9dOvK4VFXkpJpum+XSz26t210tfXTz1PGKKcccjj2POT+BOB75/AUY4JHbPOOvPH+J9BjvXyp9wNopxA/Tv17Y6exH4g9aTGegJ/D/P/wBf0oASiiigCVWwT7dMHk5Htwc9evU4yc1oWU/2eVZMKzAgKrD8OMZ5IP3scY5zis1WGeQAMde+R/ME/Ug89qtRlQ3OSeMZxzkcg5IAA7ck5OO2C/P59Plp67q2i1tYzk9lbfTX1Wl7/f1++59G/Bfw/Za9rsP252CqTdFEG/zCp3KhJ4UDG7J4OQCME195N4g02wskt1EYaEhWigVkCrGCqqyjj5yOBjBPYV+efw2udSsA9xaNNbpGcy3IX7ysACm4DHXI646N6mvTb/4g3FnBMbeKfzWJT7Q5yZHJ4KllOEHXOcAY7DI8/EpuqouSmtEorVJ+75rX7tLa9T0MHVpYei24R55N66XafLZW0bervrbXe57t4i8f2ql08sw4J+UANIz44TBweRydwznIwOTXiGu/Eu68+RX1FrdFUoIExvA6KH25IAxknHHpkGvFNS8aapLcXDmR5Lh2QlyQRHjg4HHPAHOcemN27jZLq4uXeaR3aZ9zP0Yj73IPOCT1BwSDgjPFaUaD0+zpa6Tv3eq3s72Vrd29GRUx9SS0ur32drbaaW1b7Xtvd9fTdS8et5mURpd2VkllYjzeScYVgAF6gk4GeDnFclqnjC4vCpjWOKNMLsjLIGA7bdwzyOSffqK49kup+Filc/MQFQt8uSNo4OOOmRjO7nGcVjbXOQpgmVgvAKZOME5Y445AHOOMZxito0YrVrmfn0em1rarVX82ckpSmrylJ2s1d3s1ytdLvW3ra529l4teyjZxAj3EiMpdtpCqv3SvJ2sOxx90jnOQMW51q51EuZ5BKxLEIynbjDYYgAZPHUdO/QGuaYSL8rK24HJGMdQePfoeQOoIzkCpbWGeaULGrk4BJB5CgEsxxyMDPboT+IqUItytr562s1stku+n3Ee7o0rOyuujeje+i3belveursu2cT/aRJLJ5Stli4bLEhgSFxxkdzxypyM110FzfRB189hbSL96VslvTbuJPzZPAOOg45qSx8P2rwC6mutm1NzRuuCVXlQNwPzNjIIwefXmqd7JFdCSC0jcbXLAszlm9EVRk84BPHbBxjjmqTjOceXlVrq9lqtNnpv6rzMHy1JRs9m4q8ktNNG7adbaO3btJb6u9ikkgmWM7sbY35KHOcHPO88YGMD04FYsmvtNcB5tyorCQBTkgjgbSc4IwemCTwT0xW1DS9QgWGe5hMIlHyHqAhztJXPHHJPbBHQmsB84+ckgseT8ue2cDB7Y565JxitqVGMvf0d9LpLRJR01b/yvorPe4QpK7+LXX1dr9r2t35fmzX1TWHvZN6piNQUUZzuzwWJ657c8Dg8c1hs7MAGLEZG3gHBwOc5yoOcg5A4yBxxJkYGAN2c9CAc8c4HGeck5OeTSLH5hO7GRjge+RyTwCfx4H57RhGKSS0S069vx0XzNIcqSSVtdO9tNNe7v9zsk7Wt6fdi2nSUqH2MeGOAeePlHIxjgjnpzkVv3mtLPEWt98b/KhDkkEDJLYLZPUAY4zx1Ga5ZF4KuNo9SCT74A/mfbtzSBeuGyPmxuY5bHBwAAV7AAg5JPJGaTjGTTkrtW027P8N+6+5BKnBtNrbza3aez00t23ViZ5maQEOSCM7iSWyRzwOmeWAPY89KYpcblZyqcM3zcEZ+U9cHPOeg6d6FiwASCc7srjsQAOOD0ORzkE470hUE7RuIbALFTyFIOBk+h5weucmqsvw5fl2/rUu3Lbe78k7Xau2vute/zRq2tu2xZCwyxwOcjaST8zZ3cccluMf3Sc2EmSDK7A7MxUlc8cHOCOD6k857ZPBx4XkjHJbHJ2c/dzgHAOMH0PAye/WWOVV+6WbLghlHzIPmyACcsRjr06cVEop3bdn8treu/S91qQ4yctr7JWVraRW3n6628rl8IHkDMw24JY8YBOeFwBuyc/e5J543ZrRW9jtYZEt1BkbAViMMTnByRnAz0PXJG0npWfFYX5jM0cFx5TPxII2Ktgj/Z6YGMDGSeTxkzQ6PetJsmimjEzq2+QEALnsxOMsTwMHoDgYGM3OkrPnTSb0cu1r3t307dH0dlCGttUl1VrLZdFula3Wy9B9vc3Fw4hKlpGcKShIIyc9un1544JHNem6J4emcxrPGFQYYMUJkUMARnJOM5GTg8duhrqvBfgPTnkiujeBpEGAjIGO/blsggEkZ4JGCTnGSa9GEKWMzO0KNDGxRnZCFcqflU7Rwwz1APHOeOPmcfnMYydDDJ812ru67PRR387pWb16G8aMrKUo+49na6drPdWvZ77Pu+3FeILWSPSbeFIxb+Xtc/KAXQHAY4A2sxOTxk9+wHQeEYhFbSXXlxyTFVWN2HDNt42HGQRzyTySfXFYHifxBbMrW3kl5izHZuDER5OFwuSNzA7Rnp15zXQ6B4isxp2JbYQTqqLHGqj7oAIbBUYORkjHQc55FeJiZYl4OKcHKU6ivzN2s3HdJXV1punur6CSinJpuys0ne97Lol0VvO70auyK8sbq7uhduQ5jL+aCV2qCwwnJzyMj1I7nNV77xTb2UthbQxRtOs1vHIse5FVTKqkEDqeeGzkYOcDBrO1nxFJY+ZiWN2ldmVQQCcEqQeMHa3PQ4YdK8lbU5L3V7VmYMTeW/CZUEmePrgc8Z5BIzk8niu3L8FUrzjKvC1OHK1BNpfZlpd9LaPTe2mqcpc0opWi3KKVr3+y3dtvb791vt+6vhNPtGgeHjKNgl0iyccAk7oVOAOoxxgjtxyK7tEcIoUjcuUQActk8DkccnI+7jgfL25DwZbrJ4W8NFTIsn9hacTyRgeSpILdMnbjPJOdpABye0S1lVg6tkH5jvOcDOegOc/XOQCwyev1cbKKUXaySW2iVkuu9+2/R2PrIw0ho2uSPm72Vlpa2n3bbmJq0W2ynBx1Jbdnc4J5OOnTIyO/Q4Jxh+E4wwu8gDzJSqMGZhxn0IUABSMEEg4wDkZ2fEMWoi0ma0iExkBD7jlgmRkrkg8txt7ADnPXK8PrNBA6zp5M0pU7FyQc5xkjIye+CScD0xXXSlzQ1ldNJO0tXZpXVlZ3WiuvxdzgxCtV1i7qPVaOyXWzTstO2yOfn2N4h1QYCgKg+YEZG3r1A9wTw3v0Nn5FVgDltuFBBLEdm5IIwSOevHHFc1q2u+T4pvLIW0hkkRFDINz7hwBxwFALbvXr3zXQecUQCa3lG6JSWKEtxnsBxgnG4gE9M5GB6+H5rRbs3aKuk7O9ls9el03p5rc8aq7uVlrzXTs7razto9Frr6ddWgKQvILEjpkgeozn5uwz/EAfpTLoRxvHkHO0qMKQ7Z69l6EnOfu+pBzUK3ahidjCNyVDEbdpU5Jwf4jnuNoHpnls1yGliHAVYsq7j73ADehxjP5dOuPqcpn+/prRy0V7prW1ttrXV7abrS2nhZgl7Cb5bWSunfXb7t00tbX0ZUmlx5YDYV8ksSSo9B2JweDn0zgVQkDLucch+AxJIJ6c54GByTg5yc5qWe4KqM4O4kYyNyrzlgOxPOQB0JIyFzWLcXuVAUk4LlRnCgZGSSQD25IJ6E4x1+7opWi9LWSa6WSi09F33Tdu9ra/CVorn7O99LaaL5PppbS+7Q2eZV24yNpyQox3ODnb1xngY+UeorNnuAx3YAUpkDOQpGQT69MdfbpzTHuAQpIwDkMQTg5Y9ORnryM9OOTyKcsgLFSBwDkqAPlIAzjI9xjORznJFayqaeTtd/ct9OnoraLRXaSdlH1Vmn3irPTsr3tolvZlmOTf8ANwQVJ3I2AqgHAJzuz9ecD0Aze0z5buJkfncCysMqqgk5x9M45OTyQRwcaJlHQjO0nb3IxwT2JOec/gcVp6Y+bmNj/wA9MbRwoHTtjOc7SpIye/px4id4ySuvdte27aT26JaXutd/M3pxUZU20370dlql7t+i73W2nQ/Lv44ws3xK8UOXBL6h82CVwDk8c9TzweQehAOK8jt45ZLxFgTGGUAsegzyfTPJBPGc4HbPtXxmRJPiR4nkJ4a+wvAIQ884wOmBgdMrz3ry/wC0JbsY7cKX6NJgAkZJx1J68dehyQACa/DMfJxxGIVtfazXpaS72dpWW34n6dSklRpacrdODel7aRstOj0enyXbda4NjZLHCxWZ3JdwBkhTk4xy3PQEnPGAcVk3N/cSRBAzh2ByhZt7bsgbucYwASDnoc81at5PNDPIQxVDtyM5PIz04wecY9sYqitwsM83mLvOFUSMvCjIzjPXk8kk4+ma8yyvdq7b079PV/hbr3vSUnZp2T1Sb3208np899yBNOvrsGV5CGhAZQTnHPHUkAeo9/WrtppNv53mahOpZVEjRqQQ2DkKSOAG6nnOcYAzwya9kEUgtwQJfkLgNliPTA5z9OOowc4qwyXUW1JYclR8pYktufHLLgbgRgAHPBI6nmtUkpNJXT732Wultum+tl0ZSlFtJ3VrXdtFsvVu3Z7pXWpqaheWWFitreOJQQGkKD5sDjjjI7kjb82OhyDgXV6XZApCxcDvgnJyOTwGweeNuRzuO6p3gvJA7uhDgkkjH3ME4HscgcY55xxTLGwuL66jtR0LJu6blTccknocDJ7kcDHSrThFO72Sk73t01t0sr3a9E9UnnJpLRaJJ+V1yt3XRK2rXpdJ6dV4C0WPW9YhjvnSG1ikEiuy4DkMF2hgBvyRkjPbnnlvpzxFrsHh/TvIsrSNV8vyY5dmFBAGZIuOeTg4OSSGJ9fONHtvDXhm3hufO+23YUqsDFV8t2+8wBPGGGVxuGB03cVzPirx1/asywtt+zW2I4gCuSxOCWVRjAPQdOwPU14WIp1Mbi4T5JOjB6pqybbjaSeqd7LdK3Xsc06kajScZON2tdE5XWvu7pWs9ddEt2zlvE3iXUb+V47mWVo8qEBJUBWGeB8uR3Xv0BOBxmafbytEQGUGTc6FsbjtXAAboBjdjPQk4wGpt3exXTMJGTAAAkK9GwAFHQ9OB7fpctbyys7VVkcySvySBu8tDnbg4wF6HGev1OfVjTUIqEKairW5bK2yu9tXbS6T00d7WHy9ml0TST0Vlaz1utVf11toW7VJ4lZXuDCRkuoYnJJwGzu2gkHHf06YqeO3glm85vMypXKooJbrtIIznHA4HNc417HdFoo3ddxBViTubJ6Bs8ZzznsfmyRgdpoLR2t1aC4kh2SL8xcghASD15+YjOCexyowM03ScVzcrd1HbVvRJbtX3T1eielnqXTTVr62t72l3tFp3bV7barfVX1cV/r9/ZxJbbGhAKn51KsVJ+UBuwBGcYOScc1t6b4peeRFkIhEUeHctneQBnnJAzyCSemeMEA7txaaJqDytffPGuVibOFABPAIwCpY9OME4xnOMh/Dtikjz2r/ACN/q4W5BUhhuBGDx1zyOeMZFKLi1qrOy0a32Xnv01ey+Wz26La++q03u9L2a1vfXpY1LnWLO63SSQQsYgmARxIM43MB16Z4xyDxnJrjr24t57j7RbQrECu0NgcMMgsFHTJwd33RjGQAc1LhzHK8asFwrIxOQSV/hXGM5B5ycnnIP3qx0ju5o2jVZWQuSojzkncc4OemMZJGe4A4ztSozk7xTaT06pu6STs2/mmrJWtfQTTtq0lundJbJdG2t9muq1KtxqV/avI28swYKACQr7ycEBf7oxuJAJPPcgUftF68m1pHZZTulO9iQxxwCcgg9sjIxjnBr0nwp8L/ABb40uo9P8P+H9W1e/uJUijisLWW6YF2wpJRHUDJ556g984/WD9nL/gjr8ffixNZXviHwzN4V0GRYZrrUNZH2VjG4BGyGTbxtwW4wDn6D0PYwpRU6zhTSXvObUd7NuzSu3bpd9t7GuHwuJxM1HDUalVuyvGMrK9knfVWvZvTS1tj8dtEstRmvFW1t57h5MIqqC2RwOFUEsSTjA75Yc5r7X+CX7DHx8+N2pWUeg+Fbiy0+7AMuqarBLbQRI54MKybDKoBDjafmPIBA5/qL+CP/BLb9kn9nO107X/idr2neKvFdkUcwRxx3IjdQH2JBh43KkhSZFLck/KV+b6Y1v40+CfBatpfwh8B6bpkFuhjg1S6t4c7ckbooAm1PmztAU4JI9M8bxsq79nl2Fq4id0nVceSkvhbs3vbXW63elrW+ko8OQoRVXNcXCiklJ0abU6jvy+69b9k3a1/Pf8AJX4Af8ER/AXh60g8QfHTxidSnUxzvpEDJYWLKoy0c0lxhnxhhhOGyCME4r9SvAsv7Ln7NemjRvh54P0o6hYRJFGdKs4WnmdVVd0t86PKz7sEbXzjJOSAK8I8VeNfFnjK/a51zV7q780n/RoGMFsmf4BEpVAFXhMKCSMY5BrmE0ZCpmkkSADOXZkAwCSSXJycgcA4POOcjHdSyPHY5r65iHTjJJKjRjyRSXK7Xu29H0/FbaTznLctShl2DpznFJOtXtKd1y+9q+7u1dp3+zbX1v4j/tmfFEwTf8IV4e0+wtSZFcT7ZL8RfMCsRLYViuQDt3bscgjJ+aYPjrJ4yv5I/EUuqaZrUrYdNbMy2zyDJYQu2IyNxbaoIPBPRcFfEfinwR4cV21C9guLkNhYoJBIXPU5weCp4zyPoK8A8V/EiTxNHLp2g+F0uIWDRrcSxASIp+YvFJtLJhhncCCcHIHNe/huGsFhowlTpJzW7k1KVk43bvezTS6aX1stvHr8UY/Ec0J1HyWulB8kYq6ey6JW7/hr7J4u+ItnoMTPqF8ZV8pnVbdz5eMgoUCHnIPDdMYAxgCvEG+OFzrN3/ZOg2T3Fw6bl2FppeQPmJT7nUZ3ZGcZJNeYXfw++Il9oeoMJjd24jlllspJGe4ijG5litnJ5Y4AUE9VA5Gav/ssav4W8M3fiHSfEdlMviKSdpoDeIBcpErHMce8eYSDyTwDn5R6e9hKVOnUhS9lGCm0lKUWtdNE7aXWuuur07eJXxlWcZ1OfmsnLlUrvVLVu7S0193re6Pd7HwP8QvF8SS6venRNOkCu0YdhKIj1PJBPHbkgfTFehaB8J/BmjTCWcPrV9EoYS3Lb03DAJweCCcnvkDvnnY1bxtbrZKNJ2ovlDd5o+cA9Vwck9cAA8NnB6Y4zRvG00N+I76JltpHLozKcrjjrjO0sCQNwwBuI4Ir7fD4Ci4R54x57JrV2fw6bWst73t2PjcVmtaE5KNoxW7b3s1qnbbbd/mz3ayZLO2Edna29pCAAwt40TZyQAdgGSOvHUk59Kkn1Fo3RvMLqBzyQp56FRg7jyWyM44BFef3Pim5lhaPT4wrup+YjCNzjKlhgEDA2nOOoHJqnZahfXZzdDZLG4RVJI384IYAc5J4PQenSvXpYaEIxk9UlFaJK1mn0atp19HZux4csxrVJcilPmbsr9NU/uv5aKz1PRJdTabe4dSiqN6q2FJ645wcDnBBHIwpJrOfUYQBKSWYHnnAXpznkYzk59DnB4NcnNO+JZGlSKOPJZpWESDnJzuAyijruyTjsxArw3x58e/h34Dgkiv9djvryNXP2OxlSdzIoHyMULDDdAH7+vArkr4uhh5pSmoJ3Vm07XatZbNX3ukpWvo99qWGxWIfNCM1bTXZ/CtNtHq3r5bXZ9Mz6lGYwU27sZDYPBPRRgngY6juCOcEVwWu+PNF8NrPLrGsWdkqqWYT3EasEXltq7gWI9DyeAATg1+Y/j79szxbrEkll4NtBplo4ZVuHG6cKflD/KCq4BLDuST2ANfJ2qa9418ZajJJq+patq1zcOdsSSSy7if4QqvsRSSD046c4yfEr54qdSUcLTlWntC6aitLXel7rVK2z+Vvao5E5ypVMTWjGOkpJayeqfLdaJbtt3dm9ND9KfiV+2L4T0Y3Fp4St5ddvZGObh/ltUdTjJyMlQTwc49M5Br4n8f/ALRXxC8bPLb3OsS2VpcDYunaYzRKQcgK7qfvYJBBIHHYVl+GvgD4116OKa8ibRrGUBmkmLtcSIe5Xk5PHDAk5wOcFvoLwL8BPDGj6zZ2WtWc8z3Kr5WoXasttI/UgbsgFj8owwYckqoArx69fNcal7So6EdPdT5f5b3tZ2eutlfZbtv26OFy7CPmpwUp2Tu0pP7O19tdbJLe2zuvljw34N8Y+LJlOmaXeXU0hI+1XKu6AtyzBn4Zsdycc8Z5r6s8Efsn3tzHb33jK9mfLh1s0DFWIOShAIAGATkDgY6EYr7v8M+CdL0exhGn2NpFFApCuI44oV2bfndmAD5GWB3HPzEdxWf4q+IvgfwXEX1jVrZ7hFYi3tJVchxnIUKSFYnlsjqSODUwwkKMVf35u15vV3vG9ktFbz6p9N+qVdzV02kre6rXez6J2avay16dGcr4b+GvhXwtHFaaXpMMcygAzJAryg8A7nZcknngEDcRha6nVtc0zwvbmTUryx0u1g+b5pEE0nJypUsRu55x65wTur5J8c/tU3E7PaeEdPWzidmQXsy7pWOCA6/KwyoORnAJOB3r5c8Q+LfEPiq5kl1PUry9bc0hV5WKEnoAgO3GTzwWOAWAPFN1IRgktWtLX6q2++q3tr20V74xrcybjprZtb7Lz6fP0ufe3ij9pTRtOikTw/AdQuWykN1JnylfOMqDkY3dCVw2TwSRn5V8c/Gnxp4oaaK/v544mRtttBI0cCL8xIKqRvPTJyQePTFeWaeZRFmdgMKREZDwrKDngnAHTgjv0xkVy/iTWra1gkbzIkZQRJIzKijAxgEnnBB2qD824YHrzV8zhSpwhOpGKTurOzei0W2t7LROyXzLp0alT37Wbd097Jcul9b9deivZ9SKO/nmv5ppZfNfBIQ4JB4+YBhjPXDHgkcFjydiJHkSOWT52dt3zjLHJBbJwOCeQOemQuM15Tp/i7R7eWWa6mEisfkigJaWViRgtgnjOMA8bgNxwWxU1z4kTLC0FvNBpFmRhZpnBuG3DpsUEjAIPGM8EYzz4eM4gpx92MnLW0Yrbpq3u91uu/a56mHwD5FKT5bq3M5JNqybte3Z97XvtY9a1LU7DS45Jb6aCBAMqWZQxYEDaE3bmJ7Hgjt6V5jrHj5Yiz6cB5aZ33V0yxQ8FcFQTlgOpyc4IOemPAte8e27u0ds0+rXCZK3l0x+zq3d0jPGAQMjGOoByCW8v1HV9V1ouLm7mkjAJZIz5cQXsAM4IAwpye3Jx08OWYYqvOXJzU1LW7una66Nvvu/PY6FHDUmtFNq1rbXXKrO99u666WPoybx/a3/AJ8L6ib+4UM5ijJitUyez/LuGewbJOAMH5jxOo/EIQK0dtDHPOuFX7ogj5OC2MM+AcguSOeMnr5roXhbXNcuFt9Ksb64uGAjSGyilk3hjgFimQFyT97AwT68/ZPw5/Ys8d+JIbK58QwLoNhMySO8xInkQlTt2kgkld2AP4sZ7VyfVKtabcnOa0dpaK+m+ys9UrW30NI4uo/cowUdLXjFN2Sinq1rdrp320Pku81bVddnDMslzKxwsMalo4yRkCNACHOSACQScjkZJr2f4a/sy/En4jT200GkXFvp8jAteXkbQwqoOCy+YByACQDkH2Br9VPh1+yv8OfAEMEz6TFq99B85u9RVfKDj5i3lyLgrk55wMdM9K9k1LxL4e8M2ccNvPbxxINi6fpccaKMDgZVeMnAyQCM9etdVHB06bbqzUNrpb6WuvTTum+q000VGrP+JzTbavd6dLXa39dL9rWv8n/D/wDYx8BeDlh1HxXcJrWoxBGlt1XNvCwIIGNuWwfl2jPbA+YY+l31TQfCWnJa6NYafo1vbxgRyusUTMqAAFI0AcsMbvm645yTXnfi/wCKrW1hIUktNGs8gyS3DoJ2UgEZDZY5BxubGcfw8CvjLxx8edFshPHBdTavd7mRJZHLxqzE4YDJTaCCVIXPXjLGt3iaVL3cPSTtoptO93ZLyjfZat20Vro2lTw9OLdWpG6j8Ccbp6WfZa9dXp3sfVfir4sLNBKsd1cX8nzBcEwwKTnBYrg+uAWzg8qQcV8u+Lfi7Fpyv/ampwwAFilrbMGkwxPyNjOMjg8rk845yPlTxH8VfEOsyPGlw9tCx4hgJDENgknGMsAc+gBOTg8cLLZ6hrUpbFzcSO64ch5JMnOdwwRgn7uBxnknqeKti6lXWpNp3s0tElpd6rTa2611bucP16EWo0IcrVlzP3neyu29O3ybPctS+NlxdJJFpsB8mRCsM1wzMykqclUI6g89ASPlGRXiN3ea14gvYnvJ5ZVlulwGbhfmAyqAng8npnHPevSfC/ww1Fo5LnUFFjBjIe5IU4YZJCsRyQDj34yTXYWuleFNDEO4nUrwXIAZApWNiV4PzYIB69OMDGBuXzljaSk7XqO1rX5no4631tsluvk9+inQrV0pSclFpbt63tZJPurWtqvz3vDvge5mihEULNhYg8pXaPnAH8S4bAGQcjgAkDnHufhLwvYaJqEru8ck3kjKjBGCBk+23pggcdduBnnNOvry4WKKILbx4jOyIgbVAx94DO4ryAeScHvXXaCN2qzEh87AGLOSfTdwcjIDc4HTJBOBTeIlJPS2qfS1rWaV+j1tv8zrnh4ULNJSas9Xa9o23b0tv1fTZ3Os1cGK2ia0UIRKqbzjeA2Bx34BOMnHfsKw9VS9kswbmaUqCuxCWYKpVeR23N1Izg5xxjNdRq6rFbW6qQ5aePJZScdCATkcDcOhO0k8AnFVr5WmspMsFKMDjG0sOBk5znrwRjOcZ5JHyWeyly2XNs7JJa7X29Lq+n6ezlkIvpvpZJrXlTt9z20vbqcdaWpQNLhTgAKGHzOWwCWznaScgYJAxgdqg1aYwL+9wXMZ2qCT83YMRkBVUBQQT25OTXcaDp8N01zvGdgXYWLeUCynJJwTkEDgnGeRuxg4mraGZpJooUEzIceap+UbWyV5GANpBJ+8CMjBIr5fBYXE4qsoxotpNWdm+sd39y793ZI9uvWp0KTldJy0vs9927dUultEr2PGL+JmsJpSxDSSFmJyuF5+Ve2Ap5OD0xnNcDvvjfRLZwyODtVm2k/ICNy5O3rwcn1A54B+lL3RNLt7WMahPHnO4wovTAGSRgfxcZIHPpxXDaldacSIdNtY4whKtKANx2gDcAwznAHQjnJAxmv0PB8N161KHtKfLBpJq29rX00tfV6/Pe7+SxOZwUuWnO7Xba91deXe99mu7tyokW2hH2nGc/JHxtJIyTgfM3Pc5wM4JridRU3kj74WFtuZm5Od3QZUEN64JOMdATk12dyoaXzZwGIPCN1IyTnBJwTzgDop46CqjW8TP8rbFblUxzgEnMmeMA/MOTnkHNfY4HJ8HgqUVGEXOPLzNpJ392+70Sez3klZW3fj18bXrO7k+XZK/fl26aLyu36q1PSdAhuYgRCoygC7YwGVSTy28E89269vlxWgNAhjVlkWNUACR5AJbHPUFtoAwDkBc5LHIXJd+MfDPhGyc3l4ktwclYo3BcMAAVIU7gM5PQg9+TXzh4v+Ot3cyyQ6YqwoWdUfIZ8NkZVQDyQRjryDkjnHpyrUaDveMr2tGCSbV1b/AIFmr2VrdeSUYzWu8mr6q/TqvndXenex7rf65omgRSPfTQR+VuIj3KCQo4yoJyxwDk4Hb5ulfPfjX4xCZmtdDh8s7i0dy38BByCrEHjPPGRntxXnMWk+NvHF0JIobn7PI2fOuBIqEFs7m3YXABI4APc8HNeoaH8HtOs3trjVnl1i+DKxs4FLxhsnKEAkYH4nAPpWUfreMVoL2dNtauKWj5dtF320tfS2pjKrRoJSv78du904tdmrL7vLU81bXviD4+mWMG8vpoSIxIUZYo4wOrM67GyOMkEdRkcGuq0L4TWjzGXxbq5bA8w2Nrl5GdjkoxXOCScY5OScDgEfYnw9+BXxF8d6ja6X4P8AD89nbz7Y9ltanJUjBaSTYCoCnJLN/EDkcV+r37O//BLhrNbbWviNAtzdzssy2lw2+JCdrN5ik7ie3QjoMArin9Uw+Bjz4ifNJXdmlu0m7RVrtvXbZrW1r3Q+u5nNKhCclzJKfvP+RLVrs91qmlfXR/l78GfgBrHig2tr4A8JNbwXIQNqlxas0uMqCxkkGFOORjIB7Y+UfrN8FP8AgnbZzvDqPj5ri+ucRsbOEgx7u6s+CFO7AIGSVOMD5q/V34b/ALPXgfwFaWtnaWFri3RFSG3gSNN6rgDKgFwOTuwSScmvonT9JhSJIoLWC3QEKoVAGwvIBIG4nJIUk8DoeRjysXnyjHkwkFGO12k5P4dkkrWXfy1tt9Xl3CslKM8ZVu2vgTdls2m77q9+m6W58qeA/wBn/Q/A9pa2Wh+HtM0m3iVd8qQRfaH25BZpFG4liOcnPXAwtfRGm+HbO3hjiMaPKqgKWRnIOMZ3cfLgZH48jrXpdpom/wD1gDKGGWYA4zwcgehx9fvZq/dnw/osZn1O9toVQklGdFc8Y4AAIzg4BJOQTwQ1fPVMXisXP4qk7yS5Vrf4UrrX7l16n2GFy3B4KF1GELJPmcUrPR7O1162eupx0fhvfsCrI+4jjJVBnAXknjg9M84HpV278M6fbQie+lSJUz5kgYR+WCDnqd2eQeMtxxyePPvF/wAc9A0mGaHRZY3lG9V3FWLkEqMZ5BBPUYHzdjXyd4s+LnibxEZYDfzBJGYGOFwqoP7rAY6KAM9AcEcmvWy7h7H4mrGU4OjTaupTWuy+dnd+XoeXmfEOEwkOWjKM6kXZ8tuVWatdK9nfZ6Pzdj6B8ZeOvDGhLJFZXLXrRthwZFKgDI6ElMDnnOcD5gTzXzV4l8b6fq0jy3Vjam2kIKPEDHMoBOcsmNpznnOfU5yR5reXMt0zLPJNI+ctuzkk/wAOQ2T3x3J9cVbs/DN5ewgopSOQBRuycq+QSRxzjJ4yOATmvvMv4eo4eK9x1JK13fq+W91tq1p0Wr0sfEY3iGtXk7zhTjayUWm7O19t+nkl16Hmmt6nqD6jLN4a1S4tGR/lsp52mtpgSABsZiccEbsEDjGcEn0Dw5crO9vB4ttW0y/nRTHqFv8APZzSMcYkYZERP3huI4GfrrW/wy0u1u4r1mkM8eH8vqu4HJ75bceoxkYBz0roNRFl9mktZ7ZHgkXyQpXgkDGVP8LISCCCMEDnIw30UMsp04WjBRkmrNaq/LFvty2uk9r3Wjb1+XrZlOU+SU21dq3M+vK21d9V97SfkbUOkrprSXCIs8Mi/Lcqu5HQKCrI4DZJ4LKPU8gDI0oNRVishSNJCuxCAwEi4J4B+VTjHvnnIFeMaf46vfBMx0zVpReeF7qXyYLiQl5dMkY4G8sSxjBIyScDt6DotU8SRwJBJG0UtrckSWtxCQRIhA+dWB25J+YjP1J4NOnP2fuOy730Wlru7302Tu01vpouR1EqkLyVr9b7q6017aNvbqdfrt9KgXynXI+aRUzlfl4O04O7gg7QDjAGeK4WfxVCiS27zMsyL8h3HGTjIJGCCATk9AOegFchqfjaPMxeeOFUDFppXEYUAHk5K52nnn5Q2BwM4+VfiP8AtB+CvC808S3h1bVHUj7JY4cCRTnllyF3HH3sAgHdkEGtp4+jShy+62mnfmd9EvRt7a7O1u95jhZzabja/wATaate2j/X0Sa2R9U3XiS4dXWSYCID/WSuFUDJLAO3BwpOCCVz7/MPCvHnx48H+DGdL2/jvr5QfJtrd0lYOMkBvLDMxJ4ySAD93GK+I9d+KfxZ+JUjW2kRTaLozkqrIGWVkYkAlxjBAxu5HY5Axne8J/AuZ5ItS8QzXGqXEjCV5J5GbByCRhic84z0ByoBbAJ8ueKxOKf7pSUU/jmktNFZNbt3V+uljoVGjSV3aT0TSs7bb9EtNN7em+n4i+NPxS+KFw+neG430TSJSUEigpIyMQM7tox1BIAJGMA4Bp/hv4HyTvFqetzz6remQNcS3TtIFPJLBSTknBxnrzn5ckfSXhvwRptrbwLFbxRMCFURRhQyqMKOByccHv1bpXpcOlRRWxiEWCpbeFG04U54HCnP0wOSOQah4ZpRnWlKpKyWruruysopabq179NNraRruScYRUY9tU3fltr3W/vaapWs0l574Y+HOlWccEgii8tVwsSoCARwARt29uCcjnH+yfSLO2h025EaRJGFRVC7cI6kKOAOQMc9znOeeapw36abL8yExEKmN2UywALDBJBHHJ69/u4q1f6rFMY7jbtRDtAYZYccN6HHXPB5xyeB0RcVKLStdXaS22tt2irtrZeasO219bq/W+6a9F1vHS1r7XNK4uYo2aPGS+cKvBQhecZz3yOnOOhArjdWkIBRJSI3KlueAWBOAM8LnsRzyMc8Ry6o++W6yWzlVD8YyemAOpB5HTI7cVi3l600Ls0qZkdjjI3AbR3GAD35IwcnjmtqcJyd02nazVtbXjdK9ldaro/mediakFUsnd2Wlv8ADF2stXtol/wNGC8YWkisQ2NxX5iWzjszdAeCOOPu47DhvElxHe28kMoVt8LBUGAykD7xO4gEfLzjILA/3qsHVYYLcpNIEKkk9SWH4YIPPVvQn2rzrX/EELSStbsoVEOJCyBMbQSvJzgYGcdT6nNXUjCnG0nbZNvW60vvrpbbS72WjvxU+edWLW3MvNvVNO1lpa29l26mjo+uteaSbRLgPLYGS2l3noEICgsSM5HAPOCAOpwcvUvFUNpbiMyJlAfMUlVVGIOWJZsEnBOcZ7n0r5nPjC4sPEtydLmk1EXZeO4ghLfZoZQwBkkcfLgAEgkgr6AU7UmvNVjd9RvDJLISPsFp5iqy5+RXCnc5I2jADA9z2rzKmKkoya5motK7u1JLl0T2TtbS++lrHrumnTir+80m18VndN6X0Tt89H006jXfig7Sy2ujwy6jeHcg2gtbxk8YMh+TK8nae3Bxya4mG213xJdY1GS4u5ZGUpp9ukpjwcsF8pMuzDoHIK8nBIxXS6N4c0vT7RdW8ZarZeD9EKli93IsV9NEvLLbw5Ds7gEklCxLcHmvNfHn7Zfw9+Htvd6N8HtEW91GOIwP4p1WPz5JZNpXNrG6sUwclTgKBjBBwBisZShFzqTUY2Tte+rto9Gk09LO6tre+0Qpydo8qWtk+t9Hu9u9ld3vd9V7fa/DuLRNOXUvGWpad4T0ZD5qQzSxR38yJjcqxkiXe4z1HAIHzYrxjx9+038Pfh5Z3dp8PtNhkufmgOt3yC4uXlyy7oAQwUA4bsQec4bj4P8AFPxo8cfES4OqeJNVvLtXdtqGdlhR2OciJcIFAYBQF3Lg/Q+fa7BLq2mxlVUyiUKeTucHnODglj0yccEdhivIxOcuEJxw8dbJqck203ypWT0S6XfT8Oujg4ykpVHe32FezkrLXve2muvRK1ju/Gvxr8Y+Orh5bvUbucSMXBeaR1kDHqqAlFABxwBg49ifJzpl9qGoK5YzvIBt3MW3AtlshieATuOMr04+bI7nwn4W2eSs4RWILESMCUQqAwCHoox3Py8DBGa1rjWdC8M6g73EsV0YYmKRRhWOTuyAwxkDuTk89eOfnJ1K+Im5VJO71vJSSeiW7bvZ+dttLXt6ShGMLxiopNJWVrtKPRNKy63T0eitzWk8P+CWLI85WGFlDSmRQoOByAz4BAK9TnJ69c10l34o8JeCmeceTfX8LYjRCjKhwFwcHqMdyO/U814t4n+Jep6mjQWTtaWQYFRGQrkZ5zjHBGe4wQcdRXmUskl1J5krSO0h3uxbLMQeOuc4IGeSe2fSk4wto5zSWt7pS02Vull00d13FKWmt7rzSXS1n5W6faad73PSPF3xW8Q+JJ5lWaSC0cYjjRym2PqMkEkkgkY6d+cmvNNs87SSGR5iWyzFmOWYg8euSOc4wSRkYxWhFp64ZmUnftbd3UE9QDglSOvOR1xjrsWensAyJG2GIdcfxH5gSQ3UEdsdzgii1SbcbtLTlj5vlu7aX67O/e1tYum7u3u2aT21cVtbe99352S1OfgtnkZn+7hgCvPQqM8Z2nbjGR3OAa37LTjIwAjcqVLMVBHXkjoSVPG3IBOfQE12em+FbqXY6QSsJMHARs5YZxkjgAAHH04459N0bwyqG3SaHY5YIUkjJZwMdDj1xkZyMdO56Y4flSclZNbNttr3U2kn1dklvbWztYqNui7a6ray6X2e19X07rj/AA54ZnfY0cJKshBZ1yQeMBM7c88dgQWBBzivqLwJ8NZblYpLmEIdiFWZcZU4BIwMc56EkHIrpfBXgqOSWAGFJJN4CxmMDCjkcYwBnPGfY4JxX2X4T8EWUFuk2oOIotuUhAGSm3J6KD2I+77dc0qmJw2FSnVaVnHlju3e10tN7XutLt3eisaQw1bEPlpx3er37Wts13vbva55LpHgc2dsY9PgjeXYAZihDIxB+4WBGSOeOARwDggJf+EVtoGn1G5RpGAzEMEoOSOBznPXABAwDjINe/6rc6Xp9u0cCIkYG2Mry7FeCTjHfoGBI5wCAc+C+I9WV1nWNSzO5+ZiGKoD75Ukjr3znAGADwY3iemoKFC8E48rs9Urxbe/d/irp209LDZLy3lUu315t7pRv5u/ZLZ7nHyxwJnyowVUBVXaBkDoxOOOOnpjr0zo2lruUEqclRwFy23oADgHrwTyentVO2BZQzMux9rFnAPGAcBe+Rg46k4xmro1KO2OyIKzSN8rkjK9yQDgDODkjj8DXweYY2eJqTbk3d6380vPS7+9rrY+oweHhRguWKXLFJq15N+78t+iT3b8jcidIEiaTylIyrED5huHVQvzZ7E4JGeuKx9T1HAl+zgo6xtuJ+6fmxuIYqcnIUc8HrjnNE3JeUNOWfc5IJblv4cgepOO3TpgHFUNUvCoZhhlVW37sADkBeTnCgLxyc9sgc/M4ylTqJqTcrXdrrsu+/na/wArs9rDTaataPNu/PTVrR68yell1TaueM+IXhbULk3LtLOrrJHC2XUKT8hYtyVycsDx2+XmviPx1L9m8d3csYVRHNDMWUgqMseMenBIxySWGM8V9YeIH1C91meGHMk01xtVIsglc4VSwBwuCCM85GBkkmvkb4iQTQeLtTilG2SNghXcTh8dHIJ44wAMDI57ivq+BuWGYpRlq6Kajf4bSh0Xl1evy3+Z4rvLBxm1dKq0m07bN+d+6u9rJs/QDwYhuvDGj3qzgGWyVsj18vhVJ+6Dgc5wMEccg98iySWTI4DZjADBQTt5yWwDn06gkHnJAx5Z8F7mLUPAWlJI/wA0UTxAtyflGcHIYD/ZwBz69/ebCANECSEURlVJRfnIOMZxgdCMdWzkDAr97xtZqnCV780Y82lnrGN2ui02fnd6LX8zwmqcbNJ3irX01jtG9tdOna3YwdH/ANDvNMuCcNbXsEwZVw6skiMx9cgAg9R9c5P6nfGGf/hJvg7o2q7C4tbLTbhHUkykrGivkDkYwQSMnB5GCcflpIoinKuCQ0uF3NzGwYYyB0PO7OPTnPB/TjRLxfEnwCtLdCTPb6bNEwALFxEjYDMc8AHgEEccY7ezw7WVSnWjz8qcIySlbeLVurT0drv5Nnz/ABJhpKMJqLulKK6WXuu12r2erTXa26u/mjRmLWi3EJ374i7p90LwDyQeSD8u3r+JrtrXi2tneRSCN5DKVRcZwAfYDscHk9eB5LpmoR2ojRT5SW7SrKjllDMGwQDkFjkZOcnuOuK6ptcjksUWImV5CMBSQsK85A55PB68YzxjBrTNq7pKPw25Vst37ut3fey03XRI+L4fUOaupW5lNu65rdNbLo77dLPY6y81Q27O4nAjK7AQfl2YGWzjkdFHXIyF5INfLvjnWl/4TnQJwNqBZEPO0Odw2EDIyNwJbHPY/ezXtLyiRZJHJcEbAv8AApC4yOiseOSO4z7V8/8AxGsFg8Q+F58MwNwVchgMIxBKntz1z14718xRrJ4ynN2u56NvR3ta127ebf4H1GIk3h5qLdkm3e7W6t5vXfdbXtqn8o/tDfa73xtpxtVjja8tzG8hIcglypGAM5wQQANxyQVBwB1/wg/Yp+LfxdaDUINJPhzwZbFZL/xh4nD6fpYiJG5rc3BQ3JKjKeUeT0ByM/op4V8J/sxeENN0j4j+ONEuvHXxIndf7B0W63roelypICks8RbZO4IB2SBlYD5hWp8Vf2nLO+tY7O9vkvWgQGx8Iaaqad4d0iFFxGJYrby4riZMDO4EHsCTz8LxBjMfXzXFYfLcJN8tRQqYmpF+yUrJS5VopNvVNtRfZp3P1HhfLcuweT4XHZ5j6XLUpRq08JTmpVHG0XFTtrH/AA9basT4e/Dz4Lfs4acbvwhp2n+PPHNrDi68a+JIkGhaTKuVb+ybWYbJfKYApIAzFh94548E+Kfx5v8AxHqf2jWvEt34kkjkcrC8rw6PbBHzFFbWyEIyjhYxtwAME4AB8G8a/EbxB4yuX8u4P2UMVFrbb4LOGPcNo8tcAnPGSMkgdT04JtG1HUStuxbMKtLjGFRQP4wMFicAqQCQePr6WS8L06Thjsc5YnFT1ak1Ll+FtPpGK2tFJdH3PLz/AI5lVjLBZWlhMJTuvcXI5JcqTlJau66ve3Y6XxD4tuvEMsbzTsrFsRWNviGCOI4wCigKQeMn8s9D59q0DXd28rYR4URmRSoA2EAgAd8ZBHI74651rXRJHvlEpkiRTGhkYMC5GMhNxyQwwfQEjBx8y9QNEt7aW6uZo1LFhCqNyUBOS5ByckY/4EO4PP6Bg8HKc4RpU1CnF6xjHRNKN7W0vttp6rU/LMzzejSo1atbEJzd5O89dUrvW+29unnrY8I2d1Pam5JRbeZXi8k8AgKSWJOCoyM5HBwea0otIw8l3ft+4OY7aOHByFYKAVAB5HBOOgIP3c11/hDw1rOvXdrpXhnR9R1rUdRljs7HT7C0muZ5pZW2II7eFHZmZyoXA4zkc7if3w/ZI/4IY/Ebx/oum/E/9qHX7T4PfDiFI9Vu9Nv7iK01m5sVUSeXM87JDYRPHlZBMRIAT3HH3mFyOCp06+OqRo0mkoqbtKbfKlGnFXnUm3e0IJu+2jTPxXPPEBwU8HlynXrRT5nS95QSa96pP4YRTd+aclFH4t/BL9n34q/HrxVZeB/hD4N1fxTreoNEiraWcn2GxikODNd3gQQ26Lks7yMRg4zjr/TT+zR/wRu/Z+/Zi8G2vxs/bs8aaJeXekQLqcnhCW/it9EsWgAn8i4DyLLqN0pBURwZVmJUoTkHQ+IX/BSD9hX/AIJ36N/wqH9kvwXZeMvFtlE9hdeI9NihaxfVIwY2k1LWHUz3alx5sgglaIsCFA4Nfzlftcft3fHX9p3xXqOrfEvxhfz6eLiZtN8OWd3LDotjFISYoVtImWOURodgd1JyN2SRlvbSp4Wk06qy3CxsnJKEsfXiknaELWwykvty/eJNK11Y+Cw9LM88rxqLDTzStVcrOo6kMsw/vJc1R+7PFyi9FGFqLatzO1z91v2uP+C52i+CvD918Jv2GvBmkeD/AAvp0cmlx+MBYW1kqwxjyPM0mxijjG9kAImuFd2yGLAnA/mu+Jfxf8e/F/xJq3i3x74s1XxJrN/I89zqerXktyyySMWaOBJHdYIyxGFjAA6gcGvA9Q8STMpZ5SiAqGUcAkN82OCMEZOPoeGBFcdr3jewsrZ5JZo4t2F8hJAZCo6hl4xnbt7FcdMdfl824swOBoThl8Y0Iy1nNz5q1V6XnVrSftJvrrJK/RH6zwp4aSxeIpV805sXWjyuPNFRoUVaN6dCjH93ShFXS5I8zSi5Skzudb1M26JNJKXEJCAkqEYnsw69RkseOhPGa8Q8YfFS10rEUMourrdhUgIwmPlCM2SflY4AOFycYOa5LxX8To77TZotNVw8oKSNIxxGCDjYTxuO08jHGDxkA/NlxdtdE7w7EvJI8jNli3HGTk5zyckMMZAOK/Jsx4qxNarKVObfN7qbla1+XW7ej+d2lotj9/y7hDL8BQpxdKLs1JKy6Wtv89d76Ox2viLxd4g8T3bm8u2is33bIEciIHIADBSAx5J55z1PIFcnqNu9uFYcwuqsGRclmJPIwDxnvjueelZa3zRssLRmVMFsMxJOecZ789MkKefcCW61JpoivBRECpvIG0qDjbjoRnaAOMdMZUj4+viq9etzvmlKTXM5XbvdXXfS718t7K6+mp040oxhCKhFKySTVkrXstFpbRpttpa6aOnuHR0RpCFZCS2fnwem4dem0EjPHORwRUnMsSBgzBcBiCuVw5IyMHn1Bwc59xmolw7yDzGDMFGFx+APbjpzgnGQRtwDckZpYwqkdVKjIPQ5JJJzjjJGeMqMY4pRclJtN3sunXRWtfrZ3Wyas9inFJqyt10+W+ur2W19fKziUSDLBiQvXA+65wMspB49OfvHOfugaVncRrC8KxCRmG/LBhjb1+buoOTjn0wR0zljVnRjKuCShxnBkb7pOM4VOQTkAjJPaosSRuyo5ZUB+ccKC/TngkE4HAHXGK1ktE7776u6btbf5bXv1slY1g4qza06JPaz09NF1ur6b3OhWOBI451UzMhAcAYRWP8AAx25AyRgkg5AGOQKhMokctIoRUYkLj5Tg8Dg9QORjrx0xV6C4H2BYWVYULgSSgKd6jJzjJYHOBnI4/Os2/k+TyldPlbKBcF3Q/3gCCc9hj0PBDVwO0ptJO+m2ztZ93fe1rO9tU7GnMtNtX0V3tHezvvor3201Rq28lvCrkIZCwSTCqQ2MZONoHCc5Hpz6VBdXKmTdIu2MsHR23AnIAGFPBIJ4Ax+Ao07UlgtHt57eObzWYR8fvAMEAbhtKruOWw2Dkg5GKpXJuLxk2wMyoH2oqkKu3sS2WBHUZ+8DxzwM4w1tK6u1ZtWVlbTruno3fbuLS/RtrslaK5ejvZNO7d7adyK7uUkkVxyoAXzcbWY8Nnv0PB4yACOCKzzdylXLBWBBCdeg4zgcMcDvngHHGC1eR33CNlwquxZWYEnaOQPmwOeo7dMHmtC2t2lKbFMihCSoU/IGzjcepxgnr2GQec9LjGEVo7ys7b3s4vVeVkr77XvexSqPo7aJPTbbW1n1bT69tXrW8ud1GUJdtpUBSCFJJBBBwBtA68gZIPAAoXCzI0wK4ZfmGVO4jphegGRjk+5I4xXU2uox20E0FxCJGdiqNgB125GMjlV3dvyGQayJblZ7gsUVX4RVwCCCAAOmOnbkZBGR2KVRya0aV7a2T2S7apO2u9mlr0UpcySTd90u6X3vS+mlr31WjMZZ5CFB2kqTgNjKkhhySeOflUn8O1WxKx2s7ZUA5UMMDJAwAcnPcY6ZOPfTdIPJdGjRXLkGU5IBUE7eQCMAHdn5SDwprIcpHvwM7upxwOQAep5xjA4PLHjJxvpJJbrRvTtbf52aV1+Zkm+ve2mtr230u1e2lnrs97XmuU8u3aHfGYmO/kr8x/izwSAOuRgcZI6U8ak0ksRf7kbYYlwSygjk7jkk4x9047+hwfMYMASSA2c4I4xk5HA6juQSQCemaiMnLFe56keuenUgY9MVPs42tottdVslra/bquu2qY7vR2jtZq1v5enZ9vL1Os1W6srtQ1pGUIjG8g43Ejlf734Arg4xxist51S3EKyM5bJZScqJBymWBAz97AwwweoJOMfzW+6DjOfUHjgYGeDgnOQD04JPLlblSAckAH7pBGTggg579sDp0FEYKKSu359Vt562tddP1V9lq/61f8AmSPLuxIQc4JXG0Z9gCCe45POcY9TcgvZIjES7HYpCq7HBHqSvIOG6EZIwSM8ikXy+QQd24cA4JB2gADGeOMAHocDOMuDblBGGKjPI56jPoMZyOOTwAelaRurpu/wpaa2urbPpq2tW927p3UWmn9y3et1t8r6dvuXRWt3IY5MpvOMuBkZJYfez1JHQnuMnGDULSiJGkEYYSnLqTxtx/POPTnswxnOjupI1dVYKGOSNykZGeS2eMZAKnoTgZHNLJcuyGLcMdDnGSzc55656gjv+Z6qcoaWte1++i5d0trvZL5W2QktErNNrRdGkrqyWi0VteujuhHl3BXxwPmwuOMZC46Nk/UYBximNK771yCTjjsSSSeScc8g+gA55GVlUpsBTeSAp2552g8MOPmIwMgdyBkiq7BckZ2kHkcDqM/j9eQfY5rGq1J3abv300t6tX6dfNbEWd2+mnlp7rWm70tb8NdCV3KjZgHbk8E8Yxu7jkc4IPX3qvtZgAvQng8qCcZ69AO3v271ZtY0YSeYwBVcquDvLZ4UgcsD+BA5PGTVq1ZTKkbR4jjdAWKkqc8kOCMsfT04HJ+7g7JPy6XtrdWS+Xa/yV2qur6rR69NF7uuvVPSy9bbGYsTFiCAdoxk8D5gAwz1I5OTwTjCmv0X+CsgbwRo6hgHjBwByzADIJxjCY3KTtAJOcjJr5AT4e+Jb6xTWrPSppNKmZUinEXDyN0WNR8zE8FQAe3AzXvXgHXtQ8PaTBpOoWU+lXEO8KLyMxSOm4jhWUYDZx0JwccnIPp5Dm+FwuNl++g2k043XMrST1SejSXRK+q0vr5ebYaGMwzo8t3dSSWrtp0fKrLRv12Tbv8AXgH2hYUd0C7wWLKD1yQBgBSpBJzkHPUgDFYnio2/9jaxEM4j0y4IO1fLUiNxkEDgHpkHjk5IBNcboWvzazfQ6XZQ3d3fSQiby4I5HLKCfuqvqoPBGcdSRXo2vaZqKeH9XFzaG3kXRLuSS3mULJCBG2GkDYOS2DtAJAxx0Ne1n3EGCrQVGNamqklFcqmk2vd92K12229L7Hy+WZRDC4qM5JJqaab1kn7u0e23S1972PyQv9v2u5AXJ+0StlslhiQ8kZ4BGeT1zyfWlJgckbiSecYUgjKkkYIHvnB4xnNXbzzBeXaMhLNNcfMoPGyUkkFeGUjqeDjqeuM85wzEscDqQOeo6dR+n3iOM5HzHPFpO+jS3a2vHdu+lra31V0z79K9tV0XTql0Xb7t1fYYpf7zMASduARjGAMbhk7uOhGeue5DxK6dDg9MgYGCBx936Hg4PGeuBGRgnAOSRwefvA9h8oYKM9fXIOaTlcDOVBJCnAHB687u5GM9z35rNtrW+t0rvXVtLr57dUJ79+l9/wClp+RKHZvXPfB7ZHrkZOeccYY5yel+3YKS54YAj1XAAAbrjOOeT64HpTSN2kXanHOQvocHB9cZAyenABHIrcFuhhGx1TClShG3OASfQHBAAwD3IIXrPMoOzXrpdvVNN7db363ua04NvmavFa+T2trpZdb3utjs/huxPjPwy2VDNqUS4yF4B2g4GSfVuevHPSv158NxLDbqcb1AyXJ69yN3XBPIOTgZ7gV+O3w9l/4rTw2xYkDVItwxjcC2CAT/AA9cZwCMYyBgfsr4ZjLwJkMqHGxNoIGVVstgHknB64A4wAcD6XIqSnOd901q09E1F9dbaWs7a6aany/FFf2dKmk2tJP1dorVXadm9+2ulj0zw1cCSNAikMjEKp+8BnqC3fqSBnJGQo616DchTbqI9xUcsScZOPu4AHcZB78jJxg8RocSQeWFKMXPKtwQpI3A4zk8YA69BxnA7yaRCiiNgdy4GeVUjHBLEDk8AgH3Jxx9pHDx0vC17at2a2Tta7VrabWt0tY/LsVjZcs5OSjppbdaq2/yfbXpsvPdUt0dPMKsEiLMQW3DIOT65IOCcAH0xnI5CWGW4TOF2eTcsFIPzZibLEZzk8ggk+pGRXoGsEohjUjYxwx6DDEgjHBPXJGc9c8cjjYVDykTfcC3EYAP/TJzuI9vwBAyRkVzZll8KeFlWcVs5K/VWTfV3fbX5WueRl2dVJ5jSwvM3GVSCa00bcb6efyPwg+IcJTxx4qXnC63ejacNwZDgg/N39M9wSByOPQbT2+8B14Oe4JYnrnPTv05r0P4lwZ8f+LwjYA169AXIHHmE9Tgj098fjXERoixSAjlgRkjcTjGVGCcAd8jk8DnOPziclfZ/E7NXV1JrTdvRa66Oz2P6IoWdGj39nT8r3jHz0/EoBQFYgg5b72cdOcHoeAOhJyDw3czRROSihss4JxgNnJ7jGOhJA6tnOAeTYhtGLKwQMuTuIIAx3HsAO+dx7EYJO/ZQrH5gmgGCxO/G4gYBGCCB3yQCeuRjisfa23tFOyXNJ3lrG3XfVOz3uvea31UHJ6K9mrXW17dl5q2121byx4LCR3XbhTkjD5J4OTnIGRjcQBgZxgjArZjiWMAyOHKt8qFQMDjsOW6nA567j7aItUEMsrYYbhtIJLHJ3BeDkZB55xnnpWDdSHzdoVlf+BSOQAOjZ6EKeQMZ+bjvUOXNomulnffbayt5efd9NPZ8qTaeqTTT7dVfu+/4Gq92H2kY85mUbgcBVXaAPoACBjJx8o5JNWokQxyTk/vg2SFJ+nzE5yT97qTnPI4rmFZjIvmFg3IJGCAMk7sZ6jdznnOM9Aa3rFWlDrApfLAYJ5c5yd3oo64zgkE81x1JKLS0XvK7trfTRpuystG0909Fe7ykoJNt7NWTXvNqz20223XqMjvWRmRwWRieGJc7l4HfjHGBnoM4K1cuLdLuFM5LkbhIw+VQOcA44POD23HnpVO/sbmxuIxLG26TLBcHADHJwTjPodp4z6YAfYu00himl8uFHGR/dBwccHK5OOBwRk5A65t8qi4pPrdJrT3b31aT1V1ttupJKqU6ab5rWtfqv5Va/fy6brRq1BreTzGOcqpK/IBlgRxkgc8jJIA9CDya9o8HBLG0guJofll+8hQEyqFK5DYJGCTgcc+9cvptvYxXBcyQz5YZMg4VtuMKM89OCTt54JPNd3pjTwyWqvGBbrI5jjIG10OfnCgkgDsAvoQBndXJisTzQ5EnF7tqX8vK9Lb6N6Xv+R85neJ50qdO6jzK8r62VmkrO70Tb1vfS5yHjCyjujNc2dmwIlDs6A71GcYbGQWwevAHToOcbR7YR2s6lGE0zcsUIJjznH3cjr1x14PTI97hg0+5ad1UBnjB2OuIy+MYxgA44VcA4OPQCsrVdEWx065uVjhfzF3FUXLxkEYVRnOM9c8c+wzlQzLljGlJO90k3qrNxWnrba2lt318zBZzC8cLL4k0k9ZJpOK1k7vXV26Xd9NvCdUuESPGHVYPlVGJG8jruJ6qM8DOOORjpRsLq9WSN7a4kjE7fMgwBuYEcDjODngg9OuMV18Wg6l4rvPsthCjXkafJb5WPczf32YMGP8XTsRmpr/AOHHibQo4Z9RsZ08yTYs0QUxI3XaSMIDjGccnOecivVniaKp8s3FTsnaT+J6KN7dHtZ6Xd9np9Ph3o27NtqUU0l0jZvpo1a3R273Nex0QzW7TqDJOoUuzZZkyPmcHHI79COmc8E3bmdLW1hjIE0ochNpPc4yVGfm7nGWAGP4tpt6TdR222ylkMMghCyuWJ3NgliWPAIH8WevXGaleCxuoWSJxC1uWPmZVlcnliGwwOTng4H0PNeZTxE/bOL5nFX5bP4bOLe1t1azf6a1Vw/On7t73eq2u100V7O61Wu2ljH0ue7m1ARoJY52wsYiDAtwTnPCjnjPpjnqK9i0fxXrGiiNJpGkELAeTJuy65AJDHqP9oDBAGMncK880aWwivI2lLSzxrkyA8SYyNgwGIwSDuA6DByeBp6vfOjTyuRGvlusOTkoDweuPm5655PpzXt4XOMThppYecoJJaRk1fSLs9bJrTZ62bsk2fEZ/wAP4HMZxoYjB0aqdk3KEW1zcrbuk2pJXVua1k9T6H0b4pxXDgTyG2C4A3HchbkEfNk7Dg8ZyMFu1er6b4rScRTW1wjeYSwMEgV1IPVeSewAHOMYxgk1+e1vq1xDGIkGcqx3tzlcZLDAGOTxjJwfSuq0vxVf6dHFcwTy5BRiN52oVPJ255AXHGCQMdeSfs8s43x2ElD2zbXupyi2pLZ7r8bJ2v63/LOIPBnAYynUngG6M5K/JNOVNyaTad1fqtNdXv0P2M+EX7V3xo+DV5a3XgL4ga/owiZAIbe/nFucYOxraRvLbJBX7pUj0zmv2s+Av/BeP4x+FrWw0j4p6Pp3jLSYljtp723YW2q+SCokdgMRucZJDKdx4x2r+TjwL8YUubmKy1koCSqQsvzNI2RnqBgn5SGI+8Tx0r6Gj1nTpFjubS9WGRgGKSNsXCknABOGwQVPUnICjrX6zlPHuDxlOEcZGhjIaL2eKjGcobK8ZtXi7bNSVumx/N3EnhPmWS4ip7GlisDVvf6zl1SdGNS9necadoT21VSD66bI/tj0P9sn/gm7+2fplto/xR8KeFNN1iZgkqeItPtdK1J7ibK/Jq9vHADhm3B3dskDHU55nx5/wRI/ZY+LGn3XjH4EfEi48L3OoQvNptnBfW2s6GsrqWWPMDPMsbEjG49ORk4Ffx76X4sjJjR5YXe3IcOsgVl6HG8sGBHO0sTgDODnj7D+EX7W3xs+FFxbXvgH4m+KdEFqyPDaf2lcXVhmMgpH9lld4SuRtPy4x8rKc5r7LLs1wmKs8szLEZdNWaozlHF4SWq0dKq7w1e8W7XatpdfnOYYbNcr9zH4KnmdNaKt7+X46DSV2sRh17Os7NvlqU0nJJt9vur4vf8ABGr9sP4YtfDStF0/x/oMryrbXGg3UaTlRuZCLV2M6nGGCgY3ZHpn8tPEnwb+I/w/8U6noXjTwP4r0afSJit0moaLd26wOgG5hI0Sq6FhjeCFK9CxwW/dD4M/8F0vjr4YudPt/ifoOi+PbC0jVZJMCzv5iAoMjNGAhdVGQQNo7/Ka+nPA3/BVP4CfFrxlqt/8S/hvpdvZ+Injt5l1fSdP1JLKLhWLzNC7MACSTuDYAzyM19Fh6WZZlGVLE4PAYqNOjzRq4OqqVSvLmj7kqNZxfM42d00k9lZq3L/rbgclwXt6WLzXDVfaRhUpY2hKtDD0nHSosRhVKMlGVk7wUmtdD+ae28FtqdkL6zuYpJFORBcFoZI5APljCuyluQQQBwCMk7gK8v8AEOi61p9xJJNZSiYOUd4skIBgnbtJ54yDzwMA5ya/s31r9kD/AIJ2/teaSdV8CNofhLxDIvnC78L6sml3TSsOv9mySxxAhhkqkfPYHOB+XXxq/wCCNXxp0jxZd6Z8L/FGh+LtEktprrSl1CcWOqPDt3JHLJM/2e4nHQmIsDgAdQT5OKy3KsZNYeeHr5biqTTq0sTBwuvdu1JtU2tN1LVP5H0GQ+JGa4Wg8X9eweZ4Ws0qdXD15TSUrcsZU7KdOaSs4yhFrVW1PwX0jWdVsrWKH7RKI5JBuScb8LkgkhsnGM8kEHHQ/Nn1jSfiD4g8NeRcaP4gvdMMLpIkui6ldaZOki4wcWksZJVgW5BUkHkDp7x8U/2Lv2j/AILKx8dfCrXTbxSPnUdP0+bUrTywSWf7RaJJGoIGV3FSO3PB+U9Q0FJZCZUudNmEpzFPbSx+Wykg71dQV+Y7TlR34Y5rDHcFYPEYeUZQw+Ng4qylGDVnZ3u+aLeurWu99bH2eT+MldV4uniq+EnTkuf2dWaafu30Uk9Xqk0k2norH6AfDf8A4Ka/tVfCuSzTQ/ifqms6XEkcTab4qWLWrXahUMrzXCy3K/xAMHBGCc9q+/8Awr/wXMuZrCzsvjh8FfBni7To0MepX+hIgvJ4SjZYwX4liL7TnaikZIxjaCP57ZNHuzMkYlt5YkKmQxMf3gz8yAKTtPBBOBycZ5rB8WaffHz7OG1awZoy6zSE/f2kYBBxyW4O05GM8cV+McReD2Q4uc608qp0q7fx0Iez2SXRKL13um9Fbaz/AKS4R+kBm9KjSprN3XpSSiqeIm5a2jom7t6Xa1Wq6Nn0fL8dfh78Y/21YtW0WxsvBfgDx/4ySBk1uOGGPw/o88pO+VkVII0VyPmG1FOACBmv261z9gS08bW0t78KPFnhLxxp6eYls+g6paG8lLqGHzQzFDtJATIOcKOg5/k4uNNv7DU4byWXzLq2YbQEwHUEsBuUEYGcEE+pI719G+Bfj58Vfh79iuvCnjTxR4Vltp0ljGlapeR24dWUqWhWYIRkfdIxjjHWvynPPCfNavJLJcXSwtTD0+SFLE0XVhKKcVBOS5eVu1na93srXv8AumQeMeQU6c1neGliIYmcZyqUaypuF4pO8VdbttJy1P178b/spfHL4VT3f9q+HvF1lZ2gLeYLebVLMKpJzvCtGFOM5XoBnO2vnq+udXjnMWsaTpOqqowSFFveoScASCNQA6YBKuMqxAwDnNvwL/wWR/bK8H2cmgap4p0H4h6HNZzWn2bxfpVncSKJojEHaYQmR3UH5N7H1bgHF39n39vT4O+HT4lsfjv8Eh45k8W66+tTa9pckFteaKLmRpLq1tosKi2oLFohGAwVTjnGPhcTwnxdlCksblVPGSpct54FyjKpZq7jFvey2u5Nu2jSZ+hZdxVwPnfLLL81+qqdko4vlkot8rScle1n36K9tWjmM+HZLsJfWOq6KB1Ko01uGxggcMSAOmSBwDnmsfUvCHhvxBrfhqLTfEltdML9/OtplMcsQYEKCCVy4cqFxwuMnrz97t8V/wDgmP8AFuKb+zPiD4m+D2qlsw2OqafJfQGRsYQykGNQGIDHIGCDyMZ+Lvj/AKf8DPhn4h8LXXw4+Kuk/E0+ILySKSfSlFtLosrOqRT38i8Irbg7EYIx714Cr4iVb2UsHmuCrq/7urQmoRlGzs2k0+u7s00exiMswcqftYYvLsXh7xl7SjWiptS5fsefVcumjXUzb74N+LtZ1DUrDRIJ7uewTymtoiZiIQNyuskYKfMOq8kElehBryHxT8MfFvhYyf2npmq2Z24mlls51t1QA78zbNqqMZLEheoJJGR73p/wl+Pel/b/ABd8OPEWrX6TwxXMuoaHdx6lZRQOFkHnR7pCCBhWXbjOQc4Fb+t+If2vdb8LXegazfWWsade2M1nMuo6HZ2t95Mi7S0TyW/m7x2dSG3Dg8GnSrcT0sXTUZYOvhZSXtFUdSnWpxco91yuSW/zRli8q4flgHJU8Zh8XaShKmo1aM5cqsm1KLjfTWLdtT4z8H3hsYnXz2lAnki8l+2W6qRwckYyCRnGGOOfTLDUY5HLyois2cqwBITruXr9OnodvUVzGh+Ata8Julv40sbxdxlaON7SZJCztkSKxUBxySMZ4xngEV2F7oOi3May2l9c2dw67FjuI5IwRzgkEcg9j0AHQY5+vnUinBt2b5XK12teW7e6ta1mtT4inldeUnL2blDZK3+HvfdJWu99nsVrjU7TzhHvjMcavlgpVlP0IODkY6cAA4GAa+cPCdjFqPxI8Ul0LwpGfLO75CSP7owT97lc/XDV9Ey+DNXkeFbJY7uJkO+WCVHLA5zkEk5OeehGcZ7HyjwTo9xa+OPFiG1mU2xCuHjYgYPJd1LDaDu98LyxGAPQo1qUoJe0i76Wululo9Xbva7+VznxGHrUnb2coJO3ZWXLZLrKzXS95dLXOsfwdYKY1NupXDOqsMNznIBX7wxwec98dhkS+ELaSZyFmhlwfIaOViUC9D8x42r68KOee/o3mhAsk+xlVmQEE5GOMf3uBg9CcfTFV45oGnDFldDvRic5GTnapx1HGcnBPX+Grcac09VyvV2l00tolotmkutna9rcMrwavdau6bfW1t/LZaLXYxrGz1DToUKajdo4ACM43qQOO4Jz34PAPOO3SWWteJbVJdjWmpRg5ImXa7AbvkBOFyh6Ejr+NTQ27SyRtGhKnI2MxO0Fc5yeMAHPyrtPXBBrRFp5avhFC7uVwwBY9TkHGCeh6kHp1Ayjh4NaSas9LWUtElfTvtp5XW181KjzyUqasl0tps173ddrXvuu/juo/Fay074j+G9G16wmsbVbpLu/8sCaFxleFiAIPRsjHGVYjGM/WMHiL4Ja7veDWpdHu53LF9piRiwJyVfKgBuOm0cEYBxXwb4x0uKX40aCZ0V0Hkht2HXa7gEFTxjAPQdQPTFfTd74J8N3jtI1gkQBAWaM7RwvLAAAA7uvQc5GFrrqc9BQs1JWi7J7WfRuzf62v1uZ/VsNWnflcZJpJXsktNtm/dW97Xbetmn7HdahDo1usnhnxXbap5JDwKLpopnk6KI/LcAnqee54713nhX41/GrQbcJFf6sLVpFdVe4e+hkQ8qoim3rtAHAAwwzuzg5+VYfB1sCILK+n+SQMI4woaMDuD98AAfKM/MOwAGe5s77xNpibrHXJf8AR0VFhuEBDFRjndkAnGeefqOa56mMkpe8m29ves7e7bdva/lLfSyJngeTWjO11ZXTTTurtNOSbSS15tG9kfZGnftZ6lOJIPHPgvw1rkca7GhvNHW2llUfKS81tHGwbPBbJ6jPPFddpXxY+AHihoV134bX/h13VmeXQr8R264BJlCT7iFxzghgMfdxXwovjLxUGkOpaPpurQPGQxRVSRwOMg4HPXp04zWHd+KtGe3jGo6ZrOhytI2+4hLSW4Qj7oAyQmDzjgAZA+8a0hj5xajFSScY6S1s/durpvS76dE9ldBSnmOHinCo5NtJe/frFdNet9FZ9WtE/wBJND0r9nvxNd7PCXxTbTNTMzImm63a+ZHAzZyrTwKqDacBmJxjrit29/Z88e3shn8K674S8UWMbZzZ6rZwTsSAw228snmE4+Xp94A9cqfx68F+ItPsvEGtSWfiK0gikuF+wvN+73P5gP7zzSNhzwQRjBJ44I+m9K1zxlb3lnf6br8t0oiEsiaZqbIik4KMqwyB2YjG1exJB9T0LMNOWVK7bvzq1nqlr2u181fTqdTzjMsM1UqVOdWT5HB76K17p2drH0nqXwl+J/hzUvtGr+CtVTL/ACSR2jXNqybs7/MQMGUnkBTg4XJ711FpPc6PDHHc20sc0iENE8MkJj28ZwVXAHocAnJJzgHzrR/jz8YtCurV/wDhJ/EKx/Jmxvozf26RoPlAE/mKUIwp74BPOePabX9pzxNezwL4u8NeE/EUDqFiEthFZ3BDDG4tCiYYFj6DPVRgiuylVpTjyPmi+ZOzaa3jdr7rJO9tdrmcOM1Sqc1WDi7pe63ps3vFNLR6O9rrW12eS/FHWZ7PwXqrtNDEksLFPnG4u44VgMEFRjJPQ5zgcH8w4/t76mxUhzNdCUyDJXZvzwwxyQOmeuTgkA1+w3jTWvgT4+tEsvFvhTWPDou8G7u9GvEkt4yxBysTk8qSSFGBnjqAR49qP7LHwG8Ri2l8F/Fi70JiTJHDr9uyQsVx8rzJxjJzkjoMHsB6H1ejWpTp06kHzRfutqO9tNfdTV11ezt3OunxZgsRiKdR1OW3LZyTT3jfW3dK9uzWqteb4OfEnStF0DTrLdDvRVjniAIeR1wMOyYBX7zYK8E5zyRX274TfTdWjg17UrhZJT5ckFruEscacFQ2clQBnIIYYwCSeV+IfDn7JXxEtL+DUfCfiTw34y09Lg+RHp9/Ak021j85id9xPGcEZ68gEbfpGw8I/ErwramDUtB1WERIv2gx2zzRcAAhJIVKbBuODnBOAOor8mzDw/li8bUqRjdTm5Sad0k7bd1HXzVr20P2LLfELC0sHTpqrCUowjFRjJWSSSTadlfRNWs76WbenvviX4iW1nBHb2k0ME5zGGhygiVQqgbVyBtzjbyM5BCkHHyz4t8das99O9jcTvLK5VbgTMHDdflAIXB5UAcnt1Aq7fOt3G/nGe1liVhN5yFCHIwwO7BHfgjkqPUmuTeO1tPNug0c6xgHcx3bFCkkjlhuJPcjaMZGM49PLvD7A4eDlOhTlPmjecoqTVnHVWT6a6+XXRclbj7G1a37rESjBpWanK+tk7e9a/n00XY+ffHvxC1iwma0uruUzO7oJHZmlORkk4J4APBI44GBwB4oPEeoajfeWlzPPGp5DZwo3ktIRlgC3OOu4jn1HV/EsLrWtyXMSbIklYb3bb8qgbgoYgdQSAeDwM5rO8C+HodVa7nRpFhRvIVVUszsCRl2AORnLA98g8gDHs4TJKGHrqlRw8U1tJRS91WTadld6LS1+1zzMdnVWvRnWq4mpPmWkZVG7p22u9rX69EmkzqdI1G+sJY7iK4lUyFWPlyHAIIyAM9M9Qc9TjOQte16B8TdX0vyil08hICgTOQcnHBU4we42ruGO55Pmk3gu4t1RY5vlVW5GcA5JAbAzu7HoeOCWArH+w6nYl5po/OQLw3XpnBAG0g8d8fwgdCK995fKMGnG1tdb3+zdK1nfVN2ve+/RfDrGQlUkrpSd7q6u/hvunfTTrdp2V2z7E0b4+63byQQztEpRhl35jWPA4YdDxyCeBkDGCa+9v2Rf2jdK0S61qDWNVtDPrd2kEcd1Gn2ZIlI3CNnBVFbnk9eFyRtr8KdQ8SzW0UiRFllkYQBsjCg44BIHQnOR0AOFJxX0d8PTc2+ladLcFvMRVuQYm2OzEAEttIOPlBADEgdD0x+dce8K4riDJMZl+HrToVK1OXJVg3zKT0a0fnbW/WyZ9XwjnWGy3M6FbE0XUo8/vq7TcJNRe/ZK97Na99v6k08a/Cbxlp8VrrfhvwV4it7hUWX7dpenXalSoVgDNE5bIJG7rjjjNea+Lv2JP2Evix8/iH4OeEbe+uEX/SNKgXTpUYhhvX7IYgCpJOCo28YHBC/jB4W+OuoeHjBbzXRbYEiiiEpXC53c8kZHABIGBycmvpnwx+1PdWr28096wjZguwuQ3yjG1DnDcdSMDPck/N/nlxL4ceI3DmZ1KuGqVMZQhJqK99Pki47Sg4tdrN2+5H9X5bR4VzzD0qmV53istr1Epezdd8sZ2i/hbs0nfpbX1v75r3/AAQ5/Ze1u4m1T4Z+O/Hvw31RlMlq2ha9IttBJ96PClw2xGwSNwOc8kYA80v/APgl1+3v8JS2ofAn9rzUdaist0mn6R4imubpmKKxSOSS6lkhyeEJ4GT0yAa948MftatFGtxJfC0jWJW8szASOGPygZbJJGBwcg8YwOfd/DX7YlsYRG2ottwAxeQMGL5wpLYxjILDnjscfNwZVn+PwdX2We5HmalF2lVoXr32961enOybWuq0fc5Mx4U4ypt/UM1y/NaDu4wxFOk5STSS9+FnqtN+rT6X/E/9oP47/wDBbr4BeF9a0DxT4D0fx74d1DTbqwuNf0fTE1PUTayxtFLIq2SP5biMkqWAZcgqc/Kf5yvFH7V/xD8CanL/AMLC+HWuWl9d30tzfwa1pjxBruWUtKQZIuFDHgN0zzgc1/oRap+1D4cvtMa31F7C8EkQE0TCNxJGVGVeNgQd3QArgg4wSFz+I/8AwUN1D9n34gaHLFP4E8OyalKXhVotMsoriTdk+YZViVlYMcn5lB69eB/SPhB4m4eWbwyfAZRVlGsoKWJlSnSrU7ONlONnTaV73XLvddT854s4Fx9XKa+NzOhDLJ0FKo4Upxlh6s2o83LG8ZRcu130V77/AM2Nl+3l8PrwJbal4AtreaaMB5LWf7IyliBmRYygwMnO7knJ6dLWgftA/C/XNce51XT9BTw3PeRNeWdxBb3F6sYYeY8UrhmJ2EjcTnj6102sfsf/AAZ8VX+qXVrZyaU6o5C2jkeU5ycAE4IDYz06Z4zivBdR/YSgNzKnhrxHdJGVYwecpQsTyVwo+dcleFyMfLnmv7YwkfrChVlSptySaTfK2/dTu1aWmqfzd7H80YjC04VpQ6KTjfpa6WrUXo29G1+p+w/w0+H/APwSN+P+hR6b41H/AAhviA3ESvqVlcNC9wZcAyAkiJCjEllIHIx2yLnxI/4I4fsea+zav8AP2jLWfKb7fS9WubaU7XUtyYm3MQcKBnr97HOPxKg/ZB+NnhaGSfRNTt7tVbKLxGwwSQcOc7u2SevJxWxpNv8AtcfD2IkW+uG3ikJEmntI5xyNoMZYgYOMH3Bx248RRlWnOc4v3HZRUE4xV9m3ule9n2u3vb0sMqMIqmqcXdWu1fbl011aa7K+r8j658Uf8E8/Ff7PV2+vw6vY+N9N1kS6dbJb3Sq0k0hKbVtt5kwhI6gq5424OK+dte/Zi8SaVrKO2m6gl7fwB1X7JOYrbeQxSUBcBVGSMYHfHJNczL+0b8ZrIQP4ol8aJJp919ptlv1uJI4XRhlgsm4EFhkgHBxtzgkV+j37Hf8AwUf8C+EfGVh4i+OXhuDxlo6CKyvbK8s4DLHDkKJUWdCHJBLHjB5yCCK+azx+xy+vOFJVZU6cpRpxduZq1166JWS9LbHNheE8tzLMnWnThCrVlFOok09OVL3la1rtJaWvrqfHfw38Aa54U1ieG78PyXgiO5ZlgZUa4QbgSCACEHVcc9CQcke7xa3YalItjDplxpGpQF3nmCt5ReMnbsChRnK45ypAwD8pB/pi0Tx//wAEuf2sfDGnPoraF8O9f1C5jlc/utIuLdnAAUsxitm3ZGdow205yQTSeMP+CVfwX8X2kN38E/id4d1qebebgXV3aXBZJMnG+ykYhlOPmYLk9Rxiv4l42znLsRi6jxWDqw5ZNzbhaWrtyqE+Wo7O17J2XWx+l4HgGNCkksRKlzX5JVaU/ZuOlnGtTjOKtq05SikrX0uj+bjwn461zStciti9xdM9wkHkO5Ad3kCRPHEpBOSSAVUkHG017v8AtC6tqPhzQtGEki3WtaxpC3NrBIHjubScRhlRNxB+Q8hicc8kba/QTW/+CVPxg+G+tnxLpumWPiOfR72K+tJre6t54HEL+Zsa3yzvgKNrMGA6HnGfzD/4KB/DX4rN8QtK8ReN7i4+HhfR1g0yJI3i06U2y+XtjdALdZJOQy4yOdwrwfDzA8P5/wAVUqdJQqOlTnOVGSSlNrlsnCSu+X5Wad72d/D42yDNcm4VzDF0KntU4+z56MlLlhJJe0UrtJ6rSyd3ofF7+J/EOrWDXE2vXUGuW5mhOnDdIzRA4LFmJZmyCAFJ27TjAzXnFp4xv7LV7lYbmeW8h2SmWf5GU7vnxnGQMHOD2A4xmtXSru10Oxv3n1m11q5i3F7qMD7c8uMPDBH12BgSWCglWJyBXy5qGua3rOtz6hZQ3uwXn2OFVXBKtJjEoGAxAOT128Ekc4/sHL8NCjFYehRhTpwgr2XK3BKMWrRVk1ZPS6vrbY/z3x9LFY3McXVxa9sqTnzVKt1OVm1qpJp7XVtn2vc/SvwZ8S4Ly3tcxRo8mxLpipcSn+NmByqrjOTkAc5BGM/DX7aF7okmv2uqaZZQ+YUijM0K+WGJI3K6oAXPJBJHGduQev21+zj8PL/xHcvCbZnu7C0jlm08sjrNHKoaR2LAEMq4IAJyV5Nfmh+1rqGrXHxQ8Q6XYaXfx6bpFy9hFCImxHcRSHeSANoPDAYGMAZBwMfT5VhJwVR+9GHz5r9Zax681+yeqVj3OAshxWKz2jiFRqRwtOnNyqLmSvpHe1tb6q++t9TjtI0m113SPMspAb6SNYlgiAU+cqFsuGyflIIB4ON2SRiuVs/BepalrcNoiySTBW89t4V4Sh2sVC4AI52jJB98k1F4E1g6Le29vf8AmRTO5l3vkEl1IVTjAGGxn6jbgcH0Cz8S2Om69PcO6S3N2H8t4HJ8raxJB6fKRncDyTnJOK8rELMcLXxThGrUpWjKk77S2atf4YqzbWt9Nk0fvGMyeGEw9apTU5TcE4WTvF2jaWvRJv7O/oee+LrRLJdUS2DNJYeVatcEsJGGxS6MARl92fm78jORmsiyvvEFgthLYXDsXi4QKd7EgAYyC2cHOQByBkk5NdDrskE7XcO9ZJdVk+0IARuLtLtCgcn7uckr1PI6Ed58O/D+nz63osWpALYQz28F5sw0yBmUMqgnlCvD8HnOBxkQ88xWBoOrUnL3Ip2UXq07tWvo7appOzd30PksRm88Bg51HKpKpBJNRu22t1y3e6V+pDofxR+J/h2aCTSfEmqW7RoHkjju7iAIyqpAPlyg8DI6ZP4c/TvgP/gof+0b4GjiWx8U3zW8DRxNHcXdzKsmASfMSR2GQB8hORkZIHBPn3x58M+GPClpJJ4furS5tLw+dDDa83Voy4DLK/DYk5ypwBngYwK+O1vZft0LFZEgchvLkVggBGCQAfmY54Hy+oAJ49zJeJp43C/WI88VJ2SlaL0t0klo/PW+tjlyvifH4uhPERhJU4yelRpWbcb2TV1to276tK1rr9tvC/8AwVj8bSw21l8RfBegeM9PZ907arpFhdySR5CsA0kDkA9CS3HU54Y+tWf7W37CXxWSH/hZP7O2m6bczysRqOi7bFo2YfM6pAEXAblR27Y6H8LbCzvZkhCxzi2uGYGQLuUKScLH/EM9SoIb73yjtvJb6layW9sFC27ShkYjax+Yj5eSVVc8qcliM+terHPakeZVOTe2sVLlVot626vbTbz1PpMk4kzGvWlCeGtCLs5JapaJXaupXTSu76PbXT90YfhH/wAE2PifH9s8N+PfEvw81OAuVS7kU2iSSfcVW4fap4PPIIyTgmsy8/4J1aDrkbX/AMJv2hPA3iCabdc2FnqVzFa3cj8FIzNLKpDBQOMgE4zg8V+SOkR6xOJ/s8CmK1hzPKgCgqCCHI6q/uTnpg4zn2HwevxGvoHi8N3WoReVCsqXEDzLJEwA+VWjww3YABHByG65A+fx3FmVUqkqOInRi4r9578YyUXa7aVna/XWy3PvsNjcRyutOFouzs4O+lknd9Fa90nrbVWbPsPxP+xL+1H4Xitp7DQbTxDFGzeffeGtZjvJJnQFwyQwyvjIxgd1IxzzXlmoaF8ZtAN7e+LfA3iaybTIvIeC50i5nhuRFgM7ySxNuBAOdpx6HGDXoWht+2r8PfC+leKdM1XxdY6a4knYRi8vZFt0BYzTQFXKwbP4ypU8kkjr0Phj/goX8brFINO8W2eleJooLgm7TWdPhMs0OSWZvNiIIOCpU7jkEcHdXnYbOuHM1TlhcTSrqLtJQlTqcrTXutq/K7t369Er6G6zfDfDOcedRTtdXbtBparezbetvPt8radrvhzUb3VYPE/h46fPOiyxC5sXh29wke2NVQNgY3AgccGvQ7Gz+GcmjbRpQ0mR5VWYW8iJPMgKt56qCC/QEDDduCQK+z7n9tj4KeKraKP4n/Arwx+/KCbULCyt7XdEpXdhoI0b5gC3y/Nwc88Vz+pXf/BPv4h6vZTx2PiPwVLcHfFNpd1K1rDKwA+5O+FAP8IA9COc1x4zJMkzCE4To0XFu17KLu7NO61fLbrpqte59awtXkUKsebm0V9Evd1bUm9L9Er637HxNf8Aw68M+Krq8udP8SXlrZxlVjj1CDbGzIpGZGxt+XO7ABOOAMcGLSvgjeQTyzWnijTNcRUU2FuWAjQqeR8zEAgEg/dG45PfH3Mn7MfwF8STS/8ACB/tBW9lFcS/Lp3iONkDICfvyRnADcAkkZOSTjmqNx+xd8S9KEw8I+JPA/jCzulP9nJpfiC2huyoyQxjacPuYHJVhzj6Z+PxvAOWVac4UG+WSs+WabV+X1Xkk9vvO3DVfeUYSjL3n8MrNN2tfy7XUraO3b85vjdovim78L3ujNayW0os5LcfZCN11c4KRhU43RMRgEDaD7A1+SF94J8SeHdVuLS/0HVobyI75luLaZYZMkksku3Yy7QCCDjPOetfvJ8Vf2Zf2ndPvFv5fh74mvbCKMwTTWUc2oxWaqSVeF7TzA2D8yliM98jbn5K1b/hZHhLVryz8X6BqjxSKLdDrfhy4GxAMbTJLbF144B3ZwxIAyM/X8D5BT4bw1ehQTdOvUU3zJr37KN7rvFJXWmmmrZ6U6VWpac01eXLKSTdktU09bu+m2tr6H5w6J4Svr+W7voEaOW2cN9n2bvnwDhW64UnBKnI6cEGutGj6wgicrJIkag3LRDKjDD92xAySeVPPyj1HI+uha+EJJ7o3vh7+z7m7l2pNYSNGWDcu3kMVAOCWxg4BIx2rQsNH8JRm7srfULSKNrR9sWoRGOaN+SvKhVkcsRneS2OeP4vocXh8bWqp06Xwyi7tN7NPRK+lkk1fr6i5IqK9+7ajpZPXS10tE7Xvd235V0PkiC2uVaI29upgWdF2SZEmXHJyckKGBIB985Ar6l8C3cmkW1pPa3MkkV2qm+iJVIhs/5Zs3BCADg8biD15Fcvq/wn1G6lTUdMu9OvFuBlTHOIYUKHoVL5DHGMD5c9V3ZNUv8AhHPG2mSzWcWlTvaFE+0G0dp12ZwxTYTsGAdu3vu3HJrxs3yfEY+j7KVGSV4uVk7u1tE1aXS1no7rbS/u5Fj3l1ZVZJytZxa0cW7Wal9yd+a6el0eq+DrqLW/iTfWlxLDLFcWlzFFIzBobcvGSqBCSCSxAPAyCWPauMvtY1jwtrc1hHMLmOK+uAVKFkt4xIyLtXGFOASvTC47ZNP+Htjaw+P7KS9OpaTBAiyzS3EEscUkkRBVGdwPlkIw+SQehJ61V+KaHRfF+q3du8M8Gp4kb7OS5VpATGRu4QsSSDgDJxkdK4J5HKGEhQpKpCUeVNJpJWcL6JPR+dk7uy019jEZxGrKVa/vSm9rX1km07W011u7WbslqdZ4W8XCy1W5uHc3AcbipGJi7YZQGByQGwcA4IAGK9L0bxHdTXMzKknmpL52TnZlgCd2DjhSVX8iK+Q/C/i2ystWg/tCF9lrcRtLlgWk3NnDAZ3KBuXBABCk4r668Oa3pV1bT3YRALiUMkKoA6owyhUgAt1xnBC5xxmu7hrCPL8ZUljJN07x5Oa9rWT3d0krqK30XojzcbmKrUI+xkoy1bSvdXSl5O60Wr6HQ3OpXkzbmeQPI24IoIALD5AeOCDnBPOQCMAZqKKznfC3Jd2ZiGUnLZYHkEcnO7JbJGGx3rWt5bMyO82EOwMscnLYXG0DgtkAjG4Z55IHNWI9Us5VZ7WMqUOHd/uqVyo6AbgeyltuM44OR+sYHPsrox5aM6HPHVrmjdtcvR7ea8muiR8viqOKrPmqyqNO3u6tWvFOz63e6Vt+ly5odktiQ+yRiGIK4OABznOACeN2WUY9BwK6yG58xmuHKxxqp2s8pGQDtO4ZByPYZ/XOZp16Ht4g3lqWzLIeu5R2Y8hRjBI4JyTnGM4OtzrcKipcxRoZSyQQE7igYLg4OSSeMAHPJPBFfk3H3ihDK+eGFnCpiL8qUXZQ+Hl5lfRK6avtd2XR+tleWxjTV1ZWUtVZatXvfZ2fe7aZ00+u6RZ3UcBR5VcFpZY23AscnGc/LwOQ3OOgJya6exv9BuLL7QY5gzyjMSZwqlgAWZfujn5sYHTOcceDXjsJhhJI2DI5gUfeRBwTzwTjJPQ5IP8ACF0rbX7lCJbWN40YpAFDfuiVPcctkEDoNoyMEV+I0/FvitVXUjjISpOXMqVk1Fe7u92uiu930PYeHwy92dO+1nfZ2Vm1o3ZpxXRu772+mrbTo3tfNtAZFYFgVj+VUwAQxy3zDp3POfWqs9sIuHVSCFYKDjAOckggBenU+nBJNVPCviy6kt1We1RYWiW2BiBVTNhRyoGQOcEnBzng5yO0kj02wEc+oOkpkyHiGd6yMQI1I3ZwAeOe+cZ6/smQeLWCjlscTmmJgppLnd7u/u/Zbu1fVWvqm7aO2GNy+lON8M+VW95O6SeiV011u1p2fY4aSIqWRT975htbIUDqB1yfu4OeQfbNI8vlq8fDkAkKxOQeCQQQcerZPHOcYNdRfnSUHnktBEmEKspV5XcZ6468rx0z2A4pkWn6bf21zcwyiCUHy44W+cYUH52JA2sOrKN2AO7AY+2ybxT4dzarToUcV+8nKKhFxtzO6tZtJX1v1XRHjPBV6d7q6XvaXs9E9L2fpvb00OPa8QKpbYFxyVbBPJI79e3bIA+8QQtZdRjUFAVVCSxJJb5jjG0dDnBPbae3QihfSW8E8qNPHIqEqWTDKCT0OMHaPTtzkDOawJrsxvvwgj2hVZiASTyWGR9McZ5A9RX6jRqwrRjUhO8ZJPmsmteXXRrR29LabnmVq0KSbm1Gzd23bazfX/Lr2Oim1KAozSsqMvQAHc3+6D0zgZB64x7VhahqkAUuIyGVPlUnaXbPDEHkduwK98DOcC7vVOJJGKqMqM4YnJ6qq7juOf4cce3NW9P8OeJ/Ek0cOh6HqOoTSj5WMEnlouMBixXaMDdgHoOvGa7IQvJXcYp9ZaXd43ST89X99tdPk8y4lw2FThSftKjSaUbO+qtpvq3bZbmbNqzShw4RAxBPONygctk5IPGP7xJ65rmrq+vr0tb6aGxvEamGNnkbeTnBGehPByQR1AwcfV/hD9lPxNrkkM3i27TSbebDG1jO6cxplvuLnawH94e5O3p7/pPwh8BeBpFtNKsk1K5jXMt1cqHKsANxYMpUEZyFU9wOcZG3PQp62UpWVmm0tGu+/d9e+i1+SlVzrOpKnDnoUZat6ptXjdbJPR+aul8/hbwX+zv4r8Xlb3VgdN02UkmebImKDDEqpORuyc4GN2RwDX1LoHwr8FfDbQpr6OyhuprSKQyX17GruZNuU8tSCVJI4zz0XGa9reeG1WKG3VjEiOQ/KxBx0wvAI6YwAR0Pt4B8VvFDg2vh+2BErt9ovFLDYytyqFScYOBkcHg4JBJHNUr1q04wvaKs7XutHFbptWteytqtUzvw/CmWYKP1itTjXxLatUqpOSl7ukU9EuuiueMaldXus30889yzQzyu6pGpKQwgkxxqAMZb+FePcGvXPhfpWr23iGx1K2sI4obBRKLuZSNwxlXIIyTuxnseeQQBR8MfDNpK8uq6psmjEpS3t9uYnl6BSGwML2OBznO0Dj6OeC2tJ3QLAnmW8JWGAbdqgYChUBY9BgHnPrUTqOPLDe7SldO8U7Jfo1s77M+pw2Ao08NzunFO0U1yp62VtbWto9raat2Z03iXXBq1hp8lxGXe2RZJTnCyOcZCnOAMk47EYI684FjNG0MhG4xyNuEIzk5I+ZupAHBBHdeM8GprsJPB5br5TiIbEKnaQCOHI+UZzkE45zjJyBwtzrcmntIgXa0aFPlLKGA4GxOrMcbvlBHb1rzcWoSioyvra7+STvd9lf16LU68roeznJxg0rvXbsr6L7kkmrJq6uzuF1CJopY/Lj3B1CKBukccEBiVPK446H6Hkcf4n8U22iaLqOp3M0EK2iSMszYV2nCjyoUDD+/tBKg9ecY45m98WWOkWjahrFwljZRAyEFwJpmb+EDOSDnOR3G054J+OPid8SrrxhemK1SS10O2kIgg3bftB3cSyjvkgFQ2WGc9Sc+fhcM6lRR5bQ0u3e1lyvSy7aJpJJarXVfQVJxo0+eUoqfLaMbr+602lZWXdrTydzg/EWuza/q2o6veyM9xd3LSkFQTsLnavQAkKdvU9iTkVy1xMMsMqEHCqp2ncfmI6jOOR09cnPVZbnzBKG25bCqox0wcHKkDpnPIx68cUtvlu0jFHTIZQ5OXOADnkk4bBGeeBnk19PCPKlBNtJJdNkkr3TTWnr3Xl85OUp1HKWvM/eW6Wqd3Zprfb8L7RxyyOXkUGMBl4DcdMnPXIYHnBBxjnPXWjYMY1AVimN424GSDkk4wTnBBHX9DTjIA3AjHTaB8oJ4GcZAByCDjnsQetoLt2OkyxEEkjHc5K/KeSFGeMsAeOhCjaEbW36dNejV77Le3z0MnF2Unb53S0SdrvW6e+zd9y60Gwn5l2ISJCFzxjK9iQAT93kAg5wOKRw21o1cMSBtVxyMjB5yMKFHJ7gY5BFVvOjC8TDOVVlXJLE5+Y5BHOc8H1AzzTFcGWTe6ncSw7lQnJzyADn69gQeBW0ZO3K1bVW1une272eq62a07q+UrLRa7ap+nn11679kmnYSbYTujUCPGAEGevPIGc8EEgnJ7dQc+ed2kLAqkUjEgFuuARyd24HnHYH5iDkZEplw4LEYZyMH5QwCnAwcHgEn5unXqKtNBFLHu5YDDldpGOR2wCMEfMpUnOO+RVW39dNN27K1+r7fgZtOWl9d2tVd6Lvr8lZ9OtqShTEhG487jkkBu/A9BnrnGO3SpNu8kDarE7SBgE842jIPU8FhwM5XGMm4+0IpUINoKgBScnngDjgnrz8vc8jMUe3LIWUsTtUjPyNkg9TwFBAH5EHAxLjJrRWb2916bb9dW3fbrdLq9YrS/ZpK60SV91va/3X2RLHEFLsSylNgJcHCkDOFJ65H+Ixuq21wMnCb4+igtzuA5bLAEN3xnBXnrWfIzB1BkOQ4yWXC8Y6+p75J6EEZ6CVpsxAZDBuTtXKgHgnOCc+x9MDjJolTu1qls3pdS2duvnr+JhOq4pK6SVuqfVPe7tdap7JNPSzQy5ZpICwBbJ3kDjCAkgnJ54yuCTwN3SubvxujO4/Mq7iuSp3EnaGIJypHpgg4BHIrqJBGqsHLBCAVbawODjBRBtYscDAONwwR1Fdh4U+EniDxsRLbwNY6UzI0uoXkbx7ou5iVtpYgd8EKx45zjppYT2rioxk3oloutm9k7W7vfqzyMbm9PDRk51lGKurc19dNlfXyej8t7fKr+HbnxB4osbOztpLiaSaJBEiM6/vHG5nblVVcrySGY53HIBr9lPBnii4svD3gHwvfqPs/hqxWGWNnHEm1TlEU7Tg+gx05ySteX+GfhJ4Z8HQbdMhW5vGjDXOqTBWuNwByY92cKGG4bRuwSBnArL1PULXS9e0e3nlcbnIaVXJYozfMWAIwMY64yMg9SD+o8Gzjk9dVISvOtyQqR8vd3ttZvyd7a3ev4H4gVanEtqPs+anh3UnSbXxTaVpX1slpbu73dj0j4838V94W+2WcbQJa38TIynMj7sbpAc4Cg+/XgEYIr89vjtd6feaVYLfvHcXEYHlyu37wMY8ry2Sf3hxheAM/KOK/Q74wtaT/Ca/vIvLBt4UNs8QBkcCQYdhgfN0OcYHzDlRivyP8AiJB4s8f63peh+F9LvtWuLaGHetpCZJd0mFZpFUHjByWZeOOeK87xTz9U6rqTlGNOVGk9XbfRvXa7Ss+y03d+3w7oxy/LoTxE4w+ryfPUm1GEYuzu27LSz39U3sel/s2+MvGnws8e2Hjbwzqk+i30FhMv2m1G+Mw7SpEkYyGXb1PRQRgDFfqj8L/2ivG3xotdTk8Y+O7gXGlQ3AsLXTcQzTxNIQzzMCCykEl93zYJ5wa/Oz4M/BDxdoNrd654vjniZo2tLfRbhXI8tV/eGVo8LGMDG3JAYnoc44Pxlr+o+B7HU9a8JX11orPd3djcPbny1EZ3KscTLjC87S2MMRgFgK/G8q8V8TlNeFLBV3OnTulTc1yvma0i3dbq90/lszwuOcmyvj2eJwOBqQWJrShCOOpOLSnCUOq0mrKzu9NtXt94+PZtP8Q6tFbaxr0aaek+ySZtRQXTFULOHYtgIRuzkHbkEcivxm+Nt9oOl/FTXLXw3epqdiboLJK8gfywWZWG5TsZUDEBhy3B6Zrt/Dmva54kvZZL7Ur+aK4Qu7tO5aWZR8y43ZVCM5APPzHngV4P8Vvh/wCKPCusya9Lp08mjat+9ttVtopJLNGJLeS84BXzFICkMQew7isc+4zxvE7ccRCMWrySTu72TSv3W+9unRI+r8JPDirwXWrRq5hVxbqU+VqcOWK0g1bR3a11V7Xu7uyOK8VaabC7SRQUsbkGWOXHyh2GdoOCO4HfqM4wTV7Qr+7uVS1tiyCEK2Ad+8rjCgcg54I/2cDPJJ7Tw4YvE/h2bS9Tjje8iQmCWYgMFIwuw854Iwuc9wccVk2mlXugzCzmtxG8Mg2zIvBVyQvzDBJwcsOg79M1+Z42cainRqxjzQ2T3lGy0d9E7O/VaOyP3p05RaUYaLaT5uiiu7S2Wvpqr2Nb/ic3EThWYyu214ywwYupXG0YYgA4zgdMdcWrewlRMyIxYklkHKgKGw/JIOeM5GT0GeBXaadHGtmZF8t5snEgTJfIbkcYGDjABOOcDjJnSMRwtG4j80sW2kHcFcZGeDhVyMc56EHgV8jVqyw8moRfK39mL0tbRJXVpXvdfK3QqRcYr3tbX22ejXbr1Wmv3cHoYm/4SLT5Hm2AXURVwxyQJVyp4yFLc9MYzg8V/Tn8AvFXw9m/ZU8QeGfHN2rXesQMujq0kZ1Rpo4MpBbxOxcxM+DgDGAeSAGP83sej2a3cF/MwEVtKvEY4aQMHXvz82Dz0xkH0+8PgFp2oeN/Evg3Vr/4hR+HfCmjarH/AGvqd9coI9MgEiq8Edo7gTKFGSQr7c5BBzj8X8W+H4cQ4TCYqU3h/wCzZPFc9KM3WnKmoyjCmov3ZVHGybukrNo/kr6QvCn9uU8tzaOOqYF5DVnj1LDwlVxFd0lGcKNLlvyzqSja7T5evZcp4l0K1h10a7qVhdW8dtfvZpZX6iJjCJXjSZUYKTlCDuxyAcE9a9f8T/Dn4d2/hWw1Sw1iK61d9PlvIooGjWRJnUEWkkQ5YITgZHsSep/Y7xP+zv8As2/F+2RbTW9NS0jjghtvHdreWyQX08EQbfJDISiszEhiqqOxyc18r/GL9jbwX4G02DWPA/jXSPE1vDY3Mmqxz30JuYXjGD9nEcmwMx+6AOM7uQa/n9+INOrPB0MRiMxy3EUKvspUpU5zpV0lFRjLlSa5pKV5SXKtX1uv5TwH0iqePx+Gyqtic3yrF4GtLDyhicPXVCvKnKMFGVSMeS8tdW0kndrU/GRPEQ8Ny3FreaXKt27+fGVHzSMCSish4IJ+8oAyvJBOAfPdbD6obrxU9lcqjTtHMnkFbcHHI3BdoYDp+BPJJr6tsvhpqvjDxeulabplzqmoM6/ZiI8OkMb7WyCGJUJ0YZAxjrgD139on4H654F+EsOoSeHZtOglh8l47aIEXRxh7pyqkiSNup4IPU4PH6lgPEHKcFmWVZfJ0ljMxqUlZ1FzRVSyvyp3ipN6OS301P3rCeMWT0MzyTLKk4fXs0q06c4urZRjLkXNo7qN5ac1ld9FZn45+IZ4C1zJbxyJG8owGyfLIJO5xkE5O4k9AMYycmsXzpJkiQrHGWVcxlSoYAjLdCBuH3TjJ7nkE9Xf4s7do54OS7NFmNjIcnlZNwIJBAAzj5hkYIzVDSdMOp3kLRjzZAxUQMQCMcnjjCr2PA4O08EV/VOWVYVMNTk56SUba9XFPfrq9XfZW6NH9SYbGueEhOnflaXvJ6NOMGuVre2urdmulrHXaCLC3aGfy4b6TBhSFkDeW21dwI29eg5Bzgc+lXWrxmna7jcW+xxGbeEFQrkkYYDBBQA88g8Y9rg0+bQLtbySH/RtrZKYLbzkFQMkFhgAMORjueK8/utSm1LXCkEZWHczeS7fNnnLMM8+uSWyOhJxXuYWNNqbklLZq+v8rsl1Vr3XVK/dnzmIyyWOxSxcpylShTkm535UrL3bPT+bbSyT3seszCS70Fn02UwXiIqFizo0xYfM5+bDLglQMckbRz18jm8M63PNGczXLSMxYHOA+8hupxjDcnB53d8V6XoGoSBpbqZ18q3j8tYT912AIGV6FgRxkcYxnOBXW6fcW7IAhSTP70rgLJHIzA7QRztOMHt7+uEq86POoK7k9FZXbS6JS03+dumx4SzaWQqssPQhUs7N2XM7xW27STbad77NeXnuifCuLUmWV5nWaFDujKYUyHBdCy4PyNnsCeeDnJ1Lb4cyWT3DBZ2cPJ5BjRmjyuckFSMABcscng/NkiveLXw9eLFpd7bW0hivS7sYyUiSU9RJIcAg5wQCTzxxyfRPHGrpo3hX+xp/DcNlrclkrRakoVVWJlGWZhwWf7pABJAIz6/M1s+xkcbRwsFCoqslGSe8OVx0avdprZ973a2Pisbxzm9fG4Wlh3GvDFVo03SbSlSXNFNtSb91a2Stf0tf4h13TYXt1sr+VS0gKfulAxsOeoJwWxt5IyenX5cSH4S3Utlc3sbsIjGZ7dFwwZMYy20/xZVmyc8gdgotzw3X24rdHzpJpndEVgwKufvD0TB3YJ4J5AyororvxJPoekeVG9zvdHgj+8UkRuMKSckL91iMHGRwSK+qo1sVT9jCnKKdS3OnJe7eyslazW+7Tbtdp7fq9LGZphMNhaeDrx563spTi2mrOMeaKTWm/Wz1fXQ8V0qYaTqD290pkdHaGQKMKGjOFxtGNoJG5vfPQivU7G6a3jkuCr3DBVmRQoZNpAyr5HABxjGBk5I648eFx9r1YTQg7pZHWYEqdznoCfUkAqQe5zzmu4h1K/TFig+YAoF4DNGT8ysRgDOcAnHT5ehr6GaqNR9oo+8ldWbtdK6ckradHvfRI7s/w0sTKjKpCPtJUYOro037sHP3kuju+jVtdrrpdT8XeHry2aONPsmopGIRGCf3z5G4uTkENgYwenHPBruPgn8R9K8Ia9Zw+Tl7+6WB7qYkJbhyY3Eg6FcnKggjAOAc14FdeG71rie/jtGkgUGQBgBIjHALAEfdzkA8jHJOcV9j/sx/s2XfxA03UfFnihxaeHbGVW0+YFPLuryNwTBNx5ipgAbgRu7buccWPxdDBYedSrNRjblTSbblpaKTW7vvfTsfMcRUOGcv4XxksxxM/q1WmozpqblP20lHljDVy5uZ6J7JXb6n3d4th8Jt4a0KFtM8O6reX8MFzbzacBHfSefEzH7TtJ3MC38Y3Z5PavnrUPgVqmqW7zaTbosF48pu4raWMSW0MuCiyjGSFBKqoIJwOQMkL8fPDXiLwHdaLN4WnlksbmG3lt4bWCVjp6wr5bKWIL+W6/MCAVIwwyBg1x8YL3TdDjZ/t+lXiWVvavLFFIIL+8CgyOXkAHUkt2Xow7V83RxVerTjUw9VS9s9Y1JpSu3/AA+V67Jq6b16pK5/NuDyzPqFHDYzh/Mo4qGMrVFGhWrKVSlyyj7OLhzK1lZXWum9mm/K/EPw/wBe+F9lPqOli42tDJDNdtA5e3uBwwidsjGDkkDA5Oc9avg3xBa3trtvx5lx5brfSJlZZTJnYG7sd3UAKcYO0c12Oo/tN2+u6Ja+HdajS5+wTMsoWCPfc7jhw7Mo3EDH3j2JBwSa89tJdKTWBrGlbbW0lK3AtZ9hXezZLPgEYHzEIeBg4GOK9TCYirKnKNeHJOLXLNP3bJL3LNtPld1rZ36n3dGlnNXLqtLiLASo5hCaqUcbSWlZRcZqEtHpfVPRN206PwvXvBF2fEmta1eWs8ejXMkzpKyjDbSNgjbGTjgOvUg/MTiuK1VLnT9HaSEOlvLLIvnFNoRV+6oP8PHYY+YcjmvtLxPcaTq8EVuiCWzRDNcfZ2xDukHz4X+FiVB29PvH5QTXzb8QNP8ALtk0eCSL7LcSs8KA8oOCm85GXHOQTycDPSvTpYiDUIXam0lrr21k07WvqutteqP1PhTinEZmsLhcbTnTVCNOkozWnJCMY80r662Td33ex5Do00uozrkvLFEFywYkMq54IPyg8MCwYk5AbPJHY20kbi5ghjcyOT+9HKxqMkoQQAAcAAeuMdKqWeiNotkGmiIWSLekqH5nYHPPfaSRjPOAMfero9BUiWHfCIVuZE4YAh8DkHrkE4xk56ZBAor1I2nJ7JO9lbW0Xa/W7V9bO+13t+g4mdGcZ1MPKmkotXV9LJR5W1e1+l3c6TStKg+x2YmhV5t3mW5VCNzg5XzDjkZ4A4xn5eOvV6hdXjrZx3sbN9mZY/JCn94QAQHB5wAVCuCzDANb8Edtts3QwRyB8MNvywqmAHzgDOM8E5OeRnpq3VjHqzpHGwXyyzpOw+aVl52kkAMpxheScHA6YHxmMxbm3FJqKa953urOMe+27WzttdXPyvOs3qU6zhNykrqN0/haUUtbvz/DoZtiLV28pQY5Lh0WUyOyJGOD6hduCACOTwKr+NtPt3tIooYbe6vdLQOHQmPYAQyl2P3gCRg8nGMjOSPrP9lG5+BunfECC7/aF0PU9Q8EW0MkctzZxOyRagx2QyXWwAiFGAOG/Hqa8x/arv8A4c6t4z1S8+EthFpHha7u5rXTokuNzXUIwsNyVcsUEigZRjgMeu2vh8LmVSefPARo11GMXP26bdGUWrW5nJ3lpt05tz5bI8xxGI4lw+BoUsTGnUc5Srxd6DglF8smnu4vRNd27I+PfFfj7WPEMdlYX80z2tiqQx2qmRo8quwMN55AAAznoM9VzXi2uzW5unllw07hozGeNoPCnGOOoyO3PYV91Wmh/BPRvhVPPr2qm98fXjDdZD93PZICQPszg7H3AZbdk4zjqQPiDxfpqQXfm2zL5MsztFllJ8oNhVmYE5kA6nGD0461+jcOYuhVqYinRwtWh7Cpyc1SkqaqNOPM433Tu7vra630/qHIcPToU0qdPl5bK/IopyfLZq+l01rf4m77tHGWsl1BqMaNIggd40WSQAoi5DHIJ6gnggDGCTwMH22bWvBlpov9kavHa3s0xMou7YKLgYUtiSRR/e4AXB+7jbwa8E1BIyXO/e+0sgjJIwFwTjscYCjjPbJrnVuLid4wcLEoO1W++dhG4M5OTypHJwGyAAK+vrYeNdQfPUjy2ajF6P4d4pJJdN32Vtz6KthViPZSdScUnFtRkldNLSy5Uk2ko217o7gWwlv5BpwUW5lZo9x3OLYjgOOc46E/04G5JHfwMkjpHKI5YxEgGAVBJLqc5IAJycEZ4J5rc+F/hZfGOr21mJRbFtrSymQRqsCEGQqMjcx5G3AJHHzDJH1V8cPhP8PvCcPhi/8ADevQXk8thAdS063Z2mWVVHmO8RJKuWDEocAc/wARzXz2Pz3C4TNMJk8o1ZV8TBuDUZSjCMbNOcuVxjzK9ublvrqfPZjneFw+Ow+XThUqVa0Xy296MV7tpTbTjpvqvPff5qj12R4ZbU21wZbq2MWcFoomxt3IrA4yeCT8ox1IGD4nrdje6PfyR3k22STJWGRgyOsmTx1A69umBnoK+8PhNovhfX01KC8ntDcGF0srS5VElmQ/dELcETA8ZPHTGep+YvjN4OubLVLi+SymhjsZJLeWFgzFArExyBz0DDng/KflBJOK7sFi6MsW6MY8k731XLeOid9Xfe3m9bdFeUZnReZVMPKHs4t2jJxcFpy3d09nsrPoup4P5E9xemFHXgB1Ix8uM9FOCcEDBHHB+lJPBfRsDMXIkJVQ3K4yMMnXcADxjAA4GTWYl20TGRVYeWxGS5DYYnqQc8BuBgDI5wAKuSX0lwI0ZpCkYIQlgcNz8hb7pU4wSMduex+gUZXUtPdavvfdWd7at2a1TXWyPtptKzSWqWt21b3dU7aO++yV0u5pf2fcM6uD54cBEZgF+Y457nbnJBPQ9OnM1zY3enSI8rSMWQIOoUBh/CwLDrwxOcDbnNSaRfBXja5TMKkqGLcAgk5YA9cjjaMnjjqam1G+juQUhdmjjlAVy2/JIOc7iSFPc4HQYAxxlKNSU7O6V9NNr2tuk+rv3Ss2gjOMrtpW7a6Xcd3o9LPWTa0b0bbT7MrI/lFwZ2O7OQPlzzkk8noCCOue3Nem+FLGAXBKujjLC4SXCkKRnanJxvw3OBmvIxHbqySrKwBJyiqd+R1IOB1PQ9TnLHIGej0PVYrW5jDyNJFJIDtDEuu0fdb7pOQOdyg/eAHzZrDE0W42V3po0/8ADZu17beTsm2rCUlFtxbsnZb9FHW8U7X2d076dnbvodVGleIGmggH7uRIxHIvmRBC/DYP3TyPmBGOOnb6w0bVnuNFtr23aCbUI3WUGFtk7BQX8p9uPlXkc89cHHNfIeoXMbXa3ltIiCZY1VT1AOMAgenZgC3IAzXuPw91fT7eOSC+uIYrxzE0MjkmPaTtYgZwR25GO/fNZUZez5b3i0l5PmTi73vbpfTpte6bdLEPng+ZKzX3rlb1TSu7adtGj6Y8P+MLbxBaThB5F1CyxXduQXdCCAWBxgAkEgAckZPXB6GUoY3S3HzfKdw+6cDLADnnnGTwOx4r59vb/wD4RvW01HS5bUW908a3iI5Kukp+Z1UNgnbnAwMYOflGa94ivbaTT4riJ1eGVYpFePcSN6jcmRzgjIznnPLDFfVYDERrx5ZfFFKz3Stay1Sate92raaX0PqcHjXKKvJqSVtb68zVua6etvL06DzeKdnmLznqm7AIJ2hjk9Dk8Hp3JOTnSTNI0jMxGx+AW+U89Nw656YPv6k1Alz5c+T8oySqupIKMcE+pIwe56kjJ4pL2ZHkVo0AiA5ZRiNnxkBlJxkZwxwTgnt11lTV+nxW7a+7rfSy02jfX7j0IYmUlvezWj2bsk+vzur6peidLII4XIG4MwJJIIDngKR1K9OQSfc1nvK4lVFTyt+GLA5CnH3gONuSDn0A+9nmrrzB4mEYG8sqEoMqhHVXByBkdx3PWsq4LIxYMp8pQHYkkA8fKw6AduThe2cc8vs1vy66K9tr29HprbtrorXG8SrWbTur6JaO8bp2Sbto4/as+X1cbiTzFYPuZVYFw3CkHOcdORwx54474raslMzbmCkqVzsBbf3DNhc85J5yM5Hy9DgrJEFKqVBlULtwPvH72MZ+U8EHPDEg8Fat2uoSQSoIto6RSMpyvTocZAYE9QeD15NZ1Ie6rKzsvPrdaKzXdatfNaczq86bj2tqn2T0vbo9HfVO97mveabC78cqcO5QD5SchQOCcEe/BOc5rnbrRinnELvZm/dkrhuBkHjOBx1OMkYGa697tJYXCKYXVVVmO4jAxliSTwTkk8Y55BGRSv7lbYwO2wl02bicq2epIz3xuyNpH3WwaiD3vLs7N2eqtdtu/wCVnbdnFHlUrtXTaltZ62V221pe6tbS2tmjibbTJmMx2rJIAARjDKc8HOMAbuAOhHBzxj0DR/C1/qmiTX1le2dvrWmu7W9rJKbabywjM0okDL86rwo4J6dSc5yzRQsCY0UyqGGADk9AxPQg46NwAem4YrK1HU9qMolkV23mbyCyHLDYAxQDIK888Hp7UWafNdpJrmb3esb2beiVnZ212s9DrpQpJWnFSe15Le9te6strbLvY8wsvCcuvajqmo62ILy6gui9vNdSGWaWaCTIiOSS8fHPBBHcnFfYk3i8PoGh6zpWmr4N8T6PpcWnsNAlktrXUmhUJHPeQKwQuwALM4GTk5PfwfSZtNtot0kLpIOItoLSXEknO7aCcvyeoPQdq+o/hp8K5PEVlb+IPF9y2i+FoCspguCYrm/VSWICkBimV2gthcEbeDketguebap+rfMtG3FJt8t+nu7d+5zzhQpydtmr2lZ2bceW943vfVWelrK5g6f4R8X/AB5tGsvEmiW91YR7Bc69LEscsOcFminwrOxAJwG68Lwc13vhrwr4F+BMM+meHfD8ms67fv5cN1NGZLh3TKGVnClo41JO1VZcnB7ZHpd146imhXw/4KtDp+i2BMMckMbIJ2QBfNnkABcYGSuTuAIJCg1zV/aX1ve2Sw3JutUn3STXUqgpbKwO5gWXCYBPygAcDILYBeaZph8qoufPGeK5dE+V2bsk2nqlo7Xuu3QeHy54uqrU5citq0nq2vi6Wtey06b7Hm/i3xfrF3cw6Hp9zeadLessmqTLCAwZwT9lt9o3kKDgnnGOSFJJ7Hwj8PdZvdR0eOe7JDTxyWtvLt81VI3PcyLkHeeMbsNlgDjOW9X8B+DbWXXNKsTZW+ra14ivobWPULxQ0diszqss0avncUBZlKngLxk5FfoJ4L+D3w18AfEIXOt30erx2X2WO5vrhglrFdlN/lRQsw3JuBTCgqM9wK/COL+NngKU3VcqlSrTqSp00pJWVvVb3tZ9dXofaZLkEK1RQpe5GE6fM+Vpq7iv73N3stNbX7ezfBn4QLp3g3VvH+tQPaQWXhOePT7q6GTdSxxA5+YZVnYYUjBORyKzv2Pv2efGvx+8fX14La6svDMWrvca1qhjaK2tbGKff9ltnOFlmuVUJsXJAOSM4r718BeAr341R2GgWjPpPw8jWOG8nMZhjvIgVLJbDI3DbhFAJAz8wOOem/ap/av8BfsT/Diw+C3wJ0a21r4veJYl0rw5oGjxpc39pd3oFvDqmpLAHeS7Z5GeKNhvXg4BBr+O8V4lZvjsbmOT5PRdbH5jVlS68mBofaqTleyaj78m2lHWTS2f7dhOHqOHoYatWabhFO7Tsm+W05Xfo4rrYj/bW/aKuPht4c0P9j/9myOTVPi94zs4NCli0Qia60HTZo1gk8xoN3kXU6szTSOyFVyDgYx9F/sBfsdWX7Hvwxvdb8ZSQ6n8W/GjHUvFeqyhbiawkuMTtp0U77pCY2JMzq3ztwxbbXJf8E/f2Lr/AOC3hif9oz4+u3iT9oz4lo2rTTaoTcz+FLHUM3MdlEZdxhuhHIqyMpUxhcAdcfV3xJ8cyxRXCC5CKhlJQnlyF3EEckZxjgcZ5JZWr8v4mziWFpw4Yyir7atiKkZZji6TfPisRJxTUpK7VGEm+VN3k/efn9Xk+Cec1lhcK2sJSnGOJxHLb2sk05Qi9uTRpu9n3smznfiX8TLCFrsCdmTaxdS+3u+AoGARxxj+6eSTx+YHxv8AiWLtrlI5SsD7wJPM3lY8E9AQCVDYB+Xbu6jJx0nxP8eapd3k5aB2hWSVEPmFEKhjyV6AjJwORkknOSa+KvHOs3VyJgd6xSB9ysQzYyT93JK9Cduc574zX674R+En7/DZljIurWqyjNyabau4ytrtZta9O/Q+s4izvCcO5ZLA4FRUvZcs5xerdujS+dut3d7nxv8AFnVUv767RJJU8yZg7nIVuo3KcjscFRwcngjGfmJvDpubyZgzNHK4LSbgQQWAJZfUD5sKAe4JyBX0F42sr6bVZFIMkKuHAZcKysQcDbjJByeDuUqB04rzy509ICsi+aGyS6AYVVXnB6HHUYYknJ2gnk/3/kOV0ctwdKlGCXLFR2tZWir3tZ6dFrbVM/jjifNquNxdWpOd/fe91bVNXldprtbdvpc5VvDdtZoJVlckA5fbg7skhRtyccAEgDjj5cVWkilDAsQYnCooZTgg9cdCDnoT3yMVt313KsgjRT5RfBjwxVs8jZgD5SM/L/49zVPz8vsaLbtIbJwQpPGCDng9+nOFJGCR9bhYx0eieiW6+1C29vl95+fzUqkm0ne9rrvt3V32/HzzTCsZCCPCu4BLqCPmHzMqDB/XHXNSzAQxnhMg7UATBJIAU7h94kZ5weAR6VfkYNucKCrgKh3DdkYwBuBwAQABg5GBxzmjPIyoqzR52/IGyC4cnAbqAfl5GOc46g17NCbjKN3orRvr1s47X1te2yb87o6aFKpBadH5WStFtJK6bS3strLWzOO1WaRXIniLn7oQE52kfeK4528kdMZOeOkdpHLMi7WZVQ7lUZIbaeh5GW9MDHXjkAdDewKcSNubbhMFcY3KykD6EEc89OoIxsaLpElwIFgQljIGMbqQWAGSR1yDjk9Rj1wD68KyjBN3b5Xe7u3bltskuqTst7XXQ3pU6kp8qXvXdrfas0k9Gmns++it0MaewuLjTXV4V8lhhllJIAbcMjOV44JI6DofWj4W0WWEPDHKjATBREh4KnrtPckZ75wCf4TXteo6EstotrcRLArIDmMEElsjBxwDx78nODznW8O/DOO0hguZpmjkZ94VxnKnBQZHABDdTwfzztSzeGEn7WE2prlScWotS9yOi0aja710eltD3MJg8RWTjGMmoqN5LRJpwWite36aaHJrp3lou9MbdpcAAgFQv3ScDGMZ6dWBwOvZaJJbzSqJF2pGjAMADucY7hScggAADkk4IFN1+2ismEakElhG2xSVA5wSecnHbPrwcHPNPdvY7hDKVP3lB2jJzwRnsOc8joBn71etXzeeOpOUqie123zN8trXfNu/TdW0ZtOtWw7dN25YSs0r73Vr6rRxtdbXfTRncavrEMUKwRQs0pAjwSQApB+fhhtPQjr7jGRV/wAPOZYYmESxEkKWJJ3M3ynK8EgDJ3cjkjI4NcZopvdUmQyGN1DCV24IKrgqpHO4AH14GCec17hoGmK7REQxlWcAKEOxSMfeJHXHzYzwQDkAivh83xkaMXFzg2k23y63tG+t22rNP0Sfp1YSM8TNPX3rLWPotbPZW2e/dXOw0LTYWlhdriLcRhYgGcK2RnjqGOex55Ar6Q8D+GBqN9HBJEsjOMqjB1i2EYMjEkcZDE8gEDrgkVwXgnwvDdTwgjKNMu6UIcoQQNoHUnPGAMjIPvXrfx38aJ+zp8IdT8TeUo8UeJbKbS/BllJ5a3ctxJGY5dSMRAkSC2VuH27QzAggkY/B+Ic+xeKx0cuwblKrVqxhGMW21F2TlLVqySTfbW+jsfo2VZVhsLhJ47F8kYUoxkuZ35m0n177JbdPN+E/GfxxFrnjHTvg94duYpfCugzrP4z1GBlEF3frkppSkHLiJiolVSRkAEcHHkfiNrXw9AkaSJHLfXAfyI8rHa2cQIgAIwAcAjhgeQMAnFeSfs7X8cGheIvG3jK5lvpdRe+ls3uWLGTV7ktJPdyEsTJtYqqsQQMDGMV5t45+J0OrzrDBcILSxn8oSlzulmeRkduSC6pjKDIGABnABr0sJhJUMM8PTU5yjByqzkrt1LQUlZbR6vytsrX8fFY+iqtGrWcW6kkqMOsYWpqNrLa1m3d6PpexYSya+8Uy6xfMWSfULiODqzSNGPkAYHO1cDHrk/xZrrobDS7LSorJLNLrW/FWpeVb+YvmG3jgdiZ9hBwPmOG4wQOBxXN+JNYtNHttDv7YpKlnYmaQgDMl3dKwiAUElmYn35+8TwK7D4S3SXevaJ/bPltf6hvji8wbms2upFEMUUf8LHlgdq5HPy4BrwMVWqV4arSm+VS3jo1unstd33+R7tL2FLFKlOMZOcYzTlayU4wu1pvZyV2+l072PuXRrS4+HX7Pi/bvLht9RuZZ7hvl3XJETBSx57qRgAAAcGvyB8N+IG1aP4u+J5IzIstxHZq4IUhBdzKkatncPkUcY6ZJ4IFfq3+2T4jsvAPwVGji423Vno8E0EBYBmmuI2wyqCCWycgnnOB14H4/fDTzofhT4qaRGebWNSjmdimSqmUyK3I4ILHgjg9Rzmv1rgei5UMMn7rdak2nfWzjpfte/olp5fGcS1YqtUjFNctFvo17yjZK1/ittdb6+RYa8ihUXJ3oCpZy2wqDjPOMYXIUKSCMYHIrZhubWd1R5l3OcrKoB25z1wTjODkZHJznHThYoYLY+XJJ1VW3BcvuYgYOMcdtvBxnj03FQAI4V4wEC4UHBLdHyAN3QEjPsTkEV+8wcnFbNrp0uklo76aNySvbbRI/M/aq75mnbXlu2tGk/dTs97377vU9DhWNlMccjsqY2hh8rnIX5hkcYzntkDjNKun2l24NxHEyxscKqrjGeWzyQR6fdOM4xXKWF7MZVCfugq+XlnJV9pOMjJxnIORjtkYyx7mzdVkibbjCjcoCsH3Hlu5UjgjHbORipvaMk7u75b2urJJKOqa00s7q6uutzrw3sK1SLtezV9b3ei20elrrV2vvZq1m90aCTSp1jgCAQSSK8qkqy7TtGOcYzkcfKSOOgr5lttMjWS8ZEQBLohmCkMrE4UADkjDc4yMDng19fvPbtp9y2WZUjdVVxhVDISSexUFix4B+UYGevxdqPiGOz1O+ghdGWW/kjQKRgHfwemFPbHA6/h+c8XxqVqE1CTT5ZLV25WklHa7Vno990+x9ZTo0PZwvGy0bbtHdRsr7at626veyPpXwr4L07UtMt7aeyiuFvI5dxcKSyum1t3BPzDpliCB65Ffk7+1N8Gr34T+Nb+W0SWw0vXUNzp3JCOSd8kasp2kcngAcYwT0r9dfhR4ljmt4YbgozKCE5+dcLjA5G1jwfqwG3JxXG/tvfD+08WfBzTvFLxJcyaDOweUrukhhlXYpJX5sBj9MDIyOv8hYfPcZk/GtTA46cvq+Lm4QvdJSVuWze3NtdN3fW61/Us14QwGa8CRzPA04PE4SEKknFXnypQ5k7JNrfVX1te26/nquZbm9V1kLOFIXB6OAwDZJxuPBGR35yMZq7ofhnUtamnt7OxklKRb+I3YKq/e+dRjanUt0yDkDGa9c0H4YXl7fWe9Xnsb2fdujVgEjDkZyQNhwTu6AAnOOp/rv/wCCLv7Dn7MGv6F8V9d+MB8FaxLP4AuY9H0jWru1ivrEzWpea9tfOdQZ0wQpXdhhxwDX1fGHH1DhrBRqU6TxFao1GNKMlFJW5pznJ6RSjre+r0WrV/yXh/hR5lVqSrt06NBJzai51G24qKjTXxX5lqlZK7aP5D/B2t674BttQtbCQ2T3lpJbTzn/AFgVlYOF4G5GBIx/dzgBTz7F8AP2cPFH7TXxBsPC2kaRJqN7dW1xc3c0BVPJs4AXmuCGwAw5JLf3gcDIJ+yv2yvgp4F8P+P/ABkvgvR5LXw/oOsapaaY8Kb4b2zgu5I4XVkBVvk6EEgoSRwa8R/Zi+PN9+zjrHifxNYadc/2jqvh+90nS54XZJrJ51ZBKu3gY3AlW+9lj83NfC1uOcdnXDVbMOHnGGaYijD2EKs0uSc3C7mpLXkXN68tz6erwxDKszp4TMIueEg9XBaSglGzlo3r0vqr2v1Xyd+0X8GV+FvirV/CNrLHJPoV3LZSgANJGY22Msx43SDaQNvBx1PBHzbb6HLJcxQPGZJJ9qKFJOZGYL90ZOSSeuDnr/dr6L+JfiTxB461q/1vUZJ7291O8ury5upCTM9xPMXIlxyxAYgFgeB0x8osfCfwlD4h8Q6XpY8lNRa9ttgnIAOJAWLEn5duA2QcH8cH73AZ5i8v4dpYnMa0auMw2CVXFVINWlWjTjz8sYtdU7LVPW70PlauVU8XnH1bD05Qo1cRCFNSV0o80V2s37yS7voQeLf2ffEfgTwvo+u6lGyRa9YxXtrDLCyO0LKrEgMCcDIwQTkc/TwSU/Z5FgMaKyyMEIXO1R/eVsDtzn1B5Gc/2a/te/8ABP2PXP8Agnh8G/jTpUdrrOr+HNBiPiJtNjLMmlNCuJ5HjyFFrjbKpw2W4x1H8dfjbTP7J8QX1nBHK8cdxOFcgrlcgDG4DlR1Bx19Qa8fwl8SJcaYbHyrRdHE4LGVKNSnLRuk53o1ErfDOnyyTT0baummjv424Xp5DPDvCvno1I8kpJ35K0OT2kJJpO6b0tdWs73Z7T8EPiNceDPFOhpPO7aFPNF9qjDn92xfBdADhSOpAPzEHBbjH61634L0nxLp2neO/DbmbfBFc3SRKpZwuGDDaPvKevGe/HU/hfptvLHBBII5I3jYSRENneQwY8ZPHb2BHIwK+xfhB+0X4x8Eva28c73uiho47vTLhiwRSdpMSNn5WU5Hc5OcgYr+uuDuM6OGoPLsdNfV24zpSbu4NuKcbXu1d30Wis1pZH4VnmUYt42jmeAbjXhy81NbThHkdtGk7ebe17uyv+o+nfFGwl0K10XVLIpJCotjeMiM6EkBZQWXcsiAcc5ByOMKB9d/Ab4q65f3Nv4Wg1aXVrm3CnSBfg7prePBNrA5wu8LgIMYIUjpX5v6Vq3h74oRf2j4ZmgttSli8290eSQRsX6s0aAgBt2cYXn73Xr13h3WPEvhW6t5LW6uNN1DT5hJZTxq4eKaM5UhuDnhRhDgcjnocvE3w8wXiHw7iHCnRq15UpTweKUYurTq20tomlKyTV027Wadj998GPpA5z4cZ9ha9Wc40Iyp0sbhZ35KtNOHMpLS+l+Wbd09U1ds/ZWDxhD/AGsba9iWxvi4N3ZToUmVicBY92CxznHynggDPJrq7i9hmt764t7lI5VjXzyzKPLiJIwOgJYDgDuSvUV8y/DD9onwb8TdKsdB+L0VponjHTFit9I8YW6RwxX0i4WL+1tqIWOQAXbcxCgn5umb+0d4r8ZfCiwtdW1WwSbwHqsaXFv4s0GT7XDcRxBHMOLfe0LSplR5vBPyktyB/mRxBwBxJw7nNTJsXg6sMVOo1h6sqbhSrxTSiqc2nBylourWmyP9ieCfpB8CcZcP0c1p46hSlGnCVfCucfbU5NRWsee/KpOSb5Wlvve32PZ/s83Hxi+EPxKvZLwaToVzpl3ZyarLKY4LSRLZn+0ARkFnDEF5Oqhjkj5s/wAxnirw78JPAl/e+Cbj4lSeIHn1K+S6Pm3C2umX1ndSQrtQsUkEgXeZAD8pGWPIH7k/Hv8AbsTwP+ytaaR8F9K163h+JXg7yp9Q1qzltbOGeRGtr0WryrslnmG4K6kkcep2/wAwGoeHtU8d65BFa2Zi8REz3FxGXH+kzyyPIZJWZ8fMxYEckZIJxzX7F4ZcIZnhMPLEZtCvgYycb0KunNOM7OcdPdi4NK11JtbWsfx54/eMEa2Yyp4GjhcXzTrRwM4qp+6wcnTjyytJRnVqOEm1a8Ukomv4k123tZL+zTWo7m3huCumvG/zygEbc5JbAAGCSDnPGMAZ2h/E/WfDCpqFreYu1cCYzNn5VO4BmB2txzkkEHg5IIPmvjv4OfEXwtatq+r20kUT3GxY4iXngY9D5Y5A2cg7RgE84Bz5b/aDWU0NrfPcTRTFS6yhl5GcoFYZyTzkD0zjAx+5U8BhakYKahUUeX4rNqzVm09tUtLXSdk9Lv8AizE8bZ1RrzrQnWwtSo2rwqzg0pPRWe1ul09LO3VfUmo/tFeJvEFtd6OjyFb+ZgyINyF3Uj9ztztY5yScEjk53GvLpr/WWmkRraeORSCG5HmscriTI2ncAMDgnp04PE+G9dttK1eS78qN4t3yLMqhISvIIHXdgYBxxj14PV/8LC8y5dxAr28rllb5TzgADnBABGV6A+ma66eGjRsqNNQTavayjJxaV7J93+T1tp5GO4uzDMfZyxmLrVZU04rnlJ22bb6avfXVXemiPbvDvjO90zw0un30s0BdzIsRfasQQZGQpBBODx0bPtXj+uxyeKdSmvL64L2hckb5MqpU7VUc5AIHTPGefahf+IH1OwaMtvkeTeyx43Rxjg5I+YFRjjtnjB6HhmJbu7s9MuyyQ3NxGSyZIEZIBLnkAAE45Cg5xzgDpnUxdaNPD82nuxinor+6lf72uttddGjlp5tTxCjGu1yxUdG7Xa5dOl43e+re3ctPokdu8K2ttI0KklJraJ3AJOAA205yeR9cYGRX6Kfst219beGJJNQtpbdI52eFpVKPKvAJYMMgY+bAAJyMbRmt7w/oHg2x8P2FlbadZTfZrGORp7i3UtLIycEuQRjPIJOMY5J5r0rRfs9lp1sYFSJCxKxxgKmSMAjAwQOhyMYOCMcV+jcO8NSy+rTzCpiFUk6etOKTSckna927aeVvi0ur+nRx9K/JTVk0klF7/C3zW3W2/f1PYoVinljaIfKFjc5JXJJC8Lg4GDgk8jGOcADqPGqtF8PfEf3V3QWwXBAOCyk4GO2DyPlIGCMcngNBmkkJ3sRsEeCOTtJIwAc9+vucccY7L4izInw61how3MVsrZAyWZl5x+JHbPHHr+2cJ1UsRzJJW5LpLfV66tp7aa27WTTP1PgmaqRnNJKSUU+VbO7W22m1utlsf0C/8G8Uq/8ACY/E2NfvN4UsHbopziMZz75I65BUA8ACvRf+C7r7fiD8KkLEE6BfsRtyeJD15z1Ax0Ixgdq8g/4N3tQDfET4jW2BvHgy0cEZUttMfIIJGRuyFBHAyDnJrvv+C6175/xh+GdiX2+V4Zun255/ePnnqSxAAz3zgEZNdmXpz8ZITjo/7HU3e2zwuvbfRK/+TP0XhaEo+NCvdW4aqTk9dnhEune+i2tpc/nk8VyT+ejJKyxeWuSAMEjO0ZP3SDxkngk56HGLBq80FvKqkuSoC4zt3AEEnaQTjuM8AHOM4HfeLNKlmsw0IVdgjDAfeJ65O4gZAbrjgcjvXAWVmfMWN42DfMpOFAbJwCRjGfX0J+hHFxlBQxuKm72c3K7VleW/K1tZPTRW383+d8YYacOIcxsnaeKnKLet+aSXu26a67a7Wsrx2XiJnaJJFcvlgpVjk8gbSN3Dc47deMgZrTkvpXEgESu+7eckkbQQSDuzggHnp61SvNDk0rbdvA+1rgNtzj7w+VgeMAcEgkL2GAAF6W205HgSfymYy4JPKHIHKDoSMY5HJJIySOfymeJpcyd0tVbpJbJNva+zunZXb9flJ4epFe98TSlFtWe0Vq++i1u930252W/RlLG2jLgkqFKBhuOMHBGF7DAAx25GKlzqLtAUEZMpG4qcEEEcY2hskDp6e5BFamp6I9q7TpFKybAGQBicNkbRt6nG373Q8dOuMkSFHL74nL/LlSWI7DOA2Vxwp68c9awqYiKeu1ndt2bs1tfRP77dktTzqnPTtotLJvVreK3atbrdX6ddHgm5W6kXeBG+NpiZeWx0xkZzztBGFJ6HGcY2p6Lb6i0a3FvCTHlkHlhmYdgQAADn1P3gQecA9Hf2cW5rlSweMhdoGDjnGNvTdntnJPIOKgs5jcuzuhR1IGRywXG1QRgbScgc8ZGDXDXjSrxV1FNu6fxWV03Zu++j1dub7iPaPls72lv21t32V0vWz3T04DyZ9GZVs28uNHIMWS20McHBGDsJOcc4x9a7TT/Ed4yo9tOUwgR0jOA2RySSDlRz0GM47kY6CXRra8XzCvluF2ksvBDcE5HByD1zz3yAQOMudAlsZy8MhdUYqSgAVcgAB1A4GeCBgLyCqlgDgpzjSVNuU4JKMVe/vJq1ra30SeivZ9bHO8PBPnjFp6axtGTaSa1te/e9r6r176KRZI/ONzIVfaxkwQ0bEgk7u6jnIBU55OOldppPjGzgjTT5omu0/wBUs0bOGVhj7wJJHzEEcY7E9q8w0t5J98E7KrjAQNuCOVXGO656kcD+8eDWjHptzHfWRtx5AmvIA8xGYyjyAMzEHhTkkNlRjvXnYvDUqr9nNRUpLmtJXs7rS2zSu77dtOnTHFVMPF1IR5uVczVrtpO6irPlvpZpO+z0bbPcLG/v5Q8lvDME6RSNFIoDAEqolxgcAentgc19J/Cv4xz6Vs0zWpHViAIpZHIKAEKAV6gcDsOvzAGvqPSovhPo3wAksvFNr4cjv7zT42sNVikg+1tdm13KHYN5u5nJDYwADjGBg/mZrLRWt6XiZXjjJCTQtlfL35Q7gTt44I7E5GOlfF8X8KUqVGipShWdaHOkvsJ8qSkm5dbW+asrBwvxlUzKtipQwtagsLWlSUqiaVRKybSaa7pat6n6XN4tg1SJJUkjcSxgtIoztQncpIXLYAHPHHQY4rJ1aFLqAuuFfaf3oXnaeBnnB9uVzivizwP8TrvR5xa6hJvtGxiSR9xC9UIyeABjGRk9CDzX0bZ+N4L62je2ukdJEBYcYRTnGCR7DIwDjOCOtfiuN4dq0ak4eylyqO6imtbLXTyvfy6H6tlueqpaUpck+sbp2ty7LVNPRJrz1szSTVtQ0meKNn8+3D5ycFAvQKTwevGCRgAZA617X4a8T2d1aKs7wjI2GCTGVLL0XJGUIyRjAJOQDmvlfWtUGTJFdAsQXAyAHLEjqCRznHPU5AGKu+HvGuno6wXEvky8oPm3FmwCCduCW64284A6V8dmfA9XH05clK+n46K3n20115Vc+wwHFkMPVjGU7Wtdyk2nrFWVu60vf12u/tfw7Ppq35+0bYbebJSMgBck4BXOMEHjByAOB2Nc98ZtA0Pxh8OPG/gm5lRB4i0a6t7Wd5QpgutmbaRhnKBJVVhgADOBjGT89at8WrPwpZfbrqZTaJtYyO4ZkCYwyjJOeST2OB1JOfzM/ao/bO+JbX0sHwbuoVZY5INQub5d7KMMqeREQVKjI6knPcEGvzSp4O8Q1s1wuKyylGlUo4iFX2lVyjFW5XFt2v8AZ+zHXXQ+0l4i5HQy2vHMKjkpUpQlSpcsqkozjayWz8nfW3Tp6p+wl+1Z4h+H/wASfF37Kf7TFxdHw+si6V4T+I1w0trqXgW7huCumXVrekrMmlyhk8uZXMShDkhWGP12/aY/4Kn6/wDsCap4V8D+OPE+l/GzwP4o8MWkfh/X7aSOXWHswgE82ozIWt55EjdQnmBlkUtuLV/EX43+OnxsbxxP4w8ZaudS1e4gjs7maSBEguLGJw32OYxoCQAp2M3zRkDJyDj2D4ifEBP2m/DPh+XQNZuBqvhmwt4tQ8Ja9emW4X7NHtkbRpZ23eSSpKxKemEKk9P2DHeEzzXMMBjcZywnGlD69Sw8pRX1inCKdWjJOMoc7Sk9LN697/z9i+LsurUsXQo88+WpU+p/WqcedUpyjKKbTdnFOSctG09T9sP2hfih+w9/wUH8feF/FPgKw0rwX41eWy0jVtGjii0mLxTLOVEstwkflQi5LFxvjVSzHOT1Pwp+1H+wP4i8H+KLq2+Ga3ml2jpbCDTdQuHkAfYGIsrrfseM5JU5PBGRg4r8edK8Qap4Q8U/2hbS3+l3WlXcRDRs9vPaXMEoZJlKYKsjruDchhz1Jx/RH8IP2ydJ1r4XeG9C+OeoQ69/a0Vovh/x35kbXOmzpHtFpqJzvPlkKrSAAHGSTtyv6Rw7iv8AUmWGwOIdfF4GT9nB11KpVotte65vVpaWdtNb6HzKhTzqFaUY06NeEYtxjJRU1aKTXM7663trdbn43a7+zb8dtJEs2o2l0TahmcpcxudqjJZAGbefl6AnJPHWvHL3wp4ztb1YbrU2guYd809pcYV4o4+XOGKsWOeAPullK4BNf0pHQ/C3izT455buwvre6gklsb3T7lbiC7hyWA3RsxWQqQWUjOSeOBX5H/tm+ANM8K+PpZNFnhWC68K3F8RG582OVFyyhgSSTycn+fNfsVTNcBjcC6+GlOUvZt+7PRStHlTs73ezvqlay3S+drZbVo1ld1OW8eZSbXMk4Sdve2srXWytfY+ONEjikZbi5mN8GhlTcyrtV1OMof4COucfyNfSHhaXzfgV8TWYOr2+nXAiXdwqYYAAZOeTkgDH5Yr4i8M+Jbi3mtLdgPs7SEsrE84YAnJOSSRkgdT24Jr7L8OX7n4P/FFUdVSXSZNigBflZGx2/wBrnHJC5O7rX4TneDxM8THETV4SxdOWiba/eU2uuqT7tbrsfeZTjsLLD1aVNtShhqsGla7k6as3fVpNXWu/ofmvpE7m/heIyLceYWO0lTkH5dpHUjO44HK/nX64+B/DaXvwv0vW5Y5Q9tprzSz7tzF0RirdCflPOC2c8emfyL0UsNVs5Bj5ZQN2MqSDjlQe/TnGf4WzX7b/AAhSXUfgQ0hDlU0y8QrtO1iIz8ucE9Ofr8oBNeB4mYyeAwuU1aVWVKVTGUqbUW4qSk4Jp6ryum1p5m/hxhYZhi81pYiNOcI4apOPtIKSvGS2891brzP0Jf2T/GHhTU9U8SeGdYvHbWb25VNMFzLhQN4yY9xI+b5TggA5I4GRX2/4t/Z+13xtepNYabKtnY2kYs5yQ0RmUKWIOMMMDkKQOeoGAP5wbjxRrnhvxpc6po+o3enXVrqbNDNE7xmOSOcjHDKCPl5G3IAG7qK/rK/4J/8Axd0/43fs4Qya3fRXOv8Ahvfb6xdlkilVoQWiZpMqfnUKRnGScE7s4/CPF18RcEUMHxhlNX6zhsTOjh8VSld+xlUSkppKW1S8opvq+1k/0bgPL8g4nr43IcZSVLEUHWq0ZR5UpqEneKu7qyd7O6bdumnwBpHgyCzuL/TdTt7d2spri2uYLqP5N6Egsqvkhsg4I43e5APwz+0p4V0mHXbF7SC0hiu4ZYXAXduYcKsbKBk8cZJwcdeDX6KfHPWbZPHfiO68M2F5dadpLyyXksEUpjLMQHklkQMgXcT95sEk4748F8Dfs6zftYeO/APht/FVr4Rttd8RwaS1/dMFTTUmlVDcufUHIxwQeue32PhjxficfUwOIxdXl+txpKUedNe0qKnZSjzNpuUtb20ta2p8b4hcG0sBg8e6MJN4SE6kGotXpUuVylFNLm05nZNvS1rH1j+yf/wSn+D37Wv7FOv+Jfh3qr2f7RPh6K7vrHT3kXdftD5jHTbiDIcJNGv7lwNpcBeh5/DT4sfs8eMvhZqep6F4k0S/0rxBomoXGn6jZTQTw3ENxBI0cg2SKSyZXdG6qQy7SPSv6i4PgD+0z/wR+8feF/Hv9oN4z+DWp3sdlb+MtIWWTTL6AyoZ9O1+FQ6Ws00ZZ7S5kwjEqA3avs/9uH9lvwR/wUO+B+i/tI/s76fov/Cd2mmC98S6Pp8dv9r1QW9uZb2C4SJQRqNu24oZF3SRqNpLGv6UzOnmUsI6uBp8mNwMFVr4V6/WcP7snOk7u9RLpH4lqrNn8H5fxlUyvP6+FxWKnUwOLxblhKs3Jxg6k42pvm1ik7LlaSindWV0f59viXXvFfhC5ZbS71GzG8FJVluIQG4IBAwowwHGGyR7BTreG/2mvidoCoIfEWoSRqdpiuH+0IRnIJ3dRgYJ4JByOOK+1P2kfg1cWt1qOjX2lT6XqunPMbqKe3MTGe2bypImV0BVlkDKwAPzDgc5Hyt4M+GekTwNPfRpJgOjROpVQwbGEOCQxHzNuIHfsK7+HM4wudYSMuaMa0bRqx3lCeid1fmTvo1vfzVj9ypzxzhQr0qkvZ1IqUJLWL5lF6bWe2qeqe1j1XQf22vFyCKLWdJs9UjXYWdRslYd+GBJJAPQdzyM5HpFp+114K1LV9Du9T0+fSprO+ilm58yNEXBYqwBweRkjk8nBxivA7j4GaRqOZtOkksGMZ8vLB0LqCMblxjOTkZ+Ycc8189+P/BepeDNSh0/UHjleRPOikj/AI48HBO7HI4GDjJOD1Fe9LDRaurW3890lZPzlu99+9ut4/HUFGc+WatFxut7cvVpO+vre91eyX77+E/2k/hn4sER0zxLZRPKiARXcyq4YADo7Drj07E5PFe7aT4rs7+OM217aXceSzPBMjh/ugcAkngA8dscgDJ/l2a8vLCxtL62lkgmcgExM0RG3oQVxnk54Yc9cYFei+Efjt8Q/C0kJ0/xJqUYjbIied5EPO4A72YAZBwCMZ+UY+7WNWhVT0ndtbNWvfW7a06abK97b3Oyln1KXLCrzQatdxel2o7baPbytbzP6ZrXU42kKuVjYjOXIySeVbBxgevBwCSGxkDVSSKVQGaNicMSuGOMZ2gg4wQRwOcqO3J/DHwf+3r440sww65bQapEhUyOxCyHGO/rwQeemcgmvqnwl+3X4B1aSM61Fd6Q5CoJAd8W4gBuI88ZOTnOSMgiueMK8bp05SSaukrvW23n3tpfe9rHp0Mww1VuMa0G3Z2lbS9tL26/5OyTufo+1raS7XWNXLE5XGMqCDg4AKkjnrzk8c4NdNHgnBcI8Tlh8yNlTycA9OQDkjJ7Y4GR4R4P/aB+HfiNlTT/ABXpjzlVOyeZIWKnDdXbgkMMcZ4HJ+avb7HxNp1/Gj2t1Z3AbY8bW1xG/wAh+8eC2QflIPTp0yAc27NXi4aWaas7aJaaddLO6026HZGS+KLUtr2ak3blv2tuktdtneyIptHvgx+zXiljwqMArEjqCegGMDJOe2QBXIeMBqVvoGrR3duDFLbN86HJB4AyOgZiD2BzyT1r0WK/gMjL9/JLBiwyGIyc98LxgD2AzmuY8bOtx4d1JfMCqsC7VGSTuOeDwMgk4HfGMjqcW1ror7J9Xs3suq0XfdbI1hVnfWOjVneK8tHZabXWml9fLmfCep/ZdI06O6tbiNEtkw4Rm3AgEFQB82fQfz4rsIvEFpMNvmhCecPuUkA8kZ4BBJDA8e/Iq74etbc6HpPmjfIlnCqgqNrArk4J45JGem0g5PQDQn8MafeKzSQqjAj5lG0YIyQdpHzDoT78jPFctSUtILZ8t0rt2VldK28VfyWqWlmdacbJ62sut7LS1u710V38zK82K4ErrtGzGOcr83QgHPqCCRnnt1FRlgkyr+WwwM/KSSxOAeR3IwT9eN1aF14XMKNJaXZjKKF8tiQjEjAx0JGAD6g5AxXLXWma7Z5VQkyj94MAZ4IwUJwTkEDHzHr0603VlBru7q9nrbld2rabrW9r312B01LVyetnZvqrW7b3u9L3s90ixc2sUg2rw43JgA5C57jIxjkgk9ScEcmsC4somIBjZQeAwG3OM5DduTkZJznHI61MuqTQSBbu2njfcCHKkrjbg5IBIJIzj3yetMn1K1njEizIjKSpQttY88/KenUdOwzxgUKtNaO6W2y12Wj+z66NvTTUh0otpWs00lpft52Sta73u1Zq5ly2zxq22V1I4TD/AN0+ing4xjAHTIyKrtd69aRhbW+lYMd7RlsnGMooJJ4OOVH48ddNpk8tgdp3ENv4YjnvgcEfj7gZOM/zAcqRw7ECQk/KFwMgEjaRjkeuB0FN1k7OUnqtO2630Wy8vyus3S1s5JX+H0vFpPbZPT3l67o4G18R61b+LdSe5R5A0cJlddx+6AF2hWHQkDsCcj6eoWnxF48qbMTgqodg4UIgGcrnggAA5HP8Q9OR8OxW83jXUIJx5zNbRbR94HoMjg8jOT7e+Qvpmr+DrKO1S7cRNE8pVQ6hTlicqOSRjI46E8knilHEwikkknJ/P7G3RO+z1u1tZIzmptN810tGtW3dq1ulr7Lfz6Fm18d+aFZblQhb5yxBVlwMYA6AcAfXPTBqw/i+MTAsu8DlpA5KlCeNp7gcAHOOuD2by+58H2VwWEDywEEoWilIA78AkZz64GcjHOM5TeHtbsiVt9QMg+YJHMS+9QB0IwMkYHPcZJHIrd+zqKPK1q023q91dWW7d3vZWujm5mk+ZXvbR2dvhu+y+/5X39tj1iyuN+6eIkgFV3fM27JIIyoOO+Rz7VUvLdZk3xy5jcBmMRGFBJxgd885GOSV+Uhc14wLrXbE4ubJZlUlkktyA+31AbpuOT2P3gDyK0ofGdqoCXQntXHEnmI2VxgkhwMckfNkDJ25Ixik4STfLor3vom/hevf4tmmrX2TdtISpuK5rXb72s9L7XvZ/d6NtdZfaeFIKtEZF3LHg4c5zgt1A75U/Xkk5542ckZUtuPIMybgWAGMEDgY554PfBPFOTX7CV42ju4JVc7mDOisM5xnJByR0Hcgc9zPHf2Us0rM4/eAMNrHO0Yxz0YHoQR7c551hKbTT0aaTl1fw202XMtvml2OeryWfJJ3e/nonq72eiV9bu7ZHJagRucBsKxBwMkA9SB39QRwc5IK5r8tP2jNEk134vXmlWhQyXtrBCilxGC21jhMnqWB4PUn1xX6ryLAY55I3d9y/cUMcdBnGSB7gL246jP5Q/tReZb/ABI1K6gmkgkjgsJIXhYpJDK27DKRgg5HBGfTGcCvRwCvP3rNOLtqu8Wnruld369bWVl5GPS+rSvHrqm7XlFxV3rdO1tH+TPnnW/AGs6C6LJG+IJCtxE64cEA/MORuQ4OGUkN04OcclqkcjRQJtC5JwrAqcZxtYMQdpIOSc44XIGM/S3g34v6JrUaeFfiZbrNEirZ2HiS3RRdWvGEN4OGlVe7klmx1ORVjxx8HGWzOsaPPFq+kyqZrHVLEiVGjYDYLlYidhA9RnoOB09+UJKKlTs1ppdLltZbq68tJPez3ufIyUZppX0W19NLe80rvZat3s7rd2fyaIpE3KzbQAcA8krjn6ZPOevPOV6WbH57mGM5WMydhuIJxnJ6AYxwOBkk8ZFdrNos1mPIuYvLlxhXKlklAJzhgDwD16nPXtVT+z1NxDLEqoFk/eAjCttOSCSBt68k84IwAMgnt7JKTtZLdaO9t/X8vU4I4ZqW9k3qurVo2t5+eq8tTWAntzHNHJJEkYLRTIdskZQDDKVwQcjrxwFAyK978A/E3xTr9hL4S1i6OpaXFbCW3lmw1xEIskBSclgcEd+3GME+KXbQJaYz94MB2ClVAYYzjGenTJ6Ec46b4WuE16ddyhvsMm0joW55GQOgIJ/2vbOMKs4yoy0TuvLd2tff5dbpr06sLeniaajJtNqyTWjvGyt5q7u+lrtux9QWUMBWKERRoYVV1VkG59wyC2dxLdAQScD5c8Gt63tCbjzIcAYbdwoVTt4OBkjvySfc1hWEUnmr5pw0lru3Fh2BwBzgZ6Anue4wT2Ok2/mRhFwWkDqXLBQSRgDP3gcfLg884A4xXHSslTtFpuSbv0vbV66tp9d211PppO6elr23ersk231u166vXz8b+PsMinwsW2MP7CkKjO0lTLIAeCB7DA4P0wPjTUIGCBy2CLkADoPu7VBA6jnGfr0PFfdnx80+GObworDcv9hyqmDuYt5jHaASQMHacDseuBmvi/VrdIoZOCWW6QgKTk9OBt4A9CTgEHOD19GjL30nJ8rknZO2qta9t+69dPP5/Mn7s7ybaXW6aVlG/VPa3pq76IzrcOZgD8qhl29OCABwQd3bPA4JGSV6+8fDf4geLPhzqser+FdVuNPuIyjPAsrC0uVVtzJJDuCuGxg/Lkjquc14hHGWKkfLmRQ2c5BC5HG7AAwMjuOg5Br0LT4UkjhDZDLg71BGSFwVPXIzuJzwD64Ir36GEhXpz5nf3U1drVPlul6b+nR3u/g1mlbB4hSpuS5ZXSWz1ty301tr1s/uP1j8AfG34bfHezt9C8dw2/hbxnHGkUOqrIsEdzKQFDxynH3j1jdjnLYBABrh/ix+z3f6Rm7urQz6fMGOn+I7BA9vKrAtGt2IgQpK4y4wCcbSQMH894A1vLGUMscsboyTIWWUEAYKsTnlskN1A4PTJ+2Pg7+1h4k8DwR+GfHMf/CXeD2VYHgvgk89pA3yFkZ95winIDEnnPBAC+RVwUqCk46r+VJX5dPN9OjutX3sfcZZxDRxbjTr2U0laelm0ls1fXRp33X4/PmpeHNR8MTl5og8a5MdxGhZCOSCrrgAgjChicHAwa8v02483X9SllIBmJJaRVLZP8WCC3JGcjOOQOlfrjq3w0+H3xg0KXxJ8IdX068e5R5NR8J3UqC5gdlBcQxu5dD94IBgEjAA6D4D8a/CHU/D+s3MVvYTWV7EzCbTruNopMqdreU7Y80EA7UGc8HnAI8yNCKn7SKaTunzcsWrrVSVku66+q0PflepFOE3OPNzaPm00srNvz7abWe/pv7NXhTw34x8fR6Pr99cafp7WEjzS28bTTM6oSI40UBm3HAAAPJySuMV9JeMfDPhOG2m03QDf2ps7l7Wa5vIJFSYq5VHiBUFCxGWLfxAjJOK+P8A4JeOdb+EvxH0bxfb2kc0+lzPFPpmoQr5M0DBhIrLIm1l2E7cknPcE1+1/wAOf2uP2cPFuhw2/jn4dWltqyXMkhiNlCY5o58maUyLHk7Tl489woBIBr+QvGp8YZFxDTz7Kcmx2c5Z7CMKlLBVkpU6iknKUqMlqktbprV7o/ovw1/1dzHIquXY7GYbD5hGU1F1o2lJONO0YyurJWl2u31ufkprvhtLG78iZJXuCi+UI0cuyscAqOr8nPGM8kZ6V0/h74N/FbV/J1Hw14L8V3YI8+LUdN0q9ZTsAYN5iRkcex5BJxjk/o3/AG58CY/jP4d8WeGtB0zU/CEFw8uo2OsDeGJ6fK+VMSkgqgBAwRjoB+6P7N974L8X/wDCPeHrDxF4Ys/D/iWW7u7S30CC1/tfTogBtsjEylnj5CjaucAtgtiv5z8SvpKZ/wAAZbgcwwXCmMrSqwi6ssU50lh5RdO8JxpwqSUk5XvdRa1TPvMu8OMuxMcTVxeYQlh6cZySoRU3KEVF6K7fNLXl5U3JppWuj+TjxX4v8TeB9AW0+OPgy/uNFuN1sj6zp0tvdGIHZ5qPPGN5VSfuHjkg+nlOneBP2RPG0c0ukXn9jXl5JgWUspjEckpJJikm2oGJc8FiMg5xX9Nv/BZr9nDS7f8AZV8WQw32h3934ali17QdVNvAmsxwlyJ7FnjXftJbBR8/NwMkV/JD8G/2cfiN8T9Me88K6Q+owWD5neNCJSyKxcRrGFZiucrkgg5zgHI/qDwE+kLhvELw4lxLn0aOWTweLngsbCrV/dUpRjTnTaqySa5oTjdPrs02z8D464Jlh8/oYXJKFXGUcZR9tQbpyUuZS5ZrktspK/VapXVtPrvTv2R/D7adGvgH4gfOX8yC2uJfNUDIYIk9u6gDHGFKgDBJztrodJ+DH7U/gOeXUfCOsarKVQRLLo2pywvIhJwhBmLvGRjKEHPA28AVv/s+/wDBOT9s34os83w10PXRbGX7LFd6jeXWnWKyqcOn791QFCBlkBBxxjPH3j4N/wCCZ3/BQD4f65I+qePYoLOwNqdRiilfVDZ3bOhhtXi3Sl8twZEO1QMselRxd43+BVGWKoZznnD7nTbjiIVpUcRFSSu6c3GE488raRb5rJ9nbbJeCON6VSEaGHxVCSjGSjCfsZRp6WnyympW1SVla2ttT+b/AOPWgeP7D4oeIZPH9jq7eI79/tl/Nf20yTSyPgeYzuv7zof3gYrnr/erx4Wju43I6ZXGxgc4Hc7hn1DYwqr2QYNftt/wUHufiF8AvjUnhf45eFNK8RaneeHbC7g1eC0hjWW0eMhWIKLyoxleoJIJ4JHwzb/FX9nbXSsOreHjplyw2uVhZVXcPmPyABQNxzjA444Ar+ifD7P+GOI+FsozXh3GUK2V4vC0qmD+ruLoujZRgqbjZKNkkoq1reSv+RcYZDmOBznG0Me5Rrqs3UdR3nJtqV73vqm9dL3dj4pksmkUlwny8AkfMyjsMYyc9Sevy+mDgahYeXbTuobfsb5WBByR24I4HPygZ/Sv0ITwD+zv4qLDSvFtvpkknzqslwijdgkAb2BBDDnnqMY64yNU/ZX07V7d38OeMdMvhKHERa5iZjlSAMBugG0/Lk59+v3ro02vcqQd1pJPd2j66Jd9fzPjvqOIhJNJNJ3vzJ9Vpaz3a69b6n5v+E0IgulOQ4uGJAGGLc56g5z0AK5wcY2njaJzcLv7E4AJTg5yTng+o+gGcg19UD9kT4iaNbXbWEdvqMa3DHzYJEJbHQIucn5eCVGAe23FeXa98G/iNokpN74bvXVNwaSKBpAGHUDYvJx1OSDkjNclTCTcUtJNvl91pt3at1utVq7b67u518k4VU2pcvNzX5W7WSu91fbVbtvq7352ylWAKwlZQQGDY5JI5AJHKsMZ54PbP3pp9RmwxLBl5wWYLkAcHAGM+v44ypIOJLZarp7iK+sr2F0BH763ljClchh90YAOewPWqEspO5d5BLZKnIAAIxhW+7nkcDPbrivAxGUzhNynC9m2ota/ZezWl/JfLv6tPFzdNJScVdLS1ul11urpNWta93pa2k7mR1IALPn5VfjJz2yOPXptwM8Yz+nn7KV9Ppt9oEySKudOnUknhSyMoUEgkE8DBwD1GQa/KZ5WhcHdkswIlDD5QBkDhgO2COe44yK/TH9kxn17xL4Y0yOcRlLYM5Y4jYZ3FZAw5OOcckkcDpX4l42YDn4UxMvZzfsaVabUU3ZKndPbq9O97K9rn6V4Y4twzynDmXNUnSUbtauU4q+q/DtbXc/VTStBk1LQJLe7kMb6l5zl2G8JC3LFdxUIuCc5YjrnjFccP2nfA3wD1228K6eseqXMaLPdmF0CwuikkyMo5IOSV7Z2kgk17H8RtTtPAvw51bVzJB9q0zQbmSFIdp/eGE4f5ejZxxjuccV+Mn7NHg3xF8evjn9mutNn1izv7i5v9RaR2cx2zTnCAkHapJ2gHqGBAxiv4Y4D4Sy/izKOJs34nqVcPw/k6lKrQi3RdaaSd5NLXlSukk22+2j/AKjznOcVlGMy7B5dGNTH4xwSm7SUIpxV2k3rzaPt31Por/go5+1x4S+M3wp8HeHPDUd3Dqg1qLUNUkkJSNotm0hBwrKH+Vc8Ec8YNe2/sgfGnx14f+EFp4S+GdlZ3euXmmRu89wypNCVhPmNESAZJByYgCcsRgY6/Of/AAUc/Zel+F/hDRdd07w5d6Xtvkt5VQGSEWrYaN8rwC20Eg8jIIP97w34Pax4z8K+FtF8QaZJqVjJaWyiG5tQyggdQx784GCf/rfsuC4Z4Mzvwgy/L+GadCrllLNMVVw1LFtzpvFRlByjXa5ZNPljZPdbXi238cs3znLuOq+JzK8pzwNBTdG0P3MXoot7S3bffV62P6af2W/BX7NureDLr4hfG46dc/EWxnafxRL49kSG4VpAXVNPguiFktlGfLdQQ3QHIxX5pf8ABS748fsqa7o934E+DXhzS77XIpWeTxBY28NvHYbCQ0EDQIu9DglGyenBGRX5+/Gb9oz4ifELTtLsdavZIk061Fu09u/2eW8RflVbp4NglZDwA5JC8dOT8U6rqt5dy3LzSlmZsZLEnPXDEliRg87sk5zk5BryPDHwGzHD8QU+Ls54jzWo6eJ9rhMmwuLqQy7Dwg0qVPlhJRdKC5VGnGEYrZttk8eeJeDqYSrlWAy+kpVaXs62Kr04Opqo87grXjNPeTlLq1Z6rktQs2ldJIySpJWQhdu4kjPfPU/LgYwDjJ6eteEPGl/b+HpPDM19MNMAZ4oyXYJJ1woZSMZ4O0YH5VwMDCZI4s4kYfMAACc5xz0zx255z6VcS2EWI+QqksxGAwyOOmSeeTjHBOPb+tcZQjiIQoVoxqODjKLkr8rik09U7ap/C+myuz8AwuKqUKs69OXKqnuuzaupSi2nolrfo9C3qEpknLxOzIX3N7knjggcfXgHHQ1JbXPkSC4JLRqAwALZUxkMpBA+U5HPB57dVOXMc42ZAB2n5iODxkjJJ7BQAePm6A5259Fv9NtY55IWaO7hLxyIxYFSBgbhkAgHjJy2Cc4OKqnUoU4Qo1OSPPHki27KTtaybVmmrqz6LzOnmq1antIOyhaW7fKk09NtL3frp2v+xX7OPjKXxT8NdMvWElxJaqllNFIBJ8kPyrnILgYxkgE8AdsVz/7XVyNH+DniHVLaNLG7WW0liubVxHKh3t8uVKksQpY4xj04Xd8OfAr9p29+DmlX+iXWlfb7CaQyRNkCaNyTnrhcEEYGQOBxgCl+P37Vh+J3gDWvCv8AZJtTqHk3C3GU2osRyByOHPHHoMiv5sw/h5xrgfEunmeEo4iOQ1MzWKnVpYmUaXsZS5pxlDms1ZvS2tvNo/b58Y8OYjguWExNSjLNYYB0nTnSXN7VQUU+ZrRSdne616N3PsH9nj4j3mqeA9AZJFvJvsMH2trlUdpAgxudnG7JBYYJOQcEDGD9ORW+ia/F5OoeHtF1LzVVn328SyxliQybgMgkHIJwMenAr8oP2XPHMNjo1vprXRZ0ihRopDltu7ACYHcnIXrgckBTX6mfD24S9lD28W8XCIGDfMUYhSMdeQSB347A15XiHxHxhwZnWOq4TN8dh6Mq06kIOtUVNw5rrli5cu1ttl9x9RwXgOHeI8owSxGXYSvN0KcJ2o03LmtFNu0XJNu99fPe98TUvgh8PrlpJH0aTTLh3Pl/ZXby1dlGAkZAUkdgeSBjp1891n9mvSWhYwajDLCpJaC7TyXAkIwFYFTlQcLyM8seBtr7Yi8L3GoTCBi8ajDo8ik7pABwCTlBg9c9gw9vnb9pTUte8B6do1zpxXzbi6EYlkVf3pReVb1UEfKSOQAeQBXNwL9I7i7M83weR1sXh8b7W6cqsYzkuVJyjzaO7Wjet9yeJ/B3hehgsRmX1SrheVx1oycYpNwUWldx66qy6+pwGkfsAeL/ABVoMniTSvDWvTaJFIEj1TS42u7YlDuPyx72IUc7Rz2APIHnXif9jzxhoMzwafq0izbdzWF/byW12ODhWSTZgkgBs4B7EZNf0Vf8EvfH1/4h/ZwEuoXEYey1i7tpo8Bo5JpkYhXiYEYAKgcegxnFcn+0jomkX3jrWobiwsZJZdPkkS7iCxSK+wuCrR7MMD0A6nO7gtXg1/pq4XB+Iec8EcQcI0p08rxLoLHYWpGdSbjKKvOlUjazUrpqS26HFhPAFYvKKWZ5TnOIpSnRjUjTrL3WpJaKUHfSzWqflpofzPeJv2eviNYRqLvTr5lIysiy+ZEcDk4GcDseceoz06f4I+DvEPhbxVHbavZyW4maNVmcAxRoXGZCQfm2qScZ44yQ2a96+M/ivxH4EhvLrStSuLiG3urhRY30pkieNGJKjdnAGAFUeuMgZB8J8G/G+28c6nBpd1o0ljrEEQuGu7WZjBJtkLMuAwIUoudvTOQAetf2JwDxxw/xfQw2NynDVKEp8kkpQ5XdqEmtHbfTS97n4PxlwzmOQVKtDH1o1VCNnJTlKWyb+PVapX289j4s/a7sls/jZqtvDOlxFJJFLuj2hCxCY7cE7iMEFsjBzya8wgsbl7eLMalkiLFVJDYwSCSSSSeCq8g8Aeh9I+P3l6t8UrwoCCZ4ipYkyH5RySSSgzwM88A5GSK5ia0+zLGxckoApXJJAxu7N8xyc5JPTniv1bF3lV1Uk7L0V1G69fwSbeux8Hl7jGE7JJN3t5e62ru7tfXXSza3V3y09hdsjtJby4C8YJOwqDjOD1x1BOc47AGqVuWEqh12BV24kywLg4HAOQeSMnDdq7Rb25iTcWAWTaoUjIYjHJODgngE8HAzkVZt57WQj7dp8bKrZBjCqT1BYHAyW4+p5x0Ncumjcbq6eiaVly3Wq2s+j3aOyUVO1kteVaq97tXbtr007b9WcReFHLhFICsvmMDgZx94DrjIJ5AxgE9QKz5okmBCsFbhs/MM56DJ5Oc47+owMmvYZdO8J3EO3bcW0oUkHAJLMTkPjJIJbg4OMfeBznCn8MaXM2Ib9YWKL+7kUhcg5zn5R1GMscBfyrelJNxST+yl0tsvi0Tb3v7uum+3NVw7d7KLvb4XbqtVZ7+u2t92eWyRyxxlSVypHJOC2TkbSMHC9AMDHQDGBU1moUqrEhskn0IyWIPfgk9xk5r0C98C35DNB5cqbQcI6l84+XAHJ4xnqSTnrmsI+H9UtBma0kQp1cLlmDZwfu4IIKg5Hqa2kpWtq7vS9pPSz0aslfztdKXkcrw8o8rUX0to3pvbVq713a1auZtxCssfmKWAyAF44A6kZ5J6jOOmAR0xzviTixaN8DGSc5LKCvBJ6H6D8jgAdPIkluX+0RspVsqGVgSpxjI4OM9B0x6jiuV8Rzn+z3ACncxDb/vBecAsQPTjIwPQkVEIzUleNot+atfl6Lm2s9/N6LRbVnFUZdHyK6atJ25Vfo/lrr6n7Jf8E5oopvgzrkG1iHnmbcCOSqFgcY5yQRjPy/xDJr8tfjXd2kfxw8ZzTlo/P1W4kTg4DF8KDkY/hyffjAypP6ef8E6L9YfhD4kXbs+zi+mDjpvWB+CM8DBB9AOSAa/JP47XUt38UPEVy2MS3l1IATggmZ8E45x/CT75HOK1yxtZzV8qUdPJ8rta2+n33678WbwjPh2hF3XPWlFNPvZaLZ389L9bHvvhLUrSS1tVimgb93nzN4OGIwVZSTwOmSOTjOck13Ky4ZVOwjGNyjI3HPBAY/Lg9eD7Z5r4IsNWv7PY8F1NCFO0GOQhc8D7obbt47Y75Jya7Cw+IniSx2ot9LLhiyCYq2ME9STnjkL0428kcD6utFVLXdmklbWLu+XW+zT6PdpPRPf8yWAlRk5U2muja06Xvpbf7/mmfZYWMKSEMgJ5K5IVs88ZJI6dMAghhzUDpAA78vlhjCsRuHBGeCoPGC3OORgivnDTvjLeWwxdW6TgLu3KQOcYIIIAyDkjGfzIrr7P4v6ROhjljkhZyONqlt/90YJG3Pqc5J7GuJ0KidktOm2vwvWzWz66P7zV0WrcyvLTp2atZ338ns7anqWyJjuVTnnauWBIzgA9AwOdzHvngZyKpPBGSMJzISdx4CkAjgnJII4yBnjGc5rndN8d6Bf4Zb2FZCdrJK+MEZJOePm7ErwDjC4yK6BL6zuQJo7mF4wQMBwQdxGQQDyCOnHPIzimoVI3cop7LzsrN9Gnuuj3a0OWpSu4qMWtbadNvN27re6vu7FF7XashVVLknBXIyCQc8YzjJ6d+MVSljCnJOQNu4MMNkdACOdy9hznHtW+wj3KYykiry23Pyl+TjBLbcYBwOOTkEAilPgMHyrLjCDbncSOQMjBGc9T6L1pqKbWjVtHdXeut38P+TtbtfFU3B+9dPfVPsttbrrpr6Hzb42mJ1icxSZjQMu1wGYFgSQSRnBIIBU9VLDA4rxXSPEmq6XfKbKdoVGohwAx5PmfMDzyzYORyRkk5616941f/ic3JXKoWcEsozuz90cEk4xtxkc5wAc14NbKwvGXJJ+3MOB90biS304OTxknGT0rs5F+7vGMr78yvdK3ls112aaXr7uCrSjRqSjKUXGFotc1o6JXV2rq9vOz67v9PfC/jTU59J0+4Cu3mWkRme2lZZN6qo3BQVBPBOMHPUYzmuttvjP4g06aOC31a43ROVMV7xGBzxlvlb0U5OeCDy23548MX9xDpGmyws4AtYwWVgo5UAYBB69Txx0xnNdDNdT3IAvIY5xuVixC+Zt65DAA5GWOcnb24Ga8+rSpRqNezSXNeyW3w636edlZv7iaGbY6MbRxMnba6vH7Oib176Xa8tbn1Nof7QWp20qpqekwXSytkzRKr5TBG7oVyQM/jnua7tfjb8KtQiaPW/DNhK0gYSm7sULqx+8VKpnBycNnJznJzXyJ4efw3NeQW+oXlzpQ3LEZVPmRENnBfDEBBkZPSuu8ReCrqC2e70XUdJ1+zMgAa3kX7SgIVtpjzuAwDk8gNgkgHFKLpqSSU4pNaq6tazve7u7u2uz8jqWbZjFOanTn1XOrvps0+r79rux7ZfWX7NvitZTcaTp9rPJkqI4jAE3t2IAUMSc+3XrXCaj+zL8FNeVpNJ15bOSQb0jinjwpbkDBIJwCBjPJ+vHz3OlxaTSRTsbdg33XjKhf4WUEjGBzjnAyM98aGnT3sLFra7Eu4gqqzFW5JI4BJXj+IAjAw27qPUpYaVTklTxElotJPmjJ2j+PlZ9FY4qvE1eCar4KMrtJct/7vysna3R30vZ37PVP2LMxSz6F4rt5YQo2ibaWAycBsE5PHUnr1GchfMtQ/ZR+IVgHFm9tqO4kJtfAZQOdoyuMjjBB+YEcHFd7Z+IfEtvMxg1W+RsjMQuWZcnnlSxUjAONy8HKjPBPomk/FLxlp4jVrqO8EZO+KdANuPQ4OCOMsAegAJBJOk8Ji0nKFSFS9tOVWeq0Wjuld7W1T7XLw/EuWTlGGIw7pNpJtNSS2d/LVWtZvuk73+R7v4EfFKxiw3hi/ni3smYEeRSoJyVC4LdPl6Z47YryHxL8LPFVnex3uq6HqdnawRtHKZbOU7SvPBC8ZJOFBB6lj0x+sml/tA3VlapFqOkqCGL+bbsrhzuyVCOCo3AE8ANkY4q5a/tafAfVJp/D3jGxGnzs6xzzXdhHPbxsM7pCUUtn7pCnJ6njnPnVXj6UWquHckuV+7dp25b6K9uy66t+Z7eClkeMm54fE8k+VXjJuOjtfR2S1d09bJJLoz+doKTjA65x+HX8qcFYE+w5xz2GeO/HB6cjk5FPXByewyFBzkL1H16j19enNSZGCeST909MAfkew2+oJDMcYrwj1RFjcgjJJHBwDuXngAtwSSOVGTzjvUTRugBOVJJGD8p9+4/L0q2j5ZQvVSWIGTjBGCcnP0GW/DIqNyz/ADNyVBIyMcZ57kHJPBHzeq802mldp20/9t1Xe17X19EBXI4DLnA6+vXqD6e+Pr3oKEdOecZHXJxgYzwfT69fSzHDJIQFRm3EAbQSfoAuSM84yMnGRwBXp/h74c6he2i6nf4srBWDZcBZJBnBVM8856YOQ3ORmsKtenSjzzaim7W2bvZ2Xye3Xa/eJSUNW0lq9e11+PRbLXV3WvAaV4f1HV5hBZ27yncAxAwF3YA3EkAYPbPv0Br2Twx8K7t54jq6Q28R5Rpjjccjc/UcKOnboSTgV6doqaJoNjHa2Nltdwyi+ljwZVC/M24jI2nPzNySBzzmqc+qzzO4MpZIlZYWd2wWYcAA43LjkcEHO4Z4FeLiMxxNVuNCKpxvbnbvJrTvppe1jzcRjpQfLTSTSvd2bto9Fte+t1rt10Ow0fTNB0K3msZLuOSCPnaioPNdedpxkH+6MDvyTWdeado2qQXBCsqOzERlAgjByFVCABklQWIJBA79D5nNrKQXMi3DHbGu1SGY4Zh8x4OMAfd9AVPGKjGryyB9l5MLfY5wvBZlAYYwRyMEHkYI3ZU8VwrDV5SVR4ipe0XrLljdtOyukrOz2T2st2lwyq4mcW3Umnq3Z77WabsknytWs7a9SG/8AxSyGSFzDEzkSEyD5lU/wqSTjqO+T0JHJyrjwj9ikXdKotiMhkALOAMlWXpg9SSB0ycgGkTxJciRYsMEiXarE7mbf1c4ByNpZl5POSQ2RVe41W5kaVVmlKiMrvckL3Gec46AADpncD6+rQliocsZVIvVauzbXut32769HrdGlCtiYOKlNTWm7jdr3XezUdHrte76ovzSWdituUNuhCHCIAztkY/eAjhjnORjp61XfUUkZQsMJmkjPzbOFyCMODwcZXocE9wOK4orLNdRPmRtzKiOXXavQvnOQBy3GQpOSfb0+1/svT7B3lCySKoDbwGmctjIU5wFA3AHBHJyMV0zbgoScnKT10krP4dOi5bW0Wl766nfKtJKMeZtcqattbRWk9bWsvN992+OextXujLJFztBLIm6Lf0+6RhRyGOPfqoAFmJbOzYpEtvJLIhHmAKAhPqOMKM88jAwSOa6NNX06aBo3t4YbdFOHGd7Mdw2nA7Zy3OR0JHNcLrLwQtGLBWcZyznnBZSSDnkKBwD9M+wpyqNQk5Rs07X0e3d/ddvRvR6Epv3U5W2vb1j0Vuul3vbtt1UUYuiftMyGCGLbH5QXlwAMFck4GSD/dHpjio2qaXo7yRqIrh9pzIyAtk9EB+6Np4yOcnA4GDwD6hcR7lgeQM3B2E4x3wT3OOmOuBggVjTSytkSO2clsk88EnJJHQdCOzdeRxrHDXa5pO1tl8vd2T77vS25oqMm9ZWTadlrp7qtqo72vr37GxrGuy6nI24vsX5I1JOEXBzhcjuRwSAOpOcVznzE4I3cMADnHHfv74OAeeowamPmELtDHLZxgEnHTpyueOOnYZ7CoQcEHccYJ+UkdxyeOOSW4/LjojFQSjFKy0Vr3S01vd22frZJW2OqMYRjypJW3tZaaWT1dtu6v8AK5CoPbdgkDJyoz24yMLkcg8Y9TnHSaJZW9157TsFSNcgbcgucnncC2AQueQpHTIHOdZ2bXLhCu1MkM5bO3AAPGORyeeTnAHPXqZLW3toGht3dQuHlfBD44yo42leCRweu3qKzq1FZRT96XS+qbtfdrV31fa/WyM5S5b2vzNK1t7aO/l9217JNWMbUIAJFd41jjfhRjBbqAQwGDnrgc5yM88YuyPcSgYjLDnPHGefTnscc+wNaN/eea6IikIgyoY5I4UAnOQFJI5PJ46ZyMy3BeVUBGWbbkHIBfIPGenf2OeR0qoXUPeldXSd9klyvV2tbTr96er0jeSu1fS11bZqKvdO7tr0vrZ63ZMJWdcccYIOeCwBxjJ6gcEHr27U+ONpA5RHkKqMhQeCM7iSOQB0AAUH/vnPfaT4MsbyFhcXZWd2AVFXALckgcccYP3s4z2xWu3hy10eUNBM8odCrIwwHbgFSDkrnOM98Y4Fc7xdKEuRXbe11ZNqye/4bpt9bolVE3ypu90km/PV3au2u1n5XW3ke2QMrbXHA4IYAHJ+XJ5CkccAYyf9kVvaZpVxcTQN5MnLqVAHEnAO08dDzuJAJAzjjj1/TtD0+6dJb9FtlQAFRECGGAVLEdDn8OBkYrtrZ/DluEcC1jmhPVl5ZV4yBgLuOQSo7g7hkjHHWzFWcadOUpu6SS015eqdnrrr20e6NtW3a1vN66OOiVtdLrXrolppn+GoZ7lY7WbSojDbMDOoQsCAAMnGTuPGSB7kmtS48N3t1cXDzRwWsMTq8FsyxhpF3fKBuxnIHTjAwSAAKbeeLI4YpHtJYbZgQVjtwoeULyGY8E84JxjI5LYxnNuPFDyxSXF15s0rjiTlCnBwmA2FOepGemehwPDcMZKfOl7OM3ZJtyeu7Svy7273te71OilyNctk3u3e/XTS7XZ3s46u71R6dpUfh7S7VUmDW+pSlTJhs44G8oR8oAw3rj7ozjJ898ceOreKaWz0+RZcEBiQNobkEknqeucccA5zXleseJrhpGeK4ZXkRgTvJde21RngY6k9R1xzXCvPP5wmnlZt+XZ3bPJJ2EAkknr+PGAOuuHySLq/WK03N68sJRTV3y66LZ6XS7IuriH7KNJJJPrZ2e3wtaavXporXep0N3qUs12Jt7bpAx8yQ5GPoM4+YZBG36emxB4guIChc+YCoYOcJyNy5XaSQMccjuTkDJrztruTeMtuHzdT/CMjdkY79hjGO2aGv5JFKgjAABYgtsYHnHGB1z2+9jk817LwUJqKlFKMWtLafZ01vsl01su+hywi/JbLXTZRutNd7a/K+h1Gp6413IPkEYUMQ2/cCSSWOSducY6A88YU4zR0uQG/tHBYMbq2XOMjDToeAARkj6bQQQK5d7oZXcQy7iBkADO7t3HJ5PT1PQHe0W7D39gG2gLdWwB2/eHnITnIOCcDHAIJIOcnPRChGjGygkktFay0td+mie/loEY6q3vWcUtFe2ie3br1vf5f0KeCJCvhHwwrADfoWnAOcbseQpwoHX7pA5OTkAn5a7qBw0nAO1SvVtwIJLc88fQjjcMj08+8DyI/hfwoSysDodjhcFmAMA5x90Ajpx35w3Fd5ENmWBJA+bgYIOON3Rf+A4HXPOBXPu9L2fbyt0vrfe13e2vn9lh/dhB2UvcjZ3VrWWlrerW/RN9DQlSNhMGTJEbNxnAP44GOeBknnp6+bavqFpplpLdOc+TNuDK3zjknC54bb0z2wcknJr0KSVQgxu+dSzDH8JDHqeTxk+vbsMeT6taLerJI3zxwysNjcKQSQMhhnJz278HGM1thk+aS5n2e118LTt2Wl7WfxPSxyYxuTbUbXik7K+vuv8rK72absZ3guGy1LVtQ195TPKcKsciBvLV+Ac8jIweBnAPIwc16u/2FlQMkbsRtYlBnHdc4yBnGOwzwMYFeTeFQlrd6rHAqLGsylYlwCcHoTuIyAOhx0xxgivQ4yCrMWPIBB2jjbzgYOcd+DnLA5GRj2YRk5NqUr6K13bRJaNXa1T31utDy2ouNnZN/ctttXbpqtNmi02m6dMEYwpsLnhVHB9GOA3TnDZzwT2I828V26WN4hixGkisi7jgEclSB3GBnOCTjHcCvTrSRAw3BiHOATyMKOGGDuz64OTjv0rzD4gy/6RCpUBAXKscbskKduDkbeCDkHbkEjBzX0OSSksZSV7pbaN9tNX01fl3d2eBm9OKwlRpLRX9dY3u7vRp9ddtbLXh7qdAAu8FhgLzkFmyc85HXn8TkADnHuJkwQc5YAsCc7RyGI5wRtOMquDkYFNkdTggFQqZAAK7uQSw75PY8fLgckmsyaQ7SAcYBVOeWJ5yRkeo9l9jnP6VBKMfKO1r7WWjv6Wv5Ps2fm01zVVoui1W1rW1dlve/a9ldg90DtjVycMSrHupGASvCnIHIHU8EDncxnUMCd5V8kscdMY46AseuMdgeQec7ICjJCtggkck9cDpnkY5AGOwPBMTTkkqSQEG3jkgnvjPXn1zn0pSbV21ot0nba3TTbdPfZaux0cqt323a623+HztsvvNiFx82SAojJz0ZRkkDnnGehOM84xyDq6VKhug2SFDYAY5zgEgk54ycY9VJHOSDy0Up2lCSSo3HcOpIKgZ56EZwcdOlbOmuXkARgG4LY5HA6jJxnA/hHPI9q56zk4Tsr2i2nFu1mlFpXvba3327hFtSguVNNq102tWlbRtXfXTu9tX+cnxkQt8QPERGDuvedmAAMdBjIHGSADyRxwcDyOXZGV4y3ILHO7JHXPI5Pc5IOSDivU/izvfx74gwcE3rYJ+7nvweAe3B/OvMktGmcmTeUjDEtkYPUgckDBz0JwBz3r8OxqTxFdykk3UndPf4tfldW1uno9tD9Lg4+xpK1v3dNtesYXSVrXa0/wAtb6dgk0iIsC722Nn5eBnO5s4ADYwFHHU9GAzft9FvJHX7RgQAhhgBiSOD25zgNzjkDGCCau6TCYVjZCpErAEEjO0HsF54PGB2GM+vTOr7gAAh4DbSThSOflxgnoD6c9K8epXcJWi0tE9Xruvlezb7O7Yo69W9r32XLqm7dbN7bddd+bkt4oTs8tHVWXoowowfmAwPmH1PXgjcMXkW1MMjlELfdXco3YI+U5AGSTjoeDyflyDQ1JHhlcxseWI+UHJOCozu98nbg4A6Z3AZSakUj2XAJdVIHP3d3RsdDgHIwc5yeMURjOqou7j5NWu04vd+V159WU5RS0t0ffor6/N9NXburQ6pchAqQlASQshTOe+QeQTxnIGSfZRzmRaibEidFRnL/Kw+VuMr1XHBIyScEcnJHIrXc6SBghYp5jFSOrOeTn0JyOTyFPGc7ayJHViCwO0K2OMnOcHjPU8hQMnGMZxz20sPp7z00sm03o1fsuj1tu+Z7K4/e1dujTTutLWu7WT769bXvobEuvTTO4LFmdcK5IJAOBjOfujJzwOnygg1mXMwVQFdnLEksAD0OTjJ45OBn0+gqgq4zk89QCCG5PQehIOCOo59wEcSNIGwQOmGJ4YgdgSBxzyc49OtdMacYxVorol5O61vZJv3e1r9iFGC0SV1vpr32Xn5fmyVJndd7mQKpBZQeeePvA5OWPy4GOAM7hmusiS3+xoPLZ3fkHPIGMc57FucDBOc9c1xxVlcZAfAA2g8ZPIGMn2Oc5GckZOD6JpKW9lZRecyNLIG+ViCIQMY4IAHPzZ68+gGVUpvRpa9rbbaKT6a6uz8ralcnMtNH0tbVXVtei1vs+/TWGx0h1CXBVgACoDKRtwSCWPfPI/i9MYJqeWOWCcPvOGCkOcCMkZwBngY7bVUY6nqKkbUHdXS13zAvghgQCMndgdcZ5C88HoCDn0nwP8ABT4r/Fa8hsPCXhTW9W85lRDbWE5iLMSOJfL2EZOQeQvXOKqjha9e0Ywck1dpRur2W/2Vvu++q0ZKhbd322S11Vrrtvf/AIc8/wD7XmL+W6qYcAoqsRubG0sFJBI59yeR0Ga7XSv7X1CRLeztZJZdp2oAZCFYgBQAT82WyQuSSemK/Wb4Ef8ABHz4leJo7DVfiS3/AAiNixjluPtkkQ8qHKs42th2kVScDaeTxnOR+wnwl/Y8/Y2/Z3tYJ7/S7Xx74jt1jZpLlFuEN0o5ZkIaMKGyAvKgH6iu+GW06cl7ZXk2k4U7Slryp6pWTvp3X4HRSwtarrZU6babnUsrLvql8vN2uo6L+bH4P/sMftB/HG7hPhfwLqs+n3MyhdQuLd7a3Us4DO7yqFwqkH5cE44PUD9mvgd/wRL0fw8ltrvxy8cQ2q+XFI+iWDRRRx8Bp4pWmKsxHKsYuSw+UnOB+o2pftCjR7NNK8A+GtI8HabEgjgWzs4InKhSocLFHgOQuMgDJzz1x4V4i+IWu6/PI+p6te6jI7bjFJO6wox4bauQpXHK5XC5OSQTXoUMDjaq5cLhlRWn72reUmmk1aLSimrtJW/4PXGWUYR3xFR4mdtIR0XMmtW7u6+SWjXc9f8Ah14M/Zh/ZrtBpvw48B6NrOpwKAdUmtY7iQzIABJ5kqM+SQGO09e2fva3iX9oXxzrsUtpa3y6NYk4it7PEQEecBB5ZXGF45wFAHTgn5jbVWZczSpbp0O1gCMbTgvzycA5Prk5BOec1T4h+HdEJQ3a3VwACIYV812YDhQFLjqCcY6jmuqHDFOdRTxs5VndXUndX02jd6dLaKzslsyq3FFWlTdPB06eGptWThFObWiTuve5tfJX1bWt/W5dY1TUbgy39w0rljma5laRsMSBksWGRu54yOcngVRv9TsdNjFxqWoQKkYLFGkC4AXOAAecjOeOeOTg48MPirxr4pdYtC0p7WCViFubhPLDIOAwDAc4PTAwOcGli+HV9eTC78Va3cTSONxtInfysHgKozgAH7wwTkEHIOB9Lg8noUlGNGmoxdklpFK3L10srW0eq82fN4nN69Vc1WtJuTTvKTdrJN6PpddXfy1suh1j4y6fbtJa6DZtqF186xlYi6Zzx0TPJ5yQB1wSK84vbn4l+MHcTTnRrCQZ27mjZOCcqgIbK4wARkcE5ya9YsPDekaVEyWVlDDKPuytGJJWBXOMnkHGSxJI54ProSRwujDpIFHzk7RkFQf4sDDbsgcccZya9F5VKE7qLcUr2inZ3aS6Xs+trrbVI82WaU1FOT5n3k9LK2q7Pyd9er3PGNN+GFlDMk+qyzapNkMzyOWjJ78Ek9QNx9fwJ76z0Sxsf+PG0t4lhUhzsHJJwcnGD19D35yQK355FgZElQqWU4Zc+XgHqfTBz9fTIphni25WMttXDKrYVgwHOc855JIIH8ORVxwip3VoxS111lqlfW+y00362uL66pu6Vkno1d6WS0dns7aLZLTsTRw2zWr+VLDEBhXWILuP8R3E8AHO0sB15JPWvKPHPwi0/wAVPb6xos6aB4ntlzZ6nDtRZXUK4S6CkF45CuDkHAbgDpXRiJorossjFZJCxjDbDtwSFPTKngr7HFbdvKylEkk3IfmzvwyAdlJ5yM49ADkkgVoqNCrTd1aKas7xVmuXVNq60002OV4mrTrc0LtO11e6d0lZK19dU09dLvRo828N3epK9p4c8a266Z4kjBiguAmLDVI1OwTQS42lnHzFc7gTjIrsL7SJ0iK3FsskYO2GREIYgEjkr0ABxnO3KjHGRXeat4h+FkXhe5ufiJrGmWlrZb/ss8VxEdWtpFQsjwBSJS4YD5V4J44BNfl38Rv2y/EUdxqPhvwEobTba5mtrHXbwBru6tUJSNmjbdgled2N2c5I+Ygp5nLCWp1H7WH2JJXbSSSV7e9tvbV72T1qthIYtOaXs52XMnazulzOz6Wt5p+Wp966hrWneGbJrvWtUs7C0Vdwe7uIkKKqgEBSwbcBxxnGR1AAr5v8c/toeCvDMclr4XhbXb+MNG0hA+yeZgqCWwGYFjuyCSBnoDx+bGt+KfG/jS73azrGqajLdSswtVkmlG5s/LHCuVCnnCsFHAxjBFd74O/Z+8a+I9kx017CznO8XeoqYdqsRlhG2CBgDqM8k84GXPMcwxcfZ0IuEHFNPW9tPTe2rutPxxpZfgMLKNWr78lZPmaUU7rZO1rbdL+W5q+OP2m/if4+mkWbUjpGmlmUW9i7QjZg4BdSrHAIB5wcgYzg15nofhXxH4vvGezs9R1SeZ/mmmEhh+Y5LNK4O/rnIY8ZxX274K/Zb8N6Q8VzrJl1q7TY7Rx5W1DddoweRk5yc5GWHU19G6Z4CttLFvDY2sNpbKFBjt4kiVApwEZ9u5iOg5yQc8dnTyWrVjCtianM7q6bu946N7Nvbr6G1TM6UY8tCCitk+VcqulrZa6311eid76X+JPB37NM900c/ii/8tSVYWNiMZXn5HcnHtkZAGRn5cn608KfB3wtoEFuLHTYbeYYXzZoxJcuRnkSMp2kdc5wcehGev1bXvCfhKFp9X1KxsRa8tCJEe4f/gIO7LYwBngDjGcj5z8cftV6fYB7XwjYNdy4KQ3tzxGCRtOxApHykArxzycbuD0Thg8A1J8vNpb7UtOW7S1e6VmtO60VynOviVrra1t7XXLa6vblltrqk9lsfYVpo/h7QbY3N/PbKqplmu5UVUxg7drMACRjkYwcg9MV4D8XPjh4At9Mu9FtFS5vFVzDPZkAW8qA+WVdeVw3TawDdTgZx8M+JPiT468aSCTUtUuVjmbJgikaKJFJGFCL8pUYz8wAPHHQDjZ7O4ulPmux8s/M5Pytn+9u+Zhj2wO3evHxmaUpNqCUe6aSvL3ddP8Ah1rY7qeEqJxbUul306aO76Jv4bJ36K59An9pPxxrWiPodveGyjsENs7RMfOuITkRuzBs7gmA7A+mQK8Zv9Xv7ySa4v7iS6kcuW813lYZySSSxBGcnGMDAPJGTxcVmbbWbeW35QArdgsUXaSNrnnGQAcE5HYDnNXNa1/StGEn+lrLM6sSkO2RlGegO4kEdB2z1IOa8l5jThSk6lRKSukk077bLrfm0V9N/Ts+qTnaMIuzirrR7b2XZN+tm1u7qtNcTvclCwRUY85BCIQBtzwU6c553D6YsNrsGmB5ZDFGqITuZgN3pxyedpPGSe4x18X8Q/ERUYrCYrWJW+eWcoJH65bbkNwcEDPUYBUjA8d1r4nWqySPGZdSmY4UyswgBHXC5Cng98cEZ9T42IzaTjBUIXle/M35RWnTTt2b01aOrD4BU43qzjbm0im5NXUb3Tuua1kk9fxZ9SXfxCE6Oml27TvJHIPNkYJBGT1kA4BAPGSTn5xn5ufnvxXr95JI41LUHnX52ZLeRfJjAJGxdpy8jd+p2+1eV3XjbVtTmSNJntInUosNqNoII6EgAjtyOASR1K46XSPDd7rel3ckMTT3MMipHCd7TuJCFdipyTnJAPJAGK8CpHEYiq5VJPld3FLV3ai+qt+C6LsjudenThGnRinJKKvZWd+Xvo7K6vpb8DMbxbeNEbbS41tgSQLlyGuGCnnJDHgAZ74xuIGQKyBLeXsxE0k1/cKdxDkvGpLDJXBxzgYPCnnbxzXuXg79nvxv4puY4rfSbiG1zGpklQrtBYE5bAJUAgnOM4weK+/fhP8AsZ6DpM1nf+KCdQuCAzWqR7kLZB9wCMnr2BzkZrqoZe5LmbUYqy5pJbPlW++tujs+1rHJPEVXyxSbjs4q9ot8q7Wjv1SWqVu35m+EfhZ418a3y2mk6TeTrIVCiKJjGmSqkluhA+8wychSAcqBX3H8LP2IZroxXfja8a2hQrIbOGNiWJIJVtudxwcduxr9KdB8EeFfBdusNpbaZoluoOJVWNZ+uAhJGSxPOSeOvXNUNV+IfhzQDN9iInYFt11OwjgWTncw3kKcnoecYGBya6nTwuHteftJKzcU9L6fenp5pPfU6aOHr1Gm4cqe8nayjprzPXWyv0a2lszP8DfBrwP8PrD/AIlOgWFl5KozX98kfnkKFPmKzDcuTk4JHbI9d3X/AIiaHoSGG1VdQuIUYxynakMSqCTtyQg24yMA8ZHXJr5E+KH7VXhvSoZ4rnVzqV9HvQWFoymMdQFZlPzAfXucgV+fnj39pPxZ4mMkOnS/2XYsTGFhYiQpkkAMu0qemO/XnjBwq4qpUXJTjGnBLorJ3Svpe7erWt9ne6O6Dw2DTcpKpUsrRjt9l6tX8rp9uup+jfxJ/aEsbGB21LXYIQoYrZ2ciiVsHAVirbgR0II7++a+NPF37Uc88M0XhiyVZPMJku7liegOGjzySMAdQCOcV8aTX2sa5cGeWS5vJJHwfMZpCeG+YAk4OSASABySG7H0jQPhjrmriKS4i+xWjAuZph5ZOcZBHOTjPGCcjgeuMYObbabvbr5RurK/or738kcVfMKk3aMvZxeq5ekXZLmltq0rOV09l1K2ufETxN4tlkm1bVLm4DDhEkbys4BKeUMBhkcEqe5/iNUrDw9ret4a3tppFkIVQIzhexYk4OFJ+XPBHtnPuOm+DfAvhO3a4v7uC7uI0LEyEbN4xkBQcgAkAZGD69hj618RrSGIQaHaQRRRxlVlgVY034wScAHjKs2fUk9jSqLkinZPX5KzW3mr9Pw68cJ8925atXu35xbauk2vOy13I9K+F0FtbC+12+jgKFWaHgu23+H1wTnA6EDJJJFdIPE/hvw1GiaTZwTXKbhvZQcnnDbmXG4sAMjOODzivEr7xbqWoH/SbqRmcgqvmEDC5Iz0BA4PAHXjOTV7R5bfUMLcsQQxZpMk5OeFAxk5xtJ6EngkEmvNxl2k7WSu7Ldtpejv8r9L9DpwkKc6sG3dJp20SbUldNWb1vZpS7XOr8TfETU9ShKySrAXfeYIm2gIpwqYzgnBxjHrtBAyea0nVJ7u/sw8hCm4RBEDgnJ3F2HBJJHoSD1YkmsHxBElvqOPL/d7Rggljj1Bzk5B7AepBpnh6YHU7Dy/MO26QseufnHHpjGTkE9Mg8YGdDCUo0HPls5LV6Xvok7vq97art0PSliqjxCpxfuKXLyq/RRV18/Nvr5n3BoGQijgn93yfvLgDnnOc4A5OARjJwK9G0gRDU5sEKBGqt3JPQ7hkcce4HAwATu818GRyTuzFWZFKYUZZgSAcFVGepx93rzyBmvfvCfg7WNSvbqcWbQwSMirPOgQKpxhsNgHr8owTjJ4G4kp4SpV/hxk7tLZvV31Vla2n521d12Ymso20i2u7ulo0273S6XTd2m/V0tXMn2K1JYRKZVIMhBGARg5GTjr2JGQcjFYmozT3FpcWtrBJNcEdVyq7SML7cg8EZx068V694h0rwv4fsYIdU1OG7vw5aO3SRZFzjOCQ3C54+6MAY5zk/P2oeMI5r+7htJDbQs3lxkKoJ25/djGAAexbAxjgY59Gjwk8XyyxDtFcvubuzS8tGnuu1+xzxzlUY8tNJXtrdW1sm03bVO3XZvXvt6S0+lWcz3lywdiDJZhsnZjOcjJz1AznA6HnjL1DxO0n2iK0jNsGTICgl5AO+TkAH3xknIxkCsa4vFR2nlkk3HazIzZRuCQWIySehxz/erk7rxFbJ5hBSMlpDlSNxBVuO+AevQHPGOx9/D5Dg8HTjKlQhGStdtJ3ezaVr2en3K3RPhq5lXrycXNpLZetl02vdreyu/K1S+1u7kmjikZm++QZCxdunA78Ac9geTUH2mFG89nUlRjYAGVcqQWPBOSc4I7e2CvnniPxtpOmB7q9uoFyX2qjKZQB2K9Mnk4Geufevn3xD8W9TvHmttEWXZKSqOELyN2yqqC3PYnj6ZrSdSnBJRs5Kyskn0Wtk7Wvs7L5anG9XfRuyu2079b7pdv/ArN6NH0l4h8Z6PpOZLh4kbGFjaVd0hP8XByO+FOBwOM4WvAfF3xonmL2+hkx/eQzbS8jE8YiRQWbAIwcjJ6bu2LoXwv8eeOCl/qjyabYSj572/Z1cA5YbImIKggkEgcZyCCePefCfwn8I+GZIfsunS+J9VDoN7wtLF5jHooAIPzcgckcDGeWzWGxVZxdnRptrV6aPlTSSs763W6Zz1MXSpp3leSWqjrZ+7pbzXXvfre3zlpXgzx/wCPZftSwz21o+DLc3QZAEZs78sO+So2jqcD0r3Twt8FfDmh+RLqG7XdULLmJVMkfmsecL/EBuwcgtjAOTX6HfCT9kX4ufFB4JIdEn0Lw64RllkgMCiMlWwiBVYjacKF4OPu84P6rfB3/gn54K8BwW2q69DFqWp7UkH2uPziXYAuwjK7e2FB57EAkV0wwuDw9nXqRlJJPWzkrW1irbt731TvdpuxhBZhjGvq9Cbi9HJqSir8uspW0S39e92fjZ8O/wBmP4geP0so9B8MXNvp8jKDNJA1tFtJGFjBVCVAGcnOR6Ec/p/8Dv8AgmxpVlNDqPjq6E8wVJDYWqgouGLGN5D85K5wWDDdzwcCv1U8IeAvDegwW9npemJGEUBXEQiRAFwSEX5Qc9ABk9cd6950ex0mztlWJYTNtG6RlDP7gBQTtAAx3ycdKwxefUcPFU8HR1VrzkrybtHoltdpX30v1093AcMV6tSE8dUVm03FPV25b3vq2rtdL6K/U8H+HPwF8MeCba3tNB8O2OnxoqBLr7PF55VQuWLlQ3PGSeeQOvNe62uhQWRxIPNKYJY4VRkEYAG31DYXB7Y4JG7NexqqEFVjBA80sQgBAwEGepIwQwwB1A4I8+8S+OtF8PmR7m5SXYu4RRvvPIO3cffAY4IHfnivla0cdmFVTl7SXNb3Um9Xyr8mveeq38l97QWX5bRUYKELRje9ldXWunVJJ6re2z27SOCJX3Rru+UHO1VjTnIIJA6dOenfpmo73xHoehxGfULqJZFBCoCu4jBPG3aeoAJOMknPG6vkbxP+0DLJHJFpzCzjVWVGb7zKSQDjkADrz1xxwa8B8RfEHWtaWRZL6Uo4LM4I4DYyCTkgAjgZ9umK9PA8L1a0uatNwh/Km7rWPW1u+/n3aPOxXElCk37Nqcrrl1tr7r7tLe7fRq/ZH2N40/aBhs4JI9Dkih2hwGBDMxBHzBRk7gXGGIHqcZ2n5T8TfE/W/ELM8t7cSySBgH3EKOONo+6uO5weQTt4GPLUMtwQrzvchxhnXcWUkkDC5w2f8B0Ndxpvha9uVjeSMQ22AxYgEkYyG+YE85U4wMk9c8V9nlnD+Hw1owoKbVvflG7XNyq92tF9zb0WqPj8x4jxNacoutywl9iMmuye2t1r01dtle/NQzXU0jtO8ksjD7pZmZiCDw3J9TjOM5GT8xras9Lu7mSN1s5YkJJDsSvAADsexwPu5+8RjJIJr0vQfDFpYkyPGLgtyzzKDjaM5AI6+x9MYyTXXzJb28CkpD5bAltwAyOmAT931xgHHXIzX11HAU4OF1rZ3SXquXS2q/O13fQ+Tr42c20rr+827pNr7Vt79G9tXpc5TR/C9hHbi4k/es+GcsuSGDZAXKk45Y4z/DkYGBW3NJY24MSxqpPyogO0g4OT7YAzn1GDjpWReao9uHFuwRQWKgnCYGMbQcDOB1HHOOSSD5pqXisxPPufGWwkmfmGQRgDBwSc9uwx0xXYqNOm27KMd+zteLu9bW7rtZHHKpOU4pXm09b9Vpon39drHb3moRW5lLPnlhgkkAAZ4wMKcjAbPB6sBk15P4k8Rbo3EMnlsqyFgcgggEAqTnaMg4LHODwBXD6944a3hma5uktoxzvllUZRc5PzH0zgY7fdyRXxz8TP2mdD0V57PTLptTvlynlWo3AkZUISgI6j2POTncdvn4rMKVGE4Xi0rcstZau3R313fe3VtHXSwkpzjNq1lZ38+VvVrTzeui3TufR+ueKUh0y4TUfIaKQkt9odCxXJDSHPGVALbvlweCMZFfLPiL9pqx8A2t9o1rqDa9G8jfYLcOZHsH/55xtyQg7DjjdyBivnHVNb+K/xZuEFul1pOlysSAC8e5CedxGCTgnORnJ4BHFd94P/AGe7a3CXOrB7y4fJmaTMqh2z8yswZs7sHnknv6fL1q2IxMvcg1tabvFtaJO1lv2Xfft7eHjToxs5LZX666J6pb20Wjv0WxgXHjr4tfGGRLeB5tK02chQbctG8iMwADSAIM8/w47Yx92vWPCXwHsrBoJ9YWW81DIkuDcN5pYjkku5PBOeCSeRyCRuteCdPm8BeKYND1aNm0vVm/4lkzIFSGbf8qlsYUDsDwCwwMk19aahp32eO2vbYBjKgEjqSQARgnGPXHHpxxyK6MHheealWblNNb6rTlu7O3l8XTroRiajVNunpp05Wmna/N0ta1/6S4G08G2dhADYQxiPALxiML8oXpnAxgL3BJ/iPp1mkxQCPypNqkDPlr0YHKkKMcEKScDvk49Nyznt0tvLkZWlU4PABZTkknaACdrYyBgAdOARiSwtHdtj5Y3dWf1CkjHTGAMuPfPJGefaeHjCLild2ja11vbtv1erS62PFVdTmlJ3e922r/D08rvRaaPTa/V2htdPlAyojdCUYnIV1HOOSAGbpkDr2yajvddVWjZFHluNr/MMs2R75AzyPmUHjJyMVzM8yw7oppfkLB0bdkk5GVOTnkbiMjjAx2rOubiJAswZuCCqEAgY4yc85yQRjJPfoM5VI2i76Wdo3S05Wt0lrfTazd7LqdlOSteNrpXV1oknG+iWt0rra6dmzWu5ka1llkO0rKsgUjOACMBcA54HOCOeo6Gqc+sRNAoYkMyYjYYAABIJ28ADn0UY9Otc1qerJsctKqGRcKg4w+0k5B+UjrgtwQDzkZrz+fxLDaiXzrmPZEjAtI6hFQnJwxxkAdDnI65waiHLGN0lsvedl/LrLXSys0m9ra7oJyk7KPNZNe8rdUlqkn0adntZPqd7Nq+1BlgEAIC5VuTkAZ4HPQkYAzz78Zq3iOO0SVnljiiVPmd3VAMDPU7cHocgHHQtkEV4f4m+MllbmSx0dZNVvFBCmEYgjfrlnAIIGOSD+Azz4nqeo+KPFNyh1i+mihkPyadZ797hv4WVeWyTgcEHr7VhLHxhKUIrmb6/Nbu7TV/ueuuhkqCnJTnZW6WV27q+n36WSfS+p7L4n+K9krPZ6Qs2p3anaRESYd2cAmVRtxn73U9B3JrzK7m8R603nateta2krfJp9mGErbudrgfMQeoCg5zyMEV2/hz4ez2On/2rrTWXhTTFXe99q0yW7+SASTHFLtd2ZcEsMjk885PnHjL9qf4K/CyWW18KWi+M/EsavE2pXnOnW04wC0UTZDgHBG4c89yTXn18XTiqjq1Y+79i+t2o3Wi01669jejS9+PLGydtbe8leKtf4Vfpe99VuzvtD+H1z9kbVNXuLbwf4aVg0+oam6QzTx4y3lo2JpmcYChQRk85zxwXxD/aD+G/w0sJrXwVbxareRg/8TvUtsjzTKCA1rBk7EUgbdw98nnPwB8Vf2pfF/jqe4N/qs8qu7NDZoxhs7VGDFFhtkxEMDADcHHPOQK+UtY8S6lqszPeXUssmQwDFsMCeTn5QGwMYyRjGBtrwMTmjlFwp2SWlkt9mpau7ei/BbI71TcWlblWl7SV3rG921e2r2kk7bJXPpzxj8VPF3xc1drq+1Oecwu8m15SkEcYblYochAqqSACM9yoNQ61pmkXWmWENlNaNfLiSSUYDs2MssnOOSSMH0B6cn5u0/XLq2t5hbvsM7AMwJRlGMEYBBYE56D344qa31u9tgzi5bOSrfNljnHX+L/6x9AVPnrHRs1OPO5W5pdLaJW7WV07dbedl7Jya1d07x0XKtY2uktVy2v33uuvu+l6NJFi1d1CNlpFO0JuJyAhJIJwAScZ6jkVoaleaTogj2zoQqMXh3K0iyL2ORtByTjBxxjODXgbeJNVJyLqVEKAKFY/N8uAR6dD69fXmojNcSyeZcSPKWxkuSzHdgEluMkkcZJxgY5BFYTqwfwx0eyb1Tunrft0Vrbtao6KScZJX5mtddE9I62eurXe2u2zfe6r48v7lmaz/cNgxAodpKEsMschgxJABPoeTmvP/tlxeTOZpXkllJJZnzghmLKMt9Ov3unJAq5HbKysrhhuG7JDZPTGCDgjpjJ5FattpiS4YKVB2/dUtnPTBHTry2W9PcxJTqOP4dnsu71bVvv67azulZpX3utLJKN1pzNO6tpZNJ28s+3s55FwcsCwOMbsg5wQT2+8OPQ98Z6G10vcAdis44AAIIAOSRjpgcnt1Haup0zw7NdNHFbxktIvACkkhTnA744OeoHU9c16joPw6vruSNEtnaQhRhd33RkEk9mzkY5yCM4xgejSwr9zmjrorX21Wt01po9uzutEZSlpZPeyum79NXbVNvf57HnGmeG5boYWOSTKgYCnPRQo+XoMFT1Pr1Ne0eDfhjNdMkkqO3K7Y2CkFSOQCQCdoGQAQTgDPAr27wn8KLsL/wAephVQiyyyKVDj5SeowenIyAc4yDX0Dp2h6H4StYZJmjnnVNuxkG4Pjnb2bBGeePqM108lOk7vlgrXd76NNRt807Oz8le0mVGm2uZXbX2eutktle199LL8/LtH+F0NlpbXbwIGCgxmZdrBuDlTkADtnOccHjJriofCst5qeEI32khICABRmTA28ZbbkDIye444X2fV/ElzqznT7Nnjtm4CgbSSMn5sdCfQHByDnb16Hwp4RAuFvbpWCPtG7+FmAOCwx3P04II6k18znee0MFCThLm5VpZKzaSd7OzbTSa7aN9T3ssyqrjJwha0ZOz+9NXvdaO1mrJrfWxqeFPD9xp8CNHCGmdEczkZKkg5xjnOD+fOc167ElwLeOO4crIy87iQSoGTgZBGc56AkAAjpUAmitbZERQiBADkYPyhVBH90Z5AOCeAO5rDvdX4cjKgKdjfN90Lz1PXKgcbs4Ptj8xzDiytiNbWdrRXTda66Xbf3dep93heHqOFs2+bZytrpdPZLrqu1r2ehmeKL+O2AXO4qp2DkE5OATuJ6cHqOepzkV4PrOoq3mnzMqshGV+UuxyBkgHIzz6Z4GDnPX+K9WuZWZQ45TCjIJYYJ4HU5wASc4DZ5JBryK9aSdgOdzEgRqxxgYy2TgknsSCScqAO2OCxVfExdWo7rpbVK/Km+ifXfXX5nJjo0qc/ZQi1pr3Wye17Jev4o0JdVmZNoO0KnCgkfQE/LtB44+U5z6k02K+Zgcui7QpIYkFQOoJJ4yME+xIBGDuqyW0hiUxptBj4YgFdoxlm6ZJPsMHJ6it7QvBOta2USysJ7hXAMl06NHaxgDOZpWCpgckkkKSflOCBU4vG0qEJVK1SNOMLt3aivst/lZpb320HhKFWo4qnBzcktk7K6W9ul/Ra+RSj1FmDFQGGRtbJwqAg/MSAM8fLj5snKnGcWLTT73WnlY/u7QK32i4lJWKJcFsgscsxwQBz19BXdy+FNB0GOOO+v01W/IzJZ2J3QW7gYVZJuFbnnG446Z4NcXrOrukM9rEVSD7kdvAdiDb93e4ILkjOc7hu6dQw+bq5m8UuXCrSXu+1knyxVkvdXW13bpfVX0PXhhFQu8RKL5dVC61vZtPva+qSvZ7q7OKum0jTdRjtrGJWWSTM9+y7nkdSQzRHgIoH8WMYLcjkj8/viZcxXfjnxFJAd0TXboJOpOzjOfwIPBByBgjivt27hunka4cSCKV2ACKTITgBURR8x3EADaGPXBA6fC3i6JofEmtROksMi3cm6GZCkq567kb5g3swHOOxAH6B4f0FTzCpUnLmn7KKbbd/ii3ZaK3xbaXS1PiuLq7lg6UIxUI+1k9Lp+7FJfrf5LorfaHwAEkvgflmAimO0ADJyOOVPAyOuO3Uls19FwXLwW8KKGL+aE3Z3KgPC7lBzg84btu7Hmvnj9n+KX/hBHlj3MElZWVegBK7C3ZhknA68H1GfoLTxItvMDsDbQ6u4JKnJBAJ5BORhs5GBznAr+gcQnUoU1a8XShZJc1klDW3dadkrO72Z+b4WfI3K6up372Wjeyvd9OnmmhtxBcNLIXVR8pLM/3jnIYgAA5ABIyMjr9Pp/4ay+P7vwJc6dpXiKK00WIBnjMIe6aN8rIg4LKrdMcZBHRcV80TTSGOdwwkZE2tKxBLnHoxGAoz0wcAZHBr6U+CmsudBntDgSSusT4UE/ePzLngjHrnceR056sjjOn7VxVnyytZbq8bWSdtH2v1XRnDn9WM8OtIttdVdK1tb3e21/LTRHmmoW0mn3kkVzJJOwmYSbsKGYkksACODuG4bgDnpgbq6XT5LeKzVy4yyknPBB+YBRnpwM+4+ppnjlUXXLknYBvYLkYYsRjoPYgjuAw9qwrV5JEaHGQgDMwxtOCfl4IHbqBk8kk4FbZ5JyhDfRLbSz92/S9uvbXda3/M8gajicSm7S55RS10s43drWtdaN9L2V2dNFcxShhlvnOVQHggHAJPTGBznHPrwK8d+KrrHc+HiGYSJdqWXr8o6AnsFHpye+e/ov2kDaASDu/1anGVXv05GR+IOcknnx34p3cyXWiyDgPcbyWOMKMfdwc8kA4zkdegFfN4d2r0kv5o6u+r5k3ZrR6P5a69D6+pJLD1LvmbVvRKzTd0tr20btZaLp538cdT16HWvDJ03Uri3tZNPRjbxM0UUcoG0nkqCxXlSMkZ6Ek1yWjeHtT1G1vNW1i7mh05AG82aQmS7fneig9DwQMnAyMdwvrPxGmsfsXhnUr23F1NPZstqgKny5QAFLK3UkgZ5IOPoTwdo2pXcUlvcy7oTHmCxhACIXzy2FADgElio4JGADmujH4XE4rMKkaFNRUlCUptX6QV4pWV5NK3VLXU48FnGFwuVwrYyvzODqxjT5nJpRk1CLu9FbfXzDTNLfULq3trJBBp4w8xGDIsS4y8hJJLZ5AyQM888jsLiS2hie305AzpII2vGJXeoBUgAYDNjgAAAcYHY52nxCytFgRHRtrBxEWMsjnI2s/JCAAA5+6eOoNe8fAf9n/4tfH3xdp3gz4V+CNY8VaxdTpGiWdnLLZWYmO03F/eBDBbohILtIw4U9+K+3yXhqpOEHUd7RU5zldRjFW96bdkkmr+81He+m35DxN4hUqU6iw0vZpuyhF803L3VFcsXzSbvayjdv7jyS100yE3TR7pXiCwiRSzK8ZIJCg8E8EZA4IxknI/SH9jj/gll+0N+2DdWGo6N4euvDHgWe7R9S8Z+IraW0svswYGR7NJtrXKCMjbJHuG4A5ANftN+zr/AMElf2e/2PvDEHx2/b48deHpdSsLdNSg8Ez3kcelWkkIE4ha3Z1m1K73KFMUSSRk85wcD54/bL/4LuTvomp/B39jXw3a/D3wDaWsujJ4ohs4LO/ntUUwY0i0gRUtkkjBImIWUZDZyc19rgcNh6NPmwNOjXUXarjsQnHA0bON3DVTxVVa+5BezT0c+V2PynH5vnOb1pYatUxFJVEuTB4d82OqqXLZ1L3hg6bWnPV/eO+lNvU/Qnwb8O/+Cbf/AASL8G3viXxt4m8O/Ev4w2VoFhjmey1fW/7VjjybbT7FfPj08CUEJNNFG8Ywc5GD/PL+3d/wVl+Pv7XHiPU9Ostfv/A/wmimmj0fwbod3JYG6slysT6rJA8bTyvGVLoxaPJ24A5r8vPF/jfX/F2q33iLxXrura7rGqXMtzeX+q3k95OXlJc7JJ2cgsS20DaBt4wMmvNrrU44JGLN87naqPnIA4DE4AznPJOOMjng+XmefYLLZTrQqzxeNtaWKrOH7pJL3MLRjFU8PT20j7zdk5I+64a8PsTj4UI4ulGhh4yjOWDoqbhUqSUWqmKq1P3mJq6aOdob8sFuui1DW5rqcTTPyFL4LBjvJOZZGbksxBc9WBLZNcBreuQ4KfaEcAh2YOCeMFiT2C+5yMc45Fef+LPiBp2kJPFcXKPKScRQNulLcjbwTx0C9Mnrnt84a78Q73VxJDbKba2O7Jiz5rL6lx90Z654GeCe/wCVZtxVXxFWb9o5OWr5pNpt2b06tdL9+tz+hsj4MwuCoQhKmqaSilHltZe7ZWW3dXWuj3dz0bxr8UVs7h7DSHE0yq6NIxykJB5AwuNy5A5bOTzmvJ7S9vdcu2M9yzyuGLeYSABuIYqrHlmP3RjqMYAJJ4CWUPO0zbstzyRlmznLdyQc5xkrjAHTO/pkj2skMu7Y8hwGJxsVW4c4IySOMc8ngYHPxWMxtfEtzqSlve13bWyVktkkrfqffYHA0MMowp04qKXvS1u17u7snq9LLTd2On1LTfJjjs/OVQqtOzZ+chiN25cYDHqBjAPI568JqE0KEpASwDfM4GAQTgsApBUjocYPGQMHA09VnlubkyrI5EuRvDnJVfvsee5BI7ZwR1Fc7eMSCY1wTgbz90gA9BjqTkHdjsccLnzouTXvX16Wd9WrdeuiXr3Z34hJtctla1ne+jSbS3136t9rjGmC4ClTtIIbByuR93Azu6YzjHTAPWnyvZqu05chc5wQ29iScjrgkenb5snBqrHt8xWUbxk5VQdzHoc+mPlJHXnPNQMDITghXLFiMZITIyTngkZPTgcjr01ja2tk007LsuVpqzu3993ZddOVLXdv1en3f8D9SbKriRSSwwMgYwOu3pkemSPU57iU3KCEMpJIIHXBAz8pySCQT1JIznB6YFVpFjbHLFgASobk49uAAevbpn0LA3mlkO0ZXIIBJAXkkjH1zjPY881stLWWqSjd9dFtrone7033WhEunTy/O9tf+Bte+loTooUfwD584G7OTnp2xxjknknvU9vOTMVONjNlk2gjg4XHI4JGCP4Tnjmsguwk+XDYBHB4B5GSAVwR1I4984xUcbssiYLL8zcqeVOccAd8c54wwznvUyb7JOT10tZ+6r6+T3d0nom7psUm3/m76aW0d22raWtr6u/UXWoxrlGjJYIDuUnao5AIGRkADgEE+jA4IyRcmTfJuG7OPnOQoxjPOQflGBnpyRgcGJ5izqXJKgbWJwCT1HI4brkdeMLjkGqLt85VemQeAFA4I9fT3yAcE9TUqMY/C+t9HeyTjezu9NLWW34D956vpZacvlf8r+tjVjuihLK7AgsVZSeCfm4B6dcZJz2PAwfQND13Tks/Iv1CuVZonGBK5K4Bc45PQY6exrypZdmAoHLHnI3EY5GfQg4IYY7/ADDFTB2+Ukk5UtgtwOvcAYPQDuD05GazlTjUSvdNW6NpK8fXT9fmXHs1q1q0v8N7tPsnpZ7X9Ll46/abiWMk5kcryuCrEg7iBgEjIPGOMccEathrAtbdlEIeST5Y5Mn5RyF3DJAwfUZI6DpnAcKyq2WB5DjrxnOemGAJ4B+Y4wRin7ECbQGIJUmRV5UduwHIwAc5x3Hy1p7KPKouzSsr366K91v20etnq7MlXesW1Zx67X5dbayd9L2e7ett547x0n8ycCX5nJBYfMWJIzgkHgkknIJPJ4zU7XdqrxyJExk37sMdoXtgDvjgjrn65NZRIDZPIXOGJB4UHOMjGD745H1NLGTuJIBTqGOehBzgD09+hGBxtpezXbS1np0um3pZ31T5l27iSb26bpX0ty3Wz0TW3Xvubb3sctu5dy8jNlYQAu0sTzkAluMnHB7cg1ksyqjltwVn4Hfcc5YHqACRgA4JPIGOKzOVZs9cnGAA2OQD8pOMkZbrk9CcUm53AUAttyxXJOcjlucj5eT04zyeeGk42stfP/t1We+9nt0Vr2bHJ8qS+++9tLu+jvt17va4hZeTjJOSCfRsYAGSBjkjHPbPANM/+v7dj9fy/wD10uCc4A+XgnOfyPGcj0z0JAHNIQeMjr2POducA9xgH06A8ej/AK+V0vzsvWwavbpuut9H1t0/4KeyQHuMHtnr0Pb/AOtwQBnNOU4Ppx7kZ56ZPXqOucYznrTlheR1VVILE7RkYPXr2xx9fxppjaMlG6qdvfGc9BnpjkZHHB9aV9urbStr3Sf5+V7qw1e2t7/K/wDk/wBRwLKRtPJ4HA7nuDgYU5GOMnHA5y/cQV5C/Nz3wRjqD/CevTH12gmEZ5I4IGRz+v16Y6EduaDkbWOTn+6QR7gg/NjJ55/PnOkXsrLVp33tqtFa6V+r66a23lx3d7Xa/Sz6X1W1+t1ro7G9SzKQRkkJnjrnJ44HfoB04pyt8z5bLA9cc88d8A5xyc8DJ4GM11LbskYHHU9hyWGB37HGPp0pQGyWYZL5Kk/xE5+YdwBz3GCPampWaVlZt9NbJpr0vdct1u9Ff4qjHu9e706r8rfdctiYqocE5XPc8OOASckEg8ZxzjAIzTGfcsZYgbh05ycevOWJ9T0xkEfNVXlOMAluvJPP0PG5RxtwQDwQR0TJO0nJJB7DII6Ae56nnGPcHCk9r31W2qSelvl3XTXUZfikAYtFnOMAHgDjkkjrxgYOSQCMEnFdL4X01tW1aG3fm3MsbTbTyUVwWIOQSQSxAGeD1B5HLQpJswOFIz7kE7QFHOcn2Pv8uRXtfwn8K3Oo6rFNK/2a1TZcsxYI0/ltwoyR8pIwcdDzjgVwY+sqOGqT1bUW0rO7e1kld63308zKclCDd3dJWS620f5b2uu+yP07+H+qeHk8P6Homo2Fla6bp1kjRTGCJpLm5WJWi8xSoxkkZbBPPyntXk/xk8Iap43ltNQ0nTVuNRsJoobeDTwsay2LsAktzgL84zgnnjHqa6jS9RsjHaStAsVpaQK0b3IVBeTxqqbiXAIRTyB3HUALXGeK/EOp6Pqy6lod/cXpuWhe402wkGyKFCrMGALEKeMEDAByccivx3D1cbSzGtisNUmnOcpWqSbg21H4uV3T6JWsrq/n4bxM/aOpGS1va8lZ7LVdXZaJd9ejf2H8L/hPe+CfBmieN9C0zT28Uxrb2Wpw3JS5upnmYF0hhfcFVEZo8gHJHXIBHvPxC0vwd4t8HpBq2iQaRfNYz2erTIy21xJeXEbhQWcAyBXYsVzsQHGc4B+b/AnxR0rX9Msnhh1XQ9Q0mwkurxBLJJGbyNSY3JLEDeCrNz/Ew9x5pqOqfFn4hpcXNkzapp9hfSTXECyDbDbeYDmZ1IJldeFUEtgjPA4+YrVc2xWYVMRi8Y6E6NZzdSdWSp25lFKKfLa7tonyu2z6fPV1iZV5VXJ02pwm/ebirSjsrK3M2m1ronbs8fw1/wAE+tAutTgvde8QvFoWoi6uLG4jngInmZmZbdhkuI1BCOc73YnBI5Pp2s/sv/s5+H9St9P1nQmtktNMWxFyWn8q91CUqpu4l5dmUncd2VIPHQ1yE+t+JPB15Yw+JtcntI5I0l0PSba5a5YXDEFUcbiqZYgFTgjGSOOZNf8AFt/rkeh6hrusz2Gpi8eCR7yNHt4bc/IixrgqZApyr4yGxjnk+liM34ixFag45vNUHeCeHsk4paNJW5m3FJyvotrbGssfmcpy5q7VOOidNcrV+TpZKV91Ju9rryPgv9q74LeFfhN4vtLbwHdXmpeHbyyhmuLydQEhvJh5ht1KgYIHABAbA5XJwfkoAjhuedoPAyW9z04OMkYweK+r/wBp/X9Ok1mDQdLl1eWK2Y3d1dX8rGK+uZeQ8IJAESgjaRxtxt4Br5JMrFeWwATgd89z6kY4yPbPpX7TkdWvVy7CzxM3Vq+zipVGrym04pSb0alprfva+6f2eBqTqYajOd5TcYpydnfouZK7vbdPVatX0LUVwYmOAC+0jJ+XOcZ4wQT1PT8jmpWkZmwGJ9BkkjJGcjJyeeNwPc9DWdvwfmJLYBAJ5wQOhHB28epIyCD0DysmFOc5IAwMDsVzzjPJO7+I5J65Hs8qbV1d+j2S6brrt0XfQ74ydlpZaJK3pq2tG7Nt/f1Z6P4DkV/GPhkdxqtsMoNvG/H8OBng7u3BzX7SeGJF+zIvzqvyB8qcMQgJ2qex46c5J/hyR+JfgEyL4t8Otnk6rb9Odo3YIySc5x1OfUEcE/tboE2bZDGCrqiMcHGPkGSTkd+RnHXBBxmvruGU3OsnpZrTq7pOz7t9u/Tt8RxnNqjRstXd9mk+Td/N9du+h6lpAUMsinJzgkAbQCADyc4YjOCTnnjoK7dlQQAksAGyo4B9BzxkgZB4xgYx0I850EzFkDFmycgbsEgnLEhcDjAGB6nICmvRi5aM7yoAXCoTkbWB5zngn5QMn1A5NfcxhZq7W9kreSu1+T6vrufkOIqc0ZJ3SvpdO13ZPZWWz2+6+/K3wBO4ksN7HYwGOnUcAgjjoABw3ReOTSREuWCAhP8ASAQwypxE5IwQSPx3DpjJrob+dVmPy5UBkJRvkJbdgkcY46HPpkjvgoMSO6khdk43MONzRsAScjOBznvzkA8VjmsWsDPmu4qDsmrauMfW+vSNrrvdX8bKdM4ouMWm6sW5yas1zRT6LX7+qPw5+JkAk8f+LGDFVOu3vzAEkfvGwF7jnp19So7eey2wDZOcDCZHQEnrgcnjnJ6d/b0v4iwSt498Vqo3k63fE4OBuLkZ6j8ecgDCnAweSSzcb1EbPJkYKFThupAzkcZIP1A6V+N1KzUpJpKzldLTXa6u7W67Pqr9D+rMPGl7CldpSVOn1unaCvppb9dku1W2SNDHGFJjYY5B5k5yQQPm54JByeRjHIt5kBWPDqjMcMwJPU49QEJzzyB0XGM1vWWkvCvm3aAiJQqJj5gW5zkddpI6n1/Do4dOgaOMNHtQYfcVHmNnJ7Anb3ZeNwORx18+rXV1dtWtZ3a/l3Wi01s0rW6aCniqdN6JdE0rv+W11Zaqzs/V20OCWZ4CAuGMn3kJ6nt8uTjPCjjjBPHOIxYXepXB8m2kllVdp8tW5zgAY7YwCGBwTz06emR6Pp9rKJpEWZnYsqSIu3awA4PJOOSQcHORkZGNqa/srGDztPSJJEBX5Yxuxj5t/GCMZw+Og68g1g8VKOlODlJ28k3Zatu67aJKye97s4qmZvaK5r6K60b00TStd6W6a9E0efaL4CubstcXpa3jhwHLEHBOdoIHtxuYcc7uc57K0sNI0VZYwqTZXLTYXO7BA2EcAAg4JOeADwFBzNW8S3Qi8uFiDNGgkWIYC84LPnGCeh7A4AyTXPWuoTSr87qYlJAXcDnAztBwxYZH4E5ORUyhiaybnLlT+zFK8tN9P+Dt5XOOrLFVNXJKN/hjfrZLm3t10as2+uxvX0VtqDMpQ+dtXyAM455I/wC+eQDz755HDXGn3tvcvG6eWxY/KyqPNUnGOTySMDHUZDdq6W11KOORpZSskkbfIFJGxcEEDBAJwevIHbrWrdx2N8sNytwzzh9qrtLENnJXJ4GPuhgcbsZJxilT9pT92Sk4tdbKSSS21dle6d7RtZq3VQrVKMbS5npZJdH7sbu8nfVLsu9pNlq10KYWkUwhjjaWJAI2yXYZwWG4cluuc5IB+UEbT0VpqElvayQyxqzWwVImK5ljC4G7uABjBwBwBknitCW5ltbG0TMYZYAEaQ5dWAG4t33E5wBgc8E4wKlzPZxW8twTGhmVVkD8SNuGSw3HHOeAOCADxXG+ao3dczTtFWtstVZaOztqrW6bWPHqqdaVmna9lK3vPRK1rXSvaS2T17tvrdAlE0Edysiy+U42oFJGH5IkXLEAk8DO3OPmHKm1qs0paS1JhVpiB2KorbiQeT1PTcSODznr5zo+rXFpN5EchRJdwBH3TGOAG2ggAdc8nOAfUdXLL9uaJIy6OiEvI2MMhx1OeMAADA6kdziuWdCVOak73tHl1SSbS17Wv383fe3jVcFUo4qNSLfKkrarok2ndW0e+9k72ZzEVhqWj3kt1G7xKk3mRzW+Ffr/ABMByuCAOCOBweKv3vjDWbwLps97LNbbwy+a4OWOeWz3JGNzbRnjIPAmutZjtUNtMqrEu+OS4ILBucggcBj/AA/TJAPVeR1CW1YRzWnzN12gY3FjncOQQrDsTjPQYPHZFSrcspwTaSjGTTTulGN7parbXfTR7M+5y9znSjKoley1V7uzW7tqrJO9tbardD7+SNGjcjbJtZmWNtxd2/vAH5RyCSBhiABmqLyK1tLJGXCkAtuIUBj1G07SAOQc9ME46VhXXnrcqSQHkP3NwyoPIBBPAA7j0zUs0nmW3lgg7Dg7TgttyMkHA45A688ZzXZCk4u+rvtpra0U7vrpZbW89menzXdve0srXS1Sit7eS1ez6Ld7NnqC28tvtjUlmUPKGOCAc/KAByAec9eQMgmtfVr9buSKESFInZiWYoWJfDYOCMDJwASAeFwMVztjAAiuCHZCrCNyPkHC/MQcNg9gc/mKuXkcX+t8xY2iY78qpBLY4A6HbznB5A6Zwau7umoq+yvv0t8PRtbb9Xexn9WjVfM0ly2eiTWnL3te3Ndq6s723Rc24aFSdi/6pnOM+X0yqk4BXGeR3GemDoXUtsLVoIMttwiuOAQSQzEAZycnHpg/d4rnLR95kDMZRIwSIgEt35wc4UkHJ4JIyGzyN60iihBM5AebiIMOE2HBY4yOvJA/iyB0GbcpPV6deVdNV5u9nute60E6MeXVRkvhTt33srWsrW1vf02IYBaPalWdLgtuVvm4crx0OccjkgAHGQfmJ6sePtW0oGGW4a4lgKeSsjMQQRgBjuHUkkgg54GO1YEd5HcXZVikpAWJZF48sdC+Acg9MZPJOOxxqX2k2ksEc4aJpIXBl2q0jMc5GR82Sen4LgZAqqeNnQlFqcov+7da3W6vZXvq1+TseDjsswuJTVelTqRa+1G9rKPLrK+lrK+3lfQ9O8OeO726EUs8wgnYCQRK4+fOW+YZJIAz7g54xiva7D4l6jZpEMrJECrblUgKGGCWxyQOQARkE5OTmvitnksrvdGsiFpsAMf9WvGCO5GTuCDB5GOdteyaZfPHpNss6OZJtwEjElX3HBBJIIwW4yR+oNfVYDiWtgFGrGq1NWXxb/DolfXo3orWstUfjPFfAGW4+ck8NSVKV01GMb3vG6Wivq7XTXz1Pr/S/i1YSRxm5mjWRcbiSVZeNx/3sgf7pwOwOPUvD/xLgCpPZ3I+WTeQGQBuc7jH6AZGDu57Bs7vzlt3Mk92VkeXYuAqsQY8BgpJJ68kHkk98g8bum65qWkLGzySFnceSu6TYVDYxn7mePXoeOa+1y/xUxGGSjUq6prVSaabtZvXV+jWlt72X45nPghg8WpLDOUVL/l1NJqSstNraN2ulrayWh+w/hP9pbW/CsQl029urRxhln068nsbhWJBBDQvGPvZY43dQvQCvsH4Y/8ABTH4yeGdQ0q8t/HWp3cmlRBLez1mQ6hEMEYjM04d9rKSm4HbhmFfij8PNbtfFemymS5C3dtlZVjyzQvkqCwJIbI6njBw3oK6G41k+HL5IbuYPFt5uApUrgAgkAYbCkZbPPY8AD7/ACfxSqYicFVlDEU3ZONaEKicZKN1dpyild6X9Ve5+KZ94E4bLfauMauGxUm6idCpKjJzjZxa5ZRbbeulnpuf1rfCn/gsromvW0Wk/HPwDb6pZTbY5b/TY4bi3IYqrvNazq6EeXlmAUg8BunH07Dqf/BLb9q+z8jVbTwdour6hgOkkMfhu8ildSAxkjEETSBgCxYkbgM9Ap/jR8PeNoGQyRapiNlJUb2DhcnAVSewzwRkjOc9+1tPHf2SZXS/XqCjBzBLu4wykEHIHAA57nqK++pZzkWYQUoVZ5VVaTTwdZwgp+62/YyvTtfdRXTfe35rS4c4kyGrVUFHMqMm26OPo+3qNX+FV4tV4p9G5yS6dLf0s/HL/gjl+z3DoH/CZ/Bf4tNbm+1azsYNNN3aaxZJ9umRFlha2eSdvJLqNvPyLnIIOfhL42/8EbP2r/BV3eah4Sl0n4oaNBaLOTZstrdmDy94UQzkM0iqSuI8nIGAMHP56+E/2k/Hnhme2GmfEPxTpsMEi3NvBHqVzJbRTwkeXNHbvK0JKMAeQRgHGcV+oXwL/wCCtPx78M2kOn6n400nxzZqVNwviCCOG4EERA8tLiNck7TjliMsCPUdlLDVK1GEcLm2EzCcpy5qeMSoTlC8OWMZ0pWcopSXvRd21ZqzRVTOcVl9RVsRlmOy2lCNNc+Xuri4U5xU5Tk6eJSbjNyilGFRyjb3W22j8ePH37P3xW8BSyDxv8LfE2kxx3DxCeXRL37NCyNtbNyITE6gKSpJwc55OBXk9/o9jC720lpMZGAcFY2QxhfvF42AKlQRncDnB6YNf13eBP8Agqr8BPiLA+j/ABl+G9lYwyqFa6+x2Osab5+MNMI5lllRXOS3y5GO3IPUal8F/wDgmZ+0/FJqFong3TfEepxuiyabex+H7mF3JVH+zFoIgwLD5cc47ZNKWBjQjL63ldWElJNV8OoYqja0Xq4WlZJJ3adn5M9zDeJFapClh6ebKV0r0q/tcvrLlXw2rx9m5LRq1Xole6TP44ZNL8PpE6zpJKqRvIJljdZC+DmPIAyQckBeR29+PNnEVaWzYq0kpQK7uJFG4DbtyvA4O3B6AdM4/qQ+JH/BD74d6vdRw/CP4rXdjdXKTzxx6qINS0uIOC8QFxZtKQoUEnJzgAcHp+fnj7/gi7+1z4Re9l0LStE+IGnQSSCK70e4SCecKwJkjinZZGOBtLZ3ZyR6Dz8RgMqx0oU7UFK17ySpSd0klaahdvybbve2rZ9vkviHjcsg6zx2JUG7SSlKqoyi4+5z0eeCS096TSfc/HeTwxHGGZ79ZPMQEqyrvDkcAEjIUY7jPOcYC7obDw3rWmM62kSyQybpmLhJGzghW7hT0YEAlT90+v1f44/Za+PPwxup4/HXwf8AGNhFbZja4/sm9nhDpxu+0wxvEQP9/OM+wHiv9nSwXDxzR3enSorRy214JoWjK7txcMF2Mp6qcFeBt6g+BjvD/LsVeX1Gm73anGMb9Lttp3TTdrv5paL9MybxwxsZR9jmjaTUZQjX5mn7t005ycfNO2/S+vSfCv47fF74G/abjwl4u1+wF/IoutOnY31gyBiQq285aNY9oxhF4XAHIyf0p8Df8FXfEKWWlWPxK+CvgvxZY2UcMVxrFhFHa6tcBFAkZlZQgkYA5yOuSMY4/KeTTr0vDObu2u9qFRH56sm0MTkEsQxCnBUg4IPPatKGEXUSrcWkNvGj8S2yKxP1C5+XOM9C3QDGSPh8f4SZZiHVkqc6M3ZRdONr2tbVXVr6t38ul1+tZL9ITM8NGFOpVp1qS0cal2re63dyv3dvu0W/7I67+29+yn8ZvGXgNNd8Max8OfClss8HjG0ntLO8KpcbRHc2lwkbTKITksoYcHCnjFdf8V/h9+xzL4b0XxH8DfiUPiZc6/qJsR4SuL63tdQjkuHVYxCJCJkKFgFDrguCBnHH4f3NtZzWM4JhHlLhGaALIzAt8rDABVsbcYYnPHGTXnvh+S9tNQlv7GS8tJ7WcypJYu9ubeaNt0UsTIQVdWG/IPBGM46fj+f+Dea0sRKWX5riKcptONOaU4WVnorpq61dunXW7/deF/H7IcwhTWYZbh5qna9WFTkleXK/hjdO26+67e/7oap+x1fw+TLbWnjnwZM2nPqCfabZ7yxJWIzBWngDII8YDOGCBRkkAnHwT8OLvxbF498aWlomn39pok0thqBeFLj7c8UpRJGZQzjdj5znA6Z3V5VB+09+0tbQpZWnxd8ZXlk8L2jw32pTzoLKWPy3tk86U/IU+TCE4GDjpnf+A/x5174L+IdZ1a08OaR4rufFiCDVbPXI1ZW/el5JIXAYrJIS2WDZLNnJIr5N8C8W4GlifrEliYpRjTdOLvo9Xa122uVKz7u+qS+8XiPwNmmKw0Kc44Vu7nGrOMotNQdlvZ3srLTfR6n1Bez6FfceIvAgtRyxutCmcyAgAqzozmMc5PA4BB5OQKdr8P8AwNq7MmneJ7jRpJDuhtdatyBk5JUyRqE6kBSTwAM9DX1D8OP2uP2SPGWt6dpfxd+HOq/D2xMCxXmq6C0d1B9uKAM7Wx+d43cnIIyBx1xX13Y/CP8AYN+Mds03w9/aL0jw3ftvMGm+JbeKwid1BZC8s+0qGJCnBIBDEHPX5erh88wFZ0qlOvTldJc6lbeOq5layWzWjat1PrlheGc0owrYfFYaonsoSim23G70ffTVbppW2Py+h+DniS1jMtk9jrMZcsktldws2wYP+q3B+RyueCTjJxzRl8I6rZM0eoWFxaCJSWWaNijEHqXx0O3IyWHYY/i+t9c+Bl/pPxAu/h94J8T6P4u1tFF5Y3fg/VFmt76zySrRSiQw+YEAZ0BByMKMZA37z4NftD+GlaDUPBuq3McpVCdZtEkiMeAURpyrCPcBwxYFSQw6ca0cwzSKj7SEZqLs7xcZaNfE1p3Xa2l97cGI4RwE25UK7Wl7XjJNNK1nporXtf8AGx+OHi7TWX43aQrfNEkcbNxkcMQODzkAAg8+/JU19E3LRqsihkVNwCHODkc9MqOo2nBByQRgGsH4raZdzftC2ser+G30e6tHttLurHS18zdeylUjCIgLMzls7VU5ywJ6E+0eLPhVqmkbIbuK8sxJCLqFb/Try0cBgHCb5IlVzjqRuA67gOvsVc7pUoUY4lOnKcU7PZNW080uittvq7nztPhXG1ateWFTrRoya5rpNpWtaLavfdLZadtPFbK9W21JmLkFg21iwwQvTGOSCMc5GcA4O7jrkmF4sjICVyCqkFgSwzkk9evXJ9jzms6Xwpcq8crpGGY4EkAMjqobGXQLkEjDEkHAJ5G2uit7Kzj8uGTUYLdioGxgYyxwFyQeh3Y4weeSecVEcxoVWnGScXZq2vxJXer89UrfJs5ZZTjKblCpRmtU5OyWq5be7K6fey0fbqU0aL91G2FYFwoUEMCob5W7k8EEtwM8Y4J7dvDNtP4B1rVbyQNNFDK1uGjVlVdrbRh9xDH5SwOMHIyM5OEdG8yRBBJExb5AYnRmkHJ3Y+9njJIK+ueDu77xFA+n+A9ZRWkMaaZK0u5SEEoU5bngtzk4yCDkgDNevgp4eopOTV1Dvaz0S0XW/a3o9zycbTr03SUVKL5kndO+vIrtuzbVr7K/mrI+PfhZ8PIPEdlrWpX1tDMW1GUIsqjIbzCQVKjI2gYIG3k8kZr12L4c3OlTieN76zUAEG0uZEAVfu4QMBgcY4wfQHBOf+z7dn/hFNTuZAW3apKqk4KZLkA8jPHUlVzjjuTXtt7qvmq0TIVCrsZ13EAd8deQM4789OgKqNXvG6XnqktF1d+l1bXfq7irU5Ti03e0beT03s9N1sm1qn5vM8P3vjOwvI5bLXXm+zR7Bb6jBFeRuuMbXeUMcdAcDr3JBz6FB4z8WWV2r634S0PXrZmL+fZKYJ0B4yoACKSAcdcHoccDg9MuYYNQjVS/lPIm9ySfl7BlOQDzjGA3TB5xXsUepWixxKiRNC0YyzLtwW2nnccEkg4O3k7sEE4PRSm5Rskk1yu+uzcdNLrZO7s2nrdanymYYJK85RjZyTcWr/ypNNX3a82tLX64x+JPwzvZ1tPEejeIPDV0x2vJLD9ptVZ252CNWGBjqAdwzgngnM8SXvhOfR7yXw74ysZSrIkFvdtHayoZGCBFSfa25lPKoBjHbGa177RrHVn86QIzj541aNWUgHjDHORj5sY7dc4x8hftL+H7LRtF0m/sYxFc3OpxqskSmLeocZJKEDIzkHsdo7iuqgmm3GTTe3K+yjezvb/Fot07HPRwVKq4rldOSs3KLuraPy8rt7fNn3f4JtPEOi6XpsmhXV6t2tv9r8/TrwhWZ0BIISQAA/MQcZ9j1r2bQvjf8UvDdtIG17ULiVwc22owLfRsd2TGTKCAGGOT1PGADXwj4A8PanbeHdDvtO13XbW7vrO3YlbuV4k+QEBYy+MHA4OAAB716fFr3xB0EwmPxBa30abg9tqdrE/mFcfKz4LHr8xJOSee+O+NacLNt7JK+9+WN9bpWsu7X5mksJiacr06zSUlbVrXRR0vZ72uu979T61vf2iodZ0+S28V+ENBvZtpWWSK2+xXMkg5Z2khUIXP3gTx3J5rhrjxL8IvEELQzRa/4el2MZXt3intY3I4HdiowQc5yMDknFfOeu/EXWrgwLrPg3T5oVYtLcaTMUeTIBLqjEZPAOCdo7AjpyknjXwQ9w730uuaBKx+WGa0ea3bI+Zj5KkFRkHnAwN3XGdqeLnG0dVHa+iuvda0a113sndbbMtV8xwk4rmlJWsmm3Fq8d0+vna/RXsj3O/+CfhTxYJR4c+JOk3st2paGxvw1rMpLEhDJJtUN82MHAJAIz229A+CvifwpZpZxWFrepDIrS3unXcFyWDf3hExJ4HBIGckkYwT4four+GpLsy6X4n0q4mdA8UN1JHaOhOMBfNKHPtwRkE45rrr7xZrPh23TUrbU5jCknnTHTL95I2xnB+RyoGQQBkegUg5ruw2Iw9Oo5zpxcm9XdbPl1vfS73tta11qaviDHJOnUj7sbaLTdxVvtPW/d6feer3ukS2KtDd2VzA2SC9zBIqsvAbBwQNuRtKgAjAPByeJ1rTbGC2uN9yrYiZlVSBhxyo28dMAewFZOjfGLxfrkM4/tJpIY13QQ31pHOzBsYRncFgCMDJ6k98k12kHxE0qeNbPxR4O0u/ItiLia3mNtK+4cEJHtG7AyABnkKcDOOurmOCqqUYuMHL3Una19E29r73Scl5ee+FzmCnetFxtqtXJPWKfRO+7873PjaG3n1rxhJYuQtstzGdgweAw+Y7eoHUnOBzzgZr7y8N6LZWumWXmSEy+SqGQEhTGFwAoB24AA45HbJxXNeHfB/wH1O7TVY4te8OavcylTKzLdWUSnPXc5IwPunuRng5r6Qt/h1otzp8UPhbxlpOott8qGG5l8qV2I+VcMQqtnAJXgfjmvPVClVVueErxXVrRuO26badmls7eaPosLnmBmoyjOK21kuV3bTSd2m9fxd/TxTUdL06eYTRHylAxGwXIkYA5JLDcAcjocZxnqc85Lemxug0l0WSABoEZm2lwNxyRkj+o54XDV6L4w+HPxE8PWEki6W9/JG7Mj2UsdwhVVJztjZs5HQA8tjAzwfmLxDP4gsHkn1q0vrMTowVbi2ljVJegwSuByRgDk+pbr4OO4WwmMcnUw8GpbpxTVm11V1f7tlfW59nlnEVSi4OjiHC1muSdrW5db3Wq9El2R6VffFbUbeaO3t5pGkkZQ8kbs6ooA4APy56np0Oei5r0PRfinqkdgga8lMjElAJCrsxJ+aTnGOcANjI5xtHPx7pkVxdXRW2n3qjrLMzgKVDYOME5BHXjPHvg16hHL5UMag+YUOMqeTkDJZuOQMjr1718PivC3KcXUlKeDocrVn+6ir6q97LV2b1e/fqfdYTxDzLCKHs8ZVk7K16ktGkut03ez6dVc9t1/4669ounXMn2yWOdYS6ybmdmYcqgALYAOBkZz93mvgb4jfFvxT4q1ZrnVr25eBvmjWRR5QbnOCAFwME/KOO+Cc16d411dBbOqtgkeTmRs9tp25J56n5gMc57GvBtXs4r4CBIpJYo4nL84bLKTgYx6j5QT0I5HA6cl8OMmyCs8Vg8HRp17rmaprm97lV1ZK1lfy01Msz46zjP8O8Ni8XUlRi17nM+Vq6jdrrpfTq1rrqcZpXi+Y6ldQ2sjHeTvlRyQQp+bKhskYyOnO7vnA9n0DxBLLGrFIpdoKI+cMpJHAzk9QQcHjIwcAgeH+HPCka6yU8txGZC7lSQdrBvlJBAIGACAT0xjtXu0HhaOO0H2eV4GDZEfIbn5ixI9cc8HGeOTmvvcPCtTSstFdLvZ2fqunzvpe5+cYihTdSUlJJN3b0er5d76a7a682utkd9YeIkRPLuhHI4ILb0zgFSSC2MdRkHAxu5I4zuW3iawMgDpD5BCgAjKlgATkHhucHgY+X6mvnq7m1CwuXUyGeJ5gpOOAAenJJBxkYzjrzya2re9fCiT9wh+YEruOOdp4z1P4nJ6ginKdRwnFq6/HdfLXddflcwp0EpR7WsneMm17jWqv5btaWR7/FH4A1CaQeIdD0K7gljCvJPZwSkl8YySvXHGN2T1z6/SP7On7Iv7JXxl8ZxaR4w8CaW2liMT3TWEotHdm448sqV5wcLzjHTpX5satreoSQPHZFWj8wDzgPugY4J4GAByCQDxXtf7PHj/XPBGuXWpPqVxFvaNYW85kQn5SQQpyASD94cDG4Z6flXiZWzWHDOZrKvaU8aqE3RcFaSlZX1s3Z21a1uu1j7/gqhhJZnhoYtx9jKdpNqN7NptvmWqVl1V+trI/c3Vf+CI37G3jG2a++Hvi7xr8PL4jNsNP1R7i2idVGw+XcuQACy5Kk4AOFwTXjTf8ABHH9rf4U3d3qPwH/AGrbvUbYq8lpYapf30Fwc58uN/LmWEAEhdxHJIwPT0T4XftZao9tYwT6g+DGqvIpO0EBRzyS3QkkcZLduv254a/aejeCLZqTbtoyyTEn5vVdx4XGAAMKPTJr/M7O+MuO8orV8Nm2W4nF03UcpVWoYhSXMtFTr06rV7q6i1u7Wuj+k8Pwni3TjWyfNcFWptc0cNiaUNvd0TpzhJJbat26+X4/+JtP/wCC0f7PX2p7iwuvH2gWyN5lzbSQan50a7sssSNLcAsozjZwV9yD+P8A+2T+1J8cfjt4t8L+Ef2g/DF74Fk0jKQyXVjcafAJJiVnmaG7VGlKbSAY1KKTnOflP9pv/DSaQWJkm1SKZCmHE5Xo3TJZT0PqCCRk8YI/ll/4Lw/EbQ/iF4n+GsOj2emRXenW93JcX1rBDDdTeaMKs8kahpcMCQWIKse4JDfrHgXxdgM54twtB8NUsHjJUp/7dHCvD1Kc+S7bjFulJSSa1jGz6XsfnPirk+bYXhHMZ49YfDqSpwaw804Vm5R/5dzi5RcbX96c4qzd97fnJpHw++BV1dWOqWni+6l1O2mMeo6YxjjhntlRTLLkkbDISRncQvBUsQa+O/iN4o0vwP8AEnUpPCdi0XheK6W4hS6Im87LYLRkgqd3YjGc53cDHo/7P/gtPFGsW41gTtBJMwuWjDh3gJI5Y8bCMjI42g/U/XHj/wDZY+Fmqvp9xB4pSzmuW8l7KVElEKZJQszFmGD8w4GTuXaQQtf3RkWBVTH1K1SvKpGbVoSUVGMnyq9uvRNW1erR/nthuE6WKzStWrKdahLmbTiopuXKrys1e6dpcq6OXdrxX9mP9ovTPDfxL0/WdVvpNI0e4nhN3HJK2yeB3VZImBP3SgIxjCg55A2n91NR/Yq/Yv8A2l7u38beHvin4c0TWPEGlpf3GlWlxatBHdtEDILoXJ3+eXLZOBhuBtCgV+Pfg/8A4JyeLvitrk9r8MtV0q5fTkDh7iRlimYAgbAMjexAGORz7ce/2P8AwTV/4KD/AAotvt3hzwYdXsJoWcDSdTXe6AcGJRJvUsvREwecbQBWfFua5bh8RhsFh+KMLkWNUleFSdNRrJNJxnGokrPa97va3Vf0HwPwxHLMFUUOH3jsJU0VSnCV6bTjHRwT/F6WWr2OG/aP/wCCZ9p4L8Synwt4i0TxFbxo5glsPLJKknZuZG2+cQQcrxng8fe/Knxn+y54+8O6/LDbWF4+55Uj2qzMuWYEvgkAZztORuO3rX31471v9rr4U6pNaeOPCPj7RvsYYSLPY3l1bIwGCwmkQqVGWOSSOC3XC187t+1P40s9RuHvoZLm8DyI0OoWwjdie4yvBXOGzyNo46ivs8lqYbNMvp062IwmMqKKjLFYXk5amkbyfI3ZtpdevTRGGeZZy1JqGFq4eMpOTpVabi4bc0U2rtWtsuuqPlG9+FnjC01TTi9kxktSI5GljaPbKhIZDuAVmOTjGcluM842bbRtd0eWa/uLW5gu4J1Z7YRyxjarZD7sKNrAZGO3bOSfe9E/adiXxbo194n8MW+qWtrqa3dzZlIRDdIsgYo5IXkDoTjd1HHNfobpP7TP7MXxCtFtda8KaB4ZuXKQypd2cRZkJHymWNOdoB2sTuz1IB4xxXDOFm4twdSLUndJuMeZKPWy221s76J2Ph6nDOGxlOrCdKEZ8ysmm020r9k3Z7tt2VrdvyWvre68TWl7cXCrE0pRVgnD8EAtlS3TJw3y8t0wKqaP4SjkDNqltaAxGMpGVCvIilcAnGCCAcYHseua/p8/Yv8A2J/2SP2rfimul6rDY2fhBdLkmnuLXVYbdvtjRlkaOOWZNxZgDgLwByDjNfYfxj/4N4fh7KJ9a+EHj2R1Mhe103Vgs1vJbgAxpFNbsxbAYKdzc8ccsB+e55xJknCtaWDrRnDlSvKELxSk7yfKk9L3d0rLR3ue7lPhVUxmDk8LOlQ53KMYyagqjsnKzcXG6b0V73end/yCeHbGwivlRoUAWcCGzlTEbIQVYqT8oOMkcYPB5JIL/ElnpMV/mKEII2ZwQMxxOZFAQEZygPJ4IyeTxX7TfFb/AII3/tDeDdQuZNL8MpqEOnPMz3FnI37yJejwhzk7hg8AnoO5B+BvGf7Gvxz8OXD/ANpeCdchtrSWcXDy6fNLGijli0iIRggZx1JBA4JB8DC8XZFmFVRw+a4Z1asWo03UjCSjLlsnCdnzX6WVnayVrCh4Y8Q5O51Y4OrOjFN/u4e0g1aLUm4Po9tFqknscd8Fb7who3iXw9qOvaVDrtlHqljPqulTMIrbUbFZEM1vJjG4sm7jPKtzkkV+w/gPSPgh8Xv2lvCMHwp8HWPgTwlrEelaXNoE0yvb3OtM0TzuQ5IFsPmYLleMg5BFfh0nhTxZ4f1CS3n0bUFljm2q4glURrGThgmzcoB2Yz2wQOMD2P4a/Ev4i/CnxLb+JrSW7fULIJqGjpCpmlhuISGSRAcFGAXZ2A7dsfnvFfAcuIMXXzHBY2s67oTppUcTNUvfUX70Iz5b2dk7db7Hm5lRz+nhI4WGGrQjGdOU4+ycZXja95tcyUo3TSdm2uiuf3o/FvwV8A/gt8KJdS+J1n4ettE0Pwo1q13Fa2cY1bdZFBDFGRvdTJtRepccg9K/iH1Hw/4J+J3x38dW2gWEGlaLr2uXsfh63kwlvb2zTuYpEGBHGgUgkDgFsBQM159+1j/wUT/aL/aCvNA0zxZ4r1j+z7TTVsINMErw6eBHsQSXESlVlkAUEsykbj1wTnG/Zu0Px78U/id4T8E+GbpZ/FGqqFtY1znzbjA3vKMkJyCz7mwc7Tjis8p4NxXC2TY/Mb/UKdOgpKCcp8ihBNzqTlL35uXvPsm9Hc/G+PMVxXPnlleElhKtKh7OkqdOU6lWo3FQ9pazk+a1la9mutz7E8UfsDawdHju9A1G01cSaXLK0V/KI4hcxrl47abPksOFChSxPc9QPgjxZ8C/HPgUWV14l067h0Oa8NotxZQSG3jn8wqIBchCnmM2BkNgZwMgnP8AQyf2M/2l9H0vQPDV54ilt4rKUvqYmWVordwAxWGZgTLGclTtJOOQCK+R/wBsLwR8Rvhn8KV8GeON6y6z4pgufDt89ukVtHbxSDzZgQNxZztKg5BJPcHHxeSeJ2Jq4tYB4qOJnOUo++mmuVRd0046Wso73e7vv+SZJxD4vZSqtXiHLKiwUI1H7erQq0pJRUXHlqK0bN+61JXv2tc/Ivxa2peEdKRrS5MbwW0im3kY/ajkEo+chycHJZTgZ7HFeVab8Z/E+hr9qtvFOu2F5brI0ElveXEIWUZOxFVyCP8AaHIwDxxXWftF39zoEtvCLprzUJbVoricJvjZPLQKVK5Gec5znBJycgV8vRJc6w2mGQvHCjK02FKhweDuV8bg65yoyOnfIP67luLxmKoQxHtZK81JJNrROKstW2m+t/m0rr978Pc8x+aZfHMMUpxlKbXxNqyna/LbTd3bu7/efb3gT/goN8fvBdko0v4i69cwibfc2epY1CEpGcjMc+4EE8fLjgn3z9P6H/wVh1HxBarZfEb4V+AfGlmiRpd3N9oljDezKrFWbzGhVw5HDEcZz34r82NL0fSIopniWJ47qF/M8yLayKASwRscEDOMgccE5IrkNU8H6Xfx3HkvJCHjZYJlDICVySWwMLg55HGR7tX3uV5rWShTqp8yUHdPo7K76b9Lbuz3Z+zYXM1KKipxaUVzardW3s903rptuj9erz9o/wDYI+Kxt28WfAy38O3gi3zXvh+/S2e3dhguYlYKWGRgYAHHqKpXH7PH/BO34pPbzeCPjPrngLV71SrWmtrbz2lvIQdoMpUsUDHBOT6nGRn8Ib3R9T0bVJ/LlaQeYohdC5EpDc7mG5eM4YFuRxg8A+heG7XxDJNPcMPLgEWFMYIbdjJ8vGDlQSWIxg7gc819jQxiklKbVkt30Xuy3aVremzv0R6UJxnFSaV24vd7rls0uju3o27+a1P101z/AIJd+I9Vt47z4PftA/Dfxvb28hdNLk1JLC6ljJLIjRmdYw7jjIByTj3PgnjP9h79sn4YyG4k+Hl/q9tPlReeG78atGYQMCRIrd5CF287WAJyucnNfA2q/E/4geBbq0k0bxPrligYGOW2u54MJHzl9jjhCCBng7QMY6/Snw8/4KK/tJeBjZR6Z8TNY1B0ljiis9QkM424UkAS71weVwcqDgk+nr4aphaqu5X0WsbW6J7dbdkZyqwtpaL0WqtayXWzXokraO6Wyz7ix+Lng7UpbbxP4T1y3RpUimOseGrmNAUdWMbSNAAFBHznPzA5OcirniXxD4R1jfp/iHwXYXV1NDEou9PeW0uIZQAMsjbFA9R1wMA9QfuPwX/wVi+IczSWvxT8B+DfGkCR7nOp6Ppsk8m4DJZvKJBI6MWCkDJJCgV6FY/tZ/sXfGG5L/Er9nyw8OuVb7ZqGgyxWkgYrxNDHbbAVT72AOAD36W8NhKj0lCKSTjzRUmneL1stPvT01trbOU7xSgm15O7SVrq2z6NaX387/j7/wAKv8F6tqU0lv8A2ro7xtHJEjIk8MhB5DHBJAHPXt2JrubbwHe2txZW2i+K7O6VHDC2uB5EoIA2od3bPy4AIyeM9T+rEXwB/wCCfPxd0+W48BfGjX/h1qZuCLWz1KRGt98h4VpJXLCNXGSDnp3AwcfxB/wS88UTWVzq/wALvjn8PPGaxwrcQRXGpQw3kisoaOP/AFgHmPlV5wMnLeteXXymlV57VIS5k9Iys1FNXvG94uye9/xOiEWormhJJa395XSs99et73dm3stn+fyaF4qiuIHvtPju3YhJGtpFcmLPUbDhcrkDjoO56WNU0y90eGdpdOu4xPh/KTc4SEgFiQpJ3D8OSD1Ix6nr37JH7W/gXVrOBNHtJr65mSKNLTVormG4UuBE0Z84qoccqSB+XNe0WvwM/ab0vTJrbxN8JtWuZ7ezMj6hb2TXoUlSx3GCNw3A5A7csAACfBrcMU1FulKrCcne8XpqlZpq261e2qVr62qWLXNbnjJLZN2ett7O17a3a19LM+L7LX3MktsC9tbeQAqyqQzZAODnBBJHGcscfjWXdalax3CyRO7yh49sRYp5b8chmIGeD1B9W6CvaddZNBtp7XxT4E1Gwv7eZgZrjS7mzUyKXO1mkiQkA5AA4XI3dzXAq3w71m1ZruwurKfcZZjBMNyuD1jD7cgnAYBTgttAGDj8cz7wzzTE4urilWjVbcnGMk1Jr3U9XfXXXvbTXf1cNmFNU4pTi2lZNbtx5b6N20fdLulsznodYFxfRxFSl3LmMsXLoFZgAGBPGR34AJyRxg+j6PY28F55c09oY4YS5WTA+dhk8MevOd3B5HNY2meEPBWoRKbbxVc6ZK0vmK99FlF2k7UEijIGDkkMQcg7R2sX/wAPdeu1kfQ9V03WIxKSksN6kcsqKDx+9kHB6bOM9cA9fzTN+Bc6w05Rjhq0I2SlNczurrXRJtN2bv57X06o14SXNbntZ62VkrJr4W9dbvS6Vlfp6foN5aiN44JhDvl+WUfNGcNjy4hyPu5yMHoRjgY6zxFeIBbi2IaZTE0zyv8A6whT+8XGNozggdOnBwa+X75/H/heBVPhvUAYB5oa3ja6hGz7zvIm5VUgZyOARjIzmsSb4ha3qkLPdfaLa6ZwXRomiEaLgbyWG4DJ5UYPPAOWFfMVeDOIoOPLLERou14tNRavfms7tataabvSx10MfRhCzhLm0s7aOzvdOWt0tXZbbN62+m5b+DU3t0nvD50Q8yVGIAKjGxApwDg7T0yVbPtXUaoJP7CENnIlpdLtkl8j5mkVlGMnOOnXp3ByBXzlo3ifTHt447+UeawdhdBgXd+x8sHICegGQc85OK+vvhHpmmeJIoppZD5EKMpmlGUuJiDhSG6Rjk5HAPPXp9bwZkWZ4TH05zVRSpuL525JS5XHVJ2d7JWtJJa2j3wq4mhUUoxafNZtdtYK9n7ysu0kn3ex4vpHgnX/ABNNFa6ckwLuBJczKY0ZAfmfLEfdyWIyOOjcA19C6L+zR4fvbeB9b8YxhQd1wsDrw6gZgVmP3geCo4UcgnNU7i9vrPxQdPsXgi0nTFkkuXjPlowbcGRXXBZT7E4HLDOCOf03xR/aeqXFhqGpR2OiR3LlJYMhtwbo7Yyc4+YkHp3OK/qTh7jiGEr08DmElTVlT9pUfLBNcqvdtWjqum/nqfGZxlFXF0qjoPTVtL7VlGTs21bd3l5WS119v0v4a/CLwo8VxcW6axJCTGizAyhnXGMquVO4gnG0gk+p+bvrHxPJk2vhrw/Y6PDMCkcsdvGsmzgRlQFBUNtGSwI6H0AzNN8GW+rW9lPpd/HqEFxHG8MVuVLjAG6SQk7s4+Y5OeuDgHHo66C2jabPdIqiVEEBmnGZTJ02wgA4Ve/J7k+h/ZsLi6WJpQqU6qqxmlytS5k1JRcWmnayWq8unf4GGSQhVlz05Kad5Oa5m3pK8U+lte19NSrcate2tvDaPKrazIC8zq2XWNlyUBwyp7DgdtuAMcusccokurp3LoxBXJAfJw29h1JPHPocEdRI9lMZTeTuTNgKzMwIckHcxOeQoJA4+U9Kw7iS6KSjOYFfaFJySQfbru7ZLd8f3RtK2vXzXorXsvV2X3dvoMJRhSiko20TSbXw2TV7NtW7dduXUdqcsNnZ3F80kcNtbW0twEkwoBCkjJOBkkAZySQOhwK+Edf8Qzatqt5qM7Oz3U7mFhy4jWTbEkYGRgjjkZzj3z7n8a/Fc+naDFo9sXe61OT5iHGVgUbsYJyVbocsTlu2CK+e/CGnjVdcso7u4iitkZHmLEBI0Rt+35iOePUEAgAnCkqLUVzp30SSdnvyvrpreWmvLZebOTEuVfEU6KjpGS5raK7ad77Wul230etn9BeBorpdLtjG72pA81xI2Qxfptyw25JPUHp1449HklvHeEpLM7+WBLJn5gAMqBnA9gF44JBPWuA1Px/4L8MhLOS7W9uMDAt1Uptj+XbuUMFxjGMjnoM81xmt/GW6u1MGkW8dlA0eBMVUy4AHIYdOnTnv0yK5J1qnK4pJP3UmtHpZJ2V767vXotLH0MaNKNKMZyslFK12k+VLe1+l09H6tq6991LxPFptsJ9VvIbYiNVCTyBZCqKQSQrZY4OAOBkjHTI+dPFnxksVuZotFiF7clmWOefiFBg5ZRnBwR8pOcEDGCOfFPEWt3+sSyT3V9NcldwBkdjGGO4AFc9OAOAM8k+tcRO5DFv4wmDsICqGJBwNw6DljyTznrSpUHVi1Vu5PladtHpH5vXa/wCHVQrwjeNFRirJXXVaWWltVrpfdNaJ67XiLxRqviC4e4vruW5JPMTMRbxc4CqgbBGMYbufm9BXITys8q7Sh+Ub1JwEIHBII2k98dyOxBFXCihojGpYgE4BwMt13fNgqBjvnGDg8YoyR7Cx5PmZwpAHzjGQccAc9cn+Edc7fQpUoQglFdtLJXso+TtZu2vyffiqzm3Jttu6a6Wty+qVrvRu/lvbOklj8xkBA5wHy3PdgP7pGce/ABxyJ0CuBuG5o8bMg/N13MRg5wD24PcA9aN0VU5VsbchyORnu3UnH8QPbPvUiXGI/wB2rBghAfPysQVUkn1GSD1baOgJJreKb1a7Pu/Xy0Su7b720RzwcpO8o7+Wqskk09mm1reyfZbF7ynEgKOAhyW2rnaeeAMbj16Y79sZFnywWVmzIQNygjPPH3sgAA9wMZPJNZgnwnQB1AIwTyTyc9m47+7HHJBnjkmaVSWO6ToT82AODn077RzgjOeud4J3S1Tve1l0tunfR67Lo7vYuV1a3yTTaS9294t63a1bf2b6pkk0SyOmxSDvIYjGAexGedoyNueQARxwRIlu6+YgGWCnbkfO5OTs/HpkAc4z2pXkaL5f3aOoIXnLNx8zHKkArg4G7ngjjmkFxKFyxQ71ySzgFcA5G7j5gM5yee+MgDeMLq9r681uVq6utddtL2ejtZ6e6YOcHe7Wju72T0s23K66X6pbrTrMtu7BN2S0Q3Kr4ILLjKkkMcAbTyfT3qcRyGRyoEY4AjySARjJOep67geg5xxWS2plDtZk8uRsEhjk84O3HJ4yTnjGBkgitPTrbUtWnEek6dqN8/mLtWG2mK5PbftYcnkE4HSt405OyUVq+yTT06Wu9NdLX+9nnVcxwtGV5SSXW+iv7vVt3Wq+7RPYWeElRkFSjsSFPyg4BbPdh3AHBOVIBApIYYo1aTG5nXLg4UKU5ChuNwJOTweo5OWJ9k0L4KfELW9vnWEOj2zruM1467vmwMFM9cKDyMbsgnivV9E/Zy0O2dZfEetzahONha0tiY4mKkBlJHIycAjaB6jHNbxw8m03pZ26J68qs7+VmrK9/N2PFxvE2Cox9ySqS292ztbl0uk1dadr7nyTbiW8lWCCF7u4kB8u3gjeVgcAEhlBwzZByxPtxXq3hr4NeO9fCy/2cukadIyKbm/PltsOASsZwwyOQRyeRmvsTTPDng/wkoXRtAs4JMbI5JY0luMjGG8xwT6N1A9ade69K0oHnEKDtaFRhMjHAAG3AHB2jA+Uk4rqhhaSndty6tWtfRNWtvpffX8z5HG8RYrEpqgnTu7XldyUdOl7X7vW9trnAeHfgt4S8KyRXmouNfvgEJ88qbSFgBu2KDhgD8xD8EKfvYyPThcWkX+j2oigh+UJDCirAqjJwFVVVSee49MDiuQvNSuLhgyECLeMx8hcADJ4646YC445wCKltGeWVQrEKSGYZ2q5BBIBYjjHfgdcdee6nePLGMYpXsrRa7N6rZ6O3/bup87iqs6t5V6spXe0pO2ttLK2ndW9ex0V9LHbwPcMihQHOScM3ylcjHVSeuc4O0g8Cvl7xVMs/iXTZPmBEgYgdozISAAAV6fN25IIHp714mu0W3W3BJchnZFZtqqB91sHGDnJ4B7DqTXzvr7mPUrQqf3hIyVXJwWwcMRx6cDtjvXu4G8Gpa3i48qTabfNHzvrptZaJ2VkeW4UqkuVvTlab31aV7N211fvNLT1uejfEDWjN8NdYgSRAtvpx8shgqkqDwR83zf8BJwCfevnr9kL43/DT4f6j4q0/wAe6dBJqWusINK14sS9i7Ns2lzgIF5cbmAyTnqQPRfGqXV14B1m2s4i5ks3CAk7mdtwO0DBwBjqc89xyfzes/B2u3F1DDbwCdjeGa4jQ7WEaSZk+9gh8Z4XB6sCQdtfmvi5Ori6VGElUjD2PvTV2nKFnZvtbR2Xa3n6WX5Xl+Y5PmOV4rEOjGsm/wB3Pkn7uqcPhbS+FrZrY/UT4+fGjRtItLXT/h5dXWp6dNMjX2qTBMM86BpoVkUbSfm2rg52+vb8+fHniSTWPDGqW1vAoF3cSSlGkDi3AJZpTwOGI7dOCBxXo2vaRq2p2Ph7SrTTZ9O0iSe3837U7ILl0CRyyAsQQqnODwMdOMY+jvDn7N2h+IfDlzrUuqadpemWatCyIDcX966w7p4xEdxZSQQhTPzbcYxz/KEs0wuCxUVNzdSNSySVotRaS0tdNW6t330Pncpw+X8Nzo06bnKNKvF87tecW4666uy05r669Wfm98NtUnSeGzYQrKiybTkklJGwx287uPTJzlfWv3H+GXwD8PfGn9nS5+GWq6dDLc69plxe6Xq80KJcWepiNmtzDIU3AGRVXII3LlQDXxB8Mv2VvD+vfFO2sfDba4/h/Tni1PVr+7tSvkxxv5rwNlT+6LAoBwcHkHFfth8N/sXhzUtO0/T3torOCOGGwhETIQke1XlKYUjOWJyMHkt905+qwmfUquKoxoyau025O+j5bxd0tfv9bH7DQ4gwUKdKpRlFznaUdbyjdwSv3b1TST+JK9lZfyV6l4Y1X4S/E/xD4E8SwzwX3h/U7nSbmKRXUHyJmSKZc9VcAEOOCMHuK67xHFDcQiVUPlkpvkLEFSV4ZcckHkkE4OPc1+qn/BXD9niw8P8AiHQP2gfDNk0lr4gdNM8VtbR4jivUUiC8Yx8KCoIZiPvkDO7Jr8n9OZb3RIZyZLo5IVQecfMMOT6DuegXIOBmvczCj7VRxdO1rJN2S7LWyTt0t36as+2w2Kp4zD0q0WvfV3a6cZJR5r73u99N79Xcxhqo0wQQQqZSQZA2WCgEc7gepyCADyQRzkYMcXiH7dOkPMU5AaUAkqIt+T2wOhz/AMCHbFdDe6VaQ6L5gYTT3ETxpkBHikY5jVTnj5uBz8xOT6182Xl7r2h6jNDL56zbwsZEbOsiSElUV+dwAxg5Ixy2K4aeApYtSXMoSSTafS6XK4tvqunW990V7GVVOEl1V03o0uW1nqn7uq1vb8Pp59Y0W1W2+0uTamaJniST95ID98OoIIxtx23EnjgGv0F/ZC8OeBfiff654KufDX2ltdtlh0K7e+NrFpsz4DXDoHXzSh+aRgD1HI7fjvBLqEzwNq8UtvLLKknzEhgoOflUkH5gdo28HG0dMH9hv2UdY0T4c/s8eNPjvaapAnjHQNTh0HQNNmWPapmJBcrJy8jsM5C7hjC8HA/M/E7IszfDeJoZNUf9o1uSlhJ3soVJ2SbumlBOzkuXRK3U/mf6QmEzb/VqpTySVSGaYzEUMDgKlO/7vEYiap03JJP93dpzck0krPsfqNa/sB+O9D8B6jp3h34hXrPYGa4TTDLMli4ADMkE5YoQV43K+M4Oeor8+/Fnh/4veCtY1DwdcnWBbB2812FxdRyqvDSCQlwY2wRkHaCD6V6T+z1/wUx8d2/jzw/4F+IfiCBfBniW/wDs+s32oKm3Sxf4EhG0EpEoGA2QAec5BFfbfxY+P/7NU2vwaB4Z1q21bxLcSy2C3aSC505rOSPebkTBmbjdkocsh5GCOf4azTC+K3Cmf1MBxFk1LiDCYuCqU8RQoQqOKjypTjVp07pJJ80JuLXxNWev+duMyvxg4GzueX8UZLR4qw+Piq8cXh8JTlKKdnKarUqKS9mrqSqKMrtO6TufFv7NHiLWNM8bPdnTIZ9XtSkFlNPHtedQcTKN2AGKE5JwepGCK+k/2g/G2ueLIToQ0mK6028gntYIFg+0WlpcyptmAG1j5qtk7gOACQB0H5r/ABc+M2l/CT4hRax4LvV1WBphLA0F0FsxeTyHemwuGZEIO8YwNxGcqRXD+O/2+viTd2z3Wjabp2l3P2hFafyYmtmCIpMsJYFd/wB5mYElsjozV9BT8K+LuJM+yniXLssp0cNUoQtHF4iWHeHqpwd1GMlKSjo4rRPXoj7Cj4Jce8U8QZVxhk2W08PQqYekqVLGYh4dYeupwbk48zdopp+7C71VrWPk345eDr7wH4zu9O1MRLlmeOFUxGFnYtv+ZcIMkZXoOcDkmuG8J6NcRLPqcJaRoZcoYiu1hk57/MrcLkdR9Ca4P4p/FDxh8RvEt74i17UpL6aeZd0joiQo4OHVUAG0ddqgDGMsDznqPB/iMWumOAtwkTgCXYxOxwqqVAPQHGeSAFPO05x/d2RZbmWX5DgaWYOnUx1OjTjiJUrunKaileKld37tNavz1/0j4bybNcp4Wy6jnNSnWzGFCEcU6Ll7J1EoX5FL3rLu7a9dbLt1lN8z/azFHCrSARP1ViMblwSMMQTkY6HBJryaLSJ7LV726EMhTcyQlhuRixIxk4O0ZBwcHLZGMV7fpEWka7bSlpvKuh8zFgCpRQNpUYChiRjk4yW2naTWlL4ca9tWmjkhgCLsVV2bZDGGOdv3g2B1J57gV6VDMI0akqbjUi01GSb5km3ZuNoqy0/HofP5rxHTwVR4b2c4xaVOSs5K75Y391WVr9b77dTlfDHhuMwXVxqBMRVFkWLblWSReWO0BVCZznk7gM9gKlpJY29xOY5MrblkIcABwSV37iMEoOAOfToBu6i0vJJLCewO6F52ZDIQCzLGNq4zkqW2+gToRnmuNn02aXedqNFbg/aCnBKq5wrDIBJAznqDyTziuujUVSb51dtq3uyf8u7u1a11tqn5s+UhFYmdZ1pcim0o3TbUbJ3bdkuqVlfu+q3X+KesXVxp/h3TZXOl2UilI24ErDBkLOMEAL3U9ABgd+j+Imu+KJLO2urm8F5pwtkUMhEhVmQkQkn5ysZwrAc5yeDjHlvhyO0+3zwiLzS8peIxo3nCLkyKGAIB2g56/icEdt420+FNMsrnT7m6NtJKmLFi5IKqA5IY46ggnGcHBxwRpUy6lLFYedKlByund8qdrxbabdvdaS0e1tFrZVMDluGzLAxoYejBwipSqNRbnJyg3Nyd7yule3LutEkfN48T6hFdzFYg2JWIaTcCg3YZQzY2Kf7qnAJ4XArM8X+OL6a3t9Pht4YzH+88wEHajZLpkjJY88dOOABy3pVl4ftNQ1NF1BfLX948QVdwYHJJl2AZbPO0/Q5G4jG13wxpM0xjitFeWJnRDGOHByQx7q3U4bkAEcCvpcNg0pwk6T5lFXlbTp7ytfq1du1+Y/VcDmmUxrUPbUIqVOMU2pLlvpd2T1vo77XdtTyDw5dS3d+SkexlPnbicDcQNzEKeD1IyVGPrx31nfRT36bw3mq7I8ufkb+6zEDO0ZAGVzgZBOcjN0zw+tnNLmBw6SYCIDnBb5g+0/KCTjuDxy3FdR4f0eB9bSBo5Xg8wNPHtJJJIJwQCWTkgg4IJxkjmu+qk3ZppqzeqWto6O6s1ra+ra08jqzrH5fW9vVjUiqcaHNpLa0U9Elo/e/rW30Z8P7rw9bTW39sWdtq0t/E1n5CsMxyuCsZK7sFTkEs3OBkng19jfD3V10+3i8DXVwPD1jNdLL9gtQUWcEl45wzEKCcBQc/MpA9j8meDvBdha3512aRotP094Ls2TRv5syAjKqccgYYELg5B54zXvV5p9n478RaLD4Rv5rK6u4jbrFcljOXOCFVyCVVTnYxKkADOa+dzDDwxFOUJzck9m0k4yvFJrmunptey2S6I/lzi/E4TF15UniassDKFSrUqOTnSo1qa93mVm1Hl0eiutuh9QxxXGoapHb65eRSwWbwSWcl/HGbdtNiwrRhmBDblGHHI9Min/E/4d6f430cfY9G0yDw9ZNJdfZbDyo7iYSKQJ4GXa6Ju+ZkzjkAEHr893nh7xv4YvJ7fW9Xl1BbNHgOnyPJ5rCJflVCfnKN94MMg452tiuZ034taja2mpQ3V7e6atmpiiRnc74i2Gi2OcJGMDdgcFRgDNfLzy/F06lOphKijGNl7PmvFRV3KrK0pO8t77N6Pol8Dg8rxlSpTxeT4yFZUHCcI4arblbSu+WL5rpq7TSu1q3Y4W8+D8Hh2S8XV/B8jWUs5lg1jzhvS0dm8s4HyGTkLjGSRgdxXlfxD8Ly+BFgvLGaP+yNTgVwGcyvabh8oY5K+YCeQOhO0n19+fWtV8XNClrrzazb3sfmTWLXXlwW6R5JVd7bVdc4IBBBAGSDXy/8TbXVdVGoWq3jx6fYyTC3hM7vH5vG6LIzyWzg4Hrnd09fBSxXPCNeV1ZcySjyrWKblJK15Nt8uu6u76v9i4WqZni8Zh6eZ17wtGNWE1KUd4KPMprSa7XtvqtTidK8WzQOITPI6vKyqBykqMeC3ODsHXAxg55IydGbT31S6iubk/aoWk3r5TKdu84jTGSdxxg84wOK8p0bTtUuLmNAWFtBIAz5ICZOGyGIJBwfQEHGOTXoySNZxSy292Va0AkkhwwAKcgDAALMeRgbhwvGBXq1OWDVpLa1uVNWaWml7rbqvLpI/UMZgKOFm3glB1JQVnGKSd0o+9y/DfRN9rNbno8nhhf7OaJ4opJZIzGsTnLx5UMgjUk7dwK56bc89TXn11pmp6TKLdrcrHayjzN2SY0dhgqTjHGQvQDuARXbeGvHFhqMMceoRrBcwsiQyyFj5vXfuIHUDBB449MZPQeILjSr1DLByZl8sIGwssgBIBYk5G7kZyR19DXBOvOPMpQbg1ZWuktYv3b2duy13vo02fKU8zzfK8VKhiYylCo27xdormas43Tu4pap7XT734a91eOTyLawZlWGEfacDLklRu+Yg5JyR0bkY4Oa6/RPFCabF5tynmhbb9zCU3SIyggyAAEHucn1PpXlV7YTx3Mrw4h3v8yBsFXRV2IuDgqe3PPTDZrt/DXh/Xbu9E09lPc2gjjjmMab1gWQ7ULHoDkE4AY5Hocjz8THDeynOs4wjy8zurJaRTW1tNH0TtdX1vvmNPBVKHt68oRg7Td7Rd5RSavdbrZr5eXtei/tDeKvB/hzUvD1jougapoOvqFvn1XTLSWZFb74WdozJG6gkhg2Vx6LXC/Dv4e+I/2gvjN4V8DeFdLWS58Y6tb2Nlb2lykMVqkpSOS4jEjhF8nO/a2CSABhq9a+J/w00TwR8OrWW/tIboanbQ6haX0c8ZuknbJkgkt1bcAo4wwyMZOelfLvgHxnqngrxLB4j8La7d6Lqmj3EV7ZajYSvBdWTwEOgidSrYc43gYPTODXzM8LDEYDH4rIoxp4+dGtTw9eolye25VGnNxtfkUkpaXujbhfBYTEYbF47KKPsMV+8o06lnyylFR5JpPS3eUbX/L6v/bq/YG8VfsteNtN8IHW7bxBPd6fDqRZZGbUlaVF861eLduDROGGRwwAI4OW/LvxBbTaVezafcb2kR/KeOUsrwnoxKucqQxKnOMsc8jNfsfJ+0ivx31HTL/4pXF14u8ZPbNBpupJLJNd3VykAht7WSQ5cMrqkjgcvk7jzX5//EX4aS3nifxRqOszx2E8T3EqKkReI8sRDK5G2KdPuEHA3KeTXieHPEef4df2Pxb7OWaYeHNPE01FU66c0ouPK/fVnFuyTTumfV8HcV5thcRPK+IEnUpyao4h8qdWm5JQTUdJab2UW2ldLU+VTYRG0jntZBLcKHLhifljGAd3YYxgJkdPXmqmmaY12JJXWNgcoDtwkWMljx04GT05J/DsfsVrIzWEEUitbK7iZVz9pyCMMRnIPGfvL0xgkmu98N/Drxi+my38vh68t9FlgLC8mtpYracmTaBb3DKEkcnJ2xtngdQMj9pnmVCjGLq1qdPnsqcak4qUm1FtRjKScr7pJPurLQ/UMdn+FwlKnKrVhS9o7QjUmouT0aiotrmet73d/kjxi11K/wDD2oCexurm2lUA20kDMoJB3EKUHzAnjrgkc56HrLjxpq17OLya5keZlRJnuHLSMCcOQpwAue6/MOT8hJFbfjWx07Qvs2nrprRXMUCzNLLkmKQrkhs/w5P3Rz0OMZ28A1vBf2MU9vtgugzF3OSsmMkheQM8dM44OA2K6KdOhiXTxDpw57JRnyxUlpH7Uo7Xdt0rXer21oSw+PoU8W6MYykrRqJe+3aOt2tnzK0XZNrzuezeGr820a3EVxm9VxLaXCl1CykY2bkOANxBPfJ6EE1R+IPiDxfdwJZXcUUwnAaZ0xJJOpJ5Zhu5HPJYY59BXlCnXo18y0W9e1+RTJBG5h3YGSCAQhA64wWIyM9vWtFtbrU7SGG8MihY/NGoSEg7gAPKIk7BsAktkk44waI4WMa6qRiua0YppK6Saersnay6vRK93qcssPDDV1X9yry8qi+WPMnKSbba1a0vrZaM+X9Zsik75jELlwGt8dc9CM45HTPU4HU9c+JXjGzCADd8rHLDcAc5GV7ZI7EDPau38dWQtNXmy3mfN8rKx3qOmT3yRuBByOmeevGwMi3AlkKsqoTsJ6gDlQvLZBPAUHHHOSK9ykl/LtZPTbbutvJdNXY+ro1XVoxabtZK3XZX/wA3fTtexetIWlkWI7YgUDjJG0ttIK4xjeTj0IGMcfKZmhntSXaJQMkBeSjFujjP3u2eeOmfR8b2scqHc0W7aX8wHGCRg8nqB3HJB9CSd6/u9JuYtrZUwhCu0HG8cllwDw+eccccN1BrkTd0na27s0rNN62stHrazTaVm3cG5LlS0Wt0tt1dvRW926vs2/Q5tDKkpOV2gYBzhV6jBOeQcEfdJOOSOMaluyyYWIIk5JKsMAADHO7HH/AeT064qk8MXmFlYpC+Ai5PDFuARkEE5IHc555xjUkhtosgloGWNGULyHAGRgc4Y4zzjnPOazm0tGm7re9tdHpo+17dNNWYObi7X00um9Xtaz6NdL2utLtmnBcSQwlp/LaQPvKk4JUYIZTjjLZJA68DAziuh0zXj5TMPLEiHCgnLALwccnOBggDJ9QME1j6db2t6yoy+bI8eAQfmU4wW+b+EnHQn1B6Y24fB0sUlvMZvNgcl8QqWZORhWKqMYOM/iOCdx86pPD3alpK9k00k23BLyfSyd10RpSm+azb5nblTcVFp8vLeT3lrez310Tbt3+k6je3l3bKd139rRECOSxUkgblUN8uN2QMcHjBBOPt2y0W7s/COlrbvDKWRG8tDvkHG5lOM/dycLwQQegAr4/8N6HbwxwXlndlrmB/3isoXoQVUc46BgSAD1Gehb6E8Ha/Nc2U0Ms0iLbM+0CRnUsflzu3Egk54GQvOOAK9HKK1P2z5JNRkrJra3u69evS91bqkz6HAVOjlo1ppqn7vwpaXT6b9k93v+dKkrM7hiBtO5doU5A/4Fg8ZGeuOOgEvGVXiyuzcSY3PB9+hA3EnA7f3s5qR494Mhk2OMZ3fMjKx/1mWBGT1ORz6ZJFZarGxZZJFEm5mDjneATtx1wf58Ejnj6Jq8tbtatK3Rtbu/o72121vY9GN0+y9db+757aWXa6WuprpcqEZ3VURiGZV+VuDhgTwD0x3IOTkCqiyRMbguuCzZKNgrtGMHOSTwMDAzgEnoaqqu2MzEjIYgKRgEdN3AyRjJxjk9O9PnVHjCFhH5qqVbGTw3QkKMY47dxzjGOWUHzbK11J2Tfor31vrLTRWWlr3pu7S9NLdr6Oz9Xro1rbe7dqtIgXesTKQr8epwOAMDPc4HQAYwaYIpI2lckg5AQfLtIJ2ghTxkcH1OM9MYrySkEKvzfLtbBIQbQcPgce5PGePapGJ3Rq2W3rucuwIAxkEKT93G3B5wcZ56ZVI2he60UU4pX3ta2rd7Pzva6s2XGSilfRJ27WfbW19+7TvtqdNpOprB5kN3tkjdTuDHLMAMBgVPGDjPtuz043LjR4dR0r7Zp9xHJLGyrLDJksoySI0UAlhnkZzg45OCK8xuo7mRZFtwSAhKkYyyEnc5K/3QRjlsnkjFd98LtL13xNLPp+i2N5qNxGxUlFk+zRBBuDTyfdTBHIJwRyTwa850ak5xjSUpSlZJJX5neO8dNlp+SvvEnTW903u7tN3ae0mr9m21d8ztppg3Buo3SNkYLECdyg8KMqyneMkZIwR0xgcV1fhbwLr/jOWVNGsnNvgCe8ukdYUJ7K5ADOM5CgnoMe/wBZ+Cf2ebC5kTVPGNwLqRN0s2n27GO3j2/MyTXDEIcMPmAfkccHOOv1jxl4I8Dyr4e8OpDdalJJHDDDaohs7MkgLuCAmV1HDM2DlR907se3Sy+VPDyxGMlGjCKUnGTUZ2dtdFom3pdtvV3WqUQxPPU5acU1Kyvpa99E3o+VPa1ru/mcB4V+Evg/4dWcOveMGi1fVIgZobSYq6eaB8gjhH3UzgnevOeA3JD9d8Qaj4xuGe7mTSdAgH+j2MA2ZgXIVVUYGFBUYAHrhgTX1Lr37P8AeSfDO5+IV1qY1DWrq1S7gs5VcwfZinmPGgOVUxDI4yAMjdg8fn34h8XnS5zbwKZrsxgYOfKjI+VgAecBuOOTgAYzmvEjxVg6/t8PlcqcvZT9nVa0ftErK9leSe+rv6anuvK6mHjTqY1NKa9pBNbq0bWS2Ut9P1u/b9FuUiutH0bTY28y9uoobW2Ee6W+uZXVId2BuGWZQAfvcDk5z7t4++GHxB+FbWtz8RfB2o6ONYitrnTbqaF/IuUuI1eKMyKDGDtxmM856jjnwH9lm213xF8X/hxPPZyail94v0yGOORP3UeJ0YbQFJwoG7jHIHP8J/sf+P8A+z3pPxO/Zm8a6HrOmQa14nbS7VvCrTogu7LVEgiFuLCRyGTBIUqCMhs88Cv588QfEj/VfiHKsJjIxrYfGSSxNSbd6NPmjFT5b/DBXbX67/ofDnD8c1yrE4ihJwqU3GFOHKrScYJ6dW31aa1fW5/Jj4W1W6vfHvg+2svtj6lJqtsltZWUbSugE8avGgiBLMVBU9DuII61+41v+yNrvifV9I8e+JLWfQvB1pHYSHR5y4vNTv3iDSNOp2lQ7Dkv8yjOPlOD9J/sI/8ABOTwT8BLTSfiP8VrOx8RfEu9tJL9LHUo45LDw0jAyRsJJCyNNGmGMh6YOCOa81/bx/4KHfD/AOE+meJfAXgS/sPFPjtzNbiPT2ilsNBZh5fms0YZDKhICRqS2VwRgDP5DxzxjLjPMaOXcJxdZwg6VbF8kuSMJcvO7uyhCK1UpaPTS7SPr+GeHJ4FOtmTUffhJxvZXXK4xl1lJ6K0bWvZ7a6Xxg/abm+F2neF/gn8DNLh8R/GXxBFDpXhzwvpCC5XSvOXyDe3xh3bXiD+Y0k2ADu3EA5r6z/Y0/4J2af8MNci/aH/AGl7iL4gfHnVFGqn+1HW70vwlLcYnS1tI5y8b3dsWVS6jEZB288H5j/4JP8Awz8M2PhKT9o7x3p7a98X/HN/dPaazqsbTTaRpMrloo7FZhi2LjOWTaQACMAgD9ffFXjWVLK4nnvY0UbiluWJDgn5eM5LZxgZOcjJ7n+VOJuKKPDmOxuRcPpV8cqjp5nmNK7qYmumlUpKVm40YSbXKrc8knJ7JfoeJynM8ylQwkKcsLhaypuU+V80oycGop2SSaau+z5VsWviX4/gtre6unmS3iRGEABADjHRAMAAKSAAoxwuV6n89PHfxAhvnnUXA/es5Z92WQD0GTjPQDqwwe5qf4q+PbrUJpY0uG8uIybY1YmEgZBBx/dPBwCcL65U/E/i3xZck3Ygl+bDrIyEKE3Z+YZHXGcYB+nAA+98KeAcXnmMp5nj6cpV604z99N25pRadmtLX0V+z6JH1rlg+EsuWFo8sqzgnOWiadk2nd3T6bb9mzK+IHjDdPNCjedGXbLNnauM9SMgknORnvk4JwfmHxPqjyGWcY2tuZ/mOzYoY4xxtOASwJGT1zxWprWpXk09yskzgZL7y2QpOeWBPXj6HnkEDPB61fqthJHIU2sjDeSNxP8AEcgfXGMk/wB0gHd/o5wjwrh8rwdCnGmnJQp30tuotu/RJvVp6WfqvwbivPamPnVfO7e97u7teL1ul1vro0r+Z4/r8v2h2nBDjLOFDDKbT0PzDvkkD5cMQcgceaX+omNC8kKgvuVwwPC9SxPTBznPUnBxXS+ILpEl8uFwTvLZDFVPy7hnAwCTk475z1BB871iWaWF1JJDBi0YJPUkA7uuMHJAJyABjOMfpVHBtJKyT0btrqlF77taddX6K5+K5hepKbs73erta6s1vr0XVXvu7O+Eb6Ga+Jd1KhwUVfmA5wGweTnGBgDjk4PNak72u7LhW+YAhDhju6bwBn34OMDJ54rkbe0ka4zCmG2jLDkBc9Rk8kcdBg89BwdGRZUmcMC+F4YN8wHPOQOo9QR9MZr1KeH91JXSVrOza15bLra+lrqzave+p5kKaildK+kuuj0a9Pzto2zbaOAw5BBYBj93hD1GWAB9Bgkdc9zXPzSF5HiyRgFlbP8ArDt65I6d93ckYByTU6i4kjwpZFdMBc/eKnvg4G4nJAHX6iq6eYAxuB1QqJDlmUgkjlccZPAyPbjONoUuVpykl7t3pZxd4tK97ptXS7X0d9TS9lvyrvZ/3e9+W9rLaz2Et/OWQJcRlkKYO7BPzLxgD5eccEjggcc8+m+C7rTopx50g89EZVRgHHJK45z8xwAB1BHFebRNvb5XZVAJjOdwZh8q9yRxnjOe+NvFX4Ln7LKsqFwxVSygbTuzndnAPvxwcDPWutKUoO9kuZPpdJODSvdfi3e/m7VRxHspKaSeq13SfuWSfe7T6pq+1mz2jxRJbyw27W6Oq+bG0uGAK9Oc56ZBJU8EVsrfK9nbQrMFkRVIAchmHbK4ILZ2gj69MDPC2GqQSWyrOwkZSCQ4BDZIxwMk4OBgZ4zxxVsXMKzu8jthhgKBzGM4XacgHJPAzx2znjhq0dE5crj7qWunu8t7b3vZ7bv1sfSYHOFTU7xV5pRXRJJp6Pq9NNV+hp39rNeqwlchhJ9xVXAAzgoeOQcH1HOMck+b6la3AvDCZCNpGZCQd24gcYzwR16cn5sZrs1l2mUNcSMpGfLJYN26YJwTgDK4yOvHRbe0t7iYvKjM5XCh1DFenzZwTz1Oee4qo4iVGDipLlXybSt20aeist77aozq1KeKnfmTlJ63s1e6Savo9d1fz6K1nw9HHbbY9o2gZwoKbieRk4xg9uOCSfXHs3hzWrKILbyuY5AFOyMeYWYHPocjGQSAWyDkAHB5XRdDtZGjL5csAEQrtyTgkHGQSADuPQnPGDXtHhfRfDHhq3u/FfjC+tNK8LaXGZbq9mASS4KjIs7GN+Z7iXGxQoY89MAmvzniDNI0lKKm51KjaUI6tOa0Vk7u+22uvTb3sqwigvbTap0qbTnJ2tGyUm3bVt2srvXqtLn0/wDC/UPB3hnwrqnxJ8ZXaaV4U8MW7Xtxd3QVV1K+iG+HTbRHAMsskihCEzxuJyqg1+VXx0+NXiv9o/4ia7401WaW18L6Xbyab4c00ZOnaLppZYrWHgiBb67T53/ibqQTtFXPjH8b9U+OPiDSfC+mxyaD8OLC8jsvDfhqFiqXTSSLDHquqJHjzrmXd5irJu2gk5PBH2T+0z8NPhh8Dv2PfA3gnw+ulzeMfFGu6VrWuX7Oh1eeVgj3cbkZdLOHcohV2XjOD6/J5Zl0MJWnj8RTdTGYhqMbtr2EWk3un7y3et3rbRa8+d8XUZVMNhISTwyqRppc3L7Sfu626pNapaarzPifxrdt4a+DWk2NgkFszsIhdLsAd3BMxBUEEjdyxx168gj80/Ffiu5iuooFld0iKvGFfBZ1kyZGAChhktnBxgEgEgGv018a6VZa94FstJSB5bDRNNOqT3KN8iyzxZVXJOQMqc4HYgjBJP5S6zpt1qeuFbaNWlEpggXaGLq0hUMAB02gFs+mTxg19blyUsNiJytKU6ko325buOrbsrR0V+u3TX53OsXKrj8MqbkoQjT5ILrfkbaS/lu0n3T00dv0d+Dvw61345zeEbHTmddLsNPhvfEF7GcvEtupYEqSA7HJABU5A3AHbmvv/wAEfs26Xofi/RtbXUZb2DTw+qT5TcBLbYCRufu9EHy+vBGOD89f8E9nufDkfjDQ76Mq0mmxtFdjLFGkUAwoejAE4I5JPfAxX6IeIfFOn+CPCq3F0v2Se8/0AFyqO3mbnaXBAJ+U53DBAbkjrX5jUlipZ88spctSl7TmSjG6tJxW73XVWve/nY/X7YeWSYbMrSjXeHhCq5N2XKoRutbLSN7We90tkflF/wAFBvHNxruu2egxzSSvqJskit1JCx2ttKV+bIIG7BzzgDHJ4rx2KzTwr8MIoXIWbUr2NuUGzaI0OAQOUA6sPlyDzxX18vwz0/4o+Hfjf8dNftbe58P6P/xSng03TmOK2vbbLXl1GzYG1OW3gckd8GvhXxF4pXxFo9tpNhIssVhGEt448ZRoMxyOASDltmVJXkY46LX9J5ZkOIyPCZNi6r5XjqLr04NNS0koOUlsndaO3wtO+5+A5fx1lvFGacXZZgqjq1+H8ZTwGLqaSj7epShWUIPVS5YTs7tWeistsSG2hvZRKDvVsAhQBhgB1BAwQ3AJI+73AyNpY4RbpGAwbd8zH0BABIIwMccHrx25PHaHJcwusU+Oj8McFiCRyoAORjnHU9OTiuvs0nMqSNtMbZBB557KV6Z44wMZOOCcj9Ew1dTpuV7cy1i9m7R63Suuujbs1fqeXKpK8lyq8pb20slFtN76WvddU99LX105So8hW3nBYAFcgtjjoq5znjqeB1xWpA91GI4GhdEBWNpQSzrgkjkZHJB6euMjkV0tjp8v2fcqHysE+YU9VO0LgEgY+UnAPzZwMDOPeRy7nVd0QbcxwcnKsBk5JIPfgDpjntU6mqtHTRXtq7WfV29H266o9XLqLjLmvq+X3dU3otbPXv0b2S1L+oXM40q8Ak2CO3lx0BkHl4JOee55I7Djpn859Y1c2+tyxMX819XZlO7c+1nYgnACrk8g8kkAelfocLbz9PvY5HLma3ZVdyVbcwAGOSOuPlGCcYwcYP55/ELTjYeM7q1ZQHW4gePywTu+bqSpBU4I4zkntgkD4ziCl7aUOXazTT3d2rvS2qS0t5u1lp9Niarp4eCbbk42vfbror32W9mul9Xb6a8HeIDpctpMzN5cgTJ5B3EAHAAzkc5B56jgYNfdfhi00H4leEtT8G688dzpetaVNCRwzwTSRsEkxuJJV8EdfunB54/Pezs2TSYjGjMywQnngxuVXIBB6knDHPUEDBHHtXwh+I39jazp8d3KsFxb3CwNG5+WVGZSVYMSCfTPqSB8xB/mnxS4Mq1qtDM8uhbF0akZ6Wu1eD0sn19N0lqrL9e8N+JaNLC4jKcylfB4ilKNpvT3opPfprslprfU/KT4z2/iX9nb4jar4SM3nafaX1zJpwlBEdxZvIfKO85yQjDhT1z17VfD37W3jPw+6v4e8Wa5odz5TwsmnX01vG6SAboG2SKXhbndGwAHHQ16X/wUc1eLWfitHciAReZarJABghWbBdht6B8ErzgHgc8V+ZUhZHZ2JDZP8I29fUZII528HGCMkk49bDcL4PNcpwcs0wtKpWnQp+1jUhF2bjFPf0u09NdD8tzbMq+U5xjaGW1ZQoRxE/Zcsmvc5k1Z6O2mnSyXbX9NfCH7Z3im3a7t/E9hYeKLS+YtMmpiOUsBuDFHYFg5zk889c88e1eH/wBpL9nW4u7K98R/Daw3snlXdrDtEJkwSWVcEDLY9DjO0/3vxjhurpGUo8gVWyf3hK89AFDdxwTgenPfWXXru3AUlGLMQzAE8oQAxGOSBwBwMH7p5r5LNPCLI8RFywqxGAlP3v8AY69TDRT91tuNKSj5P3bW0dtn14XjzMack8SqWKS5dcRThU2fNq2m2rrrpb8f29s9T/Y58Z339oXektoOnXrym4jjukWSEk/K6pnJAzwoxn2yMczc/Bj9n+x1ddV+G3xWsbXULq7WTTYL5kCx7jhUaXIYYJ2gu2Dxggbq/HxfFieWqTs8bEbBIjFVCkjB2DCkjp90ir1p4neIFYdRljZCrwvuY88sTuOSuTn7uR0PXFfOLwnzTCU5U8HxNmsac070sRNYilKMre61VUuaPZaPorWPXXH+BqOM6uTYJ1IPmVWEXTmpPkT5WnpfdLZO9nZq39SXgX9r39pT4W/s3+L/AIA2ut6J8T/BviiC602OM6hb3Mmlx3UZQR2Qlkd0iJcfKAACBgMSpr+fzxx4Zu/DPifUZPE+kXFrdi4lna1uot0StNIz7VdQdyqCAuNwPY9BXlun/GPxnZhI7DXr+1S1aNmks7l1J8vOGb5vmbkcEnHOfexrvxb17xIhTXb+fVZpXVXe7KmQ7em2ZhuxjHXA7H0q+C/D/MOD8wxtej9VnTx84zxEqVOVCU3HWL9mpOmm1LVQiu9kzl4k4qy/P8JRp8k6NWi3KCbi4e8ldydlJylaN5OUrpJWsdN/wlNhZ3MYXR7GVY8ttCqVWPGSCCATjHI6kkngil1TWvD1+i3On2Rt5x+8ma0ZlSM542rySA3RcEgZxnFeYS6hbiWFkeJhcAiUHBYeqqx64wOenfgZB2NHuUs72SeNoJwkWRFIV8vAz8pU8FieuRx2wen7NhoVINTtJSi42V2rt2v6aWu73fyPzLkjOpyuS1lbZNq9rata300338r+u+BviJqnhfX7PV7C4uLe4snjlGx2jW8hDAtFLGCdxYBlBPGeo4JP7EeANU0j4n+BtP8AG1gN8mBHqltGMvbThVDseS2CRllIHI4XJFfirHrOg6jCpfT1tbhUws0WcPIPvEAYbGOACBg5wK+1f2SfjLF4K1hNDu7hZPDWsyrDqkEwzHAWIVZhngMpILFedvXOQa/V+D+K5ZXKnRxc5SwlVpTU22ot8qvZ69bNcq9L6Lzcz4VWY05VsLJfWIQbjypJz0VoyvZt2Wl76ta9T7avPCyXSusO5ZA3mKyEruHUZXHJzg54IIAFdZpPj/4nWVjbfDUzjxJ4Y1+5tdPl8P60gvEjDzopWzM4fyndWYK0SrtAByQc16l4m8JIkNh4i8NTW+q6PqEK3MUlm4kaNHVSyOEJYhR1GMhgc9qoeCZrC1+I3gW+1KDZaWfinRLifegOF+2xqYzuG4qxUDB4BPbgH9JxmR8H8U1aU8bgcNjZQlTqU3yRck5cslKMmnJN6W7WVr2R5nDmc8VcMZnh8PhpYul7SvTpTpxlUUZxcop6J8r0aVrW66n6Kf8ABbnwP4N8C/sTfsqeEPDPh3w94au9P8PWWoSQ2UaWuoQn+zoLm6juXiCyTK0juRvJbcWC/KSR/GPcfEe70HVbjVrdxHfCQxxSW0hSVPLbCk9BlsYO4D5TzweP7H/+DhXxX4dvtI/Z48M2NpMHv/Adtqdw8TNiO0lsY1UqqnEYUZJKgA7hntX8vOmfsReP/ixanU/hn4Q1jxDFMSpWyjeViiJ5k10icsVQAs2AAcNjmvyLxFo5RkWGy7E4mFLAQqwnCbqyjTTSqSVK7cbc3JZKXWytY/o3N8kzjOMty/EYanVr4t0J1K8ZScpR5qjm5a301bi9ErpX6Hkdj8f28Roza0FuJ5ovIkS8YyJ8oKqyB2IDlsEEA5HGPTx/xFbafrFy92UgG3zcJCwUxszZTaOBjODg8YzjoBX1h4B/4Jp/tDePPFN94S0HwV4hivrKOSd3vrG4to1EBIZA0iKWJIwCuB8vGccZ3xM/4J6ftMfB3T7nWfG3grXLDS4GZUv1glntWZG4jYxITkheH4UEjk5wPx+HG3B9LF0sDDPcuWJrSSp0frVGMpSfKmuVyd23um012PiMbwbxU8PUr18qxip0leU5UnZJW95XjK92lZ7XdmfEMukFpJHU+SIwBIm4MxJH3yozuAHPfBGcg8VXit0hnjto3ZmLbg/zEAYJIYEYxnAA64wFHWtC6sNfsLx1lgk81pGgRWTBBVipA3cgjC4XAx0x2rV0DR72XWUS8TCRETS7sB3OM7QMcg9Dk4J5znivtqNWjVcJRmnFtWafMkpWd95Kzv0TWuz3XwOJw06PNGSkpRajJSV2rNaNLVWd1ZXt3szmrjUbjTbuRRvZ2A4CgRMGzuBAA4XpuyMgHFd5oHiYxC3eaKFH8vD7QFkjVT8oUlgDkEFuCegB4we4vfCtpqun38nlWkZdMQyZAdCqZIj5wDnbnnHU4BwR59oXw91zXZLg6LbfbF04K17KhYqkYcDIJJ3YU4JTJAzuHGa9KdGEJQ9lJzuoP3VZp+63ro27b201vba/nxp1ajaipNtN2inpFWbaSTclZXv0u9Vsex6D8ZdfE0sEmoF9MhhEZSRgGMa9gcc4A4Iz0B9z9teCfiBomueG9Hlhv1LOyRPEzr5wcYGdnIA9G46k8ZOPz10/4bW9zcThdZgS5jUb7GIs7K2QsiuowQUO7cTkDaDxgmvpfwx4Gtn8K2sGiXDwT2c0kkuqszBTLGDKYgF5XlSASODjqTivbwuNzDBrWXtKTi2oSqOV0mr8rTdnZp2b8ntZdmChWjUblJuy6ydnZxas+m6Vm0195+iHhS7gJdZHJLLEsZIONzbWwCCMkBewOGYdTxXefFRmi+H18QSiMlquCcj5ipDZIIPPfI5G5cAivzd0H4ueL9HvLfREuJpIIJbcvdSQlpVZWCswDDc6kk4xngjGSRXuXiP4yarrmh6joepmbzStr5Z2FUaLKHcRkYySCu4ZUdduNtfonCfGGEhiqVGqnGU5xgmtWnLWzd9Uno3orPoz9j4Jz6hg5LCVYyTnUjFSs2ved79brondptvdH9O3/Bu9qBPxo8fW7OMP4Eibae5VovQc+vXHoBn5e0/4Lmal/wAZGeCbYnCQeE06k4w5Ys23k44wMDr1HAFeEf8ABu3qP/GQ3jG3ZmBl+H5bB4yVaMcAnrkHkYH612//AAXC1WGf9qzQ7JpSPs/hOw/vHDSI5wx5wTj6ZwOCOf1zKaK/4izRqN6T4aVXrq3Rik9Neuq0sj+hMhw6j4rSr7f8Yaql7OyvSpwbvt11fXXS7PyY8RP5+n5tFkklTyywTPpndkEkYx26fMRjvxmlQXEsoWQMjR5ZvNCbyBg/LkA5GGzkjGCfTNvUNUmspfLgdyHjHUggYUEjBJxxx0GecGmWetRylnm8uKcncGQD5ioXcOD1B6gD3wP4vG4yi6uKxahpeU42T921lZptWUnzJq1vm9D8z4vxFGee4xprmVWUeW+mkk766K1vN2st2R+MrtlsoFYt8kqiUDhSRjgd8DnpkHPy8dex8JLBfW0EgVWAjCKrA4DgZzgkYOTnk57gdMeR+NdTa5tSGYqI3RsEEFw3AOMd+R0444J2mtzwXrkkCW8YDeTJArSE5BJYYLZUgrjrncTx16E/iGJi6M2pa+8lqrPmi0r92ktZK9tz4/EV7ySjazSSfm/dv12fSyTv6np+qoioYz5aQlGDEZOefu5JOME4woAHvwK8o1NY4ZHMUSNwxYgnAAJwyjgjPQEkEjhsGvWJVivtjKweNl24BHzkd8Hgbfpk4GMHGMT+yrTLII9w3nLGMEqf7pHTHHTv6HJFebLE8sk5W0dtWlfa+myvZdtGnpdHDXTktIRjdrdLWzV3ra6b27vrdaeWiF5QPm/dE7t7DjcMsFwQDycZOMDkcVnmyeKTCbEMmWcjbzz/AAjoN3OemRjsRXqN1Z2Vq3lGJSqsWLKpG088sBxgHOR+faudmhtg8sbY+9vWTaQ3sOcYGeg6khQfQOWMTSs7tWjyqTvprZ2uvxdvOxyui7JarbW9u11ronb0fn1MVGDIN7/IgAZg20lhwQRgZBHU9R+eKqJIVmwgaIEuQ53EA5wQOcjknBA47k12FpZwj70KyRsN248DklcIMg9+4PQgDJxWlJpETwxsiBUf70iqwIPYcHnA4AH3QeRjphLMI05xU2knq7trVuKXldaW1bXS730+rOS5ktEldO9nZRStpu3d6Slsu+nmEtl5Z3kquQWBXcAhO4qOMAjsQc4zgEjp6N4QtYPEbtpcpaC8WNRCOCZguWBXPG4jqVwcnB9DhT6VcidY0iaRIy+Q5PzgAgFVO44LDABGcnjgirNrbanpNyuqWNw1vLARICE5XAzxnBKZUggDljjpwvBmGNhOk3CajUjHmi7dfdsk3Z+9bVW322M4YefNFTi3FyV9Lpp8um3S+t9fuduf+KC+M/CEDWV/q2pzaQ8vm2iMZWt0wSvlsrHajKBhVGABggAA1zvhr4gfarSKAyu6kgTJMdzowGNwY5ZkGSTgkAAYAAFfY1tcaP8AFfwudA1xLN9U8vY+8KJJDtyssRwDkEDIxyR7gD4a8d/DHVvA+vGzSGeK2MzCG9QFkeJiSFkwcBh74wOCOgr42eafWZ+yxc5RqRTj70m07ONnq2mrJpLVrV3tdnZQy6OGc6mHgo05pOSjG3vS5b6r11vdvyR6emtLJIkQJjkI4csdpXJYEbsZIHI5wvPc8d3oPi3U9M+QTO0WVHLZVkIIBABLA44Iwc9+q14l4f0XWQ6T3EjXESfIqMwyy8YYEEnGM5GVIbgljyPSbSxlAWWNG2Q8Pux19SOOP9kqcnjvzhN4bm56jjL1s7puOslqrK34dB0KdaNb3W1Z8ysrS1cfiUdHqr3und3szstQ+IeoWpWcb5YgWJQ7wqjJ4GeSh7Zx2PGOIbfx5HqEqTt/oVyCuNpOGYryScggA/KCOTwPlANY02jzX8ZkjBTy1y8ZUujgnc3oAvQjpzjdkkVTtPDL3NwoSIbkfhRkDBByODjIxjOPl53HmuJ47LqMpXUNLXvypWTS0eq5t1f0PThRxbmnFSlzbLW7SavZpdrdFaz0RD8Q/FOqalYGH7WzwhWEgRiRlCMErnJ3DOSFAweDnmvknWbGC9nubny/3wOSArBZAvDM3HGc9Dk8nHIzX1vrfhqeFTAYJFkIYBTlldBySckDkfdwPXOK8wufBckkssaLIJJSTHH5ZzwTuUEfeX0wByuewqo5vlySlGpS3Um7q+61urO6strdd9CcRhMTVT56U277Pma0StZqK1T/ABaXU+FfGnw8tddjngFpGFuNxbKbnjLHIKluhyQCR8vGMivjTxd8N/GXw+vU1vQZrjybKUSJcWgK3MSh92HVCBImBtKnIwewIr9ndR+GFzeQgJZ3EcyLhiEfaTwQcD5sYBzg5HTOMk+dap8FNV1AvELUzsx2MqpvDA9irgqTyQcjA9+8zz/KZu/1yjTnpZ+0gldWvppr1+XdXPFr5Hi5pyhh6spaaxg27aK9uXZ3u0m792m0/wAytG8T+E/jF/xJ/F8sfhbxbFbtFDriLHDa6nOq4jTUIyANzMQS5w27PevL/FH/AAsTwFKPDGu6jcRaV5ryaRIkxl0+6jZtwmtpVZoxuUKTt5GRg9K+5/iR+xte6oJtQ0OzlsdcyzIiwNHbyyYJALoAASQfmB6gn+HNeO2/wq+Mnh20Oh+OPAWpeKdEUmG0kezuLlbZCzZa0ugrNG3AYAEc7cDlRWNbN8lxKUauIwkpJXVSU6avfl3bbV1vve1t9UeW8pzmk1JYWvBJNKUITfutxvG0U769H11WtjoP2VP2qvGfw98R2OlzXsuoeH1mVruwvZ/OVIQMSfZTIzLGWXBCY2t82FYk1+kHx/0L4N/GL4LeIfjFoPje2tvHNhpF+j+HJ3hU2lqYQPK2EhneR/lVVUjg/Lxivye0n4M+I9D1pdSh8I65bae0+5bWfTbwS7jkqEcIcoobBGfurySeD9Xj4MTf8Im17e3GpWMeuWjQvb/Zp4YbeRkODcKVXKBsZJHUdMc1+aZ7nqyvNMM8uzb6ph61ek8TRhUhOlVgpxumm3yuUdLw5W0+tj9O4byurjcqxMcxwP1itClUVCdRSp1I3ilHV78rt8Xmj81dDnmN3ZIUR2WZcMR8wG8feyvAyeMEADGeMV9p+G2l/wCFYfEqGQqSmjMRg/wmPKjGTwOCfUY9cl/hz4U6HoUV1DdRQanNKrGK5jiy6bXIBXC9cnoQCOA2OMb1loE1l4P+JVmwEavo1w0Q3nJXysgHcQcgYOB0zgZODX02LzzC5n9Xo4eSbjOk4u6SbTjdK/S9nfXZPTRnzWCyfE5dOvVrwac6dSKik3ZqNkm7WejTvfTpe7Pzi0IlNQsyQoAuI9mc4PzDdkYIxgYAIxgYxgV+5v7PEizfA6dGAe3NnfeYTjg+QwIxwcFsHORgdM8kfhzp8H+nWqzK6eXdAF1Dc7W5Y4/EEd/m5x1/cX9maOFvg3LauGZDZ3ZLHJwJI3VCy8HO4YU4GT1zuJH5/wCNNWFLJsurXX7vH4Z3urrWF09dnrofWeEdJzzXMKbWrwtZO6vs1o729PTV7H46+Kyv/CVa3EVBU6rdBQVAwDPIAQBxwoyfTnnA5/oH/wCCRWg3F/8ACv4nJFcyLaPrMEE0CMUaTfGoZeW4+U845H1HP4hfEH4e6/ZeNNTS10u7uftWrzvamCF5DN5kzFVQImWLbgMcnkDPWv6H/wDgkX4B8ReG/hL8RZ9c0y90meTxLaSxW2oWk1tLIggjYsscyqxQEDLDhmJxuySPzvx7zrBf8QjquniaLqSp5e4QVSPPzXptuMb811Z9Hb1PrPCrLMXR8Qq0quHqKlGpiuabhLktK/VrW+iS72t2PuX4m/DTwxZfCT4h3el6HZ2rnw/J58qQRmaSSOJyXMhUkyBwWLZznnpmvxN8Da9P4X86TTrqawu0tr+WC4jZkkt7hN3l3EDDBSWPAYMpDAntiv6G/iTZOvwR+IkzIH83w9qDgLtyTtlBPQ4POB7kLkAYH81N3NPZmcqxAFrqKAAAbWIk+Ugcg4wMnBzjgnk/zp4CZzicZhsY5151J0cfh5wcpNuFuS2+22ys/vuftPiRllCdr0Yeyq4apCaUYq6lZNdtU9dtXvax/SD/AME1v+Clfwm/al+EOrfsX/th/YdVsZ0fwzo/ijXnhY3wkZra0aSebLw6jaSFHtp1YPlBubjFc9Yt8UP+CNf7SieG/EUuo+NP2Tfite7/AA54oid7rS7PTtQkBtledfMt7e/sY3RHV2TzoVZ/mLZr+P34c+NtV0H4lN9huri3ca+9w5gkeJ43guPMWSJlZdkkZAIPXIyCTX9j/wDwTb/a9+Ff7fvw78TfsP8A7WN5Zao09m2meA9W12SBdQ+3CLy7O40u9mIkh1O0kCMqo6mYIFAJOK/0t4fzitjKdLAYyaWLhQhLCYtNJuMoxvRrXtdSTTTd7X11P8ovFfwyWBrTzzJaDqYNYmaxdBJuphpczUatH4vcg7NL7O9+Vu35Rf8ABWDwt4fb46P4u8KHTrvwV8Q9FXxPol9p4jaCSG+jMtwWeLEYkeRwXjIyrZH0/E7wr4a0+caxbTQysq3jkhFI8tNzAsADgY9QMnpggAV+xn/BST9nf42fsfeOLb9n/wCIMt1rHhnSLqfUfhn4tlilkh1TwpcTO0NqtyQQtxAhCTW5ZsOCVBAr8nNU07xLaR3V9oumagtvOWLz2tq8wPlhjJJIqLkRg43MenTIJOfmMlwOPyribNMNCHLTxVZ1aUYXknOVpNRV0lreySd2r9rfpvA01jeCssq4mVSdXCJ0a05x95xhaEZNtRs7KKd3ZPzRja14autGmWXSb2S4sZIi7QTh12DPTn8gQeOcjOM/J/7QLtNrOkyyhcmyAAV92P4SpyQcgnPOc889q+oYvE2qTrFFqJMkDKbdJWj24kJCuTlQRtzznJGDjJAz8x/HmNItX007g4MTBZDtIYZABKjG3qRtGR6DIIP6zgZYrllSxFJxknG7alFqzjZO7fd2v176J9WaQpSw7qUb8loyT2sm4ebdrPTXTq+3hl6ynSYIzuPlOSjdgQDgfXOPmHv16nlVbcxPOAvy7TnDKckdCA2Oee24emOovd40qMkjHmEYYAbuGOSO42nPOMEEADoeY28YAwMk8cE9fXr368E85FepUg4pe6ruMdJLRtJX1vaytrpdt203fyc4yTT391Jd/dtbom3ptpppvux5WDnBAGQM9sEnJ6nI44znjPrXR6ezm1DqT8snGcZ444PTryc544GK5s/LIRjBJKnOTgkjB+8MZzkAc4PYZr0rwnp63FpIZlBQuw/2Qexycbc9OeowR0JrfCQVaTi4qL6N9FdNtvqrWWv4ttCp1ZQad3C3X7r9Ftq+is7aIr2epX1piWK4nt33feicxscEc5QhuOBuyQPbrXrPhv41fELwy0cuk+J9TiC7FCNcPKiDrtCMxB744XHrtrgp9Dtz5myQo4B4zuUgHGcjjPI4PIxxg1lPYzxYZdpVcEZ6dMDgE5xnp2z15rWvl8FZzipbO7V1fS91bfVaP5PZHoUcfWpu8K0lbWzelvdWqTWuys373Wzsfbfhv9tz4i6GIk1NrfVYBhneZdkkm7nAI2hd2P4VIHzYGcY9stv259L1uylstY0maCaWNUXyGDRqVbJLHgnPGByeAwHavyou87mTYSAVy4bIHUMQOnQ+wOSOoIazp04gLADcuW+Zvm2nqoIx045HoOoHTyKuW0ffUU4+S76PVa2Xa3drax6VPPcVHSc4zjotU21s/LZJa69V2P3q8C/tbfCzUrGwtJtbjs54YEidLh1RUcYDA7tuRxjK5AJAI6V7/onxU8Ka0oj07X7C48zD/LdIWKsVO0DdwcDn1GMAMBn+ZO5uXjkeRJH3MVIKkrgk89D9TyM46jnne0Pxt4j0iaM2WsahayABh5V1IhUZUgABuACMt3xwBnivJqZZKM04u7u7J32aj53TVv60v6dHiWN1GrSu3b3k7dEk9bdV1d73tbU/p9i16KWMncHRSMcrIH6YIxnGBzyePTnm0dTtbtCpaNcnG7GDtGQp3YwOflILA4HAzw389+gftO/FPw0wNv4kubiFNoEN1mRWwApyxJbn0OedxxnNe++Gf28vE1oIovEOkW99CwUvPEwRz2+VeMN8oJG3bzya5pYaql8N0krJWa0svxkl91rq57NHOcHV5UqnI7Je/d9tXZ6JPW+yT72t+xtxHazoBGiPKQBhlBJHVmORhRgLuAxkZweK5250Sxuiym2iDE8sm2MA/KcZzzzjJ64xnsa+IvCn7b3w+1kompm50ufGDvf5MHqGKsQRnoRjvyM8fQ/hz44+APEMQOl+JtNld8MqPcRowyORncTkcDb1OCcnIrktKMmpQklbdpqzsuuqbT0vrfsdqrQqW9nVpyV1ezTuvdd9dne9l2aW6uu1uPCmFItZ5bdzkBS+4Nk7j/E2AexIPU8YPOLPpGp2sbElJgp2qGBDEDIPA5+b65PsMAdLaeJbK5CvbXEM8bkndHIG5yccqT1U5BHGAfpT5dYgmDENGvlbiVlGd2Ccg4J7dDnjco45pPldnZvsnbW9vl53eum2lwUpptOLd7a8qlbZN3Wm19db7aanjOm6m+keNruWaOUsLaNSFGCp4wUA4xjLHgZHfivV9Q8Vw32mJbrMfOjnEo3YCou1eAvGTuxyc46dCAfNrG5t7v4k3ikRSILNG2EDapIJI5Ug5B7kg5AOcLn1eXRNLvI3Bt0WV2LfJkEkZx228dBn056io9k5tOMV5Prry6O/VaterKbUe+7snbV+67avqtm9b9OpxUOqILgMW2RiT5juBQse55IBPc9MnjrmugXU47hVVvKJVuoX73Jxkcd8YIGAD2BJrP1DwXENz21w0IcD5M7l3ZB6cng5PtycGuYfS9a08NHFMsobJQEkkFc4ADZwDnbnpkdztrsp0+TlaurWk7Jpvb4rq17aNX76PVHDWrQuklyty2668urvfbpZ73Z2oukfeGjjBKsyllIwuc4VgAM/xYJ5xgDGQMm5srO5Ev2iKF1PUMgwQScFTj7wAznp/Dg5NcqNW1eN2S7tGkIKxq6KHKgAbiAM4OR3Gc/KVAxV211mGQusjvE6YBjmyqgjrg4547dDnA7V1p8sneHNF7X2Wi66/m73eiOapK6Tikk9OmuqaSezTW6Sd0u974WoeFrScyNFC0PlncjRMyFlOcDbkAHnsMcfSsMeH9as2drXUZl+X90Jzvzg/LtOCOB0GPbivR5Z4nAeLcxYZO3O0LkcjoTxkjnAzuztpAsj/MVBRFDxo3IbnuuSeOpyO/IrrhGFSF3Bp2vfRp6Ld2vpa++rSTejORVpKTXLJJu90tGvdvqraqzt+bbs/PF1nxVp4KXUDXER+VJ4VYEAcHaFyMY4w3P3sjGSfz2/aala68X3t3KjxSSWVg3kyL8wKnGTx0OcceoI4HP6txeW7RxmJN4yzoqkFiMdFAwCAe4GR0GMCvy//awjDePdUMaFQlhZ4AwobJIHy+o7gdsjKgE1phnTjWSV1a99Glpa710dtUu/ocuOqReHnFy5XsrN9k2nv5O/W/oj4zlIN7cNkBSykAYBDEYwccDBOOnBJOclhXovw++LPiTwHqEsVpK9/oM7gX+jXh821mgB+bylbIibaCQU2gtj2FebSRsLyXAz9zccEEZGCcfw8AjOc4A6mmwRtJK+Ogfl2P3QOvDD5sdwTjI6gqc/SUKblFWbfM2orXXSK2/vc3VX33PjJvlk5qWik7u9rWtq3dLfX5PzPu0aT4F+LmkvqvhO4Ww1RI/MvdCndBPazkZ326sQZI93zMqA5BwSDXg2u+FLjTLo2GoQtbXKsVgmAPkXHXklQAh74z949MDFcd4V07xZb3sGo+FrPXHvbV1mim06xupkkLEbVdo02So+ApXlSMgrzX3B4f8ADniL4m6RJp3jPwVrmga7b2yyjVrvRrm00y5BUBJZJXhjSJnwpG37zEsCD16amUY1w9qsLXdNJS5o0pOCSSd78ttFrpqrEwzTA1JQpTxWHhWnNRjD21NOcuZKyjzXbfZXeu6TPiPVrC7jtRFlV2LuLY4kUE4wwwDyT0BBIOR6bfwwBXXs4ZCLSYbSDgkA89DxkHOSMYGM5+X1Dxv8NfEfgyea21nT5pNMIb7NdorSIqk8EuAw2HseBjAOcc8X4Ks4l8S25jDKrwSARgHkY52keoz65znjv49X4HC1tLa91y3dltbr21dup3xo8tenKUHq1Z3fLK7ik01f1XXS/mfSmn3yzrAhKAJbKnHzMfLY4AbnOcc9CBg4xXZ6VLGtxFEoYBpFZg2cEAEnAGcN3PJ9TzXnlhblPnG5I3BVCR94rnjIBwx5BOVHBB4BB7jRXKXELAsAsZZiQeGHAIwD14GBgDg8E4rGEElGbV7yjdaPTRXTT+fTu+x61SeqWzbT0s76xT163TS07dWjB+OumXGpal4StNLj8+4m0iXy4nfyxveUhUDMQuSOgByxyAOlfH3izwv4h0TzI9V0q9tG+0qJWkhk8k4JwRIBt2E7cEt16cjj68/aDuLiz/4Ry4gmeGZdDMsEsREciSxys4ZSpyCM9yB0GMgZxfAvx/0XX9Oh8HfFXTba4hliWytfEHkKxVSFCG9wAwZRj96Dv4ycg8eth4UJOP2X7rWyXMlF3bbbstFotdO6PGxkFLmpuSvKK1u/iaVvTyT/ACTv8axpiVCQdpkUnJ7AdNp5GMc5GSRg46n0DTLqGN8YHIwdwwBwM4z3BGcZyRjOeK9z+If7PbmD/hIvh5dQaxpDg3Dw20onAiALAwupOMZClSQw2ngZzXzpJbXVjcmC4gngeJyJo5RsdDgh8hgGC8Ek8AgcHmvdwb5G01orJu9kk2td3a7d9dnsl0+FzPBVKMbqCerfMlfr1X4vv8zvluUcBmO4YCKQuDkdBjoVPzdM+vFTtI/lMwIBztYMMkoFyA2McMeSWLcjkgYrkLS927NzERkgDdk98kZH16n5sceudmO7hmUsrkhpO+7ZwPmxyR2xxkA5wM5repSi0+WF1ZWsm10tpfW99OborWWtvNwtSok9lKK0VrN7aW2eqvLRb663Z2fhXxb4l8H6vbar4Y1e90u8ieNt9tO8SFlIb97GCFdSTli3DAgHvX3Z4I/af8AfFK/i8B/GrTINP8QOkMGn+MLaNYUaRgNjXckYDI/OSxIXgltxHP58Wk0Mis6ghk2qF6g4IzuJJ4zjqfXrXF63cpD4xLAq2YYAVTGemcegA6jGAMKM8V4eOoKlTbhTs3JNyV9NurT/ACSvvfVn3HD+YYmdVRm06S5dG9HZq2j27Ws1Z+qP1o+IfwLu9It/7Ss4YPF3hqVRPa6xpbJNcxQuFZGLQ58xUBB4zzkHDZr59ks9T0PE+nTPdWkTKAxUma3CN/qpkJDLsyQSwCZAxgDBwvgv+0n4z+GZjsHun1zwzvAuND1FjMBEx+b7O8u4oNpOFAA5ORjNfa2lf8Kn+O1u+seCNQtvC3i1kZrjQ7xo4RNMR+8QwMypKjMMBlUNwT1Oa+Ox2Dw+PpzpYinGcbe8mlbZLVSTtu1pdb+i/S8PVnTmq+Fn7KatdJuPw8qT0Ssm9VdtbdT510L4gXSwlJo0kIcM3lgxsMkgk5IwpBywBxlunUV9L/Dn9pbxb8OdX0XVvDWryWNzpciT2k8U7JdW0o7JjGAxJJXoRnPUV4D42+FmsaLdPa3tqdJ1M8xvGJBp94AflaOYbVDt2UtjnoRgjxnU4tX0aU2up288cikbZ1B4wBht4Gxlb1GW9eK/EuMPCPJc7p1I4nB0Z0pxacalGE4tNLeLUo29U09FbVJ/ofD/AIjZtlLhGdSUmuXmcnfTS6d7qS0s7pra+uh+6nxa/bB0H4n/ALEPxl0/xn4hk174n+I7cpa2WpMm+wVcET2T43LuUFnUHbnoAdtfjr+xH+1rpfwGTVU17N3DeJcwxM5yLeRzsEiqBhmOcANzgEsM4K+F+M9e1f8A4RbVoUupmh/s+VWYPt3blztcj7xK+pHXGMZr4g0zUpxaohdwPMJLe5Y55Oc9844NfL8DeAXDWU8I8RcKxjNYHOcxljatKmlTVOThCHLBwS2kk9VpfTcy4l8VcXDPsqzbC0KVOrg8O4cjScJuck5Xtp11b017Xt/o5f8ABLn9tD4WfGD4dr4ah1jR7HxJa3D3MUBlit55QWJR9pK5b5vQHg9Dwf1budCtr2TVrsXMcV7eSxTny4lMVwBtZcEDDll6HOcnJ3Zr/MV/Zk+Oniz4W6nHqfhnxFc6DeROJUuoJGUM6lSq5DD5XxtHfAOOhNf0DfCP/gt78ePAWjWNr4q0rTfG1naQwLFcXLJHcOiABXZlAYnC/OS24ZBYZyD/AAL4yfQ84syrNcxXCuHq59kONqVa8MHOqqOMw06id7VJ+5WhFyaTupK7i1ax+h5R4kZPxBGGPxGKp5XmdSEIYhN3oz5eSzptXcFJLW6su+54X/wcMJb3f7TmixXRzJa+DLWKRAABFt3qrEgZHXI3EgY4ziv5itasGWZzBsxjKnCnKg549TgdSedoBxjNfrD/AMFG/wBsW9/a7+MNx8Sb/R4/D4m0yPTk0tJBKkKxAnzEZTvKsSx3Pk4xkcV+Xd6yvK20JhgQGPQE45U5OeMZDcY5wc1/op9GHg7N+D/CrhTIc4p1cPj8BgY0q9GclKdO1SUo05uLa92Lim07WT9T8K8VM3weacQVq2Eq06sFClFzg7xfJShBtN205k2m7PS7R5vKs8ILK0gIK4aImMk4znKgcZPGec4781cg8XeJtLKHT9e1e3whCrFeSqsZ5JI+bAH0654J6DUnRSW3lGiGTwAQCR2AxuA5yuQc5xxyci+t4fK2ABiwDZHynHJAz1HU47EAjjHP9K06bikm5Oa9d/dXV7LTR6tL3n1PyZ1Z80rPS/bWylFK3RX17WS77dP4R/aN+LmjmWOLxXqE0dvcMAlw3mJglTlizZJwT1H55OPZdF/bE8c2oMOr2tlqali7tMi+Y67mzjAIBbB5AORxnJNfFmjwoZ78DJC3bKFPAOOOcnAA7A4B4/iHG6LR5h8qkDouMA7lJz93+Hdnry3IyAc1pzVHaUZSjbbld3dNb76p/wBMqVacJRi5XvZXUVq/dUrv10vbR2S6n3ra/tP+AtdMcXibwZbIp+WSX7PC4JYHcVIUvyM4bqD1BABN+O7/AGevF5d4xaaXK7YJk3RFWYbipGQoUDnoDg56DA+E7a1AEe/emeVG0tnGPTBDdcHljyBwTWpFblHXaTgZD4Q8c+uMdMYz1IyMZzULE4hu+kk2lqm/5d7prp26tLqjpjJKKbitU7pbeVtbK1lJ6XS07I+yrj4D/D7XJJH0DxNZtgFo4jcIUdiQyKAzlgOQWOCTz0xx1Phf4N+OfC8trP4W1O9hmBJW90+cMq5OFVWRskcYPIODkBT1+HLW/wBQsJIzbXdzAx3FWjkZWyc8bQfl+UjPOSDnvX7n/sDfDKb4u/CM4upr/wAUW2pMii4uGWNIy/yITvyWI2jPfjJBwK/PvFLjjIOCuHJ5xxLl8MVlyq08PXhGEZq1ZxjHnhJJSi7u6drp2dz7HgbIcXxFm6weX4l4XFQpyrwqczi17Plla6s7pS2Tv5WPk/WfFf7Sun6ZqnhnUrq51zS9Rt2tHW5T7RI9sw5jWQBimVxxkfMDwWwB5V8LfjD8VP2cfFs/iDwZYXOnajdRNBcC5t2ltpFZjvAJXcMnoQBjIHcgfqF8ePhRr3wr17TtBNtJca3fH7Sqm43wxwYxKhAO5tpy3X0zkjA8KuPD3im4umE3hfRdcJPyRmSFXAI5VllGC+eD0yRwTmvy/I+JPBviTJvZ4LCZbhMHndJVauDnThh6eIhO3N7WlFJS1TSb2fW5+lY3IOPcsxSrRr4zFVMBNKnXhUlVcLOLsnK7tG97ej3PnD9on9u/4zfHfwK/g/xpb2cWmo9u73KxobgvAoC4Zhu2nso6rx715x8O/wBpO/8AC/h6z8O3uiWupadEoVTKqBnj2kNyMgNkE/MQSwHORivVPjXZ6HpWjO/iTwAuhyzTJDbyiJY4rlsjcsEsY27lwRywB67cgkcJoPwu8D+LNKtpLSw1bT2CqN8UTyR7ioIchCQwHcnnpkkc191lvAXBFHIoZbk+DwOFyqVWWIpUcO+Sm6s7KVSMlNrmel2nstVvf43F8TcUQzWWJxmJxFTF06caU3WiuZRVuWPLZWTv2u9+hj+MPiV4O8XKv2KyGlXEhZ5Y/MTywWGWAAHy888AYIyDzk+C6rqdqtxKY5FZSGHykMCSflyo46Hgnnockrx7prH7OMYuGGk68qOGIMN0hR84yAQV4x3yRkDnJ5Pj+vfAvx5pb3DW8a3sPJQwyKQ3IAwpzgluMY7YOATXtZfwpTy6iqOEkp0b8sY86kkvddl72umy6PR73POzDPMVjWqmKoJT0vNR5VK6i7tJWjd32tvurWWLY3CPcRDer7ipOCwCjH8KlctkjoQSMDj7orpTIuxpMqzDO3BOcjGCRgHcMdM87Rzk8efN4R8d6OHN5p15GVHysIXcADkEMAOoJz/CM4/hNRR6vrcCMt5auCg2HzI2RlIG0nDsDnnPP97HYAZ4rJqynzezmk1r7r10S633vp06O+hwUsdBUVF6NTi1fW6XKvLT5dLPqd1OFdVcnIbLFVIPUZUjjjnpjH1PWvSPC3iTTrzRX0HWCEmVybS6lboqhgF9FC4O3BPJ5yctXglvr7yMoeGTdlQuwGQsMdgOV75wMcDDMcYrajrqxSKyORtyzROCjqehUA425K4HUdsnqPFxGRPFONOTcJQnGUJxbUoyi42s7rS+6va2ml9OzDZs8NKVRcsoyXLOMuqk43W2/Wyve2tuvSay0seqXSRSCeKKR2DjBWRRjBCjKkjoCATz0yaxtQhaSwvJmIf9xkJuxtzt6A46/wC6eh4xWRbazHKxd2Xa7BpP3m1gOvXPPQZ659DyRozXNtPbXIjbJaF+S/yhcjGFLDrycHHI6CvrsLg/ZUaMJ++4xinN7t6Wbfb592tTzqmYQqTnKLspXsrqyvZXSurq/TltZvex13gS9vtHisL21lMMiBXiKMFO9TuG7gEnjB3cdTgda/Vv9mf9pbw0LvT/AA142RLG8uWhgttXL4gkmLbU+0H+EljyScE+ma/HzQruSWO3hjY7R8vl5PzHOOoIxwCf4gc9QOa9j0q5jt1Er8uuxicgGORDlSh4ORjrgE89wRX554j+GmUcb5PiMHi6Hs8TKlONDF00lVhNxTTi95JNXlF6O2922fccDcc5hwzjqNXD1faUIyj7WhNNwlG8VJJbK+2lraNppH9UemlHtLe+tjBewzxxm2khwyPE6giRWGN6kEHd36ZOMV8F/t5TXGm6Z4SYSJIhvN4XGfLZiCcrlTlQe+T+NfJfwq/bz+Inw60ix0Ga3sPEOi6eiJbi8x9qhjQr+68wAswVem9iR0yCNp434/8A7Vmp/G2TS2m0220uCyczi2hZZMMFOd3yn92w7Dn+7x0/hPgr6PvHvCHiJSzDGYaliMmw1WvyY2FZNzpyTVNzpX54y1XTfeVtT+q8+8V+Fs+4TnhqOIlTzCrTo8+GnTaUZpwcrSSakttX2te5/QV/wSh8QWzfA7xlpkrFTDrRu45MHBneEHaq+uSM4/UjNd/8aLgXvjG6maUMRZyYAPMibW37iB13cA9vfPP4Afs8ftpeO/hJ4WvdO8M3iWVjeX3n3MZj3p9phUbCBjlWO0MuR/dwMZr9CPgV+0pdfHddRvNddBrdg3lzFQQsyyMT8oGcAddo3AfKecV+EeLfgbxVkniJxR4hOnCWUY7ERacG5Vqbl7NOUodI8yl719E73Wp+k8Bca8OY/IsuyWniF9f+rpOnytJ8nvWumr6NaNXdt9Fb4/8A2srFo9E1uZFaNkvXIXgkoxyeT1BBGcj29j8C/At7g/EGTZJ8/wBnCFSAVYMApVc9OT0AJBJ4wRX6P/tdoZNO8QKgIUhuAQBuUAkgY3DjJz6ewr83/gEDN8QI1KlQ7JnAzhlcDgdSM8H5seucYP8Aev0XKzrZLg+ZpzpypJ3tfRR0V7a62+Svqfyh49UlSzStBJxjOnJ3jfV3u77K93o9VbV6aHAfHS2Fp8Wbnzt0e9omX5h8zYUAuQ3yrz06fdHU4Xmb+4iZ9ihSwCliDkMu3BXBz6HJ9s44Oe7/AGhsTfFe5ZmwyXMcR3IAxUYPXIwCTjA5B6Y7ef3UKpKzhW2uoXGBwepAx1JXGOePxGP7Ix0mqrdk9m1tppfvbtfSyf3/AM95fH9xJJtpNdV0UXe9u/bp3sU0OYyF2lFGPmHRsgjPTv2xhjg5APFuCdPKVXUGQruCjAwecMzHOAeuPXjgAEU2jJVkVNrBQzAtngHjkZ7AEc4yBk9hYt4sEy5zGVIwQSp4wR6jB7fxHjkDNcN4y0dlr7um7WltPh3V+jtf3W7vqnJxjro7JJLu7eW1k9dndq60LCsTC7g/N90ggDjrwzZHBA2kE9xnrVeWRgG3YZwFA6htxGMFjznd1A4G7pmrG9BEW4IBwq9OG6EcgZ6e/wCRrNuwuFcfe3Bccj5gc8HON3BJxx6kjit6bSasrW6J9Vy76NrRdd+97s56jlyq82/hlp2dr91pZprXq7J3LZvbuDlLmQOoC+T5mcHIHfgjAwO+QeowDqJ4g1QKQzrKFKKfO2kAf7WSDk8jK56dSMY5xlIDBy24HeSfnJTpw3PygjJHoc8Do6OVSpB6KQXYnO4bh2b6ZA27sKCcE5rrTvLVO35NpKyvot7/AAq2trLbFV5xaXO7vW2+3dPTZaWsnbXU6K816wkKnUdMt5S0ZywXa4YjHAB6E/N8wIB6gZ48W8bz6bcQTNZwvb4c7tzFkYAHG3aScjjPygdSAADXdam6NkFy2QpVj1I567iMDbgD1APqK8x8VOBbzjGDhQGVeGz82PXIOQMLz3J4rRpO1o93s7ra210m9bO9l0TsycVWlOCVnZK97PX4bOySs76rt2ukj9bv+Cdkjn4S+MQWIVYtQRdvI3eWfT05/vDqODX5cfHrSNXT4iazKNPu2t2ln23CQyMjHzmJG5V2gjqRnGTk98/pt/wTru1f4a+KIwxUhbpQoJwxZCQzDpjkg9geTjrXyR41+NMXhz4na/4f8QaDZ6jZRazcRWxWKOQhWkJIcOu1t2eckY5OMDA5MvrQhnNdyi9KULWeu0bW01+enfW1+jGUqc+HcM6kuW1WTcntut7J222Tve673+GQ8sKmJkkiZT0kRhwR05GPqOMeo4NPN7vwx2ZyABjgjrnd2PONpwQTkZGBX6VL4u+BHiaBV13wbbWFwUKu6W6pu3KvzARAdOuB+Yxms26+CH7PPitQdL1dtJkmXfhJcBGbJ/5aHGMHtxjPbJH1ft6PMk24JpaSW3vR1V9rLS2mrfkz4t0KVRP2VanNX6Oz2Wt7p7tXs9dtD87FvY9wLHgHGGCsB1znA43A4yAce4NSRXcRdUDbMBiRkkZ6AZxkE8fwjrjPQ19s6t+xfZXbvL4S8cWlwmcRJcSI3BHH3GwfQ5P0yMmvKtb/AGQfi7pazNYWdrqiRbmU20qszISfmGfmGRg8Z7fSqVSnOypzg7WTvLlbdovZvrfS2j7WZjPATXNKzcbX/m3tfunZ9E3dq7Str8/fbBHuKuyOeWlGcAg8NjGBuHynqcg9DitCLXr23VEgvriNgucCRgrYLZbaDgEhjjjnkitfWvhD8T9BR/t3hfUwiZ3vFbySoOoIBVT3Azt/Xv57eWesWZYXum39sQQp822dQuMhuqgDjHU8jGMZ4HzrTl5k72aV9FZ6NN9dmtbLXW5zywjitG0r3ej2tF2Xn3a1TvpY9R0z4ga7ZKsZvZHRjljId2QOQc89eODnqBt6gdRafFi/XK3UEUyKSC4Yq+F5z26gZPp0JPWvAVvyMR4dCMAbgcYwD93hsHp27HjdxOL9Djk5A5JXK/jxk4GGweucjjmkuZbws7K7ty3u1fp0W7VnpZN6yfJPDT2tFa8yezd+Xqmr+e2mp3viPxLa6vczXEcbRmbIEXJxIerHqR6d8jHKnNeVW2RPct8q4ugFz15fb64BOeeOxzwSW1hcRSMB0IbG5D8vUcjkE5zjIHIAGM4rLtVUy3RO4IJgwYEsTk8HI7AkcAnIznOcC3JR5XLS2ztbfl6LdX11ab/E6aNNQo1E1Z2jdrvdJu7vbrbS3yPszwZrGiNo2n28t7b+YsQWQO4GGVQNuM9e2ORx1Nej28Ns8Z8ueKbdhk2EMFyw2qAobj5RxgDjn5TXwjb3LQgFHkXbjDKACD04xjOMcEgBT3zk10Vh4n1axDfZ765G0qVk8xiF9iAe3AGMeo74h041Zczla7T6rR6W376vRa2Uul/LdPkbUW/LS3bRrT0W7au9NT7Nl0tJ3DKBHsJDbVzuPQDJxwe2OmBknPGRc2Op2pU6Xdz2zq7NsWVgoKjP3dxzyMgEYP0r5ys/iZ4mtZM/bXmAK7g+CjYHrgEk4Occg598dlZ/Fy7MQ+1WaTMQNzI+1mJI5HGOOeS2WOMEDIqPY6ppKSbW1r30959WtNrSiruyWxShOMb30+1qk29LaP3dLO9lt11PXbPxBqMTPb+INMXUklYKlzsAmC42gjaMZPViD1yQWHFdvpui6Bcos9nqH2SdsssUhKrG5BDRNjazDI6EkcEHNeM6X8VvDlyFS/imtpAwCsVDqCOrjgnJ/DJ7V6DZ+IvB+rDfBqltG42lcuIy7MQRuBA6cg7fqMVTlKLScJRtZXitOiTas0n3diNLWk0r7aJX2TunrdW35l26ad/DZwWmwXMaTRlSHniIBbGADnsfX2Hau60fTPDtz/x8rtEsWCGGSBwBtZck4BHUEnPUE5HmQbT2hgWG8yroQ0iSCVAMbt4QHg8DK4HYZHArotBhv5DN9kuI51CgRoWLM2ccIvPpzt4HfJ4reGYRpK0pvTlb9Xay13Tu/PXfqeZXwEZzTUE3Ky0v8Ls+nV7Nee+h1useEdLigklsZRJGeYllY5AIJYpnBB6DsoI59vzB+Im1fF+uwknBnlyAevlkAEEZOQcn885B5/TS8bVobUvcwl02hTtDSCFgpOeMhc9MeoOOAMfmV8RSo8d6mrLy1xcucAKW5HGcHBO49sHHXpnupYz29OTi4zb5bWSuk7bdez/PqdeX4aNDEWbcV7O/Sy5WtndWVr+d/LU+Zh8vThecjGQQTjkYOfQYxj1FGcBhkZC87QCBwOOeQfXODxg5PR5UYBAIwdvBxwDnJwQedvfgEfjSgJzkfeJ254yOB05PcDknI+tfEJa22vb+vPT9D9G0/rfR/kn/AFqRKo3DGQxO09SRnhuvPv0H+PQaDoNzrF8kEat5e4b5McKpPJ54yMHaMf8A16mmWcd1dxpIwjTcC7sygAAHgdMk89cA+mM17X4dEGnQyvaRoqq2VlPBJUfKOOTtI4CjJ4x6VFVuMGkrvSz6K7WurX3W31eiYlz/AGd/v7aN9G9bPW979EdRpOi+FvDFtGLi3S6vSUXdLHuIc/NkDBGRwDzwBk9DjQvfFcPkSwn7GltBIGt4gPvOMnGOB1P0ByOh4wrmeKeBpLh1Afe7yrkSsSMHZuAweRgcHgjruNc3dWGmzW8XlTNCQrOZJCW80r8xySNoH+1weM5wK8ipheduVSU5PS95O3RaLV2T67bW7nDWjUd23Lpto2ly3WqSdk2k9PeS0VkXdW8XXF5uWIxQwiPaFQEAtzwuM4HXdgDtn0OLHqsvkL5spweYw7KOSTuO4HJ4I6npkAZBJ56UW1vO8rP5iKeEx8r7eo/HIPA57jua0s9vfBHEkdsiHJjzkbSTxgHhSBzjBwfUgVUKEYpJJJK121dJ6Xt1abtdNNa79DjdHma0bV023rr7r7Lfre9lpfdG3earZqGBUO4AMeCQdwHIJJG4YPPPFY0OsIS6AtEBtL5YEBScNtHQZBycHJJHSsa82rNK0cyyhUJyGyVAUMAoLZLMc5z/ABZJ6ZrClugoZQMk5DPxz0+vUcYGMck9zXVTw8XFXvd6p2slttbd6+Wjez26IYWMoWS02td2Wz91ttLe7SXvWV9DtJtagiRoolRmIIEmCHwG/iY8EkcZHIx0wDmkut5XY+2RSm0oThlJIyT2PTGe49xzx4lzlju2+5zjPHrz0P554OalUA5Z2xkZXOSAMjjr6DA98fjvHDwino3a13+d7JaOytr1fWxosJCF+91q7X6dXfT3YvyfK+ljohqDLOSpSOMLgHgjnuMEZKnn3/E5J9buNiorl8cu7D7w5BIB646DGMZGeBmsESRqQCCTnqWO1c8bsc/U84PGR3E8ESTuUJ5VSzs5JUAjtg8ZGcfmR1Ir2cFa622v8v0ivle5oqUYtO70s9/TrstFqn28rF+K/kuGjVmKqrYKoSCSWXCgHAJJIHYHPzMQcnpJoY0to9xdnf5pgR9wdANzDPAHPOOhzngc1bPDazfvB5gRCAflIQk5UgA8j3x1HGcVozXc1xE8SPmMsBufAZiASMng5IOOD07es1IN2cFay1b3ukrLo2krLW2t9HZoznGTmmo+6t7JX+za2qulrp37XuZfmFrvZarwzBVLHjGMHcenHc8nGPTnReytFZFkzLclwZFRgVxkgewwxHXp9DWnoumxBTNfsE87dHEoXJ64BJzkADG0+meh63L+Gysn8y1QMBtjd2B3bwMllJDE4IB+bpwCACQM+fVRu01q21yrTlVt+jtez3+zqP2i5kk7W0106x0enVrXV7dEW7bT7eCGKMWkW+Qkuz8lVIyGbB7dcdeuOtZ/l6RC0jyxbpE3AMSSGfOQEUAYT0JGenXaDVOK/v5oWijDOC23eR85PAVB1HPpnPB6k8ynRLuJXNzmIPHy0hBZWblVTGQSWHBHTnJNTZprmlv0u9F6rbVem9norTyyUvele7bsmr30aul5u+3npceiwAxzNIIfnDpEqgZHqSADjrwDgsRhayNV1WaQsisOHzsUEF0bAyxxlfoMjbkY9K8lvdOfLGWZNojTcTxnBx2z0IXPBwSSRirUmiXmxmaNvNULyQSxJHqcdDk4JHA7mnGEFJSk+1k9raXeunTW3fbVW3jGMeVzlfRaO2903e61Sa2WztZvUzDJASN6qTIMnCncMjkZHygc5Jxk9+Oa2NLsLK3Rb65w6MzhUYHZ6jJILZyTzx2OFPApy6XLbCOSUqOokJwxyMjYR2zgg9RznoM1ZN/DLCkSRsgVwQSTsGNvQc45wfTjnuBdSzVottN766J2vb738ktVfXRx5k1FuzXZ6babWd2k3+aR20d5BbLFcrIxcKPKCnaI13napXADeoPUHg9aq6t4gjkYeXvZn2GRmbAPqOx6knOcZ28cc8hLdyGYFjlCnyxjKrlifmCgEAkA7ex65OOYVjuJHXIZ8ANjO4gd1HOcjAxnnOO5FcjoxTcrpttPXSVny/D0+dmltpYI0uVru5WVleT2va9n22v9x6Vp2sfaImWVpIYiBGSpYhgo4DHP3cgEkcc8c9KuozWjqTC5EinayqSUAHU5672UA4xgY65OTmaXZooit7tpI0kBdQMk45wCQo69COq8AetdPB4Ivb+Zo9PdXj8p33u5j2fKWG5CRkAEjdgdD94VxyVKlUvzJXa7f3Wrrey31/A9WjhZ1Yq0Oa1m9LSV7XbVrdvmrb6ri5tVW0ZSg86ILnLkZU7SD97B9TkdPTg1Hf8Aiq5ltTBkAllKsFVSMAbSSp5O3HJJzgfhk+IEhsbiaxwWlg+SQo3ylwWG9RkjOep54BHuObyCoVSXB+/kE468ZOeTngHjHUg816VOlGUVPlvs10aTtrs3tq0nqutzCpanJwjpbSVpaXSV2399736qzvpbmu5JJA/mEgDByc8OOe+ScfL6++BmoTdNI21xkKcKPTA4LDOCGIGOw5PeoWWPzFyQEYEE/N8uOxHfg5IwRnI6YFIFVHU5VkXnAA5GBgA47DqcnBGeDxXQqcEklHqr2Tu9lqt9nta7XXc52nd9fy6fN3ez2/AV5CVjVunzZJPYscZwOBnsSRjsKAjsjsGcICBtBHJPoR2PcHGS3ORSSGJgCGG4fLtAyMk84bqeenuSOOMtyUU7WHC8kEgDOBk8YJIA4PqMkGhpJ2W3ezbTVm9uu+3zt0fVfK/b57WW2736pjQPl64yDjPLAk42+oBwM4BGQP8AZI2dJcrfWRU8i5t+uP8AnpHgcdQVPTPXp2zjohLKNp6MdwDMSSCexwcngDHGc966LSrcrf2DOuGNxakqxwMech6Z+gPGRnjocTNpRvdXtotf7ulvk1q9L38ioJqa02avrb7UV082ulj+gbwHvfwj4VkQFHTQrDc+Aww0SqMZGck5+o547+l2z4jCSFcYwxYHcXHQ8/xHn2yeuTXn3gNY4vB3hfZks+iWGFU8q3lLgkFemAMk8/hnPolsishDkZYZBxkhgVwBgZOBgfe+YAnrzXkyqOKdmrXfndXT0T8rPXpr5P7Oi4qFNtWfLBb6bLVr5rps7PQWV0EYYt8pVsjDFgSDgAZJPGQV5XkKexrgbW2mma8ZuYFmZmGCWOScZAACnPHAyeeOK9FuEQ25dCMRo3DDaSSOQQccgAnIHOBnBJrmNCZJftqgoAsrYAUnecHg56jLcHkEAYySQdMNWk3J7PR8zs+sdb7PTv106MyxXLKyWjT1v1tZt9/Lpdp7s810FXh1DVY9mxGu2UNn5sEkAjBzzxjofau5jmREYuGOF29SMH5ecAgAk/1HQ4PBaTcJ/aesBNwIvZPLVjzu3ngA5AJySPmHGOMZx2LCVYUfHzSDkMoODlTgY6g5wCTnjBOSK96jJ3jfW672srJWt639VZ6vbwGndrS12lve65eiVr9b227vbora4XZyRt2rgYOcnPfGeQAST7/SvNPiAyNJbkh9hU7XYhhuA7gDoQMDOCApOccV2do0u4q4OwsCwJ9Bk4HBO3uepGcdmHC/EaTabXy1ZFKFtxIIVTgZPTjB5yM9M8CvochaeOpNvTrZ2s3bzvpezWj01aszxM5cvqdR3XwLdWSV0rWd125ne/foeT3U+ECqpOAQ4J4GdxG1QMKG4/LPTGMeSYv0IAGCBnk9Mt1ySyt1x8pBI6itCaUbEJCFiCpAJydx4JHcY69c4JwMAHIZl3EsV3ZbcDwMqeOc4IB99wH4V+lqXLFR5m00ls+0UnrvKSeuze+yufnDV5q7Vor77311776X8lYaHJIX7p3KByWK4JJ57Y9QOe5pWVuWBXI3EMeM4HHOccYxkdzgcVV3xBdwwpByVXJYls9D0C9wQOBuO3FBnBJBUvtHBBB2A/X6HAGDnggVnKdr2s5K14trrayt/Kt3p26FpO+/SO7ur+7pdK9k/LZqzavazG7j5TySPmYArxj72CM4z2ByT3xXQaSqeZGCWyWPzdCSASvHcDI4B4yc8E1z8EoJOCuQmCxAY4PTAwRliQB0IGTjmtfTZ2WZRIu7gCNR95cggk9uSB26kZwWxXLWm405uyfuPvvpu99fO6ve3cq9p011bjqtbu8eq1a03Wl1rsfn58T4lbxpr5EZbdeMNzbgw+Y8jPOABxyOO2civPNixQMSNx+doz0Dn0PXqMDB7D5R0r0j4myv/wAJjrhAOHvWBZhhs5JI6A5wevfHPHFc1oNtZ3byxz7ZEXjY4KqI2PJDDoxYHjkYyR1wfwrMKnJWxFRpu1Wb87trTe1ul7K/3W/QY1HGhCUukIK1r391a773trbtdduWs794Fhkkj3qjgJxtAG7dyfUnOD68dScb0viGJ1jZI5EcAkkngsMgAkgnH1PXnpXWS+GdLn8vbG8cO/BAJw+M8gAYAOOSOoJPFSnwNZzL+6lKQl/3Z2HJYZOCcHgkAdefpg15bxeCfJzy5XZPXRrRadO9tW1buYU8XCTk5J3TT10ve1rbPXZO66LbQ8hvdZaZmLFhJu3LtBBA2kEgZ5PfkfXB5OZJeRsAzL8zqwABJGTkngkr82CduN3tnJr03UvAC2twyNMJhICRtjLJHx044OSTkHGQOMsTjl5vDdrbziAFpGAyjnfgszBm3KASMdO+D26V20MRhpxTpzjK1rJb20vv1/urRXd23t1xqRlbVa2f/pK1V2t/S1u7OIllkMflABWLHJychSSWyRx0zjuB1IzVZyrBcbmwA3Gex5Gc7sE5z6nJxyAfQo/CEz3BCxuwVNx35EYHUFj97aCCATgkYwxwKzLrQ7a0IheYGdSWKwgt9AfbHPb9a9GgpVWoU4OWyvq1bRaWs73er8nY05o232V0t23s111876+mpxyKzHcCwYKWC9z6nHbrwcnOD0IpW3ynkEAANwxJYn6Y6k9uAAc9cD3n4dfAH4m/FK8tbLwP4E1/WzcSqjXMNlcLajccBjOVEQUZHIbAGe54/Wb4Hf8ABIjXb+S01v42axZ+D9NWOOZ9HWeN7yRchtjYYMN/KnBBznAIxXsQyjGzjGU6fsoNrWbsmtHpF6v5d76pmSnGpLlpqUnLok20210Se9rO9rbO91b8UfDXg7XvEl9DZ6LpN1qNxPtEMNtBJMzMD8xfYhxkjBJPqevzV+kXwT/4Jt/F34pSWV3riQeHtLmjVz9oYGVUbGAsYLbpGH3VbADdcnNfu/4B/Z2/Z2+EtjDpXgrwXHq+p2KKHvfIUtM6gKXN3Ivm4LANtXIHTqa9+tNWlgsRbWOj2ehwr8nkWyILnpwBJ8p3cAZBBOPY13rLsOlFRk69TS6d1BOydrK76Lqntpax1UsNVT5q8o0qdk7L3pu1tN0l2emm2vX4D+EP/BL34JfDb7FffEHVhqtxFsmntmSO4uZWUqRG8S7okVmGQSCxGMjoK/Q3w9f/AA8+GGnJY/DD4e6RpIhhW3XUbi0hjlfbgJJGiJw3BJ6DOASMZrmdW1d4YCDHGF3AF2Yy3BY/Mck5LHueRjjjjFcXe6lHMPm8xIwuWaSRUVipPGCwIOceg6Hnt6+GympOmldU6ejcIK1tt9b/AHvfVXMq+Y4XDy5aNPmlFJKckm1tqr6a6vs0uuh03inx14o15mOoa1O6Z+W0tX8mFUOflwp9OPXjsSWHANLLICVTa7OSeru3HLFjnHTPGDu5OQRXKat418Paassc1zJeXTNgQREyPkEhQCpYdlB3e2ax7a68ceKTt0TTf7JsJBsF9dhhIqHAJwc4bGGGQO45zx7FDLqEYwdKnzzSSel3tHd66dfO+uq18XE5jiKknzVHCm1ZJS0tdct9dfKyer6WR3F3qljpimXUbuGFNuQ80qlw2MHCbhjjO3P0xjNcJdeOZb27Fl4V0u41afmLzvJbyVZjgBX2DkluDnoAM5Irr9M+EGlxzRXfirUrvXLklXMJkcWyNjgKFIGBySMcj0xivUbe203RovsulabBZRIBta3iVHyDgEsQXODjJz09cmvVp5dXdrxUI6JrZ7LRWv3dnvtdaHmyxcE3duU7rV6PoknZbNPrbzPELb4deNNab7X4m1I6PYsAxtYH/fHeAwUhDyMEnJI75Hr12l/D/wAL6IRNbWS6hOFX9/eYlILH+4Tjqc4/+ua7mfUXuDLHJuKkt829zu28/KAoXPByQPXnBArDlvFUqnO9xj5Gx90kkuBgHjaAc5GTjPSuyGXUabjOV5NW3tprG1976bt3663JqYm8Y3bSaW0uVpN9L9Otm2tU+6NtblIYRbxLGq7TsRFEYTC5IUAZyBn6rzyMVmXV1tZUJEihc7mJLBsZ46t1xyQTwcE5IrPF5GxKTPtlyxVx1GBkDA9ugPBGQMAgVkzzqVmkiLKy87Sx5xg5UnAwQpAGQOxz26acKUZWa2+HS2nu3adnt536X6nNiXJxjKMr+6+qW3LrvZp31Ttd37NFua4mlZlD/MmQF3fMewOc7SQAeuQMcZFZNxdyRlS7tuGAAMjGCMLx1BHBPOOgweDW/tSJHWRyFYAgozY4UfMxJ4wTnJ4JJJyea8/8W/FTwb4YVrnWdXtYRHkCGOVJJ2bqF2A5HPGcfeAORwa0qVKcI3lJQSsndp7WvbZeVvVbPXx2q1VpRhJtPRa2u+XZapK9rdPkekxapBcMY7gZTIU7s7kIG0DgA4JxwR0GOmMRX+oWOk2xuZ7q2trMbmMtzKidickM4IA5GB8wJIr89vHP7X1un2q18GafkDev2+8HzgnIDpGAxbkZ5A4wMYFfJPiz4r+OvGRd9W1rUriORyFtYXeGAhucCJCFcAf7PoOpbPh4rEYfmvRjKc2u1ldtW0ts1fXRbnt4PD1lBSrOMFbVOSbtZbq75btfekna2v6VeO/2kPAnheWWGxuP7a1Jf+WdkQY9w4A8xdwyGUZwwyoI9RXyb42/ag8YeIVmjspV0OyJASG1A89xj7pkPKluQTu47ANmvFfC/wANPHXi0wXFhp89rZyEA3d6hQBCpG8HIZjg/Lg55BDMThvqnwB+zBptvc293r0kuqTRlDLFKStohz042kgnnGDjbz3J5aOBxleM237Om31aVtIvZLa/Lsrva+9+ieIpU5wjFXm7aWUpLWN9nZaaW7Xs20fLsEvjTx3cL5EeqaxK0oPzvNJChYZy2W2Ekc55A+XqeB7N4Q/Zd1fVJXuPFd2mmxyKsn2a1UtcsWAYqeuw9sYBAyDznP3xpHg7wv4YtIorC3s4VU4+y2UKGQkcYaRVLYPQZ4GPXIPTHUNJtYJWNvb2EYQEz3bhJeACWXOD05GOOfpjvw2XYalSU6rdRx96zadtE/y6ab92YvEVpymlZXSUVa7/AA91JdFZ2Wu6PC/B/wAI/B3hG3VNN0i3e8jUK15fxC4nXgkSDfkIxyTgMpwecCvRI7fCeVKAcgGFSVRQvDblVSFUDuCcZz2xXlHj346eG9C82306Q3rRiQMtrhklfJXMkuSVOecZ9TjOAflrXvjb4u1ppxbO2m2bYEWyQ+cEJP3XwCAQRxx3PJIrsq5lgMLCPK4ttJWikrONrdUnZNLW7TXR740sBisTJtt+7q5Ser+G+9/Loreb1PuDxB8WPC3g62nhvLiD7RCuwW9uVkuHfHGAo2oc4LevrjAr5H8c/tSeI9TnbSvD8S6XbymSPzirG4IHAfgHY3ocnPPX71eIapqAuCbqeaa5u7gfvJpXZ2DcZIz1OTgkgHHOea4qFo/7Za4lw6AHcWzgtg9OMjH07dq8bFZ5OpCcaVSMIy3aeqWllt17pPV/I9LC5VCMl7VOUk0kul/d1Wy+b0+5nX3c+ra5Kt5q97dXbuWkJnmZxuY5J2liACT0HY8Z61WfS4FUs7Rs21mjTAO3OMAHBIBOP4uNxOc9c651+C2jKBwgYYQsQxb0KYOMHnAIzx1XOa5xtcuLsypZpI+xQouHJCAZIbBJKk8EAnPHKjnFfLY3NKUYx56rbSv8W/w31va3e+qS62uvfw2AWrS06apJKyvqlZJeW/TrfsDLZ20QZ2jwd8bMzbQvykgFmC7toYNuAGDjnJ55OfxTbl5oLdTdvGxjRIuEX7wDySE8jGehAxgEcEDz3xL4h0PSoZJdc1qN3wGXTrSXdLn5sD5DjduU5xz26ZNeBa98VruUPa+HIjp1q+5WuHbddSjOAcAE5xhgOO3AOTXztbGzrSvTi4wbWrbt0vZaN3tey6v7u/2dKlCLck3ZWjum9F7zV/w17nuPiXxnDpi3EusavDYsSSlralTOwUkBMoSckA/LgngNgjNfPevfFGa4eWLRrTyI23K91cMzysuSN6nJKkYZhggjPPzbQfOZkv8AVLiS6uZLi5kkPDzMzEt1OwMx4yeBg4yQBjNel+DvhD4n8W3ES6Zo15dRzbS9xIkiQIvXdvZcEDnPBGOec4rJKU2k+ab3aV0umlmkr6bbPe27MJVG1olGNraWSWsb9UltfrrvseVXd1f6rcBpZp7l2JLEltoJOcBT02nkjGRxnJ5rb0bwXq+vzrBaWs0jMyhY4ImkLZ+UYwDtPONxYe554/QnwH+yJbRJDfeJbxfkKGaxtU3MQeSpfOBuAYYyxGeMqQB9feFPhL4N8NRwNYaPDZRrGdrNGrXcnYksQSMjjJGckEHjI76ODlLlc2oRfvO/RaWvZ6bW6dLvSxyyqcrajd6KyipXeqT1sk/W2rVr33/OH4e/steKdZnia7iGnWyoJDLMA868ZyV5AOASoIGDxkV97fBL4G+H/Ct8bbV9PW6uZ4l8u/u0B3sjkEpHgqeMc4+vBr3JF0jSLc7AkCBsGNWDTycbiGZSGCZznjI4PavNfEnxVstI1JSZoY4beNoopndVMZAJZ1G4E4AAII55zjrWeKrUcPH3GpyWmmvM7rZavWy1SvrZ73OrCUpVJqVVctPdt291XST6X28na91ex9DT23hjw2yGNIi2QPs9tGqcIoGWWMY3HHJOBg8nvXMeKviXBpNp54uLTR7aFWLyO8YkK7iGCnILN0DAd84PFfB3xA/angtEay8PF9Qv4hJ5ly6gxbif4nOc7SBwCQDySMV8feK/iP4q8aMZ9U1S7dHLsLaJ2ESgk7VO3hg2eAMkcgDBzXn/AFytOF7uCdklfro3ZeSXSz692d86uCw75aUY1JKz5m7JN211VpK//A20+2/iT+1XpVqtxa6UJdZvVZ1inkkbyRKCQxIbhuwGBj5cgk4r4e8afGfxx40cpdalPaQGRsWloxRVX+6xBI7ckg9+nWsjw/4S1jxNJJHYWdzdSqpYAbtqDnJJOQRnnJAJ5I9T9W/s7/s/fDzxL4osrX4yeJYfC+h/aPKunikAuY5GO1S+dvy9MnI7jI7xKrGFN1bOSStfdtp9k9dPesnZ7PTblWJr4uoqcZJJ6JfDFJcq66LzstbryT+I7fR9V1mQBIp5JN4G50eRpHY8EsTnoeSeMYI43Z9B0v4TXTAS6zdR2YRS5jbAOAeF64y3HPXpxivqX9pXw14N+AfjO58K+BdRt/Ffh2ZFvtH8Q2pUrNbSKDsk4BDxn5XyeSMgV8X+IfiBquopJ51yYoJeBHE21gNox82cjBB7nnOMAADtoRVSnGcVeMkpWtaydm7q7t0d/NHBiJTozlBtXT5XZ32avd2WjVrNrbW3WPr1rd+C/BluwNvBc3CfKJpAHJIXOR1BA55GOmBnnHI6r8Xb6+drTTlRLZUkWN14C5BwccYwMDnIUZ25J58RlvzdRl5pZHeThWc5C5BAOGxyScYI64PTkV7F4rZnacguUcAAjjAOGwOCSAOff8T3U6D5lKWiS95Jq2ttLJJW772OGNbnXvP3l3eremmmlmrSS1112bT3rvWdQnu2aa7lljY8F5Cy4Y/MNpIyOecc4HUfKG1kuW+zPGpVowCUz3ZupxjHHTgHjjPevPBdbZiAMKzKQGxwBjGTjOAOWHqM44rp7OWWSTyl53JgED0zzycYySOB0zxgZGdanGXwSTV9ut3yr7/Ky36atbU5xjo3e6Sa1le6SV1t0103vZ7oswF3lXg+ZgD5icAZxzk9AepIznuMmu70O2uXleOLYzY3BcA/MxXcV6YGCT2AYHnnIzfDHg7WddvVjsrC5uHLrGpiBdN2fYEcKeufXqBk/bnwY/Z/ivNWWbxfdRaPYriSeF3BuCFKnbhm3hX5BK9uhJ4rzq9G6ipQdm0rq99bdLO72vrbbsetl2GqV6sZRTinJXblKyul5aap3fmru2h8gXPhrWdT1JbeC3ubm5dApW3haTcTjaBgYAOVyQBjjGMc+9/Dn9mjx3e3djqetwpoWmRyCQS3OEldAAynYdnvgkbhnBAAIr7x1Wf4beAZBZ+EvD1rc3cShH1CaNGJPBVlZ1OM/eJGM4DZ614/4p+IGs6tMY2upFtEBURQnyo9zZwi7cdBgc4G7J5Xgepl+VSrU+afuwUVZdXflSuvvbate+ySsbY2rRwNW6n7SrGXww2Um4pK+r0sm9b76Jqz7nRIvBHw6hfeqaxqEQXdwsoaViueDlVAOTzjhfQqtYXiH4ta9qEz21kqabYlCyRW4xI4wMAlQu3oM9OVHPWvKYZdytcXMhBY8BnLg9csScF3IB55/vYIrCvvEek6c0jyXMYeNW3yyyYCcfwZPLHIXjOMZ46V79CjhsHTg4xTkrXu1eOito7Wdk31d0l1PIqYzEYmTu3GMlpbdaq33Xu27Pa+pJrGp6jJKLt3knO8O7PMxfcH4Qg9sdTj5uOOOKGqz20d3Hdyzxwi5gVxEmD+8KjIGMEHIxkZHX3YeHeJvjXptk1zb2YN7dPvRWTBjVfmAK5wDk5G7LEnBxkA15H/AMJX438VzpZafBdStcHCtCjNHChIKqJFGABj1JAweOclTMYxlenHmbvok5Sbaju11Wy12WxnThN2u2+W923ZO9lZu2mq6X0d3bRn0p4l+IGm6MjG7vN4Ck7FkV3kwOFwOmenA3fKM9Tj5v1j4la7rdzJZaBbTBWZ0EioZJdrEjIADMCSwIPQAADgivUdA+AN/fxQaj421b7IkrBmtY5GnumHDfMoLEFuh2nGecAZr6J8DfDCw8+PTPAHhKW+v94jF9cWxnmYDG5lVVLgk5YcfhgYrCFHGYtpTbo0XrbTm5XbZfPy31vuTUxNOhLdSm3sm3q0urvpZbPb03+OPD/wR8a+J0j1PxLO+l6dK3medeSETFMgkpExOAQSB8g+YccdfozwX8PPDWgTRWXhnQJPFGryFYxeTWzXGJDhQEiCuDhyD0+XjJGMD9RPhN/wT4+Jnj25s9W8ZLPp2kuIykFxujUo4BGyLcu0jIHK5HGSOK/Wz4N/sc/CP4NWSXaaRZaprG1Wa5vYEldJBtOY1KkIEPKnAY7f4c0Tll+Xy5XL2ldJOKaUpWTi3zOyUb30t32eqHQwuYZjNKClSpS+JvRW91t8270b7X33PxJ+G/7D/wAWviBb2ur+JopPD/ht1VmVozFL5bBSNkQHG1QcbgNpyG4XB/Rz4F/sz/AP4ZXED6pHHqt/Ayq0uqwiSISpgM4DIULE5HA9gTjNfoxeaXa3Ef2eCMwW2BmGKIqgH3VQADaVC8Dce23scPsvhXoWqeWmoaZbpHuPzqm2Ri38Rxlshsk5wcjJANebVzOrXesnRp6WjTXw2stZaPr13drW3f0+FyTC4Nw56ft6mj9+zTs0n8lbfe2r1aRs+FLHwn9ijj0e80qOEIogtoTDEsa4+X5Ew3AOAPlPbNdf9gtYNst3LuAyQ7BXjCk8nI3YU5Bxu+YjkE4NcHqnwH8OpGJ9L1a60iVVyJklZI15yoUbxkDP8XA69Dx4R4x1zxb8Po5orXxNb65bQgiOzlcM0igYwzHJBOcgg55BI+YiuCODqYmovZVKlTVPXdptPdK3olpZLzPfeJpYanyujCnZJNe6lo1olvZ7JaXvZaXPoPWfE2mWLkWjtdTxMRiLaqnkj5guCCODkA9CcY6czqHjuW2iWa4votOt1APlgq0rYAIyDkEnJ+X5j/tdh8naX8bV1WW4sb+x/wCEcvXyn2+ZfNtJJMfMDIQRGC3yhicDI5xgnmfEepawWinvJvPimyyXsMpkgdGJCFGj3qu4EdSMAjpg49vDZI3JKpHopaxbTvyt3ur6dem7bVkeHi865bSpu3La2qsn7q6pK26t087H0T4i+Md3MhtNPnlIGV80uf3mOOFz8hIHYckY5HB8X17xLqGpI6PcO5cHzMFi7bm455IfGSAPQLg5JPF29vdXoDW6SqqKpJDZXBOd2TwBg5yMkfU7a9J8O6RZOqm9lDuEJ3hV5Y9FLcn5TuUEk9Tg8nP1mBySnGKjGCi1bdK2ydveS8ndapaXfT5LMc6rSk3OpJp8vupvlSutuuvlrpt281XSNT1CUJAjzoVG9pAflLc4DHqePx6Bhk567SvAEwiRryVmDEs0A4yQMKNuRgD+LnABA64r1tLCwS3RY1WJlAKtGCCx5CnnOT1OT1wcn0rw3ItGdb1GYtIVhl+YYUE8sOgGMDnAxnnBxXv4bLoUk/dTVru6Slb3Xtfq310snot38/VzapOS5bpNRTd230+atZbt+hT0zw1p9lDGsdtGkmOWdQxPtk8n19Tz9K3lT7OQhChfusDgYUE428bV4bOCMdhmse+1qKBBJHNGChOUUhmzwFxjkDPJ6A4PX7y8ZqPi2OFt5kYtk884iOMtkN145JHIBHrtraEVTva0Ve+1nZpWbb7eST6XscyxE51FZS5m4vd9ErcyTbS1b6J62b6dxe63BZM8LMUMh2jLcAnG8gKRgZAx3JAbOOnKap4ihKttnVo4PvB5CuTjOSrYGeOMdhxjmvFfE/xHt7cPNLPBCsQYPcXEiIoGWBYknAPTAO3IAPBr42+IX7UmjaTPcWOiST67q3KiG2+eJW5UFiuRjJx1PGPY1xYnH0KMmudKS7PZq1ur5tXtbRqx6FHCVq8lKSfKvLTeLW7S8/zXwn2/rnjuytIJpJ5xFEoLNLLKEAUDOFJIBABB3NkbTxkgEfHnxJ/ad8N6JJNaaQ51jUiNoitx5io6jaoypI6gYGQRgEg85+X7nUPix8V38y/ubjSdMlcbbWBnR3QnhOMH7uBjGOxPSvYPA/wF060eCae0ae6LBpp7kF3LHk/eyMlskD8Mc4rxp4vFYuTVFSjG93NxtolHVK/TfV2VkvT1o0aOF5bpSk/waa1b766abrrseMahq/xX+Ll6Bcyz6PpUsh2xxs8Z8onaAckEnb1wO544Br1Lwh+z7o2mGGe8ge/vC6tJcXH7zcxO48MW4788dBtHAr6o0nwfpGjKitEmGIUqyhSmDnIUA4BYg4yBgfhXax2MatGY0RYw24DB2sP7wI5wSMuODx0yOdKOXynK83zSdk22na3Lum/Nq68rbnNVxbi04xilGy76+75a6vfXdu+1vLNJ8HW+mxKqRwxW6gRqfLCgAdduAMD8uwJ4IPfWFhaQQ5EUWcuYyBuLDGACAMkDIx369M10T2SToyyYRCRsUZI/H5ecEfUZ5BORT4raC3HlEKERdgZsZVj15I4B6dwcDkHNenDLoJx93men3JQdkrWtptfz20OR5h8V5JPfl5kuyTTbtpvvtutDxj4j+Ef7Z0GWSGJYtSsG+02Ekf8ArRIh3hA3U7wMZyeDnGQAdX4fa6niTwyIblit/ZR/Y7tDuDRzR4XJXGQzFAcjr3HFdhqckBUru+VJQGbAb5cZBx1C4Bx0B5GcdPELK8i8I/EGa0jIj07xMnmI5OFW6TlgoPH0UnknryazxFBUJU5wjZXUZaWb25dlo9dWru/yNMHi3WVSm5KVtuu9ra3fZp69e2p217NLp94yvtCoyqFY/dYcgE55yOQWPHAGTmrM+owyRC44UsGXABPbjC54BHI3YPy8dKxvFM8TqLgOhcy/ONxUsB3JzuOANx5wM+/Pn974lgtYHD3McKRAkys4VMMOVbJxgDOQAOnY9CpVioO7Sty35lo9tk7LTS6u9uuhzKhN17WfKrtrdOWj0d111f8AeTv0Z1N/rETkShyWV8BckYK+4Ock5yBngc81zep+KobZWe5ljjiRSWZnCqvXknJGRgEDt1968B8S/FyygllsdDSXVbsZAaIbbeOU5+ZnHB+YdecjhhxXlN2niTxROLjXNQlS3kb5bC3Z03qw+6UX53JAwc5579q8OvjFrGn79n9lW2tdN9V+vW97e1So+zUW246J6P09Lx2vd6taOx6v4q+MtksstroscurXyOyKYjmBXKlQWfkMMkZPzDJ6ZxXk87eKPFM5Gr3rwwytmPTrTj5T2cKd7BiQCoBzjp6el+H/AIVXB099UvHs/CuiRfPc6xrLrbfuhgFoIZirSnAJBCtkkHk1zfi749fCb4VpLZeAbIeNfFCRsja9qA3WccxOAbWJgS20lgjFccAYBHHm1a0oR5q1XkjZOMFJcz2dtFunu7O+61NlFyaVON3pdrptu3p679dNWdZ4b+D0sdidW8QXln4T8PqBLJfajJHDLJEg3MIkkIlkdgGyDyW6EEV5/wCNP2jvhN8L/tOnfDjSF8V+IYlaI6/qah7aGYAjzLeI5UgN93IJ5z0r5G8b/FP4k/FC7a517V7mOxyxXTo5GS3iTH3EgUhcFcEDaBkDPTFeeHRLcR+du/e7tzGQE5AJx+PH+cYrgqY6o7xoQUYqKXM/ie2uqu3bRNtJu2jOuhgpP3p2t7raV7Pa/qtt9OiD4ofGf4j/ABFmnm8RaxeGOYlYrVHeG0gD8rGkKEJtVSOCNoA4ya+VfEOl6naKbiUySROxzICW+fnIf724DPJzwOQeK+hdbshcAxxKU2or8gspKgkE5I2jIU4HBBIJGc1xmpJ5lrDFIqEgMrqFyu09xgMu48HO4cknrxXk1qU23Kbbck29dFdp69NHfy06o2lSjSlypJWSWidk7Lo/dT2tpfpdvQ+dLh3OSzOSWBBPLDnGOCOjADOQOvJ5NBWRmDSjLEBuo4HQc98/eGQAo+lejaj4ZgkDTW6bDtYYYZBKj7wPIIx6AEZPGMk8TLGYppI2RCVPPOSMZHbII4AABJA54yBXmzjOMld3T1v8lq9LaK1u1r210FH+kmm0rPW76Neeivp1rBGG4nC8jAAPGeO3B/l9Mc3obfllbJBC9shjkd16ZzjPqR6AGWIBxsGMHAyMk5btjuAB82QBwMc9dezt8EAKWbJAPc54CgNzgDOc+nHJ4IwlJq+rt11tflUlZJLv37+Tbj+HVrXpfS1lo9XsulxLa0EjFSQFAKgkchuo2huT1PPA7ACuhgsQxSMr1UfMQ3PcbQcn37d8c4zq6ZouQxdWMvZAoJAOCxzgkH5uOcAdRnJr0XSPCT3xj2IwOOFIyQMAlieq5zxtJHpnoOqNHrJbt3fbWO7duXdfLpYcE1KNm21b4eZtJfilpZLpZ20avxWn6DLeEYQgfdJxnO3HAwT9OR0554r2Dwt8Ob/UnUfZ2YAhlBQgbSfvE7eowCM4zxjjFeyeBvhwbuazSCza7kYgMPKyingEk4wCoIJOCM5I4wa+2vBvw50Lw7BHeayIpblUJFooAUAAkZB7KT93kMeCQa9GhSgveba91OzXLb4dltrezk9G/K5NROSs23dq1r6JW9PiV9dE3fbQ+f8A4cfs83d8kM9xE0USsHaaQALglSAgJzzkgDbux/FlSK+pLDwB4S8IWgkmhtnnCBmDbDMGVRnaDnqeee3fOBXRHVby4jFroNq0UI+YyFNigABQAmAvAxySGzyBzgc/caGfMafU7qSWckuVJcxrkA4AORgZz1wTxgZwHiM0wuEilKUXNrRJp8r01bV0rX63bvrZ6LbD5biK7vGDUb6yd3Zad9b2bvbu1bS5y93qjXE7RWMAhg5b5lA29QMgcdB1HfjkEmuD1eIyvmeRpZScFQeoAB/iIGFK5+X6hiTx2mpXFtEZcOsQ5AVfl3AD0A++zfwg5BPy4woHl+qagZCWDqETkZY7gCcc9GxgYOAGGPTr8Fm3EVatU9nSklG7+FP3k3GzT637XfZtn2GByijQpxlVtObs9WtNIaK9tNHbXfa9ldbQpHKvABd8O7Y4GcYwGJ5x0wSeg4wR7zpUnk6fFkBiPLwGbZksByuTgAEnBYjOCRnv85QXTTXNvbx7QQ6EE5YH5h82T2HQHLZGCe2fozTrRm06F5CGCBX3knBOBlFHU7Rgduei87V+Bz7HVJUoKTcnJ3ej12vfRL3W1ffbsfU5PQhGpKUIJWSa7fZvLXoktE++17BdagZHeNCzuxwFU/KDnocdSAowcYOPfFY1zK4SSOXaGZcbjkFFOCWBHGexHX161sLEASsIMk7ZkwiANtxk7WxknByScnuMgYKPpEsq+fd4toc4IYhWfbwpIbGMkZPfjGCM4+MjTrVqsHO8YO1rq3VX0363+e60PcnVtBuKXMtLba2TVrNtPW21ra77eIa7BLLM6ozswYiP5RufLYyvOAMdBwce4yLHhb4faz4gvwiW7KqoC8shKxxgg/vGOOoB79Djkk4rtNbuvD+geZcSyQSumCFmdSWbGW2qpbIzyOOgwR6eWXPxquLa+W20ySVYJCyP5OEVgoICZUZKeuck49ia+ywmFxiwbp4en8MW4ykklokltduz287K7vY+XxEsOq6qV5rRr3Lpt6Jq97W2t1fmrn0tZ+Efh54Lt4ZNfceI9WQLJHpkDbbZGw2PtEucbc7c5GeDkjNeeeLPicbxZ9PtDb6NpyERQaTpCiKNxzhZpU2ySYVsMWPLZ69/DtR8YahqU0szTuAynftY5TOe+U75Gec7m7nmlpdhqviW9ttO0Wwvb67nZYlW2hkuJpHcj7oRWIyTyT8oHr1rwauTYqpVdTFTdRqz5ZWUI37Qeis1va/d3PRpZnBRjTwtNRbsvdtzSuopba213dlqzdm1W91G6jhtkCAHYI4TueTplnc4yTjJJ+Y+wzXvXwf/AGaPib8Z9bSw8LaDPJartfUNavo3t9G0qA/fuLi+lCwnYMuQJC5IPykgY+gPhB+yVoHh3S7Xxd8dvEEHhzSR5dzB4YsZBL4l1ZhhxBOqt/oqOPlYsUYZyRkHHpvxt/bu8A/C7wgfAXww08aVY20Kw2nh7TbkKZZVTAutcvIyHuZMnd5LFkGSrDBIqoZZjJxjTy2n7SctLuLdOPw3fNL436Lltu7ux10aVGMZYjNK/saUbS5eZuctnazbTur6Lo+6ZJq/wm/Zw/ZL8O3Wt+KJLT4ufEi1sZXM1xMIPB2h3pjIjNrE5L6hLDIc4CuhK9cc1/Nd8XNbh8R/Ezxj4iV4WOr6vdXqrbxLDbp5sm5Y7eJBsWONSFRcYC9OeK+jfi78dvF3xJv73VPE2pzyWq+a1vp8L+VYW4GfLiSFCFJCnkjknkgH73xRcXLalqctwxCK8xyB8oGSSoAyRnAByCDnsQcD9Q4HyGvlOIdfFVpV8TWjBVJN+7BXi1ThFLlVvS34H5/xtnWBxmHp4bBYeFDD0JSnGT0lN2iuaXVdbK7d+vU/Qf8AZ2Zz4EuyVBVpQXyf4gBkkDBJO7JOffoa9niUy28wABLYdnHRVJ2jAxxweOwzgEEYryj4B2sEfge4diyCZlKBgVUH19CoPPHQgZ7rXtelQQmO8Bw0oZEVAW2qCSNx9fXJ+YYP4f0N9XU6dLlV17OPNfXeMdkl6J9U3bZH4/HFRp0W+ZO8pNXeummltV1Vt7vRW1IZIEjtN21sLE+PlPzED5i3QkEEbge4OBjg+wfBi6RW+z7cskyynY2Bt3Y+cH+6QMgZ9G7489vLUrZzcBtkL4I4jB2g8EDG4kt7Z4BOK6/4PFI9ThVnXfKVDx8/vOTsIPOQTg/iWxjFdeW0HCrOLi1eNtItJ3UFa1+um3a+mx42a4xSwc5NvRWlra70V9HZW0t+rZP8QZt/iS65wofKrndn5lJIIyB145JII46YybKeOOCR2GCq5IUgFi3ZiBnJxyOQBzzji38Tna18ST45+Z2G1AACOgOOmD78+pzzztncoloZXPIB3DhmLNwApJ5wSQeuDghu9c+c0XKMYtO76bdY7723s73emqtc+HybEXxNaXMleb5m2r6tO9vJO/4XVy9bSNNctKwKojrkNuAQHgqB/Fwct2wcDkMB5l8Xp1kvNFSMA4dnwMFfk+bBIzxjquCAV4zyK7+C98y4AlACZ4Qkg5PCgqCMk7epxz94kfNXlnxEuUfU9HiHzvvI2EEbck5UdeOTnGRwMcZr5mnRUa9Oyd+db30s439P+C/U+wlOUqE3zWuldNauMUm33s1drRb6a72fiJptrJofgm4Lh7mS1l3Io2iNDkfIVydwGQOSc8EE/NVPwf4J8ReI9Q07RfDWl6prms6hIltYafptrPd3MjSnCKI4Y3di5wCCMZJHC1+pX7CP/BNf4o/t6apb3+nX1l4W+Gng+SG08Q+Jr4ERxyOwkmt7KMqFkuFgPDElF6sQOn796kf+CcX/AASV8GiPTI9E+InxltLYyLOxs9a1+fUVXDScmWDS4xL97YySIMcKRgfruByjCVVRqKMsTiqlGlOOFoRTlGLjC1TEVWuTD0tLuU2pNXtE/l3inirHYbG47L6TeGoRxFSn9axHNGDm5K0MJRj++xVVtu0KUbJu0pRPza/Ym/4ITeNfGun2/wAUP2q9Zh+Evw8iji1SbSru5gg1u+slCzlbmS4kSKxgljzvDlJVyQQDwPtP42/8FJf2K/8AgnZ4TvPhB+xT4I8NeJ/HdlBLp994tt4opreO7RfLMt1qxQ3F5Mkm6QojtAccHGRX4yftm/8ABVj9of8Aauk1DR4vEF54K8AzTSpaeF9Au5rVZbJjsX+0riFo2lLRZ3xlio4Axxn8jNclNy7CS4kecMztLuY53E75JG5ZmwfvNtI6HPU+riqmXZfQ9pmWIp4zkS9nleFlKngqco8rX1mrze0xs4tJ2ly0r2spI8zhzhvOc9xMeShiMvhOblVzLFJSzKvGfLdYem70sDTlH/n3zVlo3OLdj6n/AGlv2yvjX+1J4rudf+KnjbV9elkmkuLfSPtMsWkWCsW2Q2mnrJ9mVVBABA3N354HyDqOpLBHPI4CTNguGX5VAGeuOOhLAL1J4AxXKX+qW9lKZHuQqwFTMzyAb0APCFmABzjnpjPHavEfiJ8X9MtRNDpMv2i6K7AitujThssTkljwMdAMkYxyfzLiTjeriZQp05woUIrlhRoKMKcIrlSjGEbRSS0Ste6erP6U4P8ADPLsuoOSoudSTTnXrt1KtSb5W5znP3nK7bvJvTysl6b4g8ZWNtayTXFxHGoI2EEDG0YDYOdxKk9BxkHJIJb568Q/EnVNYmax0VSkILBrtiBIVJ2llOCBnJIOcA4AHFeOXvirUdVmeW8lklV+Vh3sY0LHAYrwP4jjPzDueKybi9ktJ1EMsgLqgLDIAUgnaWzgEgcAc8nqcV+WZhm2IxMpxU7RleSba6Nb31eqtbyeyufsWAynDYOEFCnHmUYp2Ud04pr5X3fy6Hfy+E57v97daqrTSv8AvZm3OEDcH5uQOCQB1A6d887rWh2ehRBbW8S9ld2QuMBSMAsMggZXHZgQexBUmlL4jvJLdbaMNFFvzIS7ESNwuRnv9MgYwcY5rwTmbz3udvlQIzIjMcF3HDZySWJPLEfewe3PhRnWcuaU3a9nHr0tbXXrtroetHla2tbRva1raWd003ez5dzl5cEAsxYs+TtA4weccjoce2CeBgU97iQhSrNlSVVQemN25eD/ABd+MAjvihypYtHjLZwo5CjpjJwRznO0AnPU4GIEMSJlyQ/zbkJwcE4Drj0O78T6c16MUpWdpXaW6aWnKnZdN7d1Z31RMpyg/d2V7LorJdd9k2+qez1LbXZaVQSdyoVKKTgk9MsCSpB6kcE47gZjkdGRnKmRcKqDgfN03bTzjgE8849DioVRBIGRwVCMwDcMeNp64Unng8gDJ4pfMSSIxlgkpIYHGcqMEAnnbkA5GRxj2ojThdWS1Wjt0XLa8trW0TWnXcyc27LS93e76uyWt9el/TZEccbRlis65I3Y4JB7hQTg8Ehic5JznFVpXbaTxk/LgHBPT5sjGOTk4yM+oyafJLGrAryzLj5DjBA65z27gnnP41SDIVbl/M6jOCOvp1yQckce2BUyi07XW+uzfLppZqz11veza0Sfuik5aWT2W3yfd3vZrpa+j1Q6TChRyDgZGfpk8Hnng59sGrlpGoCMzHex24UEEJjJOTzgjIAHYdycVSZVQAsCAAPvcb85OQuM4BGMAnJHHqRLiRZAw5f+EgDAx7Yx3756e9C7PfRNWva1vnppffrr1ElJ97P5Lp/Ssn0SvZ2luUgWWQRMzDOCx64wevQkDgcjrgc5pLQRtKockKCSxxnpjHAzkk8AcjPPPFV9zM3GDlj93CkcDI65J45yevrV/TypuYzsUnJOwnhgCCc57AdSNpz+VTNe7dPotO9rbp225b20Te27Ljy3X5ei1sr301Svrby0On1DSALCO6hdWQkN5aqN+4jocc4xyc5w3IJ5Nco9tMFZzHuAOGODxnhQCO/1z6jArsblxPaqkaTBY3y+CfLVyeAAByvQ9AcE5BywNK6vIxAFRVULtDlcYLZ/iHBLYI5xtBOC3G6uOnXqK0Ze821bTSK030d27bK2unSxrJw0SdrJdmkmo289NVbvpfQ5LyWAJIJwenAA4xn3Ix03cjg+gnijbfHkkKR8xOSBnBB7DvuAwc8Z9TOkgdyAuVLNhCSeMHkk845LehOPrT3ZnKRxAA4YADqcfMcj1AB54ODwcjnrjKUtnZ6W0d946rW19W9baW0TJVno9n17evf0+619Ym+WVVjGFHILEbCScHjOfUnJ47EAVNHIVjlQqpGT8pbkHGMgjG7rkAnGRnB7MNvJ8oIyq7TIBnKHB6kk56knJx1z7wjYTtTIzlNxIUkhhnBzxzyPXJGTwRtFX32bTtfT7PS1t2nZtNbbpIW115X7vTruk3rs9bJ6rW0JiYFlxwfQ5HHPTgDnHXn5cD1pAoDDOQAcHBLZ9PXIHO4decdSM2VjDl0VJOMNkZbqc9sgk8Yz1z26HSsNMN1LsZjGn8TkYxk5ACsOo/vHJA3Y4qW1HWKXe8tdraW0u7vR7PbroRutld3+/ZXt3S6a7X8zKitJJhIY0YsF34IHbIxzwMcAjg5GADxlrxPBuSQMJCqsQuOMkZ6nBz3x0OB0zXXyWpRGELACEbVkBYeeQwwSFyDg4I3E+2eDWLdRvDITMiS7lVzIWztwecEYzgZLAAkHIAHQ5QqOV9ra63flvdWV1re+6s7MGlpdLy5vPZu607W11WvYx1RegPO3ljkgHg54IBHrgYPbHNStFEeE3M4Xn+6xyd38QxxjkknPQjjLcnzVJA2ktIFIIXBJAIOB68DHrzmpGmDZACovAYgHGT1zx74A4AGSR1U6b20vdX2aeiTdraK19X+abJs+mi/ytbzez7fgrqshjDFUO5SApB+Ydvf1Bbk549CTWmcyM7Ffmz82CT/wIgkj8Rz69OZkfaspJUtgKpJyQeg6j0H0xgDpSBCoV8rlgWKg8beuCOh4zk+mOcdJd9G72Wlnvf3ei3T0aa3t20Kfku36X6+vXrt0K8aMSVAAOQp3Yz1b+LOOPr0/3c0bHO7HOz1APBbPvgE5565BxnFWFjYkABNrgMT0ZeMkZxn1AyQ2SPamTAIzKvJC5OzkA9VJznoBjk9fXNUtbNdbX1tpo93t1679uqd7W7900mrrfXutF8nsQZQABuNoGQCQc8Aj5hk8+nIA7YNSF49owrDC/LzkEk5P94888559ulRgbQuEJLAE7iMDPUjnPcHPH8wVK+pzxkgDOF5zg46AZ4PHWk5Ws93a2iWu1ls/Ozveze/Qunpf8RhGQrZJHJJHOMZ6Hn9QPSky3GR8pzg54+uO2TjHqe5FKMliFDEdx/snJByOOO5Ixge1PwrKqqoLHOWySOgKgggKD6Dpgc8YNF3d2223d2rR7rpuk2na6aukP+u3X+vXYngn8vB2s3ylcHIyeDwM8YH3eD+YOPU/h1qWqRazbyu8ktlbussqh9sccSHcEI4B3fMTnccAkDgAeTKpG0MOSOSW4HPAyOmGwQP7uMA8mvpL4S+BrLWNNvby51dbQIuYYm3LFKxziSVz8vlhuGXOSARgAc8OZSpxw8/abSShfqr2T5e9m7prpoYV9acr7/Cl1s2m3HS+ys0ravyuepXnxLvPEd5FZJakCECKxtbYMq4OFV5eMHDDd14OATyK19Da6l1W4shdjTr77OfOmndW3yOBsQbiACDhAD6ZweAeW02+0nwc1yLKNNX1C5YwtekAx27IWLPC2MAAcrgrnHXmtPwl4W8a+NtYjOhaPcXy3l4im4jVi8cRI8yV5AOBGu5gvRQMg4xXw+KoUaVOpUfJQoxi26lRO7b5Gr2Wz01W/lY8KdJK8/hik7OUHdtpNc3LHS+y8rK6R7r4c8NeObe1vLDRb2W9udWULdxRlA8EI+Yvv/h6bggyCMZHFepeAPG+n+FpZPDF1qk1p9mjddbiARZ9QnHzlS6n5nGdi85BH94AHn7PVrf4ZTyeHNUivm152Gy7Dn90SgDBiGzIkQyAoz0xgcA8nc6TYRTah4i06I6rcajKUiZ1ZpIriTiSdsgqACTgEgADI5xn85xUqOLlUp4lQjQqS5qdenCX7yUWvfVmuZcqXLd6PV3e3G1GrJKXuwT0m1J3cWrXja7u0+TrzdNzufEngGb4ivDrng/UvtmoNqBdLK+n2GyhViECsSCpGAScANg5z92uV1bTvHCah/wjmv6NHqX9ktH9nMKlyLhmGZpXi3bo1LdXJU43Z7j0HwbqT6D4cvLEWqvr1zIs812su0W9vjd0BwWIPA6ljkckY9utfiB4dvdG07S4EsodSmjEd/qrRkXFxtxmIzSYyxOVzuIDcAcYrxquZYzBWoww6xlCkmqUpQlCUIyaS95NNu9m9WtdLPQ469adPlhKEasFb4k4/E1G1muZW0k05Wi7JNbHh138IfB3iiwe7+JGkWNxdz2Rs4l05tl9ZYB8l1SM4aRgFBwGLZPB4B/Lr4w/DIfD/W7uG3Ji0+W7kNhb3AdbtLYnfEJgxAOUC54B9upH7Ha5qD/2jFbaJbQIkSfbGvRIsrLJEpLRszkhycdM4yw4yAT+U/7TXj/V/Hvit4LyJI10mZrZC1ulvPcuCfnZ1VTIEwVUk4AIIBGK/QPDzM83xWJnSxE2sNKEZOlUk70k0nFqDk5K9rRctGn06enkmIxMq3K3eg0+ZSbsvh+HTvZK19rpaJP5gYxvlsnIUYA7kZxzwc5yecYIzUwYhVVsDn5s5GepGcdcDvx+Pe9b6HqU8pAtZtmwvvaNjHgHoCBlj6lSMZ9DTGsZvNSM4diyLtBOBnAORngggjgDP61+xqUb/FzJeatZ2srrZdF21W1j61RUldayVtnqtt3fTZdbeXQ6nwROIfFOgMAcjVbboxJIZwAOxz3HUgZPTmv2d8OXix2sJcDdtjDLuIJBRMZHIx1OOeQcnrn8ivCXg++j1/w9cwKJwmoW7yImTsZWBIJxgHqMZGCONx6/q9oRja1txIWLkL0CtjaqgAjAAxnB47HtnH2fCbhUqVVa75o21smtPLW79Lu/c+B42k1RoK6as72ck9HFLf8AHVO3V3bPatCmV38yMEhSpCg4KjIJ5GCxwSSAM4BHOM13clwjR/NEYw3LMcHc2AFUZznLNg8qBnr2Hm+hfuUBlD7/AF3BQA5IIPHX+EZyQcsOhNdvNOVjziQqqEAFckE54OBliMkjGcdewz+iRoq65UtOXdpu+llbZb93bS5+L4zE+zpym7uSb3s1vHZWvbWzd2299LHMXc6RTyIFOxgWDMSAGwOgGQR04A45Jx2z4pUVPMbJUrcM3OQo8kgdAOnB78AEHsHX7P8AMDl2JG0gD5c7skZBIyfvdAep9TU02OSeORbjd5SxzohzxkxMMNwRjrx2BOaeYYXnwc4ta8jbXZpR7XtdaPW3Vro/nMtzOcczo8qetSKju3dygtL7263tr3R+N3jdoW8b+KX2/wCs1q7Oc5YnzWwdwx6/MTgAbW5xVawtbcKZJGDPuYLGqjkH+LefQjOffOeMG943gRPG3imIbFVNZus7jtLqJCSSduQOc4z8uee+cJpzGhnjlQKvyhRySmMZOMkDkjdzkgnjBNfgWLivbVIJ/bmtnb4l0V72tda79LNtf1ZRnVdKg3KydGlZaJpckdN7NdtruzXQ1BDLbFyyFg7KuZCSFGcBgG4wc+hPpjrW7bCKSHfIQJg2xFUAnaME4PQYPQ55yefXzt9bmkZEA3RliSGfOQAQQMkMORkEg8ZOR0rc/tUxxq6BQ8kYCR4ywzgZ7YzyRnGQQuc5zwVaMrpc29mna6d39701v11s9GhV6dRtXUpJ9nZPSNlrbS3w231em524tLS48ptzeYp2rGwznj5m7he+OO3PJ55XV4IbEvHazsGnLEo2cehVQcYA+b5jk8egFWtKvPtMchuC27dkMmS2VHzDjABA6kHqOuc1zOsSzXN0EWGYFVDwsS33c8kZxknnP3uWBH+1lCnyTfNOOiWkmrp2Wyv877rvcVCMYyjzWTil8Tje7el1q+ZtXu9FotNbZEsd08U7mQ7UYoCeS4JIwWCnAHzPjdkdhyKxrdZGkVS5EablOMDacjjCgEk8BjnIwODnj0KXSdQFiqi0eGORFYzMAwfgZJ9M7uB3JIxwTXKSafKqtGkLJIWJXAPzAcg5JyBjH3eD6DkHspzi9ItWtr71knpt1632V9LtnpwlCSdrWel2r9Ffa/e1mla2rasPgTEyOqqWKjhRgEhQDv7jGOcnJ5BHWtFEkSaJkZuhyIztVDzt+U8kjPDcc5wQBWNbCeKVWIIbJ3FiQpYcYI46Y49cDJyMVuQ2F9OFeON/NdsoExyueSQW44A5XORwMscVFVN6txUUrq9rW929+ut9G9fJXOepGKleXXq3o7ab2lay0/F23Xe2zL/Z873EomkEAeNnPCOo4Ax8xc87ht4GMeg4i9ubu8u41mlBjKqAuPkC9gADwVB2lgM4U52gV0LOjW8VtLGybY2V5VyBvHXcCMcddw9uM9ck2glZBaMzqdqysBkqcgdD2bkgAkn9B50HGnOV2t0vdacUtOl09bPXfZtNvThgknJKOidtk7fDdWt2tqm977kEV3PHI8YC7csobgMFVSMKM7T0IGcEHsMV0um628LurSAIqgoJc5fAORnOQB2zkkgHBIFcxqDRwTxKYhGirseQqN6sBgkr/eOccjqcdAaxr27eZ4ljQoJA6ozMU3gElCTyB3IHykdWzjFdLpRqpSabTSa106NWvbfTR6dUrtlRw0a7Ssklto1bZaO1ru9+2u9zstbvo72CSGBwgB80kjgsx+6uckADjcDjOc9M1xhnltZUzLJ+7XJwcjJGCoP90dQe56HPFWGntTalZrhPtUYUMS5BAA2lAq8Eeh4yOoyK5y6ug0kbA5UDAjLHDDoDkknB4IzwMDHTjWjScbLlSinZXbd2rbaJpu10na+11se1hsOqMIx0skvisk0+W3Wy9NFZv5Xrm+86XeS6qqjbnOTjOSWx0PH1zkEggVF9qd9uwnah8x+nJzySAB1zjoe3I75E0x28YGAWZT6ZOVOd3HHQEDngjAISO7IQxxIqk4yxBww784z8pzwPlIA2gYWu32V7NNL3U4tRb7adbLSO93Zt9HbWSj8StrbZ+S73ey1erTsmtVbs7C5EavIzsysylvmIVQOcHk55+mR82CMCuhSE3KCZm3xP1AwQADgEDqScjI56A47jkbWKS4gjEYByp+QddxPyls853Djd0AOMV0dvIbSFY/neV1AwDhVZe/bOc4x0PGDgVxSdnZbr1v0T73VlotdHY0pSjG/krN7K+ne976b2vdvo7adtCIA6wENIVwQ4GUcnjaQAeAcEgHrnBOajvZ72EQozg7vlLFQAuCS2DgDqc8kAZHPpnJdu1woCs0xbbMu5htK8jZ35OQMcnG7GcEWryczrAk7kRhyrxYG5RwBk5Bzng5PBYdiahO709b2t2e/o/wDgqxnJptdO68rRt02W23nbUNPWQTu6Phd4LshBAVSeTnnIJzz1IwQQa76OQxwJLaqHberSl8EeWv8AEwboSWPQAHp7jjba0jjO5XMcckZCqx2ZOBznqMn72fr3resQjsBvk8jA84gkgqpOVXbknBx1/Dk4OFaSSb1TUdWumsbJX676Ja39U+OvBOErX68rW6ta73f3W0t5a9vb6curhLxxbq1squIcgmVsnocBip4ySSUx1yCa0LzVpI7e3hEUIWNmXCD5YwOAC+AM8+p6joOa5jzbS2t3mtbmRFhDBYgT95gcndgZXHDYHXJ75rLm1yJ7dIVKNvk3XByx2tnIbLAgk5JJ5+8CcmuSmqtR+9KSV17rfutO2l9U35ffa585iMLOrJ3UnyatKzVk1bpa9+mvR9DoItRlt52lt4i7TShGJJMbjI4XKnJI6g4GRjrk1t6jrFxLCROjRpDgmBVUYDDafmZcDkkMCcdThc5HFRav5VxlBE4RUYgkCNcc71GSQTkE4xyCSOuMnUPEM1xMQjILd3AdSFAbPbd1DDkcknjpyAznQbqJqMlFNK+2zi7tqy0unayTvdrTTjpZdepzKLdnva+zVrpbrXT7O+jPaPg94tGg+LlsFuGMWryeUEeQhBIWyqnnbySFBJHbIIHP2Z4m0tLuyiu3CSOVbemdwztC5QkFtuNuADn5lxya/L9bhba5h1eznMVxZzRTQxqNruI3/hJx6Z6HODg/w1+pfha6tvE/gXRdUXazXFhG9wVYZ89YwjKwPP3h17cjkCvuOFsRD23sJLlcba2bTtZO17tO/R2bV9D828VMm9lgKeaUoOLT5J2TV7JNa300vo2ndJPZnnOn6NtuIEDSIx5GyRsiM5OACcAjOQCRwT34NvV/D2szuZ9Ov5AI2/dxzfNjaOgJ4JOCc/MBuPPGa6y20xUuUdgyhcjgjAAYYAxzztGcbcY6YrrbSFJVEZRQMsVJx82CdoDYPHOQdv8AiP06OHqzSdKckmk9G+0X3Vr3ur6aLpv/ACrmedfU6kaijSqPqpwjJfZ0ald6666eljwiZ/HelMs08Et3Eo2jyWYhQAM/KrFwD+Z59CajtviFqWlzmOaK/st33mIcruYYJIbBA9MYyBnGQDX0j/Z/mRsfLAUAZ4zv6ZGDkHGAD8wz/Lnte0nS7iEpPYRNIVGxzErHOCPvEdT1IDDnnB4BmvUxuX01V+sVUk1yvna973bLyva9r93pe50ZPnWV5xiIYXFZZhk6kkuaEErt2u+WzT0sldKPnuzzzQ/jve2F0tpDq0+5Wy8bOSWLNjaq4wynJOByMjIwTj3jQPjxq8RhljuJbS5VlJmtZpLaZeQyMCpBJwCeuM46cCvme8+F2gtfxajGkltPHKsrJvKqxXnjjHPfsCOAMVyHxN1y18KajotmbgWkt7EZWkEjKCEJC7jk4Dbccc5bOM8rnlniTmuCrxovETcVK1py5rrTdPp5PdNa7N/d5l4P8NcQUoLDYGHtalNSajTUbO0b7J636SW+25+wPww/bw+M/wAP3W58N/FDxDasGAFte3sl5CIwAuzZNIyquCF7Dn5elfo38Kf+Cz3xx8OQWlp4mstD8X2ULLJK7qLW7dSQSFkgAAJGcg8bjggV/K/4a8bRykXP26N4ixjVJZAMHoCu7r7AcZHBz09r0jxeqxAG524bO5JDuO7GAAp+YLnPGecZO48fpeA8ScJi4QjmOBwuJvypynTg5Oyjb3mm1otFdPX5n43xF4CYnLpSqZdVxmCWrSw9WrRbl7qTapyUZXS6wfRta6/2b+Df+Cx3wB8fQwaV8WPBE2kJKqeaJ7O11WwLgYO5ZI3dlbryoO3gk5r0jV9G/wCCYf7VOh6hZiP4eabrOt2523UIt/D+oWk8i4DrsWAM25sAFguemcGv4utN8Zu4GLsvjaAkzZO1cdchh8wGcgevQV3On+N5Ukikhne2ePDC5tZWRgy9OFYYycFuD7elfS4bNeH8a4/V62Jy1+61HD4iXsm7pPmp1HKEo33Wiezumfm9bgzijKpS5uXMHZx5sVhYzrxhypJRxFJUa0XHo25y6rVH9L3jH/gh78D/ABVpkj/CX4l3tjeSq06qLq11Oz8qTJTZIkryhSOTzu4Hqa/O/wCJ/wDwR1/af8AXE0XgqO38cadHvkWaxkMczAZwDHNgbwF+YJ1OT06/Jnw9/a/+Lnw9ubQ+HPib4p0x4gAVOpXE1sVUDYvlPIV2kAZUggDJxzg/pF8I/wDgsF8c/DT2dtrt/pPjK2jZS66hDDFcOoOMGVV35GBz0JI5BOa+rwuFliIJ4XG4DHNwjyQrp4WpH4XbnpuSf2VrDzbep8rWzXifKq8Pb0cwoYaM7VHQ/wBuTjHlveniYwmk7N+7UbvZdmfkr47/AGdfjZ8MLy407xv4D8Q6TcxSYP2rSbtrUrkBpPtCxeW23JwSQegIGc15jc6dc6dE1tNoU1vdElvMeGWAEP8AeLo6KTgjgcgAYA7D+qi2/wCCtvwG+JmgXOi/F34R2ov7+KKIahBaWV/BCykFXIuF3bQQx25xxyDnn6N0HxX/AMEtP2kvD9roOu6P4R0jWH0+KC7urmxj0O9kmWMIWju4FRF+cnABUHHpyfKxeX16cHLH5HmE3zShUqYCNHHxhBRjJVlGE1UcXdxS5Obq4tPX7DKOPsSqtsLnOBwihGNSNPNY4nLZVqrkk6TdWnUoRnZJ8zqKNn8SP4uhZXCPFDJZKDJHncuRzgHhudmR9cDtXUaZ4YaeeKYxmILv3TYLlH5Py49M4GemcZJJVf6v/in/AMEYf2XvH3hP+3/gf8Q/7P1N5g9vbw6na6jYTiRsom4TvKjR5wBjJGeBuxXwv40/4Ir/ALS/g65jn8Jax4e8S2Qh8xNkrwkjGUjmWXaiueBkgLnnJwCPHweW8PYiTSx1Ok3OcHRxlGeEqqcXHmjy14wV43Xwyd1LTqz7XFeIHEkYwm8FVlOFGFV4jA1qWMoOErKMlVwsqqtJLqk1vbU/CPU/Ct5BcNKGikRlZxJINrgr90gcENz3OM8DI5rBtp9U3zJcbkTdtRwhSQbeAFcAYLcEYOOFx6H9JvHv7HX7Snw7uJ28dfCDX5dPsnkiN/pljNqFsSudzxmzSXeDjPIxnsea+UvEHgUWTXiXkGqaLMkv/HpqVhcWboxI3I4kRGAyeh9BgcGvIzjw9y/MJ+3w8MPWhpdQ5XzN22aun3v6vZn2XC3j5mOWUo4bGV8TRcbNS55WSdlb3nfVrVNaW0305PwT428ReG7iPVtF8Va1oWqWsi/Zru0upo7lSG4CzK4YLn5dgOMkr0Ga+3/DH/BQH9rbw1bCIePV8TaZGiu1t4i0+1vxPHEgVVeSUOxwACM7nB574Hw83ha+t2WeN4byNMA7GBRiwJ43fMroGGMAdBk463p/NiSG3MFzbKylndDIVZhxtQ8jaRgemBjB5x8njPC3Byh7+BjGyu5RhZ3drX/G2uy13P1TLfpH5jKP7nMpNySSU5u2y0ldtX2dlZLSL207+/8AjZP4h+K1n8W/GWnmXXG8S2WtX1vp2be1nFpKj+XDCPliVtpAwmFzgcV+yEv7fnwf+M/hG10C4s/C/hrWLhodPt08XaTFLLGmxY3MV9HEQm4lmV3ZT/Ee9fz86hp11M5cOzlDtSFiUbaHyCfU7fqATnoRnYgtLqQWsPkxxspVRJyxD5H3mHAOMHeB8pDDAIOfzvNPCWjjqkoQp1KThFRhywvp7q+SvqtVfroz9O4c+kficuj7XEToV4z5faJy0+zzLSVldNuN3dL0Vv3+f9nLRvEfg3xH4w03UvC2sTaNpT6jBF4Su7Seab5PNCPArkqCmFwV3jJxtwa+GV8BeLNbhN2fhvqF7aguY5orKQyMi/KQfJjwHUryqncewADV8f8Ah/V/G/hoXL+HfFXiXRY7pBBdf2Ve3cdnKikEJLHG4Rg33SjAjGMjPNfTvwz/AG3Pjv8AC5IdL0/VNO17TVILWWs6fEzblwpBuGjMqsw53bg555Ir4nMfCnMcsSdKMpxjdJWcZNLlt0fnrpre2p+q5J4/cNZ9UUa0qVCblyz5JQaTfLfRvT0Wja1eqZlX3hCOxu2kutM13w9LDKg2XFndRIrjrkyIo4JwcnGMcdBWZ45u7i18GeIYV16G9U2Un7h08t0BQgkKcZOPxPHAbOP0C8G/8FMPhlceRb/GP4Dadqpdoxeaho8dveMWZcPII7oYDA5PHfB7gnhv2mf2hP2BviB8JvFjeAfCOp6F8RtQiVNPtLm28iGKV3U5byAYtoyRtHHUZPb4TE5NxBl9VXwWI5W7cyTkraLXlXTrrfdtH6Xhs+4UzeipU8fhOeUVaEpJTurWtdp76q1+rex+Z/wKfUbbwfcvHYy3dqL6V/k3EsxLk7thzgH17naOcZ9ottXtHkML200M0hXInRmQHgYyVPRvQ5xzzyT9A/sMeH/gfrXhR9I8aePNH8K6/f3rpDZ6i8cVqASWjYySlRsfJBzkDLc9x+iPiv8AYx0/UtPbVvCusfDvxDahIjbtpWrWUt7crKAVj8mCQ7ZXBz90ZIz06/MY3O86y6vJTwGIdKLVpuDSWsbbpX0tZptJb6u59XguG+HMzw9N0s0oQxLim6anB/y2+03pprr82fj/AAiNZXdZLdg23CKwDAkggICAQxC7iDnjd905rYgu7ieUQyxnykbbmM5AZsYJxk8nHHf6DFfdviv9ifxv4fxqV/8ADrW9O07Yk73jRSSxmN+fOQwBnCkElScjGceleSTfASws7uNobu7t50kLi3kjkRnccDcsxUAJno2MkY6nNa4Xjig6kYYunVou9veWuvKnZt2et1e/XV2PIzXwyxNWk6mDr0sTHVrlkpW+H/LS7WtvK3DaJp8r2/zI6L5X7vzVJBOPmBOOFPG3cepOB6/I/wC19DNaaf4PsvNgZX1FWY44IEgyCCQCMHOMcZ55zX6DS+BfGukoPskBvrIsvMqLtVAAcHaSSCuCwPGee4Ffn3+2fFqC33gm21SwWyU30CRGLcys5nRSWIwoz1wcHt1PH2WA4kyvEcsaGIhz2d4N69Hqk5Xcdt9uz2+EqcE57l0pTrYWfso3SlFNq05Rttdau2r7JI+kPB7w2vgbR550iR7bSbQxBWIbOwEMuR3AGP4vmxjjjmLi/GqXM0jlgoOY42J2gA8dOCO+Rz0GOMDtfE1x4S8OeBPCFi19JLfXWh2SXipAc2pMEZGcDng43dTzuA5I8TXU7CRkNlrUaxFmULKpUlQfuksMjOSATxyNvpXpU80w9ab5a1N2sneSXRabrSz1tr52OPEZHmVCKdTD1I3tpytaaa/NaK21r2ud6QslrISInIjAYMTtUjkAHPyjOcYwSOe4I8+uYpLmaWOTyiFUrGrKr4BBwCT1DAY5Ixzu4FdVY3LTW5RWt7iLgExOu58n5eAcgnPzZxjoPm5GdewlJQWjkhiLZYlcoF4ywYdcg5PTpxzgH0I4inKCkpRbWqatf7Kv3bT2vrfysck8HVjyqdOXNZJaNW2ezVrttbN2/E4KXwvpt/dqs+nxB2JRZIYikjMQMAFAPmIyRzjHXtnzP4y+E7/wDo+j3+ga7rVqdf1e3sJLNr2SWER7wWCxyOQjDOSGVR0HFfRljqcemXK3EFulyEdcByuwFRyVZiSGUcAEZIxxjkeXftLXD3XhX4c3DRNE1/4s81ldTgqrLgI2AWA5Hbrztxirp4nmjNKOqW622jorp330uktervfzauDnTcZuKSve0ldbJO91Z/N9NH2foWn+MdN062bSfEsqXJt4Xu4ry3R14x0IB2hhjO3dknAxkirl1428VaJeQy6zYWGqxFkVpLaRklKKVLMUJAJx257dOMdxpsVvHpkPmM3mtDGN3Ksy+WoAX2HPPOMdyAB514vtrcyFUO9gu1Q5OAzchmxx0Iyee2OOKzhR9rKN007pvfTbqtFd6SdtfK7R8/Wq2qpSUHzdrK2i1VtEmtHs+p7j4U+L3wy1O4jsfENxf+FpZVSMTSRyPbRPgje/lAqF5BySv8XJHX2211HwvBZG98M+OND1SOImSOV7+O2lVOxVGlVwWJCjgkHB56D839OhBubtLna8ezYocGXcclQBnOM55PXqCcmrs+j2d5IIJbD7NHHDgtaOYJXDDgnyyOMdAOcnPfA1jSqxqtRnKKvtJ32cE09beeq0T6rUmWJpQjopRae8U/dd1pbTZu60v9l9T791P4reL9PszNZ+JbhjGXkSG3u1uI3VOEDHcdy9QQ5AGc9c14l4q/bE8W2FxYaXqWnaLr8UziKUahZRM8fzjKiXb80jngHJIBx05HzFdeF7u1tFOl67rFokgwA13JIqop+6VdgVGRjGCNvBxwa+RdZ1/wAXReP7bTZ7+O+t7PU4ooEmUASFmGWfBycjIzn6dhXesVKguWU7u+6d/wCWyv0stXbTbc9XBYicleEpLlir3btb3eWzs9XpfV9Xu0l+yml/Gz4darAbrxR8PRpYeKPdNocuzBdRlyhGFOcnaATuAzwQa7fTL74I+IbTfpnizVfDLTMBBHqtt5kQkO4ZaWMZxyD1wMjcpxXwVpWq+IEgka98JxalCkEZIs5zgEqAG8s7eeSARg4GRjIrpbDxx4dgto7e80/U9LupNyGKaAzxQHpwAGKjnJx2HYEAb08wptXnLq1ffqlZ3i0m23a2m+l9TvjmeKg2ozk9bpt3Ss4pqz3T2s7bW6M+oNZ+BureIFmn8N+NvC/iOAzEW8H2uK3nbtjbO8eTyMKQOuS2Aa4vU/gN8VdCHm3PhG7vomRh5umul1FswCHBh8wkDHUnJ4PXIryfTr/QkaB7HxftuZpgVjdpLUwNkHA5QcdBz1655FfRnh/4keP9HgVtA8Ty3UaqsTN/aBuY2C9T5UjEHAK8DBznG7u3UoTcW5NLR20vsndrrfZeVzrw3EdeinGok1paSunq4vTVpra1np66HhreHdV0e9RNU0e901tuPLmtZYCTnnczqBu5yACAcAdhnpLKM3JMe4KkaYUNJ8zHgYPIGegOcnjPAzX1HJ8e9aSwT/hK9B8Pa+Ei2O93pyPO3B+YyeVncRyMH6dRXmVz8XfhLfahDYap8O5rR7qVTJPpkzQHfIRgxo23AwckDC8g45AJGVPeM1y9HLvaNlp2bvol1XWx6Ec+pVFzS5r7yTs2ttN91d+ate2h4xcaShmbfETE+SpkXcGcchVHIYdyc9iB3FZtzFasVUxnnMUh52KDkAKM5yRnGMcjHrX3EPhj8F/F+nQX2k+MtT8L306hks9SthJbRMR8u6SLJwCQDgEYAOM8VzGo/sm+K7m3Wfwf4s8KeKFaUumy8jtLl/cLO6DJAwBuHPdScVXs6ck2pQasnZNLrF21d73vaz1dtVqbUM8wcnFe2gpWVuZpbOLSWq2b8t27ao+ZrDw7p62QjRY5Y2kJkEgKnceTtJySQSe+QPblew0bwdZPdQt9nZYpNvy252gMRwGPfb6njnglsrXY3XwP+KuhyeXf+FNQmFuxZ5bEC8gYLgMQ0G4MOnOCcn1OK1rKx1HTTsubG702VAm5bu2mhHmLgYAkVeSSDxzwOmMV4Oa4SliUqUoRlFx5XeKkmlbXbRNa7/O1mvqcuzCMHGpCsk4uLi4STStZ6Xvv1u7La2p6h4Y8MbYlNpfzWmxF2wiTBOAMkkkEAn05b3r2zRrTxDa2puLPW42MeSVeXa5wQcEZHAxgdcjI4HFfPegXYLok0zrO25j5T5wPQ4I2549h/CM16FFrsunWzjc0pZGZfLkbezdiQeQq4GRjlc89K/Lc08K8ozmrOVbAYebk93BJ/ZWqs3tbfS91qj9HwnG+IwVOmoYyouWOq52r/D56K/3rXVqxp/EL4v8AiLwnYyJqVy2ZI2aEK7Y+6cZIJB5AJ3fdGDkkDH4b/te+I9S+L3i3Q51vJLxrY7JnDeYIwX+7x2BJOOAcscEnI+4P2lfF2vT6Ut7BaXjaZYwyPqE0MjSGNQG3KSuTnGSR2xyQQtfnx4P1Hw/4l1SB7e9R980sksE5/fKu7JMm7leQRjufatuHvBzKOHcYsbhsNCjWnFJSjFJpPlvayTtdtXT3v2PiOMeOMy4mpvL62KqSwsZRkqbk2pcvLZtPpfTTTTZNI9k+FfgmTw5psd3btGkv2VEd1jXarkZJOBww9eueNwArT1vS9XvJhMqtc4dnkmRVDZycKCp4HPqec9OMemWduthpuFkjjgkChFQ4VgAPlxj+IdeueSTuzQ26aFre0h2PIrKzIBjbj5sjjk/3jjI4GTyP03CZTTwztHS973WutuluvS9v0XytDBUKNOLioqUmuZpNN7c1m01snaz2sen/AAE+Od38LrlhZwGCECNZZFJEyyg/MOeSGI5B/Wv2f+D/AO3nb3thBY3uoJHL5aLAZ3BZflUnJOBjuF6YGPY/gJbaBIse1kDSO24uR8ygMSAVPfcMBvQ8EDk9fp9tfW8I+zzyW33gbhHdCpwc8cYJU4JPQHklc5/M+MvCzK+KMT9axNOpHEpJKtTbjJq6drW6XT0S1d766foPDfFWKyamqMVCpQs/ckm0rtK/VLv69ep+1Xxv+P8A4R8c6Xqa+I7XRb9vJMZuHtLaeQI3DZ3IS7EdckkZHcZr8UPH3w8+Dfj/AF2/SLwlp8Uk8zoLu3tkt8KAdzrsVQG6AqoBJOMAGuI1/wAUeIbe7msX1W4kVSGZROzlwvHzZYg5x0xwOBk5rn4/Ed7C+45jJYMGUlWII5Jxjk5547k8d/W4J4KhwphZUqOIr1ErOKqTk1Z8qsk3ZN2e/wCtzm4h4jec1k50YQSVnZXk7W1TTt1a31d7Hm/j/wDYw8B3aQnw+k1jevny5llDKT82MoSCn8PGBx0z0Hg91+xX4ytZ/J0S7h1SeV1McJUyTkqR8igDJbPp1Iz0xn7Xh8a3d3IFYuxQBVcu3y4YAHrt3kAc89euc19X/AfxdoOg67p+u6uttLc2k0UkYugs0ZC7WzIH5B7ZYHGMehr7PNM1xOW4CrVjReJnSpScKaXvTklFRV2tLy73Wtuh4GW4KhjcbCjKp7GNSUU5ytaN+VSeqv8ANX0elrJr4f8Ahb8GP2vfhhDBfeHfB/xG01rfy2hvdC0vUo1mQYI+aGL5kYAZOeRnrmv0G8D/ALef7c3whewt9Ym8fLZW0QRoda0LUJIQqqAFdpYWYtgBc5Oep7mv2V8B/wDBQzw5ptra2l1BoD2ltFFEyC3tiAI18vBHldDtPA9irEmvpfQf2sfgl8UjFba54U8G3sb7QWuNNsJDubnB8yLcOSCSf4fpx/M/EfHEMS68s64TlLdKc6c5txTX/LyMHbTVW1S7H7Bl3DuKwzp0srxnto3TcY1act0r+43Zp6623dm7H5GfDz/gtX410maO0+KHg601RZ5tsstzZyxTiIfKWCMgIOSSy9ByCBxX1p4T/wCCm/7KXxMtLqy8XeH9P0hpiFnWSytXiIbG7dlOcksBngKSAQOa+tPE3hj9jbxo4TXvhN4FuUbKm5s9OsrcqSepeONX3EZOQTgcdRXy/wCLf2Ff2A/F7XNzY+Hrjw1LPIymbSdRmjRXZuqxhwq4ySo9s8d/57zviHgSviv3dDFZZWU5JypV5Wpynu0qnKlZt2a0Sts7H6jlmVZzTpWrZZOq2knJUVFSSsnrSk11bvZx9Fc7jRrL/gnX8ZAtxNp3g5Llhv8AMSO1s2PmZ3NKVCjOchhIQSeeSDu+Nf2+P2Zf2JvCcvwcXwBPpHhG88Va9BbeIvElhqtnPYaN4bmBFxfXcLy7V8wECPcNvPByKoeO/wDglj8CrHRPFmveE/jp428J6XoWhatr11BbTo8ksWmWM92tuCZw/wC9MQiBU7sONo5r+PT4h/GXXPGUfi3wrqPjDxvqSyeJr+w0fU76e9eCLQ9PuJYLKJQ7hVdo0VmUE9BxkDP6x4PZbHMMdPE4LiWeJy6i4SnSrfG5yt7OCTqyhJ3unJrXlt2PjONKGHw1OKrZZVp4iopJU5QjKlJrkUnaUFLS+l5fElq1Y+vv+CjHww+FXws+M1x4Q+APj6z+I/g+HT7K/wD7dtXimNtqV5GJLqz82IlHHmcAKMKM8dDX3l/wRx+G3jC/+PvhDVfCtvo2q+M7TRby8g0zWzEuEiUZXc2GDDJw7Dgk/wAIFfgf8OdL1m3g1m+gtdY8S2Fkwe4uf3s8gMRJD7Pnc4KkZ2gHGPVq/R39iv8AbWvv2XPirpnxc0jT7tL/AE22m0/7HqMbrGY7gYkjYPkorcfMQDnZkgdf3Pjulz5BjMsoxhiKlfDuDpQnGM5xtC7pq/uya+GV7XaTtqflWB4ZwuYY6GJr4WnTi5Lk9rT/AHMZxt70ml8KkultXotLn9z8/jf4naJpN5F8RfhLcb4WuUvNR0jyr+3VicYt0y8yngFcDjIGAK/nw/4Ky/FbQfGT+AdDmttT0CHSEvNTubLXbVrO4uBEeI4Q6q20tgoFBBP419I/Dv8A4L/eH9Qs7UeNfAqJaXMwk1K5jZZo0Dvu3opBLBhzggkEY45r8pv+Cx/7angX9q7xf4M174dwWVho2m+EpIYpHgS0vJ7+VUBVgqxmSOJlCqSC3XGeK/j/AIO8PsVPialLE4PG0kqjlKFWkrW681aN4SS5Y6aXumtnf1+LOAsuxmVVsNisNhHhq9KKm6FZVIyu42Xs5xuuZ22sk1a5+V3xefTPFcukXS332GG4cW6rJGG8kTHHmSMR8yuoyCSRt5+UDA5fUfh7dWuhDUUsLmaxt7fZBrESmOyuJAOUWRcJ1AJUHcCQO5Fftr+zP+1j/wAE0/h1/wAE7fE3gn9oD4a6V4o/aCGk6ytkraebrVtT1O/hZdHurfWGRns0s5Ssm1JRgA8A5WviP9gr4F/GL9r74cfEzR/CthHr+heBtajvbTw9C6f2gbfUbmd4reKQspIt4CkbktyV7AV/SOIhh+H8nlj8Q1DD4RqNWKjO8HKSioy5rRvompJNK6XdnwGTeGuWxpRyjKqP1WUk3Ti2kpXipuXxtJXb1aTTV1otPzutTqstuLYjYIUcoCu4zKO2TwSeAcYGQOlJs1mzszIWUeeJFEUoIZAMEkcdGGRkdM8Ada/UHxR+wj8VvCWsXFjqPww8W6VGZJI4bqTTrie2tgoy+HijkUooYbjk5wc5xk+fSfsqeN9I1a3fWvDWp3ukRBXZ5bGZIvJ35dmbYChAwNrbTgcjGRXk4PxF4anByjjKPtXrGCnFNXUE1Z6pu+yVtVpoehiPCzPsE4ulQq1KUWm501zL7OrcbtXdrvltpsfntHbE2dpPd2lrbo8jbpZwCrEggyoSCOGx1IPOe/GzpWpWNvp2oWcEMBnRZGtr3cPLJfO5QASMZ5IHPAJ46/oN4/8A2dND1XwpeW2naM9tevA8tnLJlYrVkUkxEL93e20jOCrE7eQCPyiu9G1zwpr1/wCHtXnjt/7OuJnZD8xKq+VQnAJVl4YA8bgfmODX3mSZ/g85oVPq+Ii5qLcoqUW1fls7rRJ3eq3d1tvw4vIs0yhU1XoThFrSTi7acunSKeuluz31OQ+MmoW5t9OJeJr0W0hmjhYBcLyrEDPzA9/9okkkV89Wev3NtcW95dAzCN43hEbbWVkcAcE7j0GMjPHHTj6N1jwbceKvEX9o+daRadbxwG7DNuVIWI3lUOCxIJIABOPcgD2qXwd8ANA0X7LrejPeX14lrNpuo28kq+VIcbpJkJxtyDhQuRyDX1WBxUKHLS9nVqSns4xk0nKy3vonZu197W0ueY8LXmp1JyjFJbzaWjSS62eqW+17qzZzXgu/8PeINHtbmaOCE3kTQ3KXc224aRVBRoWLZALlVGQMEYAyMV5/fag+m6rdWqxTWx8+SGBzMVRogCsaDDYIbIyRwy8nGQa9A1/w/wCEbSS2m8PMo0tpYWR1dmmRiuGwgyTGWyDv5J6AnNeTeNoTc6ujwvcvHERGqBcM7lPkcYG7JO336ng19hSwqeH9pKMk3Z2dnpdaO9rWW1n6NtactOX75Rk4tQlG7vFJ/DpZ7JW3i3pJeq+0vhB4f0PVvC0MN7fLaasJBeEEKFCKSREs24DD/wC+CoOQc5NanxX8SeLvAOrWcPhTxRf6Qmo2cDQw2+rXSlJECsz/ACS8lnyFU8ck7cc14b4FXxNL4a0/TrfSdQS8muBFazASLLJuZQnykEsCTn5gV5xzkmoPitofjmy1mxfWLPUGvrCO3kVL2CQYt9o6Mww2TgnYSMcgEnFfGQwuKw+Y1KssW/ZXtGEpJpp6pJWSVtfW6v5frFSvgKuQUqVPBRdaNGF6yinK/LaVurWjs1pe1ujPTPC37Xvxn0vxnbT6p4t1vVodNgS3WC6lklhcxgbArksRIOqsvzAj73U1+4nwB/4KE+KLXwPaNLqNw19cxbHi1WAXccrADcitIrkxooIJyeF6DHP80p1C5GsQsIZGmiuIp7mCKLcjomCyEkZxgcqc56ZIFfpX4B8dap4n+G883h7wZHbReGbQtq2pFFijsI2VUWU4VcM4IJBAJyOCOv2OBm5qKlUjeTSSfvSleKvazaTtpdt2S7Js/m3jvFY/Lpe3wSnBxcnLli25X5Va17LlV7NpaN9N/wBiZf20fhp4usbnRfif8M/BerW98jodSn0aETySMSp2SCESA8kbgSf9rOcfG3jzxL/wTwv9avNM8TeC9S8IXEo2Jf6HfzRwh3JHmC2mKso5LA7dvHQHJr8xdO+POpR+J1g1lre50zTmaHMygYDNh5UAzuI6oWPX0xXi3xq17RvF3iI6rpd3K20LHcOxYiaUINpixjAHQqvBA+YZqcRWVOUuenCWrv7RK+nLazXRPRXs77X2PnOHuKs0xGIp0MRKfK47yVnFrl0+W3ZvZJo/Xyz/AGaf2M/H8Tw/Df8AaJudDljTzYLTxCIzCjkk7XKfNsBwSR174+XETf8ABOP4ozyo3wy+Jfw/8dWtwC9nbaZrkVneSDDEM0Us6DPQ4wcnHBBzX4Of2xrmlhBp13c286kZe3nkikYE5CsARlSABhsjHp3948FftH/FvwG9rd2eqajCLGDfE32u4tmB2427ozl3c4Kn7wOAQuBjw6jyuu37akk5fy6K+i0urfenfzZ+mUM8qrkV0otKz+JvRL4lfdO+m93oru36LeIv2U/2z/h1PJ/aXw88VahpxLQPJp2zVrKTDEFh5JlLRjAYEgnA4AA488ufDXj/AMPyXkPiv4fToRCzXBv/AA/cQP8ANyyCU22AR0zkfMOADzWD8K/+CmH7Q+nXEMEXjfxDEEmZ/sct2b+2KDJZStwSADj7pI5HHXFfbPgb/gqb4uvo7q38a+GfC/jMTOUmh1nQrRpmi4LkSiEhSVByS2SDw3zEVzf2dk1SPvVIRfLpCcYtbRsneKsrXTut19/pQzP2zSSavbZO/MlDZaSa6/NaH5/X/wDwi0M6LeeDXtQ7IVa1mkDxgD5wUf1PUNk9jjnHsHhX4jeH/DjvBZvqtlHLbeWlnLCDGkhUKGO1T1HRl5JHzEA5r78l/at/Yx+KdsiePvgXoVhfT7EeXw5M2m3KsFIkkVQkcXGd2Cxz0AHWq8Pwo/4J8+P7pLvRPiP4k+HN/NwLPUALy2hY4VB5jOxKKXUEYxgc9QaKXDWAqyvQjhnUsrSi0nZqK366fqdFOrLmUlNpNpvmaitbXSu9ey6322Pirw7eWXiXxBBat4mt7Jb2MpJPOxiMSsxJidSQMnOMkA8HB4zWr4u+H2s6TcLceHRpGsWlzLtC2N7DIziP78jwiQnLHnbt28/LkcV9ZX3/AAT+8Pa35938KPjr8P8AxQd5eK31G9j0+9lTBOwBmRQxAwcMQfplq8c8XfsRftGeGomm0bRJr0W4ZkvPDGrw3iSMDkkLHM74bHAAHbPHXy8y4Moz5v3TjUkrqrFqTV3Fqzs27NapyXTQ9PDVajXxc6tslu7q/LJ9bvyTd99bM+Hc3i3w3qeneXHfpdyRqstjKH8iFWOGKEEhcA8cZbnHQZ+h5tZu51+y3TySMXachmKxqcgsAGxuKtn5myfmBwOa+UvDMvx4+Ft0bzxNoXiEtEVilh1vSbqYeWGAD+aYmC88AqwBBxkjk+zt+0Hb6j+91PwZZyOICry2ytbusiphiInVWyD8x4PLfKeTX1/ClCeT4OOHrVZ1IppRlLXlj7umt46W0S0V3r0XkZjl1TEVuenH2bSta1m2+TV2Tu1ZvS9np2R3j3sZjMkhMcSMwbzGCrgD7xLEDA7Anj1xxXh3jH4reFPDrT2Ut4LrUEcsLa2bepIyyoxGQckYIzySAT0x574y+Jmi67csl1davoVl5RzbRRuEbc3ygyfeHy/dG4lumF6HxrUdN8IyyG8tNb06WWQqEW+lZJgGGNzkthmycEk9fXmvrlj6cpvlvZcq5mnZrSzbXXVcvRdbu9+OOXYiFNrmi3rfXZ+7Z+ujSe/VJa3zPHHj2fxRqUuo3CeWIwotoHwohiIKhgexI5OByAeBkEcBL4g+zhjBKy4TaXRig+YbWDkYPOcjqD6knjotd8HuiRNZXmnXyzMHYQXqEqG2kIo3jJByxAzxx0AA4qTwd4nS6FvBol7PvJZREBICTnlhggjoeDk57d6WIpTlyufWy6W5rXe66bWbvpdqzS4fqNaM3JRTndaq710V1pfS9rX7pIr3GqsxZ0fzyMAbySAWPzHO4nJOR+W4Z62F1iZYgvmFwVVsbyNrcHbnnpjPUc8DOcVYtfAvjWUSJ/wi2pMAw3E27jIYD7vy4ORgDr2OckYux/DXxzKhEPhzVcM+wRGBueeQpK+uACQeM46DPTFUrRfNF6Xs2tbWfLvq9dd3b8VKjindOM7W6xd1ovnpfVvqm7NK5gT39xkKGLCUFnYP8uScDOSPmwO5yTz14MUF6USSOaPcu7mQkkcehwTjkcdO/YY9Bi+DvxBuIwIfCep5YquZBtUbSc5B/DB25znpjjXHwE+IckHnDSVtE+VGFxKACwJzldwboTxjjOcHod6dWhH3HOOlrpdNnbWyS201vutLI3o4etCClKnK6s9nsrO+qvpfZPS9t7HlL6lAjhgu7ZkvtOAMkgEHgEHAHQjrgZGTWlvUujkcKgBUZwck88Z5GOvJOeO3Pvlp+zP4yu1DSy2NkdgDjcXyuMhx15J9s+/r1ll+yvMI7aTUNdIXeRL9niJIAIyAoUZbnJw3HbHWuqChKPMpLVrqnbZWT9Hr1dlqZV+e1knG2t7W2cdt11tbp3vt8e3M43llVmHzHLEBQTxtAJ5OeOcnPrjie3kWRo0LJhgfkyWKgjsvr8ucZ5b7xwMD7XX9nTwVpssX2yfUdSfeW2FvKR1wSeMjr78enFdto3w9+HHh2ZJV8P2zkKJEjuv37uyjG7kMOq9DwcHjHXphRfLo10sklrqrq+nzvLW6VrnNRUnGzk1rZadW1fVNW0e1rvTTt8IW2kX90wXT7C9u5A2wLDaSMPm4PKoRjJ9cYGcjoO90z4S+P9T2LbaBPHlA6S3H7o4Yg78MByOdoxgHGOvH3vBquk2TFdL8NWsKy42OlskDAdQAVUcdOuBg8EgHF6C71G5Lb41iWQhcK/zRAjJUAdDjkY5HfGa6adOm7Pmaa0e2ivHpb7WytsreZyY2dTD0m1KL/Dd6tbb2337anx1pv7OPi+7RW1K9stPwoLhvnlAIOSp5BxweucHHB5rvNN/Zh8PFFbWvEF3czJtzb26oiO3GAckMR6Z3EexJI+nYbOYB1LhzndvYlmUDBPDL1bBzhu/Pc04NFFJKCC/CnztuCvXI24wTwMEZyeQRjnup04wg1KN/WzbuotLfW1t3bpqfE4vHYuTlGnLliuZO1tLvSyXvbLraz2PNPD/wW+G2gIWHh1by4iUfPfOZywUAhzGxZPQ8A8Y4BGa7aAaPp2RpenadpYSMKUgt44nxjJJKqORtzzgkHsMEsu9U8hZmRdpf/VsWG854OM9BjnaT0wBjtyFxdeZLKZZU8yQAkg8x4weQAME9M9FBCnIFbJKT91Wa5dEm97Lpv1TXfsfOyjWqzcqtWUlK97y5krcutnr92t7W8uqutYVxFErb2MhxKCxVvfg4J9B1xyD0Bz5btVIY/Od20MDtkLDoSTgcEnqenTpk8q165d/LZY0AwiovzE9yAD3AG4cEdcAnNFvcgsxmEjMGVEJGHHIOCuOpyMNnOBnIxWsKEpStq72e7VrtN216O29tFa6OKpRgrqL1S3b0TvD8mrXbvddLWNm4ugyyId7H5toyQ7EnnaSc8E9AeOfcjFvGKQNLLlVhVpHwRuAA5zzu3NgjvnH3g33tN3VW37c5wCxAUIp2jcOmMepIJyOARxxOuTpf3X9m2BnnubhlRkhBbeX+VVLICPmJ5JBxgYzxXpYfAzqTjGEXJyeiServHT7rq2mrer6eFjMfRy+M6mIrUoRjeTbmopJKN9L2UfPW7TVtLlfTdWt9Ta58syhIVfCs4UABgGYNkZAJwx4OMnK9/c7X4VfEKLwFYfE6Lw7dXPgW+uDY2WvRK89u15GxMsLhCzRsuMbiADwMnFeX678MNa0vRtI1FI0tmdN15Z2yOZgp5DyvjBGASzZwCTnAOK/ob/4J9eHPDHxJ/YD8VeFL6OC6vvBXiq6uZrO5eJo3IiE6yJGxygbdtIAIOBjJPPp4zL55ZhliatKfKnCL0/maTa0b0l+reuh8VLi/AZjialHB4qlV9jTrT9ySafsoqXKnd3uk9vxP57tS8OeIL6eT7Dpt5c3BQ/uY7WRgoIwrE7R3bJBxjA7hazrD9nv4neKb+3NjoU8USBGmurtBHEgLAsSCAQAuGUAjJHPByf3C1zRvDOhnUNWXw9YaLp8EZE+o3a29tBGEBV3VpfLR1AG4Bmx8uec5P5l/Gj/goD8EPhlealo3hTUb3xt4lhaRZ7PSii6ZFLGxUJLdDC7QwG7yyQeQK+cnn8aDvFQp8t5XnJOTty2XKra+Tt+h51DN84zBqGWYKdWo3bnSlLlTas3dqK6PWVkt73Pp/wDZp/Zd+FvgrUtM8R/E9E8Z3O1vN8PXMLNpoIALJINu1udwAbjg4z0ryz9tnxJ+yPpniPQL74RfBbSrzxZo0lxaeK7KwRdP0+0WYFYSkUSpFPIhOXZuhz0wQfzoP/BSD4yfF7ULXwdoEFl4Hs7rzo7UaPbm71Gcpn90JtrSrNKoK/IcFmBONuRy3hu68TWOueLZPGV3ql8+sIEudOuYZm1e3lmBYXbEoJFQsCS6nAGQ2Oo+O484gnisilSo0PbynFL26pq0G4q6ScHa7ertpdPY+fxVLNMszaVXN8zhSrcirU8FGsoTcW4RUrxmoqCldOEW09W0zpLvQ4tX1oWl/ojNZXn73S0Rx5OnzXcpeK2DfKMISAwyOjDHy4P6I/DH4JeDvDvhTTNR1fXIl1WEpFe6W9qk1tbw3QV8IVQpJMysEEmGZTn5iAwr8xn1ltKW2a6vNTME1wlusk6y25tFilASaMuFaSQgAB0LjjIY9T73oHiTxlqWo2+l6R47eSIW6u9r5c05hsfLAa4kwAGlVA3zMGK4PIya/jqjTjCvi6teg61X2sovmu2lJ8qcHrdKzTVnrquWzPdx+HxOJjh6tGsoxtCcbzlNuMopRSte8b333slZdPsjTrnwrod546tNCFpoelQ2MxtGiEUl9qNyB80TM2XCu7AhQSR7dT4V8N/E19P47Dahqs1sLco7LKC1usO/KxR84y6AbmA3dAc9K4+z1CxsoGkbxJZX0en3Fyb+9MirfTszN8vkE7WCc7SQc9+dpNn4OaY/ifx7Yxw6hLLpNxfvdXDSQFmeCFsiDIHA24yR8qE56ddMDVccbSjTUo3lC7bbtzuLfWL3dla9lpZ2Z9Blk8XCnH2tTmcVFKacrK8o3sm4rdWT6Ja9GfX3x78Nad8bPgn428I3umR3mm3unXEelSRjO3U4498EkO5SUcyIqs/XnGcZr+UPULXWPAN9rXhPWYDYzaRqU9ncwzgpKPLeRUbDAbkZRww5cZPXJr+t34ufFfwj8LfDU11NLZWGl2lvJM9nHJG93cvFmM7YQQfvbmIPzZBGSMiv5of2tvHnwp+Jvi1vGXhyN7C5uZmk12W6YxRXLqSoESrhSwwd2A2eCRgYP7BgZ89L2LanZRuo3e6Sbul8PdaW076/sXBOaVJTeEnN1FJLlnzfDK6vytOzg9VK2qdrvVnzDP4v02wiK3jM9ssf7oksW87AHyYG3r904xkYBqrZfEHwdeTJJqNq0n2dW2LNEjuSGUKVYgk7cD+Ljr345C+bwhrl99ht9RcooVoYRwpIxhIzkht3JBBPBGTgAVv2/gvQtwnaCSJ4VUBG3NvPBJwSVOSBzjBLE/drrlh8NTV5RcJNO2trtONk7PbTa+2p+m+1hQ/iS1cVFJ7KzTavq9bO22mqGavIdc1QX9vGVs1QG3iKguAvRT/tMOSOew45Fd94a8XX9p4Z1TwkLu5+x6lfQagliJCtvFPEDskEYIBdeuADySDznPMtb21qhfZtOwbEXIG0KBhecAt1J5IOMe/F3V+tpcmRfMZiV2BSQwyTuU84yOPmPGMYOOa462F+sw5FFTS5ZLmknaUbapu6T27tfivkM3wdLM5qNSnGrGnUjWgp2ajUhyuEotrSSaTTaurW6He3bzSrJcmVxco/yrGMMQBhGyG3A/LnjAB9QcDv/hbqlxJ498CadqN7dJp174p0m31CRJX+2R2lzcxpdeW+7cS0QK7RkYLZyc58t0LUoLvd9oBV3YfPuyQQSQuDkAk53c5bAPQjHe6HBHF4q8M3ltItuU1jTc3jSYFnuuEXzwc5QRq27jAzjIO0kfO4/B0HCtTr0IVZKEotygpfErNJ2btolpa3Xqz4zOcvoKhiFWw9JydCoouUIycW4NcytG6Sdr2s76LufQn/AAUO0vwBo/7QniDQfhKlza+FdO0vQ4o4rk7l/tCS1ikvngViMM0zF5CSD8xHTgfF2ualdldL0d7jfBCiyyCNAxZwBkNwckk4PXnp15+vv2pvh5qmkfF3VYZPEun+LrO90+y1mLUraZJJna8s4mZZAh4ZDiMf3CM5HIr460W3nTxHZm8tpHhj1a3a6RwXCW0co3oxGQNwXoeCfTgnPKqeEp4bDwpRgo0aanyKFnFxSfKk1fVu3Z72VlbXhKpl2E4ewEfaxnLCYROTsoydSEE599W3ZNNN2t2Lep+FRZR2NxqNvNZrrEBubRZl2xvAcIsqlgAQzAjjJB5yBkVd094LezlgtVVUUASLICNyKNpZCSRxgYIBOCQMAk16V+0H41t/FfiqwgsrQaXoui6TbWel2LxrEw2RKHYBQDtZtzbiBnO5eK8+020tr6O2nxIIYoxHMqgnDsOARwSAd3J4OTyO/wBJGnUVCnUnFrmXNu7JXVld7O267LrqfTYKti8Xl9DEV4qPt0pJPVRhzq17rdRSd3tqu1ui0K+trBjeW06zIo8toC4AVjnOQRgsoBwzA+vJ4Eja/fQXZMF0WSUuXyxMabs/IIxxzn7wGce1cHqlh/ZF2Qt3mKV2MQXIVzIMkOo+bGflyCDwTycAWEmjljhaFmWVtsTJtb5iMFvdgRzkn1AxXPUwPO41JRjJyWt91sm3yvS/yu92j57Nckw9SbxNSlCblspe9Z6Lm2druzSvduzvuei29tqrBNUspiY5PlaGXJfLEB5WUkbYwfZTyMfKOe/0HwbFGJL7V9VjSxmKiYxFXYmRdxBQk5VcnlhyecYznxu/1qaGxjSxMyOqJHcOC20tkcDbjDE5+XHTOD0FdDY+IJGsVgY3IfAjcBmKbmGRIAQQcdMHPA4NSqNRcqhKEei12sop6t7va1t0+mp8BmuBxU6T9i4UlKTirK0k0uVNXXTdO+6bueqzt4M8Mz3rafbR3sxgMMFyoGYpGTAOMYz82/qPQY7eVXuryXEZlBZ44GdXWbJUs7HIxkYAOQpB6c9Tk8DfareQXy28bSy+Y0jEs7BZFLEb/wDaKgZzyBz0+aulNzZR2sEEkhMs6pjoAJM8lsZBweBznaDnHf3cBhIxkpTmpuVrSbjbXltbrfTe3TW9zljkjwNOlWrVKmKrTSfNzc7StG6V9krd38OmxXmPlxvJbIwlK7/NUnC/N9xfYgjGPmGTnH3Td0jRzcxSySx7ZHxIkhDgu33mOD0Lc5yec5zk5HbadokV5EkWxZTBCGcxbShySV3A43jPXGT3B71+nP7InwK+BPxG8GeM7L4oa5beHfGaWLf8IwLhzCjMISY3gQECaQuVXYc5HuDj9P4T4TxnEmLWDwdanTmqVScfau0ZOEU1FaO8pWsk3Z6u2h8Nxdx9hOE8sqYuvTr1FTrUqVRUI89WFOc4xVSUbpqEFrN6csdLaq/5f6F4ROo3Ltb2kYYmNZNyna5LDPHJCkjHtkjOcV3EHw0ktfEVhDa20Vsb25hhadgXS3keUA7n7K4wTnAAPGe31BefBi/0vxR/YPht0vJYr97OJ9nljUHWcpE6IwAdHGCoIxzgnvX3/wCNP2Q9JT4f6C/iXxDaeCfiDbaCdTTSryBrYaqzqskMYcqm+V32+W4zxnaOhH2+WeE2d5hDHuph50pYBe9KpFQVVXSlGnKS5ZS62b2t5H5TxJ414HLa+WJZjfDZzTnQi4J1XS5qSlCrVhBN+zTeunu6pvSy/Mfx5oPib4faxp7ahp1kbaGyQQJCA1tqMTrtLbMEuVDYbcCeehGRXpvwv174XwSTXviO0ew164WKSwFrsja0kX5w1u4AChiMMrEEZIAzmrvjX4VeOJNGnTxZeKdb0tYTpNle3im4nsZTujktCrfOHwAATu6fj85eL9Hn0y3tkuLKa31hIhGptnLHcNufMwMCTHUDknI6V+N8UcP1suxNajU/dpTTjCTjdJNLlkou97ayV9HuranVhKmC4kwNPDSxyjWqpxlWw1VqFSMvehKULx5oyVpNtLTTyPpnV/GSLqt7qd5ZJq2nXTSbbiUr9otI0G1Cx5ZD0b7vJPHTNfNHj7R118LeaajSLdmWORocAQRyEBC+zhiB3PJUfhXnieNtUtnWK9huWs4iLa8jaQs0yAYJkWQ8MDwW+8oHTjFem2eveHtVtTBpepfYJZ440+wkqWSYqeS7EjBxzzjcDllIFfnNeFTDTTipu+9mlHk91aprrZ6ttpp7X1+jyzhvGcOulWw0ajh7qjUptSjUSsk5JaRvdNtaJ9z531jTde8JiKOyvpI/LkMbi1zuYMPk3kHALjrnqOhIxXJXeplLKVLuSSV2DmdHJ+WZjkF3OC+MdSc/ePqB9Z+J10ZfBN27WNu+o2zrbTTs4e5uGI++gG5zkYO4DByAGxXxh4ilBhukeMorSnYgwHypGPNwfQY78A/w8V1YKq69m42tJJu2rty9bWt2873P2HhivLNHB16MadSnUSlUS5ZS0Wsmlb3WtNbr52OaPiO3jF2iDMytuAjLDIH3RwADhj27qO2aqwXMtxGZg7NJPnMRYqAOudueQemOeueOlczDp013qSpGywq0qq5bgKCwGeAq7Tj0G3PHv9PaH4I0j+y41aOHUL1oFlMkDYKICdxzuBBXjIzySDztzXpV1ClaUop3Ub+69ErK/V6Kz1Tb9Ln6HmtbC5NRpVKilUc+XpLSNo63XbRrS7fS2/JeF49Mnt/9KEJvIgJWLrtAUt8yRkHksAMkgMDndk810up2L2587TzDPaPGkghR1Yw7jggHJJc85xxgnqTzkS+HZtIuo5JAn2CVg28Ek+UWPyk4zvVeuM4wOvNQXKNBE0dpLJEfOEkM0jlY3U9kyRnA9cc+hNcTcW9JuSmr2cWtGkuqel7rdXd7WSPkK6jiq0a9GspRmrqMk1y81mr8ya/u6L8EO1Kzv5be38mSN5JpAx2kGSJjwqtknJyMDjnJ9OOm8J/EzVfDxfQ7iaKzYyxxJLNGGaYq4/1zncNozw204OBu+9nO057G902GAyNFqCTu00+75WVTywb5QOQNo4HGOhBHFeK9I+0XDTwSOCjOUuiWYzlUHyccZyAVx1K5A6159fDxxMJ4erG8Wvi3SfuvS17eSTbV79NcKeFwWYOeXZgo+z3jN6KMlytPbW9m+V6aa9z3X4p/25q/h+HXI9XmvhGjx/ZQxNsimP5ntkBIZR6Y3rxhTtBr47njvtkZhlla4kcCYRnY4DjowwCeQSQc4PcYAH0/4A07Vx4QuhqOoOlvLBMmj213GzqLjDF2G8FstngDPWr/AIP+CR1DSdT8T6wRKMAWUdqWM0l00hCYjBwFZwEIAPzfSvIo47CZLSqUK86LjCo1GKlBc0ZNacqt71/su9tb9WfX8NV8syWlUwFWrQkqU2oSUopOEmrN6/EuyV9OzSPFfBfjvUfAt1YXtpaLcXuk3K3jx5ZWDbtwfzFBKyDC5CHJBHoFO74h+LninxKNXs4bGGGx8R3wudQhngje6y53N5dw4MihmYsQp55yMZz03jL4Oa74futJurvT5NLbWo1eKG9fy5Yk3hfNaPq8ZB3qWGDkZ6Hd9r+JP2AZdK8EaJ8QNK+IvhrxlfXHhm21u98O6TeRG6somVWdgquQJLYHEqEBgVI2gEiuXG5twxhsTl2KxUYRxOYtUMNVhSlLW8bRdSEJRpp6K0mlfbdnfxDmPDmW08NmWKhRcqlo0q0VdKScbJSStFrmV7qzX3r81rS3stP1SIvbSpO01uZYSiuqRq4JyzAKY25DDPIJY9a/dTxL+2l8BPiJ+xLY/AaL4YeG9D+JXhy0hWLxEttbWqQG1UH7dHdxpHczyzquZI3YoZDzxgn5c/ZR/Y1tf2oPG8Pg3SNY0608S3jmyhttVuFgiV0UIsizswaSQOBmJckAH/er7F+Mn/BIXxd8C/B/iaXxPYXfiHX4ZWs7W88PJPPpsaPEzxG6ZQEjDcfvDgYAycZJ9POuAq3EzyvNJQxsaWXYuNehVwtdQjJxcHOFSmpPmTSjzKzfI7xdmz+eOMvFPw/zPOsBk+c5ljsuzDLsbh3SmoYinSTrcs6fPUsqcozikruVrPTdn84XxD1m61TVbyO5khnS3LBJQRm4jUEA56FTkFc4xnHcmuL0e9it3hgmikFqn72TdgmM9cnruHXOfcAGvYviJ4Mbw9rl3pmqW6Wl/p99Jp13bnJaDypSoLY+Vtu3BIB559QMyzXQ7fRNY0+TT7e7vrpoxp95K22YPwdvyYwn8XIAyDnoQfvcMoU6UIJcyjGMe9nZXbXTbomtrWP6+ybE0q+U4SeFl7WnKlScJp6ShKCfOtOq1tr5a2bjvvihqFpol1oenafZxWl4EX7WtvGJWAwMqXQFWOcsVySc5GPvT+EPEE72LWc6R3KzIxiAYFomJ3SbicYBPLA8A8LzgHzcabcHULmK7jZoI1AdAxO0ADmPaMDqDuwM556YHTaPYW9nD9qsGk+0Izu8bk5EWGz+IwpPXPzAjJ57qSpRS01bvuk5WdtE1bvu15K6OypSpSg6au5Nt6NJ3bja97prVpJrTvqr+fePElTW7iaTaWLAgAna688+xHXgEnGDnOTw8NuZtsi5JY7dvTYcg55PUEHgDHXpwB2Gv6lbaxcyrgQSrcMqoTudxn5iCCeNwxtz1B5BGBBFpElqqXIfzHAO63ZfmIA+UkDO7APUZGST0rrU3f3VZNRavyt9Ntkt9rK9nqro9rDv2GHjGV+ZJNXStqo9bL7Ts0tetrFe40u5lCBnVlKZWTgZOMspICgjsdw/hHTrTYtId4i8zmNlO0Iw46kg8DGCRgDPpxxXT6a8N188gKqvyGAMdy7V5bb3Ge+AeeQKvwWtrJK0fmMYsMwLFjiTJ2hg2TjngdQB2GM17WK92TTbjZrV72ta2rWqsnddbCdaV0pabOy6/Ck9W3106NpNq2+Db26wGGS4gDoVUBpQvJJPzY7g5BHPBAzxjOxqli0tsjxwbFXy23kMzyI27jK5wc8bSRyAMdDTLuaC1eK3mVGVQW3O2dueRgAt8rHPbjHRTmlu9fnESx27xGQRhGjQgqEHQYK/e29MDg/L3pJN2dm9rJK+6j5Xdnrd8r7rYcFzyjJavTSytZKHdNvV69e/S2CUubeVXifLoqhEjOxkDD2OOe/rj5h6eteHvFMkcMdnd2irIqZE5J3PkDczAcEFeGHJ4BBOSa84gu7Sd45xGDKfkkjKMdwGNzg4zuyMn5sDuatT3hiiBhVlhaRVErnJJznaDywGcDHBznAHFcuJwirqS5bNaqS03a6tLZ7XtZ6X11pxqXi27WfKlGKXLZxtvZ79nZNaPXT0vUVvwwl026ZbeZkL+VIwQM7D0wSFJI/iIXqDkY9x+FrztaXaTFGyw3Slhw/QLjrknGcehHsfm211yCSG3iLLFK5WPb5mE+XGWIAXaTk9cAkg5AyK+jvhOgv1uYYiGkySIkY/PgA5Ge/OcE8jjrWWAhUw9aClZJNJtu17WavfZa2e+67o9vASSqwu9b63btd2a1S0vfzel9bXPUvMcsISf3ZXLNu3AkFto2nOM8gY6EHHpVKdtyny3XzEGFRch3UnJJJ6Hb/ESAvB5PWzcWd1a7jcWV1CiMyh3VgmeoctwCDwwAI9cc1jJNCFYySgyPIzEqWJA/hUfXA9R0yfX6ilWcktm07t3WqtFtWbv1s7aP8Al1aXsSdnpbW/2k21yxfldN6Ll2trvpeV2VUUsXB2kkuAQScbTg/dUjBbA5xnpVV74gFz5n7piqgknIU/MScjkYIxgjHPWmwupilKgu5YbcknjcQAoJGAe5J56AcYoukjeEFlkjZiqbFUszfNklQATuB4CjPHA4BFU5XtazvZdd0lZb6aeXXTZGbnBKLi4uK06+9az/HW+72XLfRtSVlyyP5oGMqCQoZhwMjPODnByCeGq9awXN3cw2kMVxdXErLFDFCjyM7OQdo2LyhLEcjAwSOeT698O/gL4l8X266jftF4Z8L48yXVNUJt3dAM+ZBDJtkIIyACpBPTqQPftH0Xw74PtZbT4eWCa3qVs3l3XibUYVe1tGGQZYpJQUHOSoVuMcelXDBVZxU6jcKfxKUrrTRuybulFXS0ctUR7Z1fdhFzk22tbpbNtu7SWyV1fra+/KeAvg9o1ps1D4hGWGJoC1loFmd2pXrMo2o0a7iASQuWzjJ4AbFex+FL7Tfhk99Mmn2WgaRIrNb6BEYjq90khLo962d3+rwxBAYKSp5xiTS5tC0TT7rVGv7vVvErW0t9ea7OsjxWrIhLW+nx8xoMgbSfr91efjy8+MOg6n4iuBqiSi6vLl0+23cm9vKjYgAqTkBnHQDKoSQ2Awrup4nC0YqGEp0p1YpXq31UrrRNre7T1SXzsa1MBVoUVVxbcJS96EdkkrNWuk9LLVtX+4+l/GPxl1/xlbS6fpEKeHdFizG5twEuLjOAzNIu05YAndleOAc1yfgfw/Dd+INPn8tWZrlY5Z533yDOMyEsSS7Hk9QM7d3FZcU2kTRQTRNC0e2N1gtjlWDAFTwM4KkEhh90deleq/DHQpNX8V2Ctut9PEyTTAHa6qo+VAAQCWAH8Iz+GK+R4ozavSwGK5nacabdnZW93R9um+yuy8souriqEdOVyhpFJ6XjaWidr7Pvqup+oHwqU+J9D1zwlqk6XUGm+HJ1tLRm3M5aIKjomWHIKkZGVbgE5Nfjx4v8ANbeNNYtBbeZLb6ne28EBbJjVZyF8wZyoUE54AwOx4H6tfAjwv8AFbxT8V9Tg8FaBcWOgRWUmnz65q9rLFZQoYipMLlMTyMeVEe5iSp6YavqT4Y/8EkPGvj3xVPr3i/VbhYtZ1eW6jmtIWQLZSyl55riWQLtwpIRRkEnkZIFfzrk/FeV8OV8xxOZYymlWjGoqalGU3NL4YU43adnZJJPXysfq2LybG5tSw9OhSahSahKpJ8qUUoq8pO222id7dbq/n//AASO/Zj03xr4ovfGPiGK2uJfCF/Y/wBh27KTGNSc7/OVBwyoqfN23DrjFf1U+OfD/hzwx4GuNa1i6hmbQYzqFzJdXC29lbGCMykuXZUfYF+SMBmbICjpj41g0v8AZf8A+Ca/w0jvrme0tdSWwVbHS2mhn1jxBqscR/fCHc0itNLghiAI1z83dvj3wwv7Wv8AwU31ySW8muPg5+zZa6if7S1Ms9m2p6aJCxhtSRG97cyQgqxOYFLZ3Ac1+Gcb1anHWeVs1xKlhsupQUKFWq+RRoRaldpyUXNqTcru0Vva11+gZTg3lOX4aKrLD4fDe9ialryrzcvgpprmd01CNouTaVup88ftD/td/tUftaeL9S+B/wCyL4J1RrOYNpFx4o0yJhJcB8RTSfbVQRWNsiA4aSRCVyBk4FcL8Pf+CIfibQL3TvE/7RXjs6x4ovLmDV9R8OaPPJdMl0xE72uq3kjMZJA52uEcoecHJr+lP4QfDf4R/s6+Dofht8CPDNtZi3hWHXPGs8Mbatq1xgCa5lvnQzStI5Z1QOI07ZIzR4hn02wguLvULhJJsmSa4ndXcsMkncTknOeAcKeOpwfyHjLxPyvh3Bf6tcEV4vHVoqlj8xwzjKMXZRlThiEnKtUbdpSp8tOLbUZSPp8ixFfHZjSxGJwFsJTmnhcLXTliKl3FxqzpJ8tCLSvGE06klrJRtY+SvAvg62+HnhvTdBsbeHS9L0izitrO3jRYcxQpsBI+Xkkbvryd3JryD4sfEm1sLW5s7a9ZblEkXcXJ+YkYIySA3Bx/e6+40PjZ8b9K05bi1sLuFBEsi7gctkZXCgdyTn04GSRX5afEb4rT6hcTyyXMrQbpH4kyzLxhiVOdpySoJ6ZDDivM8LfDLMs/xkc2xtCVWVat7WU60XJzlOSlKUm9LybbvvrzXP1nNs+w2W4X22JlSo13TShT0UqaSVtF8O++lvJaHZeLfiPfmS8Q6phmYrtlYKAGJB2HIxx2HIHPBUmvANe8bNGJS0z3KtvZnUlQ3zfKSw7A8jkhupA6V5Rr/jODUngke7kjPmOI/NwQecfPn5iMd8cZIIxxXPzzvfxqlpI8ihcyuCChYkkELkZBwTjA5HQDAP8AovwHwPSyulRkqEI2hT0SWjSSejWm/RapaWsz+ec/4pnjqtXkrOV5SaalzX1Wyu0t77vRX6nQ3XiQTuzPvZmOCqOw4f5Ru64IG3qepyOwrj9dv5DENzlV2ExjO5cjOd54GcY59ACe4pqJe20jFoFmkJB5Ixt298cA4BGA2fQVja5NNPasnkSRKwJ3Dkb8Yx93dgHjjHbIFfuOEw8IRULJWW1u1tb97vVP56n5hjsXUqOcpSk7621Ttda3kt9Numj1bPNNWud0km+WICUYG4gMrD+JSDkDpgkA/ePauJur2YYi3logrAMRnf3I9T1xuxz/AOPHU1iOVQ8ex5JIzncY8A5YsAcDHXuM/wB4jvXC34uFKqjTBt28qo4AOAfu+uTkEZwTxnJr2IR0VtEtW+V6bXV9fifXbZXd0j5LE1HeTcmr6rW1uWyd73s+mmm3dmza3Dlw6R7G3ABScbhk9ydu0DJ5PY5wRWxLFgLKV3GdSW2ljjAyAp9jjPbjHK9Mzw9pOralqNrELdpIJpIgAoyw3OOF4bJ55BAABA69fYPHXh2bwvHZwfZHg82JHDvGVQhlByQwyGw2WHY9BxgddOvTi4wlJKVrqLfvJJRT0STsr6NNJPVWOWCnKm5KK5V9qza15Vazlra762as1fY8qEaGJmRpNuG3KMjyx0JGCORzxhgSfwOLLBcIcRTM8YHVipByecgE85Pc9eME8V0Ml0I0kDRIpVWCFeBJyeR22ljlSfm5HpXOXLuU8wAqxkCuuSBj+ZGDg+3HKjFVNRUl06pr4tOVu+lraWXR26LRVJPS+nS2zet7/Kzt36PRsdG8ySkAqNyhmIG5AcEkjOcEDPU+nPGRct7plf51Vg5CFpByCWJwAQTg89ceoPQGjJPGsb/Z3jUvhArE7y4AJXn5tvJDA+nAI63dPe58xTdwIyhDljjKFSSGwBgkrk/d5A4JwaVVy5UldX06dXG7ael3q13VlcUqbVrdfhjZWVmrNfZvq3q35PTTqUeJ1QRuUKbdyL8o7/Pk4yQx45Ock8EHPcaNp8V5FuuJSXUHyxjLfL/GzDr243cZzxk58/huLNyWEgjl3bN7A7GzjhSe5wAccHPNdzol2luiLHNuBIVpMgKMfwADPU5HAHQciuSbnJNWVtF2btZXSva7d72S0TeibOvDJJrmu1a9tFqmn0v20t02V7MTUbG4jlAtplaRGUOUAYhGGWb73QDg4IIwQcYFaGnXl1CyQxokpBwZuAfTkckluRtHGQRyDUzpBvCiTLSyBVZSTlj8xBU/NjrjOQCAOeKl1zxToPgO1a71FILu+Mamw01GVpZJSpw84BykZPJUjPUbcnFefiZTcZQSTbilZKzW3R7et7JN+R2c9OinJvlinfmvst+lrPzvtqeqW2paR4V0M+JPGFythYwq0sEKOPtV/Io/d21tFndtfbh3CkDnnjFfHnxP+Knif4s6jCbwnTvCmnSGLRPD9uxjt0QHC3V2qsBLcvtViXBIHQgDnmvEXi3WfGdy2ta7cP5ZkkisLAMTa2ygj93HFlVG3gElQxPJOSMYRkjNurJmNUZVC5/76JbOcjOADkYJAGDX55jaUKWJnUqRU6yTs37yhZxTaT0T83u1pbpliM5rYuh9WoP2VCNruLalO9krtWcrWb3s9Hqtu38FagmjeIdNvprdJxp95bzxIwL+ZPG25OgPyggYGOSDjuB7141Xxp8ebzUb+4e4c6aYZJ4wWa10rTrZkXbEcbEZ0XDBdxJHNcp+z/4Am+JnjTTPDGnxxte393DAsx+dIIwC08oXksVXoQTlsDjt+wUH7L9x4c8E3WleENLe8tEW9m8Q63cI1v8AbI7dS8kLs4BYIwKhFZlwRuOM58zFSxNRSlhqc5uNNycrNRhd2bb20Vr6pWt8/wCLvG/xBx+QeIPBeSYTFVqcsTisPKVKlze/CtiIU5Tmk9Yp2Teqiuv2T8mviDq2n+FfAuo6Ta+b5mq2FtYRlSWmmiji8suEAJzvzg5OAe+7NcR+zr+z5YXOgap8R/Fmhzu07G10e2mRsJbk7pbna6/K6ryrHC8scn5RX1JonwYl+I/jIy60j2/h/TZmSBduRNLaTMBGnP3CcBuecDp0H1V400218OeEIdA0uO3jV40DpAqottDkKAMfLlhwcHcTkjcAQfksVxBVw1J5fQk3VnO9WUdbXcfcVn9pNOWmj1dj+/8AhbhmpjsNQzvMYvlhhacqUGtJXhBqTSfW99FvZs8g/Z58C2+kajqWviIWWjXV/HFZQHAaURsAzPwNyqQTwDn2xmvFf2z/AIu2WoeNbfwn4X+13k2jRQ2cUMJfyptc1J1t4Syrnf5ZYlUGcfMMYJr69s9c8MfDDwHqfiHxVqOmjUDptzF4K8KW93C95qOqmEgSyQRuzoFZhIWdVxgjJPJ+Lv2SPh9dftAftLW2reKIYU8N/D+a58f+NriRUMIvrd2m0/T55WOxlBXADNwRjAA4+98I+FMbxDxXSxeJo1PYKrSTc4NScLxc2k9EuSLb0ej7I+d8bePsHwH4fZrjPrEaP1XA16lNvRuvyONClFN3lKdVwhCK1fmetftZazZ/AL9jX4efByWBYfFXi60tL3Uo7dtk0l3fL9rv7m5C4LZhlVAzZJC4BAOa/F3w3JcW92/2dklKsRHliOAoDgL6AHnAHORt6V9O/wDBQv4/j4sfHzxFd6JO9x4W8N3LeHtCjBBhYWrmF7iNMhFGVMYKdQoweCD8keFbq4tLb+0HUSFZZEVidpdXIJGTyFwOAv8AexycAf0nxpjMPi89jh8BZYHLKUMFQUUrRVLlVV3s78072dk7eh/PP0feFMx4Z8OqWc8RValfiLi/FV+I82q1YctVTzCSqUKMtnajhvZwV1eLTjtZHsOg3dj9pEl5IpkLsjnYC0L9QDj0Jxzy2R6V6ZbtpSPGWQzJgSBgOjMMYPPTOPTkc14JYXttIWmRhDJI7O4GSGJwSAWJIwCwDZ5PccCu0sNWO9VIZxncFJKllwOcZGFGO34YyKjDRapwiuqVpPu1C900t1vr5n6TWxSi21FN83N53SjrZp2vpdq3mkj3u31I29t9nAwjBpFcjcFVhwFA4PP1PcjnNUJEiljYsqSAkEMvD4K5Puo/i7Zz3IBrgoPEDSIsaKdwwpYkEnaASShbuODyOuSSDiu2sL/TpbVt80avIFD7W/eb1JyAvYZ7DJz0PYbzi0/5ktL6rVqO2uml09Lu33+ngcbGbSctrbrRNcja6aaX17rR2ZlyxPGQGdtqsWEYJOUTlcnBB6cZI549q/N7xV4khvfjJeWZQzCXU4beAuwO1kmVpFKgZcbTjABx74r9EPEOo+TbyTWzyCO3gucvtySfLZguSOeerAbf9kHgfkzFcx3nxlsJ7mSWF216WRpGPDDzyBtwScnpk8YI5PSvls4l7OdGNvjkm93ZtQTtq1Z6tdN3s7v2q1ZVIUo3Sbkm33b5FLTVNtN23Ts7bu/6gx6PaTQKIIwnm28RMSleXKfMpG7qFJZSCcEbcjipvD/hTQJL8SX8LxTKWe3kUkHevRWbGMAqCT26c4yLdv5UEEbplkZFk3KxB4GO55RsZ4xxz83Q5cuqTQyyLgxq4JQtncOck7gSVyDk59STwRu+dzzKlmGHfJaNS7eium3rZ2Std9El9zbPocsxlPC16fMotRa5o7Xvy63Ttd3vdNLXvZL5G/a++E9548utO1PQ4o21CyiaKaN3+e4jj4QjuHwMFenfIOcflz4g8BeKvD0kqapo11GoZgGMLtHhchmVthDLjPdhg5J7D93det4dQhS5hRpZLZcscndlsBg+QQRwQSDkg8nmvJNa0Gz1EGO5sbe4hOfOWWESYLEhgdwBIJzyOBgEZzXwlOniMOvYyetNqm07pySUVddVbp0SafY1zbJniq1TE0pSUa1pJpaP3Yrf1TutuzsfiNJFMmcx4fgbT8p3A4IZTjkjjsCTkk5psNuJmCSrhmOBnkkcHgDOMEDk5z+FfqH4l/Z+8G6xJNOlgLOYhi8kHyAbvmBEYPAIxwpJwOeM14bqv7Ld6Wnk0bUVKlN0QmBDZz8uDnI+XGDwGAycZIGNbMPZWjWhUhZpXs3Fxdne9+qeidrX18/mauQY5SShB1FotLJ2dnorJb+emjeyPjCXSvPDjb9wkgkjLAE9AMsB2z7jnkVVfSZ41dlkOAoA2lvlx6rngnBOM5ByCeufcfEHwh8Z6G0kf2A3AiR989szsCQcckfeD9+5BPOK81utL1SxTN1YTwxgEuXSUAkfeCtgjJxk5Y8kDAzmnDF0qqXLUi5JLS9tGk7au/lZ3tuvPnnl2IoK1ahVV9Peg7O3LfRaerV/N2d3yRW7tQpSQlXIyeQCF6kjqepHJxjHIBqG6uJ3cNgu8ZYMY2GAOxAGArDBJPBxyTzWtdXS8RMjosmdpZTiM9SAD79+oAx3rODxgyB9gGPkKEBjn+JsAnPfGOMBcHHPTT5ZcvwtN+WtrX211Svptd66nDVouLUW300lda7tvXTvdrr02M0axcq0bSSOVU7VVjhlI4LDnJye4ABIGe2N621yQlZBLJh2AAUkEgHqeF3HGM8Ae/XGHdWltNEjRNh1DMRkkklgO+OO5IJwfT5gbmmbVhktmjiNyzIsG4/Pngqck44wxySCeB1wa2jCGvupet273j66Le63v0tryuMo1YaOyd1reWtlfe6Wlnq9eh6/4fnnuEIjvIxKU3Oj5BjH+xk4LE54wQM8A9/Z/C1tqlskeoQSlUH+sX7rylThgMkZLAYyAcZyFwK+WrG01JbxJInbzDtZ0SVlVAvzZ+U/dyc9wTktxX2v+z18QvDnhy+gs/iPoh1TRLmaOIXCDdJBFuAZkyAMhR1OMkAkkAit4YHFV6cvqkXNpNxTulpytWu0t+nbWyPrcjxOEU1CupU1o+eUrR5lytOSvdX0XRau6to/0T/ZT+JPidEs9AvdQmXS7pxFDcalPm2sHYkjeshH7psAfexywI71+lWk+DdJ1e78P+INdnsWg0fWILu5n0S4jmS8trKVZpRJFExZWKLkNgDk45GK85+Bfwv/AGbvj54cXQ/Bt6NI1RYZJUuYN0NyBtBVJUBVS6kY+XLADOelfeP/AAT4/wCCbWrePvjXqWhX/wAR7q08M+GrO81a8kSaS8W9tgzCHTZILhmiSSfG13QcBsDrXw+H4g4uyLiLCzwVXE0VTxNP2uFqRm6VTlnBSVmrNebsuz2P0qhV4V5KdbMKGHqzwzVR4mn7lVcttOWK/eN9rq++1j4q/wCCx/xb8I/FTxN8INR+H2o3eo6VpHw0tNLa6lUyRW09snky2jKwyroU25I4xnrnH0j/AMEMfjL8MPAtl440/wCJRtbm7ttHe80/UbxI2trSIEk2iFlKqZD8rg4JB5yNxHcf8FnP2Z/gp8Adb+CkHh23Ed14htLvT/E1mbiJYrKwYt5mriDcAChYuzbAxyRwDg/gHr3xQ8N/s/6ne+F/APjJNb0LXtMNxe3to4jkBMjOIWlRgQUB2EZ524woAFev9JLE5vxTwvlMstoujmOJo4WeEg4udONSDXM5Q0jKMm5p66Ssrrd/qEMdklHL8PmM6lSnluNwHJGnKbo1uWUoqLirp/Et4q6i+zP2x/a7/wCCimn+GvjLfeIfCT6f4S0+axvNMsv7CigiS9G+RVu5Qg+/jB+YdSD718Mad/wUs8UeMtG17wh42ez8U+Ho5pbmOfWUSQvEzNuWMOuPnXGPQ9CBtI/Cj4w/Hu+8d6vEfOEdtZB7eGRX3MxZioc8lskdSOpIJxnB8nTxxqNnbKkVzJIsimD/AFhxtPJfb0IU56nkDHA5P8wZD4B0J4DB43OJVaucSar4jE+0nCSrzcZSklGyjZ3SttFLTY/Oc48X6kcRUwmBilgKEPYU1JKUqlNRhC03LWV2rpvra77e3/GXXdFv/iD4l8QaDBaxaXc3M11bWMaYgVpXYkRKPu7Tjjb36Y6eL2l9eXM39owwStcyFiVjJ2qjgj5u52j8sDua5a98SzzlIZH3CH96xzuLBsAqwDE9WPTnHQY4G3pvi22tobaTYqEEgI2SPn6MSBkckkg9B0wBmv6UynA18vwGFwkpSqPD0YUlUqScpPkUYpyck7tqKV2767a3PwrN8dHH4mviEuX2tSVRpJJc0nFuyVtFdLTRLz0Ozs5728s5YFka1ZkcsrueCMghSSu3dnJPBwQSFxx9tfsmfCC08S+H/FHiDUr6604G1utOsWRitpJc+S7pPKykknzMKTjaMAlj1r4w0nWNH1CFvtgCM0w8zy1C5VzjCEFSQQT14yTgCvvL4BfEvQPh1oOoaPe6vC+k6jKjG1m4eCCXG8IWO7JBKsRzjkseAIzXNa+Cw7nThOpUpzjJWUpfA00mvdld8rV4vbpbb0eEqeXzzOksxlCFCUKkXOTsouUUotpuLTunZp2XU/O3xRD4g+HnjXxHA9/I11FqFwinZ/r4pJGKuhIwyFQdvQHJK8jn134d/FefS7ObTdTm8i2uH+0CeWRjlmAyhXPRiQBn5scE9K+4/E2hfADx3qEmpXz24WbCmVlQIgYfK5lX5i+5gQDkBRjk18ZeM/hL4NsdXu7TRdT2WIuJJbW+di8cyAs3krvJCrjoSOMnsMV1ZPxhDHR9lOFWhUbalGpGfLzOKbs3d628tu+3ZnXDFTLas8Vg8fhsThpVJOCp1U5RjK0oprd3Xu3Ttp06e+eH9S0fxlcabc6Naw3F/tMLLaYKJ5RBDyAffZQNw6k47nNe/wCteHNFsPC15cXqR3l7cW8MouYEJuIzHs3RyADIRWG0Y5PGcjp8hfAGG38M68LiLV4LGeK9EGnC5Mf2OZjlTI+WO7LEjkEHOPlPJ+sJ7/4o3d1qtpo+k2Gs2dxN5VzqCRQi0meRkItoSBiOPGMMgA4zgcA/dZNWTxGHxFPanVjOTXvaLl15W02rva1rl8PRcK9OtOd5RnGSUU5O8XHVxumlZap6vRu7R+73/Bv14kt7L9qXWY3mSOPUfAMq2yO4V2w8asu3OWOQQQDwTn1FbP8AwWT8Txaz+2nq1vBPG8OmaFo1o0gIcxShHDo3owPVcArznGM1+T/7HX7RnxP/AGQP2g7H4jHwUuoJFYtY3OnQORELR1V5VRlG0kMnAPbO7qTWL8aP2uNQ/aI+PvjD4i63pUmnT+MtbZILQyCZNPhgfbFCDjgR9M8ZI6D5s/1JkudZXLiHCcRSx1OPNkUcrlQlGSq+3/dpNJ6KNr/adlayWqP6wy3N8poY+PE9THQVSvw0spVBqUaqxEZw5rxtaMOVaNu72sdHrd6YbkMoJbYqyNl9mCAQQT0A5xgDGD/eOM1rlMFo2Y5b5kGFO44I5wBn5iN3YYHJ5qW/Sa5xjBVI0MhUHO0jKnoWBUYz2+bsASsDRBYWVgNwK5C7iWVsHoMgMOQR3J7448jPMSq1bEzi06dWo5U7tP3m4vRvmvddOvVH8/Z9jHis0xlWnJyU685xat1kra2u3vo3bbRNq2T4la4nt0cljCAoUgDKnOfmyMYOecc5Ge/PV+HJo7azh875dqnE2ApIbbgdCNvoOeOcVyWpkGFo2WX5UWTbknfhtwLKV6AkYx1G3pxW9p7tLp8at+7BYeWzD5iFB4B67fxOcAbSSa/Jc5pydZuKbk5OzXvJtKKtZPRavXR6dtvPjXm1Fzaeru3Z3skuV721u79LadTubXVPsr7mnOwYKYJKlW29gRtK47/4V2dnereq7QOFIxuiIy7MBnPIyTg89sdRXhK3YN0I97yMq4dPVlbkhegAHUgdBxnPHSafq80EisLhU2DceCvynjacEE7cYQEnAGORXzNfDOcnbe7u9LXVtntq2/kUsRGLSV021FK+rbttJNd76tpJK6W67TWZ3wEQxrLuO4rgsUOeTnnODj2AHXGa42FJpZW3khdxJLE4UDgDjJIBwP4sHjOeK2VkE8wuw6zRleWYHDE8nI6sR7Eg4GSanjmAdGSFTGjddoIYg5JYjPHIyDkAZy2MY4J3p3V7N2fTm0Si3zX6Xa02vdXuy5Sk3FptRdn1e9l3atZJarWzvc6nSLSNYQsyq52BixByCVBCq2cZJILA8Y4BPAPWx2Eu2LdAgj279rdl/vj5ugAwVx19cCuO0fW7aG7EVyAUQH52YEDOMIq55AGN2epJ79O0bxJbQoAphljQZ3ZHGfuqDwSAccEZzwMqMnx8ZHEzleN2v7qbbStZK3d2S08n1PYw8qKglKW1otW95PTs3fWyelt9L2ZBc6SplaSZY0ZVBTcCodTkYzjjnjdnk9ucmlPokUqkxvuKniIEZGSD94nDqQcZx1yB0qvrPil7y2khjhEcIZR5wwXAPLFTnJXjIxjk5OMDD9BnWWJYVn86QMNu5tsnT5lbGMgZyPXA4ryq6rxhObUnKMdE7rqrXVls9klb1Wi2UqUpKEVfRLRtNt2trpypWa63V+9yvZ6dc6PdQahZDE8UvmtsOGUBgWUkYypIGcjK9q+pdI0vwr8XtDnsr/TYl1WO3CSEKBI0gX5ZoWIzuB5JHVSRznjx+GytpFTJ2SFSuCAAx4B3E57EAZPrgZ66WmXV1oWow3+jyyw3NsRvSM7InUkAgjIDcZxweD3P3vlMenUpSkpOFaGsZaXbjZqLW617u7d7HrYSlGnJXSlBxTlB2f8ALrZvrfq+y7HNaj8G9R8H3s8DwF7CVmNtNhmCru+VWHRTwQwZcAZAXFXLLwc8obESJkqXTYSrjnJBwcAgEbhnoMY6V97+EtR0T4leHoYLu3t11JUWC5V9iyNIcEyoexPJ4GTgbuhx5/4o8AyeGrhVjiMtoHJjeIE4BYj99uUAY5xk5GDkAk5+Oq8RVaU54bFJxnF7v3eZLla3a2fW7XZ229iGSU5qOIoJSjKzaW/S+t9lfR21bfZJfOOl+EMSrGIITGmUkjXLFhuDEkcnjrjlR6Dnb07/AAwWOSK/gtXht3+dmUfKGPIOQu4DOANw5bOMZ49u0Xw/YvIrtEYmQh2yu7O4Z3EnsTnDEAcjoMA+wafodjeWzQSqVj2gBcHYy5HIxgK3XGMjp3Oa+OzvPqtNTqU52TWvK09tfKyevVrqtdT6nJ8mpzt7SlFWlfW11Zxvruk9m773a7Hx9f8Aw4j1ewBjhUXkOFRgMs+Bng9SdpJ45xz2wPOJ/hvJBcJ51uPNX5VKcuGViOQR1468g8cnAr79/wCENW2mU2i5iMmWyDsZVydwx/FjJK4xn5uWzTda8D2zyQXsUCMjjMmF+ZJOpGcjce2TjP8AdJ3GvyXNeO8ZhFOHtpcrstJvT4dVZ3utVdq73vfU+7w3C2CrxjJ0ottpaRvtybpbNrru079bng3w/wDhZ4f8URi2uYBBfIqpKGRQZB3OCOWOM4B/3hg4r2Ob9m3wvHZxtDZwGdFJBMYjkMuR1wAccZJwME9MYNXdL0m+0K6ivrGMQyI5kDAYZ1Bzg44P+0CMEMMc5z9JaC3/AAlWnLIrKl9EoWaMFwTIcdMY3bzxwMdiOQK/BuKuPuIKGJlWoY+u6M2rqM5LlvbVPpta60d9bO7Pvsq4Typ0Up4WjKokteWOrSSunpqtt/TXVfITfBnQoClpe6NZjcxQTG3VnGD82MrycnBIznnOOo6K0+Cuiy2aWj6VZS2QIdX+yxSEEcglSuBwep9MEDJz9PW+gyxXxh1GFpEaQANISxVQeShPBwSCQR6jjgV7JpPguxurWPyEAG0YZRhGUjOSvXcM4Iwfu+jc/nedeK+cww8YwzDEppK6VafNKOjd7SXd769E1ZHqU+EsupVHUnhaSUlZ81ODsnytp2Wtmk9Ve1ra6P8AOnWPhf4d0g28t54Z0y+tBMojkOlxuUIP3nHllcEdSMHGBx0rTX4O+DvGml3NpN4R0aSxnjdHRLFId6MNvy5UFHXqcAMTnjJyP0XPw4s5YvImgSVGfDxuilfXC5yV3ZGWHTpk9r1t8M7K1i22tlBHGoO5Fjxjg8ggZIwcHnPTPHJ/PM48W87q0qUqWOxixNJ3U1Xqe7GPLZv3nrs1rZba2uejh8lyXDPlnSw3sql1KKhGKvZXTsktdVdrXp2f4E/E/wD4Jn6Jqdtdal8PLibw7qrM8sen3JJsJHclvLAbLqWOABzgEZ7V+cXxO/ZS+Knw3tNa03xd4Xu2t7uwntTqelwSXFtcLICqu5jVtqhRzvIwWJOe/wDYReeC4ujWbkcgMuCzbeQAeMDvjHTOfQcZrPw3sdTLQX+kw3ds4KvbXUMc8UgJPysJAQAwIzk845Bzke3wl9KTjHIa1KGYVFmeGhOKSrNxrKMeRK1VJ69HzX06ux5OaeG/C2cU5uioYepNSt7Jr2cnJLeOvzt+W3+ep4i+F1x4T1FLHULMLJFdkpHLE6yuhfKMNwLEYYA/Nyfl5xX6Ufs+pHpvwr1DznKNJbOFi/uFVYgKOoAO0Z4xgkA81+3f7aP7AvhPxzoFz4l8PeF7DTtT01Jp4bnTbcJPattJBnijUCWANyTklQcAHJA/NvQf2efEXw3+HdzLr08NzbXi3Ije1TcqqgbaG4yjBgNwI+U+meP6jx3j7w74h8MYHlxSw+PWLw1KeCryvNTk0uaL2cVZJS6Pl0e6/Nsh8McZwvnOKq4eMKuGlSqclWKVrSj7vM901r0evTqfNngPVhovjXQ/FU+kWOsrpGoC5NjfwRvBcQQSCRh86n52VflbDHgHHGa/ox/Zs8aaH8bfhvf/ABB0nw9a+Fxe3jaVJptpEkdusthCU81EjXJZtnUjue+CP51rSytrQ6hEZNpiSYR4wCvmBskHqCV43A9wCDn5v33/AOCZum7v2VY3YZc+KNWcMeSVCuOvcDHGOO/JxX5z4z14y4Nli/bVXKFfCUqfvzcHTmnKUOS9tOVN6aaWPuOEcLyZtF+xjCdqjlJJJ3birOyV/XVvmPY/iZpIj+C3xAgKHLeFtSYscAD93KQQTnPPoAAfXca/l51e28mOQlSxzf8AIOQ3yyhQ3J6HPXHTpnGf6tPi7AV+EHxBLfMq+FNWG0cEbYZTz6jAAA45yBwBX8sGvxE20k/GC1/gDngbxkgk/eOeMkrj5emK8P6OOOmqOOUXpLHYa13a3NFPdPd8r8rrueh4g4WU6Mb2uqE/X7L7pfdumtND8vNFYxfEm725BXWbtl2ht2BI2VyMbs5GDkADAr13wJ8T9f8AAHxXs/E/hnWdQ0LUtA1q21ayvrKeSGa0vLN1ljlVkILDeo3DdyCVIwCK8mshInxEumVMKNVuhkL1HmE57kkDJB5GTzk5xU1VxF4qv7h9/lmbDHOMuxJweMk9RjOCfpk/6d5bKE6tB8zjJ4Ci00+WV2o2Slto7X62tr0P4azPCynCrCpCE6csXUjOMo+64vSzTvZa62031bR/Xr47/b3+BX/BQ3/gnd4p8MftIXNjov7Rnwnji1LwV402IdS142ShEt4JSN5SeBSlxE7bTIS4Dda/Kb9i7xnokXxS+Hmj61peneJPC3iTXIdD1OyvLdJ42t7u6WN0ffkB2PsOMrwME/k/ofi3UPDuma0iSyG1v4HhFuzBlTzBtLKpPyFQT90EjPQ5zX1V+zr44bwLoGheKbI+ZqGja+upxEpuZHtT5yLk8ZLDGWJJPIHY/S5Ziq2HzbLsdVlzexxVGCqXUpOPtFdyT+OzfnotbvQ8jC5JgsLgsywWCl7FYqhVrOkrKNOajFWhDRcjlrfp5Pf9VP8Agsj+yD8Gvgf4n8B+JPhVYW+kQ+ObSW71Hw/ZYW3tZ/MBR4I0wsYIdiwUAA9cDFfzMftJ6Zb2Gq6P5RYAQNuSQN1BAwfQ8jdwCM7jjk1+uX7VH7Ynjf8Aae8QeGNT8Tkx2+gWSWWm2iqAkYDorSse+SNzAjOARyK/K79qA79S0SSREffDKC6NyW3LkkemcgduAeCcL+vZpXoVazq4eSn7Xlcp8iipXSleyvZ30vbV76rT4P6tiKWWuOIknOHubO3KpLd3bbirJ3Wuu9tPlO7Vn02NcjHmkDGTjOexAJ5J59MYOMg806bcKwY7eeTlRk+mefTJ9D61088Uv2FXx8vmkk9gM49/XqRznr2HPSqmTnIYHpxtB54XsR75AwOo78b55RXM9beat8O7022fS+jtqjwJtJpX2tFXvq/8tk9ultLGc5xJnpyD3xnnnBPThu4LHv3r2TwTCJdMlDsUO8YHJDHOefcnGDxz1rx91BcKCSMdOfmAOO/JJz3PA59x6D4W1Wa2haKHcVYkupPbBUle24geoHXIyoz1YKSpuPVKLjrfrbZvdaXttbpYwajLVt2TfVpu1ldu6VtdFotmdvdxF1O1QCx24QkdCdwYk5OO5A65xnoMa8VghTjYCMlWw54JHXk4z7cjryBV7+0LZgxztffuJJ5OQeRjHJ4GO+TycCsy4uQ0brhSd28E8kBiT0yeOPTPOcEGvQq1ItadE1o7rXqraJu3TX77Amo3Sfpbpaz1s7K7tZb2Wq74f2Z24LHAbID5IABxliF6NjAweOnsYjAwDFQdvIyCQofHU5PPC4GTx2BIrSWcSIdxUPuwxA4YdBsJIBJwN3qRkjBqR2jZSBjMoB+Qnjn584/EHuO2a4ZtKN2tdr221t93VLW/nqOF76tvS+t9Xpvr2f5fLClbyiocKFK5ySSOOhYEnkdsAjj3qJ2xKDx8uCduAoHBXkcntwfyAzV7UBHnhgse1QGIGVxySoByCe+RjjldowM1CobJAKjO7IBx8uCwGMjjHue+a4KnLzN2vduzffR32uuy1+7VmzSk17ru7PfXSyVrprW9lu27tdbv8523CQ5+YAoTgFMYB+UDGCB+ALZ65AzEhQzLnJH3scnHO7J55HIwQeucEuGAwIwyrweOOcFc+ucg5weD6c1NtJ54IB5bGeCM9QMjb0HAIxljWHK5LdXaa8rNJ7uyvdO2jSb0HFSUtG9Xyqyt2et7Oz1avZ9baFdXljDsh+deMgcMCc4OOG+XA5/3QW5rasdb1bT2We1u54ZFI5hmZNpJ5yFK4OTx2x8p4rJIVQcLgeqksSSRg4PHPXJORng84FhDERk5ZiMbOucZ5IwoPX0B/M1msLTlpKzXW3k0lZ2X5b6bNHXTq1YTvCq1bltZu9m09k/NWbi78uvKtX7R4d+N/wARNCISz8Q34RSMJJKzoTgYGGYkAdNwA9MYBr6B8M/ti+NrIRxavZ22qRfcd2yspXBy3HHXOenQHkZavh5CoQn2XsQV+p9Ox684GDWlA4OG3HcMIRg/MD/EPxOM57557ZSy3DTu3FKXR2VrXXVavortdl0PRpZzjaU+T2vMm/tNtvSLs07+qfXZNu6P0w8GftL+H9Q8V/2new3GnJc20cTnAIDhhyOM7Tg49+4GDX2do3xg8GazHH9k1u0iuPLQiGa5WJyWHdWKkfKcKduTznvX4Z6Fc7LuzcHBE0SlR3VpFGPc4Jyc4wevOK9X+KukX1jFpeuaXNNbvc2yGRLd5FkXAByuwhtzd8r8oGcnt42JhRwmIpUJNJVL2u3o48uu/S+vSyR7+FxeIxWFq4jkclR5eaMdPd0Sa8ret+uj1/bGLxHaXKJNbzxTrsH7yKZZF+bBBxk5BzjgZyc7h3hn1JSVk3IQBwQgATJ544JXj5h1zjB4r8I/Dfxn8f8AhhkW08Q6gY4Sokt7lnlQDptYOxPQcqoyQTnGMD6N8P8A7ZGtW8aQ6zYi8K7Y/Pi4cYB3cHGMkZ4ODzgjGa9D2FPlXLNttK2yeii9N773tfTojg/tGjNtSUoNStJSWt1br23aslvrokj9SJJ7RwJCEL4wxThtxznPK9AScn7oPJ6kZVyLBgzbI3VlG7cgDD1yRknGCMkkHpnpXxHpP7W/hC9jVryeWxuMkbXHHP3icgqOMnjByO/bubb9ofwRqMaOuv2GW+VVeZQytyPnCkHI4JG3sew4p4apKKUUmrrVdNt7Nvol0v15rmv1mlKKftY2Wt0krP3b7fd17dNPa9d1xdHtp7i1VlW2jZ8OW8sx7h0yOw5GehDckGsTRfiLZ31srzyr5kgVFYOUy3RgBwQVyVBzg9fvDB8t134m+HdU0i7t4NUsJ1ntmXEc8ZJJUlFUZ5JxnPGM+4FeCabqdzJKGjd1iiY4QSYLAMQGABAwcEZx34+Y5HdhcNyJxmk4u3No+Z6R6vu97NtbLXU4JYi04uE+e7dtbJrTTq+l29dra3Vvu8eN9NhiJk/duTgTqwbg4xk5OME9B0GeM5FfBP7RkcWv+L73ULTMkB0+HMn8MrR43YOMZ5zjk/QZNet6XO13BtlaSRCoBLuSY88kAMTk4HXB5A9K6yHwZoXiGE2d/EFllGIrlwNhU56qcjBIHXjHHTk9aw9CElJQVtLPTe65l26aO626nPUk60JLluvdV7LVNapa/FZvXq1u3t+Yk2nxveSSKWUNGqjIKhmAIA4B4GMYHpkd8es/s6Xfw+8N/GDwPrfxP0pNY8H6brEc2taZPu+z3KeapiFwiqTJEMYkQ7gVwDx1+m/E37OccMkrxAzQTZmieFQijjgoRgcHHA6DjHAJ+XPFvw+1zwpdTvJas9qNwRjGzK2OmcBiCPUZGAduM5Pt5RjYYTFYfESpU6qpVYy9nPWMlFxbi1bVNa9VrtsfNZxls8XgMVhueph3XpVKSq0rqpT9oknOElqpRtdNLSz0P6BdZ/aa+BknifU4/hl4V+GPhnQG8L2c1lDa6ZbGF9QjBBjhbyvNFyy7QysoUyZIOMivfdQ/a0+HHijwTd6d4i0rwImmweBLi21C0hht7TVLrVY7dhazxzKisssb/NGFbaxAAbkiv5P7XXNQs3m8qae3LZyFckLjhQMn5CAcjOAPm5wMV02keK9Tuppob+/vbtWtpCC87kERrlASrAYHHU+u0Z4r9ox/i9Rnk9TLKeR4OLdB0o1YtJpzjZvSN5WUr2bvtsj+bsP4F1aOd4fN3xbnM44fFQxXspVW1JxqKaTbnLlUmkmkrrour+6rv9onwBc6vN4c8WwRTWL3FzDFdsFnS2t5ZX8iGZTuyI42GZFwd4yMZrl7z4WeGF1S28Y+Btbtb7Rrlne4sopVla2SUksIwGJUcn5GVcAZweK/PLVrz7Rd3EgJEk7lufmwQxCg8HptyGJUegLAk+t/A7WtVtfF1vpkV/cLaXEb+faCdhbvsXKkIWKqQSc7cZ571+A14Oq5Vb25pubUdujsrtW0b0WjVk+z/qPL8crUcNUXtORQjGevMrcqUrtWbdk0rrXq9T6vufs2HtY45A0TNtK7trAnCjgYHPXBz16YrV02SVZUgMYiKwoFLKMnjdsbtwD97qOnGBivs/06ckh2lmTKlcbDnttGMc9uuT/CQBurG0VwXcBiVKqSvAJXhQM88kAHnGMDIHOKbcYp9JR10V49vk0rN2vfXQ9mryvVJN3itEvhunrZKzXls0+q08//AGjGSaLwnsO7/iTzK2CMFly5GQTjjOM8+3Qn4nuRsjUn5hJKFKqMjOCAueNpI9+/0z9ifHgMF8MiXtplzwFJADBhzj0wMgY78evx3fI+FIGF+0KMYLBTtB4BAb/aycbvvCu2FFOLcZRSjFe6+vwPTfRb7PbyR4OLUlUlzJacrS3s7Rut3fR73+fb0LwL8X/Fnw7vAdGvJLjTmkRbvS7x2mtHiOTIqhs+UeWwVBIJznGc/WumWvw8+P8ApEl5YGHw54yiG5rGXEcd3KRj5GBXerf3eSBzgjmvz1uEZ7l1TIzhSNowG25+bv1JJ9iO27P2b+y3pOmalZeMpNR2R3Gn6W93Y3IcRTQS26b0eF9ynO5SuAdwBGAckVzYvN3lGGnWqJ1KcXGNo6tOUox91q+7d0vVaWOrKcreb4mODTinOE2ude77kb6v5LbW2i11fl3jb4Y+JfBl1NZalaywrvJicRs0LrxtMb5ZcnA7gjoD6earLe2waNlZPLzkMDwcg4B7E/eA6Eg8g8H9BfDfxs8O+K7J/CvxJ0uC7svMe0tNdVFa5gIZo0edxtbKnBLZA9z382+JPwDlhtpvEfgy4j17QirSGS2YSSrEdxCyquSpRScHB6jOB09HB5yq0IzpzbjJRlytJNaJtNNpO66K7sefjuGKdF1OSnFT1T5VdNqybjstuj16bu58tWGrnJUkhQFyAcHLEE4xj7wLEsOjA4yeBhatOw8XmU4SKS2iIzycYUqQCCck5G5skA5zgHPRjRza3jR3MMkKxkAB0ZWLq2NpGBxkYJJGOw6E8rr0Kf8ACVJuYBDZIRjdncAMZU/qSAOvXkV24rFqvhtHFv3VpZWXu6O91133V9XfU8XLMLiMHipKafKrpattO8enazut733TsekWV5KZFEjKuVUnAPLAZA5yWOF5YjtyRyT6BousahptxBqmnXc9jfQsjRS20rQujKRhiUOef4umckHPUeQ6ZOHkUMGBRAASS2AcgEgjBU5GOw9PmxXa29xtiVixJVuACQcnt2wcdeDx0BwDXy9fD3u4uyb1s0m3ddk9tn6ddD77C4t7OWqa5fJe7e2itZb7s/Qn4YftWWuo20HhT4y6dFrelyKlrBrccaLdWf8AAjyMBvGMgl1O4sDycEj3DxT8LLPWNEbxB4LeDxj4VMXnvBCyzajZQuN2AyM0hCAkcEtx2B4/JCO52u25jnbjYRkEHn6FxndnryTnmvefhJ8evG3wh1OG98O38s2ntKPtei3R861uIWPzr5b7lUYB5wTjIxhcLx1FUUPZyjGpTd04tJtLRN31t0vpZX17ndHEU6us3rpZ3b7WvonFp7tJK72skaXxG8Ladb6Hr0ukXRRFs7lZ9PvDsmgdFbcuxtrEqSQPTjrjC/nNZ6dqRt22WsskImkO9c42hzkgKDnHU47f3e36q/GP4g/Cb442UutwGX4f+KXtiNUjgjKaXcNhUklZYxhWLElRjJyePXhfAv7P3w71TQ7OHTvijpF5qcwaRVW4SOLkksjIz/KwIIcbfmJAxnJPoZfgcLS952ipxvJJq6ejatbTV36Xs1a9j5/Mo1a1WEVJe6rKTaXNrHdO0e/5vufBWkardaVhQJFVSQyMjrtbIII4JLDkg4OW68hcelad8S9QsHt45JnkjTkCdmZeeNpHPGSffgZIOM/ZWo/sk69KrvpmoaDrKh2wqNGGKHnhk6Y4yCVznhe6+SeIv2YfFVtLIZPCt0wVSxl0t/OyRzlUQsQT97GAcnovzCumeWZdim+b2c2rJKcVs1G/n11Stu9Hu/Il9cwySp8+6doy0afLezS9NO3S+/z14r8TWniJYJ/Kjiu0yJSjDYyLgqADyG6kZx2AzmvPpZN3K4K5I2EcAj0OAAFxj5eD+dema78INW09pSIdVspEchlvLGZQvPJ3qgBOevH44GT5/deFdetJCFjjuUXIZEfY5wByUOCDj1GST6fe0w+Xwwy5KEIqEFo4W0WltrrXbXdO77nPWr1JtOspSlpq4ttqyW6u30vte62OauFPlkfKwJyXB4ByeO+PmGSOAMY21jTs0ilyzEKdoB/hKk559SQc4GO/Ofl6G406+jDC4s7uBV4bCM65XJzlVxgAnk/QfMCTg/YSQRuYxsxKxlSjNx6Ehvl7ggn+HAGc26c4p3Wr0Vrvs7269rK+++hg6kXOKiuVK2ibuno3dWTezej8rqyPPtDk23GpKANpu23ZwcZJ4IxwTnrg56Y7ns4PLDKOgKEfKTjOTnPB9cEjqfU8VzmjWrLPqYKjK3TEDGc5JyBxgkYAz+QBNdjawqoZH2g7MndncTuIAUHC5JwCO/HTgjlXwyurb6W1vo9LdNPLdXWqQVFKVWFn7vu3Vla+mif/AA6XrY2bZIpYYkWNTIeI3wR8mM5wOCcA46jJ5wODprpEoVvLDCRiCATkYPUAjsAc/iD7ijZSNHFEX2gR5UIwG7BPUkA85PYHBGACOT0drqVq+6MOqkHGXJxjAzgnPPYk/wAXO718yEqqu42utUnpsl82uid+iPTjBNpXjrGPysl6vysl5W6maukXTZZkD8HLbMlTwASScfMQeQQPrnj9jP8Agmv+1B4B+B2j+IPCHj8R2R1G4F3Za7IwVLRhjcGIG8EYOOR1Gc5r8rIJoTDmPyywQD5SSCf9pcdSCCMHpkZ+UVV1CdYrVwoLBlCSKgZQh77trBiOowePwJr888SeDMH4jcNYjhrNp1aWGxMqU5VKKXtKc6UouLjzQa0a63snve59nwdxFU4Pzanm2GowxEo0pwcaqfJKE0k722dle9lb5H9GWtftK/sveOfEuoaprPxEtbvXEmMOlzXkW+3SFjuCq7qSAQecsBxnIHNcR8R9L+C+taDJ4m8OfEfTLXUo0DItre2sKSKx3nasTiQOF+VcgZJ5PPP88eLaSEKshRlx84HzHIB2l8/eHPOevA55G9pd7Ncm3spLm5gtzIsZKzyjcVAAJXfgE8H3JOVGcH8Bwf0YMNlGKweIyzirNqdHCU4U4YWrCjVhKEXFuKaUUotXWqer6df2Wn47/WKVXDY3IcJJ1F7s6VWpBxnaKTk25Ntu/wB9m7H378f/AAFp3xE8JPqeieOr3VtK8J+VPd2UkjyySPIR5txGFJCxxNuG8DBwQTzlvsb9l39lmL4meB/C2oaXDrNvoE1nFFc67pc5YSXKLiQMjk5KNlXGDyT0UV+Puu3vjPwh4Y1+80m6u00280oWlyXuH8q6t5CMsY2YhGGST3wBj3/dj/gjz+198I/D37P194L+K17Jo174X1e6uNHvLmaaSHUYbhvMmVNmSCuCqhhwCcAHArs8b8ZxjwD4V18Twdh8RmuZ4DE0KMI4WLeIlCq3GU1Tp+82mlZQ0je91uZ8DYjh/iPjWc84oU6VDFYedRUaklyc0HTcfekorWPNbVP3VrK56P4i/wCCfmq2MA1LRL6fxFZwKrzRXcC206/LyrXBCsx4ycsSB/ugV5Bqv7NPwmsrKaTxd4ytfCeoWIk82xGoxyTmdFYkPEX8wqDgAopJJIA5UV9D/tXf8FNPBVj4fvfD/wACYrm81G9aSP8AtK6BW2tQQ0btEj4LtuOMtyDnHHFfzr/EHx1478XeI7vWdX1i+nvrq5mnmdLmYDfM28xJGH8tVUZwQM7W71+NeC2N+kDxpglmnE2a43hPCwnGeHws4ueNrxUotuVOq2qUHZRvNXd78tj9C43qeHOTv6tgcoweYTqW52m5QpcyUVacWuZp6tKTs7a6H1hJ4fOseMdQ8OeGryK/s1uHg0+4khaQX8CNgSt5ibY1VTyBjPYmul8W/s+ajp2nx3Vx4e0XW4mWP7SbVEWdd2NwZV5Y54+UNn1YZrxv4JfHLRvDcctl4htHi1axtz9hvo1WSW6l2k+VJKdzIjMSMjnPswz7Zo37alhPfvpXirwm0enu4gN5Z7TOkMZBNwyDlnK4ORzlidpHNfv2Y8a+MWWZhChluW0s2wODp01iKmLjTc8XZR5pU2uS0mkr2vZt9N/zfC8OeHmOw/tsbiXgauIk/ZexbfsZO1oz3jGzduia1va1/JND+FHgWHV4LvWvDF5pkaziEuisfKcttDrAwzIBhgMgjJ+U5AB2PHP7LPw/8R3ZutA1RluZIUke21CyaywXUkEgKoBxwDyzYGcEEL9UD4h/sq+OIreXVPiNPoV3bSxXkJuLfy5YZ1Jk+zzOMB0Mi4+bdtAORyBXvHgjxX8EviVBPb6T4i8NXV/bCOxM17eW9tPehBsSYLKyD7oBGz5TkE9KzxPjlnuE9lWzDgnNqXKksbyYaqqVFq3NKEuXkmrPmSb+HRO5pR8L+H8VzUcJxBgKim70IzrU1Uk3y2Tjzp3S7dNex+OOsfsZ67ZWclxYaZc38O5gJ9MlEij0Kxs5fjLHhewrxzVfgH4k0S1umeK8gMSugjvLeWM5A6BwoQsf16duf6N7T4LtdxP/AGZeMI4X8y3n066Sa2mGSdjEOV6ZUICAeSo4r50/aB1gfBrQrO68V6Hp+t2eoXr2trbz20Uk+5htLTYUqMMflJPUkjIHP0XB/jxwrxRjYZVCVXC5hVm4LDYilKnPmTTaV1aVorura6a3PB4k8Gs2ybCzx0fZVsLCCm6lCaknFuKTsvN62u9Vbqfgzp3hLxLawPdnT5mgs8CSWFS5TJx8+0cc5x3xyR2Eq6jc+ZJDKJYUAYFM57fN83OcAg8574GMGv2L8AaJ4dvdBXUX8J6dDaeJVa6WyvlWMuZWba0eVA8oArgHHHHPBrzfxT+zR4Z1u/nlh8MXNq0rSOXsyHiVJOkqopOBkgKABkA8YNfq8OIcoxM5U45lg5yioqUXXpxlFpxve7uru62dm/v/AD2pwznGFpwrLC4nkklJTdJ2t7jUlJRau111Wml9D8z4dS/dCNSwbO0MeS44xk5J759OuR67NrO9upn6qY2X5yey9QoYZyAFXIAPXGCa+rPFP7Jn9nwxnTtUu7aeWQrHFfWkyBcEhcyYzjB68A8Ek5U1xq/s1+Mw/wBjt7uy1B44z+7imw5Z8kYV2Xk8EHBO73AoxEqFWmp06lJrdSTi76xaWmrTtd3a9R4Oljac7VqdVOPvWcXFxV1Zv3UnrF9Xt2PKvC+v+Vpslk2G33gcEhsHLYPAxggkd+Rxj5ga/Qj9kSfxBa+Kb+70cSS6cI0a9EZGNxOdrKCCuSO2SVPQcivk3Sf2f/iDo2pLb3/h++ntolaaSa2RJSrDnJVOcYwG6nCkgHOK9x+HnxKu/gxqF1p8lu0RvZEMkrwyw7DHz5cwKhT02nPTnJGePw/xd4dxub8OYzL8twccVWxkOWEeVNPZLVLSSsn5tPbS36j4fZ7h8tzvC4nG4mVGjh6iU53a5WklyxSfdu6vZ2eiep9hftMpNceFL+e5C7pI5HbrvXfEz7cEEkDByOnuSMV+cn7OEkQ+JAklwUhVwF7AmVguDjLbiQRjODg9TX1D49/aN8KeN/COqWd68EOpCCVWYMzFvlZUCHaQQMAk8dd3zdK+Wv2cXtbr4jzOjIYGhlkQZBJ2s7Jwp4IIBBH90Y5JFfNfR64eznh6nVweaYKrg5Uq1PkU4SipJOOquusl3fTW1z1PGrOsrzmrSxGXYinioVKPvONuaMrRupRTbT0s/XXY4T49Tif4s6g7jgXyrgZG1dowe5JJO7PQEnHORXHajxPtAITC4Zi2AwwflyT8wAIIAwf73FdF8ZZXuvipqJcFYxqQUlto3bcAYPuCcnaTjPQmsvVEUEAAkZX5x8xAxgDkg4Hr6nOOK/rHHSbr3vrZXtre1tdXdq67a3TXU/BstSdCXR8yVrbWSa8npa/+RhsAxD5zgn5AOdvIyTyTnrtPUkEY4qxbQEKCrspLHKEHAGSVyML1x0AJ9enMBZYwc4BjOc/xHcCA23J44ztPAzk5pEncALtIZSH+VsOwIY9+MAnbjJHPGSBjkb10avaOz8l8+nlqunTtnTi1t7yWltLvRK+qf6b33s5WRmZgzHkFduMhR/C2AOPQjAx1APfNnU7UTPyLkjbksX4GBz6Dk5OSMd60llWRyVI80hiygYyozge+M/Nxnk8ZFVpV3xYDLHIWAZhkjnB4x6jjAOfmweMEaUpO6V3un1206ffpr8uvFVp2u7Oz0d3d9Pe1s1q2veWjV3q0lkSzYQsuSzEAnJzgfezkjI6Ajq2MAHikiuOSzjKthAQSpyAQMKcDI4Bz1YD61K6qAihBn5tzhQUJIPGTjBJ59znGAeaEGUljWUKQCxIY8qSQATyTyNw6ZGBnqCPQUot3bt0+FafDfq3re9v+HOGUJc6Wqfa1mrbddHrv0V/Mq3Bd4i5c7w20jcORzk57jjgZ75znArzrxdMVtXAweoJK4UkkZYDqSwJ3D8AOa9GvjjzBHsKB8KVPLHpt5zwvQEknrkgCvPfFyhrORgEDYKhRkjOPmzjkHpyDjv64ftLtden+G7jbfq3ZOz8uwqkGo3v0vaTs0+ZPTe+m276NdD9RP+CeNwg+HviHBK/8fD7y2MsFJCnkDGCfQAdejAfnp8ZEL/GjxACVfHiGfhhxgvwcnkgDtuIJAz0r9Bf+Ceaxv8PdehIAkzO4IJwAFYAkdcZwN2QG5IGK/PP43yNB8YfFSsNrJrzkuCylQXwWOAAAenHsDzjdw4Fylnri7pOlC6dlZ+4rPrppez6vVbHVmN/9VdVtVqJLu7J69tF63+47b+zZWjjlXncygqB91ccEnJPfjHIHHSr8NnKFVVDIRuIljLfNg4AAHr0+X2/HctrSKaztGU4LQwNITkEkKCQDnGOTgAdBj2ru9M0m2d1Yhdqoc5+7uCnJOcgf7JwRnBPbH2+Nw0eRSe9loul1HZtb2+etten4lgcVVVaUISlG07e89N0u+2jutXdaPtwEGp69pQZrLUL1FUDLxzypg4H8Jcr24B6gkAkdeo0/4uePtJKtHrF46sFGJHD57DOSd2Oc4bng5rpbnw1uieSIIp4BJLEncem3oR05IwMnnOBXM3Hhx45QrRK2V+6yEjk/eXYFBOR24xkg8jHz86ai1uuz27W9X1vq9/I+tpYnEqF1U5tL772a0W7vp2t6I9I0r9pTxLbqlrqmn2WoW7DMj3cEZZx0LdGJJPqB0OMtgHo2+M3wv1+JIPEvw904l8eZLHawAMOGMjHapOMZyQcAAds14IugSOctCBGhwDjdjd0IzluGHC7SvX72eKsnhwPIkZicOFOXwVG1TuA9vUjqenYVMJVYu8JzT5la8mrP3bWu9L9P8nY2WYVk4KUYz5raNO9rRfZ33fS3u99vZrvwf+yz4wJV4Do9zKxQmNmiCbjkY5UADGFOMDgE9K5u/wD2NvhZrob/AIRPx6lu8qs8UdxcR7B8vyrgPkj0yC3PcAmvMj4UIZHUt1OVIOBjaAA3DHPbHf5R2pv9j6paSrJaXN7ZleVMckiAgHnDAk5xjAPUr2zXTHH4ym4v2nNG8fdkrtqyvq7O1mrfNX013jjqNT46CbTXvR7q22qe9l2Sa0TsUdZ/Ye+JFiZZPD2oaXrcEchK+XKDI44wMbtozwCO544614jrH7P3xd8Oz3sd54Rv5VWQb5LSN54mA7qYgTzzkemAeeK9/j+Jnj3wvLvs/Ed/F5bsUjuJWmRwmMY3sQRwcjgn0IANbfgD9uXx1BqNxpOsaVpesB737PHJMiI5wSpLcYO8Zyegz0zxW0cXiZNznRhOK/lfvbR0S631X5rdHdhqOX4hSXPKlJJN31tZLfW2l2353d3Y+Jrrw/4m0wyR6hompWhiYbzLaTrjB5IOzPGT1B7ZIGKzVuXiD/u5YypYMjI2RyM5DEYPU85JC9q/Yq3/AGivAWsxzReMfhjZPLJhZJrSCGYMpI3EllxznPGOOOM80tR0v9j/AMeQiOfTZfDl7KAJH8nyY4nbg5MQwME8gnBAyc8inDH0b2q061J7XaTV/djumrX33s9XbXWKuU4eVp0cVQq2vpdKaenq276O366/kFHdjdxgK5bJJI29ecH5gRjBGcDqOOa0GmO1EhY7sbSP4TyMkk8KecHuOPpX6aX37GnwY8SB7jwZ8R7SNwv7mCW4iXJfgAmSQHkHJIBz16Z3eVeIv2CPiLYg3Gg6jpmtwctEtvchnZDnBwG2kkZPsOByeemGJw8mlDEQTXSTs+lut9LrW+mid3bl4Z5VWt7seZdo3d01Fd33tqnrfomfDS3EhLYYbhv28DnJPykZ6+hz3yMHg2Ybt4ukhDY9WVkIwCBwQQB/e4PY9BXs3iL9mn4x+F5X+2eEL+5hi+YzQRl0wMkEhQ5+6Rg5Y+wIBry688NeINLlKavoGp2YVmJ+0WM6gAcD5igBAzkHPfkd666c6cpRlzxa3eqfZJ3Te992t+xxVMDUgrSpTSWjfK72vF2unq+3/BNDT/FWt2bgR390qk7V/eEr5fIYgZYAE4BGMYJGOAR6r4U+MviPQbhH3x3BjTbAsgX0GSXXoDjJBbGcdM8+Efuo9o3OmTkxylkHXOGHXODyDyPTGanMiMBtI6biFI4DYG0kkHsQD1xyc5zUyoUZtqSi3JpN2Vl8KVno09dndefU45YeV4yUZR5XtZ3urdr3dndt6afI+1rb9ov7TaLBf2Bt2mU+e6EFSScFkDE9eR8o4A7ivjTx7qttrXjSbUbcOlvdNO+D8rENgE8HgZwPlwMDqMU+KTMHlszMeSTuDAEdgwO0EYJBPByAMcY5LUv+QzEnzfLE5DDIDcKQQuMDg4IxjPHAxh4elHDSvF2hLlUk3fS8Ltemq7O/Vo0pRU6vvt3UJ2T2SfS9l0V+lntpv5ErHAAwMt0yfmwBjOOueAeeueOcVMFDsV5B3YAIORnnCksQTknk5PXHA4jit5ZXQIhy7BVXJPJIwM7TtHUkjIwQRzzXX2mhvHG085AdvuxcgqvXLt/CQBnjqQW4AyPmU0rJ6q69FZa6WWjdr6a/K59hGDutv+Ht/wAHb8b2Kei2cU9zHEZijM6b2AztUNgEg4GSScDJ5HrXqYjtbNIoYpGcEEcncpGF+d1OfmxkgHqMZ+7XBWgjsmlkXaNvRmx8uOoXGSOuGwMgE8AA50ZdZh8hPmCuc7huO988ELkgnGfU9MngmlJXaWttGr3208m/LTR3a22u6S08lta+qXzWvXslpsaWp6gysFaQeUh2qhb73JG5h82Achdn0PvXOTau0rOm4xwp9xMkDJyACO/Q9B0xxWHfXbGWRhISGIwpYnZnjnjjOTyM4yc1lGVyhLEggEgjGXbPPQ8kDqeeexyMip300SS6tO23XXumm7Le7dmzJyjO1lppt1emretvlfp2NC7vWMjF2JXJAC5C424zgDpzj2bJAPNZs1xuICgrHyNuByCOcgEZwMD064xkg1WLFSWblgfckEnt0HXjAye/SogewOeec5469Tg/oPQHkVHKttOnRX6dfzTXf0HCKS/DVaNPlfVd7+umw6R2JGCdhHGcAZHv0PY++B1xUJDE4Oc9QOvJ9B798U9mDZHPQE45yRwPTJ5HXpgd85RUJJ527Rz3OeeBjHfOfTvVRTuklfy7/PTz6a7+Roumny/QTHz8dAR/T+X/ANbrjNlEYnuQRgBiQAVOMkE4HbjAU9jxUK7gAFXkHJyRk5xxjPQjjvn2rRUsqqflJcKAAcAHAzjjg47ZxnkkU/eW3w2vfre61u129127sXbrt5/1rZ/IiMLZAx1KhflO5skAqOeBkZxnAI68ZOrDZi3IE+5SygBWOAC2dpPc9Djj5fXmpI5liZTIqvKEA3tn5WySg9QAeRwRkjk8UskrTuzsTK25Su3luhGB1GPm4IwTtG4jJqbtvVLS13a93pZLy2vfrvqrrKabt29Gnte2lrKy1ffTTZNnjhii2g7nV8blByfwx06Ywc9CRk4ognia6jjuTuiOGCL97kjCkjHzcHs2ADg4yasS28CRgSu3mBdxOCdm5cgBcHPBztPI4z04hslhW4yqBmXIO/jhWBySwB5wAMHtnuCVo4rd6et2vL18/n1I5bxcd7pfFZ69NL66pN2S+5u/ThlmuiCRBGqqyIpwcBSefmIUlRzyTy2Rwa0oDb3UwRyVXhmyoZVCDrkfTkEg7iMgnIGWG83zJIduwKWLDdjdg8KRgA4zwDgDtg1mHUmgjxEQJShQ/wB1dzAbiRnJOMkkfXGDXN7Pn1W6VtndSutbt20tpvrq72051Rleydr33VtYtXs3bZ9mtV10O3Oo6RpuG8uFwSfLGAXU8lpCNvcjgnGOD345O91wXt3LLKzeSmTHADuGRwqk8DkYHoBjgDNcnNcTtIXfLHCqHOTyQc4B7/r+dQDdwmWGSGx/eJ5y2CcDHIY5BHHVvl0jQSd5Xlbdt77emvVrXpa92dEKCSV2231s7vRJbbN7vXovM6O01AG7F0w5OVSM5HHrgHOR1yevHYcdPDqfltIbgiZwGIjJ3ABhlSG55XPsRwB7+dMxT5QSArAMxGCcYOOM4HGSVPBY4zkkAmnkJCvISdpVemQBwrDOeQMAZ5IOGO3lyoqTtorKz06q3d2/NLa1zRUotK7d7XTTtbVPba71u/wNjUpUmn2K7+Wx3HnKl2BOAc4xnIzz0xuHNUrOHe7IzMiruLNzszxgHae/ygcZ/AZDTHPIRwSDy3+wM9jkkA8ZA9SQOeZZfMjZo1VQNq5IbA455Hocn5iASQaFFpOz2S37LqmtOZ7abW8jRKMUkk9EvJ9Nul3b0fY2U0/MG5nCknCHkssZIw2SDxgEkcg44wRW0Z9PtUW3C5dogyyhQGVlHIIbkZB78EbtvXIztOtbu+eGK3y7qoCICfmYAdecAqc98nrw3FaGs+FtXg+eaB0laMMzBGYbcYPzDOMZGAM9xnIAriqypqfJOoot9G7N3a22W70+av33glH3uV3XV7Xum91y3crJX/E1LLxNpzrAklvFFJC2fOfBLBTlV4yWzg5524ByegqHVfHUsc001pM0M0q+WRCSFKH5cE7v4gucHKg5yMA155d2U0UX3WTYyqx2Y3MONw6DPfHB5zzmsMlskc7zkcrnkepGSdwGB25yT6uGDoykpOSk7ppPVapd3pr0enS/bo+u1YQUYtK1vh0elt1Z21879W3qWL66a6nlnYs0kjEs/AJYkEgjGSC2dx5y3UZNQplSxUn5TkjOOwBGSAePUcEgkY4NPXai7HABYhhgHdyANuOMDHbuASD0FRhWY7ANxY4UA45B9B6+nTB6HjHoe7BJLRWS89lfv2V+n5HA5SnLm5bt6v8ADXXffbrf1SepQqSwbdkEEdQPT5s9s5HoeeQMMUfMqnlSc8k9MYGPwHPTpVyDTrmUkbP3anLEglR0G3Az97PYdTnitq18N3M0qKwk24DbgmFCsTjlsZGcg55GAMEZFZyrU4L33ppu7PTltd90nu2lpvYGpXspcuuzv23+WrSsjnQm4lV6AjgAfKdwII5JAwOCD1PQZOL9pps04f5TsDD94WyFxhgQCRkEE5P9c59CsfCSoxWR1G4jc3lhwoyQFJ67gcA4HUj5icCujs7HTrVGiMUbEZBfGRkHJYr0Jwf4e59s1w1swinaEeZ7Lz0StfRdd7287of+HW7VtbdVZ3X/AAdDz+z0edQoS3MkYBdnK4XBHTcM8EEHPGOMEdBJbwyf2laCZNoW7tgFUnKkTIpznHcD0GSOnf0GS9MI2wQqCcohXCl1A5O3kYGc54xkjk/MOOm3PqlnPPks19bldnGCZ0ILAD6dfy6ZwpV51W+ZJK2jv8tW0/Xr02SdyHM5xbk7c0FK7Vvii9LtW19H5Wuz95fAatD4R8LMWz/xJLLBfOVUxDC8nByMZz6Z9a9NtDxCZG2rnIULkbeucbRnPGOPlAyQTzXlHgl5D4Y8Mo3zImi2BG4YXHlLjGOeB7YyeM16namZY1IXIC8ZPGG6kZxkL0HvzxjFcU5NXS2vva7Xe/Wy23136I+6pQiqcP8ABC3/AICtNLdF+C9Rmq3BhjfYxw6Mcj5gg2HJA75yOD0PA71xfgy9kf7cjKNguHJmfttDHHQdSAMcgkZ+nRai0oDRnksztuJ+8nJ3bc4A6cDqOORxXL+GIdqXqMNqPcsNyDaOeOD3J6E9up9D04Ve697q1r+qt8+lrWXcwrW5k1pa9tL9Frp00a73asmcPpE3na1rkaqpY38gEoKkbg56AdDjpwTxnnPHdPOhgReSwUr8pJ6eo4w2cnIyRntzXmumosHiTXIwTsS7dhs5bOSRnp0JHHXnkDFdqhlkWcplQTjJxkDj5h0I+7zgDr6Zr3ad9NHflXRPX3X3u2raN9l11PFUeZyi4815vrrZcrdtvhWl7p67PW2rb3OdqEcLtBZ+cDuAT6kHtx8vLZFedfES7GLYNlgQVCq2CFOFAzz1PJJJyB1Brp83MQZGk8wZUKoAy2N2QMZ255UgkEDAyBnHnHjWTe0XDqycEsc5Ygkhcnjb0GOTkAHBwfoMjqcmMp82t3pts7dNV32b0d9TyM8pr6lNcrvbzt8V2t5dlpd2dtru/AyumwHcc7VIIwAD6Lj7rfKTng+3as6STLMC+0AcKRkkjG71JxnB57jdzgVLKJSiryAi7l4A3DORkcYB9COoHQjIzz5hyxODnap4BZskfU8nhvriv0l1Y2XurRR1cd2+VXT1W623dr7JH5XUT57JWtprr02d9Fq/N2fd2HEKHYq20sQxxyqrnIAB5xkdDwPlwPmzT037m+UAZAYgAhyMDAIGMHIzxjvnjIpIDuIkzjA3sWwBz7cng4PIJIOOwoaVI3Ox2IBJXaflC/wgdODggjAx1ANJ62d1aSVlzeiWl1pp5X1WxrB8tm3okuui1jbR7Wv+ho5ZOdo3s2CAQCF6KWzztHynbkZ6ZJ67GmkiaPdkPI/DEFmA447ZA5IAO3AyTjIrnIn3HaCwk2lmb764Puclhwc9Co6dq1bOZI5oVdnJBHzkA5HqQRkDI47BsnGayrNOlNNrWLu7rVpJ/c++mzsXCpF1YOy5nOFnp3T0WllpfZdLWbdvh/4l/N401uPcpC3hLFvwyBxnoRnAycc9yc/wxZw3MlxOu5IoCrFV4DMH5BPUrzuI/HnvpfEG3ln8Y606qSzXZILZ+YnHzEgHC5wQcnJx3rJ0hpbKJ4mLnMu8gAEFgMhDjIKk89cjr1r8JzOnOtLEQptpzqy+G/SXTotnbv0d7H3NadsPDl0vCCT0v8Mbfit73V/kejqYnjKoESFcFWbGMkchQcA8kkYz1zwTmmG9gjQxxu4TeqBxjaF4ywLbR1+8Sf73X7x464ur68EEMaMWlf8Ad28KGSSQnACeXHuY5weD6nIDcj6H+GX7Jn7QHxhaKPw14H1cWEoULqF7BJZ2kSNyZGeVYywVTuA2ncBkAgkDkwfC+LxsoqMZST5d42W0YybbSVtd7q67WsvOhztJOVm3okr6W5U76O6ja3nbbp4jrOvWFtELaAtLKxIkaMbyVPOec7SDwCeDyeMmuUtXvtZvo7XRdFnvrt8KsdtDLd3AcsAvywJIcs2D93Ck89if3I+EX/BI7RrWG21b4z+NgxTy5rjQdETIkyoZ4ZbkEEcfIxGT14I6/oT4O+C37PfwVsxB4G8AaBDexqCmpajbxX+qSug5YTSqzLzhjzw3O0c19ll3CGFwXL7aTqVFq6cEpPdX95WS+d3e77X7I8yp6pRirNylaDekbWW61s7JJa6OyP5/PhH+wB+0r8ZGtb59Cl8H+HbkL5ura6GtI/Icg5jj4kLMCcBlyPYZI/Ub4S/8EyfgB8KHttb+JOuyeP8AX4wrS6fGqmxjnUhsKqlvMTcMfOOR144r7lv/ABfqOoxeUL6SOAR7VsrRRBbxoDgKWXaCcfKQACR69a5tbpym0IEPzDzM+ZI5JyRuJyVBx/FjuPf7TB5XCkl7CjTpxskpOPNUcvd8vd/DX8cpYuhRVpT55JbKyWqj5Xfn00R2uiah4Z8F6bBo/wAP/DOieENPhUDfb2cC3LqMKCUCKAxAznI3dsnJrG1LX4tQn+0XctxfTlzve4fMQyRwIQSECnGRj5cDAHyrXMEGJTNO2EyVBlYAgNnDbsgYGDgDHPB4Oa5298SaPaN9lt3e/uyx2RW0ZlZmIIAZlyMAkAlgRwScV6iy5ae1blJ2a5pOWl46KKW/T5vbU5lnFS37jkj25Uk9XHRau71afd216na6lqU95A0NsJY2XAjlsnaEIRwM4wCACrHORjaDgVzdx408TeFFWTURZ61p8fzMkrrFfp0J4BYuEUHtk5wMnbUFpZeMtb2pHANBsGXMk8qnz3Q4wUUgYbGTgng4AAGK7HTvAGgWTR3d8s2tXOf3k947PHuGfuxnOdrY4IK8sc8EU3lUZvlo0JQb2nrG3wp26u1+6vdXs7i/tecLyr11KPSmrN207N69L6aO22/nI+LknjS4ey+H+gy6tqUIZby3nBiMDDiR2WTBIViNzjKsBnOAM2P+Fd+N/EQEvijVRpsG4mWysiVdUJBKsc4LD5sDcRkc4PI63XfBul3FyureGJG8M+ILYKbXVNOQwwzYGRBewI2yaNyAsu5TgEkng1T0v4jXMl+PDHjS2/sjxSg/0a4yyaZrMKgBZraUgIJHGC0QJKsSAvau3DZbOjUhHFtpStytKXI/hSTdlZ6Oy2dmtdjhq5hSrxlLDNOcVdxWs27Rba0ata70Ttr1aLmi+CPDGhhjFYx3Eo4N1egTOzk5JIYHncuR6DIHBw3WC5VSsJdIokAaMKgQZABVf9kAnOTggHknnOJei5ZiIkwoXJAYkHbjnp3OducHHIB5Jyvt9wXVZvmVQQ4xgqTjYBjqM5GDwRjghga+lw+Co0uVRSSbTdlo0rWvo+ltN1Z6Lp83icxqSmlOUkl8V27acuqsn6q60311Z2YupFG5jhSGByctz91+QCB0yDzjjPzDFpriKOAmRlcght7g5x1IOcjH8J4we+K4251JvJaJQA5VfnPVSOQGzjGGJB7jIBIzmsuHVLiQESl5ArMclsA4GNoUZJBAJGcdBjGMi6tNRuox0T2tutEnfRq/Vve2+jBY5Rinq5NaW1/lbsrNt20vre1+xvXN5GrSSKQAys3OAAecbV6dRxwRknptOOSub4bHkkbad3DJgZPXkKeevr3APYVyfi3xxoPhvT5Zdc1ux02KPe7LNcIZguC3EYfeT6Arg8dep+LvHf7Yej6cZrTwhZSatcKxjjvbgFbfBGN0Y+82BkjKjjuQc15OLxeHwzvVkk72smm907aPa3mm+trHXhZYvGpRp0JOKtdyul9nS+i67dXda2sfbc+ow28b3l7dR2kCbndriZI1IBJ3bnYcbQD0AyCDgCvBfGf7Tfw/8LQ3Fsl++uajGW2W9gd6bgThWkAAIBGDyWAPfqPzd8YfFvx946u2fU9WultpeVsrZ3htVBB/dsoILEZ4BBzjpnJrJ8PeAPFXiuZhp2m3VyXb5pdjxQqc5y7sAe2cjlgQfUj53EZrVrS5cHSmm38TWrvy666fJX06rQ9+jgowppYqok1q4prTbq2ttnbS97ntnjv9qrxp4raS20pItCsgCiR2x8y8dMEZLsSEJB5OSNwyMd/Bbe58Q+JrtkkN9qF3K4YKzSXErMSBj5tyqQP9oAc5zmvpjwb+zG0hSfxLepHJuB+w2Y8xmxgsrvkHPdu3YdePq/wj8KvDWhiJNM0dY9qkPcNEDNIy4yTIw3KeCTt4weTjk74fLcViYupi604xWrTemvImkklZa6X179TGpjMNStChBOXwprRPZJt6O+1rabnxB4U/Z98Ta+PPuYk0uOTDt5oLzsn3jgHIyR93GB1PIHH0x4K/Z+0HQZIpHthqN0Ap86+UMqH7zeVHzkEgHBHXkZDZP01Bp1rYxvJcC3s4UydxdA7LgZd2JyMEDqMgcZ3HFcP4j+MPw+8ILLE2qC+vkBZbe3KySM207UDBsDLYBbr1GK9SEMvwkIq8G4xu5Nxbey0TfTW2z76HJB4rEt6T5LpNRTikrrRLre2i8k2tToNL8L/ZDHFGyLHEozFHEBHHjHyIgAXIHPOMY79Kn1jWvD3hVXutd1iK0hjjLm1aeMSMQBjKKxc8/wCzjGecAmvkHxd+014i1d5Lbw7Amj2TKwM7DdPzyCxAG1ju5GQR1HHT5+1DUdV1y4kv9U1C7vJ2YnE8sjhgTu+VSxQAkkgZAA98GvMr5xStUhRi5N3tLSMNLa99Nt90rtrfuw+VVJTpzqS5Y25mkr6abu9lpfXV+Sbs/rHxf+1JZWSXFj4H0lZpuVW/uTncxyNyg/eXIzz1AHQBq+ddS+KPjTxZLNLreoyhmZlijikaKJV5zhEO1goGAW44zXFPp9tB+/dgQQHfdwwHHyggdM54HQg8KSRWDfXsUXzRuUTDbVB27uRzyF4woAA56AjJBr5zE5pX5OWU5Ru72Tavfl1fS679NL7nv0MDSjzPku27Xvd293VJ7Xem631Ou1GZfspJxI7JuLHB3kkYLnLfNx8vrwfeuaWcQxu8rKxcbkUkYTDEKPlzzjjHQDkdjXI6n4whjEVpCzSOcIwjG8bTyWZgDhuT16AAc9K891rxjOokhkvINNt2bZ5ruDM2Ac4wTyOpJGdw46Zr5utml+dSeu0Um7vSL01a7PprvoetQwfLvDli9+a9+ml3Zve3RLv29X1LXbK1hMlzOqM+TGu4GRQeSF5JJIz0GVPbtXHyaxLcxyzQyR28GcrNMzKWGGO85xgjoO5zngZI+fPE3jRFP2XSpHun8v5tRuCWwWON0a8BT82VK4AIHBxxxM2qa/eWKWJubqW33F5JWcoHyeFDAg7ADhQeQMD68MsXiK1oxtT05d220mrvprppfS270TKlLD4ZtyTqPfpy6WTul6Wt6anvmpfEjwvosxE0smsagnHlx/NGGAwBgcHnsTjnsa8t8R/FfxLrj/ZdNKaTZMSphtVJkbGFJcrzkEckdCxyR2wfD3gPXNenVbTTrq6m3rtS2jMi4c8M0pXA5HJYj+6CvKj688AfstapeiG613y9LilXdJGR5k4+Un5dvzAnOOcAZIyM5prATq8rcXJ31lK7TfuadVbvbe9r32554mU1o4wje9luk+VaK22zSt39T4jh0fWdWuizJPdTSON0km+R3LeoBJBJzwPx5zXvHgj9mzxt4omhnNgbKwYqTd3o2IVY4Yqpw3yk5A24xjjOQP0m8D/ATwroVsrWmipPcjbvvdQTIGw5M0aMTycbhgHqOvBr6C0vwnZW1vEWbzkgUNtAENtGBuwQBgYwAOc4A5OOvZ9RhSX72cYJK+7V/h91Xt3e+xzuomla7fq35WaTWnTfV2aZ8W+AP2TfDWkSQXGoxSeIL1Njsu0x2SHAPAJ2uvXIOcgdjmvrvRPAGm6XDFBb21pZQxRgPbWkSRKFALBXdRnJHBIbB3Zwe2lfeJbDS8QwNHK8eSY7YqkCDqPMlbA242jqOfvA4zXz748+PuiaA88d5qCz3ChljsdPdTk7eI2kU8k4BPTaMg4Oa86vmVHCtxoxVSWismm7prXS6tdbqyu9TSNOUo80pxjHTWVttLpRv12slo9D6Knu/Dej2x3FJGQhvs9rgyKSWCtIR1AKnAJPAzkjFeK+K/iZp2nQ3kl3f2Wm2se5Y4zIjXjjkAYDEqQO3UdQTXwN43/aR8V6ncT2ejqNJtJHI8yPD3LphlB3gEoSCCcMwDcH+E14M2q+JdfvJWknvL2WYkhp3kkIZx94KcgElfukAA4HTgcTx+KqRfPJUou7SunKzcY2trtby+/RtTpU3FwSn0V+mydkml9+jT8j7F8b/tK2trE9n4fR532ugupmyzOVIyBgEDB69MHgk18heJfHOv8Aia+Wa7uJmaR2zDG5WJAxJYYB+bdnJ44B78mux8O/BfxZrk32nUbd7GzKxyNc3OVCpknO1sqDj5gwHGMA7ea9ItvCHgDwL5k2rzwarPAuSCwYbyAcouDkgjAA46dCDUwnSnNRherVaumm273S1dldLTvo2m0zlrY5uTvO0YNJxWiaSXRaq2vvWevbVHi3h/wdrfiG6VoLSSOFQAzMrCMpn5mYkZfPOMg7hwK9QbwN4f8AD0Yl1i6t3ZSrNGHCbMYZsBWbPUjkA/KeOeeb8RfF/DSW3h2IabaojKzou0lQdu4bdvB44wODkDg14zf+JLrVHL3N1LMQS7Ox3byScADJAAzu4BIPAyOK7KWArVU3VTSd243v0i9dWk1daLbVHDXxMpODhKybV1FX6JtK1t+t9F0dt/qC3+JeheHtP1ZfDVmYLlLZlS4QKycKRuJxxkjOOCe2MjPzMnxH1i4v7y7nuXlklaR3fzGZc5JG1AcbkbGBjOcgHdkVBb6lFJZXNqCVkkt3U+WCN5OWAbp6jqR2wOQT5ggkjmdSdo/eKygDPfsoOcjqSMkH14rSjh4U3KnL3op3Ud1fRX1Vr9He11Z+vb7SXsoON02lqnZ3ff1093SyWnVrtdS8X654luB9t1Ca8jjQQok7FlihV1IWPcSACM5IGR64wa5LU1KTMGbGMLgDA4DDGcYBJPIwDn8KbZpL9ocx78OASBkFV6nAB5b8s8f8CS/t57hgsEU7v5gVUWNnZ2x0UKCSck8d8Yya76acYcsYW1tZ2tpZKy66u9l1sle5hZuN5XlLaTbvqraq93ZadVb0dzLaZhbqIyQmSWJJzkZ6Z6YAOeAAMbQMYot38x13BlwhxznPXGDgkggcE9MZ9h6v4M+AnxP8bBHsvDd7bWLOMXl3E8EO0ljkGRVypXJJ6MO3GK+v/Bf7KHhvw6kOoeLr9dQ1GJVLWMJ3RBwQdp+8rLyFK8Buc9Ca9XB4DFYmXKoytbeXMrp8t3urabXavorJpnPVlSoR9pUcY25ebm7e7d2tfS1073bS7HwponhbxDr04/srTLi74OH8tgoyQoLNjGSTglc98kZJr6A8GfDOPTpI7jxLII7jJH2FWXJwcktgsCOMEcjIHbg/dtp4c0DTLM2+mWFlpESZVRDEqysu043Nt6nj3PZjyV8f8U6DbRXDXNhGbu4k+8rDdgBSSVGOBj5h2HJzivep8MulRVSrrdt7rtFOys90mr7vW+tzzf7XoyrQhTfNfZ7JvRWt97Xdp7oow+L9N8OadGujWdnpssL7GmAUSPgY4wGJYAkjHGOOwFdF8OPGUmra5e3l9eyXWxT5ckjt5DkjkbMkIAegBK8jK8g18reKb2W11AJKBsVgPJG4HeykHIJ7E4yccc54IGbpvjk+CpTPcXDLHKw/dIQCQxyMAEY2YA6HuB0zXmYvD4WhG3KlGNlraya5ey7XXXVdT6DAY7EKpG/uxurtOye0W+zbW7s7aux966/qAuLmVpJlSMsHBBwAoz8pwCcD+EHOc8dcV5vrvirSNNtnluLq3WOP5tztHvO0HO0MV4bg9TyBxg18ieLPj3r2sfuNFikWGVfJ3MuZW6LmNB8xOcKNud2Tkc8Y2heAviF47X7ReSz2di5zLc3rGNBHg5CI55LDgAqScjPtw08RVl+6w3va6tKys7W1s1o7qyve/mzqxLoyk6tR6y1bbaXRtq679La6vqz0vxT8c4IZJrbR/wB6MFVkONiscj5QCMngkYzls8Zry22sviJ8S79Vs7a6S1fkSyF7e2WMYySzFGOVHTIJz0zXsXh34Y+DdAGwxS+J9YQ5zs8yCNxwwA5XAYdSTyc8g19P/DD4FfFf4raja6d4Z0O+ttPDhfKtbV7eBYztVvNlKoNoGeQTnI4wa6KOBrVHfEVJJNqUoRaSS0vzSerezdnda2R59XHQi1GnTU9ktLK942S6vpr666HyRp/wZ0DRGgvPEGrNqt+QRJp1hkokueIywLE4JwS3B5yDuOPofwz4X1a6tUsPDfh2KxtpEWMXKW+6ePPO8sBlpCdvCgcgE5BGf14+EH/BMu1gNtq3xBvlgljKSPp8Q8zLZBPmOxBJJPK8/wCy3ev0N8Cfsx/DLwvJbppvhiylWMKPOnhSRWkB+++4HDDAwM5A5B9eyFXLsI3C6nKKi0oq7u0ru70u/K9m1q9UZLB5pjJrkg6cZtK8pNe7aN7RVrej+9qx+O37Mn7HXirxtqBuPH1lfQaFuUpfSKRM68FIoY2GVBycswBA4HGQP2c+FH7O/gP4eLbL4e8IWlvcxHMuq30SSXEoVSN6l1+TI2nGTjnOC2R9LaB4W0vRxthghiSMLsEcKLGrBcDAAC8bQcgYHrg11kNgJ8iTruJDfdQAYADDoeBwOnUEY6ePi85q1G6eH9yHw6fFayu3JtWflo2tPI+qy/h2lTcKmKk5TXfpfV7ra63e3S17qvY6TaxwxBZo5FTACqoRARyyhVwPooGOw5q3JpNrcj5T93IfILZBOSB9CTz6beAARUo0OKN1eW6CQrl3Ynaq4HbIH3QNo+bqMkYxnA1r4leEfDStEk63dzHGwMUbBxvAxliB2PIO4fNgnjIrxoYfEYmvCUVOpN2V2m03pu3olbre+ujtv9BKGEwlNXlCEY2taSs1bRK9rqz1Vn9x0FroKKjzFQsSElRIAoBxnJyRlQcYABIIDCuW8S/ETw94UtZl+0LdX6rlYUZTg4OEB6gL/EOCQSTuOa8D8VfHLVdaFxFBcfYbQMRGkWfMZegyw5wRhcqegBzkAV8+aprc81yHkmkuHkJ2x4MzFmBPzHk5Od3cHAI9K+lwGQSc41MW3JNXdOKWza6pLrq9n37ngY7O4QlGOGSk2/4r6arZvpbrtZ66vT1zxn8avEfiHzLe2cWlufk8tG2ERnq+Rz0zgcknNeDavfXEu6S6Z5n8slA8hlkbJPJBLDkk9fqfU7Nv4d1nVWLzL9lhZgwcjaSp5CnuOM9DjjvXe2XhGytUiaWEXWE+Z5uW752KcsR1weMD0B4+vweWQhFKhStaUXa2jSavdLV3WqWvqmfM4vNpzcpVat31UmtNNnqrW6b9H108h0LQ7rVsi8so209ztkUxq28kZA3Hbg+p9R1B3Ual4X8Q+CN2o+H4j4g8M7zLq3hu8Jmnt4QMvJp8jlipRfnEWSvBJ5OB7pHDb24HlqscKnDxlQFPJA4GSVH3VB/hH3Rkmpkks2MpjLFimWQZKDI6AEHchPIU564zkjHsrL7pTcLSUY2asrO8batWd7q6a2vtofOPNajqK+sb6x1atte70utNb6Xdn0OP8H3vgzxfpJ1Hw7csHjyl3pz/ACXNjL/HDcwjDqFJ29Dx0J61r3WnSWBjmh2JbuMsikcDPIIPQHHGR6qMNzXkvizwfqPh3Vj4++G7pY6uhLarogwtnrMCktLuhXKCcjO19pJOORitK1+Ken+J9FGpwMlreWrG21jTJmZZ7K7QhZI2hPOwsDtYAqcAqTwDVCUqVb2FX3ZWTjK8eVq8W2m01fy7XsKvD6xSdelJyVmnFbrRLVNbNaq102l10PWW1BIFRi4kRV3DJwFBU4B6cnk5PJ689Riaxr1mlu5kkQMRvK+Z86k4O1d3C8Yyw7fxEc189a/8VLbTUnmvLyGC1jJIlndIwFAzhVONw45wMc88Hn4w+IX7VsIup7Lwqs2t3xZ40ZFzBEwOAVIBBAOc5z34PdYrMaGHupTXNdW2bekU9FfVva9u+u658LgMTWknyNQb+KWiTSV762vv5b9Ln3J4i8Z6Zpqy3s12trbw7nImmWIMPvcliCQoGOM4wBmvjL4i/tXaNZTT2Ph1Zdd1ONmjVIAXgR/mBBcA7uP4ixI7AV87Lo/xa+Ll3Hda9eX0GnSsNtlbPJGjRucBSqkEjBAJORzk19H+Av2c9K0OKO5u4EM4USP5yI7lgMkbnJbcOQSR1IJz0PhzxmLxcmqEHThZr2klaTTtdpbbvv8Aee9RwVDDR56slKpZe7brpfTT7l6vS580XJ+KXxbujNqd3PpmlSkubK3Z4gVbpGQDyxViGydpyQB8oJ9k8D/AvS9L8uWe3U3HyNJJKhkmdsck53BVGC2c5AwB3NfWFl4Q02zhh+yWdtlRzGi4y7cby2D6EkHjntgAyvo0kdxvU/NIShRSPlTHQgdQvHf16jgOnli5o1Kt6s3Z8zd1um/demm/Lpp13RdTGOLUIR5Y6JKO2lnZJap7XcnfXR225nRtBstLeBPsccMUTBRMiZzyDwQDt5x14A6k8Y9OtLOBkaSIrsBDKU+bryD6Y46EclOPu5rCMcVrbMJv3iITEAzMSWYgA7SMcscZHtzirFrfeXBGYwIVVCuwMASemQAx6jvwVYlu3zd8KKjZJRUeZW3fMrLVJKzWnV23vfc5pynNubldu7SbbffXSz0stXvbXY15ILeSZQ24kMp3MB8zEEBcYB28LgjcQMnHBxMzxxlELKpGVYAfIq8euAOCMDAOcdQwrJe+2wq2QGBBHyhixOCOT6HIAz3HUECsi41UCQtKdm87Q39045JA4yemc5wAeK7KcFC0mt7O1tUklf0Wmq87dbHkV8RNJxim3drTS1mu976PrHy13OrubyKJl8okhG5A6BQODjPC85ODxkYOeKyry/8ANJKlQw+YhXI3DsvHIUnggZ59M1yV1rkYJUSYDNtBbIBPGSfUAdhng+gritX8WWmmR3Fzd3scECDLTPIqqq4+9yw3AZORzj8q6PrFOnBzb5XootvZ2Xy0Wur6a6uxz0aVeu3dN+9Z6PVWj1el330tp1On1rUvLBMboqyf8s887sBSCTjb+HUDr0NfOPxZ1iGy02DV1mjjudFuorjzvM27Idw81RnlztGMAsSQBnIOeI8XfH3TvNl07w3DJrd2u5fMCk26OSRkv04Yc4+6S2McV4lq1p4o8YtJe+I70QWcikx6epkCcnAUoMeYQOcYO7sR0Pz+OzB1IyhSSlouWWqs1bTd36u+9tddl7uAwUaLjObae7Wt7JJ3tu9bdLXbV309D1/9oNdTjitvDNrJqk6wIFuHBW3V3T51LMMMylmBxlcgEdS1eXXM/iTXiZdf1KRIHcbNPtCwZt/WMohLHjgA/XJPXf8ADPw6uoojcXSQ6Dosed2paoRZQ+WCcvBG+A7gDKkFiT6msrxr8evhP8HbGa38NLH4z8WkMyahcYks4nAwCqHcAUbIU5BI55Oa+dxGLbbdeqlZawTtZe6+nne3XXRJ2PWpwTf7uN9NHdNpe67tvRJrpr31vp3nh74d3gsl1O+Nn4U0Lbuk1PVnWKaaLhmEUMmHd1GcNgkbvz5Dxn+0d8JfhQhi8J2kfjHxEFMS6rqJD2omBPzRW6Bl2ofuFlA5U8g4r4C8eftDfEX4nXEkd/qk8Fo+4x2sTmOC3QjAWGFSEUjjDYz7cc8Jo+gy3soe6Mk0zDc7zMZH5IwSWO7nOVJzng+mPLeMq1HKGGppLrOVk7XVrX3em13o9k0dSw6dnN3TSdktOjtLVyl59Fa+quezeOvjv8Svi5fu+p6vdLZM22Kwic29pFGSQI47aMiMr90Z65A+oq6DoHmCOe63yXI5XzCJDgHJwTnOepGRhffGDSNCt7Ta6Rq3RCrLhiQBluR3PBBJOcjAOTXfWcDRxhUXEivnAB3YI4BJBAA5znP6jLo4JzTnWnKc3ZNybaV+VrlV1ZaJbrS/S5tBRhorJPok9dIpWUbet9972bRmTwpEhZYwsjYVimQFDDaQxUYAx7Ak9axJ7YyOUDNjblSSzB23dMZHfGMjt1xk12c8A8tmYN5pYZ7gjIbocntzg9cdOtY91bvnKAYYZIwMqeACSTgFeB79c461OiotXfqr31drN66a/CtHpd3vr2U6lRaqVkmk09Xd8ujavZb9Pk93xWpWs7gsm3zCSpCfMSFADHBPPHoegGcA4rlZ9MUwEkZOTj5QWGc9cAKBkcDJwcDPIr0m4jEO4uAQo37/AJstntx0ALYwDnrkjOK5DUb1Y4y0aIADgKcAnP8AEBjn9enoTjCpGNmpKz2XVNaX2d2n22v03NZ0+d3b6atWummlbTpa6STeq1ffy6/to7dTECxPBHUg7yTj2UYJyenGOa8113S3juDLCq7HXDqoLDOexySpyMjaBzj6V6tqs0RDvKcMcbjzuAGTwPT7vHB5GR3rk3Q3G7yoi3O0GQcN2AGAxGO3c+o6nzK0abcYRklqu27Svo3ra6Ss/RdFzOm4rR2ULaXV0nZK9rPr2SWm7ucfY6c26NXTAOW3nAA4H3e5HJ6nORnqcV3Oj6TvJUL5k8jKgAQZXHQgkdMYOeQeOwBGrpPhyWdo2khYybhgEEIo7FtwXBwfugD0PHK+u+HPCFy7L5EHmOHOJghUEk9ST2XH09zyaqnGFKN9Lq19U02kt1o0revnrZFQhVqSUVFtO2qT1+HrZ2vbXVswNK8PNDtK7nuJAgI2L8gOAc5OMDjkAHHJx1PvHgnwRcSSQSTrsErKMkbWKY5IXPyg/dycZOccGr+h+GIbAyTXJWa4AUBWH8R6BOoO3knn6cYFe9+EPD9xdyW7kGIFowqY27YuMZ43c9uh9MZrGrioRpurNxjCK5k7JXScbK2l3povO3Y7aGGnflULybVr9Fortadr+S0bbR6T4M0RrC0gh0y3WOQD5ZSgErrj5zj+EE99zYBzzwD7Hp/hu5dVu9XHy4OxcZJCgAAZxhSMAkZXqOABU+h2VrpVmnyoZAo+ZiN5DqCAoALYzwM4bntkVpT6sjxbGLIWD5bghFGANqkAAr7g8jqwNfJ5nxPUknSoNwjFct7rWyj0Vkuyet9Vrrb6XA5FTcVUqJzlJp8rstdHa199dNkr9CG/uYbWDybWBICDgY4YjGNx2glc47YPy5wD18t1zVZMSBm8snOfmyzKCeqjjn0OT0PHSug1fW7WCF90ir5RY+ZISS4A4wMnJ7kYGT644+bvGHjSWV2ig4LF1MvO/G4DgDPBxuAGRgkdBXyNXHYrESSUnJ3Xvu7T1jfV+7r31u3d30PcjhaeFp3dklH4VZNbXTeqTvfS2/azKvibXyHeJJwsu/8Ad5UDCHI4wflJ7ckED5hxzxZvUmZzPKhYHgDPTgkBuM5ySQSQOfx5i4vWuplLF5HOck/NjOcqynr3YgHgEAE4IrR03S7i8ZjHG8rBlG4g7V+bPA6ZAwDgk9OwJC5o04udWalK3dWTjyt27u9turXoYWdRqCjZWs1dPRJX16vdK2mr1ex2PhqQXWrWqjcVWRTtYAhkBOMkBcL8uMDngY6jP02eLeJFLCN0DsEBCqvbgYOOB07jngmvn/w3b22k6pbSXkidRv3EAF8A7OegxxnuR2J51/GPxWSyeay0wKZF/d4UDavUg5z6Y4AHHIYAgV5WNw+IzCdNUafNF3961lvG136a2VrpWatt6mFr0MFCTqS5Ze6lHSyStotU7va1310ejPbLnxBpmh2T3bS2ySKFR2d1zgbcjBIPBxxtJ7jggj548c/G17ydrXS4kZI12KyMQrMO7D+Igjd15PTsK8T1fxPqetSMby8lClsGPcQoz0ACnaMkHbnHB44BxyxuI4xIXURgscuxwcAHJ53EnHHuR0APy+1l3D9OmozxC9pNW8op6dFq7vdqy2Z4+Nz6cuanQXs4yveSa1vy72s9bK70b2saeqazqOqXLzXczyFuWQuWUMxzsxnAAyc+nYDFY9sZZLqPyiTMXx5ajd8zYA2gjcQCAudpGAM4XBGNPqDMzLbZIZwkbEcsS/UAABv4Rn14GM8/XXwR+CniS8iHjfWNNj0zQLWLzl1fXR9ktJABuMkKzgecV5ICgj/ewWP0fsqWHh7zUI7JLTeysu+3ZM8KnHFY2qlTUpONpSk9Ekmtb9Fa90+1mtbK/wDCX4Aa542jbV/ENynh7QEIlmu7xvLkljBBK20bnLkrngAA+pNfZH/CcfDD4DeGhD4F02wh1KGIm68X6r5cl0zKPmktRKC8JDZIMZByVO48gfGnxe/aQ0HwrZzaB4Y1GTWLuFCkl8W2afBt+UraQqEUhSR82P8AaJ7V+bfj740eIvFspgutUuJ7VmZvK81liLEnAwp+6pAG0g8/xZ6c9LJ3jJ+0q3VF7Rlo5Jcursve3W7aS1atdnoVc2oZTD2dNqpiLJOWjalpon6va6tqn2f3V8Zv2wtT1yS4sdE1W4uJp9/2vVpZS7uxyrCByd0SMAdgXg5OQRkV8P33i281i6lnmuJZpJJBvd2YyzyMRlAWzgFj15JxkEZIrxyO7uJJGldjIGYFGY4BIIIABI2qO/Ib65r0Lw1p2o3L+db2j3DBtyzuCtvD3yWYEueFyqjnAX7uK+iwuV06MOWhTVoqz5VF7KOitfR6WV7W7HzOKznFYyo5VZvk6pvRJWTsnZaaLXez2L2twT3FqIi21thleNvlSFMbgWAPVsEYcnPcgkV5rpNl9q1DykDMDMqgqOCSxHy4OcDoWAXnGCMivX9W0PXkt3FzOTJfN/q4UzLMuDhFVd2xACdpIVmB6AcVk2GjweHlWSX99qk8iiO3BBe3DMCCwBOCCQTkqR9en02R5bKVePO0kpKTbfS8Wls780rWaXTU+R4izKnRoS5VJy5LKz12V2+lktbvTd7H3V8I7U6f4CKKUbYmwbxl1lA5AAztw3cHnHHrXqXhOzkmgv3ZwDvUt0LZHO3JAwCPfA4HvXnfgiGaz8I6dC27zrqDzCoQ7N7YwTxhvUgZOc5G5TXtvgCPZp95cyKjukqiRiFKhFbgfe+Rjt644IwccA/sNCg4wsor3Yxei3ajFJPfXz7aaH5hPNqc4QpOTTbtdtXto9bJ2e/y010NDWNJe20RpJVkRp45ZCCANkaqCMH3AB7c9O4p3wmijj1S0uRlyWVYxg5UhmBGPUgAE4I79QMani3VjeadLEAEt1hdIkJwWIVVzwTgDByeCR1Axzk/Ca5tY9RhVyzbmQADnYwJLAFskc9DuAXk9TW+FUYVeaat/K4x2a5eWL10dr36X3MsfiIVcN7OE3Zxtur6crs7edunlZWaKHxYvQfE8ykqqEsBvOP3hHJXuTz2PXrnJJ5CC4RbLIkVY0XJcn5i6kDGT1OQeevXOOAYPjNqqJ4zmWBhMVkKhFO5QSMgc8FsZJHfPQDrW0rS9S1u3tobaErGiqZ3IY43HHzHO3pngbuDgk14+ar2lRKKS9713t1Wlk79dvQ+SyiXs8RXtLRSlZ/zPmS31aStsr/ey5b3qSsfLO6TeFUjJaSQ9lyDhQSCMMSGyCSenCeN9HvItX0a+u28mNl3iJsbvMU5KkEA5bJx/D7dVr2/RvDtjpjXEtyyTSxjOCMBWXn90DySOpYY4yAQSBXk3xJvhdarpUJO1IwSgOCzFnIUZIwx6dBgAZzkrjxp0oQnFppy6NXtdXta7Wt03sk297s+zoYipVg4O9lpe3p5bauzdrrS70t9/fCb9uj42fBT4Gv8C/hX4jfwppmtXz+IPEmsWA8vV5JLiMxLAl0jK6KIyMMpz1GB96vhv4i/ELWfE2oX1/q2p3uuateTvLfanqN1NdXVwXJZsySSFuWJOAO3ABNcffatdw3F+pdYkEECMwxlR5fypnuQCCSenP8AFXk/iTxXbaXaGeSWKNtxYu0mTxjhQeSRj3zzgdRX1eJ4t+o5RRwlKUKE3Tiq0oKMZTaSiudx96bVl8TaVtLLf4LBeHVPMuI8Vmtag60pVm6MqilKNOLab9mpaQcndu1rnXprZUSK8ywBk/e7m2hUU4BwTwWGPT36Ma8i8b/FHRtASaGGczXmSpiVwQ23kMxUjA4BIx7HNeBeNvilqd3HMumSOkRZleZBtkfHA2ZUYUELznPQjhhXz3fanqF5IfOmka4fc0rNlmfd1ySTwc4xlgfQhTn8mzLiTEYqVSnCpJxm2ruTbto20m/xTs7rY/dsp4VweCjRnOlFSgotJRV/s+nbXXo7o9l1/wAb6l4jjlaS4EEErMVKZXdhQQgI7LgEsRzz2JFeNXs2QoEglkaRg0gyTkHHBBBwMjv1ORgVU+2XIjNt5zLEqHcAA20nIOACPlK9MFsY92rNd+SqM5VcMAMKD65Az06jrke/FfLrnnKU5T5r6rmfom7PVdPL57/XqVOnFQjBJJW003toujet7773NVLlII+DuYEoRtBySeBz+gx2x9ElvSSI3BKDY5kOCQT6BsjHOAAMAcjGayGdlBbl19QMbMZyCemQQB8uPb3hWXfndgsSo37s5H905HA7kDjOcckUOg3q7ba9dO7d/wAVrr0bYKTto1ra727W815a7vrc3ZbmEIEGX2nIIGCeCCSAQxycEbgP8K5vENuIhvYsWJJJAYjgKQSMAcnnP+7WZIXWTIJIx8uSMZ4z8pxjj0GOBz1FJC4D73UMAGIQgYLYA3HCnHrkAdD1bgw6EVrLdpWVmtrWsrtaa7+V0K+3W+1rdr9X6khkJkwCeV7ZXbkcKQDxnseMg460IzFzvVi23bjAOQPfPBJwSB169uUeRSylo1UMgUYBGMnap4Ocnrz3Hruq1a2sksnkqrGQgAuWORkZbHUNjIx3/vZ4Wt+eKiotOyS72StF6W2XdJ2bSWomn59Ol92mu3nt0V27pFYsrSFSTlMkZOO/QgccdsZ6Z9SDezMGXaFIwVVvwY9cDucAdse50Do92SoEed7hEKDJYA4YkntngkgAD26bUfhxViJaRTKOqgbSqkEtgkgFhgYHU8jIxgqVanFJt6aWV2u2mmvXW/XZAot2Std2SW2vuvfza0a89ehyQDq64GQBtwMYIOejYPPocHHPbIq39jniXeImYFQRhQVIbPBOeSB3OOzDnp1mj6PbtMPtLKirvEQccMQcjnJ5PZTnAJxjnPQahZPpzebdRq9u8S7YlbeFLcIT1wTjOBjB5IxjHLPFrmST3Sd7uyvZ99L9LtXf3PWFNvW+l0uis1Z6aaJXWutnY81mt5p1DCAhlKpujTI5HIZsEBexztBIOTyKqyWksDoJV2E8ckgnIOACc44GAcZ6Fhj7voMF5ELUQLAkbF9yYyDnGR5uRzw2cEdx6VmW2lyX16IrkSNhy7SkZVIweQASBgYxuYEdccnIlVtG2lFR26N6rpbrZ9t1oEoa/FF7dtbpXVlpb03t1Obs9MlvS6xFV2sNzsAFJ9FI78c4OB6Y21an059Okw7oWUABoMfLnGQxyw4PBbcc9OhwPU9TOkW2jvb21rBCo25uwQS0g4IBK/ebtxkc5BwM+SlbiadokjeQyEuuPnG0dOMFmDDk/dweOuMKnW9re9ox1trd20s2nsna+llbe7ekypcjSvdtLy1smrprW17Ju3TobP8AbUzwfZ4UQIU2yOq5dwoyC2eFwf4+voRjIwJZCUxK2G3YIGM8ZOT2JGBwe/tlR6Bp2knTtFnmvYYxcS52B+CisMLgcnGDg5GcEkE9K89vbaSF8MoO75htIIILHIGMkKc8nt9PlLo8spNRV7SVpbq+jd3da3tG2m29xuLgm2nZ26Pry762t0uiBJERiwbP3sHDBcEbQO55JHX1HQ8hPPK5dQFxuCf3ueegx0yMduwqqQzbyoPB4wDjAI4BAxn2OCe47AEcpKjB56YGOPYYG72HPTB4rrimrOOlnum7dLt3u7fk3vexCmk1tda+fTRaefZO/R200IbpwWG7qV3hmIyB1x1AwccAYI5AycVdgS3kLMZQkaSZII6k9h+PTpgHGBkgR2GkzvJGJkdIpv42Us2BnoiljhuzZ6AggHFa0mn2VlGyEPLK8ojTkfKmeWZOCMnIy2MZyPWs3Vim4ppt7rm6KzV0rX/XydgTbb1S73W+zb3TW+t+bW2ly1PqNvaRRCGGFZCFDA4+cDjc2R1JAPJx3HXnKl1MecroXUscuIyQh4PykDqMd+vXjJ42r3RLaSOBYpQ05i3Nk4DDGSuQSQBgsCOcjHO2uRlhMMvlBSQHYAgkcjGC3YAc9h1BIwKzpuE09HzK2jd7XSbbbez3u3bSyuN82lrLv1tpF3unf0ae/RX0syX93uO1nVZW52vkKG6DB5IJxjnOOcHpVGSRmZlfJUN1c8nnt1wDjkZzkck4qxcWTQQiYTqzSYDRrnKBgOCDyDtIz/FkHGDiqpt5X2hlcsy4QcliOoBB43cE9+MgnOGrZKNkoq19rNPa2nfrpuujBqzW+ttNN9Fp116dN+wBiykgAY6EndyRj1zgjjjGFwcnu8ogVDn7y8fKcKGAySD15OfUc80eRtCBm3MDhkUcg8/KR2zgjk/3sE4xUhhk3AlSAzYAb7qgHBHGecHIOeSOnBp2v+HlZ3/Ff8O9NAGJHEGYj5iikjgfMe+Wzgduobg8jHFTMkaRo5fdIVbGxsBenb2+797HBJPHDCi252H5vMwTzwFBILA8nLEqWX+6CMEk1IduCSQWZQAAMgLnsCCMHOGzxkEn0ptaX8/Lpb/P16ib62u7u/fp997/AHr0Gxum3G5gxwpGCd2M5JPzAfdwcHknI71PcSw7V8m32/IVdmJw7jPPJBLA5HuMdORRGBIu2MJuC/M3PBPK4BHAweAfQdOoSUERgFAVTKqxJO9xjPIzkggjIHfoOadrJWd9d7PTbyXfR307dyN3bRq7snp9/r12sVvLhaNWDhBkFstn72flxjgjjpx34NQllBcKN0ZJO4nA2jqB3z7/AMWOpIGZJIJSyFkITfuKgnAGQMgnJG7nIzjHQZOQ5oQdoAbksNxI2c8/KBkAbcZBHXIJ4xSbUbXVtt23239Xu33QJa+e35eitp+ZXjwNznkHGFUHB+Y/KTjgY4PUDGelS4i2Kyg7jk4U8DOVyScj24wOMA4JpDH5fDZKjaMDr1IwST1JGPTqOxrRtYFRy8yFldQUToAB/ewMEHPYkHgjk5pNdn/XXddfO9u1x8yd1azS8/7rvrs+hWgVXG1yqqi56ElgO3OeeOuQB046V1el+J7yygextrqaK0YL/o4ZVSQglTlh90HnnGTjnpxFbW0E6FWjSFSh5UA+Znk/N1HXA54HVcnFYt5ZvFOY0VQibdrqQPlJB2kdQfTBGcZJ4Fc9o1E4zippWdmm9fdutOyS1tv1YpRdrtab/etHpd7tW062tex9T/CfwX4l8aNumt3i0SNwvnBSTMzn5oYn/ifB45CjOR0Br7f0TxXp3wcsW0uBra0jWARPHBIjajI8hGdxBby2OcErg45z0K/BvhL4w3egeHrLQdGkeyu7KMhXDlvtFxIMZx3C5zu5IIAPVqzNS1fUri4g1LWb6ae+uplluUlcKoTceAM4A4yVGeOg4wfz7O8nxmbYiccRVdDBRqN06MH79WMWrOTSTT30totOh42IoVKk/flKNOK92Cs29dLtf8DRbH1D4oOteNtcXXZBcpZ3bmGxut+4xIxKuWwSz4Xl2x97oSM11UnlaBHpej2GvpJC3N4G2ee8hJLSMHIOxRkAd89CCK+Zrzxxr8egoun3rw2kcipDHGGL4YAMiEbcLljubBJA29QK5ix1/ULq8E93Jc3l5OPJQtIQ0cgIwM5JwARnCjB6ElePAq8N1a8IxlVjSoYdcsKMPiSuknJyvzNJLRaPt2mGEVSKu1GEOWPuuSkldNXavs+jVnpvufXMk0TPd2Wj30tzeyb2hug+2OYeVhgcEEKhzwO4xwQccDbS64+rwaPPLeAwnz55VJiWJPvMQSTwwyVxjJ4461xngnxDfeFtZkuNSgkvYRE0McMrcLLMBkLuIywyCDnI+U4ORXZ+LPEjanHa6jZ3SQXMgjhmhiXEscCkACRgQWbgjndkfdPp5Ky+rhcTOg6VOtQqU1y1ZKzurO7V1HlaVt9NPlzVaFOEpqUedSild72i4t6Nxil1t7ztqtz1TS9TVLz7HqV7JDpsKNcG4gncXCQhSSzgHHzH7xOW7Zzmvmj4y+I/hzdz2sWjWo1TVInk8+5eJYyihtuZOzY6OzFmJ4xkkj6s8Hjwxd6A5W2klu7i1aG5+0w7TdPwpjjkYbkHJBKnknHGDXGeIf2bPD3iqC/1mKJtH1C3smkjsyxEDMoJQKD94yDAPGecDB5E5FmmX5bmdSWLnWot8tNOnJexlKHLG8pRa5k3oknoraLd8GHxWEo1+ScnCKtD3JXhdOLvKUU1dpLTSy21ufEN9r5FpGFto/MXbDH9nBRFDrt+YAYPqB0HPUjnk7XRNl615cwXLIwVwyxvsLdwWAIyODgHOR0yBX118LvhLbQeI5j4wWM2lrKkSabKhPnEkCOVeCwAX5jtDEkkMa+yx4V+GtpJa2FlaaZNYQMk98j2cZkYNhioLLuYg/LgbiTjjPNfa47jfL8vrQo06VTEqcY1HOk4uPLKz1d+Zq2ruk77NvQ9StndLCvlhB1lJJpxemyatrd2Wre6stLaH5/eDUFrcWDxIsYeaFxE42zM3BAy33cYySASfUV9w6PdGCGMPHgOInIU7TnC9QOjHaBxjp7Fg7xh4L+Ht1rJ1PS7C1tPs1srhVIt44GVcpIYjtBycHhQQSDgngY+jzwu6OsnmhsRhEYOi7Sdu3P8JB4OCRkgZ61+teHGdUM3qVJUYzp29m3Gas7XSdns07bJtrd6JW+N4px0cZhI1I80PZvltK2946p6pJ9EtbX6ar6B0C6jmgRCochlwW+9nOMNwRznI4IyScdQO5uF8uH5iOACAR1yCeCOSeAMgEnGchs58r8PSIJIiGKKVKFuPmI9iNxyMDnjGMZ79/PMWiRdsh2IW5Of4cZxjkYycEjnBBOBj9yoUv3kN16uyXw7LrpfTW+63sfi2ZVn7OpaSb2Si02oprVrpaz6X0XU56VsO4YAEhzuYHKphiMDGACeg+uT0qtYXixxsoxtH2guMfJkK3B5PJ3deCOfZRXvrhy8hBYKImyccscZKjGM5Iz6Z445ziR3DmAKhIZo5d2flyNrZJHc9jk846AYruxOHVSlO9uXld72fSN76bvXTfp5HzeAxSoYqlKzUnVha60TUop6Jaapavfyvr+RXj+T7R4/8WEjcBrV4SFJwFMuCTkYO3PoAT9MHJWGzgglJlEm4DORtY5BHyYB4BzkDr9DUvjoyr8QvFixktJ/bN38oyB97J6cfKpz64GenTmrwTqEExdzGSoAGF9dhBPBGeT+ucCv5xx8LYuvGLs1WqqLSu2uezv9yb7buz1X9i4aUp4PBNXblh6LvZWbdOm99X2vqktN1dN1va2UkytIXjRHbHysNzKQVO8kZDdxz0/2eew06DTLqe3t3Bj2Z8yYgt8w6DnIPB5GeBnjiuQslmuwVbLYbC7fvEggnGCMtxntjoRkYPsngnQoYoZbm8aKXyzkRzMApMqnaNxzyMBsDp1z/e8PG1nQg22rpXSUXr8P2Ulr003u20TiKlou7v7qcd+a6UbOyV0tN7vXXW7KypYafOwt1WbzGXauzJ2jq5B5yycsQcnJU/7PXWU/h5JFuri1t7hfKJZ5YgCrleVVVBUk9icbSo4z8x5rxLDDp9zIIjGWYiSEhl3sz4UqVBzsUEgH0ycevN2195tuFlcNcJOfLt0IBK5BIPUELzgHj8zXmuhOvCnKNSoub3pJSaV7xva/RJuyWrtbWx58oymouPPunK2zs4vdvRrV7Wl56nTeIfE0dvAy2MGBIpwGAKkN8qpGQAuF44B3bAMnIBPkt5eyOI5Bn5mIM2SB3OzAGN2eOmT1J713fiPWLA6WqGwxJsWMhCSIXLYEikDIbn5jkYHUGvL7zULe6tViWNojESBEHJGRkGQH1ByoHToCMV6GCpckFFR95bty3ty31vre+iT7aX0XrYOLcI+7opPVNapcr23u9LLq0nchDTTtM5yRGw+UOVLng59+uev3jz8wJPb6RPc+RHcF9roV2pu2nZnkkDAYAjnkt3yQOPPYJkij3HfIpYlgCQc9tzdMZ7EnJAPJGT0+jX0LTxRTFhASSCSSMcNhhjAUeg59c8g714ScWve1TdrtPo9O3N6fgtOurG6as2lo9nq7aLTrqte19OvU3urfaFeLMMC9A2TkyBs/KSACrDIPOPTAPMdlZ3NoovZp4lZm3xxkoowQSWODzgnhc7i20Ak1bufDKaisdxBLtgLEI21QisTleRyE6Hk8DJxgZGfdeG9Ss5oorif7RDkFipY+Um0cADPXnGN3oCNwrig6clyKdtueL5bp+67LS9nto3bVnNCMX7sZJbOS2ad4u2mtn+Wr6HNa5etc3P3SpIOx8gBvnDbmAAzu5KjjqT0AAwbyeUiGN9u4DIbIOAOSByMNg4yCccc9a6+8ttPkd1Myl4QVRZsjBA5ZmXJ+XGEGcdScHivNbxmM7FTuC78uD8pwQF9OgPA64zjqa9HDKN4xSaVntr8LWkX27tvbornfRioW0UZJrVWavp1s03sm9W+hK8jOHycMQNgzycdycdQe/TmoFZs7iP8AV/dDABiOrZbGSuTxnuRjHav5jMyrjfjAc9CDk9cc5zkAH8eDmnPK6EhOkmcZ4IAznaD0UDjb1bjr0HopK+i5dLLXT7O/zu9Ht5JtdCkqj1bW1/e3+Ha976Xte2u+2s00yyOQoAHIKAluuOAeQcc5I6ZHalRgpyhPGW46KOQcjjp2/LoTWcFfLswADZZSfkzjGNo4GMDnH0HNXLcE+UdzEsSAoHzsAD174yRgg8gjPJ5iUJKL952Su7t+X2ld9b217W1uny2tez+/+7tbVPfX0T3O6sbmC2to/wB4pmnwASCCGU5GW5AGGOAOMjj1OsdREkBhCIZ0IVGUkknpk9t230A5/OudtxEybZoRlQqJtAPQD5iASMnrj1zk96v2UEbPKCWI3KQiggqemWIOAccnBwCRk46ebJe89b2fR69Ou9tV3v2sS4SabVkna133t0e9r6d99mWrcSrdF5MCQspZ9oICDjJ464zjGDkA55FaEk9r9+ViGjb5RtJ81h19cnHrx1JNY+JIJGO4sEcsxzkbCwAU5wSc5OBz04JbjIv7ueS4JXACZZRgcAjCjOOozyRx3HHUjHmXW/ye9rdd9dVr+SMVGSfWSTW3d8tnrrbb102R3UNxDPDM7l1kwwij4O3YMbsA59BnkDkZHSt3RLqOWIwR3BjZz5as6LtwANw6jJJ6cHAUn2rzS3v54449ql3dSGbhlCNyAM8gj8OD1IzV61lu/Mcxs3lQsrbgQFHcgsGBBIzuzgk4AUrjdLopvV26t2advdbSafWzva/yuOTvFXV7q2vNvpdXburu78979/R7qKaRZLcSqEQZDHgzcgMOTk528hs8Dtjjm5oBbNMxyXlwIQ7BV3YAyozzk4I9c59cvS+jlaFQ0jsfnfBJCjAyBngAd8Z25zhicUy5gnvpIyo3CHnr9yHI6gcZAHAxwR7Zo92mkrc2ut3ttZ66u8bPrZ9uuaow1fK9Uld66aWve/XWzdtHfrd0ILMIhI5mBXzWGM7OM9G6DGAM9cA9DVOfyTdSRFmKxEyg5ODxwB12g8ljxk54zmr0MYFy3kg5BAwDuDswwASM5GcH1A6dhViHS5fOuHuQsb7x5jZyxR8qFAJ5BBzgDI6AgnjCbXMr6PzT1Vkmr9G1davRWVtkJYenFRaW6u3Fa3v/AIXsn6u+qS1M2a5SaGR4GcOQQcjKx7VGArFgpyQRgg9z6A/o3+yjqEuvfDHUrG4ZZJdGunRTuLMY3+bGOW2jsOVUk9ODXwI0em2ziB4pHgjG6VQu3GeQ4PU/KTyD0PQ5Gfr/APY21ywXxR4r8OQTMsOo6f8AaoLZuMFCd4C5weDyMZI9DzXq5DiFTzHDrkaU5Ri9W9ZKNlqrPV20be2miPkfEHAQxnCuZRkm3Ro+3jdreFn3evTTonFpJWPqBbUSO+1dvlrnYTja23GevGOOn+1nA669jAx2RleEBZj/ABDDbiMgZPUfUE+mDfngRLi9UKEIGFznGAc5zjq33vm+mQcAy6dAQw3Lw+AMjls4yATjjOMkHI5XHykV/QWCpTnRpNRS92GqTellGz1eu/T0eqR/m5xHXtVnFrWDkr39LXSe97XTdrtdbM34Yomt1bCqVLbdp4ORjuD0OcDuQOnArE8RWDS24aNAu0qz7QAwIDbsksCCD1CsVx36Y6uCH5XDjABAQYGFOeSByM4PXqM8ck06/t1lSLbgjcQzsG5IyCuBjIOecnI56YwefO8PD6lOPLe0G7t31svevpv9z7rY8XhvGVKObYVqbsqsLLW2soW7vXR6qyulseSDTbmURyOu8LhirEDjeByAenoTzj1Ir4O/bGYweKPD0ETvFGmnl5BDkbHbA5OcgPjJUAcAHjgH9MIRErpCEDGXcu0ZbBL9cYB+hJHGMkcGvzx/aagtLj4kyxllkFnY2ybWBZdzAsUYDP8AF8oOOuMcYFfgmLqvD4+W8leXVv8AktrbR7WVt9PX++/D9e2jQqTs7UU9XzPSMUu9m0762s9Nmz5C0bxndW6NaXrOLe0UeVKjtHPuYjBI3DcM4XaBk4O0cc+3eFvHsrWO+S7li8olI553ON2flAU9wo6kD6YHHjWo3GgrqTxzwxIUb7wACeYOihehJON2RzznqKj1yUXNqqaWCWcoJEhkxCFUfNtxjacA5B+9yQQTmvTo5lViouN43cd7q9nGy0aVrJJaPe6u9/1PFZLg8dBOrQhK8UruCa1cVpLTTS1tf8vqjSfis4vZLeS4imSJBvcMQZuOFQjBOQpyMdzz2HqPh34v6CzrFczS2053YBOYxk4AIOOv4AkZxivzr0fUL63u2ECODGgEm7J2kAZYAkfMSMYB6tjGK9B0jWYIozNcES30Ts5difLwMfIBtIYk/eAyD3BxXr4fiDGUOW0m0ukm3p7u3a1ne+6drHyOYeHuS4rm5sNBNp6wUU3dJa6a76Wvrr6/pvpfivSb5Y/L1WGSWYj92zAupU/KoB5Axz7/AE5HdWdxJuWe0ulkBA2lJG3N/s/L03cFg2M89DjP5VjxNqRZ9Rine3aKRWhjjdk3rt5I24IUgDA24wSPr2PhX4keLLe4Wd9XuYIWf91E0jOrPkYCrzwccH6j72cfd5NxvXp8im6idkpWm47Ja2ff12XVs/IeJPBnDYj2ksK4rmd1CrTailZW1SaSd3e63v8AL9TLTxJrtm8atJKIwQy/NuWM8DJ4b7wHrgZAPy8j1HQfinf2DRJIVJJG5yGjPy4OS4K4DcHKkEkKM9SPzy0T45eJ7NVGpWlvcwqyglsK5iC8EYAOGX1POO/RfT9I+Pfg7URtvo3s5VP70FNyhV5YhuGBGMkE5Cj16/pGVcfzpNT+uzpySSXtJOzTa0t+Hl63P594o8FcfyVaayuNeDV06EE3pq2lHXRNbrqnuj9V/BP7U/j/AMMJbjw/458RaIYZVmjistSuEt0dMMpMW/a2DyBkA9RgYNfod8KP+Csn7QHha3t7LV/Edv4rsIynmR61EvmzKoACNOPnO4DH3ufmznt/Px4c8aeCvEOyLTPENush+dkaURn5QcKMkHI47HnqO9emWsOpMgaxvoriJR8jGXOSCAFVSRglepHU5IGQc/V0eMMBjnGOMo4HGJtaVKdOcrtrW6XMm31Vndu5+DZn4eZlklWpHDV8zymtHZQqVaKS93RqPKnG2jTum3vbf+tr4Y/8FivhzrcK2fxO8Ay2kMgQSPpvk3VoGAAM0kM3RWJOVBIABPUYr3aX4r/8E7v2io73+24vABuNRCRyW2r6Ra6Xf+dKoBK3axJtYFgAQeRyC3Gf40bHWtd09WLCfAyC4kJHAxgYbaQCM9COeDk12dh8Q7y1jVZT8w2kFi0bDjGVIwSRnHA4PHyjBPZSwnDmLmq2FniMqqySv9VxE/Z7xbvSm5RV2teXW1ru23lxzDjDL6XsK8sHnmGirKOPw0J1bLlTiq1NxqPS6Tk5H9WfiP8A4Jb/ALFvxViQeEb638PtcRM8V14c8Q210Pmwyv8AZzMcDBDHgHA4U818y+Of+CF+pTOZvhp8Vo7i2jDGC08Q2aBSwBwnmxbiTnADcYyRgivxM8JftBeMvDjwy6F4t8RaPJEF+a01O5iXaOu0CQEAEsFHGQMden2v8Of+ClP7QvhD7LDp/wATLy9tYmX/AEXWUW98wDGVZ5WYgEbj1z35IJr0XlmacvNl3EuFr7ctDMKCaautJThJvVadOrt1XF/rThaElHM+FMbhvhdSrlWLnZapNxpVYqF1a7Sl1t0KfxH/AOCSX7WXgW6lu08CWnjTTbcuDeeHbhHd0UkK7QyMGO/C5Gw8nBDdvlDVP2cfiB4A1aKHxZ8OvGGlMHZp0udFu3toiD8y+akRjAC8qR0Gc4GDX7Z/Dj/gtJ4/sRBb+M/BuieI7dSkc11Yzi1uWBADOIkHlsTk9eOmc9R9oeFv+Cqv7MfxBhjsfiB4Rk0eWbEUp1fSrW+syr5BO7y3bYCeM4LZ7c1wp8T4CrfFcNYLNYXf7zLsVFNxsrv2VRc19PK0r26nv4fNuFM1wzhhuNMwyCrKzVHOMFUUYydrxdai+S1tOZ9N9dD+b3U9Q+G1l4Zk0iy0a8s9c8gQ+RNBt8y7UZaU7lzkDOCeg4IHQ+DwaAl5HdXbyFrgN5bxG3G7B3KuANu7AYBSN3qd2M1/Xjq3gf8A4Jy/tHQJ9ls/Ag1C7G5Z9KuLbQb5ZZM7twRocyDdj0B6nGK+cvHP/BHf4Oa5HLqvwq+JOoaBM4dra2lkh1SxG/JXMqu5YHIBO3OVzgHpGIzzI8TOFPOMozDKZLli4YrCSUVy2bfPFSVul9FotE9D08jyjinK6dbE8OcT5ZxFGrLn5sJmNOVVX5WkqNWUJJ/3U5O9k7LRfzCXvgUWLwXC3VtN5ytK8M58tUHXaVLLnH9372SOQOB5B4t0i5guVkaK1W1uJiUXGQ6xnAIYg8EDOQPQDuD+7nxc/wCCTv7UHheRrzRNP0L4i6VCW2Lpkxhv5IVB25jkCgFlAOMqSQAfWvzk+MP7Mfxv8G3FpB4n+EvizRILYu0iNpdxfQLs6lZrZJdoAHytnbg5Ge/j47I+Gs1oT/s+rhZttNRUoudtPsv3k/L8D77JvELjXJcVShnFDH4ZwSvJwqxg9rSjNJwld7NSaa1tbb5O0zwrem0a6hREaVBJFkurR4UHahQ5BI4AHTI3Eiuk0nXPix4PaK70Xxd4s0tEkjuIRYandLFG8T748xiXHlpkfKF6g5wTmuz00Q20q2V2lzYtaYE9rqMMtq+R8pBWQIVCtwFbkHkkda7O0srTUIza293D+9J2ymVGAQEFQqMRlyQPlA56Z4APz+K8L8tx1BRlh6Uk1s6cJXfurqr3Xqt/u9/CfSQzvKcfzfWcSuWen7ySXKmmr2krtpfhbRn0d4L/AOCvX7X/AIDs4fD2uanpnjnRLSxisI7XxFp8HneRHFsBe5KGRyFALFyT0+p9G8B/8FTdC13XYT8ZPg1ouoWU8yvc6hoUaRzW0DHnaoAUuM5J/wBnBOcivjG/8EaPDoOtXt/bWWoyR2U580ukc0DIhCMdpwu4nOB8p57ZLfFNnbW8n2hBPJEWmZEIlYBuWwFwMjCj5cEdenPH5NxP4C5PVqRl7BKpNXjKHucrXLpo+XbRpddvL+o/Df6W+LxeEc61ZOlQlGFVVWm9bPS933vdvona9j+pTwl8dv2Avi1HFDp3xN1H4dazc/N/ZurIPsscj7flLtiIKm7aRkDAJI45/LL/AIKip8FPD158NdE8AfFHSPHt/Lqcep6lHpxgk+z2gmjZXaWEsiMykkI3zBh0HRvzPtdPupI23RFolIUzRJlwMgZVl+cjOenUHp2Pk3jHSGstQXUFne4EEoVo5FkldfMPAJcuUCkcAHau0FcnAH5TU8EcXlOJliMLUnNJtxtzrlUklytXSdk77W6pJn9F4L6R+R53hI0qk6VOUopyUndNrkbkm9LtrRLTe+p/Qt8If2QfEvx4+HuleKdK0nUptLurGz+yX1tcw3pMAiUF3giZ5ExgsVdQV+6RnAF7xX/wT41rw9aK9s02oPGpeS0m06WGQbf7zGMAbSVyc4zzxjj8g/gp+1J8f/gb9lu/hv8AE3xTocFskUiaOtxNLpgI52NZyt5RjPdcD5R6V+nnw7/4LcftA6Jp8Fn8SPCHhTx9CqhWuLzT4LK5lQ/eDPHES7Phd2SMn1PX4zNfC7jDDqrWy3F1XvKNNpW6WX2Xddm2ne/mfc5T418DY2cMNmVDDWSjFzctW7JX7JaX10vp68wv7K3iHTWvJxai2KEoyx3EqeSQfvYZtuB1J7c5IxzizfATxrMJktnurhUUhIlMcokx3DEkk8YIYZHPHY/d3gL/AIK8/su+J1jX4nfCK48NSX0rJqVzplpBeWgEnU/PtZVByRxjAGe2fp/Qf2hf+Cb/AMYLOJfDnxO0jwhqjSbUtbuabT7jzGGBuTatuWUkqRvC59AOfz7HS8RchpuOIwdWbg7tqnNKUfd+0lbW/fa5+nZbivDTiNxdKpQ96Ks4zp6aR6cyel9+Vva9no/xXsPhf4g0iVo9c8PQ3XlzKsMKq6zysGx83/LNuMnk5YenAr41/ax8e2epfED4ZfDizsG0ibQL9brUreYq0cLzsAgwC+MZDHJU+o61/S58VPg34ZXwlqWtfCT4n+A/Gb29hc38NrqOu6SlwcRNLGsZFySWJGFAIPIzzkV/K1q2maj4s/aXl1bxPCfObxBPZvFPiaCeaOTy9ltIhcPCsi4QqeQAevX6Xg/iPOcRKr/aVB0eWmuaMrqTd0krvS6Wr67W1PmuOOEcio4ah/ZNaMniJqN01pGXKt+mr1tfS21mfV9sivbJi8jlWKFDG0Q3EEIowQOmCu3rjd/FnNeSeLZL46rHb2cc8yzmMl2RlQjONuTgqQeuMkj5T0GPp7Vfgr4hgtpb3RES1ZlU+VJJNCACAQUSQLuUAjAxgDBwe3iviXQPFnhi6h/tdVbeQzs8X7pgCATHMilD0KnpxwOCK/Q8JxDh6j5eVxknqnduya1u00muvbTzv+GZjwPmGEqe0jFVIttRf2dUtbtWurrR7vY5aDRpYSkkiLGGKlsBSEC4Zh1yDkcjAIyD2rcNoiq0pEeGB8t/l3MACcA5JPIzzt64AxzUTeJkgeRZ9NV42AUABsPkBdyEqFyfcjABbtVGTxJo87SJN5lntAWKNzuDHtwpPynByemOgzmup5zQUnNzS3sno9baa3T3306WurteJLh/Hxk4yw0mm+ZuKvtZ9NH+uiV2kWTZO1s0iKJHDEbNxwOcnI6HggZPGDxjGa+Hb63juvirKZUH7rVUUADjggEHHrgc5AHqBzX29az/AGlHFrcLcBkcIyONy7VyWZCQxAUbSAOnzHPOfjzw8sl38S75pIzI8OsvnevXY+Oc4bAxkc9MYNTLMKWJ1pyi7b2avdtb9Vtp6adbdkMur4enJSo1ItxS1jKN2rO6vbXdWvutLqx+lXhf4aeIda+HN74s0iK1tdO01BJcz3E6xzTwxqVdEXKlpFAJGVBG3H0+crjT7ufVfs1uzNBJchzO43kK/G1Q3GOuQDyeevT1p/GF/F4cj0m31CS1slDCTTbS5xDOSOPMj3LwDkFBgN2UDBPEadKVMlxdxur7h5QCHKjluQMjgA47rgADG6t8M5TmnJqVnddoxdu2ibv3b63VrHkYmNaLUnTnFuNpNxtbZ3WllfWyd3e79Yrnw1pqM0dxbxTGJSUk2iKQyNgkh0A/Dnn170kfh+8igjksLvUdOXflRFPII1xjaSCw56cEcHI7YHUKZbqRuAEChhn5Sy4PJPHTkn3I74FdHZW7PaJEoG9id2W3MApIyucghQcY78gnrXsxhCXLdO97e876JRVrb6rr11vvp5VSpVSTTkm27Jp2suVLV972XpfXU83cfFC2EYstYjv7eNwFinQO8gLDC7snIK4yAACD6Yz11z4e8Y2jeH9Y1m0sbq9urlY7eyiAW4UsQNuACG3BcALuxkfLgceiabb28EcYkhDqko8tghBXB+9t46EdO/BwOMeEftAfEnXPD3xG+D3h+yu3isptWt7mSVFCM7G6jRYN2dzAruUg5BOc9xUYqnelNw912vFLSLdkrPyaSSVr9bbN9dF1arhThGC/d8024q+3NurdvdtZ387H06dc1LQ4Vj1fwf4mtwIC8k0EE81uDgEujL8pGD2OcDBIGCZdP+Jtqs0cFlqOoacyoZAtyssbKcAnJO07uuMg44AHXH66eANV+Guq+EdDttX05Ybg2NqbmS4gSdGkkhXzCcrhg33ioIGBwMHFXdd/Z2+BnjaPetlpMkrZw9kkNnOc8nBixu2scAk4wOcc4+GjmuIhPlrc0Vza2eyulaN3rql31v3dpc5RdpU7tW+Gydvdb1e9tVe/ndN3PzJ8P/F/xZpaLLpvje7KbmP2R7oujDqBtkZshiPun0PfGext/wBpvxRAkw17wronimA4jeS70y38wKOWInRS5IwTnIJOPuivojxn+wT4VkUyeFdUn0v5XdBMBMnmHLD58njJA6EAZPHGfj/xr+yL8YPC1ndzaDrNrqqQv5gh+1SLKQOVCo2EORgnPG4cNyK7aWZqbjKFZ3TSXMrWs43d1fe7XZepq81+rNcspQ2ulzWVrXba26rf1217SD45/B7ULwza54Fn0W6lUZuNKnmRA7/d/dPgADO3hduD15AqXV9f+EepyQtpPi+80a4eOXyob9AyM5AKgsrcA9CcklfcHP53fEK2+KnhlGtvFXhvU4kTcwvrS2V2VV4BWSEk7OAxzjJz2ya+d5PGWq2d5as2oXxH2hY5EvY5Va3DMASQwAU4JHHy9xx1+gwONxNScZJ8yTXw2aSbSu9LOyW1/K13r3LP8RU5Iwqzmml7vOr/AGbO11e1mk09OqTsfo18afCHiHxJ8PdftPAOs6HrF7fWbxxwRX0MckxORIXjnkUB2GBkEbTyRgnH48aJ8JfjJ8PvF0V74k8D6/Bb3FzGpls4/tNvsMmGcPa+bH5ZBBHTjPXBz+m2l+M/A9zodrb38dnkW8SG+tdRSGVpyi7wxEisGzzz0J425FcjreoNGiy6T4y1S2jjJWK0GqR3cLJvyhCPI2VGSCO3Jzg5HvOvWqOHtVZQSUfduraNyta1rW0srt9evpUcbWUXN0lKU4pyc00k7797Pe212nvcCrNpNt9oFxCFhgZYJEkR1baAQ4IA3L0IBGfXBrU0m5iiILyEHG7lgSQBxz15x1wQefvc1nWnjPxtHCkEF1oOuQKo3R6hYQJM6kAKolUDnGQSrZyM+hrtbfxl4fubWFvFPw2ms40O2a/0W4Zh8pALrGCAWJyyjkc8ZwK2VL2lS8W0043k0rWvBpR9N0n2atY9GnnMUo+1hZq1uVpXXu300tZarVWXbYhi1e1QyKBukyxG7cCuBjIX0x1GAcknIyScbUfGNjawTLcSMjkOFiiIw0mCAAMkjZwD0xnORxjauh8INfgd9K8Va54dvZC0MUGqWrGMbecmRcsFHOfYY4PNcdqnwX1G4W3utB8aeG/EEM+Q6LcvHMASSSVkEah+MZ4xggYO7GVXDTlJqKu77W1t7uii33XTSz07nr0M1wsuW9RRi7XvZLVx378vXrrqnpbz9Z47+b7XF5kzySOCCDwGJwAfYYGT17dcHZOg3N28W1Xdtm4LtODxjDH2+mOBnmuo07wB4l0C8ENzpaTxRD51tbiKaMt/fDqxcEj0HJA55Irs9OhuZ3RJ4WtIYnZJBNG0bKpwM8L8qgcDawzxz0zdHAylF8y5el9+XRea9b20XU6ateg0pKomm0rxemluvNrs79Frbc8QutKm0tyzpJGzZAHJU5JBPXBx/e7AZORxXY+GZ1ZQhnk3clkwTuO3gbThRg5B6EA5Jxye/wDFHh6zNrlBLPKUyjrkrtJO0ZOANwOBngYAxnpzuj+Hrq1ktoVglgSZw80pUMyb8H3IHQZHpjucxWyxTpxhOMZvlu03e7bjo1fdLdXafzMqGJdKfPH7Mrpx125b6rTXe600d9VpbGranaM0NtNKqsxJ3K+WC5Jzzx0OO5Gcg1678NfF2t6dI99/aF0GjlGyF5HVAnGcsDtJ9Dk8cADocXVvD5s9EaZEidvIYiZiRJyc7j8oILLuwAwwTz61g+FLmRAbdoZPs4bMxdgrOOWyvPzAkZyOMDngjHxfEXCuHxWFlSeHp+9F2ahG6uopp2XTTfRX23Z9fw/xFiMLjKdRTmlCSktXovdejT1s92k9LbH29pHxq1NZhA9/iJthZDI5yygZ2tkZ4yp5ycDAO7A39Q+Muvx+RJpk04g8zO0zuA5zjdjIIAPT9K+VbG80+HzLjytwt1BWF0ORgHLAsMnLAEZ45J7HORd+LYNQupLXTpHgEIDSEP0bdyoAbDMCTkHODjGGC4/nDOPBrL8TWq1p4CnJVJN39mrxTcbv4bLV99VfRaH9D5T4nVI0YU/bK6gko3Wnw3beuj1juk20nbc+vPDP7Sc9t4y0/S/HF20vhe6u7eDXIZZ5Hin06QqLm2kjyUlikjJR1YEMCQwwcV9J/tKyf8E0PE3wE8bW83wm8C6HjSLyXTNV8O6XYadrSavJbuYrqO5gjW43GfDPz8xJAI3ZP5J6sBcSQXE4jdWYFjI2ZGfuzADjB57YAA96+CP2lvFlzpsmsaGl5dvbNa/aJUS5cW8YUFgoj3BSFIweORx0NeXkfhTmGV5rT/sjE1MBhqlWjKvTgnaShLmUoWa5Hyp6xb87padOe8X5RmOBp4jHU3WxFCM/Z8k1BTc0mlNK6kvd76PyZ8Z/C/4s6d8FPid4glkZJ/BUWr3Sf2beRrKb3TUmcRCQuDvOzbndhXJ4JIAr9kfg18bf2Pv2wPHfgLwZe/BPS9GstEsTc+Jdb0zy9PTWIYyBMLoRhf3+VypUZ5HYHP8ALz4k8W3eteItWimfK/aJYYQRuL4bAyRnPIOPY1+jf/BPy5v/AA7fa54hkKpbKEtlCL8xXlHAYZI3A5IGeRgfeNftvE/BNPOMDzU8RiaOOWGVKGJo1J053iopNuMuW10u7dtdD8myPjCOHxfsJ0aNXAyruc4TpxclDnjL2cZfYTtq1Z26n9U3jP8A4Jvf8E8/jHp9lpvw71zxB4A1CZNxm0++luYoyqjh0lITajfMdvHXOcHH8t37SXwK1jS/2rdV/Zt+HXidviJeWOuQ+FvCl0hCzXF1cShI4mQEoJBkhyzYVufY/sPo/wAdtW0G2utQ0e4uoI9Os7q4MaTlFOLd2UZ3AgMwORgHnP1/BXw38adX0j9q3SvjhNJONVtfiLJr1oFlAlmuIr3IDyEtkbV25O773y8g18LwtwfxLw0szxOLxrzNLDVZYaNRtydSKvHWTk9VdOzWr6dPps/zjIc0+oYfDc9OdevTjWk5JRjC8U/K0W0rWuuzsmvo/wDal/YQ/ap/Zp8CDVvjD4BvNG0C3s7eGDXltxPaie4RHVLiWLeYX5G3fjLcZUkboP8Agnl+0f8AtAfs++NLKf4H2mt65q3iVhFqXhXTXlA1qOAgpKIoAXlcqCMhGPUdRx+zv/BQD/go1F+0F+wxr/he90may8Ra9Pp8N8L4xXMTRwRInm2pk5ilIXIxhjkkHIGfyi/4JcWGqeHv2h/g38VrjUotG8P+HtTkt7mMurGXy9gYvG7YaNweF2nqcAVMM6rZvwZnc86ytt4f6xH6vVhyuvGmlK/L0s7LmTV7JoxWQ1cJxJlVLCVoKVaKacZqpFQlNQTbkkknDVqUV2P6RPhV/wAFf/H2iaTDpH7QvwDvoLiLdHK+oeH9QEkPl5LpI8tmYpGUKdzOdxYgZyRj6s8O/wDBRf8AYW+I9vBD4n8O6P4cubpVivLXUNJt4YMyk53gRJgAMeSA3RWOBX1poXxC+FPxH08t4j8P+DfENndyb4zqWm6fO0yyck/PGTuOT8oOOSck4rD8S/sefsW/E23c638KPD9lLdEt5+jRRabJuYgFle2IAxnPUdz1LCv4hxuf5Ri8ZOj9SrZdOFWUVBTuoJT92zrQbtfVNVLJdWrH7FUyuOCi6mMy3FxlaKdfCVZck+ZRSk4Qmo921yO/TXU8I1bwB+wJ8YYA2j6t4bsBqQKrcaXqltbxxCVccwSuhVl3cYUYHPFfEvx4/wCCIfwN+KZ/4ST4dfFDRrK8kid3aeXT5RNAELBHZJSzHpyRkgcDpn7B8Yf8Eev2bNfka48AePPFHgW6GDBDb301zFE/VAPMmTCgjBGCCQevGfhT9oP/AIJcftd/DDwxq+ufBL9oW812w062eWKwu9XvLK5Mcal8LHE5iLleNm4L13EE5P3fB+YV8uzLDSy/iCeEdadOHLWbqUnzODam6Uqqcd1rFJd1qj5vNcNleYYadNwq13Ti37DEUf3k3ZaQlKKbfXS73utGfjVdfs1/AD4Sa/8AED4S/EPWrDVPEmhX11FY3un3LLJfD7kKmRSUVI+qhicsSv3eK4jwv+xf8FviVPJbW/xXXQblWH2e01UJOEcyYihjc7lIOVG5TkZwR0x8l/ET4P8A7Vp8aauvjDTdY1jXLjVLhL3UIiZbxzG5w5lRi8gJBK5YZAHfp1vw98MeIfBniGJfGtx4v0y1VEeSQ2t2FtnX5vMEuwr8jDJwe3JBPP8Ao1wxicvjl2E+vU8PXrToUubE0+VKpNxg21fVKTu0lbR301R/LGZ4WusdXjQozp01UnH2dSKtGLkmlJrbRdNrO1rNn0p8U/8Aglv8UvBHhrU/Hmh+M/C2veGtGiiujDDOkVybZV8xpfKYgHCc7cHJ4xlcV8w/s9fs06/8efjZ4b8DmQadZS6lC99rDWrGKG0RgJGYlNhAwQu4kZI+bivqOL4k6p4lt9U8Jx/EvXptEv4Ba263kkgspFHy4nDNuBUArsCkEjOcnFfsD+wNqP7KXgfwd/Z3i34gaL/wsWd1gnub6ySykiAyEWC7AUGPJBPzDOMnGa+gzLO8qwMFKF40oxWkVz+8rbpO9lvo23uujWOUZLWxWKpwqLk5pJy95xTXMtNWtbPo7v1Wn0N8Kf8Agnx8HPhpeWs9za6f4zbTLJIllvbOFkV9gzKqIrKm1zwcAqMsAc5r5C/at+Dnwwj+M1klz4a06PTU0jyZoZYUMLM4AidAUwQpxjk8qCMYyf3o+Hngrwn4qtbebwV4x0bWVuXXdbQ6rayvJG5GMKsxflsAAqCWPPv8d/ta/sPfGvxZ4uuvEfhrwxHrWnLpjRwfZ5EEkcoG5euMkfKMg9ADj1/FOI+L8mqTqcuMjSrSqc6U7pJuyV769FvdXWx+x4TKZ06UaThBU+Vcqm171kuW3Mm3snZt9u7P5Yfj58BdNtvHE2q/DbR7K2htrZmvYndPIeTABkRASGBJ5GDg5J5Bx9E+O7zwd8Hv2NbrwcNL0yXx5400iLUL/WvD0xcRnzUJTUHAGzy48xGM4UcYAC4ru/jP+x9+0/4d19rqXwP4otLXaVuZIrS5uLcxITuy0IcspHIB+7juD8vxF8X18R+GtP1bwrr1rdWst5ZJC8dxZywFArDKgTIpjyQd5AH3Tt6ha4+G+I608bRp0cZTxNKUlFQU4y0k4xSdm3azaT0aurOzPhuNuEsPjcuxU54d09JSbsnCTaTjdq1tV3i99Foj8z4tTsbnVbt9QeWOGEEblZlMu37u7LEksMryMtxjHBObd+IoprsJp9sRbeYqxtKF3K4P38H7xxtYkjcDnHQgdP4o8J6j9luNStrBJIYbuOESRttXO4hS3ON3T5egGc+tfpf8L/8AglTd/Fj4W+F/Hng7xVqF54w8Sae1zHpUlts0iK7UbmtJ5zgq3BCkfISOv3RX6vicLWqUoyXN70eaTtaVrprV3ulbRJO/V2aZ/PWV8PxoVpqEYqrF/E0otxcly2576bLS/W7vdH5rRXVjZWvn31va3E7k5kcAsuQCAoA6juvHOPQUsurR6jbT2yJFua0K5fcVUYO1jkcMccZ5HGeCQL/xP+F/iz4UeL9d8F+LdMvbXWtBv5LK9tpIZWijaJthlhfG1kbAKNuY4wMHGK4uwt760hu3uF2xyQgqWU45HyjJHBGBjoc9+hHzs8HKDc2pbpvXR2tr2V3bVK19DLFzr4XEwg04tTs0pfZuk9dNW/LfTcv+D7K6tWU4LSy3amNo1OXQN84LBclcMCQT0wcZUA/fHw4+Dl54x0x76J3tpZ5Io7dLYAGUgAHBOTuAOSAcEnB5r4t8Em7FvBNsXEcxSNmGQskhODnPCY3ZPBIx1Ffqd+zdrNpDokayyJJe2WoQOQsu1IRkZZgRwhI4IIOM98CvguKsVjcHSlPCp+03SitnaNkunw33621Vtfu+FFh8ZibYuThCMNFJqLbSXN1s7xVkrLa+yufHHxL8Cav4A8UPoerPPayKsklvEwJLB1AWbcBwT3+bHBPTBrhtD1LVLfUNwvrnAVmLTySSRKyHAwpBTGcYBbv6g7fpn9q3xRH4k+Jc0lu0cn2OyWBpo3DguqY/dsMjknqwB4xkDivm3RtO1DUbfykjMk0koWMIT5kmWIwqjlsjggdcdME45sLn2JweAoVsTXcKihzTlrFKyTk9NFd3fa60vofXzwuGljZ0qEVVpRnaLinK6XI9XfdvTrvbpc9p8M+M/Gkmo2tvpWpPFMUxi3uZrdlA+XcDGQSeBxgjt14r6Q034t/tFeArSC4i8QeLtDtCTNBPJcXc1tOigspBkOwF/wCFDjI9s184eHfCWv2k9i1rCVvNm792jG4wpynytgg5GHzgZIPOa9a8RfET4gavocfhXW9QnNpbSOIIJIEMrJGm0Jv2ghR1zngnPcmvncX4jZzHMsNQwFahiKLqKOIVSrPmjTbhflSVr693000P0HK+HcrqYGtVxdPEUK6ipUvd9ybSi2pOXK+tt29rLqe16Z/wUf8Ai3peyDxBeaV4tjCrHJZ67ptrM7oBsLO7o2eufvZzhsgHj6X8B/tdfCX4i2r2/jf4JeHYZgvnXmqaVHFaFQyAFiIwFXJJYEtgEnqK/EDX47Uaj5cnmecyMBFGSxL7u/TDDnOOgAyORX1/+zn8Ktb+IfhH4k65p2oNZW/gvwpPqt7DKXzdiJCTGmc7XHXJIHAJyc5/YKPFFfD5fSrVGm6ns+nMk58kUlpoldWast9j57D5YsRi6lKnryxdldK6SWvlptbr5ar7r8T3n7FPjW0ubW9utb8L3c7N5DRzNKkEqknaGGQydFUAttAJ5xivmTVP2TPh14uie48GfGDRHs5p2EFrq04tbo5yIw8hKsD90dBn5gc18fwNK1zFAJTPGu8qkuW/ekuMbgW4H3flOAPXPFpxfS3K263TWwjO2UQPIuxlb5SDgAEk4yCCOmO1ezQ4rhGEVUo05ppN3bTfwt3eiav5bb62v5WKwjcpxjeLi2klFt3vG7utHs99etmnc+gH/YK/aDZ3XwW+ia/HBl7W403WoZ3ZOMMYmmw5ZAMjbnBJ6AGvXfAv7JH7Q/hy2lvvGdl4gtJocDEEBuo/L4ADNBvK4OOFwM+gIx8o+GfH3xA8LXKtoXjLxBpz28wMhivrmJWQE4XdvBG0DPJ6CvtT4fftx/HfRorXTk8QPd24nWBTqQS8jmChFO+WUF+Bnnkeh71pPirAVdqUqKurqEr3a5dnvfe129Ffc4MLl9SE9bzlZSSasrXstLNXvfra7ubEWi+J/DUM0eqeHfEFysRUi5WC5iTI+XLCWNVJIGWGe454xViDxDLBJAZ11q0kZWcI1vb4j5JX5jnOGG056kHpmvcdI/4KRajo4i0v4j/Drw34qgm3mSb7PFCSgJHAWPazEknGM9OCK7XT/wBsv9jz4jW7Wviz4VyaHPIxjMtjiLyxk72Ux4faGyMDIz0xXr4LNsBXSaxDjpaMZ23vGyTun5eXQ7p0nFe9QXpFJvaK6cr026/Pr83DxjHEwkv49beNAGE0CxKvGeqoSGzkHOTjp04Kya3o92Wa3nlUMFcLqUqxH5sEho8gcEnnk4IJPBr6y02x/YM+IJkstF+I1/4LuHQBmvJJWiilPzBf3hC8H5cnknrjqeJ179j7wdrd9dj4b/Gbw74ojZEktWvbq3hkU4G1AVkJ7gjOM85wevtUFQm7+1g5Nprlkle6jdatrTzsk7vSyZwV8SoQcXSUUrKzVrrR6aK3R7W2fZnjkbMsZOLaVSqvthuR0AGEQK24qRzjknIBqi19NMSdktqiyMAFEknyg5PABUknJx/DjC+td3q37I/xx0yNX0y0t9aSFF2No9zDIsigg5UrLuyQA2VB6YI4xXn2r/Df4xeFVE2p+HfFEEcIJm3WElzB5n3SAyRsGXORnAHfIBFexThypRg1bmWr1tZra0mttGtNErdTxatbC1PitG/RPTRxut/Rat69CFv7NuVl+0X0TNkK3nKyOnJJCtjIbPBxjJOOmTVD7DaFZHiNrOIiQg80SMQw4+8eCQeoIOAOhwK5i71jxLp8Upv9Ht5H3ZaO5s5YJwpPVvMjUA/NySwwcDAGTVaz8RWW0zXnh4wKCHle3uCDJwdxVAQCM9MA8Z6Nla74VasOVWXupNPq7WtZXu9X+t9LnM6FCV5KUdUnvta2i32et7abt2PQoLYiLzT5JBVeDgPHjHy5AJB+7zkA8kZOatxNbqwDbCXIw4yq5HHJxtJAGAexBzjg1zVtr3g+6McIk1ize4K5UqzoFHODw2VUnAzkHnpjFF3Da3CLHpviOGJVkIWC6TazHPGQR1HQKMnPrzXbRnd8vK1Jau10k1y327q9+t3ppY8bMcFOuklNcvRJK28VZWaXo79fdtodwiwwytI86bnAbMrBY1Qg9d5AYAYBPfGfTPEa34l06J5oBdQs8OUxbsTkk8b+owMfLjOMeoxXH6h4c8UXcyM2qx3kILfu4rkRgoBgZG4YBB4UdMDr8wrCPhbULOczHT5d7F3OSssZJ/5aEn+EYPQMRznpz1wqNuOrupOz62aine111736aM8B5JFJpyWvM9et0tm9+i0t5Pt0H2ma9DTDc8bJlAFJxhT84Zxz6k8nPIJOTWcbeQligkeWSPCuU4wDzyRt798nk4wQafZ3moW8Usc4Ajj4WMRsrEDGADtGBz6BTwByM0lxriSIsAtjG6q251fdtAxgFeq7hhlAAGBxg9fQwtNOSk5Wsn7rVm9tFq+V76tp72Wll83i8u9k3Zq3TSzuvO7SWjv5a6EUUFxGwkf52OFjEiYAbOcMAADnd1b+eK3NO0q/vY764gsJZodNiMt/exKz29m7E7TMwG1ARyoJAGG6gkr5b4v8fWfhqy+03L3ErZxaqgALy5z36qehzjpnHXHufgX9orRvEP7Oev8Aw80Hww2k+NdX162uNf1rb5n27SlfakJkwWQ8nCKQM8DsB61GEnUpwjBVJOcfdT+y+XmktXrbVLrps9vh87zDDZdhcRVr1eRU4SabcbOSjGy1tZ3XRN20XS+z8Ivhd4r+PvxI8MfDDwdZy3c+uXCLfagit5VjYBlF5fS7cbVihyQWJBC8noR96/tH/C74L/s9WcHwf8DaRa6h4wsrSzbxJ42uSk16t7jM0EO4ssZMmR8pyEwc9CPuH/gnZ8B7X9nb9mD4g/tS+MbWJfEmtaBdv4bWeNfNtdJjgKwNA8gJjNy+d+0gsAACTxX4++MfHN5478X6r4j1O4kmn1jW7m9muJj5oYSzMYof4yAiFSoxgdR6V+lcLYXC4irVkqKmsNKNPVNv275ZNNbOMU7PVXk9tLn8M+K3EnEOOxGGw1HGTp4TFqddRhJr/ZYy9nGVSz/5eTTauvhXVEfw60rUfGvjrRPB1zeyW2lSv5Op311skjNqwyfnkI2SMCSuMYOBxyD9R/Dmz+PPwAufjEvwDtW8U+AdStporx9QVlsTdWsTSGG2hH7sXLuGUNHuLLgDk4Pk3hP4e634v1CE+E4/LmW7tI5I7J3W8uGZgNkQQqxLdOVyoIOR2/o9/Y+/ZwvfDvw30ODxpZJetqGo/b73Q7xVYREKDGtyzjMsjrgsGCnJBOc4Pq8X4fC4LLatXG1FGVSLjSoNJOWzjy9lGyblte6elzzfDLLM/wA2zZYbL4V1SpLnxOJqqfsbNRiqa5WrJ2vKSbbvZbI/g9/a9/av/aT+KGtx+GfHOrah4ZsYJJraXwzoyT6TbqFkaLZebRE8oIXJLhgc4GeCfgtNE1aS9Is4A4dwLiYB5GIc53SyNk5J/vckc561/Th/wU2+D/wr8QftTfEqz07QNPj8SXFylroujafcRRQ208ajzJpFTEUXyLlgWGDkt0r4A8M/sveHtFkW4ur9PEvicsrt4b0xFNtZyLLkLdTJ+6fy8YdmbBK55wM/z+uEsTjswVONSUaVVqpBuzkoNQly8q7Xffok7I/bMx8b8j4KwGKwsqClicFKdGpSwsF71Sk1CXPUkuVRlPVzqNJR3d9/j/4DfDb4k6L400bxd4b8IX0raNcW13a6rcWJXSklZ1DSzNKoVoiODkE8Z6Dj9Kf2l73U/Br+FdfSTwncePPEWlomsXWlrHIk0N3GrmJ4cbIZoHbaASDwDjqT0HxUm+InhPwPoNvdwQ+GYrNoILbTNLa3it70IiyRQahJGQxYjaWAJQDHfIr4c8W+O2udb0+711bfUJ5nMtxG8gktrWWEhAsZz+7kjC5O3aNx9jn838SuJMBwpha/DcaVavi6kY1I1pwjCNNXhG0U0pXevVtI/NMsz7iDxcz3CcR0Y4GhlmDqewjhqdSUqtWnUkuZV6sZKE+V2ceVaSejWjG+IviK2oLF4d1izsdTuLa3SKK6aGOBtPaSRWkZ1CqJAhyEPUMOPSvsC1j8GeCPB3hO60nVob3VtTtVkvLyK0jjmnjkjHnWk8yqGRYyTGhyAeCB6fnP4q8ZaXf3V1qMdgipcJ9kE6pCF3K21ZC6EFgMLn1Yc4PJ2dL+IWsRaNEb6/W6soo0g01HbaI3RwEyR0G4YAYbSMZ3Ebq/mvB5xGp7ZzoRcqrd23G6lzRlo5arS977S10bP6Vjkld4TC8ntKU6bhzJSeiio3grpvRtpJ2SWx6H8RL6DTL4y6ZZmyjvr2WW6SV9zxJOxVGCA5bdvBCsCeMnA5r0f4X+NtZ+HepaRq9vqpvLZv3VxA6pA9vYzYeXnCuHZCQCOSDjOTXhU914gvLHVvE2saU1/YwRW8MepRBDb20xwyADOJGQDGCMkjvyG5jQfFcupX11dXEr3yQlohahMNFHHkCV4zt6EjA29Oh645cc5YOcMTFS0SklCSi1blt7sVaWyaTTVr621PoFSlTwbhGnJ1Y2XMmoO0VFq6STlF22e+uidz6U+PS3XxU1S21Pw9cMbLUFNqNOadppba1PE9wY2YKGyS2cEjkA818DfHf9nq8i8KDSrLRkZWhluLPVgEie4uhlzHIUPLcE88EDpjBr668K3t9fXttDp9uZrqI7oVEixsIJeXkm5ChI1y2BnjGcjIPV6nox1LULfRL7U5Nc3TtELS2kDxQrdIwd1IJO6EnbtJBBXIxzXuZJxJVdSCUkmpwcoyfKveUb2Vkul3Z6XuuqPnsJxHjeH8VTxMpr2FKrH4G+VKU4qS1S5o7u19G00ui/nMW1vPC3iFRfQ7pbCVrV42XaiNHnLKw5Yq3cAKDkcYzXvHh/xfpWtrHHHdAz7S04yM/J8uMAYBPIPqcEHnJ7L9p34cjwP8RdY0F9k9kPMuoHYgTEzEud2BlgpXHX0645+P8ARmuNK1hCm+1jR2D9B5il88n36kgnOR17/rvLSzHDwqX5ZckZX0TdlFONm7W63v8Agf1Ll+OoZ5lWHx0Zx/fUIVE007txi2nr3XTa91ex9O+INQtYBsichgAdqgfOuOdvAOD3B6DjndkeOS6lPfapKYW2/K3BGUCjksM8AnGOvYAZIxV+bVhePIxLbxu+YjIbAxgdeD7bhjGcdK5cLNFNM8hCqdxd+FZctwRjnaeOmeSfes8Ph3TTi3vLRu1raaXb0tpd7ehGHp2d5b6vbZ7uKa62eqtf0Oy0zVWtN6ELGobzGkJIIkHfIG3aeAAOODkbcKfQPDWptfahFazyySiQGYlSVIZMsgAGOATk9OcY55Hg09zO26NQ4QAAk9C38JHPT15HvXW+BrzUINVhaBWeQE+aw+bZHkfdXBCjjvjA4wOAeTM8Cp0ZySTe+iu+l9lZp6Xa/wCCvNz3LYVMBXru1405SulpFJe96J7a3s9t7r98dR/Y3+H4/Ye8MftbWXxEjuPiLreonwrN4M1ossPk7hCn2O4PzvdBsLGGO3cx5xnPzFrX7HXxL+Gfww0n4ieMoNK0jSPGevW8Wlx3NxbzasE2pLBIEiZi8czuoQBScYBwMivof40/DX9otf2SvhL8RdJ0PU7X4I6d4agm1O4mMYsJNbuWIttQtrEsoM5df3c+wEkdTgGrf7E2i65+0T8SvhR8KfjH41ub7w2PGOgXVhpuoyedc2+nGZHZViLEJ54jVNqAnA75xRl3DrxUsto0sLOhKrHD06j5WlJycW6kotOykrtuL7PQ/lGpmOfYfL6mYYSth/qFLMMRSxGH19t7CjUcFCMrcj9o0m01ZKaV3sfj98YvDfinTfF6Wvi/RtU0e+mgSWFr61e2NxaDPkXMSyIhMUiBWQgEY74FY/ha+Vg9pueL5z++JBBZFGAB0ycHIJySeMniv6Tv+C/nwgi0f4wfD7V7DwzbaT4Ss/BtrommXWn2Edp9sfSoTEvnmJV3uY1VnYgseQTk5H80IjghaRbVXBZ2ZYvmVgAzDPynG4cDB4A74JNfR8QZM8orvBTcZQUYTpz1gpRcY2et93dN7u+h/QXAmfviLIcNOpQeGq0f3NaEvdkp07Q26xe8ZK7km3uy9r9jdSW804V2ubeXcmVDERlj84OcqM8nJI5xyBg87pOrXCfaTOsYaMrslbAIOQXZducHOc8YyeoB57GCZrpPskxdBd5HnklmCAAEFRyQp6AqMHB4PI5ObT7aKaaJHEzQcNGCdr/MQS2cjIYg9+oHXgeBCEZXg1utFaOnuxTtZXemr6dfNfS4tWounJJxSdmt3ZK9r26Wd2k3fTsd0L60uLW2jtNsks0YM+5dqFlIJLZyARkZOTkLwAenbHRZI9Ot7qJQUKJLJKgwGcEABuMEZGFJHylTkHJK+LQfaLeaFIlO1QXfB2gAg/KVIPI6kYx16DIPuml+I7L+w7azmldw9u0SwqRkSZJJJByQx5zjaDjkDFYVqMkoqEJWTXNK7V7qmuyW73T1v8j8w4moY2hGjUwilOLq+/BXtZqDaScb3WttevY5eaO0t79J9QtkmgdSFmC4KFgANjYweTgkg5KkA5Irjr1capFDLtSzVna3CEEhXJKbiOR82Ceu3GcEAk+s3eoaelvapcLE9mgJY+WC8cgHKlgMbmIHB/4D0IPE3a6BemWW3dxIsoCyOMoqEnIGed2crwMhTj0r1MJGkqcHOU7xUbq6tqovTR6JtdHa6td2T4sDWqzpyeIp1VJUpQbXK4Rk7WV30e+mtte59G/DPTdJ02G2vdbLtb3MIKbuQzEYRCCcsvQ5wvzA9QAa/pH/AOCd37O/7Kfxht/D1xq9rPJ4n0mH7fqpu7l0ga4yvkwRRhgkkGMfId2RwRyMfy96PrMF49hprSyqIERYWJYRsy7TvABO3BHzAYzg56HH6K/A79qfxF8DLSKPwtceZeXAgle4UASRyW5GEO0nCMRghm596/oXwn4tyfJauJpY6EaMcRh3Cji4wjUq4evZSVRRkmpWuna2636n8feOHCnE2Z0IVcnrYmrjHi3UqYGFZ0cNicGuXmo1pLZSipa8yTvbun/Vd43/AGTv2b9M8e6JrVt4b0yLXtHjivFt7VY4rSSKCRTHdTQnhjwHdsHLEnjNflf/AMFPPFPgrxT8SPDtt4MuZb270nSrTTryO0kaOO1ZXWNBEYht+RsADOFx8wwQB88WX/BSbxb4j8UWuu+MNUjt5W0g6ZdRooVpISpUbFUkAjAyfvA4I7ivkq+8X+PfHnxDu9U8N6fe69bXmqefY2sFtLeS3UclyHSL5FdgjEDIOAOQDzmv6NxnEGUY7JaUMqzapmuOxEHRrUqVO0oRm4ynOUILncvdUU2rxs1sfyzw/wAEcVYXiXEY3PKEcqy7AUni8LKvWlUoTlFSo08NGpObpwhFTnOrGPuyum1ZM8//AGiPCHxT8Fa14Y1zxbdSLpupW1s2h3jSmZJrZQGRJJVLBWQbV6segPPXwjUPHtvO8kWr2cN1cSSKZLiEKZNighZB1ZSOFYk8rnkMor9Cfi/4gltPBniLwT8S/DmqXesXNrDd6OuqQMj+GLqVMNHbJLgpGucBEAAVcAZwF/Oeb4c6lpF7pl+/2dtPv/LEt05MkYgeUbg5ZSBIVYALnPBx0OP5M8SOE8VRzOpVpVK0lVSqzpy5pVKUpct4yTV7S0d7qyspapn9SeH+a4DM8opPMKVChicHz06OJw3IqWLhD3lOnKmld2dpRb1dvOJ5t8QNP0l3fU9E3yieNJbqGJt0du55+dSMbjzk46kjryfNLK2tY3acyvFLLEXBUCNoXU5/d5wDjsOnQ44xX3wvwS0fVtSi020mg0iy1W3ij0/WbmcfYproxlv3xOSE3kLhhnPYhQW8J+IPwQl8NapcaTq2r2zalbqrwiyHm2tzFkkFJIs4YDBcA4wOOCc/j2P4azPDwVSVNTpSineMk1pZWV/eu021FrVbN2Z+vcP8Y5XWtl08TNTTilKqndxSurSacbRXntdM8Fn1O/uLfdazPNAitF8wUlpOgEgyTyVGCwJDAcsRg+Q+KJppJbclFE2/bIoxy+cEuBwu0HHXqMjsK9z1nwHrGgGTN3ataTRCaF4JWBVuNu4EglwcBhgEnI4zQ3wC+J2q6Ode0zwpe6/YT27Xst1psT3htLWMbnuLgQBmiQKd2WwOCemBXnYLLMc6y5MNXlypyfLTm0l7qekVt1u7J3d2rK36nk+b5NgJwq1Mdh40qlSEVVqVIQg5zlDkhe6i23oldNyezufJl1vW9kUFY8JuJQ/MzEc4JwMcfUDOPSvTPh9rksEskU1xNFbhNkjvI+QxBIwBnIPcH5RjHevMNf0u70zVJEuFcSCZ48qrrnaduCGC7TkEMMA7hjg4rb0u8uLaNVRVSaWNkQEFmk3dBnqpGchsgkEA8H5u2vRck6c4e9B2tKN2ndb6rW3d9vO/6ZmVKjmOBpWVOrGUIcs7qSfM01JWaVmnprrfoe5aRbXPiHVLm0kuZUtYnLxByNksfJ2IG6FjgdhyxA53D060+F1lrcD211fPpb20XmQwTsrvcMSRtjLMFA6ZAbkFhz0Pyxb+IdR0xkZ5bhpoMl0UlSUcj75TAwgBxkbu3IAI6nS/iDqN5KJJdQngmt0O1ncu5UEbUUkAjj+6e/vgeTVwddtexnGmrR1snfa65nezdm1orarfV/n+aZHmqcZ5fUjSpqMU0kpPS2yta93dJq2lutz1bxJ4NXQltdMsp7eWVUZ7ia2cSloy2SJj0JAAGFBz65HFXVPDws9Fg1eSOX7Ot3EqRbA0UjKQWdS3b1XI9QPWPwrPcapdwzOXvojKZ3IGcRKR5iyNjgf73yggAAnFfU9r4PuPGunW2jwfZtOsTE1/CXUNFuRRiJsZUFioKjqAc9TXg5ljJ5a4+3nBR2dSXLaPM0k3ZqyV01bWya0Pz7OeIZZHiMPTx9WMo05OWIrOUYcsXyq7tFtWWtrbLsXPgBq/hK18c+Fpvil4Zt9X+H63enX15bxkQsunQupvVgHGZpYtwIbAySSetfsv/wAFF7r/AIJ3/wDDPPwz8c/slvBofjp5raO98K6dGzoyOiB5db3KVSeKbdyjMHOWCqcIv4dv8K/ihos0mu/2Jfaj4ZijlijeOB3tmhhjJlMKKDtChSd5xgdMcAeMS65qVpfXQ1UatZ6TKsklpZNvaHzY3LIfKzggOpwAOvp1r86xvDNDiLOqWPw+ZSmqFSm54aE+aDUJKTlHldoyqfDJty926kuq58uzGlm+KqVMuzHBYvD1VB1IwcalWP7yEkqdRSU4Tai4TSS91tdmUfip4y8XfEHxuh8S6i9vLp+nJa2SLA0MSxIoCIkeFGwjGHGc4JB+8K+yv2Wf2Qf22fi74H8VeP8A4H+DPEniTwn4b0q4GuajtkayTTolZ72KA3BVJTDbq0pEBb5TwDxXw/rnxIs9f1Nri904xXtpZpbLI6IHvVjGAZAceWNo+VgOoB9M/wCiV/wQj8Q+GPE3/BLsyaKumQ3kGh+J7bW4IDCbj7cLW6wLscSbnhG0Fx0+UE8V+2ZTw3gq+Fo4evh6cvYxg4U+SMrScopVI8ybSSvLRK7T8j9adGWaYfB5XiY0sNQnRxNacpQjVgvq1NVIwjztJSqONrvVJO13ZL+Cf4WeOvFfwu+JUupW2rX/AIc1fwxrLXEdzp5e1mt9Sspv38cgG19wkVkdenB45Gf3P0H/AIKwfEzxX8D/AB78L9WsLLXdV8X6a1lpPjC8tonlglaDy5HnkfcVaEZYSk7xyVPUV+An7WuoTWXxy+KMumKunx23xB8S+csL7FYHVbjJwnBB7gZOecknnwNvjJ4o0rTbrT9F1fyIREfMhlyERnUq2zcBlnyQSOgJ79VmVDiDLsWqGXY2eGjCbjUgrOM1KPK2oyTSkoNwvFJpW8j8tzTwbyfj3FZZn6o+zxFFRXtqbdNzotxUqclG3tI8seW0+ZatrqcH8abrVbjxVrsGqX0N7fR6jdz3V7C4ka5k858kSjO/kjHtxgjmvCLLU5IZGllLEEFQZWIKuPukHkAnH3hggDAyOvXeKZL+7t4dTuvOJvZZZmmAO15Sd52EgnaxweoCkYAx08yl3yREuG+Z2ZU52lV3FiSO/Pr97K/T2MLTfs6aqtOSjBScdbz5Y30td8z01u3furP+t+HcFTwGV4XCJJ/V6FOgnGyS9nCEPhVkrWas+9lfr3Vtr7TuiRCLzmRo5HYgsyEnbvyOcg9C24HnqeN22uLa2lZJpWDm2YyFflQqwOQMcZAyM9T3x28nFlJPILiyyyrGDIsO4FQo+YBsLyQcbfmwM9SCaoLqeq3F39itjIBKAgTksqE/MTuAIwMjBJHXrk12Ki3KKUlbRWb03itt9G+nqnue5HBxqStB/DJN+aXI1KyXe3W+y6mTqvkJq909s0nltNvibkjGSM4IBzySeoPpnOOo03UZBPCwnSZSpUNIRwONysDyMdCeSRkc45xNelitplszChliCrJOAQcsOp425+bnoRxjsKXTtNhuYVS3mJuWYFkweUz1B44AxnnOMHHQjpcVCC2dl0dnrbTstFsvPZHfVpc9KF02oQSTV9Utnf8AK3fqkdS+xpWeFHV3dS7qfkXOST1B2EfLuB4BwD3rYmlnsgtzFtkjfCtsAZQxOC+7BJIy2Tgc8k9jCtva2kcVvcuDK0asskeeSV+5ICRgICABycjJIAqsiTRu0VtvdUIZGkLeSeowVJ4JBGNw7DOOQOdT95JJPW6VtVqrLVfJK+rXzOKMW373wrZ3s+mmvZX0vurJpt2S8EEySOXEpAEiyEKjoD/DknJQFiAM7R9KxlsbCOSKaK7SYbGYqW2qTj7m5T97nAA+8CMnGDWZr0snnLGjYucASRxuQCpBDHGQDk8fQduKp6XHi5/euAFBIikxsO4AZ45yTuUc5OOnXHWm1Z+XVddH8trPyZ2Qw6UFO7Turq6u7uLS6dno/PrtoC/u7WVJoeURmUI5GcscfNjnBUYBIwOcYJJOvPqRmgYQgLcDa5iLhlBAyW56c5yBySvPAFQy2VtdOpgdmSRl81wpZY2Lc8EADnBHUknJ5FbNpoEZvxb+W8krRjZISSGB6F+h5ycDB6ZGBWsX9rdNPS9007JpaO702ellq7pmrTcVpey012v+O2qu9NuiRo6DoV3qcBkWPYxkVpJzgohYjaCQCBgZ+U4GfTv7XoWr6p4CMc1qZFZwrxzNEwjlZB84WQryCATgFgfu8g4rrPht4Q0i2gNlqNwPsssayM+SWeVmG1CoJOxTkMMHA9sV9yy/Bj4YeJ/C3h/RZb2S61+S2PkaforC5ng8wDy55fL34Qbj5iOUCjOWXv25bgJY+sqdKPNKSVr6O+i0v0bej17WR85nGfUMjisTiJyhTjZNpp8qXKrtbNXTs1ZJb7afPXhn4xQ+ILM2viBYDazRvE/7oo0cpAGRIVBAI7gcck9qS50nTL53fw/fKyZAKS5O1ixJRW4ByDlQcZGMZHNfUif8EvviNq9tZWngfxNaavrmpxi5j0FormW8gtZF3RO8cCSqGYkIC+AWA5wa/QD9mv8A4IjeJPCOkp8XP24fiRY/Bv4QabF9vOipcqvifxALYl1gjtmdXVLwDarQh5BuBIyRn2nw9iaFTkqr2TUOZyqTSjb3W27u6W9v+CebhfEzKsXShOjiPrTnJU1CnTqTk6l42Vo3tZ91ZdLn4/8Ahj4d+LPFV/Hp3hvSb/WZODPcWttKbCzxzJJd3gHkW0aBSxLSKOGyelfQ2gaV8MvhRAZdUji8d+OCNv2VWEuladd45hSI58543+8xG3gkEV+9Gq/DyD9onwlF8Hv2Mvh9oXwI/Z10lVsPFPxi8ZWj6bq/i2OPMcl42rXkUVzLFMil0WF3RyxGQMmvy9/bB+EP7J/7L2mW/gP4Y+Nrv4s/GN3B1jxiksbaBpjMg+0R2cavJDNIG3BZMEkY78Dxp5xlmFxSwdKaxGKTvOSTcadrWTkvdS7Ntc2luz++wFTFY2lDFVoOhQnb2cGkpyjJR1k204qztyRSa1T2sfNl/rWueI3i1T4gah/wjfhxyBZ6DZTCOW4iA3RoIUKhI/4VAUHoTkjnpPDPjfQ7+e28L6ZZpFpV1drFFZRMftU8ath5J2I+Z2TnHUg+or5T0LVovE+sxSatqhuo7KX7MyXbssZlYYDhASFVG5x1KdzivS/B0mnaR4ztFtbqO7vINSUxTW4DR2y5UkkgnJGOp5HOcA8cWfZxiZYSqqMnCTpS5Zqz5ZKK0utEtV7vlqfW5UqNGvhrKN3Uhzc3xNSlFS8tk/u11SP6ufhT/wAE6PgH8Vv2cpbO21p9N8V+Kfh5e6jaaeIYYr7TdQhtWnS7e6IWTZ5i4dRnMJIAyMj+J743+FLz4ffE/wAZ+DXkiuL3wfrV3oj3SIwW6+zXLxmdMj95vxncDyQSBjr/AFweGPjn4o8JeCfCNzZ393De3vhaPSoG055Hdre5RYJXuFQAKWj3HAUHZnOcCvwj+OHwX0z4i/HDx7cazY3WlNdX1s8T2zqZLueTa89y5JDKXBZmZjwCMYOK/KvCvE5xicdm+EzTFRqJ15VKUpVXKXxPW13yXSStorL1R9/xzlUHl+CxVFOUZtOCjG1ouknyq2vxR0d7XejPjv4Z67qsVhp0zr5s5lEQiYs00pLZXMX8KqAqqfXkAA5r9d/2IPAOr698b/Cx8TaK+pWV1PBPFoqIJEuUKFo/tCKxICuFY8YIByDXz/4E+AOi6Remx8MaYmozwPCh1S5Z5YLYIq71DSgguGG5yCFBXaMjFfr/APslS+BfgRrtv461/VYZr63swL27aFXW2AUFYrIOCEdfuoV2sQegGM+x4nY1Usnx2EwDliMbOm6UHTd488opNqy72dnfrrdXPA4Uyef17C1q8XChCcJS51aTtZO0U42TSTtba7Wu37x/Cf4Maf4auYbzVNM06DT/AJL2PSoIYYILcBNwFw5ChREOGLdeu2vC/wBr3/gph8Pv2f7WbwH8MEt/GXxIukaytdP0uMXVnpU7L5aKRaq7zyK2AI0VgCAHAAr82f2if+Ci/wAQPjBrWm/B74GJc6dceJbiHSLdrJmfWdTe4Yw+bKLcu1tBtYs7jaVXrgcn9Gv2P/2Afhh8BNLh+K/xje08ffF/UYE1K8vddQXmn+G55VE32ayhufMVrmNm+e4YGQMB0AAH8M4/DLhiX9pcT1KmJxNZueGyyErVJ6pKdRtycYXSTe7ldK/X+h8FCjXpRjh6bmrqEY043Tm+W1lvJpNN83urd62T/Iy0/Z9/bV/ae8ZaH8afjdoGpaV8PZtatdSvr3xVcvbk6b56ulppelSPvgjkQrEo8tDhtp4Br+mPwBIbDwX4b0FEs9E8M6VplnbaVoGlRpaW3lQwqBJciLb5skuN7swJJOSTzXzh8VPiynjLWLPTPtaR+GtJuVZLKBQsN3LbnEe6NdqmJccAjaBjgEAHktc+Pmm6PZ/vbsW6wRGNIUdUG1FCheMBScdhxj6GvxzjzOeM+M6lDL8rwGJwGXSh7OFDC+0pRq05SirVVGzlFWT99vmWrVr833+CyHBwy+jLHTw1PE+0dVupJTlRi4pRS5rRjNLdpe7eyerb+4dX8daXolk6xywwpCjglSqjgHdkZ5OcZxyc5Pzdfzk/aC/aYt7WK8tbXUI1jVZFdYX5Jy2VIBH3j6HvkYzXzr8Uf2o47m2uY7O8CxEOjHzCCzNkYJyW5xjPbOOB8tfnD498c33iK7muIb4yhzIQkeCqs7ZG4kkemCw6jJ4OB9v4WfRzzDF4vDZlnlOoqalCfs6kG72tpZrXppra+54mY8U5Dw3SqwwLp4rHax9o7ScXZK/fdW922mr7PT+KPxn1jXb6aWG6uEt2mk3nqEz6/MflPtwM5xxXzJrfxA1FNzm5kmfDjLMPLZQO4yB0x3U545NP129vUWcXiFzjBVM/OPUhRgcAHPfoOOvjev3sDW7qqyZcNwGA8rP8RJz75GQPXHWv9DuE+CcvybC0aFDDQgoQSTUEvhUUtLLX1u3Ho1q/wDiPijH5rWqVq1ab55NpczUUrpWWqSS+fTpqddaeLHvSXuGScEMcqR+7Y7iYyCQVxnkcnPtnHqnh3Wo1jR2kjClNrKHI2kr8u4ZzuBJPbPXJBzXyv4cB8+RzMpVZEYRsAocZPLHAHtg/THevU9OlmmYpCAyAqXdPmUdQOTkrjAGB24x1z+mYPB+xvaKXLbRpPXRq1rPSz1ut9r8rPkaGMqzlKU5PZab2vy2ts+130voz6WtJ4Gj8xpEcSqSD2AAz8pwW6ce2SeMk1haqok+0G2cKuzARhuycA/KDxhjkEHn6cAcVYT3yReWS7tjCqGIwFGQQB/ERwP4e2eMB817emRg8rRqyhQeoUkYJIOWHOTnrzwc5NejSTTkmrW1WifZWerVnpfq+7KliOe6aaetn0aukr3trv10X3nM6oZZJJBLApG1izkYZQP74HJBI4bAIGMEHryD29vcPtiKRSj5yxG4KCThcYw33SB94/ePFdrczSRqzOElC5BKtmSQH+8AeQRtC4Pyj7wycHBkNmwLG1eJuH2qTuDE8Mec4A5Ib5QfTaK7ISkk4pO/LdLfdLXf56XXbz8PEcsqmlrN8t09721S2b1b03emrufe37Lvww8MxyWHibWTDqHnbVW1lQMqEDIYIBwORjgDOMg81xn7YOo+GZvEKWWjPFb+S+2ZHACIQNpEaAfLgcgKchgeMnFcx8CPG+p6KLhGuSbeEbo1Zw2xegUKx2rkZzhcgcdTXh/xv8SP4o8Q3k11+5/0piky/N5gxg57kdOcjoAB2Pw2XYbOanFOKxGIrTlg/ZyVGm/hV1Bpr1emuis9j6LEVsFHJaNOjTgsRNrml9ptKMpO+u9tdVpc8tkhiZ5Ck0cyOmEbPAJAxtxjDKOCAOcY4xWNcQsYcBf3hJw+4neFAxjHrjp+HzZxWG7zQymPz2KAE7tuI3HBIBBwOAcEgDgg9MGyb1n2LbyBiAGHzZVW5xu27cY5xwT8vYnn9Al8euvLo7/ZvyaJ9dU1d/wDpJ8xaMpq7d0nZJvTWL2/uvRXsm2rtblARqcxSB42RmcOFIw4ywAxkHj0yQOgBxU0N1eGcIjsseMK/mHEmFPBxkZ5BxxyCF44D1uLsShZ4TIjFS5KgBj1IB68jjAxwcZyWx1+jaPYasuxUeA72ZBhiS6nBj4ByMj5ju54OOQauVSKTT2k9Ut3e2l+i67bdWtuj2EptWvbqlfe68lu7vXdOz3DSp4rhBDdxxsyg5YZZi4yNpIAzyBtOCuc8civQNKs4iqmJizIhfaV2qnH/AC0YjG0cAt05IzkgCCLwvYaJp7arq1zHZWybpGmd9smxfvKiNyWbGFAX+En2PkHij4hTatFNp/hl5LHSBlJtQcFbi4XdgiJsAgEd84we/BPLKpCKUnbbSC1S+7VvZPR6eexOUcOnKSs0kuXe+29tfLy117dp4n+Ilt4eWSx0jyr3WTuXPEltaMeA4fBBdOvJxnA5HTxia61C/unv9WuWv7ydt7ByTtBGQqfNhFGcAAgY69MHmmubSMrBDK3mhtzSyAtJKSxOSx55y2R15GQegbda0wYxKBHcDAZwpOUztPBwQcZHzck5LdeeWo+f3lJJq2r5WtVF2tsr2sldJdVojx8TjZVVKMnaPK+W0k0r2avZ3V132vbVpnVsxawtH3hUMlwwRctsYMSDjsQcdBtBxggc1z8l3lvsgmbG4OzbhlQB0x0JIx3PTAzkE8Tpvi3Uri91LRmXFvZSbIpQpyodgXAGP4iTgnb684Fd/wCGfBfjLxxqp0nwf4d1LXNQNu880NhbPcSR28S7pp5WjUiKONA5JZlGBjrmvzrNa9GhWrV8TUp0qSlLnnVlGEbNwWspe6o3vbVK2i3sdmAw9TERhClFznKyUYpyk7cnMtL78ru+3VX1+wP2ENbvk/aX+FdnYPczNP4ntrOSzt4zJJcRz7gy7VB3de3RRy2K/ol/4KRfHeT9nj4Inwl4Zs7N/H/xBN5ZWunWJje80PR5Qn23U7yOE74JF3fu2lK7ix4JyK/mn/Zmn8XeB/ihoWs+CLo6d458P6k/2Cd7cSrp10reRNcSRup3SRbmwzcqQMYK8/od8c9N8UQ+A9d1rXdb1r4gfEr4garDbzaxqoe7NnDcODJDp4kLLa2sYJXEACgcYbPHzWJ4mjgZrBUeV/W4xSkuW3s5pXlftbayUbu9rnnZl4DZNxZxNknGmbqHtckpNQoOCbrTjUjVpRm5K9ozjHRaN3XWy6L4Dte2vw60bUtdVmvbmxluEmuMK7rIpdp3YncTJk9ctnhcjivE/j98btM8CeFb+5MiXV7PJLHp0JlVpLq75CuoHIitiQwHI6cEZNei3uov4H+GGl2/iG7MLaZpMUF1Ip2xRLHCDIm8Hl2OAFJBBJ44r8kPiDrGo/EjxFcapeBxpFremDR7bDZeFZDukZS2CX4YkgALyQfmasODeHYZznU8ZVpp4WjWTblqpyco2hu1bR81k3a3WzP6GzHE1cLk8MBhoqNR4eMLRWlOPJBX0aUUknpr990qPhnxN4m1a5vvF2tX17qupTTTQ6Nb3sssgjvL5jHClnC2cAM4TCqckdACDX6d6xcD9iP9j6+spZ4IvjJ8eFa81iRiPtthZX6hxACCJFS0icPGpwMueh6+IfsV/A5Pin8TT4u12Fbb4YfCNP8AhINZupUCWV3qlmnnQWW9gIpArL+9BPylhkDNeT/tf/Gt/i58S/EPiOSIXXh3S5p9D8MWJ3NHHZWjmDz0jUlULqu0OF+5wCc1/bHDWW0OEcgxWbqnRpYjMqc8Nl1JQipwjyxVSvaztZWtLTWyR/m74t4+t4ueLeQeFeX1qlfhrgvFYfiXjjEwbdCtiKcoyy3JpyTalKdRe1rQd0oWTStr8f6R4EuvF/hLxZ46kvrRl0JiI7SWVfPvGkkZp7mRZDvLB2ZwVyxyckEgjnLOKJLOODaRH5IcKqgIJDnknG04465xu3KOuef1jxPIIri3smn0+ycoJLaAFIZShzmYBlVhkYIIPTG0EVPoGvJqUJUvGXO5WXGGTsDsO3C9MqMk5wMV+bYGjiI4zETr1vaxq1XOm2rtKSTlGTWt73d33SSR/YGZ47AYjA5VhMFhPq0cHhIYeolrCbg0oy5Yq8LQUYWt0u9LoZbXclpeiGaVowxchiOAc4yO+3pkHIAPcEGvQ7bUxgEmPdtUqx+UlfXoDkn+Hk88bRxXl+t2c0bb13tn5klwPlOckDGQenJ6jHYCo9G1uaSURXhb90xUL0JVVOc9c7fvEH585644+opPlUFskvvUVHRu34tLytqfDYleynZQb1UrNXV9NH2Ttt1t6298R3aDzIZIyxwQwOOecqeQQQvOecnucVoW091DEZE3PtfAYbeHOOoPocDPOAeOa8x0u/ZZE8uSR4fmb72EBY4C9htAK8nJHryBXp1pq8JgUpFFuIEbxjccsepIw2MsoOec56kriuyCUmmklZpNe821dbvoktrt69rK2VGSU01eOlrNt31jr5K1u1ujttpXN/PPY3EZ8tg8EylE5JkaIjaFJBHX0UdCRmvzXutFutP+Ikep3McjGDW8rbmI7thmJBAxyACTu6LkYzmv0LeS6cqLQKZWZ8smMQ5AyCCdpAyB6YwcdK8x8SfD3UbjUbXUBJbtdxAzH92AZAWLszNg5bHHQjjcASBXy2fYSrVnRlTTajLWyul8Fm+1vW22qu0fY5dCOIp025JtNPXz5Em07LR6W03tY9w0l5J7G1uHPytBGyxyAKArJuABXA4Y9Mj2OSRWXqscgKmFTtBKv918BjyRnttxg4GMd84F3w5GkulQW8rubmKONOSWU7ByFB4xwev0HIBrUmt45I3zmLClMkEK43Y68YIByCAeg9OY9hNQinvypKT2TSS116pWtZLVdT0ZNxrRik01on1duV7W0+FJfdeyOd0OJ2v1soV+0tfyJAsZYhZHk+QKP7r7jzxgnJNdP4p+Evibw9Oyano93p0tyi3EAuIXVJoHG9JI2KhXAGAMEg5PTBBzLMjT7yGSIYlinjlEoXJBU5WRDgEOuQRt6469z+q3w98W6P8AtD/DF/h54l/s9vHfh6zWbw9qriKG7vbWGL5LQyAK0jEDAySCSuehI/DvEbOsfwvjsDjY4RVstnUUMdUppuVBSaUZuyb5dub/ACP6H8N8hy3ibLMVga9VUswilLDRk01KNrOOr+J9LNq/dJ3/ABpm8OSRtL5qYccmNwdjqCA3HIGcjgZAzkE5452/0hYyFXCbtysyDKgcjnIGCG5Hp6+v19498EXnh/VLiwntJba4jmkt7jzFyAVcqccE5OBjcOCMgYxXjV34fnaQoIg6RuTIAAchjjB6H5uSDxwckt0rrwGMwmb4alUpclSnXhGaklryyUZKStdrbVWXXQ8jO+G6uT4qph5wcZwk4puLa0a95q1k7a2W62Wtl87No3lTSwzRq0UrNlpUUhlKnPGWUEELjIztHU5Fclr/AID8ParbmCbTbVtxIeVI1IXJOGA6BuePTA3EtxX0PqekBY7gCB/lJ3OW5RmAHToQccKcgE8g454+40uLYwUjMaENhOG/iBGCp54yWJOeTTxGQUaqvRc6cnuotX0aT0Wtrpb7a2PESik41qMWkrXlFO9l105rOy0s7q9z4e8cfA7w6YvMtrciSMt80KbSyhicnA5K8jsMEkivlPxH8KNR0u4mmtUAiOTGSGD7ec5BIBweTuJORxgbTX633ujrLEmIj5ZBBYLvJDfxZzn5vlIXrg9AQRXmniDwZZXP+ttomB4DlRuVRyOAASTnqR1JwR1PnyweYYG/s6jqRWvLL0ilr0umrrtbo3fycXkeAxvw040pyS1irX2u72Vnd26dr6q/5M3Wi3liF8xASQR8ofGVPRVOehBBBxyCD0rEe0mjcXW0jc2CBhdpHT04XHzDgkEnngH9G9d+FulurCKCIxk7mzENydeQzDODndtPTOMjPPi/iH4UWlvveNdwLFvulcbTksARlsnt2JPPODtRzOorQrUpRbSWmydl1vfXXy3Wm58viuEatOUp0anPC1op6trrq7Ra07OybV2fPOg6tNHJmSBcELE7lvnfJxuUj7xXI+QHnAyCDlfpDwfdWxitLS4tbe4t7hgYSCPOjbOR2yCScHr3APp5dfeCDabXUAKJNx2xncAMc7umcdQMMc8HOcz6THf2uo2kVkt20jTqttFCru0sxI2qiKCzbjwCF5JGeM4+z4fzWpHE0o06MqsZSjFwpxc5SvyxtytO7fp27a+NLKsRQfK1JttL3dbv3UrN79m09Hoz+j39gn4TaV4p+CvxU+J9j4lvdA8U+BrC4jTRbANATEkJZLlpQEJklIIOSdoG0DbgV+zn/BEP44avqvxT+MNrrOpS3Fjp/wANp7mKS9IaRrq0klLSO5OXdWUAknO1cHJxj8Af2PvG/iT4a/s4/Fq+1+7m0e+8Sxtpv9mTKI3mgMZ8uSRSF5O5Q2ASBjI+8W/RT/gjcfFGsftC6lpmiyx2UGr/AA61+W9hjcBbmKOB5C7fMNwPoRnrjtX3OdZLRr4hYmtg0qtSVH2UfZJSjzxpczafw6vXa+ttD7PAZJOcsJQrxly1403NSik0k42b7W3d30ujw3/guZ8Vdc8RfHXw9a3t7dXxs/CF3MgMsigw3E0u2KNFwEUIQ2cAnk9TkfzG+JdVvJ0lhjLqLjzEVZA7tGdxbHmHDKBnJxg5AGAQSP6JP+CwjT6j+1O0IkgjtrLwd9lTO3YRBuSTA4IZmRgoOCGAYKBnP4f3Xh211SCJTHbRGFpWVdq7WVSxLOzFsMxU4yDk5IHHPV4xZdg8FDhynClTVOOX01BRhH3WqdJStZPdvz1u1dn3PjTgZZU8ky/CtU8PDLqajCCcU4unRtJ2sknffq+mlj40lsrl7kRt5hbzcs/zbRwV3Eemeo/EAZ46+DTFwUMqPHHHlSThQ5AO3dxznvk55BGAc9Z4y8NDTNPudRgxC8kjoGZiFbBOWjIPOeQABkdBgEBvn6/1fUVllgW4k8tUAdGdlBOO2ORnrnABx97nA/GKcVVh+70Seydno1ZWSiknbXRt26rV/wA3YiHsn73LzaNWTs/eT6pWd0+mq8lc7OdJ45mERXyGYRs7EHdg5Kcnjrwfm9MGpy2JVicpCsWyQI5wJcHOQM87icdDxk571wEOt3MUCbysyKy7U5BVgwIPcEjHU+nQDitBtejvSvnZEwO7P3hsUAY5wADgg89SCB/FW/sZ2V2rNLd7q6dlZO2i6O79L35oyTVnvZaXila6b0aur22+XVHq+n3M13I7xOkUcaKwRcsTIDtVlI6gHGcemTxzW4Nd1ZA0c0js0abCkhI2qp+XBAB5HAGSQW3HjOPFbLW2tbtDA0oRWAiXexDEnG1hnJ6g8DjAP17NdYS/V4Zy1vPnzHG5sbQSoXP937wPoeOlcdbCqcnzRcrt3vvbRdrN7+fRtpNCjUd1yPXq27a3vvorb7+Xe56C3jzV4rX7PDdyKCMNAjMUGBwRz3yDjr61z91468R3MOJ76d1jYpFHknKnIPXaQBxgcjkH1rKsdP0/VYZ5Bq1tZvGVVYpCSWcbVDFwchCeOOmTkkYrlbiK5gvZbSOQStFJiKVHJQjHVSDypIIyQRnIHOKKOX4ZNS9lCLVlqle2nbXsulnsjf2leULe1nJPSzm2lqnsnLrbS9le1lseuaL4rvx5KXM8qrHMjw7HMbwnhixCleTt55LZxuwRiv0v/Z2+Kr+KvDV74Y065aPWLOQSpLc3ZjM0C4VmG4r5kirnDZLZ4BJyB+UehWzbY7maORkMmyRguY0wDjBI+ZipGPQdO1fa/wCyV8C/H3x5+J+gfDP4Sq58ZeJrt4bUG4a3WOMBmaWZ1KKIwAS2Dk4xt5Ir6DLsFi8TOVDLYTnV5Jybhq0lFXlfVWV3dtWsm9ba74HOqWSYini8dVjDCxlarzytZNxWj25rtbq+llq7n606Tp8b6NHJe6rYGQGN5Jri7AuQ0ilHUsSGKLuOVHHPbjHmvhL4S+BrXxnfa2nimwkli1X9zpM9wsiTXEwLNJHySF3NjIHBPHSu0/am/Y4+L/7Cvw00jWPiz4m0/XNX8QCezGg29xJPd2DMD5V0rnhoyM9CdgwM55P5meH/AImXEfh26lluU/tCW+ju7e5kkeO5t0glUujMpzjGQT1ycEbs1liM+z3hqdOWKoSqNQjUhG7vOL0TvFyu04pXtd2VkftWB4iyTO8FhZ4GrFwmmlLnlaEk0nGdraqSs1a17PY/XPVNDktb4/ZIZpolRUkeLLweYRuVFckjByCDklRnueM6J9P1AyWtrcWBv7d2MtmtxE88QjOGZo1JLbSPmxkg46A8/MGqfGDxRrvw1tNc8J6nc21lbJZ2t3a70aXULtIyryQyO+5tjAbgOQCOBnA8X8O/Ei28B3La54hF/da5qU8N1dXcTOoitJmP2qGRFJAYLhTzknOa78s8VauYzjTxdBUKaq+znGpKSnFRaTndrTSzutNG9OmWa5PSoTpvC1FWjVh7WU07wTunpbW7tvrdPVa3PvbU4oTZPdyLCRGGjYq3LgcFNuC6tyeMHP3fQ1zNlrdnFbx2yTxMzkmNXcqynphkYjbjGOOwJ5yRWpbPaeItI0jxJ4djN7omoaeLq5t/tG+6R2yXcxBmKtGcEAgEHBwOMeQala2k+vRvpiym5jZFEUx2rMrE8DoSy5OR3OBjJxX6JOeGx1OFejVhUg+Rcyl9uSg7Xile2qfS/RnyeIdehJKSTu1f4r3bWrtrqmr30u+mh6cIma4M4OZSBnb05wcZOBsw2cr7AEYxWhLBJKBIcBFUDy0+XcP4iSRkFs5wozkdeSBhW7XNtGY5Y7hblSHZGVsqDyMZ52qAMDuOM45O1Feqi/Pklju3dAMEE5wOOT1A9TivMrYZPms422eum6Wj6avey6drke0V4qT5bNNJ2WsrLR2eivs0trN2R0+jNbpG0E5lAOGgVzu2YHzDkN27NzyAO2NNzDH/AKneQoyysMIwxt3ZbAPOflGOmAOeMe1nEjo0RGZBtWMqd2Vx0zyTwCGBzkY4ziusMaX1uE2xxvE23AC5OMlsk989MkZJH+6PnsZQjSqJzS02Wquk4tta30Tu9NLW229OHvRSjpa1203bl5W7O73euttE7rZnNbEjuPMclzgujRnAyTkhumQQQDwfQnBFbCo627SK/mElSULZCg5LBzn5SCw/IfSkZIophbTRxIxUAyAcgDOGwp2nI684AIIOBhaV/CIraVrabHQOhYjGG/QEjOc5Bxxg1zVHSukopuUXpZ67eqvdN36LRXNuWcJXldJNXUXq1o77KzbWnXfXYkW5wwgLsC+WDAblQjJABwRzx/dycHOQK0dLmmhuVkVpNyyBzKhwCAMhWC8/NzkZJ4HU5FcbZXMs0yQKrmQOwPRgd3zErnnd16AfXuepW8e0cBYwFGC75CHdjJDKR9/IOeQM5xnFeTiqEpXhKyVkoWT3aVm3rp2VrLujtwtRSSb0s10aV04u7f2mnrJ/5q/slnqi3SRvDIyvwsoJYgkgA4z06KV7Y9SK3LLUFVwJNrqTlmmAXpnueSAcjvkjtxjxey1O4hlEm8qS3mMGIAKMDwACDuGAcg5AGMciu1tJ3uUabcXRlDKysMqpIJyCQPvDG76ZBxz8hjcBaMmtZWd0lZd29NdU1tvqu1/VpVpJq02pWS8r3SXn5JbJ+TVvcvC3i6bw3qcF9aBsxkPKkDsFZSSWJUZ4wSeeB1wMZH3t4U8SeGPiRoJaKRRciAC6t3O5xNt5ZcHIGf7uAfUluPzL0yaGONPOULIRnexwFXacgqBzuOB6c5GBXX+FfHl94V1ZL/R7rymRz51spby5Iw2MkfL94FgQACGI64Jr814kyN42i6lGDjWgrxnFO7tb3ddHbVJ62voraL6vJcy+r1IRre9SclGSl0TcW31fLp+HQ+y9V0SfQrmXyhvsyW8tjnjBPJwMgD5flOMAHbgqMdb4auo7zy1Eio0ZX93nKtnJwMk7hg4AywxjOTiuE0/4k6T4s0hZJWhad49txFERujc/eIUe+d3B6Be4xV0zUBp90rWrkorkrxgKc42kk5Gfbp/L8QzWOLpQqUK6lCULxfMne917363T23VkfqWXyoy5KlCUXCai3rdLZ28+11a733PqS20+AxJ5mJEGGXCKUXAzwepIIGcLyTkDk51f7GsJ4HtpfKYTHAOADETg8AZ54zkY4PvmvO9A8UNexKHmBMbAtEhwWckEgP1554B3bc45Ga9As5ZJJBI2VWTkEqNy8EAYznI798c9MAfiXEdOqnNTi9btN3WjtqrW8kn19D9Ey2VOUIuLVrK9rb+6tLtO+j0una6SV1bGvvDYsv3ZVTDtJjZlyHXqAjDGBgYPvkHgbRDpEw0i8ivbUNtUlZY0YiN1Dc5HGMDAzgn/AL6r0mK0j1EfZbqRCpCiMs3zLxktyAB7DgD65xy+u+Gbiw3hUP2ZslJ0BAbIIJIByNpHPHPPyg81+NZtFv2lOpG6klZO9tbJb+bVru2jWjPsMNKMFB2Sule+i2Wl1tezTVrWW+h69pv9m+INOS6thufBBbALwuQoYZBGBwcE5A5610uj3N1ozpb3AZ7VmwJcYKnOchl9cjGD1xnBOa+bPDXibU/Ct+g80y2jMN9uwHzqPvN83UkAcnJwME9cfUul31n4l05Jrdo3EsasUD/NCTjII6ggnH97GMkgZr8fz/K69GbklOUWr3UfdW1tVzaprXXz2R6jxEeTkqR5qc7XtZu90+ZNvSy13u1sup39jJHOEmLoxbAI4XgkAnhcg9sAAd2J5I6eCCJwFYggcggcHB7ggggHg5zx1GSK8v0yK7sbgW88jPASDG452p1wPfG4Y9iM5FeoaZGpUYYsiYODyDkds9uTwSccZGDgfl2Nozp1JJ3ae7aduWyabs0+tr+XofMZrTdNKcKj5Xqrf9utNpJa6u+qV0vJjprFJgQkSYzyf4lJJHG4dcZORgdMgZAGdcaE0isPLG4DCkD5yM4zkEA8dAP55x2gEDKPu7jkbVIyOuM4HJOT1xg9cdatRQxM+7cVONoBGSufoT36Fj+gBHz06EpSdm1d6Jq2l473a09Ve1nfTTwYZnXotWlJKPd32stfPy3X328fu/CkU8bxXMKyrIHSaKSNMTKwAZGU8EFc8HGBwARivz7/AGlv2YEtNC1zWPD+lzXXh/ULe5fVdJtotz6XPID/AKbaIoLbA3LoFAIViBxX63JZROyllzgEq3PLdvvHJHOCOOR0PGZ30WyukngnhSSOaMxTRSqGSaJ15jcBWVldSd2ePmYkkls+xk8sdluIp4ijVcI0qtObgpe65QcZxt3t3116nTT4prUKic05xtyzg38UXy82mvqrbX6pH8EnxB0K78L+JtZ0SQuTFdymMYMe+3O7YM/e3AABlxwcZOOR/Qp/wTIsf+MU9JUj/Xa7qr5I5+ZnyuQc9DzwcbQCQeTxH/BTL9gy3tLa++MXwzs0jniFxLrmhRptXyVDSSXVoFA+YA5KqeuSpBzn1/8A4JoWUtt+yp4ZW4UpM2s6r5qsuHXEsg2nIBypAB6jOcetf0zx7xlhOJvCbC4rDzX1unmGCw+OoXSqU68KNTmvFWvGSjzJ2tJJpap2+hyJUpZhDGUHehXpuUNLOLbhzQlbdq/vd2r3Z7D8YdNQfB74lERkiPwprO/k53CCbHQ4AHBPU4zwSTn+T/X41+xTBmYFUv2YHAGdzgNjPAxkHB5z0BIFf13/ABc8ofBn4oOVOw+GtbBJzyotZ8HPC8nqO55+XjH8kHiWNVs7yc/6tor5VxwAcsTwABn1IwMg/wB416X0Za7q4bH399LMcLpfb3Emn+LtdeYcdxVTDyekXGlNa6aWi+ba3Z9G9ktbn5iaFD5/xNS1IYLLrUykkZJ3SMDjp+Hqfcg1+on7PP7E3wt/aB0Dx5d6340sfB3jDSb3Ol2+pTBIruNEOWw7AF2cdOSK/Mrwtsf4tWJVtpXW5eTzyZWySM+uck9M9ya/qC/YU/ZQ8D/EzwxZ6r4muVt9Vu9aOoosbS28uoWcThPs0LIQZnc9RyxGQM5yP7M8bfEJ+HvDWHzdZhictlHDYdxq4aiq1SXJabpqD3jKMXzJrS92z+S8oyhZrPGRlThWhDEVFyyTV9lo01b3npv92p+EHxO/Yw+I/hVtbk0q2Gt6bpt1LH9r08ealxbQsQJ4d2N/yjJUZ+b8q5bwJ4e1DTPh7qFnPBcQ3EOozNKjwss8CRowG5SgOwkYIOOORzjH9q/xR/4J5/D/AFfwi58La/qvhfVYws0GnzwzTQTygZaLc6nCyEdD3xkgAmvzP+Nf/BNDxz4e8DeKvFumS2Nva6ZoF/qWpJcRQwtqCxRyO8sBjbIbAyATk4yQDX5B4b/Tf4O4jrYHKswzOjTxtXFYehQ9tF0KtWvzwhFOGsU5za1TaSfpdVeC3hKtaqqbs6E4PlalFKUU+Vayd9k1tdH87mk+GoL1LKXU71YUdSIgAOGDEYY8EZBGR2GTjg189/tM+CkWHT9UW8Aihk+zwiQbElyAWYEYx0zjOD0yGyT+iPhLR9A17RDpepWcNpeafJPsuQoZpnilKL1AGCcdWOSvXOc/JP7a3hm68NeBtEDoZUvNUDQTBidqMH2715AYgHt06AjNf6GcMeJGDzfG4fKa1PlryjGUbNNyTinHz/vWVt73PyfiLhudDLq+Mp1H7GCbmmtpJq8fhdr3t52vpY/NvVNLvbbT1zEXRpc+bEMq+eAQAeAB2ODjkd64ieN42KlCx5C5yTz1BB54HJyAOOCTXWR6xfLGbRbvERX7kgyCQcrtyCD/ALOOoPA71SnvNzMbi1jdgfvqAGAwRhQOmR069OuDz+xVI0qlFTpycHZJJ6dFrfVavX8lbQ/JJcr0u305tLO1lZ6JdU7vV+TTONnB8wb8HOBgcHPb5eOP8Rjj73Y+GVM6OqA+duwFGenUjKgEDB75PQfMFOObuEivLpFiJid3VF8wHYhYYyxPPpkYxkcMcc+laD4Z8UaHcpdwWS39vKgbdDtdCxG4EEEsGBUDB9Qx6iscLTqSl/OlyuTT2Wmtr20v0W9736506SlNW7x72s2rtel9e+vZXgmgmVWLq24MFb5GHRiOpwcDvzxkkk9aqXRAt2dgyIOARnJwSOnGBnr3+oxXZt4jgjDQ6vpDIxLLKfJI27sLub5eMYx17HJPSsDXpdIuLGSXTpXG3AaM5DsTkgjJ4AJAwdp4xj16q9Nxg5Jt6XcGuV3aWmqv5Oz7rub1MMo6pq8Ve217Nel7+V3stGcrDcBgI1OfvMMY+UZ4B6jnADYORzxjg2GkPLAtnbjIyAc9t3oRj+ZAxWJpYDMBMzLuZtueD8x9AOw4AGODg8lideSF8MEVigwcgnnuVwwGMH8eDgYxnkjOM6aik799PLpa/S7XXq76nJyyfvJppaK1t1bo+y6vfR3Ibhy4LnnlUZTyR0UcEfKSO+e3JHeoxGTgkDOTz0OCOBzyeh+mT1NWZEd8qAASgLcZHyjg4yMHpzxnrgZIqMwklSFwAMkDPU/RjngjGATx+XLPmcr3dtLXXS0dnvZa6NdWtNzVvRPXey3enurXXTXo7emiIt2wYBOeoC5xnHofXjsSRxkEACZJnCnJyPvEKTySM4AJwoXkHGQeQR1BQ2zl/lHBA+YjvjAz1P0JznHQgiozDJG3zAnO7IIIAPIOTjsTjJOOv0rDna0XTW19JWSX6eV7pXKUnG1mt9bPp7uja/wrVeauTiQ5AAB3gNubqDjBAGOh7jODn8S9JlLKUULywLKOjDPynqSTkdRkcDORzVEbkbQrcqQCvQDqMAngg8Z68g9CMSLHIFK7dzEHgZ4OMZPfI4JwegIBqfact1dd2m9dWte+u3m33JWju1on+iXy6Jta9dzYEsbY5BV8qy46lc5LKOjfeIByOnvi5C/KsvKJkEDcPlPHO3rzk8cdfTjAAlhAfLMADu4XaDnAGMjPUEAZOV6AZq1HcSJxhhkBTzzhuA2cc885wSB8wXGa0jV5bXelrXSVk24pabq/ZfPZIqPNfdq1k3s7c17J62d9v6R6Bo0c097Zw28byuZFkjEYLOdj5IAwQF2jJxznbtNe7eOvEAt/+EcWYOESGAXMTqRIoBXzQAxIJ27hkkgjnGADXz54P8Wv4W8R6TrQtlu47G4XzLeUBklhb5XJ3Z5IJIHPzDPrX1n4qfwr8UdMtr+zeGAmTIFqyi4tJXXdskVScxKxABAzwM5HI+QzupKOOw1SrTlLDK/NUj9jb02Wmi13v1PveH4e2y/Fwo14fWfdcaMtFJJxbcbvVayum79Ho7nyL4mudPufEF9Lp29bKRsojMOQT82cdcN0J4G7oQQK+z/2Zfgj4Q+M3hfXdK1lzp2tfafL07VVYCSMBDsCjJDsSB1znHAyTj478W+B9Y8J3U3nxtdWRkBhvIQzqwPILnkoQCFOT9Gxyfb/AINfE7UvBfh3U20u4+zahb3CT2pRssZAMggrhjtOBg4HXdgE59ilUhPBt4aopzUI+zldyaty35rt2b6tL7NvTyaNNUszlDH0nGm5S5k42T2+G+je+uu252PxF/Yj8eeGNS1FLHUYLuGzjMkDyMY/tMRzgsFx5cmPvK2OuScEmvlfV/hN4/0S/wDsF5ol35vzFWgZmVhk4YFcj8icck/ezX7I/sl+APjl+27451rR/BHiC1vta0Lw1JrGr2mqyNDaXiWifu7CNVBC3Em3ylbaELH5iOhf42+Hut6FruteF/GGhT+E/G+gNJbXui6nFJEWmt3KM1o5ULIj4JV4tyEHPGK9/KsqzbEYJYqvSk6DlyKvGDteLj8V00kr97X1toeLmmY8ORzOWV4XMKdPG8karwk6sedwdlzqD1cba6J9G7N8x+Ndn4P+IEMuI7HUoTFtCssrhM4IG7lQPu4OCwOO2a9j8J6r450mRINatJJYECwo/wDy2AJC9f4gAeM475wcA/VOtaWge5h8mS2uQDvVkIyepKFgoxkjG04PB3Z5PPwabG4hEsUSvCysshUMzrkZ3ZA4IAO49WH1B9yOSVFBThV5rrXlTtd2tFvdWvdv1tc5IThCTUKjavonJ2+y1ZK3K02+112Wj7HwvqIngt1ZRG5jG+NgUlYuRheQMkZwCCx68knFeuWMj26xtIGcEbsE52jBPBILY3AnoffjJHHeFNEs/Emp2uksVt72ZkS2vFwBhVyFZVIB6KDz07L8uepunutCvJ9K1ZCwtZWgW4UHb8jHDN1ySMnGedx681wV8O6XNTlK8t42Wq+Fa67dLaaau2iPWwjdWPtL80dFfS6tZvWWv+fTs/VtK16BYEgvQLm1ZQGRs7oVHRkzjJHU4GBgY4OKqa54V0fxDaXDQQw3du6uSsoXzYQyleQedpGQzE8dyAK4K3v45UYQNuLLlFByByDvUgFR05xg5PXgEbFhqd1bzbfPMLKwRVyVjmPPDj7oXqSecc9DiuOCqUoxalre6W+0lp/ltpu/snWlCrFwnFSvdbLVpRT6r7t7J6p6Hxr8S/gZe2dzd3mjQBPMLt5YwYpBjpHt7ZGfm6ljgbgK+aVs9Q0m+mtbqBreaC2uAdysN+FIwexGeM7gTgcdq/YyWwXUbJ2uII5onB3xRhTJByTvUcnaPTGMYAAAAHzx4++EOm6vaz3FrAHlKyKGjQCeMHK5k4G4EgZU55PPAJq1Xg1FN+84q99bW5b3Wu3mnpstjxMXlzpvng3yJt2trpyy+FaaO33O+mh+Y99ggMOGJZmAPIOeCD0wT346ZAOC1eofBTJ8baSzY3MkockHd0GDjp0OOCQc9MAGszxr4A1fwrfNFc2sjWhZxFOocqyMcAN24HHzYzjjHBrf+C9u7eN9NAXGEmYYADbEXJ3DqduMA9Oc+1dDqwVJxWia1erXS3R39Fs3e2jZxYSKji6UnbWcO+94q72s9L7JbPax9rZ8u+VQu/8AffMMHLDgB+c5xjIG4gD25HWwgTFS4UmIuQGG0n5fTIJI5yxHGTj0HIp82qtlxwVAZs9VIPA7MSM8Ac4GTjjrozFJGWwQAzfMmRkAYAGcDsVA9eg4Fc8E+RS3Tkkktb/Du9Vpo9dF+B9LK7naydmr2du19fK60SWj0vc8T+O03Ph1WJCtYzqNxzgHqACckY/PHPbHynqbR7SFcALLEQNuQTkD16dSPXI9Rj6z+NVhNq914Yt7UhZGtZEjWVwAZGO1QWOVCseDnoORyK+dfFngnX/Dyg6pYXNuJCkqTeW7RTegjl2lSCDkc8LxnGMdfsmoqabkm72u9LpK+l3JJpdb2vo9zw8ZGo6k7WSto1q7OKtZa7bdvkebzOj3Mwb5dnzYXJZwFA44BHHTOeT2r1j4Y+ILnSmurSyeUG9tpIbhFZlDRHqcjG4ck4bGeQM5YHy2SPE0kjBtrqyA7cchcHPckHH5gj1rt/h8ETV7RCzEzF4xgDOGBOML1ycnnIwc9Rg8WYUqM8LVVRKouVvlaurrlcdNb3fk/wABZfWq4evTnCq4STSUo7pNxT+dm7pbXsru56xY6R56tHFHtIdpS0hO1lJyfMORyCQAACwG3ABIx694M8UeJPCDN/Zlw8tmwxcabcN5ttPHgBwqMWA+XJODxnHYGu48OeGtLvtFsmKRrIC0U0+0lw+cYbGeRleuOcnrg1tXHgiOG1dU2KqnbHIhIYqRwSMgkEA4OeuT2wPxvEcXSwuLq0qfNBUZ8r3Sajy/d1tsmlp5/reAyrC4jCwdSd51aad3rq0pPVprVO3W9u5V1DwP4N+LNnJc6Mseg+KDEzy2PypbzyheiZVcF2BI45JJHQCviH4h/DnWvDPiR01e0ubaSJDB5pUmJ8YCusmNuD2HT5sYGMV97+CPBeqT6zBaWEMyzqWnE6kowCKXHI6pgA55x0LELWXcfErwl4hvNV8IfEDRI5BaX8unJqexGlgaN/L80ycNxk9znBXrX2vDPGWBzp1cLKsqeIpRg5rmurStyuVrtXcXuvLsfP53wrUw0oVqKjKM29rKTSjFtWTV9+127a7W+AbJHtwr43MCFbcCPUdc47ZzkHGRycg9VaNmLazAnk7SCQDxg4xxkAdRx05r6R8b/s73NvanXPh9dweINHmBuDBC6yXEKgFjhRnlBjjByeg6V86y21zb3MlrPFLbzQKVnheNo2V1OOf4i2RyBgelfaNSioqUrx01SvGUdPtWa1tazs9bX7/L+znRk780XpG22q0d3e93o7PXVvqhyO5YEgEKAAT1yD/GTnAA9eeBycbq0JJwVJjVRMCqcYzgKxLDnk7RkAcgY4OSBkJy6kFhFgAhhyTzt7nAyPvA/wAR9MVehjVfvqSAwyejnOABz0VepwcNyMd6zlGnbm5W7vom+W9npbsr2tb7tRRq1E9ZaX6+9a7jo7p7dOqadut01IE6RqB2qf8ARJ2H8J+4dpOPu/N0J+baT8uck/G+n69rOlyNcWGp31mY7iQK1vcyxMvzkDBVhgDoMdfYnFfZeoRFdH1U7XJ+w3DLk5GdpJ/M84AAPfP8Xw2jFopdxAY3MrLkdvMYjAJ29geOenPNZ0U3VajpBKNk7rVuPXp1fe/mcGa1JRVGUXqlHVOydut9Leu7tpfRP3jwv+0P8XfDUgfT/FOo7FZVCTSmZSPfcTwwznkY6EY6fRvhb9vf4o6CVjv7Wz1dDkSO8YSQnAB+6Cc5XByOTjk18L6WjTYDKGyS+CSeVHOVJHTqOBnkcDIrZaxhdWywLZyCAo+XoVHTPGD254I710OKhPa0la9rX2i+2rv26697+H9crxaals+ZNvW/uO19nppe6srNtI/TrRv+CgPg/VYPsnjPwTFJJKf305tYJUTAGWywO456BiDxnNdXp/xn/Zd8buTf6fp+lyzcPIkZtnjkY5+bbtG09Q3TpnHBr8kbjTEJ5wpAH3l4Oe5b16NnORgHPHFCazySeUXHBQnJ25wABtxnjp6ccjNCcoScozlHa1m9mo3v66Pbuk+9LMJTlFVIRkurttdx3a6tXvezW29mfs3bfDb4E+JxOnh7xpYW8twMpFdSwyIF4ICM7BQAOTyCOccdOa1f9kWPV7cSaFcaLqcfz7JbO4iEzrzyqqwAY49OWJA9/wAl7W51SzJ+yXd3buAHQwzSIRgbsD5/lzkHGRkYFdzpfxZ+KPhnZcaN4v1i2aBdyp9tl2KSAfulgpX0yB1ya0hiq1OyklUVnpK6stGknd+i6dVZI3WIwlR2nTSaSaaV7P3Vr5Jp2eu33/Rlz+yb4ssW1mW10nUG8m/kGIyJJI2XnoCdynGBlTk9SV6+a6t8HPEGnyNHd2t/ZvtIxcWcoTIxhsqpUZbp0J5zkDFM8Aftq/GbQnuobnUYNXhe4Jn+2RAysSePn5KhunUkEYIyxz9Q6H+3VpWpwfZ/GfgK3nm2oj3UEccowdu5iGXGTycDGeuM9YljocsefDptySbi2tfdv89OrWt/K/T7DDSipKpyzte3ry6Ja3T3XzstD48l8FeIbbhUSZUyDtYBjgE8I+D2PXufQZrAn0jV7V1E9ndRZByywkqSCSGyAevXjgqevOa/Smz+NP7LfjKJYNVsItJu58GSRofspjLYHLRLtJDH1z6cnFaj/Cv4J+LY0m8J+OYbeSUfu7aa9hlUlgSPkmkB24wdpBBPReoFc2DlraULrdWd23HR3tdrWzfxaPuHsKjUfZzjPlSbdrparRva7163Wmq2f5Zx3mqadKxSYjI3YIKnj+HaccDkYweMkc5zrWniC9nULdxKVbPBG4sMEBht4OOc9BwGyQ2a+/db/Za1S4RptJ1LQ9ajAJTesaScjAQmJSM4OcgdQ3XINeVa3+zZ4y09lL+E7tgoYiXS5VkUgjGVTJYjjgegORzisKmGw9RRcakOa60b1W172WzeiXMraW1uy0q1ON1GVnbbXV2vbord77aXSdj5Ze5jZlSMtHv3EhiQoBOSfTcegBwoycY5rTsdREE8KlgixMH3YBG4Hgtg4PbnueO1dxq/ws1XT5GjmtNVs5FJHl3unzKiYwv39hXGRwAwAODjHTnbjwZqkaptW2dth5djH0OMEEfKxXIzg8jGBnFaPLpOKtbbaMove19Ovlrp0e5zxqSg1J86s1umtE46WWr16qz67m1468fz3/gbU9OmK5kt0iEoYgMFAUEKON2BwT1BGCOgrfAb4iX/AIP8MTWKxiS0uLsybsB5ARn7qkE5JznjByfl7Dz7xhoOsW2g3bSWoaLapJjIcIVxxgNyCMHIzyeQSc1Y+G9sI9FDSJicuHSKWQRcA5JjB4BwvH8J69snw8wyHDYunLCYmgqlOfLKSaunZxd9XbS91q+tl29fA51jMLiYYqhVcKtNcqdpRfLdNpX1t5a3WuyZ9Cat8YtLvZUhltvsQVzu3Q7VZh1PAGCSvBG3GDjHUcnqfjjQLtQ8bRh9ufMiOCW7bwMsD6nOeM5554/XNIttVZGkt5kmwQZY5BypHVtp4IxwcZ7kk4rzq48KXEDy+TIzKXJQEMHUjlVBwAQPTnPHTPHn4bhXAYWMfq8eRLRK+12tPRdWerieJsbiZqVWpz3fvX3duVJapfN6Xez2PYV1GGUpc2kqeYBuJUphd3ChjncxOeehzyR3Fx9V+QuzgzgEeaMA5PVSAOfT1I6kc14lb6Zq9puUPMCRhNjFssOmQM7cED2HHOOl2O5122O5pmldflaMglhjlSSQBt5BJBz6Z4rveT0oySSTbS1S1cny3u7W0Vm1e1vlfl/tipKKUpOz5dOZpN3WqdmtG1fy6M3vE00jRII3Zri6lVdgG3IDZJyOMtn8SPXIqSG6vrC3tpbC9u7a6t4SGa0mktplcdPmjZM455JJH0AxVs9SlnmDXdtEzIBuJ5KMcnIPTjsPw3cktfMscpkjAXY3DSBQDzjGCO4HOAcE8DGSa66GVYT2U41aNKaknGSlTi01p3TTt8vvucNfHV3XjUpVqkWtVJTkuV3SurPRq3rou2vtXw1/ag+Nvw4mSXQviJraojIyWWpXEl/bOFJwpSZmAz0PHXktlsV7D8VP2xfFPxp8G2OiePbO2+16bM96urafAifaJIwCqygDCkENnkHnPTp8eW8GnGTYzxr5QD/Mh/eHAxlsHBPfBHvnis7X7yFbVra1RYikblnTLIwZRwynoehBPfmvjsz8OuFJV1nEclwFHMsO5TpYuhQhRrKTVn71NRcm1ffm2evU+jwPG3ElGj9QnmmKq4KrywnQrVp1KfLzQtZTcrWs9F207L9t/gjL4k134TeFNefRRrOmDTvLtptuZIFXd0YAHKYG4fdwMY7j13wxrep2+oxxTaTdwjcqmRZC6CLdyfLbI2qOWT5Qc44AyOh/4J43fh7XP2cvC2m3+q6e10GmiktXuIFuIMltpaKUgthunUZ6E4Nfd9x8GfC2qxBhabZNrMLmxCoCpXAY7GI569APm5J6H/MrjrxYXDPGHEWTY/LsXhKeGzPF0KeMououanGq4xqWaSlFqzTTe+llc/tDhjIHmPD+U4yniKOIlVwmHqypVI021LkpuUG7Nuz+bvurnM+D/hWvxR0YSaZfaRqtxOi+fa3dtaRz2SoQGdAP3gPABBAJHBGSc3PE/wCwdr0EMOp6P4V0y8uFVmubnTr6SKcoFyz/AGdtql0GTgZHHB5IGXZ/CDxF4Xvmv/BviK5s5xmSGLzJIGyrZCkowDndySSOuDjGavax+1l8Z/hJYXUHia2/tOyS2lgW5likWbeylCUmRTk7Tnk9SDu6V8/kvi3xe8dQXCvFKzGhUrw/4TcfVarR5mm4RVWS5lFXS5fusfR4vhvIKmCnDMsow8KkVriKVJXvG178qvbR7O2vVPT510L4KWl14g1DSbb4p6bomraY0r6po15GJ7mJY22C3jZ1Kl42UmXbkgZLfdXHm3xy/ZuufB9vp+o6/deHNafVZTNYL5Ihl1G2lPySo7KNwxjOWbBY5ypxXS/D346fBq08fweMtV0+V9b8R+ILJb2yvv3ltALi6DTyhid+2UsVkUjay5yTzj+gT4o/s9fCn9onwf4Pv77T7N7K306yuNOm0mKKE6fFLEjBIWiILxAEEocAn2r9h4n+lJj/AA2zLJVxXl9eeT4rCxlia/sYyksRGNPnhRSSU1Gcrtc9+R+at+e0PCfIuI8LiXgKyw+IVVqEqbvGCbTi5p6xcrOz3fV3sfxufEX4L6JIs8zac2ib2JJslkkgcrlSSqrsZcccd8AZI5w/hB8L5fC/iwanot2L6Frfy3gWIC7YSHGFiC7hzgBgCTkcDHP9Mvxu/YX0bwP4U1fWPDOpWOuabp1msjafqdkgudjDL+Sw3ligJySQcYIPFflJpGkeH/B/xz8NQWGm2ccN4qvcQsd6B1UFxggYIYHCsAAQOflxX9C+Fv0huBvFCrSp8POU8S3FyhypSpt2sqkNHG9tmved/M/KuOvBzN+FsK8yrY+lXwNrJptO97fA1olyu/npbY/Ibx/4b1FfjE1tqmn3kMNxrKu0V3C8MoiZ+OTjOV7HHQADnFaHjnR9PGq3UNpCYY4tgCR7QMAAJtAwvOOcHdz1zX2F+1Tc2l/8aTPHDBG/9qosaRhVWJQASdykZJPPOf4SeARXzH4qgT+1b9TGp3SnOQQSqkg4OTngA9ienJOK/eMXi5vGwVnFezTatpq4et7re+19PP8AJ8JhY08HUdPladSylo94pJKW6Wune/yXhdxoM6KZELuwfJHGcZA53HBUYB65P94ngQJpzopkkDhydjAowwp+UYIHfqevpXpUlokzFVLpEQSp2buRxlcZwDwB6ZAxTPsrqdu1JFADN/FkHkMCQCcgk5BLcnGBu3bQxCa210u7a20umtNd9VZa/IxcLPXR2V721TS36t2e+6vK3VHmYsJFw8ZB3FhgcFQpOSScEHkEjPc+lQ3Gn3K5RcmMjcrAAncR82RzkE5wCMdBz1r0xrG2UAvEGDghXAKsCf4SGKg45GTzk9DxmjPpkG1m+ZTkKQp429iT/e6YIOMjgkEVtGqrpptP8NbX36bX6NbpkOEGkm3o73u9Wne+t9urvbdPseWPaXELHarJGFJHmZKgk56DjJDDHTGMkdqypLeUMwyykqCzFQSe6r3J+vp34NenXumOysqv+7XaURiSSMYIAPrgnHbpWLNp8ojbEEYZWBww+baT07cEZxz6DrXXGpzWT1slfs7uOumrtrpqne90tsKlBb3d27+uzW/M7JLXRKz3toeeXwCKMhl3bdpGTzzk45OCPUemSSQB5v4raRLSTOSTlg2R3XGCuT8uAeMjqTknFe26ha2+xjcQywsyqwcA7cj+EA9AQDnCg9OK8n8V6bH9klninLglsxspJUAYwTtyOcYwMcnPIIrppuLTVl8UXstGrW6p2X469FrxV6LUWr9E1dpa3Wtk03t91tNT9Of+Cb48zwdroY5LJcqIyMycIQO5I5ycj8ea/Oj9ou4az+MfitolUr/bVzhZCVIaNwcN79hn1OOcZ+4/2ANYXR9G1iRvMVUhvSNoYRj92cs4xyfVcHBwcfLz8L/tJSJcfFPWbhWjk+23E90zDBGZXYKDx2G3/DHXlwkJQzyU3s6EOXda3hu03p1Sv3vqaYyX/GNQhbmft22mnZpu2/XWyur9+poeH/ipELe2hv7QqkcSKGBLf6vheP4gcHjrnoAa940H4meEbiMI99HE0gUkOxQggDcAemOwGcgZzxwfhKJgsQZ8o6nOOCCAT90+hByRxnPOc83VmBIZW27SBsHy7h0PTBOegHBIGcNha+wq1J1YqPNfldt+nu/JPtr127fl88voRm5U6XLJvVb6trpZNJ6NXd76apH6U2XiLRb61X7NqNvMpYKqJMu7BO0FiWGT2OefYnJrVMkMqhP3JUoMSqQ+FODtYA8ZPXoRwDk81+aNvq11b7Wtbm5iChgAkrAbjg8kNk9BnnduI6cEddpvj3xRaf8AHtq9ztUqx8196qw4KsxOdhAwhyOcE8CvPeDqTleFTlslbm7+7ZKztpb5Wvvob0YyhCzjf0bS0atrZX21SStZpn6GtZWRjLbVZmRSoQHaTxlsdQSwySeSRnOc1E2nWjhmYKcFTuCjcuOvYcD+6f8A69fF2n/HXxPZnMjx3KoDEdwC8ZAyecdfmyOSw+93Hbab+0IyCOPUdPbYw8x3Qgc568/wkg+3DEc1xSwWKjzOMuZt7p3T2301drau1rdb6bJ05Pom930T91aNaemuj3ufSbWdspTZGjqpJCNxJxnnaVxt6dOATz3NV3t7eZGMipjJKRuMEkcEEkc4575YEEdRXl+m/GzwrfbTK/2VwQqrLtyEOC2DkgcYIBwueg9Okn8UeG9atZ1t9Yt4mKAoVmG8nJO1QSMDkA45PfGazhCupP2iktN2rrVJO7tZfe3p5617KLScWns7r1jo1ou7tror3V0eA/EuaCPVhbQ7wg38K42ZOSAoBJKnPY44GPUfMeg7ofEyuPv/ANqr8pznBkx0BOM8DOegxnHX3bxUqpqUhnlEm2UtBMr790bEhC2CeS3OOcjp0IHgtoWi8TSFTk/2hExwSMZkBDEAA+nrjI4BHPu0UnCmtnbV3Sa0in01d7vVaK/YrD86jXs1y2uraPaOllro01r2enU/Su20W2awtZykYJsomZGQAszKG+8Meo+bqSMNjjOTceFlfIVVZJMs21Adp4A7E9QvcZbgYPXc8OPLdaXpwy5LWcQZlJYYAA28lcgDGc4xkknNdYIdoh+Q7uAVVm7DcCRnjPOQRj2ziuCTjzuMkn71rWi3a8e3VrRX0V/d1OaDkleDd0rpa76X0ukle35t9DxVtDvLaYiAXMTBgRLbyOhIGMEKpAUjHA2456d66HS/FfxC0CXzdM8T6vA0LAxwyXDyRgDO0BHZgdvTBGOmOScd5NaSDeWVQGJbJONpBxn5sHt/wLGe1UpNPjd+EXcyZYlNwPU5OQCDyxyCRnrxzWf1ejVk7ve3Lsr7b/d009W2bVMXi6NOEoym9LtXelrevmld2VtfOxZftF/GHTZDFe3Fvq0PyuY7q2jYyKOgLFCdvJ+U44yevFdfF+07puppFa+NPhno9/CAyTTx28bSMP4iqlD949gSrZIwcEjgLnTV2J8iqQu1SEIYquRuDbeG55GSR3HTNKTRLSWNX8uNnMZDKYly5OMn7md30OMD2rVYOomlTqNJaaO66OyTfr09QoZ3UStUipJXS5rXfw9936a+Tueiyaj+yj42UR6/4Ok0G4uOfNgiMKR78ksTEucgnquCOvAzWbL+yb+z34zYL4N+IK6XJOjFI57iIqu77qt57Kx985yD0GRXnreFbKQBW48wNtBjGU9sDHTGAPXOcDJqongG5xI9nK8bKo8p1domYnI+TYVKkf3l5Gee2bjSzCElKFRtXTs4810rWWiv2T7nU87wbX77DRbVk1ytWvyptqyautbpL1VzpdV/4J4+M4bc3HhLxNoviCInIjWdA7KCSADESu5hjHYn5Qc5I8F8U/sd/GXw5r1rNqPhi7msgCkn2CBrmUnAGFVQ2O5UkADn049Ck8VfFHwNcr/Y3iXVbJbbBC/a5ZYTg/KWifqFJweoweh4B7bwP/wUB+L/AIT8W2+l+KF0/wASWFk4EjXECRSeQVALO+z58cKVOCMDocg9VOeNWsqMKjVnZNw1VnZu1tW3bfW/U6cPPJsW21OVFuLTS6XSTav16dbdNlf8mbP91IsoAZQDsJAwuMZPoD1Jx1HAIHXVuL+RYMOzM8+ScZ4TuRgjk9RkeuaoSFGdI4kCwoB5gA5OQeCeMHoQAcnjPrTXV8tlFYt+7QHPAB42jgcDGcDJz/FjjxkuZvS7unZJuy06JXsrdH1SWx6PLbS7t1um7p+V0vu3/OjIzSRykMyqoLAH77k9sc8Z5YdD7kkGiGlZUY4Zj8gD9tvOCcHngevUHnOK2VTG9WQF1UIpJwB2HAHGSevP+7Q1u8uxSrE78fKNqhe5yMAYJAJ5DHHPUCk5RtK2zjZK+uqfV922t3vqrXT8328/J7dHv0b0WqMKTzFZlKhiTtDAZJ45zn72Pz49zULOdgQrtCgFiflJ3dB14z0IALEZ6g8dOLKMZ2BfkXAZuQTnLBc9O3qf4uuM0JrVpWkKBQNoIY9GI4yMZY89RgDg9O9KztdtNpfFZ6uySWq7bvSy1TQadEreXnZdPxfkc+eDx69cjjgZ4PI9BycdeGyRE2QMcgHsOmef8cdB69citVrCVYvMbavX5TgvwTlsZ5YkbcdCBVdbZpNoVNx4O05BGT3xgsMdjyBnBHeOR3atby0Xz2131trpqkxKXd2W2um1tLX+W+lkrd6ABIPoR+fJ/ljtz7HNT+WyjcRgNjGBjpz69DzzyRg1cFjIXH7sBSQF/hyc8nOeh9B2z07XF02Y4bcrbWIyCSATwAoHXPGTwCMnnPJy2u3a3TXu0r9O+n47laPvvbtro3vvprts92ZYjACsWOM+h4wduSuQTz2A64HQZqwg3AFSRty20jJBzweR9QMDjH8WAK1o9IlZRkKNrEsrYDBRyc9cA8k9CMnGM1NHZqGMmAVIxgYXbjGDzkhuSeB0B9MUnsrdfXS1r9ba+n/AXMlu72s1rbrda6q+7W2uuiMGWR2kA5AADHJJJO0Yz0wOSSOCR7U6CdkY4U4AzkYLDjgnnpj6Y+72OdG408F8oy/NhixGDg8YDDJJOMdzjkZxzDJaeUwAyy8E7RwTgEgk8jBxjGc464qPeu97fKz1W/Xa/Xe2nRzNu620+dkkm+vz0+VurJLyScD5WUfeJB+ZiDwSR14xxnC5HAxgwLJMWJLNkglgDyScHnsTgc8ckAHqTThFmUjBADZ5G0YOem3PJIAGOR374uxW7SOSq4RdzHOMtgcjdwOfvZGeuOv3W79Fd/L8QTSfnpd3Vlt0Wlr2Xz8mJBdzRQ+X5jhdx3gEndnPCkEcc9Tz1Y4wK3tIgsLhytzC7ydRgMVXkHc5JyDgHjJK56DqC108yxozRrsL/Ku35lVerEEkemOBknoMity1FvaJKVRAxYgHkuQT1AHTgE9e3Q4OeSrUsnFXTaV7JrRJO99Hfve9nrbXVSa8l5JWUdm33/BPfzvh6zpaCdZLWBkhzjqwLHaOQuehJ6nBOORya5jyidrsSMNjAzuAGM8YBHbPB9s4r1Iu8ygyIPLCbQrdTuHyk98D0xuzkDsRbh8L2czIx8tRtyEKghWZTyzAdcfeznAAAyM7sY4yFGNprqvid73tpfr20+SGprdu1lbV69Ov4JW1tp2PJ0UujZjUBnGHY4UgEnPJAPJHbFLFiKQjauE3B34HB64IOTxnGeQASN2M16VeeHbALuDMsUWVOQRGZG6AbRkZyO/U/UVwmrWP2OV0BVskFAueFxjrwTjOCRnk7iMV0UcRTqv3G/NN7XS8r7WSTa0b0KTTvytPX10suzfq+176popvdgShoUIULsJZiQT82cD+ItjjGTnhRxzFbOJJcS5wcZYknBHQEjOQeMDB9vWnW0SFnDfMOAkZycseuccjGeCOoweeDXRWXhzU55oEgtGYSASgIpJUHG0sx5BAyRu6nDZGRi6s6dOClJpLe7dk7W3+WvRPVXV9bjFydkm/Rf0r+vc6LwlcW1leQXkrOESUAoOFMZ6gEjJPRu2SOvWvqzT7BfEuneZZL5sCxiNPkWR5Aw5BYgHKqeoOCwbGR18j8KfD+PU0axaLyZ0wWmlBwpI+7gDLc9eg646ivoHwV4R8TaJK9u8ZOmIYxIYVwGkyQDGSFJZhnG3O3vhTX59xHmOG5m6OIp08RT5d5NKSbTWvNZWtfZq+x7WX0KzSjKlKdObV+VXaaturXstL30u7Lseb+IPghd6jp0k+mGOAFi0iykbt4XLHHzBSvTHUAEZ618+at8KvEmmlpJbGYxRyMrSrEzRkEHBGBuPA3YxznqRmv1X8L+FbhzJJqNlMsUgKxxXRPlAOCUlYkg5P8Jz14K9643x3Poumzz201uW+zIY2jhG5XbOVOcAZB+9nIAGQQQa+PyvxDxKxbwUYLFJSs5xk7J6bNJed7bPS12r+1jMipRw31mcnRbSfK762SbaVlv2Xe90flvD4QvmlRDbOHJc7pAeVAwSowc8gemOnpXQW/guGErIzAs5JwY8bf7wHUZBABx+PY19OappsVxKbtY4LYMp2pIFRyjnO8YHLBTnGeeh61yHirSLDTrO1u7W/iuMqVuQr4cM38CqPunJwVBwRjHpX6DSz2piZ04NSjKaXZ6tR0btv8NtNd93r8rLCSjGUr3UUrpJJ/ZXZXS0fXr218mjtNPthLFHbhwMDdjA3sSGLep3ev/fIwKfb+e26STCqCVCICDjgITjsvfkgnv0zYS8V5DH5BkjLMyFsFiwxkkqDknIB6fmSBbV7hh8kPlxsy43KAdpOfmPPHYdeR0r1EpSs5StezUm7pNdNdVq2u2nqo8b306LX101vbdbpa99tSmq3cm+G3EjM7DL8bVzywPQYHQgnr3+UZmj0u4iJa7kGwEsUhOcEg8MxP3iSMluprXn1C1hEUVuEjlKgsoOMsCAWPGCSwICjOBycdDjTX43gvjyVY7lD8Oyg7WOTkkkYwSu045JNJwc7JRaWzbdm7tO3TS8u+mtt9Zi+V8z22ab0uku1tbapK6el7bFS6cMGcBIxECqZI3N0G7nkYyOR3+XPc4kDxtqumAL928tPNkOQDumQjBxztHTpzz9bc7y3UplKgQp/ATyM7tu0fxZJyCRkdcKSKZYwNHqemtIvEl/ayeWyqDtEqYCtjHQ4Ge4b3NdNCEYK0rK13rfd8iTTfTpZ/ckrLSDjKpHa7lF77u61en4dEkfuh4UQHw94fYbVQaPY7Qck48pRkZxwAPbPJI613sNzsiIIZlVT0OFCgkZHPzbjjjnvwcnHBeFVYeH/AA8silY/7IscliQV/coVTHQgYCscYx83au289ECIpV2ZQMkHaAdoBJ6LgE4OMYGeMGuKe/Rq+ut01dbbu7XS299nofbQvyRtzP3Y2SfW0VtdK1ratq21pK5Su5GYea2GWRWDbj9wMCQoI4OcnOOPXoWPNeF5wXvAzEKJ22AA/wAO7nock9MdMDn31fEc89rpt3LCdxijcx4UEg4boPTg9iF5yQMivPvDOo322RwoBZ1805HykghmPPB5BYKCTk5APB7cNBOEndu7tZ9HZaqz19W9XdWVtearK0orVN3bXfSO2rvZrTa+3cyNGcy+LNeRVJdrg7jncFHBDEdeO3OM9e1ekyLCsIZc79hBVRtBbP8AFtI5BGSTnvz2HmHhQN/wlGuvyH89m4IYyFz2GcnCk4PRT8y4xkehXl68e11yWBYuo5UFcjBJOf4gM44xnHHPpQU04Le8V35bJR21tstUrXSVtGr+fSjdO1neUm76u14ttNWvvr5X1JYbYyPG8XzsQCSRygJHUHIIx19PwxXDeP7YQx27NEhbOA4Iz0XJYYyD94A/nyOPQdNmjzDIpAdsgjknk5z3BHZemDjpXD/EryljtwDiQZKhjwxIJx3z6c45HPavZyqcvrlC2usbPfdRdr3uum9td7nJmtNSwNXmW8Vq7K2ke/bfpr8jxC7ZPuoGJj5YnBAB6kd9pGfboMAttGawLL8vOBnhvm5XGOckknoQCeckAZFbLsoRnwgYKARgksWbAycYwc5yeQO+TziuPmdmGQjAkN1HQHA4zn8egOMdP0mnVskmm9t076NNa+Ts0n83bf8AJsXS5Kloq6a0dru6aeu1/kt/NpldV3KQVKBASS2Tkg4CswOPfJyQeAc0q7Q5AB+cgKGAGR3wRnheo7E9cgACKWeOENK+Ckhzt3fMDnkkFlxjJPU5z0zWNPr0YKxwFrq6bKRQWsbzSsW4RAEDHd2XAOeAT69DleKV0rq1m/e3WjutX8tdb66nG4yW0Xfot1srq9tr26XW2iOoURxlhyvoVOQRxgEKcr1AK5Kj1qWOe3SRGD/OXAO4DAAIYncewwACCT74OB6H8Ov2dfjj8UzaSaF4Vu9G0iZ183V9YSS0gjVzgyL5gVyQcHATj/dwT+ovwL/4JneHVWLUviTrVz4iuYgk0tnaFrewiKhTzKSvmJnhgQARnOQQRy1a1CnFqpVUdGn1adltFNPTdtrZWb0dvTwOWYyrODjSkknFqUla1rbN7p27X79z+fa98C+KPG/i7U7DwloOpa/e3N0FSOws5ZDvLADMqoyKhz82TnGOhyD90/BX/gl18W/HC29/8RNQs/AOj3KozWjjzdXKEnOIgxCkoRjJUqcDGNor+gTRvhV8G/hDAYdA0fR9NuV3IDp9rC9zKVHyiS4KmQvnqeCM4znmuY1rxzdTO9vplsLOMMVaeX552XLBSD94Y+9ySBxkGvlqWVYRTdSlTdZym3zVE1GLbWrit7b3dvQ+slh1GMPrNRO0Yrlg730Wjaeuzte1n1bvf58+Ff7D37OfwQgsZ7zQbXxNrVpsMuteJhFKkkqgMWhtGLKjg9AAvOORzX0FcfEbRNKP9m+G7GP7OP3XkWcEVrDGq/KixmJQNmADknk8NxXnt9aanrMoN3NcXreYPnkZhGBnvztPfnAyOckcm1F4dt7Hdc3dzFDFGNz8oqgAZI3FsMw5wMknbzjGK+go5fUcoRk3yNJckE4QVrJLlVltrfXS9k9nhLF0qEH7OnGNrcrk09NEndq+rXnbR6XbUmra1r+quziVreKVxmC3A8wL3LkEknaeC3bIJ6AYw0y4RsOGYjkyyEux3BchgwyMD0JJwox/CKGo/ELw1pU7WmlNJqt6xAWCziM5DqRlWdQVADHk8evrnCuNN+KHjaUGGOHwnpcpZTNKSbx4WI+ZFbBXCnd154ya9mjgaNNqKg272urO693r53S8tLO6PCxeMrVo83O4xVt7K9mtrXe/ZNPffVbGq6roGgx51HUYLbaGHlhoxI55G3aCSTnIA4JZc9xXHL4s1rW5Gt/BXh2e/Ukr9suIjHCjP/GuVGcYzgYHXHQEegeHvgx4V0gC71ye68TanuGZ9Rkd4Q+7O4RMWUDPHUZGB1O6vUUiTToxaaXbwWsK7QsdtGqoBg5BHUE8EgEjJ7449ang5Sj7sVGyi7Rd7J2tt1tb08zxamLVNu7c9GuV73fL1evm7tPpoeMWHw08RaykNz4z1prdeGNjYkIu0AExuw4AxhCSe/OTnPomkeGvDGhKv9mafbm5ReZpV3zZ7Hfg4YncccbSTySOb9ybpZ4w4byyoMhZiAMtuO0jcFPOAowDjBwOthY41kZkY7SoIUAg8/MCrAsSQAC2ckjPIJOfSpZfCSjOSXMrJp6u+ibXle9rX+Z5MsfVblGPuxd1o/Raq6fTp1tuMnN3eDCsqMoGVQABsKOGHHALDjAHA4qmto5URNIwbDOeRhgpGF+nYdzgdOp3oWt2QksoYb2fB+c9+w6Efw+pwBnIrKvLmOONpsqHzjhhnA3HOeg9SOMnjGQBXVKNOCvZ3Wl2nrblVtEtLJbW/E55VpxinVq811qr7u63u7W9bWduqMi8ie1QGNV2kggcsUJ6kcZIJwcAZz8pBwK5vxJ4V0rxtpf9m6qm2dSWsNUtyUvLC5X/AFckMqgOuGGSMgEdSRlTq3evKuFjh85ZAd5JAwegbGdvGec/dIwMsRXA+J/if4O8DWz3mva1aaeY0ZkiFxHLM57jyVYnf/dVgQck9ASccTVw/spKvOChy6t2Teydr2dtXqk7Ptq1GFr15V4/VIVJybtaEb3+FWdrXVtb3aemqs2cZpHiHWPC2sL4N8cTmO6VSmh66zMINZtE4SN3JCC7C4BTO4tgAE5A7S6v7S1tnurm5trS2UmR7q6njgCoOT/rSmVUYAB6jGcnr+cvx/8A2vIvFllP4d8I6Sk62twtzZ61cgLdWk8bkrcW7KCyDI5GQD1GQQD8XeIvit8QvF6Qt4k8S6tdKEEJtIppIbfZENgLRqQHHGSWwWJOe5r5KpxJQwk5UqaeIUW/Zyvoua1lfV6O1mlfok7I+whkFbHwpVKiWGqSXNUi/JJp7q13rZ2fo7n6y+Ov2m/hb4MWe2/tZvEmpITtstLxIhkXOEkkHygbjzhiTycHpXxt42/bF8c+IzNZeGbe08MWDFlBiAnv3jyeQzDMbbSMhfu5Pdefkrw/4b8S+Jb1IdK068uXlYIJDG4UDPJLsMnJzyTzyTxzX094L/Zc1nUGjvPEd59iQLxBbktK/wDEQ7bgFYgAHH0PINYyzPM8ykvZQlRhJLWLaSV1e7ersrJtNXSu9TsWWZbl0I+25as4tP3ryvZr7CTvfRq9rpLVXPnvUdd8QeLL959R1DVdXubljgzyTXDMxZshYg20D6/gcHB9D8K/BDxn4jkieSyGl2LFcXN2NrbMZyEbG7PAAOehAU5Ffe/hT4R+DfCsVutlpdtJdrGv+k3MZll3g/eO5SACeSMY3c9a9Qi020gAadoxDHHwzERwowAGCcAADgjjHJGcnA1p5TzTVTEz9pJNXu7pbau7S2u27N9mtLKpmyUeTDUowirJuy0Sa0SV2krX76v3XofLvg79njQdGMU95FJq90CpMlyu23D9SAhBDDIyvbgAdAR9D2Phi00e2CQpHbjYuLe0hVFORjhuC2MAZOemCfmqDXPih4M8OCSKa9huZ448LDbhXjQqpOeCQ2cYzwxznJ3Cvlrxt+0jql08ltodutoGdwkrfM7RZOCAOinqe2emK7pSwWEgopwTVnype+27Le97303srXsrWPPbxmJlzJTlF6Xl8Nvd2vbbyVla3Sx9byalo3h+387VLuy0yIDzDJNIvmv/ALIJbdhvmB4w30ryjxZ+0r4Z02J7TRC+oTI3lAx4SMkcbgVxlj97II4OQcDB+G9b8Q694mmB1XUru5MhLhDI2xcljtVeAVwAG56YwTWPLaRwGJ1kAHC7SrMwY4BJwOSQM7vfHGQK8PG5nVlCUaajCK6uerTtsla3ns3Z6O2vr4DLOWSnVbn1V9Iq7jpbqtd1y3urPqeveK/jF4z8WTSIbuWytMlVht3MZdSTyzgjcFBwSF65JwMZ8zaAyGSZ3lkuGbczyEuTkZYbi2SQcdyBzk9DWXFPHFJ5skqrFGdrB5AGwOgPf3I55HB+YVha54w0mygeQ3YjjBO0FyC7DsuBkKDkZGevXJ5+cnirTtOble/XSOsb21uldvysrH00MJGELJKMbb2W2m1tk0tL2s/W5173NvbxNlYzuIYucZQnknoR74JAIwDyeMqfxAux/KZSIztkfLBQoJ4B45IOckY79jjwPXfizp0YLTTfuI1wIo3BmlOMjOPXjk4xnpzmvJta+L1/qTMNPxZW4G2JF/1kuD8pcjBGODycn15rjnj2pO1pXskkrK10rt72262fpu3TpJRV7uGqaau2uW+293ZL59LX+qNe8aRW0OGmWKNo9zyzybRkAltqkgkZHC44JAHHJ8H8QfFGxJfddyXbHKJFbEiONeSCZFPLN0zxx7YI8K1bxDrGtn/TLi5nZzhVByiDJ+VVGMt6546cDOKn0rwpquqSLFHbMEP8TKwGOikjj5j1wBuyO/fyMTVr15pXk02klFa6pdrtWel97Xd2t+qlPlSUY6JWvJNWaUUt7NO9n6PS+52+p+PdTW2MOmokKyR7zOPnkVSDlCzbiCN23APAC81xJOp6iFaV57ppcthsty7ZIUZ6kjLNnj0zmve/CPwhnvEjN8qWlqmFnurkkKVYKS0auQWAAyDznoQcjH1T4A+DHhrT5YJbbRJ/EF2zJJDPOpSzUHGDtPysu45AYEYOcDmrwmU4mtJScHTi3dyknr8Lbu1d9tGvnsZ4rHQgkpVbuyXLBrSTavrra70v5K7PkvwP8GfFHiwxG3sHVJEUNPcIUhiQnIKsQOcDOAMYOQQOn2D4J/Zi0VBbpq80mp3IUB7S2X92rLnCsw+UgEdy2BzkknP0ppng26tIRJdiK0t4VEiadYxLEFCnCxFlHy8AdTwSDjOa9O0bXfD1pZhrWOJZ4RsntoiBchxxlj94EsuQTjBPbpXsxwmEwivVlDmtdylbRqyctbaJ6W18m915iq4jESSpqVuZWtdXTst9/Xp1V7WfL+D/AISaZoVqsdpp9ppqIAP3UKPPKpwQzSbcggAE9wT7ceowWWi6LEwk8iMxqMtMyvLIuORtyWBGCCM8dScE5818UfFWz0C0ke+vLfTLRV3uHkQ3LqQcnBJOeh3E9cL9Pi/4gftR2lr50Xh2N72Vs7bq5csvpuRWY/LjGcHseQv3uOrmVJrlw69pKOia0jdtWd766vRK23Y2VB0XFV5qF/sre75bXTd9Er6W3d1qj7p1z4j6PpLHZ5SQMCPMuZFjiUDk4D4OBjjKkDaTySM/M3jb9pjRNPS/tLa/l1G6ClbeG0JW2Vs4Xe4I+UEhWyckABsjFfnr4q+JfizxjdE3mo3TxTkgwQuyQxg5wgCg579cnoMjFSaH4G8SeKHgFjY3LRkjzZnBSM5PJkcsQFIyQcfgMV89ipVq9p16rj/ci7JaKy811/7eTCeJhSTVNJRWnNJXu7qz3vf71dPoek+Ifjf4y8SXEkRvJLW1LFEt7EMmYsniVxjnBweQDzwM5rlbTRdT1yTzSk8s9yxZMo0js7dCG5wQT8xyuRnIGcV7L4e+Euj6HbpdeItRtzMmJJLKJw0rY6oxJJJ9s+mAcV2x8V6Bo0bQ+HtKiikhwwuZVU7QCQMFueMngcg7c98eNUacrUlpouZp2eyv+GvotrM8yrjpvliuaTTSslpd21T7LfbR9unmOifAy4lha71ueLT4jhnacIsuDyQAwUnH48kc8cdvpkfw+8GKUhtY9RurfDS3LBXGUwVwQSMk8Egk8AjggVjeIfHU2qRyRyXUkplULiNsIjEYKlRwegwcZznGBzXhuuapLHcmIS4R2IZVOAyqOCw6FyTyCe5NZKEqr5ak5Pokm1F6rR8qtfb+Z6+TtpQ9vV5bvljdNrZvVaXsl0e2+q8j3XW/iJPqkU4tJ3hs2UoIYjhVUnEYY4BAPO7bjjgj1+UfGt5dJfziebzPMGQpzsC8HC543d+ec/XLdnb3UrRgQOxV2CeWMgjnGG6DqN2QeAMkgEBeX8f2Tzw290UPyARSIiklQeWJPIJPUYJOcZ2k5r1ssjDD1VFJRi0km+rVne7ejslsutn1PQlgozpSkldx5W3pf7Ot3/dSem1/u8fkvpGnYbsZG3JIyQQSoHHQcnvnJIGahNyYzsUhSxIG3kKSMEnuBgdvXuRzof2PNON8SOo3ADCEszDABUD5iCCPu91wAcV6j4b+B3jbXPJuItJmtrGdRI19exPDAqYDbk8wAkbfmBAIPT3P1MFOraMPelJKySTavsrbpXWza8+5xSw7jZtOKjo5XVknZK/M1ezfZXvd7WKXwz8OHxdrlto0REMlzKFe4lyY0RyASSwx8xOQMHsOuBX2VpX7I+i3d3eQ6dHc6zdmARkWwLRpcsPmcSbQhTdlRgcd62P2cPhl4G8Na6U1OY63rXKXMcbEW9tjnzB0AIyB24H3RX3xe+KtP0ZDFoEdrpcVvGq4tkVZJZQCw3vgE8jJbJJYHrzjmqZJmk8TFU4uCk1dtNaO13bbbvu+lj3cJXymnhOfEzjUaeii9tFrbTW71127rb4c8KfsA6nD52o+L9c0zw/YrIwQmRHuvJLA7fKY8MAAOpJOORnj3rQvhB8C/hzEkNhotv4t1a3XjU79I2g88YO9YyCnVSQcd+fSrOv+MtRv963V1JdyOzswkldkjU5JIXgDjnnLYB7A1w93rMUsW0ECR2ySjZUDAC7gcAE45O45AB6Cvs8vyOlhqUHjKqnJRj7mqV1yuz0Wuqu76+h4GMzN1GoYCg4U23acruVrRs9Uu1tLvXd9e01zxjN9m8iE22n2KgxQ2tjCsSRgDbgsigZVeFIz0AJ6V47rHiHyQWgJd2cYnbILZB+9uyc7TnaANxHQ9DV1zXrKyAE9yHjjHLeYoQEAZzkngEk9c8ZNfPXjr4r+H7ANHHfxtNFlgqvvCnpjP8RJ55ycZPLCvUqZjhMHTSp8kXGyulZbLqtbbf1a3izyzF4tv21Ryuk7XtZOy0W+ttbvXY9qm15riBnuJwgyxcB2LbRnhR97Ax/DnjtjIrifEHj7RdFtXubi4VHjiZg7sMBiCFVAfmbgDtxnOe9fGOrfGbXL+Z7fR4Z57iZiseFLKN2CoCKCOw+YgdMegO1ovwx8feOgLrxJeDSrRtsjG6cqSrAkAIxA6HI4GD6k15tXOq1dJYdOUZaOVm0tFZ3d07/e/PpvQyahQcJTkrxSd9G7rl6J38t3pbSzZxnjn4gXGt6tPdadbfJK3lxvty5Oc71UDJYjoQM5wBkCpvDnwt8X+NWj1C9Y2WmCRP8AS71iikFh8qI5HXJI9cgYAJr6T8M/DXwrojx6fYaTP4l1leI5Uga5QyE/LhdrDhgx45GM8V9kfCT9kD4wfFO4tvtGiXOkaC8gZnnVrSDyiw/g2qXKjk5GeOC3y48eWDniJxnXk+Va8t7RvdX5m/lfvfRXuer7b2cfZ0Yt6aSSblstUrNtNq9ut3sfHXhvwD4F8JSrFDYTeJtYaBfKcxrJDDcg5AUYZSgJwDjjJ+8RX0z8PP2dPjB8Wnt4tM0uez06aVDsjie3jji3DLM+0BgFIBweSOpAFfs58Ff+Ce/w78FPbaj4ki/4SHUQiM0Dxg2wI4A2EsG2kfxbQx+bPBx9+6Z8PNO8P2UVpoen2Ok2kSJGkdtAkRCrnG7aOoHbnI79AdJV8Hhm4QlDnjraF0teW3NKPxK3bRrzZ1UcuxWJUZ1HJRbbSlrJp8tktbJ66qysk9ddPy9+B/8AwTy8E+DvsOq+OLr+1dUdBLJYFQtsJMhtrjkuvDDkAe4JIP6ZeEfBnh3wtBbWXh3R7HR4IkjH+j2iws4XC9VQliQOMnGfxI6qPSobfDPEbkqFG98gpjqM4xjkDB6KOc4zXR2MMnmh/KCoQFG9huGcnoBk/KQB6jJz1rgq4ydSVoS/d6LkjpbbXf8AK99ux7WFyqnSnG8VKzTvK3Nrytyu+yurJdbPcZDCrlAYSQVy7OSQxHbHJXJOMHpwOMjPVWGmvxKqmGIfKcfKp6E4Ocjk5DEEnOex3StLpel24luTCFAL+ZK4G9iMheWyBnO7p0znnjzHxR8Z9N0uN4rIJcyBTkxYEYK8AMQeeoOTjoMgnNcdLCYnGV+WlTck0rSs7PZe82tPy13Z6lbEYfCKDnUhGzTS010SaW7u769FZaHrMstlZRv50wLD5lLE7AxxjODz2LKRkgcYPXzzV/iVBo5lihdbh1DEIo+TpkcjG4A9Dk88AcV8w+Jfixq+rA/6YIoZGOyOEkkdTjPOeOnI75z38uvfEOpanIBbyXE652NGNwO/1ZgSQcnJwRyc4Axn6HCcNSVW9dKTcYyUI7q9t7q7b0tuvWx4mNz93SoxagnrLXy1to9mn31fz978XfFzXtR3ReaYImySkL7SsfIw7AgeuBx1A6fNXiN/r817P5dt5tzLJkuwBkLNkk5boOpHGOCBjrWlpXhe7vsTanO0cJYEwKxLYI5DFiTjg5JG1Tk967uw0TTbBvLgiSNEUsZGUbiR/tk5A6Dt8oOc8GvpMLkipxi4U1BRdloruyje1769b6tW6nzOMzlTqXnWdSTXw82kZK2mltHr5XWnQ4LTfD+o6jFI9/ts4QVAVc7yvoCMhcD6eoOSBXf6V4dsLIqqW8UzoMB3IZzkDkZ3cZOTg49Mk5rbhgiRkyiMpUMx3buQRhhnJBwcnnOccgcVoQCGJnc7NshwHK8KODgc4z0wegxxz1+go4GnCMZuN2rb6t/C0no04+Wl+iuzwq+Y16jcYyajZ2te13ZXeybXTXu+yLS6bEFVpSAoUAAICVJwAAcAAj8/QDJqldWsiIjb22LzhiPnBA4weCuT/ED+fAmn1GC3jAlkMkY+cYkOTgFQQCfm9D2xgDOAK5bVPEi7NluXlmb7hwCoHYYIIx/CMkA4A64rqXLBXUYqK0d7LR2Stvre6ejtZeRwxqTqtpKU7vqn3im/PZLe29nfRz315amLZIEDkbVCkl9xHQ4A6MOSTzjg5INefPcXxmdInZSjvh8jaEGAAzKQF68L3PIIFct4s+Imh+EbeXUfF+t2OlWyszrG88YnYbWGVjDbiSBjHY/w88fBfxG/bTuL+4uPDvwh0a41OaR3jOr3MTeXvOV3x4yD6g556gZya48ZmdGimue76Qjq2/dsklZvu9ltrsehh8uq1bSkuVOzT08ltayaV76r79vvnxV440nwvpv23XtStNOito5JJJZ7lUdgoOWCEnd03BRzzznOD+aPjj9orSX8R61dfDDTbjWNS1Dzbe5uBHINOkdTgTvGo8suBg78ZY5Jrz6H4f8AxI+KF9/afxE8RahLFK25dMjmkWFVOWCBA2BtHbHI6k4wfpPwT8FvD+i6ekdvbpAwUZTyl3SAALl22ksSM554GB3rwKtbF4xpwXskteaTSn0s0tLXT697K57NGjh8JFxclJy0abXKrWdlptbponbRnytbeFviX8VdUW51/U7n7PKyeZZ2kjJb26uT8kiqfT7vHTj0A+q/Af7PWg+HkSSeBLi62ozmWJTjjJLAj7vVt27d688Dcj8Pf8IBrlpqUCyf2JqEixX4KkJEzNwy/wARC8EMAAAfm68fSttDFLa28tqSIbmPekwwytGQCpyepwQMdMkDnnJh8FCM3OqnUqKzcqj5rX5XfXTp2ad/I2rYpuEVSV4bLlsrWs2tFp6O19Nm7Pz3T9LstHnhitrSOJFcq0iJtQhTwMYJB7Aj5T2xjI7QwJKoLFo1C71Un/WBsZAbHKgjBAwcc54FLexQrFGQvzx4BJGAwPUnPuemOnORkCqj3qInlA5JTg7sADB4GMcjHuc16ahGNvhitLNK63Wumieq0eiS01dzy6tdz5U7xve9222tLb3Svdt36P1toJDaR+a6ygB1G4DcNjN8vygNnnPJHZiCfmweW1O4YTttDDBfY2cl+MdegyRz19MDApZdQhTdG0p+Vgxx0Kr3f0LdeeoxySDXM61rUMO3BjDBSyrkZJxgEk84OBkfU545ido6KavZLbyV72a63u+7tpZlU6fNFSu9o9Xs+Xr+HW3nchvrx3iZSWJUl5MEkAZOQQOcA9zyMEbT1rMGsKGETERBYyjMMkFsEjkjryec44yMc5wrnxLAscrF03bSWyR97GcYJGRnIH0x2FcFqHiuKBLiRmjRQM7y6qqKR1DE7QOuRwFOOeDXM67g0uZWT1er2SstLu927p2b100Oj2U2o/ZTtfR7Ky11at0vp6XsekDxAsPmpLIcwsSjF2y2ccAYx6DkjlRwQa5DW/HNtETmQEI26QswATA4YknAP3ux6988fNviv40adZyG00+VtT1BFKiO3O6PcQflmk6YGMZ3AcdcjNeKX+o+L/GcjSXly1jYMcvbWrMilc5KyScMz98KD9MAGuGtmE0kou6skrPV2t1+J2Vmtn6LUcMHC6k1d3XTV/Cml1enWyWl9Nz6C8VfHC1t3nt9KP8AaeoKMLDGqtDCxGP3kgOwbTjIHHUc5BPi08ni3x3KbjV7uZbIvkW6yPBaRoxwR1DTHoAu0jJyGweO78FfCa5ktU1J7eKy0xfnudW1Zha2MSr8xI83Y1y4ydpKjeV7dKi8afHT4KfB62uXS7g8Ya9bxMqyMVTTIZ0BULBACVJVhwQuCBx0JPn18ZJQ5q1VpaPl5ruOqerW7XfVu/zXdQwytywhy2SW2q0jdp6KPLd36t21Oh8JfDMwwJcWtlDb2KFXudW1BFtLRUGN7Ay7TIUwW+YnPGMc1xnxB+P3wY+DbSLFdW/jfxREGEaBwdLtZR0IjXKkIxAO7IJA4BNfnV8Yf2zfiL8Q3uNNsb99J0N2ZIrWzc20QiLMFjWOMjHGAX6nJHvXyHcX17fSmW5kluJp3+aSQvI+T0GWBP6jGee9fOYzOXJcmHeism0rbKPxProrLZd9WdtLBxjrN3bbfLe/a/vb2321fVq+n1P8Yv2p/HvxXv5V+3vY6TGzrDZWZNtaxw5bCxwIAjBRgBjgnjK8Yrwmw+2apM73M7zSKu95ZZDIz5JxhiSSo/u7RtAzjK4ODp+nyCT98CqgKSOfnycsvA9M5OenLDrntbC1iil3QEgOGHljhlAGOSQMjs3PBPrnHm0uarNSqzb1TV+q93S13ZdvVI64xhFWilGOnkto62tr2u1o1ZXOq0bT7YSK5OH2qwyoPzrjIGM8DJDdueehB9V0pYP3cmwAk7WCnBOAfmPfHQgZ7nHPXzrRbbcyCPIZdzEjJIyeSDgja3Gecjoe5r2DQNElnRGMbIokBLjJyARk9eQDxjA4BJya9ygocqcbWXWKTu/d3v0eutn62TTJPzfeNreSt53dm9PmzrNLsmnSOT5mHRQMbwQQQ3I+9g9D1BJ5BXPd2umEkZwr7BvUgM20c85Bzk+vT0B6romkRQRxl2DsT93GxowcN5hyOT7np6cmr+p6pBZAGKSPcMhxGcsoTnk5yDxyvX1712xrKMWpxstLdbPR2vpprvtqt2miIQd3K19bPzUrdtrK33+djOvLe0hzvCZIBdX4DYwAF4zxx/dzkHOcivPdW1e1td/l5cAFFDDhyTgjOPmx0JOT0JyCafrHiJrgyuHZCMt5mSxAVeF5xjPUqpxkZ44NePazrjFmiTc753bjg4yTgEgkjoPmyDyQvv59evTTu2lrG6Su9LJJpX2110b1dtDRK9rNJJ2fW9rf8CzV36WNjWtcjWNm3FSSMKhzgjPBwccL1I4LY6jBHn97rJunyGbOflRcsdqnABwBhz1OG4xxjIAVbC8vpTgPJuzkuD5YJI55DAnDAKOPXkg1s2XhmNWywaW4ZtvlQpk4Bxnf39GLc7SCAO/hYrFWjK8krO1u691JN3dr7br77HfRw1afKotpO1rJXequ72t1e+qVrHL2mnXOou0sqbUc43Od3C4xtU4JAwRnHHHevQtB8LGdCIrLzOQEYoQqn5QWfhdxyTnOAMjmu30PwvCqpNdRouzBSBVOc88kfiR69Ooya9Lght7WOMxxpG4C/u0OwAYBLkL7DAwB1PJOMeJPHSu/ZtvZvXZ6K9t9OvNeztbVWPZoZWopyqT5ndNpvS65dbbdde9tL2153QfBUVsRNqbB5Dkog4jORhQSNwAH8OScfMBjgV3wktLZI7W0SGHYAzvHj5sdAMcEgdwec8kn5qrpJ5+EYO6IcqFJIMmDnJPHJPJzgED3CvhtoVlV2GVUMCrgBAyncV3cnspz2A4I7ZPFz1cpO1rWvu9G/nond3b3SvY6/q6jaMIK1tGk9dr3tbRLRav5vUkhEr3dr5zbUBDA9OA2AxXPzbs4ycHJ+pH0j4QuEkkI4QRxoc4z90LjAOOC2GI4wemSpr5jmvY0uoERiziRGIJ4UAgYUnIwAMHIwhAHYmva/Cd7cRK03J52KFXlt2MEn+LBJBzwOpzk58zMsRUlhpJStF6qK2vomvuXbQ2wlOKr2td3Wrs7qyVkrX0f46Xutfoc6rGkPzy4KjO8kAIB97HJ6jnBI/8AHa5vVPFYgjeGAKzNkGVj935eR3C5wDt4HXHtxEuozSxOXZVfGM5GCMnARc5J9cnBO44PbmdRaaRGWMNgqcruySN33gM9dxPOc4OeOK+Mkk23OW11q7bpXstVby9EkfTU/aRSSg4u2klezbSWq03bdra2dk9WlT1vXLi4d/PkZgVYqd2FJ4AwBxgjp3JJJJ7+X3zS3Uq7UkllydqoA2Cd2UyATlhznqBnd1Jr06Hw5Jd7JbuU2kKAOTKfmIXBDckqOzZwcc8ZOAl5rvhDwvA7Qxx3V8MkEbJCxPGR94cnqOevQ4rJ5jGlKNOlB1Z7JR1Sd47u2ye2+mrs7omphZzpylWqRhFJPV63XLfTbpppr00OP0rwPdlTe38ZtYcltrcSycZ479AOOozzzmtDV/E+i+HLZbWwWM3nA+U5Kseu7b8pxwfQYOc4BHn3iP4h6rrUwhSWW2teWjRCQ/U4AX+7/CM4YHsDnPDtBPdu09wXQrkqrEmWTcOpY46knccZxwD3rbD4PEYqpz4uSVO6cKMdrXjvbdttJppq90tNvPq4inRtChrJO0pu1l8LuldbbfetLNHV2viC41LWLdpGdlaVmZmJ2Zznaqc88dQM8ZI71ka9cO2rS+SpQEyFvOO3/gRwVOVIIwRn1+XNQaTqcNtqtlbwxB3yRwclHHVjxkHJ+g4wQOKp66mr6/4ii0vStPutS1K4byoLTT4ZJpppZH2qD5akKCcZLEAHIPSvscNhoQpwUYxSSSitL9l1dm+trep4tWpUqczc25NrbVt3Sd37z7bL1sjGv9TgtVfysNIgwz7iQp6nP8Oe3HQYyccDoPh98LfiN8Y9attF8FeH7/WJZXUSTwxSJp9nGTtMtzdELCqJu+f5icZ5BzX1n4A/ZR8K+E9Mg8d/tK+J7TwrotvGl7beDbe4Q65qWxQwhnjVhJCXHycg4yc++J8Vf25rXQtDuPAf7PXh62+HPhCOOS0bVrSOOPWNShGU8yW6CicsyFmBBbkkHOeepU5yVqSbtZJtXjfR2bd27ar0WtyFQowUKmMqKEH73s4v35PS90k7aO2rTtrrudr/AMK4+AP7KNjFqvxa1Wz+JnxOiAntPBekzrNo+l3QG5Y7+WIt5pRuGjbONp74x8c/Hb9sPxv8UpJdOe6j0Dwxa5g0rwto4FnZ29uu5URliKbmC4DZznkHIzn5L8U+N9U8Q6hPdXd1c3t3PK8k93czPNNJJI+Xkd3J5b5vYZz2yM3w/wCEfEfjLUk0/QtOu9UuZGwfJjfYmc8ySBSij+8xbHXGcEV14bL+dwdSMq1RWtvZXtqraLa990m9Eedjs6UVKhgorDUVZNxdpySs/endW9NErvXQ5/VtYv8AU5pGmldgxZdoYiOMEg4JbkkEA4zgnsODWfpPhjX9d1KG20yyuL1jynlxu0ZOchWcjBGMHAyAME8A19q+H/2b/D/hu0j1T4laskl0oRofDeluHeSXhtlxKDgHcBvAJCZOQwJx6X4V8MXOtXhtPCWkRabYwkxLMIQkdtGOpaXAMsoAweCuQSpJOR9HhssnPlcouMUk7Ly5W7N9ddtmfM1cXFa86nObu3zKyatfVtOT3ul5JNnzl4d+DRsUtbrxOVFy5DPbhv3cK8HYqIxZ5WHATBwT1zwPqDwz8Op9ahtbLSNPh0rSIgPN1C6j2M5AxmKEjBYgNg7ck9Rg5r2bS/hdoeg51PXJJdT1BlBja6ZmiEgA+eOPJDZJAGVyOmORih408caB4LsfOvNRjt9yFkijC7lwPlSKJehboWxuBAx2A9NQo4am48qS0SVk5Sd4pJ6J7/K710bRnTU6zvKXuprd7R0T27u+r8n0scP4s8F+E/C2g3MTyAanJGUbVJgksyJt+aaNSxESggbd2GHTuM/CERsn8VtDp1xLfBroQvdyAs8iiT53BOcZIwNuOBxnBJ3PiZ8adQ8aXktnZyyadpe0xFd5a4uucDzGHzfMFJC8kLk9Tiofgfpi6r4uthMoaKOZZMuNwZoiDyCCRkgg4GcDkAhq9XIKU8Ri6cUvfnUiuW3Rct9tLtNq1rWep8jxdiqOHwdaadlShJym2rc3KrJra0rq2lr2VtmfoP4ds9ujaS0sZSGOxG1GT5g4QjcSADt6HjkAg4Nem+GLVYvDty6ksstw+VAxlVIyzHOepG0jJGDgAjNZqQMtjawoI02QBXVFGEj44JbhdwwMDC5GCOm7otOnWHQbgIArNdMiqvUg4+cDnr0wSDnPBwQf2l4Snh8PBcsYt2u5LV3Ub3vvtb3tttWz+ZMPnWIxONrtzbjTeijZpu8XdtWSe+/R67HHeJZWFlcqku1Y43yTuD42kgc4VQB97HJJOOADXM/Dy41S4mnhsHjt18yKPzzwwO75tpbklhkkNg4HIPBPV+IIZZrJiSA00gWRWCj5FGPbA5wPfB4HFcv4CuIdK1S7a6XKQz4UAhEU5JDAA4wDkkdD291RoYeU0684why7rV7RlrdNNtW877NJGuZ53nEcHV/s6jKrWvCMU73ala+t2vdvd9tr2L3jLw5Aut2kkha4lZ90lzKRkudodmDYBOc7ecZBxk8V2Vpfxadpa29jGiN5Z3y4Vcg45z0PzEgdcYwoxjPEfEDxC97rGjIodY52LZUgblDHGQDwABzwc84yTmtp5wljDvC/vECIoxnJ4+Y8ZJGcDrgEc9R8pnjoe3ccOn7P3lzWV5L3Vfve7t1vp10PX4Nw2PVCVfMXy15uUnHmuoKbjKzu9e263tddLUV08jOyDc7oWmZiepA6EnjICjpuyM54Brx/xrcRy+MdOtCFeKO3SZ1IP3mYHAOOMkYHpk5xXqlvJLhk2opfaGJYAn72F7ckAZHU47nArxDxNdPN4tvAnLRrHbsQBhFBySD6kkhc45GT6j5apHaTe3VX2Vrrd3T6+tm3c/SMLW5Uoxs25W1W6dltK2+j9Vtojwr40/FOx8KaheaRbDz9UuDHMIUY+XFEAFUyHksR0GR0A4J5r5Vm8R6h4ovkbUb0rGTmaEEhIlLgnYAcEsOOTkY6EDmr8ZtQW/8AiNr0m5tlu6QKztuOVVeBwcbtowAOD15HPFaVckzJEFKhB++CYLMMk9ueBxuOcg9B2/OM1xVarWrLmfLGbUbye2lu29tld3d/NfsGT4WnQw1B+zipTjTlKy1bdm9NevTdv0Oq8R3mmqzQWse5LaIqjR8rOwGd8gwDwSpwehPOeSfK53aZjIiDcx3lAxACgDJz975iOnGOuT36bW7tC8iQbYy4AdOGwoGR1yRuJycMQeOu4kc15kWwZAVyhDquSWBPygEkYHTg8dMAdvLop2XMm77t76NdXftrrrbZ6I9ipy3VtrK19d0tXaSe2r737lUuUcsAM/KOo5VsEkj5umMKcjBxk5FSSOgCABC5Zuc9c9Q3bjt1PByarqqrI5JIwAAW5APy4wRj8OnzccDJpjZ2ADkE8kkg9SNwx/EAcY/iAy2eg7I6KyTaVn3enJs4+d992n0TRztXs01d6Lo38NtHrbfvdaJa3HEksVztwBux90n8/fng5zk9hUHA3KBgkAA+nQgKOgGcE9c9cdae0T8kbSnyjcOBnBOATnBOGyOetREBzgY6DjGcYC5wehIH3jkEHIxk4qdWveVml52fwrTTl6N6N9bLdlNW379O+nZaq2npu7bgCh9pdgQNpcjJOTnHDDjAPPB2898CVZfLO5RGXwMgdlAwTjGOoPQjPy8c5qqw/usTyR3x3z75HXpjqM8AFEBDgEEnnhgAPYkk/Tnv0zimr3srJ3Vtej/O17bPRu/S0uN7Xb2s7aa9flp28y+rx7Fckb94OMZGO3B6hR1wOASeMirdvOUlySfMf+IfeVe4AyPTBIG7txis6OJ2DEAMFO4kHAGDzjb0PbnoeuelL55BJUAE8ZxzjHPOCOe55PGV5zjNu91bTydrWaWt2k3ZO6Xe11d3aVrK+y/r/gf8A6aDV2W5SQlyAhVUUgdDw2TnLcdSSDwTw2a1o9StvM82Z/kCbkG7Lbz1Vu2c9OeowSM1wQkbgjG4sTwO2DwM/ezk8dPU84KqwcEOzEkjBAJ5x90YyccdOOKh0acrNxs1olrrZLRt2urdb69brUOZpPl1d9bK+l49vtad1ok9ro7K0Nzqd9HHaRyt5sgCKpY8nJLHjhlAyCTjp0zivatb8Oadp2j2g1C5cSPGJGWRiZXmCBtsYIDMgztznt2HNePeFL6HSJkupHZXVXdCRkEnooPGM5C428Fj1wRWr4h8WalrGoreXrFkiQJbxcARqQQCQBgHkgNgnPPUEV52Iw9adWHs1KNOG773UbxumvdWuqVlbXXV9FF0405e0V5SaS5k2l8Le217aaWd9Homrk9jDBZm8gDSh3UPsQfKd3yqXI+UnGG6cA53ZzWR/bL280iziNZGVhGifeHBCsygcjpxz09TzNeeJ3l0xNOgiWCNSRMVCnzXODge5OCM9vmweM8V9oTd582SygoEbGc/MB8yk9fQcgAZPQVtQozaftE0rqytZWtF3ff00M5TSa5G0vdur6XXvK2miu7rZ331317ya6nt1T59rMWMbKCFGcjPUDIVgOTn25qzo2qWdixchWkQld0mC20EBlTcB36Yz94cd65g30hXAdtiAqULcZJwepIIGQQcnvxzzWCSIowp+fcV/vMWxwMnBxwSeTjcMc4PR7BKPK3JJpdNtFZXSXmrNu/a+hne9rt3aXW9+VR1v2ulv39Dutc1z+0tqwGSK2jCqSTnnnBJ+UdSGwc4BwMZJrlbthPJGyGWSMKFRVyxYDrjjnPXp34AzRcTTx262pXghZHdgC2MnjBznORxkYPJGcVv+HmtsyJJHG82dkJOAUyCSeRwQMEqeoGSSRSjGNGLlBNpa3s0/s7pPo3q7afkPmk76y0jfdyTVtO1rtu9r+hf0jwvDLGkk5YTygukEikhQUyGIzgAMBjg5xnb82Kr31rYWt2YsLLNCu3AH7syY5YADJ2jnkHpzTr/AFy7s5ZAs5M20xxCMZVFyeFJznrzn5s5yeMVyK30rzNLIWa4kLYYnLMcHJAJPP16D3xUU1Wq3cp2i9km0nok0uVvf0W1+5clGyeiabd7aO1rNJN23lreytd9bdHJ4jktWjEMKGQKyiVwNyKDgbVwOAvGe+ccgtnl7iaae4aViwklyS24glc5wvZdw5AB79cgCpJFjlljeSb5iMurAA4B+Xbxxz94YBYZA7A0pJI3bapIOdo56AcdfcDBGAQMA8cVtCjGLdrt7Nveztpo+u1vuVkT28vv1t11dlb77amkmqSBRGGYuAVDk5O0DAwpwA2AQMcADdxjlltCbwkMzIIyXZ95LMCMnnPJ9tvvjIxWQEYuQFORxu6ggkdT688HG7dtHcVvWbRr8juIXwM4YfOeS5bHQ44Yd8nGDVuMYp8tk9bW7vz6vTRLdN6jT0T+yru2lunXbS2qXTRXuNmLDykCKEQ7SW3fPgffyfvHnjjrxyQDTIzG0iZbkHPysSfTC9mGO3UY4JwQNK4ddRkRTtSFI9rSgZPycHagBDbjxnJJBPGTk5kqRW5YRsHckFdi/dU54YkDBJ5PB/unHSpguVLmupWWjaur8rTS33d+vVkt8+rtv5Payd1+HbZoskwK7TxK2Iid4YbiXOAcsScA5IGB3BOOlUJrje2SMFcYXOCWHOG9zk4PPHHSrqyRJEAhTzCA0gZsgNjv2YjP3jwBzkgFRSWCSSVFKgmRy2ApYjIJb/eJ6nkEHGBg82tL30V15pbenrfve+129v6+XQhI8xid2Wfhc/wtgHIOc8EnJPUA446WFiaIDADF0YZcDYM4zgnAxwemckng5qX7E8peNAw8okvhcZPcZyMY7Y7dsYz3/hX4f6v4kubeGO2litmBY3cwYw9CSSwwMcYOD64z3JzhBOUpxSs3e7tbS69Vpo9bGcqsILmnKMUurenS17pLvp/wbef2oad1tIUZpJBswn3pWI+VQMr174wBnAzzX0F4O+EVvrOml71rh70W8rmzjYCW3kxlWbJ5U9T6AY25zVTSvDNj4Q1K9l1a1GoTwqRZhFIXfGRgxkYG44HHBxnha138SzxOJtGu7qz1G8cxyQAtu2MNoiRR/EcYGcYyQM8mnSq03KL0cZLdtK+q0V092tfusfO5hm1acvZ4FpNX5q2lraXt9m1tb6+lzH8QfBTVtF0u3vxcQ3VrMWEhWQFrdc8B0+6SnIYDI4IPXNcSfDdjYZgnfzbghXGQRABnczZwRg5+6QOnTpXvGh661va2eh+JY7pL2W6N2DdvlAjHcquhI2rICcjGDnPSuL8f3llLcXLWsNrbxgsq+UV2s20BiuBnAAzkc5HA4KjDFTXtEqcnZrXlbdtrp3te/Vu2u63RplGZ4jEudHE005RkuWrBe5Nabva+nldvpY8b1ez01C32VArg5mwWCJGAASOCxUnd6k8YOBxzyuTK/OIgoBO85xgY5+mfxBB710Vy0KoVgJZmTkk7kbGOcnqAc9gTgEdTjKmtvKVGUqwcMzlgcYAztU4Ixt654G0emAUpPlSk27vTRu+q3s++qXfo0ve+kcUtU76Wb+S3ttd7eiv5XLO4jWGUqxBjQqjkZUDBwc56nHyjnoCCOcZU0rv5iEngby+cFjjgYPHHX15OcnFWo7kJA0iRJtCldpYAMfy6HryQAeSCAax93mSszAgScIv3gCxA2kjtz6c4OQMGtY0/eb5rRfVppP4U97b3tstV1eo5S91LRtpXs9VZ262v02/VGv4fEp1K3VAWYyoQXfJj2uMtyTxuA7HGO2K9g1a1lmnhlmkPlhAsTt913Vc+uPve/bv24Lwd4bu7rUobhmCQB0IbOPNAcBkQ8HoQDgYHPAB49r8QWUW+x02yRGdAPMcfOAG429flKk8KRk55zjNeBmVZRxNOEPeSUm1vdpRa0T301Wy6dG+LESikrpu7u473Ss9Unf19Pv1PAsEMpkgv41e0+ys0azcgvkn5MZBYMCVJ5zwNuciskAsdVkkkWFS1ztQEbHjTOUcKcFivduCf9pq9A8EeHrme707TVtvNuJVMSDIRY95wHmbPCjO7DDPHHXFc3428M6pp/iyW1do7qS3lUEWxVgsacP5jLk4BABPOQvQkE18osbSrY3EUfavldO7inJcsrxTUrbafD5N9TloYmnzTUVor3tdNSvDmjJpdItKOml9FfVY1/eRTa1BaRPcTruXbIrEmSZ/lzx1wSfoNw5r6C8H6ToOiQrLq0P2zWiglENyuYuXDKHPIGPcc8cengg1Gz8PXgu4Yo76+u8IoVQVtJA3BQ5Iyo4O0L2UnnjttM8YavqGpWgjth58bxhlkiQeaWYKWc9AE3DYDzwDnrXlZvhq+IowhQ/dUVG9ScW4zqWteKbbSVkm7K8m2tNl5uP8AaVYuNNcqury+GUtrrfltG/NZJNq6PoLWfED301lFpUNpYWVohkuBAoiJmQguYlYAkhwQwIHTPIJrqdJ8ZQPAbzVJnl8u1cRxxTbXcp9zdCDz1BAAJzzwM5+c/Hker2Go6UIr5bgSshmWA+VFHJKA7W8xU4XncAP4sjv0LS6dLxliaKeR4gHVJifs5wN5UdAAcAluCQegHPy9TIKOIw1KonKbTWl+ZqSUeZNqzTbV1e7Su72seBPB88Fyzk02nK+rbUY3eluqdl02Wm3vOjeMtJv7yS5tNMjGtGU4mujuQKcopLOF6K2doyASSetdaUij0zUp0Npd6zMxMDiQI1u4BYhUyAVyFUELubBwTXyp/amr+ekUdnJLaxs6LcWi7GlkJzlpFADY5JK/LkZx6dn4d1xrK9jt9TnfzpoyXuPMLiFZGwmT/fRSAejDnscHiqZO6Mo1IVZSnT5JypcylKSjyqMbJNpau6b2WiRhVhOEYuNS6ioycbptpON4qKXN711d2vZdEZDReJPEOuSvrmsyW8MtxJbeUBswVY7QB8gddo256YyDnIr1/QYDphW02IBbKyoSwMjoRgFiQclwGIH8J6DuMHWF0c3sc8F4b37LGspAwrM7kHzlYcblDEjJ6c8nk2LC7t5LkXKSMVFuDyzF85IBZDgjIHUZJ4HQc/0f4QYn29aVqKouEKcXFQcYq9r6WenMr6766pnzHEeOqV8uaUVTUJNJJJK/Kk31lK1rrRLW/ke5eHbwJhZGEZDByS2cZ6DGOpB6dsHI5FekzX1ssOJJBkorZB5YjBKk8KB2J6Y9xx4Nol4kjq+4F2U/KSzDAPHH0OSB045PJrtbi8HkRhnB27RkkkEk9CWwMcD6Z5xzX9TUcHCUITjzXsrR5ZWuravopW7u6Wlz8Kq5hKnOpGc4ys3a8lu5LR6d1srWXXYlv78J9ocHlUIVTnDBuByM9O2Oh7isqyuFuIwWJ/1UgYkHGRGxwMjJC4Jxg8kHGeaydSu5QZG+VsxhQCoCgNgHJyM4UkjHHG7r1ms5vKt1JBUBJi3C8gRMct0wx5ByB054GTnioQowqJ9INXvbRpNKzWi1unbdWs2tcsC6uKxVFxsouvFXSW3NDey0Ura3tqlufkl8SJ9nxA8WvHIysNZutpXAYgt8zZyfmBHQnr1Oa424v7h9jMxkYE4BI2Y6YOOuf7x6dASMg7HxDuN/jvxW6dG1m7AGecb+QDngrjHBPOehFcm7K0e7ceSBkH5sgH1Hvz2PVuSK/mzGNPF4iydnWqcu2nvX666dOl7Jvt/bmW0VHA4O7u44agtXfT2dP0d9F377pNdNpN/BBcwCWQBJGJkK7g2MYZcemActncBjgcCu5Gt+R5duk3l2rP5y9egPyoTxkEjDHtuPGK8egwJUDOVYHO4AHjqB6YYYGD6HGDWlcTTpbmRZiQzEbVO5lA547gcZHoePTHl1sPCrJcyVrJNNJpNWv6bbu+vV6p1Wwkakua6tfSPS11vfddt/VXTOz13W5J7iSeTczIqiII/CKFIXOCOCBgDGRzkgjBw9PuZEu4pVZ2llDMADkEvlcEZPBGOcdSScgCufS6BVd6yOpTbySVwuMNk8DawzgkHOAMHmu20uGwgS3mXbNJISzNjO0EZKKMAKx5JHfJOCBky6VOjBpJW2S0X8rvZOztddut209cXSVKLVk9bJLpLTV+is7Nenn0V8kM2nvDMGxtDzBDnbIxLAmTvycYGCoPXArzC5/cSyMRtKtwjKVOzryWxkELhhySORzkV7NaTI5WCRLfy5juZWYYVARw2c7m69gSflGc5rjfGOm2U8hltvLRwNojVlIdRk7wOcZx9CQcdieWjUmqnI4Sto7qOiTtp11tZq/Xa1i8I7Saa0drJK3K7Lor2Vu8nqzhUu4ijeWAgLDKNzvB6gnGQAwGCOuefSraXexD5IUKrfMMEgsx6KT04POM45z2xzfmlH2oQBuKvk5GcnPuTkDkgYHOOeblvLiQK4O0yDf8w2Kp5JIxkg88Hp/L0uXmS5lryu99lpGzdutk0rLe+m56DjzWV7X66abW1afze/d6I9c0TxRbLapZ3pkUEAKIydhIBAJzwOu05PTJ+uiNZ8i5kBuC6zoNrlt4iU/MEC5Oey9RgAgHH3vPZBaS+XFbLsZUyZF+4Q2MFmwMtwMk+mO1aH2UBLfy8rKMbml6sCASQeQozuwCSV/WuL6tT5+blS5nfpdrTe99VuuiV7a7RTwkefmj6vRNWSTu7WWzVtdlddTP1m7lkefMSohclSgG6TLEEkjAAzz8uAT3PJrl2g8xZfLDrg424OSSM9zgBcEjJ6rkdSK7ZYRGXEq+aoYFozk8Y45IyBk5IHPJGehp8dpaOJHZQrEECJRt+U/MeRkHjHpxwRW1OqoNfu7arbpez1acVdprTe6tZXstZKUGk42+z5pe7re1mtPNXV9zhYLRgXLx7Y16nktv5AGBkAH/ZyPqOlmKzM5UBH3s+FyCQATz1xjHb6cEd+5ttLgjbflZBJhgr8rHt5CgEkEnjAO31XJyRdgsDc3CiGEqMNhVBG84O1kABzz2A2kEgZFW8QtHbdpq7bta2iW1+73d2kujqmr2UbX7tWv8NrLr3dtUu7WnFpoayqBudSmMCRchmzzgDrj7qj0J/hyBqW2hvCUEaeaS4KMQdw2kdOOeBgjOTwOa9O0zw87eYblNhAUqSp4wc4CcHeDj5gQO3fFdbbaFC6hjGhJBCM427TgFjtwTzxwCck9CMZydWUk1zOz2Sdn0vde95tqy7q/Tvp4aTV2nzJbPe947JarWzv066O68Wa0MAdm2KwDMdxxgqMdORx8u454zk44rLe/EaFYUYGUMJJeVySSCRnbk9QB0zk9eR2/iC2WO6uYwokDK+NuCEXghiM4z14yBwcAY54lzFagbxFOqDOCQAgGSQf4hnqMDgjsQMYRabkreWze9tk9dNfzuzkqRcG43bVtmtnp/dT0Wqe+7a0sKzyxWzs2CjIJH3tnbljgkN8xcnqPXk85rCUi6umQtiFiSzIuQqDhT0wMnscAY5J4Yz3t1E8bRoWYOMttzhDn5c4IBwTgnOScjI5zQsJDb+YPlZhggjjGACG7/L1JAy2SxGOc7xWmnqr69VtZJPW6V+/kZJWu1rorWb8kktEmk7Wvsn8zdiuba1iki2SMkalIx0OTj5iffjjIwMdjgTpclIE+zqC0rAyRj0yfvnJLZHHU4yACCGxjLKHacSlWBJJdR90EHBGfur65yRgHOQTWrBd2VvBtUpIxUKxPLo2Rgj7oOCccccHoKn3n0e1tN3e1n0s9dNF8urjK+/VW6X0a1eujSej9L9bbFlcSJMfOQLEdpdSQMKSRtXpjOQSDjnGRzhuns7m2VppjKfJ2HCAbQ6gEn5sDI4bn+8Dx1rzW51SORlTIQr8rMTlpDjhSPcZ49MdeMyfb7qYpFAzeQ2xAg4yRjJwOoI+9wOOg45xnR5tX5aK2+lraa/O99rvqra2SWmlu1+VaO+yfm9Vfbf0601DTfMkuEhKoc7mwF8oKD+8zycsSMY5+nWsC8u7y5uxcWskjxicBVjLElAch36FgMg7SMDtnrUcJBsngKKpijw5U4LsRu+VsfMBnGenXrUNndGzjyYHBYBY3DY8zvtbbn5Rnbk46HgknOLUYq1uZ9G207PlWt113dno7tq2+8Ixuk1y6Ldeatto9r7rvddb91dX9+zrGRGyJtnwQZDzgZBA6gdDnqeMcn239mXWbvRPjJ4YYlYVvWmsbhW4aQOhVA4YY+83Q5B68ngfOkty8dzPL5xiklYFYwQg3bgByM5HPJIz0yOOPRfhZqKWPxF8Gai8pkkTWrNZOqhQ0qr1IIGCB1B5wTnFdmX3pYvDSi+WSrU2krP3eaO9m38mr79tPI4hpQxOS5nQ5bxngsQraPV0Xum76u3XS720S/ZfxFCsOoz8sjTxlio+6u1sDvgjHIKkY454AFewVwEAJYg9/vAnkE8ZPryOBgg8Zrb19Fll0yZCrrPbtJndndvIPYcYOflxjHIxk1UtonVxkZ5A+U4Hfvnjj7vUE+lf1DlNKTwtF20cI30bWyknt3830VrWZ/k9xTW5czxlHaUKs0lddJdPNabdFpudLaxBYckbt7AMT94kDkqctjoB7nGRjBq26xvG0Kj92oZw45K9ST05IJySeRhQM0QlUjUIN6kg9ADwMfKBxuBBH8R5OTkbRaVdiOrZDBCRwDksc8AZHfr16dzkcmeUr4as7a8jstGla1mk/LTXSyPG4dnbOMJGUlaVaF9eZ+849la97db90kcjDbAahA8eWBkXLFc5JkDeXzkD8CGHWvy0+N+uQ6p8VvGobMaWt0lmyEDcfKDIwi5OMkZJA5wWIOK/WqwV3u4o1CoPN3gN3A6EE9csAecdz93Ffil8VNUjb4vePJJVjBbxDdQmMngFZW3P6knIySMDJxkZr+eMbRdTG1mldxbvfdtteV3bdq6tppof6KeHMFPCXjf3KNJd3qodFdvptrb5Hj2v6VDLezTRSNDFuVxuU/O2cAbj67jk4HXPQ8UrF57a6SNJtkCBixV9ysDgFd2OCcY6A4/I914h0+XU7KW4s4wVjC/ccgNgckg/xAA/49M+bWsZFysQSRTswxkDFQ+AASTgd8FjlsDr1qaUo8qi2rqys/klfyk79n1tZWP2ugo+xjC90rJ7+WvndvXXR7ao345Y1knuraN3Xbs2qPl8zkksecj0wOx5z1I7u9lQPIn2dY8uCihQzKeFBxhsgDJzxj1JxZgmNv8AZrQg4aVWd9uTICRhSe+7A5xyODgddTWWn1J3tLSJY47YCR404wRnf93k7s5IwQG4znpb0krqVur6dHpo3fttbTZMzdot3213s1a8WrxTbutba9G9rtZjeI/NVIVXZISNzsc8dMKOQWPU8dR15rS0HVLmWeKDzAgR/MDyHcAQRgDOANzclcDbx3zjAtfD19q+oLBpltLPKyjdEFIGM4JzgZw3J4zz9a928FfAfxDfyQSaw506zZwXIHzqM5ChRyxGccjHUjjis6mcYHLYOriK8KUIx+01dOyvprZ7pKy7pI83MsfgcPQlKvUpwTi3d2bbaW27u9NWtbWXlL9svrie3tmuJJmaMEmJcqwA+WPI67s85OecYwePQtD8I6pq7pHe2Z0yzkysl2TtZhncG92Oeercdua9n0b4daT4dW3tbOOHULlSW8yZMybCMBskctkA4ZgMjsMV1iaLfLPBbPD5sKAXBYHjPJ24HUAEDGQQPvE5r4/M/E/DxcqeDkktI+1qLTmvHs27Wvd3e+lraflGY8Q0qkpQwdFNcyi6lRPpyrZKVk1u7qWl0zgdF+GWk6HcC5jvL29KOjmWGRkVN+Cyvg4cA4wcjnBUV6Zb3vifR1NxpetXMm8b7W2aR3QANwuD8oYIRnPbjPSq11OYoJ4Yrd45ZWBMMYznaTllOcbceg6E8E4pG1o21qJZYfLSGAqmw4PmZK7nUYOc9ffnrwflqfiVnEK/NQxUrymuXllKMUnZrR2drXV315ex+c5rgKObV3PG0qVeL05Z01Jbp2tON2kvVp2smtDtPDnxb8dreKlwLe+hUOGt9oQo0anO7JxnsAAOee4r1m0+LmhXFszatZ7J43/eGEhyh7qQDnhuwx0HPIx8mWmrlC0YjEMjs1w0/KSMhxwAABjqB1OB0bpUJTzZL2SzuAJZE3xsXKZySWJBAB+bk5ySe2Qc/p2Q+LWfKrSoTre0UuS6nK8teR6Wd+m1132u14cvDfh3Mp+zWWwpymuVSoXi4tqOyVk+rdrb2S11+4tN8ZeENZEaWmuxWsjKrCG4fYy+u4NtCAAqBzkdScV2kS3Qjim0+9tbuAcNJFIJMk4xkocZA7FecnOAM1+S01/r2rard2mjGQfYFVbueIu4BU5kYvwBnoNoI68kc16R4f8AE/jDw1uktPEk/wBmRFZopJmZRKSQAEYnO08YI9DzkCv2TB+K9agqaxUNHGLvCdpK1ls9rXd/Pt18rG/R5o4mDngsWlKUU/Z4ilzaqzXvKMra6PTTrvZfpMuv6lpk6ZE6tkscs6x/7JUseBuHHfgjPAx09j8SNRt5U8y5kZm52SHeoHQKM89WzlgCC2ACc18Aab+0Z4vs5beHxDp1rqVkjoXYqIpXiGfmU4JJPJHHuCA1e6+Hv2gPhdqrr/bdvNoUnAVHUskygEbg4JK43cNj2PXFfb5V4sYScYzp4yVOeiUK0nHVJO1+Zxte2t7eR+VcRfR2zelCopZbTxVG6fPhoqb5bczbS95NJW1TevqfYGnfFe8s2W4gvbi1uVO6OSzuJYHRiQcrtYEHcAO3TAHcfRXgX9tz42+CDA/h34p+I7ZYCpWzur2W7t8qQQhhncrgADg8EHBznNfnIniv4f668kvh7xRYPCm5iJboRtkniMh9uCGyB3BB6jpLGJZVea0u1uoy+RJDKkqqBkrkq56rk7sZ4r7zC+JCxdOMcUsLioSSTVSNOpeLSTVpcy0v5eqPxfMPB/F5XXdWjSx+AqRu1KmqtJxcXF/EuVprW2vmm0f0C/Df/gsh8evDK2x8R/2H4ytlKq8M8Ys5mjUBRuaMElsnk5xkZPHT7r8Gf8FgPg34w08WfxJ8BXGl3dwFWae3ht9T06MMQH3faELBfvZ6gj7vWv5B11LVoBIwkYFeFOWVmA44OMck92B9Dg4q7D421G2VIhPcxkA7z5hIHcZA4AyAcYwcgg4JreWN4Px75q+W08NWkouNXBylQlzXVmvZNRdnpqrXv01Iw1LxBymCjhs9xOKw6slQzJLE0+W6sv33NKyWitJcrvbTRf2XRa1/wTo/aEgnhubD4dPqOqIfPlngg0PU45ZB8xWdUQb1YtkkjHUkV5vr3/BJP9lbxzGuofDbxZqegzOHmjfS9ct9YtjK/KKsZn4QMwwQCdoyQOM/yf2HxOvYNgW5BYJjIleKTOcEgoeuMnJPX15r37wH+1p8T/BPknw9401/Skh2kJZ6xcxrkAEfuy5UgdccZXANdVPB0JyX9k8RYnCS0lGni4rEUl8L5dWrK6V7a2vZahWzLFu/9vcJYDMuWDUq2C5sLXbbim1yqcXdK6vJNPW1kfrf8Xf+CL3xx07T9Vl+H3j3T/EUdyHENlfyvZzyQoCyKyxkxEFeD79Aeh/JbxR+xX+0R4F1e8trv4aaxd2ulXctpqN3p1tPqFm9xCzB8NCsjDkHIAOOOccV90fDT/gq78e/Db26XHi1fEFvEoR7fWlWcspXDRiQkt3znAIIBAPNfX3wV/4K6ab4Xk1Gx8b+ALfVINZ1ObUpb7T5IX8ppzmYR28iYKlicBiRk45yDXp/2NxBUw9SvVllmdVIKH1dYaosNOpeX7xTjNNXjBJvW7adr9fNw3FfDuFqRwOEw2d8O0q7nLFTxNBYylScYx5XGVJ88lJ/EnqltfY/Ae/8L+JNDuvsup6Dq+iXAkKSi90y+hhVhhQAZrdVwCCW6didowawL7w7FPPFDL/Z9w0sjF5WZQ3AbBKMFI28cY6qM5PT+vjRP22P2B/jTbpbeM/D3h/Tbq8VRMviPw/ZMI3fO4eaqEjnu20fd5PGaXiD9ir/AIJ0fHvOp+Hrjwxp11KhMNx4e1uDTfmcEhmtQ8YJzxs6ZIAyMGvCqunR5lnOQZpgveXPVjhniMOldX96kpK1+qXRs+0y3OcxqxX9i8UZJj01FU6TxX1LELVP3qNdxfNay3s31vc/kwbwxbG1s4oYITc4KM6Sr5csYGeV/vbRx36A81XXQ7aMtb3lmvlkgQlwzgE4JwQCQD+JPfIwK/o28b/8EPfDGqrNqfwr+Kk1qAWeysL0RXNuOrIv2mKWRiMkDIHOBtOABXxT8Q/+CSH7WPg9Wm8Ow6b4uhtywcWFx5lw21iAfKmAxu6jaSehJzTp4fhTGTcKWMw0JRsnTrJUZuTte8akYa73V1reN7I9SWe8f5fGWInhsZVTtNVcO1iISgrXa9hKejVrd9+tz8n4/AHh7W5ZrU3T2B2ZKxHYJ5AGJQbtuNpBGc8g8jnNfNnizQ7rwxrd5Z295FPBbysFkjkw6IOAzNG24EjgncOQCMd/0x8afs2fHX4ciSDxp8LtdsXiUxteQ6fdSIjDh2ZoY2AJPOeAOpziviHxl8Nrpr26DC80y7mkbdDfwywSSszHBPmqpAAOdpBHXgHBrw+I/DrDYygqmEo4eupWlzU5U53TSd2lf1Xd33R+keH3jzisrxLpZpisbhZRUYclRVY2krXck0uVJprR9Ve3Xw9vGPi/SkVdN8SeILRJPlZrLUrtInj6BSgmwRgkYwATxkk4OrovjnxPZatpeqQ6jcSXGnzpdQXUsYklilRg4dmYl2YsMndndghiAcVauPh74ntZGSBXnhTqYcSqBzxhiNqsCclQxyCa1LLwutvFsuA6zNGS7OpjKN3UYGCMHp6cE9h+XYnw0w8HKc8uUW1aVqaSduW7bSWjeuj0/F/0Ph/pAfWY0VSzP2kXaUU6usbWslzSvd6XXxbO5+lXwc/4Kg+LPC9v/YfxO+E3hH4n6Hshia8ubWPTtTFuirGSk8aszSlQOSRuIzhelfSB/bD/AGEvjGLKz8V+DvFXwt1J5G80QbdR0m33HO7ZLj5Bjr1CjC5B4/Er+y7WBCGkeZMlYyGbdg84C8fexzn5c4zimroloxMxQ7nH3SrDb053EZ3Bup9zzy2fnMT4a4GnByo0nSlq5e6lu1s2nb5tLVKzPuct8da9RQp4qtGtBOKTlJNJe6na1/zb2TP34074Kfsk/FO7tYvhb+0F4Uu5JY1kTR/ECwab856wtM+zaxIAYqTjAAwM4TUP+CeUevzzT6VpEGqwW5ZZNT8J6pb6nbSgjiYRrMW2AhioRST9Mk/z43Fj/Ydx9otNWNs8hAjSJ5I5oTnhwY2UhskZ7HBHOa+lvhh8d/jt8NoLG/8ABXxG8W2KLKsptIbm6eC4CNn/AFcj7XXAwVIGVOBkMa+Fzbw3xFeLhhpzi1duSi/7tleK6d1HXe+x+q5H4r5PJQrYmlQcJPacota8t7dWtW9ErJq3Q/RHxP8AsXR+A4dW1Ntau9NuNMsrmWO11G1mtwCkTMcysPKYtkLnnPPy85r8oPhXol7q3xgv9PWCG/uLjUbwRReaiLLtkcF1ckAtxgbjgcckV+iepf8ABSH9ovxL4J1nwr4o0TQPGNhqml3FjPcapottHqVsZIWRriK4Vd4nAOVY8lh3NfGv7Mnxi+HPwr+IzeIviN8OrrxJp91LOTCjFJ4JZZi8nkMcZxztG5cnnrw3xNbg/PMhw+LblUxM5Q/c948traWd9Ho1q9u59zR4t4W4hxeXxpOhQpxmva8jTTi3F6p3Ssnrpfy3PUPGHgi60i+hRdD1CwlaVvMaKQyxOy8F1ZSy7QxbIB6grgjOM7T9G1u2kk3XExjYqI454WYZzkqWPT1YgHPOcdv168O/Ev8A4J1fGOy06CbW9c+HOv3luRJbavO5tLWd+VKcyBSpI5J5PU/MDXWn9jj4c+N7Zz8J/i/4T8RmBWeK1vbq0trhw27YoCyMXkPAyATk46nNePl2cY7B4f8A22hWhUg7SlKEuVu66pJ6rsl012R6+ccNZXjq/NgKuHlRnFOMU49k3e1kr7apXavumn+SOj2GoXN0Ev7RY0jwGmiYBtoOASgPzAAHjJ64I4r2HTtG0UOkjX8UTBSpjljMYYgfe3DnnoRtJI6Z4x9e6v8AscfFHwfFLc3vgS+vbSHeyajpuLu3mAJYOpRnOMcjaAcdRkZHkN/4Sl05T/aultZOrGI299byQOhBx87sgBIPvwQQfWvosLxLzxjrq7PXST230Vrap79z5HGcBShFzUHbS0oNOLs1ptbd+t9UnocJb6JHKJHj+xzwICQIpVDAEdWBO5sHHB55OOQDXwv+0FoN5rPxt+C9vJbPMserwCGCIBpHBu4yOBkY3bQOAegz1z97Xmh6fElz5KFhjBezZgy/LuwAOMA59M8D1x+f37Qh1fRvil8O9S069uIJrS6t5LeU7pbuB0uImDeWSWHT5TzjuTkCvfpZpGvha0pRbUacpXutkk0r7q+2uq9T5mpw5PDYqEISlH2j9naUdU5OMVe26vZW1vo/T+gnQvDetaPoOmm70q8s7drOzGye1d4/liQBhIqnGRnLc9MZwVNQX141tK0UXnRMmXE1nK6uAp7pwQQCS3HOBwQOeL+Df7Znj7RfD2l6V4hs9H8ZafFaW8TWWqWUaXgUxrvLPIgYtxxg5GMZyTj6HPx9+AXjUIPFvga48KXUoBlvNNYpGpIXHzRjBHG4jpgkYYDB/J58fZP7eVHE4erScKjjOcUpp2kl9l3erve6ta1j7et4Q8QOhCvhlCtGcI1E3pJqSi1pJdpLRNJbrseNyfE3xJpJ22uuXTKgP7m73yEeuT8xIwQemADg44rHufjpOY3OsabbXinIMiPsLclc7SPmOO56FueBXqWr+A/gn4plku/BPxJEc0ik/Y9QmjYKTnarSSsOdwAORkY46mvmL4ifBTxLYrNcafdWOq25MmHtb5HZyTwwVWJBHUqCM465r63Ksdw5mqg6GLhGpNK0Xam7vl2i09vRL06fn+b8E5zljtjctqJQvecYSs7Wu9FJWa2em+x5z8VPF3h3xHAZbFoLWZyVaC4KtuUBiyhPmXLEkAjsvO3g1+Xn7RU9hD4HuylrZ2d7LrEMUd5bRqtwylsFsryByMDuR6hq+qfiJoHiLQgI7m0urfa5LTeUSqnBzuZWbOQDlufUbjw3wR+0FrMg8H2do5aS6/tZG891IOVdfvdyc5C9TgfQD9My/CYfDYWXsJKUUr80rS1fI7qySfV6abHyeGwEaWYYfmjOnaXvQknHWy36dna1r32uzwHR/hR4z8cXFxpWgXOp20KZnXUpLuVIXJXft2gnkAkLgDoMk5Ncn8RPhp8UvhPa2WoXvii6v7aZXAWC+uGaDb94yKWYqqgn7454wex+pvDfjRvCvh63u7iK4SSOGKcSxMI5Z2ZBgAAksgP3lzg88Zya+Rvih+0DrXjW4l8PPZm0gnvJIBc3IBmcuwCqvG4cfKQD8pzyARXy2IxmcxzWEIQgsCtFK0udrmjbRWXV2vfby1/pHLsp4T/1epVa0pTzKpTb5IK6i04KPPG2ite92+rV93m+Gfiv8WNNe1Sy1S4v4M+cn2pDKCFORtLnIXKgZPOBkivc9M/av8a2MKw+ItEFwpYRSC2kkQOAMb/LK8MMk8hcdgOcZvhnw5YaZoNu8gW4vobJWllCAlXZSwCsATg9SM+hya+afH2uXh1GeytVCEDeHJVRuLEZbAx6kDnJ4GWGK+mp1pwlG05K9r7Nc1op6N20bcVvrbpv8bmORZerfu4u9laNk/sprTtta+vSz3+8Yf2nvB+oacrDTp7bVzBJHFFNEhieVRks7d8bgNzYbPAxyTl+GP2t7fSdQto77SNPuLeB3EqKwEkiAjDgZA3JjGASe4wcV8Y6P4w8KaXpC2Wp2Eeqai0bMcKFmimYYCl1GDGSM8nOByBjNeb67a6TdwnVrGUWV1G+6WBi+3c8mVSN2IGBkKAAOfXv2N1ZXlzNtpWUW77pvVXS1s7X1s2kj5+vkuGUIqm5wTdklL/C7aN67Xta63V0f1Ifs42/wQ+NPgLxHr+seLbbwr4igs5bvS4bnU3s1KRw+biTLAHdJwgBIPY4GaytGvvhxd3i+GtcsL66TzWjOv2F9JISquY1lwuA6S4VlyctkEgHNfhbeazq3g7S/BkdzrlxaW+p6FFLcJbO0YcOFMccmxwXUcZHQ/NuyMAdBofxq+IGlmW90vxRPJbwjyooXQnCKMKQX4AUZwSSdwHDZzXgYjFYmjOfsq9SPNJppSvFr3b6NWs7Lvu2kZfUatCmoxmmkkopc191fXma1asv6R+/6fDT4Pa3H9g0/wCJNzoV0Btit9Vt49hVQSPnOWBzhRgYXAGAaW++AOqWVq39leKPD3iCPCvaPDeJHcSIBkKocqCdo5wAOcDPGPxT8JftV+NopFu9V0+LXWiYhnkYKxTsOp2sMZxnoeTmvqHwX+1f4X8QXltaa9FquhOHREkW4maNX2jMShGJ2l84wCcHIxxWtPO8VSUVOMaqSablo+l03onou+npdHPGGLhBylzSd0lG3MuVtWblpfst9j7W1/wT4z0uxddU8N3M0OAzTwok8bRDghRCXJXGGLd8jKg9PNbSK3s5i81hNbpHNnZLBJC3cHO9VG0H5cDpnuOua/x+stREdloHxA1HTVt5fJmS4upHjdcZAKSsMrtOMZyN2D2Fbll8V/F95ayWukah4S8WOJQixXthbyXEnGSJJRuYHjO4sDj1GM98M4w2KUYVFFOXRO9ttrp3s0/K66aGcM4rYablOjOMI7tXV3olbmVmnr11trurzaxfWEGi6rqCTwwLDE5Cq6ByyocK2c98EckkgDqa8Y8ACS90+71GSVpZb66kMTOpB2Btx2n6HjoTnp0rsvEnxQ8OaZo1+vxP+GNuLeeVbf7R4d1B4HZmYKfLiQKgLE8JkEnIPv6l4c/4Zv1Hw5pENj4m17wReT24kitNVs/tEEXmgNzOpYsMkfMQDzxjrV1cNgasVy1KbbV3FpXb91Lo2vu03817+D4opxUZynOmn9qd03azto3Z9lbTfpr45qd3Luj8xVVIsbs7zvYBeTycAZ5OCAASARjP5VftUavK1/4ma1LPeSQMiBGJRY13AheWwOBlR13YOQM1+2t38GpNbmYeC/HHhLxJEyFoklv0tbqTcCeFm2bWOMkZzgYZsc1+fnxu/Yy+Nuoy6pqCeD7y9inmws+k+TqMTxqxLEeXJIWDDPABBHYZOM6OR04WqqELylaLur/Clpbd679E7bnsviuhiqXs3iY2u07yV1aNkkm0+r3V1pbd3/BW8+HeqWOjv4y1VPsbT3S/ZLKXdHJcByytMGYglTkAk8/QhjX3Z+yNqsdjo9zphaZ0a9BuAhOYg2WClhuJXJGScblIGM8VQ+LHwa+JKKun+LPC+u2lho1qILUrpV2kaSIc7pVEOwMpXk5Izntk1n/Au4k8Izana3VvJaRySIftEkHlksrAlnV+VyB8wA/hwoyOc8Tg5U5RhGDaaTba+JaJrTT8bL8AwOKwsantI1otNWdtVJq3VXV+72ffQ/Tw6rYXej3VnG4gP2C7gncMyFw0DhRIw2jnnOWXBz3Bz+IXiQ22neL7mN4ZI10zXLy4gO775W4LcYGTweMDoMYINfrxYeNdCl0WeBY45Lq7UKjkbhcblCEq2Nw64xgcA4JAr44/aN+FP2zVvDfiLRdIh0yyuZYra7YKQLi4JUyyEKO5zuLDJ9COQsZlsXgnNQXNy3cYq6alypLblSSjrfdtPdK7q5h/tlNRqXhG0k4u97yi/i2VuWOre727ZPiPx/Nr3g9dK1E3UthcWazWkE7MUEiRgFhnj5MZXJHI454rR/Z2+ILaF448J+HLWeSCz3SzbDIwEUzkAExhgpIIyAMnGc4Gc+ZeP0Sy0yy06wZUuIE+zBI5QwUbF3ngZ7Hhst64zXJ/DqY2PxS8FTFjHEJoVnlUn7xZVfceck9CDuABznncPiXw9Qr0KmHlSioV378XFWmqklFp/c732TS62PrP9ZcVQnQxEKspV6MIqE3JtxirWSafR6u+nXsz+kfwJ8ffGWgrYxf2xcCwtpVVTvcKUDAk5UkhgA3HcHGSK/RP4b/tn3ptLO3l1FGEZiTLszGQnAI+bjcMMx+bqCMHAr8iPDWnrd2Ns5MbQXMAeMtkEZRQGHVmJHGMj2x1Pe6X4d1BUU2dzLbiNRLGuSnmFTwUP55HUD5uuTX5TxP4G8O5nJzp4GnRrybbqQgoyfwvZdla2q3e2qPssl8Ys4oJUsXUVelGycayUnZW83/nstT96NM/bB02C0R7q+hViMu8j7WEh5J4BycADg/pXzl8b/23NbudDv8ASPDetKba4jmjkZJ2bejjJJ+buGwAM57dePzQWXX2je1kknkCREOxkL7W/iYKrYB29wTlgecDNcLq+kahMskKiWYvvUPl1YEqSQAe5OB14HuAK+ZyL6POUZfmFHG1JVKjpVFKNOTklH3k9FfVaWtZrZW6HrZl4urE4WdLDYLD06soNOrGK51dK/LpbdrVdXvYh8S/Fe7jvP7TlghN3Ldl1vMr5jmRt5aTcrEqDxzx0GTivfvhj8afAEtpJZ+O/D/h/Xm2FXOqWEDmTzUwAo2NuC7gA2Tgkk4Ga+C/FegXNndWVvdG4BlnwoKsCrMeDnHQZ6cnjAHGB7F4T+H8FxbQM/mu5jVjOVLBcNnHJzzkYPGM9RxX9Cz4YprA0oUnKLoxjGMVPlWiVk7dkt3orNJ7H5JRzqdXGTnV5Wqs1KSkkleTi3davTbZ2fZs+1/h3+yt+zV+0h4nvYNR0I+BrEXJliu9AuPsqAuww6wqyhgpO7HIz144r3HW/wDghp4X1N0vvhZ+0BMplYzRWniC3iZEOPkQTI5bb/CW4OMHGK+ffhhef8IUIY7OQwvCMmdpGHmFgNqHknAwOPl5Prkn9APhf+0TqdhdW8F3OZgiJsEbA4AwMHLDjrwcnnuMZ/nbjyXiNk+MlWyl/WMspNN0Zpy9xW5rPV66q9n5X1v+0cNYTg/NcPShVrww+ZWXK7rl5tErpW37O19k7nz94a/4Jaftz/CXX9N1HwF4+0nUtN0+7tp3l0LxBdWl1NbwzI7J9nMgR96j7hzk5GFPLfoz45/aT/bn+BcOl2k/wS1Dx34etNMtor/UZ7QSXHmwQqJ2lltTLNIWIY7jkngkjNeqeDvjpeXqLPHqN1EWAPkLI64xjlSDtwcH5QOAeQARXvOl/FvUJ7UtLqkjq64MVwizKAeAoDqwAPfqWyeMV/P2dcbzxuLpzzbLcVhq2GU4tUbKNVuUW3NJJu1rJ36/d9/HhfG4enaFHLsxwkrOHtLxnFacrhLmkovZPTV+W/5w/wDD3bw9ZKLT4ufAzV9CEpENw0WkXc8cLE7ZCy3lqgIU5zgnPQHJBHzD+1j8b/8Agmr+0T8KvGR1mzsfD/j2fw/Pc6BPDpcOnanJqEcbSRwmaNV/1kwCOMDIzuJOK/a7WLL4d+OLSSLxb4G8JeIoZRiWXUtJtJeCDvfcYgRgdXwPmzlgSBX41ft3fshfs++IfEWkXHhTwJFo91dW5jvE0cC2tI43zuljgTau4ZzkEHJyMgDP3/hfmeBzzO8HQw7xeGxKqQqRSm5K0bNxanF2v197rs+nynF+WRwWUY2vLBKjGFO3LKbqU5c6UWoJ7tN+7dK13dpH8qqaF4G1Z73w3qSto+lvdC5s2aXD3aRy7YwMYOZFw2emDnjbmvvP4WfFbUfBVr4d8MaB8Ydc+H+hWDRR2c1xHFc2cakbW5kfLx85XI5B25G4CmfGz9irw/4X19Lq11IQaXHalYjPOWureVVZ8KudxwMnDEEDP/AfiDxv8HPEF7LGnhbxQurWVou42808imJIc7x5b4xhscLnnBOSeP7swuY0sPGFLEwUpckVZ2u0uW2jV0rP7Ku9fU/kmtgcROtOrRjJLms+Wne8bxla7TtZ8ybVnbsfqXP8BYPjp4k1K9m+KvgPx3qOpwg/b9T0myhnujt4Jnj3OJcnAOMgliQeAvn/AMX/APgln8X9Q8F3UvhHw54Pu7iELOJdKkdfOhjQvlmaMRqfKBycgZIB7qfyv1PxV8VPhNc6R9g1e80S+Mglt5dLmmKSKpyAdh28YJZSeOn1+t7P/gqh+094c8LQeGbTxOl/ZyWR066N1ax+eQ0flFw7EMXAyQwK9sHPX1PZYHGUfdhCM3a91e97Oy3d1dWul3PIr4SnOo3iaCvFrlmormWkbOSkou0Xq2297O7Pmj4f/s5fEeTWfEHh2bQo2n8P3l1a3cTMpihv49w8klcuzEKQgGc5Bz822t/wX4W+I/h2bW7OCwu7CT+0TZ3aTwSRKAXwCjMFJHGQxx97oMk1m+Cv2sPHXhXWdUurq2W6m8QX/wDaOoXjgRzC5kYv50ZGfnUM2G5JHB5Ar9m/+Cfnx8/Zhu/iNeN+0Aqa9b+K4I4YLHWbOOW1s7+VkAmeXAMbcsfMGNoyeuDX5/xZkmHwuW4nGwi6tSlTcowVm3eN+azV2tk+VP3el1r6HDWXTxWZ0cNCfslUlO07/DdJKNm1dvVKKck00lpqflJrnwF8earqUVyLYSvfRIoljHnBmOCfMbBwwz1OOSB3Gdfwv8F/EfhjW4P7Q0a4ZraRXDxghXbIOFCj5VxnJx6Ek5bP95HhH9j79hH4i6Tb3vguz8PXRvLRLlobLUYi0JnUMoSJn3KUJ6jGcenB8z8b/wDBLX4ZTXMmo+E0t2cqxSK8lDLgn5Vyu/I24wRznuQSB/E3H/F3FFCniIYTJvrOCUZxcsFiaVWtTWmjptKacd7JRd9Gl0/orhzhLh+liKax2aVsDiIzi+XG4WpTpc3NHT2kk1bqpaK2ullb+e34a/Af4Eat4A1nxhLqrv4607w491Jpl3cLayRahsOyGzgRgLgOx53YI9x0/NPx14dmtddljnspIJXiuZlGGAcHgHhflAABHIGe4BNf0tePP+CeXizwlqV3caP4Ut7iG4DQtJZXDMpDZIcqGB446qBkjj7tfGnxd/Yh+IN0lvLP4JvolhUxSPYW5kuJYvmzkqCQDlcBeM5U4BJP84+G3GlTh7ifMa3EGPzWWHxeI56dDMaVT/Zm5xvCDkrcu3K07JRsz9ozzhdZjk1KOU1cvrzgvjwtWm/aRXKuZ9btWe6s9Htr/Ml4s0Sa01i0lYujTmZ2m2jBwzBVU5BAPAOeBk53dT7P8C/iX4r8EjxbpOl38kVj4t0m60HUrZ2VLae0kXa8knILEqflbGeeua+kf2i/2aNf8Hh5P7F1mF7KaXy4ZLObcqE8l2CBVIyTgHsSAOlfC2haJrunavAY7S+uTPLIphkjkUk5KkCMjOBg9iMA7s9B/o5wdxLk/EmR06mGq0KyUFeN4SfNFQVuVa3Ur269bLp/NueZPnXD+YN1KVSlJyS5lGTjKLjTTV43vqm3to3puz0i402XRXnu+DHG37qFSMsJAQXXnkE+vTGBisrwbcyXl5drdRyktLJIJW48vbnarDocHbt6HGTg817LYeANd1a90WPVLC6ht7+JXt4gsrfcJyGYKVj2rndk8KARzwJ/E/gx/Ct9DZrpMiunz3H2Tc6uzjCK7D+LBBbJPpjGAeHGZnTpVatCUoxlZpSclFpNqztvFNLbRW0bvvhCniKkIVpU2ltN8jVrqOjv3b6r4dtW2UIfDGnzwtLcXKsZUEoP3A5bCBM8jA2jB45zmmW/g+e3uLNIZ5orae7RWkBxHEHb7qMPl6kfMRnGDwQKjmjuw0YWG6ltokUeUVZSGLYZQTgtsOd3YHuW4r3H4feF/EXinW9E0jSNLuryK6uISYVjMkgZ2VdpT+5jndkcDIPOR81mGevKqM8RWxEVQpQc5Nu8fs6tp2sktbNv5tnr5ZgFjq0KUaMlUquMY2urtuMUtLRt3bervdaHifirwnex2fiEuyu2mNbTW+9t0gjdl+ZAPm2sTkgkD7ykHINeNWMt/ZxyLPazC4aYFbhQY28p+e3AULz6kMMYxmv1Y+P/AMC4fhX8LLzxXqWqwz+IvFGoxaMNJEA8+zto9rErnDZjb5S2AGIxk54/Om90w2skdteRyuwKyLOucuojzgg4IztHHYggEiva4N4qpcR4OeLwtRujGtOlGdmlJxaV4t2vfdOyWmrsa8QZDPKMRDD1UlOdOMmrp/F8KvqrtWtbZq3rJZvo8ca2zXEbTXyK8k7MVeGQgZJxjOf4gxXjB4Iwd2x1bVNG+0touuahazAJFstLmaAuQB86FW+XIG5gOASDwMmvLNWsZVuFmiguoogjuyKSDsB4cPnhhw2ABwcY7V2fg+3+16ZqN9qxkgAUx2Xm7lJ2jGQ4G4s2CDwcjHXOT9hWzLEYSPtoYmq1eKSUnzLbZ3TtfTrrezuz5v6rCqlTlSj3va3RWV2mumqV7W6aW9y8KfH/AOLvhRhPo/xK16CW2KKlte6hPKhJA42MxBCjAwRyvTJAx7doX7fX7RGluLa51qx1yzDq/lanYW8qSKCScu6sTuGcbuxwTkjHxTLoS3UloySgHBd0mJZnUHJcsRwOMg+uMZ3VRltDme1iuZfOZiiqrkqCrfeXBI6jjlc5YdxXr5dxXjuZJ1pThtZy1b91tavWy+6+qPn8dk9FTvGmlL+bolaN3tp0Xq3ZWZ+oFj/wUUtdV/0f4gfAjwT4gt/LSK7uYLWK2uHyu0y5iQfMT8wH3ufy2x8e/wBiLx5FFF4o8BeIfBF4cGSXR5i9tEXznKnoitgYIBx/EcjH5j+HLBLqW7guDEGtrbMqykq8roMsS+fl24+6vPGOpNYd1JZxwNPNF5iyXM1sAJNzMobCl16EDBxyCAeeMA/cZbxbiJS5Wm2kk3LXs7K7tdJr3ddd0fO43KqlOHMpyteys9NHHdLpq7aqyaP18T4QfsneNoLWXwB8e20jUJx+40/X41hVFK/KhkJwoGACQB6nPNXLn9ifxnc2qXngzxR4N8abdzR+RqluJpeu0hGkU7mGOT644HT8q9H0K3uUtZLe6eK4KI0UkYZF3PyVGGBATPcDPJ3Ag16Bper/ABC0G9Y6F4r1u1NuV3fYr+4iTgY4USAAk8gbSScjjgn3qHGeCpVVDETScmlfRJN2u9LK9929trKzt8viY5hSfuTckm3ytWWlm3zN3+dkldH154i/Zq+OHhlbmTWPAOrqVX93PpUjzROvUbRA0m4AD0OeFIPFfP2tDxv4dmuIL3T9S0+eMlUTU7W8GwLkkZkiCgAjcSPlxnBPVex8OftbftCeDbhY4vHOsX0MRjxHqqi6hwFxhvNLYXoD0JHpyK9r0r9vTxDdStbfEXwV4O8XrPFhprrS7dXVAvzAMsW47skkckkjI4xX2eDznKcQ4yjiI3krt80eyavfu77t/ofM4zN8fTTlUw3u3s3F3k9Yq/q9+t+vl8Tf8LE1YPcwX/2HcoO4MAkjHPAPDbc4wqnJAJGaxH+IumrJ5baTLuZ0UzRbgrE53FmbHyjGOxx3NfovF8SP2RfioG/4Sf4Z2fh6SWEi+vfD0jQywP0LFFVQCDyMD5TzyMGvN9c/Z2/ZO8SRy/8ACE/G+48OXjkG10rXIhJEA3RJJZGDHBABJHIxyBgV9Fg3Qqy5qeIo1It2aunJrmvayd767xtbXyPlMx4hioSTjWptRfvTg7J+73SS0trZ9dtD5HsdJ0TxRNDd+INU0lbOHE0GnXDIWZM7iCxy3IUBmGOQQckCvUfBFj4ItvEWjxaakNvpt5rFlDfmIiOyeCO4jLxo4ALsVD/eIHcYDDPZRfsjeJZF8rwn4h8CeL1RJDbm21SBbqZF5UMkjptLDAwSMMeeAK39P+Gvxp8IW+k6be/BaC/hsdYsbmyuLH7NcQ3dx5yiK2lkhdm2Sd/lOVI4Gc1+g5LhsNGUJTSnO6cXe715dObZdfS27T0/lvxHrZvm1SpTw+Lm6DUpOmqko+dlpo3rprroj+n74t+IPDHxA/YZ1vS/h3cW2n+FtH8D2VtmEMCZrS0UTRRoFTcrTBt79yxPOcV/LLb3lppFzZ20zSPvusPLGxZR+82iXy2ORtXa2Dt+YEZz0/pbuPihpmk/ssXek6z4IPgfxVpPgAW2o+DodPeS2vbu6tcGRxsEZZSA43ElTk9wR/PNbeDNWfWJ7/8A4R86omvXUs+mxQwyI1vukZzGyyIqoFLYPtnBJIr9E4Ry36vDHXpTpv67KrHmlGcpRkoS5m07Wa1STuvRWf5RnWXfXMXgZVlUryhl9GjUqQpyVOm6TtyOMkmkrKLSd76rR6fst+wf4m/Zy0uym1jUNesYdf0LThJqkV/EZL+5vXXPmWKbSqeWBwVIIOCRjp+sFt8cLPxPpfh3WfDMreHvh3Y22rX+rapfSLDqWoR2EDu0luhIKxNjAcIAuVbuDX4e/sjfs6aZ4u1CTWvFd9H4Uk0mztr6bRNPiMlxqHkznMd+8fyxxOFAcOQWGeoyD+gX7RCx+FfDeuTWOrabFpcfw3uLPSdKsFUR2kV1E8U1xJHGeJnUgZZcqQDkngcXFeVYPMM1iq2IrVq3slNQrSksPRXJFWhGMbOdnd8zaVm072R+n8M47EZNkNT6vhsPh6EL+9SShXrJNNOo/jjHmi4yirc17RaPw4+IVlc/Gr4w/ELXPBmi2s11d+I9VZvFGoXCy3B024uZYI3RpGyr7BlSPmJ4JBUmuKm+H978LZbuHTUvJJXsyuravfxxw2EBllxJL5xOxkVsshDbjgDjIWoNR1PT7LSLzT/D2rWuk6hCFmub611BoJJiWZm83YcFmLHg57HO3g8F408d+NPHfgiT4e6ZeTaui2zTXU9sqyTzMD8n+lg+YyFz8wbk9WHGK+LzvPcpySnVlSwdStj6UHGjKLUo3UVFe9Z2acY693o76H8ccR8JcU55xBjHLHYdZbjMbOriKc4ua5KlZT5FGKumuVK7la299TyH4vXyahdX2it4qPiS5niilsJzcj+zrOSOMM5hAYjfjMSg4J2ge4/NrUobj+2p4L1hIss86NCHOIUWQh5DgnBdQSjEYKg/dxtr618ceDdf8KaJpljeaHd22vGbeZEEsrsrLlC0nzIVCYO0MQORxxj5F+Ikl9oetWj2jPLc3cPlzl4283znkxLG4K9QScZ5OOAeBX+fPiVmmZ59xHWxGIpyjKStDng24rmi1GPMtOWKl73K78y2e39seCvCWC4fy5YSiqXLJU5N8sbNyUX7sdOVx5Wr6u8k92a9n4QS40cX01xtsBqRhtLVhvjkXcfmaTJZAcYYnb0JzwK4a+W6SbUYo5IxHZTgCNJBJFHChyvlAkHeSMBgoJA7FuN3/hMLnTdBu9F81zc3U0JtoRHkRkgeYEPBWTJOSPmPPIzg8RKZJ728a7kFuvlKske8q4dV3bzjhunXLEE8dMV8LgMFWVdqtFay9120XvRs1FJa3STf/AP6IwGDlVqSU+Vwa0TUbRSa97a99u2j02PoZPG//CNeHrDSb6NZtB1O1aeawaUGb7SYCsTEAkbQwDJ05I6DArxnw5rb2Ws3qI3kLcvv3uu4yJKQxi4ADMqgKDySVxjk1g+ILuaSLSjgTR2ojCmZy0k0O0EYTk7d2EG3ocE9OeWn1W4W6iRGe2IuI2kDJtEYfOIwTjI5J7gEY6g17ea4GdejGEeaS5Vol5RTtZ3fXTRre3fatlsIwnb33LmjGzT10W7bTs29Fp1v1Po8eJ59Jne+0+7W2nu0WCARSIoKuo3NI2Qyk4wOBlmPB5Ndz8L73WJPEVtNHHNPqX2z7VAYpmZWhGS7Sk5Yrnkk5yOFHIFfK2uSwq9o9ncoxm2KyO/z+ZgB+GAwd+CAOg5zjOO98HeNb/wjcxXlnPcnULSN3BOHicnAWJhuwFAHPUY3DPPHyNKE8vxNGpK7vUhzNRs1GLj7rXNZJLqrN2S20PyDjXKcQ8HKGEgnVn7kerUrxatZvZat21dr+flP7XcQvfifdX2rQiOS5tlRISjCVJMNmfnazRuB3B5HI5r4Y1LTrT5pYkWRwzIJggUgqRtXbgg7s4PHGQRivvb4ia1cfEHWp/EnitBcs8f+iskaoVKjBiyBuABBwNuRnaB13fOOo6Jp63cuxB5UgcJDIm3YqgsrOQoDZHcgdMZABx+uZRnSnGnyOVrJre+0Xqk2nJrtdfp+xeHGNr0Mgy/L8Q71sPRhTm+a3NKKi9d7OWsbXvdPVdPAoGERMRQ5XeTIwJKk9D8owQCDjDDp6cGRRbzRu8xUqrEs2fmIPJBQ4UjdjnGeSQDnnqdQsYA8scUYRFfBZQpQlfQjk5PfoT7kZINIt5IxKVVRuZfL+9jqS2Dj9BheD6g/W08bFpSau2o2tfW9r2S0X+flofp0asHJO6V7PR9Hy3UXo1fX7u10cjHBHOrD76MSFUABhgjGASc8c8N+J5r1v4U6Dpx8U6Kuq3UllpM2qWCajJGgM0dg1yn2uRckZIiDHGcYJJIPFcla6REkm9nL7XIUKhUndgAdDnb0OASTk8ivoX4E+B/+E1+J/gbwosJuI/EniGz0ouWKKEuZFVkYgMRxjkDI4IrzM1zSNDDzk9FCDnJtP4U4t7cutm1a9tnutfmeKM0+q5VjpymlTpYatUfvSVoxhq7Jtt2d1rZt6btn79ftlfGf9nvWf2ULnwP8HvjP4j1bw94W8NeENNsPBE6iDTTqNpGGvZZ3XhvJnaRlC5yxx718hfspfFr4A/stftAfs3/FnxdHr3inw5/Yf9ueL7m3JK2d8UH2WG2jZtr/AGNwSByGVgMZJNav7Y/7GV7+z98I7jXLfU9NutDvPGMul3OkR582waGGORGe5ZRJOXaQ8YOwqegyT+T3i3UvFN1Y6NDNBPJZ2GniDTYRAzQJAX2u6/KAFVQp3DIHADYzX0XDnFmIzDDYfMowpqVNqlCKi9I0FGKbV+y+z0d9bn4p4fZblfFHDs69PEc2AxWZYtTlOLjJyi4qStOy92a0fvbO90z9+P8Agq//AMFGvgF+3H4P8FWXwi07xFYX3hHWdTfUtS1kRxpcWEqlYFiRSSAoCgjPIGCMDn+cqeSI6pIwkWNd0vlugBDqpIAUZ4yATkYx06nnr/DVgrWqpNuWR2a4NpDnaVAyWkAIyhwWOTgdRzweQ8R6eLa4S4tNkUUgcsOd6sScqDgYPTpx0GRnNVnGd1c3xkJ4hwUqcI00ottcq5bJ66Wb05rXV76av9d4cyWhkkauHo1ZVYym6nNUceaUpKNl7qUbLorL3dba3J7jUIIYvMt4ALlNwU44KYwCR2Lc7ieuOMYrjpGkMzS7yPtBLfuxglyeAcdgSPmyRjOT0ItAzSRBXieWWQM0bKfmY5AwwBGCeAcZyMDHWscxzRTIWWVJVziMg7cgsTu6YAPP04JrkpxglGSe21ntfl6NLTW1ldO6ttp9Di6XNT5U43Ub6uys7Ws0r21tfXotrHUTy20VvCzNtkWNVYK3LMeD5hyTzu4J4wRj0rStb2G3SK5Ty5DGq7cgArJ1X5QvzAFiuSeeg9DzcMbSCOP5XmuWGWOQEYHpgAhQPmBX+LuTmvQtM8H6lKsMjqlvAy582ZSqOqJljGDlc8Y6/wAI9BnKtXpQvGUtG07Ri3e3K0r3bs91HS/e7PjczeHwtNutVheNrKzl2skuZ3aSXTV21epdvdSTVNJS2gsWE6ASTbCQkrkklV5wSwwNoxxj5TzXQeFPCCXiNcTxJbkMJIrSU7Q/GGkyefl+bIIPORXT21z4btdHMUkVqt9DgxncN8jjgyhlDHBYEeX7k8HrhNrFtEsktzcm3uCMwRqcR4YgZUgjBYHBxjIJIx2whi1ZqMZpJtXfLHW8Va2rWid73Sflt+fYvMMRXjPDYKnOj77/AHslFc3w+lnpazej+aRPpdxpd3NN5ip5TEw+WA26MsPmBHYccZGDzgDk/cP7IfwM0n9onxsfCF14z0/wSbfTHu5dW1qaOG2uiTjyonlIUSnGQOTggruwK+CzrySXELO6mFwY5I5W6BeSQc7skZ+p6t3rW0zx7rmhakINJu5bITvGYp7OZoJQsZyAsiMu0EDnjgc4yefpsgzahgcbQq4uh9Zw3MlVo8zi5xatZTVuVtt+8k1da9z43iHJMzzXL69GlW+r4tUvcxaip8rjZuy+FqVmn1s21qfVvx/8HN8LfHWs+DrC9tdbPh67a0j1nT2M9rqESNtMiSLuQMQMNz169wPWP2N/2sJfgh8RbbxFr9ut74fhCRX9lJDHJcRwwsGP2YyA+W2QfmXkcrt+YEcwf2hPDet+DvD+jv4N0Z9X0vTrm01jVtQiSe81KefKmeSR1LSTbiGVyDgnjkHHz7ovg2+8ceKrLRvDlkz3mrXSQWsECs63E1zMqomQPuqTjkDA9Tyf1fJ85r4LOsLjeHKzlVnWhOlhuWU4tzlFOjJNpVIq/Ld2v5LVfkuJybB5rw/mWT8W4GeEoU6FSFbHuooSlCFpTxFKpFXo25edNv3dtro/UH9tv9rj4c/tL+IdL1rwHYz6Va2dqiakHgihu7mSULuV3jKmXy/uhm4JIOMqK+bY/Db6n8GtZ1q/1AWVtp900+hx3TKGvwinekRchzsJJKg8MB26z+Pv2LvH/wAFZPDV34ovdMgu/EYtzBbx3SObEyhfMS6hDDa8SsQzHgH+I4r0z44/sj/FPQPBHhMeFL678f8Ahy509dU1OLw3bT3kOiy3Mfmss5t0dFRVLFgx4IIbBGa/U8dhOI84nmONzjK74pYWKlSpQUXDmUYwkoqUmrKzSXvPrrc/MssnwNk+H4fynIeIKUMvr5k6lHG4ypJurKlJ1K1P201CnL2km4RvaL1Ubrf458Katr/i02Hh7Rbi/vb1byOCz06J3eW9mJAWOEKoZdxwAB+bHAPonjDwZ8Qfh/qNtH468L65o2v3E1rNpsWrwTeTPp9zt3KjXOFcBcY25xnGVBIr2r9h3wbb6X4+u9R13SY5Ljw9ZXd9p9xdSCykt7yxfzJCyzlD5y7XjRSM5IIzjj2z9sn9qj/hqzV9D8LWOk6dpCeBY49N0+9nVH1G9uLcCPy5LpQsj73UBcknoM9M+TgOBqdTJ4Y3GVFDE1a0lRwvL70lHkbspXabu/eTcV21PbzDiaT4yq5DluXQqZXhcJSxGPzVxjGlQVeLtJVYuMdbJySu3zNXjZHzH8SvhNpvgjwtpHxIuNV8O+IdM1yxT+0tCkmhS806WWM7o0hjdn3xuR8xAJPJJB45H9mT9sSw+AR8caZNpX9p6R4v0PUNGjtZJRM2mSzpIlvJbxyAo8OZAHUbQcYPbPu3hr/gnj8fvjL8P9e8Y6ZJG/2MFk8Pz3bLc3W5d0YtLdpCN0oAKrgHnBA5A/Ln44/DbxH8KdZufC/ifRbjw94k0qJ47yyuI2E6yBhtcsN3LqpIHXPfsPE4kyjMMgnTzPDZV9SpxpKEJzpqpzqcLS5rxXLzp8yi1dedkfbcD0+GOL6VfhzE8RUs4xSxCny4efsZUVSnGdOUFGT55UpxSdSOjklF7u/kfxO1Gx1TxZe3ZgWJLm+uLtiqrGg+0TNMAqr90gPhlAHOD04rmLfTGklivYIJ54LaUyMEG7bGCAWb0U87QRx1PBweYvJryVnub3zZN4G2Rh8wLd1Y+vcZBGQSAa6vwx4ludOeF4mLxYEdxA8YkVo1wP3hY52nPIIIyc+lfg+ZQq1KlSbilKUpTlZcrV+W/Wy11v0Vlpof11g8HWwOXYbC0qjqQw1KlTXM7zcIRjFSk+/LZvXX5GtrJ0+aJrmC3jjl8go0a/eJVV+a4TAOT6g4GOMZrg7cNczvIi+W6YWURnAEfckH5gD2Abjk5HSug1TUNuoXt1hCt1E0kaRJ8sav1XAwFHsFJ65GDk8xa3EqB5Sixu/zqMA7hz8qnjgDk9j0wRwPNWHkopzk9bSaSulflVr2bk1J3Wui3tpf16EKnsPfXxWslZx81zPondrXbRqx6/8ADrxpZeGdSit7wPNZyvsuYmYLOUyfu5P3eRk55A55xX3L8MviX4YN9FYWd6qrq5EEaXHK6fvOB67cZ6dgOeQDX5YXkzreLM5CHaHLIy5U4UqowOhOe2MAqdp4Pa+D9dvrbURNZBw/lFZFdssGI+8GzwTyVYknjoeTXynEnD9HM8PU95wqcqaaTmk+VJPl66aNO6Sd7bH5txz4c4TiPC1q3O6NWpTcb01eMmopxbjfZX11abur9v6OvhN4j1mx03WfCzLaa5pk9i8sP2jyfJFttJlW0f5trzBtpGcHvgc1+fHxQ+Hl34o8e3ml2FlBZQWt4blLKF1M1sHPMWwY35PzAEYGeDxxynhL4hfFP4beCtI8RXWi65aWGskyadqmq21x/Z99BEORZzyAQyJEOSI2ww6A9/fv2bdQ/wCE08Uah4x1Wa3v72YPMLNyu5vMco5GCduOigjoAeCcV8N4S8GYyPGVWlPEqvhcViYwlGEnyRlGUeZxXNKN9HdRW8rO25/IuJybN/DZZ5n1OopYXCUpxpeyk4wnVXI7uEW1Bpttt7tNLWyPljxN8CpYJEF34fmjhmnTzdSCMWdIyvmkgDZkMDwGIGD6V9Nfs9ftw/Hn9ivTvFfhL4ReNtQh8LeJ9LubG90SdmbTY/OgMctxFAzCOK6VXI3YViRgds/o5d/CV/E2igwWcVtbXAkEUU0YIWR0+XaxBPLN1z6YyTx8SfF39krxBcaJqF1Z6G0rWckjvcQqQ21s5JIxuRRuIY54DHGK/wBAM28GcxyzL8NnOTxq1pSpKbtTi7RcYu1knzJNPWWqfXt4HBH0kcq4hxEMm4pxccNH2qpRksS6Mnd2Vqiakrxvdp23j1dvyb+LGsP4zvNa8TXP2ua71XUbrVdRu/mIe8u2kuJwT/ceQ5UHrkcn71fOMHhjV9bWa+gZXgVSjxAANxyqKpI+cgbRjnPcV+hXj3wFH4c8KQaXfQRafPHKyXdycDLOB8rqQNw2txgkDC8qTg+T/Dvw14d0XVZLy5vLXU0tGlc6ezhY2DRkxyEEMGkDFNowMEcAg1+E5rlGLoY2cMVf28pLmUrRkpNpu92210aaT3aP744J4myypktOplidXDRpxVD2TUoSpuMXFxqc1pe67O61t6M8G+IGgS6T8OvBNxewTWs1xJcoLaeMxtJGrlBJkphs9QQAMnBrxxNHimikmAMdqEcDKbjjGSAcEg7htJ+pBGCtfb3x7vb/AOIfg7wVOmmW1lBo1xf2NvBboPOa3E7MJ5lAAk+UAKTklRjPBr5G1LULfTEureRGSS3g8mIIPkmZkySVxjOAScDCtzwRg+ZjsJLD1Ywhyu8IcrtZ8zjFtq+zXbXmaS9P0vh3MZYzDQk04SlWnolJNpz0drtqytotHbva3EadaTaVOxhdJYJIn2IQFEm1iWUjr5q8gHbyeD6ngdVvD/bQvI/3TRujCGPALKR14zgnowww+tS2uuywXU007SyQsXMaZI2MSSCB6AkZOOoOQDnOBJLHPcy3RY+ZKHYDBA3c4PXI5+8CT1PYjCp0XZXbbava+t2o7W1ld30b3toz9Dw1Jq91dyUfL4rdd23byXfXVpq1x/aF7JKy+WGwwQ8ncAeRn1HXOMEbvcT6VHfJcQyx+agQEbgwUYH8BII/9By3OTk5ORcORKw4OSrN0PPfjsRyP94HtwNOy1Z7Z4mAQrHz5ZbcC2TyVHAbkHBx9DmtZU2/dV9HHRpJ6WV2u/ldd9djscfc5LX2T+ze6S0S7WWyeytZaHfTQ3Nxp5lTaLhv3kcrsQ4C43KAeAD2GOQOBxXOQ3WpRXPknMhkwcPwNxP3lY8AHIwCQcZG0fLWtZayL1RJdxlkX92oRCvlsfuvnIwN3Hcj3xkgu4ri5i8hllSEMDvwDkA5GQMkjrjrkccZzzRTjdcvVJ36PS+ialbV+XdXuc6hCDaavtpa9m2r2tbu9rrZbobbeHJ728e6kwGSN2cHqxUZGD3APXAAbr15rIks5ZJ3kVEdYG2bMkbwM5Zs4J6bcLyAQc5Ar0Twwl1qkn2UEqBMwRI8GZ42PKocZc54IPOOnBweo8R/CzxNpSWN3JBCLLUSZLaNJAbtt/3UMeSwLA5OQP0JB9ZUZxpy0d20rJP7P2dfnv8Ajdd0MFXq0HiIxfso3V38MXpbeTtHbV+V77HkmmPNbxPKW8tS4/0cruOc/eyOmOoGe/qCa73wjYXGsazGLL7XcOO0aOzu67cKpQDAzww645BzzXqngX4LQ6rNCPE05hffsj0uwPmXL7iMNMy/KhyCSQT6djX2holl4D+F0Fjp3hfTtN1LxRdKsVrpjW73t1HO4wktzIiSMZtxGI0VgWwDxgDuo06laUE5WjJxuuq2tbzfNslZdbqzXiZhi4YPDTnrJwjfRvT4Wr3aSV3d22VtmrrxS+8I+IPDHhSPV7i2jttQ1aWGw0+JlLTASEAmK3A3OeQSeCCeAeAP1C/ZT/Y7Oo+HbTWJviPqmneLr7SmvtcXRbOW+vdPs7pA1vpcBKm3t7iQ7hJJK6CNTnIwcejfBn9lbX/GngSf4r/GGOz8MeD9KWG8l1K/hjt/EE4idWbTfC/h+TbcyybWEYuREOWDc7QT9r32ieINR0HXfA3h3W2/Zn+Do8N6dd2utanp0sHxR+I0F2m2AWRMYmBvSrhVLhUBBzgHH1mFx+W8PeyxVWcnUuo+zldSTfL72ib5nrZatrdK5+UZzl2ccW4XEYVKMKE1piKdpRScn8MuZK+lk+ay622el8I/2qtZ/ZWstT8KfCTwjY+LvidHbPYQ6p4jWw13+zN/yfbtb1u5kdLORSA62KSGOLsc818w/G39qjxf45XV/EPx3+IVn8afH+i6gt/p/gHw9q0kPgvwx5eJpILi1jYW0q24OJI1DqxDDbWrr/7PWgeIPgja6j8JrPWPCHw50zxLHpnxD8f+L9Tvotf8eagHIuTpzKshbLFsxxykKzEDAJr80PiB8HPA/gn4paZovg7xRql3pPiDStVvbu2laZ5YB9nZVhuJSWMymQFiSWJRgTjGK83iHiN472mLozUIy91xT5JWUYpJu75lqm0rSvo9bnq+HnCeAylRy50nVrU4qpKtUlz3lUs21VvKCv73uQk2rNNvVn0l8WP+CiPx4+O3hfSfAy61Z+CvAOhWcdlb+HfB9qul2jAKIkike0CNP8uFZnznaWIxmvlbTvh14k8eeIbOORkZHK+ZPOfMdA4yXdnYs0jA5O47icAKMV5Z4Nu49PubnQ1jN1HHczTJcKGcHyZmQKTtAxhemcjngkHH3J8IbpWspb6eIxXUdyjMzAqwiUjaQCcNgc4wcjpkivgK044TC18VTjB1nF1FNW5m1bd9W7LRvXsrtn7VR5q2Jw+GcbQ54wSS9xKPLolrq9dm3+NvMfHHwA0zwv4E0/V9CydWl8Rvp+t3bKxRQY8x7VxtGTnpn1wK4P4U+BdQTxtY2CLKn+kvJe3MqAR46h8sRuXHOecAkZGK/UX4ZfCD4nftKaW3gr4X+GbjxJL/AMJPHe3t01s66daBtibri7YCMKijcy78qBkiv1y+C3/BGTQfB32XxP8AFnxiNW8S3DRXTeF9GUJZWpYAyWkt4CHdOSpyMDtjk1+H8V+N3DvCeArUM8zGlLMHOUKeEoNVK7TcVTbhD4Oycnd692fqWWcC4zMsdhauGpulh3GElOb5Ytx5G2tbvm5el7KWu7NX/gnf8LfD3iTwdd6z8QF8OXq6baJZaJDq0kBSM+cF8ySOTnaYyShAPqTnGPDv2yvhF8IfC/xJ8Qr4J8O6ckmqLFda3rImF0q3XlhXg01UyIo2I2gLxjbgjGT7B+07o/gb9lnxrpVxoXiSw8PeGLjw/wCRfaDDf/aZLQRLjzhbK2GuHkGUkIBUnhjgY/Gz9on9rW+8X3c1p8MrO4FoyC0i1m+3S3t1JJkSSInzPJI2SYyMsPcgV8PwPnmb5lmlbiLBYmrhcrxcXNe0k4Pkk43hJt2dmtOVNWevQ/ccz4bwNDJsLh8RUeIxUadOMKEVdc3KlzctlLVNWavq7X2E8a/Ejwn8OopbRxDDdxAi20uwdBNcMBgGdY+pYnBDHPOScLg/MT+OvjX8ddbt/B/w/tL+We5n8q20rSoZsIrsAsl7Kq7ECKcsHOPqdufrn9kz/gmF+0J+1JrVv4t8V2moeEfA9zLFNe+JNdinS9v7ZnG/+zbecB9zqW2sQOqkHhq/p7+A/wCwT8Ef2c/DFlo/hHw1BNq/kRJf+I72KObU7+cKDLO9wyl40Y5YIpAGRgAYJ7eO/HHh/hzDzwWBqQzfNdYzjTlz0qMvdTdSo7q6e0I8zWzae/zWU8G1cRiqc8dVWCw2l4Ra9rKLafLyrSGi3avZuye5+I/7GP7L/iv9mfXrL4peLTb698SGhU+XcxfaU0kSKCUhEoYeeMkM+OBnaxO2vv74ifHb4qeJreZ7iWeC3Quxgtt0ccuTgFtnJ2jPBALenTH3p4t+HXhixV3lht0kYtktEBwFwRnG7tyeh5xyefiP4wa34Y8NW1w1u0Uc0auiIoj2H5Tj5VPOcDO4cZxgcY/Fcl4mXHecU6+MwCxNZygoqcLwXvLljGLXLFRvpbtc/XamV4LJcsU8HNU6UKelSdnJ+6k3zO3vX3tq0m99/g/xh8b/ABzoc+6B5nLuTIsilQAAQVHHYDO7OT6Z4r5v8aftF69fJLavmSdhhj5jYU/xABsAcDrnIAHQA1P8bfirDqdz9isVEYR3/fLGqH5CSw+VT14AyRknb93p8gXmptcvNNNt3lyVlyBkDd1IzjJJyc8gnGCcV/afB/AGVTwuHxWIy3DU6rhBpOEdElFuykmm0lvva620P5w4q4wxsa9ahQx1V01JxbjJpWTV7Xvrouuj2sd3qPxQv7uZxIJ0Xcd8TyOY3PVjzkYzyScdQclmxSx+LonEMglaNiQJITI/JzySeRtBPXaTgtg9c+SyXcbSbJgDDKSd5YbmYNneo7jnJ9cHj5a3rK1hkj3RSRurqXUnIKYAwBj5tpA9OTznoa/XcNkuDwsY0qVCMFFaJJLlso22S7q9tNdbPf8API5liaz5pVZzbbvztt30662te63XSx1974nLNIrgxpMdqySNvUE/MRgjBAGe4AA2jdwDx+qva3cS7VtxJtbcwcYdecs424IwxxnAwc4UcU2e2E23YxXyxwkhBD4z1OeB1AHX09azLiwJUsEZV2kPKvzIA2MkAEZI+ox078evSoQhJ8qvZLo9VZPV/C7aP+tVWxE5xtLSK1t03jo7WWremi2ejVzHsYYI7hrdAU3zMrOrbo+cjK8/eB5A6dgOteo6DBLA7GBi+9NwGFMZwPlzgk5ORnnkDnrXmVnbrZ3LIWWZWfO48bdoB3Dj0JOMY6HrXpmhzKrMsbh8/OX3AABeQDu+6CBgjnnGTyMdcKF48y11stbaprfZedld7fLnwrvNO+7382l56pdFtp5nruiXAMAWeFXdgFYgfvBjowA9Rz34z3HOfrupadGxV1FuY+H3EoXPYk45A2859PY4q6XfCFAwXDZJUnB3ZYnBPTC5P5sc5yK4Xx3cl3RpCodm++mH2jHAxkYzxg8jcPug4wUaD51Le1tH126q6afL1u910OrE4iNKlKyjZJWdrXbSW6ezab11tbXs3UpXnlE9u+xWBIaEqflGNrMc54B6Y4J4/vCvHI8ccTiVJXZijB1G6TkfLg8HIPT+H0PGfPorua1k2pM7l+IxvIJ4Xb8vqPTjJAAPQV0FjqL5Q3RUlhtVhlSjEkjKrnJAOGYZyMd67owfvLlbvaL6WcXFNWvblvbXTR7a2PnI11UqXV1a1leL2avo+l7vW19Pl654b1ptOlHmLHbouVmUNtLCTGBwQpwO2D0JArz7xpKmo6q7I0sCSzEpli0bkcMF5O1QV4OADjpV4R293giZ1eNckMWO89gp4wOQRnPPzDGa5fWWmiZUjSVkVh/rC3BB7Z5K5LZI6kYBODRDDRjPmj7suusbyacXry7Jdr9vR9/tJSjGLclFNOzd09ltFq2z7+upz15BdxIVWKO6jVioYAE7SQScA54HbJHTB7NRX7NHCp2Mj5O4oWBOTkFi2Bg5yTyCTgYwBXQQTgOYWidd6E/IwIbJOXIboFPc4wMqM5Oeg0/w/JqkchjhURx8tPKqqHAyCC3AOMkjBOBjnHFceMrUMHCVfE1qdOlfmbm+SPupLXm5Xd6rdXWi3SNsPQnVmoUoOcpWtZO7d1vo23bZ7vrvY4zS7gTMsaxtMxLZU5LIGIAK8EkDrzkjAJ747PTvFVh4UWRraBtX1kjZb2SRtIscjEhSSisSdxHygcg/hWh4M+FXiLx74lXSdALadpNrMI9S1dwclGJJSA8Bs7iVGdoA47A/qN8JP2b/AIf+ENElEmipqmqyFvM1jUUE0okUbvMiLKWTD4x0z1yOg/kPxn+l1wN4VTlgYuWb5xUkoQw2HdoQlK1nVqaxhZ62V3aystz9M4b8Nc+z2PtmvqmGSd6007yiraRSV31tsura2PxT8ceKvE2q3rJ4hW4juWXdDo2GhjhWThDJGdpyoGQSvpwp69APhhqJ0LRLt7uKOXVj5i2YJIgQJuxKUUgbgAoBIx35Ndx+0toEGgfHHXIVL3LfZRJDhQBEGXOQqryEJC56EAE151pPiTW3gito76WRUlihijlBdkA4AXrhRg9uccY7/onBfH2O454dynPaCWHWZ4Sji1SXvqnCrGM1By6tJ2v3etmfnXFeXrJcyxGBblUeHlKnJy3k1JJyVns27fq3ZvyXXkk0fU5oCI/tEdx5BUYIAUYLDjOCPXgdSSTkzWmmXWqTA2+GvJmiAULkncCSxzwEO7n0Ock5NHjW2kj8RykrJJKy+azDcWMxU5JxyARyB+Y3V9ZfBT9mD4seOvAGsfE7SX0nQ9F0/Trme2vNbnjtzffZF3S/Yw7AyPGFxgY3Hoew+/xeeYTKsJSq5lio4eNSUKcefedWVlFRSXNdvRJK6t5HgYDAYvMajpYSjUxFRLnko/CopRu3u0rd3qnpY+RfAHgPxF4t+Ik3g/w7p15rPiDVtVttNj02wgaSV7mRlQBFQHaoOCz8Bfm6gV/QXomj+Dv+Ccv7PPiC21mK01b9ov4m6Y9jp2jpFBdapozX0Bi23BG+S2tLeJzuzsV3II3cV8ZfsM+JfD37PHhz4kfGjxNDp3iL4x69qM2kfDHSYreO4W1lVzHcarNIQwiHm/MhAztGBwTn0bwv4J8bfFvxtqnxL+JU13r/AIi13UGvNQu70tJb2cAbetlYI+6OGKMbVUJtXAJzkV/P/Gkcx4uzueDxcp4Dg7KqtHEVakJunic7xcHGpHDx2awVOVvaNfxHdapO37Fwhk1PLcJTxPI6mY14uPJJe7h6eivK6s5y1aV9N2rWS6P9kD4S2thYah498TWxOr6w9xPdy3iAFZrqQzSrCdvync45GScjODX2Fqq6ePN13xKlnp3hnw7ZSXP2i9KrFEqIcygSEBnKjMYOWJIAz2o2EnhTwZ4ZvNe1zVbXRfDmip9quWupEht4ordSTneVMszEfu4lyS2CwwOPyf8A2mP2qr/46Xb+GPBT3Wj/AA5srpkVlcx3fiRom2me4VSCtsdrGJDlQuGCjdw8oybNeKs6jLCxqUsHQcITxLTVOnRjyxUIyd1KbXwxTbtZ7WZ91KNGhQhh7p1LKTjsnKVr8yb7293o7+hD8bPjS3xR1u70nQEe38AaZczraMTsk1mZHK+ezAA+UePLTkBck5xkeG6N4a1rxn4u8P8Aw68F6c1/4r8V31tp2m2MCPIbKK6dVnu5DGGCRQR7pHdgqgjBI4xzcmpw2VkkUEAeKJ4YbeAA75rt22R28MY5kklcqhX+I8YPUfsL+zV8N/D37FHwe1r9q341wQr8XPGmjyx+A/Dd2qG70PTbmJvspS2mw8V3d/I0jBQ8Q+uK/sbw74LoqdKlTgqWAwUI1K9ab92Tg4ynKcr+9KdtvXqtP5r+kZ4v4bwt4TlRwC+v8X8QSWWcP5TRTnicRjMQlCFSNON5qhh01OrUtZWs3eVzJ/aY1Tw7+yH8AvDv7Mnw8u4ZfGniKyS5+IGrW5VbpprhN9+9zIvIaRi8SgkhfLPGDivyD8UWFva6ZDJDm4eYjL+WMEEZZCxPdwSzHlic8nit/wAffFDxJ8X/AIkat4x8Q3pur7XLya8mjkkL/ZrRnLx2yqc7AiH7o5B7Zzml45vUFjawWZTbIiMEU7nHlrzznIJ7kngjGOc1+i51m1PMMVChRkvquEgqFGLurQjb3ox2V2uz3S3ufhHgtwBiuEuHa+ZZ21X4s4lxVTOuIcZN89WpjMS4z9j7SV26eGg40oxWitKyuz55vtBt9SjdHjECkuSEQYfkkjBwzMME5Ck8dD24O58LSaQr3GmTsHVzIUPyPsJ5TnqB1HfkE9s+xrM6IzyKgKliGJwWyGwvtjqVwcdyMVjTQrcMgmw2/ICkgKVYAjcBzkZJzgZ659Pna+FUnGcEm7K9kk9eVJ9FZb7bWvbr+00qt3GnKV11dm5O9uqa26rfre9kcfp1/Z6pavaTK6XOMeWx5BVSGcdypI+bG3PTGBzzWs2M9owu4YsIrlSYvunGQdxxwSAAe3cf3Q7xBbXejarFcWvEZH3lA2KGPClhxyeAcDkgHAOD1sF3DrGmJGIl3t95Rhi7KMsSpxtyTuJzgY6qOukVNq10nHdWaTklFatbq75l0d1vYnGUozi481pOO9mneyV33s230176mbp2rQCKErIVBVVkQc4kByrN1BIJxjOPlGDmu70+9WIqnnsRIBIWYdOc4UYIyflAGep45O6vEb+K4064RYRiNywYABQhBOBtOOQSAAMc8nHIrtNDuZg8C3LylcZA6krjAI5HGOw75PvXq0KicLWXM0tm1dWVlJ9PJa72tbU8KS9nKSck725W3bty66Kz1VmraJtrc9m0y8lWVS6qVkOWZiFDLzhicfKTjnktwMcVuPqEc0ZQqjBW8sSs2QiggjbjkDPy4wA3QHHTj7P51hVWZo2Klmbay7ieAOeOQMk8Hv6DV8phKihEK5O5dwAJyApPQA5746Dr3pVqEai95SvLe9m18NulumjPfyXGOFTlm2ou17yun8LV2tNbaKze/oa+lTJbPPGFcISWEjEhVOSAVO4kKTxwMDax6V1lrPHNGqjBOdjvkYPzbuAAcNxwp9vmzyOPs1LOYmKbI3I8s8GQZBIDAkcEjjn2Izmt/T3CSlihWLzCRG3CvgjB4ByCMZPUAn8fHr0+SNmk0ut2npy+XRevRvZH2ypus6c4arrona7i9td09lrvokrFO8hKPLtZwwYurDAUrnBUdsHGP0AFdN4F8Zap4K13TvEFjdywz2F1A4McjCQIGUtGSCN6t3U9DuGDljTbvTzKjKGBDYw6jKxhyCCSeRxjA7HGDyK4zVIk09WMjnKriMozKSyn5WK5Bzkeh4HtgfCcT5Nhc5wVfCYmmqtKrTlFqSvZtKzu7WbXVWS3vfV/c8M5rjMixdHGUKjhKlOE9G1ezjrZK2tmtbq3lqfop8SbzRviT4csfiVozIJbsJBrdoQHeG8RB5kzKBlBKTnPuT90GvjrVYvJncoVVUdmLRlmAA4BcDG7I7EkDtg1T+FXxKv9L+16JdXanSNTzbvFMRtSYrt81UbhWJAyQOfek1yC6tby5RpD5MjO6yKvySRE5DAKR0yFwMDGemCa/HOFMmxeQYnEZTXcpYenUdTCybtaleMlHmd00tVZfe7a/sfE3EmE4hy/CZjSjBYrkjHExSimqi5FzN63Ulrq9G3dWsc1qccEsbMwVdyEOyscvwdnBOOT6gEBs5xXAX1iUI2xqFC8qDu3Ic8FuAT0wMYwTgZzXdzQBkYks4kU4kChdh7jAIyPToBn1rKubcW0WJE3tMqhQjZwQG7Yxzjru9e55/S0nBR5baLVNqzvy72Vuz9V23/OHNVbu1lpq+2l0o316K17N69DgprUAKcEByoZB0UKMkHHHB4J79cg1i3WkeYrsVWTzEzucFQmM4AJBA46nqcds89zNGxKgxqQrMWQ4Cx8DByTljkjJ6cjHPFZ0kUu5wUY2+4EqBhtoxwDg8c9MjuOc5Gc6Kq/G1aSTdt3ZRTW9rX122TKpqKi7JbqzW7atzau7V/lt3PEdV0xyZuAFThVGNrqvy53AjnORjOeuQeh841TQjLvdoldXXhXH3c5GQWUZPqevQgE4FfRmp6bGfM2LhXBYoy4ZQuRt9hjP5ZwOMcJeaeUEmSWV1GQoPynIwFB69W7YyT3OKmOTUppNR3fu7XtZJLVPpror2v0OapVV2pKNtFzXVo7J7ve6vonfrdnynr/AIZuBvjgi81WKLFGoyXeRgsagr93LnnIGPl4OQa/VD4O/sj+HPg78LNB+KHjnw82qeOfFVo2o6Zp15Astvpto0bPbvAjggSqCGMmcgYOM4r4quNPdWDxxqJRJHJHGQCTJEwkPzZbOTgd8kEn3/fP4a67b/tE/s0eG7C1a2PifwppDaTN+8jNxDLDF5caBMhtsqqEUt1bg9MV/U/0c+GeHJ4vOcbmNKhXzLC4CVTL6eIipwhJ3i60YyTTlCSirtJxTbDIsDh8bnuW0MRyqjXxdKjOUlFxipSXLd3ulLq7dL33Pw58f+PtSt7q/wBFubqQ6VdzXN1PZxARLFM7lQNikZ8tVwQFwApPOcD9m/8AghfqtjcftRxS217Mjy/DjXrO3ikc4kla0YGMA4znI7NtHIz1r8mP2iPhfD4akkgvrWez8Uw3V0k63SNGrQgkh1B+TPGQcFTkEHAxX6Lf8EQXnX9rr4f6agKzDQ9fWeRBhZkNplQwX7wyB0+XIBxkDHh8SYKtLO8dDE8jlKU5wsrKnFzTjbl+1FpO22q6H6FxLwzXy7ir6rNQhRo0qdajKKai6D5JRTaf2VrK7s7o+fv+Cv0tza/tTeLrUH95p2mXFu4H3clnmJ9fuOMnA57HGR+I2na+kRmgmn3PNHKoDS/6vlt23ccHgcdCe47j9uv+CxAd/wBrr4tJKMNFcSxq5ToSmGQnnHHI5U9Dzzn+eXxXb39hdfalZfJcOAFBztDsCOx3Hk5xnpyc8/JeMOCc3ksviccvpU1d3ak401zaPW6XZ66JdvF+kZSlHOclqRVoQyfBWSvypTpUZJpX1b2tZ7a+W74/1mPVrCCxsWxBbRzli54eZVbPljoe4BHGAwyTg18vXwlkmBlYCSRth2gEgAnrtyDkcgj35x17bUdUu3tJImd4oNzkbhyznJI3HkZxk/dHPA7Hh2blMk7xlizZO7GOAcZx/e/PrkV+KUcK6MLJc19Wr2tqtLJXdk35fPb+VsVUdRpyWqsr9Nkmur0Wq+7XcT7M0eAGVlHI4+UnIJ+Yk8gZ9/yxSxld7qQEVgSzJyCxz8vIB579WOeenN6B1mT52JDAog7EsSOcjaBxxjOSSOODUY088IrHIYgyn5YxnpnJ9C2Rgk+mRitWpRs3y2TSd9GrpdddV8tE7aHL7NuKad72tpdWtFpt+ra6a3SbaRNZ3YiuIXKRuFcITziJAT87cDDnOVGBggA8g17D4R8G6n4/1xtM8OW7XMzW+6ZgAFAC8uWYjC8AsAd3H1rxmPT51VkgVmKku8hG5cA9j1zjngDnODzXceEPHOteB5JLrSru4tLtnZI7iLAJRuqZ4yvUdeM9cYNZVIzlH92rydra/wCG92lrd2fvOz7ao1oU6ftYKrpC6ctm9Et7+T/XzOz8U/C7U/AskNvru6B7uVilxE+2JolO51UZG0gKwb5Rg46549w8N+AvhRrHgRNUtvEk0Wvw5MlpPCrG4kVwpiR27bcnjquMlWHPy14l+IGveKZA+tX099KS5QysSIw79hnjOT6Ed+Oai0LxFqemq6wy4jC7QvOFYjAYLkEN6nkgZyc8kp4WvOOslCVkm+X3lb7LurJLXa13bVap+lSngqNaXLTUouL5eZX1aTu9bab3V/xPcdd1O30uGLTdMtUjs4pWWVpBzvAAJVv4gRk5wTnp3K/Q/wCy98avEHwc+I3h34g+C7280vWPD7h7S9s2aKQzSD/UO6kHY+WXG4AZ54OK+K5dXuNRtIrWWUvMGMsshwSckYAYggr/AAsT8uM8jFfe3/BPLWfhVpn7RPw1j+M+mprfw7bWYx4hsnVGiIZWMLTKT+8jRgrOpH3R1Ff0r9HHh7CZtxpSwuN5avNhK8qdBwjOWIlGlz/VqEJOKnUrRThCLa5pPlbW58xxBgaeZ04YWWHniKeIr0Kfs4205qkF0tbkbUpPda9dT9Jv2/P+ChGq/tOfs+fDnw34r8LfY/GXhy8eS/8AEskn2iS/ic4EbTMAxAAJZM5V8c56fh3H4jRDcuHR4JEeFYwW2qH+8+AMcMCRgHB4xmv1V/4Kw33wSvviHazfs+6KujeBF89bm3tspZyXaAbpYIjgIGHbCjI5wDX4kteiK5IZyAGIRARtIc8Bs8ZJHJPJyAF4rz/pKcKYHIeMY5dhMDLL6MMBha6wdWKp1aEsRSjWlSrU+aahODnZpTa5tE3Z3+7r5XHhShhcvw8KtKEKMKkvaNxalUUW1q29H3bbfVdfqDSfHfinSdKt9Msp5brQIALlkUusaXRJbarITyD1JGDjBIycdppXxIuNU8Ma4ksdtfXkxAjW6VXuIHjOcxuQf3a4G4ZGMeua+afDfju+0GG6RitzZTBo0t2RHjZnBBAyQ3HYjpjcRk5Elj4uijvvs9hELWG4ZjOgOSVlwdoOAcdeCMLjGSQK/lDEZXH3mqbTUk01o24pKzfb5a/fZ0M/xVNqPt58iioqMpJ72ikrvbdrfS+7Z9W+Hv2hfF/gp7fVbW4kjhgtFt5dNidjp8qqcNG0WSEZwuAQM5zuJB4+0PhD49tPjHanX7NRputWl2HkskIKxPhcYB6q7DOOcHqQDmvyq1W6eXRJSioso274hgEqp++TwBgNliBz8uc9/qr9jLxnpeg6hr1le3ltZT6lAslulxKqI7RkZMTknEg4wo6nqQRkfScL5tXwVRUas5vDuTg4S1Sk0lFq++u706K2rOujjK+NxMFKomnf3pfF9lWatZ6LptZK2it+qP8AwlenThdN8Yae+mX4HlrqkcQRJQRhN7gEcdAM7cMc4GKZf6BeRQi4sGj1HTQQ0c0JD4UhSAQpJBGCSBwTjjOWNXTfEGmeIrRdM162huEaIstyAHddwIV1dQpIOR/F3zg9Kik8P+KPB7f2h4Q1Mapo5Iln06VxIFVgCUCEsC2DhcEfjX6MsUnaUnKm5WaUrOMm3G6i5aq6v9+l7XfszwvtI875ZqP2ov34p8rta72Vtbem1yO0vlgkR5GZFVyBG5wx2jnBIAU/MT0AGOOR83XQ6lGgadS3lNjow+bkDdgjsCcEZ6YPUZw9N1zwr42Y2N1Gug66uRJDMFjilkT72Adoy7DP3u+QQ2TUOr6ZqWit5MkZW3IUJcIfMhdedpYjKjIIGfm5BrlzGFKpyuSam7ON973jeyd04pO+mjvbXQdGM6dNOHvRVmutrJLVOz2bbsut7bHXm7gvyiRENKGC70ADKVYE57HIbByeRjkHoG1k3OrEfeUmIqNjqFADZ28c5Y5ByeMjNcDFd+TMk8EuHjGPJX5A/wDtZz3+m0jByO/d2txHf2pbzhHMUBdGfDKQfmKkcHcOuPqueo8PFp0XBxVl7t+VXSV4vR2/w7rTdq1zuhUdSEXJPma9FZuNltJaPpp87mNcWslrdCaJlRYyXKrlQNxORkg5GM9BxgEYxx0M9it/ax31o4KqMTR8lmY7dzdyOQSCOWGMfNzWPdxl1DJIAEDfu3+beA33hnPAwAMbfm+Y881DY69cWsipCAkYYrJnJRh2Yr0UDpxgAjORxXHVcqsXK7drNNJtNtq+2qdknfrt6dWHlGErTsr8u17LWNldbvXor6attpK0k7lvK2yIoYqXkUswwDt65KkbdoBHXPOa3rHWZbRowWJQ5yCSqFV+XcQOpAySOvJwc4zi6xfymLz7aONTNH8zowZdzHdnbxznndjPHQYBrItV1CWSDz0M7OARghGUEZO3HXPUn36gmvIxMI8t9dbaWcWuZw3et9dPJLZJnotJW5Xq7a6re10nZ7NdXp87nsP9sl4IgrsisuWkLH5gegGcYHocjng0yDV45AzxsY2XIbH32AYnG4YUjg/hzgnmsDToWuYxZ3SMiZ2o4Yc8ZKkBRkZHoeuDnPGdeQy2LPHJtVDIfKlXdyBwM8kZHQ5wc59efBxGEjNcra0V0krX1Vmm2/h07dGjSLqxSkpNJpLV7tKKenSy1u7arZ3PYPDni6XRruO7t5ZCqyKJYQ2Vcfx5A69DjjjOe5z9UeG/FFrrVvDPBJs3Kv2hclgshwTnjg9cE5I6YOOPz/t9Q2BdrAyqACQoIYnGXb06Ag/N35Hf0/wp43uNBnhaLAgLBZo8/ePdiByAQOowRx74/LOMOFo4ulLEUYr20W3ok3JJK/NrZ2W3z06n1+QZ9Vwk40q0pOlJ2V3FqPw62T0vrdfcfedhrk1lPHJFMVCMSWTndtICq/QjcMgZB447AH3Tw94s+228btKqugUtHuEjMT0bBGRnJ5B6tnOCSfi3SfFCXqxXFu6yROoeUBg4JIGM5OcjIYkDrkd69Q0fW5bdYpbKVVfILhlPAYjksByDkDA6E/N1zX83cQ5LKpzwqUXGcXytcr1ScNlZX+zq2nuu9v17KM3b5ZRa5Wk1Z6fZ1VnbrdWei33Psi11WNYVlaVicAl+jx45ChTg/wB0FcZ6DO0CtkeNkTNvdn7RaOoUs5I2KueV4xn0OOQcANwV+bbPxJ5saGS5wykCSMOTuOOXXPBGf4jkcchicVtC8eQOwkLpKq7VZiNu059MZPzkkZIPTDDFfkebcNU5ySlFqV+mul1dta+j0vpdXR93hc456cE5K+iT5rv7KXu9b3tdLq9NT0fW7eDUEOoaXcq8RcsV4byQTwV6EAnBPPHQdhUvhbxteeEblS0sjrI+JYSxCyIMZKegJx6YwOe9eQf2pqOmTmeFnezb5poFJ2kDlsD+LJP3QAxIztPUX77xDY6lDC8UZheNfmLD/VORtAPUg56E8Z4znmvgs1yBxUqbpqpTcbJtNNSVl1tazt3bWyZ9FhsbCpDlbT6PfZcrT11T069+mh9ir8V7ObT47uzDNKuDLbhlYgd8k4477h0AIHpXpvhL4jaVqtqjRXIhnUKZraV8ENk54JOR1wOOCM+h/PjTdYFvJGI1DAsA4YjbIgwxCg9+DnOcLgcnOPSraTKJqelPHAUxLLCsm0kgA4GCOhyG5JBxg46/jXEHB8Ic7jDlcpNxlytKztp5dL7rvdPX06dLD4un7OcF0fMk9Ph6W5b66WbtZpWZ+hVjrMDlZRKzGVhtKjpg9McgjA5PBxyvJ5660uVmUNujJPAUktn068ngnI42/Q4r88dF+Lep2Fw1tK0rxA7QJztKMBgBSPm+mTyMY6Yr13RPjNC/lm5MkZXGNpzuwOmTxkYzk4OMfxc1+bYzhzFYSTcaTmm1dpRdknGyVr79rarR7nl4rhv2yk8O4XVlZq2vu2Wtvla2mj2svtS2l3KMrt2EA9SUHGc88gAnGCeRwBWrGwOQeGO7YQc7sDOSSSQcjAOffGOR856F8Y9LnQCeQKhOwszKGGQBnnrzwAfT5cdvU9O8feH71F2Xap/CC7AKAc+uOgGWHHPyglunHQoVIyUJxdNRdkqiS1sl6300u9e6sfGY/h/MsO3fC1Jxb0lTipbJK+muuunnvsY3xZ8CQ+P/AAZq+gXbNG15bTwwz4Bw8sbLtIP8JLAYKgcHg5zX5lfAEy/A3QNU+EnieymtNQ03xJqVzYSbSIbuwvJpHhkjfaEHEisVUnHPJXgfrG/iPSJ4TEbyNgeFIYMO/IVeAQcHtzzhs5Hgnxf+H2heL9Oa9gitl1jT1N1a3kYCTyFAT5UjDJZCehxySDzgmvVTrQy/GYKznhcT7Os4qO1WkmoTTWj0nKLT1s767n0HCOKqYTF0sFj6NWNCVVKNSUZfupvlWt+kmo3S21vs2fLnxfu5J/gL8VJLUoxm8L6qygnkRmKTcSD/ALPUHg5OMmv5LPEtw40y9AKuiW90zZyuGzICAOc5H3ic9VH0/pj+O/iTxPZ/CrxfpHhzR7zV9WvdFvdMbTbeCSfbhJBI7bASw2c5BwAfUZH872q6P4Ri8K6rda5qMMOv/YdRjudGdhHLps8KyA7lYqzP5mR8wG3PoBj+j/o04b6ll+Nm4SqSq5rhl7OmuecY2SjKUVeSg5SavpG68kev4h0vYxmlUioSw1SUZOS5XaEfdTe03vyuzd/Jn5HeEJQ3xXtSvyuNWuAVK/KMuQAR07ADOMYY7cCv7V/2WvC0kP7Ovwo8S2c8elX2kpJcJqVoGE5m8zzYkuVXO6N5NqknPp0zX8TXgm4jf4s2jwkPE+uTpuYk/K05RS3ABbGAvJH64/0C/wBkjw/pE37Ofwy0Ge3tLY3Hh+OeSSTAWRXiVsnP3WAyynCnrg5Jr9P+nFmU8o4X4TvCUoV8TCNaCScXTjSSnGcWmmnGW0r2166r+avDpSxdXNpRlFKnWkm97++m1bW6ai+iT6tNWX3F8JfiRrnjbwpb3Vxp+n6/cWam11CIKqXSzxdZDC6/MrIrMHIyc5GcNXn/AO0/HpfiD4TeOdEbQNdsvt3hHWmhe2V/KW4WxnbZlM7YgeWwPuk9sivDfDHi7WfgF8QrW+uJ7fWPBWvSSW92bVh51lErFVllTOPMjXaG4y65xzX3ZrnijQ/Gfw78R6voT22pWF34b1oQPmORGElhMGRguSsgLgOAvyk9D0r/ACIxWVVOHONMgz7L8vlUyrEZpg8TQr0vaJQmsVSqOlNKVueCTXK3zNbaI+wx+EqU3Ug4c1KpdRqJyiotte7KKduaPdPbVn8B/gfSJrPUvEKXDu6W19f2yrLkmOSO4cBByoUggk9SW4Xpx8vft9asq+DPBlid6yz6g80qscq6xFghUdAAGweD14BAAP3Bq1rNb+MfiCvlrFCfF+vpGQuFiZb6UqAOBwDtAyO+TxX56/8ABQORYtC+H7FmdpZLhSxA2khsHjOVyOSQMt1xya/6EPCPHQzLivJa7i1UngaM2tbKX1aDut5Wvt1s273PxnjLDxwnCuYptP3vi6K9WG97vZrytu9D82rT+yHuY31MvFbSkK8kIGVCsOQCV4X6dgCMZr0PVfD/AICn0t7zRNfM9xHAf3EuFJZVwQVPcZGAQR39K8av/ktIi2wsrH5c8kKevXtkZ+bJwuDwWHPiSRAQrshyGITOCPmIyCQAB8q8ZGcj1r+23VtaHvX5Y3S1e0Um9bW1V76NpvzP5i542knG/Mlr1vZNa+XzuS3rxrMyxnJUgBkBAOOpU9iM5OCeTnJYAjp9C8Ya9pAJtdQlZIxtSGY71B4BABIXkY54PoB0riZHLTY3EtnIJHYEkqRxjGfXgd+9e5/BH4YwfE6412wuJZLeW0tRLBIhARZMEgsOMrxk+oyQeKxqY1YKEsROpKNNWc5J+6ryS5rdLN7O6Xl0mhSq1KsYUW3Ul0u7302aXTVvvppqgt/ialywt9a0i1uC2A0u1CxGM8jb8yjJI645zgkUNceC9UkaISnTvMYMuSAqZwxG3IGDkgZ9wCeKr+M/g14w8L3DJDaR6najf5cts++QoDjDAndnCnjHB6dq8hvIL20d4bi2ntpEOCs8MijK8EFmUDIwcYYnkEdMHooZ3DEwjyTo14NJu7ipWaimmrWv236eh0VPrFFqFalK6ve6a1dk1p01f5+Z7LH4DtH3zaPqttcxkblR5FVwRuZ9gz1U8DBweM5ByfVPA3wv8P8AiHQ767utSmTVYS8ZtI8Ft3/LOQYBJQuMHgewPSvkSLU72Alra5mgAYKVjdkDEgjJwc+g7kZ7nmvT/AnxP1rwlqceoW08cjEBJ4LhcRTwk4IOSQXBJJOOSBxjivoMmxmVRxKWOoc1GUXGUUr8t+W0lyu6tv6Wa318LOKWMxGEnHLpqjiU1KDbai+VpuL/AMXq7pHQ+IfBmpaLetHc2cyQDcqS7CxeMEhWbbkgEds9D1JAA5ZbZQSV5KFhtIIY7RjLclgMDpwQOmAMV+jnw9l8O/FXT4dS0ebRri9AWO68Pai6LP5qrmRoi5BILMdoUY7ECuA8c/B+71C98lfCyadJJcS28cljIqAuSQhZRgMh4ySegOGzxXtY/hWliYfW8orKrRmlKNNq0leKdtLrRdG9+vU+TwHFdbD11gc4w06VeFoOtFPllZK8n+D3b10skfDzwgFWKkAqpQc8gDBUgE8HHA5POQehqOS3RiqcknLEngDOSc4HPGMYxj7rZwc+kePPAWv+AdVXTtes/IWZDJaTHPlzxFc5R2XbuUnawGQGDAfKePP2yWGACoJySQOCoPB5YjA3A9Txn5iK+GxOFq4apKjXpunVjZOMvdfT5bbLa9j73DVKeJpwq05KVOouZON3dPlaW6fXs7NdbooCFxuBPG7JOMAEgdgM89hnuB9UWIDJOTtOAV3YGfxJwSRnBxzznNXM9QORg5P3lyc9CQM9AQAMnoOlRsVCEADrjA+bJYAAYHAOO2ecdemeCdN8qjeyVtk29HHlfRrTTW/VPY6XGNtW2tF1srcqveyS3erWnXTRw/IQVbOzOACSDknJwSD35XjGBk8DFNfBwPTADHPTg4yCTxnGMYwFGTjIeAwcEgnJJGMbl7EE88ducjn+IgkoVPIJI3EfKBgtkkk4xkY4GecY6dM5exs25W92ztbfa2nSzvrdtpXtvcTbvK61fvX02UbevvKy0a1a1uRtHuVAuQxJy65HzAk9OQeB/vY9s43fD+u3+gTm9s7h45EYb4iSYZwuPvDG0FgCRkA7iSBkcdr8JtEtNe+IHg3Sb+3FxaXniPS4J7ZiVW4huLmNJIXzkkOjYI4Izk55B/Yf9pX/AIJTanYae/i/4OSpqk+qadFrUngGRlTUbe2ESPNLpLFgbkAsx2cDBIzjFfG5/wAUZHk+YYDK82xMKFTMYzlh5VU1TnKnKMZRlN3jDVx3aW1mtD9U4N8OuJOJsqxud5FQqYiOXVKca8KfN7T3oczcI6OTsm2km9uisfmL4f8AiNofiSKaz1GCGKaWILNaXZBikfoWiLAKp54VQBk5AwK5PxP4bs9CEl9o1wfsF2V8y3V+IZnww2kdVGTzkZwPbHnvi/wF4h8G6lc6VrOnX+m6hYzNDc2l3BLbXdtKhKsjo4ViUIwGXcpzhTjGILDWr97U6ZfzySW4YOkko3NGeu3J+Y+6k+gOM4HpYOhTTp18DiI1KFWzcFJTpyUrOLg100TT2W172PHzCeJoyq4PNsFKliaLcVUnB05xkrLlnddHrbv0PvD9ir9rvxt+xv8AFvSviR4JIuftMMOk+JNEn2/Z9Z0mVlFxBKMnMqqd8TgHa6qc9x/Wbq/hX9mT/gqB8H9P8eeDtStfDnxQttOCy3UCwRa7pOqCFT9m1OJQJbux+0Fk819zKMsoHGP4X7aRiiSK5JjYPC68HggEnOOQ3GeSOp6mvv39ij48/Fv4SeO08VfDi91eS60Ipd3tjZmWSwuYVkQNHqVquYmicHazMpOG6H5jX7Fw3xzheGcHLC5rSo1cpqpKv7Xl/dRm4pzTbS7v1tZ6a/zt4leG0uLqlHN8hxtbK+KMtiqmX16NSUIVZQalGjiFFu8ZWcFJ3XLJqSs7H1/8fv2dviD8F/FN14E+KuhXOnahC8i+H/E8UUg0rW7NWYQzR3QAiZnQruRmDkjkDbmvl3U9BuNJkS1uECSKpCyj5lkUnhl45jxjByeecV/Vv8I/2oP2cP25/D2l/CX4+6Lofh/x3qOkRrFbamsEMTXM8ZRLzSNQcK1pcI53hAyhn44GK/O/9tf/AIJb/Ef4MxXfjf4YQ3PxJ+FCRyzTX9kon1Xw/wAhyl1DCZDNawqcCaLcZAVJA6V9nisPl2Y0KGY8N1YYvA16anKMZOUoNpSlGS1d4p2Vruz67r5PgfjrOqWInw54g5fPKM9w9T6vSxUoOODx/K4qnUjPWEZSS3cnG7fK7+6fkB8M0WHxroofcdt0fZTkDLHIPI284bkdFHSu+8V39rJ4k1SC9RZrdrtg6cEgAgA7lyVP3Wx371hfDbS5h4906AwsJIbm4R4ZYysokiXDEo4DIykD5WVSpDdjzzni3UJYfEviFdgw1/Oi7jyNrFcjAJByMcdsHtk/mOaz5Mc4aw9zVNWaalFNdHffdK2iv3/pTLaP/CYqmynO6lfSUbRSaaV3vvftbz3o7CK2uFbS3M0c5DfZn3F4wOf3ZwSBjsMDjPOSKrjVrWbUpLGaRluoW+WJm2SsMckDjByMg5yRjjOQKfhO+uLjVdMSQYLzqjYP3h/tZPJwMA4yQO2M1Nq+k2jeLJZ2iYSy3wjEgIDKgAEgyuOB1G3gDpggCvNlJq0uZOCs2lZN/Ct1um7NrTW1t9KjSl8UdU3e+tnZRSb30Vls/PXY9C0/UJ7CNZIHypXa5bLsFwQRt2kHb06MAeOcEjphJZ6rbAxiKC5Zcb8L5M5IxtK4GGz6+hxkkbeJ1PRNT8PxJcWUx1LTpIkmkdOWhU4Yh1IJYDpjnaARyDg51rrJLLJCfKPyvsc4RyMdjknI45wcjdjHNc9SScuZJSlHta6dot2V9VZ+sbPrto/dSjUpuaej0ur6XXmurW773bK/jD4d2WtxSW99ZJmZH2MyBouQeEccDjAG7GQMnpmvnXRPhO/g7xpbX8EReyImVJAp3q7KAEJJ2gZ75wOueK+1dL8Q291AsN8ivG3AjkwShydxik5+XlgOn6A1k6pb6FGGfz8QukjRoxwySENja+CSQOgyVzg8E1H1lteznFxurKSXu7RS9Nd73112MJ5dB1KdWnCyUot+V3HR66S1VlfbqeB+WbjU5htCMsqqQAMtzgjOOOBnr1yM4zXZW2nsInQh0UFuvPQdh03HGM4IXjk8g0bax/4mIbYTHLdcMwC8AjG4g7ecHsMHjryO/tbVSZifuYbbjBUuo4O4kZ7nn0yATk10U5yUYJtpyktL+aei1Sv81dW20NXRlKSk38Nmltb4X2121vazb1dj5j+MCK0ul7N8Zjs5iGUYZHBIDIezbu+eewANcv4O+PdtawL4P+IumReJPDmxIYL+SFGvtOU8bwzDe6xj5ss3BBG4H7vW/HNZIZNJxtBFtcM2zbkrjBB9CMcgcnIOOpHxrqOHvJVXhyqDdgZywAJOf/Hg2eQRkkV6kKjhCMlv7rad7O/LZNdrJ3vomu9zxK8ZU6rTs9VdNPVcsdd76W1aaV++p9c+MPghpWvWDeLPhdfQa/pVxGZp9NikVruyAHJ8lTvBHQqFAGO4AI+eNItX8P8AiK0S6E9sbW5CTLLG6vG+QrqykDB984yMckc5ng/4ieJ/hxq8d94c1GW3kV1E1q7GSzuEwSVkiYmMqQdvIzg5JzxX2ToeofDP9pCyFpcS2Xgv4nwoTG58uDT9VuMAbS2QgaRh7nkqpPbKt7DEU+VpKUo2dk+WzSS22v3SstLq6sZqEJSjKPuuLT1utU09t7adOurXU3vhZq0+pQ32nxMfItpDOpzljvIOOeTnPoMZPOK+k7LTI7uxje6JZiRvibHHPBUZIYnk9SAM9ACa+QtN0DxZ8FtXl03xlplxbJduPsuowgmznQ8K6zgbGUqVfBbGPYDH1N4e8RaZqdlZOL1Xzht0bhgcDJDYOd2Dt/i4IBIIr+cuNMjxWDxterh6M/YVotuaWibd3Z231afk+jTR93lOaJUqdKrUtOmoqN2l7rs01fVxS8tU0vI/Sv8A4J+/s/6B8Zfirc+HNZWSOKHTZ5o5wqt5aPC0WWXGCMsCC3AHU9K/C79o/wAFN8Ov2ifjD4Ht5d9v4d8e67YxliAXtoL10Vse6/dH3gB6nNfvV/wTy+LQ+Fvxw0nV0vbZdP1eEaTO9wMoFnHG4nupbIPfjA45/E79u+Zbj9sH47mHY7X3jHUL9biI4jkW4naVSmesRBOCATyBlhjH5h4R18z/AOIj8VZbio1vq9XLsNiMLObah7tXkaintJXaf3XR9Zn2PprLsBiYTUlGrySgrNxTtu0teZJL006nmvgr4k6z4Ivo7nT7uQxeYqSWFwzPaTxkkMNjNhSyjg8FflGPmyPpW40f4Y/HLTiJLdPCPjMxCeO8jVIre7faWVGbChi/BYnaeeMgZr4Knuo/t1tbynBaKMqy5PzgDGVBAyTgA8ncDxjNfbvw+8JQ6t4NXUIkdprC0aVpVkKzh0GRwNpAHAIZsjPrzX9M4viGtw9TpPE/vqE5xpuEtZJNx+F9LXTVk7vuz5v6thM3n7tONOqoqXPFWu7RvzJ6WV9OitpZ6ny949+GXin4f30lrq1m5sWdmtdSt0aS0uAMlSJAMKxU5JJHzMCQBzXne6U7XbIGRkb8fQ5+8cDgD6/U/ofpnjWI2EuheJrBfEOhFTEy3UaNdW7MCu+ORgWGOSCT8uQOBgV5F4y+Bmn3sNx4h+Hk66paKXmudHLqbuzTG5gq53OqAduOCDzuNfVZfmeEzShCpgqvvcqcqMnapF2i2ld3a13tdW3VkfLY/L6uClK/NJJ2Uo631VtU2r6J2eyvZp2v8v3QD6FrLSDaq2FyYskgsNnLdDgcHqM+gxnHwcA6ROFyxaeRueD99txGCW4yu4YPXHPb7t1uaTS7TVtOvY2t2SxuE2zqUdZNoG0qwHQ9CNwxnJzzXxIABAzMod/PlTIODteRuFGR90/X0yOlepQhNTk5NK8V7vXTleu1nr02dn6/N5hUlOFNW9+Ks7pvVuLel30enkn2H6bdbCrcpJk5yxAOeuPmAA56Ang98YrqEu0bCk5AAG4Y4J6A9sdB1xgd65KABHAVVwRjngDnOD2yeMnKnp1yMXRPhl2kYC4YE9SecEn1znPU9siqqRfRN93dta7KN0tF81Zb3TPHnD3btuL1bas1q0vhvfR2votFbda9hI+9ccEHaCx6jPTHJGcHII75AxjNZ80Ssu3DBhk8Z424OM5zknk8A4J6ZwKlvdr5TAsw+YBSuchsjIGfpjOQTjjqCLyTQtGXVxu+6yt94DABJxyScgkYIGflznIdOUb2a3VrLW92la2i7t7p3eq1vyNNSW/q07yWi0102d3vq/8AC0KK20ALgKBuIwQO/KnGS3cFs4PGQAYLuJDDLIvzbVkHPXO3HIHAyxAGd3oOoAsRz8gEIYwv3WP94g5ByMjBOAMnjvyDTvJTscB8qUYk/dHCkFRjjkkZOMDJA54rSVOLWiWi3+Uba3WiSerb3uvPSE/3kbLRy2XXVW0utd2m9vU870KMvcXfQIJ3LghtxAbCgc8knHA4BxjBxXaQNPGjbUIYgEHhhgZ+bBJAOB8q9+T2BHKeG4/MnvAdxAmZiMYYksQGPUHb17Yxg+/oCojLnaRsG0HJXlmAJYAAA4B4HyjIHOAKmlSTpRbgm76tu2ias902+3kl5J9mKrunUSUraRb10taKa736vptp0dYXEYUb44mL4yOQwbGeMEqMHg87jkZJxtXTgvntis1leXVpOm3abaeSMqc/eyr4UjjGOmfrij9lUsHCqy8ls5OGboScdO/TnODTjbryWYDBBIHG7jp6fdzgDJxkdwRM8LCSi+Rp6dWrt262XTSyvskr/ERSxs43vK6tfrfeKWqdte2qsrddPT9C+LHxH8OtDJpPjDVkRcHZNcmaIEZALLIxVgRwQQQDg/T6D8NftmfF3RUhjv203XI1wQZ4EimC8gjeu4HPJJI6YI9/jeGAFmILbcj5QdoJA5JwcgZxyQcgDPFeqnwZY6X4TPiC91O3a8umVLKyilUyKWGfnBIbBBzycgjgDHEvBu7UNVGPNrskrb379FvtpuddDM5O2rvtZe8tEtNdLJW2+697/c2i/tyaBqcf2fxr4FjmRm2zSwwRXAz/ABN+8QYBwCBj3Ga7+0+L/wCyl422R31jbaPJMGEpurRLZopW54MeQcFcZJAG4epr8n1DBmUkhiyna3K4HO4HqfYE44GM8ZdwXbcI+CQVCld4J5GQCcjqCemMZAAqXDEKL5Jyhor2urrS92nZK99Om3S51xzGm0lOFNrzVm2uVttq6Wm2zfVvRn6teKfhX+zx4j8O3F1pXjawt45ioihS7RSm/wCVVljYqSuWAyMY+mDXER/sYtNpMV74Z1XSNWt5FRreNL5TPtcAgBkYfKw4w2Dn0HFflt4n1C70/T2ntbi4iIlQJiV1jAXBChQwDfj09OePRfBPxX+IWj2tpPpPi7WLby1QiEXc/kRkgbRs3ldoAIHGByOM8Z8+IUtbTailqm9Lq7W/Z6X+dtVarYeo1aK5ZWScX9pKLd9NWvLa+p9b6z+zB8QtBeSR9F1dYlJZZrXFzFtA+XHzfd4XHOAp6cV5nf8Aw28UWEuJYZWdGP7q9s5YmUseQW2bc98luefmxk11/hn9sr426Fsivry11mzhULtuYo2dkUYwshBYFgcDOfpgV7fov7cemX48nxt8O7C8LECSSKGOXcv8TH5RtIHU5znp2rH6wlvF7620dtHt2321022No0qE7csuVOztJuzV0l29W+uqvfQ+O7vwz4htHYy6YJCvLG2wSF6ksBwMjrgfKO9Yr2c6vi6s5IRIxOZIjyR6uFO/+7k8AY54r9MNM+M37KPjZFi1bR7jwzfTIN8ip9mhjZuNweMscAEg9D7kCtmT4T/ArxWEl8KePtPjLLmOK8mhmA3EFQ3mOpxglvbI696+s0ptXTUratK9tlve33N9dLmjwTkvclCb00Ts1rFpNP8AK10fldJptvKzssXlYPKxk4cg8ZBIAwOBxgDgYqr9hdXYQrIq7gpBXIIx3wfvfxZJPQ8Ht+mt/wDsnm4juJ9MvdB1dDxEbe7jjlcEHG1Ubac+xwThR6HyHXP2WfF2l7pl0nUYxucl4UW4gVRkghgTkdumccnJ5qoVKbleM3rbfS17O9ntd6drO2uxlPCV4/ZevWPvaJp9bK3vPrt5Kx8QtZy73bDSEkkjZgAAA4Zcg7QMcZOR0zms3WIZI7C7lMapJs2gP1xghcdCQRjAyQAfz+lNS+Dvi3T5pY/7Omnf5htKyW8gAz13qB7HB6kg5BryzxR4N1uytLoXekXkZVSAxt5JlUdBudQVwepxj+9zyKvEQVWjUinduLSe+umqSTv02X4mChOEoytNtST+HqrdbJ272v8Agj9S/wBi39nbxJ8RPg1oXizwV4l/szVWklinsRfm1Pmx8IUSJ94Lc8FQCPTNfatn4L/a7+HiBbDUtU1GK3ziN2W9gkVfmwGmYNggHI9wPQj8Dfhp8TPib8LrW1PhDxhrXh0xosi21tcz29q7ocgmLhS3qOM/3iAa+y/Bv/BSn9obw75MGq67BrkUYUFNUtI3MpU4OZgWJY+pUZHuK/gPxQ8FPEHNM5zLMctpcPZ7l+JxNWvDA5nhEq8Kc3eMFWcHtey96+t7n9Q8F+JnD2By3A4HGfXcFWoUqdKVWlO8HKKirpJppaJ9UtbdLfqPZ/tTfHLwo8Vr43+HD6isICTXEVlNFLtHVgLaNlZmGCWHGCRxni/4v/a7+DfjPwbrWgeNNI1nw5f3NhMkbXmnNLFBclTseGWSMPuV8bc9sA4wS3yN4W/4KnWmp+VF458GQSOuI5JdOaMkByA7mGRFUjGSASfpkjPsDftF/snfGnQ77S9VuLLw/q+pW8gD6tp1vH5E3lkRlblfmDFzg8Y5BBGOf52reE2ZZPmWExWc+GeZZZUpYqjP6/w3iqkqSlGpGXO6SjVgoLdxtHRb2P1Whx1lePw9Wngs/wAPVlOm0qWNUeaScVFxbnKLT1XW+3U/PCXW9G1DW7+bTtYhnW0nL6dclNkksaOWiLA4CthUySckEEA/Nj+hv/gnf+25ot74Es/hv4210wa/pcnk6e93KGF5ZIuFiyxAzGCAgyAQOozX4bH4WeA9avZLbR9V0SZFnlihn0y9iWR4UY+VM8RZeWXBPPPXg4Ar3vws8S+Cp49X8La4yeQwkjks7hlngEZyXZo2GABwVDYJ6ck1+k+J/h3wz4lcLLJMe6+CxcKcJYHF18PNV8LXUFFSfNGLalb94vdvZtHl8KcS4vJcfPESdLEYaT/f06M01KndNNau0oppp20XXVH9mGran4c8WaLf3U9zBcWN3pF6qKuGRSIXILqCVx1wTxuwQDjn+U7xPrrRftKXUaSLLFa+I9QtYgxULFCsjLEsYBAA47EYPPHWuNH7cn7Rfw30C+8O/wDCWtd2V1YvYxSzjzH8qRNpWKVju8zB7nOcZGa+V/hr461fxL8WvDmoazetJeXmtia6lkLK8klxIpbJyS3zPjrkn5TtGQOH6Jf0eeI/DHiTMMwzHH4bGYLEypLCVKEpOU4qoneUZRXs3az5VzPW+7d8PGXxHybO8kp5dgYVo1VzyqQmoxjH3Elbldr312W61uztP2gZw3xaWWc4k/tVH4bJbjowB3BcjkcqMDODg14h4lvo/wC1bts70eQrtdhjAPzFTnAwT17D6Yr2H9pO38n4swSKykPqERBZtxYbR8x74B5wOMDn28E19mN/ebjHtEpYHIyGXcdw4ycjnk5xnueP9Fswov8AtKySsqcU776tPr5u++je+mn8sYCV8uet5OpdO++ke/fd3XkQeevmBhtAK/IFYlVHTcQecZ6jPUHIJ5FvDhI3GC25lyp2l14IzxjAx7Y6Do1c7G0bhHWRPMY4YgsRg5wBnqpzg4PGOpzinC6aDMO8sUcksrE5H1/u5/E8YyCawlDVWuktk0utlZLWyfReS0sxNWTck7u3vbWV4y9Vpd36PVPRmvv3qN2wrmQ7SMMozwc8gtk5yDgDPVsiqU0m4AkHaCFbJ6hSTuzx67gAcn6fLUEd8oBkJCZZtxIIYZJxgdye+M8EE85oN1G8YEoVQxIBBJJ5OAQDzxgnOCvC+9aRi3ZO9t76K7076JapPvvotDB1OjW9k7dnbW70u1fe26t0KV7KrklWJVGAUZOT/teowceoHO0jqMm7kRwWcYBcbiCAQACQT9flO3I6nHcHTcxpGzAK4yyEsMMcnBLfTOB14A55NZEzKoC4WQHG0cfN7nPZCSc8Zwcdq66MpJPa2jdut0rXa39Nrc2zV1F7a9jC1W4QRum0SuIwEJ+ZQuR8rZOQQQMHJY9a8l8VSH7JKVwF4UrgbQ5HJ56seBnHP516TqIYxzMVwWlwHUcHD5xwOg46ZHIyCMivNPFO4WkoX5ssoJCjazbQCD3B7n3+mD20m+ZK71W9unNGz8tG29na2qvZcmJlKVOXL9lappu76prR21/C68/0N/4J9W1rd+GfGiSxRSkW1ykYcYEe5SM5yGzk8LkZzgg4r5M+KnwN8QeO/iLrcPh/ULWW+szKzWpYKRCJH2qnPOM9hnoDu4r64/4J3t5fhvx+JArqlu4A3BcARt0Y43HkDIPt93APyz8QdY1fR/i9q8+jancWDyPKxktnKnaZXG2Qgrnngbg3C/THP7WpSzSc27qNNcq0ty6NJu6tf77pd2byVL+xaSqK8XW97ldmtVd3tpd27brRHhWrfs4/GbQw7/2DcXiRgkNCry5UAZKn7pyAOpPckdRXnmo+FvHeit/xM/DWpw4yrYtZdgwcdFQglcevPQdBX6BeHvjz8QNJjjWe8h1W3Hyut1CsjMeBtLMDzgHLZJB6jk59esfj7ot/AIvEngqwu0ZdsssaRbmYnH3dg+UcMRnAx9K9WOb1YO0qMpR0s4tO2i7tu17dXvbW5888FgKrtTrODd9JrRP3bXavbTe/zs0j8fPt0tvJ5V1a3Fuy8kSxunqMbXCjkgjPHQfNjBM0WqQsAizMmWG4scYJIIyRywA9SAc5PVs/r3eXP7OPi6Bxq/heLTriRtrMLdEKhupMicg55yM8gepJ4LVv2Yf2dfEkbyeH/EB0y5lYMiLccK5UnJRmABAP5D+IEY7qWa0KjSm5U5WV1KNlrbtfa/o156vlq5Wl/DqU5pW+GUbK9mk9nfpu0tHq0fmhDexsSgZdhyzE92+7k88BsDPAw2QMZq6LhHUKCm1cDk9SDkqo6gAcdASegJBB+1tS/YZnmLz+E/GljdoOI47iSNZCPQlSQw5wNoDD+flOs/shfGTRfNeDTIdSjQZV7NjKzDPY5yM/eGcdyDxkelTr4ecU41qbvy2TlFdrRs7P7rabvZvzamXV4u3JJryu7ppbfe+r6baX8A3xSEyeZhlbAVRtzgDqR1IHA5A4HPpYEk0LrLFPKMryUJXbnjkbh0B7A8kEADg9Bqfw1+IPh2Yx6p4W1SJUJ8x/scjR9DySisGAI+8c4/Hnl5I5YHK3UNzblW8t1nidMEfdxvRSOeo9lOcmtJOL25ZJq6a1XTbdNPrrpppe9+GVCtBcqU163dvh01urK22l16D5NVvo1bzZZHywcmZi25QQehJxgcgEcZzya5e1uGk1mSTkSvMsgOSy4HzfxdOhBwfTGSAK6JvKliK+YjjcAFJy2Cc4VccDPU9ic55qlHZrba2CUyhgWVSwO1SMDBwpBw3X/wBBGcmFGPNFLRcyu9W7fLyVvVt3V3bbDuUY1VJWbhZd7p2T1vd6v+rn1Z4Z+Mc+l2dtY3GnK4jhUCRX2MVC7cgYwMjPy98cdK9S0341eHLkRNdW89pINqlwCyqDjdnB+uTjOOQe1fFiXStGMfK6NjeTlQoI4APsAQPukAZ65q+t3CoVlkC7QC4YD52O07mHTJOcdScg+uSeGocydm37rejad2r2vZNWs3o73S9PPbqQulKyTemjunayWjd32e7ts2fe9p8QPCep7mTVIlV2KpHO23nGd4JIUHJYYK8cYxwa7GxnsLqLcl5az71Vk2yIv7s8jBz6ZGexzweK/N9b1wYzvbyxglkA2pkEAnud3YkZJweCc1sWviXUbIkQX10r5DRbJWGwLjG1SeuBgkABfTuZeDg2nFtO6b0vbVb2+9Kz1er1M62Jn7JrlvZLy5r2vt2ve++q7pH6ISWokVmjYN5ZCKDzuz2HXIxjp3zg8VVOlF1jdFYCMZYqRvBJPAGR64GPQkNwMfFWlfFDxPYsp/tKSaNNpZZjkHORhsnkdMknIPc9/StK+OGoRgrqNsGRtreZExyxHIYAcHgjDHIOeM9TKw1aGsJczcm+istErX002v667o872vPvHl0TXXa3RW6dU7L0Z9Fto9xHGHTBJRn+cncTgZAyOvZeD7bu+14ftW+zusqZLtlXc5ZSB82OnGV4zgHB69K8ksPjX4fvUEVwHhlACDzTwW43M3AGAMDpgc55zj1bwv4q0LUmje3v7ImVCpjMqKFyckDLAgnqAMjA5yetxnWptOcJWVrtq13ot1pZevbtYzqP20Gk9ZSW7V0rxXk3p1ejaTV9jnPHGjW89pK7xne0hBlUYblu56scnkAcjqDg1+fniqJLf4i30DDCFVjORyQRnGO5yOnHHUDnP6XeM77TYtMkZ5oH3yBFMUqM27I2nCt1JweBz6cAj81fHTxv8TL1o3BRkzuA6ccZweD7E+pzxXdSqKrClJKz54ppLS7aSeraXS9ltpttWXxnCvVjK9lTjJN3W3LfyaWzuls79L/PiRKnllidzKA/G1d2DhjkjIOemegPfreEULFY8sZEIKsc45ySxAweMDHT1A4wGL9oPlooDAMAcAOp9fmzzx759e2dS3Qo0izRq7Flw527tw7KuVx12gkYxnliDXx1OfK1zK9un3XW+1+q2Z+gU5S05klsrO9/su6/4Cvo9Lb01tAjs7KshAOW6MSACMKckkdvz5HW6tq7wkuNilCIwo+fHOOTgA8fNkdOMHFXDExcMMF2UhUUZ2H+Etnq3qecAg4NWRFsWNpSXZRtKqSCSf5E59OeOgFKeK0stW3o9uq8rO26av8AminUSasubVbapuyVtpX3tvq73ZnNZwmGNmHzbSCq87Pl5LZI9MkgYPTpyHHSrQIrM5bdHyy/wkkAMoypA6cgDPfGK0Ps7SBGXO8kkpjIUEjls+g6nPPOcnBp0tmyswDFxlWZU5UKeWzxxnJIGSAT07Vk8Qv5rapq0tXZxTs18N/LTV+dz2qTV21o1dW5dLPW6bbto99+t7nOPpUTkxxFhsGd0h5YHsvpkZ3E5I9eSKYNFZpmXciRsq4IAHXrjA68dAcdARnAPUG1QyktJgeXtSMNkKcD+IEAnHG04ODwcdZbezGEU5DKrOztlvwJIJB5PPqCMnuniuRabuO7tazsm0+unfppdkKom0201pbW91Za9Vq/RrfyXNXOmwosQxyvGAdxIUDJY4O3tt7cjjJwGDT42IaNjg/OFUHIC4J3HnJOMknt64xXVy2YijSTYrKwdSxz8x4ZcEjrzkcjoCSOtU44m+WRVdS2FHbCAYJPAy2AQfrntmpVeTS01Vlvpe66Xe9tlHXzaNVOK8tla/TTXZ3fTvt6PJ+zPIBKFdYsMPmJJbj5sH0A59OKp+QhQkviM/dUKeozg5K8nOB07AcniuoMUkkIjVWSIlySxJ+YZ4U8bc4yMcjIB5xjP+zOVKheI+X3HIB47ddx+ntnNaKvK2qint5LRW6fktv5nu7qSWlvyW1ls/K/Vdt74htYnZCvyt95lZeSF+oYfNtOcjI9AcVLNbwuNoUhgwAUcxrgKTnBbIbv0zgdMCrjW87TCVi2Nu1cYBDD7oU/7Wc5GRgnHoJUs5SWyhSMoSThfnYncRvHQ84yCcnpnGBnKrJctny6rTRpr3Xe6s97rppu00kOVuW+qd9d+nLtd2vo7Jb7q2z5+S3jKhhHGDuGSq7VI45xxzgAEgY+oUCphbQxBFVgxLqysxGAWzuJHVQDzyOeuexuSr5cYj8sFwSxDEYC5x94jJJPPA5PJzgk1YvLl2h8Bi2S+CyhQQMY9PpgjPFHPNrWWj3TeqvyvldvXo9Nr7Iy1lrfTTWz8uuvf/K1rGtHDIX8oMAgwMI3yuTwTjPoMbumDgjOALoigEjK7lVAQ9NoBz9wEZ79f0zxiFDboUQSgsuGDkkE5BAXB3Yz6kMQQCB/ebNcKEEYCjy2BLHIG89QCc7j0POOecDFc8lOT9VbWy2sna219unTpdkSbVtG9tNbvTra1la7ur209Vt2ptdzvMyHYdqIw4zxtc9SegGcepByOX3Ws+QjoGQb32ARfMUVRgnePm9QB12+m0isFbgMCu5UBZt0x5JI4C5GOoHY/KP+BCucui6K+51dt5+dSrbkONuRn/Z4Jx90YxULDKpP3tUrWTu1bT4b3vfyVm7dGOMVzXbeurXZaJ3u2rWbT2XVdU+iutaDwLBabkjLktvYOTg9VyOcjPTC8Z7Gubu/LuoXeUDeXznuc5C8dfm4GAewxzgVRllkXIDFNoBC/KGJ43Fjj5dxByOvc9sSXTzeSFKBRuUbOjYOemOefmOf1PArshQjSa5FaStZNddOkdfLd6PVPY1jBq19dl8PVctrPdW1slprrpZE2i2378F1EiknCEfK2T94k5xjI6MMnOa9m8M304u2ghVHZlVF3EABDkHaGGBjGQx74/HyLQzMZEG0nDncSMhAxKhcjqWXIwfTrkjPrfhqa1g1AyzrtKqEESBcgE43EjuOGPqfXpXDmik6U1JOT5WklpZtPTS7s9E3b5I7MO2pxV7JtK99EtG0rJ2fnbRX7M+kvCWg6ldCRrR/KjVVWa5Y+ZiUkEBCSAWPTPIGckYAB9j+Gtzqv9r3UWtujWWnTSOjXDALK8fzCNwCAynAAIDEA7skGvM/CfibS9IsJre2vVkklVBFFgNHvI+cuScBgCcnqCME5wKuHU/LvGhiknne9IYpa5KZ6yFsfKRzwQc4wSOMj8ZzTCYnHPE0KtPki/dhUb5XFX5bqTTlfRaW2ufXYWtSoKlWpzcpR1cOZNSvZX2s0pW6ddXc+odc8caPFCl15haYowW2hbdCjZxEoUYDYIHBPHHoceYS+CPGfjyF76309YNMmuMzagVKKFLclWI52/Lj0JI3Cl+HGi2+seINKh8SXMGj+GVvlM1zelQ86xsC8YR+WJyVxgDnHGMH9n/DWrfs96Z4b0/S1sILvUrpFt7PTrURPDIFQLFM8SsMySsdzkqD0J9/hMxlT4Woe0wdN1sQledTkcowWjcnNrk1d3urJ9tF9lkWV1uKcTGhWqqlRkoqEb8rc24pRXV3bVrWvdW30/HPXv2bdLstNjvtR8Rz3Kpa+ZLIqOI4sLkIhA2vggAkdiOcnA+OfFVjo8MtzptjbyyqkjJ9okUsXKFgrKR90ORyAODjqRz/AF+fAj/glh8XP2qba+1e5jtvA/w2WQGzuJ7fF7OkrBg0Vu+3fGFOGZiqhT261wv7Uf8AwQd8D/CXwzrniWD4jSatrMFlJPBb2VtAlt5pQlY59srCPnq/cn7vAriyrxv4dy2eErZzWxjw2MxKw9LGww8p4OFeNSNNx9qrcyUvdk6aqRVt9D7XF+DdfG1qmVZTmGVLNadGVWeWzxEpYt8kFNxlyqcac5Rs1GpOMnf0t/HpcaSLMBx5W/BZVQfMAcEoB1B9SQMHPHQ1zs816ysChSJWCJGSMnPG4EkgA9TznJzjkY+pPih8Ir7wF4p1jw/dFZbyxuXRZ0mWWJV3HZtZWOCygZGOCSoPr5PD4YjgmMt4xuJQwYxEMygEEKPQnPsWJHp97+nMBmOExmEoYvDyVWlXhCrCa0jKM1Fxauk1fR2srJ7LU/nHNMDXynG4nBYmKhXw1WdKrGLTanCXLKOmmjWiXbrZM8og07ULxnMMTOyHapVdwwccFhxuAB5GTjrknjct/BlycfaHAGN0mcttLDJUc5zk5OCMbSNwruZ3jsS6rAtuxyURTggk9WxnkHvzySwPGBnPqZsyozJKZAWJydpJwV3A5BAHIOfXjOMdrryk7RiknHTfrZ3d2tbdbO9rbPXyOaU3pFrdNq+usdXfVpa9H2Vne3Pf2DBZjfu8+ZmBRSpCMuCOnA4yAAVOBzkHOYrHTJLjXdMVzGzDUbSOKPIwG85SAG4BPXBY4PGPQ3dQ1Ge5KuzLE235VjBycEHA5Ug4wcDvg55LU7QJyfEWiEh9i6lZ8v1dhPH948jrgfKSCMgHBwCnzyerSe7V7N2UbfzbdnfVruXSpyjVhe7fNFpS9YrRbp6t3vfpY/aTSbMxaJpIkIQwaVZKAOOkSZyTkcbcnpkHGDmke+lh2YUsCxIB+XCAYBA5xnAJ4JPXg1o28jNpGmPIoVP7PttyMRjmJcAHGccc57cNkVz9/OTtWEJlSW3A52A56lsDv0I46Y9MYK7+G8U72aa5tvultu7aa3PvbpQirv4I8z0s7WVnfo7u97prshmtyTPpVy7gnzbd5CVOCAq9P9kFsg4JycZJ5zwvhyQmOQJtKqimQglTkH7vBPOAOeo7kk4rqr6V5dPuIwcf6OQ+W55GSAOegzuycZXn25Tw3beVbXMgaUo8pRSo4IB6KckkkdsEfN1FddCVrra9tfWzurq2nVpdbM5K0W5prZRbvtdWu+i76rrfysZXhi4jTxZrDxckOWKFvkIDfMeg6Eg56nPy8Yr0G7Zp3kARFTf83XBViCQuCAQR1wAMe5Arzbw9D5finWFd9qGRQQT82H6FicdsnBIHPOBk16U8QI3RNhIidzNIEUKewYnnI9M8AEZrv57NcuitF2S1vaNl5XXlqtHa+uOGSjTk3yx9+Se9t11d2tNX6WH2zrHLHHGWGwlgFzgAjozZ+7kZI54z0rz74mSSO9kWZEYqWJZ85z6Z5zzwBkjPPGa7N9Y0WwuIIZr2F55DuS1gHnXDk9IwkQkZjxjO0de3Wts/An4q/GG809/D3hOfS9KlIRdV1kNaW+GH+s2vhmAwSDtHX7xGMerk9OssZCcoSjT0blrZNuKVn1d76p/M87NpRqYSpSptSqSaajH1jo+nXr16X0Pkx9Rjt926RlclfnfBUqM9c5G3IwMHGQc8GpNG0PxV42vjp3hDw/qOvXzt5ca2VrNNGXfhPMdUaMAE45f5cHrX65/Cj/gm34TtZbfVfiZ4iu/El0ixyvplj/o+nRsCW2tPwJI+obK9AQeMivvXw34Q+FXwk05LHwzoul2Eqoq+RYWsAlYrgDzrgqWdj1LFhk9yea/QFiopctK85JLVNJJ6fn217Lrf4uOTVKrU8TUUIpJ8mjdny6Xs7bu2r6LS9n+M3wq/4JsfF3x6bTU/iFqK+D9KfbK+nwL5+pshbJjaPdtjyvGQQQOe2a/ST4a/sX/Af4L20U01lYahrESozaprWzULvzAMl0hkG2MhiWABGGPJHIr2vW/iPqU6mKzlTToioWOK35lYABclwBknjLDJ+9j+IHzm4Gp6zPuCzTlyQ8k7MxycfMVPGM8+mR06ikvb1pOTnyqy92K32tb7Vku7SfTsdsMJgsNGKhS55Ky5p672Se2+jbel1pa7PSZfiB4T0T/RNI0k6h9nCqhkQQ24ZcAFYk2jABAA9OMkGsFfiV4t1e6ls4ZhY2hO2O1sUVMx7uVd0HAxgEjPH3ecVzR8JLaRi7vrhQrfM6b1jjCqTyxY7QFwemTy1cjqPxN8HeHXNlp92NT1SPCm0sITNI7E/ddowcKOQCSAArNnjkhg4zu3FylzXvZ6u66tvVNP7TSe19xVcZGnypNQS+yknp5enzT2v0PWvsNxMzzXO9wxaQEt5kjN1yGbG1gSSSSeepIyKwNW1Pw1oEbXWp3UETxhifNdGkLclV2KSCRjgY4xgDg157De/E3xuqpp2mf8I3pcmCLidikzqc527huZyvYqTg9ycDotD+EGjQzfavEd5da7ekmR0uJHMPm9SChJBXOMY6joOcj2MFl8lKMbPXW8tklyrVu2yVtNVrukeTjMwpyjfm1aVrtPdp62dr7WV36HNTfEnVdcdrLwV4flvy52y3skbR2ygnAcsQAcZyPXgbhVi3+GviTXh9r8Y+IJVRmDNpOnyMsSjIyruOTjlTnjr/tV7tY6ZZ2MAhsbWCyhXK+RBGqYUg4UlcE7sjJbnoAeSKR4EhDFw4D/ACsGZsqe2MZycEcDjbhRxwvvUcvirKo21pJJK1neLTSjfRvR3T7aJnhYrHxULxSbXLq3Zq/Lfd8r2ve6v6WOX8OeDvD2goF0zSraFgv/AB8yIsk7kc5Zz1JP98nB4Ib71dDIxaZQNoUAbRuOxmIw2FwAuQ316j0xA8yWx+Z22MQqp0G04z6ANz9SCCcjBGXf3luFjaOQqBjcFyWUAHdyeST1YdiD2FenTw1OKSS2erXe6193XtbXXS+rPCq42b+07a9bN6x3+WzV+ljcm8sJ+6+Rdyh242jGDkDtgfeGcZz+NWS4giUglHCkszEhWK5PUjOOmOpPoOa5S41lAnlwOxJ3NtZsY2rnknIOSM4PQ5GM4Nc5Lq2oXjtGAvC8k4UKeuePvYx6/MxJ4yK7FGMEmrNbS7avd37Ws/zPMr1+ZWim5NK1n101uul100W19Ud9Nd28oY7o0i2sAv3tpBwCRxgj6jueAcVjXt7JFtijIGEBD5C71IIOeMdM4OfyOK8+1HxRofhi2a/8Ra1Y6dBGpL/aJ40ZQMnIjDFmJAHGOpGei4+YfiB+2d4I0USW3hS3fxLfANH58gMVmhAKggtjK5HGAM4wG5rzcZmmFwu84rraLv0jva+706Lv1v2YLL8djXHloySdk21aKWl223bXtdad9D7BuNWMLO25be3CMGmdhGnABOXkIUZ+9yQw6545+evHv7RHw98FiaO/1xNQv4gdum6awuJWkXIAYoQvzEEEluq9B2/Nv4h/tE+PPGlzL9q1m4sdNcMfsGlu0MSIwO1HZMFto+UjB3AfKckCvHdG8HeO/HF/nQ9IvryOTDLdNHKQSxIdpJ5OQoOMqCFbpjj5vnK2fYitGUcLQlK7tGbV3y6bKze336pq59DS4WwsJQqY7EfAk3TWibfLdc0n0s+nXqfS/wAQf2xfFviGe80/wxZx+G9P+dVmQiW+dGGBliAYnZc4XPHXHQD5SvtT8S+MbyRry+1XWb+R8LErzXTZZhkEcqpGQCNuEJBySM19b+Cf2O766aC88Y6mUYhZXsbRPl3HDMJJAVzgZBbHTAwO/wBfeEPhN4K8Ixxpo2j2aSohVpzCst1M68H52ztPqRyDyo6iuKnl+Nx1p4mtOMW/4d5Oy0Xw7LXvqu6SbPRWKy3K4+zwtCF4pe/ZbpRj8b9539bXs7aM/ODwj+zv4+8TRRyzWA0S1mCSNPdD9+6fL8xBDElwDwVBOcHBAI930X9liz0XVbC5vkn1qOWIef5ilIYjkEkJls4xk5AB4GfvV992tnGEQusVtHEcJGwXLEZXcR0VO4HTnkckVheIfHngXwhGW1XV0a4KsnlpKkmW+bICoWJy3Q9RtyODk9LyfD4dKc4/BZycuXVJRurNXvrayTvrbpbjhnlevVVOk23Ky5Y3Vno9Hq79tbPXc880bwLpOiQxwadp9pBHGCTLFEqsdqj5c43bg3AOemeRwK3ru40rQ4zc6heQW0CLkpJOFPOeXQ5zzk88/wDAVxXyr4//AGmJZb680fw3bCxtw5aG4YAyMgPLADozYGMN1PoBXzH4p8c+JfEs4kvNQvJo3XCwh2CEjgMwB6DpyMHk4J5M1c0p4aKjRipONtrJaNJbW0t0b2tozujldfEtVKtSUeZLe7erW2z9Ndn1tY+0/Ff7Rng/w7JNaaOj6xqCMyjbzECx4G8cAA9QD0yOgwPmrxX8afGXiyaSFJjpunPn91bb1wCAShZNo4APoM8cnNeDwWzw3cT3UuI2DOSc72d8ko2QScnHJxzz1zjpJdRtERhAqxKpG5nxlW4GPY9DnOO3c587E5nWnBOU+SLWsYuzWkXZ21VvO26ezuu3DZRDljaLk01eUktWnHSz79Nb6dNC3Fc6hO8zzySkMxEjSSFyxbvvJZsnAyM4645rLmCKxklZQynGSOcdsNySeM84+vrkat4vsbK2cmaGFc7nLuo4wNzbSRyDyMHOc8AAGvEPEXxg0mwJjhuGuWAJARlZWboAcE4577enA5ryKuOjFpylq1u2n/KlZPp5K/XW7seusHCNO21ktEldNNbL0t3S23aZ7+2prCcbljZcmOR2wFVV691wRgY4zznK81w/iL4iaXozNJNdo8iIQ4V0EaMSQcAZPPU4GeSB618n+IPinrupvJFbXH2eGRCS0bHcg2k7MkjJ6c9PXjgedGXUNRLS3UskiBss0hZmkbPU5bp7YO7k8A8eVWxUqjnGCaTulJb2stl6rv23bN1yU/Zq+1k7320dlFXta6vttsr6e8eKPjGJEYaRHLNIC26R+I2ZgBlUPy45IBGeBwD90eM6t4t13VWWS4mkIIOIVysak7uSFJyccjGAOuRnAyBZzPImOU+YnJwmQSAcE/dUc/h0GK2NK0PU9VuhZ6XY3GoXkziOOG1R3+ZmGBvC4B5ycnvt5GBXHGhXlKKUZNt3srt30131vbRX8nymlStFx+JrRK2q3jvpo5dNXbTsc/NbXspRiWlkYFnJOQu4nAIzxxyBxgnngNW7oHhXUNUuVtrdJZJJHVQIVLvI3UjAB7j257Zr6v8Ah9+zD4g1dIbzxQ7aJbHafspUvczBhuKsAuQQSFPXbzx2H1j4V+FOi+DPJk0rRVWSMjzL+7i3SMUKgzruA2hiCVQYBxgZxmvoMv4dxWNknU5KcdG+a/M1dSXu6va+rS1vuro8TGZph8Ly3cpt2sottJrl3asrW2vbb5L5f+G/7NWv6oBd6nHDo9qNsnm3u0zuD1ZYyM4O7OPXvzX154R+EXgvw0AI7KTW7hArPPcKEt1lGBlUAwQWBOOhAyPSu505ZLud0RmmcNtLSkRRRgYLFVKqmRjsMcZGcVo3esaJoLYvrw3Mz4/0a1YPzgBVJAIAyVBUnpjjgY+ieT5ZlkfaYiVOTS1lUkkrx/uvRPS/XV/I8iWeY3HS9nh4yim0lyatXtZSk9bWvfZX8zK1Dwbpl7DJNLp9szGJkWGBPJS24IUtsXDYJyT0zk5J5POeB/FN34b1qfwnqZj2yHfZzBwCkQbMarjIwUBA5OOh+8Savi34uadptnPC97YaUjKWaFpFa6ZAmVXbz83HK5OcH5Sc18W+JPi+95qUk2jRStdKrJDfylhJvyQrLwxAPJGBx7AmvlM04kw0b0sDByavHnSaSbSvq9++q3vfrf1cJlmI92tjKqd2vdvd3fK0rvRNvq7au2x+knibx7puiWk17dahBbxRxErFJOhkZj1Lx5ycjOF9OeMg18P+K/2gPs2vSyeHHkMd07rcTA4jdySCVUZzjBIIBOOQc5NfPt7ceM/FN5E19Jf3zzY/ciVzGR1CmMHkAtgEDB5HQ4r0PRvgvrd19mvtYjOlWSAMbm4QRqFAzuj34B+U4wBnkEnsfh8RjqmIq/7TVSu1anGSV3eN1ZO7dt0lqnvue9zqlBKlHlsuiW/NHVvo0ney9He1jlPGXjPWvFF8oluZ7giMoxLySK5bsFGCM84AGcZ4HJrJ0L4YeJPEJFxJA9rbjkT3I2RqOc4LEYzkkckjbuGMivZtX1P4feBUiht4YtXvoVdmuQA6iQA/MRgjAIGDhs47/eryXW/jDqurSNDaTi1sjhDb2w27h2AKgc4wMY6YHQHHTh5SjyqlBxg9FKSe1lrbd23u7apNdjx8RXjVk5JuU4y+Jt2VrXST9NLa92kekaV4N8F+BmS61q+j1i6GyUW8bAor5yUIJOcHA6EkZ3citvWfjHDHatYaBbW+kwAhEaPau9RkEDGMMB1PPPbg4+VbzVpJZhPLK8oc7tpdmGMj5ckksAerdVH90Csy9uZGQSq2VWT7nIKrwAGweQeOcccZrpeEVT3ptu90tdFpHbdpJp6LW1r9TiVSUpQ5m9Wlq9tVbVXs+9r2TXW7PeJ/Gl1Kryz3JklcHEruw3joxGTwT1A578Z5rHbxm+ySNpSoKbASw3OzeuMjAAz2569Aa8afX2MZhDZKJ8vGdgPU56AEryBzgcgkAVUN6XRWDFpCDj5g2WPIOc7u3GdpBUE561lPARdrRS18tk0lfdLe9k116JNenRp0otua1jdNpNN2t5bu7dr21S1Wp7da6m1zBvhlw8bKXK8tIXYAYUZPGCM4yA27HrWGnXF48smGkbcWKkEup5wGPRQcHnP+J898OQeINTvLWy0q2vtRuXkVfsljBLPK5ZgqqRGDyDjBPbkbs5r9SvgJ+xH8SvHP2XUfGqW/gLw9cxpM9xqjCPUJYSAWEdu+0klfmUnDDPc1y/Uq0J2ppyTdtna+m9vlppbXRnsYSjSq20skk7O0bJ20btbTS60vb5L4s0TwxfzxwottNKzHEcMMTySq7coFRVyTk4BBJPAHOMfRXw//AGWPiR8UJra3vdIfw3orFS2qavH9mjeMtywEoDMQvIyM+/Wv2H8F/Dv9nT4E6SLex0iHxl4lhHlvrGpRpcosoGQ8UbbhGQ4ypBA6AYIxXhHxv+KWva1bzy6Q/wBhtLZGWK0sU+zIsQVgis8WACBwcAYySTkEj6PKeHMVj5xlVToxjbWSa091u2t3o9WtFtsx4zH4TLKcoxnGtUe8YtNXajeLtq9lpZK+l+/HeFv2Wv2evgtYPqfjS7tfGWqWkQaMOYzam4UFuIuVYo/yg4GMccECvkz48/FhNUvJdP8ADNtbaZoVsGt7O1sEWGMIAV+aRFHAQDK468ZBDVz+teL9a1jdFf3dy0cQddolfy2LE8H5sEgllzhzk5HTnyDxKFvF+xiUK0pxtUAiIAElic5LHPLEYGO/Wv0HLslwmXS9pOTnUST55LRWS0s9PNbve0bnwWa5vjMc40qUVSpuXvKFnO2jV7X0/HbTVs2PhR4ltbDxTax3NwsU1yrhvIbAYsRwzZ+Y56A9xzk4x9dTXULGa5luAsYXesbNtKYAyzDPU8cMuQDx1r4CtRovg+WLXJrhZJrMFlLSgB5lbhFUk5HIB4PzccHg4vir9om6nhxbAtO5IEUbZVVz1kYYDkddvTqB3rnzDOaGHbUYxlVvy3StpeKTcmm7NtrSKSWx35flc/Zx9tUcYfFy3tdO17rztbTXRryPrfxT4x0zTXaeS8ihgJK7jMq8DgyFs54DfdIK8Ag8YHgnjH402OlWsraa63MT/Ioi+Ys55z5nOQSckYxkEdK+Urt/iJ8SdRVraC8ktncKirvSCNGI+dmyAFHUlfqPU+06D8FrHRbRbnxfrwuGWNTHplu29lcgkgYzluoxyeM4JGa8GWKx2Nk5RTiusotpWdt1o2lpa/R3sloew1hsPHljZWSS0i27W2TW0nfz7XPKdd8feMPGd6tlpcdwqyEqIoEZ+WODk4PIJAYk98+tdL4W/Z81XV7oXXi/UDplqUE5SSTdLIeCS4Ztysx7fKMEcHJx9J+FfCGo6hLb6P4D8Kym5k2xRXEVq8t3OHO1MBEJLZw2XK9OgUc/pL8D/wDgnL8RfHosNS+IL3Hh7S3KzPHdMWvJwcNsaPrGhVvlGcD0APOkMHRpw9pi6nM0k+WTtFO60Vt7a36NK2qOT2tavPlw9Nu9lfl0tpp2Xbbztqfmv4F+D+ii8g0vwZ4ffXdVJAkvprctDCSxAYPgqAGwQcksM8jrX3r8NP2EfGvjyazn1qe6kUMpmtLZHgso14AQyAKW8sYVccEgH5gSR+2Hwg/Yn+HfgW3tkh09XitlGXeIKbiRSCXmcgs/zA7R1GcEcgj6307wPp+nwJaaZYx2UEYIHlRBN2MrgEfMxbnjufTNcdbNcJQTpUoxk7NK2iVrJNJbt9/TY9fCZLicQ4us/Zxe6vdte7dX2W7ad1+i/MP4Y/sgeAPhTDHPc6baXepBULzvZrPKj8HCOc8H5iWwD0wuev1x4dPh21WK002e1jMPG1gsIVgf+eeFXA7dgec19Iv4RtnifzkVQxIbzUV267RyThfQdT0wRzXl3iL4X6RdRTuqmKY5MDQbopS5JYM4DAMcg5P94Hr0PBLHzxrUZVWoK2ifuq1kly+7rs1frd33PoKeUYfBKMvZKpK6cm7OVk4tttu9tdu9t7O2np89nHCPNkTzMgkx4OVPQKy5wORwP8AOrtljuyPLkLIANq56jGSTnkAcjuMDdxzj5Z13R/E3hWD7ZZa+8flFl+zXhEu/b8wXaxIAIGRwMdTkZryvUf2ktb0jfbeKLGXTrMBkTWNM/edDhTLGpO0HABOWwCCMnoqeVV69SM43UG7czTTafIr3e21tbJ3aW1zWrjcPSSgkk007JJdr66pa6LzttY+9tXutF0iOSXU57e3AjztLqxJUfdwTkHg545wTx38Q8Q/GLTrEyRaJAblgpRbgjAXOMDHAIzzz1OevAr5Vk8bv40A1DTNfk1q1YEhBcDzRwT80RYsMdwVwSMnJqnCb+7DIsUkKhsSljkADjd0yOfrzz0Ga+kwOQ06c1KcpVm7aRtZW5e2ul0nfa+3f5/HZtNSXIvZ7Xbbvb3dVutF3tdNNPVI9Q8QePtR1NC1xcSsCdwjDMI0B3HAwcNyOR6fgT5tfTalexNFp0RlL7WMpDAPuYk7i2MZH8Wc5BPaut0jw9pu3dc3H2kscBQxIDMRwx6DGScYI46ng120FtZW22NYYvLVRwoCgHAUbio56cZ+6MDPUV9dgsrUJRkoqOyaikrJuKSbW/wB3bVbL5LH5rzTV26s0k03LRNWe6dnd3elknbXVnlGk+E755Yp9RZgHUq1vGx2gEfMCcgjOckgnI+boQT6Tp2kWtiVWCGFF4BbaC2OCfmKk5DAdM7Sf9rBtE4DvAgQLypA5xxuGDgZ2/KDzkHIx1qCKcOx/eFZNzA5JHAPOOwUdgSTgcY4r36eEpUnz8uvuu+jVrq+ytbvt5aI+Zr4/FVrxT5Y3VlFWWlr20av5b3tbqbkd1EgkVFVSpUHIGAoIO/J6MScbQeQcZGQKpTX0rqYViJVizbyrKeDgdvu857A4OTg5qu9zZW8bFihfIYxl8Fs456AjkYXphemM1k32txsjxoyooG4FQS54UjOewGBjkAfjWlSrSgtWls7JaK+jkrXTumlu9O2rMI0cRUakuZtWvJq3botHrtfTW13c6RLlLeDdI4O8qSVbLLgkFRjkA45zz1I6msW71llkYCV/swySw4ySCACexHbOBg9TXiHj74zeCfh7aNc+Ides7RkjaUQmaN5ZGxu2Iik8k/3TglumRx+evj39svxn44u5NA+Emh3BhnkaM6tJA6jngOvygE45JUk/UV4mLzqhh1KnG05OztBJttpWSS0XdtW1euh7mFyyvU5ZVPdho3ttZardbt3/ACufpf41+KPhPwZZtqHijXLTToI0ZhFJcIZ3AG7gZL89AFUg5+ZTwa+A/iL+2vrmuzT6D8I9CmvDI0kMerSwMMqSVDpxtIxg9TjqNuSB4JpHwa8aePb9NX+JfiLUNQnldX+xSzymBASW2bM7cA8HjKkHORyfqvwZ8MNH0GKOCw0+3iSIKnnCFBISAMMx2E5989sAAYNeUsRj8cklehBtOyvztaKTfSO/pd6npwpYXCppNSm9W3beye3XW3bT0R8uWXwp+I3xO1FdX+J3iK8kEjiRNP8AOlMQVvmEezdtAAByuOnUDmvpLwp8LNA8OxwW1npsELJgGcoplcrxncRkEkDPQHBPJIz6ynh82s8bCMtsLH5m4wG68EdcAZ4BGcda3ILH97HgFiB85HQbueCfQEfLuI5xwc1pTy9RalJylJWu5u7esVu7dOittpcqpXcqLcZaJJpKSt9nZJW20b/PVvnP7Kt7cReTGqMCVZ/T1JwDzjkDGMjBIFdrYxPaKkwIOxACJOd6HHzAYYDk889OKiubN1jKoiqY8yM3y5cjoSTjDYPXOOvGRS2t2yBzKFJZMJv4CqODg98dh3IOc9R6VKnFRSS1drb2dkl17tK22jtseZOrKpZW1dklea2Su27NLW22nojb1LTrTW9IlspY4pxdRuFOAGjbbhSCM/Ohx0AyOciuH8AeK5tMkvfCOsSl73S5nNiWyrG13cAA4DBABgHhQcfdxTV8QSadqJtLh3SGeRngmHCIR02jP8Wcdgc8V5d4+1CbS/Eek+KdOKlY5FtrzavLpIwG58E5ADNyB05IPOeLGTlC1RaWajK/Ve63pf4bre/lc9LAy9pGUGmk9m11XKttGrJW0utbPax9B6nqMcyTM7qw+YjA+7j15xk4JPIzg15pfeIDGZhHPuEbFsdc7T8oAIGASD246FvTL1PxAvkMzyAxyorjacZLrlQePzGAD056V5xfTTt5ty8ix2jPvVt6xnbg5PzEYXGS5PUjryBWFbFpRSi9Wrt62TbWr8mnpbWz0ehv9QlKSctE97W0j7v3eVtV5mvf+MpEbKl1kkchn2naQM8KOwBPp0A9TXJanrss6rcTzhV2ESu74WNOSQdxABYZyM5OcY7V4t42+Lnh/RpXtbOc6xqluCsdtbKHjDqWBLyDI4yD3P6AeIahrXxA+IdxGoMun6a5UNbwM0EIQgH95MNuflODkDrj1rzZ4mpJqKvKS0TWjsrJ9Vfe719bO7OnloUIpNLSytu7+7rbZ6r0stbntHi74xaFpIls9NmfVb9A0ccEJ3xh/WRxn7pOQoPXdnIrx2S98cePJRLOZbDTV5aG3LRx7Wx/rpiQMkYJAJzjAxwB6D4H+DImdZ4rFtUlBL3F3NmDToMMCWkuHADbc5Yg4J5BPFb3jv4j/CH4LWMkvinWLTxFrUKkQeHtJkVbGOQKdqXJRsTAEYYEA9yOueerJpKVaooxW8dEla1tXd2XZr17GV51ZxVOL0Tskk23p0dlZWTWl9I6vRrO8IfCJrhUnigiFvGQbvUr0+Tp8YPLM08mGm24ztGVOD15qx42+L3wN+BkMkl3cWvjTxLEh8m2iZf7NguVU4VYlByVdQNxAyASeDX51fF39tvxz4387SfDjf8ACP6GBJDBb2f7uOKM8LHHGm0l1ABLsCM8bXDDHxpf6lq2sXT3V/dXN5cTPv8AOnd5G3N/vEck5HA4GAeTXh4vN6VK8KEFUk01zvmVmrX1Wrta9lpps9n3UsNKycpJXs3FOz1trKS+J6vbX5H2D8Z/20vHnxHmuNOsrw6ZpXzJBp9iTa2dvEWIVRHGVEjAcFmA4zgbga+QZrzUtbmabUru5uG3B1Ls7FtzEnapYZBweDn+LJ5q3ZeGrm5wUhLOXDOSoOd2M854wQOuM47/AHj2Nl4RvpFQrC0WxgpfaeQOpLADPUAjoOAPvV89WxU67vVm7S0SUly3ur7bWWmqdr6ux6uHw7fuwjZdl02vLS612u3dddjz2PSGklKE7UDDaxHTJztB+9u5I56Ec46joINOVQicjYCEJGM45POCeB3A65PJ3V2kfhS73kBHGJFLOwJUjPJUEYUAcA4z9O3T2XhaR5VSRHcqAA2Mg5PDY5Ax2+Y46c5rJRg2uW8ndJfzX0vby/Gz3OuGCldJp9Lb3V3Gz1tZ2uuit5Np8LaaYWKNsY7hlcfMRweuec9MgjHPfNd1o/h+adI3VTzuDEDJx0J6gBfvAZ75AJwRXpmh+CowVkmhygAIVlCjthic/dJ4ySOfrkdzHYaTYKIzHCrDG7aVIYk5Ck9T6e44zxkdVKTV1ZSeyu2rbdr81/w27HZ9QjJNy5Ul2uo623tb57dfI47w/wCGUjKKA4IBLHHyj5iSuTlgMc9wQeMEgV6haSafpaKoYMyxnYincpYEkbh0xuGMDBz09TzF7qMW0JAUiRcKWQkZyMhV2joRkE+nbmsxbjezs/mhCoCbj8m/PBJzycE8gHrntiupYnki0rKS5bJWivs3SvZu17+tu7tx+xhTnypcz0slqvsu6dt7t3v23V7HZXHiG5IDRSBSf+WcYC/L0yx7dOpOc4/h5rm7/VMwEucuzMRtYkMcYIPBzhgBnPGcYFJDbS3DquRGqjAbHDdQTg8kqc5PU5IxngzT6bbWqhS6F2Lc/e3ZBAABI2AnnoSDzk8Y5ambJRcXK8r8qUbP+XRprd373Wl00te6lltWcXKUeVLZy3V+Tq7bu9t9dLXVlwcxu7wtG4ZAQ2B0Vsngfd5J/iJ6ccqKzYNFRZm3J5k3ICkZwQOoIJzg4GThRgAgHIPetas5ESqkMaKx3YGTk4GMYALeucDJ4GDhYIktJkEMeX6mTBblsYUNzgggkYHGc9Tz51bMU4uUXduPz5tN2notdH+aNqOXU4/FbR2v5ppW8tdNN90m7GXZaEQA9wzK4O0xKuwZYdeD24GWBBGTjsOws4LS3XCW8avkB36sBkEYODnOP7w5OPpO2+SOSIIqMxDPtYfIAPmYE9znnkHJ9wKsadaqpEjMVRht+faU8wbiCoHOTkgk8ZHTrn5+tiXUcrz0Tbs9E3dbaaapdfM9eFGFNRjBK9l020S3duq13SV76pltA7Y8tWQtgFFGZCBkEnKgZOc8A4PQ5xWtHCyxl2wZN544345yCTgAd9q445Pu3fDF+8LJtXG4A7WPHy5A5A6jpn1HSoX1AsrSpmNWccgEsygcKfQnIXPGOwzzXI6zTVnbS19OV/C9L927pW873NYJ8kuZpyUlZOV+sbprRJPot3dtPvr20kMaESuViXcwYMA7uMdBhuBnvwc9cKaqS3O8lQWEIwQufmYkEZz6Ng57Y6HIWsFpGjUkl3DvwpJUgMd2PxHUDtjPcmw1wQyBFDBhnPQg9ORn5QCTtyO5IANCnJe87W0133tpZWevS2+rexUpStFRVlayju7XSS6LTTS3R3u9SvP5r6jaRINweVEJUbmOG6KOCfcjBxxzzj33Q7hrZVhAUS7AVTkllIHCgnGT03YAU56qDXhdna3dzrumxIjlUdSzBSRGC3OcDLbRuPTjgZ6ke8zxWulzLK7qgMSkPu3uWIyR04LHKnk5HIPpxZnXlHCxSs+dtWsr2VrbvbzdvVvQ6MBRftpTktYtWfK1pok+2trvpd77s6AIsiMHYggF3eVtuAAOEG7qD165wQOmDT1DxHpOmRhlAuZ13BHyWRWAwBjpzzknJOeTyQfPNV1zzY5JEnbqVCRsQqhRwXxjGcjg+vc7a4+W7ku0byC4A+/wflJAyzFs5Oc89hxjoR8u8NWqv3naD1UetrLRvve1u1nu7ntPE8vuxUeZW96NnJqyd1ZWtp0u7+SNrxP441W7QRK7x787Ui+TapycHbjdwQRnnkng815/DaX2ob7iXMS5Y75tzEqByQrdx145OASCVrfnmtbMrLMTeS/3MZQccAn7qtkgbgei+uccdrniZouZJkiRchIoyAxYkgDjJOMYIwDkZK4xXrYLL7ONo66JPrbS7S7ve7S32fXyMXiJylepPRqyV9louVe8rX1vdO/bvfkurHTyd5SefLLvZgCrfwnBGBnjdjnJ49K5y71yWe5WCFJri8lXZb2dojTTzOfkVEhhDOxbvhCckZOSQfbPg/8AswfFz45Z1i1tIvBvgSFt+oeNfE7Np9gkIO6SW1E4Q3D7M7FAwTgAjOR7nr/xV/ZS/Y5VtO8AWlt8Zvi1bRFLnxXqsUdzpOnXqZDfYIZC8KeXIMhwCXADEDINfT4XAJOLldO0W9m9Grq9rJ2tfa+ieqs/Iq11a8nGnTuruVr293pf0s9H0sfP/hD4JeNLbU/DHiDx9YzeC/DOs3GYr3VFMF08DHLvHbyEPuZThcoGGRgj5gfbPG/7Rfwm+Blr/Y/wc8P2d94utxLDqHi/VI47mdHYfK1kXXMR6sVTvnkV8C/E39qT4rfG7xR/aHiPWJJIZJGktbOD91aachyFjt4k2JGEj24IwAANozgHwu+m1C61JlnaS5uHduCzSmRixIk2hXLNwRnk5I65IPrrCR5oxhFvRJRXutp2d9E76a2ur+rPJnmkaUZ+xipNuyqSSsrcrurpvVX6p3dz2D4hfF/xj8Q9Yl1rxNrd7qctzI+RcXEnlLuJOyGEsQqLxwO3bAwvntlYat4hcWVjaXWo3sjhYba3jeTaGIwGCAlfmYEAAnPUZGB7T8Mv2evEnjeO31LWnGg6GsivLc3gKzTRLjcYkJUgkZGOCAcEYr7B0WHwB8LbZtM8EaXBqGsrGFm1y4jWVg4GGkDMDgE8hRjliMgk59/CZPUqKLmlTjZe61rey0sr6u17Ld7I+bxWZuMnKc3Uk925NJ3a0u9tfx0XW3zb4B/ZSuY4Y/EPxM1GPw9pXyzDSUZTqF2nJ8nbkvHu2gZUHr2+XH0faXVhodjH4d+G3hy30i2dfJa7SINqV8ACpkubkqWRTnOQQTnDHBBpttDrPi+9F9rdxcXeDhYwCIlGcqiLkKAAATjIweDwK9VtrbTtDsU3LDG5wWkJBl4/gTgtxjkgYOOfWvp8LldGkowjT5paWdryezd29V5XfpbY8WrjedSm5qEI9ZNJWvFvzfa7a2fY4jQvhkt9L9u8UTi4mT52QSkxwKSPlbP3pHI5bqMtk9K9WsJPD+gRmztVtrZYUKwxIEUyH+9IwOSFBBYsBuxyMivNdc8WXKRTw6VsErIcMc+VErnPmMc5ZyPu5ycgFs4GPM7dZmmmkurua5uJOXleQkR71JZVXAXoW54A5I6lh6c8DWp0uaFKza7XelrX7bJpJW0WiR41XOMFCa/eKb0u3K61slu9Nk2r6elzu/H/AMQCu610aVby8VMS3RGbe2J6quQAWHJ4Yljk454+G/iVcTXqXtxdzvdSSKTJcSuSQ3JKwoeFC8ZGBjHDcc/QXiF7eztJpXYqvzKkSFVLOASWcgEkMeWYgjGOgBNfNnilU1CC5kYMIlRzGGY7ZWI5JJ4Crzgk4U54B6fO18vrcydRNXak097Jrbo1dp22uvI2oZ/TrJwjJPTTld9LJNNO61Vr6p6ff8wSF5J7gxkgK5IJ6tzwFIJyowSGGcAfKMdPsT9mrR/3p1GVCrG4EET9WYg5crwAOeB1BwfbPyPcKhuWWNUAicoBkYdgeGyTtOSSeQM4zwcgfoB8CLBrHTLONAqsIUueg3GVwWA5yfUE45wBkYNfX8G4OTzOE0rQpQc7taJvltZaem262W7+M4+xkIZBOEm1LEOMI2drpqLctbO1tGujSV9bH2THGsdtErM5Cxssj8jcMZGTgEHIyB0XA3EtkLZsMnRRKhG37XI74BJ2K2CTknOSRg/L1681yUmv3QEkEqhhHEwZygUeYy8EDjkEEjPrjGciui0u/SPwuJCEWQsRsyCWaQ9wOnTPTvj6/qeNnGVotW5Wm1stXHXRNW0u9V5u+/4RlGD5a1WTtFTTau73vy72Xku1l17YmvXcWLWJmYpwz5J3kscqACO/AOORn8B5lDeQpe6kxZuZ2EcfX3JxgjI4B9M++R1OqXE0k63D7HZpQqqxAEe3rkdcMDyepxxgHjy+OWV9SukDAL9rZmfpuIxlV9eMgdMjgZFeJXs2+V2utFdre1vLp1fW2up9fQw6jBXgmnKMU7X35btNaXtr2TWl2jpdduIp/EPhtWDSSLbh5AOijCfNx8pHGckEggYNd+8ZlS3c7toBZRgHOMHnngY5weqkdc7q8ykf7V4wiQAlLTT4kKEbQS5GeSQOVwScnPcDBx6PHdKsUcbOBh9gGSNqjk8DueBg8Ed+RXy+YPmkrayV3e/nHV+tltpd7rY93B0oQg201Ft3V7PRLrfqul7J23TLkRJIkJ2rHhm5BweQTkc5AO5cjjk7Sa+d9W1Af2lq16jY2y3EsjscAxRK2Blsckj5emDg9eB71qU8drZ3ciOJI/s0jFFBALFdqk46nIPAyASSR3r5R8d6gmleHvEdy7BZE06VFKnCpLcbiq5U/fAIySxU9jwBXh4tqlQqTa+Gm91Z6JPe2l72u793rovcy2kq2Ko078zdWnqne6k420u1dKyey3t3f54+J7w6t4i1m8yGNxqVw7HG4qqyMoYscED5cA8DPK9BhdNhCSnZJtdozsO3lnwflAySQAc+3YmsGcyiUv8AMvmSO7n7u7kMc7gOD0x+AOOK0bC/NtMLkoZdisqbiD+8bgBeNuAR6HgDnJNflGIkpc0ndNyulqr3fR33s9d+q2un+6UI8kacbWUYxSs7bcqV+t7Lp876kk+kSzzyh5SjLtd2cbWbPBCgnLDoee3XrmsO8tHtndAVfc6jeB8vIGBuxwAec4JJGegrorzWJDM0i4MpVUMgwAGwPlAAxgcE8knOOM85s11JdRKiACVNzSEYZiCMFj0AU57n5R7cHnpupHZ2jslLaz5V5bq6Wp0OEXrva1tL2+HVPrordfK+xgybkY7iHPILAZcAjqc8g+nIOffGYCT5fzAYXcMggHcxHcDB6kdRj1J4M0o+ZyDxlQx9yMkgcnAKkg9eR8vFV3AJPXZkE8kgkYHbGMcj1PHGc11RlJ25n6aXT+HfTZNaNXu7rrrg3Z7NPyXRWtotLtWd33V/NSyugAYkj5mGeO+7HvyOcd6gVumGKnaQcZ4X1GCMkgD0ycfi8/KxKHHoQF5wD1GNvQkfTvQqEfPkYOQc9eCMcAc8DoeD6emnMnZWjvZtbdFurpXe7S108im27baLTV+XTb1e92A2mMFyOvHyjnBB5A6Dnb0PAyBwCURwDyo5OCWJJOeACM8Y56++eTmnqgKsTg4IO0qcKp+XPJBxnjvjGR1zVtLN5HRQu5GBG0A4BA+8cdAv3j1B+uQBqyWiV0uysna7fZaN3W/XcSf39rNW20d9L/P5ECldrMWwMsCmTt6feGc7sE89OAeOai5AA25JI5b0z0HTryOfT61bnspYSm4xlWBCkHB9DnuOOx5x171XkUAeWGJK7cknuMk46nvnqFHXpg1Puv3t1orp2TatbTVL5b3WmruO7tbum180/Pb128xwOXAjALlRhQDlex4xg46nnGOPvYrp/C2kLqd/Gk0ObYMPOlbKxqitkgHGFB4AOAMdgOBz9vayTSIsAOHJDsBzxwzBiMAENnnAOOegr06DzrLSfsNqybnHmyzDhlQdCxPzDPUZyT6dxhWrJK0X78tE1b3dlqul9Ve297JWaHBWabvbfdPey3e9ulk3ZN+mjq3hzRrdp5o72MwRoVhVMBRIoGQSODgqQT1LZ3cgV50wknlkZFeZACAMZGAPlLsRhRkcZHpt4NW2luJU8jzmZAX3Fn+QdCMDIyw/i+gz61ENSaytpIIWG7cQZmA3MTjgDuNxOQNo7gbgtTCNSG6cnJqybdkklo/h0tfS3yvdFScZbK2qenaybV+nrbs1rqY0k0yqQV2fMx2YwyocZI4BznoTxkDjA4pEYQiQsDknGOfYknOc+gNPnnkkYvIWJfoMFQCCecdAehGQfU8Cqrs8zYyS2BgcEcDJHHBx0B5PfpgnpXno7Lvvpfr876+Rm+WLej00/JXs3ftfQcpUZBODkkZ7cEg9AM/iOAfSp0kkO0glvL5TJJYck5OeMgngAntnGRVUKxwGHU8cEdP1wPX+eKu2MRaZGZdwUk9sEDkgkZUnKnAGM8Hd93LtGzdm31a32V0/l8n6XTV0ui3S0vrta2j6vTfS7Vy9ePKyh5IiGCoVJJ8xgRwSMZC9DjI79sYzoLieCYNHI0TMS27Ixnj3HUEc8g8KB3HcvFHdQqbgKFV1QQ5KsUIH32yGPy8c4A7kE1ganYQRea1uNqgqCXJLcAZ2nnO0gEjgdeuABzQqp2i09NHo9EraaK70te9r7NlRUm7paK111XVWas/W9rN6eWbNeySg7vmYN8zsecjBABx0I69A3cVCojV4pFJLEElVGcgnoMAjOAOeScZwOcwMoYoBgZGeBnI5B6ZzngZPQkjHQ1PE6qwBVQwPDk9gMYAXpgdegPBz0xumui0tpu9NLf07ddOqHBvfR2Seq01T09b79NPMid2lfafkbO3JJ5B6nA5DYzzjJ7HAApkwMbDAHK4THXJ6NggckHBGOB+NSyks+4KqAKxG0gg9Tuzg4OeSuM9QSMgjQstN/tNmjhBMqr96TKqu0biSSep64PO3qMggjcVq2ku/fb7+gk3dttJa9dN1v31+d76W2yonZdxUBSeC4JAAx8xwD1zjnj8DmgkhiQHDEsRkbhluCc5IBAJ7Y5xjNdCmiIsbJu3TBjvIyEVVJAJIBxk9uvPtVy60e2iWFC4RghbCtneOTnB24ycEcD2Geke1hpd3Tt3erto7bavvp3uTzxbtddLq+urjo+11e+99tDCtbi5X91Eu53IUE8kDHO3OAMj5uRggZ64y0wTJMTMSoGS7EhemGHXGcA++AePSr1qyQGVkjXzCwMb/AHXA+YHb1xnkEg4OeAB1keC5vZxEsbStINiKpJA+XIzhTliTyTwMZPHJJTjpslpdytu7aLe19nv6dq0Ubya0slq7dLWa16Le/W2xc0jQYr9Li4luttvEVby1yXlBPOw8kgAngdPXtW9ZQ2xvjFCPJjKiKEuo8wuDg5DdCQTgkZx0UDaK6/wFotjZ3NtFrG5BLMiu7jcLZAWGWToQ2T3OOoOa9O8QfD+xs7mfU/D6JNH5cc8fmklpXGCXtyAQed2QMYzjgZxySqtzaTspP3Xe66PbR/avf7zysRm1GjKVJSUW4txk/hvZcyund+uibaT1WnLwfDOa7t4Z7aT7TLcNvmjt41bygAoGcYIUkZfg4IOexp9prvivwzcjSHj8qC2kRUjWNl8xN20gSAAFWUDcDnHJ6ZFeleC9aj0ZLie/QreXEUqRQR7lkR1BBxGw+YOQScgjoeprM1vXrO8A8y1LzQzC4uFlCkjc5IUyclV6/KMHkgnBOWqTk2qt3FrTWzd1G0kujb11t7vyPlK2a4irXdGpFVqU+Zxvo0vds79F1UW27J31tftY7rS7rT7OW70eCWCVg0zlgLiKd9oIQkhiwJz+vJ6+X694O1my1A61pNmkllbTJdxNw8iRliw3jncuANwI44610UzWt9ZW2oWVyruJ0MmnQnaFD4xhVyCOD1AA/HA0Jr66sJ4Ire8luZpyrPppbciR/wAMbckMD0JJHXBAAApqChG60jdtqVrJXTey1dlZWvrr1R46xVSjXmqbvzOzpSktUkk1tfa7S3TVk7tHnvjPxBbeIja3ENstpq9nBsvJMMqvsUDaMgDk9MEDPIYCvGr+V715gCwWIEGM4IfdwxDNjAIzz7EHnkfS+r+HLTxXfP5VosN/PbkGO0+7HKAFCzYA49TnHU4+XjzpfhH4mfU3sJrZYbdGWKW6QNIEDHgnaSCevTnggnNctTH4OmnKtVpwlFJycpKMV8N1eTflG3qnbr9Xw/iaMo2s4Shq6Untqk3rsk7LfeyerueLRRZaWMnZEActIwyO4GT0B4+b15HQLVO8LyrDCj/uNxVQBgknjgYO4cd+OpP3hj6Mu/gVf/ZLi5srkyfZ1UzG5HlggHDKMkllPI5IOAAcbuOP0vwHMt8PtTiUQSZjjVNyyMox5a9ev8RJPU9FFTDNsJOEp06imo20i15bNNLW679D6d42goy5m24JNq8Zfy7dNHtZvXV3Vzl9E+HdxqNo99NIYYAgMSODmVSeWIwVAUcsGztHFelWvhHwzpGivJJaJczeW2ydwWkNwMMdqnPyLwA3B3DpnmupZ57a2bSdPjkZ1DeeojOY8DcI4+hVVJwxAOQSSdoBr0HwF4D1vxze6fY3NulnpkBZ7rUJlLW1tDGMsXbgNK2CNozkDB5G4+His2qSjOpOqqWHhK75ZO3JzRWtrtt3WlrXve/TyMRmLacrqnTju48zjbSNurlLXRK19b2Z5T4N8KtrkRt7FBBeRF5Y0G/AhUszPtUEs5IwnoTxxnOgnhmaHUGmf7SZYph5kRUhkZGCgsJADtfaOB1JBK4zX1Tp954O8C3SwaJZw3OpWt00H9pyKBFd+W2S20ghYQcbsYG3JryHxTrmoXviPU9a8y2S2U+ZPBbgKGO7JEe0KrgMCMY4wOAc189PNcRi61T2VJqk6dqc6i5HN+6r2TTSfZvW6a0ennLGzrzajGbha0HJtN2Ubtq6sn+Ppe3X6dPDoXhi/Rlt7fxHdqJLa6nk/fRQkA7kGQRtXqcZBJHZWrwGXU5LfXJ7m5vZ5XlRftEjEsLhiMSFDg7SedoDeo5IrtT4g8NamJY/Pme+nt9hluGLLGx42QqD8+RhcYHJz8wAB8/19ZB9msUj2XEZyGkXa8qH5l3dwNoAGCSARnnpnluFcK1WVaP7yt8cm7y5VZq3blWmnzuzswl4Nw0vNK93zb2vqmtUnd6bWV7pHRaf4T1TxYzyaLpNy9rYyi7a6gjDlIGIZpJT/Dtxz0GMdMYr0O9trLS9NtT9nSC8WIp5sbD7TK0Z3gyggMu7Ge557Dovwa8Sat4QtrqLUlkGnatL5cM5kxEccGI4B3RNggg8Er+NaeoWdrqWq6ndSSxSR3JkW3KZIt5GJIVUHAOBgHA45AGa8nH4qv8AX6mHqNLA0muSUJO9RrS00lJOUb7e7qumpniqsFKUZtKD05no21ZKyty9Uk1bT5k2i3djrC2Ud6sV5DcMRdxE4l85VKxlXY7iw6DBHIIycE1x9x4OurfxBc/ZLmO1iuLkDBk3ypak/OgjJ5ZV4JwxyDjPGem0LRBpn7zUplimMoW2R90flkkOsvGASyAhW68545rD8Z3mm2mrjUdLvpUkS2W3ZC28vdsu1xGd2GB6bhnB7MRgrAycsVOFCfNRnSu5aOEZtRb02uno2rq6stzgpWm+WEuaMoJ62aV7X0d/hta91q9Oh09rdW1hDcaXaTPcCKTEM6qTEoIJlLEDnrxuO4kE46mibUvDumaJqF3dS28krW8oslKjzzccgu68HbuBxjofm65rnNG0XxFPozizd/tV6XuZTIuPLUBmAZiS2JRjHYjHzHq3z74i1LUodUmg1m3eCW33okT/ACIwVs52hQrgnkMMKRjopzXZgMlhjsW4/WEpU5RnUjH45q0bvd2i29kulrGNLAqtXcFJqzV0k3Jp2vJa7W9bWtdbGp/wmuvW+ppbx3L+TcMiN5mMujyALErjOPlGcZyQMgdMfUminzXjDsEJs4WkCgn5tpJAI28MW5YZwdx4GK+I11I3F9ZskP7tZogAwH+sDgZDAn5eRxxg5IOSCPsvS5Z47W1IOyU28JcBRuCle5z6gDJOCD0wMj+jOAMFSw1Wap04xtGClZcrajytO1l873fZHh8a4PD0MFRjyKN29IrlcrON20km79L76vXc9g0FssPLPygKmAARghixHXGCcNjnkgc127hmMcYk3qELAfdUsPQHGDnGBkKd3fArzfwzPKiqSCxI3begbDD5gMdf4iATgjgDjPfDUo7Tcbpo1CRt6EDIIUcA9zkc5Oc+tf0LhpcmGjK8V7qkr66pLXfyuvNp7H8t42nGWYVKShUbc7WS1XvLTS+mn+euiz7p2cYlChXIAGchCpICqx/vYJHJyCCe9V9W1dNKsWErRRxm0lUOzAKD5TZxnGWAHPJ5HVitcH40+JWkeGEhyVvHkZgsMOHKOwyN+M45AJzt254DHmvmzxX48v8AxIq+ZeywwpK/7iIt8kbcqHYHaQQRySSBnBY9fzrivi/CYFSoU5Rr4lqUWofZvyr3rXvpqrO6ad+x+r8G8D4zEKliK8Hh8Mpwm3UVpST5ZaNrVO9+bbfzv8l+KUmn8T63IqyP5up3Mi5UncplYhgOMk8enA6kVn2un391hILeeZt+3CoSpBB3cgYY8njkH+I17FHFbXWoZUwtcb23llAIQ5xtPILkdSckEHkgHHXhLCSADToYbea3kzKUYKpzjc5yPY8cgDIJ6hfwXE5m3UnP2bvOUpOVlpdpu7drtav5a7H9GRxsaFKlShCTVOnGCd7K0Ixjprbv0813Xzu9jfWblbm3eKUMQCYyApweMgck989+m37p6Tw9ptvfeYk5P2nLCNM8/KMFwMkNnjII44BJr03UYorpXtmRGVGZ/OGJC7OPug4yR79Oh6msuPRbTTQslkWaZyHG0kSCQk71wcEgc57gcn2weYXp2doycbqKSvpypNJK/ldaNbLa5PH80NdJWvpfa66W21ad99NGjm4dCw7CSCJEOUIxtJH9/kH72ewbGfUcXv7OktJY1EaW8SRFskElgRxgcFixA9O4A4xXfWmnSRMtxcR+d5cW+QSfKAGJORyAWBJHXI4PTFU9QtLzUryCQr5cUScAjCopY+WxJ+/kAHHIA/XnjjpSmlJrldrO13rbT1eumn4HNDGOU3Gbdrq7ta6vsul29tm97nj+oardp56QExrDIVBOQ7g53FTycDIx6E8jJxWbBd3l2YoSC0rvt81iXKKRk5JOAMDkAN0HUDNex3HgLz7a4udSAAly9udu3eBySNvGOSegPpnoK+leGdMTbFahvMkZXebBLRFQAwCnHOBzjcT256dMMdQ5XK3NJKOlrP7O6Witr+mrO6njKEY2jH3rJrbyVt3Z38tO255Mmg3k179kRBJuLF3TkJ6sSFzgYOc7SP5dUnw/khgmuWvE2oEdUZRmQ43EL6gEYwpzn0xkd9Hb2tndThQxk80KZ0A+UZwxyeu7nPAxXRy6TLqFvFG83kiAh445DgSI3KuWCnH3lJBJOcccms6uYyi4WtCFlzSe7eiduW91rpdaddC441ucdlF2u13ulfRu76bWvb0PCLeKaEuxIVEZo9hXaXUdCOeOoJGDk8nFb8TQCIMxLuyLtJGSrbl+U5IHAHrkbTt54q54h8PahYs0ocPbmUsRnLMpBJcHqUwM8HoOxGKwIXco3mkFY2/d846YDDqMkZ7gHuMiuqnNVbTUua/KtrreLs0mklpdvbZrXQ96hOFSKtLZaq97vze2r76X7aM0Ukbc0TqNsmdpbAIAJAAP93npxjv6CJrgrKsMSorEFSWxhgrYbAIzuK7QOcZPGGzSW80MsnztkIx2liMY54AGfY9+cg9cjSWxbVJUitoQXdSC/AO0YGR3BwpHbGQM4Y4191K+nTs0rK7Wife32u97odWEeVt26O/XeN9UnrayulZ7eQsEL3KAR5Gw4IBLl2zxjjrjg4zjGBjkV6FoFlN8sjWoJhQEMV+Z+oGSM7SPmDc9O+MVX0rTLazRY0gea5hKrzyrvgBlXjGeoBxzkHtiu2tZBYqY9QU2qyqREsYPmKxIwHPUDkduoPNcM8TBSSW2zb6pW29V1k+m12zKhWoqe0Wk4667Oy7Japatrpe2tibz7aFlbageVOAWBbIAyCAoJPYD0wCSMVSvtQW3t3aRgqMCxKYQxsMnAAIGeucghcjHHSvrlpDHFbXNtIVDKWLTMRJvyCSOhOecHAz2wDiqx8NX+r2cjRybpDsKQsdocEDDA8Fs57diAPYliKXKm78lld221jo9rt2aduj7XZ6scTGV0n0VkpLbRtNJJ6dGumq1PENW1KNbi5dpnZXdmO1jleflDHjIbGCM8jIyQcVwk94HlYmQ/MecHoMnAwT1PPGAD6Zya9K8W+AfEOjN9ou7Jo7eYhotgZ9528jjJyByN2NoB5ANeb3Wky2S+dOgj3OFHysoBH8HzDGeQTkDb/3znroqlOK5HGWzVnfW60el10bbSXvM8mryucle6vr01ut09tFo9uV6dCoCXYjLKj4DHGF28AYX6ZJBye5IJq2gEW4xkkBWJ2jBx2P046f0rLBcFgxKEj5fU8cbR7EjHPIBqzEZCmDuXKHGchnPcD1PHX0z6EHocdNrq66R3VtfuWnTfdaLNK+6aa0+Xu9dtr2T9NLIvW8rN5hAVXAAKnGWOQQCcnC8/dz3x25huXaEx4URmQgHndgA4Ge2Mk8AkgkEkjO6ONpSoiHylQu5+vodjc85B78A88daXa7FgwO1Twz/ADMAQRkA9hzk/wAKsDzjFSk4v9dO/wAmlbXfSzfYTg1bVpX02d9Ur231Xa7utSEgbkDNhmcFMjJccEk46FSOBxjPI4xXT2sUUaRyebhkwMqMlmJXIXjAOAD0HHrgY55IPLVZAwYB8Hj73YY7g54AHoM8Zzrws5iCqMKkgYoB82AfvN6beTnB5xkd6dRKysvXR6uz0v8AC7Le2/pezUXq1p16p7Lu1e1lbzXa7OpS5G/Y5wkgxHGVAO7bxuPqRycZ3eo6VFd35hEUUanKnaS4yqk9QuOgxlj9T3wKz2mlkCLlcA/LLxliMcjkAEdsnjjAPFKs0lw8kKqr7D8sjrgK4HVzgZ5HUj8OCK5uRX5rW5dU1fpbzt6q2t11bvS5rpJWTfVNXTsn3emq6/JIdJFJISzrGW3FvNPybsDJQg9QTgDqACOh+UbHhua8i8SaDdAdNWsyoQjZtWZCen8WMj3z8x4zWRElxJct54LIibSwOFXC5OScbhk5BHX24xr6Qwtdb0SNWMhOp2hVyxwymRWyoy2MFhkHIz7k10YPXE4eKd0q1O1ktFzxte3Lslslolrd78mZRj9QxSfXDVVZq917Jar7n8/uf7tIXutJ8PSsACbG3UqOWAeFGYnnAJ+9gDdyc+g2bSHLKuzsBlz1LfwkDA54wBz9715y9AVZfDvht22uJbG1JbjdhYExyMDHrjqOTnJru7KxikCHy8kFSTg/Ng5AJPXIAzkeoPBwP62yrCz+o0GrXdKnpun7sN7bddNO2lrP/HvjXFqGfZlG1ksZWS1va1R32a0v3urbEQiMcRJUFVOc4AAYe+ehbkkc/e7qcv8APRUcOUBaMksTn5TgDOeCcY7d8DmumeyijhAIGOQQp4IwemDzxx7AtnOeeZ1K0hjtpW2g7ldQ4YgjglSASeFycjHpnJ6+dm+Ek8NVg1ZuDtu91rrePz7LpZs8XIMYo5nhJuWiq03bveUVptta2npbXWjpjrPcxZYDaZGBQYbbt5JOc474xnJx8w6fhp8T7a3l+KvjyV5htTxDqBChixDec437iOeM5Az09cCv2v8ACmoKLqaNz8scNyHJzllVGYgDGAwC8EjGCeDzj8SfHgE3xH8byxATu3iHUdiE4babhvmJIwwAK8fXHOSf55xvJRx1eMVr7ye72lFa7XW9tHfRNI/0r8K5OvgJTd7OhRacZK+nK7baJtJ6Nt6tdLaGjwq1hGqFo4S4RmcZEmSwyM8/KCcjJwO2NtV9V0Wx2lIgPOUmTzI125JGSrkZ2jIzk5zgcA0ulXqQlIbpk/dKzKpP7tnYnGSOWxkjnnOTkEZHaaLaDVbpYHjQW7NvuJhnHlnOASoJUAYXjoSARwMfGYutOhXnNr3F0jfVJpS8l5J3T1d1s/2hTjCmtLci1Vntp00W/W+ii/NHkmn6W+oXscNvHJcXQcCMBWCEgldwboxyc4OMY4zivb/C/wALb2WdJL/dDLco6yxFf3kgPQDqduFxxj/gQavQrbRtJ0OFbiyt7aIAsPtDspb5huLjIyehPbsScVq6T4jhknSYzF7mPeVXzNpcDoUA7AZx+hzivlsy4nx0ocmBpNRi1F1Je629r+8rrze332fxucZ3WvOGGi1ZqPMt+aSWnvbJb6OzWttje8IeCNG0uWJVhS3vUD753QeZ5YOQgODnPJJ69wSCwPp0zwQmOSKQmcBNsZYlAFIBkIAIJJGTkccKOtctYXdm8aXm6V3mZjLGoyzMRkYIOSPUbRk81JdkWkDyvK4JYTJKCSVVidsRHRR1GBk++dxP5njsZicZXlLETqVJNq0JSkotu104rS1tW0tb72PzvGTxmKnGVWq5ctnaU1roul7NaL5peZ2VvPqIuxJFELl2jJMgRQIwAMjPJwCxxxwOcnqbttc3Lu8AMgLFpDKXIWPBy8akqMg9gAcZPGACeLsfFslnGriMmQsCHdgrFSMIMYw0f97jJH4mtVtVvLiOSS4KJDLLgTRqAiEgHYpGOCScsBx3B4J8Ktgq7lFulaKtZtNK94/yrz1S33bVjkp4OUtZJaJp6u17q7XLvq7av59R+oPeSXCTR2rplhAmwZDH+/gcHIPI5ALc/eq1daJi1e0fY5liWV5dwDo+NwRRuHTIU5GB17HGFP4xWyWNDCftMUhaJi2VZAcbvL4DAgDk7ckEjoaw9W8TEXMN1eXDbJotzeUGRYQV3AMPlGMnOPvZOOAOezB5XjqtSnBRs/dSWtmk1Z3d7pXVnotbXu7JvAOcqajHZq6Tdt4tN33V22l+LsbaaXcXFylv5ccItkw/mEbnj4xkgncSMZUDIOO2RXJeKJnl0ySG0VbK7huBE0yPtd4VdhkKQCFz0OMNjIOeK8y1j4v3GiXMqwxNNN5sn2eaUsMRnG0YGSVOcZPQfNkjrz954t1bxPt1R5I4nBRTahD8zEh/MA44AbJJBPGfTP7FkHDmJjKnVrQT5UmopXX2WtWk97Pe59Zk2UToVY166iqcnzQXKrrSLtdednfstFbf3XRdKtdAs3c3pP2mNJribAVpt+GdN5AJxyA2M8nvWZqt3pF3NcWunLsDqHaaQNkuvzFEPUNnHPJBAweueVm8RvLZafazXJui+xiEXBBAA2txnYvbcTnB6993Q9PM0qIqNPPK7TIVwPLXJG08YwoPC9Pl4U8EfU1suq87lVvduPW6V+WyTvdb6We6t10+0aT5Ekm3ZXSulflvfV8q1Xe9np20LGxvNckjsItNaS5gGFnkGUKBC27cT97qcHJPfBBFZ2uQSaZHPPqFui3FsqwxxiIFJcgYI4znrgA8kHgZ59Bs7ubTLaXbIFuZJ9qSq22UlflKKuc4wOMA9ME9zyGsT634s1e2iERjs7IiO5ygfdswd5PDFyRkd85IOevDKtUoVElL3ItPZXcdLu2i3ta173vo4tLq+p06sLtRd7OSko3V7a6a3aSaezvfTrx2mo1zFODCttaK8cjyxyvCQ7EMUZkJOQNxIwOecHaM7mn6j4v0u/SPTPE+qabbOrSoi3Ez28aIMoWz94MMEcAYH1J9MudI0C0s/JgtmSafYfJcACQgLvk9SCcn5gCM5weapeKULW9ta6fawwSS2flsIxud4VwWIK93A25zxnkDpWr4lxGHnCMas42a+GUlpGyfM0k9Ot7v79fFx2QYHFpxq4XD1k7RaqU4zWjS5dY3Xza13RHYfHb4i6LMts8tjr9iu1ZTJGqscnYQ0gy2TnIwMAngg9e+0/8AaJ0Uz/Ztd8PTWkmCZbm1bz4wNpZiwwAQGySOePrmvm7VVt7RMN/oO6AR+USPMnkyPmUDLMQecgcEnn+7zUmpWMaSMWkjEVvIl20g3mQkEhfMySCec88+w4r6XLOOszo1IONeVSN0kqnvJaxvpL3rXd7ttvR7HwmZ+FHDWaR5Z5dRoTcnedC1J3917R7PX3lfyWh95aP8Tvhn4iYR6d4kslvHJXyJ5RbsjHAKEthAykYIBOAdoDY49DhtIrmOKWzv4p4QAwkilSSMgjjDqxyCM+vH4CvxEur9lv5p7RikMbu8WHZGKM5ydwZSSo6EY9cnIA7zw98SfF2lbX0jxXqNrBDgiFriR4fMX+BgSQQxwoHJ6d8kfpeX+IVaKh9aoXuotypS5ZJtR6N2fXZr9T85zP6OVDEuc8px7pycbxo14Jxu7e7zR3Wt7pX9EfsRHHqtsriHDqCNzqxBP94jOPU46nkipLbxBqlu7hZLmEocAEsQCOuAML179yc4HGfzk0X9qj4m6WkC3JsNWtIgA6XEKr5ioSpPmdWLDlie5yOCQfXdG/bI0h0DeKvCtxYu3yi4sWM6BCDucrxg4XgjcQuQoHFfd5d4kYK0f9sqUZWSSqOSWrVtU+Vavvppq9T8nzj6O3FuE55LLcPmFNK7lRUZNr3XdRdpN9LWTV7Wd1f7q034l6rZMUe4Eixg5DuS5I6ENwAQMlvb6gH0rw78edY02VHs7y/spQykNa3lzCykYJK+XKAAcHB479eAPizw9+0D8F/ECKTrcdjJcYVkvYhEyMWwBuOSxIODgkcA9c49NspvCetxR3Gh67aXMbZ8spcp5eMj5QSwAAHQE84zjOQftsD4hV4xjGljqNWm0m4znCopbW92TeivrorbXW5+O534N1aU7ZjkmKwdRPljOFKdOzutbqK1V3s313P0s8Df8FAPjZ4OmtRoXxQ8T2yQMgFtc301zahFCkbo5GIC5AypJ+UHnIYD7z+G/wDwWc+Nfhvy4vEEeheMLdWRXE8S21wEXGWMikku2GJbJ6jd2J/nkk0i/t1WWzmDrktuLgls+hBcgdOcgcZPAqqJ9dtHQyrMVIBZlOAACc4cEbicjLdOeOeR60uKMsx8VHMspy3EqUfek6NOM5bfaguZ7rW977WPCo8C53kvvZPnmc4Fxs4weJquCScUk4Tbg07WaastraI/sN8J/wDBZv4JeLLaCw+Jnw2ksRKAl5dw20GpWoLDDsfMTeq5JyO/IJJwa9Am+Jv/AATK/aIbfrEHgOy1C5AX/TtPt9LvSzrgASJGAsmSRkEknqD1P8YkXirUYXMRnuEj4wCzEYAGMAkAgcnknn+926qw+IF1bxgBtrL8vm4aN+cAHKlSCMEAnqOckYrTD4ThWs+fBVsfk03t9WxdSVLmk1e1Ks5Rs73S0ST0Stp1vMeOcKlTxuHynP6cXHXHYCjKs4q29ekqcuZ93d3betz+sXxT/wAEqf2RvimtxqXwn+I0egXmoKDbxafrNrqFqPMUlAtuZkYAlhtGOAeQ3FfG/wATP+CJXxq0e2n/AOEA8VeH/GFuCxjivwttdGPaWGDGWVjg4GWUD/Z5x+MXgz9oTxn4Qmim0Pxhrek3EUitDNYarcxBCDuACeaVHIwfvYx0Ffd3wt/4Kf8A7S3gUwrb/ES58QWwKZtvEA+1rJGh27FZ2G0sCA3ze+SWGPYp5LjnGP8AZvEWCzCErf7PmeGgpS+H3fbUpJXSSu3G+qbdrnnT4lwCqc2bcJ43KZQlaWKyfFzdPm0vKOHrRsl05eZpLXVanjvxO/4J0/tNfD1m/t74Ua5cw2qkvfaLA11bBRkGQGMlztHKkrzkcZ4PyTrXwz8V+HWjtdV0XV9JkV2Ux6npt1buzKcHmSMKCTxgHnjBGK/ok+HH/BbLXc2tl8Svhtp2r2piKT3enSxRmQ9S3kssitnOdoPzHj1x9M6f+31+wJ8drYD4peDtJ0O6hIjVdb0CzaOaRhgotyih87c/NgdDmuHE5XmVJOOP4ZVeF7zxOU4iFe+2qw8lGSd7tpbd7I+ky/iLKMRZ5ZxVLCVVbkw2dYWrh2vh0+sU3Knor62afdH8j7+EIL27WG4j8u43DLvDvBHAIbgkADO37oOB68eq6ZoT6dZ28Ec0E6wqyRRzL5ZTBLKFOOckjb/ebB6Hj+qV/wBkz/gmr+0hZte/D7W9J0PWL3to+sxWLQuzYVXt5XQHLg4CcHJDHnI8d8Yf8EWrK4lluvhz8SbbUYGjBgs9SiikQFU+XZcRSMD0ALdx83IyK48OuDqblSzGjjcqrNpcuY4OpQ5Vor87U4NdeZOzW19l6WYYvxKqqnV4exOCzjCxSknl2Po1m1pvTlOFRN2SScXbS6Z/PFZxW32NrfUNOjt3CSyeZbuBNMCGPbruJ55H3h6YHzPqPh3drVy7u0KpcNJBbTqW+UvuyX6Z25yoPHoOlfv/AOOf+CWn7TXhia5/s/wno3inTraJgraRN5lxMic/dOxgxHGAT054xX5+/Ez9mf4p+ABNJ4p+FXinQbhJZSZ7rSrme02JkNsljjfYo6gn8Rk8ceb8FZFnlO+T5hgcU1o4qrSlL7KSUE1LbRJp3abstD2+F/FHjDhjFRjxJlmaYRNcvtKlKpCmuVxbmmkoyTSspLR7X0sfEcOnW7XSIbZEneIBHt34DZwC20nBY4YZPU5J7VtJefFrwDHPregatrOlW0KCRb3TJrpWiCgMAzow+bgtnB9BkHFdnaeHovtSeX5lteKSZopYmiZlV1LqBLhhwPQMq5HU5PrGsyxyeGruw027Ep1C0ENxYoVlW3EahTMRgE45G37xKhjnkr+cZh4QVJUqqqYWnKybi4xjJStrtp5eidrbM/fsm+kjh6NXDJY6pCLklUU6kotRdk3bmsmtWn00W7bK3wt/4KS/tVfDiK0hHxM1HU9LhmRks/E0Zvre4jUDKMZgTtbDKQcDH5n7M0v/AIK1WPi23lsfi18DvBvi2C42pLqumpHaXSybgjzJHFEPnP3sZyCPevyt1P4ZR3Ok5lldLtS0sMzoDaNtbOABkKMHGAeDnOeSOQ8L+DLm1vJjdQRXkDkiNIm242tgt9Qfu8H3yBur82zDwiVG0quClCTuoypxabWnZO29t7rd3P3rJ/pA5bjKcfq+a0Z8qi5Qq1Ity+FtXlJ7+Vpa2suv7OD9of8AYj8e288cmoeLPhVqFxtaRJbU3Gno3B2o3Xy88AjPHIUDivzz+Luo+GdS+Pfha68D+J9H8Y+HtNv9NisNVuAsMb+bcwgw3KyHAfnLE8fez0ryS78LRuXAiVLckI/mW4Yq4zjBJGSD0OMfL2JOcG58E2yXCG33Kysj77dWA3hhseMAq6OBg46g4we9eHW8O3g6FejTeIXtac6a5+ZqClFK6fL6aXb0vtY+mp+K2X5jWw9WdTCP2ValUvCcbycZQbTabSurXu77+p/Xr4J/ZT03xp4H8N6zd/CnStRN9pNpcTah4W1WMtMZYEPmhLY7FbH8O4YY4OGIFcL4y/Yu0CGN4jaeMPC3Jwl7Zy31mhGMIzgNuUHBJOBjtkjH4BfCH9oP9q34QNbW/wANvjb4w0ixs4w8GjXup3FzpgjG0iMW0oZTHhcBQcdQcdT92+DP+C0n7bXgiF7bxjpfg3x1YwKoZr/Rra3uLhEByDcFHdiyg/MMZJ9hX8ccQ/R949wGNxOLyrPMRXhVrTqxoVFFw1lzKK5mmkk0m+bXyR/VOT+PuQ4zDYeFXC4JKnTp0+Wc5wd4xjFtzjGpGzSdv3cdtHa59AeJ/wBjDxHHM/8AwinibRdRwhZInlfSZ1PJBZWMZVjxkEHPPy9z8yeMfgz+0j4LndrfStcntIMmSfT7uXULaQLySFDtggAljjGAMZJGfo/wV/wXs+Dni66h0r4v/s06dBeBjHqOqeHZ0kmG1tkrRqYozu64UdDjJ3Zr6E0n/goX/wAE7PiAl0tn8R/GXwhvHdRJb+ILQzaXG0hGUKMzkqeQcqBgdOK+XpZT4ocN4vDwr5PPFQhUUZVKMJ3cU4q7cLwgnd7tpuyXl9kuNOB8/wALJYqhToOolFVI1KFandqKTSjJVXFWejp929Hp+J3j7xX8SFR7XV7TUJEtlZrjztNlSYMFx5cgdFU4OcEE7sA+gP59/tEXL3Pg3Rbm4smimk1gtGnkvEzfOPmcspUgHqoZsEdyK/qu1nx7+zj4stLu48JfFP4I/FqyuEVYbG9urbRdVmeQgKGjljVWkAxjL8u2Cxr8J/8AgqL4q8JT2/hPwR4L8CWfhvUNP1KO/uZtKubS+s5Y5yvMRtmk2xlkycsARztUdf6o8POIcZmlN4TMsBi8FXjTTcK0bxbio7P4bOz37pX7fgfiDw/kWEUMxyzEYatBtOPs3HmV2t42TstNLJ2+R+c+sxXjaFDJK8REGkJNEDwSyxEqqqv3nA5A6ZI78H4G0O01DXPHkaatHJJb2+ovdblUBAFkztJYEt05yOBgYyTj79miv76xtoLsqL2O1ijWMoygJs5Y4AyOoIwFXGVHOByLfDGQ2k1/ZwWi3LSu7XCMsch65VQR1HYHHJHIAyf02vgKTcZq8Yp80lL7S9zpbXZrXTrfW5+eYLOU+WldtJrTWzacFblu7vfVtWs7364OreN7Kx066trbfE8kIhjSPHzCJcDLdDnGRxlSByQQteN6L4P1DxtcXGramDZaZC2EkZD5s7KSwVV7gnj0xxgEkV6/a+A0gDz6ij3FyJn2xSjKHk9SCVwMgk8A545YkX5Li5tYvs9pZIrorbI4+I49g6sBkAYycngDPcVxy9nCSSSa1afS+j1S879rq11Y96deeKUZX5Uk7b396z2v3btZaK2vfxDxT4F0HTDDcWV002pSJsNsnyrkDhpMH7u0gsSOo2gda8wjtnvNV0bSLk/aVvtWtbZookAMRaYKVIXk7cbiQcn5enIr6FvDHdrLFeWscd3vJN6EBVBnhcADvwAMEdsZNc54J8OWUXxA0aWWJJ1W8F5JKwYRhkYlCu7rkMSc52sMjPbsVZTppRjFLlSvyu9lFXcm0m27Xba5dRqhF2956231tblb0a309ErvXY9B+Mg0RvF3gnw5JJMtg0vhzTZJIshoIHlhiuQpGcNgsfod2DnI/Zrx3/wSh0vVfBmheMPgf4qe9XUNI026uvC2sAhPOubKGaSX7TgsgaRmCqBtGSOvA/Eb4mzRzfEHTGj2ylLmO4DAFyjxzbomycDAKggAdsAgV+3/AOzD/wAFTV8FWGl+Cvi3oMl/okFta6ZBrGnIou4rW3jWGCSRQMsYwvIBBHYjINcdHD4Oo5PEPl5rOL1tHv3vrZO933ufnfGS4jpTws8jdvZtvEwjZ88fccVaWj63tqrq3Zfm38Tv2UfjH8D7xx4z8C6xpOnyFxDqFpDPPYzlVL71aNXBQnawyB8uDgY48fsWvtB1PTNXvbY3MKzxPFC1uDEyiVd5lyuflTIyV3A59CT/AF9/Df4h/Cb9qizm0XQPF+k65p13DmPRtcFpLfWbui4CQ3B3Fl+5tU85AwRxXxH+0d/wSZ+IGtx6l4i+EGoaSb5ZjPN4Vv7aO1hmh83zGksWBdfnH3ABjBGCSajE5DePtMPJVIPXlT1SVm+2m7Vu+r2t8/gOOqtJzw+b4athq1J8sp+zbi6iaTTSs/zVtmfElt+yvqnxg8MaZ4+8IaA+iwXekxT2lkZ3K67dGMCdYtgzE7SE+X7kAc9fh+fS/iN8HvGOu+H9Ykv/AAvq9hMHGnXXmCRoxIWTDtgNvAb5eSQeAATX7x/Cn4e/Gzw7oWgfDy3tNU8LatpFh9g1O/MbXGmWN5AxJmg3YRSWXgLknPAPGML4jfsveBvG1x4r1D436jrd/wCMNN0y41Gy19IjaW801lZM0ZMp2K6s6ABS3zDIwBtry55NJQ54JxlF63atsrq7kns72sttN7POhxhTrYuNGrBVqVSranJK1k0lZ7WezStfRpO6sfg54q+Ner+KbB9M1C9aWK21i13xrCQ0zh0WRmJAICqGyA3JBznPP2V4W8UfC3UdJsXuPEUaXdjbW8M1vdzAEy7AJEyR8mGyAMg44yDjHxF8MvDmjfEX4xT/AA8lmjs7bVPE2o6fZyrHmaeW2leGB8pkKZEHmEqTxk8CvqP4zfsd678ANDtdf1Sb+0dI17UpLeC7mdobhJVywRYCVLRYxh1OGA6nNcFSUqTjFzsnorP3rab9dW9ul3yrqfcYrCYedKg0nDmiqjcVa10mm15tpWsm7bqx7fa6XoGqCe80jXIigAa2+x3axyqxH3SyyIzEDkFsD6ZbN9tb+IvhaKFvC/jTxMnko0iwRXkksSkkna8b7/lx0B7ei8D89LX7boW8pqc0MTgTKtvPJEfmxgEk4I25zkAemQOer0jx54pUlNN8SX4YrsEcjtLgOcYHmZyMDkZGcY9a0jjK6S5KkotW1b00cdUr2f3tp6aPQ8Crh0n7tWSadmmku1u9/Jt3dj7Iv/2iPiro9i0euLoHiyG6k2XEGvaJa3c5XIGHdo1OCTgnORgnPGaoj4h/BzxQsx8afs++F5/Mt9t3eeG3Gl3TTOMNKFhjOHJ5AGcMMLkc18p6z438dWosnN3pt/Aj/vkurYedn7p5+8SeevIIx2wO38P+PbSWILqXg8oWRfMu9NnzI0jEbm8vAA3ZzgtnHrxXRQzTFUpJOTk0lFKSunpG60Wurd9UmtHexpRp4qLi6dS/Ly7Tsl1d0t9W1rp37L1N/h3+yv4g+zXej6j42+Hk8Unmm3kgGpWUL5yoaSUrhA4wMAsU6+h8+8TfAG/+Imo2uieEPiz4S160s5jPHp1/MdOvAkhxGHDAL5gGCRngnkqckVH8UeBkuWSW61DT2uJVVbfUIcxAZ3E8dWHTJ55B5I4i+HtvoGr+J/EF3b6vpsm2aOO3tvN+zzMx6MGDLgkD5TkgHdnrXqQzSrOCjUjGcZWU4pWvbl6LpZefXWzaO6niMxp3lyynZqy0k3ZRW622u7PfS10eH+Nf+Cdnxze8bVNL0CfV4FneSWbR7qC/hKkg5j2SM5yATtwCeATg8eR2v7Hfxi8PeOPDzar4Z1TTII71JZBd6fcqYog6lmZxGVK8ZzuI68N0b9Z9Kj8Z+HruMeGtc1fTInKv/wAS7UpJoyRjAC+Y24dOCOhBI5xXsFl8bvi5pVxaLf63p2ux2skcQtPEGlwXjlBxgs0YY5HDEk8nHNejQqZdNR9pQlTkmpfu3KzScW9JJ+XS197ddY8QYuGk6Vtrp8y25VZJpq97X2v5pa+d+CfAOpafotna6jvDW9skHCkGNQq/PtYD74HI65xx0Ne4+HvDDRRlbpnYGIJD5gJDK38ZYZAx3OAAB97AO72/w98c7S/Vm8dfBfw/qlpPbrtvdEZNNmAVMeYIlUAnJ3DGAcqDjkV31p4s/Zi8RpBb3Eviv4f3042sby0e706BiSBmUnO1c5Py8ZyCRnHbiMLhK6VSDUdErO97XS30T1s3e9tztw/EFD4ZpJt2fM1q7xvfS27TafS176W8Bj8O2NqolltnU+WytIgBSUjIDE87hzgYJz6eqweGrS5KTSQQOHEioHwpTj75Hy/NjOARuOCvsfqJvhb4Z1qEDwD8TvC3ib93mK1lu47W4O4HYpjuNgDn5QeM5xg9TXmmufCT4k6Z5pl0C9u4YScnTNl2pCnPmI8DSEqfTBwMnk5xl/ZK5acoOMrtXta7s43TV1t5LR76nrYfNMPVf7upBLsuRO3u6PTRKy0s9rnwb8ZtMsLW50yK2jUTw3BMjKnmZBbcQH2jluQB1z06jHtvgbSbO40rTIkjeLzbeLzHYDCh1GQ44PUkjPPQnaAQPI/i5a67BrOm21xpd5ZLJfqjR3trJFIcNtYMZIxkE+pGepYHIr6U8LWMEGj2PlPFa3NvbR+dGSSxbaCoz82DnsOAfpWOJwlRL2SUndRTSWstU1fumtG9N35nXRr0pycudO6UdOyt521Vk3vrfpY69PBVjFHhGLSRpuCoC24FcDg55xwSdxIPQg5rU0nw9JpyrdW08qyCRWdQCCVz8qg8EehHGBnjOKm0ae8kdpHMrsfLiHAHysBhmAByMD0JwR8y8mvS7KC7JRJIAkWUdywADjA43FR83c8Ej16Y+YzDKPbwqRqUYzhJcvK42WrjZK6d979PxO7D5lUw1eE6NVxakmrN3SVrWbflqm7fjftPAvxAv9J8pJ7Z1hGN0jliTtJBywB4xktnB7Z5OPoiw+NWkwKI5ZVOdqHy5AFXscdSO24EYPPTAx8t30TvFLBaoqoVdgQAwDEbR/dxnaWJB+XcexFedzafqMQBUETBwxKOT8pbAyByBg9CCO+cZI/K828IsizepUqTwVONSo7ycaaSTbjdxSWu1m7K9ujZ+lYHxSznL6EKftpVYQUUud3Sty+mml/N333P0fg+M2lm2aS0vEWNYWIRj8zNtxkdcBuCchuSRnGQfln4sfELU9en+0xtAJYWRYMkFgo45UnlT7kYAPYZrwkS63asIpJ5iFDSbVLFSScgADIwBnJOPunvWX9j1fxDeQWUDOZbm4Ee3cxdskAkDGR8pB9M85yBU5B4VZTwjjJ5rhaThUhDR8vw2UW7adNnbp80pzfxKzDiXDwyucVGNV01JR0cm3DvdW2a89b7I4xNM0bXtf1PVPHVjFeWdq4kgSWT9xMyjkMuSuwgAHGdwJznPzfNPxi8XfBTRrlxongDS7e4mklhlmjiRIyDkZA+X5emc4JIxkgkV95+KP2b/EZ8J315YawYZoUaSUStt2HBbYuSxJK8Mex46jn8avjRomuJrdxYzIHbT7loQy/dc7juIYEhiSCSMc8kc8DlwksXnvEUpRxmI9lCa5KSbUXyzStZJXejT7rTXp9Hi8Dhco4YVT6lRdepTu61SnFy5tGmpNOzSVtLXtuPuvDfgnx5Jp0SaPYvDDf+ZI0sMZCxvKDJGrkNgDdsBAOBngjGfrtv2Uv2UviX4asbLV/Ckfha9ttkR1PTptjXU20bpSqbQcnBHB9ScGvzp0681fTrgQW7yxmEAuVzwDyVKgn0IOTn5sjGSR63pPxJ8YQmOK31Qonlx7YWBJVkAXci84YZAzjA+XKk1+w1MsxVOlh3h51Kbha6TfvOPJdNp9ErXu+1rXR+GVMVh51a3tacJKasla8Vqlps/d2utVaz0TPJviv+xh4T0jx5NpHg/Ur7UdKinhhttzNJPCXI2mUnJZEB3EnJPvnFfqr8AP8AgiVF8SfCeh+NdA+PFno3iiaFP+JHdRRoIJSqsqszMGIUkBjtBGT0zXxr4e8a6hHrUurakzTTzFULyLy8ikYYnJAJAX3CnJGM198fBH9qPW/Dd4kFvffZJY1jRCs7AZGASqhscZ74BJ5IxX5t4k4riijl18roPEOMJ+0o2cXNcq+3Z2b1ve9+ux9jwLhcn+tqeKq0qFRqLpTmrqE01yycbxutLWb69ND6T0r/AIJc/t7fCMTXvw++Kel6+LeNlhjs/ENxaTzqnEcaRhip6YKgDsCOcVsWvjf/AIKw/BKJU1n4e+JPFFlpzAPcQ/8AE1hmjj+9yZCXyoOM8tn05r7h+B/7Ueo67bg3WvuJsDexuN6AAdApYYznqvTHJ4Ir7M0L4061eKNmoW1wvGUuQhBXqSQdw5wMDkDo2Blh/n1xPxphsHmNSlnOV5nl2L9pOFXlpxq05NtXcWlSkvl+iv8A1HhsNn8MHSqUsNkueYBwTg5wlTm4pRt7376K6W09VsfjOv8AwVu+MPhA/YvjB8FdU0q4QmKWW90y/to2ZflJDGEx56gEuASRkgHj66+G3/BR79nPxzo0F74z1CXwZfG2FzcR6jGjwQqFyyruDbgFORkE4y2TyB9ffEqz8MfFnRk8P+JfCXhXWY724jW9lu7GzeWO2EgLtE/lb921SAQwLHIxgkjhfGv7Fn7Inj7wsug3Hw+0XSglnFaTX+jILG++SPH+tjOM7/QHPJJPAHmZbnPDmb4tKDpOGHVKUpY1cqq+1k70406t+Z0+VOT9okuZK99DStiMvo4SisVkeLwGLrznFf2bPmhRUFBxnJx5Pck3aKUb6SdnbX8dv2rP2zPhnrHia90/wZ4c8LeOfBTyxO2sywWsU8s0pKn92VBMaAgsx5x1BBIrd8IfCz9jHV/hNqfxI1bT/A2p+LJbUzx2Fle29tqukzOjO9rbWo4kkLEAtyc7j2re1j/gi1aeKfHGr/8ACA/EK00/wMQ62MF5Cbi6t9udkMgMgD4OR5pOTyduTz5T4j/4Io/tB+Hr66u/DHi3w9qOmxRO9qserT2LuyqQjSwpujDNgBuTkAkYGK/bOHq/CeGwlPGZVja2BlzVI1ZwlUjQnJO80kpcvLGfM4uL5Utr2R4+bYiGJnRwVfEYSokqTpwrVIrEJJxaU3NKXvK3NF2fTY9f+AH7P8PxB+Dlungfwn4LtrLxjfa1YnUNfjtr/wAT6RC29Uls8nzLdQq5jKkbT0O4c4Wof8EmvGFpbulve2GqzLK0xmlAkebOD5aI/wB0gEfKBjJwOMk/F/hX9nH/AIKI/AvXdRufC1r42vRolzOiW3h26kvNKCMxAeMMwUkqAdoQE55zzn3Lw7/wUD/bs+Dt7bWPxJ+HviO/ihOZ5NW0C5klWNcY3XMcTjoGydzAkngDr87xO80zTFyx2V8VyWHbjGHsJ0rRpxt7kuZqMpRlrq35ndh8ow8KcaawWWucnKbpV1JqTlJOPLKnJtRUUlta2u1kL4i/4JbeK4ovPvNPdHiDbVt7cpGGJP8ArAi8gZwSFY9QOMVz/hD9lnxj8H9Yk1WG2R72BSiboGiEaKMJIj7Rhk4YgYGVUcHOfs/wH/wWr8OXAls/iR8OLuwuogFkmhjZN2FAkLQyxqQ3HCgDPPHAz9Q+Gv2+v2LfjBaRrrOqad4dvb7EQt9fgjtd0jKRhJgMElmIAXPXBxxXyObR4tqYVYeGZyx1FRtVWIhKHtYrl5lKdJundrZXWu25tRy6lgMTGriOG1Td0418BiI1Yc3u6xg3CSiuZNWS30W1v5sP2n9f8V6j4mXw94oW7vLWN3mjYW7hY52ciNIflKk5ADMvLZIySTj5X1nwPfSxeY1hK0nlo0RkVhKkZUHJ46bRjBxyNx9B/Uf498C/s2fFX4l+HNC0CPQtbltZU1ETW13am1vLQsHMMjl1LEKejYI4GDyK971X9iT4H+KIZZE8F6ZskhVYX0yWJpI1KEbMKeo/iz0Azz3+x4X8S6XDOV4XL6uXTpukuWtCmno2/elG6blZre+7OXPuDMFmGIWMxeOqU/rNOEqXtKU26cVZctS7snG9tW33sfxiah4Uu41Uy2yToItrloyr88BQflGQcA8kngHNczDbzG3NpNDIkEch2RBSoQKcgAgc9ARgZI696/re8U/8EwfhzqKOdO06/t7cMxMD2/m7VYkBkwQRjjjnuOM5r5O8ef8ABJ60gl83QNeeKLJl8m50+RTExGVB64KnnOOSD6mv1HLfFnIMxjThWVWg5cqfPTk1G7it3e6076avV6r4fG+HVWMpywOOwuIilpFVIqVtNFF737O9tLaK5/PfYWltqCoHJgkhwgMqkO6KPlAUAY6AkkDnODjkvufD0LzQukyRvECXEY4POUOc55UAFh1xztG4n9VvHv8AwTR+JHhjzLnSbuw1UTM0n7rMUwUg9F2qWYj5gM9SB82BXxX4v/Z2+KHg65nNxouqXCQM8UzQWs0iqQeA5KKAn+2DjAGMHBr9PyTOchzBxWFxdGcvddlNJq/Krfg++vTv8TmfDObYGN6+Cm4/zxtKOnLrzK6XRNp9Gt07/NM/hyWzna4Ry5ljdpFiHynKHYHOQWU5568kV594gsLiz0m0uIWDT/b2Loij90dyjPqARlsHI/h5IFes6pB4l0SW5Gp6dewpArlo545M7MEZBCl1UDGQcAEdRxjzfV9XhmsYoYLYbGlaadHyvR+uDg5HHHGQeOtff4OhGTXJNO93zc2trLVWtd9/O7V7NnweZU370HBwlq+WSt72iuk18tvk9W+10q8uIo9IC4t/NijDNtGXfaNzN2XJyeD37cGusfWJNOeK4MaZM4imfftSQbiAWboVxnOTgAjAxivMoNUeaASRK/kwRRhF8vcE4OQr9tuCAM59CSA1V9e1vNjbxo80nzCaRWXIUALkDBX5lznOScEk88VhWyapVm58rtzXi30d4+fSyf8ANq9XsfFY2laL5Wk1JN2srXS72VtHfZ69nY9l1PUGmgll2xyQXMiIkoGxISCpzvA5XoQcc5545rxHU/ENwNUe0huF2rLtEpHyHacYRgCDke5HTp0HM67491U2UOj2swS3LBlYLtCpx8mRuYMABkZ6DHIOK5W2vpbi7VXUsY33Nt57ksSSeS2ehzyOeCK9XLcHXwqk5zmv5VrZaq3lppZtpa2Svo/ElhqVWLlUppxi46JKzWm2vTRt2flsfY/wi+HepeNtA8c+KI7uaw0vwvpj3dxKARHcyrlvKVwGxuwVOe3BOCSfmPUfE003iCW+kyE2NHBC7OPMKPtUBhtAYkZHHK9h3+o/hx8YLnw58MfG/gPSLJEt/FOnF726KBp40iVhMisAcAggLzk8jnnPhngbw1oV9408NnU3Y6U84lnWckbyj5aM57MegBPU8gYNfbcMTq1czhQdZpzqU4xvJ8ivKNn0tbS7TWq30Z8hxw8uyvh7FZh7GM/quHqV9IrVximrWV2krXv021Poj4VfCn4j+IbePU9Gv7zSpp4kvraBL+4SS5RhlYwN4KKBjAI+YDpk4H0b4J0f9oTRPij4C8FXuueL2XxT4h0uCBLCaeeCxIuE3XKudwkaNPmHOMcZr1X4f6h4e0CX+09Ia3eBrUw2tvJJt8tYwE2xg8BiAQDjPToeD9f/AAF8ZQeOfjz8ELSa6sNISx16CKadUjmLKXUbZGI+ViSOSx5xj0r+rctwEcNgvawm37Gi5zlL3rqEIyuo2v7zV7XvZn+ZEPFnN814yhgquEp/UsRjoUKMIwTcaM60afO56WnaXNq7dOh+k3xz+APxP8AfBb4g/Em0+KTazPceDrO2tdC8T2sNzEiw2sf2m5edvmjuQ2cDHTIJJzn8sfhD8UviZ4et9PXU/APw/wDiyt7bJMJ7W5gs5bBoWLvGvAVJAMhgM7jnBPOf36/bvmtfAH7JfxF02Bk1abVmt7eC6mYvIqXnRVCElEHK4yQewOef5DfiZ4vutN0bRbDw7dS+FrhNxu5LRpUdpCMM+VKld5PQ8ZJJIAzX1Hh/WxGfZfj8VXnGPssY4U3GHsnOlGFPlT5JRkmuflu3e6u10P3ni7G5fkmaZZg6OHpxq4jBUq1aMmpSVSrV5ZRU2nFuTTk020ovrqz9c/BX7S8Gn67qcX/CpfF/w+i8SWMllr+p6PC2s2S+WxUtaqhZkVWVioXGMEDPb0K68UeGPiJ8PPGuj2nxA0qz8QXWky6baf8ACW2l1pt3bWz7xFFL50KqZiCG64BIABHX8Svgd+3v4l+BF95Gu2k/jXT3lFvnUJtywFZdxZTIsm7IJYgqcngjHNfR/wAVf+Cjfhj4peDvE2i6RoHh1NR1uxJSeO3giv8ASpVTaZRMkcZ3RE4DdeBnGDm+KVLCU686VSnTjGn7WcpVU5NRim4tVE5Xsv59enZciqYKUafNRrS9q2vZwhJ017RXuuW0Iu/vNytrc8U+I37N/wAUdJumfRNFj8RW9yhW+1LRbgXdvKrDmaGMuMKRzyD3zypJ4TTPBnxB8Ay2l1a6JqttOUaCaCW0nWRWkOGaRAjKyICSBwOQTzxXzx4V+O/xUsdc3ad8Stcksd26MpeSyQWsUDfNG0JyoH3lG4kYGccEV9S6R+1l8WbTULP/AIm+neKrG6t1uJ4bqwhkeKKJyrGaR1OAQCWbnqMZ6V/LWf8AHOVSrzo1LxqrmV209eZa/jdXv663PPrcL5VSqVcRVr+wp1JKbi6a92/K7yfLdWWmmi010OT+JuqeM20uxkvo/tV1Ys0jxy2mwQxbdxBaRASfL4BGCAMHoGPzrE3gb4lXdtp3iLSrXTpIY52/tiFDFLLcKTgb1AOUbGDj5uBznn9HvEX7U3h290e2uPHPwr8N6paSRkS3FokcVzNbshDsgRAWGNyqTwNuT83NeK/D3xf+xz4g8VjU/E+gav4OsJDcfZ7RpDNaSFyW2RAAbWUnKsOcngdM/nOIw+VZvilXVSjNO3vVIq0W/wC8n2SWq3dr3P2LgvJsOsBHF4Cs6lKyaqKGl/dV3JbbXSs7b9kfn945+CfgtHs10LxHqEFzNco8/wBqtt8cBHPmxysQXjZcPxyRxjG0Hyvxb8FdU0+dbuw1Gw1hJAsMbpceRcPKSMMY+gxwcHOeh28Cv3C1n4Nfsd/Eowv4f+MSeHnnnX7LbXcqBrZlwsQYSbcAfKrDCg8nB7+TeO/+CdOueIWurn4efFfwl4iXMU1tDPqEENxKgGF2COY8t93AHOQcLtzXCuE8vq1FKMY20lF0+r0euu17u7a1Pv8AByxNKc4uLqRTjqoxbfw2ta0rPa60/I/FrxF4E8T2lzpTXGg37RqEhtZLdfMEzR4DjC8NsfIHQAYGCMVyWtaFqFpfzQ6lp00M7MJYvMt3Uo6j5Q5ZVUMBglh1IBHGa/UH4yfscftH+E9Psn0rwtrd7cacsWy40ecXlmNiZd4gpYqZGG/IJyep6V8H+Lrv4v8AhrUJbTxd4d19XtD5kv8AaOiXEoLKCChl+z888HHG3noST01OFsG4Ximr2UXbS6S0er89ktX9/vSgq9PlhScJJRjZvRaRvq/du9W3+bd34hqOmm4gR57lFurQ+ZKF4CIRlSo3A7gAAf4sAZGcCjRNYaSQwwqjTKNkkk5zHKFYKdu44+UDp8rHjtk16f4C1nRfFutXdl4m8Pww4guLmZmV7KN1TO1c7eJNvKqQBuyvzfMtLY+EPhzd3l55ep3+lRw3EklukiGWPcXwqBty5RQen0AGcGvkMx4AniIqVKMZtu6s/e6W66rXXq029U2fP47I6uJUoSjG8EmrRUuitq91267dbWq3/hrw/d6LcyG9RdRhCSTR7mjMcnJCwrggoW2rglQNzZyevzH4itrpr6a2cLEUQn5cksoBVRnILMw6gnAJI4O0H66174YveQ250DxfaSy3EoAhuV+ykAH5VLDIIPqfxUgZPkXin4XeONPeRxpx1PfIqJcWbx3ILdG24fccDPAGTk7R2rHCcK43LIxiqTSXLKUkpSikl0u/V2vbtsdPDmX1cuqzdWV1zJxppNKO1rcyva26u9V5NHyZc2TqrxhM5kYlZD9zkkbRgkBsEj0xwDzWUks68OhKqzKqjb5b5AIJIJOQA2cgHvjFe1a34M1PTJ2h1PT7qzu3xIyXVvNHuU9SMoQBjuSQT78VhXHhuPy2EAiEkm1lU5yAQMsSTjJOccZIGeOh7qdGpTptSjJWsrtNdvLdLvdWS26fWvHKjVjzKUeZW2btor9Wtr2ve2+qscbp8sUkwbAG04MWd65GQCMj68/N93vzXv3wJ1K50L4peDdR0vUvsWoWGpx6hYXOMx291CcxyMMYBQjnOevzdMHxCbSls1WT5xIzFX2KRzn5jn6DgckkYB5r6K/Zk0Wx1T4reHNL1CMPBfahZWyzOpIt0ubiNZJDjcMKuQewycjB58jN6Kq4SvHSSlT5ZKXNZqVrX5Wm7676aaqyPieOcVCOQ5rVlS54LCV24tuzjyXUGk1fm5db3W2itZfcn7VPxo8X+MvAejeD/iD4lvtVu9T1y78Q2d3AjrpzIqYRTu2rM7BAGPO1cDlcgrqf7PWlWf7B/hz9plvEOo6z4ouPE974Ng0CHTPJ0yx0kgAve3OwgyNkBHY5HUHpj9Jv+Cs/hb4V+GfA/wAGfBvgfwh4attR8G+DYr7UvEWmpCgvGu7ON0N68ZY/aGkLYLHqcYzuI+Kfix+154A1L/gnl4D/AGXvCuoR23jKK8fXvFsEdnFFBAYDvilhuBlppZ8FWOQdoyB1NfoPAmV5dhcnr0K3sZezwE3TnCUmpVpqDThJu0pXbdpRa0fS1/z/AITrYhcFcLrKMHGiqudxWL+r8yhTp8/NWm1Fxg1e8eZxeq27/lXpGu+G7SyCXIEetyxzRGCA7mUY+VCCmSrEAnBUYOTkiuC8U6dLBdWrXe/fMjyJA0WEQPkAEEEAjd94+hIznFclod4z+J4L2aNJLcNne7EB9nyjIIAySp554x2AY+o6he6frlzbRmZpZjG4dMAypySqIQchQcZUYJBH+7Xylak8NjHKMZWnJ62eycWtW1zSbdm9FZO6P332McNKnKPM04xv7subSMeZyu/ek215JO60PNrSCWLdIYY8pJgBjghDwD02gdWB4IYEkfNkwOyS3CZiRpUkMbOSA5U853Y4AXglV5Azggk12Gr6Bf2UPI8u3uGUwmYBWljzjOeoHQYOTzwGO0jk7zSkkmgWAyCQR4lUAk8feOeck4xk4yM85zXoKUpQUo7OMVdySt8Ot9G22vK7S6bxiq6nSe6SjyJy03ad72/y2+/rdJ0a1aQXIEQRG+SHGSSw7Oc4YdRnrwRzXpFzqSah4cfTZkjt5bTf5coIV9iAjaoB5ZhhCB2z0wK8s0u2nCvFFM0W2Mgk5BkCgkugwctxgHj5h16VG7XjW7B3bbG7ELI2Hcf3ycglQM7QeSwJx82T8/XnOVX35X5ZR928XfWLSa3ttbXS/kfnOY4Criq69rVfLGUZpXjqlKFlKzv7qtbtfV7mFdajHBA6ys0k7MwiZWOUQN/EBgjaCCenHfbzVQ3qXMBVpSZgV/elyyxxE5yS3GAOmc4OMCqtzJZfvJLsZlDFVLsFUoN2SmP4sc4/iBC89Bzt1fwJbzzwyIIlxEIwPvIDklz7j0OO/Fe5hH7SzlHlaUbaat2jdPo16799D18PlUJRpOFNX0TfutO6Wsnrvu77tvokdbdXlgsCosqNLkCIq2WlOSGJHVWzkA9eG6c1n6Nr9yurwpdJvXzGSIsWKxYON3U9uCGHHUHFectLcPHLMhYhiDHk8ru+bGM/L7ZPAwOmKsWN1Jbo5ld1nEisqkb3yCuChJ3YyM5BzzyAAcd0IyTVryfRvTdxVle2z318kdUskoqlWVlKcoyUbq1tvdTdtL9Fbts2fWGk2lze3MRDsIbiZI9qMAZC5yGQHAwcqSDx95cALx+hf7OunyfDHxlo/iu4VrmfTxHcWlqIfM3kjcxRiColjwCpBHI/vCvzD+H/AIiiklRb1pmbdEsLICDG/AyVBAGeCx7j7vOFr748C+MvFFyi6Wm0AxRNYtPEI7h+ioIC4yxcHorNkkHB7fccG4vE4TMsNXwtKU69KrRlTlBc9pqStzrRK7s7O+qS3Z/Kni5lGY1cFicshKEMNiaVSliI83s5Tw8rKSTsraOzsr2TsfffhjQ9S/bJ/aHtPDcniHUtIjupGAbUZZJoNPtIebiQB2wHAVmVNq8kKGB4r+gC81rw1/wTp+BTW1mvhv4m6ZqWnJsXUxC+oT3DW/kyrMjeY626l/MCEBSq44JFfgV4a0rxN+z98Mbn4u+KdP1v4ceMb3E/hW8urZohr9pcIXE8crYIiwQQAMNzkV+d/wAYf27Pif8AEXUrnT/Eniy81SDZ9i8uaVmiWIEEmGPds38cleuBk9BX9NV+M8PkuCh/blOVXH5lJ169KyXtYPkdBSlOftKSpyipNRiuazW2q/lLCeHPE/Gmb4PA8M+yw/D/AA7HD4eFSnUbjCslFYtxiqThUnUhJwU6jvDmco6u5+qegfsqfG79qt/Hfxm8AWWj+FtCvNVvdRsLDT9Qj09b2C4laW7treKNlA+zplZAwXfgggggV92/B79hj9kv4e/Dnw34w+NXjnQ7vxtqV+kt2La5t/L0y/t5AWtbi2R2a4lEiFXZ1+Y5YcrX8znw7/bU+MXw9ig0bwf8QdY0bTXee2ext7uVLbyrrcsrNEjBcsGIOF3Z5wCCT7T8JfHviT4l/E3RPDGseLNTvLXVdXsyoeeeRIpbq4ja4udjN5a53PlzgD1znPs5Nx3kebV8HTo4edPF1a0E2vYOz5dVH2ntI8rdmrRjK6V3ZO/1HE3hbx9luExccRmWCwOU4XB1pU44f26q1aUIw9nKtODpyco04STjKrKDnK+miP3M+O0viTTLiHxF+zTcaoukaTLcTXFlZSToNYFjt8uW3tUTa8TKMbOgBycnbj8Cv2i9T1z42fFZNY8cWcmma3rjJYa1czwuyWbI3lO0kcsa7HT77Nnkkgtkmv6xviR8b/gz+zH8KPs62+gDXvC/gi2t9MvLyS3N1qeo3VkAJTASxmEjk7ywySCWH8Nfztalot/+0b4Z8efEqTUdJ0rWtI1C/wBWi020jgjNzHdSNJ5W5CCEWMExjGDkYIIr3ONa+FzmlDBKLg6a5qmGqyjKVSFHkj7VxSvTvqkrJNOTUb2Z8l4N0cx4SrYjG4rDRqQVaWFp5tRhWhKjKvOT9nOo3y1nFxvN2kkkoyl71j8mfi/8I9G8Eaq+naJq48RKPJxPGmLVmYBpFDhSqyLnBQMfqOK+dY7eSKVorGDE8jyRyqSdoxkZxzgZA7AjGMgcD9QPDXiXw5p/hbxV4b8YeGLPVJZEvo9E1C5twbiC/cEPJ5hDMCpAKYJ4J6cA/Ds/w61m01dpYbNpXn3XNsyZMZR33KzkjBwOxIXIxxzX8ycYZBhqU6VbA02oVbqdOMX+7qRtpdpOXNurbpaq5/fHA3G854ath84xDVTDOMqdepOChiKckpRnB2aioqycL3i93d6cboegvqC6hDeKB5dhLLLKUH+jmMEqCOo3nv0/vDBIrlLPSVmnFtbuZJldlVnwY9hJA67scDOCRj3r6cTw3daV4X1K4+ws9/qMDRPK0R2EoCJdpAPyDgnHQ4xkV5Va6Vaq0MAaOCU+X9oYDcEAb52OfugjnHPccEbT8Dispr4Sgq1enKCkrqVpK60tazSvZXd9XsrbH3+E4xy/MKVZYeopOlJQ9x3TkoJNpJ2SbV3pe90rpJLAt/hcl7Z3GoT3hlky4SCEZl3qMjCjgrnGMknC5+8Aarab4Om0uBbl5mYvdKjRBisqosmWV+hDDG4lcjp3r1m+1Cz8O20csLqxhOIvKfekwYA75ME7SCcnIJxyfWuBu9Sl1GG4mjJRyGuo5CwERbOTGnI4HHOB/eyMHHwuMrVJqorKMHFpPaTcnFXSvulfS2iXmjlo5vmeMjVpJOOHkpwpyd1rNxV7aXts9rrrd2PsP9oP9sXxb41+Cnw0+DeqJpUHhz4c6W1np62NrFHcXkkoC5uLiJA7SLn5y/ytyeCec39kPx7a2OqxSzXMkbO8O6DdxIolAdSQRhABkghlPXI7/mz4s1jUZLllnYtDyka4yA5JBZFGckEHkEdD2zXpPws8b3Hhd7WZJhHOGHnAjDMgIUKBjOT15K4wc45B6OFKFPIMdhsbQgounX9u2otvmnJOUk11k1ts/uPF4z8NaOb8D4/ARTnVxvtJzai7uU0m+ayu1e2ru1pbTb+wT4PePvDvjiW0traeFLWyjhknR2wjFAodUAIBzgg4Jzn1zX2dd+EfBvivQbqK2S3hVrfy3iVV/eMB8yjdzgqeSvIBJzkHP8w/7O/7Q9zo7iWa5MEcnAXzTHtXGQAc7izcAg4O37rEYA/Ub4cftc2+pL9nS+jjmITy0eQcsu1WCNuOflBJbGf7x7H/AER4C8VsjzTKcLhMbi6VKvGMaclNpRbfJHRa2aT0Ssle71bP8W/Fv6P/ABdw9n2Kr5ZRxjw9KTr81PnjyW97mi6cXZ6dO6Wt018lf8FLfg7ofhXT4brR7Q2v2u3eUpGNsbSxqWEhAHBJXkkhcsBX891rr+taFqbvMTt3sHUsQ6qG6ZB3dMqPYZ3cc/0o/wDBQLxvZeNPh7a61ZSJcwWttNFeFGWQJOYjkBh/EpDHt0bA9f5t72IXurTXFwhktGEhjcrkkqDgfXjJBzjqOAAP578a6WBw/FXtsunCdKvSp1W6bi4OU7Sey0V3bS3VbWR/qH9CrFZliPDSGCzuU6+JwledFzrRcqjUVHl5nJX5Va17q1tNND0bUPHVxPa+Hk3SvmG6kmikO3yUl3DzApxkhSrKSTk4PULXzL4y1i3dtTdJd9wsoS3YgZIPysSMnDHnLY/ujuCfZrTTG1GU3SvJcRW2lTo6quJIyQQMAdAeAOp5yckjb8s6/DLBf3UAQBo52c7ySxUsc7sjggducHqc5FfjFSp7eUZS5k3p2bUYxSSvZp31vom9W2kf3LkGAo060qcFG0VzW6JNxdkrrq27rdrvoZS20k9uJXJWQFto2g78ZJI6Zx79uetZuxsrGoZSSd2eoyASwHXbhevUHB7qa6KCOd7NScDaWMSA4I+X5mBAHGTkAc449M4m1yykFhIMncDux82GwSc/Nk5wSN341rGmo8smuaSe90+l3be33aLrsj7mirOzto9E7X0jG+l9F072evvPmKdxC0chJ5HADbSQcqQAOnYdTz37YCJFtQNkecrZ2Bc9e2cgAjjOMgr+AN2WN5ZeN8hGAF2lizEBQFAz0wRnBB4YfdFd3ofw28SawkUhtV0+0mw/26+/cxhSfm2hxuJwScAc4+7gVTmo32d7Oze2iukvS2ne3qdDX3XutOui1fzvrf03TwtDu5I7ee2uFURSFmfAUSJnn5e4LcEYwwyfStvSPCmuavcLHpdnPJCxGJJY3ijUkgFncjBAJ5PORwT3r27wt4B8K6HMFnWfxRqcaFpArGOwjP3ikhwd5U4xhODgA4Jr7L+F/wCz38SvjBZW48O+G7u10WKYJPceQ2laVbws3LveuqySnbkjAO4gkHjNeZUl71opcztp2el77/PRNW7nTh8H7Zq6b/maTb6O2muy6qy6s+M/Bvw5utJ1jT4Wmub7Wp5FFvY6PC944Mm0gARBzu4IJKnaBuBPBH3B4E/Zh8eeOdTEviKPUdLgQhoLMRTXmqyJF83kxRDKQCQEjMm0rkgEdv0M8Bfsu+Dvg+mk3+ta1o/h6e1iWZ57WVNV8R6ncnDSJavN+8tIW+YLKqMSSWII69b8Q/j5N8PdC1NvANpDpkQgMT6jPFHc67qSXACGWa6Zdy7mJ+bAK4wAM5HJ7SnGoryTnC99tdFayTXuuyu7dtXc9SvQ9nhHS96nSsm0r3bVtE7rRrRWVratOx8UH9mW98OynV/GOu6d8M/CVtJ5KYlW58SX0I2hpBbnLq8qjCgZwWPIOK+zP2PP2ePFPxl8a+L9D/ZM+H2gatqPhvShq+s/Ff4nLHeLo9tChd7y1s5lZLe6uME2salmLY4B6fmd8Uvid4p8SwibW7iW5u9SVniknnZzZwMdwSGNjhWYtkkDI9+TX6y/8Env2mNA/Zn8PfHLxV4w1HU9Ke48HW8/h3TVjLQ+J9VghmEMMyMVWRfMI2JuIOOQ2cH2MBWqYuvThTcafK7yTly3suaTTSck9W11VtL3ufk3HNeeVZDja9LD1MTVly06MIwUrzrvkglB6ySbTakrNXufIv7QHxV8f+CPFWtaf428ca5qPibRNfn8PXF08jppMMlrLGR/YmnqVt47eSWPbuKZWLHQ9P150j/goHof7UPhP4M+APih8MLHStc8HeGtMtr3xjpdtBea/wCL5rCIwaXpVqqBTCJgELsgIQOx3AnJ/ni+PfxW0b4xfFO81vxtNJplx4h1CfWJLKJUWMXV3fFo0CxZyWj2rwcjjoVr9H/hH8V/hT+z38VvCXxNvtBtLvwn4R0LSdK1Cw1dxHcwX9zbLtvLS3lyRKjP5isVJww2gHArsxeX4TNsxUK+JeGw1Kacqrd7qKjdc0tm7Oza1XTQ8bLa3EGU8HU508BDE5pUwkUsLTUVyVpwTd6cbKC5nfSzVvib1Pvv4k+AfHHin4faPafETx7J4D8Fal4qey+G/wAKfBdskTQ3F7JsS+1vyuDqbKckPkmbeDya/Nf46/BnXPBPx10fwojRW9v4d8MXcjz3zRSX1wl1Azql043EXcrsWKEhlJ2AllAHZ/tIf8FD4/iN4a0jRfh5plj4T07QvG0viGw1yZFn1m9mlnMsLRZ+YQRA5jUYHscZrof2c9L8Q/tGa/qnjLW7K913xhJq1gU1DXbh4NNks4dhnurlpiAYhGMso+Uj5fp4XiDmmDwWClQyehenh4t/WGl+8ajHm080rt7vVs+m8E+E+IK2LjieJsQ4VMQ3bA2j+6jOSlHVJ3as0otSl3lqaX7BP7ANx+0b4H+Kusa1omr6XqFldzaX4F1LT4XkjbVnupZJJ76HAIgKsMkhQAdw6V+lX7Mf/BE74k6xrTav8ffFdt4T8E6fdosGm6DNv1fxBFasSElTIFolwFIaRckBgBkAEfuD+wf4C07wR8HpbXwx4csNBiv7mWfWvEiwoY7658sJM9iMbWjVlZY2U4/iJ6Cs39oX9rX4b/s/6XdG81f+1/EMaSJp+lLMktzNLlgH2ZIjRn2ksw3KMcBhiv8APvjnxi40hisbkuQyrqWOrSpRahepRhG0H7G8U4xk4uTfL7vd7r+0so4Ay3H42FKnhlUnglCUq6bjGTk026qtaLjokkk3rdPd+peD/Bvwg/Zl8CR6D4O8MaP8P/CWk26ve6pKttDd6hJDGBJd3k74nuZ5tpYuST82NvOK+FPjJ+2r4q+IE994C/Zo8Lah4k1y6Z7E+IorCa4dpZAYg1kFXy12nkPI6bch1IHNeNfCXQ/2kv8Agoh41/tPX3vfBnwVsbomW/uGkgsXiR932e2gJQX87xAAyN8q5ycAnH7f/Db4dfA79nHwzBoPgfR9On1KGCOK71UwRTale3AULJNNdHew3PuIUOAoOBnbX4d/YlHD4yWacTYyOPxdRqtOGJn7SMZtp8skmvaSTdnCErKz5nd2P0yricp4bVDBYXCTznOko8mFw6ksPhdlF4iq/dha7ai7NraKW38Zn7dv7Mv7WfgmLw18QPjPZ36WPiW4mhea4mnvnhnfMwttQ2FktItmGEbNs689K/Q3/gk9+wf8FvE3gC0+OfxJlsvHfiF9Tlj0zwzcrHNpOiNavtQSQEssz7sPHvGAoHUjbX7o/HSbwp8U/CmtaD400nTNX0S5tJ42stRtop/L8yNlDxlwxilCsNjqQd2Pm9fzy+E1n4S+AOjXXhL4aRy6bocl9Pey2ZfzWSWSRm+QlhgEH5RzjAz1FfoX+v8Ajs34deQ5RQr4V02qft8PFUKc6Hur2a5GuRq2yb5tm9WfSYHKa+bYKePzCFLA5i7R5YWlCMU1fkclo7aN62adrOx+sdqdA0TT4bKztrLTrO2jSK1s7aGOC3t41ARI444VRQFUBV+9ggdxmuK8VeL9I0yynnlvI4mCllLyKmBg5C8n5RjJHIIBzu4A/OfxX+1m2jPJFcyyEQgspmwilF4LPnIAU9zycdAK+SPih+1Zc+KIZIbO6eMuCiGGXcgbGG5BAJ+UjAY8jkZOK8XJ/CriPP8AFU5TpTVOrJ3qSi5Sabi3K+292na+ne54NZZJktXnx2YRqTg7ygpXbkrLV/C7pK6009D7B+Nn7QukWdrdRQ38ZkjV4wwlAbJJyQQeGwMsuRkk4z0P47/Gf4tX+uPc/Y7t5lcylZQ5djyW4XJxkgEnPQEHgiuT8YeNb/Vmlaa6MweRyVZ3bex3bSMnOSOgOeSAQQK8N1e7MzYj8xGhBL9xuY4wfvZOTjHJ68AZr+yvDHwewfDVPD1atP2te0W5Tik1L3XfVW3/AA6WPzDjPxCnmVOWBwMY0sLFcq5X7zirK1k+tum13fqjzjWtbedrlrpGkYsch0wzMTztJzhs4BJ4PJA5OOZE+izoqXKSQCQBdw+4pyw+bkA45wfvcEkHvq6vNdrODPbRzW2cuVwD84yGbAzyOcfMcg8nJ28vPFb3Za3EcqIx3KWXKICeqjlmA+pGeQK/qfA4SNGlCml8KSslsrL4rX0lrqr3d1qfgWYudZuSfvSd7at6tWvf4m3pdXWx0y6Jo3lRzfaFuoQqshAAYNgbQAc4UdMdiMDpzK9lAqCS1kIKqdiFyAQMEIAcAHuTgYI79BgWVtIm5EbeEK45KqqDgD5hkFwB7Yxn2ugXbySQwq21sjIy6oGxt246dOgwRwMjBr26VGEoqSt3Svva2j0bv92+19uehKVNqHwtpNX1drJpX772bs/J6XuxbZmEd1G9uFG15CNykNnLHgHrnuec8nbzPLb2cMLJDdqfLBCoTw4HRskY9QOR074NMitNRjhEe7eWADrLjKkdV5BJz14I5456nKlkBkmWZQrICuUUlY/coM4JJ6gc4zjis/ZS57xT5dGtN72Wut+/bzsddSV7Pro3pa97bJf07Wu9CvJbSvKC0QIfCq8YXCA5+dgDkYIyerdeABXSaFYESeWsjKwx5hZc+ZFzngcjIweRnHIx2x7KGeEnZdqzuAUidMg5+7tU8bs8dPwI6dbp11LbsklxZurswUzxgqA3QlkGR3GRgHABySK64xcYKLSve7to0/dSW9le97O2+1top+7K+yunro7pRVnZWs+2j18zqrKNYXWAFlJb/WFcoEYZBzk4weccHBxWV4l0i2uUVxdbXDZVyCQ4IHUjONvPXGQvGMVopdiSQmK6VmVw8kUigZA5wGIICsMcD14FVtVntLyCSGNvJmXJHzFoxkYyuASvfLE854xUQjeSbklGLacm01tHS3M07q6WnnsjLFVYSg43V9LXe17Wta6fTe7X3nlTaM8cskrRmfBJV4hgqRkjjPIIAOSOMgg5zVqG3twYpZLeZcsSVGSBjAyTjByRuK5O0HpWi6zR7lWcb4xg7T94HJUFQvBJJBAyR3PNMR7p4AroREcjaxBfJXGQMDB5IGDkZ+UqCa7YKyd5LRvXW7Saadm/K21no7d/Gp0lKo3CV7O9o2b05fw3WjWrfaxvacYmcOX3xuNqEAMyEEjODgbgOpyeQWIBOak1i2guIGKMWlQsu4YA4Vhtcbf4s5OOjDJBxxS0yFkaPD7Vlyu3JUiMHBbB43DB+YtjABJA21xnjf4o6J4Z+0aVpcq6rq53M0MG2VLZ1By0rfMowTk+nJJAzTnKEFeTSfdW5mmr2Wr1uopNKyvptY7J140afNKUYe95X20Vlrf4df8AKwk0lvofk3uoOgUsd0O4OzDOSoHBUMCMbcgZPIOKW++J1kkMS2waC3VRusouXm56SEAEKxIPUc4GFA582+Da6d8apvEqa74lj0TWNGeS7igncLZzW8ZI8uIMQpLbSrDAIAJOcisDWjDaXl1b2gS4dbmW3jmi2mFlQsokT7y5bJPHHXk4xX5xxXChm/LhqkpRo0/elSjJrm21ltptprqtGdmXZvWwkfbUIrmntJ3k4/D7y2/mXXRJLS594/sx/FFL7xa+lXVsEW5niW3t4iADghgzEdSAclBx1yBk4/aTwTp82s6fNd+Wj21uWTLHCvKwICN8vLBeQeOR0xg1/Mt8MvGFx8PNfXWZN7lGi2yBliMRLZOwnjOPlI7555wD+9P7Nv7XvwX1vwhqGleINfttF1HRbM6nJHfSKLjUJFiLlI4+NxLcDHqMDGSf8uPpYeAea53mGBzvhfK6+LTrwWLhhoTnNNNckrJXs22m7NtJdT+lvDHxDwssvq4PM8XSo1YKXs/ayUOZPazejaXM91pqluj8rf2zI0sPj94kEZQtBYxhwmdqFlBKDB+ZskHGc5IyvUV4z4F0eeSxXULqIxxGZ3SWZSrOynGxBgcZznbnJB6jOO71uTxP+0z+0J4x8RaJpk83h3+3plllWNvJg0q2nMUM0zZAAliQFVyQ2c4HIrvvila6L8O5E0iKdZr2KAJZWMIBVJHUBpmVSdqjLE5B29+hr+0/B3JMZw5wPw5lOMg6eMwuU4OjVpSdpQl7KmpqSezjLRrX3loro/B+N60M5z/G4qjaWHniKsoStaM4ua5ZXelpKOisnd/f8uanDDd+MJZLpl+x27RyXMrD5EVXAeJSQBgoCOpPQcZzX3t/wkkviv4SWWm6DcarpfhmxaPT4bG2mkhsp4dga5fahUM8xQ7iSRt6AnBH57W2jeJvHOvyWGh2FxPbrIxu5VjYRO0hw0ksgGCqMRggk468AV97eAdH1PwB4MTwtq08NxbtBN5U0oxHFeXaZWNM5yEDbS3qSCAQM/f57DC4n6jSruFerRrRqworlnaSsnLlvZW6XTfVI6+FKFXDyrONGcITpumqvw6vkXKnba6s1d6a67nqHwP+GWm6t9l1OKxEOm2jOLSOZCyhyf3kg3dGY5Jwcrgkgkcfbuq+LvAPwh8FXereJLuxsNJsbZ3aWSRFmuJtvNtbITveVjhVKg7TtG0Dmvje8+MHhr4KfC6wn1C7jS5jheS2soSpvNSutzEQRxjEixliFZ9uAO/Br8xPiZ8XfF/xk1Ztc8U30sGmRzOdG8LQyuLG1iUkpNLGCFecgAsWHLY6ivHw/CeZcUY7mrSnhsspTS5nFxU4JxbjTWzbW8tle++36fhsRDB4eFOjFSxE0m3o4wuopu7aS87376ptncftC/tHeKPjl4lm0+EXGi/Dqxmb+xvDtvIY21FA7bLzVApUSM4+dUfhSRnOcjxG0nbT9uHiWNIWbeAEWGPHK7QTlwCAATknnB3cYfmoR5zgrcbwDschY4QDlt3AQKBljgdc9K/SH9hH9kTTvjHe33xy+L5l0D9nD4fXAu729ut1tN4+1u1/fRaFpnmgG4szOqpcSRllBPAYZNfvXC3CUeXD5ZlmF5YQcXNqKTesU5VWvicrJ7rV7u6Z+XeJHifw54V8PY/iHiHHQ9u4S+q4fmXt8XiJK9KhQp7ylOVkrJqKfN5nr/7DP7L/AIf0/QX/AGvf2mIk0b4X+E2k1H4eeE9ZAhk8XapajzINXnt5grSWCyANAmzZKSD8uMV8l/tg/tXeKf2mPH1/qBM8Phe0uHsfC2jwBjaWenRt5UcxiUhBKyKvlnGVAHXNel/tz/tbap8a/Ev/AAgHhAL4f+HXhiCPStK8PaYRDpdjpVkRFb26xRbIpJ3jVWk4yrlepJz8Had4suvC7wxW2nW13FG4mZLmFSzA8hi5z0wenOcDgcj9WzLF0MpwcMiyyMXKMVHG1ov+JV91uPOr3UWrNv3b3ir9f4s8POHM88SOMMR4y+JE6ixOLXs+EclqqToZJlTd6VWNGeixNeLUpTtza3bu1aPTdLvrO9Ekdrexr5e5pDA43gdSDtBOcAHJ7dKl1V7+crI9tdeWisgAhdQCMDlsHHU5OCeTgfeNdTc/Hu/d1LeHbNxGFBiidFGOmG2p938TwPoahvvjHql/A8dr4VtotwwrqBIvygElk2qc+5znBycV8hQrYiNWadGKSdn73xRvF819kr20unq7Wsf086WDirQxK0j1ha791pem+613vbQ87W0LTCORJAud4VgVO7AHzKQCRnG7JB3YA7bdObw2YVaUuvmldyAYxhsZTOTnaucnJ4OSQSBXLX3iXVdU1NbyW3jgbH+pSPAQZ2v91sHGOMjGNo+Zea049Z1CWJwZ98SNz8rcA5AXnAAwOVxkHvyK9uK5ouyXNK10ru17Xte6stG0tNm00zzqlWlRmuaTtd200tdarRWVtd1011Zka5oCX8FxCse75QoIKs5cDOEBIJHPYdenSvJtJa48Oai9vd58t2IUO/VclVwMkAgAZ788ZBr2mO6kUlCVZiGcMrYKggkAdD3A6lh9OK4bxjojXVt9riQGYBHJXh2wxP3Rk5GST/CfYGo9m4e9aSUdtGrJtK1lutVdaxdtPMrVoV6XNSl70VZPbtfrqm7K+23VJODW9PW9tmkgVXDqHyF+fJwwYd8jPGOwHUjFUtEkkQkTRq4tisYk6sQOoz2PTPJPbcBwbfhW/fUrSTT7ggXUZxGW+VgiKxP15XGM+3WmRW8treSRzFkhZskMv3sn5WHBypJBPQDG3AHJ6MO3GaV3720kvKKd/iejt5+dkePiFKcLqyaVmldp7PW99Vo93pqnrY9BsbvbHtbdhvnwxwAGPA2/e2liAR90g5xya6WBkkGWw4kUHzB95CoDdOu3GC3rg4yOTxFmyELGwLKBgyM2VA4KIerDnkAcc5PrWwt20flEsNqkq0cbYDfh2xjjOMjJye/rezulo7799Fyu19FrqrX9LGODrOlKzltJctmnZWXxPTfrq/8ALtrS2g3RSM53DdlNvO0k7WPzevQluCpPy8GrEs4VQglcEMzLL/c7EEDvwqnkBhwQOa5aDW2QwqrR55DDI37cncCG5PIwCMqc4XHBD/7ShnLrDIUO4AoylizE5J7MMEEHJHvjk15GMwrs2la7u0r7NRSvs7LRWWm/e5+h5VmkIwS5lql10a5Y72eva3XXuzto9XezjXbIJoyoMqsMZHYk5J54J6gc/SsbV3/tGKdyEBKfu37LlQ/3cdUA68598ZrGe/VYXChi6t5bFgGXBIwxHJx0wBwB0HAr13xx8PLXwh4D8N+L5NViu31/a0tnE6gWoaPcoPzDBCksRj5SCOe/wGd46nl9ahQrxlL6xJwg0nJNq11KW6uru3dqx9xlvtMZRqVYr3KUIufNKyS91O1/N22slvur/PlkJLa4kkkkYOHOwtkKUUH5lPPIIyT1HvkE+7WOrQ63okTbmN3bRrG6g7ty4yG6eijAxztyM5Jr5wbW7e6vVtzMPLVn8oo4bIDDGTjnggYznAwFHU934H102t5JCSrQyOqkSYCBQTh8+n8OT8vAB6GvJr4SlWhDEQjH2kbLm3dny6WW2/VuzW256ODx8qU3ShNKlKykm3ycy5XdK6W/nbS+x6O4RQMFipOHZuAr4AyQOignBAOM5wCembcW0PlqXlHQuGXA5OMKDkgZAAwCMjGQMit6/jt5UcxuqnBZ8EGJgwyDjkH7w6Y9+MCsmS2Z0RicpGqkhiQjqThiM5zjOD+fYGsXRSSvd2Su7S8tGrPS97K9r627em6rUZSbVm20lstFbfR7aRd730Zz00EbibZwZeoI3EgfLkd+gB3YJPX0AxZY2ix5YkYKR5qtkjHTBJGQOc5PvgBjXVT27oruhCKNzBgR7E8nnZ1JyQRnA6kVkKwjYvJE21tvIPLMQRnH90dgSSfXPFKFGbsopJ6b3SS03TvdJNd7fgVSqylZXslZbd5JPydo3a3stbLpzl7EJVD4A+Vm2bQfUlWIHcdx93+L0PIahp7b1MSY6uxUZC8NgHg5A4yOD/CQBkV6FMNpIUrv+Zl2AYXfn7xyM55GMHBAAPzVhXEMmw5+XAIbaSGJJAwwwcHOeDwDjrg59OldRSV+Zcsb2suib6X/AOBqvsiqWk3zrltZ73tot2n710rJ2vqluzy+70yRmkcRqpTkP3dmwM7ccDtkZAAID17B8BvjNrfwQ8Ri9ie6k0bUJ4E1XTlkcRvFvUtNCobAkjySOOQCBlenJz2hdQEjywIDAHBx6k4Gc9/ypL3wnqf/AAjk/ihbcy6Xa3qWUsmd379zjCgDrwOMg5JPbFfTZDxDjuHsbQxmDrzoVoNR91rlqQlbnhOOjlFx3Wq1VtkzuymnUWLpVsPByq4eUau104wkptyvs1bfRrRK12fW/wC3tr3gD4meGvBXxK8KXbpdatZRWd8jBELSKgWVpEByJVwdxZQMbWySQa9w/wCCFULN+2n4PiaMNBaeG9eMUxOVbFswUkjA656554x0r8mL+7vrzT/7NuZ2lsY3kaC3mfKwvjIEasdq59V+90xyMfsN/wAEKLS7X9sjQyY1jjj8J+IZI1zu3otqwJ5GTggD6ZPpn7eObSz/ADGvjZwdOdSlOUuXbnhCPqrN6qy1WjR+kZvn1TPsZTr1I8lWOAWHnKN2pOjTjG7d0mn1d9t1dM+Wf+CxZMf7WPxnIDOTqDY+UEDC7htPG4fN3z6c4Gf5/dfu4zsjvRGjOfkJXG0biDuyMYYDk9CNxAAIA/oA/wCCvEhvv2qfjUuXONW8tZEX5VITDLu65B4ABUHHH3q/n98fW8UKLyzTRytGJFByEIGMrjjBJJPJGcnHJryvFyE1iMuinpHL8No3bV04XaW9/N3fqeL9I3ljnGUw3UchypzW3vLC0k1Fr8dLXvsjg9W8LwalazXGnhnl3sAgGIiwyQwycqCRn5QOTg8Hjxy+0q707ZDPaSxEyMjF87QT1KnBGMZ2nOOcHqceiJrl9aZWOaSIRkjPOXAPAbJB7AZIbA5AXOKtxeIIL5Ui1C2FySxPnPtZdrDDHJA6fQ8nJ5xX4tH28Ix57NbJ8t7L3b3s3rZuOq362uj+Va8KNVWilCS2k0mrpptPVvVX37K+9jyeMSW8pi27QzAqu3jOcZXack5JycfXmuq020tWSWW5J2gEIjY2vJjrg9wQQvUZHXnjvU8NeHNQSRrC4Vb0PuiLOduWAAXbjpuIHXHHUYIp9n8OdbltwkkbSMZy0bw4YIm75mYLgYyR2x3Azhq58VOHLFu6adtdOkbNNdunfXuxUsNNxiklJXte75dtXvpp0vbVs5eVYrTTXZwBJNvEIXCtjYfvjp/IZz6CuEuS7BQ6jco3Lk8LxnA5znAHJ79etex694P8RW8ak2LvBbr5fmBcmNQuQ746g9jwcAg8VwMujXDxiaWJogSI42MbFCTkZBI2njjPQD17ZYapC6fPyt2bu7N6pb26K2ln00djlr4etGfwtW205Y6yjdJq19LPt02sjj8tI/3QpPViBztGSeenU8kk5+mK0ICX+RFCKpzuUAlsKByejE88cccjPQy3VqltthXJmVvnIB2kEZxjHIPHBHfuDg2NOtZHjGFBYuCIgcjP+0vOVAyevyk89c16kasIvlUleyTastmrX6O/X0a0eyjBprnTa0u1d2bcdLaJOXlZdk7I3rdo7ayeSXKSylVRSBu2sDgjqDkAHGemPetnw14jutC1Czv7W4lgksp4rwSwvtdnicMYzgnkDIGCQSScnAxg6jbyFFklChIYwm1TtHI+9joGAIHHB6YIFc4ZURMBsZYkHGAoPIAH3ScYJwT3DYwa97Jc5x2TYyhj8uxNTCYrDVI1aFejUlTqU5wlGSlFwkmrNLbfbTp0Rq06U6dSK5Z05RlG6fMrOLWuul7prS762dz7F+MHxvsPiNp+ktp/nWoitYYtSimI2PeJGVeWMFhw3JJHGRgk55+S571BKXyQm0gc5G4E9QSAADgjjJ7cMayFumIKs4CsWAKk8gjOD3xk47ZYZyMCqUrEHa2WwThuepXO0+vPI6kkDv09Di3iXNuMc2qZzneJnjcbXhTjUrVG3zqnGMFdSbasl53tffQ789z+vnlaOIxDi6vsqVP3Y2hanGMI6a8qsk9Lu976M6K11Fwj2qSsI5GLlnIJXBxx6EkgnC4X5hxitDT9UMMheQANgL5hOCpBGCOTnkZyRx1AzwOHEm1QFJ+9ngkEE/qT8oGeOi9OrOE7kFWcjBJLZzkYxwOmc+vGOnoPjquFhPay0+Gys27NN3317Xt36nzl5Xv6Wtqt979F06u2ttD2NPFP2uEwFiCSVaRnYllXGFHO0cA9BjJBPNO0DX7vTr1ZLdmjaI745I5WVkdXDJhsgkMwwB06gYyAfI7e5cAxoSW4YMCBhj7ehB9RjjAHJr65/Zx+Clt8W9UL6jr9tpFjYXEUtwksgM8yI25wASCEIGCzbQvB5zk+fHLYykowS55NXV+VJtJ9bJtNt7u+uh62VQxeKxUKNCVpaddVGPK3HXTVKytv63P1r+Dep3+t/DXwrq15G8d9c2Me55CWMwAC55ILZA6k4z64IPuel+JbrR2EQj8yORcvE7HhhnaV5wCQBxjvnH3jXK6Npel6doNjpOhSW1xY6PBDZ201nMkiny1CMWCZwWYAk4znGTmmSW1ysoiuA3mk7kdyB8vBwMkcH1JAOWIx3/TqWVRq5dRvLnlCEEne/vWiviV0no/Xy2PrZ4ieFqxjKblblTSsk2lG632b1tqrv0v3es+GdC8axC+sClhq/BSSE+XKJFy2SFK72z1P3j0bAGRzlv4p8TeBnGkeLrN9Z0hyFinZDIwRsAMZCMnYOcDp171cs7gWrwurmKZQNphbowGCSAVwCBknPbAUgsG6ZtXttQR7LVVS7VwDGXTcTnAwcZbbxycEg85rxsdhMVh5wUqftqceWyafNDVdb9lf7r6M9WjiMPiKaalGlUdmr2Sk/d0ae2mj36ta6PAml8Pav/pOg6hGtw/ItpiFkQMM4j+boM7evGGz/sxh5wELytbyoCmcn5wOAc9cE4II4PrnBrifF3gX7GW1fwvdkSLIX+yrIQ6NyWVMHcoBGApwTwe+BB4b8d/aYRo/iK3aO8yY0uyhQfKcAMxAJbON5+h9zwVqMa7XLOySvKnKylfTe++y2/C43UdOUYStuuWUdYy+F3lbTy3W6fc7k+Ibw3H2K6ZQQxRHzxsIzg7Qc9Qepz04yakaTc/DEKVKyYGAMsAcNk8t1xxg4PXFc3f2V7ZZmiCz20g8xJVIcpv55bgKAGIHqeTnqXwXkkRCuxMhRSxJ2rwPl6qMMM5xzlhwTjFcMqcYxVt9L6uyvZJNJpPR6q337GyqtfEr9Vfo3ay00e6u1rd63R2lnd27wmyklO8yfuWYsAuOQp7ggDGOdw+uK37F545RFOVXnCHAUGPH3kcdAeMjBFeWSzzl1li4ZSWddpGCxG5gARj6jjb8tb1prs0sJglkyMgLKwztC5yud3Vuccnn8z4+Nw0uRyi2oppPlVmmnFtp66P77q+2/p4bErlipu1uuie8dN7909VttfQ9ntboCNGcCKSI4DkFi+7gnPQEjIxwT1yQRiS/mtLgNA5yWQbhkFQcj7j5G07evGTzwFNeZW2p3U8W3zWPklRsYjDAHHGSOCM8EE84B6mr0d1cOz4IbdgIp+Vg2CMcHhuOMnoW6ggV486SatJPRptybv7qV0rJ9XZpavrvZeg6ynTXKk9LpvTtzaXV3rZvXVrS929OYiznV0bMXzFSckKMDAbOSRjrx97PPBqzb6i7higVflzsz/rM9duOOh3Akg4A9ea0kTTW485zuVQskQ+XKHaOcYBI6dP7wwASKyAkaTOUlwiNkDoSCF+Xgg4A3DbgZxjovPm4nCRqxl7jSS1W+rS3TTafzV79wp1HB7KOze61a1sm2r6NXvb7lb1/wl44OhXItrh5TZzsobD58pt2GIB4OM9OSTkDJGT9X+GNfhnWExStLBMqsGUgEA4wcgn5cD7p2kHgj0+AAfNdCr8rggMCTIrHopx9SMDHYcYFes+AfF17pF3FYXNwGsZXUI8jbvJYYwue43HBHYdMgc/k3FvCkMRTniaNPllFNyVk+ZaXbSu792tj6zIs8nh6kaNWV6cmmpyd+XZavtstei6pn33bLdW7x3cKh4WYMcfOEUbe5IxndwOq9Bngn1XSUuNRtozCNxK7tikkhz/ATtJUEjj5eDlcjOa8A8MeIhOkfmgtAI13Jv4ZQowUA7Nkk4xzkAAcH17wz4iTTbxPIaN4JypkjyC0YYN8uDk9uwwMZ4r+ceIMrq0o1ZRp2dPm0tq9vRvqtdreZ+wZTjadV026l02tpdPd2VlsrLe62b0VvRbbT5pPLglhKncANwJYkkgocnPvjpnrkEVW1zwDqMUJvNKWSUSfvJ4dhO0ZPBAPcFgSPl6cjGR6haRWupWKX1ptmdE3742DSZHGwhc4PXk8jBHoT2OiXENxamDEiTjEcxcEgR4IORjBGMdR2r8WzbEzo8zcW3F+9GUVtdXs2uq9bLfZI/R8FRVSKak7uN10b2tfdNLe/a2jvY+Q2+120qQyLIHB8vGGDRlRyHAHyjlfmK4+mK7DRtUvNNkikZ5HUnayscIy99o6EjoRyQAp7jHtPibwJb3YN5ZFPtY3lkXAEoIGBtyQGxx0znIznFcFFoaCN4r6DyJ4cogcZLNk9RgDg7cY7g8jFfL5lPB46ml7NOo4r3WrSTSjpo7N2u7rdW0sepQnWoecU73+cbW0dr9NNFu2mWZtMTW7ZL+03rIwLSQoCSp2/Mw6hcYxux29Aa0tPj8m2W2lwsgjIhO4iQP23HqWBIOOeoHXitzwTqVnZTfY54DiRhGzHAJJOPMQHA65BAzx1ANdvrnha1IW+tF3KzCVo41/eI2c9eRg85H3c+oya/Js1qrDV3QqRtFbNrRp2TT0tpfRWa2+f0+GarRi0mrqOrvG2qvdtPps+/TRX8tMl9CCTJMjBgGUEqQoHBJPIJwFG35gOBxzXT6P4rv7QoGmkljdhy7nORtzjHKkN9OACCOcaz6A2pWkjAEOqhgrjLY5XYcYyGIHUgjuBg1yb6fcaZdKjwuI1kXmVSCGyBx3GeduTgjvjNfN1FhMRa8Ye7a8rKWt4tKyel3bv1ttr1VIygklO6uk4ys9nG+6cba/Jrqz1+DxTqX2YSWsz7WGWVWbeo44yCMEE4IA4wQc5Nct418Z+Ol0XUIdBvUhv2tHFtNM5ZWfbzGRkYBPyk8fNnnByVtLZ5Io5rdztBUSRbvmBBBI2sScHI7cnGfWrV9o63UJlOVcqxMZDccAbW55zk5z0AxyeKVCrgqLaqU4TjG1oSUVDRx06XbXS93tru06NOpFVOWPOrWbjGylpZrr5r52vY+LfGP/AAUC8N/s+eBZYPih8OtWm8QRNc291rGl2pubW+adZFJM6xHytwPz/NjqcHkj+VP4xfFb/hYni74j+KPCmnzrZeItV1C7trdnYSWMV3M7rCqDBYuGAb5eCOg5B/rz+I/ws0bxnpF/pWraJZ6nZ3OfOtb61jnikAB3FC2WDYBYEHOBxnGT+Svxr/4JneGNZtdQ1j4SXcvhTxMnmXUehyA/2ZfSplvIT+FcsSAOzE/Uf1J4E8YeHXDuIrPH4epgMxzCpCLxDqe2wLipxlBeycVKk4yu3K80luklr+OeJuQ8VZlh5TyyrGrhoRnUqUouSxDfIoy5ZNvmi02uVeW9kfzW+H4r7wz4i07VtTiezKX8EzpMrI21JlkkJBI6qGI3YztHpz/ZV+xz+2X8PvGnhDwp4X0nxVpjS6ToOnwT2txerFcRSxRJHLGkbMAUbkMAM88A4zX8ov7R3wz+IvgfxNN4W8e6HdaHq1oWkiaW1aO3uY4127objaI5EfAYFDwG6kjJ8G8LeIvFvhu8XWPCWtahol9aBCrWdzLFunh+bBKvh95GSrepHPb+s/FHwgyPx24XwNN5hSp/V6dSpgMTSUa9DnqwpxU5JNtxdlZr4fU/mLh3inEcD5jicNi8JUnGpNe3hO8KkGmk2lJWd03e+mratY/0NPF974S8V6BJ5V15c80Xn2E1lMHXzhGQRJgnaHPDA8bSQCcV8h6R+1lqf7O2r6l4U8a2+q2/hLXrHUrKeeIyTafEbqGWO2uLdj8kDyblEiKfmbtwDX8tXwe/4K4fHj4UX0Gj+LgnivSbcxwSLOSLoRjBYFzu3kAEAEY6Z44P6h+Fv+Cn37O3x40O58P+PrCK0vtTsHt7TTru1Q7dSlTyoDDOSSriVk284JA/u8fw3ifomcZ8CYv6rmmRLirhepWhVhicDatPDcs1KNeMF79KcNG+aKTTeuiP1zB8fcM57hpUqWMjhsVJrmw2J/dy5tEuXm91vrprbp1PCrrUrXVPEHi+/smaWx1LxXrV3bM4Bdobi4eSEnlssVZck8nIBGBz+c//AAUOQJoPw6bjHnXYATLAHzAMlgDjAOMnAwTnB5r9A9JtI7A6hbwMGgk1K6kt0Y5MdvMWeFix5OU2nkcjvwCfz/8A+Ci8pi0P4cxMy7TJdElQMt+8wSWbBwMfKBnPUgZwP7N8Haaw/G+U0IJqnSw7pRT3UYYdQipJq1422u77tO5+e8fQi+Fcx6q0JJrZ3q07PbVadd9LK2/5W6km2yt2fJLSMME4YjI2nJwcevBOBjsAeedsk7sAkj5s8EYIyMcHA79/Tiuk1ZZDp9pIS+0PhT1+UDAwc8DA555z1645dgxB4xwAX5Uk+4JOCAOoHbnsB/clSWtrPZK92r6LptpfXTVdVufydPlUnG1tE23bX10Wz0S1ev3RTttc7Tg8dFxgevXknJyOhz1Hf7V/Yu019W8ZX+lxXDwG7tN7yKcFUCggEZGS3QgZ6/L0r4nYYk+Y9sgnnLY7nAzz/jkdvtv9h+4W0+I7zPMIy9rKg34KYwAMkevQZxnLDgGvA4llJZHmNSC9+NCTjbZSVtderbXZPXqejk7SzLCRTspVYx03adlp306300P0I8R/DK902dJbfSIdatI8l2A3S7sjPA4GDz0wBjOa8f1LwB4O8Wx6rb3el2cU9pDdLJZzW6R3KusZO4SYVt6v93G4AD+I9PtlvFdmGS2wIXUmQzdVb7w5DDBLew7jGK+ffH8Vq2tX1/a2xFxdWFxueJSu4iJgrFUAzlTgk5BxknnNfhuRcQ4x1o0KznTnGcVGdN/F70VK/dabNfmz9IxmBpTXMoQnFr3lKKla6s2uu6vdveK6H4ha9aLYazqtrEmIrbUbmCJMlgEjldVU9TgAcHGeh9BWcpYupIGzCqQNoHX7x9Mce5J454rd8VLIPFGuLIuSdTu9+RhQwlY84JGSO/Q571kxx7gCpLcjIHy4AJ5543AHnjJ7Zr+j8I4ToUakuaTlCD0bV3yxem/VLZ79bH5bXUVXqxTSSqO0b7RT22SWmnrppueu/DnU9Q0m9s9W028nsrzT7hJIpIndATGwO2VVIVgQBlW4IJU/xY/Qz4WfHPX/ABp4kGm6z4Si1q4t7bzkOnqUlmaLjzZI1GSdo3MMsTknIxmvz18GQlbSclVIO08jocZxk9emCSc/KAcEV97/ALDsMX/C67EH5g1jOroRkMGBypBHKnJ7Hnqcc185xT4gZnwNlGaZ1g6kprL8LUxLoS0p1FSSlqndJte7dW/Q+r4O4DyvjfPcqynGxjD69iqVB4jlvUgqkoLmVrPq3Z76WO3+LOk6P8RLiD+1NPuoPsKLGLe4t5EktHYH5Yptp5U5G3JBwD06/JfiH4FwRee2k6ngghlt7hcMoPzbQRzgA8cHnnB7/v54o8F6F9ruHl0ywuhNh2SS3jDFmGWydoBIA3DjOWz1Ga8o1f4G+BNct71ZdKS1up4meCe1zFLG2MkjjGc5HzY43evH4Pl30xMjzmdP+3shrUqlWUYvEYecKiu+VXcbQlpva9/lof1Bmv0UnkuFlDK8yo1o0YXhTqwcH0aSesbva91r21Z+BV78N/EViM/YzNEpbDR4ZTgYwo7ZJ4GDgH7xBrj7jRb20JFxazQOpJYFG5wcHkAjnvzjPAyCTX64aj+zPqqea2ia4JkE8+y0vkJZWDNtBkO4bj3BG3ORjIOPm3x54N1nwbP9m8VaXbNHeBkt54lWRHCg8ngcZBP3gRyB3r9qyDxM4A4olCnlucQpYuVn9Wr3hO6UW0uayk1fWzbdr9T8Rznwmz3K1Kc8LUUFZOcF7SCaaWkk2temzb2tsfCBidGLPG3r8w6KeOeoye+cY3dCRzECy7iyjAx3ycEjoRyc5HAOOw9vfdU0jwxqIKIEs53yp8ktjjndsAHUjIHIweXDcHjLnwdaRI0kd8jgONyMrZj57kg9Rg8E8kDivvYYB1YKpQq068HZxcJRd/h1V3fvbrdvV2SPz/F5FjcJNxlB2jfmbhazSSd9L/rp5Gp8FXaL4n+A5CqhR4k0qXPA2ql1EcDjtzgdjwDgCv6uf2oPFuueGPD3wB+IHhzU59NvbW2Swa6RmMF3bvbrKLadOEZHClWzuABJwo4r+Wv4W+G3t/iZ4P8AKmWaN9YsGAQ/Plp0IULz1zgsT1OODgn+s7w78PdU/aJ+DmmeHtPvNGvda+HNxHejwlcTxLrGoxiLakVrESZC2zlcKc4A69f49+kJP+zOI+FsdiacpYXDxxlLEL4oxjUUIqT6NKVve0d9W73a/vn6J+FrR4O4ok1Cny5lgE6lRe7GPIlNO+6cbrWy110s18xfE34SfBD9r/w/D/wl+jWvgr4g3tjvtfFVhBFEtxfrHtX7YEVVmjlcKSHAwG9sj8J/2iP2NPib8B9TvG17SZb/AMMNK40zxVpUb3Om3cYLFGmaMN5EnljLqQAATtJzX79+KvDFz8Pby70vWNPvtGu7WOCc6ReRNDc2rYVGZWBGEQ8KUY9ATg4x21hqltf+H7fR/EdnZ+LPDOpw+XdaTqEKXAaGZQCmJFY7lyQGQKVxzzyPg+FvFLMuG6lOVGUsbk7qWeGqzbcINq/sKjd04raMny30WrP2rxF8CeGOPMHUxFKlRy/OpYdTp4mjGKhVnyRdqsYq003vK6tdtO9j+Sa0huYRGMBtjHyyG3KwQ8kDAJORnZ1OK/cH/gidqvwpPx+1Dwj8SbXTZJPFdhNBZR6zJFFp9ywjZGtJhMQm9iAyA4JbAxUH7QP/AATVtPE0OsePf2dbpftUTT6hdfDe5k8u4wu6SQaMxOWAA/d26cYxzgYr8l47jxn8LPFci3cGreFPFOi3OfmjnsNR067gbDENlH2BgBvQspHK85z/AEJjM7ybxX4OzDKcuzKWFrYzDqi+Sbp4rC14uEoOUVJTSU4pNwk1KN2pNNH+cXGvhnxD4eZtOhmuAqxoxm1RxcIOeGrR5klKFRppPlt7js10SSP1u/aNtZfhf+2f4w0uwmu9F0bTPFCXujRQO8CQ6TNMZFjsJ027YNg/dbW2ng8jr+3n7N/7dHirwXos/h/xHK/jf4UWj6dda1fX0rXt9oel3u1GW5EnmGe2VC/mxyqAUHUdK/lZ1D9pXWvi9cWMnxXvvP8AEVhb2enWXiYgfarm0tcRQpeyECRzGp2h2J4JI4yR+6H/AAT20rw/4+8A/HTRNZktLyHWPh9Lp9nOtwhCz2llLLazodxKyExgZwMnJz6/W8OcXZv4d5BllOeKqSxOAoYbCYnm5qlHFSi6dL2jUm7ykkpOV79b32/MZ8IZTxZXrYbM6FOrz81SjXUVGvTnFJ80Z6TTUlr71m+jR97eOf2T/wBnX9rT4zz+N/2Ydb0bw/4osrIalqekad5Uega5FdQNL9qhtlx9jvN5ZblI1IZ2GQAMV+Gf7Rn7L3xX+BnxB8QaP8RfCt9pDzXtxeWFxJbyGzv7aSUmKWzutrQyCQYYR7g/OCBil/Y8+Pfjz4H/ALQvhhvDus3mmXNl4qv9NvYnmb7Nf2aXjoLS6UnDoUCgDPAORwa/rmsf2mv2Mv2qPD83wj/aWtNF0PxhqarYaJfatDDHAt7PDtiuNI1ErvtJ4nw0QyUZjtJIOB9Pj+No59m9P9zTw2LxeGp1VGD5Y1XpzSW6XM9Wn7zTSPr6fDGLyjhmhKjKpj8vwtWVKpWk+bEUVGyjGdr8ySXuu19Fr2/i28H6M7eI9LhkjdJDdAIrxOnB7kEcYx90ZwcKRgVq6xAtvrep+ZtMkV9J5Q5U5XBIGRkYyDnA5IXOSM/vT8fP2C734ZXN9a/Djw5H460Zbm51fw14ghhjj1eXT49zvArIXS8MMJARkYmUYKjJr8SPG3hDW9I8S3B1OxntfMvrhpIbiF4ZoGDkNHcRuAYypBBDYGd2OMseStmnsakqNSSjUi1dxa5fe5XrvdbtJWa26XIw+WxrYaFfDzk4ytJxd4yTfK7uLfTfZare6Kl1qgbT7S3iLRu0O2QDo5OfvA5Hcg84HQnk45aTSrTVUGXSwniYKzrgRSZONrAHhjz8wIIByCCOOxsfC2p6ywi0+0u7xtjssdpBJcMi4OHcRIxCA9T0644OK0bP4ZeI9s5ax1VGClmJ0+78vaDltzGIAFMdBnjkAAZPiYnjPKcDXdPFY7D0arSSpzqwi7u1vdbTV7t6LXm6u1/cw3DGYY6PPRwlScbayjByctm7rlav1dtbpnluuaZqPhgRJJcQTidBJAFfefLBJbPcHHOM8HHWqlheyX5EM372N1+65KmF2JGFOOB15z3Ax3PW6/4O1uC4jeaK6uRE+0SyxSExqQAV2sAwBAwQcLtBFYOo2Fzp0CzmBRAASzrlDGeQdxwGUg/eG3ORgA55+lynOcBmUYexr0qsnytOElJttq1uXm0ey02S26eJmWR5hgJTdSlUpU42upRa006NWta3ZW62Yk+g3FuVkjuA0azLIUZtpjUEEkNgddwJJyeuBjrox6zbW263DxtIvyfu5V24I25csc7uBz949DkdeNXUL6aFlku5Ht2UEhH3HDHGCx5OQOAfmzj6jidVso7ZZp4LiUTuSPmLPx1VhyApBwDjkY4PevqHTqScJKK91KTd10VtVfV3atsm790jwJ1Z0ot8qd/iabvpa19Xp10V93scP8db5Hn04RvvH2e4UkDglhkqABkYyQPbB6YA+P8AUpka7X5ijMyr3HAUEgcdRjPIGcYGM19AfFG9fyNKaaYs4imQyt0JIPHQnsD1Hrjufma/YPfRgbslUdsHIzkAndwCCMnPOR6YrpbcaShJJNuzu1olZ+69O7+7S583iaznWlzLltKKd0nbZWV11d29Hpok9x93EhVnJywY/MD0xnjPTgk+4wAT2EmgXE8E32qGSaK5tiHjnt5GSVHXDK4dTuUjAOCfbrjDrgqI9g5BLAY+YYI+Y4PTJHJJJDKW6VoeGLT7bcXMMSMZPJACpgMx4Cj0Ys3TAGM8gg5rCpUjSozqSiklFycrWtHRPV6dGlbe+u5zxlOVS0XdtqKXR3tZJJbtPfrpq7H6D/CD9om08VaFB4E+NOnDxH4baJbKx110B1DTGICKzz7S58vdknft2j3Fd74w+CniX4f2aeN/hvqbeKvBVypuAbdxcT2sDgP5M8KMx2xg4LEZxyBzzS/Zx/Yc+KvxV8MQatoGmrEJr2KGSG8yI/KkwUmOQSFcYXcVGGYccHHsw07xz+zP4o1Twh4jZ5LWO5W31fwzeI8kIgxgz2okBKqV3MhAKsOAO5/Il4mcJZvmuJ4c+vYXE4nCydOtCMouVK0lF3d+knay2tr1PraXD2b08LDGSo1IwlFSTa5dLJqze109Gr92eZfCf49T6brmnzlxZ6jZXUMnlzMUgJhfom7BDAgEqcN6DvXzJ+0T48HjD47eLdan8rz9WW0lZo243vGM4bOGLZyxBAHBzggV9f8AxJ+Cfhn4n6fN4z+El7a22trH9qu9AG23mknC7nVYFZcS7uAVB3YGAK/LDxnF4n0Hxrdp4ksrqK/i/cSrdRukmY/lUgsRu24wu04IIHevfyvhDLsLmcs9wUIP2+G9j7Sm1JSi5RnZteaT1T+5nm4vMcbGksHUc1GE4tprZpK11bRp9dm7ep299AF1Gxl8xsPLGNwyANrKCAT1yTjjscdRx+gnwb1p4fh/4njVo1cQOI2ZsMQq7SV6eo+rH0r81bfxEtylkSwLQyfMHYByQQTnOOP+BcDJPOa+sfh14ub+xrzT45BHvt5HZAefnXKhgOoOR05BA9SBycX5Z9aoUU4SlyVYzbS6O0W+qsk7tr/hvYybHOEm/h5oWev80IpK2z1TatqdfZ6895M9vvVGjEmX5HmMSDjjIbP3TkEe3UnSt9V1XSJZb7TLlrWdcF4oc4lQDLKVJAKtnDZz8pIxXiI1G9gkkaHAKzkjnDrlzzwM4Oc8HgD22ntNH8SxyRsL0EvkBpiBgg9QFwBgkAsPoOcCvnKccRldSnVwdScW+VNJ2urRdmkrWsrO/Y7liI15Tp1tXv7z0atG1/Jbb9dd7HWeKoPBPxE0138WacNH1K3geV9SsUCJcxoDvMyxqSSByQRu4yeCQfnM/s0/CrxZax3Hg34i6ehmkcC2uLmNSlwWyVKuU2gPz0xx06Y9I13WlhtdWghZNk1hdlQ6g7I2jbbhfm9T0PPIyMcfmWb+6t55zbXVzbyrd3JV4JpI+BKxBAVgDgd+mR26V+oZBm2KxtCXtYx5opRckldu0dXq7tLdq3dXsfK5rSw1CpFON1K90tOW7g01fpbbVaOztqfX2u/sWfEjT4zJoVzpviCMksn2W4jkdlPPCoSMYx179z0HjmufAj4seGmI1HwXq32cEs0sVtJIhIyfkKhh0wVwD97nsDz2gfF74k+HpYX0vxlrVu0ZyqNdSSIqkYIwWxgAYOcZ6gc8fSXhL9sn4x2C21te3Gm+I7dM/Jf20MrPsxkEuDknld2QSM46jHurFU4RanBtprWzd1prfVWs3fbv1ueL7PDVV7kpK+nRq6a323Xp38z5Ln0fVNNlZb3TtRtGTIZZ7WdQGHHQoMj05bsRnJIjMKlSBIUdiMgDaTn2+XHYHAwR64xX6CW/7a/gbWPMtPHvwo0W5ZjiaW3srfcWAwcqqDvnnOTnnkc6cfjX9jfx7Ds1DQ5/C99O+N9sBEIQx+8ApUfKcgKAuOACOAb9th2k7NXtfRvTR6bW11euvbq83gKbvy1abaV+WXuvSz3a0bf/AAdND88IIrkCQsofcQq4ycLjkHPPPP8AdwTx2plyXa3kymEUOSpPzZC8YI9OpOfU8Acfojd/szfBTxPD5nw9+K1rFLKvmJbXksbFC3IUtI6kEcDPOMY5zivONd/Yw+KNtC8ug3GkeJICryI9pPCZWXBAMarnnvjJyQeOtV7ai1ZSs3HXm6u0Un/d1T026t3ucyy2upp2Ukmno1JP4UtUt7JXa2d+t7/B3hMMJ73y13HzZAASMAbiCWwMjjIGPXnPWu/SNkQsVT5gCzAnh8nH95gQ3bORnrz83QXXwL+LPg1rx9S8F6vCFmd2uIbd5YyuRnBQMM/LwQM9iCAa42abUdMdodQtbm3lDEMk9tLHjB4B3Iq/KxOcYxwMZrWlNqCSi2n1ST3cW3p1ta2vXR63M8Zh605L3Wtltte297b7K1lpr5a3kMqbyfvEsVAwMNnC8nkH7xA5BIBB/iXy2XOQWU4ZWPBBJ5XuCB0J69woqS28RWzKsUkMRxgcHoMfMSAMjJAIB98gVcju9OkBLiQMXOwAgquRnaMZ5zn+E4OTnjB1jJzaSi12VtPzun6a22t18yVN0o8tru2m/K72XLezSVkm0td2UhFIu1+Ag6kDIUtzwcjd3GAV4OPXMn2i4wsbzySR7hsRyxWPAOAqFuoU9MDA5HUZ1YYoJEYRXCZzkKxwq56jkcHgE54C8jHNONlICPkWTPzZGCF9OmQQcDHc8DjtaSmlfmWqWu2ig3tvezV9NW9dXfJSlTtbVp9O94tJ2em2rslo0ZyOQY1UfNkgORjeBjPDZ6ZHGR1PXHEpQnuAQWDDuxyc8Y64wen8jUstu8ZEhDbg3GRndjn5RxtwcZ64PTOFqNUcMd6tgjec/KqKe3BxgYP12g8Y5Uot2tLmeze3SNnZJerf6rWoVpcqe+tn66addFq+mj36HL+MUjfQ5juyFmRVBBAOBjHHP3hgnpnpgEMZvDP/ACC4mKrjagwhAcBQAOoOM854x7Nk03xerNolwyj5d6HaR0HXBB+v3vQleRVfw4+dMjb50LADePujbkHnjr/ECP7xyAc1hCm5VXFR5k4LfXqt9e2na+is7Jd8a0lhoVI6WlstNLQ3XovR9NNH6TaXdlDbgOiuG5YZJZcDoBkk854IGSSBnGahjvrYs26IjLN5YwCdpGev93oVHABAPArAiO5kUOSAQSMYDHOG3YHIwfwx0OMVZVgu7Dbxnh+MID1HJOQcgY5Hy9DncKlgoSWsEnre3rG1t997+t1daunmk+ZJ2a92K9VyrfRJap22106HRQvYvjdgb254KeXjGcEc5OMYwc54LZybMN1LbuWtLqe3K/6toZpIgw45wH44IPCk4weK5sTDKDcCmTuLHDHcTkHcM4HQnGRjJxnJRpwS+C6ocqxByDnuoU4bOMDJxg8dWNcssBFq6dnfVro3ZW1S1a2+Z2Us1ipqLi09X1TtFRv3Wy0/pv1nRvil460KTdp3irV4PKx5aG7kaI4xgYLkEAcHPU8YJr1zR/2tPi7pexG1n+0UXawEw8xAMjhlYsG5A6DB5z1xXyUJXzsDHYTxzgnHPCjJJ6EDIA5A5Jw4OVO9GdQrFyoJ3AjHy5/iyTjoeOhzgVzvASUk07Na36WVntqna6afax1Qzbmilzu2l7u7Wsbq700XbXXZts+/9O/bT1G5lVPFHhjSNU8v77zW6Rys4A3FNqkc46AntgjrW9qX7U3wk1DRr5tR8OT6Ved9qJcWwdiQu2BkOAvU5+6Pmxktn86orzBfzYlKkMVkYBmA68DOTzgcjnnp1POeLLqOTSb0In74AfvgOc44Yg4PT7uTyTnOGNYSwtaOqlv1u0rJxT2t57WevSx2RzDSKtBvS2lneyv2d7WtZXtex+tOheLP2fPG2kWCy3nhsX89sh/fxx2jRs4PL7RhWycOMZHXPBpt38Dfhhr4ZtHk0x2kBIfTdWRiQMYKozKCx9uPT5uK/IHw9IXsLTaWLkcvGWViCOQ2GUEkkHA5PYDOK7nT9b1rTJA+n6rqFq0ZGWhuJlCbRwSdwPX05HGDxwvYVVGMkoz91aSinfZK93ZtvVW+56HRDMMK3apTalFK9m7aONnr3u+raT13Z+g2sfspKIxNYSausYYmMmNJwg6Bg4ckqMDpwMZyc5rznUP2e/EOmR5i1BmKyEIt1byxvnhvvAbuOMjI68Mc14hoP7QXxU8NvELLxbqE8ceAsd27TR7QSQCrs+cnKknBB+Xjca9/8N/tzeO7Exw+JNE0jxHb8LvmtolcgEZIIBO7aOMHjOB96ueth6HJL2uFpzvb7LtfRPRqzd2m7JK726Lrp47C3XJWlTdlaLk2l7y6p/5r52PMG8I+PdAv3mtbq4iljbia0u5oiFBwNq78naOPcjHc1sQfEL4q6GkkR1zWGgYhTHcM86bQeRn5s44HY9D3r6f0b9sT4Ha8oh8Z/DqOxuZwFluLWzR1jPBZg2QflHUcHOMV6ZpN1+yf4+tidN8ULoNxOwxBdzKuGdjwImG3GTwN3YkscV5NbJMlxSticBh5X1tVw9N20itXyvrpva2j1PVw+YYuHvYXHVYPS7jVcb35W7q6t13d7LSx8Haj8S/EWsRLDrCQXgUBQ5TY6k9D83Occk9MHHXp1nwe1aGX4n+EZZC8TDWbMKHOQf3kXy45Byem0gjAGOQK+3bn9mH4ea3G8ug+M/D+pqE80Ye2icqwyMMshLN0+XjJyMDjHJaL+zhpPhbxp4b1y28V6fGumaxZ3E9rNCgQhJVYIrqWDAgcZzjGT0Na4DKMuwk4xwdGlShCaaVNKK3itktLpKyvstrrTLG18wxUX7atKo+W95O7lZK2t9ddtbtXsnocf+1Rmz+JtpcFzG0k0coUZBEYjGWHzZAzkEcfUjmvmfUL6Oa5mKPnMpkw7EswztKg5bjk4IJwM468fRv7Zt5bXXxE0+7iZBC4KRSQsCk6KoDFAOMBhjj0wORx8fvPmZmQO27CqMcr8ucjqMAkZzn5hnPNTjYxeOqu6drJPra0Wnd6t3slp06HTgL0sDTjJWbk229X9i7dle17Ws763u9b9GZVIJiKqHIDBDkqozlu5wCORjHzZwSeZPOwm0YZ0BZWOCWDnODkcjPYjoePWsO385QihZGkIYk5ADKck7h/EFPI7kgYGSRVp4ZhIRkN+6UK4OAuVzjPqOAAw4GOxrDkTd1d3l03u7ddErpRvfsle22t09L+Wnonv3tZ9tenVWuGRVVsFtw25GMHn5SDx05LdCBnuBTjMxkKOenzqNpPzLzjHHHOM9D0I71nHziNz/dORlgTggYGMds8DAB467RVc3txBmPbufOdwJLBDuGPmHK43FecqQMheTWiod792rbuytqm0lffy+bWLpK/Nd3bSuklvy+a0vb53teytr/a96s74YkldhzlDyA23oCR+Qz9RSNxGImcvl1JQquQcZxgc8kksCexGByDVCW4j8ltm5XJ3NGmdxUDruJ4Jz1IHHHXgVUlQuHRgYmUrhsAByB/F/fB3Yx05ORVxp8r736abaOyurq7urXV7XfYyrUoxV29436dGk1r72ie3z2Ws17JAwMTIy9GUDBOWyWHoVPUZBIPTpx5j4nVPsziMll3fMpJ27ievRcHOM4POeDngegXE2G2ld4RdrBjkbjnADnOSTwu0HP0zng/EUiS28wDhOSNq5ycgAsCR2PLDH3Tz3A6KUbSVrq/zW6el01daL013PPq02oNxfM7dLJXsl2s9rK72uk1ax+gf/BPS0kl8K+PipBwhRowSzYKsCBgE4C5yBnpknJ4+V/ifYKvxo163hbdFFJIiDOMqSQTyC3BJABY4wAfSvrj/gnDdQ23h74j75AzpayuqkbwSqMMEeh56AfmCK+MPjV4kfSPjLrN2sccolDOIxgBQ0rc9skNkYA+b1AGThKE6maVIxV2oR5bXfNZQer2d297q+muxviIwjktJtyu6t73VrvRJ667d+mjsdfYaPJJCreWHQufkYEbcnGMnr82SPTPfjGnHpMuSohURphTycZA45x0PPIGT9c5xfD/AMWvDbCGHUreaAOq+c5UFN3B6gcZxwRgEDnsT7fpniTwDqQQWup2iRyKAySFVbzFXO0ljkHqCPlOc4PQj0HRnG3ua8tr2ttb1Sv1XTotmfESdtVLSLtzOTTdkturXXuvhS2PNP7KKSHcAMgAhoyOCDnHUHHXIIJH8OM1ALOSMqsYKxsx/eDIIwSeqYOAMkH5TgD5gM599Fh4dvWiMN5alQGAQyIwcg/KoYHHTHU7cenSudv9FskcCMfMWdgEwy7em4Ac98YIx9dtc8oRXxLW61Wjei11Xu31sr3Vt10cHUVkm0r6X00XK+tvufZ9Ty631LXNPy1jqN7Cy4VTBcyBc5xwM5HHPQgHoOee40b4q+PdL8sJr9xKqnHlXY80FcdDuxznIwWGSOfvVV/sX5yscMoYs8mcHDAA8nsMAe3fHVqrf2QwZGZVC5J8vGDnoTjrnGG64OCTxzUcsXpBtNWu9t+W930fVu1r9VrfeFfEQs1N6u3XyStvquqvaz82z1Cy+O+vuBBq+jaTqkIYBhJaxAyLkZIba2QcEkHkZGORzbuPHnwc8QhovGPw20+DzSVeaCzi7n74baCpznGBkc+teOrpziRSiMyJlgGymGB4OTnGMgY4xyDkgVl6/DFHpwuJixlilZHTO7KknBOCM4Bzg4wMe4B7WpTtyVJq3S70tbVX03t630NoYmU7qUYu+7cY+8lbW9tW9Lb6R0a6emXvwm/ZU8WohstQfw/czO4VY5jCsRbr8pAAIGMDAAx1BzWBH+xb4G1+5uF8K/Ea0uFMTR2u+4hbYxG4B237hnA6AfNzjtXzjqreSrsGBSQO6sflZVwcYwQeBnpkjquOM+efB7W9UTx5qdtDq+oxpiVoVhuZVRZEkZuAXIGFOM9RyMcV2YXGYxtpVItJJ+/azs1va/a6676Nam3PhVFurh48qfv8qs/srbXf8LXPpvWv2Cvifp8ZfQ9Q03V4ldiQJh83BI5Gckk5BbIH94E14zr/AOzF8bfD6SC58JXd1Gu4iS2UyrtQNyoBJxgZPy8Dt0z9UWPj34haQgbT/FGp+Ufm2zytLGGHGCGZsce3JOSTiu0079pb4k6Z5KX32DWVQshWeFQzIuQQSQQS3U4yRnJxmvQhmtamvew9OpbRtXTeq1vpbTbv16M4fZZXVuk6lNtq6fvKz5bO+ulr+t7+b/Mq+8I+MdHkMeoaBrFo2fm8y0nAGOcqdnTgD1Y7e+BWG01xEWE8MqtFhcSrLG45AIG5V9j6YOc4Br9ibX9qDQb+NIvGHgCxniHMhS3hl3DvzsG3J5644OMNgVZl8S/speOZEGseE7PRhKCJXFqkDK7HJyyA7tuM5JPPQYPO8M6oJ/vcPVg7rWK5l9mz2Vt9tdm1e7RDyihUVqOJptXVlO6b201Vtu7sntfRv8b4rt+Qe7A4f5uOewbJBxjH8Ix0PDXo9SkjJRSU8zAJHzJtGOFI9cqAp6Y571+sGo/sxfsv+MpBL4Z8VNpUkp/dql5hELHYuI9w4Uckdc8Y43V5r4g/4J+u6zTeDPHljeopLRw3DAlgckZIdsjaw7HP8IPOe2lmOBlaSr8rbXutcrW3ut2aa667tWut351XIMS2+VQqKOi5WnqkrtNSV0v1+S/PJNWcOVwFcHAY5BOe7ccEYB4OCMHhua29N1iaKQmK5aBk3BWilcAkscZUcAgcbs7SRxxmvoDxF+xZ8cdCd2tdMttchRWYSWMvmuwXJyFYKSAvQquCTyRkmvDtX+FXxH8NmYax4S1yz2ZEjJZSuvyA7idgfcoIBz04PTAFdqrQkkozpVFK2inFpp2bukk00mraXv03PNqZRXgpfuprlvzOzadnFq2jW6vtpqtrtX7jxLqU1mUe+u5DGGKF5WZW5BBAYjlW68ZGMd+PLLm6muPE0MkrHzTbnfJIxLA9ScfTOQD93Awa3DBqNtH/AKTa3kZC4Bmt5oyB0K/OmcqR0wcZI5HTnEiMviWAOGcvCAWCkLkBsNkrjBOMgHJ7LxxLm48kYRcbVIJct0neUb6X3SvfdO97E4TDunOo6ikm6btdLSyXVWurXtpq2lr05S1spDIIySqgqC5A2jJxhWyc56EYPA68Guh+yKqxHhjGcHHVh2JZj3PGSewHSmW0YjWMopBDHjdkc9CW+b5c5wRjoMDAOduONEVgQRudeg3CRjjjg8j6DIx9K/OJ4h3VnbW29uiemqXXo+r7I+gdeMZNLba2zd99uqetr26O7KiRkSSBkTygAqgMBsGfmC5PPTn5QRtPGM5kkhhVVMShhu3GQHcMYxkg/wAXOPTOcHPW0YTI8jTKysVyhUDGcYyFBH8Sjn05GTuVmJbeUI1aQSKxUvGp2/KD/EQQRnjgkjA+Y44bL2176200sk3JaX8l0u77XtqzP20rJJ900lbe13d9fR2e+hW2yEzKqERLHwxwDnk8nA/E8nIHGKI7abaHAw0wJ65CjGMvg8/L17AZ4wKvSgIWRGJBI3IpBAUcndxgDBx36delIZJMLGMRxF8sFbkIf9tQdoPfjoCOcHGcqkpNcrXS1+trb7WVldpq9tW97tVrrXV7K7voraN7WfVK3W/Z1otOMaqTIGZuoVRwWydxHoNp2nI6DA/hW2sBiBAId8YVywXczA9AfvHOMnsF74K1KCiuoVyEbAAXndz1Ztv3QAeCRggc8bakvURo4wkoGCzNI3Xg/dXOBjHG72HbmpVWpzRUppqV29uijdpu6tdLTW6+YoVbtRWmujfRLld720Wqta+kU7pGVcIziOLl2QMxLFSmcZwqr1IAPO44J6c1R8wxhEKGVQ6gAkgIeG6gEY9TgD3zU0ThmdUVnyrFGY4BYnrgkYIXPJ6Y3VXAkJCBJHUt14ALA8kf3gORg4GQc4GDXbCVk01pZaqyvtffS611691dHfDSMVZaKPmntd6Kzt1s35tbl2OT5gjICi7mIBwi8dACcA4AOMZ6g8cNTETkGVUG2RyQqnam1WKgFsZ4z07DB5zldGIMxQPHiNSSzsCS20leoHIA4B54HHSkb5HZmwUztRFYABsZB5zgHGAOTk8c5NNzSbv0tor7WivV9+rWtu735tFy76at8trJPa3R3666aW0Kk9vIQAu1Mso3NxjjnYCARjk5OckkgUydvKh8kESFGKK2QFy2OCAD0HQ9Bxn5Rk2p8vKqSMG+UBFB3BMjgNwcqfXgjIwTxljW00qCNQFVWHONox1ILE5yPmHTnbnPWsfabN9+ienftsujv1TvYzlJK2qei23Wkdej66Wut7bHLXEIkTaNxkEg3YIwqggfNnHA5B7EEAnNVvsk0aMsOCrMQXwAq5wCFPP8XfOckcHPHoFlorSoTLGiMyt5e/5ckH7xGeSc/KRzySeOail05oo2jJAAcBiuAiZwGOeu4AH1z07VccXBNRW65Va7b+zfTZ26LvsjL2jUrc1npe1rvRN7v3bbW62b06efyWV3HyqlvmGHXlmbg5B4wMjkcjIOcngWI7O5YFZR8oJO517nJC5AOCT06H0GMV6TZaVbNkJulAT5CvzfNwXY+mDkHjqauxaIJISzbd0bhiW52r/CowFycDt6EZJJDZ1Mwpx00Vratpq+nT9Wt13M5YlRdpWsktd/5V00Xq/O99Lefpo8zx+WOQg8wkgkZPYDkk5zlj65yelOm8M3ITatu6s3z+ZIGXn+FQSGxuHzDoSuBnPT1ODSHEYuHkbCFY0jC8sOCDjGCPQHpg8ADjYuLd5YisuNhCssZUFmVR90t1AGBkdBjqOa4pZtJSShyuzs3daJWW/XRPz9Wc/1yCktHo3719n7m2qupJXfW+1r2PAp9AmX968LbUBBZV3AufoRxkEkYAb1A60bjS5ZCu6No9m35sEMRwvK9STlQAckcdMAj6MNvagBHtInzHlohyijB+ZunPBPOQQCMKRVGfSrC4ZZJFSMBWwNgYEjscleBngDOD1BHNXHOFLRprSz6/y3su97Xvrvc3jmMeqaWiadk1G8dVpq7vW2vfXU8u0XwvdyRKsEqoJPmkkfHyEfdGSQQQOmOc8AEFie30rweUnM00rkAbC2dqkjaSSS3JG4Z65AHOARW1YW0EcgYykwqW2ggxoDjAyf4gTzyo52gZxzrzahAnlrBJwqg+Vu+8y5AJGMYODgdHzk8HNcuIx1eo0o+8mk7XV9baJu7dvl1V9r708SpattaJ25rK/urRvorvZtW0V0yolpDpkVxsuGRdwPmNkE5P8ACpIBUYAyMNwOvGbOm+Ldasrm3WyQyAHzYi0eWYqcAFiSdncjnGcdKw9Rnku5kW8mWKIICcHGAOVUqW5xx+fQYxU+mSRTSpbW08nnK2QQuG8tP4ATjGMYJA75J455nQpTi3UpqTaf2euktVvts73Vu2h6FDFT0jGo4rRJqSi+kmku6S2V+q9PUYpfGviXVrKW5uiypscW8RYRRFiNpKoQS/YrjG7PPWv1Y/Ye+FBtPiFpnj/4jXl5c6LpU8MttpN5K/l3bxlWiDIWIWEkE4GeMZOCK+I/hOmgwafLfahHbyX0XlsDI42wqO3Od0mQd64JbrgnivoX/hekukwpaWN5HFbwKsiyJJwXVRhVQEjCkDnHf+7ivwfxHWa57g8bw9k+FnhViqU6E8XTXLUiqkVCTp21i7N6vZ7We/7t4b1MsyXF4TPM0rqsqFaFeNCUrxco2cXJN9HHbX9H/bHpH7V/ww8KfCR9S1P4m2nhC3/sJY7bQ9Injt1EggESQzbCG3KmDyox1B+9X8zv7an/AAUa1n4ia1qPw/8AhXrd/daLPJLaX+pzX0pmvNrkO8TFsKBzjDAcHHfH5Q+OP2hfFHiJDp02tTx2z7xn7RJhoz8pVId/OQOq/L6DgivG7OC9muIZtOuLi5vb2UiNYQWcGQA53EAEnOWIJycAV+U+Fv0bo5PiMHmHFuPxOeyy11HlOAxXM8NhZVKkarq1KU5TjUqRk/cajGEV0b1P0PivxiwNOhmdHhPAwweKzeo5Y/NH7J4yKS5XSws4xUqUJq6m25SabSaWj7zx34P1q9S41O9vG1K7nZbm4+ffcxtJh0V5Tgttxg8nOMc7q8Pv9GvoHgQRkK+UAA3sTggCRwNyYwMHC85yM9PoXWdV8QaBpEen65FJK9zHGyXKPlreLoRKxXczAkDadxJ+XJ5Nfp9/wSm/YN8J/ta/Ei11X4i68YPh9o1yr6hp0jRxXOqOuZHiEkrho18sfTA4Oev9TZxn2C4JyGpmGYJxoYdU6dOnSiuapUlaFGlCOkYqUmkm3GKV3fY/nnLuH8TxVnFSnGUozmpYjE1ZtycYQ5Z1JtXcm+VNpQvKW270/GLwv8AfiL8RdTs9M8J+C9d8SX95IIlGl2VzdDdIfkQtFGyockHkhe3PGfqO7/4Jq/G7w5Ym48a6BJ4dlSKOV7TU4fJuY4mUMNqPycLtGR82cAAcGv8ARH8E/s9fsd/sz+CbpPAmgeCfBkdjZeefEupCwe8kMUQG9JpSxkkypY7TnOMNyBX44ftEfFv9mD4oeOb/AEOw8Sar8TvFsislpBpkkdloVqyOTIbmZXCNDFtO4BQSi8cHj+Zc98fuMaua0KGSZRhpZdzJ13h5vFV6NFNKUqtSKVOEveukuZJp+8ft3BvhZwnmEMV/aFPNF7KNqeKxFJ4alUrPltGnTcJTlHd2clKySstb/wAVni34HDwp/aLXVsuyyLRPcyPkAqPnKcDBPzDAJ4Jx0NfO+n2iP4q0aGCJHtxq1p5ecZP+kxAY9OM44GfvYPJr9V/25fHuiaV458Q+E9J0vR7SGzd4pbPTnjngZ3YgO00ZCsQOoyct0wev5n6PHp+peJvDtwrxWrRa3p2Yo2GXIuY2wRxgE8AE8hsDsB/V/h7j8zzzKMNj8fRnRniaUakYT+JRlyu7bur2bejS0XofjnG+UZbk+czwOXzjUjRquDce6nFWu7bRServptsfrXc2zRaXYRTBo2SwtwOSAB5a5G3vle+QQvPbNcLcLNEX27ipJz/Cu1RgODnr069Tk/e2mvWPExtobKzeaeGCMWFu26RlUYES4ABIwSM5z68g8V45qXivT7mQ6doFle+JNTJWNLPTLd518wkABnjRgoJPXjvmvvqGBq1ZKNOnOT5m01FtNKySk3fXTt1trsebWq0qKi5zimlG13q9I2sk9Ur+fSyJo7Z3tphIJCzxFY8ZxyGxwDggMQOcfxZNc5Fr+ieFrGN9Z1KC1ZZnb7OzBn3ZOAsYz87DHB7A45wD7P4P/Zw/aA+Jbobu1g+Hvh2QI3n3uf7RMLDkrEQGBwcnLD5sZ5OK+rvA/wCxH8GvBZTUvFs118QNbiYTStqkhexWQcE/ZyxTG7k4ydoJIr6HCcM16jjKrdRdtIq71cVZt+t7r5vV38HE5zFvlpaJJrmktel+1+z11tdJWufmH4e/4TDxp4huz8NPBes+IbjUpggujayxWkYyQHLugjMecHO4gc8kA19b+Cf2Ivix4wSG/wDij4vi8HaeSrNo+lyA3DRnJMcjArsYg7SR90jA6Yr9ErW/8OeFLUWPhXRtP0eCJSsMWnWsMKRqOieaqAkYXjnJOc55xkahr19eiNnMzFgQWkckAn1xz24A5wQRkkAfX4XhulT5XKnBtcukknLpbR7/AHO9+54VXOUk71G9WnGOiTsr3Sulquurb1fV8N4J/Z++C3wseCay0WHXtVtgpOqat/pk4aMDLqZAVVnbBwB/tHPQe33fjmyS1NtY6UrJ5YjiX/VIjY2gRqgAABC9umMDB+Xz+KC4vmRITLu5DqwLBizYzux06gEjOeSBmuotPDF0xEl6Y7e3iALXE5EY2AZP3iFwuDnHGM9hivUjk+Fgveg2m1e11quXSyWjsvlom118/wDtiu37kUrydpWSk7W6vS++l0tP5jkLzxh8Q7Hz5tMvzLZM2W02ZQgMYz8kTg5ORkDjgg4IIOaUfxAs5I4x4kF5pN07bJQ4eWIh+VbfjhencDqOSSa6TVvFfw/0SVbeW+fXtTVsLp2lq1ywbBARzENuGOB1wM/MQM1xGoWnjLxPdTXmleGNN0rQ3tZFeLVAJrlg6ttlEbKpVlB3DOCOoJwM708tjTs6FKcnp0ezUbvRvZLXrd9bGEszqt/v5RipWveVm7pXTTbbtdX91Lv0Z08vjLwFpiR3F1rlu8Mah2kMyOzckqsaKxbJIIPXb3yeBnXHxovNbYaf8PfDcuqttCJeyRNHbgtld27GCAe+cdiDXzU3wPNhqja7eX91NdLMJksJS7aTOfNdzCFyV8s/d4AwSRxgV9W/C74ieFxLB4U1HS7HwtrMQWGFCiRWl+3IDQzAAAkDdgnj5s5wMa0aMIyarp07O0UrJN3X2rNp6u92tNO5FbEzlSjKgoys0m07tN27O7tt0XoYsfw18d+LCLzxz4quLG1kwX0XR5DEgQjlHkz7AE7QerHBr07wx8O/B3huAjQ9JtY7tAPMvLxVmu2k4wXkk3Ekt85JAGDjB5NehajYzRq0kKLuK70feGDrtydhGQfTqAMZPB58wvdSurOZm+0kOWCvCwztBwAMAfKDgn3OcHBr6DCYOiorlj7t072St8K1b0W93a3VeR83iMbWfNzJptW5W7Was9ttNdbNu19TuxfXEAS2aNdyny0kQhVJPYg5ABGev8R46nNp7iRIi8hWOTDtu3EFvfcccjP3ckgnO6vPv7WjuIC/mlJVy7HduKsOgI4AHGVyD82R6Z4u4+IapcNpl5HO7hvKSYglctwCwAwMgDvyAR0r1o0qcbWto972T22srrd266WeyPGr4ybTSb5tLPm9LaWb001t2Tfb0ybxILaQed5m0EIkhOQwzxkA8AcD5vT5d3WqOoeJraQbo5yXVS5AYnA9NxHOcZK9OuOlcgCLmCQ3EgkR9xjDOQ4Z1OCF7dgowMkjnGc+ba94m0jwxEX1q/g0wbnIkupkC+UMggKSGJIxngEEHsamtXoUUpSnGC/vtptK3W9/XRaXfQyUMXiLRpwcnJJXUW9Go9Vfa/a7Tel7I9Hk8SyXjOE+cgE4ZjgMN2MfLjcRkjjIBPUGmf2piJpbsvGqhhIS4WNcggl2JHI6YH0yTXwp4y/a08NaDJPbeFo31u4iDDzCohtFkXlXEjEbhkEKORk/KRxn418fftHfEXxnLJFca1Jp9jMWI07Sn8hAj/33QgliSMkt65x38nE8RYTDtxpr20klfls430vd9nb8db6HpYXhvE4hKpiJKgov7fxdLWV7t6vtfX5/ql4z+P3wr8BxTR6hra6nqoyBpmnus83mDpE5XhAWyGJOCQCAQMV8c+Of2wvGWvx3Fn4K0S18M2mXRb6bEt40Y3YZS2NjlQCE5KluC1fEOi6f4h8Q6gLfR7K+1S9lwDII5pnLMRndK2RjLEFs7eny8c/Ungj9mPx14jS2HiO5fSrEyMwt48tdAEdXC4O4ruAOSBkZB2kjxq2PzbMFyUoulTkko8nb3dHLVLX1WlrnvUcvyfL4KVWUak42TlPlbu3F6Ru00ml3t32b+e9Z8V+IfE9xNd6/q+p6rdTOw2XM8joXZufLiQkbM4AXHzY5B7dx4M+Bvj7xwY1tNM/s7TW2ONQuovIRkJUHYCQS2DkDjA59cffXgz9m/wAF+FI1WWwS8vUIKXN+POkGDkAqwCgnjHJAOR0xXv8AZaEsEK2yKttDbouHwLeIKBgbRtBxtwARkckE8c7YTIasrVMXNyklqm778ul3sl1du3qc2J4gpQfssJGL+zeyVvh0jFLR2e/Rb9z5J8Gfss+EPDwjuvEkzazeoFLCYhbRZSoDLtIwwUkgYwSAc47fQlrZ6R4eijstE021hgEQTbbxJBGT74AJIPHJBwDzkgVk+PviB4V8Kwst1qUcs0YytpbyLKQykHkKcsSVxgjgnjcDXyb4o+Puu6j9pj8N6eREVKJczkAqinBbgZUgDg53Akckj5vXVLAYOm7zpxVrSs05NJLv1vbWzW9r2R4cq+Px9VxjCrUl9lpPljrG7Wlnq1q+9z7GvfEun6dtk1e+hhWJSXi8xYo8KBtUuTu9uBk5JAG3I8R8XftH+F/D63EekSpdSJvRFhwTvPB2yYPQg8kAnJOR/F8C+IfFPi3xLcSLqOqXgj8w5YOwQnoQMEHAyV5ySQMgdRyptk3nzrmXy4+QG3EluvzEk8kqQwbHqMEGvKr57TpvlwsY7uPNJXd1bVX07O/+TO6hw9jat54qpJJ292Lbe6+KXr+P3n0d4l+PvjDxCr/2fNLZRynZthJDtGwwxaTJwCOvy46DPceTX19qWqb5769nmmdizIzM7jBGQGYjgkfN+XPJORb6nZxW4P7sMhLMxkCuMAAN3JGRwOgB71zt34tt4Y5ZEJlYA7VVhjavHIOMY74OM+pxj57GZjVr1OepVckk1a6UdLapfqmfT5flFHCQjanFPSTk1q3prdO95fO7v3ZV1SZ01japIV4QwZyOemVBwQB0zgngc8GrU2rW9rAWlCCbgLjG7bjgdCOmM9sDPvXjHiXxxbQXwu7mTZsiIWOBt5DgHrtyRyORjrj5gFyPLNc+K+o3MZTTozGHJQzS/M+1ergYwOvBVR09ea+fqY1RbSlu+utnprbTpsrJW1b7fRQpwhFJ22jfRJRa0Vubdq77dr2R9Ba54utbFPMvbiKDYd4d2UtjGQioCG3A/wARBOMA5rxrxB8ZYlL2+lRSXABxvcnZ5nAV84xnIyMY57dq8CvNUu9Ud3urqeeQuSfMZiBggnamQVBPsM47DIEAUu8aKoAYZyowVZVxhum4nHPfnrnBrjnjKtSM4ydktVfe75VZu6utN+z32KTi3aDjbsv+3Unpp33vbo7J21tb8Ua1rbMtxcukckhBhRiEA64x3JGB9T3J+blWhuArsULHqrPnJUkAkbt2D17855ArehtFUieQEqm7O8YJY9DnPB7bRnk4yOSOr0Dwl4i8WXEUGi6Tc37ZCqVhfBYkAZcqoC5+7zzjtnFTTw9avyOMZT5mrJ6u11/dWj6vazvqc9WrThGSnUinbRO2r0aV9FK0urSe9+t+PtIDFb7pI1ZywKsWHygkHb6KQSSRj1POWrcsdMvdRlW0063nvrufASC3iYjzGICglQwPYHueeBnNfaHw8/Y51nVzFeeLZnsYGZHNjFzIc4IVuRtIzg9BtTGGBWvtzwZ8AvBfg6CBbLTrVbiNR+/ZI5LkuAPmZsYBA5OAexJOM17WGymScXXfs4y5d7uVrrdXXfZtXa1Tvp42Ixzk3GinUmorXdL4dL63t+n3/mZ8P/guLzxTpNh46a5063vNmyBD5YaRwBDFM3AQMxAKtnjrnFfosnwf0z4erpkf9lafptrKI5Ibqyjje5nYgjcbjDHeDhyFKknuRXF/GvQNKsLZL60uxHqkFyjpHHIhkKxMrIwK4KENyxB4/i7Z9o1T4g6TrnwO0HXprmCO8tBDaXTSyB5Yri2KxEcnIaRVGQduSehyte1Grl2WqLShVV7Su1zq/Lyytvfe+um1jzpRzDGKVP3oSS0tpBvSzs1Z6Ws726Wettvwdrlr4b1CDTvFOjrJpV9eoNO165YbR5hATz2+4FJIDMxAJLADIBPR/FXX/hzotvvl1OK71KOVRDZ6SweFw43DeE4KjjOQPfgHHzL49+OPhzU/h5f6Po6Ga+s9OTdOx2Jb3UZ3BoJDkhnKngHIbkZAIr5W0jxZqOtabbZuHknYM169xJ5kqkgrH8zEkAKABgjORgGvls64hr4auquAqThBN3/laXK9Vt1vq9LbOx9LlOUUMTT9hi1CdRx1kk372iurbO711dknbSx7b4u+LRhW5kklXTbGN22wWQUXUwUnZ5jLhkzhSejFsgckmvlfxZ8cdevVNjoaNp9q8jM93Kxe4YgkbmdyW3HAOMivSdD+HOr+K550hs7u+klZnVdjiIBjkOXI4GM45xjIAyFr1XSP2VND05Dq/jfU7O2tghuXsjOqSYGGEZyRjcDj1wTxnGfjsVxFiMZU/wBoq1K8ntCN2le1uyS2a0V+ulz23wv9WhGWEpwpwSV5PSTb5bt31d321WuuiPiPSdK8QeNNViYSXt9JKwWSZxI6nJIOMEgEDHy8Dt1xu+sPBP7PElx5Ooaze2+mWkRClrsKrEKPmwDzkYO0ADJ5wQCF7ex1PwXpd3PpngmwtbdLYRpJdMFd2KnaWQnOTjJG3gn1Gav67c6rqOjXqRzTyQ2YM0SKTGrHrgsG4VQTjOc8gcg15OJxOLqvkpJYfmaabVmndbKW3krPbWxdDKZRd6s41LPVQWja5dHpfV6vTu3orm5bp8Nfh4kk1lbLrOpRlgl06oYF8sH5wGG3aDkcFsZ4A5FfO3xd+L+q+IbJrdbuG2tfLlNvaWZEa/L9wZj+UsQuSOoBx3Iqhq15d3ti1uHkQSQOj+XkqHAPQjJJJAbORk98V84eKYpba3jZ1ZmimYSEk8HLAZ/u55PHQHPTOOnKcvhTnKrXqSr1t+abbStyWcU00rcydtNNCsfh1SoJQgoxUdXs/s7t3u9eaz6a2a0OWk1W6vPtHnTchgChJJwTyNzH39xkjgEgipHJCqTszMJCyhOcfKCDg4AwxOSCRnGcnHFZ8Eg8+R33M28MAeMZAOGPTIyCM5weM9y5IzLNKqHAYkqv3j5nUKB3PJHA6g5PPP0sFJ293TSK20soq3ld2sut29bXPjnTi6jdrXe2l7+6lo2r3b36Ju3UdJdu7uGY/ulOB3PHQ4xjd3wRnoScGle4maAhhITLuC4O45IwM44XkHqMAeor1XwP8EPiL8QzF/wj3hy6uIZpEikvZoZYrcKxG4u7BQFAyc/Nj7vPFffPgT9hrwz4bt9P1v4o+JopplCSzeH7JwWyPmMbSKecjggAnHXHAPsYbAYmvyqNOajK15SVla8bvq29W3p6N6ozap0mnJX0i27325W3aWtm9FtZLzZ+bfg/wH4s8X3cWm+HdHudWupyq+XaxNKBuOFMhA2ryecnjGTkg1+j3wb/AGBDPbWWu/FjXbbwxYoVmk0i3ZZdQuVBDGB8srR7gSM9jyT1r638JJ4A8DQTW3w98OWuiLEhWW+kRGvJFGcvlgGO4cgrjJP3epp15r1zqbuxklnkCMyyyyE7d27IIJGDgZA4OAMdBXu4XIl7VRrSTjJJNPW6dm5JON3pfTZm9XNMPhqHtFB1JvVbSV1yq+unTXW2tr3Om0C1+EPwh04wfDjwRYjUowYxrmpRQz3sjR4/eK8inCZO4YCnGVyTUE3xW8R65fxLq2sCOLKokEUm1IlPAAjUgZIJAXnA9uK82uJY2RxcTSM2Dj5s85ICgk43dckegJyORwOp/ZLINqKyvJOjbwnmAbNhzlhnCjA4PX07mvo6GDyvLqcnUpQnKMbpzcdGnFprdJ3WtuuuvTw55jmWYVYRpOdKldXUE1fbdxV3u9unS59UP4gsYYcOzTSEM4YAt5hA4MnOeDzxjGeecEeV+LdZS4sJhdMsEc4kVYxgOwII5JIXbnqccck9MN5Ne/GTQNGsDLd39qk6wDexkVmj2j7pXIyflx1557nj5N+J37Sd3raf2Z4eDSux8sTpExLhvlHlgfMxGQQRgY5z0NfO4rPlTnKNNRiotqKjG2iatrFq6fne+7Z78ctTpx9pecrK/Nq9eS71fV3tZ2XzsVvib8QdP8Ozz2VtiWdGkZEU/KHwxG9h3zt5/ukjHQD5Qv8A4neIbi5eS2kKSTuVCoCcZOcgHknsTx+tev6P8K/GfjyRdQ1WJtOsGYyyXd4pjM+SCWbc2CoHUZIwAeBzXf2nw8+H3hO4QSQHxHrIwqRwANBHKB04+UIpxyxUAZznjPN9ex2NlBqpKnFRW91fSL1W7sl576JatYvC4PCSbcYuSldapu9otPtHtq9L6HzloPhjx/48uTCIbprZjl7q5EkdvHuPJAkA45zuwe/XnPt2gfCDwl4UWO48R3I1m9Zv+PWEh0Dqc8gFgV6+meARkYH0x8Nvgx8YPi1qKad4P8N3ltZyskY+z2rQ28MTYBee5ChFAXByuQQNx54P62/s9f8ABLvSLG4stV+J90dZv1KztpVuWNvDITu/0mZidyqSAe3UYz1p0MNh17XFSTe7lUd21poo35m2+umm+5dKpiMXJQoU5tNtR5N7JxspSso2bfR73VnZJ/j94H+H/jn4iXsegeAfCtzDG7eVDHZWTNKysPlLyKoWJcEsXyBgk5PQfph8Ef8Agld4p11bXWvijqn9jQsRM1kv+k3jAFTsLtyhxgNgDaSDxX7j/Dz4HfD34c28Nj4Y8OaXprRqvmTWVsguZnAXgz7CQB04Pbg46+6W2ixFkMkccQjUMqEFi3G3kccnhu2MchiRnzcRntGinDC0046r2kkrpe7tHW1tle+npY97BcN4itaeKkkua7jfpdNXlu9LeatpfRnx18IP2V/hh8LLO3i8OeFrWS/t1Xdq17Ak15IyhRuzKmOvIwoyMkfL0+sNF8Nwh0E0QLqq5TYAgwAMKMBc9AOOx2jGTXXR6VGX81jtwAdigJheOSMgfMQvB54II9aN94h03TNy70jKg7iJACWHBC9SSe/X8RivncRmGLxbS5pzv0W3TVK+lns+itdd/q6GVYLCRi0oRs+ut7W1+e2tt7rq1siG1gt5Hl2/JzsICqq9OecHB6qp28A88Cudk1OBJm8pG2ooGTwEOMDAHBLDqG9PXrxWtfETSoLdp5riFIwW2xl+QAMbsFuW9u7HgjpXhXiH41oPNt9Lji3RhiJ/4mAAwcYHJPI5yFbGOK0wWV4/FVPdpOzSvOStHVxXVatat2WyulrdLFY/CYVxcZwbWq5buTkred0l522+76Q1LW9K06Bp9RuUgUBmYyOoJODtCqSOM4UEAdcE4avmnx78adPtRJb6Mv2iZR5fnuuVTJONo9iuODj5c8dK8A8Q+O9S1e6eTUL2duARECxjLNxjgkdgCMZIUYIPJ5iGy1LVLlRFbNIGGVZo2VEH3hkYOSOOevqOOPsst4fhSalW/eTVnyraLvG7e13s16X6XPlsdnUqnvRapwju3JOTfu9Lpa6P16bXsa/4v1PXzJPfTM53FhudlGBy2RxyQST055ye/B3emPrjfZrO0W6VgAxdS8fcchs8fezjJ+Ur1Ga9Kf4f3C27XF7cO7M2fs8OOoy23jG4/wB4dDwQc9NXSNPmsnESW22E/NkLtJA4ySAMYJyRjkj6k/W4fB2UY8iUY2vZJvlvGy1TuvRX0vrY+VxebRi24t1JNWTvtZK10tdFr1b2Pm+7+BGswSjWvDWtXGgauhMiR2oYWUz4DeVcQLlSrEjIIAIJHfFd14H8bxw6gvhP4q6evh3XZWW10/VoSRpesE4VVEv3UnkOCVYg7iOe1fQ7QwP5cjMyIDiRCc/MoJ3E5wSecbc4IHQmuD8ZeE9A8V6XdadqaLMmN1vOAPtVrMeUnt5gdyNG/wAwweoxjnFdkcLyLmw75Jppyu7wkrrS2lutmla/Ta3nxzKVV8teneL+GSSur2vbRt9dL+avsW9b0G60G3kv7C4Z7MsGZG+dhu+b5doO5cYwR2PGeM5Vp4kRrUecA5YnDEtu3YyMgrx0yAORkHjpXD+BvH2p+ENRj+Gnj+db6xlynhjxTdMNl7HkhNOvZCSBcIu0KzHDYxwRiu6vtN060vZD5scckilo4EkUqFbnMWBgHAyD09uw64YuMY+9KKlFpTjJ295WSTWi1fVb2XR2OSrgpTnFx5pRlZp73d1aye+m11bo77ksuuOFMKbnkbaRsOQMr6hQO45IGT05FcveXesy3O+I+VagZkLELtfBJO7Ay3yn0yDk1x/xC+LXw/8AhraTXuva/aae8MZ/cNJHJdSPj7sSKxfc3KnaAQepya/PTx9+1x49+I1xP4d+EWhXNtYTM0T69cxNGdp+UyJkdyMqQzfeAyAOOHEZ1Cm3GMpVZvTlp632Si2ld66XaT7NI7qGVXd6kUo6aztdWtbXrtzbP0W595eOvjN4I8BWsl14p16G2khjJS1+0I9zMygkBURixyflAAPoe5r4L8bfte+O/HlxcaF8KNBmtbWVni/ti4jfeyk7TJGCBjIwcg9+u3k8N4V/Z+1rxHfx698TNZvtXu5H80QTSyPErn5tu0sQFHTaQFI719a+G/Avh/RrZE0/SrazWIhCyxquVQABsgA7m6AHr6jOK85vMMfHWX1em3dx+202mr69rXetur0R3KGFw94wUZySST0Seq1s7Pa71VuulrL5I8N/ATxL4wvhrfxL1i+1S7nYTC2nmaSNdxJKBSxVQo7AHjp2avrPwn8NtG0GCGHS9JtraOL5dwiRWJUZ3lim7JOcN6nowNen6fp6xsF8vdJImEIHAAPAC7RnIHXtjr3HYLZQOsZCxRsi89ssBySMjkY9OuBnqa6sPl1Cjyyl70rJubXM/s21k77+drdNzlqY6Um4L3YxaWqSt8NmklZJ93ded7nMaf4a2ZZ1Vcg7XABIyScEnPUYyw6HknrXS21pb2mC4YhvlJAwoK4wf4cHgHJznA6U1r37MjwtmQMzAOOAFGQrDttzwR8xOeOmKDeCcCKUIuUzEXKqo4zk45IBx155PzcE132p09Uorbbtp217aLf5Hnyiqkldtt2ejdmm466X8rXtrvqT3MMIXMjggoHBUYIBwdoJIJXHuSc9RzjDS+SIyJhyM5U8jbjpgDnA5x7t+FRSX8yl1m2uIx+7G4qHQcbhgncueTxjOR0BU4l7qDIMROn3QGIwdpJA2n5eAdx5wDjBA5GZnUi43uuW612V24taX0ule+i9VY3jSlTVrpp8snzJNtNq1lry2UbO91d+aN9rkMGZmyJBljuJ2jOQOeQoP5464zXMXtxIjoMuIQ7cbv8Aa7dlTrkngHpng1ROqRKjxmY7mIUjdgI+3+8c45I5GDjg9RXJ6p4jtIgYpJwTFlWYSDaoIJ3NnaPujkbh6ZrF4mNNJybs7PVrX4Xa6s9dXr0v2RpHC1KlnbRK7e1o3i7vW97aXu7X6WSWhqgfUf3gZhJbsDGwJZXweVHTA9+MnGeCCOV8UXiPpU4u9sZ8tUV2IHlyqAQ7biAAGwCckemOp4LXvjL4Z8NI6W1ydUvVBAtYdrhXbhgxHyjnHBOPUnv88+KfFPjD4lzeSjSaVpTnc0FuTEMZJXz5wVHKk5HOcjjGQPKxeJjJOMbyb21fuu6XV9Vrpa29j0sLBUEpSaVrNvrrbbS7uno7aO1uqPUtb+NOhaFp/wBjhcazq0KmFoIF8wb8HazyDKrjgAEL8pJOSAK8R1HxH8QPHzFZZJtJ0wZ221tmJfJJ4EkoYEEjlsfTJrrvB3ww8+cQ6ZYPq9yQr3c+wR2NsVIPmXV3KSpVNxJx94jGBgEdb4m8W/Cn4UWc83jDXbLXNVtULJoOkTILCCRAcR3NwmRLt4Vsqc8AmvMqVI04r21RRilrd22aez05V/het203Y6pValRpUYyaeiur6aX27O+tur7XXDeD/hMb2ZWstNOpSBt1zdzfurKGMn5mluJdoYKcliSQeDnIwer8XeOfg38FrGabxfrVt4k1iIA2/h3RZESxhmAykdxIufMAcBHyM4B7Gvgz4v8A7cvifXku9B8FLHomigNHHDYAW6eWP4HdQWmGDyQQSeOAM18Jatr+u+Jrme51S+ubyaVmdi7s+xmJPCkkjP1AHY43V4mIzujBcuGg5N7yukul03a706931NKWDcpKVZ3291Wdvhu73dn6LdPXofcvxj/bl8b+LoptB8G+T4Y0D541h01fJ2RcoqNKuC7AH5mOOfl44FfC+pXes+ILyS81O9ur6eaR3lluZHmO4kF5DlmA546Y6kZPBu6Voct0UjEcmXUAnHCFupOOScYIOTk84xjPr3h3wRJIsQjtWleQYMuwlccYZwc8ADPfGCcgk183i8zq1pP21Wy2UeZpbp2SWj89N9LantYTLpzklSpNaq8rPry3fm1utHe+mp5HZeEjOIZSzGN3GAqNkZ+XjjOM8ZyMY4616fofgNpVib7OMAjazj75wvOOOh6A9s5z1Ps+leFYNORIryNEIwASBggHkp0GSuMLnk8YzkV2NvYW5YRWUOcKRuPJByRlBwMDrkE98YB58t4qUn+7XMrx1s3dSlFW302a6brax9DQyelTipVpWdk3G9rp20ttfv1vbTQ4Gw8I2VirGVF+6BgMAHY8Yx94ZGeQMEZIyBx0dpovmiOGytN3HOY94XORnpyFAyTxxnjPA9DsfDQd4jM4LZBdmwVC9cPnoCoxjkdBnPFder6TpMZhXyEaJcu4fBdwQduSMkg5zng8810xw9Wo05yaXTs17uyenXld13bep1uWEoxSjFdF2b1XXXXRKy330vY8zt/AYRd10QisAy/3Tnrj5T0IIPbAHUZFV5tO0zSpGZIkdiQgfOEBxng5yOckLx1GegrrNa8b2yK1vBC7r/qw4IwpHysVGemcEgdcY5IrzS+1WS7ndWZQcAxIVPGMAk4JwWzkdTzxjOa7qcaVGPvS5norrSz912SaaW/dWaOGpW5ruEYu7SVtLX5VpbS19brybvYs3uoqpMcBKKSFc5wAOM7cdmbjBHX6EnImlMxeJSAQQS5JZiAM4xjBbPQ9iASBxlYo3lX51y+QWL8HB+XOOvPbJAGR0Fa9pYrG4eRgFxufcp3MVzkAnORjg9COcgMDXJXxqgmoy9/SyWr15Xtvrqr3bvfbrVHC1qz9+bjHTd6J2Tvr83pfbyKEOly3ADqrMCQd0g5U5wXPPOCc4PTkjjpsrp9vBlrlgwQDACnBY88rkbhjOBgckVJLq8aEQ2kO3aFYjPXnC5wT8vBJIJyQQelYd5q0cbAM3nXB+fG4siknjcOQAM9WwuMkdMDyZ4mtUd1JqLWqVtdtbtabp+SWnU9SnSwWHgtOea0va+qeyvpZPptsnbc2nvpFUC2jRMDmVhgglsBevOeeeOTjmsqS5SP5eZ7kAuWLfKrAZwSemAeeT0znP3c37Vd3pCtkKACrjG1mIHIHQgfdHOQAOOmdCyhJbMyqHkUruIC4K4AyBwd3XPY5JOTXPOooN9X823azu2tdXZ/O9nqYzrTqtKEWoq0erUb236W0V7p+SXRIVllHmyuzM+8EfMGC9yeSpIwBz05znOTfhjJkQIuNg/1jA7WyfTgHPfHTk8grVuC2Uuquw8sDG4FQpK8n5h/GM4b6898y74C2Igz7SBjIIAX5crjjGPmJIPUfhzTrylpHSPlr0XfpdbWfnfc2p07Rvtqrtcyba9dd1bV2erdtUKyRRCRixTj73Vm4zgDnqAMjJ4wQejVZiuPNhiSFfKABIkP8TAHOzdzubgcjnueCapzqQxd8SFiFDHI2jIO3gEdvUk/NgkUwSASJG2W2jdjjByeSACcDHI46jn71YOK15rO9nv3cfJ2euy1bSubJbJaNLRbXV0ldPr00u7K6Vr2sxxyNuadt/UlSwDE9Q3B9jlcAADgGp0mJXyRhHOGbdjDADICgjgnOe57Zp1pZT3UkaRK8juwI2HKpswBuPACqDlgck5yBxXodrpGi6Mgu9evbdm27vs6snmcEHBAycDockDLcmvNxGJp0W4pNyk37q1fSz6Nd72/zfZQwtSonLSmt3KVldNK76O/orfN2fMaX4b1LV5Yhb20nl7syMwYIefXoQPrxycAGu5fw94e8KoLjXLyOeZ1HlQK+4Kx5AYAn7nrjJwR3yaF98SbW3tvsmheRbxMjb3K8qMYDDGcNjbwzYHP1HjusXs2qTxXU920kQY+YWYEswY42j+EAnI4A4Gc5BHPSeLxFRc79hSTTa+1Je71Vt790lZ9dtKtTCYWNqaVes1HVu8U9NLJ3eur2S08zqrbxL9q8ZWsdhbtHbCXylwcFk4BJ/wBrB+U8sODjoB12vatOk06/O8jyAIxO8IoGAoGcA4KjOOD1Arx7wqEg8RWTiQuzyM6gk8AnCnuRyo64IOc8gAelavfabpkstxcyIbl3kIiZywQjIyBnA65JyAQM9sD1sZhoToYaEIyk+V2Ut3dx7+rbe9+10cOExE5SrSlNQvq9F7vwr12dujve+2lJbS6Kme5ZhE7FthJXIbJXchJxgZO7AznIz0qrf61aWERQSRW8aDdId4JYAYzgA5YngYJKnngcnJ0+fxf8Q9YtvDngXQtQ8Q6ncOsSw6fBLOpZmK/PKi+XHGoxuLNkDOevP09pn7Pnwq+D1nF40/as8dWsupRqlxZfC3w3dpPqUzjLpDqUkbEQLnAkjwSQTk9TRQyypNpz0V00kk7bO/Lp873tr86qYl8slSb5etSbSW6dld79L3UU3rpe/wA++Afh98VfjdrKaD8L/C99qMbSD7XrM0LwaXZRFsSTXN9KqRRogOTtZuhJ4NfWsnw//Ze/ZFs4td+M+v2nxj+K0UfnW3gnTLmObQtNvUyQt4Y3ZLgRy/KS2OjAhlBFfOvxb/4KA+KdQ0qT4f8AwL0O1+FHw/RHtIbfRoUh1W9gI8vzbq8jAleSVeZMtjcT3yD+e95d3uq6hJf+I9QuL67u5nlkkupnmnndySTJI7MeSMk9Ac9Ote9hsHCC1jrolfdbLXddl1Xq7Hg4jMadNpRn7aolbnlbli7R+HorX0S1vZPQ+wPjz+218X/jcW0LSp18EeBIB5On+FvDY/s7T4LRTtijnNuEEhCABi33iSGGSM/Fd7p5mjllkmlub+STkFi2/HLb2JbczZzyQx79K7PS9J1TxFejStEspJXlZYwltG0jOx4G3aD14yWx/Wvtr4Y/svaXpunxa78QrlbVY1Ey6c7jzHPDKJmPJIbAKnI6jkV7NHBVKnK4xdm7Jq/dbLq9ld/PY8LE432t3VqLXeLaslZPSKt666Pbtf40+GXww8WeK7/Gm2U6IWCyzGJhBBE3Jd5GwCR25x0PHSvrfw38O/AfwuP9o+IBFrniHOY4ZNrqkp+7tQ5GAed2Mc55AzXvxNno1qdP8JWMOnWbq6PePGscZjTgMuQGkYYAJJPOBwTgfNHiOyim1qe4vr2W7kkckSK24MAeEjX0Jxkqp4JxkgmvrMqyaKSqSi6kuZRWibUmo21fup22/BXR8dm+c0sPGMY1YxV25e8rtJLVtaq6astLK91ZHsNv4l1TxarW1shit1wINPtRthVRyBIYwFbaOCBgZycjOa39F8KwwuJNUkVXLgtH0BHBI4LMQWAHUYycMCSaqfCfUYIXuI/sUULLEBAWHHyowZnB+8cEglsZx7ZPUSrcy3slw5Jj3yeUD8qKC2d6/MMAE4xkAEDqAa+2wWTLmUqkbRVtFd22/Ra2Wt9T4bM+KIU6cXBqbblre1klBPbVX66a7q+rL1zraafayWtlAIsgCPYBv28jKjsDkYJ/2jnnC8veahcuhkuJFZtjbhuLBABkJ8xzgkYbnPcDAFPn2Gd3MuSrEZORk5IJUc4OeS2Sc5XvWJcK0zYUssTEqXIIyO2M5z35HUnGT2+pwuT052cKVppJaJXt7vl1XTppqfm+b8c1qUJweIUItWspRSS9130b0Vt7HPpe3cwuJbgqIlkBKkgBwMkYwBlNp28Y6bj1LGNbhiwW3JAnbAGCQV7qCAWcgtxjJA474r6v+AH7GPxx/aX1q30r4a+CdWv7N5EWfWJ7eeDSrWKQgNNPcuiqQi/PtBbOOmWAP7i+Cf8AgnH+yl+w34Zt/il+2D4y0fxZ4us7cXmn+BLeaKVHnjHmJbrZF2a5beAu91VgcnJIJX38PwxGpOm8XJUlPlcKK97EVIu3vRox1jDR3nU5ILvbU/LMy8S/ZRqRwc54ytHmjKUG3RhNOKUJ12uXmbsuSPNUd7KN9v51o/2Zfi94p8A+IfihD4R1Cz8AeHrdptS8TaxE9hYyoVDFLM3SxmZiBhdoYPk8jkj87fiFrMEFtPZwvsEpZYyBhY41OCckkkHnBJyQxOcDj9v/APgpV/wUh1j476HL8L/hvo1r8NvgnojCOw0DSUitJ9SjhJSBrzyFXzFKBTsc4XOTnnP863irWZdTuiA2EA5IG0FSxCpgtwSMjI9iRljXwvG6yfCYmlhMtjJ1KdNRxM+ZVFKrJxtGLSS91WTtdc3Mk2rM/WvCRcU5tg8RmXEUIYenXr+0wGGVOcJUsIlG0qrk3JzqStKKaVopXSd7J4b02TWtctLWPe0HnrLKQM5VHDEn7uQcdfTOB3r9LvhzZLaW0LMmwLbxDaFxvCDGR6DrtIzngbvT5h+CHgdV0/8AtO6RftFy6yuJFz5dvgkKrlQCWUjAOMkAEDjH17pl1HEFhRVWFXC7xhV2DGVXn7vHYE8kDHAHp8JZbPC4b6xWsqtezs0+aMUotL0s9rd9XYjxEzf65jYYDCu9HC2jzJt81ROKl5XjZLXs3ukn6DqZWPTTIGVpLhlG3kMV6DLc8DI6ewJxTYnEWg2MSyBXefe/fCjdgnBAxkbQMdCTjAzXL63qUjJawR7ccypgcKuSPXJY8sVJznHOBWqs8iafZqFDAoSFOWJkPAJxyAPm7FR7dD9JXpqTu+W1raXeqStrp1eu9k97vX4ajUnQcNZK8tW01f3YdU0tZX1e1zN1CZriXDSYiicgAjDMxHUsOMEYI45BHU8VxujWpkurmUhZM3h8skfKvOWIPPG37x74I5yK7GaJpCTIG2uWxsAOwgbdx5GTjvkBSvy5rF0SBLezvrt2LCCadlOcBAA3zk5HXIPHXjkDGPm8XJwk0lduOrUdVrFNJbaXuk1ordD7XL67qQvL4Wk0m9dFHq21fTTSy0INJjNxr2rXr7H8qWK3UAZ2gAFlzztX5Tu/vLkADHHZRWyTTMzsqjLlVAyOgCkEYHB74IPHYHHA+Eiy2uoXMk4Bu55JFXrks+0Hcc5wACMDI7cA12dvJJA48yQHER3KOdgOTknhiSB26EkAc4r5+teVT3eV2t8Tb1tGLvbV6K/RK7dnqe6pwjCCldfDJv0UVfyukvNpN2a0MzxRezWmlyW6SKBPPHbJgbSy5ywyeB15HfqTmvjP4+awLTw7/Z0T+U+rXiqwBGTHbJxtA9WQ5yCM55AJr6y8T3T3s2nWqIqwwbriUuMuSQVQnHO44yDnqTyQTn84fjP4qGqeMbu2t8y22jO8EcbfcEpOXYDouMtjvnIB6CvlOJMW6GF5bqMpJU2r662vpu7K93+O6PsuDsGsRjoTlFunTXtHJ3srKPLfv71l6J7WueIMryM8WSAmeJOpHI2r05YAHkknngZAMkMbGPycJhAzAgdwThVAA5znLdcgrgjmmTXBuMynEYdHwwXDSEdcnAOPl+h/hqta3Rhl3I7OclAM4UE5yyg5xnqR+ZDdPzRuq1zXWl732tdWune7S628tFt+vpKNkm1r62u1tdLVp69fTdMuV8yQj7gUruUdQRkDJyc5HfOcqAPSpzBLaIXVtrSqeFwSqjkZP0AyT3BB9D0FrYC8ZpfKAjAEjNgtvIADLnHA4/MdRms2+kYNII1wHUopYHpjPynGQOD0BzkY7ExCvdxhdXjbm+LdWSWmuvW2ieqbtduzTT012av7yTVkr9GtW907p6anKNktg4yfmY8fNkjJyPUDPseAMAVC/BOOTu6DJIGc8+vp2/x1RYyyx7okCuTgszfe6Z2k8fh1GAeelZ8kTRBgwBKvsIUnJOSATkn8eOpwcZrqUoyvqnouu1rNbK+qt9+pko7X3StdtrRLb8LW1V/mRK20BnGRggLznJOOnGO/B64681MFZgGZcKxOD2JAAxgdctxk8k546ilSIoqldrlzgjHJI6pgjaQehxkDaT2GNY21xcbUgjygwSiruRcgZLMGyMYLENu/MZUm+Vp35dG9bO/wdet7dNrKxVrJve2vTr6efRvd9rlCG2lmlCBWJP3QO2MZzyO2cc9wD1FdYsDafZq6oHlYthhjkkZ2rn7wwefpzkZWoY7aG2SIvIpndiSynGBxj5hx32jGCM5x3p9zI0sa2iOwYkEksCASCQAQQDgg7jwR9c45J1JVJct3KN1FvV321a25Utl5ablQUXurWX37PdaK23z+/nrkXEvzS480biemQAeAB29sckggdCTWtbaW6fy0Vic5JIJGMljuyCTwDyBxx05rYOlXTK87SJ8jHq4Yhc4HOAGbtgDB6+taNgsdvDuARZtxaRmYBwgxxg9einb+OOCDuprktGzlZKyvZOytfRbduqsrdR8t3rfVabdl0SW3579mqaXJZIkpkDsOFhQbSwIXggNzlsHOR8vPQk1BfalcxwNATsc8OFRlPl44UYbnIPbksQNo61DqWoSylZY5XEm7YFUljgDGfQN74zzyetY8tw2XkmYPK3G5sbh3xkHPzfUEYx6ATCmm1KcVfS2nVW17/Z3dm07PsTK12krLTfdO0f8ALf8APcUzPGrCORhkEsFJwFJBweT8zA7QQMZOT7VN29Sc5ySApUEAktzn156k/e+UEjOGmZ8FR3BJLce44HOOpByeBjnujBsAH5VO0EhcHnvgnn5SDjBJHcdK3slZeS0V7atK2m29tL2++2b6bWvdp9la+n66WI3V8ruDEKCPm5yeeFzyen48d8UYZSD14BGCQQSDgkg8EHoPfkdKeGBXaV5GQp6gAEnlsZ2k9+wP5yFE5EbnnnBBGGYZIPuAFAPAwQQFxgUrOzv+Kurbb6Pys/PyDtdbbdddNn0d319bkK73OTnIOCc9eOw5xjjgHnPUc1ZthIXBAIC8YUncWBAUjA4B4yRkjsDUlrZy3LmOONmbbllByOO+ccjIIAycMMddue2sfBetl7K5SDas3zJNsIiTHdywGCOcZ44zySczKUVBq8f8LertZJ9rXsmt7+W2NWvRormqTjCNn8TW9+i9bX1ta3RIy5XvwEhkiaEyhQGIbzSuBgjIyx78jgdAeBVCRZXzE5kZY2xvdSpztHGMKThsg4BBBxnnFe/atdabp1ppmlG2tbrWN8by6kwXES42mMgcYGB6cgn+KjVtAtta0trWK1tIbi1dZWvItq+czjcF2gdzjg8t83THHLCys7Wk2tX1Wmrb1svwSvqeZ/bdJTg3CUITlyRm7LRW95rRuN+Zrdta6qx8+w6Ze3ocwwNiP77IAdqjIXJHTOeCDz/O7a+GtQnljXyjGh3AyYAO48k4xuAIPzfNjA55yR6v4TsZ9Oku7fULbyYWYtbSKpAnZcgYJHKk/N79DzzWjDaSyzyXEkexFnYnn5Ew2DwMDLY5BHQBTkkVjWxrpycYpe7rfdv4fs2u7tO2i0evc6J5hBXUZQlG6aldW15bX10vdXurpXu9Lnndr4NWfYJpgjByPL5LAYwWGeoJ9hgj7uCK7yz0HSbGBNkJLkeWrAcSTYC79vU5BHtgHjtU8jSidpAgVgWMQQbWZQfmI+uRnrkcDmtyLy7pIQ8cyTOyEMFJSMEZzwBt9TxweBxzXn1MRXrNJy91+8ktE7W021Ttto9U77387F4+cYO0kopOTtJWdlt3dktrvdWsY+n+Ht1pqPmWiksWJmxtCNngDpkH7x54OMYzx0vh34Kat4o8Na/r9mrzy6bBi3t1w3nsBk7GJGG2nIBG0DAPQkdzY+F9TXT9Qv5LS7m0+GGMOJInjjmUgEyCQjaQqgdCx2j0Iz1PhjU/MT+zNB1caLFeWj213HI+1XZMl5EBypIOdrHkAnGR03UvZTh7RSbaT3WlrW083bq/da11Pl62eYpxm8HUTlTrU1KbtUjCEakXOLSdpNq61el76W0+L7Xw3fSXctpdW5imjZ4nO0/umBIbePvBhghlwQckAnBx3Gj+H7eOSK2gjWS6bmOVsI0bqCGO1iPvcbSSPlB75r2+x8D3Ed/eXTzPdF7ooLzAFlJlsiaR8kEsFy69mAH09c03wB4QER8ReJL2BTB/o8ekWqiN7plU7Zo3QZILYztHI53cHPVGFStyN+6nZq7V38LVuV9rb9/K5pmfFkVShGnJuUklKMfik/d0sn2TS16vsfPml6RY4uptUMVubcBGD4aa5UAbzFnhTjOSCenTJ+Xoda1O4ht7XU9DdpNJskjijhlUSsxHDK0fXbzxnHvnIFR+J9JXUL7z7GKKyhhMytDJJ+8SGNsK4BILSsuGweh4H96q95oV2dJttW0OWeNLby/ttvMSwuQuMyRxAYdV+bdgE45xk8duHwMmlJrmaStFpNuzT5rO1u7102PInj41/ZSnUTlPSMKjtBOVrJysmt9XpG9tnoV4PEOn3d4L/VtMmWa62m3uY0aNISMLKQp4AGBnOT6eokvvCZ1qe61Hw1ILqydR9pS4cBnlOd0arxhegXAPrnGcPi8UrrNq+lvokTzOgt45Y4wHUgYMkI+Uq3dgOrAnr0pWNpqmj+fd2c1zFptscXULFopWwCM7QAGGepU9+D0q69P2avpFt2iu90r2vouvNdbWt0RaclUjKEvY1INuKc1KnUd43abt0vdu+nKijp1nqvhy6ud8SQrKojCSpvhDE8Ij9CQcEkcAc8c1dhsb651e2WOVjPLMxlkgXcioQMsWBOF5wRnnJyTg5uf22/iCym0pDII0kNw8syAzRKx5AkPJGOoBP5kV3Xgnw46X8L2eoRtbySFSxXdJISgzEO6bs4J4BPQgV85nGOeCws5ym1eNl6txVkt1vvG10nZlQlKrKUp01Sqv3bpR1ty3lH0tvGz16aM7zwfo2jaRNGw1hEvrxiuo3dwoMMMTj5QmVADHkAZ29PmAIr3e6+IfgHwh4G1YWujWN54hjVl0/UgFlknZQxa7uFYHBBOV6Y4C+o+U/iXK3h0x2Mc8YjmTfLDbNvka43EgGRctwxwRkYbgYNeV3fi5ZrW1sYIroshAntnBZpiflZWbJKIMEBfRiOvFfmv9k1M6qU6tbEVYUHVU5UY1JRjOKknZxbel+W8dG3fZH0eXYWNKMZ3tzWtGPu3W9mm5aa31acnfRaJdDf8AxEl1yW7sJJJllurgyTzR5ji2MQzIkajAC5O3GAQep4zzLa5b6fPFp9nvbY5U3TEMRG/3ioGctnoC3QZ5GM3fDWjS+ItZmh/sp7YXISEyRqVit1cbcyOBgBuMIOoz8wxk9/4W+FWo2/jG4tNWsUTT7IC9eWdti30SfcELuv3T0bJySeM8V9LKrluApypOdKm6NOMnDRyko8tkldXbulbV63eibPSnOMebm5U0lK27ktFZfNXV++uiNn4ay6TA2o6pqWmi6t7gm0iurwAC3eZSrTKhyHI5ZRkcfMeimu41Tx3q3hazj07QtPiTw6izMtytuI0vpGB3EylSzYUgFQcDHy88sXd/4XWx1SKW2jtIrR2GmRAhLdpVG0ksCoOAOGJ9cY5A8y8a+N0n8O2OjRS20KgBFiQrIYd2R5u8HBLe5Ckc5wK8CnGtmOJVRUZ+x5o2UnJKK0lFpSlytpXWiaTTer1PJnz1pJ2ainGyTeik4q9n7t07X0erexmS63a3hkvL+4aFr8s7QoCfswIJLIuMAEDAzj6jArz7xF4nSdILLTo1jsjmB5pOJrnafZuQxOSeCD2znGXZvey6lBZzxXE1hLJEslx5b7THu27o32kEORghQe27jkXfE9rBZ6s8FhaJ5KBJFQsHjiRdvzDPAJwCV65BJ4ya+iw+Eo0KsL2laK5dL25XHTTZ6PT0Wmlu6nQVKcJJXUUrJ6u2l3u1e99Elbq1Y3vhVo1nrHjvT4L3TXurSMrK1uTsiaRBuWNnIxGgKsXY54JOSQa6z4rWOlDxhNHpgaOcXEUDWcJDRJujx5NuwwXUcpkYyoHGeat/Bu6sLLXF1PWVd9PuWWF7W3IE28ry/wAnzBccFVHPTByTX0+fCngvV7u58XjR1W2tLy3FhbysVme6jZcEwnDyq5AGdy4fg85x8rnmdxyvMpVasajgsPKEIwVlz+60r6JKWjbum+VJPQ5cVmkMJiJOppH2cnC61v7rV2r7rdu79DO0jw54SufBmn2Wqad9h1dLOM2sKOUmS8IGDtAwzSqQ2Tja+R1Oag0T4WtLKXgnLmNmupbRY/NukZM7BIBnAY9T0wSOAcjpfHd3fQm1+06ZFYXcwjniiVcStZxrmM8Z2OwC4IAI29dpNZdhq/iOy1iy1DRrmWOK5gC3LojSxoGXayTzgY6nO1huXJH0/MquPzGpCpiKeIUI4idSS9rJW0ko8t20op31lr08z5jHZtKMHVdRONaTcYySSi00vtNJJvV7tLfdGv4m8C3mq6T9v1PT2i2ILKOJY1haOXYEjnfBUt0zg7QQTnDZNfL+vfBbW7I+Y0zTJFILpZFyUSIsDukYMSrqMDlcZ6N1z9jWd3quvXcejXc17qH2tZ23ASRLBIu4LcYBJZIwMjnG0HtXz/45n8U+HbqCKWaee0e9eBZllJju4w/KsGHEca4yCcAkDIBwu/D2c5tQxEsK61FylFVFSlJS9pTlyyioyTlZ8u9927rrfzsDxDVeJ9hBw5nGD5NGpQko2tJaJpaPVvR3ex43rOv6z4aure1mldS1ug8xHZYnt0B+RvlC8jJ3Dqw+XPfzD4meLNB8Upan7LPDqFrabRMMbZHAwWZl984Lc5yWC9K+tPFeveGNT8HS2WneGW1TWXtZLee/mj3vZSlScpKcgxAjKgHgH1wB+dWvi4tJZoZIZ4p4rh43V8jncSFBxwigcAHBAIAxgn9r4PlSzK+Iq0PquJoycZRUlecbpXtdNxuu+t3ZvY/Rsoq08UvaODpVovVX+Je69E3dLXu9k90SaXcpFqFjGSXUzRMQeMvvzk+pyMZzySTjrX3zpJjfTLOZlUM8MYIxk7cDG4kgFAeevsRnp+dumzk3lo0m0ObqLBY9vMBAyB2GDk9OnPGP0D0WUHSbNXdUP2aJjISNmNgwoGD6E46Hnbjt/QXB7pUp15zlZqEJXb2d467OzafXVW7ngcfUp1sNhKcN5Tklpu3yXbv5X8n0O4s7wWCRyrhwGwSp6HGCgLHI478nHHevP/iH4313T7dbfTLdZC4DvIoEnlKeAn3gAVJOeQCRnNYuq66baKVXuo444gxQ+cF+dTkfJkHaMZA7kgnnGPE9Z8V3JaYNcy3ImHlZ3EKgbpgfMScYOR17nk59LiXjKVDDVMFhKsoSceVzTUUlonvd7J2t33Vj4rhvgGisVDMsbCNWN1U5KkPdu7NJxe9nZ7PqTy3Go6xcL9rZJg7bpyxIaNxj5WJ4HIxhQAB8oz1MWsRWlhF9oljeKIqieUpI3k8BtxHTknqcnrxmo9Ehu5b63Oy4vIinm3Eaq3yhQSu4hSPk654O0dyOfS5tMtvEMFlBqtvNBYKzRxMIyjF4+VVjjvgjsM9VOTX4FmedOOJvVqKau3JqXNJbO1r3lq72bS0vayufrN6dNQhCKhCPKko20SUVyxUV9lWXXW90eM6bpaarLNJpEUiw26hpp2O2Qd5AAcElsjA9QQAMYPQt4Uuk05mjlmxNIAbiRtqYbqByMnJIyeevAB59dufCVtoGh3F9BthtSCxgVlSaRXXCGQ5zlSN2COckDPbzt/ESS2o0Z5ovlfz2dnDBU52oGwCMcc4yMtng8eXQzStj3KeFV6MJ8t2k3yqzT0fVbWTdlbfQU03LmpK8VbfVpaWve+r9G42sn0Od0i0XSp557lXaJEMDByfL8xvlEi5JLZ9cYAAPTrHNc7rqAW8SGAg7ZJCqMrMWDEktxj+Hdx0bcflrsEgg1KzdCVjuI3LqpbKhFGQwHQ785PXI9dprnrjS0m0+5G1klD7jMMhfLUnGxR/D8ufQ5boua74VIzm1UTU07JaW6Pz3a67J2OeXLKTlL3JLdXto7d093a6026G1o1iNTISWcxIhdSpbc8gIH3Acb1GflGQDjgZwTMNDlF01pc3XlRlmMZZT5oTAxg5HytwBnjuKr+H7eKGz2faNs8ZEvnM2GSIAYUdyTnB9Dnquc3dSnk1G2n1G1uPLls4xFsYfvJAMgsTxuyNxPHp1ArnqSqKrKMbRjJcqb1afuqPXe7Sult01u+WzjVsmlF6RlzaqWi1Wq0bS2tq97or+Jhc2NjHbpcOw4L5O5I0IwmzHUNgZUHjnuADx6XtuqKRuimiwhVCQhUnO5yRxuOcjqN2OSM1o33iCFrBo3LzXShROJNzx5AyCCeFPpznkMOMVnaVCsU8EtxHHJbzyhmOAU+YgqpckAleM45HOB3rqoUqkKEpVH7ybsk3LmtyaWTklyykmtvxOqnBwpvm0d7K8m3dpXv2tLW62+46S5sYhbWt+YlEJRRcKyl25K4ckAYBJLZBzn061j3mrK1lJ9hkdpYCRL5gyUXdwq9MgDO0Y4+bjGK7CecTw3NhF5QjJUh1O5FG3AiDH1UYxgEEHBB6+Q61bXcVxcx2ausR4ZY5OWlB+bAwchh0JJCgZqsJB158lVSXK5WbVvd20bdormTTemmtu/Xh1rFTsrdLN3Tts7JJXV27Kyendt1HxHc3du8cixrHbxgBnGJDu+Viq9COBxxzg88A+enzcsu4t5jF0cfKqrncBxtX5gDyvBzjq2B1lzo8l6mLqQ29wIxiOQfKcAncR0JJxkEfi2M1z66bd5CAExIWbKkFWIyAUUDpxzjBxk9CtfQUI06cbQXMkle2vVK7XZLWz6JPpc9/DzhCOjVn103vGzs7eVtG7K62IILpYJArrhvmXJxuVsH5sE5DZ4xxjr04PofhwNJE9z9oWGQfukPAcKTg7ieNxBAAyOQeaw4vCElxZi9gmSSZSrOshxtYn5VIx8rAYG4tzxwe3R2NodOtltjCZLiUFgY1PE4/vY4+UkDPTI785MRUhKnyxa0dt7PXlsk0l9y1tfS2rdfELka5rt6OPe9tFZ28929O12upsWe2uY5Z2dbaGZyJQRvdiGOQCMjnGDxheOABjqLrw/rGseTqEHnFJUPkyyjEUSdVLkZDFgAQcDg8H04PS7a+l1CA3ayyW7gsITlVaTptjXPzEHglc/iK9Vi8Wy6ZbW+l7GUyzqr27APHFApGFA4IYKOmTtOTztGfn67qwmnSV7aNPfSyVtUndNLS7vfo0eRPFezfNFartZ6WtZapap9E5X+VvLtZj1hZ3jvpGItFUBQpAkA6kdsL6kAkggDg11PhrXTpwM99DctCFBjc5EmwFdwXg8DuQD7gk5rpdavIL7UEuEtY2sY0VJAqqpcjOV24+XnoRx6dqwNVvoEmtrRIQyuCWtgAAsZJxGWweGHJzwMjkk1XM5w5JU1q25fE7apN3e60ve35nPDOuWpaz3afxapWXVaXXlvbbY2Nb+JGlXp+ymyEkZixBLdjLK2BkBSNzEYAYkcbskt1rxfXbZNehmk8qG28ss8ShQDKWBw6gdc4P3uAcetepavpttdWNvNp2jYuYApkkCb4YgRwGGCGx1wD1ORnnd57eQX2n2t3Je2QLyEeSoYKyqTxsXA4J5OMn05rbDSVOSUHb3rWfM9HZvva22q0Ss1Y6KePjXqxkpJXaVutrK99no27PVrRd2vDdR04WpAL+ZJtYMSp+UoTyVOSAMDqD75NZpcKFTGTkpksQMdcgY+YD1z8oB59N7Wrt7qeSTy/LmLMrnaNqckYxxkt3JJJxn0Nc+wTCZkVGGdwI6twNo68E4IPOM19DScpQvLV6W3fS+ie6V/8AErprRM9yLvBNtt3Wrv1a317fc9VZ6k6EL5oDZyN3HAyAMEHqT1GMdOvYU+Ngd/B3hVwCSRk5zwDljgduCcdsUxPK8ptxG8cHOBu+YnHU4PP3u+cccgW40TbGy44B8zkgls559eRnnpwSec1TW1n2/S9/xS187bA732/Bpu7i7u/xb2snvfshsSY2Dq6SAYJ5YkA4AwRxz3OeT2NaZVwI3GIw5ywU8cfxMe49OPTkms512MrglBv3YGWKBVPzE917j7vbOMir8FwkjOwjJL8bn3HauADIozjjAwMdcn1znUbSW/Te349Fe7trbrrewSbsmn5NXd1te++r1tr06ovMkk1sWVQBGMl1ySx/hIAwQD1AzzyeMHLLV5wFeNjyVU7wFPH388jOV47DGPvYrQmmaK1gEaIqMrFlUBtwAJ+fBGAxyT35BznrnSu5ETOoKSP/AKvqQe/zDBGeCwxzkn0rmUpN7XtZemvy103asn2HTk0111Wlnfp1S1t59EiRrm4SZ22uyMQBtG1GAPzHPt1xnnqRzU+lSFtb0mTexY6na45JVcSovBGPmDJ26DnaDxTXKFdm0sFbOxcFSh7dcjK4zzy3TIO2rOlknXtEEcQaEana8bc7T56ggEYBI53Hk5BBxyT14G6xVD3f+XtPR3v8Ub66a2Tvtbv0XLmtR/UcXdb4Ws7Xei9lJq972belk1r06H77eEomHh3w6C2QdNsyApHRoE6A5x3x0z82M9/VbCJQq7l+6McAjqSeQO5GBjnGMZHbzrwnERoGgBgD/oFoQMYCD7Om0AjIHOc4wecLjHPqthEWVQQFGctzg7d3XPJxj65HHJOa/s7KKMvqOHd1G1KjdaX1jCzvbVpWtbTXzP8AFTjnEt51mTuv99xF29r+1d9rLV7rRafMnuBttsKDzgKDljgg5PfkDOST1xjoa43VSVicHeVG/AAHTaWU8ccBjnoTnJJr0C7SMQkAYB+6qnuRz26gnGD3GDgmuH1KLIctlvlkGQe+0knGevPPGcZJOBXNm1H3Jrd8t3ZPryvfTTz33W2i8DJK8o4rDvn1lUp2V76qUbXXRrRu2ut11t5r4bkU39zhAqBbosT94KqsMnjAGPbsOOBj8b/HOkX1z8RPFklgVVZPEV+u2LaxMbTMd3fHJ9+2QQDX7NeG7ZPtmoMpJfy7xnWMBnCBZBwT0XPTJ5xyea/GHxJqht/iZ4y2C43nX79YthHAFycZBOFbdjfxwDk+/wDLHEqlRxlfl0k5zd9mkpJKz2b6X0+bTP8AVDwQkq+Xe9qlhsP9myu4x11137Oz1tqrLqPD/wANYbyNhe6li5ZgTEAPMUqcgAEsSGLYOPXI5xj13w34Ffw7Bci4klLXG7AccbMZypJyWwCAB2IwMKceb+GteCahKNRd/MZQY2VOEYDgseMjjBPbAwOQK9Rk+ItuYYYRJ5sELAG6dC2HxgbcgZ4yMAnHH/AfzLMMRiJydOznzXTSXmr907pvVp6ddj+gK9CMqEoxSTcWlrd6WWqWuz1et7+Zwni3WrWKGS1WWQfYyQI5G2KX5IHIyRx9057V4zZ+OlsL95Qs0ZVMM5csM9Si8kBW5BzyMEVsfEDxDp2q6pcLHbSiT5mjdRhHkIP73YoAAIPB/L38QaObcyyR8ySfI2NxO7IPPXHJb5hke4247MvyqjUw8VVhBOVk1y20SjdvRW7b6WT33+Rp5PRlUn7eOrlbbRpJK9rX0UUu11e9k2fZPgX4rJqDok8SLNaq4jQjEZXIXJxnc+0k4PfPHGa9H1bxfa3UMoXaiuE2xLglsZy/TK45JGOQM4wOPh3RbfV9PjZ7JlEgkVto+VmCccDnKj39MHI5r0Oz1zUo4ytxFvupCCGD7jtIxwuOUG7PTHBHGSa8fGcLYepiVVpJJLbRJKzjdfZb89nZuzvt4WN4blKs5Ye/Jo4px78uj6Pbqutu9/U9S8axyW2wPILoy7IiMD90h6rkDGRnOMZxkbSCB2nh/wCJFiNKhsWla4cSPtLDID4wUlHpk5BznjjggH5eunnuLpHPmhCrfKF2jdnljyOB3Oew4wTjk7y9u9KvB9nv2BDNxGQgDMOcr6jjvnjOex9Cjw3hcRCNOSgmnH3lZtfDfo9d7Xvpsjow3DDdN8zUZPVaRXKvddrdbX7Lp0sfYnifxTDbWxvGRZJQgMcsLAIi7iCrnPC5654IJA715jd/FVrtorCKOG5BIYO+2MyjA+U4G4BQAOT05Jzknwc+INXurd4ru6lng8zIiJBJH4Y+ULyeSq9T2qkBHbxLKZTtcsGk5WRMjiMDI5Bbsfbvur2sBw3hcNKMnGM5xkndqKsk1tpZLRbdr9Fbso5BToX50pSbXK+Xltaytdq36deh65qFzDq2sWcbSRi5kCxNvINuoY5wx6HZnHB4GTz0Poi6Tb2drPeW2rW7XkdqRLbAqkS8Ywq9HzjC7QSRgg4r5ys7hGu7eWOTCxsN6uSDIAcs24nOGGMNj15Geeml15rqQRwkRRopj8tiweQLuIIO45XPuuOecYI+yoRp04pQgl02emy0XyfTX0NqmEnHkpwjaMXotbtJK1mrdH+lktu803XZ475ftLGSZotqxxqPLKkHjjgHgHO0nqOOa9m8G+IY7OWa4e5+Rbdv3uRmNip+QITyRk8jqck4Ga+Z4dZkezaURRmfeIxcL99R0KqOpx82QOoGQMkAaHh7X0jkeOeWQFpGJbOFLAkiMKCSCx/hH3eR0waxxkIypyckr22d1Z+611tezT2S1Wu99IYepGSklypJJ3euy5VZuzd7WaWlvQ+mYtci1W7MivKkUe5juOVRg/yuenzSHDZJPUAdQT01n4hkQOlrEEuAuFdVyZiuAWYZ9Aw7H5uMEAHybRNRkWDbFb4klPmbynVOSAVPUAcgfKM46E4HYadqEO6bd+7mzuDp8rFO+EIAyBnn5mxzgECvhcbS520rK17Pa10l13sl2TWhMa/LNpdLpvbW3fql0d3fS91Y72bXDdW6yXUBSRWEUs/O4ZGDtXG5QemBznp1rA1LxBawWjTLPO96MR2wXIJTIGFViCNw4OD8uew5rldS1VIiweSdYiDJDt6yOTliygfMFI9OxyNpzWBdX8MsX2u5gkwvClgdigggSr8oJLZBZSOM9M5rwqmFaqXk07NJttNvZa22tZ77Kz1ZsqzmrtS6O7XV2trHV6Py3b3Od1PXf7Vv1ubl2hNvKsUSE7wxzgsSQACONxIJJxyRnG9qMmlXmlXMVpaxyXEkaRsI23LI5GCzlTkSH0IPy8Zrg7+f7bdxTi2jNtE21kUFC5yVRiBjg9c42nr2GLFqzWNzK7vJDFIgcxx53w4AYbh2JAABHOScjPI7401enbeLVlbrbT3rW2Sb6721sjSnVjLVLZeV9lqk1rpo/TdtHmmoaNMWv1dlt47cOscTgRsCSSEVhjKr/EOm4HGTXA2eqS2bS225CpkYMpUKqle4PcknvnJz15J9U8QJDrepLIZ2jjwSY2JVn2HqCCNwJ6Aj3OBknz2/8OJMblLYudrlo43bazHOTxxlTjPJJH/fWPraLm6VNTv0W/VcrbSXyaVrapo6MJi4U603OS1Vmm9FZJ30v0d0vRdS1/wlUKxpBIhONykBvkA42kehIwRgk8kBQOufceKJp3WFgTCG2rHI2BIp4IBydo9QRk9O5zxF3Z6hbzOhTMcW0OvJGQcqSwGDtPPsRxzVEXkqSrtUuI2GcqeOBxk8AgcZHqcdhXUqPM01J3UU3LqtFq9L32va19ex7NPEwnBSg4yg9/d3V0k+r1tpfu35P0+2vGuG8tEjiRHByzBWIJxtBO0ggkYYsTzjoMj7h8BR6L4d8NaJ/aN/dwi/hkmd1lZGgkCMQchvmUHpyNvUcYA/OaK7Z2JMpR/l2jklmJ3LnBPPAx83DYHI5Po2i+LNe8uGyu76ee2iAiWJ1LFQ3GwZGUVSeeSMHscCnWeIhCDp4mdFxafuySutNG3JPbvvu7nwXGnDzzilQVCUKMaVVTq3UYqe2j2elmvNNn08nxr8c6Hrc8eleILu606O4mWyguS0sUqI4CqCx5TCjpjgcEcCvU9F/a1123nit/EGixywqdr3MDkMrEdVTntkkZPQ8d6+WNH0bWtaDBYX8mHmKQLtwH52hu2c/Rj36Cnz6LdWt47XUEpgt2RnE2VU9QxDnqTyTgc85yM49XBcU4zCKFNY2Ulompy5r25U9HfTqrP13PgMXwxw9jIrD4jB4edSEOSVSEVGcpJRXNdWb1vZpNvW9kfoXpH7RHw919Ylu2l06Rj/AMvUJVC5xnEg6KpAA+bAI7YwPRbLxT4V12MSaPrVjMEALA3SAfMOAVPUDA5Ib5SvU1+XV5KsgtUgjQ2qORwCrAkcohBO9SeATgEbgRxg1JtQutNLPYrc2il23FJ3jK8EBiobGCcgYHPABwc19jhOOq8OVTlGVuV3TcW/hs3q16eW6ufFYvwlynFSk8LKph5NrlUo8+nu6J6Na2W/Rvds/V5vtAZZozFNCWBVoXU9eQRhiOOCeD8xA56jTh1q6gZV82QJHhjnOOnO0rkhuckkjv1GVr8s9E+LfjjSvL8vWbprdWARLiTcpVSAxDH+6ASN3p04r6C0X47a1DZwSXccN4mS8rIQZJY8gs2CBgZ4HXjJxgZr6rB8f4elKE54ipSkpJ/E9G7arVX1WjtovW58NnHg/iI05qFOjiqbdrOCUns+qvfTdOz06aH39p/jgRBIJXOF2qrb2wAc5IBAAZQPlJ69uK7Wx8aWRUI8yuiEOpcK20jJwpyTwcYxx7HJJ+GNA+Nek64jIumurdJyx5gy20MHJ4THUc4x6HNbmp/EOy06GOS2nkQhlDCNfMixjcMMOGA7qcEcjk4r7jLvFK3J7PMKU1eNlObvulZ3d9FrrfW9tj8gznwipwm4zwtSlVlKy9kmt+X4U7rurrd7LTT9EPDXxEvtLnW40zWr+xbIkR7C6ntWiZTkECOVAcNkjjsQMrX1f4A/bs/aI+HtxCvh74seJFtoh+7stRvpLi0bb0G2R3LZAII3MVGR6V+I+ifFUXEjoLtWZVA4kMUuWAwVTA3Y77TjgHkla7WH4lSiMRx3sgKgZEq5AY543ZYcA598nIIxn7uj4n5djKMKWYYTA42m09Kip1P5dXzp6WWi8t9T84xnhPnuAxEq2Ax2PwdXamqdSpQnpZp3pSjdrvez33R/Tf8ADX/gtX8e/D5t7fxhoeg+MLO3CrJJAgsbqVVwG/egvuJBxkIuT1xgY+2fCn/BZ/4C+M7dNL+K/wAPLnSY7lRHMJdOg1ezYSfKwkd4gQowScZOM55PP8duk/EG82DcHkIGWkic556EZHQZPGTn+XXWHjvzSv2iZ0C8Ks6hhyArA+mSNxPzEZxjg0PE+Hmay55ZdQwWIlrGphZzwk4yfK006MoLmTeja36mtNeJ2TOMJ5rjMfh4qzpY1LHUpRTScXGvGcuV7W5tYpW0P7MdM8Q/8Esf2gJVmFt8P9K1u8t55VDJDo12sjhs5yFXzWJ+7nHYAYNcNa/8Evv2MPjBpE2ueBPG+p+G7ya5vLaSS11q3voSUmZUaO1MqsYD/ByAeu3JxX8lEHi6KV1eK4W0lUZV7ZzG52/7aNHg9+mc59q9d8HfHDxz4WMc/hn4geIdBdM7Y7TUrqKMFTknaXK/MxOdy/MSeorqoZLQrQnTyzizMcKn7OVKOJrUsdCMV8UEq7UrS51vJv3Y9mnFTiGrCUJZxwdluM5VUc/YUquAnUlJQ95yotpSTi2koq7lZ2W39BHi/wD4Ij+Lobe6j+Hnxa0nXLNlkFnZ63ax2nmA9/tAZ+uMHPXIOABg/BvxK/4JRftZfDzfdwfD+PxNDBvkMvhS7W7d4hjkRgq2WHIAK++c/L5Z4B/4KZ/tSeCUghtPiVcazDbyIyW+tH7bGyjBKh2OSxGF+buCWXOGr7w+H3/Bb/4m6WkEfjvwDp+uIAi3F1pt39kZwDyRHh13bRn7xyfXmpxGQcW03GVPH5JnVOGkYVKcsJXaXLa7T9m5Pteyeup6WXcT8Hyi4VsszzIat1HnoYmOMoxva9oztV5V0Vnfvfb8mfEnwX+LHgl5rXxf4G8U+HWgkdp49T0i5ZFZSThpUikXLbSThsFcZFeeSQecssjW8cBjkVWky0EwAwDsSRQcZA7eo45U/wBMvhj/AILC/swfEW1jsfiR4CutK+0MkdwL3RrTVrcA/JiSd4wxU/xEdjnPIr0J4v8Agl/+0baSRCD4cWV1dqHd4Hj0HVVd/wC6AUUSZI+bPDAfLgEjyq9DF0YtZxwni4qzcq+DUcVT0sk04NtK99Em7bbH0mFzXBSlB5JxthufdYfMXVwdVTtpFqq3BPRJySS2WvT+WG6mW2WN/tV1E7KqxvlXXY4JLMQDjjqpOAOMbeK1bKxaZSq6lb3YZfMYXQDkgqR8hYfKTkcdfc1/Rb4x/wCCP37Nnj1H1D4UfEfVdBiu1RoSdTg1yzVgDhEjWYHZkqCQAQDjnv8AIPi//gjP+0H4curn/hCfFvhvxXYRSB7Rb5PsMzRjlUYHcoxyMnIPXPAr5rE5Rwxj5StWjg5yveji4Tw9SLdrp+0gouzsnbVNLrv+hYHi3jHLqFKbm8bFyhF1cBVjiYyS5db0ZyvG19XFb+iPw68GeEfDjfELVr3xRpSJp1os5WKFQySzyZKtnOFcnLJnJJwNw6V5j8RvA0sviPUH8PRT/wBjT5lt4bpBcSgZyokGCVKjOcjdnPXIJ/RXxV+xb+0/4C1/xQNe+F2q39hptyyahfaXbPdWLlDnzIZ4QWaMdVYDkcDoM/Nfi7RdV0q7Kvomr6NdqSkyX1nd26AKNp+aWHbjIGQeMHg9c8+H8KsFiYSxTVDERmrx5J05St7rTSi+zv5p366ejjvH3OMvr0cHCpXpygqd+dVKalyJKSTaiuZS0el0079Uvir+xtcLC3UCxkgaQo0Lz2jEofl3NE6sMFQeSCDgcAiuR10eNorqKSSW+mkWMqJ5ppb4FFAAVTM7lVHAxnkcHPSvr0RwXEebmGxup97lyCqy7OhLcArjOMZHOQoyM1z194f0e9iDb7mykUhYgzZjLktlgDkEccLn6jAxXn1/DfCYZSlToKnJNJOMFfda7K9tv8rHv4H6QOKxKp08XVlJe6mpzbTty3vzNrvZadb67/OPg/4w+M/Bespc6to2na1bwbSIdX07zFeJTjyS20kRyqCASd2D2r9NfhJ+2l+x94gspdL+O37NM2nOY0ji1vwZcNGA5Tb5xtQu0MTlyCQO/PBPxp4h8D3F1Y3sdhc2N1MtsJGklREkCx43KhIBYkEYI4PbkkVhaV4Wjj0uCPUNOjWUElw2N8yAcOi8gKcHgZPXqc5+Cz3gmpVi43qxSTtKDlTe8dLx0drq111bR+o8LeLGBrVYSvRXO1pUs76xTvq9009tb+h+ivxD0/8A4Jw+LNDi1j4WeOvGfh7xHfXUFvd6JrkAaG1juG2vICzKAkI6kHDBduDgikvv+CbXh7xPotlr/wAI/j/4J8RtqNsJhpl5e2dlcqXQO0Th596sgOzGCCRndX55S+FfD17FLGIEtSWVdwQqwbBGNylT16gdeevDDhW8Pappd7MdD8QazY3UMhKNpep3kJVOePKjlVVPoAM8nGBzX5hmPDGcYeSjhMVXpqLVvbQU4y1ja7fLJX1u03fd+X7vkfiDkmIpJ4ilh66lbWlUUJRT5btb/c99dXex9BfEf9iL4y/D+8mWHw3H4nhCOXl0O7iv4y6ghpF8piMkgnAJHXGOa+VJ/AviTwl4gsrnVtG1bTb6CbY1nd2c6JksMJ5mzbgscHJ6k+5HpGl/Fv49eELyNtL+JHiloEBMdvfTS3aNjccMrliVI4OcZBycjpd1/wDaZ+OevaZf6R4gbRdXhug2dQm0aBb6IrkKY5tu9WyN2ckgjJ6GnTy7iOlCnCrSo1VopSipRkndauOuuuu6u+tz3qHFvCuJnKMa9ShNP4ZSUle0XZtWdla7e2t1ZWR5dr3wz8TXviiPxFdWKR2M4VEVfnCSOm4KAASCM5PHU4rZT4e6xbq5kiZireYjElZEU4JIBUHAz93DDPqM55DwL4n8T33ijQLfUfEt7aWreJLN9Sm1Ab7G3tPPVp5DGfk2JHnKjjaMY6Y/on8K+B/2H/Gem6eL/wCJHh68154LWKdrXUIrZWnaFFkBRtioVcMGBOB36HHzfE2e1+H1R9tl+Krqp8To0uflfu3vy/ds+ney+jybLMt4jlUlQzChTlGzXtasIqV7barVJJOyb3XQ/DPwjqnj7wTqf9seF9c1nw9qts6Pb3emzTW826Jsg5RlDBumSoB756V+ofwQ/wCCrv7SHw/SKz8eWH/CxtJtRb2mL3MGqrBDtRiLkZZ3ZAeABnJJKnBP1lqv7DnwS8aStY/Dvxqs2oyW4dEilhvV2qPvRmJ2yCcc54GOBkivOb//AIJ2a1pFvcPbXFrqtwGAiMblJdwbGDGVILZxwcH1BxgfM0PFLKoT5KlbEYZpWlCtTnTs1y3Tv1Sa02s9jvxvhBXzCnKbw2FxfNb34uPP9lq0r81389G/IreMv+CvesJrs+o+Ffhb9m0eSOGaXTdRug06ahsXe4kKb5I92SFzwOM5xXy58df+CiHxC+P3hyXRdastL8NWFyrRP/YduE1CSIKQIbi6jw2wp8pBwXBII549a1L9gzXYkm/4SW1fSriSQva3cqM0XlkNywClTngBicHnBOa+e/G37HnifwpZ3F5p32HVYClzM7I2wqkKOxZQwwpVRuwAD6Z+XPqYfjbKsxnGnRzClq17jlFNttO26fXTTZuzufM1PCatlNq/9jqTpy5nV5edwcXF3au0mtLXjp3Pzj+AN9q1l8ZdZ13SZBaT6Dqcup2F3MokMUqsxD4bGd78P14JOeBj7o+O/wAefih8cF0Ww8eXyPb6PbLHp0NrbiGDdGuwXDxxsAzkdGIyxIyeOPkf9nLQ2n+InjxLi2LQ6e93HKckbZY5ipU4GDjbjJLd88jn6Y13Qrwubq3ieJInZYnlwyPFlQMM2egAyBkAZGa9hxjW5Ze0i9Lpu17e7qrtL0b03V7nDjcDVs0qcuWMbW5fhdle1krtW0u159jwu/0a5aBFmljlkRCVBBDOowwVioAGASMEFcAY3daxbeKe1uVRG8pkZXVUXdhugBI5GMnA7E8HuPQ7u2vXeeFYp5LlyVjWGJmT8No4PHGDg9RjJFOtvBfiCRTcrot+xVN0ryxMqNkEhuACoUDOevp0JrWFOmlrOKt5rstXbfv6abniwyyu37tKTvfW13e8d3+Lu9NGtdTGeFrqeKVpHc26IXVhuJOBuJB4Iyeg6DIPQk9zolgZvMxI9vGyoVbkBicjgdQF7dsdMtk1zhsJtNuAlx5scm1TLAUYvnGOdwXPUZ6jOQOcV0OnXmqySGGFWMC427VxsHTcxzyDyWI4PQZB56aFCMpxsoyXRfE3qtbv011bvbpYipgpQcm4STj7qSWnRbva9r7X01skkm694eMskEzFZhCxDOyBy+QxGQcYbK4zyc8EDaTXlPwt8PXd94x1+Nbd2BvCrSKzoYUBOMYIxkcBiBgAjnivd9REsFtNcTOXEEa3Ey7wEJCkEHIGVJwMDHTp0rD+Ch+0ah4q1LIRRekptHzMMtn5xn5ueAe+MZLEH0I0E5pN8q0vFdXpe2jSemz6Nvrc9DCU1ChO8b3aTSs2tk9dUrbvTX8/TgmsaVJD9i1zUdNezQjYJ3dQR/eB7MR/EcEjHBGK5vWviz4/0DUrG8aaDVdPjuVE63MC+bOVIwDIQdpOBtY47c13WoytLI2zJj2vvL7g+TwclhwMjI546YGAa4XWtEGtXml2cuRC10k0pTG3ajZVXGRlcHO7gYzxxz1qi1LZq8rLRLR8qSV9Hslor6LYTp4SomqlOm/Llt0S5fJpxsterep9aeCf2mNKOn2S+LPBepqtyqIJLVTN5at1KABQeMEgAY5HBAr3K0+LXwe12C1gk1RdLMmUSHWbQB0ZugLlcJ6dWHqSScfKug+HY7hYRbBkhtdsawxfOoCqAx5A2hsgE5Gf4s549HXwfpt7aoJ9Ptw0aMEeWBWaVsDB34BUkHd1J5HAwTXtrkUUo2v7q1V7q6u9dVppZ6p/cfKZjQwtOo3SslvyppxirxStdO2q2bSdvv8Ad47bwdq84uNJ1awZFfbHdabfi0fg8YjSRCXBxg/wnbjFOv8Ax148+GVtNe+E/iJr9qFlVfJub1ru2eM8bBHIZFdcHBGORgemfmq78D6XFb+VZw3NldKHbzLK4lVg2M79u4YIHzc45AXjGK8L+I1x4w8Oafp81v4ivprdL1Ixa3pMqbmkC7X5BwW2gjPTHGcVNSr7ON072ejvqvh1b1trfZX+44MPTqOqlTqzTbTs3totLu+0reT113Z976p+0f8AE7WF0n/hIvCng7xlp8M6vLd6ho9vHfTEkN+7nyGDMDnOCM8jtn3/AED42/CvXLOEeKfg5faHmJBNfaNcvIRjarusBUkEY+VM4zwCRxX576Bq/jA6Nosd5p1jqaCKK6nVJPIcAqGBAA+/ggcdSfpXtNh4wX7Nv1HSNV0+Ly1X9wnmwkfd3byc7QBknAGM46cxRxk1NSkottWUWr6Wjo7t23Wm7vsdEsVisO5xpVE0lH4Xe7tFbXa012u+ru9V966Drn7NOoW6yWPjfVvDNwXwIdd0xti5HAaQE/IvqfQ9SOfSrXw5omqhD4Z8f+DfE8c8YFpBDqMEFy3pujkKMrnGAM4Kjdk4GfzZi8WeE7i2aI3ljuz5Z+2RBJizrggl16/NgsSRy3Ug1h2Ok6dN4ztfstxJEBYNcgafduisRyhAhkUxjkANtHUZOMmieJpNtyjFq6bSSVvhunprr5vrfZmtDNsY370bcsW20ml0dpXavs1pv5LV/pXqPhTxdpCYm0GeeJAwuJLBo7qMoDncGgZyQV6Y6A4HPNcBJdRwzyLLbXFptf5/PgljLKMgg71UZHOWJwcE9K8L0LVvGnho+dofjrxPpzTKxktxdyzRIB0DJPvBUZ5BBIGB0zXrOi/Gn4iW9oYL9fC/jBVXDDW9Lje6KjaTun4GT6sOODjpVUZYRu7SjJWv7qWq5FvqrPRvu9nuinxOtIVG4tPW93orarZWa10tZX6mnd3EMkay2piLOxUKzhmwQc88krnnnAzjjk1m6JeW2n+I9OlWZbZoZBvOOCxIACsDjcQ3OQcDAGRVLxF8ZvBsj2Nl4j+GZ065kId77w5qJWML95ituAQwAION2ABzxmuFk+J3wBuNVg83x1qHhmc3W02uvWDpDEykASNchiGIO3ocAEcc4M4/D4TFYWvTVSClOHKk7K7fLqtbq0rddbJLSyPZyXP6H1/D1nUXLCpSknJ6WTi3fTTzv17Na/ZPiLxXNf8Ah/WrCNiGNoz7y5O8GMhQu0YDZC5J5A5r8AvjX4gbTvFFxHdPGrT6nLCIZXyyN5hRWOfmO/BJ7HGeetftRpSQ+JtL1NPBfj7wt4r+02xNsYdQt0mZdpVRskZCDztAIJyeDnNfhl+2B8A/2gNB8S3+uf8ACEapqdsLhr+K9sla6tkhky2G8othumMDJ74PX8lyXhmvlWa1cVyy5HOTjJWatKad0k9ba6K2j6Ox++Z3xZluaZDTw9HExlUjFpqNROzdpNWTu7O6S3e5d07w9BdSfa4YjKbiOMF4mDLuZQWBIxkAkYjOeOec5rqrf4dQoq3LuDICQVCbXXJyCTuJxgYHHB6ggceN/A/UPiAdLgs9d0C/tJWuQRHcW88M2zPRBIgBAwMMCD06ECvs6GzvEjjL2kqznDSGUELtYYHJ6AcfNgcjGcc1+u6eyottJTSkk1ZxbUd72ers7PR9L6o/Ea8nKVRqS5ea6umld281e+m7dl6K/jUnhOaJwsDswQbx5vOcg4I6jjIOeCOflA60dP0rVtN1IvE9wuSGGNwGSQeT6ZXjHB/Mn29YAJ2Eyo48sYO4YUnkAN3A6A9DnJxg1WZovtyo8auoVsqxxtOAM9g3zbRxjk9ADg+XmOFp19alOMlaKd4ppN26PS/Ty1OjDVqkKdOUKjTXLaUZO60W/Xy07W6q/X/Dj4o+KfD901ra3ksQjPzxozZwCBnAORnPzYx0GVx1+0vDP7T3jDT47eFEnf5UO8OxDAZzu4O7nJYgk5wODivgDSlZNbcQQgZ2A4xuIPO4gcY4+YcdR0r3vTJJYuGtgdq7jICRjIwVPBHPQDoxyFz/AA/z1x54T8OcRVZyxOXUued3Kqqcb3dtpK12+u3XVH7Lwh4h5zleFjh44mpKlCyVOTclZNKyvfRW69Wn6/dWk/ta63vhknMglDhWWNmUMV4GV68nOSTkA9QCAPbvCX7Vdzf3bW93PjccBA/TOCAy9yMZz0PzcZ5H5h212HH2h4YwFcoFyFbBOCxPJzwMKMg4wMDBq3p/iU2+qMY4sBI+WGVz1IJOOcZ65BPO05zX8/Zt9HLJ3UvgY1KMlLntGUkpP3bJ2dmtv6Tt+vZb4rc9On9fw9Co0l7zglLpp8K20V+j2dtF+0+hftA29puFtqKW5LBmMcu12IwWBXcBtzw3IGRjviurX9o66lhkEesSysfkClg2cnBA5wSB3/DPavxKm8bXaXW6LUXhUbVVd5UYYnksOCRz265IPPF63+L97E7AXhdEKqUSTJ3jsGB+6cEngheg5G4/EZx9H7OqNJ/2djsZSp2bUKVWok+blfLKLdtr3W2vzPrcDx3wZjJQnjcvoOsrXnOMHLo0ru9ull1e7P3N8HfGwpPJPDJErzODJCEV45GByWcEEbjjnoeM9xXq8fxP0bxKBB4g8M6DqkMigOtzZWcxZSduDviYgldwH8PBB5Br8R/BfxrFrFH/AKRuLSgl1l3OScHBI6AADjC5GfUgfQnhv41W9zhvtIV2IABbOQATjIPHHUHnnjBGK/Isz4F8SeGoSw+CxuL+rRd/YyTnSm3yuzhNNXdrt2u/np9h9R4E4hprFUXRpYhwSjOE3TnHlUEmpU5Rd+qfM+3kfdPiz9nj9k34ow3aeIvg54egurxGWW+06whtblXk6yJJCFVJMkENt542npXwd8Wf+CLv7O3jt7TUfh98QfEfga7tJvtUGnTT/bbNZt2+MFMxFEBIGASDhcZAJr3vw98aI1TKyqTxkBt+SAAF2sRjPOSPXAB79sPjLbmWOa4nj27QQBIoO4beBgrggZDZGOwx1HBgM942yiT+u4CeIkuVSUaU6KSbjdtU3ySu0t6evZrQ45cJYym1/ZmcV3h004U61dYqDs1aPJX55ct1b3ZJu2rZ+XN9/wAEcP2rfCV7feIfhZ8SNG1nVI3L2BfVpdKlWFDiJkXe+2RwPmUDnkjPBrz3Vfh//wAFX/2fpJ7i58H+Lta02y2l77Qr+TV7RwmNz7FO6QFR25IU9RgV+4eifHOeFTNba1NC/CrG0hxyM4BJwBu64PTluuT67on7TsqxCzvbiO8DAKTMqSA7QA24OcAdyDxxnBJr9Ly3ifh7N6VKOdZbjcPi7JOcsPCvRcvdbd1Tpzi2+z07O55OJwnH2X1G6VHLsywyl/CalQm4+7eylKrC/dcqW6Ssz+fPSP8AgqZ+1T8L3itfiJ4K1CMW6ql0NZ8OXluxCgK5eTyWG4YwW3KDjqMKK+kvCn/BbPwRdWkKeLfB+ky3BCpcJHIY5fTAhmjXIU5wCBuPQDJB/ZLVfHvwY8cW4s/GHg3wprsdwhjljvtJ0+cknh1O6IMBxgHOeuOevzh4+/YU/YD+MUbS6n8N9D8PXU28Nd+HNmlzLI5J3t5WQCpPyjaDk+hGPqKGF4Zr8vsMXTpRsuWHO6TWzSUKqcE/+3tPmr+Di8fWs3mnCFajPTmrYel7SLaaV1PDunNLR2XJdO78z5q0X/gqZ+yH4lMI8RaDHpc7AkJ9kjlVXK5yHAwDn7o7feBIG4fBHxl/4KcfDO28Qa3po+HWjah4amuZP7D1C3WA3dxbZIEl1GkTFQQDhSw4OTkV9U/Ef/gg38CfFb3V78I/i/rfhuZo3MFhqTnULcNg7U3712g4IHT8S1flz8fv+CIH7Vvw+gmv/AOtaH4+s7dJHVbW+Ed8yDkgWsmcsRxt3DnhSScH9e4HyPhvDVliMVj5clTljBzq04xb5oLm56Ks2tlzN218z4bO8zxVag6OTUKsKu7o15V1Oyjpalierbs2r6Kzfbxr4o/tdfArxzZNpWn/AA4sfD2vatOGk1ecI1ukEmCymArjLE9iBn+Lufh7xnqvwskkESWE99ercmUmwIitpYCwyFRQVG3gjDEgdBnpyHxG/Zk/aK+H2qC28afDDXrFrR3SS5NjO8P7sZdhJGGBHA+YHkA5O3geGXNzrel3wgvrGc4DRC3eCYGLbjdkMoYY24O7aRjqDkn+mMqyTAKlCphcY6lOUVyNVudKNo6LX531lfruj8E4gzbNqFZ08Zg3TlzWd6Uoyu7N6Wimt3zNPZKzSP1E/Z1+A/hb9p3+1fDnww0/VLPXtMs43uba6BaFSqHfKZMAsucDHI5wCTgDV+Kf/BOn46eBrCaaPw1Lc2kCyLNKsT3AAVjkghCQpGNi59ckBRj4x/Zn/ah+JP7OHj2LxZ4H1NtOldkiu4ZIwsd3AWBe0cE7XHBwWBOCeMYNf0XfBX/gtn4H8Q2kOifFX4dWl1K8EVtc3KQQyLNKAFkldHUD5mJbAH8QGOx1xuYYjKlJQwqxdJWV4v34r3b2W+jV/wCnfx6VClmcIuUpUamra1jdPltqtNNtdlrZtH85/ib9nzxhowjl1fwrewrEuXkjhlOGwy5bKqw9TgcZOffMsfhG1pAupfZzu8s71JYS5/u7WAJI27Tx0BPYV/bH8Jfi1+wR+0b/AKGPD/hWLWtQiQzWGoRWtptkcjcgYkICGOAwyCeBnrXqHin/AIJo/stfE/TLq68NeGIdEmRJSk+lXMU0JcrhWUIxUqOqg8HgY5BPkS4wyqdJe3j7DERb5oVFGLVrX+LlbW+jun07nS+Fq1ua16btaSj193aUU46bOLa+Z/Fj8L/B9nrGoatpMunSov8AwjN9N5NrGz3Erxp8ucruUlhwRjOcZ9OA134ZeKNEbw9rOnWk0FnBfr9q+3p5Ulr5kzbFkjcq6owAIJABOe4zX66/t3fCbR/+Ce3xT0a68Fa9ZeLdT1HSWum0m9gRSti8qs1tcqQQVVQVY/KXXkfPkV8tfHn9oz4TeO/AOkwz+EZtH+IPxCm09bu/0uWNNL0xECxqtvboQqEOSVYckseBnI8TJONY/wCsuD+qTc8PVrQi6kbqMZQlTduZcyu2mndWWreid+viPwnxGccJY6U6SftcLPli1ytwlFJNpqS1aty8r3v0R8v33xA8SeHHW2u1hWOSYRW0ibioLAIzoVJwvzAnJJDDkdcfWP7DvjOeT9qb4Z6HqEjTpe6lDLJcLKxSMPIhNw4JO3ys5wFAxwNoFcE/7F3x7l8MP4lsPA3i/XvDElpFc6bqq6dJcosckQkW42csYmB4IPzduetf4AapqX7OnxX0T4r+NPB+pzXPhKSRrqz1HT5bKGS2ikUMFaZAHYqoG1ckDJOQDX+gOQ5phsZl1Cf1qhadF88Pa07u8EpRk4t2d7PWytrJLZf5h554Q4vJM8qQhlMlOGNhUo1vq95NRxEZOKaWqtFLRRfTbf8Ar3/4KG6Zf6J+x1f654YeHV5YtQ0NLlr2VXS4hknyEjRzyQSQAOnGevP8vfjDxVpF5a3B8W/Dp0mWSPde2IBU5jGFUAYGfvAAls9lr339qr/goh8Uf2mLzw1o/gWGPTvg/ZppjaxoVhKZLcairYQ6hImNrxkjam0kNnpkg/APjn4m6toetz2OsubLT3CSwySPm3Dt93G5QZR/DgnjHoc17nAOZ0Mny/H4bE4yhUrVcZWrJQlGUYwqW5VJxdvdt8StG1o6W1/QONuBcXmWJyvMFleJpwhhcPRbqU5L34Lm507JwUnZpNyfNrpey8X+L5+Hkmjia20W9026+0yGIxAxv5YBb96pGODksxPJzhcjNfL/AIV1jw1pFzJc3wlu7O/lktpgikzQRkkL0wxyeu4HqQeAQdX9oL41W2oJb6PojLdtOztc3CxKpMn3SEKnIUgfLgkcZy2Ca+TG8Z3sMVvHvEUjThgNm4IVYDLdOWIycfkdrV+Z+I3EtXGPE0MNiYtKDi5wltJqKcU9tE7Pf8j2sk4IUcKo4mjUTlGKipPVWUE9ZLzs766n338ONQ8I6W97eG3e40+4vZPPt1i8yeG2iy4aRmJ2IT/rMDJzznBIXwz4ua48f6zLZwSp4ae3lSERgQpBbjO316+gYZOSBzXjXws19X8Nzm7KCO/a6ju5UbFy6GM7IyG2sE3c+46ZySOhsvDWtSO/9lC/I1DyIttkvmLBZNLtae5Kk+Wqpng+hA5wT/APFWKx+BxmPrYrFz9nCbdL4rzjGNvZrSUbW01V7pta7fAcV8P1VUzDC0nXpxjD93Jp2fLH3k5NcqTVld6O977HunxV1qOLwRYXNhJdyaney/YrKOLEpEMo8tSkanbuJHU87sj2r5ctvD/xAkvdMttYtdVit45w9uHhaKVpmYmG3QkAM83Axg9QSe1fe9j8F/DGkwzJP4nGpXSaJa3ugwXgeER6ukQnndZJNwKxN8u0DAIyCOcei/s7fCWf4xeLIdd8YeIbPxJp/hKPVbvUPDWkyxLPZxaZavJDqN0VIARHjCK/zZIALAV8Jh/FOpluAqublWVGtGmoqFV1FztKDV4LmTndbJLdtK1/Y4A4jzDKMhqZa6H1mdCai31SbSVp3S96WyV+VrbY/OGXTNcWy1GPULa6iv7bUlW7mikmWbTY+oM5QquV+XIXnnnIwKjPjfxj4S1CIaP4913T5IDFJatFqVzGr/dOWBkbHIztyc5GccZ6n4ifEPHibxwLWI2+kahrt9ZWVssYM0otZ3ihy+csz7BuJz8wxvyTXy14v1jVZ9TS4uIm8yK3RGDoI1iSQARsB3ZFGCw53ccsOP3HhnOMfjaGHr1punKrTp1VFTu17RQklq1tdpp2s1bVb/ruQV8ZjasXXp8vOoytzcyi2otK0ZLa6vazTXc+2tO/bn/ad8Kwgaf41vdRtLdlRHvQL6NlXBbJckEAD8sggA5r0Sy/4KU+PVjjTxz4M8JeMluEEdydQ0a1EpBHzHLREkn5gCTknnnDCvgbw/Hq1xo8SJDLcvJKVgUPsWWNgMtsIO7aMsOxxt65asueOSPV5LO8PzRRbBCU2GFlXJk6csMcN2PIwCAP0rDV8dCPtU7qya5nHf3PvVpX+118j7vCpN+zVPRWvJpLX3Vq1o16Xetumn6c+H/21v2XvFl3HZ+Nv2dvD+nyPIYL3UNBso7a4Kv/AKwgxhRwNxJwQCCcDFdTqPh//gnh8RppG0zVPEPga+nKlI1ctbQBiAcoRltrEbwcY4AOBz+Qek29tJHeXRuf3Ed3JGssWBIC27knBLZYjjPB7jFT27WUFpOJdTuIr0SlImZykgikDY3jGdo4544AzgnI9nBZnVqS/eUqclFpSVltaKu0la11o9bejOmdOEZOmrJy/vR3bSt0drdnoultv1Ruv2Nfhf4jvmj+HPx+0jUYJyPsdlqzx20mVBCxo+9irhmCk7uQSR1582179hf9oXw1HNeeH7ODxRBZ3Hm20mh6ulzJIituRzDvwFJIOMZHPBGAPysi13x7pd3dN4Z8Q6sqwzb7e4iu3SNHVwWCAMG3gkEYPOCeua+p/AX7Ynx7+HKWaweK73UCkSfaI3nkeaUkA4ld3K7gRhiRjgDJwQe+WJwtWyqUZU0203GzS1Wuq0s10T83cmWX+zUZqUdb2S3jpFXervbdK/U734leEPjToctrdePPh5rEEVrBHFc/b9FedZkyA6pNHGcBwOv8PI4Dc3LOb4H6z4W1STxN8NRp2syQi202SwlmspPOVMJLPCYuFLZJGQBzk5zX0ho//BVTxm2ifZfG/hrRtas4baOORb22trmeYY/1gaSJmZiBg9iTx6Vbsv28P2VvGSwaf45+FOgxPPuaW7gto7S4XeNpUiNFGcZCsMHBGBXl4ungKak4uEudNP2kUm0+XSLaS06vV76LrjPDc8vehdLeUbKTXurtZq6V9Lq7tsj8xYvAfw9128ure5vLrRWZ5HbzMzpFGjHbHH8u0kDBODz34PHq/wADfhd4Q0Hx23iDSfiFpjWdjcWlqRfgRyRie4iU3SoxJ3QglmIweBg7q+4rL/h3z8Rro2lndaz4Gvbl3KSrMCibwQzhCRmM9VB+XjDDIAro/Dn7FP7N+pyPd+APjlo9zcvdxzCy1dliecq+9YpXaRFCHCqeQGGOQRx89i8iwmJoOUZU37RX5Yy95Pl0TS00beuq2t5ePmuS0M5wGJwdeElSnTq0qjk7XUqbhZO9lZt2v1R57+1fo9v4l+KPjXwLoXxDtfHvhwfDfS71NVXUCDDc21qj/YrWJicMjkx7VOWCHI5xXiX7JX7APjz9oSHxLrvh/R/tUPhPR7qPV1ci4kRBHI1oI4GcHe+1gz5G0HHzZOfoj4o/sFfFDUNX1LV/AXiDwvqNxeCDD6LrUKyeRCFVYCqycqwGNuQATyAudv7q/wDBEb9mLxh8MPCnxl174uvLoUevWtzZIuoTR/Y1WztHzdC4Vym2VWPznaMAHuK+v4KyXA05qhjIuWGhSlzxTveyio/Ck2072SV9dE9D4jNcrxPDnC2Hy3h+pDCTp16FKhL3GoR9pepKfPvZJty397VtKx/D14l+FniDRtV8XRDRtVtz4a1/UNHnZreY20U0N1LCwMiqUUjYT6YAxnFcPBpereHr61afcXZkkj8lss7yEbUwSDtHQhiAx69cV+wn7WcPi/4efEz4zaJ4Xj06bwzfeO9W1OCZIP7Xs7qze8kbzGkgikCK+T/GQcDHHX869e+IVrqd5bwa14L0aULdWwN5ptu1jcFVcAgbgB2BGABnPUcV8rxBltGhja1OhKLhGrNKMrXUfaab3eqS5Xp5dl+qZHDFYnLsPUxdRVMQ6NJzkkkuZxi2+VLdaLTqt0tCt8SPDut2OjeGL26dntLm1EwQrlopHQFlKAnbtHP4HB6keQWWssnmNKjMVcJ554+QjaQcjHAwcYJHXPBz9l+KdX+F3iVLfStau9e8OS2VtAIJYlF9bASwKqqyqygYJyTnkfga8q1f4JeGrq3ZfDHxK0qdbhRKI9XgNg3PO3J3gkfdJXuDx8pI8L+zMVyPki5JLWzTas0krNtvRbrW+vWxz5lhq0JKnTcmrP3nHS+yu9XvbbbtbU8Sk163tUuJ7dSUX5ImJO7LD5gTgFSckdeRxzjFc3PqMsqjbKWEyhtwLARlyS2B6kYB6Zxg4PT2a4/Z2+IkUTyabbaVr1qCm06ZfpMZSxGCsbshAIPGR6Bc5rzvXvhh8RvDjXU2seC9dto7ZQySLaPNEq+3lbyVJGAfYHHJB4P7LrRblUoyWqto3a9nzXvtsl12tdM8aeXVVKnJpSvvZbK6000StZNdoo8k8Q6hAoj3M6lQUPOQxII3DknOMkk44I98cU2rvMDBkG2R+QeCTgDBOOcH/eweRnmtbxHNNvYTWdzbzuCn721mj8plIJwskagZYHoQegz1A5uyiSSOeSQZkDqiBRkCQcfMF6Z4ycHrnOSM+7hsPGnSV1d9dLX+HTm1aatf5WufUZXhVTw0eenHm7Jape7ZrdvTTt913ei1JVfZuLIwIdFIxgBiNh67VxjBzj0LGtOG8CyW9xDEGZc7pCwYAZGA+c9uAevdcZOebWCRPOE0OCrEhnONu5uRtBG4dCR74PAp8DKgKu7orsWJ5C/KTtI5HDHpnpx3FaKkm4pXhrZu7V9Vqm/y3baWyR1rDU5O8o8rurO2ltH/AC2T33ff0PafB+uw2+oxTsqKkcsUjhCDvcPu2Mc4CPgoeDwQQecD9gbT46eDvjFJ8HvDum+BdG8I614ThsYL3UrArA2stbunz3RVfnllIyCQCSw4Nfhho/mQXCtuP2csHYglcg45A5JAzuOOTjPOQa+mPg18Um8A+PPDfii4hfVrPw/qljqM1i27yryK0uo5mtnbOCkioVYemSQVBr6/hDM1leb4X2zSw1TEYaOI5oxkuWNWEm02k1az96KTXdn4j4p+Hc+IMBXrYT2jx1LC4qOFcJyglVr0uROcU1GSWllJNX0s3of0/wD/AAWA8UyN+yd8B9Subh0mfwvZ6bFp6oAli8cUYVpCFUu7qhO4gEcfMx+YfyV3t1dXFybpSWkZmcFcs2/oTuOd2Rz3AByCOTX9Av8AwV9/bl+GX7SPwj/ZxsvhydNsJX8KJN4q0DTQmNJvUiiQQTup2+YmCOVIHKnPWv55bG+hjaaUSAkNtQE5+9v2grgHIyB2zz3IWvt/FLNsNjs+g8LOLhDDUlanOM1FyftLJx92TtLW23ls/jPBngZ8H8MfV60alXFVaznVrVIy9rUqctOE21O7aUoNWu09LdWdjpFvq140E1pDLcXEbb2jhXcVCHcPMx8mByeckZxzuJr3XwX8RPGPw6kk8UafcpFezxbEZQJJrZ4iNrIuSyMhUNkAbtpGTggeRWPxDj0PRILLS7eG21KcPDPc5QsFclTlWyVJGcDPHXqea/hPxYbDWJbvU7RNUtYcPLHOw+ykMpO1s5UFuGwAQxwPavzShnGYYKca2ElVo1aUouE4NqXtFFOL6aPVPRXbtfQ/SqnDmHzyUaGZ4anLBYiSo1VVgpRlGTjdST0cXFu6tZ300bZ9D/Ff45/Fz4sQ2l74i1/Wb9oLBHkur6adbeW2hACRRJnZiNTjPcAHOBk9x8D/AIi6raaYNJg1+7hTV2Mt4YZn8seX96GQZAbPCkcAdDivkjxN8cbrUE1HT0tbR9MWJ7eC2toVX7PHjakRmC8KfTr1XAwCI/hB4ynh1ADASwLRmRI2BaNXbLqrH5gRjacHcRyPb6PhnivO6+avFZpWq1a05Rg3Oc5NxukuZt2afk9rXS0MvEnws4Wy7hZYLh/C4aFKFNVpxhQjCEKujcrJa3ld35unnY/bj4deHvgDqmiT6z8SvEqxalMtzHb6YjiKaxu2Gy3uSigmZJG+d1PpwTmvGm0v4fWnxCh8MaLqh1W21CM2kWp30SpZwyXLEJhQw2pGrDjcMYx0IFfN2ueCPiE0el+IodC13TNL8TXNta+Gb66idbXUbieRIlRHdgqqTIBv7ZJr9YvB3/BLT4k+BdC0Tx38T/Gui2N1faNYeIovDclys8j2eoRCRiLxTsjmgV0Own5TwBzz+9ZdVqcTYzAZfSy2gmqtJ1qr3lTc4pylzWScoyeurfXVI/ibP6GS8BZdXzjiDirFU6OLjKGEwcITqQhUhG6pxhTjOTSkkk3y32lfZ+8/Bf8A4JVeJPiv4Ku20Dxp4d1jxFPaTahYaNH5b2raXPC7tKkwLeXJgMhQkYIwSO/4U/tC/BG8+DniHxBpt1bTJcaVqt7oWo7gTFDf20zJMqHjKLgbCuDgk5Bya/uU/wCCafwA1f4WDwdfSas97H4h0zUljaZnntX08W7yQxwTBjvKqcEAADnAPDV/KB/wVgvbXw/8YviTY24mWR/iP4iMts6/uZHErMCCMjG4ggckdGGVyfrPEPIOHauXcXZXg6WElHhzJcDmFDFUYTdaOKqVZUMRh6s5u1SMZwXLJRSbun0PuPBTD4/N8kyviLnxsHnOb4nDSp4mVqVbC06dCrhcVTpOK9kqtKqnKK0Xqj8UL24u5fOsorgsqSrHKW6tvPOA3yqF9c8AZ6YzZuBPpOmxwve27I8YdHC7kjAGTFuyPmIbgA9eCMc1zGv6wkHkMFZRO5afydodWzzvYgE456/MAuMYAFeda74umuFhtDI66ekpEY6M+4NuIYj6nn1HQDj+FJYd1J6WtGb06Nrls9b6Ws0rrXQ/tHK8h5owi4e7CUJNRStd8tpXS16dHfqm3rR1jUJ4NSuZnxNCWZ03jEYz94xtnCsAMj1y24HGa5yPxMbS4t7iIyJCs+88jBG4OT1xt4Gc9CfYVR1u686NhG8jowYqhzmMDHJABGOvU4HHGOK5SF8bIZg8quV2Fs4Ul/4Rk5A5weg4yegr0KVGEVb3U7JX0Vk1FLyTdk77dnY/Q8PluGlhlTnT5oQST5uVJpJK7T9FZaXurbWPtTwB47hna3uJrl7KAguUecr5joPk2c8qSAoGMk8ZxyPSNN+Omt6NcXU2nXcsapOyW7GRi4KqVLJ0G3+IYJYHJBGAT8g6JZWkN1YtMlzLp/kBlwWy8oOQqcD5A2AQcgAseAPm7zVreebS3gsUWCGF2mYmTa0QZCRGON2WycgHKjnI6DP2uIw1VSw1adOzTi4TcbO6fM7dLpWafnZH59mvAvDGY15/XMvw9ZT9yanTUk07N3bW1m0nqt2rPb6g1H9qbxnf+GrnwXrN3Hfafq0pkLSgyyoGGz5eSQ7ZIwpGBkZOcV4he39vZRR2zx4mlmZo0n+UbZufnAyQVBOMA9vc15v4Z0+6bVLe5ugY7LMTI8q70aVSoK59yCPlJ/vEmvTPFGh6zr+qWkHhnQ9T1O6leIOkFhcS7ZCoCohRShQ4OCWG0gYPp21cfmGOqU/reIqV3ThGnCpVlKbjblstfetd9tF0TMsu4UyHhibw2RYOjgcPVkp1VRjGnB1FyyvaPLFXV9rLdHR+BtOvLqTWxHGDEkAeZlPyrGc7kUYPzBSwwSDjJOSOfkTxjbCPxTrC4OBcS7ASDtUsecgnAA+boMHg5Ar9G/APwU+LOnaHqU+u6bpvgi1vLKZpL/xXeRWL+WAcmGBWkkdhliisEDBcEjk14s3wm+GOjXk2p65reqeOdUuJnH2PTUNnppkLsDtuwWEyljyCpOONoxmuiEfdimmmpSburS3jom+W273aV02raH1mRp0sZXqSq88JxSpKPvcvK09GnZK++qd90mfIek6Zf6g8Fpp1pcahNIWSJIIXlAkbIAwoKgjpyxGcE9CD6zpPwO1aQ29x4tuLTwtZuDvWd1+2upwQfIGWLMDkNxyQMGvrXwr4P8b6/ONE+GHgV9MG1Skml6a9xcGNwADPfMgUEEjc4YZx1G3FfYXgD/gnl4q1+fTNY+LHii20ZLsLMNPt55NW1xyCpaFoFxHEXyy5Y4XcSTyc7NR5b81ttJNJK9t/NeT7rU+1w1OpWmvZwd3yr3Y89krNt2vHpq25NO19T8yNL8PeE9Ou4tF8I6LPruqIqiTULy3e4k8xicNBbKjFznODjgchRX1z8Mv2Mvi78S57PVvFNzb+FfCsjIY7jVWEFw6kbitnp6AOzFSSoKDDYHrX6v8Ag/4E/Ab4C2V1r80Om6L5MTIdY1qODUfEE8iKdwt4GLfZS5GVOPlODxzjxr4ifto+GtLtodD+FHhVLnUTKQfEWugSTFt+0S2tsQUC/wAQwB0A287q8qriKcVJ86dk9IrTRq3mlom7/ind/R0MsklGeIkoJtLltq17qSvbRd7Xbb6XZa+H37JnwV+CcVxrviLTz4hv4YPPj1fxZcJa6ccKGZ4dMc5lKsMpuxnnjk4q/Ej9qqy8O6RDofw/sROxV0geO1Ww0a2ZG2o8UEaKJ1TBKvvI75BBBpfs1fBbx1+2D8a3j+JnjrVZPDGm241HULaAypb7AN62lvFGVSOMhVVjzxleea9N/wCChfwq8CeDfFvgHwl4OsIdGs9O0RYZo7aJYmuvJ+X7RMVyXlkZdzs+Sd3uTX84Zx4+5BgvFDCeF+FjVxGc18HLGYurDShgqMYp04zk73nUSuoq9k1d3P2/AeGeNnwPW4wvTpYKNX2FCm/4uJblGEpq20b3SuveenLo7fLXwcufHHxL8Uax4x8YandalHY+akKSOz20csmdkcKZKqIxkAhcZB5znNn4pSLHBBDLiVtR1OG2WI5KiNZlUKAckdTlQMZz05r3/wCFfhJPB/woutW8p0e+8yVMAjIxhWJxxkHrx1yOgNfPPioNq3jfwFokgMiyNc6ve8f6uGF/MUtndgcYyTtzz3Nfo+Azd46tiq1OrZUoyXM/ftZK3zb6duyPz/McvVGnhaVVSc6jg2rJt884R1S2302aS2s2z0fWvgd4Nmsl1i+0RbldP0q0MzNINrXssYKAJnAAJACdjkAHrXN+MNZ1PS7bR/AGi+ENDvLzV/CWoCztpZ4opNFt1hbGsX7A7o2iGDHvz5ZxgbThvoS6vL/xBpt1puh2YvIXtbORyo3me5J8qK3hRQzNISAFjAOBn0bH1N4t/wCCdthpnwqs9b8L6R4m+IX7QvxZ+Gt7dQWdjLMj+C1RFMkd1CxUWlmInXzJHI+UcKCOPb4LoY7F1KuY4jETjhqVSq5qUnCOrVoq7fTTS73Wtz4jxFxOV4KOEyehQp1cfj/ZqhBRi5pqcOaq04u8Kd0+a6d31e385dr4Z8PeDPEfgzUNSa58ba9dRXD3Mcu6Sxt71L3EMMOQVdIJF/1h+8vOQMZ+5fFn7OPxl/ad8W6nong3wrrGq63rR0LWHXSrSZdE0+0W2gjSCa4CLCvkrHvlYnPXIJOa/U/4B/8ABL74e+D/AIs/C2x+NfinTdd1Lwx8N4NX1PwVoMaXIPia5JkGjahLG7+fcKxAudwGMDB5xX7f2LeBfgj4H1LUpV8NfCLwhLZbdUv5ktbfV76O2Dbba23KJoyURFRUJ3cj0NfU5tnUcPhp0sPSnObfNCUY3eqTu5aSktuy213Sx4b4Yq15UKmLxElBU4wnF8qv7sVdxta907NctvnZ/gv8Jf8AgjNd6Q2i6h8StSj17xDDaQzDwxpRD6baSpGGb7dcg4Cx4xKpUAYP8Qrf+Ottof7M2hanpOka/YweJUt/s81ro3lpZ6TbJhWWVoWXzJSgAUZDMR2zivW/2g/+CmWpeIp5vhf+y54c1JxfO1hN4oW2luNc1qVyYS9kEVpI0nPJkzjZg/NXP/Aj/gkx+0l+1NfWfiv49ahfeB/DeqTreyW128kmrXkLuJS0sLsr7pFJUEnAJPy9Vr8t4k4rwGVZfUxXEOLo4enCEpQwq96vVlJJuKp3cm3a2tn523/ZskyOlGrGOWUPe058VO8adO3LZ87Vt/sxd7p76I95/Zj/AOCpPxB8XfCbwx8EfhZ4Z1TVvENjZvoj6qIJZQJJBxdQxqp2sxkJMjNgcHJPT7k+Hf7CM/je4tfiD+0LPqHiLxFeYv49CFxJLBGWIljjueoYBsBosBTgj7vNfZ/7NH7DHwM/ZS8PwaV4P8P2X9qxRIJde1C3jm1Kdwqo8hldCVWRlyNpGBj0Ar6WvPEWn2Cuqwxs0WVEkbYPGAO2BnuOSM4+9wf8/uMOK6WaZzjcRktCWX0sTOUYVpvmxUoN2tGS0pQd5KMIO6vrLSx/RGRV62CwtHDYKisTWkoPEVoQUVUm1FaN3ur6OTfd8trX8t8PPdeBtKs/DOhWkfhvw1Y24gg06ztlgt1VQIwzCMJl2ByWJJJ6nnNUdW8cadp8NwZZIy6/MZPNLOWOAT1PXBJJx1446R+NfHcIt5G2osjKylSgYbRnBxndxzyO2CMECvhf4n+PjZw3E9s6Myh2+VjtBcsCHBwDjoBnbznqBjzOH+G8XnFWMakKleUrJTnzy91vXVu8VfVpfE79W7fb08PhKVP67isJRw1Z2lNQSvKSs+acnaTdtG27vRa9Ov8AjP8AGM23hzVEs7+KPcjAsGYuM8gOwJ+bGMfLkADapBNfn63xpWwtt7XK3ssrOWMLkS5IOULHtk4J69MjArzb4q/F+e8sL+2QhGIZXAXKu3Yg5znJznqcdMV8eW/iaaQmOa4VZJXd0kEm0gEk7RwRjnA553YJ6V/XnAHhFQhltOticNHmlKLd4We8Wrpq++idntsfjvGXiSsFjlg8FPliocrcH15kttXdPbTy0Vre6/En4sXniKeSBVEKOoUsxGBjPLN3APHOMntzmvnt9Z1JpvLWdhEZGJJyE7kFWBbBYeoxnAzyRV29FteOhjud5GRKrvkuxAGN3BHzcAgDsSQc5owWIW4VI5PNTfmWJCGx0wrHdnb0BI+7k9+n9EZHwxhsthSpUqUUopJ6JO7SWvm+y00e5+FZ3xBisxxEqlSpJqb5pO9tLx6X69N9dUrld9cljljjYM5yw80nKdcc5BJ54X69z1bNeWk5UsVhdgQyg7ssxPLDIIyRu6/KMcDGK072wjASaN4UiJKGJiHKtnpjqMdyOOMdRg4n9lRu8kjSRPKrEogPlyZJPAU9Mbc/d6nHXmvvcJgmpKMdtLRUbJpJWfknr2abttofOyxEm1zSb95X1tdqzu/Nel730OcvNJuC8skTJMJEJVHUFDu+YAEnORgc4A7c4JrlUt7+OdYbmxSV3P7t0jBCqvYAAAgMD97OevUnHeXVlc20ckvmT4ZMpGuZU6dAVOCTkDIHXsD04278QahYyxh4ESAcMxUpINpGMZBKktg5ywOBgYPHuUaDjKPezWl7auNk+y0vr3asunBXqRTT1snrunZSj0T0fu6X11+auwaZDKWWWVrd5SFyIysanryBwdoBG3/vojk1K+n/ANlo8tvPFcAqTtGAScDDjjOW6446AcZGMWTxTFcbYnidowdyt8uOcnGcbiRx1/IcmtGxvYbjcS0a+Yu5Q7MjJjqOepxnnlueBuFdNOMoxklo21dXb10ur7b9NrE06tOTcrK+7tr2S3SXu3Stt82yP7Y/lhWDxyOxy+dy47kY789cD07HLSbIT7ZocBvlaZQfLIwPmZSDuDHr82ASfcVvm0aVI5pPI2IMYGAZQxJ+8o4PByTxnb34pl3pqSo0YUx+eC2V5CqACC3OAQCQemBzgZFOnOTlaydraKLTlZq2qbvr3vok0nqi3Nt33StsrbWtfe1tr/53G2en6Ncs7mdY5Vw8JUBRhSQuw5+YdgMEkjGOMnTGnvLKqQzrJHnPzPtMpwcr7Y6khumNuMHHHvol7bCLybkOsT/N+8KhFPTPAI98A5zjbuFbluL5Y42D7ViIJ3NneP4trYyOmARgDn6V0xinJK0r2Tb5ndu6dm11VtW0tLK2zMXU1XKrN2u9bu7im7p9Nb30ureZbudFvxK7hMxNkKqKJCuMY+YnJUnIGQeOD0NUJLS6wqtH5MqjYVf5hLn2IG0+hzn+LOMY2/8AhIGhaRUEqZ2xhiQ8XI/2sYU5yAOuMkE5pg+26hPlbpJdm1ijKVwxAO1AeWVhhQRxgZyc4GnJZru7ttW5r3SSaeuib0VuplPlm27u7e6ttpfmTcWmnpa3nbe3HT2ckUyxbArs4/eYLBs9QxyQBgkBc4wcZwKvPZw2VtNe6xcLbWdspk+0Tt5aLj5udzAnjG1emSFOM4D/ABb4x8J/D2zW71zUEutWkDPaaPAUkuZZmBKK8aMSkecgliMkexNfKHiPxhr/AMRr4XGuzPpmiRsWtNHt2KK8IOVacKAHYjGS2ecDAwKJzjCO8b2vuklZrSyau0ru1vJ6b8NXFYfCtKDUpu3u7b2WytGSura6WWvQ6/xd8SNW8RXDaD4Mja30yMmO8151KPIuQsn2YkDaDyVII3cHpyPPI7Kw0YqPLW9muLgx3V9K+6afeG3qSxbAyQTxluxzUlxrlppaNa2wRYxGI1EbhRGoH3nIyQ2MEjj64xmKC0s7/TzcrMGSBxdXDFiGCq33EOOSwLDIA+Xkk9D4eYZhTp0qs1N+0pwk32XLyt6208rrZvS55bdbFV0pK/NJNJPW14pJq3vO6e2ifRPbzvToo/DtxqN9bXBiS71GZG+xl45FicsTGxTJIx1BwCeeMiu60S01jxTqNtY+FbDUdVuZGCR2cMbM52rueQ5AYgLksQOgJ3ckn6J+GP7I/jDx9s8S2ltcab4bmtZNXW81KDbBfL94RW5fClWwAHB5GT6g/Un7P1zrHwM1TxhLb/Cu2+IGr3Gk3Nvp9xaaY1yugkF0+1x3Co8aOAd7MdxKKwJJPH83Z74t5JzYyjleKw2PzLC11h6mH9rGEYVOeMHCpUekeVvVXbvZJapr9MyzgbM3GhPF0auHwc6SnGXI25R5YtOKXvWtaV7bdtn+V/jEapaTSWl2s9vfW915E1mHKmGVGKEOPvDa2BjoM8nvXqHwWsb+410yXFhcX108LwxwW++RlBQnzp9ufkijBZtwwMEjocs8daHFqnjTxHrN8bhb7Ur24vZLaX92FvriR5Gto1/hWB22YIXAUdM16B8GpPGfhu31mPw3YGS/1m1lthq81tv+y5UoYLZ2yp3KSh245I9zX3eFxVPGZbRr4hQjKvSpzadmlNqMnFXte7bUXp316eHTwVWjj5U4Kq4U6jjpo/dkrOSs9ZdFdLXVWUT9Zf2fND8I+DPhhPbaN9gubzWBe3WsajbyLHcPqGHENnJLjeVjm24AYDCgAHPHxvH8JfE/iD4jazN4suQsL3ksweRXkeS0ZyY4YGYfKgjJAxjg9eQT9U/sxW+h6p4CtrK/hjsfFWkXEw1LTbm4xJqMsrnFzFEDwFY9PmYHHTOa9V+NFofCVraa/qSWVgTFDaRSSSxxI0UkYKsQcNK6AZKgZOGGWyufgZZ9iqGb1cvwt51Kn8Pki24tuKVku7vZdLLdH6bh8hw1bL8PiqiVoxTqaNvaNk7LfmvZJvVbM8Q0fwNovhmKKOysrbT7Pa6osSKs90RkqXfClRIVyxfCnuc7a8D+Pnxd8LeGtNm0bRVTUfFriN7e0jkElrYyIdoe5dTgEZyQTgDPH3mrkPjN8fNQm01vDfhO48l8PHf+KJlKBFJKtDYYzyVIVGAGATXxDPtuS8hu57l5JGkub64dpJ7qVmBYbi2dpJJIGOfunqa/TeGOEK0K9PM87bnOqlUhQk05XlytOd1sm78uyT1tsdqjSlh+WnFUaVO1tUnNK1nvor9Fs0r3si/qHiPxF4quv7W8S6hNqd8oZIFlcm0tMjCpbQ5KIF6blGWOAPunEUSNHC6s6RFYjLLNIwIiHzAnngHHRQQcg45BxIloyQwkRlRJIiQQgM0juSANka5eR5DwiqpYsR90ZFfqX+zD+wbow0G3/aC/a+up/A3wgtDFfeHPA1wTa+JviFcIPMtoxbOUmj0+UgA7l2yIcnHFftOQ8N4zOcTToYWl7KhBpSqKLjGEW4u0YpLnl/dV1bV6WZ+K+MPjhwr4QZDXzDMsXGvmEocuCy+lNSxOIrSVqdOEFfli5OKcrXitbW38n/Y9/Ym1H4+o/wAT/ifdXHw+/Zw8J3S3niDxdehrO+8ZvbuJDomgpKFklhusCJ5ogRg7R3Ne9ftpftg6bqOl6V8DPglplv4Q+HHhq2TS/D3hzTB5ENvY20flPrOorFtEuo3oJlUybmDEklmrzH9tn/goDA2iL4b8K2lp4P8Ahv4VtW07wZ8O9HCQWkMVsPLtbm8hh2Ce7ZQsj+YrOHOWbrj8PNI/a40i81q5m8W2l1Hf3928kupElwkTOPLRyclUVQBgZCgcAAV9/mmNyrhDD/2Rl+IpVc0rU+XEYiD5vq0ZKKcVJaOtNNre1NOyd9T+HOCsp42+kFxTQ8Q/EilXwXCuAxCxHD/DtaT9lXlGalRrVKTSvThaLd0pVZJaJXR9pLpybcGRnkIaWaSXLTSyP8zO55zkjPXIAznArIurTz5Qo+U+XhnY9SMjj0BP68e1UdA+JPhTxJpyapo+pWl1EIxGVWdC6rgjLRg5BAxkDODzkkZq/FqXmh5cRspGFxgnaSFzkYweRjb97GBjNfH0qsZ2nzczn7zbbbbbTT0vbrdvf8/7MWHjh6cKdGEKdOnCMYQjHljGCtFJWulZaJWtda2d0c0nh0q7OXflyrDkZUHIPcEHggHpg4ziu78N20ViJzJEpRxn5yufLUENjJbAIOTzxjBFVpGEyhIQAfkDBc8Eg56ZGQOvPU5JNTROI4kcuNwV4gmS2XGdoPJxnjGflBzjAzjuo8q5ns9GvNXSs3JNJ2d2lbuvPGMX7RLn030tqrpe83pazu9r9HbQ5m60f7Xe3NzBuhj3OBtAw4BycAk8n7vXgnPpTDoskI2QyjBw7ugx87Z+VlIJyecd+4xnj0mK1WLT/wB+gExIkZ8bT84O0KDk8Zxg4xyenXKliEcTjGc4bzAcnnJIAB6dOOnAGcmtYVbSUVZKT3T7csbJK61Vm7WW/a5pisPTjFSk27xund3XNyrRK9r6JtW2b6Hmj2txG0krAhg20qBtYRk8npwTx/DjHerlpGbhDFJGrDBHmMcqCFHGSeC24A4AzhcYyTWncTROZWfg7sFMEqwHylmyuFHUe4B4IPNiOK2ijOwjnDAKOrcEK3XOAOo/UE5651IwpylJpprdJX02+9ta27XSb15aNNRlaLdmteva6s07Xaa6N6Oy6+K6tZNoGtwXsahImlJlVGICKWy2OOjDOe5JKgHIrvNUtnv7ZLu2ReIkkD5BJQ4Y8d1I4zzlSPmPVsP4jRyR2HmKiszhN0hPyxjPLE8YPsMfMQM88Zfg/Xbmbw7HLekv9lne3RTkZjU8Fc5BXjjjAAypIxXNha9Oc1a/M5c13FpRa5bJvrdJN6O7T7GM7804te7e73ae1mkklZqySjd3uraWNZbhreNgHY7QJAoAUIyj7qknA56dRnp2FQT3ksf7wk4lUsSgYgE5AD465z0weCD6CrNxcQXeXXEPyqADyGYnq3OAQPbJIHJGcZlyAW2wsAxU5GCF2jk47Z4OO5HsTj6CE7cq0aUVd33+FWs3prLy2aTeqPEqwqxqtQi+W65tbeS0b0ve70v+Tma+kji81yikIAZN+TyQeD1Y8jA68EEgZxFJ4006xVTcORJGfnG/JyVP7xiCdqrhvYnlugB8W8feNm8OGO3iEk08u8CNl+TuGcAkHI3FgOowCOleE+IdfhOn3FzJqMs+pXzRhIoXYrGHG/y3QHhgzEgADI5BODXwPEnGGHyypPD04+0rpWbfLaLfKtLa36NXTVum56+AwuIi41nVlBJLS+itbTstb7avS90fTWtfF21tbi4XTrp5BCQ4VuVlY4JQDHzKoz/D1XAwOT594p+OPj3xGYNKu9VuhpUcJWztyW8qzjIOWSPICkdFbIIQEkA18/aTq5S1ne8JaXr5zAZRIsDYinJJznp2Byx5y2PxRLdTmGVRNayE87QssijICLypCdMgexDZ4r8XzTPMdmVdVJ1I2hNygrO0ea10r3t56ryeqPpaGY4mhBwp1qsIzUVJRk0pJNaaNuzva2mivY9f8HeJL/Sbrdf3013aS+cYUEmZi+Tgnk44yQAeOhzkEe86P8R9KWO0kF49vO8jRStMxRNoALZLA4YYxycEqAcdB8XW2sQwNcM8HkFCfIkJKeWoBBVVbjPHJBHCjJANVb7xHFM0G9lW2wTKqybZHHO5sjHJBILY7kcE8edh87zOleEJqdNJPlbbVnyOy5rWa5Xa99+56OEzWrQ5Eptpu8uZtv4oW6J2spO737u2v62+FvElvrNon9n38N9asqLLKCGKMcghiB8uTxjgA4AGRz1LaiTG1vkjYXRzvwFTOcDI+XjvnO05xtJNfmx8G/iW3h69n0+2u0FpfDzAJZmURqueSWJ+cABgvA4GSM5H2/o/iS11mzSWyure+kkjDSOkgZlYgb1bbnncDg8jPQ96+uyTNZ42PJWgoVYpXvbld+X3mm07rXzd2tHqfoGDzCnisNzKV5qLcopuW6jZa62272d9NTv5LgthRkxp0G7l1IIIHQEY64I4J461kXUscZXaz7ZjjK8+WASwAGOcdOccnGOtNeRooIiMIwXapkkCo+QoIBOeBkhckcBRgEgmmC82ILYpI+0tIAyvtztJZSG2ggkjG4ZzjuK+ljVoq0eeLk4pO8k97aNJ3110VkuzWr76NSUYqyktbK6cr3cWmu/S3ZbtKzFCyT7pohmKFhuDjLEklcqepBPT0J5HQHPullZiSMbifNKjkAcAPyRk8ehwSOhxWt9rbakKR+UwUxsoILPsHICnjk5PIIx/dwQ1f5GRyqszLuBDrgEscck/eIHPQjHAB4rSEuZx5OVqTik+rXuq70vvZ/PfRHRGq3zatvRbSW6T2s7b77WTtrYxfJUFmJJyNzAEBgc9Gz2Yc85x3FfYd98O4bH9jKy8UvC8cmu/EC4ijlMe4SJAiOuGOcqD8vI4wBknivk2GF/MlE4CLsxyQCAQeo7beoYntxgdf1r8f6VpVr+wH8HNBkbybvUdR1HWYVRsGZ1Ut8vHJwvI7jscjHLj5PnwkFKzniYbaXWno0nq0r2dlfy/RPDjBPG4rM24X5cBXSUteVyS5ZJaPTXayd1oz8NtX00TMyHKyfaGjdVTCgfNnK88AdTjnB9yf25/4IL+HI779ryK8jmcHSPBGsiaOTJX99BJHkE9OScDByc845r8V9Z3W+o3LSyFSs8odMkZCHHGBkMehwMnPHPFfvF/wb3x/bf2oPG16jI8Np4ClKggF03CXqzZ4GPTJ6g85r9G4bpyWExdeLSVPCVGpNta2jsk1qm+9t+910SjGhDGSjBe2jh68FfporuzjpZ911Pzw/4Kq6JrOsftTfGj+y4BcTT+LZbRLdEMkrsuAqqqg/Mxzu7nnn7oP5FeIf2c/G+tF55I7aylBDG2vcWxEpGAgD4PzEHJA4x2OCf3H/bg1O6b9sn4sSWyxM0vxJjtULqDsaS5EZZQQeWAHGc4zg7d2cv4wfA2w1uynmvfOs7mztIrrz43Ks7SRLIRtj2hQT6k4yTnjn7nxKyqhTw+X5ljKVatCWXYVOMWoJRhRpylaWqTdm7vW69EdfjbhqeO4iyrD1YVZTqZNl8LXSjFww9Je63bdtuW7ul6H85Pjb9nf4haFmS48NzTxEM0tzpjCeIoSefkJbIHU9ScnABWvAdQ8O3Olzy28tvcRTJuUwTxvEwb0CuAB83UehPfNft7rPhW+8PQ3l3o2r3RW3RhJbXbNNC7IThUWUEBWwQeCOc55wPAfEFn4M+JaT6R4l0S00vXowFj1OzjW3mlbhd7bUGeeuBnOScZNfmmU5DknFFK+TY+MMWopxwmJcW5PljaKnHdu3aSTTvo7n8+Z/wlWy2nCq01Couande61aLWuulu99T8qoUvLRwESdXLAh4wVKYK57MM9QCTkjOQSOO/s/Gmrafbi23TERrkybmR2PBKsCAwyME59+xArufiRph+FGvvpD28F7bPJ5tpdyICZ4Gx83OSCB8oByMgdq8+k8daVePsl0e3wzBt6ooIXIJUnGQoA7DGOO9fI5nkiwmJq4PGQ5K1GfJUhJJNPTROy0l7rUo/5nxcasaEnT5uWasmnda+69G3y9FZ6rozqYfincPZm3uLd3+0MqySYLKVAIAxsYE8YKkA4GeO8g8caPf2S2U1lbpJBI2GMICxxkjLMMYJxySDjJ7dubF/4RvAQUe2V8bPJHyqxyuSPY+mACSCSRXoWi+AfA2oadHeyeIkT7UDFKgGJo2zgMWDZZQe+ckZYdBn5rGYHD0btNQVorTd2tqtb6Wvfs3orD9vUurVItWWkrO+3S66K97LTpdHAalB4NllEjStvfbGfJOYyrYPboepOMj5cZPGJrLRvC1u0si38chaEiNF4eLIwGBBOSMksSfY9CK9Hu/gj4WlKLpviuORwpciU4BUngYIPzLgHg4U4PXk8rdfAbWluY4dM1uxuw4BP74KQpPCsCVzgcMBkcA4xmuNU+a3LVckrKKu29kl8XXtpZLZXTHKc3FP2VGTt0avdtJaO176aW0VtrHnl9p9pcM1tFeKVXDq787txIAA+XjoB/SuevfDMsab4XikUsrbQTliR/ChyAeORnPJBx29stf2f/iDfTyWtrNY+YgBLLcKVCLzndyQAfmxggcqAQK77RP2bdfubpbe8120t5ovmmctviUqCNueMnOc5zg5HINdVGrWjp7zv7qTdm5Jx0s7tO2/RNX10KpZdVxNnGm4puOrkknbl01stFprbRpuzsfISeG9VmKRwWUsru5VUSPcen3gBjGOQRgYyenZ83hLXYkmJ0u6MkRy5aJwQoCkkqR8oHynB6lcDPBP6BaB8LLbwldo17q9rqcwuCCI2Rdg5GVbkKDg/KBng4xzV7Xba0ubyULaBLYYSOaJUJlkUY+dtvzKCSWJ4GTiuytmHsKacoO3Mk3ZNu6WyV09dLtau+u1vYp5BhVQUq9eMKjsmkr2dr6Pbe6V7aaM/Mm4066tT/pFvLAxBwksbLuIyMDK9SQQB+JIziq6RMGBKhckBc9Ce/AUnI47Ajkkc5r7F+IPhHUdS0qVtNsILieFnVNiJ9okQtncyg7hjAweQCRgkjjwCy8FeKUuoGk0i5/duH3vEWiyCSVJxggHrxjHUDIrCGPp1oJqUov3WrpXvpdLTy8lfozwsVl6oVlCE3KLcbtK9rtXSdmrq+zdr/cubtvC2v3Nu99a6VcSQx43OsTspA4yOOp4OMAY5Gc5ro/DnirX/CTTjStSutNlni8q6SEtG7o3BRsYKn2G0ZyOeAfc7HVNb0OF4PIZmkthE8CxKLdX243Ad8Dr1HHJ6V4F4i02+GoXU9xE482RpTIEIXk7ipCgoMYJJGSQeuAScYV5SqWTcbO0XfV+9ZO66NeW7V1prpWw8MHGFbD15qotJW922q1Uk09VfXWz13uj6N+Cn7SXjD4b65DNe6jd6poU9yn2/T7mRpAIZHAeaPeSyunY9hyc1+13hbxLo3xC8P6V4n0a4jm02+gRgxcBo5GUZjZsdUJIAJGSfYGv5po2kaVWjLAgEHqd2MggYwWA6ZIIGe3Qfpt+wv8AGK8tNSl+GWsOG0q/jluNNLnLxXCAkohbG3JBAHYgngA19Xw/mtXDYiGFqz5qFWcUlJtqMly2STel+qstd7JHRgsT7W9Ks3O9uVttNu8Wmnq9tfwvpc/ScxT205VQoIZisjnICqcKvoDnoc9Sc81XN5dw3CvMhVxu2snygDOVJB9TySDkkE4HUab5jZonV2hO9t0pK7egVicAnB4BBz82cDg06SOOYoHXCINu5hnBOMbWGMqeMjGBgg/Mdo/R50adaHM0pXSdml0a93RavT0szeUpxuldNPXbS3Klro9k7v53KVzNMxilikctuDMA37tieisAR82c88jopwc1tWmkeHvECjTtQtUt7+RsrdRgKyttGSCAOcnPA5xk4Nc3cObYmJQzb8yBV4UYz8yd+ACRg5xz2FTQTusauG8mWL94s6HDc4CjOeoPfOMduor5LNsscuaWHh7Oa6wutU4pq97NOzSu1sup6OAx8qc4U68eeDcdbp2V469bLvolptbazd2Os+Crl47tH1PQS4CTL8+1D8q7s5wygqCG4y2c5PFxLfTdfi8+wnCtE3MBK+YuRkDGc/IenUkHGfTXsPE3mpFpusxi4sZECyT7eWXAHzk53YHPbHQE9azr7wA1rONc8GXrzqHWV7Tf93dlim0H5g3oVDDByCOvwledSlNU8QvZXlZTekZL3d+Z6P8ADt1R9VClRrx9pRamrJuLS5op22Wrtdt3TV9WnrdY93BcW8u24GwIBtJJBmTG0HJXBBHPIz91RlgSM0SljMbfIycsGxnPTKgjPA6nnpwcHjvNP1m21uVtK1y1SzvYiE3y4jBOCrAvgkAkA4yT6EAYrO13wdfWUgmsjvhzkOD80antgY3RscAEk46gZNae1ptKMppxfW1+b4dne+z7NN6l+yai7XuruS05lbl2urtpKzaTT7oydKv3EgDMQ4JLK/3ZAOTgbeDnIJLY3DHOM12EVyJQGi+R48MVJzJ83GFBOBjqGXp156HzEI8NyzFnjuI2+X722UjJwOcFhyOOT65Oa6a0v2dd07GObCFSoI3cAY47jnPHGO4II48ThYyScFpZ7JNJXVmn0snpe6dvvmjX5UoPfbZpt2XXpZ7rql3Z3SahPsct0AVS5OCOPmQj1znJI5xkbQMVlSyLJ5zQkxgfO28cgEEkJgHAUgj255KjmCG6BhDMxcSNjPG4EZO1wCM5wQOMcdCTWik9uyB0UJwFkjOBnAI+7nGOpwSOuB7eVKHI9dL6pPd7d7dHfrordDujVcno00knZSdrNq797TTRpbK7V1oNtL6b9xhsgDBkyQVxj1HAwDkE5+Xt/D0lvdujM4yxZgS53FsgnDIcFjjrjAGBx2xxyXCLMQQBErYAz1U8EIRwVzt67cjODjmuxivbKGGNiscmyPcAOuTzg/j0OOh6HjHkYzDKrFrlUk9XZei1TSutN3ezHRquLvzSTS6eUVr727d3e173+/3vwH48YeXp15PJFcoFS3lkOFmXPyrzgbgcAc5HJPeve7LXpJER1l8qcYw4OAzAc/Tr3yDn5eg2/CI1SDbFPGwglX/VyK+1w5JOOD6nHHP1GTXrPg3xybxVsb+YRXER2Rsz4Mw4AwQBztIAGc4HqOfyLivg2NdSxFKjeM1ecFHuk27W2t200b9Pucg4iWHlClVqJtOPLLmWrvHR9U2n630t2+9fAPxN1TRrhYbm5CoSMI5/dydecZIBOSNzc5BLcGvqjRPGljJCmo5KLMu6bymDhW7ZAPQHBwcc8g5yK/Miz1IXOF89tqbQkpPC9O4zyP5jAzyK9O8K+PJ9CnSwvJ2ntpiqBvMyroQQCARwV3ZOcAnncOc/zDxhwPUaqVKFFxfMrxUera2T69ree1mfuWRcT0pRhTnUi01Gz5lpt8W7ad99+/Rv9KrPxfpcyxyNLG0xwYyzY3Y6Aj1PTPXPOTg5kvNW8P3MIe4toZLrzMtsxufORjHUEfj6ZAzn5ItdYEkC3FlcqyZEi7X3OgOPkIyw64AwRjJ68Vp3HjOW3ghZ3/fxN1Qgsx4yZeBtB7Yz057CvxHH8MYpVLwU4TirNOLTbVlrfdpvV2vbz2/QqOYUqtKDfK09eZNdZJrVvpZK99VfV3PbdZ0+NoTqNjmJYJTIY0I8yMkAj5gc47kcqARz6+h+DPFNhqFpHZ3MoFzGnlNHMTmZc8Dk4zgH35HI+bHhPhXxzBeQtBexgG4KKJTgxlWOFHUEnBPHQs2DyKu6pMmjXsV9pksbAyiXbCd3l4IbI6DY3GQwx264Nfnef5BXqJ06tB+1itKri9dVtFJPRO9lpfre59DgMZSUU1NKN07Jt7crd2mmtrp7O7TbR9RjS0YtcW5UKMDywSpQ88A8ZX6Z4547Yuo6OL8uixbZkB4cBi7ZIAUkjkc46nJPqMS+APFVr4ito7O+MaXZXcNrqvnKRjaP75HYnuMA+vValYyWDtJH5kqHf5bIeQQSSCO4BIDcd+TyK/J8zwGNwUuVqSjeztFxbeibaa06W39e3sRxFOs0nbmWsdN9rNb3dnstE3o3Y850nTbm1uiJt+wAgrIhVWYH5V9AV4IHOQT3BNdyLLsIh5TIXyw4IPzFVP4gKDjGTu7kWLXyp42c4lcrtljPVeew+uOBySBnnro2aSI22ZWeLhAowSgJG046jAIwenQ/T5PFVsRCaUrx01TSvry772emlrb2sbOfLFOUbtJPRqyStp8l0V1d69zj73w6lzCz26FCcEpj7mVGdq8/K2ccY5OSM815jrfgRZVDpb+VcBiUmQEFJCMqRgnKuewOCxy2ODX03BaRKpIYkjLMh3A7TyD0J2lSuBg8nr2qtqGiwXMTyoh4DEpzkAjJKnIxgjJ4IByQTyW1w+a4jDSpuEpx5UrLmulKPKuZLo23rdWd7xaOaWLw7kqdVcsZOMZOSsm21prs+uitZq/VL8pv2j/2VvAn7QPhW68I/ETSIbbVwsv9jeK4oFj1C0uMHyiJx+8eHdtDIzYIJGc4av5V/wBoT9j34h/sy+PtV8OeKLaU6PdSNc+H9cjiY6dqtlncjJMFMcdyqY3R7gd2cA9B/c74002xvLU208UhAVhHOQVaKQD5WJHzYXp8o6HIx2+MvjP8IPBPxv8ACmofDH4jWCXQmglGg66YE+1afc7SsMsNwfn4fBZd2CM9cnH9geA/jxm3ClelluPrVMTk1WcIV6FSd5Ybm5U6tC7dlG7lKCspKOyZ+ReJfhblvEWHeOwVGnRzGEXOFSCUFV0uo1OVa82lm07NJrQ/gw+LvgufSrqPXLZDJY3gCzSbc+VPxuDADCjj+EkE4GBxXM/DW4ePxz4QCqGP9vac21eC3+kxEEkY3dOcggZIO7t+tX7T37MHiX4F+K9R8B+NNMbUPC97NN/YeueUTaXduz4hmEpDBbhFwHXklhkckk/nfJ8ML/wP8QfDV9Ei3GhvrunyW+oRklYx50Z8qXGQpCgAMSOBkZHB/wBOcq4ry3iDh+eIw2Ip4ijicFOVCtGSnGpF0bpeU1e0ouzT+R/Ema8P47J84p0alGpSqU8TTjUjJyXLapG8raaNW9E90ftLGXeUzxjbv+zExD5WUCIHPqMgkEnjg7cAEj87/wDgo26Cx+HkRLAn7W3lhshQsijI9hn5sY5bkZYZ/RfTEeeRWQ5he0tZQ5BIYLEuSDnlWAKjGAeh61+cP/BSBCX+HmxAv+jXb528D5yfU5IX5fXAwDnNfhPhLCD8QKSs7xlino9rJ22vZa6bvX5H6bx3zLg3FyTspwoppa/ap7u1+ve7W/l+YOoXRNhbwHdw7N5jHqMjaFDbsE9cAYxlc4BB5xiChYkgsQSPvcAkEgZBLdee5z3zXR6h5f2S1G0FMA4Oc57hcdcEHg8dckcEYAYsTvXCjOMgjGcbemNxzjbk468gMCP7RqJ81tXe3Kns17vw21b6dnpoj+UpSvK7W2i0dru3m9/RL8Sq4LMGBOMgEsSQSASeSO2ePTPbv6x8KfiRqXwz1sa3ZWMeob1MUlvN8m1VwSVYdGAB2kdu3Jry4x7mHORuAOD1BGdvYnaSD6HPHA53NJjDSzCRGkG1tgcE7cAcsRwPTk8jBFZV8NRxVGph8TG9KrdVINWi4u14vr0t0s2lfU2w9SVKtCrTaU6bTTt8LVn5bPTVKz9T9P8Awh+178PdYjgt/Etre6Nc+XzOVM0RcqDs8w4YKGz2wcDHbPpcvxL8BeI7ea40jxHZXsgtZ1gUzIkhJQhlkBZWwowBg+x5GK/JB7CNo2UmMlThSQODjIBU54O44Jx0zkEEVHDDNAGME0kUqBzviLpuzjjCsvOP4scnoe4+Hn4f5V7eNbCTqYZqXMoKfPFtNN6PXp1dt9NT6aHFGKjT5MRTjV0a5lHlkloteVtO3572vYj8XYk8V6/Ijq6vqVyRg8EeaxyDjBBJBzzyMkYANYsQwdq4KlwSeg7cYwcAg8gDH5Liszu8rMzszBmBJbLOwIyecljxkntxjgYqcMAFXgDIxyAcg5II6c9Rg/QnrX31Km6dClCOqpwjF3STdlFK1rpaxu7u6vpfQ+XqVFUqTmk1zybabvdNpvVp900979bHs/g/ItJRsXkEBOo9CBjjOCQxzxgde/3Z+w0Qvxv09mwc2cwYA84ww+Xn/aJI4PXp3+EfCEgWBmLErnPU4Gcgj1xwcg+gPJAFfcv7D0qj44aaWwWNrMoIwPlIz0yQMA47Zz6Gvxjxki3wTxPFvfKsV57wutfJdu/kfuXgo4R404Zly6LMsM31fxxS69Hvbfpu7/tz4nUNcu6DedqBVC5bGRu4Pze7HngD0ycSG2u51nZVG1YHbJxlQIyTjkEnuOcjgcDAF/VrpX1HABYjKnHTdxjJx1GM5OMcbQOK0NPcRQX8xQySpaysgX7u3YfquepPfnBJJr/LjAUq0pYShCPPKc3oleSSakm7J9N31W3Z/wCk/EeNpwp123ZKFrN2V9krb6u+r083Y8agtQyYCkAyTMWwAC25uQe+CRkbe2cEAmvin9qaww/h8lT5bNIuHwQWJbkDII5yRwQwC9Qa+7dOIu4xFtw8ksrqR1QFm3ZO3BIB56Z9OefkH9rqwEVp4ZYDDC4kV2wMHg4Y9OcknHBPXIB5/YvDnF1KXFmCo8zjd1Um21q6Lulrq9HrZ20t3PyfiDCqeVVKsoXjCMW9Fs5R0a27Pf8AA/PfXPDNldOCsZguEChZIwU3EA5Jxxu6Enqeh+bBrybWdM1HTJiq3MjpMQEJJL/LwBnJBJ6DA+XJyeRn6Evtj3KBXyMIGOTkYA/Ag4I4HAIxyFrzvxHYNJJGVQupnYDA7DpgZ4xtG4kcbcV/bvCOf5hQxNPDSxFT2UntzOy+F6rVq6W6tfppqfzZx1lOCeCqYujTjTqqyvBL3np0VldJ6uyd9WM+Esstt458JXLB2mj1ywTcCMg+fGCd3YjplTxw2MAY/eKSD4s+EPFln8X/AINXdxb61pNnbPqFjBcO63DQxrKzTWoZUuI3UENGy5O48nFfhZ4AT7J4t0Agrldd04lueP8ASo85wOmByd2SBwa/fzwF44i0HWL/AEu8ldbO9s7VnugciENagkKCDlSxIOcdc9civzbx3xtericsxKhDEwVCtGvTqRUoTptw54ST0en2otNNaN9f7d/Z+8I4Hi7JOOslxvO5qrga1GUfjjNwnBySfxLrJNa9nqz6Y8K/tJfCn9rSGLwt8aoD4F+MMmnPZWGqsq2em3upwA+Sk0roqRxSuqrJbuSuSCHwc1y//CB+Mfhnp9nL4xsknspfEbWFlqdqPN01rUsUiliu4tyKrqoLL93uSD0+WviDofgrxncRzQsLPUoJZUj1fT18i4VtxMcknlhT8vB3A9s5IwK9P+DX7Tnij4KWR+HPxpij+JfweudRspm1OeP7ZqmjwMwjDCR90myNDlgrggZOeCB/PdTA0qmGlPKW71F7SeVVZc0oNpOSwlRtuS5ldU21LVpX2f8AUHGnhRxVwRKpiFh62KyinFzpYujCVqVOyfLVpu8qa77w2d0j0LVPES2Wo6nceHr57a70a5VGEMgFxIJOWdSGAMIPAyCHHAB3Bq4H4x/s0/Df9qLw3bN4ptbXw743middO8a6dBDFeNOiExx6oqBEuU34D7yrAHPU8/Y+q/sxaD47uNZ+KHwO8R2GueCvE9laX+l6Yt4k09lK6CWTTJ2VvMiYnPlxuoK42jJArxD4faDr198R9S+Fuqw3WmyQyrMPtUTRvY5bZvt1bBYCQgYTOVzgcAjhy/PsZkeLpVcpr4nBY7DuE6q9+nK8XFSpzp8qVRWTvGSd107fhWaZLl3FWCxeE4hweExuBlSkpe0hF1aSinaTUm5QlFJNOLun8z+bn4+/sp/FT4A61d2viXR5NT8Nwzslj4s01HnsLqEE+U8kke4QybQCysdqnAJ5xUXwJ/aM+JHwQ16PU/COuXgtnia2v9LMsn2HUrGRfLeK4iLlSVRyFzyMnjtX9NEOjaTrPiDxj8N/F9vput22h6hcaXqmhaqkd2dQtnBxcQQyAOFIOQyKCGGc5wK/Nj9pL/glnbzwX/xD/Z01AXN3JLcXF38NrttlwhCs8i6TI2NzdfLt9oIJGD1Ff1Dwv4sYDN4U8n4ywscFXqxpezxVSn/sldSUJQlJtSVKb068qdrNH8NeJH0f8Zks62f8D4iWPwEHKrPB03/tmGhdOXJZ/v4JfZspJbRdj5d0Hxv4P8afEPQfGHhmeXTL43seoa3p8rAPFqE7LJdPATtDR78sg6kA9jmvsf47+NHnv/CGsWV2J9mnov2iF2ilWVI1ImWUHcsqNyrKcjA6YxX4sajpPi34feJLjStasdS8MeJtNuGjnsr2GW1ure4iYgowkUCRCwwGTIYbTjbyPrfRvipceMvBmk6TqU0cut6M7xNJk+ZPAQAo2nuuCM5Ock5AxX6v/Y0KuNwGZ4HE054elS5YuE017Kai4NSUpJpaW8m9dD8oyfiGFHKMx4fzHCzpYudVVI88HFupTcU4zi9Yybutd+p/az+yN8Vr7WP2Uf2etR8aiTxD9lmQWt1OSbyaOGVUW3a4YFn3xuR+8J3DAIPWvuL9rH/glz+z/wDtleCrfxl8M1s/AnxJ/siO6We0hiit9Ru5rZW+x61aIFBkeVcfa+qk5w2a/NL9mTT7my/4J7/A3WnUs8FutxFKoIMbvKCMHnDABhkEZOM4xiv0y/Yv+LfiDxHJcxyanc+Y949vbS7ziOHTlGYZFJ2spZgu4egPIzXwnFvGWXcGYXN83ziU6uEwKVWvyybqU6PPCMnG8r+7zPTayuj1My4cr4nLcvzDLrYapTVpqKXJU0WlSKsmua2+ut9FofzI6/8ABD45/sH/ABTnsPF/hFbaa3le1C3tgLzStY00yFftOnXMkZhmR4xvUZDjJUAbq/aH9lP9ob9n34sadZeHNc+GfgRNUghUakbjT7SKe6yu6f5GjVi4YsduTu429yf25+Lvwq+Ef7UHhG78AfFbQLCTUZYZYtL1poY1vLO6CssV3YXRUSRSI5VvLLANhl7/AC/yx/tZ/sP/ABc/Y68dT61pBv5PDE91JL4f8Z6SkqWU8W4mO31PytywXAXCFmOHYEgDIYfzf4gZBwr43ZJT4l4C4pc8ZCPLHF5dipe3wdVKMvquYYWElKNmrS5lF2Ta21+64Cz/AAdSLyDPKTwVaVlCVOTp897L2mGqq3NG/wAUPO+qR+rPxa/4J7fs6ftDpHrvh230jwGttBNDDL4dtIoFluthMX223QnzTvwCePl4r+Uz9r79ny/+A/xA8cfDzXLu3uptOkm+wTWo2RXMTsTby/LkZMZQspbKtxyeR+qfwg/bz+JXgbybPX9TcTWfyOJlMsVyvG2baSAx/i3Dkg5+v5pftm/FW++KfjjxH4tvp0vbnW0meEov+oEa7wqk/dAwcAYGSeMcjT6NMPEnIeLZcN8UTr18BRpT9ni6laVWnVlGcFB0+aXNFShe0LSs7X8vb4/4bjguH8djZ42ljcIlB4Ocox9vBSspRqTXvNWslzKTVlrvf81NHgmitTGQozJIkx5IyhwpwM4IH3sdecfw1l6l5kNwDJtk3OFCbvvrkfMoPOckEAgnA45xndtjcJbrJGASZJPMC45OW3bt3y8qctnOQoxtFcz4gjklhErlop97GJx/eGdpDAgKufvYwBnn1r/S2hTbpRbmtkld/Ekk3bRaWt13Xqz+PalWMZyjKfNBysr8rSfMknzaNabq299loVfEnwPg8X6ZHfabqOL6MGZtOuAFU7jjYmS2DwwLDAxjAwa+dPEXwW1mxSQJZGK/ikbzE2gfIDx5bknepPQDOMEgnqPpbwr8RZLGWLS/EJI8txFbX8JwU5+USYHzKAecngN1x19uuZNO8QW0ImSJy6bra/Rgys38O4jkY6HPB5zxk1hWlVjFNrmW17vVK3fom9UnpvtquarQpVYOpBKUmk7rySV1q9E+7erTuflDq/hjVNHkdLy2kR92BlDtJIzwcAqeMEEEduhrY+FkVpbeKNP/ALSkW2tE1XTzdPNgIbYXKGVG68FSdxORjPOApH6Q6j8PtE1C3e31Wxt455QVjvim6GYspCZbgKTn5SR0zjpmvkj4gfAzWNAN3qXh2J7+HzQXhBdiE3D5oioyyjtn5gCOM9eLNJxxGXYnDNuM6mHqU1OLenNC3MpPXmTbts0uj2POo4ecMRRqxg7KrGburp2cW1o2rOzT1v11Wq/qi+D0vhbRNF8Man4G1GPS9KvtF0MGC2dTbXMwECzOpDdVJLOMf3lJBOK+fP8AgrN8OpvCXxF8A+Mku7HVLPxp4MtLmW/hhSMm5SMJ5cmOHK/MCxO4/wAXC4H50/Az9pqHwp4C8JeHbvU5Jb/TEFrPYzvgw7TgD5zyqe2No5J4Jq/+1Z+2Tr37QF94G8NXdzAdG8BaY2lwrx5kpOTvMi8tgNtQ7jgcEkZz/nJwn4S8X5T4kZpnCeIq5fPF42VWrNu0qU5qUbXack3qnrazt5/0PmXEOSyyjL6UakI1XRhGcNXebhTt1slB82m62SfX5903VdX0bVoLzRJprWeB0kM9q7BJAWBbzkBO4E9c9cE9CCI/Evj34M/FPxNdeAvitbxaD4seKNLDxXDEIYJJZFAjM8gXCbmK7ge+eepFvRZLO6WA27HzJNqvzltgKgcEjaDnGSD3yMkV8RftBadLb/Fu9ULgS6bbSxseCAYxypDZJHBycdCRjkV/Zvh3jsfLHVcunOcqcabfspSvGMotba3sk7u1tfPf8n4spYehg6WMjCKcqqTnG2sbX0aWqaS0afy69/8AFf8AZk8RfD9ZNT0WZfEnh4sZ7TXLBxco8LfOgkWHd2/iBBB4OcjHjGkeK9b8PyxxylzCQY3YDDYHykEHBBwCArKMDAwM16X8Kv2gPGnw6lh0m/c+IvCrN5F7pOo/6SqQuwD+R5hYIdpO3G3nHqa+h9V+GHw7+OOnXPiT4WX9tpuvLG0934ZumWLdMQxlWKMkBcvkKQBjOBjmv1rE5dDERcJ2bXR9XpbW3a6fT0Z8Zh8Te06VTl2dtbO9mvv1S1a7bHz3o3i211J1kjYfMoDrIwUjOQeCxyceuBuP1I9D0m5tJZ1iPlmJ+c5AzICSASQcsCfu5BwQCBjj558R+DvEHgrU5rDWdOutIvYJG2xujrE5BIDRuQQUYDIOSCMEAHIra8M+MrjTbq3i1KNpYsjDHuScHkcEABiM9PvAkg18Pm2Q1qcXKkrWV+W2vS2ndpbvXpfa3o4fHWqR9re997qLWqb+b6W+/RHu3ibRJY9Jv7iPYS2n3LoTtwkfl52Fskkhc9cAAcjkV+ZhVybgqqg/apwSPmbBlfJAP+0BycjPzHoBX6cX/ie3vvDGrmzMUqro87Eg5wWjIbH91kwM7TyCMgY4/M4OyNNIcDzJrgnBxkmVscc+vOOg/GvR4RhU9niKdVOLjOMdVb7Ku7NLa1rtd73OXPasKiouMrpp62TslyWukmk3trv271vKcMABuJHy9AFXGec4yOBn0A75Gd/Sbw21whKEMSQACSy7jtxtAGRxg9AM9F6VjoeRxlwBjB3MR0x16DPP91sj5uM6unRrJdwksVbzOD1wAcnauMAE9QMk9Bg4r6arTtFrRvfrbaL3aXS19dmjwsPVtJJu7dkrJpJPl1v1ta+r69OmZqKzPqFydigO4bONoDg7gOTgYBzzwc9BxT0iyuFjUtjblR1BGTgjAD5APbPI6njoNVgjW7cFVDMqkuTk+wOOCp7cep/2arpGF2tsGwDoCoJz3OMnnJwWHT+Ec0oR5qaSej5W+iv5K2u2t1eyevfOvUjGa99r3lo2rp6Pyvr2e70tcWza+tP3treXdtIhBBgnkQjg5bAcZPIz2B5Pt6Zofxf+Jvhhd2k+MdZtXSF9ivcyPGoAbgK7YAGAAAMY7ZBrzoEcJwBgcE4GfcLjkcY7kjnAxRcYdCNzZ2OoODwBySD0GQMsuenc5q3hnJK6d9OjSafd30Tte+t7XtfRVDFTi/cm01yq3M+6ez7rbr63PqL4f/tw/GDTUa01WDS/E9rFJ++W/t4mlkXJHzOwJyR1656dwK9ltP2ofg74wLRfEz4Q2G+XAkudOtoy4DY3MCqjnAJzkfTJ5/MzRXME91tLAiY5Ck8ruAII5JHUEY7nHpXbpqdv5W0q0eQARkEHHXPQkDkEevcg1EMLiI2dKTSTsknbqlZ9bvTRP7rnorGq1qnLJWXxJN7K+vq9r3u+h+iz+Bf2KviRtm0LxDfeCdRlQuIbsmK2WQndsCkFSBnAyScDOcEGsif9hJNbjkvvhz8StB1yHLNBDLc28MrDnaFLyE8jA3FSeSQVr4Q0q+gNwiusYjfJ342lWzgDHyngZbI7hhnAAr3zwu11cm3XSdcvNFu4xtT7NezRCWUgKmFWXgsQdoxnIAGKmrj8Vl6br03Vikrtqzj8P2uVuz8rblRjhcZLlUIKTktL2u7rfVeXXqvJFnxJ+yT8cvCvnsPDcuqwpu/eabJ9oSRQTyBHwcnpgsCcbR0rx3UPD3jnw5K0WteHNZsHi+XM9pPtGODkhWBwQcjA9BnIx9c2fxc/aA8EQNNaeI9Q1C1sPvQampnhaEcKQHBLoRxyTwedvArqNM/bc1Zo1tvHngDQdejbHmTrbQQ7gCOqmJidxII5z0HXALw+c4evTTiua+jUVdp+7eN901sr2la9+hjXymjTlaS5JNXV1JX1jtpZpfm9mz4MTXWRmF3CiMvysrBkkyOCCrKDk/eI45baNwIrQXVNLnUZkZRtDsDgqeu4dAMLkf4HGT+h9t8Yv2QviCfs3i3wBF4ZmuOJrm1tRHh2++3mKVxluh54ywHq2b9nb9k7x4vmeDfiamhTvlkiu7xdoL5KjYxQgKSAe2RkkjBrojjKM5N+9G7S99NX200tdXfR2bV2mzkllCcV7OpCV2rJyXeO7b+e3boj8zfF/kS6FdPFIGVmTYiDaQoIGCCP73zDHGOO2Ko+FYM6VECeGBOCSApBwcqPXv2JwM5Oa/QLxb+wHrl9YTL4L8c6NrwkKiINdQxxyKRhBuDuA+MZA+ZegB6DwTWP2Pf2gPB0cixeGJ9VtLfmSbTHFxGTuBJG3nkjJ5OfTbiuijWpc/MpwV1azkottcukk2lptp6JaMzq5XiY4f2aTfvc146q1oKza669n28zyX7JMjLiIsGBJx0/2QxAwQR0HHGfu/wxiPDSRtG+W6qxwBg8jkHgY5BIH8QJxVq/0H4h+GHdNb8Ma1YNExVvPs5zGQOMZVDkZ5AwP4SDmsZvErxBVurRUc5JEiFH54ONwUk4DD8znPXr9pJpKL5ouz5uivbyu+ivd6vybPDngcVCab11vrHRN8t+2tvNPXotS467QSQrjBwBkbS3ToMZxnGcZ56hgRCSAGcgg7OUU7ucL2APPU5PXHAz1swa3o8mEcNEWX512nAcZBz2IH58cdqmDWExd45omD8jDgMvPyhuhIz1PcnisXPaMlq2tru97a6JeWnTtsNRrKWqcdHbeV2/VLTWz1+VmZwIcozMFypwQeVbjBBGTkbecnr25qRWDFudwGB824Fh/EwIY8Ajkj2I4qybKRssNu1eoBGRx064VSTjkkHjGR1ie1lQKRiMDoTnI+9xwDkHJx2XNUnBxteTulrd2Wiun71+u7Vndq1tRQq1FfdRW99NEo6ra3rsn+MDThGcJvwFAJB4Uf73Q4IOByMYNc14jcNpdyM5JjDZxnIzxknockjI9/eulEYww+7jgndgsemQMcjqD3HqvbnPECL/AGbec/wY2Afd7ggEZwfXqMVy1VBQkrNLVLzW+r7bfM6MPUlOrBc6V5xvayj3a0b12b1fd3Vk63hiUDTUyAxXATaDuBPUgjjPTnPzY4NdWjM7MFOBtw4yAWJHAzwGDdMgk/eyccnjvC77dOhXld+VYAnJAC5H1bjIyeh461029YySjkHJwOm1iq8EnOMkbSTycYyxqYpKlFqLd4rZKT+z5bWT7Ppto+utNwxErbJ66vXWLV1e1vs3dradi4YsqmDgYO4Z5HI/h/3ecA4HXOfut8otHmIkEBs8/MRkkcHGc9QckjPQ8ii186RliTc87kqhTB35A+XH5DGDkdcEVamtLu0IW5haOZkGxCGQjbjOUAPQfd9M5zg4rlrVqcXyyaUm9FJ/4XurK2q9bq2mzjUm3zJSceVWbbte0e2zb+bvfzMpkYxrzvOSSO4PHZh1xxzjg8Y61ctUudivEhCgttdGKNwOwBGfQgY5PPfapwNjMQGKk8k8tyADkYGQdy5GD0Iq3a6ibRk2RBnQggAjLEkffQggZzgknBB54asMQ4RpcyjCTcVql6N7O6d1bVf5Lpw+KqxaSk46va75rNW1bbWibfS21uvZeH9b8W28bjTtc1awcIT+5uZ0DleAoZnxuJwV7Ywc5Ir0TwT8U/iJd+MPDOgX3iO/vbS51i0tJ4biTewjlkUMxYnJIB4Jx68DOOI0y6s7uzMzSiNg4eRVbhD0KsR0RgAvU454GCa0fh3BC/xU8Kzhibf+3LQvkZUnzU3Y5IJxyTjBwMZrxcHXjUxCp25U5xUrXtbmS0Xr10fl1PaeLm6dudy91cuqta2l1vZtcrtvZu2tz6Q/aAsr+y8c2trPcPdafbqn2N52O5Vkj3vGGJODuyQCOSfTp5AHYOxMeEdgoycHg8kbRjJ9sZHT0r3v9o4xv4sgaNUeETxiMuxDBRGMD2U9R64zx0Phhk2y7GUEqA24EFSSCcNt5BAwB05JGc5AjM4xpY+pTg/di0k97pJXXW6u9EfQ5dVnPL6UpW5mrW0dtY63072Xl3ZPAfLcsoZjgdPQgZPOcAdwQQT68053JYDecshyxwA2cYwBwBnsAeMKOCadDMcB3QAhWBJPJUYGQOSeSAeOcZ7jChvN8pmVTjIC/dIAIG7GO/B9uCeeByxnZ9nbrfurN63XbTs15nUpJpWaurcyXVrlWtn1vZaWbVnK106+doESghjyN3QAg8c9x14yOcg8GqTeWX+UnzNmGdhncM87RgZ6YGMZwAvXnQaaEyvtA6hGJIJDdSQfutznJAx6ZHVVihZifliQAqDwCGGSNp+bGccnBA7gVv7Sb+0t10tu9tn21tfTbbUTlJ3XI7PRJ3dm0pa3SWivezvfRmZIka8qqZf5GGeCuMHnjaR09BxzjmqS+QYxGIzGA75YkFAyjPYAsT3LHjB61euU8ssIdz5kGWzkZJy0YIxgnK/NxxkAdCKMgUKViKruIDIVPylTyOc8noCBgk/idoq9nvfW+ltk/wBXa2t7vyJkubV3ts77X0emi8+ie+mulVrUCHareYScEN0XOSMkflkng4zwCR514ht5lVgU2x4IQj7pZc8bxxyTwMZI9QRXolzK4SRYRhTjeEYbVC4BwCcZ/hOOfTpXC65Kz2zxqpJAZgGbAC8emc5yCCMHpx0rSm3zWUlbTbS2sbuz6JX17Xd17t+OulyuzXb1ta/e67X01sfov/wTb0qfUNB+JQWFQRaTqMYIBKuQCeoLAZJHTAJPavz0/aFtpbX4wa6kx5TeAqnPSRx2HTIJOcf3sYxX6jf8Er0jGhfFFpRvRLWZ/LyMk+U+WAwThew9zzX50/tI6bHN8Z/Es1vskiDzEqGBOfNl4G3JBB/hA+pxkmcFNyzurRbSvSpy1VtHGG/37fqiczgo8P4acbtus00nqkuW9r3W19N/nv8APcF3IoRiEkjQlApIGc47kYG3AAHrgnPNayam8YVI2eFTtOQxA3HkYKng9O/frUS2kTgKRJFn5SmM9O+cMOCO+AQMcHIqZ9LJVvIeNwdqnjaW9SfcdupbPA4r7JUYtxUrPa9rO23azad0tdW/TX4GU+ZWd1a2lra2Wutn8ndW006dFZ+KdZsl3WuqXKqFDAo7lc985yAw7kAjPBzurstO+KXiiwdZFujc4TawlG7IPYtuJ4AH3j6dDwPJntLiFSVSRUG0fKeGB+pPOQ3Y5yPepFEq48sTDIGVzkEgEkHcMk4x+HalLCYeorOMXaytbVO8X1Stpd2dtX0WrzvKEZKM+zWrtzafzL77teTPprTvjtdKFW/sA7HrLGSpQYGRwDjgDjjAJOegrtNM+L3ha9XN4k0E5zuLDlCfXjjPTAJzzjkV8Yhr0LgM7hizHKHABB4YjcNu3P59MsVNuKUoMKnzMqlhgkBgB1YEnHQgnPXOM4rjqZbQ15Y2032S0Wi1ad730s7a9VfdYqpHlurtO70d7e60t02rq915Jbn3vB4i8J6lGktpq0KEqF8tnA+bKkhgT/EOCezdeAMT3ek6dqMUlt9qt5kuIzlYmTofusuPQ4LE5OBxgV8IWl1cQyEq+QP3mPMZcZGGAx0xxhuCcYBzuA6e18Q65btHJBdXMTRYKgy8spHbk7VAxwpJPTnrXnVMslFNxk3dq10nty3107Xtb1NaeIjOV+VwaUXdXtfS/XTra/nrod74y8O6ppErxzqGsoTIIJwdw2sDtGe5IK5zjGOSTzXhfwhlMXxI1EBQWBlwvTOS3CjPPQ9iNwz1yK9rTxpqM9jLBqE8N5GyuPKmIYqxQ4AZu4OAcbT1wcnjxL4a39jpnxAv9QvnMMDyz7XAJVS0hx16AEjAGPU4OCc8PQlCq4ODasl010Xw730vbfZXW511GpUJ+9dtJp6J9Oie6697aaM+6VVZEjDKI0aMF0HRjwSowpIIb+LuSCfWs64tLeUbmAjw7KrA5Y5OcEcYwO/JwBwe96x8R+Gb+3Q2moWjSiJY/KaZAS2OXHIOSeclcD8MCzKtrKElgmieNCDIDIpJZupPzHgYOMY7ZHJz0OnLms42vqk9Hb3Wrt+V3sn56nm03Tas9Xor3TaVldJpaLVrZXtouq5V7FZBIeWVSoVHTggnufQ8nnA+7wcc5txpEUhEKRgsWZgCm0gdMem5euARx14OK7nbguWULGMHccZeM8DBOQwyARk5A6jjFQGJJHZ0B2hiyjG1mHHzE8HC9vpk9xXPLS+j+zp+mttbtpO9lv3NlStySi5Jqyvdq+qXLd7630d7Wfz84Nhc2eTA9xBKGYoYpHUlsjbsAYAbefwAGRitrS/GHjXRix0/xBqkBjYKsRuZG3AZGArHHHrhevfHHTTac0jIWByS2yQkcjJGc8gj+IkjtzkYrn7zT335XcBGzNzhTIuTkg4OSMYz0GfqKwlBJOUo3treyvdcqV+t9+lrJbJakZ14NONSVuzltrFpKz+d032vuejaP+0f8VtJkVXvxeKpAH2iMkso+8MZwS4OD1B9gTXtPh/9r9pUS38U+EbLUIkVVmAtY3EikLvyGQ7eMkZIGRycszH5Ft18q5JmtnkjGGXf1VSOGHXODkjt7evd6bpOl3turq0TvJGd8SgpLjAO0Dac8E8cccg9MXCnFcrTlF8q5XzctndbvS2/fc2+u4mF7+/FWSb6p8qs1Z7Xto+Wzultf64HxV/Zn8ZKsPibwXZ6W82WlkFhCPLVydzFwowQBlT649MVFbfs/wD7F3xH1K2TRfGcGi6ixWRLUzrDkNksmxwPlPzcZyDzyARXyFqHgh0hkubUq0YXLxOpyigj5ST+OeMHkfdzXy7f3lxpHxgs7WG4lgCJFMqxOyKsmGA4DKWAyO3OeDya7KSqNNwxFSLt35rNcrVrpLfW976feqeNjOTjVw8JWj73u2fRtX0WqvrZppt66nltrYrCfnQHeP7mVRgeuc8qAcgdiRlecHWSOIQqXSOUsCOCFEYIByPcEEH15Izg45iXxGkcZUMXY72b58rjPUYB56ADntx0znya69y5RBgKo2r/AM9MY4zkHPPJ5z1B6gfGxw9SfK53Serfk2muvRdLu34ngL20nd3UW73a6XVn1T13ty2NW6vhE8p3sQAVjUY2qOBndjnaTtPbOewFVPNnAWXziwlwXIAICgE7W4AyemOnQkgDnEmvJZyI1VRuYsRjKorAZJOeMDjHc/e3c5USyKD8/AbClSAp24znjr7bR6nqK6fYKEUtOl1ytXvbXWVle131s9tzZSklqne1lfS/wvb3rJ3St6X929t9WO7OSTKMMqqRtzwN2c49dvy54GOKm8sZZAfMYqMjJHJUgADKgYOTjgHHXAGMWOeZB577sMeAQApRfvMWP3c5JyTgjpT/ALVc3GwqfK3sShyMMMEBSecgEcN0xtxndWbpNPaKtq9rX/m63drfj0sUt0/JNeTStrbXRXTt0v0dzYtkuJJxEB94rGDg7YxlVLbjhepGBjJ64BORb1RZoAI28rG4Rq4X5SmBuYYyvXg9zu65qDTBcYBZ32MP38nDAqCRtVwDg/KOTnHPHPEl+ZPM8uMbozIMB8klSM9PQN14YEdtxzWabVRNtadkn0Xfraz622720pyamviaS6N+T12WjvbXZWV9TItXlSSSBYvNUAbQqgAFhgkEEkj/AB29RmtiK3kkRo3RVSEBi2MfeOdqnnkcfN6duSS62hmMrDMUSOMMu0blAHRup+bHGB35PGa1I0WGGSUyKyqCCFII3Z4Xb1wuTnB45J9KqdVNe69U076vay6fN2STtZ6nqRrxUFrsl8LvpolbVt3s7JWasrW6ZcwACCNmw2FIOQFTjcRuzksepx74qo8ULTFAwGdrBBygYHALk4PB6dM9DxirmyWZ5XdGztURKuAqkgcAHB6ngenILcY0NM0C8u5QRFJncC0jAsCTnCng4xkZJwBjOeMiJVVTjdya0Tau09k7vRX3Tv1tdX0Hdyt2fa700V1331s9eq75kenqwMhG5t6qBj0PGSRnA25AOR+BrTnsFhijXzd0gkU5zkEt9VGFQ8Zzz79T16aBJaQMlx8xLkA5wnmYIUDGVIQHnOR0bqQBkS2F39rVFIl2lVVFAdcdS23OQAcDIznOTjGK5HjFK7UvdSt5aebtor6Xsmr9zN1GtbdE7pafZd9HG1uvXZ7kcWnMQiSNIWRS+8AYYsC3l5Gdo28ZyDg4BNZc9jO0bB1kCb8MhGSQThWIJBY88HGMdz37oWscbR280reapBICkL8wBXfnA4ySoIxgH3NUrho7a8YSA3CABVxwgcEdzlQR+GOcYzXGsU3JNWcXd6ON3azeibbT2t0/LmnVdk1bV3VmtL2d/du99H52vu0syztI7RIlVyGCt5pJVXYNuwAh6HkYxjIX0rYhtZ3i8/cqR7sFQACqr/E2RktkDB6HkkHuyGKC4unkuHREOCgUkoH5ADDjkDjgAklT05PR2FtaxD99KSG5AXgEMu4uRuJwmeAeef72RXPWrtttu/MldJ7p291XS8u1vU5r33d9utrt2dnezbTfR9l1ZzL3LQzOhbeqgFUKkclWAYHoCeQBjgHjjNNmvUUODlgV5G47UJwSzEZyVxu4yAeMgdNfUrSNkeVZVaIqFyApYnPDYOCM9gOMEAgnk8teW0duxdziGSEBckhmkPTcpJbk8+/HbFFNQqtXTv0Wi10t1baXduztpe6tjyKTsrtX0afaz2be/fTbbc3raW1Ug5UlgAZQRvJxgqAcfKcDJPTIyxzzE8kSkyExtw+yMkKR23MOxbqBx0zgZrl4rpUfy5GG2CMbcMAdxHUjuBkFTg56kAkAUL28MkLRxS4YkfOScsMn5e5I9GweuOmK6aeFlKqne19ddErpN6WVkrLW2u+j0NI09VZNbNJLV7NaK+ib9LaaXNKW7RmMJkVUJJU9UyeccYzuOMnIHTIHNSPcWFsgkedmkUYUjOCeMcgEqAeudwyflPYcKb64kLBcsVPDnBxjso5B7gE5zkelSwCa4y0uSzMAoJLFgDj7pZSAMc9R1OK9L6o4xjfl0S0StbbW7V9XtZW39X004cvdpvTSzbsnur6baO6Z0krpORJNKJCcYQHJCr6EHt3x0+pOYYbqWF5JbRyp3FQyjEgI9OPlAHQ9c9ADioDGtuFV2LKwy23OSdowgUMCNvTPGSAMdzDBBLcXMaKD5WGfOdhVQdxz8w6dOFPPpgVrRp80ZRfVO6lo90r3stNHbV2TSurpnbRbi3a97XstJJ6JPayV779LX3PXdA1q5srRXlmZcsMxB2DMezuwOQMkkjGATnFT6tr0zQH7JcTBxkO+SQqM3zBBnAI5BIxyNvQEHkrKOSeJg+UiDADK8ysoAABB3EDjIA6Nk9K1zcWQK+dFGqRrgxluWIHLbc/L04DcZ4IJ68Mcrwzr+29nCU202+RXuujaWiWj17pLW9vVpY3EOCpxqTUI2UVeybdtVd/PTS2lisL2+kZZRIZCABudsMSc4AyRtUcnHAJ4ByePUfDnizU9Kns7i1t3nvoVUhoc5A/gj2qCPvZLZyMcAnjHklw7XzrJbkxouFKpgBvmxvkPABUA/KSDjJBycDuLHxA+g6Q8dmITcMcNduVaTLjO1R94FT0BI4wSc8V7FPBwnZRhHpokrO3Ly6dtLWd7va9juw2JlC7qSlZJStzJ32buneVne935Ws7I9g8Q+L9a160E3jC6hthuC29hENtwyA7kYjJJJ3DduOMZ6Y53vhj+1J8Xvg/NMngPxjqvh2K5cxuLaaS3VoFAVSdjIN2MAuvQAjOQM/Lo1WS8ze6ndytJHJuHmMTJIAein+AEYyAASMkEc46+V7Xxfo5mstltc2BVQm5AWjVRudlIBwTnHc9+4ox3CuCznBVMLjcNh8VRklzUK0Izi9n8Ek4p+du1mejgc/xOW4qGJwVarQqxvFVqc3GfLJK6bXR9VyvtbR3+z/G//BQb46eN9Gh0bxP8RvEmp2sK+Utouo3CRONuP3m2T5x0JXBwOozg1812v7QnjjTbme70jWb7S7uRpC95DcSJcMsgwV379xB3Hjvz3FeRab4R1jWby3tNMsL/AFGeRtq29jbTTM7EhTyqEZbtk5H1wR9s/Cf/AIJ+fFjx9La6hr1jH4L0OURO91qrFLp4Tkl1t2wxbHAycg8AivEyrwzyTCKpRwOSYSjRlK9SMcPTpwfw6yaj72mi3227fQ43j3PsSoSq5niZNJRSdWcd0tvN33SWt13R8H+K/FOueKNQnu7y5ur69vHd5ribzJ5rmSRgWZn+Z2bLHvwN2Ca9Q+Dn7OPxg+JGu6ZN4V8MaibeC9tbhdTureSCyiMcqyLI7ygAgAZHA3DB/ukfuD8Of2KPgL8MRFc6tZ/8JvrcWD5l4oa1WUY5WDkKu4k85yuR7n6osXj0m1h0/QtLs9B0+NQscVnbxwhY1xjOwL0wR15xzgk1+rZLwtGhTpU1CNOlDlSp04qCjblslZJR091vRLVJ30Pz7Ms4VSpOtiKkp1ZS55SlK8pSdnzN3b++3mrXPmDwz+xfLqK6fq/xd8Z3E8qW9ssuj6fJ5NuSiLujZkIBXPyngdz8vGPqDwt4J+Fvw6tI7Twd4S0y2nQBW1J7eOS5Z1ABkeZ0Ykt6jnOT1p9xcSyOjXly1wGZim6UbVHQjGD95hyMDAwD04YwjdGjDNuYB1wd6oMA/eP8IHpnjBIOTX32EyWlSslCMXZO6j1001v52vt958vi+IozvaUpWtfW9rKP3Wv6euh1U2r3MxbMxliKD91EAiANxkYB2qARkcjODgY4xpra4uvM+8IidvlRkk7jkkevqc8gD2qTT4nKbXdYt4B3yBI0KKwBdixGM54HAAP0qjqXxD8C+Ft1u2o/2xqrEAaXpqm6uGfnEZ8skKCQAQCeQCoIHHr08LRpxs0lOOy3f2WtrSt5er6aeLUzCvXneN+R6N6t2fL1e3f83djV0G9uV8u3td0ZYKv7sli7HGCTxgYB6EtyR1O12oWnhzwzaG88U6taWMaAZR5kjYMBkgIGd2bOMBuecEAHIxV1X4w/EFBB4f0WLwNohxt1K+51F4iTteNSOG24OQckkEnqT0Oh/s/eHbSZdT8Xahf+NdUfbPK2pTyParKOflg3BAoPIyBg8nAznWNCtXklCDUY/alb+6lba7dtNNL21D61RoK86ilJu7S11dtG27avzd0tOh5+/wAW31CUaX8KvBl94iuD+7OrXML2+nQtnCytK6kSKBk5AIIPqCK3LP4XeP8Axg6XfxG8Vy2lt8jnw/oUjQw7CeIpJEOW4AB5+bHoCa+h9O03TtOT7Jp1pbabaxrtWG2gSJV7IoaNRleDjJzzz6iVtsIO0u+Q25snaw5IJJ3YXp8vr168evh8tgkpVFzNrVbKKTi7Nb29Wl52vfysRnU4t+zSiulldq1k7vfr2u+l+vEaJ4K8K+F4nj0jRrO3lRNhuriMS3UhAQEvI4JJON2M9ScDstr5S8gDriQjaADtZctuAXgevHPatiYK6ycgEodxY/fVjggEgjjqOuQenXPPXrSRuiYwoIwUwSQcYwRznJHGSe/pXfTw1OnDSEdLq7SejcU00vJ7v3W9N9/Bq5lVrVE5ynvo+Z6/CrdUt09eqVmhz2OntmG4gieElgqOg4YryFb7w7HGc5xweteA+Nvhppmu6vdRW3nWyqpuLeSEFZbWYZIeCYbSCHHCBiCQcckEewanqksFuRGhd42LKSf7vTJ4GQc5BJ6ZxnFY9tePKgmd9sjxFg27DAAnIc5yQcYGeSOnBFctfB0qqcZwjLW0W18Oq+1q0rdLt2V+tjrweZVaVSPJUlq4q0no7Wsmtt9nZrzbdzxPQvif4z+E13DoPj559f8ABsjGKw18F5L2yRgABOcEkLkjk9QOSa9xfX/DXiqxttS0G+huluFDwzDBRxgZSTGfnVTgggZOQMgFq5DWrHTtXtbi11WK3NtP5guBc+WY0iwQzHewMTY4A+7ngAsBXxjrfxF8OfAXW5k0rxfDrui3zyn+w7SYXE2nyggpGrKSUUkDPOAOvABPgVq8ssnyupGpQ0dnK8oK8dFLezbVr7pNPsfV0qFPNYKUYulXtd3XuzatfWys01dXSVt03c+u9W1V9NuGcQyFQdkqRqTE+e+RgYHQjgDHBHfyfxP8ZPh/4WlkuvEGo2lpO6ExWymOe4O3nbsQ5BBIAzxggZwRXwF8VP2tPHvjRZINKaPw5YRB4omtQBdXEZyo8xwM7iv3uCMnkksa+SZrzVvEGpeY8t9qmoSZ3rIsk8plbOAgJYKATwcfLxzkiuLE8RylKMcJTc3JaOUbNuVtbLy37+THR4ZpX5sVOyi+ZKO9k0neTdmm7rbf0uv0U8dftlS3UdzYeDtJW2K7lXVLtiJGIzsZIAOGIAHOcZUDBGK+TvEXizxh4ytL7Xdb1K61JLS5CvDNPIzkynHlw2yliEyflyDxjPOa0/h9+z18SPGlzFPeWcmhWMuwm9vgUlCE5G2M7fqrDa3T+8K+9/ht+z74V8D2rrc2Ta9q0zoXvr5BJAWXBDLEwKLtYAjcM8kDAOR5kMJmWZVL1qsqUG+bW8U7uOiSad93bs7XVmerPFZZltPlowjKVvsqLbWnxSd7NLfe7+4/Njw98LfiF41uEew0K6trCZkYXVzG9tbtHIcAncqmQ7ecnBIIH97H1f4K/ZE06zkguvE9+97NKUZrOEbUXgMRuJPy54GT6DpX3XJoq26xqtvAEUhVht1WKJMqMMVRQPl6gdQfvDFZ2pajYaR5kmo38NpDCMs7Oq5Cg7kjyc5wecnkjJ45Hs0cpweGgnVanLmV5Sdlpa6SdtVa+2nN2PAxGZ43EKUaMHGEtuVa68ura7afDbX0ZQ8KfDzwr4Xit7bRdIt4pYkRXkgiUylTgZZ8EjPyg467sjqK9Kkl0/RSbjUru306Hyt2FdPNJAOA/oe+McnGCCePlLxn+0TpmkRTWvhomWVFZftQYFnI7DI+Y5AwBnGeOAM/JXiv40eJ9caUNdTpNIr78yl2CsOOAdozxk4GCBknNd1fNcHhaUVQ5ZzSirJJxily3s+Vu9997Pu1c4cHlOPxjcq7lTp8125NuTSlHa7t1e+lr3tsfoL4x/aC8E+GI3SxX+1NRQHIZgQRyQzc4UDGVwBgDPQZHyH42/aU8U+LZ57a0u00izOVCWzEPszhlygB/hwDnjsf4a+SZr29v5S17dzvK4LOxLMzLkkKcY456AknOfvcCW2jit4n86RlOSfMds8Eg7cseM889DgDgV4mIznE1kop+zjKN2oNq8U469XfpfS7jqmrH0GGyDB0LSqe/KL1ulZO0Fsu67aK6179Drniu7meRjJJcTPgGadmkYk8Hgsc5wSDjI59wvOpq13BHumu3jicsGiBA65JOAOO2MenU45hv54J9gQqqKyIs5YNhuQSo6EAnaDjIyOeOON1zXND0cH7bqMKFAX3SSKzNjPAQEHseOgIHGRz8zia0m3OVWTjzLTfe1lbrZefyVrv38HRw9BWpUkm3q+VO97axu9O6s3da9k+il17cTEhYoocqWxtAPBzgZOTzzznoRjB4jX/ABTHpkDyS3KxeaQA8rBSG6cIcc9ABye4yp58c8RfF+NTNaaJAJvvsLuQHaOSCecHA5wucjgfLjNeIanr+r63cteXt1JLlsomcQxsDgYUDk8YBwe/Hr5c8Yo3Ufebera0u7LTZKybu0tVreysd8FzKztp2Vt+XRWaSsrbv7rNH0RqPxI0+yt2kaaWe5bgQoCCwHIJK5OG7jg5A+6c149rPxE17WbhoIGGn2TfKyw/fdST8rtuBJPTnJ5Azgc8vcxTNAGKs0jbSeMvtbghc9hj0C+voI49LklcKokV3KthtwC7QDuyTgnI+bafy5rndSpJNOTd27JNa7bbNd99X3ZLnG65duujW9nFJtbOVr9Vq7anW2aTS2UkckRlZ1cs8jM5yy8EFjzgY2kAEZI5xmuLmtZY5XJVmkWRkKZOArZHAKj5iAWI/wDr59g8O28b2ywW0dzfXTE5t4Y2kJIGFXeo43Hn24AIGDXrXhb9nXx144b7S2mf2FYyyBmklQ+c67l2silQ3Qk5wSD8vBya6MLl2Iryi4wlKNlqldK7V7tJpWT1u9utjlxGOo0oWnUSdr6ySk9Y2dktrbaL8j5St9PWN49wVGlJIVRudiwU7cYYqTkY4J3c8kZPpnhL4ReM/Ft3bppOiTrby4AuLhHVV7FxkcjYQVzzuAOTgY/Tb4dfsheHfD6W93qln/aN0BG5mu0Mh35AJRM7sNnI6jGDjrX1jpXgrw74WhR/LsrJI1jAdkjjCDH3VRSMc57Ft3yHBAJ96GUYbCwdXGVI2ST5E43Wieru7Lztu9G9WePHHYnE1IwwtKb1S52vd3itEn5ddu1kfnb8Nv2LY28u+8V3UlwuUaS127IVZSDtbja2RjHy47AYyK+4fDHwq8M+DbWOHSNIt7WKKMF3EKIz7dpLGVlJAGcjORnoBkk7+rfEnw1oKzQwkXMsKvIZpSIrVdoLA722rg8kE8/Nnrmvjf4qftS6PZ291ay+IElnfzBHpuikO6qhOI5Jo+EJJwSOM9fby6/EODwLdLBUYyklZSSjJvVbvdWvv21v1PRp5RVrWq4yo9Wm47reLajFJ+T9Xd6n1xrPi7wx4ej8uW+Qz7CVtLYiV2cDgMFB5JU7j1GcADJr5Y8f/tB22mwXSNc2ujRlmjG5w12wIPzKgO4DacsCOHGACK+AvFH7QPizxBI8OhQvo0DMwS4LGa+lHzZLMeQW9lBGTg4G4eXvZ6zrspv9XupbksWa4uLl2dg+4NtCsQq7vukAYBH8XOfAxWeY7FP3qqpRb2jvZpPz1XVdn6HpU8Nh6MEqdGMvOXLd7O976W7vTvZns3jb4x3PiG7ez0j7Q8Um4nUbx2LNyWyoIACnBAOME44GQR2nh3xDNB8CdbXUZbh5J/EMX2QM7vG4CgnYrEADcTkKeMHJOK8+8EfCbWvF2yXS9PubxgUCGOF1to0zjfNIAoXIBxg4bk5Ar6+j+EnhrwXomkaX481u0j0+Ai/n05XTJuGG4Qvg5IPIJx2HT5TSwtOeNcYxrOT5k03JXsmt1fbS+lrN3V9CJPklKTioK176NWfL0um0tXo76roj5g8L+EvGnje2uNJ0qzkaC4IkubkRt5Sq5+RS3Q7QeRuI6cgnNfVngj4C+Hfh5pqap8Qddt/njE8toJlXCxocBzu3M2eikHjG08g1Nd/GjRvDGm/2V8PdHtEyNguWh24AUhSpAJYEBSrHIOSeTXzV4wv/ABd4yvmvdZ1a5dZOTaLIzIo7ALwpAXAPHQAcc12VspVSEo15NpJbPVx03elvNWb18lffC4v2U4VKMOZ2vdpuydvlZpaO17eep734u/ah0LwtFNo3w60uEeWphW+ES7htXYGJxk8ZIPTBAz3Hyl4n+KfjDxNNLNqurXd0tyT/AKOkzrDGpbhWUMTgg4HDdMkk81NH4AjVS7TgvId2XUnbgc5HUrnbtBPORtH3jUX/AAh0VqDHKdzM22Nh0G37zbflznlsAdT+FcuHy2hS5lSoU4ytdydpPVR3b3a62tZ6+b7K+PxWI5faTm1paCdopXSskrX2fe2l0rHT/DjUlt9XS8kWQRbEEmSSu4r/AHjwQxJ6juORzX2DpF3YzaNq8MzA/abd2RBtHVDtVeOrdfvAccZBwPk3TdHNlo8n2eIZRkZZQcMwHzcnrknJ5x6dQa9o8FXU18lvY28c1xdyRhZLdUaQuSMYZQBxnpgg8DPJwfLxeXSlUvTi27qyitXdqLi/nrvrLY9LAYn2UIKbT0vq+9rppu221tFa177+RX08VnczwENIba4cBD0C7z0IHXPQZPBAJOSK4XxFox1lJYLdWea4USxxRRl3EmBtHyg5BIxyeuDwME/d+gfswat4yv3vNZmTw/YNK0rM42SMpBYfKTuzyMk7sYHPavctK+Ffw1+GjWyWOljxHrO0CO7mj81EcHO7DFlKsw6EnHY4r28s4bx2LUZcjpQXK25aX0S7tN663slZXujmx+cYONKcLc8muVQjZq692zeqvbT5d9/yz+Hf7I3xR+INzHImnf2Npg2s+o3i+Upj5JcBuWwM8cfUjFfoB8Mf2RvhB8LWiv8AxteR+KdZhjE5tZAGthIoBP7vJySTxxk4OCe3u15qOvyWOTcxaZp6KXNnaqIiqLt+RiAuAOvIHzfeFcZAbK5c3JlMrIGXzJm3uWOAQASxXHJGRyvOfT9Eyzh3BYSEamIlCrNWlrqtLNWW2/y7vqvznE4+pKpahTlFuWjte6tffXXXyfSx3dz4mgjhXSvB2kWWgaOAVVo4I4WRQAFKBecDK44Pru45818Q6deSA3UV7NfXyCSTzJHYxEbQSVBJX2HcZ645FwalaRO7SvkRkKiu+wNgthVwOMZPTGcdwc1yuu/ETS9LimMs0EaQrtLvImyMEDcDnOSD8pAGQTyMYA9CtjcvwacVGC0TjJJN7JtabtdOW6XQxhg8di2ndwbS3srpcvRJea7a39KXhJ7q8lu2vX2yxsYzG74A+YjJTqeBwcYycL/FW9f6vZaYkpmnjjWEMWIIUMcfdXOMbcc59c+9fF/iv9o3RvDWq3LaPKl5NLI3mxwkMpYZ28rwBngnJJAyORz80+K/jh498f37WenG5jjkcoIbRHZ8EkDIVRz26Bh2PFfJYnPm67+rU+Zuyjyu7doq17ap7JrRtLzse9HK6X1enCu7v3W1pq/dbXW63XXa/p9kfEP46aRodyLYXSFiWcpCQzBQD8pILdSBg9geAa+XPEvx18Saq81to6vFFehkjY73mMZ+TIRckbtwx0BJxyRVXwt8EPE3iNBrHim+XRtPjbzLqbUG/wBMkQ4JKROdwJU5GVJz6GvddA0fwF4Wghg0DQD4k1feI/7SvI/MiU5ADxBlYfK2cAAj6ngcNWeY4yUZVXKnCWllJ6pWVraWWrtdXVtNNDWLw2Fgo04RSS0tZt7J66226Lfs7M8J8LfCbx1408y91WWfS9MmxLJfX8jRrKhOWEaSMOMZ4ye/HTHumieHfh54B8u3s7NvFeuhQFdkM0azrjLqcMF2njB5PKivpz4a/sz/AB0+N88UOn6Hqq6LLIqpIkUtlYwxOwGfMKoCFGTgHoOnp+sXwM/4JieE/CFtbal8QriC/vsrJJp9ugYtg7vKnmJYkE8thQTzyNxxSwuGw/K60oudlK0ryk9mmt3Z22dvPYSniq6kqUHFWtfVLeO7emi1drad7s/GvwV8KfjH8aNQt9M0TRr+HTZZAI7extnSKOJmALTygbUHYnOCADzX6rfAv/gmpoXh8WOr/Eib7dfDyn/sK3HmeYflbZc3PJbJHzrxjJBJ7frZ4P8Ahl4W8IafFpvhrQtP0K0hVUU2tsiTSKCACzgB2LdCRkE8YwcH0UaTFEmI4wjR872AMj9x8wOO2c5zwMDbnLeOac6eHpKLa5YTkve0t6Wvqunk9dOmllVOUoVMVUc3potY7Rdmku3muis1Y8q8AfCHQvDNrbWejaVYeH9Nt1WOKx0+BI3cJziSYLvcvjLZbODzknB+ldG8PWoEcFtaiEBAGcdCTjJc5LHJPHODnHHfktNuUt5VEwaWFcPJ2xkk45JJCgcgZJwQB2ruZPEmk2sYl+1JbAImUMiqwHIAIOT+AJwexwK8PF0sTUlJNzqXtprK13HRW0W9rLRWV27tn12WrA0YJxVOk1rd6N6Ja3StvdJaeu50Mfh2C2KtIY1IOGYdSeevfCjqCR0/Cq2p32nadGzhlaQFiAWyx99oHyqCD6tgHGRg15hrXxPt7YytazxiOJCDKXDHodxAJPJzgsMgg9sc/P3if4zW8cUv2aUyTkgu0nClsZIXIBz1OFPUDJ65rB5FicQ/fUowdk09E9lq121TaV+nc3xOfYTD+7TalK1ml8rq/VapW9NE27/QHiHxwY4yA6wo6sNyMA8gI+8B1EZGD2GN2Mj5q+R/H/jmFLppIryWd45MGGNyFRhySck5OcZ5+8o6jg+Y+IfiJqmqF52uHiRsgbSQ20jBCBTzkkenXoM8+fRQ6prjma0gmlbeWkknDdjlf94exHtX1eXZBSw0uZx56jSbSWlrLV9X0tvd20aPkcwzutiHaM/Zwvbn1T1tfzWzT0enR2ub2reNNV1HdLJcAqm8iEEgKAMKzALxwcHPqxP8WOZgu9W1ORUtkk/eZEkwUoFy2ADkde456d+tdrpngKRgs95I0kwYO8eD5WDzhiOWA4BHHXI5ANd1HosUflxR26ptyweMfKCAMEgDgZOBzwTnPSvpqWDeiUVFKyUFaN0uVXdua10tUuu17WXz1bHW+GbnJpat3SbcNbrXWyWmr1e7OX8MeFIGlAvx9qnjYuwd8DA5AAJyTkDJx0IwOQa9YjitoQsQijjCAfLGABggEHIILYxwOeBkA8k8pptpNZ3buzYLblaRjndg/cII5IHQkj5iMitdpHDMSSXJyMnC7Dk/3cYAzyAMgjg5OO+lhoRa5b3XKryvr8Nm/Tu+remiv4uJxVStFKU222nazte6Xvbve2r/AFsX3uYkDBQXQHaA3QtnB/FsHaevHcZrNu5o1jWVUWJlIGAwyxPUEddp5JPbnPQ1Sv8AUra0UqoRixxt3KTkDqBkA+voufUcecaxqlzIJCWIQthQrADBycnnhV5JxyT2611zcaTvJqKsne66uPb1W7a1+RhTpSqJNattvVNb2fXV2+6K1ttfevNejiV9pTd5hHU7cjjAABIIPPT0OM153rHiG8WK4Nq5x8xyVBBbPzbuccnIxnvzjnHk/wARvjL4I+HVnJP4k8Q2UDKrOlosyNPOwBJARW3E8EHggA5yR1/PLxz+1j47+It3NoXws0W5tLGVnj/taWJwdmdvmJ8uFBAymSTkBs4FeTiMfTguWl71Rp2ilrzPls2tVpfV6eXc9XD4O9nUtGKTTk0k/s76W27NuVvkvq740fEzwfomkeV4w1m3gSPdNBBDKDfxXKcpJbsp3q6sNwI4yAOCRXxlfftgfEXxQ9r4O8CQPbIYpLOHxBqrE3stuMhGRnIzKqnKkfNtAHUkml4U/Z413xfqC698QNVvNYvZpS7W9w8kkMW4hiuwkqFz2AyAcAHdz7vrn7OektoanSEgstXsEN3ptxbp5ZWaDDJE2DyHK7WHOeh3cY+fr4bMcVJ1lJ0o6NwT1lHRPXRJ2Sa7HswrYWi4UrKT+zJ/CneK0u79L7aLTU8z8IfA3VfF14Nf8faxfeIb5nM0iX00kkCFjuYRI7MpX73IA54AIHH1f4d8BaNo9tHDaafaWsCABFSOOJztx1bAYgYxjJzz3yak+Ceur4i0FrbUbNLbXtFcabq1q4CMksB2GbaFHyS7VYNt5D43E5r2XVdOiMbbY1SQJuTGMFQMluMY4IyQV6E17WW4bDRowlCKc3bmlK7k53Wjbvqne6dtbXb3PLx08TzuPO4xVkoxdrv3ba66WXRJdLWZzAsrZUREREZVG11Iwo56A+ufwJxjtWnFBDEhjYB1MYZnPCo4+YHByMZxxjj0zzWbE5RsNwiZVd4wAcAAg57kAg4z2bFWGuUIaHj7o8xiNyqewyDkDPJ55JxjpXrqMbKKvb07JW62fkttPkvMjOTlu33Wr6ra0tdX6WV7K+msg8oJJlSQBsKngKTgAnGQeOw5zx0FOa+j81WVgUVzuUHq3fPJAwSRnPQ57Fjya3oDsvmEqSxdFJA+UYAbg4B4HsMYIFZc948LN84UsSyDPJByNrHPA54OAfTGKjmitJNJq+m6UbK6b2d+7vaz8jWFJv3unneyjpdN6Xeqd+9mlsdjc3MTo8m9SEYlFIwzYK5GckjBBOeSMgFupODeamoQqsjbvLwSM8ZJAVccg4JUsdo6DB5rmbnVW8pkifkYDknJ3HksTwAM8cMMjP0rjtV15ERiZBuUAAblAwvLMT/D3zyAB6c1y1pqLSv7ulrytZt66N7a7puyXW1n006UWk4LZJt6rdLpba/Vb27vXtpNYiYZmkIeIgIxYjf0GO4BGeQOw2g4bI5O/wDFKQmZgVESuVL5CggdMk8fKPTnOAOgz4H4u+L2maNvX7Ul3eIRtsrcb3ZgMLv2khMkYBPyjODzxXguq+KvHHjq6aG2E2n2b4AtrckSOrHH75xgJ8vzMxxgdNwO2vOqYzlUoRTk9tEnqrLW97bJLba+6uvRhQgkpzaSSSt3Wj5VJu1u2yTs1a59EeLfjDo2mmWG3vDfXI3KtpbHc7yEEgyFcgc8cn5mGd2Wr57vvEHjnx1dFYPP0+yDkPa2hYO46lpp1wFzwTgZGOfbpPC/w2t4rqNbpZ9Qv5TvaxsUM0rMwBH2i4A2ojHGWLAD5s4xmvTNZ1DwF8PdM+1eONWstLSANKvh3RrmI3sjKoOy/nBygIADgYx8wH3TXJO79+tUVOKV3rZpafFdp2SvfZbN6XHKdmo046uyTau3orWSaWrW+y6HnPhj4bT3VwkKWsuq3zsGeKEN9niY5YNd3RG1dpJzyemeK7fxHqnw8+FNlJd+Pdbtru+iRZIPDGjzKUidQCsd3MmS5JA3qeQCc9SB8V/GL9vCURXPh74Z20Ok6cqtCGswsbuMGMGa5xvmbbyQG4B6+n51+J/HvivxhfSXGsapdTyzySN5ZmcruLcEEuWLcngn9a8XGZ3hqD9nh0qkm7Xbta/Le7d7PTotL9TelgZyalVk3rdxVpSd+Xdt23u2le2lmfoH8Zf26dV1WC68O+BI4tB0tQ0UdrpYEC7Au0+fOmGmbpxuHX/gQ+A9Y8R+I/FMz3GrX9zcPKzuYjJIyncSfmV2JweTznGPl4rG03SpLmZQYi2xlMrsuQcgBsnJ5yCAMEtwV5zXqGheFHuJHcoI1RPlkfOwHkgqOMDnPPPGDjHHyGPzWU3KVappp7sZaRXe23a29nse7hMHUqyjTowtG6vb5LVvre+7vv2uedWmjXc8jfuWYZG0YPzDP3c/3cd89SSeua9T8P8Aga9lmjlEGzMQDKUyqgj+InrkFRkgg5GApxXqGi6HpdhtaaESysgaNwqklgpJbaRj/aGRgnHHBx28Fyrt5enQYaQAMxBLk8hh8oOMglflJ5HHQ5+XqZtVqT9nh6SS0XM7NrZXVn2V1ay/M+rweRUKaVTE1OZxUZci0WqTS7rXTXbz2eFofhOx0krJdlNwC7wdq+acsW2AZyAMcnB7DjiuyTWLa2YQaXakIDtBCj5mHYrjODkDcMcDkdqIPD1xfOrySPy25zKNqIMDB7ZAB4xx2z8uToR6Mlm5ZioKY2kEJvJ6/e4xnbzwBk5B/h0w+Dr15KVeTleS0V2rPk0stNHprt6HputSoQ5KFKMI3tdpczd43cbpO6svnpZ6tRwwy3mHuQ43B25BJX1A+Ucc4JJ28Z6Yz0VrJZWSu7OIwEwduQVAGQT0yT68YOACTwOXfVRA0kcJ8x1XDFgCg9SOMYABHUE98DFYM98JZXLs0oAJZFIUKSeD1Bwc/LkdQPvc4+ho4elRpq9rx1V7aPRO0k9Nde/p08SviZ1J2TcuZ9Hp0T2ej09db20Oy1DxRNHDss2Lh/lTktjH3WLdzjB56kc84rkrzUryZmkn+aOM+ZgOQJCVHAbJyCAAynPoMkVBG0jgLDuGAcoMEhT0A4yN2eZDnHTOBxdj04yKjSESEc7S33QQfvY/ixj5mz1wwxyCrjIQSUWrx07tp2b3u97p3WlrKxFPDVKiVlKSvom1Zt8r3d1a9t1pb5rJhM14hZ1CxqCyBicpkjjAPDDjkknBz33VoRWTF1d49g+X5mONzAgAsTzhRg9eBgDHGL3lwQEsXBCjMcS9x/eY8gZPvkk5BBGRSu5i8QnnYQxof3cK8O3BwACeAQMEYAPJAOSK4a2KdS3JdNJN3vd7XVrWa+Jt99Fpt2RoxpRXN8Vlon2s3r89e608ladoYl2xkPKc5ZOQxyenGAi84ORyOOSAKksspVXmcwL1yG/eOGIGFXPyjuOT2PYVjmW7m2tEpjQsSgUbm2jsxznBxknoeD0zWpbwM6h7ly8mMF3JIVuu3BHbt+BB4xXm1JK7d7vf8tb927LS/r0NlVdlGKilZpJdrJbpq9rat7elzPcT3BBjIjjLcgdSgJyzAcgdeMd8DABNRjT9+6QkEsVU5OFCnGSxxhgOT04PTpz1FtZLtDbVZ2DbgeAp9TgZI6FjgEjOOtBgjd2jk3FVGBtDDcSNoHP8JY/Kcc9G4ODze3d/l0TSa/G3VvTTXTYiOHnOV2viu9mlq1rd3tdX1ez37mRHA0KRxxIXCsAGVsse7H8uvOM8HGONdUkMioFf5trYHPpnGeASCDk8+1XrLTN5wm+3jA2kHJLHOcDOdrNj8egGDW39l8tEgjiKybWLSt1Ix8ueByeuMr65OAa5alS8d7tNXS1e6W7u7r0fV32t6VDCON07p201Ur3tdeq6dnu3axn21gp3NIS8Z3KE3Hj1IIIORnDdcnJGBgiVLGNAJFwpyQFUkMQvIJIHI7sMcZ56ZrobSwl3LCFdRwSWHUsPmAGM8Z44B9ycmt608OXE4Pmx/Z4SCSZF+ZguOUB5yeeMHnjp15J4iMV8Sttt9rR6PV3u/V3tfdHdHBudvda20V91a/TVddX9+qOBWzluHVHBAJJRcb2ODgA4556A9AeuRxW1a+FLqeUSXTLZW4DEO42yOq/eQKSScj7oA3Hnkk4HotlpNjZtiCEvKAxFxMgIA5wQOgBbnqcZycZpt0+5JZ5n8+TcyFydqICcnCkYP3QRgDGOP4q4a2NlZxi7NpK97OKSXw27XfW+mm7R0U8DThec9dt/la2+mrWyVtjjZiLC18vToxb4Bje6f/WPg4JA6jJHp16nPJ8h8T3cr7pJZTIN4QlpCcqDzsUkEA4Yc5688jNeiavqQhWUI5kVMrhThA575AIBByTnqeO5I8g14fbV3hkUBwFBJLMQQSwAxznOM9fY7sGCpqpOMpq7utbJy1td38ktdL31tdHnZhU5YuEHovs6Lsl96232uyoskkkf+js6RsQr4O5uByCOq9jkY9VHINXbEM0e6QtIQzARnIAQZG8g4JJIxj1DdRiqkMCLEm2R18xwiIcl3LEA/KoLMXzgEc5657fRnw+/Z28Y+Nbb+2dTe28EeD4YxLca/rjrbI8SBWY2kUqo05KZIxlmJB3Yr6CGFlU0hTvGLtK6TVtLXbSS3vfXTvbTw03zXldtW1T0jfy0t8vu0bXimh3Drr+nCLDsz+WqKhLu75VYRgfMSx25xknJI6E/T/hX9mS8v1uPHXxy8W2fw68El3uYba4uEOt6jaqSyx21vlZE8xVwrY538jiuY8f638Ivh9oNxpfw0jbxB4h0oJNeeMb0KYheQHlbJSSFRpFJUYfgk5OM18U+Nvi540+IF2s/irX7/V5BGqW9vJcP9lhjXCqiRBlRVVVwAFAPTGOnvUsLTdKmp+84apWTtezW+ttL3aV+nVnBVxkKMp80uZvXk0tf3eW+rdrX316JLr98eO/2yfBnwt8PXHw//Zi8NWnhmz2Nbal47u4YpvEGp4BR5Y7h0Dw7yGcbCDj16V+bnijxbrnirUbjVtf1TUNWvbuUySXN7PJczTOzEkDcxYICWPGFAPAGK5eKHUdUma2sopLidnCrEkbMq5JHHr68lc/Tg/SHwv8A2fvF3iyRGNi0SAKZL25GYIFIGVjVgAXHBIBAXa3TqeyjhnJuySVkn96t522a1V921qn5eIzCtXsudqNv4cXaKta717aO7a103PDtP0nUr25j8uBvMlUBXI3yEN90JGQSBj7vBGe/cfQPg39nPxH4qlhvtSV9I0yJVd7q6H77Zw25VO3hhkDng9yR8315oPwi8DfDRIp9SaPW/EBVQY/lmMcoKhQkYDhSrHljwBkjgDHV6hqEl5bOuouthZkZSxhIE84C8K+0KQMDGMHHcA17eFyp1OWerVk7OPxNctkld30e7dteulvn8bmVLDxkpzXPqldp2+GS7XWlneyu7a6swPA/h/wj8NLAWvhfTIdU1x12z6pNGrLC2CC5kbIXcctgE4zxtFXbzXxcXoGoXTatfM7H7NGSLOFSWOGwCH28A+oXGDnFclfaqzwyWlgj2VqzbcIMSyjOCHbOeR8oBI4zgc4qn4fs7iS7Zwsii3RskjJYsfl3EjBY5DDPPA5yc19bg8rjywaS1SulbV6XvZera2as2rbfBY7iRXnCM2lq3K+vTqm7X006aKzNHX9SutQvIoTJiKMELbQEKi4GSu0Y4HTkYGeg61wMumJPem4lUZhbARfm5Zs4Oc4445BPUrjNd3FprtdPPIHDb5AFPDNyemcY5yCOB1Axg4j+zQQXO6UDBDMx4+8FOFwdzMQcgg4IPbPNfoOVZSowWiS0aVtX8Kb2ve/R7PrY/GuI+J5SrfHO0ajXKpaNaK1uiS06aK/p0fg2yS1ju7rKxylTgEDciABgM5ByQM9OM446DoJ7xGhAckyAHEaALu53F254z1wQeeozWJ4f03VdWni0vR7G7vrq8lSOK3s4JJbi4kkYqiRpEjOckgFVG3Jzk9T+3H7Gn/BGz4sfGtdO8bfGEzfDT4eny7ySK/Qx61qluNkrCOKUobaJ4/8Alo5AAOSvBA+qwuUUoQ+s4ypTw+HTV51LxUlpaMIJc9Wb3UYxlK9lpe6/N8240qVJQwOAjUxWKcdaVG8uRPlV6kvhpQjb3qk5KEVdykz8hvhx8HviB8XPEVr4c+H/AIX1bxTrN9OkMVpptrLPFAZW2h7iWNTHGi9WLMDg4ycZr+hD9mH/AII4eC/AGk2XxS/a/wDEljY2mnxJqUvhFbuG3sLZUVZvK1O6dsOygEPCFbOCMHIz9i+O/wBoT9iX/gmv4Qm8E/CXQ9D8QeO7K1aKZtPW1utSur2JWQy6nqe2UphwTsQg4+XAJr+c39rv/go18aP2kNVvYtY8SXGl+GXmkNt4Z0i4lgs442Y7I5xE37xipwxyQTxgd/ajGjg8M8S08swrjeOJxEYvHYpJpXw2GkuWipL4atXWzUlqrHxNKGNz/HRweHnLNcVKUVVo4ac45XhJyausXjI64icdF7DD+7dNSk07n7LftM/8FaPg9+zj4avPhJ+x54S0C3nsYJdPk8VWlnDBYWJjUxtJa7AGuZV27llZyC2Dg1/Mn8ef2lfil8atc1LxF4z8VanrmoX0k0suoajczPHCjFmK28ZYxQxryECKDzjNebatqwaGa8vrgMqoxaEkqfmOSCeQSM4Oc8/MTyK+PPih8V3EdxoekyIwlJjaYEKIVwcIhX5t2M5wBn72CQQPzLiDjCpF1sPljlhaNRctSvz8+Kr7Jyq15JzkmvsR5YR6K2/9B8DeE+Awvscbm0YY7GwtONN04rC4V2WmHwytCCTsueSc5aXlcwPiH4rn1e6bTopTLFBuWSQuzG4l34IOw87j0OTjA9K5rwj8PNQ1u/S7vVMMKyoyxSDIlXsuTxjg4Izz0NaHgjwzcape2l5fRu0WQ4VlLJJySWOeDuP5Y6lhkfVGl6XHBEBFborhcNjaNirgISeowAMDk4A6Zr5PAYZY2rHFYlupZqV23dtOL16t3e7W3ofqGaYyWV0ZYTCQVOduW8YW5E1FNRSv01121RP4btJtFsDBsYxqpQCIbVhROBnBOQQxDDnOBgYXB7HTNXWfy4xH80RTdHnJcnkliD0xkN3BI71lSSeVZmNcJvjcyAEl3BAGcH7oHUFufftWRBe6dpdlLKbtRONpciQGUMc5TbyQMkcnjGGwA2K+3o4/2cIwvKMIJK/S1427yVul/TRn5jUy+VepOpKN5yvPmsnq2m7Kzbu7dku56DNff2hqdvCjKRHIEkVCSccAKBnpnOeBjPBzXfPshW0Ad90QOVweAo6McDGc8jHOSTg14X4Sv7a61drhLjDNKuIgwLAMdwLjJI6gncGx2Hce1y+SxMiTcsjM5YEsMDLKqk4GPqMk/Lwwr0qWJpzoc1/edtL6tXjZ+Wq87Jp3tY8DH4FwxUE0k1GLSbSd0ovb8Hot769JZ3QBjkIVjkkOeGxjgYJ6nPynng8dSTx2q+bZeEZ1QNHLfvhCxwzea5VsDjkgDkkk5OR0IvXl0ClxLFL5uVWOLIOQGYDdwc/wnBIJA6A5wMDxVeF7nRNJEh3wwC6mJPyKMAhSByT1PIzxg4JJHmYhpyskpLRJvpezVuXTVJbbfOx7uEbp4ZVLNNSXokuTd6buKVldWerVzR0KBYLDT4BtRoYVmmBI3tk8fj3GcdBnB6X9Y1p7CFTZRi8u7wrFHCUDEZIUNuGMj0G0HAG3+6atjG32KKeVjGr7w8z4UmMEkKnUFfQDB2+mDV1YtN0u1fxDq91biKI+ZbQNjckaE8hSc5ZRleOeOhAU+POknKUmklFRkm42e0bWsvno9b6p9fRhi04RUbydRWcYtaSVko6PRJdu76Iw9Wjmt7G7v7tAl3HpFxcsqn/UyRoxzLxwFI2jPTAyp7fkRr1/LfaxqV4XBaa/unnfkBx5zAHnHBAPQ8DjPJNffXxu+M9xa2F9YaVFFaSavBJbxM3Ej2TIw8xUxuyxyMA59zX52SyOXlJO7OWMY53EjJcnI28n1xz2PK/lPE+LjXxc6MPfjRk7vo37rWj9NOq2s7H7dwVg6mHy9V6tlOtGKiuvLGz2bdr6Xt2+Q37Q4QgKgUggcghcZHB55xnB9AM9AabbFDLFE+0KZMb2z3+8RtOeMZBGRjk9RRM6LEkZUMwDONjEqCxyQevOAQDz655GIIiEdSFBWMBhzlS2Rkk4yce55/CvmIptNOPKrv8AFx1drtatv5La9z7W+qbl/LbrouVWf6Wd1s09z1DT7q3iiFqJtjAcgYKBOudw27ixbBByMYOAMgcpqE0D3LhW/d+YUVWHAIGcg84OMk9hjJzVCK4ZTIVlYl1+UJ057nGOAeuCPUHHFUTI27gYKkguQcvu6ZHXB4APA6Y4+WuWnQtKTdlqrpPq+VvTqrNX27dzScuaK5m+iWqs2mtXZtPrbVav5GmfNeMiFnZF6bQAuGHzYySc8AHnIzyccmnLYN5BaTIkILBHBUhQD8+OrZyMjuCCATmnwTmMpFlidxZgOMYbhR2woIx1GMe5p9680g/eOWKliwUr91eByowRzjPIPXd0NaKM4ystFfpq3ZRdlrrpv0bvfsCty2vtFpLVpK1/N+trK+lrmRb4VxnqMBQ3ILfMS2O4PXsMce1dZpckmx4VGEwTIwOFZSc4J5ySBjqDj2FckFdtm0HhuGbGS2Rj5jye3uOeBkV0Fk8kW6BSfMfJlkJ42jJ2kA5G7149D7aV03GKatdprpdXW7s01dLZK7Vt22TF2V0vPpqurd+2rtptZ3bNXUhAsCFBtlbOIw3EZAPYkZz2XGCT9RWDAHZvMkkKxopOWBG5hwQTzg5OPU7Seh5LiZo2Y7vlA2qcgksQCVJOOnCkKOjYA65pfaDOAFX5ELk4AzkY4Jz06EEY78jIFKlTUYr7Tau29Oy0t+D9NrkuV2rx7X01e2++mvfpez6akd1mM+Yx8pWACgEDPJLA9GwAeMEkgcjABp3cskj7YCY4SRlm+UsOeWzzzk8Y6gilhDSxr5mXVSxRDgZIyeSOducEgjqBzjrVnkWf72AoI+6ow2FIKk8AAY4IyVx7kDSMUtk76J3vr8N7atX/AF9RSu3e+lul076aLW2l+vbs7EgKIRAnKhiZJMltzEbgMkHHbGMAc8Gs6bBYqpJUHk55U5GQD0xnuT1IzVy3VfKeZ9yr9yPgMC3YkHkkEDIxnr17VJgyHBDAMCV+ULksWw38IC9cg+g5PNX5r9Vrvps9NPRivtfot+l7K/4WvfV76kKkM457fMxIPAJ498jI78HHXACySHaQcjJBABxgdf5geuDngHpGW9CckgddpPbPtnjPXkZyD1TDFsseT0Ld/TA7+nHrkdiTp/XXv92i87jHLu55CnoT2OQuASDwDkA4yeT07aFnbT3UsUUSPJK5CqqgsWbPUDB+6ACOwPpVIRkEg8Z/hOTyemAPXtz2xjoD678H/Bt14y8V2em2t5BYTh96zzFV8sKNxOGJBzjDZPPHUgYaWqjFNt2WluttLaLR+fz6HNisTTwmHrYms+WnRpupN3tpFLpv1s1rtbqdT8L/AIf3er3k5a0kmmgIj+xCMh2Yg/vCewUjOO/X/aHol7omt2c8lhqiy2lhbrJFAXxbqWAKgbz9/soAyMd+hr3VbGbwdqDRaYiPqSKjTXVky7ZnhyJRIQDgEKGJZSOQNowa878aT6x8QLd7WO58mWxulaK1VP3krv8AKzq6gE5JPHJHt0OFXDzVRc1nKSSUW7XV+mul+mybvo3Y/LJZ/LN8fzxklg/hjKfMmrbOz79N/wATyOLwXq+q29zeFo4ILJmSPIJmlDH5TGDlmJJyMdcjGD16PQPDazxraSXjQpNCzymQMXeWNvlzg/IMAjB9h14rqZ7PVPBdjbWmqyS3GrTbJ4whLJFCRgI6YxuC5B4GMHng1l6dqot7hrC5X7PNeu7/AGySMhdkmWA2dsM2AS2ccnPfmrqrBSikm2rPmV7fC2tNNlt3tfS50xxdSvFxjJ1KVOTjTlF9E4pc1ldq2jS36diRNRsUFrpmpQxn7OZLWOVWUyIPuCRsLnH3cEkkHLHnFa1/4a0fTrKR/wC0opxJDHJD5ZCL9ocAhJMsRnkAHgn06VyE/h2/Gowz6YV1SO4lMAEYM0zySOWA2g5BUEkcgenGce2yfDOdoItLbba6ld2SXi3F+4igZogGMWwkbXjAC/7TDg8VwSw8qtmm7qyaa0em61dlZWsraGVXFRw3JFVpRVRJSU2220otNJvRK2qsm0rWvc8gbwdq97d2ubOUG4CLbGKNvKcyYILNwvQjJHBXoOpr2Hw94f0fSbkW+p6f/auq6b5c0tjxDCEVcOhY5VjjqASD26Yrh49d8Q6bO1lf3c32HTHEaGCPDBoeCYpNvzREo3PJ5XA4xWNfeKHvpZ9QgvZ7SSVtpaYtllAClg5wzZPPO5Ry2DkAXCg6VrK0nqkmk1a3lortXdr2WmiRnP63j1GCqxjQcXFuElGVS6jeUrOW0na7acla66HoHxE+JmvXJPh5PI03QzGRHZ20SqsasfljeRQC23AUg8jGc5rzXR7SzhvrJrq5eFZEMk7oCVA+8BHyoXeRhtuB/Ic9qV9c3ANxG/nmFGWRZQGaRiSfMJJ4yTvHGQDj1IkiTUZreSylBeeSGOSORAW8lWxhQwwQrD5SMt1zyQK2q05VVFyv1vaz00tvdLRLV7dnbTqw+Co4PDKjThGKvrbW824ylKTUpXd1vLW9+yPb7nxPo1t4buLKKcxObj9xZlSyvgn9+75By38K4AcYPXIHL6rro1Cy09Y55ortIWSCJx8zEBTuUY2gKc7QVO7HNec3lmLGKwsrlWNwCs0su8lW6sqM2CckfLjOASc5FdAY4i8FxfSm2l8hGtWU/u0VE6bsbS5PJzySoHTptS93lTlyrRRW137rT00Ts0ltHdt6nnVsFTjKM04+/NJ8zSWsUmk901dKKVr/ACsdLb3nhrWtLlstS+3WWuxIyrdgfJNsBLbtpCljt25OQAc5DCqXhjU9fv0uNP05YXOmRTeQlwqg+SSSyjJxKzLnjJHOMkEVL4P0nQvFNy2i69rD6dJPFcPpV8uEDXJJK+c3ACZPTrjuepwte8M6p4QvBY2l+8lzhmF5ZysYriEnKtvXIDMByrEj6YFfS4V2pQqWSjFcsnGVnK6W9r35b7q3dq6PMlQwzrVMHUq+zqTiqlONXWLV4/A7taS3V9G+a2utq/iazvLfUjaG2mlGxooYzDKJeN0uwAgrkkZAOOmT0qGLxRqr3j288AubdwyxW7RKROMYI3DO7HPPGSexGRPDP4y17SnhltI57XTTie4KhLxYyuQWk64GNx4A4wQQSax9KstT1K5gsdPLzXBdh5pdT9nIJHzMOR3AbkgjjHWvPxdKE7zU20non7qSfLsmtU3rdJq+63OzDU3P3KsoSlTsvdlpa8VZN3XK9LPVXT07S6ssc6Je6fAdIu4wsM9nFkmck5GFJ3f7IPXB78Ee+6RcwWHhqxsrKFLbX5Ije3m9C88URT5d/GY8jkEDPXv08estE1S01IjVvKQ2k8czS5EksiQuGbPOPLONpLZPbdyQO61LV9a0/wAR6hqumQW0sWpabC0aqm9RbqFTy8ENhn2ncq8ZzgV8TxNSU6VOFk03zKD0UpRjeKk73smk2k1BtaqzPSwTjUqct41XC2ru9Yv7m72TSaTStqXtQ8Kx3FimozXtvemPdeyMQTKbjGTEmTkoO52sADuxkLT/AAPpXgXUNW1G58TrZ6eLO2dltyVNxenCktCxGElGThdoLZHQium0kWdxpNve3MEkmrwsbiXSyGSONGG5MocIQV9cZByM/erwfU5YpPHcspgENukjS3CLIPLfI5t0wSOoAGTgFjgEHNfDYKVXFQxWHjOdOUYp89P3UmuW8YpXSSStuntrrY92DrVVOndpJJpRS0bUemnLazVtH37nuM2q6Ut8P+EVtU0vw8smxJnQC5kaI5RtzZaRmkJw3vlSMZrtfF9xf6j4etLqYXH9sXcDQwSQkktAE2xKkac5dQDkjv17DhtKvbOfSILyxs7WQ2JZ5FlIaK0jDNtZlOA0hxxnnI5FaGnzeItSB16aR4LPTEeW3LJuSdAxKpHHnG0DgKOAAAACK+Zxikq0Jx914eaTdWTlKtOTj7suZyfxO8t1ZW05dOWpVnBJ8v8ADe7k22tF7zbtte9trNbnl+o+FNb1PQZjNerG9vGxi0+4JWZ7jOMOD8+7jIHU5BUZ6+PReGNcsrm2fWbWSOCObzJjIGMcsSHlPNYnJ7bcA4z82MY+h9SvbjVBBqNu0yKszPcFVPmMy4y7ZGFjAyFHzZIYMD1HTWegxeLlGn3182nWMiGWJruMZlk2jcASM7dx45/i9wK+iwGdVsHRtiKcHTaTvFx9xy5WlF3V27prV3to9hwxs6btNRcGkm7pcq0aV27rR3e+y8zIvrSy17wq0Gg2lql1FDC2nxWzR74Y0A8yZ8AbwckgNlgxycHAPzy+i6oNRnF2lyJJJBbvlfkVyMeZ5mCpVSDnBwST1yWH0hDa6Z4S1G1i09C8ZPkT3YkItpSrYKI2CAHB2spPHA7knqNR1Pw5qenXthp9va299cqzxtPtMUEmMM0TkbiztkgA4yVxgLipp51VoTtShKtTrycozbs6afKlzJ30d7qNt9n20eOSg1F83M+aD5r8qtHR6NatppbNvfdmH8I/hI5SHUhd+ZtnRIJFjMkMMmQxllZiFVQeqnBIGFI5FfTUfgmXT4mvLvUo5LOzkM6zGP5Z7yMgmKKHJEagKBuwchT14NfF/h74o+IPDupP4U+1tLo4uIxcfZIiHRVYGWRXUcEcj5eh5JA4H0tb/FzS7HR3j0jbqCDfNHBfRM+diEO8rsdqqGG7nqDwPmFfnvFeD4hxGKjKnLno4hxiowjGUYwm4c3MrSalypWd0t7K6R8dmFPMZ1/dlKpTrSSjZ3jGndN6WlrpZP07ac78YPGyape6MlvKJdQSMR3pcrEBBwoRRnOwgZB79cev0j8MfEXgmPwNceG5NMt57i+hgaKS2kSeeaWQfMr8F1TeduQwH1OcfmH4u8SJrOqzavNL5dzdXMpdYSVt4FZyBs5ACjp0x1A2133gn4i6f4Zis5ItQeGaGRRPcgllnUsCY1Uk7GUcgAjPXAyMGe8GV8VkOEo0fbwrUoqpJU3L3qjUW78vLJK8buz0vte55/EXDuNr5fR9jUqRnC05JNNRdo3urJq63vfo+x9vjxAPD95rV0dKtdK1XTLOS3geTakRtiDtXDZ3SlByQDnk9s18W/EPxm2tiOMyvcE3cjXBQbIYmdzlIsDjacknDHnuQBXX/Ffxzaa5ZaVNompy3aSYlvZZnIuXMmR5YTO8oPuoCQfbPNeDXDz3ri3W0HkQyRyEAfvWVjknByzMc7VG4nB56BRXCfDv1VLG4xTp4lwjFxq8zqQcFGPN7zbs7Jx0ula93Y8vh/Bywr+sYm8a0Eo+/F8y+G2qbsn06Lax7Jpuq6JY+FJtMcq00saypcW8ii5nd+QrqRwinKsCRng7iQRXyb8Y9G1KO9jumsT9lmiW4+0RREjacZEmFK+YeCTkAghfmxge16hpR0+CDULtlsfOK2/2dywmhQgqkmzHcYO07iO+AauXGi6trmi/Z7eG4ubJEkiF9dwM0MruwCRK7Y29ymTwFz0HH6Bk+Oo5Ni1ilXUqNao41HOpyxTfLs5aN9Ul6JH3+V5lDCVIYn2qlTqSSleVop+62rtap3vp103aZ8GxIUu4FQvxLEQcYwpZWA2nb6Y7EjjGc19oaf4guH02zsbaBRNFaQMCWGxti5+cls/NkkjPXoOSW8c8WfCq90CSOZljZ55EJLSjygxOW2AEYZCMEZ4wPmJGa9W8J6Rotla2lvrF+r30wDho5Q+RkhYFAbqSVyAT3zx0/Vv9aoYbAvE4Sp7SNWMf4e/Krb63ST6tvXXbU+sx+Jy/McPQre7VVN3XKlOz91Nt8rsle21n5Wu/IvE9tr+qar9pmDmCSQxxRwbiA6sATsBGACozlTnAbkYFdr4Z+HuoaoftF7K0iwyRILYREzMpPDKMEkqB83PI465x7VpPw6vNQ1HZDavb3Dt9otmkDCOOAZZSxORvkADAbcnk7gCBXq9r4bn8H2aXEsiXGrXc6zW5hKupTIG2RdpAwAQSB06ZIGfzjPOOvaL2NConXnuuZRkpO3Mm3ZSafbRb9WeVLN4csaGHsrSSlFJLl1jHlfR2eiWul9bHOaDpHhfTrS8adGtZdPttqBots0twVK/viQCwJx8p9RkNk1wep3M0stubmRIrYusltDFGFUOHITzFHOZMYwD1XoA3z9f4rlvpwzxI8dxIEublYwHW4ZsBgpAKrjAAHUHIPfHmWt38tmOIvLmlVGS3cbyCh+8q5ITOMkZYnBBBOBXzWWqpi6sq86qrVarafNUuouy1Si1tdbXTdnrodeEnf3pXm5O6d3vpf4ZXsk1q/PS1zsPFElncTWNi1wQstoj3SucRsVXPyhTgA87QMkbSSTjNfMfiHS7e0ub67srgMquYkg3AliHxuIzxtAAyD8+D65Potz4hiu0d5pTHfN8odhwsSYyUHVQQ3Rh1+YHpXlGr31uuolmRmgIIKEEEg/xnP95uQfXqeAR9xw5l9bCylDSUdbp3abvF9Omu7Xr1PVowu9W9FsnKz5rPpdWtrf8ARXenp11JY2Mk0t5vecKAsRLMgTBdSSScdicHPTnjPRyavZXVgGd1jlxGA8TAq0fowGOTzkdDwO+a8shmtytwiMf3uXjZ2xtTcflx0IPPH8QA445qjUytg8UbDYkpKYU73YHlQMZCg8fXIAPf6yeBjO03FKV021eV7OOvR3um7p9ddd3iMFzL3otSdrta6JxtrZdGr2Wl9tz0iG4nlVZ7ORpIoC0Qhjx5kp3MRlQMkegz1HA71pWmqzRRvp09tHFLJKJDM6bfLUgY3Ke/OMEA5BU8nJ4LwfrLR6hC9/mKHzc7024BAGBtwTgMCfmXAwVyTwPQdWm0xpJL+SaSUTMI3UkLhGwRJ90bgwAwDgnA5zXFVw/JU5ZJtP3k7WvpF2Wj3aV7bPdnNUw/spqLjzW2lbX7P8yv03t1FtdATVor2aRgNzBTDGo3y7TuEgIwcYG7AHBHYLTL/SY1t4bPT3OLSMuyuxQbhuBAB4LKQcjJHBH3hgVbXxBb6VfxNBcQmN4/LWMvtJjK4Z5CQecdwAcHH3elK78aWjajDZusJtQzAyKwXJcnIJzkrnIJ6k9B2ojQxXOuWMnTbTV079LPRWfe2u3yetPC1HJP37XitW27aOy097bVNab66W5zT9Qnhvnt7meSMNIzSoTlTGpwNmTkN0OMccDOBkNvvEdlb6islgxmiiUh9xUAM7HcWO0hmyeON3IwemdKZdHuRdCARvNEdxmD8xxtyyKehwMgZG7t1JJ4o2ek/b2jRtkBRmVm3ks+S3JJ5yRgHGMZByATXpU8PSupcslNJcyTer/DzvZLV27noUKUXJuUeTulZNu3V6L3ra6dLN+8zo7/AFa5ltJZrSyedyo2yMpZjuwWVeDgDLbcg/d59K54PrF5H5cemyxyAKDGqMHAHLSJ0ZSfmBz064xXY6ddrYlZpFZysIaONVUwkISAWBzgngFsHqewIPQ2viyzjke8mghSaSIoWBXMbAYVeQF+Yn7uMgZOM10RioNqKb+e97LS+767d9umvPKn7vKmnure617qbVly6aLz1epN4StYBbRLqEmFRlFxbbvn2EBiZcZIOemRg9COST2t8vh77G32dEgmgc+VsCmaUMGChRknBBIc5GcM2BxnzEXr+bctaPG81+pdPLAJG5shSOc4yT6E9TgVKlneTS2Xmh4mWXM8quODnBLKDxkZAGQAckc81y1aKc4ycmrcukVd6NLV/wA1nfZJvq2edWqNTbu4uyulu11jo9X32u1bV3NK1ubq4luDblVltZMQqceYFVjyDnj3K4zz/CanndbqeINbyG7gmUllyFkdlO5nY/dwR2457jAO5penWkd8LqKeOWK2LPcxMCDMFfBEjN0HzZAC/NjPIxt5fxfrss2oA23+jRNJuhS3ADsqEKS2MZDDkZGQv8WTiuKNLnqxhHpZuSslJrla3ty6KzT79TidTnbi1qkt9OaKso2b1T2V7pbK1tuu2xW1jNcSTM8shO8DJ8nBAxjIxngZBzgHgMa4Ge9hnvxPNLhbdwVRshyFPGSByT39hng8VctNfe7S4tUAjhdMSu53Mr56t6k8gYyATk9Ocm/0u3zDPAyk7dkoYlirH5ct7D+HIY9DgGumlho0pWmm+ZpJu9rtare7SdrdNr20Z5agoVJuT5VL3Xrpdu1o33s7bWVrW0PprwVqVvrVnNBFaQPAtv5sgkG2RmRNoXBGQBzz83OPSvDPF7H+1ZIncBFZwEA3JHHuwEBAPIHU8DGMYwCOm8F3MlmMQmSMpAYsByouWIwNvcjkgj5ifm5OQa4XxBcXK6pJB5W6WW4kJVgHKBirE98Bs4I+bntjbnno4VKvUau0tEm7RvaF3unfV3u27L0McJJxxElGTaT0V0kvgV7Jp999WrvW+viHiO2g0/U5Ik3OZG80RsFGQ3QAdeARnsCRnnNclcMpZSVK8swUDIPcHOCWP+9gDHynjI9q8Y+HDqKW15GyrMqnO1CrFwD8r55IzjGeDkgL8tedXHhqaOFp1dWI2rIhOCGPYBuQCPTvwSuSB7+HfNC/ZJNWbV1Z6d1tZfNn3+ExEZ0abcry2abe6t0bejSV30WmxypKnGFJcqS2SSVzhedo5JyeAOTx1wKsRzPhRkjy+WxkFyvY5zjpnvjgkc8zyaZcRNkqEDMAPnIwBjAPPBOBnHHGODQlhdNJKUjkbYuS5yQQxGSMd+ck5YZOM8it1C6batr5Ps+3nr06LSyXRKonazWl7tu3a2z11V9+m+5PJcLtjCgbig8wZySWzhTwVwcDqCeOhoEyhF8oKmAQ4UnJXk4J4+UgHJJxkEZJ5D00i4UpIUlCkKqYQ4bnopHUcn5uMjr14t3GiXMSCTaVXeSybDuxtBwSCW5wcg99vylsYl029OXT3d9ddH+qv/SI9rCyTmtO3fTXVvzs+l9G1oEeoebCkZUY3hSpJ5XIAKgklVyOg645p8kqKfLWMkMyqHOPkLYDAAE+pIO3OQOneiLG6RYWWJlDNgkpyqnAb/gIzwM8+gwMa11BFiEqyRFXVXXkbiAMsO2MkHPQZ+i1z+zcJL4X/d6qN909LOLabt8pbGsIp25ZJtuzdtb6a3ae1+iXn0LCq8Dgja4lQZJB2vtPOB1B2jGMHnB+urpE3/E70lCgwNVsmVAR/wA9VGc4JJB6A9cnFZcojfYisSUU+Wc5UggHc3PQM2CMZ47niuq8K6fFJrmhpModv7TsyX3EBj5qnocZx1BBwxwACM47cDSlLFUeXR+1ptNpWV5w0dt2vJqPTqr+bnVX2eXY2crtLC1tnr/Dk9eqem6bTWh++HhPL6F4fcgIDptkQuOeYUyCSOvXJ49c44Hqtgn7tBtxleuCCFwDzgZPPOGOM5xzk15p4QiA8PeHyCWP2CEZzkcIoVSenGOMD15xwPWdPG0KMFgvAJ65PBAPUEZOfXjrX9pZRCSwGHV7Xp0ndpdKcErev62uj/ELjSs/7WzFpt/7diZLWz/iytu972er7q3RLdwr5KnOTjkr34PHTABzjp178CuA1pljhJUkPsk3EZPRCR3OMbuuB15x0Hpt4v7pgSFQ5KgHHPtgcgMScZwvPGBz5hrsX7qV2JwVkGRkYwp4JGc4wfb+dc+Y024TXLe0X0t5LotbPb5pnk5BUUsVQlJtRVSnva9+aLtf5Prra/Wx5P4I1Fvtmr8yS4F6Xzg4jCvj6HI24BGAc4yBX4xeNbiNPiB4wuLZuX8Q6iSikmRQJmbdxyxzncSCAeua/ZvwXaL9r1gxglBHfAuDtDko+QCcYztz1Bxz1HP4teKbYx+OvF5ZSv8AxUGpqpYkAEzuBnkZOPbPHTnj+WuMKPLi5NK8p1Kiurq3vJab21d9Wr216H+rPgRUvga8YpKCw+FS8m4x7Xad0u130uh1tr8kcizeWxVsoz7sFm4zhvQ5JPJ/Anjci1+JY5YmZWhCl44E+fLrkq7dPuEruX1HAPAPBXsqQW6xSMqOS+ApXbuAO4nGdoz8wPsep5XHsrgRxOWLNJKGQAg8erA9gO+cj0PHHxkcFGVpTjFyV9Glb7O/d/57dF/Rrl7iT17a7bO/R7dHpezeupf1TVJGnkuGcMzNtAUfMYznK5IwQvTG1c4JHasGzuxJexK8mwPcRJkkARhmALY7bScnG3FMuZxJKSwyoQjavPJBJGBjpjAxkAkZFZ1phbyIlAwMgcfeyxOSBj06c+p9ea6ZUVGnyQSTs0nqre7HouurXlu2cs4Xi2rXXe19VFay0183a99bH7k6T/wTp8Ja1+z1pPxN8L+PpdQ8X6l4dk1m30lVLWrTiPzZbGSRS3lEICFLdwQc9T+alp4dvLSWeG5jX7fZTy2l2AwIhaJjG27nqNhHbjgDFfR3wt/bl+M/wh+Gsngvw42i3mhtp9xZ7dSgWe4s0uUKMkTOdylVztIOR1LcZHyuvxHGoS6jqV7BEl9e3c99ckKESaWR3c+WjHgFmyB7e+K+HwOBz+lUxsMXVhWpSryeGmmuZU29ItNu1tLPdPT1wjTaUnKzjze7pd8t1o7ptttXemnSzWkWvXNnpcQbzZGuGLIUHGdwyAvce/U4IyBgCvGdQuTK7yEArIzFcj5y4xtyM8McgHJ5xyGHFXvEWsSapfyXJAywJWNWysRJ44HUKMjHOOh745Ri0cuZCSNo6ZCktg5AJz1OM45GOPX7TLMLOjGDqXlP3W3Zvt3b1ttor97XOmlFqMWtVZfEr72Wr16Ly/BFz7VNHKpCkDbtAXIHI5B9+DznJ/HFOkvJ3AVjujGMJ8zfMCCcdMkADkE84+6OTlmdyFZiwQbsLj73zdOp+buAcDPpkVG8wSRS0hAA3fKcDAPQk59e+RjjGCc+3e7VkktHuk1qtFpq2lqtu7uklq4ppX8r3srWabVnq+/3WemvWaaVu5GhMjRuWHllwMKoAJwenPTnHAIyavapItoInimBKoqsqEgjkgse+GHGQfmwc5yQOLtr94Ji2X3vyhAIZQcng8A7uMn054yKsXOoT3TlJHBDKufkC7dnzdAASSQM8jvnNVaSV04tLrpd7dtPJ93s9DnnhlJ6JJ9bp6u65tVa1lppotUrdemt9TeFokjlBVwWxg7Fc8E44+fr1xk+ueN7TbkfaoBtERLB5ZW5C4OdxB+7wPTkDnNeVPeSp9xioOCoA+VQpAPPB+Y8AHHUdK17PVZVfyvmZ5dvzsCRuBwTjjaM8YwDjsAMHnqylOm4uUbaRVnvbl030aeiuv8AMyqYVcttWmtV922r1urPy3ukfc/hq4tb23ed1jbyIogjxkISgVRuHOCGzgjHH1y1VJNXnkmuxbQpGsTF0kYHe0atjC5GSP8AZz6dDgV5b8M9Ylns9QivJQ6QooSNXxKeoVR6ImehH3cjgEA7EusTwtO0G5wrPG7SLjGSVVV3dAOzZznk/Kcn5bE01TlLmum77bpabXvturfhrf5arTnCvJWlZK62utFzW0b+ae3qzq77XFmSO8u4VMkJCxxh9ob13oOAGXrkY+71A5p32ste6e0H2YnI3RbSAUTPCAAlioIzkZA56AgjnbZkklgSZWkilAe4BJc53EEb16DOflHU8fXX1RYVtnksh5JRPLjQjDPFnGcZGABk9MY7c8+TPkTTknd21V9Lx6OzS1tpp313LpufK04tNOKv1Tkkm7tO127tXXSyttz02p3NpJaGSKORWA+QAsTtwRucYO5doIOM44wQMnWN/cSxXCvbxFSm/c2CyoRwgbncw78dOMhevMi6SGJ3dGfynKrLL/AxGCCGBUgZOMjAIPUAZ5W/165a4W3tTII2bb8uZGf+LaoXnDDg4yqjJ7jHXhcPKtUi1fkTi+yT0XXZ2XpdO11o9nGVOEpRVrNbaWvHV9l3217b20LzU/tFwHaH7OqkpHKmcgJkDaOQcnr2z6Yyc1bp5JJWU7ljPzEqN7E8A7jtxg8E+zcEjaPTbHw7oMnhW51O91B/7TdS8Fmi7ZISMjaqkgnI+8AOG+9gjjzyEOJFcQbreMss4QZVwDjLHtnjkdSBk4zj6N8tOmrSWivZat/Bty2utlZ3drbLbxIVozr1G5P3G1eOl+XlV1Z2a1Suk7fcWtM0W41K3nuJLSNLdNrSlxgz5PIDDPPPIGeSMjBGeYufBDXc961kgSIKdynkKw6AAE8qeh5yMELkAj0aXV0lgWzQvawiMRmBSCoJwVYkZxhhjGAT07nLdE1WCKZ4oJJJH24kTBKzEEA464XuR6e5rOFeqrz+K6aSurrSN3p52aa2SWt0RVzHHYWEqlHWnHVRurNJxbbW7d3ezXT1PLYvBt1DJbRQBZZS6uwIJII/hYZAwoPBJ4Gev3a968EeBZrm5Se70tYorYLukZMJOQOd+QFA7biSOM4frW7oumJqF6J54UBVxJCvCefkjgN6LySR95QCDwBXpK6nc2Ik09Vwr/NMihZVWJSdqg4GD2Lcnj+LK18/m2czjCVKjBqaaUpO3L9lP4la602bael+/wA1mXFGOxdKVCEXCpKylqkuW0bxV7O+7ur6aWavaR4LbTHt4YoUtInRTLFHJiPYvO5nAGQ3PozYxkHg+f8AjXVrbV3EGmDMEMYjuJNuQ8mQNkeByEIOSMnuWwclPF+oaopWyRMC8w4bLfuYhlgm7JxuBwFBBHfsRyEMj+RFEEQSQbWxlszOpBOD6jGeScdc8gV4+CpVXarOpJykrpNuzb5dXq317Wt2drZ5Ng2lGvWlectEm7rdavRtbu61eyvfUkSWK3FsVRJZVIVy3CsAMsCCMBhgbTyQcHPHMetR20thNcriaaRcmJcMIwucbgMYwejHJ4x7Vk6nqCwuouEJQuC8cR2mNsDK7+mcYyAPQN2NVYr+xbcscsiRuh3JgnBJ+VGBypB6AchTkHIr3KUaynFuo2rxk7NpW7JdW9L6/ofRQaiudWVnFaKV1dqza15u/wCKs9DCtbqcqkYiJLMqpvb5gyngKhAPTGGOR1OMECu+s3mMEFvCNhiTNyinLgNnerA84IyRg4JGMjiuc0aynnu7u6nh8xIixhLjaMnAXAHU4GfujB56HnrdO07UDdCUxvGkoMjOgPzxqBuABJ346hsgZB3ZAJroxeLjTh8dnZNc0uuiute17ars9rHl5tmUYU5W5fdirXtH3mkrprRtecr+tz2P4bWCvJeW6olnDc27SvNIcsyqMmMcfKxBO054yMk4IH6B+EfhF8JvE/wY1a9vbm4/4SK2jmvbf7NOsk/mKhWJHTkshkyAMZz1HavhfwRZzNa3CRQTPA64N28LMcuCoRXHC9ecYxg9ODX6F/Av4f3Mvh+5lurt4rWS3WVbcHDlVyTKSc7lIOAuOM57iv5o8VOO8yySFLF5fndTByw2Mo3pUKsr1pe0UXRag02rN3b0W97n8b+MnFGJwEKeMwuaVcFUwuOoSjSw805VkprmoycG5apptPRap3T1/PDw/o+tWXxQ0aG4szLbQ6skT2UibXmt1I2mZDyQ6YPQjAIHofU/i/eaj4U1+/uobGOziOx4tMSMPH5RIIkWTaGI5wV6DA6H5j6fbWVlrH7St2oguLuy0mzuTJ5C7WSS2hO2cIoAfaQNxwCRg5AFYvx90vVbjdMtnqMo84XKNJCSY7UD5WckHEeBz0VQM9On6lw74hZnjXlFZ4mrGOIwVGpXcqloupUpU3e0rbyu18Vm9O6+hw3GNPMs+4Vw2LVGnHHZLhq9enOUU3UxEI8spKSTvLV67XvofPWkfGGQ7pLi2nglHQW7Hylw23lQow23njAA5+UAE95pnxhgvIylo6TSxqWkiuHAfB4IXIA68YBBBPUYr5pvb1JGmRfKtSl0qyxqyiSTnBZBtBG5c5Hv2Bq5p+h2sskt3BeLFbHcfLXcs4kUFiDnkgkdTge3IJ/aMHxfj8OoTqVZNPld27NXcdW1fXRa6O+q6H7VPgnLcfRjVjRjFuF4xSi07qLUmtdtbvyW1z6t0/4rPIGR7ALGqjMmWwGGWKKw43dMAMMYGRziuntPjNaBPJ2MiInKzIDJz12klQewHI47kc18kWGs3Gk2ly0nnraZcp56F3EhzypznbzkMCMA4Hv9B/s8eCfCXxX1HVNI1y6ujqIt1l054nETsrYDblLf8s26YUZxgAV9llHHuNqVIRpYmortctpPXZK6votrL8NLnxeZ8AZdTpVatfCwnTguaUlSi2k3y66J2XVrv1R7LpHxR09reLZJGQ7/ADiVgkoIALbdx5AH93b+B6dlafEmynlEaXYCYXKtKdqsR/CeuS3y53EcDrgVyOv/ALIl+s7x+H/E7lISzLBdI4yw+ZVBJGQSOG9MeqivNb74C/GXRI5DawWt+iM2PKlBcovQj7oxwCTk8jI6Gv0PBeIOa4eMVLFT3XxNtu1uuttLW9Ve9j89xHhvkeZJSw1KFldxhFe82kru3n0X3pq59NR+PoSypHcPHuIVtjCSLBGNzYB7NyNpHP410lr40urYB7edw2UHnQNJAy8jLZidGyMZHI5XsckfCYm+IfhV3/tbw7qCRQ7hLIsLFSq9WVskADBJ68AjIxit6y+LCRxYknktpc/6mdTgccAtheBkL2PXr0r7bLPFXGx5I160ai0upNfZS3TtdffZ+bsfJ47wUpyjUqUqVazf8rtvFrVKMlZJp6uz0TP078IftPfGDwKYH8I/EbxPpXkkMkdrq9yVUhsgmORpBwcAg+gAJ6j7b+GX/BXH9qjwNJB9s8XReLLQSwtPaa7b/aXliTAeITKQVDAbSQ33TkZyK/A+x+KDSgK08CuRw2Thsr8oGGBwAFHA2jGOvFdPYfEcJFHIVUFXHIIYMc4PGe+ecDHI9AD9M+P8mzGCjmGBwmIUlaXtaFOo29L+805LS+qatpa19fmf+Ia8QZT72WYvH4RxknGVHEVaSUoON24qai1LrotN97H9Vvwm/wCC39ot9rdp8S/hXYXcWqXcDpc6TOki20TDbIkttIrh1OGcgnjkcDNfQ/ib9vP9gf40eGNXTWPDvh3S/ET6e0VvZ674fto1kmYqG/foi4fsG3DkDmv41bXx9aR388jSMJJwCJ42K+VnGRgEDjg55PXB5Jrtrvxvpdpp8l9HqVven92shkkAkjbHTBzyP4sjggc5rTB1uEMTUhi8Op5dXjUjJPCYutSTjH2aUZUpTcHFqMU1GFrP1ZxZth+OqTWGqVP7RoOkoyWLwVHESUpKKnKFVwjUjJuTd+Z20uz+qTSf2Of2APjzotlqOh+K/D+ja5qNr5t1a6JrtvZyW1zLn920EjqNu9iwAbqeOc58x8Zf8EV9KvtOmb4ZfFvcG3SQ2t9HDexlc5TbOj9zgAnG0EnkBc/za6F8U1EqXGn63c6a2AEezvbiJmdMZbMUiAFWOdp9cg4IUfVHgD9tn46+AGtV8K/FvxJYi3UFbaa/kubZhxw3ms5KsMAe4Jwc8+8oOtOU8BxBQandqjjcPSrwSk01HnjaSS25mubS/M3e/wA5UhLCUoRzDh+uqsEoPE4LFVsNPTlfPKnJTpN6qXbskldfaHxH/wCCS37VPg9XfQ7PRPF1pDA7b7K7CXkiICdiwKRuZgAdrEAE+oxXxn4m/Zo+P/gV4V8U/CvxbabQ4EsenT3MCbCfutCrgx4BYcHB56jA+9Ph5/wWL/aD8PRwW3ieHw14ysgAXeWIW186naDmfJAY92C7c8YHNfaXgz/gsb8Kdaa1g+I3wu1HSCYUNxdWqW+rQliNpZYniyqE5IA6kgADmonl2PlF+3y3AZglp7TB1nScl7rb9nVvv2Savo9dqoZ9gqVlQzHMsvnFRi1jqMqkYSvC950N01e7aS12sj+eCfSrnTJ2tNU0qexu9xZ1u7OWFlPKssiyIOmCQcg88kkV59Dpds+uXZRpoJWDPHIuCj57lfThsccHrwCT/WXafHj/AIJ3fHm3a81uHwXa315w8XiPSodLuyZMgruAUjk/e4A/vHOa8x8Rf8E+P2M/i5eXdz8PPECaTq00LSxHw/q9vLZRhwShSHeWKDOQozwMerV4WL4ey/EpKvlWLwjjeVSU8O5QSdm2pwTuk3e+2u9z3Mv42z7LJzlhc+wWMjUuqMaOJ5Kja5XFOlVcZKTta17p+p/L1qejTozTR3MVw0ONodQH3EnI3Y+YHHIPU+oArl59K81JHubdCwcF5YcYxuyVAI69S3Q9B1OK/oD8df8ABHrxbYrI/wAP/iBp2tgh5IbXVbYQupG5kRpssGII5YAD+Loxx8R+Ov2Af2kPA8d42reALrV7aJnIudCT7WJFUH58LnBKjsB0PbkeFV4JwOKk1hcTCDs+WEpKLbXIrWkotaJrztufa5d4vZ3gUpZjQruna8qkIymlorqU05QTd7q7VlbVn5i2Xhq2kuZpxBH5atxBKoRnJ43MeMEtgLkdv9o4qar4I24ltIJLNVIlf7JcyQyEk9cxsDkjk4wQwxyTivpDXPhh4h0G+ltNQ0fWtEu1AEsWpafPEVI3ZAYxAHJUk4OOScDcK5L+wdVjVoooxcAMQzmQOQEGdqrwRgA9eSTjpxXx2d+GuZulUqPCwxFJXaagpN7N6avSy0vut9z9a4W+kBlcZ0qTx0sNUlKKUatXkd246N6eSa8tL6X8y8C/F74y/Cz4gaTD8MvFuuadezxiFUXUp7hUDcATCdn6AjcOAQTtGen25oP/AAUe/as+EOoBvGs+jeLbS5LFBqdsQ84BIOyYlcNjnIBO45yDkD5G8HeHJNM8fxa5dRPAAJBiaIhXc7lUKWHyjjHHbOQwAz7T8abWz8T2PhbSp9MhU2m+eaeBVJIZQQjFQudw5IJ24PUHr+K4/wAJsNmUq08xyyl7spKEZ0FGWrhezUYyWnVK9uzP6v4f8dcNRwtF4XPHzShCbaxClGN+VJWcnZXvuree5+hvgb/gshFrGmpbfEL4RxSI22Nrm1uFlhWMHHywmMklh8yruHynacnFe3yft0/se/FXw/qNlqNvN4S1NtLvooPtGnvFGLyS3kCbcEBh5pySeMHIZhmvxA8M/DvSY1uGvXUxoxKQSgrmMZBK5PGBwMD5jztANM1nwLpTSRNpETYHmO4lA2EA4OCQNxGcZBwAAQvNfFVvAzLIVVicNRxGGqQalFU5S05XHRRne6v16eWiPuMJ9IvmpToVsbhMXCUXCXtHCU9bJtNNN26buy2tqd3+zRF4LT4k/FS91PxJpOm6Tf6lqH2AXzLb/wBo28l6zQ+SzZwXTg4bOCeCDX6Nr4R8EeIjpWkeFbKz13WdRCwWdjp11DfG4eRflYRRkuWzyVCnbnbg8GvyEu/hhcR6ZNeSRraQB/MSb5w27cSArKQdvTqeMd+tdB8MNc+IHwo8W6V448G+Ibqx1zQ50u9OnjkluI1dMMEMUjMrKwJBXaR1XPJx3Y/gzN4RcsHUnGpGEYx5k3FOPKvee/2Vomlfrawsq8SMhxdRLEKjOE2pSlGUXL3ne1ndq2q0sfrPd/st/GDw0t3NN8IruO3hDXgvksi5jiA3HllyeO2MHqE5xXj/AIh8PeM7B0MfhTUYXkQ+YskBCBk4y0YQDAxghgOfUjj1bwL/AMFif2l9MtX0zxn4X8NeMrduJZrnTvIubjapBDOcrlhw2ABjJIzyM/S/+CivhHX/ABhe+J/iL8NXsrG7TypNM0wxfZrS4HyiSCEIvBPLY+U8jgdfz3FZDxxhqkuaCxFK75VF6RSeyXM23p22t3Z+h5dxJwJioqLxCw0paLmtyNu173XdX0953t2Pl7VPCd5qtzJca54ekWZwFRhbSREIByB8mDwo+Ysw3DHAwTl2vhSwgUqLOWxUIUdMndJgjaQf4iGHTA6gkda/WfwR+0L+x38ZIraw1fXLTwpqs8kUEVrrMMVlHIsw2qrTlFP8XJJHrwea9/T9kr4PeMY2k8AeJ/CWrKWSQiPUrScAMA2N/mg4w33dvOeVznGWHzvP8qkvreW4lRhZOTpy305t1d/hey6s6qnD3Duc80sFm2EqOavFKcVJN8r5WlK7bTV1utlufzsfEKFNJ8L6+1oBKEttoZuJFLDIAyByQxyMdupGRXP/ALPdvJc+GtSvnj8tWugkoKEFym7LZyOSMAgcgnjIOT+tf7Z37FGk+C/g94v8ZHxJpGlzaeI1t9PSaJZNRlBUeXasGHmq3cqDgHBG35q8J/Y8/Zj1n4g/B+bXNNuYjPHqc1q8CRB4pJF2hAXDcsxBA6jJzkc4+uwfFlGrRjisXCdCEXye9Fxvs7tS1slut/XRHh4ng2vQU8LhKlLETcVKPJUjJON1dXW+ru035Hzve24G6SKNmDodysowOPl4I6AZxnqDjjiqenaF59zHdTMUbHyRxhjj04ycA5YbckemNtfbXxA/ZX+K3gyC4vLjQnm0+JFkkuPJIKLydrKByi+o3EA59Qfm5rC+09xHdWzIVldWMcbZJUnlMqAORtxkjuemB9HhOIMtxCjKniKcr95WTfu31um9bfhbRHxWYcP5tgnUVTDVVZNX5XZO663s9He972adtUjuvB+lNb2u2ALvkRTIzLtODkkAYG7I53DPY5PGfUraykjt1YxBzGrqgY5BUgDqc8DPcdMjHTHmOhau1usKRqVkBK5mKqTyABySSVBwcMRknp39Rs7ySS3Uz5UMT5oDgnBznAHfPT057g16SzOE5e5NWVlo/dVuW299dfy7M+RxWCrxa9rCatZO0dHez1dktLu8rJu1r6syrvS5/s5mEYQgysZWwDJ32gHoCAB/e4wc9T8r/GGGKPS9MFyFUya1bZz827MyqAcY9cLweqnjBr7G1Ocppy+VucEMojJyFB/vDaSvvkZ5JzXxB+0NqiQR+GYJWwja5aqAGHCiRDuPQ4BzgAYOMD26XilXjZP3bLZ3v8Oj11Wiu0m121d/PhTlGtG0ZK0eWVn1tFu1t7tJr56O59PWUVuml6e1rCmVsoB93aEHkrnnIBGOQMkZ69K9G0KC4kihjWISCZAmyQLIqj72QCuAFA7gjIBxmvFrLWYpbPSYY5uRbWyAIytuUxplmAGRz1GDz0OMV7h4SvUtbc3F1I1vGi7bZV4dwSOgOD1yOeBkHHpjUxMaaV2rpWV9Nbxurq1tlu0TRwlWrOT97l5k2mrNW5db+fTXl73vcl1Xw3pLwztqFlZGC3G95WjVWkYYyqMgVt2AcEEn5RgenjkXh21HiC71jT/tmisbUQ2n2Wdt2zdhdyMzAbvlYAAewK8V7LrdxLrU0U7hks495ht0DEzMnRpAAoIO3ODgf7Wa5i4sJbdZ7tlLTXKRtEF/5ZhcAAKMBQBjnIGOu7qOKWNivicU23u0m7JfPXorb9ehvLB16cX7KLbe9ldctl1jdLe1u+tytZ6j4y00p5GuQ3kQjCiPUbdmk3EE7S+VOevU8nJFadt8Q/EulsftegQXSswR57GY7mRhyREOAQNw28DgDJ7Ot4ZhaqZ0Z2bzMtINgAA9SOCOpyMcEnrWaxWJJXKFlYBQdpAVznneW5GSRwAF46buMpZjBNcuytfXS6tf/g7797JeFUy2vKo3OCTb63ukrWVtVom79tF1OK1X4zeG9W8ZpplxPdaRLp9mXkivYWClm6qGYnOQeCMDGM9K53xWnhPxRab7aXS7kvJkN5kZkEmOWIbDYJ5wGPOTwcgeSvbrf/GHX0nMDRRaYg/exh0JY8gE8jGQAev8JzurpdZ8JaFcWwme3ijcbgXt3kidCM7WwrKoOcHIXvkfLyIljHVtZtN3+HR3bjd2Vtb3suz0Ssjsllqo8iV4vkTk7LR+6tGuVu1+rb13KCeGrjT7qGbSr+/0aaDay3GlX08K4BDcCKTarZA4xxnvjFeieIvib8WLTRorS18e6xdwpFDAkN7ILppIFALI29HLqMc5BPX5gMV883Gj6nDKw0rXdZtnAJKtOZItobjIbB2kdecY74xnYbVPHGn27y3EunazbRxIBG8Pl3LKu3JLHGGP3ScAHH94HHHUqVoa+32tZN21aW6l81e/V31OiM6tNcsKz10s5TVrJNJ819raau/dK57l4a/aD+ImgT29xrXhDw14rs4I444zc6XFHIxXA3NLEq/MQOoXjIOD2+h9G/a3+El68Vt42+Cj6ZK8Z+0XekzGSNiwAbbBtyefmHIIACn1r4w0fxss4ih1Tw5eWkJWJ82T/agXUjLLHtBHuMkkYXnt6Y974E1LEc10LWWKD92NStDA6SuBgEnhsE4JbkA59666OZYin7Pm5qlmuXfdWvazaa+XXdK1pjjcdTcoKcXF33ej1ilbe1vLbT1PdvEvi79mfxPfwyaDrmteF5boR7bLULCRLVd/JO5iCQAcliPlwScbaoQfDbTtXuRL4T8d+D/EERR0htjfw214zDGFEblfnAI4yPrycfOVv4S0nWJntpb/AE+6ltw8i3STIxRASURFKqccgZ9M4BAGeC8U6RH4b8S6RY281xZnULdnSaGZkbfFksYmhkUOzEH5vpkAHjvhncaj/exSUrb+601ayu1fToumj16+9gMbWqQUfZ2klduLd7pRVmtG9rdd733PsWH4PeP9D1OXUbzw7eXMTBQsmnvFdIAeQ37p3YqMk8A4I711r2d/aoEvdP1SxKAktPazpuVRwCRFjAzyQQF7Y5z8aWXi7x3o93FceHvG/iS1ChcRQ308wCx8H5ZWZPfbgjHTtj7H+D/7Vvxo0NpW8RWPhb4haTDF5cdn4q0iCa4ZfRJgispHTJyQee2By4tYXERnUclFJXhHdy1Tsr9Xe1+yPpstz6NCcKdWlKPNJRct9Vy3et3Z+r2fkTRpcvbGQsixK5KpIAshGcjg4JJK+gBOPSuUfVZ/7Qld4CrshEZwApX5h8w4ySAcHJOeRgk5+sdX/ao+Dviays7Xxl+zrp+nTOpNzqHhW/W0kVsclYuTwckg9vlAyK8il8R/sr+ItQmc+J/F/geWdilva6hp8moW0ZJAG64VlUBSQOgXAyQc5rwKWHw1aTa5HZaKSV+m+rV7eu1ujPqHneDmoxVXlfupJtpXtFrZtWu7PfytseOajqEsu4TYXhSrDIG4naQxXkADBB4Axz6nJurVY43eJ0UyLGTLvAQkgccnJJyCc5JwOgIr6ah+DHg7X7eQeCvjL4L13cSUt7+6jsLph1CGObLb/YnPoD1rD1v9mz4k2sBkh0eTV7Y7HSbRbiG9i2AcsFicll6EZ/I5JrueWQnSi3CDvsko7NLpdu1015bdAjmabfs6t5aP3Z6tLlS2as0/y8jx/wAOtcRXIh81g7AEsCdmWXgAdh/CCAST05zn2rQ9SmtZkC3JDMV2rk8FeCOBk7h2A5zwMFa870vwl4g0S+b+2tF1ixMDtGJLqznSPC5AUZUjJbkHO3155HqmkadC+HZ1jn37yHATCryCAyjAIwMAE5684z8vm/B+Bxn8WhSk3p70Vv7um297pb3tbVo+qynifF4OklTxE4uyb969mkrJXaSXnprpodlbeNNUsHQo0jAlsoM4GeeoJGQcH06YPOKw9c+Nd1Y3EEE08gA6rvKqACQACBgkE9cjLHoOcTSRSxwyzQB5WRuAyeYMLwcHjOcHOByM8YAx88fEQSXWr26zQfZ2xvRQmMyA5+fbjbkDplh3r5qp4UZJiU5TwcHKS1/dx7R62vtduyWmj2Z9Zh/EvN8LThGOKk0rJXk73urOyfZPzXZ7n0npHx1vJt8VveyZUgq0jkDk52hcAMQPmUHuQRx8o6u3+O9zaBZhe7GVhGd0h2MzNyxbnBJ6556AjGK+GY47m3UvFtFwZAfkk2lQB0A5wAPmOSeOnSsO51a6Y3BvJ2Kq2VjGRhhjJQjurAfKMAAA8AYPjVPBbI1JSWDpryUI6Ncrd3ypa3/Dpuu+j4uZtGSi60m2/ib0tpq7u6slo/O71P0QP7SF5FctDJK+4R7opVYrvDDJdHOFdfUpkE5IJB3HorL9pK9K+dDqxQxYYxiVjuYk5B5G7jOeDg5x3r8777xTd67baUb2WCODTrUWkSwR+W2wgCIzFQCWBIHzZJySeormm1u5shJHDIBKT8hjcv8AK2cEKRgHGMjlu3OayqeDGSSfuUI+9Z+7Fq22mz1089lax0y8YMzhC1SVObeynFSuvdd1ve19k9Wu6P1Xb9snxJoUAFlqjfdLt5crZU9gSGIGBkdCeVAGOkS/t7eOktZFjvXueNr7pDIRu5I3Ejkdent1PP5G3fi6/jg8hpS73DlNpbkYIGT3BJBGB05OSetWXX7u3eJYbhtxUlo0JBZ8HOeeSp5PPJGCMDj6DLPCDJ8MoT9lNTUklyyknF3XKrK2q1fy6Hy2Y+KuYVHKapYfWzT9nDnte/VK123u7s/S/wAUfteReJbSW38Q6dpty1wJFla8ghduQxJUyKSACSMg7icHsa+WfDul/Avxn4rur3xf4W0C8hu7pkC+RBCQJWILqqqBkA8nG0bW42jcPk/WNZnaKV5nErLGxJJPyMznuFwW4IPPAPPU1jaFqBeaO5DNG0RDIgdl8w/eLdMAZxjHTI4OefvcNwbPB4epTwdWpScoNRd3eDaSTVrptO2q33urXPzvNeL6eZ16MsdTpyUZuTi1ZvWOl7NXfZuz1W9kfvf8Pv8Agnd/wT8+J+lWLXvhq1tL27CNK2n6pHFMkjoGICluCDypBwcDoOB2mrf8EG/2PfEC3E3g/wAaeK/DU9wNyMNRW6jikIOGVAQQqkcAtk8k8GvyB+G3xb1vw7PHJZapeW+143DC4kMcfzfdwG5AOMdOoJBHX778A/tr+OdA8qJdZN0gdFKtKXcrjA4Y5wRnIOcHABxuY/j2fcKeIeCxM6uDxeKxVBScknVqxVlqk0mtbNPRH2WXZhwlj6MIKtQwVblSadOlJXtHulv3Wi1V977F/wD8EE/iP4Pv5tW+EH7QzzSKTJZwahHJA6nP7sGdZVz0A6lc8exk079k3/grt8ArHUYfBXja28YWBWTyYINb89iijIAhYueVxwWz0Gcgmvq/wN/wUBvE8pNZuUXcQhLOVJxyWyW2gknI2gc4Py4219P6B+21pmoIQmoMqtEDlXLKOBhtwIz1PGc53HqOPyPiXM89wNGb4gy/MIxhKSlVhSp1dE1orwTtpundp3ufe5PlGLq8v9kV8qzCm2n7OfPBvZe9y1JJbfy9F6H8jP8AwUa8J/ts6xa3fj39pP4d67oklnp0GlW/iVraWSK5liBAjDoGVVkIY54JBG7IxX4iWPjPXYNQ0aDWJbuSOwv7e5t0ukmKqLadJYkUMchHZFzgcg8ADiv7xf2+P2h9K+JXwpm8H6rHaX+m6heRsXmjhnZTHnGQ6lsfMQcYPOOO/wCPf7PHwJ/Zp8QftGeD3+IvgTRNd0K7VbC8tb2NY9NkkkXyxMY125ZCQTjBBJ5+Zq8nhXxKwuWYavVnlmIdDDybpV1T9nNRbXM5Qle3IndtS1S0XQ/S6/BeOzDLKVbFVaOExMadq2DozdWE6atZQ92F3KKXLFqybUbu3M+h+Ef/AAX1134e/DzQ/CHiH4NeGdfi0jSbLQ1fTbiO3W7gsYVhimu4GU/OwA3AEHqMkNx+bv7XH/BRDxv+1n46treXwlpHhPw6bV7Sy0DSLSC188ucRm4nhRGklAYjDjPC5yDur+pb4hf8Ec/+CdfxJ025fT/Dt34IvL1DJDeeGtSNukLuNylIzuARS27bnp/F0A/Dr9sv/gjhov7Mk1h8Ufhf8VYPE3hawvYhcaPrPy6lYQu/+uSZnC3O5VAwACME5Axj9WyP6QuAnhqkaOY1cNWcGoR54vmqctoxfI+ZXa6x2Sdu35nlnhXk2fZ9g8O8vblLFUlOOJw04KK54ubjKrFwTs39pt3/ALtj84NG1r4ifD7w/BJocf2CziMGsXli8Zkiu1tGaVo3Y4ycD51OeGzk43H0xv2m/gT8cPDMR8dmwtvEVvI1ncW0KrZx2bRqImMDgqC5K5IxywIJPNVPG9jdW+k6naLdGaE6VMLSRnVYpmeIl8Z42ZOMjnIxkHOPyVl+CfxQuDfatpfgfxLJokmp3TtrWn2NxPYTkyNkh41ZWKZyBkHDAnAPP1vhj4o53jcVmVbGZpKnTnLlhCtVcYtN7QUpLVt7Wa1fTVfq/wBIHwg4byLJ+G6WV5Jh5cuHksRVpUoykpRUOVycI2e7equ7Jqysfpxe/AH4D+OYLe50HxlHaOqv5G+5R3LAsdpIIIZQeckeygACuXX9g/UvEWoLH4W13TtQt4mRlmnaMMrPID5jsH3FB1P1wcCvzz0qHxz4cvPJa/1OzMYwtte2d5bKjocZIdBtxgZOTgnOSMA/Y37PH7Q3ibwP478Oaj4o+2a5oOk6nZvq+m2F7tGo6dDKrTwSqzkkumcLld+SDjFfruN4srTy/E1ueOIqKMpJwlFubiotR02b2u7790fxf/qTl1bM6VOdD2UHKNKUXCyV2v5V7ujs+vqfUfjX/gnf8U/hL4V/4SpdZ0HXUkjhiSysrlJPKNyi5m8mNugyASc4IOT13eP6V4M+IHgG4eG6e8gSexzcLZxtMjA5ZCSdwX5iAcEcDbwSK/rS+Cf7Z3/BNL4x+HtEsPEvhjTvBWqz6ba2lzZeIraRIJJnQIxM7SumQ2Tu2jaOgxivqRv2Gf2GfjTY3Go+A9R0mD7dAQs2i6jbywsrqCCsLNu5yHwBkcheDX8+Y3xBybFVZ4fOMvjRqym041nGDbckrNVnBXXTlurqybuj0848FMkrKdWpgcRCnKCjUqvCyr0JLRJ89LntGSafvJPpbRn8cnhXWPFd0LSfWNTtdYgS1mthaX1usUtraNnfEJBghigyGJJHVe9cz4W1TxJ8LPGOv+IfB8VxZ6R4nsr3SbuHT76SJ5YriCRXgO1trxktwCASDycAE/1c+Jf+CKHgwX0+peFfGFpeWVxbTRxabeW4Ty25KhZ0chSxPfII65BGfkDxr/wRq+KdrqWmnQYrKPTINQSa7ubedbkRxK6t5xgABIABLbSSBuIXINcEp8DSp1ZQpQpfWVFVVUpxlCSjKE1y25lZtJppuzivM+JpeB2VQv8AUIYKMH7kqalGnJ2krNwqKMo67bP7mfyu+ItO1WO+jOp2FzYNPqc0sUV8hRrcSSsRMVZVLxybgxbPUr3w1cV4u0p3BkncPcSTRwiZBhTCMHLpk5UbucE9fUYr96P20/8Agnl8dPDfjfQYPC+jx+LzLZrBGbS3EclyVAUBrZRlREVwWOSCBkg5r87fGf7Dv7RmmgXHiH4XeJopHEkcnkafOY4QhP71QFwwAP0KEnHO4faZPxNw5FUacc1wNGooqEKc60KUmkrRXI35LTdWRljfB7PMqp+2wmAqzoSScalCm3FwcYqLg4OSlZ3vbv8Ad8tW8mk2A03TYbiWGewtUnW4gPySsYslTxgEkdMZ4JGK851vxEdQ8QyhYI42NsYmkkXa87lCpkj45JzycEADnua9e8RfBL4n6Xc3Eb+F9bZbGBgFks5Y5EaMbWaQlclRyQq5A5HGMV8y+I9O8U2d+q3VlPDcRyIkjzW0yGEBgu0uQuVQgcg9ew+XP6rlWOWJoRWHr0q0ZK0ZQnGa6P3Wm1d3atGz9HqfLSyDMsvqt4jDVqKircs6co2u46pyT962qtv5u7NSxsLyx0fULi3stQvFN6yyTxxSNBbybidxKrncpOG9c9c8nz/VNS1ae7uEuFRCqEJJtYKxxxjH3nIOPZvl6Zr0XTviBqOhRXWmxqwMirI6qhktpW2hWd42B3E4ySPm/hOM15lr98lzPLKssvnzsbgoqERZJJYBcfLg8YJ67jnJr6HAqpGM1O0WpLlaSu9tJbu9792tdTz6uHqPFRm4NKLadtG2lHRp7taXfole+nGWOt3lmlzELiRE+0EzDJBU5IBTccEjHP05zitaDWZp7/I8yRpI8LMXxuyM4bj3GSMnP3eOa5hy91JIVhQhp1DAE5fB27unVjkYI7MTnkHqLfTYZDE8BSKWSSNPLOQygKCQMnAIyQcDk9STuzvOUo6J3Wl9HZ/Dbp5a2t2fVnW6bkr6qKW3vJtrT3bp6tqzS2vfqek+H7R9WyHtomjELq8bYbGwD96p5IIHVjnjI6cVyWpeFtO843EkyxyrIYigOdoBPzngHuRjOMZwe9epeGraz0y4cy3Dwh9OeJo36PMysTyxwCSQOD0GBg9OcntlaZtwUwZkMUjOvL5OCxzgliM8gnPfPFcGNSqQjTur3Tb0Tv7id3s1qtdFfTscFaNSNOTjzXTS1t05Nd9FZytdpdOhy7R2enzI8VxLE8MIImhk2qW2jGW5IJPpwOTgY4+rPBHgfxHceCtN8VaL40SWS/nKS6c9zslTYdxT5WUhgBgdWA6HIAHxhrpEcTJHJIZVm6kERoCwIUcEf+hcHgEg49N8A+KdV0zTGiaaUQ20okW3QsVVz1cAHILDORjb3HWuaeHlTpRlCUlJaKzb1912Vrro+19N7GmWTToyjVklKTd3e9vgdt2r2Vne/Te59H/8J18WPBialPpfirWbWNRiZ7PUZyIlzyqoXb5gyktg9M8dN39Jv7Jvwu/al8QfsCap8SfDfxan13VvHHh3Wl0/wvfvJHcPZG25CuTvklChirJtIOPmxnH8smmeIpPEd3LDNdNBHdxOJIGy7SSKcDgDBJ9OhUHI6Cv1t/Zn/wCCn/xi+EXgbwf8HNP0mz1jw74ft9Q0nRJZoRG8M13G0KQSsCPNj+ck7sjjnBJr2OHM4wuV1cQ8wqzhB0JK6bdpSlHVpdHdv3lpzRv1PJ4iyXE5nhqKwijzQrRny+5r70JLdWavK8k7aPbZGn+zX8cv2bvhd4b8X+Dvj3dakvjVtcu4tTbUbKPW9OW48xkkt3WZXlCLIHUguAMkEDjPs/irxN/wTZ+JHhO9tl8J+BJ9Y/1ltf2cS6JfM4XcoUfMoYkj27DA4H5F/Gn4e6/qvizxV4p1HTba0uNb1KXXNRhyfKWe+kNxIYQBhYgHYDPIIxyOa8B1HwysgE9nJDafZoPNNuhIMjLnJEgIGCRjGSeeTwCfja+a0cZiq1alVVam607dW05JRbfM739er01TP0TKoU6WDowlTpqpCMY1PcTalyq93olaS05dNLW2P1M0H/gn/wDsw/GF9UvH+I194Kv9RlWbTbd9RjubWKIkJEIlBV5AFCbVz6+gqn45/wCCOWoWsCzfDr45aZrTRon2ayv4443cDDBhIWI24/iG776nIwK+FPhHH4i1GeK8h1fV4FgjkhMdrdyvsEXKyZLgKAcEjGMBtuM5r6nbxP8AGjw1oo1zSfiJrim3lEFqxumlgjDnASZskAgZAU8r26GtI8SYXDVY0q8FzX1s3HT3d1zJb2u7XW1+p1yyaGIhKoqd4pWuuZe7o23a/k9t21tqvK/En/BOf9rjwo8w0qxg8QwWzKUn0TVGaWRRxnEbqM4/hwMdgF4rzm9+H37Wvge11V9b8EeO7a00iEeZKbJr+1aNOrTF4JSybQSwAIxu6cV7lpX7bn7UngbV5NOg1yLWbV5BLOl3C0okXA3KJCRguPmBGevAXAr6Q8Pf8FbvHGi6ZPb+N/hvpWpWrlbeSSOKIvOowrCQyxSKykg4DBsn1wM/Q0s2wGJhJ8yXNayuml8LVur69F6vdeNUyZRqwUajSi25J8slJpJWbu5b6/DflVlsj8WNY+JOs3Ek1h4u8D6FdlJ3Mrat4bkt7hg2S4WQRQruIyM4ySSMg4xxdtqPwW1a6mF/4HjsIJG2yHQ7z7KIJSAGcxMGODyyqCvO0DPFfvev7ff7GPxKEcnxX+CPh0PKxidRpFulwokyrSCeFYgxXJwNpIzjnqcHVfhX/wAEuPjTFNP4alvvAN7dqZWOm3KRQxysSwDRk7hgnAGcZ5GOQ3ZSlltRU4fWIpydrVINcvwrdaa93Hs7IHgqsFy00uVJL3bX2jtZxjvps9fJ3Pwxuvgv8BPEyXc2j/EHXvDZjCsYdSsHvo/NzkqZQU+UsABwxA6jBOOPuv2ZXuoJf+EX+JnhLVMlhDDqEyafcFFBPMbliCcY2kg8dCMmv22vP+CW3wL8bW8158Lf2kLCzkX5UsNWKCR2wQgdzLtyM5OQTycMM7a8Z8bf8EbP2g7RFuvAHi/wd4xQxlk8nUYreeUDkbAjg7iOcA5znnqA6mDpOolTlSqOdkowmknsra2Sdt+rdra6rSnhp8vNKDStG7km5NO3yfmnr0XS35V2P7Lnxbna2Szs9J1yKYNGn9larbzEEdSf3g2qTghck9Dx1rQ039nz41aHeX0OqfDrxDcxWkCrCkFssm9nYBJI3RiZY8EHd/EN3QCvtWL/AIJ2/ty+F9UT7N8PtcurazytzJot/cyBdnBZSkgAyAwz8wxxgHGaWu/Cr9uXwc95eDwj8R7JLSErlIbq9byoTjZuYOM8YG7qARkc5SwKp1I3p1YSbTjy69k901tZqzexy4rDzqqNlBR2ldS1TSS0Td1d37tq1kfA/i/wP48+23kN74V1XSW0SOKOe1uLa4CoHTJwSp4c4LgZw3XHIHjU9jq9pLJusb6JItzFfssyhtpPAJTkDJGQB0JPv96658V/2l9tx/bfhLxRHMsSW91/aPh952mEfylpGNryxx94nIYk5OOeMm+L/jYiI6j4IimmgiMc0dx4YlBIYDd5g8gDOQCeM5JIPWqqYZVZxlOVRK6i5SjLa8VfZ9LaK1vmefLLKVGDjFQu4uUY7c12nonDSyervq2+u3xJLcXUtxApinRXAw3lyHIDg5BKj5sjjCkH869H0uKIeGPEU9zJP5VpGrEx7sq+NqtI2AcZxkHI6Zx8uPoO38dXOoTxy33w80NXjtpifO0aS2gCuGzICYwDIFbKnA5UjuSbPhX4peEtA0KbQtX+Guj6tY6pqE81zK1rILmWPLboZCVyqDPygEHaOOhzj9U5aradlqouUXZpKFk07Jd7adtnYc8BRnSpxUacZXg5WaVox9npo9NrN9G+ut/gddSMZu7VZSUunD72bjachX3E56E7jx1HHr3/AMPPEiaJqCglJoHmjErsB8qAjBAPGDgkhuw5r6eurn4S3UN5JH8K7NfOYyQnc0Yt4i2SEII+VcgEkH696uWum/Co2KppfgC0kmMXmTgXIZlkAIBGB0544GOcDOK68NhKtOpTrUqkFKDi4pJt2vFKKTVrtO7dm7W263mWFo47CVcHVg3CUOT3mmnflVodZX1uoxbT6M7/AFz9pnxvrHgrQPDd54r+36L4XdptBsAFWSylVkaF4nALBonQFRu5IHSvsT4Vft8fHTxT4XPhvxP41uPEVpLHpmiW1jqrmW6FiknlrDbyHMkQChVyvXA3DIAr4LW5+HL6YdIbwHbwXNu4cvbzh7h26kSfNkYzycEEdwQKg0LxBo+l6tanwzoTW98NStmtpp8lopYZEKxvltpDZwpAxnnCk5P6nwlnmZ4PNsDWjXmuarQU4xbbf7yHutNNtqySW1nZa2PwLi/wg4YzjKqmEx2VYTEqi6lfDutShUdOTTk7cy5k72d1ZWs/X/Qw/wCCdXxW/tLR/hBoF5fO0VnpN6JIxljaObAO0LOwyQGOPQ8+2f5I/wDgq1qFne/HL4kXcTfaTN8SvE67JsmNIxM6h0JBGR1bjhuOM1+9X/BLvxf4s1PXfhVZ6jpbwWmoWVzPqk4jZVjZrAqVM2AAWCjjjgnFfgV/wUH8USaJ8dfi1EdDg12f/hYPieHT7G8tGlgRGuGCurYGZGBO1skYIOQDX9QcX5Dh6cfECbj7KWP4Ky3GVYxjdqc8RXqylZJvnlKzley5uh+SeD2OjTo4TKLXo5Zxdj8BSTi4RhTpYbCU1GHMv4cFFKL76X01/BzW5vtl7cWYV2toZptzoCQGDMNzOqn5T6DnA2jPQeaalb3LXMcaW80sMU2xAtvK5IzkYxHk+n17civ0d8Qa9aW+jQQD4V+HPC+uXFgs0iy6ZNPdXoLsWnkjCkqxXlQp+YHJIzXJ6Vqmr3aWn2LwvaLcW8oUSW/huSX5fmO4gxEk5+VWLbgBjvX8FYTJo4j2vLUslOWjtbRre9l13urK+l0f2usTSwfIpRtzRTTjK13dK2yaslprt12a+KtO8J+ItTkcWmgajO0sf7qGOxmIdflyy7lGMgnn689AvV6b8DvHs7RzweEb6KUyKpN5HHDEVySMF3GB2H1wCK+99D0/4vatcqYvD3igwNIsMCaX4fEHmwFhuw3lqFGCTk5YDJwSBnptb/Zw+PnjN3g0TwZ4rSPzUeOXVZ5bQfNgDfgpgfMNw5wFYHjIq6mT0aMb1az5pN6WtpeNm7X0umu1r21OmWPq1Yp0acldWvZvR8r3S01vbV62V+3yP4S+CXiqbeNY1nwtoaC3ZQmoanCrwANjakSFvm5AGcDsWNd/Y/CPwdBYM2u+OW1AiZopoNGs/PVF5GTOrKCrcKuRhgfYGvtDwB/wTl+Mt15V34hvtC0RrtEWddQvftTw7mIO35m+bacgkn86+n/Df/BMLw5bWsjeJPiaxtDIJru3sWijjlYEl1VzICAGyo6rz1xWX1fA0YpyvOTWibWjtFfy2dra6767nFVwuLruDipKNnqlFPVx0fMnZa9ubRs/P74cL8AfCVnZGfwDqHim6juzDHLr2qCCxkuQR5U62mwsIRkOULYIIwVzmvaNd+I/jMTDTPA1poXhmC4iEKDwhoMUlyEYZjR7tkkbzFHy7lGRjJHAr9CtB/Zj/ZM+HXlR6teWOpy2aDdNrOqxKS2MiTyy7AlW54OSOjYNdZd/FT9lbwBNHb+GodG1bUowGtbLSLGKac3CcIBMdwYHaBkjDHPBwc8k8VhcPeXIkr6uzT6Ld2TtfdLT5K2kOG5V3CpWrR1UWnOTk0tE7Ra5bdrRb+bPzs+H/wCzh4++Kb2154x0jxvei5uG+2Xcslw0twjZCxxW7gJCjDOW8sAnp0r6k8H/APBPrTtESefXdA0nSrCK7W4im8RahCZI4QwKxmBimGYHdIckg5Fb/j79u/xxoWk3g8IfDy10vfOkKapqUSvcADBQqkaxhMYBwoJAHJ55/Oj4yftDftA+ObY3uv8AizU7TTJ5ywtbSSSGJh1CqiEHBBwFJPBxk8geZDiDDVarpUvZNxdkm25Sem6u1dtNp6O7VtdH9jguHsFg6Ua9V1KqUN25qFpKOsVFxjbZp79Oyf6i+IfiJ8BvgOk1hqHi7THlitEhbRPB9rb2wkZEIEU06KzuCww7ZBI6dBXx58Vf25tQu9Nv7D4UeH7Pw/arGsZ1GcGTUZBIcb90pkcF+SWUqc4/H8y9QurnUFle5u7q6v5SryTSM8swVvmLEu7sMD73Pzdc8DHe+D9Eg1K3uomZpGmjtYmkk3bIpjMijd02nDbcccEY+7kc2YYmpGFXETtGKTna6SSa2tstrq3fa+i97BYuE5ww+GhCKbUdFeTs18m3Zd2tH2t+jXwQ+FHiz416Bp+s+KJbvVtU1S7kuJre8uZJImgXLlhE2dqsvpwo4XnBPyX8Z9DsfCHxbudHsLFIBa3tvbPAhAijWNiHQEAhASvJIyRnsMV+8f7I3w/l0ex0ZEtiI7DwjBcTGOEurM1nkEMwAB5LEk7vlwetfh5+0dbC7+NfigMZY3Hiq/BlOTmJbkquCQCFQEEDIA5X0r85yLiB5ni80pqo5RoynCKb+FJpWSf3NL7j73PcnlgcLlk3G1Solzb2bfI76pd3fzV9tT9cf+Caev6Poev+NdT1ebTbdZ9PgtrFHeKMvIUC4VzjIXjOAeTjGMhfJ/21prbx18b44Ib6JjaQQWZuDt8s+c43RWw5z8p27skkjrzx4Z8B7ODSXju2vbqy0tLmCR5YmkV5iFBdTsJ+8VI4GcnJPIFesfFD4JfGnxZ4x0/x34T+GHjHW9E1G2VtCurTSLya2nlt+FuJbkqqrGSASWwAMHBAUn+PKHhzCl9ITOuN62Nt9cy6VCEarjGFJr2cXaUtUkk30t3auf0NU4qv4TZXkNLDxUqNeDnypuU4upOorpp2Sk0vPY9L+INtovhP4PaNpcl3a2pkWG2VGYJI6qoMj7SQSWBYknIHAJzkHyb9mz9kH40ftbfETxJqfwv0m1tvCmj6Snh+bx3qrNBpOmSXTKr+RI+BPdcNsRD8xGM5JJ+7PAn/AATQ+N/xg0/wB4i+Osl1ZWlzHJf2HgfwyZb3Vp4ox+4iv0i+WzDg/vN5GOV7V+63wm+B/hL9mX9nu4ttZ8RaZ8OtECN9p0/bDYNCyAA3l5I0oee9A+6uWYyHPHOP3nH51VynA/2bw5OGPzTGTadaL5sPh4OMU3zLm9pVba5IrbztZfl+EyhZpjYYzNW8HgcNGHLSu/a1XHlaTjbmjHq5NaL7z8lvgr+x14E+BPxq8O+DLLxSvxQ8feHE09r2xKK2hWPiSY5STVUYmOOwtpCzu7tjucFjn9GfFPwo8S+HPGeva9c/FG51PXPEkCWvixvClrHpGg+GtCgjBfRNKu3PllWT93LLDtD4ORzkfmdrP7Wn7OvwK+InxB8Q6RfnXbzVr5L+01BpGvdZ1mW3JIW9nR90VpM4O1F2gjqMEV8G/HH/AIKB/tE/ta+JpPBPwygvvB/hxmaBtP8ADkEkdxPbvhHlvruIAhGQAuHbIAOMZzX9AcF4HM8Nw5gcNmlSEp1IRqYq/LGrVqTUG07WajFtJXVtNU2fmPE2WZJW4jxOZ4Sl7WdGEcNhOZSqWjFptwTva7Tu1u9+p9x/En9qz4PfsueMfG/iXwfbWPjT4jarbPp1jpCSnV308xqypPdX5aT/AEiR/mmMYGc7QMKa+A7DRv2n/wBvXxWuv/FLxJc+Dfh6tz5sFlPNJb2FvAZRtjt7LciTMVOA7ZGSTjnNZvgr9moeAr+18Q+L9TPiHxNqJE88d9vmS2mbDMrGVmLOGB3FsqDgbQOK+i9M8U+IdMjlso1U6esqbba3+SNGVgyqDHgDHUjAB9sGvucVw/Gtlc69JqD9nJ02o3a92NnKSWjtbTa2t3c+To8RrC5pDDTpTfvx5ot2TXu2vyvtvfVK6dz9rv2Lf2Qf2ZP2cvD+m+IZrTR/E3i17WKeLXtVhhvbpnVB81tvVhEpIyoVeOhJ7fo2PjF4fe1LWUckEUeY1lW32RKEOAkYC7QgB4+UDpjjFfkx+yz4h1rxFosT3MI1P7HbRLHDLIGWBdvEZUj7wUYyWJPQHgY+uNVvfFjWxjj0hre0YgLHDErEdj+8Rcc85G05B4Pav89fEnhvOMXxDiaOIx9adKU5JX5pPeKVpN+6op2S0erurn9l8MUsoxWUYTE1MNyuVKE4wT5Y3tG+iaWt9XaUmr9dD27xV8dNCS1YyXSCRm2EO/LYxyQMDaD1GcYXnJyK8O1L4wWdzDMtrc2csTF/MIkA544AO0jAI4B+brnJrxrxNp7XRiWbT5ZnAYtEEZGXPUlgeW5OcA446AYrxLxH4QaVW8m6udLVhISpkbLlgM8DgjJ2nPYenT5vL/C9VJ05TUptcrvy3vdxdm0uW+zfbTe7Z9bRz7AZZT5cPh6UUm27u7bVtW3dK29k1s1a7uu+8c/FyKKC5fzEaRC5jEMoLBBuzsHIK56ng+3GR8CfEj40zaibmBopYVJkAAU/OAG6MBjaTxjoTkd+PQvEXhLULe0mc6w8ihiqL5h6YwxIbJAIJO0E55wO9fKnjDTNWtrh4ba5gukUMvzKXChs4LMQOnB6klstznB/o7w98MsDh3Qq1qTTg4u3JZNXVk3Kyt1fptdn5zxl4h4mVOpRpTSTjZ8uqs0ul+q3tZfOyPBPF/ic30lyEe43ZLqrkhRw2QSxxnrk/e+vQ+a2GqwtfxG9GQFyGXhQcnBxgFvl5G7jJII459G17wzeXbTRtbiO5kBxIW8vcvPzhT8uOMDHO71ByfHr60g0i6ME08AulYRrbSTqZHJxllG4HaR06HJOVIAJ/qPA5HTpYSMcNRcvZpc1opLS10/O12tei9T+aM2zynPGe2xWIUZzmlBzny80k1eHvO7l25Xv3Pd9FtPD2swSiDVbeCdiCRORGytjlRuAYjdj5QMH3IBq8/h65tpVNvIGQAjzoQSsoOQG3ZJwdwH97tgnArxe3S0UR3KWkqbCm8BmG9mXGQ+cqNx54PO4AY69O/ia9so4o7K5uYRtO+KTLoiAjhT0xgcY+UngYyRW0cHThNSfL7nK5OzbtdPRO3LZ7pu/W2jNVWhVgpqSmml73M3o7NWS+F9Hd97W6XNag1W0lLFGOXOWjDMQRyp3DjLEHLEA4wfWuMu59TuJZEeWSAGNkaUoVkjY53MpHfPQ/Q4JGT6FbazcXMJZbuCWQqvmJIoUybsYOSSoPzEHkjPoAc9HYWK6pcQ2/wDZ1vJNOyJIcrgq23LE+uDlT0IA5zjHaqtHDU3VTtGFm7O6tHld1q/W2qTT63BR52oxveVuX3umiT6q+zfZ30tc+d/A0/iaw8Vy+G9Z1K6vbLVm8zTLuQiUQgFjtIYZxtDA4ORg47E9p4y1X+yr6SzSG01VImCNiBNwPGQR1znOR6jPGeP1G8I/Cb4EQeCGOr6KJ/HU9n/xL9SR9v2F5E7Fjg7WIOQDgYOADmvzF+LPhG58PeK72xjE8iCeR1uEwVkQk7GcjK8LkFT0AGOgz5WT8WZdm2Pr4KhGdOdKXLeUZJTa5U3BtWbu38XS90jPF5Vi8JRjWm+anUd42leUfhumndJ21SlZWs731OATVtAvXVrvSWtZIiMtCdwDk4JwOozgk9AOvt1thaeEr7yn+3EyphjE7CIqCMkE+ox1weccnknz+KylAmaVPLck5bcQ7dhuG3GeSOgOB070+PQ2MqSG4CrKAXU8MoPAAOAeuDjsMkHivtFSj7NuKT53e+iS1jdWuk3bslrte55VGcqfM5pcu9nHb3Y3utE+W2qStrdXaPYJdHtIR/oWosFkIAUkPhT0GcnIHO3oWGc9xWRdWtzBKghndHzjDhhEw/vEkkBDn6DPGBmuOhi1XT5V+z3ZlRxtEQYqCqgkFixzgAnGSDyRnPJ3n1O6NuiXAmSRldGYqZFXA4ZSMYwD0yeM45xnOOGipO7UbOLabvdp3et7Wd9LW7WSOqFRyg+Ve7e97dnG7T0010Wj9/RPYp3r6tDMXdEnUvtZYkDkr/D93gKemfUg9sia2v8AUJylt9lk2LlZYmJLbO4D4woHTByR05xiorTVcSSDy5mkwAGY8Sk9uVPzAcgDGCQckDipr3xD8O+BrGa/1m6aC5ulJtNPQCW8vJOgjjjXJUMeCfvYwe61aUKcXNWUXu+r1Xl56LRXVtDlnVVJKU3ZJXu3ZtXX9emyu7nYwx2em27XetrHaWCsXElxKsccUQ3EszMV3HGOAGPXjAGPmz4gfHy51O+fwz8JLAX9/K/2e414pttrfadrfZ+AMJk4fpgZ7A15B4x8UeP/AIp3k51m8fw74Ntvns9JhkKXV2jH5RMFIZmkjIJJxgkgKAOKegarB4e1G1stEsvLiso0kmRkHm3B7mV8ZG8Y+Yt6Y61y1sTSpxVWrPlp2+FNc2tk/WzvZ6LS6u1ZeHUzWeLquhho25bpzklbdXS7210b9WdSvw/1G0J8Q+Jr2TXNZuMSO88jyrFKTuYRliQApOCFwB15A5wL+a6M8ttFGiuxCMVOSm7dwoHIGME4xgYUjNewR+JvEetwyafa6PG6SxEqlugmljVh82G5Klzx17cDHA86vLGa2uhCLC4trqWQxzRyhhIhPqXHQk7hznpk5FeHUzOnVco0lZW05rXSurvVa7adtBUcJJz56knJu2qvvpd69Nej0W9zh00yGXUPJkmyyndOTz8u0bhHyw45HPsAOK7fT7GKSC9S1nSCxS1dEUgeW8mMKOepJA7+hxVSw8N3Mmorp9pbXV5f3MhjKwxmSVi4yqqihmZnztRcAZz3FfQHjL4J+Mfh54O8Haj4u0qfQtP8Y3H/ABL7W4hKagyqcgyowUqW6hTu4xg18Hn3EGXYSccur4uhDG42NSNDDSqpVatknLkg3eSSd5NbPr1PosuyfGYuUcTSoVXQoVIupVUZckEpQSXNqrWt5Nn7OfsFfCfx7+1R4F8H6FfTtoXwx8EWqWGu63YReQ+qujBv7Ngb5Wkk2LudwflClsHHH3x+0r8Uv2Z/2SPhLrvww+HGj6PqvxG13Tn02xsLOC31HV4J7iIwte6vdKskgcsfMEe4E5UcZyPxp+B37WPxi+GXwXt/gB8JbdtOnubme91TxNAN2pJFOWUxI6qv2bEbbTO24quRgA8+leAPCPh7TtYHiXx/rsfjDx1qEX254rqU3gsLpiGzNNIX8yUZyWwFGSNuADX8Hw8H8fX40zPOM2xMsNkizOti8DlGGm3LFSdWM1WxEou0VUabalepb3Ukro/pqjnjr5bgKEJOU6OGo05PlUYxahGEk3o5u2nLtp5nzx8Of2WdP1nU7z4g/EeSaN9Rmk1GHQJwYpHkndmaRgR8qyFsJCBjae2Qa9H1n4f2Okz20WiaRNp9vBOFsrS0jUEo+S0kvfLdTu6jBbBOK+rNYFle2kF9ezLaoJSDHA6k8D91hBhmU/KFCrkHJHQkfIvxv/aC8IfC5ZbpNZGo+JniaCw8Px7JnQLkCS7YZWFSdxxkEgsNxGTX9H4Cea5iqeDw8ZuMIRjShFNKEYKMUm3a6S0u31dz56rl+XYNyr1IQTm1KU5WUpSlZ6pu9lZaWTv6ntXw70Lw98NFPjzxXp0FtZ2jz3mpahPN5VpHEgZkUB2UzSM+AVAOXwBjAFflV+0f+0r4y+N/xG1Jo/Nt/B2l6hJD4Z0+3Z4rRbeNiEvbjHEjSBdyg52jGAMGqXiv4zfEH4w3H2nxRr0kHh6GALb+HrUtBp7MpOwPEpAn2gYZyDk85ycHyTXzZQLHBbBEuOWkFs2fkK4IAXB6HOegGcEDJP6rwdwMsFi/7Sx7+s498vJBRjKNNOUb6pSbk9bPpZ2Tvc8/MMbTWHivaLD4OnaesopyStu1b3Wneyu187GZcahqGoII9QkEkMJKxjG2LeeWPAOWJ7nP1GKsaZp897eWmn6dY3mr6pfSxW2laJpsDz399dSsqxxRwRBpMvIQBgYAIJyBx6F8EPgP8Wf2iPGeneBPhR4XvvEOp3M6faLmKKT+ydIhZgHu9RvyvkW8cSEs7M2Bg/Sv2q0P4ffs7/8ABM/RBqmq32h/G39q+/siqTDyLzw94AvHj+WOBGDwtc2z4JYA7mU7cZFf0Zw7wdWzGrSxeZRnQwkUpqMvdqVKcdbyu0qdGy1qTttaCk2j+UfGr6SOT8DZfiMsyBf2txDXi8PhqVKfNCFeTUIQly8znNNpunBXVrycUuY4T4B/sr/C/wDZB8J6X+0X+2HaWniT4n31vHqHwu+Aiyxy/wBnTSqJrHUvE1qCTvRgkjRSooj+71zXw3+29+3F4r8VSXnjr4h3y+d5b23gvwhYN9m0bRLUlltrO0sYQsa+SuxDIELEZPArx79or9r+51jxLrni/wCI3iabxF4zvmmuILOSdpnt975htbWEsVt7aIMEVVCg4wD6/lJ4y+Kmj/GDxALfxnqd5oMcVwJor51a4tLSPdgRLCDjIUjewPBBUkZU17OfcYZfw/SqZbw/RpyxM4exqYqN1ClFWUo0VvF6Xcm+abV5PRRX8r8DeFPFfidndLjrxWxderBVVisvyerKTpU05KUPaJxabS0UbKMFpFptyfkXj/4pa54/1+51bxFLcRmdnNrahpEhiV2wmwEEZweWIOQPZhXG+J/B91BaW2p3JSCO8tTOkTHy7hox913jPzENkHA4Ix7V9l3PhvwdY+H7zUdJ8a/DbxfDBYSLaWt/ELXVy0K/K0KsSTMGwFXkMwyMYwPjPxVe+LNcZNX1ACdIE+w20cAZVtbdcgIkSDO3aBgnJwVzjpX4zWrVsVWnXqOUqk5czqT5uabbT6a3ur8y3+dj+1cFgcLgMNRwuFhClQoU406VKlG0YxioJJRjouVJflrucNpus+JPDDNe+H9Tu7VNyGSKOV/JYqd2Gj3bRz6DnOOQSB9d/Cv9qWyQw6b46ElpMWSL7ZHnyHHAUvjgAYySQOhBwBx8iSXZZTbhQsqf6wA4LDuwG08jr6ZPGecZ89naTMrIUdWX5k27irDo31DfMOo/lWlLEYihKMqdZtRWtN3cel9G7pLVbJrdOx2JX0T1Vt791fV2emr20Svsftf4W8VaJ4kiiu9G1a01C0KAlrWdGZS4VlDKCWJAJyeW98nFdk9oySWqGVsXE6FioJZBu5J5x91iRnrknjBr8LvD2u+K/B91HdeHNavLJonEoEM7rCxDAhJIyxVsEDcMbjkggCvuz4T/ALY1wJbTSfifp6W0aFTaa5a25TzWUBUaUFQShzu3qcZJI6bh72Fz2jLlhWp+yqJrXmfK27db677t6S9bG1KjR517RtNtNbpfZb6NaNb36bcu/wCkzWsUnyF/kjjCHduydqDBPY5ycjJIPXGMNiG0hkVtzqQjYAOenOSQACQANvHXtyak8Pa/pnijRbfWdGvrW/s7lcLcWkqv8j4LBkGSrhSVYgZwcGpthkDmPdsSMIVIwzHJwc4PTBAIODkY55r38NUhN05p32fMn6bLaXZprRq+9zbG4aEowcU5cySbT8o236vvd2u33t5trktvpgbzC7LKzsCBhQOxHH3SP4RknJ9K2bPSdJk0KXX18R2QFuC0lsSN6DYG8sLncZB06Z5yG6muR+JDRtYWqRna6SMmGYKD3YjPJKk4IJPIHGQK8Su9WaygltA5UyyLk7iFLAc7kGQRz0wOOcGunE0niox9niHSitXJKLulytRbbdru9mrt7q6OGnSp0E+aHM+XR3s00l1i7Oz89de9ztPGutaTrESWVrcP5JCK6gkSTNuAZuSABjOVHXPA6Vzfh2Qx6fc6ZbguYp3YNJ1HXgLjklexGR83PWvPor4C+gV5C8xlbYv3V5YbVPB+XOBkfKBkkcV6TbmK1ktVKLA10jvLK8mxBIc5wTksQP59MYNVQhCg1NuPNpGy32hu9lq27WSV0lueS4SlWm+RJu2iTei5Wu1lq97Wd+1is17dWZZGjYKS2S2MHIJUjP3Rk4BBIBwOoxVuTXbeCwe6uSIUtFZ5SWAkKhQRgsMnLccMMDGAc8U9evYLby4JysvmrgZkXAOchs8AA54yRgnnHb5l+JvjBv7NurKGRotkoS4kjk+URDovfGVPQYxmtsyzanhMJUkpKU1B8q5lfmS0u9YpKzdrp2vsZqhKVTZ2Uo8y5ftaWk272VtbX29TnPHXiaDxRqzzCdvLRnS2VSd5RXOSgxwXUjPI3H7xwa8luZbm1uFmhty0cbOoeVQyq3IzNk4D8bQR34GVrMsddRpd0b75ELbDKeSvOWGQWI4+YevJGMEyvqUt4J1RhGBhxGXGGZclpMYGR7DvjI4zX8+5rLE4vF1MRJqbnLmbuurXw30aa6a/fdHrwhaKXMkkla9k9LK+r6vezXTpoSzaq8cUjzxMks6tx8xw+fuomc4PcjBIyeKit9UDsLmZUiniVEhjUbWdWGAFHuc5yORgZBBxl3kttdGImYRzogTLtyzHgvGMkEDGAe/XI4rGKp/pM7yNIbR0UktiMoOGYnoGHPGAGXAwBiuCOFcldxcWvRX7/DfVO60v6LRJOCVrSb2a16+7ba7e99/Nq53ceq2txPCkzrIWJZsnAVh/AynqM/eJxjHTg1k6zaPNJ5lg2ZmV1aBATtJPChuhB7Hrjv3rlbS7kdpZEQOFbdHtDAIGPMjHoo565OTk+ueu8LzSXmrQW0gYSTXEcUVw3AUHq7HOcLuJzjkgdBnPLUofV26q1SV2nfWKS6tWt06f5XT5+eMVa7lFJ6832dHp0u7X6LdGnofhjxfdaRcX1lazG109Wa8uPLcLAASSplBBBI3HaCB0GGP3vqH4G+JoZoJdKsNWi067UCO9vL2ZVjj2hvMMSsVAIK4Hr8oA+7n2K61H4ffDX4G3AsrpL7xLqLzLNBuWWKeWRNgmlXJAjXfwCBt/unpX5Qz+KrvT9Q1BFke2lubqVpLiCTy0WNmYlVCkDGDggHnPPv5OS5hi8+jjnQp18CqNV0aVWUbSnGNlKcXZNJu1ukrbM+so1Y5JLDVJ1I13OClKCd0r2duZaq9kmnZ909D9NviJ8Y/C2kaeunReJ7nWtctvMT/RptlohTIMrbXAwDtIwcEjAxyK+UtP/aR8V6WdRgstVuHkknbypssUiXJxtyM7TnGANvU4J5r5Lv8AxI13O8cIKbwqLK7sXlfcAzHnJJ3ZPOMHJ6E06xR5IbmCSQ+djcAWKqkQ+/vJOAWGCOBjoOgz9Rl2W18FTbrYqtiqj1lWnK9rxSsk7ctr/ZV0rqz654zifFYurGVKMaEYJpRpJpXdknd2bbV7u1k+rPsLQ/2l/GtrqWJ9SmuUklBaSQjYoYjcVBxx3bkbsnAGMV9keBP2hdC1+1SHUZVhuoYf38pdVjmkI+YjdjDEEkYwRjJx96vx6tLkQtICXbDbUQAEDHVgRnI69jk98givRtEvLm3RpS5Q4RkOSgbod2AfwBzxz3r2qWNrUJxam3FJWi3d82mytpo7pt3eielz0ct4gxGsazVVK3PzXlKPw9U3ZLVaq/psftroXiPQfECj7LfxSysoJJkXgvgKHTPUFTtPTG7d6H9S/wBojXrW3/Za/Z207SLu3ZtK0m4a8uLVg6pPKDmKVQSFY5wV6qQOACcfyzeGfiBrOmXC3FrezRxxhWmVGJaTGBgqSCMjjLZyVPGeR9w+F/2wdZ1TwhYfD7xBJJNoUTgwysC0tvJwPkdidqHuUI2cdO3oRzCOKnQdWXJ7KpGavdXcXG2jdnql1STWjS0f7d4fcV5XgXjFVbo1MVQdOm27RbumrNrTVK99LWS3NTxV4jjuLycOqpKsswIYjEpZmywx0KsMgDkf3cAV/QZ/wbuoT8b/AIvXh2H7F4ChG5flyZBKQPRTknOMnPoCQP5tL9ILy6mvrF/tVtckS2zO2dgzwQSOcdWyck4zxkD+kn/g3hkkh+Jnx+uZzHug8FaeCVI6MZcdDgYyASMgYzhccftfB1KVXLcwnJKbnhlGLitJc1Snr21uvJvV33PYp4h4vFVqStP20ZRukve5nHXRvdWV15PsfAn7XOox6h+1t48mySZvjQkCsrBlKpe7SCeMgEnOcjAbjpj2P4/+Oh4curvTHdSdRtbC2DO4Cx4tow2WJz03k45IydvOa+Vvj1qq6n+1bq8YbfJefHK7B4bJKas6jJ7EKvUk9toNdd+1fcDVviAulSO4W0aBJEg+R9q2yKS2MHbkgnr1OOM1+q+N9P6pwQqkVySoYHCQjJLRe0w1NO19lq99HfofU+NcY0OKsFVUYzlQweFp+zXVrDU1bTVaNW62166fNPiPVhdNeaZt3wSyFVki+Yu0gyQhHJBZgexwTnIzXyT490TUdG1XT/EECOttY3QW9Plld6M4wJQoJY7fl3cjLMfujNfTPhJY9M8WXkGsMj6VcEpYPPMpCzD7pUsSAw4ABzg889TV+ImjyTTz2rWSNYXysqHhkeQZKSHjbyVzuH+1kqQa/g7g7i2rkueUK0KjXJWi+dSsnBTTva9rXaur3WunU+NzWWD4gyanRdJQr0F7OFuW8HFJRezbjJ6a20PgP9rHwa99pHh7xXYZkt/sqPKw5CLKAQp5wVDMOcZHUGvg600q9vLoRWts8rtjYkY3ZYnILccAnOcjHHGcgV9x/GDxdrT6ZdeFL1oimnvJbxQIm4tbxszoScDdg4wD/PmvEfBl3Bb25CwxJfFt7yELvCZ7A5x04z0wRg4zX6zx/wAV4TNMz/tTBU01iKFCU4q0U6kacIttK+qabWreivufzTnmVrCY2pFpw96V9G72tZ6t67ta62OR0b4b6tNbTXF/ONPRQWEbqfMwCThVyAM8gjHQ8nA57PTbGKzsljRFcQs4ld2KFmGSrBCBtxjHfdwcE4FbWsa1HvkRHnkWYATbjwqkHJHAG3OcHoMHoMGuKnv/ACmkEbvJE5GDwVU4A+9nkgcbSTk5yMgA/mqxdfF+9UlZXuop3Su7K9t76JWV9d+/yteo4JqHzSfW6s0td9t3ZNaHeWt4gtFmeQoVdlZ0OGOVIRSFPQHABHB9etcvdeItVgmMiXk0ModU3FmVlVhhS2OMMMdAc+hOaz4dU2wxxXB8tRIpVypUMBj764GQTjk88c42nEmq3VpfSKzSRxbVVOFHLEAYYDgqQwI6cevU9WHnGm/tO9nGXvLezu7S0to/nazsjjhiKqlaUmo2Wzaabvro76JLW+utmtDq9J8Y+INPPm2WsSrNLgEl2O9XGACCT8uD3HuccVvXHiz4iRQObHUZJFlbcREd7sGJ3FF27jt5J5JyccNkDy1IriCWNwUkgYFT5WMKoA+YNkcgknOc9DgDp1nh7UnN1bqs82yL7zZLAgtgoQRxkdM5/vZAxj6DA18JKUY1YtRbXvLR68t7N6JtXu1v13d+2njq8PdVacdVoptatx2u9G1a97bNNq9ljXfiPxYZ5ke5ujM5EkjgPncOWDHflSmDxtxg89Sa1IvGXiFrVbZbm5mKDcNpYMg/iViQc4wfft3GdTxDH/Zt8dStmedZ9oeOQArk9VYH7rZPI4J4PU/L0mhaXYalpd9IzxxXscQljjAEbESc+WEwSyDKkkZDdO+D7LyKjmFOUsJUVVpOap31fKr2+J3drWvo7Xe5GKzOvRSdSpUUNm3NvT3XvzpO+vnd9jhE8Q+IIo2kS5ljYrl2ZmAcZ+cEHdgjA5GA30AwupeLPF1pplpfSJJFYTu0UFw0DeVM3OVWQIFJXI4HIPQEBSdU6ZLCSl7C6ja2wMC2/PXIwcA8Y5JHQ44rT13XZz4QtPCM0aXVja3ovbZGjVZbZ2I81PMxuAZeQDjjJP3gp8VZMqdScaqdCUVf3otczi4WTum7bp6aWv1ClmcpRjONaU01aXLNSf2XtbW3Tdq736+Iv4j1g3kswv5MOzAk8xgtnGOm3P8ACeMAdSSSXR+KlEwtNRjW/gf97JuGGVTnOCQSR1zyMc9FGaveJrHSoha3+nSAwSRMkkBdWa3lQclwc4G7jk8bRjJOK82kuQqSSOoDtlQ5I+7yAFz1yOx9M57158qShU5LJODeyer5ldaNb3evW/odntp1FF3aT1V23o1G91fRu9rPysjffU9JnuWa105bYiVtshfCMgyU2jPXbnPrypGMV9L/ALKE9rJ8Y9AkjjUzeXPujyQoIyQy84yMYGCC2BzkHHxWZhHkF2AbcVBPJJORxyMtzgEc9+DkfTv7KWoFPjBoEgYJtWWPaMgsSnGMEHJySeDkZyQa2oWjXoyvy2qQau1unHbTor6ab7XTO/LZ/wC10E0rOcbW6fCnZK+q6X3vr1P3anuYbu1ZpW2zxsUVUbJIUkngYOMnqOTkd81XsbxJ08ghvP3ZAkA24GBknrxwFUdByCc1wsV4i3BLSuTI0jZRtzbnJypXv6E8E/N/vVs2tzHdvFiby5IuAvA8xQeSenXOM888ZOQa/ZMDVhOhH3tVGN3fXaOqT3v1tpsvJ/RY2ly1Xsrtee9t0tnZKz8tNGdjPatP1UeZgYcKAAucHbxyCMBejDHPQ1X+ymaN0ICsGIVCAMgFucjPBGSOp4FQiScCOR/MPO3aMfKDkbiehGDwM57HPSrMEqySbgxGwFfm4Z2Hpu4ycBjk4zjvnG1Wkqmt/LV6aJX20vvZd3ta7fPCMbq+jbV1s0nZabu1urv+hmzJJGI4wpERJyGB27wW/iA4U8jOcYxlS2K6fRNal06a2eA7VL7p4TuMUgAwV25IPA57568k1mGYyQyoflRcgM4BIyfugEAbQcgk4GDwRyayZ7qKDYeImjUNgPknL8kHqSBjIJIIAPODXyeZZNhsVCcKkVZp2eml+WzutfW7trZ6npYTE1sPPnpSdo2Tj9mWq1V3y6WdtOru9k/ddQ07wx4uspJLW3RNQ8rIlRts8c20tjgjehAHXLdcDpt8rOteJ/B8n2TXLUalo0jMFuEBeSGNSFQcZwy47g9sZxis7T9YuYJjPayGCZWEg+bAkTHJBGBk4yecnjODjPolncW2twSrcyIZJozsSUBmDkbGAByrK3BI24P3jk81+Y4/A4nJ67u5VsMm7R6R+Gy7t2stGk91u0fXUa9LMqcdfY10tWmlGT0bupa+vk9+pzdzJo2v2i3loVDYbmIATISA2yRMA5GMbjg574Oa5e7b7EiyuPMCL8jDAwVIGGHABIzu47jA6Y19Y8EXmln+1PD139nuSrObQ/6mVt2SBHn5W2/KF28DByAMjk7fxBBfMdO12A6bqOfKDOhWN2BwXXIC4bA4B5rXCY6nWnFxas4rmhe1tFd63ey17276HLXpTpe7UTi00udK6lone6va8ur2Wpo2mrGO6jMhCeaDgqylBnOdwGAC2cH5ie/HNbTywskskMgJPDpkEZIwMkHqBznpjAOTg1yc+hz28cs0CiaJjxJEdwTkEHGTwec4O0+gBGYLW+kjJVC5cHypCwKoSM8ksoAxnaR0+6Og476mEo14qorJ2Tbd/wC7dKK9Ur3+XR8zryjo5aW0bvs+XWybS3jqvwsdA99ldrgJJFkb+7EElgVJ74PPTBJ5PBZFrsmWSSMhGOw/Ltzj+IcjB5AIPBPcDg5cv2m5i8yNUGxgJlOAWyOM5IJ4+7tweOewrMDT+ZhS5iRyWDLwckgJlsY7H+tc31GlFJct7vVpWWjVk1d3etr3XV21uYSxDjs3tp0ts7O9vevbrrdX6HepeERqxIdAAyjpg9gN38XPOfUYJHS0mpgSROk7xujM4beQY2zkIAGxlvqByRjk7eNjvXbNrOpVMqwcMMqgIOFAGSBt5XIB5OCNoMkckaPIyypIrHKODjYVznA45J/hJwee3B4a+WUpxalTUoyWztZLRNeel9Hpbua/W2rNbxavZtWaslZLro/LZqKep9NeDfiHBdgafdXXkagiCJTK2ftIAPzHPViSCSADzwM4r0a31y7MqW5AMiszJJIT84XkBSc9QMYzxzz0FfEFxcOrx3NtIVljBkSQghzgZAUgj5jjgjB6V6V4T+IFzcxx2WoTj7RDgQmQhJpAOPlY8qVHHO4EehPH55nvBWGrxnOFOL5nqlFOydrSV7O0drbJvra7+hyrinE4epGE5u0eWzT6e6le73XVrbrvp9waF401XTyksE5QpsM1uznEu3hgMnA/8e5zjrmvVLLx3b6pCZXVEnZVWaBmw53E5IB7DtwDnnqQD8E/8JvcwkvIzfZkfhx/rUZThgSOT+ZyO/QV2+n+Nra48ieGd/NjVW3E7Vc9lbqARngk9Qe+RX4nnnhrTqSnUjRSbe6jq3ePRdnurXs+nT9Qyvj1xgoTrvljpaT2ty7Ju90nsm77W6L7l07xSsaRrC4WBH3NvfDKc5wp6kDvyeRjB6V2kfjaEiLfIrFV2ODMCWQ4XIJzkYAHzYJHf0+G08bB2VkufKOB50RfIYcEkFSORwe2PQDirg8dCK5RllBVsMmXz2+UKM9CT0I2g5BHWvzzMPDD2krSw3O0lZ8q0SSSto3118+19Ps8Lx1SVJcley02lr0Vkmm076crtZrVtNM/QbRfGX2Sa3urC5dJQ2FKscxk/wAR+YADJxlsDOerAivedG+MmpGyNrqQF4MhUlXG9c5BOSWO4KAQBz69Tn8tdP8AiOtqivJcsrMACqEDYRhucngngHr2JOcA+paB8Y9OUJDNcKrBkyXYbWZmG3GSPm9sAYYjJwor8z4i8IVWcqiwHN7rV409W7R6NX+9XT/H6/LOOqMo041K8Ltxabktm4JWV2knqr6crve70P0JHxCmhuhdx5WI4Zo1By46ljk/dwNoAzuJOCOteh6H8RdP1F45P9TIBtcSNwCDgbgQM8ng4J7jac4+FbTx7ol9HHImpRxsyAtGZgWyT1Cnt+p4+8DzsW3iy3glF3BqEZjDLvVHG4KMA5Uc4OMcAlSeB2r8Yz7wacnJ0sLUpTvd3g09Etk0lb8eyey+6ocV4Sqoc1RSi0uqd/hV/wCa9r+vyZ+iaeJNLuMH7UscioG4ZVUjORjg55PBzg89yMdFY6h9uRzFJCSi4Kls+YDweARwec4wTkfKOSfhaw8c6fJAssd3Gsiou6OSXc5GVJxyeODjHT8K6S0+Jsemxrc2975e1gzKGyQOrE88qSOBjjk+ufy/GeE+ZUa6UKFVpa+7TesbLZ2tstdFolvuerLMMsxEI8tWMZvlcHJpx3i979m9W9Er6bH0prlnFcpKktsCrbiFPBVjuJxjryf4jgcY+Xaa+bfGGitK3ktbRqY/ns7ncAY5ATtHGDwcEgjaehGOKluvjrbXkYjlkyhyHlBw6M2RkleeevU9ACOprkdX8Y2utQFLO8CSEs3ztnLKMBgCeCQM5PruIHzVeU8DZxgMUpexnGHOmnJNb27PW+l13Wx1zzOhLD+y9pTqSUbWjJWdklrdtWejXpvbU+fPjb8KvC/xy8C6x4J8baZA2pRwyf2ffGJftVlcqGEV5ayFd+3cV3oGwyk59a/mV+LXwf174R+LtW8Ha/G0kFpfJJZPeRkC7tluAYr21ZwQDsADBDxk1/UFrPjWzg1NNP1tntrgptg1AnEe47uC/GQ2RtHJb05BPxP+1h8J9D+M2itdWT2o8WaDbyz2N55alr6CMO7WhYBSxc4wzMeSCFwQK/srwgzfOcgTyzHKvLK8TG0HJScKVWUYpTg3dJSvaaVktGkrM/APEbIsDm6WNw6prH0JJy5VyylBNNxk1vt7t+nkfBXhe6gOmWQULK7abbKGJwpUxYwOOcEHaQTnHc5r84f+CkhKyfDyFxhktbsrz1yV+Ygg5xnGfU4xt5P3nprDSbew068E2mXunf6LeWk5KtGImALqrchCwHJTuDwBx+d3/BRG9W81TwKAxl2Wd15ZznK78hsZIweVI6AHPIAr9z8Lcsr4bj+FepB+zn9ZlB3fK1KN420Saaa79NdGl+N8e4uH+p1einea9hGS2tZwvvvZ6Kz/AEv+Z2oYNtaLIWDBSUYMAccjGSDt9cEjnGTishNzEKoAZeVAIOTz0HAbpgAYJOcVv6pEqw2Suh3eThgxPTBwCvI746c55GeBjHYFJBHA2/gvBPPQAEA9lycGv7DnFcyfK1pvfR6RSutdtraPS93c/lqSd7Wa5rO+vlZp676JLS9t9biKdrqCCcHPJAB9MAjt1xyx9Mc13/hq2huri6YELtjXA25Zmb+Z65UAjJAOcEVwDLtYBjkkDvnAyMke2eM8ge1dz4XuDHOVRgrSICBgkAscYLEHIJB57dAcnNTJcyelradW7O19mrXauui69jWluvVLe9rpWjdu620d7K+yW3ayaKkkaSEYBOCqhg+RgA4zxnIxnjNctdQSW/mwoMDD4Zx0UAbdvXk5+9nnIzxXqlq7hCxUGbIALKMFuM9VzjqcYzn8qxtV02G/Cs5WN/mTAO0M7KTj0ySMHDd8bjxjngmpqMlZNx310XLu766/fZNHZOF4p9Xa7e13yt2dn2S8/wAV4A4AlcYBw8itn1PfPfOSG9MZzgrT4xgqDtBDJn5STySRu5x05I6heRjOaff2xhvLiI4BjlYNzkNggZXnJIGM9M5HTGSi/JjagIG0c7hzkEAZJ45PbPPU9K9KUEqd12W9lfVa7Xu7JWb0Xnc8+yu/J+a3tvq7t6P/AIO/r3hRmNm5OAAvGT2PAYAHoBnjPHfrivun9iQmT426SVRWY2c2GUjO3aQAfXPpggjIycHHwv4UdTaBiqg7gCCeowMkAcEZJ46ZJIHBNfdn7DiZ+OOkqCFLWd0RjouA2CQBx0GAO3avxHxkuuCOJX8X/CVi2rJpNOnqu/Rb206JH7h4MT5eMeHG0mlmWFXl8UOlvRrTql0P2l1Hel82V5dgWyAwJ3YyBg4zjA9clu/HqmgeDtX1bRtZn0q2aeWz0e8u7qQqGXykhLsCfmySCSvck4wQa8z1GRU1BULbnDqW4B6NkfgDgj3GR0zX338CLMv4S8azpEoC+EtQRzJHncGtTlznBO0Hue3IznH+e3htlUMxxuKxNWHu4PL69SCqXtz+zbi36b20tbY/tvxRzieEjg8PSkk8XjcNTl71moc8LrS27dtXbvdH5oaFFK0JKxbZY3kDKAD8wcrnON2FbORkdAF5+U/LX7YVq0ejeGSyHc0zMwP97aSSeTz14JyCeMnmvtnRLFjeXIEQw01wWK8KAbhiSAPvFSe2epPUV8oftlWDrpXhxtoZFmI+UZGec4OPwGck4GTis+B8xtx7l1N6L21dWu1r7Oa8tbpdnpdtWPUz6i48P13H3n9Xp6WT/wCfbWt97NedtOjPzSuMRyDJ4JTOCBznGCc56jk53HPHWubv0M1yixgmKNzu3DIDsmCPUH5uBnJGRntXSX8W6ZYY8bwSVIzuHzDqMYIAOd3bJB4oh0pzBMVAMi5JkOTzkKSPmAOOxyMA4AxjH9s5RWjhqtGu24uSjGPRO9t9N9db367aX/lriF1MZSq4ZR0jdyeurVtLa6qytvvrypO/O+HkW18RaOWRVH9tadg4z832mNup6A8Z+UFeAM4wf2G0C5a/1G9aQxkWtlbqyPjMuLYE4OCoCjOByc8jJyT+R+l2cn9q6UqAiRdZsl+fsTcJg9e3GMls9hgbq/WTwBo+oeIJr63tJltZwsEc0rnCFFt9u0Dvk8cHp7ivm/FGMMbQwbcm2qbV0t03Tve6t8+qb6vX+4P2f/EuA4KxXF2Y5rVWHwdOOD55ydtVzpfi072d7d2rcjbeIL5tTvkgddlvLNuVQSAuThSOyjGcjquD3wNpry41Kzgt3SNobu4gsrwyqJIiLiYRgspGBgN2z68gcXZ/hD480fU4pY9Oa4s9UvBDBNZp5003mEqF8vlmJOOc8DuQuT7F4i+GF54Z8EafeSWt5Z6uut6fb3K3MflQyObmORVKsB+8AAwOvKjvX49HAUaU6E6VRTmo80mmtGrSTtonZO+ltb77H+gvEf0geHcwyLNcLXxWGxn1iOIpYaMuRqpGcWoxSevqnrtpexx9xb/tJ/sWeL72+8Ga1Nq/hHVdP07XZNJhne40qSx1GJbmKF9P3MI57dSE3oF53FgcnP0v8Mf+Cg/w2+IfxL8IeKvi94eXwH4w09bfRv7bs4ium6mAy7Li+/doqOrL1csRuyWwuF6f9p2/ktdf0hNQSFWb4Y+G5EhAAH2hLFFDmLcQSwOTxz1OQcH450rwl4Y+IGly2PifR7OSVjJ/Z9xBbJDdRuTtMkRRQd4yDxnJ5AycDilm2UZrOKzLLoqvB+yWYYe1OtLlcVD2kWlGo9LtvV2aXQ/AcF4PYzOeGKXEuTZpTX9p4PEV55biYOVOKqNqVOFWLUoRSfLCLulpodf8fpviB4y+I3xL+KPwK1WS/wBW0XXo9TinsGJbUtHKM5eCBSyXCKq4YYyy5XrwKnwm/bstdW1G10n4l6fL4T8XaRPDazatbrJb2l1cKypI2o2pVTbu7jLkkj7xJGVFecfsyX/jfw38XvHfw88Byyapc2FnJJZaPcsZ59ZgtAQbKFG3sZXX7oGPmABGMg5Pxc8NeFPGni+8bW9Il8H+LZC8GsA2f2Oa11V/lEGoR7FBVX4WTaMoc5AwT+h0sPluMpwynHYf2sZYeg8NjIwjHEUozhFwc+rjG6aSTa200P58xPh9nk8JXzjh3MoRx+EqYilichxM+alifq0+Sp7ON9G2movS/c/Qb4jfCP4C/tU2d3ZeOtA0uz8Q3unCXQPHejeRFeGUxlonN1bqBOu4gsrr8x4BzjH47fFj9jDxl+zrrEOuLqMGueEptRlsLPXd6wSfaSSIIr61IO1mG3aSSH6g4zXd/Dr4nfFz4G+LL3SRbyeJND0oAXWnyTNPb/YCQy3Nk5EjQlIzvwhLE4AHArV/ag/awi+IlpY+FNLgkuNIvli1S6S+Xy7u31OGMlYFckB1iJxvABO0cZFfV8I0eKuHc1oYHBYuWZZFWfNVp1puaw0GrpQTfNSlF6Wi+W1lbVn86cb5dwfm2WYzGZ/w/Lh7ijCz5ac40JUPrdRSjFu6SjVXNopS962l2mj+qj4Dxxw/8Ezvg3BNFtml0y12hD/q5CzklGHG1z8wxg9e54+l/wBgaBziaRNiR6trkbAkEkhYwrFjkYI5PXnr1NfD/wCxj8QdE+Jn/BOf4T6TZziXUPD27TdSgRw8kFxZbiwP8Xygfxcg9OOa++/2DoSNJvLkqyq2ua1tLDn5cLuPI54AJz0yPWvxv6UWfU8NwLxpN1ORPLXS0bVpSqU42ve7u201fXy6/LRyith+F6FSzUXXc43VpOlJxcd9dU7/AJrov0F8aam+mwW16rFQLpRwfnUZAyrKcj65JOAOQa60L4U+LXg68+H3xM0208Q+HdXtjaxyXsaSyQNMhRXEjqTHKhPyyAjLAnnPPlfxauGg8IzXMYLNFcQ7iow3LAHp06DlS3AI4ANQ+A9Zgt47MTM4jntYXdG4ZHAUqw4+9kZ6k55PYH/D3w18duM/BfxLyviTJsxxCyHMM0oYTPspqzlPAYzAzqU4VXUpX5VUjTlKcaiSlF63PnsbkVHNMnnUhTccbhVKph6tN8tWnVi4uLhNNS6apb3vruv5/f8AgpP/AME2PGf7OLX/AMR/h4tx4i+GNxMbu31CGMyXWgPKWkSxvlXJe2AYrFIxwBwc8iv53viN4p83zpZopI7m3tZUvIZBtUyOuzcqMAQXKkHPOMZ6bh/pE/tLaPY+Mv2X/iTpl/ALm1vPBl1NGGKzAzW1szxyAPuAIyOQMruPcjP8AH7X/wAJLWwhi1G2t0srq+lMYeJQsU8UGQvmqpCsxI5B4xlfWv8Apc4NzjIcwxPDOdYGNKVDP8qwmZ4OrTcZLlxVKnUUYzTd42kmk7+a6nyWHzfPM94NzXC4uc61XKq0sPXUnLmqQSTjO0teZWd1e2l2kfBelPFJp0NwxiCSF2Kq2WAJbgnnZ0PX73ToMnltZntJPMjDqY4wWUAjJ7cHBGc84ycdskgHm/N1XSBeWaELCJ2jRM5LEHDMp5HAAY4wAMnHyhqasUkyRvmRm3ZlPBKlurHjO3aR+hzyc/03QVCpSjNP7MZdVZOyasn1311W9tmfzzi0lKcbNSTSlvd2srXs0no9rW162OC1WUQXZZolltiwwxIGGJAzwchhgZxk+ueldt4e8QanoEissz3OnyKHMUhLxAZyUjcn74B5wMH9KhvNItJnEUjIS2GYkHacMfX7p+v5YJqO1u0s0uNOlVZ7TGCWALwggjMYwGyvUnpgde6upS56cXG9lKSstVdSjtv723TVa7XM8PX9lCUXL7Tv2afLZrez1vou6Wh9H+HvElp4isxDHIrIADLZTuBIhB6xN33YwCDx9SRXRJYBI5WtFW8tw+ZbC4yZIkyclNwOc44yxGeTXy3apd6ZIl3psrMhkDRTo2GQggrkZyUAHzZBB544Ir2nw38Qre98vTNbb7LekqsV6n7sMfurvbIBzwctxnrXnVKanPk5eZSTi7xutlu7aaJ9Vq9bO9/YpyjKEZJJtpNOy8k0vP0tpruZHjf4V+HfEWjXt/4dY6P4igZpzbxExtcNtLKmFxgueQwwcgjoMV8Iahfa54Y1+WHWYp7aS3cK0cwPLKMFiSfmVgOpOMHOG4r9Snjs5oyLlgsgXdBqlqf9Yc5VZguAQFAGRgdznNedeOPhb4c8aaXMNSsla9IAg1m3GS2c7d+wHA5GQRnOQMYIrijl2FU5L2cYe0WrcVa6tdNqz1++6stzkx6qTUJxck431d1rG2nW3XVvyWqPl/wP8VYjfwRtgIdqvhhgEEAlTgY3DqMlSwOeuRy/7QEsN/8AFKxvECNFc+GYGJUgqWCbgM9MjlcAf3s45B53xf8ACnxB4EvpWsopJ7IAsl1CWJWMkkb1UZwqjaWPTH5eZa74hvNR8QWr3MrTS2mmi2RSSRjavGWGQQu72ODjIyBGSZDhMBm/1ymox5oNTSsr3cd7d3ey8jy82zLE4nARwlabfs580XdN2st01ZXto223beyu60YEkrjAXaxbDdSEG3j0yMj+9gg9MVsaHquueHdRg1jQNQutJv4pFlSWB3RWIGcOFYK24YB3DBGTuBxWRbnfKxIHzp8pIAyQSTkHI254/HJ5xjbiiSZY4yx2q2C5IADDtzjkYOADwDj7wLD7XE0YSjeKu9NYpxdly3ata14t26at3R8pQnWpSXLzfZXdNW3a3sna97Kzfd2+wPBnx78E/FiGDwb8adLtrXU3VbSy8TwIqky/NHF58gXMbMedzE525JGMVxvxU/Z21zwfv1vw4w8Q+GiBPBdWw88pbONyb1QnO1P4t3GMk56fNMdlAqzDYGdJi6u+dwI6FehVlPcHcvX3PvXws/aA8W/D1G0q9DeJvC0xCXWlagBM8UJwjG3eQFhtTOOMc7QDgsPLqYd1Fyzi5R0V9Lv4Um5J8qtazv8Anqe3RxEJ+5UTTe2junZW1W2qS89NDw8+KZdJsNV0st5ME9pOh3A+YjEENFg/dbqAByx7Yr5kBUgupYEvLtBPIy/yt6ZbkZI4HIznFfrN4p+F/wAJPjzps+ufD3WbPwz4ikgaW70G7MduHmI3SbVJCkk5XOQTwcDivlvWv2RPiFpcKS29ut6yB28uMB1IyTujZch1zyCOnHA4WjD5VCm5um0ubldr2bend22069t1plinJxhe8lFpLvZONtVtd218vVP5HAJdSNq4TjBJBB/hGcYJ/izgZBxgVrWLLFcRMG2sx3ZY4VcjnnAJJ4BwBnqeOK7vWfhT460AsdS0G+iVSxMht3I2ryVBCkYPHbAyAM1wMtheWz7biCeBw2FEkTrs+bod6jCn9PunkUPBVr6pt3d2nrvo3vurt+q1ONTgrNpx6N2V9Lde2ur0Ta0ehoXgSW/lbedpjXHYZ+YFfQAgcYBGADgDgyxwByGbpkAA/wB0cNgD6AjJ4bryRibTIXcO0gDgEgsT8oIA4J7kcZxwfQ5JrUW3aNWBAyxJAXrhjxyBwq4+U89D2POtPCzilzQtsr2euqTstLad3bo9LI48RUi6l1F66a7vZ6WstfRpWSs7WMhIRvXaCQB9R8uMn5TnI67Tjp2A4muYcws20Kyk4zkc4OD7kjAx0PQDHFakkKBSYwvG1cAgMCTjggHng5BBJxgdeaV0riNmC/My/wB/cuAOjDgjsR7nGSOinTcZOST0stWtrJeTv2vo921bWIzi5ayavazumo6x173bVnfvfpZ+e6RzLeHcCwlJIPQ8tz0/L+LO3gbgDtk/Iwxkhs5KnOCevYAHgdc/dPTJrI0iMLPd7zgeaeVUheGJB69icEcnkenHQJH8mONpO5T1UA5OMHIPAHQkg59cVpRu05WktbxsrptW121sreW3U0xVRKSs0r21va6tF7v7r6W1XQ09LhWV0d8KYzkIoAPHryxPOM8+3TgelaNfvBNA+/Y0UgYbNwOUPuQDgY9eevv53pCLHc7ST++AXngDjBOeM5Iz7YGQAPm7O1g2NzglCGDdRtzyB1+UKDyGbqTzjacMXRU7xnZxkmmpa9t9dXbW+9031NaFWUYqaumnuntez8t9fnp1Psvw18QtH1fRW0zxDBFc/aI/IMyhfMMYTaCRgEkH5sE8cc9zwmr/AAXs9WSa/wDDWrQXQ3F0sLhwGUtn92Mngr0HGASMAkV5Fp03llfmMag7lC5ViSCSccZznJx2BPUlq6nTtfvrGQS287eXncTuYJksCN5/h+9kYBxgg9eflJZRPC15VMJJxU7uUN49Fqntr2tta+x9H/akcRQpwxMLuKSVSN+dax20a+9au7OK1v4aeIdH877fpc8UaNnesBkhxuzkSAMPmzxjqM7vSuGn0y6tnXyfMil3H/VGSMnDZx8rKRg5wC3U9C20n6zsfizqlsrW9/bW1/auoR451WTKgYABYEAk8gE4ySMdqran4j+H3iCMx3Xh86ZdsuDPbqFG7GC2BgA56DHv13NW8KuJT5a2HulbWKk72UVdx0bte+jd2rroYShRaUqNeSvspOzV+X3V00urW1u2kr2R8wXPj7x14W0S5m0fxVrunSRToVEN9PtBBGAqlmwO2Bu7nsa9d8F/tnfHrw1pcEUXiZ9UtnjRpIdTjM5YoMEFmDHp948H8OK82+K2h6RZeHry90i7+1wmZAyvgMvOcDOclfUDjoxOK820KyjvNHt8yFGf7oyOAoJbHOeSQMBjx74r0sPhaWJbeqatZu6au1p6p7NP03sZTxNagrqo3GyunK6aXI1KzaS37u97Xutf0G0b/goZqN1HHa+O/h34f162JCTTLawCZ1x83BQnkAnrknjgV0J+PP7HvxELJ4u+Hg8O3UxOZ7O12mNmAy25NqgKc44OM55PNfmbeaN5Uo8skquQSxIDkMVGOoI7gj0wazHspFcK0QA34LgA8HPGO2MFcAkjHTOM9TwVWPu0qk1ZWSUrpbPX0euvXa2xCzGGntIQm21q1rZNdk9L6L1T1R+oB+An7I/j5Xm8IfEweHrq4B8qC/u0CIzjcoCEjBGMFcjB5IOa5nVv2AtfuYGvPAnjzQfEUAXMaJewRyS/RfNcgEAEnqTnOCfm/OkwTQ8wXBhcH5djMhGfQqQRjHXI5z1HXptK8dfEHw55cmjeKdYsFQ7gIL242ZXqSpkK4yM4AYnpnArOMMZFrmlzp23iru1nvG19Orvbu9S1isvqNKdKzdtUr72t000tf11t0+g9f/ZU/aC8K/a5pfCt7e20QJW4sGN0rouDkbCeOvI+8cjAzz5Bf2PjvQi9trPh/U7QxExkXllMNpXg4bYB8u3bk+hJwBkeleE/2zfjzoEqWjeKn1qKDYDbamhnRwoKgYyQewBy2c4OcnPvOl/t7aldWyWnjj4deHtchYmOaWOzgSVk48wDdEzEkdDng4FW6tWnFvkbu01yt7Ll31tvdK13bexDwmW1XG0lFNK6t0dtraW/Hc+Hj4hjJIurNVMalPlyjBh1O1hnIDHHQEDGe5w9b1O0vNOvPLLoTEcIQcMeckkAHHHfOM8gYAr9ELn41/smeOtsXiL4cnwxdXClZ7qztlIR2HzYeMqowckYHpjIJByJ/gl+yz4+huV8I/EltKnkhklW0vplTGRlFAYjIBJOCTnqDzkZPFQnGSmpJ/3k+tuqf5x3827TTyWnGrCdGpBpSUkk9Xs03r3tfT5WPz98JmN9PTc64xkEL9wjAwff15yc55OK7BootgdZULEc5BA4AGDnuQc7sEg+pya+nYf2O9YFmj+DfGWkaxakusKs0MXmspJCqd75Y5HcfePA5C8Frf7O3xf8PmQXGgG9SMv81mwlJAznaeOehxnv6dXTxFPlglNXsutneyWzt6rv2a25cXgMVGu5RjeMpJp31Wi7Pb81snex4zazSW9xDOjqkkcq7WUHjaw4PJwCSck4XBGcV6Y3iBL9ozdWwaSGEPDJgbS4ABD4AJBG3JySOeOMV57e6F4h095E1TRr22aLcriS3dCGQlhk46ZAOGOBkkNk10VreNa6QJxbRNcsSknmD5iGXagKttwVABzzkgjnoPFztRnCFRXvH4mtW07Ptq1sn/wxFGlVpy5KkG3JJ9bWS3tZX1ej2u76kut29rOkF1ZRgyHMk8MfKqwB3BuAApHTAGMg9M1hq2j+bF5oCSH5bhWkOYwAcM3UFQB8uOnXGCRW40luLKK4t3MEvlyfaogdxwOGAXHIOSBwNpwOteb6pAftUtzASySDIVmywbaMMygAsGI+71yckda8vCSr1v3cpTSSta9+kUtbXWi1b2flc3cNrXsuVtK1k1y8vnZ7vRK97bHp9tElgHW1kiuILvaSyqCI1JI3ccnAIzjPBwema7D4ZWzD4m+FUkO5W12ybKkGIqJEZW/BeOBntk14Fo2p6jb/ALyQzJGg2bQuUYN8pUDGVx1IUYAPGcZr3L4Qag9/8QfCLTJKvk63aKilvnlDSo2DtGOOB3+XGCT10o4aVHExk5Rd5x5u+sovRO17tPrrsrW10jKXI43vZau919nS1k09W10snY+s/wBo+EjxqjRgNAske3ZyC3lZO0A/eGQO+Opx28PEGArt95mZTlsZycKCODg5HI4XjBGePpD9orR7yPxFbTpGskDyRukcbbsP5IbB53A9c8+w6187yyRKAJPNilBztkjJIGflD/dOeMZI6DqDipzj2jzKpo2tFdaR2itmtV1SutmlZ6H2GT8lTLopy9670bWqukr7WtdNWdt/NuJ1a2MahCzKAwI2lVBAJPckE+oPTnJFBkVvKyQoZyS2MZyfufLyO+MbsdxmrOyKaAyRzsk0eXcEnaV5CgAYOMZ6EDt6iqSCRwxdflxsQsMYJAOfmJwDyQwzkEjGOnJG8nZ6Oyte9r+7dvV2td6rsk+x3ckY2SmuWT8tbuLabWvq7P0sxTFCZCqvjedx4bYFyMqe+TjJJJ/Eji/JHH5CgnIDfu9q9Rgn5hknBJGOhB6DHy1mbWQ5YLvQksSCSyk5IA6Ng5zwfm59M20bfGsjOdoYqEB5APqMdV4wQB0ACk5FN8z97m2t/N0S1V99bX1+K9lZXHCFm027rV2b1va9r+dlfVu2vlQkXcmFLBCS75ABUrnBOM5+bHH59cVmyPlyi5XKZYsuMtjAKEjG5hxnkheMc1uKqks6s8i4dVA6ueQcgjnbjDAKM5OM4yM2RjlY2jdtpLbgPmAJzggjdgYJzn1OOc1rTqSTWq032elkum1vS1t+7tU1eL5U3dbWatePWL0VnZu1lqlbRGVfQKI1cAxqxUYXB6feY88kcbuc8ZC468P4gjj8uRt2CB8pUAA5HQkdAeeFxz0HOK9JmglZX53l9rKdmSVPXA5KhSpA4z9K47xDAsdu4CjjLqR1ZsEHAOe45zjHX69tKack7JfCryW93G9923daPVJ793zYijFKXRPveK0ad7OyetkvNaXsr/o7/wAEyro2vhn4o+Xs8ye0e3DMwVkMkbngZz6liO20HpivlvTPDOl61+0tq2i+J5IJNNfWLiG8mkG7YhlLZAJ6MGwcE4Vic9q+h/8Agmr5hsPiQWVZIvKJaINt3MQwIIJOBjgEcLngjoPDNTjtJv2oPEaQhLNF1J3KFgBgMR5eSRzgYDcfe78V89mGNq4fM8dKF6coYOKjPpeMY63vZNvfXborHT9VhXyzLoTtJPFWlB7Wk43T6PZdHrbc/QXXP2LvgT4sdY9Avn0u7ks0kItXH2aSZ0XBX73zMTnaDkE4zkjPhPjX/gm/q+mwed4c16Sdyu6O3uYjgs4yuJAAAp4GcZz6YzX3/wDCf4Z+K9eGipoTQLH5UF4JJHDyqI239sll5HyYxjOBgk19xy6N8VtD+zx3Ph/StctRaosUQijmf5V2lmCcqwz9B2xmviKviHmWWVFy4uGJjeKdOpJdJR0u09LbK/me3S4LweNp+/hZ0ZdKkFpLRJdGu19/XW5/L340/Y8+MvhCJpLjQH1BNmVa0k83zEBxnYF3ZIDEgE5Ixwd1eF6h8P8AxHok5i1Xw7qdmUBDiW2lVQScEn5ThjwMkkKB165/rJ1F5xFOviv4Zu0zyL5TWiElEduQABjB5OefXgAgz6H8Mfgj46Elpq/he50+eQFHmv7JHiU4zgsYsuNx42ntgHPI9zBeMmGsni8JyR5UpzpTTslZNWcvVxSV9bpJ7eLivDaqrujVabfuxnCSTs4u90rrR2VlrrpY/kgTRYY3Qus8DFPuyxuij6hl5yMAj69D1f8A2JG2fnG9mP3MA4OQCR6AA59QfpX9hZ/4JYfBn4k2kt9pc+kpNLG3lRS2qRMSFyPKYFQpIOBgHnGcnivmzx1/wRDdY5bvRrfVYVy4RrItcwhX5zsTlTgbh6ggZUcj3MH4t8KY2ag8fGjUevJUlyyi9NNbfK2+/XXxq3Amc0b8lOFRb3Wmlleye7u9Lq/pofy8voTMysZGwrMD8uSM5IyR64JAIxkc5NRzaZdOojjYSYIOQ/IUHnCjsOOMg+gGcn9l/iV/wSr8beDL25Fl4jCmBj/o99bSxybjgEZfIwMsDyeQOTkg/HvjH9jv4v8AhJjMNKXVrczeUktlMHZ2yQNyLjZkEEEnBG0c8gfXYLinJsck6GPoTTta9SNteV73s3trrpqeFiuHM0wcpLEYWpGT5b2i3eOm3yt36d7HwPqqatHFKpVgIx94KyuFOQdpPXn6Yrz7RiBfXSB8y+Yx3HIPJwd5zwQx6HByTk819xav8EPiPpyCHUfBmptkFnJiZvLjOcByAcZ6AcgnHUZA+U9W8OT6H4k1S0urOa1lUnNu6lZInYlujKueN3U+o6ZB9COMwlavT9hXpzd03ySV7abWule2vNfZa9DleBxFCE/aU6keayXPGV9lorq3Rt731t5RpdTRKjwSNHKcKVjkbJOOSMEbT1I4yOemc1v2fizWbZB5N/OFAUFDIy9FJOQc5IA6dOQcjJIx/sUUeMu8bEZ3bcFScZRhgMAeSGYjnOTzTWsoGZT56MACGZtwbPUDlRn7vJxliAM+nsxVOo1Ll5n3bWqsv16W7Ldnk1KU6aaSacnd2tdpWd03q7WbdvJ6pWfoNl8V9dizBcTeeingMmSVX5Tg+hOAVyTyDuAxnuLH4vF41+1WqmPaAGUlWBUjdjJyBnJPUnGd2SK8GbS2wjJNGUUHeEOGIz2Jzz1xyR3AwQKrtp0oceU7ELltjnbvGTjBwR3HPuDyMilUwuHneThaTtdW31Xk1bR3utfJKxKrVopLm0TTV7Xe13s11tt30R9aad8VtIvECSExR4CKxHKhhkkMcYGcgZ6YJ6kCtqPxZol2jj7TBIBwrM4Q4HG3BHzEKepIzjIwMk/GEEF4kpBH7tGOAWPzAHkKuclDnJPJBOcda1IjctgiRkCE7d2RlTngEA9D90Yyx4OBiuWpgKdoWWjdnG/mr7+j1uvzN1WtBtu7Wt3Zp7a7rW/M9t/Lb6xOoW9zIFhlQqG2gmRclCCMLnqF6DHcnk8kXoJ5rZo0tEYseVkR1YrndznOex4wNvQjd935StdXuIZVP2mYNEQpZS2DgYz1wM9Bnhlyw74958EarbXcDmbWo2uJlVPs8kio0YIPCljgnkkYwS3Q1zYrAqnTco3k1dctm+X4Vpr3ulfsrNAq9kvdTWl23dLZ9drO1tru217npTeI9ctIZopZPOjyCfM4VlU8nP3sjPOTgHOQQRXyZ4uujc/GXSblNsZuVjIVfQKScexHJ7enUE/RV1q+lRG4gub5JAmeTKPkXONzbTjnH3epBOcdvmPxjrGnXHxU8MXFi6tbQoglkThSFG0+3II53H6EnNceGhOE/fhKz2to27rXe3WzvyryHCcakny7tJdNVq721dve8kvLp85LJME2o7MFVtzYJ546g+ueCD368cTRvPsRfm242IW4wTyynuTjHPT0NVYnXCtll4XkZySAN2TwCT17qMjg9KvQrHMqFJArEnhjkjGRjnbkkhucjpluRz5TWtreu2tmrW7rXX523V6mkk21aKv20Vr2tr08raLS6L9uzwq/XG1cAcbyvJ57Y5yOncE8UCV9pZmI39BgYGSAAAOrHk+2QeOFEkSxEqJXJZQA75OEJBYAgZA7DPQnq2RU0cEQMjkKd3+rYZ+8SeQoYs2evGR6etYPlvfdrfS2l4prTzfS+t1ZK7OJuKd1rfpbS+mvzS8/O1mizDcNJtjYuyKgjCnIKswG4gDqe4A4wTzg1q28KyLFEsgUK21ZHbnvlNw24PJ2npkjOCKyIvnlcTKRjG3bwCcjBZRyT+hPUYrXUKsQVjIHVsj5QFwBkccfMeBznnnnIzhPlSVrN2avv2119dbu3Tcm9uW23r2S1tva6XlrpsdJbCa3RogVeNOWUcAKBkMSx+8xx3JbjAG4GqcnmzTiUBkxJhAqkMvPA7HnnDe4IOMUyzM80qku4RQu9CuRtB5U8AA4znIPcZPBOtCyiZ2SMMoI8tclmjPAywPKgkknJwBzg9+CWjfW9rWeqfu9t3e22y0asmgVSMXu9bJ9Wvg0to91byu9krERjlwFKMpYkM5OG3Y4TBGeQe3Y++K1YNPmhiSWaIpG0RCp5nHTktu3YIycgls9cDqIpp0WZFmAaRNrhSwAdzgg8dSoJGeBlugKmt6x1G0mcJfQq4hiOxEcsxdgNpIGM+gAxwSOORWE/aqKcY812k907XS0VrO2rlrteyfTph7yTv8ALZq9r2ve601t0731ybaOEEzMNqs4VFBy24dGO7BwuFxkHjHua9MsJoLOyhffuM0TZRTltxJIdsc7iO2CQCc+o8+Rra4vnae3aJIijJGFZIo3UniQ5wMDnPGR9M1Yvry6aMpaBTF5qjcpB55U4PPy4GCMZJJOTkGuavGVblgm0rxuk5dUtLpLa726pLRbW6koxt5LTdr4e3LZa30vsl3Z0utazbrBBbpJlvmLuSuUPTaoHQEfKDnPUjnrBoV5Y296bh2WKKKNWEkuQ7EjLFC3ByCc9TwvTmuAupmMhlKElGG8BGKkrzsDHdkdyACc9iM42LCyl16SGBdloXYbpH4SNA20Z4IGTjAxz15A5SwUfZtN8qau3otuXq3bW+l7f5YVJ1Jb7Rabt1do73durstN2lY7/VdU0+8YTaXEuwF3mecfPI2CMqCMsDn5cZ9F7Vz/ANmkmhBDKiSsXZW5cFSSM+pPbkgtwORWf4o0NdMkghg1KO5mWMLOUkPlIMg7l2YySQPfv06QWaXPnJDLeqCUUL84VWIGQXOCBtHXgnp04qfqKhFexk+ltFdryd07a7PfbXcSWl07JJX1Sv8ADF216abXe9rblotepcpbRQeYgAMaeWQxckZY+qhhk47cjK81uPHqFsWuZvKf935S5IAxzyAM42Hg5zzwDwCMC61yOwueZ5pbpCI3kiI2eWQVAT5TgBRyQDkZUkd676/GI55S87LgiINllLPydw5JKk89yeCc5zlLC1W1eK0tzNu7ei2em7atvfVPumo9W4trzvvqnd7NtrRXd29NdC71OdpVhRlyqmZZCMKMD7oBbnBGNoOcEgkdRzv2qS5uHknLSY3Zy2FBHClV+6MdF5wRycAHNSfUC+Q6gMSSzn5TtbnaB2A77cHv1xWE+pgTnYAIVB3EnJO3jqOSdxGccHAzwa9WhhHZWVnaN7RV+a0eml+2vXRvqEYyTStpZaJaq6TTcVrrprrbfyOgktnKmdseaWG2MkqxTnCseAQQOCB1yvHINGWad8RuscLuCwYgDagPCthvmLfdyeo+XB21nN4iunR0jCOz8K7KM7F+UBRyRjs2DxzjccDPtpLi83NPIVZHJ3NkDg5wmeT/ACA56dfSo4aUItOyum1ZWfTRve/r2+a6acFbbkT9Lt2S2v1er7XstrvdkRIisQC+VjfLtZQA+Rktu5x0wM5A45282rSGeWTzYgsUIBRX6seMHBOffp1GP7uTT8sR2zSEgkYJIxvK54VexJUE7uAOScdi0vbqaRkiV0iYEjOFCgKAz9MZYYGDk4GAcEGnOnKUXG19/NLSLva+rStfdOys3udEIbprZqy33S0ve8kk0tPhTXKt2bnkQxS+aH88AbSoO5Q2MFiegYN3698lRmmLLHFdKlshd2KbmVuU3Z3D5gB069SMdM5FS2tqZkIE3lxhhuAzuZuSSTjpn8Op9jb0nSMXh3mR1YsynawEhJyEJJJwD1Yn1706NG73bvvZ6Nuydr3tvqmk7G1DDzqSutLvvG1mk/PZ+m2i106CBLp1EUG5vmBZ85UAAliuR1BJ5xyMj3qxFoMrsbq6Ekdt8w2tGQ0x4zt3ZBLHhTwOhHyg10djFpujRut7JK105UxxIrYCE5ESLkkjPB/ILnBq2i654quTY6daXE7uyQ21pZ2zyzsuTldqISCdwUkFeOAc8n08JgpTklGN9kt22kld2Wi83az69j11RpUaac3ed07LXVW327vVpqz0XQ4O+3w5t4MxRKd7eXhsnoAxXPzHCjAOevGBmoCLudVLKFgVQEjOfncjGSmQSWJ685PTngfcfw1/Yh+LPxAeCbUbD/hENGk2mS91UNFPJG2DvWGQb2ypG3oAOQQOD+ivw3/Ym+Cvw8igvPEULeN9XhRGb7WP9CWYHkpEeQN2SCT0xuz3+nwORYidpKmorbmlFdOXS2/W1tN9rJX8vEYzDxk1Kor3vZPTpZXV3otOmtrJpH46/DH9nT4j/E+SEaN4e1K8indQkot5YbNFPKtJcOu1FxjPqO/Nfpd8I/8AgnbpHhloNU+KPiRQHUTS6FppG7BOfJllD4B65OMnp3Nfo7o8ul6PbQWGgafp+jaTbosf2axgjgZARtClkUMcAYBYkjANWtQWC7IMMYaXbgys2/dk5+Y5PIyVyeMnpnJr6ajw+qfLKVpt2vFrlSta7atfyd1ZLa+55080gk+RJW6t3k1ZX1t5fLS3dcl4S8FfC/4d2Yh8F+DNKs5YVRV1G5tYZbiTapUO0jq4LEEHI2nn1+70eoa/dXhi+03YEQGPKjIRUwPuKqnG1cHscEY2jpVRrZyAFT5wwGxWG0YJ5OeBgA5BO5vlwCOuHcW8iM8krKoU4SUuuxSODuAPOBndzgDIzivXpZXCEknCyailZKzWj1WmltrvvtpbjxGbVJU04O700T2vbreT66ea3TsTzav9nYTIqsAxXg7i3O3c3YHk7SccllwRmtJdfSUQq7Ab0B4cfJySQRx7nn2715be6rYw3LpDM9/dKSwt7RHl3ZIwMIDjI9P1JrQtdG8Wa9GsdpbposMrqWubj5rhBjPyp95TjjOcDPYcj16GFUUoxg2m1Z9XqtLxWqdlq9NHbsfPYvFVKi5pyaV9bteWqu+mvTon1sdXf+IrG1Ej3V1HAnKp5zYBYZKhVzk5OOg65464k0rxdPfRNa6NoV5q12wCR3Lq0NmD2PmMOVU4JAIGM5PQiTSfhfo8Usc2qzS6tdx4aaS6YmAOMgGNNwzz17HHC4xn1extoLFI4LYQxRjChYkVI0QZAztC+nA4IOOuST7VPBzajzWSVnZWbesU+y3dtNm9+3hTx2Hw8JST9pK70baV3Zr1tfTls2kmcBF4B8ReIWWfxRr02n2UkYA0rS3MQRCcMjz5O7OMZABPLDpmvSPD/gbwh4YMcmlaJb/asKGvrpEnuGdf+WjyzBiSTknGMnA7kDaQwEru4VRiQsThic9MnjGPX5hnp8xL5L1YgOM7dxEa4O7PGf8AZAxgnggtk/Mc12RwdCLTavJpNNtT3snp2tfXVXXa55tTOK9RtRSUb6Je7fVN79bK+3bXodN/ajEGMbMRLtwG2hiMEYUYAGARjnj6jDo9QldGkJUrwNgPIUYHIGVAPQ4yevvnh5L0SupLlVDjzF4DEt6tnAHtk9D61HLqJQhY2AR8gkMQMcAEliSBxj8RzjBrqjShG6je9lraySdraadNV8/nx1MzlJq7k7qyvrZ6Jr5N8tvJ+aOpl1ZVaRQcBiAo3rxkHgANgjj6k9BgmobjWIUgVWlO3a2RkjcR/dOOSBnIwSeRyMivM9Wu2mkBgnVZUbLKTnZzwAQdowMAE55HIzmsGbWjgJI5kMSkFgwCK2WJO44CkZ5JOT6fLituSmo3lLS1kn7vvaO7d1s7N6a2S2slxxxNerJpJ62W13dtKy6PS3V9NHqem3GtIq4WRcsSqAnICgZA9yMZ298HpkVzlzq7BmQu7ln3AEn5QTgFeenH3egOSOuK+fPGfx08B+C7Yyaz4jtBcwAkWVuy3F0z84Xy42JDMcjPA+or4p+Iv7a+q3LS2vgywTT7dwy/2le4MxZQQJIYhyuRhlBBweozzXkYrNsDhIz5q0Zz25YO7duXfWys1a3U9zAZFmWMqKXs/ZU203OeitaOvrrfRNNrW1j9J/EPjPw/oFobrXdVtbCGANJK91MiDA/uJuzk5IAx1xjHU/FnxN/bQ8LeHzLYeDoG164Jwt02Y7SIqSAwJHIXhjz0HGSK/NTxN8SvFXi+4uJ9d1nUtVmuXO0SzSrCgJ+UrErBcEDAUggAZ6VL4b+GfjPxjNDHp2k3MlpIVzcPG0NuiMQPmLHJxkktxwfz+TxfEGMxLlSwlLkhK65krz1cdbpK3Z3ve+nVH22B4ewODSq4marVI2bu7QWkU2+rstLtrbyPQfGn7Q3xI8Yy3DXWuz6fY3DskdnZytDEUzjLFWDHaBtzwNwyOQTXm+maT4h8SXQs9OtLvUby5yyzCOaXdI/DMJCSQAT9/PBzxwpr7B8D/soW1uYb7xPcG6kBDrZxnbCoAJO59xHAHQct0BA5P2F4P+Gmk6LEi6TZWkAhG9HhgQMi84BkI3ZOT8w4zyFHIrzY5fisTLmxVR2aT1d3Z2dkno9unbe97epPNcNh1GGHpxajZJQilH7Ka0SvZX1aeum90fBnw6/ZW1nxOLW+8V3r6VEsoWW2V987bW5WQjIjZsgDIHJA4yCPunwJ8CvAfgzyf7N0a1e7jAD315Gssztn5iC+QNvUnsM8jJA7CS3t/Dt5PcyTJDbXUBnk82VNsVwgyWwTz2xgDLZOCOvmniT49eHfDwl8i4/tG4RGV13ARIwzk7uuM479CM8ZI7qdPAYGnGUnHmi788rOTate17WfXTdad7cFSpj8fU5aXM4SXMkk4qzt00u0293rtZ2uvoePTdPgIxFGETazFSFTYOyAYUAnIPdTnjPJ5HxN8QfCHhlSbvUI1ZWBW2gYOxKkLtYKScHpgDPRuhFfAfjL9pHxFrytBp121lEu7aLYkGRMNtjVhwccZIJXoCBXiM2v+INaVpLq4lBZmZ2kdmdwc8liedy54GD+ClRjXzyMOX6unO27en8q6WvbS622OjD5C5K+JnvvFK+js37352Vulj7Z8d/tKOI5bbQlgtrcsxzH80pCgjIYDK7hnIYEAnkdz8n+I/iD4h8TyFZ7i5aEuWIeVs7CDg4UgYKj6eg9OJhhAwZpDI7cFSdvOcjqScDByOCQDwMjLbm/sdOi8+S4itWUhcltxbHAAAOf90Y65NeXXzCtXcXUqOzV7J22tsrra+9uvXp7FLB4XDUuWnRT2u/i25evfyfTfaw+ZLgylZmPlhdyRqcsXKgncSSSeoOR3HU8nMnaCNTcSOIUwVx8ockBsDoCQDt4GMdCfTC1TxpZ2sMr+bb2tts3PeXUiqSMZzGh+YscZXbgAZDHnnwvxF8YdMtt8WlJJq1whZTcSYFupGcEAcYAzkjOeoZic152Ix9OEU+Ztp2tdN6Ja2va26tb3b7tlqlJv3Y8keyT3uorRaLbyV7bs9mudbt4CzKhVFUs1wzbEPc8sBtI7sThuoryfxJ8VNE0xzHJdtdzO25rW3cMikHhWYZA7g49eDk188eKfH3iPxBiOS/a2td2fKtSUDcYIJyC4xnC7tp6ndXEJaNMwfeWLNgFyd3qTz34Ax9c9efMqZlUduSySSd/Oy03tZeV1dGiocySk29U077/AA38+WzV7Jxb12PYvEfxh13UozBpcS6dbthVK8zbN3BLdvwBOc9RwPJb/UL+9mL3c895I5G55ZHZc/ewnO33/LIOMHUi0xpmEUQbaxAYtwA3TAJ6nI55wMYxyK1YtKs4ECTMXkZgFjX58tyAuAuQQcE9OcDjBFcfPWry05pNu9r6atdNdLXdn2vayZvaFJK7UbdXyvt2u29LtXW7bTvryFraT3MpByIyfTao6jAIyDxwAATt+tdBbaOQiidVjiLbuR83ByvUcYJzkDBHTkHHungL4HePPHMkUOieHrmG1kVWN7cxtHCqkjLBn+8GzkEfKxGMjt9y+AP2GrdZrO78Xai11sVXkto1KW4Hy/umY8A5BLBevXGRivWwmSYrEJS5JRSt7000m/dV72W2nn1eiuuGvmVCl7qknJtRtF69F8Kt1u7Oyae/b859J8J614luIrDQ9Nub1mCBBb27s744++oYKM9CccE5xwa+svhz+xh4o1/y9R8UTtpUKsh+y8tM8WB2AGGHOcgEHGc5yf068KfCXwd4NiVdG0mys1jG1nWKNpQqcGQyMuccZwAF6rggEnbv/Euj6OLj7OVnmQ4Kod7ds4JyqAYyc8DkZztNfQ0svyvLUq2NqRqSWqg0mk7LRq7bv+O+1zyp4jMcc1TwlNwg58vtNHomls7d9999baHkHw+/Z48A+C7KFIdJtzKGBe9u0jkmlK8naHyAcjjuc8ZOcexyyeGdGBSCOJfKQxiKJVd1cf3RggbgOvGB27V4R4x+NWj+H4JrvV9YtLG2CSNHbQyo11uC4ACAEgnoBnrgYzk18U+P/wBqrULmJo/B9q6RXHmQNqd0Czu7ZXcgIJGD0bAAGM5FeVmXFeFw8XRwVOEaerTUVFdPLro7atrVdj08Hw9dqtjarqTS96Llez03eySb1Wi3vrY++/GHxas9DhlM9/YaRb2+A1zdSxb2AySixZ3bgMcHrn14r4k+JP7WWj2Ur2vh9LnxHOzsDczuyWSykYwvYruXK4XjBIB6D44x4z8fX0h1TUb6+a4uJH86eWUWsbFicBN2wkdhgBsD2r0bQfg1FNJBY6g81xco/mJBaqZWkP8AAgjTOWJyM8lR8tfBY7PqmId69duK+wm1G3u2uk3dO++luzPoMJgJxSjhqHKpaJte90WnXV2vvtfTr5v4l+KXxF+JF7c2t3ey29nIziGysg0SCID5VaVCMoMgdeRnj5s1h6T8LNdvHjNzG0Mty+UmmLOzITzgs2WyDgYA5OQeRX6BeCv2f50hj1HWLWx8LaQiFTeamVjumRcHfHbttdiQTjDEscKetdtqd38M/BComj6c/ifVIFAGoalgWUYAIDRRLwAzA7cgZwcelfOVc3vJRormvZPlvpe3W9l5O+voz1aeU1VHmrzjGNurtdO3R295a21uz5K8F/s3a/eXdlc2Gjy3KDDTalef6Pp0WBl2kkkADcFjg7gQTkEYr3uy+F3wt8KsbnxjqFtrl7DNiTQtJKiAOo4DOjMGGc8qcctzzkYfi34q+Jb+0lhGoPb6eEYLaWRFpBhjgIFj2hggPPJxgDg8VladoB1Pw9ZeIlkbaGZp4i5Z3H3TIzkknaTjkAYOADjjlxGMxEYKdWpyxbsuV73Ud3Z362turbO6OihQw6cqdKnztLWUknfl5db2a3vfV3/A9L1T41x6Fp7aH4J0LT/D2myfJGwhiFyYEyAXcBW6KMZI5BLYr8/vHvjHXdb8S6nLqF7c3aG62iOWaQxpGCMeWhPC7sfTjkAZHtGrsLieUQyGRoZGTJPysAxOFJBPcnHAAOMgGvBr6xe71i7jMLSzSXKKqgbmOZAAVxkkHqBuxwcc8n7ThWtOVOo4av3eVtc100na+92lZ9LpnzecqCkop8qlp2jtbfTRdFq/xR3FjPe29tbXkG5oVhBVC2QTjDBgBwAcAE9gM44I67T9ZivY/wDSEWKYAEbmAJHcjIPfIPHH3lHQ16vpXwb1zTdE0XU5kt1sNRs1kZ3JxDvAKLs55PI+VeScZ5y3ZWf7PN/4s8ltGt545SNs9xcRmCzB6+YGIAOV/Et8+eTX02IrSrc6s3JO1lolbl1tr5dbbrax0ZfhLU1OStBxVua0Vqo7Xdttnrdrex4S9xIVEqsRGuAWcglhgcAZBK5AbnrjGO519D8L674pmK6RpV5qMmcI8UTFUZs85xjv346jPGK+x/Dn7NnhDwqtveeMdZOqPDjzNNtcmIt2jYclhu/8d74yR71ob2Fisem+CNCt9NtoQFytuplbgBS74JUDqQWJxnPJrbB5fiKsotpxjK0uivayV7u1uX56WuTjMThoKUYtTqrR2s7O0U7N3SVrLRJ6XvsfHWmfA7V7fTY38USppkZj3NbxkGYgAna8fDbjznjIJyM4Ofafgr4N07TtZSPRrH7VqDKwjkuU3EhTxIoYbQByF5GTgkdM+823w9utTvZZ/EU0k1xICI4YcsgZudpxlcDPJ7DHUcjYGkQeB7/QrqBYIjPdrayuu2MohO3a8mNxK5J+YfeJ6da+nWXYSnh51acYTrwpuUVKzblG2ttNdJNp6PtbRfNyxdepiaVOp7SGHc4xcldR5W18Tdpauya3Sbex6FP4ImdI73VrzI8tWa2hJjQeqHHByQV6YHTmvEfFF3HYau9laQKsSAsuV/eFgcKilskYHJI656ivefFPjXRtNaNPtiyzpFkwhw4OVx0UjPG75jnAHPrXx98TPiZ4V8PG41vVNTtoblvmRPMUkAqGAVQT8wHGMAbgeK+Zw2eYuFSr7SfuRfI4JJJWUVsrJ3Wju29G9HqfWYnKcEqMPZWc9J3bf913bd0notfvNrVb+NLRmmkBYxsGDsAeeNpXuWA44H5CvnfWfHsHhua7muLm1trYyM0SSsquFHUBC24A85x1HTJGB8w/EX9qyaa6uYfDtuWjjDeXPJlVyeBIwJ4znIBwfQAdPmKeb4j/ABU1ZRbxajfidgW8nzI7SJXJ3F5B8gAztPcZxnA5uWe4qrzQpJ+9ZWSbbVlytPbZWVrL9fIeDwtFxbUZS77RTfLZ3e6Wm2t1931L4+/aU0axZ10t2vrsK+ChIiEhzkAglcDtxu6AZxz8sa3408e/Ei6MVnDfSrcOVW0sjLjBPBdgNo44PU9cZ4Ne0aB+z3oeiRwat8Qtegj8va82iWcglnZQeUcqScknaSwxnpk9faPDYe/u4fDfwc8B3U1zPtiimhsJLu7c52CQ4RmBOdxbOD165zjTw2JxT58RUlC1motycuVtPu3q07rVJ9tTCpVVO8aUY3lFO0EknZxS1t7217K+179T5m8Kfs+aisaaz4w1KPSbdiHltpHLXTIOWU5YEEg85wOOh7/SPhLw94d0V4IfAnh6CS7bbFJq2oqrI7kkF4hIOcEgjAJOcDdzj76+Dv8AwTX+NvxKWLWfiFjwzZ3pBC6lIz3EathgwtFKtE5HQHOD16Cv0r+F/wDwTE+HXgO+0/VtZ1O78TX9gYpoLe4BTTo5I2DZeLo4Jxw3tu7Gt+bCYJr4HNJNptObfNHRv7N7xWt9+lrKqWFxWLaXNyRkt4rVXt0abvZWfpbW7Py1+E/7DPxl+Nc8V1JZ3SaRdtG7arcRSQaXFEeoijbYJwowAF2DAxxiv2E+Bf8AwTf+D/wygs7rxbDH4w1q3COIpogLGCZQGOyHvhgeWZiedw7D7EiPjDwppa6T4atNHh06zRYbeytY0RQqAAIQuBggDIx1JJ9uYX4k+MLK4Ya54bLIpw9xaOSoycHYu3kjjt9fSuSrmFeteND2dKMnbdc7u00ube/pv2utfVoZNTo2lUTqtJfEvdVrX91drXt+uh7Hpuh6R4fsI9P0LTLHSbOFBFBa2dvHEVRQFUMEUHGOATwPwyXJbMXWRiN6ncxfIK5IABOTkqOpye2D1I47Sfif4VuZI4LueSwuiRmO7XYASP73Hc4z1bOQc9Osv9c00WjXkN1EIGQtvilQseByOQR9Bz6YPTlp0sRVnBSi5u9+aTcmk+VK71trrdu7a7P3t6kqVCndciSu7LSyXL69Ovy0uWDfQW3+sAkKNgNkAgjBPcj5eOBzxg5GRVe78QwkOsjrGpUsCSPMft1AODzz6dcdq8X17xxpgJma4l8pDg/w4YZy2M85xkEgg+nGT434i+K9vAHTTpmYuSoMrEIuMDO49d3XGOM4OetfQYbAS57zSTfLqmk9knp9lNfm9bJo8aWYpxcYpys312e27d2u+t7eW30HrfjOys4S63QibcQwJwx28AcdSRndwACQMHt4V4q+J8jNJ5LsxD4JL/OpIKhyCegGfl5JJDcivAtb8cXWpSfNKyoHIVYtz78nljxgck8579sYMNho+sa1M0kQMMEgBNxKTuKkMCdpxywG3nJPQDjNe5h8ugm4qmpuK383ytt30t2t1001ZwVcVN6up7OLS2lbWyumrvrfTS99dDrtT8bajqGY5ryVSDkncwDFhjaFG0hlHTueBx1qDTtL1vXXRIbdlibpcShjlsgEqCQSSM4J3BRjAODnrtB8B2NoI57svdTgE+bMMoxUAhAjfMSOTnO3PGT1r0aza1ssRkqAvGEUKuTjGfl+baMcsDzjPofTp4KUeV2UVa3Kl0TW+7Svu9O6208irmEFJxheU7fE3pur3T6a2bVvwOY0fwHZW0UbalvupAdpLHMYI6he2QdvIz249e0WwsrKNUtooUIxlUQE7QQMYGCP9rtzk8k1I96hi2Js25Yp8wIHJOVX5iTnk4AzjqfmrMF2qEusjMzBsrwWxnnAHQN16dcnkgAd0aPLGMklst9/LRp22Tvrrb1OCrWnUtzuTTt9q6VuXZWt2V+97J9dFZkKEKkacEMG2qMKQDt6AhunU9/So5ZoAC0ZVCUJKBlHODzjpt5J+XIOc9OvE63rEcARo2DThkJRHUFec9Acdj07ngE8rlT623kPK7BJNuGR3XaiZwzEkggcHO4nqAccUWSfPKaVnqttLLRt666Oz23t3apupGPK+ia+03pF8ztrpzNWs01bsdNeajbqu2J8uDu2g5GAMHHOTk9T29OK5W+8QEEsJHjCIylc5GB1ZjnqACMH1xnoo+cfil+0l8OvhjDO2ra/ZvexqQunWria7ZyGyqxoSwywwTx1bntX5+eMP2n/AIvfFyebR/hnodzoGi3BKDVp1ZZ3hc4Mi5UbCRnA/EnJrmq5jTp/u6K9pUVvdirt7WT6W13ve1rd3tTy6/vzfLFWet9XeL1d7tXe1m7/AI/oT8Uf2jfh/wDDq3muNc1u0F1EjbLBZY5bp3IyB5aZIYsOMKT05AGD+ePjL9rb4o/E65l0n4WaFNpmnzhojq1wrbwhyDMmQm3jkfKdpI6EFqx/Cv7NNxq16mvfEDWLrXdTlcyPHczPJD5hO4ggsV2jg4A4J4XFfVugeAPD+iQpHp1jBarH5cQWKJUyFGGJyM5J5weDnoOlcdsZjNaknRhppbXonunZp67vR6X0OrmoYdPlUW9nfo9NUt/W73+4+OfDX7PuseJbz+3fiHrWoeINUnfzniuZJJLZASSyqjMVwCSvT8Rjn6t8KfDbStCWKG1060tY0UEIsKh2GcclcHnHGTkcjGCwPrVlpkEEIWKHaynnHUDjoDn5STk9+cdDkX5HVT+7QfKFUtxhW6kbjkE9BjgcnGeK3o4JUvhSvdXlJXbd09b6pPrby6XOapinPbRq2nRNpW809V0SV766mVDYmCPbCiRIFRPlAIDZAwG4wRyefX2roY4oxbtvCyFdp3lSTvAB2gAjpnPGMZyRkGqUtyiwgRqBu5KsQQMcncMepzk54/VnnFV8tZGI2hiSeM5yT2APOFC9McY5rfkk3yu1rWTW/wBnstNEne1tm3bUIyXPGUrt9l1do2as+nlp57nkHiaVvh94703xpaKbfRvEEsWkeIbdBtiWaRgtteyADaDlsMzKN3XtivoO7u/tFqskcpZXiR4nXlmjYAggZwFwc49M9Rkjy7xjptv4i0W+0mUk/abWQJJIpby7lE3RSockqyuAVxjJOO5zl/C7xDPqnhaO2vsnVtBmk0q+WQ4c+QdkcpGCSGiCkDocnJJxXBScsNinTelOok1bpLRySa6u/NbV36M9SdJYnDc7XvU0k+rs7W7JtX79F6rqtQuiT5ccnJABzkhhkNuwCCcZIbHTJbqOMhNYCeYj7m2ZJJPAxwg3Y6Ejjp9c8jO12/MbmRdqKu5WCkFlJLEdenbHHHr0rzy61+CNJpAx3byGGUYMAeTtGABwTzx1wMZr0lUv1vHa+yb0Ukrq+l9H27anlwovmcbWtfXl6pLT12te1k97nevrUahnZxnGdqkjhmyFGNoPHIzgdQx71g6n4piRSFdWyvJODgjoBjpg8sRzzzjmvCfEnxR0LQo5lnvopbksWW2hcSTNx8qgA5Bz3+YnABxwK8G1Xxx4y8cXRtdBgnsrRhyIl/0hlOfvNyEOMk55UYIJAJPBWrQjK15Sk0k0r6fC1d3tq1otOm7OuFN687Wtr2SWlo2joujTs1e6fZWPpHxN8V9F0aOdWvFmuzkLaQt5kjv0Awp43YxnByODjOD89an448Y+NLiSDToprG0bKtb2xPnuhLBjK5GI8jBIYkjnkjgafhv4WXNxdRrcC51PUpGDSWdtvubh3bBb7TMcpEozjkjnORnge23Hhzwb8O9NbUfiB4j07w1YwRmd9F0y4jk1KcKuTFczoT8zZGVXDKTgHHI4K1Vy96rL2cYpXvpZJRtZdFrr16Xex1QioqKpw5pdtLp+6/dtdrV7uzvqtTxPw78NzLcoLyK41LVJmBNhZxtczuxOQbqbGEHQschRyTjHHtGo6F4T+HekjVviLr1h4Zs1iDroOmTxS6vdALlYpZQWKsw+8MDBbqpFfH/xT/bw0fw7bXehfB7RYNOg+eL+1GAe+uMMU84zOC6Agg/eGScKQOv5weN/ip45+IF9LfeINYvbozFpHR5pHQB+gKliAVyOnAC4GBkjw8TnOHw94UOWU1o7vTSzavfy06p666HZSwVSTTnzRVleG8tlpr8Oj7307I/QP4uft0WOl2114b+E+kxaNZ5khfUEIk1C62/uxK92wLLngsAep4IJGfzc8YfEHxb42vJrzWtVvJ2klZjCJnIYscgsxYkscjLHAAIwOWrCi0+S42uHZix+bcCSzEg53fMQpOOeSc9ARXSWOgKsiyuoI2gyI3y78A5J4B9wAoyOhANfK43NK+Ibc61opaRT0to0rLXyb6aaXenqUMFrenTSTteVve6auW/bXa19U9TibfTriZi6pkrnOQcEsCMMevAHQEknHOTg9bYaJGFilcDdxnCkshPGBk5PUgcEA+xzXXWmlIodkiABJI9cE4IxyGzkheO/fgV09los80sSpC24hQFXnGRknGCMnAyuMHnGOceJPEOWitrblvZ9Vpr8km7aXttr7GHy6Ks5tu1telvd0tstrK3SxQ0nTl5RIF3EbVLnAYnLEkY5OOCcZ6AnNeiabp9+U2QISVwuxVIWQjhAo/EYIKgY7cBrel+FZ3eF5QYmLfN8pCrjJ5xhd2ePfk8gV65pGm2dpGNwXeAMMxAViBywHOOcHIweoUDFcU6NXETulKS008/d9NGrWv8Addae7RhCjG0Y8lrWlblbejs9bq1ttU9bnLaX4VvJhFLcyNG4wVSQYYjuASSD3yp6E7R1JruLTT7PTiXby1kRRtcgAALgZ3EEMe5HJLHtgZdd67HCqJEA7g4VwAFUAckHqzHHOD0+VSAK5681G5vAPOYjK4XCY29OSBjc56cZx0+7wPQw2WezjGU1ayWi1dnbdvXXS/y06OKmLcPdg5Oy1vs2uW7d7Lz3tbpujobnxDFBlbdT5hURqWC7ZHzuYkDGQCRn5ewGT0rkNR1S6uSTLMxbayosYIVTngnrkqc9PmOOTjBqnPC8m3BfzF+XgMSzEAgjn5T8wJ6Ad+DirVtp7y+WJCY40IJZgMHsSOckYJBIxn5SAOtehJwoQXLFRWl3o7uyt2d2lpZ7vW5zU1WrvW9111Seyvp0+fmtzPhM8oKoPLIxvd/lcnurZxk/hgA8HjctmGyYyMxjO0ptPmcKWxgbT3I47HJOOM8dCkVrbMwKByTtjKjqDj5lBzvORgnr8uME9WTfvS7zlYkCggqfnBxgHCnBPHA28buM4zXl1K1Rzbi99Ordk7PR6aW3d+iV9zto4WEIp1Grp6auytbXd7PR6Wd+yKP+j2ihDjzG4cAEs59CTgj0AODgNjtUMszthtwgQHcyKxDtnjaQckZ5AJx1Oc8UrMW+W2jUlBzLIdzNkbQQMnk9iRgnIptvZS73M6FzJgh342kc856Hnt1yOOorJK7vUdmkrKyumktbq63vt3beuiJVr+7TWitZxVtdPlZfyq1779qU9zI5Xyo9qhxx1d27FjxgYxxkZPOeeCS3llEbS4kIDFnyABgEgADAGDySejA5PSt2HT1LhwmQ5CqWH8QBGc5xxuJJ4/WtOTTFtbK4nkbAVSQVYc5BO0Dqe4PViM9RkjCdaKlZa6q+iW1unTXfsFOjUmm3d2Sb7aJPtpdK97JX22ZgWVmDkk7UCkbmzg5PO0jpnkZIwMj3I3UtY2iVIoQGC7t5IIBHIXPViT1wTjjPoYtOj82GNg2FYqpTq4QkjkdMk7dp2gdSB3HXRW3kIiqmMdI1ILOOxYEcDAGeCeSelcVafvWV30fbord7d7Hp4TCpLmnbVLaPM/ekrLyv5fmYMGn3EpXzXWJByo2mMuQeV6k7iPu5J3Kd26taPTraJzI6b3KsVDNlsgcFgew4wOMdM5yTowWrXD7olLuScc5WMAHO3HygqeuM42j5e9dno/hLUL9vOhheTO1S7JhFB2glnIK7B2wvUcHjjhqYmME72Wytf0Wz0er+9q6PZo4OMnalT5tk3a0XfZq1rtbW7vfRo42zsZZnAdSh/gJ4HQ/MVIyfUcA8AEZxXfaJ4J1DUf3ph2wgKftEuVVgDyBn7+MAAA9gQTkgelaR4I07TJI571v7RuCFIgTb9niIOSWY5yo5+X7xwRyBXbNLEpW3kK+XEAY44wEjU5HHGPb7zcnrwxz5FXGyk5Kmmo6WendX797vTv1senSy+FOUZVdXZaXul8Lu7Jpv0+e55/Y+FLOyjeV4HubhmCRvKPkQg8sAeSBghfY85HXP1QJayu8i+Y5UKmBhcHrsXgBEHB45Occ8Ht9S1qGOR/LIxGpATcPLVgCGJ4wTgZOec56ZIryrxBrcEdu87Y8zcxBUgEjGQqoQQQwAyehPGOw5qTnVaTb3Sd1ba121r52UVZLoXiHRpJqLSavZ+Uba9V83213aMy41GCFmJf5yvB6KehEeTxxnHbvjgccrqN/E9tLE7ohBJB48scHg5ADHuMYPbjFcbqPiD7UXVQ0ZBZi8jHCfN8q8ADkZOBkjvniuy+Hnws+InxXu00zwb4d1DWJGZvOv2jkh0y0VsgtPcsPLUAcnJ4UnONwr0IZVUqzjJX7vXRK8ba2a3Ta++9np8xiMxcrwp2lrK76e7y3vd2+d9+urPH9W1m38p4yXZULBmYbVkfkAZwN3PAOccYHNXfBvws8efEWcpoejSQ2GzMut3y/Y9NtIwVZ2e4mCoSow3HsR2r681r4VfA/9nmzW/wDjH4ps/HHjdP3tv4G0C4jntra5AyseoTIxXCtwwAByOTgHPxz8Yf2qvF3jJW0DQRD4P8KQnZZ6BoSi2Bt9wVPPliVXkYr94ucNyTwc19PgcrjRjCdRXTSdlZu146Prd6X0Stf1PmcbimrupUs1ZcqtvFqyfVp9dlur3Pomzn+BP7PunR3OsSxfFP4jxKWtrZCr6Bpt0q/dYKWWcwMD/EoPcEfMfl74p/tFfET4sXKR6lqclhoyyiOy0DTGNrYW9urEIrRQlUIQDbk8sV9SRXiEdxPdwyXV1LJsCsAJCxLFsZbJyxJOOQec9cjFbPhHwR4k8UXcdromn3V0XkO+dYn2pvJwA54A55K5xnHHUe5Sp6tQi7SaTjGy00XWz0Xze19bPxMRjKlS0V7kbW83aye/n0VtXtsyPW9Un/soaNYkTNNIGuRGGLOW6Kx3EFi2ccHknIwRXQfDn4C+LPG1zCDZzwwHbgJGxcRMV5fI2qioQwHGf9rmvrvwN+zbpXh+yTWfHN5CZYwJFsiy793DMzAHLFegA6EV9F6F4o0/SbP7D4U0+DTLAI0cupzIqyShRgsuV3E8bgABtz0BYV6NCgnJOMHK+tmrpNqLv8neySSt1szyq9ejCLdWajZK/vWk7eu2ltL6226Hn3gb9nfwH8OrW2u/ETQSz8MYcB7idyF+UgfMFySCgO4geuDXfa14oW1tJbPQbe38PaQuY/PAVbiQdCygYJLAYBOScjOD04DWvEim4uPIaa6m8xl+3XDFljJxu8tM8DGSoXgrtIB78XdXM99ayPeTSSZkBWMM204HGe2CcFR90DIAHU/R5dk7nUU6qST1tKz6L4U9NHt9/mfDZzxXHD0Zxwurintu2lG3m7WveV/OyZevfE0KSS/YIzNLv8tr64O92zjc6lucsSSuMc5wD1qrM1zMFkeRpnYK4lcsww55VcnocY+Vs/KMkGsNLDYq7pGJkcMqgYADHgFcYOB0yegyDjArukto4bZcYb92oZzj5cnJAYnGc4H4YIHSvroZfGlH2cI2eiu2tbu17tK2ydnv6aH5fX4ixOJlKrWnyxTWjldy+XdWadurfUxf7NY/ZwF2E/M5JJRcsOOcnJJxntjqCSB1HhG0UDU5N+FTh2fGSAcAgEDnIOMd+/NY8l55zGC0BlYJywOQjdzngNg/r6459m+CnwM+Ifxa1m28N+DNA1XxHrOpzqi2OmW88ygSNtBuHRSiKCSXZ2wAMHJDV9Vk2RYrF8sKUPd+KdRq0IxtFtyk7RSst20tb+R8PxDxtl2UwlWxVXpyxpxfNKpNqKjCEI6yk3ZWSbd+rPI5zNdzNb6dC80wmdPM2nADErnJBAABYDKg/N7c/bP7L3/BPH49ftO6/YReGvDF9b6C00P2vxJqMEsGlWsJceZKJZlVZdi9FU/Nt+8DjP7nfsof8Ee/h18INBtfit+154g0qzjs0TVD4Re8his7cIPOEepzuyGZ+MNCg3Z3AnkV0v7Tf/BWf4V/BbQrv4Zfsq6BpMI023fT4NXtraK10qz8pfKDW0aIjXDqFBEjsxdgDktk1+hYGlhsPTlTwVFZliIKKrYqo3SyvCSXKn7Wq7fWJpXfJSdm9LvY/D82zvMs2rp4mdXKcNWkpUMDSgq2d42EmmvZYbX6pCadvbYizS15Va57N8Iv2O/2LP8Agm/4Uh8f/GzXNC8T/EO2tVuo5NU+zXEsd3FHuEGkaaxY7y+1VkYHON3UAD80P20P+CxXj/4ovqXgv4R4+H/gKMS2cM1jiLVNQthmJSHjC+RFKh4RAmDgZbB3fjZ8cP2lviT8bPEt7rnjjxRqmv6hdzu/mXdzLJbW4c/NHbwbvLSNc7QFTIUAfeFfPxvZp2czTeYy7trtJ8kXDNhmIHJ52g8juRXBis5y7Lav1itUjm2YQX7uvXjFYXC25fdwmF+CCj9mUk5OzaV2e5lHBedZ1RVH2U8jyuo71cLQlKeOxsW43lj8a/fqSndt0ocsEnbVWt03j3xvrfie9utQ1TULq6uLhpJJJ7maSWe4eRi253dizEnuW75J64+dtR8SR2N8uxhMxLPKrchcZBBZum3jk/dxwwJpPGfjqO1la1t5Q88SkSysQVQElTtz8oLAYXgnOOuMD5m8a/ES10iFnSUTXsoJSIHLkyE/PJgsQoHQY5yMHnj8s4k4qq4yrOdWvKbknpzWs9Plbolt00aTP6K4G4Dw2VYfD0cLhVDkcdFBLmemr7p2d73s9lsdR8U/icsVhc2MTlZ58rBAjZcFsKzSFSNoB4KnjGMAg7R84aDol3qd8tzes06zS+YwJLck8B8nHJIyQf0yTzLXd1rd9Nd3cjzTzPlFZjtTJBUKM9BhVCjuVPA6e3eC7QLLbxOSoYIWGckMoJORzkE5HTknpng/nU69XG1E+ayUrqN3qrq9lorJWelut7n7bRwlLL6Eny2qcqU3bX0WmydtLLbZrU9v8LWKWMMMbLhjEgATjbt5AwOhPHTIOcdRivYdOt2kikcOQTGGYnlVUAnBz3wePrgYwBXnWmxqpiaNOETkMAflOAAR1wD24wccdK9d0hY00+ef5VLQrncxJZz2C+mfuk9eeA2QPtcsbhRUG0rK7VmtPdbs0rLbv5Nn5rm1quKqTe172flZfd57atrXbi9akaC3lbewdVYlSdpaNC3DHjAPrwTgZ46+PXwlmR5Y1BNxlhhiViCkAAnOBng5Izx7mvUfFN55drcBiGlkDhgFHAznBz83CkAnJ56EdT5nEjPaXEgZkGxAvX58k7ggwAAoHQcKOR0JrHMMfVpyjGD6669+Wyd9b9mrWW97FZTgqFVVZNLlUb3Saa0T89XdPTrdXdtes+GQnj16MMiSuRm4AYkAgZU4zywAAyBnHHGDX0nKLrEgjjXbdHZtQAuqZySCOmSADgDHX7owfAvhVo4fXzcCU+QYwzoc7mLA4UcZOT1PqOO5r6YylghZlBw7gSO4VYlIJJJPAxznHQgnFfSZVipzwHNOVpc0nzNLtFa3fvXW9vnqfAcSUYwzWMKaWkItJNLV8qu1bVO607+bOXuBHZWcYmWOEyTRxyHcGdjufcgGMkjOCuMgliw4Jrza61KK98UXzs2yOHZHI5ORDbhMMuc5BYdV6jGSRuFZfinxWbjXFht2xZ2k0ghVN0jz3HQ7EUkuc9D0HTHp3nw8+A3jLx2Jr/Umm8MaRfMZpb26TbeXUZLHZFASroHUkqW9uCea1p1p1pqMW5uK0WielnZ3tZ7q90vnZk1oypYOjze4nyp8y+y5R2S1elrLumczqHjKXVJbXRtChknWAiKOO2jaSe5myAiRogbYCc5Y4A6e1e5fCz4Eah8QNRef4hX89hZ2qQSSaNC5E7RMRtjl5AjGANwxkZX/AGt3s3hf4T+E/h/pedEsUfUoo2Mur3yJNdXEigbmQsPlGQSNuDnsuDjV+GV1INT8X3E9zN57xBQrZzknsG+UrjgAZI4P0VSlL2F6qSndPlTS091JJ3TbT66aro7oww1SmsSvZtzU4K7m0pXST91LRRVrdXrq+p+V/wC35Y6PoXxN0/SPD1tBaadpmhW9pBBBGFIZCVLkDBZioyzEnJJYHjn8+5CyMTuJMqjIHG0YXOSMk44yM9QeBX2X+21rq6v8YL4ROpjs7KK1fkM+8MGZOMjIyTwM7j1APHxc8wLME3MMYLdcAkcg44wOGIxz71+IZxZZni1B3iqrt5Prr9y8rH9OcPRSybL21aToQl8mouNmtdF3tt6Ii2vvZQSVIALZ+6Tzkk/jyBzwAc9bMCKZDHvLbgFRQRtJI5IJ4GCN3OWzjnOc1WIV2VW3Kyg5XBHQ9Tnhup6jr1P8U1tOI23EEqgwuABznoT/AHQAT79uRtrzLytayu9n02VlLyTXRv0Ttf2bK9399tr7v7rGxBBLASHUONjAkKQCq9g2TuPYkDOM+5NFiT+9fIy5wq4OBxjKggDJIAOMcEntnTW4kkhikkHy5ISMPuYqxxubHJ9PcHA5qtM1oCru6gEcRxnnIHGQc5we2cD261hTcpSkpJt7O1k00k1tZrTdrRO17al8qV7+Ss3vdRdlpp+Ka7PV0zMEOCoDkEl25K5OQAvQHOD6HpjHWN5iFCgNuYgu+cEg8AY68ctgnIJ4wMmoXlG9mCA8qyhueSOSSRyRxxwBnsBkNd2mYEKCOG4AySM9h06Y9cDHeuhJWvpdaK2+qV9Nl1f4dSdEmr3XTe+lkv8APW732uTxyqjbizAISVX1Ycc9OBj6Y6Z6F6XjANktvP3mzjk9m4zgZH3eBjoeRUEcDOSZB8mNxIyBxn5c8A54J4AwcnAPIyrG7bgojOfmyDk5yApBKknGc+nYHpWj3s7d1e9uWy6626PRLTS47+X5taW01b028+mw5wHR97sApG18HBJ5JyTnj25PcccQGTyl2RnAJOWyclc98AY6Zxz7HApZJizYGRGuSqt0+U8HA/z07Cq4YDOQP7319Bxgjj19cn0M7bElxZ8/ISVUZP3iB2G0cY5J7nOPrTVlBCowXYASCeP1wSR1+nBBPNV1k2hgQGJ4H+z0+7j8eRxwByCMm7cpXIySAcA8KvA4xjpgYB7ZPc09O9tH3v6dtfy3Hp/Wj6et+vZ9fIsNcM4EY3rGhDKAD1Jxuxg89uOSOM8ZomleUguSQigIvAwByCcZyB9Mj06Zq8EqR0GAR1wDn1yOPoeetW4IizgqMKOGzk5OAO+PTOO3rxwv+D+Nv8v+H6Tr/Xqv+D0+aJILVpcMRkZAAHLZbkcEDj6HjHoK0I9LuWlWBLeRpm2hUCnexbJxswSB7jHJxnFdz8PJtFg1iObWRi3TJVpFDorKQACCOQdxx3756gfXWl+A/h5qE51qHUP7MvLuJZrO5laOS1t0CfvBIoI5wMoBwAcHAFFm9otu6ad0k7Naauz16dba9LePmGcU8uqKFWjVlFrmjKMbpysm46XXXVvS78j4pk8K34ihki0+9l3jMhELhFYEkqGGMMvUgDgYJHUV6v8ADfT7XSdRt7qBpo9TE8cciDckiRk4Ko2QASAc7vfg8Z9DlvdV03W00ux33ul2tw8nmtChiu4WfDyKdhKbgD0JHGM4AB91sfCPw98XTW0mhMvhzURADKjMGjutQRRufJ5Cs5AO07fzzXbQwqk+ZO1rSSlptZXV3a++ycbXS20+Pz/iNrCuhWpL2GKTj7Sk+flUrW9pHWSst3ay1Wu5V0O4jvLy+MbSx3EYmkaElnkmh8vnG45CsOdzck9DwSYfCemWt3qMjzXRsrOMzS/amQbkmOcICcsSu31PJycHIrjJIdW8E+Nb211MzS3QQwn7MTJDKjrx5TAlCNpDHkAcA9MV2cdyNn2WQqFIilEcakCQl9/lyttA3AHDAEt3B5GLqQ51GTim17l3q0rqybXLZvZJNS+LW+/wlZLDqVKg4OlWowcZRaejsrPrG97fzJ7W3PTtEg8Nyar9v8Swx67YusllEH2ho2A+STorEvwSR1PQHOB5n4z8M+GJZr3UdLS5tDayPHbafJyVQkhnyV4j5ABIHqAvSumi1C1hha7s7VYAGji8gqZGMyAEMiBjgZByxznqvHWbT5tO1CO5bVrdnu78kQ3Z+SNtgJEWzBwTjBAGT19K8zF0q9S81FRd7RS958ttNbcz01V0lF6X1POw2NrYKcpwqVY042upTuk9F1XM7dVbfS63PBrLwzruhv8A23pd8pWJheKEdsqhJ3RgMQN4GDvz0HOSK6yT4ivrN7b3uuuC9uiW0DLKUKlQAXdPlyARkjA3HIYEE16SvhvVJtEudUjiDWNhdNbr9kj3QlpOPLmfaygKGHBxnGVyOnDeNfhc8WmWniW2u9NuipQ3GnwkRM2472UqCoLgk8Y+XBGMcjzcPKpCpyVk0uZW9fdt3T33d2uy0Z7+HzDDY58teMXUSSU9LwulaOj2d9+m7219a0q38E+MfA8On63cx2XiAXF2dFksRGHvlKEr9oyMks+0FWOQAWBzxXy54m8JarCxhm0m/toLWSSHz47dnhnZHJWRCgYEMMAkEJx2G6tmx1jS1/s23s5ks76CR1kDuQIWaTDSo/Z1K8Dk7V4+Uk19BQfFeXR9MltFtrXU4rWya2SK8gjmy8ww94JDuYZ3ErnJzg8HmvclQo1uVr3WorVXaasm09tbrpu+l7t4RxGOyupL2UHWpVZOXJJu0U1GV4ya0XZbatnyfY+Htdgge+u9OYWERQFph5bMGHyOcKG2kENjOOoIrW8N7p59QtjETPLKqQvyrQx7umTnEfQqzcEDJx8or6aTwtb+ItK0jWZtQiubG7UR39jDMsIjlkYGLZECCFjDfM+QPlJGOAed8QfDnVfBkttNaQWc2n6yWS3vBIJWSPcSokZSWjK8YBwQRnBHBylg5Vp8lOLcUo3d9emlkkm1a/V6+d05cTUWnSrVI08RN8sE27K62jLROVlu23o99E/N9Y0nSY/7Njug0jq7rcxxsrxKxJI8xsnav8XJyR0HGK3B4I1LxfBBb2tpaw2toha2RmWJ7m3II84SkBSFGGPI+71PQejx+HfAmr+BLvw8LSe1+ID3U0kOp3FwVsZFiXcS7seA6qfLBIPT1xWB8NNF1i4lubHVDJcRaTazSokd4IS0UbYZI8EPJGVBbCE5wFwMbqipleJoKnKMea7TtvvyqV1JR3aemy010OWOdOrQxElUanhZJtTg2teT3ttU7uzu7O7fW3hut+FPEfgu/jF9pbraSSNHZ3H3hMSPleCVePmyMYIznK8kV9AeB/CWpa34Ti1bWptMgsbbz4p4bgoNQNsisd6sxDB1wNg+VfUcCq2ueOLC50u50BJZrtLC9FxGdRgDvaW6sQY4HKlw654APJwVGcA+Van4phM1zBpWqXD2M6FbyOdmVjtBBjEaMAoZuOQPlJU/LmvSp/uoqM4qLlvCDvvZOT6qzsmlpbVWtrE6+LzjD0LUY4evCrTSxCUZc0Lq84/atbdXas97le0WBNW1Cw0rWZUtmlmNyZG+SSEsVEe0gc4Jzj+Eg5645nUbDU/BN+13bXcYNxKGieB8KY5CWCsykgkD7wJBznGMk1xh1q90vXI5HXMUkisyxhQZLZWztwBjBBwpJI5Jzk5r2/VfEHhbxRokGlWOnCyuXMUpvZWLFGABZdxzggjO3oQSOnTxsTjYUJR542g2kvii07q8m22lbV3drPex9K8NWwE8NOMJV6Vamva7pqS5FzK6et1urdfV8Db6nOkj3t/c3DS3QkQqrBsMcAKACcq/TA+7t5xk13vg5NR12QR2l20d9BcIsKTr+7jgRs75DjAQLyVJ9jxwOJ/4Q/U7nVLe109Lq8ZJkxcRxM0Z3DCsxAKqqg/MckAfNxnNe36H4TuPBMd7qU2q20t7Na7ZLYSLGIpZFOY23HquM8YbcCc4xn4zifMsNVo+woThPFT92FOLcp++opT91uXKru+m7OyjyUqkuR3nN6QVpNKUY+87Wa95Juydulif4kapqHhjRHsIJdPvNSvYxJc31sqgxrsAAZkIKKnYZPPpzn5US8uL3UrSICSe+nmDb1J2yPnHzMcggHBwQT9cjPT+KtU1TxXfNpOmGSWSORxcmPOJix+YljkCNckcnGBwMYB6nQ/hs2jIt1PqG+7FsJtkR3mJ+T5Kc4aRvu54Awcjoa8TARw+T4G+JmpYmurtWvK7aveOmkVa+t3or7n0dKrRwtFe0lF1KkU3pG/Tm3tazvdtu/TUhub3VrBbfTJHMEVwQlz9kQgsx5ALL948kEckZ5yMke8eDRerBZ2Wqy/aLCe3kijtHmERtAVys74PzMFOSOoyOp5PhtpDrl/4jjiFjcLbrPEkhaIyfZg2M3JY52v/ABZJz04HWur8W6vpehXU9lpeptcX0cBM0s8rL9nJTnAGAOei9h1x1rx8xwix8qVDDKPtKj9rJ04pNJqNnK2zd733vseZiufEKFGnO0ptSuo2klo7t3tZ9NNey66WpwnQ9WjispnutPE8jTHzgY5EVx8nPdcc4XJIIBIG2vUNE1S1to/7RufIuFuIXGm2srIFiYIA4ZSuQpOVHoSCeea8N8J+KdAupbSDXIluJVV9oSYIsrjkSO54ByeSRgnjPFeiz3vhbV9aGmyXaRG6tkSxihlX7PbSsjYDSLgbmPUgjOTgA5NeVj8uxcFGjWw9aUaajz1Y35JcvLZ2uk3pHV+fmcOKw1WCjGXMuTkc3q+ZJJLe9m9FfWzeyN+ym0vxVbfYrjT47aeC5YRxRuAbkvIcCIc5cnhX6EDOSMU7xJ4fg0aWOK40e7idrbFlK4ZYOB84ZwFWRxk/vAcFuAMHNQ+E/DdtBfXE8twyjTEZIJI9xWa4DExtFIWYGReMrywx2BAr1/xZ4wtvFtn4e8NsiG60m3WG5luggmmickmOPADFzkdiegya+Ox+ZSwWPpUsLKpVwtODnXi03Gi3CDaVrKVmkna/K3t0PmcwzNZfeNKcp0lBOpzWcafw32s7u2rtZNW7W+dNK8GTaw9zcaTajZYo8srFQtxJvBZ4xlTnPXft+VfwzXDvp1+dHuLKVdOuYljkSBHWRGY5ZfNI27t/J4XBxznGP0l+CPw90f8As3xRc3NnZRXZso002GRV+02gdQu9Y8gyySk4AAYqCcng16h4g+BOjSeCbm5udC04aklmZ5dRCxxTWcCt5gXy35M8g4J64Oc5OK+FxnjHgMvzR5fi4TnGVSFKjqmlUkotSa1vFO2turSdrH4Znfj1lmTZysorOanOap0pXtGFRySTa0vG27va211ofjJqnwT8QG2fVJdsOjXDyTWCu5aRY3chC4yCvUbg+AfmIwQBTW+EllpFra2janBqmrXEP2yKOCUCGHgkLKmeqqO2Dn1HA+p/FlxdMdX8OaXLL/Z9tbqyrOwIZ41AWJSRwGfDNggMONoP3vmnT5r+PUb6ee3eS4k/dxXEWSY5EILBQOAqr97nBC4BJIB/VMp4kzTNMI6sq9KnRgoShBK05QkouLctvh16PZPofouS8Z5nnWElXliIQw8IqUIJe/OElFpubT05d7Pb5Xz9C0y2s9WWPUInubh4swWzqwRJ4sAfKcgq2AQcdDntlfRE8NWNprNjqmoFNH8yN7nyiBLFK8fIZgSy7BgZU5Cnseg89ee+utce8WZopI/LCzSJhCUHzhSF4woxhsEgHC4r6l0bwlo3jzw5NZWV+x1JrE3EEs06DbMF/ewRq20hGkJON4HA+bji84x08GsPiKkqns6jtXnT972fMo+8+STdtU+Zuy8us5pnP1N4evVlNUq0l7WUUpKKtF80uWTlq23dWVt01qfLHji91fWLxNSJtruwFyIYI4UxGscfyCV1HIboVyeehJORX0/4a1m0tPh7HpOpMiW8Np9ra/t4l2+YQGVFJBZ5UXgFegyOvNeQ23wtvpr9tAMtwsluXluwY3MReIEoqkHGw5J8zpjDAgZrd0ixnu9YsvCet3bWllbukHmO4WLLyKuwhMArtwoOeGOa8fOsdg8wwdDD0q/NTwSWKqezu5eyhyvmsopylZ3V9rvfrjj+IsNjMJCnhsVFwwy9tUlSTcvZpR0tqtVZ6rd66XPnHx3fxa9qN7BbfbH2lV02NiVSVmyFkOMfM+cgDqeuMc9/8HvgbrWoX2jXviKGa1Se5MtpbOXkubkxAkhwcsiFcck7WIU8BQ1fTPxR+C+k+AtQ0bV9HsIpdOMcct3JdSLK0crgS+agwNqlQWjHJ9OpB9J+EvxM8DaTLf6qYLvVfEYtZIdGtrmLzYrWQr5RZY8bArFiSQOFIAPQVjjeP69Thqn/AKt4ariKVSDw7m1FzhJSUZRkrtQWnNKTV7LRanVh+O518vo0Mlg6tKrzUKlVvmlGTcVJSs7Jt2fNq9rWtp4vqF5d6N4qvNMnkFsgCR26RFWNup2xqWYY+U7unJGSSM5FdF4uuLTTJdHngt5b62htwL0xKZFlkl2mQb8HYzglgM8bVGR0ry7x+msDxlqupSBzPfTLKxT5YVMz+Z9nRcHaVU9ATgj5c8V6ZDqloPDj2Blt47i+tY5IkkKyP5oGJG3Y+XLYODn5ucA5rzcTTqQWU42UJVOejTWLSlKSU3GCqvmu2uT3mum7sfd4ROnTwmInFzlUpwdRpt2klHn3aS1u+7tfYkuW0fUvDGoX1tDBDaquyKNlH22HbgMQWxwDk56tke1fNWrPaX2oi3tbdJ5Y0KZnyZdiAZkKjDEN0wO/zccV6zb2KWdnPpmpTzK7RPPE2GR5zIC6gqMbkjwck4BHI7kfPXi+2vbHVoNR0edAbhfKeRH2tHKCOCDkDoODnBIx7/X8JYWnLE14UcROUZS/2d1GnB3aaU7Wv7rtppfTWx9Xl9SErxTb2cHNbvRvtr0vbr1sJ4n8JWn9nrNpFo41QF3urYSKW2Fcs4H3vmbBzjOc/KOlfNut3Ekt09u8XlPEwjkMgJeNkIUKWGOD054J9yK9i8VeIrzTbmK6FxcJqC2+y4aJi8O9kC5YhSo3Eg4ycjIHOSPFPtN1qlzcm7jllaRw4lRAjMzMQOOwxkk4PB7E5r9syHDVqNC9afO29Jv4or3fPtZ7q+nW59VgE2lOTXIm+XmsmmkrNt667baX0ZhNdCFssXckFSnRd27bkHnHUYGeGPGe2nCJBEpgj3sBvESoGLFvvFwM4YjIH1zjbXcy+CEWygni2liy+dIxLcsB8hXJwynAJ5yDk4xivT9E8OaHZRWq3FtHOWjEpcMoMjgD92qj5mw3Q4IAP3ccV7tSpBQuveSvor6PSSa9f0XSyfZOvTSWq5vdSVuaz927ba/lt0snqr6W8U07Rg9/bSXZktICS8odCFO7/lmzEkMSOw47HJINd14itXewWPT2hnjtwrvLjHLAkIXGMgLgYxyc5JJNa3i1opLxY0tPLt4vLSAZG7K/MY3A2k4zjJ6Krc9KnuI7ZNGcRkIskam4cMoTcu0bd3XcDlTt24xngE54qjlKVGole7sle+l1o20knq42eulkmYztNxmra927+7y6badmtt7KyVvnWVL/AFPU1Ri6khkGwN5aBMrhuPukDdg84JBJHA1Z/Ct1bQGQzRzyACSNyxxGOmxADzs5zwckYwec9posiTawZltojEC0ZQAZkYDBOOW2nnJJJ9c55s+K7S4ikS5WLfAqq5SJ9qAFyCjAEY255YcZ6jJrtdWS5Uk9o2srpPTVtrR6K1+9rI3hUbcVFJWsnZJN3s3e8Xdu17JaX16sreCtGa9s7n7RCzRrvR3BI81ix27skjYGwOwzwB1FX5/DqW28Xtqo8j+MNyEb7g4JLLx/CDjdtJyQan0fVk+S1sZ4bRJoQkyl8lXPJBAJwT64zx2Ga0ZZoLhvsV3fSfaIzhGXBR0CjZuYcck8sTzyAcrXOp1vbbc0W7J2jrZq9vRbX1vzJbGajWdS9na6StGPK72l1W9nfW1mmtHYwDqelW0Btrxow7IRFLuyqxrj5HC46gAcgnccnBrzXXNXVJfJ087rdzuZmXgMcrkMPugA/L7VDrdtJFd30c2AfNYpLuJVULkYIDbVyD93cCc9P4RhTW4jVcuXaRQqgfMD0xnnhR2PToec8ejSop+9fdbN7arSz1e7WnLd9e/oRpRUY81r2ttonZbrdvR2b7tbpHp/guS5ihNzIoZBNti3k/NnOGyW4RR2z1AHrXT61qT25Q6eWnZ9zOhOT5i/dXIO4qcgkcgjHynk1x3g0F7Of7RIXSMiOKEZGJOCQuQuQWyCRjntkZHR3d62lTwrPCsjySAwBio8oMMbiT2IxuyCfQc4rkrU4uo/J+WySslZW5d7K/m77HzmKi3Xmk01Fr3b3uklf5e7ta/ruRaP4o1BrxoJIZXkuUKTxE4UYzyowCFG3JyQG5A4Jrqrhre78u5lCK1vHtDIuSr84jPGSOoPrgHqDXFvqNvb38k5iUTbgzSw5O5COFYqNq7sncRjJOMcVattUA+0tJEzxhlbyVHDZOQTtzk9CByQSccnFYypJO8VZp32WjSjazWt3rdP16XPOxKle8I2bWqVnZqK3Wr1erV/JF2B0shcxkfPM+8YG1cc4LAjkcjvkEEnkk1orcrHbCLzN080oDAjJ2g4YocM2cZ2qucnjd0AxLrVVvLhIbWJHkeP94CQWVQVOGxwMYI4PzbenHO59huHa1+zW7Rty6uwyGYjBJOc9DwcngADgCtlTTiud9viTb3Vravm3dno9Wr728yspe6qrUb3Sund6ra6Wu/VLXft3WgwQzRR4uSkiEhHP3mc8k4XHKnIx0z05PPnXiiSWx1r7ZbzhkWVwzlcyv0B3ZyRnjHGf7uK9r8H6XbJHPLeyRNLFZtMgyMo2wncWPDMSN2CTjHJ6CvBNekluNQvWgT5VnnUhsNld4GeBlS2BhcDODjg5GNOmlVnbSy7u/2ba6/zaqy23sycvdsRJuKulo1dvTlSbWq66q+2rfV6F/cm+tbeVFJCx7yyEFgW+Ybs9M54OAfXPGOXkeGG6WEh5TMyFt/AUnHDAkDBPHbA9+nS6RprzwRJLIbeORGJdyq+YAMhU3dMc9VwT0wSMcleSSaffXCRhbiN2ZY5NpIVVwAVJ4JHYdzkckEV62GpJwbbtqo+Sbta/bdLZpWbue9h+dS5YuybSd1f+V2fo3prbbtpems7Zw6NBH56kbdm0lnJOTjkN2x6lep+YHUsrCHySlxaoWKbVA4wwHVlAUEjHO4MM47YxzdpOI5jLcu+WBaKVgVA5OSOQAQCAucjpjvWxb62kZmAUzmTCLMfugsQMjpjjcS2cnn6ndUZPvqr3s3q7b7N3+ytnvdWdutxqNXU2030a02/l9H2u15a3X8tQsAgjMaArC7KAdw+b5R7njgZPJ6ZNNmvbeAbZ4I2w6ZZwoXJwCDgDJBOMjOTkjdnAiuL62hS3RVD3PLgFhsDMeSBzjnoMAnt2rA1Nnvm+VCxU4cquS7MAAARkBgMAcEDGfYbLCtpNu2n4u2jdrdOvwp6XsRGnUdldxWi5m21ay76OyetnffsdHCNGvBKHEMan7jqRhmOflGBhdpzjgHGRycA4GreHZ5IBeWwR0YHavfy06MT3Y4PYBiOueD1Hh3wbcKLZ9Wk+y2cymSIgqpZlGVDDnk4Gc9c8YrqLfTA6XNvbyBLeCfKrIV3SqSRhFJyqsCDnuCBwoyMKuGcX7qb1u9LvRRbTurO6d726vdmtPEzo1Lc7mk7OzbsrRcrXu7WsrvVq77NfPykwLsaNjyVJAxgnHGDkEdTx6EY6iup8OTv/bWhhmcOuq2YOD90eauFzwSTxwep+XA6Lt+LfDcmlSB3gmSGYiRGVAyIWIGN6Ls2jnsMc8ZGK5fQQq+I9ITzy3/E0sgAM5bMyEsOw4wPXpx1NduX0rYjDyatzVaSuv5eeN1p2SfZp3T01V5tVjWyzGtO6eEr3tff2Ur31XSKv5NN66H9CngTd/wi/h1mLEDT4mZVxuBChiMMPT6gnBAxuz65pbb1GVwBjHUHJ7H0JGOcnIJGOw8p+Hqj/hG9LVyGEOn2aRgnIGYVJ5+bkA9CRz0GMmvYdNjARAoHyqRjOATkYPruGST0wAcDtX9l5XRTwmH5WrOlRtf/AAwjzat7+je72u3/AIgcazj/AGtmikrSWOxOq0/5eu9rdLfE97+ui38Z2DaACOCwOcHjqP4jkjJIAx3rzPXc+VMGPygSA5PUbGwBxxyMg44x1yK9R1NwsAMjsCAVYjuMZwD14Jye5AAz0K+T+I7uJYZRu+6kh5zk5RiTnOPXHGeD160szi4Un3jGWm7b0Xnfb53T1uedw3zVMRh1FNpVab1u1e8Lvrvp93rbyfwtewLc6xAsh3CK/kkfHyhViY45OAwBGScdVwoyTX4m+KJ57zxh4pERdgfEWoNxzhftBG4npkAjGNzA8qO7fsx4XeKZ/EW793sstSdpTxuRYJcrnkdh8uQO57qPxwuEhPiPxDKG3ltZ1HawJDlBO3zEk4x8oycke2c1/KfGNSKxKernzz0aS2ktOXTXZ2Wt7rfb/WPwMpeyyyvKGqlQwcU20lzOCur26a/O6t0OWvNKmnUpFI7ys2/AXO0DOR24yR+JBPbPO3NpqcTEC3k2ovLlc7cAE44XOM9uhIB/hx6xGksrJcqpWPcIyU6FRwWychs46L2PbrXSW1vYSwStIu9PMKoGAwcjDkep6ccg8njt8H9acGua6jtdvR2Wl9NUtd013Z/QVSsoR5p3Uer3Wy5XZW+f/AZ80NNJG7FwxDjDLtPJyRyeWwORwcYJzg1esYJp50kjDCXciKoXknPVC2AQOM4xzkcjmverjwppFzcoRHG2zYx2DbGRhmOcggEg7QBk5xn1E2n6bottfif7OjKkoTylIypwV35PIIY47ZORzwRs8VTvdtyTtpbW3uu6fZJR07Lq7NYxxEJxXLZ+XfRP5W5r6tO+1kb/AMKfAdl4xvNT0/xHeSaZYrpsskchYKj3MKFkC5wc7scEHPIyRxVS7+Dqw2sl6LwSww3E8EWw7coHIjdwOvA28gk8EZOc6N54qTQ7y1+wQqpjG52U7g+7ghyoGTg8j2Gelblt40SWxmsWmBeWQXUiyHC4Lb9qeuS2CAB8v3RjJqJVrK9JJN67b6dU320VvW7eg5VE4yavKWjad1a1mrpbrorPT7jxy7+FeoxFp1nXyCCpm2sQWxwD6cYBP1PqBzNz4GvI3Z42M6xkAFSQrsM5APzAck44wM43DgV9Lzatb3MCoJFjheIOkSsDhhkB24HGe+Oc5BxWKLQRxyZZJbfaXRUbDSE4IK8A8HgnhW7ZPFRDF1YpwtazTW97aXSV/K+qvvqcssfKHu8qsraXWq91vR2d0tdbPR9tPlO80W7s33vAzIu5XVFLDcQThjggH6DPAOMVlXVuy8GNo1UK2zBDkckkv3wc5xgcH0zX2AtnpX2SZLu0hZpioQHYQQTjrjO5Cucbsjrlc4GFqXhHw5Jb740hyECHjjcxxnfwNy85U8n05ArrpZhGzVRNN2XNbro+be7fvOzvp6XRccyUmrxsul335e7um+lndHycD/y0OfkOMj5XYZAOQeox2xjcB64pm/cu5ThUYgtltx65xwRgZ6AnBbIJ4Ne76h8PLNkea2nicRqXIQALJxnAzyAM4PJ5+8QM45YeDhDKC+z7Ps3FPuEk5wRknOGHUnJzu5HNdCxVKWl2l2u7WdtFfV3er+etro6ljYJXuttI6+V/Vryb6nmsETysSkbScYwASCGH3uTwcDofXsDWxp2k3k0yRJG4d2b5jGyqqNwSScKV4wv0JPYV7Lo/hzT7OGYvCsocpggj7+NwHIOBwOc/mDx2i6baw23mGBIpvLXJAAcLuxlCPvLx6knG76ediMfTpp2Ur2uui6a6p/muttzjq5koxbim3pduyi9vnpsrat9OhzPhfwrLohF616rmVSjKD8oLAbkwTjIyQDxtIxuAGa6qMGbzbUqdjyFhK4IBIyS3YY5IA+brkMSDm5EYRbDyyksCFSY9ylpGwNwJUkkcc9SRkcDk5uq63p9tGdygGNVMYVt7ZPXcMAkDgDjg9u9eDJ4jFVHanKV2rct/K2ib+a2Seq0PKqTlVqObsudWulsmld9L6XS1trbc0JruGwWENGhgHO0EEs4469AOM4PB74PI5vU/EcczuFlZEjU/xfvMDBZVGcqVJ6EYx7mszSNM8R+N9RFnoNpPdSNnEUMUjFRuGAQoYBsHGQQOxzxX0n4d/Yy+KN9ZWeq+IdL/ALBsryQEXOpyCAeU44lELYcg5AB43Hpkjn6zKeCszzKCrwwtaVJWcqji1TSvFN823Wzt9/b57OOKsh4dpuWbZnhaElHmVKdWLqOyWignzPR9rLpa7PlC3OreIr7+zdKtru/aZwsdrbq0ksrtyFCIpYAHGPTlR8wBHc3XhK78CvA+u6dcxanIsdxbwXMBjSMEDMbA4y6ZAz9cnI5/WH4D/skr4TYeINKs5b/WtOmWRrtrJnt5I1TDm13qwcl+V4yc8HIBryr9sn4bavcaNF40nsmijsrx7a7jkVUufOBBMphVQViwMAEEDkEbum+Y5S8rp8jlFyi7T5Pes/duuZO91dXVku1+v4VR+kNkPEHG2F4VyipTeEqTdCpi3UipTryS5Ixhe9pWt3V0rJ6H513OqNd3aBhHAXQgBSf3Zb7wI4+bGee/PTrVUeXbieJQ8gl/hQ72JPG5+cgckEdeDg55qpLEAVngcJIdzmM5Zt2emOMc4B9BwM4NIw1CwkEkm4faFV2BX7zFeAM/73JOBknquK8KK9o9m4rZ6+XT3Va6W97vR2tZ/uEYxi1ytycleLUU92r31TW1tfluxk00BgkSCNlkxtk8zJJzgkLnB4ORnI/hBzk1NYNBYWkt3vWSZ0BUxLl4W3cqVyCSemenGSTkNWTcWl67Cco5AYtI4Vm2hhnax+7kkhQ3B6D2rVs9Njlid5pfLBQMIl4AZR0Y5yCduTnjr6Gu+nTpqC5k9babX20tfpf010eqO5L2lH2aabaSlaMbtLlurbpva+t7bdDqdG8WySCG1jmeO4wYkWU4Q5By45BDZPC5wD1IzmvXfCmp3CQ3U95h4Yjuldky02AQFBfJC5YZPByMAk4x81z2NvbSi8gugskn3BuyVk5G1Dg53E8kcHOR2WvXPCFzd3NukL3PmLGQkkPmLuneQjaAnJ25A65zkV4WZYCnUpyqqCUbpydlzW9xtt793a2q0V9D5jN8ro0YSrwUVo3KSScbJx1vdL3bXst/vNXWLk6lcTTT4iQk/Zwm4sgzgepBz0GMDnHSuSuY9QExgt0CmFdyHBaaTcAw2qOTuHGeSAByOle6r4DmMC3rS24FwYjMDgNaBhxuQjjCnBYc5AzuzWppHhXwhBPNd3N6L29gXaQW2xkkEGQMMfd5CqOpHIOSD40MTh8NBRUm3HRKKbd42VrtWbbXRJdb3PBocQYejeMHz+ztpBPTWK1bS1fRW+XU8SsfCGraxag3dmRBGxked8oZXPJRCQMnPY7uBkdavr4P03SNNmvtVRICVdYQHUyJ5fKjy+SWPYgcfeIyAD7XceJoYVmttNt/tdvaRsIkljwTLgjfsG04THJPXHABzXgXiu31q5kbVJI5RBJNI4t3YrFCik53RkkDJBxk9hjqK0w2NqYqo43VOCSavZzsrNbWtbfddNUduEx1bMatlP2FK3M0pXm10vql10Stb0K2n3EEMqTySSeXMzRwRlSAycoryZwCcfNk8/N05xXfaLq1vZaitpqERu7Xy1WKcMNsPmkfw9cbSMoGOQeB0Il8IWng2/tNLs9bvDbzXNwvm6gm0rChIHllP4WVjjI4Hpg8fUV18H/COl2OkXSNa3Ud9GLn7bHdxuLi1TJErqCTHKMAlOCx6bjwfmeKM3w+Ag6VaFaLqtxjKMJWjeKXPzczT1Vkl8t0j4/jDP8ABZXCeHxdPEL2rcKdSEGruyScZN8t09bWTXazPpXwb4E0zT/AmkyQw2t7puspFfSXFtAGmtwQpaMOc7ckkEMcjB+VRnP014P03SLDRbiNpZNOtoYEZJOcvbhSQEwSME/fOCDnpjivln4NeNzZx3XgX7XFqGjAFrWZ9hYInzC3t2ABD8lDt6lT74+xb288KaT4B1bWGsNWwNLlgtJZbWUWlvNIjoY5GPDYY5ByACwIz1H8E8erM6+fRwGLdadPEZlTnhqrqQjCdGcoOF6c5aS5U7X3u9U9D/OHxJq5rPPXgMS8TVhicyhUwklNWqUqk4uClCXK1USunGz0vvY+f/2SPCkfxC/aH8darPLaWFno6XUtxqF9GBbTWasyGIn5VjadFwGO0A5wFPX6X/bd0X4ZeEdDtviB4bvNNTSJ9FNhe2q3UF6t3qIXyWWGJBuijR1JDYOWzzk8+RfAiXS7LwB8Vb/QbI2utReH73UNT1CRmjttTjAkMdmjjlSw4Cja27dgkjB/Gjxv8TfG/ie91Oyvby7vNKW8lSHSnuJpbTTj57Y8qN2KhhjIIHPGeuB/ZfCWRxxmCwFRSlShhadGmpTSulh4U4JNRsm9OW2uur1P1ngjg/G8e+IVfNKWOnl2XcKUMowMsNUledSNLD07uCjJcqqShOWqaUWrWfKjzHW7h9b8Tald2EcYiEzTxKAy7SclQF6MDhdoOcADOScDs9EGoaZBa3uuW4isyZPMRl8sbGGBcOrgBl54AJzhifvc+kfAzwD4T1TVLrX/AIjTzWOlRTIiBQYIrgsR86yEhcrgbsAZ6ADqb/xz1HRvEep2/h/w0gh8MWSS2dldxqDPdsu4J/qwC69CrEjDDkkgBv0eWM58VDARpzdOnD366f7tW5YpXX2mrKzb7X2R/oblP1OGEpQddKnSSpPmkndJKKcrJ66XV7pN33dz588feNrOdLO20OeWZIJWE8rJlM7gBFhVG9TkkZJ+uAa7D9n7xfq3g34seENennuYLS91KCzlQB1jmhvHWMqRnCqpkZsN0AAB5GeJs/Bo0ew1STUYY5vs6/6N5z/PEWOTIF5yxGThuAeCcDksdT8u50/7LFO8ulOl5FNj94ZI28xBgr91SuFYAYwQCO/0mX16eHlTVJO0JU/fd97xvy67O12r+W5WOWExNCtg6VFVI1KcoOpNNtt2Tt5aN3T02P6FprxBdMiSAxzeXPE4IfakgBGXwDjOTyeCFP8AusmlRFkyCPlOZA2MsyjCkHAG0DgbRk9OteZeBfEyeIvAXgrxGmxmvtMtbe6w24meCNUk3n72Q4zzgZGQeuO9nnB+VmDRgAgKM5DA7S2M5K98jnoME4r75N1KcakEnBxjNW395Jpprprbb5d/zbJsvpYevUpShZ06ri3a1rS+W7a2Wq63u15J43RDBOyuJEkUKY2RSMsDyQVPzEnPc4IznGR8IfEPRoBLMY7WIRoSfMEWw7yenyjkZHHGBjPYV9++MVaS2mwqlSpG8rgsFzkD0bA+bqM55IBNfHvjizieOUq2RI3CNgFigORg54z1bOOhPevOrV69GqnzuPZXaelnv5vSy2b0P2DLcFgsTgo3oQbVk7wTu/d9U9U9+vc+QNQmvtLmZ7S4l8xUDiMMzJkdME8Y5AwNoPPfNT6d441a2y9wGmyD8m47TzjlRgjavGfp06ja8RWknmzRbANykEqBlTtOApORnnB5+7kFSea88e3EACqzM7BtwyAGJ6AkDAUdCSO3POa0hm+KptTVaWmiTbdtld3urW7W6smvwvleIi4zw9JuTvJqNnvHqlazsmtLWVjrpvifbWF8VnuTDO8X7tQ5ZArnOGBwQFOCM579c1p2vj6HUbYxpe27SiQNIBIOFPOSu4Ekg/eAxnJPYn4++Isk1v4hWNJTFiBC6MdqsOrAE44OenpyeSawYNTmjGbfcu/CExyHeCCQxGACefX8Tnr6+F4nxMYRu7u99Z6Pa79dFtsr2seHjPDjKprnhBQdr3cE1d262vd6rurd1c++LTxCbaJHgvpwrkqig5VCT8x4JIGcDuB0JXjPZad4p1G2dGGpBpDtBBcgsGP3SzHAxnjAUfNx0xXwbZ33im2txcWl9M0SrGCJXzHGSCRkHOBjGD1BGcHIq7a/F7xNpjRxXrWlyqSFM4G8kYGCwBAx27Ek4wevuYLjOdNpe1nGVlqptpbbtO1m307bJHyOO8KKWLhN0oUK10vihHfS99NVta717an6WWPj+/gMbTl9ikEOkobBHzZBBw27IO3qCec9a9L034s6bLEq3F9NGyFVCxh8HGByBlcEZHGAMA8Bq/LLRPi7fw6nJc3N0nk5DRxBx5K7hyoRjwwOc+o4+XkD2TTPizoWqwvDPFLbT8uZo3QrnHy9hlSR0x14IzX2GV+I+MoJezxVR6x92o77Wta9klbRJvrqfmHEHgfQqKTlgY3kt6VOzunFK3updn93Y/SW2+KGiSxxh9QDSBFRC2EwewLLtYE+q46Ank5b13wF8Z/FegXiah4W8aatod4pxG9pqtxGFQDrsaQoVPHVeVOMnGK/J/S7w3itPBrVsWI8xUlmKSKhBKjAbknIycdTjPOB2llrms2EcT28ztIvWSKcsrKePlAfB6cngDPU4zX3WV+LeMpJqvCnWirJWnZPWN17z1/wrTT5v8nzjwEw81y0KtSlP4pRqRTWko2STV7rd7dFvv8A0M/Dj/gpF+0t4GEaN4ls/FdpGVHkauEnkdV7b1wSSADyeuO/T7f8Df8ABYg5ht/iN8M5Vg2Klxdaad8bsww7CJwwwSDkZKkYCtg1/JzpnxH1604e6njIYby7M4LYHYE474AxjgdAFPrmh/GvWIY0WS5DEhRhhvBwOMKRz1OeRgjAzivq6fH/AA9mMYrG5bThN255048sk3ZfFHllo9U0/m2mj4HFeFfFmTc/1DGTnTV7UVVn7yXLq4TVWn0eiWx/X3o37bv7DXxkW2i8X2fh3TLiUeTNa+IdEgt2HmKV5uvKUnnnIJwM46mugvP2Pv2DvjTBPeeDfEHh/S7++UyRN4d1m2iKvIuQTE0mCQSOMDngHjj+S/R/ilY38RfVNLtLmQ5IkChHGSfukEMOOcZ5OOa9T8NeObGIpcaNrfiDw5cEqY5LLUbqBEkJ5KqkoUBSBgEDge+B3UsZk2MusuzzEZfr7tOVT2lN6L7FR28tWk9t7Hl1MBmmXqKzrhqhj2tZVFR5akW+VXVXD2aem7jvq+p++/j3/gjTZ6lGl98OviTBdhMyQ2+oIkp5OVDTxnHPIDHcDndgck/HPj7/AIJiftMeExJcL4btPFFvEXFvJpt0sk6ovClYOWGBg4O7+6ehx8x/Dz9sD9pbwRrIsfCfxa1m80qBUeObU7tprYFAQIphIWbDAZByN3AAya+7PB//AAVe/aO8LS2KeMvDuheKrFFVJby2jaGWZTkMxkZipcj5icY6+2fSw2WY3F4epUhLKs1pwdnKpSWHrv4bSUqTUW2l1i7u70Ir5llWBxFO/wDauTTqU4zVGhipV6SholeFWMZxt1UW2vLc/PPxZ8BPi74NaSDxN8P/ABNpMkYZZJptKnaDYuSrCRFwVIPDHHTg4Oa89GmzKNlzbohtceZHJE1vKMYyjCRFA6fgDg81/Qf4T/4K1/BDxIn2L4mfDWW0mdFWaRra21OEgja3ymAnBzjbnd65xg+i/wDCZf8ABNv4/wBvKt9ZeE9Dvb7LSXF1EmjXKSSAHO4Mi7wTgnGAcnjqPAxmR05VHHGZNiaMF/y8wihXpxaSu7R95r729NL6HqYPP5U6LeXcQ0MRPm5o0MfUqYWo1o7KUk6cm1ou13rq7fzpa2dO1DwgbGGElv3SmFSuIgMAnPJ3N1wT1Gdp3ceO2/hqK38yWO5mjKv+7jfjGR/d56c4AwCWOeTmv6Vtc/4Jp/speOrZLr4a/E77F55Z4obHWba7iDHd5Y8oSb3UZyOxIPfFfMPjL/gjz8UXvZJvA3xB0nVYBu8i3v4BA8oXJUmbc6EkccAjrnqK+efC2V2qyjjFBXVqeJpVMPNXSur1I8umu8rae6kj7TA8eZ/hlhVPDVL3jFzwdaOJjJ6Wk5UKjaSWuq1d1ZbH4jQ2tzHK8csq3UcjlgAQoXpgqcA85xtGMc8EA1wPiDSdVa9SZo454iWXygeQoPBbaRuyOSQDjuecH9SPGX/BNP8Aa08IXEsMfgiHxDbK7g3OkTrcOVXJLKiDd83HDDqScZOK+XPH/wAAfit8OA8Hjv4f+IvDdwUBt5L+yuIlnAAO6JyjKy47gkHgZwQa8DHcDQrOH1b2Vack3GNOcajkk1dpRcm0k76JNPqlc/TMn8WcVRp/7bVnCnCUYy9rCUOR6Llcppa7bteR8hIZIrgebYxo8O0RTBirps6FWU5DAjGckj+EhsE9XpPxF8ZeG7wXfhzxhrWhTxnIFpqd5EgI+XaNs/lkkngkbVOOOa6abw9fGCSRrXByVPnqYwDk5KlgOpHAHBJJ6gmsW/8ADTi2EkunqVdeQrJuYk+wXjPAJIXIx6Y+dx3A9SjFQxGBUoac3PSWtrJ3vHVX2+7XQ+xyzxb56kp4bHTptpKLhWcdUo2bUWvLZMseM/i38WvH1hpen+K/Hms+JNL01jPFp2qak9xbqzDK5i3jzSe27dzzgY49R+Bv7WPxj+BMclp4V1J/7Ae/S8k8PyxM1nOwbcxQ5+UOBjcGGSARjpXzTc6APPGz7VbliFVFdm2AfKcBR9ScEHjGME1O2laiqK0F+zND8qKz4Y/ewGzgE5PXgde3NfP4ngXKsXTdOvltNwkuVpU0lqld2SVnro1d36ux9hg/GLPMHOFWnnFVtctnKq5W+HRXel+t732Z+3Gn/wDBUzQ/HGgpofxN8Oavok8wjge70omW1KEASsYShYKegDOQMZHA5+nfhRZfsxfHDw5FeJ8RvBllqEjP9n0jVLm3sdSYtyv2gSMh3ZAJY4Cg/Njkn+a911wRrBKqzFRtYsFkI6bcuoG3PJ544B9KsW19eaaIj9hnhk3EmeznkgkOV5YPEyk59mHc59fhsz8JMrcr5fKvhJStpzScE+VbdbpbWel2j9c4f8f8XOklmcMPjU1FNzSUpL3Vq7PW77XtdJNKy/pMv/2bvhFqOrz2uk+LdB1B7FHMsWkalbFrcg/KAPNPnfMQFK7cngBsk1h3v7Jmu2jm90zUMWbxGW0N1uVJUXcVQy7ipO1s9W5AHZa/nmtPFus2F39q0nXde0S4RvM+0R6jeb3kBBUsfOywB+Ybty85wSTu+m/h1+35+0n8NjDpjeO4PGukQhI4dK8SoboRwhgBHFwkgYjHO4YHIPBNfL1vDXP8HKUsLmjqxTT5Jprblsm3fto7K7enVn32E8U+Ds3UYY/KKdFzagqlN3Wtru1r97aaW1SbZ+j3in4YeNtCsjJcaObi3jMyy3lsyspAyCqgKQTjkDrxkDOSPyM/arutUgvvDsT2V9bJFrQSIyRsFZopdxZj8pHYKzdSPmAHX7rX/grHqcmkJpXjf4PabcpLcK013pU5tEK7txKJJuHIBznnOeOTn4A/aE+PumfH3x/FrkGjt4U8LRG1/wCJXDEHbKyKZ5hINoMrKhB2jnPHALVOX5NxRh51I46ipRgmouDT2Ss1Z6p6PWz120R1ZhieAq1OlVy7HKFduPPTqe6o8zV+iTsr373bXc+kfhtpHijUILPULrSb2K0Edo8ExRvLnHlIpJJHKkhdvQkgHgCvqDT5riKGOKZAJQGG1gWCrjHK4wAi9COvIA/hr3v9mn4t/sj+MvD2jeGL3xxaaPe6fpFhaGw1+NbFJruGJIpFjklA3bnVgGyMZOOwr75s/wBlb4ceKof7T8O3enzafd2bTWUunzwXRO5Sdy+TIzFec/dwPmAwSMfNYzNsyw+KqU8RgMRRhTk0p8l1LlaV0krO6ejXRd2fV4Pg7Jcdg6VbLM1wtapUhFypqpFpP3bqVm7W+XZH5k+CDo114u0LS/EmrLpeg3VxGmpak8e5bS3d/wB7tPQPtJAyeMhgDk19x/FD4Q/s4ad4Mute+H/jy0u9chghXTrGW+guG1Fnb55BEDuUltwHcEAY4FZfxE/Yqks9LRNP1hDPcmVg27KqDnak6gBkCkbcHJwPu96+Uta/ZT+JXhu+stc03WLLUX09N5ghllVVRGyq+SxKHOApwuBzu4Ffk3F2YZ7jc2y/G5bmuJweFwjjLFYT2fuVk3F2lO6aaTat1feyP07hbgrLcJk+NoY/LKGOxNeD9hiFJTdPmjGKsmm7RbUlaz00emmXdaVNHZ7Zgk0mZMqhC7AQd2cgd844z6Y5rjb82sOmOgjbdFnPzhUEmeAuVA3E8jsCH5ycj2+18JeKvsZutW0d7q4ZGSaO2RyVI43bU5zzgkc/zHjHxCsGsbKSJdI1GyiLkzSeTJmM4ORyuepJ56cnPXP02XcZ0a04UcVLkaUYpyb1emqcmnru/O62bv8Am+deGmNoc9ahhnODu1aMm1G8bbq2ul9brskfBWk3DXXxh8Xs8qH7PaqoiL5A6EA4B5yQT05IPOBXr0zTzmMOiMjR4VRwAQCoZiBgnrnGMcgA182+Dd1z8X/Hi2wmk8p4dzEYdYxjdlSOR7np1JI6fTSiV0yFdoS3l7yShUkAE5ZRgDnLBgCOg9PvKGZ4RKF6sItxTSclqny2er17Pfv3Z+cY3hvMIyTeGqyUPdbhTbSceVO/Knqlpo9302OXWymN2y+QQWCKpTO0t0Azg4IBPp0HB6D1nR/Ab6vBIRbrKq2w3BgAEbG7J6byTzgE4zgANg1yVtbwwqpnudiiYFWLbgx3dMjoM5OCcgjoOte0+H/EWk2EUMdvfqJGjl3wGQDe20gAk5+UjnJCsp45PTLG4xVHF0amjtouX+7frr1trZp3tqj52pl0o1LVaUlpy/DZrWKs72XVJat+u5wfh34fC5uApiKtHJJGqICf3gfA38EbSc8Hknpgk10HiXwFPaSbBaQyzMEEm6OOQ+XjqAcENtHHTjJzgkV6d8NPL1B9RmuDHuWV/syhlC435IyeSc/KWPA6j39NvbC2kvfNmj2/uwu/cWDOBypySD97o3J9q5oZrVjpd2ajurNaJa6tLa+q1vd6nFXyONVQnTc4yTTt8LuulktO7eiafS58dSeAtOniLvYeTJISmbZ2jl+XkFVRgSCQOo/iA4BGfkD4v+H9Ut/jF4I0ax1TU7RZ7L5Gd2dbVTztCtnG4Agk8ew5FfrhFoFvMXmMSqkcrRqCuHAc5zgAZBIGDjBHQbeB+ef7QcCwftLeDbKJMmDSFIdcKQrKeWHqCQOmefYGs5ZnKtOnFNxs1qlu3bfTZbeq67nu5HlNXDe0nUm5x9lZqbbfvWtrrrdatJavexlWll4p0a7kki1DTdUt4kVVju7fypWbkfNKSOSQe2cnnvnt9K8b6tpjIl/4ZmSHJdptMuBPuOeqRKMn1I6fNgAnAMMsMRneN2yIxkF9o3NuOBtHOcHknpknO0nLYLaWOSNjIwViwRYjgEH1API4B5yCckDoK9WnOdRR5m+Xqk2ub4Ek9VZXbba+Vtgq04U6iSSu5dFZyu1daaW1tdrva+jOri+Ifhq7eNru5uNOuBuyupW0kIC56dQvByAcfhwcaYm8Oa6sH2e70q58xiQySxlwSePkbBAyMEng89q4xdMa4/fXIhmXa4aOaNGCjI++xQ+pzyMEZwSDXO3Og6HeXx/0BLYRLtja2kkgbdgkOioygITnJUdCGGc4GmHhF1OSnN3jZSi2nb4d9uVO13e7+45MXScYKb54q61a6LltrdO2j06XW6Vz2lfCdskWYi1vcITIrWTGPIxkANGw5wAcgjvzjNadn4q+KnhqNrnwr4y8Q6fs2JHGL+d2VU2/KsczuuwY6fd6g5wK8WtdP12xUjSfEOqWx6rFcsZ4tiDO0A5bpjoccGtZPE3xI06IzLHpOrpGAQhjMU7bcYBduhzzjnn3zXqqjXhZqo5NJe7GTSdrfFzLot3bbW+9/OjjZ053hX9167uN9knZrTbVer3ue/6f+2V8fvDRtbfW107xfYeesEseu6bBOSxwuC4jRhxzuJ6seOc19CaP+1p4A1tEtvHvwjsrG6EYM+p+H5DbMoYclIhuUgFiQMkcdRjFflv8Rvi7qWn6PZy6t4YubCcatZrLPbOJEeNnXcsaKPnf+6oJJwFI4zXoyeMPDmpWEU009xp8jwQskd/bvEQjqnLE887sHPPHAFd+Gqc0lCqoykraO+2nu3Tbb6tytfS+59LSxuKhhoVHL40ldPSWq0una3RaPbXdH6lad4v/AGa/FtljTfiBqvgy5kKtHDrFsZIlfOSWlyihQeM4wQGweQa4TxJ8CpfFOp/a/BPxO8GeLYnTJjF9Ba3bgjIXbIxKvjpngZ4wDgfnTLHZX9tixv7S6jRfl8qVd6nGcbTggr8uF+YYBBAwxGh8PYtdgh1G/S4u4CLgx27280sW5VOAVZHUDafvHaB6Z6163tqELJ0o8vupKPk1a6067+d7tWSOqhmVWUGpt+7brvdx2XdpdLLz2PrTW/gj8Z9BjuZJfBd1qNvH0udM23itCB98NExJOCPmHXr714zfaNqliskep6Hq+nyvKVdbqymAUDOSCUI4HHVecjk10Wm/GX4veF1UaR4y1u3jGAYJJnuYymDhD5hYMOoPGc5AHavTdL/ax8dWMSx+JdF8PeJYXAMh1GwgW4cYAPziMYz6kDuM46dNGGDrzs5KGmiUb720s7W7O76ve1zOrnVOk4tS16cySW6uu77euj6nzpDZ3NwlwloWIib5g/ynAB24U7WJwPu46AnJ61zU9rqpmkjaA+czN5TkFANvLYJwCuAWPbJOO+PsofHn4KeI/Lt/FHwni0oTHfc6hoUvlSEtnJ2pgYJ4BGM5IPBqbU9M/Zt8X6fO/hzxrqnhTUfK8u0t9YtzNCjjGWMilfl3HG8lgOec5zr/AGdRlJKEouOmui1TWr10stN+zs7WM62d0pRT5nKTatbS17JpaL+a1rrXZ2PgmSCRNRWSRQ4gO2RGbcWlJ3YA3YGDyD93B75NEkssrSzMBGYw2xf7wyAecYPBHYk845PP04n7Mev3cb3vhbxn4X8UzzyF4kiv4oJSjhsAo75DlT6E/wAI7sOQ8QfAX4qaDhZ/Beo3O2NlluLJDeR44LPmMt04IwO/4VvDBezSilpdbOMrt8u1te70d+t9EceKxznTXJK7svtJu7s7uz0fr07WufMXiO/jt0SAOXM+HmXbuDAkDbgnjrjsfmGAepu6a8QQMmYm8lUiVcM2WI4bkEH5jg9fetPxH4S1C0muFu9I1K2nt0xJ9stpYsPwQ25lILKRjBODwe9Z3hS2jF7apcFZPMuUEsIDBhGj5YAZ/iGc5746CvTpYeKhq9bpLR9NN93a62fnufMTr15Vk5u6S0bV7prd+l11draLqfUPgP4c3t7pFrdOJB9rUSYkjIHlgbs54Jzng9eOv3gO3u/hxfWwNzb/AGiF1YsCFKoxU/KAeQABk8jA5BOM59A8HeONGht7Cw8to7a1jSIJIu1WDAAZk6hVwfvZztxj+E9pr3jTSzp8kVs0Yfy3KIXQqI2Y45HKg4LAc57Z4NdP1eg3yTpx5UtdE25aJtbavdX0SV9L69HNKEPaU6zTTTXvXV1GOrd7p3u7aprSytr8sand+JNGnWOV5ZMy4QhuVRc5ZTnOenUgEdwQBXs3gfx3f21lAs1xd2zOjKA5YmQgYBHHIUHjOR74PHjuq6//AGn4l060MUTQ7v3gDLhgSPmweSBnON2GxyOMV794Ng0O6t7iO9S3Z0LpCdu3yQ2ApBzzwB8x4xk9gK+T4v4IynNMun7fCUpcyd24RvJ2g09VZq3pba/b9E4B4ozTBY+kqeKqpc8V8TStFQbWrs9L7bW7I8t+LPjOXUtFkjupJWRZ2WBmlLAEH+6SSGzn5SeM5BGDXzX4c8YXOieM/Cl7aXQBg1WF5CzMql94L7gSCEwMnGPT5T09/wDjhodlZacht/3SRysQYm3+ZjnIQlhnDKCCQD056V8EWt8w8Y2ULSYLahEUZiTsRGySBgYP3d3Bz2wCTX89T8LMtcK2EhhIKFROLjyJO0077dHa1lo7tbH9DVfEXGYWVGrOvJuMabfvNduiVmtLWellZvY/od0j9pPVl0mNHu08lY4fLbeT0RAfmBOACDkHr1IAIFfGf7bXxrk8UfDHWrOe5d52s1eBUlZ412hsuwJz6EZ6HOSRXlVlrGopZmFJT5CxIRg7iSQueASwBPU4J24zk4J+e/2ivEM03hG5hiXzLgW5WUZAymPuhWxn2Uj/AGRxivk6f0e8rwdeOKo4OmuS01FRtd3Tsl0s3fbbXTU9rC+NPKo1I06VOrFJe0UUpaOK5k9fVdl6XPy+8VfEHVrrTl0s3cruYp4nlaXZ5aKvyxpk7gMEDAGRnnPNful+wz8QvC+gfs/eDNG1a30m6uWeW5lt9Utba58xpCRvZ5YmYhgcqDxk5JByrfzr+PdN8U65qG2HSntLZWi8mSFcBg7jc7lQME9ADjjk89f0h+FusPovhXw1pkV4yTWGmQiVdzLubaSQ3I9SMZAHXPp2YnwzVWnDCYdSw01UT5qbcVLVJPRXum9br0ex9LnnjLTzLL6Cxcli1FRXLOSbV1GLSTdnbXo9Foft7/Z/7O3xDv3h8U/CjwFqySmQPOthaQyliBnmKOJlY9jnGccZpLT/AIJz/sD/ABRluLi68F3Pg26lLA3Hh6++yoGPBbBLKR3HHPpyQPyj0rx74ihu2ktbueKHllCM68jOSCOc/KeuRjBAINfVPw2+OWo2EUcN5e3JyArGaZgSQQcYJGccYyDnPXrjxs84C40yXLqk8pzLE1FFOapyqSdrLrq7r5q/rt8ZlPEvCWd46McVRhhpzdlUtTjq7JO7jo+nV+a1PqHVP+CGnwQ1SGa5+FXx38U+HZ3UG0i1G5jv4om+9GBkqRhiBweABgjkVyEP/BLD9uv4Sp53wl+OZ8RxW7mWA/2y1hK0afMqrD5oXJGPlAJ7Y6Bvd/AP7QM89tbxx3RjClWVjMQWVe33u56n5iDxwev2B4R+Pt5Hbwf8TaaJ2Ycef5oAPBBOcY9eu47hk1/LHEfE3GGWVqmGzzLJ4mlGVpVZRjUVrxu7VFJvXVWnpq0tT9py3hWdWlGvkOa4ereKtQxEE04tRsnyyS0Wl7PS979PgLR/Fn/BXX4IRvHfeGvEHi2wsE2iSGN9XhmC9ThFJORjkcqSCepI7/Rf+Cun7Vnw309Lf4u/s5+IJjDJ5VxNDpF9Zu65xIzAxuCTy2duM84Bxn9QPDf7Q+sRRIH1WOaNXH+uUSh1GMgKQQw5YEjnjthifV7b4v8AhzxBbGLXvDHhzWYpThnutNspy4YAnImgYnK884B9SM58DAcZZDUcViqmPwE2mmoU6kKafuyV5Uauzvy39m9/Q4s0yXOaa5Mw4MynNI/9BGGqRpVXa3ve9RTdo9HNb7pH4r6F/wAFgPgp4s+Kdp4i8beAdd8Ly28C2BhvrO4mt4eFd5AphjRXVgeQAw54A5P3fpX/AAUZ/Yv8aWKve+JdKsw/7oW+q2kSqhbIcsJYwxBJIIySemRXr+v/AAc/ZN+IupzTeJ/g14QNzN8rzw6Xb27NuADMRbrGoOc5GMZxyODXk3ij/gmH+wt4/jdI/DbeHZSxcS6VcNbhGPIwGO0nJHBJxggckGnHHcLY/Euph82xOGm5yUlLF025yuvfhHFRpyjdLSPNFa2ueZmEsnjh8NDMclzrL54elCnSWGhOdKnCDTjF+xqVFK13q4X06s8e8bfGP9gDXjf/AGrVvAsb3kUhW5SG3DMZByyY4U56rk9vU4/EH9r3xT+yNoIvIvCul6Z4nhvvNC6hZR2sJgdyx3/Ko3KPlGc445YdK/Uj4w/8EKPhR4jEtx8Mfi1eaKRC621rqjy3UKuQQADG/XJxgEY9AM1+H37Vn/BG/wDaX+Dtre6xpmp2Pi7QLRZHN5Y3shfy8llZrZpGZcKMsvIXnGTzX9KeDeecP5fmeFoS4uxd3OMYYTFVacaU3Pl0Uo1KlN+l1ey6aH5lxnllHNMsrvKcG8bKNNturCUcTFKzk3CrThKWlr2V7dd7fGsfhD4DeMJv+Jf4g0XRrq9DLAt60am3lPCo7kqGUd+foM8jn7v9iW71Z7m/8M+L/D2rPGpK29pcwsJlJ+XAL8Ag5wvIwR1+78++JPgD8U9Fk+zXGgSSS2pDyNbpJjIYkjch6lvvehzyeam0eP4j+GkWWCPX9FaJ9ssiS3jLhSGzhHOF45DcHnA7n+7KNfBSwaqQnCcXFTU2+a6ajs202l3btvZH8uSyyosZOniMPy8smuWUdb8yV3pq15u65TqtY/Ys+KWiKr6t4djgsZneWO9hljEZWIHAZ8kAttO0HBycnIGRzA+AurK9ulrAFDSbLhhKJJonUgM2MgHPbkfN6Yr9X/8Agm38S/gtq/xYm0r9sfxZreqeBp7RrfSdOnlnFgL2YgJ9vVmRkjJYncGAHoed39AFz/wTZ/4Jr/He1nvvhN8SpfCuoXEhuYLbTNegliVnO4K1vNIshX5hkIQQAARnIH5LxD4o5JkGaSyzGYfF6Ri/rMYJ0pJqMrJ80bpO6krtptWvqz7jB+GeLzHBUsfSi1Rq6pwpVq3LytK0/ZqfJffbl7vv/Jh8BP2GfH/7QOs3vh/w7reh6ANIje6vtW8T30On28cK8ERmdh5hI5IHzYBIxgmvLPi9+zXrvwv8UeJvBUuo6b4jvPDlxJHLqejXSXOnTbVOTbSJlXP+0CecADrn+tDxn/wQY1k2jX/we+P0LSXeGaCcz2zvGAWKNPBOisCMAlhgnOMgYPy5rn/BCr9ra31hG0i78P63aTuPtV6NTieSWMHDs4kLnLDJwxJbOcgcHzMPx/leLxXtVmlJYecafsqMo8sk5ctrvXmtpdXtd7XuZ4vgGl9UdJRw8a0X+8nOr7O12lblqqLTVrvTdWdj+TCTwndxQeXLbF388+ZHJGylCT3faAScEYJBz69T1XhzQjFp93cLb7IUYLOr/fYEEFlBHO0g4GRwRnjOP6l/iZ/wRX/aG0jRVkj8AWOrW7IiXQ0lVkvwyDMzhVAIBxlZMfNyFBFfkX8Vf2Sdc+G3ibUvA+q+GPEeh3HmMlvHd6ddLJcXS4AhHyYfdITyDlhjORivt8u4ly/NVVp0cRSqTglGMU48zk+VXUWr6rya1sr2dvh8ZwDi8C4zpSjUpStJzoSU47JJXg5K71Vr7t78p+d3gqK3fW7VoFXMdzKuyUHLRsOTkZDDGSoOM8YPBB9/8EaPZS/Eawle5kt9J09BfyQKpRGlRizMPl27s9SOOmOpo0H4Na7ovit7PxDo97p8NhOxkE1vLbzkTlhGXidQxUkghh0UgYGcD37QfBWof2yvhlNCu1uL22aK1vDF5UrrJkxqGcY2txg5BHHXaTXhZ5iUqVaMpRi5Q5W/hbvyrkajZ25bX1ttdMnD5FiIOEYwk2klrGWtlFct1quayT721SdzI+JPjRNQXUBp27ULO8iXzJJlGVjgOGWNj8wKjp3wemSSPmzXr7Sp9PVorUwyyD7M6RpldjBdx3AdQD03cfNnjNfV+rfCvXdG0q++06LfxJp0soe5EDzRMzEgoWAZSvHJzj14wR87JpZXW7m2vrdXtBG2MwlVjY5KsFxwFYgk9sdsV8zkE6CU4RqRk7p7pyi7rWzacbSvy2W2stmzXMMozHBKnOeHqRjO003DTdSS6aau176a6KyW58LNU03wdpuoEQrL5wxJK5CGNJU5Cqxz8obr7+4rqLj4t2cenDwzamM2Ml0127z4/e8g7VJGD1I7/Qc1w9/4JuLrTjDpt0BO4EqwgsjPECWIb1GDjoeSBx1rynX/AA7daVPbvPDKrMjKNrFgjrkbiAMgALnJAzx6jPsV8FSxM5TnrJv4tLxTV33SvZJtdVa9hYfGYyEVTaajJNNNNOzs7XSfovRdGzvNR1KzvNanuTI0SuEaOMAcMRtHy91PQ8Dj1JOM++0/TdR8I60oVZZrGf7RtkAMjSkcGNSDkcYIJPsAciuevNLvY9Fg1JJXPmsiAFCJXCkAkAngA54zyNpJNT3N6NI0DU5I2MUV3DGkhkwW8wgHG08kjd2OeMEAgiuzA0ZR5YxasnFNtJvo9F01S1Ts7Wa1TNeRVIylVclZN6ppe873bta91srp7PTQ+eLnRra6uojcQxASM5UK2NjMzE5BHHLAnj0+pkTwtHbyLb2l3d28jt5m62lkVNpycfIQAemM8/jnNHTvEMV1rtpZRW5mcXLRbW+YyMxIVhjOMZx90DnOMgk+t6z4budKsbPVvt0CJdTFHtw2JIsY3ZA7LwOThuhGCTXuStCUIuVpTaSW2rSaV2oq/knpddzyJT9nWb5pOLcbpXTT916tpJtv3dNtU1qcbpknjTQpluND8WaxZ7TuG27nQsyn7udw6YwMq2c8cHFeu6V+1X+0b4PS0l0nx9qzG2UFV+0yO+1MAh8EqrZ4wcY5x3rx6DUpEv5MEzRRRueSmHXB+bBUDknkgntnls1GQkiLOowJd3yK4Znc8FcEHgfdx8wABweBj0KOHxEkp3nG9rO7TSTirp6pLXq1eyejLxWa0sNCCi221omrJtcl1G/T3lu11s9D73+G3/BT79pPwzJ9m1TU7jWFukIYvKFkZCgDZYrgZGcEgkcnA4A7i5/4LAfFPTHfS9R8NwalbSyMW89YJHCqSMMxjO4YOCehAx0xn85NP0b7Xe6cFSSSeSZEEMIDyOuQQqBVxhR8mAo4x8xBOfP/ABxaNZ+IL6wETboJGQrKm2SA5JKOpHByCSASOck5I25rFV1i1ho4qXtYJSUOduSV4q6V+azd1tr5EvHznhPrH1aShzJKbS5L2UrbXva97X17J2P1lj/4K3adO0Ta98GNGvIigaeRtMsZFY9TuP2X5gevXudufujasf8AgqZ+zffM7eJP2fPCsjTNtkb+yLUEE5GXKwqCoBPbK544wK/JPT7nTrzw/e21xGkMkFoVVii5kc/dIJyTyNoOfTjivKhYJIFAtomLusTKSpzvkHLHnYSCeCOOR1PPtxr46kov6y7O0mmrrS26Sv8A9u/JLRtedDMaNXnc6MHyvZb7RWm9tVbla6N9Ln752n7fP7Cuq2sP9s/A/wANQLIHyg02JUCMORkRLweTnJI4HXpzkX7TX/BOXxBLLbf8KY0iW4M3mRLBaAPEzHkRoFO4EL1AwOpAxx+J3iPS7C3nt7BYIbfzNPTcEjVmVyAC+QB1zxk5AycE10Xwm8PpaeONKCQQ3PllJi/lBkRAhJ3qww2RxlsAbQMDsYvOMXh6M681Co4U5O7inZJR3SWknZ9Hq762s9sC6GNr06MYKHPOzt1d43Uk1pdpPVXVtddV+xGpfE3/AIJuanJI958O7TTmSLy2s1kNq6kjkkFeFXau4Z5JPOSK5m58Wf8ABMm5LQWXhu/0yUwg3M1tO0oVvRAo5TI+XscZGQOPyk+I8Vn/AMJfr5msrWKKUK8EiQqNpc/M4UAgAHkdOQSCTXN+HdO02LW7FZngnjliJlg2bEc5KojE4wDwOdozuwQDXXlXEdWdGL9lRftYJzlZ8yTte12rNq6Vla1uujwz+2XUMVWalJ4ZSmkkrtx5dFpdK6s7LS716H6QeKNR/wCCeRS7lsLXxIbgAvbywq4EvGMMSMgE9c4Bx8w4GOI0Bv2Mp4YZYdRutPngvVvYTqFpIzsYX3JFJKGA2yMoByewX7ozXzP4j0zw1caJO4tY9PntBsC2zK7SM2QCX5O3nGckd8gjn9C/2Cf+CdXw2/au+G3iDx14u+IF34dh07VBpcWmQQiW4KIeJSVG4AnBUkAbty7uTj0qniFhuGowxuMjRhTo1KclKdNzftLxcUrLmd7Wurafcfm+AzOHENHEe7UotKdOpefJG0kldN/aSVlza33urH7LfsX/APBRn9j74VeFfDFvrPi5rC6sJ7lNUSLT2d7W1+z+VE1tPjcFYAbeg3EkHOQPyg/aF+NvwQ+IPxZ8UeM7W8TVvD2o+Nb/AFqztruyDLf6M8xdRLINrxuy5bAb7vy+rH9IPC//AARW/ZuGmraXPxL18LLCizTSRiPzEx8uEIDYAyc9xjArrfD3/BIr9lS2kh8Nt4j8Q65K14IY5Um5kiDfcTHG1lypVgM5HHrpxD9K7D4mnmU1UnzZtgI4HF1YU6souhTu404qo0oJOTS008ji4T8NMkyjFqpQlGTWMnjqVKU6Wles4c8pTj70nKyV272W6R+P/wARf2yf2YopbHVbD4faVqV1ZWcOm21ve2sDwxrAqoY7cmMMUBXOJCxHIzivED/wUE8CaEZLrRfhroIDklIItKtz5SgttxM0RAweB8xKtk9at/8ABVn9mP4Z/s9fH+w+H/w00u50/Qv+EbtLt7e7BeQ6jJIyzS/NkKHAySABkkcg7a/Mg6ZFp9nbiWJGJuPLkiMYyEAGF4yF5+9xkjO7rz+ecM8VyxtGlVy2pKOGxz9rHntKfvP701Z6bPpsfu+PwmHhhPrNfDUvaUaUZWUFomo6NpO72u7Xb1vqfovc/wDBTHxS/wA2leBbSGKMhrVre0ghWNuwYrB8wGQMZwST7iuW1n/gol8b9dHlw6HZWocZAMbqRnhS/ltGDyB8o5+gr4qXVoIUEEUEcRaQLJGAuAgxkJkfKTyc5OcnnFbGq6vHcXcNtbHbBFFE7GNV8xCuNw3L97HXqQADjjivr5uVdOVWrOesW7u6u0nZ9NbO9mrt6HyVPOac37OnRjCKlayad3fz7WvbqtGe56t+2Z+0zf74xrK6XbSnZGYEbJwBgh3ZvukZ5P3hkrUGifGb42+J1vU8ReO9alijtnmRoriSOMOQTg+Xgbeg449etfO2r6rDczJbQ3Ep2SISGfaSWx054znGeTk+2D7t4T0a5m8KajdIHLQ221lU4dFcYYu2ckY45Gc9s4x5WIaprm53aNou7/wq1l21fe/KndJo7cNjva4qGHUOaTWraei0bvvd3bStb7t/KPGPinxVNqUEc2vavcteSRAyz3Vwxc5CfKDJt4Yk/d5PQHivdPg/a3R+J2mWc8ola2037TGq5kPmugJ353ZOTj5vYqOtcTDp3hy+nsrnVIvtTWqoVjgbc4ZX4LqMcnGQRxn8cdt4X8V6f4Z8Xvr+n6bLJIkKWqB84MLFRgMSwDAEEggkHB6AY8TGp1cPUUW1N02rq/Za6aau1rX6eR7DbdeMJJcjlBab6NKV0tOVtKybv8m7/qPpWkfDO5vdFsPFGoxXF6+hXl3daddSBIvtSQu8TlSSCU52jqTx0r80vinq8MWnalDbshRtcvRaDslolw4h2R4JTgHB5B5Kgj73u3g/RfiT8XfEvibxX4U0CfV7TwZ4bm1fX7m2jlmTR9IRChnuNowFUnad3T+IEjFfLHii2k1G4mV5vOMivdL5K7gGlkPykc42k9h1GM8Zr8T4NyfG4LjPOKmJzirjKdT2dT6rVnenhW5JxjFNWSai7Xu9HfR6fqme43B1+F8rw+GwEMPVpqVOVaELSrWjSXNKStqpXta6ak9Faz8u02a0k1O4Z5SrvGAEbozYwQvGSGyMcDGRknrX078F7Bb6b+z1hhitZ9Q08SyygfvClwjNFuP3Gcjjnsd2c15X8Ofh7q3iDX/sGn6FqGuagp2C2s7SaW4kDcLHFEicsGbGSevAAJzX7Y/sjf8ABIv9oz4o6fb61d+HLnwNoWq6lbzx6h4kZ7aSK2Do7PHYsFl3hTlZCQMk8gcV+hcacS5LlGV1qeMzHDU6k6VTlg6sVUknFXSgm5t3urQV99dzyeCuGcyxuYUsRDB1fq6qc06soyhSjFKN7ykuW7s17vS+5+sP7PV94ZHw7uJYREs1rokOn2S2wW4knuIrBkMLqgDsN+FAPfacHv8AB/gH/gkn+0T+058T9b8Sx+Fl8PeD9V1e7vU8Sa9CbKG3tpLkvuhgnZXnZk5UJjPGMZzX7Wfs0fs9fD79mv49+CfhVql0vi+6udJU3QuZ0msJdUYJIZRbvkLtIyA+cA8jAAr9n/HXj74X/DnTpb/xf4t0nQdKijV002C4gtQUQcRLbw7WdjjGFVdx46A5/kjC8d4rKq+Pnlbh7PEyalXrPljyzd7w51Ze9pd80rppQ2R/QvEeWRqVsswssBVxtaeHjVw8aNOdWMrOKjanTTlN7tXdONrXdr2/Lb9lr/gkZ+zV8AIrW78eQXHxh8XoiMNOuImfRLa4AU4jshkLskB+Zm24GcEcV+n+teDvD7+FYNG1+w0D4f8AgawhECWNvBp9nJFZRIuIjPtQW6bB8wT5uSW6HH5j/G7/AIKxeD/Bd3P4d+CnhJtY1SRCkWqTwtO7yEFUaCxRXnnJPIYNg8MR6/HmjfDv/goR+3P4hTVPFOoa14E+G19cCZbjWpp9Ot47V2G1rHTk8qeQlGB2NuzyOcYr5utmNfH4upjMxxsaFKTc61WcnT9rFSjeMbWxNWLfwxjClTsr26nQuGsypUaeIzStQyjDUlH2UcVVhUxFK8V/Cw0WsLh52btKpKtV6NLdfo98Z/8Agon+yd+zBoN5oXw/XS/GvinS7aWC003TCLlp59pUNLqO2UqA/wB5FCjORx0r8BfiV4f/AG6v+ClXiDULnw54J1/w34L1W9kk0xLiW70rwtZ2xkZlkBdkW4kKnJc5DEg4wMD96PhL/wAE2/2YvgWF8SfEmaH4heMGCSTX3iQpNCsycj7JZEkj5uVMm/oCRnOfqt/iha6TZx6D8PvDtloml2qeTDcpbQ2sMcUY2qYoYkRMYAwSCc8k15+Z+P8AkPBtsFleFpYvH0IuNKrKjGtUpyfIl7LDUXaC0+OtOLkr3b68mHyGOYOcMrw+NzCFR8uIx2Lq1MPhql/tSr1Vz1Fv7lCKX2Vokz+UPXf+CBnx98E+GLzxv4j+ImgNq6wNNJoLyLO0z7AVhjuGkYNvfjaACD0wAcSfs4/sx/Fn4M2OqQav4GsI9QkE6vraW6SOUclUjibbuJIxgI3BwecHH9K3i/W5L2K5u9f1OfVdzEtFK7G2TgnESA7Rt6HAOcjHQZ+KfiJ8TdE0h7uFbiPykViI0ClCUJyrYB+YYwAff04+18OfH3j3irF08PVwMZYedWDhz0+SpGm2vidJ8ln7rcE247czPpIeF2R0MtqY7HSjRxajJt4dyjRSaVlH27nOVtU5XjzLVKOx+JHxmHi2wvEj1OzNjcB3jXzIyjFRk+YTgbWY8jngj8a8j0HVtaiic/Y3uljkJdmUuCu45OQRnp0A6kgFeK+vf2hvG1r4xWYxQ2zJAzMZDGBMYyWzgjklRtxk5xg8kGvD/h7qfhmC3WO8Zbdwzti4G5HAB+Yr94tnJHUZ7V/oHkuc42vkGHliKfJOdFKpCLTTlaKdk02+y1vp03P5P4g4dw2E4mqrD1lKm6l4SaW142d2rd2rPS229/sz9mr48WXgWzaG/wDD10yOyqXjjcFxjlmVSSCvLZ5BCkZx1/RbSf2o/h/LZrDdT31oZFD/AOkRHZGSACvzxjCkjbksSoPXFflzonjr4b6FZyS28VteXm0EmBQwLcfK6ElVAxjoOp4GGzieJfjXoOrRrBbWMFqAqoSIxtBBOVDKqhc8Z565JXaDX5BnnCVDNsxeJqYScJSkvfStdylHVel03p0XXb9iwGf1cqy2jQji4VHCnFW2drRWjWnlqu9ux+vR+MXws1qEyRajpNxckEqryRwyrkE429znk5A4xzXgnjvxLbXMck2ktp08IVggM8TsQCfukHgqpHbcRySa/JPUNcS/SSXTb/7JdNLxGlyQMHj5ACCSSTnpk4z1rNi8QeONPUIt5qNxCwVg8dxIUQ+p59D0XkHoSuRXrZfwXQwypuNm3yuzSdveWrTTbvqrJXvrfRHj4vi7E1YSu3FNbwk23rG2jS1Wt7Xv3Wp9PeNvEPiG2kuZ/Kj8rc/lRFgw5LD7oJJxkkE5JPbqa+c9R1y7me4ju7Yli7OXRfKbBGcAHJIBbgnHPC5OAOUuviX4mjk26ldJdxKWAWU/MpAxtJA+VvQEDjuScCZPFmnalLCL21EAdP3hLgLITkkrycsPvdCcDgev6TgMLSwihCNKyglzWiuaUpW1aWydrLZpfNL4nG46tiLydSblp7stXq0rtK6V3p1st9WcZ4l1C5mjuHtlLNDaySRpKwEuViYjGB0Gc88eihuv5if27rN98RXm1UyTztqkyQuJXKxIjlUBHzKyAcY4xjIOMZ/WfX7Pw9q0LQ2l5bWzyQOjsCTIUZCGAfcMPu4C9c9jwK/PnXvg9b6N4gutTstQe8SXUGfO/wDeQlnySoHJPcAcdSMDkfqPCmY5dClj6GKlBTnBqnKSjZPkitpXd7u11Zxez7/zR40Qzan/AGNicFCvONDHRlXjQ6xTpu8lqrLpJbPTq2/ovSYhNpqSTxgzeXEWYOOV2KQBxkjcec+pOBwR0NvpsN/FtmjhUIqqEYBWZcDPzjIAUg9ev4ZLPCPhW7ubK3aGOW7ihgjUB9yykgAAAHJPPPf5QD3BrsbfSbuEMslpPCFBWQlAcJyQRgZ65IAyOST904+UxDg69eMXeN53e91zKzfTbS9+29kfuvCtWWMynA1p86csNR5lJtyb5YP3kk1o9HfpZdzmrfw9bJvitpSHB+dWwVUZOCnCksCePmA5wQAc10WjWOoaVfRyxs/VfnOWAXLAFixPzYBK++AMdDvWGjRm4jeG6Hk7VE4kG1iWGcZzjcSNu5SOQDnmt6W3SwZUI+QHc43qcoAMMTggnOdozkA8nA58HHQk6M4R95bJq7dnazbXRptJPW6fU+rjRgpKV9I2kmn10a16pry1d9+usPFWpQosUc87SRkqSXbG0DaOMcEEKCCRz6jpwHi+GbUllupZhNdMm5S4B6AZXJAAIyc9MgD6DpF1O2eYK0SlSeC2EPPfdgFiB2x83qM1la1cI1tcxxBWdkby8p0Dc438/L0B7ZHOOo8DKcDDDYxV40lTlzayV1fa97attdO610KxGInUoqGrXm3o0lo03pfte91do+brm4igvZUu7LzTG+C8Z2qDjCuuFxuzgdPmPIPOa1BNocyRuZJYpEXIUx5weu1uOo45PHGOnIXUbXUjcyCO2AIbEhSMurZydwJz146nIy2B0NOXSzPaypHFLHdRwtvLKAGO3gHIO3JPYhhk4H3a/T8M5SpwvezV7NvT4ZOyaTf/ALbbXofNzSek4aN7Oy1tFu3NvZrd3/HlLsNpY3PzyXNvNvIMfKo6HsMfKOmecDr26jo00yxFjLcXawSWVuCrT+aqJEgXJZixH3RwSST175r5w8S6r/wiQcatqaxsyrJb2SMGuJypBARVbKAcZyM5BznPHlHi34m6zrhsdHhmnstP2LNc2cMjLJcE4CmcqejgEYOMgHIA68eMxqw7adnJqLSvZ62smtL7O/nol0J+tUqcXaMXKyvF2tq1ru9dL2tZvXc9h8V+NbD7RPp/g603xxLifWLji3t2UHc0GcByNx2sM9SRx8p8t0XQk8Q6zBLcynU7tXDSahqH7yKIu5GII23YRcgjAHHTg8cpfa+y2cdkX8kOgD28B27QpxtYj5nbB+Ynk8ZAJYjQ0XV5oI0MYkhCqNpXuFYMc465xk5OcDGc4z87is6qRUlCzaW7VtbRezTVn3bV9ErdOWpB4hq692WtkraWjva6Wlt35WimmXP2iPBd74FuND1S0vlMF4hdljYlGljRWIRAQFQ54A5U5wT28u8K3Yubya+niDu1ihnLEqSzHGeGIJP94DqM8HFe5/tLeJE8R+HfhjHarHJLBp0gu9qgF5AoX5wMhn4JBJ7fKQDz4/4esYU+2qyiKVbGFXBz8rnlQ3HCjJI+XgH0xXlrMKuLoxnVlyu65ot8sW9LOzdlo9U9dW1sZ08BSw9WcKdNe9HnTWjbkotva13rdab3T009i8F3P2G5lu4rtrZgiOFjbCkf3T1BbGeTzxg1ueJNSstTv7aSQSxEXKB324muSwUYVUBclixCgBsnjAHFO+D3w08d/FTxHp3g/wAA+H7nxHrt4YlKWsLvHaqXObi7n2mOCBF+Z3YgYGMHJr9ovA/7JHwI/ZC0W1+Jv7S+pWXjbx+8K3Wj+BIpElsbbUdpMCC0DM1xIsoUPMVKfLyuDz8VxPx1lPDsFhqfNjs2rrkw+XYP95iKk5cqTko+7ThdrmnKyXS9j6jIOEsfmtVVJQeGwUJc1XEVuZQ5dHLlcmlJ2T0jbfXVJr8xf2fB4c8J/G/w5rvjLRr63sIr+xazsr6J4VlDSKI711nXmJC27Lggg88Yr9rP+CkngLSfH/7Kfwq+J3gvVNI1HUNF8ZQ2s5i+zPItrfKkcdtGkQBOzdwMfLnOM4z+TXjrxPrnxW+L2rfEGTRbSwWS68vR9FsrZYoLDTUbZaxiFEVNyxBdx253YHavuv4ZfBrUPHfwO8W6v4n8ZXlvYaHqMep6f4VN1J9k+1wDzAwiL7FBKqoKqMHJBr8dzbgnFZ3xTkHHuPxVbCY3LqMovL3OUqUYVknKMVt7SKk4yaVpdfhR+vYGeHwWVVsmwlNSpTqczrqCUpq0d21ZRejbvpsmfOVh4Z8e+GNE0XT7XQINH/tW3SO+1ZrcvKY58FSZ1VfncMCuH4HPBNej+C/hvrXhnVEu9SunuWuwfs7xAzTNvXd85bPyBGxyenQcive9O+Ingy38OWPh7xb4isdDOnWIkkgvri3dpn24hS3lcFizjYFJyVLKQSAMfPXxJ+P/AIX8IaXqt1FqKajNPby2GiaJZzo1w3nxFVv7idCSgUEEBSnJBwABX3VLKsfjqipUsNKMak4x53CTk1Llu3KzTh1TbW9u6O7B0cLThf2ivSh70G1pKNlL3bvVJO92rPTVWPLf20f2i/DPhfRvDngX4Ow3Vx45VH/4SnWkffa6XtUiSGMAshuAwY5ydmDwAAK/JwW954iv21jxBe3F1cGUzyG6keaWZ2kBYvIxYYJJ2xr8pGMjOCPRfEGqrcT6hcqwE2oXlze3UjSGSaPzXZ2DSOSf4sD5uQfSuEs0vdZvo9N0e3muJbh/JhhgjeWWa4lYKiQRRhnllkYrtUA5PYAYr9t4X4KnGFDDYah7XEVVBzcKcXKUvcum0ua3ddr3W6Pg+K+IMtyinUxuY4ynTw9KPPyTmoxSiotczdr2a6emt2jobrXgkS2liIo5sCFURAFjQL1BH3S2Ofu85Jz2+yP2O/2Bvil+1Bq134k1OdvAnwf0V1uPFnxK19DZ6bBYxEPc22kvcBFu7l0DqpiLYJXGT0+0/wBk3/gmh4Z8IeCbX9o39tfU08B/Dm1RNU0TwLdOsPinxlJGizW8BtXKzR29wdilNpJVtxPPHE/tkf8ABQifx7pK/C34WWNr8Lvgj4ZhNnovhLQ/LsReW9uDEL7WpYPLNxPIi7ykmeSQ3XNfuuSZFlWQ4aWJzF0qlem06tadnh6Ekr+ypp2WKxF94R/d03rOTa5X/Cnin4657xFi1w9wVGpiMRXbp0lhW5TlF8sPbVGtMPQV04znedS1qcPtHvfxT/a3+FP7K/gS4+An7Gmj2ukWMcMlh4n+KkiRnxH4mu0j8q8mt7zaJoYpGDFSHACHPUc/gL8df2hfsd7Pdajq1xq+s6pcs+oXone4ltzJJmSSSV3Zmk+YvknJPAOM1498SfjZqmoNPY6DJLJblXSbUwWyzA5KxA5xgcDkAqD1zXx/rV7JqjyK80peRjJK8m53eQEkuxYkDnjBxtB9zXz3EnG1bHU54HK6bwmCd41JRl++xElyrmqzVnJWXuwVoQStFJWODwz8DKmHxcOK+N8VLN88qydWjRrJTw+C53GShSpSuo2espfHJxvKT0Ps+4/ZcuPjrod149+HXjNdd1T7IZjYXT/vHnVd0tkzEs1tIrcLkEv1AB6/Bvi34PfELwn4htvC/i7Qrrw7qd/deVD/AGzG0NtOWfYkkVw6rG8JGPm3Dht33cGvTvhV8WfH/wAKPEFpq/g3V57Ly5o2uLA7zYX0cZBeKeLdsPmBdpOwMMgjnIr9WPG/7SPwF/aJ/Z88VP8AEbQbCx+KPh/R0/siy8tI777coUJd6TeDDldxJaLLcEYGBx+XYmNVNTinKbaUpvu7c19+1+tnf5f0/h6UKUqdPkXsI8qUYrl5Yrlurp2aUdnto9z8sk/Y0+Ms9gNQ0vSLDUHt1SVksb6NxIjYaN7cISrqVJY993y9eG851zwV8RfA8wk8ReF9Z021hJima6tZJLNmX7zeaoZVUDu23jkcHI9h+G/7QvxI+FN9HJo+oTaposm1ZtF1V5J4HhU/6tWYl4n2fKMMBgdecH9Ffhf+0l8Jvi/ptz4d8Tiw8N6xqCAPpOuwRTaRcy9GWG4mVjGHbIVQ4I4APU151TE5ng5Nyw0a9NtOUqaalCK5XdppvvzXto1rbb7XA5JkmZ0+WhjamCxNrezrpOnNuzXLNW3d09bvtqfiffW2hao/mSBLC5kYgywEbG9Q4XOPm52nPOPUVyV54d1Cyke6tnW8tgxCyQkH5CRgspOQQMbjkg9O4B/bP4t/sefCvWg2pW+h33gwXK/aI9e8MsuqaHI0oJEklrCXaKPjewyRjp1wfiHxF+xj8ULOW4uPh7rOlfEPS4zIyx6VcrFqIVfveZp7nziQDtIAz6chq2weYYTEQnKcnTlf7TUUm+VdXZ21vqedjeHsdgqihyKtBWanTaaklazVk2rq1kr6q+7sfB4MjK/mKF4KNEx5fn7yckEg4Izg9+wr7R+D3xG+C3j7w1pHwj+OPhqz0O3sle18O/EXRrcR6lZ3M2VhXUWAxNEjkMWlDDaDjvXzp4x8CeLPCt5JZeL/AA1qugXqyMrG9sprblSCCGKhT2wwIyOQSGwPPGtGjLMjeYMjKsM/MpyWbnAbnd0BzxgkZrtouKbnHlqRaf8AevFySair7638vJ2t5ao1KT5ZwnGz1TTTbultJXvazf2UrJpbH3R4t+EPxx/Zvvx4p+HGv3fjb4ZSEXVnrOkM1/p0lq2WVL63iaQwyCPCyHCqCedvQ+wfC39sjwtrwj0/x3anw/qWUja9iUm0eQ5X98u39zk/MS5bGc8jIPx38JP2lPiZ8IytjpGqHV/DU48u88La3m90q6hc7JUWK4Em0lQQrAArnpjr9Cy+D/2f/wBphJLvwdf2nwj+JE8UktzoV3iLQNVuihdzE5ISJ5ZMleFA3jaOOPWw9acFH6rVld7UZvS9ot2d5Wd7advuVfWI05curgndXu1a17X1cXoulk3fo7/UHxJutN1bQdM1fQb+z1bTnm3m5s5ElBZyCBlSSpXI3ZGBgjsK8H1W2mkgmmeEhotpQlgARgAdcfXP04z1+RNd0H40/Ai/S21O31G10m3uiI5o55L3Qr9Y2IDpIC0arMADkYwD7E16Xpv7Rvh7xHZzWmu2p0e/ityqTW/zQXDInAXGBGGbk/XsQTXr08zn7P2VWnKnK3vK6s5WWqduVq718+iSaMpyw9XmlP8Adtpaaat8ukXto9VLe61021rnxd4f0nxGItVvfKnijWQIuMLIowqErwD0788HgkA5vxE+Jlm+m2VzbXzpMJw1vbIxG6MhVEjkZG1jkgfKeSeB974913Wpb/xFc3kx86OeWWRXkbDGPefKHXpggKMYJ5Iziui0m3u/EFxa22tX1vY2jzIkc0hGUiTBVcjnG3oO+7jGOPnMfneLUXTV1By05VJtt8qTb5rJrazSvrdWsnwxjDmlJJebs7O6Tu5O3Ne1klZLqd7dfE7xDqFm5lvV3I+07cmQJn5BvO4LtGNuQd3bABJ5q71wanYXC31qwVmUvKzEF2xy5yAWVgN2M988c16PN4E8LX1tKmm6mtvNDAWSGZgiXUsADPODkl1YAkBc5PQ54PnOuabY6dbadNLdm5E5k86FZFUIY8hH2nb8m1eAcfL04GK8z63iMXBKpKcopcrUm9fhSu5J2tfotV2ByjHe3RN7pX5VrdPe+1r762PG9bv305XjtkMbO7NGxUxkKSVyrHqOnPr8wB4rOsNWnuA0BlkWVhtZg2VUbcsc898jOBkkD3rS8RXVlqbS28M2QvyrcOmVGG+6CM4AAwOc7cH1NctFp01gsjW08TgurPLkcKQCVVR1HT5cYPTjGTxyw10ne9rKyau5NQ7Np3fq1p7qvove5VyvtZO1nt0V07eWvltbrDNIyKIXAuI1ZYd25nkbJG5VJwAMkgtx1x612eiWban4c1i3kcLfEFVXaAGkRdxd2Prj8Djjqx8dtLt1mmmuHk3o5ETLxls9Mep9OgBPXjPcaLryW1hcQz3LRS3dwpiYNt2IvXJ47Agg8nrnGKwlhuWN4vS/e+3La9n7r131be60HSm7tSXfR6L7NrpWa1tZ2d73v2pad4gmsw+nXFt9ouy7RgxrtAMYKhSOcheCOSc9Ce2/pGtRaaXhlI/tK8OYpOSLWMglmU5xuHOMAYOCFGTVafUreVzZ2trFNcSSZF2sYEnzqQzDGSeuAQTuzjI3Vy9xpV9bObkwySgvIssrOQVJYbSq9ieenJJPQYI4alGM04ySaa+F9VpdWaV3f4rq3d7sq0lZp69NbXT5X2Tb6t76bo7i/wDF99fWlzYG9k+ywRFCgdmMrcktktgFiOQAMLwAODXj2t3UJZIY2OdpeUyBiy5688MecHjcTxjoM3J9RmtrhYUTnowdCMt1Jc454wOT7gk4Fc5cEy3JMjB2d23gLz1BweQFC9MnqCcDHFdGBwdPD35IxipNX5Vy3u1s1ZN27JrTfUqVSpUS55ttJRV23o7W1bu/u6PyZH5yo0coJygJT5WJJJJHOSMgsMcZGOa0NNNxcXLxkuz3PyggkkAnnODjvng/U4JzlkOWdNu0KNozjI24yFVRzjk++ciun0OynAku1IUoAYVJw7ZyMLg/TIPY7iO9ejVjy0WovSzvo73uo9V8r9k7PRsqnG7sno5K91r9lWSdlv3+9brvdD021WOSMkSzA/O0wG0ADJA4GCffqRxXVmKKFAIGLEHa5ZfljQ4O0kgYGcBepOMZHLDibPVjYklYx5pLGXJLL8w4YnocFR29CcE8dbpusWc0UqShQ5TMjOcBm/h28DJBOACSOPpnxJqaa0utLXurbK7Vn8k3pdWex7OE9nTTso62vdtdI287dk3stFsacEohdIw7ku+GAGAwOe54wc578DGOoPVadeNEhiWNUSBt6lmyWJOVXPUDBAOcnLdsZrn7G5smjjIhLSs/ll2bJyeNwXB5AHAAHbGOtdKdEV1gW1kDTGQl0bcXc9T8q5O0DoSOBkg1cJxVld7bLd35bX6XbtomtvM9nA1+SpeDs33bV0+XR3vfXXTayS3aPpj4dapLqWk4cSL5BKEAnbFHgY5JOc4ycEccH0P9NX/BAC7jsPHX7Rl00h8oeE9NiVmY7SzGYAHsdzEAAAdCcHrX8y/wp0uSLQ7+WU4ZplixHnZleCRjnn5gfYcYJAH7mf8ABMD49aD+zt8Ov2vfiDqEsS3GkeGNLg06KZ0QXV9IZFhhUkgl5GY7SAQM9BjB/qbwxw31zKaGHj/FxMUruLb5VOEnJq2yjBuzaS79v3rw7pVMwzjLKNSpFxrqKlObtCFPmTm5PdRUE5Xe2j8j5T+JbNJ+2HLbuYyP+FzX1ywyCVJ1WVsM3QjpwO/Gcgg5f7Z/iyfSPilqclpKqvLL5cLrJs8uRYVQh8YGApLEZxjII4zXz34J+INx8Sf2l/D/AIkuJmebXvHEusyIj7whu7sz7M9f3Yk2k8Egc88VL+29Hruu/GbXNK0BLm5mjCyrDCrNJu43MMMSNyjG4k9c55r6zx2x9PGcDY5QclRhjcNgefnW1GlT952ulFxTTWiXlqfoHj9UweJxqzfKJuvTnUeGhKlNyUqlKlSg5rl02i2lpbd7s+XNa+Jet3WoixW+KyWkpkEhyFZ1JY4bIw27+LDcA8HPH2B4A8SH4reCZbeeYDXNFgCtLuA85kjKoAAQThQRu5KkFsYOa/NXWdL8R6XcpHqttLayEnzjIu2YKrEESE5Kkn1PIycYJA9T+Bnjm58LeL43GoSQaPJPCuoQP910LBMkFmzkc+mSR0zX8CzyvDytVotOUW+VwaV7Ri1t8r7622Z/M2VcQYvCY/kxDnGFSfJOM200mk03za3ildt/itRnxr8IzadqsGpbDJPcLJBdpNjG9SVJA28ZUcEdSeuOK+ebG0t7S/nt0QGSZRw52CPcTkg44I5G3OT0IYkA/pp8e/CNr4k0JvEug7Lq2ZFuUjiKuVOxS04xuAGch1Ix1OATX50azZ3CXhVosXAdC8gGMKCMLxjnkkEEZB+/gV6FLGVKuG9jVfK6dkuZNt2VrrS92kmloru71tf3+JMpo4lRxdNKpGtCM1KKW/KubVaXbitLbp7Oxz/iOB4H8xE8xSqxFyuIwoA54xllAJx94YJHYnl0eBoVtyscqgM4IOBnOeT6DPrkZ9OK9jkWzuNLW0KKJ5FdSHAdRkfezxhsnkk87m7CvCvEOi6jol7ELYy3VpIhkzGPubuSMjIG0ZAyOCPWt8BVhK9OckpJ+63LdXWqemvNb0s9tj8VzbAeyrNWk1urp6NuK6pu2tl00ZXu7mMjB3nacK3LLuUAFCehGRgdMENx3ObHcyXEqyNIrq+5BHnlWAwHPUcHGSDjJOG4zVOTVoDAiNIN2/Yscg+4ecljgY65yfSs2LdcloVlWOZA0hbG1cZOFHPU5Ck9FIAySCD7kYKyuu2zd7aLd6XS7723PB9g+Z7NaWei1vHW19U9rWtq3odXDfTAPbNckEEk7mwjY/gA4JJHAwST1A7Vt6VrQ0y8jcIoiYq1wrncoUMCTtOQu4jI5JI4yM15vJcNFOI55cFEG0g72yMnA5yeB97BxzjpxXF6ZgEkk2Oz4jbO75R3IHTOCADzwB0NVGEm7Rk1pdO7Wlr3t82mtL6NJ6jVKVOS0+0kntJu8XbyduZdF80fWV7f6brVlHPbFSzBQCo/dgqpwG4+8CVOQef5Z/hVLxdfsvtAPkzM0BRh5YcfdU553ccrnOSccYOPJPB2tzAtp7uj27SD52YqoYKCOegzgZJzg7R1zj23R2tbrUNJuDc7mtJYlaPIXncCFdgANgGT+Zzzx7PD+cyyvNMNUqN+xVaHtIu/LyuUb330t6XX3m+IwlTF4WpCNNybiuVbe87K2qeidnpo+nW/07B4Rtp7WCe9sYZFdCm0JysYKkEtjG5c5BPOe44FfMXxX059Ev5pbaNfsdx+7iUYABHGQedpXOOmehOOlfeEM1vLoEUtqsTrsQnnLiUoFdcjcMDp3AxwfmNfKXx3tyuiwXMUCh2lJKBQxBPBKjjB5HseQQcFq/beNYZXicmWOwlOFOq6dOpSlGybTUb6re6eu1nb0PAyjA1aWI9jU51ytOScdFpFNXfTVa2SWltVY+Ir57q1+0xqNyTHbkc43HLFeCSAfQDgAcVw0xypUux2uQcZ+Ug9gT16cY5wRya9GlurCwYy3aSyzgP5UeOV+Xg4J6DdjgDj0yBXIBknuXlW2ARtxRFHyiQtn5udpznk4JJIxjGK/BefVuT3aUb77xbTS9b39O9j62rTpxUeSSvorLorRurKzS0vfqmtDCZh5itKoGzaTubDEcg5HXB2kAnvgdzj6V/ZYYL8YvDjMIlRvM2hzhipHA/hIJGVHTOTkHivFLbRTqE26Vo0jX5eTxkD7o2j5jjqCeT+FegeCb8eCfEFrrthIPtllMpiLkhiQ2WRsfdU/MBz0+bPzGiNanCpDm1UJKTSVr8rjdu1rLra2qVuummEqKjiKVR35ITi9l9lpu/XeK1183e9/wBsozMlzJJtDBZ5FibPBUtuCkAcD7wBIyMd++3cOqLGY4StyArO6Hrn7zAEYyqjJUgDHOa8M+E3xNtPiJpkjMyQanbBXuYA6qwIRcybSTkFumQcgZ+bcDXtEciXQGJiJ1O3J4BQY6EcEH3GT8w7DP6DlGMjWhGcJNpcq0tuuV2v32UWvNX0Pt606OJpxqwlzKSvZWT5vdvZy637J3u7KyOws9cF3HEjllJBjcswCkqMKwHY8ggZOMdehq6tw0SO8Z5jPygkY3MeGz6FcAkE44XNcbMFtlj8sBSwAOAeGxnOS3DNzyGPGMggknptPvklhKtCG2p5bqfvEgZWTH3s5zyMKMkdq+rpyUrbPpa8r3drvW2nROz66nku0JW0Wy0vfVp6vzt3Wj7tJxvczsjtGzu7t8yANlTyCepA9e3YdOBUuYpJ4mC/PIqgYJJZTwTgZGSMdCcYXnHJrr7eTTI4UkhyJZFBPclivIcHkYBwvYdhXO6jI1uVeOUEZYllUHbnOEc9Bkg8jvyFOTWFand2d7aO9k30ez3d/wAFdm9O6aerWmzTd24/ZvbXSKbvuZttNIsqQTfdwdspBHOMBePujjBUHgn5vlNdbpupS2+0s7q1qylHBOSox1xgnnrnHU4O4EVzYWG4i82M5kUbWR+XZzn7uMgMxweoyPlx0p1s7QTFXk3RyodytnaSBgDnADKflOMnqQODn5zMcDQxEJwnGLvdK6b1dmr3cVulZrXRanoYfEzhUTTas0rp6XdvxUkmrK7V79T2O31eWaMTlxLgqwGB5RDY+9n7rdASDznOPug5+s6TpfiRZYLyxWGdcPDcxhQ6EjcdrgDggAjOTkD1GOW0i/LRE7dkCuUdCOvXa5yTg8qDjrztAxiurt5VyRJMBFIFZJA23y8EYXn3PTPTjAIIr8tzXJ6uDlKvh7x+1daO+jV29Wm1votNVa7PrcHioYmEYVVGTa1uk29Elq3e+qWm1rO2qPN2svEvhB3kRZtS0UZdhgu6xjIwQ2QNvOT0wMgcEVoWo0TxKPN0+dbW4ZCZIJCEzKFJwQR94EZDDcTkDIGCPSHuVdBBPOoEh2KHB8tozzgg9Tg98EeteZeIfBcZlN/oVy1lqETOzRxkrE5LZ3YGFyQTzglj1IxmuTA5vOM40cUuTV2m7qL+H5d9W+t158uOwFlKpQvNO146cyso3S1s9L9FbR67OPy7qzlkhmiVPLAEUhY7XC8Ekjhu5BPPI9aqyNGDIzlog65YA7ssMEMBgnqBknPXoRyIbXxZNEx0bxPbrHKP3UdyRtAAyu/f7kAg5wT0JyKtX1m4t0m06YXMDKSuFDkBipIL5PBGcEAj+EEE19PTrQqQTTUk7Waaalta7WqavdfjsfPV3KK872d07rl5d15aXtro7PvS81bfLsA8cyAggBinHygHnnHb0HQcVmy3fnmRYkWIxqzeWDy5OQpXBUA8evHTvUskAxGdxQqSJo2yCGJJORjaOQQvB/hHJwKybmF4XfJGw/OroBvUZPzFvQ7iAOCDjPbHRUjT9mmlq0lfT+6r6q66K787WRy+3ko812num2rX01011eq5kl59Hq2t9cPiO4RWjjwyg/IWHOR0xnjg/e659239yIpkuLZzC6Auky8n5Tgp8vG0EcEk5yT1rJiuWZXhcuUIAWcnG0H1PUZ9+voDiqVxOpDwI7s6ZAAJ2EHBBGeM8DK45P054qlCE46xUk0t7X7LXq3bpdvfXpDryjBSvZ3ei1s7RvZLvps272Teh6voXi6LUrc20h23ESCOZJCG87jaz45+YDBJ2nktnpWoNUl0yRXDE20pG6SNiU2tjGQoOGGe5UYycnpXglvqE+nXcNyigOpAcq2Aynhgc5y2Oq9Tgc8Zr1q01G31C2eW1IdWiX7Rakj7xyWK5zyME5AHXAznn5zMMoptOooe7dJafDdL4k1bfZ3WjWjW/RQzCaXxWa+WjSdmm/PS+t1fW7O+g16dY98M4cvgpnncpByA27B29wM469OlebxXdsyI07J5b4CgtlWGcANk8H7qkZwD1A5HAfapLb5oSXtiQVUkbonHynceQBkE56dcdgNyNodUtowFWK6Jz5mRtkVRjaM9z2HBBB9MjwamVUH/AMu42sry5dNXF8rtqk31a36aaepRzWtye7UkrXfV63V33W19bbp72Ov/AOE4uVRYjO5cuDvOCpBONw45UH07qRgZIM8fi65AWQXTKwJbcrN14wQv3RgDjvnOT2Pm8ptYYvLLkOAyBTwSynjDHqBjjnHAI5qS2WWZB5SgyAYUNypzgKcjqQTglhgHg5xXJUyDCSs50YNSStdN3SstrfO9+vTU6qed41WSxDTvFWTduj030atsrvS57PpnxF1O1eOU3Ur8KN25sgKc5I3A9MFuvHrk49p0D4q3bqs5lV2YBXiMpDLjkNtyAAc+4A/T42hme3Bjut6MAyDYDtLHknG0AMcdMZPvUcuq6hZxmSK5KqHBIQbXVQDhsA4ORkNxnknvXkYzgTKsc/ewtNSlpeMItrWPva20fZ2a1vsre5h+MsywfIo4io7Wi05treKslLXztor6X6H6AwfE28M0ci3Cx7sArHMx2L1LnLHuTkEcD5uOK9FtfH+o3dpETfh8qQwDDoeV3Be5B56Yzkk4NfmfonjR0OZZpRKCCCzHawLA+uT6nIOc49QPUtO+I9xbyDEgVCFACvncMcluc8Acds4OBXwuYeFmEcpexw1Nty2VLSyaV7pJdL69t0fWYDxIrKyq1pRuo7Sem122rarz0t3Z9pzeMbuHfGZHYNg7cldoxu+XkKSMnBxnPG08AXNO8c3rAxQXJiwoJeQ8g524X5hk9AOQCAABuya+Sv8AhaCXLHaxbBTfuw2wcAkHZ8wwAOn3QM4J46Ky8X2FzJA/npHuYZXzNnOcYPzDlsgAkfQYBr5nF+FtCMJOWCpyaaWlO/8AK9Hb+bu3ZWZ9BhPEVzxFliXy2S1m23bltrd9NOvpue+eJF1DxNbLNcSyyvBlkkwSwA6FSp6LwcbhxyeAK8C1zx3rnhCVILsreWsW9N+SsqE9MsT1AI4I7d+tdcvxCNorRJdqIEGQFdCUIBPA4BGCc9OMHAzx4B8TvFjXqXFxD5TpsDMMKSepLYJ4Izhc5x1wBjHtcP8ABcIShha+CiqSs43g01Zxttrrtto7t3s7efnvFvOpV6GKaqO6cVK6lqnteTd7L0vq03p4t8fLQeLrS18W+GIZk8RwgrqVhFiP7ZbLkjaqBdz7cg7RnP4V+Nn7XHiIa/e+FVmW7t7zTbea0vLS5Vla0feMRAsFJU4zuGMgc5FfqvefEZ9NuHkNrJIgXCq3WJ+VyoPzFQAS3GCD0xmvl34qaP4H+I0sq69pUS3UhLJewwiOTexO3cdu7cBgA56g/eWv2ThvhXDZfiqOI9klOknCFTVNRmkuW/2k76NNNK6Z+N8S51WzLD1aKqJRq2bj0bi4tOz3ba33Wx+QmtSB2gyxZUiVAw4GSowR97p3wSccdRWENwOBnaGySV6nBAB7geuOnTP8VfcviT9mC1vxLN4f11Y2iVmjtrnG84ySNwO7ALdccDbk4rwrW/gH4/0cSS/2d9uSM5aW2PmBkySDgdsDI6kA845r9FnRbcbO6avo9Xazeny7Pa2p+ZypVVfni0r/ABJXskk1ZWsmlbTl09Lnh3zMQHY91BPfnpz8uQep6jPHXA9A8MWsk7LPF/Cq/Lk7mC5HCnleCDjAOeexxn3PhDVdMf8A4mVhcWgAO3fFIvOG9sYHOMjBPfO2rWkX0+lzhliMiDBaMowLjOODn72O3BxnvmtnRkqTbXLz2aulq/du9For9Neq0i0jK9pJNXSd9Vo9Y2921te2/Zd/XLdpBGqszbiSCMkEFgcjgdM59MDIBwSazr4Sx7gxJRnyny52kggMCSOmcHPJ5PU1oad4v0G6i8m+jms3xtDCPCjoB83Hynkkk8Y5/ujopNMsNTt2bT9TtJj94Ruyh143AAEnBJ/H7re9cssNKPK+WL633WnK9769FtfY7lOE4OzV90ns7WV36afLbS58t6txfXKMRu89wxBPzHdk8nHI45A6EKe1QRtukUEZUDOSQRnBySoPPQHp1961td0y5t9UvI54DGPOlf8A2SozkjjO0noT+XODmRxssijbjAAxzk899zZ5wOGx74Ga6OVqHK4tadrp2t0aevko77dzhaSb5Ytu9u6s92k9raLTXtpv6t4UdUt8cDI6DBXpgjHbO3J546jmvu79h8uvxq0yUqxK2V3tKkZXch+mcYb15yPcfCHhZFa2JYhW4UKFOSRyMY6nGcc4x05IFfod+wFpcWqfG6KKeQQ+RoWoXEZBJUyRoWCnsNzEA4PygGvxrxepe04M4jhyq8srrpxt/NBLTbTo1ZXuu5+t+EuJjR4syGbfLyZhQk76JWlHz20fVaH7CXcySajCDtYuxOc/KBuBbLYHQEgk9xj1x+lXwaEafD/xfuIiD+Cr8KF4JbyHwSBnqAfViBwO4+APBXgpPGt5qMk7yW0djIqI0JLM7iTCnAzgN2B5I6881+oXw6+EniXT/ht41voYZb7TLTwheMZoVJlghFqxJl25PTJPOcckHv8AxdwJwrmuW5Xj8xlhpRwuJy+vyzXxJKnK3Trrrra9tT+ouPeK8rzHOMDgY4mE8RQx+GcoO/uqVWCtezu1Z3XRu77H5g+GYjDcuMF8vOSWxwTK23DMDxyCcMSfUjOPmP8AbNji/wCEf8PA8stw4bjBHBBDHkAryTkcEDnIyfpzRJx9r8rJUrLPgsDlcSMMHjg/UD7uD0BPyn+2XcwromgQhiWa4kzk9SRjjPQEk44PPbGK/E+CaNX/AIiJl8mpe5WrXert7reui29dFuftmd1of6vYlpJp4eFnpq1Glq7b6O6Wt9Lp62/L26ika7mZRgI74/vEDg7c4446EDk9MEZ3bVUSxcEbQGRichcglQ3PHTjcP5jIpJIlE7KmCG2sfptGcEdM4JyPcZ6Gppo0MBIkUrvAI4xjqc44BzjkkkkfRq/uOlW5qdGKcvc5W7bXXK7p2Vrbb7PZKx/L+NglLESfW9rpbq22110a83vrbGtESLU9NlXcWXWbFs4xu/fxkEYOSMNjngDB2jINft3+zR8GfH3xTuNYsfAOjXet6naxW95cfYsKLRJE+RrhsHC4OCSOuRtODj8VREIb7TnKqVbUrF0CgAgrKuDgg+gIJ5Jbd1r+wD/giRaaZ/afxSu7mRt82jaYgZSQ6narAMAOADwDklffnPz/AB3i/Z4XBzWqUajXM3Z8sYaNX0Tem6+TP1zwkxc8r4I8QsZT96VKGXe4m46yquO62vfe9+t23r4NefsvftP6INPSX4YeIHfTVjubW5tLV7lxKmCCAoIdWwMDGfevLP2gV8e2/ga103x/4L1nwrqdt4q0S5bVdS0uWxS8dJ40MCblAMhBZiRnn0zz/W2uu6ZJciOK/nhktFSJYmBdSQQCQT94fn0B6EkflB/wV8wf2b11Hy7S6e28e6BMs6wRrMu+4ijCiUDcRhiSST36AZH5Rg86w1Z+ydOKrVZcimtVFSSV07t6b6+umh42B4rzPE5lhoVY8tL2sJRtUlJxi2t1te91rZpet1+Hn7at9FD418Opukma6+G3h5Yih+dESziUZ5xjJBB6kcnPOPmPwRrUbi2WQm2ezkaNgx+Zt+TkYAORggjB5LEjGTX0X+2j5UPxX+GhYeXDN8LtBmlWXKgk2UWB/uk8gcY6dDz8taJcWltrF1JeRMY2DtZlFbYXUluMjDfKDz0yea8jB0KahShU2lO/Mru7VS927W3V356aH+rXhbjMTiPDvKKtKpJ+yy+dOpBtyiotOXM7Nap26Oz9Hfof2CDe33/BQq2eyu4I54dRnmWSd0CTxxh2khIYhWYqG4IBODnggV+6n7Wn/BOKP9pG71v4i/DjU9P8K/EEaZLfCPyEXTvFVxbplLK4iQqsN7vBRJufnPOc1/LD4XufHV78a/FGufCOW807xZ4avptYtZLGR01Ax2zEzrCFy7B+hUg7lyAMHNfvr+xV/wAFarK5vrX4dftExvoGoaRHDYReKCj24ku1ZYidURsGCRX+ZnOQzEkA5NfreOw9SjWweKwq56tDBYWNShF3qU17OCjNQesoST+Kztb4UrX/AI+4jw+fqjiM8yiu6csNmOYQSjNxVWLxTlVXMmoyWusXqnqran48XcPjP4SfF+Xwl8VNKXSdf0SefSdZtbxVKsyloY47iNx+8t5wQYn5DKdwOAxrwzW/gT4t+LfxXn8P/DrThd6hcm81a2sFwsRjUiRo7SQcMMYKwjkkgDgV+i/7eHij4RfGj9sHUk0bWrfxBY64dFto/E2m3SSoJ3jJkUvCfmkjOwDdzwASxOK8x/ZLm1/wd+15o3hHRLyz1LWPDeo3iaLpl/MqP4lifDnTUkc5WaeNAYtxILgKACRn7DK8yxWWWx0oyjWqYVVZ0J83KotwXNyK0rxevZ3vdbHjZ4+HPEzhmngs+hh8NmOW1HUpY+DUHOvCiqk8LVm7OSbilq21fXqfZH/BNjx54m+Ddn4u+BXxG0690GaYT3FjaahDJafZNSjVhIrLLgbrk7dmD8wOeW6/0h/sMxqngea7BGRrWpRtg8BpZC3JOeeAQMkDvg4J/OD9pf4e+Fvij8Mo/i9oOhDwn8VPAyQ3firRZYhp2sLbo4Eq3sWEe6iQofKuEUh48MD0B+4/+CbviyHxT8G7+6MsbzweIZBMqkbkJRRkjJIBIGX4GepLV/GH00M1q0fCTivMYu31pYWLcW3yyliKburbKVno7NSVtG2j8cz+OEp8PYfBYNN+xqU6E4tpuPs/c5k43UoSsuV9U7vXb7U/aFn1O1+DHj++0UM2qafo1zfWSqhdvNt1LAhR8zbSD054znDCvkP9jP4g+L/H/gO8vfGFx9qvba8EUVzgpKkKsUETjG5WUK3ylQw2k7fl5+/NW+z3lhc2V0kc1teQy29zA43LNFNHskRgSQysG5bABBweCAPJPBvwz8L/AA/tr2z8LWAsLW/upLuaLJ2iaR9zFVJ2hRkkKAMHge/+GuK4yyOvwhmGR4zBRqZtWzHCYvCY/ki506dNONal7S/PBTTg0o/FazS0Z8JltGrQjVi+Zqb9xX937F7q7WyduqX2u0/xT+MN/wDDH4R+PX1kTa34a1HRrnS/shbMlkb2J4hKrc5RWY/IMFsAbuhH8lX7bsOnXnh7S7m0uH+zi+xBGxAdluP3gU4AIA3jOTzjABIFf04ftdx+X+z94/k3EiPTlckYYjbng8fw56ngZB54r+Vj9qi4mvPB+kCNmWKCezaSQkEq2xO3QEcDHPy52kZzX+zP7NzjfPeLuHMvyvOc2xWY4Th/M1l+VwxVWVSphcHKlCpHCwnKUp+yg23TjJvkVoxtE4c6wGHy/hXPcfh6EKeJxM19YsuVVXCnBKbj7q50pWlKO+rfY/JDxHouo22oX3+g3F5bRyCSWSBGcW8Zzl2KDOwKRuIGScE1j2OraGr3EEV7CZghJSdghGwD5SH5GDyVwOnPXn7K8O26W1jq180MS5t2cvNGJEuE24aN1dWBBwM5GSScnB58l1r4N+CvjVPbnwlJYeBvGYUwSafcyCHTPEMzMVUwFiDHcSNxjIAJIx6f7pYbLY/UHXjGUlT5U7bJaaNJp6aNtp6Jer/i7NMbKnjJRlTi1OUpRfe7d9vhSjro2r202PmzWL9ZxmHbsCFkmVgUcgkYBUHBAxn+Hoe7GuamMzJHMN21uWOdzEbeQ+QflPP59Rk10/jL4PfFL4NavPo3jHR7uyjV/MtxcK01neRDndaXYHltuGG2g5AGehJrCs5rPUWVbZjDOg+eyk+QnAOVXcQDnlSMHJOM8gV2ujKjh8NzU/dqpOKSWraj7y01666730VmeRHGKtKpHklGUJSTTsua1kreXm3p1NnQtRNhcJHOjSWkoXzEY4VQSoJTJIXAweuMHoK7/V/CyyxxX9m2+CVVaMq214yU3rzwe/3c5BOR3FcDFam3lZipAK/6tkPAC9F5wAOBjPTcckNXrEU0p8PaaYwT57YZQchShG1gRkDjPB47cAEHyc0gqNSm4QcedxjJJNPXls1ZXum9Nlrqj38sxHNTlGorcvvJ3u2ly2T809trre7KnhzxHqmghba+3XVmf3ZilHzxg5B27snoM/mBgjNew6Vq1rPbmbTrgSQEgyWshzswSW2oegJ4PXABz92vH1kS+M6XiBCi7VkAABxwpbrg+mcZPJxzWci6jo8yXenPI4U5PJKSAsCwK5BxxyMds4xg1wzofDeW6Sve/Nayd+1mnro9batM63XhNum5xXNu5W11S10stu59D32g6B4qtzFLHFbXZjYOHQFWAUfIVIwyuSMADPOcdcfHfxO/Z/ZryTUdKtvs12iOiiCPEMpGdmQvALZPX5QSc8kgfTvhnxPZazFHFO4tNSRc5YBI2cHC7SDzuOO/Gc45xXoyS288TWOtRK8bjEV0MEq+CFJKnAx0C9cjIIq4y9jJWTk42snq9OXVNpJ3V72d1fbRW5sRgqdWHwpuy2s7tKOvpZLppfpqfjJq+gazoN8bXUbWS2dQ6jcrAMRkEq2BgFRkFiPcYqGynMWyPLMQS+SOF9mG0Z9j1x0OMY/Uz4g/CjRtdsne5gjlyrC2vYU4yynAYjLKy4K5Jxyeo+78VeLfg/qHhh/OETXNixfFzGpcqhB68cNwOcY5I6Gvdw+NU0ocjtyuN3Z2so7ddL/n5W+XxeBq0Zc0Kbd31eiiremqvtpvt28dgmVg5jwZGXLg4w4wcDOeccLkfUkcYtG1RgGi+R2AOEyW9XIHQY6kHIyPTNYlwJLK7mhbejIf3W5GBZc8A9ME5z07Z45A1dOv0L7ZmKSoSeWAUjrtGQRznv15G3HXeMozf95O1uzTT3/TTvqjlU5OavHld2r31u3G8Wl8+uyvttLumtUmmsbi5tLgQSFJbZ3iZZlBO5mRlYkEcgEDrxniuc8PftL/ABi8KtHBaeKJ9QtbKSTbDqS/aFKq5+Tc+cgDGFJwOuGGa7G4ES2lxKJBtlhnO0YwGK7scfdxwey+3IJ+U7slbqTccxmaYjBUEkMenUFeQMk847BsVwYlNVfdk1azXK7bNadtErW7dOh2xnNQVkmk2tdVb3XbVpJvW6Tt18z7x0X9tzVrkxjxp4H0jWIGTZI1ukaMxAwzlWDjLdTjAHXIKjPoNh8df2Z/GjCPxV4SbRLiX5Wka0DKucdZIwgGG6EDr6V+ZEcq5KA7EwMgtg9Ryp9gScqOem7GKsi7SRgGZfmGAGxxtJz0HPGARwVOfoMliMRTSUJXtaylre6TcW1d2VvVX8zG8JfxIRvpa13/ACtrbWz95WT7N6K/6t2fwo/Zf8aK0vhjxrZWFxKGK28l1HEV3jP+rfHIz7MehPPGFrX7F812GvPCPi/TtTiwPLiEsTE7slQGDehHQEkcjJJJ/MRbjyCrW8rwyFvvW8rxtz1x5bLzxznOcDHeux0P4m+OfD7x/wBkeLNZtUT5lRbuQrkHI+VmI4+XjPI6EjaKr+0a7spwi0l1UfLZ7qzT2StfZ3NfY4acVeO6W3R6NJ+qem71V9D6Z8T/ALMfxf8ADMbSt4eOoQ7iVmsiJ/MUDjiMMegB5yMcDOc14hrXg/xRpZdNS8ParZ8tvd7WZVVgOCSRuAJ3dQOnXFeseG/2yPjToXkw3GsRa3bogXytQj3sRkoF+bO7HducN0IGSfd9B/bj0rUYoLfx18ObC/jbIuLq3SBnYY5KoUY47/oexqamMp3u4Si3ZOyult01Ts/VdXujBZbh5SvGXK21pK9mrxutn26W18m2fm1aafPa3F2J0lhR5mwrqyk7TkH5l56nJGB25wBW4kaYG8swGNo64XkY6Hhs8Hn0GRkV+k+jfFv9kfx1c3C6/oY0SSZ2jVntliaDOdwZlCKM5OHwR6gCunb9nf8AZq+IW2TwX8RbDTLmX7sE93BGSSAVBRmU4H3R1J9eTnowtahVilGpGLab966a1itdd/RelzDFZZUnLmpu+mnLK7VuVd0lsujet+rt+YUEex0kY4C4KgD5vmI+X2OM4z2x1NdbExkyyM21AqkcbstjjBByRnGPxIxX3Lr/AOwF4riQz+EvEGma9C7K8YguY2ZkyNvzAtkAYxnGMYB714tq/wCzD8X/AA1cNHeeF714kZi0lvG8gbaNo5RSucjqvUcHuK6qlGDinGcZtdtH9nS179dNL6/J8iwuIpR96LaSs+qWiu9r9W9l0slZM8qtyP3QBCyKM8sASAeepxkDqOhIIJ4zWjFdgiXKZwwJXcCOCCvG45XnoAe+BnIqxrPgLxnoxWS90HVLZYgxkZ7aVTjJA5I525ABByfunjGOVLXVrMEuoZQNuWEsTx5U4znIAAHI6ZBHQ4582vhpxbtFq+7aVkrqWz3TurdtbLS520aknTSlF20s+Xs1p2ve+z1er6JdN5gAIKKCVLZDDA+nQDPJIBPrkVnXExBbdyGj4cfwA8g8deoGcY+8Op5qx3yMVVmVoznG04GFGMFuuARk55JxnlWqxNLHJEQUGSuV+YECMchlK5LAjqGAyBnjGBxONm3JJ6Lye6tfs+unV28lvBpw0SVktO3w29Hdt7tXtdJnA+MpVfQL4Fzg7D5fOzDAkNgkqTgdOpBxk9ua8OSOdJt3iDYQMuR8wYnIzgDIPHBwOOxro/GgP9gX48vIAXDAYBU8DHXjPX0yB354/wAPXLRaXbYOAASVGAWwcjA6A5GckgnJ55zTptqbcFZ/ErdHpr0673VtFfQmuk6XnzO3Lq9odNH39Xvc6s7mUlh5jDhY+rknG5TuBBIz2yfTjpRuYPLdVeF42lKMA2eSd2SM9zk8A4GBgDFXLTXfLlOIUdUIkXOAxPOSD3x1OecgnkGtqe6h1myDuEkuGwI2IXEOOzsONp4Ocds8jpz4jMquDqRVWnei5Wc9Pdb5N3pZKyt52aWljgjCLabbTTba9Gtm3rd2W9u+7RxkiJIXBVQV4BGBjg9OeRk8AZ79AcCnIjIhJ+ZQhXGQAcYI29zyB6nkZyRWhe2U1rciGVgrgrgqxYMMD51PPJ6H0IbBAAqsYixZcFnUkjng9Dkk5GBkdvTrkV6VOvGpTU4OLi+qas1payVrLZX3vomutKMFK8m+qXRJ8yV9rb39Ndb3ZyibV1EbtqebHiPacEMCAW4wOSxx2x2OcDXKBmTaoJVsMQTgnk5YA9euB2GD2zWdqCCK7s5mXALYDDOFIIwTwQCDhsflljivQ/Dfh4a0s7zTpBIgBQDBMnykqVVdoJP90ZGQMqQFxz1a9KhCdWo1JLVu+rXS2mt/J+l+m9mnBxdpSSs+uii3o24q+y0slorWs+Me13sAAWDsRhYydoPGTjlx6bRuGcHpVSewvrWO4miNwkcED4lt1eN1IzgkoVIA4z0HByBk49ug0OC1SNbmOASufLjmLKrKyE4L5yNxPBQ84UDIULihewpaWd7DKY3leOVSgClZ42BG4Y+7tJPX1Pc4r5ipnVGpWjThTTUmo81tVe26XW2u97aJ3Sv6FBThyNzlpq7u6ekXp1cmrtLt1umcD8P/ABr460iSA6V4k1a28mVZIo0uJnjZg2NoVmYE4HzZ9dpxivubwf8AH/4i29mkepmPxDJcIcW93n7TA6AbW2jO4kgHB3E8gDOa+PfCkcFneafC8Cx25k3mZiGRHL4bnCggZBwANoHbmvoeG7sdHn83ZBceaElhmiZQ0S4Debjd90kEkcgZOOmK8vPcbKhGl7CMnUk483K0rba6td/Xd22OlV6il8TtF2d2tLKFnq72tf0fbc6/VPj3BK0n9qeEtPNzMxiuYzGjRlhnedrKzxuV6E5wQRuzwMZvEvw51uyvJtY0+2s5ZkVrU2sYje3fonmKAC20gEMAMnHGPlPlms3sGpalLdGGExSB3QKoVJfUlRgBhw2ehB445rmb+3e0lMt1ABZyIpgl+8FX0GAAwHBbsOvTJrz6WNr1lGE52dk1GUm9dG3Z9t7O219dEZrEVHJNqEm3pey5NlrpdvRvZ6ddEdvYeH/Dur6xFpCXhia4LG3uZyEiZXyEDcLjaGI5IyflzlgDtax+zrqEe17LWrG5nYjy0jZdkqvnB3AkRsAMHJwQTkkYz4uAxke5gudskYHlEFlLKPu7dpyDxxtxjGa7Sx8Za/oljLPFrpJjVWYyyF90JGCihiSMHIO0A4PbBNenh8e6U4r2SqJJczS31sm2mt9W9rW7Ws0oS/iRSbd1aWulldWe7tZpPTS97Idf/DHxTo1qbe90kXJjkPlmKUSOAWyZPlzu+XGeMYHPWu0+E2kPH4/8K391HHbLaX8PmRScMwikjy7dAwUA/dGAfvEHArD8N/F29muluNWkiuIjFKkcok3GNCCAXVsjBzgg84bBwM1654W8WWHiXVdE+w2Fo2pWzTJGYCu65DlgZSqBciMFSf4Tg5/vG1iPbYzD3hOKdSDs7JK0obXTWt3a99F9xVpqNOUot35LK/W3I9b77tNq9le1mfTfxKvY7zx7p1xAVnsbmNWjikIaLhQhck9scg5Hyleo25wtY8PaRfRt5+n2yPHlJJlIDFSGYMqgdAwBweMEcDkDgvEw1fQtYsYNem/0hYGnhdH3sscm2WJWUdAoIHynG7IGcE1dtPFbXhWS6MjqigKUI+flQplAO0YIypwDxzk8D18dOnHEVOeMVta/lGL3eyd7rXTra56uUKcsNSUbpuXNpLWzs7LV2SdnbzdtDzTxFolvpN6Y4JZJEkICnK/KG424A4wB0xkAAetYjWEhjDCRmcMQW3D5ioLJxxkYLAHGOM5JINdzrU7XV2zyxI6SSpt28FVCnBJ6fKcZ2nuR0yaqRWSfaWV1VkKDaUb5QW+5nv39R0GVJ4rxoJSbfLZeSadnbTsot6bpO7vrqfQeyjpdu700Vney82tUm3ZPq27I87lW+gjMpCyHfh8gtIACcA+wHfsep70kOqOwZTZsmTk5GAVBGWTA444IPXpzXrsXh6MRS/aGQwRKZHZcAhz867l/iwMjkEnnJ6isu78N2c1u1zG+HJwY+mwryHII24OMYAAGcc8g7QhBt3Su9eitdrbW11be13dbD5ZR1vo3a70b20blfXRtu2t21ZKy4OO+tfMVQskT7dyIVGwPx1bphsYJbH4jpXeSJZPMeRd7kAnIK43c5J6HoRkEckhsnFakunNGDJsQvuCqzYJIBIZQMYI9NvJAG0MM4ZHpUBJZwgIVWMbYG1hyX44AznA5IyccHmvYU30V9Otlul3tdaLfa3QaqTilddr77vd6u3R9tLrbQjRLbzAPMVWK8bT8rA9R7AHJOT0yeMmuI8V2xjt5HVkY4dwykFQv8Squ7k5A+px+Po9rBE0LyvGokyVDHoy4zsX6gBumMgZ5ArzvxXbBrUyI5RUD5QfNkNnLg5wcY9OnHbnSnT5GrO+sbq97fDp223Wmu7l1itUi4u6s9XfW7dku9tbLTTVeqPpb9hzxVB4Y0v4hzXVw1skyKqMhIdjyCrdhk54IBJ4IJ5HgXiDxbbWfx413WJnbyZbsSL83z7WZcsW4wQDk5HJ5XrWv+zkt0dL8YmKdivm24eJEyz/vMAEbTkDGDnBxk8V4d8TLiRPiVr42L5ilAgVdp2hVJJXt1yecjHK8CqxOV0sS5ymta1NU3J2s4tJNK68mlffpvp5dXMp0cNQVJ29jWdSyV9XKz0sv61P2f+Gf7TMmiW2m3Wj65LbTQRRQqI5yxeLaMkru+Ugg5B4x2Py4+xvC/wC2VrqvHPJq1teTKF/10v8AyzIA6buGGMsO3bvj+ZnS/FOqafJFLDcy26KFUBGbaGA5AwcN2JG3PUjPFel6L8VdaglVZr2dlDZDAsCVzxjByQM5P14Jr8yzXw5pVJVKkEmpSu00mtkvlZX087M+ny3xAr0oQp1IxXKopvdapWklq9Fvrpq7dD+n3Sv2xLnUYna90+yvCz7TlI3JQDkEFSQACdpyCO3avWfCH7UPw/meKLVdEtU3yrvXZH5i4I5yBymc4JJPBXjbiv5mfDfxz1SykiDXrOv3lEbtkhgBtKsTlRyfYHmvadA/aClknikuLlDErFArAq4ORgliQSAMjJ+UMDgA/LX57mHAFem6iVGUW7q8OZX22s3qr6eWml0fZYPjjCYjl9uoJNRu3FR3S1TVtd1s7pJdNf7E/hF8fvhJcJYh1gt1AG2NW8p48jIzzhj247jjnbj7j0D4r+ANQht4dO1lYoydzF3RkDtztOeCR0Pc5PGSDX8SXhT9paWzngEeryq6YUEXLAAMcgFicH/ZJ4AHHXB+vPBH7ZE9oIANTlRmKnDXRMbNHjLkbyCSO4A9fevyHPPDbN/aVKuFxFaLk3ZLmTjotLxd1Z6O+mnW9z6/C5pkWNim6ns5W0amrKVl063vHW/e29z+qr4hfDv4XfFTQLywvUtJbm9jKG8shbrdRt0jlR1UEPnnowGAMYr+e/8Aa4/Y6/aS+DGra94t+EWhav8AEzwRcXNpeXFpOomnsLaGRWnEtqg3BRGCVmjI2kZIJpvhr9u+80t4pDqsgRWLO0dxja+QAud3PGP4cdSOSc++aT/wUlubZJILvXY5beeEpLb3RWVJYxGR5ZDEq+MEENk56jjjj4bw/G/CWMdTkr5hhuVr6tVc6kGnyrZyvBqyalF37aGeYZZlOYUXGGNpqTSXNeKaVorq3ZrXu3brc4rwp4N+CfiXwp4Qn8Qalp+ieMfEGlwHU9PvUW2l0vUQMTWNzDcKPNKuuEcHB4HQGvhGw/Y5+B/xd+P/AI38H6/c6PJPDdLFokUclvYT6rJKSWMM5OwuoJdVQE46e/sH7SX7VPwu+Jelx3NxoOmaZqGmpPs1PS/LsrvzZd22VFt9mXVuQcZx1xya/GP4XfGzSYvjVq1l4h8V6lo8cV3LeaB4sN1NJdWOoAkwPPskWRoj8gYbmJHIHTP7twZDiXMY4rHxrYvB1p0W1Sm58tOTlFppu14rba9nbpr8HnjynBTw+GqxoVacqkbzjrf3Yq9m9L9L333tv+gv7TX/AASi8P8Awk8Nan46h02+u/B+m5W/v47qInSy0gRFlZRhx0DE5UqDz0z+dqfsUeGPFa58KeNwslwqPGjoJ1iLJu8qQx8IVGFBcYO3oeQP1e+Jn7QvxJ+OH7Nd7+z7Y+Z4w8QS3MF3L4k8O3bvJrmmB0ZEvIt5O5lUZQnd97JIyT5Z+yD4bl8E+I/F7eJ/Cl3pGn6Tplvp8dprkJX7XqaqGnktnlBAYAMMryADxxX6Zg+Is4wGT4qrjMdGOOw1RwVJyhJ1YLk5Wotczk23rbvZXVz5DG5JgsRj6ccPQfsKyTbV1CMnZteTSSTtdN7vY/MXX/8Agn58XbLd/Yk+n66ix/u/JuEilPG4KYxuJI9Gzj1ZuD4J4q/Zo+NvhVZf7V8F6sY4wwEsMDzg7cjerIDkc5wQDgc9jX9M8UuieJXlvtKs5tGIu5I47m3w1suDhmYjIxgEAEcKVP8ADxNdaJfYjVprDW1ZxEImaEzqoPG9JBypGCcYwT1HOPNwXi3jMPU5MbRp1Umldpwl9m+sW0n2b2t2tfnxPBWFre9TjUpvpy2lF6p6XfMtG2n0ejXf+S++0PWtLZoNQ0q/sZkyXE1vKoVh1LAoB15PJ5yTkgEFs7srLgJtQKd68lvYY+XHHHQZzkHOP6qNT+Cvw88Wie38T/DuyubqRMIv2CJHlXIDOrIFyfvNnOMZ9jXhXiX/AIJ6/BnxDJcvpmn3vhu6nUlVMe2IM2QcBhgBTkdM4zjHUfZYDxUyPExisS/qzty3vGabdk27Wb31dn+R87jeDcbTX+zv2ke0k4yu0r9Lb6bvtax/O3JY25h8yaLAkQbnRtzMwONzY5BIyWBxgjBzkGqUWkkB5La5MTfL5a5aNwTyFyGHAHJ45IHOen7M+Mf+CX+rxPc/8It4itpwq4hguVYZyAQR821s/Lj5eOe52j5E8dfsQ/GvwYhmXw9Nqix7o2axPmCVY/41XZkED2LYPXB5+wwXFeQZhb2OYYd6JJSmotfD/M0nqno1fs9Dw6mQ5th42q4eoorVOK5tnHV2T+/TbdHwVf2+qWZZ5zP5QVt0qO7Fxt5Y/MWJIOSec9RkHjzmSR5vE2llC6oisFwpBXIboOpOQC3XIYkHJxX1JqnhbxX4dMllr2h39s6u8Tpe2rqAMkFAxQAAcfMcB+mQOa4HUdI0NL6xvltxDfRK2FcbYSynGGyAABz1yCxzyea9CpUpVIqVCpBxv8UXe9+Vpq3a3nrfe1lyUqU6M5KpGUW1ytNbJpaX0te2t31v6/OC2qkxBAY42/vYZsDsRkbT1GO+M9cVqQ6cI1XykBO75mxnHUgqSP4c8kk4z9c9BY6Omd+N2NrIrKxYDPzHnkEYzgkdOfmrW+wskXyBtoYvuAVTwASFBGCWH58YORXw1XGRTsn16Wa3jvfbTd972OWpjPe5fdWu6s1py2vbfXfRJdDnbXTFaKR2/wBaxAw2G3sBkkgnOF4IxnIznIIzbWzEQiiVPNdWKKv3Vz16AAggkck7jyM5Jz2WnWR8suls7ydI/k3bgQcsRjgE5z23YHGeOh0/wbql7H9pW3QzbjKCxUssanlgMHBG0YbpyMHdxXFLG2b5mrX7LTbstL37dU9TDm5tYxutG007N3jo7K6T1s/hV9XZWXnkGmSGYNJbEsGQ7guNzA8cHkgHgAcfWtm5sZP3YmhCyB9w24OcDoRwdxHbAHQmu0FisUzRTSMTCoVHUHCuCcl1xj5TzwAeBgYArL1l2dofLJbY3L45ZgBgDAO7JwM9Bg9xtOKxLqSSV0rPW6aW1tpaqzV+225h7SUpNNNWv1Wmi0sm9Gt2+6dynbWSlIl+RZpFI2jI4IOd2ce2BuOSSBnJFQT6f9nnlUSBVVcgAHcx7gZILAkcj0zzyBUpmdI0bbiVCXkfaMrg56cYY9c/oMCst72aR2lKtJu+VS+CNrcEAAc49sEd/YjCpz35o8r730tZvz1s+u1vnNLmnU5GmlF7Wlps9bJ6PVp3vq1s7GHqTtDcs0k2D8rYGWCg9NjYGcNwfcHqpGZbHUPscq3QdJGIDRnJby9pXDMcnGDydwG3nGaZrrw3K+WwkjKIPnYYZs/wkDnAIB9B69q42eJ44gqy5kRwCoJUCPbwSBuHPGcAYOVOece5h6CqUowlFO6s7LdXTTbunvq3u739fosPSi4wutkr+831WztdNpPa19ba7+oDX4rw7pJdqOG81lKKxJG0AKQDjPI7k4zlsAT6apeIzreeVFHvMUTMAzsARucDpkqcgrlWwSTzjxt7h9pCHHlFSSrY2DPO3GCTxkcnpwKvw6/dbJrWJlWJkBDEguTwCFIyck8Ek45HHpUsBBx0iraJWXpt1VmrX6Pvrfplho7xWui36Kzvr1Ulfrf8T02TVleVLbyGljc4G0qQ0jHG5cAblGCSzcA46Hr2EWo3GlaeiLZRL5zrlW5kBXq7kncq5yQMfKcFBXiGn+J5NNcMLYXEqhVVnyVRs5BB5GTnO7jHUnnjQ1HxhrWrFYcLGUG5/JQlsZGSzAHAIyOOgI5BIrGeXubShG0Lxbu0+bVNX2V9Xq9fW6OWeFqtrWybTd+W7+Gza21tu07d1dHSahqk9/fOizOX8xWY4yrA45HYKACvPQZPzEYrVjvY7cv9olQFVVR5YDNnHJzn1HPBx1B6ivL2vpICs6rslkUoAXbcCPlZm5Hy8HcPUdB1rLa/vWaS3MrYKhsgnaMkZOTu6HPoRn+7wOyGAhZaWtb4Ve7VtdLpXs9O121ozVYWN05LR25raX2V1rdb9N9N9T0yfWbRLppFZJAyrHuC/I2cBsFhww4+vTGOaUXVtcBhvjEbM21VfJR1BxuGeuRx7cc8Z8rWaRkIdyY2cERjg7hkLjBBJGDkg0+2uZUlysxCANuCEjcRjOQSSpwMZweR6AZqWAV9Wlaye2uyu30W+qt72gnhIpNKbtZaXt26f5rotO/oDxLchnEgKqwXgnezdCx6AKBg4B4PtXNXccVvO6K+9htUBScHBwc8dRjkZ4x9MSQXEk0myOSRIvL3EMACxIx8rbRnPbnPvVm006WV1LDzCzMVBDDjdySce+PcnvilHDqjfmV15bL4bPpbv89lc5lBUpJSldp9Hbblu3fe1/nsl1FtLQ3TM+4KqAqe3I7E/L15x1C9+K2XijhRPLH7xgudgyFHbPJBJOCR169ianjtZrbZEioqDDPIBhckcKSCMnIAIyc9wCThrkMjEviZmz03BADjGAMZ6ELjPbGc5lqpNvlSSuna3ktl3dtl1vozaDindeVtU73s35fOz6E9vbJNHmRw0m8BYn2jAXBJ2/Lxj5vyx043LSwVYysLFVGXYojn7xHy4+bOcfhnAHejw54cv9Uu7W3gE9xcXE2Fit4XmmZS3RQoOd2MgdcDt3/RH4X/ALIHxH8Wi2e28NS6Zp09umL/AFqI25Xco3SojjJIOSvy9MjrzXRTwGIq/BCU722TsrpLqnayVr+lul94STafupabtb+7v6pK+npY+MtG8OpJYi5u2jt4gXYxygea4UfKxHcYwMKRhjivQvAPwo8ffEnURY+C9Bl1DYPKF4sflwRfNtDtJ0U4IKgk5/iznNfpb4f/AGF/D+lXtrP468SNqYt8CTT9OTy4uOQrsD09enGMHPT6s8I6R4O+F+my6Z4H0O0sIRgmRifOldervk7mJzzg4x0IHFe9geHq8lGUo2jdNqWj6N3Wui67X82bLG06GjfNsrJpWdlfW3Tt1a+I+J/hp/wTtmjuLfW/ip4lERdEZ9FsiJJuSGKtOchcdMALznODX3Z4Q+F3wj+FaRJ4R8I6XJqUQAa/uoI7m5Yn+N2cPhycnIHXFRX3i/xDqLLtubeFsARl4zkjccndjng+2SMEZxWDea74isCJtQ0tp7Ldve800bpUU8FmgALsN2d2ORx7V9fgcrp0UrwV9Oa1tNYq93qtdlZJKz1tY8zE5lKqmlKyVnZfJJaX12smvJPqvW7rXLvUVIkbygDiKKJdiDBxtVVxgY4AwDkVNb2tzOv3GWMbQwBALAd/X8Cck9Sea5Lw9q+i31obyHWYZIUcCbzGCzxc5KtGxLKy989ycAAjGtJ8R/DumBoLAPq9yHwFUYUtz3yVHJ56KcZ4OK+tw1KEKai5Rva+lnrprp1sr913PlMVUxEqjspqN7vflTbjbTa1tN77NbncadoUrgkByjMCUK8sM9WJxgDPOScbfc5uX02laDbySarqFtCM5EKyKZOO2MnkZwOMnHfHHmcev+PfFhYWUP8AYto+Yw6KUbZ0XrjJ24OVyeScnmt3TvhdExF1rmoz6pMcSNHJIzgk8kYZj3znBIx35zXdCjKpflWl1q93t9+62vbRabnBLEKil7Srs9lZ/wAt76rq9LLdXW5hXXxDlvLtbHwpos195ruHuHRsKeeQMZyRk9gB8zEAc3LXwN4i125+0+Ib6S0s9vmGwt2KkhgRsY8HuSwYZHPfivVrDR9O0yNI7Kyis9vzJIq4OBgcEHe24KM5J555q+kbSFgzMzM52yMcLjrjAxweM8ng59a7KeBi7Oo+bSOltkrXv9yT+/fblq5jaLVJWb0T7Xs0tdbdLduqTMnQvB2iaTBi1s4Y3ABEskYaVjkDcZHJYdiBk54I42465tMtVRDlVlccsOACSOqgkg4z6Ed15qkZAiqyg7l3IoB3AkAAjAJySvJ+7gZ9RRNcyPtVV27MBdxBLOTyQBhgBnBONpz9a7oUIRhG0ElH3U+2sd2nfote/VbnjSxdWpKcZSlK9rpa9U73+Se/39LVwsCKilggU7MFgTKBk5AU5xkcHrnkCsg6pHBII2jVskbVAIBUZOWyNxUZPU8ckg5wGzq26NA+XG5mcglVHPCscEjuASDx2UDHN6pcblkht+JArh5SQ21iw5wB0PGV5/MVsnZxvtZJvta2rvePTVebtq0cVRTqQ362cbNveOq8nbySbSV9UdQ2uxgDJUM5G1Sw2jkE9PujGD2zzjnGKs2tAecJCXJG3CnaADgjp1HHYEZxg8NXk93qOo6Ugln3XUDsCxADbQoyQdvK9sZIzjpkVyHif4v+E/DVs9xrmu2VmSAxtHcNcOoTKqEUgtgErx1IPHJUc9fG0KKfPUjFv3m9N7K2y0aSb011vbdlUsvxeInFUKU5OS0snyp3ik7Wtpo7Pa1uunuc2qZRnAGWGY8PkAkEZCjOWLcdxt5/3sHUtftNOtHudRvorSNEP72eURRIAdxJ3MMgDPXaOhJ54/Oj4gftqAefZ+C9OVpELLHqV0SkZRcjMcfGMHp1BIAwAePkbxf8YPGnjRS+veIL+eFt8osraV4beMHBVCExlTnAB/Hpk+JiOJ8PTi40VKrO6S1Sircuz3fpfy1R9BheD8RVnCWJlGnHRtN72Su7Kyu7Ld9lbQ/Svx1+1J4B8LrdW+nXkniDUYjtMVkd0PmpkEm4GV25xxwW7Dnn4k+IH7TXjnxXNss7s+HdNk3A2ti5E0qk8+bIDksygcqSQSOwBPzzo+j+I/EzmDQ9Our4yEA/ZYWYgvnAeXHUZGS3UnAxjFfU/gD9kPxNrgttQ8S3R0u3IWU227dOyEgsr8gZxxg+p/vADx6mPzPMnyxUqdKWl43jFrTSUt79d/xPp6OV5PlMFJqNSpFKSc7Nt2i3Zebj+V5J3Pku81DVdcv2FvHdahcSSkytKJLm4c5Jz8xJySc5zgn3zXrHg39n/wAa+LJBdXkD6XbPzvvAS4Ru6RsAVwM9QeOOhr9IPCnwM8HeEvLTS9Jtbi6GxZbu5iSWRynJbLc9echgd3C4JxXrVr4YjhbzkREWNsSNLiKNYwu7EaErzuOdwHTOSSTiaOVWlJ15Od9Urt36vWV7bL0KqZzGSSoQUYWS+FLTTZfhu3a/kfHPgz9mvwvoTWsl9byaveQkO7zpiAlRv+UZJAU5yGHJ6AcV9UaR4Tt7aBI7C0gtoFhCJHAiRQx5A5dyoVjwSAOhBI7AUPFXxG8D+DhO1/qUF1dxjENnZ7WJkQD5DsB4Y8EkNxkN3z8i+OP2odRv55LLRka0hUGNIbdgN3DBTM64B7lgpDD1POOl/VcJpZOe6imk7aNb7evmtO/LGGLxbTXMoyafNJu2vKtHs77WXX53+07rVfDuhwq+oalBNNEzK8SSoIo1AAZWYHHbnrwGz6DybxV+0f4a0a3kt9HVL2eIsAkTARADOwu4H7w5AHVegwD0r4DvfFHizxHMz3l/cLASd0Kuyx7mJ2qTzuOCAc89T8wwRXt9IfYZHk3KBufOSuVPKjPJU8/McYJx2FeXiM0bbSUUn6J2TSto9NdbvVa7u57GGyqnG0ppyaV7Wemqbbey3vs+9rs7bx38avF3iN7i6gumgVvN8q1VmWKKPB+m7CnGeQM9uBXiUN1qmso8k1w5ZtzTtIxwxLYCg8AgEjGDkYGSBkHrboWVvA7hk8xkfzN4Uoq/d2nH3Rj8Tnn1rzBvEdpYrJDHMZJY5ciKDaS/JK4wCAo6gHjJPAHNfNYrGwc3GU9E9tbJWV31Xm1f7tj6HDUFTilBKO6tbde7fzunq90tdN791p6W1soWVCzJwWO0EHOdqrjPTJJ5x6YwSmoeJbOwCrJOsbc4hB3O3TjauCD0ABx94464HkGpeL7ozF7m7i0+BxiKMESXkvAT5I05UjGM4znngcVw8+u3927rZx/Zhlgb29Pm3LckbkQ5VcjpkdRk15lfMYRSVNc3aySSStfT739nyeh0ON0uZat230Tb1e1021o29131PXtc8eRW0Znlli0y2Rc+fM/75wcg7IsgseDznj6814D4m+MEH76LRbeTUJXYhb+7YsgfoGjThTjAwcfKNuOOazPEltGbK7a7lmvrgozC4mcsEJGcKhICnPIULjn5sFuPHbXT3kCbnYQ7yUBDbmyeWAAPTPJxx3O0kHjljalV7ytazu7dtls3pve+trd5cIJJKOujXz5Ffz28m+9zQ1XXNb1mQz6jdSzGQjbbhnEKc4zsGAVBGOQMqB06BUtzFbxsYwC74ZQecEHGeOFAHQdOmTyK0I7GKBjI7qq7SqFsM4YdSwHJOQcAAcYAOCa6TRvDOt+IZRb6RpVxfHKqsscUm3eSQSCBjGR97PtgZqqOHr4mVoRnNuysnd62t05ba67XXzbwr1qdCN5yjG26bVkny62i42aeqd+ja6W4WbTwGA27wXVsADGMDgN9BzxjgnqDW3a2sM3kwWkElxK7YSGFMgOeF+ZVYEk9OOMkjrz9f/D/APZE8V+Ip4brXZJrW3fafs0UbM2BlsORwpAGGIwMgE9q+z/Df7Kfh7wrFZObC3UBo3eSZQ07vkcgkFV+bPQHGBznGPq8FwvVnGNTESVKFk7S0kk+Xz33tv6HzmK4hUW6dBSqT5lFWV1fTZq/yevffU+Bvhv+zT488d/Z7m4A0SyYAl7hS0zMRgELwTkcKRn13cjP2v4O/ZG8OeCjbapqunz+I7tTEkiTx5jSRmB8xUYcqCMkkBW5OOpr7Q0Hwvo2iQ2zTXVrZQWkIYhinmkpwfkzlgccEDpghqy/Fnxt8PaDbTJp0UF1MQYUurp0jiRVU5YBsbx7jJGNo6mu51sjyecVL2c5QVnz2ndpR95Kyt5WW/XqZrC5zmUHdzpwbWnwK3u9Xq9Hr03R6NonhbSNI0m2ENnaWESwRMzjyoI1jVQQgC7clBxz24Htlax4u8P6bBIttcxXzRRyI0cWPLRoxyzMCAAuecnPB7FsfmZ8Wv2wzbPNbWl9calLGpiazs3eO2ilXI+Z1OdmcAgHPseMfJ2tfHb4i+LEKwX02lWM6OiQ228NKzYBUuMfeJAycZ5968LMOMua9PCwjCk7pVLJaK1kk9F6208j2MFkOHw6Uq83XqLl93dc1o6Nuydm0vRtW7fpH8RP2mPC/h9ZRPqayzr5qf2VYsSfM/hDuuRz+BByMHk18F+O/wBpnxfrl09n4cjGk2cpJLxbpLl0lPAOM89Djng9gVJ4DQ/hzreuRxTatNPHNcyiT7RcOzGQHkY3bnYtnBIzk9etfU3gP9m3VdWZX0vQWlARFk1TUVEFmOPmlV5ThsdQAxx6Y6/AZlxHGTl7eu6j1+1put9LXW1r3vfRo+pwmXVqqisPS9nC2jinqnbysm1a+vp1Z8hvo3irxNLJqOotdXNsqoGF5K+4SNg7h8xAySMHGfvDA6V6z4A+GWq30cdjaadceIneTdHZwW5lSJ5QOC4XC7CwJ5PB6dTX28nwc+HngWKG98ceJU1WRVG/RtKK+UsicrG5UHfjG3I9s+lVNU+ONjollPp/w80fT/D9opMYuY4I2v5AAQZN2C6kqDnLD1yQefmK+azxStRi+V6pyuo2dr6u2lldJLr5nsUcsjh5J4iUbrdJqUteW7srJq34XMPQP2fT4a0pdQ8Yarp/hm0DC5OmwvHNfyhgD5ZTJaNl5yGAAHAHQV0v/Cb+DPBkfleCtDt/tUiFG1nVQs1wWAwXjDqdoJJKqAApOQckGvnjxD46v9Zlkkv765vZZmVpJpZWJDE5ICMTjnsBjPHdTXK3mp7pYU815UIQbDvYH5hkbuBgfNndjuAc1zOlKrb2j31aTaS2u9m29Hq7218juhiaVFONGK6PmVubprprpf3rNpNXVlqen+I/G2s61e+dq95PeCQmUR+YywAHJRY4s7cAYwFXA6A8ccLf3N06OioN9xgqM8kEkhckEEHoegPUkDFVjFNNq9v55byHgHlLnhW28Ak4HA9DxgcHtXupp7e72bpJETI+VSed+DzycKpBH3e/bAqoRjFJpdVayeltNXd7dOt9fTmrVpTd5N8t4rdJ+9ZvXe//AAz0scx4ms7q80+byk8r7OuG2bicjBYjbg4HT3OPqfZ/g7NFrXgWfRjLunFzJA5JDbVHBYg52qdhPY59CQKxNG0Ya3N9gy8guIGDxxozyO7AlVVQGO4Hjb1I5B9Pdf2d/wBlr4ia1f6pqEbt4a8PQ3cqm61JHiaWJjy0UcmHcFcHdjOCw5wDVYijUxeElSTSlCSlF630aXurtay23WmjZvl8IwxUJ8jkpJwlfRctk99VZW+5PqfPOq/D27s9SeESB42mcgxAySSPI2BGojUE8kY+UtwcjHA8h1TwfrHhnxc8OoafPZtKftMDXsRjaROqOqMARklSpAxyeK/c7TvBnwo+GMbolpB4m1+GNZJ9Tvds0EFwB8xhVlZFUspKrjOc9zmvyK/al+IE/iz4rakyxLbJaxx29p5EYgEaR4YsAAgCkLwBwDtxkA19twR7WhNQq6xcVFyd0r+7ZJWa1vbsr6aaHhcUYGEKftaco83tPdjHV6/EtdloldrW/S7v9k/DL7DrXhbRdV8QQSasLaFbePT/AJltYygCo7rjDHgEcYJAPPb22WHX9YRLaxt4dJsyIxFDAFiYRBSAzhVBYKMD5epGSey+Kfs/21xqHw50R5FknkZ9iRKpCbiQF83HUZ75Izj76hq+qtF0+W3uVfWpo7SEHCQKQZmQZ4XOWILYO0KPQcc1+nLCYXCKeIlJSc7Ss3dXaXR2WistdbrbTX5SnmGJrqGHjGcYRsua11okltpeybvvZXtu1i6B8Oop3Q3kwupQ2+Z523RK5wWI5O5snIIwO3oa9TsNJ8M6Nm3toEeRFJnMYUb3GTzJ3Ab0Ix19Kp3mvafYRkQNFEixtJLPOViSJACSPmIDNtzngn15Jr5J+Ln7VXw+8B29zGdbtbq9UnZp+nyJJJK2SD5zoc8kAHvySea8bE5pKTcYS5I8ztyu10uVJPRKy2te7Xa9j1aGFpQXPN87aTbdm4vS7d3bZW0vez6NH0prHiKQXAHlpYWcKyBZUUhigHOHBAOVxhsYBHIYcV8jfHj4zeFtC01o7nXYVvIgTaQmYPN5oP8ArtqtkEdhx1yCQxr8+fil+2b458aRz2Hh4PomnsDHGY2bz2jJ+8NvzZbngAc85HWvB9I+HvxI+JNymo3rXklvcMN+qavJJHbopIYsplIA2qc4BwOOprjWNxbvChKV5pczTf8Ad0vrZb+qv31yqUqLfNJp2tJWskrctrO767d7NHvHi39qzV9Qjkt9DMk12qLA17MzYb5Qud5JCr/F/Dk+4wPF4PDvxT+K+oLL/wATC8WdtwuJjItnbb2PzZcqmBn5DgAevNeoad4D+Gfw7SRtav18Xa9EiMljaKTZeYOSrFSASjY3bsDGOTnj0jwr/wALf+LWo2/hf4b+F9Rhs5/LhXT9CsmJETEKv2i4ij2x+rMWBGCxPGSqGAj8Vecm27+zguqs3zarR3t33V7tkVMRUlaEZNqySbvFJe7olfVWVtfVNXPNdI+C/gLwRi6+IOstr2pody6JYOrIZcH5Zypfcu7jjIzyBivV/CsPjLxze2nhj4X+EJ7OKRhBbWmh2TT3zhvlUTzIv7pSoG92Py9ecCv04/Z//wCCS2vautr4m+OXiAeH7SWSK5k0aKb7RqVwpYMYZp2LKhbJDLtGGPuK/ZD4XfBz4OfBWzt9I+G/g6yhu40WKTUxbRy3dwyqMySXMiu6knJbY23nI6c9kZ0aKShCKb5bRi1zWdvim/la2ml+jOaFOpWdpNvVJJeisrR6X0t+PQ/Hb4A/8Eo/GvilbPxF8atYl8P2NxJHcHQLZxPqdxG53mO5mckQnghl2qyEtgc5r9nPhX+zb8Fvgnp9rZ+FfDOj6ZNDGFfUJoYrzVbgqoO8yOrlCcZ+XGSxxgc17RBaa9qf7sg2cbtlVjUlgh/vtjdwMk8gHk4ULit6HwUsUkUsriVhknzWLEnOAfmI2gHkAdz15Brhr5hGN17bls7Sp07afC9ZXTey66N6vv7mDyipOz5eWOj5pXbWqbspaJ72drK/qZa6hahQbG1klZSwEkidQOFIXAGPlGPU8cVfjt9RvCryMY42wzKoACKeqlR0BGMg8+hJ5G8mmWlpICEDMpUYxtjUjOfQYyTuJO47c9Khl1K3svNODKOAWJ2xqcHIBJxgfQdMtnJry5VKuJl+5pv3mkpNe8/hvste737W0VvZhh8Ng1zVKkU1fRuLbaSbtZ6a3eiv0Fi0yyiiDy7WCZLNIcFiemRkbck5y3TIJxwa5LWZdJjjuFnht0QgeY0jKoCscjbkkluM9/7q8cDkvFnxN0/TGMaSxzTEEhI2G2NtvG5gcADjORjjJr5Y8d/ELVtZVkjlYRs7ZSByo2cjDOCBjGcgH5enTivcyzh/FVWp1W4LSWjd5X5fS2+jdm+nn5GMz/Dwi4UYxk9no9btJK99LbaX93XS936p4pm8FyGUwmGS9ijPzjneecD5WwCOSG44GSTurw/WrvXLeNr7RNSuYUtwziykdmiZQu5VZSduGyMgHjgjnr5pc6xc/aFZ55WcOgMMRZiAeeWwc84JJ5z0JxitxX1S+Owu8MIKkFzyVOAQxHBLA5I55BGRgZ+4wuUUqVNJPmkkrdlNRTu301b2eu1kfKYvM5y9+o0otu8U9Hdxd3vtpbXV76nF3fxVuXnaz8WQSaezfJFdQEm0Yt8oabBwoHyk7ivAb5q2otFh121inW/iktMq0EsJQpKrDoSCwUnpycZPcYrqbj4Wabq9rJc5UzSJmS3nXdBLgHAIbJQsQQGBDAnjkYPjlxpXij4Y302p+GEk1TSEBfVPDF0xfZEDl5dP3ZzhQSqgY5GRjIocK2CqKdaCrUltKKb5W0ui7bLra+j1MIVqOLio4epGFWXRte9rFuMW72vppra73R7LpPhy0to4l+yxFywxNNhg/OO4wCO2OvLYDDA9CtLeCDaI2SN9w3ZK4wATtC9lIHGAeD1HWub8DeLNE+IGiwX2jHDROFvLF9q3OnTk/Mk0bDeAGyATjp7cdDqUD2jKUZjlhvmZeRg8L06Ak5O7kYHRefawtSjVjCdNpxbVrJaJ2Wul+Za3uk1fXZX8HHRrwqctWUrp3Se3TV+7ro3bpe1tjqTeqkQUHZtcjJ6jA7Zx1AyeMYbIA4zXkuLdxsYjcMuXZsFhuBAP5jByD2IzgnjZdRJkUq5JIJbnK4UAN0B685PUZGV4yal1qAWNrh5kjwc75nGAqk84GAExzyeOrH+IdknGm73SS0vtu0/PRPvonbYwhGVWUbJuSVu/ZLTtrfbTS3n2F1rMEZ8uFiPl4BGAO5CDPOTuXPYn6Vyt3rLkymN/KhVGDMWG1VUED5jgHsCD0Hqea+Yviv8AtP8Aw3+GsNx5+rWupawqkJptm/n3DOOAhC7ipOQWJAwPlYV8A+LP2hfjz8b5pdJ8D6fc+E9Akdka5iDR3DW5YAs0nyYBUA4BH49a8mvm1CjenTvVmm+WNNXeqXW76uza620W79Sll9SSTqzjTh/M/wCW3fRvyS9W7Wa+9/it+0d8NfhhBNc6x4ggvdUCOIdLtpRPcPIv3QURmxkjG89+ApGcfAPir9pn43fGq6k0v4d6XceGNCuGaE35DLcNATtDlyBhip7Yxk9CKk8Hfsvwy3UeteNb+61/VXcTSLdvJMgcHJVvMJbb/DgAHHPfj698PeBNM0m3gt7Oxhs4wisiQRoisEHG7auOqgHnnJzk5NcsaeLzD3qk3hqV1anC3NK6XxStddO7XoauthMG1CmlVk/tSei+H+W+t9bXd7Wt1PkLwV+zUrXKa547vbvxLrMkoeUXcjTQhz8xIaVjjBJUgDHGRngV9W+H/B1jpaLFaW1vaW8W0IsMaKSMYxkAAbc4PUjPIHWvS7TRkjQeapAJOFB4C+uRnOMEZHTHIznMyW8UW5YcSEORgDcB3JIx8pI9+ecE9B3UMBRoLmpxvO++rk2ktb72fX5bHNPGzqK0HeUuVKySS20bevk9tdWrLXOtNNRUxAgLlucsCFI4yQAMjGV3dffBqykLR/LJD8uTzgqN/QN78/dJ4x168a7ARIuwbDuUkgjdkhtxPTgY3c4Unac4zjLuLx5EcbiS3QEZ4XIBJA5GTw2QVB6ZJB6mkraNu++72XVvTbtbT0tilOej1vazWrXS6va11913e0riBwVcKxBO7eSQDheSABzyDuGPXBwao3jpgjdtD7Nqdgy4I3dsE9+Oe4Oar3F2IEDRYVeCByzDg5yTk/Nk7ucbRkkZAbmLrVXZTlyZGOSCCQUBwrKOOR0xkHjsRgis2ntfTXmT0Sette9316PcpUopLmv0Tbum3ZKzja631a89Wm7dK/lxqWaT5srhsEcEHKk9dufXJBOAScms+S+RY2/eHjLYVlG30XqcAdOg6nk1y13rjNGTkmIP838Jztztxz06ckZA6cVzN9rcioc5A27l2kdB03MT0GckHkceprnm+WXNK2qXTa1rLfTVu99HZad9IRUpJKLvdPW7tdJOy0VlZ77W6XO/uNRDEl0y5AABYcL3YDGDnHpnp6mvHU1+Lwv4/vskw6dr9kJCVIWNryEMXcAcFig57DqOMiuI8U/F3StHJjNx9tvI9yLZ2uXYHCgBih4A5HO0H0AFfLnjjx/4n8SXtvcWsE8bQqVtLa13GVGk3fvJHwQBg8g5HAHcY8PGV4KUWk5VI1ItNdnyrV3WrV7X16dEz3MPBqLTl7soa2a0elnZO/RXutEm76n194x+Kugaba3AuLtJJcnZbRkNcOw+590nGWAGMHGfmB6V8q694w8V+LpJbfQoLjTbWQlWWJCbiTdxkkEKikH73ToQOMGv4V8KXN3dQy6/NLcX1wRKmnQK1zqE78Y3jLCJDnaSQOdwJ4NfQaaLoPhuxW/8U6hZeG9Pt4zK9jbTRLeTIBnbdXb5SPjbujBBOdoPU0qtd8ntK0/YwS15vPldnd3V/LTa7MaUbS5Yxc3f+W+1notG1tu2ut7Xt4j4W+Fkl3dwy6mbzUL9jlrK3D3Fy7En/XS/MsSknAJxjnI6rXv0mk+F/AenG/8AF2p2PhqwhQSNptncQfbp0AyY7q8ziN2wQVGGPIJ5FfJ/xP8A20tE8KRXWhfC2zh8xQyNqUUaje4Gwu0zB5nJ5JKnBJJ7kn84/HXxW8a+P7+e68Qa5d3UcjszQeZIIV3s3yBAdrBQFGXDEn6AV4GK4iwlC8MPH21RL4nay+G+unztpqkr309Knl9WpaVS8FpZWvLTlsrtpRulbrvex+kfxS/bu0DwzZ3fh/4UaXBbFRJC9/Eu66kIJTzHu2DO+Dg4VsHceAea/NPx58VPG3xAvLi+1/WLufzXZharNIYxvO7LZY5bnuQOvGCDXCRW7zMCgBXG1vlJLZOcnJBBBHA+gx3GzYaSN5kchguTtJIJ+XBGCcgr7HnHAycD5bF5xiMQ37So1HpBSa25X01fz7Pq0evhsvskqcLdXJ730WstfS0bdtNDm4ba5bDrGxXLBtwOeo7sRgZUc5Jx1GDiur0/SWby1YribJdG2kqcHgHOMk/3eSOSMjNdPZ6J5p3RoQAFIJJLHJJBAJwfQZB469BjsdM0NGwQjNKuFBKk8kZBAAPOAenT0OMHwK+Oi1Kzd29bvW/u2dr3drfn5Ht4bKpSmuePM3y7J20t5W7Wtvq29r8xaaNjYIYgET7w65AHTI6jttBJUdueOqttC37Ao81mUhUADEZxlep5IwRkdAfeu70rwnJdDMi+UCQNxUqXJAPPA4wQAMcgE9TXeWXh+2tFAGxZFUAk43HA5ZFPBUYIwePoM1ywnUrv3FKT0V+zukr230t+W7PYjgqdFOU2lFK7Vu1tbWWm6+aS2ZwGk+EcrG80Sxv8oCFPk4XGc+w6nqScHtXoFpodnYfvCiByV2yEAncOCQgHAXpjHJ96uS3cUB2ITJIuFj2gbQFB3EDuM8nBI7j1OPLfXbyPKp3AhuSAFCjghARyTzk9T1UjFezhssc3Bzu9u+i9169+1tNOrZxVMbh6XOorms0tn5WaV1t11u1ZXutNi4uII4ysQDS78LyCDleXIxnPUFTyOw4zWVLcSkHc7PIikbUO1Rk8fL68g9sYIOO1UF3UMpw2CWJ5ZiSOFOM5Ge3PU5JatFLN5ERfn3uMszDgs3OT689R0xk8V7dPD06SvGyVkuZ99LbrRN218u5wyxtTEOPKpXdlaz3UlstW1bv+LveG3UzojFN23IHzbSGOOMfdbGCDwcYAAGM1pR2JZkLFi+75UwD1Hy5xwG68dcZHU4rStNGmleIQRYUHkhWVd45zzjpg4+b8c5I6SPSvIzuYeci/NI2OCh6rkAAqCAPXPHHNedjsXCknTpu8tLK691Nx5m3dPX0s9L6M9bB5ZXrRU5xlGLstU/eWj62eq87a2W9lziaaCTlMyk/ffAAxjIA9gfmIzyRjg5qnPGwZUbLRx5yykBSVGSqLyWwenPPryCereGaUvHbRvJIU+eTaScnGQODhuQM+q8YPAhTw9f3sgWf9xFCFJLr5eQRnC8AHg+mP5jwVivaSalWi3ZaJp295dNvLya0XU9aOEnCHLSp2env8rtur6tavSytdavpZnEyXrGUKsbvKpUbyvTjaAB/s8E5OAeRyARW+zTu8ssh3g9AQWxn7ylRx1B4GCccdjXVXunW6SMlrvYbirSsM5K/wqRjHJbB6DHPAALYLYwkBPlD/ACyk42t1PXnjPPTjOfarVZRber2eqSb23s3ZL8bnBUwmIc2pNtaXcVa2y1stNbXS7X13fOwRShUdFKsXBwoJZSuQCRuyq8EHOSTz2JroBbtMgaVRvKHagPzLgHlgDgkn7vXpitH7JCil0UqA3LswZuc/KwwRg9cBhkA5IwKs+RJKyiKMuWAAk5XAAHPGARkAcAnkVzVKznfZdN7JbJ8q83Zrb57HVQwLi7yindJqyvrorre2vpvrtdZ0SOEijTcJAQqggAEseNwYEjvnkd93PNT6narBYqZmbzGkPy8lWDAAcA44ODwAMKcAdTqNG0GdiLJIx5cDO3GMBc5AyQDgAHOQcdKpauG+zwb9zuzvgEDIJDAAADjHJBx1PHAzWEGnUT1urXbvfTVaO29rv89dOmtQlRozbTTskrWsvhVmru7atttpsTaNpIkiSRPkDoPlC/MNmCSOTt5JycZGemcA9rY+G7m9ci3SaSR9qCMbsAHgMznGAc9Qwxk5JO0nsvAXhFtT0u3ubkJb2hjUksNruATna2e+Wzk9M8CvUEj03SIvIsykIcNGdmJJ3Cs2HZjnAPzZHBUDG0AE14eOxsY1pxpxk5Ju6Ssrpx1b0d938+ttfocuwCeHpVaiSTjF+9o22o2W+rtt5Pbc4vQ/BVvpyq1+POuDtC2kI3bGPBMjDkgc55IOQcccelRRxW9ssQ8pbdUJMEWFVVAJwz8lvXGeSM4bG4cjJrcVjFI2Rz8pkLKWdiGGCxPA4Axxz2PWuZv/ABaQ+2QnaAFjRD/FgAE4b5tp9R6jmvFbxFapZttX67WT2Su0l530tdnr054ehHlUXay+FJWfupXb1d9emurb0udzLqhTLwFYQA6BANzKu05J6khjgg87t2QW4Fc7eaoDbGQOVxuZyWG7jP3RkMRxwAeBnDVwuo+K1s45J5pVgjZSoO4AtnGWK4zgDcpXqD+nm0ni/WvEupR6B4ZsLnUryd/KgjtYJJ55nlJQeWkaszEk43cYzjleK7cPgcRVkoqL1sk0ub12tfV3vpZWvoebjMxw9GPvNymovlhdyd3y/ClotdOiSV7nVaz4iNuWk81tjA7EZsM7gkE7Tk4I65znJI6iuN0zRfHHxM1+20LwZouo6/qd1II44LCGSWKPeQoMkgUoijOWZmIA5CnOB9k+AP2Nl07RoPiB+0r40s/hr4TjUXaaRPdRtr+pxAFzDDalhJG8i/KFIyD71lfEb9uPwR8MtIuPAX7KXg+y8K2IgktLvx5qFvFJr+olRseeCVkMkG85bgg5Iwepr6rCZQqaU6iUVdJJ6ybVnbS2t23pvbR6nx+LzFSbdWXs4y6c1207dV69L222udR4c/Zc+EnwL0eHxh+1F4zs11NQt5D8PdKuop72Z1BkWG+WNmdRuG1lyME9SRXhHxx/b81ObSbzwP8AAvQbP4Z+BUVraO406FItX1CIApvluYwkmHUZJLZ/3iCK+AvGfxI1/wAV6td6z4k1rUNe1C5ld57y/u5Jy00jFmIDM6AK24hRtAJwQPu1xTWl94hkitrGCa7laRVjSFC7s5YclVUDapPc5JGQc17dDCwVnFRS/G7aeiSvfbdK585i8zfLyUI8idnzaNtXitGr2vfTeSVn1uZmoeItZ1/U7q91O8uby7mDySXd1NJNMS5+Yl5GdsuSeOAemBVrQvC+s+JtSt7PS9Nub64dkG2ONmaRt3yEvg7QMg88YGflzkfU3wz/AGR/FGveXrvjWVdA0XIdY5/3c8yYRuEOCAykY8zGe4IPH1ppEvw4+FAOm+ENLivtYjjVG1CSISzPLjacNhsEkEEcheMjJ59Wjhp1bcsXJ7WSaVvdWtttb+e2rufNYjFQpe9XqWcndqTalLVbd+r6Pz108e8CfsotDp9trHxAuotPt3EUn2HeqyBDhiGzgjjIYMAc7iTgZr2wav4V8II2h+AtHtwbeExPqBjRFDbcNL5rAk5Y5UjABzwcjODrXi251eX7V4m1NkjRS0elW7kO7YbCMoyQpHtkYOTivIdU1651VrlLUGxtI5GiFvCCGcHgGZlG4nHJAGOuc8ivfwWUSlaTguV8vT3dLaWa95q++nc+TzTijD4VShCcW0vsuzv7tut07tXWl7Xu1qddrHjJmlla6uH1e+UMoQP/AKLATgBePlJG45HzEEDGcEVa028un0+Ke5LMssjMsYOI1EmMHCkLtBBADZPbOc15HaWs0YPmqxUtyFH3i7DBPVuBj2z36EexC1W30eziZ2UyRoACCACASFDZHzc/N/tHJIOMe/Qy2lS5U6d5ttJtbbaW0SWl73str6pHwmNz2ti3KbqtKDXuNuN9IpK3re+jb102Zz010VMqM4wXBATnBySC2Sd3bDEMPlHf722CW07IjSMO6hmYg/eGDx12nkli33mHIzkYrW6xyBJRGij52YnLE7j8wzzlSc4YkjHIBbA0WCSoEUu0HDRqDiSaTACgLySODggeignrX0eCy6deUI0qcm7x0inbp1du/b3V3sfB5hnGHw6q1MTXhFNXblKOmmuj189kl36mcshLKQrTPGxU4X5SckqMjGN3QgHJxjPcdbpuj6xrl7BYW9vc3N1chIbfTbGF57m4diAiLFEp3FyQCMAjPBXgj7p/ZA/4Jx/tEftY6jp9z4c8M3PhnwWZUF14u1u1ls9NgtiwMk0BmVGvJfLLbfLJyVOOhz/RR4L/AGa/2D/+CYvhaPxd8TdV0fx58Uo7VXWbVfs9/fLepHkppemuXFvGZB8sksbMMgdRgfd4LJaNCUPrrlWxM+VwwOHXPWadneo7ctGKWrnV5Uk78rsflOZ8V1cTGqsv5KOEg7VMyxLcMNzxSVqK/iYmrZaQopu+jaufkb+xh/wR4+Lvxngs/GHxZik+Fvw7do7otqMIi1vUrUEyMscEpVrdGQcSSZGDuJHGf118WftE/sS/8E0vB0ngr4QaVonij4kWtuY5pbY219qU18ihDPqmqrvEI8zrEjqyjjtivyi/bN/4LF/FT4uJqfhP4WzN8O/AiiWzi+wMItTvbdcoqtJEq+SroOFiK7R1PANfhh4l8cax4jub7UL7Ubqe5uZC1xc3c8k11O7MTI7SOxYlj/tDJznOcL6+NzDA5bCnSxSi6Vk3lmEqctF2St9dxWk67W0oQ5Yb6pXv8plXD+bcRYiWJw8p03dR/tXG0lLEKLa5vqODnenhk7q1Wop1mrPRn6UftTf8FF/jD+0drV83iXxPdW2jea4tPDWlXEttp1vASdiSCN185lBCl23A7W/vHP55ajrdxqJlnllKoCcxiQ4lJ6h94GcfU555YjFeSW+rbnZ2lZtpZMkNvc/Nj369Tt5K9eimvrnjCDTLGRfPUybQxLMnyYGWLYJYAcckkkZzhSAPj864wr1aLoUJUcPhoR/d0KNqdOnFpWUYxSTfS929m3zan7Fwh4aYPBVvrFSjWxmLnKMquMxV6tetJ2V5Tlqr9ErJbRSsjp7zVraGTCyxq4DGUltwXpkZP3uTnPU/LkcjHj3jr4lQaNDJb21ykccgYyFnCvI+BwuD07njkEjBBGfC/GfxgkZ30/QQb66ZmDzqDti3AAgMpJdgOoPJBILYNfM3iDU/EGp3ElzqbzuS5xuMgjRc9Ap4+U8A46cc4r8mzLiCc+aNOUqkm7uWvlfrdq9/nbW+i/oPJuEaVPkqVYxppWcYpJOycei/G9vxTPSPEfxKnu3u1gzJLIzkSbgqxgngjOeVOSAd3XpnNeR3j3l2xubp5JpmAJLZbaCeFyWJyeQD8vT1NVbeRzIBKu5GyBx823+7jrz15OSfxrZSeMKVYsyc442jHJ2c916cEEgA5ABFfM1cRUxFnNu/q09bNq9ldelvwPtsPgaOFhy0lGKdlJ2V3tvq3bra9m35q0enXIt2DuQWGzCrtLZJGeT3xk98kZNfR3giYTXlvMq5YrGAXI+YgAkEY5GeoAB5z0Jr5tEYMqFQNpfABGTyQV6AnrkZx05zjNfRPgyBVFo6sRtSN5tx2EscKAD1BHAAAAOeRkGurB2jOF3+drvX0777JHJmcm6Daj0tqtdo7Ozd791p52PoS1JbDAFQm4HbkBzv5x24HIx22jsK9T0q4aPT3JUENGmSwG4kDOMDdluOh2g5Jz824eQ2NwF2q7siocFchiUzj3zjoCe3faTXq9p5K6eZHuAU8ok4ZcK2MqCDjnucHHQHpmvuMBNKEby3io9G1flvo2lptst+lz8jzSU1Vm1BuS2ts9n1S8/ua7Hn/iWV5p1hVUVZixIY5J3fLjkcYAGDkdRx/ewEKxrDARCFKFZFIPYe/uO2MblJ5wKZ4o1ezS+AguhNOBhyxGFkyAScE4IyNqjgMuDyDWXYS3uqXkVrY2c9/dSqQgghZ2dmAIVQAAFBOM4+UEduK5MQoYjEqC1ipJXVv7rSbs9++j5mvl14Cbo4VzcJXnpd2s3ZWTcVrdq2m2z8/oD4bLp1nbX2rTSQRxwJu85mAWIJuBBGeWJGMA5zgnjpLrF74t+I90NF8DaTfXFqZFjn1RUeK0kZycu8zLtCdT1ORwD2Pt/wQ+BLPYR6j48gcQ3caTW3h3dtDqCDm7GMnOR8jbiuWGRgg/Ul3DpekajbaNpVhaabYWNvEptLRY4g6jdty0aIWcH7xcluDhsV9lhcDUhgKL5lTo2i2t5y5nGTW2lr23u9XbVn5fjsdTrZ3XXI6+JSTin/AAaTWyadpTcdNNEm93rbwT4Vfs7eHfBLWuseKI18R+JCqSx/aVVtPsJuGPlowKyMpGCxyHxnnpX0PNfWyySxyCDdDGRHHEwjjQYABCDaFUcc5HXuOmLqWtoyFIpGA2SKiKoYQqcYJJzuA42n149BXLW5uJrmRCRCox588uMsCS2QWBIyQTg9QBwdpropwo0Gp04u2jab1adtnr+Lutbq+zqyxWIn7OtNt6ODUUla0XpyrTS631T17mnqJnure4DuzRxwyPGsWdnzAncT/Ei8Nwck8c1xXhC407QdA8b+K9Sv4reysI5vNlumEe7y1BZVLFQzEAhQOcEAZzxS+JHxD0H4e+GNUvda1OK0UW7raRO6faLo4balvGvOGJx02qOue344/FX9ovxV46gvPD1tdTaT4Y85z9jgd4zeHccSXOCNxYEbgcgk++K8DP8AP8PgKM4KSlWmlyQWrTut/JRvpZX0emrf1nC/COJzWtTrSTpYeFozqNbpS15VonKz+S3e7PL/AIx+JY/F/j3xJr0coeG81Kc2rnkNCrttYc4IwMgjIGRya8wgWByVkC/KD0whY9Tu5xheoPTPPHdXcTvIGUcA7Ms2D25BPzHOehydwxk8Gq3zg4KrtY5OCM8EgA/Xuo4J65GK/Gq1SVarUqzfvVJym/Vu/wCd/wBbrb+h8LRhhaFGhTS5aNOFON7bQil23stHa97ejW4iVSzKVCEgDK4AA4OWPXIIAx0J4yDzDkRqEZd2GBXBIHHIJGME5PGfpyCtTNxhd+7cQAARgHHU9uvrz7kYNOFjM2AqtKzNwArHLcHgjjCg4zg4/SktNXora3t3W911unt1ur7Fvnb0T1Semt9Ive2qvq1dXul00jEjK25idqnHynAwxO7n0xjvzz6cxsA+Tg9T5eT0JIw23ABB9MYz6k4N42D/ACRviEliDvJBznpjPA9Ax55PsYp7a3ikIM4Yhgg2HgcfORk4GeQAf948VCs5XutU7bJ9Lq7ur6Ls7fI0tKyTeyV7202679vPyIktWwhlwgcYyQfX73HXAOR0z6UMscQyH+Ysykg5GxiRjvgLgjr2wCeMzPKxGA25GJVF3DDH7ud3PJYk7SAcdQcnNSWN0zvUH5uWYHk9sLnOeBkdhwRgc1a3XX8b6b7W/wA9Bctvw6q2tvPa1tdk9Otxd+MxrKdrDqeBng4APAJ64Jzk46Hms7Zxz8qnCpnOAM5JxgZJ5+7zn8DIFUAAbg2GYnHB5xjB5UdPXpk96iAAxuBIbJwD1IyM9iRzx65OTgGku2m/3N/lvcQ0nvkHJJx6c56ds/Wg5OOMDr0PQADP0A6frzyZ0iLp8qE/NwoDEsSD3UY+XvxkfL7ilEYDFWXawGG427T6c8Ej05GMkkgcgm7dG/TX+v68iAFdpBGWJHzZJ/Qdc59eoGe9AVuoBz04IB54I/mMdfXHAO/pmh3+pOFtIfNLttRs7AGYcoWIOGftyAMkD0G7p/huZbsWl1EYpI2PnLguqMpJB3+h/hI6DaeuTVqE5WcYu2ivay6Lpbutd9Ve7Mp16cL88oxaWyabW3xRVmt1vq/uM/w54U1fxJPJBpdu80scZeT5WVEjxks78jBUcEkZ6fVV0m/tr5rV7RjLAW86JVzuAJBYc88D+E8cZxk19K+G9Ss/CehXttpNtcwXet2ogu77yVKJGQQ6ISCQW/g25HfJ/h4GP7LFHJcSzSQXCeZGWOJHn3klN3AAz0IPTOB7FdxoOnyvmm0m7dHePfRaN3u7dLJnFhMyjinXag6cac+Sm3ZOpteeukY6+7fVWafQ8xa3kiuwBFIhaPeYozlSmRuGWG0HnGSevQHB2+3aTpupala2F1ZGZbRdtq1vvdpZZAQH2Rg4691+UHrjArC0GytdRurb+1DFBaRO7ozDBnAZXCuV+bJ6jsCc+1e16ZPpemXazaeRDawjzYHZsqz7cbRGWJOSODtDN3wCANKUXNRcopW5dUlrZp30ve9+V30k7NO58xn2bezcaVOk5VJXfM1dRl7tujW7s+6vqkdFatpmmWdrDeTFr+4cQvZMqr5UC8BW3BnIIyH2gdTyTjHq8Vh4b0nSWv8ATyJdehge4jktyBDEGB2RNuJAY8df4sA9mHzlLZ3Gp+IEvSWlLkTSncUCMGLgbc/dOM4H16Eium19PF0mi7LK0uYYruVEF5BC+JHBACbguAqgAKS2Dyc8mvRoO6krcybWkU1paPKn2te/bbW+359jMLGpiMLzYu06kr1VKXLBfA9FJ8qtdpJbPt01m+Iz6QWvdZjs9W1WRnjW2liSSWON+IlLhTt2gjAxnjIOa7fSYrnUNLh1G6sVkjuJiws4h5dxH5ibg/G75EyfvA5wcjJJHifhnw1qFsXuNZ02a/u/tAWO1lXc+84USSnqoBPAx0BC8DI9l1TS9e8LqqtK8YvEt7k+UwYIku0LAFPzIVUqPlzn7pxjB9TD0Ho6lPmg1H3LK+rj70nZK+nqrXaOLMpYGjUoYfDVIyqNcrqOWjacXol7rTtZtu3yszbsdSsLLxLZ6RpFoRJdqLVVukM0T3Ew2EsTkAoxxvDcbcEA5r0bWvDlr4EhsNX16x827a+aFLdJle1kEgyz28YBIdFYckHlcEgAivGYL+TTr6yLRyi+gMd3abAslw7GVnKM3JwRnBOSDjutdf4n8UeItZvNMa6gSeCQRPBbhWnRHDYlJJ4jnPIbJHOQQOp7/q+ElGo5QXOnFQdlpFtOzs9rN6aLaz6nzmLpVXicNGM1GjKEp19U5VPhajGV1ZSavdLrvZa+saDc2viPT9Y0bw7dQQaN5gvbq0vWWKSe5Rd0sCsQPmwPl5w2QK8h8WadZ28t3Gs0stq0aywafk70nRVDkYbmNWBBHTactkcj2m01nwRDpkNtp3hs2mpXVuwEkUpGdSEYSW4mAJYLkYIPygnGOefKbW00uW11U68hjvo7l0t7j7QcOpcl1QFs4b7uCCMEccEH5/Nsni3GtTlF2s4KNrfZdpK1m3fS10r62SODLcTUoYmaXNGKqXUZrmerT0spJp8z1aaezs0fMXiDwrdb49Wt7N4oZizPHb5kMsjOFAwvzK2CT25JBB4NdXp+jtYRW02orLPb3sCyXSO7xtFsBCxsj9GBPzcbsk7fugn1aXRXstPhv7O6DlLsSw2UoBS3hDZR2jfPmKeMMRzk+g25HjTTrq8Npqkt3br50Khorc7LaFgQSsqg43OvKnI2kjOc8+dh6dSkuWpGS0irWi3dOOqel9Oltb2ufV1c4q4qNKi7LaPMuW60jZK6trZ3uvK/e1Yta2FtpM8s5NkzmOCyjLFULNx54VgDxg8Ddxjpg19D6Trceh+HXgvrG01axmE1/byTKLgRXKqTDZqrZchsjKR+mSCAa+crOOxS0jmSFyzQots28MPtMRyX28hQzZI6DB5xxni9X8YeJNOumtbtjF5siNbKjOybVIDbFB2BinGQAB03c891NVIT54JLm+FWtdaXsmlfVKy0St13PmsRlUc0rJJtOlUc3GScW0tXyPSze/XS6s+vuXhPxX4X8Xf274fuvClvbeIdcuJYrXUUlaK302TaypuLN+7B67ScnAJBJ58WS11Lwj8RLC11vU59Mh02aSNrhBKbC5SBiY9xBIljlKhWBLAg9RVi+8ReGkhD6W8mmarNBFLOg3AXF6pG6ffvGGDHA2lVICjnNamreKbHxz4c0vQtRktY73R3leS+EO2a4ZsOIZJsbiW6ckdCRz8p9SdWFajGMuX2kVfn0SfLJWU7N2V/eld7fc/TwWFrYKtUUKFSpgsTBUa9KqnKUXHl/eRu7qDbbkrrpbscN4p8ZajqfjTUtXttM0yWzlWVGjsodlqYYvk+0MhyN8n3gBjJz7V5CZpdSurs2qrbCWRzJFjBAySP3hwAGPJxk7eC2evrur+FpZhpV14fWeO3fEF5DETIquCA7zsMhEbrlsZ6EY6afif4Wx+HPCLa5f6nALi6nVUW0lj2Q4yTEY1/eO7AgEqfl2sO4ryKlOVRSqSu0neUuZLW6btdLRt3d10TstT67B4vAYOGGoxS552pwhHVr4bNOzaVvJq7SurM+Xpkmu9U8meR/MjfyyI1JVY1zgKd2RyBliRgcnC5Fe1eHb+CGCGzk0+OXBjzzl3YH5fPccoDgcbtp755FcfHDZ2JkkZYpGmAkWTOSAOQgfuWz90FTyeMc1radY61fOlzp9syo7rv8tQo3D7qZONxOAODkZwewr4nNnGqnCd4wSkm1K2miV11dr6W/S31daqqtKEZJQgocras38KS5lLR21ukl126e6yeMdW0qSBNCSC2nkRFmt4VRiiJwzeYc7SBwSf4evQ1474u17U9VupLi4mnhBmyI0ZytxKMlmcqQoyecEZxx1Brb886PILXWrhlursoBHH8zxqSdyyPyzAghvvAgZycV6ALnw7Lb2Wmtp9u8TSBpOjSsh/iRvvKXIAwSDzjnbivjlSo4ObrvDxqvmU/aNOSsuWzXNfla3cU1dpe6tLcmHksM4SjTVRXu5S/mTWqfvKLcb3s4p9lrbyjwfcx2fly2IgfUL252XbTcFIwV3IC2CQw6svIG0c8k/RWnWVnNdWM1jqtrd6tdvBELE7VhtIn4YNuJVsYJ39emARgjzvWfD2kXL2/9k2j6fbiVtshOx5mIAMQDYcNkZDY68k8GuPvND13Srr+0rLz4rSEqzyb3W4QAnCdSSSehyceozzyY6jRzNpwrexlKMtHLV6JKO60v7zXVp33NqlSFaVSpUmozatCPNvdpKOit1vqrL0bt7n8Qta0bwe7abpEypfXVoz6xeRsrs1xGhJWIjOwAlgnAI6YOAW+Ndbv21ee5uoYmMskj/aJWZgzpyFB4UnO3O4fLySQQFB6TxNq+oXaxQpG88ly5aW4k3M5LDBV2OT9egGOnQHmLDw5r2oX4t7azuBHK6oWiidkVGzudnA+4MnnnOT7Z9TJcuoZbSc6laFSpa9SpUs76Ldz0SS0VrWWq6IeD9nRm5TqxuldOSveSUXZt3S3tFaaaqzeuLF9q0dt8ls+24XFq3mEeWpYFnDZzwSe+SM4HY9N4etry+1GNYmcNaETmQyMDMGO8qGyCSMnbt4x0B4Fd9eeAv8ARo4L8PEbRkJluN4N0HI/1XIAVSOQuVGegHJ9B0zwpoqRK9nE1pJYWm5pt2BcyY3MQSCpIJAAyQcsOBjF5jnuDWHlBKNRztH3OV6aJu6WnL3bVmmr7F4vMaU6UlTipSaXvJx20vZ20skmm7Wdla57D8MNbs7/AEa40fXBhobWWaAwFWuDcfcTzCPmDjPHIOedx6DUt/AWsNPb+JLuZIbC2UvayBy9xcyRuWSNwGyrnAHOQcYHGa8w8Oz6Xp0K3UVwbKdmkS4uHI3OxJKhUPXk5BOB/OvZfBWqQeJlXTL/AFOa2t7aRpIJZGKR3EwYjzV7YXOWUg5GenJr8Ez9VsHWxmMw0ZqhVTdX93zy5ZfG4QS31va3y0sfkvE/tsNh8VXpqcouDdRQTmml15bK+99E1derPsX9lLRL/wAR+P5bnVZL64tbNIJ5IWRlinyV2QPnCqVK4DkYbuB3+s/jtfaKmn6tZ6Lq8FzqIi83UNB0/L3aCIlFs2SN2IbABdtnrnABI818OT+BvhL4Asdd1XxUNPF8kbyXVmV+26lviAEgZWAURO2wKCpwmTnnP57+J/ifqXw98Yan8RNF8Yw39r4huJvsMTzLcSoBOyqL2CQklWUqX+TPuduB/NuC4TxniDxjjc5oLEYTCZZGFHA0p4WcaWOrUpxU4Sq8vLGUknNat7R02X8U1OBsf4gcbY3OqSxGFw2BUKWX4erhqkKWNq03Fzi6i9xXSbd1ppHQz/iHqE9ksmpf2FLYQajm3igmgkQwuB5bzMzAMxY4baeSDgngZ8r+HSadNrv2LUGhSxnaXfcSEI298krG7sQrOMLycgZ6Gvqrwz4tsPixplzb319aaprFxcRyyWYtUeKxW55N1G6A7UDNkA4UHIwcVs/Ej9lm6trHQdS8PXemXNvfQsy/ZWaJmvFUZLsrAL8wCndtGeh6Y/ZsNxBgsiU8jzjny3FVm6dOrKTajyqHK07fZT5VZ2a66a/sVDijA8NU6vD+bKeVYmS9jDETvaMoqnyy7e65Wir2d7q7R8w+Nfhqulz2k/huOa6hmka6ubdyrrAjucfvRw6EHdntjOOmeYtbLWNJ1mGFribTyBFJaLa+YsKncCwbaRuXgscZySN2VBx6jD4c+IfhTUYYfEIl+xbZY3gDmZpreJgrIiDcyjA25zkbmbPPPpttdeBrHwxeeIZrFp9azJHYQbln8mPaQ0c8R3NFtJzvxlRtI4II9Spn+JpUqdBSp5tRqw9nCpQfteb2iioqd7OCja3Mrq3VbHXLiXEqFPDqpTzilWi6VOth/wB7z+0a5VPX3OWybklaOmq1MmwkL6XqFzBuOrwwsbu7LqoukkQ4iBcAsQDj5cY55A6+EXekjT/EOnXeotO91PdW8sIgR3JXeMROCuMFsc45PU8CvVbTxdpeq2jNcWL27iIfZEtwdsrK3LOoABxz98EZxwME1698PxY+Ltb0m/v/AAxBfQadILaC3UBZJp0AMU0zYDKiMuWY5GVGW5Ar5yeYYnI442vWwtSVJ05Qqx54qUXOPu04yd04uS1S2SfW1vLp4nFZGsZXxFCXspwnSqR5rKPNH4U9dOVu99H7yTPOP2jtd1uDSvB/h+dIWhvrSC5fYSb2OFlCos+3kSgElUYA/wAI7tXEeGtBu/AltZ6g2l7RexE29zdjfKUlIAZwchQeo7jPUivfPjLdQ3vizTE1Xw9DcXWlpGypbqrRzYcbI5iOCYkwOCenORmupv8AXvDniHwzbaOukIkkIeSWSdlDW0ka7vKMh+VeeY1Gcg885NeXgs8q4LIcpwmHwDVLEVKlXGTp1FZyq1U4StF3XLF2TklpdLWx7nCmbUaWCyrCYbD/AMSpUqVpxqaOc6kHF8urSSTV2lq7XW6+PviFDHbW0slxOwuGdLqKXcrI5lO5k4wAFzgE8nPUZwYNB8MaXHpmlX95qkNxczTrOsbPlfmYMUyWwqqckgZyMAnkVJ4gt7PxHrNzpFtMrswESyS8x24TcWjXBAJLJgEY5ODgg14/9r1Tw/4hvNMviz2FkjNBCHA2u3AKYwTkjPy4GeSc5NfrOW4SpmOWww1OtKjWhBVnGSvenLlatfo0rebv53/pzAUZ1MBSj8MlCMldX92ylpfTXlSVrN3T7NfSHjaG2ngtbvSTDdXaReXJM4GIgiAGNVBO9SuQo68kZINfIXieT7RfwWVxm2t0nE11HJE0COxYglJXABBK8HglcZHIr3Gy8Qa3NZQr9m3RLunFxIgVVZclImbA3SsOgG7gkEdQfDfiS/iLWbKfV7hre3toZDFNbiMRzFFBw6ZxleBgnO78Ca+p4MwFXB4h4etOnN81oyck6lm4WVrp620VrpOzve59DllOUJQhUUZKTj7392XI7aO/xLtfV3VtDjdQubW4uZ4UtIbnSpCI0kZ1ZvMjAAAY5+6wOBk5PXnO7z2517T7Se9L2hjaPMMU6qofCgjaBgD2ztyOoYENXUeDYLm7v7a1s7G4ntZQssqlS5XYT5jqDwCRzuK/KvUDIw/4g+E7NdXaeW2ltNPliaQqCBlh82doUkMTknlSQR64r9jwlanQrrDTa5uVNK/K9eVXa0dtLJK7t1S3+lpzhTqqnKS1Xwq66aXWmjXXv95x8PjN7xIrdrd0t4wVYn5SW52s5ABYAHI5zyc9SK2rDWJLS9tHuZmyoLRorZQBuQrFiQCR3xyzENgfMvnBS3k1DyLLeIEUgbyVVyvWRiTyMjjP3sZ5praldxOtvHHko5beVLEqD0QkEEFRkdcHOfSvbdJTjZN2kraryitLaa9LdtjtcOf3YpapKKa7clrO93ey1u2trbI9r8VajaW1sdQijZkmEYIPWSU/fKcEg5PDYORkdjjioZm1vRb2O1uZFktlMsqyPsWM5yvHGWHTaCMHk9qj01pfFJS2vJ1tV3oqRzE/KExudVBJAI9cHsTxXQ6i3h3wybrTbNYC3lLJNK0quCQDvBAOSXycAgsB34Ncjh7JxpxvOXtNNdEtPeburWS7O1mrBFSt7P4pKV4pa2WlvK909Hsl/hOB0C6i0rzHlmSS9JBt1ySVBO1g2Seo75xnkH17rU5JLzT3jvQI2miUW6wgZy2WO4qM9cZILDk+ma8Vn1Mah4hMtlHHFDNIqLGrAhlQhdyqV69D0yfwwPonw5pN/rEAaWISrCgjjMgwdo6uSehA5xnceCCRiuqtJU4xct3Zvdvda66O/Ta3S9tPQVJQUJPR+7om3/Le7trfpold7bHz1LaahZTvLEJYDbu4LHIYjOFKg/eHbnBXHvXXeHLPUdela381t8gwbiTG1AAPlyMENnkAkcHODgA+56v4L026s0MlqLZIAGlkD4M2GO49c4PzHBwO+BkVymjaSNK1TNiJVtpGGwS/KuGI2yMX4YKScbQcnGCF5OSxEJRdl70b+WrS6W06fddXe/TTburpaa7pJ+sdeiStbd9SivglLe3uI9QtTcbk3+ezAu+Bt47kZweMZ78HJwbj4U3Fxbi6t7uIBgphhLYeM7shVxg52n0524HHX6T0yysdSWaK5n82dMKNnzKAOpBXAJboRjBznPQ101p4Zs9pltwPtGN8YQErHt4O4EFdxGevIwccfLXFPM3R+KWqasr3e62tr9/mh4urThBttJON3fe9opLa77avfme2p8k6boNxYwx2f2cCWGRsyAczyg7kVQBuGSB8ufvc5Fc74i068F2Te5jYx7kQljtYFcIuSBuORx69fvEn6yPhxbLUn1C+RLpS/mx2yjPXOH3IMIe+T1XBGRXJeOtGt9TSKa2itoTApkdSFMgY9RkZIYE98lgW79YpZrCdWPNrzLV3avqldNaK3nrbdd/j6mMpwxF9FzPW7s9dG1a9r3utW9b7aPwfTrSSaGKyFnvM6ANKzDcrDjLEjPcfLkEnnrxVy40e7gEUNvG6szmGR2O5XPO056YAIGQVUYHpg7FpFcJN+9fy44MvO4BiEqJwOWGQwHfjnt0rQgmFx5qiSZtxItcgleCc8gYPABBHPJ7nn0oVZTcWrLmtZPlVr2vr5Pq+rtftjWqwl70U7W0s4q2sbO12+unnfTe/LaBoyprDrcHY8ALuhHDYGBuOARtLdCeMDryR7tZ2NlNZP504H2dAQVJVuxKqeCVVcgjkDnPB58rtbqCLWXMWDK0HkzmUBG3nlioxyRtB4GOg4PTpL3XIbPSGPmlLn5oEQRhQ+WwzscZ5wRycjJ+g2qqTtyySVr3u9dtLX1/R367+Xjqcpzpu0o8y93Vp7K99VZ99dbbWsdkiWVnCxtrnEQjlbzmYszORkKTngEjaN3/fROa8GkhlvNckSISOs8soLkHYck/MRgZBGNoGOMgMcfN1gv5NQ0ucjcbhY/LEOCscZx9/PQE+p65HNcpol1ewa5FBct5ahdk0fGVXk5QngkA9M7uh65NYwi4Jvm193brqk29Vola+t9W0XgqNvaXbUopWtrdpx7votNH/AJnSS6fdfZJoWLBoImSDcrKWBzuKHIHG0E8YBHbkVx9vNHAy291Csk0fzRSShVCkt8xwcfLkfNuJyAMDAFe2X0KS2KC2uFkk8t2Tdj5osdM4JLDJ9SDyOa8F1UqlzPHO5M+xwHUkhju+XIBG05yF78fhXqYGbmkrReqWy00i77t3s2m2rbNK7PZwLpyXLLq0k7q97q1rN30dlfpfbdamtaWJbYSo481lb91FjYFABDZ6ADBBPTjHArmLPSNRkWWSOOV4oNrlXU/vCD/CMnd8wJ4HABHU8V1v55VMZllDQp5cSNkq24EDdjp06MQO3GBlLXW9Vth9me4MaggiMAbiqZJHBHDA7QOevAyST68Uo6O6XTTu016uzWrvs7u7PX9k4xio63u79VdxsrrbTa609Hcjlgu3uZWlJQROpYjIxGOTtboccjj2yO1dRZxqkChJUPn/ADLkEmJgCVZmznJIyece5AxWXHrMd4rW+xYvMUF5HVSyyFmOFJAJDdu+e4xzSn1Ke2la1CqUZlUlQTgHHIIBGT0xnI7nOMbxdlZ8rvbWWvKvdWrs9lbW11ur6mbjd9elmuZpr3UrJNfOye9+h0q+LdbtC8MzLcpbriFnXKqij+EHkk9CeRkcDs2Nba1rEuoLqG+ULJIrMkbFRt3AcoeCAeOcjqFxyWktbMalcKftCLDGQ8iMxACHhgACMnHPOBuwx4GK6a70Kzt9tzBOrQrGCYlcZU7sqzcgnJ5AXHPzDIwDFSk9JN9VtLTRRa1e6vbq7WW1mZuENlFc2lna9nprd3un5cyWj91rX0uHX7U+Hbux1iNr2N083zDsZkBX5EXC7lHAXaSR6CvEoIWHiXSpreIJayaratbkgF1jWVdwY8kEHIweu0nPNdkjxxaO29C4uSY2lkbZjnG7aTlgpPXkn15xXE6Z5g8Q6YpkeSNdTtkQBgQzechyo4OMNwCQSSSTzmnQio4iil/z+ptNaJNVI3SbSta+vz73fm4ynOngcc9bfVa75d1dU5WWqWlne6d7Na9/6Avhsxfw7p3Q/wChWQDbs5byUDED7pIA5BwM5yDya900xCIkz/FgcAHqDkE7cZ59zgjBGc14J8Nm/wCKa0kqwCva2oY5GDiAAngY68gdSOeQRn3zTOI1POOM9zjI7c+348jJr+xcmV8Dhur9lStLp8MWkvXX8Gf4m8d6Zzmelk8diNNN1Vd9LLz018kkhurxI1s24ZHPAPJweOeAP16DgV4p4iRFilKKOjBhnOQQR1HAOMDkcEHOM8e3aycxOAAoJySMngDJIB9eCOnsa8S8RKywysxO0hx+G3H6kgE4HQDJIOKzP3ac7pNOOj7bNWvrtp+C2scnCTvVpXk1F1YPlve65k9vy1VuvQ8e0adIrbxGr7I4l0vVHcqpzk20oHQZOMn271+LdxIw1nV2jO7fqd6yu4AVVM7Aqe2SP4SMjt15/YNNSeGy8RbkDKNL1U7dgBP7iQbjgBsZAGDnB4yTkH8V9Uurg6hqRhZow17du2OBkzN93kndwRgkdfy/lXjPD8mLjNxSc5VHrZr4k1bTv676K2h/q34CV5VcsxlOV2qcMJHTTVwbSv1tdPuvddjfutamtwbNWCRKQSFUnDsS3y4JIwp4JyAenPFa9n4gtoontZJGMaqZEzgAyHoCeucnIIPGe+DjyuW8lmYySOwIXALLtG4E4LjkEj1yemOvSsLtnT5ifM3gbyDt+U5GFHB4HBy204yMnFfBVcOprZNppqy+LRbx6Wv1drPqf0JWp+1gk0+l2/lre97aaP8AA9xGqvHZKryoheQOu0hmweoyCTnbggAtgDGWwc5EmqQ+bII5ypZdwLHAVwQDlu/IwDjORgdOfOI9UnjjCNvct95SSQvDEAKecjOR7gjGMkUxdu6fPIVlZjzvyDgnjg4yPlJxyCRjPFcywjurpNOy32WittvaPZrTucqwiikoyV1rdvVpqO2n2baLe/3ncanqs0cgMebhpFCMWJYIwHUMCRnkd8cYJPArEg1ieR/3kkgKhstyAFXtgHnpxjjqCBk5j0IGaeNr6R/snmEPuXaA2cJgkbgTg4PQ54BzmtHxDY2unwxvBGY45n82KRWBaSNiD1xkFcZ5yOenPPdHL5Kk5yWnS/ZW6b6O2unZNmtJQT5Je8+z0S+FNJO67JO6091JdN3TfEMshjjt3Z5gGSTfnbtUAnkY5weQP6EjrbjXdSa1LxFYmijWNACQxBG3cAQVxnODg5HfArxCxkFvPncyR5Y5Od53EYznHy8DPUYHUcE+kxXySQx4kEkigdG4GE3DbjOSAcEfUdMVzTopRVouKSt5dFo1or2utbebObE0Ixs+js7bK1leyTXXvdPrqrF2DW9ZQO8rGQFlAd8MAd2cIM8IT1wM+oPfoLK4vLqKV7gBFbb+5cFBlsYkAzwoORkkknOSQMnm7WdJImDr5mX+QkEITuDcqQR83RcjPYHgCtdruRmS1B2ZAG844AxxwCT1wAMjIJII6ZSSUV7u6Wu92/lbZ311StfVHmzc38C0slGz1Tukmlbayv2afVam5bMypiWVhHExBU4XcCQM57oFA68demOea1G9E94sB3GEAFGRcZUNkBiM5XPJ9CB6YqRtRRU8t5cPyhUrkPtwDk8dRnoTgE55yTQ1fWNNe2ha3Ie6t8R+Wi8puyGYkff+Y9CCc8e9aUMPKrflUrppJK12tLWW+l9dd76GlH2zkozjyxel2lppZNvTproltdK9kdRZ3EWmWzLMRIzlcuSNqDBPGc5IHcEDB53c4x9T8UCTclqRKFjMaSsNwAx8/AORjjgc4GBzkDC0rS9f8UXdvpemW893dTnCWwDtudiAuxQC7PzgIBjIIJOOP1g/Zc/4Jb+PPidoC+OfiSH8CeD9OYXc8l+piuL6CLErsVmKeRGY1O0vnJ4/2q+qyPgbMs+rRlQoSVJNKeIqe5RppuKblNpr3dXZatWuro+Z4n4v4e4Tw062bY6nCbTdPDqXNXqyST5KVJNyk30XTq9k/wAu/Cej+MvGeoxaP4d0jUtSvJnAhgsbWWeSR3JTkKG2Kc5zweuff7U8F/sR+K9HjTxD8aJn8J6UxilFhOy/bZkkywXazZjPIJVlHUHIr9CtY+Kn7P37NEl54T/Z48N6d4j8WQRJa6j4nvbNJ4luov3UrW8sisGIYMQ0ZAJIGCRtPjmmeEvjv+0H4gOt/EG81TTNO1GUtZ3+rRy2ekQQEllNrG4VZQEKhQo4Ax8w4r9Lhwtwzw0oqvUWcY2EYuVOlH/Zacla6lJayaaSs7KytvofgvEfjLia+X1cXCrQ4Xy60nTxONlH6/iKb5bPD4ZtSjKUVzRvFy1TtY9y/Z7j+GFvqa/Dz4E/C+x17xhqFvHYHxNqtqsotZmAWS+JaMhfLwWLnC7gcYABP6av/wAE9P7T0exv/FHxE1PxH44NlFLJoXnC30PT2lcSGJIk2gpbklVIJ3FQvZSPG/gNo/wv/Zs0mwefU9NttQv7iN73xK5hN1cKqqJ4oMkOkQfcVwB8pz1HP2Pp/wC2n8Jdf8Qy2eh6vaWUWlR28VxdTsHGoqjqHKANvy2CGG4jcwxgcH1P7cweIwn1WtKnhaU0vZ4eg3ShFRSaXLBrmbVm3NPZWP8AMTxn8UvFDPs6ry4AwGbyyeheGJzjE0Z1a2NbadSp7SUWqVJ3soR2i/evc+dfiH4b8WfCbw/BDZW9lJeaQq2LtbosdpEi8R3E/I84sq7SM5LHgnO0/mt+0Lofxv8AGHw78V6mPBF5d+HkjeW98QfYJVtUhYFnkgkKbCoAO1hnPHJPFfsnr3jzSvj58d/B/he5traw8BzLGtw6kW8WrCKQODISDv8AMIA25OQTyMnPtf8AwUR1Pw98Cf2SvGGkTWen2a67p407wrp6Rx5FpLCIkcLGQW2xksXYFvlLbjnJ+VrcMUMywmYY+GNjSw2FjVdp8t5SjCM9FJX5Xf3W0rvboeR4X8aZpw3xVwnhswyWlmPEObZlhalSonNSw/1jFQpU+aKldTdpyfNFQSvs9v4YPDnh2HWfEMenXMvlJHLIGeQbUcLuIVSNvcEcHIPBB6Vk+KLW5ttUvbYl3g0+by4GyXBQE7cEEMF4wAcjJ7ZGOitNUm0rxM9yY+ftcjxsANoVnYkAEHcpDdcHGMjPSk8UXS3WpveMybLxVlKwr+5yTnGR0Y578Zz0JBr8j9m41JpK8VJtSS1Wq0XfR6JOzbTur2P9w8vxCnQwtSo43lh4ScbpWnywbT6uzlpst7vV253Tri6NncKYiIphgjOT5nHO70wc+nUehrNgS9DywlGkj35kDDGR0yGBJAyMAdyOAe3XhPKiYtbYWSHeqqchAAAGKjqcj/ewM5OQT0fhvwf4h8VTWVr4f0e7vri6kWMR2sbSySKCCcIqsW2gEnuOc85xUIVas3GEZSvovdlJuStuknfz0sl6aVis2wmW06lfF1qdGnTg6lWpJqEYxiotyk21GySu290+mt+Q0DwprHiC8/s+w0uS8nkG62hiXcUOSWfaBkAYHODwCTtwDXo9t8OvE/g/V0vNYhWxe18q58okt5qA5wo+62OAowMnjHSv0X+F3wR8BfDLw1J4r8Q67djxlJDERpEFs7S6ezIRLbMxG3zDkAgAYPUZBA5Pxf8AE/4d3V5pennwmNTtdJu0udRiu1JvtRAcGaAP97YMcoARxjHBI9yWROpQ5a1RRdWL9xpf3bc3Km4r7mrq2p/OuZeNWIzvO8VlnDmUYjNcpw/NSxOMhyKFRqKlzUal4qUbtJXk73vdJM+Ub/xJc61bmwtpJbZnljKxtGYpJ3cjgyELtQYwcHkbck9DtaD4UmitZbi/Vn3SI0dvbqWJdSQrOck7WIBCggHuMCvWP2hdbtPG8/h7WPBHw8bwHp1zaCysIYrCSMarIiqPOE4CoXTBbeM7jxk4OPM9Lv8AU/DltbWd7fSfaY4zJOJFJI3bg0bk5+dDwoPTJ6bcV+cZ7klXL6sqakr8ykmrKM02uVJS5XJSj1t3ve6PreHebPsup4nDUVhakpTVahzU5zpVIzUXGpOLac9LNXbVmvI1bK1eyjnY6ejrcn99hR5kEYBzznKnn5hu556bRXkPjKyuruCQW8bxWWJChGWclQDtZVOdh24zyQAcgjAr0G78TXU2nzCJo2UysXLZExQk4QhPmO4kHJyMtwQMgcRrWo3sNmtzCqQxFj50bkYSNB825WBIGc4BI3dR2z42BpYinVcrKMnJRTtZWXKnZLZuztppq72Pv8tyirhfZ1Z6tNRkmla7s3fl0V7O9+l7bJHk1hFHOjfa4TsiiIgEbbGklUHaxTI5UrnnJ5UEnpX6Kfs1fDu6+KXwu8Q6da6pZyeIrJZbnT4buZ2ubO1tU3tHgthVnwUAXAJzz0z+YPiLWrie/E8E0UMKs6wGBdgVmIBIC9cfNnucnI2g19Ifss/H/V/hH8RLCSF4Xs9VRNK1JLtgYpI7o+W0rBiFG3fkfKCOvJGTPGWU4zHZPUqYCnTljcPy1qSlCLUuRRco3tfW7abvfozwfE7hzMsy4ZxGIyqnTlmGCtjKEHCD53RtOUL2bvKKav177NfXn7PCT3PjqPwpewwx6hpE91M7khHlkt5mUQtkbnBIIUc/KM9+P3BvJ9MvPgj4j0vX9KtJBNaMJLKKOOJ7R1t8RXTORuUZAfjjPbPI/BjWPE//AAi/7TNlrGiIpstS1OxvAmnEOlx9pMck0a7CRxvYlME5JyR1P3B+0D+1Va2Gl3uheGt2/UrWxj1BXjkjnR/LVJIJEAC7M7hjAyDtOc5r+K/FfgTiDPeJuFq2V06lJ1VRxdWpTcoOlKjOMqsalmk0rSave23kfwB4t8D5/wAQcT8I4nK8LNSzHC4fF1ORyh9UqwcXWVRpJQUJX/lb26M4/TPjNrPwn+HHjrwfp/h621OfxHJe28GozQfaXhs5I2VlVkXmKOMhlZiq7jnjDCvgvRvATNDqniyTT3msZmaVxOPKiS4ZyZMqR8yhs7eCOgIIzn9Sf2FPg3r37RnifxBZ+KNJvl8DWFit1ql1bRLKbG2fjbEzKWHmMx8wZ6dCOGP09+25+xF8O/h38JNX+IfwtfUJvBejwW+nXUTzhP8AiYupa5luIC3mEA7gCDs3KQeK/r/g/h3iSHCv1yGHc8NhYtVal3Fv2ajGrNJq/K5e9J3etmlYjL/FTIPD3jCfA0n9X4izvGYKGOxmFqqcKs6kIQjBx51KM22otRTUHJ8zTP5/Ndlt5NDj0+whuCstzmNHbZbLOSFO0jA2gt90jGQeOufPgmp2N4fOiWRIYSUUj5IXbncsnA84NgKQcYwBkAg7PieW5M0Frpcki6YsgKGVimXztI3thmw4bOCMHPX7x5+7vwbRlkuDIbSUPeySOFQxrkFE3fM4UDGQcYHOeo9vBKacFySk5O8+rb5U27tW5XLTfW99dj+9uFoYypgKSc51I1FBpy0lqovW72ba3b+dkeZ+MtWvQ8P2idomkny8I3AHB+UT5+UlhyOCAOAPSgus2EVsLlbhlvnBilEZDrsAwqkKDhc4PUZzz0FXfHN7p2vWwe3KpDFhYpEUhpiq7im4cMd2VyclTgZyM15Pptv5NxPcNC8luysixOSjRkISzEMTjjADY3EkDjkj6XD0r0otpwknqvusk/ndbb6RZ+p4HCQ+rx51y1VGN/PRPmd1qm10ez13P2c/ZG8YTa98I7rSHd3uvDuobtzfwRTYfCdQoGexzjB45B+ubLUVkg3qmd8ZDBsjcV2gYPBycEDAPJ71+Wn7D/ipE8Q+I/C73AittT0kzwQF9zF4wASynJLAA8gcEZOMiv0r0oh4liLnEX3S+VyQTjOeOxxjOeOvAr9GyOj9awdO0mnFKDb0Xu8um7to773t1Vz82zibyvN68EkvbNVdbJNS5W9+nnqvzIPELJJBNtDbQCERicB2GG4wFVfVmI6ZJzxXyx4306RmkBVUYkuG2/IQOcDHGcY5zycnrzX1brEAliZCQ0hAJYn5dqgc8Y5z68dTySRXgni23CiTl5ZP4VAyFVs5BBJwBkZxxgcd845zg5Upc1n7trpWdtl0bsltp62PvOFMxhiKPsZSV7r4Wm+bTmskkmk76K+r6bL4j8QWjfaJF3dC58wg4UHJC8/xemMk/g2PNpbeMzN8+1gDwwY/Pu+cgcbiTyAOOuPWvaPGESrczKCY5MuWwDtG3Pyp0/hI6/N0APevJZUX7RHtbDDcwVgVJbIGSSDwcgAds8cjI+RrVHFNtP0W6a5fPR6q+t+y0u/toRjzwVtLr4ur92/TS7VknbtY+T/im0Y8XvHM25EgT7zBWLYIAweBwQRz2xySDXPaIlu+oR2sNwF34DGX5sDgtkk8t6HAY9Tk4qb4wSN/wmt6MnHkxKCwOVIBwAB07c9z9efPbK/mt3jePLSo4cEgngdBjHbaepwT2GBWkE5UIuLk7pO6bX8vzejXX7na/r1KMalGKikm4ryTb5bdPiWyetuZtvt9dWYsp9HmtNwBiVoWEOGeYqoUEgEHIJ3Aqe/XpnwnxRoE+j3LzxYa3ZlIMgJZMndyrEgFiMbsHIHcYIk0X4gi3nNxdBw+8LtQZQxnGTggjIx3Azjrk1a8QeOLbV18hIRJuIHnOoUiNcEKRkD5fm55weRwGzzUKdajV0bnB2vzX5krpuzV9LO6dn9+3kYWhi8NV1jzQnZS5klbbql0TTvsrdNjgbySRZUmKmOBgoGzLcjjK4yf4eeo5yMcV0enXN3sVnmdIgw5DMr7SMMcdwV9ux554zkha4YQoQZcsysQSgHUAggkADOSfbrWy0N9a2plZkcO6xR4QkYBAC/Lwee4JOMEntXpRrzppqLaa21b7aatWtt6rp09DE4WnWinKCbSTXu97PRaXjrpou2nXebV9YtZPPtbmYLCi7GDuXZWHpnpk5IIIBXvuNdPZfFHxLYrHLJfSbQAVTeccDnn0Izjnkkkg5NYdnaGe0WU8XZIZYxkZTCgBU6kMS2RjjIwMir0mix3OmTSzQgXKk+WygBU2kkqw5C7gVHIyueoPIcM2r0pWVSonfVptq3u726WVrJ9+6PnqmWYKrU5amFpSvZXcE3ZtdI7+n42PQdM+OOpQsEuCk29g3JBBz1BDc8Hk+vfgNj1fS/jbZzrHLNbRKyDayBlGSRyQAQeGxnBIBJ6nFfDsVsUl2OTGyM53KMKMMcrgYHGMdTjn6VuxKAiyQzDKsN+TtwTwzfQjKgDB7HFexR4jxdFxbm5JWaXXVRbWtt9/O+l0nbxsw4LyvE3caEIuV9Uv8LWjtd2e+9nvc/RfS/il4duGhZZmiyAW2zHYWPUYwOQeQCcnA4559M0n4jWExxZau2c/MsjZK4A6evTC/MPUkjJr8wLPWHszvklc2yKWKKSGZgAA+4kZ+bGGGAOT0OTqaX4wv0nYW97LArMzRqzEEYHBJPXjKt83fPHJb3cPxlUjyuaad024yceVWWqtvsur1fW6PjMb4X4HEXkku6U4RfNfl+enbZK6P1ctPiDKhjez1baV2swSUhXOTy4LEZBGMHnnPrXcW/xn8T27Qx/2sZ41YsYVy6ZGQNwBAHGDwAeMHAr8kYfiRrunls3IMOW3lHB3AjgbiPvckjAAGM89R1ehfGe+hkZGmZAcOrtKCxG4HYQcjkcYGM7sHGMH7DKuPqtFR9lja1DXVe0ko82ju3dp79vXXb4TN/BLBY1tSweGxGlm3RjzKOjte197tpOy9LH6w2Xx2u/3sd/bQXZDgMRHsbDDgZGcZ6kgA98Z5PS2Pxl0K4YQSwy2h3DMtu7K8bEKR90ndjOQc8A5OOtfllpXxvaeWWKaBklSQeUsZXzpyxxtiX7x6FtvJBIAxXdR/FGNZAk7vFLIgdhJEVlib7wSVSeCQMZHOfQAmvt8F4n4+jH/f4V07J+15JPotX07frff8xzP6OuEveGBrYa1pRlQck7tpJrdO+3w2d+5+sWjfHLVNI2XXhfx3r+kXURUwhNRu40B3AgBUmQIQehwR0wetfS/g//AIKD/tSeCBbSab8RL7VbaCNSkFxdJcKVUEBSJCz4brgHPXivwnsPiQJXUGeJ242AOE+Q+oOAfuZJ28kEAkha7G1+Jd9EAYFljEXIZJicheFZQCAfUg529BjJI9yj4oe15freGw9aDaT9yEr25dPejJN2tfzVrd/mKngTjMNGrLC4rFxcLNKTlFxaSesoOL0stezWtz+k3wZ/wWW+OehxqPE+l2eourxB7gwyIWjBBfc2dikDLZK4HBOTX6L6F/wVJ/ZX+N+naLpHxVFnDdyWEUV6df0mG6htrrYglRbgxD9zuyqlSCfvZz0/jWs/jDceS0LFnZo0DCcB027TndgHqBjBUjgc13Om/FXw/NHbRXlnA6gYdjmN1PUgnIJXI45xnHJxz30+NeHMZXpVauEpYavSVoVaMFQqJtRTadNJdNbrVLr05f8AiG/E+BwdWjGticRSquLnRxE3iaNSMeWycKt2lfqpJ2S20P7PrD4W/wDBPD47RxNb6j4ARZ23ZsNSt9PuHMmdoCmbCkHgLgHOO+a87+JH/BJv4AeJ7Q3fwu+IJ0m7aRXgje8t9QsmiAOxUVHJbGBgggZI6YGf5TtJ+JXhgApY3+q6TKCNkljfyxIpwCG/dygZyMDbxjBB45958LftG+PvD32X/hGfi/4jsHtwvlRXOq3coOFIHyyTMWxnIGDnJ4PFezRqYHNKsJUuIqkE0m8PiIUq9Nv3dHKbi7J3Wi6K7ufO4vB4vJ6M4YvhenNwirYnCVcThasOVrVKMpwdn5W1Xu9/1G8Zf8EfvjnbXN1ceFtW8OeJbGJ2EONtpMyKTyxeQ4JIHChhzuAB6fHXjv8AYK/aa8By3j6p8L9UuLS3LM9zpUT30TKrlvMBjQsOOQSCT3ODXe/Dv/gpJ+1J4NjhS08cWniS0RlEi6jIshkCgDa2W3kkdc8gHAbk19oeC/8AgtH460yKC28d/DfTdbiOEuJLYqFkUDDMY33IQecDGMfU49eXD+IlTc8PDKMwgrSap1Xhq0lpo+ZShra6UWkmttj5hcS4VOFKrXzbL25XtUjDExVrJJuKp1OVWXN7t7Xa1Z+J2reCNd8O3U0GsaNr2mTCQrPBd6bPEysrAZO6McZzhScdDnBAOHPpMIaQyxyKowyNsYtHnIyy4OwnOSpHuRjiv6RNO/4KgfsX/EoxWnxO+D2m6dNK4E01xpNlOC8mA7NJFCsmVJUklvUA5zn12w8Mf8EuvjRbtPpy+FdJvdUQKUjuY7Ca2klQ4zBJIuNp4/hIwfu8Y8bEZRQbf1rJMxopNKVTDQp4yEXp7ydKd2lpql5JPY+nwWf4qML4PiDLa0tGqeKq1sFUUXFJJqtTUHLZJKVlv1P5R7jTYHEkiSI8QXJLoCxxnAwQpByG4bJPAPSvLNc0H7RqP28tNGI3CRfZgVRApwN4GcP25wD+Bx/VZ4v/AOCTX7P3jNpLz4W/FgWitvkSB7i3vLZfN5jQCNtxQcDLMcAEdTz8b+O/+CN/xm0iO7vfCOsaF4siBeSBA4t3cKCQAGJBZgQFBJO4gAdTXz+M4Zyyvd0sX7CT/wCXeKp1MNNP3Wrqol1t9rsfVZZx9n+FcFWw/tYU96mFqU8VDl01U6UpP8U+z1PwJu7PUwipFfmYRqD5V0yuhLZwhDAtkAc7cHk8Y5rndmsp5yXOnLNEBkLESNpzlmUA5A2gdFHBxjoa/THx7+wN+0T4HnmbW/hfrVwivkTaVbPexoinO5WhQgjHOSSOvUHI+Zdd+GfiXw5PPFq2j61pLwHEyahp89vgDgjdInbGBk4/DFfK4ngzMW5ToU3Xpt6SpuNRPSNndN3XurRPay6q33OB8XMFaFPE1/ZVE1zKq3TlFJRvbncXd/8AA2TPnjTr9o5YzJp0lu4ULFMZpIpDjA++pXkYwCNpAxySc19L/Dr9pz43/CS+tL7wJ8TvEuhyw7VgspL6a+sVUJjYIrlpY9hzgALgKSOcCuPl0hvs8ZNtFdbTkbjHnGMZYbRg44HHHJznGci60ON9zKrRzvuJBRWjAIAKghSByM5x975ckCvlsdwXmNSE41sCp21tOndpJJreN7pX1u9Xp5fpeR+LeWU/Zuhmk6FnFp06zjdrkaTtJK26TtfdtX3/AEq8C/8ABWT9ovwmXfxXFoHxBt5wEd9Qsm+0AbgXMcibYwxXIBP8XfGRXompf8FftP8AEuraGkvg+58FtGph1hrURXcEok/dmWK38slVUtvIJB2/dI4NfkbHYXlpAq27rvKt8jbXViRj5enGctnCYJPPIry+88GSz6hPfyfa0nlkDAxl2iI46AbgFPIHRRgjnIr8+xnhxl7cnWy2MZyldxUbJvS7T3v36Nb7n7bkPjxmGH5PYZzKVOEU4pzTbd4aXab6PRvWz8z+034LfHP9lj4m+DtF/tD43+ELfW9Q06O4lVRbaNdwzuq77eeO6+ZniOVYfxBRgDIzueOPCnwMuNKke6+I2j65pMrNsvbEWbSxkgsrkZzIoLAsAM4BOc8j+L5X/s9LeKOK8tbmNcLdWszqwyANxIIxt4J4JyPXFWdS8TeNoreOKw8d69bwRMCtv/at4iEHPyuhnABOOeMYJJPUV83ifB7Kq83WjSUGlaEYxUeW3L8Vmr6/aae272P0nAfSUrqPsq8Y13FJSnzJp3UdZJq77trRrTdK36TeCtG8HWH7U/xkutLin8TeHYpWSy+zBIQGRmAkjXhWBJPA45HygBQP1K+Cdt8GdUtrr/hZXwa8Sa1aPCWsptO06eRUji+9NIYEAyFDEnkY4w3NfzHeEPHHj7w3qx1zTdYaxvpZF+0TCWQm8QHcPPdmbzGYgHkE5PPXaf0u/Z//AOCnvxe+Ceo2i3/hPR/FulIrx3IuY5HknhY/MAXzGGBPXbtAxmvBzbwoq1U6lGtKPs6cY04801dR5UuZbNadGlbfoe7kfjlk7jOjiaFJQxFWcpzlGGntHe0Xyydrv8Frdo+iPjR4Asde8c6vH8M/AmqeFvCsMofSrLUY5lmvUORJORKgZVBIADEemSDmvGbv4Q/EbdGFtURnRFjEUgV/X5lIyCBkAADJ6gBa+1bL/gtj8EdYjt7Pxb+z7Np2pSsqXV/bizmjKS4RiqiLemCSQqkADHHWvo/wn+19/wAE9viTp9vJfuPDuu3ce4rdQzWb2s7lSuJd6xDaSCMrggAgDivj63C/EuVRdKLVaFOK96UZvRW5VdqTlJLpG9tfJH0kcVwRxO/rH1uhh6tRq8YShGKdo3/lbd9dFor3PzCsfB/xC8JWrSSaVrcbRYZDHDKyFjguzbPmxkjoTjI6mtm0+JHibT4S+rRKDHMrSC4V1kATP8DhuCuegOD0I5Ffs54e8AfCTx3aS3vwy+NPh6/+0Ks4028vrG+VEY8RFM71JwEK88clh0rwr4s/Be/0rVINF1Pw34R1m51e3Z9PezaGC5vMDIdIgSVIPrkdCBnAPhVcVmmHi/b4OSUXaUoK19Ur3d5Lyukle17nVHgDLMVd4HMKMublcE5RV07NO8W07a39fJ2+IdE+M3h++WD7UFtHlmVWkJDR5DADcgwcH6DOCBnpXxB8fdfsNY/al8OTaTPFcJFocYaSIDbuKtuUknqOMg4GMj1r9FvF/wCybr6Wv2618CXsG528yKzuCzo3XCRDkKQMg8gEcA8V+XfiHwRZWH7UumeH7ganpgtbIx30V2rvLBJtYgNk5AydvBzjI57GX5rSqVFKrTnBR95ucZW5U1zK70vdvd2bavZank4/gnH4CEowlSquolTioSTk2+VxemlrvvstNrHqT2zS7pFQLK07liRuwpO7pxhecHGR1IPFattYsQhY5dUJXB4VsYCkk4+XIwcnpgcAV6Evw5kQNLp2qwyQrKwAmyjBcsCMsucPnjcQCDwcHAb/AMIfr8URY2sTwpIV89NzfKCpLYXJcZOCTySAMHHP1bz3AOjL2eJhzeztGN0tdGrXffuvu0Ph63CWcUcRGVfC1rOcb+5dWUld6Xeu+vfofSPgX4Y+HbP4CeKfFniu1iOuXtvNJpW8BbhLaIAqye7g9cHhSMDJr4MAmm1GSQxkRAfJkqGAB2qWUYOQOTkA8jPOa+wfEPxRudQ+GWm/DxLFbWaBQlzd78TPbJ1CqSDzyAmORxnPFfPFt4HuL28Mmm34uS6nbbsMSZAGVdSOMgYAPc8HJNfNcCZhVpYjNsVnGJfPicdKWHhOfMo0I2VOybsk7Xa0Tv1sfQcW5P7TD5Xh8vwbcaOEpwrzjTalUrNRc+bS7ak2r26+WuNbXYZoQrFmMZVs7OgznBHygYHB9xx1NaF1LDFbSSeWFBTaGDDO/GSwAI5x1zxwSMVuj4e+MrN1d9FldUZiXijMgK4LbiQBuG3B6+gHU1mTaDfPvhuop7aZXLhZY2SNVUsehAGQc9yeQARmv1unmGBqQVSniIT5k7Ln1b01tdt9b7O0l8vzLFZBi4PlqYarFx7wkmm+XqlvurbXvfZI+bfjhIh8P+H1aUMr+KdNUlkPBWVCQx4IPOcMOeQRnr9Cw2drdWcWbW3aMWdsjtcwId2Y03EKRnkYKgdSDtyxxXgnxr0dotH8MLM5dZPFtiykfLGpWbOGI43DJUYxjkc8mvpq3tFmtoI4zub7JCGXsuEXDDBJORxz3HT05KGI58TUcXdO1n3s1rdJd/Wy11Z7P1N0cvwqlG3uu99JacqS8umttV07cfe+DfD4tWmjtzFLI2IhayPCTvJDYCuOTnAwpAPocVzy6JrWjpHB4c8RalZqGeRraUiaHcwGQSykk8EcHkcYHBHpN9CqPbRrLuKIxZQp4IGPlPQ89T1yAQRWG8UvlyybnLlyEx15JHJwO2SBn6nqa9ymlJJ3XS60urtJtWb377WW7u7+DVxHLNwinZXVt76xbdr7NKz37PR2M1Nc8f26RtdR6Zq8KbUkOwRzbcDCkk7QzZycK3ptz1U+L55CItW8KXcIJx59sxuFwpzwqruAwT8uc49Mk1soNiJsLsx++m4EB/4g5APPXknhhjvSxhY2VnkdlYsSgJJRgMYA6gYGMggHJHBrqhL2bTh8k1o1po1ttZ/m1qzyMW6jk3y+6kmr6dtdO/Xpr1e+f/wkvhW6QwS3c1kV2okd5A8QBOP4jgAKcKwJxgYAPFX/ALNplzayvaajaXTLAx/czJuVSxPzqx4BzhskEANk8GrT6RBqBDS21swCrkTRIWdTjnDAZbBGSMdT0rzz4i+FdNg8Nay9rFLpd3NYXaC5spJEkV1jLKUCMAue2QQA24ECuhYrkd9Wkr2eyejulr5Jq2j11TRy0IVcRVhTjFqU5KLdtEm468ys+qbXr8vSrBb6yitpNL1O/tZmCyB4biRRuXglDGVXAPzKQ3HYg12dj8XPiz4WlH9j+NNUlLZ2w3EpukGDgqUlVwAwDfe5wTjpXg3wq8Oa9H4S0K7XxDqMszadFthuVW4Un7uWbazsWycHqMgZwBn0oWfii0mDynTL9FPAaIxTMRnjJAIfI559Nw4GIeMrRacZO9ujdklZ6LZPRrXZNa3OfFUsXRryjGrL3JcvW1o2WzV0rrvpp5Hp1z+1F4xSOCLxb4c0HxNbyny5Fu9KijluOGBzKsakEk8ndwTwOpNnw949+C/jjVvL1D4bP4ZukbB1HTpCIY5mXL5G3apByAOMjpzXhusahcHCXehzbYw22aEpOiOpyzKoGSByQMjgEHnBG5p3jbwLpGlWFpDdRW1/dytLqS3ds0RkkyDkSP8AKpXlRhgD6feFdlLM8VThzNOSbSV9V01vfR779deljWnXqJP2iXezWtrJNp+9q91Z7a9j6Tv/AAN4CvreWTw348NjMxBFnqYKkufuoj4+Uc4J798gADE1L4bePXtEXSpNO1yERlWezvovNEfUALv3ZbGSMZ57ZxXA2Wo+HtXjQWFxZ3QJDFormPcrYOM5PXngc++cCtEC/wBOl8yx1i8tFZs/uZpV2hTgbsMVxnpgAfMfx6aWdyhJOpSTul2smnFWdlta261VtN0bSxEK1ONOUeVvld43d7Jabpa97LfqeezeBviLouszXuq+Gddt0iYGKZbaWSIqDjIkCYZSOhXpg9Oles+EvE9zpjm3ukeKVnUeXPC6uFYn/WllAGc/xZwc5znJ6rQfit8Q9IuI4v7X/tKziXEcWoRJPEyAYG8yK+4H3zgjrnFdg/x40AGK38X+B/DmoXNy7hGt4I4LqVRwzpswcY4BGMEe2a9atm1HE4VU/hurb/4dG3d67ddrXuezkuJp4SpGcZTbT1tv0v1Tt1ad/Vngnxd1WS90u4lmkTcRugKSAKpIwARknLd8gkkAnkZHwr4bsZJ/G9pJcFzKLwuTglNoYYzkMM4GcKORk5JNfpN4w8R/s7+L7F7TU7DW/CF7dSGJZrZ2mtUJOMlGIOAST64GOSBXm2gfAL4d3uuxXngv4vaJdKpZzZ6vEbeZtwwImkkcAsPu5OAD2yAK8qjhMPKtTqcsWr3b3TTateyt07976tn0+L4hp1koOq07qKWtlJ8urvo2tvwVzQs/3MYmeRWUouxQSFbaOQTnBJJbOc4JLYJrwn42obzSp0it1LSqCV3KWVQT06k5Zie5ycEnHP2Hqnwj+INhYA6fZ6Tr9lgLFJpN/BM7R93VFYt0xnqfzwflH4j+EfF1ldNa614X1q0jZmPmNZTtGFO3kOAdyj/Z4AOBzXpQwtGSXNytN25F3dku9lqr6bbXOSpjv3b5JdrWel207WTbV9Vvpoz4o0/wvPfPLA6ZgwpkeUfMjZY7ARgYzjAXpz16DurSyGmFLeMeWsY2O5JOEwDuGSpJA4AzjqBxyfUbSzsbFZUWF7e4iXZIssDqrvj5QwdcH7o4+8M9AOvF3+lT3t1dySts2cqsfTcc/MVQcqQBtIHJG3g9MXkmDlNVIwXPa+yu7au0tHe99LJa2COZ1ZU4wlUkrNbu6euybaVl0v8AnZnb+G4ZJ7MyrNlRH8h7BQeW7Z3DsM5Jzycg+g6fbxLFHK8rOUBYkkrkKCQ2COg54br1B4NeUaBHqNnp80YDlM7UUKQy7Dlic+vTB9Mc8V6jbSXk+m2cKQYkmxhtuWKgc5Awyg8nP3c5OewxxWT0q9GcJQTioJWabXRW05lfda31ve1jswuYzpVqc4zTkmrO7v0erT3sr2uk29LrQ9I8KeL7ixuLeCC9lYuxAJBKIrEgZySAAc5O4gjOeQTX1R4W+JUumQRLNcecCwVzE3zHPDE5JOMDcCOFOODjNfKGjaRbRQxOkSmYIqzNtICOT15Ixg5PORn8q9E+z2sVmyRuQ3l4d1PDZ9CGLBlGDheWyDjrX4Rxl4W5bm0p/uKbUm27wUtZWdnzR17taeem/wC78I+IOPyqMP8AaJ8rsv4j0+HdbPu0r9dT7a0L43wwpsEpwDtCFgylSSGPPPAO7JzyDzkEV7FovxkjkhheO92kcsonA2jqoK55BJyMk+2elfk8/maesTm9kfzmZBskbcQCNvG5SAuAOCTzkdK6XS769EIWPVJomJYGNZSpAY/Luy2SeQRx+WPl/A83+jxgK03y4enFOKdowtro7K3W1uj012vf9rwPjQ4UoQxCjVuk5KbT/las2k03vZb2fVH6+ab8dTbJHJJcxKu8sWLqzEcbiMNxk8HP3eCcg89Kf2nNJsbfzXvYVZd2QZfnB565PP0xjPGe9fjhLrvie1hmhj1CZ4lRsEOSoHJ4OT6ENn5unqMeIeMPiN4lsZFS3nlHO2NEckMe55OeoxncSMgkdMfO0voy4XEVYt0bRi7PlTT+yrqyvt87p3XbTG+M2TOlOVXAUpTavFOMW94prSy3btZdb62P2y8QftyaHpTnzLqUNGWA8qUoSzA4yA2RjgnJA6nHXHxz8XP25JPFthf6HZ6leT2VwsscsMkoKsWJCD5wxfAIBxgDGSQBlfyp13xVrd0xmvPNLNkO28gZfABBJA6Dtkjr3NeZ6pqD+aGF00LO4UIzNnOAcAjjno2OMnHXOP0jhn6OmSZFiqGMWHqSr0pQqRm5SesWmrXbulttpq9G7H5pm/jFDEU69LCYLC0I1ISg5KEeflkkr32vsreV+rPoLVdYstS1C4vXaCc3Du7RYXap3YwAAAMc/LjBIBIXBJpR2ukX7M0Wm2E4dkSSGS2idSMqSMkHAK7iCTnkHIxz45Y6m9sm6QEspwx35L78AcE854LHHt611mn640SZVygLg5iIBA74YEg8Yye/H/Av6FhllbD4RUYRqRhGmkkm21ZRWnRd+ure7bPxR5pRxeNdaaj71TmbXuq7kndX0frs+l9z9Fv2ffgv+yR8U/svhb4h/Dp7PxNdTiNfEejzC0kiIYbRsAVdwOGzjHJOO1foSn/BJj4WMbfUvhH8fPGPgm7URyw2818ZI1bhtrCF42YAsAeuevcivxa+FXxKtfDerQX0d6fN+0qx/eBZI2U4DA7gxyT93Bzg8qev65/Cr9pxZLCzWbVkmnQhBI9yDkADClQ3Y5ByOnJ44H8ZeL+F45y7NauJyuNbEYSSadKcOaMVdPRtNfCtbpeatv8A1JwPh8DmuU0aeDzWGX4uEYpxSpSjLZpyhK922kul7q1j0yX9iH9vPwhced8L/wBqCDXLa3AWC2vrl4nkjReN7TTbQcdcAk+1bmnaD/wV7+HluqafqOj+LjFJvz9sgn8xQcnABLDnBC8jPQjmvYfBnx6juoxIdSWORyCHjuwM8YxjeQcnrwRzx3r6P8NfHfU7dBIusFsEZUzCQ7fmII2k5AHJHPBr8BhxrxDg6sY5nw9Wupe/UoUoqSV1eXuqGvaz6H0WYcO57TjNwjkOa02lpicMlz6Rd3KEpK7e9o9dtD40m/ay/wCCpHhF7dPEfwFXXFhXE9xZ6dcTeaFAz/qxtbd2IDbumRjJ+X/jR+3Z8etYW5l+If7Ftq2q2qOtvrV74VkZ7e4XBWfzngZ2JkVWwWOCMejH9urP9pLUY4vNmuLS6ThQJAmWBxliCCCMArn3JXA5F4/HvwprSC31nw3o2peYGEguLO3nQ89lkjfdgd8L8wzX2OS+M+W5PiYVa1XMcHKDi2sRhcQ4p2VlzxqTsvNLZ+jPjMRw1mk4zVTgfANSVnUyzFRp+6uV2UKtKMVazlo9LrTq/wCQCT9qC08V/FO18V/Gr4S6DbxwuLe70qHSzpsUtkHXEjExqrzxx9CwO5lwBiv1n+G17/wSs+OSaFcNq178PvFoEUM0NzKLaKOYRhSkcjrxEHBCnPAAAPAz+qniz4VfsofFiGZfG3we8IXQnU75l02C3lBYAbvMtkhcZzwenX5gSQfhzxt/wSQ/Y18XanLq/gTXPEXw+1J90sK6ZeLJZW8rMSNkUpLAIcbRuO3HBJGR9ZmX0huH80prmzWnh6+kE4VbxmlyvmnTrOjU6ayV9n2VvnqfDGBoVbYnK80wLvd1Hh/aezSad1Oiq1OSjpdTgr2Xm17v4Z/YO+APiLwrqumfD7x94X8TaNre5cX7Wl5cxiYjhZd7MG+YEEcnK4xk18CfFf8A4IX69Prmo614PGianptwu8WMEkcM3QnEb7tnPB+6QQehxx3Vt/wTH+O/w+aa6+EH7TLXkFuxNlYX73du/wAp+VHeOUQ7uByVG0/r0un3X/BU34LW8n7uL4gWNl8kf2PVILqWaMfdIjZXkK7VBC8sTnGCSTy5L4xZbRn7ejicPXjKXLKth8cqUmnZtypYjmg27qzjV1SvdK9u7FcJ0cwpQpYTPspxkXL3MJnGEeHrQs1an7WDpSSV+tK7drI/Mjxr/wAEjfjp4Y1KOaz8IajHbRRlStvZtcgcEDbNEpBH93BPBzgZzXxZ8UP+Cbnxh08XMkuh3aXCbnMM1vNG8JDHlVYENu24IBweSegz/RTZ/wDBVf8Aaa+Gk9tpnxf/AGdfEs8UShbu7j0q42lV4ZvO8sxkYViG9DnuK7SH/gsF+y14tja2+JHws1TQ5GJS4kvdJSTy3ydzFlt0c4JIxuGfmXnpX6zg/FjKsTh4VKOOnzyUW6FempLaLfLWw06sbX7xWnVI+cxXhzjqU5fWOGcNiKTemIynH0qkbLltKNOrySd0ldXutua5/Hf4/wDgl4o8NaFpelahpFzFc6dMwljWIiaQI2ZGceWSEUAnLKQBgk44r5V8efCfxE2g6rf2ouJQk6sls4aLaCMg4bapPrjoVPQAA/1u+PviV+wr8Q/jtYeKptc0m3+Hep2Ejanp01pLALW7fdxtY8bgTwCc4Jz6/J/jv4XfsmfG/wCKEngr4Z+LoNF8P3hkjtdRvPLg0uRvNJ2rLkLkYKAs2Bgk8YI/SMg42y3EwoVZO0Wv3j5laEkl73dxd7ptatLqmfK5z4euFCrGlTqUpOKcac4NVILlSs2k05La6v8ADdWsfyY6T4Y1fQ9e0s3Olut81154IVyBgqQOF77vUDtjBr7g/aM0Xw5p/wALPhjNoH9nzaxdwyXPiBoT+/RmQsRMmSyFXJXDDJA3Ecjd+1vxz/4JJz+BNHh8eeH/ABN4U8W6GjRwLcaZqdq17bmVVCBQJG3hNwO7GRwAc18zeNf+CWPxf8V6XoGqeG7Q6/Y3dv5bixuFcQlxuCuASGkXgNsUqcZPIr7D+2MszPFYWtRxtJLDycnBSju1BJtN2e93912j87r8C5jSpzaoynJK0ZpO/S199W0r2u3rZ3Wv4C2dszMbgzALIWjCk8kNkgHkdOoBCgsOODVqFzG8MMZkMqlxgEhduSPlPQ4zkA/MBwOmK/VLWf8Aglz8e9JuL7Tx4M17zrEu6wDS7h1lVVJBWREKsWx9SF55HPzV4t/Yr+LnhJWubvw1rllPAZd8F1p92j7iwBCMUwwHILc9CD94k/X0c0wjg1HE0XdctlUgrW5U1fmsnfpprstz5HMeCc45482BxErK7UKcp6Xhd6ae7bZau19dTy/4aXo0jU38VMFkl0OJZIEnQPDLMSEBKkEbhk5BHHXOSa84+L5l1DxZe6kIB9p1dUv5PKjEcSNKN21EAAIUZHHyj8K+tfht8AfiFqVlqmhr4V1m7vftFpJdGGzmmEEJKnfIEj3Knc7vfPOa8u+KXwt8YWHiq/spdEvEbS1ECb4HSRVXCqu1lJKgZI/ujJwMfN8HhcwwEuL8TJYqk8RHDQhKKqxfLBNPVOTs7tbLdatanuYzJM1p8NU8JHAVlH23O5+ykpc3wy1S091peTutj5NmS5jtpQoWPdCAwcEF+T83rjvg4J/LHLLaSwzxSyTHbPJG5CByoAKkKVHI3EjaMe2eOPovUPBGtpCHn0ySMCELJJJEdynrg/KAO20HkA4ycAnn9O8H3Ec/nX2myukcqPEURgowchmDAgDAzg/dycY6V+ifXqVVRSqxlZWupX1vF30d7283e+tnY/PqeTY6j/Ew1Xdu0ozSeq1lZLe2qvZXdnqzh9Y06/imtb+V48vbCREmRl/dgDZgspPHIOQMHOOenU/D/VFsNSuL6RQs1rpc8hkhwqkBSpwwOFYAkDGOp65zXdfEuzmuNIsZLQwTz+SV2eV5bQwgf6r5Qd2wZAPOeuTivnmC7ls4NcaR3gkh014sRqcBiMHk7gT279wNvFZZgvb4GrGD96VNptSb3a85JNrtt1s7ndllOWEx0ak6c4WndKV3ezTTV21d8r11v0s1r2/jbVf7Ru7OdbdH/tOwhdUbazfITtJ7Ek47jHXOc58yFz5euTfaz9kRIthUfKQowAVYA7N3HrgjnsBrW09rfXPhdLy+e3hS3ggacnKxF5VQyOCeFTJJbHRcnJBr0D9pfwJ4B+Huo+DbXwV4vfxHc6joUGo66CUaOOeZA5MUgyGjYkrtOGHlkHHFeNlmIlRlSws1JtxcdtGotXu+jcru3aytYvN8PWzHL8zqcl/elGKdrNSSasr8zV3Jprsl5nCahr1s1r5MVwVZocvI53GQDgmPOOWGeuTzwCBx/Vp/wQp0LR/EP7Nvju8NrFcXi688TyyOkZQEncwSTPz4xzxk5IGDmv46lvVnaSZgQIsGPe/yNjso4HJB6cEZJGCc/wBcn/BAbV4dX+BfxG0gRvFPDrweZ4ZgFhjZm2mWMMrndjIxhiMkEEgV89x/OjDJ5VMQ06UKkOaMo310s/hSTTel1eV9baX/AC/Lcor4ehXw1OL56t5KCg1NtaprRN2bfTvY/emXwTY2NhBOk2+RImZI3ljcCTGEUxqMsOduFA6cLk85nhbQbKx1CO7MSJcw3UUwKRBZhIzDcQpGSCDzxkEcZ+auoi8NxrJxK18jIjwrbSsQu3sSxIyCQMcg9SFzXSaboP2W6+0m1kVHlWSR5JFLRqhXhkySTjtnJxwOtfgmaZnl1fL68afsk1TcI9Xf3dE7J+e7vsme1lWWZjhsfhZVI1WlKnKScZdHHR6Jv0vbTofyMf8ABd2xkg/bA0KRQGWbwNYTOoHzMxdmO7b0yOrHn15PP4c61aMNPt5SSkk07y5bAwvTqMYx2LHgnjsK/eP/AILub5v2vNCkjRwX8B6eyKyjJjMjjO7IBJGe/TGema/EXWNFvNThtIrW1fBDgsuQncdSNuR1bt6Y4UftHhbCVXJMlnFNxVFt2u9prXS7S37aaPTQ/V+Jq3s8prJK06lGn7qWzkqaa0s35a799UeXoFKyzGIMxyqZYfMVAO4HGDn8SSSMcA1saU0ck95Lcukcy22yOIMo52hc89GCnBHfPrk16doHwb1rXY0WwtLy9miQyPBFG5CkkgEsAAVB/iUjjr1OfY/Dv7JnxB1u6hjsNCuWa8i+7Ba3F3MXGPkURRkqeMBQM5YAdM1+zVcRRpRaqzpU4xSvzTir2UddWtEtdW4o/OMpyrH4pxnTwtacnZRcYOWrUb6Jbq+l22nv3PjuDQ2kunuZZoyUdWWPIJYBlACsSAc9Bk7skjtX67fAX9nTXfGX7MXxO+I9tbRyrYW3kW0ccRkuA0MO9nCplvL2DDMeAP4iAM63ws/4JR/tB+P7VZ9O+FHji9m3KY5pNIurK0kXOEKzzIFKAHOeRzkjoa/bL9mT/gmJ+3B4A+HWreBLV/DfhDwZ4psmstastelivr6D7RkStBbx/NvMTEBBzxjJ61+L+JPGOBy/KJrK82wscZSr060l7VTbhCcJVFaCcrtJrTvbS7P1ngTgbH4jO6OIzLDSw+D5JJzquMZOU4qMZctS23Mr2vu7Jtn8mNh4H1ixmM5WffJ5yvDDC8j5RzwEwSUHYkkjnHTNem+BPhn438cXttpHhvwprGsXc15HD/oum3U0hd3CIGVIyeCRsH5gnmv7qf2eP+CXvwA+DPh7Tn+JnhTw/wCPPFytL9s1/WI4LGx2yg5WO1mIOxOGywJIBwSAK7uw1b9ib9mPxZfoniD4YaJctcs76Lo+l2F7qELA72QuUkKlTwu0jBGRt7fk0/HqpPCRpYPJ6uIqtqlKpOUIU1ZRXtXG8pOMvis7S6uzev65R8I8JUxc6rx1SrRp2moYfDzbqO6/dxqO0VfVSkm9VdXZ+Iv7CH/BOX9sfQPBHxaTRrTSvAWh/FnwmvhTWx4mRI9UbTLk+ZM1tFNiVHKMxyqjPTdx8vZeGf8AghV4Q8D6ra3/AMRvG2o6/HE0TTWmjQFLVySGdZLhyyAnJDHcFzz3r9OvjT/wV1/Z68GRXEHgrSrrxLdKCou71zZWqMo+QogwrKCAQigemT1r8g/jr/wUl+NX7Q5Gg/C/RvFrSNKY1tfCllPHCkXKrvdI9z4BBLlwOGxkMwP5fiuKOL8dmOKxuExsMnWMnFYrEuUKVFxjZRcZVGprkg2nbRvVybd1+o5Rwtl9Clh6WNyehLD4TXD0a3NWxU21FpyjH3bt6+8kkraWWv6c+BvhX+yB+ycIrvT9N8D6DqCR7JtQ1n7Fq2syGNcsSmHMTEg5+XcCTgcg1N8WP+Cnfwu0TTIdG8KXmqazKjJDG2jiOztQgHyrAAvyA8bieeQAB1H4neB/2LP29/2gvE9rc3WiXmg+H7na76l4pupLdCGIzKReEGQpv3EK3LetfTHjP/gjp8R/DPhR59T/AGgtF1Pxtc3MK2ug6XDKIYY5jtfe6nJktl3ZZOSV+UKDivl8xxHCtLHzq8Q8YQzKtOPNiIwxftqdPa6lOM5JWa2T2a91PQ+wowr1HSw+AyqjhZR0o0nCHN7ri+aVOKlGC1V3JW8tdeW+IH7ZnxD8a/Gfwfe+Ak/4RrxRPexxafeLM17qTiRhHCqwx7pWnYthVHBJJx8pA/Tj4ZfsF/tV/tDzW3if4weN9X8M6NeAXM8mszmfUrmCUiQfZtOZgLQSowKmVflU5GD1T9i3/gnl8G/2aP7M+Inimef4qfFe2hjmTV9eRjpGj3JIeL+yracsRLAwx5r7j7qCK/UjW/ir4j1S0aO416DSYOUMVkQrmIY4VgQVwAOgHHcbRX5Nxf4u8H4PFRweQ4bF42ODp+zozw9OCVad1Z+1qaQim1q1KT331ftUqXFsqbp4GlhqFaraFXHYinKpKglaPJhqVOKc+924w0VlLVmL8K/2Sf2Uf2Z44NTvdNtPFnjG3VP+Jlroj1XUHuAPmMUJDxwK75KZj4zx0wfTvEvx313Uof7P8KaXa+F9HRXjSeVUSYRJ8q+TboFVFK8r8uBxjBxXzrqPizQYQ8kU73t8jEtf3kjThsgktknAKnOCcAAjDKMV82ePPiummzsJdQaSNQ2x45lSMMT937wHBxx2+6CCa/N8FmPHfiPmUcJg4zy/BVLQnHDSnKvJNpWqYmyk9GvdpKKT1R0YLgTBwl/avEmIr5niIe+qmZSthqctG5UMGn7NK+qc1LY+o7vxXbPdSz6neT6zeruMkt7M7Io+8dqEkYHOAPQEZxzyerfFOG3LRyvCURXIEUgUAgYAxxkgYJyOh45yR+dfiD9pA6XLIDNLI5JzKrb1+Zv4iOPlB54JIAKgEk15lq3x/wBOv42b7Yftb5BEhKpkA8AKMcnucDPUmv6B4G+jbiqNSNfMKM6tSrJVJzqRc3O7i025+9OW+rbtdtt6jzHivh/LoqnQdKbguWMVywpxSa0hCKUU/RWt9x9jfEn42/YLK5RbuR4grOqxEvhiDgE/NknAHfBbOABg/lJ8R/jvqGp6pPBAzIhaTaz/AOrcjdy20ZD9OuBnIOMkjd8ZfFmG6tHhW4KNIG+RZBIHJDD5j8xG0e5A5K4ODXyRqksGp3b+dOLYy3DFCrF1IZucd8sSOvOSMY5Uf2n4eeFeV8OUqdV4WHtVyy+FJxd42adtle7269LM/GeMePq+YxlhsLNU8PrdRvf7KtvpdNNPr26PF8Y+OtRvEnNwdiDczvG20sGJIB4GRjHTk4JwK4zQPEXnsDMzSYLKS7bGGTkBl4zjpn255xXY+O/Ba6TplteSSkxX8YlUxljg4IRWByRnBBxxnHOV214vp8JWdW82QxYwMdwOAcgsOB+GeCSK/ofC0IKjTpxThFWVlZ8tlGzcbro9XytO6vsj+dc2xMpYznbvPRtuzdm4u767Wd9nfy19ngv3WbyIpXjLZkZ9+AQRypO4AkAdcc9+pqwl/KYnjRpJD5h3Ix5yM8qeOOSc92JOc1x9lcakm0rC00aklGKBpChXggDaRwOc8nBzx8w6OCY4aSeJ45VAYspKJtJAOM9DjPABJOcdeNa2FheL5U+VxS0s3FtJ73Td79XeyfQ6adec6cVJt2ik0m0kmlpZvV9Xaz2vtphajqGo2M4kiEgjbI/iLK2cfMQThiMbcYBOM8ddWx+IOv6cnktfGUOcxqQXAIGCrZzjkgYOSO59Kty3mo4tZMK0hJE/VhnOVJzgAggc44GPSsu5hMfliSFCFXDtGATk5KnODyeCDwc59K7IYai3BqNrct00mk1yp7br1aTd+9jKtWlaKT20bs0ktNdNHbd3asls7o0J/Hck86jUbSGZZCWYQoM5J4yV6EjHVRkHIIyoPV2+uaFcwxzy28kckSgCIttVQRgkktzjoeFxn3FeRy6ZlnaFvLdiCRNlRgspDemBwuRnn15q09jcxR4b946qpWVWbYRkZJTPzAbTkHIweOhro+rwbcYJKN0k1o73TWqv11tqld9DjlWlCaT1T0k22tLx2autXra1k3ukj2K4utDS0mmIQtKgIeJ8bB0C7c5OSAS3r2Irw3XYZdRffZyMI4ncrE64eTDcOMAM3QjA7jDZNSztqMkbBWkVE2/Iq7Sy+2M5UY6tgnk96sGWSOON5FYSqgClFBIBPLP8uAcDONuScZ5zWcMP7Oa0kk4q7V7u/K/eaXk+2jseLm+DjmDhCpBOKV7OLd7NXev8zT8rqyexZ0jx34v8OywrbkrEIxHIpj3IVAKrk44cDsR2z0zn27w/8YrIokev2EV60yYMkOI2wVKlWXj5t27IJz9Op8s0zR21eNkt9RtYnZBvS5GCXIDD1wQOCRkZyQR90bU3w81OK3+0QQW12Y03+bBKCWYnBIwck+vXnBx0z2OFNQc2nzbavd6LdPV626222PTy6E8FTpwhdcqVlpZJOPKklJLrro7XR9J6D4q+GOrQeVPdHSpJTtKSjafM5KkSEdgRnJP97OQTUs/h7S9QM8ek63a3qTA+WVmjJi5yA4J5+gwAf4fX5QvNAv4ohItlLE8a4fzVbDE5BfIPXJJHO3pnOTWPP/a+nLHJZXstrlW8x45pU2uRkfKGGccjHRRnHO1TzSoQdNNe9dK11e+1ldLTV9LvunY9uGMnypu7XuraP93S9lttva/o2vqq48BapLA+62ZvJUlJkcZlXBOUI6nGRgEk4H3sqDganpN1p9uBPa3KxCIptkQ5JGQW8wL0XHIzyfxz4T4e+MXj/QZ44hrEt3HCwVIroF0cZIwpYZPHAxknqR3r1C8/afSz0W6bxrp+nW1vGrDz3UCabcp2iJSu5mOAFAzk4Hzcms40PZ2koR21cr9LLVWS23s7aq6V0b/WYypNyttbVO+ll0/F63026YLy/YD5yxMsDktO0hG1AOTvLY+UAk9cDjg14J48+NMkFzJ4c8A2MOv65cyGKe9jUm104tkF5ZASrOh5BzxgKV6ivMfiR8YPFPxSe5tdDC+EvCyXCwpOmY7zV4ycZXbgorDPTBORkZro/hzFpWjQrDNpctta/ZhJLfBQ1xcuoy9xLIdzeW2cg9zngZOOqeIn7NKD5eWKbk3a7XLe29lf4dO+uh4GMx8YJxpp63inbrdJW6t9eu/fQ8o1zwvrg/4mutRX+qazdsDJeTI5t7R2cZEOdyqmcDAyB6g8Vz1zpF1Hq9xGsIa/NvArKfndiwXMgX+6OnYYA4BPP15rfxq8F2emS6Tommx6tJJstTNfRr5NruKqzQnG5mBBPX72Me298DfCPw78UfEW51bxvdJa2kUtkUgmZI47zeflRGZlAiBBwOffKgg/mPFvE08tpVcRTjOt7CnKajTu5TcVeysndt3TeiW76HXkOUVM0r06dacaXtZW5pu0Vf7TV7OyWmqu7dz588Gfs/fELx1dwx6H4evbsy7Wa4aB9h3AAPuwCvGMfNzg8AklvqXTv2F/iPp2mTaz4ggSwsbO2eVmudsMThFLuoDt83ygAFeNxAAAr9ZZPjh8EPg/o1to/gTw5YatrZhSLERjdEYR4UPIoYFFyRwACD6YNfOt3qfx3/ad8RTaD4dsdSm0+aQwrY6cHi02yjdtm+6nRVRUQFlbJGeBkkkV/OtXxR4mxWMlXxNHD5NlNKfv1cVNRqygrapSktWrK1nrftc/asPwBktHDckalTG4yUb2pWUIytFpuVnHR6vVLXW2h+H3xWmSfXdN0e2j/c6HNJYtIhwnmxvtZuRgBjxk5DFsjO3NM8J2iahq+rW7RO0ZjgV5I0DlIxsEjEgdAoOepzk/dHH7j/Hv9gH4J/A74a3nij4z+K/tvjzV9OMug+FfDzKs0OqmMhJbvDeY0e8gO5CqRnBAr8vPgp8FtUudf1J75zZ6QbgGSVvnkktnkLIhzkLlNoB4VSuCeDn9W4f4zwPEOWVa+EdZUIWp/WpQlThVk0k5Um0nJJ/asraW8/i8XwricBmFGMlTnKck40oS5uWF4pRmrNJNO6s9tLn6HfCH9rr4d/AfwPa+BP2d/holx47vtNgi13xxqkHmXDXsiDzhCTH5rJE7P5exwPlGccGuEv8Awj8TPi/4gHiz4h61e6je3shupJb6d3+yRtJkJb2zsyW8aZwqhV5AAYAgV2/gz4NWmj6DL4i8NaRFcWRuNsmp8F4/KIVjnAOVwCW5BPINJ4n+Iek/DyxvNQ1rXIbVYYPnWV1IWNgSBFGCGkdiSgRMdOcAHHNlOQ5ZTxNbGYLDyxeYYiblUxFaTrV+ZtXXNLmcVrpGNtuyPvpPEQw1NYyUKFCnCKhQpJU42VrOSiveb95Xbvtdo2tI8E6J4WMKW6i4u0BluLhyNjwINzu0j7VCIu4uxJbaD1OAeC8Wftq6D4G8N+N/AnhLSV169v4ZIpdai3DSdGlCtHI27mOV0OQeSNynA4GPhH4q/tX+JfHBurDS5j4Z8IWiywvcW5MWpaxAwYModSHjjcZ4BBAbvkivkzUvH1xqtjf6ToSto2k3kaxzpKQ01627LSNIwLsXYljk55PBJJP6NlPDFXEzhVzJ+69VSaVlZxsmtU3q00nfXS54VfM1UfJhF7KCVueUVr6a6pvRpeuuqOp1j4j6/wCJ9We51jVrjXJp7ppY5RNL5UCBsRKFRgqqowSuAAcYyM7dKXW5PLM1zcNNOqsvmtKXEKhQFUh2PQDAC+/QdPKNKt7a0t1S2QmdQRNKDwWJPIB+8G7gA/MSMfw19mfsp/sdfF39rHxlbaB4G0acaLBNF/bfiu9ikg0HSLcMvnMbmQeXPcImcR785Xng5H7TkHDMcZUhRoUIRpUowVbEVIqNOnFJe9OSslaOy30Vrt6/n/GPiJkvAmV18ZmeNpqtyScaXPzVas7XVOEF705SeyXXVPqeV/DX4ZfEH42eMNK8FfD/AELUfEGtavcxxQWdlDJKdruFNxezKrCC2Rfnd3K4AOT6f0L/AAz/AGZP2cv+CaPgS0+LP7Q82j/EL48XFkLzwt4GEsFza6VfNH5kRltXaRSsLgb55QQ2MAAcCz4n+JX7NX/BKzwBc+BvhUmlePf2hdSsPJ1jxCzQXLWF60ZWWa4uRv8AIiimJMNtE6u20bwScD+cr9pj9rPxF4w17VPHfxR8U3Wt69rEs0tpbXM8zZ3SFo7W2t92La1jOBjChh0BBFff4nEZJwhhlypyq1IK6jeGJxTsrRV7Tw+Fk92kqtWOzit/4EzzjDjbxuzyth8rVbBZJCt7ONWTc8PRimr1NJcuJxKT92F3Sov4uaasvrz9sb9vn4ifHzWL7xR4y137JoNp5kOi6DazGLS9Ls42KQWljaKwRpFTCmQLwflX/a/Gvx58XtS8V3En2eaWzsRI0axb28y5BLAGQ7s4I5I64OTxiuF8R+NdY8eXQu5maO2CmSCyjZhBGBkrtVSFYnI3dSCcEDArjzDcEtJKh2yZK7uiyqAeOeQAB1OOnPBx+YZrn2Mzyqp12qVCD5aOGpe7Ro07JqKjFJbP7SvJt731/fOA/DDJeCsJGVKi8VmFZRni8fib1cRXquzlOVSV27t/CrRS0StY7LRvFX2Ytp1/ai4smbceNrxvJyCGxkt3GQRjj0JbeWdre3EkumMkgkOSnHyoP4iMFlJOAxOD/wCOgcMFuJCrs2G3jaeisw67lAwQBnHGD68CrOnXlxaXDusjCXdkkKduwkZGzp3+91AzgEdPFlZPRaLROV7dNIt3cbe9qrb6n6pTdlGL2v0T0Xuu67JXslquqZsy2Asy0bQ7cMpSQMCFY9WBycdtp4yc5PHDHzFIV2+YzRgGfOcjHKsQMHGD1bA5Pc1am1ZLtIw6/dfBY8A9iowBzk4B56DkYxTGyAAjkruDAAK3qDgj0O7PQBemRxUxs3eSbs0l12UbX0a5dV0TS1V0dDUdFFJXSk9fO99XrZJ2T95WvZGXNFCygZYl8FR94BiMFTgYUAjGSRgnOCMmsiSylhYbQUlU7o5V8xXjYdMMpBUggENkDIGMHBPVOkCr82ETafmBBYMcg4yDkdcqMBXHPqMyZEbjzW245Jx8zNyuTngZPBPPoSOm0owl0SWifZ6re6TbVk76efQcKrpOLTUH1ak7rVK+rV073bVkk15nsvwv/aj+LXwqZbSPU38R+HwFWbQtbZ723kg5DRxM5bHHAUnHTvivtDwp8c/gj8ZfKNvfXfwZ+I6snk3VjcNZ2V1cFhu3tuWB0d+CuwlgxyQK/LSSzZdy567WDDkIPmIySeCezYwc9DklcK5gLOMnNyG3CRchlUc5R1IKk8EfNnPIyRgePXyjDzVSdKLjN6uatFPbdbO2m6V2nrvb3MJxBiaLjCrJ1KdvejU1tayfK900tdfuvv8Atb4p8ReKNJ0/+yPjT4B0X4veBpI18jxfpdrDJqcduw2rLcPCjSkqMEkEdyRyBXyh4y/ZQ+DPxWtrrXPgF4xi0rVWDyyeDdYYRSRzjLtbRrMVaID7is5xjBHBBHzb8NP2lPiV8MpYrO31aXxDoCfLPoess11CYSArpGZS+CV4UknpxX1foPjf4E/Ghobmxvn+E/xDLKyTWztaWU9zkEl2jZFOXIwrDgAEjHI8yODxGFfuNqKavyfDZuN3Km76tJ6x3Tb339F47B4+LjOEHdtqMtGnpdRe60t1atukfmv8QfhT43+G2qPp/jDQL7SnDGOO6kif7JcbMjfFcKBHIjABtwZjjj3rzCOa8sZRLBJLBJE5eKeB5EmjcEn5JI2V1AOCCTtzyAetftv4gl8c6Dpf/COfGDwvafFDwFNEFg8S2sKXd1bwsMJcC4RXeNURgSpbIB+avj74ifssadr9tceK/ghqi63p8pd5/DF0wi1Wz/iMVuj5LhD8u3aWHqTivRpYhNpStF3umn7vNpbs03e+q0v21PHxmVyaU6GsG+bkduZXcdE3pO9rtre+6ujxLwL+0h4k0WD/AIR3xtbReOPC0yqs1hrCm4kiUDbiGSQOwKAg4UjdkAnoK0PGHgH4R/EiG/1r4X62nhzUvI+0TeFtRdY4/PALTfZZHPCHlI1z82OCDwfn7X/DOreH9Qk03WtOutMv7eQxyQ3MbwurKSvORzgggEcHBJHGRyd3PLFIwR3jlC4W5hZ0bBJB3FCCc4POTjJ7V3e3k+WM/fhd6y1dnZ3WrfnfV6PW2q8OacG4VINNb3V3F3VtNUrbJ277u7MKdzpesrDqUfmfZJSk1uJS29Y2KmRDk5B25Gc5O4DcBgeiy6Va63aR6n4W1FrqberyaS8jeZAwUAsmTljwBgKA3I5waxPDsHg/UpmtfFwvLaSY7LfVrclmiZuA0qsW3oGILdwMYAYZPa638FfEXhy3/wCEj8C6zH4k05Qkgk0yUfakVgGKzW4Zt7KpywA5wVJGeY5KTSbiqtOWyTtOLdmmr72X3W07nNJO65Xd2Sad+WWqdlq02t/5u60Zxo8U+IbO9ghv1a1ltpRERIjByg/gPYKejc++eSFuar4gg1GOBZVAlDslw6keWkWTgIATgHPI4I3EHrVePxQt3us/Fmnj7RgxvcrE0d1CwwCShAYYIySQctyec5pX3ge7uLSa+8MagmrRSL50lmr4uogfm+aMsSdg4wO3YdKh4WLg5Um5K9+Wyveyvo0m9N7976uxjOS6xeurVlveOrutXdJbbNtPY5W+0tViuLi2uAy+aQicZYHccgEHIAJwQM5wR6Vgy3P2aSJGkkKom5gQcF88iQZ6egbJ+7npk7q3t3aq1pcwiG5VViMMqlTlcgud4yHB5HTJ4BGch09rYXcShpVRjGHkkQj5pQOjDquOhJIGOSAeDyzw8nrok/K2ulrprZtpa9VdpaDU+WKs3LRPld/7l1vps3FW6J66XqQPp0sYeYpDuQyIQ2WMmSQpxnnjuDhexzmq4s0dUnmlBXcxVVJPU8ZI/vcHOFI5yAOBkXViLdJGdlJ5MLctheQNwBG3pjaduOckY21GtzsiUiR9xQqFwcOwP8I9MgnJGf4hnhq5HTls116peWlmla3V72fVlp3V313Tl108knorea3Z6lp8VjAttF56RTuhkMykBvlOVjO45GQAPlHbHBJNEOt+XeCG42eUJmDeYGZZABgSk9OABzzkkjoM155Bqc8zBmCqyxiLeT8sf8JYjOS3qASf7vArUgv2kJgklid8Dy5SAdqAZByD16AZyedxzXNLD8zurN6p72W2uri1bpo22m9zWMnypPXdau11p0buvLXa+mtj0K8GhX0Je6sogzyECaLAkYkHDAAbhngDgd+McDh7vwqjPnTQZJLnc2xjjCjOF/FST8vXJz6VXN9maaNwTIejqTtXBOWK5Ayep/u4GSQBWuk5iWCVJ3EwXKspLKzHG3aeMYHIUn3JB6TGFWlJtOVla97aWcW7ar7lbe/M3YE02ujut1s9L6JK62dlu3u9Dl5vCmqWwMxhkcKXZlij3Hco6Pg/LjIHJx6dMVRS11O0UTbZVTk+XjOCvYrjKtzkds8dcY9Tt9ZuoIwiFjLJkzb1DjDfeJLDI5OPc8+gOjaS2En726tld9hL4CsVfcSDs5wG9CCSOnGK09vLltKzurXWz+FpvV6aPeyu91dIcJODTvddUtL7b777OyVt09DxuO/lXzRIJJDJtLRkHeuSfQBsfdJGO/FaFrfsAkZZUXcRuwSCwbjnIwp7jIxnmup1SCE3Nxc2ywIH+QRhMMMgfM2AApBBbHGASCemcM6ExjSdJI2GfMcEjIBOVUDHYE4I5BBAPGRS5JwtZuVndq3Xl00u7aPW2ivbS9tY12ua+71TdviSjtfe136JW0PUvD09uYYtzqLpikpdxlVXP8OcAEfTJxweSF9Uv9a07SLKC6tLmN9TLBWj27mO5cOwPUKBnaDnOccHlvmmG5ubRENuHE23adwbaQBnAByQF7E9c7cjAykGo6vJcTzSF2eNcF2+6AQQwVQeCR90noR7ZPDUw/K7xkn1Su7q1nfdpW9Hf0PTw+MdOKveTf2ld63j73ZbaaberP0r+DUh1PwpreusxhsbNppHErqqmaOPeZFDdx2xnGOQO30B8N/hr408YeAfHvji38S/2R4C1DQby5n0yOQmPVNS01XeJrkKQHEe3chZWAZumRz+ang/xnqmkeA5NKW7kW21C9k85AXDBXUKUODggqMAHgDrkdf2H+AV79n/AGONbOc7tC12RSzHGHhlAIBBCnjoCQcZUAgA/vfAWeyy3BYWNKbjPD4WrVc4tXc7xtHS6cOVu6b1foz9T4VzerSq0vYVZUp0cJUqOUXZ3tFtXX2Wm/dvrfvofDn7FuoS6h+0B4Ks5CkjReIrgkkcssUv3lyR94AY/h54HQ17h+3f431Hwd8eNTutDmS2v0cSPKqZY24RDsbHbdknrnBycnA+XP2J710/af8Ah+N7Kra1elwNwDESdAD1Bx2+XJ+X5gK9A/4KI6s7/tDeIEU/IsKlhk4VSwJyePlwOT6/UVWd53Uz7w9xtDEPnTzhOXNq7uOqs1tZ6vbdK+x1ZvxFicVwhBTrSVTDZlJxld3TmoP11T0d127o+RPFHxb1XxFezXmoE7p8JKmVBfO0eZgZIOOmCFJ5yGyawLPWpSUntmMYlkG4KcsUDDIyMcFQc5wSSR16eY3LLJdTO23yxlosMdq8gDC5xyRxyTyOfS/Y3DQrGqTHeWUDB+U5GCec4z1O7jIII5AP4KsvoUYSjGPLHlSSikraxeq8vhfa3TVH4/PHYjEVuedRyk3dSuou94Jt3fM1ba3q93b9OPgD8QrTVXtPB2s3EgttUtXtUMj7/KmYHZGCxwocMp5J9TwefGviR4WOieLdX0qRFaNbtvIfG5hCWJX5gBxsIPLADO4be3zx4e8T3+h3UOoWEskN5aSRTxzZOGaMjaF5OM4A6EZPODmvrzxZet4q0DQfHBg3i5s1t9TukQtH9sVP42xgHI6E545zmvm8dhvZuU4Nrmkm0lpoorXpbq/W9ney/XeF8fLMcDUwFaLlOhFVKcpa3glFSjJ66J66K1tN9vn/AFtE0yFJGyoj+UMuCrhmHViCc8nOTwDx1y2VH9gnhjMrrcI0UjMRguuc4I7cHG7AxznAANS+PJ2Onwq67AwdkKNwx/hLYx1PB569a8d0/WbmCX7HK+0OOSrcEE7uSfxHYHjAB5OGFwtSpSVWLaaata938L3tprZPpbVu58RxTGnRx06agkpKLs+ktEtLP+nfU1tY8HaNqVnNcwkxXXnsVKLg+wdRgbe3GME9TzXi+oaZqukXEkkhk8tZDGHIwSpyFDA7trH5cfw8c9CV+gLeeGQbIrjCSOqggYCYwSxbGD0Oex4GMVla9pkbEyyqt3HI6jDAAPtGd+cEKeCCMndgg5O2vVwuIq037OpJyS5bLe+2ia1u/K+mju0fCShZ6N3aTd3fro7WffotW312+eftTA+fIGLtlCjZ6Y45PoCOh65xjrUYnk2fLgJuD5IDHHO4qFwAccE9D2Ayce2ah4f0m6iih2RxIu0x+UAZA7c7XIz8oJzgk5A7gmuPvPAUkId4ruN2jY4TIzs52ggN/COp6EDjnge1RxVKV+6Vk99+Xe9/NeidrIuFFtJ762SS8r3V/J2d/PTqZei3JVmw8oQ4YquQWIxtIxwc8jgAd+O/p/hvVrwYkjz5JlUMpJ8wHkZBIJRuCQR19wa8zj0r+z1KPNtuFIcFCSpDdlU9RnqeOeOc4rsdKS/JaKORXUAOzrwVHG44x94AhcAcjrzmqnRjVXPTjNtJO8U3ZK2re61vq0/K1mdeDVWFT3Y3itGkubsreWt389na7+1vht8Qnjs5LC7YusUuEDyZbDgDc+7kYx1C5Uck7eRn/FO4GpacIhMrSNLhVU5WNd3y4Odo44Pyrzgkg4NeLeCtFutQ1SIi9eGJQN7yZVWZSjFMjC/MCRg5HHU817ze6Pp89u0LQvvYokbSSAgsCA20ljhXBOGAA7c9+7G8Y4jCZdDLMTGpOKilGV07RVrL3dtu+26PcoZPDFSeIpwjTaeze7tFtrlWzeu+9+uh8W+KNAeDfdzOFfcIgABgrgDgZ54ILDGeM5zzXGJF5TKix4BIbdt7nqxIyeOoA5Uc4OQa+6tV+HnhS7tGS4inWUxhSUYyeRN2JIzy2Rx94+2BnzW++A6/YtQ1ey1S38myTDW12Qk7A/MHVScpgHjqCO5r5mjn+CqyhFtxnLRJp3k3bZpa23X4a6nm4/KsRQbklFxWvutXSdtXdWdlppd6d9T5yhBsXWRmkZQwclchCSeVOc4IPQ4PPUZPLtRuDIyy2ynyn2PJ8vzFjj5lHGB1z1AA5UDNbeq6ZHZyy2kkjskRKs/BAl68NjBGMdD3/Ecy8wSSM+aSi5RyvIIJGBg5XIKk4xnA6AcV6MJRneSTs7NJLule999+vS/U8ifNBcskla131VrX6a9LWtsk7n0Z8BPGE3hjxvpcl3M0Vlf7LSdVJAJkwFZgTjHzZIOWwDjLHn9SYXxMsiyKbQojKy4Y4kAKtgNgZDDjAznJ+9X4madqEkE1veRbA9m8TwkEB/ldTkc/e745OO3Nfqr8OfFUuseGNEvpGLTy2saOjsMERoAXO77xzlgFyOenzDP0vDuNdHEuhNpQqWlFPo01e3RtvfTrboz6HKq16E4PaDTb0bafKmtb9Wt7eT7fRCTrcW5VkD+WVIfIHy4Xg85OcfNnoRkdcm5YLLaNJM4EqyEoAuSQAOhx3GcHoSO+OT59p+vRszQzSMq7i2/kZAPIx1K7c/3R2A+U57qwlSdB5chIRlKGMBy+VAUHkliM4J28gDPGMfpWGrq6vtd2cXflb5Ur90l8R3V4wmoyjrZ3Vmr/AGd769112NI3s9nJDKU+QRsyrjIwTllf3C8D8Aaf9rS9R5EWN4WIzGPmZmxkqByBtJ5GcA9Mmse5nkVhDiRlyxIYYAT+JWzkfUg8EgYquBeWkAntUP2SRyGi6yKwIbAwBgE8KQDkHGMYz6E3GSvey6uyezWitu/U5XOVNyUk7J3bST7aavfR76P5pGtazrb3DsECqCCVJGD2CjOcsBjByDzyM4x0EsX2m3W5iiVsJyCADgnAJwPvAZPTkZwew5CPbeBWSRdhVfO3ghkPbPPBBPXPOOtb0F0EVY4pmBVDGy8lBjjcDjvwCBlue2K4KuH5lflW6Su13i21qtla3z9DahX6ra++i1Vr381to9dV0Zf0i4UMYCASrlTu43kdhknG3H9a3DLPHlgpa3D8qCu5DjjAI4BOCDt64xycjiln8qTcCTIzESLtO5ieQyjA+qkDJGdxxXRwPMHiV3Y+YqknJwowOGHRugy3G0k9eh8HG5dGpBqUVK6STa01aSvo72/G2mp6GGxig1ZtK8b27q1rp7p9bb226nT280dzbjzyWVABGyn5o1YsAWIOepBxgZG7qcA6dpM8PlrPGJop1KrITkIucAkgYIHByRkc9ec8HcXhtJX3SOscn3QpyrDOCxBHI44PPOdwPQb2n34mcRNMdjfc/iX5h91s7cEKOdueMc+n5nneSTpSdVRcVFW0S1e3k1s7N2stEz6TCY72kVC95Le9tLtaJO72Vu6XXRsTX9A0zV0eIwo74YBlIMgU5wYz65HI7Z7E5PkNxH4k8Fz/AOitJcaWZRuV9z4XPA43lVIOMnOAR6ED1mZZLK8UIWljd2O8Nkock59NuDyD2ODnvDdFpZWju1E0M2TGzLvEeRyWHOc4HY5AJPofCweMr4HSX7yCklyvony3s2k1tbe23ceIw1HE82ihUbdrJSbula+3VNbfaV76s5XT9d0zW1YW58u8lXbcQy4GCcY2lgCcHJwOcEkDIFULuFrNpVnCyRk7ZFwCBGCMlDjPJxuGcdMZUUureDXjmbU9JeFbkqXEMfDM+d25BnGTggDGATjHGKqWmttLELPWF8q42vEkuzHzAYIkHy8nocADnIwMY+mw+YU8TBKm0nePuO6/l3u9k93Z3b6HzuJw0sO2qlNtJ3i312td3tpfWya2vqiBIgY5BasuFGNj7SGXkApnkkAdscDHTrXmtA/lKuEY5EhBySACSGx/EMEZIbHPAGAOf1OK6s7l7q2lLx5LbFYgqT3Qd0Pbg9wMVLa6nLLGksczCdSPNicYDAHH0Y4OCR0OeDXc/hiru1o7O/VXsk/PS34M8+o4ezTu7X0W7tddkru99+nnoWdQ0uTYiqgkQsxDZGUyMbyFIOB1OeOOM98m1v73SbtWEuGibaYgRiSPPzDrgnGVUZPPsDXRLfxurl3ZGKMJF4IDH0HULkA4HX+IYrIupImCHAklRsuCq4GOc7v4evzc8nIHJOdXCnOChypx0V2rp6J32ba29NU325LpLmj63u03eS316drO22ysdjb6ys6PPaoXjYgXMLkmRCQu5guTjvyBkgnJPIrbW4YxobL5UQeYFyMoSASuM5w34Yx3HJ84gmiUiaIGFzsaZARhwMggdASQeecn24x2Fo0bL9oglYpKudqnLx4wPmUnIR+vIyM84rxsVhWvgVk7JWtFJ3S0te6bWt9L7JnRTxDjFRvdN+Ueq0V1s9mndJvS+jOmSOLVIYxKBFMHwJGBXe3IyRjsMZzWk1rcaLA0kRV2QZJDAh+pDKCM4UHnHPDZrA06+QzMrqAgwST8pVgeWG7lieTkfQ11hiOFlLGWCRTswxcxkgZJHOV55XGR2yK8Wsp05rn96FkmktNXp2S9Vr08n6VJwqxhq+ZtXtoui6d3dd7vXXbJTW47yKJLmNTcM5YyxYLCRjgbwByM9SdwwcEEkgQXf2qQyKIUZAASxX/WqVycAAYJHsct2Oc1eS0062ka6kaPymO19oAMR4IbBIGM5IGOpIz2H1Z8PPgzqPxC8Lf8JPotvDqGnwk2xjRc3AlRQGYKqkE8cD25FXTnTpOMp+7GS383ZL05rX2Wjet9CakpXS3turp6JLW/a6V3q1fray+GWLRXO1E2ALja5JK5Bzhf4RnOM5BOOOObsP2mJVnWTIJIKb8bF4JHXB6nB5wct0OK+gvGXw+Gi3N3DqlsbG4QSjZJCYpPlVsbg4/uYGAe3XjdXzFLrFvZ6nPp6b5ooyVV2GFVzxlxyQOTyc5HTOTXt4enQrwUvZ3u9G7a3aXZa7bX/Gx49Wso1LqSTvs3qn7treey9L9LmvLqE8E4MMjLGSC21ySqnkgsO3v0HT0rXj8S3MBRHZljbBBVx0IABD+hHzEZyRyMEgjAZrWSIMW8t2DCQAhgQegxxkdyp6dQCRWHPNHDI29zJBlQrluE5PzYHTkYAOMfnjLEZfSfuukmpO9+WLcb7Jq19mk2rW7mlLEVIyU4zs2lqno1pZcq280lokeoSeJ50bNvMUPlAHdICH68Hkg53HgkkHJ69MnUrq9vrYSSF8yKygcqjdcqCcZKjnBXgDjAyB5w15E7HyrkBkYMCxOPk5woyFHPI4B65zkCvQrTV4JtOihmYSOVP7zHy7sY68HcCcEg4IyBnNebWwMMPJShTUWrX0Ss/du9H9rTz113afqQxM6sWqkpO+93p0Sas1o2uuvVppnkWv6dJDO7i3d96/OuQygHJLBTztHuASMkZHXyfWdKmvQTHCBNkhZV/uLyMrj6E5GcZz3NfSVwbZy+5lWZcksSpLJg5GDntwePlBAyK8r1WFbO6N5DIXjdmGwbfu9GUDpngAe2DXoYWvo4OLTulpFPrHfX7T30smt+/LXgpvRvVO6dnayjra3d/ffWzZ87alb39jMGkklVgQrYBDZ3BgDjAIxyTg8HBGQDVmPU75ejmeMoVweMknuOoKgg7cZAz0wcel6zp9tqKi5JUMOYwFUYxn5WJxuB+menGORw1xp728x82JlUZwyLkL82ckHj733j1A/E16sanMk1pJ2Vrq2ii3fR63XW+rfqvKnGSb1SjzLe9rWje13ZXtfXrfXe3O6lYaVq8Lxapp8EjYyzSxqAQOx+XKsOOQ3TB69fO9S+DXhjVV8y3C28hBKrCVIKE/LmMc4AycjpwDz09jnhhmXaQQwbPmlQcqFO1PlAIBHOTxjoPR9tZNCfOV/lRQDgYbHO5uedvBx2HGAckHWcpxSXMtLLXS2ys+mnW1r6X84lhqU7NxTvZJ3t0jb8H80mlsj5D1/4G39szPZjfHgjYThmHIyuc4OeDgngYHofIL7wv4j0GWbNpdRKGO2dd5U8jkFTg7uD1OcZBwSa/UCTTbe+gyrKXI3hXOMLjJxkdSWwCuCAehWsW58L6ZexeVcW0bxvkFdqEbvTplVOMcdcYPfPPPFOCSlC1kveXKt7XV10Wjuru2r2Zn/ZTldwk43V+VK7aurbb9n3d31d/wAt5ru/keQ3i75QNvmPG2cKBgfMuWJHQ8AevrQEcMhEzxqpPBUEhs9TwMZAPcjPGO5r9HdU+D/hu8EjG0hVTwGRNjqx+7khQOBkgsOBkHIO6vO9T/Zst5x5mnXSruOfKAJJJPHQ/eGeByeehIoWMoyilzO6u5XV7bddW7qyumttdEczy7EqVoxUndW5b3bfLra12td7NaaXPlXSplsbbzIw7J8pwoBCsR0B6dBj7uQAQDnIr6j/AGWvFmtaL8XfDTaNM1qdRM9nclSSDHKFV0YgggdWODjpwFJpLT9mnxTAjSW8yy2uNxidQu8kcbcjJxgZIP0zkV1Pwq8A678PPij4e1rV9MK6ZayMXvId5hhByAzDnBDKSD1yDwARXw/GSweMyXM6XLCq62Crx5HZuUnBWSWvNJvZbrolY+n4ap47A5ngayVSkqeJozlOOnKlON3d+V7u3V3eh/Q3+ztNMX1mBmZ5Wkjk3Z3A5lUk85zk/ln1OK/ow/ZwtLFvhP4yt76JGtLnwrfG7Eg3IwayYYwT93JyR36Hrmv5bP2dvjJ4H0bxStlf+KNLt4tYtnMbXEoRTOHLLES5+UliAV6ZHrzX9Hvwq+InhuP4La61pr+mE3vg3UnBgvrZ2TZbOd2FkzgKCSMZxg5OVNfi+XYGdHhGpS9g6VZYevBUuSz5eTl5bNWV79tbW31PssxxlTEcZ0qzvKm6uHlzq/KpRnTbba010Teyb32Pwo8R6NJo3ifxDLGgOntq+pi0dcLtjN3L5RXBwoHCgY7e5NfnP+2brBtX0G1ndlwhk8sc9SQCQc9RtBPQtnkcGv1OHirwTqFvfh9d026867uQ4NxB5qSrdOWChm3BckADB+nKsfx3/b21GxXx9pFvYy+bANNLoiuCpAPBIDYAIIPbIPP+1/LvB3Btahx3RxVajUjSft5e/BpqXK3fVfC1K17n9YZ5xXD/AFYrU1Vi6saVKEbSTf2LrRteeu9ls9D5LfV42kjMYDDZgnjdnHIxkHaO55OMAcdMy/1SWNNoUIGbzAAc5ycg555PBwM/NwQa4WbUCpLF/LJxnB4AwOflzyOp28DBGc/MKM2qysiIZjINwPOM4U8EZJyuFHYY696/qfD5RGm0uT3Fazautoa9Wl00fzsz8GxOdRnTk5StOV3bm0TfJqknbXW2vXXRnoa6q8l1pvzESR6hZFctwF85SOx65+UHpnK8Zr+pv/glB+078LfgFdeNtS+K/iWLwpoOvaXp1lb6ncwefCb9VQ+WWXIG8Dkkk9DjJxX8lulTyT6hY8sQ2o2u3DMORKpwB2yOjcAEdxiv0rvZ4o/haI7iWRVk1ezxIymRIpY7YbBLHjChjjH6+h+e4tyWnjqmWYVycVWqum3FLRTULt36d12fQ/ZPDDNKX/EPfE1VYuaeDwM0oy5XzQrc8UvVpu9z+5Oz/b2/Y1nNvdJ8bPAaSTwxshvp4rYspAwW3su188HA4Y9c8j86v+Cqn7RPwT+JP7Md1b/D34g+DvEWop4z8OTx6foes215eSWxv7cPL9licusSjGWxhSMg81/Inff23fwXVrd6rprziT/iWwtGseI25XJGM8DIBOF6YBOazvDceq2eowjUdQRZf7U0eEQxTPseH+0ICSI3bYMYyCRkgL9B81V8JMFhW8fDMJf7OnWjRjCnabik7Sa109O7uz8tyri+KzLDUYYSs269OKnKaSjeSWqSXVxt309T9a/29NTtx8RPhuyySBj8I/DYQZ+YubK3OAAMKOTj2z/dNfM/hXxDBJcWq3FqL6G1tXIAGHSQoRls+gBYZ6n3OT6R+3FfzX3xT8BRyDbLa/C/w+tsWcASAWUOzjoflGBxtHIznFfNXhDVIXluWW4W3nEyxTjzEZ23gowEYI7nJ6EcnB6H87w+UueDwtaFGpKdOpKT5YSs4KrK6kn7rV9Vd6K78z/Xvwg4loYbg3C4GriqFK+XyjGMqiU3KUG+Vxlo5N76PpbfXP8A2P8AVpLb9rXX2ikEI1OPWoYwy708vef3TbsDJJJ5yccc7Qw/QT9or9mPw/8AE3wB4h8ceCYrbw/410TTL281R1jEUOtizO9kcKFH2gLyJQDnIwOCT+eX7JWnQL+2He6W84aKQalLEzHBLuruduMc88g981+1erahHYfB3xZMkpZrW21mOdQgZ8M5yudo+QkDPPHPBGa97iLGVst4nyitQcoqWBwScVJJSaVNck4tNWatunu3ufnvD1Kjm/hpxLSr8jq0s8ziPtNnC9aT5ozto09U4vTTqz+b34FjWbf4zeEorxbqeU675d1blpCm6KQoz5ffyuwlcdQQSTzXpPiXxxq3hL9qq+8YeHNSudP13RPFMVzYXsDuJrK4typQqUOSTyGGc444zXqvwL8FQ+KPj74avYiIRea5ezfuEIgjRWfaTjADAgg4wTyfYfPXxBiS1/ai8aaeAshj8aXMSMSCGMMmCDjggllOcj8Tiv1+WIo5jUrTlTUHQyh8/uq15Si2kmr7pd11W+v8TYJ4rKsLTwsqtSt9b4ntbmlLlgrct3az9onrqklc/s08CPeftcfsuaJq669Pp3xLvfCgtJ9as4kjeW9EJVbfV0QAXVrcMFDtJucZypHJr5H+EPxZ+N//AATn+IvhXS/inok2o/DX4jStpevWtlDJM9leQy5h1zSPLH7/ACr77iBAGCkqegNei/8ABK7xdqH/AAjWqeHroFoPstpJaRPuUEIrF9pwBgAA8EgA4Gc8ey/8FK5YksfgDqjJFJLp3xR0cxPMqyJFC11Ek1vhxgxSJlWUkqynbz3/AI38QHgeMKOd8E5/l0MfkOPwWLpVoTThVlOnRlUoVqFVfw6sKkISjJxlaSu01dP6HinK45XVq4Omm6VW2IjTUpWpqcY1FGL1so3a5X9l2VlofrV4C+KnhL4n+G7LxV4K12z1zR7qNGWe1lV5Ymdebe7gJ822uIyWV43UFSpAGOa7+O6DrkdAOv5j6HHJ64GADzmvzq8YfAnxP4O1mD4xfs0X8PhrxFdadp+oeKfhvM7x+EPGe+zhmmFvaAiGwv7jkI8aojO3Ykk+w/BD9qPwp8T7iXwhr1pP4D+KGmgwat4I1z/Rp2uELCR9KmkEYvLdpATEYi3ynI3Zr/Drj7wfjh1js74KrzzzJcNWqRxuESUs1yZwk4unjcPDWdCNmoYyknRmrc/spvkPl6eFqvDxqwpuVPT2kfilTTSfvRWttdHbTrfc6L9rmRW/Z9+JHT5dGlY7jgAgE5PIx8uMjscE8cH+Ub9oO7a58FwqiKVW9sEO7HzZWMk8DnAPTjp0Ar+pj9sS9a1/Zz+Jk4UnZozoR3XKt9/+EAZIxnBKnnAOP5QfjLfHUfB+nrEQAdQsRknh22qduAQfQcD5egHBr/UP9l1g69DAYpShKKhxNSTvfZ4ak+Wz6666L5Hz/GFVUuEc0jJpqcZtb3vyRutdFvs+nU8eEDroV5EkYMZsnTDZ2swTJwPQ59MHqc8Z+KfEtxc20FtdWd1PbXen6rDcxNA7xSRqswICyIQy4Ydm7jrxX3h5TPpEqqCqi2lVwRg7jFgYUc5OMnGOfQDn4W8VRoVvAMoVv1jA5bIEudxB7HkEc55PUkH/AKMOGaca2CxFGbTUoxdmls4x16X18t7rQ/gjiarKOIw0435VJp68rs+V91fe1vzR9xeB/wBoXwP4vh034a/tCCO/0TWBZaXpHiu9h8y70W7ljRI5LmUgyBE3qd5boDnJ4rnv2jf2AvEvw7tbfxt4eE2seCNWjF5oXi/SYWntGtpsSW8d/wCUG8vIK7XOPlxu4Ga+Bfi6Bav4adSFVrVLkuwJWR40QAkD+MdiOcKW7E1/W3+xTrw1v9mP4eLq2kReJfCms+G7ez13RNWjF7FPbRxiJ57US7zG4UYBTlcHpkivj8zxmLwmNjh4uUqVCbXK3dKKab5dN2rabPRl42tRwOWUcxlde1lGMrLS+nvd1dJ3Vmr7n8lN0NT8L3I0/wAUQPJGSUh1KNCUKk7Q7MBjAUnPIJH0IPrtpDZz+G9OktJ0kRHLrJGwIYEtgMOq5IIAxknPYmv6BP2m/wDgmX4W8caJqnjn4E28WtaRIk11qHw/uEUavpLbTJNJpzEFpY0O4CAZYnoeRn+fX4ifCTx38INWum0y0vbjTrOZ47/Q7qGYXlk0JPmrJbsqtGVIKhguOOQFNbVZQzNU506ivFxk4tq8WuXor7bW0WltbE5ZnFGpFThONSM1FOzSau4p8yvpZ9b2b2fQz2tk3ySF9oaQbkJ+82Dn3688Yye/XN1ITHEozvVuqsRhsjHJPQ45bGc45HeuR0XxRb63vUx+TMrfvrSUbJYnOQdm7BYBgABx0GBnca7WEAlR5iuhAcKM8Edc992ScgcBuneuCSUKsoydlGyV1fX3bXTfXd+noezGMKlpKaS5k/ucb6N3s2k3oraNaN3zZ7BZmD6e32aZMOYSTu+Q5YoRgHJHHXBGcda7Lw/4uu4UTT9Si86EZXMoy6kEABmbBHYqynjPcg1lSWYeVbhHaMY5wDkHkFu/HHQcc8EEHF6ytrfUIWgvFEcxbEV0u1QSSAA5AXAyAeMDoMAcVjVlTSUoq7bTdkm1e2277X0TS1bVz1aM4xmoc11ZJ2er+BJLdp76pb+er9X06+cwt9jK3FqwAlsLlt5VT1aMsTk4yAR1PQnAJrX3h7T9YjkNgiFmRhcaReBW3DGW8oOMD/ZwR9etcAkGqeHWi84yNbOxKyhm+Zd3DRuDgYByFYnvyMc+haVqunaiImlnaOcKCsyjZcRkH/lou394gyOQDkYGMk1NGq3VtGfKuW6TXW8Xr3TstFd+WmmmJwvtYp7XW7Tbls9rK/RNrZ/EfI/xO+BtnqE815pEMllPHuZoJFCtE5ViUYD70bbso+DtwA23PHyLqvhq/wBBuWttTtZF2OUWY5+cAjBDjjGe3JA4HAr9gdQkzkajElwmCINRhVSwBwFSUAEMuMlgT2J69fE/GHw70fV7a6N5bJLHOWZJoEEi+YfmBU4ZkIOcrkAkAleK76daUf8Al5aT1u9U2rbNd9VZ2erWlkfN4nL3GcWmtHra2qsra9fml2WtrfnMod7G6OQoSCcjjcGXacfMcfMB/wABX2HT5YuyzTTEk4WeVcepLnB6kdAcA8g474z95+P/AIdaj4Xt7q509mu9PaCd5OQDFGykncmASwzznHGQQOTXwZOjvNLsX5GllyuSCDkkktjGT0UHkE9xitHVlNLe7+JNO7vbW9m9drdlr1v5tWM6d4vZJLRK2tuj1Wm9kteruPiiikb5jwVBVeM5HRQR1Xp0wcjnuA54o0G8BSAOQGAyehHpnjAGQDgg+8cMThioBYg5yQf4d2VPvwDxwegHQkZZMMPmyR8uF4IBznBHJ7t147YPE2u7W132+f6L7l5HNCag7N3TSV76NLl0W2zXZaLXrZFQIeNuQOcZI+bkrkYwccZznr0p4V4yZFAbjhV7Z9Sc8jpjC9D7ZYwkAyWIJI7ZBz2x0yOoGOuc4zkS+Y6bQhY5Ujgj5TnnPfcT68jqBg8S43e2tn+KVt+nXS/W1na2vMm0la99L6rpeyfZpJ6adNWkW0kdsAptJUYO48nOclhkhhycZySAcZq/BI6SKcDgbeehyOTtA5bggEDHrhs1lxPkcqzMW2g5OFOB2xjDEYz9cYJFWGZwyMd24ZKjqB6ZxgjuMnjPHTIqXFOLV4pvo7946LV6/jtbRBu1du7tfV31cH333tftZ6aFbTGWS71FSiPmXcm8ZAbd1yeePcdvUV0Sz3Fo3m2k1zA64JNvPLEQ2RwPLde/Q84I6N1rjtIYm9vVPyjecYOSNuSDnjByOc5xyc5NdlHExBDMQWVWBI/hUHABJyBkDrwDtB/2Yw9JOLTWvM9UktOaK07XvZd9rdBV686Uk4StdXT2Vvd69tbtPW2t9NPRfC3xk+KHhd45dD8ba9YmIjZGbyaVFA6/K7kHjn5c5yOvUfTfhj9ub416PFFDqt7aeIok2DdqFuGkwAAAWI4BXpnIJyedor4kW1jY7lZgy4LFhgA8DPGRnPfByPYgVoeW8aiPcSXCjnDL7szAcBcBlIO4Hj3rSVF6ezcrp392Stf3Wkm21bReasl3tKzCpJLmafbTq0r3urWWqavdOzs+n6s+FP29fD2sSxL4++HOmXcQVUla3hjJ4ABbb5ZyDkYwSV4PQbj7bdfEn9jj4naap1PwzF4Y1GSM+VIbI+SXZT8xaMLgcEkn1ypJPP4paSskburh2Y8RsTgqMcBRjkHOCG5xzncDn6j8E6To+qeGJF1a9jtdQjAe3Zi0cwQg8KrABwCcHPOfXBx5+Pr4ygouNSUlo2m+b+V+ba09F20uexl9WjXjGNSELtPRK0r3imlfTR9Fe9rJq9j6l1n9mP4JeM43u/BPj7SIbuYsVsjexW5IY8BEd9wxwBkDJHJAAA8h8R/sZeOrCEXfh+7XVrZCQpt3E/y5yArI5DE9MYAKt3zXjmt+Hb7R1+26bfJcW6EHzbSeSJwD13BG4bqR2644qjpfxc+Ifhi4jGjeLNYhijckRC8lliVgT8rK7MMDGOBgA8ZAIrKlj8RV/iU4Ti0krLlkm3Ft9r3e3ro9TetQwcGoyfI2+jWi922ui1Sfbe5lePfgH8VdP0bUYJfDN/cMI8BfIZWkwORGCMs3TjOeR0Ugj5wbw34h0C1httY0fUdPnQFHjnglQL15+706gDjGT24P3Xd/tyfFPw/o0v8AbKaX4ltVkRGF9bK0uxTggOqKw9CcjBPQ8Y7vQP21fhL4p02GPx58J7N/OVA9xbQRO2SuHcMULEHJ4D8YzjAq4YqMJa05JpJWV23tZLTrd9V2aYSweGqU0oV49/eXvX0v3v30euj3PzOEhbCq2WUbc8ocnHDfdAIUnIxkgE4xxXQaPqK6crZAkjkGJEUHG5TwSDyAOnXIznBIOf0rmuv2IPiRGEjil8JX8oy0uGiVJW5JZt235MnGF4xwRXI6n+yD8MfEgM3w9+LWky+YxaOC9njd23EbEO11BPJ9TleQDiiviMLi4OjWg43StJxsvvslfq7dE11VuGtlE4e/SnCpdW916q6Wlmnom1dPZLRrr8P316tz9nlktoy7rw2ANkSEgMQAQV2ng4J5BzismW1+xzpcOHNtMpYMBuBJHAULwQSDx1x6g8fUniD9kH4x+HHkk06HTvE1iilt9hdROzRAdogWb5xwqjnJwMg8/PureHtZsNQGl6taX1pe2bMl1aeSSts6nHzgDgZwehXphe9eE6lfCNwpSlOkuzS5dk2r67a67X06M55YWcNJ03o462V5NON7WTVnvK/npc4zxVFFNZ2F5BbNAVdVkRk+dh2diowFY9D1yTnkiul0V50gE8CNA8ccRkP8WcHBQHnJ/hJzgtjGCKfPeST2kllKFlS3IEjtDln2dozjrzgYwBzxg1BYJcKrOS+0/PGcBQIgf9WQT82Aegz9eRXJXx3tsO6c3Nyvslq9Fa2r1WztZq3ZCteCjKLhyqLdoq62u/iXWyVmlfpY6ZCuowSR3AkaeRc2zM5RvNHB4ODuz0AALE568Vx80uoWlzPFLAXWP91L5ivkwdOC5O7bjDYyFyMj5ed62vEWSZ381g4P2ZwNuyZe3XDMWBGQO3oOaFzcXM6vHKyyrPHOSgYGaP5VAwRn5OMkErnOCMEkcWEovnct0mrp/FdNa3tZvolzPSyau0aU6rk1omm43bSi73S5t3d3v30e+qasaLE0scJMCm2FwwiUv8wJOQQ5AAUHnB442kHoOvitHummRHmWa2jH7oMTHMh6IDkAZJA9eRjdn5fONNu7iytjGysyTZ2ICV8sqSMoxyMnGSo9fbJ6uz114ZIBMxUxBGDxglio52uA3U9B1785NceYOVaq3KM3yNJWV0tNVurPRPq29GtSocrqaJJXTb5U0vhT11tdL3XfR6WZnX09/aR+WYSFEpXY5JaNT1VgegIztPc5z6UreInmspNOun3QPENilQzxMM4Cvgk5JwByD3BwMb2ptHq/mSQyeX5nzqCNjSAjackghiuPlYc5PUjFcJdo0U0duLfcYm8rzAPmfJ6kdWxnGVByoAGMg1nh/ZSilK6a5bJ6WfuppJa+npruRKMrayem191otVZNpbPayulqVW1W7tBIuzMSLmISqFBUrtIyQCW+Unr175rLbWbe6tBESqKZW88MxZmV8glQSDgYOODjj5ScZ6HVbK6FsoIV/JRnUsFbzMjLKoHPTCEEAjAwDgA+UTxSLcvvVoyHWQgIQcZJKnPToeM9Mfh7WE9lPVK0l0kklry66a30dt7+d2XBXleT35Wm1a7vF7re1vTVN7m6+nX1sPPsmd7WVW2yKDI+w5ONqj5CScDjdgA9eK9i+FDajoepaXrMEkhmWV/LjBbfETkjcpYnaec5P3cno1ecaFfTRrJEqubeRUOHUNhQfmEeOeD8xHXGV75PtOgX2lxXWnOLhYZ3ZIA6KFg8uUBSXBztdQSWJAxgnvmjFYqMJR5FHnhKLUrPT3oKy5tu+t1q2lsOc4qNpu9rK9/5uRO13o7au66n1d4v8WWXiKTQLu4IfUjZCC+V18xI0ACDaUHAUEkA4xtGTzxy32xraRooo2CopKPGnEiZB3MD3U4xkHPIrhbTw1c6fqkgTVxdfu2mtyrF4p4ZfnATJO0qDgqcbsFgBwRswPeW4DPcLIXOCp/hCk8HBOBg/KCexBGOK5XXrYmr7Sq2m1dq6eySvrJWd7a2v0fQ9vKZTjCMFdRi1d3u+ll8Stq91fVaq2puxCSaNLgMXYuGbh8gA4BYdgARuyBjBxgAbdE7YVSWI4kDEsHyGb6Z6qSy7VJ7/dxzWLb3zIA6IURshVGCHOc554IzglDjLc5IBNXJdSW8h/ehY8KUBX5MuoOATweAemccnvxXVTk04vlfvatetk03q1ffXTe8tT3G9Ict+jerWtk3rrv81pa9yca3MmXlY7GDqYgcMAQwU4A2tjHGOqjjnIqNfEMTxSQtiLepRnZRk4+VcLheSeCfu5yB3Fc+WQzHc2XRRgjPB9T15HQ8fngCs28jDuJSV2k7FAdsdiW545IIxnIIzmulJXvbX0vdNrT8X5bWsHNNpK+l76u9vh7q92tLrTvqXHugw8twSgdtjO20k8Ed84xkj1HHKnJQ3CSKXLsSflweSwHBLEY+Xk8dB6VhXjGaEbW+WJgdpOMKuVyfVW5PH4DjFZrSysW8liiqBgnPy4O5iCTgqQD0DEDHHAFatrS+r0t5LvfskunYE1tft1WvT8/TU6yK6ENrIhyG3MYwy4C9ud3AJx/vHpyenn/iSWb7M6MMK4dtoGFV9vAyQTgk44wD+laU+pzqhXaphYqGYjcSwyeG/vNxnONh+uK5vXZxPYuymTbuIUOSGD7cMwBHYZAHOOKUJJNbt3Wmjve1t7O72381pYyrXcG09FFvbTdNLvr17b2Vz3X9kFI5W8WCa0SRFZHlzyCqN37A8jB52j1zk/OPxnKQ/GHxS0apHbSSCWGM4B2EAYA4wufTBB6EHOfpb9j8At4wJZoo0tznA+8ApOBzweGJxn1II6eJfELwDqvj/wAe6vqWgMscXmPagzYWR543IwCWHUHI4/2T2Ne3GdNRw/tGox5F8Ttd3ile93eza1/HW3zlelJ0Hyu7c+Z3bWmitrr1u2n53SPJI7m2hQZ8uRCQcbtpZxksMknkHcBx0Ug9jVqO+gDhnQbgNpZDggH+EgcZ7YxjrwDWzrXwW+JmiBxcaHdSxqodWhiaRXHB3bkXjk/T0I78Pc6Z4k01WOoaPfQknBMttMi/KBz06Yycj16/3ev2EJpONpqys01JXsrdXt56dfXy2qsPsvlSik0r22tHXtezb2731fdWWowo4n8wZGV2hhvAx7/xf7vOc46Vt22tTIwjhnDA5kw3AHJJHG0tjtjJAJGOOPGRqEsQYtE0RJwdysDgHJPOQccDOT1PoSde31UIAyODgrhSQG3H73LD5SAD0+XPXPAriq5XSq3vBar7UVZXstNL3/O67M0hi61Ozs1bZ3ad9LX1Wq019NFqe3WXi+/tlI3/ADBhyxYBSDkYIIyDgYye3I5OeysviRqEKl3mlVlI+ZJuQPVApyQepOBgnnpmvArbXUWNg0TMDtDAupDMoBZgGwcD6nkknnNaMeqW5WTG1iQMozbZCTnnPbBznAAOOwya8evw1QqJ3o023f7O6dt00301Sbt33Z6EM5r01FKc4trSzd94300u21v993t9N2Xxh1MfKL2XAfhJHILKM8tzyAeuVPAzWj/wubVAJIPtc28EBWMjFVwQ2FJJyeegz1b0zXyrPqltjcgkRwgUqucZ4zjJOCRjGMDJUk4BxCby2ch1mZCOGViQWJB5JHAK4xjgFQAp5zXmvhXDKTf1am02t4J9U3ZW089rbtrp0rPsX9nETVrX96S1tHzaX5ve/U928Q/FLVdWSSNtRnBjUptV3XccHG3BwBnsxyTk5Jr5s03xCx8avLNIzE7zK7hiZCCSH7EjHPO3AyOvNXp5Y2jkCXAOAc4OGcEdR0xjAPbkHBz04OCeOHxYPNU/6sKW3YLADhue5YcjB55y3Ar2sDk1PCQlGEIU3OLTaS1eltL7aNPpfe97HDiMxq15qVSq5yi005Sck/hTje103Z7rp6n7B/safGebwVrV/qAv1glaBFhW4kbaduAvlbiCoIU4AOccjGOPvLxt8etK8SQPN/aKC9ukUu0ZA3TPhZJDsKkkg4yRz9Ov89Wl+JL7TZEaznMYwNwWRhlCQNhwR90EdxgYPpn0qx+KeugxrJeSFIyAqlmGVA45PXqOc55ODwa/PM64V+t46pilJxaafLsm/ds9Frtpp9+x9XlvEaw+GhRnFScdp2Un9lpLTtpdr020/oL8B/Frw7oGl6fax6hbyRxmN7hZCGWWZ1UsjhtxGAQBk89Tg9PXLX4q+C9blWY6batINyk2s4hkLE8OmGG4hSCQdxGCfXH88Oh/FzWoPL2XTBHO8qWb5jnhTnqw4wRkED7xzmvZtM+MusW8cEkdwY5EUSOPMZHfcO3O0HByD/QgV8NjuD6seeas5O7T3XS19lrs/NPmR9Tg+JMPUUFNJLR2bT/lWjt6LXp9x+6CeL9IuSxn1HXdPeBT9juIpo5gqAnYmQOQOmCDxnPOK2dG8S+Iv30um+JdO1QqoMdpqSIkwTsGPXdjkn19uv4pWv7R/iexhjxqBcdGjdxIwjzwc5wBk8E4XdkfeDGvQ/C/7T9wso82YBWCrcuWPmAE8gkYABPAI6DsMV85X4UxkU23d2u7qPL9lKzVtdu2qe6tf16ebZbWkuZpPfWz5r2/luk763t366r9w/DvjbxCjp/angeDUgFRheaUiXAjwMFmCE4BwOM/xdD1r1DTde+GuuSIvibw+bSYcP59hNAqkj5ssy7crg7uMccE5r8gfA/7V+o6NcI1vquLQqJDCs5B2rnaGDMQTznoCT/sjFfanw//AGzLe+SOLWItI1C08pVaG4s4JJnB5wXCZJPGSD0xgggV8ljsrznA81Sj7eNmrKnUlFO3LbTmsra9Uvk9PQpQy/E2UalNu8bqSja/uvf779LNo+oNd/Zw/Z1+KAm3aV4dWW4R1SZ0t3MobOTKrgMpB5LKRk5JJGMfiz+3p/wTz0Lw/wCMfCGj/CnT7WOfxFaXM8kMEiPbXpjwxa1VWJiI5JGcf7w4r9m9A+PvwL8TW7w6t4TtbGUqVkvbCaS2bLABgojdAMZOABkZ79T4t8T9E+EPiL43/CS80DxXrSaZMk63MUtzJMmlFFIjMReQsqNkmQEjP8WeM+rwzxpxNk1d+2xGLlShTqz9nVvUg5Rimk05Wtfr0aT0umeXmfDOAxVOUnSpSUnH34Wi9XHqtd9GktbqTVtT+MlbmyQCFQuHfGTsVkTAyobgnpkk5+bOcEkVe0+ys76dYpJ0hhWRdqswHmKWwQD/ALJB4HJ7kjNcDcXc6WykW7CRw2JHUgnIHBQDOemSgHXOGyKbBqDwQxziGVpELHaQ5Yt2+UHI9QcY+ua/o2OEvFyhUTbS1b0v7tnre++vV21bP5hp4eVOTlKSmlrdaJpu7dnd9NrpXa33PqXSLXQba1jZox+4RkVAQzShcfMerAE8jb0zz0NdnpE+jRxuYZDGBbubgEAuNwJVFVguBn5eCduCQeSR8v6X4z1Sxt1kayknkK/ut0D4VASG3FgFxg855wORwcx/8JhrF5cXEUUT2hlj3TyhHJBYcAgZHAYbRkBcDIPIGEcunVlJuald3eiVmnHZ3vZW27NfP1MPaV1GMXZfDb3tfNOyu909EeieK9X0yCSSC2eMGR2SaVEGzhid27AG4cbiDx04xk+YyanFHeF2nPkxlRGGHEh7hS2M4BztHXv92tg6HfXkEFzqssZt1QyhUcJLswSXkOAGLKpO3JLAnpwa8r1u7QzstvKxitJSkeUycfMRkc8cDkE8Yzypz6GFy+LiofE0rJ2aW8U3e9nsno9luJYOV20k9VdpSVtuzSuk77rXpuzuJtUt5Z3ETYQnfKzcEowIK7SVU4GVGPXIAzVNbuzSUyxSIYouV+be5kySvyrkHDHgNwB82M5x5f8Ab5rqaUSSNGMYBwVyegyOD+JIAHHYk9Lo+iSXCAy3O1ZFJjC5GHXqWIYkfd7nOeMEZFd6wEKaTlLp1abVrNaXbdmnvfyXK9daeFjD3pPtor23XxXu3a12t2aWsX1rLcBolkZpV+d26FwMkDPynBIOfYgk8Vx2pXAhdiGEryfIEwowwUZ5A6gZAwRk49K2r6WFHNsjNM1uuAMHDMecjpnJ9D69jmsK5sL64LN9nZjgOG2NhVAzgcgAknpjPQgjgV20IRhGKcrrS12m2rK219fXTq+56NNKKi+dRvqr6t3cVaydr79G1e+jbOcuZpi3l7cLxlVyQQcMc4z/ALQI9wegqujOjMseAx+/gEMoODgA8kHI6HI9j06GzgggdnuiwkCncZATs64wCPvY7kenHXGY+2W7lESfuyQNx27iuOWODhQfxGOOSK7unVuyVr9LLZ7bf5X6Lqulpe70fe+ifTy013e+hcsonkjyd+3egK5XMhBXJwCuRwcjkn+IMcmvTtISWzty0NhFsjXZNNLsZtpALDnqQPlOTjgZGBk5fg3w6dWu0Co/lhlIyCQqArufC5A4GD78D1HrHijwgLKK3FmzRxSBUZPNOXLdZGOSAgORjG48Z71xVsTRVSFOUvednZPVJWd3po7N3Xk1rZo5amIimo3Wrve6Tt7t7p7dOvRK+jPDNZuhPcvJb24jj37FCKCcYYHbgEHnuGx7Y68+0EylgC2XIXYMgjJyMjBB742/jkk19EWHgrQIdNd9Qula9WPeWDDZGAMhYwMYfGD0JIGBwBngLzS7KK5ke2Uyx7h87ZyOTlhkZyRntx+ANdFCvGo1GCk1GyulaNrrr1umrJX2e+hEcTT2V5csVd2SjpZWbSt8tFdXWmpxCWeIooduQCWlY53cnhQeMcZ4JPXk4JFbdhpcTFpmCNEzFEj5B5J+YkkdOuMd+/WtxYookYpGsjO2RuyzEqMbuMkHnpzyBxzmr+jeH9Z1iQWul2dxezSsqxw20LySFgduFREZgRuAwME8/eGK7YUKtWypwlJtLRXd9IrRK/k/NNdnaJ1nKN4vl00t713b1879E+hQNta28qmONs7QpIIYY744ABzwRxx1BqzZXE7ykxxhCoKgEEbhnCgLzk84wF5OM+32r8H/ANiH4v8AxN+zyXGjXXhvTGZS15qsTwkqSAzhJFDncCGUADJJ9MV+mPwv/wCCfXwU+HKQaj46un8W6tH5cq28rKliso+YpsUljsYd+CD36V6eH4fxNZxc4OnFrSU3dq9unXW+6XdanLKpDTmbk1Zvq9Wr3emtl3fXRps/FvwJ8GfiR8RpksfDfhnVdVLuWM0FrKtsrMeskrDGAuQCCfXPBr9EvhH/AME0dfuYINR+JWr2uiWnyTmxiIkuJFYBiruW444IIYhuh64/VSw1Pwj4MtF0/wAG6JpmmRIioi2VrDEqqoC4kkCkuwA5bIx3JOMYGs69rmsHY0sjDI2JESicDcQTgEkZGSDjj06fS4LhyhTSdSHPPTR2te66a7We63ve7Mp4ynTTs7tW62bu4/JN7Lbzvocv4B+BnwD+EUcEun+H7C/1K1UbtRu4luJi2wg7FYMMggnjGOjHIFeh638QGufLt9OhaGBQVjWMLEix8gKiRgYGSAD0wADjJFebta30kyRXUuwksSpIbaCDkknpkc46nkEnHPUQWVjAnmqBIVAXzGA2jqSwYBgcYGQTkc5Jr3qOU06aTsoPTTbXTbRtfNdU+iOSrmCSVtNFte+tlvq+iva1t9tDEluNU1Asu2SPzHLcdwv94k8g5xgkD1zmqz6RcM6sDIZAp8zALbeBjGSVJ78HJBwe9bsviPSraRo1Zru6AGyCFd4J5AXIGe+Q2TzuHZqZCnirxEWhsdOewjdgFk8pgyoMk5YAgfexjORywxxjuhg4xdrXu0klq1ZxScnqk3e6V3eyVziqYpTjzc/Kny2blZSva2+7V7PdbdhLe1022Alu5UiMS4JkwG4BBKrnABP1CqM7VzgLHqMk6vDoWnzX8zlgJGU+URk8MSGBGRzkHAzwSa67RvhfDCySa/fyTyZaQwksRuOOGJwDuwegIYnua9BtzpulLHFp9vHDEoCZSMKSSCA285wRktkZHcjgV34fKasmm7Ri1o7R2dutrre1/uPKr5thMOlLm9pUu9NNLcu6Wuju1rG11e6Pjvxj8EfiBrqyatp1+nh24TEjW1mrJHPuG7Eyodhc8Akr16r2G98N75/C4TS/iL4TkjkEmyPxHCjGF9g2q0y9ieGJUgYwep5+rhqkdy0qszNGrbCuPvHPUcAAY4OMnOe+ajuoLO/tpLe6toLm2Q/6t1VwR/EGznnGQAARwfXB6nkypa0qklVTTalrF3teOqtr8vmccOIVWbp1aMPYWSurqS0SurO97LS+i6J2TU1pPp9xZxXWmSw3Fm4XZPbFSgH3drAZw+AQRxzu3VcW68yM4YlFyN4KZbJPAIA4HXp255GT5Bd6FrHhi5k1PweHmsc77vQ5mJhdGyXeFT0KgYBCjJHRgK2vDfiqx8SNJGi/Y9Qh+SfS5pBFOkqFd5iVwAyZyQw6cHO48aUsR7FxpV1CElpzbRa0Ss72STTuvmmzLEYRYiLr4ZqpFvVX9+OyV03rZXu9Fp5JHpZu1bbtKu4ACnIIAI6/L1wRkg46H5uuYnuhGgcEDy+HK4+ZuAML1OQDu65BPBrmJL1baOQsgiMZJ3kjanAyOvJ55Pyk57bia5GbxZZ3FwYIJxLIhKbA2BlQQzE5X7rKc9MFeR1rujVg7XcVdK60X8t93e1n0bTffU8n2ddu0YNtdla17Xuui7Wtu1qd82sKshLyIR0ERGCQCuSAenoCPyzjL31eNl82JkBUHJc7jycbQCTgjgHpnt7eMax4m0/TI21PVL+30uCAuXlupQu7gkAKzAkEAc8KVPfNfOvjL9q7wxoZmsvDkTa/furKsoBS0icDAJbG11DcZHBC9R248RmeGoRd6l3fSKd+yWt2tldOyV7dLW9LA5TiK0rum0rp3krb2u3d/K6a2Vz7XutaiUG4uLnyoYyzyzSERopAJPzHaAqjrgEEY9zXzv8AEf8AaR+HvglJo49Rj1jUyxY2VgwfLDIG+VchTnhuRkgZGRX50+O/jv8AELxuZY77WZrCxZ8HTtOZkRUxuAd0wWIBA9wDnNeX6ZoGu+IpwdOsbm8dmOxkRpJGJ/ikkOQo685wCDznNfPV84xOIbhhYSV/hlKz1b7L00/O+/0NDI8JR5ZYqak9HZbWvH4m91fTRadrn0J8Qf2rfF3ixbqz0WFPD9hKPLTa2+4YDG05zjcRxwO59K+UNY1vWNcvWku57zUrsLjzLmR5MtnpGh9GPC4YLknnjH1b4K/Zh1vVZI7vxFOdPtpSGaLG+Zg2DtAABQ85Y4HGMe/09ofwA8G+HreC5g0qG5uIfme5vEDs7cZKxnPPcZGNwA6ivNlgMbirTrzavvduyTtqo33s7dV59T0443BYSPLQpwSSTvGyb+Fatq17a3Tb7dUfnd4K+CHj/wAeSxSxaPNa2rYCXVwrRQ4JGHCtjeAATgZyODnGK+vfBn7I+jWa20nia9k1G4Uq8kEK7LdV7hhzkAnH4E19gaDZG2tY7aGzEEIwtvuCQxIFBBbACnHBPLYGTjOeZtc8W+EvC0AOra1aoI0YzW8EiFiPvEfLlnPGADzkn0r1qOV4WhCMpxUppJty0S1jLslZ25n5ep5GJzfFV3y0W4p30jq7aaOVne3XRJN+rKHhTwB4a8IWsCaRpNjYouMsiIZXAG4AHls46nIxxwRiu4udVtLWCR3dLaEsMz3DpGiBRhsbyCVBHYdMcAdPkfxx+1PomnExeH7MOISyxXM2CXAXGQg3HG0HJIAx24JPyt4t+NPi7xkpjnv7hIZWJWG13RxxqxwASpBOQMHacY4PttXxlChFcri7JK0dr2Stpon6pvbozLD5fi8Wr1HOKlq76u+mut2u2ltOt2j7z8W/tAeEvCsk6afJHq9+rGPfGQII5VzkFz8uAQMjB4PB+8R8meNf2kPGHiaWe3srmWzgIdQLMld+SQFUg5AUE5IC5HIIHX56a3urtkNxPIqSSAuhZmbeRgs2dxLHj73JBOB0WrifY7IFF2iSNDyCCz8A5XJO3jGRxgHaOQceBis8SklFpLltyp6O9m3fR/grNO3Q+jweRxpwTcOeV17zta947XT6a2/DoS3FxquryyXWp3krysNwVmLuFJ+YLn5myOSTjknac5qulpbwZkeNAzg7HZssSvAbkZJJGTx3XqATWZf+JrGx3+dcRQbEXBch5cc+nJI+YZJ6evSvMda8fySW8z2QWMJgtd3UgiGCTyEOGfgZ6AEckrXzmIzXmqaztdPRvfbZ6O9/+B0Z7lPBciiklGz6rorW6pXu+yXS2rb9rXXbCzgbc6KVjYvvKhdg6MScknB4wc45HbdyOq/EKJIvIsUN6/Pzp8kSHrlmyBgj7245IJ9jXzPqHjyG5ZUW4udXvFG1ViDJaK/ocHLAHPJyTk9SSKpNe6zfwBLiVrS3bn7NbgosZzn5227jwRxnj1bofAxOZ1XNqL0bstb3acV8N/RXS/4PdSwsbpKzailtZS2u9+3e+i6vU9H1XxpLcyTLf3hMcoYfY7JicBQcpLKpIwTkH5gSMDOcmvPLnXr1/NS28nToRkh/vXMiA/xMxzlsZ4AKnvyKwtRibTIXk2lAycyK2TjqWbJ5yvYjk5rgrjWHmuhGHk8gKMtnk45wOmRyOM8547Z82NepWk3KTbuld33bj5PTd7Ls3vforQVNRTtbR6W6291203v109VY9O0m5jknaR4zM6BpHkmfe6sG9X3FSckj7vHIIIxWjca5ZQCS4kxkqVjUZdiwOC20DGBg8YIIHQECvKtNn1C7vXgsmdvMKp5cSsZJMHhVAGWOOPQDGSD1+i/h9+zl4y8b3SSXMFxptlIAD5yM0m0jkgYBDFT2U84JxkV6GDy7E42ajQpSm23dpWirPW70suu3ZdzysTiqGHSnVqRiuZJL3XNtJaK2rv0uuup4jqOpyaw3k7WVHYgJGpLuFXG4qo68cg4wcjqcjsPCPwm8ZeKmht9O0i6hgYgrcyxuTyeq5XILBuF6cjr1r9Ofhf8Asb+FtDjt73VLdb2cspJvMYQBSchW3HGQCASWwOeuK+vtC8DeHvDdtnT7CJTbAKJxFGsS7eSYwykM3AAbAJ7nPNfW4Xh2hQhz4+vThr/Di02rcru2vV6K1r667eFVzHHYiSjgsNU10VWcZLS8btdHo1bXQ/Ob4afsWF/s1z4lSa6k+VzHKDHEu4jO/fgYKk8cnn0wK+6vB/wd8DeDYUjj0y0LoqqkcCJw44DEhS5IOT8xOB1GOD1Xif4geHvDtnJLqmpQ2VvHHn5igkY7cjcQQR1PGCQMAEYr5K8e/tjeDPCts/2KRLiVg6RRxESTuo43EgYXdySrAE4zk4Jrsr5zlOV0+TB0IVaqi0vd1crJX5vW3nd2elrOnkmNxM1UzCu4Qlqk5K+qi2klaz1ttb5o+1EvNO0tGMUVpp9uikgsI1d1XqEQgNn5Sfm9D14B8M8f/Hfwh4WhIuNWtp7lyco8iN5G0kbliB++wOPmzn2FfmV4n/a68UeMJ7uLTJH02wYMkQMhExQHaVTkKHIP5k45wK+ftRu9Z8RXv2uWe4udzhme4lZiCBku3JUgnjAHBPAJAr43M+JMyxTlBVHQpNJONNvbbVp+6lbVW9WrHu4TK8swiTo0I1ql1aU0nZrl6NW37rr3Ptf4lftVyzGU+FIJ7m5c+S91cMzKQxPzJGMKFzjBAABySCOD84XeuePviNeW891e3TmWU4trUvEgQ4DFV+XKgtg5HU4GATi74L+Guqa3PaMun3eoz3TIIreCGR1RsgZdgqrtbPPTHJbbX1x4a+BGr6VN/amvapp/hOxto1aWFpl+0+XwWWOE/MWYHA2jGcZBGSfiMbmcadOU1N1Kikk3KXM9bPq3q737dFbQ+goYXEV2o8vJCTSUY8sEl7rVlbRpde7te23zBpnwLfU5ZZdRCW1tLMqyb2LztLxux1yzEnqDkYB64r6G8K/s6J9lkdNPFnp0YTy9V1cCKJCnPmRxyct90kNwOnXNekyeMPBXg6KZfDWmf23coDs1bVBvQXDdZI4iWViTnbgDk5O3+LxzxZ8Ytf1xjHqOqToSGCWkRaK1Qc4AjTYu1eOxzwTgAZ+Wnjcbipvlm1DV2j/26kkr6q17d99tT3KGEwmHi5VIc8tNGk09rWd23vfTXqe12A+F3w/EX2jPi/xFbjbH5mP7NtXUAKyxqNjqGA6g44znOW5/xd8dPFGsGOwtbuDTdNiYqsFgFt4AoXBjAiC78KNpOeCB618xW2sXOoXT+bcBZvKfZvkIUopOBnIJOeTnBx1/u1kWN3K2pvFcz5jQFkRyU+cEhQhJO5SRkHJyMcZ6Cwut6vNUla+rbu1bRLbS26vo0tdTaWKbUI0oxpQuk1HTT3VfTW9lra+m66HfeKfFGry25umZ8yExkyu7HBBDMqsckkdGzyeBnq3O6LHNejfNM3EnQEqJA/3QueDgkZOMdAduADtXOs6XNZSRXS+bmML5W1XeN05DKQBtI65x0zwMCs+yl3xmSEiOFAnk71KsQOu3ABJHJ4xzn1OeyhpTkuXka6tWi9Fb00X3Ws1qcFZSlUTU5VL8rvdu+ibstt46bro+o6606eymkilQGORw4JILIrNnJYdwOR/kVbezjVkki2hogFZThlIYfM+fXB6D0546emaB4G8UeLVhTS9Hu9TN0iIjLFIwLDAZi2MADk8nAxzznH3H8N/2NLG20+21D4j6vbWNk0YupbSN1FwmQGKSEn8AvHIPWodZKybW6dle7u1sk1e9te606nVhsDPENuEZWe82moqN09elru2rta/dX/P3Q/DWveKLi1t/D+lXup3crrCq28Mjgk8FQVBCDBBPpyM7Tz9meAf2GfGeteRrXjnUIPCujLGsjW8zp9qKEKSACcfdY5DDI5HXJH1/p+u/Dj4X2sGlfDrw/Z3FzHkG+8hHl35KGRnKlsk5xyMf7owcPWvEnjPxZI0mpajLbWch3GBWZECEfKg5XcCDjHQAnnGTXrYHLMdj+T2NOUISavOS9Lu3Te67Wel3Ydd5bl8ZPFV41KkeVqnC1nblsns7aLS+t+lxmi+BvgV8H7CRdD0xfE3iYRsE1K7CziKULtG0AGNAWBHQNk4wB0o2eu+MfEVvJbZ+w207sIbW1XyA0ZY4JIx8vPXIGO+M1k3o0HRrd7jULlFVAXkWUgNI4ByW5yF3cbcnoMHG418/eOP2lrTwl5iaUY1kRWjicsC7MNwCpHuJCZC9Rk98gnH3uVcEVqii6llF2dSpN2jFWgn13321a8z5HNeMqGFUY0YqDV1GEFzSabVtk2nppf5WPqyHwFptjBNd+INSiZI1MrxyuBGCFLlnZySduRkE8jkZHK/ir+0pp1mPitq9zo9wlzp17KjxTpgR/ISGSMjICBhjIYZyAOcE9T4y/ab8Y+NNVXTZtYura0JczwwSbFld2JCkqTgEEAseAeSOK8+8ZeMPC1rpCrq1zDJfRIhghjKyzOzYch2G4nLckj9DXo4vC4HKKsKdCftHD45Jx5U1a9mrO6to29d9Dy8Jj8VmtOVXEXpxk1KMZSvo+Wze6TabaW+tz9P/AIF32l6N8K9Ema4js54LISzyyskcCqSpMhLcEjBOd2SOuOp8m+LP7XPw28DS3I07UD4o12JHVYoHJghmI5AYZQbW5A7Aeor8rNf+NXxE8X20HhnRLnU4NJgU28Gm6UJmeWJcgI5iHQjHysOCST041fCn7P8A4m1iIar4tvIPCulSMJJZ9Sl/02ZTl8eUxEinHQnA3deME8dXG4vG1OSlGTi+W13ZLRLR7WVrvvdtNOx1xVPDwjZR0s3Jq1ndJ6a3euvysjd+JH7VfxU+JU09pY30+h6ZMWijtNOaTz3RzgIdvz5ccZGMZPIA54bwt8EfHnjIjVtaMukaczmSXV9elxI6cMZIxMfmxgsBlgTx6CvbbSX4YfDpGj8J6T/wlOtIwV9VvoxLbxyqTloVYEMCeVXB4PPFej+Bfg/+0B+0Tq0FloOga7e6ZNIFVoYJrLR7VHIADzFVi2KCSfmxwAQK6aOXzdnXqXaSfIvO11JrZWv52V90YzxMZOyu9barRPRbJ3fS3M7PrqeaWGj/AAf+GgjFvaN498QJGf8ASZ8jTobnkFlj6MqsR1yQB3GDXc+GvB/xu+O9/DoHgLw1qV5bzOqJZ6JayQ2VvFIQFM91Gqxxqi8MTzjJzxiv2H/Z/wD+CTPhHQxY678adYfXL3Mco8KaQGMMb8HybucdQTkE5GQPXGf2O+HPwa8I/DbSrXSvBvhvSPCOjiMIsOn20a306gADzroL5rlgMsC3XJG0DnqlWw2CinJptbxja6TtvqndrT3dN7WSLpYPEYqSUYykvds0nbW1rbOKtfVK2q7n4b/s/wD/AASEuE+w+IPjd4iW0VzHcXPh3TT51ztAV2hu7lWOAxypCfMdxPQmv2Y+F/wh+H/wn0u20L4V+B9N0eOCIRPqjWiG7nKqQXe4dRMSSCQSQpJ6ADj6Jt9CtBmLyty8FwxLl+PvuwPfPAwNwJzXYaXpdtbBd8cWQfkVBt2KDgdflAyQTnhSB1IGPFxGfWlKFGGj0Wll9m129Xttez7JH0WD4fTUXWnyJ2v33i9n2StfdPRO55bY+AbzVJY7nU55XBO4QrlRj73IOQgI5Gc5wB3rvLHwfp2nsCY49y4JLgAgHHCsRnIP4FR6jFdfPqlnp8ZQkK6KTt3Kd5HOSOduCBjkdeADxXmmr+LxNOTC5kkVm/drjYrc/ewQu1cjOcqeR0xjlpPMMc0oRcINq8kmotbrdbdUrX69TunTyvL3zS5JTjok7OyVtVe6Xe9k7J+R3ZnsbPMX7s5ICeWQzkDJ68Zz6EAHnrnNc3qOuojsbfBCMVdFwXJIBBJJIQMATgn36V4V4o+KejaEzPqF8huiMtbWjbn6cK2MleOHKkZx1JWvl/xZ+0JqV8bmHTSbCzTKZiBM0wPT5juPfnJGDnk5yPpMBwtOc4zrylJSlG7krXvyt/JLo7PXrax4eY8SpRcMOoQVtGmla1tHy3for62bW7Przxb8SNJ0WGQ3F2slyF3C1icNzg/JIyE7eP7pA57Cvl7xT8WdW1FnSCcWlszOxiiJDlD/AAtg85646jucivnpfFGva1dGW3EtyJZAXZ1dzjcv32fOAQxztIA5PvXZ2elXOoRgajC8TllJYAKXJx0UDouMYB9/lJxX3GEyShQUeSjF215nFNrWNrvW766enQ+LxWcTqe9UqSvO2mvlfvZWvrbXrvYpX3iPUL6cRRLJIPNyzDIwW4GXJwFYjP1+9nnM0WlzTtFJdSsY3ORBEcjDHB+bnnI9SO+Rk12Vp4SiRQ5lVYSwJiUYYgEHLN1ycDAB9ec8HqbfSrW3CJ5asrFApVgCoxnBPJA4bPIwMg89fZp4dwiko7L3mle9rWu7dFe631u9LnkVMe7Nrdu6eq6Rdra9em9m168LbeHYk2lLVAJiuHZSZEUc/eIwM45z2GcDrXQz6bFDFCqQqGU/OBzjbt+bA7egLA4Byex6W4t4o15k/iBVRghVGMnI529yckHPGeKzpr2CGNyyZPzK+7gPwOQMZIAxypHQAc4rrpwhyK0buTVk0tG+V7NaLR9V3S3POr4ic49Ze5o227WS1s9NNL6bLqZ0eoLbOsMhZoigCMBhUJJJ5JGVzjGeAe561ja9Np91AWlVRcDLwyR4ZuBtwxG4spPJDdmwcjBORq2r2avINw3KhZIwG4GOSpHTHBIIyR2zkjyzU/FiWiSGV9iNnY7ZJTDffO5jsVRzjg9DzztVaOHVOSqcqunzJqy2jp2u3ezv06bOML9ZdSMoRceR+61GyVuXVqz0XZ2OR1ddQ8Da+fGHhKZrKYOJPEOjqQkGqW4bLzRQ/dWcKM8DJ3cgdW9Xk+MWg61p1teW94GiuFRpkJCyW0wAMkboQSCrbgc4wMnNfGvxN/aD8F+F2lhm1Iahqn3IbG2YT3DvggxbEDYVn4w6kgYOTgY+O/FnxG+JHiW0mu9N0ibwp4e1GcrJJGp+1iFjzJsULs3LknByCDkjGa+QqV3l9ao8K/aUpWcoRXPGFkve00Sd2mrq+llrY+yVOONpUliElUsve253p9nq9L/g2fo/8Q/2qvhz8P7edWv49S1MxyJb6daMZrppQCAvyl8FnBAIH3ieMA18W+I/jF8d/jbJJaeHrKfwV4Xm+T7SpZb64hJxndggFhyMYJOM9d1TfBr4LeG9TtI/El9cjXLmQl3m1AmaZpA3zBw7Hao28DjGR0PA+tLHQ7PTVWO2sliSLCKkYCryMBgAM8NkYwRjnpxXoUKGMzCEKtaolQko8sKb96SbjZSau/Oy1tfR2PJxWNoZfN0aWHbqxduaSTcXok0lutU9b3afofLvgj9nLR7eZdT8RzTazqpIkluNSZpWaQkt8olzxnAPYAAnHWvqDRPDFho6R2un2UNqojCsY41QN8vH3gPzPQA5xznpYLUh90g3A4AHy/IxwRnOfujPfBAx2IracRKU+TeysAxB5CgHcAcc4Ungdefu4GPTw+Bo0NqUU7btNyackk27b313d291ZHmzx9bEO8pO19ErpJNp2Svovm11duuV9jMRBOAAoBCjO4jHpjHrjjPXA77dsFjRX3ZjPyhDjII7kAjBzgr/AA9OtJNJAsPATDHgHG7r1HsM8lvXHTisu41JIlZYsBBtLHGdoHBXcON3Of8AZ5zg9OpOEV8Npa+Stpyq3Tok9+62bxcX7RPldnond7tx6X+7Tt00erOZIwyh0Ibkp1J3cnnIwACQQOfpznMe6ijDCBDE5LMzH5zywZhz6nIySWG0jPGap/2mjrlTtAJBLElzg84HfOefU+oOawbnVozK8gwjZJwWzgDqMbhwcgADkHqcYJhza20tba1rpJ2d0t9U91byR2QpRXv81mrJReq2i30utN9rX+RsX2pl0AXcpc4JJ5wOcr2AIHPORwucjjnf7QeNTIknLArt5LAHfluScg4yBzk9uKxry/Ew3LIF2/JjJzgk8/QZ9ye4GAKzH1NAjeUwckhWG9T8wGWbP3gRwCN3B5JJ4rHnb1srW1utn+PZtO9rtdDZU5Ta5Vqopu99LuKtdq9nZJWel9zffUWAaVFZwp2kHbg4BBZQQpDYyAM/XAPPPahLGIHcAhz86lGBwMZPcn3PGADnHJrz7xV8RtB8K27tqGpQ+Yp+WyicS3Ejgc/u0OckgfMVwMngda+a/FPxc8U+K5jZ+HYZNIspCYw+0yXtwr4XKRgFgWHfPYZxiuSpjYUXZe+7JNLV7reTbdrvZettTrp4a0VKb2tdSkrWVnp1aVnZLs9lc9y8XfEvw74cheO4v45JwGC2sTB5mkHGcAkjJxtyBnGOOc/PWqfEPxT4smMWnJNpNlIfLSOJWe8uA2QBGqluGznI/A8YEek/DF554NQ8RXbW88xLiKcvd6lcsfmZorYBmOeMEjGWyPUe0Q6PpvhHTGvLufT/AAlYBSRqWptFPr10oXcTZ2ZJNu7DpuUEDnOflrzcRiZOLqYirGjTSvebUUkuXfZLS+qTvbc6qcFOcY0oOUpWUVGLbbvHSyu3179nax5dpPw3liKX/ia9/sOK5ZGW3ZGvNcvwxJ2pAu+VN+7JIVR8xJ5FXfiSlt4b8JE6XBH4VjMyZvr5YptcvoVOXaKDBaFWGD84JHH3QCK43xX8f7LS/Pt/AdoGvDuSXxLrgF3fSqBjzLdZg6W+cbk2AYLDbyDXyZ4s8ea/4mubifUdTu76aYkSz3Du2BzlUUkoiHaR8o3EYzxjH5xn3HGXYK+HwDWKxC932kbKlB3je0nu73+Sdm2fa5PwpjcSlWxq+r0Wk4xl/EkvdaTj0vvrd31srK3slx+0VYeD9IlsvB2htc6xJGwn17U3EsskhT5pUckSIc8iNcBQewNfInjf4h+N/G8s1xrerXtz5jEpbCSSO3UE/d8sEKwGCATxjHOOToy2Mlyp8o5QY25ByG+YndnrjggHnjgFuaZJptum1mLvIqAFAB98kjqVAx2IIz1xy1fnmP4vzDGSXt6suVaKlB2ircrd0uujs5b97to+qw/D2Dw8WoQSbsud6ydrNvVbN9FonfzPHpNJmkDPsJfkkggc5P3VxyMkg55xgcc5iGggKSyksQGCAfIDwSDk9CMZxjnqBkivXho3mkOVwANwRVwSd2fmHy4I9QOSBweasjSVKoix75HI2oMHJLDhsr8pIHfGeD93k8EM9qadE7btb3i13T+/d6s2/seht1Vkly7O6suvneyaW7PL7LRpI1IWJQZAHOAdpUE5U7hwcHAHfbnnOB0NrpJZz5cZeQKpIOMg5OdoDdsggMRxnCjIr1TSPA1/fOoa3NvHuDbtuF24Bxg8HA6EMOnYAGvRbHwLFpafabgIyn5iXGGPG3G0+gwQcDoDyRXVTzKpiXywnzTsrqPvNNcvZPuvP0OullapRUpx5IqV7ysukXrs7WWmyfdas8w0DwpeXib3jaIDYFwpDfNgbQu05wpGcjkbuetepaT4UtLTDy7RIrDBIUH5shnJYkHbxkDHTH02lurWyib7OoZhtUyDG4N32gnt29RgEEHNZc2oT3Tu7YQghUJ6kEgnABxkj7wKkFsjGTivcwGWYnEyjKomoNqy6pNK99L2/K/Qyr47DYdcsZKUopR6buys3zPfdtL/AIOnNc2FnuWAA+WNjBQMF84BHy7TnIOODwRg9K52e7aR5GRmVVBDLuBk3OMt1yQRzhffGCTkTrG0iuRGMnAbOSG+7gjvzg8YYAdR0y+1stxcyLt2sd2Btd+RjaDgZB55Azn+FRivrMJllLDwUeVNt3u3tFKGvW6uktOl35nzOJx1XEVWk3Z2XJG1rOzSaSs7pOz6X7pXylUycksiopBcfeJPTCncQccfKu0g9jgC0umtcRAk8MTg/wB0nBGQOdzHk8evqK6nT9KaUbo4929vl3LkuQcDOTnCjjjnG4nJNdNDpFvbfvLplLKBiFR1YDJ5+bacgdAcjJwMV1zxGGw0OaVm02lFa22TsrXXR3Ttd63tY2weS4rHPSEoxvF80rtWfLfSy7u1n11u0cbpujzTiOMQlgp2lsYBw2OmQfTOSevTpjsLbS7C15mLSToPu4yCwHLEYOAMgIex2r646fTNM1XWrm20/R7CWaWZxGkFrCZLiQsSqqVRWYsxA5AzyAuetfqF+y5/wSq+Nfxtns9Y8Q6dL4Q8LTPFNLe6qhjuJrYkNmOJ/mYlBkEcdMnGcfl3G/ihwzwlg54vPM2w2X0YJuNKVWLr1JJfDTpJupUk9rQi3d7n6Zw7wNWxEoRo4f2rUkpV6lo0oXtfmm7J6X2b9LH5i6FoGv8AiW8tdO8PaPdXVzdMsMUNpA808rSMEGxEU5d+MDaQCBwAa/WD9mj/AIJFfGf4vRWeveNoG8EeGrkxyST6sPJuWgI3tiGXDJlSMMcqckr1BH68aP8AC39iL/gnr4cj1XxVfaFr/jeygDqLkQ3+pz3SIpCxW/z+VufGNyqw3dTnFfl3+1b/AMFefif8TPtvhH4UB/AfhUCW0jms8R6hcQJlVLvGFEACYwFAwTnpmv5dxPin4k+KWMll/hhkdXKskc3Tq8VZvSnSpOD0c8LRkr1Ha7i1zu9rqNz9OeR8OcO0FUzWtHFYlRuqMI80U7KyjSj707SunJ8sVfW+lvWv2g/2Wv2H/wBkvwVfafqXi+Dxb8Qns5I0s7WeK5lW6VSMtHEWMY3kkF/T06/gL4l1C21HVrptOt5LbTXuZGt4jkHyWZimSSv8JUc8AZJ65G/r2v8AiLxdfz6tr+q3mrX90Xklu7+5lnmaRiXZy0hOznO3DdskEnC8hK9uirGjNcvuKGNeiscAl2HIB+uep6A4/dOAODc14YwM3nnEOO4gzTEtVK+IxMuWlTm0vcoUtYwgtdZa+mx8Lnmb0c0lTpYPB0cHhqLagqcEqs/hd5SSttra3S6vuUvssR8zMO1VHynIx83BK+vHYZ6Z+Uc1C9rB5cZ/1rctGsfKADsT3yck56E89qvm0ZlX7U4RM4WFCdynlsOBjC9FyeP9kdDYYeXGVjxGoV1BX5mGQFyc9c556846cV93Os6c0+bm03a922mq+7ptpc+ehhXJuTXup62SbfwtL0vtdWWj1KEFlGVEs6iUvgiNWA2cnJbA4Ax3A9CQOlswCTcjFUUEKkceBgEnkEA7iO/Qk+uOez8HfDbxZ4tukTRtPnW1cp5upThobRFY4J3vgHaMkgHsRnGK97g8DeA/h1bm48RX8Ova6MMIIyGsoJRkjJBJKhsEswwCCORkV42IzSlCThFqrWT0hD3pL4bJ2TSSemvrrqejRwFWo4tR9lTdk5yXL7um2vvXd0+mvlr4ZoHw11nXZIZkiks9NB3NfXQ8qNRxuZW2jJHbOSQQygiuc+Img6X4c1C0sLWc3TxxsbidzlJJeuEYZG3uTySSOM5r1fxb8Xbi9VtNsRFDawhkjit4ljgA2jaxxjlRySSPUY7/ADX4z1F7y8iluJ/MkaBmBWT5S5A+UAHPJIDc8dcdqvL6mLq11Uqr2cGm1Ts5NJpfE++i72etlc4s1jhaGHapvnnzwUpW03ilbXulb8mt/ZdF8SRpoVnbtcOIooyQVbZuYH7uF5weMjGR6AAZ5668XXEdw6qo8vGxMNlly2Sdz52nb8xBbI4K9BnyqPWvsGl20ckhRZI8bgOEBIywx0JGAM8kY4bIIwJ9ckuWeOENtBwrMWyzEYGxcgsWyCMHnr3JFTwjqVakope9K92kmldX1ejb0ts7666E/wBqRo0aUVO7jCK5bdbR3Su9LJ67ar09J1XxSpSRpZhGiuSpJ3HeRkAL09cdOnAxXGr4quZZRbafbTXt1LkR7UaRnZmAGxAu4kuw4ABGeCRnPsvwk/ZO+K/xeji1iSw/4RjwbE3nX3i7xO/9m6Va233nlikuNguGCqcLGWO4YxzX0XL8QP2X/wBlCC4svAlha/G34qQLsk8SajEreGtKvFUqzWcL7hOIpOVbDrgbuo49HCZQrc09ErX5rrS6+V7vpr+T8XFZrWnJty9nC6Unu2rx1Tfu6p7b77vV+ffC/wDYx+JHxI05PG3xU1i0+FPw4jxcza94onjs5Z7ZQWZdPsp3jlnkdA3l7R8zMB1r0LU/2i/2ef2Z9PuvD/7N/g+28YeMlWS2vPid4pgSdVmQGNptMgdSsQ3DejKOAEYHJOfhv4zftOfEz4w30l3438T3d1ZRsf7P0K0ma10awXgJBb2cRSErEpKglCTjknnPzLfatPefuoWdlD/cjDYO7nvnGTgcnucYxXtUqVKglGlBOSSSk0rLbVdH8+t1te3gYrMUnKKabaTcm05Xsklre17bPa2yPYPip8b/AB38V9duNX8b+J9Q125mkLJBJO4socgsIre2VvJjRCQBhBkDoDmvB2k1C61FIEhZpJFkVUQFwDuABVRuJY9BgEdjycD1nwH8KPFPjXU7eOx06eQP94hCIocg4eWXAUYBJK9eeTwc/cHw4+A/gv4cSy614tkh1TVocMsLASRxyPk+XGjcBlIxyuBgnG3BHdSw9Wc4x5JNzd72ukrRva+2j7LTXTQ8KviE06lWbjGOtpbtK1+itZaXtbdWbZ8S/D/9m7x146dJ7u2k0vSmmDNc3SGNiucuQh25LDOB24IJbGfujwh8N/h18HbW1le3t9T1lAmZroRsxkB/uMCACwBBI/AHr1vibxzcwx/2foUEWnWQRmedwsXyMOGIwAMALtA5xz05Hg+oa3by38DTzyaleSSLvkkZzFEd3AG7IJJ4IBAOecA5H0WFyyUlaqrySi2opKzVr8zt3+V/O9vlcfntGgnGjK8naPM3ZX00fVLt633PUfF/jXVvEF23lzG002CI425SGJcAAoi8yP2BbqCDkKBjxa71FIXk+xBmky4kv5V3SuxIOE3ZAGAQCRkY6jHGteXFw41JHZ3UKpZVGEBweAcYwh4wc+4HAPNRRrKqoCTuKtsBJwe5PTgA8DsMdARj6nLcHShGV6cbLVu3NreLSbcnfZb+nkfmXEGc4iVSLVWV25Oydk1dW7aKys7Xtd9SRrWSZ7e42u8/LM5JZnZwx+XPTB+U4GAQeD0Mmi2Ezx3JeIeY0rNlgAQiZJPT5s5XAOcZPBGAeztbSOKezJVX2QbkRSwwcZJYZODnnJ4xzkZFZMU6WhmCgNcSzSosMfPGflyBnHtj6jHVvpcPg3OPuxWllpHe6j6ff9z1PhcdmMadVSrS5lZ813dK0Y9Gu/l6nPtYfPHKxwDIoReq43nnOcDnvn0AUcg9prd6XWws7IG4njhj3MmPLRgMlc8EkcjJPBB5DcDY8CfDbxX8QdatNN0rSNQ1G6vpkgstM0+3luLm5ndhtRY41Zsl9vOeDuyeoH9Dv7Gf/BEHxB4tgsPiH+0heL4D8HIIb0aDJKkWqXtuq78Xbuym2jZSAyvtIU8EZbH0+E4cfsoYrH1oYLC8y5ZVE3UqSbSao0knOtJX0UY76u3T89zbjqlSliMBldOpmGOfxUqLj7OguZP2letJqnRgt+acklulfQ/Cn4Lfs0/Fz49+IrHw98PvB+seJtVvJo1drO2maxs1dlzJdXO0wwxKGyxZgAByc5r+mP8AZW/4I7/BT9n/AEax+Lv7YfiHSNW1HTbeLUj4TnuYrfQNLliXzRHfySOv2yWNgQY42IY8bTyT9W/Eb9r39i79gHwddeA/gb4f8P3fiDTrR7d20tbV3kuYk8svqGpjMkshkHKRyYJ4xjIH8zf7YX/BQ/4yftG6vdpqviG9svDbSymz8P6dPNb2KQl/laZFI80BRgFg2Rkcqa+xw+Do4TCufs6mU4JLTEYiMf7TxtlG31eg21hqc07qc3z63TurL8urZvis1xyo88c7xspJSw+GnU/sbAtOOmJxKS+u1YXadOi/Zt2TVnc/Y39sH/gsr4P+GmlXfwl/ZP0TR9K07TI304+ILK1gtrG1jjUwj+z7eFI1YheVlIYnG7ce/wDOX8Tfjn4++Mus3Wv+MfEep67qN3PLNJeahdTSqnmPuaOFHdljjHAAUegHYj5d1jWJrq9d3utxmYKFZiQx3cjDDAA7cA/Lx1yd+a/htNOhaIktgs+GCqSw4IBAG3BwMZBxwTkA+BmPEWEwmFrU8BTjh4zVp1HLmxFd6LmrVX70nK+quoq+ysfcZHwTjs1x2Hq5nOpi/ZuPLSUPZ4XD6RtGhQilTpxW23M+rb3l1zVrONHWR8uBhU379xU/MxIJYDHBzkcZwBkV5xea+s6SIqLHEpGQAuWKgEAEYbnnJXg5DEAc1xviXxVBFLPLLcLC5dwqvgsV77Ux3wSARkMccHmvAvE3jnV5ZHt9Jikt1ZyjXLBmdgwHKggnGMYJ445y2CPyDOOIpVpJKfvLW6d39ldVr3t+qP6X4b4Ip4WkuahGMJKP2VppG69690lZtrps07Htmu+OdI0a2lmnnSG4KsEhRtzsQDxjdkE5HGM4PQ8V8qeLviFqPiCZooZ5LSxDOjxqSJJFxtUs24ADgE+gOT717bR/EOqXJNxFcTSsWxcTbiACByAfUDI+uRk4ANR8C6jFLE0yRp52egYbj3UgYG454xk9cggc/EYvNK1aTTm4tP4ea38ut2/LW+jeyvY/TsBk9DBxi4U1NpRWsW23aPS7V077+XTe14Y0zTljDwzGSeQBhkgM7sDuDBst368ADn3r0aLwVHqqQxXDxLI74C7V/vAneCOR0HpxnbgYHNaP4E1iERTpHsEQBG3gsDgqS3IBHPvjjGDXomj6brttIGuXIhjkBVWwJGHAypOCVz1HQ8ADBNedUxkYpLSUtL2uu1r+T3XdXTuemsHVnKy54Q1sk3ptq7vTa7avs10aWlpfwX8Ls+bkJLMrDIVlVMkcnGRggEcqTjJHQYq9qXwG8HsEMN1NCSSWQSIxL5wVVRuO7qMDOew4AXrbS9YqYdxEhwMjacDAxnavBzkng45zkGrzWZkXzftLiVVyMbvmI6sMY+6MgD0AI5zWMce+Z3g7Xtbt8L8/wvfSya27f7OqqCSle1k72unZatpN3f8A29e6sn0+M/H3h2w8LanHY2kplG8upYcpsYEKeOnynB4zk8cCuo0C9uZFhSyjaaV4kBRFwvAIBVQoIAx24JwOg59ivfAujeINSWS/JlmJYCSRiQz5PL8scAAYHORyO2O18LeErDw7O8sVik/ln5ZQobYq5HylgOMkbuxHXkYruw+OoOau3Bpq19NEld66J63tp5nm43AYmeHemzWqaT6Psuj26p3vd3OE0DQ/FerSiGC1us70BmdWVEBwQpYgYAB/MN3Xj3ay+Eniu7tY1v75LK3ZFBdHdmkyDg/LkAc45AwOjHOR6L4cvpJUEVtY28AcLvkMfADAnczcfNxhR6HnI6dmsmsyJNG0rOwBWJfKxGg2jBU42lccgnGQM9eK+go5lBJKE370VeT2urO1r6rd3SPjqvD9WcpznFJp3jHSTdktZb9Pv1W1reXaL8AvDNjd/aNa1F9VuJGjkWJHAiLNhirBstgE89RxtJ4IP0FoPh3w/wCHLmEaRpdrC8QVmMcIlljVeNvmlWIJP3j6cc4xXnTrq9mqXe8OIHzdEpyT0UYxu9lZcBTnAxXpvhTWtIuLNZp/NhvZjhy5xvOQVCg4wB0OAOcAdBnrwWNjOu0nFNJWd9GtFrpa931ukk/Kyr5M6WETknKyvZNtpprR+jbel7L4Ue56bezXd0kgZ4hbWiAAsAQ55Kn+7yPujPAz0znLulF/q0900jny5NpDZDSZztUEEDAILBVBJyAfUw+HTLL/AGhNMjRwxSIxKkkuoUMq7l5weMgcdAODVDxh4z8N+CdNudZ1m8ttPihH2iGKWTddXJwxCQxhtxORgZHOT35r9RWJhHK8POo404qKvJuyS0V9Wu2y287n88yozlxJj4UYuc5VuSKUXJu7SaslbRxS0tayfVs1vLxJMzQKMKQiggnqf9ceu0E5O7BzgknjPzr8Xv2h/B3w5sJbLTpYdb8V/NixgcvFBMF+Vrh1JXCHjYMHqc5FfK3xJ/aZ8X+Lbyez8Ipc6LpEjvCZoQxubmPJVmabAVA3JwCCBjnPFed+BfhBqfjHUv7Y1+4mjtZZUll81mlmu1dslXlYkktzuAbd0Oc9PA+t4zNq8MDlNGVWrOXLKrKNoQjeKU09NEnza6PZXufYzo5dkeFlmef4mlRo00rUItOpJpRfLZN2lok4pvbV9Dyb4j+LfH/xVfUvE2rvPPY2W6QqGZbGzXJKQwIf3bbRwT8x3EnFfNspRywbAKYcncPmcYP4HvwOcgY5Nfqz8X/A+j+HfhLrttpdvFaw20Cy7EGHYqhyWIGXB4JDAnIb6N+Tkrk4UbRtBEhxkgFflPGOfUgk4z3BFfFcbZLWyTHYajXrSr4ivQVerJ6x5nJxkop3ulytb2e7Vnp+k+G/E+E4nyzFYvB0I4bC4fFvDUIKzcoQhCSnPTlTk5N2S0slfqo5SCTIgJJQhlbhV44CHA69eOhGCuflqmS+xFwTliqjGPlAzz2ycgjnODxznNksGCgjPl8nPygqe4Uc9sck8Adxy4xBpMAkJ0VQcAkgYAKjC4PXuPoTXxWnRadVfu9d+7fnv8j9Gt1Wui1t5LW6to2tV6JOxSzIMLyoyVHAyScnjI5P4jGB0HJ3bPUrjT1jKNuK7sptzliDyT0xn7/pj7vXEJtY7eJCf3sjk4XJA2/7JyfmHPX6ZGSKblIkJcY35WNQy5Trk8jJx15IOcdtuZ5lNa3a87392zWm9lZflqrFpzvs/NWXltdfLbbpa92XDzXty8rEiRn8xm3DB6HAPQcggYBOeo70q2U05ZF2gAB9zgjk9fTOM4zg59McmxDIqvHGiAkfMxwCCvBAOemMgnIxj7vY1sxSRhPNZFXczhiM4J6AKuc4X0H1OeMZylKCjaPazastLLVbaLR3v0fa+kYuTd3bzXRpx3Ttpu1016u18CaAxmNMIAiGTrySOGI5zgjO0jjcc8nINSZsIHI3F3BwxGQB/dx7Hgjt9K2NQlkIEgRVYHadqk4TaccjgHBznIUcLwSDWDLJCxUR54GSWyfqF4wQckrjAHAOcVdNuSu9rfPp3tf1367Ey0stnZabNaRve6V29e66LqN7ZBb73O0Z4PC5OCOy5yc/hnMscQkl5wMqOTjJwoAUc4HYEkH8cA0yEKxBY4C5xgOfmznHGCeflPQY9c87dhpc9ykpVgEVGkH8LORyQuVJOOhAxn1J602krvvp39Lfk9F6kRTk9trX6dV2vo/XfvsUAUt2CIXJzuUgZAY/eOQG5I7HA+nFRzxvcyEoDlMK/AAIP0AyDnnjvj0rsvDnhS58SXUWnW04ifcxeWYFUADAAMyhWXg4GecgHjOK19b8FXfh+aW3uGkL2rqJDCDJvjKkpISOqHbwMdM4PWiFKpJOajJrXW99NLX+/V9O19VzVsdh6FT6vOpBVHHnUG1zWule+nn/AMMtew+G/h7UW05NRhsjKYJUFykpK74HBCEIcclWYBl6nkFjwfan8DWGoWlxq8OmyQxRP5d1a7itzuIyJlByzwjbwCSSpPHNYXw6nt7nSbX+1bgW0coFskaBo5BMg2xSTqCMpjDZGOBkgdD7hYeIh4eimu7mbT9VtpYlslVCGeRjuUsflOCiHaDgnAXJB4r3KfJ7OFOKUU4xcptJNbdOW7vvfa+62R+UZ7mWYxxlarh+eUoyaVOLdp001dXV7tpaP4fhuj5nutcMrvpMaQJbWZIjVyRIBH2LnALcNgEttKnnkUml3WkXl0LK606GaIsFWOPIkWVyqiV5uSFy3XkADPOSD7r4y8HeBPFtrFceGI10bVjbST3YZ1EL3DKS8YUHIJzgAD1zgYA8r8J+Gb+wvZIJLFZ8RuqpsKyTBSSZVfp5YAzkYJB6nBzwVcO5V0n7yTi+be6fK7Nb9196fc9DDZlSq5ZKtT9pQxMYWnRnJqSnpdJyaUld7rfqkenad8N/AlrAtvrEjx3F5GZrZ7OZZFikbBSJiAQhweQNw5wdwxivf/Ci4uVtLfR7pxeXjhraG7IjREUgAh2IXJGMbsZOM+/R2fjTS4tDFhPpdnDcWcsn2fzo99556/f5UFmj7gnO3b1wCBxUGq6lfTRXGp60YVhZ5bUQytvUB90cKsHXZkcDJ9uTXr0cLh+SDkla0Vde6k00t3ezTbtfTy7/ABtWeb1KtWbrSioyTpxqvnhUi+kW43t0Vtur2GXfgvxrpF0bW40ydnjQpJewK00ThcfKHjyu4bcD5vmx0Ocj0m38ZX+m6VZeH9Uhl8olZBM6KjrEoAw4YAhk52tkHkdgBXZW3jlF0vTrC1umEjKlxc+cwkCMgA/1j53s+MDJPXlBwA+bUIdd0+eGfTra9u3SaXzisKzQxk4bYwXBXAJU/wARPQZAPdSwig26c27q9nd6Kz2UU7t9UtE2+mng43H160owxuEShGfK61OcoSSum2o2TTlaKu3r0d2jx/VfGcdhq9tcaQjtbtOj3NzI2WZ1Iyjsw2Z5wFAzwMEnmut1nxENYibULwvHcSCDyWUFkWEdMoN2Cx6qQc5IB+XNZNj4G0G41Dyk1KKSFbpJZrG7bZIZGK4jQ8KX35GVG7oMcZHZ+LtL0bybGDTYvIuI4919GGVoHSHDCNWU4XChW2jJyBznBrSm63vTbSSa3emltFukvNd311FjJ4CnVwVOjSqSqct5Sal7qk42b6WV7PXRNt9jBuLWJ9Q0zUku4beaK3WYRs+6SdhyECM3RgDgdQxwORzdt9f1a+uWsSbOHeJZIU8vPlZbHmB1+YSk84B9fu9B88a54mb+05GsJZkltUMaBlLcoxQhB82FUDHQ5GeBxXf+AJH1W4W6vbiTzgxMcTOU3SFVw7FsFU3gttAJyOmMCsVinUrKnFNLmSdmuWysu299L6WeuvXvxOUyoYJYyrJScIP2cG9eV2tBardu2z11v1f0R4M0DU7bSNRuLlvsusXV0i2a35JeWJj8r26Ody7+5xghvTpyfjCwvbK5vLi6lhkuInhjkgUERwuFUu4QZXd1O7dhu2Dg10Nt4ivLjVrdNQuIjJCYLaxmDExxeWULMxU4IAHJGW6rjGK5/wAW30V74oli3JdQQIslzMWwk5ADA4X7wHIII3jnk9T6Up03h1BJuasr3er5l01TbTfM1dWSta58jg4YpZg6tVJU3T5lGKdrp6c0dnKzd2rppJWWpWtH1LW9KvgqrNDaRxxS3h/drFGcbQApySGwG7Ac9K8N8Ra1rcV2treRTPZWs+wquRFLFGMFgwwvPRdwyeuc8D6F0jxHZ6FpV1ZvaRNLrUxEcjDZHHCMhVCkKGGMbTjrz16c7rreHl8MahO1usDI0jXUjDeWIDFDEMnHzDtweuGNebWw8ZR5klHlTd2tklF63T5m11V099D2sDiYU8XZ4VVY1aqhCVruLfLZq6d9WrfpqzpfhLB4CubO7fxWLphfWMr2aJMR9iITOApb7zYOCMYzjOSK4CdtG1TxHNp0WmSXWnq00NlNKzedBEjECQliSFxyGJ5wcYrO8DaxY31lZ2NtNC8t3cNHLcSKN8UcmR5ZYYCKVPJGAOe2K96h8L6Vo0xSCGC5KWqSTXAcq7A4Zogx6g55IIJGR244lHnj+7Tk1FWaS8np0to09n3VncMxlTynFVqlaVWNauo+ypcyUaTfLKOi7O+yVr2t0PmHxj8Ntb0a4t7rSo/t9pLEbhHB3vDjcz5II+UDbjrgNk4AwPOodWutFvoLmVIpNz7poz92RwAGV1P3ShyOnGMDI4H2/o0umSaheyazObOyjRl0u1lYGJ5WLBcnJBjYcHOQQeozXk/jj4JXV9qkOpSXGmada6jvmtEWYBWUnKhlVgAJWIwQO/XnFc9RyjeFmtU5Ptaz3te2ttb3st9DvyjiPDTccPms4Q9qlGnVSavH3ZRvo7PWydrS6rZvI8MQ+K9fs5zoEYt4dRhdpSoK2sbD5trzkqqnGMYIbcBgdAOG8ReH/ENvC0GrXBmEDv8A6C9y2MkHdMFZirLuHysByRzg4Neu+FdN8W+CLW60P7ZbvbhWu4I4ZIzEiqCyly2cgryUyeoAxyT4/wCNtUl1e5uppr0HUShj8pWKxAgjeyKpAYHGFAAB+bAxxXiYudXmsqiUHo4pNW0in3v1eiatprqd2X1KlfMan1eOHlhlU92oo8z5W4c2tnrtdJWak9e/jM+q4uIrQxhoopmVwASzkN/CQOBnPQ9lPbn1nR9VvXs7K20oTO6sT5MShli3YAL7cnzFyBnOST0YrmuLsPDMVz9nvH2rKzeWEfKIWyN0u5sYDEcYYDLexB9i0rXdG8FackNnYLcam28zTsytGUYFd245CgAnGMdwcjmvmMxnTdowiq1RuNoq66Jpt2Ubata2226H2eKxFPlpU6VN1aisnGKtHVJ87cY25U9bN7X6GYPBOr606ail0rTRkC4e5fc6vIRmPYcFMfwjAxg8nAx9F+BvAWhaLDHLcGHW9TSCOdjIw8q2bB3KQScAZztVh2PGSa8K07xbBfXNu2I7WzMytervK+cZD1DA/wAPAxkKA3GTuNd3q2tX9ha3ctiY4Yb2ENZypIvmhcYy+OfLJHXOAOCM18DxB/a9eMcNQn9WhJRi/Yq7Ufd3etmlfVLVrbdHnV8RjanJQklRivhhDbo7+UnteVtdulvW9TXwT9sknuLUO9tEZIVhYPFHdqMklQdqqWyuSFOAOAQK4ibxRY62Lq2FlbRW0U2WVlUS3S52EKQASOCOcnjnrz8+yeK9ba6ewnuFW1doxdNCSMgg5cOwyxZeMDjr/FuFWtOv401B47GR3SIv5vmqzMFZeUQEMCxIyCQNucg9GGOFyGph8P7SriZzq8vNGU3v7sbvdybtqnsutmVHCSjHnnOcpNLldkm7crk05XelnrfTTrY9kXTfBjahNcT6fCYhanjIYQSkAY2rnLbsjAB6jvnMGi297BeXJ0429tBsKwQPGu+SBjkIpYMTwckk9Rk1h2moWot0hFqYxeTKskjAGeEcL90jJLHcDgEAbscjI7nSNEvpJybe6ijgRQVaR/3yxDBKruztLcgDvnk14mMxNfDRqOWIqSg7pOUmrq8VeyaSvbRttd10PKqznCpKLdR30XvPvBttp2eys1e3zd+a1++2T29lqVutw8UgNxMNq71I3KiFuCF4Hy4+uc5z7m4sAjy+awini8uC0UHIccrwMNz93aTnJOegNeiap4MvZIhc20IukR1mP2vKOSwxwGwxQ9OSRnAzgmvMJEtzeyQahHEsluD5ZhkCwrIC2FBGF38Y3ZzjPGODxYHEQxlJuLl7l09904NbXutW9b66u5UKk5KPI20rKUUrrdJXdtb7O7dmr62LWi6TZ679oe7X7IlmVllUOAZMAAxxg8ISvLE5wMDnjPf6fpekAw263FzaR/K9qkbHJG4EmV+MBR82MnI4B3ZB4eLWrXTr+I39n5Vgc4aM7DIxQbdwGCzE565Zic1PJ42sZ9dsbHULd4bJQgUxp5c3lsw2GUgglWBCtjAwQo5IavNzLBY/FSfsvaKkqc5S5EuZ2pp6RatLmbsl5s8jM8HicVGpCEanJOnJya3vKKduVJp815LR663Pa/j5LoOm+DfC58N+Kr/V7mCyea8sJbhpEjk2fvEWIkrHDGxPzEA57kcV8M+DtPuPHurLo8948Mm97g+c5KBQ26SKAEhQxUEA47jPPT6B+ONx4evNK0ifwnHcQ3NzAY7uISMNojjKsigkkrKfnOQMljjHfkfg98J/HuqsviTQ9NMUdsoMzPC290ZguyFW+aQuMj5MkEgDq1dnDP1Th/hOtXxVenh68qledOpi4wpyVSU9FK1m1zOylG7s10evk5RQwnD/AAxia9apSw1eTqPDzxChFwnzWSejbu+qT+fXrbC08W/DCZ77wpcy/ZWaJGu0HnSOsWHljkSMEhVXKkEbAQBgng/pR8Nfi3P8RPh3p1/q72OnxaHvhnaJxHO88cefO8rO5VZgGJ29TnJ21558IPhb4o1tL1vGGjppemW9lcRJausNtqN0Jdylo4Z8EsRzu2nCkDOMmvmnxzp+t/DCa/i0XUlh0u4v5Uk0o7ZLiGzEhObmKPIV5B0IHQgHC4z+U59Vy3j6vPKJfVY5tgKlOpQzGipVKdanJrno88E17TlaaesU+qdr/g3FWFy/xDbyuX1alm+DqwqUcfSjLlrU2489JyivjaScZO8U/XX7A0jQNf8AF2v6jrdpqVvLptpAwa7u0WS1YSrtEUS4ZVZiQ3yD0bqcjwz4lfDe+8J2d5qmma3Fq0l7LImoabbEKtp5hZmBA5XaGK/d3HpnC5P0H8I/i/4D8N/CqPUTZw3moRpLcX9pdTqTMwRgkf2ckuw3cr8o5z1wCPi7xX8VpfEOsancwwTWwu70zxaYoaOH7MzYO7KjgJnaCMBe53CvneGMBxN/bWOowwksNl2XTp4eKqUuVYlUeWF9r80nzTc4uyUopnynBmWcUU86xuHjgpYfLsunDDqValJOt7KSirdG5/Fzr3Vezd1r2vhLw7b6P4dgn1GOYXN1tmhjIM37pwA0QK5KKW+ZyecY5xXZ/Dmz8T6J4on+w3MdpBeRSyBX3fZhE2SVUnkSlTgbQMHOB1x6J8IviL8O9S8ODTNa0p0u41eNo1CzSS26ghjA75KsJMYwAMff5OVytZv9O057ibw3HcXPnXJnshOHdreNWLZcAEKsfDYBCl+Od2axx+a4+tjs1yzG5bVpVZz5VKvHmoNc6cZJya5VFJu+r1b6WOjNc5zOWYZll2MwNSlKU+VRrRvSabSg4qVopJK6cXJ2e+rOjvpl1PQb59X00l9OuH8m/V8XEzGQt5eX/eOcdCCRgbSBjFcZdw2svhvULwWFxbW08DJZRRq2ftarjfNKRuck9gcd8jnPS+F/F13f2rRvp0N3eJOrTG5ZTBdK/wB1hE3yqVzjcFBB5ODwH+LPA/xG1yK4u7P+zdN0vT45L24jt7hFtlj2htpAJXzFXPyjBye1eJgksLj6eDxNWlg4/WYShz4iXLNRcPdp005N875bSSfRJLUx4ax31HOMNh6tSGHvWgmnNtNqcfhgtOWUdN7u2vQ+ONOOoaDNdald20LyT+ZbWtrtLuJQTibJHJX1PAPboa85m8L+IvFup3GowRxwpBcqt9dzOyRRxqxLbXZgGBUgk5OAOtXNf8c6Ta+J5rawvGumsTLFcm7YvEbiNtk5h+bbKey7Dyep6V5d8Q/iTe3Sx6Lo00+k6bJE5uYbcSrNeFuTIcnKoSOT0HYHaAf6uyHJMwqezq06caU8TShetVg1CnTcYtNU27tqN3F3XNza26/3jkKq1MLh7ws6tKNpzTSipKLT5bXatrFWSd9T6Z/ta2sdD1fT4FsLuDT4Y7eBrd0nnFwyKDNEVJZ+4yQQo25Ixivnb4m+KNDt9GtNI+2MNXu0BljuI2WWPIJlVlXBIY4CkjgjAJzx5f8ADrxQuk3jR3GqSrmYXJnuGcxiKJi7QspJ3s2MNkHJBBJBriPHGsjxl4tv9bt3RI45kDyS/KTEDtcxRklQrqMAAA9hycV9jk/CP1PM5Vq1R1Ycvtp1XaLlO60UVolfzS0tZtM+toYCnTr80pJxhBTcrW5m2m7Wad9rN/M9M8EeNdP0FZJNMgae6RR50kgygWNv3ibjgJG2Pl3dAT3IFbfif4gaHrWn3N/fW8KXpUxQhWUrGmPmHlJwVOeWK7gDwfSloWmaENDE9oiRByBJEdhnuGKAMSrf8s3OSPTqcc14T4j8O6odSvXitbtrZt0qRoh2xrklVIwNw4J4APHfrX1FPB4Wti3O84VIyTUnNrm292z+JWt1trpbrtTpYfEYicpN05xa5anN0XRX79E0m03ra1+T1XU4zqTvbmSG3UkrtAVirEnPXO0kk4zwOOnXotOMd6sr3Mqq0KYtwmAcFQQzYx8oJ+YAE8egGfM76C9E8rXETwtGQGWTKtsHAbBOcZ7njgYPFQ293eR5EckiknCsGYYXI+TcCMKcj5uByeuDj6RU24XjKytaPLs0mnfvrZ228up7boU3CKhK7SXvp3T2ff110a0fQ978O6Zc3cV1fRXEMUNtC0M00mDK5lJH7ock7BySDgjjPBx4/wCIzJDq91brdSXQBAeZnOXwS3zcnoTgYPByQSDirCeMNSs9Om0+2kVIp1/elQ+Q5BDMGJJBIPALf7S5rAjElzhmcyvI6rI5BZlJwSWLeoPcn2JAxRSoyjJzk001aKdrpJr5679++zuUqPs229Xe0W2r2slrq73b0Wv4GhoJmN/A0aFpEkyiAMcAcj5R6Y5A5z1JGQPrTw/rU8losFu5ty8YWQHCFggXc68/K3GCM+54rzjwXo+k29oZZIRLcRR75J8qhy6/6td2D1wDtJKjoetd9pDDbLcyQIkUQxEqkZeMvyOxwRzntk5JPNedja6nJxV3yrreztbqnp/wOyRFerrGKaSWrlK6VvdbtZ37XS3V+ru/QTFb6na2tnJczSS3ELJbov3vN3MVSTkHJJBzyueOADSXekXmmvBYarpE2+SBUS6k3KiBuFYkYB6jPufUkGjpEYl1+2khWSNQqyF0UstuMDqqnAIHIKjG70PNexaz4wtLu2trW7Qy3UBCQ3Fwv7vy0xl+PvE45zzjgc9fHqVXBpR16WTvZaa+8k97b2tulZWLhUTVm4qTaXKm3o+TTpe1+qb2vszzbR72PQZZNNsbEyXEyMHmfn96PmDKDk8ADkYx34HPo0N/CmnR4JgungffGnQNtO55D0w2WAHA3EZ44rhze2Znur4JGLhNxD/djROWJjHAO5ecDnjbnODWRb+J4G+0IwyhWRQ3eUFsY3H+7ndxk464BIrgx0ZzUHBNq+vRWXLbZJ6Pru9fI87M6r9lyxldXatfRrmVtVr+e7dyU6teAXzRz5xIUYykEkA4BHGeQBjGMgcgH7vMXc11P5nnRlopHVSqqQzE7tsrHGANxzwCDkgnkGptbvTFa7reNI0uCpDEqWI6Hd6AHnk4PO444rH02+urppLSHzpJh8itKvylMM20E8npwVHXkdQRlRTjFSb5VG3vNu2jTaUb6Wva6Svr5X+VqU/dU5N6Wine9neN7RbT1TstVdaszfs8k9zJFc24ezjiZXdTghjnAYgjJDDuCO+CeBtwW8EVtHFPaCNkjJt5FxkIMkyOcgMQv3gemTgDNdTa+Bria0W9N1n7Q5ee1jbBJ5yMtjp95sBQBgc8VxPjOy1vToUijiWS1hQO0iud6xMSNrSKBgEbeOuOO4x6eDx9KtUVONS8k0uVW5VrHRtSurWutNHdOyJpNOpGKuuZqLbtZp2uk1q0km1ZXT62djjfsdjcazLcQXW8wTCVAw2725JjwME5IIyuWOTht1MvtWttRu0sZbVVnjuA0WcBTLyTxxgZAIUck44GDlfCluly07FUe5W4zChznkZIxnDegPPcZHQY/ibTJ9OvH1GWFkyzMrK+CkgOFbHAJB479Dz/ABV9JT1stU7bK7+FKzejs+yul0asewqcako029VG3o7Kz1Tab6P5nay2P9k2f2p2TyrxGEsaNwkwGQpBByAM8DA2k7lPNcrbxRX+pWs9qhWdP9eGySyocsSzEdckdMnJOPmrJTxYHt7eKfzZcBiIZCHDN0DP0bdg5yQBnnoQavaVqcEMovExAArPKVwxBOdwYHLYJ6LgnB59Bi6UnJpy1bukvWNkr6bttr8xQwkqTu223pay7xs77LdJ9Hqlroek3+oi30meWCOItArLC6tuO4Abo1UDJOQQcZBOcdK8Tmvre6uomnVI5WJJY5wHJOWcDnjgtnpgfQu1nxXqHnXCW0kfkO0gYKrARqQDnHYkDjacg9cdDxJubkMkgKzM5Yu4QlWySMHHAxxzyWxxlua9DBU5wXvOScraJRskmnrZ63Vk7rZarRI7sNhOSHNKNru9rJXd001u12s0kkrbXa7CWPTfLkO4mQ7mAjOd/OVOByMduOuBWXCLTfNuhBlKsY2dgcbQTyhyRkdmVuM/jXSUW8KSMjBpAHZiQoCpksRkbSueDzggcdqryXgdt+0KzZZztI346jpgHoeOOoxwa9lNRjZ3drLZ32XfbVNrZ77nXT5lKN72uruzelleyvbf0a6K+hdURwql2dm8OB5aqShOTgkEf3Tg+jY4GMG8bNGjS8nEbCY7ioyHjycKBz0IxwQMAcccnMju4o44HlQGMSbyhGTIuTnOeg/l7cVffVo5ITIkapGW8xAcZOMBUx/dyuR6hjluRV3aataya3Tstr7WXpbtZJ9OiSUV0u1a+z0S0tq78rfZa37MnfU7MgQwWohMCEby21ZMAYLADux49SR1OM5897eyIhUhQx2qke44xzucA4GCOjAcd+cDMluWDzyBE+cFjhctg84PoeWIzgnnAPaxZPmMSbiCdxY5B2jOQApABJHHHb0yDSdTmsnLZ67u6bir7PXpone/fUwUodW01u7K+6S63ba6qz3tfRq/qWrXdxHDbvJmO3UGRFLguTnPyKQQAcDgKMnPXOG6NKz6xozhifM1K1wCSApEo4AHYEcEZyc8VkXksUlwrOswyVVwoyzJjOSQMjOenIOc9TW1oiRya1oxVtka6paKiMfmXdKMnHJI9jz69RWuHlCeIopyt+9p+VvfjbRdb2ei799efMuRZbjWrP8A2arqtXd03ZtXvutnd3uf0D/DYhfDWgj+7Y2zE5wW3QxnPfHGOm7qPUCvf9LlOxCwOdvIPQkDg8cHk9TjPvwK+ffh64HhfQ3XBV7S2AGQD8sSDkjvwQe314B92058QoWLAEBQMdMn8M8DkccZ4xX9oZNFLL6FrtOjS5d7JKnHW9l0669Ez/ETjyk5Zvma0u8bibJp3T9o7Wtre7vb163L+sTRtE2BzgHJOOqc7cnBznuQSRz1NeG+L5wkMyqdxKMQB0Bw2QeOnOQMZwcHAPHrutXUCRMrTKzKAdkRaR1JwMtgHauPvDqMnoQTXh3iOYXEN9LjJWOTYrMAVjCkF2AJBOOBj8OeRyZtUapzTas4vppaNm9WvLu97d0ufg/BTeIoNxaXPH41fW8X5X6PTfbZnhMaTWWj+JbidVuDcaZqqoAMsuIJxtySAMke+O/y4x+Leqb3vr/COGa+umyMkKplkYgkdMA8knPOB6V+0m6dtP1HZFvRrG9j8rcxDLIjqzsN2D1ByRx0xkcfC83gbw7JFdrcRR289zNclrmMA7QzMSrcfJ845PHXOQdtfzBx5VpwxGHTerVTV6LWUdE79dNem+mz/wBPPAnHTweAzJTgpp1MLa1lZKnZtWsktly3dtElex8SOxGYijtgZy2NuW9QeScscE5Prk4pAUwseDuGSFBGOcjG4dOvHOOc8Yr1PUvBKLqd3EJ3a3RmEWRgOgbCgEAA4ycHcO4IPWqS+C1tvM3lGYNtR0fOA4HUHduwPY5GcA5GfglFOz57qyvazUvh00el7aWd9k2f0lHMsPKMZNuPMo2VkrNpab2ur7t2dvU83YlFORslL7tzkEcZJIHPbueQTjPJqskq5YOMBssWzxk+20kMT3HBwc9a9IfwcVdJMhgAUIY4ZDycnIxkrzgf4A5x8HLcMmLlduWUIRkqVyAWIwe3t156VHNTTXvpLfq03ddFs3fe/daFrE0JPmctL9bdOVrptro+v4vn7DV12eVIrNCpDFmGAo5I445BwAFBPXPGTU+u6qt6luiySO9uiICA23aM4AGORgLjIB4ORjBXdi+H93Kj/Z7iNzvCFBwCMkDHJ5Bz0PJA65429M+F82oSSRtdxxm3X5gSF3beQpx975uOmd3cjBOzxsfZODnFLRbpdU1pp19Hr0E6uGclNSTaa1d7/Zklyq3VLe1npZp2PKJpmmOMEMV+YnA4HQ4xnB4IIyAOm0AV0GivqO/yYFZwyAvlWwOnIPfjGSM56Adh6jZ/CxFma4nlyiSqvlPhWOPlyNxVSDjI5Kn6Ctk6RpmmTvJBGoSICNtrBTvHHI4yvfA/vcZB45J4yk48kJc8mkuWze6S5t7NXvf18rGeIxNOUeWC5nK3vaOztG/S1nfRX6bcxyAWdhEnktCpA8w4wcrgs23IAAB56evbnRlnhtFilkkxbeWCSADIeCCxYZPbOOp4OGyMxXepveTizs0DSKGUSIvzBScBQmMtnI6ZPT2NfW37PH7B/wAdv2hIjqek+GtTsPDJkUXXiDULaWK0ht8gy3EayKFkQKc7lOFBA54r1cpyLH5tUSoYadRPlUnyq0FeKvKVtPnJJa6nzmY5rl+WU/a4zEQoxWqjdKUrJPlUV70nZ2Sjfbuj4xEVzrV3FDYJcysxxFDDG7TXDs2F2BBkEnGSAcnIIwAW+8P2ff8Agnd8aPja1tff2LL4R8Neak174l8QEWNpFaDa0s8Zn8reFXcS2W3bR8vNfoH4d8FfsQfsOwNP4v1IfF74t2FoSujWywXNrZ3wQDyMtugjUyAhw43DC45GR8dfH79u34s/GYt4e8PXb/DfwAm9LTwv4bme0EltuY4upoCjyO6t84QhchuMDn7jDZXkfD8pvNqn13ExheGEoSvGNT3XapO7WltbPWzR8fis54i4hpwp8PUVl2DlPlnmOMhyylC0f4NF6ybbbTlZdb9vta3/AOGH/wBhqGJbAWvxz+L+lxbJPJdLjSLDUlUhpHmUNbssc+QVByQuMA9Pn3xz+278a/j/AKkmiT6/b+ENEuZCll4W0GZ7Kye2kO2KKaOFlM+UIQoVIZiQByQfzHuZ5p3aQTOs8r7nlmlMks7MxDO7tlmJYk/MSckn1A1dB8Sah4e17S9c0yeL+0dJuobq0lkUSILiCRJlMitlSisqgq3VRgjHNbQ42xkqSwGHhHBYHmaVKguSUoysnzzXvSeys2lrt28fMfC3L68MRmuKqVc2zxUJTpYrGS54RqqMXFUaUv3dKPNZXjC9n5XX9Df/AATs/YJ8TfFD4qw+Ifij4cew8HaOi6vdw65ZTWy6/Ezl4xAZ1Xzo24YtHwQQMkDj9f8A9vn4QaNc/Bexi+HmlRadr3gbcdN0uztobKCbTIV+QMESN5yqrgEsxY4XJzmvwA/4e0/tBeNtJ8J2Ud9ZeGL3wbpNrp0suhWyW760toiRo12sKqgGEUsoADnJOcFq++f2b/iZ+1J+3SbzwvYJe+Ip4beKW71Gz/d2enW6AKsN9KoCRSSMNhRzyTkggYr7XLauU1ssq4SVOVTE4iMpLESad3yxaftJfC4yvvGzd20f5keM3BXirQ4no8W5riMHRyXKsZQistVWc6bw9OsvcdGEfenWSeq5nLbRI/ITxZ4i8Xax4hEPiQ3wis5Ggk02B5RFDIGKgLGG2Lk8dwT8vAzj9EP2RP2MPE3xPuV8WSsdM0PTPJu5ra8Ess+qmRg6xQxhl2Mi4YqwAYEAZDV7f46+AOn/AA91TUrD4q+B10jxHaXTCT7Uv2Y3yr8q3cRcjz4xKuWdQQxywJGAZ7X4g+PfgZoN5qnhHx1YaPpGrac8pldozZaYiRkx2zeYzZuCihI2jAOcBuvHhYfIaGFrPEZg41MNTvUdOFnNpJNO8pJcr0T2vrtdHicUeJGO4pyJ8NcEYSnk+Z4il9VeIlhnKlzyShKNKEac2p3d7yT5braaufZV1+zKPBV5Y6/o95cahq0SoLBZ0NtDpEigOfLyQD5eNuDnlc9gT4l+0v8ADLxN8dtFtNA8beKdS1qSa1Om2cFmss9pYPEQqMcBkVyBtDNhQOp7V+VXjP8A4KHfHF5VgsviBNeGC4lcqUT7M6hyCzsVAwwHAyOMY9+m0r/gpz8WrTwbceD4JfC0+q6tINmqfZAb2B5RuLidlIVweAVIHPGMYrjxeb5DXhWweGpVqNGd3JOTanO8dXGM0pNpcq3SWz+FHxHDX0ePHTLswy3iWrmmU43GYWpTq0a8nVhiMNGMozjKTnRWkXdpcr5dWldafA/xj/Zn1bwB431DRb6xuLe0027W1tby4TP2mLzCvBA2GRhjBXAAAB55EPxr+BGm6X4X8I3/AIM0bVkvJdKW51g3VrIsU7hdzSW5dfnRTgl0PQjkDIP0B4w8afGPxZ4UvPHOpyyeKdOhupU1LUxZGaz0ibJkDXFzsIV/7vzjHABzgVtfBz49XvjODTtD8eaa+v2Wnl7PTbu1tg8VjGUPyzlVG2JsZaNsYT7vOFr5DC5bgquNqUJxnFVrKhKUUnFycVFPV/FouZJxdl3P7swvGniBl+S4DMcRUwOY1MiqRw2bxwmId6ko04Kd4VFGUZWvJ3im7K0bH5bReH9Qt3UXTsmEykQJ5XADLtYHnJHy44GcY5Ffs5/wTL8MfAfS9V8ZeLvjPc+Vp/h/wtd3uhtLOsDQ6p5LkHyyQSZGAVSwxyMY4FfAfxv8P/2P4uGsG0GnaVe6hK9skNvJFC8O8sHjDjBQAZ4wByMZ21zWk+KY7BNbht7iWa31WzNhHHHIYkRp8bfNUNggONwLY5HTAzXXh6FHIse6lWgqroyvGNTZ3ScZNbaPRq2js72d193xPQxXinwfSwmDxlfAUMzjR+t1qE5e1hSXK61JzhKLinaUJWva3dtr9p/FX7Q37PfxB8L3ujeGPB+jaVcWc939vv7lof7SvdrOLa6t5GIcscZK87mA9a/JnxPpmlN8RNO+xX6W/wDa+qRA3F0FWC2jkuYxufcAuShIbpnIwFyoHyleXXifwzq0h+2z2klvIkoDzSHzbdhuVgpJVlIGBgEH5euAK9c+BfgX4i/tG/E/Q/CWg7ri41G6Xz9WlZxaeH7KOVfP1m/kXCw21smZCzFQQB+G+K4h/tKrSVXDU6U4Tgv3UeVTTs9eXR211sne/qebwZ9H6PAOHx+Ky3PsfUwGKwknyYqrKqqUnT+OMpSd0nrZ+83pZpn6n/tv/GDwTc6P8G/hX4a03SrY+BfDdi+q6/pdjHC15eyWyMSJVBEpdy25sklmznOM/kp4r1oajfajcyTMoLsF+YKZVHAbgDkY3dySSOwB+j/2oPBul/Db4k3fgnSPHlv8SY/Cdha2t74hspC9hc6hHGFureByW3LBJuQDkDHBwefizU7yO+1EIkiqyTAvEWOxYn5ZmwDuCjJ2gcsMdPmr894rxTzTN61VqMYQioRgmrJU4xirW3aS1tbzbuftfhPwdDh3h3D4Sdapia0pVa9XEVubnrVa05TlOTvovebUV5aI211mGztk1IzM8EMixyIRuMjg4BIPTGeARke/SuW17xAdceaHTwxR0Zpt+4Fiw4QKpAUYPJ2sOMZ6Z7fxhBoJ8Gabb6M3mXQLXV/5S7mnxywcDmNR/D0zyOtc94K8M3etTQR2FjO4myb8wIZZIbdQQxk4IXAB5wCDjI6A/Lc9DD0516jjD2dm72TsuWza7y0Tu01rds/RMbVw+EoTq1ZRiqcU2rqOja21Tb1VvO973seWf2FfamkgKKi2igKVVkaU55x/DuXGD2JCgAgMBSt9BvobtQBskikRxOTlgCQAFxgls9sEgc8YzX0B4o0jTrKFLPQ0uo5IjIl1MysS8iDJiXIxuzyCO5J5xg+aafLd22u20f2eQebJ5bxXMchC79oMgBXPHJbGT9ckG6eaqrB/BySjaMW9JRvGN77OzVr2drfN+PSzKOIw8/ejySXuwbT543UXy919np87pH1X+zLq/hOf4s+DrX4iXc8dpZ38bW+pPMWAvH2LabmYkGPfgMHO04B6Dn6v/av8KaJ4a+L9zJoN/Bqul+I9Mt7+3UbTDE7xoTGXXC7sgvhcbRnkLwPzG1HSJ9Iv5NTguJJJYZUuIXhEhg3LhwqOM7TEeBgBhwWOMmvo/VvjNqHjvw/4Yt9VSBtR8PWQ06GXyyk17nao8yQ43Pg7RkEk+4Wvlsyy/B1sTSxVo80YTg+XlfJFqzVk3vK7lG3nsj8O4y4Xq1M+wGc4Kqo4eODxGExWHUk1T5mp06kIptJ86d46N7vrb+xz/gjX8GvAugfs03vxDac6vqPjJriHWjFKW/siCzjbdAyq4BUlT8rIQMADIGB8tf8ABWP9oHwlZeFdQ+CfhHQYtP0SRku9Q123llSS4YodsQtwQJGMm4OxB4JzjPEf/BEz4n6gnww+IXgnUtWtrK1kkt4dE0GW5VL4XuoMIpZbeJ2/ex7WLbQvIPK5PPyV/wAFb/EnhE/tA23hXw+8V3P4a8PQweIlk8uIS6ns81wdpEbvghcYySeTyRX6Vi+JJYDw0weAyjFUcI8RVp4PHQcI+2qRqSvU5OZKShUcXOf2rPV9D/OCvwO8d47LFY7CyxVTLcwxGOdeS5q02p+1oNTeqprlikruKkoX5tEfzafFHxfc6Xd3Vhpk0jwJP5Sb8KVRvmfaCAS5JzwM5z0xx4He+LNQmhFussqi4/dOjSEbMk5dv4snOADkkcDgGvUvizcw3Ouak2yNFku5BFGuM27HPzAjoFx0Vh0wARtrwg2CgbzIZS74whbcHJ+82SAAB1AyoHTkFT4uSwovB0ZSTlNpNtpKTV4+tmld6Xt12sf7JcCYPCrI8DKrR5ajw9Gcudpu8oRerbtda6LTzvqpT4kuraEadLLI+y4UxEH5F4xjkEnB5Pykc9OcVLPqOpXEzwiSONpIyxKuFypX5QQD1PQnqASMYODROhTR3qK7bIppI2858GPJIJAJzgkDBO0AZxz0r0rTvC+gOZ3zLLPHGpG5z5bE9SrcDaOQOVHBGOtevOrQpr4dW7Ws1p1vu3po9N7eh9xWqYOglyq7lqkknorJu1rvS19LJ3R7R+x/qt1o3xk8LTzROIrySXT3lJ/dyeYhVeCQCoLAYzzjPQcfuK0UUV5Ii7snkhQAmQMjseD19Wwfmr8MfhPPaaX488Bywb41TX7NFQPnkyIjOcY+Uk5GTznjGMD94JIw0gCKrruicOuNxVowSNwHU8jBOTn1zX6LwDRWPw+LirctKrCS0X24xbul5L8Pv/nLxezKOBzLLK9Ncir0XTlpZtqSt96em2l9VuY16jyxiRyrKyuAo4zjIyTywPHRsbck7cYrxrxRHGRKRGBJ825Q3ZeFB2nOGwuGIB6HjAB93v4zGjKmBG6/uzuUbSVByG6/KN3QntksdteL+IrOQSSggNGF5Ykrl/4eQTxjIb1yOma9XiHA8tOaa28lq/d1v0te76bLvbr4CzVzrUJRlJxnZ2Vlr7u29rdtnp5tfGfju2jtry4byyxfLLGSCDxgkHHABOD6E54PXxryozcKflRyWyrkMuDjoeTznIxz0I4Oa+h/iVYC3kklK5YnaHTOMBWPAyeeoIAxnFfPYQrdBljAfzMktlsIW6YYZxweW5wQeccfkuMpqKmtU7tJdtr23t02T6LV7f0JConGm+jjGV0/8L/ze26ifF3xlgt28c36szB1SPkg/MxDFVHIJGAQSOB3ya8u8mMgyINrbsbiQcAYzxu5GCSMDoD2r1z4zzb/ABzqAWNQVjjAIQgnIOQ3UEk88DAxjOMmvMUjBcKyYjK54I27jnGc+mMkbvTkdDph9KNN3b91Jb+juldLW+uvyPVo1rxSu3ok3byi+r79X11vq0UktVWVYkkVfNXG9txQZwGJLE8nJPy4J9O1SzWzQT+WHEh2ZDnkbcjIwpwG54Py9iOuK0FgVSqMFmXGTtHCKxxk4x2HJ7jpwcn0fSvA9trVqkVvdQrdFDKrnG4DB+TLc55PGCQee3LlUhFXk5JPZttdV+HzvunoFTExp8qm7Xe9krfCk9dXo3tdeR5vbXM8YEi7kIIQhRuJAI5zzjGWBHQjgnHXqYrtXsV83dsMgIYnoCB0HTOTy55yGx61l6roM+i3jWUkmNxb5g24DkEE88Y6kkADgHGeIYWXCxyzZiU7efYkDIHTrwe7DcD0BqPLNKSe+3a1ldLy9LblycakVKE1JWveLva1nZ637X3aT30R2FrqghWO681gYAY1UABmwSFBDcd+FOAoP3iSSdKO/v52SNiTbXEpY7cryRgEtwFx1PoeCMZIy9M0s3Fu4CeYpdSQMhUy2Q4yMFjjBA4IzxziuquNLurO0LQh3kUK6qqgL90DgHJUgE8DPY5PflqRp90nu9La6aellbR2Td2r7eM5KE5cz+K1munTVO6s1o+qWiXU4/U7ZrO5YAk25fKseRuYZYMRknDfg3cdapLcfu2iCjAPLqV4OWwcgZyCDnJUEDOeeeotJ7afdbX0TO0mQN2NofqQB1PBOQMAcFeRise906axuvKkVTazYeNlxwpJKhmHJIA5JyOxwCRUqsorlteySVrO6Vk79tNtX10R1U5OcbSs2re9a17qLtZpNXStpt1e6WZcXqzwSRFtpiChCF2lto5UkAfKcDqfTPTJrRvcRvDIxwcADaMkow4BxwM8Yz/DjnLYO6y2cqSPDCqyJEFZMAL0AMhJGCMc4HoMY6tDGyJCz+UWnzmMH+Pr0yDxjGCM/QscgcvctFOzsrX92+iWjvra2+rV23rymsoxUFrru9W1b3bNJtpS6N3XKrpq1mUxLNOGAU+WGKyICSWHBOTngjO7GccA8c0kEN0TI6RsohfcuQQ55HIBJJA9hkkkemLlgTdSi2kXyvNcs2wZbjrnABABA4zjgdM4rWllt45UAlZPL3KVZfmYpnG0AZwefm+YevQAVTrTpu17vRJc1ktna71W291vo97ZJcraUVzaO3KmnZ9LW77W16a6LJ0rWL7TtYttVjkEd3p06XMLum+JpUcFA6sCpGBhlA4HOOpr6kgv7vxnv8Ragbb7ZcCIyG2iWJVygDFEUBPmOTjBxngrxXyv9hnupf3cckxlLmPCZVec87eucHOR15yOo+jPh1NMNJjtbxfKFvMuU5E2CANo6D72flzwQccmniMwq0oXhVs7pytJtXTi7aO23Xyv1Z6NDDUq6ip0ouLV2nH4X7rSvbaz1fW5mavJqOl3BaN2VFcurNlHKMQAwJwDjAwOmT6Yq3a+M7uIZaSVTCFDHfxJ6AH3PZeBjHBLY6Pxa8NwxiSNZYkXazsgVghOcHI+Ygk5ySSMDJ7ed3lrEWigOY97hljVcMEPKhuOmMgnjqSACeOnDZ9XhTi3V5rJ6c9rtuLWjtr2/wA2cVbIsJVlOm6EFzys3ZeS3td311Wnnsen6R4ueWMb3Z1mfLPIxURMSOM5yM44Xp1+7muqXxXb7PKhl2uoCNudQXzgnBJJP3QTggdDg5rxy0WSJoUiiCpggjPyyFT9/kcgHpknv3BNVtRWaSbz3k8lY9xZeVymQAyFemOMdOmQcDB0o8WYiNS0uWyel7xadlbrv06X1vpcU+Ccvq4dqnCDlyu3Km9Wl1ku/a+uu1z6Cs/El1axvNb3qyr8r8OzFWA+7hCApzyMnGc4xWrafEC7iLzyyAOBwvnFSTnlsFuGHAx0A4I4IHzLFd39kry2d0Tbso8xSQGIIPBBySd3IboM/d6Gqlz4gvfLiBlbasm2ST5WbkkbQQCCQBgdRkcDgg/SYPjKpG841akdEnyyat8Ozu9et7ra+h8Zmnh5gaqUJ4aEtbO9NNN3WrurNtNN6Ps7a3+5dF+KF/bhFimmVWxISk5YgrzzhuOT06gEjH3gPQrD406lbPCZL2Q5OQr5kXHHU88E9T9BnnNfn3pup6rG37iSRYJlBCs22Rxt3Hap5DDA5AxjkjHIvWnjO7glnthcSPeR7gI5Sp2AMQBnkbh1KLgjJIFfT5f4h4mnLlhmFamnulVfKmnG60f49t9Nvz3N/BLKsalJ5bhare16NO6u46K6Uley2ej6M/Sy3+NFneuqXf2eRcrgsBEzsxwfm4wOmMZPX6V6DoPxP8LjUYVXUr+ylcqwa0uXQIwwOHDAkbjzg9lOAM5/MBPFGtxwQmbTjKsvKyiNvmDgZIYqMcYzk9M9cAnds/GUEHkmaSS2lUhZELOXU5xlWXCqBkdfYAZJr7bKPF7F4ecLYylXlGyanLXTlTV77Nd31urn5Xnn0csLXU5U8PiMLbVOhfey+y7xb9Eu+u6/bPwx8efGXhyRJvCnxU1/SnjKuIpNWuWXAb5RtMhUhRgYIIJ7LxX2H4C/4KT/ALTHghbUL4ztfE9jEVUw38iy+ZGT935SHY8t0JI9cZz/ADc2/jQSq0kOqSRMoA/fXDEkcsABuOeAeB9PU11GnfEXXbbyntdWLmNfl2zsecjAALHJ7YPr2GK/QMN4uYDG04wzDLaOIjZXk/Zzv70b2UnfZ3a3VldW1PyLMPo+Z9l8p1MrzfFUZRu0uWrTb+Hd02ovppyu6v3P7APAn/BZC+HlWvxK+H8N7E+xXuLLaygEDexWQMpAxnaBkDjpk19PaV+25+wp8abRbHxp4e8P2F3eDbcR6vosClS45DXSQrn1J3jBJ6bjX8VGnfHLxHapF5ly0hJ+dZDv+Uc5wc/KB146D1r1HTfj/C0MTX1lulLKXkjGCQSQW6A7ce+QDh+9etR4o4OxiUoKrl1aVtaFSpTS+Gzai3DS6drWv1aZ8ljOAfEbLpNV4Us5wyWsMRSp1nJLl195RqJWuk1K/S19/wCxOX9hj9gz9pW2lHw1vrTTNSMTTzP4Vvkd7dCSRJcW5d9iAkDJQDJ3Y9flX4p/8EWrjTFuW+F/xRstXXYTFpuqxJ9pBPPltIreWhG7GSBu65yDn8R/2ef22Nd+DPiWfXfBviKXRRqdi9rqNvLJJ5E0YBKxMN2F3ODkrxjGMjdj6i8K/wDBRj9oWHxHfeJrXxLFdRanIssVjHdtPAiIw2ALIzYDqMADBzzk8V6OAaxuMawvEWFrYWULRp4ulGtKUm1dTlBKUYpWaale2rT3PDzWFfK8tl9a4WxeCxkJfva+Dr1aFJRtyx9lTm5QlJJ80k9Oj7HRePf+Can7SXgYyRv4Hn12CNJHNzpUi3e/ALBlSLLjIA9gTzggbvknxH8E/H/hOV7LW/CPiLR54yRJHeaXNHGCD8+GaMgqB2IwByp6mv1y+Hn/AAWF+IGjNDH4z8JW+sxMqiaaDIkO0/OSpGBhQOAOSDk4Oa+stB/4Ke/ssfEGCO3+IngyzhuLw7J1v9Ltbryy67Gy5iY4HqGyNu49wO3H5BWlzRq5Xg8dDl/i5fWinJXTuqdVJp+V22tbJ6Hj5DxhisO1CGb4vA2ekMyw0+TRpWdag5Rs9VfkV9H3P5mbjwxdjf5tkHeM7mYKqthcAoyuu0kkZAPPXHUmsO58M2l7uW6sFjByEYhUbdkZY8D6Z445PU1/VC/hL/gm18eFlFrceHvD1/dDIkguUsHDvwGWNmRGYEEjgndkFSDXF6v/AMElvhH4w87UPhf8T4rmCeFmhgmeC7hXAO3Lw5YAArhuoGCSe/yGN4cyyC5assZlrf2cVg6ippJLR1qfNTaXXX8z9AyzxB4iVRqjHBZpFWV8vx1KpVklyWfsJyp1LtLaza6bn8udz8PLCWRhFPNb7MEqWyCxBzjPpzxgYwQOgB0YvC97CVt4pJJECna5dCoA+8vTPIGGPA549a/dLxv/AMEh/jzorGfw4NI8RWjFgn2SaOOd1Rvl+V8kkgHvyMEcDJ+SvGn7Efx18CXM8es/DnxAiQqfMktrOSeBsY3ESQxkZBBI5x1GRkGvm8TwfOtzLA47B4tPZU8RBSa93aMrSutlpfutWfcZf4tPCJPMsBmeBcZcsvbYWsoq/L/y85XC3Ve9bV6I/MjWvDKRRzzGyk+0BR5bq7MTIvIBAOMdzg8YGMZyeXjg1eJA7QTyOVZkZmzsXkAZUKSoB285Ock85FfaGrfDvUbCaW11nRb+xlQmMLcxSoysMA71K5JXGMkkgZAbtXOT+CLWBM+UEI+VirDcxc8KA+3HUbsdM8+h8R8BZkqk/aYaUoqLfNypr7Pfy3vbRfJfZ4TxyymjTj7HHrnlZNc3I1qtoq1uzfR3uu3z94f8cfEDwwhn8PahremXOfkl07ULu2IMYJXKxyAYDDnPr3OQPTtM/bP/AGmdJ13S9WuvGetX91ocaJp8mqF7prZFOdoZ9zEMOzEkDg8YzuSeEbWBWyZbdi2VAXC56rjHPGTnHA5AIHzVTHhOxE7STrFcMIiWYFVYBcnAGAOuc8dRx0Wvlcz4Cpyb9phdbK7lQTWtt9Nbea7n6LkHj7iKaiqeZVFFJW5cQr3Sja0ea+l01fTfXS59e+Dv+Cvvxt0+COPxNpGmaqLcmNppozHK7NgBmAABAAyo24445yT5H4b/AGmPAGu/tO2vx3+IWn3t3oUoQ6/pdrCGSLcDuKRbfmRQT8u0lsHArw288G2VzjGnQPDIR8gjBlZRwCdoVVGOuTg/MM+jrnwT4dliNubC4s3ZVQyRZ24xz1OCCe/14znHzM/DHLq8ZweFSi9HFQcbp2+FWa0fnZ/l+h4P6QuJjVhKtmMqjjyuHNUT1Tj3uu3X0eh/SZ8J/ib/AME5/jxaiTS/HWm+DtUdUVLTXHTSwXbG8YuWQMGdwuQOCMAY5r3uP9jPwZrsTaj8P/iTompaPMH+zva3tlfRSLKq4wY5SQCOhB3dPmz0/kPvvg3p0DiTRtUnhmcqQpkZSDkkMrqQw9c8YA4JCnPc+Hde/aF+G7xN4G+JHiXTY7YCWKO21y++zoV5A+zyTGMjaBkFMYwBgDNfD5x4L4WSX1SnUptu1lJ6ptaNrq1u+vpv+s5D9IvB4lQhjPZTkuVN3i227L4XdNNu91ZN3a6n9HvxB/Yp8b6TJvtvCVnr0bI6ve2U8ccjKQdrhF4wQSRjnOc9q+bov2er7w/dyvqvh3xPoRRpBIfskksXBOSZUQ/LkZGTjPAOcZ/P3wd/wVC/bg+GCwS6tr9v42tLVViey1qISF0XCLkxLvOBxvOAMjDEDNfbPww/4LuafHHb2Hxs+DuUkIW9v9NMMke18AmOOdXkYL8x+h5I5z+a5r4RZzhZS+p169vKTaT91bdfRXat5n7Hk3itwfmkYPE/VobL3uWN2+XW691ee3numda2jtpkdybbxTIixkjyL62YN0IKjzecKABxnkkk+vz98RfEmsaLHdT2On6brpVGXfB5bvkr8z7ACRjg8Y5GOQxr9GvDv/BRb/gnj8XAsOqw6ZoclzH++Grab9kaJ3UF1eVFRcZ6OMLkY4+auB+Ifg39jr4lvNJ8Mfi54f0e4vVBjhg1i2EClgfvxtIZAF4yp6D7o4yfmsNwhxdltaLqSrShCSd5QnG1nF6aWbatdXae66W+lxGbcH5rQk8NUw0+aF0ozhK10rP4rp91b8bn4JfHbxjqWt2Hhhm0x9OS28RW000ITas0kcgLBFHUAcfQnqSDX0/oHigSLYefYXtt5tlCYvMiK7x5ShS5A/iI4wcAnjdgVyf7Vn7PuseD9f8Ah3oWkeJbLxd/wknimEaLPY4mi4mB/feUWARweSRgnrkAGvte0+B3xJ0zTLGLUvCt1fNb2dujS21p5qqgiXeoZIyVYKCRz37YxX3tPFYzLKFGpiKE5y5V7RqL0d0npbr0/q/5vjMqw2aVKtDAVYL2TXKr3v8ACuVW272V07J26Hz005llQtEiPszk48sBgCFJ4JbHIB7ZBJ5zFPaRJHKjyjMq+Yo/h3HnGQpZWyMenTPQ59zu/hnIWcXWiXdi6thlmV4iu3Lc57g43cdvQZrmLzwDHPDOwklhZAUROHIAI5wBz93+6Cv3uBgn0cLxVhKkVz3pyemqa00TT1W6v89rM+SxXBuZ0avu0nONkuZR31WztbfVJqy1u9Ty6G2hsEd5/LUTKCCuH3BuqfPkN8p6klh0BAGDnWhiu7snZhAzqoBwrEcZPTkkjseR2PJ7W78D6hbwystxBcBMbVLNmMDuVYsA2Ac9MYAz1NYsegXscLN9mWOfLeWithiBkl1BxkFSBkfdGOcBc/Q4fOMHWgpKvFprq0nd20vfS1nfRbqy108LH5Jj6WksPO+lm4O9tNb2s7btr/K1i1jA3qsxaYHaqjbuCg7jwePl7E84249+O8eh38O3iRw72a3vVJckM4MEm44Jz0HVe45wSDXXLpd/AEcRBRIpPzON4cjk5Y8kdwTtIIUg5ArhPiB58fh+eeYSosMF4WkU5YkwMqtt6kA55wSQM8nmuiWKo1IvlnBre1978t3q0neztv8AccWAwtShiKaqwlFNpXkmtuW9tHol5u+iOi+GDNbeFPDkYi+cWSnJbgDaAAMnGSDkADPoG4B7y/mt32lwAwB2jcu4HJBI2gZznGAMDJ9MV5R8Pb5Y/BeiTCdnma2UYORjcw564HXr65PPSututVtt6NLKRIp2AFBtAYYYhguMMMkZHAz6mu2hyzUXbR8qV3fRKNru9tLa2Svta7Z4uZe9iayj/wA/JK9r21ilr6WbWvdvSxJceXMJ8n92AQgBPybuuc9+g28E56Dt5Tq1hbXTyPc20EyWzMEV4l3sCM7QSOTzxjoMnOMV6Hd39pFFK0c6MJiuMuNxbdyME4+U4AJ4I56gGueHlXYnEqYcEsnKhQg/izkduTycY44yK9OfuQ9yz92ytZLda62b2b6XeytdHnypSUY2veWu13e9/u1utr3utNFx9l4V05h51uLmxeQ7x9luJY2VwcHgOoPHQAdMn0rdtbXxTaSFLHxFfiEkCJL1RLEFXgjccnGflJOQPrXVWESIokKIQUCqqYyrdBjuzOcEjr8vTjcOkG0wIhjU70+QvtBUnHfuQACQCe3fmuRpzSTjHpraO2j1tZpW6Welu5xVHKlJJOyVkk09dE3037avs9GcW/jjxppcqJc2mmatCiMDDCTFNKBxgZbHz844Y8Yz6+dar8c9BvvH/hzTNS8Oavot/bW8xfan2oNMQdowiFfLGSQcEgYyc5x63pdnDfeKEt2VGkgjJJI3IQMEBQvAPXn0+leOaxpGnSftCWoRAGttFlYxFQwMhGCwDA8kg4OCeSPeuWpWcZOKb5Va62vbld7db2s+9vmfS5XSj7CVWStJxk1Z2u7Rez+K76PXbzOl1O68O+IZlQazCZZ5y6x3MhtpLdixyjK5XJ46ADOeM5zU+keEoxfIbS4iBDZe4tZ8l8nhdquDyenBJwP72K9AXwLo94vmXdnYSb5HkdzGqSA5+6WUAgjP94eg9KoS/C3QftayWE+o2E0jITJZ3UwRATgNsMm0YHUY67jgc4vD5lKMla6SstZNWtyq2zt8u6VrbeLial53jzq84/Ck9E4q1k09UtUr2tr0Owt5/Fmj2yDTtU1W1eMFozFd3O0qp4KqsmEyAQN2QuOecgbB+KnxP02JpJdbbVNsYVbfVLeO5CbVIwDcI7MOgbDEt1yO/EjwP4108sml+Nbso6Zgj1CJJYghOQGfBYnAy2TkDOccisu+uviDYp5F1Z6RrRtwwmmt/wB1Kw6kgOcZbPyjA5J5wOfSpY+Td3zLXo003aNvw1Tb1utdgq4upRUVzTSdk9W2n7tmu+93rbpvqdVD8c3utTjtPGfw78K6tCQollWzFncTg9SDGEDNx+uM+vWyaz+zlrUitqfgPXfDVzKyt9q064EtrG3IJETgu6qTnjkjjgcH5kbxEJPEEV1rOh6lYR2pUNN5QmgU8DflFPAIz3JGcgmvY7e98EaxYxMuqWa3EyuqCWVbZkJGCfLkIGQT0Cg5PPcnvpZpZtczlr+KUdNW11u33TvtYulj6qfJzJ9UmlurbW0Xf5qyPRz4N+CGpJcR6F8TrbT5LnakVprNo1uA78KgmbCYBwGYkHaCxA6HR0/4KayLUy6Lq+g+JIYGJV9LvoHkjiAyDsV2YsR90YPfkcivn/VPgxrnj3WINJ8Lzx3b2dpNqt9IsirDHZWy+ZKVuEwBNtDbATyQBtAIJ8WsNT8ReDL29tvDmuapGUvZbdxFdyhVkgyHVj5mzKuPQge2Od8Tmko0edpKEk1zaX1adtLbPre129z2qGKnTjCtOPur7WrurR0SV99Nuz5dNT7O1jwx4q8Pq6z6LeRW4YsT5DSBwMZ+ZVIwcDdjj6ckcdfa1cW8MYl823LuA8ciOrDPAG0/wnpnAbJ545PmWn/tOfE7QbZbWe8l1HygEH9oxJdROOy5ZWPzcZ5zjIOCc1sQ/tRwakM+L/AWm6jKHQu9tEYH2k442becAnjPJ6HGK8mni8NXtz1Em1bXX+Xdpb3e19dm9NfYpcSUo8tONSUWklZN2V7XWyf3X679Xavrlw0kZjdkWKQbRt+YBiCWK9vvd8ckDHBq7B4qniVGDHdIwVuxIXGeM4GRyDk8ZI6jPY6V4+/Z48Qxi51+11nw7PLGvm/Z8TCFjwAO2F6DPQDPfBpz+BfhXr7y3XhT4oQWsSyebFHrC+WxQk/KR8oPuDwR12g8bvBYSvFNTpSba0VlJW5VdqzXV31Tu3pex6MOJ72iqrukk7vXolZ9ey17rqyhdePYra2m3XBYLC25GIILKAAA3OT0HUH+HgEGvCde8dW1xegERsrY8sLgGN2AyS3Qjkfxc+nNerap8DPGeqJNdeG/EPhrX4CMxw2+oW6yyEHHKs24bj0GOO46ivKvEPwI+MFkPMn8GXDuVLlrNluMgZwVEanOR09uehrellNGCUowi43WsUm3eUXpa9t0776dUbVc9+sWg6qu0rLXb3W9b6Nu3pbolrzF14is52mgusElQUXC4LDGO2eemSR14Nchq629wkcxj2t5i7BHtbCrgEOTnBP3iTyc/d7VkXvhXxPpd66azo+r6dMuF8u6tJ0IbdzjK5A7bsZUZ9crOLZnBgSR1KDcQ25Tu6suDjHOBgAD5gNwOTXbVwtKCV4NcydvdtfVO6ultppfte+hyfWJ1YvlnZ82/nKW/Sy1d1dKy1exPFCirJI8nmhiAMSEhAA2DgnaMdCoXpgHNLDJeO4gimbYivllGEctxt39M84yQOMkcgVnXcN7CvlfdVtgIUZLEcgnGcAKuR3xjr217S4W1sjBt3zFmyQAAQcnqe4PX1z6VxVaNOSSSW1rNPo07tPXqtNui7p01KEoz9o7XeqfRNNu19HezWnNbZNMib7ZYxSy5LPGV4RyAcjH3s5yAST7e1db4R8aeM9Oz/Z8s7xrlhJ5r7eo+782SR9cnHuK46/1UfZ2RYwdyIrZG4Kc8gEAbmyMqOdpyMEdO18KzrGLdDFsRosgEgLu67gSBxjGB0Jyc4NfL5pkOAx0JLE4WnVutbwT1suvdPfSyd11R9Fl/EmNyyUZ4bF1IWtrGcorS2ull0V92e/eGvjr4/0Q5LXb7WUsrSy7O2QoLEjABJJGB16cH3fQf2ufiDpZiSaSfycDIZ33hmyVJZjg4zznLde3J+WtMlhklHnuJo+jLkAbgRgbvYYJHPU8YrfZrZ0SNV3uzbmBQEKqYzhlyeR0weuD83OPg8b4Z8M4uNp5dQu3rJU43taOqdrq/a7vvY+tw/irxBQil9erNN+6ue93HltbV91pdPyPu7Tf21dWgijjvJJ5CBGSwJ2DJHByTyo4I+pGOg9r8L/tf2V+Eea6/ertyiFgVUbWKt6g4IOMEDOMAg1+VU0KNEwNurQ+WoXnBJHAZj7cDIwBjr1zZs54tOKqMxuV3qVkwJCQBsyCDuHJYnHB9ea/PeIfAHhfNadTkwlKMrP7EVrok29NGtdGtvv+64d8bc4wsoLEVPaxuuZTalf4b6u6d91db9D96PC/7TOnamtupu9qSqoCNMA2en8JxjkkdCSeCCcV7Jo3xiivMRW13GWLfMfNHy425CleeR1GfTC85r+cW2+Iuq6TdJBZ3UsTK0aklywBBbOW4I4xjHr93ufd/CHx/wDEekRosk3mBZFBmbcSc4y2RkE5447Ng+tfzXxZ9FegpVKmFoRnK7lGy5bJpNWS6eS0vo9dD9iyfxkybHzhHG4Wlryxk2opS+G7asrWt1W/3n9BOh/Ea7fiO4aLLH959ocgAZyOWBDchsjBxjPXcPVNJ+K2s26BVvPOXOQrSb8AZHJznB+U45PXsTn8UvBf7UlmWjF7qDBgSHTAwXAGSAxI4J4z79O30joXx90y6jCRXatHJg+ZujGcknHBAHORjIOFyBxx/OmeeAXEWVV5/U4Yiioy0dN1I2WmjUWk1orre6trqferGcFZ5CElHBN1LcylGF18N9UnbVvR27W1P1Bi+KNtrBaHXtE0fUoyhXF9aW86sp5H+vjYD1OOOueTg8trXw8/Zw8cRXEPij4QeE71LgbZZI9Mtrcl2wSMwRRYbJzuyMgYPoPiy0+LQaIO00bxbN5YyR78DkYwc9cdPbng41v+F86ZYxopuShcA/LIpYsqjIOCe59OgGa8DC8J8cZJU1niaqTbUasPaJbO13Fu1l069e+VTg7I68XLL8U8I5Ky9hiqtFbxd+WM1FpPZcttNrXOu8b/APBNj9iT4keYkfhe98HyyqQX0S7MSI5BOSkxdRgndhcddoxwa+M/G3/BC7wTcQX918IPjxq+hXbO8trb6uxkWJvmKxRG2dCnzH7w2nncfu5r6Ti/aFtYZGk+1tsAZgxlUYLbiFI4yQD68KfQ1Kv7Sib18m/2AAcpIOQcEsAOM4I65XIyeTx9hhOJfEHLaCVPC4iUoaKNOdaknFOOsqbcqbVlu010aOCt4e4+tFuhn8Jx0aWKVHEWS5U1zSSqWtppJvd9Ln5d+J/+CU3/AAUI8FW0ln4X+IkXjvw5ExddP/4SOeBbiNB8uYLi5bDYA7AjIxzxXhV54G/4Kc/AkrYWPgLxpDp1nP8AaUk0Wa41SKORGJLoqmRDEAmNqgj7oBH8P726T+1Ffu8cVvq0pVWUFWYt8wGDtyTnHtnJOflDV67YftLXc6QRXjW9zEMLIjhdw7bfnHzMxxkDoT0HOfawfi1xfl0ZfXMFOLileLw0XzyfLe86coNX78l93sjyq/AHEWH5bUcDjad1d4erKnO3uvVT9rFyfZcqP59fBn/BU39rT4R3MOkfFP4b3Op3nmlJbrXvC11DcBEARlkkaARuPlJLAg56jJr6r0T/AIK2/APxpFbxfFf4MaU1x/qblYLC2PmNJ/rHWIw+YCzEk8jPBPQAfrbqPj34SeK0b/hLPh/4b1mIjEr3mlafcXAX+Pc7QFwTgfxgMSD2Ir568f8A7Ln7EHxURnu/hlpPh+/uGLDUNKheznjY4JIEW1Qdw67SDnpwSPYw3jziIW+uUcVgo3vP2Feo7/DqqNenyd3pUtbV3OT/AFcxdOoljOHsVFxt+/p0adZKN72lKhNVHe1k+RtaHIfsa/tIfsFfFTxv4i0Hwv4S0rw94u1oBE0/VLOOI3NsTk+UZVCgoSMLkkYIGBxXtHij9in9hfxd8b59R1nWfDNpqes6exm0C6vrKBJZj0kiikZDzkkbAATkZFfG83/BM74TaJq6eJfgp8QNR8H+JkKxw30y+aVVWDKVk5lCgYVscHksd3X59+Of/BPb9rLxL8QtL8baH44g8bXWm6fHZRXUOoy6VKqIoVMqkkZLnH3sAkjniubLfFbB47iqGMo5/DD5crVatTGKdPEuokm6Eq1ColOnUkrNSinFLTaxzYzhjD15150s1r5dVrYd0nhayisPCT5IRrQp4ym4wnBK7ScVKTbvqfpr4v8A+CPP7H/i+1uo9B1DQrYXLMxVb60kVSScFNk3y7M8HueDXzB4u/4IA/C7U7N18NeLNNgZwUjwVddv8OCsvIyecdc5GeAfgDVv2bP2/vBCTEaJ45vFXcwn0bxNfS8DBGyMTkD0wABjngYB8Q1rxz/wUC8CPMt1Z/GzTYrcMqSRXOqXCArnkYLA8At7H7o2gmv33KfEnLsTPnwedLnmlZUc4ajeSirqnWjO3lHVrXrqfIYngDMYwus1yvH04prlnluHqSaVrXnQmtdd07rZNJq31747/wCDfvxVp2n3Mega/wCHtWKpIsX2hVjdDyFI3vjccjkep56V/NZ+2b+yfqvwB+KmrfBrXpNOPiOZIIWbTUUIjT8oH25Lls7jtIBIOcHIr9J/EX7a/wC3NpG+CTxp8WbFoC2V1CxvjGrDJySYwSF2ndk54xxxX5PfG74gfGL4g+ONQ+IHjDVb7VfFMU5kbUtWtpRdzMDlNzSKMeXgbAOgzxtzX7twDnmLzDEzhWzKOMwzpe7SliaVebm+S1nCFOzSvd63vZaq5+YcYZHluBwiWIwNCOJjWilUwuGqUIciVpqanOa16NWe/TQ+WNa+B/jLR9fg8PXSzQwPbBY7u5gkitZAoLDypT97AOMeuM5x8vlmr+DPEHiXxPN4fsrK8ur3SohA8sTvM5hiB3MqHcyxAZGAQefmxX1Nqfxu+J94LSfxDax3ZsYfIt/NtdxaNcAMCFyGKgEk8nuScNXkGleKvEWh+MLrxppyy219fEie3EBMTRSD5lUlSoBOOAAM8d8n9cWDUWqqozly6pu3M0+Wy62e+qlfpZXPz9zyCVOGHjTlGnUnH20pfFGCUdVo1o7Wad7eh4cfBOpWl1cWkpulNmxjmhaCQOroeQy4LYXDDIHUgDrX1r+zr8dvjT8DWu7T4W+IPFHhiK/kSfVY9Ljma3vREflLwgFVwc5JH4ium8O+ItLmluNa17TLp77VllM7/YVdFLj5HAWPAIyP4QMAc17R8PPip8P/AAk8kj6M5uiksUr3dikkU4PC7lKMFA6hQRnPUk18ZxNXxE6NXDSySvjqVRxTpyp88HZpq99dO1npbsckMhyJVFUw+Oo0m3pztXUXyuzvK6aST0Vm9Gl09W0b/go5+17cIbbT/iL4rs5LVQWD2u+Xdk72/wBWTyMk5A+XJ461bn/4KK/td6nHLGPir4t+123zki2ZAzAj5SFTaVzyRzu+nB890r4s+DI/EGravcxWkDXbBoFgsoxAV+b5CpQ/MoJyV7A568T3Pxi8C6eby5s9PM95eEkZsIxEd2Rt/wBXkAZzyQBwPevznEZNRqyo0ocJJJqPM3Q5YRbSukkul7NtK+13ey6oZfl1J+1eNoycU7SfLZqNrcqUm9XZPTVe9rdpeNfGf46eNvjh4t0nxF8TNe1HxD4nsNPisJ9Sv02zJaQk7IAoAKomTnO4HqBnr+jX/BNvS/2N/EXxDvh+19Gi+ANI0V77R44y0a6nqgGVt7ho2RwCQAoDfMSccV+TepmLxB4h1PU1ijszdzllUrsVFJ3AKrbRkYCnjGRyBX2l+zl+yF8c/j3p7SfDbwNq3iPT4LuKCbU7ZwkMTM2B85+VcehAAOAT6/teTYTLeHuHJVazpZbRo4dXd4040b2bSlKzSTvd6LfVHztahiM4x9LDUqP1lc65acU2pKLiop+S3batZO67/v58F7L9gfUvj/f3FnpfhPwd8D4p4G0fSNamD3d/bLKA/wDpaMrRpIVLBZWDYORwCK/ZXTf2lP8AgmL8IrDy/Cdt8OkESuFSy0e21S5JXoElmSZ8tjIJbcCcnniv51fh5/wRE/bM19Ypr3RrLSYXSIxf2prCAxKSCN8SyAgqCGx6AYwRk/Yvgv8A4IB/HC7aOXxp8XNA8N2R2tNbWXmXEqqB8yxyRktu68k9MEnOBX808aZ1lmaZnUx2F4txc6FNKEsPh269OPI0m42vBOS+J+mq3P2nIcso4HB4fD47CUcNUhf3aeJp0ZST5f4kafv3SVtW3vpbf9C/Hn/BZr9mPwNp1xZ+C/DC3zRlkV/Pj02A8YUrAoU4BJG1cYHGOCT+a/xY/wCC2fxE8UNd6b8JvClhpYuC8UdzDHPqd4WIJUxhfNwwOOQASQAcHivsnwV/wQv/AGZ/C0iaj8TfG2v+MrmB1eS3Nz5Vk7IMkHc/m7SeDt5xjk53D6o8J/s1/sY/AlRH4J+GPhmO/t1yL7UbWPUZ3kQgBt1yJV8zcM/KAODt6HP4XxJ4gcH5QprGyx2ZTgnJU61WFGnKSWzhS95xdvtJ3S01TZ+mcP5GsRVjLLMtnOba5qtOlXxEle1n7SvanHW2zbW9lufz+eDb39vf9qXxHbya/P8AFCPQNR+03VrcQpe6JpcUm1jBCJZPLVk3gZ55XvjGfSPhh/wSW/ak+KXiWW/+JHijSvB1s2ozsb1pn1jU7m1Lso8wCR2R2jGMnChhkgA4r94fE3xit7XSYbfwvaxRQW8hjNjY2kNrCsWCCI1jRFTjqQDg5A98PwL8TtUsmu7tpHsEuyCPtEheZNrN8sbO3A7jnJwMng4/AM58fsTh80+r5JktLD5fiFGE5UKEXVpwSWlOc01zt2UpNJJLbdL9io8F57VyqVWNKNGvT1pU603Nyk3Bc8ow5Y2trGN5bbXaPnH4bf8ABGT9mXwE8Op/FHXNZ8fauNs9xbanKYNMZ1IfaIT84U9AowRzyME19r6L8Lf2bvhLpQ0v4e/C3w7aNbKGjFvpsAbzEIAZrho3nYkgnDuwIzhex5zV/inBcSiS4v5ru4VHO6aTMZ59MhCRzggnnAOTXkniH4uWdpb3E8lwsYQlmcsoJC84A654BXucjHOa+VzfjDjbi+aweWYOpTp1moKpPmxFWKqOKTinL2aervyw8r7EZfwXmDVOvnmYVlGm1z0ac44Wgorlbi1SUZyjpf3pPz7HoXjPxrcNFsZ4dLtLcHyrK0JiAXaxVcRlcJnA6YHXjqfi74hfGpfDk8ErQxwrFN5j3UuZbhtzkFQW+YbxlgSScdCDjPH+MfjbBqVxcTrcBoWfZCu8Hc4JG8sv8OBjHzEevQ18s/FT4mWGp6e9tLFDcTuSGYZ2oQDtZXbg4yBjJGcgHiv2vwp+jdmGPjDMeIYYrEVMRHnqKrzqMYtR0S2V1d6LVWb6JGb8b5Jw/ReFy54Z1aMXGTSi3Jpreb5pO9ru7u023rqfX3/DSja0yQWlyILYQBmXeQzDAJ2YByT0JOGUHBBOcvuPi/efYy/ns8WGKlmwwYgBdwJB5PGBgMVJAGDX5O2PjRbTxDa2sc0qrIihU3hY1IyxG4cFWIIABxkEjnp9PaJrc+o2VuN4845z5hGwAAHaQPlGQO+fyxn9dzT6N2TZQ5YmjgYuDu/ep335W7Lpa6W9tEnfRLzcl8V447FxwyVCL5ltCO/uPayta7XyfqeveJvjVrtms+2/CI43BEByyMCWwBxnAHJJI5JODivkDxt8Ttd126kU3lx5O4ER5dSMn5nJG0ADnnjIx6V79LZ214Ee/SyuImDoqI4DbsAZJz178AjuMAfN434vj0aC4mjtrSGNkXYJBswcgnyydp5+Yc9SR3Ar9F8LeAcsyrEQUMrpwkmkqippaqzerStzWvvr1smmvL8QOIcXicLpjOWDi/3cW1d+7ZXja91fr20Wh4bfa3qb4RrppDtZ2YyAdMnbhuc9MAAZzyCMVzA1W6lJWa3m8yVnzIisu7rgjcAuPcYz6gnIi8VTSRXyP5beXtcgQkAISDgsAFOR0OTg89DzSaDrBVPMe4jnMTMoiLIMJ/F94gt356jrgYzX9ZYLKKVOMXGla0UkktNIxeisr2T6NrTbSx/N2OzOpOTXtJSV7tt8zlpF2s2raN2/xfNYOv6fIsD3FvdSSMhfKNIVdhzkLuIUoPQA4GeO1cDZXU4uIJWCsquR5YfLq4IAb5hhT3XqMEk84B9L+IXjDSbvTYra0t4bcqSskyGMMvJyoYcnJLcAA9QSDXzV/ajuzQw3BXLufNkO05OcD5eWzjAJJGBnINexhsM4+5ybpJtWav7slFXsrR2ey011R8ri8bJSd5Scbe7Zp3dou0b2vppd2Wm7er+jPEvih9T0W3tLsNIbaPyc4XEZI+XOFwxAPAHIz9a8RCWkE6N5jE4JKLkKQWOFJxgE9SRgnp1rY0LUDdQG1urlXCgsMcmQkBVDMeh6tnPXqe1R2sFo5uQTGrrIco/zs43YXgEnA745AI617NGi1TWj+JPR2lG3LdO0m+mup8dXxLr43VvRKybs7rlS6t6pJ2atytW0uzodBvIklWVXeFSdoidshyVx8pO4dOowRkHOea6iZ3cSEASRFgVQqHLFj8wJABABBGB948nHBrlJdNa2j82EoSVUumcsrcBdoJ6BeQAMZ+9nNatpdzRlPPdxJsUgKAycE4Vh2JyAOvJwckVpyt2um9VqmnZaJtrRWdk9Fu9Fun7dKTjBK0tWuV3Sabto4t9NGuWy29Fp/YIr2N9yKI1IYBMh8Y+ZOudoB5HXIGOhFVY9LmkhdkZZoDLtCEYbso3EjcOei5wDgDkkV0FhIsf71oHErsSAv7xCGHJ2jp8rKcjHUnPQDZtLIzQzRs4hdyXIKlVZDgkE9Q4Py8YPOAMAVakotWu3rdN9U01ZvVabaNOzd1dWUkqlmn3dk3fTk3ura6JrXbRs8/u9PiKFJ4XYAbXC8mMjIXJHXoOOeBnIrJl0t3UfY5SFjB3B2JkQkZC7Qc4AHI6HGPWvZhovl20jugWNQJd+A4IGflJ5OT1Xj64BxXPr4blvPNmgniKOzlYl2xzfdJDHJHGQfT0CjnOsal3f00aurWjZ6tvrZ66Nq3Y5qtoTj/dXM+ZLlSfLdtvW9nZabt2a3Xm7wSSWzboyrqVDSltoK4AJAHbI7YIzt6jIxZI2YSiWRgFzGSBgsOMcgcqc7RjLcdTwT3GpwPbbrW5Lq+flUDLAqcKBjIOeWxzx1J6Vz0zOsYWFUlc5DBk+ZQDxnjrztBBHOc561u3orQd+Xdu9tua9rO1m7dNtkzKdeClFpNtXd7N6e67vVNre121Z22sUrfTbmIKySIY2AcKGxgYOBuyGJ545/HHXSh1TXrCNhHc3MMSnfEkbStlQAoBySGTkAcYPHoMMiuGZUEqSxxIQrApsYMBn5cLyvr1wMZ71pzXUMcQw5l2Q7lC7DwMkAjHbnkkjOSeuKJ8qp8rvraVtO8Uk9dErXVm20rptanbSjGdNyTtpffpG3ldXa0XloaNp8SdThhEGo2SyogCu9xGpEi84O1RncVAPJxjHfgbU2ueHNXsTHdaKVmZCxlt1ypZjxtKjAI4wOgB5GVFcRbvHeXKxy24kaQKIkABU7TtwwXPJ6nB3ZOQRisH4h/E+x+H2myaTo1tHqvirUY9tvp8aKy6aJAR58wAyCgAIQgMSB0GM4StaMU18OllZdE/d9bLTa19WjOpWp4ShKdarGMYp+9LSydlqtO3Rb7X1Mr4oeNfCHgCzt5Iohe6rJGzWmj5DXBdx8pkAGVQEfx8kHBwcbvijXPE2peL9VfVPE0jxRW6Ge30QOVt4VJJjDKSBlQc9CevPJFdHqGm3cd7Lrfiy4vrjW9W/fRTXEbtHbowMnlxoeFReQOAAScdK8tvrmWfU7gbvNjmlCyNgKFjRmCoW2n7oycAjj7vcDjx+JeHpQUmk20+W6Xu6NXvqm9NPV31ueTRzGOOv7GfNSvGN4NSi9tN5PdLR9texsDxNPaPbSXUfmWhmLwWwKgIASqMCuPlHABIHoS2K9Fj8e63d2AtWlW3tWtmSFEXEjxEcpv4BBHU8c8kcgV45LH9o1HTbQkMv2oKAARGsRzwpJ5GDglSM+nr6Y1mWkjiiRXCM6MBnheBjIyMA5PGRxnFfKV8wq1HpUkklZq7V/h3stfJaW1PRoYeKabSlK8d9XZuKv17/ACa6q5vaMYbyNQ9qgjhZZiDkM7F+uOMk8k5P5cV0Z13UbHxFr32RmMUGjwXVqrblELxpwUGeo4IB4PTG48e0/s2/s7+L/j/4/wBC+HPguwMmp6nvaS+fd9i062TBe6vZgdkUaDIwzAMTuxzXnHxU8Da38M/jF8Ufh7rbLLqnhB7nw9dT2iF4J5bQACSJ0BBRtxxg9MEE8gfHPH5bj8xr5d7elUxFKiqtakmpSpwk0k5p7czvy3dmfV0cLicPhqNZQnTjOUYQmla7UVtbXq9E1be97n11+x3eeE/iN4p8OaV8UNbn0W0muJJrvV5ZUghaCJl/ctJIQqhgGXJ7Ec8Aj+iGX9or9mf9nXwIunfDC88PeKdce0RLPS9BWOeeSfaVWXUb+HcWVWG51L4Ocd8H+Vz4RfDbX/E2mabb20V1Batlri8kMkKoGYZERUqcEdcAnoeo4/QX4ZfA1PDhW+ub+RbVVjkljKyNJKFALDzHYnDAnJDc+or8R478NcJneaQx1XH144WlKFstozUaNWcXGV5Wespc1m+VuK6o/VuGM9xVPCU8JUwnM9JPESfvNcsEuZO17drpX3Whzn7Q/irx58U/GcnjDxRLdF9au5I4ElWZtP0+0dv3dvaKxMaqi4zsxnBycc19rfBj4RfDnwh8ENQ8c+LTafbbzSb1zf3lxH5CsIWFrHFCzDdMGGeAT8x4yAa8A+P/AMUvhp4W8DabH41vE07RtKIkS5FusVzclQSsNqTtaWSQ4UsN5PGCcCvyB+KX7anjDxfoN74X+Hg1VfDkFy66el3LL5VrZKSBMYtwUvIPmCuDjjOCK/Qsh4UxGZ5TgsswcZ5XhcNOkpShFxvSgovS13Jyum3t1d9GjGZhRy/MKmKqcmJnOm3Gk2nKMmlqklJ6ST2s0tdkfZ/xq/b0sPh58OR8KfhslhJqJurq51nWXAPkCSZyIYkYk7yhBIGMMRgcivyr1n4m+KPiNeXWr+JtVutTjMjPBZl2jgLZIQCMEDYnGFAz6kda8sh0HUNauDqepXM1zczSvJOr5w8jtlt2DjaCeOMKuRzivTLLQPskNtNtRECsu1E3AADOFGDk4wC5Jzxg8Nn9yyTIcJlvsqWFo89RxgpTd5Sm7RTbSTS5mm+/db2+KzHM8Ti6ksRiqioYaC5vZOSjBLR3er9W3+ZhLb3t4zXFxllYEQW4Y+XEN23AU8ZIwMkHLHPoBr2OkyXDxRpCWmkAhSCBDLIXY4WONFUl5nJ2gKu7ngZwa9d+F/wc8d/FvxNo/g34feHtT8T+ItWuUitdP0+2eZoWkcL515LGoWCCPOXeQhVVd3TFf0M/Bf8AYx/Zq/4J6+FrT4xftcato3jr4vi0GpaH8ObeSC8stIuwgkgW4gy4luEkCq7SKyKQSQTkV+w5FwnFxo4nNIzpxqNPD4Kmk8TiLcrbUXaFOle3PVqcsIru1Y/nTxE8ecl4Zp4jB5RXw+MxtNclas6i+q4WcrKPtZQvz1W7KNCClUlslqfDH7G3/BLTxV8TNNtPir8frib4XfB3TYk1B11XbYarrFmmJWVFn2NDDMo4Zlyytlepr6d/aV/4KKfDj4A+B2/Z8/Y30TT/AA9plpC+mXfiXT4I1vr+RY/IkmW4RPMkdvmkM8jsMk7f4TXx/wDtj/8ABR74o/tIX99oWg3P/CI/DzT2eKLSdNkWw0jTtMQFYnu3gKRuUiXhMhM4BAr8Afjf+0jptgus+GPAl8+p6nKGi1PxeGPDkYeHTjklBk7DIOCcEE8kevn/ABhgeHML9Qy6nhpY1JctKh+8w+Fk0veqzuvrWIWvvT9ym/hg7XP5qy3hXi7xfzZZ3xPXx2FyCVS6hVcqOIx9K6kqdKF08HhJJJ3Uvb1E/fnFXie9fGf9o6102+1S61jU5fFHxB1Z5JZBNcSXSWlxKWJlnlZ5A7KxJKljtPTBXn83/EfiDxB4r1d9R1u7ku7mW4LIrs7RRqzcRQj7qqgIHy4O1Qa47TL99WnkkvryWe83eZJNNKGnnZ2ySzsd+eSDyRyRnb81bM05jkS3EjhVYETNg7AQMrwB83ykYwSCPYmvxTGZli8xxE8Xi61SvWqNylKcn5OyV2ko2sklZJdkz+ncg4cyrhrCUMFleDoYWhSiqdONKEY2iklqn1V78zerTbTbZ634R1ORybFxtjhVlywCvkqWKq/fnkAnp0DA5rsTvmMlsvzKFLgvjcob5SB0+Y9Dk49RXzpL4in02ZY4pkkXco34O4NtODu/vMOO2D3OcV3fhrxrFczw297M0bkH9+w2kN1w2QOOgA7AY61nTx3s7Re7a3e13HXRtPRK1u+y6fZUasZcsJKzTVuaycX7vTVO6atvbySZ27I0MaoSwO7O0gEgjsVBOQx6/wDfXJNCypNOiBUjlZQHG7hlySehwFORjuNozmp7u8sRALmObzVCEyvuU7XwQG6liCeMEAY6DvXHxazCs7OmGOAMkc89Tgex55474INbrHcycXytPbu7JSu7aW6aptWT81pJU4SjfZ6p3VtVZXVmmr30u29dNFftvKj2lRho1YfKNo2NjOWbPTPPy4GcnPOFt2w+zyBZOTg4VQSMNnO3dwG+px1AxWfa6nbTwxhFA6GQu3IJIzljnK5wfmxkn1FbNvLFOgV1KjqzHHoAoJAOB/tDI5P1rSFVTtqtLPp3jtd+eiTSst0KUqTd1qmlonbVLZPe/qmrX3vHlkliiZTtQeWGwAeScck9BtIJ+YHJGcgnis+S0bnKZ27cMCRlTn5cEg4BGScnpz2NakUfljIcZTIZg2flbPG3pj1245OR1qo9woz5hcxjjIwpzklTgc4PO0f4A10xaUk99VulaW2y63Vt/RWsYVGmrvTa21lbl1tfXr007rcxZVlRHJz5hK4wBkKw5B9QBjJz8p65OKzpYUcKUTaynarA5LL1OF7jqM9eB8uOnV7YpAZQquQBySBlMcFznJHc8YHQA54yHSMyF9o2KjDbuKnIJA3AcbQV4JGPfIzV8z969ls7pbWae9tPPX8UzNX0aT6333917dNF010d9zkp7RCZMwgOSXDk8Hd0DAYOSOwxnDZGRkZj2csMkZQskiEMs0ZZZIn4IJdSCSMZHGcHr3rrroYVlBDn5VIYbtvzDPzHgDBAAxlSOd2az5pAhIUc7QSmAw4yA2R3OOR06jcc8JxVknFW/wANtkurvrp0tqtu4qlSDk1dO/R2vqr3dr69Era+a19t+Ff7UHxK+GBisLm5XxT4byqz6RrGbyJoOAyoZN20bcYHY9Bxgfavg3xr8CPjC6ah4Y1x/hL8QWZJBbCVrfTLq4J3OkgYrFtZiRhQuV4J61+VsmxAxwd2NwYFSq5yCpyRk9z1zjvgVUaCaB/tFrMVmXEitDI0Uqg4bIxgjHJG0fToAOKtgYz1g1Fu2zWtraNPR+m/Y9jB5vVjGKqpzikrJ6P7Ovm7J9Gtduh+vHxH+Gena7bGx+LvhWK5tpYCmn/EPw7Ck8JG3EdzOYA5XOdztITjqc8Z/OL4t/sj+KvC8EniLwVMnjbww2+SO501t95axMCwSeCMsxZE+b7o7joCa6D4b/tRfFP4dtHYS6k3iLw+GCzaRrge7tXhAO6NTMH28AqFG3b16AZ+z/h/8Yvhp8R5lk8K6tH8N/GVwMz6Dfkv4c1eZs71KyHyoRISwUDaBlcA8ivPVPEYe6cXON13393XyvfZXTsr6XO+TwWPj0U2rq+klpspJ7dLWa2010/Eq50qe0uWimgkhniJE1tMjJIpLENvR9pDAjG3GeOueK6PQPEev+GruO50bULu1VGzJBmRracHG4tGx2DA4Iwdw4AGAR+wPxK+CfgLxjMy+OvDJ8DeJbj/AI8/FekxBtB1J2zidp4gIgZTggM3fgnkV8JfFT9m/wAS/DPfdLf6fr+gXDGS31LTp43yrZdFeMMzb9uCV2jOcgZOD00qkKt0m4yaWj3TVm1tZ6/0zx8Vl9Sj7yfNT3TXTbR23Wrtba12rJnmJ8ReCfGXl2XjTSl0fUXYldc06Ixhi+TvkVVGTnBPJyOeoJrF1T4T6/oYk1jwRrZ13T+JVn0+XEyK2SiyQK2WwCAVGMjOe9cy2nE7hcsCm4hWJGVK8hSBwD/e4UjGMZFSaZrGu+HrmObRtTmttr5MKPI8cgTu0XzKwPddvQ9eMV0WkkrLmWlpRdpLbS11dPyd3bTWx5k6abvdttK+slp7rto10v1a20VieHxHo1xIum+PNA33H+qOp28Zt72HA2hnUgKxDck85wec80t78LYruAap4E1SLXosktYhlW9g3DcVMLHcxQZBAG7PQdM+jR+NvBniyJLLx34eigvSFQa5YRbHTcAGklXHzNu5PUZyBT5fhHrdip8R/DDxAmsQxyB1jtJtl8i8MqNB91iM4ZNpJJI4yBW0XGXKmlNRta2k07+aSaT1avqtbWMpUuaLSd07abuys0l12W2j3tofMd7p9/plxNaaxps1vKS0ZS5Ro9nU5G7AxkE/jzgcViT2MTmMQndIuVCcDsSACcEjAwB1bGM4yR9YN45jumOh/Fnwik7hfJOqC3MF/CRlS+4Koc7txbGOMZxuxUd18A9N8TW41b4a+JbXVmdDINHmkWK8gZlLCLDnOVQMAACM4JXmlLCxnfltK9nb4ZfnZrXVa/doqguRWkrt369Pduk20ttk79ezPk02z2yncAqsuTg5DsDkAgcjJPTqentVN5hGwlACZ+8ignpnhzngZJbjgDgAckel6/4L8VeGrn7P4h0K9tdkhi86WJhBJt6lZdojdcjO5eM/pxVzp6SMfL2sXk2Mv3Qgz03cHdkdc7enGc15ssJOEnZ2Ss2p6PlVvnp5ffZWKUo3UbNuSu07X0tp00S3tvfRu7M1Z8HzRIwaVenfI5P/AHzxjBC9Oa6jRb60dXhuwWRdojfhHU5G4jgAkdSCCAcD0I56+tFEqxrlfKQbu6gDA+XpgHdgg7ievANU2YLLHhigBJYqMqOoUnGM4xtPPJzzUShTcZRckm7b69Y2avom7dvWxre9uZ2S5bre2zsul9t9Oj11XpS3NhDNIEmme1kUMXI3BFGcgMR8xztA+vGMYp1tfW+9xZSbxPkIjL1I6MxYcZ5P3uBjtk1maRLaXEHkXBBVkUpK+1UUKDv6jJBAA25PGeCcAasEulW0Ny8MKyuDhZEbIDDoFAyTu9j17+nlVI8sklzOzs3GOrvbfyTe2vXvYp2cbRbfWy6/C9LPTXWy81exafaYVEttG5nO2RxtBbjG7Of4ewyDyQc4NVYliMyQQIsKRsCTKCRICfujrgZBwMZ4K5HUSpq1swge7tWGS3lmNCFV1OQ7LwM9C24ds8ZFZtxe2c1550Ew4Cs6EhVZzxtUfL0wBleD2zmmuZRT9Oiva612u97P53XR5WV2t93d2urpdF+a22OljgjlZnmESo25gUABLIpwBn1zz3IyM4UZz/s4a7VRA8UTKSdqtiUDPOBnaejMM8dzwM2rHebmJpEWaOfBZVJZURc7sqTtDHJ5GPfpx6zo50m5vrOG9hiNnsWNvKZTJGScN5jKBxwcnJ2jgngY8nE1pU25e843i9LXSvFWd+XbXbfvqjtw1Rc0Yy25o6NbX5b79LrW2ibeq3OfmsxZeFbSWSEwqZJXQd+RtWTtkZBHqBznjn9hPgzN5f7GV2CVUnw1qpOflEgaJznnOemOvQnOTk1+XfxG0i2t/D1tLZpmNJ/JgjDq37l9vz8c9CAcjsSOCBX6R+CtRg0n9kF7Bni+0nw5OrJ5gBBlRgBtYg7uR1HbqANw+/4Wzej9Vrc9T2bWCnBJy15moq3TV8ra1e1j7jIaypYnEWassHKKeyfwq3S+3+Z8LfsXSAftP/D5SRltTvWBDDIIfOecjr1xj35roP8AgoLeM/7RHigErkWrBhuA+bJHIJGSMncvUn1ztrmP2LpYo/2oPhzJINgGqXmWOAuSwGT68ZBAOCc9+rv2+L1bj9ovxq4ClRJ5IZSMNu6Nkcd8ngEDOOOK9PDYqL4TxNLmu55lzJO+vuU72W7s7rXvew8ZWS4arQW/17VWva8YWdu+kejs737L4VllkeV0V8IgA+7nPUnGMHOM5wcDOPatfTnOVRtmxWQqzqFAJIyTxkgdvyPYHIlRTIqxsWbI3tuGNuPTdgHB98+o5rRiBPyRr/qypYliRjoc9AWByMcZLDoevxspJJ73VlZu8dotJaO9k+7Wl9pNL4Sg/fd02lqlur2VkrLVWe997bXZ6rF9lkt43O1ZQygrgFX46DAUBcrnqDnAJyTj9X/2QPAmn/F34KfFH4c+V9u8QQ6b/b/hiNEDSC4to3kliXClyGQFSqksevXmvyI0yTLRRu2+MgELgYyNoyMdG785wAR0r9yf+CO2havrX7QOh2dlIjJJpd8rwPkx3UJhfdE6YKszZIAOeenHT5rNsXh8Fh6+IqqKhThKU3LTRWW210rPzs+7P3Pwqw0Mfn2HwrilHEU6lOTe0U4rV7ppJ217XPya+Kvh/VtHlXTr63kt5LV7m3mjKMHilt3aORGXAwQw6DAwT/u18sXRNvKZCS7bmVRhtw2hsFe45GGz3yOG2kf0sf8ABWP9i26+F2paZ8VdI0+5g0TxZfapFqNnHbOq2OpvcO7BkVUASVPnBxtJz1r+cLxZp/8AZ1/Lb4IjFw4w4wwBJzx1HfqCeuBkkV5HCeeYLO8POWCqQqwhUlCXLJXi1ZWdr6p9H5X7nN4scI4jJM2m7OWHqWlRqK/LOEoxcWpbS0utL6+TZZ0zxHGLYW80RTLjDqMbnJBBJz78c45AwRxXQDURcuFmYTQttVEBwFbACsdvA9iDkcg98+akrHC4Qb8ElArcjaDknueRwDk8de9ZMGu3UDMCXCksrIBhQx77sksQOd3HzAYHANfSzwXM+ayu7arVqzTfk+rWmyv6fi7ik7yTi+bSyvFNNO11vbTtovI9eaO7tZyyxq8W0KWC7lIBGcvwA2OuOvUjGBTNU3S2/nWoWISKEKp87lVHL888EY+bgN3A5rA0nxNG1t9lefck0ZAMhBVHI4GTyG4wORwvbnM0N0I3y85bBI+U7lKuDwFyDkHG71OOvUc0KU4TaUfS/XbVe7tr1a0eivqdeGpOok+mi0au3pbTTRp62tu7Xu7wjT908fmfNIqBkG0AspYEq/4fQHgr1yf3X+A/7Pv7PHjX4WaDqWt+ForfVotFs/t80cpjuZ7yVQZJzGDkgtgrjjGB0xj8UrCDKuzxea7FHjI52oMHAYYHocEAHnjgGv2d/ZE8K+K/FU9vd6VqMUej6f4YgN3bXbboTdxxjyYtgHDHnBXAGfXgf2F9E/KMlzzPM9wWfZRhc0oywdD2UcVRhW9k/bNSklNO0eWPvPt06H7l4WZBg8wxOPo4zBUcQp0YKnGpT5mmpNOS0bTSS1Sd+nd/Q2if8E9fhh4hfdo2n6zp2nXEaXMd6jkEMTghFIJxtbAwMDPzYzg/b9v/AMEq/gfH4YtbvU5NahJ0KWUX32uJpkuFgaSOWRcjgMMlcZ7ZGDmP4OaX8fr46eniSa20TwzZ3Uy201tCHnubaPlIwoU/I+0YJGSPXGa+j21Xx7ZaZ4x1LXtRuJNJ0/Rb6bTbGUOizmK1l2MqnBCnPPXk/dUkiv6e418FPD3FYd4vB8LZHThKnV9ovYctZSUJS+FJKCaTt72rs0kfveR+EuExbq1qmUUoUFGTXNTlByio86cVZLSyV2ru9tWj8A/CXwh8Cv4q8e+HoNVt9U/4RTVri2sIr2aKN7428rLvkkJBIAHCAkZXIxls+5/FP9nD4I+OPhHE/h83ekfEy0Rk1Kx0u4WRLtnUBC0MY4jB5J5Bzn1z498Nv2evEHxW13xL4tn8Xaf4FtNX1zU2gjlugs1zIt0/z4V1YbuoD8dD1yD986R+zh4d8OaNZfYPi1Z3mvNbxwXcqzRlnkG3PmENu+8MbiewznBB/wAscb4IcSYji3FY/DyxGGyzDYyrKhh7SVJ0/br2dk7SfuWtdaq9z+QuNMszijmWJy/AZbXVOliq1ODjSqSi6car5HzOOjcWmm2m1p0vH+eT4q/s4eNfAPm3F74c1G40+aNpBeJG8iELnaSCGMUgHzMjMT0HA6fGepWL2twYSj7WfLKylMNnG1lwCGXHTBX1ABwP6sPHj6Xomq2XhjxXcab4hkdTGZDPbzQtCyhFV0Hy7sgFsrk5ByeQPzP/AGnv2OdN1+x1Px18P0t9HvLVpry50EFFS7hALF7bnG4/MVwMAcfX9DxPhxnGCwlTFUY+0VGClKk4tT92N3yJpxaSTdr38uh8d/ZGcKmljMurUp62fs5Ri0lrumkuVva9rNvW5+O0JminVZBmMc45AAUggscZHfI4/u9eK/Qb4J+L4rzw/YWSZFzp22JnOQoibg/eXnOByRkHBz6/FkegXMWoz29yh8+1YQ3NtJ8jI6MVdTghuACenzYx/ETX1F8NUtIZZZLVlhWKKJbm1PymRyAcjGQenGe44xXwFOpKjjKN4tSU+VtpxcWpK6atfS3Z26XvZVlydKVSEk1ze7KLvo9PO6s+yVtdLan15Hd/6SJWUOMYJQHbk4IGSACSeemcdQMbh6NoOptbzR3RmAiRlDAHqCCG4AI+XqeCzcNzjnyHS9Ut5LVSu0oyqiqzhirL0Py55B+boD9NuD1On6mLfCModXXcACuCCWw3Q855I7Z6k8V+nYSqpwhPRuSXvNtJbdY7JJpL4b79joqVKlCae0L31bW3KktNdlezt53Z7k9xY6m3meaY5ZGACJhUfIJDd8DPBHfqQOaGungURR253xliTxsdAAAVDYAAwNrEfLtPTk157Y3ssYQrjZJgptzvjz24wOmCecEH3IruNNube+Pl3znePljcZC47qcYIBwMjPHJ5Zsn6GnzKKakkrK+7ve12uZdbp33WqunY2hXVSK096y6d+XVau6e3lfctPYSTWpuYsRFl3fLtxIzY3AgDIKnBBOAQuOANtVbUTQkwyxO5LYOTymFOcNjkcZXOcdcDt2EccFnaMrxKyOAYiHJA+bOFJOTnO7IO4E56AAW7HyZHjPkowU7Z4m2ksCflyRnaPTPyjnB9dudKMebVro1d6uL11tZq2qfS76jdNxj7mnNpfRp25U1qrPRa62u7+ZwFy0lrIlwrFo0yWKEE7SeMjJ5HIyPQZGNudqy1ZLsL8zhUXCZA5JGdrnAGDzgkD+eOiv7PTWlaKaAwGUkoc/Ls5wrbMBcnp0wcA47UzoFohRtOKPyDKhkULjrjIIIz0BwCR3545a0oSi7cqStvdXbaS29XovnqRGFeElbVS15nJ7Wi1e197demjsZt1mRVeVmIZW2gDIUdQDnqCOMnv78BkF6LSRJJHOw4ChR8qsp4DAknJ4B4xjj1rbLJboySWx3KPL2nBBC9CCfTBPP8zis29soHhW4AJVQXCpnIbg/MpGT3BwMZwenX5vH4aliKM1K0r9FdpK0UrJva973t91juwtWrCok5aaaXlZW5XbW2it0a2asb8eox3So7MArRlkaPGVIIGCo7sVwwA9xwQKrq0z+Y6H5UdQI5Bl9vQgDBOMA5Gck8jkHPPaexijlVkkRpG3RkL0boCFOSDxnjnocgE1rW1zOkkakSP5wG8MhBHX5d3KgjBIHHbPt+a43A+wco8iad3dLVN8rsm+rtut9L2PpaOJ91OUU5WS5kkpXstb3Xlddfz0ElML7pI/MjRQwI+VlXqUIzkkE9DnBqvqWk6V4ghZ4AY54grOY1Ack54YYDbh2PTHcnFWbu2jlUTROXZQC8bblcnrgjIGQMduTxnoa5iWC8iu0lsXli+clgpJxjkKVGSQcNg/3c5yCTXh1aE4SU6UpU5x0dnq+Vx9Fb17bJ2R0utCpDkq01KMrxvZNpWjaSeiu3oruy00s9OR1ywvdPJS4iL24A8m4AKttxwG2+vo2McDvWTawJcXAhYrBOxzbTocI7MMj5scHHB5GN2AeePX5HS4iMGqqY5JCFwy5Rh3IJHDDqMZGT0PJHCa/4MvrQm70lmu4PllMSk/IBknYFPDEE5xg4xj0r1MHmmsKeJ913glK6d79XZ6Xtv0032PGxuVt0nUwy5lbmcU4tq6Sa08m++lraXZy11Fe2NwBdwbDGwLSZwsy9OD8oII6D6nK5G2LzIvMMoAUzDa6SHoT0JUnBHXlepUn1retvEMV0X0nWLTaV2xCSTiSLsQxbbnB75xjn73SLW/DjQIt1bMZbZ8OjoQ3lrj5SVHVcZ4AJB+hx9NC0oKdN8yfK1bTql066ef5s+UnVdH91NNSW6el3pfWVtW3ez0b0XVrMZCkDJlCSCVkIBKFhle2MYYBhxwD74saNey6fOvmSFlLbJcj5Cp6MhbKqCPvYzyM96w4NRkjeWBssmBuZgcA5GSpI6dDxjGSAQTmpPJO7dFIHibLRozE4K8lSByfYYOSCMkk0TpuXTSyvsm7vfdad7LW9tN1UailZJ6WXnJNSV023d2fZ9r31v6fIryxrc2oAVjkNwwCn1A6oenIx74ya2dH1b7KgW6cspJTIJ/dsRtG7jDgg4PHQAZHNcNoeq+RCqTs8anKsgHBZhlWAP8J4yCCMegwTttMkkbOkYKlskKOcgDDY9McjOQMnvnHmYnCqa0Su07N/Lpun3b63V21p1U8S4tWnraKVt3F2d7JXVrLdaW0ubviqSX+yLu5slAMRjmYqwG9ExkgZwcgAHBABz0zhf1z/AOCbXibTm+FN5LeRRuUv7lZzwyxOUYrJtb5eVIGMYx+JP40SX9xJa3GnTsxt5rd0WTcFVA4bncc5JzgemOQM5r7Z/YN8V3fhXSPF3hO6uJIre5ma8tZWfKSb8oAmSe3zEDOcdDkbfJxeXVJ4flS1hNTbSV1ZpXtvs0r6de9zSpjYwtLmVnF/ErWd4663drWTutbP5fZH7S+k+FPFWqSukVu8u10aWDy0fey/K7BSGJHHCtnPXpX5XeKPhNbx+Ir2HTrljO0QmCHHzgHIXvggjrknpwDk19mfE7xhc2+p3kUciSqSzb2wWICnlCT1OOR3IznsPkS98beZ49j27o1ksjEzEcfxBiw5+UHqRyDnIPGPQwadLDRpttNJJt36ct3vq126avc+c+tKdebcvddrLe17XdtFporbWvq2tfEtStZtFvJLTU4JIZArKr7crwMZfHy89wAOGwM4Arl74i8BNtNuAIMqAYzg4wARkdyBgEd+hFfUHjDRLHXtNW4aSN5GViXRU3gNkZVgMnGSQDn8cHPyNrsV34XuzbKszQ+YxWVhwyk/dfHTIz7DHXFejCfOtWvdj6pxTVml9rre9merRtKKtK+0nsmrWacd1JN6W0d+j2eXdvPZS4VQiMc5HJDEAYGOApyc7uFwT0wDv2HiVYo0hlRUDJhTyoz8oDAFsEZySAT6dBXOTyG7RpVZVlbLBJC2Np4AyACwboMLkFhxjmuaubxrdjHNFvZCNuG5TI7jheg4B545x92tZUYzjeXK4pK90ktOWz8l8k1fZXOz2sqTj1t6a3ae+tnutO/o36bqF0wVZ7Z1LNlXG7cOcfMASAVyRkY5wRweRxM7TTzlXJ8xNzlVBKNlvQY47duvPArITXGKtHHvEbY3bwcAdyMc5Ax15/IYuxuQwlguEIbBGc7geemT8xK53DOTjIA4AwjQUOdxh7tlZqzS+HXfXpa2918z2ynJyfM7eSX8utr3to/L1bV7dvB5qGJ4NyDLyLjBUgfeBJB5HuOegyKo3trAm9IwpSQZ2uQ2GbqNwOd2Pu9Op7gZ24L+GEMzgB+SxyMSK3IAGefw/rWRdTCQM0IBViCFOAytgkgkc4J5OBnIGOSSVyTSXS1n2b2t3tfs00VPllHezem1nq437vrqtemr1OYurCGCLaQWU/OrJ82CT8wOM8dupI9MA1HAU3hAA6Oigu684ztA47nPHrnIOcmtEXsSl/NyrEsCn3kxnHGckHj7uc5wSOAKq+UmWeAhlJwUYEMAM5wp5UYJB4/Ec5uo5NK+jb1bd02ratuyv5Lq1rfV5ez5eXytZ99ravZLt2NeOK2ZC8DLlVCeX/tADBUZyQSfmHKnOOADmQWrpEWwGYHJK7QSD32sR2/u4AOQexqCKNyxNttjcqNwfAYMM5UEjHTqD7A47a9vMjbftO5JAMZPCZA4Jwc4LDj8vc8VaEldpp9Nr32Wre7draW0vsrHdh0m0ujV7X91rSy379+nXQoK0UpaN0Bz/CwVWOPXgHt8vr6ira6dMgjljUgDJCqBlshTgnpleoBODkderTXccLSxuvleYmC4U4YjJKnOcduTkkcZGa6LTriKZUFwxCrwDwM4AAGcAnngeuMYyDXhV6jp8z2fVW2dopu22vo/K56VBc01eO3VR/w9bu+3W+l77XI9O13U7Vo0eNJI0KyBXjDEhOQrZBzyOvAySPSvatA8U+CNVgWLXvDkcUikfvo4lYMUGSpQrypJOcglQWIIOM+ctbQSlQgYsVG1wgJIOCVJHYjod3PQkCtvTtLi2gr5iknjIICtjBAJHfj02556En5jNPq2IprnbjO2vK3zXdtOqe17+T6aH0WXqpCV1FNaaSSd/LW97O3S3oj0GX4efCHxXOskFuum3KPvilt5GgkXIB3LuOFYEkfKO3c4pupfCLxdBFJF4I+LfiyxtpYXi/s5NXvfsz28q4aIqlwFMTA4ZQCpGAB0rlV01rV2eVdqMAMxlyxBAx/dIIOc5Ppg5zXR6XqOr6fJ5tnPcxtHgDLMQFbjOWzuUZ6HvwCMYr42rga8E1h8bPlb/hVbOD1WiT2vazutX5aL6WnKhNx+sYSDnpacFaSVlqmkle2rWt+6Z8ueLfgd8b/D9z9o0zUb+/BcuTbX86EnfvB2GXjJ5bAy3XBFfNnxDsviZJfxP4w0/U3u7ZDbLNcxTT70X7qiRgwCDg5HU4Gc1+utt411CEg38RvEZVLqVXIIAwQcZAJPU8AMCSOorXVzoPiWb7NeWFs0cjEv9rjhlSNj7uC5HQE9VPHBFebKU6FSE6+BoVJQVva0qcVOycW7SinZvytp2Ts+x4WlVpz9ljK9P2i1p1JSnC9o2vq1ZXe3fZbv8KdYjvbcsskVxCAFzvjdeuMkFsAcnngHB6nHOclwWGC2BgDfjAPY+ynbjqOTxgk8fu9cfs7+DNYdxPDot/ZXC73s3iiQqGGQElAVgB2JKg7eMkYrxHxv+xr8NpHupba21PRLUQvLLdaay3MELIPmKou5gAQTjgjnAAGTS4pwEayozw2Ii9I6QU48za0to9Xv7t+/S2dfg7G1MP7eGKo1JcqfLzOOnuve+llrfS1tU1ofmL4EkS58UaDZTBnSfWLNOBgFBKoBGcEg9c8EYAIAxj+yj/gn78FfhD4u+F8tv438EeG/ED3co8z+1I0mMkKKoRlGOGAH3uDyRndX8wkXwO+EnheaHXbb4x6dBeaDenybDUIJI7nzxkxmdT8wjVlAJA5ORgYyP1Q/ZL/4Kc/AT4CRS+F/H2p3mrX0UaRpqmjxudNAIUSAowPBbJU4bcRlQTuNePxTl+Z51Tw1XJKGJlKldpxpzhNc3K00+l0mr6uz3W59vwJm2WcP8OcS5XnOPo0KmPnhIwp+3hL2kKTvKD5JX5eZ/aVn8rn9DN3+wf8AsZ6zOk138FvCkk2Bh7eaaAg5K4AR0xzg84x1B6ivn39rL9g/9jX4c/s4/Fn4iaB8NNL0HxN4a8OPqulaza3VzNNY3tuweFo42kaNjuCj51JGTmvEfDv/AAWP/Yy1J4RB4rvraU4BE8LKFfcORk84OQDjknORgAYH7Y//AAUE/Z2+LX7Ifxo8K+CfHtrfeIdV8LbLLTSRHczO8qHYBuyx25IHJ4PUnn83wWX8crMaWHxeFzT6vVxFOlVnONb2ag5wjLV2Tile+vTVps3b4VVN4zDYnAutTXtIRp1afO5xUZRXKpN7xa01fre387nxh+PU3xQ8U6Dr2l3MlxNo/grTtGe5umXY72UIgZQuVAZQnCryVGMAKBXzp4RPxC1zxXE/hKz1bWdQTVoJ76OyjnkhgtQ++SSQrlFQIpyG52j3yanwR+Her/EvxPouk2F2+n6RHILnXNQnc+VFbRS75ISw4EkkSsqD1OSMEZ/ZbSfHHw5+FMmnaX4J8JafbRR6VLG5Nuq3erXcNq4e5uLh13lHKs5JbDA9Bmvs87zDAcLVKGQ4DLXmGNxSjFw5G4UY1Wk6lWdnK6d3GOje91on+5cA4XPuKso/1gxubVckyfLeZ0akasoyxMoRi2qNNSTVNLlTnK927JOx8w/A/wAIano/7QFp8SrWa3fSUlGnamxmT7TZ6tNbss0bxqcogbIJI28HPzHNfp/4h8YQWf7O/j0TvGmozPqNm0wG9JY7x/3bBgDhgMNt6A9RjFfz4RfGDxdpnxg1fxJpN/8A2daXHjBp209Wxp1x514qNG8O4oQqOQOMk9Dzmv6BdO0C18Q+Bo5rWKNrLXtFsrnWPDd4cC5e5gDy3mnM2VVt53BcHuMjpXw/iPllXIcbk2cY904061HDqnGzXL7FU5Spy5m3dJuz0emx+i+F/iFQ4l4S4s4byinUnisPisTUqT6Vp1W4uqr+97zV7uzV9L31+M/2RfD8dr8Q9MgZ8z7Zb+O8dCE2SRyvJHljwWwcc/KRgkk/N+b/AI11rQrL9q7xbqXiK9e20OXx9qaXd2CD5YMwUNvP3QDtz6YzxgLX7Jab4dt/hLcw6/ZQTQmwkuRc210ixXBglhlEJiVwTLDlhkrxwW3E5r+fj9oKddS8Z69fqCs174p1S7mjBwZI5J2c4PfA46ZHPoK+04LxFLPsVj5qVsNi8BGjBqzcYtp3jfS8b9b3te6PwPijMKvDuDwaqYeUsbgM29u6c4W52nDlUnb4XzNa9nc/r1/4JxePPC1r440fw9pOuWWsQaj4cNzp50yZbmSJFjO0XLRBlDYbDBhlSuBk8V9K/wDBTy62fD74PXCEvJD8SdH3SA5IJv4SxbHtt24wM9lAAP5Sf8EUPA9jZa9pni+Jrkzw+FyYkllLqTPkTBQ2cAkDaMEABiOBg/qT/wAFQ/3fwu+FEpHls/xP0Qhd2MFr6N8Z7jjgcZ7gkCv5U47eGy3jfEZXh8U60YU8TRvKMYzc3QlF2Ue17Xv036P7jOcTXznCYLNcVhHh6mKwVKs0neKTjFp37WSte/TyP1z8LSSXPh3QJP4m0DSHBzyzHT7XBBBBBPOCeQW7jp5P8Xf2efB/xbjt9UuVm8N+NdLzPoXjfQi1prNjcoxMTSyxYa6i8wDfFMW+XIwa9e8FR7vCnhZzhi3hvReh7/2fbDke2TyT1JPJ5HUOwjViWG3HGOMdSM9P7pJ5I6kjABr/AAprcW55w1xjmmMyzGVaNWhmWKg1Fv2dan7eUZUatOV4VqdSLtUhKLhJOzTUtfCp3ioOn+7m0rtWcZOyvFpKzTb2bafnY/MT9pvX/jX4J/Zg+Jfgz4nwJ4jtbXTYLbRviRpTBf7Vj+ZI4dXtCpdJ9iqJJPlRmDHGSCP58PHdysvgPw55ihZpLu0Zyc/M3GM5B5KkAEjJ5JJr+o/9u2S3n/ZT+KKqyuGt7QBTypkDNyBwOG6ehPbPP8xvxB0rzvA+hyW8Sq8V3p/mFm4DlUxgHHrgLnjHTmv9o/2eWZYXO8qq5xRy3CZfXxXEnNi6WDh7OjUr/V6PPUjSUuSnzNtuFNKKbVkkkj848Rrf2HmEJU40pSpzlKEFJQk2oXkk21Ft300XRJJ6cZFFENMmcYGYZgy8k5MRxnBBP3ffqMkZ4+DfFYjS+nhbLLLrBbdznasrFh0/2ugxx8uRzX3sEC2V0JHCtHA6vzlcmNwCPfgZBzgt0JBJ/P8A8WygatOEbc66rJxuHQyE4CjON2dwH8X4iv8AdbhetGNOqoSXM6cfi6r3Nddr31sk1531/hPiWCbo3lopX2u1rTeqata19vuRzPxntYptN8JXIG9EhlgyB94DJA4POeVPA+gIyP3Y/YW+OPiP4OfB34d2Hj2CfV/hdq8DLYeJdMikmn8ISO5/0TVIl3MbQsQWkZdqj6ivw6+JEiS+HfDJMQLW10xZGGSRknGOM+mOxJPHSv3G/Yee58T/AAFh0WWC2udOs7Sf7RbywrNE6zFlNvPGwPBB3h1wR1JPU/O1408XnlShUs4z5otq3MpWjFNPpG6XN3VtDTOaVF8KKpUSnCn7OUla3utRTcfi13tdK99ejf68eH/GsJksvGfw/wBegudPu0M0dzYTrNZXqlQxSWNGby2YZDITgEgFc1z/AMUv2cvg7+13ZzNcwWHw9+LoicLrFvAkema64XiK/gAVHeZgAXABJfJPHP5rWsHj/wCBmp3viP4W3kt3oUcnmat8P9QkllsZ0fLSnShIdiOwZtiRBSoIOeBX1R8Mv2h/CnxSt0m0iefQfF+nyxSaj4au3+y6jYTxHErQbwjywlgQNvAHI5ODy43JMZltRVqLatK6km7NaWTV2m7PZ6LyZ+OwxGIwdsZltZ1sK2vaUk/eg/cTi4tPl9b8tle92fhx+2N+xD4y+BnjS50jxDos3hbUy5m0XW7ZSui69Dn5DBMmIgXzlkOSCSDxxXw/Za7qWhX40bxXC9pPA/lx3oUiOYKcAkhQpHU5GfUk5IH9cd1q/hj9pr4ya78JPisqeKtAtPBNqdMs72Ii+03UDIitc2E4G8SpzJwcN3GFOfyj/a6/4J6XXgSbWLzwqLrxb4JgupmS7jg3a5oDksyQXMCqZZreFcASAE7RyTtxXy8OMcoxGa4jJ8by4PMaTgoe0koQxCai1yN6KV3tu72V7K377lmSZjWyDAZ9TwzxGGxFOE6qpXnKhpFtTVnZ2W6VrPS25+adrNBdwRvbMk6Sn5ZEZQu7GCOCeGOeOADkA9MMe3dTKu1o4wMkDhh+IAPAXrkAHk5Gc8he+FvFfw5udywve6M8hAnAZkGwkEbWyYpVAIYMBjngFa7fRdTtvEEW+AqLsBfOgZgGRcDoCAGHowyeOBkV69Wo4ciUeaL2lGz3tqn1/HbbRGtKpCWvI1KNvs2fNpbR9brVy6bO9r72n6rFPapYamzT2wUrGxA3QvnaGJbnAzkHBG3rgk1h31tJZz/a7CQyRK/WMjfyTggAt8rdcMMhsDJ5BddwPp7EqWC7TgFcgZ5I3cZOOSBnjPqQKJncozRybH6suV2lcAD3JIJJOOvpisZP992ats9LWirqzu3ppHe+iT2Ox15xUIzg1qraq2trtXk92trdjrdG8bPax/Z9Rto57CY7HLgFomI5fBywA7YxyBkcbqvavreiWDxG2uTFaXQX91LsaASMcFkZgQBk8rzxxzkE+N6ubuG3nuLAh51ieQwS52kqCwG3kHP3RkYbPavm3WPHXiPUJ2huZfsixzsI7bBWMMjbSFB6K/T5Rj8GJPo4Sn7V+9bZWV1fRrW97Xf+Ly7o8zHV4UZK+8tu26bfm2ttfLyPrHxv4dsPEuhaj9jlg+1PaTRxxxsDBOzKcZIzje38PbjGa+DU/Z7N1as9wsdncmWYN8rBAdzALu3YIIySQRghRgHmvUdM8f6ppp8q3aTe0Z3JuZ4vm67kzkDjPGD79c+j6V8T7ZYkS+t4SpHKtDkBicllOOWOTlcggE5GBivXoJUm7QhOy1Ukm+mq5rPbR3bb9bM8asqeJsmnFtSvpa+2r2tbpy79ep8Zax+z3rlornT3S8RckCJ1OBtGSMknpggZOTgcg4byrVfhz4m0t/8ASNNuQqqQGKOq4HGQxOCTjPB5BPJ5A/ViHxP4Jv4Ss1uivIBmSNhCA2MsTggAk5+Q5zg/L2qd9A0LWfLFnf28ismEt76KMqeAATJgE7VHJLeykgA100vYyd5RVO7snFJq7spddnfXzu7bnlVMDU5v3VRSS3VnfaPW9vNaW7H42zadeW8m2eCeE9cMrdTgdGGMnnIGT0PuKhjdPlYPk44YMAWHc5yRx0Gckg88c/rF4i+DOhahhrrQrSeVsnzbBlHDbgo2b/Ukk4yMn2rxrxB+zhoHlyywS3FjOQNsU0TiMMTnkgMcdRgcdBxwTE8NTnG0KsW7LTZq/Kttrrys7djntiaU250pNW+yrpr3bPTVO2iul80rHwGY3jUttY52noWJLZ3YA449eMnp6i/HFIihmjYhipLnOFwMplTyeRk9x1wQCK+ldW/Z71i2+ewuILtiSFgjcBlAA2gbiBtG3uMZAUjkVxWofDHxTp8Za50qZxyCUOQuPQqPzBIyeOTXNUy+cFeTbbT2V49Euz+6y26aFOs+eLUpJ2jo+r93dPXfTXW60Z4ZoUe7VLxXbbkksAVBbLjOOpXoO5Y5AOPu12mxPLxuD7cgjgEYyMA4JK9Acc5xjqKx9M0i/sNVv5bixuDFHI0bP5T4SQHA3EDA5O0YJ7nGc57HNiVKhvLHG8OnO77xOTjBBPzZGM9+prlpU6lLWUXHVfEuzWtn6pv81ZXeLSnOLTu3BWvd3do3bd7X6K2+9tNctkBXeRtOAMZBA6DscsCDn2zntip1Zy6lssoXjIIAwcDGRnb0BHPXsDzpS2UTgGN0cc9GBZiSeeBgkEnJIwaZPAVChCxdlA2sF9cY3DHT5W2nnHpzWntJXV0tbNta+fW29305fwbwlCaSSte1lZXWnVtadtb9ddWiWzJWaJw7Kcsyk5wuABznv1wcjjr1xXfabq7xRDzXaZEYhUDMGRW3DGQwJBBIIOQerZINebwuAQAzDa2AGyCcdui7geMdfYkV0NnJI29XVg3Xk7cAY5wDzlerFeDnuATz4inGto9tGk9btW31t36dlobUqtWko8krO7bd91eN159bX6973fokN5eXMbxQ3RNozs32eSTGOM4znJUY7c8DdnANcNdbhLOwbayyEhQcgngfiuT8u3uScDtaS4VArFiHUfL5Z64XHI6E8D0PboBjOupyFLs6kENuwBkEc4YD06gHkkZwTweOlQVGTSWmi10WjVtrX2S03d3rqd1avKpFN2bUVtK3SN27S1e1rK6dt09eH8bNnRLggkt5mH3Z6k9Ae4zj1696x9DjJ0m2YAblTO0fxYIyDgseOoGOnByRzr+M5ETw9My7TuZAcdd5AJODyMY79ecDsaPhq6gfSbWJwoYAjecA9CQR/XqMc8EjNypqcrJJWirrXurW3d9vvetzeDaw6eqk7WbbWjcXo223fbtfT1c8B2sWXnGQcHeSMHoCPx+oGAOAxL/VNPCyWWp3tkwHmIbe5nh2kcgfLIMcnHTk55B4rpBZm5XdBmV8EsEw3AOQpIB2k88cd+nSoLzRrgWyu8HEiNiNV3kN3JAILED+6SRyT61hL6vCfLOSTS2b31Vuru/ndJ9FdnNHFVef3OdpO2kvRpu92t9em2rSbL+k/G74q+GxHLp3jLWxFE8e6OW4lmRwhyq8tlo+AeRyDyB1rsPDfxyv7jxfNrvimGHUJ9St1iuYJYlENwQOJmLjPmtwTwMnnnjPG+D7KwM/ka3aNJFKpaKQghYwgIYODnKnvtwOCeMnHCeK9Ns7TWA1hMTbSSs8WB8kIU5C7iRuAx94YByP7u6uSM8JWqujFRcrWvK1lZRdmm+qtpq/XQ7Y1sTJx57StZ6ttXSja+1tGu6v8z621HVvh3r8cfmaDJpwv5Q811ZsFeBzkkGPIGOQVGBnkAZINcN4n0TQtIltn0rVpL3T/KLcA+bCSM+XN1UKenAHzHHQceWeH9X/ALR8uGeRlNrtSRS4XzgTg45BLZzg9TjGM9O3EVtcpcWgYiWTBj2s0nmAfd3YOQQcjAHOMkjt8xj+bDVnTlT9291Jppa212Safpo7bLaKtS7cZRj2V00tLK2ltOZN9tH1Ni20Cw1WFZYLuKPgPEEY70buJEyeTg4AznPcnjOvPAeoW63erpK08So6MYgVHIALsBhVB6kDkY56ms6PTb+FQIXkiKkKDHujxKv3cDKnk+zDODgfeHbabresWNtFZXz/AGqxuGSK6hQAyqp+++OCCVJ6nGctxhhXNDGKjZKS97RK63aWi17NJOy30M4w1TinolbpFuTjpHZaX1vfXdWVl5odPnSOJJAThDIhXHyAsxbkEbumG4JBJyMYxlQvLbz3OQ7QjYHB+YsoJ5jP+yM8joD8uAK7nxW9hbXijTgYbIg7Y2fDqGH7yMDhgTjIyecevFcpFcokjrF5bRuDkSDdhWwOSOgOMcjIYZ60K83JtJ3bd7PbS/33Su9LW2Hb3m5XXpzJ7JNO7V7JtqLWuzvds17CZZonW1fckIY4nxvBK5KKcg7j1QnIPTg5NZd+0jGNljKyxgsrhyrMSTkkE5JU9sbj6mlXULK3eSFE8nIKy4O7LY3K6DJJ4OSq54PBORVS8kku4lMbljGrGFgACQAchierMASvHP04PNGlaopRScZW2Vkr8qurJvaK1b01aswurJX5k1eyWseZq9m02trbp37q94HvZZrmGO4mYMzLszwkjHI3MAcAjIVvu5HXtT9WsraITG7t1ZmIUzRkAvuUFCqjkYPcnjGMmuVa8nW5LNulaMqys6t8hUglSenqpJDLgEAAiur1lTewWV68qrFPb7diMD5bqu1W24HOfbH+1zXo04ODjZvVO9rWtfR6t3vpdp3+8ta2TulZ3V7pXSV03fS1rJJvle73dDSraP5oEdzMikxRZ2qQQQctnncvJzjdluuMHoYEvVkS3BiR4SsqcEFmJyF5yMr16YHoD05vSEkVppLhnVAhQSYOeBlScDIBwMZ69gDkV12kztqNwgeJ5BHFtEy4VtyMAHO7HKgbuFzjt2bDFJ3b05bWWvvatfJX0sm9LabilBSsnzK7tyq99HHzs0+7aVrW6n0R4FuEiWOe7uRI1zAEZpgMwSqCAImcMMEZ3L9eOldDq32dppY7bbtKBpW6OHx8204OSTjpxyMjGQebvNAufD/hLSNWEovNPuyZo7hGH7mcKQEYD5sA5BBP3sn2PMad4vN+PLvE8uVW8uJgNnz5+XdkKcKOOeDzxnkYQnKHL7tk4rmb1dnyt26K/ldLRrU9rLa8aFqU1ZTaevM7/CpX3W92ut72tI7EzlLfyozuKZyCDlQOPXhgR8pzyexwAGNcDYpEhMSk5GCSGPK55ywJJOfmOc47VCjoU3GIb+RKykFWDDIAPXBBwcZGeNvBqkjbgRKhAGQo+6M8Y3AndnnIOCM+mRn1qM01FO6000ld35OlrSerV/Lps/f/AJbaJ69dYtxt89tOmiehdiulUsH3B9pLN03KcgAggHI+ozjkd6jvOY4Yw4KqhlYBcbTwTyD94FiD7duDmJpYkZWKghwqt13x89SeVBxjnrn1OKhnIeZzExdQqr1KnpuLfQfMDyFHHBJFdkdV21V9l2vbbtdrrdJO5Ntet9NL7Nta217at3equnu866mYQLMDgOyKcc8KxJ742v04xn2PIpOzc5XcfMG7BwChPyjjqAvPO0cjOQRVu52yqSVUIDyuc4ccnC4A2kgEZBwcenGWG3MUkIVQoIDEbiSSBnGeMjCt3J5PeqTSd1frZ+eiva9k7O1rN9LaovlVk21fra1uWyt8rp6bbvR6Es8ivvUKvlFkLgHjeDjCc4B6g4Bzyc55rn9ZmAs9oGUyAzBQAhwehC/McDGQQAAQc8Z1DE6QOWVZED/d+ZSw3Yz3B4BwQFByDyemHrTKtk5CAhuiFucY/ug/eGOCRwAccVNm2t7OSvZ23aT0vvvfs3uzOrNcjbi0nH1107+d/wAHsfSf7Hyo0viiLzMIwjeQYJBTkSA+zK3P3cYP0Gzp+jSP458YWekxOwtNU85GjOWjDNvZljOd7E9ONx4wemMj9jBEe58XLv2bLXzCMZK8k4IOQeuCeMnJx2rl/E3xTu/h38VvE15ZOizm+DRqy5jcR4P7yPbjaVIzlcqQQcc1tmlKtWwXLQ5lUjThy2uubRWV1qltfz6Lr5mGdKMPaVmowVVp3Wyu+nZ6XWv5H1JHqGvWsPmTzlkiCwtBdwfOQuMtscAkEDGVXjnOSM0kviHRr35NY8OaVdQklSzwRDzCO+WGR69+Sa8H8Rfta6X4ss4IdTsrWxuEZWkurCDY0hyFKlggBCgEk4OM8BR15uy+JfhnVJdqaovkDJUTnaQxwdoJKgEZwRwR25HPzNH+2sNFczrJK11dvazTTTe2np9x1zqZdK3JKDu+umnuu7aSaW2uys1vZnuGoeFfgrrSumoeExaXEoLeZbKFVF5G5QoCk9+/Oc8DceB1P9nr4QakpXRtbu9LmkBYLcKoRScHJLAEYB45Bx3NZVx4hsrr5ba9RQ0e4yCVGVcdOVYkhhkDkqcDkZrBn164jlQNcNIgTIQyLng7cgggkEDI55+hxXo0M2zGLTblo3pJ3W1rbPVWXTTQ5alPCWsoKavFuSs+sdNb3W2tnbyKmp/soXcYll0HxPYahHncqPMFfIGRyXKgkHCjufSvMtV+AfxJ0pHYaPLeRB/le1dHZgP4lCLnjGcEHgDkivV4fFd3GzJFLKi5LB/NcAt0wSGAJyeAO/XIrYtPi14h0pEVbyZ2Q4jyVkULjGGU5DAkceoHPt6VPPKySVSKe19PKK6tLT/g6nDPBYapoouK1umrJcrj7q0/yT++3yFqHhnxborSwX+jajCQTuE1rKoUHrlgpHPBzkH0I5FYzXNxAjiWzkwu0FlVsg4yc5UnIPAzjpx1r9ALT4/W1wki6/pukaigAVhcWsZkbGAfmYMOMZx9444z2bc+J/gf4liYap4Sjt55wQZ7MKqqSMhiEIAIPPHJ7HgV6FDO8PNr2kZRd1ulO+qWq6dfu7amE8vhtCcdbbt7+67NabLa/L2s+n59tewgNhniYkKC6FmLHqSNpbp2xkA4wa5D7QI/EgmYmTMZ4YAdASNpwAOdpHIyOn3uPvbUPhJ8I/EMLT6J4qGnTl8RWd6owHJO0EjHGMBjnJyeSOT5hqf7LPiJ9ZW+0TVdG1ZNgcW8N1GMgJtVAu/5W7kElsDJyN1d8MZhavI414JSavzLlaTtsn3b7rVaLY45YKtBNOClo2mr2aaW/S1976vVbWPD1u4MlfPZSyhhg/LktkjCYwAc/TpxjNbsFxMCjJPEWEfTeORt5GM478gAYOa1Nf8Ag98RtDmZrnwxcSImSJbNGnjCnouU45GecYB9cc8DdWmq6cwS+0y9tig+ZZIZUCDoQSQRj/aJzkYxkZpV8HQrO8JRle1uXle6V3e+m/VXeui0vnGnUhF3Tjay1TUEkk7WV2+mrttZvVs9Gt7+6UQOi8IC+BISS4zhlAPHphsA/wDoXVr4rvdscL+YpdFBkf7oGcYPTkZIABAzjk9R4hb628DRBfNQgcNnkcdMEnGB8p6HAbPSuktfFEYVvMbzj8v3woYMDnGOpGenPavCxWVRk2rKSvpbV/Z6dnZrp1fS50U69SmknLXTq4uySt2eyfp5WPVh4uuVYRu7NkY3FjjaOoIHzc5xjg9+cYq1aeMI0SUQyvEQw3DzBng4zy3QYxtPqQcYryceIIHLl4VWVmHl4IAAAA6ZILYIyduB1zjmqVzfJO8bR4jBLF1V8bsHjOOAeOnHGR2Jrh/sOnJJOnbS2q62i73eqd3e/rqjanmNVJXnJW7r4dn93f8AK+30RY/EO7VlCXErLDtTlmUuCOm4HABPzLntzmvYfC/xv1fTSscdwyeWysGcltqAbcZJ4PHTAHAOR3+Gra8uo3kZGk8nKl+dzFSDxg5PODznHHrWvZ65NAJiHdR3D8h+c8dj9CTnpXn1+G8NVU4unFvreCfbW+rTa897+duulndeg4tVZrVbPVt8ttWk7ppX6b6PQ/Ubw1+0HqMbeaL9jJklwJTh3PYIGGeMYfuecentXhP4/CTxh4VvbucyNbeYZUaZtxUgDYATksMnA9j2XNfjbpvi+4jk3ySYAIKspKhCB8oIOASB+h49B2mm/Em5h1vS0+148tWZrjJBAIxhTgfMMgHsccg9D8ziOBcNVc+Wkk5xknZJ7pJ6a9PRbPvf28Pxbi3HklOTfNF7vo4Ozu9Oyto/nc9Jl8P+CNQt1N1Y2dtBNJtiOF82BCT8rsOpb1Xp2CjiuG1r4e6RoU0V5oVumopNJ5vlysjJHGOV+ViSq5Zgc8jHzE9W4KHxtCWDXsJWVSrpEsgCIOc7lxxkZPIxxjHGB32j+PdDvJRbSuJFnURpNu2pbK33lPU/KTx97hQRyBRHB5hhXFRdWpDeUXKd3eyTve9ldNWTfY/N6VBz1nBq/Tmkna8VZr5pWtfvpqVUlE87aTeaXZwPM6RxbIkxAH4ZnIBynzDkfXI610n/AArzw7GNkUsVve+Q0k7RuszXDYyqqp5AyF4wT1zgGr40uwnnkaxmjlM0QCPHuneLGPmB+bG7oCB7YyMjQHh630BDqOqXEyiYDyCQ/mRsRlhKGAIYAZCjpnpyKuFWcJxcZzhJtJwbbd1y3s293s7pd09LL0MNh4qV3F9k21dWS3ate7S391LS1zznS/hxLrN+5vbyUW5Ox4XJijKJkeWpJ2DKDkDgHoM5I53xv8O/BVjDNJZSPHeRBQ9ujhy8ikgAFMqRyCDjBx0OK9Vl8daYTLBa3ChreN4VWVQolJJDSRnAO4ggEhs5IBPUjxzXX0+4uLiaK9bzVkMkhkYFmyfmVDkMQOCuMAkgZ649rDYzEOpHnbhG65UkldNRs+jvJ3be3VLodVWVGnTUYRjJvdt3adkt30dndbJM8dk8N20l9iFNsZKeb5xxsGfukcDGfy6cV6Pa6fo1naIk8yKuwoGjAZ5GZSFYY3BcEj5QeOmc8V5/qkd19paSGSRo7hyqIm7LHB2tIEOQuTljzyRnCjnLlmuLFEjupCskigoA4YrgkBQMsQONpAUHscYzXrVpTrqNpWSXdavTVreN7u3W17915FSpOVuVqN+1rJvltpe0U+qTej9GdfNpGlxyzXkoicD/AFSqc4ZRlWI5I3KBuH8XJ9VPL3estAu0RkCSUiPKopXPdschTjvxj2AqtLqrxqiMwlcFd64OWHXA7nHoCCSOKoTzC6uTNLFnYyMEAJBjwMk87RjhWPoQM9xdGNSMrzfNoklf/DZpbN7Xtd6vZ6k0q3Lbn5pWTSata/u7q9k7eXXV9VQvLRZzNMscjzuSwUL8jsQScZ+XAPzZB+vNc5FFPE+0QMj7whABO7kFRgdTnuR29Dg+nRzJKYjF8jmNtkYChRjkDPQArgg9cnB5PNeKwknXzlgM1yJA3mL9wc5ACDcc+mOSeMAgZ9SjUnO0YQvJWSV7PTlX4N+TtbdnasWmtEv7rWybUd3fdbvVcttj0LwTcroenK88kcU19uJAXMsajPygdFzgDkY5PU5xJquqSXDLLJJI+4kww784Cbhhl/hyMnaVz+JxTfCnw78eeJ7+GLR9A1XUZJWjCPHbSGKLLYyG2bcHHzHgAfhj7y+HX7CXi/XIodR8X3UejQTMhaEgm68sEEqI8EISGySF+bG3OK7MHw/i8ZW5/Yyk5Ne9bRK8Xa8lZJO76XT37ebWqQjUvKak3a6ve1+W1m1ZreytH3XrrofnfnVNRnMS28jhlAEUKsX+YkAlVXcQDyccYJ4GOfYvAv7OXxO8bSwQ6T4X1O7S6I8uZoZI4F3HAO5wAQASSVPv6V+1fgD9lb4L+BYoZ5dHi1bUIUi3X2pAbS6r12MSpGV4OBkDnjBr6Mg8UeHfDUMdtotlaW6QRhIY7SCGJUc8ZLBQw6YwT2GcECvu8BwgoRU68kuVK0IpWbtHra3kl1fkc9THwirRilsm3u2n6eet9mfm78Kf+CaGoxxWur/EzXLTT7UrvbTIFVp0XJbazHK5YcE4OPUjgfeHgr4N/Ar4SpEmgeFrG61OFOb67ijmkZv7x80HksCwwR83pnFXtS8a6xqsvmIXIP7vCliExwGx0PHHbG3C8A1nwafqmoMJZg5kZthJBxg8E4PIBz0I9QCOGr6nDZNRo/w6MY6LXlTb0jd3tsrPR32auuvHVzeEFytt7Wje2vu3fml218lodtqPj28mU2unRLaW+FEcdtGkaqgGxR8gA5A6D8CMiuYC31+DJdy3BRm+YMWbPPyhSBwSDnrgcZ4OK0jp+n6RCz6ne2sAByxdgpC85CAHIIGc5GWyOw45i6+JGhWTCz0O1m1ack7XRS0RfccdQcjdyAOmQMktz69PA0oxu7XTulvreLslo7Lpsna2lrnl1cwr1dVeEb7vSyaVnfe66aLW3y7Ow0WQxAvCqW4YktLu3MQcjIz8oOD0OeueBxZuNZ0PSQRd3kQdclYYipdV5GNuOWIUjkc7sH5s54aGL4j+LpssjaPp52kqMxgjqCSNp5DHjOOMk4ArutJ+F+mWf+mancC+uAoLGYkgMemM5GMliMjONx4BIPRDCSqJOnDlavq/durR7Wffq9tzh+vU6MnKrXUtb2urR+Fb3afTu9LPqcZe63da5dfZ/DWkTtFvDG8mXG5TkMAWHXjaM4PfHAWuw03wVrF7FFHqMxs7coWaNfl3b8HDNkbiSDxkn+LrXodjp2l2RQWcSv5Y3BcKigng5VMAhcA8jHp8xq9LcyTgRhmZQ2WHGMAcKGG0AAZCksB7Zrtp5S1GLlK+qeiVlblur6vRvr+mnBXz2NmqMXKyaTTsm/d13e79dLt9lm6L4O8NaKYppbe3uZ8khtwyAOQSWB5J+8duBz7Z7h723tIWjtYo4XAMiiPYMAgcMx5OMjByTnPrg+eMjRSBjvMeGwu4lgxGFbIJOeRxyO/Xiobue7AdUZtmFAB5PAHAyCfxPGT0xxXfHA06Ttyq6WjstUkru7tfvou91ZO/jzzLF1Ytt2V7cqve7s18KW2l3du/Tob2oavIVcMwMjAfMgyFUk5wTnkkDac/N+QONLNNKYwWCJgDAyMkjk4AzuzgnJORwAwAxn/M+1JBkEHGQAWGBgNnoSc8g5Hfkg1Bc3vk5UoCVAGPvFcHG7PI3YHGSTjuM5rdR921rOK6X0tZPZW10u7226HJ7T2id7ylp3dr9d3830eq0bb1Euo4S0quFSM4dR1cngsM8n1AGcGpYb+R1d4pC0RY7lB2sT2OCSVI6H1wAMYxXOLdxhkDgFH+be21O+fmyQDjoAPTJAGar3OpabZo909zHYQoGZ57mVIoRjOd7MdoGN2Sehx24PPVqQpQc6rjFK13e3ZXbfLdu66bvW+p14ShVrNKFOV9EnrdN2V+sW/169+3TUzKASSDGQCwwrFeD8oyvA6Ek98EZ6+aeNPD0GrGTU9CuTpXiG3BaC9tgUjdgRxMFIBLZO4EnOfvbcV4n46/aY+H/hIy28F8Nd1CInFtYEPE7dMPMAVYFuuDg56Hv8jePf2rfG3iASWGh+XoFjOCCluu+6dGAB3yADy2ORkjbyCOea+VzLMsFKDpxtWnfRJK99ErN/C1o29uvRs+yynKcxhKNWT9jTTXMpvRpuKas3u7a3tdX7H13D+0LJ4T1F/CnxStYLGdQXtdThmjlhv41XCvKi7njeTjCtyCcY+WvAPHv7VNvbX17ZeDtFh05AxY6leEh5d/V4UwCqEEYHI68npXxpJZeKPGd8zs2pajcNn/AEydpZ3VsnG0ktgA/KCuMD5ua9q8Ofs9+JddisrzxFIttEyDc8rZnMSnjaOcNjHBG4nqQTx4VOvj8Q3GPOoJKMXq7ard2vrfutNVvZfQ1YZfhmpyVJzsr6K17q1ovo2vS9zzvxF8RPE/ja5lW/1G8vXlbi33usMYz0EKEDBzkDGTnBx1rd8IfCnxp4tmCWunS2tu5ULdSq0eVI+9838JBLEg8HvjivtDwX8DfBnhyK3ZbMX19uV/tN1yBtx0V+oz0653EdBx73pllZRKYbW3VfLAQLCoSNFBxgBBwAPQkgdh0Pp4fKruM8RJydtVdPe2t7N7br1V3ueTXznlvCikkrWa0093ZJXTfV6vW2x8v+Cv2YtIsSsvie8N64ILwRAckEdTzkg8Yx0GBgYr6S8P+D9C0GM2+jaRbWcKIE8xolMsiLkgA43E9SWA4JHbFdJPeaPo8Zn1nVLTT449zeXIyeYVHQAFtxJ7/wAXGOvA8R8b/tGaH4fjltfDltFdTEP/AKfckNGhUEZQAl8bv4uSP0rucMNhkk3ClrZ2tvor6bttp7W66nne0xmMkrKbd9Ha6V7PS1tnZPzW1nZe9/Z4LKAz3dzHY220tLPcvEjY5Pyq+MLzkkKA2D0I48o8UfHDwP4bWS0tZv7Yulyoa3LOrHgbd3PII5IPGMn3+GPFHxa8S+L7lnutTu7mJ2YCBJHht0BJJGxCgKgccjOMcj7tcgjXEuJZZyUJOIkAJwevzcscf3s59SeGrgr5vh6UlGmk00rN2d9UrpbK/R6+ltT1cPlFSUFKrJuTSXLa6Xw79Lr06aXvY978X/H/AMU6w81lo6HTLM7k8wMS0UZ42gltu4jg4wRxmvnnWdd17WJiLu+nlUuQzyMzPIT83AJJAByMcbRwavSXCQpJHNKERiAobb2AGSSxOSByrE9Op7czeavbW4LyOqLuJEjsMBfZThju4DEAEDoxA+XwsZnPSU2k1orRVrOPSPru7PS1tz3cJlUabSjS0suZ2V2/d66taNNa+TsQjSDNMDdM0hBG1S3zhe2MkqAQMEBhjI6gEG0rWtkrElYwhAiKjOP72SSGOT2xgcNgjiuL1LxrEd4tF86SJfnlchI9zH+8TjA54Y98EHoPJfEfxAhj2CbUGd0LNLaWGWyc8K0gPQA5JA654PBr5nHZypJRi22neyvbdWen469H8/doYKNJ80rRvZ8rXRJKy6uzevXyue3an4wtLF2RpQ7k5MEIEspHXHyZ2g9jyFJzgjBry7XfH0sBaZmh0+33FmeSQPdlWB6RhgVJzwWxgE968XuvF+s6ncFdHt2tllO3cqm4uZAQBhnJbbnk8k9CDitPS/hrr2rMb3UHeMSBpHku5GLKp5ARTxn81B+XaRnHg1MViK0lZSVnutX9lPS9ubva23Wx6MFdNRi5K6fM7JaWvZJpd9PW+quUNZ8eXd9MzaRBJKZXCm6vfnPUj5IiNpBB4O0kcknHSpY+G/EGvSvLfNO8U21g8pZIFVuGwgP3R3IHB5Y4bFeyaP8AD7SNKhYkLdzoMmR+YkYEt8uWVXHHQc5wBlsiu30/Q9S1NI7XR7C5u5ZF2YSILEmSP4mUKo/LgZ44rqw+XYrFWahOcnrouZ7pdk/uW+/VHLXr0aCvUqRilyttuKW+3RPvdbtu7djyOy8K6dpaqZRH5kWNjKSNxxksoJBLHtyO3PemXc73Ev2WxgeTYVIWOMtK5PBAUDPPOeAAAPTj6u8Jfs3+I/EGoWS63efZhO4HkQIGmVCckHAIA25Gc9PmPv8AYOm/AHwT8NrN55dHgnuFtt73t0EklaQpnhXDAHPOOOQeBnn0Fw3VS58VNYdXTk6js9eVrRfC2+vRrfvxrOqLnGGH5qjuk3TV0no9X3d0np0umfkXdfDnxX4gTE0T6bayQloWuiU34OPu4AyGyMkZB6DAxUen/AXxYFZxpOoXcESb2v1gcwCEYZpFYqM4w245PHzZxzX6YeBfAMvjXxdqWtatEsWgaPMI7SxaNds7eYNpjVAMg8FuD146gD3XxVZrZaBqNnYQLbWcNtIXMcCRQxQ4O+NCQuWPTOMAjsOnBBZThpzVWtGbi7qKkuZ2s39re93fV622O2phczxkIVKVKcU7N1HG6irW5ddL3tZ69up+YfwP8BaSPG1ol0lsIYBJCpljyftKLgkh1KsckgYHQD0yP1j8KadpWl6bakmKWcp8sMQVCrABhvKDPBCh8sFXnnoa/JGTxbF4S8avqTMINPsdTeUlAPnBHPIGCWHynnOT34FdD4j/AGqPE+sC40/wfayWxmVoI7mLczrGDt39MqW68EDqeoJPR/rJTwlNvCWpRs4ysrN83Ld3drPS12/1YYfKsPF2x372qpXX2nzPlura9tPd2eml7/qP4m+LnhTwZaSXGs6rp8Uqbv8AQUkQySOOi7Qx52ggouRkdM5r5B+If7Wxu4Lqy8K20965bECwgrDE3RB8mD14YEtgkg7c18RWWgeMvF9yLzXtQuwXkEt1dXkshCo7fMsSN93KkAYA57/KTX0tar4P8JaFLp3hfS4tZ1eezWK4up4w7JcOvLIWBJbJJULyAQMEfNXwOd8aV4VFCjVlXqVJK6pzvGCbi7zlqlZJX0XRJbs+nwWW0akWo0o0IKN4txvKd0mvdW/d66fgfGHxG+I/xD8XahPa6vfX4LybhCHdIoU52oozg7VwMkY6YBAAryNtKvb+5dVd5SVCObhmkk3ZGQo68nOAp9OCOa+/vDv7MXi74hTXOsXTzaVYyZlmurq3kghhQc7YmcLgY4Vug6gnNdHN4a+A3wOjaXV5l8W+IrcFmtiySxrOuWAwpdRhl/jHvngmvQy7NqNeCTl7StKKbjF81m7Nryd+rfy0uebi8orubqybp0YyTUpvlvrHZJ91pbrc+T/hl+z9488aSQw6Voc8Vozrv1G7Uw24VSCSrSBeME9CM+4GB9daf8HPhX8Kil78SvFVrqF7HAGGkWUqFBIgB2Hk9wQcdSQQc8Hwjx3+134r1WKbSvCMEHhnR40eONbNUinWPBXOFC4Yp90jkEdsV8lar4o1bX7trnV9Su725YuxeeWR9zHJAGWIxk9TxkEAAcV6E8JUxTTnGNON9NdWvdavoktO2ltrPVc31rB4FRjTj7eemsrJaWu9dLO1nbV/l+kms/tWaBo8cmkfD3Q9O0e0SMxW2otFE0524G5HKh9xwNpY5UnHavND8V9T8SbrvWNSuL64uWA3yTN5aqQc4QNtGfcYx0Oc18P2lw9wdjyH93nLMTs5P3BggAjPXueMYAFdZpmquGiiMpVYRkDO3JZuA3CkjsDwM45GSK8zFZHSnTk4u0lu0rt6rSzemiW3zQo55VdWN7KN1pFJLeKV7btK6VtWt/P7Itdb+0wvaRbZliDS4Ugqp2ZHBHHr1IAOcCvMdQmmuLyRyCswbGwj+HnGD6c53c54wCDXE+GfEeqJqA8hXKupV8KCpQ8Ac4U4HTJGeo+YYr0HUYrZZY5FuQlxN5P7sspbceq7QTgliQFIxnA7188svlhqnLZzvs0r2s4p21vdK2zu2rpLRr3HjfrNFS0jJab2/lSabs20vxu+pQj05xcpIsrNIsZJi6EHkjAHQAYySD/CfWtW3ikvp4zJbNLcRYjijgUtM74IUmNBuOSQSVGcjPJ6fUnwd/Zd8b/E2e01Rt2g6LIFMl9dgJK8XBLonyttYZ2svy9cnJr9CPBfwc+AvwND3121p4h8QoimS4vxHcuJFyzrDDhkByQAxXPQkjBDdEMNUqSaUG5LVqMW22uW1la+lrv10tYunQm4puUIU37zlOVlpazs9e/bXS1j8wfDf7PfxW8RafZa+PC95pHh66uEiuL+/iMZSN2x5ggYeYygZYHkH6iv0B+Hn7Kfw68H6Xb6p431RdXEsCXSrKyxW6ZQMVCkhsDaAAOScbupx6x4n+N2qeIbM6L4U0WO10uWJ7d5riFViRCSA8UQXYpXgjABAH1xwunaZLewRHXdTuNRaNWCQtI32dAeVTGdoA3Dg44GD0Jr0sPklfEK0k6ae91ql7jaWvrutHfXcax2X4NpyksRNapJ+6rcvRO26Wlt7rWxJrvxj07wvHJ4f+E/gqC4e3iFtb6jFbBY42CkCRXEasy5GQNyg4HJI58i034oeNr69eL4mSX1nFdNKbZYmPlFFJKRhBkKmf4iqkgA4Ocn2dpNL0uOWNYbeJGB2CBQhZudqngPx659CCRXzt8WfEVvd26ok8aiydecDzSM5eNZRgDg55zgZ5AwB7WA4Vw8alOU2pPmi7yXW6sv5rPW22q0ucWN4oqSpzhTTpRs0lB8vLdRSukrve6u10fVnttj4u06G3Sa1tIYIn+5PNgkqCMsCWb72WZeTyFyRg4y9W+I8gjkWyfdtDL9qkbbGg+bLEkAMowMDkgYIPdfhHxZ8bNI0O1RRqsPkWyKWtUm3uWUH5CNx2hjnnqAfrj5p8bftSarqUAttOZljyVigg3ImOgMr4+Y8Z2jgZ6dRX6FRp5ZltOLnKC5Yq1OPLeTSSeivZ32u2/1/Pa9fHY2pOMIz95v35ppatK6b6d2tdeh9v8AxC+J0DRTtfa2igBvMnllCwR7CdwjBPzEDAzz14yeR+dnxK+Ken3N61vos8upXG5g92xYwpnO4I2NpAfBUjJwc7h8wbA03w58Tfi3c+cIr6a1kfczN5sFjFHnl2diquACQcHLYJxgmvXNO+EHw28GLFeeONai1S/iAY6Rp7eZ8ygARuEJc/McNkA47k5I5MZn9avSdHC0/ZU38MtW7WjrFLRb31vJt20vpphchhGaxGMkqtRtO0tUtrKz3ta6uu2x836Fp/jDxRfNH4esb69vJ3/eSW8cjBC2eWc7lQbedxYdeCpwD9C6F8A7HT1i1j4q+J47JUUTSaPDOs17LGeSm87wCuRuAyRjjn5q7BPiHeujaJ8NfDkOg28jfZ4ha2xl1G5B+RQgjjMhZgc9Dgnjpk/UPwR/4J8fHv47XdvqmsWl14X0eVleTWvEjSo4jkO4vDauN20g8Ag+ucjnwaVB1m51m5rmTcpO0W9NXdq76PTVWsu/rTnCnaFGN3ey5VotIptaPbro9NPX5btfiL4Q8Dmaw+G3hezDzIYYtSvYBcXcrk7N6hlZw+DnCYGSR0r1T4Yfsy/tG/tIask1nousR6HO6ebqepLLZ6ZBDISfOQShFkjUcqEBOPl9BX70fBH/AIJrfAT4TpZXeqaT/wALE8WwFHe/1OMHTba6C5ZoonJjMZO4qHXONvfk/oPoXgrStMiisY47Sz05IxHFpOjQJbwRhQNsTeSqEkEDpuXOQPfqdXD4dRi6iskrQppqLvbRtK+3V23W12bUMLWr6OOr2b2W13ve1ujaVnorn5Qfs9f8Evvhn4DS01H4iSTePtfVo5Tp0KsNLglChh5hx+8APHzkgdSMEV+tnhP4caR4Y0u10rQ9L0vwzpcMaRx2GlWsUDPEoBQSPGAZGCgAscgklvmIrv7DTYUhFtp1utnFsCMhUhyxAwwblux4ByAB/CcDSt9NeOVRLL8ig565IBAyCeCueg5weQx4x5+IzWTXs8MlTg1aMm/evpfz2u7PXSzPZw2SxVp1mpvTTRRuuVu2ivrvZdLO/RLPSdNtIkitIR5hB3TSjJcjguWYA9BxgjJxx6aCRrHINzjAyD824t1+VAc9+69f71QXU8NomWkwqAjdINqxqegPQEksSFxg4OeRiuA1vxnHA6R2sQmnAceaCVjBHUhsBQuByG9QMgAVhh8Bi8wmmlUndpylO6TT5bp7X09ba6dTtq4/A5dD3pU4SVrRT1dktLJ/P59Nn6C2pLZvtbCru+VchpSOg9M4HcnPAHB5OTeeKpF3LbZy+QwjO+TjGQXPC855JByAMkcj528Q/FHTdGZ5dU1SEShd8sUUoaUk4wm0E4A6FhjJ6bivPgnib486rqMc9roULWFoMqZo8/apwTgBR15HJJZsjdjBwx+ty/hKnFxlUjzybi3zL3Uvdba0tK2l72T7ny+O4ulU540rwjHZ2aVly7arS1rJW2fWzf1Z4l+IGk6MssmrauGlbJFnBIXkAwRtYgkDk89M9j3r5b8Y/Gq/vJJrDRVFlAxJkeN283aCcB5OcErnoQeuMV5BDZ+LPEkzTusypcEkSzszSZYtgEscgcknBx698d1oXw+gsCGv3N5PIFZiQdgbk/MT1ABGDjHXrkY+twmTUKMo2hZppdlqor3U9E2nfe+qvoj4/H55Oqk51JXb7t7uN210T17rXqedzy+ItcnBgiluPPJWa5kL4bd1IaQkgdTkbeoODyo27DwBKzrcajI0rYGYFBEYGOcsTggH0B6ZHQ59oXTbW3SO3jjUAL8qxqAAvc8dSeBx0AHcgFJbY5deiqpKrgE4wOmMkDr1UErwScYr6Cnh4Wir2St0v22uuyvpe6t8/ErY2q4+65JNO9nfsnZvbXXqtbJIxNK0axso0hihiiV8DbGOmMFgTkscnvwOcgDPzdLHZRpIHKqFQ7kzknjbnBOVHAxgjGRt7YrOtyqSBnICxlRyPxOxVyM5OBkH14HIludZhthIWlDLhlAOwYI6jadwGOMLkZ4wAcgdcoRS91Wulq2r20TXq7qyk10d7b+a8RUqXim5Nabvooddr6+V310N0vGzKWOwEBUwFyHzgE8DHrz1AOeuaxNU1H7IrkuvlnOQMEjHYYwMEcE55xnp15C78RgiQIyorDcDkkqScDIB55yeMtn8647VNbitYGuL28jiQAM7zSBI1j5LM7OQu09jk54Oc5xz1Jxpq7krWTaXw293W/372uldt3udFCjiqqinok/etrf4baWuuurd3dp3sdu3iTy0bMnmF1LEEcqMZIBGFPHBwOQM4rh9W8RBITPcTCC33Fi0km1UQcMxLEJtwMtk9yPcfI3xS/a38B+Bpp7DTblPEeslTHHZacxm2PtIAZkJAAbBbuTnBzkD5A1bxf8AHn473DwCW68JeF3YkQwrJFNJC3ZnARySpGFBIAORwK8qtmsU3ChF1KuitBK+llo07rzs7p6ea96jgHGEZ13yq29S7urLo/Xpt8z65+LH7UXw+8DPLBDqA17V/uR6fpsnnSeYM7Q7ozL97CkEjvkE18c6r8RfjV8Z7pl0y3n8J+G5SwLoGFy0BJ9QMMVORtxyfXr6T4L/AGctD0Mx3uqwnVb9pA7XF4GlmdwSXZt24BSfm+bngg47fQWneGLax8sW9usEOMJHEgRVHPO3CjAHTA4xgZ4rGlgsZjZKWIqOEHZ8isna6tdt6X6d7Xd27lVcfhMLHlpcspJLVJW6O6TTuntrez0tufOfgX4IaXpdxFeX9vJqupSKJJb/AFIm4kMhbJbEm7b8/wAwHGOO2K+kLnwBaS6WsE1uk+Ap2Iu5ChUkqQeAAMDpyxzwM10tvYi3fcjBd4VeQT6ZwAOOepJBGTx0FdrZSJHlfLUkKoU8lSCuDwx5B9hgDA52nPpU8upUKcoOKaklGW1ndaK1rvZ3ej0umedVzOrVnCcJNNNcvTs7/K3Vray10fzv4Ltx8P8Axc2jzgx6PrgBtFcMixXDFSFAcHALNtwpPpuyK+iZUdyHZAiKeGBAYlVODgDndt4PJPtjA80+KegTalpRurICO+0pfttnKgPmFozvKDB4ztPOTkZ4O4FtPwP4tXxN4ZstSEuJooWtLuKQglbu3XZIXXGVLEEjPJ4J68cGCbwdaeDekHepRe7XvRul10e7Tuo9k1b08ZCOPw9LFxX71LkrXSb50oJStZ31ur310+XaRv5vGQpA3NuOGIBwCB/FngEEDg54GDVm7urdIwGmClVJ4IDLkchjwMnghs53HPvXJvqEgk81cKHGzvjA6ZzgEn2xySQc8VSkuzJCXPLHO4MRhQDu6ZyMHB4wAeoxxXfOrLq3y36X00i1a19+i87Xtc4qUVpZJvd6NWT5dU/hd73srNOzbtdF9tVVJGRzIyqn7tRwU64J5G7gDPB456VRub790XCYRXO4kjcccHABx8xIBHTnOeMDAuroOqsCFZSAXyVJUHoo7jjg9c4JBrnr7VgikxyPsyMdOozkkg8Ac5OD3IPespVNpNvvdWWyi7ttWtrqkt9NWtO6nByatD+VrbrbW1m2t1a3bezOlu9VAjDx5RyzDgqCBx0GQcYPIGOOQMkCuUvNTCs3lsXdyC2OeOhyOeOMdeD0rzPxb8RtE8OxvPqWowpIiki0STMzsT0CqwIHTgnueQDXznrfxj8ReKpjYeFLaWygkPlLKI2lupVY7T5cagkK2AQSBkEkZ61w1MfQpP4nN7KN7yv7r111at326M6/qzmlde6rNuyV3pu1q77u91G/ZXX0r4q+IWieH4GmvtQiV1B22qMrysw6qUBJyeB369s18+638XfFPiMm18LWzaZBKWhExQvduCcBkQZ64POPvEc54NPTfhtczCPUPGGp/YPtBWTbdM11qdwzHlILcBiocnC5TIBBA7V6XHpekeHNOe7QWXhHTVjyNY1krLrN6AvzGzsOZEZx9xnQhdoycAmvKxGYcqc61aNClu5Tklo0tJNuLsl1dumux00YNyjTpUpVajskkm7v3drKzsr7ei0PJrLwPdTSDUfE188V1P8ANuu2M99OzMcJb2uSwJ6Adh0wOK9QsNG0/QLFtQ1BrXwpYqnOq6ntk1i7jxz9hs2yYtyHCF1I6EAGuC1T4qabpglbwjp013dlXWTxLryLNcuSBzaQPujhbILJ8inOD3Br5w8R614i8X3bXer6nd3Z3Eq08kmEUZOyNAQqpg/KAOMDGBg18PmviDkuXt0sE443FRuuZS/dxd4q19Fo+q06XPp8FwVmmOUK+K5sJRfK0mr1GtHpHRRutnJ3vay3Pf8Axb+0P4f8PQva+ANNMl4peObxNrBF1qMzHCl7WJty26sckFVwAVySPlr5i8SeMvEXiy8N5qF7d3EsuXeW6lZucdERjsRDkkbACAAMkZqkuiK26bBkIKgKdxcMCCTnHAwMnHIODjPWaSzV42jQkOxwFJwvB+bngkYHcfKMctX5Tm/FWZ51UaqV6kaV7qlTbjBXatez1srXb3Sb7t/e5VkWByqC5KcZVYpc1Sdp1JNOPWT0Tb2ird2ctKEEbNNM7kNypY4PXAIBOSOGO3g8gZ5zWitXkUxpEkiv8znBG0cHlhjBHuTjrnoV300lppgGyyIGDAKB8wJ7kZLEjr8xHGR1FbX2OK1VsHy1CqojA3OxPduOQTyfYhe9eBKMYxfMk9Xdt3stLtvZXv0uk7O+x7TxEpLlUVGNlypPreNlbXR9la11urX5R9IZkKoQkYxnZyzNgAnOc9eWJ465xVeawit06BW2gAHLEEYGW6kEngcnBIGeCa9Z8O+CfE/jG6isdE0qeXzSq74oZCqFsAElRgHIB28HODg8ivq7w5+zBoXh2wXW/iZrVvp8EaCZ7aeQRyu4Gdm1ipwD0wPcZzk/N5nxDleXzjTnWVTEtJU8NR9+rKbSVlCLlq+9o979X62W5HmGOimqMqVFJc9asvZwSXK9W2lp012a0b3+FdD8Gaz4imWPTtPuZEO1d6xOdxY92ABAzyRweT3GT73pHwXTQbE3uumCKRF35lIVkbA4CE7mYHHJB7gdhXr3iX42+B/BsMujfDrRLaVoUMQ1BokO4bSnmKxU5HdSOD8vTJr5c8ReOvEniGZ7rUL6WSJgz/Z45GVFLnhdgYAEDjJJB9OcV6uSZPxDxFKFT6rLLcDJqUZVrqtKN4te59no1vs9UiMfi8iyNzjKtHMMZGyUKbi6cGuV259dnpo3bRdbPtdV1/Q9OjeDTI0mljyrzAYw4AXcrYwRnJxwQRg5xXBajqk95gtIzqyhTGGJxk56J0wvXgjBJz0xzYUzMGGRGfvje24EkBm5OTjJHODjORtINadvbsJUCk+X8zMQckBSeWzxnGRnvz05r9jyThbCZbTTnerUsk5yS1bte107u17JJ6q3ZHwWY8QVsfNqKVOGtoR00VtLq+rst1ulZ33hZ3JGIwFUgkEZaT5iAQRjAJ4yf7uTxjFiOElncRsGBByTu2knk4HfGQRjkHjGOdSO0e5YJGolXlQ2COTknPA+VfugZ6jtwB0tr4blCrJISFxulQZySQCE+bOQMcHdjBzuPGfoVXw+FupTiuWKslZppcvRduztpo7PQ48PluMzCUZQpuMXK7cl7qXu2ve+qe3TbUx9Ns3uztijZpMKgXaAOhJfHHYdTjofpXaW/hi3VUkvHAYAHaD8u7kEt3BHYdfbOQdLTrSaKSC0sLbzrmQhUSJC8pLnAQKoJZjk8AHPPBFfb37Of7DPxm/aH1KJdL0a40bRo5kGo6tqyNawxRswJZUdVZgq5wAOSM9/l+G4q4/yThnBV8dm2Z4XL8JRhzSnWrQjNt8rSim+Zt2soxTbeltT9CyDgueKqU4U6Mq9WyTk1anHazlOS5dFe17LdO+h8TJZPJPDa6VaSSyMAAsUTO8jHhREFG4k4yehyOAMjH3V+zj/AME7Pjj8eb63vv7DuPDfhuYxvLrOtQvAnkcEmFJRG0ny4KgdgRxkg/t38OP2L/2UP2QtBi8VfFLUdI1/xNZQRzyXesyQ/ZIbiNdxFvaOSZQWzhGUnnjNfMf7Rv8AwVgsdNtrzwd8A9Gt7aCJJLOPWlhjt7aFYwUVraGMBFRQAQWJAwMYwa/lTM/HDjLxDxNbJvCfh7E4mlKbpVOJ8ypSo5fSTaTq0VNJVLJOSu7uy93U/VsNw3kvD9OGIzrFU5SjFOOFpte81yuzivem7+7oktXdn1B8Pf2bP2NP2GPDsPiv4m6lpPiLxjYwiaWfUpILiRrlFLhbWzZmZ8thQSpxkDAOcfHX7Sn/AAWI8T6zDfeEPgJpkPhTQYlks4tZWMJc+SF8sG1jjAEYKBSDgkdzX41fEP4q+P8A4q6xPrPjPxHqGs3U8zuyXN1K1vGXJLBRv8sKmcDGFIBIJzivKbrVbOxfakhuJkY5jQlkU8jhjk45Oe55PQV6nC/0dMLicfT4h8Ss4xPGOeynGt7HFTn/AGXhJtxlyUsO5NSjFuyU7Q0+A8rNuO6kovC5PQjgsND3Y1eSKnyq2iUVywbfX3nro7p29A8a+PvG3xH1i613xf4h1LWdRuJWmkuNQu5ZHLyHOVErFY0U5wOQBgAfdNeZz39vayTRwqLq6KhTGmWUt33SEk8DJ5Hrj2ybzVbrUHIeZYYo/vKh2uvX5dwGSw5OeRjPIPLYy3jLK626fK2RvAzK5AGASRgEdyMjGOeuf6QwOXYDKsNTwmAw9LDYelHlhRpU4U6dOMbaKMFaKXwpJWTT3Wr+Bq4ytiakqterOrKbvKU5czbum73bvra35M15b+6d8XUnkqXUJbQnZkr1VmBHPqDnPzA5WnrdOhaO3RY3bDOAA7nHCgHDMMYyxzjI7nBBpmjX2sXVvbW1pPc3UzAeVEjPJIScYUL90nkAN9cHBNfU/hb9n+LTbVPEHxC1CLw7puwSJpzsv9qXcYAJj8rO+NmBAGQB83QcGubG5lhsLTfPK87pRhHWUneNrRV7/drrfSzeuDwdbFzSpq0U1eUvdjayvv2Stpq76dn4NoXhPxF4pvbe20qxnvJ5nUMYY2aNSxwTLIPlRV53MCDxj1x9T+HvhV4H+HloNX+JuoQX1/FGJYdDglRhHKG3Bbggktk4G3HGSACcVh+JfjNoPgyyOjeBLK10m0SEwm8KJ/aFzgFRk43AsORkgc5wM/N8l+IfH+o67cSvLcTTSzM5ee4dnZ9+VG1SSE28HAxk8j71eBJZlmc4tuWDwclqkl7WaSV7yteKv0jrp6npe0wuBi1JRxFdOK1/hwtZapN7LW2tnpp0+ovHH7QCTWkui+FbOHRdMt1ZLeGzRIR5fQSSugVnOACOc5J6AV8tar4xuLsuk93NPPJIWl3SMV+Y/LznIAz0+UnvznPB6ldyLErCV2bfiZvMO0gZYkjr1OGB6n7w9eUkvyZZXR2dWX92q8YI+7kgZb5gM7ifTgZDerl+VYfDJulTcpNayldzctLtuyv5XtoeLmedVuZQ2XaNrRVlZJaW0t3W529xrjrNJCZcq2VABySSMHOBu2+oIDY6Zrhdd1OYXkaEAoiKqrg5DPgE7sdRntwAOmOu14T0HxH4x1W20jw9pN5rWq6lItvBaWMEtxOxc4+YRqxVOTliABxnPSvseT9ka3+G+n6b4m+PXiOx8KWkkkV1F4Ujnim17ULY4Z4vIDGSEuoIwwXaSDwMmvdwuDfOm0op6cz82kvv6aedz5TFYyrXhy3duZarsnfrq3orK9uyPmr4bfCL4hfGLXbXQ/CGjX2rmIIJrmNGWxtIycmW5uXIjiijBJZmYZGe9foHYeDP2Xf2RLBdY+J93ZfGD4siFZbbwXp0qTaFpF4q5jXUZkLrJ5TY3oDjcpGCK+dPiP8AtkyaNoF38NvgXpEHw18FRQ/Zp7yzjjTxFrIX5Gkur9VE6CfBbYsmBu+7wRX56a14k1DUWlvbm7nmnmd3muLiV5rmeRiWy8jFmO7nqQTzzkc96oUIaKKnPm3s+S9ou3d2trbTzsrnFVxkaK5pSVSSiu99oq2m2l0kuv2m9vsv4+ftm/Ev4vtJp+oaqnhjwZb5j0rwb4ZA03S7a2XIjheC12ecVQKrNIGJIznOVPxTc61NdxyiNGC/MxCtyWJ+Xc+dzbiMsMHnrntmabpmra5cxRwwz3FxdOFiVULPgnA2quSRg8kgEAHjIOPtT4Ufsm6/4ggTVPE0qeHtDiVZpJr0iOWZT85ZI3OSW+6AeQxGTwCaUEpJTldy0Su0k9FolpZWVurV7WR41bG1sTzKCtTju29kmtm7LdbJfmj5N8P+CPE3jK6t7Wxsby7uLmVFjht4ixyWABIAxGADkFl4PIxjNfdfw7/ZW0zw7awa38S7uOwhiCTJpgdTcysRvIlAOQT93GOCCMcYr37RL/4f/DSwfS/AOlwXV7ax7LrX7uNXlaRAFPlZB4LA7DyFAUFiASfHvEXi+fV79p9X1UvLI7SvbhySpPSNYwcRggdxk89816eEy+tiLxjG13G1lqldJ6dL6at6rvs/AzDOsHlsYynVUptbuV3K+uquurV9fJq56TqPjLSdCtzpHgXTLTRrKCPEl2yhbqRABlmIAZjJ1AbLc7RkV5RJ4ojXzzLLJqN5LOZGZ3LqckYyTkYyMYwRzg89eE1jW57gT28Z8mEyZDg7pSnPLMMD3Ktj/ZPXFbTIhNcxBJG8qRCCSMtnOSOCMEnk8nIOflxlfsMJlap04uoveSSaT1101eqaW9rb9Ufn2Y8UTxVadOjKXJO8klJRWrSab6rVaXenXcveMtcvryeOObckbIFCxthfmClQxyu5VUgnqMkHBGduLpFmJr20JPmOtxGqonzDduBCnqD0JIII4GCOK1PE0O+a32kDYFQdCDnP944+UqTzzkAcZ5veGIIbS+tTK6gNOJDLJ91fLIywJ7Yzg4xjGD92vbp0f3Sajq0l7sXzbLpbr169km2fFV8bWljeSdVuKmr80rJR93V6dm97NPujqLjTiE1kSoFcD5FXAAwMbcDJ+Y8Zweq9Acjh7S0aICeTbECpCswwTgjgD727vxkY56Bq7bWtYb7Ze2+lxfapJ5IyJSCduzAyO3JJ55PJ5wTj6V/Zq/Yr+On7TfiC30/wH4S1G7s5JEF5rt5bS22iWCSY3yPcSKImKjJIGSQcYyCB9TkXDuNxyThT5KXuznWn7lOnCyu5TfLGKt1bTv1PgeMONMqyiTdavD2tN8lOlT96rOTatGnCF5SlJpJqKb6vR2Pl6BNS1GSOHTLeRRIotxMqs7ybhgiJVGSzkrg88446E/p3+xj/AMErPjt+0fqFlrV7o1z4K8Bs6PeeJdet2gkmgLK0j2MM22WUsvKOg2gDnoBX7f8A7Pv/AATL/Zg/Y38OWnxI/aM1/R/FnirToY7w2+pNGukWd0gD+VZ2Mjh72RWIGCjJkY+bINeMfta/8FetP0HSrrwP8Dbay8LaDbI9nb31pFFBcywxqUH2WCIKlvEFBKkhT0HHJH6blWR4ahH2lGNKrGnd1MxxjdPAUWuVN04u08XNP4Uko8z3fX+fOIOOMxzSqsPh44mNetL91lmCiquZVYzUWnXlG9LAU3peVV88U/dimj7Q8IfDT9hr/gmh4Qj1PUF0fxJ8Rre1V2v9SW2vtXmu0jyRZ25En2UPJyG2qwHcMOfxz/bO/wCCvfxR+LtxqPhnwbqD+D/B6tLBBbabM8d1dQ7gkYuJoijLleMDG3LYXgV+R3xZ/aS8Z/FPXLnVdX1y/v57iV2ee9upZ5G3sWkZdzNtUgjAXaAASMYr51uNRVrlpbuZ5U/eMAWIPmEk5kJBzk5AJ5OO/JM47PcsyyTqYaLzDMINpZji1Fwo8rVlgsM706EVZcrS5kktnq+7IOA8+zaMZZxUeXZdVkpPJ8A5XruTTTzHF39tipv7ScvZ91bb0LxN4+1/xLfT3er31xdyzM0pa4mkZSWJYs5cl3djyWZvlJxsHGPG/EOvuoLI5MmWDSBlAKA8gcABABnA5yPeuf8AEnjiC0kaAN5igFmYyLhQoJI3A/LgDAByenOevzf4x+JEskkjWkyJHCCpCkElt3I2nIPBwcEkHAPGCPyniHi6riJVJVcTKpWlK95SbtZp27W1t16JbH9G8I+GtDDKjGlgoUKEOVRUKahouX3tvPV20111u/ZpdSt1ljuLi4RYyxO1myxOcAjoMdQByP4c5yTzfjL4l21tp5SG6Q3DArFArgFNvCsxUk46AgjnH3Rnj5q1HxbrOpwtJGs5lHyQiMEqMjkoF4z971b1OSceZ6lNq5uFa6W4LnlmkMgZtxGcDgYOcA8A56DNfl2PznEYhpOraK0dm018LS6K99delj96yjhzA5cko0Yufu+84rsrp7PRr7rO92d5qnie+v5jetciWZGOEJZgSeDhRjp0xtOecEg1c07xndI3n31jFMsYCEBQrY6BgCM54BA7Hn1rz/SrLU7+6SOKF1weGEZ257bgRz168455ODj2DSfBEsgS4mCMgwsisSMuSctjuNx5P3SMYwRx85WxMb3nJybd2r9dLO2jaWi0SWvrb6+hhnPSnCyVmlZ26WvbWy002Oz8K+LLO/dkkhaF2I8pCgJzxwflz14LZ6d+K9L1LRLe7FtNN5as21kIAUKHwSCpypO3J6BSODyBnk9A8MaZaXAuY4l3RIAQTy25cHH8JOOnevVDbK8EbiNQkKqCHOWwwJ3YJOMEHIz0OB1rx61RTldX7Je9K22u1+q7ab7XfsUKK5bVEtEnZp3SVknaK87d7avUbb2VjAIrcDMTIA4BAXIHXd6Hr0z15z1xNbiEKs1u5K/cwRnYA2OCc4J7HkDvnpW3GnmMxyEZS2xCBgADnj8cgZwMEjIJqrdRm4WdVBY9GIBUFicfKMYwMfQ8EDHFZQk4v3nF3krWu7WcU1rfVNbNvd6bmzgly8rVrLZW25Vu7tpPRp9/U53RjKsvkyBmVm3gkbcFlznn8uuR/dyBXZTmRbZI1XAY43Muceo3/eAGTtJI3Y4z25ewUxyujF2fdgMOTgckg49BwMc9s11Uhke2UEuFDDaCBlv4g/PQD+E7c5OPr1qSVn5JWeurtZ38tlbfT1KV0tdLLV9Vazsu67dHfboY9uyWtymAHYyHcpAIYsThhwMYJ57tjj7pr0mxuR9jQLApkYgDkYck5ORxwNoI688DGK8+iEbTHIJfzAEbOOM8Y6565OMcE7sfKa7S2tGJhIlUFXxIu/BXkgNwcZ55PTdg4GanTmirO11Z6K7bg2rNX6q93Z6vujOUueMo2Tto1y7P3de76badr7HfeFZzFPNG6MN7fcAyrEdlA5GO4IOM47ivVrS58uFgwYM64LbgRGVPy9AT0IOMYxkjIya828ONYW87PcXiRFCpV5SETAAywJ4JPTuDkYHrP4h+IHhjRIZxJq9oCX5jR0kdtp5ZdvU9ABg8jp0B7Y10klHmbW7jZc0tFfSza3V76Nvq9fHq0lG7lazbetl0jr+aWm99mzrNQ1Q7JbVo42VhtDkhS7kf3uOuT8vTIPTnGXaaitiLNjAsVvHIztLM21EZTnJc8e4PfpyQBXz54n+PWjRx+RpdnJqMp4SZl2RxkADJ4Q9QSSckjvyc+Yx+NfFHjdZrS8v3trC3kMht7YOm5ASViR1wGYqCAM+oAFexldPE4nExhTTTk01e6slyuzWj1ab83q+x4Wa5hhMBhKlWrNOCjZ3slrytJJu7bfX5+v2f4j/ac0TwxpVxonhW3k17xDdsyOyBjb28jcbSw3bwmSwKNyQOeAo+XrSz8YfFLxGdQ8Z3ty9oJh5dpO7KhTJJgt4Sy7QA2Bn5jn/dBu+BtDhhuLyWCxTzQ6C2nnQGTJHOQ3IdsFgRk9B05b2fwv4YvJr9rm4MzSQSNIjgYUO3QKFGMDGQuc4wRgYr9oyTh7FZnDCvHTqVKVNxjDDwTjT5YuK5pvRO9vJWau1c/lfijjPL8lqZi8qp0qGKqqdSpjJuMq7lJJqNJaqEVdarZ9dLnIeLPB2n2Wk2enaJpUVpHBIWcRxjz5Y1GH3uAzEk5JySfT7vHpnw90l7HRo0dMSNGrIhUkoCxxub9c8ZHX7tdvqegpJp5f5klttzyysA27jcVXOGyR1JBPBIwc1P4diMMDByGVwpiC4AA4AHAxkkknB52ZAJbj9Sy7JMPgccqtKnCCdKMUoRUVFLlVlZLVNO91Zu/U/CM24pxea5L7DEYidaf1qpUcp1HKTcrWavq9/RJNdHfzP452mfhb4mycu1izyEgkjgkYUA9ecn/AivxiWFy7hY1Ysw5I5K9Oe2D+eB14AH7XfG4B/hv4p+QLu06TqOQF3AMMjnp3OcA4OcZ/FwTeTJJj+PKgBcjd0ICtnGCTjpyc+ufxfxli/7Zy9x0thEla2jVR20066frc/qL6Nk78LZkqjk7Zom9r29jTu102Sv6JDTpjLISUI34CSZG3ceAcZAIXnIHXkbQDuCRaU28xySAGPa3PAcjAKqeASG6Dn8lyZ11FypV3XIUGMADYD0H16Y7YyMY4xXW6lYO7FpHMh2HZxuIIOAQDgclTjggk4BxX4nJ11zKytra2js7W/z+GzR/S96aV4rSy0dldWT7Nt7enXylvUitVRBIGkyzY4bHGRgnJHPYZ+YEHFYJBmkYs+CDkkjGCQAQMAdAc4wOgwMip55ZHcs/B3YZmxx2xtHUnoePX15hEqgu/lj5gQcn5cnGSSfvE4OOwIAHTFOnzqPvK7+0m3/AHdl6Welr8qWt7qJTu9dLWtvZ7K9/wDhregqlkfyg4QchDzkswJYg4JOM85+Uc5A6jcLKLdFLMWRsJgcMzY56nGCCxPfH1rLjkdxGUiV5OQCNx+U4JZlUEL0OeBjP5aEMvlyFZkEYRCVb+EEgk/e4YE4KgZwAPrRUvdXTt31s9lotFpu7P1dy4STvZ6bK26tbqmum7u2tGlqkV7hpZpzGTtUKS5ddu4lSOduO+MAbRyeMjcY7ewjlnjtwgDuUyWYfKrckDLABmxhc9yBweKtbkZzK5UyOoCliuDhht3DIwcHp9DinhmST5UYzBlYOoODxkbc8Ads9yeMdS1K9oq0dF0v2Wit3e767O9rk2km3uu7bSSSvbTpbf8AG+htr4XumvY7aysJ7mJwvzBC7KzYDZC8HaSTwCBjB4yR7u3gdbPwVKbOO2udTET74SALuFgQWbHXavfAHHyk9C3CeFfEt/oKxXCb5LtmAJkCum08kENk/L1JA9BkkivT7Hx1JfXflwpAhukcXUjxsqsW644G1cdhg8dOuOulRjJWqLmb0V9dWo6pvV2a1Xnc+VzTMMcpQWGjGMITU6koz95q60Xk7NNNavZ6Xfi/ha91bwrr1rdPFmRmWIW0qllmSRiC/C4OM9Dgg9OeK+tjqvge60m9HiPToRqzQQPZ3W9VDSsoaOFkPBC8YDcgA5HesFPBdnqMMmoaPZi7u7e1E5SU5gikA3M8MhJ3gPj5MkZI4z08n1ibU9QvYbe6s0fyHjikWFcMXBJffgcMuMgY6Z4wQa9SjCWHp8jjzQla105J7dU1r0Xp0W/yWNrUc9xKrRnPD1MOmqzjUcZO1rrR6W1u9W07Wva3rm2DxFMsMWhLaXFhFG1s2mfcuYgBueSJRhiQeSoOCRz0rk7/AMM6lc30kGni6jtwXMNm/mRSCeMZYNvweDghjnP8PAxXp3gnSrTR7rTNSsdcEGpphri2mb5RbIQWtlV8qSQMAEcH6mui8ZfE2xvdRvrhdLhgjKrbF1hUSC4UKu+FogEBbBYjIHzdhXb9VlKCnNqHvNpR5drR0jZ6JJrpa7ufPLHYihi1QwtJ4qmk3zTa0m1GPuybbkr2TvZvmTeur+eYtU1i1MOiTK0F2kp8yeQ8l3fCxkkjIPQZ54zx2uHxBrOneJIElupZJLSJYisH3ZQQMxnb91sHOTkcdjgH1qy07wR4hBv3SSW8u1EUD+Zh7a5UYJcMWPJ+ZSRkdeAa4zUfCllpertdxme5ltwjSqp3Az/wEPyGKkZ27iT/AHW4xz1Y8rTjK956NSTbS5VqrWTa13dk+rPRp4/D1JuFSj7KbhK8JaNydvds0tV0101u1coDy9K8Qi61iCU2l1GrsI1clfPySQXBXcBktgY7HBbj23w38O9A8XWVz/wjt1bQL5m5UuCXuVkwGGE3ElGY4wABjJyAMVwOuaHrfinQ7aaJ7Zltl/dhvlnnK5JjQA5LgYU5BDckZycZGg+JLnwi6xt9psJmRY3CEo+7JBffwQhwME4B6HOTjroTpwcfaXdNqLfu3lbq030v3fn6eJjZV8Xh5TwNX2WLo3h7OSvGSi4q3KntbZu3+HU6jWvAXiHwxZXVxqEMnktPhJRIHjcI+FACH5AcDjhR39RUt7jVLLQp74XBS/uCLSJUZiYrcnjGCecMuS38XJ5bA9/03xno+u+Gm0C4iE8epRxi6vWZJ5IZFBLvGSXZDggkjk8HB4NebjwTYaXrFvbWGsjWrOWZbhrVjyXc/KrHkDYMbgTx2ycEejCVOzlB2i0kruKkm0le14t6aJp2WtndI+YpY2bp1MPmUYRxNCpGo5qHKqrjqvdlZqz0dm7+9ZWucHqeh6hp1tbX11dutyYoJ7dI87pC5BHnMDu8wDHU5wcAEZFdF4c1sy2wXWLSW4EbNM9zM/lqyhceU5IUPxtBXnKnHYmvdJfBhvIdPt9VFulhfzRWsc0I8y5YIwDGJFLFQgJGDhvlB3EcDlvib8M/D1tHeR+FdXuDBpkKNdQT5SaW6cEsF7sD0OMDOfocp0paOM3NN3aUtbprR31V7N3WlvN64Us9wmLqxwlflVWUpONaMNaaTSUW2uaS1tfVbbux4RrsfhK61lr7T9GnBIHyjcIzIzYf5eepHC4AU9c4NdbpqWlwrrFaiwt9mZbyMKjKwQbYQ/AU5+TCgHPY8ivLb69fTZntYJ3WSONc242vKGX73PzDJwMk7eDz0wNiw12a7Nlpzq0VoJDPdojbndwofDsAVG7oVJGDnjAGc6VOEpXUYJ3V01o9Vd3Wu+7vdJM93EUqvsox9pOrT5OaPtJXWlneyaST06OyWjb0PatK8M2tgEF7qSPePi5tSrmSK3ik3HEpIKmUgnDAnJGRjtzsfhlr/U5fJvSI4JJUcSSFJ5mJdl27mVSpOMgYOMFem2tjRLq81DVrC2Fqlxa3PlIQoACRo+IxI4+6wAP/AAIDJ9bvjjw9MLp9Q0u7NskFysVzHMTEYpFAAKMu0FBxjOT04OSK9edCCw6qpJqMuWSWkr+67NWfk3rbfpc+QhiakcwlhalVwnXhzU5OKajJSUY07JK11dvV7bq1zk9ZstSSKO2ubZ2ubQGO1KkMBB1VmK8Y45J5IJGcgEUjoU+s6fqFlf3DxLJGgkjwyM6BB88S8AKrYLFRg91GahbWJzdyztczSSQx+RJGQHMvOwlAAQQpyMdRnp1roW8SxWlmIYIo7m7+zqsryx/MiSHkcr8oUEqBgHGBgg88VV81NNRVtmna6Sstkk2rdbu9rHo0XiaDiqdp1oz9pTcNHFwaae10m09ru6T7HO+F/Cdj4WjuJLa9imaFvMkmJG9lIIXyxjaXUkknGd3XANejXviC1v8AS5VuJ7mC5W1CWG1HT7Wc8lygBYZ4xn8zmsSyXSlSV/NiFrLa7p97BpTOVJEaYIAYk4xxkFgAeK59tc1CaaGKAW0q6fIHtkkVRIQB8kKxt1PA3AAljjbyxA4aSdOSUUuWN29m1tdrTVb2t+d7PEUKuaVJVsbGVWuldu8XypKNvdWrUXta19b2Rrw6fqCpGb+9WZJDDcLIpaQ2qLhgpXJC7ccr2brkc16Pb6hba3Ppy6zcTeXEhtdIaOPEe9CEiLrtABLKFAKgDOQBgLXl2o6nqVzEuqi2FoZD5F7bxjdG0qNgqVIG3IOVwNx74FdHaX8sUOhwSRku19FeDIYyIiSKyqWUcISFIx1xznHG6UJtKcFbeXNa9lyu12099m27PVp2Z42MwUnBSXM6lNSjSTslCUdE2tL9/edtNDM8Z6d4t0u+1Kz1GIQSyMPIRmCSxWrAmOZgmGZGVuMjHoM5J+cI9IvLzU/JidzdCeRVEisyYJOZHbkgAjgcDHIPJB+4vixHN45NtqmnmCxuDZR2MsW4pdO1qnEm5sBQQCSrdQORzXzFZ3kXh6PUI9QIludzFbgJuWNI2zltpYhiRnBGT94jJ2j5nN8PGnWmqcU6bvyttaxbVm9e9trp6aK6Z9pwvjGsvhzQj9ZceWquW15XUVqnts1a67p6nO65pcthpxTUb6KKdSqW4hIAKYBMnBU53YBIGBwDwcHgobie43W8eZgWMcjSMSWjXlSuT937xAPHXJBPOl4s11/E2p28jBYLUosa+UrBdq8AvnO1WK5bjB9OMUnh60tLa/kkv5t9rGNyRqxR2xgHaepz7YOcjPJA+UlRjTUpuPvb6tXStHS99n2SbsndXsffYaLpUHOq37aWjdlpdRcU7q1mnuk76pK9ia3uxHElj5KZaTZDJuAUMo3DJzyeTlcdDke3RrcXjSwR6heExoyxPbI5y9sSNwiGe6gDHJwcckCszxBpdvJLHeaLCzWTbpCofLRE4IIAOFKkHp2685BpajcWM8dnaW7mG8ijxLcu5+WTBzk5zkZIwQRkj8POq0KddxajzKVldxinGTtdapN2SfWyT30u6bhUtKCTlJpSTVnGTkrxTcVqru17rZam7q+qaYdTto4bYw21sQVjGG2qMBRMx5KnLd88kEYNfQvgTwXbBU8U3UVtcLd27vbWkBVnRwuULJyCTxjgc47c18maLof9oarHaf2kr3BLNcmRm2NHkA7SGwSR90A8HJAIFfS2haq2iQW9rpslzugiNrOXJMSbhtZlD8YH8HYjjnJr5biOUqFCFHDVLSsnNX1cUordLReutvQ8/Mans4U6FCTVSTvO9tk4yad09k2mu1lqZuvrcxX9tdwwC2jS4lkYRqXeFyx4kAA4IHAIIH5mt/w94qe71C4gjCWPyZnkm489ogMiNmIRWJxwecY45543U9antri4aVhGIy7M8x+Wfd8wxnjKscgqCOmc9uKS+tkMtxdXRLXJ85Vt2J2qSQVbbnIK4BxzjAOSa8KOWfXcKpV4ptxjZtNpq0Fqne+r0vZu10ravno0vbxi5wWiVpyiraqF76u1umz3ex7T488Q63cWlnb6bqczi7URTzhtkce1mAUOhGNmMFtxOR2ORXlMVpc2d1ai8uZ7lnmzO7PuiPzgiRi+S5HAHQ8jBAGCabqrTxzpcXiiCEhra3bkStnKrsLbgBxgAYLN0LGpop5HuJp9VkktrNEEtsfKKRNIR2JByEIBYZI6YGRxtg8DSwVN4eEFFOyWlm0+W932vfVXau+tjrjh4UY+zirOXLdrTs3eUtUnZ2ldtXflbV8QTfbJSpugILJVmRmChmbaNqqh52jaeTnvyDS6XpK6layeJb69haW3j22kGcSM8OGUsMYKfwnccDPTiuEvLmJ5zcRSNPEZT5ksrkblIwoCjrH16ds8HpXaeGryxMwsAY3WSA7soTHIXLBYoxg4Zj8v3cnH8Q6aYuhPD4SM4+6opyk3e7jLl5rNLRWV7bJO9+8YqmqNC95wUVfSTtZpbtp2Vlfe2l1qye21bSdTv5LjxOCws3hlhhjcwwTfdyvYbiB1xj7voDX05Z/FF/D8ejaz4CvI7DTLOOOO6tZJopoTcrtYRQQ5JYvtyWYEh+mOBXneofs7eLtR8M/8JMLPfp97AZLWFB5LWkcYJY3DOFABQZUZySeMcGvinWNSutJupdKtbi5hexu2jaMysI0dHIyAp2sCejEbiOBjOa+bp5NkfGsZxwmPjW+oJ06+F/iUYtpKaUFZJ8yers/PQ+OqZFlHGTdLD45VHgrqthW+aCTtduKaTctdXd72vsfrf8Ppvij8cfF51PV/G03hzSoYjawX0fmRR7rjJS3h2bUaQbgCTnapwxGONHx/+xj4ntob/Wf+E2utfvHaUSQ27yXbTqq+ZE80qsypuwqgEHaSAck4rwn9mjxD8S4NBubvRrnTprC1MdwtlesskiuqhpblQ5baCASCRljwATX6V+HviJpPgX4cN4q8YeIIk1jXJmmGg2IF19ptd+2R1Ee4xl8napAKAEg8Aj+eON8XxRwhxAqPDksu+rU8RQwNHLsHhaUqtWMbP97JU3Ui2ouU5ylZvZ6Jn838c4ziHhPiJ4XIo4L2NOtToRw2FoU5TlFKN1Vk4OScrWbvvZxkj8tvBPwe+IniDxamjaJDeNPEStzbXEbxWkAtjl1kaQeUWZU3bM9+OOD03jb4N6rpmq3era7qYsbG3tJkneJY7eWC6hXY0IiYh2idwDuTKsPu9Mj3Qftj6N4V8RapDpGgWsGnSXy3loJ4WWYzt0imuCBI/mAglGYqoPIBIFeS+PLfxh+0fLrHjLS9Tt7RY71Ubw9DcLDGisNjyBQwWQIu87FB7dTwftsvzXi+rmWHx2d4XD8PZPPD0ozxEnGrKpUmqd01S+3NvS8fc5dZNO59jlWY8S1sbhsXnWHp5LlVSlT9riHyylUcnFqNovSUndJp3Wm738M+H3iqDwpLeavYag+q3sFxIqaewaRDBvG4hXyD5gzvIB4bAYZavdtJ8c+LvH+pw3lhpa6RbxwmOWNI1jtjbhlDkMcGQ5wW2EknPpV3wj8E9I07wbJFprWV54nW6FrqN5GDNcJudWa3hgJ3blXcGl2YADZOOK7bxhZp4QttDtNEvobx7eyjt57O2iXzILm4UCV7gxKGYKS2cMSCvPYmc9zXJcxxkoYLDPFZhP2lGOJxUZRpwpxjFqaUVypSTvFy1s9VslhxFmGSY7E1o4PC/WMa1KisZiIqKjBKNpqOiV7pqWze/n6R8N/BWl3+tNDPq0Au3EZkmMjLaW8bAeYqAsD5+7OMsTx8uQQT65430XS9D0DxHpdr4pNr4ZXTppNWvkV2cL5T5QSuxMbMx28EDIwcjr4D8Jbu7l1CW1vdLaztbaX7TcX0ySqqsSFV0LYeQSE5VVBXJAHPTof2pbBtE+EV48N7cCHWLiGS7ud5t47u2fDeRDGpVjtX5SApDE4x1z+RTy7F4vjbKcBPGzft8VhIKMKdOtTiuZPn543S5UklFt2vra6Z+KYbK8RjOOcvy+WIqXnjMKuePLOMY86d4uK5dL/C9dNbWPypXw/4Z0S/1rxle3w1LRYLy5GlWhEhnupfNZhc8nkEDcwOVODjBY58y8ReL7XXdSOtWFmsTM4gaKXy1VYc7AqqBwMcEjk88da+rD4n8Jal8PYPC+leGLUCNZHvbu5CGaGREw028jeVZvmCgn5ieBk5/PzVDHBrN7bG6R7aOdhGUYorASfKiEnCDBwQ3HTj0/v/AIZpVa1KarRrc+HUKVNzSUpU4RhFSsrWcrXaStro+h/o1wxTlVoyjXVZVMNGFOEppX5YQiouy0vK2qV03f5+paLZ+F7vU7qbU3kTy7J5Le3jRzC12AGSJAuQ7E/eIyRzkDkV03hDwzo+v3E0cqW9o0rO8ktzhEcQk4jhRQCp4XcG6gcc8V5ba+N7HT9T0y4itYJYLCE26xsCd8zoVaR8DDNGeSeRxnowxoWXiuCO31O/iBh1JbhrmIhyttDE+7zERTw4wRjbwfpyPpKlDENT5XKPNypNK8ttE07J6Np6X0W1tfo6lGu+ZLmjdLla11tHdWs76rdWtt0PdtR0bw9pRiFlqEVzeMkqvZoT5Fuq8bgyt82Nu4ZOckbTnk0U1jSY/IFxDFeQ2uFbynYFw55aR26hTuwGJAOPlAr59HjW1urRvPmePUpZGczKWWEKTgKNmQoOAD93nBJHfc0S7TWITBM5iaRnMap8iyqMhQ7dCrbiVz1LA49eKWBlTipVZym19pqzXM4p6aarSyvdP5mLw01Fe0lN3s+fZrSF/O+isn8lZGv4m07wv4ke/FqPJuVJaPYA0spPOxWGAVHTAzkDJOM58D1zwvf6OrM8LCCV1WKRgQpBPAZc/KwPIBx3xg43elW8sfh/WZlvRJbGGSR7dw4kLtIBtZxg8DGFHTIIyeRUPinxbZ6lpktpczrLcIStsvlAB+T8z4TlhkAkZ6ZJPNeph3OnyxjJzg7aya291Ws9tLtaJ3Vt9/UwftabhGPNVhNK19Gtm0rtdNXtd732PG4I2YC0MXmF33DbnnnG1iMEjI/HJ6mumttMubN40SAuZ0JGzD7mbgALwxK9MZ6jPbNQeFoI31aOS5j82KJfMG5tuXXcRgkjkHHynkMfXAHuOiXFldXBv57BYzboYrJIxGN8vQDAyGPQkgDoTx36atZwfpa7elk+V22tdab9H1PWlUcLJRbbfn1S9Ve0vS/ocrpK6ksiW0pkCiIMxVdgCg52SZC9D8m3G44IxggH2HQbDUZLJZiEknY7be3cbT5Yyxcg43LjIGcg8HPOK4mz0rWdce9IjaKTzGMLbQsSBW3AcAeY4+8OoB4bkkD0LStM1SxiUXFzJPdxiMGZWOy2iHDKTkfOcdOc9/lPPj4mpGduXTRt2tfTlumrt8yV7aOy1bVkzhqtNRve+7s1e65E7r5Xadru99EjqNCubq2e+C22boIm+ZVYIg4BXDYAXjgdSeRkdO9hsU1eybU9QjiS3tkMSjlN8hHDLz8wyAG4zwB1IFc1NLFAturSN+/hVrhI1wpVRhTIwHJIPPPBYkbiAaq3+q3S6EIF3fZ4p+hyA4Y/KgHVlAH3jyRwSQwNcVSlKWtmnK2zs2rxk9E2le9l2W/n0U4pxjZNvo+yurKyunpZq+1k0lY5DXLwPDc/Z2CpEpQsMqAgbACKMZHTnqPl6gg1zOm3zyzoDEZWjUqhAxvY/NhhjkAHDEj0BLAVqazf/ZbEk2yJNJmVw33Qjnh8EZA5BABwSMt1FcnBezKouLRRA0HMruV2yFxzs25UYz24ByOcjNqk3DSLeqtpfR20Ta5dXq209km3exx4uhKoldbWulDTaPSSteyve/d9TvLUy6mtxG1usrxjbswwSMLjBBPAK4Vtwye+M9eps9Ljs7WGWcQI8hDNKjEMmBlYyA2dxXqwXIwQfu7q8nh8ZWkEwZbncqgG8RWVcsuQQdmdvP3vu9h1pLrx1c6hIFiaJba1k8wqDyyE7gpPIOOh+9yeuDk8lbBV6qUI+7T66O0ndXbt5q/W3Sx4M8JUaaSaur7e7qo22aTVn02t6s+gBdQhbdIrrYz42EMAsPTO8AchhuyTkYycgVwvi9roI1rbSJcJd5imkbL7GY42cFgoIXIGAc4xjPHIab4sN5KjvujgZ/NPloXIEfy4bAIwx7nv1OKuP4wOomW0FoIbVp/nnKYdCO4YgLhiM9WGMnAJyebBZXUw+IU46p635UpWum1dK67O/kvSKWDqKSk2lZX5UrPW0vPdaaq+l+5n6Vo1zp00aNGis0wCSIpIRR1O7O3BJwCehzkAZx3Gr+H7G5sbeWcxToG/fFmyWfADAK25evb73fgjJ5KHVLgTPbNIXErAxg4IjAPy7iDkZBHI4YjBC4BqxrGstBBAJmESAMyxjDF3HQsP9rK45yDn6V9VFyskk7rRPd6JXSto9r31dux0OnK+iabSu9+XbRWSjfs9Xr03fN3XhrSDO8cVqEVnBSc4wpOeg5OCCCePl3AAnqMTW9NtNNhjNhCZZmU716xux5GCRjC4JxnvnqeddtfDQxqIAxlkLMuMkLu3M3H3VI4BbjHQA1ynivVb1RbSW8BgijUvE5B3K3UDGBuLNjGex7ciiLnzq+iTjKyW3NZPXdppq+mt1udOHjOclGXPa8beqcbXV3pZR10fS55fdXTRXF6ssKjex3RjjB7nIHI4GR2OSBVW2mJVkMYWPGSBjoeSFJbBDHqTz1HQk1Pq9y+oOszxpFKEZWRdiu5zwzHkZx97g8lSuATnL+ZFhzvVcglV5LLkYPAz3OMD6ck59anPls/JK7tre2uj67dNz3IxajG107ettUkle+mtlffrodDdypcJBEJQ2UKIBgCM/wAS5HUjdnOeh25FNW0m+SGOJp9qf6zayqFxyQwwCo9mzkgjOOKcChssI1eKN1Zsg5wCMKh/ltPBPHXjfS5niKrJIttFMmIOAHIx8wHT7+Seck56DFdcZ87T80+tt421bV2ndX27K+pyucoN7JpNpNXaV072ask09XZPfa9nVt9H1XUFmWxtLi8jhG3bEjEIN2SN3JxknqRx6VQihaOaa3mjaNrfG6KQPuUr/CQwHRs5A9j7D0Dwv45m8N3qtZ2weFRiWCQfu5Tk4Yls49cHoDgggca3izVfD/ilP7SisP7P1IpmYwLiO4lbGd2B27k8kEcE5aqnazfNr/Lqk3a9tLd7N7JebRyVMRO6i4+6uqd+1lql2aaeyXozzpdPe78yaIRiNowcnIEhx90dMeo55AHbFPttLdHSBmSPLJub5sEM+dik8E4znHvzwKniuntoI0g3MwYrs++qlu5IzjPoduM9qlglkJZ7pmUbcxFlIy4IwTxkBTuwM54B7VjCVpejTSa/wu+6/Fp2SVt2crqVHa97X3ulZ6W7pK76ba7or38SQXMsMO1kCAtkbi2CDyTnJPOSOnbmm6UTHf6fPkDF9BIq8ZAVxkcnjnp+PXcKvSJ9pcyoqsfKCqwA3M2OgAyTn0xnOMDkYn0nSHvpeFMa28yPLKwJVG3jKgjAznBwB2654roc1SlTqvmVpKVm2muRx01Wreru0m9S69SM8JWpVJaTozg1JuyUorW275rt9b7+R+5/wl1Jbzwrob78oLazG0OWPEK55BOM4w3fdkYFfScFwFtl2k7WC7RyCB0Jzgd92cZ4OT2r83P2aPEeogjR7qfzrWxtY1hbcdrF23Arkkkr26kAE9iB+h2mTK9nES6sWVSDn5stgjdjGBg8DAwRwQciv654Lz2lm+U0ZwVpU4QptXulKmoru3Z66J6fl/kN4y8M1eHuJ8bRm1UhVxVSvCUFoozqc0U9EtItdN21ottHy4hBNJHGgdlcyO43F+SNoBHGVY8Hpz2zXgPjSfyFvvLO1p0aJdoOFLKDzyCBjjOPUt6j6AunWK3kwMAIRwOpKnJwTkKQck5z0P1+b/Gx3ecTkgOpx6ZODggdgPXPAPTp6OeNqg3dJcsvXazW3WN9E9lex8rwTKU8fTu5NqpHR6rRqytfru7aW001R5PaQtp+janLLNJLPLp96EMZLFCqN25xwO4xjOeeK+NNLto9Vurma+nEds0kqMm9VYt5jBj1x82csM5zn+Ek192ywRrpt3sKrHLp14pxgsCY2GTx3PI6YGSRnFfmHLqur2Gq31hbbpYpNTuBGwDMzBZWwE+U9eB0H4YIP8s+J9JuvglSfKlGacrtdYNu/XZu7fXZo/0j+j9jKNfA5x7aEJzhXpXVltytJ30W602s7I9q1DwPZy6TqOsWc1vL9ihZILdl3SOAOc5JJY8bWGO+Bk4HzlcySPNHJJAYRuESoGwd6nALDAwOOCV6c8817/pc+s2+lSTyBmeWJ99mBjyx2LZA6YyDznOM8NXgusakkurTswwqgEiEghZB2ZQRyCeig84JxkV+Z5dOu1OE6qml8Ltrq1Z82r2aSW6sn6fv+Ljh6yUqKimknomlzNrr0S0TVnZb9C3JZM8qxXLBcqHyoxuJxjcQMhsdB6elMTSbaC4McZUygl8jBTbyHI3Zy3IJJO0HHzMKmstUa5ijLxhlDFWmYAFcDAOfUdBnIIGPepy4W4KJhwykliuMcYD7sdD6Ht1Azx2Tg3Uaeie11olddt9mnd7P5Pxp4mpRjFRXM3K17N9rrRq+tlqvJO6ZJaLHEfs9sqFpHBJI3bGQ/Nyo+8ScDG3ls8jg9GWjsQrxw7GcR734IZu4HHzbiQePY9Dzy7zNYCK6VRFGu/e7YIY4GSPY9M8YxnHBxkSX3iLxRd2WlaHYXF7dXNyILGCzjea4mkdygCogOcsc5wcZwM4wChl+JxVSMKUHO7SSUPek9ElbXXz7dXoejQxVNUPaYjkpxWs5yUY25bJq8k7JLq/K/l1WveJrMW0ryskADKpiOPMLr3+UDg5AIAOB196nwv8Ag78VPj54kttD8BeHNR1GO4uFWW6gglWziV2AZri4I8tMBi3J556V+hfwH/4JwsLOL4l/tNeKrTwR4MhtxqI0i9uES9vE+WURurPuTeBgoqhwCwxhsj1H4jft4fDz4H+Hrr4a/steFtK0yxgD2U3jE20SXLsBsM1tIE8yQtgtuctgkHJ4z+j5PwThMvhTx+f1VhsO/eWHUo/WKqXK7KF243vZ3s7u2jPjM14sxGKryyzhvDfXcW/cni5X+q4d+6lOUvtuLu0otKyW+z6j4f8A7I/7M/7Hum2vjv8AaS8RWniPxfFbi5svB6PHNtuAqultPBlizeZ8pd1KEZI28geU/H//AIKl/EfxP4dk+HvwO0y1+E3gJY3symiwx2+o6jZjKDdLCq+SXU8hNp4wx61+a/jH4h+L/ihq13rfiTWdS8RX91cNI095NJcSJlizCFNzeXGrFs4G1ecDBFcjY6NfXF5HCrN8z7CWWQAE87ASAqnPGMjt9R7mL4k5YvA5Dh1gcE1yc1OK9tUXupuc17z5tW2mktbs8/B8OUqbjj+JMb/aGOi1UtVfLh6TVm1SpN6Ri7K7ul1V7j77WtQ1+9udU1Ce4v7+7nMl3d3MrSXFxI0gLu7uRI2ecscnn1Az0axXa2sGo2mlzywiN0e/MEjWcbqBmJpseWCuMks24MDyQRXuXg79mj4kalpSeJJPA/iNPDkySSLrX9lXLWkoQBmMUoj8to324LBjkHPqK/oc/Zf8XfsIav8Asww/Bz4o/D6x8OSWOh3o8TTS6fE2tavrIiZI9V0+9EYuoWDgFowQuR0yaMs4WlmX1irmGJWEtS9rSlXupVpvlsk5cqSatfXWNrKXX898QPHfJeDsPhoZLhXxDKOYUcHjaGUVIVqmBhK151IUudwkrPljJRu005R0v/KhKklwxlZlSSMqWVQfKTee3TJOSOxyMZHAD9MiaW7EEcaN5jEyEdT13Y+vYHG7Bx0Ar9goP+Cfen/FK58Va18H7mfxB4Ti1WePQ7K2Eb6nbWwmbyvtUC5mZUjKs7EZO0t1YE+l/Br/AIJI+PfEM15q3i7xBovg/TdGleWKO6Rvt1+0ZysQiIO3OMMpUHnBC9K8V8M46liJShSdShB3damuaDirXlzbNab6XtpazOfEfSg8MMDl98wz6hg8x9k3LLsS/ZY32nIm6PsZrm51s1dJvZ2R5x+wR/wTQ+P/AO1d4e1/x74LtdH8P+D9DaeK61PX3CNezQwmRIrKIssswdgqgrlBIxBbnI/fH/gkl458B/sM6j8WPg98frq2+FfjLxHqIurDxR4jUW+m6jY2spjC2TSBQ0JCmdGU4w+MFuK574HfEHxn+zD4fbSPAuo6Xf6P4X0l7XVdIjgQWl46go920MY/eyBQSGYE7ucAjn4O/bB8deG/2nNTk8b6neyXmo6LpbeVBK0dotvLESJ7e3RijmNSrLtIJzn5QAc9GJ4kyzLqdHBU+aVZRSqX05Ze7f3lflSul1a1ut2fznkHFeYeOvEONwmG56GU0sdKpC1OMpRoxlahUcXbnjOMmpxd5K/NGSsfoV/wWQ/as/Z3+LXhbw74O+BPiqy+I/xistUifU/F/htC+l6ToHlhpor25izEWLndhnyWIxgkV/ML45vvHY0+707WvFN3qVpJIXtNOTUJpY7l9+3iHzSqhCTlNuQflAzgVQ8ReOJvBkF5pPhJzpM+syt9saMbpnXcVZWl5ypAO1c4HfBPHldvqmuatc2062l289rcosU4WSZGdHDynG0jDckknGePrz4jPI4ulCnOUlLkjFNTdmr6Ra1vLW/NKyvp0P2XBeFOVcGU8TiqeGwUW6rxFSvVoQU3WUIP3JyvKCtGLtzO8pPa7M+503WLmFYhYTx3LptEUcUpeXB+YqFGWbHDNx6jJ3Z98+DP7LHxG+JV9oc9nYXGlaRqGoR2kmu3UMkVpA5IBUuwG4hefkyR1PPNfv3+yb8Av2dvi/8As7WeqaZ4MjPxF07RXk8T67eEG5sNVlUCO5gtpCQ6OjNiNFwc8DoKzdC+Jngn4H+I/B/hcaPd+ItA8P6zNH4h0afTvIE15I7KlzGwiACICHAJwAOOMmvTy3I8FBUszzKr/sNnOahJczSUW1zL3l2k4xvHzP5t4r+kfj54zNuEeFMilHPcHOth3UrxjOlFRfs1WhCKtOF9ftLVXui9+2F8P/h5+yJ+wx4J+FVnqOkP418UWMdzrQs7eCWXWY72NZJLu5kZGYPFkqgBJUcY3Dn8Rf2UPiR4L0Tx9ceCvEBMPh7xeJtLe9hWL7VbajKDFZvC0gOwtM6gsuCQTjFe6/8ABTX443/xQ+KDXMN3LB4ctdPNr4e0qK4aVLCGP5SjgMVViu0YUcDaM4FfkRBq134Y1Sx1mznAltbqHUIWIJcT20qyRkDPUMqscZAGQeTxxYzPcunntHEYClCOBwkqVKnCUlOTpxlHmvJavmS1dr6qT1ufpHhJ4d5jmnh/mtPP8VOec8T+2xuInGTbo4ia/cSSaS5ouMZyfIt2k7H6/ft3+DNT+G3hLQvC+taUkrw6Y+o6JrsyQgTW91iSGPzUH72RUK7hu3KePr+Q3hcavqGpRlJQYre+tJ7yWUnyRbRXCFiVACMgTO4BehIxwa+kv2nv21fFn7RnhHwV4f8AEFjb2reFNLjszcxO3n3k8UYiaYZBARgMsnUE4Br400PxXfWkEtmm7y5VWN327XK4Py5yG2kkDqTwD3Jp8X5pl2Ox0amXP9y6MLSs01LljzJp66dXuz968HuCs14W4UjgM7ini418RzXlzKUJT0ndN25kudJbX22PqX9p1tI1nxzo83hm+sdQ0u+8P6PZSz6ZAY4oL9rdEngwq4d4pMhmwM8nnvz/AID8deKfggfEWk+C9ek0/Vde05bLVL+2kMcwspVBktI5VIZFZG2uAQxIHfmvOvDmqahthvpEjkhsZy0Ubrn5mJ2LghmZhj5SckHgkYxWRrNxcXl/f30y4kmdnbbxuUchUGcHAwGwMnGMHnH5xiMbKE5Rpt838+qauulpNWvtfXSz2TP1WFelXpQwDty0uVNO6urL3d2pKOuj00s+ifQXniW9nju5bq4l869leRpndmeSSRzvkkeRssZDlickngivJ2vWk1aXZcOqGXdNJkruBJyd2fX8PTPebUdXkSKNZI3LEMIgcjAAYfMGHHGSAR7A4rnoWNwJhIVVpSWQDqcnljkk+vA65bJ7V51OjdSnUk23dXk7u7s7NvSzeydtXbRWt9HgafsKStayglG11a9rtLRabWVvwPSI/FSadam109Vu2un2Tlw0jeWo+YK3TafmbKfLnrzk1+mX7Eei+FpPAPjTxl4g0VJbfc9gl2037yzDgKSsQIY4LkjgAEHJ3AgfklBGYlidZN0oLBAC2wj2UAZ4zzwR7nNfRvwY+N3inwJoviHwtYyI2j6/mO8RwX+zOR880aEEBjz7r2wASPhuNsqxeZZPVwuArzoVZVacnKFl+7i4OVmkpbLW0ubvrofEeIOU47Ocjq4TLq0qVaVajOU4vlbpRlFySktrX+G927aWPqrxtoPg3xH8R7Lwz4P1aBobbMzSSRxqLmV28xoCAP3kmflXIzgFTnGBi+PvhzpUUmm3Nzp4stUa6NtcXEIWOONFOxZHGBtYhQTzyGGCBtFeEeFb+SD4g6b4m0i8RVsNQh1Cdp3JIQSr5pYM3K53EgABcjHQ19ofFC50vxdcR6pDqdn9qvLW0kjgtpFW1lcpiRlUMNrrj5uhB+UckivhcVLF5PLL6UMRWq01h4Qqyk3L95FxTbUm3q3ZtO6tom7H5ljo4/J6mV4elXrzpfVoRqzlKTvODhzOSb0u272s1bvv4lq9npHhXRZIPsdrqUyllffGksdxHKq/vogQRFMo3DkYIJO3kk4HmeEZ9FhP2a1sisYktJk2G4t58jmVE5LBslCxIKnGM8Durew0afSNa0zVbgxX8lqQ6hw8m9cmIWoYhgcKu5Ywckkd6+Tr7TNT0rW5bGGC6uXvLgQ28QEkqSLuAjYRJ8wYHBYcHPQEDA+jylTxUZTq1JRaaqN3vGXMk1y2skrNpLz3Wh105Uczo4mlUxaw9ekueXPNJy0UuZcyXux6vSy3d0f04f8ABMf9mq60rwfqv7SXiLxBdz6LY6Fqd1oGiQ3cmn38upWFm8qalMC8cQs12qI94BLcDnBH4dftN/ErxH43+IPj/wAUarqNxNqN7r2ozNcz3LSTvbpNLHDEkpYkhECrleCOQMjFfauh/tqfGHQv2XNG/Zx0vSY9Di8toL/xVbrLaajd2QUsbJLghCyyK2yRAw43ZHNfDfif4ZeOde0MaovhDWLizlEzS3sdjcziYZLNMZUjwEDZ3uGAI5yD09PPcz4flDK8Bl/O6tBTqY2VSUnGriZSjzcsNWvYpWUnHkkm7Wsz+auE8q/s7jvO+IuIq+Wp43FLAZfLnpqX1TD13L2nvPWVVKF+rUdbaX/O3xKL/UG+0tBJKsk7nepydxJ/eOcEE5Iwc43feI5xySrfeYsMdswVZBsdYmZtxI4yMqQTnIHrjae/1T/wqjxHqUrxNFDa28LyOFkkEQbyySUALKSeCCDkk9c5FYU2gaXoF15mqXNujQ79kNqUlKypyrSjO5Tke2cseM8e1gc7pqlClQpSqOysoQ0aainy2SfKtXdxWiv5L+2sr4swFShRw2BSxL5LRjhkpKyUUrOmmk07Xba01dmeY2/hnVtVubJbhFtnuGWOES4EecEFiD824DLAYPPuePWF+FFzDDaQz6zbx+ZuJkjC+WVB5ViBlXGcEdsk88GvKfEPji6vdQieGWOCKwkZbd0ULuOeCcYG8tnkc8kDb237b4s6jKkFtcPDiKPYVYrl2YFd+SB82TnsGOMqeanHrPKtOlPCuNLmT9pF3bje1lpJaNWel9fQ9LM6WfzoYethLUrq9anfmcVLlaV07u63Sa72PSfDngk6P4r8M3NlqMd3Haa9YvJuJDZW5TAAzhh7cA+nav3J09nmtoXUAN5EDlj2HlqeVznbyRg4I7ZxivwZ8LeLp5/Evhe1kELmTW7A7k4OWuUVSccHG45U84Hr0/ePRJfMgtgXAf7NaljnClTGAMY4JBx9RnAGcn9z8F8Pjvq+Z/XZwlU56Fnsvgvort6X+7dn82+MlbMYPJVj3eo5VUuVWsk6Vlbdvf59OguqWjzW+/d5W1sDLH5WzkMRknH3sZ9euRXmGuWoHmPNJnYoUEDqCByVA2kEdMg89MEEV7ffOPJkhVEYugPIBzgZyCeRknnBXk4ORxXkevoku9JIwCq85YKoOMgeoK8DnIIOOwx9zxNh3KNS3Lqnol1T6J97efa1ju8Ncc3KhF35oyV2+ifIr6uzfTtvfsfInxRg3bsllAIKtjhl+b5sD6YwSDgHqM181iBnuA3mHiQLgZBKBuTtxkDOMc56H6fUHxSjTy2SQ4wzHcrHIHOAecDBBGAM9RyOvzL5iLeIVcYBC7T1YA9unynPzYORwowSSPw3MaTSqJNJqT8rapW9VdOzb7q2tv6zw9SMqdBKN3yQbtrq4xTWr3Vrf4ra9D44+NFsYfHF4UUgNDEBnq7cDJz1GQeT35HJyPKooQHZfMODtQbfmVWOScjoDwPlOe/1r1X4xSzS+O9RCglRFEvOGPQglW7cgg8bhnrXnUFqzlYmYq7liz4yDkgAHAJyMZyehByegrmoaUoJu3u23Wl7bevfpb1PYptR5WlZJL0S5Y/fu9XoktHYjvYGtvKMTlVCqrkY/eFucLjdx3IJz0xjBz6D4V1CKw+ys0xWQnPmgDJU8BSD94EcEgbjkAYzXFDSLlnEYkR8Erk/6oEcqO4Lj5hxk985AFW7d5bWQLJGFljA2AAN0BwvGc5xyQrA5wDjG2KyjODi7NtN3fX4XtZ2aas+0nZWbObHRjWpuEJcsrqVtdtNVqn0a92663d0j0jxNpra1ZzahaxxtPAzEsqkvICO6gk89yA3GACRivEninhMgljCyK3KrkDlumM5OM+nHqB0928PX80sMhdmZWCho1GVc4AIzuY89c9OwJBArJ8b+GC8Y1Czhj5Cu4hH3hncQfQj7w4C4JOARg82GrulNUZ2s7uEtElqkldLbZO+z8tX5uV5i6FR4Su3y3XJUdmtWlbvqla109LXd0jndD1qW3thG6kIo3AgYKnnCkn6ZByMnuQWA9Y0bVLO9iiMwBfZhpCVbAwONmQAT3yD15J7/PXnSI6xlwFZdrq4IK8dDg49j2JP41sabrcltKsTOGiQMr4DJuB+UHPHQbuRjIGP97tq0/aJO6SSu33emmjd3qnbt1elvVxeFU/fg3dpNJbfZaS1Wm6frqd34isfs1297YuXiWQBgFDKgJGSQPbGCPXnJ64H9qi8jkiMAYhsPvwcdwyk9BnJ257+vNakGrRSzGKZl8p8EKc4bac7CDycDjJPpjkrVTVNKgnaW70t+QwWa2iAzwAWK45yOTnA3AjgE4rmcORJSsm3zaPZ6dHpvbXf5NIMM52VOUHdPfftZ/3knFX97Z7XZmTRpAkkccZfzMO/OQp3DIG0nHGeo4yPcDYs7B75F8mFVa2RSxPBGCDgEEnPBBByRg4yeKxPP+y7cTEOVG8ShvlZSBgk9ckkYVRzkHua2fDWrlbmSB90iTMSylQCVXJwGBB+YjA25yOpPbmqzlFc8ZWSa3sr2Svfz+XXsj1Y4d1bR1blyrRK97p21/FWV7r0Klsnk3pEUJacyOqlAdueVZdv91zgHnjLHgDixq2m3MF9bi8iS3FxHuR8rhAW4C9wSOM/e6jvx6NZaTFbXa3ptyDvMySquQqPnCMrDG4H06nnbjAHJ/Eq5nRtOkbhRGz7Qv7wAkmNiCueflJwCASQvGd3JTxjr1YUl1Tv5vRdEtLvXS+tlbc9SOU+zpOrKyairXWqi7aNvXZu787bnYeGpdIjWG3S3/eIyiVpNqqx4yyO2CMknGDyMDqMD0axislu2ayMUShmDq7As5xkBf8AgQGcFgcADgV806L4iJhmS8j3TbE8p8iNUVRjcACuSc4459fSr9x4wlWRJtPd1eFkYkuQrHGCQGwCM5b+8QBwAwB5cVg8RUqPklKzTd3pfRaa7ac2zVrLTVX7cNChCCleKadlZ6pNJvSzWzvvZaa3PorVIEeTaXO6dSzgjaAxycnPOAOMDgZK/KxOeE1K3RbuIxygBFAJYg7iuCRnPrjp09eAK0ND1OfXNMtrqRmkmnUx5GOHU5YgAjK5C8DoeelbNxpIV4lkCBWQgygEsjNkED+8xPXI457kCvLWKp4aUqVWXM4u1lJ395xte1nfXpZN6I460FOd4ytrfps7W5mtra7Pr0ZnWFh58b3CsH2H93GGOVBBJHbBIIOBwD0zk1bnQPGqNbrLIYkUNtx5a9w2ScAd/wCLORxyK04dMu7VDJZMmFjIYMBukIOAe42rxycggk1US+iiilW5djK3EgVQxDkgqwccBcnJHUcdSDXmVMyc6t6d3FStrpZaau93NtPZX2Vlc9XCJRgot2bXVq10lb5WtdWvf7jgdUllgW8hKCNRwjhQxAY87ewUdCeew7EViWelXUatdCZXhBEkccpJUBgcs5ORwSBkc5JOTgZ63WFnnmt7aNVKznJGFY+WxJAcqMdj8xAUH5T7jwtbRJbyozI/7t1RCQIwMEKSMkEdQOnGOpx3LMlSpwjezlpbVS2W++llZrV6ba3Mq2G9rNN2tG2+j1t6pp6LVJo89fxhf2GopDcwCWG3kKRFAVIUghWDLgbTkE5IOPXBBl8OyXniDxxbRtbE28kyu6RcgRoSWZ3UqTuAzk5Ax1G3JZ4mbTobaWNM+bHKGSIKN6ktgFpNu4bscj5c5xnoR6B8HdOu0vJdYWwkad5I4IgEPlGN+jqSueRj7oJzkkcAjuxWOo4XKMRiZS9lJ0ZRUrpe81rZPe2miafVR0sclOjJ1401yySlFyVotcuim+r+FJ206+6kfS0qWkMdhubyIFVUMTBHwUxyy8EE8856dQAQThalY6XLMlwbKGW3LsS0arukHTkgYUHscZU9jzXWzeGLmSSRbtHFzcJvhIXKxK47jB24GBkHkgEYINZN/otzpaxxyPIpcGNgFO1o843g5xgg9sY5xnnP4zQ4jxlOtNUswqRk5LRVJJpcy+HW/urXRbr5Hu1cDSqcntKKaXRRTdnyxbtZ200to738kcre+FdOvrBr61mlt1QMBbpsYE5GA4yzAgAAZ4OeeeTwl0l7pZRLae4KyjaNwC7SCAUcnaAR/Echu5HJFe0waOsNnDJb3AZXZpJ2X78ZGGG5QcMAeNoJGT0JyTyHi2KUyxXNsjT2mSzhYzliqAscY4B5ycnIAJIGQPscj8Qc0p1lh6+InKLajCcm03tvLa8krryS01seVi+HsDVi5fV4Xlbm9yLu2lqn2du199TzpPFGp6fMUvFnljLBVOSYwDjkOSuQBySWyQeM8multfHgVxbtNIHcKsS5+Rc9DkkFguTnOPUYPXmLhTdsY7mAwLsVrZmZUVsHOOTg8cAHkDgY5FZVzb2c0rss6R3MUOHRAoRtuQwUZA8wnGWOMggZ6Gv1XLeO8XLkUpuzXxN9XZd07aJ39G3ZHx+N4JyvERblRjFtvVJLfW1tm3rZWS6ap2PfbDxOZ7fybho3W3XLbZAGLEZJGDk4Ax34xyR17zw5491DTgr6fe3EIi5HmTNsCAD5QpJJOOQwHfHQ18hafNeS3hSZ5EhRQVkQEIEA4Zj0bPIyev05r3XRfAviDXPBWoeLNGuri5tdGaIXlvBbTytDE7ELcTyRgrFFnILMcZySQtfYYXxDhgHCpVxbw8nKEIz9rGCc5cqjFXlFtu+2rb762+Qx/hLhM2jOlTwcMTBRblTlQVRaJczd42Vt3vbV22v9VaV8ddSj2wz3EVwmAWcs6PkAgnnIDZ4AJAPTrgH0TT/jlol2qR3UJR1/5akAqxzhSCuByvUHPoM9G/L5vFmpadPLDeMCyk7SMMG9gynoQdp5x27Zrp9I8c8iWeVoo2BVmOG2YGMBT0U5zk8jOB6n9RyfxTxlDkl9dnOKUWlVk5XtyW1890/N6q9j8N4j+j3lGJdVRy+FCcpS96jFQlFXWijta9u2jd+5+qulfEzSrgpJYatPYSrsZDb3EkTEKQOAGBUEggEDAPy5PFfV3wv/AGvPjB8MLmG68EfEnVLZAFQWtzePPERgHZ5UzOhDE44xhccscV+Glh41ZWWa2vAUCsVy/wA5wBkr22sc5yScgjHYdvpHxKvBslS5SRo2BMbT4dQMjs4X02lTx8p64r9EwnjFUqRVPEUMPXg0rqVpJppX916beT8rrQ/F82+jV7JyqYLGYqjNS5oOEZQlH4dp0+V7p2d72P6ZvA3/AAVy/aM8I6ql1qV3FrcDlC0U6q8G7dudyoHy5GQQuN3YDgV+inw+/wCC2fw/1my07SviD4Lh/te/uYYbq8aJH0xkkOx/MWdC6LjOThQFJ3Dg4/jX0r4v6iTG+6VVJCldwbKjGSpwckEEfLwBj1xXo1j8Y7WdYIHiEg3qGMifOmT94MMgYB74PPHLZr0lxlwfmlvr+W4elN7VKSdCpFafapSi7Ju9mmr2dr2PnF4X+IORtrLMzx1SnazpV39ZpTa5V71PExqLVPurbJ21X9xY/aR/YL+LqrNr2j+CLW/mAE3nQWMa73HzDzY1XgnknOc8tzyOc1X9kP8AYY+MEH2zR5dI0xp2YxTaLq8A+d1+UrB5uR97cBt9MH1/kA0b4naWwihWWIF1XAjlaJuCDkgMCGHXnk+pyCfb/C/xhudP2NpXivXdLkDqI1ttTuEUFSQGISTBUE9M4HzcgcD6LBVeG69GMMo4hx+Bk4pOlWxEsRS5naytVafLfS0nJtW7H59nOU8aYOtUnn/BmWZjSTS9rQwcsJWkkk2+ahb3tOz/ACP6KvFX/BILwBrKvN4A+Jc9rxuih1JYpoyD91TtH3SSMEdARyRxXyH8RP8AgkP8ftIkln8K/wBi+LLaJS4+yyC3nlC8qCrMATgHgDqcZ2gmvj7wZ+2v8bvCbwtovxU1CdIlRRDfXLXJ2qMEHzWfIKjPzcHvya+wvAn/AAVn+Ovh0ww6zBpXiC1h27n37JXXOSBtIAJAP1PAPHzelHK85qwf1fH5NmsekMXRjCctVZqdOSs9LaO19dlY+Wq5tw3RqKGOyniTIasUlKeBxLrUqb9279nWi3yqyvbV631PjnxP+xz8f/AUs0viL4ZeIraKFWR5rK0lvIwqZAZTErKARgkk9AD0rxm78H6xp08kGraLqlvInLLf2MttIpBwDiREGQB0YDccnANfv34K/wCCwngHWI4rPx94GuIC+Fnl2R3UByMMxjfJ2g56cgAEYIr3vTf2rf2E/jDGttrmm+FrW5uwEdb/AEm2gkG7hm85YlyPm9d2WPTbxyzo4rC2hj+FHKNrSrZfWhWg1orqN+ZWstG7r13cK2CxbU8m8Q4Upya5MPnFCthpuWloSmly3T62s/vP5e59AtZ/n8tlIYDzFCbkAwACu0scHGcLuxjnuKFz4VWRvtEeoSIgIRPmUHPHDLgDDcZ+TlSOXJBH9Tepfsd/sSfFm2kbwrqWiaVcXILrNo+o25KtJ38tpMgAnGAu3IHTAFfN3jX/AIJDWV0lxc/Dv4kxOhy1vbanCkkZOTt+eI9MYXow56ZGB5taPCeI9zERxmXz91OOKwtWlaTsvjs4dN0+p72Dn4o4O1bLcRgM6pJKUZ4DHUa3uprWMOeM721sr7+Wv86mq6BesSq3VoxIVizQrhgCF2sxBHYZ3enHGTXnXiTwRcXCtKdLsbh3UKUQBt/GdygAlMZBPGMcjkED9qvHP/BMv9o/wukzWPh3TPFdvG7MGsHVZHUZO5Y9xOcDOACSxA6jj5D8Y/s4/FDwlNKviP4c+KNKaINvuI9PuJbZNgyfmWPaV4JyCRtyT0ryq/B+VY73suzHDV5SV4wc480trpq90773s+26PrcD4xca5CqVLPsjzKjCLtOt7GsoWXLze+vdte1tXd3abWq/Ki+8CyWlvM8+k5XzjxC7b1wRgEE/MpAwckDg45rkoNPmsbgRWM2s6ReTuyiS3uJkVRkEfMGyoXgcHgEqSBnH6B6l4YltCwnBiCSBXS8tmhkJzkB1kUfKCuMEEAkE89MGfwxaXK75NOsXI6MBGHcsMjDHnHfHOAVPXOPlsfwLmNPmUsFCpTVtY01K6ez0Vlt37u3Q/Wsj+kLgpwhbGTw1aUVeMqjhZtJcrV00/n5bbeF6Nc/EXRI9Pvl8S6jrd9pdxFeaXJc3093Lp7qA6PB5jusZAAOFGcHkjnH2l8NP+Cnv7R3wu8vTdf8A7N8TW8b4aHVrMu7wINhQSKoXdtUjORjHOBXjFt4chtVY26SWpVySUVXVsHOewHJHzAED2zk5Nz4SmnlaSW3hvwwLN5ioGxyMAgdQOvr1Pzdfh8z4JUoSVXBPrZezuraXd7XvtrqrddD9TyDx4hTqU6kc1cZSau1UTvbl11kpb3ez7H6y+CP+Cvnwa8SgwfFf4Q29tG8QS4utIggfdKAC0xTyzKOpJwd3B6cZ+gfDX7Sf/BPT4w+XBY68fCGs6gywxQXqS2JR5jxumnVYBz3OR9Oa/ndv/h5Zz3PmNpc9hGA3zQN687jjrxxxuGPbOONk8Atb38ckdxfvBGN6nyHDblZsAso3DkqA2e5HPSvzzMeAsAoOEcHyu795wVk9NVflvdt7LW5/Q3C3jp9a5Pa4vDYiL5fdlKC091XtdXe91b0ff+kO38GfBHxr428ReDvBfjqzu59ISF1l823mtrnftIYTxv5c2zOCEYsMdD92ui1T9kvxC00ctlLpGr24t2aP7M6wSiMJkFUZsE4YHcQ20474FfzK2V/438H3kuoaJ4g1nS5ZJ96S295d286jI4LRsjOqg5UEAc9TjFfT/g39vH9pX4dJZR2Xj2fUreHaEt9UU3B2KB+7aWQM4XIwMMR647fLy8PZzTlQlKlGFpNKUouV2r2XVbW0bVnq0fqmH8VcixUHDFYSk5SatOHJJRi+XdW2beisrKzP1C8Z/AXWNMlFodK1S3cu6iZoZZLWNgxyVkRdgHyty3UkYPIJ+aPjD8OdX03wP4qv2MbWemaW6Syq5zG+MFghbcGz8pIBIGSTyQI/DP8AwVz+JSRNpvjvwhoGsRyRruubXasrhQFASNlK7nIJZQOjDAIIzwX7Qf7Ylr8d/hzr+neHNN03wLJLpu29iKmKe/cfMyRBcRurLnL8YJIzWseEsXhdKNSc+TeLbb05XZ3voursrq54+P4o4axKUqdOnGctFy2VnZataJWum7tO219CH4WeH9a1n4e6VqelWiahYx28Vu8kSgzSTLjO0AE7UYFckDdyOckVf1DSNSsy8eqaVqEch+ZXkt3VYwMcvJtAUepOQASeeg9g/YU+N37LM3wq8P8Aw78YeIb/AMA+NbCWVLrU9URn0m/nYlllil+7EC/UMV25LYCgGv0sj+E3g3xnaK/hLx14F8ZwXMRWOOPULJ7uRSPkURrJuDYB4PTP1ryJ5nm+X4z6vVwU6lOLUVJJ25Va7vre8db39b7nXh+EOH85wVLGYXMqNOtXtKUZTTSm2t03Hl1ezvfzsfhbcBr6/jtbddkySOBEGLAnccMGB2YwCzZJ6dN2c7MWkX/lySvNjChHyxU7h95h2I4zk5BX5hnFfqfqf7F8cN1NfXPg+7WRpXIutNy9rgnAI2ZQA5B6gAdDyK8s1r9mewsrsxS3t/orGUILe4gYqQvHO4fMORgkDPr0Neth+JsLO0asK1Kd1zLltZ6J3a0tq+6101bPLxvhxmdKDeHqU60NOR05XeiSvZN6PXTzTt1PhfTbvynVZpXkNs3zqqNs2Z6kfdyuMdcHnIGK6eTVI2TdCnmFVZ1dgflI4CnGOcnoOpxzwa961j9mbxVA11ceH723vdoyolj8gspBIJ3gIwIOBgggE9f4vNtX+EHxH0mFRe6FMEVXZpLMby4HAIBBGCSc8ndjPJGD61HNMJVUvZ1o6Wuuaz+zbd62ST0XRNpHx2O4Mzehbnws2r3birq6UbJtat27K+u+zXBeE70zeIJp3RVQsAXB2OGA4TJ55brk8gYJxXnd1eacf2iLYzSIk50WYRxhh8+cYY9TvOT0PJzXXnSda0y5le4tb61lRzJKXhYKQmSNoHO48Y4+mc18ZeLvFl7Z/tIaHcP5kSzaZ5KhkYPLuDLuXIxk4+YNk5HI4G1SnRqRcvaRkndNJq61Vk0uq2be3TuZ0cLi8LCdGeHqQtCy5otapLbby9Nb66r9NdPtILtJZGdWJYhFUgEAE5JDEBXPUnA6jsOJ7K0aPUjbRTRsjMny8MFCkZVuQVOCR2yR06CvnGw8X6tCG8r7UQzFywBYnklVJXcQ2Oo9vQ4PVaF471FL55JoTCpwzs6PucfxZBBO7ryeB04HA8mpOEW1Gor3V7y847rTfqno9Tylhq3Pd0vtN6wTbu072sldK+nTex9K/Y3fzw0gCRqQoYYYjoNjfh1ycAng4BrldV023nWUQxhXdVMrblR+v3dqYJLH8ATjFcxbfENUinctJJwcRyJgAHkckAYyvfAx6YNczf8AjWNp1uzceWtwpUqq5RWA6HIJyR+AYE8GtaFaa1VVNN6p7291WurpXula62V2jPGYL2kYvkl7vxKybW1lpt0Vte71vddW01bQxqjiOO6mEUi3AVweMEENkqGPcEHpxj5RZ1T4Zade2dtJJBZhyCweJDEylh8pIjAOM4OWYbcBtpwCeF1Px1DNLYxzKJ4xdh3fYRIxBGCpwAQAM49+nAr1i18e6fJZoryIA8eY1KAsoKALuUDPHIJPQ8YJArvhUqPdx195203s7a2u31spdktdPKpYanGpFz50rJRV0mnt7ybstuje6Z80+NvEPx1+EN5fQ/Cu9kfT9T08WepLBZT6g0dnLlZS0qhvJARiCxIAXO7PWvHPD1t46lt11e91S1We7nkuZrMxAxJMzlpScDfuYklv7pzwQuK+0PGfxk1b4ceGdX1nSbLStQTVrV9NuVuoRIkMNwuwzElSQUUjGRjIHHp4XoEEl5pMF9NFCTqkBukKLsiDztuITgJt5KgAEbR7kV1YypfBw5nJvmaabVk7RSTa36W26u+zPbr3hhqbhJ8t7NPlSslpdpNtW81rp2PJtT8U+IYt6z6NYXiCUl5IPkcqvXrwB9GA7c94YNft7ySB7jRbuN5GAPkSK4AzhcjHRRgfMfXg5xXb63pS2kR8xY9yySs5B4cMhIAzg8dOMg5HU81z3h+2d71CYtocps2n5R8w5A5UHJJIHJxnp08KlTspNNpWV7OX929lfXRK1+uvZHlUpqUrSpwfK1d9bu11bWzvfXd2tftq7/DfmM1zJd2hkVQY54JSoyuc5AwuDz8uAuOe9UWi0+8le0stXtZYY027VlSGYh+MDDK3fHOQSeM5r3ux8LyarCiGzhncBihmjRt+xGygGOoHpls4x1yfnPxf4RWw8VXlolmsClVmeWLMewjaSqmMKAcjbzg8c8A49DDVZ2bU37rv1vurX3Vlt5d9rdEacXNNKULJctk7atNK6d76LSy62ffb0jSvEOlXFxFoOq6zAT5bo8F3IY0HDbdqSEcH2XOcAA9fe/D/AMSfi94eks7mDX9U1JUjVJILqORlG3oHZiflwTyTnA5yCoHgHhvSru22S2ep31lcyS7d/nefEqjO0srN0BwccZGQQc16lZ6v8QNOtZwmuafqSxFhsnt0U7Pm+UlEyxbPBJz1I6YraGZ4lWVKbXK0opt20aaunfW2qaTe1uh0UYwg1zzmtEu1npy25mraNWd3fVraz9mvfj1qxtrm68XeGNM1NG8qN7mS2jchpCoYMWjJQAknjkHB5XisS08U/BrxFdTjWvCv2SaRQRcWIZIQzjgKqADC7s4YfN2Khefk34h/Hd9JtLbR/EPhu2Y6ldQwi4spdoHlyqxfYpAYlQVIYYCkDPSvUPB/i/4c3t415fvPp6TWkAEU8L+V5hj5IKY+bIzuAAJBI9a9J53i6cYOtJT5WrKS5lrbq7Wbvt+O6Xs4RU3BKE5Rc5L3lK695Xd7O127fM9dvPhd8HfEMckmleK73SLg8iG5XMQYEKoZumBkdwPvZGK5LUP2b9RMLjw74r0fWSTuVBKqytuXheWHbC9l3EE5wa6GI+BtWgEWm6zpoedtyYnSGYAZxkSNgAkDcOSAcf7qxeHRah5dP1aUTbgC1pcqQ3BA2YkJJBIyMbjxnIBxpSzyliK0XUoRirWko6arlvu0l6NPe2jszpxP1mNJ+yqK/u8rkk+Zu3o/TSzvZ67+H6t8CfiTZ4gGhXN5GJlzLaMtwXO7J2CEHdgDgAHJ5BAOTqweD9f0ONE1jQtXtTAwRBcWcsbAHG5iWQZBwuCCF5Xthh7f4X1v4jeGtZ068sdelkFnercQxXheW2YI4cxSK5KneAQQQVw2OM17Lrn7RfjmfWXbxF4S0HVLO7jUQ2xtLcqWVRvkVthKhuSQDxngdq9GNTAYjV1J0r7J6rXltte+q0d3dL0t5GJxuKpxjCVpSerabUbpRtpd2Wt7Jyem9kfKFiUhiSMxbgJBhZFKup5yW45wc9umOmM11CIqASvIkcquQSqkrtYj5QTjpx3AycsCK+ldN+Lnwn1SyePxb8KUhkMqpJc6ftRQST84IUAkclcHPTgDruxab+zP4kgnis9Z1LwzO6+Zm5QukbEEFeeACxwuCOMg4GKpYGhVf7vEU3dL3W3Hbl2Wsr2u9LK3XdLGnmk4xtNO6s7pbPTmvZLTd2Vr+mh8n3kwVJPMdlgAQIqAEsTxkkYww3DgHnqMCuZubma0gMhHmPvZldyCgHXacEdc9BgnkFjX1VefA3w9qgE3hP4jaNqEVyDHDa3cqxT7jnbkMwAY4XAOGyeAMCvLfFvwC8faEgjlgGoQtIziXTpFmTbjcvCFjyOwHPYH5sc88tnG75eZWXwtNaJW0ctNerWibvsexg80paOUuX4d2luloubTVNJWXrZ3Pni31iS/uyDGQTLguhI2hMA4HoTjkbsg8jkY9Z06+RbdUyUEWx8KA6lcD7x55wNoyeCeSTy3nx8H69p1xI91pd1EYCyMrW00YaMHqzEAHAB685BIxnnpdJ5tXhkCIRIoLZZVQAcK44PJ56EE9cHFeFjcsnNtTg1bR3jvt5O+umumj8j6bCZlyOMqVazdm9fu8t3ey1Wvz7nTr6KR3cYClmGFYLICc7W+gIBwOD1716boXjC8slS1hnlDPhW3sFJVORjjJwBnvn8jXkGluq3bLJEnkoOWTjOB97AwdigDheeQCD0rSa5SS6hMTgsAygsCAiDPzAAAAAMR83GOa+Tx3C+Gr83tMPTfMrawVraXb93o97Jfkfa5VxFjKU1yYmSatf3mt+V+fRbK/W3l9a2PjHUrlLf/AImLKoTawaUqFAyNmF4OOuAQQB3IrndW8eahpswYyyPErMC+/JkZs9FzwMYIAzznBJPPnNtqNvaWcShyGRFkMrNuVmwfmIJ4bHBHUDJ68Vwuua9PdTCUTRxxAN8pAA3DhWGQRuJGMno3J5GK+Kr8AZTWnJzwdOXvb8sbp2Selrer+Z9/DjXNKFFKGKqppJcylJ2fLG6tdb2TbWumvY9RvPijdlngluZVDgMAXAxGPm2n1YHIAHGTnGea5lfjDJHIiDUp4/LYq25mAYg4Chic4B53bsAAnmvINR1B5wzsEMwUAMMAqvIOAcg5KkkDPfk7cnk7gQTBh5GCwUl2OArctuLMfuhuC2cDDbhxVrw14dqU7TwFJS7+z9H2e/V6nHHxF4ghNP65V5VZpc87XfLbVO++mut9bu119YWHx21HTpY5oNQQMu35A+9iW6lRk8lfQjK57ivU9J/ab1UsizTLsIVWePKyLnHG4AAMzD5lwDk8A1+a9u0q3juzGORXc7lc7dnpg8NwMFsE4yc9h1Gnaq8UN2xuiCjB1QHcXOOcAnkMcqVGc+uRXhY7wW4Xxyk/qNNKUbOSglsk7JW+d9PRpn0GX+L3EVFRUsVOaTXxSvblS+y220lG+69Vc/U7Rf2nYS3kXV3K4LqrHdudh3UdMBSMHheRgnGce6+EPj/pGpTRWn2wgtNtBlZVC5xyM468nrj0yfmH4l6X4gu5rxUMf7tsy7hlSxTOQxODn5ckcDG3cDlq9C0fxHdNLHJBNcQypOwG2UorHJ2nGRlQByQOny5AyB+R8UfRyyethq8sLS5XKMlC0bNXUdEmttV11067/o3D/jhiJV6NLHKNSPMoyUlupKN35q1krPzXY/o88N/EPRUtLR4Z4DIYk3b5Fbf90l1x1zn1Az8uecjtpvi1BYXNq2n3ZLM4Lxo4y+3jlQxyBtOeOAPvHnH4deF/iRrNjbWQn1CWXbGm5lmPAG0YxnJwRyxHIBAxmuyb44XkN0giupGaMnJdyWdhwNgzk4BHA4PI56V/L+P+jpjadbERw/NBKXuuMWpK0k9bavXRd02z9X/1m4Sx/s8RioRkpwbcJuL+OK5t+iu7O66dkfuDL+0vFYIsd28bEKFPGEBA2nLFTkNyQcDGQOD1wNT/AGp/BbJjUNN069DLhhNBBKnAGARJGQQexPy89fT8V/EXxr1a7s3B1KIARABmc5Ukg89Gzg7sDBViDjg14JrfxgvRb3KtfSgABVYXOd7Dp8zNwOhHQD0U4r6XJfo68Q4h05TzDFU4aPWOiSsrJSTeqvr+B8bmufeHGXqUo4C9S7d6dSUL2Se0Jqy0VvPVXvd/uL4j/aK+At6ssWrfDrwvd70YO0mk6c2c5PzOYNwyRjk8e+Tn8af27rv9nbx1p6r4S+H+jaHqbtJLczabaQQs0YHBDRoAApOSB1zkY2mvmTxL8Y7r7JJGNRuRmGQyrvYuDjOcnoD0Xof/AB0D5p8Q+NNR8Ruyf2hMypGSN7kyHJ5Vepz06gjBPfNf0p4V+COM4VznC5pWzPGVfYu/snUcYSbsrTgmotbLVavbax+K8dcd8P43K8RgMty73qq5I1KtSVaUNrOLnKTV91s3stnb498X+ANMuJb20tIpvJiZzCDGDwDhQjEZwOcjIGM5BABPlC/Dm4QbrmweWMMoj+UBgm7Ab5VAHr0B6jjNfYF8BczGBQVkVSkkxT5Nw5Byc9e5OME81WjsI9r+bIWMS7PlUMJOeCAB0J5z2AOeSBX9o4WUYwpw5OZ6NXS0Xuvmbbb7Wvpdn8zVozbk9bWduXWKWnS7va70b1t6nhegeD79ZYoHtQYgUEMRRSHUgAYbBIx6HknPNdNc/DuKWK9A0yJmUMW3xoCSeoibA/HkZ+oIHr2k24tbmC6Z1aNhh4yg/dBWIwSQMbgCRkckAZzkV0815EsszRRrLC67hwr+Y3Py/LzwR1B579Oc684ym5SjFptdFpdx3tvdWXZXvbv4eIrTU4pX5lLzukuW1tbKy2XfpY+NZ/A8KymEaeqiEZZSoG1wM9ucHIOfXqBniG68GXHkIViEaFi0ZKB2jJ/h6HrnpjI9QcV9F3NjePe3UsccTJcNtAKcx7s89tp984OBnPGL9tokUUUbzRHeCww2GUv1HyncQMHIIAAUEA8A1zThRlZxpw2WtoJNtatt7+l+9tki41ajcE5yaSW8nZ7Nq+q7bvRX1Z8pSeCfJVLh0k89Szv+5Owkcg4XIwxGcgcZIIPNfoX+xH+0/wDEf9nbWIY9A8W3Oi6RJcLNfaaGItpQp+VzCSVYY+9wT+ANedf2XpRtJUmt8MqEyPlCzqc5ChssAQcdQcDpzk+cS6fp1lcNLaEykqxZWO11G4naASMjHKnOSR1HBrlzPKsHmmX1sDiqSqUMRTlCcHb3otRS23td+T21aPo8pxtbLsXQxtCTU6coyfM1qk1e/dPXmVtm9Lan9ZPw6/4KaXOt+H7e51XxuI9QlAVhE6LuX5QGwdoXr8zEDnsflB6rWf8AgonaqAo8SXVwCfn23ClcgcnrjaTyT2J556/yOWfjTUdHQRafJMhQHcPMcqowcYAOBgdDweOBW/p/xY1sbori5uZWC4VdzBctnphgeOg4AwckZ5r+Xc2+jPk+Mx1bE08fjqVGs5SeHp16kacbtO1lJWStbbbax++Zb4t4WhQpRq5Fl1XEJRTrSowk5NW967V9Wr7vfRbH9Pmv/tuDxFApg1udUUF2X7UQcE/cBDdOmOnPO7NeezftKQaq4R7tyY8SFnmzvz3BY5LYyDk85J+YYr8EfDvxK1JY8CdhIzqGEkvBBIG3Dn5BxwMc56HmvdtI8aXtxbwMzkyMwEgMnIyPlUAEj7uACMYOMHgZ4IfRj4WhGXtMKsRUas511Kq5Ncqf8S6tdWa011PrMH425jTnTjh8Nh8LSuly0acYx0tppquvTfXofsha/HS0urdJI5UYhmDuJMP12/cRhuJ7kjAwScEACw/xlswWEd/IZWXKQswCZbAw2SCBkgZx1ycgcj8t9P8AEd/DbRtbyPExcb2aUMTk4OM5O0ZGD0zwBnJGvc+KjGEkuLi6jYsFd1ZirtkABSD0yAOwOeea+cx/0X+HXU544WnGV42ioJRSutdLJ2Ts3bTo9dftMP43Y6cVGporJvVap8vpHqr6NK+70R+iOr/FeVbWWRr7y2iUuX89AOmVAHqMY4A64xzx8TfF39pqOEtpK3m5zuBjSUtNM5BIA2tlVbodwx97OK+VPiv8YbvSYPsWm31xeX92phjgjkOIyRtQMASCQSeuTjgZPTz/AOHnwp8SeI7lvE/iCaeW5u1Etvb3u/ahI3BmZiAowRgZ789efvuDPAbIchqwr1MNCo6aXLGUY8rtyvrfW2yut+1z4vibxWzTNoTwmFrzgn8UlJrTR2S2aV7O29rrqe7aJ8S/EGth7gNdpCBmKMqzx7dx3Djks3IPcng5wtat5rn2+FobkuzEM5imJVyQRty3yZxjGSeQVyMUtvpNx4asUWSxhaNWJk8sbW8wHJkCsD8gAGMjb1A4wRzWteKbG8RoxEkcgQlZ2QBxsP3cqApGAO/XPJ+XH9FZXkuFwtH2eHoU4qKilyxUbJpJppJbre6srO5+PVsxrzq1JYmq51JtuXNKTerjo9UtW9Frq9WtzlNWWODWNNvFvAnKBowxIUhui4ycg9fcDHbH1n4Fv2fTEBvY1Zxk72yDnoMk5XAIJx7Hn5s/D+q6it3e28pjV4YyoG0lMuMYyDjJBHBGP7uBgkew+GPFl3p9u4SMYTa0aSYJc4wryKd3LDado6kggZyROc5FHG4WVKKjz2s3ZJawW68uVpbdvXr4dziGCzRV5ztBNNavV8sV0fW3fRro9/qrU9Vu7GAgPDOqKZPPV9qqRyMoDk7QME7cggYPr4zrPix7iOR5kRpEZpCTlQTuwpYEng5OAvbIPYnkNV8cajdRNNI8dsikhkwQQMfeKNklScDpkE9e4861TxJe3yOY5ISuSqt91n7FTnPXH3hx82fpx8PcKxy+nF1IQjLmTXuq8tveevl1+66Pf4l4rWMahTnJwtGNtGtFHVrmaXzv12vrsaxqcEzTXEqq8oztKMCoV93APC/xZPHY4HAFcsbSxl0+6uRqEdtKmWWKFtpBOflcYDDJIBPGD68muVur65KGW6haKBlbJVyo3L91jhgOCQeSMd+oB4nT7u6vr6aOGXEPzSb1y4k5A2nOVHXoORycYr714aNGlBpJWS23TtF6XV2mu1tO6sfnv1p4icuVtvrZW5bqO6lZ6L7rPXcxNas72/mmt0uGjCMzmNzIq5DHJCswJyM4OM4GM8g1iwWN1ACu+OWFeSSdx3HjB5JBBBOWPBIwQcV3Nzpt4YmuAx8wEqSRmXZ0OFbgKAOPb1Jrgrq3vf3pTeoEjGPOUxgHIcqVyxOcBsj8DWVKEU24pX5dHbR3tyrW6t300b8medX5pykne6a07q6ST7rVXb06d7dXpMqWyY3LuZgzuHGVUlhjkt0BOAvA5GRjdW9ZeUsslzHIChLLuLYbeSfmwx6D6c8AnnFeaxz3Ikh+0cgLyIhj5lyBuxyxyTn0z3B47WziaO2JlcCN2yQcZxz1PUbcnPHJ4HGAdYJRai7a3volq4qySVtW2+7ir+bfjvC05V1NK0rq99LqystXdvVdXa3VPXu4Lm8lkjjDmTCE5wAjADgBuxwATjBI4Ykc1sWrmQiJ4i5YsFc8GPggnPG4DpnqBx645zSbmaHHljzghG2QjI2Z4VQQQOvQnB5wOQB6RYXVhMS08LLcjAwxVQAcZXP3cFc9snqOmTp7vNpbpe3VNRtrte+m17JLVXv7CSUVa10tVbvaOl7JvtrppZd7Gma3BYNHG0RfazK/mDoSQCY3z1IAxxjHABIJHWrrVnc4j8mPkAKylTI6nBKlQAM9jjqAOeuOMvJdLdXjiDRgsRt2qxRwOSWP3VJxnkgYUbiK5uDf5nlhiJDIxEm/AGOmSCNpII6ZGP4eRifZKW3vK6srJJJOK7u+qv02v5ExqJPdWSV3BR6abtNtb7WV/U9g067+1GWzWUxl5G2RyKPLULnaCx474xg85xjjdafRr45ltgiTAlWKbmaQKOoXqBjsv3TgnmvLLbV7ywZgSZX3Bg2SxXqMqSOVyOQw7dTwD6NpvjKaLynmWF5HRCCpCsmQAAR3B5JAbPAzxjONowk0t7L5XcVZ7pNPonrffclRhUkud7atvztvZNXW107PVPqYep+EdfuHS7gsbmeMId7GIg9BkliuQM5wW24HC5yK4waabRp4JyVkcklv7hAIKv1KbcY9MkAHoB9M23xYW3g8gWcLM0fllQqeUxCEK/KhywI7ZB47GvJNXtptZlnvhBFCJVZ5I0UIWDNnKc857njgHoMYrmb0vZq27ldpWTvZ3V13tZ2emwquDpTT9lK8k43VrrWyd7bK6vZ2s01rscC1usYigeUSMVOFIDKcLkbjtIGMcDJxt6KTWXfaE0qN9mLCVlO9dxAO77pG0gYIztBHAySc16FD4feSOOAxKrzEbS55jGCPxGCcY6ZODyM+DfGz4o6d8PbL/hFdKMd14u1L9zbeVIG/s4N8omlw2OjblQ85wcHOSVK0eVuTtHlUfel1svxd/W+vU0nKGFoNzlZRi3Zu927aXaffpb06mX458b2Pw/sJbPSJhqXi+aICK2BVhp6su0zzn5sEDkBuWwO2c+T+FdD1K91qx1jWHNxqusSwTz3U58xi0kqFkCnJVcMMA5GOgC4rhtA0jVy15q2sXMl5q14Wmlkm+aSVQpJDM+7CDgoFJGBxgAAep6d4itdJs9A1fUkaWT95H5aMQqpCxKsNpwCCB2weGByBjhwuYweJS05KdtW01aLSTd+be6W97JPuflnGeJxmLwsqWElUXtLU4RhpJXtFS01v72tndWuldNHof7Ty6N4c8N6HbQLBL4hmdFdfJjVorVo8KQygLhSxBHvnJr8+rO4jilkhm3OZbksSy/KCCDwcD5M8egOD2xXvfxS8Qah4/vY9QIndZUMNojuH8tImABDA5BYfjjOeoFeVSeGpBBHJMWRowd24hQ0mVBBbGc5HIGM8jBJyPGzzMKeKxDd1GEfditrfDqnr8Wrvok1p5+5wVkmMy7KqFKtOVas261SUm5SjzuN0nfVq6vvfdXtrb0zTWvtU0lzEUjW4aTcvLbeo/h4ztyDgccnvX0L8K/hb4u+Lvj3SPAvgXSLvV9U1PUVhBtoGK2sLuFkubxgpWO3hTL5bCnacnHXj/hf4I1rxBqE8UEbGW2tIntgRgB2IVZGBICxIGJJbGAM8EYP68fBjxDD+zH4QutC+GNnb+KPi94xgRtf8YWdr9oi8P2l3H/yD9NkRJCJ4wcSMpA3Livyji7iKpl2HeGy2CrY/ELkox+zT5rJ1akr6Qhu1vKySZ+z8OcPvG1o1cS+ShSanUutaiTjaEVfra2ybSbd+v2Fbal8Lv+CeXwmXwv4MWw8R/HLWLJW1zVgElnsr2WNt5mmXJhtbaSQrHCMF9oLA4r8YrvTtU8e/EfxL4u8SXUl/feK7u81HWb5IBMd8p8yR5CAxVFUBQSy46nkV7Pri+KvFni64s9f/ALSfVr6dpL+41FZHupyX3SvIWz5UYySqYHXHU8fTngn4e+G9P0u5bT7fDppN0L+6uI1ERJifzWkkkCpEq/Mdwx9w9SCB8vwlk9LJKdfMMbiamLzfM6kZYvESk5TnzNNU4K1o06d3yRutld7H3eMoPFyhRo0PZ4TC25FZKK5Eldu1tk/TfV70PgrL4AvND0zTtD1a2m1SyV7abSjFGJo5Y8ZkdAAxG7JJKsA3XknO18Yvjl8N/ghpE93431mG91Qow0rwlpUite3rFfkWaJCWghZwu53AAAYDB6/j78Q/jJZ/DLxVrmnfDLVpbvWGuL5Ztbs5j5VjJMzLJDG4ba5jKnaw54wGJBr5ik1DxL401kar4g1G81fVbuTdcarqU8lxjc27bEXyqKuThVyB29a/V8Jwzhq/sMTVm5QnyVFScXe/uu0k3ve23VvS2h5lPMKlFSpwSg0lBWvZL3Y3dvh7a7S166dZ8efjP44+P/iy41fWoHg0a1d4dB8NQl/sOmWquTC0qABZbjDZZ2BJJ5+XaK5jwp4bu9Ltgk6GSO9YfaYlB/1ecZOANqqMY4Cjv149I0rwzbWKyHAKzq264LKQ7D5mAyMfMTtAAyQMAKeK9O8BfD/xh8QtXtvCHgDw1qniHX9TnSzsrDT7N7m4DSkKJZ/KRhDbgEM7vtRF6nHT9P4e4exWKnGGHjy0Y7te4krJO8krWtvr8NtFufD8Q8V5bkFKeLzLFQjKPNLluk2tHayd3pol/ld+YWul2cEQRIkiHmbSGUOrRnChVKjJkY9uTyORg1+h/wCyP/wTi+L37S06+JNZjPw8+FNo4mv/ABZr8X2NJtPjG+VdOiuDGzvJEufO5XoM+v6BfBX/AIJ1fD79mzRNN+LP7X2r6RNrFjapqOnfDtZopI7WREFxGdQQNumkU4BjPALEN0Ir5i/bD/4KY+JfG0b/AAw+EzHwp4Is1OnabpHh1Es5ryCP9yplFusaRROuAeASByc1+vZLwvgckwss2zCvh/Zx1jiKy5qUGlF/uYSa+sVlpypWgnq5NJo/hnxT8f8APOMc1fBHAODxlfE1n7Os8NeM1BtRvWqJNYailfmlL33Zcq6n2H42/aT/AGXP+Cdvg29+Hv7MmmaV4k+J/wBlkstd+Il6lvdXiXQRkmNvc4Z43DA7EhbA4ynIr8GPjt+0b4l+JN7qnxB+MvjO707R7iSW6SbU7hmu9UOS32XT7eRshCcRqUXABOW4Jr56+K3xo8JfDW1fXfGOoL4o8bXO+bTPCkcwljtZpQSJtUkJJ3K21sMM59CDj8nfi58YPGnxW1OTUvEt4ZoRI66bp1uzLZabEWJSOK3QBAFHylyMsOSDzj4niXjuVSpXw2Sc9GlVXs6uLqNSxNeHupJzSXJC21OnaEbrQ9jw68DYYKOGznjWqs1zNSjiKWAld4DB1bRl7sJOTrVU/jrVnOpJq90ex/HP9p3U/HM1x4Z8IvL4Z8FQFo5IrYsl7qqIMebeyqdwWXDOUztIbIyDkfKVrbSXMEtxFdQrb/M77mIP8WUO478tt47deh4rm/tEcb3KXcJztVC25lZjgZ4JxggjH0wOPu1WuYkjeKASbHQgJuOEyc7n5wcj7rdVB468/mNWvOpNyqScpyu5Sk7u7tdN2fnZ9vU/o+lRp0IRo0acaVKCSjCmnCKXuqySVnbRbJPy0NKC+8m6byZfKKsD5gIOMZ+XI3ZUk84zwSMY6d/putW0lsWu8yHdgsu0s5J+XsSu3oD3wDg8AeLwyyJIQq5OMMpwc5yN3HQjg89AMY5rrtHubdJVhnIWAlS7EMSHyDyQenzDjpkgelYSnK+j+V93fTWyetl9/kaWSaskmnfZ7qyTTa3vrdJO2z6vvpdLudYV5rGxuz9nKSSPFGz4QkHzJAASMjsee/pWYJ5IZzFIrJLb9WbP7wqORgkEt2OehIyRg4+u/gD468E6DOD4hsIZrWVJLUsFWQs0iYjeVHBRlBzncOMgE7gDXzx8cIdEtPFF9ceH7hDb3V3Ldm3i2KtuspVsLtXGzn5lXIXHRTxWEakpt6Wa17bct/Te+ibsn6oj63ejell00s3bXSz023M608QyTwbZmYRNgCJHZTuHALAkZHClfXrzkZpp4gkguSWXzVb5AQCACOvzAEZXjg7eACmcAV5sNSkKqiM24MPmGAeewKqBgjJzzx2z8x6K3juJXjRdzwsodm5wCBghSo+ZsbR17Zz3rRTmpLmls2m1bRu1r2203unq1qbSk2tE27fO/wB6v52V/wBPaNG13MAL7VLMrIWbcz5zwvbHUHrnkdya9a064FwsbOFQshABLfMR2IBBBznGcdScdRXzFpMN5FIuyKR0MihdwchdxyGDEcY4yARzknIzX0FpE0iWsCNtkYEFjnJI2gkZ527RwTkgkHjnnuwslJW5pWukuZ69LW0Vr66LQ5XKalGL25b6etrpq9tLpaa2tfQ6cymEMSd+SCCuBzgZXJ3A44JGQcnnHQPkmWTgxiMnlSxBRgRjAGAAAeBnpjGRjNU1uChf5QwPQgDGX5yOOufvY6jIHcFWjVvkDFsquUdsbTnIK44z0HT+tevTm7wTduqtd25VFJ30crLz69BqpK71Ukk9LWcXZK7fW6vsuZ6d03K8cuQ0bl02HeFADAck8c4GAckjjIyBgGqrTpI+7ynBOUfdwAqgcITwSe43HPpnBKvLIHPluY8qoOeASCRnIOGJxjB+9jB65D/PEqCN1RCWUNKwXYGHQrjoW6HocDGSDk9cJpte69Nuurcbrp691slokbRrQdr6Wu+W2uys9HZvbV7X76KtdRxfvPu+UQCQTnLEZGGABByuW54OOecVmTWnyEkgshG3b124yFPoBgHJ7VbeOSNWGRIxfKkYIYZBxtHRgSM5+pH8ImQGWMCX5VUtkqCM9MKcjdwPTOOcjpi21Jap9dddNIvv522s2r3RSlGTetnvs2t100+d738jnbm2j2GIsSAoLuoPVi23gDAAOAT94hSBxxVFo5ElQZIO3h1XKkgYUHvuI4ySSd3SuqmtP3UiqyrwGIVSCy5zzxwMDlsBuPzy54VRDtyzYG1Nvu3IPIKnJw3AA46cVMU20krN6b310s1orLe/VWvqTdp27O2nfS1vT8dLb2Mq4h2qwdN4IGVypViccjJwCQBk+wwPTOZDZSLJD5kUilZIpYpHSSJt3G115BU4wV4JG0kc525YZApKgsZVBP8AEu4HOBySCAMcYx0A5NZkm/adv3C4V92c8HoD26E9fatIwhNOMun2umlttlfbVaaO/Qj206c003fpK2qs4q/TZ+nfZafQHhv9pP4p6D4Yn8MSX1t4l0SWBoooNcj+2zWRK7VaCSUO6MgGQcgjGMZ+avC9X8U+JtSu1m1nU765sJpmme1jnnECBycIkRbYAnGABjBxzgLWKJHgY+VI/G4jC4RmbopzwGB45A49ARTJLmSby48+SWySJAMM3J6nOAW68cdedpNZxwtHmbStJa3v131tbe1+2mhrLMKkuVTqSaurRv00Vmm09bNO+qu73TZ6Xf8AgXwjq2gpq/hjxZaHUo483GiaiRFO8wUNIUf5Q2CGUDnccnnOB4dNaXFrMy3dsYpo22qFyAQSAWU5IIbGR0z9AMXLvRdQkcXSbsEnbLCzH5uuAFJwSFOCA3IO45NZ13d35jaC6kMmGChGBL44yN7Zwo7jPPAJ6CuanTnCcuaXNFuy5rPqra303ve66u1mOVanUS93ldkr7p2tr1+++nz0QQxzPuEYMa58xQ3JYkHaMNjI5yRw2eTjNWdM1nWfDt4lzoeoXenSqxYiKWRUyOgkTcFIPTO0Zzzjk1lxtPCQcDbJwCMdCCACexDc/MexyCOkp+coMvskLByQm4ZY8A7cg/eyR29TgnSdHmWmjdmmrJ7J67aJWbTVvvRjzwvfm1VtV6rzXf8AC29j3bTPit4c8SKmmfE/w7DfxMgiGt2cYjuoAQMySMgyzAjLE85JArfi+CQvQfEXwQ8arfS83CaOLryL+MHLGIIHVZCFBGG3AcjgZz80rAuWXIYsQMsCqgEjB5PKgYO4E53euRWppOqav4euUvtE1O40q8gkDpJaTum5g2MuqNhhgKNpBIGQCAoIS9pFLd2taV/evpdaPbq3povW+0Gm7OKadu10rrW63+Vt/W/0fH8XvEvh2FvCPxj8Fi+iH7oXmo2RS4jAblknaPbID13odxA4rlfEXwu+HfxEVNU+HeoxaReSJun0yVwqvOF5VFbawIJxkYG446nNeh+F/wBo7TtdsIvDvxj8M2PirSiogGtCBBqUC/dZmcrvAXgggj5hweedzUP2fvDvi2zPin4CeNbSef8A18nhW5ult9Rt2ILCG3y4dip+6HznAGD1raNVTTU4qd1a8l78dU3ro313VmmgnRi2pwbl1cbJt8tr/PW1rbNuzPgLxP4G8SeFmlg1XTJoY1aWL7WU3wuobCuJFypUgcc9D1rgZbCWdI40XdhCS/qPYDCscjpjOeMjAr75XxBr3hWWXwx8W/C92bR28meTUbYtjbkfuZ2Ty3XI4dWyQcckio9X+CPgrx/Gt98NNatbO6eBi2kyvgeaR/q0yS6sTzzxk8dKzngoVk5Qd9rwWklqlq2uu9knt5Mxs1LVNXte7b1VrW3tstNN33ufADrcW6IuMQqAcOWBb1CtxkEehx8vPOKLa78vzikrqSCY0bPBHJwNwyewByOcAjqPXfGPgHxL4Mlex8S6HcwmB2hW5KM1vKATiSOYDYR/EPmwCTgdQfL5NMgQTGOQ7s5AcYYg9Nuefl5ztPzde9cE8DGMryTdrXi1aW0dtbXu99raNWBSV7NO6taOz6Xs77a7bJJNq1ry6bPc6nqFtZyPKBITvAK/IejSnIC8g4BA4PU9a3NS8MX1lMZLSB5rRAs6SkBjtjyW+VezkHtwDjHUHmtHvJdH1aG7iUM0coQ+YOGSQFXGG46EjnBGMnkZH0XoFreSXELzyEJcWhadAm6G2gkG4OcgLwBjyyAxIzivKxLcGklaKskrJW+Fa3unbey1NWk1dK3u9kkrpaK+9vk2u99fKbS9IEEl08scDHHlxAqUYEKCwwCAemP154F1u8tLmWSAny5wTCd5LGM/eJ+YDJweOoPVvT0LULPT9RknhtFSSytZjmTAjaV3OPlIA5B5C8AjGcjBrzfU9OhMgCs0LxymMQKw5QED5TyATznGB0AxgVxzp0qkfehe6V3y/wB2K7O6ej0s/Myg3GW9r7W11aV7P0V9Hpe/R27211+XUoLW2/tEzvDEZJo53JUHkbFUnG5cfLkjJwemc+3QfFDXD4On8PJPLJYtaCCR43YBVDFdgXOw45wRjOOegr4/sd1pezLKjIqEEuCQcAk4Jyc54GDznrwDn0fSfE1nDbzJLI7wsu5IgRkN0LHOVbB67lPHc9F8ivSnRd8O5Wi37ib5dbbLXd9uuqtdnq4XG1KLsp8qlHlbTd3olqn+PKtdr20PT/hrr+p/DfxrpHjywVJJ9F825tVddwd5AByoJGQBlchuuR6HA+MXifWPin4pu/F13aldSv0d5oUDLnc+5pJGPQjopO4AAHjg1jxa/FfquTtQxmKNIjwzqcBnxjGTwBgqTyKW21RojL9pkLbU2LIqgAAHaVIwNxBwMcf3jxzWtPNMbQoqhKclScoylDpze7rqlZ2SStZW+d9Z4yrUpyw6m3RlJy5eil7mrul3j3erW55TbaDqLSF/s7x5bEpYEbVDY4454/HrkjGD2uneENUvd7QQSvGE6KhDMVG4clcD68kHnJGa3oNQW8nKTv5UUalUYbVDMS2C2NrA5+bG05PbPFe5fDW5iu9Qi0xyrwNMn2iYhVbaTtJQ4BBx1B9SQOa8/MM6qYahKqqb/dxUmoq7ekdOm7vrfqk27F5XhoYnEU6Lai5tRV07O/K11vu7q6a310seE2Hh/Vra9ED2sqFFARSjDkBT16HAwWOf97PSv6Ev+CD/AIfk1L9rPwekczyXlilzNLaNlIjAsblt+dqgDr8xxx7c/Pvwx/Z3j8W3NjLo+gXmti6mVVuVs/PiSKQ7d0uEOxVcA7m28AjtX7B/sufsweP/ANn7xPp3jzwD/Yuja8LaYM7R7J28xWPlAEEqGBKsCF6sTznP8y+KHjXlOHynMMrjJLHzpOKp8/LONpw0v0ckrq+j2Sez/sDwb8K8+qZjDM6ThDD/AFetThVqRfs1KtS5ITspRvyuSbSaVlfc/aP/AIKOfCDw78U/gR8S9A1fRrRdVsbQ6l4fAhjlcTQwsWeEAFgzhWJIHLdR1r/OY/aK8IxaP4o1mzt7fF1ZXM0c8Hl7CjwO6MrDHBHB5IIKsDwBj+3zV9c/an8S3+ojXtcsbk6lbXNpcpcM8lvFFKGCLChJ5CnBOOucjHX+eP8Abe/YC+O+ma9qfjjR/Bx1+w1B57q7k0kGSUvM+93MSgsVBJYkDt6ivyz6O3ifSw3EGZYHOMzw2Ho4+tGrhqcsQmo1JT99NuKhGb5lomrtbH6b4teGeP8A9ScPRpr+1MxwM5yqToU5SnGHLG8YJtzcE02k/lufz3wpKA7GPGQwZTuCgcgAZYDceg44IwuOa527gKOyHKqXB5JyCc/THZR3PTvivoLxN8J/G3hjULm21XwzrGnXCu2YbqynUKN2Cd20AgE9eOemcjHmt74bvLeZhc2sqS8hFeKQ7sZyA2OcHC9NwzhsEmv9DMJiKeKpwq0akKtOaUlKEoyi00tVa6t0vff1P8+8yyvFYSpOjXo1qUoScXCdOcWrWvdNJ9HbXXte5xVsrCVI0VivzEcgKWHIweTuJHB7rxx0HdeF7S61K/hgVMyO2G8xgsa7eAT36chfUDk8bcuHS5ooy5QxOrDGM7uep289e/I68AYOet8OXBspw0URNyWJZtpO4cc8c5HbjjjnOK9KNDna2vdacqd0uXRWTstLPve70368ioR+t0VXg/ZqcOdNWvFct0m1dOya9bPoexaF4OkEmy7vDHLJcwQgptZUiklVGduQFHJOcYwMEcsT/Un+xz8AvCngjwTon9hMNVu9d0XStQu7+aRZozvjVpEVVYgxlsBCRxuwSAa/lTtL7UFSV9k2JSBKWMgVQf4UII5HTIAIYdyK/oX/AGWtA8Ya74E+H93oXjrXvC9xHoFtukt5jcW8yqo2oY5WOE9BjAA6Z2gf299EHL6dHE8VYiFGP12jl2FnCrNtctN15KdrtrWLjZfjqz+6vo7ZVk2cZvmNChg4+0o4TDzVSTbfvVeVrR36xb83r0P3LtNGgsLFY0QIISCilCscfygMEUjaF+U4+UEk49zy/wAU2sYvAuvzXNxDaSReG9UKyXEipExWB9sYyfmLEAbeecA5xz8mQeEfjfdRFLn406lLDIcNELOBX8tgQvzBVJcDkHJJO5jg8V4p8Xvgr8Vn0HUNW/4Wlqur2mn6Ze3c9peySxpcRLGxkgRFIjBx039McA8Y/rTG0frGEqv63RnL33KlzWm2krvkWj0btqrNK6te/wDdVDg+kqEqftIe7RnNwjFuSiorRWstFe3vdOqPxf8AE3jbxxo+u3EOi39xZpcXepTwKr7YI5PtEgEiqTgM4xgHjkcDrXhV18e/iHZarfy3XiXUTKsphljS4eIbicBlUN8pBAxjjsuVyR65caxd3d5PHF4emv4dJ1Gby5AwaSZllIlEjEHIVs/Lnb2PQZ+e/iL4F1/X9fvtXsdEn0uG5KTLaRxSEKVGGO5AQCfvHOep6Eg1/EfHGMxGGqzeV15ycK0lOlJOLvazaurNQmnbfmUtLH8A8d5llOX5hiaOFrUataOKqRanBKUOVtNtuNrqSXWzUkrbna+B/iX4g8Y+JIoNZ1q+e8kuUdJZ7iRjHEjBgMliVBBxzkHjqev6J3Wtya5otrbT3syfYrDbKWPM0YjRSuR98EAlSQRn1r8mdG8P+KPDeoW+pQ6dK7xFNsgjcEANg7sgdcnIAJz6Dr91fD/xK2sW9quuNcWcrhYhGAyqABhlHfBbkg8AnPyk4rxeF86c6NahmbvVnKSjKu/dakl8Tb5bpvoutku3zmVVMgzHA16WYzw9WrdyjOapxtGyXLzKy1lbaztuz5r/AGnPhVp3h240/wAa+HXRINcwt7bgBG+0gcyMeo3dSuAOSeOceE6BdyaZudSYnkRcjIOZCcnkkbQT35PTnk19uftATpqnhcaVFaiX7FKv2ab725Cdu5B1yOFLDsp4HBr4yi0K7UKjwuHO3BALZQAfewD1+hHPTjn8p4qyHBrPqssEo+yny1JKKaiqja5+V2stXJq19PM/l/xCw+AyXiCvDLZQeHmoVVbVQk7OUV3v08m73Z6t4U8SXwu0SUedv/gC5QhhgBT13KSemQQBk19BaSTdwgNGu87WBUknGRlQFb+E55wOuQfT528P6edPaKT52ckNuUFm2gAbcYPbPY57nkY+iPCcizOruxRyMKGIC4AA6nBwQORyAScc1vgMBKEVBxW6vfTS6ejWqtpo30at2+EebU6vLzuL0s1dWtZJ203v1/peraRE7xBmiXdANrcYDID97HCjkHJ6bgWPIyOigt4vNYpG21TuZXJPXgHcTx3x+Zx1rmLC6kiBLZWBCQ5BwRuIwSepUMAQRwD7GugN/AyoBKCVX5ipJOMs2DgAjAbkHGTnkrxXvxpKKS10S1drxaau73vpo7u6aa6ChjotxcJdU2mlom4pWbavrbR3TdtFY6iznLBrSVm5PyFy20AqNqjIx1zzz14OBmtKOG5s0N1CTISNpQHKnBCguOueQVPfI5PWuQj1O0RFWRmwSGSUEFhgYxj72ehBYgAjvnjpNP1BbqIhZyZOFjGRgjAyCONpyMZPJwAMnAETtG71d0l87KK9N+/K/Kx7lDE06sItSSdtl0ei1WlrdOjfVo3IZGvGihnCmeVSFlfLMFYglWJztwDjDcAHj5VGdi3so4ZkiMoUSKGkHCo7AZBDkHCk9drZGQvGSDyhdrRvOjKtOGDsT14PO3sc5bA/AnIOegW4Op2f2iFAbiNAGjX5WVxn5lX5S2ecg8cng9D5eIbSbfw6Lq9bpu7XXbTVXS6XR6lCUXur77q+1rO9lfe7ts7NrYu3lpDlXiJmnR2DxllYFT0YjJAGOAcEjqayPKndmQRIvl5ygUr5oOQQMqBhW4JHIwO9VluZopI9rGOVsB1fczE/7xGO205GOScDFbiajHdMY2kCThAiuyqEDYOcHBIJOBhvUtnIFeVXsoWW7tprJrmtpd36W2tp1dmbRjFONrRaWiV9rq3M7Lva/RPVvrzy3FxDcIjRICrkLvG75OxLEBQQMKp6kgkA7s106snkxTCMLJ988D94ec7R1IJOcYGc7u/HOXivB5jsMlmOJGwy7wxwwHO3dg8AcDgHitGKQyRRPIVRxEpUKTsB6Bk5BBxgHvwB0wB81jsM6kbxStdJW0eln5JbdG/xO+hVTVlra1raprSyvfR6Xej62WumtDi6aVBHHHI4KhzyoJ7nBwD2JyB2x1Jzf7KltbuK5S4RpVb54mc/NtOM4Y4446ZOPpV6wu4oDmSElpm4YFTznru7qScg57sMZzWtdQW+oM8kirFJt/dleFOQRuYqepPXnHHbpXzeIwUoq6d9Fteybkm239p6aXW+h3QqqcUm72aej5bK6ce6et9Xs+j1OfvrqCbbFMiGdpMBsAojDO0hgO5xkHGR0PU1FBK+lSrJOyyJIMSRgnkYyzJk4weCOmD9SK1RpMbRny2TfEGaXeQRIwOQUDHOeSQ3JPHI5psmmSXEUAaWNrn5hAWGFLYOFYc/MmDk9D6AGvErYJ293o9Hdb6K+nW+jdnq7Wva3Rh5uCbjJvW6V+1r7vrfVWe72uc9rvhXRfEtk15aM1tqOOGjUKQeqrMF+8AQuGC44wOOvkqanrHhWZtO1yJ5LQyeTulUsjRk8GNscjJJYkkhehzk17dAWtfNiuQba7Hyho8sJXUjLbefw4zjk5IqG7t7PXonstaihkR0cQSuu2RWAzg7uQ68EggE5GM846cux1fAOEKsnVptpct3ePK076vppfz0vrc8rM8toZjBygo066TTa91TatunqrPTbs7nit7ptrqdvNqOiPGzL/rbViMoP7oU89+CcfkcHko7mSGMq7mGaJ23xkAD5QDlRjPGAADjknAHU9Pr3hTUvC8jano0s13YbmLiIktEFbOJF6EAdDt3Z+XhSK5sXFj4gyDtt9QVfUL5zDOQ2TndnsBjvjBOft6U6OLip0WpNLZNJq6i9UlddPN637nwlWlXwdR0q0XZNpN2ta8bO6tbZxvrZWu76FmO8dlMpZpAwLqRwyYz1PJPcDPIGQQRgnqdD1uM7luXQeapjHIyhA4yMDG48ZB9RxXmF013YM8UwMMagjOcq2AeVPfIHJ+uMkVnR6x5UiNERJGHD7ucryCc5PIwCV7c84AGVKhzS+F7NNy0srR1VtW9N2l3fnoq8Uovsm7305fdS0TvZab7PyPapbto2nOxDCRxnad44yI9wwSQCSuDtGQBwK+3PgV45+FPg/wfNfXNpdy+KGt1wkn3JCH/ANXtPC8H5cYJ78EivzjTxIZ7dIc+Y7Kzxg/eUjgKPUkL6gLhQRioLv4hDw/pFtc6vfy2BTUUgiO3aJ9xAUMwIxtyG6kjH8XAr28myWOYSq0bJSdHmV1vKLVot30S31tbd67/AD/EOLq0sNGpSlyvmir663a91PRJ/as9LPa1j9F/Ffi6DX2a9js1W3uJmeIdHiLMcqepULk9Mg4yCB1+NPiNr+o+G/GWi3Mdsr2U26NpQOGVmbcNwGAw3NtJxjJHXFdHoPjSe8tIVF2JVkiSUFCAHRmBBTkYbacAYPJHzAZyeIRZ63GiGJZJbeQMFnG7YD1KPjIJKk9hgE9QK8nFZVLDVJU3BxcXa/u2WqvutdFdPdX101fz9CvjIxVS7cZqLS0W6V9ddHpbW6u72R2h1Vm0yynVykU8auF3b+CAw3AYBBB4HUdMEc1wXi6Ox1SHzLhQGdWQkEFgeisMZGScHduDYwMcYMyas1naR28wWGONHVUYAqAvAKkDG3sAOvToTXDX+rJdSMXcbGUqNpGEYZG8jjA6ZyQTx6ceTLBTpttJ2bVrLS107rpv6X133f02Bx0fZJSlaVoqzvZaxS6uyet7LRPruvP721bTbgxMzSIdqxyHaVXkcEhQCMEDbnHXPJNULwQuNzxAyMVRnGF3KRw2eBgH2GcccnJ6W6InizIVkKuVUY+8uSACeMMucHGc4yOpA5uSJA5V2YqVIVwTt5xtyH3EYOOq5/OumKSgk90lZNXWrgtVJS6dL72duq+jo4hVqcWmnol1vayemu99b7NW0sYbW0NsNqsG6hRkMGL5H3myR1P06Ypsa+VIikhAPukA7WY8nd7kngf7PAxyVu4mXcFYF1YEk5YFQpxjqAR1OCc9Qp6CBTKtuj7tw3gqG5YA4yD3IHTJ+bOTz1O7ipU7WtJOO+unu/NWbd+mlk2kzWFk9XfS1nd/y3ulo/JtafPXWmheYLIkpZcgZAHGRtIABIKkjB7A9/4TWVbx3aPy8YBBYowZ8DAXOMKQOmOSOCBxm7ZXu0GDgFjvYZGGOf4dwHONwycN3X7uT1UbI0YdEDAgAoQGYHB7j+6cD6DgDNcc1yNXva9lZPS1k0rvfttutHY1ajOKUZNPTRJ9PNvfotm9NDziS3uLc7ZIRLFgyBlJyCcHqO/T73IJ6Y5OjBNCYw3kjcWIPJVgD6g4Psf7uPRa665s0i+UkMJFLnYAVBIAK8gYIyBgY6ZUVw2p2U8DloQ4j+X5cDIJOc4ABKkgHkH0zyc4yam+sdraN7Wv36X6fMOWa5VeystXd3aS1ulbu9Xd6+hpq8hi3xD5AxjyRucMcZPQsQAepBB5z72MNIu1yWdcFW+XoSWxjjIxgA4yM44AAOdpM900q+ZCyqyt5gC434wAQvIUn73PJPYDAPTtao6xy7zt6KmcsuT3VByOhOR3J9RXPJWvdqTVradNHu9G9Vu2/mzppT2b1WnTT7L1dvxlonbzMyGye4wxwqBSuWJ3BhnByAOCMAfQY6Cui02N7QpG0PmxoSXzycnABBbnOPZsc5wTgpCkUkIQAby7AZBCbVwAP54B79Dg5Gj5U48uVJgoAC4QhiQPUjPHUY6gEn5jzXz+PoycJySbUr2lZatcu/S66W1sna1z2sDWpuUW01s29H1XnpbR76pN9D0LTQLiNSLbcgULgY3rnJC5AJJUMBnJIIAJ6566CPyBGFtXEBwwBAJDcgkk9ecYX7w5wOa8/wBE1W6sbiPeQE2ZO0A789+ehIwWxzgDJ5r1rSrtdQ2mOVfLyq/MFUqeT0545JHcDjOQK/PsyVSjPmbbh7zemlvds1Z6LW1rK/yV/ucAqVSNou09FdWvtG92ulrO9r6rWzKTS+ZnfaAoikFinzZByDgDtkDdg8deRxqxRNIu3ySAQoU8EjPUAgEt7DJO0bVAHXoYNHMrbWfc4PygD5SOpDYAw21gDnKnr2roo/D86tE8hUx4wViG5t5IGOMZIOcgjnqQMGvkcZmcafNypq26T2d1+Hft9zPpqOXTkqcpRv106X5Y6pJLp1bd79WzgUtZJisBhcrnHOE3KB1yQCe+3Jz6n1o3XhWSUyPbTm2/iwCSc47ngHnAOBgDovJr3W00BZHRmhUlVOGbHIKkE4PcHGQeRjPBAFdBB4SSdC0Nug5y3mLxyRllAJOCAT0I7+9eFXz10rOTsm7621V09tVfZ79L6noQyf2y6qzsrXT+ynZrXbe21tbaHzIB4q0yPZb3TSqF4UAtkDhQAvIwBk4BAIwQOTT4fE/ixbd43MqxDarQkZSRMfMu1/vKRxznBHGK+n7X4fSvI8pEUhVtydR8ucABe/0wN3XmtyH4YW97DMLiKBZTgoQuwrnqQoAyOBuz1xwRj5vIrcSZfGpF1acL2XvaKTacdea3R6pXva+t2z0I5Ji+XkpVqsdErOTd9tNbrZLtv2PyR+Pvw40PxtcPqQ0g6Dd3MH+lXdmipHLcIuFnkVMAZIAyuDlmZupr8qPiL4J8ReCNUngv0uFt3crbXys/k3MSlghUgYBZOcE5wcZwBj+mzxV8FbWUzRXTrc28odAFOWTORtGOCATlQecf3SBj4x+LP7OFlrFrJpOqxxXGmsr+RMqhprYsDsKydth+XGT6bc5x+m8J8a4BqFCdSPKuWKjK10rLZt6pX+b9LH5RxhwfmblUxNKMr25nZtXkrXur216O1t11Z+DVtd3NtIHinkjkOGHzsDk/3cMfm2jHAGOxG049R8Eazr15eSRm7u3tVika8ZpZPL8lVyFlZSQFbnduO3OAMcZ6n4y/APxN8LNSd5Ld7vQJJWNnqUal40ViWEczDhWXgEE4JB7LiuX+H/ipPDlxdW01pHcWd8ixX8DgGR4icSeS2CcsMkY6N94lev6xGrhcZh/a0eSpGS5rw5Xtyuy8/u6dmfk1CWNy/FqNadWlUjJXUm1dqyV07Xi9elnrZ7H0X4F+NGo+BoZLXSdKMNtNeRSTTQMfMm8rIdiRwysSSQBgksMcc9xrP7T+qeIb25dbe5F67JbW8p2qtvbmMxSCMKoAyrDnqepYEVp/Cv4JeAfjB9ovvDPiC8tp7ERyzeHnlSKdsfNN5RZhu2nPTPGC3YnsPGv7MHhbw5a319p9r4kt9QezkktLi6ZTayXcYOIFCBjtZscjcw5GOa/NMyxvBmDzvkxtJU8znKF5VaXLJt8vLK8kk4q2ltPNH73lWe+J2L4fWGy7MK08lp05JQoODg4uLTSjTV72vpKzTd73PkWw1I32tsksjhBrFrOHLY+ZrqNsggcliSMfw55zjJ/rX+HEmn3Hw/8AhRa2lj5+t6h4esIN0qkwXMP2ZGVfMPClVBUHIOcAHoD/AB/w2WpaLrqwalbXNrKL2EzRzRujbVuECOgA53KoII5HBGBX9fPwAXWPFHwm+Fl3oQhkh8P6FpM11FOoSZo2hQMqyEKQ6EHHIGABnBOfwz6UOJoU8hyLE0pwcPbVoQlBpt89KLirp2slfW+mtj94+iLicVQzviSniOeFeVOg6kakZK9qz5nLm0SSk/ytuX/iZoWreJNAu7KDTLVtT06K7/sYXEYWaKaGF90MrsB9ogJ4QPnaMYPr/Kv+0EmqWfjzULTVbFLHU7e/1B7uCEAIsjSMDszwFbghlGMd8HI/sL8Q3/8AaN3qUdxHsu4LW6VtqhIk/cN5cqyIAvmEgrgHJAG3BxX8m37ZVhNF8aNcWXcGcTyBgSd4klf5mPG4HvwQRjnqK+J+jhneIxlXHYLEcso06LnBKTbjaUdV05ZJp6Wu7t3uj9g+klkFGjkGCzihCnTq1cfRhUUIxUW58nLdqybbV+bq3qrI/om/4Io3Al0u23uQsHhOMqBnIaQOFDfXqPf6DH3/AP8ABUuQN8KPg+u9izfFTQFyGHB+2xY/IEnBOMY4JIr4D/4Im26jSr7IYPH4U04EBSwG8Pnntu4x13cjOBivvr/gqSoPwu+DKcAn4s+H8dSuftUfr14PODyD1zgr+G+I86UfF/FR2vUxDVne7eHna+jS26de2l/HxTqPhXLE+mT4Xokr+zje1+ycd9He2j2/ZPwMyHwf4RzwR4a0fBxxxYW4JHoo/iPGOOOpPVSRrIjIf4lAGCODkjPToAf58iuT8CnHg7wnn/oW9IBzjIzYwnJJxkd+hwOoyM11q4yATwTgehPIPPPGSc5A7euK/wAHuJpOXEmeTje7zTGta7f7ROzts/O9z5OKtGnLVSSi1r/h6WdtO6t+NvjD9vey+z/srfEpY2ACR2ecEncodzwfUnsPl68d6/mM8b3kz+DtITLFXvrBZCGIB2xx7SQDyVBBOPrgjiv6hP2/WVf2V/iRlQSYrQcjI4Z84wSBxweByuMjrX8s/jyRk8MaRHhVVL2zbhh8xKRnooOep6jjPIOd1f7X/swpupwdipSjrHiidtdW/q+H1ve+qu9vS17H5b4oVZf2ZWb60LSXe1rbW7WfRL5EM0StbXKMu0C3fDE43ERk53DByrcjdkZ6HG2vzi8arc2viOSBkbbLfSTq4YHjeeTg9ByckjbjqOo/Rua6A0pBhWc20oYc5GVY8gdAOuRg8knvXwp40tkudRmYxKJYzMcgDcAXJBGeB0BBAAA5yAQa/wB2cgxSpe64X5oRas7aWgt230009bN2P4uz6jTqxp3SbXV3TSvDVJaapq/VbbNHGeNVP/CP6NLIMst0rM+SAQSoJxgdOBnvxgDNfuJ/wTXv3n+F2vW+NxSLa7KRggs2OpxuCnBA5PJHXFfh54wdpPD+nJIuVjuogqDBDDaCfmGSGPXHr07Gv2m/4JfXbt4Q8W2cjKkSPCNnGSHPODzjA4PYc85rzcPUpz4ju5OMXNtXevNZPXuvLu+pjn1KEeCsS4tR5KcbbNpXSd+y5d9dLs+xvEcIu7uazEYxEBNEzrh/MUHKhwR75GeBlexr5/8AHvwvvdfjbxL4ZW48MeOLAq+nazpm6Fb+aJdyW12kW0SJMVCsWDdScngH7J13wuiXzmNt0c4URsGLEHgsDjpkd+3BPGak0bQ5BeWtk6NLAJ487kxhyRg5wMjnPJztAGOrV+pV4YetgZQqRTbptqWl9o/qm7Lv0bsfy5hM3rZfjeaE5SjKTjOjpKE05R0cUnFrSzezvvfU/LD4Jftp+IvA/wC1T/wkXjzwfqN3qei6EnhfxVBoltJcTQQwSCD+3BawqW3RKpmkZQUCkknGK/fjwpf+BvjQlh4y8IeKLXxD4d1mzL3JiMcsn2tY/wB9Z6haHAQqSYnSVCQevzHj8KPgJL/Yv/BXB9LmsdNnsLrVPsOoabeW0VxZ3ltd2LLJHcWzoY5FkV23BlYFiTyVr9of2hP2QvF3wI8aal8cv2OZypjU6541+BUTu+lanFMPOv7/AEC2PyRyPlmNtEnU7VUnAr+FvFbLYviNSo1nhcXNXpVlJRUuWbShKS2a25rq19dj/RbwkzSjHhehGph4VMJUhFypcvNGmpRpyel2mldK3Lpe+1kfPX7SP7AWl+OrC+8Y/CPQINN1QQTnUfDFwEfTNYuUB3vY4UJBcSKCyqeCTjHJA/nz+KnwB8V+BNcvZ7LTNS0HWdOmf+0dCu4pILi2aNyHMSlUFxasfusgcgMCCa/qf+Bn7a3gD4raVLomru/gHx9YzGK/8L6oDaN/acR2SQxCba0MwkBAjccg7TkECrPxr+A/gb47+D9dOvraWfidkL2HiC3jji1O1lcExCWSPAnt92AwJKsCRjqDtwf4jZjlNWnk3E9KtUpq0aOMkrzhFcqV5u6qQtZrl5nbv09riTgPA5vQnm3D9WhTrKMpzw1OyjOaSbXJ9mS1tGyt2vdr+SPQPEVtr0j6NqyR2eqRKyFJsRJcSIDt8kyYPmnPA6MQc5A55XW7uDTtQezlxHJEQd2AQByBnBYA9jgcg5X0r6N/bY+B+p/A7xJBoXimGG21QWj32heJNLVY4tSgVWMTsQAFlU480E8tuI25r4K8OeDfF/ig/wBsXWtl/PJRJXYskrE4UMc7AQCAcfN0AJwc/wBB4LAf2rCli8BP21KtCNSEovRxsm7pvXe1ujvoj8FzDM45bOphswh7GrRn7OXNspRa6O7847ep6rdaja3ERdAA21lO0jBGOBjP8XtwSccZFfNfja0iW8SeJWCM2HG0bFcnrkKeWPqQAAc4HFfRB+Enii1hRDqKzysMlY/MZSjDLHIGAQD+P0Brk/EXwu8XxWpjfTmvYgu9ZFUAsdp24GAQOw43ZzzgCvocNk2KoaOm3JR2tfVcrTe70td79rJvTwK+d5finH99TWqerWusdXtuuydvkeE6VEHeGdwAclG6tuUhgo4wMlcHAPU9MCvQLTSrWeFSYlKMWGOVYMcncvGCAfy5ArAj8N65piMuoaVeRNG4ZdsTAKAcb2woBONp+UfMMDA5zs2eoS27GIr8kakkOrKVYcHbkckDnAUZJJ788lWnXpzcXFprqk97RvfTbTXTqvM3jXw9SKcZQad7NOLeqXb5bO6b8iSXQ4txhhYkKAeQQc4IGOhPp649RxT1tL+2kT7PPcfKMgNLL8p6jbhgBjAGAQPlHuacutROyAyqFAbMoHzbh1HJA5PfPP4CrVxrcEYZQwkUIoGSnynHUM3XpuGe2MZqIV6iiuZXXMl7yaa2726L011sxr2abcZu6X810tU7LXW+is3302ZfsvE+sWEkZCy7hgcTFyQCMPhmIBOOh9zurtdP+I88jeRqUdtcJnkXMW5sDgDdt25PYnvknABNeVC8jmlAQAjaBkMOPUg5yoz1U/3eMZUiyqQygjcjHPJcEYAOSpOO+cqM8YPHGRrOSvBXtJyV7b9L21WrV3fTba7u7pyk1ZpST5U779L2tZK++l/O9z2htS8I6srCSx8qfPzSW7FNoIIOwR4XGOe5GfU8Vp/COkzQh7TUJhuVisUiC4VmPJycf99AnPAbjmvIBasDvtbl4yF24DNnceCeO2OT1GQGPAIPRWE+q2ZR4rtmG07y0hOSehIYkDock9cnPSorVqtOUVCrJpWsr3W6fm/W/kaOhh6q/e0ordNpWenJZtt2u7aXa0uaVr8PY4re483S9H1KK4kJkXykjkYE8DBX5iCASSCcscEAKK5vW/g14S1Bc3Hhe5sDJkmW3XzI+Rz8sYI3EjC8ZztJ6cdnbeKNQjaNLi2DxrkuyEq7YHB+XjkgYIGOSMcYrrbPxgrlBmaDnaEkBlRs/Nkk/wAOOuMBVxgAULHyTiqlOnNaOWlm9lbp2vt0d+hNTKcNUUZQk4bNJXv9jTRvtsvw0PkrXP2ddLwy6RrE1tI4yiTqyqpI4DZ+bCjhtqjnOQOleWav8FvHGkENbFNRjUllMbqXYIccK2SQORwPXjNfpNH4g0yRlGpWlld7ySNkaowz64w2ABg469DzU40jwjqTtLJam3kOSPs8uSqng4UtjJBxtwcAjJBxU/XcNPelyS92/LayWi1eiSaWm915GbyOtL+HUTtbSf8A260n3fZ7Nep+R97oXibSJN2qaPdqNxwTC4A99yr0J6d8/qLqDwpve3kidkQEsAdoyOCSOGxjIOD8vOSTX6waj8O9D1NW8u+BU4EcV1BHLGAQQCxYH8mHuDnmvPNc+BNpdRhIrDR73zF2sIx5UhJHOPlBV2OTxjPXjHETxGDk+WNZRbcdJJKzVklovv8ATVrrnPKcXTj71Lninq4b39xpq8XJdVa/Tdbn50DVLXdG4Yq6LkqwXlmwCAenPTn1HOQMOluI5kLKm5XAaTbhnORyuAck/XII75NfV/iH9m+0QH/QtQ092YjdbAXKYByM4OcHHBAzz2JFeSar8ANeiZ20zVo3Ef3Y7lHgkbbgbcHaGI6Ek/eJOetWqcpO8JU5uyS5dHqk2tW29Ur7ddb3vxypTpXbUoLZqUHdv3euuj3aikmnt1Pnbxu+dEuUWILGHQqQOcZJx93sB1BJ4xnBzXNaEzf2bA6Jjapw3UZ45A/vAc4Py4GDwRXrni34V/EG10m4iudKe8iwAkkBEgwowu0LySeo5zjOTg5HHaf4b1jS7OGC+0y+tJFAZllt5UVhjqSy5wAcjq2SBwOVyp0pwrPnjaLg76a/Z/T8bWZvUqr6vZO/VXTTV+W1/L7n0ezHWGo3ljIZYHC/KDIqqCGXByrc4DHoSDg+2AR1en65DcmK2KFWkyZDI2PvHJMbjlCMfdJH3gMVzH2PJdVkAXcBIGBUrkkZOfTJwRxg+lQixeOUM2QkbZV1Y5wM8Y6j23EZ9B0PHmGXwxEG4Plqcqs9rJW2s2krK22v3nDTlG923utNOXRwej17bNNN6trc9MuIy8cStCLdVJCzpgk5PU8/MrZB4bAwOoxXl3jCxlhkjaIeZCzNmTZhMk5wNo4HYnkbifUmu+0aYXm+G6lYIqqISXxjoE3r33AgEduSOOBZu9FS/ZrCeQDc6kA8ovfgg5HUcEnoOSRmvh6U5Zfi2q8neMuVttXcdF0013va977aHpU5T5k72hdKSdru2i3tGz5Ek0m9+tr+G2UN1lprJX81SwYKrMFA4w2MhMA+hDDdkkdPTfB8up3bPLMI4PsQV2mmUo0qqW3KpOAxJI77RnrySPRdA07TdAsp4YrKKS9kMiE4VlkUZwSHLbeBjhVY+pxXFeIrqeRUgSJLWJ1dI1jfYAQcnechiCxOBxj0bqPUnWwuZx5ea7Stq7N2Ub62Vno17tumuppOpGSskm2o6u+t3HR7rta+ib+/ojqkd9cwtG7QyQSGNgpUxj0dgOME/wA+QQDie6WVZg1tMjzDEk5QhgpGM4Xgc/wsCR/ujOOAsdUjsXghuFID7Yp2XnzApyTkjIIP8WAccdc56LKRM9zaSkxyoWiIdtwAwdsgycjnjBBHPYV81i8ulhqjvqrp/FbRNNvrvpvrqvNmSTdrO/K9X8LWqdrPTW7Ta5bWs7I5vxNueQyGZklaQlcgqZGHRiOOhzk/xcZ5JFc7p921pMY5G81n2rJGxyDk4DKB0I4yQABwe4roNUaa9VESMzEMSztu5B5LeoTgjPQfL6Vz1zbypMWiiCyMvllhyshXk7TggAjCrjgYA6YA7MPGLpcmi0irv4nZRt5XT3Ta9LLVwim27ayaV7Su9Vr23asn07mnqoDCBvJVMMVJGASCQykkHBHQZ79ODnGJPNckO0DsiQ4JUFupxkoR2IHbjgdjTob66VZra6DF1jYRggsBgnjJHO3gbVYkYHQDFVZ5ZLaGG5OE35ztyVbAGAykZ6HnJGCOQecdFKjaya5uq0tzRbjbayuk2krvW/TRSo8t3qldJp8qi7Na+7o7auzVpNrokx9perKjiSHcWLAPyOQRndnGTk8HGG6jnJHS3Ynm0+CJI1WKA7yNu4bGC/MrDncDkOOuORXBC73nzNwiYsSYvl2sOmBgcdyDgY4BBwM9joGpmWGTTmcGOYPt3gEq2CFQHqvb2I9ThgVaMoSg19lrT7lrZ679Lt21u2Uk0247bu9+jTsmtk7JPZq3W57Z8Opfh5L4U1yy8TyyWus3pMNheKuYxGEyjLnhXRsbsZyB0wawvA2kWOseJm0Szuy81x58dp86xrcSx7hC5J4/eHHy56Y9q8le6McLWpXZslYKCTgsAQSpGOSAxHQZ6cHnsfhjdSL438NSIFhkh1K0PnH5SP36kq2TyWA+X7w9810QpQrOEZw1bScdm07X3u972b2NOdyUNm01KPxK2kdvS+z367I+rIvDPjHRdGfSPFFiyaYZzG9vKcGEg5E8YODGrDDKwAU+uK871HwvLa3peO3U2Pmo8dxzkoMAoJAcEjqx5cenavrz9pjxJp8UGl7rtjd3VlahxCqrgJCCFdV6tnALcnqdvGT8t2PjpZdMW0ktA627hHWTG12cbVkXcVwQCpwCQevTBrz80hHDVqkKd2oKPurW2kfismm7bvokr2O7CVKD5I1HvGMnJ6tu0VotUt/0dlt0S6UklnDJDL5ZDAMjEZUgYAY5wxYAEemeDwao3GnTbm+VNykFicjftA3KRnBPzY69Ofp1fhu5i1HTriNIU86BS7btuHByVKH1HAXpjAB4AyqDcwkuotm7cqscAbhuX5hgDIxg46rnbnPGWCxXOkr2atZe8tW46JN7brRXevkz6SnUhKMPZtW5UtrX1jumnrffW2ullc4meJpGIkhUxbQwZMBtyfLzgHLYGPpgbQDVWUIcXCM0a/cKn72cYPAGNpO056dec8DtpbGKWLzE27w+1lUgAc44A6DHXIwSTn7xFZlxp8DZjcZCozhBzg47ORkdM8cAZJ5JA9qEm0r992u1l20W2js09NLaaSje3Z6X0fRbOytZ3bTd0mk11OCvE2KAGXhjuRfmYqCxycZBBH3s8jPfnOa+JvmEZwDtJ3HlV55AHt37rg+q9XeaBySkoVhyCp+VlOcZXJJ4zkYwSAfesSbRriH5Y3O/d8vQqQ3XpwAByQee/HBrfRe8tU7b9du+qb0T1V/M55Jp6b2Xkt03rbfpf18yk0vmW0nzYjLAAIBk7RwQMAkL0PU4yWHBrltYkZFdXUMPLZhknJJXpuIwGON23rnoTzXVvZ3MBIZA8ezICgYDHBzknhvUcg849+Q1aeVLKRZIWO4sNzpjC4A3DIyMZAz8wPQEHFCvzJdU479fhbfZXXTrpYic3yW200fW+997WSdkr9Xrbf6l/YmeJdS8ZZQ5FkSOSRnBB3ZBU4Jzz7ccYPyf+0JekfE/xLhmYNenLBsHGFG3A4HUls8YGTX0r+xfOyaj4wCvhHtQGIyFA452nkdOwGdvQc18pfH5Ub4n+JfmOftzHcehG1Rz9ST07n3zX0GHirJy968FZNXaa5bW+/y6+SPBxUpSw7e3vxTv1a5er8+nZO7Z5It05UlmDRsxVVDHGBk8kEsB3JB6E9jy5LsqpG8gBgwKuwBG4c7QQDwB6ANyTwazxG5RtpIAZSxC9eep4P4nAzyODimurlgSDtxt27Rw2AQckcA9ucdjzwunJFuScI2tHS10r8q00vrpu15t2PI5rLRtOPK/tJLSPVe9d2S7a3a1OitfEmqwYeG+mVhwil2JCg4+6SFZVI4ySDyMYPOza/EHXbeTzWlMp2kAMHIXjapPJA7YxwCMZJxXELneCxyFJBIx046N0IHsQeOowcoWDuoPyoAQSQeccLk+3r6c9CaiWFw84v8Acxa3vy27NPy0S769hxrVElackktLtNW91qy01T2aW/V309ZtvijdIFW4jBPDbY8EZBJOV54bBLAEYxnOV46O1+IWn3LJLOXifkAFQYlHoSOOSScjuAc+ngqxq5DDaGVjsyABt7E4yTnBPrzjsMu+VQFJJXGWG7Kk5wDxjjkYwDjqcYJHHUyvDSWkVBvaz1T91dtdevfr2axVeLUnN6taOV7fDp0Sv6ddbNn0hFquj3+WimhwzYZdwVy57qWHAPQjBGTnJ7LJFGisttc7Mjd8vAVlZSA2D1YkYboSSRuKivnZJ5ImXZMyAKSSrEDcM7QTk89iVIP0zWlBr2pW4AjuptrEZVjlSoAIHz88dcjKg9eTxxSyR3TpVHttLS22i0bur+b217dMMWpJcybtFWtpsou2yTtum3qttXY9+iimRBL9oImRldSrk7iMHI2cg8sMHkEAtnmrul3+tya7dwabrN3bPBZLPtW5kQh+Qw2bsheDwOBtBI4OfAl8T6vHlhO5VsyBVwBkHgN+HpgZ5zuY53PCni+SPxQZ5wBNd2pRy7MEyBlRzgdDz1B98NXBXy7F4eE6l72je6d9LxbstXrbZr89euliVUaV5Ll1bd3ZXX8uuq0UXfqtG0fSNl8avHugeXZ3V4l0isFZLsiRmVdq9WyCrD+Ln7wXOSM9jD8dtF1JEg8QeGNJvVchZJBYoX9QfMMZPzdgM7cHIPOPJZv7Nvyks0ce+Rcq3LhGbk/P0VW7gHo2duRzDP4XtHhMtvKsfy4zH+9XPAz3IYDHLDJwegPPnRxtejKLcpQktHukttHqkr6vz6s6faOSaahUTv8AFFNuNkrXskt/8tj3B4vgX4peM3Okx6TK65eS3BVVLgk5HCru4XgAZDHg5zz2ofs+/D3WEMnhzxUbZpmJRJ5FIBLEKOnHOOoPc4OePF7jQNWs4zJA7yr5ZJw4xxyu5SwwMdDkdiDgGqUd5rlgm7FxE5XIYPKnQnBXleR1O3rnjqa7aWZ4i93OMrpX5nvflto00lvoum/Yzl7BpxqUXB2Wqd1ZJLs3172vdX3O81f9mHxjZsj6RfWmqxgBl8ub5mHDYJZiASBnJOcjA44HmWrfCv4jaGxa48OXrKHbe8SvMjBSenl5J3YJyAf4j6Z7vS/ib4t0po/K1GTyyPmSWVnxggbfmJK4HUDHQZzkkeg6Z+0N4gtnK30dvdEcKXQsGXkYYFcHcMd+OATg130s1knapTi3zXevTTRaNXd7xulZ37azPCYWUU4ycb2eq1duXb/h7Xvu9/mBzqungx39he2zhVULLC6bcEgrhwOAeOcnjHUZqzFqVpIv77KMqKARkhT3JHTPU4YADoBnOfsq2+NPg7Xg41/wpp1xK8YSRhbxc5HIUlAcnjkDPHYnImm0P4DeK12Npz6PPccPPDkKHYEZxnAKkE8rgdATmumOY4WbTmuW9lfRq+llbRPdrZd+7MJZbzJSpzT2Su+Zr4b3S2bbte909kkfHsL2EwLLKMqN4IwCWyMNsxuOM5IAwQR3FQWwaXxNp0P31ZCHONuVIzjA4ByQeevORnivp2//AGa/CF+s1x4X8fxRlTuSC72qDg5VFKEFvY4PzYCj083vPgL4/wBD1Oz1Gxey1qKAswnhuUJCgHHyFicNnH1/Topzw1RpxnC7acrtWteLet93rdW8uhz/AFPE0m7JaarlS8r76LWyd329D5lguLqa7ljuHkm85VVXGSvJIGW/iyOT8xx+te0eDPh9ea7YSXNq7RxIjMzKWEjuvOYxIwDBSQMAgjpjoK6H/hHvDOlx2i3VuyKWLSxqMy7QTuCuNzYGckEA/NheeDr3nizT9GigstEu5LS0jzMQBnHQmPcfmPGFK8/dHXIx8ZUzD2sXCgk5qyvKOlny9WtVfV9bJJLW5x/WIt9Fe2+js7WTu9nr2uuhzEmq+KvAlysFo0gjSRAk0y8SKhBUjd93B3ZBJGTwAxJrsZvizJrAki1whpEgIySBEH2Y37N2WcDITPI6jGa5fUfF6eIg9rL5bPOgWGadUADkbQY+4LHBBJ55OeAD514j8JPpUUMslwj+cxZpI5Mx7uDhTnceMDPHA4x0Exw1Cs6ftYqNV2ScVo7WSsk93q9lpfd2Dmkre8ltFW1Sei2+G8rqV2ttnsjWGtWUl/c3Fn5kqiRniiJ4i+bLPzwc5yOpJypAHNZV7fILlnFx5lxOMIhUBRuwMYHYdTu4DBv4RxzEKm2jljFwollGHVSRgc4YsDnIGCduO49zQkkkLHY+42+GDMpZ3HQ84J4zn+E54wvUd8cCpNcqbask7Wvttro7Ld2V+7ZzTjPmXvp8z7crtaO1rttK/wAT1WttDYm1W4tZHJC741AZgGwSOdqbtwBI6gYG0jO3OTjz36XuyaQhJFAbfxkYJG0DOM4xkn0zyRVm30/UdcmSG1t7m9kcBVS3jd5JGJ6hVGeWG08AjHHWvof4d/sq/Erxi8Nx/wAI9PYWUgUCe+jaNcFuWIYAkFTu+YHGcc4IHuYPJsVi5JUMPUnLTaD2tF6uyStqu+m61ZnVnQpRUq1WMY6vVrX4WrpO7b8lffre/wA2WsonuWjggMruAqnblyXyCVAwAQTgsOcHuea9L8LfDbxL4jmWHTdFvblppFjSRVOFB4JBC4w33cE5POSea/Tf4bfsJaXpk8F/4s1WGZh5e60tY8KOhaMEgEZAB+XkHk9Ofunwd8GfAnhCzSLSdIRCWGZpPmkIxxtyDj09OBxxX2mX8B1qipzxlR04uzlBW5raPdcyW/VapNPseTXzbCQ0pNVJdHayWyS1cm0lrrbe8ndu35TfD79h/wASavDDPrk66SjMr+WT5k8kbEbgACdhIzwcDk8c5r7o+HX7E/w60Free+0ybVJUVXMl4QkRfIYkqMbsdWG0nGCQeK+wEgs9MZTDbxxgYVcKrPgAdOgx6g85I4AHLrrVNRvUSCFZAhbCEAKQoJGSRyRggEk/jwCPs8DwtlWDkpQo88l8MppvVW2VrK9tHZpvyPOq5nWq6KXJHa0E/wC6ktEmnqknbayte6VDS/DfhDwPCsGm2GmWG1Qi/ZbeEMMg87tgYnHU5AzhueAYNT8TspMdrCXH3EkKOSMnDFcgYDMSSQSABj+E51IPDF5qEircuSmclRmRwc5GH7c+p54PGM1pXOkeHdERZ9ZvLeBY8MITKTK20jAKg4yQOBk454549yGFp0/gioJbrRLRLZNLl0b0s9b7W145Yqba5bzel3bRu8d207Pr9/z898nWdWLGR5iGYFFCyAEfKDjHzYGcbix74ODtrpLHwa5AN2dig+YZJSY4+pyRuKEkc9ePYjrDN8Qka4Nn4R0KW9lK+Wly0ZMYA4UqNp6Y4yDjA6nIFlfCnjbxDIk/iPU5LC34P2aAsh+c7grAEZ+XjBPPuK66VFSsoRbd97NLpvLba22u+juc9WrJtOdVQV0rXu3dryXbXZO9rLcmutX8IaAxjSVb+6jGEt7Ub90uRkkrndkg43Hj2JArnv7d8c+IJBDoWjHSbVjtFzMpWQrymcNtAJHQAnOOMDivVNK8A+H9KMRgtknnGXknuBvdmHU8jO7cQQeecDtmu1hgjV0UoqxBBsjRQvzY7ZHHQcEfMRnqDjtjhJSspvTSygvNX1WqV3Z8qf5nm18fRovRKcml7zd+Xbtppr/wLnh2m/B671CZbzxTq9xeSEl3tw5K/e6dQuDnBwpIB7jNen6f4P8ADmjJGdO0uBZBht8iq5OMEnpvHOWBzlRjt16yJ9jGViEyDGAWDELzzhuVbrnsejHHFQmaJnZgPmCsOSACgz0A3ZznpyTjnj7vfSwNOKTUV6teUbX89bt3a3fY8qvmlSrGyk0rXvZK17WatdbavW/XWxRmupCPKjAVQoYKu0bSDlQhGM5OOWJAxjPc15ZLmUJgfIoUdMlmwcdOcA4JXt9eKWWTzWICKvGM/wAQG7JGTtHJJOOhyPmHQXI7mKEFslY8YBPOWIyQp4z3GevTgkV2KhCnF2SUtPna2uit62et76X08zmdaSk5Svpu0r6q2jve+ium1t6EdtbSRss0jAlyysqg52gbRleQMcH+9wPxuK6Idmed+SOABnOMkHHJHXB78DOarnU7aFD8ykBiSTgA8E5B55wCcZwPX15nUfENrbxkptmkJJCoMtuOSBxluOfvY646HNROfJG8mnFpP3dekU1bTt3erRrTpSceWN5Pa1tWrJLZK2llfz379FIUSUyPlyQx4wQCSQV9AVAz1yR27VkXd/aR7wJ18tSCSSrEMeDxznnCtjnpjrmuC1PW7kIZLi8t9HtVBkaS6uFhBBB3ZZ26+nQDP3gTXz947/aF8DeDzLZwXg1+9UFlgsfmTzMcCWUkr99ecHABHB2ivPxObYTDK0ppOy06rRPSz0d3fzb3PUwmUY3ERjaDS0Uvd015b7pK6b87Jaef0zPq3LeWJGUFmDjhcAnbliCAOMkH+IkgnrXA+IvH/hjw1DPL4h8Q2dmQGc2wmR5nXnCiNPnJbheBlc9ATX5zeN/2nvHXiaKaDSpE8P6fIWj8qz+ad0ycMz9V75257nqa8IeXxDr96k1xJf6teTj5GkaWd9zE9QwI5UjAwACoYfeBr57EcRVKz5MJBt2SUmm97K9urS2+evQ+kwfDlCgoSxc0tbtLb7Gr13Tvfray12PuPxv+1rZRFrHwVpb3cmG8rUrxj5akcZRCBnA+YZH+z7n5P8UfFjxz4zupG1PWL2aGXcPsNtI9vbLuG1QVBAcEHHA5Wum8H/ADxh4ieKa6jfS7VjmR7h3V2VsnKoccbT9wA8buBnj6k8LfAPwnoCpNeoNVu4lBO5TtUqASwzjIDAnJ6EDPYjznhsfj1zVqk1GUl7rfKne2jT26fy3urrqexHE5dgfdw8YynG9nGKunZbuz6P7+urPifw58PvFPii4xBYylWUBZpEdUUMT8zOfvYA6nrjIr6T8Jfs92lo1vc6873c+NzwLgqO3ztnHI7E5wMA88fUNtp1naR+RY2sUCoqoi20KHKkKOSqgbucc59Qc5rUums9NtFuNWvbXTLdUIzJKqzPkDJZMhuOThuDju33emllGGoRUqvK2l8Umltypu60tdau706X1OGtmuLrNxoppNWio3cr6ddbpeV7dUjk9E8E6RoW1ba2trZREG2QxK0j9gCSMkk4Jwue/Q8d9/Z94mk/aFt1aOORUMk4VY443YEbSQpACkA5GerDnOPJNf+O/gfw0wi0iBtbv41IEjjdE0i5G4kjacHaABnA6Ada+bPHn7RXizW0dIrl7K0WRTJY2vyRiNXHyswxg4BPpyucAmoq43DYe8KfLorPladr8t+m3k777a2M6OXYvFzUq0pRT73u/h6d77+r8z7Y8QeJ/DPhiKKTVb77ZdIqmO3snBRMqCEd19DwQdv514T4j/AGirtkubbQ7SDSoQShmJDXDdgRgHI4zk56/98/KGp+KtX10O4uGit7mON3ZpCSu4AgNyNpHTCgHIxnJOa1jEu0vLIZWDcMxIGMHLEnBP/As4I7dvKr504xaUklq007tv3brzV7u+n43PfwmQU005xUpNXs7cv2em6tve3c67XfGOveJblpLu8vLklyFllmbYoJP8AO0c4AGB1561xc1rPcSSm5ma4djgKzfKqnoBk+nzAgn2B5NXTqEUKSLwdhwr5Aj2g8klhgnnJJDfU5xXG6n4qgtjIRKJWmYqkUQ3PjPPI5QZB5PQ5PGefm8ZnXNB80rWk3q7u6cV0033621WiR9Bh8spU7Wp206W391JX69Ltp639DqYzbWoES4RQp3qMFmZcDKsRnB6856DsQaqXviK2tY4zLcR26LnBwDMQOgC8ZGOgGeeMk5A8g1zxsYIme6u4dMhORH+88y5dTk8oOcsSQAfmA5OPu147qvj+WWTydMgknlUki6uixdyehjhyQoIORtUZAxycV4FbNJ1GnTu3aKctt3G17rvfZPX109ONCjCNmldWtGOrVnG3yab2aT1Xme6+IvGjlZTaqFXBdLu5bbGOMMRGQGbHGRtPOBwDXjesfEC22nfJLqt1GBsCsyWiOM5HynkA9jn1wMnOBa+G/F3iy4jab7Ttk5DzF4YFyedqjnA6ZK5wNo4NemaX8KtKsBBJq863MqkFrK3IYMT1LBeevLFsgjJBz14p/Wa7vKTumrLo9Fa+9/mtbdk7dEb2fJFRsk+aVrSu01o01f06W16nkUt74m8TskECzFZvlWC0RkjQHoHkAwTgcgnkZY9a7HSPhfcM8curzmEMAzwIC8mM4PmOfm5HYsSCMYyMV7ZaWttYFLaxsIrYLwiQxA3Ei5yN74wowSSc5wflOcgdlo3ha51KUSXbsiOFcQQKQ7nrhnPOdxwQcY5PUcehhcnxGJknGlJxdruV7dE7aLrfVu++5yV8Vh8NFurNOSto3tdR1tvo+v4PU8+0jw/oukoy2NjFEqcNPKoaaQj+6pyc9gePXnPPR2ek6tq84isbOWSAMN0848uMK2eNgGCoHJJGc4y2Onuek+BNOgKSTWe+Y48sSkuEGcjcMsPr6kdBxjsItLs7ZMSSokZ24SNVUFlBByFwSCew49AQCD9hgOFKdNRniWr+67Rskl7t029L3d+t1sfN4ziNtOOGj2s1po7eivd3V+jdmtTzPwz8PYVlSfUz9s5DG2iGIYyCCQxBwyc/M3U9+S1fSOi6bp2nWca2tlbWMe1lVokVWPH3ncjcT8uACcFeTyMNxVldxxu0drCZAisqINqrz8oywySc9dxbHzfWrF9q8FjETql8kEaxbxBG2eMblU5YN8ufU/dzjDA19bR/s/LaS5YxTsk2kk947X173dlbdW3Pl61bH5g2pObjK2tnZapLXTrZ7WsrPSx9H/CO60mTxAtu88IkEJfzZ9o2gE79meQwA+QA44wM8V6R8U9b8A6P4Z1e+1DUftd4qyC0hUiTd5alkTAG0EHg5AGMZOFr81rj4xP4cmN1pcYLxyshnZm3CE846ZLYU4C4wfyrJ8f/GBvE3huOysOt1FLLNK7MXWRkO8E4GPmJwMrgAdeBX5JxxmFWpVlWw05wp8sVa8lFOyV7Jq7dm3frrrufqXBOBwcKChiYwlWSc1fXV8qXa76b220aPpr4e/HPwH4Q8Kand6i0V/qVxdyy29uIlMyQszBIyigAFFyFfAJx0GMj5h+MH7TGveKZrnQ/DkI0rS57eQSKD+/ZZA3ChDuDHoM/XGOvg2mxTnTTv3Jd3IKox3EkLkZUAEkg8ZA6flXSeFPhF418Vass9jokzQ5iabUroNb26RfKWYvIFUoVAYAHGPoDX43Of8AtFTEV6slytuMXNxi2lfRaX+V9tL3P0nE4prA08LhqcacHGPM4xXN3+LdPrbrazZ5XH4Xv9c0i9vbpppBHveNGJ3GUnJdnfOTjI65HTpjHpHwc8HpqEgtLDSZ7u7LKkrwwCVmYsAmWAIQcgMx4wc44zX1Hc+Cfhr8NPCF5deNtfj1nV1SQw6Jp7qY1dk5SZ4j8wTOM5HCk5JzXiXhv9oCHQ1v7bwZpllotvEjbJY0ja52gsTulOSSQDwrZ5HrisqlTH5lhq1LDRqpNwiptclNXavZv4rpXbX52PnL4bCYinUxE4Ssm5JWb6NX0327pt+qPo5fgnCkMdz4v1yw8L6fEmZYPORp3jwQxCE5yFBByCMk7hxWva+MPgV8PbKZfDGlx+JtStDn+0tQCMkky/MCEI2nnowBOODjChvzo8X/ABe17xFf3ktzqN9cCVizLcXMhjBJyAE3bQN2MAEDGOnfj9F169e7BmuH2uwZIskKzB1zgZ24BxjoPXnkGE4NrVKHtcZiJ1HZS9lD3Yt6N3aSb2+bXyXPV4lpPEeyw1JKOsedrVq6V9mtNdLdOx9t/FL9oDxt4h09rbSbxdH0qZVjOm2AEKEE4YOyhQEPQfLkjAB/u/n78Qrl7kzXMks4uGctcSPK7GTKEEqWOSM/eJB9ycYr36crrEKwxXEaTygearMPlCkccYC/KQfr14rwfx54cvbO/cSB7i3ZMLIuXVTjIJAyD1ORxzgntXv5RhqWDmqUUqfK1FRel7uPV6/8O+rMMViamJhKTdSUXa13om0vsrVLXpbVK27PDpnnCifkB8IozuBwcZ+6e/zHpjv7t8t2cE7fmwWGSSUxyuMcDqPTA/CtoQ/Z0KTOoIkICBST3xtBHBPTIGDniu78E/Cb4kfEfUo7Xwn4W1G7VysYvDbPFbBc/ead12DBIzhgMEDuc/d0m5qKhdtJNqGuiSu7WulbZ3Wj6XPlq1OpKWt0m0mrKz2Wra2vZW033ejPP4LkJn92AoBCFjgM2TknsQMgDrnr7H0DwV4N8S+MdUis9A0W+1m8kKokVlDJKq7sBRIVBCAEhue2RjFfoT8Lv+Cea2cVtrvxh8SW9naqyzPotm2HwCGMUsjMCFwpUlGyWIxyePtrwzqvws+Edv8A2V8LPCVnPepGIvta26yys6gKHe4ZXckNg8E+vCkGtaeDr15csYStezv8tLad/Ppe2o1Spw5JTlslJLS91yr5W0smnu73ur/OXwV/YH8RPYWniP4rarD4Z01pIrh9MQoL6SMDeqs5O1Dt4IxkYzyV5z/jL8Ffh94f8eaU3hCNr7S7hEgjtEnMszX9uyjzJSCw2u2OEXg9VPb6m1LVvH/jd3fW9VlsrJsFbWJnijAByE2KBuwOCcAZ968k+I+nxeFl8M39un7+DXbYzyvuP7qUhNxZhuHJ6A4XB5UYz24bIqEJc9VxlK6Vtfd1V9bJXvf3Xvb5GlXNIwgqVKMlFNPm63SVkmtGnrpotHoj2LwveePLnQLDTYpjomn21klu6w5SUrEm1MFRvyFBPynPVicVH/ZFtHK7XUst1d7maW6u5C+SPvYDnOTg9OueM8Gu6tdRtrG0WafOGt450JIZJXljDABRg45/h6YJz1I8i13U7u4vJtRmuINPsY0YtLcSrCmASd21sDcFznAII9hz1TwODwlVqMYJvVtqN224t2elt3v52tsXQxmJxdO8pyUY2SSbtbTzu2np8vO51cuqWdnDhDGqjAWJflA65IAOSTgcHJ68ZFUpfE80do/lhYLYfenlYIoB5LAnbgdCXI5XBBxnHyF8Qf2l/APgZbm3tblfEGqoHKpAQ0Ky5I5ZQQRuHC8ggdByD8G/Eb9pz4gePHe1t72TSbGYkQ2Wn7lkaNzgL+7AbpgcnBPXqTXFUr043UFdu8b+7fztbV7Ltt1vYpwSdm9LRtZNy6J6fO76qzd9z9JPin+0Z4E8C20izaqmtasiOi2VrIJAjnI5Kk5y3HBPfpwT+afxM/aK8TePLiRbRv7E0wSMsUUDMs0i5PDAHcWK9skdVHGc8v4W+EPxG+IEkd89rNp2nO4a41jWHeNWXAJkKS4kIAywKnaeORiveNF8E/B34Yss2tXH/CceJoRu+zgh7COVQN3TehAbIAbICgjaBWCnWm7x5qcbfE3vslbbby2vZecuFOVrpW031a1Su0nb1u32Vj568J/DD4i/Ei5jOnaZeGzeQvLqV+zwQFDhnlzIVEgVST8uc4B2+n0Zpnwi+Fvw1SK/8dazH4k1pE8waRZMrRJKBxGypuONwOVccjAOQTnsdN1j4s/F28h8N/DfwzfCymkS2gs9BsmVUiOFHnXMUYihGCNxBHGDuAAr9Bvgb/wSt8Ta9c2HiX4za4NJtn2Tz6LBN51/Oo2u63ErP8jEcOoI2DPQDnaOGnK83JztytyndRvpsrJ3WmiSut77D56VOyTi3pZJpPXbTpfsmrXufnRD4o8f/EKWPw18M/C9zptk7iG3sNCs5JL6ePO1QfIj/dlv4ySMfeLdq+1fgp/wS6+KvjdrbxD8TL9PAmk3RWeeK9f7RrE8b4ZiA7OsL85ZX2kHrnC1+5fwn+AHw2+E1jFYfDHwRp8N4gSNtXltVuL2aQYDT/aJEZ07naCBycYzX05pXwovtZljvPE1xIYdin7FFI6jJ+UDauBncwBGNoBHTAzU5UMOuapKOltXrqmvejC/bvrpe3QqlhsTi2lTjPlvZ6WSTUW9bq271aT122Pzp+EP7Mv7NHwIktRpfhp/F/iC3dBLrV7YtqMplXAMgj2PHGwbdjC8cFgSK+z7H4g+GJfKsLG8GhxgeWU1G0azVFH3YoY2RFUDoT0OAc5wR9XaD8O/CuhQ5tNLsrfKglmgRpWLA7mLOGJ68jcBjngjFY/ifwj4JlR/7V0bTL6SSNtjSW0G5BjJ+ZQdoPJyD1P1K+VLHfWKjhT53G796KTTvZr3VdLXa/Zbanu4fLY4aMalTk5t5J7aWur6t31Vv0TZieFfDMeuxW7xa1pdzZlQ221uoHZ2cAhnKPnfyD0GAR24r1jTfh2tlvfywwA3g/ePTg/MCGJHIwQTyQP4h8G+J/h7oFjdtd+EtX1zw7dFzJEdLvrnyFkVupgLCMquAoG3AG49ueWk+JX7SngINcaf4stPF+mRkCPT9QVUvfKAIAV9pzwMZzjvjGayqZRmddKdOo2k01Bwasvd0aXrf5ndRzTKaLUakFGSt70ZXjbTptZO/f8AE/SK50y302Oa5ZREyZJMrJgEjLMQeSM9hxk5968m8ReOtJtVdLcrNKCyqyMFSMg5LnJzwWzkcZx0I4+Ctf8A2xb+aF7Tx7p2qeGL85QTLIz2TuOSS46AtjjkAZHAryjV/iP448Y2jPoRabRpNzJe2LBzIsmdpaRScFgQCcnAGRx09rJMio80Z42UpVU7eyt193roreWm+vY8XOc7qyi44BQp02leorczTs1fdJ6p+Wx9j+MPi3oOnxuL7VzNKQ7iygcSvITjah2ncPm5xgjHbANfLXjD4x+ItYJs9Ft3sLSQkI0W5rmXccfMOdpORgkDHr6+Z2XgXX7poptSuZEllcyPJKS7hSR94sSF4zlQOfY4FelaX4cstNjUlt05KgSsd25l68ZJGew6AgcgAV+oYPLoRpKMKUaUEklGMY+9ot9ldbrbzd7H5njcc/aSlUqSr1G9Ve8VtZR1eul/RdTjtP8ACmuay6XmpXTohbzJfNZnklJO7BDMSCBn5RkemR19P0rwrp1gI5BAtxMrKXeUfKAMHBDdAOgUAEggABeK0ba8itSolfezMQRtGHwSAR97DYzjG35h15NdGjQGDzkZm81SZF3LksTlTzjGMHJ68cDjI9mnQhBRtFqys7q99Ya9kltbR6v5+FWxspuWqSvZXaTurPpp/TVlZtS27LbD7iAFQsSpjaAMZAC9jxxgA5OOop0l8E86QtgFSAjAdeuEIzkZPIHIzlgp4FNCBJhwMlhjnCqoB6cDAAPqB0GOuK900W55QwOzO4MRuy2F+QZ6rgMT2yRzwa35KS3lbZpqy1slu19927adU0cqrOUE7OUlfZXetrdE+uuyvZK/SVdUw7BmywwCSAAnH3VDdcZ65yCPlIqjda5HbhnMqhZGZc53MFA79QD15JzjrzmuY1LUIbYMwlBLpgqW2s7HgDI5GDkDABHoeK8s13xTFbRz+fcx20MWQXmkVYwAPnO5j2B4HUdDgCsqlelTV+ZLRLdeX3q+q79ErGtOhXruCinZO9tX20v0tt9+/X1G/wDFdvAu4SIAUc7SeSQCBuHUDp056EZ615Zrfj2yVDJNdLEkZZ2leQIigZJOSQOADySRgnsa+N/if+1L4P8ADD3WmabcHxHq5DQwWmnEXCrJn7rumdw3ds7sfKMdvlqe4+OHxnuwZWufCnhp2z5Y3RTPA5wF3HbITg8Z75GCSDXkYjMlfkpc1Sabty3btpv+Xku2h7eEyt04xnWairfFK6u7LZX33063vqj7K+In7W/g7wX59lp0p8Ray4aOG1sG84iUdmZN46kDAx6gkkk/K2oeI/jz8eZJUu7u48G+FpHysUZaO4lgbGQGXa25lxwR1wcHpXqHgD9nrw14e8q7uol1XVCEd7y8BkJkJ9GLfNnn+EHIzlsV9I6d4ct4P3ZjC7R8gThflAwTjABHA4I6fLwTnjjhcXjZWqzdKm2l7NNqUvh0ck77q+muj1SevoSxWDwcbU0pzUfi91q65dOW2m7et766XaPnP4f/AAA8J+HfLvJbNtY1Rf3kt9qGJWkk5yfmBBVmOSBkkYzX07pOjx26RxxQRQlI8KkSqqqcd1wApHGMc565Fb1pp0MSJGYQNrDABA9CDngE9eD1wOQa0ZYlt5A/l4jMgBOOTtPXIYjaehx6L6A17WEy+lhnHljBO0eZ25m7tXu9X666v11+fxmZV8ROKveMrqzumlpaS0Vuy2XRNbqrDp4jX9785clRgAbfXbxyoJPXkHrkkVFLbKhZfRdu0AEkgYypyBgE8jPcjknFa01zFtjCgEMc8scgDPftnpzxn0qm82W8kHAVCVY43KTnPB4PQH19MnGfTXLBXstOyvZK26UbaNN3tq99tOJxTaUr3lq9bvW2l766OyXbsYUjPbSHaNqAAEPyXJOflzgluSW+nfqJVvZVdJDkpkKqng7hjO5QSu04OBj0wpNQ3UAaUksHQEEYYgowXJySCo9OBywP40JZdzt84JHP3to3DqMDABUZPpwQBhgRjWqxbtzcq0s9FtZ669La221dtEdFPD6JSdrOOuztdSVtuj+5prqb99cJcQhJk3FgxILDBTGMEAngjPXORya+dfC2onwt4+1nw5v2WGt+Zf6fHJkQpMMho0BwCT1+QnrivW7jUlETFmyVQ7uMDaDwBkZzgc7c8k856/OPxQvltJvD/iiDd52kamitJHnL28zbG35X/VqXJYtx3ya+dzBqMqeIjJJ0pptvW0G4xae+663eu+1z6bK4c0KlGesKsHp2mnHl3vtrZ9bvse+3mpgREhxGA7ZXcSQw6ZGc7Tg7Tgc+xGOSl8TZTaJ8t5jBlABwucEYI64x1BGRxXmHiXx5p+mwfbL3UreISRCZYnkjLFHjB+VFJYsFIB4GOqjdXzlqXxT13X7x7LwbYXEoZjG92FJHlsT8yHDKoA6HgYGOuAStmFKmopNSk0nyxtLVWSe2iaVml6dzWGFlFraK0TWyTcu7Wl0tU1e+qs9T6r8U/ETQdBt5Z9Q1OKEIpKW+9TMzYxtVRk5IyMc8nnOQK+X/ABJ8a/EXiOd9P8GWMsFu5dGu3UtIULYJQglVA3ZAJUAYBG4YrnbbwNc6hqAn1u7utd1OU7xptuzSKhJztklIMUI4ORnsQTxk95PoekeGrcP4h1K10mAAlNB0YCbUJiMnbNMv7xSwXkKcKSVGK8nEY2rOMpTqRo0lG7u0nbTdvRaLRdeibVjspqMG4pe0k2rOza+zore8+yT0vtrqeb6V4Hm1PURc+I9QudVvp3yNNtFlu7qQk5VXK71iB4OSVAAIHFfQ2laDZeFbCOS+XS/B8JXIkm2XWvzrjJMMIyIWIyRlcgndwenjcnj7xXK76b8PNBj8O2DqwfV5bYTajInCs7TSKzKSowuDnoRnGa29H8M3UQ/tDxRqd1rOo3AZiLh5GZHYbgSXzt53ZHQD61+fZ/xvl2UQccM1isR0fMmlpHVtvutbWtvqfSZVkFfMKkZVpexopqUne7SvHRL4U2lra+qWmjb6/VPGlpGsv/CJ6bJcXJ3KfEuvMLi74PzPa27kwxA5yvAI9sc+VatC2oTG81e+utZvztYtcSu6RuSG2opOEVTz8oGOgGMV0urCGNRCJYyUAIii+UbcnhjwBjH3jxnp0zXEXurJayMVByqEFBtLEtwDkdxwc8sOuMV+EZ5xZnue16kKuIqUaKa5aVOTUPekkr2Wr01el+9t/wBfyfJskyilSlTpRq1pKL9rNc0tldK6srX01sm3oSNBbm2LXaxbNxAt0wpTGRyOOMYGWHIB7dfONTkt4JJRbEsAx2hVDBSTyeO+CAfTI4BFa13ePcbjllVmweSWLEZIODwvY7R2+Xbg458wbfvsdrsSFH3mPIVRgn5iecdfXOBjxsDhJUmqlWrKberUpWjd2s3d6a73WqsrM9LHYyNaHJTioqKSTSabTcbarRa72S109M7yZsbg5YFtwVCCc5IGRnBOBjtjjOB1dHHHGoZ1wpJwhyZXY9SCBwB29ec46H0Lwh8NvGfjjUbfTvC+g6hqE8pCKbe3coCx2qGk2lB0zyOuAoGTj9N/g5/wTu0/RrCDxr+0D4p0zwtoMKrdS6fdXMUMzhMP5b+Y6tk4IwnJBwOtcmd8a5Hw9TaxOIhVxL0p4LDJ18TUnZWjCnBOV5PRdOt+o8s4YzTNpxlSpSp0bLmxNa0KSgnG75pdlfTy2vq/zI8FfDXxv8QtSh0vwh4c1DUZZcIHt7d3QF8AB5FQqoDc5J79cV+iHgX/AIJ52/hXRovGnx88V6f4W0pEF0+nTXEaXDoFDlSrEEsAeiA/NjkckewfEH9uj9nz9nrTrrwh+zn4R0/W9Ys0a2bxHJbxiBZVBj86OUrvlbeASSWBIzznn8j/AIyftJ/FH42atcX/AIy8T6heQTSl00qGd4rGBDkhVijZUO0Hg7SeBwTXzWW4PxK8Q8Qo4PCS4UyCclfE4lN5hXoycdadL/l25Lbmtbu2tPocRW4L4PoOWMrxzvNFrHD0rSownyrSclpZPdXbvey1PtT4h/tO/Bf4Rw3Phj4F+GoNUubVGgPiG7hUxmYZUzRYBdm4zg5BBGepx+efjn4seM/H+oXF/wCItXnuvOIH2OOR1t4wSSQkanAABUDg5A9CK813zTFyuECkA5J4I53NzhjgHtnnpzUtpBvmDuSWZuVICg9OexODg8dOuK/f+EfCbJOHowxFeEswx2kqmNxj9tWnP3bzTlfl12UV00eh+XZ7x/m+cc1LD/7Hg23GGHwy5IqCcbJuNubor3d+trXLCCaRXZR5ZyMEE5OT2XOCOpbkc5IOc4vG0dl3KGkPlgud3yg9iMdwRk5A6ccE5u2loMMQhfGQh2sSSCcrjLc/wkk/MckdgexsfDl1cKZJiLWDALAEghSvbODktjJAyOORliP1GVbBYKklJwhypJKKSbStdWjvt30t3PlsHluPx9RuNOcuZqTnK/LZtN83om3+Wm/MW0TyoUK7pcKqKq5UjGWGVGc4z69z2Get07RZJTmZfKAVSUCk/IVyBnB5J6kEE57gYrp9P0yztAqwqkkxGQ5GWd24AHJwMdeSBkDK19S/BH9lT4x/HXUYbPwZ4U1F7KeWOKTVbi3eGyhDtgymZ1RSijDKqE4HOAflPxfEXGuWZPhKmLx2Nw+W4SknOdbE1KdPSKT+009VdLeTdrJu1/vsk4Nq1qsIqjPE1rxtThF2i3ZXk0mvm997q7v812VhCqJDbW5UuQNoUGRnGQdijIycfXPo3X7M+AP7Ffxq/aAvbZdD0G80vQHeNZtb1K3a3tY4WbPmqZNnm4TPC9sEDoK/af8AZ+/4JefCn4N6fB4z+N+qWGtapZRJdPbXTxxaVaSovmsJGlZVkOQw2ng4yBnitH47/wDBSH4J/AjS7nwb8JbDT9f1WyR7W2g0WKKLSrR0DIC0kQG5lOC/Xp1IAx/InE/j/nvEmNrZD4UZHic8xs5exlnVanOOX4dyaTqxcklJRet5yjG2tpaH7Pl3B+XZVQjic9xFLDU6cYv6vGSV37rtJ7yd7K0VKW7W51vwI/4J9/s5fsyabbeM/ifeaX4i12wiF1daj4iMKaVazRKGYQwS5WUFgQFIPPA5wK+Mvjx/wVG8OfDrxn4w8H/AnSbK6iuJWs7O/sokt9PtpVQxs9tHCqiRSQGDHAxg5B6fmV8ev2xPjF8dr+6uPFXiS9h0ZmcQaBY3ElvaJGQwWPYjKJCFYKd2TgHjIzX5+2/iIReLruZ3wyLKzMSAUOcAKxzuYfxN1Y8rnt2cE+A2bZvjanEfivneI4mzHFKM1lUqk3lmEakpxgqa5Yz5HdKMYxg03fm3PG4i48wuDhTy/h6jDDUXNQliZQUZTUbX5Y2utVduTk3u+rf2n8Ufj58UPi7fXWrfEDxXf6m0jFl037VKlvCjEnasAfaoUcEspwcDPIA+dr3Xo084rJ5UER4Cnkhcj+I/Nk5B5PrjBBrj7zxJLfIxQlVDOdwP7xyW4BYNnHJycDjIIU8DGuJHuoh5rFBsJjGAu0luNygY65AGcd+RjP8AUGVZJleSYSnhcuwWGwOFopRhRw1GFKnFKMUkowSS0V3JJerep+cYzM6+LqOpUq1MRUkrudSTk3e11bW2t36vTU6C98UTTxxxREQ2zA7hkq77c9WAyNxOMYGM8kZzWR9oHySIxjJYs3OXJ9yTnJ9GyMjgAVFbaYbhowQQyhsFvlRjx91flJxk7QOp4IAr274e/Abxd44Y3Fvaf2dpaMPP1jUmFvZxxhsl4jIR5wVQeELHjBOSGrbG5jhsNT56s4xSjZ3bt9lpJtb3dlZNt3W2+eHwuNxUlBU+a/a9lfl3dtH110+V7+R20F1dyoiRGSKZgyIoLSuxIwu1QGY5OAFBPzDPGSPp74Y/s5eJvE8B1zXoo/Cnh8ASS6jqbCF5bcAMxt4ZGWRnKglcJnOCWwAG9S03Rvhl8JLY3Fr9l8U+J7NQ81/fKhsLeePd81rC2RJhtwwRyOPWvIfiH+0JrviKZYo7uaRIU2rbxZgsIiD8vlQqQmFyABjH0wBXylfMsbmNT2WCpShQk9a1RNdl7sWrvra/bTpb6ShgMDgqaq42anWVmqEWpPVRVm276JNWu7LofRVz4k+FPwd06SDwdYW+o65FGyz+INVRJXaZFwZLSNgxXD5ZSAMcc18e/ET4w614ouJLmO6uLiZ9zPPMzFQM4SOGLOFVQcKEUAFc968v1fXLnVi1zeXMk8jhiyGRlRNxzjGRjjjhT+eAeZuLlUMTM+E4GwYyOM4z7gHsQCOQCBWmDyeNKfPWlKvWdnz1G5RXw31eyu7bX30fXlxmbuUGqHJh6KSjGEUk2lyq0mrSvZee2u9xl3d3dzIlzcytNNu812fPA64O7cuckA8Y5GCBms64vI4iZCwEn3skgHPPygDvjksVJOflB2nLLzVUWRvJJxISGHHQADBPzBjkdQef7uc17N8G/wBlv4wfH6+kk8J+HprDw5E2dS8Ya439naDYWw/1sr3tzshk8tQX2o5J24HOAfoo0LxUZtRilZK+iu07WVlt5edj5qrjal2qVqk3ZOWl9bbvWyeulk7JJq+q+ep7+4vpFhhieXznCRQRKxllkJ27VRVLNuxgcZyfXIH2v8Ef2I/GHjPSH8ffFjU7X4QfDCFFuJNY8QslpqGoW6YkaLT7KdkmaWRMhW2HJIIJHA9Yvda/ZS/Yztnt9FNl8e/jZaIyS38sKTeE9FvowMiAMGiuDbzYw+0jIBBGc1+fvxs/af8Aiv8AHXVJLnxv4kujpyOy6d4b0+R7TR7GIEmOFLWAxxBI1wmdoOMkn17KNKKsoJOyTTatrotNO3w3trpa6seLi8SoN1K8+adlamui913etrLaz3/l0u/vnxN+2H8E/wBnDT5PBn7Kvgyy1HX7aGS21D4oeI7aKe8kmAKNPpyupMe4/OnTjBAr8yvHfxn8d/E/xRNrni/xHf65qk0005uL6aV44txL7LaNmKRxoThUUAAjpgV5JO9xeu0ah5JckBEPyqAo/ukkk4Xr8vIPvXb+C/hx4j8WanbRWFlczSBkjPlIxjO8gYdicAAnJ7tgjBFd0YynaLTeySXRabrtovNa+R4dXHVKskoNJOS0itN1q2tXpbtvslo+TF3c6hcu6rLcTNKQMguXJJ2ptXcCWOBlACO+MV9BfDL9nTxj47uobq4sXs7GQq4a5UpHHEcAyOWxgbQSM9cDrmvqj4dfs6eE/Awh17xzcW9xeqBcx2UYVtmDuOIxkFh1bdwOpwM59H8R/Eee7tW0fwtbR6PpUf7tpY/3TzRoSpeeVQQoBBACncMAYyK3hh6tX3acZdNXolqrpa3btqtV2vsjz61ajRbq4uurJX5bpLSytftbWytfysN8NeBvhX8ErSKR7a28T+KkRSGcJLBBNtw20DK4D8Y+8xXJFM17x3rPiG1nudUu103TyjmGBCIYvLKkKlvCCN+1QoG4EZHAJwD4PqXiyzs5JEilOp6gZcC4kb/RoHJ2nG4jzHJwcnJOOfbktS1u+vwj391LOzS4QZ/doB/CqD5V9yFyducZGa97CZHJ+zqVVblirXSbs1FaaXSadr2W2+lz4nNuLKShOlgveaXKmvdV3yrTVu8b3v5Kz0R1mq+I7hbCWy05Hht2Em+5YkTzFWJyOQVDfe6gkHjHFeaW/nXE5muC7zAeYHdmO7a2Bk9TnA5bvjPHTsBEp05pJJCHCsdxORzlQvOSSFJGOw4PBBHO6dGsZ+Zi7OwKlhxjeAoyQQueeOR25zmvrcFhY06dqcFZPqld8tra6+f93vom3+WZ1iq1SrSnVqTtOLbvLZe7p53s9dr3a00JI47i5mmaXcsW3cWxgEEZBKtjqAAP4eSOTgr12jNDbm0ZwFjWGbHAwGDZJJ7cBSd3IO71rA1GVEnESZeU4UQx5LbWTOWwSBgn7pOOSflOK1dM0rVdWWzs4o3hBZo1CqXllZiBwqDdknAHGSThTivbw2W4jF1IU6VOUpTaSUVeUm5QatbS0nfrtor3ufM4rP8AB5VTq1a9eEI04ObnUkoqKVpbv3fl22WllX1a6F5fCOFDOnCgKScyAjGCCeBgDAPy8H1Net/DL4K+O/iX4i0/QfDWiaprup6hKsNppml2ss8rNJgIjmNW2LuZSzPtChRzjJr9Pf2H/wDgkn8Vv2iJ9K13WtPm8E/D5ZI7i+8R63A8M9zb5VpPsMMwV2Z4yQkhUKT/ABY5r+g+DUf2Hv8Agmf4M+xeFF0DW/H9nZ4vtblW0vtVadYyGYTuGNu7OD8kTAhSQO9fomXcL08HKlSxNOeMxs4wlDAYdJuCaUufF12vZ4eCWrTbm+26PwzP/FCpi3Xnl2Ip4PBRnyVMyxF0qs9E6eAoRXtcZV1Sj7Ncib1lokfA37Hf/BFbR/DumWHxI/awvrXRrCNYdQXwWksKTyrGqzKNUuGOIowqgugIPOMc19Y/Hz/goZ+z3+yh4Xn+HH7Pnh7w6b+wt2s4v7Jhhg0+2liQxrNdTxKDdShgzncXLYOCSc1+M37ZX/BV74m/G+91DRvCV/eaF4XeSWHy7S4aKS5hy6gyuhBG5eq5KgHg7en43+KfG3iHXrya4vtRml8ws0gaSQgscsfMYklmOTkkknNfS4nF5dk9D/hQqUcXVhaVPK8JLky+g42s8RJPmxU1K6bk+Xtpc+Lyzh/iTjHGOthY4nL8JWbU81x0PaZrioTd/wDZ4OLp4GnJO0eRKpZq7ufcf7RX7cPxK+NOr3l/4m8T3uomaWQwWUdzImn2URd8LBbBxGCi8ZYDOBjHAr85PF3jC9vr157m7LyMCA8jls5A+QZJB9Tj7oA46Zxp9RyxmeZjgsSpZhk9DIcnhRj2yPXIry/xFrtu+osyMkkMeDjO1iwIPCkhevrjceCABlvzTiPjueIlGEqihTgl7PD0WoUqaXL7sYQtGyvtZ77bo/ongfwgw2U04zo0OarVlF18VVjKderU91uc6kryfd62Wr2seqaVqlrAN8yq9zh1TkFVTjbtDAgc84HHXjkVwXjLxTHGtw4kEB2kFkfCgICNvGOpHQdcYGK861f4i2lgioqpKysciNgXB/hDnPAAwD35wDjkeKeJtb1DXLlRHcBbeRi0iLIdu588EjGW5z0w3boa/KM24vqycoU6m9lGztZaaPXTpe0tWrWWrP6ByXgfD4fklUpp8tm21q9I30ej17O1tb9FR8QeNNU1a7ljtnZYkkdWdSyllXoWJ6jjk9MnqMEHzDVNVvVk+zsAHb5iwHJyRgNkYORzheAOhB6WL37RZ3UkZlAwxRgDuAjPds5O7uB39hVe+t47uUeROo/d4JOCzEgcBjjAPOfYA55Br4ieOr1p89SpOztu+9m7XS2dtNUnbycv0WjgqNGnGFOmo2SSSt9lJJ6LR6aemqV7Lt/B/wAR9O0v7LZ67pMV7Aso/fwIN6gYUjlQTt68k59emfbo/FHwj1oK5MdqXG0xXKEFXweQ+0cD25yMYzXyFZW0An2XDKuwuGXcQZGXJyDnjnBwCCWyGx2S+t4oZI5EbfG4YAdGJJwcA4xgEbieSQccZrGblKSSclone7beis3dbPr0S26o6qacN1Bx7Ja300v0irWsm+10fa1vpngaGSKTSNUs2eXBRI5YyGLEZGCSQSOvPPPPINdlbaauwwxx28ySYbMbKQF5IU7T1GOQTgYxkDg/m0Lm5tpGaGeSMgkAxyupHOQdyFeRjsRgjIHFdHpvj3xbpTo9nrd4pjPyiSVpQB6APnj29cGs5YWo0nGad7N3v2su97J/K2lzeGOpxdnSasnfW2qstlt312aXofosmnG2GY4gquADuVSwx3yOQB3BAIwNwzjOkEeeBo4gWkChS2AowBnJAOTxkHHJzj6fDui/tAeM9MlRrgwX6KclZRyx6ZyQeT36kmvWdD/aY02VyNb0lrc4LCSFVKlmHIIXPXvx82eoBIrCeGr6aLz5Xdt6a6Wa/Sys+h1wxmHqSXvcum0vdWltFo1d6vmldqzu7I91ha4Rlj2gbZGyxVu3CncflIbBwSSScdCBSXFysVvIS3kknOegB4+ZsgbWPpk8ema+fPEP7RVhJHJDo+nySqzFlkkAjxuPQ4APIB+8pJ6buM14hrvxY8WawZEW8+yQNkCOIENt6AbzjGAR+Ix0xSp4SpNvmXLbvpreOrttpdbttPVt7xPG0aV0pObd7Rilype7u7prRKy0vbyZ9iSeINI06UyXuo2sMxkyFklDAj7ucHDFsEEZHGeMEDObrfxg8GWcLRx6k0twoC4ijBweCx3fNkMSQpJIPzAHGa+DrrUry6cvcXU08pP35ZXYDI5HJxknOeMZ6HFVt5JG3II5Y5yWK9D7c88emcAYrtWFVlzSatZcq2eq0Td3rvr5eV+KWOk01CPKpd2+tt9b3tfVNdOh9UXHx5s4bljZ6dLKYpCYzJlUfB+ZmGQcE8jHPuOatW37Q+vai5tYdKtYpbllhjck56cHhep+UnODnBIytfK8CEnzSxAXDH5hk5HP3iDnueQecD33/DTGfW7FFJw1yiknqxJwGGcjoTz7cc9HVpUo0pNXckm7tuVrWVvm/Rp99zGOJnfl/maTtZb2t0drdNrK2t9V9baJH458e+Ira0uNTuLa02qZvs7SRQorYxkjIYkY5yBu6cjNe9y/Bqxgt1lvrh7nZHlZWd5JOOCxDH5jyCp5GfUYFVvhbDFbXESmNceTGrhQC5wBhgee5x+OCeePo3xDAG0aOU/u1ICoqqRlDjG7I4DD+EdScEcLi8BSdWNOTWrkr20v8Nu6su+/Zu5z4m/vu92uumyStfpbXTz9D570/wCFWhzRsi2rzIqltxB3N1yAMgZAPy8HsFHetLw14QtbOa5sLWxEYVx5ZYKGDKRtD/Q46npzhuM++eENGV4d5QSN5Y8sHI2/LnqcdjjjuRtwKqzaXHa6izeVsJlPmMmRuKsFBBOM8k55GSDyTxX63wfllN4qlOaXNbWyTejikr69fx73PwjxQzOvhsorxptx5pJcyVmrcttddU9nfZvczND8Jpay+fKqFpJEdUC/Jnn5lC4UYyODnBYAAAk17No2lRWuxcLh1VmGQWYDcTknplgADz7kniuYtJQjwxRqG8vbuYgHCttPDJknOeD97cOvavQNOIRUJRgGBRtwBVuhIBGTgnG0A+lf0jkuEo4elD2cEuWEXok27tXtbd907JWv0ufwfxHmOMxNeq6tSc9UruTbaSTs9VorbWWi0NC+02G5s54o1SNZY5GYlT2XaFIByCDkA/xDGO1ef2VnNahopG+aHKx4GBgkAnac5KjJCkfKM4616pGy/Z3LxkOylVKcBQBkrx36E9snk5Brh72UeewX5tpLFyOWPQAHCjtgHHGOT2r1qtOPtIySSaTSVmrp20vZdfP5ppnhYHEVXCdNu6lJNp9OXlSe+l1fZ9fmeMfGkBvh74oySEGmyj5eeQr9eBw2QSp9D0AwfxRuTGXk4IKGQ5yTuJY8hR3wvAHPIGOa/a74zkf8K78S4wGOmzkgYxkIdxOOc4J79RxnGK/Eq5J3PgF2VnzxnozMMjAyRkEdDnGM1/N3jFBrNsC++Gk7LqnNW6d/L0d1c/uv6Nr5uGczS3/tCCs+0qMLbJ+X/DIh8xAVZlLBAWBAODg5ycnGFII7c5zyATEZ3Yl2JGM4A4BL8Aj3I/u4H1ximjdIArNtwuW3cBySAV+gGASSBwOcCmBGBRGH7tumCQCeSSG5JweuM5KnbwBn8XcbeTv1XVKOr302XlZpJn9MRXLa602afla6fX8rdLWHPt2EySEkdNuMM2cbc88j2PG3GRnIjGAFX72DkqcDk5HHvgHjqQOhzUkrIz5wpUEABDwMAAtuGAW/iGCR79DQsMkzhVUlixzjG51xwxx1yVxgdMngZIqbNaL0067aefRd/mJpPqtFfa7vpdLTp6a6b7OzbSbVdY8q+3LADJY7s++AB0P1zyCKnBu9SdQqSPIB8qBRlsDABzkYPqABznd1qxc6VdaRFazXkEsL3sTSRLKjLvjz1UkD5TtXnr1p2k3UtpeiRN+3KAAfMAdwIUZ42scBuvGQQCTiJxkrWSvrvZtbaW1av1003syY1YRi3G0la2mqeyfezurO7v8ALd2nafNLeJBJAfMVlzGARlyQR5gHZew79OnT6FvvhjpUGl6br9zeNAkkSGeJWAnkdUyy+WvRDjaOCRg49RiaRbaJNc22oazf21l5jK6xQY3lkbgORkAj9AB68+nRztdefMLRptGwYbSV9zs5YgboRINu48kkj2zgZrfC01O0prVLR6qz93lV1a+36Jpqz+YzfNa14xoN04f8vZ7Jt8qjGL631d9bXuY1hZ+G9e26LpFiLWSS2KQXM6lnW4YhS+ckKCxHLEYPGSTzSu/A+u+A9StVvIRf2s6t/piqZLeISZJ3OAcSAHkHJBJHHJrRsYZNGvwNOtbpXWUSSzuhOyMgsyncCFI6gAk88D19NXxtLeaQ2kIsE9oJDJuu4d0uc4kSNscs2Tj6scjBA9mjQpyS5tJRej91q2l0vLfW+nwpHymKx2JpTjLD3r0ppKcJTUpqSceaz1Wu7WyslZtGJ4S8SzWkr6cVnksW3xKsYKkNIQoZXzkoM88gk8+x6N7bwpYTSWup2ki6pMWkivIX8xAzspR5gM/MA2DnCdyxBxWampabZqJLDSzkr5ciyB1ESjmSWMleFJJG7dgAg7uoPQeI7/w54j0S0ltpINH1O3g8tiAvmSRomF8wgjeXY8PliTyScYHp0IxlF2kny25XZaJ8qSTaa0s7P5K7PnMXd4mE6cKtCnWT9pOnL3oSly2corXlvor7W2MnUrHSTLBNo5muHSMvdkgKbWRwuZCQASrgDkZ9iBgjHu5Ir2CK1uLANGjFJsYWSZjkJKnI3AnA3Dcxzzmucsr/AFHw5areoj3cLysk7ORJHMm7GB1JyOOODhq6OfUtP13TnutLsHtdcU+YYTKyqkCjlkRiuVCAlcDgHp3A5875HZcqTd93bl+GVnfbTVXtruV7CrhrTu60bxcaqaTim4/FJb2TT0Vnr2schYX974c1eaCJGkt2bdgICse5xliSCRKMgHIIIztByDXu/g630rxPeXOmKWe1ugLi5dZEWa3cLnerOTySwQgcZ2g54B8c8NaQdX1yItcpLmNjeRTuyAunBjyR8zA4C8HjAIxg16dqPg/ULPTZNe8N3y2txDHJ9vg3rbSLGpAJhHytKhUggnOR7ZNTDBxqR5oqTSbbW8nFcu6vpf0VjDNq1KpOnBTVOu4LlqJNqUlySTfLqr2jrb13Mi5j13wzrk1r/pi6VFcyJYq0JkFwWfahBwVVx1Zh8rY4xn5fe9X/AGWdQ8Q+FbHxXF4ltG12+tYpxpTMob7PcKXVJYxyksYzkEcHBIyuRyPhW8u9Ts9KtdRlFylsEvmvJFjmaKUYIgkOdzBzwo4wwBbGcD0/wp4+1OHxvdhFldZYZLZYbwN5NuI0Ko4jbCqBzjbgbWyf7tejQwVGMZSqxcozVoQWjhJ2vJ3i202mmltfpoj8+z7NM4oSorLalGlicOvbYqolf21OLjFJJpfHFPmTTasknfU8Z+GOiXGlXt7oieTdX9tJcxXskgMqwxxbo3wgG5SpAKkg5HUEGukufBHi7Qrhtbjspb2yvTPNaraqGdME4ErR/PEAecKQQOeeM1riDxLoGua1r9lZSWkF7Pcy3N/5DrAoZyzr5hQRkOCNhByQfmGRV+2+KksVhdx6fq77ZSUuHuSP3W9cSCFMldzkkA4GMYOT1Sw7hS5EoqTb5LNXtfor763fr3Y6tfE4vEQxmEVHEwnSp+1pJtr2r5XKLtLSSbd3vZrs2szSdW+INlqMWoSaTfiztBMIY5YJXtbaQDPmeaVKBwT97IPACk54ZqmoXGuX05u0ubK2uFLXVyDkz3G3ftXgErvxwoyARnjLV6X8NfizqWpWd/4f1a7SHRgLkr9qsl3XT9CA7KWDFR8rjoeCDjNfRfiL4S/C3WPA2hXegagugXd5byXmp3N/cs10lwBk+Ta7t8cMpG0HaByCAM8rD4So+ZxnGSSbu2nf4bpXate9raPT0PAzDiTDZVjaGHx+WOlOs1CFfDr2sINuN+dW5oJaNvdJM/KW98PS/wBq3WoGYpZW8rRNMCWmdHkJAKjLbivGOTgHvzW5o0emy31xA0gtIHCSW7lSsk7oBkSOxG0Eg5BZcE5+vrOsaJp2hXt41vH9osRKbctcAt5twrEGWND87B1+dWPTIyS2QOJ8PeHbDUry8OoytauZ5DaysQIEXcWYYODnGVwByQFOCRjBRVNuKV5t35b6NdW2+W3a3d69E/u4Z1SxWElVcpKlGjHkkm+W1k7tct07rbe2l119O8M+APiJa+H7nW9P0q7ezvCGtni2yzvHv3LLCoBdkAzlkyVKknrtF99E1hnXSfECXCwXkRlubnKl45FXKb3bcFYEEMoIbKhc8Yr3jwVf+LfDfgS61mzvGvdB0iynsrS1mZWlMsikeZAeWjiAIKbVA75GDn5j1bWPGeu3UFjMLmOCSdrwRxo7ui5Zm86VAxxt5CsxA57nFexSjTVGEZwqc0lF8q+Fu8b6JvWz06KyV9bn57g80xebY7MHF4FYXCVacFiPaSjVlyNTklBq0ZJvWzSs12MRJdL0qe7tDbm6Bu/s6X+0AwopIwmR8zYBOQWJz1xmuSvILgT6ncCKaXS5ZPLWQKqu0oHTgA9T0UAEA4Neo69Z2UFlALS2b7TOFZ0lVmJkjIEsyqMlSSfmzxhu+K5zU/EcFjpkkdtp6yQlQkgmAybkYG9ASe5PJCgfKOep48TRlFOCXKrq0ddXaNlpd366rotdWfZ5Xjo1pKVKMqkrxheclaSXLrvs7NpvdXWllbmNLi1e2s7h3s1e0QrNAkmS7qcEc85ULgEAZXPzZIzUckrW1xa6xNC1lM7u4UgmIPnK7RgZZuTxkKSemMEfxHNFEj2xuHuFh3PEUyscfUqqN8oxk49uOMVn3N3Fq0Nk2pm+hjLYSCKPbtXdy+VH8bcnBAHqDkjy6ilFcrdrLVaa2slrpHbTfo/M+ip0lGanUg7Skubk0SWia3adtL7ednY6qXVY7/wlNeQ5gRdSH2yVm3F3BJ+RR0YjtgDIIPUCqejeMLaJpTd3RaK2mV47hdpKom0+Uo5zkr8wxkHjIwDXS6Z4JTX9LuNH0i7It44PtpgRfMlabqqNwfnAOMjnOeeprl5vhfqWnQu9xZSRu2ZxJISkQjBKnjIJYHIfdkDJPckcVau4e69G0r66e8odNU1dX0d9tuutGGAqSrQm48yqXjF295SUEnFa72aat28r3tc+IZ1SOOLTI5ZjczFjcxqwlRCNuwAZALDPIBBxjjIar2mfDjVdfsi8O0W14pN685BuEM3OSW3FTnoD36jvUHhrT7XSLW8uJ7cXJtyIoJ4kDxQscAuCQFYZ6nqMcHcee5tNVube2SBNUiiEpEtykZCtLC5BiKhcMGViBxwvJxkDPBOUarfO7tbpKyVrN6vVxdndNNW2voedi6ssLL2eXQUG2nKpyKLukr6p6q6ulba+zPEtV+F66DqFyk8j3MNptDr5g2k/NjHOMLnPy9vvHbjHn2tNZWtztW2kVLZdiuAF3bsYdRkFjyOoGcHjsPpzxHMkF9Y2V4vnCSMSXEQHmSSB/uM8jHBHIGATgMw5wBXlfjC2tQJ7d9ODO0gaNtih44VIwGODhNpBB+8c4yMcfNY+Hsp3btFN8q95x5Vpe6d097Rt03sj2srzTFVJ0o4p88nFSVk5Kydr2s3pbTS3y0PIrLVXzIC+YUYM8QYqJQrAkYB/iznjgYHHXOzq+q6NdaCj6fYGLVRKzTSFQweNeMsSMDAyflA3Hk9AKr3Xhl/La6hki8oFTMqt84VgQETIxkAnLAE7u6rg1y2orJpzGJXIhLOqx53licYVsE8+30OMc15KUZT5qTaak0ld2b0tfrq09Ek99WfV03GrKEqV1KLS92z1vFJOL00vqrru0jpvBDx6fqa6o6pNK+PJikxhmyGZCrZzjPGckeneveNW1TTbi1iaK5FnK0Ymv4yu0FgOFTGBuGQBgnAxnLZr5ssZVjjhulPzwktKhdlaMkkkqFGSRjgjbgkHg9bd5qEgWS7N3vVsGKBiXOAOdysMYz93jPIwAa+dzLLnjMRGalKPK0mldRcdG01Z36JXb3trqjnrYWpiMTzSfLyPltFXUrqL2tfWyWrt0dr2XSa7Ldag0rTS5tnWT7OxOS2Bhd23gKQOnBHPGMVneG5bQ+dYSH7RO+2MPux5OWwVTccHIyeOpyOFyRzvn3lxZTzJdqoaMusTvh0iABYFR9wEdFHPp155BJLq3mEsMxVZJkKyIxL5BAOOT909eoGcgDIr0MPgG6EoaJwXutRs7x5bNqXz2/Wx61DAqVOcW+VxUeWUVfVcqVk3bVdXe2tmuns91ol1Y+fc2264jEi/vAMCJsgALuwGUNwxGSQpz3rYt9Vn1ywbStQuVSWFCsAXarFyCAGOBnHBxjnoM5AqpP4wNx4HsPDUbL9qN15s99tUsRyR+/ClsnABUn5STzyAeHeSWybz497ySSr5bggncFXJzg/KcA8nAHJ5IFeVPDVJxk6ijCUJWjKyvaLilKV0rp3trfb4rXvh7LSSneM4PSW92nG7aW6S30ab+TOubw5qt0RaxDzILYbhIuULqgBcKMAMcDAwe5xkk5sae9/Bfx28Vo8Ztpo3jcEB0kDAhn5ycFScdQM55rc8NaxOGMGqfajbxQvMWgXG0lchTKuQBn7wzghsDpk9D4U1Lwpc68t7qxnghtt0ywxiRmuJY3PltIpGGQfLuONmdw6Hjy8VjKsYYinVoxxEVBp06aU5VOWKioxi1pdvZNO6b1SZ5+JxK9nWhUiqvuvmUIqUqloxSgk23G91Gyelm+mn15oWqfFHUfAzJ4gv3t/CUFgDdrI4gkuoHOAYFAWTOzaCByMfWvzw8eaNYW3jK8WwuoLmynkW4bbhzBCzBvnblmkA5Y9znkjIr6U+I/7QyS+ArzwxpTmUSSmOfUpE2tGiHEdvbhV2hSFAJGBk5J4FfCsniS6ub5ZTGA8siRFM5EinDAOcE5bO7OAeD17+V4ecPZjh55rmNbD0cBQxdeSoYSjBJqHMpc9WStKU5XWj0S9TyeAuH8Zh6+YZjUh9UpYibjTw0I29zR805NbvS6fTv0/Uv9kD4jfC7wvdXWm+J7+afVbx4YItN+zrLFqluy7YoEwuVwxDfKATwQckkfqtpOk+Crq2XTv+FdW97q2txNd6Fe6g0RgtYEYSlHiP7uFVC4dJAHPO4HnP8z9/qa+F9Q0LUNMuzY64rR3EtwGP7h1KvGYirZTYoB3cHJI3ZzX2t8Mv23PinocUS372PiaDTFaKwW5bbPOJhiRncckKGOTkELxjPX8m8WPBrPM6xs894dxc5VcTVVTFYevi6uG5alNpQdDkcIuCbfNGerXup2sfjXi14P57m+PqcQ8O13OriKqnicPiK86MYyi4qE6Nkk42u2pe87vW1jhf2xdR03Q/ijqOn6GLGAQyNPe2lnCq21ndoWWSKPACsOMIw4AwRngV5D4A+PN34Q067so57iP7T5ksAQgtHMUZS24YOCSQRuwO3XAzPifrPij4xePda11dJSO9v3eYWlkrmARsNxQEAhiu75iCOh4J6+UjwD4ih1EWE+m3Mc8iqyxhWdupJyqjgAA4xweOvCn9j4f4fyqjwnlWT59OhXxeEweHeJVWpCcpV6cYuTcm23yy5rO93Fe9fr+rcO5Bk1LhTK8o4iqYetjMNhaLxaqVYyk68VFyaf2lF6Lulr8Vz3zwJ8VfH974nWLwvd6jLf6ncGJUt5XeSe5uWHzMhORwQpIHTIz3r6/+GifFH4f/ABBml8aeG7m/ju7Wa5vYr63lljeKXDtLDJMrIJVQ9FIGQcjINeffsOeBdFsvilYXfiVbqxeCVFttQaykks7Fg/7yS4Mi7DIeQM46lhyAB+0vxU8M6b8UdHvbTwp8QfDajRZYYtOtSkEWuahuASe3gEX72WJmO0A5J4BA5J/APFDjnK8k4mjwxhcjwtTLcVl8Y4/NI0Zp0XNxVOcK1GnNRjTS9+7Ut2/dVn+I+I3E+V5dnk+HsvyfDzy6tgoU8Xj4UrypymmlKnVpJpKDir35Wlq2+vwbd6z8QviDfG98F+GpItEsv9DtVSIwuzhwoklWMBZlhYnLNuVRjJPGPIP2o7jX4vh9pegeK9daXxPaTktpkUpa3hjXBjJMfyFlTO5hxkf7OD+mniu28C/spfCWx1a/1hZ/F+p2jzLa3AaOGF543ZreKIjG8P8AMzsoY5HU1+BnxZ+Nl98Q9b1a5uViPn3XnLKMLtQsxVEHDLHgjcB1yeM7a4PCalW4zzylmeVZXRocP5JiZQw+YSoy9tjqlN8spRqNKTpuSlLm3ldK6tY8/wAL8hr8QZ/h80wOX04ZTldVOGLdOTq4ipFpX9pJtys+aTu09Vs0r8v4X0+61CeNDcu1nMn2edLd2DzhVIc5JKhRgFizH5eD3FeJfEL4b6hYXOoahZwSvYNOTCMqGJDYJBJ3Ebj1AAHUEcgelWF9qlhILqyuLeO0hj8ydVmwSDhnAA5BK/eOM5JO71u/8Jzpvi3VIdO1xUttKtY2RZIZNscmFPEm7jIYcv0Bxnk5r+1MHOvRq80Yr2bUVOyaatGLve6s0m091ptdH9lYOOJw9aNSmrw92M4tcvazWr00u297nyVJBcFVheBhtCnduwQcgnJHAPzZy33gQDkkGoJpL2NPs8xkCHLFNxwOOORyeATyTjk+or6I8S6HYrZ6ndaXbK1qj+ULgMrGQEfLK2ASpjxnA5JPPc14fBYTXV60SCSeFVIZ1UEbQDuwVJOcngYHTOMGvoaWKjVpuXLbT3uZWX2d9tWk9ulrLdn0VLExqwcnFLltur9t3a7afTTfz0xbOa2ik2TxtJFtbkAgljg/MRjhSD054GQeTXcQ+LbeC0jeB2S7hCKURVAWIABRuAyCwwSQM5yeMZHJa3BHbzCG13Iu1CqOu3p1cknoSGGDyT+BrHaI4IRlDcBuQAGJ5OemO+3OOee4puNOrFO3uu22+lrXau9Ldlr2ep1KlTrxTktHZ7ry6a6dG7elzrtZ8TnWLgXLQBGhVVUkklsDA3liC2MZHGV6emeUmuXuJRLhd+doKqdq5LZ6DbwDxnOM/LkNXYeHvCt3rUkKqjCyhdBcTBPlwQBtXBGSxyuAQcHAx1Pd6v4K0TR5oEAla6uNgSFt22KM9TJnON+MnqoBPTnGUatClJUotOSV7Xs+9rbP8XdeVzVVqdK1JO0lq4pK+trdfk9W2320XF+HPD11NFDfSt5Np5jDJ3I0u7aSMk5K8HOM55PauygnOmTSNDKk8UIBIyWAY4GcHO1guMsCOcHoa7C20K/1CwvLbSYUaCziQykFWZCFHERHUdeeDgHOBiqsXg67iETTIsUcqq2WILucjfuUE5J5wCPoMnnjrYinJy5pptK3Kunk9ru+nRK99wlJtSk1ZJbJ2ktEtXda6Xva1+mh6l4S1jTbvRLrarwS2wMsauQHmlZSc5JDMM9gM+h5GNLRLeS6E6XMjwwzKZ5QxJIjQkqGY9mK4XHHQ/TmT4algms10mCRy0Cl1ZiEZtvzSMpOApIIwwBB6AjDV6FY2WoXFq1m5j+0eTuLRsoIhjBzCScZPGMHkDFeTyKVS8buMpJWvd6W1bTu1Zpem+pwOLqVI8qT1s09U1dbtXaWyu99n1Ryk19Ey3cbzlY0fyrd0HAVO5bktgAYPPYj1ra1CeCbRbIecFZgAu3B2gYAkkPQs4xwevTOOFyLfR2kgm+0RHfDOywRjILZbkxgZBB9Schfauukt7OLSnWe1BLxiQ8gJG0Y2rGSegbA7E5AI9T2zty04pdFpZ6baaN91o/Jdr+tQjaEU46WVua+zS0Vnt27LTldzw3Xbpr2V4Q5YI3klcENIFycjaRhB1GM9vqPMptevtOmns/KR4N5UFjkRrgrkE45H0/Hoa9a8Qalp2kZuBbb5pBI52ncyK2VVGZSQASeDngZC+3z7rN8t9cyTuBB52/ag4XluDwAoXAGfTJ5613YenzRScfs313duTd2tdtttX9LhNKzTV79m1zJ8t+r6N395dN76aOm6bf6rPOkG7yJpCZJmyqhjk4GCAe2CDjGckkGu60bwlfLb3k++MeSnkoJDgswB5w/y7VwSSeSeuMjHFeHPEF9bSx6ZGqi1kAVpQmXTG4ZBHB5AwfU45zWlr/jG48o6dps8yyB282U7ld0IKkKBxkcAqSQP4sCrnTnzKCSS3W1re6mtb2svLu09dPPnSbk0lZJXWyd1yv3b3ukmldX0V90rep+CRbJdz6ffzWz/aI3iLk4SLbneFYDjcwwD8uP9kYZdrWptL0+za3tRHHFA7CVyQyyMMlQrj5jyBjpgehHHi3hqS6gieW6jlLShzbschgWLEsX4yOQScqMDnjFZevajfyTGyVphGyghFkLgs3QsQTjIXJK8jjB5AGKot1Vdtpb27+63du3VNpW/U5lFc766pa3u5JRsnffXpd2TtojsdO8Rh7qWPfh2dhG6gfIFLZ5YcjoAR6cEE0msTanqcqyKjRwIhG5iwCg5w5BBJ3DoegzwcYI5O1SKzhhu5ow0ac3DAsNzf3D0C7SOcEE9ey4i1bxjNLNGkJP2aMKYkUBHYIejdAQM8A/wnjHArtp0rKOifVdbv3dXpfW20dH1XZxpc8rpW93V81tXHR2Wt3tdapO3RW67SdbS1llsZo0uptqKzvwzYAyi5yRjnlSeO4ywGzrl7pa6YZ5nK3kLbREzCQEkfcMYHCDkA4zxtGPvDzCK/g1J5Z8m3uXjCxEALk4+8D8vzdfQ4HTPBZHpWq3lwiIZZXkYF3k3FW25+6GGAOjEkbePbhzik1JvRbL0s9Et35O90ut2axpqEubRavS938S0eqb1s9G/d03avh3cv2kymONYyjljg8sCxOF44ABHGMZwe4rNeT7gJIfBy4BwBjjdxjnB7DBB+UjAr0J/CV07SI6LCQBnbnDk8b3cD5QO5PfHQYA5zUNBksEbzQU4I3k58wrnaR1IxkhTznn6BRqwuo3va1tNNLLto1vaz1e6Tsd8JxklZp/K21vuafTpYzba6ZVSEyMFZ/mKjqDyN2eufcH2zzWrcRNIkdz53yCQC3VmJKjcoOeSNrHpjJ659BgYMcBjXBcjO7LAoFJ54AAxjgHGeeuatR6hGkHl4YMFIKkZ3ORklQvQHJ+6Bx1IAYDrpy5XdNK1tOj1W26XR39Et7GdSnzJ+7d2e1t9Nr36JK6emqvY2Io3laRj80oXLnP7sgrnG0fMGIxg8DBPBIJNyS6ewtI7eSIN52dh3fOI2G3IbHGByQec84IrnILxonWQSOpc7sDccgZyp3YA57EEcHB6Vp3OqG/hhUIgaM53lQHXPGWGMEnv17da1cnJ7u8rJrfdq2+m+j0vtfU4alJu3PFtK7T3u3Za2W/fVLmu1fYsxXqQzN5Z2IwRWAIcqVGWYDI68+w4BwDy661aObacySGLKoCu3cuCAxBAOQuOR1IOe+cIRMZnKNuJAAON2QeOMc5PTGMkg9B09P8IfCDxz45jluvDmg3uoRooaQwxyMcNxtUIMZY5G0EksOnPzbU8LUqO1KnUnJLVQTe/LZ2V4pat6vRv5Lz8XicHgYe0xmIpYeCaSlUnGMbu10ry3ukkt93qkjkbGe4ufJitlOTIMADDxg4zyB0PqQR6c8V7l4atAuhyRvAE8+UmSUgO/y/NvwQ2ARkEcHvyM456x+Ffi7Qtcj03UdJvNKuywEkN5G8MmwMdzAuORjAwp3DOcZBFeyw6INLshbkbCJDHM7YIywIO0kngZ+UhQTjoec+diq7jVhRk2mmouLS00W68tXtfTW99fEzDMcPiKMY4WrGrCadpQmnG1o7NNrbzSS76I9v+Bb2seoRgyyRShoI22Hh4wVJYhchW284x/ER6Cv030KOBYUeJ2MbxRAFzuwAqlSegzwOScjv3I/MH4MQpZ6oxwsgM8apJlieGG35gMEHsDnsecED9LPD90fssYJydkZZRhgo4BwTgHBBHB5wrYxX9QeFVONTKoLms1LztfrZJ3V1fyTtZn+cn0j6FV5/Jq7vGFk7WtfXZaapW11v2enSXzARyHLNhGxnjJ75yQTu46E+2OlfO/jdHMF0VOPnQNu4xl155z1O3PJ+gxX0RfMgtXyAxCkpz0OARkjAO5RgA5GT2PX568cvEsLr90yNGFU5wWEowMcZ6e/BB4Ir7fiCLjScW+a0X1v5K7ejfT0PxrgeMo5hSTSk3OPbok7Ps0t+jXQwbTTZZbK+ygkAsZ0RACcyNCw4GMEtnODy2PYGvzXuTaWHiHUoruLyri31C6dn3KRGBJnaq5yCOOMAgEAc5r9YfDjRR/u5IxL5sCIq4BAJXY3TgFh8vPQHkCvyg+LGnxWfxI8XRpvjB1OcrCG+UGRyw3YIPfkAc4HPr/OHiXgpV4YGafLZzTUU7291p3T7pqyt13uj+6Po84uVXE59hpOSu6c30jeEmt2mvtRWmu713Ir3xLqUrzW9kZZ0uh5SOCAArYUkbeu0nJzwRlsnkjkV+HV+0klzNcwDcC+NxLb2OWDDJG4Hn2wSPWtDQLhI9QSJgZpokYIF4RO6gjA6AE8EE4JGQa9X0fRtS1m6Sxt45HM8gAVMEs7EDaD1ySMBR8xx6mvP4F4JnnrcVzXUlFQjrJ35V52TdubV72v0P3LiriT+wIRVKtGCSlOpOo7pJRg5K8tktb9fxR5zaeEbeG0ZHnO5MgrGCBI5JzuGT1PfGP73JNTXVpouh2bXE02+YK4ihB3mVjjAfIyCTggKAPX1r9B9I/YD/aV1TwvD4zg+EXjh/Dd5A11a6oNFuvLuYFBYzRKYyzRhQWEijaRznlTXjnh79l+4vdZudR8cahF4c8NaLdlL9LpPLu3ljcCSERuoJdQGDjHBGMDNfp+YeDs8DhI4luFX3nGShUhKVJvlb9olK8Ut2n1u7bn53l3ifgsXipwq46lJQtLljF81Rvlso2VnKWlrO19W0z5w+E/wY+IPx98TR+H/AAno15NbB0NzdCN/7PsYs7mkuJiAm5AN20t9Oa/TvRrL9nT9hfw751/DpvxH+NTQ/JaERXUOk3O0bfuiSOBY5Mjghz0yMmuO8T/tC2/w/wDBlx8NP2dtGTQbWZfsmreL1tkiv70BcN9mkAEiKVyfM3Z+8cYAx+f2q6Xd3moXmpeIL+7v9SlZnuLueSSaV5XJJZmfcSQzHGCMA4Hv4VKll/DVGVPD0aeIzJRaeIlGLp0trKF73kt97fifT/WMbxJVoyr4iWGyrS+Gg1Gde9rSqTi9EldcuurabVmdP8cv2k/it8ctUu7jxLrFymlu5+y6DazS2+n2luv3YTEpRGYIuOhycZznA+V1ZpyySjEKTMoVXICvgAgjOTxkn325yea+x/hp8Ate8badrniNLNtU0Dw/anU9YSG4jjmt7P8AhYguGyfvbF5IB49fmrx/NpkWoNZaHpq28NrcvGJVYEz4yDubPLqW5xySc4xivz7NcdjMbWlUxNWpOUpKyk5fC7aJKNkrWur2drH6DluDweCpwpYTDxpxilzcsUm7uOjfL7zsr3bb303L/wAOvEmk+DdVj1XULWG+VJDG0BjWRkjfq3luCrMo45DZz64z+on7J1j8Hvj18WtB0nxN4V0+z8PRX9nd3ZglSxfUSJUDwBmMYDvjBCkg5IOOK/HwaZcTOjQQySM4DbUBLckZBIPHPJUD1Py7cV+xn/BK39mLUfiz8V5dZ8UNqel+BdBW3F/PbSmG4GoSFRZfZsOCT5mMkcDBJ6V7vCSq1MxwtF4VYmEql5xcE1yJuTblZtJJXdl59Wz8Y+kDWwGU8BcRZxiM9nkuIw+XVaeHxEa0octaouWlFJSjdyk4q0bvV7tI/sJg+HPwn0b4b2vhEaXpugeFNO06GTRdKkgtJ4p7VbceYs06qcs6kBskDJycZ5/Av47/ALPPw78W+KvE1z8NDL4cu2vZLdAs2LBY2fbKseW4R2LEbRhdxAOOK9m/aP8AEHxb/Zo8RCw8Y+I9Yk8GX+peX4Xa8vA6yaWqLtin3uRvaDaDgkbcDg9fz+8dftp+ErXX7vV9Fsbh2t4sNBuzZ3FyvU7V/dkFiDhlIwffI+84yz6lVhTwNGisPOlZOWn2eVaJdN1p0tZH+UPhb4d+JkM4nxJkeYYnNqWZN1ViKVStVo1eaop8uJhVai5xu9LaJJX6v7I/YL8P6/8AAT4paxp11ewSDVI49Phs5Lvel08r4N3EHby1DZJJ6r0BGST+nH7WnxI0T4LfBjxDrGlabp974j1KEuftCbrm0eVSXuYtu0kIxblFwRnjoT/MFqn7avibxBrcWsaJFbaBdWzwtb3UefMjlSTdglBwCVA2kZ7egP7FfBfW/it+2h+z/wCJk+J/hq+sLexhjj0fxImlzK+rwxQquLeUxBJEkCjDRswYtg5r53A5piK+WV8twsJyr1KdRxcIPlSSTlq2+SSbbXMkpO+iloe34qeEud4DiPLPEPjaphaeA9vgqOY4WNSFOc7VIRqOnRbTlUlSSjNxTta8u5+fPws/a0g1XxJNaXWqNbXNzezrew3JT7PcQszCWNN5IYAnKq3HQY4rzn4+eBNd1jxJd+I/hLc3/ifw7eRfatV0WwkIuNNuHJebyraJg8kZbeSioQQxI4yB82fHL4G6x8FfF+u3KyXsVnYag0ttLcRSwXUaF9+2WFyp2tnbuzgjIAwAR1PwH/aRGj+IDd/2jNot2kSr9tchrecoACJomAUo/Rs7gceu4n8RzTB1qGIrVZTk6zk705Jpqasmmryuk1rrZ302SP7N8PcmwHCuJy7jfw8dPHZRjMNTljcLGXNF0+SLceVNqMk4tXeqd76b+W3Hw58ReM/FOl6HBoGt6XrF1PBZQ2Eum3P2me4mYRIUUqTtd2G9jwBlu3H9BH7Nf/BODSvhV+z/AONNe+NEWlQeKbnS5L22m1BY/N0mwmtvN2RCT5VuGzjccYPXoK5z4HftBeDfGnibQfE1/aeEH17w3LYsb8WFjFPfxoyEGHMYBkHUsxyM8setfWn7Sf7Ung/4peH5/hpb2FxY2l/dQNrOpW9yWmkRyoks0aNirKwyFjU7cHBG08/ZcIQwE8JWrZnUi8QoxhSoyk4xU7J8y5nJKz5buyS6XPz/AOkR4655nlbBZFkmExmT4OnWhUzWpGNRTxMEoqcE4ppRhe9rpylb3rN3/Jv9n74733wq+MSWsGoanbfD+x1xLLUkso/MGpaZHcbFa4WHMOAgDhiuCoCggnFfp9+3D8Qf2arjwFofxH8H+OvDkvjN/sit4d0vTo45JYLqFS02pYjD/bISxSRywAJJDAgkeAaHpnwB8HxXWn+HfAF7cm4jjXUDqLedc31yoB3QM2XjXcM4VhnnrXxv8X/hRo/irUtRGlabq2kC/lMiQRrLIluuT5VsoBYrkHkgZB2kANzX19VVoZLicFCrCrGvecYxm5un00doJrTayWl9d3/PmX51wjnHG+DzedHE5VPCUKVDEZhUik8W6fI3VqJyVnJOablzpqysrXOcn0X9n/xXZI/jC3tdT1fU5zPbX1tcEvZbiGaOW3yDgksNu3A5DAgbq/L39pf4caZpXjK4uPAtndTeG5pCkU/lMkYYcukaICCoznGCCPYYr7J074GeKtK8WWJhivYYFuUSOSaCdyI0Kh1dSCCxXpuUDPOAc1+nOufCH9k/xV8HbnQJdL1ew+Kthohmi1O9M0emx6q8OZZ5ckbRvB2rgg5VOetfkWH4ezrB4+tXjVrVcPN3VKfuxirJpJysnZK6tru23of1JgvGfh7hHMspWBxn9oYSvyQnGjUTp0oNwh7SpFSdnd+7FKKbva9j+T+XQ71pnaRGYQOxVeTkE/c4PDcYIPzDHGBzXceFvBsM5a8vpBCjoxRUBJRwGGGUnLM3bjqBwDXrXjvwje+GPFOuaVPtkigmnVLvyykciB2VZoVAA2MCGV8EkehOK5W1jFiFC3KswTKdCuTwGfnJJ7buR2IJIpYrM5QjOm21OLcWm2pKSaTWt0vJ3Sv5o/rvC8TyzbL8NXwc4OniKVKpGUJJtxqcslrsvdb7NtOO5lCw+yM9pZszJIzjzjuAB3Hl1HQ5Hyg8nIIwSMctrt1JFHnJCwPtYjBdhxgD7x/iy3Y/Lgk9e0mvoLcE+ciyhszoCv71iDwM+x2nPIIwcdV8m169e4u5oyQF3ZiUHCplcjJGVO7Ixk5x+deXRnWqyU5X5VpeS1k7Lo73u9L9l3evtZPh6kqntKinK6Tc2ne+l31b1XbvYybi1kuminkkDRg+aAWG7a3OCBxjO4ficcA5VGha4KRII44UxI+eqAc46tuOehwO42sxJpRzXMayvKcRxFduCCAT65GcDOdp75OOayp9WDNL5C7XMeJGZSS5PBKj5sE/hkduTXoxjUqJR2i9N/LZPvr0StfU+0pRk4xim+VOzuntdetlbo2tO+y6K9vIreIvFKGYOfLQKN+1SNx5GfxJ+vBAqbQb8x3W4zsBIyNOp4wpyGABAyQCQDwwI9evDlZZ9jiTdIRufcxGARyGyRjBBwPXjJPFT27NDOzBtoXAYBjlgODtJHIOAM477hgHIKuDjKlJTV7rVddk+2i2euumujSNamE9pScHy2ce2vfRbbJ2bfTVHur6/NpTrdadICJg0Ko4GGQ8YfCrgZbGTkjHJ4LHY074n63pksaOkchQqpgYuymNyPlhPKoCcg4HQDjgg+O2UeoXTiC2ZpFuHTy4eXdyzfdC5yG7DA7DGc4r7r+DHwAs9W05tU8X2mI3SF1kupViW03nCtMSwJUhS2B90fewc1+Z8V47KcgwssRjlCV3y04KPNUlL3dIxUW2+utord73X5PxnmGScL4OeMzZxqKT5IQiuas5ys7U4JXve2sbLXzRa+H3hz4h+O7xvGml+GbyfTtJeC4lukhla2ihTBKyDBEyttIYheONxKkg/pX8E/HfwT1TVbDS/ix8FrGC8t7YBNYggkt7prxcET/KiuFlwMlfwODx13wA+Lfwj+AWiaj4E1OGDxbf6vZpZWb2oT7BZLcEkowPEihWAZmJK4JyMVV8e+JPC15fWdxFaaXDFo8T3N7PCFSQWRLSiFJAF3sikLncCu0A8ECvwCPihmlPHYihh8ur4enOThgarpRUpwbik505yjdSdrNctlrfQ/iLjTjfGZ7mUsDDKsbgcHVk/wCz8Xh6tbDYh3nGHvwVnVp1L7Ssrtq2w74gn4V3esibUvCkkGg2zvd6Fa2s3lyNChwokVCC4fb8xIDENnqK9W8Bftr+AvgLFJe6r4C0bW/Cup6W+l2HhLWYFkNpGUKmZmnUqWmdidxJO0jPTj8p/H/7RFudd1Q6MI5NOspi1uLkiSVkibCwxZzwWAJVRnGSM9B8cfE/4za34zup1v74SB1d4LdEVFtgflRCFCkY4yRkcgkDivqeDsl4rx2dYfPauKxGFqrmqQtGm4KM/da9nJuLlKLa95Sjrpra/t8MeBeacUQw1PO8TmccJGdOvCX1mcK1OL5ZJJ8ylFyV+azd1o1ufQX7VX7Qnhr4k+PtQ1rwl4T0vwFaXFxMtvpWgzFLJElLP53zcCQljuw21ea/PHxG15fahM1neTTNIxa4Mkjc5XJUMG+YkkdMkk5JAOKjvriWdkUzb5twyrEuWBz90DnH0xgn05ECI0cyLeTqgCFwU++rA5XcABgLjOTjv7A/0RlGWfUo882qleo5SqVJRjzyk7Nv3VypJt6RSS2Ssf3DwRwVgOD8uwmBwSclh6UKalWc6laUYKKvKpNSk7t6tu3orGHNY36WjpLFGTG4Kq5IYFiSGIPzZOeMj5iDkkFq56RphKgMf7xCpdt3b2wecEcYPOBkHpXYancm6VxFKJHQbjKGxllzxt6t04OCPUgVzDFprgh3KnavBGCxbaFGc4JGcHkcepIJ+jpQlJbJRut4300sl36K17rz2P07DxjOL54723S0slqr6dtNl6b+s/DYsPEHhlrhX+bX9MLOzksALlMcZz04GAee/QH+iDQZUCQeXlwbO0whBJx5SjJz+By3/oWa/n2+F2kzS+IfCrvJ5jf2/piN1dNhnjJB7bgP6Zx1r+hHS7UQTJ5TMyiytwSBgAiNSDjnIHT6dVHQfr/hhFuOYW91qVJdbPSWvW1lpa1r27s/k36RkoUMVkKjGMVL26dtFo6auur6vRPVJpKxtXLsfMO7aAGRVAOQcZyCdp5PHUnAP3R18x1wDM0gLFcbShyCSuNpGT9055II456gZ9FkmLmUI4GVDOT1GRyFz8uRwSBkE8YzXA+IbdiJPLIIwAW54ODuOehGckAdDjI54+t4hpzVCo5JJe9ZpeS+V+qXTqtT47w2cqmOoRhJ6yhdPZ3cW1rt2SXW19rHyf8AFEkR3JYENkfKQBwQcEYPG7I7AjOfr8uMQbpZOBtfYAp+YfMCMA9ieSW+mQOK+qfiNHhLlpEZwY256rnkK3LcfdwAeOOOwr5bKIl0XKKRkAAc8lskgnr69cjPOQM1+E5jFOVRuW8nvvo0lfTRX003VktLo/tDCKUadFXUrQg76Xu1Gz10vvrFu+trnxx8XLxB491JyTlUhG5R/FzgMDu4wQTkEZPJwcHgYpZhOrowYsuGyvyEAjjCjjI4IIwTyc447X4xIE8d37HG1oomCjPHUDoME8Dg45AAJJwOFtrtIF/dsSNx/dld3JGN3JwMHGBwcZAPAFeQknCPLba13e/wrs9LfP8AvXukvbnFxhBrS6V1fZqz0t0v1W11e97HYpLJFCZI1gaJmBMYOcyHAJxyQeMEYBwOMADOfKlwLo3LR7gV3MoBZAh4KRtjg8AnIODuOADmue+3y2zMkjDZISdijj5vulQPukHuOPpnjZttVkiQxmTfG6EhQSysxHQljngY3Z6Ek+gGPsZxalGz10Ulfqravo++jd7dyJ0uZJuLd7Wuk9uW6i73s9NdenTbqtI1iG3MUfzQ7mUshbdvBJGPbJAycnoeoANegrqVrcpDCy5Dhl3Kd6BSBhSCSC2M8Z474wCPn77fPG+/YruC2zC8KpBAHAwDz3GcfKMdK9T8JzWs9rEJAUl3lixfhM9PlyDjI5JAIGM45rOvQilGo48rVm7WTsuV23erfZ3+SZ4WYZf7OEa1NNSi4u6VkknFtJO/Vvt+Jx/iXTVt7zMUZ8h2wWI2FTy3oAAQxUEZ5zziuahQmbeYiDGSuSRggHOMDrnrkrn0Fe/avplrqFlJFK6tMqs0TKFy3y/LnkdN3UdD0yMV4jd2Elg7wybldJM7ywIYE5AAGTwMcHHykDkYxvQqqUEndOK2e7skm5brunZ+q1PWyfGfWaPs5NSnD3W5Wu17qd0/NLd7LdPUrpdsjmR2XcmFQopVgBxluCD8pyMA8jpjk62l642n31vdSSYhaYB1GAdrfKd3OMhckcMCeTzmueeRGkjJIYEqJMAjueD24YHkdMAY4AqhfOI5UC5ICgqrKQCOxxyMei5PBz3ONXyTTi2nJ6OyV0ny6P7Wu90r772d/XhStJSUVpZed9NLq17276d3rbsPFEunf2lK+nz+dDcFbjBCjY0nLAcADBY4APOcHIAza8M3UUupxyNGSYtoPIGVGck9QepzjIzz2zXnPntKrMzbHRRtA/hGRjk57+2Rkd9tb3htmOoWwSUMP+Wg3dR3OSSTngAAHIzjvnLFYdRwsrJSajKzXWzWtnbVPbvf5npYJR+sU29udP8A8BklqtLd/nfvf7Figt7nRhNIMySx7oCAEbaCCAVPOQPTHc5zkjwb4r3UMh05I5S9xDGRNyAVGfkBA4IGOeMEr1wOfZ4NRiXSoY42AkWHaiMwDKBnJXIDAYwfbPqM18q+NtTe71ydhhY0whxliMEg4OcY3ADgr1PBOTXy2RQqVMXVlNNxg3q07bptLq9e+mvrb6nOq1KnhIQppNyiova6bUd2vR3WnomjnEu5HJBZsABQzEqBzgAY9QBnrjnB4GdzQ9P1DXbyOwtVd+AvmIrEIGOSWYDp3yTz6mqGg6Pf+ILyG2s4Sxd/nlZTsiUnq3BA45GelfW/hXRdI8JW0dtDGJLydB9olC7nMm3DJ/sj7xGMHHOAck+znOa0cvw8+RxqV+V8tPRWvquZrVJWV7Py10Z8jQpupON24xcurte1rpPZ2Wr10XYu+H9LOg6ba2w2tJaRCQsnLO56nnjIGc4Iwfbg2NS1G8Sezdx8kgZtmPlRWx8xJ/jJyTnvjqK277UrSCCJoo0MKrtlYY8xd5+7wNqnk5yQo4HHOZ7ZdGuUDFlkYRbUDkuBIw4QgZIkUdgMc8ZBOfymeZSnUc69KXvzUnyp2vzRb66JdG/NM9N03bljLVcqSUr+77j08tXZ+Wmu/n9/4mmtfMCz/u41fawB3EliCnbAydvXAzng9cseIjcxExW24lFMu9RliTkHeq5HrjA44x1Fal9o8M0l2jQEsrOYVXBDLklsgEcEnPcg55yDjmozGrmyREti+RlATsKHGGJ4IbngfLwMEgCvYorDVIc8I+9ZNtb3snvdW0vfl3dtrioRrKWrSi2ktW200mr3dtHa9rX2em2lG11Eq3jNtimJLDBYrGowuC3IBLAZOB6f3a6K2lWWCGS8QvHtZopgwAiAGcswzljwMYPQgjnmaOziFnBbLcxbZ0CSlsNsUjggnBGfyAz6jHG+LVl0iOO1N35doV3AwtlFUAkBmY8s+eeoB21jQlTx2JjQ1jKEld67aXTvora9t79T03+4pupNOaklezXk2vRW1vbr6nDXlu/inxWmk2XKXF1teRFOXVXCkNgHgKGJwRzycYAr7x8M6JpWh6LaR2zLbtpMMBMYUZuZkGWLsRkkEk9+SOOlfLHwl0GSCcavIYwssplhkcbphEC27bkjJZiGGMEkEZHf6wWWGe3t3fJhZ2LKy7WmUgbhjuVIHbkEA8Yr5njvMqjnQy2hOSoUY/vFF39pOybvquia1+XlGAgnKVZxtK65b6WStolzLd6t9ep2XhrVzql1ez3H7xSBGFIUywjgAgD5dpxyc/ka0te02yKKk9wDGS2X2gyxKRxg4GFB4wST8zAnOMczYaZgxvps0Ra5lXzHUFXVWOQJMABCOQf4cA5JNesT6JZQ6UJZoZri6YeVcorZSTIwJc5wuD0zw5z1J4/GMdWhh8VSqU5zgpyiuW6vFtrZ62bu3fRN6M+kwcZVYu+tldPmsndXVtGtL2drfhr49eaXZjTpIY5FhDq6W7owMkzEHG7BDL6gDsOeOvJwT6cbKXSrvzluY1eKG4dD5YL5VmOBwOAGDYBGO5rsorTT5byeK8S4jlWQiERlwqBSRzkZBXjuAcKR0FVLxNPkhubNSBGqttujEDKzgMQNwHJB44bk4GcYr6DC11BRi3UfM4zU7q8JWWqk9276rbW2j0CtSV3JpJqPSzeybWvV9ez26Hy/4miljuLmC0mWcWrlhIRnaDjARCMtgnoeOM4+Yg8rpUtxeXhga2XfMjK0rLsYvnGACAN7HovBPT0z6d4g0WU3M12jGOEKRvCMCWHHzkjknBxwRk4BBJrgJyYLmBkYAxyB/PG5CZEAOBgYDZGQ2TxkE1+t5TjYVMIlTmpVPZLlcnH4tPium1eybSsrW0e585Jwp106ibhzR5tL6cy+fXz0tfbX6o8E/s7eLFvfCmpeINB1fR/C3iMqLe/v7Z0t7xSQDHGxUDdKBlNpycjngk/2uf8ABOL9jb9nyb9jc6Hf+AdIup/iLpup6P4i1S9s4J9QVHEqRzQySIzxSRHDw4PBAIPPP8cXwf8A2gviLr2rfDrwX4r16TXvD+j6tbjSrC9P7u0RmQKGkOWZkUYBJKhRwDw1f3Of8E59fW4/Zw8MM+Ag1W/SMKSVTfLLtCjIwBnCg8YxyK/mLxo4m4hyuvlUMTjfYxhiZVYKhOapNQ0ouXMleS0k46e9qm9z+juA8nyPGZBjMZgKN6yq0aVWVWMJTjCcU6kU1fST6dVbvZ/yH/th/wDBKL4m/C34i+K7DwHay+JPD1vrF9No1skBW8OnyyySQq0gVVZ0jwuxSWUgDjk1+X/ij9n34peEr24tNX8GeJdNe33l/M0y7kgOARw6xbWUYxv7Ag7s4av7uf2uv2kvhJ8LPiQvhfxTI2pa9cqt++lW9urzRwOQitJKNzR5IJJ4wDtORk14j8O/jb8J/jR4nfQtC+FL3WVFtqd1qdjZ3lpbRyfIsrNMrjy9p5YMOevBFfQ8M/SF4ky3KqNXOMrWLwtKnTX1uMnTc6SjFe0bk7OUrXbdk+qvc4M88J+G80ruWExjwuKqazpQj7SKqSUW0krNNNqycrejufwzpDqtm9vZyoVn85opEZGilTBKmNlYAoR8w+bHIXknmtrTprm0vUs0ilLvMsJbaZGKN82FAzkhjhSWIB+XHGT+1/8AwWs+Efgv4b/Ej4cXngTwro/hg6pplxJqk2jwQ2tvqE6zu3nvFEqp5qKNrHHXoRuzX5G+DprIeJoJrgeZsSJ4WYKFWbGCxBGDjJLKM8AMBhST/SuQeJKz7hjD8RYSnVpxxNGc6dJyUp80Hy2bW7coPz2vbc/nriTg2nkec1sqquFX2coJVXBRcozUZJtN6NprTV+fU77RvB+uS6QmoveiGGR5I4reQbZYzltrkdTubAKjoCeM9PXvhh8E/ip8QJtX0vwlo82sanpFg2pzWUbot3c2wPL2kRIeUoeSqgsFxwQCTBeXlk1hBb28ynUriYznBjKoMgsqBWOMdxgHPBxX15+yN8Srr4bfG74aeLhI32Ya1Z6NqQDZW5tb6SOzkE6jKeWvmbiGBXqT0FefkvihnP12ksb7tGrVUeS7vGLcUkubdx5rtdLrbp5S4byidenRnRj77hGUrRaSlZN6LdNptLbTds+V9e8DfEfwDZxXPi3wf4l0ozO0aNeWFxENwbblZCgU7MYJJOFA7gVzVl4x1HT5nH268tyiZ2Sh8p/EQTt2g98A8BcDPf8AtE+OXwm8OePvBfjCKbRtJ1C1PhKbUtKmubOBzayyQi5MkL7SytnJBHQZ5I6fjv8ABX9mD4OfGez1fQ/Gei6fAuk29+H1Cy22ty10krBGkkTazeX0ALYYAKMHO396yfivEV6anCrOPLyqSjzLVqNne+1tbu3Vto5c98KstensKVaM488VUhHXRWd3pd3aa367JH446L8U9UjZpJL1JgsbEo77ZCAcbiSCR0xkDkHg9Mej6F8YpWkUGd4m2k7DPlSo64JPBPYAdfpz7T8W/wBhvTdF8W6/Y+GPEkiaZbgLpwljCqQWby4ndDnCjChiTnGcHJr5x1H9kn4naXbudPe31a4gZTGIZWVnViCg3FgucY6jaDnttNfo2XcS53RjGrTxeIUFCMk41JWatFuycrp6aJ32d0tT8Mz/AMH+GcZOdKtk+Ccm3GT9jBuUvdT3Taa1W9mr7NHvWifFs4817mJwT915gXUkrwuSOOvIAzkg85Fdxp3xVtLi4QMGt5FVWEvmmIZGBlWG0FhnJxkjdtzyxr5s8E/sx/tCaw2oQW3g+6lFhGs89y5AiVeuxZEOPMIXIGTkg45ANeW694g1Twt4i1Hw7qiuup6VM1neQSEBoJo/lkQMSB8p4HGcdx2+my/xUzShUVKeJnWnC3NGpLXVrdO70162s99z8lz36L/DOJpylDL4YTnbcZ0qfJZtR97TonorXv5bn6heGfjv4h0SWI6F4w1fTZ1O1RbalMseM53Eo455DEdcLg9Dn658C/8ABQn4/wDgYxJp/ju41CGEqqw387Tb2BHylm3EcAg4HTjIxk/gND8SraxRClzPAyMcsrbgW6ngMSOeDx07kYFdhpHxQu5ESRdSgkaR8qkrFGA6ZIPGSD8xOMYByQc1+gYLxWw+Ipwp5hl9LExlGKmpwp1F9m7tJSsttbddN2l+K5t9F3N8trSxGRZ1icK4e/TVKrVpNapq3JJXXZar1eq/qw+Hf/BYX4gWDW6eM9AsdXgUKJZLV2EpzwQCMKWI5Ygd8gkYFfbvg/8A4Klfs6eN4YrXxzoj6ZJMqpOmoWMd3bHcBvJBjc4ycc+vJY5Ffxf6f8V7y2SMOHILZxDMsmQQAGHzFgQeSM8EjAHNd9Z/GeWJFd53UnBPnLjgdBuAHOeQSc8AZzXZLOuA8096WCll9W38TDzlRcZtRvZL3d3a3W6ueEuC/GLh69FY15xhopXo46jTxMXHS6ftI8yTWm7erd+/9rLyf8E+/j1aCK5i8AGa6HLBbXSblWdc/McxNuDHnOcnHODivG/F3/BLL9mLx2Hu/APjD+w5JNxhTT9Ut7y1UsCVAzKW2gngZHHuM1/KPpfxrghRHF3PE5Csj21y6SZPOQEO7knDckHG7HSvbPC/7U/j/wAPQQP4e+Imv2EkbqVj/tO4SOMKTgYLrkEY46E4POTjqw7pwSWT8UYqEd40MS4V6enLy6Se1mk9r9PPwswo1Kk/+Mk8O8FOrFRUsVgI1cDUe3M26ceXmeu7+V9D9n/Gf/BHH4j6Ost14E8X6dr8Z3GK3uQVmZDyvzNhN20AHr0BxkEV8c+P/wBgL9pXwK7SXfw+1C/giU7rjS8TBwCxz5cQf5Tg5ypbBB45IT4Zf8FQ/wBo/wAILb7vGX9uRRlUMGoATLtIUYDuuCcAE4bjnJFfcfgv/gtJrTJHZeOPBVnqRXHmz2b5k2jBZihAXBHO3+HBI+XFdv8AxkLtKpQyXNaV/ecW8NiJJ73dnF3v2s238/m5U+CXNxp1uJOHqyd4wqL67hqbTWqkkpqKb73aWmp+PXiD4ceNvDslxBrvhfX9MaM4K3mmTxISuQVEixKQFPcHBPOPmAriJdDjiZUKTWszIQ0UuCpYhum9VxzxgjPXJzxX9Juhf8FIv2PfiYsNn468H22nTXARZZNT0q0uI13cN84jLAZyQeT6Ed/Rl8Af8E5/jzCZrOTwbZ3dwPLTyLmLSrhWfJ+WMtGcg5GGB47givKxsMDJv+0uGsbh4r4p4emsRCPwptSg02tG+r6dz2MtwuZUpRnw7x9ldaompwoY6tUwlWT920bVHvdK9rK7trqfys33hoSIqz2qXUcaj5lWEtljwTkHOTjOcd8/xVx174Q067wJdOt3QLs8sqElIBPIJKjIXnPcn5Rkkt/UD40/4JI/BfxYkt58NPiLcaa8ymSGCOaG9tmV/mUblkZigz34wCcHgH44+Iv/AASH+N+jFpPCesaL4nghVtsZBhuJFUbsZYhQ3Tv7+1eB/YXCOM0oZj9TqXTdLFwnQkvhumqit6a2S0PsaXGfivkcVKvlk80oxtetgK0MXCUVy2cXSnKTVk911vLofgLrHw20S4Z2ltLq1KNhHiGdg5ycpwSQeQW54wOlY+p+CIltVS3vpDFHCqLDPHw6gjAZsZAyBnjtyRhSP0s8e/sZftEeAIroav8AD3WfLidtslnbNewsFblwYg7EEKcHsBtr5f1rwfr+lh113QdT024QhCl1ZSRKhzyWSVUwMkbiB1PfJpz8OY1oueCxVDEQk73pVIyUtt1GTXfol07nZhvpCZlgKqp5tl+OwkrJS9vSqU7O8dLSUVpo3ZtXunZHxVceDdYCTSRReYsT77dLWVlVDyclCdu0+gAK89duRa0Xxn8TfC1w93omuazo1xbN+6+x6rd2QKrlcjypEXcQMkYAIOOORX0bLo0bLKRCGbfh1hJhfCgnlcDB+XkDg5x1xWddaPHcKsBjhkLLgLPAuFJLZYSKM4UAAncQTtPDECvlcw8PMdQnJzwblFrl51FSv6e7f07Nedj9Y4c+khldWnRprGujNSi3Hn5baxavd2+JK+jStou2x4C/4KJ/tY/DrENn4/12+0+0YB7HUmXUoJVQ7tpefzGIIABKlc9OCDX0LpX/AAWP+JupX0Gn+N/AfhrX1klTfPJYvbXqxYw5j2JsLY5AyfqR9340n8E6URPJJaywMCSsts+UY/MA+wn5ug44ycnHeuQvfhjptxNFdDVJ4ZRnEht1Vl+Y7ScDA4H4k9T1Hw+L4CwkZ2q4TlcnyybpK9tE9bXutbu2nXrb9ryjx3jiownQzdy5VFKEqytJK2iSa7Xd1unoj+hr4Sf8FHf2KPF2gW9r44tdX8J6uRGdQ3+ZIsdwRmVoQoJMe/8AhODgYXBHHskn7Q/7EPjciy0X4pyWRUEQzXMgijUEcLmTbuBGecsBzuxwD/Kpe/Ca9mmkutO1qKQqQojkAiMp7ZwV3Z6HODhjycnPE3Xhrx3pV88ZiFzbQtz9lkCkKAcsrR5YlhjOD9Bjca+XxnAOHjJrD1KtN9XG+qdtGnsnur/dc/S8t8aZVI03VlRrJ8q1nG/TVrVL5vbruf1K+KJfg1MfK8EeM/C/i9rkPKWvLuyRo1UNk5Zw7YUAAdSRgDJ4/NvUfCfgv4tfte+A9N8P2Wgy6bZ2U9hql3G8QgbUYs+aivkoXU7gAcAnOAa/IWDxD4usLhpLRNVslhPlyOJ7xFAcYOx0YDIPA+YAnnHBFUNE8ceJPCviGz1Pw/4h1Wx1WHVFv95nuY3SYPli0ikMVYk79x5wQeOa8uXAeNoUq06WKqc06co00/djGVlytXb11bd107I+jqeJ2U46WEhicHh/ZxqQdWUHBylC8W1eybUtbrZvpbb+qM/sk+ErS4n+wXlslyX5SSSJlWTnCFQxQg9VZc/KPWuT1b9k+9nEzwxWV1GisS1qyCXLZOFC8exb0GQSc18r/AH/AIKl6N4a0HTNA+K3gW28VX1jBEs2t2UvlXckEMY8ySYybFeQgZ6liQeckE/efw3/AOCjP7GfxIUv9o1DwdfllSW0upHXdJkgvEVbY6qcqB8wyGKnkk/i+c8PeImVSqTpR+t0IycrU26j5U4tPRcy6aJdbNn67leP8Ks5o039YpYKvUjB8tSSilJpRsm/dbT2d7artY+T9d+BGo+G0eOawvPLDFWHlmT5UxwrYIA6YwOnTJzXkviDwBGqiI2ciMQyxkrsMec4BjwMEEEk5796/ajSNR+DXxFsftPhn4naFKl4gMEF/dWrYLAbEKM5kBJOOhJGehyK5fX/ANmXxHrUyT6VZaB4jguG3pLptxEsyoRklVZgxLKBgjPIx0HHg4XjTiDAVFSzXLa8PZpN2pzjJ/Dq+ZLXrfTXRK9j1sX4b8N5hQU8qzXDzdR6Nyg1qo2s1J6JaJ9HtZ6r8G9e8HzQ3VuMXKCBwpkWJgg9CwAxnJbkA5xz1rUg0l4owJ3lDS7VilUDjCnAJU4yeOB0wRg9K/aCb9lyziWaHWvC2p2bxId2+zlkiaXkl0kReQhHJC4K57jNcTqn7M/gWWFoIbaS2u0VwSUKRo20EOS4BA55U446AkMD9FhvFXLFJU8RSxNCcmotzg0lH3b366u/Knby1sfC5h4JZsn7XCVaGJgl7qhPV7XSXVX9Grre2n4k/GvTbhfhrqOLohXurdDuYsWUyDHynOcnuQOWyST16HwnHeDwr4ZKwt5NvpsIcum4HCrlhwCM44xjuQOMn1L9uv4XTfDzwPaSadLJew6lrENuwiUBEYSqBu2gocnGFPJI9MA8t4X0/WdO8JeGEntLhJZ9Ntco8Y8pkZFK9exBHzZI+tfpGHzvB5jlOHxVGtGVKrNqMpNK9nFWT/PRuyfU/Ocw4QzPAzq4GvQrRrUGnNKLdk+Xlel+2zautE0nr5R4wvpBLnyUCSNsCjI4HJZsDjkkcjPUA8ZGToUM8upRIQ0S7o9qqCVILjHXgYzj6EYFekeItNnlucz2kcuJtxjQDeCflBGFGSM7hgY9iRgU9PgttPuEla2lUs6CQMC2EBBynUjt1x7jjlRxEZRdpKy/lfe70el91s7t30SSPn1keIoTSlSacpapppK9m3J268zcWnvbTVH0Z4b0+aEWC8xQzhWwq7n+6VLK4LBefvE9B9K+UfiaNS0zx5ryTMv2QomAMHKk4VgzcbsHJA9uucV9U+HfF2kGOytWuxAruFHmD54x90gEYUg9cnnlSTzivmT4363p11rupWunP9p8oxs1xtBkwpAID8l88dS2c4xnmunBzUudOTUWnrd3v7rsktGurbbWjXVHr1MDGjRjKVlNcui0aemjtdNO+t3smrduW0iYiG3I+aOSQMEU5OAedxH8OR8vPU4xnNev6M8U0EskkMZVCVwwA3fJ8uR90gDjJz1ByCM1842GuwxrDEWaNQUUYUZB6kjAxngdTyeBgmvUrDxbZ2emyo7q5B+RWI+YuCpO7ruB4wcj+78opcsqdROK1Ts9N7KLXotElpvJWd9/CnGDbTabXpo7JrdLSyWj0f3nzV+0Zb2dte+FvLtgWvNai4GQVZpQNuMZA645DEHAz0r3+y8MWf8AYlneTQGOV7dEAK7gQsfCMhB5YHO7uScHGa+YPj9rg1G88FKFIx4gtgXBJyvnqFAycDGQTn0Oe+PtjS7MXGh20kspOLOFYQWAG0QEEnkHg4zgA4GMEkVpjqlSKpp9Um/L4fxXbbVep7WUUKToyUm203d6J3TXbdW2fy12PJ7bSLRpVkESqCXCtG5ik4JG75TgFevGCeMADGduz0+4ht5nsNQ1KLbJ8ix3bEB1HL4LAYB5xgjgbRnOJoNPO52Qr/rmVmB3ZU5OQuDjkc4GR0HHI6fTNBnu4XSJ1SPzMyHlFGAWwDkHJH3iR1b1ORx068qa1s73f38r337aa7aaWR3KjCb5Y30V1qnZ6LRbattv1sn0MfS/EHiy1mESa3JMIXdmW5jVtqjg/OxPBHOSRlQM12EXjrxIptZbm1069Q7lPzEE85zuzhccDPXnopxXPy6XHb3F07XIaMW7buduGbqGJJzg5ycYODwRVWK1ma2iiVdybHfIGQdwO0ZzuB5HB59yDmvQo1akkuV63Vm29NY2el+jvpsvLQ8rH0IRspW0d02uicUktt7aNq23RpndQeOYrmKSK50Oby1Z2kNrIrKNuOc5J65B5HrmqkfibQZLeZbiC5tY3fDC4jLfKO29F4OcA8/KOG/2fMYBf6Z5zO0kcas/7tSRuDMMHbwccevoeM8a8mrb4VxH5yYQlJlQgEk/MWySQx44x0yRkknX2uKpNSdS6ScpK93eys76JbXaTT10ueTUp07R5Y6uyV0tb2u7LRaJdluS6j410rSPEulWllr6WwuY+Lfe8b7wQEAYkMhYc5znP6ewXXjLx3Z6dHfWeuakE8xHSIzTyovHBJY/OqjGCTnb7BRXyt8UPDWmyyafqdzbIl15tkY7i1bY8avKp8vKle/Xkd85GK981C28QaJ4Z024s9YM0bxwstrcRqyiIouFLEbmJ3YJPGcHPXOmFz2rBxjOvKMpSaS5m09bX5Xr2XVbLQ0q4T93zQjZxXvtXaXw236P0tayu9j1zw58cPGFvaGHVtJ0/W4gczPdWqFpIzwxDMm5hgABupxnBzz0LfEb4X64JV1vwX/ZxkUB5tOJiUOx5YKo6BsnBxjofSvArDxbcJCkeqaRFcMcgPZuVGABkMB175P1HI677aj4VvbVraM3GmvcIpAkQOwf+IIwzgDGclgOeGFfRUs2UuVVFGomk/eSs37uias9NVf3rvV+fK4zhTjOM6kJdIxclZ3StbWz36dkevW3hz4Wa9cgaD4yfSrp4wFtdSykaEjHllz6ZHbJwc1sXfwe8QwTQzaTfaXr6CI7fsUsZYqeSzKWYsV6gDKgYGDXyNqPh+YXs0tndrcqigrLDOySNt5U7S3sDxg5JHXo7TPHHjDw4zXNhqGp2EsOI0JnkaHC8AFWYoec4A9B1wKJ1sHiYSXIoPpKLv2to9W/w2Vuj9nBZjj8Mov2vtE9Wp72TiujjtppbW68j6G8R2utaHE8N/pV5AwTAfyGKRhWAYKQp+Ukk8DOSf4ea8k1vWomIVpCsgUlhINqgKcdTxkc9cHORgVv6d+0X8QLS0MWrR6X4jtRExlW8hjLBWPILAZyBnAHAcqeDgN0Fj8RvhF46jSDxX4Sl8PvIBHJqOnAmLzT1Oz0yTz0xjjpWLyqlKEalKUZSeri0rtpR7a3103W3lb6LDcU1H7leMlbZ3ulayenRaO3Xozxy41RrzZE87REJgsvyhgDuChhgcgDkfTk4FQy6hi0IjcyyHbFsYBQAuPmwNpIznjIJA9cZ941H4C6Z4qgXUfhX430jWGijLNpF1OttfKAMhQkrDfxwQRlivy9s+JeKfhr8RvCdxu8Q+G9TtICp/0tYXe3cZZcpKimHafvAlhxg8g88tXA16UOZw5Y9JR1WtrOz6LVO17brc9XD5th8QrRmlK92rvmu+Xo330eiX6eff2rdfakjYIGVnBbb1U8bWHQjAwDj3J5roU1ZChItW8wFVAULg4XlsHAIJ46553A8AHlbtJ4JI4wS5YMzZ2b1DEkgkjqueg45Iwp5qOGCZJA0c4kRW3OXkJwx4IODgEE5PGSeDXN7F8iTSv1Vr2douzXbV7d+90ehQrNxbi072WjV0ny376N32+aOtg1Noi8iSsrO8hCMAGThs4B6Dd149WGDgHt/D99JKLd5JihJGz0YlgG4wMswIGBg85B9fI38/zVkkBBDsC4YFFHzDO0H5jtBOMd+oODXo3h2WCM2JllaVY8OyhTiMsdylm4yhYrxhuceua4MXhYunLmWnLZp368usbvytu1p6HbCtNOElJKUGpX5tfsq6vbTRLy2T6n0hb6nfxWsP2Xy5PIjBZWQb5CVB2hCvzfKeoB7HqcnkdS8UXtvq8Mt5B5SrhYwoJfODlsdBgjjIHJOcHAOxaavp6hJjIyzCFXViojRgFAOwHABBA9+CTkivPNe8R6dd3jxmdHZBIWJXBBLcqhA7dOMngHvXzUcgoVJym6EHzSt8KaveNr9npsu9/X6yWdYmOHhFYmUeVJJKTe3Kmrt38+tnve2u7feL0urhoWeUwqSrhgFVupwWUEkE4AJIyBgfLkV5/f3WnXzXii4eIMx2rICFRsjG3k7sc5IwSCvqDT5dZ0GJVa3l3yKhLxMNzSPjC7iwznnoOARjBA45F7yKR3mWI5ZS5zt27j0wuflJxyMggggYBxXsUcnpUYwUKcY63ailorRvZ2va+j76bnzmOzWtO7nVc35u9tYtNdba6d1r6Rax4fgmtt8d8kgeMtMqydV4+UByCSBwO/bGcV5yvh6S284xuFVzuRly8iqCeGIJKA8YwFI9yQD02qlZBDHF+5V0JBdtoDsSQxHdcgAKeOCee1OzY28bAzMNqFXLOjRvIucbCWJwegweQcMeAR69DCqlZqOl0k3da2Surq7t5/i7M8DEVvaNOTXR2u/e2alZ2dr3k38u5yS6NfW0k7CNpEkZTsaN24bkEtjkenuR74t21jPEXe8sgiyEbin3ghIDZRsnceoIBYcYHy4rsjeXS2wRXUGYjcCN3lqOm05IAzkgY6duprNlv7mNWWVoWKsER2GchiWz1BzjGMk4z3OdvrUIKSTV27bu9re7pqr29Lb20aPPk4pXasvvtr1v06p7b6PVmR/Zem30yWqTSWiyDawdVCru/hcgc8jGDg8/iOjtfA2nu37jXYGaGMsiltqI44IYZxxzjGAOuVG7PJBv8ATJPtEcp/eBwyEhQOWJYAYwRyM8bT0wRUdxOVdporkwIwZgnAb5ByoIwSGyuSdxGOmCwOc6TdpPVJ26N20/8AAY9227ae6uvh4mjTl71o3tZpW5nsra9lZ90ram3F4TvHuLmS0uLZ0jkALLIpEpBAIUFuDkjG4DJIIGerv+EV1gTGaS0Z0DAr5ZBLIPvBkU454+9nknHBzXJWN9qcTzzRXDJbkgsIjlmXkc57nHB6dSc8119hrevrAMXDmFim0YHmlcn5RjkZz1PGMDGK5mmtE2u9r305XpotN9tPXc86MIucUlZt2ejtvG2i93prpZ280c5rXl28TF7S4gaQOkpZBkE4BKkjtxtI79cZzXlc2nG5lbY7RQyriJwjbzktnJI6YI3dOTj0r3rVtUuUtENxbxyxB2JWdELjIySQFLEHPJJ+nbHCNf2+oXaxfYlghU5Dxqqtgkg544B4wDkH5gN3Irooxl7uvwqNm37rba7rRK7bdtNXd2PYi+SCVubRLmeyd+my6NttXWz6W82i8OzxSu6mRo2UD7pbcQuQ2WA64IGOvA9aetj5QDS2bhkfjH3yRyGYDBxyNuCMY9cZ9qeLyrdEgQS53bAdn3COSedxODyO5zjOcGvDb2XzLcxtAzoFIZQys2SMqDwoxzkADPXHIPQqXN0jFtLXa2ifTo2r9Fq1fculibNbpaJXWjatoullZLdbr5ed2Ucb3EUaxt+9dWDMpG1jg4f+IkEZyemMnrivcNMsJYIIH+2EfLuYxycRsuAucnlRglh7DBXBrnbXQLZZlZRFtLApLuy/BDEICQcsO3Gcjk5weqm0qWaBIrKcxruXvsHuCxxnv0PIxxnOIWGjzOyvs27NtWcLqyd3f0S79T3sLidnKT1s0rNWjaOj6W1d/LtozXh8TazZoBbTxXUMCsCWIJcnpkt7KxB6gqvOcEch4z+Ml7p2nLp8MccupXCsiQxszvEzZwQRjBGTgZ59cjNefeN9Sm8K290txfRpNMuLO3Rikk0mPlIQYOAckEjnG8HJrK+Gvw51fxHKPE2tXjeXOyvbQSk7lcEbQdxACjHQHqAe9Y1MJTk0nFc1neVoq3K4pq1r3lHZ7aaJNpnrQxtZpcrburOz5dnH10klf16bHb/Drw3ea1c2+veIUuJZzP50EMpeQBw2cupPAUZABB6HJ4wfsK18aHT7MW8p8t0CxbYVJQIvKBsgsNv3jgfN0JzzXk1npmsaF5YTa8iqFxFtKbOCDg/7PUkZwe/OJ5/EDKZoZLeNxIuHYLmXcFwVB6bsdMfyJzFDCqUpXTW2ltXFLRONl/wHtdaufr06clrJSla7stNE1p01e+nvM9KvPHi3iPB5qy74wp81Qm9TgBVyBknOPXr0I48/1OSyu5ChdLUsihY8LtZm7gg8DPUZGRkk4xWIZdHvYQoNxbTIW+Z1Ygt2AJxhQcccnPOcg55i/tEkm32t4Z5QclZWZAu3GQASFycEDgnGOB1Hq0aap03ZJr3LJu27V+i26/K7bVlyPFVKsrt6PlV23qm09Xq011t8zfv9FVwXdh8mCGgfBPB5ILckDrxnJx61DbajrOnNDcQZaGNghMih2IUgEnAIx0G05G3BOelT2aTxQRO8rCZh9wncgR+CFOSAMdTwd2TyTUX2u4t53ilxMCGbYh2g42kEfVRlh1Y53AYBrZSgk4uK1Vrp7NtcrjLu7tN2enR6lJyVSM4tqSWri20m2mnfTVreybautNjqpvFJ1FDFc2UeZQQ0oAUbgAMoSo3ZHGTuAABz2OFIbMuY0cxAgERnBCFu+4AbSSxz9MjgZazFqOkXcRhkkS2cLuWNguVkPUBgOASo7nI7ZqjFo0VwTcR3Mb4OI9rkEgjIR064x1OBgjPtVRS0vy90tusdG2tFfXVK9mtetTqOpJKVtbXdnfpeUrtJW6Xvp03Kmvaf9g0S5uXnS6UoZAhkLhQV/gUngjIHOCepyQ1eUeC7795OGiPWQrjgLuJGWJHTuBnpjHXn0Lx+kmjaExlmCl1KKAcxkED5Qo5Zuxzg8cdMny/wbcxqqyTLhHJJIDYK5J+6N2SvJGBz0pV53gldK1la+6tFJ6q6Sd7Lor36JbYW0ZPRXtHV7272aTSetrq1l1PV5JEnHlhwW2AkkbVYAYwPlyCDnAOB1OeeeYvLaERsxRtpYqM42A4+Y7iR3PXbx1GDyOnju9JaAbphG4JCsAvIIB2gP1HXJAI45weKxLh7V/OVplRlOQrspTAOSVXOD/ex/hXHCTglLSTskkvev7qXvLW1le71Tuk2KpG7crbrrrdtbPrbVXV0mvQ5E6Y8TgxlFlZt8fzHaFJBKAZIGBzk8YHUZ51Y5JzGd8aMiFUIVfmJXuTgtwScHHYDvUd89vDA14LhRGgwOEyo4y2OuRkrwevHTLVi6T4ht9UnIguVIidwwLAZZR1ZQASWPB6jgr1zXXaooKSpvlTWqSs0+V6N3XfTe+j31zpuhGXs0lzaJRTTuny6rtdp/LW2unpmlxXKQ+WhyX+dAuAqgjOTkhgSOBgkggZGcitK2mvolYlXnTJDKeGDgABgSMsvQ9fm65BaudsdQeZEEjbEQlRIPlYHsGPp2yOfugY5q9NfTwqfLmDnjhAC2zIxknqFBJPIGeecCs4NyabWvqm9Ulqnb592aV1TiouKslqlFuysl0Wutn62+b6iKUTRSNLC4dMhipwNrHkYz8x5IwRnkHngU20j8mSQGXcpzJGpGUPHAfPACkhTzge/ajZ3UMkYiaRyZDvwCSCSOQxzwT05x6k4Bx1unw24ciSNVhJ3M4IyCRwu4/KRkA8cLjHGci2pRaV7XSTsvNaaLrruvK2tzhcU52V9k7qLu9VpeKvql1dndK13JPGEd0ZFIBMjqxVlI2qpBDLgfK34bmGQBg5BWKO9klD24DGF9oUgoxYnPQ4DDr2B7E9q6qPQ3uZd0NwgiViFCsBJtbB4GcHAI5weSMHIIPQ2nhq9URtDtkj4EjSAZC5wGBIJYbhySfbjg1jq56tPZ7Xvs9En3unfy63J9m7pytLVPo7/AA3SW7ulvsrbKyOWtru5haP7daruUny2C4xk5JwowQeAM8ZycnOK9DheW9skKo8axIBhVCyuSQwK8qSNvr3zknIqqmg3RkWNoHuSZSXQJgqGAOFYDBXPTB9PUmqnxE8W6F8J/CVx4g166CXrIU0fS9+Jp7krtiRUzuZA23c+1gAc4AzkVSEVJz0tbmbeskkne9t12Tsr210v0RlCEZWT53Gz1s3e3Xfonu7O2x5x8b/ixZ/DPQ4bazijvfFWqQm20qwB3zwySDb9qnQbnVI85wcAjg81+fGj6Jf+Ite1DxBrl8b/AFaNhLczXDbpEnmYMURCcEW4baFByCMcngdXdTa94i1+78deMhLNqmsy+ZpFu2ZIbKxDF4xGpyiYGAeQW75IXbn6Je7r3UlRCks96peQBfLP7wLtYdgQQOOMZz1r5fM8w9snDDyfKneyu27Wfmlt1W3mfOZhiatRuM+ZU1e293ZKyTu3991a92tL+kW2nu0b+eZJ2FuyQvGdhY8AgDksoBxg5JGc9cV4rf3OpS362JM0thbXckAjOBHkuSRnd97LEfTPfr9DreRJa3UrhFltoMQorKqM235nXB+7jOckHrjBBFeO6Tp9xrFzbBIHZb/XowNil3AeUKcKCSxbJAGMkkCvnKGKqUYYirOSTjHmv2SSabem2t77W11OClSpYnEYeHLdynFWau94Ws7K7Svd9raPY7Dwt8ONe8Ta1oXhvRrO4k1jU2C2lmimSWYTHEYjTBJDDJJAIGMsRmv0vi/Yi8I/CH4XXPjH4zapBHq89nNNDprtiSO8dN8dpBCTvlmZyAXC4Uk5wTXDfDbxj4V/Z6+Nmja5r/hW98S65pPhGF/D2n3MMtqbTUrmJTb3UysqvIgAPXJAHXkZ3fiP468efHnxRaeJfHdzJNDJM76f4btt0WnadbhwIFEQ2o8q4G8su84G49CPxDiDOeJ8+zjCYfLqzwWT0ZRqYjEwadTFtON6VPW0YNqza11lfY/ovI8lynLctc6lJYnGTSjThK7p0o8tN8zurOXM7JJdFqrnzr8MvD2oWx8SXWjWslkurRzQ2z3QIkh04PjMJJ3K7pt2uMcHg55r9bv2cvh1aWPgTTdUhs7eO4WB3nv7pFeWeYLhSjvlvlYk5JIzyOvPyfL4Ti0TQLjxDrHl6bHBZlbazAZQUVQI2KjGQ3BI6njIFei+H/2wvhr8LfhZJd+N9X2vYQvFpnhu1iZLzU5cEwmJSFJRmA3sTt+YkZyAPYxGXYrFU04RqVsROdOEZLVxiuVczb1VtdFd9dNz2ckdLD13LEWp4eMJWT0jJ3TT0s1ZPte1urPffHPhL4eeF7a98deOL6GwtLYS3Go6xPJFagqqFlhgXcplcgbVCZYsRgsQTX4p/tOftmal4+ku/AXwchuPDPgRC9re6rFI8Wq+IlQsnDrtaKCVQVxHtJBOc7sDx39o39qb4k/tH+I3a6uJ9J8GWshTQ/CltI4toId2I7jUQnyyy7dpxJkKRgEAlq8h0/wwtvCl7LL5k8Sh3Y/KF6lYokOcknGG9h71+jcMcJSwyp18fKWIxDUZQp/FGC91pJS3vbXt56M5s84gpVVKhheWjQi2p1dIymtNr30a6t3aevQ5DSPDn/HxcXVrKZZZCzoW3M25gzF2YkvIxJLsSTyxOBnPpNhp9pHBbxwRR+eqsY4VyQjHAG44CllJ5JPONx55rU0nw3q2uXNpp1nbzNPcusdrb26GW7uXlYKkapGC8jyNhQqjOWOCeTX7m/shf8EnpdV8PWfxe/af1WL4bfDS2hj1CLSdQlS01vWLdR5x89Z2V7eOZOAmBIQSMZJr9+4Y4Lr42NPG5l/sWXRklFzg3UrNONqdClFOdapLoo6W+JpXP5s8SPGPIuDsNXw2Fr08TmKp60oVIJ0r2vUrVG+WnBOzc5u2isnK1/zp/ZY/Y7+NH7V3jLTPD3gnR7mDQrWZX17xPeQvBoOkWuR50zXTBYpGjTLbFfdnGRgmv3svPEX7MP8AwS++HV7oHw8/sTxv8bLizK+JfHF59nuXtrsx7Xgs5XDC3SKTICREOQOfQ/PX7Un/AAUo+GHwO8JP8BP2RtDsfDXh+2hk06fWtKgiTUtWdAY3fzlVZpGlJJM0hJbOQSAK/ng+PHxrv4LG58a/GDxDcKl5ObnTtAad5L3UpCSysy7izBmJyXOATnoOfvswzTJMgoxhOmoU6avSyynJKviJRUb1MdOP8OOkX7CLb+zNvY/jWrjvEPxhzGtSy6piMBlFWUfbZ5WhONGlRbinSyulNJ1qji7PEyioreCtqfSX7TH7ZPxT/aF1vWLy916Wy0IySS6lq91cNHAtvuf5IPMYLGijIULgsAcjJr8ivin+09o3g2G90X4eSrqviCYvFeeJ7k+csRIZHW0yG+buCCdo5wOh+cfjF+0l4q+I8z6PpzN4c8Kx5WHS7NjE9xDn5XunXBJYDDKeANx4Ga+ZLxJBIGJZkZPMiZWG1fmByecEkEYxnJAywIzX5JxHxZmGe1UqtZxwtNJUcNT9yjSj7toxgvd0ta3372X9EeHnhfw5wFg+XL8Kq+Y4hRljczxC9pi8TWly89SpVneUru7snyapJ6We3rPifU/EOpXuo63qFxe3t1I8s007lpJWfJypYkgZIwv93PTPDbQRxwLkEvOp2kMdy4+6drA8g9s8jbzxzy0E1ut0s12DJHuUsFUliFYbgBkZOBn05weflG7rGsWVzHFLpsW2VOFUghwiDnhSAXPG1uGboeeR8RUnUbXK7K6ta9rXTWvm77pXP1SNkr3ttrdK+yeiu9NtLq7201y9ThvZ5YpJrY7QzGMCMnoRhyRkZIGGzgkAjnGRWk0+9RGndBhkJkRSMqoBI4xkZ5xtIyfoMaVv4imRAkxaZApwFQbk3HJxuHPU4wRwAegAOv8A2hb6s5SURwK8QVXyUZnUHAYjIzkEDjHIGOOM1KacU97LTtsrdVtbXXd7bISbnr82m1daatbO2mr0Tfc8+HmxNv8AJYI3G8jlhyAPQA988qcnAw2bySrkb4irAgsRnaQACFIJyccAc9SCSRXV3egSR2KN5y8hmRVBZZFJZlO77pc4AIUkgkdxg8a4dNrSt8yybdjLznHyj5Dxz83QdQAelbq7Sd0rWau01f3Xs+19dPxasShdeu9krtXS1sna/l19DudMvWZwROYo1RX8reQzMBgD5SMk9QMEdBgjNJrFs+oXDTpNJcMYcSISWcAKCpDEkkjaQOAcZIwQAeZs7hVRpWyjZK8k9uRjpggDnPJ7nrjUttSeFAeeD8uGZvlJOST34yD2HGe1Yypu6cZPV3aSt/LorK7b10XZK9r3he6tldRavbZ2jq1rd6237u7ZUt7FkUieOUKoLeYcqAcZwxwAcDbn05xXqXhDULCG4sbTU5I4rCWZVecKrtDuO1nyQTgA5YEjnOM9Kl0XxNocmkS6Vf2SGZ1ZluCIyDu5B3H5sgdAD65HJxxiWkb3riB8oXiWFcELgtzgLwMdMEHjA/iOISbm4yTVtGvO616L4Utd9VuLma5ZJaWur6qyafl5d3rfpp9rT/DWaHSodZ0Ix67o1wrP5lqqPLEcbi0iLlgASQeAox2NctAn2VWLo0BVmVoiPnAZsgFSMgKeucHjkncTXSfC/Vde8MWdqIb1zC8KNJZOS8EqkfMpjPyqx5U5ALZ45Ix7zd6P4B+I0CRuqeFfEbpzc4xZzyIOjA5C73Oc8ckgZzk+/hsPH2cGnq1dp63uo/o2r+TXa4nCb91xTdl0tpyp/K60WqWvfT5he4JwxyF3bVYA/wAOfm2jIKnjGTgYzwRzYF6HIWTJBJYOg2842qAOp79m9OcAV1/in4aeIvDEwNzC9zYqzCPULYebayKPusWQEAkHpkE9AARXBSQuGLBgSv7shuM7RggBh+Q7Y6cgV0RXJe6k1Hlj5La1rWe1lzK+qasm3fCTcJpOO/Xy93ztpr1+RoxSgcA+ehYkAcFdwyc5OT7+3pmmAs6MqAncWfHXCjg89T3HDc/MeapwsVJkDeWTwwGMBW4yAe3P+BJ+WrMW4KzI7bixPHUcckA8KO+APbaa6oTsk1fVJNd9Fe7379HbVd7TKcLptJtN63dm0ktG9l5S0XktFYjZoWBAIiHJjGc7+oAzxgn8MHHJBNWYpYPN3SK0asWUryUBwQDjJG7LY479sCoGcyZEsZ5GfOA+6F524BxnHYY5OCOSC8xxBTiQOjAclirbwF+YnBIJOc9j+g3vflTtpb01tq79mrLtpda2LjPlbko3v00SW13b7Ka00+ZLdOVDtEFdcKu8DIbtjAOFGDzkfQCqjfZ5SZGAhZMxpuOAcjHyjupwADjA5HysMtAJJYEZUYEkk7QQynOdoYcKDng4AJB7U9ZI5Y2SUgPuxub7qt/d6AgEH5ccqSTgZybtKPVpN7/DZPlW+u7+fkaqpGbSutN9Gmk0r3fTWyevXdpsjlWFCp37CF3BQA3zcbidp4yB9084J4Uk1l3Fs7OHjVZBIGJxyigcHAHCkdQp56j3q0YpYJHZmEjKcoFw25ScYIAPOO4A47gk4IXjVJDKfKkZ8oAcDqADhgGwT8vQAnqMdRSkm0m3sr7p/Cr72u9L31Ttbum+R2UtdNfk47fe9td7aWOe8lQuxom2yMd4GchgNueg/D0PcGs26t1cMWQjYAqnOQATyWwefqScg564rsJIHd2ZmUuMFNpXaV4JBIwM8kgcg5xz1rIuLVXjmKOFUkbwDzkDkqpxkDkk8jHbBxVwh1d1ZXa2vbldt72fvLrZb6nLVVpJpaaa3Wiulolq76J9vnrhW2oXUEgijdhHuCsGGQoC9RkFvTgDtk4HJgu1guSG2gXJJ5AQBz1JPH1yPqOMVceErKoYgxbSGbBVjg8DJ29RjOCOTxjoMyaPeytDhNobCHJb7zY28gnrnGcFfpVxpJJPTXR9X9nRO1ne6XZvrZGftGny30Vlta2qto9dLNL7rGLPbTWxV3jYYONqncoUnjqCATnrwcHB7YpmM8zDKsDuUdRtPQAcdiSQcDgZ7A9QjSlNsoeSJgC+4AHpgYOAQB06jk9jis65toWZQgYKSdykt82cMOQCNozkgnnHQbgaTioyUbPWzdm3slqo3et1tez2v3iU1o9b3VnqrWcbWTStfqt3q7sqW0yKSkyMBIFIKKAAEHAKt6+uPvYxgMKu/ZHmXzUj3jcTGUJ3MDg8gAgkjkHHAPJwKzrkbHCBTuC43BgFUDkEkEAg56AbiRz2ytnqE9jIjpIUYHADFmXB46E4wR0xn5eMYIqKsJRUXFrzTbulpZNXet72tptvsdVGum7Sl5X37adNtbXb9NS6EIUOsWCq/NGSOT7jG7nBPHfr2q5pWq6xoFzFqeiX95pN5G6zRXNnPLCysDwJApAZW6EFcNn0NXLbXLK6lVdUslZQqr59v8oP3cMVxyQeeQeSQCBjHTRaJp9+rPpupRBJF3eVORuBBbbGV3Fj3Oe+B82OvFGfvpSi0m7KS0WtrO2jSavuo69X074KM0nGSbfk+tnGzW99m/dte+qsfQHhP9p+LVLeLw58bPCth400OaHyDrBt411W1iI2mUSFQ2RkHOQwIPJPJ7p/2cfB/ji2TxX+zr8REhvHxcHwpdXXlXkMhG4QRK7iVyDlQZAeQWAwCT8jw+AdWuUlkTy5lX5olilUHa3OCjM2QcnKjn8sVHYReLfBl7HqWjy6lol9A/mLdWM8keHU5DMIiFZCcnBIHtjJq1W5J8t000rNNKS1inu79eib26nWqcuVc8FJJNxa+LeL6+a15fVW0PpC78U+LfB0r+Dfjr4HfULLItzfXlmxdVHyeZb3TKYyO4KuW4PJJ447xP8As2eAviHENd+EviG2guCA1xoN3JhlkbJEMAZlkyG4yQMHIGAMj1fwl+13NqOnw+Fvjb4X0/x7oTRJbm/lgRdVtYyMFxKEDI4UhiyvuLDk5PPdJ+z34H+Ja/8ACSfs0/ESHT9edWuZPBWp3T2t5HKf3nkWsrMvmMCWUZJ7qBjJraVWMuVTi5Rlazta1kveu9U072vq+/bFUoyk+S8rdGtYtW5WubVP8Oi5mrH5aeO/g1468DXEsOtaBexrDKWN4sTSQbQSd4kTIAA5wW5GM4IIGBD4v1a106PSVl8mBQ8UlwDmdox1jLFt3PCnpxyc5r7/APFHiP4zfDXULvw98XfB97cWm0W87aramW0nVfkEsN0EMTFhypDnjr0NeX6n4I+EPxKdP+EevY/Cuv3MPFtMB9kluXGcuzYVV3d1OSCMd65K+HhNrlVrpO0lotFq09VZabW3v5xOnbT4WnZRd1pZbP3b9erV/mfKv9tR2enKI5m2kPNsIId3ySGOM8jgrhc+uOM8VJqszSJcGZizO77+SQTxlxk5zjAOCBg8YxXt3jT4I+OPCsAuG00atpySSJ/aOm5lhkTnOAm5l4IYjIzg8dMeEXdlJFMvmL5IVissT5Vk6Ah14JxgduvPJrhlRjB2aTu9Ek9tPLXbXztvocaptO99N3Zy0+HdqTWj3V94p3ettqC9t725CSSBY5k+ZjtBaXPXB7A+nfGcHgXp0MUcv2ZEdJm8uNhk7cfKWyu4BQDn6EkNziuLeMRSvggrIP3ZUklSMcZGcDphf8jW0/UBBazRzu2xSFSMDhWJJLcZC44+6SSOgxyPMrYeUW2lZJbJPTZ3fzvd662e9jeKdl2Vnvr0vezuumzatexeWe7sJFVpTFllVVjHGM7sjG4HGSScADPHNerw6rok+jW1tFJjUwcyxMBl5WAAfeVBGMg4zz6HHPngkhvIDbxlWkXDqww0hAHzliTw3UHB4b16HFnLRXCtAskbnYC7htoYHkD0OFyOc9TjGa8yvhlUVp6NO9tbu1r2TT0d1013u7G9GfJNN6r3ej2urbvqntyra9027+mQ2F2kk8zxkkLvjCZKyMo/u8ZI4JAwecA5xXWeHdX1K1lV44irqUe4aMurRgN8rZ9cYHPGcjOM15DaeIrhJ4E89y8auCz9Cx+UoMn5mz1zzjJ5zXq2g+Kre0t9QkljWTdAscZAU7pXxuVxkZwTgDPQ5IHOfCzLDTqUZQjS54tNNJRs1pfVb6X1vutLHZhsRGnWjUi+SUXFpxT0dlazXo/0bbP35/4Je/tg+EPh7cax4e+I+rxW9vq9v5Om399Cjx2Yhz8rNIr4kLDOVIB4JySK/cr4afH74efEy6un8I6vBqk9k7CWWPYoaJWI8xFO0EDAJ29fXIFfw1+F/EJWa3aSYRRncVihdlMMmQDuKkHO3LZHAzwc5r9Tf2Hvjxonw28USXXi7xHPFptzH9isjFK4ijlkYnfKAQGCg/xdDkZIOR/FHjL4Q/WHmHEGChWq4pw5qeDUHODm+VzaVm33Sasmux/bvgZ4zQwrwHD2bOjHC3VJ4qrUcfZxbTipczsrOyUuzsf1bweLNIFyGu3WVSDhlAGOxHGT8p4br1xzVbVvFfhy5sbi2kuIpYpg8YiYCbaMHqH3cZ5OMDHOeM1+fNn+0J4A1zSkj0TxXZ6teSJI8cUM8ayyDaM5KszDaW5ycAY98czZfGvw/pl066tqiWe6QRlpJUkRlkOCDuYqCBwTgcgdT97+W+GeHsyp5tGOLwdfCyp1YySVKVOS5ZLVuKUrO2yXNr5tH9fYniDh7FUW8PjMPUU4NXVWEo3kkpe9zcrv2e9vJJdX8Zfgz4B8XtLqM/h3SruYlwJ1s4C027orrsBwCeqg9+B2/Pfxv+yR4H1QSSHwnYwuodQ8MSR7dxG1iAqgnGMDI7+vH6g6V8RvAOvRC3ttZsbm4EauPLuYvnLHOQWfh8kNjqAB8pGMZXifTtLv4JZrSWKcsu5/L2KSqjJBIIBKgn5iTnPH8QP+oPhHms6WXYTC15SlGNOnB813LTlVtX0031bVtkrfyP4mcOZXmGLr4nDrCyc5OXNTUHomr33vfum7t+R/Pt43/ZS0LS7m4FrosO2NSCzRj5znsQoG7GfugkEEV4VN8ENH025zDpaRzRkklkG3Jzwu7nnB+XGATyTjj91vHnh+xFvJtgDbtxQMgIPHIzg49PmPI4Byor4z8X+FYZZpHiswC7byNoCpsLAKGAzlhyxye4A7V/ZXDWSYHMadOpFU5uXLLldn/K29vV2T0063P56xeXQwFRxVKHMmlfl1srbX69rPVLzZ+a/iLwVZ6fo9/MtmqyRRs6EhVTcrfwhcgn9T1J71+2P7GygfDb4bhsgSaTGjBG4K5ACnJGRk7cdOOxwa/NH4u6Qtr4R1ecQlHWFtoxtA4O47eeO/5k85B/Tn9ipA3w0+GBCZM1gibGCsPlfkgdCW685CkEjrg/2V4AYOjleM4mo0oRhJ8PxqOytzRVfdpW1S0trZarXf+s/oqSlHP86q2ty5RCd0kr/7VTX3pya2e9tFe36d2Gj3EnliSEhQitu/ixgEAMFUZ6jjP3sdODS+I+ibfh/4tNwoYDw5qJQYBAAt3OCQOcADdnJAPua9d0K0EojSRdybecgDIAHAxz0Hc8jnce9X4p2KD4c+NP3any/DWpfMuBkG1fqDxnAzuAPOc5Y16lDPa0s1pUHJuEq3LZtte81G2j3t0e3a17/3bl+ezniqNGSjabcLpPaVotPa97pb9tXqfyAwXV/Y6trq2crLGNX1DORuBUTsNo47jGByTgkHHS7da7qshEYmPIIBaPI24AJyOfb5ufQcjPQWGmebrPiAHCp/a2oMNwwNyzyc44AAG7I/oMVoSaCjRu6KhkBJIJIAQnggcfL9WOPQLmvwrjjBqnm2Npu9vbVGmtPd5lbRaJKyta+zP8cPGLG4nCcd8RUYzko081xiSvy2SruySv0T36taW3PHL+bV5ZFQ3LJHyc7RtPXGBg4JyCDwDjnuaZavriTKhv3VSc5wUAyeAD8vOc4wc5ODx09SutIjKqpQvuZdq4U7SueC3ORk8dM5PYCs46UUVi8Q3odwOPk2McAc8dDyflyT6jj8vr4OakrSmtfhi2n0f2d1fZvXyPx6txFjKacY16sF/dnOKd+V68trq9k1s3Z2aSOcvdK1DXoluHvpZorVEjlDliAc8nDHDDODuPJBBHcikng+1RhIsxkOAjZK9TyQg7AdT8vB4967OKCWKGSONmVZWBdE4XaMZYknk8Hj3qeCA7wTEVVR02jOCAN/OOcZGBxznoDt5vqspT5p80pWS5ptt9Fq7uXTS292ux8rm2Nq42XPWqzqVGrOUpOV0rLdt3/W9tzkLfS44JECQq4Ct8xAUN1O3A4HbBOOVHUAE9ZpoFvJEscYRjjcW6A5wSDkKAR90kncQTnjIuR2W9GYwnaHx0UHkjB9No47c++cG4VhRlA4KBQSR8o+YkA4AJXg7T64PbB66WHUGnaKtaya0smu+9762vtu9bfPtaNL3b2203a/4Fl1OsspXmieJmGfmXJAYYGDkZ5OQc5yAM8kirtvYsvmMJCQxwYiQCOcZzlQQc5GBnJPfpy9ldywu7jCrG4CLlgSG4yobG4nJzk9h0rrLbUEnD7ACxGDu25zjJ2Akbu4I/vEjpXU4wkopxXNHRu7tK+yVm7JeTt91hUqs42bbS6p3fbTRu6aas0t32uVZVaFokAaSMcAyHADZJHzY4AUHgnBxV601B7GeGVGKDdukV23hmB5AAPHQcDA7kVddY5Ihj93vTD5wevBOcFgRtweRgADkVhtYiNmfe2FZmV8k45IIAORnHUcjOcd8c1WilG6V/JRdntZLW+/Xu9O57eDxkocs09dVZ6XSS7q/W2ul3ZWseoW2oQ6kqOj5d125cDarHlxk84fHc4LdBnOL1tc3NjdRSQ7Y1HyyKASG77mOcEEdCB754rzvSboWEpMmXglAIAJPlyA4Vic8DOBjHTDYKkg+jxyreosmVjeMKVAxtfOOvIHIAJGTjnjIJrzK9NPRJ7u17q3q9rq3V66rufX4PGxrRg1uuW6a62ivS2ifmt+hsX00VxGLm3USSlQJFIA2PuHIIbg9MDjPfPNV7NYWKLK7QvISzBxuy64OBnJBPABxnkc4qO3l8qQqIg1u7lrlR1AwSzIG+bpyD/C2TwSRXR3On2xt/tdoRvQA/M6lihOAVIzh1+6RjnPOQK8XExai4qKe9klpvHm1au2mlZtWenTRe3SSqJczjZ762Suk3e+t+nT01ZCdGlnt5ZvNjdcbxbuT0AOQoySMkc4znrhegz4Va3Jhukwsi4Q7siPAJUIST8p9evOPpqm4iaBV+0DKrtkbAyFI6buCPdc9ffmsO4fy2BZ1lg3Fhggsq9ccnPTPJz7gV4dWm7uPxN2cm7Pa27Wzt62vrazv18kaaST5ubvs9Vpbpq7u+qvpsPIuEYZwoJ/cklioB6AkHaCc5BJwOcHkg9FZiaJFZx5kUkY83B3bWBPTI3AZ6bQAcDHHTnI7h5RtWdSqgGNDt5XB6gdGBwCMDHr6bsEgljdPM2ysOEBxGzH1OOmRkAkcnPWvIxFKU7K7S5u9k0nrZPprrvpvpY2XTe+id7JK1tl566Xutdzcg3nankrsk4Qk5IHIXewAyh3AnIIBwM4xWhJGZIhvRIpLdW+dcYlJ6MhJJynyjcOSdyNnrXOQTNEu3zikq5QoMMHK9Nnf5c9iM98E5ro7e7DwwxySB3kUrvKhlViAMDplgG6EjOc8nmvKnRS6XSVrK2q0bSS69r73210tSai+W70t0TsnF9EmrWet79LNWZz1/DL5kd08Icn5lZFJKldww2Rkhs5JxnjrxzBNBBdx/aGi8i4CMYgm0K7gAAMn94jP4EdQeOxDxQuqXPysCVVlQMsjY3EkcjAz1GBkAZ5xWZdWIGbqNMb3fIBy0WDwdgAXaAc5/u9OmB5FSnFz1TTbb0V9lG10m35JbXv0sUm04tN8291dq+lk0732enw63d9EcVHcJ81peWyB/l3pIRsnXOGUgjAYjqSuOmK818afD+0vmfVPDYazu4B5rwJuQSEbidoGABnjIPOMnGQF95k0Sz1a3YzSol40eIp4yv3+gDg4ILdM5GQCO4B4GcXOjznT7qd/tIZlUbQ6SKR8u04yeDjnPcYJOK3wmJq4Wf7qTjZr3JW2XLZ2TtbXRt/erWyxeEo4yk41qaTaUYu0E1bld042Xy3ervfb5k1LUZvKOlazaSRXEICrK64KsTjJb+6fXng+vTnBZPau8jIDG6bQykFWXHBAzgA8gnqDnGBX0zrvhPT/FVsv2hxb34bEUyLjdn+8V5+XONpOcDBA5FeK694S1nwvHKkkUl5BFlRMil4mhYEkHBYggMSc9gDwM19phMRTxfI5TjCXKnv1dumja3slfovJ/A5hgsRgG2oupRUrqa10bXa9rNpW/Do+UtniQKwby3WUKFfkopO07SrEjn5gcL+BFfPHx98WLd6tovhu1kCR6dsur1Fdz50sjKEI5OWGRtxzk8+te9II1dyG82Rwrx7lc7MHO3gcgHIwVwcc/3a6jwn8N/gr8Q5IpfHIn03xf8A2iiJNGzBbm2TBiiUMVQMGwct1Hy45Ar7TIMDWlUnOnXjSqRhfV2jNJwUkrac3Lrbd69rL894q4kw+VYShVxOHrV6dWrGE40qXPKD0UZOOlraK7V1ur2V73h1ZrXRvDd9FO0jLpts8kasFKYjRwHA6KMEZI75yRxXtvhVbvxOxexKm42sskLsgDjBCqDjjeQuCcenTGLfij4HeINB0Ntf8P215rXhG2ZLY39rDI7WETJhUu1UZKooALAY2jJY4FeZ+HNZ1HwzexXGmOYzHMEnLBmGA2fmByMA9xyDlgK87ifF4eOIUISjf3VUaa0muVN6apJrt132PQySvTxOApYhQvSqLnXu2sny8totaWvbW1r+V13/AIo8FeMLmASW+lzl7ckPHGQytsyeV64K5B4wTjGBgjxTUPDPjiG6czaDqCQMTtZY2KhyRknCgKAT0GABjg55+jX+LPiSeOFXe3R1ILbF2tPH6FiCSQOAcLtAPcVor8VNV2optYGgBO+N1DEADkBj8w3jBwSSN3AOTXgLGYZJxc7yk4vmaXZLdqya2aT8zrnLDrm5U4Sb1Wqbskk2vK+u/R2d7Hzvp8NxmOyvrS7gmAQfNbyIhIKgMWKgY2jk8A4ySSCa3df8D3n2MXcUTSIwVnZSAp+XIII/iwDnIHPoeR7xc/FOzmWKKbwxp0ykYkkMUe/GCBh9mc9CTnPHf7wow6jB4l89YYFsIMkJaqflbggFCRjGSDx1A4GcZ8rMHTup0pqStZqKs7NR3eul3Zaa22S1OrC42FO0IzctVrpto0mnddbXsn01TPkq4sprYNFNCSuGMZbhwxwNvGcnHAJxwO+eMeZZlbYUK7EBAAG1lwMEEchhyQB3BOQea9w8UeF5Ekcoys8LZMZJGF5KnIOD0OSOcnIHevMLvTZrdyxQkuCRk/KAeWHXoM/KAcnrzg5wp4pNRTd7r3tk3HRK6tzKzT6N+d7W+hoYynNJ3unvZ6LbW+r26XtpbVNX40zvHHkhmCvyctvQKSB93kqDyDjngd8nb03xTDbqUnyvJBfG4tjHBypAA6k9cew4kltY4yVKkK6ZLADK9BgdflHXHT+I+owNR0wAFlIaBs8rwysDgngA468ZxkdK65OFSOtm3Zt2l0Ssvhva7Wrt0ts0dUarWq2urqzbVmnfZNK70fRaXte/Yvr0VzhyyKhOFx3IHBOO5OScgZOc96x7u/EiiLz1DvgsDwNhIwu45yOmPQ8dciuJIuIlZIWzHlRwQSCThuc4yQDkdscZ5xOtpNK6sj5QIFLMSrqQB8xBIBGTgc8HGcnrzKglzSUne9lq0ls9LaPR2vHTV7dNVWbeurStu9fhv30s2k0rfJu3a6fq0SERynG0EFgPmCnJwxPGcfMMHpnPOKu/23ZxzKY8yKN2cjapJGOpGA2AMgcH5gCQSDh6dp28MxdP3a7CWY8kZy3PUHjHB6HI5rXbQYDFlZQo2hijZ3biM7h2wTkbgeeo65rOUI+6pLV3+VktLtq78/evqo32Nva3ja3+V0orVu2m269L7l9dVgibIdkDfMFbBG7ncA2TgZ4PGAc5B4Is2etgXAWNl3EMUjIGAo56d+Du7dsnG7PMy2LxLkEMyYwCSRg8EZx2PU4PU5PFJb2+1wFUI5BKsScAcYAGQQMHOB2BxjrWc6EalotJpxS220T0avta97LVeevNRxdWjNWbSdr7vaz2TadkraW11aVrHqsd+Vj3tHvdthVVxgZIBGTyAOckkD6nFdroOr28DIzFot3DKAcFs4PfkZBHsRy2AQPDrbVntSi3DHAOFLAkDI4OSNpAOScgcdOtd9o99ZXFuxWRfN34GTgjIXjJyeeRwOeD90kD4/OMm9o53Scb9NXbS2qSttfzfeyPtcnzaHPTbqJSVm02tbuL33776K9vN/XvhzU7C5t4lWZRMAu1mK5YHHyEEkg4GDnocda7qyulimEdxGMHLLtBwc99w4B4BLdADgEZFfHmi6w1hcxnzyAGyc5baRjCkN8vUDkDnpkHJH0N4Z12XVdkcgV03L90gOpHfnBwOCc8YPToK/Gs9ySthFOotYSd+ul7aN7W0+dl2P1/KM1o4hU4Nxc1a13o2uW/dttX6bbdLe6QQrfojRKAUGM4AcZ4+fBI4wB/tEjqduOp0Z5LdmhuolCAr/DzIqnBHA2j1JwB2Oc8ee6bLPbPGUlaNxyVP3dvTk4OSw6Dpxxzgn1vR5LLULbbLKUlI2sT8rI4y23IGSGOMDrnBGa/NcxhOm3F3k7dPetblWr9dfvSutvuMIqc1F8qj22V7OF9utt1tZXd7WOysNJt7krPaGONQykgnBDMuTwcAEA+hGemOa2Fs5YZljkijErlgHVNyFRyedpAJHBwQPXOc1zmmS/Y5Ps4k3u/yryCrqD19mHQEDPOBk4Nel2kMc0SLFMgkcAbZMMyyAA7gec9egyABjnIz+eZlGtRlN+9yu7u5fadul9GrJ6brd7n0mHpU3yWTXKk3ZWvot99bpd7LcyYPC8F+xxYo2RtmWSMkEn+JcLxnGFyeQST7eZePfgvNPa3V1p9nHIGQs8ZjO08EhQCp2tnoeTzjkrX0tpV5JYvEs+NvAeRQTkfdz2xznnrwa9DgezuYyizRuJ0PmCRF+UkAkbfmw2ejcDnB5r5aOf5hlVeFWjKTinFy1aVvdatorXvbvtZNaHpf2PhMwoyp1lBqyjqo76Wv0V7+bbV2j8KfiF8GrfW7LVfD+t6dDdWd0JI7i0kQLJGWB2mLeAQQRwykE8YbpX4xfH/APZt8RfCG/l1fSrW41HwzPMzxTRxs82nhicJMQDhFAyGYEZ6jjn+uT4r/B+LXPM1DTpYlulLYMYAMjbuA5XnPfk9QB6ivhzxj8J4dUW80HxBaxSQ3KyW89vexq0UwKspkVmVgDzjIHPBG4jI/oLgLxRlTjT+sT56d4qrRk7PXlTlG91212a0aPxDjfwzpYmVSeHp+zq3cqVaEdOjSeztqlv09T+YXwd458Q+Etbs9a8P6xd6XfwSp/qpGiWTBBKSqpAeNx8pHUdDwCT+zXwB+K/hL9oPw9a+F/FGtHTPGNnLGIYC/wAspBA+0W6Of3m5gpZAGUHPUsd3yr+0z+wt4m8Cz3vi7wRYy6p4edpLm40+0jMk+noeXeMIGDRbTuPOMDkAnj4R8O+I/EHgvXLXUNJurjTdT024V4bmNnhmilifcY5MENwy4YMTnGeQSK/WOJckyTxFyiWKyzEU8PmtGnfC4ylyqrQrWTVKtGL5nBtWkn01WqPzjhTiXPPDTOYYXNMNVrZTWqxjisLU5vZVaScF7Si27Kokk9HZ7Py/Zr9or9mPUbWNprqwhurQSW1xD4i023xLFGhVlS58sYUnCggkEKM4Kk5/T39jT9oL4eQeENA+H15r1rpnifSLCDRXsr8rDHqKIojhmilICsxAA253ZPf5TX53fstfty6L8QLKH4ffGGKxF9e2yWUepXbKLPUWKiJRMW+WKU9N4GSTjGFOPcPiV+yzot/A+v8Agm9uNEvp4/t+iX1o7CJST5iR+bCxUqSy7XViQD68V/GvH1PM50f9SPECWJwHsq7/ALMzinF1MNOUkoxqe81em04qSUk4/wAt0k/7o8OcbkU5z4s4MoYbHrFUaazHLVKMcVFJqXI435vaJt8rleLfR3V/2q1vT9Gn8OXOrW9tELyO3uvtYjdHS7R4mVHUgkNgMuzJyA3ryf5Of26tKFr8Z7nYnlh9P3MpUDZukbCleBnBwcgZ44AOK+lLX9qj9pD4ExP4T8XzXuv6FFdrFFc3bSuJIEkKyQpc4Mh3KMgM23ODgAk13Hiz9n1/23vBGrftCfD/AFS3i1fwxBc22ueFpmRZbkWkYzbQkNmObAYqXADgbhnHHf4T8N1vDHF1czzXMsPiclxsHh6Ga0KjqUZVK0qfsIVNL0nJpRtNJK+raR9V4i53gvETheeQ5Xh8RRzjC4mlip5ZiYOniFCil7X2cX7so01r7vSz8l+kn/BFKylWw1TALY8L6YFyAMhQ+c/UfNkcAnsw+X7z/wCCptt5Hww+CeVPPxW0HdzkZF3ExzyB16du5wQAfkn/AIIs6VJZLqFpPGY5IdLFlPC7B3imtHZGViAScMGGRnnIA5Oftn/gq5b5+GnwVZVJx8WNCB5HH+mIOBnDd+eMglsHGF/A+P8AFRxPi3jsRCV4e3qRi29HGWGbUk7v3XF82j63fU8HO1LBZHlmAqU3TqQyigqkWndSjTimmlpdWfe71R+rXg07fCXhbOVA8PaSFJH/AE42/J7nuewPGACMV1KOxwB6jgdsYB445x17jkgdq5zwfEF8K+FQdxA8P6Q+FyTt+xW5HqByWyeD+G2ujV7d5WEaOAMNlgdp/wBnnJP+B5IGWH+IGfQUs+zuo3FpZli7pPW3t29mtVZ26/fc+MVSCjTTg3eMfeVtLqLTfMrvyjdrVp3uz5H/AG9SH/ZV+JG/AJS0I4OfvSFR6kMMdcEkDcO4/ln+Jc8S+F9CRyFzd2jADAJCxp144575HBIywIFf1K/t/wAiwfsrfERymA4sQoJB5ZmAwep4PY5689RX8pvxVJm8MaE/zKRPbFw3K7fLUDIPG7JAIxjrknPP+1f7MOfLwdi7uKX+s9TlVuv1bDq/+e1r3PyfxSnH+zKkVBybotqN22ldXba7N/i7O9zJl1WL7JM0bB1eEoFY/MgIKk5B5+vGOoxjNfI3jGRE1C7beSzytGBlQAHbO0HOAM84B2k49Tt9+lSRNNlkicsiqBt5JZVUkZJPQ5IzzwCCM818ufES9NjcRZCZkm81iT9zHXJOAwGRnaOnAAJNf7m5NP8Acyla7UdWmrWdlv5tP8PVfxnns7ezvFrVqytptbTS7drfPTyh8VRY8M6c7ANJHMCOvY7VGOnrlTzjBPDDP7Mf8Eo4DqGg+LSYfMZbfkEfLgyD5j1I2nAHbPGcnn8QNe8QRnw7a28ssbSSSq0JLKA+5jllB+YDIIKg4B5I6Y/b/wD4JAX0Mum/EG0EmZIrOBlVnVSQ0wA2g4IIJyAGIwfQZPlz5oZvTrJcuvfeWj1u72VtbfNbW5s9xNB8FZnS5WpQoSdm7vSz11vby62fa6/V3VNLvIpzbyQqAsYlR+RhsHALHgeoOWOTg9Km8M2LzXsERjdibiJ2yu1gwYDqQAwwCTg8ZGOc17F/Z0ep2UHmIo+Ro2fH7wEDAZeCCMZ6HsF5GazdB8JXOnajaTB2kh+2Z2rklsHqe/HUD/dGOlfXLPI+y9lOTi0kk7qzbStbbzStfRJdD+PcNWjiMdCMUm3UVnbV3cbJvVq17JX6200PwP8Ah1ey2v8AwWQa2LH5fE9lGVYngCyPJzzgE4PPByvy4zX9L37S3jfxH4B+M3wQ1vR2kXSL3TNStfENisrR/wBowQb5Q6hOJJFWP92hGGwFwVLV/Lh4c1H7H/wWcuWkmEUTeM7OMPO6omTbBArOTgY4UAkKSAOtf1a/FmPTtR+Pn7Mk+pWn2zSre+1SO/juIxLalJLadVkcYKtCGcZJBA29MDj+VPFr38yp4mUedRoVmmt07t38+VJu+luvW/8ApN4ORayPC0ZKUoqFNTpxu20qMLraWrSS17rdnzp8e/2F/hX+174WT4y/A3Wj8OPjMqyTzywILPT9dvYMssOrWkXli1uZmTb9sRUdzhnYg8/nr4N+PPxt/Zo8RyfCj9ovwtfu8VwYoNQv1Yyy20ZEa3mnXzAw39qYvn2b3kUNhgCGA/pV1rwloPhDTra78NW1vp8d9qLSfbNKCm2cXDHck0EeflRiCCACoyeCCteN/H79nn4cftE+DLrwT8R9Os9QvY7YvoHirTkVtY0G+ZSYriC4QCXyw5UvEx2Ou7dyRn8u4V41yzE1IZRn9GOIip8tOrJL29KLajGUJ7yVrO10rLyPtM9y3MME6mZZDUq0oNylKhdqlJ6c8ZxbcbvXVpPttp/On/wU61X4R/Fj4EaT4w8N3umXs1ogj+0rs/tGxZrdmltiCDIqbwN6468sARz+VX7NXw08OeJPhzp11qGo3cF5JetHbxQ2xlgMYdt0hkCleCCG34IPAAOM/RP7ev7Nnxj/AGU9S1/wp4qg1PxT4Bv4Li40LxRYW8h0W6hk3GD7awHlWV/HEdkgYhWPzAFTz9If8ExvEfw5f4B2Wj32maPf+KIdYvA1rew28lxHZTOQd6Sgu6bcBTGDwMkAZz/Rec8eLw14Mw2b5NQecUY1KUfZ0pPnjRqtNu6vyuLsmmlvr1PxKlwpPxH4oxOAzCosrqVKUpOck+V1afJFtXsmpyXf/M8hk/Zg19LNtd8J39nrGnJE3mRG4gF2hTG9UhDnHAKgbSSeMYAz4lrOn2+l6t/YmrE2Vx0lt7yHygDnAjBK7fmOcEdR7Zr9a/F3wU0zXNZnj8M6ld+HdQkuhcW8OjyyCyPmksPMhRwvl7uoIGOc+/O6t+xT458Qiym8cy6Br9jHJL9kv7MeRqTPw0K3MgKtIEIyRIT8wI46HxMj+l1wROknxApZViG4qca7ivZt8qlppzWfVLe17G+b/Ri4rU5f2PVp42FNtpwly8ysuXdrVvV99NWfmdqHwj02+tIry50C4a2lUJ9ojj8yORcZDKyj58de+QQQc8L5TqvwO8MS+a6WMZwcCOS38qUEkjLAKGwuecnIOCRziv1Y/aL8I/EL9lL4Op46msNI8Q+H9PeK3+ysEeSGCfhCy4YN5SDDMOS2QTjmvhvwP+1T8MPiZbCTxD4SOnXswIlfS9p8shQolZFy6rjn5uD2zgV+ycM+KvAXG2FljcmzfDYim5+ynLRKM0o+63LRPW7TXVJX1PyviDwz484YrRo4zC1oSSUoxhPmukkrrleui1smk79dX8aa3+zZoMsUziQ2jM25TaksBnpuXORnp1OORgCvFvEn7OesW4kGi3rXSxj5Y5VkQsw+9gg5AA5+9kjBJHJr9bxY/CvxGZV0XxQllP8AMY4NSiMHUj5WkJUDOBglgQBx0rmNR+F12UZrO90/U4NxKGxuo5ZWIG4ARhy3BwTx6HoeftKVDL8bTi6VSlUTblFwnF9rO/RNaJW7rU+S+v55gHKGJo1k42Uva0pb6NXvvv8ALbufjXe/Cb4gaNukk0q5ljUDe0IJ3HHOFOT/ALP0wvNc5OmsacwjvdLvbVkCgCWEhO2SzFSPu4JDY2DJzmv2EuvC95btINRtrm3KBlTdDuVh0GSAcjqCSOe5xXL3/grRdTjkjvbHT55WUnE0Cbtu3A+YqD365GSBnA4HNicoUpJwajdJpSWlvdutNNXdfPS2t+7DcVVoxUalJt2V3rbpolZtPfS+9z8qYdZBDsVCMgALIeVXqflY9DgjBByNwHODW3FrIkKZbbGVB3hR85BJKEKCM5ByDyMdCQBX3Lr37Png/UY2VdKW2kY7vNtHORkZ4U4VR6AcY5z2Hkus/szRRup0bXZoZDu2QXKkLkAgZZSw4IweeCMqcYNePisvxEJpRSkvd16paXtqtb67NaWsz6LC8RYSVODqScJPV6J6beXe/RW+R4/a3lvO8ZcAEIpOCAMcEcEg5B54BBwecDjp7O3tnaOQERZOcYDBiccg5AGT/dHygnnB4jvvg18QNIZmihh1SOJm5tyqkLggcfeHOcYGD06Yzzcdvrmk3Bj1PTrywMLfNvR2iwCSTkAqO5PHB53Y6+NiYVKU1zQaUVZ2ule6u9L3e2r7Xex9Hhs0wtVU+SpCSl8PvJN3to9Um0t+u23XvE0NZg8nylwdyleCuSWxjIyGA5PTn+IlaSy8P6jdNM1he+S8LMz+YQgOA21UBHzDj5vug8jdyFGh4OOo+IbyLTtOgm1G6kZTHaWcLSXc2QRsSNR5h29TtHPPUYWvSJ/CHjDQppYdS8I69pG/d5z3ml3MMYiYEiVZJIwBkHORkEZYnnNfnGbcdZDlGYRy7GZvgsJjqkVOnha2JpU6043S5lTnJScXe11HWWiufc4DJcfjsMsVhsPOVBu3PCEpR5tE/hVrarrbbqeIjUfEtjdeUp3gMwYSY2SMhZdwz8q5AwAe5xWunizVLaZPtWnuyvwwj3qWwSD04ByDyByQRk9u9ttChnlBgk8xVZlkDoS3mHjPAyoJ4xx+BGTunwbds0WYUuFZMqEUbgpB5IbBO3qMZGeh5NeZLxEyWFeNGrjqDlJrkTnH3rcrVnzapdlv8tfbp8IZnUoqpCnUadvihJtbNrX031tszziPxzbhmMzXFmyHPlybnQDPdWyCS3rgDHtxO/iTRNTZYJxpsqsGOTEI5W3NuGX7E55ORnj046DUvAQImVrQb8EngHI+boCcgbQflBGcE5yePNdT+H81v+98gFF3A+W5D4YkDPU8cAgH5eT64+my7i3KsVOCo4yKcrXSqLpy2soy1TTsrrXRevkZhw1j6EOatg3KEdW+R3SvC75bb33ul+aNPVtK8PXlqws0lt7gyx7PLlEkIAPzOVzggYbI9O2OhdeFrW6gCPb6bqYVEAM1vHvwF+6SVBG48nPc4GM153eWU1hHKiPdq4cKCsjE4HTGCOOODwG3HkDIqe21/WrAIBMZ0I2lJDh/l7Ekg7sAkNu5A44xn7ejj5SgpKUZxko2bd7p2td2b6a/CvLU+MxGGwyl7KUVGTai49W9G7ddGkmn5/JNT+DHhLUFle88OeRuOWltNwxn5iQEGBg8DAPbhskV5pqH7OGhXDudKv5rdiMCG4/1YJOSpU4XjIGAOARkBsqfedL+ILoojvbSaPf8pZDvHAwcg9BnAIwee/SuutvFeh30QWUwHOVPmxhJiMjIDdRk5OQcKwGTziuiOOUpJSpxcbK7s7391bt+718mcksrw8rKlUabs0r209133at10dl0ta58NXnwG13R53eDyblDuBaJnk3AdCnJ2ljnDYXIIyBk7uO1jQL3w7eSG7sZY5fLG5JhkOxwCysMr25wB6gkDNfpDPa6PPGJLa7MDPH1V1lHY42EsACCcqQAB0PUjyzxr4Riv03LPaXoePY4nAEiAAgbD1yOcnpnIOOK+YzjBYfExlVi3ComrJaq+iuntZNve+2q0aMvqdWi+V8rpxs+a13ols2mna73699D4JvDKJI5AxjL7mG12+Rj823GeByRwcHkD0rmtRsZZrdzKm5wrsp3MzK4JHIUk4cDIA74znnP0pffC2aPUmlS4jPlzIyRPkRMpbgscFdq8Z5znsOM3tR+Fy3N18l5DGywR+bEhRTISM5txgbgmAMc4PTr8vz1CnLDP3fdaaV/h6LVt6J9GtH12aOecHfRWTatolu1dt7dPeVtW7X1sfEUsV3EczI7JuyiMrqy4/hHGOP4vqobnkbEEt9HHAzIHtzwVAIZUIPLYwcMOCSQdpOOfmPr+v8AhTULC+kt/sYnjtJmLbkBDxucBht4YYPODwRyA2Mczf6bGrz2zyFGdcquwgREq2A2APoM8E9OTiu36zGvG1RNrza8mt/NW3ut3ZaLONaUZJJXVkk4pK7XXe22jSulbpscra6rNCsjwQLcRsGTyjtZkHzAAjaT68+4wQBxyF9qlx5gmaDyWjfAi+bMeCdzAeuCecAbcA4GMehaXosltqMccUwZyYhIMBoyxJ/eMSpUrgjkkKM9eprc8U+ESwLPGluybZTIFG24RwCfuqfujI45AyeDg1yRqUaVazhpZdb6vlb066Jba+l7Lq5rxWm+mtndrl189r66/kee6Np7a5deZdMUjXEjHIVnGQWdMkDI4DDcd2ckVe1HRpLd7vT2iEtuEEiv8hcRk5Uxlc727NjJyccY5zrqFtKMkX2hkeJf3IQEIRw33lGDxyVOexORgUses3l2lvD5jZIKzO4+VkORwflKjBICgAAqc16MKnPLSNuz01d0td7S101226WVo20XMrq6Vru7Sel11bv8td2co+mI10lvFhWDqU8zOCjYyOMEH0z7+1dFN4f1LSriMLCZEMYniKoxDEkFgp9s/dz/APXzJz5V4zQvvKSrvzklQOSSw5wM8DsBgE8CvbItdtr2z0+GeNJGihO8qANy7NuQynKnGBkk475JJrDEzrU5RlBOUXpJeWlrL3tWld+d9+kO9l0Wl12Wl18t7q2y9TwLUHnjuNzNIC8u4pj7rcDvzj7pJyTj2NdZ4LvFXxVodw7+UY9RtmcHuY5FK52/wt97IHGCMc12PiHSNH1SxSSPbbT5+UqQGOSoAfCqSTkkEZAH3jXF6DYQ6VrEVxcSxtHZTpMC0mfNVSoOw8c5UHHcYyACMXQxEZxU2mnGz1u1dWWjtrdpq2/5ApQav5RfK9k7LT77p2V9vJL7F+OHiiz8UajZSxXCLBbWEEDhOGS4SFdrMuVz935Tjnk5PU/PNlLNqEk2y4DJHsZ4x99kRtu7HdmOQG5wP++qdq/iAXF1PdpAGt7zCL5jbsEjBZT1BC/w8Y2jjGM0dDtGbULg2k6KqoZAST5hGdwTn76tgADBxkHHTHLiOapOpUevNJO1rW21XN1922zVunRzCTdSKcmr6NK6Vmlqr2v9y3vfWx6jp+u6jolqqoJEjllBWUk+YR02nOQp25yT6g8CvTrTWv7YslAdWIXe6kqXjaNQDkYzhiMjnGc9M4Hn2kta3NsftsGXVsMjuAMMpCyLGeQwxnAHIHOM5rd0PTI7SQulwTHcOVZslXjUksqupK4BySB0zXm0YN1VJLlba3bStpqul2/uVn0bXt4SVWM4Wk3Gydm3ZK6eit/NfR7JnT29y7ybQu1CoIJUg5BAwQQeDnJ9T6nIra1Kz+zJHOVDCZRubK4Y4B4yQeOTx/FgccE4qwqbxwswKom0jIXzCo4AwRhj0xnANS3F5cSWWyQM6RsQ5PykbUIwOoABPzEAk8FgdxWvoqc46J6uytdLROye172duut9j3ITbTTl7357JOyb8laytvYoyp9oVZiQoBwNgyzBTgbxgZGDjA65z9Ua3aNlllVQHyuUAJCgfKcY5yCcgEEAgnp82XHqC4WPDRDJ8xRhgSG5cZA4HAyeCDnjgnTl1JIl4UEnaQ/ysHVT/CCfYkjBB5BFaavWP4ekdutl6JW66hpvutr+nKrJuzez31td3bujGu4IpG2sQiIWxwFYnByWX0+Y/TnHXjhtdiT7LMzkMsSvGcgZZeQfk4yFwSCf93P93tL69jkkZlUqJQCDj5sgnJGOABjp6Yxz05PWxEYHG5TE6PkAgsWOOScbsnOSOvHtV07qS33to/8AClpf79rp+aRjX1hO2icWrPfZJa+v33PUf2OlH9q+NAGYlLXfhRhdmW9OACO394E9eB80ftB2d2nxG8QSJZ3DQvcK4ZImKMhOFO7bxkkgEnoByAOfp39jWVY9Z8bKyHCw7QAQMqSRkHOOvT1rM8ffFTwl4d8fa5p3jDQlu7KOcRRXMUSSMc44bdkYGAGwWxz34r3sJKnCopVZSUVFXdr2ei00Wj1u++qtoeJWjz4aMFZOT6tbp31d7Xf3rpdnwQJVzg70YAFgR0UY44+93znrz1FXEkSVT5bAliFKlQMAE8kngccYHcLkda+/bG7/AGUfHKIJZo9Cu5V2PuURKjEffAyqgg59MHtwKsTfslfDvxNFLN4I+I2lkOWeKGa5hjOXGdoIZXbjAPHAGCVBzXrQjg6tnTrKPW8k4bcr1Tv7z6vyvozx6lGtGK9zmvZJpp3Ss9Wm3tZdemqtY/PZIoipjBJBYkYUAgkZycYUgnK8EYX0+8GvbMTk4BG3bggAKRjGP5sc55PUV9feIf2OviRpKGTSprLWrf5hutnVicdACWx05Gc8kcdc+La18IviJoJYal4a1BVjyAyW7yAqO2VXnnOOTjPPQE7vATcFKnKMotRfuTTXR6pO9t9Lba73ZxqrytxmuWT0trdbaKVt79LbLtq/IzbsdzojERggMBkE5JA44GAd2ce3HWkdGX78ZwRkdANp5wcH+Lce3H14roJrG9s5WhurO5ttrNuWVGjPQcYYDsMdAR3PGBXdVIbaMgYA3H5TyD0OMnggnpwD90g1zTw9aDV420vqrrW3lrvs1fpfS4OqmpNSv1SeiT5Ukt3zX10XwrS/fAlBjVSARkEoqDJ2gDPQcEDhvXOOckFyuWCkZAVdrHtjBG5SSORkg88EAgZ5raMMbDcVAZWICgggAAdQOoIPcA8jquSYmtowpwqsBksAecnJBHAAGeODkjj1xi4tN3TTsum+y3+f6blxl7qad3dO91ZWtqk7tXvprdWMyQ7lwzMFVeCR9724Bzzn5hj+IE8DNO2z/asbI7Z8s7SSQVAIyAwIOezdOQck1tzWytHhTt2oGxkE4JHAwGz64xnHHU4rKjVRqoUEMRbkDBxjqBnOcYGOCcHjknry1kpxtPa63elrLTaz67bW10N6LldvmV1HXVtL4W03bt5bu7sdtba7qFvjbO2FKnYxYqAvAOD1AwPfjn1robLxlf2xV5MNgEkKxAcHA4UHGSDwcgH2OMcKwZ1CA4bAyWAGG5OMjnA4GOetRhpEISTcVYqCAeNo5ByMYXtxuAwe5446mX4apbnprpqlay00TS07PTr10tv7WVnytO2zVlbbe7Vm09Hfu90k/crP4gROscd2PlblkYndzjB3gZPA/Lg810tt4q0e+VUPlNIPkCOE2jOM4Y/NkDrvwRgcd6+c95UoQwYIAwYHBXJ5ByecZOT3IHbGYjO/zMuIznKkOyluduQy455z1Ax69K4K+Q0X71KUoSvHbXRuO17Pu7bXTVlqP65OKs4p7ppatq62dtVu35pvXp9PyWnh6+SN5ESOQkrhCpyevyhT15IwQBx0HbLufB0MhaW2vgFQM6xnbuA7DGecg4IxwTx3x4Pba1eWrRutxI2AGyHYgFc46kHGR14P0JAO9b+PNShZWL/dU5L53Hdx1AyDjqNp6Hsa8+WUYmlP3Kza6r5Jarpsvy0N3jYcibi00ktG01az1V2tvK+m6sdPe6NqltMCisQrHc0bZ3KAcMAAQSVwAF3HB7DivXvAcQu9PeGaMym3lxI0u1dq5OQG5O7JBxyT2Iwc+Fr47uZXTzFSQFiFC5G3OCCSuGyeOD/Fjj7oPoHg3x3aafFdQyMGNw28Eg7cEkncTyFH+8NpOeRivOzHCY1UZKNuZNPS+ySemttX5aK99tfQwGJpcylN35ruzsk27WvZdl5tWb7o9fbQjMZRa/aoHUlle3kYJg8AgjBJ7gY5AIAIFccmt+KvD/i6w0n+2rprSWIs0Mm7JUjcQwbOCP7pyCeTniu90Px5pk6lSEUCMEAHnceAT/eyehB+pzjHA6/qdrqHxL0adCu0Wyq4DYyD9MD65I756c8WQxx6zCNOvKcqai/dnzWduW11s/u2ejOnMa1BYZSoySkpq9mr62u9P5l1t0vorHkn/CaWBtP9ImaeGZz+8cKZFIPByDuwff2wOwxLnXtNu4YwLcmMFvIZWBO7IxvxkMOpOemOD0NeZQ2E9xdQwxzBvOIVY2QkAHrkA4A6nGcA4PevTLP4a3s8MU9veiTJXzUJMZBOcpEgALEk5z2xnrgV79LKaNNqNO7bad0rvTlTe/Xs/wDyU+ScKUVdtpprZrRtpptpttK11pppdlmG+srYRXLwr9qRA8Kl8xhs5BwDtByRkcgHr6BL7UJdVtt820tApJVeIUJPG1R95h27DGOvNev+B/2ZvHPi+5ihsdLvp0lCCOcwSpDGGbGS8igMQW5wep68jH6C/DT9gjS9IMN741mbUpJVVvsEWfLjIX5vNIJU7eVJJ4yf7pJ+gy7hnE4qpTcaUlHS9SUWlZ2UbdPKyvotEkteDEY3C07804yb3imnJu630Vlqj8mPDfgDxX4rvXt9F0K9u2nZEE0cDuiBiFDM+CoUfeJ4OOwIFfafw0/Yt1nUYLa58WBo0Mik2cETFznG5HIAXn7obPB9AuK/W3wl8LPBPgKxSDTrGwtYFwGiihjaUqAABJKQGYtznGc9Rx07dda0+0i8nT7O3jReFYoquRjIACrndnncSTnBJxgV+i5dwfRoRTr/AL6po0rWS2eq3dtd/WyPKrZnKpb2acUl3s2pW6tO2nV+Wvb5f+G/wG8J+AYEGnfD20mnRUUX2ohJJiSRvJEq4T1BB689q9qiv7aw2wz6cdPVGKM9uqNBHgcAKvPBJxwMdMYFdW99c3UZUszIxYsB8oDH5Qoxzk5x7joegFJdL+0BZW+UEhmDMzgkZ+Xa2QR6EjlieelfX4PL50FalGFNW0UYpRVlF2dld6d2rr5HlYjE0ZaVISls21Jtu7Xpd3V7N33Vujk068srlVNjc2126tlosKs455xESGyDnPHJ78itmWS9diEiERzliQCexTaGP3ieCAo5/iwCDwHiOz8O2EUl1dahDpF5GoZJrKULcowOcskbZcAD7pB5OM5OD4brXx48V+FjJbf2XJ4k0tcx2+ui3dJIFJ5kmRFIbavc8Y28/KNtYnF1MLpVipQdkpQ16x3VrpXS16a2etjTD5dQxafsZezna7hUTjfmtdxlflbe2up9XrB8zSXtx5MICvulYIrsRywLEAL3OMfxAZ6VSu/GnhrRD5RvTf3YU7La1VmBJOFUyL97kDqQf4hxur528Ez+JPiyj37eIhLYlgHsIHKSwIGAKvCDuHYE7Tkc8V9I+Gvhxoejslw0KX9wF3OzkvhwOoDAjIycnkqRkDIxXThXUxijKLjGDinzLXpFJWXXTVb6a63OHF/V8vcoVeacovtZWVlu909dbWa6Nb863jLxt4gf7L4d0mXTLZ8KbgxndhjwSxCjgZBxyQB0GK6fSvhTeajNHfeJ7+W5bKubcyFgzemGyo6kEAYI2nIGRXqNukFtH5MUawqECqqIFGCRxnBKlScZHB5yQc5kkup44ygOdjj5vnLHqflzjP8ADknnOQMjIHu4fLlvL3211+H7NlyLutdUrt3b2R89ic7lZqhDli7Weia2WqW703drWtrqaWiaBomixRm0sre3TJUsioJeRyS3JOTkHg4zu4xituZ4Gdo3RTGpBBbOQSpwSRtBAwQOedo2nPNcsL+TylLBn3uCFxtIIUcnbjvgk4bkjGBwa0082GySWZlcjdkFCc4xyeO2OhABxzn0oUaa5W0raX06WjtpZ9Hay0v1aPHqZjVqW55/E09nvp5b31/VbPohiYny9qxpuJJ4Lc8HoM84x/DyOaSdy6kBwH4CgIMoT0yTuXsSCSeRnnOayo7mREj3bS4z8oAGAwxhhnHqeD+JHWGS/SONmLBWZsNuKgKB/CT0I6jAJH9dY01GWytBXV762cVdqzuu2qvq9znnUjU5W9dVpZ6ttdLW6edtXqXFtGIPzbjljJufOMEnAOeQw7Yx0/GvMVRGcksxbkDaAoztGckDBx/CO3GSTnn28VIsrQJAW2li7hiiHaD1Y4Vh1wCeeD1HODqXiOIhpLq7itLVACxeRY0UDcTl2wuNwIJyxzgYOBXPVr0qSbcopXezsl08tOurvp3sbxw1ecuWjTlJuyVk7ttRvfSzvrrro+l9ekvtSgtjukdS+zHlA9Oeg7HkHg444wa4rVtYuLoC1s2ZACJHJJOASSxJUbeM+vJ6g9a8G8cftCeA/C5mJvF1rUE3RrZ2TCVcIQRublSW24Yc568nO35F8c/tP+L9fWW10IReHLIucNAQ900R4+Z+qHHoeB9a+ex/EGGptKm3N62UHf8Alu29LNtX3/NI+jy7hrEVVGVWPJFpNtu1rqN07q/XRXsrvuz798Q/ELw94bgJ17X7WxiUAmFpFa5lcDBwinfk5GMrnnA6CvmXxx+1PbWyTWfgzTjJ1jXU73PDEECVF6nacYyOuOoBFfD9xqes+Irjzp7i71G7dw3mXDyzSsxPRUPYn5iCF6545FereFvgl4w8VGO4kgksbaQj9/dJsAXA+4jEBiOoJBIOTg8A/O1cxzDHtQoxdODajeKd2m1ZN9vRbdz6ellmX5fHmqOMpWWr20UX13/U47xV8TvFviqR4tU12+uzI7FYEllitkQkDb5asFYgZBBXpggHjFDR/B3irxXKsOmaTdzJIMNKY5NrZwCxkYE7euB19PSvtzwj+zn4Q0VYrnV2bVb5cMRNkRJnnOCqggnPzHOOm3HX3Kzt9G0e1FvYW1vEiYCxWqKpIQ8YKqHz8uOpzySwBBrelks5SVTFVG01eSbu+lld9denz6Xxr5zThDkw1NbJN2SStyq/r0666b6v5D8I/sw3m6C78T3q29tsUm1hG6VSOMfKcHHfBBJJOTzX01oHw58I+EbaN7HTrUTR7cXNyivIWA4ZFIJB46ArnnjdXUXV/JFC8jNBYwBN7z3ciocdQy7jnAGSCQOo75FeL+KvjH4N8OtIIrx9fv03ho4XxbJIBwd4baQDjBznqMkdexUsHgVoo3UbXk4vqk+ttFr0snqtLHn+0x+Mla0nF2aavu3HqunKlbqmlfVM9viujMwNrATGA6vKVCICCd3UbACc4/vY4JxkcprnjXwh4dEr61rkMlyh2raWrhpGAJJjYKTgkDBG3rknBzXxb4p+OHi/xRmCxmbSLBSQbWxJQsrHHzuvPTGTk/ewD3Hm7LfXUr317cO8p+Ybmd5SrAc88luepHfgkc15uLzmFOLVK1krpysoq9rtK93fW3Xftc9XCZJUqyjKtfe/LFu7vZ799bdHv8/pbxp+0k1qslh4R0+KzhkB/wBPnBeVcbtpHUAE8lSACR7ivnLVPHPiPxRcNJf6jd3Kk/NEZmVGbBO4Rg7QpIBC47Y7VRuLW2EEqgKdy4Z5cEhz6c5yM5xkflmueilS0EkMTsJCxBBAZmx0bIBIU+nfvjOB8xiM7dRyvUfKl8N7LSyVk29rX2d1pqlr9Tg8opUklGmr95JOS2+f+dmtdTqrPSbqcPcuz4b7oLLu257jouVBBYcE8gYORDqlpa2+nXmGBZomyzfMS46ENySPcjOc9O2TN4o+yW3lz3SQsUByWC7QBt2k9TkYz7AY5yDwWt+N4pY2t7cK6NG2+6ncRQgDB53dSQGG5eSMknPFeBi80fNpK60Stuttlu7fhuuy9ilhKdO3u2a5d9ltfS77a30tpe52+nXsVvZwCYqAYwzvIVC8ZYEsTwMYPTGepHSsXUPGVvbmeG3Zrp0GF8ohYlxz8z5/2cH5gPYYzXgWt/EWxtAAty+pzr8scELlbePttLA7SADncT2xzg15/c+JPEXiD/RbctBHJJhYLJSXVCDt3SAAMck7geRuJ5K8+LUxterJpOVndpXSdrLTRX72+y15nXBQSSjG7Vlbd7LTRN/Np3fXY9x1v4iWUcLpf6iIyx4srJt7kAfMJGBByWHGOMA5715fefELV9TiktdGs1tYGPlidlaS5dTxnAG4Ej5uM+2AKXSPhpqNwYrjUX+yxlQ7l23TyBjnB3Hgr1IBOMkZwK9Q0rw7oejsi2tuJp1+/IQW+depDEfLgckjnOeWOAcY0p1Vd83Mmlq937r1Tuut+i0vv8OihJXbkqcbL4mm7Ky0W/a+rd+55PpXgvXddkW5vXkABDu905LHkY2I2QQOTgg4IyccE+z6H4L0LS/JleJLy8VQXnmIMSNkZXZnHHULnk844zV93knYeUAMDHlQjIOc8M3ykZ69MHkdwTvadpjlg10yIc7kjUZYYyCwRMbiexbknoMV6mEyyrW5WlZJpJ21bfL89F266rZtYVsXhsMnrzySTu7O+qtbz66tWtZab6sayXAS2sbfCKAryLiFVyfmCEAZz2IJxnqDtrqdH8JapqTKhT7OhOCVBklmHBxvPI3H1Pr0OK6/wn4ds2CT3sRt7UbWV5WC+bt9F4wCOu0A8HntXoo8SaZpRe3sbeKWYApuzlVXG0DcDuyBnnbjvwWGftcuyHC0FGtXnGcna8W00m0v89dNbO7T0PmMdnteaUcMpKztdL3baWtskvJNdNTJ0H4bW8IEl1HtBAYlj+9I5ySw7YHUEcc/MAc9csOi6KHjiMSKoKgqN7EgfMOcg5JPIbgDnsKxT4hvtQjbfMtvDtwuG2s27IYA5BII9cZUZOSK5XUfEWl2IkWSWOWYISdzbghAB6AjHPUtnJOc45HtSxWEwnLGChBJaOy62tZJ39bLXS2x4yoY3HSi5Sk1re97b6vXbdtPXbW+z7CXVZ7mN/s0Qt4NwLTH5S47AFgM59VLcAkZO6sW81nSNNj87ULvfIFztJ4Lj7oA6nZwCAQDwR0NeEeJfiy6SGysiJDECUKEKqvwQNoxuAYjO49sZ4FeVaz4vuLqNrm5ufMkCsTlm8pHx8oCjAJH3ecgE5+7Xj4rPHeUaPZJN730bsmuvRJN631OylllGk486c5pJWsr6JPq76Pbvukke/6j8TJpLp7bTYvLVTt8wblJ3EbZGwQFUAqe2Sc56Y43VdfeeF3u7tzKVlJZ5DLGpGTjBJ/x5AGBjPhem+KnjSVl33F1JKpMUakj5sjngkA5PPOM5PBNdJZ2Wp6zDI1xL/Z9q7lisjYcRkEEquM4I6ZH8RIbPNeLPGVasm5zbv8AZk7J3tt212T89rHe6MFCMYRUFpukm1pa+rWr2tquvVO21zeawrW8BklQO20xqXcueFJC54z3JAweuevqPhv4ZeILvRLNdSePTbK7vP8Aj8uSqPArnDO+4hQpXJxxzhQSxXGv8LZdB8PaXqKRW8OoXqyllupwjZwcbVzkLg4zjAIPB6ER/G3xpqE/gwyJM9mhuoEMNsSgYAAK29RjkcEfxANncRuPg5vQnjcPUjyWXs78zacoyVt1ZbWutdWls9X7WU4mnhZ05Rqtzsly30tdXTS3ad7fL0Xv6S/An4S6NZyz3A8a+KIoVkNuUSSzSQnJBcAoy5BOCx6suPlyfDPip+1BrmuRQ2ukJb+GtKcrALDSFWCSSMAD95tCnJ5HJzySQMmvj6fxJe3MMccc8gRI/wB4ZGZ3IJORuO4sSc/phex5jWZzLcWbIzMZZFKl2XPGAwwQMg4zgjkkjk1+dUOHqFOt7WtzVZX5uarrFPRaRV0r3SWmuvRn1GKzetUpqFNuELJe7ZX0XXfS9tEr31PXfG/ifULnQri4M0jCQLvMsnmSyeagDM5YknccEgHryfmFeZeGLuSeCWGJCxeM+Y4yChzx0ySdvAHX1A76uv3AOgSxRFpXeBCxyMxsoGcDng4O0+4A5HGD4DvPJnlUgtIyxhlxw5UgAEj7p7D5h7Y619BSw9OnTcYxirLSy3tZLbq1/nY8CvUnOLlzuUm93ro0lo3r01ta2q22dq+nXlvOIzHIiM2RI4B7dTnvyO/qOxqOBpWlRYt+9SF3fwhVxypGATuxluMZ544r2ceHb3xK0dtpOmz6leXDAG3tYnmaPJ2jIQHBIGDjAOMkgHn6L+Gv7DHxP8ZQi61C1Xw3pIIla6vTsk2EgkBCc8++D/eA5K9uHndKMk1zNLZSd/dta2mmqfkmnvdcUMLWneUU73i02uqs9NrOzeqve71PmLQBcmQGIvcTNGvyRgvLv2hcADLHA4JUcAnHG0D6s+G/7PfjP4y2i2Njp32S2K7mvLlVDAjAZcthgQOhP4e32f4L+BHwY+D2mqdWCeJfE0UfluQqzhiRtIWMbsfNg5xxkDJIO6v4Y8R+KtF8S6na+D1XQ7O/AeJJwFMFqzADZGeAxzkMoLkcgck1jUyGti6qqU4tXkmmlbTmi301tbv1smtWe5hcTSwtNQryjN21hG19o733s77t6mN4Q/YR+Dvw+W21L4gvHq+pxfvpY7541thIvzYWHOZcOMZbgHI55r1W78T6JpcR0b4c+HrLTLaICOG4gto7e3zH8pZSqqXbABz33YB4FS3Wl3erXP2jxBqdzq16pLEySs0aKeeFBCgA+4GADjkViX0ENswt48QpEGkAAAAIxkbu/UDOQTgdQM19hhMsjhacOb3pQUYy7r4bp7/N62szx8VjVWqNUaajFy02utleyb22votnqnYpw+HdS8TXCXHiPWLi5RiVe2ilZYsgnYAobBI9fTGema29P0LQPDdwfKhiDIrFGOJGJOMFyxIHcg5zz8owS1cf/wAJbb6exhicXDhSRHEu4pJyNzMM45IyT06+leT+M/ipo3hi1mv9d1mysQzszW4mSW5dVyQqpuJQEfKMAYA4B6V01K9Og0/aQpxW6STbXu3bW+ul31ttojnVCpVSbTb0acm2ulm3pt+N7WV9foPWPFFnAN1sodxtUkbThzzsjAzk55JIBBCkEc7fmD42eKB/YF5Pf3tvFJbyQXcEdxIqMHjcOUjQMGZlHJGDjpjsPkT4gftlXDfadM8E2CRQ/ME1O5XMhz8vmxpg+oI5B5HNfH+o+KPiB8SNSK3F1rHiC6uJW22tuJpY1LEnASPcqdcHIwMHOOa8ypmfLO1BKbbT6WbdteXW9+1169TZYKD5eeV2rLlSVk7R10sla1999/L9H/G37Z/hnR/D+nWegxSa1qsenW6zSNIRDb3aIUYcjJCsOexO0Hivhfxt8e/if8S7xrb7fdrBKwEWm2Bl5DHCxmOI5LMMKOMHsM9e58IfsvaxNaJrfxD1Wx8IaMoMr21zKo1CYcuQkZc7eCeSM4xuGQK9Em8efCH4Wwm1+HXhuDXdaRfKfWr+MSI0udpkjDgkEMNw2ZD+h3AtyyeIxDVStLkTs9vetK2i63dunayZ0RapRUINRitLJK/RXbf2tLLt5HhvhL9nrxz4pgXW/FFwPC2hhvMlu9UkEUzxn5j+7dgxJBwNwyDx649RSb4K/C6JY/Dmm/8ACZ+IogofU74BrOKUfKSAwKGMlSVIPAwQNxyex8G/C/8AaT/ai1aO20Xw9rl5pl1IuZ2gn07QrSLcPmMrLGkwRcEhDg9gQOP1Y/Z//wCCTHhnQ5bTU/i5qv8AwleoqY5m8OaZvi0uFuG2XV0wVndGwGG0g8k8HA2pYWyUoxsk179S6b+G7Ubau99LO6vrZMylWS0XvNpO0V20V2tb+t3rfex+Rvh7Sfjx8etVg0rwZoGq31lMyxJb6Vby2ulWqFtv7672rGqKvYOARx2Br9Q/2f8A/glWrT2viD4161NfyMkcx8LaINsSrkFo9QvTkh1OFbYx3YOGJwa/Z/wL8I/BHw90yHR/C+gadpltFHHClhpNrHCpC4CmedUDSOoALFvvN94gDn3PRPBF/f5UollbuUIhhUDcCMAl9qnI6sd3I2ghuKdSvh8MryftJq13K3Ktvdtsm3ZJb6a2NKGExOLkrQlBb3Seq0e9/wBE/mk14N8LvgX8P/hppMGjeDPDGl6HFhVj+wWUTX0gVVGbi8KGRpeCWLNkcls5r6T8PfDxroxTXaFYclWgVDJIxycFictySMnGe3Ir1rw/4AtdMhQtGixqATIfmk3sBkgnkHcDyc8Z5yM13EVzo/h+EsZIY3XJ8yRlO7P+xycrjoOp59q8jE5rWqWhRTbbuuRbWsrWW17bW1Wllc97CZLRp/vMTUilHlbu9HyuGjXXq9rXem91zGgeC7fTYNlvbRQQZA3EAs2QeWLjg44GD0GdvWtq7n0vSoZCzKrKoG5ipYn5furzgA8cgHjdwTXI+JPila2sUsVqUlYcrKCp3NjoqoDyORnB24wc858C8SeNrq4imuLm4WzRi37yZ9g+bpsLEcHjgemMZBqsHlGYZhUjKqpRpuz9692tOm9tW1e6XR3saYzN8vy6k4UeWUopK62duXTTZ+bb69Gj1LxH4/SJW8iRE2gqrlslsNgEKDw3IHptPJ5OfGdc8WXN1unuLlra2UHzZJX2KQeSRyCQevpjqBmvnzxb8Y9K0l5ILLfqt4QV8wMpt0kGMszZ25HzAgKW68A4r571fx34s8WXmySad7Zm2+RbFkhwMYBYEEgdT1OM5xivvct4Zo0XDmjFttXbtzO1tHfZK/e7XmfEZjxJUqptTaT0UU7JJW1bt3fbXtbU+kPFfxd0bS454NMkGoXgXhwQsYPIOT0wG44ZiMDvXzxefEbxZ4gulWyhkGHcGQLmGFW4ypwCSOpJwRjA56W9I8CTXsgm1IYxt2wg4Vs84dgRg56kgc5PHWu9svCi2qmKONIUBbciA54z8x4yfp835HNfW0MqjG0eS1rcrtt8Oy0SWnXX9PkMVm6lKLdRyloklNuP2ddLNPZ7p36GZpnwz0bxBYPceLpRrX2gbmt5RujTzB8y5HAIzgALjjHIJryzWvBfi34KXs3i34XpNrvhMZbWvA107TFYQd0k2lM+GEsabiIwQOMADAA+ltFV7IPbkbU3AEnDBgoJwCx+XLEZJ4Vu55NT304O2NcLuZgAwPlkEEZbtyMjpgqO1dNTKqM4pxhyzik4zirSTTWvM73T3d1rdpdL8NLOa0at3JzhJJODk3Gzavq2tbrRaNaJPq+H8BePfCHxP0lNR0O7hF0oZdT0W6CxX2mXIIEkFxE2JQ0bA442EAEd609Q0l7Ofz0USRZO1U5QdiGGDjqSeMjA65FfN/xH+F+p6LrrfEv4W3Eek+J7J/P1XSomZLDXoEJaVJbdQIzM652yYzk88EkekfDf426T8QtMmtbq1bSPEWn/AOj6ro1wRFMs6YErxq+GKbhkEAgqecY55IYmphZxoYj3W/gkrxjNJpe69UpdJRvtbseo8PDF03Ww9m2k5x15oS0un5W208ujPVbbS45ESdgm3cCI9xGzcctk8DO4j0HXjpVtxb2qtHG6FEyTnByB0CjknaBxxk+mDXEXfi23sEaNWQDklGcb1CZXjJx0A5zuOMDJHPnviH4hW1hbSTzXVvbRFN7z3EgjSMDnBbd8uBwMMQc88V2TzClTi3Jxs1tdO+11bzevV9zz3ltapNRUbrROS0tdJO9t1db9rrV6vvNZ8W29lMYjOXZtyKijBHHGex68Y5IGc4Bx5drnxGt9OimN3exWkWS3mSuFCqoyS0jEDGOhB7ZAwBj4l+Kn7Vnh7TJp9P8ADCSeIdcLtGhs2aSKOUkryy5BAPPynOeQP4a+cH0n4zfGe5WbX9Qu9A0CRsi2g3xStCx7Y9VPfH90gfLXh1s3nXm6dBOV/wCVKWjaT97ZN2vZa2stD16GT0aKUq7UdFeUuyUbKz1vbdvRfn9QfEz9rzw9oFxPZaE8niLWDuSCOycyxrIM8MyBiQCSTgk8nrnJ+abi7+OXxuuWl1K6u/Dvh+XGLeN3hZonZiVJUhySo6EdCAVz8te4eBvgF4a8Kw29yunRXt0vzSXt4vmyNITkthgeScEE9c8kbcn6A0zw/DapEQAiHOY1AU4ABCAKRwcn0GfUZNbUsvxeK5ZV5uELr3Ytp7x3ltfd3V7JbJirZhg8LFwo04zqKyU201fRNqya7ev5fPvw++AHhPwukd3LZjVNWYoXvL4CRg5+clPNLAOT0HBYZ7819G2umwwFIxAqLlVKqgWPaq8AYA4z0PXIOCSFNdDDp8SKreTk5LY4yMYzkjjPfceD2x1q7siIZAN+4Lg8YTeQM5BI44JO4ZyV7ivboZbRw8Pdslpr712043u2m+nX1PBq5niq8mm3a/e1/htpZrVp2t5aNEEFnFGQwjUJjJU4J4xgAjIHfsM8Dn7p1FhUqSMBiBhBgLkg4LD7wxxuHHHOM5qg6PaZkU/u2PJzknaOmOo+7hSMNnHHYRC6dlUBWALB2JxnaeMDnJHBwRwRyByTWsbU/h+L+9ra2+l+79PuTKpRdXSpJ3avZre6jdXtrs2tVr0s2bUaBVDF03llGwkcgcnBAAwMDHfB9TwtxOgVk37z/CvTBYBQvIOBuyT0wefWshpShJV1Cjkc52gcncemffOBjPTk5t7frtQbwX5ZlJAGB07ZyMDrn3JyDUe1vrddHo2tUo2vy993a70v1LWHUal4x0Svq3fRrRq3X1foy3cXLROcsoJYIB1XAONwIHHqc555xnk0rrVEXAMoLqVUMpADHJIJJwANwGe/PUAGuV1DWVVzHISB0U/LuZiueeue3TrgFiBxXIahrigks6HcAPLDDIKg4yRzk4ychcnjjbtrKdZRdndvu20rXVr+u+q9E7tLsp0HKUf3Wqs29mrcr0un0eumm9lsd5d6nuRm3fOMyMd4VSBnAHXBH4ccDjAHMz65FFGHeVWYMQUAXJJ7k9sn8MHn1ry3XvG9vpcDy397BYwqpO6ZwGYHIIUFslsnPI54xg9fnXxJ8bL7UJJNO8I2cs07u0a3sqMVkJByYo8EnrlW2hRwScfe87FZhQpRalJSktVFO8k7rtstd9E766HoYfLJSaly8qvrJrba6V9LJOzd9+mtj6m17xlp2mwzXV/qENpbrl2SZ0V2C4G0Bvn5HPyjJOPXFfKXjn4qXHjKO70Pw1ZOLGRfKlvpVOR82FeJASwYkKwPBxzgqMjmIvCWt6/Ml94y1W4Mkp3pYKzyTOW52CBCyRHjGQB1OQOK7W4tNJ8L2CNMbfQrTkRRfLNrF+e4WJQzqzHj5gDk4HOBXzuMxssRCXtGqNJK7cpKMmrRWuqslvqtND28PRo4XlUNZ6f4rq1rRT1vrZ6JddGeYaH4An1G6hl1y+1DXb2NQEso5WMUMa/cWaViIlGMgjhgOSBzn1ZZPDnhW3WPU7uDTlCkJpWkASX1yc7ViklQF92flKgZ5xheldX4J+GXxh+LKi08GaHN4U8MSEJPrurW/wBilnjbO6cHakjEqwIOPmJyOAa+s/A/7KPgP4eSQ3viW6/4S7xMoLy3V+RJbo4ALCKN9yHDL94gnPoCDXwmcceZHkkXSjWjisWlaNOlJVJKWiXO7vl6beTtqjupYCvi5XV4U7rmlpfWy9Em3Z7vsr2PjDSX+IXjGQWPgfws/hnQpch9bvYdl1LGWwzksA24gkgjk9BxmvbvDvwU0DQYDqPiOZNd1YRM0k964aMSN85VFOVJByBnBUDGB3908aeKdK0K0ks7SO304QI+wIkcSGMZwFRQAdq9NqnGD+PzVrPxDkuYTbQzGZCHkATONzDOGPHJJBI7k9eCT+S5txlnOeynGNSWHofZp072tpZPRNv7lfyuj6fA5Rh8NHnVPmk43lKSV27xXV813a26u7LYbqx0a0mkFlbxIyMqthURMAnAUAEfLwffrkZrznxDrMFu222k8ybbskBAKoNpDKpAwA27APscAk4rJvNXv9RMnmIVQZwIxtLsgORnPVcckZ4zg5Nczc7pg5CksWwybjuAJP3iSQSSMj5mxgc9TXgyw8qijOrKVSatdOzslbpbvbRry6afQYKp7O8Y25dFe2jvbRb6Ws776PTVIxdTuLiR23tnIIIX6HkuBwRnkHOcmsVrb5dknzbsOSpy7Z5AU9fw6DkHnNdzp/hnVdWuIrezgfy5SArlGOTkDJJGfl5+vX1r6I8H/BHRLOOPVvGWqWtlZQAyMszqrMPvZKMcEDpt6ccjOBXk5ljcHl6lObdSctFTpR5pzldWSS8/7ttttz7HKcsx2a1KcKdNwgmuarUSjTgrxfM27XSt6rfTQ+WNF8F6/wCIruC10fTbqTcdu8Qlh8xUZcgcdwOnJC4GQa+1Phn+yjoOn28XiL4m6nbaZpcWLib7dKlvHsT5mVUd0ZiVwMH/AGsetc74t/aj+Gnwphm0j4eaPaatqsCtGt3sRokk6Fw2CTtK7sA+x4OK+EfiN8ffiF8S7uRte8QXQsizlNNglaG0jQnAQomBkKQME4HoCCa8nDcPcacWOMMLRqZFllR2eJqRviqkJcq/dw+y7bNu79T6WtjOFeGNcZVhnGYU7Ww9KUXQpyjy2U5u6dmunM073V2fqr4t/be+DXwH0mbwz8D/AAtpus67BG0Da+9vGYElXcjSK5TLneByDgkA9+PzO+LP7S/xZ+Mt/LdeMfFeoTWc0haPTLe4kgsI1JO0CGJgmMHacruOB97gt84NcCTKtlTuZl+b744yWPJJ9DkgdhirkKMAAxOwjc38RYkYyO4PrxjA5J4J/VuEvB7h3h5rE4jDf2hmUvenjcfavXnP3b8nOpRg77KCS6dD4PP/ABFzrOL0MNKOBwS92GHwtqa5bWjeUbOTsndvTXuy05aZGd2GS3Ajb5gOvPfBPBx+mKigileTPllZCxwRt24BxuxkZGDz3HUYBq7DGkeSHG8tlBgEkJxtIHHI4C5yWDZGQK3bHSLi6ZGEflJkguxIJJGflGFKt0PAOPY81+tQhg8BTjGMIQ5I2tFJa6WVku+1uvmfG0sDjswq80+afM7uc07JaLmbbe+l9trdTKhtRgAEs5bPl7c56YPGQM5xgr7EDBJ3rLw/LNMpZPIDAcbsY3clgD8uSfyJ6g10en6XFZgB9onJJEjEscYyd3Bx07cZ68cV7J8LPg18Q/i/rMWkeA/DGp63eXEkcQuIreQ2cO5sMZZgmxRjBLNjaOnOc/OZxxTh8sw1XE4vFUMDhKUXKpWxFWnTjFJJttyklFWu+r8mfZ5Pwuqk6dKFGeJryaiqcIuTk7R2Sv13vpbu1deWafaWdgSsMazSEAsZOAHbHzAldpAxgEHBJPTkD274WfBD4pfGjV4NI8FeGdV1MzzLCbtbd0sogTtLzzELFtC/3mwF59RX7M/s9f8ABJWy0lbXxP8AHbV7c+TEly+iQEJBGPvPDdzlgoYA/NghSVPoa+qviJ+1V+y5+x34ffw14EsNG1TW7SBootN0GO35nVNqfbLpBuYqwJY7iSQWHFfy5xN9ICOY42WReHmWYrirN5y9msTRp1P7Pw8m4pTlUStKKb1s4QaWjfT9myngWlgaCxeeV6WW4SKUnRTipuyi0nJ6py2sk3utHc8I/Zw/4JZ+DPA1tZ+MPj1q0GoT20SXJ0ffHBp1uyDe0dzM5GSpHzAnaPm5wQR9D/Fn/goD+zr+y/or+Dvhlpmla1q9hC1tbadoKQraQSIhjH2m5iX96QwBJBOSNxyWxX4jftDf8FAPjN8cbu5tP7cuPCvhWZ3WLRtKuGgZ4iSFE00ZViSuAwLcAtjJIr4G1LXjHJLJdXDvIwaSRnkaaaRjySzsS245JwSc+pPNeLl3gnxbx5jqeceKWf4jE0rqpS4fwNWdLCUVLlfJVcGk7J8suSLv/PfesbxxlWT0XhuHcFSuko/W6qs5PTVJq822t5NRVrctj7y/aG/b1+OHx4vLuLVPEl1oXhqQv5WhaTNJBGsDE7UmaMguxDHdv3AjIwMYr4luNXhh3TXM7Kro0kjM/mzySHkbi27aWPUEE9/XHnra/POXijASAlS7kDft6AZAIzn5uueme2aBZ5DMzO0gZsB2OUHfkdTzjnAxnHvX9H8P8HcPcK4Klgcoy/C4HD0+W0MPShGTdlZzmleU20ruTk+t3c/LMyzrMc0rOtisRUrScr2lJuCXuu0YK9ou1rKzs+23RajrbTwSm2jEccMMspmfO5xjAYEsDuIJUAEADOScc+AWUs19q7zhmLeYxmYkqGBYkY9M5I9BnnI5Ho2qXjw6fchSXZF2IV+6FOQxPPO4k9cE8cdjzHgLR7/X9XFhp1lLd3lzMEjRFOxSTyZGGQqjjGSOPavqEqdGhKpKSjCNm3e2iUdXqkmn7yfy0ufL4r2tfF4elDmnJtWUU23dxs7b3vbu7vdta9Xpiv8Au12HauRJuIKAkjIOcZI4HA+p9PX/AAT8OfEnje48jRtLmnQMHe+uAIbCNRklmmk2qyovJCluMkg17b4L+Cmg+G4otU8cXUN7djbNHpiOqWUHyhtt1LkByvIKIWJxjHQtteJvi5Fbxf2L4Xt4LbT7fdB5GnwrbWo25Ub5VVXl3cgli2TwRtPPy+LzmpiKkqWBp+0fwuo7qnG9rtaXbT3d0r29D6uhlUcPGFbHVlTiuVxoxSdRq8XZ7OO93o9ej2Ol8NeBPhn8NoF1PxO6+K/EsALJbTMseh2kycndkgz7CR8rKQ20g/eBrjfG3x5v9af7HprxwWsO6KK1sFFrptsoBVQkMQCOFx/FgEDJ9T8/eIdY1vW51m1O7keFWOLeJzHGi4JBIBALH1wefYDHOOGj2tG21GBLAdcDICAd25xke/HWvNhlqqzdXG1pYqq2nFN/u4P3Wko7K22iv1v39Ktm3s4Klg6UKFNKzqWXPKyjrJ9H89LW0Wj3dQ1u7vpLma8uXn3MSEViVBxlsDONvQdeOfcVy80glZpAuEm/1i8KVXHQkEkEjAGSST14POXPqAjaSEttdmx8oyyryNpJOOmMdc9+CGqfw/omv+LtWi0Lw3puoazqVzIkdppumW8t3cSyucDckasygE/eJULnOcZr3sLhuSFmrJaKMfk7W7K99Fvq9z5qvj5OpaN6k2m2763bTs7vzs35baGbqksdqjCNSyyDYFYgNgHgEgkY+YDAO457nAq/4G+G/wARPixr0XhrwN4c1DxBqc7LEPsULNa2sbEAyXNyAYoo1GGYu2FCk56ivu7R/wBjjwz8LtDi+Iv7WHjiy8D6YsQvLL4f2VxDc+LNWKruW3e1jcm1EmQjPJtK/wAIAxnw34h/tv3Wk2N34F/Zu8O2fwq8DS77WTUrKGNvFOrxKGjea71LatzEZV+ZkSQAZ4Ld/QpwjeKUG+7el1pq3q329N3tbz69VWU8RU5I30pq7lLRO720lddHa97rc+h9K+AX7Nv7K1rZeJ/2lfFlt8Q/HtvCt3ZfCbwvdR3FvBdgCWOHWryJ3wVchZFDDPKNxkn50+Pf7c3xP+K9hJ4R8Mx2fws+Ftpuh0vwZ4RVdMiktFARP7QmtxHLdyugUuZSfmOCcENXxTqniK5v7q61PVb+71LUb12eW7v7lrieSRsFtxkdjyT1wD3YYGTkWNvqWs3Wy3t5ZQSNpCbsDjHUEEsRhQOCcDnknsp4d1HG6T00stb3WiS2ei6N3v5M8bE5xGmlCjDkja2mrk9NW9bN9Undptt9qF3cXE0zMhYrOSJHdmeWQjqWeQs2Wz0JGTkg5HOpoXgLXPEN5Hb6bp91PLcMqwwpG0krszBVzgHZGCBjOPXj71fbHwY/ZF8R+K4ovE3iUx6B4fQrNJeapthJhGCRHFJjczAfLkDsBxX1BPr/AMMPhDbf2f4B0i11bWFTyJ9eu4UcrKAcm3yrYIY5TbxjncBg16cMIlFJXumk1qrNpXur/erXT+Z4FfEJ81XES5Y6OzlqldN/lbrJv7j5d+HX7Jg0Gxi8RfEm4TRrWULLHpxKtfXHfDKT8qtjkBSAG4wMrXc63470Hwmi+HPhvo1rbup8uW8ESS3QZvlDFwCMvkNuLEoTwM1ifEb4i6rrNvNd6rqklurHl5HKylTglLeMH92nIxgAsBwPm48C0/xDLdai8Gmp9kt403vMcG4uRk5LFgWRj1HJx7DivoMHk14+1cdOVLWyVtN7q/W1tL7a2Pz/ADPjLDYeu8Jg4qdW/Lzxtbm0a953enq9Uup7JqXiq8tEW81y7lubyc4ktlcySMoA+Thj5a+pX+YArzHUvFOp6zNJCpFpYRAhLeHCEqcH94wA3EnuS3vkYYN1eVXuYIpG2yfKevmMY2HzZYhsk8k7clTjnvWf9jWF5JYgCkoJRn+90ODjJwBx6bjnIr1qGGpUHFKKbbWrSVl7vfbZdL3e2rPmcXjsfmMakp1Gkm72bttGyavdatK+69FcrBUebHllQuZFBIGTjtkcknrnnJAxyMbCQGOC3lkjyTIzKo9uCpBzgEg5PJGcZPOadvamR0CkmX/WOxyBtHQZ6dsgAg4GDmtG6umEscUaGaRWJ4AZV3ZOMDoQQODjPX0z7lLDyryhClByk7e6lLRuyV7J3abtZ9W9L6HzFStDA0alTFVFCKbd5tXfK1p+DSulpe7uzYumP9lStlQHyzAnrhSBszyD0HbJA/HndPtL28XMaFUbCtIQBwpGAgHr8wUjqBnsce2/CP4JfEn4w65YeFvA3hTV/FGsajOlvFaafaTXEUJdgA08kaGKFeQS0jAYA5IWv6Ov2Y/+CM3gT4XaHp/xP/bM8W6bodlbRQ3yeB7e6ijlIjHm+ReFXD7v4WSMHIzknPH3OScJ4luFTMG8NSm4unTUJTxNaTaajQox/eVHfsrRteUkrt/kPGXiXluHao4C2KxFGFqk+eMMNh1onOvXk/ZwSjvFvma+FNux+Cv7On7Hfxw/aQ8R2Oi/Drwbqt8ks6JPrD2kqWkETMgd5Lpx5KqoJJG7JGc4wTX9LHwE/wCCbX7MH7GWg2fxL/ai8R6P4k8W2FtHep4fluIJLG1uEXzFhMDEmZlKqGDKRleM5rP+OH/BTX4Ifs3eHbr4cfsy+GdB8M2Npbmyh1CytbdL+6MK+WJGeOPe0hA3B3YNyDkHKn+d/wDaD/bO+Jnxq1i9uPEHiDUp7OaVnjtZbuQh2Zjwyg7VBwSqAAYBGMCv0f6tlWQ4ZTruOAvFP2MJQq5rXuldSkm6eCi92o81RLeSasfz/icdxPx3jJYfL4TxeGlUSeKqQq0cnoJOLcqcZclXMJrZXUKF7aSW/wC3H7XX/BYkw6be/D/4E2Vt4V8KWkbWNteaYsdrJJCoMSLbrFs8tNoA+VhgZFfz5/Ef40+M/ibqt1qXiXXLy+MsjzeXJcyuGZyWbc7sxlY4Gcj044yfnXxDrGo3km+eUkNgBA7Ngsck7Qc5UknJPzdB0wJRqsNnYL5rrJIsZcHB+Z2C4HTJK8g5DdMDIxXxWacZulRqUsDClgcLLRwhJurU0T5q9Z3nUm7tvmaTbvZI/V+EfCHC0sVh6+YyrZxmdlJ1cSrUaLtG8MNQjalQpq/uqEVZLV7nT/2k12/kxo3G5hg4B685GMY4PUn0A6Vg61fW+mWtxJeXIghijLne42liCducls4GOuNvJyBXl2tfEe00ASebLHbuyvjDjexJyoxngcZ+7wQCe1fMvj/4r6h4lzY20sn2XzHyVOGmwvzFmJGRkdCWzxjIwa/HM74nnUnKNOo53Tu79fd2atZr5JdD+suGeCaOFw9J1KEabSVoxjomuWy20+S7+p2vi/4qFp5jp03lwruTG4lnwWBCKDtCsR1KnIbIwCMeMXPjW91a4ZYZJDcyMVxuKqsfcjp97POSAOeOePNbu+eTczsfNEgCJ8xXGQDk+/ck4J246DNnR7kwHMUA84l8TNwvzAdAegHbgcnI44r8+xmNrVnKcpSk3otW3rbrd2to+1mn11/TcHgaWHjGEYQik037uidkn01fm7b6rQ7+ynae4lhmBZC7GVix3ZVc8MRnGSMYyCepBGa1hcWUcE3KJGXGxW+aQMMDceuVAzz1yR93BNecx6rLFM4VzLIwXecgFAG+YgjB9fQ5PbFVtQv/AN7jzDFHsyVAxIzEE53ZBbJGMZJHYdq8V05VHdtv7utvzvpd9Vts/TjUcbJJfDbZ7NRtpp5tX03T20t39qJLu4dJVe3d9zSsRl3XB4xyOeAOhOcdM1kXzrC6rBgKwyzfeZNvXAYcbgOSMHnHY4it71GkYNLugOWK8ZJGMZDHB9+gBx6iq19IZ5g6KNjIOVO0bs4XPIA4A4yOTzxgV0RptWTsoe7Zfhdp722s3ukr6Wde0Vrqy6pNuWt4u+qslZPr5aK1s5iz7pAzSYPJO4tu6fNxk56tnPA455KvNLIQrPyQAOMhVU/dHBIPvjONo7YpqSywMWaMpGW5IOASDjgHjPTr1xnvmmSzB5AyEIuBwThhjgkYGACMg4bkZ3HAxXSo620ejtrvttZJXXS62+8wc5NJd373nsrejT9LNWKzFlVkwclgSSBnI44I7YHpjI4ORkwkex4657Z/z14+laEWJHxI529CwABAAyByOPvHBzk4PfrBcRhTuRi0XAB6E5G49yeTwOwxyAc1on0emz8rPRWfm7WTs9TLldr2f3en+f5lbB/zz6enpmlI+Ychs/THHqP857UEjtnHHHsBj2PTjH6mj1yCTjk8cH/DHUc4wcY5qhCqccY75646gYH06dOfr0oz1Ax2wMdTwDjrx2xzxwOARTfr9MHjtwfw/wAPWgHBznoc8Z7d+39D9KAH7c49Tzxnngf7PHPPbrjk9FMZB6kE5BPqPX8fQ9ecZA5Bkls9yMEnPfjqMYz3wB/SVEMjAZCjByx5x0wAMHk/LnsPXkZatu/uva+vpr8uzFrfuvy1Wu66XXXe9uiiDscAM20ZHrgemB1BBx1ycdcDFdb4Nw3iDTRt+X7SnzAk9SAOQBg846c9M9M8t5MgchNzLnlgOo6g8jj1AxgcDOenbeB4tviDTTJGxzcKyjuckDJySQcjp1xkAVnW0pTaXSz0vvyq/bX71ttYtauN77pWW/2dvNpp9Olj9JPhm2bsDYpjCxhtxw6rsX5WPOQAAR2IPB6bvpnXrQSaFbsDlMBgu5hsPG1WU9T06HjJ6HOfm34Zb478hlCgqm88OQhUfLt5ycEc5KnPGCBX09qtxH/YnlqqtgKRuGMJjjBGeRjoPwya6MrhelF6xaa1Xdcru/wsr76E138dtW72Wj87Pprq77XTd1oaXhOJkt4xv4VASckDkEBFIGQfTPTt0xWZrABu3RSXYyOVXlSD6EknpzuyBxx82K1vCkqPGrkhB5Y8tcKylh8pYg5PIBxkDnJ6EGsXXXV9QZ0+YBiW2Egk/KAFHAC9MlSN3sABX7HwdpiqWqfMo369Vv10eul9beR+AeLUL5TUaX21fppZO/Z2a7a/Il0tvL3K55cgFVz1DEEZOOORkd9uRjnPpGmyDZA/K9MAnOOMEsBnrnIAX3xxz5nbuVCKp3M+5QoHTI5y3GcjcMAnnsQcjudPYhIyB5aphm+8dw+7gDuUPODjI+8SxG7+gsuly042t8Kf/pN3pez62P4bzmjHnk1d69FrfTVeXfRemmveLIphfAIHlEvvJBZj2TjGM44wufqBXBai7RSFAMDcQvVm2lctkjoPUkjBbkcjHTLdMImbaGZEZnJBKjI+XqCOhz1689OR5/f3p8yZmc4YsGJGQBx05J6HoBjjBPU16Uqlmm07Xbi23olKNnvZvVrV2V+u54eBpKU3yxW6srbNpddbW31v96seXfF5mk8BeJwELL/ZNyF3Dbg7G4B4GQQCSOoIIGCMfincgrLKDkSb5B14I3PgKc9MZJHJGK/Zb4sXrN4E8SIO+lXOzJAOCrjc3TgbQdvQ4x6V+Mt3IzSOeOJJMEZ4wx+nI5/Hoea/nHxjlF5ll0ndt4ed7atXml010W6tbbbdf3T9HGnKlw9mqe0sdTtqr60Y3aWllve7eiWy0Kny4TIwFZgxzlj0x1PIHXAXgZ9cCMI0pCKeBkoCffnOcDnJwpHTsTzSswYYxjqT1wSSOMAdeOSeDuPQZFSQxmSX5QFCgFsZBYAcj5j94ksVHA4yMda/FW09bxbfLfX3m7Rv0St3u9+tz+l49LdbKz+W/wDW6IdhTK53hWO3AUYIxnCn6c57dOK9K8EaNb3t/aT3RxD56mQHBzEreYygDqCOCODjOSBmuJFs80+1QSi7csFGFAGSM4J5HGMcelev+G9E1EabJPaWszsItkBhDHEsmQCWwQWYEn7xPJGTwBdCKlNNp+7ZpdL6X8r6aa/eedmdZUsPKKmqcqnLBSvZptxTtrdPX+kUPi74ms/EGuQw2US29ho9omnWqooAPl/fbPHVupxznnPbzzTlNvIs0ibwyqqDPyhtwUEsOMEtkg9BWxcaLenUI7S5gZr57vy5IX+9vdxgOFBLdQ24gg8luCCPoi4+EOmR6VpkNtOj6jL5bTRo5UpK6BiswIG1BlgecjOcnnOnsKlec5KLSTt16W6LdP1u2/U8+rmGEy2hh6E6ibnFNNtttRiuaUr30d9euq7XPC7LR2a4W+vJU+yxTxsy72JK5GVTqcdAOD07givoXw/qcl1pjw3BMNlZYewjj2orkE7QSSN2O4+Y7gwwRhTZ0z4OzfbTpmqXMEMKwi4j+zHzctncokfI2qOCcnHHIIAqzqXge+0qAR2s8t/FbTqFaFJTAFc5ADIhViq/KxJ44JJAruo4SrCOsG09dd1a2jvK7S0s9N293r8tmWcYPFtwVSEVrG7SiktE0uba99JLra2p2kJgv/D19NNcJFPDEXQRKrPM2w53jOeMbSq5GM9ua8Qiv7y9vEhiiVEtSrBkfZvKHfkIGALEA8YOehHevf8AwhocrRtJd2hhgaN1laf5I1UrksqsMMzDBCkYIK8ZIA4PXfh/bG+mv9LnuJjMrEW0SNHsUPtIU4KjIJOM8DucYr0HhZ+zg2tW/eSbsmrWd7atd122PmMHmGGhisTh6006d1ySb91N2VuZ3V73slu2rX1toafrq3gDyGPzEjaKS3ZE8oRkYZpnAblmxnGOecZpvxB8Nnw9o2neIkubWc6igUWMG0iOBvmBBOSuSMEckZ3AjnGToWkW2mmRbqUCZH3yW00qgFASQhI+ZnbAzlSBzk8c719qmnauVt9UiV7W3O63hQkhAnHkKemCOWI6nntWyUIUmpStJpKLvbZx3V27Wu7aO7emgq/NHF06tFupSUm6itZTXNFNPWzSV03ZK/R3svN9Dv59dNtprTJbRz3KrDbSMFhCE4JVgQ3HUjjB4x2Hti6HaaBCt1p8qaprRItJbKKNZIzbONoaFxnOFLfMcnODxk147dafYWutJe2E8FnaKrS20X3nQkbnTJOM5OME57YzXTL4g1rw0mn6jDcW7QtciSLYN0qBid8LBlIUlexGPm5KkZrHDzUeZyTm042lpsna7TvZJbeeyDM6VWsoPDS5Iyi26bTSbSi7XVrW0V9Xa2u519xomkJCH8u60G+ScNc/eDurnLtGBjOTgcFQOuSea0NXF0b2wS9hvG0VraKOK4WVt91C5AJdVI++e5ycdcd/WbTxP4G13QrYXejGa8vgslxd+Ym+JkAaWFG3ABJMZxnpjAyRjTt9U+HesXNrZxaRffZLe3NpbsLhzJBIFO5yjP8ANEjgMpJxyTn5d1e3RUYpWlTktJNaXa926s1tfpe7dkfC4jMq8KjhVw2IkqV4ScoqUU1KMUo3Tdo2dr6PbUf4Z+GV5Bq+jXtnbT2Gi3ckN2JLlmNvLDCA/ll1JXe5DZjJDNkZGCc7Hjm206HxZJcwTrp9xdIN0S7UjhVBh/mXHzSAcLnqcnnIDfDfxE8RaZaXHhu5SO/8NabNObCWaQFo53BEbiXglkBCiPOByOc4PCR6Jr3jLUzHbQ3Ul9dXJMTyB5I4oQ2Q4VQzbFJHzEr3GR1r0cViML7OnDDQano5tq6bXKna1k1u0152Vz4uNPMquYYnFZjWo0MFClKFOcZNJ0ZPRzTtG6Vm72tK9kze8V/Faxu9Jh8KrcA6aYBb6ipjUu3kFihEpHykkkk8kg/Un5xtLOHXZJdI0GGaeZbxpNyqgKxbuFJPLYAPJzkgjjrW18T/AAFqnhGSYXgngQur/aWXCSyty6IRjco/hx2P5Yvws1OK08VaSZYZXs3u4hdTKzRO8QZFkVygJKjJzyBjBHSuDnlWrU6VW0VKyXu7KXKtH9lczab003ert9Zl2EwGDyPFZnlk/b2pTry5JKftpxhG6il9pyVo6Kzdlvr6xY6jBbXml6PfW832KGJBcNAiJI7RE+YnmJhi+R85wCAM8Hr7Jb2Grazo2r+O0cSaHoMJhjtp72RDdRAMkduse/B2YG/CgnJx0Y196X//AATw174geHPDni/4Jtp+t2d9oJ1fxDaLfQTy2k06qX2s7F49wO1lIGCBxnNcp4u/ZhufDPw5uvCpdI/FWktJe6vpaTeVZQ28cQkJneQgzTlhlkj3Dg9MZr6ulw1msYSlKhL2EaSqQqu0oTTUeXlk01LS/npbR2Z/PuP8YuDc3q4TD4THwnmcsesHi8LWhJ4rBuFVRxMa1F+9Tcbcqm4295crdz8pdV8Zajc68ztZQLBcR4hsxmWOIOpVdrMDsfOBkYw3pya3PBdhca1rVjawaNPcxm7jN1CoLys7sFVI1UAsjE4wOucc5Neh33gRIL2UW0dq91LGrLDHCJZIpFYqRCBvIy6kkhRjOfXH6ZfsC/szT+N/E1l4m1HwxLY+HfCd7aan4g1nUFkW2ZoXE/louPmUhBvjO4AMM8HNcvD/AAzjM2zejhXeClVcZ1JRbjCN4ylze7ZaXd37tn6Hv+IHilw/wXwdmOdVOVRwuClOlQU4xq4is4tUqVKm9ZVKs3FRShe/kmz50+NXw7+Kfwz+H/gzRNW0C18P6V4otZtX0vYBHfTW3l7oxdZxIqjOdkuBt6Dnn52+GF1qY1gWs9rHf/uZYr8iISOLZ2YO8ZYfLIoJ24/AknFfrd/wUc/aB8G+PtebQfCWiWVzbeGLZNHivYkZjcSRDyJDaIUBjSNE+7HwSM4zg1+V/hua9guf7J8NmCyutWtzFdTXKlJoJp/ujJyV3AgEY5wOnf6DP8oweBzqeGwNeWKo0FThzaNSkoxUoxUVZrnUtdlHdO7R+eeFXFmdcScB08wzrKo5Vjsyq18TKDquE1RqVXOjVqR5bqfsZQk4tPVaPtjeP9I0G01+7m0G5ujZwxQiGGdfOYXEq/vYpCBtRSCxAYhzhcn72Pn3xjpM+miRNRY2zXsQltIlTdsDMMO2AVD4Ix0wATwoGPrufwpp2kaJdWni7WPs2qXE8xUwx7jciHcQWnAG9vNAUMhIUdeATXj1j4GvvH1+HkvWSON5Ut5rr95FHZwhlTLZOS5Xy13ZJJB7gj57GZVUc+R05+1qNSVPZpLll79pOUWlJWs7ddtF+zcMcQUqFN1ZYhSweGShUrTilTnJOMUrv3ruWitZX03ueKRaS+mabb6rdQiXS5YCPPnZo3nlXG1FH3iMkgAjBIIAwDWRoV3rGvm74hWztrg+YCgDW9smcRg/eLEYJ4wDkDGMD0b4lajqHnweD7q2jhs9Ce3tx9kQbpm3IGkZhwPlAb1455zlkmg2n9n3Nr4c/dj7Gtxezhl8+WRhuIHON6c7xkAAEnccV8tmMYUqns9VyLlno0+dWune90ldXvfoz9cwGOqYnBxrTS58U1KkubSnRklyrZpzvq03pfVPY7nwhr2l6B4fmvLDZZXcF6d8s+15rlOAVVT/AAcnqMAdOOD1F9r1h4n0/wAu/vUE92kzwTRjZDDFgFo2HAbeRtJGSSf7xOfmSWJftFlFbXMt2IwVvIzvIebdtkUEDYoTrx1UZHOM9Hd6qtvp8dpBIspUyQyMoO236ssasAc4IAJzls/MTjNeBWjFq8kkrxtd3T1Wto3irrSyWju3vpEMHesp3aqTlfe8Wk7puKlyqMldPlu02m73V8TVdX1HQ4b6z+RNPM0kqzNGVRo1YqRExX5mwxw3I5IJGK5DT9W/tSUXkEskkULhZC7kSFSVMaRqW4CsoJAwMEZGea9JvDL4j8HyadeLbxPFE6wS4X7QHGCBjqdwJGckkHlcZx47YeGb6C2uFspgZrd2dmUsrTP/AAKsfGWUfL0zkDGTXnzT5laKUbR6X2SVldvSzb8tduv0GGo4WVCXtVGFWFk3JJLVRs0m3o9emi1ud/deIkS9tbx2e4mtI2Nyku/IXGEALcADOMEdAOgPGPIt1rk13qElx5cIKhklZVbyXYfIu7AzjBB68gDGQV5a7t/EWjWs8mq2ZT7RD54acbJJkXJCjKg89Qp5UZHPQ8HY+OLmB7u32mRpnaNIHUmNQcnCsTwQR8oIwP8Adbjxc1pVZQ/dPlle1/hSTavsl71r9NNVbv1YfKalaEqmEnFyhHljKD5EotrRpOzkk7XXZrqeieMb7S9M01ItKuV3oixtkKZXJOHVBwGK5PzDJ/u96+d7vWria6lVGeQREsCxJK9MuAQRk5z7dAehGp4hvLi+KSvOqEsQQrHbFyBhU3ABgcj3Prjni/OBmbYGdgwBYZ+dj82c8HqfmJxjGfauPBYONGlabc5ybvKSfNeye+t72Xysnpe/2eTZa8LRXtpe1m0nKUkuZP3U3e13vdtrW1t9ursNSvLkPGWUCNdzMQQHwDgZ7gjOQOuflOOS830s8m13ACkI6AYD88lcdOM9Txt6AYqpp6iGKRpI2ZyWcEEnBXld3OBgZ2gkYwDmqtw8gEk/lqvmHKsVGeM5UAgHaOnHIzyDjAUqdOUmuVN6brq2rNtXvorrrfst+qVCm6krRvs9Lrqtej1d3q7K3Q6O3ngkE0XnkMsbZUDaQoHygMc7vmOdvJK5wO1YSXRaeSEsYoSxUBVyCeM5OOOORx6deaorwomifbI4IO5iST/CcYIXbjIx39cYrRtbKS+uREX2kEZbKgOT6gnryAM4J4HehKFKMnJxSa3dleKs3dvfd62vpunoqtTw6c5SUU463a2Vnd31T6N2va/ZpdfoqubZlmlxHGzNEoyUZiB8xzywI+8xA5HGcce4fDT4Uax49u4YLaZAiMZmd2AQRDlkTkKWODjbhgQN3twHhDwtcSTwQzKGN1IIvLlY7URuDI2BgHBOecj1OM1+m/wk8F2HhuCG5jmtrM6XZ+ZNeOQ9lukTccL1JAPzHn/ZxyT+N+IPGcMmwdWGAaljKnMqNk3GMlJRu+VO97pLRtPWz1PyfjfjCOUYWUcDP2uKr3jSUU5WcbJ25U1eyWtvXTbF+HHwcs5tF1LSJ7AO9lIZr+6eBSbiCFiGgtpJFDNIw6hCcZz1PPAfGf4f+FtOtLTVPBumarZX32GWGW2ms2+zxbNymaUKhYByAoY4ByGAOFr7M8EfHTSJL1NGh0iwvr/T/NjgujFFDa3BkdlEjsNomc8kEhgRgdK4z446l4p0/Ttb8VafLp1zoEtvEdWWO2hVoT3tbZWUZxnaSuBuPJ7j+fcm4r4njxTR/tGlLDxxdSP1anXxXJSryqcsFFJQbfPe8YtKzum9T8Syfi/iD/WLDxx1KVJYmpD2VOtXko1eaSSVre7urrdp2eqR+RXi3wzqVj4Za+1J3sm87fb20iqgud3LSbfvbe4XHIwQOmPGbK1ubyVJIInuZA+Y0gBLsyDjIUHONoKjgDAJ7V6R4w8RXninxJOL2a4ezklH2W2Lt5cKzEAMVOEBClSdu5V7cjNfT/wc+FOm/b9DEBto766lSFru8eM2MZnICLh2xkBlO4nAz2bBH9cyzynw5kUMZmXLKpOLqSo0dVHSMnFe6m0ktWm7tKy1sf1as5/1dySGKzGUHOrHnVOmnyxXLGXK7ptpJayvqz4hlsNRu7uY30VwGUEHzhJmNVDAgdeAcHI3Yz0JIB+nf2f/AABqPi2/IjOn2ttp0bsbi+PlJLEARK2SRudEyQDg9Md8foP8Qv2TdTu9RjfTo/DWp6dpOkLe6hd6e8KC7DKJZrbdDlWnXG0DBbHtXLJpfhHQfAl5otjpkOnapfSvj7Kri/slSExuGcD5Ip3+YndwSDxxt/N828VctznLI0MpbeJxE40ZtJf7LzOKlOcXeyS96zSb6tM/Ps48SMJmmBWGwPNHEYhqnJ2VqC5lGVRp6KKWyavpZNaHrP7Pv7O9t43W/wBI8N6/4Vje1vzNfeIJzCsthZs4SS3UNmRiD6ZUZ7d/qGP9nP4I/D2K91TxfqtonirSUuJLG/uXt5rbxC5BEUVrbvu2xuQCrAYOQvHWvx80bXfiB4DmNl4duLrRrvUbkwC4iu5B9ptZWJDSLuOS5wS5GST9a+gfB3w2+OPxY8b6F4bbWv7SnlSG6+16rqH+iWtugDGJZJZDGgKZwi/NkDhSBj8Y4p4dz2vi6uNxPHiy/I/ZqryUk4V6kacY+0hKpdJqabSjFu32b9fxXiLK8wVapi8ZxVGjlsoqp+7lKFWUUo3gmpWXO3srt6WtdndfEH486jpU0/grwd4G0jSopJmin1jTrFJL64edSBMhhQjcuRznAOM84r7H/Zd+AvhzwoPDnjv4keNVn8U6tD9u0uC5uZLax0tZmEsU2orKwVpFyMoM4IxjGa8sl8Y/Cf4CynQtUg0zxH4rZp7C9Edvb3lxaX6tgeVcyBlMbSjAkRiVAIGM7q8t+K37SNv8SVstLv7OHwwnh+BUgjspVhlvokO5QzpjMxUbRk9D0ztFfB5ngM74mwMMj4cyzG5LkuLk1mfEVWSr47NqEY8qlSjXi68KNSTk5eznFSjJbbP4HFrNs7o0cryPKq+XZVXly4/N6r9pi8whFpc9NTTqxpz1bs0tdex4t/wUe+LOq3/xI1bw7/wkUPibTtPkD291ayD+z4XCttSNVJDAqc7jnjbx1x+S66gJ5BNNI0b7iWfduEijkg8lcHGCM46jG44r9QfGHw58DfE3wtq95pK3Fx4nuI5J/td3MwW2htlb91Lub95JjPllcsfRu35qeKvh/rehST+TDPdW8Mn7yaONiiMCVZDgH5gMdOoHJxkj+s/ByeRZRw5g+HcLehicrpxw2JVanChUr1IpKVVJOzdSSeu7tsmf1z4S1ckwGQYXJKNsPi8HGNGtGtGNOdSbUXzpaXctXtfSys/eLiavHcEF54ltxmIxo7BpCw4Z9vBUE5bd1Axjiua1O2MMkksUwUnbkR5dDH8pOAMjeMAnB5HeuSF29tKBGSrDgqwz82cHPP3j7AkY9BkWJNTuMMmVEbLtZhknkY2ggrjA4GMd+uef2yNJXjyNe80m0lbeLutNnq9V06rU/ZKVG0vcb5ZW1WqaVrWW6vrq373otOg1DxLrMumLawDbZK2yUoSGl2rgM4HIK8biVGTgjb1XlNP12+0mRzayrmRCSpUMCX6nlcAjk7sY9+tUmubj5442aNHBBBckMrHo/JAPqRg/xDABxTEZwSMkquDwc5454zjn5sdejfTtVKEYtOKs9Xq1bbR2322ez/Dohh4JW5VG+rXVPRa620v87a6Gte6lNqEgFzHG0jEENt2BBg8EYBA+YcYPUY+UGtvw54VuNZnxK32eBW3FiCpYKRkKDgscAgbuBklc5XOp4I8JXGrXkN3PbSSWUUgacNkGTbk4BPGcdyPY4AJr6Wm0CymsQ8Ua6baq0ce9diyoyhQWBHRW5BODnG7B5rzsTjadBqlTd3ZX6qCdt9uZ+V/Pu1wYvMI4dqhRinJ2TlHpflXu6WvfXffru1F8PNBtLd45VVTo+nTb3U/NJO6gAM8ZB3BT8xU9s5znBTxJpSeK/HMGlaaYA18Fie5K7FhQ5IKhQACi4H3gQBglTkVg6PFquka3LZWt20kV0hCIheXehJTzXVSygjOeDgdicce5+EfBCWF0uumaS+nSKR4w3yeWcbpJGz82AcqBkn9MePVlKjKVdVOac4tQWrbbas32Vuvlvq0Y4T2qquc25t6JO95Wau00rpNde9tQg8K6P4L02+0SaVQ0iFprsNl52RR8seATtbBDMflw3TON3lFnPcQ69DPcRtcWDK3kQZMgG0lFYswwGIPU85BHINdXr9xLrmryNcXLRzNJInlA5ihReMggMGLDPyjjJHqaq3P2W0tR9hkUYdYyW+aTchCuUU4OCeS2AMHIxzUYWjUnFup7zl7zk9HFNp2/vJxettU7fP1vay9nrG7und21TcdGtFJta66v+80b0AIv8W0iqjx75jlGlAIySATtTZwMgr069a5175bWW5RL3yhKzlJvM5LKTuLvztB5UKDg9R1yH3UyrFEkKS20ksBD3Hzgu79PmIJ5JGfRuM5rxnxl9r0JLiG5nk3nY8USNkvvPILAnkg5wozzljkmvTw1GMb66PvfdcqTs1dJ3VtHtZX0b0ppXT0fxd7q/LZe8r62lonrHRXVkejSeN7RLW7mlu1Q2o2xSKFKNs+Y5YghmbHUEYzwDnNeP6v4+1u/H2a0nlks7iUsShYtKzMdmwgFgVz8wGQoO7A6VQ0XQr7VtNvJL0yp1mgtH4DKw5Z8Ywnb5TyDgcZNbipoOkxWRBj+1xhXeINnbIuMARn+EjcCxyWPJ6k12qnF2Vrvyu1FNx1vs7W6WenyOlOTsktFvvbdJpv7W+y136vTLuYbryWguZHnaaITO2ctH8oZVctkgA8le5GMZFecXCecXkcqBA21VPDbemQoBQjozfrkmul8QeJTLPcSW8awyyD5lXJKoCRjaNxyVH3TkdOOmeVSSS8ZkSGQhsF2C52K3JIwMjucZySCOTw3VTXItXZNJq91rZLrZvf0+4JS91a221ey2SWvd+j1sjS8O36Wmojc4KTEqgVVYRgHHQ4GSTgk8Akjcdqkdm3gq91O/XUXjWC2kHmEKMEKGBAUYXIc54AOMkc8muR0vQLnzILqWM29kkpBmJILZOTjPRsYByMHsSevsE2tXWkaRHPFsuzGjIk0hASGNlIURgMCXzg5GfcgYJ58TVm2lSV3JJNr3t7XaS7bKyWr0Zyyk204+ael0lZNW9OjSe+rd7nKeJriaxtkiUtbtGiwoBgsYTjJOOfMIB5PTnkHrymnJHHK97e3isiBnjTOZMOCv3TuBIHOMZz83UZODqusXuoSSzTzbppmJbliqgHIAGflPck9x1OecoIX27SXkYDgknaxwMDHHABwzcnsOWz1UKEoxXNu0m9bv0vdJrurKy89Bxpxir2adr7pJX5ez1tftrot9DsNUv7YwNHaSvLbsC7NJnDStu+T+6D6kcccHaeeamgEipIw3Ns3pt42hegOCOnbB9+4NSxQu0axKeQdskbnG5wAdwyPlAxk/wAPX7wxTXZh5aKwG0ursVPzgAe3IGPfnjOPmPYqS5VvotLbXdl1t5W0aS+4yjdc1na1t9NVa+rSunqlrda7brR0+MeZbO2wqGAjBGNpUAbieSNp4ww4Ofvd/VLK6jaKCMTKs6AxxDKjdkFVOBzjngHvuJPGB5zpcZm+zokIAO3bu4AOcZbODgegPNaV0s1pdB0RhKrtjO4kMMbSoHygE5IPAxx2NRPCuavbW6bTb1vy9bWbXRrqzKUpOel+idr2aVns0093u/lqkehQyTwvLF5oZ5iAwyGGSeCCeNvOOpAJ5AAIrn9b0p5iglkYuH5UqTGM9uOQMcDjA9+MVbS+ullTzW3SSx7uTkJn1Yn5MEEkDGM8k9a6HS5ftjyee7zRIAZQCMs3op5GADkY6YbsRXFPDeyaetrpt3tpdN9n2T10V+oRqOOvRWbu2rbNaJ66avXZPQ8yudOJMqwW+Sq4lkwxU5yOCccn8OOnvmxaPJcEERiARKDk7lAJ4+U7RkgdsHB+hx7fPpSYmdIzHE2FjwRuYFclcHoT0B6jJIGCcc+WhtzJG8O5wCqowXHPXJU5LDPOMcjB6YqVWkkrattPbS3u3d923qrvs22P61Jt2auk1ts047vzXRvXu1dHlf8AZUkEsnmsx2rlsEEOgxkqBnngc5zx3zxbtrXMTtBFzICoD8dOwyA2SMnIIXgDPQnupdOhmiWUwAyykqcMu/aP4MMQQVGR3B9smsWSJLd/JhG4g/uFToGDDOSOSw+7jruxwDzW1GrCc4xT96dlb4tZcu13a/SyT7dHbCpiZOm5N2STcn3WnK0+mjTejXRu90ex/Av4Y2/jbxBax6iY4LK3vIFmM0YMO5pVBErkbfLHG4A8LkHjFf0oeBv2bNG8OeB9Jl8E3+g6fJb6fbXX2vT4oriO6m2BzDKUDqp3nkvzjkYxtH48fs8fC7V5vDVo7Qi0Opot1cs8bLIYcDaSWAwTyfl/Ov0K+HGjfFHwLpzT+GfFitp8M6TTaJfTtLFPFGQTGiy5EZYLxjg4GPQ/1PwbwcsPkFDE1sC5zxNNVKlVxTqKDjGSirq+z1aerb0Z/nz40eIU804lxOAw2frDRwNSdChgoTlGjOpS0lNzpppTk42tLo91ytHmf7UvgfxCmnReINc0WCPWLOPZDqVjawxxXULSEBpXVFPmkEEAHkcHpmvzY1r7RPOs0kWUkBARCAfMQbQzqONxb5sYwC2eK/af43+Kn8ffDuOz1SxfTLy6uo45w0gIimRQA6KMbEkG0/KM7TgZOK/Eb4p6mPCfiW60NwUQTswliO4sCpyVBzjdyWb1YnO7ap/BvEDKKWC4hqSwqvSqOMuW2qbte6XW11qlbrsfrPgrnGPzfJY4fGqVTE0VGKm25uafKk023urK+mjv1ueo/Bu6lk1iS2njOBJG0aqBw6Ebmdic7W5xk4zk81+j/hu8VrSEqAfkVdoxlQGAJGME5GOeRwScjk/jh4N+KVr4X1hLtIzMSVWVTKSGh4y+SeDggN05PpgD9HPht8aPCmr2lpFE8UczxD5DKhdW/iG0kAk4/hGDwAB0r9b8K82wdHCfVKtSFKs5WUZzcW02rPtpqm3qls9z8y+kDwhnOJxDzHDZZXxFCNK0qkISkk1ZpyUb2srtuyWu+59Q3jj7NMCCoEZ2tn0HQ+3UZBzxwSPlPy18QNWC3llan/lpeR5I5Z4wwBJUkkAMMkbcd1BI495u/E+nzaXLdxK8ii3kEaFTtaTacRg+vAIPTGQMHk/AviL4gMfGsx1t2t47eQLawkAlWf5V35DbQoO5gM9znivtOLs4oYKlTg6itVdlK6sk3F3b63toml32Pw/wt4RzLMcwxdb6vJPDKTdNwak5NqCSi9d3fTSy1d9/cD8QtM8LJdXWqX62sR3RRGQnblQcupzkkkEcE/NkcHhvzP8AHWtHxJ4x1vUo7hpUu76WaK5bO+SIO2zOOfmBIGcZILfer1b4uamNZjSGG9M0MU7v5EJyjbssMYOAMZyMjng84B8FstLuLmSGKGJ3upZCqI/VgCMDGRkDIBGOmD3r8Cz3NHm1eNJe9TpSaptPV6RbSadtfLXdO60P7s8M+EsPwxga+Pqr2eJxkb14tKPKk4u2l/evZ2Xa+609C8FaPNdXkjvtiBRU8zbl39icHnBOQCCSTz1Nfqp+xF8L/D/iL40/DFPFGm3d/oC+JbGS+0+xhe4utQS3mSRbWOBI3eTz2RUwFYbSSSa+WfhJ8J20/RU1HxXAyXVzH9psYI33NJk4QuAeOCe2AcYr+mX/AIN+vgv4Y8VftW3WseI9Jt9UPhDwpd6xo8N1GJ7a11LcghuSjhk82NX4yPvZIxgmv2vwrq0MgyrOc7rYZV45fl9fEKm1y80oRXJrZcr5nHVefqfnHidmL4hzrKuHsFipUnmuMp4L20L6RqShCo7cur5OZ+a0vrp+6/7TX7V+i/sp/BvwnB4m8GSWEXxB8E6rpnw70A6fbRpoMVrYNb202pxhB5Z2Nv8AmIYdDyeP4HPjJ4zuvGXjHV75r1ru0vdYv76WC3LR2r3NzcyyyKkSbVMasduSvY5GDiv7Wv8Ag4WsVj+FfwruowI75TrsSSIcFLUj544x/ACMcDGRgDPAH8L7wrFPLcOjbfNmUEFjmQyMN5BPHRc9O54JJrtwdfn4Wo5jTjKnPOMRi62IlGU3FujiKkIRXNJvRO8paOUm21d2XzOY4WWF4rxWSe0U45HQwdDDv2cIztWw+HqVJS5IptydlZ7JcpQ1lbW104MqLBLE5MsijapBBwAoIzjP16YrwHX9QFxFJIshiDynacEtIFYjIx8xwegBzxkjg17DrkNxfSJZwJLeSFcmKJmZmc8qMDJIA2gcsuG64zSzfDBPD2lR+KvGIEdtGha10vfmSeYDcisrfNkcBgFAHTjFfkeeVYRr1HvKVlp39279UrbdtdD984UhiKuGpKSsorrfooXl2vZ6tX63vqfSH/BP34u/BD4Kax8Wda/aLt9R1PQPEXgW6sfC+kpJP9kvtWNu6QxXcK8bXdlKyEZQ9ODz+ZvjuKy8WeMda1Twtp0llpWqa7qE+laRDvkltraad2t4lRQXZfLKKMcnoQe/WeI7i41+SXUZFaC0B8qCyQ4SKNM7QFDKDtGCRnk47kEWfh9p2uaf4l0vXtNhj+2abcx3FossRmS4lidSqSRENlZcBCGUg8ZAUceDSy54upSiouUJyVmo8zSbV2raWd3rZP0sfTZjxDQyvC16sqtKNSjTnJe0koQbS91OTa0TVm35vbQ2/hT8INY1HxFpGhazaX2i3mv30On2zajaTwxqlyyILndMgCIgcMWHGD/DnB/r7/ZD/Zc8M/sufB2+k1XxPpNvNfPbX+peOLy6hGnqkcMdwLO23OVaVWOzcCzhugyFr441D4OL8S/2TrX4x+MPDtnb+OYbCOz8K2mhQR21zZ3axKP9KSFVlYyj50YqxQsD1Br4s+BniPxheeI9M8PfHbxl4qufhNpk8sd/4RuNTugst7krHG8ckgXbkFfUp8vav0fCYvB8JRVqSq150oqnUnaDgpKPNKd1fTZ2TaTsurP88PFTiKfjvgMxy2WbvKssyHMpRzPLoT9rUzD6vJqnOj7Nvmg1eyb5b6yWyMj/AIKU/tCeIf2gviVJ4b0TUbqbwn4XQW+kTwefJb6jJD+7lv4HAB2Sqv7sZ2jgpkV+WemeEfFeqXB0ixtNWun3O8rfYrpm4JJwShDEAg9Tkd+Bj+k3xbN+zxoWpi48OeCtHv8AQ7+KBYzM9tcXMC7RsgjckushGC4Yjq3JOK8N8RfECw0T+018C+F/DSPc5VSdMtTdWW0AkLMYuGAzuwSCepwRXxOb1FmmNlilWjKVa0lGKaa1TUUoySS13vppezs16vA3i3lvBmUYPhTI+GMTShgKcqFPE4qcY+1nG3NXnOSjz87vdp3atF6b/kv8P/g/Lp+teHovElvePp1zq9pPq1p9maK4jsY54zMzM4BUbQwGQAuOQNox/et8INS+FXh/9kvwnrMWqaX4S+HOk+GdPTTrp7e1ieb7LAjXBlkUBZJjIsgVCxL8jBr+VXVPB8XjPTv7c865XXYbP/SoYI47ZB5v3wSAEMZByFAyG5UnG2vuDwXrcmu/Ayz+DlzeeJ9c8O6RphvdQ0tLqWOOzuDI0rspL5VFGcJ8uec8Hj2OH8RLJqeJqunFzqQaU22uVxSapyd5Nxd3fWyutb2PyHxv4qj4gxy6OJr1aaw9arhsTgqE37OmsQ4J1lGE05TpRXuxV1JvfR3+RP8AgoB+0R8L/jD428WaR4N0rSb+0MZtY/EDRJA+oJBwZEiCgh8rwQucjORkGvxDTQ47DWUsrSGR0u51WZSQDHH5oLEAAYAGGBBAJBJ3Zr9k/ix+z/8As1atoV/deC/Eer6b4ztEdp7W/k/0aGQKfNUSSuBgOGOF+Zm4DAgV+XFr4EutV+Iun+FfDV82r+ILq/WwtLcSq3nXTTCJAS2FMTnB+XgknI7V+TZvWxGLzCvVnCEZVJt8tG3K+eSvbvfWNmnvbuz+iPBpZTw9wesDlWJzCODo4OVSrPGxknzOF51JSu1GCvJtK0VtY/WX4W/sa2HjT4TaP4l+GnijUbTxFdwIwtWDLFc3kMXmSRLOhzEithcsVySM881wWqaJ8Q/gpdj/AIWHBqLst2IxLnzIGkiwm5bosQZBgZAYcADI7es+BNC/ay/ZN8KWcniLRdVsfDl8rMkSQG6itndd6hEUN5YbJYMcAqwwTnnsNG+G/wAcv21JE0PRha3OkWUi3WoXdypgg06aZgW+2S7coxJwUByuTkZAr0csws6vJRpYOr9amo8qhH4uVL3pRi3d9dkvVJn4Vn2ZYzE55j5Zristx3Dk8Q28TGnD21ON1ZKcY+05pJK8XZOyd9WfMf8Aw1npHh/VXMTTX07lUZZo42+zMCvzISM/L0G3G7rnJBr1fwJ+1b4Hn8Q2P9q3MhW8voDfefCjNGHdd8sfylV2gjAwFHXBNU/ir/wSh+OHgLU/taWS67A8gJu/D7G9tII5ATukPXcvXaAcdcbtuPl7Uv2KfjZ4e1i4hHhTxDKGBe3vYrOb94chh5asnyqD95lIAIGfb6JwzzBWdbB1VFNW56UnTajZpNt6aXupLbTTRCqcO+Cue4N4elntPB4ydP328QqFX2zUF/y8t7qlfRJ3721X9K/wp8d/sq65pjWWt6n4LhhvLQXUeo3McJ1JZGiAeN2IzFIzEhQpUg4O04xX5Y/tEfFPwNpvjzX/AAt4MurFfCMlzI326e3iM11BGSzx205w8ioMhN2BjAXcDx478Cv2CP2k/G1zpsV9bS+G7bUn26dqOrXUkESICAzzxhuArZyWIIYEDgMTzP7cX7HHi79m7wnHq3ijx7ZeItaju1gt20m7Sa2RJsFopHDmRZUGAARtODnAzXVxHm2dVsppupl9PCYeMIt14JxlKPuJqb0lutHqn1Z8LwR4VcI4XjH6vh+Lf7a9vXVCFOnzzhTdWUZwpylGpKD5EtJpJptvZM/Nv9pTxjoOt+MLuPw7cR3aPCIXm8lIs4UjyyEAAMR+UtjsMkkEt8kz3UsCXDqq7kTcxbHzBQche+D3I5znkZ56PVYZLq/nulmcbJXaUsT5jMwG8g5I5brhunP04TV9Rd2MKIHO1oC7jHygfdyDg5AOTn7xHPcfik37eu5Ozbk+ZpNRtzRfKm23tfVX+61v9Q+Dsho5ZgcDgqc5Tp0aUKWrbb5XCyWrlypaJ6b2ucHqmrXt/dH78YlyqBRkIQMkliBjA6njHUniqwtpkUrM5LSLuZwwcfxZzuI2jvhcHqegJrZnghSJJo4yxC4kBbcC+RkgZzgngY4IJ4HGMu8uUZB5qKhSLKhMckk/KwAzjcozjI3dSMZHoU2oqKik0nZ9VyvkW/qrK99+6ufr2G9mlCFKCgopRbVvK+qv/Lb57s56ZXSYI0xfecqrEshUEhM4+X5T6HcMjBySTWkjjjkMnlszMzKecgtgDAJHIxzkddo6gEVrxR20wBcncQAFBKhGPUkHAAx0GD3ySMEZl4Y0eRGlO5fljPAVSR1GN3GdvXjAwcdK6abfRWTd76305e99fn0vrfX0qdoq1mraWtd3tHfTs9+vZ6FSJoYBLHGWE7oAVZQwXdknPXr/AHvz7ERwbhNEzygP5m1l69SpAG4E4yTn6dc1FGu0OZHUPjCnDN5mDnli3PH3c8j/AGjiqryLDKXJDIxG1ifnGOQAOTn5jgA+h75rolHmptdWtLWWrSV9Ndur63Z1RipXXVpWT0TSsu+t9Hsr2ezPrP4d2vhXTLLVNX12Xbdadbx3Nky8IZiCY0VSFJKsAOhU9zyKv3vxq8Tazdw6XaajPb6VGY45o4JGRpkDZUyBDkkDIGcADORkCvlqXX9Tlto7MMVilKRyImclF+6zNwAccYyMZA5Pyjb0GS4g1BTGGAO0y7lJJHylhhhg8E469GPIBNfB5rwxhMU6+Lxqhiqyu6Htoc8KK1tyxleN1dWdr3W76fn+ecK4HEzxWOx0aWLruP8As8K0VOFGK6whJcvPrdNpPSysfsF+yt4c0TxlrZ17xe6y6Rp9tNPbRzziKTzreHcJJWz86KyktnIPHGBy74t+Mot2raVoK+dazT3drHdxA7pVG8RxLjO5RkKDnJAVvlFfK/ws8Zazp+kyWOkLJtnV1Vyx3JGw/eJkZ+WUHAGTyCM8YP074Q8E634nsYLu+0yVLCFhM7BHV5WkJwYjtGWJB3FQeBkkCv5U4kwdLKM+xOb5jisO6FCcKeFwzkoQgouLiuW1m3ZKysnrrofxbxTlOFyfibFZ1m+Kw8sNhqsI4DBOahGmovmjem3bmlJXa2b1PhHxHpetaXGl1d6XJClwWRPNDBZGLY83a4B69yQOpAz18H1uC5iuriby2TLEMjEEruwSuTyoxwCAOMHnANfsB438GWv2Q23iqxey0m0s5bizuJLZGIONsbSykFtuQGKlgTjJG08/lF8UryxtfEN5b6bKl1bLPsWdIwsT5xtjzgggELk4yOCBX7f4dcU0s+pqFCg0qagnOKtG0uXZK/RLXttqf0X4VcZUeJfcw2Gt7OEOerFqVNJuKSTTas0m03utWui84tGFteee00auqh13qGy7fdj+bHGflJb1O3NZl9FeX1/KyMwkAZ5PLRthTAyF4OcLwQcFvcAmq17fxrIzyBTOoIUZ+Q4wQVHtx83UkAZ67el0nxLLDZPP9ltnXYUeV1UsXAYDAwWGBkZHdcnC1+2RhNJTjHm+9vpp3Vmr2Wmmq1ufv/sqtOKqRp8zfxW6JJXWraTWrT0Wm2xzsNhfN5cMSSHc20SeWV5I4UkAZOeQFOOecgGmXOg6naziOW1LPsV2dm42MRjOOhOD05Lfe5au2t/FuI4ZLeGM3ETeZIrIqxgZyCBjOemW5xlTxg45DWPEGoXuoTXMjbQSm1YFPl8cc4wpUdQAOTjAOAK66LqOyceVNrta2jjZPTe99v1OvCzrzlaUIwVlre900pWV30crtaWu9Xoz2D4UXl3beKfCUUjKka+IdOBROcgTrguDzgcAE54zk9q/oKsZPOcFSArW0ROWA+YxgEADB5BIAHfrmv51/hdczt4x8ImWUia48RWJ2lGXI89DxkHOSMngHJxwSK/oY0SYmKFQmZFRGds/eUR4GMkEYXtn9ev7R4XwSp5i2tG6bXzjpy9tl2V76Pr/ACT9JacaeYcOKV9Y17JpqLtOlppZ6bLTbdvU0GUQysqvhiBgYBP+6SOccYOMg8nIBrE1pd8Em0BWOQXDDHAy2B1CgHOcAYBxzWtPIqlsn58kFzyACzbQo6jjrgYPJ6gCuW1i5doiNg2AEk9Cctu5OBxg9AMH6ECvo+JlbDz9L2168t1q9LWe2tr2e1vmvC9P+0aK2UvZ3to/sO9+2i01vtufLXxKQsly29WjERVlz8zEdCFIOcHOMYUE5+Xv8qSK4uSpJCl8qFB/eFmYc56DH8IHTvyc/WnxFkU20ssgEe5TGDgfOB34GQeMkEgZOQM18ss266JYEjccHplieMDGeT74HTGMZ/B8c2qk9EtW/wAuVb6LS+qR/a2Bo81OlK2ijF66LaLi092mktFZebSPib4u7v8AhOr8SqXXy4to6MuFOMNuBOemDxk5B5rzePa8ZeNHK7sENkg9M7lwwIPBXoR1AO4V6T8Y13ePNSDyEjZEON24dSBgjGWGTgjaepI4J8+CPGpxlI2K4YEkYODtZCWAyAMgFiD6EHPiupZK61u9Fo+6ev4J6vzSPf5NIKSaUUld25lpFLW1lZfe09dWhjWb3VvJKqxho2AGQ3KqRyVGD9MkHBwQQDivbecrM20MNxAVeMepB6FfTjAOR1Fb1nqNtC5U5kRgGCMgADgZJ3DgDdk4IydwPQLWRekedIRtt43IYLHyCGznJGeigDBwvovoQqt2UlJLdNNK+199N3fe2+2ppFRS5WlZap27JWtfRfCne+qd9tBsUuQwz+7LgEAgkt36k4GCTgYAA6DitfTtUksZWEDsyMATgYLZOAMZGCoGWHAOdvc7ubdxFjYQA+AjHknOMtzjb6L688dKdHOsTHGG3bRtyw3EHJLYA28EKc9sgDn5uiUIzTTW9rdmtNtb6aLtq0ZVaEKsHF21slo7La3y12218rnuFjqsl1AjKqhNoiYlhuBbgnPGTuYgHoMHoMVxfiloor8CCYyyMi7wx3EdCep5P6jnuMipYatPGI4wA6FBJjGNjLyPmODjOOMYPHQ5BpXtrf3hk1ARNIV3Bs98ZwV9h6AHGOeOTxxp+yqe9aKfup6W6W26u/zu9mcWX5c6FeUqfw3V499tettbXe9n9+Tbsgn3uylBubbyCWODjnseOMduetN1i4t5zH5ZAk2YJUgEBcgA8YwcYzu59zWJJJIGZDksTkHuoB5B29jggjhs+mSKi25dTtO1TtBDE8ZycE43FvX256Ensp01zKXldWb+0/xvfrezei3Z7EpR9HfRP9U/Xz387C/608dAVV8rk5BxuHUnOeTnoeO9bGhkLfxqjFXQ8OwAAUMMj5j2Hfru+bnGRjIrqQAcZ3HIOehI5HHODu7fKc4zmpYp2gkDj/WbmIyCSB3IAJXBHLE+pAIzmta9PnpuEdLpt3s0tIqz00evRNu7s+r0oVFRnGdrtST+5LdvtfXfY9vvPED2kERQ7S0Cx7pGDEl+AwIU/KAeCR6HBGccDo/he78U6rJFE0nlmYvNcMDt4bJySO4+UAE+3BqbR7a/8Q31uoU+XGu0sQdiLySFxtG7aBgNwOMckbfctKhttNjFvYoFaIx+YEyDJIAC+4nAGSeVBwMfeONx+YxWIWV02qSTrTu77b2XM7XfS+l2u+tzfE46WJnaSva22mvKr6ab6bXfw6G74c8PaP4ft47G1CrPKF86fKsXx98ZbODkEDBx3J5BO/JDc2txDObYSW7K6JuDM7jJGHYfLk5ygJBIHp14C+1aZ3uGjhEcq5RGUEpGQMMGIJBLHIXAzznpzWnF4o1dbO2MjBolwjK6API6rlQOCRggEcAgA9+nwuLpY2vVlXVSMpVX78ZN3WqsoO0rLV30W1tjShUg0lJtOKT0vp8Kum09He9ra67m1qJmUTKLci2Gx5EBxJvJy27AODjJwRt6E9Cayra4nt1eWFSIN6lmdSWAbgcHOCBnk9cE81kHxHctf4lfeLgrvjVdwVtuM5ITO3kjdxnHyjiuunjWKza5tbiJoXhUz7lBBfjK7cABgGI6Egc8c1g6dXD/ALqcYN1fdUoq6v7t4/3bN3VmtTqox9pJtS0i9kk99XF626uyi1qQyC7t9PuNSV1kZwzRuzDciFSTuXACkkjGOAe5wTXORwpdW8FxNEyL80jyoQGkw2HCgNkE88AYKjOTwKurqsV5AI5C0eSIoolVvLfByx+UHb0Ocj6ZHAmjjFk6Gdw0LAtHDH9xR1I5yoxySW2L14B63Q56S9lJKMqjVkpK3vcuvdNb6eh0qKW0klFKL7Xum79e2i39CJrmC0ljZRi0dDF+8cFpBtG2MDA2kHODjIJIGK8+16W417V7HTXRl3sVSNCx2xBgQzjOSWBOM9B3PAL2stQ1vWprqOWWDR7KSQyM0hZRjk7F+YbjgNnjgk/xHO58PLFtT8Q6jqy3Mc0diHjiZwCcZONu7vwM+gJPzAc+xGjTy3D1sYpRc4UHO+9pTSUE3pd3s2rK+vUwrV5VkqabV5JW01Xut6XXM9tNNW33PYbGzTRbPTlQiPy4liSNQeGIAPmYwBnn0AwRnIr2mLUdPvNJtZpJds9lETMkWMNjjaTgFSw5Pr0ByMHxW5vVW1DSxEiPf5blTy44V1UkHaATuXnkAHd3l0APL5kDXEp+1ENmFjtVScHcgBwTjkNg5wcdBX5tj8I8bBYupUtKNR1HNN7JptSTdraPlad+hrQrSp2hFNuVtVonZRd2na7912tp0u1a/tGgeILSyWQNcNawXjHDOUdk2Z5zwRnjuTwpzyM9OvxBudLhNqt4L2K9kwRku4RSNqsTnYOyngdwQK8ig8HzM8U9wxFjITIoEjeaqqT1VgCCxIyD2Axngn0vTfAVjNFGZbgo86iO1YOPkL/L+8BPBCjOD6gncMKPj8fh8lg3UrT9o5Wu1FNpK19lu7PqtdL3Wno4fEYiMuSD5VdKyTTjFNJrlWmj2Vne5ZufFmnLbvc3FqYLl1JVyyje2cB3GcjaMKQByQODRba3pGr20KG3VLpGVkVCmJmYglmwAFU57jaSOAcE10A+GOnKYILiSOWVo3QM8hKLIdyls7sFSRnAYtxgjcBmQfD/AEfSEFuwkF9MwjBiYPGxzkFNrNjAIOT6nAJIx5NTF5NyqFGrV9ouVQUZSaS91rdLl0XRvZ77nbz4ttKTXKtU3JPfl/u2vt8+7Vzmr/SLS606Rrq18pn80RbNrRuSvykKM8gHg8gjn5gcV4VqfhHf5kMkcUaQuzqo4kKn245IIOR06ZXAz9C6jYXGnTQQyPcLbK4ESqpdvUuoBPByQMgDPb5sVymsXFoZpIZoNryIFa4cKGUnglgDnDAE8KMEf99erlGYYjDVP3VX2kZ9OZ6Wtd217rt6LZ4V6PtHecdU7N6Xd0m9l3TSdl1bs0r8V4DiisPFGg+RGZ2t9QskQxghomMiAh2GMMMcE8Ar24r+9f8A4Jpw3S/s16HEYT/ourfdbOR5sKyEggnAOc9c85BBFfwh+FNOMPi/RotOlBR9YsPMUY3AGdMs7E8lhwMNkAY5KkV/oEf8E2dNeb9nyzAjQNBqVrkZOGC2ULPjAONwI54DdumD+EfSQxXtcNkvK5OtOrUm7K75YRg9Xuk5Sva7VlbV6H9B+EbVLhzP3JOMI4jApJpWvLnS666parXofll+2P8AAZ/iD+154m8T+IdQn07TTpVhptq0O3cWmZVKKgIkcHLYKDduAJBPX2P4F/CLwR8MLjULHRptQ0u6Wa3S+nvHkae/t3VcLFuAZUeX5scZXGCTmva/2pNP0+9/akt0u1uIvsMGmXEdpbrgXLJKjb2yAp2AEkHrk9zkadze6HfeMhqUYW+uZ7uC2aNl8uKGOFQuCB8jSqQFJ5KnknjI/nTHcWZlicHhMtlWqPDQwtOHsleMWk1ZtRtdLu9bu2iav+k4PLaDqU8Wop1ajVRu7+1Z62d7XTst7a9df58P+C6GjyL4p+Er29wGg/su92lm3lMSl8fNn5iuCQBnPbivww8KmO6u7OAIzT24TzJCdmSzYXIBBPlnaTjGRjGDX7//APBdDTopvEXwjAZIw9ndFFBKqo80kqGXqMdMng5Br+f/AEz7PHqZMLfZ5IZ0VyzgBlVlGASR82VB/TABOP8AQLwhrSq+F+U06abn7CtZJqS/iNqzbei3Sflofy/4s03S4wxMrtR5aEnZppr2UbWTdtNLXS+d7nvlto0Nh5U090HmLEKoyykOASAOqnJwx4PB6jFenabfXOjWtrf2U6x3Wn3FveAoQNk0EiTQiME5BDKMtyc4715HZXjz3DSXUhEaIghcrlC642kdfqOhwOeMV6Pb7bi2hSExuyr5sryEhCmMAAZwCQQDxkHHXrXNiK9bC4mlKpN2p1HPWPK01OL0W26uurinrbQ/Oac1OsnGT02095O8Fr5cyb80m1of2N/AbxsPiz+zV4H8TifFzrvgGbTtSfcrGSex09oZ938QZpEyQemOh7fmf8B2j0jX/E9vA/lxza/qljJs43Rx3DswIwBgkcn1zj1HC/sJ/treEfAvw+0L4C+LZfsmq6pPqa6LrJdmsLWK6t5QbSRiSscjylQoBAJKnnBA1vh3L/Z8Wv6tHJI8k3jHXIIyoOJfOuJRHInHzK2chwWOCOhXFf0rwJjKOZ0lJzsvZ05VIqT0ajCKbWj1Tu01q+vU/RsyxFOplmAqUpxrTjCMKrT96MnCKtLo9G3rvrsnrT8e3f8Aa/i/V1gWM2tvcFcBfl2w8A7gB945/h4IxjuuDCGuJfIjRIUKKGkRQGVlwACxwCTzwD2Jxin+IZH066khYFb25uppbkqckFiSyMM+pzg9Pmzx12/CdrHcyJdTx7bOBWYMQxZ5SQBggDd82CCvQnHXIH7VDERhh0oTtGNNaP3VypJWukklo0r7u3Q/KMVhXUxTbg05VFzWSW7i7XtayX956u2230P4Q1FfAnhKOC8uIMa35jSvJLtYP5TCNMnB37sfKDxj3yfxK+If7JfxJ8XfGbWtSvWt7PRPFetTapFqZkDFbK4uBtIXBLMUJKgYDMMDkk1+gvxj+I9y/jLwp4Hs4UQWEVveSqMq8rzsMvKp27VxwAckA4xhwR6vfQnUfFHhqwKiS7E+mxRQo3yCN9pkV1H8Clep5B5Ax0+IlipUquIxUJaSU3Ftt6xs93e9m3aybemqParZdTxNHD0Jxv7OUbWe/MoKUXf0s/PXTVHwJ+0f/wAE6PDfwu8B+FNa8PeNJpdS1pIpLm0uY1Lzl1G9o1ALqoJJzwe/K5I+FLv9mnxzYCSbTb631CNYyqQg4kACgd+AD2J5/vZ7fuR+23NqUPjjw5pNwjRQWOgWwgtg/wAm94Uy6pkgA4545HB5r4wfzopolf5DKAJMDqGHGSBgYz1x+eK+t4ZxlTEYCnia83KU02pPTRy0929rJ7X1tqfE8TZZhqGNlh6NJU404xi0rPVKD6+fRpX1fc/LvVvBfxQ8Lxy3d9pGpiGKTCSQ75U4JPbI6AE7cLnODnpgD4jeItPCQXkU2QxDx3UTqVI4AJIGSADwSM5IAODX68a3bWsdisBZZI5VQRJMiSK395iWBIGMDngDq3GR5vf/AA08FazD9j1HRNOmnuAWa4S3RWIbGcOq5BBJyfoTmvpoynJ3jUcY6NX6vydlpslqla3z+LrZXStZxjJNpNL0jy6Wd2+y6W0stPzph+JIimSa4LIdqqht32hSx6EZAJ5DHBPHAyflrt9O+JsbzQK2ogKyjCykhAwOAS/y8g8nJxxke/0B4i/Zu+HlzIttZiXT7oguWRiY9oY9TuwN3JUEkgYGMV4x4l/ZU1XYi6FrcczOx2W0gKSHJOBuGDgkAjJOOTntTWKx1CX7upLo017u1nZLS/kku+9zxMVwzlWLSWJwVGfNpapTjd6Lqla6262vbzPYrPx7aQWFuLPXhcXskkRkt9wKx7s5KupJVQOA3Bzk45ArpdP+IN/aKXN0bnz8eW1vKJCPm7AkklQACNvGcDkEH4ik+DvxX8J3EqpZXE6qxJkt3aVNi8AnJJ7cAew2jArnft3jjRrlf7RsNWt5Ed/LeOOYIijJBI5A6bSwIDZ+XGSK7sJxbn2CklTr1d1pNtxtdb7t+jXVdz4/NfCHhDNIydbL8PC7V3TjG99LXcV0av0Wl+yP05tfiUN8aNPNFLsB2zK6qoGDjPRskntg9eS1dhpvxbvLW4imtL6aBlAxJaXckJUqdxYBHX5gQAMggccV+YNl8cNdtfKh1NoZBCxESXEI8x1UEbXbGc5Hp0HY5x1mn/GjT5p45tRsxBEVzutJNoXd0JB2ckDPK4IOAAMmvr8B4mZnSlGOJftI2XPG7i5WSvdO19dLOVultLH5jnP0ashxPNUy+sqMnbki4fDorKy130e+q6rb9ovh/wDttfGPwRNbt4Z+JfiKyeJxthu9QuJ7faFGPleTbtPYAdsEZAJ+8/AX/BYX4/eGoIItYuNI8VQxeXvkmURzvgjIYx8l2UDuepAPAz/MwPippV1Is2l6sqJEo/c3S4DuxxtDgdeSAckHC5Yda7rS/HmpKollQN8olja2lEiiNhkNsznPPTGeR2r6Ohx7kuYuKzLLcPUckk1OlDm1s0+ZWb03s9XbW12fmuY+BPGWQ8zyTO8dCMGnFUa9RReqsnBvlaaVvhfRdz+wLwZ/wWU8FayltF8QfAYihljAne3RZ49+Cp2pKp43bsKcjGBwATXuVr+1Z+wN8Z4li8T6R4Ysby5Xbs1HTYIpQzjkNKIx8x3HLFs9B1xX8Z+k/FcPH8s0q7RhhOhRA2Pm5ZSPbgrg5zgjj0K2+JFu6R5cNcbQyFJgpOTnLFWGOu4kg8E98Y+jwNThHGctXCTxOAq2VpYTFzhZ+60+RycVu1bazs9Ln51nWA8Ssq/c5thMNnOHimnHMsvpVZSimrt1IwhK6W7vbRvQ/rd1n9jr9hP4uQvL4V1bQtMub1SyvpWr28bq0oyv7jzV6/KMbec4GDyfnfxX/wAEcvD1+XuPh58RyAQ8kMN2I5oyCGKhmQsGHGNxJ6k54AP88/h34wa3o0qXGleJNV0yeNlbEF/NGdxPVAsh4HIHoenpX1V8Pf25Pjp4QdG0j4m6rJFDtxFe3b3CkDACMsjsMcdg2S3fkH3aeHx0ox+pcRqpBWcKWY0oVtLqyco+8lst7vXTt8TWxORwlfOeA5UqjXvVsqr1cM0/dSlGm3y3vfR6LTtY+ufG/wDwSf8A2kPCqXVxpFjpniu1XeYo7QrHIQDxhXI5IBPDAE4IwMEfHfjr9lT41+CWEXij4b+IbOJAQ80Gny3MQVfvYeFHIUE4yT03H1r7s8Cf8Fdvjroawrr1vpPiW0RUDCQiGR1yoOQhDEtnuATwK+vvCH/BYT4S+IIks/iX8P57XzAi3EkMUV7boM4kBWZPunJz69B6VjVo5tTv9cyvKs0hLaphKqpVWtLe5U05u+iuXh1w9VcP7Kz3O+H6tlyUcxoOvRhKy3qUrtWsld621sfzrXHgiWCS4t5baS1njcqI7q3e3kiwSMsjBORg5yAVAyRyK4248ExTTXCIlzHLkZlSUsjEgKTgDBHc9jjB54H9VafGH/gm98f4jBqdj4W0vULv5pJJLSLTLpXddp3SRJFz83GDjPGQMGuK13/gnN+yR8SFkvPhr8TLPRJpVZoYIb61uonMgOxQHlLBRlc/K2BxgCvNrYbh2ul9fyfMMrkrJzlhJ1abfuvWpQ5tFa21vTY9elX4/wAI1LKOKsmzmnF2VKnj4YfENPlaTpYl02pJK2jXbqfy7/8ACETR288f2xCkY8tkliiJJLfKSSNz4PUcnJxkVxVz4LcXyySabpkrK6qH8pFeRVLfN905Lce3I45zX9GHi7/gjt8QLQef4M8b+H/Edtl2jjnxHLIpOY0LJkAqvA57Z65z8v8AjP8A4JrftGeF5Ar/AA6fV7WJmLXemukxOOyqCzFWHIzz0GBnnilw5wzi1/smZYVc2ihUmqcle2jjUs09dW9dXd7nrYfxG8SMqlF4/KMxrRgo/vKNOdemlZN2lR9pFxavZ3tZ9tT8gdR8HWV5pN9ZRaaLW9kRljuUhXZGpC7nDAZwDk7cgY4HfPlWm/BfxLpBa7sLgXEruJYpFZgYwCCx8v7q7RkdDjg4wMH9U9Z/Zy+IvhCW7g17wL4m0yOPKvMdJu5o1AJOC3lFcLtPIbHOc8Vw0/heCzRYZo3sp+UKTWhiJBJK5RwCCGByCMkZC9WrxsZ4dSm5VMO6Nena6dOUZJ2sknyu13tu9Vt0Pusk+kQqTjh81pY3B1vtOrSnBqV4raUYu3y18uvxzoGg/EvRM3mm+KtQs5kiBVLW7kiKMOGYBHAyvHK4OeD2x6doX7Vn7T/wv1qwj0j4jeIp1g8thHLfzyxOiNgA7pGDDcCODnvnGRXsbaCIFuI9kUqKMiYIqtgjJyoIOGxx3ByPevFvEXhia41JblI0iQO2xliJZAP4GJVSN2DtIx6cAYPweb+Gkaqk6uV05p6XlRhPRcuzcX5trdPXTY/cOHvpHZVBUI0M/q0JRcbx+sSVpJL3eWVtb6rTr6n3p4A/4LO/tFeGpIrTxRaWXiG3t4RDMup2cckLYH3jIEdmY5JYc7iePWvaNL/4LReB9QuJ7b4gfCqwvLi44+06FGYtpclmLK68lQS2BgDjNfkXc6S8SvHcWEMyOwUmKOMuV6s21tpUkHPoOvHWuJ1fwFo93LcTQR3NhKwP74xcDKgZVTnbjg8HnjJPGfy7MfBnJcVV5sVk/LFKTbhFwb2von0XdWv07fuGU/SaxEIUvqXEdOo3yx5ak1JvlcO3no39599/t0ftk/CT43+DPDGnfCKyvLC5S5a+1zTtQgLLayKFIZGxyyMCBjkYGc4IP1R+yv4c8KfFL4VeE5NU+JHg248RXVqlodJvrq1ttQsJUULHHMszq4OAOhHAbGOK/C+DwJc2BG3V43adNqPIqAtuLErJuJODnqMkHqQfmp9p4c8SeG79rnTb64inYFop9NvriBomGPmBjbK7Wye2M/UHmzbwxy+OSUMty2WJwToSnKlNXfJKdviWl99G3prqtT6vJPHipXzerj8b9UzH6xCEKtKc0k7KFpKzdnv0dk9Uj+ob/hhu71azluVtdE1MMmY7nT545BO2CQUaMsrYJyMMOuehIPjXi79hu/0e2N61nfWZDuWHlG5UFSRgqhJXvgkAnhSAScfjb8Lv2tP2nPhBdRS6H458TzCzfzLa1vrybUrH5VBKmO6dkw38QIbPbrz97fD/AP4LafGjw9bxQfE3wB4b8YWyyBZJnhNlcug+VgBHDtZuCPmJyw/L8Zx/h/4iZO51MszGjmFFO8aVSUo1Wk7pNPS9nb4mr2Su7H7Llvib4aZ4408zyp4CvK0XWgk6ak+W9nDXTTVxSs1be5meKPgdcWWp/Y7WUefEzKDcRvamOQZ+8rKofB6YGDgnpwfm/wAW/AXxHearezRzQTt8qNEjhC7AZG3nB5HOex49K+9db/4Kyfsr/FGxEXi34N6r4R1aSYG81TT4o3iiB+UuCAHKAYcEDnqAWAx3/wANviP+xJ8ciItK+J+k+D9RtgrgazMbN7okrjeZysYlHQgnkkFxjg6YLM+J8upJZpk2JhOD9+dKnKdOTur2lG9+6ey23WvZjMn4IzeT/snOsK4vWNOpVjCaVoppqXK732eysrH4/wCp/B3xTpyKG0mffbrud0fjkYRs4JY9G4PGCc9zz8/gDxfa2DStpF3MnmElQjvs67uFBZcnOBg56cn5a/bn42fCrwT4Fj0XUvB3xN8F+NbTxAVa1tYNUsJbnzAoxHJ5MzRxR7zjLnnHOQQK+dfFcnirw34d1C+1DwCl5ElnLLNe6FLBepAg4R5ltycDZk4A6jg4NfQYbP683CU6Lg5SScJQaktrNp9eV228tkz5TE8D4JKoqWLg+VOSlBwnpo46xbta1uZ2ve9rWPwO+Nr3lnqnheKUtbSQa5AGidSWjk8zbtK4+UgkL25J645/Qjwgl7Lo1nF5MsrPp8ckbP0RHhBY4OMK7YwDkr15Arxuz8C+DvjN8XtO0PxFqElnbT6vHd3EwjWI2cmQyQSOcLGynaG3dMnkciv1R0X9nW00WGSOx1ZbyC3RbeKSAxXW+2SP5FAj3MCFBLtge2Qee/Oc4hho0JVKc480U20rqN1Fatq3W6tfZ36Hk5RwvjcXGtHCuFRUpONlKKlL0Tbu9Om+ltFp8DW0b28u2VUBaUqVy2W+bLDHA4wQGweT16iu6l1SW1sPs9naRqG3HzAAcHaOQ3TJ7Dr9O3beM/AWoaNrE5TSpprGNpWSc20ijgkFsbcDAxgg8EdR0ri5dJvJLSPMb2wd2ZUCsCRyCWIAweMkDk4bJPNc2GxtDEwjOM4tOKaSdtbJdU1+t7LXc48ZleMy2pKFahUjOMr3aad1yXtdNW8u2iaPPZZ5ZxdvI42rCFOBkFgwVg2QOuencBSO9egeFdLhbyDLIjb7dSQ5ChBzkA4yT14+Yd2zzXLahpVwkMyKg2L5e9lJJLvnkAADbuyQRknHOMg1etlvLSJFi81mRYyAVbGzaepAKgbsDCkYABPU59jC1oKEm5K92k216XWqaStZaNNybvrp81j41ZVIOUJJtpta2dkr9btb6bW6LY7vUtG0i4u5bdxDKHQYbK5BA+XAXIJDYxyQByO1eZ+I7TTtOhKW23KywmQOMsDuGcMDk5UHrxjIwMDFqa/1BpDIysMSEMwADKCDk4LbjzkDBA5BOCNtef8AiLUibS5ZvNlzMBghgRtPy4GAeM+p7DNdcqcqkfdndSV9W1dO2iWqdnpZWSVn1uuKTTqwb2i/TXTuul9Gu7vsc18YdYt1GkLbTgwPe6REyBgG3GRVZlA+YgdeQcdvmya+qvEyRL4Z0eKNwpeK1Lh8Aj9zGcYPPXuBwM7hjOfzd8Z6vJqOt6FGS21vEemRRBiSwEco37c9OMjA6ZGM5Jr9C/F0+dD0xogNii2Us7DapSGMEKABtyR7Lkjtkn5rFUKtHE0IqTsqjur+98S0Wt3pbS/TysfQU6cZYaq1Hm91Lp/Mnr6rf12OeSyhRwvn+WgjLD5lxkg7u+cHAOCuCeMHrVCe3ZXSWFxtQFFIG8MSSC2QcAYyeOo+9xjOeboSoXV13kFfLyQoUEckZyQAOM5Jxz6m/LcLDDbhJcjcHUAgkseowSCMbR97AyeuBuHvUJVIpJ3utnfZLl3utlvZN72tu14eJor2Tly2S+FxWt1bVdOz30vv0M/VGjtIpiOJHjjLSq+znBzwMFTk4wAOgOMnNeb3/ibVLF1ihuo7m2VAGiuFWQFmLEAsTkc9SSc5JGOQOz1ab7dGVAI8w/LnjCKQcgLjknORj2715xq+m4l3IRGWQBEwGDEYA7HhQCTnr065r06EdJe81dp31d9rdXvfZWt+JhQqPkimr6xTvGz1V21pryu2urd7XuWJ/Hvh0RNFr2nXWnkRMGurF2aJcgY3r0y2RkY+XjkdT33hu50XWNLSHQdbsb0ECRIJ2WKcMfvE+ayFiFOPlByOK+cvFunJBpd8ZmZxIIsOpwqksABgkDkn7w4A69jWvpmjWsOmaddJsimFvAokgLRuSyq28shU5wwHHJwM/LXq4fFThG2rVtn01V1a6v5au611XvL0I0IShfSWivZabJ6J631873T817+lrqeizzahZXWo6VcMyqstpNKgLA7WdJI3AIOegOMEe1e1+Ev2l/ij4SigsNYlsPGvhuNdkuma/At5lDhSollRpFYK3GGyCM8Yr5A07xN4t0USJa6mmoWmBm0v1E+ecbQzZYYAOMYPOceuvH8RNIucw67o91pchH/H1YEywM6gHeyk5GXJJ2qdvzfLxx2rFydONmvdTXK22tUnZJ6/c+3cVKEIvl1Wqu03ZfDqnvsrNLs/NH23PrfwD+L5eOXTG+G3ieYsVuEDPpUszgscKRlELggDgdvmAFeJ+OPgf4y8HRTXtnYv4k0WTM8OsaOfPiaEnKySCLLKApBIbGACSAM487sp7HUokfS9Ssb/AHKQImdYLpc4YYV8MWU4BAz90EHHT0r4ffEzx14BuWltL+4u7EN5c2j6sz3FlPESQY1SXcm3aWAz0ByMcY0pTwlaKjUpqMrr3k1e7s23Hey72vozvo43E0OZRm6kE1aN7WTS0u+q89E9L6nz1Ibq3uYsFmZS3nQvu3hxnhkIJypyAAM4HQkivUdA18x+V5tsuQUWZSCoCKRhjgfKe5A7dD0x9f2Fj8BfjoxW5hg+GfjyUYinUD+y727YfMdpKrGrsOTycHrngebfET9nT4g/C+3mu7zSzr+hXCma013SY3ubN4+ql3hDeXx85ZgBweoox+XSjQVSg1WpNJ80Xdq1r3jvs9badbHpYDPYVansqr9lUWns53XM9NYPRcr7rpurmBL4s0KS12aja7d0RWExEHAAKgELyTjpjpnkHv49rN1pUl0bqxmuERVG5O4B/gI5APf5gQMDJIGar6hMzW5KSqJ0G1IQBmNwMEdMAhc5xyBuyAOuRaQ7klkY5kGGfDAoACQSwLct17cdsDbjyoYVezV/dt7z301T36O+u3k31PfqY51IcnMn2fqo6p+qvpa76bg7RRl2juGkaVd67gflBI6jHysecYwAOMcYq2JWhtwm5Q86b2clsKMYwDtyGIIAxznjkZzQEUkUlxNtRY5htVQAxJ7FcAg5+8D0AHc80Xk5js9sqeYXQBflIKqpG7OBwwB6DJOOMmuh0aaS5baN9L3SkvnG61TfXT08+pUbs3qltaUtNVa63vvZbbdVd4OoX6gyM0zkIfLRdhICrk5C4PynuwJ+9hetSWcayQPJPIpEwWSMrIdqZIGNgIy3v1BHGO9W6EEkcFusDt5qsWcffHyn1P3ckdTjBAAPJq9YWczRW0ccR8reRIFbc45PBJzg8dCD0bj025IqNuVNtW01T21u7d1fe9rNb2FJu3NfRd7pax0u77evTW3XqbNIYbYRqRI8yKu0sCAwxtTJPygY5yf51Fc29k9xBHeIVZmIIjJCr3ViT/COCQMAduxqvAnkyOu/am9edhYrjbwM4yxJwOQORznrJc3M80sIW1MgR9rsEO5if4mYAgY6cn1AOWGE3yU7qKjbqrt6cq05VpeV3H8V3xru1JtLVK3La6eyeqs9dG3rvpZXt1K6P4fFoWeWRJfL3ddyyFT1GSQF68EAEAEAd+L1fRbZoXmMkKxbXNu+SCCMYDIGwSx3EgLx0IByBYub6a3MchaOGIqAyNg7AM8kHjdnPU8ZDZ61wOta1eu4ht5Fe3Us+QABjrgE/wAXYD3wp7VyKUruzb5leMd9Vytb/ZXotkn0R8zOtNylFpqz00ejbj3asrPe26100Lmm26ySOqzIgjIRicIG+ZgWHIJ+9jg9MYrstN0h0LSo6suQ0SlixbHH3T8rc+hOO+cEV5TY6rcyyzCKJFwuQ4BUswyGHP3s46evNegaPq17JBFFDE0pXCMzIR5Yb0IBA6kdcAd+Djnn7rVr9723tppq976NfgiaabfNfZqz+1pZbav0avZrs2besx+YvkyRqG8s7mYKGYkYK9B16cZxnGD0rgJtPihncwlkYoQYycs3GdoyTgdcHkjnnOMdJrFz5ZVZzIkseWYu3yEnoA3HPI6cHLDtiq+kxW13eOsryGSULiXqqnGOqk8AHHGRwRwK2w6bbvdv3beW173T6J/Oz8j0ItzaT0ba5lvurvXS1rNNbLzVyrZR30pSO2icgqMswyYwOCQRkjjORx1xzxXWWfhzVbuNpLmEyxovyl8xu2DkbAQCzfhkAkgjg11ejaHHpsomiuoxGYsuzHezscY+Rsnr+AJzg9a9FhIWx+VUmZVcgkKAysuRgEkhsZznjnGTivStdJRutN9uivdJNpXvrZebR308OuVSdlez0e+13e3TR21e+q1t4z/Yq26xSzQXMSDIAB4HU7iBz1BJ4+UfLgc1T1bWLXR9GuNSnumt4LRXcJKg/eE5xt4GcnGcBiPx49G1fWE0+2uGupolSCJnkMqBQkbdRnAy+ODjp1zwMfG3iDXdR+JviYaNpCtFoFpcgTyRl/IlVWIbO0bSSeme/ruBq1C6tbeystbu0V0urJr8NdXpvBcrsm2ttNeZ2iut0r9Nbq9kbXgvR7L4neKX8Q+LLiaPTbOZDaREuIpY42AVcHJHyqpJAOQcV9nafpHg8wvFp14beGGMCCEyKoXA2qwDMCc4HIyRkZ65HkWi6FpehWMFqoRYYIwB5QZhI2z+IdgT91gP4sjPBra8nSSiz7ZYUyAVSTnuQMEgkE56DAOeMjKzKim7t2acZSS3dmk+ZbqKbVtr3Xk330qzjHpe12rKzWl35K7vd79nc3taS5twfsGom7CphkLKuzDHOSuCTwNuMj0PJFc4moKsKJdwbpsEl0DhskFSWIJycEAnGD0GMgipJYWvnPKt7JBC5GCXdmHQrlSQpU45+7jkf3a3rKPTxE8ct+n7sN++cKzOGxkbdxcnJX5foTkdXGLi00tXFJtq97Ne8v8Agvlv9w+dTabvZ8qWzd7xd0r36LV2WjurOzhCabeWrIdQeABNw/d7SOQCM4GW6ggE98jPB4TUI7i0ndopWMYf5JJEL7w3dcZxknPUDrgZOa6m808PIGW482MOhEcChX28ElCPvA9wc5Oc54rN1GJomYb5PKYKfKZCxyMYBYfdOM5XccknpwBdO0Iubd7NX5nd2v0u7Lvayu7a6kqreXurrFa/ErW87JabbbXWrM/S9Q1+FTLHDJdKWKIhiLqoJIIUKCQo/izxkevJ6O31iRX8u/05VdUbe6qBKqnr8pOVHYdTnGecEdL8O/Etl4evZJrzTYriCUgEysWCM3ONrLkjqT0GO2ScdH4vvtP13/SbTTbG3BkG4Wyqk5UE5ZgApz34yM9wOKipNuUeVNpRTdldrWKvtdK7tdvZbXSR2qXLFWldpXatdq7jdJ2XJ2aTXkeWz3OhXkxRIpobgAASlWKsORnA43AjPy8dAM44dHb3Vk7y2l40wA3KoQKu9QdoJfjOOnQ/Q9HXmi2yhpLe4ltnO0rwXOc8gNyMdM+wHy4xiVU1WC2eBXtbuNlLqHKiTIB+bj0bpkc/zSWqWzvdqys9U9rpt+bXVaoULNOW0m9YxSt0UVa6et0lJrW6d9bvyLxv46kvJBomrRN5xcLED90c8EsqnJ6Y6knBAO2neGoBAqiOTaDGCIpFORlc9WGRkHkAjjhvWvL/ABzYawviWG8kjdHkmQA7jIjDeAcLu6gnGcZB5xkAj6R8MaV/aek25e2Q3EagSS/KpK7QMKynlh9DzgH5tpHHjajSi1p1sr3albW6a0V1ZWdu3f5rH53UweJdNpWaUr3SbTtZXWqSXe/y68peANtESkyhzuIbKhR1bjj6DjOOhGNvGapdy20rSMZRFtOTuLMGHQjkKwHGefrjIz6NqWjpaTEIZICFI2H+InAyTk8HjkL6Ak458/vrKXzpUkX7SrgsCH3BTkcEgcYJyRnkDPQg1wxxE1a0k78raevSOr9Urd7La9iMPnntkpadE7uybsld2Wqb6tde5458SPH13pmjtbx5jmlYRLtO0lG43gD++Dzjrznjiug+Bmk3ksD6jdzP+/LFFmPzHcC2TnIIYngYx+mPF/jBZP8A8JRodm5dYpyreW3yqDvyCT8uRnKnqCP4jgEfV/gy1+x6PaQQRDzBHFwmVHyqH64IBGTxg5xyCeK+2Uo/2Fh2re1nNNp7rS6T6papLtbyudGXYqeKzKc2m4UUldOLV/d000s9X011ex7PaaOklkwkU+eGDEIQEIwSuRnHIzweAzVg3ljdqJSkZiQOEYBnL7egdSf4MjPfOPwN201icxCKYtHtAPyLkgKwCowGM89TwMdCRzW22qxuqGORCuzZK0iHKkgDoAcFSec9Dg47Dx6dO9nJ6pK7S95rSL0bvon0fzSPoK+IpSceT4kkrK17WSu+qtfV363T74OkrNGryO7HDlVYr/rBwMYK5A4PCgnnJJromvpwjbiQi4XyxvXzFJ4IHXgkdCTxwcYzradsjkhzFDcqcA8gZDAnJONoAGR/Cc557nbmt7S9Ty/s0SsvyGU7VPqBhcgA7e+M8Y4BrZxSTet09LX3VlZ+9v13eiu9NppPnWkXG1rR116La/M73jo+l2+2Np1zdq6XCSsgQhlRHbEigdcE46dSfmPzHAPJ9J0/xlq9uIdogvIoz+8Q4VgvTJJ+uRjJyPTiuQtdHjkMZV4wgBQxKT977uR2YH5uQO2DzzXqei+BtPn0u4u76dLWKBPMmlVwBsRd7M5PCqijLdAT9KzqRUE5X0UU3f7Vns7bptLW6W1mzrp0JS3S0d3Jysre7r0TTt1t1Wl2jcPxF8PaZot/4l8URDSbPTbeR87gn2hkXKwRLkbmdht4IyMcDFfKXwc8A67+21+0Dpra3MLfwNpuoRvHZXMxiiGnxS5igiBK7ri4KgOwGVDHuFz5Z8RNfv8A4xeOI/C+iz3A8BeG7wQXs0RZYrt4ZCrsWTAbdtKrkgfMCMk8/ZPwG0i2+G2vW2vadqJ0OKCe1/saFjhbmSIqd0gXltx5JbIJOTX4b4sca1MoyjGYPK68KOPqUpwp1XKzjOSS0s7KSdlHR2bva9ke7w9leHxuZUZYhKeFjP34payaceaLbTjy7J6dfVnr/wC3B+yZo/wq0fTdd8IW9rBa2ySWlzpCv5rWttDEwE6scHDAKSD/ABEcgbiPxu8KW/mveQDyzLLqB8tz2y5OMdQMdSSMYOcEHP7WftA/HiPVfB3il/F+s2Woa1qNtPZWOnNGCIkmiZUlUEcO2RgqvJx+H5ReBvCUkN5pMs+nmabVpilrDEcyyXFzOI4AkZ64LgjgkjscGvhPCbPs4xXDtSfEVV1MTTrVI06lSfNKVJuLjzSVk20272jpp0N+NsgwtfMcPRyeirVKd6kYx0i24wtdXSb1eln80fTvwo/Zo8c/Eb4W/Fv4p2OisPCHwv0QzXeoXCui3l/cMAkFk5AWd1QkuVJABKlR0q9/wT++DFp8X/2i/hv4X1BD/ZdhftrerwRxmZBBZOboCUYYKrNCqHJGVJGGyQf1cn+NHg34JfsT+Kf2aJtMji8feJ/D6/Y7COFoZbq61NBdS3d5KUDOLVQYwxBVTwGBIA+Of+Cbviu9+APxA8SfEyTw99vlstGn0q3XUIfLikvrpiVkhZ0zLHGxIZlyNpIJB4H12Y46c8lzKVGo74qEqdGVuWUZVLU7JJ3dr3Vnq22jxst4TnSzrL6VSH8GcZ1ZO3K1Bxetum0Vu+qWp9J/8FMdM8Haf+0X4RvbDSNK0uSTwxbWUq2VrFb3EqwoIYDLFtAQbFJBIXP1XNUvhZ8GbJdGtPFWpQJfNLAkunxRtGyoHAK71BMbOQfmBU7ucgAYHz7+0l4q8XfHj4ian4x1q0XUtcvHuLOI6asn2fSraMk2iRSKoVRHGx+bhw3HUbT8kePP2vvH/wAEvDulfDLw7rQudVgMkl3JOjTXdksgKpFEJFLMwY4RX4BIIwcV4fDvD06WXYalUrOpXhBLm3k25Rlrppypu6V9d7tXP1TF5jhsLX5PYr2aSStZ6x5Ytt2ejeuia030sfcP7WfxU+HPwd8EXDeIpbPWfE93HNb6L4QgMbTiSZT5U94kZJjhjfawDYDEDBNfgLrieLPiPrB1/XriTddSM1hYMxS2060DZiSOMnCrHHgDA+dhkHk56671HxH438Rz+LPHuqXGs6vqE5aGLUJ3mZFBLoX3kiJEGAsa/LhegwK66OC3SVVXdOwULIsXQkZ2opHyog6NtOMD+IHNfpvDvD7Ukkp1Kk5JJ6u93ddN99ErdH0Pms44ho06UqspwoUqcW25PltGOvM9U/VNNWet7HDafpcGixxWlvAl1dSYeVyd7TEEYLM3yqq8nI4PGM17l8HfgR8T/j14003wV8PvDuoeINX1K4ijjitYXazsYmdQ1xfTKnlwRQgkkyMuVGASSMfaP7G3/BPb4pftY+IIbvS9Lk8OfD6wlWXxF4z1KBrexS2DBpYNNkkVUnnEYKkhtg+ZnccV+r/xi/aa/Zs/4JlfD27+GP7PthoviH4oiyaz1nxZsgnmtrzyxHJNcX37x3l3sxFvG7IhGSMjI/o3hbg/DYaCxWYKnXxMKfPTwkpqFKjG0ZRrY2q9KVNaNQsqk3ta91/Fniz4+ewn/YfDDrVqtWp7CpjKEHUdWbaj7HA04tSxFZu6ckvZUr3qNP3R3wv/AGV/2XP+CbHgiD4pftF6zo/jf40CzS603w3IYLyLT77y98dvZ2Ls53xybVNxKvy4yrda/H/9sr/gpH8Yv2nPFFxofhq5utI8KW8slvpvh/SXMWnWdmpKJJqJUrHIREAdrfKoUgds/FfxZ+PfxH/aL8Vax4x8f+L7uHTJZprjU9e1W8dLaC3J3GCxjkOxEVQERYhzwAdwyPzV+Nn7VdlpdnqngL4NSPBbOz2mreLTuF5qJGVka2fBaKJhuO5GVsEHghaOIuOKOXRlQyqosVjlF0njIpRo4WFoqVLBQV1RitVzte0lu2r2Pz/g3wezfi3FRz/jrnw+X1KscTSyipN1K+Ll7soVMxqNJ1Zu6apWVKC91R0ufQ/xI+P/AIN+E63Dm8h8ZfEe4Vg26VZ7TSrh8hjIRlCUYg7RxxjHGR88a9oUvxy8JSeLvFms3NxrIeW5jTeUtLNDloo4Yz8qIoGMKBjHpkn4GimvL27le4llu7meQtNPO0k00krNk7i+4nLZLbjznJGMkfUmmeOrvRPDVlo6SJIZLfyJogQpVdpOQNoJbBGVGD/T8dq42pi6s6+IqupVk23zu95ScW9U3o2tNNbNtaH9T4XLsBleFpYPA4WlhcPShGnSp0IRilFKMUrJaJNR2XW3mfNniPwqdD1G+gW8S6ijVirEjD88BTxkqM5z1xkniuIjF3dLMiMgSJSB1wFPGFzyclugzjnkZBPZ+M9Sur+/mkhCG2ilPyqRuCNglXGM8sSc9SefXPIW+qwQT7/IJYKDIyhmC4GQVGcYwB07E55Ary5TnK7itvhv2urNeXZ3avr5P0Y2cVfR67XS15b212u313StbQpy2yPbxboZPMjJLso25AyN2w/MADnrxjJHBGa0U1vDMfNhEkBZVwuNwDEbjkAfNg5yPr2IrZ1DXFvIAvlJGXYo0iACQrgAbhgKQ2MADocAbeAOeKRmQBdoTKkFhhsnIwF4yO4GBjHPbKipNO+7tbTW1ktd7v1t27DaVvdb6JNapbdNna+vlr2O5SDRJoGBjMDKhMZUjc+4ZyxGM4BwR9RzyDiajaxPbqbQqwhY5fGzIVclSBgk5+6QcdM8k4yJYJ413je4JwOSAuOeAD0I7889+QwmhuiHSLczHjKNkbt3VG7EknnknHXOcHD2Uua6fMm7b20uu2v3Na36AuaL3srWWutm1bovz1Xd7zW+u6hGqQNKjwxjMcbDdtYYGCM5GeB15wcEZ5gnvRfXAklhC7xtKoCCTxlifUexzj9aU0MrXUmI9jM/RBuzkHAIGcduAeoGehNbFroeqS2zyxWdzIkZzLIkbYjQ8tlsAHPUntk4IFdG2nR9H02VrPXol+GzQuZpxu/v8knfVJ+SW2+zuiuloXVuG8tS23JG4MM/Mc4ypB5A/ImoEDBWIcAgMCM5C+i8YHT24Hb1ddXE6J5CAKEc7h/EAQDgkYyR1zk54yOeEtrea5ZUhgkYsU3FVLHccYDAjJzkYJ6+56aQbvf3U7bN9nHbu392/YppSd9Fppo1tbRW220fz7lRZZFwytycqQdxxwcHAGQcE8d88Hrn0HwvazSXVrcPlo9yk8Fmyr/eIHBCkHB44HAwM10ukfCXUdWikuSzRSJErmIxkZjKq2N2AA3BOM5OT8tdhoXhi50SUo6MQg2qXwQzHkLnPLDJ4Oec4JxzCqRUop2k01e1ns0/x66u/wBxnKm5JWfTv6Lbmt0d+90k9Ue6eHtQi+xwo+wSBVUFAFyuMAHPAOMHIUHJbtwOzSUEpvclk2srEkZB5IJXjd7g8gYB6GvHre5kiZUWNYy2C3VQQMZAI6HA59SAOvTr4NW8peZCVO0iMgE9Pc5YA8MDnPB4AIr28NWVoR0VmtXdLp0bWltdtN0panNJOKTVtGtE72tyt9rXVut903qey6H421XTo/stw8ep6UzP5tjfKZl2hsMYydxB25xg+rcktV+/8IeCvG8U0nh+ZdC1V0aR7O4AEMkhGW8tiMgsckbTuGFGeXx45BfvMmUYI28hhvA+TJJVQOqkj7xwQ2RnqtdJZ3nllHUyRlGVlO9hJkZOV2twARycHGdxABzXopqcbO0r/lfyWm3321vosnX0/eLmVtmrt6LVK2+l9F17PTiNb8Ga1o141tqFq6quQtwuDGygnDB14IPBOW+UHjuBiLHIpb5QEVwrshJJIGCRkDp1PX1xyK+gLXxBLPHLbaoi39vk7RMNzAnaMKxOcgZwCTn2rnNd8GWuoRS3mizLGzsH+yr13Yy2DkDnJ+Vjkk8HphSw0nZ01ZdUmru7i7rXVvlSu9r9XYw9rBJOPa+zas+XW+nXa/8AwDySKcohCmSSNWPBwcljxxjgcYJH4cdEZSyuyrmUndnepTLZOCG47cjB9Pap54bvT5JIL61khjUnd8uN+DyVORwDyQDg9sjIrNa7XYVRAVDkCRTk8EYX68DOSB7+o+ZSVldrl3evTdPpvezae27OiL5ktVolvd2uoq8rcyWvVOy76IZFcFyUeIAMWJKkhgQON2AAAOQDn0zjOKsDypUKhXyCAW3HIIO4k4OSMcBsEZ5z0zR8zznDSHZIG6EYVgMnDbT8xIwB6Akck8x+dKGRXXMe0k7PvdDjnnKjKkjqDx6iujm5leS20Su3+Ktbm1tp09RTlKCulfRaWvvay9LbvXqtUTK1wsiuq52ApkAlgAflO04ycjqCTtBBzkZhmZLhRhcOQVLE5yMHPAGdhyAfQ5yOchyXBBLs7BQxKsMcg4GChz0IORwBluSScsfZPJH5bANypfJUAnnOMAAdSc45IIzg40Ti+VRXm07WuuXz013vulq7JXdOo2rS7J6W2drp6ff53W1rJIs1qodtzhwu3Chthz8xPJIx3zzhfXoNKjxkpFhgcDdwpIHzY7nJJznHcjJ5K3EyxfIXYHaMq2WJO485zjkdFbGcn0NU5kDAPvyjAt3JDEZ5APvjpxnjrzcVJctoX6W0Wrtqr62Wy07u6JlN8yve110Tu/dWujSu9lo3dK2oy9RGUDKEFFMnC8HtjBAz3IJxnjHQnKntFYI28bdo2kc/fGMZAxxjGeqnu2Bm9KjwhWBUxuh3ADcWyMDO7nd2GOAFx2zTA4KR/KRESVLHIOepwMADvnHOPUnjVpt9rapO+i0V3tr+a6W2hyjfdap2XLtpFO93p00tons7mZPCFjfa5eNUXfkZyx5wucnjGCBgnHTPNZskS7RnoqbgTn5CVzgjuccg4PPpiugMQCyEPxksCDkbMkfd79fyOemM5VxGuUOT5TbsnAJIDZBbrx3x1zg5OcBqCk03a8WrJ7vVfnbR7rS+uplVfu9ForNt7+6lffXtppq9tTBuAhQlnB+XGQpzlccHj7oOM555+mM9rZyYuN5IDKAwIXODg5IGM5A9wfUCtmWIkscBo927pgspOCADjK9j2x6gCqoU4O3KxIxwe5XO3BycYU7SBgfdHvnVU1JO9r2te7VvhuraJvTXqr37GVPllK6esUm4pvyVtdNL7d76JarMBcOzMhyjFlALKMcjkDqAPc449TV21upoJfPQyRAfMrK2WyvADAAB154JHAzwMmpmUFVRpAzEALgYwODg7ccdcg4OQBxkVastLlvZRDEcu2QY0UsDyMAKox8wHHHc881zV6MYQTbW/K5KydlbdrZNNNvRrTS1jsourz2jKSV0krrRafi7X1d7Wsk7o6+08Vag1ibhi8fkrsWaJjH8x4zIF+UtnOQc89ORV2LxvqsRikuZY7mHC5jkQyLtHIBGCRnAwSD1yeOK7vQfgxrN74Vu9SmMcMcpL2qFgGLJksJFb1wAM5HGMevk2v8Ah3UfD8zR3ayQKysUDodp2nOUZeCp9s4H3eMk+dCjSqSbbd7pqXkrPTXXW99E9del/X+sV6ag+Z2STd1rayaTva6fXtfqrM9Btde8H6swXWbL+z5pMFZ7bKqCw+YuO46Z6gbueBz0+i+Hr+xu01v4d+MTZXtuwlt0S7+x3OQwZQrIy7gTgckZwRwTivnUXDPuV8H5VCt0xnucckYAyPfJ7irdvcyQ/vIJpoJUAw0UrpuPAGCDknoFH0B4NRUw9TRwnt3vpbl6PXu7t3e7smdFHGx/5e04uV1rFcvVXenV2d/Ppvf9GPC37Wut2lp/wh3x98I23jrQ5kWzN/qEC3FzCiqE82G42uylfvbgd2cc5INWdW/Z3+AnxmgXWfgb44tvCfiKYFz4X1W4CIbghmWKCVyrDJ+VQrYAO0MOWr87T4n1eW2+yXF/LcIAV23B8zZwCcO/zdM5GewA6EVFpur32nyi9069uLC7hKulxa3EkMqOCCpVkIGQSec449cMCMa/IkmnJap2unfl1aa3t2Strq3oae2pVpcs4ScW2tWnJXUd7a/L7mj6M8S+Gvjl8DLmXTPFOj6leaRDLgXEsb3ukXEYIAZJgroqOAvJ2j5ugxmuFvrX4UfEe2kXU7NPDHiCQ83lqo8lp2yNxjAC7AcA4APKnJ4z694E/a88daBYL4e8axW3xA8MzIIbiy1pEuZ47fADiOV1d9yJkDDY4GBtwK9Mb4c/s8/tAsLv4e63bfDbxncR720TUJBHYz3LglY42dgibnPG3uwyA2cRCpJXjXUU07qVtHrFq797a60kZVMG7p4eXMrr3W/etpdO61tftpd9dT87/F3wC8S6F5l/4eMfibS8CUT2REkscbfMDJEvO4g5IA5JYZxyfBdT027s53juree0fftMUiNG6kcfMGAPzEHvxtw3GRX6CeMfhj8bvgLqUkmp6bqdzo6SYTVdPWS+0m6t1LODvQOEQgcgsoAJPPblLvxL8PvH8X2TxhocVlqJUeXrFgio4dsKZZgoG5l+UENnqMcVXJQqtxfut3vsl9myWjvzarSzstu/NNSptKcJRd1e6eu219HFp2736bo+G7G6ubGcNl0LN5XAJBXPJB7DByeuAOMcmuuW/gnhSG6BE0TDy34w7M2NxI5OM5LckdM16V4y+Dd7YJdal4Zvo9c0lWMsXlMBdqrHgPFknjoFAPOSOc48TngurG4ENzC6zFeVmUxspTqMNxkHAyMc15eJwbTas+yVrJu6S2s1rq/NPR3RKkr320V7bN6LW/K1qrv5PdpGlqGlSRRpcxkOzSYLIx2L/dJCntkcc5I7YNVYZ723aWJpyI1TzCNzAFsZO1ScHPPy45xnngiWz1Vo1VJdyohLshBdH/hwCwySDjjBAIz3zWgptLyLdlVd9zSF1HEbEDavy8YGCGBBAz3FeVVo8rtUV115bX2W3SyWltdmm7aqly3un7ztrrony6J36LR3atp1tfT0bxfDb7yzv86BGnYbjHJnaSAOOc/NnJz83JyB2Nh4+lt4ZUTUJRErAwxxsyHzDkBjggAnueQc+uSfGdQ0qS3aSRWJttodMHGflxlgM4LEH15/EDPhYgJKpI35EiHJxtI2tgE+hwRnJ5B/vebicsweJi3UpQle6UZRSa+Gzad073u9O3Y3w+KxGHqXo1JwbcbOMmktmkrNW13ava/Sx9q+Afjf4x8F3UF5YalLDdeTIUBnaRZFJ3AGNmxnuSB3IyTXXXH7SPjjX2muL/VLuUTTuUijnZQjjIBChjsXJGACQQvXivjWC9lhtLeSaYG4kJQAEN/o55xzuIwMjJGcZNa1jqMdsl/LK/lRbfLtkG4YlbHcgblPTcRkHnC5xXxmJ4GyCviJYl5fhnW09/2UE9LXStpfu97K29j7LA8aZ7h6cKNPMMVCkr2iqsrWfK3fW3TVv7j7C0j9ofxza3dvHa65eadNapv3xXkyGTDAgNtcBsEgc/Lk9yAa990f9sv4x6bDa3Mfia8kUFYpIZ384uoIwSPm4IGAcYAG7GQd35dJrd5FcJI3krIVDfMcgxD+LpyQvr2yecjPfeHPFsaymT7QXUpsEJXOcjaCARwoZtxwcjHbJrtoZFRwEE8JTVLl5UvZrl1SSTUU9bNXst3bTt00+MM2nWSnjsU+aSd51JKzfKr2v2Suk2n1vc/YHSv21/HN7Yk6pYwXsSxojFshtzfeYDOTuGT6HgZOc17T4U+J2hfEK2U27iDWPs/mXenygjarAHdGSOFJG7OTzwRgYP5MaXftNbWtx54fzhHGFiI8tlyMcAHOD1Ddvpmvqjwd4li8FrZa0tus9xJAbe4ZT/rEK4AQHqVGBk457ggkfo/AfGOKybNcNSxNZzwc6ip1YVE37KLcffhbtpu7LXfRn2uBxOJzCMVXqKbkl701Ftt27dXorSvq3e2y9T+PduieCtadmKTCIbF6AqQevUDvnrxg49P0O/Yhid/ht8Jg3BFkzHhcbUbPXPfpjJ6jHYV+SnxS+LOn614cuNLuk23N3DJ5aY5iQrkFiAMlRzknaM8jBFfq7+xDdL/wrL4XvE5Ijt5IyxOV+8VODyBxgckZBOBmv9HPAnNcFnGb8RTwFeFZf6ryTUW+bm9tFq6baXxK3RNpI/sf6LmVVKnEWbUYpXlkl0k1dr6xRbbV9lfTRtNqzZ+zOjXES+WzEDg4OVxtHBU8DjrgjgEjnOCKPxRuRL8N/GYUY/4pvU1ULtBx9nfaRz2AODkZ6gdq5vSbxlMQWUEIFX72SW5ySOSQBjcAOfuj+LEXxOvtvw38YlHDAeGtR3cnP/Hux+bIAKjjGAMnaeDjHoYLLm84w7cXf6zFtS2TU1fbVvq+m68z+0cLksqWPwj5dpxbulZWkm36vpfV2drJH8wugWaTanrxZAwGqahuyBnJncE56nC7eOgB4YE1r3VjINpWMBOFyBjpxxgk7c/eU9h9al8JhPtmsPsVg2oX3UYDE3DggDswGCMZxzXUCF0kORwQWCKCY3DjAABGAeQD2OenGR+Y8dUJPPccrJ3rTffqr766p+j8tWf46eOWEl/xEDidptp5ri+nT2remvZpp69O5wU9hsfeY9mFC/KdysDye4Ycgnbjrhs9KzrrTl8ss/T5cA9CCw3Ke5459CD7EV6DPbF2CMNqlRwQAe+ASoyB90Ajd/vZFZM9iqhy6+ZEcng8/N0PZQcZ9OnvX53Ww3K9te/b4dL7efrfS7P57xmHmr35tHFLv9l2vp2Svd7JrXfiP7Ld2WIlQOSrYPKYHynacgk8AYOBx6Va/shFaMFslxsAIYAdcknHG7gnOCQcgdAegFo0ZLKNwDHac7lUYAAKgfmeRySehqaWElSzLhwqnDAqFUEduOOCS3LDgZPy48ydJJ2S20dtNbrXTp/wHZankzhZWk27JNpN9GtLJq6t5/cYLaaVjdBIMhxkgYwOw65cZAPP0zgYGedPUJIoIOXAxgjDYGD3PXJ5zxkda6YozFQIg0eSzAZ3L93gsf4cfdwOwyKiulMLMyxggoDzzgnIB6HkDGTnOQDzkmsZ0ppaLezu5Nduy3dlZ91psjm5qWlutrOSk109b7ffvre3Iu/kAAhmJGwnb90gkhgcHIAGcjnPy+pLobhrciRCTIAWCD5txyCSOcdM5HcYXvkazxxSqsLI21hu8wjBBOflPqDn5WB4GMHio2tIzIihVQqAAwIGB2ZiOCeMZBOOOPl4w5ZxerXNdLRSvZtXXxXfXf8AzRFWlGSjKFktNddF1elnr1SV77bGnp94915ZJ2svDKfugbdxJ6jOegPPQZ27sb8dukjh9+VH3wWHXCnhc4YEEHJ+8c+wPNWqQxEozBXRhtAIYMcYJZumc5HPPYk9a3baTDMm0K7MpQAAgA4ILY5xge31wK7IwvGN/idrPdOyXqmlpr30uuvOpctouT6Pq0m0n1duz6LbzCe12sFRvll3LtLZAAOecYx2HYHAq9pN9LZT/Zrgu8TsFDcDyzghTnrg4JVgTjIGecmVG3SA7dykkPg5O7PykbVHOPvbcADjjINSXFuMEEAgDcuMA7ecAkHIIHUYI9jk15uNpN6xSu9Hq99Feztbe2l7727+7lWMjSdnK8bpSVm9Pd+Wu3dvR6nfx5u4tsSnzY4MAqwClTgqSBwxGeQOcDocc07S6uLSUqobYCUeKRmZCeQXUNgY4IGcYPB9K5DTtcmsZhC4Y2zsBuyRIo4xz1wMADGehyNpBrsjtu/JmZgY5ELI6cZz1DEfxEHvk+nevmsRC07ScrpLpprZayutbJq7itle+59pRrqpBSjKydk7dLW3V0ldJbdL9XcmuWEcBuLNhJvH7+Eg5ViRg8cgYJwRgEDrjBrm5r83RKtG8ahirmNjtPYjGOBkZKnke569FaqIDLIg3RtlE4DA7c/JIDnJwOCM4PB9mR6Za3lwJlQQxKwaaLcAwLZwUXOBjrg4H3ccV5FanFXd0ny6Lytyq6vpd9Uv+D3U5SqSUZSWzaST2tFX1ei6XV01a/Qy7ATu/lMflyRbvtOW4HB+Xcc8gktkHOSa6O28yFwkR2gMFd5WLYbHysu7JI59zznGM5qsiWkkpMv7pf8AUOcE8EjBA9DnOByTnOMirMV9Hc/xKsm0IFYABpCclun8Q5Ick9T15rwcTNXl7tnrbonqlo7PTXfrZb6npUeazU730s3bpbS66p76Pm0d3sbKkOuRuWa3G4yKVIc5BBVT3Pr26Zx1uWl75xcqF2xMWZWyrOSW6AYKkfMe4PRhgCsWGZ45G8xHLquUYHcqjODgY5XqVx0OSRg1elcPAr2hQuFInO0K2BtIAz0Iwc4PXHPavMTTVmo67Oy923Ld9VZ69m32vpvGztqtF2fZbddn27HXRyC6iTzZVUKheJh2bqFYE5POBzgDpk5JN2Ge2khFvPKAAy+ZIn3stnIYjkjHUhTgkDJzxxdvey+X5aBSY8fveVDIcZXPABxxk9OMZ5A07aVkkG+MJHE4myCMlWJ3KT35JB47g9DXJUw/NK6V73bvzJJtpX6PV300W7tZNrVLVNarS1/lpvu+isvJ6I2/sx06bfAA1pOww0oYgqORgDlQwHPfknrVq90a11e3DTosdwV3wTxjLKQTtQ4APPAHIz8ueopHvIZIwU3RwsCCrKG7Y2hSRgkfdYKCSDwMiqVvfzWVyJ7Z1eOQqrLMcKjZxs2nhWx0I+YEAdQMclSgtdot/C0ttk4rRXd0rJcqu73utejlvyqzdla+2rstkua73eyt1OXn0qRDcQnYphG7bjY7lekgGA2SeSAM5PAYCs23aG6SWyvLRJSV2yLKARMncDcOZMDC9OOTzivTNQlstRgeZ1SO4VSHlTAkRiML8mcsM9xlQOMjnHmtzbS288LRqssbSF1kBO5So3Nu4GWIAJUnGOeORWuGdanOHK5Ra3d9kuW9ne91Z909U31OTEYeE1yygpQatZpPblu3v7y6Py1ulc8j8V/DVGkk1LQY3j3KzTWJXG1hucrDx1DHBA4PYkZ2+B6lYTW9/FcFZNO1CymDN5uVbIICOuAMEAAk43ZHBPSvti41aFSsM8yqwcGB2TgyZ5RiFAGMkZBJBx1ri/FPhrS/EUc0ksUENy0R3XCKCxIBLMOfnDYycgnBPO4/L99kudyop062sXa8022rWs003ey89LvY/P8AiHhbDY2nLkhB68yhKKafKou6Wuq123TXXR4fgb9p/wCJngTT7vwvHfWd5oGrpi9tL5BcxSp5e0N8+75geTjo3XIHHJJdx6ibi/Xyle8uZLry4gAjBzvKBBjCqcYAwceg2rXn2r+F7zQpw1xDJdWZLKJxyhUKFEiEZIwcA5GztjOCut4dlgfZ5dwvkoSoQkiRJMtknPzFMEAjqADxnJPPnmAli3LG4PlkpPnlbe9ova3k79X87P5LD0ZZdGODq03FL4bbJWjay02S7aPV9jtoxvVJzHmMsoVgAChGOvP5HnPfkVqtKsnBjDAnYXGAykDbkkYBXsT6YwccGGGWSykK+ULu3kQM6bOo+Xc0bKCAdueGwSwOeQCfqT4e/s0+KvjD4a1PxJ8IZbLxbLo+nvd614VgdE8Q2kcILzSQWrkNOqgE4hVmIBI6jH5tmOcUcpjGWYzVCm5KDqyTUIyukuZrRX03Sbb3vqaUstxeNquOBpyrVLX5YK8rJ6tJPmtvotVpokfL04kQKhJePOVZDnBAIPIyRxx36EY5GZ7K9mI8uCcrtAIUkqwPGcEbTk59PYnkZ6G+8P3FjdzWNxDNb3to8kN/Y3ETQXNncRsVlhmjdEdGRgVO5Qx5H1yH0iSOQtbQiQdQNx3KO4JyP5DnHy4Fe1hsdQxdGFWlOM4TScZLWLVr3TV7q1tk1tdb28mpRrYarOnVjOnUi2pQmndPTyV7Nap7bW2G319MYiHYvvYZY7mdSex5J6Djk/iOK5W7gifczo20nkZyACOoA6YwCNvOQQB0robiNUUl45I2LkPuGTyCuQD2HJA64GD1Fc9cxNliwZ4iQFGe/BHy9Aox0yAfQYNU4+9zJ6bpN335dUm7tp+Xre933YbFuKsnppdtu/TS+9vS9tE7WbXO6josgYT2jmRyhIj52nIIAUH17jg9OOorlA4G+3mhRWQuZFIwc42kqCW69MEArjHJFejvKqFTFKWXYCQQMKwBAGTjjpwB0z6c4GpaWNQUzQ+XFM3X+EuUBzkccE8HBB5IPOBW9Os4rlldbp33TskrK9lsraJ73aR9Hg8bG8VOTu9Lbr7OvRaO1t27WXVnnsunbhvt8Kpk+Xt2yS2OCC3Xr6gmnqsobZIgEwBLHHDjuMkcsV6YyeRnrmtWUXFmzRSbd2w7lKDBbHzMvYZXoQRzzxxUkMFvcpwwyDkl2w6MAcgZyeDnHRsdz36nJSSSbd7dtHorpNvps079k2e5HlnFSgk9VordbXevMkrK/wA9U9L5CrIu2RWaONWK/wARGQck4GDg4xjgkfdX06a1u3kUJtVpCBkEdUGMEMcMD97kDBwByemUlrcQMYlw4fDhcZUZI3MR3brwM/TODWnHbzQnzI8FGVRkn5lI9vQH+E4HBwCRmh002tHs2rrlaty69mmtrJavZFq0VaVvvVtoa2tu77ra73er0poEmi3BBEGAUrg7mK8DOQRtb7x46YyRzmOPTtrCRgu4AKARnI4UEenCnPALDAyCDnQgn3FEl/ekKN2VAYFRgsmAMg+nQ5IYk/MNRUlYR7o1KZC7lGSzcEbgTj5cjOCc5H3eKVnB3TVo2dtrpW1snt69Fdowm42u2ldP3Vs17trpNq7u7v0TS6ZTaPBIhRl3qy8HADYxuPXHY8kEDgYGTiqI0yW0kKQSkFyHV2yAM5GNwG0FcAD156jp3kdmZRgqoZRhCRjCkAnoOgz6Zxk9sVaWyV49rRDlgMABgCB3xkdBwOCM9sZHJWi5Ra92z7/Ju+j6Lou22hlTqOlNSjJ6arte6vfuu6027o52yuCQsUxkaUqSGBYkkY685PPdv64Pc6L4vvNCkilUOYYmG9yxZ1U4BXIIO0AHJbPY8dTz8mlSByQ4V1GUZTggjnacDI3dSSMYUcinR6axX94coQFkGSCc/KXwx24ycZ5BzkkcZ+dzPJsLjIqE6cWpXTVnrdrRPa6vu7aX7WPpsuz2thXGUKnvra7t1Wjb0euqTaaXRI++fh54n8P+MdPtlhv7db9YlWSOQqJBIAT9xic4OflAIABXjqO5eC80+ZhC5k6EYDYYAnnI4yQpzzg8D5skV+aGn3es+DNRg1vRZZBHbyKzgOWymQWDqCflxwR1GOoJFfenwu+Lmk/EKxjsrjZb6zCgRlGF8wqOWUtgnOAcHJPOB1x+FcXcGYvL6k8XgoOrhk0500vegtG7rb8Nl8l+48KcXYXHwpYbFTVLErlUG5JRm2lbe+vlby6s9g03V0kRftStHOVCxuCwG5eduABk5z29s84r0LRtTuYYVmkZU2lSpJG7GMZG4DG5eg6nOOtedeUttPE11BujJO2YYRlyfl3EZIwTnHPA4BIrpradNQjEcbg+USgUYUnBI2nHbABPUH1zmvxXM6UZe0jOny6STUtGmkr3XRvZPRtrfU/WMFJtwamrWiltre2+mtm7X1fpZHrVlrQufl81WQAFsYVgwBG3dwTg5Bx1YEAdDXR2etpao7JNIcbc5QuScgjJPYD5R1JzjHSvJNNEkW4LC24MAysCeCc46dyO2ARgkZIr1bw9KlyohntSFJVZSEB6DhsHHc4J77sA9RX55mFLDwu0k49kr8vwtWWmy1fdu2jaPosEpSd76uzTTu9ORXk9Nmrr+VXXTSZtQv8AUZGkW5QQhsyQkkZY7gccbs4GW9zz1FYGqeA9I8RRSm7wtxwUlVtzpIRnLZOdpGeAGwcDaMgjtbzw1GsbyWImO/JZFwudx+bBGTkYO4/gM5FRW1hdxKxeAq0fyZfJyNv3WXGTyMgkMxPQ45PnU8RCkufC1fZyWsle13ddNNFd2Wz101sen9Sda8akYzi7KN072drtJpvXWyT1d9O/iEnghLSOXTNQ01Lq0lje3ieYLLE0RDB0YNuDI44IbgDB4r8tf2tv+CcujeKrW/8AHXwg0+PTPEaCS41PQVXbaagVDu32WMAJHNknbsAUk5znaD+58dt9qtjb3a5V1xHsQZXJBI3HBAAwCAOhzkkcU5vCoEaMkqqufkYsHAG7cVcHgjafvYY45PGBXvcPeIuacN42GIw2KlFwcVUpuTdKtH3bqcbu6d7X0avo9reFnnAGWcQYZ4TF4SDUk1ColCNSk3rGUGtbp66uzS2sj+HbXfC/ir4f61JpGt6bqGjappt0fMguVlguYXR+HhY4LLlcqyMQwycYr9sP2Ef2n73xD4VuPhl441FtQ1DSIhc+G7nUGUedCv8Ay7TzzYL7VwFUsT/COQa/Tj44/sNfDX9oVbhte0+1sPEDQFdP8QWKJFcRy4wrTbQvmqCRkOx4ANeCfCL/AIJA6R4cub2TW/GurXrGTdazaRi3kRVcEIWDxgZBGQCeRjGCRX6Lxz4jcBeIPCU8FncZYTM48s6U40faTo14pLno1Er8kr2lFuOjd3dXPjPD/gXjHw74wpY/Kav1rKZc0a9GVSUIVKL+zVparnWklK2kkmrWPW7T4f8Aw1+Lum6inijw7bNatHLbXbjyJIYbkqQJ42JYRndhvMUjnBPqfPvhN+zNq3wc0nxyvwv8S3NlYeJJ7gLBdTh7C8MoZEihRGMZlRHKiQjOOQeufq23/wCCc3g+LSbjSrP4kfEnRJrkLHO0F9KYSAuNzDzfmf1GMc4yTyer8HfsHX3w4t3m0j4z+LNaCQmax0zUwt1ZvdRAvFHco7tsV2ABfacDr0FfzLXrYrDZXisvyXiqdbD1J0msvxdCc8LN06kZU+dTlNRlFx91qKe7uun9i5TxLlMsfRxuacO4eliKVKpTeOg4SrpVIpO6jBSkpKVrOTT3t26P/gmB4O1HwV488b6VqMPkXNvZxvNwio9xIztI8ZXKujFt2Rz1zk5FfSH/AAVJhF18OPg4iZYp8VvDzjHzKQLxc454OB6AZ46Yz+d3/DTv7Q37G/jLUtb139na48ZeGtRCwXWu6A090/k25PmXLJCrNEHQhsOoUEYUjGV8Q/aR/wCCu3wz/aXtvhf4GtPCGreDtR0r4i6Pf6y2rsBBawQXSKyjbhhhifMEoAAUgg9a+ZrcC8e5znlLiKjlsMdhfZqricRga9CvCnGlhHGo6lOFR1aT5ou0JQTd0kr6n5p4gZ/w/WzCcoYqOGoewjQpRrQlTcpNcvLDmik/e2advmlf+s3whuHhbwuwOD/YGljgqcAWUG7ueOmcAn36Y6OMErjGCpyMKMknqeuDknHUDOOnOeK+GGrab4k8CeDtW0m6t9Q0668P6ZJa3trIk1vcK1lDzFIrbDtyVI4wQQMEEV6T5QDDBwCckYPb7uP97jJHp8p71/iTxJTrYbiTOqGIo1KFeGY4qM6dWLpzjKNaXuyhK0lrfdb7efw0nR5IOE1JKKd4t8tuVWve9vdtbo218vh3/gofE/8Awyj48YKwZZ9OzyQApkYt0GMDOD0PBJGBX8rPxLhmk8KaWzqyRfbbYKTxkbEBPAPVgcdP0zX9Wv8AwUX3w/sk+P26kXWlg7TkEeaxwOgGV4PAYe3OP5aviegm8H6B8pUPe2Q4QYC+XH2A5JPBOM8c9Sa/2d/ZqVZ0uD5xUbP/AFnrOV3dNPD4fS97bJafd2PyrxFtVy6ro3+5fKt7tOOn56fPyfjF5GRpLxq4QqmGOANy4yBk8n8Dyfu5r5b+JcUcvlwGIO2/AYDDEEYOfuhvvc5JOMY7Y+v73TyNMmcoXj2YTpkFVByw4+8OM+oHcV8ofEO3827hwT5g4b72AU2gAc8nA4yeh6gAZ/3LyCtUlQbdrckVZq6km4qytrdXXT0vqfyBn1GDkk+trR62bje6ejaavs7697v581/RYrv+xwWmiNq7EpuYDCEkqRlcEcg9Tk8D0/Yz/glx4tfwz4h8VK/FrPb2iTDJGIvMGXIU7cqCMe30NflBqduXNjkFgGZTzgkDHU9+h6Z6nHv+lv8AwT8U/wBs+KisZWNrBVyvDAq204bIVc4I545OD1rphGNXNcPCSSUpqLTS1va+3TVrV+erPks7hFcOZnFJ2eGkmlbsune/XWz7vf8AqA8O3ltqlhBcWMkctrOIysu5S6JsBbPJxk7RwMAke2OztoRpximj2PslVkAAdlODzzyScDd0A985P5m+CPi9rXgaVraFhdWPmr5ltcSbtqAgny8g4BB5xkAjOM8n6FsP2gbXUYFdYDFdy8xRMwEbbeykHpnoSB/DjgFj2ZpkOMpVLwTdFvmTirtJpb9Wrddk/I/lrK8LTWYQqU27qqnaV3pzR1Ufx7Xv8v5Vv2mtV8ZXX/BQj4j3fgVbpPFp8WGXTVt7iSK4E9kSytBIjKUk+UAbSVI4xgAj9zP2W/2/db8a654H8G/F6/vLDx38P2NolhrA+zTXShfLlUXDhTJ5q5IcEuxIwOgH4UeJ/EUmof8ABRXX9VeUxXEni+6cEE5DZk2kkAE8gc8ZyD9Pu/4o+BdJ8b3UmvRXB0TxdZTLNY6/p+YLgOuDGszLjcAxXJPJXJwMYr8i4wybD5mp4SopRqOEoRqpJyhzWVtb+62rySa9Fuf3r4fcRYjh+nhKvKqlDlouVOSsm1ThzXWrjdX69Nu39PXg74n+J7LV4PHPg3xJP4h8IPka74B1WRbp7MSurSXGnNMzMoRSxAPQAAZFSW/7SWgeAPjjb3+oeKBc+AvGNm00tjdyW1vP4d1PIjELxyurNAZmCYUBeSRwQK/mL+DX7Z/xe+B1zceD/Hmq3MlnK5gsfEEkZkhljJCLFPcEE7XwOC+4E59x65rWrS/tB6y+vr4iK+ITJaW9jYw3Eq2kkEjKFYGMgrh2SRnIGD95uK/mTMPDPMMmx1bMamIj9Wo89anONNzaklG148qtFWTkr2TWvn/W3D3FPB/FNKlhPYRo4rEwVGtTk4wjJu1pJO6dm2+Z25Wuzsv1+/4KN6prPjf9ij9ofxFqdvp13osjLL4fnaFLhorKOQKl3ZuwJiY/LkxttbOTls1/OB+z18IvHmq+BPBPi34SeIZ7bx+ft1yvh2OdoE122snyIrUkpG1w6AqIWJVztUAnk/vP+1344Hhf/gmJ8SfBXiC4hk1zSPBtro4l6rPNK0TJIJWUs77RkM3zEDJHFfiP+z/4pv8AwX4c/Zn8t5rG5uJLu/s9TRnjS4dZlmWNmUFJE8xQuOFJ4LYzX0vh9xBLOskxeAxcvrFKWZ1sNGFZNwfs6KlKCjO65ZWuku+vl+c8XcM0Mp4jpyo8uHVPCc8atNqLcXX5YVPds1zKV29trNbn6SfsiftZ6MPGreE/jtpk/g3xfpZbTrsatbPaT206ERZvreZVLRSOcpOgKFW+8eDX7P2iaLfaZBdaXLpmoadfCK4stRt5kmt5PMAYsrIWAUg55wQcZAxivmHXv2UfhZ+3h8F7P4hX9na+DPjFD5+nQePdGjSG4lu7ZQEh1aGLat5BIygO0wYqrMcA1+UN58aP2lP2APHg8AfFPSdQ1nwVBdG2sbqfzZNE1ixWTat7o15LujSZowrm2Zw4YEAHof5u8YPB6pnlfFYvJJfVsTCTnHCc3Ipzi78sGnaL2drWvvLqfqPCnFUssp08JjbzSSSry96XK3HvdONne/R9un6Pf8FJtHtJ/wBkX4nebFGWsdLE0GcyRFgQSyqQQM9zjAwcc5I/EL/gkv8AsheDP2nIPinP4j1TUdGvNFWyh0u6sQskaO4IYSKzbdgOD07HHcH9Lf2kv2rPhn8f/wBir4sz+FdathqieHGe80G4mVdTtJIwu4+QSW2ZOF2gggBlPJNfL3/BBfxfp2h6d8WmutTsrBLqaxULezJCJSrkuAXK7guQSBzycn7pr5TgKvxfwF4X8VtRx2FzLBZzh4UeSFT23JUjTUpQWt1eNm0mnZp6BxBRyzP+J8opuWHq0qmHrSXM4NaK8b6WbbXXfpofTnxD/wCCQvxT02Ce++HXjXRvE0TfMllqEf2a+ZMk7AybFDAcBlPB4yDX5v8Axq/Zo/ac/Z/sNS1zW/BXiPTNL0uGS5u9VsJJJ7CCGNf9fI0ZdUjOOrkAbgThcg/1z6V8VPD940cDahYuQAomtLiGVQVwAMKzMfcDPpjB48W/bR8Q6fq37KnxttY57a9SbwXqIDtHFIFXyQOSAxBUngnkEkDvj7Dwv+kxx1h87yrLczq1q1HEYzD4aaxVKrTrWqVYU5cs4qKbindJxtdO+zPk+MfCzIMVg8XUeX0aVVUatSFWgk4c0Kaak46rVpLezWisz+J7Tf2uPHlhcSJdtDqcILBYb5A7uoyMs+044AxgkHOB7d/aftX+Hr+JV8Q+GGtpyVMlxYk4UE4PHAGTuwdo6MMnJI+HdUsY4552hlKq11OoBHOC5U7SecYGVIJ+78vrWklrAtiWd8yxxhmcMMEYyRhsdCOSPx64r/W3Ls2r1cLQq1JOblSpykpK7fNGEvv3/HukfwZmGS4b61WjTpRSjOcLpbKMlZ6aJtp66LVan3hb/Gv4c62p/s/xG+mzOAI4b4FATkHGcBQRwSc8HsBiumh8Ri58qW1urLVrcgAzWrJIEJB6EHI6gAE9Sxxk8fktrtxmTEKn5Dv3ISgxnB4B5J29ck44yRgH9W/+CbHhvR/E3hnxW2twW99t1JUga/YuY0+XcqAuSBjKgrjGeecY+K8QPEbC8G5Fi88xeCqYijg+TnpYdJ1JczjH3U9Fq7t72XnrwvhxVEnTm46vSW2y7PytbTXr21lv4mZ0kYxsxUkRBTuwQSDg8HsATyetZ95Fp+oQ3BvYbe4QoVxLCuT3IY7W24HqRz36V+p13+zn8JtbgeaGwWxldctJZzNuVyACfLLAdz34GSOK8t1v9jPTZDNL4b8Ut5bIWIvbdQu8kYUOM8YznHB6MB1P4Vl/0rvDHM4RjjMVisrqT9yUcdQlyRfu3vODmra72XRtXViZcPZhRqwVK84xacUpWd/dV0rrWOi2er7u7+e/2EPDfw00n9rDwFqXiWygi0q6eS0SKV0W0W8mAEJeNzt3M5CqNvcDuCf60fEfwt+FPizSZIde8I+Fr61ntntJDcaZZiY27piNkkWPcSVKjdwR8rAnNfyP+Mv2c/iP4AurHxFp13ZyPpd+l3aX1lO0U1vLbPvhdlXbxuUAqvVRyQOv62fBf49/F7xl4A0dL99W13UIlt7W51LTLaea2iMCrE0V1JGGVJGCnAdgSeQcZNf5jfTd4Gx/iZxvw/4g+HHE9erR+owy6vSyvFVoSo1KFSVWlUjGjJNOUZ2mrc11G97H9c+Deexo5JLK8yjOFTD1VUp1W/dqqSgnCfPazVrpq8XfXsfo1+z1/wAEmP2bPGXiPVfGt54bhm8OrqDZ0NcC1mcSbmcTAbo1XI+UfL0GMAEfX/xE/wCCPP7G/jrR54NJ8Fy+DtWSApZalpE7kwyBCokMTDy5ACASGx05IxX1h+yPol9oPwh8JQ6nazWV7qVkt9cxTgq7eeFkDShgNh2n7vGOmPT6pYqMRgEA5BPBxk7s8EcAbc9R2yAcV/c/gB4S5ZhfCzhelxgsRnnEVfLaNbMMwzGtWqYyFepGMowp1HKNSn7OLUVazurve54XFvGefR4gxH9lY6phsDh6nsqFCgoqlKEFBP2kYxlGo5NSbc091a2p/Fj+1v8A8EWfjj8KLbxF4m+HcEfj/wAN6fHcXcEtgAmrQafEHctcwDCu6xgnEasTgAbgST+FGveC/EVtFc2t5ZQwXFnPJaX0EkZS5gkRtrwyRsARKjA5BC8g/KCBX+oHr+paHZafcvrd9Y22nwwTG9+3zRQxSQLFI0kZ8wqrgoSH6gg4xwBX8MP7Uvgj4feLf2mPjBdeBlS30O/8U3UmmpGoW1Nw1yxuHhCgo0Zkyy4yCuSM4NeJ4t08N4VvL80yrNa7w9fEShUwVbEupVoqKjJTg377pxty2km9lzNH6BwXm+M4yp18JmeBhCtSoxksTThyQquVopTi04c+jl7qs03dI/n78RadJZ6lfRSxyKIQvzSgKwA3ZYK5wT6DjP6HjZDG5kUISiEszH5WYsemehAzwcc9PUj7n/aB+Amu6Nr02rBTd6fcyiImzP7tAinO9c5AH8WVzngjjn4h1TSbvTp9QWNmdg5jVWU8dRgHb1HI4x3BGTk/tvh34oYHibJcDiKGKpVeanFT5amvOox0aet3dLrunq9T8W434fr5NmuJhUotc1ScoWjoot3T32tb77t9TM3xRsqPGzLIcr8wyAB9R1PIwD6YzjOtANPZVDxANkFWVhuUcEA9eTwQ2M5A6Ecc1C9z8wntmllSRVXKEYDNjKgg9eQMLnjoMZH0FrHwavU8G6T4t0wfuLlY/t8UxRHEjqSGhBIyFJPfG7HHp+h5hxzl2WTwtPG1IweKn7KlKys20rKT26WV2lb4tbHxWHw+JxTl7CDk6cYykle/K2tX89/lbez8yGlbPmhuriIMm6Pa7MoBBwGIwADnOSMcg/TldYbUws0Ymd1gG04JVmJ/iGDluMDOOc84Oa0Yr3U7eW4s7iQRrauUBZDGzIpwwGQqsC2QdpxnoeTWNqF8ZLqQMZAu1fLcg7cYwdwA6HBAPpkAmrlxXl+IpWhVUlo1r6dm/lZrvpoc9V14yalCSs+VqXk3o76brS7101S0OVkur6eF4pXkwq7VZTyoIYkEswLhVxndg7hnjPHn+p3uo29yCtw4NqSEkMrlwCecA8MAOACvIPHAAX0aa7jkklUgsqZOVwJCRz05c7s55wOowc5rm9Th0+7SWMf64cpkKrYHJDN0z16tjJ5AxUrMMLXp3jP3mrK0tJfC7u997J3VrNtvW5ySUppc0XGT0167dn6bu7aau4nBXt/qRQyyzs0U53GX/WOpU5y2QeD7/LyTgg5rjzILwXGYVlkVvmYjazRgk/KPXvuHXA4OAF9Ti061b92UzEQEuADhkOCCR8yjacDJPPpjpWXfeF4IAL20mQRROGZCwLFTkAOvALdgW49TgYrin7VpuGsXezUrO7stvK6lpZvZ7aw4Wjom7aJJWvdrVXsr9bRtdtxu9DzaRH0+VLmGL/WgIFcEntuVjhiq4J6jv0GONV9aEheLU4JJ7Uw+WMqHMIIGAh5DLyceg55772p2d00TThC8bLvIdVUFFxuZDyCwPUgjjBJINYNtPE+21lXzY4pfMnBUgqrHOEK5LDPLA5GF6jnOK9ppOTej07Jq97pXfVt6pabO+lWndJ2to07W1aXM3Zu9+a+6atZK1mYN/wCH7fWbeI2sACqXMUxUs4wCFWXofmwQvGSDz8pOKOj+G4Ar2t1ZtHPMzQrKUwC4bhQCMgDrkYODwcgg97Lfx6WXS1EUcFyVdA+PNUr0YMOiL1wep4AOcVV+0Sy6gPtdzGIXj3wTRALl8feJX7pGMDuzduBXfhsZUjJKburrmukkldWs27pu276tbmcpOPwPmcna6UeW75Wur0bT3111ad7efan8NLyOOe9t0aOFnZBvOGUpkAk55RjwGPQk4xjjFt9JvdJtQ0kbSgEo5D9OD9znjjkZ5OQc4Jx9I2uuWkFgbW6jN0iyKEnO0rnHzB8YyuSSyHBxyOTkcP8AZoLy9uG8vdbTs/2dVZfL3dTuRiMgDKjHIznrg16mIxVKpGCoS5pNK8bL4rpa7J3b3W9v7rZhGdSSSnZNO60Ttty33T+XftoeVXdvPNYIYRvBVnDl8lCpPytnueVwSOSBgYFchZxi4dkmJSZJQxLtgkHgKMdGzzjpjGRtC491u9BiktZfs8LRRQkNIhwr7QcFlxjK/eIBwTkDGMZ5GTwrDNPusmXzMCU+axUhFOSu7ABOc4PA6kdBjGFdwvCUEm0raa62V9LO266vvY0jUaXLe8XbdXWrWt0tV01XWz0ujl7zS518g2zuU3qRGzE+UT/Eyg5AJJ3MoHJP1Ozp8s1rO8YXbeKozLzyowcgEdFJ3DnHXtmr72aQFQ10YLhQQyueTtPCgc8AHCcZYdtzZPPyvfWZa8iuFZWf5gQWdExghkPYqWwATjpnHNOM+bR3vJrt0tZW0vu3pbR3vq0HLyzi7ysld6J3fu2u079be8l1toegrc/allaR5lu4QkkcsTAJIQflGQBkjk7TycZ5PI1bPUr9p7bMjyNI2WU5XITO9GH3cj5sHrj/AGjivC7vWtSlbdYyHZGQ8ajKtuU8kFVGUIBJHHTggdeo0TxZPdwsdQuEimKsiuFwHdSVGRwUcY+8MA89qFh+W0rp3VtbPRW7vayt3T6a2PQp4hwdt1dRldWtbRe9eyva19/I9/PiOOAFdsQ2EeWzEBgSBvB54K9T3xyBgc1pPFYg86OZz9lZSyN8zEsQcOGwemdpH04yefCD4leFjaNiYsQSwJJBYghgT3I6g988ZAFaM+p3IjimhG6BwEYN87fLkH5WAYAYIBB46VhNVYNJN6pPVrl1UW+lnvsttLbaDzConJqbSclZK8lryvWytr2u16s9JXxJDdu7xrHEIVZXlGPn2/MqlcDg8jOAMdjwa19H1ldQfMsKgBCuCcbmAx8hHBYnBIH/ANY+KrqKrI4gjVILjaJUGPMVd3zHDfMVB7n6ZAzXZWbwQRiSGXMECCcMZOQ/LH5eQeeuM4A4wSTUqtXpytztO2q6LVXfVcrSstL7dNTWjj6103LmSSTWii7OCut3qkt1p31PTWt7e5dowQqsm5EZiGzk5AOcDksSM8kDPPTivENu1tbXCpIs+0nbg4ZSQSSzE4GOmM9MkDms2HxTHITKkwF07BQjAbduQGxlmAPc98gD5cYrVuLq3uYJdPEsQmvCpG9vmGQcsmVzkcsB7EADOK76GLba5mnqut1d262vd22vstFord316M4NSVr2Wj3elrtbNO27d9nfQ7L9k28uI9Z8YPuZWFjK7KxxxGrZf39QOPp0r5z+Pmqpf+IJJhMXklmujOSvzMVcoADjPy4xnJ45BwK94+BdnPomo+MWNw0e22lR5AgAdCuDhAMgrhcnoVJzwTn5M+K86zeI7kwuzxAuUb1LM2fl9ATyewHfIx9TQhCVP2zk3dRTXZrl0sktrX363XdeXVqtxjBSXuybUn1vyrz03T067XPNjKyMrDIOACVckkd/mBBA6cDGP9rNa1h4l1zSWV9N1fUbFkxg293MvA5AADc++ep5weQedyQAcZUjnoMD+9wTgY7enTkg0gck5Y4GOuDz2Gcdv7xxnA6jFaKN7aNLvezvpro21128tdrZxc73TbSvpdvsu2vZ63u9dD3zw5+0b8V/DojSz8UX00cQB8u6leVeuQW3FscgBic5GOob5vcNC/bc8YRbU8R6Rp+sQj5G3Rje+RyfuYzzuAztB6EGvhgOCcknA74wcYz25xzj8R6inKy5AbIXsAT15POeDngk+w961jKpC3LOcbdIyaTWlr6223072erJav8AFFS1V7q75dF2Wi831bbbP0lg/aZ+CniqFoPFnga1tpZCA88dsmQcgkh1XcASc9fbIFXf7D/Zl8aKDp+tR6PPMN2wyKgRm5C4fHB56HGSc9Bn80kHTnIz2P4ZznOScckEDpg93h2RsxkqycDbI2TzkYIIH48n3AwW6o5hioKK5+ZLpKzdlZLXrokt+utzF0KMlZ07PuvdfT8V0v1XkfodqP7L+h6qwfwh430+7RgdkcksZPXKgMrMMnIHJ5zwcHjzfWf2Z/iVpiTSW9guqW8TErLZFWYgfdI25LZ75HGB1r5W0/xZ4k0h1fTtZ1GzK/NhLuULu6EMNx6YAHsAOBXrvhr9pj4reGvLWHX5LyJSB5N2vmDbjAyTk7jxljwSevIreOZXcfaUITutbabJJa7P100dr7A8JSlG0Kk4O6XK1dSfra7XZ2Wr6apUNW8BeMNJwl/4f1K24YGV7aUBcMDgsFI4xtzkcAjvxwzaZeQ6uFeB1/cHLNGy5wMn7wGGHcA445HQj7A0L9tvUpI0g8XeEdK1mHK7ysSFn4VW+Ux9CewI57Hv6VpPx9/Zq8X3CxeKPBQ0aRosGaGAALI2WY5VRkZ44weMHoaqVTBV0ueEqbum2mnpdNp+W19e6b75xoVqbfJOM+ZJXdoytZW01emtuy3Pg4eUiZDYAHKuuWyCBuJAwOmMdODt4IqxgGMsYjtCjlSNoU43Mw5z0H+zx9Mfocfhl+zH48ge40Hxdb6TcSn91C8qoRvGRkPtHHQqR3xyCRXN63+xwJIPtHhXxnp1/HKpMUXnRNlSPkBVGJzgcHgjPGRmtnh8FUV6dblsk0pXi18PR6r1+XUyjLEwTVSls9WkpX2s7eV3r176a/CM6IkZJQplflxtOckbc456HOBgE4yeMGs8SkKCwUgBsqckEnHQDBzls4BwACR1FfQ/iP8AZl+K2hNldLbUogGPmW3zgquBnGSADkYxglTnHNeNap4K8VaO08WqaFf2flMQ7m3lZVIzuBbaQRnIyD8vsKwlgJuzjNSj3T62ik9NNL+TXpZC9utpJJparW1nbfz07db31scwIwxbDDauUyCBJjpwAOCe547A5xTPKPKkjC8ctlhyPQemCM4zgg8GkdJomGVK7jhgwKOFHYqRuUqfvZwc+i5FQGR1JXJO5iM46DOeo+npk9sYrCWDqwbbjp6N9Frr9+1nrodHPTlBK97205U7ppJvTR9ervfbZlyFmhkABIQEKBkEHtgt8xBJ7YwOOgJrYtlb/SHCkhhwEYFgGJJJBOTnIODuOAcY6VzkTjzcOoCb1LYJJwOcdDnDYOckE8rnnO19syCyylRsY7/LAIAI4xn/AMezjPYcZ4amGvLmcLx2ezjey0slu1ula1r+vXQdLkilJRs7pXat0V09L97NJPVG7YatqELsittWIgdShIAI2nnnPTPQ5rZ0vUZzr0V7NI5aKAsNz5YLggA5zkDk54BHQ5NcMt6yklCSrsMOwyQRjt1OQeRwDwWAA53rS4X7a82TKyxLg4xk7RuAXbngnPJPXJ9a56GEhCuqlknHq4uNleKtu73suuq2dxYiV6TipXirPS1tWvVXfdtvS+9k/vf4X/sOfEjxF5FxrGn2/huyDq8090q/aimfmEa564PrjrwADX6LfDv9lD4YeB4IZ9Tsx4h1GAI7z3qqYfMHJKxsdu3Ibp0yclicj6IvtehUiHT45JMHO9jlc5xkA4GAeSB34xzXL31xqN6yl5HBLFQkfYHAJ9O2D7gkjgCv2PCcK5bgY3dONWpFL35qMtVZ3WlktNO/Sx+ZVs2xWKkryVKE0rwjf+75qT137vVJNWOgW50HR7YWthZ2ljboMRQ2EKxBSuFwxVQwGABu7sOFzzWRd+ILidQtspggdQu9mOSFHTce7EE54PXnbVK10ieYhWKxxx53SyE52v8Ae27vz3YO0HAC4OZJ7rQtKXdLcLdvEckb+NwztHYE59QSrclSevrxjSglyQiopJWjs0uXrpayWqVne+3XOEU7StObbTv80rJ9Guvnonor1lW6uFG0sWkAGXLOpBIHy5XAwMEDAB456irf9nW9nGtxe3KxBDlvMcIoHXaCeSMbgOOB/tDnLl8UX+oL5GiaexaUYFy0eFQ5wNpUFQucAngE9gDinWfgXW9Y/wBI1bUC+SzPEWysbEkqNgI3HGeOBwOe1dVKEqmlODaW6/lfup3V7q99fu32c6ior36iglZNK1+mm7d3p0urvXUS88Y6XaMILC2k1GccxrErGMsWJXe2OSMg575IPOCc82njzxSQ8Uf9j2rrkxqGWRlxkjdwQcDgAdiTwSK9h8O+AtG0tI5fKa5nx80jAfKdxzwwAACtlcZK8YHOR3C2dtCn+j52MSdvBIXkEDdyDx1GOSM8nn1KGArTjacnGDtZR6e6mru6W+l1fbXqeViM2w1JpQjGU00ryaWmnZtb/O+vRHgWn/C2zMyPrG+/kkCi4kkd3LnBJHz8Y9cEgDr1GPSF8DeF7a2e3TSIJIWUxvDIiPG8bqQVCkAFQTkHaD19a7treJol2x/efO5jtwR0+bA+nflTxnGaVxZ5b5JMyKQSCdq7cZBXBGTnBzk9e/IrsWXUIRcXGMm2780VJvZtXkmm7a6Wdt2tDzauc4mbU41HFJrl5Gk1pHRPTyvZLsfM/iL4HLo1/J4k+GOoTeHdZQ+dLpisfsV4EO/yWQkJh+wAB6DBBNdV4E+KK3l4PDfji1HhfxTCxRGuF2WOqOu1We3lbCFnJBKhs854PX14hiC07MSqkKVyCDnPPrtXBz83Yc4ri/Fvhfw34s09bXV4IjLGxNvfRER3ttMPmSZJEw8ZRxkr904JOT18qplTwlSWIy+fJN61MPLSlU2bsrNQb7xv5nfRzmlj6aw2ZxVSNko4iP8AEpyaWr/ni30cm0tU0rnpWYQVZiqjIBYnIkwOqYONp+U5HXpjvUN5eRgAwkNIjHbwMHIIGByD1OT83pnkZ+ZLDxdrvw5vItA8Xyz654dml8nSPESrl7UMcRxXzAnhRjDucHbliejesSa1BcIk9mTMkqAwSxyBlcEEjbtJ6t2B6/lXdg8zpTTp1b068GuelNtOPw7NvVXV072a3sjhxmT1KUVUouNXD1NadWCb092yej1XVbaq+h1SXpgMizuu44BOSGUtyCo/ugDnBHTGKoXHiGKM72ddqMVUsfvDplcE4HpznPQ8GuKu9UkWFp55IoD82+a52RRouODlioOA3PXGBxjaR4h4n+Mngrw2s0Nxq66hdxhy1rp58zfIBlVLjPBP3vmwTn0p4jN8PSSlOol3u1rrFWt3su6V7W3sZYbI8RWcUqcnotWnrfl3eum76X9Hr9NP4ojZGaNMySBkVTnhegOFzgL2yMkduhritf8AHWhaLbST+INctbGOPLvHJMNzhSSFEatvJPy4J5Hv1PwF4u/ac169hmt/DlpHo9vIrRrLJ+8um6r8vOVPTHJ5IJxnB+dLzVvEHim8L317e6rd3DAt50krCMscYRSSOT8xHboMHr4eJ4ok5cmFhKd00pPVJOzd9fWy8tbtH0uF4XpQUZ4qcYpJNx92+ltG7rXo7fNXWv3T40/aw8P263Nj4R06fUpsmKO9nfZb5GVDY6tjG4AjJyDkHivkvxX8W/Gviqef+09WuhBIcCytWaCBVb+AkMCwxkEYGSBlSM53fCnwd8Q62kQgs3WNzl57hSiIc8lAQA20HgE8dcZwK+gfDH7PfhjTlS48RXUmpTBxItuDtXfxn5j1z6HOB15Oa8iVDM8wkpVJyhCV3bm5Uo2S1WrS832PWeJynL0qdJQlKK5dEpNP3bq+yv5W6XPjPSfDHiTxBIlvpumXN3JM+f3UbsCS2MtMQApzzlSeCCwJ5r6F8KfsxarOkVz4kuo9Ogk/eG3yHuSCd3JPII5BAJCn1wK+trBNK0BPsehaVb2hEWAIoELYAxueTbncv8RB5OSQDk05ZrmVXury6jt7eNSZJpmVY1XuqM+CxHJORgDpXTQyrD00nValNPra2lrNLX83tqtVfzqucYmrJQopwi2tVa7+FLb07bdV147w38O/APg0FLPTY7+6VcPcTqsj+YeAUDAjbgc4GV54zXoMV/dTyRwWVnhxGQihPLiiRScHaFCsRjnnGQMnGBXnGs/FjwF4VVxbONYvkLfKoDRK/Vjnpgcnk9fevnzxT+0PrmptJbaDt0eyUsXdADPKSCDtY8jP90H1zgYreeLw2GtGHInGzXKtW/dtZrXXeT237kU8HjMXJObk1K1+Z3cvhemisvO+iW92fVmueIdM0bFx4h123tUCkPbQyq0zY/hKoxAzxwMDqD3FeQ+Ifj7p1nHJa+FdLWWRt0a3d224pkZEgyAQoBz0XgD/AGc/HV3qep65eNdT3c05kYktPI7uzEklvmOAAcEDd6HdVmK3YOW87BUYdi2ecn5dpJwvPHThfXmvHxWezWkXbdJuV23Zapvba1nF/Pc9rDZAlyynGUm3va3Z2evomt/VXO28SeO/FHiMsdQ1af8Aell8m3do4/LbgrkELlh8rZOSNvQEmuGXTPPZ0VGMZJZnlblj33cknuSOVJ9Qa14Gs7eFgcYY5LYGWOOx6g5AIIHbj2x9Q1qC0iZVlSP5sAOfmJ6EevIAyR0AXABxj5TFZvUm9aqfX1d42XReto3du+30mFy2NJRSUYpWukr3s4336230vrvu3vw21pp0EiJtU8N5hG4yPyCufmGOcZ5IPXFcnLrjG5YIpIjLKWYfK3Xk5wu1RgjbyV6AsBXL3XiyWdJYrSJpWDBDO5IijGOdvBXAAPTnANeea34o03Romk1XV44VcOXtYJVeeVjnKnaSRn5vlAJBycZzjwquY1ZztzczaWru7J2Wr1stt7pdz140YJRSSWm9lfppotNm0krJu/r6Nd+JIFlbzJvOQFiEgALSODk4IycA5HOM8ZUjBriNY8aw2BLzTQ2Ee0uzSuGnwR8qBOoZuwIHttxmvKF8Z6x4mkksfCdgtlEAwe9nG6TbggHJztJyCMncf7ori/E/gnxDpb213qk82oyXjff3EoHzkKACRx02lR0I5BIry6mJqVJcrk7yfl5aWb0W3ZvS3S28Yy5OaMXZbu17bLfbd20V+vU6LX/iRBcS+XYQXF/OxI8+5ciMAEfwDjaOMA4LdOe3Azah4g12WRJ5ZpFPyrFExSFFDHKscjIA9C2eB3rpvD/gmS4bN42FZgSqKCcNkAZB4IGRgnAB5Pp6rpHhCxt2UpbuY4mBIJ3NI2DjKliHAA5z05Bx1pKi203q+t7ve3m32t2u7MIxvrKaS893a3qldve22nZnm3hjwXb3dwi6nM4TAYWkKn5wBlQxAOTj5RxnOTjqT7nYWOn6YsKWdjBZJGCvmyIrTk8jPPJb68cgg8AHVTTLOxlaW2jS3l2qWZsB3L8L5aYBIB4XbkAYweRjdsfC19qEscjQOsbfMHnOA7NkhlTHOcgjoMEZHANd+FwcptKKvr73rdJ3bva1m7ryKlUpUIN8ySW7u9dkrN9dOy/U5UieeUOHZ0JOwSnaif3n28Ak8DGMZ474q/b2U95cRW0CSTkZUrCCqbj0A28MNuSfunqAO47ibwnZ6U3navfJ5qsSltGdwwR02gjLH7p6BsE5wMU3+3jZCWHRLJE6Klw6gS52kBtuDgk8j7pHPavoMNgMLh7OrUhzXvbSTS0dvJ3to1eztqeLiMXXrN+yUlC/xO+i0tbo291a9la7e5Z0/wANvBE09/JDp0G4BlYgzSY5G0ZBGTg/Kp53dckVsJqPh7SkMtjH/aF2gIM0wLRoW+VvUZXpnIIzg+lefXU2o6gP9MuJPNBO3czcLnc2F6YU8BScYxwTjODfa1b6ZG4adGKoVWEgMXfnJYEEhVPCnad2O2a6546jQg1ShGKSS5rW1dtVHW7Se6VvxPOjg6lZtzm3eV7ptJt8qtJ7vXW99PS1vUrfxTdXt/FFPeFEMoSNcBYFMh5wOhCgHIweo9QK7IahYWbSeTmWZk2yNJtIdjkcZ6D0K5BzurwXw9G19aG/l8zz2mV4kZiFSM87wp+4CTz8vGQcEZruC87+c8koBCqsTAttK9NoIOWJwM5PUdeRXz8uI6s60qUZ+7F6PR9O2iVuVKz890fQ08jpwoQqOC5pJW0T3Su2rNPRbtNvS52F1rziOQq+1wDsU8hFAOckgYB564ByBjqa8u1zU0Xfczy72JclF3Lv4GBnOM5PBB5A7tXSQ6fqF7EUEZbzcbppBswp4+8cHHuFxgfN/s4epaPp+nB01CRHmQBgCcxIB8wUgfeAU456+3FYvG1q8k23J3VrXcUtF7yu9vLZrezMp0YUXtGKVkrr7W2yWvW97x0Xz+eBqF9f6hefZLR3klcqq4LBFOVAOcBW4OeM8Z56V2Ol+Bby8gim1q8S2hJLPCDhgp5YHec9MAAZJwuFySKnuNd0/TJp3tbeNZGOEdUHL8gsx9hztGefu9RWHeeJL6+TEsuyPaxjEfAOB/EQAMZ7HAGT04z1UaU6iSnK17tq2r+Gy006ddOrPOq1oKTnG0mktrPrG/ZLRvSz0vc7BI/DmgskWlxLNMzbJJGAkIK8H5j93PcjA6EcEGpLnU5rp2ypjVlZXwcBht6eg4AB449hg159as3lxlJOd2WDHkAeoyCTg8E5GMdsGujF3GloilvMLgqp4ADHBGDnnGCTlsgAAECuyFOLaaXw8trW206aNLW2l7K+iPIxOOcpOMXyJpWdrX5eXS2jW+iV09W1bftvA148t9eW250QlRsRiV3N91icdc9cZPIJH3VHYfE2wkn+H+ogx75reaKTgNtAyPlHfoOvOSTg85rzLwHfeTr1xA5CKyFs7Ry45BBwfmz1AOfUfeFe/eILZtQ8C6yJATvs3kc7SOQHIIHckZyfmPyY6sRV1KfNhqqiot8slJ2WjSSe+ybWjts3toThpTjiqMpT5XLl91efLo1pq7K22knv0+HYBiDZ8yts/eP1yMZAHzdc5454Gf8AdwdQ82S+hAY4hCGNOTlhySQB8uMZxkjGeeePZPCXw38TeMLmz03w5oWpanc3EnliSC1kMQJYpmST7qqD/eJwD1xzX3H8Of8Agnpqs6JrvxR1230KwfbKdPgYG52KcsHIJ8vIJyBnnaVwcY+LhQqVJpOPVJWV+1nZu9l212u73SPt1GbjG+i01k0lum9W1fVb66/c/wA+NJ0PVvEVpJpumafc3t00TFxAjSehzwPlH8R6HPAOen2L+zJ+xX4p8evFr3ie7j8N+F4rgJc3FwyLcyiJ9zqqsR1UFRx1JGecj77tPCXw7+GGiz6N8MPBlvq2qSQC0l1S8h82WXcu15VZ1JDBjkYOAAOTjin8CJ9VuY/EGheJbxrVtI1iST+ylbyYzBN86AopOB8xG7Ayc+xr1sNk9eu0uRxUr62tp7rba0Sf39beeFTF4XCx5pNVnHeKVldyilpfS13f8T3Lwp4R+D3wftksPAHhe38QaysZjudWubdZ2aQDaZFkZCFw2duwnB554FWtZ1fxVrgSK4vBoumygh7OxwhIduQ5XbwM9QBxyOeK1ZNV0jTUljtEigVVO4bULN8ucljgjccAjqD1BA58z8SeMLe13y+esSlSiKCHdyASQBuPUAkcMfbABH0eGynC4en76U5xVuaSV1a2kbba9dddjza+bYnEuMMPD2VNvaK2Ssm21Z6WVvzepZl0vRbGVgkImmK7Wupz5zZxy2SDyeTxgc8k9vJ/GOr2Oja5o9+skZ3nyLhFG2RgMbS4GMDGSOOmOuQKoat4uvJgbhJk02xWJnlu7qVYwVGAwDMR2z0wfXJAFfG/xQ/aC8D6LdOh1BvEOoRTFhDbPuSGRAVXDggYJIYn7pzw3QCK+Nw+HjyxcfdadklaycbJafLz106LOjhK1STqVJSTlHXVu6bV7N36pdfRo+5JfGC4llQ+XAFDAttRhzwWdioMYxnPzDHUE5A+dfid8efCHhPzX1HXY7u6KMEsLFwx3LjAdkLYz0I453Fhzz+c/jv9pfx34s32NjdtpGnNvRI7VtsjxngK7jB6Y4GecHgmuG8J/DX4ifEu+H9l6PqN8kjB5tUu/MS0XfkmRp5dqEDO84OcE8A14mJzWriJOFKm1suZa9U79Let9m36ejSw0KSTk1Ukne70im2tU1vbW3a+l7nrfjb9qTxVqk95beGI49FsZwyC4ILXLKRgFXwSGwc5B4PuAK8NstG+IXxK1EJb2+r+ILm4feJHNw8CFznO5/kVT0HzAYOM19N2vwb+F3w1totQ+J/ia21rWIgsqeHdJl8xQ2dyxSspYlwQVYdOOxIzn6v+0HqRjPh/4Z+Hbfw5aHEUD2dr5moXAPyrgRqZC5x6gsckjnji9lUk4yqztJu3Km3PpdW1d29rvT53NXUvolorWUfdja6W7SbaaT0WyvfcraD+zTovhm3j1j4ueK7PSIgu9tEs5Y5r+QYBER54DAkHbnBGepxXaD4weDvBUDaN8H/BdnaTeV5J1q8hW41CZzhDNGWUybmyCFAwxJHI4G98If2Qvjx+0BqNtqmrQ3+jaVNKjT6z4h81MqWG8w28gByV6fL2yDk5r9qP2fv+Cdnwo+HrWt7daQvjbxLGiSSanrcYOnQyqM5itpAyNtcZViByCccgV6VDBSjBT5I0KaS/eVXeb0Wybsn9/wChyVsQk+SN6k2kuSmtNbNt62W9tW7a3Vkz8a/ht+zD+0v+05qdvcSWWqWOhXMgaTXNd86x0uONm+/FE+1pMA5QhWG484UCv1+/Z/8A+CYnwX8A/ZdQ8dCT4i+KYNkvkTIY9HtphgsqQrlLiMNjBcKSFHynNfpXpngaDR7KCC5aJYLUKkFjp8S29pAFACIkcIUFVC7QpAyOMgdeu07RZZZkEYW2h2KEEfBbHOWK8nj77FgW9PXVV8JRlH2fNWqaXlJXSl7uqWqWuqavv0SuaUsLi8Qlzx9lHS26dny9baK38trdWrmF4d8H6N4d0210vSNM0/SdOgKxw6VodrHbxrGgAAJiXduAGG5wRksTk16npHhu5mUSJGbS0c7TAgbzSv3STyG3NnknOOucHNa2kaFbWBWQzJHEB8xJV3LEckM+Gxu6dfXGMrXTHW7PTYgICJSAP3hwBx95txA6YJCgENyCT0rmnUxWJlJU4Sd3zKy7NNKKjbpe6aTbd9Vt61PCYXCxjKrONkldNpt6R3fR9/0dmT6P4Vt4VZSkaKGLb2wHY8AHOcjBbaQBk4IJFegx3ulaRahWKxbACHfG9mA74PC8EDOCeRgkA15Be+NmjRkgxI5BIVOdpI+Uk8r13HC5HGTz0898ReLltoXudZ1eG0AbeYi6+YwwWA2gjHGB26DoRWuG4bxmKkpV24xlZuL1dr3atsk7pO6T623RnX4iwmFi4UEnJJK+ll8N9V320fa1tj2TXviWW3QWjHIypMZAdtueAV5AOGyxGRknB4NeQat4tmlElxqd+LS2Xfnz5jv28HKBnyCcgk5ySMjkg18ueJvjlawTT2nhyMyzfOpv5W3AHnB7sSD2AAOfTkeL32u+KPGE5aa5uHG4qu+QxRBSSSwjBw2fmILDAJwPf67LuGMPhnFuKctNGk22rW6Nfoj5XG8R163MnKVrLRSsndrZdNO1k09rn0p4s+NeiaWjW2iRNqN0SVEzE+QG5BfkEEL+JzkY6189a34j8X+K5t1xPPLAxYpBGXS2jVs4BIKliASeQeP++a2tI8G2xQS3uZ50ACoOIgCBuAHQ8nnuD8xG4V1kcdrDGkKII0wV2Kg+YKOx4wTjJPbnGTkV9Vhsrpw5eWPLZLZLZW2t5K9uZvy1R8nic2nKbTd76rfWzjpLVpaavdp2tZI8ptPBMjMk15cGUYAMCZxuYZOeMcHqcENlSck16Jp2jpZxBbeGKKI4JxjcSQSATtyrdMn8/fYtLVo98gZANzbcEAsGIHzA8Hj5T0XGOuBW2sKRxgldyOA+eMHJ3DAyRznkZHHHHBr1IYeNJxbto0lzWle9rrVX33Vla3oeLicTUqK3NJR2td635b9G7JefRPZkNoz2ygNht5UqBhyG4zkkbic5xx7jvWtDK7M0rN+8Jwqt0Ixzz/DtHJwfXHHTBkuY4X+YEEnMYBAAA/u9Np7kADqRn1wNR8RW9gwdZMplmODlg2cYCj05HJAz3xyN3JJrbRJq+m6jfe21r6O/o7HnSU5yVk3Z92300XVX3T136bLub67igi3htrKuWyBksTjcCM9SfbIzkZ5PK3etwyhVDBpFGFXK4PGOOeQQMkckYyDxgcHqni2O4VsMFjCBlyNqsSemQec45XkZOM85rznU/GWnaZDNeXt7bWSITIZZ5hEoVQeVEhGcjpj+E8msZYmjBT55rS7Vnayslq+3N1vpa3e/o4TA1atSEuV2bWy/wvyd2/XrZXenq99r5DzCaFTtU+Wq4TGAMk9D043c4JPBGRXxP8YJG0rU4/G/hSRNK160lH25lcRW9/aiQ7xIoKo0u3Pzk8nOCVJzxHxG/a10KzabSvDC3HifWGLRRCyBaFHxgjcgPAbHQ4x34yfm6fw38Z/jJdebr2oS+G9Edw0dorFHMbEEBhxuPI4IHTIwRmvksxxbxfNSw9N1aiekoK9nzR15rJLd7fPZH2OCwn1KKq1qyowl8SlKzatGySWrfb8LvVeueL/2vbGxtoLOw0uXV9eeALKFcmJbkjDKGjBJAcE8Y7KOOvlcGlfGn43yi61y+u9D0CX547CNpIVaFjnbtBBdsMVOQCc8jtUGufs6t4OtLPxPot1Pf6npMqXN/HOjOJwjEsQuHGcBm64Y4BZeAfur4dalYeKPCuk6xZPGphtlgvY41VfIuY1CyBkUkDnJIIzng45I83DYDEVa6pY+cqe0o047SjdX95WTum7/AIdDurY+lHDurgYxnyvllK13F6PbSySd79LOz3t5H8Pf2e/DXhiKO4+xQXNyoUzXFwolmZ8Zyd+5kxhic5OTnoa97tNBs7MBIYAoO4cACNSMYUDAG0KFPGfQ987ESPCWBcukoLIcEKQB02sSeeMdACwzxUq3UL5gclWDABsDABPOWyM4x2Gc98CvqsLhcLhkowpxT2emrslbrq9Lptu+217fJ4rE47EqXPOV0mu/Lfle9vRJabrztQFqYtsbEHa5wi4GAMNxjG4EYJGfYDGcqX+zspCKFZ8ZYHcQpOP4cYOcf45q9M0Ufyk5OQVIYZPVeeTgYHDcZXpntjzXEhMoPIUHC4GAeh65bJBHAyO2cV6TqJWUbKOl+rukru2ttb8u3R2PPhRas53c3ZtO7u3y22d7tXXzTS0TerJcZB5KYUtjpkEAkZ4zwCB68EnOaqC7UqUQEMVUszDavPU8d8DoxyAMYJ5rKS538uxDvgnnCf7xJ5OCRkA44I5BxVZ7qFTI20HPfPcFmJPQAcnBPOSQSuMnKpXlZK+2r1v1T5bJeTT6/r2U8Oornkkm1Z6PW6Vlda+fdaW0NW5ud6qN+4KpLDJG4HPBx1LEYI4BABJBGKzpb4QqGVgN7Y5Ib5Rg8DBCspyc9zyeRiufuNVw7SKMbiQu7qFQA5wC2SwAIx/Ee+0isSfUvlMjOcPuzxk/LuY/LzjjuR26EjnldTVt8tmk9fhTSjbTS/SzSWvV6W6KdKUpQcE7uy2dpcvLpfyd7W189EdZc6yAAkagggnsHAOd2QM4yMkZGB1z3rlb/WxAzrkgYHynB8sHrjqRknGMnrzniuH1rxVbacklxc3cFlBwGa4dFYqCCdqnqv8AEAM4yDg9a+fvE3xkluZp7DwravqF0SEF+6t5KHlMphSZGyRjbwQcgngnzcRmEKKtzJuLSUUk272e23ndXu+/T28NgJztKb0WuqSWqjvfqr9dXd6PZ+5+IfFdlYLJc3eoRWsIUkNO6gtt+8EUnIIxggjrkAba+cde+L81/PNY+ENPm1G5DMjahLlLeLJIMgPHAxu4IGACW+Xnln8M654guUvvFWoyXbykNFpYkcMzZPyRRIBt5ONz7c5HUZx3kXhDTdHtUn8QTR6PZsB5Gj2LK1/d8A7ZmVvMO/j5FyckLxxXg4vNKkk/fVGCvu/e6d9k7KyeqS0vol6tLD0qSTfvdVe+rdrpWtKTVklsrdGjypdD1TxLdfafEOqtf3QcM8QctZ2xJJ8tY04mmX7oU5HGCQOK9U03RdL8P2yXE32fRoWUL9sulWTUrz725LW2GWjLcBAq7tpHfp9A/C74AfFr4sCP/hAvBUPhXw8pEY8VeJ7M2kEUTEgzWsUqiW4uCMlX2gZ43Y5P6JfCb9i/4T/DOeDW/Gc0nxI8bIVke+1kb9KtJ2UMfstgx8nbG/3GKkgKTnHNfmHEfiRkGQSdN4hYvGJX9hRmqk1JWaU5K6jdpK71V2l0R6mGwWKxXww9nTVuWT6LS9lsu6a6dL2Pzg+HXwR+LPxTkjk8C+Fp/DHh2QgT+N/FMLpNNETl5LG3mCuWYAtGTHtJAxgAgfbvgH9jf4X/AA+Ca54tafx34mXEsl7rWJLeOYfMwtrRy0ahWBKFQOO4zX2R4n8XaZo9i8KNBbR20arFb222G1hVMhVVVCqQgUbQQGAA46E/MPif4jT6pJcRWjkKA2biQlVAAI3RhsA+mR+GOa/Bs+8R+JOJZVKGGlLBYRyaUKDcZOLtZSqXu79k1btsfRYbKMLhXz1f3k9HKc1dp2jouZ/de3bVpG34m8XaVo9i9vZwW2nW0ClIYLdURSFBVB5cYX5RkAHHswJXFfJfiv4ha1qF9cQ2cKxqsbAudwzgMC5J6NjgKQTk8jsdvVtVLK5+e5mZmDySlmRM9lycqucHAwDgjOeK85nglllmkV8KQ25SuMsc5AA5IPG3I64PpXkYHB1KqhKu5SqXTk5Svq+VtrV3Vnd3fzuju9tRp6xWqsrW0+y1bzWmq26bXPDvF0V7q95FNqF9LNJGG3wIxCbBgqCBjPTawJOTjjcdp5I2abSIoSioGIK9WORznAyMnGAegOSAc17Ve6GJ52uGfKOCoCnaVGSBlDtIGeWAGMjoB04zUtOMED8Hyw5KFQGJbI4zgfKMZI56KOcCvqqFNQjCN22k0nbS7tr5a3ta+nV9HHEKo0vhWlk135Unvf593on18nurWfDK2UjGMBOruTyN3XJJyeSTzn2v6ZHo1iGm1UruUGRYlVQGIIIDHIGcZAAODg9BupviPXbHSIJftt1DAUG7nZubA4Cjj5scf7PXOc18p+LviHPqd3LaaZOyWynbv8wqSoBAyxxw25sY9APmUED6HAZLi8xahCE6cJKK9o1bR8vXbo9vmnZM9KhicLgeWvXcZuNmqSs3J+67NOyS0t167L3T6h8TfH3RfCsItvDtnA92qt+9ABVDg45wctnBI9eTjII+XfGXxk8beMJZEvtTngtZM4tYpZI0VOccA8AhScnaD75ryu4ujM2ZXYyM7M2SBuUAj5skgknOBnBxk8ms+e4dwUTLsQoZ9oJVd3AJOCRg8bjgjgHvX2WV8DZZh5KpWpRr101J1KqUmnp0kmk9Ho0n5mOO4zzHERlh8LVeFw6jy+zo3h0V7uLTaat5N20u2i690772Z2Z3dQ0gLMzHByRkgkZxg9SDnioY/OmlAAO5d33lypxySSRwTnp1wf73WNYvLCgDecISRyA3f7uMdcAAnB9QMVvWGk3V1IojB2Y+8y7c5wGyeDzy2TtOPc8/cU4UMMoxjGMVTWllFdFbqt9rKyTvoeFQw2KxdS7c5uerlK8ndtau+zffqvIrRW6CVHkJLbW4AyWJOQNv3RkjsTx69D1dlp1zeukax7QwH3RjK8HGcADnk57dhyK3tO8PW1oqNfuGmLKwjQHBGeucg7hgAd8hs7a7PR9G1fxBeQaToGl3d9dzukdva2EDz3UrM20ZWIMwOcgkYCqeQOteXj8zoYenKtXqwpQpq86k5xjGMY2k5SlJxSWie6St8Stp9fl3D754NxlUlJrlgk5OUnyrlUUr6t7b2+4w7DSLGzK71aSbLNucDaDj5gNxAAUcBsZGfU8+k+DvBHi/4hara6D4K8N6lrepXU6QwQ6faPcMod9gMrorJGOSdxZcYHHIFfpv+zP/AMErPiN8SJdP8S/FuWXwb4Tk8qZtOZN2r3cON4VIyMxqwPIOGHpya/ZK2sv2Wv2HPBrmFPDegT29vhriUW1z4k1GWOPcMZDTo0jHgADG4AD1/l7j36Q2SZXjJ5Lwnhq/F3EE70YUcAnVwtKp7sYqtXpqSk76uFO63vJO9/2Hh7gLFV6axOZSjlOBilKXteWNWUFy8zSlpBdbu2nRtK35w/sw/wDBIbVNY/s/xV8fdVOj6ewjuh4bt2BuXjGHMV25O2IYyGIJ2knNfpX4p+LX7Iv7EPhY6JoNt4et9TtrYiLTdK+zzaxeSxrhHnmTMm4sBu3Hd07DI/I39pf/AIKxeMvGK6j4Z+EqXHhnw/IZYDqhbdqF0nKZjI+aIMMkYYHjBAIr8h/E/jHxD4ivp9d8UavdX91OzSzXV/cPcTNJIxb5Q7Ng5IwB2wMA4FfnGA8MfEbxVxEM08SM2r5XlM5+1pcO4Gbp+63FqNWMXyRajZSbdSo9bW1PoMdxVwvwpTeGyHDwxmLjFRninG8FJJKTdRrmnrZtRtFefX9Nv2lv+ClnxW+L82o6L4UuJvB3heVpESKzkeO8niJZVM0yFXG9ewPH0zX5i654hmvJprnWtQmnmnZpZZZZWlmlY/M7FmZmDNzhcnBPsCOOn8WRlHjtDuYuC00owu7HLZOd2D0Bx83YkZrh5rt7m4mknkdpRJwGbCAEcuOcc54H596/p3hLgHhzgzA08JkuWYbCRhGKnOFNSrVWlG06lWXNOUpdW5N9uh+T53xPmec1XVxuJqTV/cpRlalBPaMKekUlppa+urudXda7LIXitgEjLArLJyw6KBuPAJBzz0/OsPzp53cSI8pkYBmJORwc4OBwR367c4PXFe1mhEUqSYZ2f5QEyCeW+ZvfChSSCOASDW1oumahqU6wWsUrNNMAkESGWYnkAKilj3IBPYEnoK+srVo4eLnOVOnC2r1WiS15npok9dtn3PDhz13GMW5zk0lCCbbTUb+r6uy7MmsIowGHlmQEjPBBHJIUHP3QOWJPJBXJruNE8J6p4ilS006ynu5ZW2Rw20ZbY7HjzmAJQAY4OAMjngY9w8E/AaUQwan4yuk0OycLKtkNr6hdRnLbFhHzJnBBLqCTkYwSa9Y1Txn4W8AWUmm+HoLTSI/LCvtWObWb/pgtIDugD+zbhnj0PwWacXJVfq+V0vrmIb5U1rRjJtXvJKzfdR06t3Pr8t4ZlOmsRmdaOCoJXtKyqy2fuxaVrq9nv297b4K8f+GdT8O3F3od/ALe9gRWlRG3FQ2CQ7qSu8k456HtxzpfCPW38MzuthZpLeyYDSHG0gAYXzQMoAecqcsQMsRkHc+JniGTxDb6lqMsMdv9omCo7kPcOuTgzORuJwTknB4GTzXJfDC2eWaXLZiExDu27DMckYJPsRgEe5GOPp8HXq4jKOfGwjGpPlU4JPl15bxXXRvZ9XpufJ4tQwmeKOCm5Ri37NtXtHmSi9dW+Xv8j3PV9V8Qa9dRNq17K9u5z9kgZktoxyv3VIUv0XJ5IAJyBVdLWNJTCIjHFIVypxvOM4Yt0xnqeeQSeenTJZQ21o3nOoOBICSGjXsdzZPOOi9cHsRz5z4k8VWFmk3kzB5UwM79rb+m1QcAKfyzkV51KLrT5KVPlj7qvFJLzemzvZ23263PTxNR01GpWqc0m1fmabTurf58q26dyHWpLe1VhIUWPe+WZgG+UAZ6jOSSc53Dg9sHzO+1We8mS20+NppnkMVskcbvK7MQFWKNAXd2PAUISTjgYr6Z+DH7LPxl/aQvEvdJ05vDvgu2/eap448UE6X4fsLRWDSSpcXPlpcmNMnEe/OOcnivqy7+If7Ff7DNlcWfhC0sf2jfjragpL4k1GKKTwfoOoqOWsYG3xXH2eTlHYYJUHORkelQoQp2cnzTbWiWuttbPRJebXT1Xn1q0qmkpRo0VJJzlo7NRbbTvZb6666nkHwT/YH8eeNtFHxL+MusWnwS+E0EZvbvxF4reOz1bU7ZRuePSNPnMc8skq8Rfu8HK8naK7Hxx+2t8Av2Y9JuvAv7Hfgux1DXo4pLPVPjF4ntYrvV7q4AMctzpQmQrbLwXjKsCowRnGa/O/8AaG/bG+NP7SGvTX/jjxVfXGlwsU0/w3Yu9poenQciOG2s4CkKqi4XGwkbQBnNfMIt57h43eQoAwLxghiC3Rdik/dxx+pPBr0oUZNXklFb2T6XjdNuyb9WtdPM8HEZnQov2eFXM+tST3eibSdrrVtXVtb2007n4m/F7x78T9bvfFHjbxFqXiLVb6aWWS41G6kljjLMeIomYoiqThVCkAAZIBDVwFlNeXW1baOWWQqfNYAlRuzgjnC9iDkH9M+m+E/hP4n8bXltY6PpNzePcyLu3RsIlDMQsjMo2qQMkgk9xhsGvvfwN+zV4K+GllDqPxFv4LjUSolXRLYh3aYDdibax/dgkDa2OBlhxgd+Hw8N9Vonr308ndWStKN0ulz5/EYitiJuVSbhGy999dtFbo9OyurLufJXwq/Z98YfEO9tZIbCd7IurT3MyGK2jRmBYvI+Mqq7i2CRkcD5ia/Qbwr8NfhV8F7Bru/it/FXimIrmNQradayHBQhs7SY2BLHngEkZArC1D4qSiGTw/4as49G0qBWhgt9NRUmkx8oM0sYG1WA5BOBnOByD5jqepQ28X/E5vmmaQmVNNgkDyb2JB+0MpyCx4OSD0HqK9alSm1H2MGls5JK6skrtq600VlZbs+bxucYXCXhCSqVHdtp3ellrd7Pskrrdnp/i74r+JvFbyWFvO0OmwRhPs1t/o+mwrjCsQm1XAGBhup4HbHgOseIobFZI4it/qG45uj/AMe8chOCEUkAlceoC7fYmsrWNf1G7jNvA6WliEY/ZoTs3BckecwKlmwBwfvAjPtyFsTdsRIwPlnKnaBu+YD72QRjqCOuOmMg+/gcDTilOac5N3aa0W3rd6307vzS/P8ANs3x+MqOlCTpwkre7K29vusmr279r3xPEUt3qkpOoO0sihnJViFXPIAQHACrhSOeeqrxWf4Whlk1K4Co3/LNVYgEqhKgszDJwOcHOQOecVf1aVBcSW6JhnyGdSDtEY3ckHqQMkdMHPfjR8JIlrbT3kx2B7gRszHkxqN2ex7ZwMduecr9DKnJ0rK6voktUkuVaLZad9UvmfE0OSGY/vZ80o80pSa5rWUfe3SWy3vZ3v2E1ImDV2ZypMQQAFieMAgAY6jvnowHJ4qw1zHIyqCYgnzvkAcE5CKATzjcPU5wMlWoubW81vVXawt2bLhBIB8qxrnJ3dBzkgg/w8kE5P3z+yV/wTr+On7U/iCz0zwN4Vv7mwlliOo+Jb+CS30XTIHf55ZLqVVjkZUOSEOTjHORn2cq4bxmZTjKMHSoQinVxNZ8lGlBKLbnUfuLuru7duVXdjx8947yzh6nUjUrKtiK0pKjhKK9pXq1HZJQhG85dr2tbd2ufFGi6PrHiK8trHRbC5mluZBBEtvC8s8zs2AsaIC7sxwBsDEkkAHkn91f2KP+CMHxG+Lun2nxI+OU4+E/wvTy7x7nWlS01jVrUEO5tre4ZWiSSMEBmUMSw49P1Y+FH7I37FP/AATY8PweJPijeaJ8VvjXa2qTx2921tcaPo15Cgf93CxaImOUZ3soY7RxjIr82/20/wDgrR4r+I8154e8Jao9hotuXtre00x1tdNtYYgyRRRxQlVdY0AXlQMjnnBP6nk2R4fA0VWoezoUY2582x1O1OWkbvAYWaUsR1tVqRULu8VJan848Ucd5lnmJlg4qvi8VUklSyPLajcqLdknmeMhenhorS9Kk5VtWrx2P0l8XftJfsb/APBPLwZP4N/Z68MaJeeJ7G1e3u/Ft1FBPql1dJGyNOLlleUl3G5FDbRwM8EV/Pp+01/wUT+Mnx21m/uL/wASXsGkyzSeVAJ3VEj3HhIg6qMgDJIwRnK/LXwx4y+KWu+NNRnvtV1Ca7nnd5C80rbQrsc7FJwB1wOpwD14rxbWNUO9isrFARGNrMfmOOgPTB6jOeSRwa5c64xw2UqVLKJSlXmuSrmGIaqYqpok+STv7GF9VCly8vnbTt4U8LMbn9SnjOJ0pUoSjOjllCMoYOjK0WueCd8RUtvVrOUpPyOz1bxVc67fTzXl5NczyMztPK5ZmZj0JYnBUkEEYxg844HP3l3BbgtcFQUOWkJBIY7SAd3y9weOeOgFc3He2ts4muSUTZ8pDYBcDIMgPAx64JwR06Hxn4gfEWzt5Ht4rtGZB8yR42yMOAvYnaBnPT8T8347mvFU6k5zqV5VKkneTcnJuTa1d2+99d9/J/1Bw54d0qNOlCjhadGlS9moRjBQjGKUbJWS2VnZXsvkd/4i8a29k7BApWMbmkJAyTwhXpzwSdvU/wAXJavKNW+JEgtphG2+QI5DFgEjIBKjr97AOO4OT0214HrnjG71ZpGVmTLFtu8gFdwwMcYzkEjoOnbJ5y91C5MUUMk4EwkDCMHA2EcZIwSVyTtPBycDrXwuPz+vXjKEW1GTsvO1rLVtvXvaz1Tdrn65lfDODwMozVOLqLl3Stf3dtG9eV63t3NLXPE97qUrzXUhkeV2HzsfkUHAwoIAHBbJGD0PXJ5qF2kR3mmWNcvsOSpMnQfw5A5I6eo2nOKramrB1lM29X2q20nbkfewB1AIXdwO5OCc1lyXjOFDcBTwMYzyAcnHcDJOMc4znFeBGcqlpS1b6tvsr37t3uui1XTX6JJRVkrK2i27a6fra/c01WS4RIMK8gdmWThdwBBzuPJPXBx0JAHQl1zLMmYtxUqu1mX5ccfdG3r25yB1GTVa2vAs0ZYZUfKTnk56ZPOFGMHPboOaW6uhPM2Y0UMChYHk7Wz94YwMZU5zk5zggg5SUnNLS907t3aSt2SfRX69XZaptvv62e+y+e3+RXjnkEpkjkKlQRuOdwODjJ45O454wCARnmllmEj7n/ettKM3JIxnPHXgjPU+hPU02BGd/KDAZBYgsNuSCRhhkgkccluo5609ljjwqsTMTvY9QepIxnG4gZAYjORyGNHuxdrX5Unv393+Vqyvu76Wa21I6taau2j+Xl63b+7RDAohQupw+BgHHKsMdMEgn5e4I64OaZKpMDBy0ZLKVQk4xx2GOe+emSB16W1COwQxnhOSOCeOc9COeuSMggj2y5jtJRixIOQMnA4wABkjjOffGAdp5qLUpNJ7NacrV7ct730WqfZv5WLkmla6tZeV7fm9Py8xp3MrATFhuxhiTnAzkcHjJIyMcckc4ApDZLISFAGVIzkEc56A7ee4zjtxURY9Ac9MHA/HjHfOMHPGRzmnKxPAYjgAjAHUcnv0Oe2DwMc866/l+n9bL5bkq3bZWV9W726Pqm3a2/XqakEsflOrAbwAc7VO4cgY4BH3TkkdSTnnnPlBYgkkcngg9GOOOeRnjOf5Vftfs4QtO7AnK42ZAXsQTnueBgg8jtmmNbhZWYnfCpxvLdjjbxxjGcknkDpjIxknFTlpqtL6rSKV0la7t2u3ZJ+ZUpJqys9rqzVvK3+Tslpe5nFMMAGHTIz/AIDd0z3x0JxwMtGVOVJz64x16d+/oe3OKnbazlgCeihRyuAMjn3AzyeuTwAKiO4MSoIzn1z3/H8OMnjBFbEWaV9Lrt3731+ers36DkOMMQG9FOeD65znpyR3HSkEbNwMZPOMAYxz154Az78dOeZoopJWUKjlmOMAED8cnAAx156k+grdttM8ly90jhV2siAgl/lzzgcdTgdD69BUTqRhu1ft16LXfq/6s2S7233el/kn+iv6djBEEknyxKXIwpx3zjOMH165x0PJzitmx06S6KKkSZRsNnPGR1VeSxOCOOOvWuhttGV0e4ilEQYhkiXAk2lcEsM45HBPr1zxjMku2tJMxSsjRMyjnaCQME5HB9M9R83TGKydVzVoNJ73W1l3Vttnvqt7a3EpW1te1+jslbpvqu66vRWNAafbQHaoKMOXBOAT0yoU9Rnocc+4GNnwnBGPEen4cttu13JzuQZyMHBwTj09z3rhl1CaeXeSFIJ3biT17AnkjGTyBkgAc/d7P4ezGbxVp0ZO5Gulyu0Akg4+Xk8NjHHTnjniXGcacnLX3W7Pq0o9np5eau0zSMrSS2akls+rjoktW317rRdj9HPhnHNc6lIsWAh8td2CGAwCQ3TJAGPTOQOa+oNStiNKUM6qqRgsDHnKZBJySAfY8d+nU/O/wxtnGoSBB5aO6E5PzsMZxtOc5yck4IGBz3+mdcQT6ScBiI12DkKH45YYOOny4HQd+qj08saVGm1vdW89Y6b6d7q7Su3exnXdpu2vdv1jo79U9NVu7ajfCscK6fJcLGZCQFA3ZYcdQOSDjnBAGex61zWtvm+lU708tMbRhc8DHQZyevALEjpmul8IBktnjjUpGVXcpGScdNuSwGCAeM4PPOK5vxBan+0JHJZuWLhiQVVfmBUdN3XJPODgiv1vg2f+0xbadoxStf8Aua20vq+z3a0TsfhPizByym8Y6yqKL1SSXKl1SstV0aeqb01S1mTZGilRu+6QSvOWywY84weTjJ45HFdxZXqLAisxDN8gX5cEnOSrNncBngHaegBryqe7S2jTe6KE3BU6scY6EcAKOp9WIOAcHVs9QWRVkD7xtDHcwUAjO30AYYztI3ZxnHOP3TCV1GMU30hZX1fwp3T228/lol/F+Y5fUnKbUXZSet1votrP3bK6tbW+p6w92BZy5lKtt3OxxycfKByT9eMdRnGa8v1O7k+1MwkDxj5mLkfMe+UOM9ug6DGMc1rS6kDaO0syqqjZgc5OPveu0AAEkjHPoQfNdUvpLiVSilFBO1mB+faMhuSFbAOSMYx8v3hmu2tirKLUrv3VbyVt3rdLt5Jb7cOV5ZapO8Uklq21a+l7J7K1rWVtFp1OU+Kd0ZvBuvhAedMud2ScAbGyBn1wewx83yncCPyBuGCyzggnc7g8dMMcc84BB6jJP5Gv1m+I3mN4J17fJh/7OmLc/Kx2OQBwdx4OR0J7gGvyRuWImmZjuJZwTuxj5z8pyO/8zg45r+e/Fuc5Y7L27/7vUtd6qPPF+flvbVdOv9peAFGNPJM1hHW2NpNX3a9klfro7Oy76rQRcYBCsxHOQ3AHH8PsSCDnJ6YxmnwmYFdpDAkY4AZvmBAxnkHnkZ5z9apbgwBUkdmBJO7nPUDnPPUn68V9A/BzwNZ+K7oxXaxx+aMRTSFd8OzJ3mNsAqcEArk7uwJFfkEaTqSSjd3cb+Sukra+7dv3rvTfR6H77WrQw1Cdao0o043e99LWtst9O+r6HNaN4fubxrKMxNCk2JpRIcMY+MsRnOCFJ45bBwpr6M0m4tdLshp07mysLKPzmkUKJbiQgbVVwA6KQQATk5GOcmsfxQNN8LXi2MJjvr+GJ4JpBjCrGf3e0DlcgAk5zkkH24o3VxrKiBEmlvLhWdgGACRqCQqgtgEc4JwSOTtwc+pQXsVy2Tlol20tt1W62aelnbU+JxdaWZVIV+acMMnFq7km7W1306K/yd0et+F9E8AX002v3LXdz4laVZLSyeRSkXz7VkkycuoAAxjgDnJwDQ1vUrjSdSvw8nn3FzOqjyiFCggkbXzkBRhWHOME9Dx5z4RmvdFubi6ubcQhQ8Ns0oO9nDHJyfvqu35u2CSuc5qa98SRS6oDKguFdt2QPkWdjtLAnPC5/ixwOvr2QqRjCKSjFt2k3pzfDyt7766vRK6R5lXCSljJzdSVajGkoQ5tYx0horXu21q+V6N38/Q/DfiLVby7h0yBr2ZppHW6aFDLMqYOUDDdhMDCkkL3HRRXt/hTXPEmi2N/Z2+gTX1hJK8EH2qyaSQSysyB1coVYgHPzHg4OQMCuF+FFtqcl1LJ4W0f7bcNE5vZ5JVBUE4JRiDgdMMpBydp9T7VN4m+JmgW7abqWn2cNteI6afFEYmmBZjiQuuX3npuYKeQe4Fe3g6akk5N3a918kXFXjFRUrp6XWj79UfAcQ4q1ZYajRoQd5Q9+vqrqKinCCb5Xd9fi36I57V9Fv4NNlu9YuHs7lyXNpA2BLGqb0hCoSsezvnngA85qn4G1q0t08hoBcyPMY5ZrpEZUhkyHG2TIRlGSCTzgYIOBWbqYv7Lyp9e1CTbcpI8VusrStHM5OFcMC27BAI7D5fUnG0DVLKK/Z5bcfZUYBdpYJcTEY2yAgjnOT2yCF/iz6UaMo1I8ygoWjo9Heytund7auzWljzaVGU8BUhJp1JO8HS91wdrNR1ck0tE5K/dq6Oq13wN4Pk1C7v4L2ZpZRvttgVoi5B3CUkjy0VicegHB5547XPhrd6Jolxe2F1Bqty4DrZ2x3lIZjnfG+WI2lvmwcjnkcgaOsmfWtSjTTt9rAqi2NpAzAOzDmV2TjyskFiegwTtIJGmtprPhWxVNQ1FPsspdIpISJ3d25VA3JCIcbwQDn3wRhicNRm5KMFFJSacFe8mo6NWvfXd22tZuzfThq2LwlGhJ4tzleP7iouZu1rvm0lqla8uuyuz5JnTUnvjZywrbvZtuEchIKlWDNkH7zADIDZYd8c47PTdQhurmLTryz8yBQSWALF5W+VDnkD5icgHjkDOCa9fvvDWia8n9obY4tTcGOe4nxDyTlSqcbi4OQRhs44zipPDXhPwho14J76We8kMZDRncVgYkEuG/wCemT8o64OcYwD8+sJUpzbveN2+ZtWs7Kz0dm9rrfXfVP6XEZ1hZ4eLnRqRrKK/dxitG0mveaTS03TXXRpkGneHdTjt49FiEFulw8c+VYPOkbt/rR1I2ZAYcnA7ZOWeIo9X+HGqJNceZfWN1AIrO4jZVV3YfMwIJ2hRkE9OTjk169DpGnandpceGre4W6heOGJZpP39wzcCOPdk7GzhgQAVHA5+XY1/w1pmnJp2mePMyymYE6cgSV4BId8JV8HapY/NgqCADnJGdpc0VGMZSjJv3Wpc1vh+yrXWt307aanxFXOadLFR9tF1IVG1UwsYOdX3bNSgknay1bkkt7u9z59XxndNZR2tusptJpld0CEs9wzAlVI+dvm4Jx347Y+qfAHjafw3pwu4447LXLq3NlaidfMkETKFXg48pn3YVjg8thRk1v6PZfCzwTpcWsX3hiDWLuS5j8iIOGgiC4MZRRvKucLuJVT1GfTO8ceL/Dfim/0+60nRtN0OaOZJ7gocR/ugDFExKgKU24Cqw+YscdDXt4PB1KTUqs4ybjFxT0au4+83ZrTXW915Hw2bZ1huIVUy3DZHmEMJKThLE1IxpRUqafKkozcnTlJa+aWnVs+ONrp1x4Q0G11+eeTxTqjLPhlQwQWZG5Cq5GHGTlsg5I54FfIGmaW+lwyz6eZLi5inK78bUgUNknKghjwMjryeo+WvpXxRez65d21+gfxFmCFG++/2GKMkyIoVWEaMq4JKgEDvzU9ho3gnUIbrU9Tc6HpkOdtrbqxlmulXG08AEO+Rye/APbrxVH2lT2kbxaSte6eijdt6J3d9fSyu0TkGPWQZP9QqupWbdWrVp07uUZSl7tJR2UVFrddLpI9B/Zz/AGm/jF8K7iW78La7qLWbPAl1pn2qeSzZEOQskZYoIieNgwCCBzjLfRkfjf4kftBfEzTF1mTUrbUvF2pW9lcWmjwThbe0uXWCSV4YkwVKEk4xjknaKqfsyfDbwLqviDwna6lD5WkazqCMYQoeTUw7qkEEpBym4ttVFYc9ASRX9QnhD4HfBL4LP4Jh0DwDaJ4/ntoNQl1F7KKac217EmIg7KwQxoQUAOeDxzX6jwXw/mucUIQqY+UsHSqRSw8qkqkbNRlJRjzJRvFO7Wz363/hjx58ZeCvDzOsbVw3B1+Icdg8R/woQw9PDtTaShUrVXB81ppTkuVt8qTlrY/ECP8A4J6+KdI+PemeH/DqC90FbaxvrjU7oxyyLZyrG16ZIlJ2uDvVFZQVOBnJJP2D+0TcXn7PHhaz8EfDp7rw9oXiSa3gn1GZBAmpTRwol4zOdpMZYuFHT14ya/ZzS/hVDYax/wAJTotjEmr3MBS5W8QSSv8AaMsxIwwjjjzjYMDI46V+Kv7Zngr4u3/xN0yLx9p0mr+CLbXDJo0fnw2lr/Z0T+dPFAAwl3SANHkjd1Ocg4/WlluWZRgcVDL1B1avLGtUhL36akkpR0s4qytzRb13b2f8l8OeKed+LnE+Rw4qqQoZVkuHeIpYHERdKGZV6KvGeslTrVEuXlhLRPW2rb/PvWP2YPGV98Ndf/aM1bVLa18N6ZrJZIr6BwNSy5DSWgfajRseFcZDE8sBjP526nrti/i1JrIxxS31/FOxCiKIRrMMLE+VZFwAT26gHqK/Q39tn9rXxr420TTvhZ4Z8M33gL4WeHbC20+Lw1EskUOrTWjKhundkjM4Zk3naXwwyc5yPyC8a6y1y9l5KnT5o4SXXbtKKgBwW4w7AEqueMkjJ5H4Zxbj8FgsUqeBjUk6Si61aqnarUclzuPM01BPRXabScktUf6PeCeU8Q5vk9XF8STwuHjjqk1lOW4aVOX1HKnywoQrTptwlXnG85vXk5lHdafTfxe+IXhTVYbO4tjbx/8ACOW62sNkqL++uJF/flpOTM3mncG5wM5zkZd8OvGng/w98Hdd1GOCC58Sa1fNHDBcFmktQrkj7MwHAB+8FwDjccc5/PDVvEt1M/kKz3EQMjyGSR2Z3OQGU8enBCg7WIz1r3L4c+ILRNLtrbWAsyWkEtxawBeDN8wVZR8uc9hkd+Cc18fLi2pWxMqs4QjUjRcItptJtQipLdNqKaTfq09D93reHtDLMio4OFWrVpyxdLEVYOb96nGopuC5Wm4uUrtX5em5H4h1+zvf7YnNo4lvCQ0jDc8lwTyyFsyIAzc56AAZBDVx2nf8JFOYtKsbX7L5kTmS6aRo2YOm4ZkO1styQSemAoDCrupEy+IHumgYW9wJJmgjYfuhuY7cD5QN2Ccgeg4xXL33iy4iu2CTlkJWNkjGHiWNgFXcDwzBRnp+Ga+NxWKdarOc225S5pN+7fVPdetm7r00Z+k5TTdDC0oUacp8lKKinqotcvurVX2afX1R2FiH0XTW02W2ie5iMt3d3ZB3FSSNqOxJfGTyOMnA+WodLbSdWhuraC6FnDPC0kplKNILlV4b72QH6g4IBz90HmpqV5d+K5LO0hb7JH9nWN7hcRknAIilwpGGJA+YjHPB3EV5vPpN9oWsXIup5UgjkVbiVjujeJz8qrg8sAwwwXoc8cY4qs7tJtcllpeyfLypab9Nd3r11PoMFTdanNyfLXTtFS0uly2um/d0i+zvfV7nc6PeT6Zqk0ep28s1rbootZjkq21tglcYCsjA4ZsEKMk4wK6TVX0u1ntNSgQ6e+/7TIMKy3MgdWVYsYOwgHJ+7ngjGM8JqN3qLaZHNaN5ttayDE8hAElvkZj2nlkGNpB+g+U8dnZCw16zh1HV5BbvYxQCHT4wp3KFOWCcZDAH5eT0yD35J8srNbJpu3W7Sb19bx3er1vu61KyU3ZXdqvLGycna2ttdtG0rPSN73M7xnq8XiGZb6eAzW/2YJbwhUGGXCyMyg7VbncMnHJ4PAHz1r/h+wg1EXFrcbHuFE0UCKCscrDkEDI4wck/KWGcnqfXfEaq+rI1oJFsJCyi3iXayptXcXAwEzxgcEAYz/DXlN5MIr+7MStIVYtFJy5i2EEoR03csD3yARwK8LM604yj1d726tOy11s91vdK3kezk86tCEbScFLWSbTe+is7Np3V9bprXay858RaPPZ+XcRpJcpLIfMccrv4LAAHAwcYHbnJwTjkYFVLgtIGjYngcMFIByxGD244IIyevGfdYbm3ncyagGjQKJIUZdyNJ0wUPADcEr3AByBivPdVS2OpytHbGOIys0vABGcbQo6hfbIAwc46Hlo41Sj7NwipRirtK/ayWu9nrzarW9mtftMHjHKnyzik3G/Muuz110b0fxd+qMqHzDHKERyzqWOTgMvOWA6k9CwxgZAzzmrUNtcXloVOSEAC7EYspLDhlXJxgA845AyOTjo7CwbUJDbwwsP3f7o4IO0gjACjJJx/EMlj74r1fRNCsLTTZbJbYpqMqATXEowm9j8qgnlWAGQMfTg8eTj82pYRO6XM7cvRt+71s7KzVtulnqcWMzSjhIubivaOzim+vuq7elkl667dTzvSPAy/YhdX2YzPs+yqnzFnJO7eCPlLEZ6Ae4rprPwfPHqsMaWLIkjRqFZC2+UsCHBAYBThd3IHckYFeuWXgue20yCaS/RpAfNjJk3xLGoyVxlsPjAA2jJzgjkGw8t1aXlld+cht4HwrsmSXTaPuhcnJ4AOMdeMCviMbxDXrutClUi3KM/d926lKySi2+jXvdr233+Lx2f1a7qKnNS54yio+6oxcuVJRemq+1o7a63Z3/hjwEI7uUamYrVUs/MikgYARTFMhnJb+LdtAOCM89CK66wTWraKHTTrMkdtqcj2MaCZhb7JJGVZLh9zAgg8YJIHI7483uNV1q7s5biBfKDuDdckgxHsE5PPG4hcZ55BzTYo/EtzALjz2h0qyCSHJZSuG3FkDAe+CMZ6jrX5hicDi8S6tXGYnDuSlJxhOnzyhNL3VFSva7tzO+6vbY/OcVl2IrKrWxOIpJvmUKbgpyjLSN4817PvZp/me8ar4A1Dwlrmi2+k3dxqBt/s93fzqxYQS5WZUjaMnejFtqgZZhhfQV97fGrxX4ZH7PHh2w1HwZbw3+oWL2wm+zqtxcXUybBNdcBgN5JXzMddxx8tfGHww+IGnWOoadf63FNqpXyBY2pQqqzW7ARtcEgiUHAIUljgHjHNfo3qnizw18ZvhLqWhaj4cg0e+igluzq8ECysjxK6wRQkIREGIBfbnnHRuR+Acd43F4LOeGcRmWBq1sHlma0niMxw9Z0HapUXKnSS99QlytqWqtZW1Z+N8RY+vhM3yh43Ce0pYDGJyxlOTpycXKDsopJtRWrk0uqVz+crxF4Tnh8VSWVpGZJJLlN1uEBKF2G1EZBjykJ5ycgAbuckfX3w/wDgr4r8SRWlhb3Ztb60MNzeSG7W3t0twVIWNQ43zooyAAzFhjB5x5t4l8JX/gH4gTSaw14qT3DyadNcIds8AJKON5wFAx8xOB7ZBHZxfFfVIPiPoXm39to2jJawRSS6fsEcMKIqtPcqp8t5QBuwT97spJNf0pn2Y5rnmUYNZFVoypRwDxEMTOnKupNU4tRjSWs5P3koXa5t9rH9BZ5mGaZ7keC/smpGdNYR1PbSjKq/4cXGMIKzk3a1l9pd7X/Z34afs8fCu28JRaJqHxM1y58Raxopuk0eO4eK5l1lFzHAGdwY4mYA4yokXqTzX59+Lfhf4z8AeKdat9Wt2jhu9Qe0jjvz9oadJpP3DI3zbcLgNsI288AAY/TL9k+7+DHjOA6/qdzqOueJ4dIlFtezX8SwSpGuyO5UBw8DgDKhRuJGMElRX1AP2ao/F3hnWPF8C6P4iurcTXGjabd3P2y+t5o8yrLdLLxHHtAUEsAOT9P4Rq+J2K4J4kzXL88r5liFiK1OjVWZYSOHisRVqc0IYRwk4xpxduZzjF8qXWyX8iS4rzfI81xeBxE8XUnUlUhWp4miqSoyU04qMXbTRNaXcet2fh/4v/Zp8WaXoNt4z13SxcafceRIt9ZykrZRBQ67ASMjZgMTjD4GcsK+ovg/r/wp8JaTaG3a3nZNMP2htZuWt7+HU54zH+5kB81olZtyB8BMEDJAz6bp+qeFZtR1fwp8aNZk0qPSRdyR6Pa3wOmXzMXWKw2xSFY3ibDblUkFdp4zX5w+NPhj4x8WfFyfTfht4dv9VttRuorPR9NglmnL28sgFtOVhLBIlQqwZ9gAAOdq/L+lYLGVeNcNist4hzCrlOGwVH+0KeOX7rATwzjCVOPta1SFOUYwtLnUuWKvzXb1+kwEMRxZSlhs3xVfC06FsTSxHLajKPLGSXvuCslqpXas+rPSvEX7LPiL4o/EAr4Gmh1G3vbo6mtwS0pSSaVWmjN03yssWflDOCpG0gAYr23xr/wT98OaJ4cs11m914+PLlVYWccAlglGNxw6AsABu2HGWAHGDx6p4L+FH7bf7MNnpGo3Pw6TU/D5EE09uxim+zmRlmEk87EsoRRllQ44Kmvvv4UfELxB+0JOlr4r8NWnhDWNGDy3OuxrEWvTGCgtLJXxG0wAYbA2SDgZPFfnfGHihxllEcFj+HeIMkzXhLJ4fVqmPyfH4aviXKChTisZSi51IOTilKnGDVtU7e8eBxFxPxHlTwyyzG4TFZdglCjHEYSonNKLj7taN04SkkotKNk09WtX/Ol8Q9DvPhPbah4d060eJZZVt2ub0bbqOUghlwACELDBDY7ngYrwHR5mOrQWGqwRXsDSkywrAs6sJyf3hyOQu45H8I644r9r/wBs7wr8PrTUdQ0rxL4UvbKSxW6nh8QSxG3OpSHJjlkDBdx+UgAE8/KD6/h5d+NdK8N63qkmnq812DLHZeZGBCsIJCAq4BDkHdk9Rng5Ff094R8T1eNMho46lhK0MdiadKrVrpxfPOaTjUjVi+urcbJq+10z988Ks8qcS4JTpUJvGScZVKyvrUSjGUnK0bWabaVk1Z21bPmr46eDNG8MeLr19Eulnt7p/tDwKqoLczDd5QAyqhW42jnb1PTd4AQ+w8nZnOMDABPB49sjOeR1AyCfr6602Dxp9vudasXfUrmWU2xhDjzrhyDEinkbFBGSSRgfMQRx80+J/C+seHdQnsr2xltZFlPy7flKk5UE9CcHJwTjb0zxX9dZBi0sPQwmIquWLo0YKpzSXNUVoxbve7SbV3r2VtD+s8mxSVClhq9S9elCCk5NXlZR1utGlvtqrWZyCgnCrlzuA46ZJ/iHOT+vr1rqfDvh291W6aOOA7VHmMWO1flO489CcLyM4OfXg51ppszjzAdmCTtwwJwQW4xuIBJ+boAuQSATXsvhZPJtkkacRlSoOFADhuqK3UscYxyR2ycCvbxuI9jSlKF+bltbV66WtbVtK7Suvle56WLxHs4NRabene2lr3Su9LvZdFfc6DSr6TTEs4ZBFZ20M4ULGgJmKjad6j+8O/Y8AcgjrrFn1K31K9tJiUaUR+RMRtUg5YomeBjGDgcc4+7jSg0PSL+/0k3seyywhkEJXexY5MkhzhAOCMknJOT2rqZvCBWS6u9DWGKJmRba3Z1YXB+Ybo1PUsFG7nIPvjHx9XNMPCuvat020m3OyvdR21vd8ySa2e7Plq1VObveLT9+Td3e0Wmk2t9tGld21ep5ToeuNY6/d3s6xrOtvLHDEynYUTKBjgfeIUlcE5zycg59i0PxV9p063t7e7cy3LyGRC3lGIEksgJ5KkNjAyOOgBrlLL4Y6/qBuNR1SKCwtCssTz8BkYAlRkDIVztJ7E9c9rfg74U6vPeTEahB5MTSrFPLOUZVUHJQDA2kcD7wJAHYNXRVzPLK6f7+k5RST95WUm42jJJ3bdl07OzR6NDEKTjyy2tfdXu432s3s9Uru4anHpFuzQK88tzcO0rOjgOjEYaMsScZJPJGAO5AzXm015q0esRvY28ggAbCspmJRTg7x0ycZycdRjivorVPAWm6VaPcXVwbeKWFgb67CshdVUs0LZyC5wd3HHQ8V56JvC/hdHksdQXUbmWLzGlZ1MUa871Oc4ZgCOmeN3+76mBxMKlFeyvNKyTUVomla13d/K6Pcp+9CNtnFctrWSvGz1Sury6O97vfUfFqMbqp1iDYsNuJYlQoiowTJ8056nGdpxgk7Rnk+O+Kbi58TP8AbLezh+zWLMskhcM8rR/NGwwMsOmf4VHPOCK4zXfGl7rWq3qLO9rpu6UkI7bcAkYc9lds4UD6AduQsNX1KzkYQSz/AGSOVidrO6SKSVJffxhVJK4I9a9GFGSXtL6u+j0W61tvfVre3VFzlaOqaatzOzi1bls02k3o2ld993ouxtdf1W9vmiu0eCLyWidLdSm8JuCpuwuCxUYIPORwoHPB6jpuq3GqhY1kd5GYxnfh4lycBs/KGUexPzYz3PX3OuEW0Vvbxs8xlWQSsmxsseGDjIYKvY4wPUGvSPDHw28Wa/pUet2cW63luNjXMy4lJOB/o8ZyWUM2SQCrEjIXupYmGGg6lWcYRul7zirt2+F3te7b0/A1o81R2S5nd2676qz1tq/RJN69PFtK8OSXL3K3azq0JzNNtJ3kD7iYOScnJA7DnvXtXg3w/wCH9EEdzcWz6j9p3MySKSIjtITcGG3uCcsucDAwMV6GPD6+AIze6pKl2rr5LQSQjL3DqdzAMpIKnA52nP145a61vRbmzuYLIS2c1yxExc8lsEnyySGAOCMg8DGM9s/aVcdb2bapySs4+bWqs2rd24ta9XonOEl7t7O2ltJJq1tL2fd3T29LaHiDTPC11p4MzNbbkeVoY9qxxsOUztyAxAVQv1I6Zr5l1O7vZbuS2hlla03MsEDOwVQpKqSnHTBHPy9+TivSIba4ubkx3V46W6SFhmTeu2MkKHJIy5IXP3/lzwKSbw5ZTOl813AszuUUMIztjY/wgYBH5nPtzXoYLASptNycndOzjd7Rve/WOjSStsYqPK5XcWnZu/Re7brbTayXbY8a+zSkSR+QWkZjkgccAl8gDjqDkY4HqSa0tN0W7mjmuI1/dRcZbAYtkYCZwcAHggZJAJ4bNer2ei2OmXJmDpdWzHMzybWZ2AI8uMNyMnGfU9+aSOza+W9kt4GSKJmEKRgLsO4lPMUEZwFIHXs1evGDTTtfvp1Ti30bt8vxJlNJJNSWibsktE43SaTT0bTeiT7nlkGj3JuYC8qnfIPMOSW29QoC85PTGOfQ8ZvXFpHBeGNoJVi3EuG5KYx164zjODkE8cVq3bXOlXKGWBRJcFXZXViQV+6UA3HnIA7+gyQaguJ7eVJbiWfMswVdjYVmYHGQOTgfd6DP4kHeMHu/dd1tpfZu7ej0V07NXa0Wz50rpPvZXa1v7u7bta66JWb2dhsd0bFzKhUsGXy0wNqqpOWYjjKcjjvnGeDVyyMs8s1xJOWMh/cyOR5YzkMOTgADJIA7ZI4IOO5jle2iddiNGFYxsS5Vv75U8Z/HBGOMkVJO0yrDCgJhikKIinqScZbaegB6Nk8jocVqlZb+7dWtzSS+FtNNbbq+mt3bZKtdtrWevN5Pd73TStdd920rUnnf6QA+IoiQvO0tnHIIzleewOR6dK1tI1J1ljhVsErGPMGRg54LDjOeM5IPQnKEU2SexMKRMri4gjPmMpBQSDGRjLfI3AKnjHIFYq3CieOaFSW38nhYxtIAKgsOBznnBycDFZ1aUZxS0d1a26vpvpfXtur2uZ3bunLmbsk3e20d3ZPW3Z6o9CvL66lDJHK2EKs5VSozg8BeSGxntnBGDyBWEYpZ7wEPteKQMxfJDbsZ4PBOQeAM+hxV6zguZInvTISkowpUhvukBjIM9sAqWORjJwOkFwXeUGAMZIWAdxnDsB1AAG5cAZyMZx3IrwK2HcJpNNpOzS0vdRst77Xb08m1e644ySunq2/Ru9k3d6p3als77XtctPG8ksn2bDGHLu7DBAI5Cg5zuA5PI9j0rY8BaBBrfjjQNOvFU2kt5HNdvIQiqiOHdMHqCMjA5zkgcmsSKaaG5d5QA8hRBsXrnpuH90cZPBznoDitaC+l0a9TUgStzHJvhmj4EbgZTOCM4OMj8TnGDWBqU8Nj8NVrR54Uq1KUoWvzKEoS5etm7We9r7pWZzY2FTFYHE4alUUK9ahVo06ln7kqkbRfVpptaNtaKzP3p+GNrpA02xsdLhiuwsMEaGJ42MUMYCbHxlhkKM7gB16dT9AjwdJcQJeebFbWksqRmKI/PuUgAEdVYtwcZAPUYzn+ej4c/tUeOfh7qou7LUFuIw+67hmUlJI1bJWLK8ZGd2QPU4xX2b4M/wCChuqX63a3+lxRzvExtBvCWyyMu3zG/uuMbgfqM9K/rPL/ABhyOWUwws6csPUhR5FBwvHmhFWUZJPd2TTildbn+dHGP0Y+OI57UzHCV45hhq+J9rOab9ouecZScoyk9r2va3yPR/i98QNX0L4i6roUtys2nWewrGZHeCJejSkvu/ebeCDjB/2gAPyv+NmvL4h8ZX9/bzmdFd4VAPyls52jjBGeO42524zXpHxO+M1x4l1bWpop5J7vVZ2aeYsQYQ+CFiYZbapbGBjtjA+782ahJIT5kv7whwfMyGeRycZbOCMYPrk5bOa/m3Ps1nmuZ4rFSk3GpWnOF94xunFK+iSi97W1+R/ZvhjwXLhjLMFCrBQxEcLRp1LJr95GEOdt7fElvbRtLuZMLTowCqPMXBZyDhQQc/3c4xtJ6dSea7XQdf1jQby3ubG68qRWWRWDHAxyVKk7SjduM84GMg1ysIuJSWxwxAI8vLKB04xweOQASRu3YzXXW2i3tzbAQwxh5CojMh2ScnGMEjr2UKB8vA5+bzcNmeIw1WMqFR0pQtbk0krJWasrvZa7N6XR+k47C4XGwdDE0KdSnK8ZxqQjOL20cXe8b21SWl9z3ix/aY+INnEtkLyGWGQCNd6glGYYLgEnBXJKn0A6Acc1bS6/441po2nmvLu9lWSSSFHk8tmJGNw6bc8FTx2HWvHE0y4tr0QXESiSKUebKXz8pI+YDsQc9OR6nJNfdH7PfiDwh4avYXjeza/O0zNfFCB84JChhjcc4U8Djt1pZ1xRmtWhH6xWr4vl0jBttq6j7qWm+j30+G9z418K5Lkrq4rLMsoYetWfNN0afLzuXK30S17rs9OpueHP2eNT8ZjSvCujJP8A2vI6PfXd2DDbIruAwaVud69cAjJONoyK+m9Y+CPwf+A/hWK28RW0viP4j3qtFbgNFJb27bSBImxmwgYfKxIJzkDPSx4t+MOgWVi11bsNNMcgZ5dPaNZ7lgowoeP5gu4gk4yFzz3rwnwbBrfj/wAVXviTXru8ubNpN+mx3Mjz70DjykTcTtVVKljgjJGVAO6uvguli86xdPmp1IR59YtO3KrXupJNWS3vaTXdn5/xVnNXB4Ku61SWEw0YtOFNOMqsrJwhrZxe60bu0/d1uet+HbHUL20t7q4WW3dgUgjZiyR28eMosfAXce+Og61/U9/wbq6FD/wuj4i6hEN4t/Bnks+ACjM0eRkgAnOBnofvHnp/NNM0emaXcXTFPOQJboeiFn4KwgHaSvO89+nAPP8AVZ/wbjaMTrXxV1mRAGOi2ULED7vmiNyrcfe4JA7KB9D/AFhRy6nlnhvxpVilzRyqnTctrOrXpU7K7trdqye97X2P55yPG1s38SuC1Lm9m83cktErU6U525bO9uVXs/Pfb2v/AIOFIoP+Fe/B6C5H7tm10sOASRyANoGO3Tpn61/E1p3w7v8AxNqUtrpcE8qtLMzXBRkt4ovNO7cxCgEKDjoCTgAmv7Y/+DhW2fUdD+AujxJvmv7jWolRmwvzbQcjueCOh9DkGv5RPEHiLTfh1of9h6IsL6hGks1/MSGRJASzh5BlzlgdqEHuSAM58HAVqsvDvhyjSinKcsfNtrZSxVR3b3emvXRbM+3zTD0YeKfFNfE1UqSnl6jB3u3HCYdbXtvJK+/qePah4Z+H3wb0WXW9UuINQ1ySKRYrWUq1zO4HSKPkoikYWTgsQAQFHHw7408Y3/i/Up9QvTItnEJXtNMWR/ItEbmMEAhSxzklgeOpPWt/4ha9qPjDxJJf3txNcGUnykwyxxksflRRwFXPJxjdj5h0rnPEGlwxabNZRkfbgsbOY22gxdXJYcEBcADrnHG3GPyLMac5YuUakpNRna937z933tbabLz2V7af0Hk7o0sthOioQvCPK+qT1TW9k366O+618xUpeCG3VwrvIzGI/cRQSfm6BidoPfsCSea/p5/4JNfsu/CD4m/BbW9f17wdofi7xSZlhbUNQjWRNPjVhsihBBEd3z8rY2g9eqg/zACzaO+j8twEiUPITkN0GRgjJ4OMcdsZ6V+hn7F/7afxF/Zv8S2Vvo2sXi+C7i6ik1zw5bbympKkih2tlGCtwyjaCMeuDX1nC2Oy/LMZSq4+EZUlFQXNFOKa5bTalsla8nuux/MX0kuDeMuMeBsfhOCswrYLNo1FWcKVWVKWLpU42nh41Le5Kd7xvaLkrSsm7f05/tNeEtL+EXhOx8JfD7QrqDSpoBqN6Jd9yttfxJgxQAKyRxtggLwuCAMAAj+dL9pebVdF16G+tlaRpx9ovreHMMFvdTE4EgUAmQZUlWA2ktzjNf0pXPx60P8Aay/Z41v/AIU9p8ekeNNQtA7J4wmSzvoZYYBueykuSrMjMW2qgwSQFHZvxvP7Af7XHjfXNvijwHdarpmp6ks02prco0EsfmbcRSKRkBRuyo4UjJGM15fHWb5dmmZRllkoOEoKF7pqL920bayak+0dLaJvb+DvArA51wJXzOfiFiIZdXwdStJ4XG+0jUxLlZc371WrWcXeceZXd4qzPk/4BfCz4o/ETWtDm0vTb2/0u7uiXup5pZLG3lGxn5Y4LImcKQMgqAcAZ/ez4ffsPfDPxr4MkHim3uvC+prpsqvrS4t7OB4EJlvJ5HIBDkNyewAORzXefsnfsh6l8GLma0+JN5ZeHvDWiWsusCzt282K3WO33M93dDIUjb86s3PPy9q/M/8AbE/bv8TeLPH/AIj+Hvwy1i90n4e6fLd6TbnS3eKTW/I3RSTvIgUx27EEYVthXbgEnhZfgsty3BTnjaaxNfEcrpRi1ampKOkJJcyd222lpfbRHLnuccSeLvGahwnXo5TkGVVatPEYiMVSg4wlBSruS5ZNt/wopxbd+ibf2r8OfhB+x1pXiXU/A03xi0LXNS0WONJ3vLxINOlu0bDCa5U/vEiI2KgYgkbTzk18U/8ABQz9oX4d/BcDwP8As8WkEOpMRB4m8R6bctdWN4kkKqFgfGQr7jhQQu3kDpjgv2Nf2K/FXxnvtT8d+OJbzwl4Dhjubi5v72SS1kv2jHnM8M8rLvCgEu5JXJwuTkH6f0z9kH9mD9q3XvEPw9+FHi6e38V+F5Ray6jfsZbS4NkPKuJUMpIuFLxsiMN2FzjJAFdWIybMcxwH+x0I0KlSKVGnGrJSqQjZ2Sn7zfIruXza2v05bQ4S4N4np47OcwzLiTAZZUpV86xThKthKVepKEFTnOM5xUVNuyi02kk5SasfzAeLfi544uptSEmqXEq3lw8sxikdSpYlmy4IK89iCMk46A14fpHxE8RaB4nsdf0m/uLDWtLvYr6z1BXcTxzRSCWN/M46Mu8Ejnkc85/eD9ob/gk34z+GviSSy064i1u11WSWKzntN6h7jeQu51BijXIGctgBgenJ/Kz4t/sg/Fv4e6zqNhqXhppZLRkV3tiZRGhwE3eXuLZGCcE+vevy7H5XmWW1pU8dgqtCalfWPM2k1qp8rb2vfRa/d/oN4beKPhLxVgPqmT43LFTdGNOth6ipUmoSUYyhOM0rRS5k4uydnrqfWGl/8Fbvj14g8Mjwh41vLTxPHHbR2QkvIQ0i28MKw+Zhlw0wUYEhyx6nODn9NP8Agn18Y/G//CO634j+GV7HFYarHJP4vsNZZVinnLeYsVkG5BMfyqUxgDPy1+JvwL/YZ+KfxHkW/k04aXaROGme9aSCZoFG9jGjKu9duepXp1Ga/fD4U/BLwN8NPhpZeHvBd3cp4wOnqdTtxdulsbmNVWeYncoYnJJ3Ek898Z0wOIxWFqrFrFSpVKMHOM5y5ZtWVlHT3ly3bi0+ZO9tD8L8c34X5bhJ5XwxSoLMsbX9pilganNQVL/l5yyvKPO3L3IU3oubRXRy/wARP+CtHxp+FnxHbQbzQ9FXwcl8UudMMQuZpIYHMMzRStuJdwCwzjtnAOF+ofH3/BTDwb40+HemeIfBWgW8GoDTYo3uJreNGsb+4TZMkkYX958zMQSM5GVJwK+A/jJ+zhomoeD9U8SarcWr6kqyXMN6fKnSzuGLF0Mx+Zg7ZYAZIxwABgfnRpfhPxPa6rpumaZrDTaNcX0cFwFkHkSuHCFzAD8qxjvjkAnJzWtPjnMa7rUamNnWUJJOnOEZWTklz09ItRd/eSskrO6PzTBeH3h/xNkGCq0aNTKcfltFVMbH2lRYfHQh+9Up83NKM5OKV4NatJq2p/S5+zX8VvjN4v8ADR1mcaTqHh94mulvbuNIZUt5/laG0QhdpRmA4GVxxnOB+Nv/AAVk8Zz2fxA0TwPa3Ms+nXFourahD9skuFa+uFLuW+Z0UJnCKv3R8p5FfrT8DvhjqmlfD/wjcQa7qWrabFa20FxZ6XKyRXDzLG8kZSI4WKEqyvuxkA4GcA/kh/wU++CXjnQ/Ha+LNV0Wey8KX7RDTtRkYSSDfExWN2YlgoJAKngZwAAQR3cZ5njcRw/l9NOfNNU+dymneLteF0k1C/vWlzWa0sfI+A8Mqw/jFVpVZU/q+GnWhhacpPkVSfu0+W6dk4pWUm9rJp6H4ca3qE8DXECDYZWYLtUFlXDEMW69emOoJ4JIB8g1/VZDGltbuxlG4sVOHBBG4YBznJIHXpgg8V6P4llkgv7i3CGYh3jQxg4XGSxLDhsZGASSd23HAB8mk0nVZbya4tra5cliVcwykueWwvygAdwc5weBxivzzLsNKcOaUXJrmu7a6WbS0ezd29Oh/rpkEMHRhCvUq04xUFy+0lFae7dJtpa202uk3pqhtnqd9M6xSRERxFN5CEO20dCRwz7m5LAk/e4HNax090Ms0y+ZFIgkKBmZl3A/KSTkHP3lKsRu6Z5p5sfsOnJJNKy3M3ztCyBH81DgBgfm+bv0GPmxwDVf+03UCNh5kk67CRkgNgdDnCsO55yeeeK3qJ05OPI1a1772drdl20to7JOx9dRq0a05VKDUopP4WnFxbTVnqtGttV5amZJbKUkWMeWxOXLNlgOQoXOOcFjx90Bs5OTWY9vFuyqmUyAYDMDsxwTwfYcHHHf16qe1VIg5ILvHmUtgMRnlByyg88jjIGe1c4VdJXxBhRICG67lIPBAxzjBHAPJypzxVOS7bbaPbTo1fdarVavRdOym5OTindJLdNaLlVmk2la+q6rXW1zKubaMS+Yr/6tiSDzlgBkbAvGemcDHJJAzmlKkTRhlQgzNxuC7V9OAeMYx6EdRwcdWIIlX/VsrTgq5ba+D0xyQExx0A9MAdeZlspWmmRS6IgIj44LDORjI55H4DgYxVqpHVXfrZvT3VazXn07dlp2UXL3ezae10l7ml3qtNd+jSOq0qxiu7VogiGVAsxmTkkoWOwE/dxzx244Axn0bQtHgnuY52lVImVULKqllYjYAcAZBIweR0GeuB554VsL192xyqbNrIc7mGCWKqehA24GBngntX6bfsVfsxN8cvEsek6lbXKafCov/OhjYXF6YskWluCqod+0h33YXaT6V+bce8U4ThfLcVj8fiY0cPQi3JXV22lyKMb3lKctFFLV20XX8l8SeLcv4Uy3MMxzTFqjhcPBOackpXlFckIxum5SnZKO7vpazt778A/grp+h+C9O8c+JdKFx4XLQOmoSLHGt9cSNjyVDkExLwWYgggYzkivszxRq3hnwn4Mg1nRDp11Fbx7riKPyvIsIZMGKABT80seecAkE88ZI+DP21fjPpfgLUtP+CPgqW/0fRfh/afZ76xkumxNq8Z+fzAuN7I3zMCMFxnsc/BN7+0/4xudDh0OW6X7FFMJmzuVbpwQNkq87kwAMYKg5IxgKf5fn4acT+JkcJxDUxNWhgcdiViqGAm5KEcC3+7cm2lz1I+89NFJ37n8by8H+K/FOrg+LK2MrU8Bj8T9bw+X1XKnGGBm06DlG9nOpBKb0051o7afYvxa+J/iTxZpGo2NuyxaHcLL+93r52wMQWUswcIM7VTGMHjAGB+ZPiOKytNTuhNJ9ryUWKTG6MOQAAw5VTnqw6bskk4NX/GPxe8Q6t5sUk62Npc7FSC0YqY1GCzKFI+R/mBycEnJHXPit5q19PNIJJ2MDngs55crtJyTnk8EE9fmxniv6c4C4EqcM4ONBqjSiowSp0opNpKK9+W7emr6vqf2F4Y+G2K4TwcKSdGhTcYL2NKL5m4qNpSqN3ckt9EtG9CHXIovt58tt6MxACjgtt+4pHG0EZ3bgMnAwRT9Pubi2YQiNSMhArDOQTgYJHXnB3cY55zzkSebGqs0gMgYF9zZ257rgnJK85xgZ+uNCJy7RMZsbXAIUkO4yASSDgEY2jI5APzYHP6tGKhGMW7vlst76pNNrb8/i0dz91jSkqUYSaaikrtWv/M/JbNb3tZ6PXtprm2g08GKxjSYny5GZQUk3Djk54Azk8DA6jiuWTz5pJVR4o9pDtHjIUKRnbkKME5xyBx3q7d6xDChto4jIMKoDbTsbIzggkFsnoAMYPQbc4xuVhbzEQu77QecsSeoI9AOgzjI/Oo82lrvpa1m1ppa268rNX23ZlGm6alpZvu9fd5UlZ3T+JaacyXpf2P4ZSY8c+CDK0bSNr1izEAE4WVFUYxgYHVgDjqeOK/oN0hlVElBdd6qCpXJwEGR1BxjgsOQD2HT+dv4WFpfiD4PVt0bnX7FSMbQo89BgHOB07de/ev6HdLiO2Jnz5ZRAh3MQu2NQWPTJHQ9c9TnIr9p8KYKVDM3PdTp7Su/gd7aq6em/Tsfxj9J+U6ea8KqKT5oV3rZ2tOko7ed7K17dnZF92Sd5Mjpk5OAh2HAbPy85J+UjAJzgkA1y2sxFonUMBKoYn5iFKqASDxjnJDHODxtXiuqaERFTgBGDDJ5Ytuz0JAOOTgHIJyDzmuY18iKJ98i8qVPAIcEAhSQOoyBkgAEZByBj1OKsRCnTnTu3q9Hqtk7eX47mfhTgalbE0asklFOndrXRuLS9bvrpY+XfiJcM9tMsoQFCxVzkBAFPHA5bJGQe2c4r5daRWulkEgX5hgYwdwYDODgY647gDqM19OfEBg8V3Kx2lQylHAxgAgEqe5PPTgcEd6+WZWj+1DA/5aA5zhVTdyq9OvIGRzgelfhmNm3Ocn92urTTt5+dl0Xml/aeDp8tKjG9rRiravZRV9NPm2tO1j4y+L8yHx9qpc8oseGVSV6E8E/Xvwemc157ZXQCvvIeIAhSQcqSMZHAAIwegPXGRznu/i3sbxzqpydhEQ2qcbSQc9M5Hfk/d6g9/MmKo3l8iP7wUZ4Y84DDG3LE/K2SCenFeaowlG93rq772fLdNu+6Ttprur3bPVWtrq9/K1327Lz7FpJV3OFJEbZwWwPm7AHORn+n40heWHAlxKWXKliSADkgkkBs9c55z3GQBVJyhVowDnduH3c9hx/hjOM1C5mlZRIdy7T0+XnA4A4AIzgY6dB2wRir9rKy2fa+nqrKyfT0HKCVtL+q2Wn3rW2y16dB7TrOCXQKNwAIGDkHoMncfQDkcseuKY/bap3FNpGQMAHdlgc7ucck7hj1WnRJsLMFGEyTuOTnuxHBPY4IOBzxwTGyGeUFSqggjCkjGM5GeA3UcgcVcL7avRWstlb8fJ67N7XJs+r02vZdbaefntv06XLK5k81AWcBTsOBj5RjGcYP+HTivVtOmZwivtWPYcqMNlMcLgkAHkZPc5HPSvIrZZFmjyrFQw3EH345HHGOTnOfSvUdOt2lCxMhRDgGRT8x4BAPHPTJJ6DnGQa83GvRuTenL13aUbbJrzVl9x6WAilPWzv06pPlu9muu6dtH1OL1+xMF0ZYYnWKRyQyqSq5yCM5/iHJXdnJyDg1z08nzRoiYDKMjZnkHkgnJxkbhkH1z1r1y+sM29xbTyA7nGApDbVOcEseVKk8gdt2eK8nuVMM0sCOXMRJDhcZUE8dcAHBJ7+oHfpwFf2kbSUk42afW2m22trq9+zXcjG0IUZX7u1r6rVO3dbaXvdW32UMbbyVIP3yCQMEbQBnntxz6HJGc4G3oejz6vdmC3IULkF3GBtU5bBztyw4wSMd8ZAq7ofh1tRAmluVjhcFQcqS0gBOMA5CngYwCOOOuPSNH0+zsp47SAGO3PM02RkOV2nnOQpOBnPyqeTjNZ4/Mo0KcqdJt1lFtPqnbv12bTtvqjh5ndRinp9yatpZJX6O3d79t3SrLT9HtDaidYG2K5YAMzyAAMC3YEk4BP4HFaB1KCzjVZGEplTf5kRG7JyV3kAgMME5/iAbjHJo63HAtosSIglUKiOGXfKrH0zxjjk7euTWNbGBLWQsCFbapjkb5i65+51K5wOB1I5yDx8XP2mLTq1ZTbk2uVvukrp9U12231eiuKcZddV87+7du6s1bdLaz9TrIFM1ncz20gnDMpkjY4YyZzhehyBgcEAkms1HuQpcRM0pYvChJYA/xLjgKw75A4GeozVjSJo2Mfl7YDnMoP3ShT5Ttzk4JxlQTnnAzxJmWO6kmjkDRoxZGj5DM2TuKk4wcZLdB3xzXHHmhOSaurprS7vorO60V7NPXpo7adi5JxvypN66JWSfKtFfd2fSyaum7spK48zbJbGO4lO8sMhVI4I6YByACuc9TjOa2bS5uJbWeEMA5JMcJGQ7DJDNnGF3epBx6ZGKmoafcTxQ7ZUVpi0vyfeLAg7SVDbM8AjkE+nefSIJ7RpvtEq+ZImFVlLbAmM5YgYY469wBgkg1dTllC6jGUk48sVFJ7RWidttb3d737K/RhlLmTUny3s130TTtomlp16/dUttUmsrpzd2yfKwKqqANHIcguCwKnk5IyARzg9rl3qI1uRNKtNsU8m4SXJ/dlFYEnByAuRnJXljlegzWXrF/FdFrOGVGZ3BLbcOSACUBAO5uRg4x3HXNW9NtU0zTLmeaMSGTpLnMkI242c4Jc5y30yRmrnQhyU6sqaVVyiqSs2m9PfstYq1tOuj1umuh1U5OKs0tZO97pPfdva2ztrpoZGuRLo+jy29lqGJXYRSpE+57hwCGfjGEPQceuQMrXZfDm2XR9NF1cuI47iQS3EJX5zG5JAXON2cnnHBJz3x45cLcXGprG0m4TTZhBU/IqOGGQAQOBk9Tz2xgexi9WCxgtZtrSyxokaouQiqBwSMBTjODnd0GOcUZth5xwEMOpczrz56rdr2tG3+G2j13TeiucKq81RzSatok0ktWrO+9nu9Ve9u9vU31rRpgv2m0H2IBxC4wsnA5YgZO1fujOOB2rptAudJtrFZbW1DSzTborjg7I1JOHIO0DAPDAEn+LoK4fToLa70wwz2u1/IVkKjDqmMEnrnJG44BPA7LVI2d1Fsgs5mttObJcNICyliccZBDE5x/F1yMcV+eSw9DERq4dTqQUW+azXLb3VLWNuiduib2todcJzTi7JppWdldP3VJ3XS9/la256lc+LJdZ1WC1tlaOK3IiIQApK4PQcgEEjLY6DPy5zj0SB9VtjbXM8Z2zyhJYwTmMJwAg7NgAA9hnoea8y8J+HTYGG8uP8ASneQTRhXBEa7juLdxlfQAlV9QM/S3hjStK1Jmf7VJK8CLLCmcgTY+YlTtyigYwCM7SMgDn4LiCrgcJeFOEpU6a5W+W/NJ2i2klq223p2XRWfp4WnOpPWcY63Sd9tL6PfbWz6ebtbudQv1srG5WxXyLaHzFkkBGeMKsuOrbhnndnjryBz39o3F8zXWGiLCRnk5KLIAMKuclSMYJAGeDtA4PRa1Hc6VP5kuoRz2jxB3tVG5Ex0iC9FIzwSDyT2yK4U65Y2wnNwpVxIWjt5Plibzei4JIJwBk4/PgV8xl1CNZupTpRmqmqaVmleN1a3uy0d99up6NZzg6fvpapq3Kru2ys7pNWdk+iu2dXoHiHTXuWh1EfaHSLYZmXJjc7lUFWyMH8BnkjIyeO8dQaWbmCaWyNvbzP5jzx/K8o4AJUZ2q5OCoxtPI56c7Z6jG1/dXkkbKiyrJFsOfmzhdxHVVBwMEYB7cGu5XWtN12EWE1ojMzJsuJlGIicBsnoqg8bgPujnIHHpVcFPLsVTxEVNw5E5whKXlflT6rfXTS3ma0qzqU1TbipNrlunppF9VzNLV/E02tG9DjNDl0201rS1tLfzi2o2GyRAytCfPTh2xkk9cHByw61/oA/8EurWW8/Z0tZJAQX1C2GC3Y2EP8AEeeOpwRngg+v8F8fhCQ6/p6Wd5BEkt/YBY02n5hKpUjafmGMtvBOOMLgcf35f8ErLCS3/Zn0hHPmyG8gQtwwdltI0LEjqAwwMgDGeea/HvGWnRzNcPQg5c9StXjK9laHsovVdPeVl377n7PwHiKmE4U4jbvb6xgHCyUU2pzul167q3fc+Yf2p9ItJv2pL6XU5r6CWDSrP7DHZ7gs7qV2rK/AVSBz+IOPlFYfhrTYGv7SO5sPIUahLdTJLKfPdIwAZSMDCcZbkE8EZyTXuH7bWn6dpfxMv9eubw6Tdf2ZbpFcJ5SiTYcktI5VlO0fMyE4OSOOnwnafGXwtHqLWWnaudb1i6RLRJ4bh2SwBIjkLk4V2fLZI6E5+YHA/nSHDGLxmKqqnGtUhh5yhzRhLltTlHVOyjbpv6X1P17J8VGphMFK65qlKk7Le9ou729Nrd7vU/LH/guBcWGo+IPhP9mcNDb22oR5UfdZWOxSRnIPA65GTx6/zgX0l0t9NIQYVFxtGAQQykMrEc8E8jjgZ46Z/f3/AIK7ap/aep/CqJFCpbfaEaVWJ37mJJDDkkk8ZHA3ALnGPw/uNMtLvUbhnV1t1Z23McgyKGGSoB/XDckDO7Ff6C+Ds45dwTleFqRbUYVYPRvabStvq7O93bqup/LnjL73FOIjDVqFG+yvalHRa3W3ys9T0v4ezafrOmhNQvzDcQ5Lh+cBARGyqevI6cg5bPGMelJf21hp0y24F5IjNFEyBgSHJzI4IxtB4XJIAwR13H5bjvZNFv0nsVdoZDGhbAKuON6heflJxxg4z0I6+8eEtSF7BJLcSeVJegwC3lQ7YxjAY5xtGMAcZGQADgY7M+y6NOu8Y5c2GlUVRU3aVk9GlF3u0m1Z2SeujTPyuhWpxsnaM7NN2UnFpaP3vd0utH3ujag1m/sdU0uT7U9nLaMl7avCT5qzqS6kSDkYOAw69gDnA/pP/Zx8CW/j39n34W+OraR5pTf3MvihWzlp4kY75gBuBZ1DA5Gcn1Nfhf8ABD4JaR8Q9eU6/qhj02ykae9mhnUyiCPLKIldlXy+DnuTwFOa/aL/AIJ2/Fjw9Z+LfH/wCk1Cc+H9UMsPhea7A2rcxoYJFhVz8sjgmVdoyQM9RXp8CcbYRcQVsnwcpxnToxlWumlFOUFGMXb4rK8rbXeh9vw/RdaFRV3elUleknLVNJdOl9Fts3pY8w8fKg8T6jDAFB/tOaJJG2n5fM2jDDnJHQfL0GMACvWPAWhNeap4T8PQotxPqmqW8U0YwyrbeYrucKMjKqSxUYXJzwQa5X40+BdS+HHxG1jSNYglRIdRW6064eNil3bSkvG6kjuChO04UqVwMc+w/s3wpe/EnQdRS5jF7Kl3BptrIyri4YEJtDHBPYE85HHIOf6QzjOvqHDuJzBVWo0MHOrzJ7KMVJbr4rNJLVtvuGByuWLz2hhHC7q4iELW+FOUU2k9Hdbd1a2h+ev7RWu6YP2uPEOh6GQv9iTafZSPGfljig2K0WMDkMF+pJBJ4NfY3w0ii1j4s+Grcs8x+0afNLJwfKhiVSVJwAoJUgk5G7HTIB/LH9vHS9b+B37b2s2cmrRSXviC40vxHdASDYIL0mSa33A9VAGTlR1JyMV9AeCf2mdY8DWOo/FC10mC4hhuYNKs4pMlpygQl40VWfZnkuBgL3NeZl2LWZ8MYbG0Zc1TFYWnOLcko3qwTlZ36NqMr9XfXqYym8BxBisJUjZYfFVE4JJpRg9o7J2Vr+bW9tfq79ua8h1X46m0jlQRaVotmgZGG4MqDIJBAIBPIBA6gY52/IM1nLd3yKCEiBjYEnaXC9WyAAeDn1Hrg8eL+Pf2tLbx14+1rxX4ktdl3evFFsgJeK3RcARA8ZCg9+Rk/KBjHV6R8WPB+qxQ3kWoQxncUaKdirRxkYYhQM5ycgkAYGCRnJ+/4fl9UyvC0K07VacIc99W20rK3ZLW62Wttz8+z1PGZjiq0IPknUdtr2Tio6K1kkkrbK6Oz1a4tZNQMORLBFFsRVIDFgMZGeoBPOeDz71UiMMUjEoIzswnmHLBQNxYcHDDJwvKhh97B4qzal4c1JpZrW7gllSJWiYTIVK4JIY7vvcgjAJ4we1YNxcyCFXDK7sWxh1JWNgeVAJJ4wSzZI2jcNuAPrMLVUoRUPej0s7aaXctX1t0vrZpJ6fJ4ihOnO6jdKyWjdtFu99Omjd/mXzZx3FwLmSTdAhZQnJkcjoW53MOemME85xyZw6yXaMIgrxoR5mBiPA9Pp3zwSPwyEuhHIGhO/KEY3EFWPGWP3TknBycgrx6mul1JBP5YdpPNUkhctvz1AJ6EcAkHPQHkDPXppJbaNySbelrau9tX5+d3ocFRq0VrGTa1sp2s97taO8nqls2+50620P2eUzE+ZJIMytjDKAQBzncDz2/JSa5W60uzvpZBPpttdbSyJ5ltGVdQCASNpKjHPUk9cDmtiW/VprWNpUCKm4owG4bRwWYjoAOc4HA6nAq/plxbzzTXCgkxlsYH8IHPBxkcEdBjnIPWjnbmoxV4tLW3Syd+qta99L230OmOHj7JOysorW11b3Xu29ZPV3W++tr+H698GvBWtPvvtCto5MPhrSNUPIyWO0Angg4Y4U8DOK8h1r9ljQL+NzpeoXGnFiR5bgMXAOF6nH0Yc9Scd/sO/cXEgMSiIL8pVf4ixGNpyPlJBJz0HzZxnDZnht0d2G8RwjehBL7ypA2kDgZBzgjnHcYrR0IP3nGLcrK7025Vbz0vtureRk6cXBJJLlXTRa8qV7cy2jpbe/mj86739mnxVpv2k6dqlvfRxsRFEzEMQvCttyBxkEYPHIDMPmrAuvAXxG8NRxzm01OTy4yxNs7vGUH3sIhYHb0AxwOT94gfoBKxeNp4QRIctkgHYjMeMHPUH7ueM5HbErMRabQPNmWMfIwUogcrnKlcHrgE9AD/u1Kw9OEHUlP2fKruSvZJWb3elktrNXt3OZ0pVnGCtO8lpyrVvlve1np/nZdD4C034g+ILFZILiwuJzF5SSRz2ZKqAFBMjony4IyGYd+D0xftfitYzzfZLu0+z3fmZ320pURxgnI2sRlR1Jx1GCoxz+6X7NPwN8LaV8KvG3xA8d+FtF1Sx1C0ub2M31nHNKsMStsWIspZC8gABU5I9Qxz+V/jX4R+AvEOt6vqdtow05L3Urh7QWiGKO1gkkbZGqjbhUDAgYxjnGOT5OR5/8A2ji8ZQwVSSp4Gp7OdZu0ak9NIaPVWau3trY6OKOBaGEy/BYjH0aNWeNpc6oyppzjB8tua6VlJNeel73PMbD4iadPG8VjrTG5LBfLuQNyAfLlnxgDJADBmzjk5GT2Ok+NdThjeTzbe9QOu9redTK/XjYHDKVxyG+YlW4xjPmOofs7taSTSaFrtwkjB2RJYyVUZ+6WyRjrkZHBPIHTgbj4W/EjQ5JZLZGvVTEzG0lZCwz1Azwe4BA6Y4FfdUc5zOnBRhVqWTvJqd7pNJJu+rtpbXrZn43jfDrhvFuVStltBNaJckY2bcbO17L8nu31Pre1+K0ttMkBupoZJcFUnDAITkYLgng9Acjnng4FdXZ/Eq6kuEQzMxlbI2SeYkqgAgggnae49AcnnFfBkV14006KZr/TNXkZW5Mlu82D0Xaygsygg88DgZwM1La+L9Q05hcym/0+6dvlSVJY4Tz08uReASSSOnH8I5rspcZZhRai8Ryu6ajKTje1ovTXzS/Pt8fivBHIsUpVaOGkpPeSgpWSSfKtNkr2Wl1d+Z+hVv8AEZ47tFguyJySGgjZ45BhhjLpt5A6gE9OgHT2fwp8e/HvhySK50bxTrGmPGVKCO/nVCUyuFBYYAGcYwpwcGvysj+JC3kwN07xXiEKlzZHyV5wXdlUjJJyeRk54AySeptfijqo3JZawkygKCl1HnkYwCeCe+WznJI9M/YZP4hYqlyRrSjOPu3Tale/Lf3XvvrfRK+juz8t4l8AMHWp1J4Obpz1s+WVOak2k25Rasr2a1b2eul/3g8C/wDBRH9o7wc9sbH4gXtxFG+5Yr64kuUIBGFcSOwAII+8MdMsMc/eXw6/4LLfF/SEhi8W6RoviO3bYBKh8mXAwCVCk8k5+YkDg5GCpP8ALXp/xT1OGEPdWS3C7QWkgmOSMnPy5B5OcDAOT/d4rudH+MmnMgaWW4sGVQAJFYqW5yckZXGAR0x1z3P1MuLOHczjbMcrwlSUre97KMJXsvtQSdv1aTWzX5XPwt48yCo3k2dZnQUVZRhXqVadoy0jyTc1ZLrbXTQ/tA8H/wDBXf4FeKo7ew+JPgA20c0YW6kmsba9gDYGdrOhZgckHjlRjnIB9ns/id/wTY+Oiql/p/grTb25wB5ltFplyryjoZFjQB8nlgcAHqBX8XXh/wCKcF00UkGrQTKAm+Npk3sOwIck8dsZ7A9cr7ppPjKC7gQ7XDkb43gm2ktxgtsYEgY44yexODXP9X4RxN55fisxyqte/wDsuNqqmpaf8u5ScX2Std6PQxq/8RHwcIwzvK8pz+hJ2Ucxyug6soJpX9rGEJLRr3nJs/q18Q/8E3/2RviPFLe/D7x1b6NLebmi+wava3sQZhlFWNpsgdNw5OCQy8YPx98Qf+COfj22Ml94E8ZaT4igUvJHFcFY5pUBzgquVZiAADkDPQ7iSPxn8LfFbxVobLJovi7xVo0kAUg2mpXaKjg8dJNqgbc546EA19GeC/29f2m/ALH+z/ije3tuMLFBq1y14xA6I3mMdp+XaecHcGBPIrvoYHOk4rA8TUMbCTvGjmWGjLTRJSqQkpa3Sum/PqeJjMPwpVh7TOeBMXlVWz58TkmPqQjGXupy9hUi4LVXtpbudB8RP+Cdn7SHgx7q8vvh1q95b2xYxzaVGlzFIFz82yNnJGOQduQCAfmwK+RvFvwh8f8AhcFNZ8M6rYuqsskF/pl1ATz84LvGFIHQuCW7/LuBr9Zfht/wWn+LWhRQ2/j3wvpfii3iULJMirEzoGKu/wAqEEkZIyCcEkcZFfXOi/8ABVX9kH4qQR6b8V/hZDbzXK7J55dLtbu3RioD/vCgcKMnJAPykEn03rYfiHDpyzDhrC5jRaX77K8VSc0nbVUK1pX1bsm3fT18ahguFMRNrJONMdkteNnHDZ3g6qp3ukl9Zw7cUlom2vN2R/L9qXheYmPzdKBkIOEA44xkLgkKw4xgKPpwap2+h/YT5pt5olkjYMSA6pjI2qDnoAQe3BOByD/VJN8O/wDgmJ+0GgOh65onhjUbwHbHBePpbRSOfl+RhGgwx9QOD6V5j4t/4I9/DbxXG118JvjNYypJue3tbi4tbqHa4yAJIZpHAJ+UnHIPAPAr5rFQ4erX+uYfHZRUd/dxmCqwinvpVhFw01d+bVJfP6zLa3HeXTU8rx+V8Q0YqL9plmZUJ1ZcvKkvq9WcKt2rbK77M/m2EEckas21ETeS5ijBfn5uP4cgYUEnOOcAYqJ/C2ganAranboYmdnUxKgaMc/OwB646Eglc/L6V+yPxC/4JAftIeGEu5tCs9E8YWqRs0K6bLsuZMc52tt5IUHGT1+gHwt4+/ZF+O/gETxeIvhn4nsGgDbmisLie3BBOcPDG4CkDO05BBzjpXlS4SybME3gsxwmIlJJqNOtFz3i2lBtST2W1/mz7Gh4u8YZG4LNsozLCQpySlKthaqp201VTllB2T1le2nmmfnr4t+F1jciWTRb2SCOWXYI5lKjaOMH5hlSfYgDg8k15Jf/AAo1y2UCF43+YKs0VxIjIDxzsdcjOdvQrnAHzE19sXfg7WbJTFf2l9p88LsHhvbaWMDa+GASVVJBOOSORyMVQXw7czsxez3qArqyxrtJB+YkKCTk8EEHD+g+74uL8NsVSpSqU8Mq0G9EorWzi9FZ6bW2WvY+3yj6RWFqYinCvi3Slyx0U+Vp3jdbJ7vV66J9Nvjy28O/EuxiW3tdX1SSO33NCqazcoISAGUxhpMKFyORz9085BrSs/H37QvhuzvILPxV4xS3ulMVxbDVri4tZ4kGdskbuy+WVHIAJOCRljX1Lc+HrWdSktksbsDudSYnAA5IUcBsdcHIGeWJrMOgWKW/lI9yrltio7qynOQMAt2OOB/s59T8XjOCKSdq+B9k42l71JNp+7/d0s+t/wDJ/r2VeOHteSVHMeaM4/C62y0Vvii0m7X121erPibTvE3jeHWbvUhJd6bqNwwubi4LyxtNMp3ZD4BGDuwAecHHGSPsv4RftreNvh9qelSalqsv2NZoLXVEmd7mWa0Los7wiQkJMIt2ACVBYc4INct4k8PXaIi2os7maON1LTwR7dpByhyeZPm+Ujgevzcebjwzp9/Cp1jRgjwBjHLCqx+ZIMDLYB6DkEZAGQO9eHjeC8Nj8POhUoxlG3LeUdV8K0ts0tvRPoffZN4xPA4mniKOMlTqXT5Y1U4StytNpOS1u0r3vr8/6Q/DX7QX7APxS8N2n2j423PhjxJe6VE11Za1p6NHDqTRjz7d1K7fLMhJDAscDgnOalf4OfCnxPo6X3hD4sfDLxFazyulpB/adpZ6jly21miaRGCMQuBg4ySQeTX8zl34O0R45L2H7VbTMDGpEx/duASpIzuKkqDwCRngdCeCudF8YaVfR3ukeI76J1TfEkOo3NuQB0wEkAB9wVwcc4yT8BifCOrh3Kpg8RiKcbNxSk5JfC/e7rrZJadbH7Ng/H3K8zhGlj8Hg68pKKlN8t2vd96TWqb3t3vpZaf0pX37OV++6N/DtrqcCs8IudCuor4zyKTt8sQPIW4PUDggEAE88vdfA620u3DXmnX+kXBYxsNSs2hQKPuqrSKoPHQ5z3681+F/wp/a6/aU+BXiKw1Twz4s155dPl8+G21S8m1TTHywLJNaTs8ZRgDngkKWIxyK/SjSf+C4fjfWNF/sH4zfCLwh4skdHT+07eM2c8b4wsixRwqu7GQCT97d9a+NzDgvivC3eEximottRkpRcrKNrt/JaNn2uU8WeHGbqKxlB4Wcr80qc4yjF6dHeyt5a6JpHrPiP4OySxSz2ts8kSsNsloI2VyuAWIVsBQQW5PfBz1Hh/i34UmO2a4DShVgYTRogYqzJjLAA4wwOSQAOG7ivY/ht/wUQ/Y88XwiPxpF4l8BXs5ZZ4QpbTYkkPBQx7ugOQwHIAyR3m+I/wAQv2YfEWlatq3wr+MdpNuhMi2c85NxcsyHfEVlIbdxtO3gkDcMmryvCcXUa9OGOoqVNyjFyi9el2km1LfW77t9DLOcr4Hr0albKcxg5RjJqEpKMr+61uknfVWS0vs9j8edX03Z4y0u1Ba4a28VwM7dQoSUYGxRkHgk4+UkgEHJNfoT4y0vUbnwzp8ltZySAtG0mwnkBEA2qMHgcsOm7kjk18cpfWWq+IfM0KKCXWLbVzqCzXCqEurRJA5fLcncoyCcYPJ9/wBVPgf8PfiD8dfBep6/4I0CPXrDRjFZ6lDp6mS4trhVCudrKVAYgjYD975e+R6Gf1K2WypYrE05RpxXvTSbituqS10t21Wz1PFyLJf7UjUw2Fqqc2lZJ7uNmtb66XWl+2nX4WnW+tH3TWbIREAoKsDz12YGAw5IAPA6juMy61W6iliDJhEi37RtIGe5zwGB4IB6HnnNff8A4g/Z98X6c4j13w5qunMqNhbzTZVGec/vREUPsQfU5OCa8j1f4B6xduI7KyilPKt5ZyT3Jx/CwHXgkZxgbsjjwXFmUVopzxVKGqTu+W7vHRpv59G21foaZpwHn9KPLTw9SolZ2UZSVnyXtfR6W6tXavdo+S5NXljlikZlPyljzxubooz8oz1OAOcf8ByJvEEqSKs1tGQA7BthLENyoGejbugByeT0xX09rP7OXiK2hZns54iApH7h2TA5CjjcTnqRkHkAY5Pkev8Awo8UaY32j7K86xjywnlk85OPl2g8DPPJ3c4JJx9Hhc3y/ERTo4inNP8AlknrpZJLpZ3fl0s0fJz4ezfCPlrYOqrRvJ8kuX7OqTjp6900/L5z+Il7K2i3BjDxrJLCAW6El1JB64PzHIXB4z6gdho7pDo2j+cylzHGXBGSQYxk8noM8AZxx6ZHE/FexvdP0ZI7gPbSSX9ujQyYGCJF3EcAZbp3+UdcEGugglI06xikkVWhtIcSDqx8sAAMo6t0xnHPIHUezSaqJOLVnZp36vldtLrRLXXXRdTKnSqRfLNOnaVrONnd2urJaaK263tsjanaKRJmibYhkJ3gEF+MgdDgnoeMZGM+lOfTZJCSz+bvClcZITGSoPYYXJIJz2OCMVm20pW2kAZFLyfdxkD5sktnBz3JGSOegGB00EypbffA3ojZIVssDggEHjHfGSSoI+bcK6buMUk303d99dbJxbtr0a0vvrXsVzJuS16WcU723032s0tdHbZPibqznF15i+ZayIwEc8DvCyEHBfIIByRgEjk5GeGx3fhvxh4k09JftbrrunQEILef/j4I6ArIOXIHIIJIwOgwap3wiliiiIaUSxsGkAKbcNuC5wpIycdAAQRgqMje0C1jNvJttwSjoFJOD8v3SuB8yswO7hhu4Iw3FQk3Fcz+FJ810+ivtfXbsls3e5gqbjKShfmbtdvTRLXTdO60bWr0ff0bw7rmj+I7/TrPSJp7XxBf3UFla6RLiOdrq4cLEkE77QmXYAfMM9zzmv0n8M+LPjv8ArCDSPil4Q1W78J3awL5HiG2Fzpr2UwXcq3J8yJWKH5FLgEZxjFfil8VLiTRdNn17Tri40vU9KuYLyG8tZWiuEeF1dHhdSChjZQVKAYZcHIGK/Vb9lP9pj4n/Hf4EeN/hx8RNbi8ZeGIfCkmqQ6hrrC41qxnsoDHF9nuWVpiEChztkAGPmzmvWwdSvKEvZS/hrmlFvSUVbVJaN9r26+TH7GjV92smm3FRlG3uyvFK0kk930enY7z4i/Ab4QfHmyuPFPwG1zTfDvjlYGu9S8Fz3KLbahcIrM8VirMFik3ZRFjO1i2MnPH5geILbxH4Q1jVPDPiLSbzw/rFpM8Vxa3yvE7MjFWeIuoEsb4yrR7l5HzHqe3t9K8SeCsa/4f8Q3VrItw9xZXlhdTAhFkPySspDpgY+UjBHy465+n/D3xE+Gfx70Cy8G/H61e08Toy2fhn4l2aql3Z3T4jhXVGTBurUOVVxMSB8xzwDTw+KweYSdGVsLiU7Reip1X8Nv5oyemvTXoleo18Tl2tRyr4VXblze/SSavL+/FeWqSvrY+RNEffAqzKJVco2MfPk5G7JP3QW4A4AAH1g8RPa2rRslwzSKG3oVBCED5Q4x12kknJBI6kkV6z8XPhD42/Z9vUtfEtl/anhvVo45PDPjSxjMuj6pZyHMRjnQGOK4EZBkifbg8DJGB4RHcx3lwQ/7/AO1OQHJB2L82CoGQoOCPU4PGKdXC1aDkqlNxd1d9L6NPTdbfr5+9h8TQxdKNXD1ITg7NcrTt1tJK3pr1XkUBbTfarch8C4bzWcbiQOWx0AUAcYB5yMeh7XTtOuEikiinWNpHygOW3sec5I7dGA6gbcDhagsrGVtQaFVZEit1CK4BGT/Ex6gZ6np0BOK6mHSbySSEgxZQkyMWC7cjOVGegOMYx24HNZqHk9dF8+XW6b11sr69bWOvldluv8S0b0ut+z0030flHNDPaQRGaO3uNikt5YKsTn7uAOpzxuHJxgdQLOi6lpQLtd2ssas6iY7QQy9iCe2OpxnPQZqW6gktzLvfDDDrlAWYjrvA6KSQMttLDI4bis+3g+0SM1w5EbMD5aJgOOeRjHTjPHTJ5BIrOpFKKT0jy6p6PSzW9rK687q/kZys01bpfV27O0tNFa/T9C/4l0/wvqtiZbO5WCYNlVCBQ2OrP8vAyCDjJyT0PB8XuvDW+aQxXcUqbiUCuFBJ5yoUgFRg5BK56HOM161rMVpawfZYmVpJF2lCvIDZCkvkHoOnOQM5wBXkeo2d5Hcn7ORHsckZ5UEH+Ek7m56nGBxwQDXnSpvnjbeNvuTWr2f3J3WnXTy8RQpud+VXaTsuV2ena17aNW3sr2tdsg8M6kwjlEKuqYUvExVdoJGCoOepIJPUZHau30iS80uIQNbGV2YA7o2KuCMBS5XJIBHJzggetc1ZzatEY5DMXDY3pGRsUAkBjHnbk54yMD5uOMntbPxHewyCOW28+JY2Tc8aDOBu3Fu/zZB6ZbjOKUqM+ZNtJtJbJWV1d21srarmtbXS+hFLCxSu7p2jZtPo1t07NXd91qrnF+Kra71KeNVgdWLjKofl29AMgDBGcgZJxg98nf8ADelLaQKbwumyNdjKCygg5AbOAx4GewORzwDoDWbO+v0+12xgZSCEh24J3EAnJCjI6diCfTjrLYafex3CRTPGQreXHIqYye/PJHIJ5wSeM8GuvD0rWtq53TeuiWuqUlb776Wt37KdCKs+6aSttbl0urdOnS2hNDc2kjRqqi4XYVdiAhVR2xkDnknoO4NXjcrGsbQ+cVeXAw+AqjgRkFvu++PmJ4z1rkZNO1CGYOrRvGq5eVG6KpPBXOBgZAAyegIyMHgfiV49tfCHhxp4rxn1q5V4rK3jOGMjgopCgZPPcg8gHGQCO2MVZWaaae76e7+L1W7+T1OuUYqKtbbRJ7RvF6Lu/n+pwvxn8fXWs6nB4F0ME315OkF7JENwSOQlCrFeAQp5yBjk8mvV/A3w8sfCei2dpG8X9qXCJ9rOUYyOyDgAnI2YwW6ng9RmvPfgX8P7ue31Hxx4sRDq2qBp7NrvAmgRjuWRQ2NoBwBg5AwR8oIHs9zpGopKb23Y3JjZXjljIAwOiKikjg5yxA59CaNYp2tfTTyVm1ppvZt7vVqy31o0kneX8qktVd2t5aJNO7bu9Hfc1J9M1CzJ/cCZSgXYkfGCACwOMDIB3AHrnGcCsd1tLZnikilhlJEhDZcAdTwN3QDAOc8dzyOpHibWdOghW4tDMzKEZZ0GFD85G0NknHUnn1Oa5i71zz5w17aRxFiRIIwUcRg4OeMYwQT0B6E7qqnJNXbbenTmVm1qtLOy73fVaiko7x5rq1lbW2l5Jaa6t230dm76TzWtnfbJILsEBAXRyY13DjA4IZs5IBIHQ4HQ89q+jiJ0mhuDGzx5cHBVCMAA7c5Y9ee/93dx08b6NOixwiTJy0RVxv7kgjdng8EH0+mKU2h3UiPJBdNwS6A5KshBO0KM8Agg9Mk5BPaW9Wla8uVXu+yv30363d9loZXm7qNnom9b6K13ZXdktfTs0jF0y61GxQ3D7ponVkRlVW8tl53KHGUyBk56sCwySc7Ft4rsrhRDe24GwZZhGqs5AOHJyCGUYOBhc9ua5S7svFFmryRgNCGIKAAqFzknYeQCeDgc49BzyuoancIHMkAMm5Ru2bWVTkEqF+VgD2OSOM84yoPmfLq4pfa69brdN3d0nr00Y6dSdGa91vm3vt5tPzezaVvmfQGj/wDCP67GIbe6ghnyGJlVVwFzyAdvzKWJGepzggcie/8ABOrQN9pS4zBtKpJFlVDKByqrlSpBwD1HUdK8N0W1u3EFzCzRRPIu93lZXI3LuDKAvy7ug6Ajj0HvFrqmu29rGlvfpcWiJuVJJFbBUDPBIYKcFScDLYyMGlNWurP7Nk29WrPW1tEmnp2stHp6sJSqxu42TUbRvrd93FJ2Sd73aTW+rRyVwdQssJLbSvFsZSTF8rcnlWbGCTkgkgDPIBzXnviLW0sozJH51rImFO/IxuG04A6gjJyT8oAA45Psr/EqxZmsdU0+CVkDBhGQGB4G7kAKy4I25yTnJw2Bz9zpPg7xdFJLFdi1uJFdfIuOQMZAY784IJHJB4UcYrNSi03p22V01bRaXdnr6bt7mMnJpqDWi0W1pe6nZrVNaNWeq31PlvU9Ql1XVrIm4ZYl+dVJLNyPvbiOBu6qDx2HBNfQfhG4ubPTGXzGO3DxptB3DIHHOSQrAEcbeDniorj4PyaYonUW96QMxvDIGYIxBjBUYG0cjIxwQD2Y9xoujRWlosU1u6TIodgUymMcAA4A9CfwzgV5OLrxb5Ut9LXatdRXL6af8NZn5fxHHFyzDms1CKbTje+vJyp22sr7Lr01PPtad5rnzAzbiB8h+bC4ywxknkfNkHjBJxmvNLtpxcSMQQgYgqhO5SrMF3HoRkDPPI7MK+k5NK0a4DYRVZWISSQqVDYGOGwSwDDtyABgrnPm+ueHYVui1vNGYmA80xgE5BAwQMkDIwcEduQBg8sKibS0aT6tt2srrXm7dPWy6Vl8KiotzvduyV3o3bVxet/mtfW58lfEjw9LrOvaNekF5Lba3C4+RepGM9cdCcLkcnofoDwmHi02IPDMI0KKnB3ZCgEEnDEMQcHk8AnGRXA/EPT77TrmzvI45GVGRQ6qWXaTwGXGOD179z7e3eDkSbQ7e4uyomKqBGcKpG0Dpng4UMOM557195KvSqZfg4U3GMqdOSkrrVpRSe/klr9yufW8N0pr6x7RNOck7yV3bSyu+mitvutL3vKogjzKYmLsN3lsQWQHIz0xu4yRwSRzwCasw21vI6xjciyjeRv+YkcgDLeoAJG35cEgZ522gskRojGWSQByc7iTyVw2eBngYOBxwcZrl5beWdmFrIFYfLGj4U8HkjGQcBcZ6jqepNcVNuSs1FtttJK71td3eiVtN7PTXc92pSUZt35m9VFaO75bq7vdK93pbRPa51VraNOFgguR5gbYQPkZUHrkbicDAAPQgk9MSRaR4nt5QLAvcwyF8uwZhu6fNuICnGG6fmcVk22la5ar9ojjkuHZUZXUnIJUA4HJ+7gNwQwxnPSvW/Deva3DHFBfWSbJF5V4jvbC4VwdvUHDZJGSM9OspO0rrSL73f2b3eiV9m7XV7bmlCPvxjKMk2vecdXZuKvzLa6T7u19drZWgzavbT263+nsCsuWcJgtgD/V4GMdcHPGAeAa5P8AaV+Keo+EvB2n+BPDiNF4k8cXEdlGbdi1zFZ3MgjclVBKs+7ax/hGTnjn6Zl1rw3oHhqbxDq7JaW1laz3M8l0EI+RCfKTcBgMQQOeTgc9D+bPhLXj8VvjVc/EbVGWXQ9Iv2tdEs5XyqiIlbdo0J2qxYB+A2M5zkYrxs6xjw2Aq1bL2ihJxTbV2rNX3d03bW91vex2VsUqUIU1O0qnLBpt3jdx1emnWyerWnkvsPwV8C9J+G/w58P3Gt6ittb6pc282tz78Xc88yLLKg3YYbAxBzk7gS3JbPvWsftK/AXwDoGmaZY+CbfxFJp0ciwXt0A1w86DCSM5G4oGAPI2k+wAr5D+PXxH1C90Pw1bs7JFaXMgNrC/yM7ZCNNjqVGBzjGQecAV8Xa9rl9qS+X5jyySCRIwuAEO8AKcE+oyOOx/vV/KGZcD4ri7M5Y7OcdivqiqSksLSm4U+VuMveS+K12rXVl3sj6/B55RynBUqOEo0pYiUYp1JxjN3ap3tfpd6Wtrq3bRfTvj34z6V8T5bxm0yC2eS/eeGGzQvMiKrCKA8cITtCqOCwA6E474+CfGPwl8FfC34969FDbh9fh/sDQNWRlnuIbS5SZJWsmUNJDIFC+YU4AG052iuW/Za+BkOpX0fxH8fzr4f+G3hKNdY1q8vAE/tia0cTxabZ7v9a87KsbKN24Mciu2+OnxU1n9ovx/b6wka6d4N0eNNI8FeGIyyW9np1sDFHcmJMKJZ1jWRnwx3fKzA5FfRYfJ6eCnSyvL0oYHDJRxMm3aV0kqV7tuUr3d76O2rZ7uExLoYSePxkebG14wWHjs4RfL77Se1tO2uuyPUfin8e9F+Puq23xJ8WWd9pfitL/TNPfTtJT7Nax6NbeWswhChVAmjUlgQCwJzywB+zJf2iPAN9pA0bwp4Gszpi+H7HR7e+ksxbz2tysCR3FzIqJtluDISTISSxIyfT8418E3FjYWOmwqGmutklwwXfsj4YhpADjBG4E8Lg56nGr4g+M/hT4X6C1vNLFeXNmphs9LiAE19qCKRE25VLMkT4MjHIyACcHB92plSxFGlSi5qNOcHCKlaN1HRNbe6mrNp202sXhcwipVa9SMYzlFKU3FNt2T5Vd9mtdFtddvqX4o/GfwZ8EvAMF80ELeKr6OX+x/DpZZL/Vb2dCEvbsKGeKxgY7sEgHbk8Gvxv1OHUvGPiLUPGeu51DxDq17JeS7Ri3s0lZmSNAPlVIgQqjIIX5jyTUlxr/iX4k+J7/xN4tu5Z7y6kKWy3ErMmm2DMdltbK3yRBVwAAFzyTwSB6PpOiT3Ii0/SraYG7mitYtsbSXFwzOFEduiqXlklchVVQx3EBdxO4fccMZFiK86OFw1GdatVlCKcVKTT91W1utLX6Lunqj5TiHP8HgMPVx+Or0sPhqEL805KKahy2vdq7fKrJbN6pnng06ZbmCDYs0gcee0YaSXc5AEMezJ3sSEVRhiSAADxX7k/8ABP3/AIJcan8VNMtvjP8AtBs/w7+CulKuqeRqm2w1DxFawL5xEj3HlvDaSqMfLl3B4ByDX0B+xP8A8E2vAvwi8FW37WH7Zstl4Y8I6TAus+FfButMkd1qkkQE1vc6hby4aeaUhfJtyh3EjeFCjb8if8FBv+CqHiH416g3wv8Ag/53hj4baWx03SdE0phaRXVpCfJhutS8goGV0G6OFhsC8vjHH9EZbleU8PYKVWtWoLEUY2xmPfLOhhZWXNhsGtsRjE9JSV6dJt3u9D+LuOfEDiPjfMlkPDFCvOhipKnSw1KUoV8TQk1FYnFzjZ4TA6Xu7Va6VoJJ3Prn9t7/AIKdeDvhl4Ql/Z0/ZN0618J+D9Ktn0ltX0SGO3vdTSFDA4tPIxJm42nfcNh3Zg54Br+Zb4l+L/tZ1Hx58X9ektdPglluotIuJyby+kdmlUTbm3vNK3DA5bkgkZzXpjlNGtT4s1m7XUdSMc93d3U7GQ28SK0j+UjZwUGQMDJIGSAAK/GH9pb403nxJ8V3UcUksmhafcSRW8RJXzWRiv2ibpvZ8fKp4TGPlIJr4TO+Nq2MjUwGVc+Dy5SbqTcnLEYxtxTqVai95tuzttFP3UlZH33AvgvlnDEKPEHE7pZvxHOnH2MZRthsBF8rVLC0XdRjB7uzlJpt7sq/G79orxH8SL2fS9GZ9C8GWeUsdKsnEQmiUlFkuipDyu6/MQ27GeeV58B0Szu9Sniiji+SaXM8vGI0JA3s2T1xycn5sZArIkEUgDW6EvNu3jkk/KMKAu7nnaAMHnpium0q8k0+3MTTG1aeIqqMoZy3PysD8ydyQQecHAyBXxNetJRai/elbX4tZcrve/VNXaffY/VJzW9kltGMUuSK5orlS2UemibdrdT1mPTdD8Mxxzww/a7ueNCm945QrLnKy4LADJ65BPIOAM1wHiLxNF9pUoPJdmLOUO7YcY2pnOVGOgOB156Vyr3d0kESG9m3NNmVSx+WMnC4ycsCPxyevQVgX1xFcXCorbmiKqN2V3kkkFuMEjOcnOAMk5xXFQpVOZzqTd3Zu+qV7Oys76fetVoRHmlyuStJpNKydk1FtLS+61b76dCG/umlnllE5H2iQdHA3Ek8vg4Gc5PcewFY2+eB5CTv358xfvjAztYgjqOhAycknHHNi6RVLSE8kt8q/d3hRnGSDnk5JAG44GAATSeXaisVYM4KtuUEBDxkgdMZyR3Gexrug4rRO1tdW9ml0d0tm7Pv3SZpFW0skr69naz21tqtNN+5WknJaOTLKCwKDkkAYznHODknP+10yKlEySMSgIK/NuOFBI6EAE5wRwTycc46VGixksGbKBTsGSCBzyQQPXkY6jOOooSNJlVUcwspK/M2CSSSDu6YHORwD055IHzWb08r63bsn5LurPstbO1K1rO9t+72Vtddd+3m2aFrdyPKQzux2ncoHJGCCw7ZAOfQEd+tWgFZzFbnJJVtzggjcBn5urH06geg6VnCBodpLgF8KWVsnHQsOeB0YnkDOMc/L0OmWbXMjLEUlwv7tmPzbjkELu+83HPZj9RnKpKEIuTk013bUXql6/ck3e9tCHJJN20utb6Wdvv3a06222e1YaFLJcwyQTLvAjZ/MOVzuHAO7DHIJPPfkYFfV3w5nt7KzutA1extp/7QjURv5UbSKJBtYsxxhecBcZGRnHIPzdotnqETGBhDgbSqPhSHZgAqNkfNt52jGcbSBwR7h4Uu9Nh8i3vL5xqCuokRXAVI0wQEckDcOpGckZJG7IHh4zHTi48rdrp7Xe6Vlvprp1snrsYpyUorV67XVuisr9021r0dtztNU+B3grdFcwiRXut4ljidZBFKSeRnnAJ43c4G7jiqehfB/S9F1dWCSzRoUkQOFMcjAg7iT8vy9j0xnrtFdTY+KdOl1KSFbi18hBGkgZgWkA4Lpk43kDBGOM5+bBA9ae/sp7RRaXsOGKSQxttMhUjDKHJIXI/2skg8Y4OtLGOrFWm9EtLtNfDu7p20T+/RG8kpRi0vtJO2qtZX106q+z13WjMebQxbROVWOC1mHllYQoPAKkqVxggqBgYbd2III8b8QWsVtdusJ/dozEqVBJOCd3GRnvjHJbPbNevatqVza2zQRQtLG6AxFhuZX24cggYGDnndlj0LEc+NawGnnDlvLR8oRvId5ACSGyRjB5PIz1AJO6uzDJud5XlfVNWb1cfw/G5Kfn01vs9nva2i1/HcwpneQec6kFyArgckAcZweMnqevryCKkhuZrSQAoxOw5XBbg4PU9yGHCn1BqnbqfmEhLKrkBNxIbnqpPr1JGep65xWlI6glS+AV3JnBycDjPPPOOny8DpmvXjO1rNrvrey0tu3ru7/iZ7q2+jV9FzXS72vqlfZtW0N23ng3IyFon2g7XYOpVvvABiRk5+7jGCVH92ug03UR1nymGZdhO0rltoZePun0/h7AlcV5ikzxkGQyZj43bsAL1z1HTHbjHHHAN631pUjO6QySBx5ZK5IUHj3HGCD07kng130MROC3unZNtrTRaK/pstddWc9SmpaXu0lZNaPZrVpXSXWzem57bZzx4IYgR5XI3HO7kbl6gDHQHg4wecGult3WJQ0EmxwdzktkPnA554xnrx1GByK8X0zXV2siZYNtdt3YgHLJyOhGD1O7uCSa7Wx1KO5VBGwRfutuLAtxlVPYLg5yMg5x04Hp067fK0+iVr6/ZSXmr+aS9Ti9kknFLXRarm2enlbtbR363O4kh07WiLbUbdZmd8eaQFAAGAwzkjBwBnBY4GMg44fxF8K7+0iuLzSWN3aAb/AC4SNyAg424xnaeoA9cDOcbcF1skdpQ7FTtDRvk4Ycbj1yCoJyDgfkeksdeuoY2SGQhHwpDEtGyDjkHJDHGNwB4zk1vCam25bd+r0/B+ez10eiJqRkuVRbW1k3bbl0t5Wumul72Wp8zz2lxp7+XNG+VycMuCGPBDgkEYxgDgH1HSqx3ZBdmRlXnIbaEYA7QCAAcZBH0znivp3UNE0HxMkxuoVtLxuBPEuFY4AJfA5JOCc9G74GK82174cX+lpLJGGvYEAcTQ9BGQAA4BPI25JzgYzznBbpK3uyvrfR+89dr7tq+3a9tRquou00k1a/xXSstObR9d97aJPd+XuqyKQV3LhSZAAGKnGflO3BB4yMkY64Aqv5DRZaKVWBYYVsEtjnJODgjP8PpkH00b22Eat5asG2hBG7YLYK7gwHUH5s55z68VQ3eUhGdnO4ZAOHU9fQ4I4HJzwR6KN1brv+Fuu/m9P1N4yXJzxu09Xa2ul731e2mtu+l9E2GYPG8YfcxG77rqQCTyOigggNjHbIyDUJiUgJEW3kncSQcFRwQW6gjA75GM1L9oPzthg4cE4wBswSSVOAQw5Ixk9sDpSkcbi0fCjduCnD7mYEMMHjIBznOQeMAVpzyVk0t1Zu6atGK3+5t+vlaGpSs20ut7Xs1y62f4d1v5yeY5zlA0aMFKhSGYsu0kAAZK5zkA84J7iq8rnKoMkv8ANtblQ4PQsD8voOfm5GRziw7ZXJk/eFRgYCsp4OBlTwOwzyTyDmoAJANysSygFgQAQxP8D/gCME/KRtJBrelKT7u9lZW00jZv5tvW+nVNNhomtO13107vXr993pa5Tfc3zLGYzEWBycGQv1ODg4wQTnADfQimskgGHhGwE78BjkEZBIBxnp2zgkZ5zWwEEahkO93U7lYLlSSQ2BkgAHBPfJB9cseJkjYtKGVlBI2qdzHjpgng8cjPPQ9D0NSSjaK5kntaSbunpZO1t3orX80ivcnyK65V1bTa7u1207X31eqWuhg3MSFVRVxuXkkcqNxOMntgHpxkEZHOMp1WJgC4fcxHODgISOcjIYDkEkZIwTgZG1PE4+dnwoDMGIJUAnG3BzggkHoCQCR6VY8JaCniXxXoWhSyRwW+rX0FvLcNwqJJIquWYjClRkkhlGSSMEDdx47FQwOHlXqJxjTi5SaTvoov4Vq3otbaPvqelkeR1c8zjAZXhOWOIzDFUMHQ55KnT9piJwhBye0U3JXu7Ja3ZySiPzH2upLOoCnjlucZJz6ggc45xyAe88LTRWOpQTHbFIrJKzEb4zgjKnIIyV9c44weM1+tWqf8E/PBV94Y0+98Px3kuorpyTTXNq/nwSu0WVmR8jcAT8ygHaARyASfgX4j/s3+PfhdLLdahpt9d6OWkWC9ihcptB+XecHy2A4JycZPPp+fZP4hZFn+Kr4GhilDFUqnL7Kr+7qTcdLwbfvO6+GLvqrR7f1P4lfRC8UfDDJMJxHi8vpZxlFfDwxFbGZNOWKjhIyhCb+sqMVOEYp6ztyPXXQ9f0++g1nwqttaXG54h55aFgmDwSjRqSSwA6sCSo79B4T8W54rzSbWBgpvLVvLQeWIwY1AXcdwyT3Pocjg8VF4P1q60RYiFnVZGAlSZGK4XGM9R1PBOeOOtS+M7S88UM91EsbM0TloEb5sZGMDb8hOBnnIGCBX2tOjJLnWqko7XXVWaaS+/TXy1X8r4ivQpzlTm1CpH3XGWjTVk2+q1et1e/xPt8yllhIVm++MYw33gAFIBycH1Bxk+wqSNkYAbCHBPy8EH1AwR74HQdgCa3tY8PXtsfLmtZ7dkXPmSI+whiSDvK9Bu6E9dvGeRzotJ4ixyZMHcozzxnkHqCPu54wcn6dijaMrt3sm2+qfK0tem/RK2t72vz8691x97m7Wsr7J6+7ff+8/wlCJuJZDuc4PcA9iOMYOTuAGOOhpjloQioF5JDFvmU4xwTjnn5gSc9eeFFOEhwoZvm2MqkDCsQcEggnr3PtlueS8Y2AkDDKQwOCAwI5H49MDnB6HbUWVuib0b5bN3tfa600V+ja9F1U27aXVtPVu2ite3km7t3a1GRTbGlcj5lGWw2Ac9+uMHOD25HTodCyu5baaO8gkmtLoHfFPBI0c0bJ90q6sCMH5g3YHOSelFCigHZ+9YEHI4PHTaR8pGcnpxyOhBYrDapzkhWypOAuTj5Qfl46gjB9zjFTKEZRtZN6JvfR20XZLS7Wtt7tWfZCryK7a0bXMku8b/JdHpfztp9kfDD9rbx14PsE8P+Kkg8feFbhRBNputILqRIS3zIssodjhRkYydwz0HPrF/wDD39mH9oVRdeBdci+FfjiePdLpF62NMubt/wDlhH5m1IlZ+BtI5xwCxr85obnamNzB9vA2/IrHIGG9sqDx0Axx0ngnmhkW5jnaG6jbeksMjROGHAKFWBBHbGDkcDJzXnVcLyzbptp2jpfTp00W60TXezTuejCrTr01GtS5lpdtWlZ26aNaJPzVmfQ/xE/Z1+MvwmxdTadf6xpisTFrGhqbzTbmFPnRmEO8bQvzFmwOmT0B8ZkbQ/EYig8Y6OkDAtE2oWyCG5iYEqWmTAO5T94OMbl6E8H6F+Ev7XnxR+GSR2N1dp4v8Nsyx3Oi63i7QwfxxRmYMV3pkAqAPUjOa+n4rz9lH9pi1aOayg+FvjnUN+DCogsXvHXEZ2YWPa0hBOSD3OWPHNUr1qXK5JtaXfLfTTdbqK62ut3q7ieVwq3lQqrX7DWuy1T19Nrbdz8s9c+CU72U2qeENQh8QaevmSRWaMBexoqkMSnLZGMdSWx04xXiT2t7plxJBdWs1rIjMpS6RgSRgMgJBDEEYOCSDj2r9JPiF+yl8ZPg/G2v+H/N8W+HGkdodX8OOblBCGJH2iCPcT8oGQFOcE5xyPBZ9d0LX4f7K8d6EkF1BJ5RvBD5F5ExbazTrsWTKc5VgBuGCegEzVLEqLjGMJ6LSN1st13V3ulK1tHpfza2Dq0XaUZU3HVN3a0Sej2d9tk2/vPmmCeF7QQ3Sr5UzuWlOGdFwQVxknAPPdjjuBwW2i2UkM9xb3A2qJEAYKdqDJwc8gMxXBIPtkLXsOu/BKa5iudR8GalFq9kgE4tFkAugvBK4z7kDJySDj38UutM1TRL2WHUrO605yD8koaNWYcAAgAMN3HGR3we/l1sDWheydtbyjs7NLokt0t7dPNERny8vNZ2sk7J22ta6uld9k/PtFaXEMcwguEaQRnEOMkBiwxuBJyGB46DaNuOldTcWcGoCVHZLaSMJK3TY4AGERfu5A5yDgkfhXJxTxXMsIZMMGO6VMojN91CTwF5OTk/dOfQVryxzqm/bLIY3AklGfLEZ5UBwBwFOCc8g4xgYrzKlGUZ80klZpLVWb91tu2mzWmu9+lzalXindJfNWSTSVraXVm0t/yZBqsYlnQCKR1igEUcoXYGYA8uPutjp14yQR0rMsr59PQgK/mLIwUMpIwdxCFsdCvPHGRwDyK60SRyWaq1wgKyCRAVAkUcBh2HQsAeh3HjODTrvTLfUQt1GyA/KgjJCBwoIywABBYZKkAHggleQajOnGNpwTi0lolzNXXW66K60bej82SlL2n7uyas1ytX0cb3a1urKyadkrrrf0PwZ4vmCW6CXCwLu8tgPvbug6A9eOcY6ZAr6b03xhFc2KRTz8qFlBJBRTxkDJ6jPGecdRxXxNBYPphha0bcPvJG5AdmzgkKC3y4+rHPqQa6hPEN5AnleYxkcoCgcgIOcr0A6YyM8cgHtXnToQnUU6as7prRp6WeiXVtWb1Xz2+ryTOauEmvaSk4xsvilZJWu+V6pO2jW+lt7n1xc2Vr4jFxc+f5s0FqVjRdo83cpGMZI4YZB4xntnA/cH9j63OkfCn4b2rBonTDFCcKFZs4JX3xxu5OM5wM/wA5WheMJ9MnSWGeQSXEIjdXct5YZcAjsQox69OMda/U74I/thTeEPBHhnQr/TrW+tdLlG6+EpWR0DHK5X7rKODn+IEZ9P7d+iNn+ByvPOIKeY1XS9pkc6MJSakn+/pSldpuUVGKTevdN9T/AED+iZxzw9gOKMVPN8RDCKvljoqvVs6aTq05Jtq7slHd387H9D+k6qAyJFIrEYZgSVYEjkqR1Awc9iOCQcmpPiXf4+GfjMgjP/CO6ipLHcDmBskjnjdzjA4z1Odv5ZaP/wAFCfhvJJbmeK8tpg6LIg5CIuOdw+90J75GOOgr0/xF+3d8H/EvhHxBosN8Q99od3bwkgrKbmSIhY2UkcszEhjnAHtx/U9DMeHZ5pCpDOMvvGrOfJ7eCmuV3UbNq7sttdbo/wBE4ZlwtjHDF4HiPJq1GLdSSjjaEaloq7j7KU4y2WqSvbzsfm74EQiXVJmGVbUL3JHO0GYndtYc5KgkY9Qc12qATyYDqMtlW7YB+XpyBnPQjPIPHTiPh7Kt9Dd3Ee54bi6u5YGVshkZy2G6eoBxwCOpzXoUSRLOFkjbhcsinBJU8HHbBxlSADjjHFfjHE844/M8TWpuMoSrS5ZRV00pKzUrWd9Xpv07v/FzxloRxPHPEFWk4TjPMcRKEo2tOLndSTe6aS1erXS6MqeAb1fDGQDb1ADKBnccnntkAcAkHIODQljLq2+PaiHbtUcjDbhuHUg5wvbgkdQK3ri2Il3htq4ADYw6ksckDoBjOcgnOOOuK5UOGUvk8KxxguFOPQdfug5HOQVz1+IxeBk07Wtp0vfWLs0731V997t7H4RmOXuSb5dkrW1V9Hbz2/XyMVbRZlLFdoDDiP7zDIGVXjsByenUkk4EF7ZZzIgJEa7GJxzxgMQuOBzuGB1LccEdDGP3jIVZUYAlgMHJAA3Ee5GCOoznkcL5Iy6hgCCxAzuUqe5z0IyM4xk4Jwc14FbCTilqlayVt7Jxveyb0t+CWmt/k8RhFHRxb73XZxVl37P70kcksEqKzEYCcAoFCkEDO4AqOTgc4ORxVS7iUL84KxsoIJxncFGMgc4GRjPc9jXS3NvLGT5mRGeQyBcvk524yOS277uRzznBIzZnG4I0RZQCGGOfU46jORgt1PAHAxXHKM42u1JWS95O7Wlnps+vd2V7aHiV8La611tvo76bqz5XouutuZ6nP/ZkkAaReEUA4JBKnAG4HaWJB5PGCPWoZreGISFX3YCkpjD5zgHPXpx6/jmrtw7I64QiIg52/eAIJAOSMEED6Dggio5UjIyTmRBkZKpvbBxkkk7gDjrnjoRiuSdO7vdttp7vW6TXTor631VtdLnLGLiuVK3upXel1dKTavvZKySV1zbtoynWMFndCu4A5TDBQcZyOOOM49j25pItUhgdvMbIVvlfH3VQjK7WIyBwp7+xIBolwCiMSofLqwGCq9drH7w3HncACAc8DOMp4kldUZAdhypUnLZxwV6EkZHJz1PBzjn9tUpyauraLRta6X1Wi63uumxzzpVNJK2nKrpOysk7aN6tXT1+S0Ovs9ZiZhMcRhCCVB3AgnBPpkckHHAOBgEVq3F9bPGQHwrIX35UcnqBk9M44Iwc9McVP4d+DXjrxVp0eq+HbBZbOUsseZAGdRyTjJIdQST64AwTkGtr/wAI/iToi7LnRZJ0+VVeB9ypng5AJ24PYgYHHBGaxlXhWVp1Nr73b1ei30S2bs3bdJ6nDDNcLRqypPEUlVi1FwckndNO1m01Z9Vd26uxiTyCTapYEMrKjEnJYsPmLDHGTzxjGO/Fdl4a1eKyMen6gwMDAjdtBZG6gFgc+hJwSCcDpg8nF4e16yDJqNtFaeUFZhNIPMCgZyp+9tJHIP3VXJ94VLRyMZnUlTmF1IwAcEKwY5AIzx1B/u4rzMZh1KN6d3fX3o2V9L66a32dtHo97H2OT4+TUZOScG9Ff0dlq1269t1qvap0ht0S4geMxyKXUAhy/JwGXqGOc7iQSMNkVi/bITPH5ZaEh/3hxlcg8g9uemOFHqOTXM6Xqrzxvas5MZIAfPKg54XkEqCBjGcY6FTVtnkt5CWIaF2O0sVJZRwQeSQcZAJ685GOT87Uot+41a++np5ppbX26PTc+uhiINxmusV7ttl7t9E46Np6Xa3drs6yV7K6j+Rx9pjbcEA+RycfMo/uk5GPXrg1mDZbyPIAUdgWMZBf5k4UrgZwckYzkf3dwFY4uRBIsiHKscqUBYx46EqdowRgFVHuSvBroInS8RZMGCVV37QBucN1chuxJzjA7444rxMVhZxcre8rLpfV2ere611fXa2p6uHxDd1dL3XLa7S0a7b76dW1ro1ZS5e5XLMEZlIjC8KHJ2jgZIzg5Gcdu2amtHnidFVgZC4ilWTOxuw25Izj7x54z0PGM2KOWGZ3Rw8JZWc/xBepKKemNo5U9+4rXjglmDujhht8yIswVkLAgsCBkle4LYOeuAQPHlCSv7rXK3dW/wANkrXVlt08rWO2lNv1Tu9PhVo2utVs1s3bffQ0hI0fmiNS0gDNJFgbAMZBBPJUdsHIxgcgAXNOvvPSSOX5mEWcEYeEgk8Ej5sgjGBknP1rm2F1E7nfuWNGE/zFmdDg/Ixz8w9s88HGMBIr0W0kLiTJVWyNoJKdAhPBPXJPQdzkYGEoc19Gn11tvbRve2tuy1W1jspy28tr2Sumu7tqtPJ/I65rpg0LiUhVkwBg4OByJAfX15z0x0AnuHE6ia3+Y48142JCDaOoC55IwwJz2PT5jhW15HKhlAz5pIkR8fKCSFwRnBI4Xgg/hwn20xPICDE0eFjZOjAEEB+mDx83qB0PJrncFH4+6V7+mnb/AIBrGo+ttet772Vtfwd1u7q++nJfMiiaeLakm0ReWTjcrAKJAMjDZw3tjkYqO9ZLi3V9jwup8z5CSpYFcqNuCzHkgdTkY52iqkVwsxCyyxrKAyyRhsIHbhGAGBjGGDg9MZHBxSvZZklaG6kWGVY90LIT5cucBWOOeFOD1A4IzilShJ1NOjtsttHo97d+19tLPCqpt78y6aK/TbRK/N3s1ZqztcyNQtJLyJVuJVSJsujocNEwGASMc5BAIIGAMj2p2WpwRM1ndAmKBfLinAIKlucycZbccdchunHNSS3kizSJM0fkyfLvQkkOeDjgAZzjIJAAGCWANczcKZ5ZMTHZgCJlIG5lJOxhgNyVJALDpjIHI9OlRcU5K7fVJXeji7dNtHv1tqeXOcb2lrfWzTbT07rTfSz1e7todXLHYTWrRXNsk1o5wMrvwrja2CM/KxbI3ENnuQCT454p8CPp0r3/AIdZvLkJn+zKfnQD5t6Fe2eowR1wDkY7201R7VTHcMUjOY2QAOOMlWQZGMZ24yRyx5xVyHVYwyRyIZLdyUif5VKM3ZgxHynJGDnj73GK9HC42dKSpS0jJ2tJPlei10V+trvqtdHp4eY5fQxkW+WHtEtGo3lfR3vZv5vbvrc860HxUln5MF+mLkbVYyKAshPy4II+Xjhh8qnkjnmvQvCHxh8ffBjxhpPxC+FWuXmha1pl2txLBZzyraahAjBpLa8hQmOe3mwVdGXG1jnBwpsHwt4cv2a+vYY9swILwPhkYcKWUAYJOAcdG4JbOD5hf3sfhzXFs7nTp5NEZwsF5hmZSxyWJAyy47H3IFdOZcMZVxDg6lOtSp1PbR5Z03FSTulG7Sulpq72sk3q1r8TGtjMjx8KlOc6fJOLjON00k1tbR+b0VlZt3P2Fgj+Ef8AwUE8NXHjTwG+jfDj9qLSbYS+KvBTFLPSfH7xxgz3umRsEVL25fO5IzlpC28cjPwFrWg6z4W1/U/DPibSrrw74i0qd7a7068hME29GK5VJAhaNyPlkUMCDyRmvJNLttc8O61pvj34da/c6TrOmzR31heafPJBPFPAwcF9hAeJiCGjYkHnjHX9YvBPxB+FP/BQnwtZ+AviZJp3w3/ak8PWJttA8ausdpYeNprePbb218cxo11MwCsZCSS2cZHH4fmOUZtwBiVFKtisglPRXc6uBTcXpfWVGLdv5oJvR7n3NOllXGdKTTpYXOeW8ZaQp4uSUW07W5arevTmb8j8wNc0+aa5EzfK6hQAFXGBwWK8g9MdCeuOeK5S4snclwxBwyumAozjBwCDgHGRz23ds19J+NPhp4y+HXjG8+GfxI0efQPFGnzSQ2FzPEY7TW41JEF1ZXLgJNHOpLIFYk5ySO/lWqaLNp91NaXlvJBdo7Eh1Ch9vGVP90jnI3DLY+n2uWY/DY6hCtQrQqRnGMk4vmv8Olr76vRW1vc/M81y3G5TXnQxFGpTlCTSvFxTtypO9ra2urLVd0zx24spIwTEhXcwB3biRg8/KMrtz8xz2xzwVqFmb5cYPzHeBgAFeBgA7uDjOME9+eD3dxp5bzDnYy7iVJGNpIHTjgY4GACSRgDrhXemebISpXaykLtBXLAHDdgdwA7nnPBORXptX6vlv2dvijrpbpf0uvJrnw+JaspPXS9rLa2735t9N+nkcfJDBebxIo3jjeANwUH5W5wcjjHBJAx3rn57RbJnAPmkHdnH3iRz03D2OCcNx16djNaSqXWaMAdDt4ZmVsKDxuBwCDyC3JHPVTYo8ZQlWDEYBG5t3OeR/EB1+YYxnJ6VUYxXK7tOyVr22ST0aV1s7Nat621PewOZ1KTUZyvC6Vne7u1unf8AHZ2W1zjbe6EspJGwOWVdpBIIyF64IGRknOCTgDbk10VpFnA278AF1xgH/awCPmABBGDnPA5IFWXQR5pdVMZyVLLkbu43YOAWABJwO46g0tnK9hujuCQUbIbjOOOCS38WQMMcf7Q77QqLRdkkldLVcut9Fp0vrvZXV19L9YhiacXF72TV0lrya7Ls1rs9b3sb0VvaqmxVPJBwQSCSRwM479AcAGtWBkiZVKOEwXIHA3kY3dD6cjqRjGN2ap7vOhzAVAbazq5G5T1JTkcHGB9OCcCraISqgOSTtwGPPJ+bB5OR2I6cHIJBFt8y5eravpdWur9bPW6utPwZyyc09W9e60Wkdrpt3a3v0tY2/wB2qrICd64GMcsTx93+LI5J7EkgDORdgZ0yPKG1vmwFGRkcE9gxbnHT1rPWBdoc7s4AGeQzEjIfkYyMj0IHttPSWMwkMauvCnBJCjO0fd3H5d2RyScDOPTGcoKWite1r72u1rql1f336MhTtK7slpdXtpaPR3tfS+vpurKLSOVArJsyAd5GGG7GcqR05579hjmqk0e0qpj3tsxuYcfU9M5GAp6+vpXXJEkkqeYgYHjCgcem5sdjxjI/2cinTWokBQqMAsF3IqkqDkA9ivHXt2xxjB0leN2rprlSTtfTW10uvvWvr9q9gVe0k1q76ade/lv+DscckCncoiDiThoyuQxxnAHTtxtJHU8DIrOW31Lw9ex6x4dlks5IWV5YoywLMWLHAXbjK4DAYBJOT3PcyW8UYyV2SDGAoGEHTqOTkg8YHOc9soFiZsKxDkckhSrgDOQDjqP8QegrzMVgoV4VITipQa95OKd27X0fW2lrvvoepg8xqUq1KdOrKnKDUk7tS5k4vpqmmtXeztptY+pPhP8AFbTfGGnx6fqd9Euswosc0Eu1TKUABIUgHduGcY28duDXtFqptZfNtmAO7chUjnOcjHQsM8Zzn7yjrn80bjSprK7i1jRp2tNRtpVZVhcxiUqc/Ngc5xjBGSCTX2T8Hvi7pvi5YfD2vwrpmtwgQpcM21bpl4Q5YqckhTtBBIzglSa/n7jrgZUadbG4Ok3BqUp04ptxvduS0d0tfLbpv/QnA/G0sTKlg8fVi56RhVk9JJOPXpLTTVPf0f2f4avrCWGFbrEUrL/rSoJLj2A7nJwvpjJ4Fer6Xo6TYuYJQ5A4EZXBYjhcDBJI5bIPJOeMCvmq2+2aXdqszM0IYPE5UOjqWyGyPlDYOAcBcYPJxn3n4d+MtJhvUj1BfMt2YR/xARO3/LTgfNjsQcjauGxX8n8QZfisPOc6ak4xk/c1TvdaJa21uno3ZLdXP6HyzFYeo4qS520knfSV+WzV21s/JO66Huej6ZBDBH9qt5CrqN5xllbpkZ4wSd2OOQqlTk1em0SwinjuI4ZnQDdIzAbDuHBKHHIPOOeSB0wK8/1/XfEuueJ/DfgP4aW5utX8a6zbaTY3N1uMFvJPgb2bGI0jDeY7DsCeMZr7l8Nf8E7P2k4L8yav4+8IPAgVLuNrtpCrhAzhY2UDAyATtBJHtz4uH4UzzH4N5jhqTlS51G6teMrXs3dLvpvZX9OjHcWZFlGJp4XG4inQqOCklK7fKmk5pRTvFbJ20e0tkfLN3oULItwiLFHjeAyqUZs8AFVJQHkds8Z9TyWqaPqSRvJa2qcgusZBKynkIBgbQDk4zk88c5FfpdYf8E8viheIzT/EPwzHCAyukciFTzkhAxwCpYHHHJJwCON6w/4J2+PQ7xXfxP0IwhB5UUUCseDlc4wASFPO7dhcccked/qZxVOTqQy6U4t6OVSnHnXupaSkkk7dLt21MX4lcH05JPNIOS5U+SlVlZLlvqoPXq7dPJH5deFH1BryOw1jTDZSTSKiOgGVyck89ARtzycE8NwSfaTANIEKYuEs3b7w2CRWUgfLKBu5YjDZHzcc8gfZ1z/wTk+JUtyJIPiV4WS3jLk/aFC3JU9CGZQBjjHJBIPOdpFw/wDBNu/a2Nz4y+OMWn6bBE7ST2rwCOzRAWM0m6VUKKO5wFXBJ5Oc5+GvFOOlz/VqdBNK8ZYijCF20tb1ErbJO6ts3Y6qXi3wZh2ksdOq9E408PWlO+mllSu09dUr3+z0fyjpuo6dasUlluljnTcZLhRIgJPXe3P3sHtkAn0NaCajoCyuY74vM5Ksix8SYHBXg7RkHOM46Hkccr8evBn7PfwB0bUdXs/2vvC/iTVNJIaPw9cX1ldG4eMnEe62nmAZjkMvOMYzxXGfs5/Enwl8aPDl94nsRFdQ2mqS6c11a7BC7xEhp7QjAdJGAbAyynBUZ5HgZvwVn/DFGWKx+FnDDxmlKrzKpTU5apKcZOGtrrllez63PrMl4xyPiJp4Cu5VGrOE4So1ElbeFRRmktruNu6R6U93o91cXFpLYJOlwGhkhv4RPZ3SOMMmyRWBQqxBC9e4Pb8y/wBrf/glb8IfjrZX3i74V2dl8O/igrSXjNaR+To+rXAzIsElqAiwtK2P30YJVsFioBI/Yi30zT2ligtLIXMu4hHmj8xSpGRhgpIbjocZypIGMjoj4J1aQrJFbxhI/nZCNjgsOFikIBbOAcqBlcEelcvD/E+dZJio4zLMRWp2s5043dOpG8bwqQa5ZRkvijJStdu+mmfEmDybNcHVwuY0aUuaLUJSUVKMk170WtU73aas72u7b/zW/se/t3/tC/8ABOnx1bfAb9qDRtf1f4Xrdi0sp9RW4efQ7bzxGl/ot3IDHd2O3Er26uSqEALztr+uH4TfFL4ffGnwbpXjn4deIdO8S+HtXt4riC7sZ45ngMkauYLuNCXgnQkq8cir8wIC4xn4X+M37Mvw1/aG8MT+Evip4W0zWoBA62WpGNI9a0iUqVWWzuwBOCjEFlVgCMAdSK/G8fDj9q3/AIJN+PT8QPhbeav8Uf2d769L61ocf2m5gttPeXLR39mol+x3UMZKpdRL87KSxG4Y/FPHf6P/AAl4508TxLwrQwvB/iYourXwbSoZRxNUilJJtJQwuPqNNRqWVOrKSVS0nKZ+TU8Bjckl9XVSWNy28vY1G+athoJq0Kj1dSnG973bXTaz/dj/AIKTRm3/AGSvHK8Ya+0pSM56ySjaRkjGcYBGBu78Z/lx+Ituz+CfDExYIZdQtt2ThcKNoBBzyMdiRyAPmr9sP2mf29/gZ+1N+xLqWr+Bdegs/El5q2iW+t+DL+RE1nSrwORcI0P/AC1gVzhJo9xIxkgV+LXxLUDwd4OjRsg6ra4OSVO4A8DsOeQQB128bjX7J9ATgnibgXh3FZNxVl2IyzMMPxZiYyo4mnKnJ8tGhBuN0ueDavCSvGW6bTufE8cVlWwElTqxcvYTc4pp7y0lZPrBLW6dr9jy3VPMNpJarvVIw5YkAbmK4AyCSct2zzg9xXyT47+fUGIIJSQoqqBu3DIBOSGA4OSw9sY4P1rrYe3kuAZGZPlAOCAcHOdp4A6ZAI6DOa+RPGNwH1S4lYBgJpCGU4wVAO7OcE55PfIPB7f7IZDVmqK5ZJL3d3trF6O/W172d+vQ/lXiCjL2kXrdNavRfZ1trovzf3+XajG+LNcOGa5IO04yGIzj0465xwSOO36O/sJ6mml3/jS2MJjYaUGjBYBt5b5gG3AkHk+n3fqPziu5DK9mQSn+mgFh0zkkYBycdD0xnoW7fd/7I8+7xF4mhWUKx04gbfvjAPQjqPUc9BnHf1cJXcc3wk5u1qkb+cXyu0f/AAK7u2+ve3yuZYf2uSY+Ku3KjKOjjrdOPm0lvfTXTdJn37H4hupZpW3s06K7Okh+XbgAAgnIIUED5SwOcH5SToWHiq7hRJTNIY1dlSKJ2BiJ5LZJBAxnnGOF68mvIL+5utJuWBuMzM6OVcYV1yM8d2HTODj7x6GornxC0kJVnS3l3b2K/ICm3g9uQSOhGB07E/vMaOHxOXqapqUlT9b+6uWyet0lru+qZ/LlDBvDZsozhOyrJvR2tzJrXTVaqytrs7H5AxaoZ/26b+5lZiZfEs5bcSzqf3hO4kknGO+c55xmv1kvbqN7uWPJdJZBvUnAA25HUg7TgY+9nB6nNfixZaqR+2TPcM6tnxLP8zZO7qQcg/eIBxnODjOQCT+w6v8AbFjuEKF5HBbDYBUcYPORxgYwOcnGK/mnO8Op5nWbVmqk24pJ2XOrpbd7O/no1qf1pldWpHLqFoOMPZQ2tezhTWzXRNJrzVr9fpL4B+DvhV8TdL8d+C/iboUGpWD2z3llchFN1Yzqm1Z7SVQZFeNiGKqfmC45yN3gfxB/Zz+OP7KOoaJ8TvDLX2u/CzUb4y6HrlnbvJDa2rTBo7HVoxnyyVACyNgLgtjgCvef2ZtDu9V1LxdPo8p/tCz064khgx8r/IWVWAC5GBgbucZIzjn9u/DHiDw78R/2XtF8Ka1o+m6kbbSruy8R6PcwpLFvjDW/nFWBKyAsWVvlwQOea/IeM+KcNkFZLHQp1sG7QrUHFe9GSScl0vyuWltVo7Xdv2zw+4ZxedYadXA1KtHGUZRnSrQk4uMtGnda25kk00tLrbVfzXftnftw2fjn9k3xR8NWRbbxPrl1bfabaRvMISCJgzQTfNmN2AYx9Fzhfm5q78Q9PsdA/Zy/4J8atp0SR3d34ZupdRlBEaTXU8iuFD8MzgAnBJKkYrzD/gpZ+xhd/AfSNI+IOlFtQ8CeK9VIsojGRc6TdzbmNgQ3MkIUnZkhQMjPJx8D6N8ZPiHf3Xww8D+Jdcvbvwr4MuFOgafeq8n9l20rqxFvHIBtjA5UJxjjPSuLJMgyXMqGW5twzUpYfB/XcRjq9KKs6kqlFU5QaSTUk2lZ302extnud5zlmZ43BcRxqVcY8NhcFRqPRKFOtCcZ3Ss3JJttfkf3Qf8ABNPVHvf2dY7qREkl/wCEi1mN4nw4YxKxU7hgAg4GeDkDPBrkPjR4l+Cn7Rfhfxb8M/jV4IfUtNsdSvNIsL+CNDd6bqKMY4L6zu0Vnt5ELBtqsOAc8HNV/wDglvrIvf2V7e8tUa5RvEeutHKBnfmItvBwy8hSvXPzKDg4FeT/AAQ8M33xi+KPjrwNZ6olhcSeM9X1KbzE+5DaXOJGzyS7EnAHXPRjgV/PHilneNyrF454SpKlLDVqkpSlqnHmhH3VLeV3olq9Ura3/ofhTL8lxuXvE5mo+yp4SjVjVUuR02oJym2rvRbpJ317XP5xv27P2WPGH7Kp1W88G65qevfDvxEjxJqdsxT7PZ3XzQ6ZrCqcTPGuAWILNtbPJwOV/wCCeHinUvCvhHxhcXHhXxNrVk12gl1Xw/ZXd5Dp5Ukk3i2sblRghhu6ZxjHT+nz/gqH+x3pGj/sbfE3xUt61/d6FY293HFMS0cdxEwVpoxn5pPRTtHU46A/DP8AwQh8LRRfCH4oyT29pcR6nraQTx3FvFOkqoBwysrY3AjIHYYGBuA/Ms68b8Nw/wCE+d8S5jgKWMrZVmODwlenOMaTxDrcrhUleMleyaV7rTVNM+W/sLCY3iOjiMjx86mE5KyjNcycJw5OdRvZpX2200W58+WXx6tY23ad4+1PSJkkZo7e687T53bjEUiSFWAU8Fduc+33fK/jD8e/ilrHg3xD4dt/H12dM1i2ltb+Bb2a4hu7SVSGiZSzBdw5ZfusWxxwB/ST8Rf2Pf2efijZSR+KfhdoAuZkONQ0a2j02/VnzlhPbKj5JbOSck4IOK/J79rL/glf4S8HfDfxj8Q/hZ491fSk8M6VeazN4Z1Xdd21wluu/wAqO4djIWCjAJHB/hwRj5fwW+lH4Oca8S5Tgs+yaOVZhWxuFpYadfDUK9J4iVWEaTjVpR5ouU5Jczgkt2+ouM8j4qp5Vio5dmE6reHnzxc2nKLheVlJvVpvaTez2P5rb/wdeRRyEyR3Jlkd4yQd2SxJGRyDjsO/ODuBOPN4b1BInga2k3sCAsbDbt/md3cgjjnngVrt4u1yyM8cojkZJ5EKOpGGR9p4wzKMA8EcdwDyZU8fJJsN1YhCpwWhYk4A6/dUnB6rkdQMHHP+zOBq5XiMPh50a/JCVGnyqTSjyuMZKz0T0fp52tb+DsS8yw9etHEUeepGpJNxUrqSkr3a3d7u63fm7ngeu6ZeRXQikikhKk53AgBQScD5cgEnPBznJ6mv0D/Y5udQ0XwpfXOlX0lnc/2izEKzJDIF2H94MkEHIG3bg8Dgnj5g1TWdC1Z41cpHuba5mQB8nsHGMnke3TJ54+qf2fGtrHQb+CyYRo935iEsFR064UjBBOOcZPzZwCAT4XEXDeX5rhauDxcKOMwmI0lSqKNSEl7rV07p2eqv/wAE5o5m3BqVOpRnFpWkrJ2cLtLbp1d3q9D9D/DPxx8YaMSl5bwagASCeVyBkDggjI5I9uckkGvWtI/aZ0pXeDWtNvbWJ8GRk3NGG6k/LuABJwAcY9BwK+NbS+jZVTy5WDnOd2cNxwrE45b2yPu9uZ2ulBVC2Vw25H+ZsYJAI7ZIyck7iMD1b+ZOK/oxcC5vKrWhgp5dUlzz5sHLkipNRbfs3ePnote3f08HnUpVKS9yScopvld2rx9GnqmrvdX7H1r8QPib4M8WeF7yz0zxBb20sqZgjnfy5FmYcDJ2lsEgEYHQ9O39Kv8AwRo+FPhI/shaZqGp6JpuqXviDW7y6vL+4tIrgXQiuDHGQ8ikhVIJAUAEAdeDX8k3gfQvCeq3Os6f4ksbeRr2zzY3MisgsnjVnaZdgAVlTpnBOem04r7Z/ZL/AOCvnxZ/ZN8MWvwh0SHw54n8B+HNY1CHTobh1hvLeN5XJEkoDSspYlhnBAJIPavy7w+4D4c4I4qzHA1atTHYTBJpwxUIV+SdSMVCSi1bZ2va9lezaP3Glw9jVw1Qx2CrqEsf7PkvJxa5GnKzSdm7X37N20P7i7vw1ZvbQWNlJJZLHEsVt9mYxrCqHhV2gHYAAoHRRxjpWRqnw61u8jhTTvFt9YPFtk3FRIWA+8jZb5sk8egIPOOfwm+DH/BeT4V+K9U0KHx74Wm8PIsflanfWc63EXnylTujjkKh0zzxnHfpx+tPw2/b+/ZV+J1pby6V8TtG0+5uCVS11SUW0y8bss8hWMdAANxOeOvX+n8rzPh/EN0cPiadFJRjTg37GPKrJcqdl2jZLo+1j47H4HPsByTnRnVTu3OKVZXbS1a5mmtbpptabHx1+1z+x5+1Z8RZJr7wH8S4dYsvNaSTRby9m0uKOB1KGNVtyElJ7hsgHjaWFfhh41/4J9ftk+CfE0uoz/DHVdUtRczXBu9KeK9WZ2Lu8+0N5hQ8EbgrYweDmv7N4PGXgbxZprRaD4u8Pait1CiwyafqtlJPmTBXaiTF8kHI43ZJPGaz/EVteaR4QvX0t5LjU7K13xXqKk7eSJkLl94IP7kEBeSeMAMRj82488FOGOOK8sVisZjVOcG+aniI16SbttRq8yd9W7NL3ban1fDviXnOS0oYeWCw0kpqCi6U8PNL3UpSnDle+lnFv5aP+A343fBj43WSyWHiT4ceKNMSZpJXlfSb/wApHx8zPIsJRRk/NggdznGF/Kzx34B1LS9Uu9OvtJniuWnJjjaB45FJOcMWVd2R0J+YFeq/MK/1UJvDvhvxT4a07+3vDmj6uNSsbZpE1TTLaZHd1UuJFeP93uzkDjpgZOMfDfxp/ZB/Yz8c61onhrxH8NPBZ1/XNXFq0Wmafa2OpxyFc7WaJBJHE+BhmADDJGAMV8jk/gdmHBFCMchzWGIoc8ZU6FaMqMrScfcfK5Rb20S/A78w48yniubhmmW4jD1o3g6tKarwajy8zalGEls9b7aato/zLLvw7cabe7zbl7iKdHe3YksEBzk/Mdw6c5yOSOM16xdeL7nV/Ad/o8t1KY9OO+3s4z5c8WAMnIOGVSMKOfz5P9q/7QH/AARc/Yv1238ei01qX4YeILeMWuh3Ila4s7e+ukIsxcGQKGiaRguASVU55GFH8dv7dH7F/wATf2Hvijqfwx8UaouuS3VhF4g0TWdIkM1lq+i3m6W3kQqSySeWyeZGy4DHptrsx+SZvj5UqWb0/Zzw1VzpS5/aQco6LSMm9bNrmSsk7Kx4cI5bhXUqZdP21GqmpRnBwkouMWrJpc6jo3yyaTja2lj4I8X+IL1Le23RwypIpi84cSoCfvS4GQ4HDA9OAWxjd6X+zv8AB/x9+0L4jXwd4LtDfatOVt4C0ErQKW5AeVVbYeMKGxyMMOQD4BqU11dyQw3SyW8cznekqFP3gPJycE5PQDoTxjv/AEt/8EXtT+BPgbwdr2oa/r1hofjy6uYUhvdREPkoGkBheGafARkH+swfmzgcdPzTxz44zrwx8N8zz7h/LJ5pnVCNKjgcPThOcI1qnJD2taEIym6dNc0moq7sldHVwnw/gOIc9hQxlSFDCNSnUbajdKK0Tbjq3rd+fbX8oP2gf+CfX7Qv7PelR6z4/wDAWpafp1yY/J1m3h8yxeR+R5sigiIt1BYrkEEZ6j4L1Tw3eWk06yqY5iCHjKEgBf4gwyB2yVPGa/us/wCChn7THw4tP2YviT4C17XvDvjrUdesbS20KfT5LG6ure7nUGGdY42dkMeSpccqCckEgV+KX/BPP9kT4L/tc+NNX0n4j6guhXfgbRmuI9PSKNX1+6ljLwxNsbc4RcM2CSRgKCSBX4n4S/Sj4pfhrmvGviZkWIyyOTYr2NWeEw1aH1il+7UKlOjW2tKahKXMobO61Po858Ncrq5nTweWYqnCU0705T51FLW6cFdtpcyi4qW93Zpv+eKPTNRtZJBHGWE3G8J8rq3VWJycAcZBAJ6cdajWs7mS3a2kkKHbcKN67kJBBUDAOMckscnGcL1/qy/az/4JrfBT4fn4ZH4eyW+l6L4u1VPD/i3UNYmRI9Iu3nEaXkYZt9sgycAqq4XDHpXT+Of+CBelXXhuDUvhl8T9Em8RXmjPcuNQaKTSb+ZoPMiexulZhmbdsAA5Y5+6ef0fJ/pn+HGLy7JsyxGIxuCwmdTq06FWvhajhRlQqRp1YYmVPnjTknZ26xaez18zH+DWZYZPkxOGqPlUleSTd0nePMt07Rjey1tu2fyH3EdxYStBJG8ttKAsSTYyFJJIDA4CnJHoOG681zSQLBNcSeUUWeQoYnCMFIyQCx+baNwHy9PyB+o/2j/gR48/Z+8f698PvG1ubTxHoUk8N1A214pY0dglxaOcK8ToVdWUjgjrkivlhLh42We8B2yZVhIg2qTnkH1/LPfHOf7C4dz3L+I8rweaZdiqOJwOMo0q+Hq05xnCtTqxjOElJNpxafdWtZrRn5Bm+U4vKsTWweIhUp1KMnGUWrWaSTu9bJPqtUm7WZga3NHbSf6Q6ZjJZI9pdXjwAUA645xnIGDj1pdMvbW6tEEkSKqLJLE7MFw/zFVkO/IG7aAMDnryeeX8WSNJdxiEGSNpCGlVju8vbggYzgA45BXpjHOWyLGE2sysbgfZjJFHPEzbmRDnOFBGD0CsMjPfLAV9L9V5oaWd2k1H3W725k3JLTv8r2ujw+Sah0k4PVLmd2+V3d3fp9nRX0dzpdR10ulxaRv5ARsqAzKHfbgsDjjGfUZyemcHBl1q+toIJoneSSNg8hLHbkDIZT0KgY7/ADFsYOTXWeJfDtnJbW2p6NOzwCIG6hkKGVWIOc5JYkfeHU8c4J587K3LskNykhRZQiqygAo+AdxUBiAPmzjIPTDYq4UVSaumrW0ur6JNp3e+ujS11s7snlb1+KKsnypW91K6tZ733sna702XRSfESWW1WO52uzIY/kwAcHpJjgcnbg/UkVRtNalkCSmdkkMihFI3oqHHy9DkEZAztH948cV9R8HLEpuUKvC+CqRcfZyQCN44AJGfvE4A5Gea1/DHh9b6/j02Q42oWjQnaGkYZQBycnORwM8YFehCnTrzjGDfNKyfM22u1tbO+y1su19rqRleKilZpRcrvyTTlrZ2vdapWa6nT69Bpctrb3T7oLh0QT7UBDsF3rINoGAxGMnGSeccZ5bfb38EkaWwJ25Y9C+0bW2jGCG6g4HoOVBrsPFfhrVNGsIX1GOS1FwCjOxLIVAyhyx+Q9CR356nivMILyWwuoYFdJoSQqhSM5Y/OQRgFSM4BAAAIxgc1iqE6U7KFk7PSKlba2rule6Ttrpdu4rJpSei0abV7c1lazffqvXzMq+W2ikMFvbsFj+chm2umcZBK/MQPTuPTms66MG1Wt9zJgO6kFgpCjKtySASMZYYLdPfrvEGlxXAjubCQDKOZQX/AHgA4IYEnPUgHnLYyRiuDit5Lab/AFj+WSQJGUctlidwLH+EY44IZMdsOnGNk21e1uVtK3K4tJJpLbS9ld+876A3fVNaK8lom37umru/PZJ3a1uVri/EksLxjyQjKNx5O5RgA5wSBgHrk5Gem4dBbahNc2wVJfmXLO2dpJUAMoBODu68Y6kHO6oo9Ghkja6aMujMcoOCgAJDEYwOnB9D1q5Dp0Yt45EYCTcxVSowAATtYLxj0JByQMnGaipUoy5Vb3r9U1vyu1u6vZuN7L3nurJpN35Vrdvona1k0rL52b6diJ7t7dklWQZkCxhSDld/JyODjIOMDHBGSPmrYtdRmihEUil1BcgISCdwHTOCQo6qcjOewJrnntrlUkeaFt28FFKkDZnhlx0K8eoPO49ANKEGO28tpVEr/vFQDJUMODuGSMfxHjoSTURoRnaUE7O7WvpZO97/AJ2t5mii1ZyTd7Wsk9JOOtm+V6bvRrrorEolAl3QRuQmCwboocjcU7AngHHHGT1JO3ayPO6TrcSb0lUJIScKMklSM5BHGCOOCCcc1z9tp120BkUuZY2OQpwrx4A3YJHB/ixwcgkjHGpbQTRbJHl+zo0gBjAyAp6MCOD83AHAGQpOOmzocqTcdmtrLor9Vbzd00766GzTbTjzbK+y2tq9o2VradrpJntHwzTUYLnWna7AN6ptxvIZm8xdquyk/ICCASeMj8D8zfFfT5dN8T3NnOod4kJDhh+8DnJYqB1GRjBIwCeSRXrPha61mDWnFk5klZGLKRhJYeMMEPG/A44P+7jFeW/FaV7zxPcyOm5hGA2SNwYYJBBOQO4OCwI5Oa+vy2PtMviuVuaaUWlutL7321v57anK7e3V3aNtWnpe8e2vNa55MQQxIXPJxnJU88n7pBwc55POMcU1gCT8gzxjKjgnOMZz7kHIwR3wQb+Vzhg0akA4weNxHBPHJPX3weaaqrKdqSAkjGOedpPU444zyBnOAQOo1VKe1mumyS6b7W7ttWuup1xs19ltK94yl5N3f2dUtOqV0vds6rIuMhCCQMgnP1xkkkE9umOR3pRETyOOQpGRz3YjJ6Y+pPIx2q6bckjIJ47Ek84O3r1z1HGMdeahaIhgMmMHOd2MZ5OM+nTk8ep7lqFvive+2llou3ndfIJNt26bb6vWL9E9NVbROxWMch+ZTkAbTznPJwMHj279T6Cn73VipBX5VGdoAABHQjAGcEHH695FiI4IyM5O3JPQkYGOvy5IzjPHTGVYbUYtwRwNy54xnHGTzyTjOMccZwnBd+2mnfV/l8/VEtad76aWTWq110t+LW1noRbhhhnA7gqOTxyeeoP4dhjOSMRlmOGOOAxx8xHPTnnqCD17ZIIlXyRgsSBtG7jLHnG5eTgjoc55yCOOJRBE6tglicEYI3HgEEcj12kdcZIwxwI5belk799l1338vUSVt9vL0XT79E0iqOoIHBVQEzg5UDoSRjHXOQM8jjFPEr+awD4LDoDwAMHrz05BzySDxgg1K9sGXcjEN90kkjkDk5yMA/dwQcdeRVcxPHIMg5A45BAJHfnJHYKMj+dTJpKy26Jq7srad3d9um+uj0ThvforO710Wui8rbvRu3QvwahcxHdDNKhQ5BjmkUrg9QVOMnrnsRxgDB7XRvil478PyRTaZ4n1S3MSqI0NzI8QA+UgK7Y4BwBjAOMZB586G8EhiQS2RheuQTyRxjB46jAHIqZSNjb1ZgWVQAvBLcdADkc4wOcHGOuVG7XvSavZLV6/D2fl+G2pO2z2t02ty9et3p57O97v6u8N/tg/FfR2VLvUIdViUAbbpAGZBweoOTx9MAZIH3fcNG/bY0LUoRbeM/BNndxtgTzLDBJvJwGfBXoSSQOeCMH1/ONYw27kLtxgZx1HoM9M4IJHPuKXYV2n5sdXwcjHHTBJwOOoI9T3G8K0qdnGo+j3fLpa63urtu+j1ts0kokm370VZxV7xT091OzVrXje72ajfun+pK/ED9kv4hiOLUtJi8PXL7Q8qA2zK7fMfuLswvPXIz22/LVaX9nH4H+LjPL4M+JEFnJIP3FvdXEBjYnJHJYEpyO2fXrX5ebmLgMM5I24649SSec8dSfSrkOqahYSrJaXl5bOmQDDcyRt14C7WAOPX/A11UswrQvz2qRaStptprqt7brsc/sKMuW0XF8ys4taq/TvG+3W++9n94a5+xp47tke58N6npfiO3jyVNtcxmWQAnACBsH27knIGM14lrvwb+Jfh12Gp+D9WiSIkNLDC00UgXqf3Ybjoeh9hXn+h/Gn4ieHyjad4n1WMJgYe8lKHHbaxPTGOf4TgdK910L9tT4maai22pfZNYt8BCl1GjEqAMliynOcnkjPtgVr9boy/iU0m2l7t121u7q+y266abjoNWUZyatdcyaenJotrWXZ9k1Y8HudP1CxcfarO8tCCMpcQSIA3X5tyjJ9VPGM9cVoaIZLnWY7eJd0zo3lxKOHYgfNjGMcg56Lycnt9UwftWeAPE0At/F/gKxWbAR7iG1jkA7M7MwB6c/Lz2xkVveGJ/2bPFniXTr63vBoV00g89g7QhCwJCrHwi85LBSQOMk5Ao5cPNJxqKOqcou1lsnbftv1V33K5KkY25Xdx0drpya/DVdLt/Ns/cyOyht1D3VxHEiYZixCRHAJyGOMgfxZU8D61iah4s0OyG22LX9xkBltwSMjO0BgOFBPTIB78VnHwtrGtZOrai5Lkf6MrMqKSzAZ6FRwSWA6HGSSM9hpHg/TdI2r5USvtXdM22ZyRzxkHHuc5J4BBxn9tjQq1VFJaJK7W2qV72tezbvdWttfY/Lo/U8IuatVjNpr3FJNXSWi3b21dlfY4DZ4v8VOVtLebT7WRipd90aiMk8FeCep3E55PTow63R/hpFFsfVJvtkysu1MkRZyAcgcE4Bxxn1B4r0ywFrHvUAtIqgMqkKABwGGDjHB+7yBx71emkyEaIYAcuUAIJ6fdABznHOM98jmu6hlihrOPM1Z2k2lFPlei1Vm1d7627nnYvP4JclFckbrVW2tFX0bfk027v7ynbaHaWcEUcUcSIcqI0XbgZwMNgNkZIwehAzjNaCxxW8qxQAMNwyCMscADk5AzzjPXJJHpSwq08jI46BSuF4LdyGwOSARghskA4GVJtNbeauQ+1w+SSdhPYEY75HXJxjLMK9SjhowvdJL3fhW1+XZ6aPrtuj57FZrUrWd2+qb13t2Xa97Xsr3Vic4eM+Wx3gHdHkrhcY5POSQCB16cYySKyPIqRBcB2Ow54XbnkemeTkk88EZODSqVjUhGbcMbuQu5ic7vmO09RleoPOM9M271NVZkdi5xvTYqjD4PqVznoeeGOD059OmqcLJ3asr3SSs+V+b0bt21utrnkzcqtpSk43d3Ztuya2s27W2+XY2nVlRSZN4ydwyAExjPoCBgZ9T0yDWdLfRorgHeEGVGAWJweSRxweenfHUEni7vxAXd4uU2AZUMcYHdn4LHkgrkE9+DXM3/iArG3lFVJbMkhYRRA7jgs24L0A5yM9+ciuXEVqFFSlJxVtU7rfSyV7N7Wt6t+XVQpzmlGEak20lZptu/Laz1W+juvLpZdfqOrS7MtOiuThYx8jsCMLyFIBAOO/Rtw5Arh7m4lM7LDMJiwG8HcQnBLH0JHPPrwcHivH/ABj8bfBPhMMNR1SLUb8H/j0spBLLuAKhQVLBSdpBII45z3Hyr4z/AGn/ABTrMktr4Yt4tBsRlFuXO+6kQ9GzgFWwMgAggYH0+axvEGFoqUYTU53SSik3pZ69IrXu9NNtvp8Dw5jMSoylB0abad56Np8rd09bpN/Cl23Pt3xL4k8N2VtcW/ijULFdOlh2tFePGshADFjGisWDYyVOBtO05r5YvPj5F4Re+0nwfIdW0xnK6ZPdqSbHIJZUfkuoOMHd0xjGa+TbvV9X8SXrXF7fX2sXBclvtMsrgszZZEQbuSc8dDzzjGPUfC/wn8W+LEUw2kljbTDeslwvkop5AUN95iT1bHTkc8V8piMTisxnGpRoKEovSUbtyvy6N2SSV+r811PscLhsLldJ0q1f2kZNc0ZSXImnCzSv7ttVra/VMxPFXxU8aeKZXTVNeuyrswa0tXaGEoTjDBSMjt1BOc881zGi+HfEXiW5FtpNheT+aSTKInZmyQCCznAB55zg44yK+svBH7POi6e8reLblbu+ik3+TCQIygIxknHmEfLwfUHJyBXvttb6B4YhS30zTo4ViIAaCJFkYkfKAwBbI7t1B5IzWuHymtWaqYio0tLxlLmk9F1totrW+/vhis9w1FcmFppySVna0dOVrVX3sr9bp6pnyf4V/Zq1q5VbzxBcJYx5A8piryHPIAzkAnBG7Gcg7QBmvedC+GngjwcFeK1jvdQAGWnVHJ4JLEAELu5JO7HPPIwO6ku9V1KUrxbW2wkuTsCqc7mZiVwACRwQcg4GK43XfFPg/wAMxN/aerx3tzHuIt7QhnkcHhJHBPBx0JHTJ616qoYTBaxpx5rW5ptu21921ro1fZat6HivG4/HNRvNJy+GKdopcq1tfTa2r897HYQ3jSlFsbXy4R+7SKFSNxHBLELhQcc89fSnale2Gk27T65qUFmqchZZURkUf3EBzu98HOemDgfLXiL9oe9aKe28N2UOl2x3RJOwBmYZI3hcFlwfQnI6d6+f9V8Ta/r9y0l/f3d88uW82Z2Mah8cqgIAx65I4PGc45qua0qcXytX26ctko6W1V+q7Jas6sNk9WpP3na+r0d21y7uys73+XqfWHin47+GtHM0XhqB9RmXcrzMwEWTjkk4Vl75GcbeccV82+Kfi14j8SyKJr6cWpyWs7VmihClshCUweRgc89hxgVxD6XIVKtKfKUhuDy7HOQQCMA89TjgY4zmwLWG2TeFUBSCNoBJJ4yxHOMjpgDIyCTyfncXnLaUozsm38LSvtdX063772tqfU5fkkINXirrbR31cfzWm6T1d7oZLJe3y+YzeSjEDZlgQpGTuJGWIHIyB16dTTHtbdACDuYdRu4OOp5JALADjp6DJ4zb/Wo4ZDtKMwUBkBwqjGGychR65+bGOPWuWuvE0LSuI33svQBgIkA/vMTt69eWxhj0wR81jM2cakrVLr1V9Umtrb76J21SWl19JQy+MYx2Vn/ldK2l99Fr0sehLdoFcQKgCAjoAqEE7m3d8498HAI4GM+68QWWnRETvHIzsSVU5bPOAcHgfjk+9eD+IfiTpulJJFNqitMzH/RbM7yOn3yBwfTjBznPGDLousWPizTnu08+DG9YIg26RplBMfmMCSRkD0AJwCAQB4dbGV6zbi7dXd23tvfS63s/Ky1PSjClCysm2lvorvl1630stXo3ax3t94yaQSuuLOBWGJppCiKvUbVcgnOd3I4APOM15FrvxT0axaR2uJdWuwW2QoW8kHoMkcEZzk8DABI6ivOtRttW1B7yPULudoo53jSMyFVHzMAQik5CoOhPHTOQ1crrfhe7s3tJLdZZUuY8LJswC3fAOSMdD1z3GMZ5ZKcmm3J/OzTVr2V3fXa21vJWblb4bKLeq0ve8Y3tfdb6K212mW9c+K/iXUVa2tXXTLU5Hk2wzJz23ggjnqwySe5JNcjbfbNQnjaaSS4d2LPNM+4jceSQx28e3TnA646bSfAV/fH5o5TnlkVTkbRk84C8jrhh/ID0nS/AcdrGv2jKBQGMMWXkdt3ygkZ2txzycgEZyeN6OEnVmlCEm3Z7JLRpLzerV7/NdVjOrCC5pyUVpfWzdmr6XbS2Tvd3u9j1f4KaXokPmw3DLKFUTSvJhUyADh2bgBWOcZzjkDHNdR8Rn0zULmxsNHKXAt5RJJNAAyR8k7R1XPucHgnPNcRpvhrV5pIotMtbqC2k2l40LhpT8oO4qMAEEZBb+fPtPhf4R65eF57xRY23yllbiQjIOQDySeM5APJxxjPo4fIKlSsqk4uKVtrtR0V90rq667eV7HLiM9pUqHsYSju/evf+W+2js/67eX2dlb2YIMgDSDcyQqHkZgc7TnoWBwwJP155k87xFOJRo2lPaQRna93cISSCvJXPr14GCFyMivqCDwJ4S0C0klmmgkkUFpWl2tI0iDIEeWO0ZGTyeBt6mvMPFHjDRtPje3sFLSkgxRqVAAUdTg4xkAYYYGSpwBg9mJpYPAK1WUXJK8VG0nf3Xvr7t7vu/kc2GxGKxjXs4yjB2fPLRO/LstN9Xo9V2VmeUjw3rEkMt5qd/PJcsjGB0LKIiMsp5A6sAAOOMnGareH/AIqeItLu4/DevyeSxci11EqAywL9zcSBnoQCMndjoMVl6145nmjl+03X2cElUhTBLYbAHQcE45PBwcZ4z4d4m12bVbyKSRiwiG1GVvnAU4XJH97IOc84HJxXi/2k1K+HbjFaJyVua9tWntbSzS0V+u/pyoRjBKpLmlo2nbd8rd97LRav5an3d4djt9WuGmv3lvJmYGDcwYEH5g3BI2t1AxwBxzzWhrcdjpD5jjVJGXOAN22RsEMSCO2AB055wOR5j8ANWk1rTZ2uXLy2TokaMTkIq7csTnnbwCOuAcHJrvfGGV1OJMmVJQxSNQRnrtxkHnJO3gY6kenm4TG1qmZKM5uXMuaz3s+Wzabelk9X1t0Z7OLw2GhklOtSpxjNtJtLXpzJvTfbRLpscxqWoDHmQRkSMpBwAw3Hk8bhhVA+7jBO0dxnwzVFutR1S42uZGdwkcSoSQSeSBwRnBxk5JGPUj6IsfDUlwk015ItpbZJZSwLlWBIKqccFRjjaM5BJGBXD3l74a0G+l+wRreXYmIMzDPzc5ZTjC89exOevf2cXObpyXM2/LZW5be8n53181e58vho2nFN3V273tta6Wu+3zt2O+8LeF9QGj6fFKot45NheZioYIoGNwJxgr0Gc4yBzXojf8ItpFspuZ1up4/3aJwxJBGSO2AQecccDrXjus+M9UGh27Ru8MbKN7Bdm5QThEZRwCMqf4sdF4JrntP1Wa8lhedySQrhQ7YxkbmLHnIwxyeScAjnB8DAZZUrVpTqTaT23u9rtu7tr0Wt7dtfo8ZmsKdCnTpRvJQhG8kr3Vk+60era19T0fXfGFxI32awCW8B+WNgCHVRxlmyuDyflBz2H8WPKNdvZXTEs5aUjLFiWDNnAI5Jx6ZB3AY7c3tVvELSFnV1XkMMIcnAwxxyB1PIAycDnnhdVuWeSLLja6hQp5HU4DHsQCSTnAPrjj6ihhoUI6Lm0Wjd9E4t3Vr99XvZ202+QxOIrVb8ztGT0V7u143023Tvdv7rHL6tJkxKq7lEhHyjJLZGccdRnoSR7ZANEUMiQgPJw8RYDjgnOA2c7TjPrkd+lVtTukhBnLARxS5wTwSemPXGNxOMgHrXKy6/qV1cSWmnW7SPKwRFjUySOT/cVFLHJBwFGB17k11Rqxhq9G3ZRS1eytorN3d/x8zlhCpOPLFPXpba9rfNvR621+7voJBbxjcVLNlfmKg4yQdpYnIBPOT/ABd81cTUIyfIXDyKAyKjl3BI7qMluvGBz9a9N+GP7LPxY+JclhdzRNomkTKsv2m/Vo3MLAEskbgHIUkchSDg8nGPv7wb+y78IfhlCl/4lvU8SasioHjYKymReWAiBZTgjrxnvnHGrrRS5YxabtaKirtaapLRatN6r9C1lE5a1bQSab5rJa2baS7dN+uyPg/4VfDfxp4q8R2c+laFfXUEqtvnkheO3Qg8YZgCRjO4gAcjkc1+nngP4FaTp2jCb4gX1uAwVW04SKI2TOSkikHAwCBkHJxk8Cuki8bRWVqth4Q0K00WwhiKxXHkJHIy8gYAXcDnAGM9iRjri6e8+oXDvqt9LfTbjIqmUmOMZBKgDhhgnqRg5B7kdGGwWIr8ynJQhJNyX2pJ2dr6Lay66q9tbGj+qYWUJpe3qxSUbpOz92zS02SWyvrfc9y8M3fhTw7HHo/gPw1ZWnloUW8ito1XJGC+/HJJHBJ4xwfTp10i91GTfrt3NdnG5bdGby1UHJBUYBXGR2ODk8YJ8r0nXbDSow1xcxRJtISNSu4YyQpPUjAwckjHPBPO3d/E+2SP91tiDLtWbjJboCASMcgZJxjndxkV108uwuHs4JOSteckr2bjr+F0lZ9LPd5Vcbi6zfNPlg1pGHvNpWstNLO6++9rHoV1b6HpVuNwgtVjKsFGBJnGc7gA+M445yOowcV8ha34ktPCvxluXs3As/Eulkrt+YPdxNgAk/LuKgfKBwc/N1wz4i/G/wAM+HUmutZ1+0xFlxEtwvnFwD8oReMDnavIBOQM9Pze+LP7Utvrmr6Zd+D4JVudKnlkgvrjcVfd8rYUn5UJLY44PqPvRi8fhcGko1Y86s1BWvpa8Wk3a8dld+pnhsLia8ryg1B3Tc29dE09dG72X567/pj4h+IdhpkUsuraraabEp3yvcuiu6c8Ku7nAwCGHzdPTd8f/FH9qzwjo6vbeGw+u3yFgt0W22sUmDtVSeGVunG5unGMV+e3iPx9408dX4Nxdahql1dTEC2h86RAWLbVijiBzzj7wxyR90A16f4Q/Zq8deJoI9Y8V3Nt4N8Pqola41aRIJ3iByzQxOQWcrkDIHJJG7HPzWJzXFYuUlQpyULpN2d7XXvNq2j6rfoe9hsLSw6jonKy1krR1cU9Hv1as3rto7HJeN/jr4+8dSyQXeq3EdmxKxadZvIiANnaCkXzyKAcEhc9hu5AZ4I+BvxC8eS/a4dOfS9Oc75tY1jNrbRodpZ1MpUt8uSTg7ue4JHuqap8CfhInleHNJHjvxRF8h1S/AlsUmBC71iJZAdy5HTBOQAckc5deMPjH8ZNRi0fQLTU5opWWG30fw/bvFbRoSqqkhgVVCqOpOQOq4bFccMK6s17WUqs5KK9nBXs3y6N6pNtp+ettTepWjHsrJatqKsuXZJ69m3ZXve12b9t4R+B3woiRvEd+PH3im2xixs2H9mxTAZ2uybhIA+QwPyngBmGRVXVfjR8R/HTp4Y8BaQ+j6bJtgt9G8MWTNcNklAJZIFJ3EkBixB9e4P2h8Dv+CYfi7xLJZ6/8W9V/wCEd0uXbOdIhYy6rOOHKyuclCw4OCcEZI9f1u+EP7OHwk+EkEdr4B8GWbXyKFfU7yCO5vWl+UNI9xKrMuX54Y4Gc8YFevQyqqouVRxw9K12rpzdrb31/G97aXPPljoTko017eS5dleN7x0tZpPdWWvnY/Fr4N/8E4vjH8T2t/EHj6Z/COkTsksp1ORpNVuIWAJdUkOUYg5GSGHzZAOK/VL4T/sS/BP4Sm3l03w7H4m8Rwxo39qaxCtyPNUZJEbgquHGVIIye/OT+guneFbm+iia8kEaAqDbRKVGAOAxHygAZOfoDjIx39j4QtrNgRDDHlFVmIVpGznofmOeuCucgYbjgNywuF/gU1Vmkm5uzs3bXm7p9F6rTU6KWExOJ/iT9nBtNRTa0dr3b1fnfqvI8U8H+CnlKGdIrKOLaUjgt0ihRR0jiCqvOPlywGMY4PLe72OmtEkMUMZWNQcBiwfJ5ySMFge/fJA9QOmg0W1gYSHDLtAUgKpXGRgL/e44wecHnmp7iVoU3YCtgAbhyFP05JJPJx2yVyADjKGJxslzOTUmkoxvbXlb6pabXs/8uqEMNgoO7i5f3raOLTd0ttbNJfPuU2sYlRkk3qoG92VgcsRktzz34BHsQelRWc/2BXMZVoySAWILnJAB4I2g44AAAOBjk1DdSyujOqYUHG6Q7Uz3LcgBjkkHqoJGCcheA8S+NND8MI8l5dxXExDObdJFwpGPmc5A4HGMZPIHfPsYTJaaUZVEpSVm0k93ytWaTb07PpdWdzzcVnfLJxpyUbaXs0r6bdXfpf1seiT6nPMQ2CERfvvlY8gD5iM4JAPQ5AIxxjng/EXjPRdKWQX2qp5caO8kcbrkngkHaRjng4xnd3zz8xeJfjVq2uSSWujJMYGLCOGzVucHG6WXAwMnJVQehJIXNeaN4e8Q68z3Or380MUpDNZRsS2w9RI3JJ555PcYbGK+lweW04NONOKSs0mlsrJ9m76btPr0R8xjMzrVp8sqsrKV3q1p7tly3Xzvpre3VeteJ/j/AHTm4tfC1qqrloEuQpkldh0CAZyvIJOQoOA3fPlhXxn4uke81C4njMhOfPkJYJxuEcbNtXI5O0EjAFdLo/hnT9OQtaWqofl+dwXfGMFhkZI5zzkljjNdpDp7JiQZIG1VQZjHY7to6ZOOPc88DPv0MLG6XKm2tbq6tdO6bacbLbvseLiMdGDs5NtK7130je2ztpsl7t3d7o5bR/BlrAQPI85mwZppcNl1wBgZ4PUhefXGDz2dpoNtaSb0QkL8rEYGCT/AVUbQOeOwxlcdNm1iFpEQ+MkB2bG7DDGcZAOck4xg889eLU99aRRtwVR1GQMbixA5Bz1GeTxxjGOM+hDDxh3aT6rVpcuy10T/AB1fn4ssXXq1Pdk0m07W0SvFrW6s+1optvXXeNLUxLkIsaryCRnJx39QD1HOCNuByDlrHCziSQAxxgh+clic8/d6Y65B6Ak8Bqo3OqPEsjecCGVmVQcsQeDwTwQB+nXPXnrrX4olETyqokXjbwGUc7TuBBIPHXPHUdatzjCSbi7aJP3tNk01suyu+9hVHKKTV5TSfRu9+VdNtO67aOx2E13b20RnQgMmMLhWOCcZwT15BI7cN2zXIah4tWBGjRjl2b5W52nHHTGMkbuvp6Ajir/xIEYguAiE5ZSCS2PlVjkdjg4PHXnnHjPjP4jaVocUt5qV9b2qRByRLOibxycFCecbeQDggEkg8HkxGYUqMWr2fLvfrorLXRq689b73OvC4HE4pxfK1G6bVn2i38vlfyWl/WtU8WEugFyEZ8l8uV2rg8rw23gHuAecbTzXnWveO9O0uKSS/u4YofmeSa4lEaBfmJ2sxGMn0BPBOOpr4O8eftd6eZbjSfB1hPruqSuY45YQ7xBydpGQGBUkhivOOCflGa8wtvB3xe+Md0l94y1W60bRGYFdPgLxs8XXaY1IJBAC5Oe3HY/PYjOqlZ+yoRlUlpsnaPw21va2l9H66rT6PDZLToLnryjBaN8zSbty23e17/c7u7PffiJ+1VpdlLLpXhGGfX9X3NFCtoryQI3uyDBAB/jycgZQDArxi38L/F/4xXC3vizUrnR9JkbK2Cu8bmF+QoUEBiV4A5OeenFfQngP4JeFfCsEDWGmo92iBpLu5QSTSOeWOXDEHIJPvgAEV71p+jqoBiUCSJVIXATG7A+WPAB5yMAdCcA9KzpZfisW/aYqpKMZWvShdK10/ea3t1tf72yq2aYXB3hQgpTjb33Z7KOtvL/g9Wzxb4f/AAV8MeE1tmttPhmuSFZ726USTM4GSULg7eTkZ3Y5AHWvebLR7aGQxhVMhBC8KEOBkMOwwCQD2PbjNXxasyJH0mQBQpXkc7mPTnkAepAznoKcgaOUBECsp+YnIwcnafQL2wcD3BGa+hw2Fw+HglTjFbLVcvRWe19Xpq9PLRHzWLzGviZt1JSs5Nq7aWttLK729e+l7F+XR7SW0YSRxMkkbCZGIw+QwJ28DgErwAO5weB866Gk/wAJ/Hp00SEeFPFbNJb7zmG1vXJJiHIQKzHgbRyW4yDX0cLgbWSQ7WVVCgAbcjglsHsCOGzk8jOK85+JfhoeJ/DVzbwhP7Ssyt9pk4ABjubfMi7SBkg42kd+fx4cxo88XKD5atN88Za30s7JKzV1e3n5s9bJsQqFRRn/AA6yUJKTvZvlSkk9V6999dF6RcPuhEikfZ3TMYXHGcfebqAc8cfhisKWWNWwWK+WxOVzhmbGFJznBA9euPY1w/w38YN4p8KRxzn/AImultJp2oxHh0uYSEYsrdMhSV4HbntWx5580qxyxfDdSw25CkZ+bnJGRnOQNoxXJh6/tYx5ua6Sv0V1aybVuqe2iv1bV/SxOEVGs0kuWVnHeyu7t2s76b7a3vdO5o/aGkmcMw2RlQQTg7Tk/L0OT3HXHOTUc9wfvbx8hBJPYZOPUHJ7cg9cZ6415cCKRnz99SDuY5AGAPUfKOw/Ak8Vi3Wo+XGuG3+ZwT/FzwGO5s4AJ4J6ZAx36p1Y8t762u9bX95a31tvp316nMsPFz1jfW6bWm0Und3e/XVeW5uXN6itksCVBwBj72Op6Y284OOQMnpWBNqSSKUztVAQzAkAckk4DfNleg5wenUCuN1bX7bT1nuLy4itYFGTLcSCNdoGG25I5HJyOSScZr568T/Hm3XzdO8I2cmp33Ef2w4+zhj8uYifv+nTnqDg1wVsbTp2vO70dm7NNK9uul+t+/y9ClgZTSTi+XRK2nL8Nm2r2dtE+9na59G6v4jstLhmnu7yC1i2HDzOEBAHzEAkHvjK5zxwDnPzl4j+NZnml07wdZz6xdkNG12FY2sbEspfcBhwCdy53BgOevPmL6d4h8YTrf8Ai7Vrl4UYM9lbh1hjJPEaoB88jZKgDI6Lx0r1HS/D9h4fsEuLhbXwtpRCt9outraneD+9DBncrMM7QD7gd68nE4+c7ydT2NJJWb3adrLZa+elnb0O+hg6VFRuuZq2qvuktk9dU9tE9Nd7cIvhfX/EM8d/401Wdy+Gh0q2Zy7biSqLCgOAQSCzD2PU49ItvDFto1qksosvCtiNoFxeFZdVmXBB+zWwJIkdSdoHJPHqT7v8I/hB8VvjPeCz+Eng25s9Ld1jvviB4mge3tEjJCvNbyXC5Y4OV8sEEegGV/Tv4R/sF/C/4cywa/8AEW9f4o+NkVJWOpEtolpc4VzHBZEtHIE7OwGfQHIH5fxV4lcOcNwnGrio4vG2usLhpKpUctOVTa92mn3k1JfI9vB5bi8bJRowdOleyqVU0kly6xT0v06yd+9z8tfhP8C/il8Wb4RfDLwdd2WlSkLe/EPxdC8FoI8qsktqky7yQuSgRSPlUjPygfpb8K/2LfhL8LHh8QeN5ZPiZ43jRXludTUHR7W4xkpbWRJhcRufkckE5zgE4r7NvdStNOtxp1slrpVjaRBYrGxiW3hVFHyqiRKFVFAKruBJYc4GceGeMPiHpmlhv3q3DgMEgjPmM7AEZkUHAb5eSfrx8xH81Z/4n8WcUVZ4fBc2XYCcreyw0n7apB8q/eVd2nfW3IvO9z62jkWDwcY1K8vbTSTblZ30j9jtf8bnUa54wt9PtIY0ijsbO32xQ2dpGlvGsWQFTYm1RtAwAei+hzjw7xP8TVSdl0+cTSZK/Z0IOWbAJkYHPVsEn07A5rznxFr2u+J5Ypmc6fZFiTEjYkkQf3gMEHA+7gEYwcZ45+GxAcC1jLSTcGR8tISOuOMg57kcHk14mEyiUv3mNm6lSXK3eV/e927lOTev8yV9XvaxrOtTioxoxS5UknsnotdOZaJbW79S5fS32thp9XumSISFvssTEFQoyN2DnAAII4BGM/NwPNdSguruV4oYysIkKR7EKqwDHHoSD0JPGD9ceu2vha+dd7Fmdy27duyqAZwcgHn25x0zUE+ipZERrF5rlxkkklAOi4AAyeeOMj+7kmvbpfVqEVCHLeNrKKSW6t03731u29Nzic6k31b0dtLL4dbLXVb6LV7HjcmissQW54AJJCkdThhknkYPfAHfIBNczqNpFZF2MW93AGFJYDJA4zjBx2zkc465HtOvQW1jbtcajPbWFvGWYm4kEQABySzOVB4yD04zk84HxN8Xf2kPBfh1bvTNAki1jU4g674nBijkGVBLcjII4X0OeMk162X08RjaihhadSo3JK8YvlXvLVvbZWtfZ6aMHRkl7Wb5I6tt9tLNJ9lfRN6rbW523iGewsYGuLiaK1hjj3v5rKikIpzGCSuSDyx9favjX4j/ABqsoTd2WiMsk0ayYkDqIlJ+XcCMg4YfL6rnkjkfPXjb41+JfFs0q31/IkALlbe3crEMn5UO0gE9AxwB69cDxG41aW7dwCWkd/mJJOQpxtAGMn6k5POT1r9YyPg+qlSrYx3ej5NXFPR2bd23rql3etr24quZUKGlKPPLRN9rWS2fb0tutlbpde8T6lq8ss2oXk8rPIWCbyVj5O3vjA6dCM44xXJyTOgID7jgDCYcyEnkkkAH2AIC/wAWcjMkUTXR8uUMCBu2hSGOB8qZHUjBJwCc8f3a0LfS5bgqEQq6kYVc5I6ZbGV3f7O08DPGcn9Hw+Gw+FpxgoRXLZaaaLl20V9d12av0PPhHE46fNacnJrT3tdrPWy1Wl7dtLb5RgmfLSExgggBj82McgDkZBx0/wAK2LbTp7jakaHkZARWyRgcMxHAHqenBGTXW6d4SnkAe9Kpg+ZhwAVQbeCScsSQwGVyCBgDArq4YLazj228S53hVkbBYydAoIyZAemPXAHIzWVbHUacZWs0lrJtRS0Su297L8Or0R9Rl3D0/dlXfJF2fK7810layVm2+3lo1pfB0vwoFQS337pfvGM53HGCoI/2ucHkjuMHNdRFGxCW1jbu8jMI41iQyTSHOEWKJNzM2cAHGcsMd8/Vf7P37Hvxs/aL1S3j8MeH7qy0Ysq3HiLVYHtNPiQkBpELqBIdp+TZuU9yDxX7y/A3/gn1+z5+zPo1v4y+KV/pPiHxDYRC6udR19ootNtpY1DutvbyttlKuDs6bgAcDofwPxC8eOEeDassBTxLzzP5NwpZNlbWKrKq0lGNaUOaNFX6TvK20bXt+xcMeH+YZhSjV9l/Z+CjZyxeK91tLlbcIOzk7apu0Ut3o7fjt+zV/wAE9/jF8c7i01bVNPu/CXhHMTS6vqtu8c9xE2DutIJAHYbfunHHqeRX7p/DL9nv9mP9jXw3Hr+uf2ENXs4PPu/EHiFoJdQmmRSz/Y4Jcum9wAoTGM55IOfmT9on/gqV4G8CWd54O+COmw6rqNur2keqxRrFp1qVJSMW0UY2sFI+Unj5cgnDV+KXxL+MnxX+Neq3WseNvEd7dLJI8vkTXUiWVuhyQkcSsIwAMjGDkepGT+IvI/FvxmqRrcRYqvwbwrVmnTynDOUcZiKLcGo1nzRk3JNX9o1FXfLTa3+1lm/B/BcJU8BCGbZrGPK8RK0oQnZbT1hDlk3pHXRJydmfrf8AtIf8FZJ83/hj4H6etsiiW2/4SO7APycxh7SEAAA7cJhSRnuAMfjR49+InxA+KOp3HiLxz4k1HVJ5ZGkeXUbuUqCxJCQwkgKqhh8oAHHUjGfOr7W9I0QyLFi/u05DNgxhicEkjIwCfl53ZyOuMeZ614r1G8ZldyqOS4jGQiA/dCjoW24PcDuCBk/vPBPhJwrwVRhHLMupRxCivbY3EJVcXWlZc0pVpLmV+yaitU1sfl+fcc5pnNRqviHGjf3cNRcoUYaxdmlZNpv3nJvsrXZ12ra7YWMbCxZ5bknHmOwIB2/MR2K7h0I44znivPbnWLjUGczvK25wAq5CjHoCQO2ATuGMHrjGPcTbjuVw7YyS4JYEkH7udoxwR0IKnA4qrM0r8QuARGAc5QnH8KZO3HOMgZ9Q20iv0vkp0UlDlpxVve2ejjo9NL2tZN9/evp8i8V7VNyak7u1tW00raPWzs2+yu+9tmO8TypCY2kCsoUgctjgKQckqAoJbnnDHPelKtzM5eMlTKyNtz8qZIADDcQxPQ7c8E5wea6Tw14G8T+KJFjsLK4KFBvuGUw2sIB+ZzIQFb7pBIJbHRTxX0l4V+GPh7w/ALvXZLfUbyEfNLNhNNt2UBmyz4Nw2SONuG6NjpXnYzNMNh3KEW6lWUU1GNm7u1k9Wop72dna7s9juw2BxGMjGfL7OlZe/L3Xq467rTWzbbs9338s8C/DbVvEVwkl2w03SlEbS3twh3sAAM28ZAZ89MgYycZXGT9OaPqngj4V2b/ZI7f7amd2q6jGk2oSPj5msrck+Wc/xEKQeccDPlfiH4px6ez2Xh2NHmj3wi/ljxHCmCuLRB8qquDtOMkZJJIBrwa7vbzVrua8vLiS4nmdmLzOSOTjcFzgKehA6ZBxivm6+ExedL/aqkqOHurUYO0pRvF8slvZq7u76q1u3tUMbg8kalhqca+Jdl7WaUowlZaro3ffvffQ958VfHDWdcvfJ0YvbRSKT/aF0++6YkEMIyQBApboqgDJ69K8za8urm58y5llnmlJZp55Wdt45ZwST8uTj3BJBxyORt8OkhjbcyYGWOcNxwgyAccH0547VBd65FZqZJJfmjAVo9oDPxtIG7ICjpnpwASOK6qGUYbCwjTwuHjDRWk7c0naO8kr3+576JHDiM6xWKm6mLxM5JtNxvyxhqtkkkn3XdtXaOg8T3UcFl5LzKUkHmMGOS8mAMjGcKOcd8ZHHbo/h9fWWkaRc3d1LGkhm8xUdgA2ANuwDkjGAM9Mn5eOfn7W/Ec+vSrb2VtLJHFEVkFupkaEKRl5dvCIc8FuPQDPP1N8BdB+B9poE/j348eNZ4tA0qZY7TwRoytJr+szxgskZwy+TBIQI5JCSVBz/DXtfV3HBxoSbb5o3ST1T5bdl5vS1k+yPCw+JdbM5VoKKjyvlqSlaKUVG8vetfrovw0vveGNF+KHxo1xfC/w18N6nqpnZY5bm1hZbO2TIDT3V42IIYUALMWkAAO35cDH0uPh1+zL+yjbL4h/aB1+H4sfFONUuLH4Y+HrlLjS7G8Kh0TWb2FmDhJABLGchjkHAJFfPPxP/b21+40S58AfAPw5p3wX+HRja3ZtIjRfFGr24GzzNQ1UKtwWlTDOm7gscn1+B7zUr7WL2S8vLu6v7q5d2uL6+lkubidmbLMXkLMS5J9uckcYrTD4blS91QjZaXSk0rXd3btta+mt0dGMzWhTvJS+s1Xa0npBaL4V5O+0WvzPs/4//t6fGH4yQf8ACL6VPB8PfhzZqbfSfA/g5DpenQWmCkaXRtVQzsV2hnlOWJJxnBr4imiupyZLiWR9+ZGG5meRySSXbJLNksTknJPODxXTafoN3K8ZKlEkcN8y7pjkfKQOTzxx1/HGPrP4R/sp+KPiJPFeXUEml6JCFlku7qP7OrIPmJG8jnbyR15A+vdQw0bXSUY9ZOK0em131/FN9NvnMXj6+Ik1Jt2e20VdbJPS3mld210evyT4e8H6v4gnht9OsJi00gMflxs7yBuNgQDPJIwR0J6kYNfb/wALv2RpII4/E/xKu00LSABKILllW7niGHGImOVLLxyCevHHP1Ta23wk+BVg1roFrZeIvFMEZEmoXAjkgtpUByylgQrKwJAUN16dq8P8TeO9f8dzvdX2oMsAYvukk8mzhQHKiGIkK5APUDJ44APHs4fBc0o6Oa807Xbiur799nZWtofP43McNgKTlWqRc0nKyaVndaJdd+t2+2mnqOp/EDwj4G046J8OtJtrFYofKXVHjR7+5YAqxj+XcS2NytkAcHO1efA9T1nVLwzanrt/NEJC0n+kyFrqWOQ52IhOU3HsM5z1wBnl9W8VWWmb200/btQACyX85BiTgjEI6Zz0we+eea8+uNQvNUR7i7nkmmlc+W7sdqAYGFXOVXHRRyT2z09KOXwptucWo7pJL+6kn+O97aLW58TjOJMTmKlDCc0YXS3asly3dtE7q+/TU6vUPGW3FjpMK2EU3yvcMc3LdBksRlSRz6cjpjBzLSWSa5lKs83ADySEs23HzHe398dMnO7+992uZtbRnuvMmYMN6gKfmLZIy2ewwPQDGOetdPZxNDcy7WDb48uckYxgk4xjHTAJycdeST6eHpRS9nGDUUk3orvS6W2q26211VkmeByNVHWqScpaKSk27WSvqnp10bX6Fi98uJZJEXzTIRGFGSQSFXrxjGfmJ9we4rMWNIkbCgMo82QnhcDkbenO7GD1wOO5NjU9QgijSBAJpFkyiR5ySAPv5AA5HCk9s9Rmr/hbwp4r8datb6No+lahqWoXLrb2+nabby3FxM7thIykSM4BLAMxACk5Pv8ASYDKsTjHCnh6E5Sk0rQjd3fLorJtp77LW91Zo+YzribLsrU6uJxFKlCnF805yilFJKTd5NbeW70a6HnciSahdzNChZcFiVznOcED1B3cYwDzz6fQ3wT/AGffij8ada03wn4C8I6x4ivrueNI7SytJpULO42vcTKjRxxjgsWIwM8Ht+1X7Fn/AARH8f8AxAXTPHX7QFyPhx4LLQ3UeiSIF1zUoeHCvEfnijkUgbjt6k8nhv281j4m/sif8E7/AAS+hfC3QPDf/CT2tiyPdFbWW/8ANjjK+fe3rL5oYthiqnPJC9ef0vJuDuWVJ4unPG4iK5vqWHkoUqVre9jMU/3dGCsuaMW6iSafK9T+ceKvF2kvbQyerTwVGbcHmWKi51sQ5StKnluCivb4mq21yyko0byV5SPgv9lb/gi18OfhDoemfFT9sbxNYWFraRR6l/whVvNFGrMiiUQX0g/eSEEBWiwQQuG4ww6v9qL/AIKpfDH4EeGbn4R/sv6Jovg7QrNJLJrvRbeCG+uFjQpv3wquGdQfnaTdk5PHFfkZ+2X/AMFMviF8bNX1W2i8TX0OlSPOix2szx26xEkCG2VGAUY48zAJ9Ca/H7xD4zvdZ8x5pZXM0pZpHkaSaRmJyXY54bkE9gx4AFe3mOaZbk0YQk6GYYig1Kng6K9nlOFnFLlbp/Fi6sG/4tZyu17qa0PjOHeFOJuNK08ViKmNybLsQ71MXiJOee4+lKSvFTtyZfQqXX7jDqMrP3pNs+m/jl+1b8RPi7q97fazr99Lb3NzJJ5TXMkskquSSZnLne7HJxnA4x1r5buNQuL4eYspxM/O47mzwGySeAecHA4445zy/wBqmdhHISsSqcAEqC54HJ+oBzgepOTjM1HXYdNtZhLMsXkxl8ZGWYdM9OBgsB2U7TjgV+bZ/wAX4rFuVSviZNv4YRajThF29yEVZJR1srWS6O5/R/B/hlluV06dHAYKEVpz15RTq1Ze7zTnUneUpS35pXu2+9l0WpTxWMJHnp521gdzcFecYwTzgDrtHHIB6+K+J/iBY6FIqOyyO6FiUO5gcjJyeCccgcZyQB3Pmvi74rGBpobSQXEmGBlL5AJ4+Uhj2wAOvAycZz4RqfiCfVp/MuGIjOXTDbm3KCCSCfUcDk/NjOOa/Kczz2rXb5ZqWzck7OOzfZJ23e21vP8AfMi4Uw+EhCdSCvo+VcuqSjbf0230eumvt3iH4sS31qbeKQxwjcqHBEjnJwXIO4dgRwCM9Og8W1aWe+2X0s2ZJ3VRls8dcBQflAJHJxnDc8HHORkyyyBmBQoWzvPo2PfPrkj0yTipZbxZmt4ieIhsYAFQxPXBbGSDjkgAg8V8zOrOrK8m5Xerad0tHutr+VtLX0PuIUYU4qFNKKVrcqXTl6ddvleyJbvMA4kVpWKBm6kdT8q54Xp15OOMYqZIlkZZjIryRx5kWRuH42/KvOc45IznrWPeMY5iWIZiV4wCCoz2HQjIBAHPJ7Lm1bSLsIQBptx+VgMbeMgknBA9CCD1HYVnNWV3rs3vzWtHy0S1fpo+l7V1JXa0dmt7xtF6K/lra3W7sijfK0bKCMByXVFJKBTk4APU8n3wQSaokkDJXAONvY45I9f8AcECr90JdwMwI6hMAABe6jBAB9cd+RkHNU9o/wA+36n/AOv64xcXeMX1svxSf5P8zGT76bL8Fa3f8fwJoI3kdAGwOjntyRgEfX0yM+hOKWRGSQooVsDouCpwPY9ARk4I+opI5THgKMkHcBgkcDqecegwR6d+rGmPmGUhQW6jbkY6bQGzwBjkkHuvPIVpXdm0rWS26p/NdOmit0u222k72Tav12Su+zve2/6XkhkbkAkZDK20jIwAfUEAc42kY9MjBRMlkJyBnbzwSqjg4znH4jtj1qNW3FmZeO4UgbSe/uDyOPz6mtP720eVt4DmQLggAckDGD9WOPvdRxSlpZ2V++70t87av56rU1hT50lF2S9X0Sul5289tWtESW6tOZCCREBhmycjj7pP4cjAP8Xy5rHnXacMQSBwwOQRk8HA6/j/AFrbVhbMyLtmEiE4yNuduGOc9QeAODkDGMVhOThgR0c8nqMk9PbHB5PIHrSpu/Nva631e1t76p7rSy1HNckVF3+1Zt3T26a2to0k+jvqRqM/55/DPB79uMHHNTYHp/gOc/5x7elVxx/9bipFPGM4H8RHUD2z3OOw6n8K1MLX/rt/X/DblppS5UHAX5VAUbc+nIOM55GWBPY5zTo43kWTJIAJ+7/EcYAPIBHO0kccEj0phHzqAMqwBBGN3A4xgk8cZzggc4PStQ2twgjxgCTLDb8zAbewHTI79s5IGCazlJRtdpd/RNXSs1ZNa7q67dNVTet3pFJvpa9tdd1qtV87WMuOGRWGflYvhd3T6k9Omc9yM+hxdhtGlcqzoil+WOeABwBnAwWGcjjpk9q2LHSLu6kLzLiJOCC2Gfb02hcNnHzKSM47CtHUTpkca23kNFKgB3gDOdoPJwOp5wRnvmspV2tErtrbTTVXs7We70Tutr955Xeyu79no0rLmbtZt6bWt26LB2XNoWe2dJIySDKwG0NgBduMnvgjuMZ71ctdVlSOdpIvNcgJvf7qMOAVXbxjqcAEcjnHGXLJceVIY8rGjYJUDBGcqB1Yt6sM5wAWPFU3nfHBYcqcKOCRkknbwR3HGPQnGacaftNZW0alvrZvutLpdJNdL9RtJKz3W9mk18K2td/Pye6RpS6rO+8Fti4YZRMFsgnJHKhT0JwQQc89ay5DJIBLI3QEqSSDtPoRkHqFBb157ZrPM8hbd/F1AOBnOee3Xk9CTnJBoLsE2lsg4BHQhQMYz6cAdM8HPatYwUdvw07f5fPXdEXfVva79dO7W223mOLDBKkkBgQSevbBH+0Aevrn3PpXwrQS+M9HHZZ92CRjk8kZAwODgYAJY45+75cpwRzgZB/Lp/n9DXqfwmbPjTSyTny5fl3Hv948DPPYfTqOaKn8Ko227p328t9U+m/orhFNuK3fMrX6O617eq6q/o/048DebFfM8fUFWJzz90EjGMdMY79MDODX0beOz6KVZjxGu9lCkAsM4LHjno2Aee5GAPnXwM//ABMH3J8jsmQBzgAMo7Y5XJOCSMDAIr3jVlkutPjWHei8uyqcM6Z4yCOODzj+fJ7sqf7iL01W/T7Lt583lqrXW6Mq6anLyk7b3aXKlt6W22112e14TR44mYOJFCHOQGKfKSqjpkng9D0PrWF4hdvMlaSXBZnIB2kqQc4PVgBkkqO4BbNbHhx0hUqi5Pk5fe2MNjvkg8YK5JwMcHBGOf1c+bK6lAGeRlYqo4UnoucDBweuCRX6dwjL/a4pPb9HBWervt1/Wx+LeKMoRyqXMrvm8lbSGtvLXZXtqndWPNdYvGiPl+X5ufkLqMMVA+YLnjJ4HX8sZDtJEk7LvZlRihVC3XBKguTgNjGMnjk/WpNatwH8vBVmB8s7+OcA9BwCBxxg84x0D9IQq4Vst5aqqqOfmP3gMglsZIIBJJ68kV+1UHJTjrpaKb7K8b/Ky0Wuumx/J2JlB4eWkVNz1dk3ulfvstbaWdtmztmObcxEAgL5SepXvk4B5HXqO+OOeeu4F+ZTkuPlUcDrj7rf7Ofmz1wDyDXQ7WwQQCzKdq8jkqOw6j1xgk56nFYd6pXYhBZkzgA55bjP+znkdSMV7HMrJxVtFtbpy7tbrvsnfTWx8/Q/iO703Wunder1V3f77nl/xIwvgnxCrsNy6ZMckYVcq44zk5OMZB9MjGWr8hbtv9JlJwQJG46AgsTwAMDpnOM1+vHxJDN4O8QozHjTZiRyR91uvHPC5DcYOCK/Ii6X/SJVGSdzbcZOMM3Tv+OTySBwCK/n7xXnz5lgVrdUJW6byTSstO+3X73/AGB4Ax/4Rc26f7VSdnpoqSS1ffRr13LGlWb3t5FCuQrSKrEIXOyRgp+UA9u4GB34r7k8M+AbPR/DFpdpqkllqaQm/tiXEbXZAJEKgHOCTkA54PPQEeGfBfw0bq5nv7+2xZRqHkcoTM4Ug7Itw+83IbPQH2zXu7wT6lr9vYQmUpFMAkV0+FtbI4YkgYwcZBzgYGNp4A/OsHThGKc1rJrlbTuruOqtvbVpdZbo/SOI8xnOqsJRqJU6UXPEW97ntytQbSa289GujseSarBrJ1DUpb+2ubiSVdxlaNgmD02y4OQRycEDA4zk1FY6oPDdsrW1uLq6uEaF/PALQhySFC5JQ4KgYPfrjIP2SsnhbxL9t8HweTDP9mWPz3jRlgNtHuM0UuQ7szhgU+ZQDjJ3EV8wp4Fmj16a0W6F7Ck05edUfy1VSVMmRkA7QCAxwBnngV6FTBuHs50p+19o7aXbi922tU0m2ru2+m2vzmX55QxKrUcVSnh1h1e8lywnBNOMot2uuji/e1unZoraPo+ueKmVLcMpEbuduXA35CxLgBFkzxyR1OT3rBTw1q0F49te2jxQWE7i5nJAIUNg8g8kgHIBJA5PrXrlxqUfhSxm0jw3ch2ljRZZYf3k7SMAW+YhSNh+XqccDJBADNHuoH0uSXUizXU7N9oS7clX+X5dqn5s5IO7aOOpwc1usLSbipN+0S5pJ/C5aXXm312uCzPELnqUacYUKr5KVJWdRxvFKVk3GKlZyS30u1dF3QPGt/4ea30Xwta3KRvhFnhVmnlln7swXLIC3deD6YJHa39r4zs54tU1D+07oW4E7XkjNKsT7TJ5QjJbC8+xAXp/COa8L6/baLqEFzBYxh5maKadolaO3jL4VoUJHzBTlTgE45Gc46e68VamtxeLcas9vpHmmeAXhRluW3Fiqr1G4EsFDYwSpBHNezhLKPNJ3S+FaLlS5ZNvur77Wlps9Pk8xoylXTw2CjLnvKpKcOapOckm1zLVRd3e21tHYs6V4ks/EYnOrWH72Q+QJWUpJFLnh2Dn1OdwGCcnAywHMy3R0y+fTUCXQF3IUcgBVDAkEFeCVAB6nk5JIFRfaYPGUV/LpkiWl7ZSmVbe1URvcqm4qwCgbQ3Y/dzgjHNc3a6pLaX9ta6pG2QzyMkqlbgPyAGYckseNxxwTkgAZ7HU9rFJ3abSU1blb03Vnu1s1oreZnQwksPzKFqSsnVoSurTlb3nfWzvy3torrfRdvpuqS2M001jdme5kaeIowDMykFyqZAAVRkEjjsRkgjkrrxk9zdRpqtyq28DSCNYCRGkqkkBz6kgbjnqCMYC1veF10w6/cR6sjCNoZp7YwsMRh+mWJALEfez/wABz1rxzxlocj6vdXGkb209rkOkMQO8bmyTg4BxgEnIZTx0Ary8bOdKCcG5O7i43d1ZxurN32tZaptbaXPXy7CUMRWnTrU4u0IuEnZq6SvFJ37Xv1Wyavb1KTxfDK6o9ubi4niAjVAY0TYPllYDGSAQwyP55rqfD+v299ZNaPA800kokkniTa6yDCqh25OxQOpIBBx06fPdtBdm/gMV8UMaIJFkcbolG3coHPzMCQQRkHHfJP3D4P8Ah/Y23gM6/aXMCXuqQ+RZwKokmecgbmlDsPKLEhgVPA7nmuWk62IvZtRi3e9m5XSe61et01q9vlhntPB5TRhKpzSq1pRpU2o3bb5bO8b+6vtaeW++jZ6ppngPS49Tt7NtS8TPGGEcrbkgMmNkqqCSHQNwByT1HBxyJsNb8TazceJ/FN/cabA8Cyo18rtFLKAQqR7xwvJCjJw3PJK45nR9StNJ8QT2/iHNy1rgiISlpPtceCjsCcmKPjK4wAPTO70TU/inbatHpumayILzSROr3EdnGqSMf+WEPmKCSoGA5Dc8/dI3DvwmFp1G51aqVmrKz/u78rbS17SttofA4zB18HWqVMJRdevieWVXGVLyUYyslTpa3hHlbXm99B8t+FjtvD9rZperAjX82ojcPMV+d0e7CkgHIAYgnO3lTXFXWu6PbQT2dus0ksztIFuGJkS4jJLDd2UDODnAAyc4Nb9xc6Xc6vataX0gtp7xba3tYWxcQJLhXRxkEptCqoZiAfrzy3jzQ0ur+60/SENrLbBIkkAJe43ENIZWGNrkHk8kkkZUZA9jEJUlJxfNBJJJ2bekVrZpWuuur0elmjDLsPSo+zhWU6UptzqyqW933oxvLVJ36X3utFY9C8KfECx8L+Eru0RrQ6zrjtaTApHItvbEfI3zE7GGck87hjIHOcK4gn1WyWGyncwLOuUZv3UrhiXkU85U5yABgYBXvXgL+G9U0u8t5H+0Xu9cudrlRjA5PJDLyMnJxjHTNfYPwh0axaGbWNZDRWFpHG0dszjf5hOCzRMBvDEHAYbSeOmRXkvGzlbnfKopQ01ey1l0f3tpPqlZcGd4DAZXSr4+hONaVZ+1qK6lKUrKKjGKvFJK2y67Lc9J/Z51/UdA8W6Dqd7fyrYaHq9lOlkkzI+63lV90QPIT5cZxj7uM/Lu/pw/Zq/a98J/Fn4l6JF411OT+0Sq6VoVnKIx5Rt4UWASzFgCMhQMtk5yDur+cOTwF4Z1q4XUvCt5dWMT+SJhKMSNM2CWXByAD0OTxgE4Ax6v8KdJ8Y6B4w0OCC7vIorPVI7mPUElMREwdTGFuARjcRgjdyCACM1+jcG8T4vK69OjRcpU604qcLttxkoxUYyvo9dGrpLRxe6/hfx34D4Y8RcLjsVi69PB5pQwNelh/aJJRlKSnGU46Obco2ezUW7Ox/btrXiHS/DWjT6zdXcFlYW1o891qMzp5EEccZYlmztP90AZHfJ7/wA0H7Vfxn8V+MfiLP4q0rxLYeJtB0vV7r+ytIaUPbW9jaybprqe3Q7WQjPOFBAxggkV9QfFGD9qL4mfs+aUbfV7Sw0TTdPvZtauLK+ImutPjhKpFcSA/vLh41YrGzAsxBXGc1+LFr46s/h6Na06zVNf1jVS2lSfboTK9s0pZZSiynaCCxGOp4AIzx+pZ1mCwOGpRVKrTji7Vp15+43dJxhGNnJ2cvfd9tdLH8reCfANLGYnNMfLF4HNMdl9aeW0sopJVIYWEJqFatWl7vs3VjC1Oyule7b0PoOf47/BX4s+JLbVPi58Pvtmk6NaPY2UOkvJbl7qCJn85oYUOY3lGduCGH3iOa/Ib9pabwte+ONRvPCliml+Hry+kmsNLTc01rbqxVFlkZVYtJkErjC89O37HeCvgppMnwA8V/FFdG1DXPGNvaXN3pq6ePsumaNbbWFw97EQA0gTcckELwQSMbfwh8f6vEdfuZ7m6N20kszOpUOyPI5JjB+7hCdoPYA7emD+Occ4jFPA4f20KS9tFVYVYwjGbjeNuazv7297vonvr/eXgJgcC8+ziOT18whh8qqxwVfBVcVOvhqNVuLm6MH7sYpqzcWkm3aKRwEXh+3Fw17cQiCJCCm0FgUcll3DBBPOedoBHvx6dpHhO7TTre9itPN0+ScyC4BCz3CDLbEUnKIMZYcccY6iuHuw1xaLOl2jwRjfcRROBJtYDCqDjO0EqR0BACk4qlqvxC1HTtNistPvJkhihENrF5jblZ1IcyKvBPzEZJx7k4FfjDqVVJvZbSa0006pWs1otXqtT+xp08ZjOWhCcrLli4zT2bjrd6WUVbe931umZHiTV3g1LVoo5xE6/KpQjEcYY/IT/fPIHPBGSccV5XY30s140UbI/wBou9sjuT8gLFgxbPbGPQHjnu241aTUGnglV5Z5phJJPjliT91u5Bzw3J78Z52tK0K2eYreu1nK+HjjjbOFZC2Wx0dwME8bcjoR8ynUcrNu3S93d6p9dNk9eu6V9X9ngcJSwWHUaii6jjo0ndNcuqu+VJKLW1tbJ7s9HfUoLCyFlpl8Gm+S4vnPzlio+5ESoB+cgAA57HaBXJSXd3q73kiFpkilJlikJZpeMAbc8CP7wHPQDA5z0NnYadpMM8txbyedJERp3nEsGA6GQE4w2QCSO/fKmorHw7dtb3eqW80EBnkBaNSC5JO4hUHIBxtB28k9RyaHVajpZ62vbrol7zv0aWtklotjNL2PNVVtZNpv3nKT5bu70TV0ktl6uxP4Z0S58Rr/AGE9yIJBIfLkYmOGND8+GPAbJGMZ42jnPS34m0W58Ho8ElzBJFbxpKbiOUyuWGMxEFj8vykquFw3+0QB0Wn6iuli3vb61WExq8RhQbHklVdqysAM7h1IPDdTzmuavdKOr3XmXNyjWWoyeZMpYl4xk7I13EfN91flHB/2axdXl+JLRXTvd3VnFtO7aVtHHXTXozgjiFKo3J2paaW95v3W24tvbumrPvucFD4paG8ilQrJa38n7xZPmcrwMISPkYkAths4PXkVPf6e17BfTwWTWjuVlQFf3kqYJDBOSeM55YHvzxXu0XhLwXYaJZX8OkteXlpKBNFO48uBR0lkGTtLcM+fTj7wFcxd6rpN9cfaLS0ENxIGtAT/AMe6beF2jbgIB1zknpxXi5pXhUpN01JtWTk009o3tokuzto3fzO+OOp1HGOHpTjCCV5uejbUbtRaVlr15Uurd7rwK8kYW8AuIGZkQC3YAqXdDzuHocfdKjuDkYJ5i40ye+mjaGFibpg027O2MAcLu6Lt28Dj+Vei6zA01xeQvGZ5rdmKbFKhTIcEjA27BtxnPPHUmo7W+stLis7ZAtxM6mSaE4chyMjcxPAHbB9OK8BVJwjaEHKT2S0etr3aTaWu9/Q+hoYirGnD2cZSqNLSzUrNx33do97t2XkJ4WsRpN7a3ThZAJ/Lmb75BTHCAA4IO7LcnODng49viXS7uad1s7mNTCJyzkbg4IPmjJw2cZBAGBjHQVP8GfDFn4t/tBrhIY4LZZrpriVMqkpyEijGMbwfVhnIyTg16frvwv1HRrC21mCY3wYNKscIG1IVOUS4A9c8ZLAc8KMCvhM6nWxWL9nepCcFyy5U+V7X1utHaytd3s+iPgc/z6hSxM6OJq+zr6QSkrR53ok23vpaK1btd6nIaPo8txZ7oYDHZRt5qPKSWl29VKsehx1A5yccYrpbbw5BqMKfZNNbUJVkWSTygQsPOOmNwORxkDjkA5BPv/7O3w08TfFvxdongbT7HTrS9vYZZ2uL35LaK0RMtmQAqGI5UE5JIAUnGfdfiZ8BvFvgfxrp/gjw1pqXFy0McTavpUH+h3F5cSmFPNZlCMY5c5ZcnADYzyfGXBfFWYYb69hMBXeDeIWHp16cJKM6lRw0tdOetvJX5b72/IM08Q8my7NJZdWx2Gji40513TdRKSpxipzqOPaylK0t7XVrWPz7l0OK015dPaZjNM8Sm0kHljeduIn4Axu+8SAT0r0rWfC93dabGsiosiRBJbOyChTH9yNmIxu24Bxzk8k4r3n4+/sneNvgnL4c8ReMLpNWGvQLOZtLDFbW+dBJ5UjOFJIyAwX5VfIDZNeB6O2p6ncTQXF61lNADbWiE7DIzsQjO+WYiPGS2WAzz05+G4py3OcgxqwePUsHi8DFOvRrQvNt8koylFP4Wmr+82rqzTSOzCcVYTPcDhcwyrHUcThm53q0vfjOcXBONujjtLZ3a0s9YNF0O5W507Q7RRPdbg5ncCBYEPylAc8sVBAAOMg8nv8Aox8D9bhtdBv/AA1eSWmnWEkDW1zNdBZZZ7hSS7RO46NyAoJOe2a/O2/0iayuLSO21iSTWoLrE0azbFcEhg0T/LuXBCkZxyec19R/CfRtX8S6k+j3V9JM6xJdW4t3VYjPjAXezL5hDZMgDE5J6HJH4/4hYXDZnlLnisVBUoOOKlLkkmpQcG6kEmtryik9NdE2mj5bjDBUsZhvbVqqcYONaVotXkoqT5Em1o3y2as9VvqfI/7VNrqni7xRfrorXUsOkTvp8JW3ZituSdrq6KwRGbJHTGeoOK/P3xfpfiLww8FpqK3XnEbmkWVgoThgpbJ+bbyQRxyO4J/o/wBc+B+p3Hhuay8J6fDq3ifUmVdZlgt1fyY/NDEs7AAyqMgsmT7DrXyv+1x+yDo1p8HT41i1G2svE2kxsdZsIQsdvavDF8sbsSN9xKQSwY5U5znGa+t8LfGTh3DVMj4aqckqdWvDL8Pa88VzKMIxrVqaV40pTlo5PVPfRn6F4XeIWDws8syPEQi6SlHC03JJ1W5OMYOSsk9XrrfzvdH5Q/A/9obxf8IPGum+IdN1OeSy0945JtKu7qU2lzGr7/Kmi+48bY5QrtOT1FfrroP/AAVR8Y+MdFu/DHhnRF8M6r4sA0q5vdNaV2mmuGESrZ20e4qChOOPlGM9sfgPPbYnIXJkO5fnOAQgOXA5GTjj1xzk5NfaP7G3xN8H/Azxi/xE8YadD4lutLs55tA0S9tUuLdr5ldY5suCI5EbYyNg7QoK9s/tHib4U8F8R4afEOK4WoZxnmDoKWX4eP7r61WUoyowrRVqc4qdnKU4u0VZN2Z+y8Z+G3CmeS/tmtktLFZrSpp4f2alTdWejpqqotRkk2+aTTdrWTVj9T/+FKeJfBWh6/8AEz4u3drFpjaa1/YtqV67X9pNeAus8sTFmNxJuDRwORtHBwBxyX7Nv7V1h8FdZvPiFpV3ZXcqXjWNvNfRpd3k1mchQltKGWBFJXaUBIXA+XHH5u/G39rH4mfGXUtUttS1i9/4R3UtTnvDoSXDvbRZcmCB8bFeOCNtgUfdUE8dqnwK0RvGHiTSNF1EGO1utSh81t2FEQkBaBFOFaR1X5RkAHA9h+XV/CfFVOFM0xHHVWlL67Qi6uV5dFww2Dy+lTTjgqSScpScYqM2tHK+nb86zDwzlQyTGYrNqtOnOpT5vqmFTjQoUKai1RUo6uTVoyatq+q3/rC+AfxL+Jv7bdhqkGv+OdP0Hw9YW8swjgnGmxT290CIra3ckebMqvggcDG0HsvY3XwF8YfBySz0rwOB4oebUYbi2uJLm5vPskgfa9xcyhdiJk5KhiAvtjON+zV4J+DVv4B0Cay0vUra50yIabJpelXvlyTzxjKXF+ISN0jSDOGBAXjO7g0Piz8XPjn8K9Rlax1kaN4IcugnnEd3HbwSnJimkkBfzY0AJHsS2cV/mTmTxdfjPN+HuDo4HK8ohVmqPDmZYWOHw9aVF8kanNTjOriKsm3Jyla/Ooq9rn8iZjQnic3eCo0/Y4SNdwjQblJ1FFpRUoOFlUvezcnJ32eiPiT/AIKZ/DP4/eH9FsPG/i5Y/EWiXk1rFNc2KhNOsJXiZYLWEkK0zqCN+FwGBBJHNfz+eMdAGmxnUfEBji1F5FfyVfaWRxmNXUDhx3Gdw5BABJP6x/tyftt+Kfi1F4e8A6n4vnvvDXhW4B8q0T7PBqc+7McrKAVdlOQC24KCQCB1/KPxxqN/4t1G6uU013tre22xyhSyhgPlkc5wWB4HUjtnof8ASf6OmS8Q5FwRlNHiOhl+DxUnUbeBhOlT+ruadGMoztaXJaLtZJNXu7n9k+FGQvLMnwkqtCOFjOKblytPl91rndk3zO66JGJYeOLDSbOCeSFI7q0PmoTGjo/GFGMgk9ASQNxB9ifGviX4lvvEs0F6/lshy7RxRjeruMhnIGQMLkDjbg4ByK0G8PX97E80rYMTgBXJTCDOCQwDc/LjdjA7dNvRaP4QkNqlzfAywzylGiC7yQpxjI3Nk9wDzzz2r+nqE8vwFZYvn5qjSim5XVrR+Gz0sn6N+tj9upLC4SaxEZJyVknKd9dLLSXS9no3tdXTt43o9jPdyxwmCaT91lW27SCRyMkDGBzuBBIB6Dp0VrDqFtcG2MchiyoRQrPtZjgYYEgEEZJzla+i/DnhvTI55HFi6yFQ5jlAVFtgeRj0Pt/F2rXnttEtopzbacAZZGCAqMhxgEqTztBAJI4OQMjnEVuKITqSpQoTqRScFLpzO10rvRXW9utrilmaqSlGMLx1j1auktLp/ir2te+mnBaBazpLb2t1KwV2WWTcwCgADaA2dxYEj5ex68V6HJex2yWccF2HnS5VY1UfJbRFsFjj+JuQ5xkD5uMk1wcVpPFdBi/7+V3EaBiY0V8lSACB8oGT/dAIBKgY7bTPDks1ncXLtJcC1mDEKCWmmJBJBxjavHC9CDx6eLj1TquNarUjB8ukZOyumnZNq79FdO2z68lSlKalNqLTtaLajFNOL/l5r27Xu1s9D658Gp4Z1jQ00TUWs5LmZkDuz/60Mily0hIAZSCQGI/hyCa818YeForCHUrTQtQtzcwAmMRNyIgxGxtpwXVSAMcn8SK830681DRHlupYmSLyvMCAlWEu07QnUiMDGSBg4Izxkc9Z+Ob/AFC6Ebr5UZvN1xdI2AU3EhSW5JPUeuK+GwuSZjhswr4rC4yVTDSl7V0W5yg2tXZySWilbykk1Y56FHEQqNU5pR0uk5NO3LqpcqVr3vfZX0VtPOPifr3iPTbW107U7m9uNP8AsjBNquiiRgVVSTyQGyScLnGSD0Py3JNfrA6PLLEjy7iDKxJjYgjcpbONuAOf04r7113VJtfuprbU9KguLchFsUlRVLBGwsnAJKlhu3MMAYz7/NXxBg0nT72YTWEFvcSRBUSEBo12t0JXAUgAnGcZ9CSK/aeGsYqmHhSqUVCrBe8o2t0imkm+yW73WqPtcJUlyQi43ajbTRrWO7u+sfdW/otuN8LeAdQ1i1upgy+U48xVMu15BjcGAOCqqMEjGcjHHIPr3hX4c6FbQGLWbmNbfaZbhkkAYPyPLVRycNkngqCcY614lpvivWLNTY2SuonGAyMcxrkjCP8Aw5XAKjAYA9uTtRa3qE6patPKJ3B3uWJySxAXIPBYgDoeSexOfosRTrzTUZKnHRaKzWsXa7Xbr5bPU1lJc1mnayutdWpRdm9LrXtazd2tT1XxD4Q8LvPBbR3nmOsqtBHAu1mhYgBGYAkvtyMnkkjPqPX/AAt8TW0O007w+NNS2stNJt2vZjtVXx+6kLjhyuQDnIIzkElq+dr/AFFPD1lCbgm41dnjkdmYr5cG1cZ+YHOd2cY5AIyAccvrPiqKfSp7a3uZoRPMrzKzHzfMxkmMAkYzxuycj0BzXM8s+txhTrylOEbO9uqcVv3StrfZaJs6KNRU2pQ961rNq2l117O1m09PK56t8TfGcV3e3xj1WPUHMykKoIijYnLuq9CS25Nwwe/IIA8ws72AeZPPIHdirBht2x78FtsZ4K4Y7mI4HKqcgHywXbPLh5WlkaUCIMxYOoPCuDzuH4gdc7eK6N0neeKOOGRWWIbufl3Fc5bGBjqeeSuSOmR9LgcJSw9OMIxuopL+89ls/Kzflbpcyr1pSu20m7aXk3rotO2qd910N7XbS5hmW70t3urVtsr7TiPe+Mpt43AY6Yyc4yvWqCyXG5bi/c27R7ZYIwh2uG4BIOSR7dzjviug0e7meEqu7bAyeagVWUleGIyclRjtkZye3M0qwXb3FxexNiIbIYkTYJEPAJTHPPTv1PcV6saUXJNWWi6Wsmk31bs3Z263RyOUnJXabaS0W9+9lfXsrdLDraye+UX32kLArK+8HkkgZEaHGNo7jgkc5Oa1tS1vTdIjhgsJgxdcznbuMspI+ViAdq5JzkgcdDiuDv52t0NtG86uEDQoGACbuikA5ZwuQuBnOD2qvb2M0irKIZp5AD5it0QtySSc7cckcnB5AJ5DainZRV/dtrK8duZvXbdWd7fgJK1ryts9bpdE9VtZ6JatbdTpbHWhe3U0c0NvcyOcQMyAtB3CKTklQPrgZJ9ayvEei7ZILyCN5927zIo1wgmbsGBwAMdjk8HPPL9O8P3YmE6JIq7vMaXOGKgcqgY5yMsCSxGM5Hp0rTXG6HSkuAIvNHnSOvyxbs8FyByedxBHzdOeaFHmUW/N9lrKNtG43eyTu+i7XcZLS3W3ne+t9eV3e1/w2PK9t2oDFQjrklmPzLGMfdB6DgcjGcEjng27EO7uBI8i4VmxncCCckEnqOrkDoAOuK7HxBplvHA72Cm5aFdhm7sGwNo6h2APU8gYFcbFNIpZCDCUVVfaDgk9ck+uG3BSOQSO1ZtSUlo2k9no1e123ZXdvPvq9A5o7W1ST10tfl1volfVJddPJN5kMrS25XaGOzzMgsSOrMRztxgdOpGGzzRFaC4yplAS2UtvDYOM4IUZ3bupI469BgZR3M8hKKEKICznOXOevOcAkjjaSPmYA55vx2n2c+Zcyx26yrmIMwwxI3EuA3A9B15yckVVnJrmvZaeWlvJJvfVNX17IiVr3vZ9rvVO2qVkr3eraW6tub+hTKLZoDcbLUK6bi5PzdSxyenPHYEnmuo0y0WZHYzKI3+WJt2CVB+83Q/NnGTzj/dBPm9y6+VAbfa6W6t5rR4USEdCACflJ9Dz1zXWaNdxC0VWJHnpgFmULE2WYgg4I3AnnBPHQ1jPDKo9bPs2nd25e3bfdf58WIVkpR0bSukmrW5V562TejW+t9yy4MNzPHwyKQUcYz8uCWz0KsRxjKkexBMOpXCS2karCSS4JDZVXIOA5A6BiNuBwcYIzk107fZ2jkiESTTx24VZFCgAEAdQD8xHA2liTgEnvjJFK7LC0TtGGVrgMDhRkY25Ab6dB09OfKxFD2MrtN2alpdpfJPZa333V1ZWeEKqja6T+TdmnG+rWqV+isvNHnN1Zyi5neONirKqhNhKgvkEZAywXGchhxnA4xVeyW4tJpQZGVEAd0yyggHcI1PHIPIOcj7pFezRwQpKyJAHQK21WjGU8wYUluTt5JOV4wemOMu40N5Ulg8mAyjcfMUKMRsp3Ee4U4HPr3xXKq+tmkuu19NL/jtfrrozpeKjUiouLcerS3s4vS/S972tfXueepexvI87zovnIeSQzMyjoRxt9/y4NSG6tpEid3jMasCRuPzjgZYE47HB6DBPHAOhP4TtBI8MkrlOPmQAnewIdXIb5uQBkHLEHOT0gi8N2VsjtcPN5XzLGzknHq5UdVKlTggZ5wRktWsHSqNJSu3ZK79Lr/hvO7WppCVJpJXV9Er22aa1T69LNX83obtpeWKRpOqH5+AGxsBXP8AySeOu3OepOSKl1LxTcRrHJAqqpXy0Kx7GEijBYDtzu259ecACuLnKIIzZyM4iZgJCSTsXJ4Bx8rZPAySM8+tGTUJJ5XRg0i/KoGMIvONy9eeMsBng+/G8cLTj78urvd6p6xtonb8G31exfsY3UpX1s/eS8tLRsu6aa069jtbJrq+nnmed2Zk3OTnOCASoI+UnOMkHnIGBiuhshNayRPbi5EhbhlZgd3U5wQCCcDByAW9ASMnRBNFawSCH5Av7xmAII4Jzt/h+XAOMg9hgY9C8N6Pe+INW03TdLhkuLm9lVNwVmESuduZAPuIBkknjpuGaeHwdTGYqNGnT5nOSilyJ3cnG1v8AgrtdpJX83NMRh8Lh51q1o0qcHKcmtEko972+S3tdbHp3wz8La747vlinu7o2ltKsl2JHkaExr96MNygZh8oB55G04xj9D/CXhyXToLHTtNtZYUli8iFmCExp/wAtJnA4wRu+Y89GAwozk/DXwPZeCfDlvZLbxy3XyS30kSj97KQCR5nJwGO1VU9yDjBz2vj7xtb+AvDZt4Vik8S67EVtzGcSadbNj5+B8rYAHRQeGzkc/wBDcLcOU8kwdOrKlH20oxlKVtU5WtG3a+jffdLY/jXj3iOfE2aSweDco0YS5IJLSVnZ1JLonv2WjZzHivWYLi/stAtJUNrpM6pM8bZNzds43FiM7tu35eRjjnPNf2df8G5ejgeB/ixq6qoBuNJtQwBDHEBBLEc5BB4B3c45wMfw7eFpWv7mzmuF3Ty3auXkdt0rlwZZnz1+bnp1Gcc4r+73/g3Nt1/4Uj8U7zduMniSyi+6QQEhYcN6YwAOckgZ4yfu8/rTh4XcW1Lq1eeXUYq9vixlJvTXppa+l91dHjcFZcqfifwThle1B4+s31nKGCnaT7NSem1vkcD/AMHD93PZyfs9pbkiRRr8qOGIkT51BZccnjgds4yTtOP4/wD4hWk0Vpe3cymSe8ciCFw5lEkzMrSyLncw7/NjAyMcc/14f8HFN9FY67+z1KxRWgtPEUqhwWB/eqANvOQRwc5xkHjpX8iHxA8Tbpbq6LxzXU8U8USYUW9oM7kJ6ZkwCSByecDgV5ORKK8POH5tXnKjiHJvpfFVrW6Xdlb53tex7fGFOovE3Po7U1icNF6tX5cPh7XS1e76as+PvFVsug3gAaI3bQKZgSDEjPyFjIGMgLjGfQYxg15NdXlxdCW4DuzMPLIDuSoJP3sDkFcsehA6HjB9d1u80GeyuWvLmaTU5mZ97qSsYi+8YwcFWYkbARnnHfNeVaNbrfTzxpOUjiEspDYQyKp+XdyDkgDOMgE8GvyzM3TjiKkrO3N01u7xutdHpq332tY/dsilKeBpUea37uKs5Xe0VpfR2dr3210iki74P8Fa54+1+z0PQokW/upVgVZMIoTjzJWYkfKo5JJxkkdCCPu6y8E/DL4PaNaC8iGveOYSYZXuFSSxtpQAWeOIEq21xlX9B65B8X+DOl6lpkl54mto4Y5blGtbckMZocKFLRt1CEDcSrAAZ7YrT8RJdfbHk1FpbqV2eeadmdwxdjtRSxADAn8WHHIyPkcwp4uvOLp1JRov7Gq5m5L7S2tF6L57s66mbZRgo1aFWnCtiFo3LWLd10VkvJPSyPoqx/aD8T2jWs4125tU09Yo7aLS53sQqcHaBAUEgUheHGMDkYJr6w+Ff/BQ74t+GNZ0PS7n4m6o+nw3S3T2WoTm4gW0QAtCdxOMhQCOT1Bxg5/I69vV0q2mlmdQwdmCMAY1BxhOuHc9+M47Y6ee6bq0hvm1SWV5GYyLFbtI4B543DnGAflUc+vUmvOWVe0lFyqOLjrzXabkuWz5k03ot1qves9bn5TxTkWQcRN/Wsly/FRqRlFueFpTkrqKspOHMkklqnZa9Wf3FfBTxv8AGH9uj4F+KE8IWOgeHfBGryXeh6j4nMoGqanepFtEVoQfMEbt/rcEYUknAAB5L4Sf8EYvB/hLVE8X/GnxLZajaWDTXc2nRrHBYxW0f73F/eyEbVY/eLEbgx645/Er/gnj/wAFTta/Yv8AAHirwr4g8Px+L/D100mq+HNHiuWhksNVl+R5ZMDLIQBncB90Z4rzv9q3/gtD+0f+0VDq+haZ4iuPAvg29jlhk0LRLporidHQp5M93FtYoc7XUkHPy9Rz+m4fHZZQyvDqrKlUrUYwcouClUlUTjpd2Simut2+qW6/lCv4G55LiDNMNklHEZZlWMqe9PDzhh8P7GclbSmlUbXNbli1Ldtn6Ef8FSP22vh34J8Ot+zn+zNqunwWmlxLp3iHWNClVILeGP8ActYWctvgSO5XbI6kkgkYyc147/wSqa18M6vJ411/UDnUrmOz86KXEkKzAGVrgAlpJGLsSWzg+vb8B/BF7eeMtfuRqZubm6mkKq0sryM00ztmWV3bLncS2ScsxwT0x/Vf/wAE1/2T7608CaR4y1218nRrqF5ILaRys9zcDLLcKh4Ks20JgENwOMfN9BwdjMzz7PqdWhTiqGHpyfLd+zhFLlV00oqWuum/ds/MPpFcPcPeFHhNiuHMNUUswzatSqYmtyXxGNrRlCUuaUrzUIWvFXajbu216N+1b+1xY6dqK+ENL0GyutO0m5lC6m8Q8+4k25jZNyjMmcEnseAccV+RPiTxBr+q+MZNavXSW21Z5JzBessyxQuCfmQ7lyikbRg4OOmQa/Zj9vvQvgx8P/h5/bWreHre38WXtu1vZwqsfnl+fLuPlJbeX2h3IPyjBPXP88mjfEBdX15IbqdmthcSQJar8zgKQEHUFOdqsfl4bocc+L4j4TM1mzjXnSm2oOlCldckb7Plim23fR3drvqkfj/gdgljeGama5dhMTRlRjyYvESlU5ak0ou9NpRVoxai0laLvd3bPvn4VaD4h8Tu8+m3kdtp9gsiXMkTpZxfZwAXAYbQSFzk8kA5xjOeG+PHxv8Ah38JtAlbRdVgvPFix3FpHatd+ZPLOwZWmfYxCxqWPVueT/tD5q+Nv7QHiL4beBV8N+EBJYapqVu/2q8g3r5FnICBgDlpG6bjnkkj0H5I+JdZ8S6zJLqerTXd5NOWYNPK7uXkY/vJdxJ+fJwOMY6kcV+Y4nA+zp+yxEZc7i3K/NbVxS1VrJpWd767J3R/TXh14R1OK8RDP84x0YZb7X3MNKV54mVOUVfV2pw05X1l5W1++/A/xp+JPxi1lPCz3V5faXNPOZdMt5XWBd+7ZvYMw2kkAbmySevRq+0vhZ+yrLDqJ1/xNPNHp8IeVbCCRmu0mdiBG8eAVwSCGAzg56Cvzt/YW12/0z4seH9CWwgdPE15bafO92SI4GkmQpIJGGF5IPtx1BIP9etz8DfCFn4T0zUNLeLT/EcliWv767mWXTppltj8kUm4xjcxxGclscjpit8i4BeawxGKhWhShQV0neMudxjLlU21zabx5uVddbI+U8fs8xvh/mdDJuHsJSpZfXw1Nt0EkpRcowklK7bmtbwutNXI/Nrx3+0dP+y/4C0/wt4QiFzqF7Gs6z30mXgjPzYZWJddncnAyORxX5B/tD/tXeOfj/r66X4r1K51bT4kEdnZ7iLGKdQF37OAAg+Uk84BJ6mu8/arm8S3fxO1IXD3eprpupXmmNFHvMClZWSJEVSd6FcFdo25ABzya98/Z4/4J8658QbLw7418TaRfaTp1+Dex2K20gudQt2Jdn3gZit2VSoZgq43HI+avF+oZlmGOp5Ypzr0sNLlhSu/ZQUJRhzXULJWum5SunGyu2jXhOHA3AOQYXjTPalOeZ46lDEUvZycsT7aUIyjSp04tuTi5a3d25O7PhH9k39mb4b/ABu+LUnhXxXqq2OsXE5XQdIVf3Gp38p4hMxACxqBubB3Dbx0xX2r+1J8Hfgx+z5daZ4Bt9A8LN4r0y1WPUBaRwTMJHUAyTMAxLbCfvYORgArjHpPxp8M/BH4E63JqfgW1utL+J2geRNpd5YTLDbaZPDlJmlKN+9mznczHKjA7cfjd8YPix4w8XfEHWNf8U6jc6rql/dlTfSsZTKp+RRGScOccBlPAwCR2/QcJj8v4eyqpgHgcHLMZVJKpX5VUtTcE3eTT9+7suW0beaP0/IsdnnipmuDznLc9zvLsjw+GhOng6tWpRU507JxhGPLeE24ycmnJJNJtNSXz38XtK0KPxrcxaatu1tdlngEYVI4pnOc4zhQp4zwAOTjv4PeeGNRGokCB4oY5gyTAMYn3kBdhI2nI6852HooGB6t8UBDbCxvZTJFcTL8xyeZm79d3yjjHTBHXqL+i+ObC48LSaBqtlHeTwJE1lcoEEsJAyWZ1+ZipwcHjcegXFfnGYw9riZ1m4Xm+a0FZJtrR6OyWvLqlbS1j+18gxmaZdkGAnTjPFxhSVKs53VS8bJycnq72S3u3u7O5ieGPhJ4z8WSynRPD+p6vFasGvzaQSzxxZUMGZ1UoigKSxZgGxhtu01yniP4f6po98Ibq0khiM5jfO/MZibbIpUcrImeR8w/h71/TR/wTd+Cn/CSfAS++IFtNaafoN9dSafrsCQw3N/cwwqyPIhZWkjOC2MLk9gTjPzP+1x+z78HPhZ4z03xZNrT2nhm6kku5bS7HnTXM7lmk3W7ldis7DGRjAwRuBJ+phwViJ5Ph83hyrD1owfNLljFRlb3m3q421d2no0fgOXfSjw9bxHzngSrl+Lp4zBV5Yaj7GjOtOpWjaOijFyabVm07J2b6n4o+IfhnosHh2y1XR9cM13JHC19YTDZOkj5AWNSQcZHzYJzz2xjyafQr5JFhdtjpKA+FztHABLgDPJySSP4gSPu17x438QeGp/FesP4fkSfQ/PlW0BYJsVmJj2JnEYUkHHTjAAA4peE/H/hDw/Drml+INHTXv7Utjb20p4uLOVtwRkdhwoZgMqQOO5zn4rHUYUHNQkm43WkrqTTta6veO7ur2V99T+m8jzfO3g/bYiFWtOq41YU5x5K1OE3G0ZprRQT333vZnTfCbwFpd9ourXzCSfXYZ4Y9PijXfFcCRgpBAXDHgAjjK4UDJzX63fA3XPjZ8D/AAFeaxoHw5u52FvBA2qW0Jin0j7WCI1SRVLxmQYZQflHJJr8uvgj4lt/D2v2s0jO2k2epRXlxZCEyyPamQMVQKvJiUAE/dXO7JB5/ou+FX7ZXwL0zwE2h3+oaMI1sJNRuotYgRpNTxalLfT5gwIaSKUbVxkqNpG45Lfw1435hxE85wWX0eHKmf5fisdB1YqU+WjGHK3GfJovtcrcfesvNv8Akj6QOZZ/VzDC4NcOzz/AYrMcM6tCKrS9moyilGfI+kpX95JP5M/mV/aWg8Sz/E7xLe+LY7yLXtRuJNTujeOHmuGu8yhmUnAKhgMA88kelfNv2Se6iiKwu5VgpyMYGT8zDqF6ZBwBhiccA/RXx88V33xE+L3jbxW6iOG+1u7k0yyUlorexFxIYYogBgRrHt2RkgkY25zivqz9nn9n/wAFeLfh9f8AiTxYXi1S6edbOEsBbywwRbyMAja7HjGBk4xniv6iyLGUso4cymOJw8MJNYPCwlhaSSVJunTTp+9bSHw2fXrsf01g+KcDwVwdkeIzKlGlL6ngaEsLRt+5nKjSSpWd7ezs4u11Fq97H5YX9g88ghYI8odQM8DYuRkNkAgHceGwcAYBOKx9TsYIFA83dKrE+XndGx29sAFdvbkAnOOK+j/i58OR4b1e4uNLVp9NN3c28JjX/VnzGXb6kBSCCeG5xjBA+cLmynFxIkyuqKr8g+2cE55zyOR16nbg19tg8ZTxNKE4NOMlF3utOZRa1S3XM2tk7R6n65w9nmFznA4fG4apH2VWnGSi7XSkoS5Xpo7PlfTpa9znnR3kVyd5yrZI+8eCQR0Az2yckbmP96yTI/8Aq0Ksp3F8Yx26HGOnBPGPl7cbVnod7eTbYozHHtU+YQVXlgA2cAnnqO5z0HNP1HRL3SppELNKoUFpRgjp93GAFPBOACQQTnOcd/NFuyab2srdEr699r/PXc+lhWpTaUZxvrpo3ZWvpfp0/Hoc/tkmkTaGdyVOASpOcZ44ywIPU4IHoc1dlglEhZgFPAG0tgkYGCPu5zkYAx1554r5mikSbIzkMCCQVUDBB4x0BxnLE4+h2GvDKEDJGipuYEjJfLZUkepwNxGAR3PNUr20utdWt+llfS+uqXfW76XKDeq9ezv7uvXTba3ex3fwtSWLx94PeWT5jr2nHBJICtOnIxz7Eg9up7f0WWCqYYIkIAVImOAMgGINt4BJJwOSOuOuVB/nW+GJL+N/CG5l8z/hINP+6MBVNxHgDjPBPfPQAZ4z/RbpsaNbQEP8oS3wc8k+WmcYHA4/xr9v8KIVHhM4dr2lRa1bfwt9L9GtH577H8TfSeSjnPCKk38GLjqn0nR1a7rz1Of8VeJotGt7dfKEtzNJ5cMLsI1cBu2dq5POMscHPI4rhbvxRHqomjkt5baeED92ACpYjjaxIXjA3M2AAOvat74k+Hb3VbeyuLONpri0uA4TK7SudwJyOcHae+B/wKsy10R7XS83Me28nUmfGAMAEKh3DI24ORjHXrnFedxTLETxtWE1amnon1Tsr3tvfe3mmfoHhlhcupZBg6tJKWJmlKpJS1TiopJq9rdVt99r/N/xEmuWtZ3WIEOxSQk5Jx94bRwACR0GOuBxXzBdzM1wEWMhkYBguQAFIIyAc4I6HuTnqMV9heOLdFgm2x4O0liOhGcBck8k5OeoPUgGvkW/QLflkRly53n0UsoUH2POOmSOSxPy/leOUYuS63f3u3fo+b8XY/ojJ5TqQjKWqXKrXbSty7bdu1m3orbfEXxPDt4z1fa37wlAQTgbcexGDnnIIJwecV55HGVm6biVOVYnOcZDknAGc44P4DrXpfxYVT4z1PynDE7GfPHAB28jB4U5Uc4OeDznzRTKPnVgSW5JILHec5IJJxhjwTlcDjkmuGK0Xoj25LlvvZefmtdn5u3RaO4swyiuXXLORtAIUDryeBjd0J45xgKOImlcsIlYFiMnjae+B/tHk8ZJxnkEcOmZdzb2UnGArcAE4GB0xzlR7HGDxUYVWKnGJeSikDaV4Jzhh0JJ+6T3x3FW16X2t18vJefW++xKfMtV8vW272fmr+TTE8wxr0K7hggjrk4Iwf8AgOTgDj3p5ZnwgXa2Fxg7gAx5DAMBjngj06npVfdIgcMPusSAArKufT1PtzuU+oBChjjOSFHTGQzH374AyMZwMA4XFHIrbJJW1tpZ23WjenRO3k07lJN30lutfK/TXVLq9NN+5q2rPNJHH5gABCsQOFVeM+qgDBGQW5wQetep6GZbWLzHlSR2baqPk5BwN3IGDkLnK4OASON1eQpOImTPTGWAGCRxg4745JUnBySc53Dcm8S3M9ukKgRhCAHXOSFAAGQVwM4YkZHykgc/N5+LwtSu1GFkrp8zaemnMu93q380d+DxFOg3Obd7JRWt3rHp63t801ZWOg8R6oEunW1YBuAxByq7jg4I7DjsTkc/7WNo3hbUfEM7vA6iOMszySMU3dyo6Ag9PoCMEniXQfD99rdwkk2UhV9zSHcwbBLAL/eYjgcZHsTmvRLlJtPSOCwie3t40IO0YaRzwSCOeWySSM4wcnoeWtiVhIqjRknNq8ndWitFeytq7ddb7vocmJxEq9S7dld2Ssmr7X2+9q9kvV5sdkNGQW6CLcmwKxOfn6NjnGCRjg9MAAYofMSShy6yMRICrcMTtO3AzjncenOfdjWi8JltZ0nG2eQCQMUwu1gMBiTkY4IODjjOMA1lTW7xSw73aaJUDlkO4Mepx1OQeAN2MEY64Hk86qtynJSd7ybe8nZfdotrXV9yYqyve70dlb+6u19f60Zbi81j89wXGF3bmDcrjEY5OCoByepwcc1bLWUkUjSZVgSyc7lyCASc/wB7Hp6jJ61ihLmFXJUeVJiVVAJdgcYIG3ggnsDgDAbJIpWDgrBsMazfO7ABiBgkbtw4zjHQ/kQRnKlFvfS6Stde6ul1bRf0mVpdWWtku8bfC0r623+euuluo0qa3mkz91VQqmegYgswcAcjJ9Dtz+Ivw7JN5knCLlwuyT7i5JO8Zxhznkn+LIPJrhhb3EEokWYANJhdhyzJjoQBjouM55C9uDVoTyB4lAdFcsrAEkkE5IBz0PIIHXI9eYlgoTmpRdr2UY+7utbpJebTvdPzZvzpW93d3b0ty+6ruyu0tle9u9rnWQ3ckWIIrlGVmyVyd5Vdu3axO77q5OSBzncG3ESXWsxWLB5A7tJH80bZYlwozzkkKM7iPu85PFcHNPIC6JvjlgBEbbjjDHj7uTnng4PXoCMVseHNKl1bUorbU7wpFKFjyGDsQ3bIyoJbGCc4z1B619To0E6lVpJRU+7jy26NK22m1m1bQ6FOahFU200lZtX093bTf/t5avZaWtWTwGO81W5WWOVHd7YLwASCd+MAc549eTyBXPy6/dSp5Uk0kaPIZCmTtx1yw4UH2OOmBgEZ6PxJol1Y3VxpEbyFVAWL7xQIvqycbjwRnIUkDglc+dSROzwxGTfKZDGcLuwAcAHpx75GOG9Wrrw1KhWftebnslJWt7sU0ls7XS0Tt+jOOVWu3Ztqz1tq9HHVavW1k1pZWe1mdX4fsnvbv7c0oKiQxqWYLgvkFs+49iCMc17DHogkjgljlEsFq6+Y+7lyx5H3jznGeeBwvTjy7Q4Zbf8A0aKFiu0HJ5G8Y3MoPU9hz3wRjBr0yOee1ghgP7tpCjInJLeX8xaQEHkEcDHH8WCM189nlSU63JTqRulyqPNZpKKu9L6teVr3tZlwbV1JPTVu6V7WaSv10STe70etr+i2k5uLaWGECMW8IjSZiQ7LjnaCAxwD6dcHk5A51Fu9O1OKQSNd2oAmmhwShIJOwqSBnk85Ge44CnYstRt82rII3udgjnjJ2gEjGSWX7wxk8kEYJHBFZV81/bzy7X8y3uJgspUEgAsPlQq2Q45AGO/zDpj4ilTlTr14SjHlne/Mr31vZtdWm9dUrLZWPQU04pt2avrZ2WkFtFrVOdmrWdraWudjqPiOZLSKS0iltF2MZHZiqMSeYUwRggEE4wpHdu/oXhbxJraw25gmRfPES2/lsPNccErn7x46ZyxxwASM8XA+lXejQadM0DgHa5uPllt9+DuLdyDknODyMnrXUaJ4cs7G4s5bW+kvmMW5EiJHlEqWUoB0UHHIJz1xk5Hg4+nl/wBWrQr4eUJuUuVuyUtVZ3tZJNaaPv0OyjKanTs278qdpKKauk3a0tN+7/T3bTZFvXit7qF5biRIluvNcllZj0iJBznOSMH8eSM3XfCUN9PIkMkf+jl5yQwEioVH7sgD52UnHOT9QWxzpvTo8sTzG4+2B+Vc4Yg/dkyA2AoOSSecccdJo/EJjkuQ8wkluFGwIQZAHPzA8kAKvIO7HVgcDA+Ahg8VTxDxOEdqfMmlG/I4JJvmfTTqvNq61ftyq0eWEZp3bsnstEmunXWOj13HaT4TaOFVd1H2xmih3ShSEDEB2AO5WPTOfUj7ual17TI9EjzDOWuHK2/lggqSFB3Z4Ugc4J5+pUYigutZmvmntbV3srWA4JQsgZl+9k/ebJI+UscnOAQWNbUdJ166tJ7iZW5dWczEoyxuwCiNX+YEAKB2x1PPHWpVp1oSq4mm1Ncvs4ySd+WMbNer/O6szRWcYqEJN2dpJNNpJJytZe69VfdaO/Q1fC/iGPSvE+gC/ja5gS5tmd2Ziq4kXdtOcHHIByAByOa/uy/4JY/Gnw0v7N2nRmfyLixvjGtucNK3mKBE7AbgM5BycfLhuvT+CfT9MluNW0Sxa8WOddQt1TJG4KXU7ie+OODwOT6Cv60f+Cb+of8ACP8AwlULcyTz3Gpw/aiT+7eOEL9wMRtJ6hgOOwA5r8W8f61PJ8ky/McLBvFUMQ3BqKaUJQUZbN2V7O6Sv2s0j+jvBjIVxDl+c5bXbdKToVIJWu5wekbq65Ur7va7Su1a3/wVC8dax4s+Pen6VZ6jLZ6RZaPCbtIbpoopJJH3s+1Djc0bDcpIBOc9q+EfBFtGviC3XTPMS3imjM04Zi8pVhkbiecsC3fOAT7+h/tPa23jD4/eML+e7luLe0khtrdCxI3RhQFBI2kKwORjHykYyMin4QtYtMm08MgjZpIyqKBukkZlYNIW4VQCCMZ6jHQmvB4TnKtw1gatWMXWxGGhXqe7ytuqlKXNpdfElre+iP0rEZPRy3MIYWnHlpYdwpJapLkik9tEurta+i6afnV/wVWur6PVPhvEN6W6LKyyu2AS2TtDHGc5OTnd6+lfjzPdTi5n+cWwA+6zcS4GAQWPv1PJxyMk1+0//BW7TJrax+Ft9cMjGbzmRFQHDc7QzYwSwG0jgr82cHmvwx1K3W7VXM7LKZCXQkqihediH+JsAkYODjAIOa/rTwxw9Orwxl7cIxcZVU9N17V+Ta0ab+VtmfyL4yXp8XYxPRSjQcdbJJ015aX7K2jvqTXXiua2urdFiika3cOv/PJ5A3QrgKBjPQjLfjn1fw58ULa9lgsLywjguZGPmzQqF5OVTnG0Nt6kEZxx97j58ntlZ2jEzHywzKGIGWIDKAfckAjjjuD0dYpNbTrcxku64by9xJLA8LxkgAjI7kdOOB93mmQYHG4dxlT9/XlkpK6atrZWTXNtfW2mmp+PRqSU432bjd72ScU7p3+9fNNaH7Efs2+DvF3jj7Y+hwz6dpNuhN1fCRkNzBvAdUk4DEjqucdVJIArtfEPiS9+Bnxg8Ma74ZnuY59M1Syvp5VlZWl8l1NwjYILiRA+eo9OGAPmH7Ef7Ro02M+AvEt1aWEKW0hs8ssMs7OS3lySnBJHIAznOCQKZ8SdX1T4sfFfVI/Dtu72+kDY0kZLxhI+rkqNp3LlV5BOTg9RX86cJ5PxJQ8XMVQrYb6vlmHoOdKVON416fuqNSc9XOUm3deqtZXP1jCU8BQ4Wp4nD4jnxc5pS0ipQlFxlJNJPlVkldq7uf0efHTWvD/xp+BngD4xaZFFdXF3a2iTMqgyq/loJ7Z3BJJjk+UbiSBk9cmvzn139orRf2c9R0j4k6nHGtt4c1OBZIHYnYtxjznAGFYxr9xSRyBwe/U/sm/EfWNT/Zv8dfDe+dpLjwnq63FkkpZhawTBnkRAT94FAMZwOuABz+Sn/BSvx9bafo+geCrWUSXGt3A1S9IYj5Ytww46qrfwgkYA6dq/tLD5PDNMixuAxvvYeqpUGra+zqcvupvVNPa2iSTWiOGWevL8RhMzpcqxNGEJrnV/fhor3dmrpJ9rO7W54d+2v+03of7TX7TepfFXw3PPDpk1pp+nWxvy3mHyV2O0S5CornLKBgAAHoK/Zf8AYz0jwX4q+A3xq+IHizw7ZXvhv4bfDEQaeuoRo9rJ4gmsnVb23Y5WS4SY528kMR0I5/ll0BGk1CCMxiTEhdVBJ3ydEU4wMBiAB1JIz2r+nPxVfSfszf8ABJvw1ouoeXa+K/jpfidoVJjupNJujuh8wgh2RFXGCCoBBwua8PPcMshyfIeHssU4vGY7A5fh1dylGjCcJVZya958sINya0bSvZInJsVLOcyzjPMeofucNicZWfKuR1JRUYxUW7XcmtNNV5XPxgsrqXUbrULrBYXV7eTIo/1aJ58jRgZH3Qm3AHOBwVJ47OyZoo2di6MSR8jMgVSMhtvQEgYA6HJHbny/QNTQyLbs6pKgBMQ2ncpP3QeCWIB9PfjFeiXU7zrsEXG0HAGDgAcHbwSe4PJ6Zr9TVNUqdGm5S/dxpp7K7jGK116+ae7PgY1XWlUnZNuV7X2V1fXXv6a9NWa0PiG9tIttve3CSb8qsMrBDtzw/IJyeRgYPX0p1j8QvE1vcOU1G43lpNolkZogoOcDdwD2znJPBAPJ5SaPamU3RBiMfLggt/FnIzhuW/AkelG4m+zkOPn3IoUqqlg2PvE54wBnnrjvxjtoVnB2hJw5bNatX+G9+qXnay19TjqpSl78U02n3V9L97X6X9Wj3zSvjPqMNpOdRtUlw6KJEPlsSCck7cv19McEc9xvaZ8c7O5u3a7tpLSROBIB8nlqMHdk/e7g4yBtHUZb5kSRZZFJYyIF+YB+Q5OASpxwe/p3zyTKymR5Ikw0m0HcxxhVLHaex+UjbjI69AeOpY+vGSTm2n7um8m+W90tFpra9930u+B4OhUk3yJXts7X21eul7dL2176fblj8RfDOrmM296vnMQCCdny4G4ZOOMEBsDHAyM8V3em6lZxRHZfwfvGDgGVDkOcbcbiCc5znPA55OD+ftlFtAmiEkTxsAQjsoCjG4tyBlm9QBkY/vGtOPUNXiuI1XULhWAUxr5h2oqtnkcjd/8AWwOc10xx/K4twTso2cfRK9tLbbN2XXQVTANU1ytrRW3vLRaXvtprp8lsfoDcSzGJirNvypjWM4ITnAYjdkgHoM/oMY95cSwRkTTAmZUYknd8wOcMCSQSTkcfe6DOQfkOz8feMNPH/IQeUrt8sO275D8oGcjnueu3oOM11Fp8YNQ86JL2xSaKNdszrjLsfXrgLnqSMnuuMD0446nJJS5l7qfbXR6bXXq7Lbc4Z4KpGm7q7dvhfZJXV7b91tZOz1PpNMiSH5WWIpufGMkjj1zjPBP5hcEVqWlkL6/s7NQU+1XFvC+cAuJJVAIUHJG08j+ZrxDT/jTopjMd9aywNIRlyNw2L05xkZbOG59fmODXunwR1HS/iB8SvCun2V6syfbIrqeIja4ihYMVcKPlbChSAGGQx5wDXkcS5xTwWS43E86ioUJtX918zjor3Tu+y777s9HhfK1i85wOGULqrXpJpLVQ5oXWr877rd3voz9SvjLqtp8L/wBl7TdBtQY7nxDHZ2EI/jMBiSSfC45ViWXOCST6cH8otsTb4nRYo9odAwDEZUbs8ZBYlQckbc+hxX3d+254ztJtR8JeC7W+t5bTQNNhubqG3lRlt52RViDICCWxjKkD2Hc/nNrOoN58zWzkpNGuWztDnGWCgZA7ghdvH4Y+X8NoSpZDDFVU1WxtWpiJStrKM5aO97O6Wj7Ox9H4lY2nUzx4ShFToYGlDDxjbSMoqPPbfaS5beT6JGskMaxTlmUZJKkYIA3D5CemW5P0POG6YrFZJJwseVC7SEBBIBB3ADsfr2Jz3qp57COIltqOFZlfksy9QMngKNwwOORjrmltrlzNgjCOSN2Mkx5IGCQMkn29hjGT+mU8R7jXvJvdvZu0XpolbV69Pkflk4wnJR5NW7X0+LS1323d9Larrp9H/s++DtO8VePNIsL/AE62utPiUXF3BPbxzQyhRgeYrqRlskn/AGumME195fE34K/Ae48O32p+Kvh14XFpYW7lpbawht58Kg2hWVVIdj0AHfrlQD4f+xlogk/t7xGIQxhVLWAuAWYHklcnqdvOG59jnPpH7TmuypBpPhfznWLUnN1fQq4QmIdQVyD2BGRg8jGDkfmOb4jE5jxDTwtGvONODhGSjJ2WsW27O7dulu97XP1nIsDhMv4ZqYuvh6cp1FKUeeEXe9oparW/S2yuz8q/Ev7OHwo8V6jqeq+HbSfw7bGUi1tEkL7UBOCA2MZViQPQcZ5rxrXP2Tri3uA+g+JAyc4hlITk4JXKltzcfMDjPTgkgfchsbWOZ4LZlEJkAdmB3oVyV54y3AIyRgBQCQM1mzWHl3Eicl2ZWidSWOezEZ6cHg8Y9eg/TMKo0KMIq83aKc+Zt3iorm+zrbz8r6tn5BmmFjWqSk4KMZS5uWK0tpokk1Z9vJb3Pzg1D4K/Enw3POVWS+gh727Fx0HJGQASO3v7DHCapP4m0p5bW9026iEY+fzoWI6cncqseevqO3Q1+oOqWdyVCGUjzHZZmIGMEgnOecDJ5BySSTjIWl8LfC218dauNIltxfwzSoLwwQb5IrReZZA4UkfL3OGAPAHQ9NbHSw8OdTaS1u9VvF9W7WWklbp01PKWQ4bEysqCbk1eVlok469+219Nelj8wrDxGttFE0tpcRxyAK8waSMI2c4RnO09Tt2/d4wQQcd5onxKutPUNa+I7+zVSoiE0xmAC5ABDFdpxt68H7vXk/ox+0H+zt8OdM0nRPB/g+3hNqLc6leXlzCUvI7mQr+5MzIGZN24c8AY7EEfEl1+ynd3l9JFpuoxWZwJArxiSN3bhUDsWDA7sBeVzkYGcjKjnlaUI1YpuLu+ZNWaTV3zXs720f4aWPKzHgvDVKypShBylZRSjCe7tZPXTd6Pb71Y0r47eO7bLJqdrqFq+SIm2RzSgAfL65JznBIGOprpof2kb4BV1Dw/skQhzKrMY24KsxAyBkDgHrg885HlHxC/ZF/aJ8Aab/wkEvhbUb/w+0Mc9vqGn25eOOGUEpLIFwYw68gYUnHPA4+f7K88X6SHjvbPVSEnMFyZ7KU21vJGSdsssi7FUhics2QQc84Fa4LjdxqONLGunOEuTlVT4JJx00eq+96pW2t4OZ+EWGnTvVyunUhKF7ypNX2ejSa023V97Pdfoto37QWiXscCvdNatI481HTIBBPyjJ6cgDHICg/LjB72z+Iul38hkgvYyXOGKzhcAgkEKcbWzgqP4hke9fmAnjW1+0La3FrasfMw72+N65xliQmM54ySuMgcY56+y8Tad5wSKeWCVnUofPO7knasoB4GercjkcZwa+8wXiDj4xgpYuVSKSSvN9la+779dfkj8jzXwPyWtOfssvjSqSk+ZummtOVOOy318/XW/wCnVr401KwdZrO4uGWU5RkumjkQDkKjRsOSTgMoyM8jOK9v8CftQ/FzwfcRf8I14+8R6K8RjKQx6vciIHd8g2uzBxj7y+mevAP5OWPjiez8orrBVY3IKGTegJHJUklcHpkHjv2rs7T4r6jAySyy2txEHyS5UvsHJLHPAIIIByA2OcYavfo+IOIlGMajp1YSfvKpGNRcrtdWkpW7bW0W6PjcX4C4KLc6UZUKsHpOhKdKSfu2acWmrXbv0383/Q14B/4KrftWeB4bdrjxTF4is4iqOl8EuZHVT8wMjMWIPIyM5AyeuK+zfAv/AAWv1e5kh034o/DXRtZtboRpLN5MZkZGJ3MyvEVIAI+XO772Otfyq2Pxttz5YWWByzY+zq20KckbVOAc9ADk9zjPJ9N0f4pvdxRSfZZMuwUNNJhBk4XaxGRjp07D0FN8R8NZhUX17KMBGTsnVpRjRqXvHadFwkm903r2Z59Twt42yynOWWcR5nKnGK5cPXqyxNDW14uniPawcbX063etnc/r4sv2uv8AgnR8a7LyfHfw78PaJq99tjuJn02C1dHfau9J40ViQSDyMnByOuV1j9j3/gn18WrBH8C+N7XQLm6H7pbTUlCwswGzdE5XAHBO47TyMZ6fybR+Ml2+ZL5wlYhSyzZ2twV2leccjBw3Yg13mgfGDxV4bQSaPrt5ZOMj/j4d9zYyBkPxgjpwQAT6E/TYHC5JiUv7L4hzfLeZX5JYp4uhrZNKnieZqKbbXLJW2a0V/wAvzrKOJ8HUqRzrhHh3O3TXL7b6t/Z2KlZRbft8H7O8n1k4vXfbT9/PHX/BIqKSCeb4a/FDw1r6ANJbW99cQRzPvyUG6N2LHdwWzkHkgcmvivx3/wAExP2lvCtpPcp4EOvwQuxE+hzJcfLndkICCeBu4BPQccAfF3hv9tf40+GHikh8V6rOIpEkRUup4yu0gqQwYnaB27AnOAAB96fA/wD4LF+OPCRgtviKuq6xppuoxJKk7tKIVID/AMJLrt5747DNepVyXHwo80MxyrN5WuqeMw8sNVnFqKt7WnNwcn0fLZ777/ETxOGjiYRnkGe8P01aMq2W5hHMMPRenvuhiIRryinbSNS+1tj8+fiF8BPiZ4UuJ7XxH4F17SfsoDy/aNMuVBwSGbzEQoCOd435PJPOceNt4YurdGjurZl2q7JbXEZBZWOATvCk7S3K8n0HK5/qBT/gqT+yv8TNBvrXWrXSZLq5t4o4rHxBptq7SysQPKe4ZC+0njnnBxx39D8JeGf+Cef7RmiWkt1YeCNK16Tat3BaXkGntG2cDy3/AHYPOCRkng8j71eNUoU8PRdbG8NYmlafJN4JQxUFa/7y0VGpZ2aVr2dlfofQYPEY7EV4UMp4xwVX93z045qquXVJSTSVNyq+6pJWb96KfZn8h174SguXliMLRFU3bUA2E4BHlnIz1ztwO+ewHBan4TImZNwLpFliIwGRcNgnkcqWA4wBwelf18eNv+CQf7P/AI4nudT+H3jqXQDMjCzWOSHU7RnYNtCkTbvlORjAwMk9gfgL4o/8EX/jR4dlmn8KeIND8VWrbyiBvst639zK9CSCMLlsE49ccihwtjbUoYyOFqvR0sVSqYeUW0r39qlF2e7UtNFft9Dhc18RMq96pgJ47DuSSxGX1qeNp2vG8rUZzkk7O3NHa+y0P50X8M3ynfHcCUneixuqHaoOMBW5XI5GMc9M4zXnfifQLq2dALO2nURkyLcRqjBupyVypzgEcg4ycEV+s3xG/YV/aE8AXtzDrvwu11rWHKvqNjbPcRsEUtuCwBzggHaccqee9fJPjD4a6no9tdLq+k31k6uyG31KwuIGDcrjzJYgM8sQeAx6jFeZmXBFDF0J1ME6OIlFNr2U41Pno5dH56rVbn2eTeMWY5Xi6FHMZ4jCxUkpwxMZ0pN6J61Ipbv73a9j4mg8MpfCS+bTn8p96eVGcnKLn5VY5bb1yAxCn6Ac82gWkJaC2N9p0oYuJDvVeDnjawGeCOmD+VfUdjpklgEtLyzRIOWilijJZQ78MCpJK9cgjPrnFWb7QNMSVhDDFOrqAVuI1aRd3BYMfmHJZVBGf7wxyfhanBGKhG8qM4tdeT0vql3aVknZ9b2P2PC+NeAlKEVXhUTiublq6vmUXdq60to2tbv5v5h0+HxjY6otzpPiOVvIh2ownwzADmJvXIyMNkYOSRjn7D/Zi/4KE/tOfslXt4vgXU7L+ydTuxJrGj6jbi4sL5kcFZOhEcxwQWHIyBjGRXmWreG9NsEmSzs2hlkCSeZs3mM9XOST8jDt6dyQccXPpVwXWJJLaeFF3tHLGqHd6qT1Zs/xH1HTAHzGdcDyxdKVHEU+em94u70vFW8vu/8AArH6lwn40YLD1aVbD4uph6rfNe6au+Vd3fRdNe/l/RB8O/8Agv8A+Gtfs00j46/BewnlKIlzqWkW0d6hXAV3NvJGqqpBL/Kx2jBAHAr6v+FP7XP/AATu+PGuyCLxFZeCdSvVDW8d1cSaU6zyYJRrfYIMAkhgHVTgdhX8kNxoemqZAwks22AGQcpuPRCACOSTwOcZwvBxDB4UCI82mXqRTIynzfNKurDHzR8q2C3IXccA8DkV+Q554NZZjYctD2+GnZ2lSbsm1G7el3fpeV9eyP33h76Qk6UoqtWw2Lhdc3PJKTi3Ha+isr7q/wCB/dXdfAHwh4oslu/h38QvDHiHT54GlhgupbORnBBATzoHfaMEff2k9Du7fInxX/Z/j0ZZI9b8O3VvMpP+k6an2i2Zc4Mn7oOAuMsSQCo44G01/Lx8OPjv+0d8JXQ+D/iN4htLWDE62MeoTzWUiA5US20khRlB+8ASNvHTg/oh8Hf+Cy/xs8Kzf2d8SPDen+MrIRm3aa4T7KflTaWlGyQPnkg8Y+YY5Ar8jzHwh4wyKt7bJ8wqYihFuUYSk4y5U42VpNxvst7W12Z+vZb4xcH55S9lj6NKnUnFRU5Rg43ajfllC0rpt9NmVf2vvhV4VXStFg011m1G88S2Nq/lhoZYY5JQpMkZ+8EyS2cfNkEYAI7HUf2FNYl8O6ZqfhnXrW5a406B2tJZF8xpZIA+ArHOATxnqe3OC74vft4/s4/tJ6p8FtJj8GWvg2+tfHljP471PIt7f+z3uEE5aRFG6OLcWLMBgc8Ffl/oP0L9m74NfEDwnaa18LfE1v4j0k6VbS2114c1WO7ubaUwKynyUkZ9owBscAkjnAXFfP59xjxjwbhsu+sYLFubdV15+y9pDljKEYuVt1y6tLW197HpZNkPCXFWIx86NSjKDVL2KjU5JJyUW9bq9r72S067n8kPjX4MfE74d6jJaa3oF+IUlYi4jgaWEx9NyOmeMYOT0AOCD14KG5nhkRLhZU2K58qZWR92CcorYKlfvAMeAMkev7pfHb4UfGjwZ4o1GXT4z4p0GNpPL06/sx9rWJAylWEqEEhR2JbPvwfjbXtH+GPiW6az8beDJfCmtAFXuoYWtolkI+ZyAqqQzljyTwARnov2fDnivDH4GnWxmD9q5KKnUwj5qkHpdToytUVt9ObfRdT5fPfDNYfE1KeDr1KDTvCGJjaEl7tuSpFcru7WWzvu3ofBjXqmGMkPGPLJjwGyWY88k85UtnBJweMEZrtNNvQLa3WNz5ksYVgNoIK+pA4HOc4yeuSa931r9mPUtSjOoeBNasNd0+DdKllFIi3IXbkIiDlzj1289sYNeD6j4c13w3dzW2taTeadLbM6xiaF0Xh/mAYgRnoSOefT7xH6flHEmUZrFLCYyDm0nKjN+yqx20dOVmnva0Xboz85x/D2b5XKUcThqns76VqalOlJe6tJq61V+ztbtp5f8YbmN/C+uRPEskgtc7yc4KjGTgcn2AxgD0r339h3xvpunfC74lWBvZbbVLfwxJbWRtgVLi6QeYg7SDDMGUnjccZILD5z+LAd/C2ryGJiGsJCHHfdzyBznI69hk/KOlf9jx3OneIbdbzZDf2ogkUN+8Z1jyqjBBAGOxJHUHPT6Shio4b2k22/3Une62lZbuzSs1vezTaTueTClKq+VK9pJNrpqrOzd09O+je+x9CaZ4h1PT4EMk6TW+6QXFjKo29SAwBJIONrcAjOOAej7jxHo9662+gzBL/ek02nyjbmRcMWhyQVCkEAjOMfLkZqpfWcNu86zOBMqlUJC4ZVPYk43DA5Oe/fIrxLxi8um3v9s2UjwyrGVDxJjEikgt7gnk5GCW7448KVSNWftItwfMnFx02fdddOu3yNqqlSXLJKUXG0orV3srvbd9dXq9ddV+s3wM/aU8MeKdGX4E/tDwwal8NtaAsrW71BA994au3AihvLG6ZS8SxuQQ8bAFQeg3CvF/2kP2WtZ/Z61y21HRr1fFnwq8Tt9o8IeLbACeCO3m/eR2WoSR7kiuIhhdzEbsDnABr4bsfE8us6FaLqRAu2GyC5j+VlcMMNI+SQxIyRk4bcfp+oH7GH7SWg69oV7+y98fNmteCvFT/YNE1a/cTT6Dd3QMdpcQTSszRLHIyOro69McZr7HA51DFYengMwSdSCXscQ9ZttpxjN68133etrabnzvsq+W4v69gryw1XllisNryxSavVpxWkWt56K/XVXPi3w9FPc3dzczCZ4MpERwCRj5Qq8fKfXk44xgCvQ2urbZ5U1tNHIkYRXQck9mcD+EYBJI9eGBwe8+MvwY139nH4par8OtdJuNPnZNX8K64F32+r6Bd/vrK4jmICuyRMquoJIbg9q4ZLu0naVZmV0PEk67UYLzgDHJHr3GMjOABUYqDcXytXerSkmtLe90221tdt7H21GrCtRhVhJSjNJppdGk2n1V3ZrX12OXaeMTuBeM7mb5gy5+RcEjdggqucg4B5wwB+70CXFvcQxiCUGYKI1CxjHpnP/Ac9STnkg4xKNI0m4dpoDKrovz5b/WDrmMsdxGE544PHOOWwafbQ+YkZkLZZkAwCpA5YkYIGRjOQfTtXNVjf3ebbW6Xu6JNNdLX1fe2itvEr2s32d7vytZ31v/w2j05XxFbtahbmbfJ8xEqhCTwOMEZwPQjA7DjJPAXCG7ljkWRSWdmSIoeB0AYjqcZ3D292x7be2rxWZLMZBIpMpdRIoAHyg56Bh7dBnnFcDcxI9ykSQRRKGDK4APLdTzkBV5OTnGRjPSudQ1SS5NYO606RXotdLyb1it27rKME5Xmr3at1d9Ot1pdWWi813wLO2leQRssaiNgJAnylxuwwUd1PHAxjqucgV0/kRwb0ztjYEJG6ruOBu5+797OBk/KOhyMUqWNzEdwhjk2n75IAcNzgjHY9CvT8Aagv42hUO0bO6bnbJJRgq54IJPGcAAjd36YFzitld2tbs1dX1jfRp6aNN3+LY6HyxSSs1ola9naytppZL5XMe3s0ury6cRBER13kMBuAwSODkHLE5HYjIBrYNvZRShkumjmwoUMPlAOMDK4wOO/8sYwdNvWja6kYIkbfOQ+SHy2QoyMHpgsWyTkk9TVyW9tpYxPKc8hnBOxUThuo4AHTnqMeua3p0201FaK1kmkk1yq23a7vbvbsJSh0tdu6vbXZP7r62va1+xY1jUodCtLvUJr6I29tA0kkYwI2baSVz0bOfujjr1zx8t+FNIvfjL8RH1rUS6eGtDn86OJtyxzhGACpu4O4g+uM8da3/Fk+qeP9cbw1oFzJDpUc6R302T5ajdhkZsfMOSMkk9V65z9QeFPBOleHNAtNOt0h4twk0lvKqySyKpG+QhhgMRxyc49hjaK3Vk0rapdeZW0Sbslr3trurrojD2jWq0s73dm7pLo20lprF6XvurJf32mRiO3ieW2gtESKOILlGQDb26ADgEEjpxziiG4VYWkttTW2ikRtoLBiu3H3kPOd2VAAxg5OAMjM1Ozt8G3tbt1ZFGRIgJXknaZCchSeW9M5ySK5i4hls4Qs6HHmkNLESzkZ7qCeMe44yualRlq2na12+i2vqm1tve21tFobLnabu7Oz000XK3Zpuza0S5UrLaLdjq7TxHfpNNBK0d0FUYMqFf3eM5RiuTuI6YGM4G4GrC6hZXSyG+t0lMgIygAmRCdoBXvtHAHOepy1cQshLE29zGXjG794xJVFx8jZAySOMc4z1XvUl1aYOd0URY5LvEQDjONqjjJC+/OODmphF8qtHRaJWdto6yevyWuivZaIunCKjea17yjt8L+JXV1bTmTtqkdBKun28rNazNbbWYKso3MQSTu6npyCpPHOeescGq6pYnz47tGRgxRTL8o2licxnACsBjHHXP8ACQcGS582PHmbQ5yvmAeYGwRkk5bGTxnqMEnOawpo7wCSGNlZjGxY7mzg5wV54O3jGST0OTmiMLu2u+232o+t09L6NLrdI5pWjLTRactmk/su9lfTaz2T17o6DU/Gl9PIYZJVbzNu54x8p4A8tmDZ+UDaw9cnsCcNrqCaYCOUBpFXKP8APl8jklscbjnHfsxGM4tpa+ZI0U8ZOxS+9GOGkBAQEsOwzuA7gs3FXmgtncA7o5wygrgBGABADHqpBAJzzgZ9zm7prl0b3VnfaKbTvpf9EraoKa9pNN3vdS10ve3W/Xm+69tTrbH7VDPxcIhKqoRW/d4I+YhMAZ+8eOQR7c9CsLTkol5LAQuCXdkDAkKdpBHpwMEEnGQa5OFrm2RfmEzqdu1sMFGPlCkkFgAMcnk445xWlG0xJW5WRAAXDKTtXg4HGACTgZ9CFAOKSavrrpF2ve6tFWTt30fZ6vdHpqShHlbbWlrPVu0NE7W+y9NLt3suZsw/EGj3kMjyi7xtIxiTeXCgn7w/iccbTjD5yOOKOhX17DO0U+ZS7ZUBdrRgEFWJHULjIPHB9a1NXldmKyMywuoOzHO7kqSMkkHn1J6H1GfoK3Uly7uVEKq4MpwGC8bQGKj5sEAgnJ56YzSlyR30TbaSS1drK116JXtpv1OdRcqkldtST5UlZWVtez3WrV2r63SPSbjV7i2VJftVz5saKAokLREMB054AAHT1yM9oX+ImsWaKszQ3CKuWLJkshxlc45b1PrnrzWBMY7tMJMBCFIYqCAxUYAIByMc84GD0K5YDlLy3vORD+/RBx5edrAnkEEHIB4A9wTzwPmcbUjztaNp3732b7+W33aq/wAVxJV9jPmjFXvfbe9nZ213d110e57Bpni3RtXG66tZrMPxviJ2Bl/u9QSSTknOM/L1rag8O6ZrE0o0rVDG8in93LtBAIBY7mxjGV5IPX7vOK8g0yYRxeXdQsCSGCRgAgKRjoCOOSSMtzzmu4tGbMcltcLEGQFgeH3DHzZ43EHPJ44PI6jmp1oq0brRp331sustVq93ZW31PKyqvPESjFwum1eyfkna/Te9ns1YyvGngDX1gWLct3BGyMjIFc71JxuB6AcAnoB3xtrn7P7bZxw2t3BIJEA3DaY1AA4HHyEjAO4MevI4rpta17X4GUJPIwRQGaRiUdSccKPlyBjnaTgkdMisRvFd1OyRT28VxkESPswSpwQRxnKnpnOTjnAxX0eBqN04x5m42Vk2+6S1aaSt0fXVvU/UcBhoQwy5VZyS0sne3LZWd/vezv1uSf2jcM6wxOu4jcvzDKquQVBPJOMZPBB5HTNWrYCBknLlpnBYoxJ2yHPQsMHJwc4HQdOQc+G/0q4ZPNjeGQnarKu0cHHPIGc9CSM47459O0fw9ZaokLtOiyGNDEAdyFMkHcMAhhhemP73Oa9WL5anLqlbmi27pfDrbXbe1ne6WtkZqkvaqLb0eik7pL3Xor33WiW7d9FY6DQdSkcQy3AZmiVMN8gj256n5mVjk8sMnA7dB6taa1b/AGVpXjgneIbI9qoWyxLYxjLHHB4PPFeR3HhLWbOWOG0Z7qEpuZYd20BiCCcDA2g8nGeuPmVc+4+CvhXr+v6PqWq2dnKIdIsJ768llwkYMEDN8vIDMCowuRv7EAk1zVsRGk5NyaUU5NuTskrLS9733v6aI9SnT5FdxulFK+ivypb99dN07rQ/Pn9sT4rXl42k/C3w75sV7qjRT6qLfzDKtuSAsLJHkqpYEsMAEEDAXFeR/DXRtY02Sxs7RmjgSaNn2khjOijcWAwVOQ3BAIJGDziv09/YT/ZD0r4nfEH4t/Hb42bXs/D2lanL4f0q5b5Ggg86Nrtt+4BFiRTG2ANw3cDlflv7LoepfFi+03wggg0+58T3MdjGQGT7Kt28f3iBuBHBOAASVPWvhcwzeOYVq9CnFyhRikm2nF2eyS82rvq3vc+Xx0pqrKty6K6STvazilFxfm7K9tOySPR/EHwU8Vax+z9rvxAn013Gj6os8UkocTzxMm0mJCBujy2PlDHcOqZOPmX9nz4UXfxY+JnhLwc5a1tNS1aFtWuJV8tbe0WRHuoxJIyoHMe5QCwAOORnNfu/8cvF/hn4d/sy6ZoN5p0NxqE+lWtpFAFUJLM4DGWSMht5DEMGKnacHjv+Gt9rWqeHda07QfBF9dW2vareNrF7f2TNG2nRz8tCJEyyL5ZO4EgZ5B5Ir5+hQq4rC11SiqcrVIuaXwu0bTXRtadHZqzvc7ckxj+s0p4iLqQjVpqMWndtuMmpffZpX2e9z6x/a98R2Ka/F8CfhtC9l8OvAEcFmZrdwja5rQAS4e7MPyy7H3EKTg461wvwn+H97Ld2b3aOTDEGkVVztj6hIx0UHGAfvZ4ztPOpomhaNql5p6X2oLNe6iqyXEt1KHuLm/RR50zSOQzI77iDyCSOSOF+tPD0fhzwH4UvtSu7yKNSkomvZgp8sQKSxXI5VVBAKn19ST48IUcFSjSivay5uaVSVk5NtS5m2780nJdt7bKy/VJqeOqqtO0KaiuWN17kI8lkl0veKWl9X01PNPiFeaZ8NvBuseLfEFxFaW8NhLHaQHaJWlaMeRAGLbjNISMbckfNkZyG/KKyi1P4gapL4u1WJxdXVzP/AGVYOCYbOy3ELM4IGGcEEsQTu+ten/GX4t3vx98cz6faTXA+HvhmUxW0CyEJqt9CSi3DBflcsRlEyQFOf4RWppMVjYWiWkJ2yPDi4Makm3jRT8oGMIwChQB8xJ4BBNexl1Cti61DDUISnXrSjCMYq7bnyrlSitL6LqtUfP5lmFHCU69apUjSw+HhKVScpJQsoxcm7tK1ot3089FrzGlaI8d9BpcUBlQlWuDHukmmmd8RQQBcl5HYhERASc5r+lb9gX9iXwL8CPh4n7Z/7X1vbaZpej2P9p/DvwHq8aI8gSPzLK/vrSYDzbqdghghdCcHewAxnyr/AIJmfsJ+GvsT/ti/tN2lvofwr8IW76r4N0DWgLeLWJbEGZNb1KKcKskIKg2sbK3nMVKkjBr4H/4Ksf8ABULWv2kfG9z4I+H97LpPww8NSzaV4d0qxYwWdxDakQDUbiGMqpZ1TECn7qggA4Nf0rlGV4ThTKmsRUVLEeyUsyxcHadFTjFrL8JLf6zUvavVVnRi2l72q/jDjnjbMfEHOqeQcOQliKcqyp4Sm+b2MlCajPMcYlp9Voyu6FNu+IqR6wTvi/8ABSr/AIKZ+Pv2qvG2oeGdCvpNJ8DaLczWPh/w9ZO0Wn2FmjMkc9xHARFJeNGAdhVhHyBkCvy78IrPJL5krtJcSSK89xMzeZI38Y3HkkE9ByAfXNeX6XI8073O/wA+SRhLNKXdmklc8sxbLHBJJzxgEZBPPtfhuN/KhKRYUK7SfKTjOc46FehGCMDoCBgn8r4k4jqZvXVOnFYfBUVyYfC02/Zwgmt0mk5y3lJtuT1eu/7z4c+H2B4QwKcv9rzPE8tXH5hWSlXxFVqF3e14UoP3KdKLUYxSSsx/xY1JdF+HHim5gdXMOkXqNn+EumB8w7843AEZyOOo/ArVdSa5ke3Zt32qVm3kYJZpWOGYc4Hbow6qQcEfuP8AtG7rX4ReJHt3KRtpsgmxgOdy8EkDnryemewB5/BW53CdHJGCSwLZO05JBHB5B6d/Qj7teDQklG+1rJu7vZ2ektGtFZ2vra9le/22dSSnShpZRsrWe/Jp6rZ6fFqlZpHXaTdJ4c1ewvpLaG/gt33NFId/mkYIXYcrwSSrcHsGqhr2uz6zqt9qSwxWrPKZFghjCKsZPDbV4yFBBI524JJPNZS3FwyZZCEjIYylCrD5uVAwRtIAwpOCeSDyK1D5MlooSPZcyAshbqxHViQc4PTBPPCknirbhJ82jbdrLtZNctnbT0v3szwdLWtqtb7u2m+3lrbe2xiz3M0pjmmJZz80eMgBvcbencbenPI5FVJEO9JGwHc/PuPQ7uCB0GCAevIB5qeaUgxKXLjJDlRxnJyBxjAPfP5ZNUJ5W81i5LDllB+4CuMEAfKOwByMEDjFbLs7W9OmnXX8u9la907vZ22/4P8AXy8zSTmJdrhjGC5YncuSxJ+U9Tjt2GBjHFIwjmV8IrbhjJwuGORleMY6bsEZxnjFZ/nkQqu3Yhc7j/F0yTjOSOQPcEd85mEq+XEGRflYMNpIYLk+nI4GenLAckAVnKMm24ytft20t3Wq66fc2gV7a/8AD/n+ZTmtliyrH5lPIAJyG6AHqR0ySBjHfIJgMakL5Sk7cM6k8LgnHy/TntkcZxWuJUMhbyhIm3Cjau7DYyWwDu/2e64xkgkl/wBlSSRzGVXcnyquM4I5DYwCw64YklcADJNUpWVpbvTXXVOPm7bav1uD1XZW16aP8nqt/QyI1aQsRuYgEhc4Bz0AHPfgAfpXRWct1Ywwk2jJG7Aq5B3Bs4JU4OcY7g8jpkcM0/Tbid12hUMDb933RtXnB4yzAcYx1z2zjuBZTXdpsncqjqUDCID5+RhcAbV2jDHcQeRjBBrjxFaKag7OLfvWaT2Vt73ffZq17dDKc4xcVvZ67dbd7vW+9mr6voVbDWFBW2kufnDboSUwS5DAHcOQVbkknhcY28gX7gN5puRe7JYmV3AkLBwNuSuCMe4J5bJPOTXnd7ZS6bclZTIpBfaxbO8DOGHPbg/Kcdx221zqd8pjBnPl4JVWAIKj1+hHUnJ7+o53g1L36bi4tXeid1pZWs3vZaq1/WxSjFWtay05b9NGmtLp2T7/ADT09MufEN/DIDsIibascqllkYkBQ2FBGSvGTj3IHJ3NN8b6rYtB5U9xKU3b4ZZW2gbgTkE8Kc5X3PBx18mg1ed5WRnMkePlVlzhjnDDj5RzgEDgA8dcaSxXnmebnbuVMyZyQMZBK5Py4xk5Az1xjNTLCpRjGVON3ouVK1rJ6ddP010vfWSWlm73320utU7X0W6t+aPp3Qfivf3dzBBfAlshDgswFucrsIKjBAJJbk8t1612l3HY60wXSX8yUh5Ckrt82R93BIySTxjJOT3ya+RdJ1m4t7tHZlfbiJiEBcDOCcAAdNxGD8v5E/R/ha4ikRZ7S4WNlVWQllMwckbgVzypOc4yF5B9KybnhGuVtxdrpyvypWa1va35NK25lez69ndXvok9nrey+bWtmyxc6fdWyeVMrRyqS2SQMAbgA3uB6exPrWKtyyNlZVfauWBIJDbsHrnjGOMAfma9f12yi1PSYLi3ljluIYys2AC7EL8wOeW5HynJ+YAdea8NuojAznGdjZYMx3EE8gpg8k85ABO0ZwQAPcwddYiCaetldN26K3o9ei1uRLTX5tJtvp2Tvo91rvvqy1cTKcsJCS+MLn3OSeeRnucD17gq7hSWcEMFVS0ZBUKeflPYjqepHOecisXJZQQ5BwQEJAwoI6YOCMc5xgHg9fltLIZcKXAQAdcAknpljxkZOSeATnPWvQSsklt6/dbTb7vQzvdJtbppPo0+VWtfWz0dtV2V0acNw8ZRlkwRkA7m4VgCCAOvQg4BIOea7DTPECEGGdsMflDhMrlWJG0jkDv23YwehI4SGJpUKqFEgOcg4yq9f0POQcjqc8m9HEWJjR+GUMSCFCFeqlhtyT15J5GOR16aVSMZRv8ACtOnVq7UnsrLbyWj2U8vupW10e99kl11tfbou6R7TYXv2mJWWRSA3zMpwzMuAu5SQCB2zxzyB0rqbS6QyxYyHCEMGIUHBIyBnjPQDjgAY548Ms7ue0O6OQ4HDgtuGe7rnnOQeOM8Hg9Ou0/Xt21JmTeCB52TuPPy7s9OTwQBycEEkg+jTrQaV5b6JaWt7rvfdPe/6mFSNmkkm1rdWtq0nZ23s72W+ny9mgn8tA8W8ZPKy8qTnBKgZPToSBxnn17DTr9kDRyBXhkXmM4ZWTn5SWGAwJ569T2xnzDT7wSKrxzbyoQs3BUoxILYyeRtHJ6DBGeK2ItQGVjdhgA7pFBGeTgNzxz9evbqfQp8sleDtyuL1aTV+V6J3vey1snt3d/PqUm9Jqyvsk3a1rd7bWte6t21NLxD8P8ATdWjkudKVILnJkMTbcEtyxA4wA3yrg7lBx04Hgus+EtU01bhpLaZkDn76EqjLkkhlyRkgY57ZB719HWmrBQN58llj2h8ffBJwCDgDOBjPHpgmtxbAalGsyyQ3Hmja8cigjJGN2zGQVBxkgZI6lSauUISTS1d1ZrePwadFfdy0XktWyFJ00ktYKyad09FFJO1722a7aHw+YZVfbM7KWBUZOBgggBvUjAAzgMD7hTTkL5WMOFfJDfNtwc7ue5yOVyeTzx8tfV3jP4VxeS1zbW7WsjRCTzAjPExJJ2gAZHIA6A5HpyPnLXvDGpaRIxkg+0KrgrOAQq5BzkDA6lRyBznnnjJ05J35Xy3u0k1bSLstF2d7p91rY2p1lJct7SVt9GmktOzTvu9b7+XLO5A38sQNjBgdwYHBK59R024PqSMV3PhnxLpOmrHaa9o0Go6e7gGRVC3KEkKWDKDnB77gAAQT1A89kZ43OcKytwhAx2yVPJPzcHJwcHtip0Zhlsbi68o/AGeAVAGMgd8fUcZO1KdpJP7T0T76NvZ+9e1tGo3u92a8zdlyqVmtX1tZu17a2u1qn1tofW2lfD34a+M4LdtG1WbRbq4GVExD26l+SpckBcZJwcdSBniusT9kHxTeCM6bq2nahZzICLm2ZZCisflLBfmGBtY4U8HjOSa+SfDnjG58NzxhSZdPJBnhLDzFJG1nU/eXbjsQGGDjOcfd3wp+MF3pkFtc6TdszKyOY3kEiFSBmOVGOFcAnsOBkeldGGx1ChiY/X6XtKLavOGjivdVm3Zb6rVaeZNXDVZwk8LVUKunxRut46XttvfdK3S5No/7AuuavFk+KbLz9mGtmCqxOCdoBx82e5XA9B1q3D+xHrvhV5Lm903UHa3/fW1/aBpFXYQwYbCcBsBgfcYzliPvHwR8WPCXjO2trbV0Xw74hO0LfwtsilckfvJQp2kORjBJw3fBFfRem+JfFXhmKJ9VsLfxToTrhNQsgJXS2I6yqMknGDhhjkDnGa/UMBkPCueYa0XGoprlcXO84u0VZxk3bR6K1t9L3v4KzXiDJ8XSxMZyp1KM4zpzheMlKDjKMoTS+JaNNNNNdWfHXwz+IXxM8E6NZ6VAW1S00392LO6z9rECDDxsHy/TIxhjn+IHmvsnwV4s+E/xf0ptF8X+H5be7RGbVLHUIgkMoZWV2tfMXaXz8wIP3smtV/BPw1+JcD3Oi3Nto+uOpf/AEfbDdLO2crNAcBgD94jJPIBPJrh7jwp4l+G91JNq+hR+KdG/wBUL+ziEV1Gi7tzbkG/cFyTnCnpknr+Z559HzhSrjXmWFw1bDV+fndXAzdFt8yfNJRuk3bWSs2779P6e4X+mh4x5Xk0uHcRnzzTLpUPq6w2cQji4qi4Rh7NSqO7ioq1m9N7Hxd+1L+yZofhu4ufFXwmsrvUvDkqiSbT1g8x7M53HYUGQqdMAfUEEtX5xXVtNp9xcCe0a3eNirhlKSx4YBg64DjDAjkgZzwetf0g+C/GfgvUbJre0d3LxtFdaLqJXerHI2osow20MeO/tn5vKvi/+xZ4D+K+kS6p4QWz0LxNdBpFWIJGJ5GBbbKgIAB4ywGQPaveocJxweFpUcNXniJ0Kaio4iXNUmly7ysnfrdxd+tj+deIc2q51meLzSrSp4epi6s69SlhoclGM5yTbhBawjdtqMb8u6toj8FUkstUSS2vLeC5QqEXzEAYDBGMlT83Bzz8ueBya8/174e2d1GZtIeOORldTblgykjcMIc9yTwM5z3O0V9V/GX9nP4h/BXUTaeIdEult0Z1j1GOKR7CVSdodJwhUbwc5LA9D16eD2zvFMUkizskYht3zgOQCMkDknHv65xk+LWwrjJ06tN05Xs09rrl2e1rXtq/U8ujj6+F5WpOcW0+WTdpL3dr3ttpdp9WfL2o6TdWTvbXNtLHJGxGSmM8tuZD0JOATnP0IFYgjkQyEB8RgBdwOD9VbqeOCD+J5x9i3+h6XrKSwXMKsBGQk5+/HkeoyxGCDjtjp6eF+LPh3qekF7m1El9ZOGZXt1YvGq7iDIuOw4Oe4I9a4K1LlUtrL4X9rRpdN7a/1ofTYPNKGIjGLtCq0tHfXbq7czsrL9DyxZ1Mn3SMnDk5zluoAHTJz2POcDGcyPGAFRUBIf5c4OVOQMnGdwOOQegxnuGPBIgUeU6kOfmJIPHDcAo4I/Ag4GOopVlMMrAAyRkAk85XHJ9RwxJ69cctnJ43U5Er2te17S1Vlre2jW3VeSWq9qlKFTlTSWy6NN+7Z6rXfp22e5JtCM6lSGYgHkYJx/CBwD0J44GDxg5A67VGxgytjkA7iePlLE5HJ45wOM9TVobJgXAbO1WVRhQep4B6nHH3sevYiNrYyMDneRtLMflXnHzA5wDn8R6AEGp92Wrbd7aq3Wzt006brSx6cYpRXXRJ+V/ws+ytro1dK9qMjbubcrqSWIAC54CgjOQMgfKfXt1q7bOyMs0JkicnMcsT7JUdcbWUgqVO7njHPPY1Qji3FlZlb5gyjHBK5GSepPY//W5nWM4QRkeYuMqGOwjOcjHTnkjIJ7ELjGc6cLfCm9Hr73TVdbu7773d7G9Ko1a+ltWk9Uk9kru7skrvdPVbX+pPhN+1D8UvhY6WkOrP4h0IOgm0TWHNzCYtwLqrShgm5CwAAGAeua+t7O4/ZI/anjeDxDaQfCb4i3kZAvY8W9hcXhHGcqI3Lykn5yNoOD1DH8rTJJ5m2dmKryjJjJY4B+7jPBGc5A49K1YLl1mViSrJ80Uu/ZKJB0O5SGBBHHOOPYV5lfC31p80Z3V2m02rppPZaab76630O+E4VvdqJST0fMr6aWSd9Fpo2nr80fW/xR/Y2+M3wh26/wCEJZPGXhiRvMt9W8PH7Qv2cHchuIYWYEBRlgowxJPABz88ahr+maxENF+IPhxTc28hR7t4TBexEZDGRWUMu3k4xglfz97+D37XXxU+E0sFra6y3iHQcqs+hau7XdsIFOGSITbgpdQRuA7HOCc19mHxj+yF+1Zbm28ZaLafCzx7dxLEmpQhLe2lvGDYdnTYpDPj5XAGAMHgEY0q9fD2jXiqkHu4p3tpf3b3Su3dp97dzlr5fRlGUqD5XdJp3s2+XazutGuu+ltD8d9c+C1jqEdze+B9Xhu4GX7SNNncCeMDB2pkjLg8AHG7jrgE+Q6ha6/4flaw1WxurKLCM8NxDtE6oVBCuQUAK8qAeenJIz+qnxP/AGGfij8OYpPE/gO+g8eeFyrSRX2gSLNcLAPnUyQwM5GE6nkk9q+WX8QQvINB8e6EblYA1s6ajbfZ7y1JJUkFwshZPmG4gMTg+prV0MLiX+7fK2r2u7Xdl9+vZXPFqYarSnrGSs0rrZrTW9ne6vpZNXeh8zLP4fv7iGKO3a0klhSJZZiPIWQjByCSC+SAcYJHJwQaTVtHfQ447hLuC8EvybI238twpGeeR7gqQCOBz7H4i+COlauZLrwLrVuQmZl0u5cbkydzLHKWBZiw+UDA9P7w8W1vw3r/AIVnNnremXUShA6yTbjGMjIdJCNvJBPTkjp3rzcTlU6Mrq8o2TvurWi7NaNNa9bXehnKpZKLW1ve2fTR6J62633OLur2/t5clzGyfNGGLHALZAB5PIJySeTnaM5NdrY3Vre6fH52Y7xWVm+XaZd2QGUjjOehJ6HoM8ZkdxFf2yC5tY3SOQLNcKu1kjUgbvT5d2AQBjHYDFd/pPg7T9Xsbk6DfQyzpbNcyrcNsmgSI/dQnBJI2/LgZ5PSuX6s+W3s2n1aWqs10e9u6vtvqdmCk3UXI9LRbi73suX5pLun0V/KpFcQKVWSMxyqAE3McszDdyVzyeDz6HOAef0t/Z8+FOleOPhhbTS2775LqcGQkrIrAnDIeCy5J4GO4HJwPz1sfAkcukLPc6qj65MHmtrNT5imCLC5LAYJAIbGM9RngrX64fsolrH4T6TDLcLHIl5IN7YRpfmG87TjgDocnIAx61/ZH0Qcjw9fjLMJ5hQp4jDSyTEKNGtGMo1JzlSjazbs4q7Ssr67M/qz6OWEpZhxXOhiqSq0p5fXbi7WTTgvNJpNfje7Z5B4j/Zp1rTZvO0qZplbLKDG2cHJxnDbSo45GfUgZz5dc/Dbxbo09wZ9PnjWeGWISPvEcbAYLAg9RnJGAQCOhr9bI9XsoGQTmKXGDgopLkjaTleSSCQRk9fULjL8ZjwwmirczWNvLFLe2xmQIrOUDqZAOAcsBggEHGBjGMf1Bx74a8J4VYjNqGFnl8qCddqjJezU0rO0W/dunZ2st+qsf39l3htlmYxUcLUrYSbalFxqNwTnaOsb/E27PRX6q6TPmX4LeB/GGn+A7O+vNMvo7BppYku3gkUvJltrRhlDeQR8wdQQwAGc16LHC0biOaFt67t0h4YnOCGPfnnnnqOnFe2fEf8AaQ03TH8OR2y2Fh4Z8NWFpanR/s0KPeRmLaTKihQ5UkkNjkjOTkEfPlv8RPDXjKS5v9EuY5ILm4lcWaMiSQ5YlgUDZ2gAgEBcAd8An8XxNbLaMMLSoYmm6jpJqjOonV5YxilKUWuZO7tq3572X8kfSK8OMHwDmuHkszp4nE4ulz18M5RlVouKivftrd3vd2e6stDXkAkYGOMPjOc4BXBA6nj6EjGc46mqZt1ZHVUGMFyWHQ44U5PA6noQSTwQKdDeqSojUDczYbDFgd2dp44UZJBz2GenyySTmVXQcuTg5G3IAAIyCeoOQckfxZzxXlVJRqL3Um2lor31st7XVvX1sj+SsTKNVNx0XLq9uqtpp06rld1JFJLYuGYghhtAAxt2g46HqV44JwxJ55Aqu67HZlCOqHBYDhsAjJIxzng89yc5wKk86T5+FVVzvIHPy4ABOByDn5snAwDnjMSRvscRhQzEkrwVIAxgZ69MFuw2ng5z5NehBvSKT1aaTunZfJ7d1p1uj5uvSpy6J+S9FazfV3bVnotralS6AZWLsQUOV25wEJ4GOuTnt2OMYastonIYtuKMQwIwSo7Ddk8YAGAOMcdS1bMkfzJGz/Iw+dsAuGbJ5JGCAcc7iMfXijJbSxhvLKsSzbQOSy44C5OAemf8MkeJiaF7+643WrTve7i1s1ql2VrW21R4mJwq5uZKzaVr6fy2Td+nf77a2yHg3JKznGAOAAcLk8YYhi3IIx8wx90cEZLW+2Ro1wFJ4JzlBtGPmwBu/Ad85ORXWfZWaNcnCSNg56qxPIUdRyTxj39Qcea3aJnBBxkMCp3Ap/tHBA6EDcR9c8Dx5U+V6tu7TTba1uk7uzs9F6p7dT5zE0lDVppL4vLZu9tXs3a1red2Ys2nCZdpYiRRlSGJRl+UkZXPXAGBx14B6VY7FyJin3UAVlIIGRxgHBOTglSM+vbjoIygZiYyFDrgAHIB5JJJyRngNyOMdRUzCXLmN08xxtZWz0ByjkHqfbbxjvxXBWppt8qV2/iWy1V0r66LtrbR9b8sacXyyk3rFKyd0r2V2tr2vfbWzvZu3Y+Afij4v+HsM1vo8sU9m8bBLa7VpBbu5ALRkg7cg4wOoPrmrmtfHHxtqCyx3EdukNwAXVRh1JXAYMDwoz1xkbQvqa4MSlAFkyGkBRlwoBYY6EdvqCQM++atwRKixBN4wFYt/CGwVUkY4HPfGRnByAM6dKnGTlKmk7XbspXtZOST9EpX+TfXy8Vw/ldarLEOhTdZvmc3f3rJXbs3t1Wt1vvd1L27vtVlN1dTtLNIOA8jMpQ54AHYe+enHByas1uGj3KpVljI2t8ytyA4AA9uOOOc/ezWpFAI9hjiwIyw5GGUHrtyCCpOMZxxjqM4sLGC7FiA4JCAY2knklhjA53ZHGP7wBp1IwkrKKSsk9NtttraWdnd9FqelhJLDxjCmrJL3Vb3UtI91rdJbtPRb3iY9ms0ADK2xRhwBk8c5BBOM+i9K62xure9RgEBaNQSrZyD6ryMjjDDPpz03Yc0THGBtAz5oQgHaWBz9Dwfw6DrVaNhFcxmOQCRG6qTliOisO/oRnGMcjk14mLwPPZwtF7a7JaXtdqz00WivtsfQ4LMY3jTqaNNRbu3vZ6O179um/XbqmiVlLtCVCjdGU67M8g9j6Y6jjnirVlcI8sUcnIYhQcg+WmMEMcc7j15OOOmN1Zv2me4tDIuVZQWkULg4J6qqnHIyTnAOPzrRSMQPlCkBdhUEAk8HPoO5XsQD1rwKmHbbjK+l7ro37um/Va2a0v11b+ipVn7sot2dndXSS9x97LpdO33XR1qyiKYRxkNuaRVZzkBTjhmxywzwe3UEYq7FM9q0bxlWZWEckbklcknDKQQMccAkgjHGSCObtJyQyOMhVy2Bkg9yT1wf0xwK11lWYENgN5ayCPG4FhwCWIOGPGRnIxjkZz4dbCpxdop+9bZ35lytettby2Wml0evhcSldtptK7tZq+lm/PrqtH3e3Wxz2U8TeXHmVVImQ4KhmBDMM4KjnoBjA6HnGe9tApA2NunUoUGOmOCp54xgAjpzwTzXMTXc8U+/YEACrIFJAdMHlSMdOTzkDjqOvQwyR3tqrCYNJHHmEEYZSxI5fg5UjJBzkZ6858x4Zxbb20T6J2tprrdJd9X01O2FdySXe19ltyp3k7vtba6i+jRWgAtZ2iUGQpnO89VU5AB5DOMHqchhzVyU7A0/wAzRToS6lcmM8/d5wQenOOuRjGazZkZFiUg+YHZXBOeufmDY+hPPQjlgSBLHNdWk7ggS27ICFK790Y4ZQxHB+ZtrAgjpxxWFSnZWV29Pv000XTR31WuqWre8KnK2rttb+umi9F11u27K71D8rGVIQyMhCOCS5Qc4JAyDknHJxnoO0cm2XbDPumkePEUuSzR5Y4UsRgIQcHJUrkjqcteU7TJPbkRwMgLRMoPlkjJUKTkE5YZ9MdQcVTIZyqBfkfHllSVYNzkPkAYPOMjBPIHFZwg01fRNbuK01jZX1td3vvpd9bqnUU462st012atbTvvrbV33MB4pY2a3fGIiZDEM7lyM7gSByfTI6gnBODlSeXcyMpjaNGIZNr4LHo3AxyBg54JGDweB0OpmZWC7BjJSWRSTIMqAcNhsjA3ZPQ4yOK52e0fzSqySrAeYWVjvV1BJVhwQPUjOee/J9SkkoKy1kr+e6Tt+F1s1e10ePXUVNv+V7K700Uuuu+mrdn12dS7tyuMbmAdWiYksUbgHzB83UdTwcgjgjdVqGHz1kebKKmRlDgrIo3btvJCkADJBBzjucVojLDJIrsy7kbc7rlHwCUYsTx97BB7YAP3jVi0u4c7SSZFYFwgbZJtOFX0GR1OAB69K6HShK3Mr9Vd+npZ730dr/ZOGU3Ho9Hom+7itLrtp5XtdWsJFcTW4WaLc8EwEbnLZUkgBiozgjqTgdQxYHOdC7Auo1tb+JHt5l2iQgSY3AbZOfutggEsf8AGpYoI5Y/OgZbd2YieBgCpUNyQCTzxncDjJOFPBN+O0Rf3jH7RayKUQ5BZGx1Cn7oB4PPfsSK0w1etgasZ05XipXcW+zjo9HfTTXVPRvcwxeCoYyEoVYRbaaTsk46R2fvOz3ez163ueci01jwleC8sZ5bzRy2JYRllRCxLFMAgce3B655rsi9tqwsvEXhLULjTNe06dLy3ubSY217aXMGCkiyxFX3B1GMnBPHHIqcXsmiuUlgS80uYETI/wAwQN97A5A2jjqScdqydU0QWAXxH4Ql3205DXNpESxVRkyDZkMRxtORnIBUfKa9XH08HxDhp0K0I87ioyi4pp3SSeuj0um7Pt5HxFXD4zJMT7Si5cil7so6Wbs9WtnZ/FpfzP1c+CHxz+Hn7Y/hCz/Z8/ae1Cz8PfFPT4FtPhr8WJSsF/NfRIEtLW+vHCt5jOFDBn2sCQCTgD4t/aG8G/EH9n/xnN8JvjPYpbXsTNL4N8dW8Rey8TabIxNvL9qwYZS0Z+cByQT3GCfnFZIPEkMGpWVw9h4hsZFmhlif7PNbTQ8pIjJho3WRdyMBu3BRnPI/UP4QfF3wT+2x8JU/ZS/aWltoviLoNrJF8KPideMo1RL6NCLOznvH2s/zKqMrSEMpJHQA/wA651lWO4AzCeOw1OpXyKtVTxmGjzOWDU5LmxFFK9qST/eweiV2npZ/qeW4rA8cYCGX45U6ea04Ww2Idk8Q0lanN6e/2b3aV73svzLe9/fLb3uIZShCXIwYLhCB5bKynaSSQSu4+mRxtZcQymL7oBLH5wAQp5IbgncGwOgzgjPGQuD400rxD+z58RNa+C/xk0m7ePSLqaGy1MRODNZbyLTVLGc8z28sZWTAY7VyDyc0kWrCz33mjXset6JPkISQZ4Y12/fRiDhSTz69gRX6HluPw+Y4WjisJONWhWhGcakNYyjaLTTitG73ae+t2fl2dcM4nLK9em4uE6U3GVOSd04tJ2vpdX07rVbiXByuZE3OckyBcMCp4zgYyenOT9KqtGNoKBgxYnB4xn+MHJwTg54HBGOtdHBdaZqSNNC2XYfNENokQYIOU4OA3G4A9+pJrPktWhG52A2thRghShzjIzkHpn0xx8orvunbRq+uqu7q2y0tZLvZ77Wb+XcqtG8HdNWeqejbW976uy01tfdNJGPKPLJkDbwVKsCCck4+bPPzHBHHB65IxmnNaQXMbZVhu4OCCeB8p6g4bjnGRg5z0rVMZ8tmIBIIz/dK9h2wQOCOTw2KqvbvEVZckYBVs5C5OT8oAPQcqRtyc84ApuCstdfL8dfNeWnbdHp4DM5UmlzXWmjenT9W00+ltbs5lkubGVRG2QcqCw3fLggKwHUAd8Zz0IGDXU2e6dIXRhkALg8sCDkgZ+XGDz044GcVdTTkuP3c6qCyZLJjG3K/RQB3U4wO2OaptYz6S8jq2+MMChxlCM/dwcYPIBAGeSDng0Rmk/e5t/Ra23elttterT3v9bh8XSxMUrptpbtJt2V9O787tJX8jqrePchJIYPxkHGChAJ2gcgY64z27YrWt4MrHkqp3n5QSQeckrzgjBA3EcZOB2rmrK/MwDAqshYYjIxtXHBBwM47HjGB0wMbdrcqZ1LLiM5QnncSRjOcYxkde4JzkVpGadm203ZJ31Suuu976NX66BVgouPa1306LZN+l7bd9DqbWQINhYENgKcgtuXkE8YHOMdBwDkcmtKWVHXO4vIgBOSDtwOg4IwehznnJ7ccms2w4Jwckk5BIHVRznoMcdPpzVgy7yWRnCfKr/Nzk45Az0x1GccgdxiJW01S2d73vZLvo7dunS9jJK8rPS2m+9na19On/AstFtu+9DvHys4AK4DDoRzkjd9DtOQSP72eI1kkRElw6M64J2gDHUnIyTkfKeM8Yz0ghLk7DJuAYncSWG05Ow42gHntknPJHOI5YyrIyElskMc5wxzgqQcsMcEegPUg1hLlV7q70V77LRp6Oytq79tL63NY2jKMrXdk099nom16elutjc+zDakg2v8Ae37hnLDhSvPt07luOBzWm02RZUvNPkktL5cyJJGWXEincNrKcg87cZ5543DFZcN9OhAc9GwAAMfKSM4GQfQ5yCeDjJFb1teTOyyJhCMORngnnsc46dD6sOuc+LmWE9tTcXZxkrNON9HvZK76P8Vta3t5djnQqwcJyhyyTUo30kkmkttbLXVrTqfW/wAD/jBBfz23hP4g3qQzSBILbULjkHcNqJI7ZGS2Nr5ySQTkmvtLTvBd7bE3uk3EF7p/DSTKqN5cTMNjFA2SACCH4ONoxgnH5RWunW+qtC8jCOcOPLuFxGFfhuWG3jOcf3TkZIzX3D+z58cB4TvoPCPxDk8/QrkJbW2r7iTbwt8gE53YaIZwCxDAqRyBx/K/ifwViaMK2YZVTUuRupWw8Fe6928qau9W7trydtj+nfDnjOliFRwOZVWpKUVSrOVkpaW55ei11v8AifbXw21STw94/wDhpq1rqsMB8PeM9PvdRu54gFt7Zp0SWTeRhYlRmDnOMBhtOcD9R/2pP2hpvDNjd/ErQdcN3p1rfQ27S6JeLHp13aiHLy7YnAMi5O8NnpyBg7fze8V/DzQte8Izal4F1X7QJ7GW5t5LSRnF1GcS7Q6EmOTaSAOoJyMHIH51fHj4m+L/AA78Atc0CK91O10yHXltJFvJpGcTuf3yRAkvtJBB5GAccDk/j3D+KxOd4ajwylOkq2Y0lXV5U6kLyUXa1rcqcnryu/c/TM/yfBYetLias4Vlg8FU5aclGpTqwbjK+t1dNWbbXRq1z9hPg9/wU1+HXxD1G48J+LNU1DTjJO1lFqNtqJsCkmWUuTuKFicckgk9smvsBYfGXiK3h1/4UfFTUvEOnQKZH0ttYP26NTgqkIDbpuDjJB4yRk4Ffwpp4u1Ft7ab51tdTXBaKaF3WUsW3M+9WBBycnqRkA+lfrb+zF8a/ip4b0zQbzw/4v1dL6ztYnuUe8kKEqflTG4BlUYypHPt29fxH8NMZkuX08VlmaYmcFGzpTxFVVFKyfuzjJyaSu7TutU7nyHB+e5dxFjatOOXYfC10nJc1CnPDVUnFe9TkuaDaablGSei0aP6O7v4iePNE2W3iObxA88iLHcR3N1KkkeNo8xXO1T24XdkccAHNX4g+KNX1b4a+LLXTdVuHs9R8H6+l1JeXTyyxsNNuWIiO4FHUrgFeSeQTkA/Hfw+/b3XUZYvDnxt8JW+sWrIkMmrwRKt3GO82FXnJwcg54wMnNfZFjY/CP4oeHtRm+F3i5LwXuiajp83hqa7SK8hm1KymghBV5Iy+ySVAQATgEE8nP8AMypcRyzLDQliMZyUsVQcouvU5pr2tJtq7ampLSSvezskmfpGMw+W5dRk8VlNGDlSly4jDUac6HMkmnKUY88E+ikl6n+dF8TPEniT/hNPFcN1rF7LHb69rEKJLPctHtjvp8FkeRtzYxjIBwOo2jP9V/8AwQ9WHUv2WLi81JGvSnjTUIUMjbmQmUDauSMLkk8kqcnI6E/lv+0v/wAEV/22vBHiHxB4nt/htf67pGo6xq2r2jaLG1+7abNcy3KSzxgExkRtllUHJBwcdf2Q/wCCMfhXWfBP7LuseHdb0aSzvrXx1rUN5A8bRXEElvKFlSWNlDxyI6lQDg57MOT/AGV41ZjlUvDDCwpypyxKqZc5RUVGaappS5r2fR3buvxPw3w6/tGhxdj8RKpP6tKGI9nJT56fvTi4u8ZO210raNM/ZTRdN8P6RcpPJbTmO5IZ0BB8uX+FwBlgB3I7D1FeqMNO+xJcJGlzGkZKuqJ8oIwAwzkEY75J4GDnNeF2slxbzSuEuc5zAm7epUHGGTIAwTyQpI9+2hZT+K57mRtDVZ4GZTdWk6FFZVwcJu+ViOc7fXAGMiv4zwWf4Ggo8sKd42v7q95u139ys2tOq6n7fi6lWvNSq127pbtuLXupK7cVotGl30s7HU3sWh6leCKGMRXsrDy3RTGpkY4/eMdoUDGGB6dey4oX/ga6u9OvtJ1a107VdF1GOSHUdOvRHd29zbSAq8bRS7laORWI6ccYIHJ1reWOQCGQ28OpbA1xbXSKj28h/wCeTEnKjkZGS23Hc1keIfHkWi28lpfJaLcQRl4rqORjG4QAjeSCAuM7sYJ44wBn06eKweLnGuqac3JezjSaTjK8be8krWdmu/Ty5lWqRi6VKF4JJe+l5X5XZ3TV1o+u/U/m9/4KpfsEeHvgL4evv2kvgclx4b0JL2H/AITHwRG4GnPPdOTHfadHlY4olZWYxKNqfe3cV+VPw4+LOu/FSHwx4V1SxK3UepLdwTRYcy2cSAhmCFgCAOSMAHJzxX9DH/BQXxhffHP4Ya78MIHj1HQtZsZXvYdOndZo5oN2EttnzeaSScZG4g8rjn+VPSPg78Yfg38UF134Y+I01z/hF9xl8F6xMbXXpNOYhbizt7acKlwSoIjZWL5AKjrj+4vBzA0M24fpVMbFSzDD1ebDVJte29lyw5FOWjlLeKcrtRSu1c/m/wAScVjMszqDo8/1WvTSrwT9y97S3dtrPpfdan3f4xtZLeWe3yxFvLKHJCghQDgAc9RjnIPU4OcV8T+LpVju7jK4/wBJkHzfewc5PzDngjJAyMA8gYr6Pf42eFvFK3FlqMN14Q8VW6r/AGnoXiJDZXvnuoEn2cThfOiLbvKdSQwxg56/LPji6j+33M6kNHM0rxNvXay4O0jBwCT0yRkA465P9IZOq1FckoSVvi7WtGybT7rfula7Z+QZzWhWUJ05XvbTd+9ays7pfldaaanFXs0YawCAAfahgnA3dMeueOhGefQmvur9kCaNPE+ruIj5q6duYnOHxJnnk54A2/XoMV+bep63CZtPhWeLzEvI0aMOu47mXrnkqBxyPu5OdwzX3p+y3qrWPiTVW3EB9O528MMkrhSW7EgDAx3xn5l9ileWa4VNO3PC3Xs7a3strp7Lr1PBr1IyyrFqzVqaW2ulnfRvTe9tNEvI/QHxleafq10rWkarcxWwJwF2vKAAQucAkMvbHBOOvPkWsyTiKSaeBlZE8uNuV3Oozgr2BxwD19MnIl8QapLYJb6hbS7zbXkbMzn73mEFlZTy2Nx4IzuPHU12up2sWraKLmGOI3EkfnyJkhTuj3DIPGQcDpjHHTcR+z0Mwq4TDxo8vMp0lLdaXUUrJ3bT11XTZan4tWwdGWJWI9ndwqRcrJNvWO1td03ZPbysfghpd49z+1mwKGNpvFE0T/xFeWBI469PmYtj7v0/V2xvtS0a7uAs7yWplKQl28xlMhAIJc4BHYdQckAkYr8hbC6e3/aulnGImi8Y3KPk8BhMyA5OSeTkdsDvX6t3Opm5aURk7xLubkhXOMhsjOMjkn0wM46/g2fYiUcwnO9nKpN973k21fqrvW71t06fuGX2nl8LS5UoQa01+GLtbztqtk01fq/02/YLu1vPEnjXcSGj04sC2MkNEykFsnlu/wB7jB64B/RnUvF6/CnwZ4T8QQQINJ8RaxNo3iZYlV5YoLi53LdxxgHaUXqQo+bkkH735HfsNeMrTSfE/itLm4WKSewCFWZVZgoPTdnnJAwMn0r9MvEHiyw1fR/htolnbw6pLf647SaZKoZZljlJYYfIyyhiwBJHQHNfyZ42U68sRh5RhOrQlLmqqL2TSu97N/Za1unZO5/V3gHXoujiqc6tOEoxkoRaV2042fnZXT76vTp88/8ABYrXNI8Q/sn+Cbu0aK60uLxdZ/YL0YWUxxwkKXRcFSACOMYwM4yK/FbQvh5o/wAZvEvhrw9oOmovjCLwAL7w/PYxKBqF7YwAtBcoAFLSKGyx+Ys3LHgV+n3/AAV/s9Q8L/s56YbKBv7DvPF9kFtmJMOnXEiESwQpghVjPGAefbv8F/8ABPPUvtv7SHwekUxKraDq9m6kBztMWN7DBwcMMHHHAyBivoPDXE1Mv4L+uUW4xoTry5Z3ceWMYcqSTu0+javbdNXPA8TMPSzLjalgpxT9rHCxbVrpubSae19XfV6Wv0PpX9if9tz9ob9le1v/AIY6lp0M3hTz9WXUfDGrxJDfaZcXDm3OoaaznMioWEmxfkbAGM8H99f+CbHgLWJPF1x8UvEWv6DrX/CYwajqWmtpE6vPbfbpRKsGoxLuaK6jDbZEZQd3TAyR8saT+xN4D/aE+HfxJ1k2xsfip4Z1PVR4U8SptELL891DBfodq3MQEZRQ47kdOD9Yf8Emf2ZPix4P1Wf4h3Pi/Rde8K6nbX+h674biJEuk67p8rQvdwQFjHCZtm4AABuSxHzAfD+I6y7jLhnG1suw/s83lNRqUoxcp1JU5xcmlG71tdtWsuju0dWEr5pwzLHZficS3ltTCeypTm2uRSjFxhJ7Lsnrfp5fYf8AwVS0dZP2D/jnvQBo/DZlGOit5kfzZySQOhzgEdQQTn8Z/wDghv4b1ST4G+Mr600+e6gk8RMgkgjZhuQqzEhR0AI3E8/LX7kf8FStMlP7D3x0j8qT5fCj5TaWDKGjLHj5gFJ5YjH94V8vf8G8fw8Okfso6l4gvrWCS31vxDqPkK6qyBImQb1DKQS3cA89OSK/mah4G5x4scMcReHtR18mhjcyy/FTxlWjJxjHB0JNyUfd5uaUknZq6je5OXca0OF8slm3uYupGrWhChGoot+2dK7cveduVN3Svc+lrizurQ7ZbeaMphGJQkA98rjg929eyrXzf+1RDv8A2fvi8nlcHwbqgZSPvA27ZJ7HHGOTxk4IIx+3/ij4W+FfEFvK62cdpdHlZYo1RQ5bPmMq4BILZBJ2knGea/NT9uf4N6l4f/Zy+L+qaeh1G1g8F60bhogEkRFtmJYKBjCkY65PfrX88Y36EniX4ScW8OZtgaL4kyrDZ5l1WpisBCpKrSpQxdFudSjZzSUbuTTklZ7bH1uS+LeQcR0qlHEzjgMRKlUShWlHkcnTtaM7pN322btZKx/nWeIrANd3MkcfLXlyH5xtBmfGOTnGTzjtwedtcndaWkZDBWVzjgAHLEc8Zwxx0BwR3AwK7HWdVihvb1JImiIubrJmU4I+0ShRzghjg5+vQiucGpQSsGSeFiVbCbgTjqOccg5PzDjpxjiv93crp4mnluAjJThOOEoc0WmpKSp007t31Wqtpp95/I2aTwlfHYupCpCXNiKji001yufT1WyX/BPPdUtsSBZItyqCVYDblscA7cZwevY4UHPb7h+Ael2s3gixkkhdZvPmBdXwzFfu7SCCcHGAfTtzXxxqTiWYMhXAB3/KpXJxyoCg4yMZOMD3Ar7k+AGY/AdiNvmb7ucAkjK5HJTnj2HPPPFfRZbKdTE8k5t2je0ndaKKT1e2/kr67nyucUqcMIpqF7ySvs1pZapLra6e99LrU9PfT5oSFtr66iBwzB33DcTgcEkAZJ5BHX+IjNOjutSikKySR3AJCklQHKg8EsM4xgHuTyMdx05gCpnYSrYb94fmzgngk4C56cAE5P8AECKQtSSznChWAOTyqg55HXkE8EdAfWvaxlGE6E1Zax3SV7Ky6bdXf17HzmHp06cqUrXalFrdarlbvfVbta33ba0P0T/Yt+EWi/EnQfHF9rdvHqE2mRBLaVgSYWkQ74nOMbWHyjJyV9sV+Pt74Duf+F4fFHQrGBh/ZfiTUUtbeMlkCLPINgU5BUIG6DPHTnj+iH/gl/pttdeFPitaDLPLHbmPy0AbeyYJHBJ5XHbI7dcfmz8JPhZD46/bl+IPhVbuO0nmv9cuGUwhg88d5PhWXodyrsOcnHWv8pOJuJM04d8VfGKVbEVZ4XAYPDYvB05OTjTSpwk4xu7Xd3rGzs0rXVl/oLwzl2BzbgXgaCpwg6lRU6k0k3PndpXl5WWq7qzTufHkvww8SWwWaFLiEArMCplQo2AeB8ob/aJPAAx1roNP1f4o6APLsdSvpIo2QBUklyiqq4AwykZblivLYA7iv6MtJ/ZQNvbD+1/DmnavAq7SyxRpIUUfKAQpwenOPmyAvWsrWv2PfhvqYL/8I5daNcNxvij/AHaNhtzHgAqSGIXjGeD2r8Twn0qauDqxhisNXlTjOzlaSjaPK3Z/5vpok3p9vi/CXLMWksNjqcG4rS9rbb+9yt+lrXb8j8NfCv7Y/wAZvh7fRGDxT4q017chfMstRvLV024AYhXI3AcKRj5e46j68+Hn/BZr9obwncJpcnxM1vULOeWJbi38QyPfRtBG4JiaaU7lBA5Pf3zivfPHv/BPHStYjuZNKv1llG4xgQqsyg5IOGzvA74O75S2epr87viH/wAE9/GNrqpj0fUI/PM5gigvLUxQGUtsy0oXAUE5wRxkc5wK/cuDvpNcOZz7OnUzCpgptRbUpThHVRvfZaNNq+mj0tc+AzzwYznDp1cHCjj43i1yxhKSiratO7e21vnsfvf8L/8Ag4S0jTGitPidoMGrWsVhFZRTaDMVYvHFtEkkeAod3yxOQcfjXMfs0f8ABTPwl8SP2vrn4g/EbxDDpXw3n1KS7sn1Fi1xp8saNHp1o7Bs7fLYGRgACy8tuOK/mG+KH7MPxe+ERmn8TaBetpv2hYU1jS5BJYBiAVXcOQzDBGRyDkda+eY/Efirw7qAg0zULqGRJC8kLyEOSp+XIIwfTcDhfm7Gv6R4e8RIZ5Sw2IwWaQx9KnK8EpxqRdnF2dmmm7N6ybjd2Wmv4znPCuJyapWpYzAywsqicJcsXDT3VJq6e7u24+STVj/RV+PP7fv7KNt4Z0bXJNZ8OePNP1LxBMNa0q2XzdXjitoJXsZ9u3/UpKigOxUE9znDeC2H7OX7Mf8AwVE+EHiX45+L7G0stde2uvCPhdHmht7vQ4dDb7LaTuEczmOdShbKhN3QHBFfwpQftD+M7T7TbahdXEyyKYZGUlWZMABSQ3J/216HGBkEV7l8Iv28vjD8IbZ7DwL471vQ9O1Dcl3paajOlmFkYFm8ncIxKxALOOTnJJr6/DZy8ViJSzDDwqUp35VBKKjde7LS0vdbunzLrt1+dlhaNGioYWvKnKNruS5no4txSfupPZtL8LW/T3/gqF/wRYh/ZZ+DfhX4yeDNTtNd0y51iDTvEFpJIpltUumLwXNuRy8MoGGkONp4IPGfff2Pv+CO+k/tJfskWPxS+HXxX0jw14nurW80/UPDhaIQW+pWMRaOJrlJBLFeXLgLGdqksVGK/PT9pL/grd8Vfjf+yPq3wJ8bwWuqPZ3djcWHiUXryai0dqpCxMGG4qTgt1IxjjgV4z/wTk/4KkfEH9nTxBoHhm91W9XwQ3iS01TWNNWdzp97HGw8xLiH7qmUD5nCkqQTgnGOzGZBw7n0IQxWG9rg4QtKnWnJe+4xTmnZc0YyT0d1ut2eZ9ex2Dny0a8YYifK+aMbRcFZOLSSS5le7Tvon1PFvih+yl+1R4S8f+MvB+reHfGuqT+HtTm007oNU1KECGdorZ0aFJokWVVBgMhU7WGAece1fsofHD4xf8E//iPqXi/xZ8NzfajfWlvBf6P4ktJ7W+jt5oyIrm1SeNZVcKSySRqwPr0Nf1Lfs+f8FjP2JtV1/wCI2sfETR9M8Oax451e0WxCadZ6hY3UdqgCXE0kilopA53kheMYznivIv29fiX+x7+0Hr/wC+NFjr/wz8TaX4H+ItkPiVpENvaW/iC98C+ZGC91axgG6trSM4ZMElcgDk18dxT4UcM8RcPY7h7FUMFicrxtGVDEYCNGNL2tFyjd89NrlqW5Z3jdq3NodWV55j8BmVGvGddVIXca0puUVKyteL5rxlrFatpvzZ+Ov7Vn/BSzwX8d/gnc+FLT4aXWjfEPWNTt/EE3iDz5ZLWwtrdyzW8ECjaksnQEhGyASDxi9+xr/wAFPfEXwz8D3/hr4kWz+PvC1zJBbWEF1dtb634etkj2obeUv5iwBl3bTggDap+YA/vp8XP+Cd37B37T/wAHPF3jL4R6Fpng6TWLaz1rQfGHhqaK10+2sJQirFNYRnajHkFH2gbT9T83+Lv+Den4Kaz8F5r34TfEC+HxDvfC0s9zrc08d3o91rdrbmVLNkMoWxN4zBC64KemCAfw3EfRV4AwPDFThLLcmpV8vp4ipmNJyrKrWoTly+0lh6tRxqxfLFJxi/eV9H0+2jx7mdStDE168oqc40ZU6tNqk5tpqMuVSSTlqpNJJtO6sfyt/wDBQ/4+6B+0P8Tl8Xx6Raaf5MbaVbpF/wAhCe0Rv3NzeS43SyICqu753bTjkEDw8fs9/Ciy8I+FfE2u+MVnbxDZzZ06Pb5ltclD5Xmx4+UhidxYjOMDIIr64/aJ/wCCRX7Y3wotB4u1vwPrWtaPYSXC3mpaPFJqEVtHbuyJKNoZjFIiqwwCBnrglj+evxS+D/x0+Hml6PeeM/CvivS7G6tZJ9JW90+9t47q0O4rNbF4/vY/ug4we2DX6Xwnw/l/DmTZLw5kmcVMvoZYqdP2EpONWVGE4SdOXtUpJXfRJtOy2svGzuePxEsVmOYZTDERrwXs6sIqpBJuLcueDavy6W6LVtJI+T/HXhRbLxHc6TplxHcw2txJHFcLhFKNIdkbBflJ2EMD3bOMYNeY3OlXVhegPA6s0v7wOGKSLhSdobClWI45XB9sV3+rai9tqURkclpQrTrcMwlB3ZAkJBIZe2ec8d+dA+JdM1K0a3uGgNy7JbqjRruiYE7JVdiSQTgsMH5RyCTiv3ihiq9PD0o83t4qMYymmm3ZJqWr20Tequ3rfp+U1Ixc5pxVN80uWL6bNaW6Lp5Jbb8PNLexLLDb2crI+1Z4yCdi4GGwMjGOjdRu68VRgvfJila5TexcIkrID5LKQQrcDoABn0x34r0HQ9T0/Q/ENmviC2lvbMXdot2sZ2i504yKJo0KggOY87ecg45OOf3L8f8A7Bn7GPx8/ZGu/jh+yr8QV0Tx/wCD9ETUPHfgbxHeos0s0MQe8jtRK4YTcP5W1TuwBxzn4zirxJy/hHGZRQzjB5g8Fm+KhhKeaUMPOvgsJiKjjClDGTp3nQVSUkoTceXRptan0WT8KYnPMNjK+CxGF9rhYOo8JOfs61SnFXlKEWkpWs1L3lZW7n8+dzr4D7XhRoLgxxyBcjeF2ruAycHJz1yOgwODpaebsa1pklkjCOe7t1gABLxkMoHzBSQgAA5PBJyfXhNVVrTUrmzRhOlo8sYVwDseNmRsEE8gqRkbueSAM563wb4l+w6jpd26M8tlOjGMqHj2F+AEPAPHzEDgc/xAH9SwMlKeHqwl7lTklzNuzi+V6LVO6d1f56xd/kanNTlOEnZp8vdKzXNa3Z3d79nbVn1f8S/D/wDamjxW975pIso5JpI2DRrcLACjBeQi5ChhwcEEKCBX5+X3n2E13BcOYjDcSBDnGANyo4IBbAIGMY5IJOWr9CPEOsz6pZi4tIpFt7qEO77QQXMP3D0VUAJ5xhTn5RyD8ZfEHS7S+lE9pD5c1up+2ZfGQWzuA6sc8gA9+vAr7DNcPTnCnXVk+WKt/NFuPKltpFK7slrf0MadpOSaTum1dPV6Ja9bK7sra662PMT4gvLc4Mv7uQbQ5yzS7mwepxg5Az1/lV1797tUVP3bZBUr8qMF4YkdG6Hjg85GOhwZYFVxAZx5SjdGpA3B8fdJzgEhiMYwcEHOMmzbEusazgRhM+Wc4XcD3wwAJ6+hPOdvNfOzhTa93y2d9bre9tbPT3lrZPoHK47xaSWzfW60btta9rtei3Oln1eRIcRSAGURxsirjGBtY4xwpAz3OCP9mkh1KSzkBkfaxVVKbQyMr4yVOCMk43ZHp7k0YoYbj5nZFcuR8xBU4B246jJ56YB6Z7HTh0gX1u7QyI19ASzJIcI0QGSUXPLhc9SD3U8ZrCVKnd3i2m0t5J2916q7SSer1el99WyKbkmla7XR6Xs9r+V7LydtGdPp+rRJmO8USN5bGPfgxlD8o6E7TzgdSMH61ftbWySUXNwgjikUKqYDRMjDgK2Tz03HgH8RVWw8IPe2MF7bymST5lkjkk2rGASCpAJxjgKdoJ7Adulj8JXlxa26W12/7kASRupG0nhVBOflGByOnXjpXTCjKDTSbS0a0aeyu1b1d90ul7o6oKV7ON3o+a15O1ldtWel+t33JpdL0dbbz5LqW3kwoMYc4eM/eVR/tD8QSA2DxWgvhOG6t0azvA6qu6JGKsrLgOUYg/Ky4O70zznrXN3HhXxAjzQ3Ec88cWGQq5CAEZXDAgt8vIGOzHIGBXq/hPSTaabF5sRaXyZGc7gyGNlyFDZ4YYH5c8ZFdlD3m4zppJRvd9Lcq21aV3fW1vI1hfdwb5ktOiSaTT30fxNLqrO5R+CGlwa541n03UkLvbW86RNGWVBJECVDt2G7gAMAQCOma9F8SfDDwvqd7fNr2iI+oxSurtZTrHL5OSI5DEGySoOSQG3H2bI6T9lHQbfWPGvihmtA0lu+y1Zh8oaV+VJPJ3DJxuHTkZznJ/aZtr3wz8Rr5tOluLRpIbfz1VygJOQ23acYJwB6gZABJr6nKatJxVCNlOLblonu10ateK6rpr0McRRkqXt5RvHmSi0t+W2+l7qz6J26uyPI9R/Z+8LXIeay1HUbJiCUhurZZUGVCqd4Lg9QDwrAdfuiuI1D9mvxEAJNMuLO9BUuBHIEkdT32ZUZODnn3OB17PTfH2u2wWNrs3EW07vNxI5bGMgkYLDHHIrtLD4n7mhW9hLYUjeiiNu45YZ6Y6YHfDZNewqVp3cYyb6PS7TjZd97rTTtd6ry1iaDl7zlFLe+q0UVs9ddde3S58sal8GPHGlSN5mj3SoqsRKsbSxNtB/jUMc8/wAK8YJ5xx5/eeHNdspCJ7C4VFYhi0TL83OdpcAA4xtz6r6Gv0y074l6NcLBFHeSWzbQjx3aLNERkbl3PuADY2hsjkdAMNW9c3XhfW4FhudK8P6kkjDLhYoZiMZOSR1GCOoJ7CoeHjNT5oWSa1Tdk7ry17ea00OuFbDytabT5bpJ235W1rdPfy2Z+TL+bGSZYJYyCB90gDgdWIwepyT1xnJzTC8bMqtg7lJ5TDccjkEnKjHTOSRjI5r9M9b+F3w11jfnS7rSmK48xY1uLdTjBxtzwecHOec15Rrf7N+gXvz6Jr9snyH91Ogt3yBkbeO2evbHuRXPLAxmrwqJbKzjo3pfZtenne+ztoqyu1ZNaLXrdRT2TTTs29Or6aP4jNupIOAoPcsS2Ccg5AwRknOMDJA64pI7Zxv2suQR1wCmMYzkjheeenOM/NX0zq37NfiyyiN1aiO5hUFlaFxKrcdTySDjHavLdR+GnjHScu+mzShQxZ44mOAcAKQVB4IxwSD2PWsJ5fiI3bg2lZpp7JqLT001urdOl29XPtacpKPMr+7okulmtE09HZpcq15lbt5ysE+75VR1O4nOTg4BBZmOcnOAOT1+giKSGVA33tpGGXgA5GD2wVPJGR36ity4sdSsiBd2U8bEHIaMBiRuxgAcHIyAQDxgnqBjSKVuIiVbeAcIwYHnknB4zjtyFzgDByeOthZwSTi1qt93zbO3Va9Fr1s7lqcG0k27u+3km7afdru+moG3mUEndgEfKRuHQjgZ6fe44yDxgYBgaIgozbecttzheAQDx0OdvHXPUdBXTQtEIydgOQM5UMVY/iMj1OB78YDSta28igsobcMjaFB69BzkDpj3+8M4rmlSnF2T16q720bbavffzV+uhukmrp38r21dk+bfdrRd+6OT8rBGRjJJGcPnJwOMZXJ546/XALirMCdwC8hSAeCcAgnAGM44AbuOp43W06NmZkBQqxwWZSMYBPy5PQYPOenfNQDTn2uRKrBWzjHfPyggdPlBPYrjIJBGI5Z9nvvvva/6a3sn5i5W910s9tE7J330fnokumlsQmVGBQqQu3d3GcYbA7jnp1z1qNixKNjk5+6MjJOAATlV7/KPTOMddRbGdhNhQCGIIwME9ARuwAT1JyMN04zmtJBKjAGMoFHUnjIzvHXnkduucemK96KVk1fa6uvs7XXXTfRarqxKm3o0umjvre1ktk+mjdr+dmQBOFZuGO4n7vB46nHUfxLwDjPYUjID8pI35II7AE8HjOQcYI45HGelKWYPzjHJA+73GeeAR1wTjAGBnO2m7QTnC7jyctjGOwB7jkY7/hkKMnZ3V1JpvRr4XF327aNb6p+s2u7bPTftp5X218l6auVXJILEHgdWGOuSO2PQ8dOea1dHdodSj4LFG3jax3PgeowDg9ew/WqkUcbxkl2V8EruwF5+6PQKc9AcMBnuK1NFAGpwIXVRuZSThsDOCSSMlcDA3H3PJFa80Ervt3au/ddtLO6TWqWqd900Uoyi09Hqtb7XaV15/JK2lz+w23gaWRlESoUIMjhc5x13E57DB2nnoSB0tJpbkynClnxtU5IIJ5JBIIxjgnPsDjFaqtDCqgqQSAr+rHjJAxggZPOR07mpftaAuCAiquFJUA7eoXqDj3wM8YHSv6op06cNuWOi5r268r05Wm3Z7aN/gv5qlPnbc5uV+rbf8t3ayXN+m6SsYMei+VOZ0YKo2sU3EuX7q4xgADlcDr6HO3V2qqhCQHUYYrjCg5Ibrnn35yO+KzbvVI4N7EghxktIRgjrkY6nb0IGORg44HI3/iWGNC3nK7OxG2IneRwEG0Dd8pweNpyM/TZ1YJJXVrLW6SWkX31stOjs7K+pg7N2Svdx6X6Lz6Kybtq9erv3E97HGyp5oBwEDKq/KBt5JU4zwdxJ5yep6Yl74jht5HRpUIU7IwgBLMpyckHHJB5yRzjjIFeZX/iJpouCYIkI3zSyLCCCANrMSuTxnOTwQMZBFeLeL/jV4Q8MLKtxqMV1c2wOLSzkE0sjHqCVbjGOnGATz0z5uKzfDYWPvVKeju773Vtkv0Sv2e534PJsdjXelRfK7bxaTjJpXV1pvq3a1j6YufEe5fMaQxuzFlQ8A44A+Tpg5JyDjOACOa4nxJ420jSLM3GqavZ6eqBmkaWREdfUBT8xJHPI4PsM18FeKf2kvEepDZ4btE0u2kYqk9yd85z1IBJ2AdQRuG5TkDbx4Drevax4iupJtQv73V7uVuRNJIbePPUonR9p244OeCB3PzWK4nc3y4WEpu6SbuldWTfd3un959Tg+D403GWLqxglZuO7b912aut+l3t5H2f4u/ad8P2X2iDw9b3GsXCHb9pZils2Dgyb8fMCQcYXqOCeo+Y/E/xr8b+KRc2rai9hZucrbWJMWATkB5B94KMHPt2B5xPD3ww8XeKXjhtbCaK3VFAlMRjQqSrZZjyRzlQRg+zYJ+mPBv7NFjB5F74ovvOOARawDaocdjwOBj5s9Tg9DXkSeZ5i71JTjBu7WqSTa72b03ukvTp7Uf7HyqP7qFOUl1SUpX0u02mld6/P7vjmw0bWtbuUis7O5vbiSQbplDyuXY43byDnPJbByM7jXvXhb9nTXNQWO512UWcAZHdXOZnGAdvOCODzwMHgljzX2ho/hvwr4Ui8jStOt0dEO5zFGxPzHHzk8sccgcgjjNXZJ7i7jAtVCA5Vp5UCRqOmNxYADGPmB68fdzjuw+TYemlKvLmno31V3a1m9d3vpd7eXm4nPsTWcoYaPJG/Kna7S93TfTTu1dpnmvh74Y+FPCsKSQWlvcy4BE9wFeU7cZIBGOecE9xjkkCu2GrOGWC1iJjVAUjih2hWwAPlXnjoQe/I4Oa5vXvF/hPw2CdU1iCe+TdutLZw7FuPkYqWzlsjpu2nBA4A8P8AEfx+uT51l4c0+G0Chi124G7JAAIGeSAOgyBktu+XntqV8LhIckOWLilpHV7pONlr1XTfrqjzo4THYxqVSc3zWi3K/aOiWib8krafd9CXCi3/AOJnrV/Bp0avvkaaUK5QZO0Rk8MAO3AOeeC1cLr/AMY/Cejh00mJdWud2VlYZjZ1wCwOSAucDPJGOhFfGHiTxtrOuG6mvdRup2fqzM6wIApwoQtg5PtnjO4dud8OSXlxbmZ5twLFATgnaOcgbgVUd+COnXmvDxGduMnTjZJWTm7b6eb3v5rptqfS5fw3GdNVKr52tLJ2XTV21fWyWm9z37xT8YPEeuK3l3i6bbuSrQWZ8tmUBsI7KAAcYzwAT8vUAnw+e/1C9ncmSZY5N3zuTIzOCQdzk4IOckjB46tzXRLZwRwBnbJZ8sUxlhyxXAyeQAeMn681n3t1awbELRxBSWAI28Ajj+8Wwp6fxd+DXg1MynOpU5qik0rp372tFLZJXv06+R9BQyqlSceWmoxvy2S7uOmnTTV9XonfRx2+liNlluFZ28v5lYZjQH7gXIILfMQeDkE9elWpDFZw7t20NkdARtOcKpwenTGSQMZIrl7rxbCBJ5AeYg7CFGEGOCSx4BGOecrtHfivKPFHxDtrCOSO51KNGRiwtbdxJK2CTgAZwTwPmGRgc4ya8TE5k5RfNLXqkrKXwpK2+mtu60239ajhYQatGN9LWjra6XRNaartq7W1PWNT8S2VlCqNKCxOFWMCSUZyMcE4IPfOQDntXA634zSC3kJnjsbcAbjM4Zz/AHuCc/xAe/THFfOGtfFK9ulkj022W3RiVW6ny8xY4yVJJw3oSfmwwxzmvK7y/wBV1KTN7dT3Uj5J3yMsaBmBGFBAB54GM44GD08GpjpVEoJta3la19kr9NXdX2td3udsIxTa2TtZqzaty3Vk11fXz02R7tr3xWsIg8Fikl/tZi84LRpIc5C5wcoSBgdMj258g1fxxrurtIn2kWVu5JMFsDGQo6IzDGTj7xOOBuxknOLb6PfXEixhCMjIVC20LwcnpgcdGGcZKnmu70nwBeXh86aJxEow7hCQvtzggdecH8BmuZRdSS91tt9bt3ukur3vrv08jVuVo20Set9FZRW7Tule933Wx5xGskhOd8kjAlnLGSTrjkls53H0wPTNfRfw282HQpYkiMc4YmNmDF2ZhhSBgk9ewGc+vNN0/wAA6bagNcSRCV1O2CMebKwPQjG75m7cKMkAk19CeC/A+q3FlFDpOk/ZlkVRLe3sZLEqCdypg4GM5Jxu4GDxXr4TKsRWSkoSSdkrJ3S0a12Tva2u9mmcdXF0MOuapUgnba6e9tFfv5L1PJdB8L3E8lxdX0eEMkm9rohQGJLM6qST19AcA9PTtz4ZtbpYktrWbV5V2xRRxxMIUOQMoVGBzxk5LHnvX0/4Y+AsmqXcUt7LJdOSrOrZjgjbqwCYxjJ4OMjPKnOa+qvDvwm8NeGraG6njtEa3OCMRhEUA5Lsw+Y+447e9e5Q4epxanippL4m3JXuuW+n6XdrWtseTVz2DTjQs5LRP0cdtLvbq7Wvq7XPgzw98Hdf1NoHa0Gm2coBMUUP7zBGBuOAc46ggHGO5r2vw/8As+6fbq013AfLJUvPMFR2Iw2FByACec8hQN23qR9AeIfiV4N8MpKlmLW6uIY3CpEIxEoGQxdyACynqeMYI9TXx74+/aVQtPb2t6TtLqLOzYMAeQA0igAAHtg8Z4GM11TxmV4BONOCqTjtZ31XKlqrW26tvpbQ4WsdjXzzqOnTe+vKktNdNNVtq2vvR7rNZeBvBFqykWKNGpLuxSWUuAwxH1PXjOASTwD38I8ZfGjTLNJ49OePeVIBYgSupPy7VGCAemQDwPu55HylrvxL1rW5ZLgzGKN2YJEzGRyMEgEk5wD82Ox6dhXmVxrMkk8k8szTSs53OxLYyNoIBPXOcg5yAehyK8DF55iqt1Sj7KDskl20dvv9P8u/C5ZhKVnU5q8tG73a15dG27W6Wt531V/a9V+I+sa3K8cLNGd2I443IXnAJdmOMnGe3J9uOTt7KS/v3jv9SW2UspvJJJCzhCTyCTwcnI5OT97Ga86h1W5G9YJQsbNl34BzjpkcbmPAPTnlhWjpHh7xP4knNtp1nezm4ZiJwZEXLf3yQeB1BHHQg+nzeJnVqc0qlXdO8n06Xu791pt0PocPWo0lHlhFRjJWiklokt7JJaabrSysktX/ABFg0eyvoINBuTepBADcSM2QWIAJHXB6jOeoGScYbgrLR9QvtwsbS4upZNo2RI0nL8EEgMA2fyYZzxmvp3R/gtpuhQi88e6/aWcYiL/ZVlDSOpwxVmLA5wGG3B6YwORUT/Evwn4Tjl03wjosV05ZkXUHVRgDIV923DYOCSODz2II4KeJVOmqcIupNJrnsuX7KvJpWa++z01uzaVq9TmaUFe7Xazj7qTstdO99PQ9N/Z5+G3iXR9OlutWs/sMd5hlWY7ZWgYZY4OCGxzwOvXkV3/xAjg0jUYpbQeeTGV3uCdrYwCqtgDB5yQ3JxwAK8u+DvxE8T+IfEVyupXUrRxWxaK33HyEAIBKgkckYOAe/JBOR6r8S8v/AGddSJ5StEfnC8k9cnsctzzkBu2OK87CTqrOIOUkm4tJR1Se33/5LsfTYynT/wBW+WC96Mk/e2Sule+27be99E2ebXF1dSwSNJM5fYCoLny1XaeCRjtwBjvt9QPEdSKjUZFJDSPIcbRgjDZxjOADgZznOCOtexo8j205D/uzyDn+HnAA7ZHGAQf1rx/VocXsrqGLpKfmOAoyCMgdSw57c5/Cvr+dPSWqbve7Wlk3ZW7NrTW/pdfAwUr3i7JLZ3Ss0tIqyT0V0r31vbQ9C1xoR4NtHbbmIxhVHzZwMYYgkkZJ3Ag9+QTXIaLdoS7yYUGNQjKAVQFcEMOCMgDIxzj0PGnrEjx+DUjwjgPESSRkk8lecEEEcnPJyO+6ua8K+HvEPiC7Ww0XTr3U555FUQ20LyKc5wC3KjaQec9xk56a4d8sptPli7paqy66p6eV32WjsaVYTnKChq/dslFy1SXRpb69Oid+1rVdVtyUVH43MBtIIdh1zgjgcd23dRiuZYajq0y2ulWV1fXY4WK2jeY7mwRtCK5A/wBkk4wMkd/ufwD+xhrOoxQ6v8RdVtvDenhRP9mLAXJjHzGJgWG0kZyBlmIOOSc/SHh/QPhb8LQbbwR4fg13VH2xnU7iIOquoC7hM6kMDgsQAP4RnGRWTzCnByhTlKcm0pRgrqG2ibSW99eyXVWPRo5JWqxjUxHLShbrdPlXIr8rb103u+zbWh8NfDz9jj4geNktdS8UMPDmgPtmm+3ERzPERliI2/iI5xyRkls4yPrHwv8ABj4KfCJxe2NjF4s12IZEk6LPGk0Y4ZS28KoOM4I4HqRjvb7XvE+u+Yur6mba1BKw2VkfKj2tjCtsxkAAgk8HPbvgNBDFthUKAWIfb8zOOc7mOSQc5ByfpxipVWtUa5m4RfLZK7d7R0ct7eWi7LTXteGwmGgo0IxnNW996arl5muu++lrpX7m3d/E3XdXY21lHFotoiGKK1sAImEZ2hQ2AoGB3Cr0I6Hm5p0cLxrPdSCaV/mlknkZi59BuPByeeg5DdK8h8SXaaGkl5GxQlgIlx8xYdjg9M5A6d8VTh8Zxx6ek95crHKE8wRMwjXcQcFt5AHGCc44xnBxXvYavRpQjs5JdkmneN99Wnve63Wl2eRi6FWq23L3H20tflW17apOysmndtHu2oazp9vFJA7ITHG+3Zj5cA5HyttLehwOc8EHNeY33j6DSAzmVbfajNGRyzhiepycDHJ5yBgEYGT83eLP2gfC+iNdtc3sVxPGxCWls+8vIAQAxByM8cE/XtXxx46+PHiDxLcSppgOnWkgdBk/vTHuJ3FscLj5sdjzyeu084p4daSUm7pKOlvh13tp1+5bnnLL+bl15UpaSabsly67pvbo7u6vsz768SftC+HtIhka41BJJ49zsN4Z9w5KxpzgZAGTggKSACOPlrxz+1b4n1oSWnhyZ9Pt2DIZ3cmTaONw6gZBIGcn5uTjJr5o8OeD/G3jzUEg0nTdS1e4uZAvnRxStEN7YLtKRtA4Db8gd89x9ZeHv2b/AAr4HtU1j4x+KbO1IhEy+HrCeOW8kwN3lSsrZQnGGB68A5wc+PPHY3FXjTk6cJXV9dFpfV223eummh3UsLQoxXNFSemr1WjTuo28uuttVc+W2fxn491JUij1TxBfXMuFSPz5VLSBgQcblVTnnPAz6EmvoDwt+zdNYW8etfFPxFYeDtKRBJ9haWNtTnQFSV8oHKBgep9cHPbp9b+PeieGLSTw/wDB/wAKWOh243QjXLi3STUJeo8xGdSylsbxjHOO2DXAeGvhh8Z/jlq6yR2uuaybiVfM1C/+0Jp8CFgpYNJhCi5HQEhQPY1lSwjnOKUJ4mrotF7rd1dylq30fTvsaVMRThBNzhTiknzTtpqtloorprfyPT3+LPwr+G8Saf8AC7wlBqWqwqYx4g1RVncSD/ltGXXA3EhsHIPI5HNcdbr8cPj3q4tLK01zWEmdQltYxTRabCrHbhnUBAqg8BW2jGCwJAr9FvgX/wAE7dBsprC++IFzN4n1L91LHo9gjR2EU2RtjmmAZXAJCsp4PIPQV+r3gr9nu38N6Wtjp2maX4a05URIbfTIIoZlIUAPPMi+Y2RuYtuPJzjJNezDLZqKWJmsPBaezh5OOjf5769djyp5g6kuXDwlV2tUd+XRxSs9XJvyUU11Z+Mnwf8A+CfJWSz1T4q6zHZwZV5dE03NxePyC8c8il2UkfewD1685r9cfhB8MPhZ8N9PhsvBWhaRpLLsRr69hjF/Nxje0kylmJx13cY6dz9VeDPh94Z02EGOxiu71VZZ7i5QSiVs8lS+cl+ue2c8Yrtbz4YeHNciAvtHsxuAw0YMLJzhdpRhlwPmXpjaRkgcX7aGGfJhoL/r41eTemvM1f8AC72R10cL7dRliZSu1rC6tfS91rvqu7d9Y2OI0bQYrzZPNewXrYXYkE8e3CjgEIxJ5x0xzgDjGfQ9L8PRwqrraG3xyRGoJY5zywHqRg9Tnjkgjgb79n/TYHWbR/FGseH+N6CO7eSMORkHaTjGQByBx1xWRHonxg8GTs+k+LtP8WWgPNrfIIrhkA3bVYFvnwNgORkkkgY5icq9d+9KctfeSvZO8dbLfz02ad9TtpYfD0EvZqK2u3a+nLFJb+T0d+9kj6M0+2nABVFjQDkuoUMPXO7qM554PUZNa8EkcLHzld2VSAABgEYA2Y+6COgHPGc4Oa+drb9onTdFmTTfHfhnU9DuSBvu/LeexJA2h9yjCLhi2eMKSD94A9FefHL4dzWry6brtjfSKC4itrlDMvBLGSMkSDHRV25ztGBVYPCKtU5GoxV7yUtNmrXu+2q32u0r2eGMxk6EHJWem0dVurLTTW+mvbsexzagE3ODjb8p3EhYwvXcSCMgdSTkY79DwHif4j+H/DqyS3l5FcXCIzLbo6FQcdypIHfptfI2ng8/OHiP4s+IvEsjaX4QtbiOJzta7eNuVk6/PxgAYB+6cZwTiuLh+H+rXb+fr93PdzTMZGhDtsDYBO75j0zhgO/HpX1mEyuELcqT2bva3vW2dkm1r5X2Wp8liMyrVHJ1JRhfW172+BWeul7ve1nrba/W+Jfjhr+u3BtNAtpTGwdQY8rCp6ZaQAFhgZzgjqRxjPm//CN6rrc0l34m1GedzMG+xQufLZcjg45P93HKg4JOCQPSrTw4sEPlQRJBjAZUUAED/ppjqQBkZyPQZNaEEEVsv78gSKx4cBgVPIAJ5ZiAQMDB6Ek5Fe1hcCtUoLS172TWyUkrvRLr17aaePVx0ea7T1Td227tKKvZ6J626X63Of0fSLa2hEdlZxW5ycAJlnUAZLHqnAU/ezzx0IrqEsSIw8cW1yQrHaGBA57nkZHOFHXHsty3urJAzx5GHG48Z5wMDI+VTgHgAEcdSBVtNWt5QwIWNQxBkACsRjgHABXnAByScHgjIr0aeHUd42slZ2ta1lpt2t21Wmtn5U8cnUbSS0V/PbZ3Wvn9z0OeaAo/nBBtjUgNtABPIxjgkKcZyTwT93ha2orxCq5QLIo+dgM/KB94Z4698d+p5qnPdwwh8ZY/fycMgVs4Y5IGRx6E8D1rlNS1tINzxSALgICOMbhgrzgnPQ84BORxitIyjB2aV1s2tXqtdEtemzSXWzOOpzV5pqLbclZ262Wklv5baW7HWalqAWIIrncSDkY4yffrgZJAHY4yflHCX3iGNJVUybypJfjkNyPlHG3AwRkYYnBOa5nVPEIKNMJNixDAydq7jySPUHPb73fpXkPiPx5oOgRzahqWqWlvHGheTz50Qk4JO1epxwBnGcHriuetjFG6U0kr3b3SVk9Hum2t/l2Xdhctr1ZXjFq8lZW1srPVapWfbXyPXLzXURjI79VZgdxYgnIzt5GD0Oeoye1eUeMvH+g+H4Jb/V9WtrOKNHJVpVUkMpJCpwwz3ONpHI44Hw/8RP2uVuZLjQvh7ZXGrX0jNGt1GjzIrElP3YReVDY7qMEZAwWHi9l8M/ij8VbxdS8daxc6fYTOJBZAuZCp+YKEBAUHpxnj6V4WIzSdWfssNGVabdtNIK3Kk3JPWzVvnf1+ioZNClFVMZUjCKV9bKT2+y1ez010s9nuetfEf9sGOVptH+H+m3GrX8shjjnjRpvmyVDjbkE5wwAZQRngda8Ttvhj8Wvi3dDVvHmr3Wl6dI5kXT1d1laNjkARBjtLKcZY8gAYwePrXwJ8EfC3hCGJtP0uIzgKZry5USTu4ABZXYEjJ5OB8vc8YHuVnotrEjbkyU2BTgegGBzgdQACfbjqZpZdXxdp4ydldP2a91aW8ru90tE76N9jSrm2GwdqeGhG8bLnbi3duK22Tvdaanz18Pfgj4R8IJAbLSYJbiMAy312BJcMygMxUuCewHGTxyeBn3+y0y3tVVYkwzggEopUdRnhdo+XIxjqMYB4NqW3+ykyiEk4K+3UjI6D5Sc89RznacG1aPFIyQ5KknLKVwCWycKMdO5x0Pfu3q0MLQwqioqEHu3ZNrWNlbqlZ380r9jxK2Z4nFy+JtXSs7rpFu3uq+1lruvesnd3I4iioWIRtmVxgg846cFcd8devAANacUxUKqkFtqqCBj+EAEHp+PAJYjqarM6YWMR7myVdgSG28YUr8wyQAOgyRznBBczKgjVQVRiSjEkkDBxuJxxjPzYOOM5A561OFtHpZLr05e22tlay3t1PPlTqOs29U2m7t623X56aK3VNNqxHNI0jrkyEOCzAEYYgkKcABjgkegJAGQOLHzQ+YOMSAMpf5mUcEksenDDr347kVQS5WAMQ2UwQ565XGRgg8ngkYO0A55FMkvo1jLHLgoNxYjcQD0XA6gtkjPc+wrGdVptKTd2r202adl16a/Pc2p0kk1dNy5W27aW5Vo7Wvr530aXQpajcPGS24OQSzEE4G3OAcc5A7Hl+SOKfHq0LwKHH3RgkY+8R6c5BBORwOh9q52/vS8xAcIrMSuDnK4xhh0PGMck4zjPfnZb+SGURF1QNIxVlGc85JYc4ULwNwIxk47ngq1E731TS1vp9laXadla9r6vU9TD0VaMkl8UVZ31u47O2vd66LU4jS72HwR8Wb2wd0h0rxfC13aqDtC6kN24dQCZM8DGCR2IOO9uNT2XU4eRQDKQc4zwSeMZ/DHvnBArwH4y3kcVlb6+l1DDf6FdxXdrJK6oSiODIkfO4qykngc4xgAceZav8eYNSiji8KQya3qcsMZeRBstraV4wJBI5O07GJ5IJHQZxmvm1i1g8VWjKTcJPnir2vdK8fNL4l136u59TLD1MRQoSS5ZxSjJtW0VrOTVt99WrNW3PqnVfEtjZQyXF5d29tEiNmS4kEeFA9GI6sDyvpwMnA+c/Fvx90+OSXTvClpNrV+cJHOoP2dJORwQuZNpzgH1OGGK8li8N+MfHs/9oeLdbltLCN9xt0PlWwBGfLjXKmZug5BB+vNei6Z4W03w/amXT7e20q0RSZte1by/McY+Z7eGQk52kGMjLYA49Inja+I96LdKmre873eibtdPbp59djaOEo0kpTd27dXa+i8nZvsreb3PNrzT/GXjN49T8Z6u1hYtzHYBmRdh5AS3VgzfKoG4jBznvmu30HwtpOj232iG3hsLYIQ2sayyoyrg7ms7d/m3Yb5epwQPSvQvAPgHxt8UtUbTvhR4M1LxdfGQRXPi7WYZIdA08swVpElkRY2VQQyhQwwMdDx+mvwX/wCCePhnSrmy8SfHnX5vHuuwhLlfDloWg8P2Ui4dYDEpVLmNMFTuHI68fMfgOJOPch4b5vreKjWxSinHDUpqrWk0lo7aQ3WsuX9H6eGwWIxcUqFNwitOecWor4Umk1a13deT76n54fDH4bfEj4sakmk/CPwffeIGSVVm8W6taSWug6aHYK9zE8iqkjIfn3qGDKFIAya/Ub4O/wDBO/wL4Vu7HxV8btYl+I/iuFY7n+yGbb4fsLgEMIFtw2y5VDhcNtBx0HWvuHTpNE8IaUNJ8L6RpnhzSbKIRRWVhbx20aKoAAVUAeQY4+Zj0JPU48i8Y/GHS9Dic3N9EChLfZoZg00jfw7lyzFh1YcDHHPU/wA9cTeKHEfErnhMrhUwODqNqKotutKCsrSqK1nprGPKtN2fR4DJKOFl7avP2snaTcvhu+Ve7Hrqmr9dvX3qO+0bw7pMWl6XaWGg6TaLstNO02GK3ijRBhU2RqoGAo+8x7sAR18o8SfFXw1osM7veIbtkbMCOrSswGAqlcsp3dskg5DYHX4/8S/F/wAR+JkaPSzJplpLIQZ5GPnsvPIBJ2nb3OSecgEc8Fa2d5M7XN1O8ssxIM87M5Y9c/MeN3K8AADrjrXw2E4arV5/WMzrSlOTUpJy56knZNqUndRbT7t9Vq7nqTxlOmvZ0IrdWk1peyb7L7tfM9Z174ma74muJV07fY2bNsaRsmaSMZySx4Hy/Ujgg468ikSszogkuJ3bc8spYk5+/jdkZIBwPUgbVGTXSaB4Wvb8RLbIdzqAXC7Y1QqMMWx83qMnBHU7TivYdK+HMVnh77aAwUsFIDSnIBzkDCkYJ68gnGAc+1N4HLIxpRjCmmtlbmduXd6O6Ss3ezurpOyfJOpUraNuUnbTr0tpvpdaa3vq7HiVppFzetDHHG7u5wTtDKigYwVGRgY3EnGByeM16RpnhSGyTfIu+4cFmfbuCYOfkI79gM/Xng+jx6DZ6fHJcSm30nTIFLzXd08cKFFyS299qhQASdv4+tfHfxv/AG3PhD8J4LrTNAuovF3iKAOkcNi4ktYZlJXdcSrkEg8Y5G0HHpXm+3xmbV1hsrw9bFVG1G1KDcY6pXlJWUVbq7aa+S0pYWVuetKNKGl5TajZJR6WT0WiS762sfSlza2tlZy3V9c2+mWESM8l3dPHEoUYJJZyM47ggHIHGK+FvjX+2T8JPhmLjTPDEi+LvEaeYga2cNaRTDIV3lUEcE89hnjPBH5n/Gj9rX4qfGGadb3V59I0J3Ih0nT5vJhSNiSBIE2lwFxnOc4I7hj8olmlleXdJLKwJZnyXcjr5hfIycHqdw4w3p+pcN+GWKq+zxGdVmtIv6rTbtdOPuzm7c1vtJadmjixeY4ei1DDJ1ZrVzkko302j5vbmte9uuvuvxW/aX+I3xMuppr/AFJ7LT2dzHYWchhiji5ABC43naVBJz0544r5h1HVru6eSXe2XyhJ3OxYnnLkg9+CMENwOuK35LIyyNIWA4AChchTjhSCSBnOT05qnPoszsqKodTsZtowc5GANoIz/wACwoyDziv2jK8hy3LqUadChCmoq3w63VtXe7k5NJptLSzd1dHiVauNxcleU2pWXIlolZJpJWtr87aWvtybW8smVYlnOCRk4A99oJJAOQMew6HG/pGlSzbVMbM2DISFIJbHAbIJ6jAPGc5Gccd5pPg+WdkkuUECBcsOAXUbcZwSSc4IOccZyTmu5ttNsrJT5Eas6su6ZwFCnvkk8498DcfTr2VsZSoxai43glrdWWifTZbf0rnuZZw5Ur8s694LR8sviduXpv1vfzStrpxGl+EpJRvnbyUeQ792C4wOODghfXPqSGPWu3s9Ms7KJvs8KyPlQ0j42uCNpILjc3QnoCSSBhjz7B8L/gr8UPjLrcOkfDzwjquv3M7rGbiK1mXTrZT8rSyzlRGqqOSQxJA4yTX7cfs5f8En/DfhaCy8WftAa3aapewrHdf8IzayrFp9uQPM2Xly5VXEfIdCAMgg5INfiniD41cI8DUpxzPM4YjMWrUcpwTWIxtWba5Y+yptumm1bmqcqT720/W+GeBMfmDgsHhXSw6tz4uunCnHZtxlKzm+to3t1dj8avg5+zP8Xvj3rVvpPgPwpqV7DI6Ry6tNbyQ6XbqxAZ3mdVUqgydwZgAMcnBP7h/AX/glT8IvhVaWni34463a+JNaskS7n024mS20SxdAC6StIQlzsIw/XOMA9h7Z8WP20/2cf2VNCfwl4FttGvNT0+AwW2g+E0h+SZE2L9quIhuJJA3HJ69ATivwl/aY/bs+Ofx2e8t21e48LeE5JJEi0jT7iS3Zovm4uJUKM/yn5iTg/MDjPP8APbzfxt8b631fJ6VXgDg2tJqeOq80MyxdCTSbhJctS8ou9qahBXadRpM/QqtLgzgaHt8fUhnWa00pQw8OWcIzajo4pyhTV93Ucp2taOrP2U+Of/BRn4Bfs8adN4H+D2lab4g12xhaztrfRFji0i0eMBEDNCoSRo2GGBY9CQeor8VvjP8AtLfHj9o+9nv/ABd4hu9N0AyPJb6PDNJaWUEQJwpiQp5mFIUBhjjtwB8IWHimy0jWIrjUpvts5kZjlvNzIxyHcuW3NyCG3DB+ldZ4l+I17qcYghKx26kELGFUMCowvygfKAeckZIPHBJ/aOBvAjhPgX2WMjhXmucyfNWzfNH9YxVSq+VylT9pzRp3d5JQfNrrLdn57nXiXmfEEZ0YVVgcHF2hhMK3CLguVRVSatKVkrWuk7dNzor690Dw/tleQ3t4VYvI3zbTznK/MAwJ6nJxzz8wrzbWfG+o6gZFRzb22TGI4jtDDkKhCjJBwNx2+nAA55a/1CSZGYSFtzjc5yz5wCTyTgYwAB6ZHeufBkaQKWVFxu4HzMW/iC9iRyeijv0r9npulRXJGKVklfRNL3UrPZJ/Z3XnorfnVfFV6lRJNpPtdvaPxa3V9bW0V763Zry38kqOcFnyAAc7QV7E8nnO7JIAzx05oH7ReAgB5mLqCgGCmCBjIySARznkjrWzoPhfWtevIrXTrK7uJJAwVIY2csSSNxIwqqwAyWPGe4yT9QeDfgVa6ZBFdeMb4RMxWVNGs1E1/L0+WZwdsKqepZxtHJGAK87F5rhcM3GU71LXUI3bbVt0ru2nWy033OvAZTjce4S5HCm3rUaaje0d090le+nq00j568MeBdb8SzJa6dp11eTSthmgQlQBnJkkICxkY7kAAZDcmvpLwv8AA3R9KRbrxNJBqF7Btf7ErCOxtQB8wu7vhWZCDmNQxJHJycnvde8e+GPAdqumadb21ihTjTdIwbmYeWAPt9+oYs5z88Y28AjtkfPGv/ELV9emMElxJaaaWaRLG0coiggnDsCCzleCST3yMnn5+dbH5k7RjKhQ0bktJT+G2unRJ+6tOr1PqYYLJ8pUXWqRxGIatyqzjF2jvo1fXVLddEew+I/iJ4b8PQjT/D8MV/cRZgWG2iFvpls4ABO1Ri4IK/fJycZK4rwTxB4t1jxDcmW9uz5K8fZLdjHbqRwAiLz8uRnJbGOvIxz0155sgw+yIElhuG8P2JH97AG7IJJGRzjOXc3MNswlL/JyzkYUlm9OmB2I4yPxruw2XUaSUuRyqXu5y1knZNpPo7bbX0dtdfLxWb1Kl6ULU6StaEHy6Kzs9E72V9fLuWpLgEiZ1bER2kH5lJPcAYzwTyQemMjIzQvb23t3EkbD5ELEMfl+YZO1QDnBOCpzz7VyOr+J4og6JLw2cgPjaMnhRn75B7HOSMYI49Y+D37OXxZ+OZN/pGnDw14Oty0mp+OPEx/s3Q7O3UlnlS4udouWRRlUjDKSPlOcGvVhhXF8zVopJpdErR6669uq1ttp4U8VKo/ZU06krbxb0tbVy2Vld3eq6935s/iBmljgs4Xurmd1W2toIWeWWWQhVCRRqXcuxAUKvO4Y9a+pfh9+xn498YaMfHfxd1qx+DPw7K+fLqniaSK21W/tR87Lpmmyss8jup+TK55DcDp1svxV/Zo/ZFjlsvhnpdl8cfjJEjwz+NNct45fDejXyIVaTSrSQSRymGQbkkzg7Rxg18J/Fz4/fFX426zLq3xC8V6hqHmuxtdKjuXg0mwhDHbDb2kTLCqxrtVFVBwqnPFbKjK/LTirOy5mm3qktE2tO1/J275VcRhqKtiJ+3qXs6UZe6npfm1s3H19NT60+JPxO/Z/+H/hTV/hd+zp4VbxDfahbtZa98SPEKede3sq/K8mmh1P2aJiNy7DzwOlfnsLjUIS8V+7vLDKdo3ZAAY7mIJKkhsqmORkdTybVnfTxxi1sQ0SSNiWTHzEAYDKcZYnGPyJPIrsfDfgfV/El0I7e2mneRwoKo0ksu5sbFABxye4GOx4IrWOFmrczbbtd63drWv+T2/Q8qrmLq2VOKhb3Yxgna1l03le+7fp0OZtYZr0IpV5XbKxIOcgnOW54HQjntzgYx718O/hL4o8XXFvDpulT3UvmKqSbH8mFSRudn+6R1OSSMcE9K+p/hh+y5pekWlr4k+JF3Houn7I5RZTN/pdzEAG2tG37wMzbRt25HH1r2PX/i54f8G2baB8PtKttKsDCIhqbRR/bZUA2BkAG4M3UEdcjJbjGqpQg0nJTbabS6LS92uqutFpfd2u1h+8kuarJxikrRber0fnu+idt9bJ3PBPwZ+HPwyS01v4hX8Gra1FH5kOjRhZQlwArKrRcjaGAU5XAzkZzgp41+PupX8dzomg2x0bSUYxQ2GnAwyOijaGuJUChFKjoCOO4FeH22uS6ldy6prV9ceW7HJmdpb2ReWxEGyY1PqNuCBngBTxXiXxMGlkstMiW1s7hsl1J+1SAZBLu3zDdjJAA9D0Jb2MJhJ1WuZOMNJO6TWtrNa+Wjvd6arr83nGeUsDSk6Uoyqr3VFPXmfKknZu3mr37s0tS8Tacs88lw73t/I24W6ys0CN83ErHIfB+913c8noOGv9c1HU3EbzBYlYII4WMcar2UBeDhcY6HPGe9czI585zHu3AthMkksDgfewGPuTg9M46aNtG0skQkKhlIO0fLuZjzyDnjjPXHXGK96EFSpKnFLmTTb3k3aL1avpdPprvroj81lWxWY4r2tecuSVlyK7im2lt5t7vW/pYLm42RYKFsPtP3QoBHODg5JweSPQDmtTTYfM+zyNwgyyLt5JHJYjocjgDnPfsaiuLVZA+RgRlnK/MEKL0UMB0PPGOenvUlrIxjSOxgM80fDsATGrZJAAOBxkHbnse/TppUaldRjTjzzbStFN6Nx1Wl07bpp9UbVK1DARlKpKFKlGF23a6a5btv0XXZrpZWsJMYb2ZztVSyKSw5ZGJwFT1AHBPAJ+Uc4O1bw6jqs5i06KYKV271U7ySdqlV5DZzwMHB5PYV7b8Cv2X/iZ8c/E1hpXhXw9qeuXd3MiCO0tZZLeIuygNcShfLjRF6liAF7jmv6fP2P/APgj18NvhHbWPxE/aKu7HVtVtY4b1fDbSRxadZMgEi/b5GYLIYzhXQ5/iHQGv0TI+CK84UsZmb+qYaVvZUnFyxOIta0KFBNTk5XspNRgtbyfX8F478bsqyiVbK8lccyzFNqo6dWCw2EVk3UxWIf7ujGNm3HmdRrSMXaz/Dr9j7/gmP8AGj9pbUbG/TRLrw34NLpJqPi3Wrd7e3EGd0n2RJ1UyylAduzcCCuSDjH9L/wY/ZY/ZN/YE8LDXr600K/8W2tqs154x8ULbyXf2hEDOdNt58iNd4bG0Z754Arl/wBqD/gpF8G/2d9An8GfC2HSbu+022aysNP0VYIdMsGjTy0JEICyumAQzAkkc8Yx/Mb+0b+2j8Rvjbrmoah4r8TXs8MsryQaUl062sCOSUXy1KxjavAXI46g8V+q4fC4DJsOpYin/Z2GcU1QUovMcUly61Z2/cwlpeKSS2s3Y/mStm3F/iBmEo4GtUx6VT97i3TnDKMI9E1h6UtcXON9Kk7xvquXY/Zn9rP/AIK53V++qeF/hJc/ZrWMy20uvkgHywCh+xxLhY0AJKiM55OVIr+eH41/tC+M/iFfXM+ra3e332iZ2mlubiRnneQk8nOSOeBgDoBwMDx/V/GE128oZmWIklNpyzuQWLDoSCRtJPGNwPAryDV9Qe5uwPN3AvukHVUBxnn+91PBX88Gvi+IuNYqhLCYFxwWDWns6DtKqkovmq1NJTb3ldtNtpJO1/2rgPwepYXE08xzKM82zR8l8Ri06ipN8q/c02uSlFLRRhFW7s1rjUJLiZyJDIBy2TwMYyq8kFsnr0IAJ7gVxcxgb2UqB8yMSclgcYIyVwM55HGMZOQBj3OqafY26TSXCIibmfeQm7PBLE9VznAxk+o7eDeMPiuYpJ49F+aNswmRj8oAGW2rk8ZHHfrnjp+MZrxJJ81p3u2k02+sUm22m3pq9/Jbr+qOH+DY0o026Nkkt1pF2V77JdF5732t7D4i8c6fpiOzXMaskbZUkB3IHIAycYGOScnpk5r5b8c/EW91cCGMNBCd33GKmVGJG4ngnB4HHJOT1zXnuqazqGpO9zLOZJHkLbWcgRpknAGSMn72R7cniuckeW4Zz5hfapI3NzgdVAI5xk56559cn4zFZhWxL96UtdXe+/u6K+u9vTXvp+l4HKsPhIpRiudW2to9Lfda69V8nS3DSYDsXXrncSSTnnGTkg5GDgkAZIxmkh+Zl3gbMnI/iGDwMd8dTxx65BAhGQoDAlexB/i4z+BI5zyecA97EIQgKUJbcGAzkMScBcg7s89cDI4BFefe7l96btbo9+19e9rXd7HrQVmkrrVb9fhS0Wu339upIWOJZUUkfdD9BjPXHOeAecjnnjkCk538gEEkAkkk8dPyxwc98dyR0dxbRW1qCpKzSNudMDaFB6HnOB6kEnjhjgVzbOWctjluemQM8cc9OhyAPp0NTTlzJpJKKbs7bvTVPe2m9k9NS6qty2fMu99HZq9vNbXdtXbVNijLkZyxJzndj8zkjpx398gVZUqkJcNhg2WYEhs5wuFOM4A55AI9cgCqHAzyQcf046dR+PPbtlhbPAICnOec5/TIPcA9Og5qnBPfVdun+dvK9t9DOMmm39179k7pPbZLS1vwenO5uAqKTIyKCCOFKhcE8Y5HBzzk7sHsaQBYkAc8nHXAGcjHU479+KWLzWK+WxXEZ45GB3Ge4PUDJ4xg5zgiYmQfNtzxlck7gO45J6cnjjJIIzlKCStq0np+C6Wd/vS1eisk5RUmt+nXTZLTZu3p1fYZ/k0zBHJ5PPfOPTGc9+nHGe/WrEkEkJCyKVJwRkdQc4P6emfxpm0kcDIJx05P8/XoM9KrRfJfgiUtklrsrb/LqLGGaQbfl6HGcdeT6rj8Dj/vknrLBoGhZbmVPKmHlqWUl06thSN3BbH16nGcDCjtGijWd0wMgAHltxAwcHAwTkknJroha2QjsQJGZpNzThTkq23IUAdBnGeM8HJ5wOepJyfKuqWuzWsb2t1Td1Z276PXrowcd7xbtumrLSz+V9L26mFdAxOUCA/vDtkGVJUHjII6YPJ9sDIyVx3JyTnPU8HgHvnIzzx6+pOOa6PUtRSePyPKQvE+0SBACqL8u0kAliAoySOuecdedKZY8E55BUeg9c54H4dO/JujpFPa6Xf/ADst9EndbWskjKq/edm5NtbNu3w2sl316aXve90V/wDP5/Wp4oyTjBJPAUDPryeuceg68VJFbM5C7WJcgLgDk8HA+uRyM8ZxzXoHhXTd1yGntBKoYD7uCmfl3MSBlgc7R2+U45oq1o0o8z10ul6/lvfp3FShzta6b+q6/Lz2smYsWlbI4yA8swQFU2NsAYDrjqB1OcYI6YGa6GLTbq0gWdlUzj5okADKEAJIOc4wpyDnkHbx0rf1ea306aS3jLWv7vl5lG87iVwiEEg5PXoQAfUVwyapcu32eO4LQsWLSA4+gxyQG4yO/YZrjjOdZ8zaUfN77aW2+a7O++uk1aSTaUUrLfRJxVnq+vdJvVa6E0us3K3IMEO1ycbwuQzDksAoIG0hgo7A98Gsu4uPtIknuVIlUnaW27SQeh743MepBHAUYNX7W7giErbl84OTljlNuSSFzntk9Dz37VQ1HUIW8yMW67mKkSL1IAOTjkHPXvnOM5xjVQvZRir6KUr235dVa61svTRJakStb3bWSstrJtLVaJLbS9tLLUy3uAkJhVQGJOHBPCk5Gdy/eIzj9cADFE+YyliSMKOMYHTHTnJ5UduvvimlmJzyd2cc8dx0yOPqT7YycIHyNpOFxnGe46cdD1J6YPpxXYvcTtd7+r9Xe7/pGfN3vsuvmn+Nltb5vUjwevp1zj9c/wAu9LtPI4OMfqP/AK2OfXPqaGIPvxgHpjp9PfPA68dKUPj3P/1/yA6fljHQg1/4H3dfv+/YkQqf8+voPXPb/DBPqvweRT430sOMbJAxJ9T6duOn0bHNeXBxx1PI/wAkdfy9D6ivVfg+qyeNNN2ZLpJu29N23t07nGB1B9QDWdZ2pVNL+5K299rrpp+fTrpUPjh/ij+a/r+kfp74QQC9ky6g5XYuAATkcHOAfTOf6mvebgu1igLkP5JA2KOOOMnk5x1xjHU4614L4MeNrvzGIVkZCAQdo5Xdz/F14yf0Jx7pcgtbq8J4dfmbcOnGSOmOoI75Hygg16GUu1CnfXW97Stpy7pf5rzasrrE39pJpbS6rTTl2SfV30vqnrpqS+Hy0aSLKA4aPIJP7w9sNtH16gDI69Qci+MjX0j+UER2KopPQgHJxjr0xyckjOSTnT0SKWJ5vmCoF4YncpIIwfqQOOO/GOlR3xaS5G5CpcowIGSwYFRgA9HPXnJ4PIJI/UeEYy9snp0XS7+HrbbRu+t9Nz8O8VHH6goPd7Kz10S383vfdO+utvO9XDNckFtmwhVHTqckqcdecnkAjcAwwKXTVKsVyD8mAAc5OSQD1IL5GeO3zZAq9rETfaDGA5IO3aQAoVgDknrxwCfyLDOGW+yIIgUCVSFZgPmxwWOTxkg4wBgAdDiv27CwTjF2slGLvd7Wja2mlr367q99EfyJidPaRT+3q76PqrLTzej7W3ZupuihZpRguNrBhuZTk5UdSQvB9if7wrAvJHLAg7FAO0nq2eBnI5Ugt07DPPQbs9wnkbQuQQ/zMAMqVOQCMA5A569QO4B5K5lbdIp/dooCqCAWAOMAZwCDgErkDGPWvTf7tLRtWVtL3Ta1bSVvlq/vPNw1NSnJq100reiV321003SvucH8QTv8Ja3HlS0lhMGI/hBD5zn2wMdAPmzzmvzJ0jQNOmv7ifUrpYIbeUNsX/WTYkJ4BxgE/KBk444wK/R74kXgh8N6oHDKj2UgyMKzKU+XP+yRzznIzjcK/PXTNEl1u4kuYgyR2ztJKQ2G2iR8hRnAYhV6feOTxxX4B4pTUsxwW3MqM29Heykrvu91d7dttP628EI1KWRZmuaUYzxEEpJe9pTV3fTTWyev3HsV14jSyexi0RvI0jTLWNpjEiRtNIBuCyHkOxOeCM9cjjFc9p/iHVbzWri9tJ5le6xv+Y+YYmYll55UBQADnrkjHWuIuEmkuLiwt7l41lkiiSGRsM0jNtG8ZxxnnOODnpwfYR4Cv/CdpYT3qu1xqECtPPbyb1SIpuVFPY7TwflI6ZB4P5kpTmlJJqKa2bjrbW1m7JJdbLfXSx+nYuhhcNFuq06ldvkcru+122tba2ba67XNjQL23GpTalLeT2KLDMiO5w7SrHgkjnjBXlj1BBwc16B4M8Qw6VYtEs9rqNvf3cn26S4RfNWJ2IMaSHncw59F3fjXnF3olvHo8E8Es01zNKWELBiy25OCrKASAcH5iBxjnnJ9R8HeAfDslnb3PiLVl0dZYi1nBH++Ms7E7WkQHK4IAy2QBz2JruwWMlRqJpRbutJO2snFdG47LqrvVJHymaUMHVw9RuUkpKKapO05Ri4u6jFvrvqt1ZPY6rXNP8B30RlsbYaPcrCHN0zCSK4YEMqxjnO5gMqOCPmHofE9Q0fUftQuZQjKZDLHK3yRmKM8MVCggso6EAkMfvY51/GWjappDi7FzLNpwnMUEqKfIVInADsgYnDBcnK4PTtXA3fjG6S68i3uorhXj8uRCMqoAwSOxIOcjI+uea9OtiaTfvU+WTkuaUUkruytpq2ltu29XoZ5Xgqipp0arq0dHGNWzlC8eqdmnHpe8m3q72PUpfDGgz6RNrcmtTQTPCCYlYLBHIOCgXOd4ycHbzgevPkfia/0W4S2t7fU7+dYiFKyM2yScBtu0/LtTOMdTwcbs5qzNrSlRKsU11auohmV3ZYxIRghIwNoVeSWxxjqetclq82k3d5Y2z3SW6o4EqW6DEQZhlpHGNzqDtOACvGecEDxVH2ajFR5rK93a7bW6b2ael++m9z0cFgayrzqVZyq2V1FNNRjeKWl022tFfXd2PQ/hn4jXQtT3308Fk0yGPdJ+8zGBgbwxGDuUFSNpxz2IPqfiaznvntfELwRSNMpS3aCMOLlNhVS+3AVpDgKQPm7968Sa38Iw28qo11OqKrC8ZvnaUAfKmc7kPJGN3UDPU163oGsxnQbNV8Q26vbygJbzhdsMQIyoU5XzAAARjIH6+ng8RFQdKUkrvmjJSV++vNv10t8raHlZvhJyxEMZQhUXJaNRODftEmt4pLVLrZ2bSRw8cuqXd1PbWlhdJfjYoVA/EYOJEHH3lXIyQRjPQsMb+kJ55m0zUop7Q27NM8+z5kbAGxpGAOfUc5yxI5Fel6Dr2ircmUyx/ankIn1FFXKY5AERXIR8ZJGQSep3CukMmkatYX6lbd47mcOlwUWNg69WkfqE4JwwHGeQSM5VcNeTmqql71rXSVnFNOyd0+jd7Xtpq7ebUzGrQhGEcNKnopOSWqWmzWt7rWzdrq2zPmrV9M0rTpm1CFpJblpMeSwyCxYFJA3RlYDO3oMgcnBPqukeMdUbRIlk+0w3FvzaQRMyQglcK5Q4APGSeRwxGetdgT4Qt9Nuo7qyi1bUY4ysEUCfukI+WOUEKQxXOTljjGeoBrjtR8NXL2jXkN6jSNEjw2yFVW0TBYI6ggj5epyc9O4rmhTcL8r0ablFNpKz0bT1unotku2pFTH4fMIU6GJpPmp1Fyyq6Tfw6pfFd21d1e/Vu5gWF9Z3k891qSTPe3heB52UlkldgFYMfT+LsM8DtXUQ6XYWenzaJqE7JPv+02N5AN4bdl1QvksWBJHzc5wcdK8ngujLrAs55Wa2BUkxqAqSKRvLkE8A9wcng8da72azcQNd/apFYAPbGXOyWEDO1Bu4wB35HGM4rajLl9+Kk2tJX/lvC6afZq6lfvdrpljqMKdWMOdxU6bUdFpJcu6Vr+T6ba6padpEtm63U5uIHtoybeZ2KGW75wHbqCOxOOM8n7p3tH1e9urYXN9Mm+a8TdcEb5Mg9WbOSAODzgk8qRkVW0LXNNurGca8Lea5VF8lHJTzETdhwezgEHhe3PB4v33g/VdKttKv4XS60jUXM0CWxDpGGbcqSMMn5cfN8vqcBuK9D2sp0m3G6dnyp25btWvH5WvdNJnztaVF1HRrJ0qzj7kqj5FOK5VdNS11XMlfmV29lp6FNcLDYwsEguHuYyIUKZbKHLTsQCxHoCBkDAz1NHQvEF2LmVrkOLRWPmRxKUjcRgbQc8ZIxzkjt/u5+q65Y+XpGmJsjv4If8ASGiUH5cgCNSOvQZXA3dee2/beVqE0GmpARCY0eTBCuFGWZpSq4zk/KTkknAJGK8Gpfnum7L3XZ3s7pX5dG+iV99fK3zmKpr2Evaw5lNSkpNuSSTSvaXbzvtdaI+yv2aZ7bxp4rGlWlurvOUjtYJyBFFIMjzHzwyj73IAOSARhsfqN4N/Z60fXvFnh3wxFqd9fanq0wmuNP08KjWNzC5Msscg48lI8uqlgRgn0z+N3wB8V6V4A8VvqlyZI7uSVrKwVHHlsrgq7FiwAIGPm+9nkcn5f1t0/wDaE8B2Hwskm8JXE+lfEi2EiWniR7pEvIr+7LRzRiUHctvEhBWTnaeDjPP6fwJVy6F54v2U5071IxnZSko8toxV0uaWqTb5U3qz/PP6QGUcYR4opx4dp4ungsxpQwca9Kg5UaVWupRWJq25uWnR91yUd7NH7f8AiO7+C/7PXwfsfCHiXU4oPDN0YLXVE1Wfz728uTGn2oxKCWJ3qRtU4UEgnaSB/Lv+2xrfwuT4j6jf/DCS107Sb3U/PisLTCmKAICtw0owVkmODtBwNx6Vr+O5v2kvHPgOXxj4qi8W674QtLovaa9cfaLmzR9xBmUu2Gi3Bikh+RhhRwQB+cWt3usavqEyztcah5l6Y5JZVy4IIVVBPTO3PIwuMdDivseL+I6+Ow2HwdLBPC0X7OdKdRN1JRSS5U01FRaUbcrfureW55H0c/A7/VDNs04hxvFzznG15VYZhh8JUisDzytLknTUpTdRSlOU3Uaak5Wile30rc/tT/FS08Ip4G0rUtTsPD+pWE2mXsNlJhr+1wRsZVxkuCoY87gwyeOPzs8XWVouo3Fu9w6TXdwZAh+9DIz/AHJDknPAJO3JPXGFNfu7+zt+wrp3xR/Zv+Jvxp8Srrenaj4L0C8uPDNrZjMMk1vAztNK5O3aQoB5HXgHaDX4O+KLGc32o3cxnlvINQmjQuSwG2Vwp4BAy3zH0OcEZwfzfi7LszwuDy/EZhUvDFUZVMNGU+dwpR5HLZXg3zRcY2s+ltUf2R4N5vwfmGc8UZdwzCnhsVk+NhRzmVGnGMK2LqKcpNTuvayXJKMmtFNNaWu5YfBV5qlrcf2Yzr9ntTNJvY77gKNrFMlUQDJz0bkEjFedvoE1l5sGoTRxxyZkU7lfkE/uw5OcqeMjqR0JFelz+Itd0/wwugwwxwXF0rSy6hG2J/KZS3klgCwzk8DB5wORx5mljdS28k19PIZIyrL5gd1K8HBJzlmIJwc89cYzX5ZVnTiopaStrdtu946Wvu07t6rzdj+mMro4iNTETrShGEpKVFWXOoxjG/O1ZPnu3HZq+2pn2uhxWqyyzuUjmYSRsWLNKqt/qyw5QsDzkkEfe7k9F4fhXVtQka3hkW5JFvaxkd14LAck5UfNyMAkgDGDLpAiv4Z7N4jJcEqsK7SRGpYYAIA+Y4yFH8JwAABn6w+GXwLu7i0sruwspp9Y1FwLdbhTEqSyjAO48qhHLFl5HYdDlThUqO0It6N7J9Fs1va7952v5pmWecR4DJMJKrjK8YN6UeeSV37ukbu7s7ptJX1a7ng2taCIoNPa7u/LlQtC8BIDYIG/ywCSBubAIGSBle5qrp95plvE4e2ke1Qi2DjHmBiwO941LEsmNysR94YyNuK+n/iD8M4vCE0lpqNt52rWJSS9EzhooZZFw3kvk7lyxwCgyOc8HHzT4h0K78LXNzNbS2l8NSRZoIwvmlFYhgpXkhlLEE4xkA4HWiWElKKjLnVndxV2oq/W6j7zas1G6V0u5z5PnOGzfBKtGq3GbbpxtzRUW4vm15ddLWV7XTbWl8rXdU0ezvbeeKWS4iZyZ1uAXG3BCHaRhGKktxjnkEc1ox31hcXNjPDGltbRReZbysud7NtBJQDsDnkjkY24xXifjS6ubXfJLdBftZLSpIu0iSPIKRgZOAGwOgP3sbuDs+Dr+bV7iwDo8kcSoixscRuxQnzDjhFBHIxnk4OBxx4ii6VNxvzW5Vs1Zpp73bV3vbVuye59FPK/9ijXT0TSbUXy7pbpvTXW7vdaLVpdhrGu3VrJe2Vjc5trlnadmB2yFSMqvbp06Dn/AL54mbUltVW4FxnzB50Vowwu5Rz05PPP5Z65HoyaPaMt/c3cLSXQnIs1RS0WWyDgDaPVmJ6989uIfw1JcXt5JdRzm3iBJliQqsCHBGGOMNnG4ggY44HFeTVgnFqSkk7JrVJp2aVrO1076dNZWtppgowpw5ZtuKcea8rK9k7bNJWu7a9G7MSLxPpBscpbmS4udy3CFfmdzwoR8ZVFOcgYznnOAa8subDU9Rvy1qDAXuG2nlAI8jadxAGBkcDIGR3yK6+/0ttOhge3ZRbSXBPmkh5AueXbumAPm6HBO4ZzQ2oxCa386RJI4SVYINu4AgjaQOS3fjPB55OeWjhlF80I6vR832drW3TW1mrK+zR7dLloRlUpXfNJaSWivy2Sa38klrd7XR6D4D8Q694R0ybTbRXEd/chLy4zkKc5JiY+hIIGD6YGK+sdF1zWNT8JSl5wIFt1RriUHzJsls4zx8uSc9ycnaeT8/8Awu0rRfE1xfQatJJaWEcD3FuisF8yXA8sepOQOepz970+rrfQrCx8P2elWUEst7eo0SJKVCRwnHkuBkgAcZOMsCOQOD8TxDnmEymuoVMMp1pNuVSa9yEYx5m2+V9NLXbv1Px/j6nQxE4WpJYqNdVp1Fa75bWTtZ7vaV9He+9/ur9gPwl4o1nxHbSeDYNO1bUprb7I0+oNtWCWYkJF5jFCvIwwJAwD1OBX3D+178M/jhZa1YXM+gaXpd5Z2enJp154bvYhaWV3GdxuLzZu++UzhjjdknrkeG/8Ev4bbRPH134S8URWei6be2QubrVp76K0uIpIVZiNPaR0DTOvGNwwpAGcYH6r/HzVvh94R+B/j64sLzTfE0uq3N0ui3txq8VzrxCKyiO3j8x3zGw+TB4J3c5BH6dg+NMizfwmqwWcUcsxOGliZRUKsIVI1qMuanKnFqM2pSs4yT6/d/n7xvhs9wXiVi8yw+XLF0Kqw1JScalSn7GdKFOrHklH3pTU2rqaSV0/P8B/2kfHvxE8VaRodh4x1K61G90JBpiaem02vmrGENyh486VupfA3dsADPxr4U0q6t9SuG1W1eVVM8gk8sl1TaSGJGdsakZLjnjpwc+l/EbxB4g1/wAWadp0gltVnwI7a4nBa1kZ8qbhjwxKruwxwM4HGCfWvCHhq6t9C1XUJZLG9EVlcDVGn2eaqrGdscIYE7MhmLcByep3YP8AC/EXEmPqQq4nN8ZPMcTmdeNJYivUlOvKkpwjGcp6uMeWFlZu97K19P6lyGlh8qyfCUMLRw1CniOVLD0YqKpzm6bqe7HRXldOSV7p67s+DtV8b+HrvxrPaXMo09reeO3sxnEMs2QN8jvyyFfvA7c57ABa93vPG+q+AfDsfinRZZb19OkaVDafJBblUZ9zypnzEbPyKOpOMAkY/ND4vawl14/15oo5beGC9lNtHG7DAHybgAo4yuV+7kAla9g+GXiDxT4y0JPCN7rSQaHGn75S6+Y0MnyY28MzgZZRu6ADdgYP3+b8A4ark+UZpKrGeXxw1Cpj8LXvOE6Eowc+VW5ndSd4+aWtrP8AbcZwPRq5XlWYyqJYZ06NXF0Kl5xlSkoOSirN+8rrrdtWaZ9p+Hf+ClnjDw/ov2Q2FtLeAyXENxY5juBcMxVTPJgnamAWVgN2OvPPxX8Y/wBqr4o/GLTtX0HVNUeLTL28lvby3s5GgW7kYkr56ry5UFcc9OoIPHpNx+y/a6gmnw+D9ZlvdQ1RxBNBNGUWFnkCqZCQdqMf4ztxg46Uuq/sL/GDRLv7Pb+HLnxAv2Ka9e90dTcRxpCN7K8iYViNuWAPQblJGK4uGcF4J8OZpHMMNh8owGa1aiqU54zlhUhUg0lKn7Z2ptPWKi47XS2Orh6h4a5RjoYilRwlDGxqKVKWIf8ADqcy/hqd+WV7Oyt0bsfA+i6Hd6nq0NoIzKxKcsdpVBgMAxI3FhwDyDwckc177rvhzRrfSLZhZXNpePbtarGVLK5RDiY8cbiSD2AJx2xinwl4lsNeaC70y60+40+QpIjxSW7E277SQCACwI7n8sgV7iNPtrqz06XVGaZwy+YxwLiNON0SRqDgbTuzyfVQMV+x5txHh74WvhcTSqUFHmSozhPmuo8usW7pr4W2l+B+wYrOsNOOHq0a1OcbJx9n711Zfavqmm1fmsraXSPnCy8I3Qs7fzrKaBWdis+CrOMnLKOrdRgk5zk5zxXrnhK31TQms47OOa0lhnWWCcOElUvgrIrL8zMP7o4IGK968P6XD4huoNDsNHaZL0rBaXMsRZ4FBUPKgxuxncTnaSBkYHNfqf8Asmf8E3b34ieItO8Q+PIZk8JxGK6svn2XF40Lr8qw9AmBtZicBTgf3a/GfEvxu4Z4MyPF4/iWvSo4fD0pONG8ZV8RPlShShSbvKctUls7N3tv8JxLxtgMLh5UsXySnOLp0qF03OpaPLFxd1bVO9rJdd2vDf2WPit8UPhStrrutanqJ0e6v4rlIZVlmF+pdd6gvzGShPVOdvOOp/XXxTdeBv2jfhbqmoXc+o6TpojkuLi5aQxGK4EDEmSGQqGjSXAZwenO1c8/UWpfszfBnQBYWF34Xt5LLRoIXhWWFP8AlioZmmXgAttKkhcsTkEjFed+LNR+AXhrwn4vv9Uhi0PSYLG5t7fRY4zFDeARlXFuiHhnwMMwOWPRjk1/l7xH4pcNeIvEuXZ7wzw7meAzqOYUeXG4GFGMZ0XWi405Uo2U5tLmUr6JOL0en8kZlj8Dm3EtKcMOqFeniVaNCSbm4tO8ocqSaabTlr0fc/k0+O3gmOx8dXOiWesW2p6alyY7fU1VUjKRM4EYOQXYAAF88sAFBxz9GfBL4L6ZonhO91rx1d2XkaraGbTBKizBYIhlT5fJUuxHzcEjrnIx4/8AHubwhrnxd/tPQob/AEnwk+oRR2VrOzMzQ+YWc7Tzh8ZDEHIxzX0tqPjvQ9N8H/YIrAPFNawW1jNcsCI4Vj+/CC2SWPBAxnIwTX+jeaZtncOEuF8DgZYunWzClhXi6nJ7OrCEYQdSE+WyhUcn77vol23/AK4dfE08hynDUJVVPEU6Uqs4xjBuKhC8JK1k7rWz1atdbr561H4c+Adb12WyLR27PdefNJEixRSW287BAOAzMMEDBywyOwOL4y8Aw+HtSjfQ9NzpNtEsUM06BDcsyYDhfusQD8zYyD6cVys093qOvyaiLiRB57hIHYxiKOIlo+VwfvY29cjIY4OK61/F+p3ljPb3shvo1Z44pHVtlsoAQMW/vknC43cAkc4FfW4ahnVKWEcMbPE0/YU4zhUbTu1BN3Taclq3dttr7vVpYPFc1FwruqnGHNFva3Kmk03d6vu7q3TXwfVrO9Grm3tp9sbMHfDYyCwJjULgCNWJAPQ/N0HXSsPD+pTs13KT9nUPGcodjgLjcnCjnOcg8jnI7df4f0mwur+5fUJljjiV5PNJwJctv2qzDA5OGHJIIHLDJ7+PxFoOjaXcRiFLiYoUtfNC7SpypaI4PPuSckcdRj9BpU8XGFKFOjOdRpXerSVo35mrJtt2fdb7n2OFyuooJTUk/ddr/wA3Le9r666dHbd9fDLbw9ZreLdW8EsqoWWSSUErE4J3MQRyByQMHrnrXqpv7Cw8MrFa2qRtJKGBlAUoc4Z9/V9xOR+A4wDXBy+KrBbuS3tvmkn3l4FTbGJTyfn4AUZ4J5YdBuOaydV1TVbqJ2FqZIlQQsEDrEmSQWjGCCwGeQDjOe9ejXyaviIUpV7wjG0mowavflfL7rbvHfXo3dbHdUwvso2e23w6KS5dmnJuz7K9tdNDl/E3ie4mmumUlgg8rcgKoEOVZYwBhsk4DfMcYPJBFcHHfi2W3KSiBGl8+SPBMjdCpI5PBAwSeuSOK6zWtmnWSxfZJEEoDmSVM7Wc8bSc8A5PHbnjcK8uvIm88ky+aFjY5jZdwAwwZQCflyQGzyMHggGvdwGWwhTjTUbxa5bJOzva6ctXJvf4fTqnywTWlk7O2ia0aTs5at3j8T7X63t01z4uvb++a7EjRtEotopCVRYlA25IGAQAMBuAMHGcHPjnjq6+0xvPLdLNcCQIrMcuwDEly3dGI2rxtBIBPrHqfiSGCd4o4NoZmVow+1twG3eyjHAAznq2eeBivONUv3uJSyvuVc4DNnLNnPyjGFAztAyAR26V9XlmWrDP2qio3V4paO7s9d7t6X6aNNns4SEoqLkrdVJO11LlaXzdk3pZN6ptIbp2oy2z+WmGV2Of76/QnkbT2zz0PANdj4Zc/b45551eOANPJvc5DIWIXdk8A546tn2avOFfbJHhsDGTgngfxjABOMduxJPpjZg1dLe0kt4YRl5GzNuAZkcHOQMDJB44HPTrmve9nePK03bunpbl6JPu7X7q7Z2zgp7aeeumqs9HrZXfbmexoeJtevNY1OeZpCsZYqiKxG1YzhHwuDg4JyBnOOcAmudR5JfmJdn3qqKcHdgAngnjgnBwSPm6d2SuJHLJuLhAGLcg5ycYxhlYjkYPGNxIqeKF9qyLhmXOCDkhmz90dc7uhPJAwQcA1vSpuCS5dE9VZbaPS+ier6Ly0LSskr7Ky6NWt2SS69LXvZFmCLZLDMYwZfNJVATjeM7TjGApOOuMZPTrXf210UV0BImuIxwV3FXxu3g54VcEA9145OMcpGZYlt9zETSqCQUwEUHqGGOgzhvUg+layxX6wy3kkoCp8ts+4AFF5I+nUZ5BzxxmvQpLlW9ktXotbJK/a1n3ei0s7IyqSb0UVbSzSV72i9Xbrfotr6NpFmxe7FyipdCJmlIk3naGXfkkj3AwDn5icEZBFdBrQme8itdPvkna6iVXCMFSI4xhMYxgklu5GeCcCvP4ria78/z5WQ5+QAEbsHGdw6HAxjA4yO5FdNYQzC2e6ZZN0ap5bbSQqDHGedzN/CByc5ABAzoqtkoq7Wl2nK7vZNJpPq2+r0tq7GcYxdtfJWdk2uX1d02lft6a25rbyEY3AXzrSIb5i5ZmYnIC54PzBl4wMcZHOdTT9Tt47XybaYS3F2R5gwAVIIHJzlQBnoBnrxikfTbrVxHdxeUrxxLGLdWC72bB3yjOR6nPPA7DjLHhu5tbK7m+0RJcibIRGDuF6/uyDnGDlgRwenTNVCTk3dNRvZO+r+FLfR3Wzd730tYcoxaVlfq7NptLl9E3qk7p+dmdHdalJJawYugk8bGN4UIUbQxXLkA7gCSxBHzdeoDVzuo6/MjxWKiIReaC9yoBLleuD94nnHbOc5yOaNnY6oszo6NcRsQ7y7TgRgEltxx84GAQMDPIODW5ZaTps8N1PdqYWQO1ruPysxBBZhyD820YPXIBxkVtyuUVZ2aspRcviVle6tZ6J3s9EncwS5W97PRrV9ur02Tvts3dMqQzSXs8cUc/yTgbFHygED7zYypLAnk5wepBya0bmOwhgIZozNGwWSJVBD46u544I79unSsiJrexiEyEXDsWiyPlYHOVKKM9hjIxk9uDjB1O/a5kjW2iYIzBJlXh5WGFIyRliAScgjnpxzQ2uVuTT1b+Jq/w2aVtrbK+quS4uVn8Nrpavqk35LVvl6LXob6mygnmmIDRzIVjAxIqbQCcDBwx6cHj25qzF4en1cQzSyJHasz7HMn+qjUcFo9wGd2exHAz2NYFpJFbSWqSGIoxCMsnDI0mOozzgH0IOO4xXTGyntDn7YyQTRMY5vNyGUjcBsGVTIPB5yQApwDShKFS6cU02u1rXV9dNNdNmZ1LwSsmnZWlbSzab/u7LW9rd1cjOm6Ppkkkc1+LmCFcIYcgPIdxxIQeQ3OBjA3Y5yDWb5YmnL6ekxt4GMkiuxBC4HDDsDg4/vdCASM17GIC8mFwA9usocLu3bjuwGbP3iWI+YZ91Iznbt9RgikuAqMkZzswAA2CQVc/xAYOATg465zWnLflese+6a2005bqy0u3p8jKc7Rg+VO299dWk10Selmmr76p6J9V4dvbOa/L3ge1QxAwD5sSSIBs8zIBAUg5Q9sHPANaOs3j+eLm3ZQt43lfcxgLgZZR93vg9CPmyABXGjXI/Nt5boCJYSvyRKMsTgKxAxjd97BUDuenGtFNFc7p5bkSwmZXMA4ZVO3HrgnIJGemM/KRjmxOHjKDd99de7UXtfRN3tZafezmqwk4cy93dqyellFpaPTZpPRN7Xvc2rd3gWVpXC+YoLqTuIB5BT0QIw4wNuT1Iq1bl1kMgBMcxCBzuO4ZPHpsKnOQVC9weBTbmSBrRvIgLu6sdzDDKm0HaDgjoQQCVwcjrnMWmXvlqiM3EakCNk6MWIG0kAADBy3J7nbg5+OxVNU5ySSve17ar4bW200+y7Xdr66cUl7qat2v3eiWj5fu5tXd+lu5gtzJlYWRmUrtAwCwAIZuhxgdc/zzXH+IbbMLRIR5r5LAA5BKfKMZ29Nozgc46dutmlmUyysocOCFCtkHA6gY46cHpwOQKw4vIZ2nuA2QhKAkZJyeGAJBPbjIPY+uNCc4yu72TvayS1totV6vyva92ZUqlWNTmvbltdWtdXi+jautU9tO543ctPbRCKVGh3M/z4Ku7YIACsRyfYjcTn2FO2ZpCkQDBlfILAHowOPujBwPmPfOD8oNeu32nWepREtCEk3HbI2QyErtUgDHJ446ZOcZxjkY/Ct5b3MYWcOd/wAyhSWERO44GSvGdvH8QP1r2qGLjV5YuUk5NdE7t8q62d15bddT3aONpVKd5SUJNK70u9tLu2tuvTW7Oy0CC/u4YrCzD3E85WC2jgXzJZZnKgKUUEeXvIyQOOnXO39Nv2fvgyvg3QTreuW27xTqce3ZKg8uxhwGCglTsfaPmwQcg8Vw37KfwYg06wHjrW7OCV55wmhw3UZVlI3ZuGRx1B5UjHQn5QK/QRFtrmTFx5UNraoZpZQFVDtU7w2MZUDuN2ee2a/Y+DeHKNGisyxK/eSSdKEtFGOj5npvbXo7Xd2fzv4p8c1FOWSZfL3JXhXqJ39pJtXhFp7X31bbtr1PP7jUdL8NaVJrOpMi2Ono8sW8hGub3OQmw/M2XGBxjDD0r4l8S+L9T8YeKbrUbksxuZCttCCH2RtgQ20KZDYUdQeSQQSMA1rfHT4jf254iuNG0a5ZtD0y4EZjQgRGVCQ8zAfK0Y5MeQdzcE7ap+CJtJ0GFPE2qRRX1458rQNPIG6SdtqNdTKf4FJ3KxBHA6Yr6vG5zaXsKMuaNNxikrWk1ZWemy8uiPkuCuCZYvmzHHRcKlWKk+baFO94xTet2req0e2nonhDTdR0640+HUEJunkjnEbHBiicgomVJwSMhgT0zwTX99H/AAbp2rR/syePrvHM3jBF6AMNikL054zg5JHOexr+Frw3BJJHBqN8AXvp0MrO25klJBZIxgbY0yFBB+b04yP7xf8Ag3jgWH9kLxJcoxP2jxtfIjA5J8tgAMkfMM8leMjj0NfQ8QuqvCXNqs219Yx+Vwkm27/7TB3Tv2i1fq9b9FtkGDwlHxmyShh/ehhMFmEpS0s28Oo6PolJ2una2rejPlb/AIOO7y1s9f8A2f8Az1DD+yfEQVwNxUNNGhYLjGQCe5AAB3AACv5APiHb2SWlzHbyKyiQTWwc4llZ2JlkkYNkquWIUjjA6iv6y/8Ag5Xu5IvFXwDWNyskegeIn2kZB/fR5BByMnnGfQknsP45vFOuTtHPDIhVnBQNIC0qB2JZkPIUYDYGDlTnPapymq6fh3w9TcU1LC1mnZOWuIrPZpJXerfqr66YcR4NYvxIz6ULNRxNG666UMOl3vbS9+6a318U8SmNWaBGjlQMXknBwzSMCNgIABAJ4X8OMCuOsbf7HLujKyTNhFBY7B5rAbfR2XOWHzbfqRjrdcls0BVcyKGBVHAUtJtILBepyScdAMA84rnNI23Oo2MbpuMt3FFnA2RjecFWB+Y4C5OOhGPSvznG0YVHKXndtp6bX3ul28+9mfpGXOph4yi248tLR2WmistLa6LrbTs3b6w8D6jcQW1laERq0NokbRRx7m+fq7AZUFPlzySoP1rK8Xy3D6hI6bhBakKcrgbzkD5RhiOTnHBzxzxXpHhW00XRbC4uS0j3G2KGJiNzOXRdzDOcnnAJJ2nJYgDjgPG8nkX0NtbQzTNcIHkVSWkeT7yKVCnABIBJ5I5zwRXn1IRgo6Jx0dlrvyqN1bzTtfXR6JWX5xiJ4rGZnWjTUqilXaXLqt1FO+m111SsrX6v5+8baumI9NEkfmqwklZGJLscgBgOgUHIyD6ds0vhnQri7kju5dtvYxKxNzPhd7smX2AlQx6EA+o2g9+n1DwTb6U76z4nYCadjJaWERDFsYKeZgnBxjI6cFjgGsy919pIMNGIreCPbbxQgbEZhxkDGW6E/LyOgzgV81jJynzKFoyTS0votL2teyStd22t3PtcLhqWCVNYiUE+VPVau/LdNa6+ltezZlaxo2pzTzTabdxLbFWjYbgjyKOeBwAGHbPAPoa88h0e+ilNu9q6yTyNtmzkEfwsznoOc9fzAxXWz6jLtU7gy4LFSed7kKMAYAAXqnYc554vf2sskfk7lkndFVN6gbNoJJDHG3acKOSG6YyRXjzq14aX53pq23d6J7rS+tmpb93vyYrNeSco4eC0Vou0bt91Zq2um7ta97PT6a/ZH+Geh6x8QPCdn4v1SKw0LVfENpbapqLTqn2e3EoYhBngg52k9f7ucmv7fLTx38IP2f8A4O6VcDV9OTw7o+gD/hGJJ7mMXOqSQ2w2uoRju8xwAoK855UDAH8Cnha/1HTZ7C6sr51MFwGeIzMg88EfvFXIAxnOSw4B5+9j710L4z+PvF2iaB4c17xPqOuafaForPTDLLP5B+6iqhYnYTgADgj+Ejiv07w64xeSRxeFqYaVSWIUPZ1G7WkrNRk4rmcbu9tbv8P4H+kr4X5tx/meXZlWzWNDAYN/vqFSN406MnGVSUHdQ52ustmovZNL2f8Abj/aT8W/GrW7vVbnUbqS2e5mh0fT4ndobWyEp2ALz87jbk4J29yDx5F+yj8Ek8Xawvi3xtqH9i+DdNuPO1e+uCwLMmZFiR2BXazDDdewJNddpfwB8beN/FulQSQzIs4SaQy28kccNoSGJIKqCVU7ccHdnoQSP0Q+Mvhj4ffC/wDZZtdHkhbTtZNu8Vvb21u1u2q3gfJnuZiFLozBdoz93qRnj6hwr5pj6+bZhCU4Uk58lT3YT5bNa2Wr2aS1Wi7H55Lizh/hHI8j8OeE50K2PzStSw1adC1WdKlUlThVnNx1dWo7vV8y3vdJr8qf2orXT/GXji7tfCSC58P2UZgsrxV2rcQwfKjlADkEqoXIwxIOSTXzv4W+A/iLxjr+nWMekSsJHj80CGQwwwhvma4YKVQMi55I7HnPP0p+zxpWpfGz4iN4RBEF3cZt4TFG7RQWsTFZJpQAwLIn3WbOWGRzyf0zv/ib8K/2TbDVPB2o6P8A21q9wI7a71a9sxFGqeSFknSeaPc6rux+7JUkYzjmvnsVl+BzWpWzCviI4TB05Xl7q+zJRUEvd0aeibdtW/L73NuPc64Ep4Lg7I8FWzDOa+Ek6FGgpTlC8E1Vmot2XPPS8k2kne2/zn8NP2E/Fq6HrHi3wraweR4ZS3vohZDGqNcxIGcWsqjzGOVKlkJwWI9Fqg/xp/a3v9UT4f6VZeM5rHRdVtpYdDuLS63S2dswWR7i4deYXRc/MQGDNgHnP098KP8Agoz8FfBBuY9dnv8A7BMk6afHpkY+zOzMW/0yEFQ6KwCjcCCuGwByPUT/AMFPvgZHbarPaeH7HWPEGoWTNZC1srezdkjG6FLq6CZPRVcEkllOCcCni6HDH1VTwGeVKDi4xq0oTcXU+FqPJFqV3Z8t+ZNLXXU/JqeZ+KeMxlT/AFr8OsTntXFRksLWxlF+xwcG0+aNTX2ak+VJSd21zXWz8Ub4v/s8WPxg8B6Z8bfAUXh6xltrd/El1fQtHGmtyAIJbmR0BkhM5JL4KrgDdjk/UX7b/wDwUu+Dv7NXwyi8CfAu/wDDvivxN4q8PJBp2p6VIk0PhvT5IfLEbSIFMciocCMYbPORzX5z/E+8j/br1Vda16Hw78PTp9v9g0hrRYoGmiHzK04CxtOx2glyMZGcnJ2/n38fP2RvEHhDwpq/iQXkmoaNoLiBtcjuPtMM8SBl2KjMSicE/LkADHoK+JlnGLy/D42hldKmlWm2sZOm1iEmrPdbtNtOS9xu610P07grgXgjOc3yCnxNisTh8zU3Sr5K5+1wrrOSkqVGTv7OmrqFWEYptKykt38oeP8A9oXXvG+o6hqmp69cz3VzPNPfO8zMZZJnLvht2GVS5CrwCT0G7NeHeIfiHp1wLWRndruJd0UrsNispzlupyWXcQRk/hivLNcU2t9LbwSB4XlctKi/woQc56DGRnOcEdiMVyKaPfanfwwW4e5EsoWMKzADJC5Y4IULnPPBOTz2+KvNxlPEzlOpzKU6kpPry92tdX8k2f6N8N8A8P5Xh8M8NRhhsNSpwVOFOMacYwah7uiTuku+1vMb468X32t3qMLh5IopHO45MYbPIVfQY/LofU8HTXd1fRSxhnaV9kuA2FQnltxYKDjGOB1z15roZ/hdd28Ut1fXkdumMRKCGVmIAYYBPPqQSMZ5yTW5o2kW3h+KNoka6hco8zKxU70YEQY+8GYLtwNx+bnI4rjr42lyuMG5y6O90mrddd+3XfXc/R6tTL6eXxwOCjGTUVBcqTSbSvzO+r6dW2n8v0h/ZT/bh+K/7KGk6vp3haK38ReHNXSU3ei6qxe1tXCkCe3Rm2I5y24hfmwOCc4+Yf2iP2kPiX+0P4lm1DxBctFbzmT7NpwkC2VmJXzi3A+VioxhgcAHOD/D47458ZTaw+mQWFkui2EUCwPHDxLICoBllUcHdjPPX8S1eZanrM4mjggnMgt15YcEKP4Qxwd3ODzjOSSwOK76fE2bVMsp5Y8VVWCpu9PDqXuxV7u10pcrbu4t2WvKrWPzzJPCPhXBcT1+NI5HgYcQYv8AjZhGk5Vp3UUpWlLljKSS5pKKk0ldt3b07eyttLtNQFzKGvCp8slyyDYcMx5PTOS3Pr2IHmlzeefeyPHKA5mCMQSAQpGCuMHGDnjpjg+u3c6jJdtdIwCo8IBYE9WVcLyBlnLDd1PG0g4NcR9luYbwBo2BifzNxycqcNkhcAkggjILA4ABGK86MHJe+7uVmr3uruOkdNVvbVP5n7FgcHTgqjm05Ttq9GrWVk73+St02Psb4DeN9A8M6vc6n4ovI/sk9v8A2dNFLEszpFMpR50VgfmHDI4OQSVOMEN7/wDDf4dap8dPidoPgL4XC617UPEeqHT/AA9piiR7qea5l/dNcBBkWquwJYgIoB2k4NfnFAGnKmLzJJiQ7BflUKOBwOCQcAAZwRjoAT+w3/BKD9oC0/ZQ/aX+Hvx58Z6BHq3hnQzPZalbzwCacW1yUU3VpHIhBng2s6MgGNvynjNfKYzJMppZnTxuOrxo/WK1GlVlKUeWMIzi048zkueKvqu+t+n5F4i5NhsvwePzmhiqdLHTh7OlGo+ePOklFxptXc4p6Ri7vbRs/TLxT/wQl/aM+Fvwsn8a+PfCOlX2rzQPOkGn3Hn3lrczIWH2gAEbIVOXJK7MHjjNfnfP4C8TfA6OTTfEUxt4Y/tDRwrc7rYXIDIYio4A+XDjplSMdc/2rfGr/gtN+xzrHwY1q88M39x4z1zWvD8622gsoSfTLu/geOOOSM5KiIsMkfMCoyeSG/iX+O3xdXx94n1ee/t/7OtrjWLq60+zG9lijuZXmAlXILAITgkYPcAnFcfHODyinPA/2RjZ4iUo2r0VVhWpxcHDlkpwilzSWvxJq1mj+T8PiOJ8x4nqZfPNameZJVpU8XVlisPKnLB4mMor6vSvShBx5W5RjBNwSSlKUlp8y+KL3TtWS7M5jleWW5ka1kUbFd9xVox3xkYYgYGOjcn5N1PwnLFeNuK7Z7sosOPk+flTuGfkxjngZPPSvpm8vtKg1e7vZ4mkjdClsqDdE74Me5kOQoBHPIYEAAZANeHeLf7QS/a4tTi1uiwiih+fyy3AbOBh9/PUEZwQB8pvJKjpRVOM5uKhFKMtGrQhy2Sel2nrftfof1bwXTr4OnChSqzhSdONoyaXL7kbLlV/taX+Tb6GqeGZdMt9OsJoU2vJGHuIgoyZArKofgsO2BkdST0FY3i3wZO+noYIJYJdrMw25MiqpYMcsCSykE5ByfmJya0pNavHjs7C+vB5lkgnV3wxXA4Un+906nIHy4AXntdT8Z6fJ4agdokvdWuHWOKRfl8pMBCpUA7SwOeh6ZIHOPahiMTCpCXLzRTtJ6NpXW1mk11a+/qj9Bwkczo4im4xdTmleUmr6XV7W1atrayevnr8hXOnSx3DRvbP8ir5gdSrEAA4AXJ5PTgf7vNb1h4R1a/iW7tNMuXgfEasQ2BwOvHBHUHuOnevoG08P6VNa/23qcTl32+bCi7kRlYFVYAggMoPX5iAW2/3drW/Fy6Zb2VvpNra21vEvKeWolkUgZ3IoG1u65yG2844J76mNqNKNGCbet9EkrR8721el330aR+jUakHTj7SScko35b3vaKtZ3aWtuvftfyvwX4bfQfFHgtruCRJZfElgCW5U4uEyN2eo78Z3DGOuf6BtJKm2iZdh+SAlWJACCJQQ2eoC5bg8sD0JGfwat9dk1bxf4FjkQxEeI7J0TcOS1yhLFcYGeMAcA8kcE1+7WjtmBNjkqsFvkA5LFYwRuwB8oAIyQcdDxX9J+B8ZVsBnDrLXmou9k94Satp6J99Pl/Df0tq0qWZcIVKWl1i9X5TovXZatPT9NVsXriVTkMOhAXhSSRtAIPQHoBwV5xzxw+vTMIJFTCsGwS2AAuM8t07fdPQcgLgg9bf3GE4bd5hBU7RkYzhiABgYwMnrkgZzxw/iC5t47FxuEjeYfvZDsQc8MMkjBJA7EH5SOD6XGGXx9pOUIXbbaaVtnfR+mttLXd7aleEueTlg406lT3YRimttWoXT0Stta+ivurOR88ePJvKs7psAgMQDu2kM2cse5xnJ4zySOevyFqPmC6aUkZ8xcspyWU5O3gduO2cjBAIzX1p43kD2E7MDwH3KSdpGDjGASec8sCcHqQM18kXkim8cFhGFYsMkn5yQQFY8ZXByfQj0Ir8CziMqVaSbtZ/CvRRvtfTWy8tNdH/AGTw3XhWwtNxu24xl9yjppvrbt5Nq58cfEmxmu/F2qGJFIO0swOCMZ4GSM7sZGR3JxjFeYywyxZjaAo5yxYrjgYG7jvzyc8k8HPFetfEfUxD4u1FEUO58vDc9QDg8D0GCOCMEEDGK5qOAayfNcxoQrKXVVV1IGBwD93Ocg45HI6CvCVSSs3dJvVaabb21V+iXTdX0PoKtRxkuaPu731vG34efT01PPiMLtZWDE5JGW/Ekjgjnqe3bu1QodSWwucEsfm7cj0B44ycHJx0zq6rY3FhKI2R2jOdsuwEZJODnkD8MYPIxjjFzwQCCxz8wB6gEcnrn+6CBwcciumDjJKSlfW7drq3u72f4W8r2emsXFpNO60vpfe27v2u0rX+645yW3jdlQflcdyDw3B+YHJB+Xp0AOKkZnBUDOSApAyMdec5B5AIxyQff5aiiDghjjClsgc/ewP+AnPBPXbz61M4aUqcOCAFTaCd2TgcDJyc/d564Bz0eyu9F53+Wu3f8fItS5Y93dX2vZNfo9FppaytqQ8sQMb2LepydrEc4zkDPB5PY/MM13/hLwfNq9yJr0G3sFJLFuN+COBkdGBOAMgjPJB51vCXgOe9RdQv4mW3iOccl2OQVJBPCnAHr6kdK9ZvHtIbFLS2AhkiCxIdowWHJxtJ4XGSeufwz4WZ5pHDp0qTvU0UpJtqN7J+Tf8AnZPvlzcz91dVd6avROzsr379rtIxxcW1gy2Vgka21qNolHLF+FXuN3ONxHHI5yTVCa+SO8gWWTcXUhyFBA3jqo4CnkkZIAAP3gap3lleW6SXEcayBAAZVyWYBh82CDyG5JGCPmz0qjHPawor3cTtIJVdlbO9lPfaTkqTnH055+Y+LCEKl6ibqSesnzPum1a+19k9PPS6STXlrdXs1bmi0rWtpqlvrp5mg93bu8gQSzW2WQsAN5YNhTjn5RnG3GOMD7oxXhkhkwqAv+8CFwMbPmwSCeeQOhxnPB6kXW022uUlubW48pZmXKjgQ7hkqRkblO4DvjlTmufMM1lcuIpPMCFhJIGyCCTjCHoRkgk8ZwfXNQhB3cXJTjdWdmrNqzauu2itfs7WNuWcXG6Vt07p6Xj0duluq7LubF6xFyBCp2woEZtoy4BHIzwQdy5PYcANjljWxulMkiyZjYqjKMA7jxle6gHls4BPrTrycSJbBnRGZFR5FOMKG4DKcg55557nAOMSvqsBszFFIZp4vkHlYChFOPmIP3iR15PPcHiE52jaL93RtvZ6X2u3vtbbTo2dUYRbTel7dU7vR3SWzv12Wyb0MqKVre48t7cNh12MTllC8ZYHA2kkZI569Ko310bi7MVkPKMuV4zu8wsclcHgZ6enod2a6G6tZvIivbiF8iLcig4Xy2z984GSTjj/AHj651dE0OweJryF0e/Lr5QBV41LIWKkEqQw4JPHIb1IPR7WlSh7STfNdKLTbTk+Xtb+Zu6d9N2kKonHlUVdap3b292y1Sbdn31tdrvQ03RLmItFKsU8k4U7ySAgYZPzDkkAd+c4yMHdXRaNYW9tqAhkdGaRyWc5HleUTsQkcgZGQeCT0qkZby1jvYpFaKUksMqW8zkr+7wcjHBGMH0wc5p2E12k6xuyNJMrGTzOGVSM7t3zA4HAG7OAASDzXn1VWrRk3Pm5ruKWltbKNt3da66b+aWSk3Om7O2rtZuNuZWWm6V9bq1naydj0XxNq2jaR4duLmCMXGsXkjQu0wDKvBCvH1KqoIJxnIUcg4z8/aLbfa9Sj+YbvNlaVsEnc7bsLnPpkHbxjJNbvi57qe6t7Zbj7QiRgOFJABPLKoGQSBgE5JPzA5611vgHwkt6RLKnky3EgEWc7hkZOVwCC3BzwCw6cVvTdLKcvlOtUvUqLVuST6aJqVtOze7WuulSVStVXs4tNWu1FxXNo1rH1Wr6217b2gQQvdqXZB9kJWNFIJfudwxhiMZ5J4xuya7S/hhumhCGKO5kLGEAKCM5+827C5+XKkfKckZ7pe+Ek8PA3SrKSxJSZ+ERgQHSQg4yCw24OCByeRXNalf2Nm9s6zNNdlwZWVshNuchMngHv2OO2DXyNTmzCt9Zw9STteKfvOMZK2lrO7k3rb5M6XSdCNqqjFtp35trq+/W+uyt3uzrBoCWyCQzKbxQJGjVi5dwQQFOfc7gDknBOT0ZDNeJdFZYQMFW8gKWZj2YZAVTj64Gc4xWHY+KI451ZoN6y3CLGzE709SGIOTnHI2jgc9q7zUfHnhzTrYzRLFNebFWZZlyzXChSCrdFK4I4BycYxjK+VWo5hSnGn9VniJT1jKKcbPR6tpXirWvu306lwjRknLnS5b36XbS095Jtaa/O2iILjQLi8QXMKSkzASXCSHy0jBGQQAV+YBfugMCO2ciuj0fUb3QIHNykstkm1Vuo0O5AhUkZ5yBkkjoMdPXze4+MFpAyTRNE07BUkt2UmI5HbI7YyQATxx2Ait/i9ZyJOt06HcCpsyF8phIONu4nIUYJOOM/MRWdbJ83xMOTEYJzoyavFL3kna9rN7XT7Xve6ZvQr0KU0o1UnHZpej1aasrqzSvZ/I+qNI8X+CtUaNb2eS8klhjjDyjZNG5yu0Zx1IIB6AdMgYq9r+gaQl1BcaLexWzzxsktvcSh5CWwFVcZIY9ARnA/iwM18Va78TdBtLe2jtLWGW6EwmMsDBHXJ3KjFSSQucAjgZ6Kaz9M+K16888k7SzOhDWxd8CIAEqVYnL4J7DIIb2NcVLw9x0qka2FnWwsZfHQrJSjsm0ktk7276JM7pZvhlyRlCFSUXG0oqz0tp30tqr3tfU/Qnwz42n8PqujX+mRSwwywqLlUDOSHyXU4w5APKhsKcgfKa9u1iG28XwfbIdOkEDWTLDJBhBLKicLIi4CHIIOfQg+3wN8LfE994o03WbzVruRJ9Mj82yk25jVm5DO/Ujbgd8jnHQV6P4P+NUmgTXVhe6ztsm3wCOVcoszbuFOflVs5GBkducgfH57wVi6WI9pg4z+tYecHUivhqRTi37jeml7xs21ufUZbj8JUoJVlHklblclBWs0rau+j7Xb0v2VawvJLHxpHFe2pSSLVYooFZm8yPZKAVAzkjgEn1OM88/vh+yt8XNa0JLDSo3mtNMnkgdIYpG2uwQM2V3YCso+Zs8Y9OK/BaPXtH8VeNNH1G1eG1Et2sc05wRPIGA8xByPmAGCMnIGBnmv1s+Dy31r5EaTuRHGi2MoYAu8iBA2/PQZyfToATxX5Z4x5bTxuT5fgsThrVZwgnCUVpUly3SWjTeqvZdNddf6m+j1WWEea14ygsPFxu9ErOLdlok+ZbPRXvo7Jn0z4svj4i8e69rabUjl1HIiUBjI6nBJO3GOpYdOuccke1eAPDEt5f295fo75kjeBXBVQQeCVOMLjJI49+Sa8b0uXw54YaObxBq1nHcEtc3DXNzGqqSGJwc/McFic5BxgcnjaT9sj4D+ErlbK68SwXUqArMYHUrAFJVhuBzgkYUlhwQefvV8lleVY+eDw+DweDryjSoUqPuUm4rlhGPxKP91XXdO+isfYZ1muAhjMRisXjcPRU6spx56kFu7JJXu3b0Wi13PlX/AILDxWy+EPhkYfKLJczwtsAIjO3aAG+bpgNwckHpzX8+9yY0RIZWEksUmGjGCzNnIzgjvkn15yeBX63f8FCf2lPAHx+0jw/pngeSZ4dAvZnllc/6wMD80bD7xGD0J68kc1+UGp6XDIEvIGBjjKGfAAZWKgsW5I6ZyQTn8cH+n/DmhWyrh/DYbFwlSqurUSjNWaUpxlG6a0ul1WvR31P4y8WsZhcz4irYnAVo4ikqVNOdN3jJpRi9r7W66dDCjsXkuZGVFZpQuImGSjEAZyT8iqOd25QMY7DHSaT4dkhuywCKRGMu/Kk/eGC2ckDGCAeg4Y1X0MTXFzOI8Sp5YG3aN7qcAEljwM9eST3GMmu8httQgaC3mjRkMgZAoxtQqWGZAOcHrn+IqAM5r63M8fUorkhJX5ZtW3esdVuopX6Oyb0TPyqlQdTlcoySvq7bfDs7P+a2ibbunZHq3wM/Z++J/wAZfGel6L8N/DWq65rn2+3S7utMgeS30vTnkQS3t46YVYokLMd7KMAk46j90fhB+zXoHw80nxTHewrPqdrdf2dquoOu+S5v7G3xdGKR9xEfnIVIHHUnnmvP/wDgiX8SZ/A/xZ+Iuhwafb3ml+JfCFyL6/eJGOnywqVBErKzR7+gVSM8MM4wfv7xqtraab4oubff9nm1LVJ1DHiW5vJWZpFBI3FS23GCcbtoz0+V4azivX4sr0a1OEadClTjCqknOSqSi25ya1T35U9GrNI/csj4Qwq4QjmftJzq4itOPs5fBB01pZK6d9W3v0bVj5x+BWlab4b0z4q3aRlV1+K5WJZFAAeJWPy542qqglgOOQcEV/NB+2x8QX8c/GvV4xP51loKf2dbiN/3aPCSsmAMAANkk5OOuem3+lbxdqEHgb4R+N9cEoiTQfC1/f3D7ihF1fW8hi6HbuUED5sFT+NfyG+JtQuNd1vWNauHeQalqN7Oz8mRjPcOw+Ykk9euQDxtHXP9OYJUngZVKbd5zho17vuxhdtdU2vkl2PybO1LDTp4V2bi3KTv1bi7Xa1Sa777aan0J+yP8Mbv4t/Gz4deBLCF7l/EPifTredRG0hWBLhJLgt1GwRowzwuAec1+vv/AAV3+J1pP8U/h/8As9+HZEfw78IPCmnaYbeGQGAXxtURw6LwJYnU5BUFeec4LP8A+CHnwQ0621n4l/tPeJ7RI/Dvwn8L3h0y5u0HlnVntpJI54Wkym5GUJvHILDB5wfgT4x+KLv4ufG34i/Ea8leY6/4m1S5gMrbnFsLl1gjjZtxCAKAMHAyQBgc/B0azzrjuMXFTw3DmFuo3Tj9cxVtLWesKdktmm+jPoZU5ZXwcox93EZ1iI30tJ4aly36ttSdnbRbbppnleleFbWGWG+lupEnjbexMjEOFA2qo4wAOADuIwvA5UenQ30CWjO0q7hhwSuQ+MqFXALA52g469+vzc5LB5duEAMYDBtnchlI4/vHIwRxnng9KqG6tIQySHam3aiAszBm43dcgZyc5wOucDI/TanNV5ZK7Ss9L2Xuq2qWm2vzduh8ZRjToRadneOt99k7tO/TbZ287G75zPkq4fcoY5IwqnO4jBwB1ycZ7AgcVWu4oJUEedm4JuLMAwYHqMdu2c9wOhAFKC6jtyqjdLlDhgVwS2dylvlAwfujcOpyOuazXkMTOr8pgyLn5nDHsM9QDjALKM4HAIxpT5lZKKel7Xbta19WrrfvutTmk4Pmk3Zvpe/XfZ29e19N7TRW8S7kWXIZlDt/FnPJOTgAdue3TjJ2ZPIgVJVy6oirsbAk5ULk4UkKMe+fvEDdWBbxLNJETuZJxucZwQwwwBwDtIPG0dQCSQemlNcLbuA8R8soCxXg5B+TGc4Gc55HqV61dpN+rT12Tdra9Fqt/n0RlGMUr7/e7p21bjey1XT9TZgkZY0tlU4kbec9NvGTuIyMDk9T0zgZq3DK253cfMHRVIU5KZxt+Y4ORnt15/umuXs9Tt7hxB/qvLZgDnl8AMFJJOD0yOfb36mGe3aWIFisYjAdjg4xnhhnnJyfU88jGK6IJ2VrN+7rzKyta11ft332tqbqXPFKyk00k7pWdl6uz3e11ppoPIfcysBI7EMsY+75eNx6g4IXvg89eATVTzHjjmjVSFZnYgAlh14ZzyOR8pIIOOOdoqWa5j8wMpCxoWjEgIJJb16/Kc4PqOgIyao3lwxjMO7cSFAZRgMWPAY46EHjOOc4wcV2xaaTatypJvm3tZaxTvtdrTX5XeGJXJC70e7e+tk7a6+VktPLUoTzTFo4nkI3LgAAHbjBAJKkHPOWPHQ8V+jP/BPrw5A/iTxd8Qb6ErbeFdHuWhlbIhSSCF3dt5wgOwEjBBJOMZFfnI3mTspLgMm1CuwAtu+UKeAuMhcj0IGV+6P158K6YPgf+wl4h1672afrHjG0maGUKI55EvVaFY1bAfBjYsAB0OWPFfnHihjVHLMFlVGS+sZrjcPhopP33Tc4e0dt7WW+2y0Pr/Dmgo5ji80qRbp5Zha2IcpaRVRw5aavpq5O61vf5H50ePviz4g8a/FTxz4il1G5kiutYuobONpma3FvbTNHDnLMAgRQQB1Ix1PL4viNqMKR/axE5ijDqOSx42HqrZyBleFILZ+U5NeIeHPMkgd7kMXmmaZsn5ssdwLOcHLZJP8Ae6nAzXTJHkSeapEiPkbsFViJHXrg4GDjpx7Z+zyinLL8BhcLTdo0qNOKjqrRhGK0Ste9r6ddU7bfLY+cMfisTiaqUpVqspv+ZXle/wDeSumrW/VewWfxP0mR1a6hliEZy4ILKXYE7geBwcADgbeABnNddaeOvD90Qsd4hfAIjl/d4JOST2OOVOeuT2r5kZYcugZY95OBjcFUfM2Sc+uFznnjkiqyWLgTBJgDIVMbCTDNhhjeeCmMN8oPQdgTXrvG1IRjBJS5lbRPRtxsm07WvZat69O3iVMtpualBWSadra3Tja9tLN6avfbof0D/sr/ABB+HmleDLTSU8SaZDfXsjXF1G08e6Nzg7CSy4AwRgnPp/FW38WfDNn8RPFMWq2WriaDyRbWohlR4VmweWcOFCtjJK5zgc4+Wv547K81jThJ9j1W5tJt2VaKeRSOPvEqwGDgYJHU4BBya/Yj9gv4B/Er4r6TceN/HHjHWNG+HuiSNi1E7rcaoq5WSWF5JFKooDEyDknHPPHzNHLp08fVxtJznVm23Fxury5W4qz6WbPr/wC1adTLaeBxFLlo0lFJpvXl5Vr1jqrvRp+ZofEDwzB4PtrXzJormWXCTwwKMxPH8ocsCePToDnPTGfHv7WDlJ8hBtKxMQMFAVwMc8sucDnJ+q19zfFL4JeGvGNzc2Hwy1/WZ10y5jtNWvtZyYIrYkRZimk+WWVmYkrGCSAOBkAfn98TPB+r/DfxXqfhG5u31CWy8qSO4QERtFJ8yvjg5bOQMEcHOTnP3GW4ifsrVkudatpavZrRrTRNrqvwPgcyoUa0/wBy3ZtWd9dLO19nZX031tbXTrraL+0w+VLMWCwoFXflwMKB1IOATgAcjkDp6D4J8Wav8M9Za/06wWGcxiC4eWNmDwOcsACpBJHDDJBBI5OM/OuieKNZ0rULO6Nk0xtZoiiNkiVVYZyMHdj5R6HrxnFfRF78YbDWdJuNNk8Lul3cQp/pBQFhKVGdhCg9SNqnkYJyKeMn7SSpvljCWmrV0m4/ddrW1r2fTUzo4T2UFOEnzpKzT1u+V+7u1ZLW9uiuXfiV8TbDx3q41MWdvaFbAWgtUTakjoBukdiPlLMAegH0zU/wY8B3nj3xdomlx5EV5fwI0Ma7gIlfLPu5wny5I4xn5hhRXg99p0jKk0TMHupiXjmDLsDH7uAMYXI6c8njj5f0o/Yb8PDS49d+IeuLDbeG/Cto8d/euATCvlMzujnA3cdRtxn7xY5Pi57jKWWZTWqQcVL2bUFHS8pJJJ22vv0tbTudmQYKvmWcUYVI80VNSm7SUVFOLbTu7K173d/SztzH7cPxuufhl8NbT4e6RLZ2GkRa9b2GsaldRxyXjx2aIptrcsCAq5O5ASmDnOOK+GPAv7Xv7Mmg/B/xx4e+I3gjR9e1W4u5V0Fk0+Dz7ySSFwLi5uVXepDjcAM4weuAa+Ov26v2qn+LPxN8Y6XppjfwroWv6gmhMr8zEyMhuZBjEjEpu3jd6g9CPzik1W4lgdZiZftBZojuBCEk52DnBI7gYHPFfjGFqYiaVaVScZzn7RtSm0k2rLVq+yta127n6Lmub0qFWWFw1KEqNOlGjacVJu3uvlvfrreO/XTez4w8RW8XiLVbzRbWG20/Ub+7ubW1jyRb28kzvFDk5+4hA6YAHXgVh23jcwb1mBZ8AKwz8pPRCQepPAzz2xnpkXoCW52lXYoxbLKShBLbQwPTPQ4xyT6kchLbwgLM9wFKMXdSRx1wADjJzx05zyecD6/B5ljFyWqzVntdvRWu9bW6Xbvrd6n53icJQrTlN0o80pXtZJNPXVJNa9Lq7e972Xro8emORJm3RxpyV8wsrhQDhlBOASB+OWwSa6qx+JtpPHu3mBXXa5dwdp6AICwwDgA9McZya+ZblbwzkROZEf5kjzwy5B5BwvPpknjnIJNW9NjLNIlwXXy2DABvukHksTyVGR8pHfn1r6GnnGMikvaN2SXLdppuyV9dbpWb36W2v41fJcNNr92rtJtaK793smutltZ6bH2BoXiePU76206xm+1XLsHiEKgzS8gEIBz8gORkckAEKenpc3j/AF3ScWcbtLFFKEMc0LI0UgUblOATuBzw2R3HbHw54Z8R3PhbxVpevadO8ptL6EqqOMFPMUSqynorLkZ4AH6fpR418F6hrMOieKfC1jPImp6fBf6nbhVlV55IhI0iL0B5AJBxnpWbz7F0ppxcpK13re2qTSvvvvdadNzuwfCmDxlGcXFKasra6q0VZ67dd0rdb6PgY/ilrUOy4a/uozIQvlsG8pOgCgcFcn69QCABhu10n45alEyW88cdyVQfMr7Xy3zE5J9DhgeR05AyPJdTm1yzk232gzokJAcvYHDgdW46EDGSARlRgcc049W0GQo17YmCXGH3RtGuW74CcsFyfunJHOea+iy3jnFYaz55LlktElpdq1rt9nrp+J8rm/hPluPqOMsPFX3utXdJaauzdr2+7Zn2B4e+MuhXqpFeiS3lQKXO8NGCDjJP8Srhs4yMHqOK9Og8ceH7y28y11mykwpbyVRGOPlyCozjOOeOcDoK+GdM0rRNQG7TvOuHZGLvCzMIycBQfugq3Gc45HzH5RVO/wBJ1LRYJrmznuS0RYyrGro20HPBzheQAcAnPGeQD9jhfFWsrRnNuaVr3aasklvbW2v6XPzjHeAGAm5Sp4aKjbpaV1eL+1Z+tr7dEz7M1Dx3o6KZGlIkdjhYkKMD0DhlCnnOByegbO7GdbQPinq+ibZ9H8SahYyeYsi4u5RuAIJx5cgwcgYI5yATjDY/O21+IOtQpIWnlldCw8q6AYFMlQoOOCuN3QgrjIJrvPDfxMs0iiXXtPlVHJ/e2zbcEEjBAyeRlh6kZyc19Fg/FKsmn7WotrO+7unraV9NXbb8T4bM/ADL6kXTlh6Eoy5r3pxTjflSSbV/S2qfXqfrd4C/bt/aC8ES20+kfErXkt4ZQ8cJ1S4aIhMhcxMzgKQAML8oJDE5Nfcnw9/4LQftDaFKi6/f6f4ltV2xlL+ImTavRzMvfH8QHA6jJBr+f3SvGnhO8Uix1oWzu21Yb5NrqT8uS7cYUlhjp3OetdWNWm062Nys1vfRLIC00EyTIV25IIVg2B64HI69M/WYTxFy3Fv/AIU8FhMam1f2lGm53926U+Xm33s+9up+Z5n4DZhlydTJMbmWXTjd/wCzYivTjtG3uRkoeraa3Wjuf1U+Cf8Agtxo2peTD8QPAlq6vj7TJaOs6tGCBu8t0I6ZzjI5PBBr2HVv23f+Cf8A8dNJfTfGXg/QrW+nVHD6xp1vbfO7FWH2uNAy8gHdtHHIXJJH8guneObTCXTM6DLRkYzGkZzyc5U5APcHGCvVQVm+IkD3s0MfzWjKCjwttO5RyAw5Az82OecfNkjPs0eIOCqjU6WDr4Cs5L3sFiKtKN9N4c0otLa1raq58XjvD/xISlRrZhSzbDxtH2WaYKhiWk0rWm6caikkrKSldrrff+pLWf2Iv2Ufjx8SNG8P/CnWrbTo9b0F9SjvNHvIb2ztLhFDfZGV5EMYywDZAIAIXI4rhvH/APwRL8bpCzeCPFej63KfMaNJCtpM3lfwDy2ZN2FPOfQY5zX8+fw5/aK8YfDfXbLVvCPiXWtIuYIyjyQX8sbiNjyI238HPy4G0YPX5sn9GvBf/BWX40+HLW2t7jxbqt+I4fLIubks7hxjzGlJJEu3oTxyST0UexWzNY54dZbnWC9lGlGM8PmVCNWcpJrmk6tNqTTXKlqnffU+Or8E4vL44p5tw1mkq06rnDF5LjHRpUqfLBRjHD1uaFk027X3stLjvHv/AATF/af8Jw3FyfAmrarZ20kytNp8P2oSBDjKsrNkYUYOBwMg4Jz8deOf2efiJ4TkZPEXgvXNHKKW82fS7hExH8rK7iPYrAjOc8c85r9efg3/AMFvfHXgK2l0bxZpNn4u0Ke5N20moTrJfxCVt0kKTOjkoAThfm2kYI6Y+8vDv/BXD9ib4v2cOlfE/wABWVgLtGS5N/YWtzAGkADneUVlB6ZAY9/cRiJ4hxmq+RYTMKN7KtlWMj7R2UdXQrq6u2/di2mtncyyzLsRSUJUOKsblVaMeZ4bP8vqOindWjHF4Tmg7LlV5QV92kfyTah4JvnkYPaEpsGQikSDB+XcjHgjucDPHNcrL4duI45Iyj+YX5+QqydeWGQDwDj8emQa/sR1T4Nf8Ewv2jbV73wxruieENUvEaOF9K1KGyEcsobYzW7FVPzMOhUEd6+TviZ/wRJl1O1uNT+CXxb0XxFJNuuba0vpId5icHbGbiNm3/LgcgkZ57A/OYnLskxC9+ni8rrOy9njsLOklpHaoouktdm5K7TZ9hgM94uyyooqpgc5w8XzOvlGMp4iTinH4qMpQrJ36KnJatH8xch1GCJv3gaONhG0jI3mKORsIH8OAB15JPc8zQXZWMw3OnwXEMgyrogLL2UADkAHJwB35zzX6TfG/wD4JxftQfB+aRNa+Huo6rYRuWk1jQ7Zr60KHJLEx5yp5PIyR0+6dvwRqngzxBo+oXOn6ppd5pcsLMrfa7eazbfGeVYToMHnGAG4OA3Oa8fE8HzrU3PDuGKpp6ToyjUitE0rxbSVk+vo3ax99lHipPCThTxNWrhKySTpYiMqUlJWvpOzbs9LK3ax5NdeHNKurpv7LR7Od9xkyxVC5GH5OM4GMDcSPUYOPdPgx+1B+0X+zPq0N78MPiH4g0eOJxJJp4v7i50i4iDZ8q4sXdoiMKQVHbORg4PD/wBg3ARzNbyqUcgSR8tJnK4JU5Oc49eg6YxkEXFukkUBVyXASCZPnXY3O5iTngDOcEng+g+Jzvw+wuNoOjjMvpVIVItSVWlGSask7KV7N7vVt33P1bhjx0xuXV41MLjpxcJK3sqqTdnF2abV/ve1ndo/op/Z1/4LWeAfHdpp/g39rDwRYSXtx5dqfG2hQqjpvCobi6tlT9ywb5nYbsDceM194+LPgD+z/wDtGeHH8V/Anxz4W8Z/bLNp10d7m2/tCBnQOY3yyTxyICcqqnBGCc9f4xY7KKa4aWQPZXfmEK4GI1I5JOcg4wD0wTk43c1698M/iN8TvhfqJ1zwP401jw1qMThkl0vU5reKVN3SWFH2sGH312cjjG2v56z7wEwtKvUxfD9SplmIjJydOClPDS1i7OLa5e1rtLonsv7E4L+kdTzPD0cNntKlmFKcFBuTiq0X7u11unfa11fVtn7X+KPglrXwf8QRmGTWNAm81hOk7ySWbOrkZQgsHiboMbuCOPX0fR4/B/xBtToPxE0KwucqI4NWWJVD4UEN520FGY87iflOVGMgV+fPhP8A4KHfEHUr3TbP4x2dt4502OW3imvFVVvoLYMiyu+0ZlkXJfJxuOcDANfuF8IPhv8AAf8AaL8I2ur/AAM8b6ZfeIp7SO6vvDF3NHHf2d2UQvbSWsjq6hSNmUUgkAjtX5bn2RZrkFP22YYSvRqUbKGZYRuzknFRl7tpK/8AeSVvLb9o4ezrIeIpyjlmNo1oVXeeX4rl91NRvGKm3dJNLrazR+ZXx/8A2ANT8QeC/Ees/CSe21azTRr25k0iR0aeOOGJpP8AR5M/O2ExtO0nJIOen5R/sneE9Z8N+I9Q0zX9MuLC8sru6t5rOYFJCYA0bM0R+8oZSNwyFORyNtfun+1r4X+OH7PvgjxY+mS+IdAae3kjiurczyWUMxJieF2QFY42U8EkAjaCedx/LP4DfEjwx4n+IGm6V8RIG0rX49OuIpNdsI9x1K8uMSLJclB8xYkkNz1HK5avoOFeJcfWyyrVxmNhi6NP3YVZJKtFJRuqi1UuVNtt2d9XofOcScNYCjmUIYLDywdWprKlF3ozlJxScGtruN7dVZJ2Mrxp5T6nfop+yrE7AoyYYnfyQCfUcdOmeDXnmqWsVzplzHKBcJ5Y2sqruUc85wePQdcj0zXuHxk8E6hoWrXd60dzNp9zcGWx1FUf7PJC5yivjAVlDYOSSxPHUY80uLSBNHlKbiJrcYDEbtxHykdcKSAPbPSvvcDjaGLoU6lCpGqpJXcWpJP3Xqo+67a9W03qtD83zHAV8NWq0cTSlBw0tNNXS2duuvyWju7HD2GhwxaUEQK5cLJFuIGGwcgnjad38OQDxz2H0/8ABz9nPxJ8RfhN4/8Ai34KvDdeJvhdqVpPqGgwbjdTaYv717iID5i0IUMMZG1T74+fNJeJNGnimSUznAjdwQVbOCqknhSSBjP8JHIxn9Ev+CYfxdtfCHx5b4Ya1an/AIR74q6TeaBfxSupie7lhaKNyj8M5jZsHJJPIOBmvkvE7Mc5yXhDG55kUv8AbMrnh8dOna/tsPQqwliaTaSs50nJrslf104Lw+X4/iChlmY006GNhPDq7tyVKsVGm0no37Rw0fRNX3PtHRrDT/23P2SFMyLL8bPgnpS3ejzOFfUNU0W0hzdabMx/eTbUjZlUltu0KFODX5PRxRN9pM8EsLwO8VxGPlaK4ikaOVHUnKkOpypG7HzEYHP6GfCHxVb/ALJf7Y/jjwXqM1zp+mf8JBP9msZWK2114c1qZl2SI3ySZSUhcg4XNePft4/B7/hSvxv1HUdKDr4H+KlsfF/haa2ylkJb9RcXlouAqIIHkCbVIOWJAxuz9jwJxhQ4oyzBY1TSljcJRxCTafK504t3untJtNLRtPo7HRmeTVcgzDFZfJfuqNaUYNr3VHmVkk1a1rWW9k00fKM2owwRKYF3tbqMKfkGDwMsMglRwOvcYAGRn21/cMHfcEMzZBBO3GORzzgkkFTjv680Y4Zr1EkKeTEg+cK20kE8vjPPPXGRxx6V0FjpttIg81yVj4hwd3JB5Y4GNuCD6DgdMD7yqpaSateyStyrVpN2u3dWSs+l7LS55003Z3ffqt7Jp6vZWS7aW7mHq2tTMHt43VUVACVYAE4yGwchuR8w/Q81gxXb3DLEZF3RlVB5AbdxkudwOeAeOqjPHIk1+GEztHaPHK6qWLg4BOcYHdsAcdOQvTAxQhsC8K7PMYggylAo2v1BXnuff5jxgnBENJpau+/xWvsknbbz1t5u1iIxk5XTfTZuy33slounzZ1ss93HEgRVlhjB3pkAAHHKnJJAI3DIxn2xWXdXrXJjky0UYk2iJySrHgcggEDIwW6beo5rHlt9QSSX966RKiqBEck9Qu9cnJHdsYz17YqR3uowSyI6hwy7BFKuWbONxHoGHcnP5nM8qTik1rJJvbqtFptZPfdvd9VWjrLRWsuy2t8NtdHbRN/FsdY7Qm0ImtYc+WQqRhFJIJ5Rhg5J4YLxkc5PXxn4neKrPQtKj0qwy+rasDEsbEmSFTnJXC5BUEYAAyTW74h8WWuk6VeXl+Ftltkb7OoYqzy4I4HUjdwBwAMDBAOfEvAen3fizxDN4v8AEMM01lbSb7CJt2CA2UKqRtZQACeOMAYDbs7xjyuMouTbs9G72Tjza6NaWsuzCEW1ez7L00u/J3+TTu7NnsHw38O22iaOlxOJmvryIz3EpQkBnyzK2TksMjgngDA+XFehG/sQxKXdwjMgUKjMihxnKsoIGSceuV7k81Hba7phAjeAxLkeT5QAUFRg+aoGBgfKUz0yAcgmo7q4s7mWUwW0MibQZNoCSYUZBUAHnOCdpPcnnmtvapyV0lqlFb8y0auk933enomdcJrztotdW+qfTTd9dL93awJnTdMCGWQopRjukYg5JDc4DAgfw5zxgLxl6hfWUUjC9kktx8oCpzHk8Kpx97AGDkAZGc4HGza29m9qZFm8mYnd5c3AwflCqCflPfA9MDgkjgNY06ea6laO4SUqWIjYqFClSMKATnkkgevTpk7TS1sm3JK93a7S197TSyvZpbSS6s6YqTaktb2vdvTT5Nd77PZ9UTXWp6a0SwWsBkLkr56HDtuwMsOBkHOACeNvXg1is4jZYdsu8P8AKcnJyWOenOAfXkZHBBrvPDHw28SeJbeGPT7V5xLIojMcbrsG4ZYuBu2jkf3dwXB4Jra8a/CzW/As2nSaoPMM8ieZGibmjUAbtrepXJOT8pHoAT3ZbldbGOco2koQ5pOSsopNNpPZO3fVWa1tdcWOxVPDcrqVNZSSWuik9UtXomndyvdaannS27y7fLcSSMQXQryAmA3zBeCB/EML1/C1IDaYM1scMnyDli5IyMnnGQTj8eK9TttEs7GG1uIElf7SoaQTRFtqhuQwwu0E4w2SoAPIHTI8QpZ3l5DAlp9njV1BkQYMmQAGUf3SRjoAW68DA4MTh3SryjJ2aaut05e6t1uk7SabsnZa7PWlTjVjGopaSUXZJO97Ws072td2dtu2p5yohSONhIEYyl9rL93oxAHC9eCOD6/NTEj88l2jG1iWLRkDBUnBbJJA4A28/e9QK9Fi0XTgxtzAQiBnSQAbiWzt3NnJPXg9MdsmqE+iQrG4t0b5pPmUnDpjByFHCg47Hnp0xXDKLbSTvFWbs5XWlrW16vT01eqtpSp+8mnZK+q6fDd2d93zW0TWvZHMrMY9kasuR8/mEbMZJGM45IxggZGCB34mkuppwGKkx8qyICuWxySOuRgDIPOeOhq/PZKixgxF/nBLKAHVfRnHQYzgt09+AKd8I41Bt5REeM7l+ZRx824HnI7/AE68CpUJKS6XSSSXdpu6s9b262a0bZ1yg9LN9LfPl+y7LTo727O9r89fFw8c6yMuAEMcgL43Hr1bPAznBxgg13Gjy6YNKlhnljWSMF1IQFpCwyACOeC2CvGc85xiuOLI0wXcLlHwCflJQgjflsZxknG3HBzwea6JreGVYvKiXK7R1CNtXAOFAKnqzbj9444xkjDFNpWTSuldK/Nqo9la+rurLq9E0zTD0bXbTe0ra3u0t01y8zvo7Pr11KiGzGT9qVXbJKFcJtJ4wDkZYEDnkHjjPJHFJuMkEkawk7VJOSScc7c8AHAIOQAV4IBFbE3h6yVUAaUNKVZHxkrnllPOADgAHPGOOmKjutKubPiARtE6kgE5ywz8wYHnJ5bOAD1ySSvymLTUmkuZrlWis9ErWsk2trrpsul/iuJsHXrO8YOXK3dRte8nF9PJW332Sur04W8mVhKWbjDZBJYE5/dnbkHnIUZznHB5rrbZrDyy0zGJ1XbH5uSBn06MpYZAHIBHTgiuWcvbBXLAgbWVSpbJOOmASdpwFIPXuSeYbrVoltwGhIf5QJDwykE5bHO9QcNyQOAeAec6NBznqm7yslZXTdtnfS6et1e19tjysip1IYlqVJpR2cou6s1rfVaWs3pZbXsjYe7W6uCJEUxxA7NxGWA/iC8nIBxtJ6Y+VQATl3FrbI6+WHVW+coRy2TyV+o7+w571zcrOjiT7R5ikqyEO2RkgsB6IPzyCvOCBI73WSzS/OCPKxJjKHqFwWXpzwOp6cZP0uHw8oRpuzSTjyrVtbaOzdkuuj7ttb/qFGvaEINNPSy0urcqto7pd209Eum1maxQyqYy6u6kxxE4Xf1YsQOuTjgqcdSeK9Z8IpqqR2gitwSMxmVUY7B6AYIOMk8nJPJ6muC0223SRGYF2ysgJb7gyNwBOcMB7dc9R0+8/hr4P0y50rTdShj2xvAnVAyb2Pzswx1Yng5z06Z59qjCc5Jaczivk1a7s+qaslvr2slnyx9sqkpWSafle8W2uy6K19Gn1K/gLSmvbi3XUVmAEqRysu5fNV1G3qOSBwOqjjOGGa+8/BHhjT9Qfw/8I7WeWybxjOH1SWzVjPDo/BnWWRR8hkQMqnjJJ9Rt818B+ErPU9as7CC1DSfaERmVMIUVt7MQBk8YGTjGSCOM19EfB74kfDmx8efFfxA9za2d34F05NJhupioS0S0T/SZImfhmLBl4JO48Y7/AIL9IfjbEeGfh5nXEWDpTrZjCkqOApQpynOpiq7jCmlCF5SvJp+75X31/RuAsiocV57QyudRKioyq1Lvl/d01FzTk7JN6eiPjf8Aa0if9k7wh4907wtcapHZeLrhfDWlRqxDLZsn74PtG7bNksT/AHj1NfkN+z6LnWPiZpjNOElsrppriNipaEGUuRJyPmbO5eBndglixr9ZPj98bfBv7QPj62Utban4ftbmOKAXjqLWWaEYluSpJHABCMCcnHBzz8iDwH8IvBvj/V73w7qUh1S6uI7yWytGDrvjfK2kW0jYhbBx2BOeRur+YvCT6ROJx2U5ZguOskzHC53jZr95Rw0p0pQqpypyrOKTpPltzc10tG9z3PEDwgp4bEV8Rw5mWEq4Z0oOrRlXSnCrGmnJRe0uaUXytW3vr16/9s34gXl7DY+HLF/tuoReH4/skEZLQ2Mca7mnlUcJIyjO5iMcHngDzH9hz9krxl8br+78Xai80Gi29rdR3F7MC019OvmHyrYnqqAAgqTkD5jkHPb+N/BWq+ILi/uY/MOueLmsdGsDINyWFrOyho9+0kMY2G7b8y5OQBxX7I/sex+Cvh14LXwBpktu954X8P3I1FSVjxqL27Pd3JmbBZUfeVyfu5AGckf1vLMqayelPBQalimnTa92aUrNtp+82l12ttZpn5pw9kNSljHDFWksK2ptNOMp80Xe7Wrdm91pbufjP8UvhBrXgbxZYaRaabJLJZz3TQ3YO1XgtpWXcWBwGj24wQx4A5ya+evjt8QPEieGLL4c2VvO2r+Irox3k6lgtrpanE8kagfuwy7svxnP8Q5r9Avid4wt/EPiXxF4ia/jPh7wzrd3aT3G8GW+nnuTi0t2BJPmFgqhe2MLjr+f37Ql9pi+ORcaLfJNfavY2324KQ8OjWuzMVjBt6TkEmUDlXLZ5Ar4WWZ4iONpYZUuao1FzbV7NqHW1pfPb02+xxLoxhUjTqRXMox921kkoq90294u9/LR9PnrRtFtPDdsmmWELDY6iKRjnzZ87pJ2blmVTkjPHGcDqP1H/wCCa/7F9x+058Rp/F3jVpNM+CPw7u01jxlrlyBb2es3dkTcjSormQrG0CiPNwAxUBSjEg4Hyh+zn+zn42/aX+LPhf4T+D7e4mvdXlt31nUtr/ZvDnhwSr9v1C9kACQu8W4RZYEyEDHGa/U3/gpX+1f8Pv2I/gjov7Df7Od/b2l7p+kRR/EfXdLkRLq4upok+0wTTxkSPeXsuXnDNuRSyAfdz/Ufhlw9hsvwMuIs15KVedKVXCyqRVsNSSXPjJKWind8mHhb3ptO3LF2/jzxu40xuMxtHgrh3nrV8TVp08ZGlNqVTntbDJxbcYyV54iaa5KOl+aUU/E/+CuP/BS6y8YKf2afgLeR6N8LvB8a6I/9jOLaHWprBfswRRAVBsIVjG1R8sn3j6V/NzdXRuZy97dO887bzOWDkt1IK8naOgz1wfWqOp+Jr3V7+71XUpXlurudpEZmZuGJ+U7iQcbgdwySVOTxxgjUEuLyI+VhkcR4PAYnhmOcjvk8cdOeK+e4u4nnmmIlh8NzU8DRbVKne8pXacqkn9qpPWUpS1b0W1j63wr8OqHDWDjicTFV81xUYVMXinF6O0LUad7uFGltCK0st9bnqeiPLGUSNQmRkyEcmMcqBjgNjhcgZPcdT9EeE/Me2iMZYjZskLjG4vgggE8nJ44HbPGa8B8NsoUMC4JQAggkbgOi5we4OfbHGa+ivAyyYRSQHlY7iR8nA4BGOoHTspx7CvgaNVym1pq9tnd2a0S2S630v1tY/bfZKnyq7V7d3fVbqy5Vd3bs90ulzzz9p6Jrb4JeKVWMswtlQy5YDBJHAx2HBHVV4yeTX4h+HLK1vLoQ3cbbYSkhzjDKrhggB67uQTnJJyOpFfut+1dGYf2ffEblw0zyqmADnDFh1xzwD3OSeMZxX4YeHoo0uhJOkzCGVHPl5G8ZBcE89vU/N69q3xNRvDPlbi4x5U4u2rtrdrda30vrrq2eFm8P38N9YJ67L4bK72astUrbdz6S1XwPo+reGIbvTLK0gcoonhUL5znaQpAAJDq3b+I5HsfmXWLO70mdrW+tFjdZHij8wbMxfwkEEkgbskgdc5+Xk+z2XiYwyXclsZbW2tdkm243eVuUhhxlgeTwoOSGwBmvNviD4ns/EF1aypCrOVBkmQAEucKygAcL8p5LEdO5Jrw8onjoV5U603WpTalGUpX5NnytW7d1prfseO9lo9UrqzS6dbPXZu6312285vFCMnlgw5Yq249SV5IHQ5YHbxzyPlAwMWRyz7ckeWTjcMbieeMc5J5GQcnJxmt8BZZNtwpwrDZnABB4AznkDI+gOcKORTubJhJKNwPZY+N3J+QZB5x6AcivsI25Vv3afupbdNH3ulbv3Fuku2iXk/8APS6SsZbTHBOfmY7SoGOCADg889xx0HUYojmCsQy7ycK2BnkkKcZydpyBjHqegOLL2cirGPLbCtgk8bSACc4GD/eUZ5J7t0UIyjcWUyEgINmCoIxuPXDEqDz1655GKuvlptdpvRbXWvRvbtorj06+X5L0Svrrr8928P5SkjOZP3YQ85UDC4IPOCck++cdMsikeNgvyBkbCg5PDH72SM4GcdsA8ZBqR1yu0p+8VwzN0AHHKZJyc5HB7bRjqIz5jY2sm/dkhlAKKxwM7jy45Xp05J4qUk9bX7X+W19/x3fmI6S31UwRKhZVmjbhAv3lLHjcB17A4x6jIJrptN1dxAGaQEFyZA6nCKSMgDPy8fdJGQOBjAx5hMTGxkVyCrAMSeeAM4znPTjvnsOcEV7PGzyec2GAOASVfp8rAd8dWCtjAyK5amFVTaPVd9LWtt1te7V/ncwdFP3tU9G9ba6dU/KyXXd67dT4m1DT7pisHLxqSrlTwSRuBPfn7ueoySBkmuKaYscAAqq4UDgDLZLbhyOBnb93GM9cB91ctM+98LuboBjOOOfU9P0PvVNmwTg/ePYjvkj27jI7Z5ralTUIqKulZNvq3dO1r9LL7zSLlZJpaa3T6tL16ap7W09L6StbBW5MhwvONoUrg8Hk8Y5465GcVsrqso2RufkUAYX+IE52luMgk56EYOD2zzYkkYBDg4OcnJIxxgn2BPB4yOcmnpIURfm3OGyvBOOmCOQAV7L3I+uNHCMt7NRWja2d1e29mnbbb0Y5X0trrovPfXputdn0utb9ebwIMIGiGQ0YY5JLerYOASckHAXPPHNd/wCH/EdzpccJUgyE4LkkqVJGVxxtJ9eMdBwa8rsUmvHQCQSFgBtZgNoUn5Rk9AMEZwSeOuDW+d1vc+XLNjZHlMZyCB0PAC5PAz15JJBBPFVp0n7j1693q029X13T899TJ3TvdJW2lvdtd7eerXzdmj6w8HXer+K7+DTNHSa6u5Idy2UCFnkA5lGwArgjJDHhR2AAFdrqngy31X7QluDaapbb47u2nTBDxggq6n7sm7cuWGGznPc+B/DH4la/8M7h9e0iOGS+aCW2FzIN/lJIpCyIMMAyg9eRzU+nfFTxNcalfaks/n3ep3Mk175zBxIZJMyMF6qFPyqeSoPXtXDD2tCo6lK3s0leKvzX926ST2tbS6vzdNWav2apczd531jFa2Vtl5vXR6JNrXfbu/DeoQzm3W0nDxlwRyMYJ+790EtngglgOcVQNvPbL5N1BLHIDuZZgyfKCMEk4Oc5HAwQTgjk16vpmqQa9a77i7FpewEOjKwdHD/dXdgE7MAk/wAWe5PGR4k0nUrpmmucXJRUMc1ugK+XtBwzpxxt65x3A/ve3hcdGv7srRla1tb/AGVbrZ97dWu1yIxjKMeket0rpWWlultdPvOQgm/dAEBTkFAMjPIwSQAQRjAzn6eukgRlztK5CgDHyBc5bA9uu4/3sYAPNGC2ZZWQKx3L95iA0ZXvjPI5PGMk++auxwMssasWdQpGVII3EHAGeCBk8E5yCG616alZWaXT7/n326eQ+TRWtoktbu6XK9/l2S8tEWZUaSMuCdifJuUkOSOjMP4h37+mcbaRXf7pjYShVAYMArL2IwT6nk5OB1PFTwfMWVWw6sztvBCcDAwCQDjHIHp1B+6PA74kyckKAoyDkkjp2QcfNkL3zgitIuUNbRtLrL3mlprvva+2u90klYdGLVtuulr7p+b+Tbsr+ZuafrE9s0Q87aAgR48HaQoII+8cgjk5xg4PtXpOnazZ30aRqxikChSQQEwD79cnBBB69TxXi0m4oVOA6nbtX5WUAjkkcZPJHIB5zVmGaaFgYpDhVVlAchlOAcnsMnJKnHGAR81dcK8oySUuaN1dJvS/LrbfW+jV7a3d0clWlGcbK2qWvXpqr395a67drK9/oGa7kuIVUuDGCqtIqgNhTkDA/ud+MnJ6Hiuj8Lay9rOASHjViqyfxH0OD1xx3J+YAcdPDNM8VrHtjujvGwLuK4ZXUY3fqMjnoD3rv9PvIZEWaGVHL4cAOoKuCMkgYJ5xx6jpkmu6niE025NvRXvfTT8Ha/fV66u3nzoNN21V1ot20le709E0k7y1aSufR9vrouoSlz5M8KAxOjLlWBOASpzkgnPGenqDWHrvgOy1+ym/s/bFI8ZcxOAUdyNxKjsGzjpgE9ulcDpWpNIrHf5cgIGC2xCvCjb83zHKkduv1z21hq1xCUYSM0cDAD943Ktg468Ln8D83rXfTxPKlGSUovTXXS8Lr13779NTilRklzJtdU46/FytXWt23fe73u1ufL3ibwBLp8+ye0e3dXdd5DBG45YZGNpOQDgjseTz5reaJPFIqqwkkUkbCMAoAeSQQMY468+2ef0Ju7XS/E9pJZ6sigyIWt7kLl1bGQpAwMA454JXkjHB+bPHXw41Xw3IbtYvtFjIrSQXUKMyqu4/LKVGUOM9fVjjjjolCMpRklFJq1lvul/wXpfVpXegqderT5ea927crV72sr22abu++u2zPmyWAoJRPEwZCCdo/hU/MBjBJx3OccZHHO14X8TXfh29Pk3Ev2ZvmkiWQg8EYIUnOVzkgZBAzxWpMN0mJBglcKoXKtjqD1yeMgckH2rIutPtpyrFPLJyCycBflYk8ZPbIAwQCCuc8888Mqqm3PuuW67LRO97vS+mlm9T06VZe61JpNp3u2ndptN309G7L0PsLwb8RjcWtvMt2lzhFMyhgswUY2gYPBz94j5hjqODX3D8I/2hdW8OtFZ3V017psgQta3khcGPByqbwcYwRxgdODgZ/FXT9Q1Tw5dJNZXGIg2TzlducAOM8t2HT17kH6M8FfEqz1ZIrG4mEV4gCsWATcWyWAbJyCwyDkDI9DiuOnWzDKasK+Fr1ISTTUU27q8dGlumlrdWv22O+McPi4clVQmmlfmSab0s0730durs979P3x0W68D/ABAgXXfCepnQdeiQSM9rL5eJ2HKyQAqrBWyCQOVByPXtbP4i+IvCONL8fadLrGjufJXVrZPMBhOVDyhQ2485+bgZ6E4r8d/BnxF1zw9d29zpeqPG8RUxoJNqyqpACyAMQTjjnBOepA4/RD4TftF6J4qgh0LxMsEF3KEhkjuwrW1y7DYWDuPkB5zjCk46kgH77J/ESopRoY5qT5VFub0lrHW/drR3830ueXieHqM/eoK0tbaLmj8Ktpq0k1vsu93b6A1TwB4P8bWB1jwReR2l4wE/m2biO6jY4KpJCGDM68BgwBbuo2g1T0HxLr3gW7trXxnHdT6XbOscOtWAcTQIDjdcIBhnxgHJ4xuDEkYdN4KikdtY+H2sNpWoKxnktI5SLa5Iww2ICylCemDjA64xXQaT8Sobh/8AhGviToSWc5X7M2qsim2n2gqWnwNgUg7iTwozyoGa++wuJyfOYqrRkqOIdvhaXvaWul8Vr2VtNVtc8KrRxuClySg6lN7OUbqyta0ndp9Hrp2WjfrWv678Pfij4ZXRdZt9M8X6DPDscyrEbu3TBALAhpEnUHI2nIIzgbq/Ob47/wDBPLTr2zn8WfAi7XUR5LyXfhS+ZRdI5G8pYynDSsMFQpC8AAtnNfVfiP4IXZJ8SfDDWza783CWVvOWtJwBuwpDYwxOVVht5OMgCuW0v4veL/A97b6T4zsLrSLm3lCR6rCjeRKQQA8+MR7Cc5Ixwcjg5GGNySnWShXhGpTUk/aUnaolZJN9X3ur32aM7wqRbS5ZaXg435ZJRV9bdWne60vstvwY8T+GPF3gXVbvSfEuh6loWqWkrxyW+oWktspZXK5WWRQrgEg/Kx4x65Muh35v3SxZUeWceS0TKrRsXJHyjBB6nOOeR7g/1AXFh8EP2hfDdro/xV8IaNr0NyEtT4i05YYdTs1ddqzpcxKJVdTgsXBIYEHk5Pxt8d/+CJ3xG0vSpfiJ+zF4ii8d+HYYJNVh8PPga3bRIrSmC1lBb7bLGvBBKngKQMZP5znGSPDzmo1G6LaUVNKMmuiUnaLdktNLvyenoYTC83s5Ql+8Ti2tmleMdL+l1s7JH4Z638FtP8QXs1hbTRaHrUjDyo5srbys+SMuThQexH94AdM14n47+Bfj/wACRpLq+iXdzYSq7Q6rYxPcWrqTnczRKw6ZySw6AHBAFfXPifS/H3hbVZNB8c+HtX8O+I9Iklt5jqthPazGWJijCRpEVXUMpBKsQB82SDXrnwx+KVxpcf8AZniaIa3pbFUnsruAXdq0DkLIkLShiigEkY+p+XGPj8bh8bhlT5KbqU4O1rcspaK8VbblurJ6O176n1OBal+7q1HB7JyW1+VJSvr0srX1Se6PyN8iRNkYcko5QBx5brg9HDYK9SBncOCOnJu27IrBHUZUkFQMls4z0xzjAzkYB5JPX9qfEv7JPwI+P8VxqHwz1WPwJ4xuYTcJp1yQum3V2FJaFYywEe5yCWBOd3TpX5w/GH9mD4r/AAX1GaLxd4avG07e0Vvr2mxPcaXMFJAZLiMMgLAqSGIAbPGPlHnRxdOrJwkpQnFpOnO8dVbZaX1aacX89z6CFGdFRvy1IqKalF3Tslrv0untr6WT8BKxrIzxjKsmGBycAgDAGccZ64zk/hQoCqwC7SOFA/i3DgH0xk9T26c83f7PlSPzY0BKcSDfudf7uc989QB16dDUYtJGUGTcSGy6kdGGPugnr8o5BycZPPNdyas+l7WT1bukul106t99djZSTs0t1s1ra6T87X316NaNNKmisrumzkLjb1KZHUHAJHBOMcZxg9anVQgBkfcCwGDuBJJBABBJXIJJ+Ujkn+7V3yZB8ofLsRxgDCHnkrnpkA/gecZKTWxQ7QpdSyZ4IK4zkqCDlQOcDtgcGiME466N6a3vZW67pad+mnlpT5na6a26JJ6RVlZNW7K297aWBEiDCSNzHKxG5GXK7VbjHJJ5PUjpgYOKtSSyLJvHmIpIG8MUkVxnDKy7SMZGOmOvHIpggEOGAUKjbkYgM3Tdkg9uQM7hjOCODUiShgJCy7pGAKFcrgY52nI6ZI7gAE9OOSthryXLJb63e6TTst0vvf53718MYpJtuKS2u9LKzd99Xd6Wsmz3r4aftJfFv4Wy2z6H4ovrnSFba+j6hO91ZyoCQyGKbeAHXj14xxjn6rsPi5+zh+0Ghsfi14StPCHi25URL4i04Jbo0zYxJLsVTxkNtYDOeoLZH5vSAqwZZsoVAXGCBjBGU4Iycc/UDvmUWy3hTqspQOkoJRW2qdoyMAHdg8ck4zlsZ4p0IwmpR+KLVkm1dXjZJ7b7J322umlnVhPlaSTVtU9U0kr3elrO71fezfT7N+JH7JXibwxE3iT4V61D418M7DPbnSyG1EQgbv3kUbklIwf4uSMcfMK+VtV8Q3t0w0HxjpjOUfyp4NTgNvcIYzsIRnAY4wR1xuHXB4634dfG74mfCy+hudB1yeayRsSaZcyGa0aHGXUxMWVQRkEnGc/Mea+o0+K/wF/aDtRpfxT8NW3hPxbKVjh8RWAEStKxCh5GjVQE3HeRtw3XOK7IVpJx5brRWi9ltay0Ta1u09dbI8aphY1G7J05JxV2rRtZfon17adT4Nu/hV4a16yu5vCup/2feBsnTp8FWzztXkg8nCnc3XG4jiuFOh+Kfh8139p0iaa3uoDCLlFJjZip5DJkDA42kccjgKCPt/x5+yJ498HW8vib4a63a+NvDrxmeGTSpFlvltyoYq8CFi3lISGZtrsVO0cmvANP8f6novmaP4u0iaWON2hlt9RgKzxljtchJQGwMkDHTJINddOWHqpPliparmkrq6a30ta3ez/TklRrUnZJx00lFqz1Sauu9rNW6JvqeGeC9SmXW7Rbu/eGO9uo7XeTvNkszBZGAIwqqDgL1HBYcZr7wHxWv/hlpseh6VeWnibTLeSGK0EBC3cTyjc7uqAltx6gn9CAfB7PwH4M8bPcyeHtRg0LUstMkUpAjkYbiFUv0zkEMMkZbkdKw9Q+HHjzwVHHqWoadeagtvcrcR6hZI91byRq25GcR7gflXI3cqpAwOCf1zw84rxnCdd18FXqYfET0hicO43UJcqalSknGUOtmrO3Q/ReAuL814TxM8Rl1epSr1EoKrDSUIOUbxUZJ3Ssr2vsnqfZei/tNTTXUEerxyaYqog8udWwhbbg5IDEkgZHYY7c16IPjJY+JLEWw1GFLdb+HzHV9zH5wNwVuRtzktyOvJNeM/Cy88EeLNO1G98aaJCdQWW0gVZIVyLRiFlmhVtuJ0GdxCkjnpjm98SPBnw3XxTYR/DvXo/s19Lb2FzcQyqFtXYAyB7bcAZWYBNxPB3H5s8f0HjePeIc6yXFU6+a4TH08TSlzKdsPVUJK6sovVpxV+W13vd2v/ZvB30hc8wE8E8bWo4ukpU1OM/3FRxuvec4taR5U3aKbbs+xynxl8ZQ6Z4yubZ7n+17V7P9wI23RqZIVZWxkgsnOEGOcgcHnz34K3urT+Mba9097xbK4klS4t1DrDBHnocnDE5wCMk4wSQBX0H8KfBngTWNc8T6b49t7HUNX0y2/wBGgMuWS1U/JO+Tta5bbkIc5DHGeCfedO0nwRpckbaBYW1rYqwjj8hEjkMicZlHBGSDuOcnAzjGT+HZXk+O+v8A1zEYqHsvb1Jwpc8p1ISc1eHtJSlOUVZq10krK3Q/L/G/jKjxVm9bNK2JpSWKnKtSoqpzTpe0cW4Squ8pqNkuV/D0NO0aV4i25kXIQbjhiucAEY4bABz1yefU6cNwYkYuCdp+XgMM4x82cdOeoyuMjrmonaB3KJtUFSWxj5mJOACDgZ5AGTz0wTio/MwpR9vlsM4UZPJ4OcjJHHBJwPyr9AU4xhFOXNZLW7adkk2r3s79L/ifzhPERi5KM04vrfTo9t9b+n63lmC8nC7m3Y25BD8jbyTjkkdMYGSR1iZm5MYO0ZQsAB1fOAAecEn0IGeMYWoY2hZkVnAKD5fcYwu4nG05CgHAGf4s1dhCxiTBAQZLEfODkfwgYG4jPA5rKpUTi3vK99Fe6bS2Sa0tddbebPOnO8ufTVp+TvZN9nb5Jcu99RgOVDNGRsG07ejjkDoT1yGyWzjIwSBhmIlYx7c7mDK2ec+mT0PRt2eNwGflIrU2xrCQSREcFs4Bz7Ht3JwCN2DknOeenuFhYsTsQ7izsdwA6DHYHbyc49cNjB8fETSjKVTSLV9dLbK+vayer10fU8+tNcrT6202bSd99fK93qtLtoWV1hLEKSzEuqvzk9MjgBWXncQfmGc853ZF26ujbQYwVVgxBGeeQfYnI74644zVP/hJdHFy9q98jSgkbXKkjg8KT0bnIHBJ4xVaa637ZFcRxN88ZdgA+W6EA7R6Aj2weRj4+rnGBqTmo4ik5U7qbU4yad0tVfRp9m32e1/ExlNTi+VPma3Vns0lbWyu/d177asdL++jYru8xQE3KMBsdRnuDnB+9gk4wBxRRpoGlHkuyYG4sfmRht4OecZ5H0xjJqzJe20U0bNdRQuxLKHYBWBXLYOQDuIwTnA56DFSRyw3Q3rgqwx8uNsu3gkAH5s4OMdsdduTzrNMFVn7OnWpVHZNwUotu/K9k7rz006a2PIlRnypSUlJ9tVZcrvo9nfe/Sz8quyWYhmbDLgr1ACsTlckYywY8g54z64kRnVZPRcKeOdw6KPUcjB/unO3O4myXjSGRVIGD9wqS7YJOARkkbcDjpzxTbZ1kYrI4G7+JVwCAvAA3EnHI7MR3yAa29qmlZKzemq1Ss9NNFq9LLr6rHkmldrXS3LKUbxulrf0d5avZJ6EizsqjcwJcEHjGMdDxjGMHj6c4qRXVNhD/Kx3PuHzcdNoz64PORwe9XGtI9q5DFHQAsDnndnJUHhjyCOAM7uu6iOzjaQLtIAI8sk/KEwepIxkdD1xu6DrUOqmmle+ier1dk729Hsl11vq1cMPPmTs3f4nJ3aXup7paW0vZ81uhV84Tea4OFUEEHC5yRkHHJznpjjqfQZrJEZCFViJOSM8I3t04xuPc/nmt9bKIibchBydjMMrw3UDgZ4wBjuehOaqtp5mO6I7SFG8gYO7HDDn7p4xwck5z3rCpPmSg9Fe8uvVK1tFrbfy8tLjRqQqXSd763d9Xyrzuo6dX3duWxFYXDWcrp5uUYbHVhk7MkE46cg5HbrnvWs4Roo5YjuRSxV1wCvIOGHBPTBx6g5yQa594WgbZKyl3wMngg9PTGAOxz3+ladrcLEiIV3gnbtJzkHpg9xkde7cYxxXlYqgpJtWXurXbsrtWvfW26+7Q9/BYtw5YVWvdsrNu28VfTor911W5ciuY4fusXeUBSh6O38IBI+QKMqcr0yRgGhbqWCQjClWkAI5XylxjKybfqFI5UjOOMiCSNUKsUXynkyCST5ZwMZOSQPlzk47cc5Gh+6ljCsMup5b5evy53E8lcA85GMkDk5rwK9G0Wnd6Nat2d2r3vr35bP5dD3oVOazi0k1u720s2nf07dG9tFr21xDLHhCJ2VGUxsAOCMcnnr/AB5OSMcZAy628q0YMSVWRirRup+8pyhTgkAZAyME8gjjFc19p+wTs8cZ8tgFljALFhzuKDb+ffGB712ViLPUViuI/McM3O48xyKSWLA7evG3rnrx28yrBJXdmmndPS7T0v2b0a266Xsejh6nNG7autHpvba6a00X/pS5UtrCOkgZ8gFvlZGA+UsSAcEgntkgZBKg9aqyttfyeogG+PauVPAJBPO4cAjd3z0yM3riOPz5DCm1goYvj5WwSCMDp2yAM8bjyARHMySxRbAY5SrDeVwoYjBG7jsc7W9Dk4BNcEYttt8rs3fvum/J9NE7p3vbWJ0uclfzvaytr7iV1e12l99np0z5JZHZZwoQSMiYwWDMvI3IBwW5GRu/76wToyFGhEgXY4DSMuSVUqCRjHAPQjg84yuOaoAeSWRiRIqqNj/MjsxxvTpzjHTuQMc4D5DLsV8ssrKAU5K8ZPKjjB6A88ADsKUoK97ReqVrLukvv9Hvs9yoNtN8z6WWmi3106t6v77owbq7lZkuHaOIEnaANwLAkYYYI5B9N2eS2RzQu3EoRcgHaZmkwAFA4wSFyByTjd83UHopvXj2jTG3ukESkowaMkkEgEEjH3VJOcZxjHUDDFgCI8iL5kbHZGQcuqjgqw4O1gTgHgDnB3VtHl5br5a3tbleu9vLTy1OWS5rrvq291s/w6a9lrd356STfmaQCS3kXYVQYy44DFRyBkgdvTpTlswha4glJSSMJ5LAB+AAMfNuUjqueq9PWtOeAW4kC5eJgMxFPmycEj5uRjnBB/EgA1DBbrNMQuYyFHktkgo4wQrg9MYOB3wMcA50lLRPqls23quVd+y16vW/VLGNLmsrduj2va+2uy0372ERJYY4jIpbLBvMRiWVVJO1l+g5z2APOK1mulFvvQOLY5dXBIcHGNrLkkgkFWOeByeMAoba5USyKY3zGFkLDhjg5CDnr3BAxz6c5rW1xCiyRMXjdwrwltygZ5UqMbQT35OOeDnODqQlZye1uXXW2ifWzfW61vo1ppdSi4Rsov7L1ilZXirN6t6at9N72Q/7fbTWzb4d0UjMD824iU9COOndh8vUnknNY0g1TQJje6YXmttqtcaeCTE8bDeWHUDIJ6YIOeuDTdwjmkdmEMZJzCTgnBGGI54B+71wODyKtLqEiKQX2krscY3eZHg4IzkfKACcnJGD642i6lN+1ov3kullfWO/Vp6NeXc8nFUqdeEqdVaSXutxWrumvv6Punq9bZs0UGrsdd8OOltdx/NfadkBmC8yoI8/xEdCOdwIxWbL4heWWy1jSLufQ/EuiXCXVtJBIYpoLiBgY3SQcqSwDDBIxnO44ourOcsdS0Z1troPteFHCpcBOWWRcjBJAGCuGznrgHlb54dduCbZV0zxAi7bi3yViu1Xgqnbexyy8kkg9jmuvEQwWc4Kph8bShKrODi1OKalzJKW6tqu/fulb5V0sVleMp18POcYRkpRlFtSjyyi0/d81dNX1S3eh+gvjW4tv27fgS817PZwftG/B/SmktZXRIrvxhosER3W7OQrXE5jXgEswOBkBufx3sNR17Qby7tLn7Tpt9bTy2t3ZTbkENzHIUlikhZsLl85OFBycYr7B+DvirXvAvj3SNesZZrG/wBNvLeS6ikcxLf2KuPtFrKpwJVaPccc7l4IIG2vWv8AgoJ8DNJlHhz9pP4Y2m3wr43tLaPxlYWMW6PR9dZV33TpHuESXD73lfC7SOrZGfwLBVJcB8TrIMTJxyPN60p5VUlpTwuKbUpYPmbajTne9FdHeK1sfrOJguLciebU7SzTLoQjj6SVnXw8VGMMRZPVx2m9VZX8z4x0rxy8EkaakRbToqBbmAnEgOCA4I9B7kYB4Jr1TTvEoli33DJcQkqYp4wHOSOCyg4ABIPsTjOMkfJGbtYxD/x8gndkgMSv3gQ2D0JIJByBuwTWxpfiG90woLWclwhVrdjuhIYndkHAzjjIHB3Zz0r9Z9lCaUoNK6jJe89mlpfbTpa1l0Vj8kxuV0qznJR5JW2d9Hon5NJtLa1/i10PrdrmGYJLDMpiyoPBwGB4U9SAcgcZyD0zg1djVsrMRlFYhkULjbjJIGercEbVA98jFeHaN4xtpSPtRaxnIGU58ksoAG8HABz169wTxivWtP1QyxLIXDI4X54juRieRkfTI/E5zgVEnKnbfpdrZrS9/VrVafKyPj8RgK+FnJuMlBdUm15bK2rtrtvc6CC4RlcqGUbioIPPBOQx5I/i5yMkEZwMnUfyLqAxyMgQkkEgZB45PJwM+nX+LjmuacBmVU3RO6qSCcR4Ucjcck7sYHRh14wM2oZFVxE6sUb+LflgR1BbJ4G0dywIHXGTPuyTvbbdWTWiTel+2/fq1YwoY7E0JxcW1ayu9OsdLddN1b8DIuBNp9wpQblyArsoVVUngc5HUfM2ck9sVbttZZRIsioTuQgLngZznd1GOD05xW40CzRyRTJ5iEAht2QQQQAOOvB/wPFc5qGjT24eW1RnjcZVOu3tnlsnn1HvnIprRK3lvZ3236PRaPp0sfVYLOqeIUaeIahP4VK+mjjo23bXTXZs3odUjuN8aoTIR8rDIxjJwe+PRgQevHUjSS7EowrHe6BSowu3A5JHpxgHnnk56jzmK6bgtKIJUwACuMp0bgdRng9f8dKC9V5wIrqKVkXLNFIrFSRjDBTkgkdefboKHZr4krtvdWu+XXddlbZLzuz36VNyTlF3SS1smuju03rbTW1npreyPQIJsDzP4RtyN3zbj7DnbwCTx1PXtMl6UkVWHDhioPzEDkehAXHTJ6naSMCuYtrkurMsnzfdIySAAeCQe5PPAOOORg1ZWfyzk/7RUsQWPTpk8AHGM9D06k1lKKS3etraLyaeu/dNLtqTJpWWl7rRW0vy9la3uyend2VjeS7tzICXAKEjbsBI4PJ4BB5Jxxx1A4q5DeiOVWRQ4ByQT8rYO0eg3ZPzDPB54K1zcd1bo4aTgkH5sAgAjJznjPOPoee1IbtVO6J/3anO0+uS3Az6DOMZGCeMmsZUXNKMU2rpu6butF6ed2tXZtoxdbkaabTVmrLyjr6WtfR23atv63pOrRqFDOAZFyVyCFP1z8oyOwz0wOSK72HWrNolhniEgZQNpOGySMlG4wM5OevcEnr8/WmpW7sPKPz/AC8E4BbILEHPToD3ByM9c9ZYaxgtHMGKnqVOWVSM43HkjIyOD2IPANeFj8hpYuM41Ipq3k10snfp8tFdans5fxNWwEoOLatZ3TTcWlG21/uWiV9NNfv74FftD6t8MZF0+8v5L3wpdHy57SZzJNYZwnmQk52ouS2BwR1PzDHE/tK+J/B3jPQdc0bw7rEerS6tqEOri3dxGtuxQkkJ035OCABkkDAzXzHpd6l1KsLvtRhkc/u3XOSX7fd4bI+8ep4z+tv/AATK/Zv+Afx78eeN/CHxr8O6lqseraHGnh3UdIu3t7jTLwyoglDKDkHdu2n1HPFfzxxhkXDPAlWfFmJdPBQpV6Ea9T3Y0nUq1qdKEpaWTc5JOTsu73Z+s4LxPzHMcsq5RVk61CVLkV2/aRikm4pu+yWqdl07I/CyfwnDpCfaLqJ4XMQMcQBARlIVnGVGQ3IPzYxkDByK+w/gz4m0mztILG2lQ3X2aISjADK5IBAJwCAQCQAVLDjjmv6QPi5/wb56V4glW/8AhZ8TgLFYG+z+H/EtoEZMpmOOTVAWc7QQA4U7uuAy4P43/H7/AIJz/Fv9lXXr6z8T2McVrbW8uoW+r6fcG7tb+KEhnW1kG13IAAzszggKCOF83i7iPJauX4N5viI4LD5jKMMDXxM4Qp4ipOMZwjTnzKEnJaqKfNZbM9Dg7iH6pjHLBVKVWorc9K/LNK8U3Z22a1cb2SstE22XGu+HdH0k6jqms26XSZKxThHmIGD5USFiSSAV6fdOeq5Hp37PF78Tvil8VfhRdeAPC+ueHfAupePdK0TUPF0TzWVnc3kF0kgh3ZAmSZI3DqgZSSQTXzr+yX8Gx+0h+0l4X8La5pmt6p4asIINT12zjWaIvZRuqCI7wu1JDgNIN2U3cYr+g3wx4/8Ah18Lv2gPh/8AslWvhUaJqHhnx5oXiLw9MmnpbaNZW08LukCSqAtxdOCPMlYlnbLHGQB+UYSfCNHirDZHSqYfGZsoYTF1qb5JUoYavVjGM1Z3lUklJ6aJa9bH6tmXFub4vA1aMI2pzw2IbjCUeeKpU787vLmaTte10tOtkfv/AKroVpa+HJZXSH7VYeHZIp3ngjmE0kem7WyJF2sshBLHHJPPpX8tPwN+JHgTwzc/GnRtF1OGHxLJ8ZPF1zqWmyxiOCKGe9fyDEilVjRiGwo6EnHrX9Tvi25dfDesOyq5k0mdmy2AQLfawXOBgqxyBjr0OK/g+1vxYfDn7QH7QyaTIIEPxH1ZirDhd1zJwDkE5O7nIxx9K+t+kFk0M4ynD5TlzVCaowry5I6yXPThHVO2ibta6Vur0PzzwTxMo4nM6+NnKcZ1IUveu3G3NO8Zbq3VXt06n6x6l8VtR1m6kh02a006KG4IlmW5G5+xKpjoemSOn695p/xruLXTDZC+tlvbZFEc0e3zJCuCXyCCxfq2T8xGe2a/JLT/AIlsJiRIyytjOJHCFmByTzxnJ6kng4XOK7Wy8cyzo0gl2yCNgXeQoofjGDk5HPpjGeo4r+Ml4Y5pGtS5sRNxdubl5le6jfS2rte2u+h/SlTHZXUioKMGotNJtq8lytN6rqr9td7H27rPxrutXuZIftUovYXZnuXcwvjblTG6jDj7p25+ZWIJyMVxGq/F3WXsPIu2tdTiKujysymfymJDI2fvMy5BB5HysB6fKcvizVCyyzNBLbSushYEeYuDk4bsW7ZPHAI9c+9183LCS2D4UhmCNsJwAASoOQ2Tk4A7EEDiv1bhngJYSMG7ub5b+0Tu3o29Lp3fVW+Vj5zM88hD3KUYqMUknZxsvdvZK6burPvraxkeKfE2ieHvGRvJ0u7XSdSRtzvvkt7W6kIK5VsqAG4GRg57jp8KftY/ALTvH1lP440a6u9K8U2+2fStb0FzbT5iPmQmZYcB0Yrkk7gBhm6Gvqnxu51aC8t3kSWN4w7RSAPKjKGZdgJPzBuQQRnaADnmvH4vigtlb3PhTWoVSZLcQWFy8YAnhwVVZAdw+XGcdM9jnn+pfD2nXy72NKm5QacU0tHJXiuj1t10VlvezPxLjSVLG06tSolLmTs9HaTslJSV1ppdLRr0PyQ8Tiw8bxL4L/aH8OX9jr1vALTw78XtN321+SgC251SWFUE0asFLlzztJGcjPxv8YPhR8XfhkiXQ1O98Z+CJlzpninSGe5EUB5RbyOPe8bhTkkj73Oeor9q/iB4e0zxFZzWzRWt1bzM3mQzxI21TydhI3LhuBg5B4B5NfNQ0/WvAEt2mglNd8O4YXfhTU8TwmFj+8S2MqkAFeAqgggKQc5r+ncpxblHlklrGN1tJtJN666abu+ml7aP8ExdCKm0pNO6d/JJNaLRNu6a1V+i6/ibo2s38vinSWluJJlbU4I5A7sWYswUq8ZwQdw+YED5ie2Nv6XeC/FWo+E/iL4KjsGf7Hqrx2uqKMkMJAGCMpwMqWXr1J6k8nrNZ/Zt+EXxe1ay8UfDtF8DeN7W6S6vfDTgJaSzRMHcpayFVHmODtdAc7unAzi+IfDN5ofxE8IWSWt1/bGm+INOgubIQuFkRmSJ7obAwKFuAWIG0jsMj18DVjHNsNVkm4wnHWS0s3G+v5vqr62PPxmHlSy7GWnzSlF2a0dlFO6bSu2k72vda8zeh98arZT3Suqo5RpluHVgQECoGGBycFlOD7Y75HpUNwG0aFYwI5vsgB2klSqRY9e+CeATweTkEXpNEFnvFxHIGubCMsWGQjmMEpnJ5HY8knOcd8e0JS3URIdsazxYPIbCNnBGeeePY8AZ5/TsVU9tKMoOKSh7vyt2emuqs0ul1q1+LU8ZKMpU2lf2lrddHFcy7aSb06N7aX/ArR7aG+/a0eC5G6KTxzeCXZkAEXBI54A5HPbGTjrX6/XfhFoTdXNmQbcyCNQ+CWGBg4JJB9wBg4HavyG8Ps0P7XUkj4z/AMJ1qDEHB489zgg/XBP5dq/XHV/Ek9m18ofKHJVCMlcDkoTkZG4Z4ODjJI4r8I4iUp42ShK0vaSSavf4l969O/ofteXVYxwdNTikpU4Pa1rxg3e71bbT/NbHlWveM/EXgDUZR4eeayvpnjAvLd2BQ5XAYqDlchcjHP8ACCa9P+Ev7YPxQ8EeOPDP/CbO2s2Ntfx3llcNI6S2is6lzC5GPmj3HZ1PI5Gaw/h74Xufip4z0nwpaJEL7XL0QW810odI5VwQpJBOGJIyFP3RgHpXc/Er4A674Q8a23g34habPZxWN7HGmoQQHyXimYCCSG4VcE4I3gkgckDgGvzviSlkWIpPCZtCnUqTpfb0la8VeMlZrV33V/Nn6DwZis1wtT6xlNWpS5aiUnC6g43i7SSutt33tsk7fUv/AAUw+P3hH40/siaffeHdagvNnizT5rjT3Crc2lwIx56yKPmY+YGIyMMuCCRkV8ef8E05ref9qP4KWToqLcWWrpnIAYyRNtyeV5Jwe53e2Bx37XPw9X4f/Aq4giu/tVrLrdrLC8fKMkg3IHccSSqMhsDdnPBrzH9kTxreeCfjL8LPFGnkG60jTbiaCN+I3c2zZU98lwTkAc/dz28TJssw+F4VzHDYC8sMp4p0ou2zgrRvpqld6+u59Nm2ZYnEcV5fisY71owwqqWv9ma07+8l1btZbp2f9oH7M95DDo3xW0Ke+W2mbxc9pbhTtkMciyIyqwK5HJHBIGT94k16L+wD8Tdc+Hnjj4w+Db3wxeReCrTxjeCLXASvkahPN8rbT80kVwcszLwoyAOa/Oz9mD4taj4q8J2niBltrG68R6/dRamVf/V3aTgQzM2OMAkEnLYK4G7bX6h+CvCn27TtVthr72Wq3mpQakl1p6+SbxoyrILnBBnXOVywBPPcEN/I2e8T1uEc1xUY11GvGs3RUuVwn73OqUua6ipptKyvJrlunv8AvlfKMPn2WVHVgvq2JpRhKbi3O65eRxk7uLh73w6O2vY+4f24tS8Pap+x/wDHm5nitNVt3+GmqT/Z5FUuyiIEsqZ+Zh1BxkYxyOB+ev8AwRq/bF/ZM079mjwb8J7L4iaR4S8cW93eHVPDviK4Wxka7adlMls822N4jgKhLgAenAre/af8W+IdL/Zo+Pdl4nVrzb8PdTsrKezYqmw27BZplU4LErluvOCMjiv4zP2W/EvwBvdP0/w98UJ/GelfETX/AByNG8PeJvDV1Otna2Goaj5GLuCN49zxl1PmbhtOcjk5/pHwa49ocT0sVmM8PRpVMLGjQxChG15OKlKSaV9bKz1ve1z+cOJ+Dp5TV/s54icqOIrSq0ZKV4qC5IxVndaX1212P9Q/T7/T9ctEuNIvtO1izdVKXGnXcF7G6nOMPBJMCWPIBPQ8cYA+dv2v9CXUP2Z/jXAJEiX/AIQTXWkjZMKF+zMSCMENkYGccZPf7v4qWv8AwT6/ai/Zy8B6b48/Zw/bb1+ysp7HS77TvDHjSSWXSNSur6OKeKwFxcTybdyuqCMclcg9cV9B+PPjX+3T4I/Ze+Lmn/tN/DzwfruhnwDfWr+NfCmpql2z31sUSWfTxEAygYYkOfvDg87f6PwuZZdicRh6LdOUpToz5ZKDjZyi4rS7ta+66P1PzjG5HjMHTqV6NT2kIRqJTpuUZpxS5tHZtxd7rXa2p/Fh4m+GPhjWrq8E1hCub28VpYMLIQlxL8wXkYYnJ5474wMeF+IP2eLRpJLnRL2a2UcBZxkdCGw49/YY6ZxwPqS7SUS3N1D5q+fcTzLv+bCTzM6nJPy/e/H5uSAaoPcXKhU8yNlEe4xt824nOR/vepJHOSMZNfrssPl9eEFOjBXgknG3RLa+2ltLO976an4ksZmtDE1OXETnFTleMpPl+JK3bVau99N7tHwLrPwc8ZaXKDbq9zHlmHluWMmOQOmOR/Dz15AFfXHwXivdK8H6ZZXyPZXkM83mwyLgqMEYwR1Hr3xjOCd/dzXQZFS5QRrgsQYw6lc8AHJ5B6EAdyc5OL9pNaP9iFusbhrdmOV2kfMwIIzgsQABkg5GBzivHrZThcPVjVw8m27JRt35b7dNvTXqezDOa2LoSpV0rQakmr205U2ldpJavzd793tG5dQEZcu43gHIJw2RhckjjjHYYHAzh8MivLGpVlViRJkgc4w231A+YAEkbcc4IFV7wose+J8gopCnmVTliVX+LOMkAE9vQV4x4h8WeJNF1dY4NPa4sHG6PcpY8kbvmVTgg9V6cDjNcGKcqfuqLfM2n3tJpLXe9+zu7Xt1O7CqjWUW3rzLe22jVtrX7rVXWmtj93P2C/FXijwp4K+K2oeEtOiv9TtLezeC0wXmvAzhGWKBQWlcA9E3Hk9ODXxh4O+IXxC+Av7XHjX4xxfC++8ew6ZeyR+JtKsrO9+1WdxrCtdNFJHFbySQNH5h2MVXJADYyBX6X/8ABC7VvDHiT4vz6V4shgaG68NNfaal2oMT6naM0i5jcsJgpC8FTuGDxmv1m/Yc0Pwvr/7Zv7eCa/4b0G9ibXtHlgs2021mgXFqke8RPGUTzFG4hAvow4Jr+bM+8Bsk4pzrjPOa0YQxGcYKhh8WpQvGdOMYU/e1VtWkrNN20tsfv2WeKdbh/J+GcphQdWGDqSqe0hUcW22pWTfMtFdptW0td31/Pr4Xf8FUP2W/EUUFj8QrHxV8I9XLqk8PiTSriLT4pGxnbcSxBnjVzjJUEjJx2r7o8JfFb4C/E2GO58EfE3wT4ijmRWjij1SzimO4AqDHPIjZx1GG56jJr9GPHv7Fn7KfxRjlTxZ8E/h/qs90hDTyaHa29zGzAjCsqKwYZILAA7sNhulfnZ8Wv+CGP7JPiyWa9+Htz4u+E2tHc0N74d1W8jtIJixP7u1hmSNUV/4eQMDHUiv484x+hhRjCrLKppXlNxStUjq7pJTUJpek20nZef63lfjLleLlTlWq4vCVGkpc6co3dteam777JJN+8rJtX6u4+Hul30Uk1oIjuziaxdLmMqSWyrws4wQdxJwOWyK4rWPhFY3aRRyWdrdlWyBPCqyArjB37Ty3BBznIJ69PjDxv/wSx/4KAfAOKTU/2dP2s7nxZYQuWg0DxjNLBH5IHyRAyGQSEgBR8xySCWJ5HHWnxa/4K1/BS2jT4s/sw23xa0Cz2tc614QRIppraMfNKJIwzuWALZABLEYHr/NmbfRf43yqtWWBVOTpRcpqnKpQrQWjTcZLkkmtE41Hrt0P0/LPEbDV4Qnhc2pVIt3jGdXld1a6cZ2lfXWNr7t3d2e5fFj9kLw78SNE1DQrqC4S1vsG7hEjbY3I2+bbLyd8a5IAYH6DFfysftyfs3eK/gH8V9T8PyeHNTj8O2VsJNF8QPbvGuoWr42+ZIq7GlGQpbeST83sP6XfD3/BVb4VQ3iaX8YvhP8AFL4Q6qsgin+3eHb+40+OXpIXuzCEKRuCMgcAEZxxXS/Ef4lfsM/tneD9Z8I6x8VvBVxJe2EtnYPqlxBp+uaXdToTFNC1wsbiSJzkoWAxkAg5x6Xh7ieP/CbOoPN8vzDH5RXqU44mk4VakaUObWtRnFSgppNtxu1JK100rHE6wXGGWypVlShiowUqGJioylKdlywkktYybWz09GfxF+G/DmteNfFmm+GbGOSXUtRnaOyt40LyuSTgOqjcwC5K8dOpr2/xd+yb8VPDuhTeIbnw3rE1naPKgltbCaRJEtv+PiVQis6mHBD5AAAJOAeP1Ph/YXk/ZA/at+DXxBvNd0zxv8Jr3XVOleJNHnttViVXZ/Ki1iC3klFumHjUPLtUDvkEV/Qd4e8KaRr0F7f3/hay03T7m+draKSxhudH1TRdbjKS3Vum1oyxRy2TjByenX9u47+kDiuH8xyCWRYVY7AZhQjVxHtIVIOk4zjGpCbsuR04JtqWt7WVmmfnnD3hfhcXl2aTzerPD4ihNwoOHvxmko8rSveV29bax6aux/nt6o06TS210l6kLkojkSRx7kJVkKnA3A/f/u5GQMkDhl1V9Jubk2UrRyB8rG6gktyQRnnaO5HIJBIyMH+s79of/gkz4F8ceOvGukeDfEMdsLC5OrweH9PtEhvoItS3SyahGynJ0+GZ1DhQyIpyMAGv59PFf7MS/BP9qTwz8Mvi4VTw/aeJ7Gz1+5kAjjudBu50QXNtIAU2CJgSwOA+c46V+2cCeOHDXE+FxVOhVmsxwmDq4qtl9pKpVVGClUjh7W9paXupqzbkr2TPzniTwxzXKa1CtGdOrhcRVpwp4lS0pqty8rqxvzQTupXknom11S+PYfH+vafci6i1Ge2k2l49szMpY5yV5JQfQj8q6CH4u+ME3zJrd4JJ0BlK3koEiddjxhipBx8w284GOQK/crXf+CRnwy+L/i/4n2nwP+J2lGx0awstS8OaLdPC09zHdwJIixziUtLGrkqxVcgMSQNu0fiN+1H+zP8AE79lrxdd+EPiDpMlnd26o0F5CrSWN1GxJQxTcBn2gEqQDyORkZ+04H8XeDOMsynk2X4x4fN6dONSpl2MpVMNibNRlN0414r2yjtUdNyV1fbU+a4k4C4h4fwyx2IhGrhN1icPUVSCu1yymov3NLNcyV9Nne30v8MP+Cl/7Sfwq0W58J+HPiH4hj8LXEMdte6I+pTNZSWkRB8lIyQI0IA+6CVxjvX2Z8L/APguD+0Z4W0m68If8JfqFt4d1G8iuPsy38we3mBRfMErMTt2qu4ZwwOCTwK/n9s9dgb7U14OQvUKBnHZ14wOeOhByfTciXdtIZJEcorDMBVgQhIP3x22nHAIwM5ORiv1+eXYWbvUpXk0m5K8XfSKcmldt3Wu2jutT4KOaY2Lio1faRjJaS2fK0rtNvS+m6273P8ARi/Zd/4Lh/AH4o/Ba48O/FW80S08a6DothpcWn6nsktPFMnCS3MskqN8+Msc5ycg7T0/S3xH4J/Y7/bY8NfDTS9Q0rwt4nsbXwxJq1pHoklhvtUmth9p0wGIfu3jY5VGI5w2CSSf8o3T/G+v6NLH/Z2pSoLYgMYnIfyyARsIPfjkE+g7Y/S79l7/AIKP/F/4D6TNaeE9Y1HzbmxubeWU6pMlzZrInzPbSM7bVyxIVABnI6A18tnGSTjRlUo0KOOU1SpSpVaaU3ShONTlp14+/Cd01zXTXRK2v2OTZ/g68FQxdatl9Wm6tWnXoylKk6lSnGElKjezjZOXRrvoj2r/AILl/sWfDv8AY7+P7ad8OTAnhrV7GTV7DTDKjalp0lxM0n2a7RWwyKGBRuuAoGa/DzwlpsfizxHp+mweXHd6jdWttawtII4ZZZZQp3uSFTnuwwR1yRmvqb9rj9qzxp+09rEPib4h63e+JNbs4JLOW/v7lpbhbdSTDbqjE4WPoTk5x6cH4LtbuazvhcwSzwSxSo9rJCxVo3jbcjqyn5Spxwvp34r3MkwGNeSzoVI/Vq79rGgpP2roRd3SUpWTkopq9rN21e9/lc9q4Opm0q1FQq4d+yc3CPs1VklFTlypNRUne9nZPufq74y/Y48UweCtR1XSJrKbxB4fNjJd+HpZ4H1CeK5jjZLnS2DF7tMnYURWIB5B4B+Q77Xvif8ADXTNX8NTPr/hW7vQV1CwEk+nrfWpyP3tufLWRSvyglMHjPSuV0P45fEKz1rS9YfxJrEmo6UYpYJrvUJmhk+zbDFG6sSromwLtYEEEgADFfVPxH+P/hn9oXRjqnxJtLODxxaaLBZ6fe6Xax2zlrf5C9z5IQT+YqhmZskFiRur4nCZZxTluKpYbPsPhOI8sxFZSlWpYdxq4KfPHlc6U3OFSivdlzJKcXfSyuexUxmUV8LUqZbVr5Vi4U0lTlU/d1o29/lkuWUZNNRUPeTV7PTT87ryKe7u2mjkV5m3SN/ekbjO4HG5tx3MW56tnNPslvoJ4J3gkCJJvZ0RlGxW5PToc4DAsNxxkDFfRPhrwd4Q07xBouo+KHfUfDl+ynU5NNYtc2dqMCR0RB8rDBz1Ckdc8Gj8TPGvw5tNcv8ASvCMU974Wt7ZrPSrueARX0MjsdyzncDOUB5ZsEbeTwWP7ZhaUYYeE/dhGKjFQ0Vk+VRstkopWsl1V+x8FUUnP3tOaWr3V24tPmfV+Wtt7M6/whq+s6n4ZkMbxyW1vG6wKxHmlyDmFlLHnbyG79sg14j4hszLd3yxRGJip85XUgnd99QAWBKk+vB+bjtj2uvalplq4ttTMdlMBJEEk2OJEOdrAEBmIyF4BPQHPXQ0jXZdTlYzyq/mg+WQQWMpARt5POWGd3XPp0Net9b56EaUrtxVlrzdla121utns1p1elKMlJNqaVre8r2ei0sr/e7P7jgr3w4wgDeU0y7xhxwyZHzKcYGDjBORx3rSh8Lw6na+aivBJGNgTb/rCv3SwHRiQcZ68dM4PpMFssMe6dTkOytlN8R4JIHYcYyRyN2ewzf0wWwmcrGYiW28AhAqrngZC5JHGADkDr/Fwqmlq3q2rX36aXvd6/0kd8MJ7Tl1STs2lo1fl3s+ys0rOyb0s2eFz+HNQEm1YGEKgMrAEMXQ8g8g5B/h6c9ugktWvbRcTwCIySKvm/dYAcEk56k46nknOOpr342sRY3AVSfMJK4BUYHUrjBJ6huRk8g5NYWr6NDe28rGKMPvbLFMDaMcgZPAbuOR2ODmoqQb1drWVnZK9rPe1ttE7aLS+hdTAuEOaPvKyvazbtZLW29r2S2XW2/nOneI7yxlkWDKQ5ImQBijqDgMCDtG5QRuA5J/h4Neoaf4ytblYOVi8xERiww8eAAcqOChGCcEnkZ4BNcDHotxFItu6kIp27xGSHUgn0yRjjcR/sk54KHQbkP9pgVhGriLAbDKMkEhRjgnkcj3wDUxrShJcqk3q1e2u35eejW2mhxNVqcleOl7N2d77+lkk1qt3q2fRWmX0Ur7YZbe8gmQ4B2gqQoY5HzZxk4GMAZHU8WZZFtGkaOWFYto3RpjawIbIAHKt2IJznjvmvniSDWbJZTp0kphQBy+5lkVwOSCSTxzkHHsBT7HxFqLiFriUlEkIkd8q5cDbgk9QcEk9CcHoK9PD4tydnF3drvSzu4rdru7vf7mdkKrsrw+aslq0tNNU9/L8D7X/Y71RF8b+JoWDLGbhJFKr1kVwI1B5GcE4Unnj0AMX7WcEsnivVLqaNpd0lrGGKHMYG7AJJ4wCcnp/DjdmvKv2SPEN1B8QtYQAPBO1zPwxKtJbBnRiw6HI45A5wPSvaPjdq9v4r0Q6ncy24u9Ru542QKVkhksJCgLdcl1AwDt+70PG30MrlOWYPlSSacWkr6Wiruy21XV+ktCsVKlHK+WUtfaScW2t+m6tvLRX8+tj41trZGQRlShyXDHbzwOMnv9eOCTgc1bktnLKiOCSvcbcEdgfXtx6jI5GNGO1SJlUmScbeGUcKeMkD8O5yCBuPetmX+zI44y6MoYA5dfmJXOV3e2MgY6k4r7dKnG8nLWLimlo7JpvZ/JyfnbVtL4pwnNvlSSumtdZL3Xb8utrW1ehzEUNwrr5bkhVIcCQAjAJxx6ZODz1zzzWhFcXls4MMtwpPJIkYbTkqflBxjJAyOw7g1trb6bIFuIJhGuCu1wPlJyCSQd3fIIHGO/atJZvHIGRvOjK43ocopYDACLlSCODuOAeoGAaqNWHI0oq7fazlsk7XXysr77XRi6FfnTTair+9vpzJKy07aadrW6WbPxlrduTHFcuBnhJHLLgDnLHAzgH1J4z3x1tn8QpZVZby2hkCqqF0Qs+ccggEDpz1A3fNkda4BoUXCuA7Ek4KhSME87ckY3EAZz/ERgkiqgTad0B2LyrHbtOQT8wG4ZXP3jzjo3QmtKMabi20m2o2VrS1snpZWV7a3630VyXWxNGdlzXae73vbVW11W60t15kj3Ox8baXJsjW8uLLgZUytsBBIOFIIx1GAeDgDA+YdxDrNlqkAWS70q+XZtMd1FEDtx3k4YHk544POQc4+TD5jqzFiHDEBw21cEY4PGSBxnj1xwSBbm5jIdZJFWPG8pIwyxzkg8DHQMM5OTgZapajzNxnLora8qT5d9bq3z7adT6/VjJOcYpO1pbyikkut7b2vfte/X6g1Lwf4X1e0b+0PDFlMsmds1hIiygDglfu5JxxkAY5J5JrwvxL8EfDNxrFp/ZktzpQl/1rXcO9QhxkbwDgL1GMg8e+cq317V7ZR5GoXcYIB2tKwGTtBHU4Bz23c8EjJFdBpvxB1hbofbz9sjjBDLKAMKAeN2CWz1PGOOv8JirT542nyzTaabjqkkr6rRLa132XU6sPj253cW+VxWr0la2ie2q1at5q10dPqf7LfhO48PXc/hnXhf69DDHNFErKLe4coDJE+5wI2zwAAc4zya+c7v4EfEeK5ES+G7sTKCyrEvmIFUHLoVDbiVxwB0z7Y+mbLx9oxT97bz2krEb3tZGQckc8EfMvXgdCRzya7/AEjxxumWax8SSCRUxDHckEqCB8hLZznpg56c85NcCy2F7uW8uZKSV7aO0VZvtdd31uezLNMPUjG9FUmkk3F6Ne7a77pvv+L0/OrVfCXiXRpXj1LTr6CSF282N7aTcNox8wVehBHU4IHBGCKwGMkI+e22HqCVIG7POVOMN7HH93Bwc/qrLqT6pHKdRstL1ZrhMHdHCzMO/bOWG49QOehri9U8CfDbXIpE1Hw1Jp7LFhprIbR5h9do5IJyOOc8kHFP+zvefLKMVd73fRWte7ei22VrLawRxsW04SSvay+JNaW0b8m/wXQ/NqSaGRdrfu/MUbiygDIz6dNx6qQOuMgZquwhcKm5ZAuV2qoG0DoTgE8c9AenHAAH2vr/AOz14IvrK4m0XXpLS8Rd0EF1nBfB2o575xjd269AK+c4fgp42ub3ULewhiuTYyMrMkgHmkcKyDksWHzAHjOfYHKeWSUoqKUnLX3UnayVrrZduv33QfXVC/M46Ja7N36rVfgu1up5bNaR7VkUYXaz5ZcjI44GQeo7nnHrisqeyOA6lRnJVTkBgTzwOA2Oxxwa9D1TwV4t0dhDqeiX0eCVbdEzodpxlSqkDqTwCSMZzgCuTntpoRtmt5oduciRJFOefmG5SpABxwc8jA61y1csnFpyi1Z31jZvmtro7PrfVWXXUiGYUp6ONlpezT00Sat5/crfPCNpcKm/qOTnd8o6hR37ZyD2+taGgoy6vZiRGK7juKk5JPbjn8M5GMirCbiuXkQYIx3UqOeRzznPXgZPvWn4fiMviOyDAKplICj+LjIbbjgnA5xnofWsZYGpBJxatp368ut+rva/mkux0xr05PS+ii1fXT3brrZrdtP0buf13XGpCPMzzBJVzhZPukj+5hgFUFRkjqcEDHNchqnilIwVjZpZQSDjIVinQKBnklsEfKAeg6geFeMvjD4P8Oq41fX4pZI8r9is5FkuWwMgMUbAJPHI6Z7jDfKPjX9pjVL0SWnhPTf7OtNrxrd3LK1w4wAXQEZXOBgk4ABxySK/dcZxFhaF1CSqNq3JGXM1ez6bPda99Lqx+H4PhXGYnldWMqUHZ80rxW62bV9Nnv2vZWPtzXfHFvYo0mrapaadEImxHLPGrhQMsDlsgj3A9AOhPzb4t/aN8NaS0ltoSzaxeAMI2iJ8tZCdoJlIOQTgHHGMDk5r4b1bxD4i8QX7T6tqdxqjhi7BpnEKKTuEZUEAkgnpklicYAxXfeGfAeteI3hj0+3ctcupJggJWPOAFaQhSGODkhifukZHFfM188zDGVPZ0KUoRlopa3v7t7bXV1vdbrR6o+pwfDuWZdFVMRKNScUpPmsk1ZXVpPXtv3tpqXfFHxg8beKpGiudRnsbFnKmysiyu6E5G91JyxyTjPqp55PEW2larq0ym2srm5LSgKQWeaYkgEucN8o6k5GSMe5+zfCv7MiRRw3PiS9jijAVnijwZmBycM4yQeMYBIB3H2r3rQ/BXg/wpbqNNsI22YVZXjWSSTaMnJYHGSSchffr1ulkuIxEozxdZtNJuLfNLVRTi029l5Xt1761s8wmGXssLSg2lbRJL7P32t9+2u/xj4P+AfinXQl3qES2Fo+0MZlIcJjlVVtrDjjJGRgnrxX034d+Cngzw4lvJLbjUbyMA7rgAoCOWO31+pxg/THqMmqBA6xx7I8gGMYZgo4UEDAXPXpyc45ArmdV8S6Vpcc1zqd7bQx7AfLWZTKFxkoFXJLYGNp74BFezTweEwkV7kVaK5nJ3d/d2ur2drvbe6T6fP4jMsbjKrgnJczvaF/LTTXX5JX6bPWN1Z2R+zWFrDGqjaBFEqhAOg4xu6DgnrwDg5qldalMP3l1cQ2lvHnc1y4jDLjIKodp9DnnjPbFfO/ij482NnM8Xh60ijVCwkvboAu+BwyRNhiMY28DkAA4zn5z8RfE3XvEMzyC6urwSMwAZmSKJTuHEake56gjrnBJOVfNMPSSVP3nforR0s01bdPbT/hujDZRWrpSrvkSast5Wdld37pPV6dNdEfXXib4v+EtBSZLRjrl4ocjyifs4fOQHIwpwR0ycDpyAD84eKvjf4o1ovBFd/2bYkbUs7Fir4Y4AZlHGDgnOSMEEHmvKWstRv3VppligUr5iR5G8k5IYjkkAcjcRk8jtWyNJt7VTMu0lyFZ5SGk6Ak4JyDjocAk89PlrxsTmdWbTdTki2tI9b20s5aW12av62R7uGyrD0o/u4801FWlKz3t5W93fTf7mZnn6hfSG4kWV5pWGJbhmk/3yAcktgckEckntitK20mSY+ZK+8HgnoABySqg/Me57dxycUye/gsXf94pUqAHkxtO0dBuKgdWB4HO3Gea5vUvHVhp7EGZHcDEYgOSr47kHleBgZHvnivExOZKE786+bTve1+qva9tdHbpY9WhljbjfVXV0laz93Wytpr1Wu2jOtv9Ig+zmPiOCRZCXl2DG1T8x44IJwT1IPGDiuC0+8WxEsMbRLBC7bpEKlZsMDtUZznj0+hJNed+IvinGkBN3qRhtyzfuEcNOy+iqv3c57EnP1xXjuo/F2Z/9H0CxEaDJ+13JLMQTjdjH+0MKfmPy+tfM4rMXUqNxdrWWitfbV2urPd9bpKy1PpMNQjSpqKV7rV2eu3XXR7trXRpn1HqfjWGFGZHEKLnM8zBEAQDcQDgdQMe31zXjXiX4raXbSMyzSapOflWOMDygeMZxlWXHDDgYyMcCvn2+1PXta8y51G9lkjZtvlrIYY1V+gOMYXPGD1AZu5IfaWPlIDMFJYj5ggJXIO3aSSefxOe+Oa4frNSfVq+uitreNtuiWmq7X1NFTjF3cWnfRWSjJJK3S9rX1aVrbu50mr+P/EeqhooH/s2yyf3dsdr7SGOHfgEkckEbgehOOeKMcjMWk8x3csWmlJd3DEZA3Z68nHGCuCCTx18NoNnlJH5oZjjcgIB6lif7270P4d6mtdEMjiSUoqpx94FVJPCheSDn5j74OT0rFUa1SVlFy5u+2tldP5rfy1SHKcIWvJJaJrZJLl7N9LL1+TOKFlJIQhhcrgBeMd8fUk5Ax2HGBwK6my0QwtHJPC/JRRlfMiQE8HJOAVBBIOfQcA49b8NeBr7VHi+w6bNduzsodkbZg5B2Ep0JHXjAP3cgZ+l/Dn7Omp6pZRyX8iwQ4ViiJkrk8KwI5Oe47ivawvD9atCMlBt2i9rWvbq7669kuy1PMxWb4TCpuUlfZXs27NdI321b003e9zwzwj8L9c1qGCfTtMGoQvl1uIFDq7r/A6qCWXnBAwRjAyAuPbrX4KeKr0RRX8J0q2dF3wwxsjuuBxtAye/zH2bGRz7DpPgLXPhI9nqXhnVkkihjaS90y8w9pJHkGbYpJCsVDEMCdvTBIzX3l8PX8OeOfB+neKjbxGOYGCeMR5aG6jGJIwcA4LAhODwSWPzZr38PgsswEFLGS5J04qUueSUHZRb1etvS3S+rufN4zO81xC5cto+0UpKHuRbknKzV1Z2vo9Fptofnv4b+EuiaRNEBp0t3cJ9+e4UtsbC7hluMDg4z3HTrX0zoOi6ZpFur3X2aFwg2gsm0IFIJxkZ4B+7uxxnIYA8J+0NrE3g6S2udJuoNG0uYyxuDhZmcZO5c/NgghQfoFHFfHV98XbrUjFZHVZ33RkYMhLyKN33WBG1XxuHXJI5yRTfFGWzpyWBhGpGL5VOMVy3i4p7Nybvs2le11fp5mKybPnUg8belKcYyavLmUZcrTaunpfS9rp9kfc3iX4zeE/CivaaY8V9eqpJEJACt828Ow6AY64xgZ54x8peP/2ir67M6i8lZvmVbO1dkhXOQpkZCu7A27umR1Br578S6/JdxboZhC7NgkMTJIASd28EkEgHI4GTxnbXltzNJMsrh2LltpLHZ/EQozznPqR39ya+ZxeY4rEy1k6cHa0VL7Lta67XTet0nr5Hq5dlaoxvUfNJWs3fpZ6LpbW/33ep1/iXx9rmryF57p7aJy22GB2UMhJJLnuxB3HnIJJHFeU3F6xdzECCzDe0g3HdnJyxGeQeVIGRycHg9HYaVq+rTJbadZz3k7EEGGJ3IHPO7AU4GeM9MEZyBXtOgfs861dxRX/iW/ttBsy6vJ5zKJjGCCxKkgj5eVOVxgAYwa8eviYUU3Un7z2W8nslvq/knppufQ4fDuTUVF25VeT2tp16Ky6K0r2adz55SV5nBjV5GYhFCKWyTySPqQeMcD15Fd54X+FHi3xOGax0yeGEtmSe5QxRgNyG3NjC7SD0wPXA59vn1f4L/C2SRbZI/EurwYK7is0RlXgZzkAA4AyWyCCM4ryLxZ+0J4s1Z3tdBEeg2MxAWO1CJJswQASgCqdvGO2T1C4rh+t1av8ACp2i7NSntfS+lr9d+ZK1tDs+ryhZqSurWStazttrsle9tHbTU9UtPh58M/AFqLjxprUN5qKgynTonGd4GShHRssfmHGc9R24PxL8fVjgbTfBOmW2lWsLeSt2saxysqhUBBUBg20dSTgD/eNfOGqaxdalcNNqF1cXl1I+2SSWQkklh93kbVzz8x5UcjmueuJ2gkJSQkLlh/FubJGQOSCcgE5H3cjBwaylS9pyyqynKW9re60uXaKevnprrob0qHL7zd3s1bTRr57rXv5Pbtda8WazrUwm1PULq8mLM4Es5ZMEZ4GcDAByMcDnPWuh0WJJdJF75WWJ2tkYXJfHf7xHOQOB7DJryMXLDLklyByo4xuyDwcnuT64ztzkCvSfDurImgT2m7c6y7whwW+bn6HI5YgZx2GMVNSNoe5Z2eyjrbRL7+y8uqPRwaSq++1blurrVuyS7/g9fQ+tv2dNNtr7xe9j94vYrKSMh8ISdg9h93GRnqRgDb9DfH/Sxp+naQsC+VuwdmCSc/dBwTjK5yOmBk98/O/7M90kfjzS5jJHEbi3MLh+PlXdnjjIILKNzZORjnJr7e+JXgLW/iMtjYeHIzJJDOVlu5hiGIZCj5yQMAdCBgKB3KkeK5zp5vQnJNQ5U3ptG61etrX36Prd2Pr1QjjOH8TCmr1Odciur6cj0u9NPRbN7nwzaGV4TCpDDgMTgFTg5wuS2VB6c/XOTVfRfhh4v8Ya0YNF068ujNMoWTyHEOGAHLMAB1znng9MYA+/PCX7PvgbwMI9R8d63FquqIqzLpdqdytJgMybFJDYP178gdfR7jxPciD+zfBei2nhbTgRtvXiRbplwVzgDcpPUEknPoCuPqfrjqOKo03JaXlJuMFF8miurNu7u9bX30SXyNDJZUm6mKrKmrJ8ikuZr3bJ62vs9W30T7fPGifsxaXpel2SfEvWYrC2VleTT45UMsoUBtpIYMSRwmRnpjpz6Np3jDwT4CiGj/DjwtZ2vlN5Z1q7hRpyFwquXdSWLffz65xxmp9W0yWd0udUvrnVLljzJcSM8St/EVQnAHGBxnoOeo43XdKims3VXSLyssjRIFeQ4GRkdfbkZAwB2GyozqTtVm7NJtK6hq1e9rvRXd3ut97m0qlDC3+r04xaaXPJR5nsrp3dla1tPmztn1m98QypLrWp3N9M5DpB5jLbAMSQgjUqMAHnocA5yCQ2wFtYI0UosIVWREiAPOM4LEEknOeOWPHQA14bpWrJZ7EknMUcLIo84ESErwCMncQ2Oeg5AHPNXta8YxWdsJ5Z4bGBQxa7uJFQf3sqC2SAVHI447CqdKFNWilG1+i/u63sm07t6X/zKWIq17upeW17u97pO9nslo3qldbLW3fapqVtpqyTSvGgfGxXIL4H90DJJznH4HtmuEv/ABQVZniItoSA0k87Bf3YwTjcRnoSBxnBAyOK+XvHP7RXh3SxLDpzf21qEG4Gcv8A6OJASBtOShCkYwM9xwSSfkXxX8Y/GniieVm1CS1tpMhLe2kYJsPyj5U5YqpAGMkgnIOMUOokklo42X5bpdfTWyVr6mc5U4yTbTtZ2TW7tdvVNvVLvZW6n2H8TPjZ4c0lJ7c6j/aV2FZIoIG3KjkkZYrkD1xkYB7nIr4y8SfFXxV4glMUd3LaWoykcEUhVtmeDIwBIAOMepGO+K2PAvwS+InxIuIpdP0u4jtJ38yXVdRVre1iR87pfNlAHA3MTnkfMTX0zp/wq+BXwbgF/wDELX4/GniSNQ6aFpjrJbRzJzsmZSysu5AGAGOSMDJq6cK1R3vyQvZylve17q34Wu/uduSrV5ubaPXz3T10081e+7aaPk7wb8K/HfxC1FI9E0i8vnuHBlvJY3FtCr8F2mfC/L1LZ46gEV9W6T8A/hh8MoU1T4veJbfU9QhVZR4f0uaNtsqDd5UjLkuM/K3A6Zxms/xB+0T4m1uMeGvh1okPhTSHYQ29rpNtm/lTIVBvgQyGQggn5hk9CAK9L+Ff7FHxh+MEkXiDxEZ9B0m4ZJH1LxA8n2qWN3BLW9s/zOxX5hnac46YBbvw+D55JU4OtPS7cbQjt1vqk1tqm1drqcFXGUqKTm0ns31bVlpe6662u+555r/7QNzHaN4c+FHh2z8KaYheCG5tbdft9yuCoZWRTKS27OB1YgcY2mb4ffs2/Gz423kV9JY6ktrO4M2s68ZobVUbq6CVlLMOW465Hf5q/YX4Q/sOfCz4eGzvn0n/AISrXY/LD6jq0atao/ykyQ27gqqqwDHJKgZPQV9y6L4CsIFCPbp5caLHDBaRLDaR7QAoEcZRRt6EksTnIU8V71LK6UVGWLqqUk1alS0jZtaXXmtVZ+umniVsyr4iXJhqfLG9vaVeusU+WHW2lru+t0knr+ZPwg/4J3+CtASzvvEnmeMdZRkdlmQQ6PDIrAsu3G2YBuMEc8984/SHwl8F/DOjQw2cWn21rbwoiR2OnWyW9upHRSsajevY5I5+YADr6SuganbPAkcSLZrtHlxdQvUcLtwecjHc5CgLz6DpVgvymQH5MFwqnceuAzc8jnjg8ZBxXoLlpx5cNRjSSa5Wo6vbV28tb31XTvhHDc01LFVpVZXXuuWi20SWiW+m/dPYTRPDtjpMEMOnWFvAV27yqLwOqsW2nlsDAzwcjAzXo1np8bxCWcMDKMHkMu33BAIHPcDpkgHGceLUYYcRQIp5BZdg4CkY3NyTnG4YJGT6Ako2qTAsFyxwD6IvXcBnnbjI54PHBIrn+o4jEvml1tq7tvVa+a9Ov3HqfWsHhYxXuPRNRWi05Urq0dFvb5vz69YdLsEydsbAcg4IC5yCoAOemcnJP94cZx73xSsWYNPjBKj5ZCApAPcAAseTznJyvHGCOOuryQxtczzRxR85aVgu1QAeFLdTgYwcY56E1434w+LGjeG90UEv2i6KeXGImDmRznaF25woJG44GCRjIFelh8khTSlU996L02u9m22097dLNLR+ZiM6c5ctHSN1r1a9132e1+9lo79V7PqmubQ7X14y5JIV22DGOcKSAxJH3iDj1xg1454m+K2kaMJI4LpJmiLFfLYtO0hBBBAJ4BGCMNyAO+a+fdT8R+OPG8sjQebaWxOTK25cISeEH94/3idx5yAQKsaP8PXBW4ume9lDb3eViw3bjk7TwSrA/wBeTz61HB004qFFPmtdtKy1jrZbtddevRrTyqmYVZ35q3Jrspavb0Se2mv5Gpq3jTxR4vH+g2kK27oVK38aSmReFLDeuckNjgk7hu9K8wj/AGd4NSvZtdub680XVJGaaGXTppIrfzN24CW2DBSueSrDaVABHRj9F2GkRxRokK7ZBtJO0CPA7DAxgDkDj5hzx09B0jaEUXBWXe+ANvKEDAJJIxjr05I7Emuj+y4Ti3KEYvRqS6Xt1XXy73ucizaVN39rKSWjUmpR+zo03fXq9r30PmvQ/G3jj4ROlt4w0uPxL4VZyi61YW+Lu0UkKrzhFZmCADd0GSB719R+GvE/hvxbpseo+H9Qtb60lRWZlZXmgYjJEqbt0bKcDkDGCQcnFF3olhe200TwQzQzApNBIqPEQ4IbKEkfMCRxyMEA7TXzP4h+HGu/DvVZPGPwvnkSIuZdY8LmRja3sKEtJ9njJIjfH3dq4zkHAAAuEKuEaSTqUklf+eOlnbpK19tbvYxqVKOYR92ao4hr3WnaMtUtU9r20fVPWx9TXJhhXy2KshYuCFGSeeOCMZ5IJPUg4yTXI388UsiyRx/OBtCY42qTjdnjGOvyjnBOB14/wl8TND8bWH2u1Btb+3X7PqOlzHF1ZXSbUlDxttYANwCQAw5HtFf6q0U+4SiQMMAAhlXPIDDp32g8Z7Lk5HqUKsJQU4zXK7K+jlpbR3d93aSvpfe1jwK8cVSqKnNNv3rJ3f8AK0/ve6v56t2vykoxVGJBO85kwVzztx05+vcde+ReeIFgZk+UuVCsCOgUjBHqBgZOeT6/dORd64qxvPI+ACF8snaABg4JJI5/kc8dR4p43+Knhnw7BNe6hqECLEGHlpKu4kcFeg3HPtg9VJGKVbGUKSkpSUWlbWSTurWutrdE932SN8Ll+JrSi4wk7tPbW/u37vbv0ur7W9d1HxAWSQRyyuCBghgvzAZKnOAD1HB4GCc15H4y+JeheG7aSfWtVt7ZVRiYzOsbEgYyDnOeMkAjkda+GfH/AO1jrOrPJpPw90+eZ3k8sTpGZGyAVycA4HqwYjPAI6V5lpHws8f/ABM1BNT8e6xdxwy4kFksj7mQ5ZVwG2qQD2A69SOK+crZpUrzlTw8JVptqzjdQWyt57X0tpZ7O7+ow+VU8MlWxM4U0rNxdru1l37b/J9WeleP/wBqnUtZvX0zwBY3OpTlmhSRI3eMPkqWGPlKjg5OeSTnORXn+k/CL4n/ABNuV1bx9rN3Z6dMd39npJIjFGOQgQMmAQ2wnv8Anj6g8E/Cjw34XiiTS9KhimACSTyorTSNgBn3MpOcckjnoMkAE+3WOnRIEilI3AsdmMYA6ZI6e3H5UqOWYnEXniakrNp8kHotFv1aSsku/fcmvnWHwqdPCQ96y99JXukrNO1kursndq9rnifg74KeFfBlsiafplulwUTN1IqyXDMflclypPY8YHJzuPIHs+m6LbR7FhTJAAPmAYGAd2AOMkA9MEHABOcHoUtYcptHzpuwB028sTgkkjAbPpgc4qKXKMHhUjYST0xkkgkgDOPbAyORngV7dDC0MMrRhFtLsm21a9m1dpvX0u3br4NXMcVim3Kckm725m3tGy28nbz3emtoQxpGoYxAsdpXYOQuM5PU4Cj0PcgYwKHmw+ZKsfzFjgLgD7vO5STgccgBcHoCMjLk8yQtK2PkfIB4AGNpPGcr1I4BHGeQSYhGqyhidkhJZMHgLjjkYxwQPYnHfFXKrFNWjstdrrVa3876/LoZKn7VpyvJy11dmtna+9m9Wu9lcjvIHMQbe3C9Fx8hye2CTjnt146VWEa7Fb5QYiCNhI3HjcDngkkDjHHc55F8yZLHGWGAoH3WUEcnIPXg5HIHcn5qyZpdshIIZI2JYYOQc8gAnBxgHB7Z79eWpNSfM72VkrX7J92tfM7IYdwScetm73Wyj1W97Oztd9dLmrEYxkFhlwHAU84wDt6k+gGeckcHg1UvZWZSWbbtVioLZ5BGSTjHODzlccZ96LXkY3lZAPlBWNcAliN2CTk7c5AznGMAemLeX7HCO4JkOGViNwAyBjHPvnI4x+Me1UHq72s2lor6W7272s7/ACLlRnJxVmk93rvo/mnfd3dnpbpqPelVMayAb12nkuF+rY/X1Ocdqx4r50LpKRIBIduGydv8J5AHBAzyBgnoCorn9Q1m1sYHlu54baBA6vPPIsYXHI4Y5Ix1bJ7fKQ3PzZ40/aF060eXSfCVq+taquYFlgbdaK+cEs4BV8nJ65GM5HIrgxOYYenF3d2mtOa1m7X2ab87Lba56uFyydSyjFrSOrvZt27u2l+uz0vul9I6xrFjZxyXF3cw2sMOW3XDrGpxyX6rkKM5CjqBnlRu+XfGv7Qem2slzpvhC2l1rVSTELiNTJaROPl3BgMOAW5AAIKnBA6eQXkXizx1cLeeMdZuY7JGGNK09m2AE58kqoGXbOCBkAjLHPI9V8L+CoNOt0ubTSrTQrCEB/7R1UxiUqq83Dh/9ZIQcrk4UnIJPTwMRmFWpb2aVGm7e9Nq72T0tonqlfun1PdpYKjho81R88t2r8sebTZ6NrZNJKOltNzyqTwn418fzxaz421WaysXbdBp7Fl80EhgEtUO4x5Iy5BBHPQ8dv4X8BaJ4MuZLhbR7lJG8w3N7i0023QFv3iRufnYHHcBjk9eD7Z4QsdY8aawnhn4U+EdV+I/ie4ZYmvYrOWTTrJmJUu90F8iKNCQzEE4Venp+l/wd/4Jf6tr91ZeKv2kPEv2ggR3EXgHw9Jss4ioDLBe3MeBNEowrxlfmwQWBGa+E4h4z4f4apyrZjj6csSoycKEJqrXm1a0eSKe7bSvZbtaI9PC08VjZRpYWhJQ5knUcbU0lazvs+t9+vy/Lnwlovir4n6zF4f+FPgvVfHOsGUL9shtZItA03LY3yybFhMcfIZgznAIK4xj9K/hJ/wTdbzbLxP+0Tr769exBLiDwVpUvlaPauMMkNxIgxcKpADoQoJ3AZBzX62eEPh78PvhPoUOieC/Dej+FtMtFEQi0+0hguHVAAWeUp5jtIB/ExzzxyFrg/HPxD0LQV+03V5b26xhiomdWd+Dj5GO5iR0BbPP3c5r+e+IvGbPc6nLA5DSlgcLOXIqkbzxE4ysviTXI2tHFK7SSukj6fDcP0KHLWxs/bTWqi21BXau1FvVR+57WRzWk+HfDHgjRYdE8MaPYeHtMtVEVtp2m20VsGVAAGkeNQ5YrgtkkZOTXO6/420zQoJGub22tWERLAOplLEYCqPvA4/EHjnmvm3xp8c9X166kt/DEJgjLMHvZgRhfmG6JG4X5enIJHYZAryKUX+oXLXGrXsl3czkgvLIzqrEBiAp2gAc85znOcAA18Zh8lxuMqPFZriJt1Pflzy56jfu6uT+GT111fTe56M8Vh6adKhBaJWcVZLltZ2Vkm0+lr7+nY+Mviv4j166uNP0QPZ2xYg30hJd48sNyAnC5ByAeuVP3q8ztvDsl5czXd9NPd3blWlkuHLBAOuAeMnJwAOACTwM13em+HNSv2WKytXZJJEjVxEWc4wCwwCDjJIzkDHOeM/RXgr4EardqlzqqNBbyFdgdcO4xk5J2nAHQHsc8ZzXrVK+Byqkor2dP3f7vtJtJdb3d+ysrvW5zRlUmk5ylZu1ltypq2mrau/x2Pm3TPCN9qFzCkFrI6KyLCEQ5Y4AJJxjbjBPfkkE8Z960H4OTTiKfVC0UIKnygAAWVgSABj+HAGBjII4wK+hZdC8O+CbJ3cWduLeNVa7uWjhhgXaGZ3lcqvQ5OBwF564r4W+Of8AwUH+FHwkkudG8Pzr418TwRukcGnyK+nW0xzlWuEJHytnIG7OOewrx6WYZpnE5YbK8NWqzk1GPJFtpe6ruWkYrpd373b0NVBaOTior4pytFLlcejTv8ru3Xa/2LBoem+GrN5XFvYWVunMt4yQgqOWdpJCo2ge3Iz7V8V/G39u34PfCRLuw0y6Xxr4qiEiQ2WmyeZY28y5A86VSVXawwRzwSck9Px7+Nn7anxm+NF5dQ6l4guNC8Pylhb6JpUpgTy9zARzNEQXIXnJxkY4wa+Q57mWV5DM7NNIcPK7NLKzMcszOxLEEktyTzwvGCPveHvCrE46pDE8QYmbUuWX1Si3ZpuL5alR99E1BK6W+uuU8xoYZWw8I1pp6TlpBbO6ju9NE3tZbn1R8cv20vjJ8ZJri2vdcm8O+H55GSHRtGlaBDETkLPJGf3hwRkg8kj5cHJ+Pri5meZmlkkklZxuZ2MrMDglmZidxYgnknBz15q6LVyWCsCNwBYncecBgc8AYzkhcjOOSObAsFdgQNwG3gcA9iPqCB3AORt6Gv3HKOHMqyelTo4HCUKMY8qXLDWVrX5m0pSlpZtt3Wp5dbFV8XO9SU5NuyitF0doqKstnZW2tfVFSKQSEFVJDBgeOQMFSAB/ewMcAHPXg7rMUKRlgm0HavybdzfN1X5QefvYwRjhgD92t+w8MahebXijMaHG53ACABs8AZJAI5PGT69a6yHQLSxIklKzTnGQxAVRnLEg47DGSVwDnA4Ne1Ur0qEbKSbjZcqel7rd30s7a6b2abO3CZRWrNTmuSGjcpaX230vbXvc5ax0GW8UOYzDGxGWYgDsAu3gBiOctknGOxrsLbTdOsNrQoJpiCHaTG0jGC2SSAAMgA/Kec9a3tB0HX/FuqW+jeF9Iv8AW9RuHWOCz023lnZvMbaA5UFVGSN2SMBiTtOa/WL9nH/glv4h8RPpvib45X7aBo0ojuY/DNkT/aU6fK4S5kBHkAgjepBIwQccV+Z8ceKnCvBOEniM9zahh5qD9jgqco1MZXkrNwpYeDc5yb0u0oq92z9D4f4SxWYTjTy/ByqyVlPEVIuNKnFtXblKyur6JNt9Gfl14E+Gvjn4peIIdA8BeGdV8RalOyRRxWFrLJbQ78KHuJlURIBjJdmBCjIxzX7Rfs7/APBJaztYtP8AFX7Qesbtojuh4P0p1WNVIDCO+uVPygZxIGwMBuT1r7zn8Yfsu/sW+Ems7SHQNAlggAjsdMS3uvEWovGhCNKy7pg7tje2UA3dzkn8ov2if+CkPxR+Ksl34e+GqSeC/C87SQC8WbGq3kBypcyjBhJU5IBP3j83Qj+V8x8QPFnxhxFTAcC5fX4V4ZqS9nVzzGRlTxVag3H3qVR2VNuLuoUFKS6zS1P1fD5JwxwlTjis/rwx+NUU6eGhaUVKydlSvfeyUp2jboz9OPiF+0l+zJ+x54bbw34VstBh1Gyg2W3h/wANRwSX00yDCG9niDuCx4cl+SWx021+Nnx7/wCCgXxu+ONxd6XouoT+C/CczSImn6ZK0V5cW7MwAuZ0KsAwIDDtwQMgAfF2sPcPezan4hvrm9u7hy891dXDXV1PK5LF2LsxVDktgHG3kkYCnhNS8Wqnm21hGNjbszk/MFUds4PUHaBjOcccV+l+H/0fOGOHK1PN87dXiXiCo/a1syzVvEKNa6blSpVedJpvSUnKWvQ+T4h8SMdjYTweXJZbgUnGNLDuMas4WVk6keWya05Uop2ab1Z2bPptm02pa1dzXd7IWknuZ5WnldzznMhZpCzDcxHTJIIxivnz4leNjPaiKx/dQGRkOE2s2SclSD3UHBOcnJzkg1bvb+5uRI5leck4O5jhfmBJK5YYwO55ORkZzXjXjKTDRjcXSQkooyBkHlAMHjscdSOSeM/0bgIYbDShSo04RikoxUIqKXLyxSS000VtNL7ao/Hs1x9etTm71Lu15Scm3dx1k3fz6t3k9ejw7WSS5uY/N8xi0gYMSSSvHTqSSSOeAMHnNegBnlJj2usCoqhl+9uVRkDuMZweg9fflvCltJe6lEm0swUBVVMuSegxjluw64xjgCvrHwd8H9V1doby/iOn6eAMyTcSHBB/ixtUg7ieSPugnIFYZ3mWHwfKq1Szabik/eabivh3bfS1l6W0nhzL8VjVN0oyneSTnbSO3M29Fpve+x4rp3h+/wBRuYbeztndmxlApdskDB2jKjjjHc/r9IeDfgFEqRal4tuv7Ot3KuLZRvvJ0OCUiiBBTd0ZeOMdc8erW8XhfwVZOmiWlnJdwjdc65eBFghIBD+UXH71lIJVV6tk5yWrybxL8Y5ENxFockl3dSGQSazcj/V/LyLOI5ESgjCEA54PAHHxc8ZmOYtww0XRpNq83pJx0V29VGys3vLpZdf0GjgMty1KeMca9ZL+He8U1ayt1ulezbXVXvr7Rc33gz4e2axWot9HjZMJFCscms3g2hRulXL2yOMbgM4JzwcCvnvxl8VNR1APb6Ip060lcpPOjGW6uCc4BlBL5wwJ24KH8q8nvtQ1HVpzcXtzNO83zvNM26RmYnAGWAUE8cAjgrjA5miiaFxFcNGke3cHJLDkHaBnADEn5s8ZyeTgnrwuVQoP2lWTrVXq29Ve611vfycr3XTe3Hi86q1YypYWmsPS2VnZtaWs+rdn2Wy2HzLcBjPcSlmIDZkYyl9/B+YluSCOO+PmHO2qd9JDaosjtyq+YVJA3biOp6kHk4Pfp0qhrHiWz0tDHJLG/wArHYuJGJI+Qj0PTrxyTj183s7jxZ8QdWi8PeEdI1DWtRu5lhgstMt5J5WdmKr5rIpWMAn5izADPOcHHtUKE6k1ZcsdOjvZWell1Xor79j5vEYqEXrzVKktuVOWrcfuv629XY3L7xLBbiWIMrhz5gVWJK/NkBmGdvIGQOcH8tLwB8Pfin8bdei0D4d+GNU12aaQRy3UEDrpdhHuAaa7vWCW8cUanczFxhRwK+pPCf7KXw5+Edja+Of2tfG9ro8awLeWfww0C5jufEmpE4dba/eNy1krtgSBhkjIHINcz8Uf26NWm0SX4dfs/eG7D4QfDtA1useiQxxa9qluPkE1/qEa+e8jpgvhwCWOOTXo06dOmm7871SV3dtpfE3e++qil5t2PPq1XbnxFRU1LVU4aze2jSb03snZdXY9bi+DX7M/7KVsuu/HjxHbfGH4oQwi5s/hp4bu1fQ9LvFBcR6zfIWW42SHbJHgDAweCtfK/wAbf2tPid8aNmhwXEHgT4f2QNvpngfwqDpek2dmvEaTrbbPtEhjCCR5C27OSCSK+aLm41DU7l77Vry5uJrpmkmuLuZ57mVnOWaR5GZslue5B545qzYaVf6jMILW2kKKdu4L8rjOF34GTnCjaMknPFXCjUnaU9t1FbJppPl1/RN91qjgrZhJxVLDx9jTaavHWpN6RfNJatPV2T277mM7LwIo8luScbnkZTwzPyQoJJyMnr97cCNrRvCWp67eRR29rLPJIciNAzCNeAAqgEEnA5XkAgcH73118JP2UvE/jOW21S/tvsOkRhXnv71Ps9pFGACTGJMbgFxgDJ4PQA19kabo/wAKPgnbGPSbG08VeIB8smoThBYW0oG07WYMGCt90cgYIBGa29yCaum7tO3T1fnu2rvrvtyxw1SceebVKN18b1a91u936vzWt0z5O+GH7KWt6q9tq/icLoOjRIkr3V+oiZ4QMkJE/JkwOCOQcEnivqXTr74Y/Cu1msfCWnWmo6kBtuNfv0UrEyjG61U4LMDjpzzgYrgPEvxV1/xTqEkUUjXaxqwhij/0fS7U9AqqMI3ljJ3DHA5wQa8b1PVNPsJpZdSvjq9/G5f7LG5FrBI/QSYO1tpIGMdOuNxrSlCrXjJRUrc2rj0V13/NpLsjmxWY4TAWd1KWysr66Xts7u916aWvY9N8R+MfEXjO6k8uaeWBZDv1C7YpbogztEMZ2qqDgAAHOASTgAcB4i1bT9AspJYH/tTWVAV7u55hjJGCIAcqxDZxj26HNYV14h1C/EMUh8i2wXMNr8kS4PGVUDJ/3iec9Dmua1mOW8gaSR1WNM+Vnk8scgAEjO4kHk5JyRkcdVHBqE4pxu7p23/l313vy6bN+SR42JzStiaNSUJSSasrPVXUUkn5LSy0aT6G5od9PeBL6QvJJc7txcHG7OMIpbCrg7R0zj06VtbCJqHkeWVLIACCM7m67ue5IHoO445s6EBBawSA4SMKY95yC7HBJUhdvbbz6rnioPEF7CdQMuC7GEFmBwu7CgAADlsryck8YGMYr6DDvmmoxi/dSulFrWybXRpPS21m99dfi8bh6kKPPVklzTi1zS3i2t279Et/n5JY6bGHkkmRI32B0ZyGKgcEgnALckZORlmwO4pzmFNT3xoZUhKhiCxMjkgFVAyBk9SM5Gc45qWyg1PVZIYm3w2wKKNqne+454x8zk8Akcg54zg1+gn7L/7A/wAYP2hNYsf7F8PT6T4aeSI3fiHU7d4IFhyN8itIoySvQjPPGDyK+syLhHN8+xChhcPL2acZVa004UKULJ805u0Uo73vuvduz8/4t8S+FOCMvnic1x9GjOCtSw8JKeJxFRRi406VKDlOc29ElHpe6sfEGh+FPE/i/UrbT9N066uZbyYJb2VpA800u8qojKoCRnIwAOcjjpX7z/sU/wDBHTxn8QbKx8bfGnPgTwczxXKafcRiPVdRhG1yqxtiRFkXcQ20Eg56gV+o3wQ/ZA/Zm/Yq8MReLvGD6JrPiqyt1muNc1/yWhgnjRXIsYJTliGxtO3nHPt8Sftef8FdbhE1Lwl8IJmggiV7R9cTaqoiKY/9EhTCRIBkRhQT05brX7hk/BuUcPYX29Wph51acf3uY4xf7NSkrc0cJQlaeJqX0U5XitlFppn8WcVeMvFfiFmc8pyHB4+nhq0uWll+BfLi6sHZc+PxUX7LAUuWzcIt1mnZNan6g6r8R/2Sv2A/BJ0XwbY6DbavbW3lhLUQTeINTuI4gC11MB5kKvJ8xIIJU9sZP4U/tb/8FT/H3xMkvtM0jV5tD0Fnljt9M0u5ZXeNmOPtMyEZJXGR353Ywc/kZ8Svj542+IGqX+oa3rl9fTXMjvcT3d3JJMzSknA3E7UJyo2YACj8fALrVZJmy0pkSR2/e+Zu29Dj+I5YcYzk9l+bFeNmnHeAy2pOOV0vb10rSzLF2nXdkrKhT+CgrbW1Sstlp9Twh9H/ADTNVRxfFWJvCpKFVZPgueOEjJ8r/wBpqSaq4qpb45VG09dLaHrvib4ha54pv7y+ubyaZ2LyuzyNI21vmJJZm3MQ3UdiMHOBXkuq3vzCaSaRmaTdtY5yR0BGMD1UZB7kZFU5tXFnA8jOiLsJ5YHf6B+hz2x2PBJ3ceL6/wCPI4J5QkiSFSSQH4jXBPAIOXxkgY+9k88CvyXOeNK+NqTnVqupKTfvTbk29HfW9l8nvfzP614Z8M8FlNDD4ehhaVGlCMFGFOmoJK0bJctney8189/UNR1uGxQT3EgBWNhjIwvXaFBHzMeP+A57ivCvEnxAg0tp50l+0Tu+FiRicdwrHBORnBPYZ4wa8u8SfEHUdVdliLpFuZYyWIOFG0sefvYGRnkgHAPU8A1y9zCzyMWkkV9qkFicklmwSCHJIOcZHQ5xivzfMM5rYlySla7utb+7ePbffp2tuz9iyrh3DYNQahG6irJWu3pvfr363NvX/HWr6uS1xOy25kbbBG5CBc9Hxj5ccenfpurlGvlljLJH/C4k5YgbsruzjAPcfxDBY8YxEdI1Ap5kUe9NpYY52g8kBQcljgeuOxAwDSLvDG9vjAAIZWGCGPqCOvU8HIycAnhfCnJ1GnKfM1bs7crT117rVX7drn00Kape6o8i2Vlu/dV1pvbyt0YKV3sm4AFfvlh8u7PGDxweOM+/FQuvluQrI6LjkjI54IJPQDBORkZPXniJFwOhII5GDgnn/Pbpg81NGY1J3chuTt7A9AVPU5OCM8kYz0oSSforbej7b31Su938ndNaaPft1XXyXle66dVuHSRkZVKAcEdiVyAR6546DnsTnh0bGNycMXKEDGQOMheNvb8MYBFXZFSd0CoiMg3HtuwM8D6DbwcHj05jkPmzEuu1QihdoIxkAF8Z555znvxk5Bnmjrfbz1jrypXfVvfXbW+xSt1t06abK++l9UnZaWetin5skw3OZJDyck7htUgEeo4znqDz6cVpCCxIXaDjj2IGOhx2znPOPbFaTIYDIIyGjYAB2XkkjDADIz0wemOeM8ChIpLMxzjO38QAB788HoSBgY9HGSldru1fvotvla+2vQJppK+99NLaen/DEPJPPU8H+X+fzpcMAewzgjoen6gjoM888UpAUn2BHP8Ae6e3TqfTt2p6Rlzgjk4OR1wfbofbGc5q99iLXdl5/gOiYkhfQYGOpBPQnpgfTnjGDzU0kZi2E/u/MCkrnoy9OM5HHYjrxnIqW3tJGY7Y3dlBZQFOWIK43AZ4+YELn2PUZW+hk81vNXy2GOCMZHJPX+I+nTg8ZxUuze6+TT/lavuraW11urddd3BqkpPe6UX03Xy2T12t3I7m5aVlJcuAFUkjuO3P8IwQSck+vc9NoUulm1m+0xqLgbmDOMpg9hnOGHy8jnJ45rlFgYjGRwWJAOQ2BwQDjqepOOg44Aqe3A3MXBEeCThtoBOMnpzn9OMdwcqkU0oxbVnG1umqSXm9H16Pe1hUpqnL3krOy9G+XW7tbz63+TLksxneRBICo3OgT5QCoJz1yCeByfQck7hn/anWN0GdxYEsCeOeP58Y49znnQnNtMrC3jZJPl55w3XqAQBkgnce55qjJEyBR1YgHAGcMuT2I6cccgcEfNkUUlGyWqkraNa7pXe177X79F0dWs5P3Xor3tr/AC2ey6rfXR9d3BHukypJZmcHnuRycsen4nn04BXoLXTCFU3GIVduHJA3fKRgYBwBk+px15PNGC1EjxKwaIcEs2VDkEEgZ557AHGCpb5SCenV9PSDa8jTSScKrnmJ8YLjGMDpkn6+tTUqXXKrO/bV/iujtfS/byxUWnf3km+nXZWto1a2rehq2o0pIvLjhDT2gBMyqMyA84Bzzk45ALAE+tba+JoNLtI4Y7RWeciQPIQJFZQSSTjJxn5TwCTt45NcRYaTcsZJEbKqXZQsmTL3AAPG0Z/D5Rt7CK+1N9iwzQxtOgKuwGGAGQvXHTbuGBgcbua5XSVSSi05K6bTlqr8vfWz3s3rvps75rdXpZu0k+y11dmk7dLrt0i1zVZNUmnkuZQJCQQA24lQTtHHft09eOtc7AzZdgQoBwFJPO4cHGDxxzwMfUVXkdncyNktyCwOcjpkj2Bx2XI/ARZOeDgg/r0z35/M+ma76cI04qMUrWae2m2mnl17LsyXJN3s9+/prd3aenq+5Y37n28c9SD3BBBHv2/XtinSSNJIcnONo7bs42kZx3/XAyMYqqMqcntkevqOmR+fSnjOc8g5IJGODnt6ADqO5POQcVdrbJfl+gKdui3/AAta3/Bd/wAhjKcnkHHJIwPrx7Hgkd6bUpI9Onbsc5I7ZBPP58k9Kip+pAUuD/n3/r7Dn2pMn/PT8qXP8sfQfmOvf9PSgBeQcgY9O/Uf1/z2r1n4Phx4z0+RWAKSAd92MHvtJzkfgTkE9a8pXPoDnBORwcdM9vUYxwCCMjmvaPhJYTjxDYXQIKNMnl4HOF5JJ5IGcbeOnJPPOddxVKo27aO3e91bRdPRetkVBtVIWWikn6apffdr7j9J/BOPtDAhS0pC4A5V+CME5wMAjORkDoOCfb59iWsShiWI8vyk455Izk/MCR1yByfrXiXgdWmnkKECaNlK56E99oJzgY9DnO7PGa9qmsWns0G47tu6V1fBjJzynH3sYGMnsCfTtymP+z09pX1i938UV82mt76Xu+xWJtzzeu+j87RW6sr9d9np1vsadCsSI7oBGEAcFhw+Bt+oGe4w3IySar6rLE13mFlaRwoVFAGAo6gnvjAAwegwucYzo31RI44bVVuYgwhcy8SfKGyTuzztOcgZBxnk5Z0shdvOe3Ia1Ko6INqDqGDHjJJDZIHTnGckfq/Ci5ZuzV0k9L+V2t7pX3877n4P4o1V9VUdLXirxu97N7b9Hf8ADVHL6skkUjTvJ5eWJcu2SdoAVE4+XGDgk568nNZkcmSkhwqqRtJP+sGT8z8gZPt97OeOlX9ddruVyqGKJVyqKMoxH3m3HggAnI4+bIJA5rlprlbONQ7RjtgHcQF4LMAwyB6Y4PX5sGv2TDYiNOlTc9kot3ej+H7lp1VtF0R/KlfDOVWtGCclKfup7X9zRWd1Z2a01V+9n1M1ztjYI29nTnHIUEE4Izycggc8gAehHD67fmxjLBDJJIhUF3I2HBIJP8PXknpk4BwctuPElpEI44QJHYDa4A2yDOGLbjnPtx345wfI/Gvi6WASeXGsknlyNcJuB2DGAycnaoBAyACScDiubNs6w2GwdSpGrrFJWVnytKL9W0+trL56etw7w3isZjoQlStGUveupWa921rpK72S2W63MnxprRvdMvbOa5j3tbuHhJ2vlgVVVY5yARgcjOTgnFfNYgttAthBbzltTvo3eWAEMUA3FQmBtHGGB5BzwDndWl4m8QG/hZkkeHyoy0kRJAL87QXOPlyM4OTz05IPnmm6j/xPLS81FzcKksOAh3HacblLHOQuc5OMc8Hk1/OnE2cvNsbGo5X5EoQlJ7R5lr3unrqrXvrff+uODMglk2XOlB8kZSjWaV1zNJKzdrpa7Nv0Rdjjle5NxEshuIn+1SebkqrxjK5zjDAj7q5JzkgnFepWHj6a/jt4ryWW4u7WIIsIBMAX7mdrgDKruGDtwTnp043xLbLpOpXd3bXoe2uoUuYosDLCQZKgdG2YC5wPRgMVnafq9vHBcx2liJL25gzLcykAIevynb8pPZRyTgdSAPnOaUNIttvo9bvRJpLvZ77LpdXf1NehSxUKcqlO9mnGWitey2V7arVa207O/tt78RTZxPpui2EAae2H2i+uQrSREjLLGADgnHAUA555IxWNdSeLdDtLbW9SEot7yIPpq43vPuyCwQn92CMleBlcdM15Tod7La61by3SosMEqzz78yJKIyGCygk5DEAFTkFjjOOa9H+IfjjUPFd1p0enFEWySNHjtoDGgUKAojUADaqjB2nblckAtzpTaacpW5k1pZ3e19Xpu27NJ6ep5U8FGjiaEKVKEozUpVqtRqT0taK5t9W7q62XZX6bwNqviXU9QMOo2r6va3qSpFYXMoby2KkFtjcIqdS/ICjkZGKz9Z8I6No19b3vl3CTzSyNPZJiSFZQ/wDqVYZxEp+U7WOcHDAYrjPB/iyfw7r5CO99JJmK4jfKv83HlpkrtyxG7BGBxnNS+IPGeqT+I54jbiCN/wB2lpH84iR2BdxycFR165757ehGtSlQUZrmnzWSdm7+47uWm7V99FdWvc5Z4CvHMHKglSoype+oO3O04tv3dE3bRp3toy3rXiuBRPptjpFvZTSRhRPxiLAwDtwQSScHGSexwMjzVdHukabULj5oWPyNGTvkkYbclWGSpLDPYHOODXrE+n+En08yTXVzLcKY5JpjgqAQN0Z5yQDkADIUbRjiuB1nxHZvdCLS7VZIFXyt69oVBDNsHCMemeMnoMjJ5qjd+aU12jFd7LblV9Gt9NFrvY7MG+X91RozW3PUnZ31vf1ck3ez3VtXY5Bry5e5jsoyIxA4LKWbofmJb5mBOCcAE/7XUY7LTYBeSfZ45rkSRMJQhJ2NzlgoG3Lng7fQtnoRXEeRKl9JdJaOyEq6MOVU8cu+ec7sEcZx1H3q67w/cTS6vAszPFcyOqo6hUiEZO1iWGf4c/M3BOMNk06VWcZrm3btvpryK6uopPRbOzs9Nmu7GUoexvGMXpaS81yp7rRp6p6rY9PhvraW5i86STT40REd1Qr5zoBgsykcZOGPJHflcVry3z2aPcRam80Nw/lNBHId6IGAf5Bgj7vXAwOMkkGtm9stJs9Phi+ztctMQsM0+MrMRhmzyXG7oeuTkYNcefC2r2E0N2zRKZmfYu3dmMn5SFIZWLDJPIwcbu2fbhUvBO99vNpyS5m9dV00vppe+3xlV0Zyk5qMFo7NJqVktm17qS13tazZ6FZ+NbXSbdrWGzKrNbLm+lxJcDdxsOQADnG3DHgZwRzWD/b7XF3cJ5tzFbyQnJDkiTjhc7sDcTknCjnqBnHoFvZ6HBpaWuoW8e68sh5Qki/fNchWPmqy8qoboB93nAHUeJ32laraPLd20oeKSUwwqmCQpJXJTk5AwDkDaOpFauVkrvm2typXSdlrte90tHbozx6MMHWrVJKnyzpybjKSumvd95P3eXW1oq7foWre9t/7QSeWF0t1fyrh1HyyEE7SBjruIVlDc85IzkfRMWp+F9U0GF5oVN3DZPHHapGVLbcbZiSBljxk4GQc8ZNfN13omo23kmZnaK48plVT1lbnlQCflYgnOBxwc17RFobw+F4Lk3XmXvmJHIkICuFQg+VjG5uCclehBJz/ABVRTipWj2esYvW8W1uk7NXtax52dxp1I4abnZwko+4lL3fdu2r6pdpdfVFF9Oa7ntdQjEEcEUZiuIflQqoztXaCMmQHIIBHUAevf6fr+rTafbW1vZ3ENpbJLbhm3yRxKcL5ighhkYPTOBntg1keFNLsJbwWmpu0LzMtw6iQnCJjaqkj77E7SCSDjnvXs9tcwwx3OipEsdrDMky7UVrhxjOXOM7CpAbPG0Zy3Knolyqi3GTvZuS0d1orte61d3bS5km72Z8hmmOUKtOi6SxDSc4T920UoqKfR2bV3a9ru2iPnS5jubHVFuL6cKksTlJWHzyndwQxAZGBxwcZLcgcA+3+D7mCFbe9mt5J2uoWjjcE/vpW+XewyPkXsOmcHGOK5vx1q9rqUVvbW+jwm6iLRK6qAXji+80eV2kYPzEnbk9cAYp+H7++tZraG6MVpaKjRwyMQwAK4UoGPBzuDc8DoM4FeNPWVveauujSV3G7vsrLd7p2u9NeXHVJY3AqpyKnUglC0VK7S5btJrd2te19t9Te1nUVhn897lmms7lkSC3O0gBuGyvO7nGcYxxweaq+GPGmu3epzR2c95K8xlWaJpXEcaDPI3MQCAoJOc/eB9tHVdN06z0+/aK/t7h7vaySsVLtOxLFYzuyME54AByODjnmdBkm8NXtpJKsZMu6aQqd8khcELFwMlSNoIHXuMDFdmFrTozhKMnFxtaUb3jblsr3tfbyd/Q+Wr4fC4nA1oVsLSr1vZ8tP2tPmfT4W7673S5Vppsj98P2Gf21/D/iPR/DX7Ovxtnt28D3kkmkqohQTNA6FIkuZSM7ElYlXyCCMEjdiuq/a0/4Jt6Z4chvPiN8ELxZPAUaS69rF3eTCFLKAymVFtpXIEwCnhUJboemcfjP8D7nSdR+L/hA+IWkstMvNUtoriSzIEkMTTqMq44R8thuRgZwSa/p/wD20W8R3n7E1poumat/ZejR6dY3Fp9kmaW81PTkKxRrcmD5wGjUFo5CVYkg4BIr994cxyz/AIbxLzOlSxM8tjyYeqmoVuVQ5knK11sk3dx5bq11r/nz4qYfHeF/itwvPhDMMVk2C4yxMf7dwk6cq+VqdTEwoyqqm5KEZL2rnZJyjNLl0k0fmj44/akvfAH7IKfCv4Sa9Nb2txEdP8XXjzKLm+nnTE9taKBuaI7ijEgYXHAJyPwI1bTdX1iae5xJC4nuWMO1/MuSCXzxkggc8DnORnivsjWdGeS0s9B0u+S3REjupxfFg8lyzAtI0bchACMfKRt5OCBWL4zv/D/h7R77T/COnrr+sGyt3v8AWTCGFhc4HnmNz/yzRtyjaAcfeKgYr8M8QOLsRjMdQwdRSk8PSVCjRhf2VKFNQTk23o9FdtXlbvof274CeH+A4awOcY/L5SrzzTMa2Z43GVI/v8VXqzU3KT2UYpycYK8Yrms9dfCPhvNomls+n+KdP+1SXzMDdODK9kjrsUDcCA+O2ARgHHGDa1ex8G2kerSLLMtrYMz26XMKqLp9zEY4zs6KMZAOMHvTJPC/2nRbfVf7Te4F/MZLyaPKrBcL+8EfmfKUVsbSBu6dOTXkmp3t5cXUsNxJLexgm0W1HIVRlVLDJ3txkE+xAYivhKNJYiSqOUk7xTSd007W15dU+lk27/M/fniYKq3Cq0km6l3ZRScfLRNNNPW6dkSeGV/tTxDb3On2Mot/tfnGOBSdpjfI3FflUdcr1I4XJr6/0D4w+IdC1Zru1tZoYY4vsK25TconRditGPlEbDBJA+7jHIIA+v8A/gnh+xnP8bok0q+02HQtB1G4guLnxLeJsljKr532e3d8bWdQAAGBLHIyenvn7en7AOm/BjS7XxH8KZdQ1XSFdI9eupXWQ29/tVDHb/MDIJfvA4ztOCx7fquD8PM7nkUs8p0uajGmqijZ8/srxXOk7SlFX+JaWT6LT+X+LfHrw6xHH1HgHMMRRqY2lVWG9pKdOVCGI929GTlK6m1e8nFK9ru9kvxs8bfEfUNY1aW41G6mea4aRrwXLmQyEblWI8jaI1JxwMZ+XJNZOkafHqWrW2qQYa3SyZgblQ0XmEMXXaSQqgHg5JBwF6Zp3iD4favpstwdTiuYzdh3gkmgIe3UAklycbCwBwfUDAzweE0a51OJ1s7GW5kmeWa0iRtwiKbyDI5GBkHGAO4JweCfjXfCykq8VGoujSjbWKd7tWte7ve66bs/oPKKOEr5fRqZa6XsoQgo+zt7NQvG3K09kuq3633WVrvhHSPFM+oRzNEgspZ3Ew4xO7ny1VD1jyccDKnC57UuhfD+98JaPLJLMD5sbXUEihS3lpgqoGQUGBgYONufw7q08PXNnKP3Evn3ikMZldVMqkO+FyAIwM8nnrkVqavOtxqOm6dHHLMv2dYpY1Y+VJIV+YAsPu9eOuRzzXzuNrxctOTs7PXVq+1rrR7beu31+GxlZ4aGFc3Km7c2qi3ZxT8n6X2d1ucHY3Mtlc2k1/FmO9bzsE+ZthVWAaNcABu7ccAAMvaus1WWzvbNre6IsrR7aaRZURY5LpG5UMQCQSB1OT2xjppT2+iJJam+VxLaTLELVVDxYUklm6EodoU4yMkZIzXN+M9XieJ4YrBLQ3arFayEZCxLheEx8odhwVAByDknNfPVqrqzjGLd7ptWfJo0ltvdpR872fl2RUIwgk3d9G3y30sua7Vm7Xu7O6XU+b/ENjObl47RZIrNjK1sZFZicMDg4+bJ+bbjIJ7DmnXumS2um2bxWcsjJA2+faQpJHIcldwOOQSN3J7GvW/DNjLqUs11qskCwaJtZUKK6vsJ2oQANxwCM4/E810epeINOvibFNNh8lZBcSzLEqt5PygoB3VgM4GDgZ5PW5VvZct43VryekbaLVJNrfVpaL8+meOVKEIcjl7FRcrqzjsrJXfr977HlvgjVrzSIbh1R7iRlIiVWJ8lBjJJxgMM8Hkjjp3+yPhXd+Ir6fT9fuWe7sLYwiX7SCy4BISGNDywHQk4JwTyPvfLuYI9TtoNI06SOylnzM6gqZEkI5JZSEU8kHpjGMYIr7C+GWpx6fdHSYUkun8mJ0tQn7q3GMmQZ+UvGSDnkMSeDX5T4hYmNbAV1RoxnWqRdLnv70FJRTs0m7tc0bLa/wAS2PieJK1GquZUoSlN/E2pSptyi79NN04q2nUl8feJddtfE0f2HWdTs3kk8+OKwupbJ7ZcE8eW6sQFwGTOAOOmRX298EPCVz4p+BNz451fxX4lutQtfFNxYwJdXc81tbWMKK8xEcjlA8m7aXb5gOeeRX526293deN9TmvIpyId5jd1ZNgK5jQKygkEgjOCO4I4Nfr7+z9okeofsg2VjfeZpdvfeMNVmW6jDRmby7dT5IYAFhJnbjJAJORnr+qZNwFlWI8IMdOpgMM8bRyKriqdWUOWSr8sWpKaV21dJLS+q20X84+KWZ1sqwODpYSMVVrY3DQqVKMIKq6dS8p05S5ebltFN3dtEr7I+NPiP8KJ7rUk1v8AtKG0mvdtxDeTXAKvbrwrEgkpIuM4GRyeQMVzHh67vrGaazudTgj0UWskNzqF3cZiu/JDEoQzjhjwCSRkgjI5rvfi6x0WbStGcX0MEglV57kHzYYdzDbEpbhHUFgwHGe3GfiX4kWWpvp18+n3961kkbmBIixfyU3MTIBjbvwQCwySc5AINfxBgcBWzetTynH4mgoLFqFJqgnGjFSjJqlVUrqpzO1mtEm1tc+g4NVXNKOFw+LqRhTdSm6TqUlempODdpK0lKV9nvforHyb8XYrLWPiH4lm0trZIxdyjzIcmF0TgGPH3uFBwOue4ZgfR/g34fsNMWz1HUbuC1F1cr5Us0wwqxEHc0XIYsSVC4bkggevzzdamI76cPglpQCCMz7Op3nP3jnBJycjnrzrWmqXU99CltLOlpGEWKIFyGlGdoK4H8ROQO/BOOG/qXMMnxFTh6jltKvyQp4SFF1XBSlJQhBLWVlq0rvWz6q+n9W4nL8RUyahl8a3sqUMNCEqlru0YxS5d7X0V2r7tN2ufrt4a1658PX1vewwRHTNQjhX7SAsk1xEsg+eEKCYsnGGAHIyec4+vPA/7SU+jX9j4WS0b+xJL+J55HtybyRZhslt/Of5lSSMnlhj5unWvz0+Aniqzht9O/4SPUIVuwps47S+TzLeFGA2yKrE7eCSRxtOeSDX6afCn4Z+GfiZr+kWml6ezSX13Ba6hqlvCZIY03Koe3RR+7IQl854UYxzX+f/AIqUsryapj3n+Cq1aOHo1nLHwlKCg4fBU55WalCKVnFu8ktL6H8v8W0YYKtWp4jD1K7p8yjWpylByqXSjLm91uVrXezfWzZ+jfh/4Hfsf/HbwZLpGoeGfDmg+JdQjX7Rf3McMWr27Trg3EE4AMzF3L7AMnruyTX5CfHT/gnl4x+GvxE1HTfDekyaz4QvJRHoGpSR7WnjkbbG52GQAqrAnIGR0wwxX9K3wg/YT+GfhmTTddN1fa0kVjbhRIXiEVwio7EksxJU5QAA8AZFQftqfETwR8BvBVuv2K3udd1u2Wx0a2uIY5JrJFHFwhlBYKD1IIIIGSvJr+FeCvpEcRZBx7/qxwFnGc8V4TNqk8NDK82c6mHwlZyUo1cLXdSc406MVecmlFQ5tL6nnZPmHFeWYWc8PWrTw7SjSoYms5wjFpJJLdWkrJxa1vc/ED9mj/gnjd6FKvij4jXlzZiBGNjZ2wE0gdgCoO0H5GXIc+ucHrX67fCHSbnwlDbx2KtaaPooIiGoDbJdSDIDxDgbDlSBjvzuwcfmXZ/tuePfD95b2rpaXFlO3lb7gRkbZJAZPK3ABQqMULDHBx3Ar1jxf+2/YDwjeaZpWkt/bU1sPKvZJhm1n8vLSREbV8suOCOmCGHGK+r8TOH/ABi49xsKeeYWGMpZhVjSpxoSTw2AptxUpRpu0k0tOdpu2r97f5LMqHFmZ4+OMxEqlZ87+CUlFObiny2k1FK8XF8rdk/n7J+0T8W38N6+9q+trPJqTGW5gSRQkEQUstvIdxA54IBGANrD5ePyQ/aV/aCuL5oNG+xaZKkavLKyODC8XAiRgDtdkyCRgnPcDJPgnxh+K3jLxxeTXt9qt9PdmZ5bhY5GAADEoqup7jsGwRuwBnNdb8Av2QfjR+0xcR6vpPhu/l0qJ/Kl1DVVlisjHuCtJE8iqsjBTuwNxyuOtfu3AfhZwv4XZDgOIOM8zy3BU8BShKvVxFSGGpe2STi4ufK5SSVopJydm7Ns+54S4Iw+XYj+281rOeIblWcOaTsrqV25NtuPSyWnnZHwvqPg/wASfFnxPLJoWbm8RY5GMChLSGNCxPIDKrqPunAYnnOeT7T4P+BHxV1ppyum32s2+jxG3trKOGW4aS5VceWiBTuUZ3FtzFepPev6HPhF/wAE0vBP7PehW3iLXpZPFGsX246hZGIpa2ycSP8AMSSVQhhvBAwD8pGAON8U/tDfBz4La5enR7Wwsp7O4lhuLQWMbxuroUIgIGSTnEk3LHduwcZHtv6UVHiLHVMn8OcmxHEuFwCjRw+K9m6dJSi4xlK0lKTi1G0NEpLW+p+s4bjGvi8RTweAw1StSoKKgm1zJNJJuLTdpaN81uj1b1/mh8S+APGXhTxJP/wlWk3GiXBuZon0+6/dyNCjYbYrcsjrjBwxBwMg8nR1HUYtH0Vppba2trW+bbbROFWRgAASeehIJxzu+8TkkV7T+2b8WrL4hfE6XxTZ/YbfR0ZDbW1pIJDEZSzMHZcFVJwXzyM45+8fiHxf4p1DX57a6mt9tlC6Q28K/dymAXwMZVwQcAE53fLkGv758OKWMz/I8mzTNsBHBYyvhqVTFYZtz9jVlFc1NtxW0m9E5Pp0sf0Tw5h1PA0MRWpJVpU6bnGWrjNpatOOl9dLO1+mjN69v5b5ZvsxFrBOwCbDxtTORgAEKfm9m7jjnN0+bzTLPcyG4W2Zo40JyTkEYxxwMcEA56EjrVS2unijFy0axMzbXibBWNXxggdMsMkAMoAGcZqrKYrYTz21ykkvmefEgfC4JyeG4OD8oBPOCOcE1+x0sLSgl7iaXLbZpP3WtPibV3o12fW6+llH4VpZNPu7qzjZ3v0tZrdW7GjY6ZpU8geWGdGkuWLhVAlTuAM4G1upzx+IFdT/AMJboloz6YSIxAxQStGrneAAoONw2DHzZPPIzwa89t9buWkuPtZESKrStLGNuCAMJu7jOc4Awp/Lm/t1heXUiMCzTDznaJvmIB3DeT93IAyOMnJ6nNdMcKql+aKSSSulba23TXa2929LoxqKLSVuZ8vK21ZvRa6NLfTpq9NNDrvFsCa3ZFIJsWYcbpkVSxfklo1PRQQAVzj3O0V8n63qOqaFdajZwRtKDKyxXRBDBOT8rEDAPBIGBycjGDX0nqWqW8OlN/Zis1wrBfLYErEo7hckPuBBIXbznIyc1wms2mq+JI4BHplqRLiKR8JGzsxCjKnDBx94/UbuTW1CnRpSSaXLo+705VdaprrLRJpWtuRDC04tStfSLu07XtFLlad/Nuzfk9D5LupJ5rrzZA7SStuZMkkkk7sYPGR054ABxnIJdmB5Y2jjwxXBj6KDjBJZu5weenA5wefYNf8Ahdq2lOpkRIYXVpPO3gjGCShyMxkZOAc+xwMjz+TQbm2tJr2Ty5Y4JdvmOQCVB5QjqeSTuwO/cc+tSnTktJJrRW5dtFpeyat56I6VGKs0nZWXwvTRWWlrPr2+4wrawllkARHK4d3Ow4yATtyQeDj5XAHGRjd0qzIokU7JFRSVIJyM5B69OOCQRz6knnvNK1CwlvrQ3zra2iRqhCgkOVXOx+BkMc5J5PocjOld6Bo+oQ3l1ZyLJN5u6CGHAjCE8MccKeDkZGMclcGu1QckrW9Hquj1V3v6au2gpNRS0V7J9NvdWzd9b3va7XSyTPOIoMl2VXZEJYqqgn5l28kE453fL0HBx1FXIxGjeUh2yTkNuPAXpgEHOCfu/d4OMc9d/TZk025EPlxS7i6yxuoKoykgFWIw3BBHp0AHNad/pltKTdW8kJa4UFEVABHLn5wBkMM4GT14yCOtawg2ltvZ+Wyu36Wur2XQzckk1ayfVX3vd6X0btbXrrpYztJtjcPKt1OBHEeXP8S4JCgkDAPUNkk5J4GM3msZLq1kEkywwRnEADnHynKsy88kdDnBJHGPlrOkSW0j+yMT86kyBh+8ZtxBI6naRwe2MggfNWx+6sYkSR1dZFV2XP3mwAEUnt2PGM8HGMV0xULaq7XxN3T5lZ2dt1d6O2iaT0sYTmu70slv5b2631bT20a74OmRESzZjEzxvlTu+U7cgeYSMDOcDhuxrrbsyDT0WVxDwJkRG6EnAVmHr/Dk98cAishdOmnSaSGRIHzlUEgDNGfm+ZiRnI4B54zjqGp8MVzJp84kmLRRts253PgZwQx5wuOenbsOaUVsl0TstE7crs3o9dO1r29ai1dXV/5nZW1s2t1K7S69NLM14bIyQC4tNSkjnZN7oj5LHAIjULzuIB6YI9eKo6dfX9jJLdywyyvC+AkhJLoflIdDkE9QG285xWfZyXVnOskKOkMUgLu4+XaVON655bjjHrxkVqXGoJNFLEssQkvnKiYYGEAG4OQQAOBkL09uauCVotaNO6T2V7W1btpey7u/kTUkkmoq9rq6V90tHfRPy2ctG9Lli58SiSOQLJ9n+VjkJsADE5jUDHQ/eIHHqc5rKF1MiRTzyl7cyEwRckyIwHHGSOSfrggYGaralapELSGa5jdxhmWI8OGOcPg9sn5cHk5xmltnkjgaRIyVgYxxJLjy1XpnJOCSMY75wO4pqTs07aJJW3SvH7F+3Z+dmjGOvo/Plu1q7pu2vdPTqkipd61byi5jggw7Ag7zs2AEAFQBwwGSPmGOOmOc22nlhEcsakmRwVkl6lhngAggAg8HOCOnIFdQun2Dwx3T2n+sZTdSgEBR0O3jGGHHIOcADqTWjqsNu0FrLaxRrZxbk3sEVzGduAQCTu4OeeTkcDmjkW6bdmrOKd46LVq2r0torK29rFJxtGNnd2Ta1u9rtLu+nRdE9XzIsor4QSuzLdvKAA3CMzEAENyoUEDnOOBzzXc22lg2b207qJbVNzu8jPjptRATyoAIOedpJIzjPBR3TNKYwQ0RcCIKCTlWyDuG1uTgcn0PQ89Hb3l7dtPAsSRyiIgSHIIC9ck9WYY28krn5cinCKd5Je82r3unLbT4mtXaya1ve9zKomlstH2XZbrVaaWd2233ZRmiSO5YRuryXIwqAnZGFbHJJUA87g3I3L3Jqe1jUmSKZ1C24JU5IJbORuOM4Ib17c461iuDFLcyFg8oygUHDDccHkcjHP3SOvXjiSznkZCjoZGODxwT/eLH5hx1BHBBxnvVxmrKPLazu1J6WaVtVdJu71stGu6Oea91OStonbXskm3d79lsrdi23lR3xe5R/s7SKNqknsMHv8oHoB075FbMl3DZzW0ltG0kEpDSPIDmQqc4x0xnhSxGQB34bnLm6kkdUVB+6YyCRs4J6FTnggHr/Q1rWEzT7pDLHtWMBo5VC7WGQCgOF6jqAcnjA7OSulF3uuqV101b0vZ7O7t8ykoyp3vpy2aStreNtXJ7W6JK3R2PT9HuYrmS5jSVWWWPfIr4BQYHyqTgAgkYHGAOQB0v31lb2rqIZFSN4yziQAyBtv8AF05yCQSMEEjGQRXn+nXiW8y3PJeT5JEUELwMRlSGwGIGc444znGK6S0vV1Ga4WRmZ0iYPvIDRpjAKZ64GMkgHGe1fL5lRaqpxW7SerSduVLZJq6s9U0k38vKnTftHbZys1F9Fyu3W1r2tond+RlXeqy2W23SeISM4wzAFQjdeWJzjOQGGOuSB1r2dvKJ5LmacuHO6PeCVO0/NxnAzyAcjqMdBnnhE91fyxhS6faFAmJzsVSFGepAIPQHrkkjpXZC3aOBeQ0ZyinHzYGegGMDk9PvAjBIHPnVHGEYx0W3a3RJW2Wv363tewq1NQhBR1TjGW7urcq93or31VrNJv0Sa5iYghAzAl22nCZUcgYyAcDHHLfNkkE1678HfhzqnxN8T20C2E39k2Msd3qc8cbBWiQ58lJT1YgcrzyPUVwnw3+HviD4neLrTwz4dgNzPcupvHUfurO03ATSu2CEYrkLyCWGF2gHP7w/B34NaJ8OtB0/TLS0Ags7ZWubiONWmvbv/loZWwGI3A7VO4AdOc197wRwtPN8THEVYyWGpyTbnGyqOLWl3ulfVr0W9j8z8QOMsFwrgFCFVTx9dNQpxetOM+VOpJJ6635dtVpsee6LYy6KdI0qTTpbHSIrVYLM+V88mMIDtHAOMZYAHncTgE1578c/iLbeEdDPhy1dYL+9jkjeRXDSxRNuOXA2/M/VV425/wCBV9c/EzXfDvgvQLrUdUt1vb24tJBpcGVJt26qwAO5SDgkADAByABmvx0+Knj618Y69dXF+RbSRKEt2jOQ7tkAFht+6CN2MZII9a/YsynHLcM6MJxTsoxV7JJJJLR6Kyur67LW7t+KZFQlxTmVDGVoNxUlUlzbSd4u8m+jf323tc4OK4S+u5p7hXMIk826kbcTLg5SM5wS7ZPAYk57np6v4bWWW6TVtSKw29tHHHb27A/u4AwMcMSng3DqAWYNldxB5yB5NocSXFza2SyqbW2kW5upg+7zCSCWUEjc6LwAO59QK9p0W8M97BbQWizWEc0ZtYSoaZyRiSaVRkk8lsEEEDOBivnckwtTH46F23By1cnd7pvbXfV+m1nZftub5hSyPJnTocirypxj8NlGyitbWd9Wr69F1PpDSNRgvBZT26lIiyJBbsPlXaFDSSgZ3fMDhvlzgZHav71/+DfBPK/Ylu5yuDP451c5UddkycgtjA647FclRgZr+Bzw/pk4Fw1tMGSRgDvcDyCE3EEY+XpjAGeDgHkV/fv/AMEBYJLf9gnRJZTu+1eMdcO5e6pdKPmHGflHOOCCduOa/YfEDDLA+E9anZKNTNctjFN78tRyai03dPlet76vbQ/GPDnEVMw8VKWLqy5nSy/GttXsuaFNaP7N3LTZ627s/OX/AIOW5ml8d/ASNdxz4b8QM23Ay3mqyleuG5xgEH061/Hn4kV3hlSWN8mSSQSkASiNGIJYDIwBgAcZyMDBNf12/wDBzBdyRfET4BrECD/wjmuqCvBBMqZOOBgEEj16Hg4H8l3iTU9Gfw3Kklux1YTtm6zuUqWwVbpxgBSD3G4ZJOPnMPVpw4B4Yh8LWBk3Zpt3rVJaLRa3tq1bs9T6CtLm8ReI3a/+1QSaV1G1Gik9baWVujTta1j571xsoZxGQflRcqcFMHleADn7x7BuM8DdW8JaXc6lruk28CMTPeJlByQocAngfeb1AGBkUzXrh2uApKokSqGUr8pO3p6HggkrgL2BzXW/CPVIbDxVaahKCRbiVo2I3q0hBBKKc4YDGCDkHoBn5fgcQ7UpyU202tH7vvXTfTS229uvkfoEq1GjK1apCC5VzNvlte17Xu2ktLO97+h9q6JoWlaVpk2q+I2URpIsWl6crFZXlVAHeQYJPzEEEcgryCa51YbC61W4+z20axyb5J7qYK0kK4ziMsSF2jH3WPf1GMfVtffW5knLTR21vG0kSsd0YkIY7pABhWz1B+UDHOQah8MRyajewxw3El3c30/2cRoGcESMqgFFBHJK46kHgDgCvMo4Sti2lUafM0kk2rp8is1fX3ml12vdPR/E5pxfw9kDqzpxpWpJzrVnOD5XFRlNvmfRvZNWt0tp5T8UhJHeRuBJNZCMrFclCwabJUEEg5yOwHXgFsV4VqLySLtyUjVQwU5Tcdx5Oed3HIIGMY6iv6WfAn/BL7Qvil8I7e/8Wa1caT4s1CwN5o0AAjh2vGHhaYMdqhS3zkg4BHOK/DX9o79nbxn8EPF+uaHrscdzp9hftY2mp2qiS2vPLbCBHU43bcbuGPXBHU6ZzwtjcspUsTOClTq2soyi3C6jK80pKS1trre9nZ2PyXhzxw4S49z7HZNgcaljMHUajSm4xjWjCUVJ0p3tKyV+W6lZXV1c+WreKYtuI/iyi5wdmMbhkn7oXluAvPvmzZQM1ykewzN5hfuSwByAxGPlBGcY4wNvTn7W/Zn/AGN/GP7QV2DbSRaLpkrYN1dukeNig/u1cruBHoTkggccD7tu/wDgkB8U8xyaHJa3QZGW1vPtSKLyRR8wVBuKhgdqkH/x4YrwMNktfFXnGHNDR25rcyclsm9tL62T0S1bJ4i8auBOGMdLLsyzWhSxMJckkuacITTiknOKkk1K+jdtFpc/GzyYxJF9lDG4lCsYQWCpIDyP7uMHGeTwTnqa/WT/AIJhfDSL4j/HTQrHVRZXUdgV1B7e7jWWORrdcpbFHBUk7QBkdeOvXwP4n/sWfEr4TX9rB4s8PajbyMJUimgjeSJJInCZeRQQDkK2WC5BDY5r9Pf+CV3wyvPhf8XdP8UavA2orcWDztYxxNLeRyOrbAFXd5aspDAtwMlcGvYyTLZYfOcLF0HyqtBzTs01G131d2u2/non+MeM3iHkmbeHOfYzJs1w9StVwslQqUZxc05SitFC8otJy0UddrLr++Ok/s4eFdQlOoarpNlpaW000jQWkMcLvHGCVXcFG2Ehc4GAcsOAef5vf+Clfx+j8efEbV/A+npZ6T4S+HgfS7KGyCAahcQOVLSbAMtlSCeoY9M8j+sfx74y0Pwz4A1bxPqg8mWTSZ49O0xcG6nv7y3dLW3MS5YsZGUPwQuDntX8e37cvwJ1jwLZx/EDxJato3iP4j6vfXdr4fu4juhsZZ3niulckl2kRlJVk4GST1J/R+Mcbi8NhI06FNQpe7JyXuuaskuaOjUU2vdTu9G7I/kD6NHCmFxnHNPM8fWnmGKqxTw9WbnNqvVnBxqzg1eioQUuSF73lzS1slwv7GX7U/w9/ZxGueOb7S9JbWp/PFol9Zx3kt0fLO20wwzbxvLh2deuK+af2u/2xvFP7S3iq48SeJbPSND0yJDaWGn6Vax2yi1BBThCplJPLM+Ttz0rwAaNHqEk7XYaOKJjGwXjzZlAA2x88ZH157Dr4R8TdSVLS4tBII5ID5USqB5qoCcM+0cbsZGRz97kdfx2pmOJxVOWGlJ+xbUnb3U3or2VtNWlrr13uf6pcOeDfDMeInxRiaE8XmlaMFGdaXNCjFKMX7GFkoq0Uru6vprfXDvfilPavcWEF2kiu7RQbY+Igcr1zgNn5h3wDgHNeg+DPFGqQWSap5CXa2BLPPMxXezcqAv8aqcHap24A7KCfkg2DmWMs5czMJCxPRgAckHkADk4ALDHAOTXtGm+L3i06LSLS2jEogMG9vljbu7uDjeScsc8gnHXrwxwtOUHFKTbsldu7SlF66X31Tj62umn+z51whleJwUKNPC0k+RRm1G7tbtZ7/f19PuXQP2jZVt7a1vI4rK4ityqXkMhjht0xkMY1ON3ABOeSCcdc5/xu/aou9f+E58A22vucSPJc/ZicXkMjY2ynIDcfd6EDBUYFfF2kWV9fs1vLO0Ml1IYhEqtKWBzyAuSFGMBcLjrxzuo6x4QubaMx3AcATktIzFvkBOFcYGc4JCnHGQWOePRw+W4utBuNObg9NdG0+RWdld2auubWysnZ6/klHwu4PwefYXM/q1Oni8NUhWS91PmTUryVrtcy+1a7et0rvwPVdRlM24HdbyPKMEfMqs3foQSN2eRkc7ievuHwx1HStRsz4Z0+1gOp3piaO7uI1EkTEjzPLlyShHG3BPUDoDjzrxP4ZaNkaGPahfLsmclWYIGA7DOM4yBkk5PXrfgvo0n/Ca2NvGxlllEqQJySkmcqSADggjcSSo4wcnOOTHZQ6GHrrEU1BKm3zNNKNknaLdrK29+q+79vzHE4WpkVapRqezeHoykrSS5eSK300Wmtnqrdz17xh4KtdKgjj+1faZbZgk9oxJd7kjLSocqWjTpu2k4OM5+YePeIbtNMtg1rGEeBGyGAYmUAqSBwHPB545YDgc19C+PPCusR6nAJHuZ51Zorp1hl2RbgdrICBkbcZcdweBxXzd4o0eaOS5jiuGuGtd6opzkkscnsScnDKQcEc81+X06cVVa54VIczaUWt9Faybd7bOzs/keFwvmMMaqT9tTqttOXLKL5LON00nzJ2vbT3evn5tLqM2pSrKSwuXVcZGMBsk7ugBwAvTA5PcVj3dm4kVlcK7sy9clm65J/ujk9+/atiCKRWma4BWcn5UUbQMfeLHGUPJB55AJ4IFU7uRGmZJAYtgCqADgP0zyMkEnIYkY689u9JRslFtXWiXolfy2/TVn7BTnBwhCMVbl10d3orJPotIvpdpt6GTdRTWqoBhy4xJk5DMcKCOCAD0B9CCOM1jXF6UEn2mbYzkLGUGS4OOM5ICkADJPIHHPzVvXMyW0Ujy+W5ESoVyWIU5JCtj7+3GTjI4PXGPO76eS6u3GRFAoKx4DZTOQMHPXORkYXJ7c110HKTu49rXbe3L1377S03skrLvw1FVIv3nZartf3dH2aeyb33Vnc+7v2cfht4U8ZNpGraxewXcw1GO1j0OLYrSIWUB5hksseTlmOcHGQBX7QeI/hF8PdH8J6LpgtNKtdSWOG0Wzs0hEn2a6CgzxupHmSopHzHJ3Bj1Ar8Hv2VrttD8c2tw5ndVhdERmZI2lbGJdwJAVe3vlsmv061Xx++oawX8y7aa3tI7W0leVnU3KqGUqSzDknaCMEjBIxgD+VvGenn9TiTBrC5vWw+Fw1GWK9nCUlGMorlglFcqalNptWbVlLofxp47YXPnxFTp0MzrfU6VH6xCndwhCacXFOK0lG8rNta7qxa+IPwwj+G80914b1ue+mukCRabIVkljOwsPMUMecnHX7o3EivmFbPVfEGqal56PPPEq+ejKf9HULiUoXIwcAqFIzkH6j3XxX4kv9Ol0u+1iQtNeDddtI2+ZVB2gxFsgYQ9cEZ9sg8Pf+LrHTJNQuLCzWSe/jVYwFVZmVyAZXIJJODlsnkHcDjOfM4Zz3OJ4ShTxXNjcROHKsTBtJVIzScrctnaN/W6t5/KcHYjM5UYQxdFYnE1IpRxVKEb3jOC+ytdFve7Tu22ecQ+HLQvcWlwqusMe+MyjaIc5YylQvzEMemcg5NeQ+MNIjtbh49NT7Q0RaUSJk4+RmYAZbLZDAcgKBxnv3P8AwnULm/s3uIUvA5iQHHmSFmIbc3HypknHIJ/h5rjNV1iEG3ihiZ2aQrJcpklC4w5OM7gNxUAHtgg4Br9k4fWYKs5V4zSkl8butYxvJbWvJttaLU/fOGaOZLG0XOjU9nLk51KLdrcqfLZXSbs2vNO63fC6doT6pqh+1QLaJLaM0sr4JjGSokAJHzN0YD5hkcgYFWdG0ew07Urq2ui80caMLWWSPcFwxbzQC2AD0BJJPABALCu1bUNHWK5tLeQTXMw+S6k+URtwrRksQMqSSEGOcgL1zxaxyJdzwyyeb57JEpYkE5CguhA6DDbgCAO2a/QYxkoptdNb7u9m02k29tFfve60f9K5dgaE8AnyJVVHRWjfVRb2avpZ9rLTa51WnwjUIm0sxiOKWZ547xumUywyF4xkcdAT2xgHxXxErw6rqANyjokggOSSCFP3kUDG3pjGAOCeRtr3zS9IlsHAd3WCYJFBtO5jI+Cx2kblVlyOvPrgYPm2u6JYza1fxNFJGkLGVtoLB5FGD8x564JB44Pqa1w7jGesVpqk/WOy2TWtr3d9PM4IZXNSlOfNKN/dtK9lZaJJaW3bv/Lppd+X6BPcDx54SVzIY11vTxCWBxtWeI5AO04JPAxyccnrX736VqUi2lsFBVjDbtvLEuAY1JLYO3CjnrzgnBBFfg8Jxb/ELweu9Si6xp7FVUDYRNGoHYhiDz75r9ubTU4o7S0CoxQQQr5rYBJaFRwSfmHIHC5XBJBr+mPBzEU6eDzRuUIqU6LaejfuSWt9be95q+mm6/jz6U+S18bX4Wp4ejUqOisXdxi5pc1Sjq2tdrpa+h1er3kqW1zIs5Oy3coqsA7EKcKC2OQSAAueh55zXkuleIXv7WeG4ZmmgklVkk5dSzkK27qTjscYzk+ldtc3ETxR5KuWZk3EgIC2Aysc4JwcA9emOBiubutLtdN8y5t4Its0mZFDKSzdWI9ucK2cc5OMAj6viGtRrTm1UhNRi4yindpu3K7J27rTTbpqfFeG+S4/AUFGvgcRTUpwcas4TSeiT3W1ut+l97s8z8Yr5dhMpUllRzliCAGU/KCeCcHGcZxgk9Wr5JvlQ3rgoAxJ2gcgjeTyeo6ADGT29z9a+NbqNdNmTy2kkfJCE52jacEEbuASQcsCcbRzivkXUbmMXbEJhznJU8oQeTyOADgDtzx05/nfidU44mXKvOyae1lbv57tN6dGf29wZSlHAUee6+Fa7LSOlvNW2vq38vjL4nx48ZakEX52aMgZAzx3OD2Y4GR16YNcxpt79gnCsu+Mk74+7FwOQOCfTuM8bgeK2viHfi48XarIhBVHALHrlc+mON3Tseh65HEvOZEMzDGcBgSFPBwp7lsc/NjgYBzzj5SNOUorRLRNaN6pRvfSz7LZ2+Z9dW5G5a3V9NNLXVtb6/Crrtf59f4luZjDaxlEjikQPCCATtbPzAnqM9cjgFQeWxXGTQocMoXCE5UKApPbvz6Z6j+Tbi7u7wRiZnkCgLGG/gwMYI+nQ4Hc+lNijlmJjhjkdmbiNRkkn1PYA9M85JHuLpx9nF8ztZaau3Rba9E+q9CIrlja6durbfZ237eit0IY4ZCyBRvLMVwDkgk8KBz1J7HHU9+fWPB3g1hs1LV8rBktFE2Afu5DMpxyT0+XoM/dBxc8M+Do7C2i1PWYdjnJhUgkAnBBKnqDnAB54OcmuzvL6Oea2tFjkXeqljHwowPlHH3c98qM55wpJrzMwxzhTcKD95rV62W1+jV9eu13sk2ZOspSlCF7JxTk7pXdrW+9q+2+2ttG8kumtZIrFzboFWMRDALgHAAbjA7cEH8fvc5FZ6jYN/pDiWaTfsjky6oGUEkkg8r0xkA4wOvG+kj2cErSJ5lygCpGMFPKOSM5bJfoDkD5jn2qQ+KYZYhDf2QSCM7d0agOrAgLg43AHaD6k5zkAGvkZVMRUcnGnGom3zSveW616tW302XXodlKK5rylb4XvqlonLTZWV1pazvsrmY1xdWElvcyRqLbAMsbjcpI7Yxx1JAI9MHPFTzjw7rM0ckUDC6d9iRkhFGMEjqAEJJAx9COpFPU9Va5gYQ2XmrFEzIWI92BIJGMYB6ZOME4OK84NzcC4kdSVchSBv2bGOMsoxjCqQD0xwQQOK6cNhqtaLa5qc01dpu7tZe9F2TSvpdaPrqzVShSklKPPBbJrd2Sbu0rW30vq93u/TL/AMPwWERuUvRj50a2XIePcvQtnGV9M8+2cHljbPKu4bYTgDG7l0DEkMMjaCONpOO5zmqN/qE8Vo8csslyJFSRmXPzO2MsSDyV9OANpz1BCaZcS6kzwspL4VFI3bFUEDLgEk5BO3aSeO4rrp0p04t1Zp2d5SemyV/VL7k/kdE69Oo1GlSbk0lay1b5dHptbRNWa12W9WXU9rPA0G4K3lM24jAUkDkgc5HJ5yRjrnPVeEvDk1ww1GSD/QPNK5lZlVnf5gfm/hU8527V+uAekuPCOnaZZWFze2891LOGcYXdCzZJ3dMgoOTkHaB7nFePxRDdNY6LBGsMccjrKYSBuRTjYdpzuA6cbsblDKSCCrW9pQnHDKL0anUfRe7dp2ava6un13vo+ilT9naVZcsnyuNN6u75Um7ddWl8vO2rf6QW3Qy3RFswIi2E/My8uo68AEqmQDnuMCuRjstR0hbq9tLS5mtg2C7IxAUYK7sZKMu0fMCQAcDk16XqMkr+VbWOnTFvsw2TkPv8tSSDgj5S3zMO5GMHpnsfDNjqup2httUtUs7CQiGZ5YlR3UDgsG9SBh+wPT18J5l9Vg+f2dRJqLpp3npyx6vRWXbe1t9eqODjiptRjOLcU1NQuk7R1u9EuqdpJNadjwGHULrVZtgjla+kiCwoASuSMndkDkEAbu4OQAcZ9F8KfCnxL4j+0mSSOAosZ812AmRGOSEVgOFUkNtweMZFegv4Y03w8Lm6gto7mVo2ELbkd4MtwYsAALkk7QN2OnrTYdX12wS1eytmeJkYSPFvjkOfvE4YHI6EnICnOMCuHGZvWrUZLLlGlJbyq666aKOqtdvVq++i0NKGWYWlVX1hSmlypRhK6Xw3bstLNN3s7Pd334q++EusaZfqi2z6p9jfzZJ0GE8k8sCTnLZGScjbng5AInv9XuNDa3FrBFBcmFV8kALgLjkMCCGGCGyQxPXHJr6S8N+LrW5t4E1SWLe0bW8nlgCVHOcLJgZZWGAT69Mfdrh/in8PrfxBptvqeh+RZyoZMGNgPMUrkjK8h3OMqcZJBJ4rwsLn9bFYqlgM5pckW+WFaMkqctYpN28na91ttY9etlFCnh3XwNVudlJ03bnt7jXTf3rLVfeeGa/4/l1nS5tLnnaFmCyHyhuWWbjfyDlRwNwB4zxxwPHL261CRzE6SxiINJGzb1LqSCCNy/MSMkjoTgfdrpLW31Lw/ewT3GlT3r2tw6yrJFujJDNyDg5JyCT65yMkEen2WueHNTd9Q1KK0t5YbcCGze3TbHLjhHAOGAOSMDA+UcDAP3eHjQwEEsLQjXpVFGT9lJNq/K9bXsns+u+x8rifaVbqtLlkuVO8WtNHfTS+229r6q54a2q6gixqrMnlxiSQFskKMkHttbvk5Pck9K6TStOvdd0qW7WAuIS0wuCctI4Hyoq5GSADnJzxkAYzWB4x1HTLjUmbSoBbh4zGzRn920uQHZRnlM4wDwM5PzA1V0DxXe6UGtEZmgdCfs7SHYkoBAlOcepIXnn+Eng+5GhOtSp1KdJQqPlajOzt8N09L3sum3TfTzIcsJtSfNHVbvV3jZ7a/NWV737Zd3EovmMrlVEu1oyCGQry5zyBk9Mjjke1P8QPZC2tpbIlXWMxugGGxyN7n1J+YnufmAxxWLe3Es93cyTMSZJHYMzcHcSSenTBxwOe3GTUMSTTmSMsqoq7UZjkE8ZBycdMdOmfrXpww0koNxSs09PSN1a1vK7srdLMjmjzNa2bTV1e1mrr5Wu/K6erKyysynzAzAJlCCSUwOmerEnBYZyvXrzWjZ3UimHIZlPybAOuQMEegzxxk5PIznNO3tZG80CQKiZRdpyST91RnI5J2nHygknB6nrrGxa3Rbe5RYHk2+VJKAzdAW+YH5AMgjr2HbNa1Gqa2Tbi0rWTaSWqd9fO689BPTVbPyvfazVn5W7PVdbnunwu1+40mw1KzZnFjcwg3CqAZAfm6ZyeM7e+eckAcbXiCTStT0q4urNXtp9PdHkRUylwflPmEcHeQATlunftXOeHLGxnsonivXjNr5S3UaEM8rEjJB3ZwADlegHABAOHeLtR0myS60i2WQfbAnlzk/6vev7wuQcEsBnjGAeBjbXxNekq2Y3hCSkpJttaPRXTbTtZLR7Xte+l/Xw2JlSw/K6js7WTuuW62i9bW2te11a+xF4K+IzeG7+G7bTxeLZXCTWcMh+XzFIZzk8kOB7gEDg8V9ZRfty+MbF7O00XTIrJYYiMuxZo5W4Lqeo8voByMAEcAmvz3t4pBcLA379RNiNd3AzgAsPQ8L2PcY7ejWlvYwrmeKQz8AqQdjtngKxHBGRnHcjOADXmZ9wtw9mFSnicywFHF1qVnTdWKfJytPWCbT179F23+gyjjbiPJaFXC5dmVXCUa/K6ig1Fy1jZNpNtPbe1tbbnvPij4+fFLxxeTXmqeJL+SMBj5UcsqoFcndEqggfKCQeCRkEnnnz9PEWpSSi4uby5K3LhGViSz9CSc8ndg/Mfl79OpFPYtpcdvBbCOVPMd3fIKZBLBTwzKMfdPTBbIFO060spreNpZHJ3/v1JC4zgAJk4II4zkbh/EAc15NKjl2HpSjQwNKhCHuqMKcErJRtZRSbSS3fp3this6zHMJxlisfiK8pSvJzqSa15dVzPTzS3Wjtc2ozeXlq8kMpaCPzHRCwBkbaxPHU4zuPVsk4xkAJomtWiRvYX1osxGWbYCQQ7YwecBVPPJwAPQjGqBa21nJawRNvCuY3JChQQSMtkEnHHzcA8gYGK5m3WSyjd2gJkZ9srbMlgSSBntnjt2x1Kk+d7WjiIVYRTptSXIr2ceVR1SVlrr5JK610OOtJxcZNuV17105Kz5b6Nu2ysr2stNT0rTrG0iiM0EMcZG5oo48OZBnKo205xuAIA+XoDntdS+vI28yeNQZSWVSB+6ABU8nlSQP1yc4rzO01K/tLtWSQRRbV2BizBAcZDDt6gnPIDckmvQLe9u9YMFhZp5lzeXMVpFIqHD3UzCKMEHqXdhgc+p54Pj1cDXU3KbVWLTSlJtyirrbV2utuxWHUasoQjFKUpRily6u7jZaWd9YtaaadT+gL/AIJXeCLHQ/hL40+KbxvDqHiS9k0iwnZNn+hW0bLcNGG4OXAywPqepUj7h8RpBqcOk6KuZWmuvtdywUE+WpLsWY4DAIoZyc/xAcZrL/Z6+Hknw9/Z8+HXgeOFLWaPQrbUtU2KE3XmoxCebOBy6s3I9SRn+Kuj8Y2UdgtzqNjdLFNb6BLaxIwORPPGYARg8ZLEgnGDwBzmvjMBmVPD51UxEPd56saaWzcE4wjs+q67O+rvov6/yzJ4YPhPA5e0uanhI1Kmi/i1IqctNm/eS+WvVH5gft8+O5vBn7LvxHeHMQ8ZeJk8LaZKp2iSCEAMUwRnG1lbBIyCB0Ar+ajS9A1bWbiz0/T7aS6ea7t7aKNVLGW4upFigjAAyxaRwCBjJwOpJr9pv+CqvxB0pdE+E3wU0m9Nxd+G7K58T+KwkmV/tXUJPMgDhcZZUbBzz/s8ivGf+CUv7Pd78fP2oPBOn3Nobvwv4Y1KDxR4gZ4t1qYLORTDFIxBUkShCoYcjGASoav6plm8MDwz/aUrQpU8GqsFdK/7tKEddW5SilbfXS6sfybjctqZnxdLLoNyvi+R8qvGEVJOST2tFXvr0Z+ufxM0+H9hn/gl74F+F9iv9mfEH43W9td63EpWK+jt9SUT3YkwRJst8qhDHC5I4GTX4S2FuYNjrICqooAkXLPIxzIcjuSSeejfNjgiv1p/4K8/Fe1+Iv7SC+A9GmWTw58KNHg0W2ggcfZhqJiAvEjQDy0MbIoBC4XnpkmvyuttMEkcSk+WGYkxk5LnccZYjPzYODk44IzXieHuFqU8vqZlily4zNq88dXlo21UmvZxbd/dULJLz0XQ9TjCvGpmFLAULfV8upQw0Ip+6nBRU21tdyunu2le2xRuoHMbNIRuDLyxwNpHHPUNkHI243E8A5J5KexbDgPl5NznDdMZIGe645OMcd677ULOYxAlDsjO2Uk5D5Hy5zxjr047YySTiSabJLBv2ruVtoUEJhMAqxwCzHbyDj8q/UaDShblfvXvdu9/dstd0otb9na1tfgMTSk52V9ldXWlmtL63Vk/TyWi5uJHBEcRDt95znaUKg4wRkDaCMAgryAegp8CGfMcqb2ZmDuucrs4A5A544AOPbPXUFiy7pLfcpPALMd2WyGyuDuBI44PYZGaSXdA0eCg3ISQijJdR1I7fXOTj1zXQpJ2smkutt9t3pbfut+1jKnRndJ6Xa843037LVbN/NbS28f72MRgAFfMAIIYt0yB2J68A/nitqfTjMhDOSkpAJzghwRnGCAwUYyDjpnPAJr28SFYSshRdxO9xhwxIyo4JwpPU9jkg1pRQyxr5e4BctIzZ3AA5Ibk8HIywJ7enNS09lJtadbdItaJ9FtpbvodfsYuFlLezs4pa2i7aJ6JO+kdOrsjn306FLlWxvCL84jyrFscNnBySMDjqTjIzVuQorhHWRRMFwwPzbugOB0y20Ed88YqxeqEUSEZU7Qxx87MHzuAweOhI9OnIyMi4nuFlffgh1QrxjYARj5hyGA9AM8HnAq76bX96NrJyfLonfR2Vr7fK2y5OX2TfLr71krdmultE0+t7JvqayXEUrIioVZGIcP90+WOBkDk9+oPP4U+4lEEYlU8cSOrAE7hwAATyMYAAyOg7isC38xQ0ZZmk8xGGMgAHk5Zuo3AAjggnuCamurhpTKJJQSuFERI529RySORyBwe4Pp005Wi5JaLSSdltZ9/LW6V76JW1itKTik1umklbR3WjfS2vmm7tW0PR/h1oFx448ceF/DVujA67rdjAyqnzNE8qCR+OTgZJ6kc+5r9L/8AgpHrEHgf4Y/C74NWc5iby4biaGNtrPBbwpEqyqOnzpkE8d+vI8U/4Js/Dl/Gvx1h165twdM8Gac+oTF1DrHNNlEG7AwwPzDOcdc9CfPf2/vHMXxF/aT8RRW960lj4XA0m0UMTGhiXdKFIJG7zN6529hkda/Es2rPiDxOy7BpueGyPCvFVYp3j7eq4KN7aJ/Da7vppZn6dl9OOT+H+LxLioVs3xKoQlpd0oct2t9G1KyV769z5Ss4GgsFWSSOIARtleBs2qADt5JxycAEEk88YvwTwyARyBSs2FMoxkKo4GccA88Y75JPQ4dyZAtvAV8qMoMgjG5RkgsSSQ2Rjr9fWooiwBfG8wE7QG+QqW+8w46E+oGM4Jzx+0wg7xUVeySV9bJJL/O+2r2eh+U1E4VLqTT92VtVZ2S1VkrPqkm3vbW5vSmyMiIrMZI2KBQMRnbjqeQcKPbHHOQRUTpCuZo2VfJDHy2ILEnBLHIJORgAZzg8DisjzMxsqSKzn58YHyknAG7OSMYA6DPU/MAHSO0rQoWjVlKjZnIP8Wc56A5GD2IB71Er3u9LJX0v/Lppr203dtNAXtpbJJ9Hd7NaLfW+js2knsmbnhh/D914m0O2125+xaNdajBHqt0QweK381DJtbI+XaCAf4fqa/pr+GF94BTwHoOh+G/FsF/4RGhW8P2LQrmGGaKHYuJLsrIpaV+Wk3fic4Ffysal5ksytHJGzxM7SR4GDtIGTjCkE8DJHB9q+lPgN4x8iLWNHudS1uyuWsydPayvJoIGlAG4OQ2Ag52dV4x0ByUq8aUpSk7xduVppO+nTRX1s+t38zSpQqVlGKaT1d7aSelvdW+nuq9vi0vY/od8a/Ef4XeFPBWt3g1/RraHRlhFnpaXEdvqN5e24PlvcMjF7gbuxJyTuBzyfx6+IXxHv/HvifVfFN6wNzf3CG3dTvjjsl+S3RiM4wmMBsEkkn0r5V8fa+ZCbC08TXesyqRJds88jzRSs3zxNKXKsYcYZiCC2PUYwNA8Xa1ZXCW6XguLPJDLOwY5CnIZuGDcnC5PQH1r0KWKTd1ezSUpaPZLW2l3snq0tbu55NXBVIy5ZP3n6uNm1ZWbbur73vptufbei6hBLHZSBla4+XcWAKE4yx2tgDnqDkenTn2DTJrB4I7iTyPOUZ3tGhRmGPlGOB3AA464HQ18X6J4je6RGQlDHKHYbwBuYYBUADPYHPPfpgV7FpWvFo4o5blVCOC0bHh35ORyCxJ4+nf1mpjac2+eXKpd9ulm7W7bXsrNHfQwj5ElF3a1/DdNNdtvwSPXdYu7a5f7OfIhE8o2MAobKsBjI5BfIIUenAyCa+1fi18RNM/Za/Ye1aSa2jutR+JGkrBAGlGIprtCFlfByqqp3EMRwP8Adz+e3h6J/E3izQdPVt76hqtpBDFnggyxiRsHoCuSR3PUenqf/BXLxxbeDvgj4D+E1vLZXV3OsEkz7gZIbeGKNjHuBIUktgqDuB9AOPzni/HRrVMNgoSbVSpzSfNpyxs3Fp6u99L7Ja9l9nw7hKeCwuPx8otTp0WoSsrc0lFK2vm7db9Vpf8Ani1W/Ouatql7zLNd3cr+WBlMyvuzGB95M4JAIxgHJPNZtzbm1t988ZLxpJkD7h4GVX7uCuRx03ZIGBmucsr+e3lcQRbDu/cnI7cHr1B4PUjGD6itOfUZZwhmYKAVAUqRGXz8xGT1PrjqRgjHPzsoypygo6RTStfRpWduiV1ZLVdOrPlK1T2tWTb1k5Scr7WaaTbb631emluqOX1CeYLEIl2LJISd5BJIPVh7DOO4A6njPOXESyXKNJKBIzncoJwfQKRgY/vY6L+OOl1FmuA4FsfKUBweDuY/eI6YHHQ4HzDGcADjrh3lkdFyjRDdszyzN0wxwQcHIGeQeCM7h7eF1gttlfvtFde/e1uXy945Zx1cY2fV21teKte6V7P520eid9EukDMQQTnZGmfm54+Rjzwcn06etU2aeQvGMRsqs7kZVmDDaVJxgksc9jzz2rPkadWgZ4wrlgQQSTkD3XPpnH5YNa6yuxjjlX58gOwX5lVjgE4PzEDnJHTcM5rvdRr4NWnbVvVaWt5aq297+ifNbvJ2621vorKOlrqyel0nbbZx2KS2sLsJYhKxJEZ+bGBuLgAkbsYzg4yMknt+y/7PniQ638K/DNy87TSwwGxndmxtCcBW3AfKEAwMj5cY2kEV+M08SRzj7OybwMICclVyCdxPVidw5yGBwBkg1+lH7Hmsi+8EatpElwDJpmoF4493QMuecAcZyCMEc8j01hFzceZbpXV7WacdPlrrZ3W3Q9DBVXSvyuSVlq72tdX5UvR8yV+9+32HqcdnJGYpIbW4YMYijxRsxJzyXCnIxjqOgPXFee6r4a8PTofO0ewMkbDzD5K5bpgbQAMjAwFx64JBA6a8ucOVAXA2tuznBHJBGRkEnpnKjnk8nGu5VlAdlADvhQvJJXGHYZ4HGSccZHvnX2VOKacdtbXadrpJx6fy7N6rvt6dPESlK/M/h1vd2S5VZPV66LR6q7WjucTFpen6X9o/s+zisvMJV1jC5ckfKQeq/wAIB/75+U5PKa2U+zkMRICxWRUA+fK42vx6BiMk9jzgV3mogZdVKq5cbmDABQBwc59Mg4OR2HPHCa5H5cIBYbcvtC4J3HIyenBY7jjg/LgAdfPrKMWuXdN6J7arXfXbe1tGt2dcKjlTmpWeia73vHpfVN+TXVtKyfzb42gihc3Fv5cckZDBVXoB82WXjJJ4GR3Hc14dqnxLbS7p7O6UKXUESKoCrkYDFT6ZAIXGTj1r3vxnEI45i67iyuTkbuT0APQ9up56g9z8NfEJW/tmMbgVeFisY6KQDjce4AHQnglh6Y3wteopxSbfWz+Sd7u3d7N377HgV8LCpJ80U9VdLrol8/K2t3oe3WHxQsGDxXE6MgG7zGXDlj8vDFu2fwP3Wzg11mkfEa2EUlrFqVxb+ZyphunaM7zwCjEqvUZ5JA+Zua+KYmlZTAhCspVt4OT1wd3JHJBwC3QfLk9dSG4YjyTM+8YchCUDHgLlh0YAkA8DHUY5r3aOPlTcVeWjXW1/hWmuj6bdl6+bVymFSy5Yyj2cVtpo+ZW+7qrXdrH3pb+Mb+3tGhOspKvMgjdgpdOpVm68kAbQMg9CDmtex8R3N0ftC3RibaQIlm3KCOgJB+X6EYIAyT1r8+7rVdQlPlR3cpZNpEYmbavUnJzk4IGRkgHIHXFbOk+K9a04ebDfzSucxuHdmRUJ6FeMsucbsZ685JNenhs7qwkk3N9E23otGrPole/bS60PExPDeErNN06cZN63jF7rd2S1dmlu/ndH6EWniK+uUdzMxIYKrRSYIPCjdnJyueW54JO0k8dLZa7ewyhnuTIAqrseUkgt3GQOucAgA4z75+C7X4pazbuYo3hmTCszEhcMmGI4JAwc446HvivXdF+MVq4t5NRhUyMijaiDkDOfmByH53HPY85AGfbw+f1oyTVWSdk7p2/ldm/ktNNtkfM5hwfhZwcJUIz5rpNxS0TWu1rv83c+zoPFUkcBhmmcPkEBTuBzggA4Ucdjxnjj00o/FEcmxJbzynGHBXcrsc7QrMPu9Mkgeg6jB+Rk+JWj6hl4ZWt23hQjuVCJnkjAOWGMjHX35I6218Q285WNbtZGk2spEwZ9vQkLhScjt1z15GK9/C8X4/Du9PEO65dOZtaWsrdfu9W9D5XFeHGTYmDp1cBTaatrTi73Ubt6a/PTRpeX2BYePtcsGjms9f1SwaNVKNaXkqIACCMeW6tnkE7c84yTzX118Iv27v2kPhibe48NfE/W5ba2cBbaXUpnjKKRjdHM7E46D2PAJFflimsiIEW0swZVUGMsCMjqWbdjZjJ47H06bEPiSPdFFJdIufmbyCVwRk7SQflycfMTntgkV9ZgPEnMouMa8aeIp6KUKkVJON4qzT5ld+aT8r3PzvOfArIsUpzwblgq+8alBcjjK8dU4csl71m7O6tprt/Tx8J/+C4vxasLCDTPiV4d0zxfYRsiz3NzDGsrxqcMrmSOQOSpJJIx/FyMivs3Rv2r/wDgm5+2DYyWPxY+HeleDNfuI4kk1eKCKym+0sAGZLiNVztZt4ypy3U8Gv49tO8QXKL5VvcnDorlWYOoxklt2eGxjqBgdemB6FoHiy4t1Ny6HeroBNC7RlSnOcDCk5yTkEso4yMkfU4Pi/IcS06+EqZdVk1etgKs8POL01cYP2Ul1tKDT7H5Nn/hBxfgVJYLHUs2owjeGHzOjDFQaSXu81ROrBtac0K0Wn5Jn9Wnjb/glB8AfibYnWf2avjFpEkk9sJYNF1O8trlGMmdqiRmDIenVCTnIGOn5WfHn/gml+0H8GH1C6174f6jqul25Z49e8OwPf2JgJOJGMILAMBkMOO/fn4y+Gf7V3xC+Hd4114a8XalbeQ8DBTeTJIkkbDAjy+FCgEDjBPB6g1+yH7Pn/Ba3xzolvY6H8WLRPGWiSJHBcJqiRGT7KF2gM8qyBmA6HGeOBnr9Vh3LGxU8DmeCzejZ3w2PUMLi1F8vuwr006UpyTunOMeZ9VofkuOwOLyqs6eZZFmvD+IpzTeMyp1Mbl1S1k5VMLVftoQdm37KpLTVLRX/C7V/AGpaNdtb31lOrJlPInieC4jfJ+VkcK2cHHzLxgiuXXRbi0mlniSRXVsrHMreX2UkA7gcjBzgED2zX9e1lZf8E5f29baS+ik0b4fePrmEhVt5oNNumu5gSsqr+7iuwGIJA2ZAGBhmx+fX7Sv/BIr4p/DOy1Dxd4AuU+I3hBmeWN9IQvqVtbHLpK9vGHMqrGBlkYZ5ySME+bi8sy7EOeHq0qmW4ud4xo4uPIqjaTSo11elWTezjK9uibZ9Fk3F2eZTOniaNWnmeCpcrniMDKVWdKF4trEYe31mi0k+ZThyx/mvqfhxoWiXGoXayx6c8ksSb5mhUeWM8lhtIA/LODx1DV6z4F8afEL4O+KLTxZ8Ptf1vwvrkEqzW17p1xNbgyIynypokIjlifGMOMHnpu+bTn0rxD8O9Yez1DSbizuIXMd3aXMMltKNjbT9oikVWB6g8HkA56itPUPEFnqiRwiG1iuFYSb1I3bCMmMDuyjPHGRjcSc5/FeLuE68IVsPXwftsNNO7cOZWajdarVWvbd7W3TX9a+GPihhMdCniMNmDoY6ly80Y1OSV1y3Uk2mrNdVfRaPc/Z/wCB/wDwVS8I/E7wrL8Hv2zfCtpqtn4htBpUvjqC3WZFSVRG0+owFWMcwHz/AGjIKkbmHNfIifs4+Crf43eJ7v4C6hoPi3wdYf8AE58M6o7pIrRSkv8AYGLr8wiQ+Vt5IbBAxxXw/ZeFRrW29t0S5hicm5VTlXAGSmwg5bbnnj8jivrL9nT49/Dj4W3L+DtaifT9MvpjJPqaIWu9HnDkEvKCzfZi3LJgquADjJA/k/i7hDE5MsVVyGnUipRk6mEim4TTd5OMd1Jb9eVfM/uHgrjPCZ48NSzzEQlKLgqeLbi2rcvLzN625t2rO+sro+sn8K6F4t0q48O+M9Kj03VpcRtpt0NlrJIqsPMtJWXCYOdgU4OQMFgK+JPjn+zL4g8L28mq+Dre6v8ASQjGeyCySXFuq7nDJgESooGcjqRxxX60ajF8P/H/AIU07UV8T6RNpkiK+l+JbeeFTDIyhlSaYOGL5xuRsHuTnpwVr4ntdPvF8FeMbiznWZdmi6/blJra6tsbUE7LlRuUruViRkjqSpP5LlGf8RZBifrdOnXWFhNLE4Sspct7rmcb3s7N6x2equrW/Zc24fyHPsH9XqVcPPEyp/7Ni6Tgql2o8vMk9b32ej3TW5+CdkL21VotRgmhLOysrqyGIpwQ/cMeTz0A64wD0/ws+Idv8O/ix4W8aSMWj8Na7Y35uEcrNBFHPH5pRtpJIXcxwM7RmvuH9qP9nW9tbbVPE3hawYQMTezCyjLw3EDfM00QjGA65JITJxzjnn8n/E8d7bSMYJTkjynR02MJAQpWQEcEEdSR3BONwH9E5Zm2VcccO4ulF05U8VhZ4bFYdyTcPaUrSUovfd2k1263P5izzIs24L4gw9WspctLEU61CtGNozhGaabknrstL31621/Rf9uT9onw78TvjTonxM8B6lBeSvoWnNf3Aj8kyyWSxtHDleTLGVIfklsMT6D9H/2x4pPjL/wTm+DPxtntUbXfCy6PG90gDSQ2c0Yj1FFP3gu8JkA8Y7ACv58/Dtra6heeHNA1GKOO6E8MjOjbQYp+zkA7vuj8AO2Fr+hbQbxPHH/BKj4peG1ZXf4bzXsHlIQziP7RG8WIwcgBVOOmQCAT1P5xwLCjwpjsFw/h51pUsJVlh6cpu79iqr1u+0W7K2lkloff8RTlneG/teolGVSlSqSjF3bqezhGV7Xau9Xe5+OOm2tw2n2k7XjbLu2jcDzNrLuUFS4yAGAIBGAW6btvTQb+0Wg2W8o+U7FERwzg5GSSCTwCT97uegzWf4T1ixutA0Y3BG02KRspQg5jBVScnqccnOT3JrUktYppYprOTycM25VdlZVz94LwvHQnjGCR1OP6gcHOEWpWi4xsrczlpF99O72dtrn54oJxu+1+7+z56LXW2xzLWd1bmYyrhXyxVjub5fmOCCMgnoc/NnnANVgl2pR1kaJZHBVQxG7oACMY4wfmOePUmu/itLolUSWO7YyFSrgEbSeAxOeCcZycnb/F3sPbhFlhvtOVxGMLLFwAOvVSScgnDDrjO0Zrmsoy67La+mzt3S+6z6bIIKKd1e62Td+ilZro7JtpdXexxLW21DM88schyXJb93uUZIBwc45DAqF4z2OMG4v5LVjI8qTQvJycBnAHUAD7nI5z26CvQLyHSZogSZrSJFyu4HyyflDbunHAyCBx7814T8StX0/w/pE93b3qPdzRtHa20RUFnb5d4XJbI4IyO/XIIJJRbWrSWqstW1on5r01b6XZlN3aUb3fVq11onZa/K7evloedeMtRn+IPiqz8NWI8uxglVbuRRgbeN7lgMAuBgBt/AGOTk/RmiwafodjY6LYwxmG2RYXWaNVLsABuyF5JPfOOCeeAPOPg/4QEPh6TWtVhlOp6rL9q3g7pBAzbgoyRjJXrnv8uOGHtradpkpZWSVHjAZQM/M56ls4I5GMZPO7kDFdEFFxtrd215rO1laNvJp+qd76o6KdJtJvlu7O6aV1aOltPtX0vt3RmXdlpTR5a2CswKNtAVQxONyHHUY7nPucjPPiyiWSSO0u1i8oMdzDa5zxtVjuJyc/L+oANdK1pp94skccstuYQSFlJCu/IyCTkg5PB9sc8nEu9FtrkFI7xvtQT51K7UJBypyGOFB5zk4HA4qal21o0tLu6u37qaUrbpaa7tbETTWujWlndJu1rpNLXzWj3dtUcZq901uzBpZyjDZIwyFGON67ThR6ZGT65yFreGrldT1i3iG6W3edYt7MXkK9WyudwU7jknGOecrza1XQru3hJNysmWKOGBZGX5vuHnIxgZbBGScnINSfDVJdF8SmeW1jktg6llc7lQMQAUJXg9/UDI5NdlB0pRi38S5W0lKTitLXvurXTum9XbsTBzU0ubS6bTu7apq6taWjatZdba7/AKxfAHw9AkFlbWNrGyCJdzSRLvQu4yxJ5IIAIyMgcemey+LHgPS7qRnmginkjnSQxyIGJCgZ8skEDlsYx13AAda539nPxRZXmt2tss1vBNcqoNuZFKuEZQCp4wQB0zyeoPb3D42zWFjBeXCSxQTQFpZWYj7u3gjlifQEnA5xzk1+hcPzgqTUYx1TTTb3aV1rd6dO+mqPCzxRilKpK6haUd3FaLVN9Fvs35WPhXx1YaHoulXkjtZ2TJbEW0exd6DB3IRnjOeBngHPXiviG91OW51vKCVIFGyMAEoQc4wDkgZYHJHHXkcjpviH4l1LWfEOqrJfXD2oaQQ43+QMsSpGTwBgk4HUY6nA848PTan/AGxA7MJraIgZZd5cA4yowMhWI5I4H45+SzqPJiqi2jKbf2W3quZtaW2VrPTZHrZRiY18LScW3HlUdeW97xXM9VZtbay11t0fosE1zAgDpN5iuSFcHYVPIO7HI5GecfmMviumYMxdIZTvdw3A4zweOgB6E84B55FdgtzJ5BjvLRBG6gq5iBZufl+YK2OgJzg456HFZV2ul3JVFhSFpWVDKoCkHAViFAyOnQEE8ls814MXBqTfk9OstElZK7bva90lfpZHqJe7vzbqzk9NVorNSvtZtK/ktDAjnSVFSKVZJzIWZQAMgNtYdeQThep6g4zg0PaJqaNGbcLucCRgRvXZkjbngcdQCM9s5AroP+ERiOTbSiUjkyLKEZVbBYAZyxGCcfMcBuM9b8VjPo6b3iD2rKfLZlMjGQ9MsD+Z6Z4wTmqk0o20V1dNXa0Su321Vnd+btdX6qS5rdWrL7uW/npLzt23scbZ+FbQzZxIBneIjhQhDH5nIONrYAxzyee9dh/ZenSxtHJB5ZCLtePhgVxwynDDvkjIPGehxAPN3i58jaDgBgxJDZ6HOCUHXpwFGOwLpL5N7SB0lZgiHbwUByG4ySOh+vXPNefOnztNvS9331SXk3rvq9tDrjJU7tKWtn5fZvuk13Wrvd7WuqH2WO3LLbS+akb7W8wZYq4wQCevQ7cY2nHGDmsrVY7naqm3MUKDB8okyEsDzhmyQO4BH1YnJ6eSb7M0QhG5nO8ExhtzEchjn7vHUnjI64FcVrd7qEwcxMiXDnblDgBccryCCx65G3oMY78tTAU225WSckkkne143vK++qukne25lVp0q1lOFto6JJLRPVvVLbZa2dzh7zVzY3CwSYESqXV2Vi43McqQd2AOeCRz0x3ovfyXkZMiB4c/IU2rIBkkYABJAOcH2yAMc1Li2nuZWe5SR1JwSSSxkVs4ORkZJxxnoOvJDYLRhvjjDrIWIKk4UDqSD1BbGdvp0UU4YejSd4xem13rsmmlbr0bet9WtTGhgKVOXNGEYJ7dLXtrqtfPWy9dE5pVimVVhLJkEux53HuGPGfbP4Hvp2d3BIyBiWKMyooQ5IAB5ByQ24EY68jjJBquY5EBjQqxwGCuBkEcEkkjsCF9cnHqFtZBNMoniCdw8IAYgH+IKSV5HLDgjA9a6b8qiopa2Wu/2eq67Xs7Pq9zu9jTslZXejdlf7Hlbru9r90zsbRxvUxBnZ0+WE5UqAcknJyAOmeACQcdz97/ALPPi21k0WXw9rLxQRBo3tLiQ5bzGZQI3II5B4+9618GaTpsk8sbW0rtJzuDyH5U/iJB6rtOewOCO5z9d/CrTYJ7/QrIj5p7i33SDAZD5mXLAnOFyffJGOmK9jCVFJxatdJJ7apqKVn010aeq3PIzGjOnTnKEpJK7XRK9l0e3Tpd22P02+H17YeGrbxd47Zo3tPC2g3sylgEja4FswUMpBHmbgNvOd2foPx4vvHupeIm8eW1pc3lofEOoalqGqSWkjCN4LhndIpHU4PDAbSeQuMdRX6d/G7V9L8Dfs6eLI4J/s58R39tpKfNtlufM2i4KkHLKR+h285JPyzof7PMPh/9lXxx8T9Rikt9X1UQ/wBlrEd5a2U4VmB+be6qD8uMBsk5UivzXxQyrKs8pUcszONOrTclVVGrFTg6kLTi1GV72aurre9u76uCMwzbC1sTj8NUqQS5qcqkJctqdrSTaabUlZb+Wux8EWGsLbQxWmmSSYhiaC3TB8/zySHdnBzyMkMckcA8YY+reAvCi+H9ROv35a81G7tpZ98zF1hZ92zGWJaQ5wqbh82M5r5vhSfR9fheKQljbo2JDnDTAZzwMk5HGOg+Via+jtK8VRjWPDemGOWRbWFb2/Vi2ZAvzKmAW+TghQeAB04xX4hS8PMG81wdLD4OiqUakJVZ+zhZRTgrXSstFpqrWR97V4mqvB16uIxE/aq0KcHJ3nJ8kUt9rb6+W71+8/hJob+IdY0BZ7EXeowXkcsFk6ljAJI1ZZ5l5bznBBUHhByPuiv0S8Qfs4W9v8NdZ1Dw9ey6H4v8QeelzdLO2yNJUdJTKFwURYmcPnAzyegr4g/Zx8a6B4a1Wz8TanbyST6teGdJApJs7dEEYDIVAyqgBRtB2gEdhXqv7WH7dfhnwP8ACjxZo/huGR9bu7O6s7PUvMaMi5vo2gQpwQZI/M3YUjaQCMAEj7XMMDmtHG06eFouOCw9OEIzV1FK0btSStG6+G1ldvW52ZViMPDJfrNacViqylObbSkm7OKS9NGrvW76M/Cj4s+IL+x+JPiL4a+HNYupPC/ge+nfVbiKQumteI0kPnziTkOsLhljXkdORivH9JGqavrqSvDcapql1fR2OnWaK09zqGp3ziC1t44wCzu0sirxwh64XcasaK5ttLvb/VJDPqWrXk2qXU8jb5bi5uZDK7SuTuKEtkhiFUD6g/rx/wAEof2avDHiDX/Fn7ZXxpjgsPg18DYr3VNHOpqI7HXfElnE8xuIxMPLmitWUJGctmfaFILcfS8B8Ly4l4gliK9JrAYCMauKnGKvNKUFChB6JzqzcacUrtt8zstV+N+JXG1Dgzh2tio1ovH4yU6WCpS/5+VE7TaV2oUo3qT0u7W3en1tpreE/wDgkT+xBqnxM8YfYpv2ovjdpOdLspjG2o6Ut9ag2llEv+sgg0+GTfcHC5ukHUgE/wAe/wAUviV4p+LnjfW/F/ifVLjVtX1jU7vUtRvLmaSVp7u7keWTDEsdkZIRF3FQMjbivt7/AIKVfts+J/2y/j34r8ZT3NwvgvSbq40XwNoxkcWdhosMzxw3YhDCNZ7mNUkYcNz97NfnLYiFQywgszMu5Og3Y3E55+QHI9ePxr9Z47zynhaVPI8C4Qp0IR+sqi7Q54qMYUI2telh4+4l9qanUd3Jn454PcG4vHVsVxnn6qVsxzKc54Z4hOU6WHlK948y92pVfvTt8K5aa0ik8rUrkCa2t0TPlqw3kkZYLk4zngHGTyRnACjAFTS5WFwzGXaXkxg4dtynkZ7DIOB06g9KbqxAnebysupcYyAqfMOQRnoB93PzA5LYAJo6GxlupW3BZA/CEDY2Ryd2OMcA55yQBjGF/JpzlNc13tZ3v1sr2sv8rW2d2f09haSox5FZJK11orab6Pr0XZeh9E+GEldULnqoZMvwrAdz3PGOmMHgYzj6W8GQTN5DEoCHX5D93f1DNycZxg56jg85A+cfCcU0cNtIu3LAFyzBii9PlBPOeuBjkZwed30z4QBKoy4GZFb5QAJSpXJzngAcAbsAY7EVhQTUnblTeqva60ja6WjV732SSSWi02lbni2/eV7JbPWN1ba+7SWxxH7Wgz8BvEULMPMS4jDKoOGJDbgM5G1SBlQeuMDAGfwttrmSzljCzogMgZVABAwcfMCeRnvyCeh6Gv3K/bEkC/AvX40Kq6bJnCgEBZANuSOByCe/UHI5x+CUV6Xwrkl48uuSAoB5IyOuBnI6Dg5GAV7/AGEqsLW0bta6WqSsrW3tay1emivt8/nF3Xha+kNr6dOnR9b6PbrqvpPwrc+HNdtbzSr2MC7ng2qJCqxvct0YEnI3HHynr1OeQeB8VfCbxBp7TalaRLdWCp5irbHznjGdxQgHOR6g42gcVw2n37iaOeKY+chDyiNjEVPAG3B5Kg4xzn+HOM16voPjPU7J57eO7ku0uVVJVkkBVQe+CCcgH6DtyMHxamGxmAqyrYaSlCTvOjUu0rcuqb1XZ6uz9GeM72s93qnptpq297c1m20vJ2PBZtPuopyJyYSVYojA5G3724DJznK88YOO2K0LbS7nKTOhWGRT87AndtzjAJ49SRjgeh4+grWx0XxBOLfUdOAvP3n76JQR8+MM2MDC9SxPJ6HnA7nTvhVYXqQWdjLdSs832cQLEzNvK8HIByBuG1eBjsMHOeK4pw2Cgnjb4ay1nNpQStHabskknra11e9zShRq4ioqdGLqSk4pRju+Zxsrd7vvsrnywLF2SItGxjaQKUKHLgHAKnjPAJA4JIznk1XudMQPMRC6BQHwykZIzg+uAeSM5wOe2P6HP2Bv+CI/xE/bEudVbW/FMPw10yz099Q0K81SETyauQSY1iti6sIyQA8hOAvzcgMa+Yv+Chn/AAS5+MP7CvjPTtD8bSW2q6Rq0E1zo3iPT0Z9L1KGIttVnX/U3AUAtES20deOnyuXeL3BuY5ssowmb0quJeIeDhOKf1epi4xUp4aFezozrRT5pQjK+kn8Vz76t4b8SYbLlj62DUP9kp42WGlOCxccJOyjXlQupuk3q5W0Vm9D8ZZId0zbY2RkXfIV4G1cHCA+o4IwcYPByFOddRoZWdATnDsSAcY7YIPI4PHGDnINdDq6Pa3VzEFAdXYMynBAVyrfLxt9ABg4weM1yzyMJ3CgDIQndzlcE5P4cg8Dpkda/Vqc41IRmmpJpNXe1/8AgWt3dz8+nFwlKL3i7NaKzultpZ3/AAe1yK6jJEb7lkyxY5wAp4JAAOM9AOMA9Mnms9iwdtu4KCCVbHJUj5cYPII47kH3xWhPLHgqFL8gh8AYJyem7oD0AOc4xWdIWVVjz1JbJUjGchTnnqBkk5yOhPStotau+q1777LRrdet1ftdzp/V/L0317/LcieQsWJJOScZAxggeuex7dT+FREMOTnnj/6x/wD10YIznOPbkZ9/cgH3pOfl4PIwPRuT9OM8fUUXv8rW69rr9ey1VtRCjPB/LnGO3c/zznHcA09XAyQCHycc8EfjyG5PP5YNRgE/l34Bx+mf/r5p4XK8nuSF7Ht1B4PHftgjvR1vtbW72Wmr/r8w/rp+uhraTdCK5QANuzkDPAYsARwQeQc+2AOccdZeMm4yTEibKK2Tj0HGM8kLkjAx9c158jlW3AknGMgAFRnrk9COvHHON2M1ri7mm2LI+AqjqT8wHA5JzuxjkckH14rCdNSkpK+mrVt9kl2jo9kiZRi7OSu9raa6rRN28+/oj0WzvWa3MJlAQqcAZwcDoORjpyDkHnPB3VNEwtwlxaiQuynzVHtnIPoCeAcAg4A4JrirC9aFC4AJbK7TnLZyMgEEL1BJJ5x0xkVpW2pSG4VUJjDLtIOWBOW+Ug4HQ8f7RPHTPLKjyydl2utHe1mk9Htbdd+70hRV38Vk76O6unG+rSslopWtvtZ3PRdI1ue3ieWNpopVcMFDNtZcEhSR0XhsAgDOM88V6roPxMe2uI7XVIc20mB8oLHDYGCT8pB4yCM9QfSvCdPvzbTNJeBl2jycqCW5GBlepwM+pBOD0wN1dQTbFsVZYlkcbiAJFJ6BT1Ix64Hbtzxulyy5oxcXze64rZpRs3Zq+29/s72M4zUV0Ula+lk03HdPtqm0t7PZn0hdadb60ovtFtFeVcCeKFgdy7SclV57kkHnJ6ZrlZI7q2WRJLeSEpIeqszqWOCM9AO2cY5Ug53Vx+h+Mrrwvc+fZrM8bRqWRmwCSRuUjBBLKMLxnoeeRX2L4T0Pwt8cNN07/hFludM8Qi2dL+KdfMhM8fJbIxhT1GQWB6AHFerg8bL3KdVOTk4qMlundJXWt1tazv1sz0cNShiotQkoVIK6UtOfWOquntZPS2l7Xeq+dIriONWD7vlw67lPdckSnPQkEgg8DjAy2bDlZANissihSq8KpXJ4zxk5PoOnrgHr/GHw08UeD717bV9PupYFaSMXkcLm3lwSQxkC47fNnGMYPUZ4V/NWIFlA8uTBBGWI5ABY88nv09T1z70Y2koyVmuW6as3fla6a9Ndrb9zGolFOMk+mtl/d62vpvp873JEVCjCQH5mJ45bIJ4LHnocgnnGAc4xTQg835QquEyoJIJwBncexO3BA59MYqDezIygBCGJAPG5FOcs3OBn+LkgHoOcoWwQ7MCSBhh1YDqDgc5HXdnA6Y+8NlBPdNW6pu3Tsru3nfXu2zkm4rVvT3e/lbr38tlbVXI5C8W/LMckE9SdxypAJ4xjOBjggc9quWOtXWmSqUZyCCwLHgYBAbacclThwByC33SKQ/v1cjhwBgHpt5J/3vQNkFeh5xWbMsiAuZFki8wZLA59lwDwARjP8XQckAtS5fVKKbV3zJ+era1bs/N2tqQ0nFaJRer2aeitfS7fS6e3yt63o/i+2dkjuzsfaW3KDsKkZIySOckbQehwMEcV6tpOtmWFZUYFQQowQQ6DAyQScnGOeo/iwMV8iF5P7+xgSqoCwHzEnJPAwR/DkHqRkYx1mieIbuwAiNwx5DRxOxK4BUZznbnjOGyOAAQeD0U8RG6i73Wz2Tbato072f4apO9jCVFOzW7dr+elrPf79tu59j2esfKGiJdVABBxtDMV+VcE/MOdwH8WPqPQtN1G0vrYWV/ALmykws0U+JD8yAELu7YIIwewOePm+U9A8XmTMTMI55dn7snKnIySTnbuwOhPJ/M+t6ZqwLxMZWVWUMxGQoPAwAWOFB4wemCckE13wqz0cJXStqrq1rX17XWtt7Ptpg8PGScbNt91fpC2+um/d22KvxJ+ATzwT694ORZoFzPNpindLHklm8tVye/3SMexB4+NdStbzT7meC6tZbWe3lYSRzIysrLhTkMAcewzg4xnBr9KvDvimXTpNxlAjlbnedwaMDjcjdz1ycAgnsah+I3wh8KfFiwe+0hoNK8TmH5THhY7ptuQGAGMsRtPGMdfQUq/K3dvW15XWl1FvXa791q2jtbQyeHnCK9nukvdvd6Wvb5JNu2+mq3/AC8vNRUQOjRKyDG5w2MqSSQn3ST+AAyAPbmI9Ve2l86GSSFgpZCjMMgDIDNwwJBwfdscnNei/EDwF4h8C30unaxZzx+XIyF/LPkyrnG+NzweDkNuAycg14lczokrRFQigMFc/MMMScEZwOec9ATgglc1OIxCtF/Eld38na17q3676o3wkW5WknGXuuz0/l1872vsm27O7dn9L+CPiq8DJZ6nKxSRAiOSSyqOmHzgj/aJ5B69SPqTw143tZ4YZEuA6oCUnicJNDg5GCPmJBwST3POOBX5Yi8mh3lZWBXdtIbgrkEBSMYB655BPT27zwd8QdR0O7UyzPLbZWOSBpCVxlRuyckADIwCMD0+9Xz+Jgqk26a5Wtd7b8rdv5XbZaXt5nt0nKCj8tbtNu6Wy6LzWivqj91vhZ+0XrvhV7a11W7mv9H+RIL9X33FkhIAEwyTJGMAsCMgZznaBX3/AOH/AIleCfiPYQ2d49lcy3MQIYNGGmJCgSQOfmV153J/exk4wB/PV4N8f/bQnkS7EdUYRFgysP4kKnAJC54JHGQevH0h4Q8a3WmXUM9tLcW8asrN5ErK1u/y/vYcHAXPLLwOwAGCMsDnWNy2suXE1EqclyrmklvFaO6UdVpbzv3O54ajiUozpxbaaulez019Our83fc/aOwtPFvgmd73whfz3+kq2ZtEuG8wrGuTtXIORgtjYenB3Dp6PY+JPBHxNs20jxfpcNhqYj8uaO+iWM+ew2/uZXAIyQVwMnOOMjB+Evhf+0lc2T2tnr84urORUEOqxkMyA4AFwu0kFejhweOB1zX2xpX/AAinxDsYLtZLVJLiMNBqFmyoyyFeGl8s7lckhgCMDIAwQK/Ycg8QIVo06eM9+9o+0VlOL91ekvLbW1+6+Yx/D7gpVaC5km3yq6Ukraq+jfprtY5jVfgx4h8Gzvq3w41eQWczhZdKmcyQtEDlkVQ21gRkDHboa+2fC37QnjhPhHpPg/4e+Mv+FefEHw9JL9tstTtybHVo9vKxTSMMO5BAUEjccZJ4r5hto/HHgNt8Mx1/Qt6BkY+ZKka8/ITyrbeQTuPHJ3cntor7wv46iby7ZbDXhCrDJEV3FIMjj7nmsCNxBycYI6qD9tP+zs1hSk5QrRUoyhJWk+Zq1pwd7pxdnro9bq54kFUw0mnGUJRkk01LW7i3qorrZJtNqzXNZ6fM/wAYfiD4w8e3N5p3x1+GGgeLJI1mt4vEdpp0UF0XJIM6XcUeWaQYOWzzwx4FeGaZ8C/g7rWnG68K3MukascxzaPqKiSIOwOI1YkEISQMgnGOOcgfctxL4k8JTCHVrG28U6Jc7RJ5iJK8cQzksTuKtg4IIwMdSOar3HgHwN4kP9peGorfTdQkUPd2Kv5bLJk4VEBGx1OR0xhsEDLVyYzBYBKlSqUIVKStaUEnFfDv1S3XdS0bSPToVask5ym+ZKyTTs37tr8zlbXyT6rufFFh8Bby2uobKz07UNKvbaVXh1fTVk8iQMciRnQgYGd3GPTnBA9Aa/8AFng/T7nwp8QtBi8eeErj93Iup2aXW2Bsh9kjxsysFJznByM5wOfvH4dPceEZ47K8gg1CHK28sF2FkkSPdnMbOMvkHgjg4zgA175eeGvh7rMBvLnTbZTqEZjlgmiRoSzggIwI/dsDk7gRjHAznPyec8O5Ji1L2UvY1UrxnGNtbJ7rXR/J7tNnq4TMcZQcFKKqQ0vF3ei5bPRK+r+e2p+AXxc/4J9/Dj4tWEvi/wDZ71S10DX5oHudQ8FX0qhDMAZGS1LgGNtxZURQRyADnbX5E/EP4T+Mvhzrl14d8Z6Fe6JqFkzxFLu1aFLkREgPBMwCSKwG5SGYklcjPI/rn8c/suK10fEHw11QeHdUibMVvBKVic5JUEpgFT09+cj0+Y/iX4U8J+P7I/Dr9pLwcseoRFrfTvGkEKR3MMh4WY3SqpIB2syu5BwcA9T+a4vCYzLZSjUn7Wkpe7OLu1Hmjq1rfTZ7rzVj6XCYujiVdJxns07L+W8tNHfZb2aP5Y300BhKNwJYBi642qMrlfoe2ec9cGpvscjJ1BRVYxuMZYDgnGCQMZCnHTtzX6RftH/8E/fiN8KxdeKvAm3x98O53e5sb7Sk+0X1pB8zgXVvFucBFBVpO+M18DNbPA5tZYikqlt6SxtHLDIp5SRHAdGUjBDKCARt68YLEczVpXvZtJvTa673VlZb9ux304xb1fKul0/K2t1qrq99VfXVnJfZsbgPnGzY3HKZPPOMqT16Z556ioHtAqbAx3bt25lywU855PHJORnr2Ixjp5NNk3ylcAMu4HPLMBgdRyF+Yg9OwyaxZ7Rly8jlZFwDk5GOvyjOOuBzggnOCTktVkpK8pWbSSbvreFn1W61263136YUpJptWWlraptctmm0rLT53tdmJM7RztCIyBsDMQeMdzggklupwCc5wB1F+HWSth9jaKFkYbVkKkSxZIBLN6gjrgZxnpyc/UVddrP8xY4DAEEIccsRgH5c/oMnFc/cSfZw0WCPm4YDJBYZD56MuMkcHjkdM1TSqPS1ldq+mqtq9LuzvppvvpcipVVOTjJWi1a+lr+63722+u3nfY2kvFSeQAB2CqA2TkA8HqQORn1zgDgHiVJbaaRY41cSBd6nI3jOMqGIA4PzD8eTgAckJ9sjMsjEMMbw3OckEE9c55OcAHt0w1riaMhVdiQQFm7kk5IZj0AxzjdyMc5FLkk5K9nda3s7Wcbvf/FH7SukujkcM6kJax2unbXV6W0Xm7P7tkz6E+Hnx7+I/wAL7+D+xtbuLrTYmHm6XdSvLbyxNjdG0T5UZA2lTz1xzkV9reEvG37M37SqPpfxR0+08EeMZ9i2+rQhLaB5W+UFpVUAKXwTkAMOOSTX5Tfabg7RIxMZILMCWJIYEkjGNoxzg5PGeQcXFn+cMCSylW85CY2VlUKF3AggHGMkg88k4IrK0oOVpWu+iej0XxW0T1vF9Ot2mFCceZKp78br3Xp7vu3St0etrrtY/Qf4sfsM/ETwFbzeIvhzqEXjjwzKDc2s2it511DASXUsIXbdtUJluhILFc5x4roPxn8bfDqN9F8Q6fLcRkLbXtjrNsUZY1IDCPz1BPHHGPmJ61o/Br9rH4rfB+5tv7M1ybV9Ij2xz6DqsxubVov40VZdwTIPcck4PIOPuKf4x/sq/tT6Yul/FDQ7P4feMLhNi6zEiQxNPtAX99GqBULndjaQVPBJ5rTD5ljsFUi/elGVrSgtleN7x106Xi1Z93t6scJhqi58LU9hUSu4ybcW7R0STur7Xv031Pm/QvH/AMF/GtndCeODwnqr+WUaM+SsE/Rm252SwvksyjIBYnG3FfMPj/whrXhqTXr7RLiTXNMk1FLmw1nTmYpC7nKtiMk7eTnAGCT1HB1vjr8A5/hlqRl8P+INP8QeGdQkdNOvNNnSa4WNSWj3qjcArjdu5PTqMDxbw14+8Q+E/Ks5Z7x9JlmxLZ3JMkMhRuco4wOmGGQeewzn7DC8T4j2MaVT2jpzXxKUlyt2SSu/c1ltrtpqVLOa1KmqFZfwpJKopXau0tJbpLmV7tWsnvdnuHwS/tC51rVp9W1K7fU5LYec/mf62LAMaljglxwSGAyOcdq+mbR76ylRFvfkAEsYU5JOcnO4dcfeGOCDkc18t+GPG3hzV9Ya4t0j0bWHkDlVbZZSonQFgACZCckf3gOozX0Z4Z1BtQhEsywyFZHjlMLBsEk7CigsFzgZ/wAOB91w3m9GpBUue85SlJSc227tc13dt83fy0ex83n+PqVowqRnNxS0u5OSejd7N36Pm1277ej22v31q7ecRMowx+bccsF5Ax0GMkerAD0HaWWqpcISwKsTuyG47AY4GCOw4AOfl5IPAx2KO0e3G3bkEvzuDZx3IIJ4IyBV63tJoXVUIAwwaMMwBA53EjI68Y4LHHqM/cKq2lbWMnFt3ul8L31sr9W9b79vm6Wb1Iu0pya05k9VbTftd+butdkeipKjqZJA6txypH3c7ee+7GMnrgZx1NX1kUshWQogUZfn58+pzweozznj1rnLXe+yNy8W5QGJUZ29FHOAPXdnbt5OMkVZKvGrqzEhSpX5jh1z3yDgkfdO08+wNU6qW+yV9rJL3eltNW9FtbV2Z1LNJzimtPn8KfLsrK+iffTrdadGryZCPjsYgzAhhk9ewP1HQDB6E8h4pu5rbSNSlUnFtHLKVUnccKTtUHnjHIOSSMHnFayX7LGN4+VVAA2kOB7HjJTk4A6flTLlbW9s5o5VLRzLhpHUHcjAZBUeoyPcnjIya8fNJuthatOM1Cc6c43vorpWs1Z3u7vXtZoUsU6yum9rfE49rNaNXk3bZJto/OXw34u1LWvHF3aXNzMtm95L5jLKwcRqxwFJIA44ZeCScA5ANe0eMfipDpssejW8TG0trdFa8ZisjOMbckcFs8Mc+vBGRXVP+zTr/iPxO0Pw90e81XWNSEtzZWGm27zMZCS7MzRDKjBxgkcjjBIz8j/F+DxZ4H8Wy+GfFuiXFlq1gHtb7T7u2eCeKVcY3qwOdvBBz0HAwQa/lHiClXwGIr0Y41QxLk3OnGsvackpO0nTT5kpNN3tZ2evQ9XCYTHqgsS8LW+rSfL7d0pSp3Ti3Fy5bNJ66avTbY63xl458Qapp5EGpNA8MSyWyQud0gznYGGCSV+XBxnjGTWz8HPjDrFnJFpPiiR2iNzsguJTvMQPAHPBYkgngY3EkhQCPnS8utXgFvdxBlt1jVvLUCQjeARxuOdo4PXkcg81t/Cy1u/EHxC07Sr63lS2u7xGYop27t/D7iQF5xwSOpUivFySrmVDGUZQxFT2sqsF70pNtXhdO9/d6dHbWys2ZYmF7+6o2VlFLR/C76X1drczs2r+Z+pUF1DJHFdR5mhkVH3D5QRICVZc5z8u0nO4A9Nx62UliRmdV3qpz83HJ/iwB8vPUZHH5VZn8Oy6TYwwoQUgijEYwSxREAB3dznI2n35waxBFNEXZiVEg8wJg8jAz16MMZwOAMeua/o7BYj2lGCqyUqnJH2ii762jzLR3ut36u2qPDqQnSTvFptJarRrR7vtprqr2T6W6CKZDsClzgMzJyVwFxgcEZABwTjHqflq4hTdG4YhG524UgEAcY3Db3BBOM++a5ncV8kgvtIYtgng8HOO3QZznoADxk6EU8jQvtOVUYRc46AcqOSOeOMk9zg12x99vk5m1o0ld20vfXZq13rtZakU8TyNXauop6crSXu2srb7u+l7p2OgGWYFiqqwYxc+h7jjO4fMPTgZzgFVTMjqrJsdlD5IJQgZJXHI67efQ5xyKwVvuETlQCQemQR8pAJHzY7EjnaMdKmW8jJDbghQjtw3UnnjGfocY4P3auVNtap72dns9NGm9Ol9GrtbXNI4lStd2f8Aidvs2W7t6a+TVi7eW0TRlWVg4zs5zuJOQSASWXGB1454zisQGSAsuCAGJ2kZZcAnIIxwe+CfxJrXYGQCRJS+TmRScbAe2N2c+vueM1Dc2/mRbhIEmCgKDwxBIwWIPIYFeGA7Z9+eUFeXZq9nvf3Xe91e97bPRdWEp3kpJ2ei8907b7Xvrs1ZrzqpeCQlpUXyTgshJyrEZJPXA7g+nGSeutakAFAQUuhthc9VJ7Z7DjbnOF4yORjCiV3zbyDEgAUEDkn5twJx8w5I69DnnnGhbXEUOyCYbUR8BccoSc7kYjJAyMtjCk898eRjKDd5KNpba7vVaW2XfV7Pm62Pcy/Fc1oSlrouz6XTva1k3181sdB9i8yJVaQLJCxBX5cycY46kg9Oe/Hoalsy+mywusnlRpKVlTHPIByBgDb0I9OcfNVFg8MkRdy8M20xyZOI8ZwMce2eScYzxydJwJmCsAMgNE+4AMSpXDYzwwyABg5PavDrU3LTV7K1/wCZqKetrPRa7X9T6GjLkSl0b95PeSfKl53+Fq3X7zrIcTBZ1JMSNvXy8EOPvMHGG2nkjBJB4GF5NMlMVwG2q0SSbsMQcbgCDkZBUcBeo9uOKxdOuJLRTEzoscgCsD8wBJ6qR/CcAjBUAe3W9dAsfLaTCFWMboeGOAVJxu55IyQSMkEenkyhKnPWGjk23ra7s+vfXS3m7Hc5txvH5/Nq/W9rXvdW15TMvFWUMjx7dpVIZgTnerZBJxnB4UEEdMEjrSvFdxo029nkSMLJGBkMMAKUPGQwxk84O4nPdHM9tFGsrKyjO0EF23j7oHPIPUYJ6DqS2YZb14EjdmKF2xIrbWUrgHAUj5sKTx6HsDkEoRbTemkX2V0ld2W93+XSyHCTXdWs7N21STbT2dunknst84iO6jiM0bLJuLRtH/G2DhXUjIx0bJGeBgE0i3CEyxRBlZAxkKtgjjqingnpwMcnrkNivdXEyE3EDjyXZi+zqqkkbivO0k846HPIJJxHAkd3cNuYwKqqwdSA0uM5Vh1VmB+YdDxjOacbRTS7uy08m311fTdXWzE3eUVZarre9m49Hs2nfyWl72toI0dzEkbsxePLwzKoG9lONr5APTjHOc8elQtA0kxWNcSoA8qY2kkchlOeSy9QAc54qUwLG26ORjAXAXZlWRhgtuA5Kg9+5A+8ck7IjWYJslVriEkCVUADoQCuTkgvg55JHDcDOK55zlLS/mrPZ3jfW+qSuret7XsaQjLaNtWmn/Ltd6N/LRr1Zjxn7ShSRGhZdzo6l9jSLlcvkY3c5ZTnPBJXNRy2c08cbQt88jqsrRnaoUYGTzgZU8HoexIHGzcwtIGjHlySR/vfkwnPGdxx8+cDj5e2elU0m85siN0ATlF+6XXGRjPBGBgc7v73asXflSbasklo1t3Sb321fV3Te7s00pJWsrOzu1o1pdp9Um721btojLvNKgBfzJFFwsYCqy7mcfw5YkZbI59umP4eZWOVbhwImDxxjcrHapGCMqpIHI5Oemee+Ozkga5xIr7plYb0DbMRpgqMHAznGWHTgHlhUzWttNKqSrvnIJDEjcQQAoZwSuVzhQevQ4PFaQrSpxaS0Xrype7ZdFbTe7dn5HLPDe1airR1avp3Wjasmlrd6dWjzp7JrO4SWDzHV/3k8b5JUMQWK44OSTgj055qte6dYaiVvI4vs15AxaOUkRtlekeRgg5HyvzxjnFddqWnXtu5WJPNnhJcArvAizu/hJDbVxkYA5yM7eOUuLad5ftXlOVI2Swj5E3ZPBHHQjOcnJ780o4iLa5X7yenLt9lPzs22/uv3XlYvArlkmtNE0125b2frfbzu1c3vD1xpt5eQad4mdUlnxHY6nEAHhmJxGsxAGApIPmNkY755X7g+BniHTJG1T4AfFfUbOTwj49tpNO0q8uystlHPcJi3eN2LJBIshRkkVvlIGAARn4Ba0kMscu1dqrtXJVXDHJGCT8rLgbW7kjry1Wp9avhaWlpdXU0jWVwJ7HUkdkubCdGDJmQDKgtjJQjIxjjp8pxlwrT4py6rQbVPExUK2Frr+JQxNPlnSrUpNpxlGau7PVJprotMgzmfD2MVS3PQnenWov4alGaSlBq9rODtZqybT7Hk/7QnwQ8VfAP4p634C1u1eOwgupp/DesIpNtrOiyyFraWKU/I5WJlDlWO0du9eTppdvHsuGAVnOBjaUUZycrjqByM44PJBr9Kvi98XfDP7Q/7OreEfHFslp8YvhOkd54O8SovmSeJ9KVQJtPmmGHLsgHLFuVIAZia/MOxv5ZYyLjCuBtkikUqysAQd2c/wAQOMe4HpWPB9bOauXLBZ9QlQzHATeGq1LNU8SqajyYik+VXVWKvZLSV1fRBnkMvji5V8tqxq4TFJVowTs6MpcrnTmlZqULNJ31T36rckSPyBjLo4AZsHdvHUjuoGOcDkjGeMG/pXijVNBnSGBmuLfhzDPnkEZ+QnPze2emQcg1kRrIYCwXBVuEO7BQ/gDzjttwRUYl81lVi2ADmRQowwztXpwxzn3I7sDX18qfLBqySsm277e6uW973vd/Dvqtd/nqlGnVi4yjGUXaye3S278tbXt87n0FonjnSdXVYZ5BBdDgwv8AKQRxgNk5OeAefUnvXTQ3yxy7uDGAeGbKkMWxtGe+dzAHaDtyCBivlWOMwyNvysilfLZSM/MeMkH73PBHzc5GMGu30bXr61B3yfa1DKPJdtzKOxDHk8gZDd+vWuL2Wr5Ltu17b392+u91d3uldJ2tsvncbkVOTcqL5WtXFKz0ta7u3r0/HsfS+n3ETOFRiMgkK54OSd2BwMDnHI5+9zWwWjLLHtwScFS3JXHGQRgAkZwOAeeDnHimk+J7aaVE87yZS2BBKxyDxggkHGSB0wMjngA16tpWpRXSqJG2yg/KTgkhVAGxgScFm5AHHB+YEVlOM4NO2ml279bbvt2V/vPnJ4WrQqJTjJJNctk0nqtVL+umjs2cD8T9KltvDeuajpbyWl5BZymJl3AK+1jnIXC7icD34zwQPiT4Ynxza+J9Pvb3UZ5bO8ncXEEl0WEyFgDhC3yMOuMEkYIHBr9CvHEFxceD/EkHLSTWU7xrtyHAVsYBBw2T6dDwa/Mjw3qmp2Xi7SE8/wD0aPVFt2idipQtKAxKFucE/LxjIK8HmvLxmKhHEUafMovmjpda6xvpa701em90kkj9K4coyqZdWqS56ns7py1fL7sbLTdW89dO2n6DremNxJFvSM4Gwk4y2Ae/I4Xkg5IOM4xWjFdTNg5ZmXJVS2V2EA/XGOOnKnOSBzDtijSMFVaBokKtjOHZc4wdpbrkAZ3c4xk4WKzd2HlTho1Y8KVXaTjb8pzgbTkj1ByQea+hjBSipNp6Jtb2skk+u7u9nbs0rnnuopSbUkuVu6vsly3vtZXV72dnfQuLdowYSZCk4OBk+4B+vTjPQdBTorhvNVQMg9AQfmUZPOMgMB15yQRwCaki06VpEjO1vlOGXHIxwSe7YPBzjufWti3sIwMK235sAuOcjAPfd1B9jxgdKuMKey6dba9NlZJ+b/pc83Z3e3e99NNV3Wt7aWv6EEbsCDErLtwSxUkqRjOxgCdq5yVyMdMniuu0u4ZhuY4ZdpYgEq3IHPIBHPJPA6jOaxYoDDJuc85yV2g7hgjgcc9M9O/GTx0du9lJGm4MgwNpHGCOTyvQkg+nORwQcZVKUW29k1qrJWV0r9NPz1bv15qlVNOy62V0k3dJ6XV187O/uvol2ujXVrJMsbI2QxCYxtORkg/dwMcA884HQ1+6/wDwRvbzvjwY0k+WVbaFoS3OFYSZXPIwFBAJGQBxkgV+CNlHudDC5UjIIZlXkZ5OTkrgAjA98jg1+13/AARt8QRaX+0Npcd1OiSyXMSAngOuxgTliNxBYtnuCCc9R/HH0t8NCj4XZziZxkqFPF5TVqyTso0YZlhpVW3dWioKTk3pa+6ue/wtVcsaoxm4ykpqL0V3yaLRrdrs7X2P7kopYxAkahWBQA8dMAYOe/JB9/u/KQcfht/wWNt4NP8ADfh7WIIhLexafdCGJ8ssiGXDIyfxAqxUg5GPoAP2ttb2KeJXR1ZCoKspByAOCMc4AYAgHPQ4HOfw0/4LE+IY2bwL4fUtJc3llKixLhmbzbiJDiPrkl8ADG7J6Hmvwf6QWc5PnfhVwg8ulSqV6eecPPCypTTnGKjas4tNXXs+ZytZJXb+HT7XhaFWhnkZNu95xT2V3y6efvO9ultT81f2Yfi94D+F37VXhOXxGuleE9L8Q/CPThPcQRJBJPrAgDwxqVUH5yrb1x/eGMkNX6H/ABVPhfXdM8EftNLaaXe3MPxf0DTIfEkMSjUk0uGeS3aNpV+ZkClck9B+IH88f7T+kXHh74zeFtduXuNN/sHwZootztKDzY7YKdwJUDO7PXuvGTiv1o8GfEf+1P2BNDjmeDWrnQvGNl4gms7VmkmNhHfRGae6SIM0UgjbkspzyQfT8GzHh/McBnHAfHeW4zEe0rzy3K8TSTlyzcZ1PZTnJXcoJWUlN2V3qrWP3nD4qFecKEk41F+7rSaSj9VqR5K1ldct04tN3VtLLRn9LY8TaF4t8Myf2XdrqVtcabbo5tmLPGlxax7w2MAEbmHBOCOABmv4YP2iNMsvDv7Uf7SWk6VCTZQeN7i4KsMSx+Y5ZgQACWzknA5+gAr9Z/iV/wAFbb/9m+4l8O6L8ObWLw7ceHbDU9Pu727CTTG4s1WKVVIJ8tZRvALHcFYMMZr+fXR/jfrXxp+Lnxh+J3iQW0t14u8Rf2hMluAsP792KBUyBhVI3dOATnGa/s50eI+JMNhs5zXBww9OGA9k4xknGTdSm4OPvSk01HmfXWz21+f4dwkOGcdi8NDEQrU8TUjKkovmqNLf2kdFF6rRNXsmk+nq2n6iIWIV5ZVmC7iFwyn7wXJztGffPX8ets9alt0U7nLy8BJCWXaBtA+9gkfL8wHA6DiuFubWO733Ojy/Y7lMM1uyhllfBwUJJK/UdAc89K5saxqa3D2l0JIGUqPuFME5DNncflOMgYwfYYrheT02ox5Fp/du1sktLPV7J/e7M+ylmnK78zuuq67aLe342v56e+R6tGsSi8l8lpMbVZj5bA4+Uc9eQPXLAHrWupuJkaaCSMqwASRZArkdP3nopweRwSOvr88JqJUE3c8gHJhy5Ys+c4IBGQemAMnaMljk1rad4mCSSLFcTg5UvEzMFYA4PA3YXHpxn+IDLV6eByjkaago220sne33N3fZ+eh5WJzJVJO0rNu2m70V7631votF2uj0vWoIWjW6a5ZLhA4k8x/lfGQNpBGTnruC54z/AHR87/Efwvcajp7XthOEvbYPJbS8NITnPlEgZx6HBB4IGa9K1LUZJ413ykRSjMQyoRXIJw7E9Oc8gEEjAyM1yNzqiW32hZJAmUCGNxuRiRjI7Y78ZIHpjA+5yOi8PVg0mnFxbtu3dPqtXyvXW2rtc+SzOoq8Jwk7xaba8tNWne97rR672uz5f0zxe9uWstfjMd1E32aRmiIyhOMt3HUkkNwNoJ4LVJf2lheI09vAJo4iZQyclo8Hgtk7uCSFIP1yOd3xvpEeqXD3cH2eCeH94wVclwVOGP8AeJwAVAOOCDgYHid3fapodzi1uZQsoHmwHJhK8ZMIIyCCSQFJ7YJIxX7Vk+Ji4pt8riluvKO6aW70s+rvba/5PmuG9nUvGO0r7bbba6u+qu/PZaw6/wCHbXUbwX2mvNpWq24EkOpWTm3u43TkK4XAIB25BU+hrtvg18Y/hl8G9U8S61+0Tot34mivtPNtoviqzgE8thMcKj3kexjmMkN5qlSjKWC5FcLcXl3Owus7tzhy8ZCMwAyyMoyAQBwMgYBJA4rm/EENhr2lX+k6haxXVtdRMs8VwoDbHBUlCwwXU5IzyBg4XmvsKMYVYRa0l7rVt03yvR9Lfd1Vldnzc6smqlKorwcXFra11G6Xm1p1ut+5+kmh614Z8f8Ahex8R+EdWtdf8PanG0trfWkiyyWyOnyQ3W07o3QYVlYDbg4Ga5m002W0nFlMh2uLmaMFR8w8ttmcjHI6jsc+9fjP4P8AiB8Uf2N/Frax4Va48TfCvVbrzNY8MTSPPDBBIwEhhUhlgdQWKsoAwOARnH7P/B34qeAPj/4XtPGvgbUIGkhhYaroTOp1DSpGgPmRSwHEiorkkNgBgNw5wK+go4+dCmqVeTjJK0bt6qy1be+l76afgfnWa5FVpV4YjCJTjKom9Forw0bStdWtpbTTrY/AHw5Ytefti3caJtK+NNTbbs7JNISOhxjI5zwCAOtfqP4ysXjjkYBim5iGwByARnHcAjGNv/ATjj82vByKf23tUiDJsXxnrC88EEySA4PJB4xg9MEdyK/U7xx5aWlxbKCXhDsW2gsSwU7M+mOfTg56gV+aZxU58amlfm5m3v2v0+d7r5n6LhouOEpKom37OLlpfVKN7aXXbe2ltWy9+xbKp/aL+HvmOdq66qtGp3di24EjHB+jeuD0/bv4j2/hXV/i/q2i+IrCz1nT5jb+ct8i5tjIEAeIkblZeQuMAZLDdxn8Mv2O5Wi/aW+GbKVVJfEMabT1yAuTj25PTg/LwBX7HfF2dW+NWpz2t0sSDVrS2lC4wycZB75BGTnBzjkV+CeJsKjxtJ05OLWDctJNNNWaelrfNad2ftfhZKlLC1+eEZ8taK1WtmodbrTZ637I+P8A/grn8BvCfgP9mex8Q+E7maK2uvE9l5mmTyeYiLcRM2+CQsSEUHAGcY4zxx+Ov7LelTav8W/htp6wNMJLe6tygbaHCW8hPOAoGCDkZJI+76/vP/wV5VJ/2O9FjkkRxF4n0ZYmBJLK0BB3YJ3DPOAccHkjivw5/ZRl/sz4vfDW5adYUju7yPe4+7vt5EVjknIYsMDJwcEZOa7eB8dVfBOMdV8041MSru7d1DbV9bdPU6eJ8LFcW4NU3yxlHD+7fVNyV0+z3atola2h/Sl+zt4El8FfBWwhurJ5Df6zqWp2ZtgWnJinB8pioyB3B55Bz1r7r+F3xp066ew0aZ3s9SRAAk8DR7wpChSTtCyA7Rgkk8nsTXzn8GviL4fg/Z98PLbo+oa1oOvarGwjjDPKJpskFCRlSp44HckYrorfxJaeJdRtPEGlafp9tNZ3EEN1pscHkXMjh1BclACASdzAcAc84xX8J8f0amZZzmVTFQaUa0pU5vmtGz0WqtvdWaWmvXX+p+G6NJZVSpOMVaim9E3ok+uvV2tdq6eqPqz9rC8mX9lb40y3Tv5tx4C1WRTgOjK0OUGCMD1znap9+n8Gnge6urG90XVonQT2PiaK7icD/U+VqaSbiFPBJX5STyeMMFGf7p/2qtT/AOMRvi5LNJ8knw4vvMjZCxiaSFOM9NoOFByR074Nfxc/s6/s9/GH496he6H8LfAPiLxdFZ3byXmoaRZyz2dnP9qIjS5uQPLiLZ3YJ3AA/KMiv3f6O0Y4XIc+k5pReIpe9KWmlPa77XutrLX0/DfEiD/tTL6caaVpTsktNJxs7paJtd9ddD+qL4x/8FJNN8SfDP8AZ7+Cti9/pl9AvgTXvFGozpcQQXNpaSQxyzW15s8t84y8akh+ucgE/sp+3N4mj1n9gr4m61p0v2uxn+F9te21wjHE0b2EBVnBIyoBBP3erdCDXlP7MH7G3w5tv2cvg14Y+O3wt8JeIfH3hfwraWep3t/p8UuoW80ZEscD3K4djbgqGDE4I2jcw59C/boittD/AGLvjroui2MVvpWnfDe+s7eyRQsVtbRRIiJChyVRECgEdRxjk5/Qso4oxEOIcLSeLq1KdTGYejdScr2rQVP3dHypNptdLPW9j5bOcJhq+WVI0sPGnOjRrzk0lyyc4e/Le97pNt6a2vfQ/h6g1UTRwXE8akeVCVhDBRLGSrMgXBAz93dyV6gEEmvRfH1j4Vt4vC+o+HY7KGTVdLEupW0dx5rWlxgoyyKcbWcruwwyu4AjOQPFNLuUMaNIGaURoYlXGANvON2cEYG0YGemQMirE7CNxOI2lDIq+XvYgZYk4UEhSAcHb07Hrn+6qXPWpYarGcrezi5RVle6je77tJ+dtT+PqsqdKviqc6UW3OVtpNe9vdartdW1enW7r0uEk3hTGRIkfBJUc7dvTJBJwM4wB94cVpaRDCsEEbQmQvbq2GYFslznBHO3gEYxkcEYO45M15FJCI1j+VcNHGw+fOTyGwTt3HJ6qMkDg8X7ULELOUswZoDlVJYD5iy84PHfbwQQGrtUm5Rc7NJrRtLWy9V8tL7+Z56UFCdkm2nqu2j0b7cvrrb06F7eItuG+Nl24OcBQBgBs9CCe4II6Ec4qpYW88wLosm0kKHAdTnqGU4KjjOcc4GcinNNPJg/KU24LdScZ5B3HJHBPr04xikjuT50alQHBCl8ELwAeQAMEDpwTkH0JHX7KDanKEZK8dHez1jZdUred7auz0M6cpQfuSkr7KN+qS2vZPvdWWx+yH/BGudYf2sfB8TWqyxW1vqIMB+RZUNux2hAdpC9SOc9Cvav18/Y7+Leh+Bv28P22TrWlajHp+q6pp6I1payTx2TwlRm5wpKKVGMkfKBjjBFfiJ/wS18ZW3gP9prwp4mureW+TS471praE4knhlt2DbDnlhghgeucnPIP6C/sTft0fs7eEf25f2u7n4p+Ih4Lg8earGdAh8RWhntFW1naGX7TP5ci243gtyoUrnng48SOY5PQxOZUMTVpUZ1KFNSpSqKlKf7yDTUmtJbJadOt9fpqtHNa2BwE8LRqzUJv984OpGnaKXNUjHXXmastb6paXP6ZdI+Kfwr8S7Fg8QaYs7oAqTymzlVsfdw4XkEEdByMc5ro20XTL0rcaRrIYNlv3VxHcxuWOVIw7EgZHPXuD6/L+i6/wDsv/GC3Sbwv4p+HviI3KK0cmi63ZW1yGJB3KomicMc78bcg4wM8Vdm+CDWOLrwN481rQyCrwxC9kvrUMDleRKVwAQODj1GevG8DlGOX7nE+zUlp7VQqU94rWdJ3aavrytaa3ZxPNs6wKiq+EVezs3Rk6c7Ky+Colrbaztt1PTfGfhHxxe2T2uk3VjewvcpJLHcL5bmJGB2xHg7uPoT6nINtJb6z0+GLUtPuLdoII4Wj2CW3bauGba2QQTkYPOMDOM148Jv2ifCe5rfVtJ8Y2qHJiuEEd00YJwF/wBogDOec47dUf8AaL1/Q9kPj74c63aRbgj31hE1zAuCNzCNV/2gRyMgkkY5PzGZ+HlHHudajOhOUo2cqM48zStbmptxk/ufRdD2sv45jhnGlXjXo+9zWqxaUZPlv78dFonq3p6O62/Ffwv+E3xFtJbTxp4D8I+JIXyjRarolhv+Y5K7mhDnORkhsqOGB5J/N39ov/gl9+wdqfhzxD441/4c6R4H07RLK61XWtT8PXDaJHa26Rsz3KzWzAL5WCwyc4Gdo6V+kOnftC/ArXpxBca9aaXNISGj1OM2LiQnBBMm0bk7nOCVPYV4L+2Np3g34mfsvfHLw/4J+IXh+A6h4J1OWT7TfwPGzQQPcCEqzqdsxQIRwGDAA4OR+RcSeENX6viJ1sKqkYwlNSdJxkuWKldNJXdk7av5apfqXDniLSlicPRw+Y1IynUpwdOOI5oJNxTXI3tr0iul7bH4SeKP+CREHxB+E8Hjf9j/APaN8TNomr6bcXHh/SdZ1KXXdDu/KO6G3t7uSV2tjkbSVUOpAB6Zr4R8ffEb/gp9/wAE6PD3hfVPid4fHxP+G1s0ulzX3kvqulW6Q71+xXF8qsbTCgeVuU7CDkrzj9L/ANlD9m39snwH+z38PPid+x7+0H4V8S2j2OoXXiD4S+JgsugWOqQpL59jp05ln+ytI2QkO0eY23g8Y+Nv2sv+Cl/x9+H2heCfh3+2L8DtS0Pwhr/jCbQ/iUltoZk0TWLG9ka2l1LQJ5YzE8kEcjSERsuQAwJIr8hzPwk4dzDLKNPGZPCtGd2/a0lOnNS5VdTjapTlO93aSaaXQ/TIcb5pQxFSMMc3Tg7NqbUoq8EualJcsnHRNuMk02+uv47eMP8AgrB8Yta+L8/xX0rU28EvcaIdPi0ouJrJrZOJdNdlYDyZCCoMgJXIBO418Z/tgftmXX7VvibwfrcHhix0HxFpOkppd3c6WrP/AGxNGATcOYwZS5I3L1YZXp1Wf9v3wB8BtF+LFw37MPiUeJfhd4ltbTU9LtFRm1HRZ7tDcX1rdAtuSaCVihgBIXbx8oID/wBhf4Wa38P/ABFaftMeM/hTdePPgt4E1J7fxFqEpSWwtLxlYxPc2r7m2DGyVSFVdwYkEgnmwvh5wbwXgv8AWDK8kpf2nl+Fq0MHRorkqV3JfwG5aTdSd1GU3Jta76nm1+Lc+z/FvKsVj3HBV60HVrTXuUlHlfNZK8FFX91W5em+v2n/AMEkPCvxq+MXxlT/AIQ/x5p+hXnglo7/AFSz1/VPstzqumBgxsxFcODcpFt2GMg7Qegzmvd/+Cxvwp8b/FC18e+O9fn0bTdQ+HZ01L/w7YzwGTUbGAMr6/YbGDGIgZfblXz3Od340/tH/tK2Un7QGtfFn9nay1v4N2OtPL5WlaBezWcS3LnbPcQNblY/slw21khAIzu4yM14v4h/an+M/i2O+Xxp4s1LxVdajp0mk3c2tXs1yLnT5AFERVmAZgp+UuSuTnHcfOYbwj4gzHj7I/EnAYjBZTGlSws62VVMOqeJo05JPEYac6S5KkpOUv3knzK6iklHT1sR4g5VgsgzLhfFYeeYqVOrQp41TbhKb1hVjzTulfl91xtZNpq+nyVKXe7kLuFinJMTMuN4Q8AjJ65AIwMcnJwMe3fBv9nj4s/HmXxFB8LPCuoeJZPDOnyarq9tYxNJJBZRASGeNUy77lDbVVc++Qoryma50yS9tYZrV4rUOzSkffRnb5gOp2gg7ME4A4619p/se/tO+L/2UPiraePPhlqkc8MjW1trmhX0iiz1rRywM9hcI2UZ2QFVY7sbs4Oa/pjiTFZ3hsjxNXJKFKtmlKjGeGp4ptUKk04SlTnKmrr2kOaMXooy5b6XPxPI6OVYjNqMM1qVKeAnUtWnStzw5opc1mtYxbTejur36Hxb4j0jXfCOpXOk69pWoaNf2pkgvLbULeW0uIZomMbCSGUeYhABwSMEAYOKyoLy6SOL7JJLtk3BpEdg+DwdxXnHX5SOfXbjH2D+3/8AGzT/ANoj446n8VtE8KSeDrfxVp9u93pS+W1udRjTbcTxiNUjEUjj5QAMc/Ka+fdY+FPjzwh4B8JePdR0O7svDnieaWHStXeFvsl8V2+YkbngOM464A65JGNsmzuWIyfJ8RnNOllmZZjSpqeAq1YTccW4KU8PTd17Rx5ZNcvvci620rNMpjDMsyp5TKpjsDg5NxxNODs8OnG1Sas0o+8ruVr62exw1r4c13VRfx2FjdalNbo1xJBawzXE6w7SzzOsaMWRRzI5ACBtxxnDc1/YWpQTIJ7a5hU/vSgVy4RSAVCkAo3XIIxhSwwAM/pd/wAE/v2jfht8EfiRexfEXwdYeJ9H8Txros95cQxXFzocd4wiuLwF1YPAFfMsfUqOpOa+/v8AgoX+z58O9ItfDX7QvwK8K2Vp4H8SaZFZ3UVrYE6NPeTRJI9/HOhkigE5YoIycpIrYCjJPzWY+JE8h4lw/D+Y5bWo4fMIpZdmKv8AVq1bRzozbsoTWiim3e623f0GX8Ef2tw9XznA4+nVxOCcnjMBa9anSTilUUdXKLi7ydrKz1VrP+fKeYQWKpNb7nELeVuX5grfKZHJbj0PQccDiuIj1SZCoaaTIfb5anK7CTyhBGccZBJ6jAI3AfoMvgHwd8SfCt/4R8JeG71/iBpbS6u17bpvgjsVhD3VvIQGVkXLtEMHdkDI4NfFeq+ArzS7qe0uphBcwtII1kjaFyY2ZXVo5ApUq+c+3GcV93lOd4XHzq0anLSxNNLmoylGUuWTTjNJS+GaV7qy0d7Wd/icTga2HjGTjKpTlFqNSKfJfTS6fxJ8t1q1qlZs07TxFrOn6fEuly5glRoyJMsdki4dGDAlQSzY9WGCR28pv7hhe3CtEGkkkG9i3zI5OdwweOf4gOeBnnnu9Mtr+MSWLOjDZltxJTcT0VvVhwNpJJ9hWPq2i3FndNG1q5MgQ+Y68xlvvDfgjbu6PkgZG4dx7EMTSVScFJcrimlo7fDooau2idvJu+6XmwXKlKV7Xum1ZLbZatJvRv07a3tI8Kz6xYTS28rqYY2YRbt5UqSWZ4zjCnO4EZGBgBuBWXFbanYvbxxQSRSrIWMiFvnUH5mCYADbTwCSAcE8c16xoGhLb6faajZ3DxlVVb0SPgrgqVUKSCyE9DnJBIwRgVc8Q2bAfa4XgkiePeghG11kwAWIXI+bPAHXrgGuZY9qq4K1nJKLfK3e8W2n0SS376rQ2SUk5NJJPTZppcruttFt+e2mbpd3JqMMlukknnW+JHVyAGIUEjPygZ7gADnAGAcX1a6ubmGOCLBba7hSACigqQcjGRknjkAYPGAPNmOrxbpYDLHc7yJANqbojngKMjDAc/3hjPPTX0jxHcWuw3Do80UhEkJABK5OC7DIJYgt8w25HTcK6vrNblcmrxte/ldbrrZPXa27RvDFqHLGz01vZ7q226bSvp16bO/oD3M1tM0LkIrugDHA3E44xkcgdTkA9jg4rfiBeMOAN/3WJGU27dwAznH16ZHXnnze+vprpxc7PNbKtsU5xHjIJ5AwMYB5OevOa1dO1S9uJ0iyI4hG2PnA3A5+Rz03DoCScEjAAAFTHGzdk47vWzaSs1bW2iWre++vRndRx0XLWOjS0SS10b0SS06u+ml0dgBE4aURoNrbN6qDyCQFC+nykE8Njdk5ORa+zWk8MkvlBCy7S/A8uQAYx16EBQOB0A2kHdzcGqxIzoQEYkqyfeKkkAHnBCkctnnnqCMVqlyF8rzAYyC24NgFsYGM44zkcZIJ5wBk9lKaqu+uiurO9tlvdRb7O2myO2LpVVflUuaz1tfXl1SW71fRa97a8reyiCR4kO8SKyu3BDZJJO3A5I79D8uQOh5eZoDGQq5TP3CcbXwwbByD1PXP+NausuyO4DhZM8d92AQGHvjOcdex4NcNdSGNyiOHBAD5PCljgsR0AOMZB9RwK9KnTjFc2q2uremju0/K1rpv3r7HnVZKL5YxTt9/S6e6W2za9b6v6x/Yr08Xni/xC7rH5VrcRbnbDERyo4dFYjI3fLnOcE5Paux+I8bxapr+m/ZwLe01S6W3wOI0mbIbYcnLHk+vbjOeU/YqWR/Gnie3j2KqwW80rF8KyoRkcnJDDqSe2GOSa9s+L1hDF4116UNE0c08cjRH5VwVG4qMjJHftx1zk17vCiVbOpUJrSVF2emrVratLRbfJtaXPK4olOhw5HERUm4VVdQvrqndpJaXW9+mzvc+WfJayiZVlDEsu0nDFS+OGwTge46dc55qeOKO4AivVDqu8oVXlQwwNuep7k8qfY5x6Hd6VpkpV0RVWVAoYOFZG/vEAkbdxznp685FZdx4fZEKxSiTa25VbABHUYOAWwuMA4IweD0P6RXyxwTUYOVnbmjre9l2a1u3rs7N6WR+bYPPlD4+aNrXT5ra2Vm9VsrrXq20tjlofDcLKfJkLvjOw8LtYcfNnbycY4z3xjObg8LajHGURZFLDzFMZZwQAB8zbicn5eMEZz1bBqxBaX9vvyHzyPLLEFhkhMNyADnJwMDgDFdPY61cwqwlJGxSq7kLFh0IYnOQRnBGQeCuCAK8Ctl9ZT93mXInpe1/Jq6utb76X66W+nwOeYOpyRqcvvaP3l1s27qy0vrqtdktzzK5jf545YJd8bbWcLhiVOMHOeCeSTxjkKOlRQmEzRlYy8igFkIPCgYO719VJ+bO4cdvQvENyt1p5lt4EW5BVpJAoUhiMALjAOMry3uCB1PmyPco6uqKruGy2wqQSSSCo7HAJxjPphcicNConytu91ry93FOyu76dLvbVvY6cZVwfKpQcWnbbfaKVut1rvtbR7GwtlDcZQo0W8EoGA2gDJ9VGd2cZ65z3NUZtOkEZYnbEuFzjBkUEjJA57EEnOQeQucGVb0blMpQqh2sgyvJ6kH0OCeD1yOMiteKW1lV1kkQxvkpGV+ZDt+ueOPl2n0yTVe8pS8tb3tb4bN9ra3tpra3bz3CjVnBJpXskla7doJPr362Vkc1PaOqrs/1bBQ0n8WSCDjPXGc88jJHqRnw2Mq3BdixjB2bs5ySCeh9sc4AznnFdBJbyQnaj5kkkLqp3FJMtnI/ukDjHI7DGaqpFeNd7nG1WVjyh8s9RkD+LpgZ6gdFBFQ61klZ9Hfbold6cst7tJXet+x2U8vb95PRpbWslpZ300t1vZ3stEyGOIuSoBcKVG/O0gDB6dsDqehH5U8wum9csCSXQh+QoPAbYcjIx3HPUKBmtRrKRonMe0rt5Kg7snnbtzkngk8/QkmqphYeUrFk3Dup3bjx1BHGe+OOcj1uNSF4tu97PRtXd0ujW19dknbXe/PVwtSCb1ldJWWm1tUlq7prXbr1Fttb1CxYmO6uo/JyVIlbZhQAFYNgHB7AhQB0NdHY+P8AXbaNlM4nicFmL8kDcBhiRnDccduxYkZ5wWLswQNGq5YOS43AEZ5B4PsRgjA5BqncabcpgBMoOBIqY+XkZOG+fqBknCgk8AGtVVSktU47pddUr817q/d3v2d3pzONaKTcZK1rJpqzvF+baa7NNLRnptp8SrW4Lw6npsEgYgb41wwUDgZA67s98nBOcYrqtI8X+EhIJIP9BnK5d4ziTd23LtKtjnnAzyBkjNeAvby7REQFZhhCy7Twc8tnGDzyATxx1FVxbyp5mHVWYgbivLEdix6DGOPfHbbT54xqXu9eqbTVlG/+fbXvvp7So+WMovWKbWj1VrLXrs3dve12fYUWpaNfCHOoaddh13Ml9DEd+f4d5JwxxgjaBnqc5qDUvA3gvW8m98PaYdyeYk1oIZA2cglo12HacYzn5eDXyFHLfws4W6kiGAQRIcPgHG5ccHGMYwCB8vHA37TxT4hsMFLpnWNBhd7klW+XD/N0PIPXAAxVvEu+tpRukov3rq6WrTun52d99XcicU0pNuOqbsratq3w22a3fVs9W1T4AfDnUYZT9gvtLmXJjaEH7Ox45GzORyMKTnuB3rgLL9maVtc0u58P6r9qtVlMkkE4ETbAD8iyMQ24HGSQPlJPBPOrY/FTW7BFzLKGDKTHKPNjbttAYfKpAHcgDkk9B2Hhf4rHUdXtbWaCG3uFcutyjGNFY8ncg4YkAcEAbjnJ+bNSq0KkOV04RkldNXvey1vsnvvqlq77HXh3OKjKM5TXKr3u7r3eju0rOzvZaffmTLeXMxaKO5vro7QZ5g8mT0wCS28YIJXJ+uSpPpHhD4QeN/FTrItlc2ts6qZLi4RkUrkA7FPAXAxle/IGOB93aP8AC74e+DNrR2aX93E65kuUEzswPO0cj5cgn5Txk5HGesutTkESJZ26WkZDCNERFLIAMDYgUkjBIGwYAY8YIP2VHIo0rSryu7K1kmtUrrV3V3u9u7sfI4riSUly4dNJ/acd7OOyWqtra7027HgHhP8AZ/8ACvh/be+Irr7ZPGocwqcRGZTko2CfMBzjnpz3r3SwvtK0W1jt9G022tIUGVKRqXkCkBTgZbJGRnr2B+U1TuLeJkE+pXUNjaqA001ywVyDy21CTnjjOB83AOACPN9f+KPhnQVaHR411GWIsJLyUgRZBwdgKlTj1A5Ix1XNdbeFwaUYqC2XupX5ny3bTte1rPXdNWu0edGjj8faUpTadtXflbXLstrrbW+/Y9qh1S/u41dtyJMACzfKSCdwVQzAKFzkkjgckAnFcp4i8b+HvDYZb+/W4uQhKWts/mOjKOfM28BiSdxOeMkEDp8o6r8ZPEWqzPHazlPOLKgQbYoUYtkrtGC2D15yPoQPNrmbVL13YTvJczsxnkcv0LZZVLMSD2GDgkqQelclbNoxbjBcyd0m0+63e927tW3W+p6eG4em3SlWbaeskuyt1equ29r+Z7b4u+PWpM0tnpFtDpyMsheVn8y4MfOwgquQ5BztPIOM9K+eNQ8W61rd1NIZbmUTnYJp3ctljn5UICoSW4wvQjjqKuro+12lu2d3VcnJDDcM4DEsT0AAHQc846WkNnFI25ooxGpZf3ahMqPXgnHOeuQQM5YmvBr5nOpKXPPSy0v7ttNF0u2tbb+lj6KnllGgoKnSUZe6ubW9tHba9tNr6dez5ldEuZ5C9w7SSEgOpOAT2AwQp3HrnHqM8mtu3sLfT4zuwWBw8Zw3fAwe4A4GeQCTVPUPEllb7nWSKBIzl2bhmYdDGDy3IOAO/pxnzHXviFbwKzPew2cCsWWR3XzpeMnA559ARx6Z5rya2ZUowtdX2ck9dLL7rPW1rtbndSwO+m+m11eyV1u7b66Xeiu9T1XUNXtrLyx5kSqH3Y3A7cAHaVBySSQRnHtxweF1fxsglcQkIi/euZ3EcIGCCQO/AzhQemccbh85a58WlklmTSbaS6lIYLc3JJQNzl1U4PJyARnvkDqfJ9R13XtbnMd7eOykj93G5SJQ3TJX7+BjCn2DcdPDr5s5XhBNrmW++jsvRO6e6v8AM76OBgrOSS10b0as12ej7va2+rue4eKfibZKJYvt0t/PGxxFbgrDnJGGcD5iDxtyOpHevHNV8Zazqm5IdtnC2WKpzIRgqNzEE52nsOn65kdjEpCLueRPmbHRjnBOc5PXJHB9Ku/ZJJSQiKHVlJbYwLAD7oHORjPqABwPlNebOpUq2vfto3Z6+r/DR9tDtjTpU4pRVryTvvZXVr9F59+trmHFbSyKJrhpJmYsFZ2ZjyckhSeDyffHXvV9IZIRsRdq7ud2Duzz0xkkY7dxgj06K30i5ZEYphmJIVxg4xnCL0Jz3ySfY8V6D4X+G3iHxC8aWOnXEm8kB5omWIBjwwB5445OOowxPA3oYLE1Je7Tk9UtU1e7Xz69f+Hyq4qhQV51IqKSu7pO3u6LWztZdbrXd6nmtraTSR7QuVL5ZsfKx3AqpAPzAAE4xtPJz3ro9P0e91K7VILeWfYRlYYzhgMjII44JGR3HCkc19leCf2Wb+6SGXXZ8fMGa3iHDAZJG4ZBOee7dck9R9XeDPgLoWhxo0OnwkK24yOik8YGXlY4AwOmPRsmvpMHkUrc2ItHZ6pvR26bJ6vV9D5/F8Q0oS5aSlNvZxv1aSV9e/n5b3PhHwT8C/E2uwxT3VtJaWjkOAUIfkHAOcEkjIB6Y79TX0tpH7M+h26Wc15FI7kgTqAJPmzzuZQFGQMgMMZ54ODX2CNJ0TRQgYRztDEWW2tlAAYA4yF9M8kk5HYZNcj4p8eaRotmXup7bT7ZVYiETosrsvIDyOQQCBhh1POCTiu2tPKMvjF1JxlNXfLGzl9n5K/bXQ86CznM5N0oOlCVknL3YpXj815LtffrV0DwP4c0G1ggtrNCsWQAI1Bi24DNJJ1wOCc42jIORwNbWdc0HRLUie7jUqADBbsu0KBn9424ADHuecg5Oa+NfiF+1ZoOkwyWGnzi4nRXIjsGDIzc4LyjG7cdu7PJGB0xXxT42+PfjLxYstuly+m2cmSEgc+YyktwxXpwQGOefXPXy8VxXK0qeDpKnBrlbtra9r2Wj6JXet0mjvocLwk41MfXlVkteWLbTaSWrerjv8rXR91/GL4++H9JtWtdNktpb1leOOGKQTlVIA82Yg9cEY649ycn2v4B/FXSPA/wbXWPEHiC3jn1e8lvYLK6dUEMcuTxEcYYkkg544wAMkfiP9pvbqRZ55pZSHLvNNIzlihDFdzZG3dgY4z0wTjPZat4n8R+J4bC0eWY2ljHFDZ2tuzeWVUjlkQ4bkc5ODwOwx8Fns8Vm9JUqmJqRi5pzlGTjJxSSS3Ss+q2ttqfb5E8Jk9V1o4WnUkqfLTjOF0pvlXM01rZJ+V7b2u/o/8Aal/aCtviZrFlp+iSv/Zunly0xZh9plLFSQBgbV6AE/dHLdK+dvCstxf6ja4d2U/LuLHOVPAU5GSTgcD14BxXZeEfgF468bXMIsdNnKyqpE5idIY1PPzM4wCODnrz97IxX2D4a+AXw7+EdhZa/wDETxHaPqEJWT+zUkVpcsQWRYgxLE49Mdj6Vnl9TDYCFPDU5OfLypU0+acm+XV7tvuk0rsrMqeLzKdXF1IKmp2bnL3YRinCyW2iWiTfS/c8T074feKfFl1aQaVotzK7LtEnlt5bHJG48YAxyWHpjcWJr1Sw+A2h+E7ZtQ+Jeu21kUYuNPjlTzHOAQpwxJPbABOeeCSK9x1L4w6ekFvD4E06DTrXySkV2yIkkyAbdyKBkMxBJYktnnoa+KvjR4k1HVb1Zry9nubhjvYSuxAZmw2FztwvIBAA4z34+mq5fjqmGlXnahT5FywTvNqSjulpFWa6N6q72R8pHHYKjiVg4S9tVbtKSt7OL91O9m01o9FZbbno/iL43eBPB0H9n+BdDtpJkRoxqDoNzso2hjIAWOTzngZCjGOnzT4u+K/jPxIXOoatcQ2TBv8AR4ZNkeG4XIUgn+6Bx1HIzz53I+UZiTgOWdmGQpyRhsehHA9eDyBnJuZ1uTId+EUbcdASBnPOM88r74DHIr55YeEXLmvOas7ys3fv1dnZXS6WWqtf2ottJ2XLbTqtNldaLRWt59EtSS5MjGQsxlPy7mLMXByN2WLHJGPu54H1znSXTK5YA/u9wBOSC2DgeuB1GCQM5z6SoFUFm6hgFHTCnPPXnrgKQQRjjg1myud0jpkJvJKvjnJOOCQT1PIwFwTxWy5WlZLRq3mlbXfRbLrp56PVX7J6K9lZp6WVtXrvdvS2rttYgl3SGWUZ2HLH/af5euWHA7dBgYGTznzzBnYhhtRmUZ44znk4yRn6AZ5/i3dFoWgavrt5Hp2k2F3qV7cEeXBaQSSEsTgD5VIGQecnAPPTAP3D8H/+Cf8A8Q/G8UWs+MJYfB2gM6yvJfEC7aLIdgI2KkMd2QemRkAUnok5SS1626cra82mvO5rRo1a81GEW01pePLFKytd2tr6tNdLav4JsbO6vbiBYba4uGlZQsUEbTSMQeAFUEZboMqRjgmvs/4PfsqfFPx9At8dHn0DSp2jD6hqiGACMEMXjWQDJwdzLjPYYOa/R7wh8JfgF8DlgTStJg8Y+IbfAF5cRpcBZ0Ujcu4EKpJzxnscccdVrPivxV4jjEX2mLw3obbj9ksgsIEf8KkRgAEDIIAA5xz/ABYyjiKt4UoWjLec1bW8dUt3q7pa3XyR7NDB4XD2qYur7SaV/ZQtrtZN+ey791qeb+EPgd8MPg/FDPqOsHxF4ntrfmO0yYlmH/LPClsDcOmQR143c6up/EjxDNdJZ2MKeHNLYqoMYCzyoPl5PUZ4Uty3HBBAJ1be00qxjZ4yJ5yis91OfMdyCM4ZycZODt6jnHevL/HWoxGMbCBIXLoSQCW3DuMYXocemQMZbHfhMnhKUZ4q0pp3u9l8KWl91fS+jt5MxxedzoQ9jg4qhTk7WVr3ain52ukvv00PRrS+gkkN1Iz3FwpUma5dmZmO0Hhj82RkkDB6ZGVGNy41qD/WKwLRJlmbAjXscAgBeAcA4JxkNwAfnLR/G8TiSNpt11AwjMIzk7QQH25JIBAOQDwcnnbilrfjq20yG4udY1SGxtsk4eZFlkA7ooYEZJx8wA9QwOT6ksPSprltZaPVK32el762Vuq3PMhi61VNylJt3Scut7baaWdunyskz2bVfEcTmY7xJncsaREglzkAkYJxz16Dnpwa4jWfF9jplj9p1bU7bSbeFC2yR0MhUg7uM7mJAAGQc54HOD8d+Mf2l7a0gubLwrB5ki/u/ttw24YzgtGp5ycfKR1I68gj5R17xn4o8YXwa/vr6/lmYCO1j8yQbmPyIsMeeOVUZGe5J6VzSrRg0oq+iWz392y002t6pOyfUi7X55Xk0tLaWbi72ul80ulttD6p8fftCaVFNdxeGYnurgMwN7PxGrdA6qVCknqCBz3JzXzT4i+I/i7xcwivtSu7iNwFW1ieTYeTtSOKNyXUcDJ+8RnjnPpfgL9mXx74ujh1XWo4vCPh07JptT11ltpGhYAs0UEm1nO3cQMAkH5RzivcIbz9n34GoY9KsV+Ivi6NSr6hcqJLG2nXIDwxsCqgEZ5LcA4zk4hUalVOT9yKta9r6tWWjd99GtU9bPRkSrOKSVora0dbaJavRJ66/gmeD/Dz9m74k/EIRai1mPD2gAGSXWNbK2kHl5O54xMUMrAZOCckDAyOnvaaD+zx8EoxJfzf8LL8Yx7S0cYB0yG4TIVNmSBtbIAJ6AjoM1x1549+Nnx11FdC8NWOrvYTP5UGk6DbSx2saOSAJJIlSIAJgZIOAAeWyT9Y/Cf/AIJueLNWW31j4p6xF4espAkz6fCxuNTkA2syTMCXjkK8DKknkHnOO/CYGVRp0qLm7K9WekU3yt2va+nXZ/NHBXxUKMbuX8r5V8TWl4u2r0dnayS9Hf5A8T/HX4keOGXRfDVtJomkykwW2j+HrUrK6HCojfZ13dMjPUjdk4YBvWvhL+xH8WfiO9trXieKTwvotxKryXursz6jPExVnMcMh3gkEkDjJOT6j9l/hN+yp8NfhvHEPC/hi0EiRjfrmsQpc6hIMZLxCUNtJOGU4XoCPf6n0/wrp9nFGDCblyG2iVf3YJHymNchQF5wFAwMLnA49rD5bTXK8RL2knZ8kbqCs1uvvSta/c8utmFSVo0oSSdtWmu1lr913fvax8U/BT9kn4YfC8Wkuj+H4te18hfP1zWIVmEcmAxaCNwVjG4EgAHHqcsa+3tJ8O29sqC4XzpIUUpGihYIj2VI1UKBzjBBwB36jqdM0AuqCNEyTkoihQvOMknByuMgDpjjPWu6s9AjhMUbj7pBbphehJY8jdnIxkg4A5xXrU6DklGlT5UrJpK3a7SS/F300aPPm4qSnWqOT916ptX0v1bSv8ulrKxy1tpq3Dxr5bRsANkaLgFjwuDn7oP3uPX0BrudP8PuiCRz5e0hmi3YDYIIOMcYwCwxndxknGdW2t7WEu8eFbaF3yYAGOfk4yQAexxgZGeptyXqP8iggqvzMcKrdiSMcBmxhckYHXnJ7o4OUJJyipSaW61T0tytX95t3d7q/Xq8/rNJpO6glJWtZuy5XbS3p163d9pMQW4JKjcFyjLzk4PJHPyqp4Pfk9Ouc1zJlhH1ZSdwXaEz3LdCfqPl464pJNQ09RJJNPH8q5wCqoCufvMcfL/ewRn5iCGxXkvij4paVpTyQ20izSt+78u3PmSSMBwFCggDtuPQYz1r0KWEty6au72v0S2vbSztdpNb2u7ebisxu4xpJtt6Sjfyu9PdWtktut+t/V0vLeMAOymQZLsMhUGT8zMQMnBI7/h0Hn/ir4naF4dhljjmF3eKDst7OQSSu5PCsFyVHXC8e5558Yuda8Z+KCyJMND0pgRgkm5kViSPVwW5zn+I/ePFWdJ8J6ZYS+ZkXFz9+S4ucys7HkcN/tHIwM+x4ruo4de7yRbvo3ZXuuW/XTftd2bV1vw1Ks5WnWna1vdi7tJcrvLVre/np3sc7qHiHx747eWNBJoekHcQZC6yypuwQo9SpHAA565xzoaN4K0y0CSXSyaheRqD9oucvlx02hi2AOg9e/AyfREspJ9qKpO0puAXaFGBkLjtn169uTx0EOiRBsNuYnaxONoXaBkhf1GOnXFd1PCPVtb2vdXW6d/v08umhwVcwpwfLT5W9mrrVrlad1d33Su/J7HI29qI1BWGNGzyAAMKcAEBcYOOQTnBzyQeN1AgVIUZSANzHBDAtweR1xjAx7duBvPYQQuWI3DYAGIBRgRgY4x34bJ5zxjmsW5MEO25Vd4HyKpIAHYZx1Ged3rjuQa76OHik0uW6tqnZLZu6tu922nd7JrQ8iri6jm+l/tNvfS2l0ldpbJ3e1y4kKog2MuxCp3BcE5G7kkZA47nnqMir7zwFcR7XkOcBCExjOWPXbjoDycbs+/GTarFFFvWVQxPzRjBKdRjGccc89z7Vz8+tLAwaAsMKgVy3O5j1bJJw3Xg8HoMHipqKSWzXo7y00SWne/r5azSnKV21e7ael+qulbqvuasnrv6QuqeSUgbOSN24E7uxIPAGDjGDgdgOeZ7nUrV4wwzk/uyqbSQMchgc8EdecEexzXk134njWNt8yCVSMEDGQVOTn03NzzjGegxXjPjn42+H/BVvJLqmr2sUiI7iGKZWnZmU7VKbs4I6ZGemMk4rzsVXw9OD53FW6XW6sreT7J3vbuengsJias0qUZWbTTa+HVWeml7XVvJcxqfFLRB4c1Gbx74QljsNWtgW1XT422wapZqcyExA4M+3cVPJycYIJx5Z4g/aL8OadpcF/JLb2omti8y3MgSSO5UAMgRjncGycHGMDHbPzB4v/aH8XeO7mbTvBWm3PkTq8Ul/MjFCjMQWPbH4YDEN14Hzx4t+E3i+e3i13Vrm41FI5xdXumx79ixFg8jRDsOoOf73Ht8ricfiY8zwdKc6Vvely2jF3Wq33WjWi620Z9rh8FhuWnHH1KbrrSMbx52rx91773+Tflr7x4z/aW8S+JydO8B6ZfahJOzxtc+W4gUnKlgcKMAcg+3U4IPA6d8J/GfjeeK/wDHOr3AjdxJ/Z0DuoCEbsN2z/D82T+gH0J8IvDXhu70Cx1PSokhheMRtGETzIJEUCTzM/MDlSDnqdoHA492tNItbb5lXeOMNtUjdkMR0B5wNv8ACM984G+Gy2ti4QrYio5xkk+WLaSvytp/J3tZW5bWu7Hn43PKWBlKhQw/JKLacmlLVKOuzSv5aWd3ujw3wl8KtG0GCNdM0q3hcEAyFA8rnGCSzbjk9SwPJ447+waT4elgjLIiD5gRwCwIx3wduSOFCgAjIxzjrLWzgiUuFIYuQNu3CKTwQM7cnkkY5wATxxc85EMjpnA+UsRwWbrle6k8jgds17+GwVDCtKKipK17K21t9Obfdva2m9183icwxOL1nKXK9bXf926asvLy0WiSKkVmItqnBLAMSRlg4P8ACRyQ3QfLwcZJzU0iQgIAWWTOMAYDFTzg88f7R/i6qOKlnu4kU52EtEWC4wcnJBBzk46Y/D5gCRR3BjGzHeMsAAcEM5LAEZOMDGRk9wCeldLrqMbRXZ99bxskuln5N222M6eHTlGTvbz6q8U9m9Vrq99fMVJXQyOcMEJ6E5B6bcDHHueCBjmmLdM7bySNpACjGGHc+/PTj2xzmmNMpYRsDkdcdxk4zyBg46kYIB/HDW6jSd1dnjCs23gEEYJbjOQwPA3d88nNcMq0n9pbJpbbdL9kla/Rbd13xpxjC6j1tppazjvLfRPsle1uqW79oZJFLBmiLEk553E5AxxwSeV9OTxyat3dxg7lZV3hhtY4ZeuSCeuRnHXIH41j3Gp7Q6k7SV3fNgtuyQNn3fmOBxjacZIORWFc3byBQzbXYEIRyfYj0GMYAGOPrXHVrtNOzbb1662jZXa9bXtodkIQUdFr6JXTavZ302dtrLV3b16a4vCpjKygBQAWJ2j5iBjb0JIIz0z1+uLcX5UuiELsbDn1Qtk5A4JzkgEZ55PQHnrzVEt4JGeVIIxzJPM6oqmNc5DM3TIOCAD1B6CvB/Ffxv0XTTNYaGkmvaycxqtud8SSYI+eRRhgH6r1ORgc5rmqYyNOLc3G6SaSd9UlpZJ9Xa97ap7aHXRwlWrKPKm46O9mknpZvtZdbpbWu2z3S71i0slmuri4ihgjJctcSqgGRuyWdhkDPQA5OOtfP/jH4/aFZSS2PhmC48QatkxxC1VngSQ9TvUEEBuAOMgjFeJ6gnjP4gXBuvFOstpelq+wWFkXBY8ERKiEF3K4HJwvbPQem+Gfh8NPtll0zTYNGtBGGn1nUgnntGAN0qiQfKSMnPzEZ4wSa8arjq1VP2dqUdnJrWzs5LXdrV3d7aantUMFQo2nVcZyi78qbsm+Xq999OXe2lzzXVYfiD46Ju/Fmotpmnucx6VHMYAUJHD7WzgDrkHdj6Guh0DwDBawE2VukMEePtOqXZW2tI4iAzbWk2tMQBkvkZB6EnFe0+DPBl/4y1tPDvw28Kaz8T/FE0qxG4t7eZ9H09m+USXd1tMKRI2WYgkKo5Hy7W/TX4Rf8EyrrUpbLxF+0j4tGzEdxB8PfDMnl2USqQRb313GQkwVSUdcBt2epGa/PuJONuHuGYSq5pjqbrQTkqMZxnXlJ2taEXpe7teyW+yTPXw2FxeMcY4Wk4xdrTceWCV42et9t728tVc/Krwl4a1XxXq1v4e+GfhLVPiHr5kSKNrCymGk2DsxUNLKq+WY1YhnkZ2wBnriv01+DP8AwTL8SeKZLPX/ANo3xXPBZARXCeBNAk8qFBwywXlxG2GUAbHjPIGQPSv1h+H/AMM/APw20qPRvh14S0nw1pVoAhksrSKO6mC4BeWbaZpHfGWYt1JIyTXR6z4m07QUe/1K5gtIoASqzSKoYAfMzgn52booxxnIIr+auLPHDN84lPB8O4eeCoScoqsrSxEo3SvHeNO6tZJN3v7x9dl/DVChatjpqtLRtO6jF6PS9uZLW9rXaXQX4Z/Cb4b/AAj0C00H4deEtH8MafFEqNLbWsSXtxsAVpZrkhp5HfDM7FyAWJBzWv4w8b+GPCNlLe3+owRFUYt5kybxjGSisSxbr1xz0A4z8k+N/wBo25u/N0/wVA1zcyOYlvmwIIwQQSgPy8AEjbkH124FfOWu2+t67IdQ8S6tPql3ORstBKWgQqSSuwNjjGRxnjuOK/PcHk+aZpVeKzbE1ZSqyU5utJ1K007O75m3s0neTt5I9OpjcPhYulh6cFyr7K2WjSaWmlna6vfa/X07x5+0hfa/fy2fg+2doVLob65DKm05G5Sc/MMHBz64GOnzXrMuoeIbyS61u/uL2cSExwFj5IbGcIinj8BnGfvHp0lto95cztbWdsI2ciMRwxFiwBxzjHPZSeeeucV7H4T+BuqaiVvNQjNtB8pR5ThiMgEqGySSeOFGCc5JFfWUMNl+U0rx5afKm3KVueTsm0r7bacrWvXovNnWrYqScpOzd1FJq1rOz7p9fPr1Pn7SfD9/qMsMNtZSFml2IscZIOem4ALk9OueSc443fTHgT4B32ryRTalCYkDIxZlChQeuFI5IAPXvnjHFfRvhnwD4e8L2YzDC0sKBpbifYkcQ++WaR+Ad3zZzkEA54rwf49ft2/A39n/AE+awutZt9f8SW0ZW30HRJUuJZJ8YC3MkTERLuwCxPHUjivMq51jcwqRwmVYetias7RSpwlKSV43do35VqtXZW3djWGGcfenyqKS96XupWSbtqknbXR20v10+nPD/gDwj4OtWaSG0DWyDN3clI4EZeWcyOdgxweuR9MCvjv9ov8A4KB/BX4Lx3OladqNv4v8UQJLFFpGizJLb204GAtzLFlEw4wwJ5w3cEV+IH7Rn/BRb40/Gua40zStSk8E+EZpJBFpmmTGO8mhYkAXNxHj7ynHVTnnAYhh8C3Oo3VzPNPPPNJPcOxlubl2mmldyC7PMxZyCACWJ9lAHX7nh7wsx+YTjjOIqkqVOVpLCU5XqNWTcalRpxhtqoptfzLRnPXzDC0VyUv3072cldQi9Om7tru9e21/s/4/ftv/ABj+Ntxc2t3rM/hvwzLI+zRtHlMIaIlgguZIyGkYIckgjJPc18S3F150srO80kj5O9yzSyFgCHZ23FuRwO3TB5NH2a4eWRiR5D43HJbIAyS3LHB7Dkk8cVq2umYUSMMhx95uNgJwDksMe45xziv3PJ+HcryejGjhMLSpQja7gleWkFectZOWqk3fTq9bnlTrYjFttSbT2VrpL3U7JaWfW33aNvAiNwWEJjA+YbMjJBPAOeBjnucAgHnFbiWTMuJTtdCCTjO8gDg5645Py59Acg1u2WjT3LbLeJmZgFLddq7sBge+euPTv3rudM8IJEvm6i5wpwils7skNtJ5wSOCBkDOBg817cq1KhHl0d+i02ta1te3k7a3R6eByirWfNNuys/eSu1pqt3bSztsrbI4Gz0mW6CRwxNIc58xRtCliA2eMj5c5weTjpiu6sPDNlpsazX7LLMGB8nOVwCWwMfebvzxjHQE111jZTzzx6XoWnzXVxMyww21rbPPcSSMQqRokSlzuJ+8QOSOBzj9EfgB/wAEyfjP8YvsOt+Nf+KA8JStHM0+pRMdUuLdvmPl2pKuoeMMqOTwSM/wmvgOMPEThrg/CVMZnubYXA0oxk405VU61RxUbwpUY3qzk9koxe6u+p97kvC2Ixk4wweDniJu16ij+7jflV5TlZKyf3X6n5spLd6jdRaToOm3F9dTFYbezsraSaeR3O1IgkIZiMnoR1U5z0r9DP2dv+CY/wAWvivJYeIfiS0vgLwnO8c7QTxsNXu4ThlVLdjviEicBiPlycg8Gv2f8A/syfsvfsg6ANauLbRZNUtIvMn8T+JWt5755FQl/syXJfaC4LRhU3cgbuqn4y/aB/4KcQWX2/w58GLQXDxB7Q+ILtAsES5KbrOHBGFHEZUgMACBnIP8q5t41eIHiTiauTeE+Q4jDYKo/ZVuJMxpyhCnTm1GU6KnF0qenvK/tKjSVoJ7/p2G4TyPIaaxvFGOotxSlDA0no7WaXLG06lnpoox2u7H1h4a+E/7MP7GnhZ7110HSLmCEyT6vqT28+u38kcWWEQcNIGdl+VVVSCevYfnV+0P/wAFKte1k3vh74O2raPpR32//CSXgY3sqZZGktU2/ugVOUIIzjBAAFfnH8QfiZ44+Imp3HiHxt4gvtYmlkaTF7dStDHk7j5duT5aJgYA2ndwPUHxbUPEtshkFmy3DlHUIVAjjA4JGRj/AGge+MivqeDfo+YOni6ef8fZjX4szypJVpvGylPBUqrcW1GE3+85WmkpJQ0doa2PHzjxHdOlLBcPYeGW4ZLkjUjGKquNkr6K1K/leSXVnV+JPGOueKNTn1nxLrOoaxqN1I8kt5qU7TkFmDOUWRnWMKT8uBgA9OuOUv8AxHFZqBYZmZ/k3MM7cjLEE4GAwzuxjdjGByPOLjU7q5um3SOyFSSqF9o2nlWPTb0yTnn1GDVWW7I3yb/MDDhUUn5scZHO0duT3+mf6PwuDwWAowoYXD0aFKnFRpwpwjThBRSSUacbKySskttUt9fy3E47GYycqtatOpOUrt1JTcm3bd3bb0e7V9lobup6rPds0l1O7SNuBGSUAOSFUAYQj1K+o+nE/aI97qwycsVEfOcE5XOTyCRzgZPI54N1Unuo8Qq7LvG4hT8zk42gnI289j13ZwcGu88OfCzW9aaG5W0azslIae8ufkhByCACwwSMkgAsfbHzVNbHxoRvUqRSikkuqty7W3vZX6a2trpFDDV8RNRpxlPRXfRWt1WyV7tX2ut9uAtba6uR9miRszEYWJSZOQMEYySc4HT5enTryvxH8KXehaTZ32oqsM8kgjhtyuXWM87vUkk5+bHHPXAP2baeHfD3g9Ibi0EN3KMrPqlyAIFc/NtgWQYkYZ+UjOCSeAAF+UPjz4mTUhbW9spaJLuQ+c5y8pyRlQeiZOVwMY5HXFcGDzGtisdTjSg40YyTlJ3vJWWij0v0vdu2+x15nltHC5bWqYiadVxShBdJNwldrXa7spdLtXeif8A00e28UW9/qsaTww7vJhlUOXm25A2chgSRw3OACM4219WeLviQxWa1t4gu7Hk6dANkKKPuPO6kBs8EplR1HPSviT4YmSO5aeNkDhWCMxyUk6lhjGMp8oIPryMV7CglnkYq5ZnDCSRycE8kkZORyQQcn1xnBrpzjCUq2OjiK15yhTjFRbuk073Wul3LXa/XRIjh7GVcNl7oU/dU6zlKUfid7eWrt6fjo7XtY1PWLpP7RmcRhCFtYmMVtGuOgjHDnGCSScj9OehtkdWiljx8xO5FI+6MhQc4IHXIz/e5JxWvcXFrFC0k0ql1JAGeMLkEk9Sc5IGSSR3xXn+u+MI4gsFuS80rbI0hjLyuMgbVjUFmY8YwuSM8ZBFOhGTSjSp8sf7sdFey1S6tq73fRrqrxNenBupVnzSbulKXvN7Ky1avr1aS3va5p39/aWSMpId/vqvG/eM8E/wjAPoCM15/qPiTUNVnj0vRLe61DUbiZI7ez06CW5uppGO1URUVzneFAJAG3J9h9DfDr9lX4nfEuD/hLvGN1bfC74eIolufEvipls7i7tgCxbT7KRlmuGMZG3AGWKkEjr6DqHxu+BH7NdrPoXwA8PW3jHxusTW998TPEcEdyY7jlZJdKglEggUMC0bAE4IbOea9WjhuWzkm27XVtFblurtddNd97I8WviK1S7clh6O13ZSaun7sW7rXS/mcT4S/Y+1OPSYfHX7RXi+0+Evgzy/tSaNcSRyeLtYiwHEUOnl/OhEynCuwypJJU4NT+Iv2rfAvwl0u78IfsweDLPw5btCbW58eatFHeeJ9TbGxpo55F3wFzl0CqNuSCwwCfknx38R/HnxT1W51jxbr9/rV1NKzk3d1I1vCGJPl28BxGiKPlUKuMAnpXFrbJbkEHzpSAM4G0E9sY6DPUZzx7V22bXJGKhFWutL2uld6We+vlq07HlVMUopqhdar35W5nrHda66XTb662sSa/r3izxzqNxrvifWL/VL+6l3z3WpXMlxIWf5mwJGZY8EgAKAADwKm06yjjUG3jMrqyguwz82Mf3enfgdPlGeMdv4P8AeIvF99bafpmnXd5cXEg8mC3hck7sAbjghRk/KSO+G4Ir9Cfh1+yT4a8GadD4l+MGrQWMSqJofDkLK13cbRvEcoBBXccq2Qpwc7mANXCGt5xdml620dl+tvk02zj5atZ3d5N3959rrXv+StsfFvw7+C/i34h6pb22kaPdXgZlDXBgcWkIbvJK37tVC5YnJHORla+9/C3wh+EvwQt1v/ABvdQeKfFAw6aHalJbO1mABC3LqCAVbarLuIBUjAq/4p+N+naZp8vhb4eaPD4a0aKMwR/wBnwqup3YUFFaWVVDoGAzkkZ649PmnVrm7uIWuvEepNaRTSNMbcM0l/cH7wEp3FwxyBgYAOQQSeeiEZ1PdjdWT0W+iVtV0vfa7WmqJq1sPgo88pRlNvSTdoJq14rz1ey7dz3rxp8bdc8QRLpukQjT9MUNHaaNpQ8qGOMZX/AEl4woYBcE7iTjk4yAPEdQ1dFKpr9200q/PHplo+5dzAtiVwfvAkZzkd8cGuTfxFcNBJZ6TGLGzAw8yENcygjA3SYyC2RlByC2QB0GFBaTM00ssuSGVdjHczsT0LEscgHJ5yCDzjIHTTwOkJzb3XuL/t3fffZ2beuvQ8HE5xiMRUnTptqLTtLs1a6itUntZp9X6LU1PxLfTiSK3RbSxRBtt7UeUGIA5ldRuduQWIIJPU7sE8lIPMeMKjSPOxMi5OGYk4OTgdMHGQT65zW/NYyQW0rO6qr7j24z2ORkHGOeCcdqo2MayMpBwwYqFXhcDOW5/hI5HpnPJzn1YUoxXuRSVtYq9uZ8tm++nTXtqeBWUudKtPmk7N82qavFtO+l9d3trd99GBXYxW7tsXGxmA4wCSSx6dOOPUkHg1q6g1v9gS3ZVQqhIJOGKgjLOT09QDg88hulVZLhYZIrfYzyK5VYosl3Ax97qSSASCQSBngYxXTeHvAHiHxjqVtB5E7LI4EVrHG0ks2SMKI0GcklVbIwQAepwnr4DI8bmdWnDD0J1HNxUeSLabfL0Sv3en5s8LO+Lco4dwdavj8XRo06UW5Oc4wjFRSct2r21tvazeqSS46Ge5ulFlp6E7WXfM4JXIYHj1AxhcEf7Pofc/hT8B/G3xT1600bwp4d1DXr+8mjT91BJIiOxCjcQoVUXklmIXAz0wT+pX7KH/AASm8ffFKbTde8X6fJ4S8JgQzNLeRNHc3Ufyk+XG5BZmXJAIxnueBX7gWumfsp/sD+Cxg6LBrdtah2lLW02tXsiJ90sd7QK7DlQA204wOCf2/hnw9wmX+zq5xF1sU0nHAUmpVXZRa9vU+DD076ty9/d2itv4n8SPpI4jNJ1cv4QkpUITdH+1KvN9W57qPJhYQtUxta792FFKPM9ZpHxB+yd/wSb8MeDbfTvHfx5e2vL21iiuo/DkhSKxtWVfMH26WT5AiD76kZPzAkdvo39oT9vn4Efsv6BL4N+G1rpGpa5ZxG1t9P0VYYtOspYlCJ5rQKFkKkD7zcgEg8Yr8nP2wf8Agqj4z+Js+o+G/Ad5P4Y8LO0sQNrOY7i6hwVJklVixDKTwCMHpxwfxh8S+PdT1m5ub67uJ7i4mZ3aa5laV3LEljuYkgsSeQck4r6vN+Kcm4ew6w1JUataPw4LC8scJh5JRS9rKNniai0ve8br4npb884U8KuNPEbHrNM9q4yhg6jjN4rGJyzLFxk1JqjCV4YGg0/djCPtLLVqW/2r+0Z+2v8AFP45ard3HiDxFcxadI8hg0u2uXit4k5/dBFIUhRtU/KB6ZAGPgnV/EtxcyukkjNvYhgpJbJwAST1J4JOMgevSsZ7t7lPNLEtgn5ugY9lGevfAAzjPcVkSzxRq0tw5VyAzsdqhGG4Nls/LkccH6nkY/D+IOOcTmNSU69dySXLCnFqNOEbq0YQVkl0X4va/wDaXAXg5lnDeGo0sBgaVG1nVq8idWrJKDc6tV3lObejc5XvrZdNEuzFhcsUR1+Utk4UjIY4yScHqMjnnOQRxfiHxPpmj2/lNKittYq5IH3TnOB94k4Az3AJx0rh/GfxOtdMjktbWVLi4CtGnluGVcZyXYE7QCQcDOMH04+Z/EfiDU9VuHuppHeFjuVPMBCqvzAc5AyfQbtuPbP5XmGdVa1SSUrrZOLa093rrd3td9fQ/oLLshoYalCKpwTio3bjtblvpvoldNrr56eya/8AEt7v7RaWBaQyIFaYNgouclgMErnuT1JHBAO7ye91RpXESuzEv+/kfGTvBJ46542j8x8vNcY12y4kQFjIN0g3f3TwDtGAexJwvI4PdIrsidZpPmi3qZBuwGAxwoxwfcZ6e3PhTq1ZNuTck+j1avyta2d7rdpO3rqvoKdCnC2iVlZaJdr6226+mmzN42M9xPuijLRBgVYjCbGOHLngMOAc84PIB5xpXFjbRWpm80RyxxsWAABLHPyoT1A6k556dTwWOtQHznVCsaAp5THAChdykcZJ5BGFycH1NctqOom5uXYKRCWVQh4BAGNu0YAzjknORzyea4Xz1HZtpO3a3RXukl626JNWaPUgsPSgnHmlLltpby9He+ra6b21LLau1tCkcLFwr5Mn8QYgFjjkEHnA9SfQAc9PI8zvONzCSQsWIGSc5Ibtnnn6Dtin3DHzCiqY4yQSOgwcZ4GSASTtJ53EDgHmAghCAMj5jubr94Dv37HsccjGa3hCMdV1S1utdV53dnZbLXptblnPm3TSV7bXT0dk9+vZ76aXYzzGQ/Lj5h6njnOevTpj3HHTl6fMFdicZwSCc8e2cen0J4HQVB144G0Hvycc/p/jzV60jWR494ZlLquEGSTx2HP549ODVvlirvRLq/kv0RNNc0rJXWmjvLrFXfX1aRpEwpHD54KMpYhlyWcEjbk8fQgfLt7MBUlosYuds43gjMSAbgMsMEhcDgZIBOAQBnHS3d2EMUiISx8xgWBJBXKjgA5OPQrz06dmTPFZkGNVOCQjEfPtPX0xk5IPPy46HGOS6mvc00um/O1tW27K7+FJaNW2v2ezV4t/DGzSva9ktXp0b0tZtKzuVdVKIUhV8qGGcAbgzZJG7qOcYP0A75wnkIJXaBjqGOTjrjJ5B91Iz24xjRnljmdm5IPO0fwkcZIIzx9SOuaoTFGYv0JxtUDHGTk9T3HcevtW9GLirO+2jvo3pzPTTdWV9ezsc9VXbd10XTbS67uz10vvbqTiJGQ7TsOA/PUg5wDu6kkeuT1IGKvafCnmM0roiqmVHykHGQD3J5HIGfQ9qxs8Ag4IwB2xxkkKAeDgc479fS5bcktKSFKsAQDuyf4QQOBnjB9epFaOLkmlo++nkrJ3Vm72u/PyJhJOS0tqunovz0+49G0+5tk0qWU+V9q8wlVVBuYr/Fuz0Hcd852k1wl5O95NJcSlTIXVCMbc5OMDbjIxztOPUdMGYpcRwlV3JDuAMhbjcQTgYzwe3zAZBBHI3Q2yZVlm+UAMRtA35HTdwQOh459T3zzxglzO7lbba6Wlld26JXvq1eyu2zSrUnJRhyv3UtF0s1Zx5fs7JtrXXZ3tPfQW1rbRhJVeabEm1QTtycspIIwvsRlfzxkoTuBGegOEGSQcjIyeeTg9c8+hpTEzsAWBIO0AZPGSQc8gcnAwRgcH1PX6Fo8Urj7SPLcZKrnKgcEEk/3hzjoRnpmq5lCNm+eT1acVrdLpdKzt6db6a86jGclzOy3el23pddbX112332WBa2TXEyqoYA5Zs8HB7hQefT+E4+hJ1Tb2lpLGzN5qnadi4J3A8l1BBwfTPXp3zvXCI9w6ReWAMDdjbuVf4QAOSQM7uhAI6HNYM1osl4lsjmMTAEuwxjOSAHY9Tx25IA+nLzTm3duK3SV1pveyT1tdaa6W01NeSPNeNlZxlyyejS0afVt277adG1+m2hfC39k/U/2Y77xfrvjF4Pistjcy2GmM8SSRXaITHAYRy6udqhhyO3PFflbK5WaeNR829wuDgbVY7SwPUnglQfUkAE5v6hJqFsfss1zMY43IhJkOzjOWAHB4wQRyDnggHGMHYhmL7pN/3iMM5zzlsbvUHBH1zjOeXYCphZV5VcTVxEa9R1Iqo/4UZWvCGl+VP5bWWmvoZjjqOLjh40sNTw0qNNQqyptL2r5Y3lZ2d21db2d99DVh1ee2tWhU7WyQsisdwGMcgtnByMjo3TjnGXPcPM4diTJt2k5wW6ZZj68ccfmOBCqlg2W+bOeOQR1JGBjPJ559ulQkkkZI4/yemevryPSvTVOKfMlaTVm9bv8AHy1ta/e17+VdtWbu3b8PPz362822yQHJznjjHP5cduQfTPQg9l256HuO2SRnsBkdlx/Mk0xTnv6cfp/Ucc+wzjF+yuI4pAZEDIRgZUEhsYBJ68dcHOc8ZPVpO+7/AA123vfXTpa+tkuqik2k3/wfIqsiiQBmAGw+xGSTghsDOCTnGD9TSM+Tsx06HbjPoeOSOnoMDrxV298uWYOmA207lA2glR1GDzweOegAIPOcvJzn6c/y9fSnZ6N9Vt52T+9fm2OSS2s9XZr0XTW3pfTXQmxn1+meOvpn2/XkdqQKARzjnknsO+f8jGM9uWB+MHP1yf8AP6/zp2fXsAeMEk+uOQB0OeMUmn0fVadP8152+7UkYwALYzgHCn1578D+QHB64pACckdhk9f6f/WoPU85/HP696ljiLsBg8kAdsnqR/gcj/Clt30/q4EsELPycKCduSB3JB7cY4z+mK93+GH7vWLNUlwIyqAKMgnOW3fQgZHOc9wa8th0Z47eKc53k7whXI9OoOfQAAAEjPzda1/DOqy6RrEE8JYv9o2bdwC5I5PTC8tgAc4445JynFVU4qS7O6vZ3ja3VP0TbT20Q5SdK0uqetui0e9nt5a366o/T34ZTSXE7kurSCXA67sYIYBgAoIBOPl78ZxmvogzJHbCFYyJSu0gE55z8xPfAxzjBwM+3x38N9Ye2hSZ5GaV0S4LIecuAzKSBgcD+IkcDJzjHsp8YzPfpbANv8tjb/MNzbkYkS9cg475POevX6DKcK44eEVq4u6tq7Xinpq9LW1f4xV/OxWPoxm1UmotrVt36Rvu9WtrXv7y0R6bJqpgt5lDMJLVWm2jALBVJYF8gEnGMYyccjgGsbTvEq6vprXC4t/nQNEuCZtrHc/XnoCeCdx45zXjV945a+sdZR7mO1u7C2mikiViA0rg4KkNg/KADkAgkjocV5z8PvG8kX2exuWZka4uEiw3L7iTyckk45GfQgfMSa/ReH6lKhUipyalVTUHe6XK4pO3lb/LfX8h49oTzGjKNBKUaUo3l35+Wy0d07vrp2vdnv8A4k1SVrS5uYLhcW6vIE5V22YLKcAED2459+T56uu6dqkNuu/yWERcOOV8xDlwxJOY8g7gcEYIzkmsPUPEpuX13T9whMqTNF5zgKVQYfcBjORjbg5PGQDyfnQeOJbATWNsV+R5Y45hIAVWVireavPyq3zE46ZY5GTXs4/iajgZQ9pUbhOnOPImmlOEora75U11+dup+cZZwRVxtKpamoVo1qdTnabvCoo80UmnK0X6q1rNWVvTfFurqXlfT7pWeyldpUt2ChVAzv6n5mI+7xyCcjjPmmpeJGuLQSSWxklYFPtMbkly2Q+4bSAUXGCQAO/SuQsNTle4vZJbhUEjfuyzZSZskkSdivrkcAhicDNZ3iHUZo0iaCa3DgMZPKZfLLt8vAOMMO4BIyM9zX5lmPEeJxM6jpSlGE2/dUnbWyslqr7X00v6I/Wsn4Tw+DVGnOlzTpqPvqDUnKyTs3a8bvrZJfhyfiC6LGW3jiJQ75HlyQxz1DckkjnjoByM1y1n5pjkSM4+65kAxgA/3j6ZHAOTk555pLy5uZLiQjzN0rKpDHIboCeMgDOQCeCScjAwbMouoo7dWRYyhDSBAAOCOCVHzsw2jaMcZ9q+ZcpTm6kruTtq+t7Xd7Lstt3re12fpNDDRo0FGNklFRaWml4rlba0S1Wreq9TW8Q3Zkg0s7nZxalZJSx6legx/ByMA5OMZ71Ba30iWiKhO3aY9yD55DjjJ/hUHHJPtU2uCePRbCe6Xc8zM0e0rkRAMAjoMlQxIJ9OjEZxXIvqNxKsQRPLjjIIjQgHHbcewPQg9Dk8cZ05tU3pts91fb1eu/8AleY0OemkkuXmet2vtK1lr0s7W1ffVHZQ6vFHAIj5rzwuJJSWA3nJITOCWXpntggY5xVu/wDHF7JCqW0UNkjhVkESqZWAA53DBUkZHPRsnFXvCmn+H9ScxXgliupYcCckhPOZvlVSSEUHKhsqwAJOQOTR8TeGofDYMU91FJd3Ks8cURWQeUR8mWU7Q+AMnjkZyR81U4ysmnHldkrNppqy11v5PS33XOWLoTquhOE/aQbSvzcrSsk/O60tr/lzU+vSRym8g3xXDcLIWAIbrvBwSTnkHp2wTkVR/wCEk1OWQXEk/wC9yS8xx5sgPDZODnrz8oIz3bGMKUnfggkDKjJ4yfqOFGOACMGmwrI0mxCMcAAEdGxkn056jA9cdcROpJOLTW6S6atre6d7O70a001uel9WpLVxW2rVn/K+q2189/m/SdNvpNQhLSTNDZxxkygD77843Ak7hnJOeO3A+7WTyYE3QuZTJI294wOEJIIbH3cDAAPJPGT1Nrwh4S1rxHd2+n2UErRSPmaQlooUtwQXdXYYJ5J5PJIHGMD2DWfh/otnONP0rUUS7jgiS6EqEx7zt3HeSA2CQM4+7zxmumFGrVXMot7Wbe70vbVJrTZa7vyPBxeYYLB4hUPae9JWapxc+XbVqKaja6Wu612OR0C6tPJFv5iSorBRbSxgyTBgAQecnBwRggYIGOlXrrTr26u4rmKFLSKJWEyxuuVjT5Qxx9DjnIOe1b+ifDtrWeSY39o1xA3mrOHBi4Bb51HTjj8APYZF3NLHPI7ymZTPJFOsB+WTDYAQcYDMAT1B5HoK63QnThGc7ray1a3jpezte+qSsrr1PHnjKdTEShh6qnypc1ua0b20bad27tqyXdtmxa6rez3thaF2a1sxGYGnySfuktg9egyG3diSTXr9jq0cQ1a/1GSKUW1mRYwsA6IzqAjDqoYnBbByp9DivLNPn0axtXubyZ1uxCywxYBEaAYUKCP9Zt7/AHjgkYPRsOpw6naC1hZYLZz5kiu2JpFTPVz6kYAPXPfgV0UKto8snq1om9b226PSysraW6rU8zG4eOIai04wikuZW1bUU7W0s9VZqyVutzurXWPtqWRlvopL2SVVeMoG+zWzHaEUYwMqwyRk7uzGvRYvhg9/Zza5b3lzDpdlLG9wzxuZZZH4PlIDuIPIQLjkHv8ANWf8CvDXh+51KTW/Edq08Ec8cWnwllPmSoSfMdSQCsfOPUAZ5BVvofUPGWiaTr1yLZRPp0kzG8E5VLWJIgciOPlASflAA5wecgivTwyVTlVRpK6cWpSuknFrVKN3onLuvS5+b8RZjicHi3g8so1Ksoxj7SouZ8km48sY3abeicrb6a32+adY0h9LkdbRZJPNkSWGW6jKEKwJB+YDG5eTzyPmIzgDufCHh65vr+LUL+cw6TaQNNI7sURrmNM7VDYVsngnndkA98dB4aGnfEnxZr8l07QaXZlp4Ix1leFiY4kCgAKcgYBxjJVVyK7rxlIs/hxdI0jTgklq8csrW/BYyEKI9q4OcD5+o5OQK92hhaVSEq6cVTi3aN/ilGST0eu+9r301e58fmOfYijUw2W148uLrKM69WXN7PDRk1fmfWclpa/u3V72PLNOMs2u3t+1kr2MIPKgjLAt5LgjHytwMbVB53DvWPN4q1Dzry4R0gMsrQTENuPlBgoVeTtcAAHA6KpI547vRLa8stVtxrRWGzlhjFxAAMOChEaypyVA53Ht68ACn4k8P+FbG7t7a1vInmvrlpbuKAeYbcghk2NkgIRgHjAJbk8geVWW6vePNpp1fKrJa+StdWXS7d9auLwv1iMasJVX7GmoTjFuCjHljZtJ6vX5X0epy8sl/frZTEJANm1AVJMy9PlGMhn4J4JOcc8itMaY5gtbu6YJb7iqQquZUbld209DyCvJyeT2J9U8A+A774g+I9F0rw9ppvrkzrYRRFkVJpN23IX1ALHOecDJwQR+t/xe/Yc+Evwp/Zl0b4ka3q19YeLTZyG7gnt2e3n1S4VlW3i7PFCwJ3AEg8gggk+nlfC2ZZthsTi6EYxoYWDqVJ1HyppRj7sdEm3FNtXvda9Lfk3GXi/wzwhneR8PY6pUeZZ5ifq2Ew9Fc9Rt+zhGTglzcjnLkT6taXsz8GZ7ZrSdrmZ5pdPWVgoYsSXfvtJwNpHQDJ5GegNK31G61LVIzFtURKSiuMKiDOCQc/NjA5xkdARxX6G/BH9hvxb+0hoviG/8FX9jZw6Ipd5r25EcV5dSZaOGKFsmMMAAjBMliOOM188+Ov2ePG/wp8dHwR4v0i9sNUEywC4Fu6x3KZyZbdiqiSIhsqwB9OKX+rGb06NHEywc3hq0lCFWC5o8/Mkou2qbd0m0r69WezgPEXhDH4/G5PHNcL/bGBpudfL6klTxFOEYxc5ckklLlTvNwc3FbpaF74A+Ddf8d+PtE0LRhNd6lNqcKQ28BImZnlUGRSASuw8gAkjjkbRX9gPwg8B6LpXwrvfBvxEa/wBX2aPFDB/b1tJdWsbQWytNbRwyZMhRwVUr0YZ5H3fyF/4J6/snfEvQNUsvjL4a8KrdppqPHaz36j7RPdgDy2itJAWaI8ZdQQACck8V/QJ4I1TxBr9rqN948tNN0q/0SKV4bGVYY7eSZLfdccYwyqcgcHDZBAG41/QHAmQSyrI8S8bCKq4hXlFv36cGlypxv1T1drWb13R/mL9LLxRpcRcYZRl3D2Iw1fDZJiIqdSMoTm8XKopVI+0U/cVFQTjbVySuk7I/j1+M2hJB8WviA+hagttfrrGpWGkadcxG2ihsFlkXcYmbCRpFwny5UgEjgZ+KvFeoax4Ru1s9P11NV+3wXH9rQ22GihkkcrJHKed3OcE/w4zwxFfbP7W3irRLr48fFfxDptv5jy63fQWUdnIDbwSCaSKZgE4WFmyQegzwehr81f7QNzdXzzgJO127uhJIlQuQV3ZyB6DjnPzA1/KvE2X3z/GzveCxFX2birxajVdknr7rsr/O2yZ/qP4LY7E1OCMlqV3VpzqZXl9eoqrUKvO8LSlLZatvSSdm1e6u9ex/t2/udIt9Kx9jtowZIkRtqzsWJZ3BGcA5xzz22jgP8PeE77WL6we3V5pJb7c0sELSIkIOHklYJ8mxctlyPyyT9Hfso/szeK/2nPiRpfgfQdMdYJ1VZtRIY22l2jEGW5uCAAAP4QT+POa/o58U/sz/ALMf7Bv7Mni3TfEGi2Pij4m69YC2sdfvoYpJIrqeER+ZbRnc0VvGxBYjBZQTuANfWcLcDYrMsJPM6rhhsuw796rUXK5yhytqEWlzWWnNpFJ73R8T4oePnD3BWa4fhPCXzPijNXClSy7DNN01XtCM8RNJqG65KdnKXLdJLU3f2MU1f4Z/six+JW8O6dqNjo48+wnXbFc3HA33LuoDybAuw5JC4Ibmvz+/aV/anvfij4k/sbUL6bTPD0hR7vTLSXbawyW6nLKQ22SXK4JPzK5wQRjHafs6/t5+FNK+F3ib4aePTAYdE0TVY9AhiiEdjeJMkmLd1BUFxIVZGC8kIeTg1+FHxf8AiRqfiXWNa/sl5NOtJNRvrm3RZfnMM07FEBA3bAhA7joeQ2a/VeJeKKWX8PZfgcuxanB0I0q1GL5b+zjCLhUs72lJXe91+H8heFfglnHE/ipxhn/FeVSw+KWZrG4LMK0ZSpypYqbqwnRk7KXLT5XpzOL35XZPoPjN49ufFGu63p+i6mstoWFpbKQnmvFbAAO7qFYMoTaSCfmyM5II4X4aWaW32q6vVQXMLGVJLghkCKCMKNud5P3Soyd+SQFyeS8G6bd6hNPc6hcRwpGojM8nLyyFQ5Uk4ZwxHJ6sOTn7w7vXtV+zQPDFbQiRrWMSzphFCxjAVFAIDsBkjg8k55Of5wzjHVK85yUbubk5NczspSi9l1V2rS91dNz/AFB4VyvDZPl9PLadb2qpQipVE0+Zx5Lu99H8rN9w1PVrtbqSWWSNI7gSGFWIKxIG6qMfIWAIAIPXA5xnlb3xDaTXCw6cWiltFALrGS7SNgNsbnHzZBIHAyM+lyYxRWcWoSEXEcqRtEtwyhhKpAKhSeQM4OM7u2O3G3tzAbvGn2ZllvDGJpFPzRt3EXB7jGenr8oIPydWNSeuy0V3dt7b/D211fTZux9PSq0FaC1V7OVlJ3TTeqa96+93rpZHaSXL6mkkV0Dbv9lCxSonJkGDgt8oJyAWbPPAz6eR6xf+Ipb2aCKIXVraslusjgNsUYAIJP3m4B4OOnHSutvPFT2kY0u8jW3nfZFbyKu6SONMZLsORu6kEg8nBIwQQK19cIsUkflNE0tzPKdqycACRAMZYYO3IyT05NeXKUaEpOU0nu3tJJNLVO91s3fTXp17nONNKfOrSStZpP7KvJPor8zevdNWINKutLtLKcCzmkvUjP2tRvMTynBySMA45KgkHIOMZqXwT8P9Z8ZeIzaafib7RICYlBZhAxBYOBnaASoweWIAIx1s6R4W1K5cG1nN3FdSSLaCNgWlmyVAfjOOoCnj2HWv0K/ZA8Fan4M1ua51DSLa6ur2DzbgXTRyPbjokcfBCvK33cgZxg4AGPyrxG8Q6HC+R4/FYScKuOVGUsPRlKKvKys3Zv1bva610Pi+JeJcLlGBxNaEoVMTOm1CDcU27KzlZu9tNW0mkump85a78BviH4YsoYdT8LXlrb3QjGn3XkNG0qk5jeSTbuEbZJDYAORk9SIfA9nq3hLWJ4NcspvtZaOO3kBysZVgUDSY+ZDxvJOCrY5y5H7/AHh3QPEfiOLULDxFo2lX9tcWCx2pv4122yAbo7a2dk4mKjBKEkcDOfu/n58f/gP4v0TxEt/a+H20/wAPXDJdRSWQNz9nlDYxM6AtEh27lBPQYHQV/Pnhb47YHjTOf9X+IvqVDGyrJ05rEQdOtL3XGjFSWs021ZWb+Fn4/g+OHjKk8Pi3TjOcJ1FXlKKjJqC9xK71X2Xda273X7r/AAZ/4JufCP8A4KQfs7fDfxj8O4fD/wAOfjN4K0mDSPHclvZIbPXlgi220l1EjLtuLjjM5yC2WY5ryb9p79kXxP8AsFfCHwL8IfGuoWGv6pq+p6/4n0u60nasMBaMJFbMw3BvL2lmJYg8cnG4/pf/AMG+K3lpoXxS067uBOY9K0OfauQu6R2U4QcBsAgkAd+vU2P+C/Om+X/wpjVBGNsll4gtd+0s6iOBWJU8klQwxgZBOeQBj/T7K3PFYdcM01T/ALPx+SJqnyRVRqWDjVUYzja0b62afXe+np8QZPlmd+ENXjyVKX9r4TFrCKrGb9hKOHzD6oqjou6VSUFFXTSu3o27r+KX41+L/FZ8Y2Wn+KraKVZpN5aSUCWK0diIFWThUAGCe5Bx1r58+JnjK6s7CXT4k+y6ettLFcXYC7zEVJVF4LuNrYB6HAY9cH3X41C81C+1RY7WG8+yFJRcXEn+kIsZLCPcdzDoNqgggjuwJH5+eNrvUdVjv5JbuXKOY/sQDBCwAXCZzvIH8JGQct65/kKnwLg6HEFWSpU6MMHjaqb57KUo1FZ8itd21lJ6dT3OBcro4+lluIcacOSlQnWk5tc0vcvaN7PS1+tl06+Aam8Mmq3Vza3HmQeZuQtgkkHJ38tg85GMDGMgZrW0y+lNygtiGaKQS4QhVLDn7pUEcDIJJJA9gKoT6JdjfMbaaOJ1O/AbcWAxgEgE8jnKgjgDrkGnWkkVwHjibCnBlAIBXGcngKQoI528Hhuhx+vzhRlh40ozhJRiopXTVkknyrq+3d7t20/p+Lws8GqcakJctNQfvLXSKdr3Tb3XW22m31P8O/FTX93bf2lLKHE0KoykeR8rAHI4wAgG5t2MZxwBn+t//gll8OvCHiHST42vtUsLbTrGKJIFl1O3jj+2Ig3zSxSspCAgjJ449Bg/xo+Hb+42pbRnDiTf5sahXC5OSpOSwA5YHG4DOOAR9UfDv4x/EzwfpU/h/wAMeMPEOm2l2+6RLHUJ4LeVQNxjCI4CkkY3A55PYiv4/wDpE+BmY+KfDuJyfJM5hkeJxM1GpinSc0qDs6kXGLi+aVvivFtP5H4pxlwgs1qU6lKpTjKnVU5RmpKM4K14yjHaTaWttX0W5/fb8Vv2tf2fvgj4Xnu9Y+Inh++vLIuBouiahbz3jSxAv5TRwsTycoQME88DaTX8tv7a37aut/tK/EifW7KR4PDOlBbTRdOyWWK1BwJ5FzncT32gkE/dzg/nJpHijV9Yee91rUry/uP3jyJeTzXCy3LEkkmSR/mZjzwwGMDOOOn07SpryybUCxh82Yh4ovvNHjIPQFUGMMCAcdOMGv598GPoX8IeD+ZT4gxmOq8Q8QSpyprG4mko0aCmoxqOhScp8spNu85ScmrqKSbR89TyWlg5RhWq83LFRjTStTTikr6uTe7V5b306I9S0m/1nW5FbzGeCOMld8hRQdoG1Ac8A8kZPGeew2tVbX00w2CmAyuCZJBICYoj8o3SAnHoBnOdo25yK4Cx1a5g08wWoZFTckbFG3IM8nI2l84wCCSOgBzmvrT9lX9mf4lftHeJLex0fS54/D9rcxS61rl8rpbParKpkiV3+UsyblCg5PfkED9U49xvDvA+XYvP84r4DAZfgaLqzqYhwg+aKjaEbpOVSbSjGEU229NTPExwmBoTr1ZUqUIrmi7ayd4vlWsVeXbWyun0Os/Ym/Ye+IX7Tfjayn1ewubD4Y6Jdpda5rmxo/t0cbhmtrOaTiV3xghMhRjII5H9XWkeDPCXwr8C6P4F8DaZa6NpGgWSJGwgijnnSKMbpJZVVWlkl25LszZ9SpIrO+GGgaN8Hfhz4f8ABHh2w0vTbHStOisVSwgVJbu+CBJZ5igDSM8gLM8jMefrjkPiv4sk8NeG9Y1TVPOub5NIuZ7aCDouyMkFhwoJx904PTnC4r/Frxi8ZuK/HPjOhg4OWX8K4XGRwuQ5RQnNQrr2kY/XcZbSpVqqzbceWnBqMUtZP5jH5/g62EqxwtWUqkoxpy0UI01aMuSLT3cmndK7bTbWh8t/tH/G6403T47J9Ti0y3dJ4zuwktzHGjKyqhwQrYIJ75yecg/zKftP+NNGl8XXOu6frS3s2opdRPpUsWVhVCcYAIBJycOT0PRvlWvqT4//ALS2o61q2sDXtPudRuLSVjYW0MjsILUO4KsEUAcbSx7AEkE5I/Ib4lfECx8X+Kr170ppyRKwto4NoeFuixSvjapTPO4HOeueR/pJ9FnwVrcN08Pi69JwlVoU5Yl03TqqbmoT095OVt+bVpqy02+58NOH8TUq/XMS23V5Z8ympy5Wk4pRTVko6Jbqz7Hz3458TDVHlMAntEju2MzLucyvu5JUfwgYBAHQjHVs4Fjr011LHZAkG3JkDMoKygjcGIPKnCZ5b1xjAB39YFja3rvEfPikb55HCPD5r/MSMYBAHy8Y2jg4IGOM1C7ijuBfwQIkZcRdeijjKKOCG7ccn8M/6ncP4aGFwdCjSpckYxjdWacUlFK9tFeye103q0mf0/l7VChClCL5YxS1vdJJXTtfXRXVuvZs6XU/EiJBKLmRBBlAQFAkd1OW+UEHCkDp1PORlhWVpF5/apkklnaO3ZsoVGwMUPyRnJAzgfMTkDqMAg1yGt3FnPcWsYSWOFlSQuM7mYnklTk4bPLMw6dcACrodY1WwtbiNIs70QHkDnczPgHcQSRz04HJNfWwoc0U7q3Zau2m60a82/119ONS7s+qejavZ8r662avaydne/lu6t4stjO9n9mDCILEpTIEm0DPAPzEZAJyQSfl6ZrzVZNRXV2a3lURSDzXCsAEjBIZTzySBgADPBwMji9rs1tZXKPuZnjRd8p6YAOeBxk9ASueB6qa8kuvEBOredE7W9uFIwCTlC2cEc5DZPXAA6kda6IqMVbX1va2qtdtdvVN6Nq9jos09bJ7dbtWWvw66Wd72v6pH0bpmrw3e6zFu6rlZFkj+Z1AA3MSByBgnk4BA6gc87PqmotfNbaek6CK4DxSksEDEgNIeMBl4PIA+nfjNC17V5r+2hsYSYCoDKqk7k6shzyikDABO7JyfUe2adr1qPtIn0pradwIkCxqfMYcfKSOGJOWwQckHoK5akWm+VJ9NdN0rO3fp08lexE5W5UmpXv2WjUW++q06J9UiWW60+e3ksfEUzz3LxK8k6tlUVEXJUDhSOhxyfTJrzLb4Xub2Wyjg8/SiSBKgJkaQ/IDjlScgZ6kZPaqniKdvPnjzL5kuWMMjbNi7mGFwO+MYHDdOpNJpNhptvHDJDMHupJNzKHAERGSTtOOhJAJ6N060nelFuN5Oyttd35bddVvJ9X3VkYtz1upWdrJJO6XLG+1na72u9XdpHmHjTRLTTdSdtMWc2H3QNpASQ8kBsZJHUjkA5wBiuYt7+7s0k8uVoY2I3Kp5YZB79Dzkr06DHyivY/HL2ciwi2SWVolxPkAxl2x8zYPHI4Bxx29PDbl2DygRlIRIwxkhiBxnLcj2yvb1AA9TB1qk43bt0UXdP7Ot1f7vkVHbV3s0k7be7FNPp0uktFsdvo0mm3MbeczLcMTMC4+ZlHJVW6Bsg4OD175qGSJ45HAjkzIxkgRyRvUYwSv8JC556cKcHpXH6bdy211C0KliGzhvmxnnjO7A9R6+hr0FIrq/WO68wIQ5DIHChAF3bQpJzkHnJ3ZAUBh09ai+eKdpJrTRW009G0027JPXVsxqK11ay6Wu90k7Lbe7fnZ+lWOC6a5jllRS4iyCwL5bbhYwpwDkcA+/wDEQM2ZND1SaCa9nxGsYDHccsEILZRM/KcDt8oxjGeKjvtaYxrBJhZFIjQxrtI2bcFmAI+YjA+hP96sm31+/uLgRSSsB80eTuKIgzgSD+Lj89pPYCt7xXuvVyd763t7vxX22Wr3vsrIzW2iSbW9t7cu+lrK10/8PYu2l1ZCZftZm2hDFGy55K4XLj1OdwzzjjIINaxu7K2ntkiQm3IJeTOS8jHIJBA5A65Awc5BGQOelWKWdpVlDmNQpjUYDs2QSoySQe3HXjjnN68sbl7azkhRwq/K6xjcVJGBhv77dwB8uQM8FaUHvpG99NNG3ZvW6V3ZWa2eydrlWja6struyTbtC7dtHd3V29eXW+xqXuq27W80LGFtwKoi4G7c3yl9pI3ADHOCAOTjFYEEAvQUQvGlux3MgViSw4G3tn+9wMdOmRFDZtI10kqurrghQSSBkBi+QNo5I5I54A9botLqMQiG0ljibHmvGWDN1wxx0LDGQcAjjOCDTUnd3WlkknZ9VdO6Wt1ffozO93LVX6R69N2/Po9HayVkSQxQK0yXBaaeNQsbSZKxqeqljkM2TnhjyMA9KoNeSQSC2jIeEsWYsflfHOVXBI+YgAcgEcjnjTtIoTM7ygkQyZxncZCCcgjHzAEZwSDnIAHG62tnY388jvG0Xl8xjbhHYnIVgMAKDtzkjGMHI6WotJWbV7aW96zte7W6dldtvW/TYTs7NXurq2r2V9Fa62166+ZHFeyNG0MrlLaYqcBSCFXIDHJwDkcd85znFZRvIWuWhcyz23mZdc/KUTtjOQwB5xyRyAOlW4IUn1H7JdSsttExZ1jYgrsGAuQCMAE9cAkZ5JFSXctkIxBb26kxzBRIV2sVVuA5HJJx82c8AnjklrW2tle12ub+VJNLvdNWXk0kCtG7aa06620i3dJdP0+Ywi3hDSxRvEqnzYCQArL1JKvzkDBCk+vUnFa8XiDT0hieaHLY2kBdqyH+/nJP5kg849srUbyGV4kKsGhi2yR4AjVtvKjkAHjCg5yQcA7SaoeVa3MUcjDasZG8A4KDB4PQlsZJ75+XrVK6Tta3VLmavdWlours+ib9CY72abT6ataWd+Xvdb66L5GxHZwaiLi/tE8sxnzJN5AjyDwADhSBj5hjAHfJqnaOwuJghSV2HlBAOWY9DjIbAGPu/eOCCSKkh1G3Ma2cClI1UxmTeF3g9A2ep4I69t3O7JmsvJieW4WFkdHG188Jt6knk/NjjHbjPTJSajLWytrf0t8Kta/da2uiakUopKN0mla+qfupJWutN7u6V949OmhjtLiyhsrhFgmEhZ5PLxgjqCe4J749TgZ55+5s44bhQjrLJ558lU4jdABgHBAPGOD2PPANIt1MZZ2mVplfPlDJA3kE4AHLdBjrw3TqQ9ra4kEFyI32o24qVIKHOAEIAJ2lQfm4OerdtbptfabsndpP7rN3VnZLS7u0jmipxVmuWLadtk7WWysls+710sS6WUi1OQ3gWONmMbKCSMZGCnIwRnAI4GCSOMDshpCx3YvrUzvaSpkMSQj4OSrEA4UAcE9flBGeBjJpeqywW97NaLNGJsJlSpkGejtyRkZPIyceimu7htLtdOhmEypDIriW3LALESCBEpJxn5cAkfMdoyDwfIzGipx5rttWfVatLS22nXWyavsc9ey95JX0V7a9LWk7WWqbSfmttcW2trcvcC3BQMQ5Yxj5sHB2nuBgjjHI4B61fhtLq8mgsrOIz3d/JFb2cESb5GkkKqvyDnuOSMAZycfNVQpDHCwRXLRFsoM7FAb17qAQSoPXIwcgD9df2Cv2SrfxDZH4x+NbXZGY2TwvY3C4j2hSGvJI3UqOhEZbAz8wYk8cuRcP4nPMyoYampez5lzys+WEL6ydvtatJOyd13PieKOJMNw3lmJx+KlFulTk6NNNJ1J2bhGFt7vffS99b23v2VfgXY/Cjw7FrOs26nxNqyR3esztjzbazAEogQFcjahywHQkH3r6m8RfESwsPDl3rEVq8OmW/mx6SoASW6mQMGDB8b1Lcg8AE56ZNe5a54J0Ky8G+IH+3WukTNZyRPqt4VWO1UKdgWRuGL8BVUYy23GTz+SXxK8V+I9QRbB73fpujyz2drJA+2G4iVmD3OwABvMxlcg5OMmv6jwWAweRZdQw9GNvZwSfLG3M1FJyb1estXo7ru7p/wAZYrMcfxnmeJxuMqSkq1Vy5ZX5IQckoQg2ny2WiS0PO/i58UtY8SzsHupWZ5JkMJk3RW0RJXy1wMA4wGcHIPJCkc/H91p02p3rrBD5kYkyWz8+7OGJY5LA89MLwBjuPQ/EMs326TY7NGWIVP45HLcl15OXy3THXkA5zo2elr4esUvtQt1N3qUY8qJjlo42HD7ee34nOQScV8Bm9erjMTO91CN3re1/d2duVLR2bS6LbQ/d+FMJh8lwFJwSVVxjFJap3UeiTS5bXbsr+pz2n6RBp4it0YtM7bS8bH70mMCTJ4Xj7pJOPQdPfPBOj6jFeQy2ttbvL5UcZvLhlCZOdwVc7SFXI45yAcjkN4+NKYx/2jbxF4i4yhfaNw5YuMcKCDs45HY8ivoT4fiGe2tH1CWKytIctCmWaWWQ8BSMqWUkkd8jHTGK+h4Pop4qEknFqSla/wDhTtrbTo7X2Wm4+IsW6+Hqc0m3Zya0bUrKzWvLs+i0u16fQuk6ZZtosnlCHag3PNCrK73JQhww3AmMZwCcqccEHIH97f8AwQ00r+y/+Cf3gEAYF1r+uT5xjIa7BIz2IG3nnIzu68fwhWCxf2UjRxFYFidk2LgNKUYhyAQWUA5BI68d81/fl/wRmtPs/wDwT9+EqEbBJdarN0YEmW4BycHIOOOWA47tmv1TxmiqHhblqjF2r53hFO+msaFaS0T+9Lp1Z8L4Jv2/iTmvN/zD5ZibX0terQWi7aKzXZ6d/wASv+DnFm/4T34CmNysg8Na62VI6LLGcfjypGPu8ZOST/H7rdzqF6pSJJCfMVPLRSTJtbBJReoDHO4Z29Mjmv7Ff+DlTTjq3xN+BtsmR5XhbWBkAcFpUUc5HOeNpHzcEnPJ/mx8BfCbSrO7j1TWsFo90zhsNGAcMu7ccEkcEDJB7jBr8sca9bhDhunSU7RwK1jdpJzk9dOt7Pvrtc4+O+Osr4Q4x4mrV5t4n63FQpRs5ybpUnslbR3vd2a03Z8YW3w+1fVIftd1bShHx5cbDbIG4wQGGTwcDOVzk5PWvafhl8KraG7t3ntJ5JjMqtGU3LGjfePA5IBYjBGMDkE8famu2vw5msFQ3Fn/AGgYwYYYQsZXYMINoPzP83zE9eSQDiuT8PPbaFqEV2xjhQKpjLEFShZQpxt4fCjIO3B5ySVr5HE4WtTivaVOWLcbpavVR+JLr91vm7/imceNOe5pTxSw1Cth07qhz02nUTsotJ6tt3binbTY7HVf2VrjXvBF1rnw/S9ur2yt5Z7+0ZAUWMKGk35HXA+UMvVcHAya89/ZbtPAFv8AFWz8PePtYh0iKI7oXlRVZdUicgRzSOTtWORCD82CFI6gmvt/R/jh4A8F/DvxQ2jeIYU1bUdJe2vY7ttqo8kcgdbVCRuk3cqAMYByOmPwq1zxPPe+MdQu4bycSXOqTXEN0gKyMskx2qrKchXz7jnjOM1n7eWAnhqlGspuLTSctEk46PV251vvGMt+h8/whR4j8QMu4ky/OZ4jA0HTnGji0pQTVROMoQk1qpRS5rNWu0nufun+0X+2l4w8NXl74E+HOp6lPp2iRRWkGsWDMxuFjjK7IDAhCIy4AIIycjgDDfkn4++NHij4iwyJ46uLm7WPUGmiWY7pfOLsCZy3OchR82CRyOwP7H/svzfBjwd+zZeal8SdE03XfHviOdXsZroRzyrGsYMRZpAzRlQTubvkZB+Un8jv2ij4N1T4n37+EdJgsNMluEe5tbdwU+1M21yu3IGWGVIHTIzwTVZxjcViuSrVxdSpTlFfunL3Y35JRjKCfK3BXu0tVZu7Wvg+FWW8J5PnWZZLgsiksXlsqrq547upVq0pOE3OpKzi5WvHlb923ex03w++M3i/S5LSPQZLyxTT1ht7e1spHgW4XIBLRxbWkbB9eN2DkgY/Zf8AZ9/ah+K11p+hafdzzTW8s8MSxTQyN9hhjZRLK02FxtXcWdjkAEE4yK8r/Yk/4J02vi3wzoHxV8da1Yadpl/BLqVtp0l9Bbx/YYk3o9xcOWWNiuVERXI4wcNWd+2V+1f4E+FHhzVvg18IbLSNJ1fTZJLK88TWMMUzbJd0cywXS/NJI69ZFYBTzk4yfNjQx+DhTxSxKoxqRtGDnfmUlF3aXWydk1ZXvbXX4HjnC5N4icUPhbhvJJYrMHXnDE5pKFSFKg7r2tSdaF24wbbvJK89ItvQ/Qr4sftH/sx+FNP1Y/GbWbXxpq1/p6w2OkaC0d1JFeMuVW6A3tHI0h2O4ZTwCccsPsT9kfXv2X/CXws0r4tRNoXg7X/GUDtFH4kkiiNpp8LMEW3EhOweUCwKkFjgDA3Z/ji/Z+8JeMvjx44tNA0+4k1C4utQa6vby9d3/dLLvdlklZgpxuYLkfMwz3B+i/2nNQ8afDTWNO8KXGvancabp9rHaabZzXEsVtbhf3U5ihVggQsp2uBhsgA88+tgs9q06sJuMZVFGLT1i4zurt1U272X2Yp3v01MMV4M5XkePy3hDAZ1LF5vVpVcRj3i3Oth6EXGDvCgpJqqpOTp+1lNW1UdFzf0Iftd/ts/D+7tJNM+EslpreoaXfRXFxrQYXNpPMrKghtLVSwcKQGXCjjPUDFfz9ftVftAfE342eI4/E3jq+86DQsadpmkzKIoraONQnmi2b5osqF2j5c45XGTX3t/wSU8DeAvih8VW1Lxx9kvrHw7pjXi6brt0kel3Mu0mWVzN+7kCfMyKc5baBwDXzt/wUW8L/DDxF+1P4g034MxRad4Zn1aysr8Bd2m3GrNLHFcRQSI3leQH3AbOFVQTwMn3c5q4rM8tp4mc4qCgmoQd07tXSel3de8pJNars19v4G5fw5wVx3jMlxaVSpRqN1MXLkp8tZKE5SUILkjC00oytq3ZLqflf4n0Dxrq+k6vruieFdTv9K0+JbjUNT0i2mng0+I5KPcPCPLiMjYLFyMDGScV8VeILS9ujNJcMzXdyzSxpLy2wcMpz+IwOVwSR0r/Rf/AGOf2HfhV8GP2RPFfhLxZpWieJdU+NfgDUr7U9Xtora9ttIS40mSSALcy7/Ka13Kx2MpEi5xkYP8Ffxp+G1t4V+I3jPw3pj3TweHvFWsaRpvmqwN3awXskcMkZwQylQuwjAxt527s/luX4z63Xr0J0ZUXSmknLRSipKPMlondJtp6pas/wBQcdDJsky7K8xw2Y4fEf2hQVRRjUp3i+WEmvdburSTbs7teZ8ef2dcWzBHgfznbcgA3Ffl5+UHnq2BjA+XvzWrY6XIl0ZgSxUjbCwwzOQSAQCSqlgeoPccMcV9G2nwy1/VWsZbPQbyeYFYYmiVj9plwC8e3kblHOO4JB4OT9U2P7Kk154V0y/07Sbi+1jV45Fa3uY/sz2+oQ8tBHMwxIeGVlwMEcYBJr3YLDU6kYzlHeKvra65dXvbrdPRvV9L/n2b+KOS5Y6dHE4qm3Uqey92S9xxaSlJ3vGKk7NyTi+29+1/4JU+GPhf4h/ak8JeFfippGlazpHjJJvD9ra6sqzQ22s3cbrbyojZAZSwCvwQSAM7sV9aftR/8Ew/FPhn9qfW/gfoVoY5vGmtW0/hNo4HGnrbaxKGtERgSFjtkdRIQQBj+E8D4Q+APhfxz8J/i1ofxKl8KXCN8M/FOlaherG+1YGtLyOSVGBA3eZCjBihO4E4Yniv78tP+E+k/tSfED9jT9rLwUttc2T2Vi3iqJStxHbKbRJZInCh/wB5azp5e1zuU8cGv1vhzMcrwOBjVzPD0pYL6tjfZVnFW+uUqP1jDxm19mtySgne/NZK1z5H/kps6liclzBVJ1ng3OnQqKadCdWNKpUjy3V4RcZbKyu3pY/ii/4KI/8ABHL41/sH/CjQfiD481HS9e0/xJfw6QP7LUSvpl68XmKsjK3+rI/i74YFT0r8qv2YrLS9J+It1cavKkVzBaXH2Qyx+YgnJym+MgjfggElvlxzz0/t2/4OVPi/FdaR4V+AliWmi09ZPFupuCMx3GAlpCc5Y5QnCHqeByDX8i3wP+HGjCPxB441+zkiaxEjWSqM+dcFirBkypOAQAR0YjocE/n/AB6sVLg7D8QYqnSw08ww1SpTp0IShFRk3GlKMW7qUlrq721u3c9zOc6y/LqXEGQUcTUrOglhFUclKq6zhTVSLaa+Gd/TX1ft3xF8d+HrXTLJLmHSrK/Ng63F2ttFIJ1ZGDFkAKiZuPmJJDcgg8j8p/HGr232zU3091mtLi4nn3BAZAQ5wMjGASemOmOcHNfWnxvuNNKW9rYyrFNfsbieFm8yaMYb92ASdgwcEZUj5a+M9R09bq5a2jjaKJZG81x8peMkZYnqeTkk5z1zxiv5xyjDVPq/tJzqOU5N+8k5WkoPdOzTfdXu7NJp39jw6yaGBoRxHtKnNPlk1U1u3GDfLa3ld9W22rp38pN3MzzOSxaUgnKHcuc7QvbjqcEgYA7VQur+0hglkuW3XBAYSMp4BJAXbjIOCcHkjO7HHPVXOli0kuJI2dxkrC2OGJOOScjgkA8DPXOBkeda7bzxvLJI6+WEBG5cKrsc4785I59h3NfR0YU52Upa2W27Wm3TRadPuufu+BkpzgrxWiSd1duy0tey632s/wAc3U9Rt5IYwi7SGJTaCS577hliqnByG/oayLG1kv5kMbfPLOgEWAed3Rm7Dpk8DqeOcRtEJkDTMpzhY1UEbWY7RnIyMYGCDxnrxX0J8N9G8OQWSNe2xuriWe3SchCXjDMAzRuuME5AYnONoFZ5rjY5Zg6lZwlNxTsldNvlvbslbZt69dUdecZlHKMBUr+zlOWrjGmldu17dFpZ7avzvY9x+BekeFdIliu9Ru2m1S5aOCbTsgJHHwB5bc43EDB4O056V9LalrY8PXSajHDGba1leZbOdw8hVFASReCxGBjOT1yOCCfLNQ8D6fZwHUdNls9NglgtxbXMTZeJtoJ89g3Ehy3zEcAnPJCnlNOg1zWPES6Ub03MTr9l+1yszqIgBulXPATn5WZWyBnnoP5xz3C4biHHVszq4qahThJV6daDXJFNLlpyvZuyd9E9G7XbP5sz7DYTiTGVszrYmo4xi5YinXhJOkk4pQi5e5pa2lt1o9z0DXPiA3ilHnmsnjURugmQEraxOSoaPgAkZ6YGM5X24CXQWCWWsT+IGS2lcrs8zEogzypGcqWHOCDycnrXReNIV8OaHFpUF1bAs8scMsahZJccM7Hj5Q2cg5B2nA6GvHrLU2KxxOslyI5irhixDMw2gRqPlCZOT8uAMdM5PZw5k9PkhVwcXRw3tLRUk05R02XmrN2td9Vpfr4ZyfCQVOeHh7HDynGKbjZuN0+ZOz0fV33vfUxte0hrvV5rnQ2ae18xw6KALiSbbx8/3gCRk4GcEkKeBXpHw18GaxNIt3fxROhinHkzkSi0AzmVxwd/XBOMsBgA4xo+DPDunSm/uNQ+0QXskw+wSq37qOR23AMwABAU5Ytxzxjodq2h1jwh4hE0N+slrdN+8kdg8LgAt5QTp8zZA6HnAUiv1vDVoUKcIJR5oRjd2105bXsm7W6bO+6sz+o+HuHMKsDh8QlGo3FK8eVtL3dJWtp1bb1S0PAPFujanba5fQyxy2llFM81pMqMiOQxwOAMp824AEEZ6gYrc8E3GhzXlhPqt35os5GLvkeWrqdwjcHsTg5JyDxkc17z4h8N33irwrqOqq0cF8bl/Liyju0J5YxxYDDIPPYZyPb4puLG50nVprAeaAlyWlZ8hCpOckZG1kYjB57AgNwPYoYqGJpxsknaOmt9JJaPTzi1bbqe9DDSoT5buzjeMbte77rS02sk1pfbZI+iNW8UQy6hqN9byRQWqK/2Uccui4VgGPAAxn9cZwPPbu4n+y2+pPJIz3zSmaQnCMq5JVQQeN3U9+K56WG7vb+GCCeNogiRkuwWP5xgkg4ywznPUe3FdB4givrfSFsFRSLdBHHcHawJYAusajgqy88gHJJ4IxWkVGLSV7u2y03jLdaPSXptt7t3KE6UpN6wXW71fuOyaTbV+bXvZN73+d9W1KaLxHb6kHUtbajE8HOQohcFQcDO0EKAQODk5JFfpL4J+MOp3nh61e+YTLMIYIsOCYG2qhfaTkDjo2Mgjsymvy41Zmgv3R2dniuG+U9SQxyV53egYnIHIzgivc/h/wCNl+xS6eRiRV3Rkvt2MqlQVzwzFu33skcYavssnznF5VBxwtWVNTjeaUtJWjdXXzcU7/ceHi8hyvOakI5lhaVdwk/ZOrFNxu46Rdna7Xk3r0Wv3prPxCv7GBoRdzusjxrDLvKKjPhiRnb8wIA9hjJ4r17wz4im1HwqLy7LzXdruLElmTYATuJJGM9ORngEcnA/PS78R3c+nwmSVp3gkG6KU42jOVKnHQqfducnI6/TXwk8XSSaLfWM8mx5bYsEl5QR7MKQx6k9hg7cYbjgcsuKsVTxtXEzr1Wppx5XNuLk0mrJtrdO9r218kfTrgvKquXUcJQwuHjJOLvGnFNRVmrNLV6bNq70S6nTeJ/EdvfWU75MJAKKmcYZCykt8xOCeevIBIr5s1a9t4XmdpUxsLOzFcknkAkcEngDr0IxjitnxKdTtzeag0xmshJOsYjywXazAF0+UKoHAGTxgE/MK+etV1u51S+ETMptQAzlGIbap5Qk/KWxn6nrwTXi43N6mYSdST55Wt1V9U9bbJrXRW9Sv7KwuVRhBRSgrWWlumumybVulrbo8W8Wadey69qF2beSSKeVpRMikLsPIw4BGMEjC4X5vcmuRkEkaGMIyEfOQ6ggKMcZwOuR9SOMYr33Utd0wLc28yAhYCkSSAL0XHXpt4BGedpJ7Ba8lt9LvNavnSytZGLsqKigtGq5A3Ng8ALyM5AzzjGTOHrzqRXMuVJfFe10uVpPbW6T27vtby8VGlBuUXdO7bumlsnd2VrLz1Tst7PDsra4u7qCG2QSSSkKoCk4J46AcEdOeOccY4958MeBrjQ7d9UvYkmvASVgcggIVyGMeTzz9egHPNdZ4e8JaZ4L06PUdSW3XUSuVWbYyoCobPzDgDac85AJz8vXA1Dxg93ezGO4jaORWRJYwQoAIHl7AfmGcYHXHK8cHhx+JrJOGHfM+W7krpbK+uvm0l+N7niOvKvJRpqShF2clbayT3ffa6enk7ljVL6R4mWeBR5qblCt8keM5AAyAcdRnOR0PQM07SLma1TUbPMzIhUQBwHAU4JIOSecYYf3iQAzCuXudVmjWa1aFZyV85CoJ8vcc7ieR0zx2PYnrV0XxJLp5dhK8crMUKAnywrdTsDAEDkEDjGOOBjxZUMTKnKSaUr8zV3a11s1rr1fVdNDtoxhC2lmnq3dbOL8r9LO1mdi013BCyXNsUgIaTzXb5w4yQpY9SDjHHTGMZrlrkT3bCZi0btIBnI2MgPVlHQ4HX2Jzjk6WsapPcWbSM4kJdXMMXKlMjlgGyCeF6gcgngc41vcQi3E0+5XWUHY7HAUDOCuOnzH2z/eIqKVKpCF3BKS3V9XqrvVaJpvRba/LqUYv3ubTXTZq3K97NeWmi69L1bvXfs80kYh+5EY1Y5UKQBkgc53HB5AJ7cVzzNLG/2i63bp4ywzhsq5+UjBG0ngYB754IFb+oNbPJbyIYVbBURKMo4bkFwe+TxzweBxmo7LSNR8QXL21rGX8vhRtwgAI3ZdhjAOO49cdSfVpexp0ZTnHkbV5Nu26jez6O+191fe7H7OdRcsPeaaaSS1+Fu9ntoul0rPsRFJLgw+W6/Z4Ywzk7cnGCCV6k9M7jyc969g8E614Z0KaEyaal156q7TzoAizbcY3H5dqtliPqccVJD8O3h0BxbKsl9OwR3Zl3I+0bo03feRlOM575wQMnzO50m9sb230x5i7EkPGCoAIblCeowB97IyMZ9a8+VWjjYypKbULLmScbPRWdnbotFa217tnXQp18FONSaWtmlypxSfKlZtp38kmurPSPHHi2XUvPj0u2LQW5whUZhQSH5liAGFDBjk9Tkge/P+C/A+rapdwa5DbMsFtMC0IZg8kjENuZSRnnIJHA9BjNb+g2ay+cEaMKhijkgkUOhZRhnI53DCjI5OOOSSR7P4ZkuY/t91alYY7OFRGsKYilk27DnbkMc/dPv1PSvJx+NWBw08PQjyuV4pvazte9uttltputD28Ph3ja8KlaT5YvmsrJq0k1ZeVkmm1rqro9B8Ii2+zXjXmnxyxIFS4lKqZoGRMFYyQSQpXkqTkdRgGtnxEnhtNNBtDJNcPF8u4keRKQMFguBs443D9W58bj+ID2E91azyW4knO3yBxh+rMSONxPGMdR2HI6ax1zT7qxmjZftJuFBlVzl45Oo2MBwowSOQCRj3HwWIy7Ge2jiZylJS97lTfLrKLta+raXbX5H0scbhYU/YwUOaMWnzRV73V/NNrVpX11v1MTybxIJ/KSO6tmdd7bsszkcKgJJBXbyBxwMephnvtR3W8EMCJcyq0YjRCx24wN4AChuoIAzjBPANJpz6nPqP2K3hG27llELDIAwTh1J27WXgkkZOO1dzdWNvpdvAXuEkvUlyRx5/mk/OA3AZAeN2BkZxzxXVKUqHJF025S5bJRfw+6k9nbeXL+Ohy06EK0ZVFOVOMdG3ZJL3LJXV0lfRfLu1yWlWdyk8MMtiQZZNjoM+Y8nGHQEYj9yeDgDnv6FdaVqdvbKuo2lx9kkfzIFQNhAOjSEZAJO3gjoODjkZaa2kZghkALvKxeXYvmowIG1Omck+vHXpkV2N9rl7ruhDT7KeKOWJzBvlZFmdHzhWB5bvlwTt4yeorw8bLFOpSfslGCneTcE3GN42atbrba3Wy2v6OFwmGq0pKNd+0UdEkkm0o30ut9L27vvpymkWOlammopd2qrcGKRbZTGrJLgffZSpbcRkhgRjByMA18j/ABG06w0TWJrOwt5DHcMyzY3ExTZy6R9ABkcAHgkA8EmvsG00nU7Hy4nnVGgLG4kyC6KxAwp6lWOMlR0PpXn/AIh0LQ9WvXttTt45rlZHMU8eECl+SXf1B9zzjNe9w9j6mExzdSrOrQlZOCb5Y35Xor6NPdL07nz2cYO9KMWlCS+FuKTcW01to330SerWh8s+Dfh/d+NdUaytHNsyEySM4G6KDI3FFYrvkwQcDLEbuRkGtnxd8HNR8KtdySanDdRRQiaNRgysuBklQSRzww/vbVHLHb9BeG/BieGb6e6trpTdyQyGJzIH/dt91RtIGQCeWODgMBuyKl1Xw5/abRPPMb2Vzi7jaUgKjdEwQeAccr27kYJ+xrZ/iIYqFSnUjHBxUbwcfek243T1un2stPkreVQyqlUw7Uot13opKWidk7ON9d9UvxV7/Bs6s8rxyZVVGFJGDxwS2PmBBxnpzjg846HRrTSru2u4L+5a3uHKrbAHKITyXPGcckYztA7dq9M+IfwyvNLurnUtOiluLKSQCSOKLIgZsfKCoAwoXnGAScEnJrj7Dwo8mmS3LzeTKZGEYPVzgAbcfd27eR146AkY+ro5rhcTh4zjVVpOKlZpyVnG6aTvddE1bt0S8XEYaWGk41Y8rjez0s1dRvZ232WvRbXOZhtYbW5l2TRyrA67igykrr9wnPGCeCVwB1610OoSX+pQWz29psQc7Fydz4ALLjswHODj0wK3dI8MOqn7SF8wxBoyFGBtJOZM8MQScZXk469K7jSNKEe1XLMAuYgq5AxnIII4yeSTkg55PSuLF5rh6KU01NxSutrJcq+7zs111Whyuad7aKy+Wy2Vvwt5dDym01jUbGRI4opYZCw81ULAvyQQoOAWJHII6jk54Ka3e3GoTRN5U6+WzCQPu/eMQvzFz0JOBhTjtgV6/qmjxNh1t088xkj90oAfk7hjuem3nPQcYNYdvpr5Lzw5lQhnEiARgA7uO2cjJOPvAk9MHhp5ph53rKEIy1TvZSfw6Nb2673ad1d6Ko1Yxitnfa3ny2aejenXazt1aKuiaRaWsEN6ru80kKs6MPmjYMWAweeQe3bnB/i7uC3F1DBLKSsuSy7YwEIAKjhgMnAG49cc55ApkEcENsmIz5z/ACOqjAAfABBxwqjB6cYAq/CybFtwxHO1MqS4zyQSONvpz7AZxn57GY2eIlOXNZttK21rxt368qVtNlczlUule9m7LfV6att6PRK+yfe5bis0LPHhJCwVnZSoKggbhj7uSAemFxnqcrVuTQYpRAtq8gcFSAW25BzgA9CQQduVOR0J4zWSOaCQrsUoOS+4ksiDkbuCTgfw56kZ4BN1IbmZEmh+dwwKLlgVTdjcMkcg8rnJJwQcYFfPVZ1VzSdRe8uX3rpLS9mna9mtWr2ep6OClzSUZXdld6P+6tdrrr1ej36ddbaM9lbKZZEMjpsmWVwWzjcoQ5OeAATgc56sQRl6lZvbOhMnAlTfEfnj24wMkcdCDgjrxkU23s9WZy810JTGm4F5NyowJYLtG3J4AYcsOuV4rSVbyacI8CSlQksh48k7cYwDnHoeerDGcZrw7zp1XN1FNt8ztdL3uW0YvtbRdd+lke1VSailGSba1b3tyq/TvbqmrK2pmQWmnTXw89pIIiokXOQkrj+EDk7FOCSo6HPHNfVv7KXwtufi5+0D8NfCFlbOunf25banq06xkxpbaaRdGTcBhY2MewliOSV54A8YsH0m8jcXloI52iKoYY8vgMFHl8MoO3O7ODnJB5JH7nf8EkvhA0KeMfjHeWYa0eBPDfht54gJQcCSeWFioKlWHlsykHk81xY7NnSw2Im41IuFOcYJtW5naMdU23vdvV2i9T6zgzKFmmeZfRSjKnGtCrVW3LTpuNSSaXSTja7b6au9j9ZnX7A6adBAVtbSBYIyVJZkjjEcaoM/KAmBgKAOoIxmvn34s3C2ttplhJOtpDr+pLAZS4WbyrVTNKw7ogEZJONqkHIwDX2BNbRRWd5f3AQSshgiRx9zoBtOMbiG4IUEA47c/mT+0l4skhn+JGt2uZ7P4ceC7jT7CWM4RfE2tRtsUKSVaSK0kkbOMgIT12kfC8N4epmucUqST5YTjNyTvaXPBRi+93JLV3vpsnf+oeI8xp5XlFWr1VNwgrpWUYJvzsor1v1SR/OL+2H4ls/F3x18cajbTtdww6lJodrtkMvmx2OYxITkllOM8HbznBxmv6PP+CTnwy0j9l39i34mftN+KrSOw1bXNEvb/TZrtBHKlpDbvFp8du7jdtnkaJyATkj5cnk/zMfC7wFqvxg+NfhjwXpscmpahr3i+G1ncIZXna5vg90527jtWIuOuBjPTDV/Up/wU78YWXwA/ZE+EH7NOgv9i1DXrLTU1Kyt2WE/2TpcEccwmVeQJ5OTvznAOelf0LxtObo8OcL4VtfW6lD61GMtsLh1Dm5rbRcl7ye/Ja2mn83cFUoSqcRcVYmKtQVWOGvu69V3fLfVtRSSdrLmdmtj+fDxz4x1Px/4w8S+MtVkludQ8T69qOsXUhcmTNxcuygErnYqBQATg5OMZOMyO5K8sADEwCKYzk7gARg8b+ueeMAHBrPgh2YdEYMWZMHJ2Kp3Y2gAEZychQWI4B5FXoIzJtLZkZ3JBOAqqvDELjJI44GeR+f6dlNOjQoUKCjyxpxpxilvaEYqN7X0em6vu7ux8JjcS6tarWmm51akpuVtfelfXro7LZ6tJu5MwleMxzKA2TKvOQTjJUg5z0GV5HXIPNZVzuTzHCESNH8qquAoyQzEBuO2WAx1xjg11LSxBRHt3Nu3Lu4YqEOcscAABcnPboATzi3EZlTzY/vZZSnQLGBjv2KtyRjoecc19KuRpcqb25o2va1l1Ssnd6vRX+G1meO/enK2run0a+zrr0d911bbS0OUYK+1A6qHA2qAFICnk4ByAOo5/HjiNDFOxPljhihkHIBU8buR1LDPscZGale2YFmOMoWXAPCxMepPRTgkdCPUdcrAseWCZ8oPllA6qBk5xxjOOeDwK1Tu4pKyb3b1W2rSWlvXXrtpz+9BvmVvesr6PRrbT5p6+trsnSWMrEpG8LuLlAQVboM4HTpkBRjb06Z0CVQxyfKsUYAIYH5mfbwMEghQM88YzxwBWcIy4LxjbmMFdxwpWM5YgdDjnBOQe+RxVmND5TCR9okRnO85VQMYIYEEORwBjt1JJUqUX1tdJWVlfRLq36axt5NWY/elK9r2Wt9L7J6t3u9Pm2lZvSszypMm9EaNw8gB+bGckFDgnIznbk9DnBzUEhzKrjAVGCDdgABjnhDg45zjr3Byc1bMy7CdxZF2qFI+fOByvoCSePoMdKyGvFhLITiIln/vOpZjtzx6nHI45XnIxcFJxsk1svv5eqav2vbo1foZ1ZqEUr277dbXtbzau9X38x45FjkJdQpkX5ud5JPIQjJHHUkEHPHXFVoAC4hZdzby/I+bCjO5jwD0z2z3HTF1bi1aMwKWlkkILOA2VJAJUdRgjBGOmSARkYtaRYT6pf2tjapJNe6hqFvp9sNuVeSeURqnTqdwXPPduQaWMqfVMHWxE58qp0nUbdtoRUpatqy07er3Jw8Z4vEUKEFzurVpwik1JtylFJXW17q6287n7e/8E+vD0Xwu/Zx+J3xl1OBA+qWeoSWssgMRNvZwSGEg/I3E4GFBxwO5avxS8R65L4r8a+IfEd3KWuNZ1m/vXkYlwI5ppJFUN6hWxnHzKN3bA/dn9rS7i/Z8/YY8CfDuzK2Gt+JNJsbSa1iIR3E8KXN07heoYyMpPPBIOQcH8DtKtGkaOdzloxgpwoPygkkHkqTk5JyF5x1r8U8Kqc83zLiLiav739oZjUpYeTV19WoyUY8r6KVlZ6rtskv1PxFlSy7BZHw/StFYPBQrV4xe1apGLldLru7+e+yLUtvLcBpy+EhBWJmZSSpJ6qcZGM/KOO2ahuVU25AXysR/6xRkFQQGLZI+83QnPbk4Jq7KyxRSBWVmaQ4yWOwfxEqeQCRgYHU54bgwSSxTYyTiIJG3ykKm5gCeeG65HTp1yRn93lzU03C1lq7t31t2e3z9T8glHmlG8vJJtO2qevfbdaLVu17GDJIjqqRo0e3aryYyrL1LdAecdc4Bx26te4SV0VcFkOwuDgcDIbnnPAxj8K/ZbwD/AMEj9Z+Kvwh8M/FDwd8X9F3eI9PjvW0a6tx5iTNGpa3T5zgoSQ3y5J4CmvMPFf8AwSF/af8AD62F9pw8O65peo6jHatNbXqRTRQmUKZ3gOWCohJOTzgcZANfP1s7wXPKjKrCNRaNSTjtZWV9NrNu935PU9qnk2N5KdWNL2kJJNShZp35eita19dH53Z8YfCn4ISfEXwP8RPiFqmotoXhTwHp+6TUHjZE1HU5smGxglKhXduchd2DkkA4zx3hK90zRYViu1uZIZ97rLBlZljXKRxiQYO1gwHUZ3cYGCP2f/ab/Zy8ceBvgR8NP2W/gv4KudcnnVfEnxH1rTwn73UvKVpormYEFoEkzsDN8oAVQeM/nbqn7GH7RHgmGw1PU/h/d32nvCs7XkD+fbwhmAVSygASbmCmNA3OOCeD52Hxft5VJTmlCUnyJrltBONm9bu7Tlrtvo7W9Ktg/YU6UYU3zKmnUnbRuSTcVZatW/Cx8+6npWn6Hol/q13beVfazMG0yEyqzLaPy0jLnIkIIO4kHgjpkVwVrcgMI0+VnIZGyCd3OWY5wPqeg4J719S+NP2Wv2hV0yw1vV/h/wCI/wCzrmELbOts7oIlBZVt4kG6Rwq8hQCOpxya+a9R8MaroepJp+taRqejXcQKi21C2kspm28CQrKARGezAADg52kFvbwlSEouKmpXXMlzayvyvu1bbpo9LrW/h4qjNSU/ZuKukm4t35mr31ad09PRa739P0bVTDZxgPGSwEYG0jcw6OW67fQ4Jxg5xmu603VJElUTSuxYrHtRs4LcfLycgDGCOgyQQASPKrC3ijghDoWdF+UIctuUgZIHByOnpg45JFd7pxijieVyUkKh4wAGwMcAYwQWI7n5SOCOazrJJSb91JLW710XlG26W6elvTXD3aSsnsmm2tHbV6Lp3as0rJdPqH4XeJdH8LeLtK8Za+876N4W26g8cZCu8kI3hCCfnBKgYww/u9gPkT9vr9pHTP2i/GtlPpmn/YNH0+2MOmQuxeaScfLLPM3BUOyqVXBGcnAJBPZ3N/cy6bc24hkuLeS3/wBMkZwBtHQKA2GYDqBk479cfDnxlvdAs9Wt0sI418mDbMUOJAQdxHG7Mh53cfwgYY5NfmOY1vrOcxjZS5bKLWiSbim18Xa1lotL23fuYnFOhlcqMOWMKsoucdLy1WivZqOq07p72PArxvKaOIuryI7IFQdSM5HUYBzyeeB37QtdSSSRRy4DI20BRkgKMkt1xu52kEYOe5Wsu61FJbp5oY3xC5ZdzHCKfl3N8pGSN3yZycD2pW1mCGJ/LjWRplYsQNoBGASrnO0Af3eM59TXpyw1SaSSW/xXs21y2frpbXp8j4uV7ymtuystU49Zeiu1fmt3SRoXSXcyXCwMYBKAo3sCXcjAKddueOVOCuARXOy6LdRsszyL50JDyhmBV2B4wCBuzjLDb0/Go5dZlligMbRsyk7YwOVbJByTzknGc+4wcDLZrqaXyhJKDcOd/kbsAgEBe+cngMSRwM/xc9NCjUpx95qy2td6Wi3a7VraJWv59CHUTurta6qybdl/mrNLTtrq5pkeXJmURhgTE2zOSByAc8AtkcZzgE+tVCs0SxkxsxkfYzsCQB6KPTGDxk5PPPXe06yn1CZ3mdVSMAjjKNIoBAUjIAYgBjg+g6876+G9Wu72CFYla2BE0sadEUA8qcHG5csBn2PABq5Y2NLmjKWvnZ3furS2t9bO+y7NWFGkptNJtJrRJNO9knffd67uzXTfjF0RjFLciR1UEPHKy7C5PLbc5IAA69DjAwK+wP2QtUax8Ua/oUqkJf2Cyxqc7mkQ8sACf4QcjJ/HFeVW1pYC0uoJLIMsKGGKSThkyMEc/KcctkZ/rXYfAETaB8ZPDaGXzItUE9uChLRKrJhQSc5wcewI5HPF4LGxr1Elp7ys1dprSPWyutL231uzohSlCSavqmrq7Vrq6SkvLSze3mj9Br5mRliY7gHHlhThiSDwenqcjIJOc8gk5ktyysYnXakQLfJyR8wxlQTxxkqCVzyOtb+t26xXVw2TiOV1wQQAB0IGCCTjI6ccYAPPLTP5jhiCm8E5CnD46EnrnoPQ/ma9WavFddV1+S19bWOyjOKlZpJbJvovd6b3VuvotXcoXFws+8YKjlifQr0zzwCcDB4yAeDzXG65LiEIgDMdx3AcdCSR6Z5PbqpHIyeku2Xe7IrsGKqTgEKAAGYHHU4xjOM8kAdeY1plFuuUK7WYAnGcZKtxnc3GcfN97g/3hw1IO+uja1dtHqtk1pvayd1Zt68zO9VKfK0nGK5ercdbx12V9XZ9PJng/i5ZLqOVd2FKspGRncFYHrj7pHBHGMc+nwR4/wBw1hMxkJCJF3lsE7HA5PcZ7jOQcDAwa+/fE3lOZNilRG2A7D5eRnOB944P9egr4C+IvnDWZnLsUNxLGBt5Kkkk4+7jj0GfXuLw8Upy7JWSTadrxum1e3S6uutrK7PMqNc7atvbmXb3dErPV9E/U4SGf5y5TAfgnrlgMAcknGMA9eCPc1bELShJC3lvuCfPwpHbgbTwOhyffPIFKF18zZyY1w5C5DjA4AGO/bOTnOAQuDovdxsAzjeVIaNW+UryQc884xnI4I54613K6s30/Nb9F+XyMb2dpaq9nfXs33009H8x1wkdqSUdZJHCKemTuUkgnAbAHKsW+UYyQQcLHII7dfJIAeTG1uXPOWyehABJPG4heAQBVRpYpGM5ZMsuwIXAKgfdB3dW4655xgdQBXjePy2Ltt+b5FBO7B6uo6c4OOq/10pr3nKW1tW9FutHL5t/Oy1ZnOEmkkrrTsrO8Ur3262slo7ppXNW3tZHSQRqZEeQYlVuhHoCcenGe+ehrQW7mS32IpXynAeYZba4444wQT12/KTjOetN0aVCyW/RdzOygFlKkEZQ9M7Tk88ZIzzxdmv4ZZZYjBGseNmQNu+QEgbuhC4I3AjJbIz3rRVmpO11pdW6v3dHdX11tdOyS6OxzSirpta7J2W75bK7TfqrXVuq0INP1u9tEeXesnmMykMdx3E/KxyBg5HXt68AV2Vn4iuTCj/apI5EIAdXIYKCdy43AZB5BJxnnrXnRsmt5FEzLECxZQPmRlz8vA7E8c+gwoFaNl86PLuImR9qR7TtYDgZBIDZGOTjHJ4waqNeotm01ZK76qz0tbVO1k2vXcl4anO0pK+11slbl329W0r3fR2PWLfxprAb/R7+4kiK7Gdn6PwApyDuDfd5I5yexz01h8RbuKAm4kdCkoWSZQwQEYXG1jwTyQynnoM8Y8GsbyeKZIywgzmSRZMsvBGW4HynjkEHHPpWvHeG8uFRpUW3LBHKY2mUdCV9WJ6sAT9K66WMqxd/aNbXWrXTRO129F2dnrvd808vo6JxTuk72VrOz2VpO22t7PrdNn01pvxUM0qm0lbbEoRyW2b89DtPJUng8HGNytjmvc9C+K9qRHFJCEkaNQwRy0fQfORwM8HHynBGSD8tfnskc9hLcMXUSEoF5ALxsRghRjJxgHOeBj69Gut3OnvG0VxNuVEYBjkMcD5eDjpn5cfoK9ehm1SHKpO67Wt2vo+q0uls9LNnl4vJKFW9orXleq1+ze911Vr203te7P0Dg8Y6bPKVjl3GQh2IfEiHdkAY27gTwVznccZ3cn1DRfGUluFgWWGaN1L+XOQx2qOBuIOwD+EEAnOMHgn8zbD4i31rOouoY5I2IIkRgrDAyB2LHH3lOCQCBnFe5aH8RLNo4g8zDeiEiTkEgjIDBsAYGcYyfvEEA17mC4jr4eSnQrShKLSVpNPdbbrfdp+lr3PkMy4EwGPp1IV8LTqxldXlBP8Al01XR223V+h+lXgzx9daJdW1/oOsXWkahEySxiO5kjg35zv3qysACCUwVAJ7ZFftB+yV/wAFd/jX8G2sdB8fanF498Grst3sNUcSTQ2wIUpDPICU2qPlDh9/CjLCv5l/DvjK3uUBt7toJEb5Y5JBtPruJbnJzjaQMEnqDXvfhv4guIo4NRggmtgAkkkLAsqKQBk8/wAXXHPYHmv0XKPEFVoRwWb0oYvCyceaniV7SK+C8oSldwklqpQaa0a31/AOMPAtRlUzLIKtXL8dSTnTqYRqlUjLR2krclWHRwqRad7NWdn/AGq6lon7Df8AwUq8OPqnh+60b4b/ABfltQyIHt7Ke5u3TKJPD+7W7iMnG4KrH/a61+Hf7V/7CHxc/Zr16eXWfDt1d6D5srab4l0uGS50u8gDExM8kSssEjqVZkJwM5Pavz+8CePfEHhm7svEPgPxDd2F5ZSxzwC1umgnjlQhwqbWVtq4xhtw4wAQRX74fslf8FZdG8VaVafB39rLSIfFnhm9iTSTrOpQRXFxaxOFhElwJFLyKm7JlVlKlcFgCzD9HwVfLsfhpRwE1mOClG7ynF1FPGYdWT/4T8XNJ1FG2mHxEntaNRPR/wAy55Q4n4SzGOKx2GngcVSnH2mb4CjKGDxMIzSX9q4Gml7KdleWJwqtdXnT6n42eGfEE+mJDa3KSWUk8hRmXO19xC4YdmIOMDucketTxV8IPEl/cS+JNGt3EM0LTXKRkOjI5z5hUghgQeU6j04yP21/ax/4JqaNr+lXPxu/ZO1S38a+BrqM6vdeF7C4S5utNR0W4d9OEeXZI1baYMBkC7R6V8b/ALNWvaRquoav8KvGNimjeINOE8dj/ay+RPcTx5RrCWKYB/OUDaFPDYGDnNfi/HvB9FYermWWU5VKad69D2bp16T0coVqTSlTkvtJpJqzV9Wf1n4IeLVLNMRh8jzevChiJwi6FV1Iyo4j3YqM6FSL5akZaW5ZXTdpJNO/yPpem+IfB/w6eGXXtUn0G4kRr2xhuZ1Gn3BOS0Q3HanJBAAGF5OBX6YfsZfDbTfi54NvbnxJrhmlsI9mmRG4D3b2IAMUyiR9zywsVJKYJAOeMLXg/wAWfAMPhWXUdOazSHT9YtJVa3kQiOOdlYhkJyCSx+QjgAgALnbXgPwI+PGo/DLxBHoix3dldaPdyLD5EpT7TbPLgxleA6LkMBgKUDE9q/n7F8O4TOMNXwsqFOnWkmrcqi+a6d3JJSbSd0ubTVH9w5LxFUynE4euq8p0uVKzm3s4tPV6Jp3S20tpY/aeLSr3wBqi+CPHenjUvD+rQmLRNZlQPEbd1KIGLBlDEFd6MSQRgY6D8rf23v2W/Cfg/Q9b+IuiL/ZP+mo9xaMoW1uYZ33LNbOMKpHB2qSTnFfq58D/AIx6T+0DpusfD3x/aRWtw1oL/wAO64V/fRvsLRJG5+dDnGVBxkHjAr4t/b8h1vSPgxrfhvXPOvH0m6jFosqMqXNhG2IJVb/loMYxhiDnsV4/njMsvzrgLibDxwWJqUcHi8RGFaCbVOcJSjGd1s1aTtd6fO7/AHWricq4y4bxE8VQp1q+Gw86lKpypVITio7aOVtPRr1P5/8Aw7qt63iC6vgZHbT2iFpI7MdqIwCLjcM59z7kZyK/oK/YD11vGH7LP7X3gm8keVbjw3BqziTlY3+zSMyqGyM8AEDB3A7sNivwwu/h9ruiafpPiSKCSaDxMFlSCFS32QFuTI3UADn7p2kEEdcftn+wFbR+DP2XP2tfGM+9h/wiEVo1xKCsUkjQPCwD4AbaXx1JIwcDgD9QpTw1Wphswg4Or7WlBzVnJynOMXd73afRPd9dV+P04YinKtgqikqMablyyWiUY80Uu2iVrfifmNo8Cx6SlnHOqLHO0MB2YwFmkSQYyB32+wCjPatw3M9sY4UgjkcgxhzkFgB1xnhuoVuDjk4yMebWOvafqU0Vtpl3Dcy29232hUYZinmlkeRWA4yqngEAHrxgV6vZ2007wsZI2QgLv2jKk53BSckEEYHHAOAOAK/faM/3FNczlenD3ls7xTdt1p69babnySi5Odly2bVrWvu2rWelk1dvqr23Oi0W6uY4y72qCNkIcknJkXtG2ThjkHrzk5PUVYu9VSR4mkjMKZODncoAPBk598YIyuScemvbQJY28Mbv+7ZCzRyruAbr8vPIYgZbjqF5IGeU1O4iEztJCfLMoMUanDDJyZNhB44yOMdSTwann+zo1zbN6act7Ws7/P0aE4NRV1JaR+b07bOz11b1a3Zp3V/Z3FnOskSGCKN3kzGoDBVJABOCo7gHgMeOpr4R1n/i4XxA+w2ivFpVjcFI9hIiRYm/eMSfvKeQpJwSDtLA8+yfF7x3H4e0ttMsLnff6tH5XkRv8yKw2PtUck85GMNkHkDGaPwh0PSNOsZLnVi0d1qio4JUloVchnBzgg9XyPXk4q9nZxur3bW1vd2ffazevzMVT5pLycbvba1tnd2Vrf5nf6BZ6raRxQR3Qgsbby4olaRDtVAByuMY6dz/ABZJPA9PiFu9ui30PQblmhYEsCx+ZlBXIB5IyBz261UvNC0OaGGPT9TtwUVGYMW3yKRkHG7qCvysMA56kcVzd/o2qwRqsNw1xbq2Q0coJWM9sZJ44AHB4wScYO8Fqk1srytZPSyaS0va6s46/cegoyUYRavotLpLWzckuqs7Xi73vq3dt95Ppgmdop2Vi+zyXyVLDIUjGPl5zk4wMc4Ums1VbFw6yI+5MPGPnYE8DBHIUkZJ789s1mizklmaGfzlEZ8yP+Is3OSTt+YDoPbgD5RtiurUsC1jLKrbgJeq7Rtx0GSQc7sAncSPxVTSTdk9HdX1V1G9lbon32u1tczqJNO0b72tL4dUm1fVu27TSUezZkXT6kZJIkKYiDFsOFLdQQSc7iBwcYxjFFnfz2Pl+cyErnYI1yZBzuzgBSQBgknjK454pryXNs3zxm5Csyu54OCMMrY27Dg8A5GM4GCaprqOm+e5njaGT5gAclACOSD0UkfMO5I545rG7UIu7k0rWctXbS72atGytpZ+W+dKLenOk9Ele12pKz16WV9Nmm3o9fUNG+NS+ANVsfEdtObc6cu8IzFFdk+bZySQScgjGcjr2qn4n/4KT+GPiFrsHgq4jP8Aal5P9jupklcojHCgHtwc+oB3dM8fKnxjvbBdF22N0zTSBs+aOEJHXAYHAOdrE4BCnHOK/L/4bxXNx8d4U37yNTLFid4JD9QBnkDAXOSOOwAr6HIc1xFHE08NGMZRrVIqTkm3BS5btXaV7aXv5PZo8HiuhB5fVqu7cKbn7ujvyxsrfpe+rT6pf0D6noP9r6Omr6QROJo2MnzIfMByTheWBC5wcZI7gHNeR6amq6NrCoVKFDlYmIkLFuuxRhcr1JwT/DkVesNT1fSdEtraC4mDJEWCDcu4MmQGLHAAJ4yAR+JI46z8SavDrEd3qKOWDBhKyFvLXf2PG4YyT3P/AI6O/iCNCpVk4y95W5nfRaReyd1r6X0dr6HHwliVPBU4Ti4OKile19eW7bsmlte731Wh9F2/iZY4fJvbASsiErMQRuBGcHpjHPQn1HbK299o9+oRWa3Zt0nBAAycgjJzx6bjx0NY2n+KdB12GO2ukRJQCu4xlAXOR8rHBBJz8vOD+BpbrRLK6SV9P2KwHlt5coO3bjnaGBBxk4yMDIB618im4Rb3itFu3py6LR7a66Kz2u7r7aLSTcXzta8y10Vm1onqlezdt72skdLGYFiBtLyKRi4IcNz83LbwTjjOce3y8gGpJdTuRCsU6eaiEvuj+VDsHBIJJbJ3cjGcsM4PPBNoepWcXm21wu3J+XlXZSMkEnHHyj+HHPTOayI9W1a1k+y3sUiwojMHCknac8AgfmPY9gpq4NfD712k9dVbR2b7K2rutduxtCXwx5eXTRJ8yaSTTva1nZ6v7TSad/d7e78VwXR8iKFV4Cs6DYxUfIFVTz65HU56kDh1nDYvEQ10YJ2DEqxBYg5IAyByB3//AF1yFneWV7IWGEZVABbagbDZLYI4YfNwRyeSDjNa08MdxH/ouJJsZd1kUMFzyPTIznHfkEAHiOeNnJWb7Leyt163TurXX3G0eaTey6vTV/CuW3K+Za2VrPo2ra7jWF0YlW1uI7lyWYiOUeYgB9WJ9ioweu35eaxry1vrWMxzQGRnclH24KgqcnftIyATxgADOCNxotLa9tJBLA7SsAAylshd/DghcncuAoyVzhsrnbjqNPvJGl8u4VZSudqeWWBAOGC7uM4/iPDcehxlzTknzcqs0ra31aWkr7tXfrFpO17b04XXooq1k4t3V7vZu0Xe+3e/vHnP2QyRGIcuXZmIjHmIACS2c4wP+BfkOME2r27ODkoGSRNwO52BOQSAWycDr3PUAYr2STT4J0mmjxBMjPhGXAAPOzJ6k/wg5x1ziuBvrCeIuLuORkdg0bICQoJIGGAweoOCT7DtWfPDkTaadleMk0tOVpvRpavq9fSxrrTjZRdtN1u1a7emjb73vs7ux5x4jvpNOtLq9aETPFbl1jQEOQvzBcjqRycFSRkfj5Z8N/icfEGq39ldW8VjcWokZFB3eZEcqoK/wseA3RueOcZ+hdW0EPAZbkGOMxtKRcER24TbllZ5CAQScgHjHJ65r5n8F+FLCfxtrGpaP9hIklME621ysqx7GIOFBO0EncxAGM4PHymVOEpRtLXm0jZa6Jt7XVlZLo/RXOSXtvaxaeibtG2stE3fS9umttEn9lX+tPCBleZpG2hnUuMZPBGdvBG0c5xgHJx6gfaHwa09pNfsbgRt/oljJd5HcgEqQP8Aa6L64PJOM/JHgayuJ28pypZflO0Zyi4GBwOTg+hAAJ5wD+g3wb0/bqVtCsO0vY2YlkYjKxmcBxghflK5yxwBnkjJFfTZPhZTUqtm40ouWu2lmtuz73ulr0PC4kxX1XCuN7SmnGK0vry6WWrae3dro0jxH/go18TLrwvpHwb8EWU5ETXQ1zV7cPjzUkAeMSrj7pwOvBJO0gcDoPA37Tb/ABN8A2nw2mt3s9LeW3ieBH3QGKGJVdkXBAyASxJPUY5Ga+Qv+Cmvi/TrjxjfXi3KPLpS2mkaaAwO1bdVaQhTjbzlcjAGOp4rxj9iSbW/FupSQRySXJeZbO2iMh3G4usxjaOWIXccMp4BBBBPP5RxDCnmWZ4rEVpNLDuTjK7cI+ySululez0737G/D+LrYHBYXC0k/wDaPZqa3b9q13Sak0+ia7q92/fPEfhbQbjxDrF/FcIILDW7fTNNi4BuZ2YYiUgsHxwGPRTweOT7doXwH8eTXp1trFf7JgVPt+ofKqpA0SvDboxG07sqj4B+8fcVwPxo8O2vw4+J/gXwzLqCwfYby21LUrd/nZ9XuJ0Me4HljubaFIYn0zzX6o+KdXtrHw/4O+H9j+7un0uDxB4gnWRVNxJdxLNBFLjjEaODtzjbgdQTX5/lWeY7EcQZdluX0PaxxvtauJxElLlp0KUlzWaulJt2Xezdj9CxeR4Z4PEYvGTdN4d0VSowavUq1LOz6pRva/XlaueJ6Hpd7puim+uAlq9hAIoIoyqgwLGdxIwQWYDknkk9CeR+QP7YPxTvtY8Z2HhOET29rBLLdzRDlpZt2Ecr6FQWweMAkkHgfrz4o8Q+VpGqyTIkMNokglmDAKkMCEtkADkBM5XbkHHA4r+fbx1rF18T/jPr18swksYL+WGO5iw3lW1q7LjIBGCFwSCeCcE1+t5rD/Z6eHpxTlVtBuOspXcYO/W176pavSybPmsVilhcIrzajG7d7aRSV9XZJRta9uu+59BfBX4aeKvjl458AfBjwik1/wCIviDrdjp8ksUTO1jpjOh1G8Yj/VR21qJGDnCbxgkFjX6M/wDBZ/8Aam8KfsnfBLwH/wAE8fgPqcFrZ+GdEspfide6XOscmp6rJFG01tdSREPLJc3G64nU9GDK3GTXp/7BWg+H/wBjb9mn4x/8FCPilZw2moyaJe+CPgbZX0apc3N20LpJqdokwDGQXJXbIoJMW5gxHJ/jw/ah+P8A4j+N3xf8V+O/EmpXOp6nruvX+pX1xLO00jyXFw7rChOSI4gdqAEgY4HAr7qi6PBfCtHDYX2cMyzH97KUUudTmox5nLSSVCnLkhe/72cmrOKt/LEnX8TOPsXiMYpVeHuHpKlQg7yo1a8ZLe/uzlKpFzemkIQV7SdvqDTIvtHw30jVJ1je91S4llncsC7KrHbtOCVK8/Kc4zxk4zg2tuIiCuDJKzMFY/NlcAEZ4CgDsMc9iBXXeFzFcfCDwlcNEBvjbazcBWJJGQCRuByDgjGCOTisa3hSSRmydyNlQFwuCCSSW6AYzkc4OADgivybM5zlVnUrNylNRcnL3nJtxbd7q7lu9dfLc/p/I6NOjg6VKlGMIU0lGNlFcseVJRae99bbWTv2OG1JXa5kDrhQ5yinAK/xEnn+LnjkZ55Gag0O1Rr4yEyKrzAxoVyM8qRheMdARgDBJAAzWpqaRi8cLE2V3bGDEqzMSDgD7wGCee/oc1V0KNjcyEljIkgwozt2nAP1OCAMnKgYHTnz9qdr68qunpZpw0S6aNN3b1T0vqe5SbU022/ei3HezVrqPXfprumt9foPwym2OJNvmyFuqkqigEEE84Xb0Cnr2GTivpDwoj7YdxG2JgWKttXqFUbgMY7YH3scDI5+ffCEa7GUK4G1VCAbhwQCA2OhOMYIwD27fSfg62EsZyChSRT5R6cnruOcgD5eoJHPTNZ0rJvW+6Xe910tfbbZ66paXzmpe0UovXt0tpp06L5Wt7vXy39siNR8BvEpQCIpbQZI5L5wCF/DJJbphenBr+e7zMlSGJBUbnJ5Oe3HG7GeD7dOtf0R/tkWbT/AvxeFBjVLOBm3fxbV6IRyD1zgnkBhjJr+d2CKVyvkqXOfmAXfjkc88E9OfY45zXsUWlS1ktG2/wC7a1tt0renne54mb8zrwu7Lktq1rrbXvpr5pX6tFu2uHjaTYoGFBViSSB1Ck5x6kj72eOM89NY6u8Tkg4BiDygjazMgBHltwVA44HB5UrWHDY3h85UtpFjUZlJQl0Bzz6DcwPGScADIzxCA6TFSJEAI2FgSGA/vAhePfPTjaRTbpVFJNxa2suW93bVWu/RPXXZLV+Q/wCtn5Wv5fd1Wh6Vo3iy8t7yO4WbYkr7HLNu2oO3GCAecdfTOAa/XP8AYL8ReCb2+8Qf8JibB5YNFuLnRpb1I55TdbDsdYnYEFX2gLuJGTzyM/iXb3MkN2xaRfKDo0ijJ45JII4/E/LuxyOtehaN441vwxeQ6lpGqSwtGCIRHIyBBnkHbtBBPGCSMdjzj844/wCCqnFmR4rK8PiJYOtXjFQrw1cUpRk42W6lZxez5W9bo+k4QznD5BnuDzLEYaOKoUKl6lGai1JONk0pKzcW1JXT95erP6n/ANjD9un4n/Bf4tG21SO51TQPt02jWFskc4FrY3EzCK4iSIYWNYyGDNwMYyM5Hp//AAWI/bI8P/GvwH4Y8MPdadrV94ctZb2Rxse6ha8iKLbyK/zxvGxAKnGMEcV+fX/BNf8Abk8G/DvULe3+LXgnRPGg12NYG1W9ihnvbSNCQY/nQsgYn5WAUg5JPHHUftDfCfw9+0l8VPE3irwTHYeHPC2uy3Mulwfb0EZuYoy620kRYbVOcDICnJzk5A/gKvwjQ4f8Z8PLO8pzTh3Ksnp4fF/X8LiebKM4zCm6NKFb6rH3qVXlc5SsuafJeStZv+2p8UYHP+Cp4vAywuPzStg6mDpOrGEMXhMPWi5PDtrm9pGKkrczau2lZ6L+fjxZb2kjz3UCJHJI0hdAuGzISQMZOSNwO4E43HacGvILrzEYxEgSqwJyAvy9MluvcdQTyfSvrD4h/CrVPDfizVNFvreZJrTUZrZoVYsCqSMqPFIM5R2Aw64wCD05Hnup/Cm+t7gG5BVp4zLG4IZEQH5tw4JKgdMcEnA6V/pBkec5fWwOEnSxMa0a1GnOlKMr80JRi4y+e7e3R9j+HsyyvFQxeJ56Lp8lSXPdKykmvs+71u7330PBJXUIRjDqS4x0PGCSOSMdOTnHPWqYkwDlstj5T9W5B64HcAAYz0HWu713wi+nyrDbS/a0ll2edGpYh25KsMkjHzcdcDPIFZtr4K1u8nMENrIxBB3BSQFJxubgAY3EnJG0D14r6VYmioc7qRjGyk3J2tot9el9/LsmeHKDg+VtXVru6WtlfVv062e/VnIsSSScEjGemB7YOeAePT8KCeBj3PAxgnsD1wPT/Hj2ef4G+NVNqbe0a5S+CmF4wCCCoJLAZ4UnHUcDOeoHK658MfGfh+Rk1DRbxcKXV0hdldQcEqccjnPGT144qKeMwlWXJTxFKUnokpxTurN2Tauv+H7ErXbX09L/AJHDs/yBCBkdCvTb9fc8HnHcelNYqSSqsDjAHQDjBOMk/r9eeaV4ZYXZJY3R14ZHBUqw4O4NgjHOORz0I5wojwNwI9/mDbeM4bGOn1HPFdNrWa6pO/3a3899NFtpawf19/8AmJFvZ1VSOcLzjAB65+g5zzjpnqK2xZCWKUrIoaMKqoMDeBnIzzgjgnqP4SMjFY4XcMg4yDnHyjC9OeO2D2z61ftpcLIwyWfCEY4IweT6Meo468dqGtNrX9Ne/TTfXVpvXyFpZ62d+2l7re+7v2tuu6avOhWCAAfOMDcpwpPUc8g+7ZHJJwoINa+UjhRw6xurEsgG1WPYhu/PAKjGQRjIrEFwEC27gHJ3nkBj2VQTyRnHJ5HOTTHLGUqzYjUAjDZA77ev15PfJx1znODmlbo9fNXS12t59rWSehDSu78z66abNJLzsr6q2j6nW2c/2hYxK5kWVmIKjLq47ZJJ29wCMEDjvgMsqyiBMoQ27dk/Mc4HHbsAMg57DNc9Y3hhuEwVQDJY54JC5yPUgc4zg9+4roDOJ4AzAykMGWVQBxxkt0JxnAOTxnJbPHHKMqcves07Kz8mtno77tX23as03k4K6S1Ttq9mnZKz3dulr2V9k9OiTUnubN1l+WZSrqwB+b+FQWA68/iAeCRz7L8Gfijrfw/8QWUgv7i1s7ieKS7NuFEmwY2leMjcCdw685yK+erWVpAU8wM7cqgwEIBBHI4yAM5756E11FteTRvbSZUzoMFQQMxjqCCPvbQRkcj73qahXjNSi1BpqSfZqUXZ2fTR6PrbyHSqzoVoTi2nFrq9klzc3Le7tq0+m62P3E8F/G74PfE/SYfCviCK4utWug8L2ot1kNzvAUtGVUukjcscFQOfdq83+Iv7J15LcXNz8N4Li4tJU+0NpmowmKSIMA3ySPx/sqq9Adw55V37E2ufBjVNMK6doNvpvj7S3E93qGobbg3ETH5nti5wFUjPyqSRnIIINfcfxc+LXw/+H/h59S1vxBcLqlxbM9pDaL5aXJHKRgqFCDJAPJx82Dkiv1XAZbgq+AoY3HZjhpTnSi70vdlFKKTi5OSvVTt9l6tpux0vE1MRFqnhnaLTU7t+7trp7rv5vm30Px9134KfEzR7gxXngvWEEcZLz29q8kLKFxn5eOTnB5GBz3rzC+8O6xpkwF5o+pWfDfLcWc5HB2ngJ6jr/hX2V4k/bjvJv3FhYvDDGCGuFKyPJEMgCTcDv45I9cknrjzvV/2vPEN8ipaafpNzHnay6lplvIxJABG8oG5yRgYUD7vpXm1qeVpyVDGVZNNWjKCafwro1eStq18+xkqTk0pKK006tOy0ce+92m132Z8uTqVYffQhSH3xyps5GRt2rnPGRxgkEYPIgdmbEYChiCzMCQHwOpByB1znrzgZIAr1LWvjNfai7yah4X8MSeYxkcw2So43gkDKkA7c/dABHUnkGvF5tdhu7m5n2R26zTb1t41IjiBYYRWGdoIyAOoyMbscebP2UXaMlON1pZrZR9Hdu29tewp0JLVSd+tla60eujfkmlprbztEhRJuGQHG44zuJHK9CSR/BwDj26rFCvL7mRlIwhJICn5sbiSMHrz0z7ElsEsMo3DIYENsXkKjYJ65znrnBA5IOethfLIkZVZSrZUEAqFJznOADwM5xgdh65rW9l9m33Wtbtt1v23aM3GzV4q943vF66Je9trrHSyTbvqtCza6jPAd5aRRE6hSGBZQCOpHJBxhcYyAOcg59D0PxtNayxxXDKybtysSSxAUfxdiM9DgZGeACa8zcGZXB2K23AwpCsCATk4GCM5BwTxkYIwYPLmiCmF2OVyAT82RgkDodoII6fMPzOyqypKN5Wjy2as3o7K3zVntps7Wd5VPdJa6aO17tK/4dtVZPRSZ9d6T4rguUKhztJRnZT8oQ4Py5BICnrg4yB92vT9D8YCyeB4pTHtcMJt4B2cbfl5ywPGSOSemATXwtoviS506RElkKK2fM3c9CoyCehGMBcDdg4OMivXNE8V2d1iMzAuTy4J2kclen3W4xu5XPPHKjb28Ki0XNbV697Wb1v23u7p7akOm7L+ZPV6K3w2u72Tvp5n23qtp4S+Jejzad4mt7WWcx5guwibwMZ5kB4OM8k7unGRz8S/GD9ivxnp2jN47+HUcXiPwszyC5tLWQS3lk2CWDIp3HGDjK8Efd9PTNG8TS2EgYSme3dgrJuDFkGQyjGcOvPAPOBkjivor4Z/GS58BzyR3Nm2t+B9WIXVtJZy09tkkG5hGTho/vLgbRgYHY/K8R5jmWDwUq+WRhVq0nzvDzV1Vp3jeCldcrafu9G7q3U+84FyzIM1zelgOIatbB4bEx9ksbQ+LC1pNRhWmpL36al8aXS7toz8MruzutOup9M1S0uLO6hkaKWO5hkikhZGIZHVsEHI64xxkk4GIGBt2TbzjKnjnGcKSec89SORySccj9xf2gv2X/Bfxv0ST4h/DL7Pc3TxNJL9jRPtlrMVyIr+GMgyEHKmTaM4zluQfxu8Y/D/xJ4G1efSddsZbaeB2CM6OBIFLL5kRYAFSOo449DXk8OcV4LPqTjd4fHUbRxGDqNRqU5+6m1F8rcVZ+8k7LffT6nj/AMLs54HrUcQ2szyLGRjUy/N8LGU8PWhPllCM3BuNOoo6tPzadtS54S8Y3Gl3CQqzBN6IVyd4JOdy89CT3PU/SvsnwT4/tbiKITTB5GVYnjJwwJIAC88gk8kdTgHGcj4Dg2xt5oV2djyuwqdwwcr3+bbyOx6c8jttO1S6szDPBOwIYMcEggqQwBBORtbtkrjA7An3qtCNVTkk+bVq2+6ey2V9L7u+ietvzWjXdOfVJO6S62cd9LOzXTd3Z+mui+Jzp8v2i2mDY+V7dyfKYMRtGGJXBAGMYOCT1Jr60+D3xfvNKnjTSNWNldeYpbS7pybK4cHLRoWOELcYwwAHQjBr8o/BvxJs7iGC31RjvOITMCQu44UZwQMk8g4HU56rXuen6xdxxQz2UpdOJUeM4cKCMMr5JBQqPlBy3AG3GK5aOIrYRqF7JSTuk9fhad1ddl/n19GMqdbmcGn0at3UUtL2V+nXe+6t/Qv8MfjNpXinZp2qzDR9YBQtYXTD7LeMeM27sdjK2ONpx02gbST7pqXhLw/rc8d3ATo+qHayXVu+0SPj7xCEKynK8jHXGcHn8Cfh18a1tRb6b4laWa0Ro/I1EMYr6yYEYZZBhiFOGB3HJHIwK/UD4R/He5tbG1Gtz/8ACTeGCI1s9Wt2D3thHwpF0ozIwTGGZsjPbO0L9xlPEdShCLjUcZOyi1JJaNRd1qrtNa+TatZnBiMsjUjKSgpO6dno/st8r6NX1Xq11PoG/fxP4NuCdZs5dc0cghbyJGdip4HmAE/IQOcgdiOcA3LaLwprytqegX40zURGGktw+zy5Mk42cEHPU9s+2a9k8Pa3pPibThe6XcW+taXdQHMG5ZZIQV5jmU5KsOnKk49CVryvxl8IFupP7X8GXX9nakWeV7IMyRSOMEooUYU7uG3E/McDHJr62lxDOvGDc2pP4pX0bdrNrre3V3u9noeJPBum7RVrO7Vnfp0b6Xd7JryLWleILazv4IPEETrJEBs1BSSjOMbZCwIG0jHqAScg8Y920rxH4TuYwlzqkLpKgMJDYRnB+6yggJIcZHygdMn5iK+FLjxDr2nTyaN4ltGtriEeQzTrtil5K7oZGGMZ5bqDxgFevN3OrahZvJc2F08aqwZoQ+Thf4lGcMGx/DhhgAe3JicVVrucoOSla102t0tfV30tfSzJpe5Nc0W/n9nR/D6720Vrev6Lt4qtNKuRcadrEUsRRhJZzPuKKDnyxgktnschtvXI4rF1yT4ffE6yex8SwQLLjZvk2JIshyqtBKwL5B5xnHYEkGvgpPiNNfW4hncW91FuVJeVMjkEBmOeOMfgB0FVj4p1SACaS6nYlwWTzCFYg8FGGBnvwQx4A56/PVamIbaqpyi7crk305dVdb92raXvq9fQo1I35oNqStpbVWUendWd113s+vuup6L4y+D1w11oQfxT4GaR0uNGugLxTbvkOoR1YKoUnJxjPPTp8c/HP9jL4P8A7Rmn3njb4Smz8EfEc+bLqHh+QrBZX05Us6+RuQRyPJn5kGCTwFOQPedO+Net6XAIEkF6Cw8y0vjvRozwArsMMMZypyMcsDmuevNUsta1A6xoMn/CPeImn8147ZvKt5ZOXUIFIUZb7wHUE9ckDzZ4Lmlz0vclrKyvaWzSnFrW9rN6Oz27enRzBxSVRXi2lsrPWPm9el7eSP5+fiF8KvGfwq1y88MeNdBvdK1CwldY5pYXW3uFEhAkglICyRv1B3HqCcZYDzG60tZEYKrLOP3jKUyGzyu0D25JGec5xjNf0x+Jf+Fb/GTRz4J+Nmg2yaisTw2fiZYo1uI5QpjSQ3G0NleD8zFSATgD5T+Wn7QX7Eviv4YzzeIfDbv4p8DXJdrPUdNU3FxaRMSyLdRpuKqoIBchSAvyjA4wSlCXLVgotNWUtm04u62Ulr12W17aerQxcaiUqclNLVx0926Vku9k46WTV0m9D8rdVXZK0WwMEUFgTtKEEbsjk856Aj05HXhNQLMA7Bgu7KkZONvQEgZ5wcZPoRgZz774n8IXdrI88dvJKxDrLhCrxMOCHQgFWHfdg8gY6ivFtWs5YWZTjltmzGGXI7g4G3qD39Tjp2U09krXejTV7u17q1n6O1k9WKvzTg3F6KyS3ttde7dLVbrXa/Zci7DO9XUKTtIOBnB7emTgZxk9TnvBPMSM4witwVIALAADPJ9jyAeoPGBV+e1eIZ3ZKnJLDAIPTafdsDoD0GQOKyTu+8rjJfJjYcAZIG4N3PODxwSMVcqdk5Nu7l6221t0u93zXve10eY4yTu9bPS6Vuj+a6NrVW0epfiunxhG2sRk4DYABwMYPGQcbe4xkY5NsXBEK5CvlgVByrDjk5GDwffjORytZG12BkwcgqFyMLtwOMduOQcD09DU0U8SIZCSTyu0glcHjCgjGSOeAc9eM5qOWK2SbemrSu1bR3f3Ozv5In3qfvJWXxN+V9tlbs1bq9NLLq7U29wgBcxSFtoPOwAY2gHI4OMnuenatSWO6DKylZokH+sjAyCMnKEZIxx04HJ4xXERTxq/O4R/KAMngtk5wCSc4x29cd62NOvrmKdUhckKGP7xgFwwHUEg8kdO/Xo1ZKnyxTTVpPV6uz91uKtd627Wa73udlDGQa9nJ2bsm4vW/u2stb9Hp5rTdbT6zrLiKJLu7lhjkDxwzzPKqOG4wrll2nGG9APYCkvb5deSHTNRsEDh3ka5gQK+YwCNxAwPug/eycnr0PQ6XPprTINVcQSSKRIYl4KtwHG35tw3bgdwLAHJNJ4zsrhLOL/hGbCW4tEZku76FC002RkbWAbZyCGGflxk8khuinUUU4PS1lay2913btfT3bK71sViaKlBzhUcmmny21aum+b5aW776WOdt/Alxd2uk32g6pb3F9qd1cWg0iMqLhPICkNJtYspcAYJxnBOeCT0fhnxt4l8AX7215b3O+3uDFP9paRoDg4KtnIDDGATnPAIGc15NoOq6r4ev01O3mmsruKdm2ylsjd8jYVx8rHJAOASR8uMDHoeneOYNRR9F1e1S+07UNSilvL24wLqHfkyETbQ6rk8AHjHJ5yfQwmKlRmnQnKlOMk7t+67cr0Vkm3rdq1krdz5yvzJShOLavre682lGyV7W1S0eh9c+DvjN4Y1x0F266ZMxWM+a+E80YwUJO05Y8fd9gOBXvmk6lazKBb3dtcq22RZFdXYknJAyc9MEDd8pzjrX5Ua3o1x/bF7b+Gd0dgLc3NurSZeWKPJ327dGB5zx687cE53h/4ueKvDMqx/art4opNssMjMp8xWOArEgDAAwMAfzr7LAcW16EYU8VFtJpe1homouC1vv/w/c8KrhVKTnDTVLot3F2bWqtdO2r6+Z+xdvcbHMkpJXP3Qv3QxwCoIGDznp8qnJ5Bq2bmCUkAEKCVLcjnAIzjnGR7gknJB6/FHw8/aYs9V8m01wBWkwC7sI3QqMAndjcAMEn7vIJxwK+o9H8SaNryJNpd/FNuUKY1dWZXIzlgD0G5TuxjsAeTX1dDPqOLhGVOpBtq9m7SV0u7Wutu++lrnNapBJNJdLu7a+G9lt28+uiNy61SC1O25ljCNuORglcE7APUHAyPc8/xVV/4SWxdJY0kjJCDeA+1U4B+UcgtjAOCOfXisPVtHu55N24EEMSxXDKx/iXk8Y5yDndz8vzEcHdadNp1xFNdCSONWLNligcAkAkdSDnLZA7dTjPk5tmlSlCcoJtRi4yStZK6V9LLRNdVe1m+/p5fFynBN/aSsk9U3FfC7O9mne3dX6v8Adz/gkf8A2A3jD4keKpbS31i40jw8kNpa3UST+Q0jYZ4S+7y5OTyuCRx71m/8FGv2Y/gt4l+G3xH+Ldxo1vZ/ECxt7rU47hY0Eofy2aJCwUblHAwc9COMEVw//BJr4keCPC1x8VLDVNVstO13VobdLK1ubiKMTwEj5o2faMKRkjAABztxXsn/AAUa12zvvgH4+sNK1Wwn1XU7Vo4RZ3cTmXKneiqjHdlMZwQCwznceP8AEbxb8SPEVfS2eVYWeZYbI/rOWYXmgq/1Z4eUaHPK6/dShJSd27x0avc/018OeGcgxPgoq2Kw2CxFb+z8VUlzxozn7WHteRxbfNCo2lq9bW3sfxZTeNNVtLx4w42wTyBISCy5RmOMNuxzzgYBPQc19m/sL3A+K/7TPwi8BaxDFFpvizxlpmm38sCAXEVvLPEkzIwGRlCSOPzIGPg3WNKvbTUb4SwtHJHdTJIGBLhg5VgTjOSyjb97qef4h90/8E0dQtfCn7ZvwJ17UyY7LTvF1rdXDy4WJI1YYLs20A5HAzluxPygf6GZrjKuXZDjcywcr4jC5dWxFKUdZe0pUedNNat81nppprqfw1lOXrF8VYHL60UqdbM6WHcZqyUZ1402m2rWSdry0t16r+3P9tL/AIJq/B74e/ATXvGXw+F0mpeGLK3u5pbtg6XKLCvmRtkgiTPzE9z1Bzmv5l9QtJ4rgLF8yxlgQ5yuQSpCAEbl6geo65r+sb9rL9r34eT/ALPfxH0m61GO9HiSyfStNihdCRcsmMBQSSyA5xj7oyOcY/lD1W4gS8b7I2Uwxw+cfMxbIyfzyRgnjHFeb9GvjTPeL8rz7F5tWxdWjSzb2WGniudzjHli5xpuSvKmmlb3rXbWh974z8MYDh7EZTgo0sLQxcsNKdX6sqcXKlzQdCdSMLrmcW1d6tRTs9L0PJMiMH3ISpQovJJA6jnlc9PlOecEfLhGtXWNGQgsgKsQpBx0AILc9cgn04BBBEeZ3KFMADJJVsqCegzk4AOM4OM545NPEtwhjwAG3AHP8S4wfTLAAnnGRkDA4r+saFeS+0nfWz/7dt0tZNe9fW19G9v58rYalKz15t07O1+1o31t2630uMUeWyHyyCvL7gCuTndtGcE4Oe+PYGqcskXmOilmjckFwOVLDB45wenB4PAPerbnJcEqdp6gHcA3OAP4sc8c9+5FY1x5kMjlQPLbcQTgqRgHnIyWA9Tk7QeMkV6lOqnFdFZaJf4bOylpK9lpbRNbaPyKlOUJPk95bWS6trd3STV7W6XbXlppPsGwAsWUqrYwGXOR3wGHTJPUfhV2G5yAjgv0VycZGTgnJwSoBODjqCDgHJ5uCZsGNpBl8GMjA4yTtBxjG0cYJHVlwc1bt5n85BI7KX/1bHOCqjBDBccg4GeOwY4O6olKm3a8W7K6aV9bWTs29N9N727ChKalG60aTd9G7W3tp36pa+emzJG8eJYxuWQMOfmOFPynrkEfKN2M8Ak9MFu0VwwwMyHh933lJbAK56jjGep6gkAACTjLwEqrjIGRkbCejZBIwDlTxyCMdKyXklsrhZU+cNICr7gFI4OGCnHTccY549MVw1YOcXHR32e605brZu9mrJLp5HfRrOnUhK+it0utHF3erdndWurL0O5slVg1pO6KVw0TclQMlgoJYDBB/DrwFOdAxqVa2KMXiIZHAKsF/iIxnOMdhgk5KkZ24MLrPGZRtZ2UGQA4KsMHK4wScbgdu0nnIPfd0+9F06QyERzeWVifAG84xhiR/MHbkZ4zXgYmjKO0bP4b2vdXjd29NtW9N7H1mFxUKlJRb1bSXM73tZX9Fd6Ky+4bHGWVkVTI0DFt4OG8sjI6/KeoDDnpxwBh/wBrLyLGqCMQsCpZmJxnJJB4IJ6c92I5q1LDNbHd5qhsHzV+XCsvIK9ypGBwfoeTnPk2tJFKy7BM21pFyTjjIwOdp6benJwQCa82rHma5d9N9Fpy7N3fW17Pa1mezTbhFX62cb22bi93ez3V3ffvcs3NwmW84gh2RDgBvLII+YHPIxyMHOcdMjNV1ilaZFJuYtnU5DIvsfYrjjnoc80l5J5eIgyNFvJDKCWRdvzYwDgkdcg4OcMOaqW7NLMyRHG2MiGUEKXIHCsCOQOcHHOcY5545xcdY2bsrvzdvOya6J3/AB16Iz5rR95XUW97p3ja72s9Hpo1re7sPW1XGyAcR4aTePmMX3iuD94j3Az29agu4GAV4fnUt5g2jDKOAQWHIOR0HvmtKOI7N7M6yKHWRmG4PtUnC4xk+gI+9kAdKZbbkkKx4eOUMSvLFcNz7BvlBBB4GB245J1Pes0k7vbS90tdn3enldGqo2aaVtnrZWbcVp89LWu2lpuZkdyJ5lidHjOFaNU5EhBGfMH3QcE5xgE5GcZaugliXbG8Sl/m3bQSoDqMsADjBB5688/LySM24ktFlkjkYQkfNE4TBZ/vBXIyR79CT1qzbakJNyTEQyoAyKuNku0/eJ4GSAMgYzzwM7RzVJJye2qunpumtLXd73u11abXcqM+WXR7NrqrST7pNdbXWqTL4bdm48gMVUB2ViC24bRlByhUnGSBnrVaSynaTy4HkR4z5kiFlB2sOQDgkEZ9Txz0qdb20lncPKFjdAzGLIAbAABHPQgk8cEgk7QK01MbujxkvIwVI0IUB0IznPBO3PJYj0OAKyVVN22fNrZ2tdxVn63Tvraz1Z0R5ZX03bT5XZ9L3a1lF92pS0bs76c3K8dqpF6jRsuZEkU5DqS2CeM8Z5JJ6HPB4qrNCksflSCUTEErJuDjOGB3HnChcYIJ9ec7tnVdPaaPdFtaUFxJEuSyRgnghs4I/vc88YwQa5+OyRpI7ckhoyJI5SSHRicgE8ZHGNpIGCe+acYuUVypq1pS5dU9Y7rpo7bpNN3MU3BtXV31XbR212Vnq7O76dVoT3zmRy4WJ8rGpOQGUjAwQAQ3AJ75284OKpXtss0AjVSXVi3mKoAYZJ+Zhg8AlTx05DDJqW9065WUNOCwJVNyqDHuxuR/fPC9OS2PY0jPcq29ZFaQIyS255ygJwSpJwxGByQeSRnBJUIu7UtNd+XVLRbfds16d8ZpPmU9b63avZNpKy00+fn1SObuoZbtf3amKP7okR8fvVyqkgYAUYxuGMkdcCkt4HitmguhHcLI581ioIGR97PU7Qc9RjJwOgPQMDsMyfu0dnV4mXIjJB7Y7qOv8JJPIAxmllZGQqAHAVsE7iATiQk9Bzjvx0ByK7KUnHSTXvNNaa2fK+l7d00rq1rK+nk4nBUp3corVu1ldv4XfZW7p2XzsjhdZ0O5CvPZSM0EZwrRfKyAgna3doycgnsOoIyx8h1fRba4LXFpEYbtebi3wedvLOoGAWycnI3dcHufpMwXdnbuWaNbMk7iu0qhbGCQfm5zl+gHYkYrgPEGhQ3rCaxdYb5QzFY8BJU6nJHLdTg8ZPIwDz6UYUKsNVFVFZJu6b+GzV3uuivrd6Lp8zisNWwlRuEm49neyvy200vp2Vm/PQ8HvboWqeYUwCFV2AwG4wwIGPmzzyOBxyKzhfiaRUWPYzLleBtYckkt2IOfmwc8AjpnpfEGnTBzJLbyLHnbcRqpCJIeQwHO71wMAjhvU5y6XGBFKsXmxuAikgg8jkAHrtA24459xXLVpON4u9lomrK+3vK+9na/rbXQmnVk2ndS01+zvu1azS03TTTvdWZkSXTykFdvlZw2ePmJAwMnI6A4GBzjqTjVtHLQsW3K4IwcELg985zw2BnOecgjFTT2VrBKYkicllQ4IPynoC2DyMkAZ6ZOQxANan9kznDM6mA8BY8ZD4yDgHoCRnqeucbRjg9m0pNKyVt7Ptd9+bRa3dmr2W70lKKi3e7e7fvN7dVrbW11vfW6SRa0u0k1GQbLeSScMMvECCoBzuA7cjgDO7A69a9F0x/EOhyRGW1lvbRm3EsD5oBHATgsMdGGO2OoNcjpV/faLIxVVVCoKuwDEj5V5yc9N3AwOOCCOeti8a28hVftUabD8yupA8zgkAkkAE8DI4789ScFJJtqzS1tZ3suZprrrdaX/E5Jxw+ITjKMZPz3u2mn0u1rfrpay1v67Y6zbapatBJC0qkRRtbybQ6K7BXDEqMIAxznpxx2r+h3Wf8Agip+y54z/YT0v466Fpl3oXxV0jwUfH8GoQyK0Gp3sMP2i4tbuIELJE68IAcBgTknmv5gv+Eoi82SUzC2ZiV8xThXK/MM44JBHtgcDAr+vr9lj9q+68X/APBJPxKk9q9xf+FfDOr+CGvBMG82J7dkWTcSDuWNsMpJAXBC4Ga/lbx5r59gc54GxeTYvF4ej/bMcPiVhZSpqpOtKl7FV1FrmprlmnGUWrvU/XfDzA0p5FndGEKTdqdSp7WnGbWGV41eRyXuybdN3XvJJ2ex/LXrfh8wxJAIFgdYmEmxlIMseVb5QeMlWAUsMEdegrzYyvazSFFbzARvibPIU4yBnOevGB0NexXlyUuXWfc8ckkjKW+Y/Od20YJUD17npjpXF65pKzqbmCMBwCGZMBhnJDe+eQSM4IJORmv6dwTl9Vw7qe9N0oc+11LkV21ot35630PwT68qWYYmhJtQVeoo62tadut9H62aVr7sXTdX3xBwuWBAwUORjsOpGcMQQCMZYZAq39qQyiRh5bMd6oQSp4OSACBnBHQ4/XHKWJeGVV+8QCG3DaxwCCO3QnAB5J6HpnoB5bxRncjAdB0KtxlTkjAOBnB4OccjNdXMo6rXVJ3ulb3d9e711/Bo9VTU9+VJLRdPhWifZ20V/NLobsUimQpOpdJCCjDO4fLnIIIxg9sZGOeDir4CHhAGZchsj5lAGQScdCAAMgDkds1x7yTwnzVJVGHC7s4HA4yeDnkdj0x6a1ldOnzhwdwyQw3Enp0xkY+v+0TuzVqUZaq2l1r2Vrta9mrvz1S0SzqU4TVku3ZtPS9rPo+t9U7PudpYF4X8wAyhiCMclSQBtbBOOmDkj36c+/fCT9pDXP2YNd0j4yaFbC+m8OarC19YXEhihlgYhWDE8fddgp5IYgnoGr5z0+ffkxkrKTuWM/MCxztA9FzwOCNxOTgmuM+OuqNYfCvXre4hfzGmgdX3YXkpkE4IIySVJPXAIC4x8Hx9wflHG3D+Y8PZ1haeLy7MqEqGKoyulKnNJP3lJNSi7OLTVpLRvcWClWw+IhKnJxTdrx0s1bVW26av8bXP69fgf/wcW/s0an4W0x/Hul67oGs7o4bqO1Vry13kKJHjOAQgZTgfMuOD144H4k/tlfCf9v8A/a2+CenfCm+utY0FdV06zvLW8jMM/kwMl1cssBYkruiALHA+6SARx/AZJ4uvrKVjZXLRxxuGUbmODxuHPHU5C8nv2Ir9/P8AggR4pnuP2yvBWq6hIslnp+mazql7dzMixWi2ttIWlTedm8A5ABySQq/er+K+K/owZVkWRyq5dnGb1sHk9sTl2WYmt7ehSqQ9ylbmi6klBTaV22lbW92fofBkMRUzynJ4qc4zjK1NxhaErJqSna97777d9v05/wCCtviL4SN+0dp/h/wtrc66jp9u1p4msLWMJbWMVqiJb2rsvyF2VSG4GGxxwM+D/slftg+Jvg5rXjjwpougReN/DfjnTrbQYdK1WP7QlhIzqiSW0TqyqzEYZo1ySQeAMj5P/am1CX4m/tQ/G/xBZ6jPqNjdeP8AW2065kUgzwC8ZUVJM8xDoqodpx719Rf8E8fBng7TP2ovhRq3xJvbPT/CekaquoajcXjr9iingVpIPtyOGSSFnCbhJkAkZJBFfe5F4dYXCcI4CnjsNHF1qVCjiIwlFONKs+Sa9nfWKpyfutK6tpbp+vPEqFZ051lUhCnGE3qpVOSK5lZN3vJW669Gjm/2mH8X+Ptb8ZQ+MfAuvaHNFaW82ky3ulXkNlp1giB44IZWi2NZruBRcgABueTXwV8GQdMn8ZWpnMvl6hCDJETtX5mOdvcZHO7gDjgYr+z79uP/AIKNfsf/AAh8NWWneLfBPh34sW/xCt9S0WCfQrCwazSCyiaDyri9WDdGYmMRPIIxjIwAP43vCfivw141+Jnxd1XwtYromgaprlxf6TpcBBg0+xkmdoLRGAwVjUgA8HvyRX6xg8sqVuHXFYVxwtGlTjTm4NRk4uKaTav0WqduqaPl6uZQlmNGrKUqOI9pNSoynGTjHTlXu2dktbSSbVmlsfRGi+Jbi0DBWiuVODvY4IAA45OQ44AwScZ7/MesOs2PiG3W2ulggmAKedgJJGCDjDAAvg4GOw6d8+FNa3mnNuiDTRMcggZ4BzkgcAgZOAefQgZrf0yYXAMheVXA3FSpARwcg4GO4xxyR26V8VicphGV+VxdrbaaWcXe2q76u+yeh9PTzOU4qLk5Rs1o9Urxt0uk+W6Tb6+p1d/pGqWKMcNeWrHEU0JLMigggtngDB6YIb65xUjuEjjCLM6TR4C7zsdmYsD8xyD143KMcn5hlRYs9e1O1QrKrTwPlXE33EUHCmM4wvGAMAk8DGBxaeC01iFpYniiuXOC7LhtwJHzDI2kDgNtwcDBzwbw+DUeWLipS0SlZWV2t7K65dHpsrnFUr2lKUZvyT9E9Xfur3t3Wxcsrq4ijUTobmJx8yZ3PCP4iOc4wCQB970ziq95Ha35kktY38wRsGhYE4IztK9wRjJPODnI64w7S+vLC4ltLmQqC2I5Hj+R1U9Se46YI6kDJxitP+1ATIYmijfJxNtKjPIKsCwUkc4+UqTyAMivVwuGqU6jcYv3bXbTekeVuzuteq7aLpY83EYmLum23JK6dm7JJ33abv31t31PG/Emn6xazNfKkshtyp8g7/JYKxJBZeuFyrIRnqCcdeB1S+sdYg/4mNobadFwPITEaOcjGQMgEgZBPbqScV9E3bz6guLsKkZDFWjAKvIu4EuBkZPAbJyD0BBGPJfFvhqeSFpY1Uxsd0giG3jHDkYzkYBwcZJFfZZXiWnytNSVn22cVd/072XmfKZheV3q0tfLTltp699GvO54dqUDaQhnt4nnjDblj2nchwMkgcMuOQw55B5OTXH3uv2F8q/aITazg4BjJ2CQAL85A4XplcehI5YV6FLZXtrLJGZBcWrDZvb5mVfUKSSMdOvOfYA8rq3hOS+jae2McRkYg7QFDYyc7BgxuAeQODnOK+8wWIcacFZ3vF3Semq0evVWWnTSzPjMRBKUpJWvypqzXSN/RO9r9l1ascjePpV5a3FtqsMFzZXUbQPG6iSFt425ZMEjcDknjGeoGK+eI9T8W/sv+Nbf4ifCzVmj0+5kMmt6F57ixurRhultJ4wTGUdSxjk2gqNvJ6j2250nU7JXglQFFxsmRSfNXBGCO7D+JuMbT1IIrjNb8L3Go6fLDMqX9tPkGGRMsgfIMZz82CCR15bpkcn6GMoYiCU+WMoxTi3JXT91Wu/5bPbdnBa0XFJNWvZ7fZTVnouuq6u2zPm34E+NbT4mftbReMttr4ek1fWbnUnsLqZUh86YMJUhkYqrFpGOzGMjb0GMfsz4ps4ry1mzlZyXaQfKCAowGHJDKwPD8hiffNfh58Qvgff6Bcr4i8K/aLS5spReRQ2jvFeWsqNvEkEkZDEhhkLu5GAOxr6b+Av7ZTyJZ+Bvi+sqXkLx2dn4rlV0LbQI4otSHUMq8NK24EDPJxXyWb5VXvHFU05QhdPqnqldW+0t2lfzvoddGrGUfZaXtpa+z0VlrZ9H6rZaH6Z/smaJFN+098JUZWiB8QA7lbarMEJBYZ5I75x2wOhP3Z8avFGveFvj54zf+zGv9Mi1VGJmJMfyEM7RM2Qr7QeAuT/vEivmH9lDR7C+/aK+EWtafci40ltZjmF9buslu6yRFg0ciko244GMg5zweM/p/wDFv4Pah448U+MWsAhDa67LJJGVO0FsAucZyB8vJ64wcg1/OvH+Y0aGawWLtGksO4y5ltdpW36L0s77n7j4bZfWqYGt9XVqntFJvpJJQXy9bNO6urNpfF3/AAUg+Ivhn4k/sU6Ld6JdoLy38W6fDd6U4YTWzQQsBuJO5g2M59BwQDX5E/s12wufiz8OLSO2eW4u7mIwxqMh5UhbKAYIVXUEjnnAI61+sH/BQf4Nn4f/ALKViTtMkviC2kfMYSTzCpDZYHDKc/KeT0BGOa/I/wCE11qWjePvh5f6Sxh1G1Nk1pMgJKymeJS2wdQFdssOTk5wOa7eFZYarwzjI4Np05TxNtnFtU07Oz+XTpdr3TXiiOIo8Q4Sddv2ihh9W9dKiW2lm7u1tNtHqf0JRfDX4h+CdD0LXbC3v7OzvL2W/MdqWmgO6RWaK5gHCYwAxdScdevP0T4O8faBa5e/L+H9fdYXZ3jEljcykqPmTaCrMwywzkZOONxr3P4UP4m17wzpl9etZ6tpq6RaqphiWWaDUfIQz21xaEksjgElgoKsepAxXlHxO0bw1PcRX1tptgt07S22o2sTCJ7SaNsecsZ+6+ecgHjA2nrX8rZ/gXiMTjYVqCcXUnHnjZySVovmekWtb67+iP6EyHHxjQw9p8r9nC7TTulCCfMru26baWl3o2XP2p/jLND+yx8WdNvLKO6jvvCN1aJqVq6tGzSqu1o+CQqjhkPAwBz1PzR/wbf/ABluBF+0V8IZNP05NOsRpXiyz1NII21A3Lu5lR7gxiTyiQpEYIUMxFS/tT6JdaF+yx8QmtNS+06c/h95yjHeR54XMeWyQcjAxyAf7tfNH/BvfcyWPj/9orUoCFiTwppsckpG0AlmKo5PGME4x259cfecBYFZZwNn9bDqcZ+2urNxkkoRj7t3ZJpvZ6Xd/L8/46nTxHEOW0ZW5Z05Sb0te6taz3vZt3Wz1tov7RoNSW4tBfByofYcbhyUGM7Ryct39eoxXyV+3hqc8v7Ifx9kEi7X8D30LJgr8jRkk9e4HJwFx7kitO0+L+nWen29uRvkSOBZDuPlDaSC4OAGLgjIGT1IznFeHftnePtO8TfskfHX7JIInTwZdoythA5EXzKoJGWbgg55JBzkgny+FJ4mvxHkzlCyWPwvM5XvJ+0hdvWzVtd7dNGj5jOKcaGX42V1ph6itf8A6d2+Sfp3aufxb6W7bYi5AURhAVA7BhuBzjIA4H3ueOBxpktIrFDtCsCX3YBJ4wQc9DxnjGMc4Ncpp9x+4QHO0/NuXgqdxCjPPGAcDPORycCtprlVAVUDM4VgGIG3AbJxxx6kDpk9K/0/wDawtFWTXs4N+doLRXbbfbR77n8TYxv61Wu2+ao3drW7cWmrK/TfV3t0VyyY54Zfn2k4zgntkZwAMg88njO7Gc8npkjiWKxyTG725JXAcEZY5zzg5wQM88knA55VZRKAjSIcjOe/YsC2eCO3qO/p0J2qtjtUAiDjLc7SzHIBLbug+Ue/Xgnpuozje6u99L303f3X/QyjTUaTu1JauLtsvddvKT2+9u60NKIblJKkMCctx0yBkAk+h6nuT0qAlE/eEEc4x83LM23cMnpnkc8c9RzSxrIcFeUDc5bnJIIGAOn07jHJ4DX83eMq45GF7MNxBPsxODt6YwB3rscoyjZW57Xtez2V+76ed9VfTTk5JLWKt0i29W9G1db2S1T8n5n6G/sFzCL4x6LcJIIhFYXig5DfP9nY5PTPqAT09RwOo/Yqt/C3in9vn43WnizRNF8Q6de2Gqx3VnrNrDdQSINUnQupkU+XJxgFSp4JXkDHC/sOfL8WLL5HWNbG7Ic5G1/skmcDsT+gGcYbFWf2G7iL/huT4v8AQsLTWN0hYkZGs3DDORwQCBwcBee2a/i36TObYrJeHeJ8dh6lShUo5XGpGrCfJKMoTp3kpRfMra2fl5H9S+BuChmWMy/C4iMKsKlWV6coJxacba8zfVK61d9lc/fzX/2DP2bvE8drqnhfT9c+F+uPbrLHqXgPXr/SCJmAZZDCtw0ZwxGQEAKgYBzXCr8CP24fhEGn+A37V174psIDut/C/wARoTfRlIiQlsbyR1fG0BSx67jkdFr630HXHfS7LEsbSNawhMDG0KqcNuIIwACuQBjPUNxpLrVwHYTJuPJJXcCR2IweqjnHHJypFfwXw39Ifi3I6OHq0eIsW6clCXsp13Vh8MPdcajd9XrZ7LTqf0HnHhdkOZVKtPE5VhZ2lJc6pRhNapqzjFbX76b23PkzTf29f+CgHwdPlfG/9nS2+IOh2rEXXiH4dXAkmEaDDTpaxqzl2Hz4yf7ua9z8B/8ABYn9lrxNPFovxHTxH8MtZYpFPp3jXRp7WBHYYeN7m5hEYCEsGfcARyBg16CPEkapIryzJHyDHJ+8i7fejb5W64HXOQvHSvEfiZ8PfhF8TtKv7Hxt8PvDfiSI28ivJPpFrHcKrBv3kc8MaTCRc78hmO4Y9DX7hw/9M3NsN7OOZ/UsXFtK6XJU+zdqz3t102turP8AM80+jpk+Mk5YN4jCSekYp+0ppvleqlzK36K10r3+27PxZ+xt8ebFbvRtd+HOsvcoSk+lavZR3ys+CGVVkiYSHIIJGeODuyT8WftffsH+EfF3wk+JepfDD4kan4f1WHwpqN7Y2EOvh7DUXtLaS5a2naOcKiNGjqykAvnkkYr+cX9pz4KQ/BD4ma5L8FJfGfhi007TT4k03TYpdQls9VjtpC95aW4gmC20MEYZsnIZF7A18VeFf2x/2hPjV4w1v4ffD74teJvD+nCwjl1Ozu9TulsCkZ+z6jahZXZ2jmBZCikHBOTxkf0xw59I/D8S5Liq0sPWjho4RSxD9rGVOnGtHlXPFuUoaN8rW6Wl0fk+Y+B2K4fznCKlUoSq/WEqNoSpzk1JO9leMmrr0drM/Sf/AIIF/Hj49aP+1d4h+AkWoTax8MZX1nUPE+hTzSS22m6pYXT2y39i8skuyFud5QBSWGF5r+h3/gq58GYfiV+z3r1ppvwf074uazo8F3q+m6PqlvG8GnzhSFv7SdEEqyRLkrhyA2GwOa/kU/Zc8efGD9gD9pG//aB1fwreDwYltJa32owo6aH4ksdRJnulkuypWOSWX5lkJ6sOowT/AEe/B7/gtb8EfjzoGv6fq+la94L2WBuU863N5Dc2kiEXNusvCyWxxxJySp5A7fPQ8SMlngsRQVeUI1ZRdDERh7TDRdRRfJKcbxhJO6lzctr7o+5r8D5tSxOGqzpQlaPLVoymo1puLV5RhJqTXLqn8Ka07H8b/wAQP+CcP7Tvhzxb4K1ZvhZr2myePr+a98K6Tb73060N3I22C6uVUxIrgAIshHTAOQxNDxBov7Vn7JnhX4g/DDUvB/ivT4vGjXVn4o8I6/bTyeE9REyKyXmmqQsH2mFAWLRndn5zuHX+/LwN+0V+zH4+8KeH4fDvi/wTeWF6kccKar5DXOhXm8OEM0+5rZmkwFZHQKR2G7PKfta/sy/Bb9rD4aPoWs6ho9+NKnjuYNR0CW0fW7W/IC5t7mB/NuLeRefLJOVOFPUVFDNHmKjVpY7LsbClGnP6tTcfaOzjzNPn+KLatdau6epyYjJ/qrlSlhsXhJVHJe3km43bVr+6k/8AybR3S2P88L9jn4PaL+0D+0V8Nfh346k0/SPBniXXLbQdeMlzHbz6NLcylA9tNL/qyXysYYkBgApypz+9fx//AODcfX9MuPGUfwb1+HxLFDpk2seELHULQRXUphtxO+l318GKrNcDH2WTbiXKleSSfnj9pn/gk38T/wBmr4vWfib4bq1tpnjrV7a2+HN3e3bwJf6zHKkytJIpU2F6siIbfcwJdjgjJr+if9j/APas/af+AI8FfDb9tL4aa9baZq3hSP7N8X7Czl1exs3trcC0tPEc0S53qiKBcMQAh5zjn7HKs5y2tUdOt7WjJxpO1pRdJr3XGUVeKTa5XLZ8q11R4lfIcVCi37KnWc3Kzbi3UTULSh1bjZ6JqyfV7/wVfHz9gn9oX4HaDJ4p8beA9V0vS7K/fTNVeK1kmk0W+SRo/I1JQN0UcwXNvKw2SAgg8kV8w/Cj4aeL/id4/wDD3gbwtYtdeJNf1JLHSrI5UX1wzqI0DEhUyTgliMMCOCK/0aP24fDvhP43/DjUP2kfhHY6F8TPC+jw3emfHLwLbLHex654ctkeGPWLLT1/epqumq5uCqRrLIQQz4XNfwq6V4+8N/s+ftZnx/4DjTxFoHhXxmmsaLoN2Gs5FtpLszGwlVh5kDW+82rIzhlKAkZr28wq42OAr/VX7ScqMqmHnaMk7JKPV3t23unbdHgVcqw9PF4WVTmp051aUayvZwk3Dn1aukrN7N39Wz53/aD+D/xI+DPxBufBPj/SrvS9V0GWNLqxuQHtoiFVwYZTuBjb5VwGxk8ZOQPrfx/+3Z4T8e/slaR+zp4g+FHh+31fw9DaDQ/FtkBHJbyWpLTXQQglZ7tSqTMpAYLg53YPd/8ABQXxhovxz8R6d4+8KWMVpqnidYtW8R+H3vDfT6be6hCgi022cknbG43mNXO0NnBJzVD9j7/gmy/7Tdx/YPiLXbz4X61feHr7WPB8vijT5YdF8WXdojuLK3vpjHAhmOEjJctuAYDHFfn9avw/mWVZJjuKoVIY3LMfDEYRUZVKdWni6c+RT9nSnzOLspTjJNKN7+7qfQ0MLnWX4/M8LkEvaYbHYR0K7qxjOE6E1Ftc00le/wALVndbbH5E/apdMlS4s51ZpVbLowJUMzfIWCnlBnB43ZyR1r9xv+Cfn7Rmp/F34TeIf2JfiX460DTPCXimK51XwzqfiwRFNJ1KCPcllBqFycwK7AGOIMAHJKgHOPzM/aP/AGRfi5+zJ44Phf4h+HrjQ7q5N5PpUcgM9tqumwTyRpf6bMgZLiCUKrqydM5y2a+brG71LTr13tpLywuIZkZJIXeCWOQOMPG4Csrj72Op9M4I+vz3Kcp40yWFOhiaXtb0q+AxsOWdTDVqbhKFSD6O6tNJ6puOm6+eyjM8z4VzWU6tKqqc1OhjcK5ShTxFKql7SLa913upLR2XQ+7firJ47/ZV+Md1pmg3Nmt3ps0qJq+nTJNY+INLicjzFZSY5beRAVYZG7JGGxx5J8Rvi1afGnxJZaz4n03RfDV+9mtk1xpMKQW9y5Yj7TPFHhfM/ic8FiSSTnnzvxF461nxPo9rp+rxy30uiW0kaaleSO980TqzBPNkcs6bmLMGPfPOBjxG3lkaZnJYFcMnJIGCDtxyRg84+8MYLEnB7Mp4cpqGHr4pUpZtQpewqYyheEaqVteVt+61eXI21GTfKcWZ5t9Yq4mnhXOOBq1HVhhqjUoU5S5W0rRWzbSd1fdp7P6BtNHitbe9hgRb2C3eUxT+XiWZcEh1bO4jkNgE7QeuQcc2niOW2M2mXunQXZwqxbgGlCNyCHYddh5IPBHPFN+HmsPd69bWWpXr2enyb1kkBBiilZCI3YDohb5nBwBg+vDtW01E1bUFt9QguUhuHFteRYHnhnOEXBwoHJGM9PY161LDVaE5RnLmjFe6/e57aJ66Wdpd2tOq0PnZQi7ON3baNkrr3erelr2vfS1kaj6rp9pYKvlsVmbbtOVa3Uqw2MAQHCnpwcdc46U7a/slj3RylpCGR4rkFtyEnhVPy+2Rz2Ix129B8O22p2t5DJCbi9gtmlkDE7GbO5ZFYNt3LnlQOTwR93PVeHfg7qniWxOswWsn2aEtEWibmWWIBmjRcKVOzOR/Ew3ddpWfZxm6nuS5rrlvzXd+V3u07PR9b62Yo8zmldN2Savqr8rbb+Wy0flsvJ9Ut02Ld2cRUzDy1SUtuwSPu44yCo2EEcgkjpjmDYKl3Is9tLD5sYy4ViN/94EgDBLYyD0wc8AD2u60FdMkurdSCEDxmG4XMiOoO4FSch+COCBkY/hBrN/0NbdTIqykqUSMoTKhB27wTgMARjBPAPGccRTxcqT9nKE5apPV3drK1m7pNq+6321QnTSle29tHpe6SbS10drvZ7vq78FpNheJL9nMEnlhGMcjBv3gyfkBIGCeeMkjkgEdehktrS2EEsVvKqO6idTkNG68Z56ZBJ7+46E6Ud/Np0i29xJA8OwmNmALxKcMCAcE46MOM55J61Xn1iG68xWZfJVSHbZ8jMMgPkYxxyTwcA9cYOiVWpJSUOWPnG7teLu9dfNWvr0sbxpJRSaV9WmkmtHF9HZ2vZrd9dRl1b27mZ0LQ3DKsikZ2vGAeT1yVGAe7duN1LGMWwCyZYgyKT98v0ZcjIXgDAxzk84XnmZkuWX7Qs7SLvym0ttCD+HG4lumOMA8k5J3VOLhy6N5qI5iBZFA4PcBSMZLdWwcjn2Ps4WM42sn09d1a2qukn6JPR6nXTc4pWvqk1bTRtPqk7K91o1otUZ2pzS3CvK0YTEoUuoYjaNxAx1BweTnIJAHHFc1cpCQ7+WwcDYVAOAScEgEAAgHABIIB6LxXW3l1smAYRhWRS6hd+7nHAzjdk8kZx7VQ1UWa2jMFyjsrkgYkyeT82eQe4xhe3PX1I1pRjZ6aR0vorW+Xl83uZTTcm7vWz7PTlv0Su7pa36d9PqD9jGzS38b+JADkTaVE5Tf82CBk545zwAMdzziv0F8E6f8K/if47vPg78RNDu7PUdV1AtpfjDTpCLuylKgR28q/LvjlB4QndkcE4GPz4/Y3Df8LH1hJGCpJooKLkDc67SM/wB7HJJxx24zjf8Ajb4o8X+BvivqOt+GdTubDU7C5tb22uYW2+XJCFdZcHqAQoHYhiAck18zmuZ5pg8fRlldeWGxDinTqpyioyT+Fu7upLR6Wa3P0XIMFlmKyar/AGphlicMqjjUpuKk2r+9yptO+t1ey6dD1b9pf4OR/Av4lDwgl9cXmk3KrJo2tXEEtvBd2jMocSFvlM0YGZBuJHXOK6S2/Zf+Kus+HLPxL4V0uHxPpN5GJorjTpfNZE2Bm2orclQcEZyGyOQa8E+LP7cHjr42eA7Dwb8TtA0PVdU0y5ik0vxZbwx2+qWqqoSRJZUVWkEyr84zjnPJJA9p/Zu/bm8f/DXw/Y+CvDml2WtaLZ7i1lfyj7RE4B3/AGeRuQrrnA5A+mM/W0vEDiXLMBRxGMdGrVgorEKS5qclFR/eQkpJrmVm9FZ623R8RW4C4XzPMcRRwtOpTpVvfo2Xs5wba9xrVNxXRaP7zynxH4G8ceGrt4Nc8NavYGLKMJ7CUYIDEhSBkjPHyjJwTz1PDPK8EwS5jkiCggpLGyOhBYnhgM5+8QV6EdSSa/VzSP26/hn46tri28f/AA7urG4hbZcXdtHDfCJs43YEYIUNuJz268c1vS6Z+yf8WkMEet+G7DU51Eix3qppt1kruEMjEqoYEhckkEnJFevlvizgMdy08bhlGTavKjPmaXuXvFq6T6atNvR6XPDzHwixGGn7bA4l+z1UfaxcUvhVnNaNq1nfR21u2j8jZLaK8gITOCMZf5SMAkbccdcA8nGfcVziacsjNuYB1bbt4PydDjsSAMEEjOOvGR+ump/sG6LrtompeCteslgIbyTFdQX9tKzj5AskcuUV/l6g9cKckGvkT4j/ALJ/xP8AA0k51PSohaAt5N9CT5c0eTt3MMBXfoMnHIPBGK+2y7iDJMz/AHmGrwpyiot06j9nLXltZSSvbfS6eum1vjsy4Wz3LnC9KdWGi56d5RTbT0au0+6avb738fS6KVEu2FvLLZ81V4HGcrweCAeck9eeuMltMmt3Mm0nIPyv1HHy4BG0EHgZzjB7Zz7VdeAvFmkhY7mxuIUYbgTE8keCOTuAIBI5H97nABxXP3FvqEAIutOceUQAxiwpB+X5uSRwNw+b5c8V203hMRKap1qU3JWaUo3+z1TdtNm9vXQ86UMxwapyr4WvFcqd5UZqNtLq6TV09E7WtdJ7387aGeBVeQSA8ODtLAKByoIYgjgnJGQePXMKagEvYw+RFsJQMvJ9175HOcknnHrXoYhtrrZHtZMBmKMQI2GOnOCCM7QCMEYPGDjnLvw8gvkAiYx7SVZWzsycjp0AzkgE8EkkZFctfB7cseb3knrdKN1a7V9FrdX26LQ9XDZylBwkpqVvveiWllZbaPRpLpoUmnABkUqipuJY87g2ACAOBjrgnOcjnGRlzXjwsN4DRsRICRkkZOdufu8Enbxx0rauNNYqwVhvGEKAAK2OgOSQRjjOMj+HHBWFdOmlRklXaIiAu4H5uQAucnjbkD+9zkZ5LWCvZvXS+i0SdtF1X3302R1Uc3hOLulfTR2s9vPW/wA9lc52a5s7qfaZWgKqSjAEGUct8x9wpU8N3yBkCpwZ9ixrcyRsFygJypUn5QSSAAeTxyD0IwcWbnRPPeaaCMpJESdmCFxx82G5YdcdBgj0rLudMuYVDLnlCSWLKo6AYbqBnHuR15rgrYaUaicedWa2vrqopb2emittdvyPTp4vD1ad5KLV9Lpe8tPLZWaW1/zVr26QEzQxy+Xk7z1KrtH3h6ggAjBPNQpLBKJHPmKcLjKsyKSMkZOM8E4HJB9ukSCXEbSsFjKkEIdxxyd3zA9Tz1GM8YGVraiiBtVjAQRSKckjB3E55IOc8dG7nPpmLVL2vH1aTbb5VaySSs/V+bFUWBajKUEuazXR3bglZK211e+qT2sygj/K5kCSDA2lcbgD0B4ABIBJ9OeG7RYk2swVhgBlJUhsZGM9cgg8E4+uary2s0DSswAVt2xlJAIB478HGTnHDdME5EtpNcTkRZLKFO5sDeUznC/j047HjksaXNpzR1T0lrqt3e3r1fXV6GcsJh5JOFRJNJbtPpvs+r07t2ffNluY4/NWZWLDK7sH6AAEfLg9AeD1xwTUegSRS+JLNUO3fIUjctj5wCR5gxwMA52g9j3rQNxHHcSJcokm1wvzRZYAjndgnLd8+mc84Ah0ZbGTW7eWKBsxyFiRwSGyV2ZOVzkFgOw5IyScatXmqQgtL8t29t49fNeerTWxvDL1TpKoqicopuK21SjbbRtN6Pye9rn7Y6hrHhzw4jS65qMUMyncUMwkuCxONuwMSATwcZxn/ZOfIPEPxws4C0eh2sce8t5d5eFdyEdXVcbgMY24A6cYzz8kap4q1PUZmlcy3VwwJWedt7ZI4ADE4x0xyTntVWysNTvm36hK0SSKCF64DE4Udhx1546ElRz+jYnMqtaKlzKK0u1pf4dG3e901orvyVj4zCZLh6D1gqr3cnotLea1voraq921ojvPEfxN1fVrmWKa8nvZGLK2HIiQHONsYwCFA4JXOBwTjFcgtvqF/teWWRYiSSCSPM3Y3HbjPGMNknsc9auLb2dg2zC72wBIRvZSuAzBh93J5B5AyCQMYqvfeIbGwAjaWKLblVYsMk9eVwcZyT1z83RsZr5/FYzlkpc/NZx1buneybXXz131vZM92nQjCKglFW5U0lq/h2T6t230vbpot60sLa1hPmkRpgkfMCHbkkscDGQAcDAzntghL3VrCxtFBkij2H5mdsO2ehHRmxnsTz0zxXk2uePYbWEuLmO3hXLSTTuEXgdUXqRjHA6gjOO/hXiD4wWhmeOwWbVZ+C1xLuS2Q8fcByGP93b1BPcAV4GLzaCneLTk7XWmnw7dNn2u/lY9KlRmklFNNW6Ll3V29fhSafS2qSep9F6n4viSU/Z0bbkfPI+2ILnJkJJABwDycjGcA9vKvEnxO0zT/MafURdTkjy7S2beA4OPn2kdCMdeQRk8ED5v1TxP4m8QTSPPeyW9qzYSGBvLUKOQAVw3GcMc444wODZ0zw7FKfNkMkrgZQuS7SNgZLOTnGOBgcYGCe3iVcbUm+ZzcYyejdr2stLb69td7uydzrWFlaLk9U72W3Rqzduj7O2jfY19a8e694guHazSSCGPkSOThRzggdBg+pPOMjueTFvc3jtNfzXFywIKq7MVBzknBO0BjnjaM/qe7FhGGVAEiCqqlFXBY9doH8WDnPBznAxipZrABwAFUKVARFJLEnHzAep6g5B6Z4zXLaVRpRcpOySSTcZfDp3vF9NU7K+p0JQhBdNn0S+y035pu+tk7La7vyyaRHsjnkTaWztUgbQ2MDgdAfc/XHQ2bbSI3LDywrlSzNtK7ckYz/FtwR6/jzXoWkeE9Z1yeKDT9PuJmJBDeU+0HjBBxgqMjJGRyByQK+iPBX7N+tak6XGvuLaNwn7qNDuxu6HGMZ79cDdxz8vrYHJMViZLlpyUXZ3adunVq2zeiWvfVX8zF5rhcMnzTi9dk7vS3ayT0fk7tOyPkq20ITSpFbxyTs2PlhjLMSTkoSMct93J4wc89K9e8I/BrxV4mYSQac1lCH+Z5V2u4J5ZcjqB8xA7ei7TX6E+D/2f/DehIhS1jkuAFZ2ki3sAMHdk5XGMnBOcg59/bIvDujaLboWW2tYoyjF3YK5GBkmMFSPcAL1ODmvqaORUMIoyxM4O1m4uVlpy21e97bOz8+3zdbPa+JbhhoS1e9m2k+W6s9PRJt3fzPj3wb+znpGltazalC+o3QQM8cwGwNx91eWIA46KGzgbs8fTXh/wLYaVFGFtra1jXA2GFIkVF7k8ZZT06cDIPIzp6p4w0bTlZ7FbdNoZHuZXURggfeVSdx4AB2nDDGCM8fM/j/8AaJ8PaEZhd6it7NErRxxxSbgx7jYnI4/vM3GCQuc1WJzjLsJC1GMZTinaMFFpNNW7u22vNvfbQVLJcfjpRnXnKEHaT5nK7jeO1ttXe3dvdO59U3GteHtKDLABfXBjxuQ7YImBGSz7iFAwRgYOCTjODXl3jD42aH4et5X1PVYYVWMA2dpInDYz8xU5IIwTwCOeucV+anjz9qDxFrAntdEP9nWj+ZGojwZmB4z8vI+rdT6V8y6x4i17WZGfUb+4dXO8+bNIzHd/Ey5Hvxjge55+VxnEGNxErQl7OD1Sg9Vto/8AgLd6n0uDyPBYXlbj7We7ctW9rK2z69W152sfe/xG/bHDJJYeFkLlcgTjCgAA8s3Vzu7lhkYwBjB+LPFnxW8YeMpXfVtXuGhfc32aKVkXaei5U5IIABBPPGeC1cLBY3Eu0RtkEgdcswPUAEZPsMDGB1HNekeHPhhrniB0j0zT7m5eRkUOIXCAnGHJI5Ck5yOnHHHPhVKsnzTqz10bcn7ytvbr1V2l0vc9iLSioQikl8MYWVrWS2bdnZaJdFZbp+cw+dN85EnmF1BcnJPbO4k+uTgnsema6LTdB1HVpDHY2c9xM5jXekRfBB5PTHOM8Edsc8n7K8Ifst3sUIu/FFzbW0ICu8MkixLGhwSzMwI3KMgAn3yO3qZ134NfCe3a0tBa63qVuoYR2iq6mUHLBpDuxhuOMhuMAblrlnioO8aadST02tHW27tb1bv06o0jQlfmqSUI23ejdrWsndvzd3uvNL54+HP7Mfi7xNOkmpWtxZ2hCuPMQqCrYyzu+AgYZPHA69DmvrTT/AHwN+CmnLeeLbmy1HWIgZPsIlS5uGdACECJyoJyAcdM8HgV4nc/tH+LfFeqDR9ClTQ9NZjtjtiqTGHuryYJACNt6gAjPXJr5w+ImpXE3iCR5ruS6l2ktJPI8sm87ix+ZmAUAttXGBnjnAGscBWxFL21SXsqd0uWFr/ZbtJvey/HTUSxlChVjRhTVSq/e5pq6S91fDu31V9Vul3+pvH37XWovCdN+G2j2vhjTSTF9qEKrcuvKfL8q4JXB5G7kE8Yr5N1rxZrPiS5F3rN9d6jcyTB2kuZZHAYvltiEhQDzt4BODjnFcy0jLbLKpzGWIUvjg5ywUYyM7v6joaW4uEWOFoy24lcg8E4PJOMjH905z+hDw2DpYetFwhaV03JrWWsV1s76d7Xve9isRjK+IouM5twS92MVyx6LZN7fd8tT680G7VtMs2MexhaxRqyjC7toGVUnhsDHsBgAAEV4h8VZ2W8ZDtDuqkMD8zdcsCD24XBPUjPt6J4f1POk2ZlfGyGHYuPmII5wQSMfw7cMTy2cZx5T8S2e6vQfLbc4QoEUsSAQSG4+YkEDjnsAa/R8f8A7hD3NFCDStvpG+3W9vS/Wzt+ZYKEpZpNtrSo2r9eaWt/Pztvta54+t2VkKSEFFZiw79CTxnkjGQGGflJUYY1TmgyoZBjzWDKjHkZbjGONpHQLnBycc17V8PfgR8RPiXcrDoeh3MNvK67r67ieGBVGCDvcANuBJUDnqNvUV+g3gH9jXwV4Ks7LVviHqEGp6jEBJLaM6rboVAbb5bEmTngYGGOSD3r4iOEq1pvkjK8u/XWOnV6Xvs2r3Z957aFNJSaVorqnfVJJ6X2erbvq+l7/mJ4O+GnjjxzfrYeG/D+pX0hKhZRbyC3UHGXaUgKFGTk59COea+2vhp+w2PKOqfFXV006FCHOnwSrGXGSzBp24G3gMqruzySCvP2xL4i0nQLY2ngPQIbBYEFut0lutvAiAYRwyqHbnHXIOc89D5q2tXet3kia7qVxe3ttKx+z7/Ktggz8oC7Q2OuCpBGM4JJPo0slquKlNb7XWtrK1la7v8Aju+hzf2lhYzUVLnkukXe9+W2l76XvdJ+up3fhv8A4VD8KbVNN+HPg621LVoYfK/tR4UkYzgD5zNIhzz8x2jOctnAzTtQ8U+N/FQVNa1qTT9P5B0rT28tSp3EBihXkDjoMjngdeTEsdrb7bfyoYwfMfYuCpJ6ZHOeeCW9exGM+41owQSS78IwyJHHOc4Ujco+UADGCO/brqsspU01KKk1Z3kt9m/y0tdW2eljs/tOvVSUWqcNko6Nr3d7NOyT31TXkdbFc2OlJHDDGruQdzyAySbvVnOT0PJ7gVSu/EgYiIyBgSAzAHAA52jnAAGQT3+leR3+vzzThLRXnlKktJkbActk7shdoAPJOMepAFef+J/H2m6IqtqurQxvEpBtYZB5jEjODgkgAkg98g5A5qZOhSio3guVqyaV1tq7O7f+T2KoyqTnJuTaVt3d6ct3q/Py9d2vZdV8YJAZYIXaeRmZR5WcAjIAJHGc9eg9ux8t8VeLbK1tjPquqW8U7IzCJpAWjQHO7GTyB245xzwMfLPi7493Nwktt4egW0hIwblgpmcjPrzk4DKPXnDEkjxa2HjHx9qi29hbaprN5cPtS3t0lmySf42GURQeDtBAPHbniq45SXJTXzS1S080vnd69maSpQbXNLmktbLps99Uu2j7aaaezeIvjJHp17OfDUZNzIhSS+kyS2QRuWM8AnGBjqDn7pOPFtT1vxR4yvlWSW+1O4mICQxLLMzOx+REjjUheMqRtwOB14H0z4W/ZWl0+0TXvi34lsPCGkELcHTlnjfU54xglCgYmJmUgAMDySAM/MO2/wCFwfCv4WxS6T8JvCNte3ygw/8ACR6pFFczyOq7GkUur5LEF8ID1xkHJrlcKlR806nKrrS+vTWy6t62aunZ3e5dtLJcq00j02vrfW1l/wADr5Z4F/ZS8Y67bxa541u7XwN4aIE0s+qssd/PHgljHbuwc8cp93BB6k4Pqg8U/Av4IK1t4F0aLxj4ohBRtd1RVniW4XI3wqwKKNxOARkYCnGQA/w38Pf2jf2ndRVbOHVBpDvj7deiaw0iCBidzRK2xZAgHyKpwwHBO6vvr4U/8E8/hx4MWwv/AIi30njPX/MSR9Lts/YIp02sEkXgyDdjJ+6Tkd8Dvw+ClUtyQ5dF781rb3dbde6u1qvJ25KuJp0la+i+KKWrWl9b97auy7XR+b+nwftBftJ6uLDRbHVrnTpZABHaRS2WjWsT/KC8w2QhFU8gEIdvqTX3b8H/APgnR4e0l7XU/jBrDajfgxzDQdMbdGz/AHjHPIAxlU9HAZT2BFfqD4U8Cw6NZRaZo2kaf4Y0mGNYo7awtoYZjGFAUu6IrE7QcFjuOT9a9G0/wpBBKqxwmVy6n7RcfMxGO2/cAQckLkMSR6V72FyyEVBzTqzbtdp2TvFaRWmrW769VqeTiMbKT0koLS21/svV6L0aS9eh5j4C+GvhbwTYJpvgrwlpegaekaoJobWIXbrjBZpChlEjc/NuHLDHXJ9SstH86Vy0Mly3ygyygyYAzyoPUKemQDxycYx2NnoogYhyS28LgLlTj7vyr2xtz6+gHFdfY2CDaVCLKy4ICAH13Ec5Jz1IPPJbpj3aOBqSahZxT10jey0tZJrpa6d9dFbc8WeNpwb55qbu37yWt+V799Fvdq+7ujm9M8PyGL/SBhONqkjC5JxjaFJCjgcEHpg5FddaaRbwpGGTeDlc7SGAY+pPG7PU46nORjGvHGiKsQwGBK7iMlQcbjk54J454A7dckm6HhCBhgxdjwq46lVyARzgAHk8g4r0KOVpSXXSzb3fwvW+qsnfz+R5lbOWpqMWpczVop31TX4XV30W2qL0FpBawlUVV2kDlctywPUcnI/LAIOQTStLId20AAsQEHy4A7hmJ4PPTJ44J6VxviDxZp+hwebcTwTTGQlD5wUbRyC+WAAH8WQTkck5OfBfEXxmvb6c2WgwzXtw2UjW2QrbRlmwS0vRsg9cHp1A4Howw0KSTUVp9pK8m7Ja36vT0006mNTE1cQtZxV7e6r63a1k3orWVl8W1lqfRGqa/pGkrK15crLJtyIUbIAz0Yg7RngZ54IGCtePeIPi1Ykulm8k8o+WKxtA0hPQAySJkAN0I6AfhXkH9j+KPE8iza7qTxxk5fT7ZiinPIV3zk+/JGMZOa7/AEjwzp2nQLHb28UMkRBLkbnZicDLMSeTyRnOfUHA2hRk2uSPM3ouZvayer6tW2b773RhOUVDlnU5rK/utr+VNtvS/lprpbXTGnvvGPifIuZm0uwbn7NEWFwynqCVO4MRwecnv0xWxpXhnT7IGQRh5gxLTXA3yu4H8JfOMOc7lOCR2wBXTxWF9IoEUeTvADKoxJuHQM3UnnHTgkHnr1VhoUabPtXysPmEWMDcOeSSRz2z1YkbcdPRoYKUn7zSXLs0t1bZJWur281FWtueZiMbGlH3JRuoter933U9bvTZtrdLZHHwWdxM6usRIY7VUkhSfmAOBwcY5z0I684robXw7LuWa6bGGUyKrDgKeAAM5JGOCvtxxXVrJDbb1CxHG0DCAFQfbqM98Y65z60prhifMUqzYOxQewGGz2PqO4xjrXo0cNGleyS1T1S20XTru3oeTPHVqt09ErX6ye2zV7dH2be3fVW3gjgWPcsLKAynALNxwC3OSD09eazZdQiR2XY24KAzc9SfvAZyeOMZIyBxmsN9RdFYyt5bgbTuLEKrE42c4PHUDBB5we+HfamsRLxS+YQpPzMACMHk9W5OMDJzj1qpOnG+t7tW666arp1SuvR23MYQquS5U5WavfW+i181bdpPySZ0FxfMxIZmWNQVVmJAyeQTkYK57fw5weDg8td6ttdlJjZipLgnC4J685GSPmO35sjI64HL3PiRUjdS6xxIC2+VhsBIAJLEgYHcZ4P45+fviF8fvB/hNZVur5L68RGVbW2dW+dc8kq20A5xk9D37Hza+YU6EXeUNl1sktNr3d9dlrZq3U9rB5VXryjJRlq05JpXV3Fpx00Vl2uvNb+6ahq8MisY18sF/wDWA7VAU7TndxgZIJOAQRxzivGfG/xa8JeDIZjq+qQSSx7j5KTK7M2CR8qk8ccYHJycDFfCHin9oj4i+Ob+fSfBVncRQz5jDwhikSMSAzTKNrMVOWHG0knORVfw38Ctd8QSnVvHWpXN5cu4l+xCRyiscMVYkkMMnBHQY54xXhTzPE4l8mHg3qlzv4Vol89r2eut7K9j6CGX4LALnxEoJ78qd5N6XTWiV/PtvsdH4u/aS8XeNbqXRvh9ptysT74kvPLY4BypZX4GFxu5YHGeMgVznh/4IeIPE10mtePNTubyd5A7WrSuV+Yl/n+YqvJwcgYwQTX0r4e8D6XoMMEVlZW1iiJjdHGhZsYUEsV3ZPGSQ30GTXfQWm4qCEWMrjcAMsQR9PwxzgHGTknSjlcqslUxU5VHo1F35U3ZtJX1V7LW3R3bucmJzyFKLp4SMaWnxK3NLVP1V9Fst9+pzvhbwDpGh20dvYWMUaqgLEIgBwBwGwSSTkEdc9sYB7N9Js543jkgidniMckbJuUxvlSDkHqDwSc44zurUhRYowgX5sjp8uz14564IAx6YxkGrFsVDnzBzhiTtOcDpkHgEAEEdD9Mk+xDDUoQ9moLkikkrWWySu1utd97X2PBnjsRVrRk6kuZSTUru17JpK1tNVulvtofMNi8vwq+IyaZIFXwn4nl/wBEB/1NvfOc+Vu5CAnPYAHAzzivp2CaPyDLCmBuAAxlQpyRtYdMg8MDypBODXm3xY8JJ4r8L38Ea+XfWOdQ0ydOJUuoP3iBWAypYrzgnPHQEmsD4T+OX1/wvCt/8mo6U39m6jbO+2RpIDsEjZAb59g5bHJGOoryYVPqtaVC7VOo+einZKLVuaKva/dLV2u90kfRVaEcfg4YrRVYJRrO2r2tJa2d2mn1vbqz1t7lpC6REgOQFPKsSM7iSScAE9cDjjHJqiZ5Eym5WcqxxgAIOQcc5Pc5xyTwMnIjM3ySbQ24knqMouTgnjdnv06ckgEVULgZZSXAC7iQTyeoOOfcg8YAyeed51HK3M9dU1zPTXbT79b7dzzFRitWm31SXTSytqunW35Gs7lY2DguXVQre2MHB5wvTPPT+7gioGuNgKocMpAY8ZDYXAU54Occ8+uf4RkyX4jkVsgblIVcZIwOflySORkdj7dDi3epdfLBj3BicnkEk7mxjGMZyeRnvWUqltXorrztqumjd3b08le/ZCC0aurK222itomn0s9Fbe9lY2JNQUBkLEOSxJxkkrg4bpgnHt2HvXKTX0rXJ+cANvAZiORk8E7tuenpwM55GKlxfhY5N0kSlgG8xiFRUXnJYlemSvHHOQOcV4b4x+M/hzQXls7IHWdYIMYhsz5kYdehd1yF2kjIOARkDoccWIxNKn8U0l1W2unZfhbvax3UcHVrWi4tJ22Wyut9Vv1b81sz3CfVolimeeeGIRKSzyOqbY1GSxLkYVRghjuyfrmvFvF3xw0PS3aw0JJde1ePKrHanzLdJOn7xxlQA2MqGGTjjBr5+1DV/HnxBkMl9O2maUHIFrbOYYfK5/1suVD8AAoo5GVyCK6jw74PtIU32UcUghAM19IDFZQkffkeWQ7p33EEKDjPIOS27x62NqVX+7XJHZyd79LaOys+76aHt0sDRpRTqyUpR7bdLXel9raW+eqdHVLzxn40dLnxNqr6LprnEelWrSLNIp7FUIYkg4zkDOSBgA10vh7wOkCeZp2npptmVH2jVdUZUMgxy5R/n3OCQCDkjGec43dIuYbnVItA8E6BfeP/ABhcv5Ea2djPeJHMzAKEVAyBEP8AECOADggE1+jvwU/4JsfFD4ltY+Jfj14gfwb4bkEVwvhTT5f+JpcQHaRDLs2i3G3ClHUsPmGRivjuIeLsg4Zw86+aY6kqqjzQo8/NVm/5YU9ZO7dlpvu7Hr4PB4zGzjTw1FqF1FykrQV0vNLVLq117tHwD4ftF1PWIfD3gHw5qnxI8WzOIbe10qxlubOCVgqgFkR40RDhmkZxtUbgQQ1fpj8Gv+CbvjvxiLLxN+0b4hbw9o2IriD4f6BKUuJoiNyxX90jAINpZJIdo4LA+tfq98Jvgx8JfgXokOkfDTwfpmjJFGqXGrtaxS6pdyrlWuJbuRWlErsNzFGQFskZztPoWo6rZ2Ob/U7xY4FzIRPIqhgMn5iWO3IyRjryCDzX8zcWeOGb5q54Lh6jLL8NK8ViLOWJmnZXjbSGmyV5b66H1eB4Yo0Zwq4qbrTSTa05Iy0u7Jq6S07b72PNvAXw28C/CrQ7fwx8MfCem+HLKKPynlsbVEvp9owZbm7Kec8j/eZjIQdwx0Jre1K+tLONmvr+C2SJWe5nmlG8kHJRXY4UdM5z8w9evjXjv9pPQNHjuNP8LwDVdTJcboBmFHwUUM6nGN2cjJ569xXx7rOueOPGt5Pe+ItRntLG4k3LZW8jKrI3VWKkEoAeckj/AGhxX5FHLszzqs8TmWJqSVSXPUnWlOdWbbTuuZt6vRO1rN9rH0Dq0cJCMaMI3S5UorZe5rsr22b0Stoup9S+M/2hNPsXOk+E45tXvd4RXQhrZCvG93GFJyOST6dARXzZ4j1bxP4zuxP4m1KYQNKzrp8DN5QDEEK6g8hTx1AGAepNM0fS1RBbaZAoCkAyKu+R26ltyncSCeTnaDn1IPtnhD4O63r0n2i8RobVgMzSghlQ55Hqec9+Wx14r6LC4HLcpipqEE4pXqTUXJ6Rvy3Wj3Wi0vrdtW46tatXcbymot6JLRK6srp+XTqmr66+FafFKtzBY2NsUAcxIwjJZt2FJI5JOMgEnJJJ3YAr2zwz8I9b1adJ72OS1tMhhJIGUyI5GSFKjhh6ZHAyc5NfU3hv4UeFfDEK3EttHd3sCBnlkQEBiOFyeBnk8jAxjpivM/jL+098H/gbpdxeeNPEemW81nCXt9EtJonvJyiMUQQqwdmPA5A5IB4Ga562eVsTUjhcqw9StVqS5ISjByeqivdhFN2TdtU0rhTwLac58sYXu3sneybcr79r262vsdxoHw78NeH18yK1imuIowZbiRQQXVckBieCcA4JHBION1fP3x6/a3+DXwN02R/EviKzutWtlJt/D2kzRz3rS/NsjkSIkoCQBuYY7c8rX4xftH/8FV/iF4+kvdB+GCf8IZ4bkeWMaguP7VuYSSC6Ef6rKlSoO0kZBOSc/lTrXinW/Ed7catrGp3uq3l7I8k95qFzLNM7sxLFPMZiPmO5VUHuMADn7TIPDDOs6q08XnlWphsPO0pYeGtacfd92UtY0+bS+ja1VlexhVx+FwicYRVWr63hF2ite7XXl81ex+j/AO0b/wAFJfiz8Vvtei+ELl/BHhKdniVLGUjVLiA5UedOp3gup+6FVgTxjoPzX1bWr7VLh7q/vLu8vppGL3F1LLcXEpfJLM8hYnjDYHLdeuMU4rV7l2YsGUsrLk7mYjGc5wQAOmAvzYwCcGt2z0YXBGCXZR5pABBXsNpJOMAc5x1bjJzX7zkfCOVZHRjTweEpUrKKlUcVKpOSSbcptNyfdNtX27ni1cdXxr5byab0gtIxTtZK2mmuuvncxIGkZjE8Q3AbFJXcRnnDYw2DnOSc9vY68djNIwBDFlwQuSEJbsWwcgbgGweP59bZeHm3gy5dlAxGoIYMegOD82emDjnoDnFd3pHgy7unTfGLa3wAHkGJJDkkgMeigY5HTAByckfR1JUqMNWrxV7bRsnG9mmr6K2nbstO7CZNWryUqkeRaO+y+yvKT6Xd3dvbqefWWmPtjVIw8jsdygZZSCRjBBBJGDk5HTbwDnudN8I3MpMlwhih+UkMQG27uSyn7pycYAIUcnrXo9vothpMZVo4yVXgIN80jAbuW543dODnsBzj3L4Sfs6fFz456hb2Xg3w9dppMjhZtZv4JLbTbeInDSGdwBK/3mCr1HQevy2d8VZTkOFq43M8dhsBhqSU51K9aMIpKze71lpdR+J6Ozd7/YZXw1OrUhQw1CpiKrslCnFyu046uVmo9NXbbc+dIba009PKtoN7khI5Nu6SRiQFVUAJk/2dqgkZ64r6z+A/7FXxk+O91a3ttpVz4b8Ju6vN4g1i2kgDQnBc2sU2xpDsJKKBxz6kV+vPwK/4J8fBz4NWEXi74o3uneK9ds41uZ59VdINEsJI1D/uopm2ytE24FuQQvGQTV741/8ABQb4UfC6zufC/wAMdOtvE2tWcb29uthGkGg2TxgorZjURyqvGAg7ck1/K/Enj5xDxbjKnD/hRkWJzPESm6M89xNKUMDh02o+1ipJRajdtSqyUXa/I9EfqmB4MwOVUY47iPF08NRSUlg4ySnK1nytq7k3olCCv0vc7P4Lfso/s+/suaWNf1dNL1fX7aJXvfE3ihofKgl2hpWtIp8hRu+6MMwAU4J2geUfH7/gpv4P8Jx3Ph34VW3/AAkerxxyW6ai2E0m1dAyBogoCyqoxt244HJIAx+RPxd/aC+K/wAatRmvPFuv3ZsGZng0exmkgsIIy24IERlLquSOSxIHHBIPz/eXMGnbnuGXcQMgkEZPUKAd2OxJHB74o4a+j9ic4xsOIfFDOa/EeaTcajy/2k/qNF3jJU3ezmou65aap09PQ5s18QqODoPAcNYSng6ME4LEyhH2jVo2nCOvLJ6tSk5Se9kev/FT49fE34zajNqPjjxJe3kckjvHYRTPFp1sjMCESLhG2jAGQTjIJzmvnzVtVtrOGRYn8yWPKiPJYFj/ABEg4z1I6nv3rA1fxFcTTgQZitywQbeWOCckKOQFC5BxnOBzxXGX12TvBJLFt4yct7Mxzu64IG5d2elf0rlmUZVkeFp4HK8FhsFh6UEqVHD0oUqaSUUnaCWq7vVvq9bflWNzDGY+tOri8RUxFWTu5VKjkm3ZvRtu2+iaWmltRmpavdXbsJpnVcY8tHLIu47cMq889iehxyecY7ER/KxU4TPByxLngZGD04AHI+hp6eZOpQgb3bzGAU7tuevckkjp1zk5O7FdjoHgm/8AEEkEdrbXE80si4WKNmIzgAytgKBt/h9xnPboq4lU1zVJpRik2m3qtE7J237N2d72vqc9PDVMTOEacZSbt7qTf8tmla172d+nVXdzghbXMwZoVCMF6ZKl15wuSOScZOMcr0Brq/DfgDxH4ikt4LO0l/fOC05jKwKpI3MZWO3GMnGcHnp3+tfCnwS0jTis/idxdXwjDw6LYgSSkgcG4cEiNRkh84LDafSuk8T+JvD3hq0its2tq0UbLDoulFcnaVUfbrpD95h98KQc5B5zn5/E51VqzVLB03Jq/wC895wvePwpNXtfe9k7Xv0+jwuQqnH2mLqqFlzcid5W93frrfZd2eZaR8MdD8KW8Mtyv9u6kvLxg4sbRywJaaUqUGxh0wSeAATmoPFfjbT7S1WziYX1yjhFsLLMGmQgHhpmUgyOMDocHtg5I5LxN411PXNkKvHptnuO3T7U43R5xvkk+824Ek5zyepHFeXapcLMxht22qMEAkLuIAySeMsf4efmbBwSSTFLC1Ks1UxUpSm0mk22tbdVotdEoq1+ulzsnXo4en7PDQjCKVm9LtWXft0vpfTcueJNfudSIa+l8gRsohsrfi3Qf3eMgAd+rDJBPevmP4n3KST2iuMyBmyEPy7MBVAAxjHGf4gCMnivWNSvViglWSVdyNvKvklgOF3MTnrwQM/SvBvHmoxXV3ash3yKuCsecE5zt284II/iOeOa+hyygqdVcsLRila7SW0elrad7vfsfI53iHOlNObbk4xs5XslJO+9rLa70X3HoHw1SFYr6aVmjCpkKq8fMOBk5J4XnB710OqeLYLFG8tlRlBQnO7I5wAq8kMcjOA2QM9s8l8I/BfxK+JF6vhX4caHqGtX95KBcSwwOtpaISA0tzdH91DEinl2wAB6jI+3ofg78C/2YbJPEHx/8QWnxC+IMKpcWnw/0S5SbTrO7A3xw6lNGxEpV8BwMc7h1Bx7c8H9YqucnFRtHo76KOyf81r31727+bha86eFUYt043u6srxivhSsrJvbTS135M+evhv8Fvit8brk3Wi6c2h+F4CDf+LNcQ6folpFyzOs9yUE0iphhGpG4jjg5HucviP9mX9luJxoFpa/Gz4uwH95r2qxb/Dej3iE5NjauGSXypM4Z9yOVPAFfOvxo/a9+IPxTH9gaQ8PgjwLaqbfT/Cnh1FsbUW6fLGs6WwjMr7AoZpNxJxxkGvlssFP2icmSVmDAOxkZ2zyzg/MT8uWJJwc56ZrRUo03aGtrJWVrt2bbfXZtWSS76nLWx0Y2dNOrOzvUqaq7cX7qtskrLZaaHuPxW/aC+KnxmvpbjxV4gu49L3n7JotnI9rpVvFn5IoLWFo4lVQSpBXhe2enivkRbcygjaeIVywJz1dhjed2CxHUnA5xVqwsr/VpdkEUjAtgBI2bDNgBVCjliBjgN2719m/Bb9j3xv8QEi1bUrWTQ/D0bRyXWq6lG0MaRAqzFN+0kYJPueepGdoUpSsrpJLTpbZ72sns76t93oeZKrUxEtXOemjlf3V7vyVuy1V9T5M0jw5rev3UFjpdhPNJcbUSG3hZ5WBIUcKB1ycDIx09c/e/wAI/wBibVtStItf8fXEPhrRYhHNNLekR3EsXBKKjkHdjnocknjpn6p0fTvgn8ALSSPw9Y2vi7xNaQHzdUlVDaw3KLgnzWJVUDKSAp5PTrXgvjX42+KPHLzol40kYeTyoInMWmWcZOfkXKpI4UYyTg/gBW8acUrJc7u1eLd7e7fTSzb016XsipSoYeKnWmklb3W+3Kuybvpq72erSPWr/wAY/C/4NafLpfwz0q0uNQhjME/iO7hWSZpdu3dbAc7jztCkAKQBnNfM/ijxzrXiZ5NR17VJ4onl8ySa6kJmYE8LBCWwinHBC5B5B9fPtU8T2mnja0n9p6kHILvtNrE7DdgAkhyMHH+ycgc4HnGr397qFwLi4keRpQjbNxMcasxICJkD5c5GB2XbzXoQwVSs1OqnTjZWjreVrdLJ+d+j1sr2Pn8dnsLOGGlzp2u4t2i9OzV7LfbrdJXPRbjxXa26XEGgWwd2XMuozqHuCWyCYgxypwc8/dI9hXDzPcXbyT3ckjF1+aaUlpGdWwVO7oMAAAL+pGJdLjeOzf8AiMkmAfvMACDzzxyQSOMjg9a2XsmCfvSApQMB8oGGOflG0/Ng56kZGRngHrpU4wqcsIqMVaN1v9nXe9r/AH2e+h5lRVa+GVSpNyk9Un2fK0m1fb06PUW2iZ7YJDwFRQxAABJ5LZGBkjG7rnjoMCtdLLy/Jk43L80m8l+GBxhQRkEk4zgjBPGMB6La2VozFh91X2kgl3wASyqrcdSSACoBI6kGtt1HV4/L0+N4IyREHIIYljhu2OVPfvnJBruwmCr4mSjCm9XZNJ6O8UtL7X6aJPVdjz8XmeGy2k6tapTptU7uLaitEm277d2lbVfIz9UuoBbtEoG+VxsAyxGDjGO2W7AZyDyD0veH/DOtauB5FrJEjFG8wod5yAMIoyxJHopAB6+v1X8CP2P/AIj/ABf1G1sfDXhy81DzXjE1/NbyLbQZxuZpXQJtU/MSDk989v6G/wBmb/gl/wDDz4c2Nn4h+KM9t4i1W1jjuJNOYpFpdoyLlvtMrsEIQjBTpwQc1+vcNeGGLxdOGMzRrAYN8soyrpqrXa5bKjS0nO6uk2uW7Tcknc/kzxU+k/w3wxXrZXk9R51nXI4PD4JxnTwz2UsVXTcKKj1vedtFE/Er9mX9gb4qfG/XbJtG8NXdpo+Fa88RanE8VtDExXzHRpAoc7csoALZIAOK/oi+Bv7DPwC/Zg0KLxV4zXStb16yhS4vNc194YtPtJI13MbSKbAfaQcBc7iMAfdo+N/7dPwH/Zh0OXw74TGlanrVlA1taaJoKwpZW0sYKoJ2iB3kEfMTndjIBNfzv/tPft8/Fn48andxarrtzp2hO7iz0GxuGgtkiYnYsqRld3y4yWGGBz71+qwpZJwlhuZRhh4xj7tpQnmGISsrq2lCDt5S13l1/kapi/FDxuzJQh7alldSpFyqTVWnltCLavaPNGePqxT6KNFNXvHr+wf7WH/BWXwz4HtdQ8E/BJbe4vIEkszrsYC20BUeX/oUcYCAA8I2MHHXk1/Ox8Yf2jPHfxX1q81PxR4jvtTnuZWdzJdOVQsSdgDNwFJI+UAAjocEjwPXdfnu5JnllkLuSzKzbiWzk4JIyBkZPUnJwRXBS3DRSySyN+7BAfLZByDkDDZJAzkj5QAPU1+U8S+IdSdOtQwXJgsPO6cKMv3tTVa1a2s5ve7uou+iSP6y8MPo75Zk1TD4rMKVTNsxp8jeLxkU4wa5W1Qo8vs6Mb3SUFdq15Nu52F3qUlwGaV5DlSUdmHAIIPAwSOuAQc/UCuau9Ws7aKTcy7DgFmwCBjliT3zkEYz6da8813xrDaW7J5gKjcqszbQFXuPXA6ZzyeOCCfBtf8AiFczyi2sX2xFj8zEnOOvHY55HHfJKgYP4fmGe1cROcpTc3J3V2+8bXu/vb27Nn9lZRw1hsBTpUqdCNOKhG1o2W0UlZpadWtL9Fo0vetd+IOmaS5ZJlcEsdpb5iEBA2qoH3SRknIPUGvDPE/xQ1HV0lgs3a1t5QS5DHccluQcAg/Qn6ZzjzTUbq5uQt1NMXlO52VnO5O2F+9u6fw44J7CsyRJkgjuN6kSA7sHIK54AGOvfA4P45r5ipi51Xq2tVZbrVpaL/O9lr3PrqWGhSi1GCdkr2S021S2+bCS5lYEs0haV2UOzbick55Oe5PI+X2xkGF3kQGJmypCqxzywOcspOPoM7cHnHelE26NRJIm1QCi4yQSQACAMgHaN3Q85yOtVxIS7EKQrsFBPIUrwSBg4OTzyMHnFZXvv3V76a+t9n697s0UXGWqeyur3bs4u103fV6WWrvpZEnlxwiNjl1kBVkI+fk4XnsQc9R6c8Ux127PLU/O2MEY+nbHYZz6E1MgLz7CVyxGXzwAR1I9iGwAQeR7GtCG0eS9RMkqZUU7jwVG3lcrkE8kYyMHdziolNKN+ZLRaLdeenRWt036s25ebRLfRq2vS92+3VaX1eu709I8OX97bTXKQu0IjO1VDb2Izk5OMqOcNtAIxyeM29M0ABp5bjerBQ0cZVWIK8EAKpwvGQTz6Z616xpF0mm6Y9tAu9o42IlxgxrtywfscEZC8lsdcjJ5wa5ZKZgvkSuuRIigh2bOSFOGx7/Tp0FeYsTUm5qLulK0XdN/Zttu97vRWd9bI1lFwcdPspf9vOy0avr10f6HE6ilmlqYz5QnwWZ3Xaeu1ePu9wCp+vXkceAvmvnkEqAQGIYdDgZGR9OnVh1FdJ4ju0v50eGIRHIBjBHzYBAc8crjgDpnsSDXJyMqhFUgbRnCkqRkgk+gycZH6DrXZh4ycE5Np2vfe22kb+ettX11MZTd7cqWzdpO9motWTbS2V3o9LW0s3SxRbw0bb9z4K4wANpyMdSO+cgdzXS2UlpYx213GBK5YhllwFBGCNuR8xz04PHHbB5RJDgMehJLZOc85x2AzjvzzkVN55ZBlmwDhRnjoQCR68bc9ee+K0q05zSinppontZbt21W19L77q6e1KcYO/K+bfR6taXd3qr72ba0aTTO4uby0uHMzsguSfNOFGG44XGcZXODgYPOMZAPK6i2yZm+8zpkjGNoAUAk4GFxwOoyCSelZyzMCpGRn5SOhAzkdSehA6AZGeOtLL5gJWU5bHOTksDyMew644+lTToOD30W/S+i2Vrd+u6WuhTrc8WtpO6V23pp+N9Ovk9FZiff2g7crkMc+2R256jj8xTZEVGKjD5TIIHQtk5znHBzxn/Cmj/WDALE5zuPHv3H15Pv1IAsQRxO6pJkbjtDfeCgngtg8hQQPTAPAyc7q0VfX0Su9uiu7vT/ADelzn+K+zad1dvy0t2fz7PoyvGgcjnGOVyMjI5IYjoOc8jv09dG2tnmViCuFAUnOB8xwT3PKnqPu8nPIy66tRZEAPuJxzjBCEDHGBkcZBAJPUHB4uacJfOKwASF02gHDAk8MCg4wO5xySCNpFY1Kvu3in0tdWd3Zq3W2vXaydrXZvSjyu7S2T33vbpq9flZXukmzal0y5ntI1hiDRoqbmVtokGBnjJIAPVh9c45qjfLYWlqscOGut+WIywDHPDN3xjA5OTuJrYlur+CF0iRhCkbL5jK37tsYYYJ243Y5OTjoQevGkAy+ZMjNEPm+9khgxOD078nIOB7GsaKlUs5bJ30erd4q79NbaefQKjum01qlFNK7abjfVaq2un2r7O1yzpMS/boHLRqqsGfzACmcnG4HGFOTzkc/keg1W5mjle4jTakm1BLFuWM+4XODjj3AIHUVyU1wsspkhj8lCFUKGwGCjk+xwBzx15JFXJdVuJIFgJ3wrlgGI3JtwOv8zjn3xgXOnNyTTv/AHbq9nbV3e/W3prvbJQTSd31co76OyulZW2t1u7bl9L+OCRVmMgkA8xQ2QWJz8pBA2gAgjHJ5Az0qhd3ksknzSfMFB4IVSueFOMfiQdxwByOmclzvkjedFlCrtP94gYI3Z7eg6EepGar3B/evg8ZO0A8KpydvuAMDr9AetaRpRTWnS7/AMWm+9n87ve/ZJqMbq+tlpo/v+/a/bYfcXUlw252Y4IIDMWwQCO/GeBz6cexrZ+vr17+v+fzpKK3StojNtvVu77seBubqFBB6njuOo5656/jwKs+Uu9c4ZDtDOuDhsnblT1zxkA9Oh4quhXDBs5I4Of0P1/X8qcxUKUVg5bB3DIwccjnjGOvpnt0AVol0e/V+W6+9J9L7oY6gOyrnAJAz7fh6D8etLuI4A6AZ/DAP1xj/OObEaRStGGBQPwzg55xjjsMMBnj14A66VzpohMQDr5ZQEMBl84yTgDOepxyO5wB8pezS73/AAXX7/zuCutYvyT+ate+1/PUyNpDrwxzyMc8njk9QPbH4nrTTgvkjAOScHGMZBA/2c9MjOO/Wriia2fARs5JUMuQy4OT3IPXvjoOvFVpV3OT0z1GMYYdeDyAcnHOOnPSjfa22j9Uu/RWT7N3toFmkr903dWV9O71XTW3Xe11EQAcjJXpnGADgcdwTjOQfXmm+3v3/wA/n+Ge1LznHTkcZ6H17c/z9aN3G3gc8nHOPQY7eoHBwMY5yE/1/VyYxHaWJBPQ9zjsRzg4Xrg5Hfoa07CFHkgTYcuSC+S2M9yADk9x244XOayVBbt908Dr94gjknt14xnnnGQO/wBG0x44YpJUKq20q4PJVgCpOFGFPbAzjJHAyZk7KTT1tor6t6Kyv6p+mpM6ip6vukk1u7rTbv107dzobrTWi02N/ODKkeF9WZsdgecZPPY4yOcDP0vRnmeKZ4nRI5VdpB1YnJyADlieenRQcnvXQmNHg+z+YGUEsxyScjkAHPAwB0UZIJwpznRtGHkhCFDkiNOSCFB4OOhIAIOAc9q54SnG9o213d3o2rt7LTutettmcU8RPllaOrlvrdfDq+be61vtd2fdeu+G9cmtm0+1tpWTO1Gcg48tDyrZAwcLwDkksQw7127eN4NO1mV7qeOQSr5MWXw0O3ALMT91uvcEjseMfOEF/crKdlw1tFbEhX3AFgevfG4noTx2Ukk1y2o6jL9oJN28iSOXlkZhnLdAJMHkY5PYkDFe1g83q4amoQirp3Umr2Vldcqe29+35eTVyd46oqk6k0nZuKk1HVLX4r76aaX+R63r/jW0l1XXDZTJHDdI587zCwLnhwwHOeSQcn2xgVyfhfxHNDeQrDOAIZW2uzbdjMCd45IznOMZyBtBBOa8ku5JZGkAbEfDDDKC55bJJJPGMgg4wO3eK3upk+cPtZcYAYYLDIB45IA4/p6bUs3xFOoqt5cyvypaJ3avd6NWXSz/ADOmpkeGnQlRcb88YKei15EkpJNdknd3d7PofWEniSzkeG5lkNxMIZ47kuxVWJAwwKnGBggDkk/UE+K6pq2nrdOY4wkc7SC63KSyByD8hyAQ3yjaOhI7YxhprLzRQL5+PszBpUX5Q5PXnJLdeQTn29Fnjt2eV5psSXK5G7DwRhl7EADdtxjGBkdMZrixWPrYmq5Vpyk5O6V+rUe26vvZ3uunS8Hk2GwaSpxjayi9E20lFq701Vkne+97FNdVjaWe3jUrFKwWF8EvtBbABb7rHG0+pHUDGaN3JHCkcckuQ5Zwqlw3sDnP3j1YcYbnqayGKx3ISOUybJGG5STlV+6B06np0OAFwGqvc3D3EpcEkqG27yOEXAwQBzjrgcAZOADzjGN7aLzt6xb1697e7qu+/pxpQTVopJb7X6N/n07bq9wlvGMqjdhUbEY5+RR1O76fd6E89TgGyl+YlkcOGdh5a7ySVBIycHgHGMMRwMZx1rDG8k565yW6r0PscqMgd+Tg84ImXKwhR3Ytkk/dz7DlixHTnHoatbdd+u8W7K2vrp38+ukqcGrNdn9zv3fVLv522Nv7e8saRXEjSbwY2BJbYhGBsXOFAHT5fyxkwiGMZjs23Scht21dqgEgnpxznjHB6emSuSznGdoXAGTjIVc4I6dfUYHH+y6NypbBYZGCd3JB+YhumAMkZ59ck1PKn5b2v0u43S/Jp9fmQopNWt0skkmtFra731bdnbs9zXXU5bZVgR3BiYs0iMFYMMHAYcZx24IXPXJqG71KW/lV555ZDFHtDO+48DIUFicZHUjOT+FYz5OSSxG4enQDnPBB45HHPrxhoWdm5GRk+4GB6jjnkd+Qeh5ojKSb5mnol1203d0vJO3zTsxeyg/e5UndO6V+2t3qu91pprdon8zexGQAAR6kEjb1zjB4HYgj1FdF4esYZ7xZJ3AjidT5OfmmIOdgJwcEHnAxtyOua5lM4BJycnHAyecZyM5xgDtjGMZzV2FpUZWVyrAlkYNtIbBxyOAfQH2B4NXFq6cm2tGk0nZpq2tltdJXd2tVs2KpFOLgp8renNfbZO+69H5LezPeJPGV9G1ppemTw6W8fyTvbqsbJFzlRIMhsryehBySetZt94nv5bzEb/aLcBYvO2sTMQwV5C4PzcA85Iz+BHnemQ/ahdXM8mZEQhVVjumYjBXJyeONwwRkdxXonhOGCOyzI8YmaTyglwoKKp+Y7cjqc9iCeT1xjrjUk1GKnZXTa5trWS91btbXdu19D52vgsNhlUmqSnJtNyfvOTaTu01rp1uvla50GkT6gkT3KtOtpIXWSYBv+eZO07ieADk8NtweScE4091M90XtGYI7qgLnOWByWIIOD78Z9cH5fV7ExX9idNeOPT4mkCLKoVVmfZs7gYDMOWHOTz1GMbXPCtt4fNp9lma4WVxJcNt3LHJjkMcH5MDBPHrgdR2yqSdNLmcknu5W+1FK1m27rZPZPXU8Cli6CxMoypRozaXLFXXMlyJJvS7v0fe+yTObg0S/nulmvQZI3Q+WpOHYHgBV4Azx1A2qAQTlc+hadonh3SrX7TrV0y3fGyxiZWPlDaSuF53Edwd3UhTkVhXOtPHbW062G+IFmefDKCyDChcggBRhiB1GSc5wvBXV7qN8tzqcbqEkcqu44CIWYFfnJOMY5BBxxwCKyU7u6s3tsm3dJN2e1rrqmm++5KjWxLalJ06d3eUVd2dr23drO909L626fRuieKNH1OJ7Lw4k9lPasDbqJCFiiU/vHyCuWYdQ3JGPfHnXibxNqlzqckH2mc2yFoTuYosrg4YsCCThgQW4JABxgDPnWi3V1YXlutlfASzEozK4U4kYb88jhQOM8gDIPetXWzsvGxcNPJGqtKDkh2IG5lYDBYk8nPzc5yOnXGpNwTXRx0S5bLTa0m3pptpu0m015Ucqo4fFucrTcknGc0nJS5ldp7u261vqeteEfF97oEUyQ3qW5MgmmlDDLZUhNpGCwTgfNuOB3PB+g/hZ4xbW7TU4b/ULeKELNM17Mwadrn5jEIwTnbnBJJPQkAYBr4GNxdnfbKGSN03ng+p4bJGDjAIIPHP129H1jUrOdYrG6mjDwASsrbQVI5G0/KTkZY8EHvjFdtDNalO0LScUrKN2rXsm7Kz1er2fo0fN57wZhsxp16ilSpV6kozVVxXOoxaejla97XSts35I+9n0ax1eSW9HidQrR5vJxJ85uAcJCg6ZPTK4xjr1FWNC+HWp6r4i+zQ6bNfQoscokRHa5uYxxujUZZlcDdgcgDOMV83eBfEMNrFBJq0/mJDeRsLRGbdchGDEPjhxuIx8vAJ+YDp+2X/BOHxJpeofGWF9T0PSZ59YSCw0Ma0kcsFtJOQiskUmVZUAYk7WzwFJzz7uSYelm2YYTCTl7N4irCKabbSk/wANdEklzdd7H85+LGc5n4b8K5vnlCnLMP7OwdSuqMfcclSjHms1u46PropO3f2D9kz9m/4c6Brmi6h4k8V3Wg+IZ0Oqafp8SOgikKKYbaRmBMAZsiR5HB25BIxk/oD+3J4B8Ta58BYYYd/jLwx4R0xNWulsVCWNnEoZ2LzAASyngnk/NuOOa+kP2mvg34W8OfDvWda0zStC0PWodGgWPxVboke67wZJ4oI1wQWDYXy8lQo74A/If9oL9uHVNA+Alv8AAKO8uS00UcWq+IBIsUl7buSDCxIMroeFCs5AQHhjnP7vVp5Zw7luIyer7OPtcM5KpFO9WTgoxUlK657t3asktEj/ADDyDMOKPGnxB4b45yuvjK2LyzO6NHFZbiqfNTwVKE4V5To1EoQlh3T+KV5SjJJpO9z89/gN8WPjL8PPGa6r8Ok1KOK0vRdjQYlmkgvoxMBEjWsYImCBcYKNzgYxzX6p2/w1+NH7YvjrR/iV8RNNi8PaboENr9tt7izWxvHFsElMVrEYw8j3Gdq5ycZ+U/dPyT+x7+2N8JvgKBqerfD6x8T+MjclUu9QjiuIU009QokWRRKvLDgDdkgZ4r9Obb/gqL4R8aHXdO+Gvwzs9N1XVIY1F7ceQiQ3BUKZdgQRxKHOAFA4CnGBXmcMRyuEIwxOa1aznLnpYBX5FOLVm4tO11so2VrO11c/bPGWvx7HNq+K4V8PqeCxkKNTA4jiaraFWeHq0lTlVpqDUZRbdo1a16iWqVo6euy/te2nwy1K7+GfhnwLe6Xc2GkppNjeeW1vJb3EcCpJqEsAVVYsFDK2DvBzx90b37M3xB8T+NvDPxJuvHH22/W1ttZk0/VdQMlpGZpYZQsCM4CtnC7ckjBxjGK+GPC/jO8+KnjfSbvxzqNrpzS68x1zWIYPKkggUqBF5pRRLGIwE+U42nJB61+xuteP/Afhz4FamngjR9I8VS28Jh0yz06CMXF/cRxhVmuIoVMkvmPliGBDHIw2ST+iYevKsqijF+z5HGWtpRg4pJ+7dy5bbK7v3vp/HvGuVZdkWEy/KauVxedZrUwlXFZjXrPE0ljKdWMqsYVtVD28pa6Qikm5aar+QT4tT6bdeNfiJp501Gv7/WdQE8Ea5jt4Y7qRmlSQ5zjBJYHc54xtwK+ZvBvw9g8RahdadbrAZJr9YbdXUieR3mVVijyDyN25mGTnB9z9j/FvSPEOq/ErxNr+q+HpvDd1Pd6jf38DWcsUK+ZLJiHhAkabCEKkg5DY7A5vwe1vR/D/AMRvDfiebRrO703TNTguzZARq009uyswKHhlkKDIbLZPTFfzRisrpVc8lDExlSpSxU4zlOLi+R1Ipzs43Vk05Lu7Kx/qTkfFNfKuAqc8qX1jGUMloOEaOJhVg69LBwiqUZptcvOlbVqzST3T/YP9lT9m/wAYfs2eEtJ8T6JbanbePfGdkjFbeJbixg0p4FMMrSohMbhWDNu6AH5eDXeftm/Azx/43+F0Hju78S3XirUdO0Z7zxDpMMMl5HaJbNvAYJlA6ovJIUfez6HqtW/aA+Jfj+10/wCInw+8Ky6Z4a0nRYLeTSIVMrXEMY2Xk4QAhLZI1bc8e3btxkEc/NPxq/4KiW/hnw54h8D+FvD0cY1/S/7J1x7honWN5IzDdSxbgSgB3FQfQfw8D91niOHco4clgKlSVKhKgo0JPmSnKSjJyjunzN67Wdk7LRf57ZdgPFDi7xWwXEuBwuGzLMqeayrZk5OnOthsPTqQhDC1VN/uIqnFxi49XdJ62/nw8VXOvQahqUEiz2FnPJI0EhjaJiFm4jXaQdv3sgE4K5HAyanhn4e6xqsi6vcGW9t1ElxNGiPJPFCAWy6MP9WQMng5HJPOR9EeH/iP8ONR8eW7+NtNjvtEW9W6t2JDebIZlnkinA+UwSt8hUjhTgHJ4/Qj4TfHX9lnxL4w8S6H4o+GeneFtN15NP0zSdQ03l7MJJHAzxrnaoumwznBwpYZBOa/EcNlOCzbEOnPMqVGn7Xlgqrd220030slpd2T01srn+kOe8d59wpk8amF4QzDFVqeDp1sVLBKk3HkjDnjBtqdScbSuknZXe6dvyWtBs1K1EmkslhGHgiZYSodkDASNnaMjliMZGOnPMMdlp9zBriyoHi88b7hgPNgJOQEU/wq2MBQp4HJOSP0k/4KAeAfBXw+uNM1P4Y2miaZoky2iy2ljewXdzMXg3pfyRIzPbiZMmdTyr4UkE8/mFq3iiwns3n0+LyrkWyKUiQrFLOoyWkBAyxIyq9cA9lG74bi3KVlNerhIVIVZwalz09YST5WuSzadt3zLrpsz7nw34wr8W5Vgs8o4bE4Sli3KM6GJi4V6UlKKlCUU1zNN2v1V2milqI8OWd5Y2txeTX1rDAHcMrAKTkqWXhUCZAPOCcjoQK5S71ixW+KaAkbQlvMmuCgwhBICxkgBQoxkA9SM5zx5nrd/qdxKJFuB5k7Si6jOEIT5tqEHkKPYjkZBIPN3w55f2dwYzNK4DThCdsaJyBnkkHgsQOCMkdq/O8TdU3KVRp9pJq79xXdr3S0dmlfY/c6eAlHDfWZVJSnJrSXNH3movVpu6S3TV3prrrr3di19fx3dxcRStaSGS5eUADyyQQgAOCQoJxx0wDzmuo0i0uNdumtdPs0mknDRCaI7VS1HA8sZxkDGc85zjhueYttP/tc3drYRSOJLgRy3ikmKHfyuQABjqCDwOM9OfQ/BL6n4TvZYLmJTEir5TE72nkUYUI69ASQcggdVbsa+C4jxVWlgsR7CopV4wfs4bv7N201dWW3knY4MfWrQwU5qfNVpJKnDRuzSu3eKt0XuprRq+mn038JPhjbRLBb3d3BBOhE8ju4E1oXIMcUZY/fYk7mPTsAQM/fXh+L4dfBvSYda1TVxrHiq9QTDTmuFZItg/cHAIyF6sSB9K/KwePb2x1JbeKOW0eJxcXxEhUkg7kTk5wBgADAx95cj5prjxVr3i7VopmEwW4HlRM8jsYYkGXPJ+UOMncBz3HJz/JPGHBOccU4lPNc1qYfLppzxFCjJxlWhHlfsnNO8YSS+Fb6q1mfjOc4DF46q546qoUZRlNxu1oor3e2qWy0eq33/XDT/wBqjWtS+0RWs6kaRE0sK2yIsSynPlpJIPvngAEHnrweK6bwx8ZdQ8V2klv441NNSXW2aFtP3xILcMVSCV8gkYyAcEduc1+YGnXGoWtjBZ2nnQs86pcSISxuGTGMgZLKfmwDkDOMgEAfQXgWWCWW2utQRoktpo3vZHbY0rJgpCgJ+8cfMq4POT8xyfiMu8N8hyzMcJiMtw1GjVpYujKFSmuSquScHz86fM3OyTurtOVlufkfEXs8HTqVKUrJxlCKjdPlSu9ItNNrlUej3Sbsf2Hf8EKtItNK1r4yW1lIZbYafoux2cPjMrMFBGchQSuTgcHHUU3/AIOErSVPh/8ABrUYSymK98SQFsE7d1lGQMgEgg8jv6Diqv8AwQXu4bvUviy8IOyTSNClRichlMxUDHJXAIwrHHBxnFdz/wAHB1ln4F/DG6A+ePxDq8CsRyhmtYgSe2B6Y5A25Pb/AFt4QxLWM4erOTbeQ4enzXu2llnI2nffRa2Tvu7n7ZwtJYv6KePrT92Sx2Mm1J3alDP6fNd23s3dNap9D+Cvxrq5+030l/Kpl+1uII40Z1m+coRJtJBPHH8IGM5zkea6X4D0nU7ma/a1ubqcyC9e1aFfIjTdlt2V5xypVjhsMMAgA+8R6AqeLZ5dRl+2abbXhLQNCGyxkdgANucg8FgMnpjnFek6nbf6E2rWmm29jaWhljDQ25Tzo4wSRcIo3BQM5DHBIyAOlfxt4j8W1sqzzH4HDqrGpUxVVyqQlb3ZVFG2l9297Rbenr42E4jeW4TCYbBxnGdTC0rzjLkk7xp6pJPS75t1f01PmTXvh54G16GLy9OSxeJEmk2wbEY52vGF4B3HoqggnIA6mr0X7Jen654aXWLERWhnmMVkoHySK2BiYFh5Zz8o3HhhnJXGbWszQ6zqiyWNz5qysEa2hIhSNg52Dbkn5XwST1Axz0r0/R/F2s6ZFBpF46Q2dpEodCXUTED768jcy5OcctjOeRX5piOKuKsJTovLsyqwrOXtZ0qzdlCKUnZS1kkrXsrbNdD05cV8QYCjSlhcbV9o37SVOs7e4uXZT3VtG1u2lrc+RdR/Zq8Z6PqM0FpHFcNZRyNNJbOjLHFg7VYA5ZiOVGeQOOpFc8vhjXtDiS1vIpLe6Z2Nv8hSR0TO593IAGDgFfmPvuWvvKXWUvL6a10cSfaLm0drm9JkZUZlwH2qeVwccg49+teLXPw68Zy+JbSW4niu7KZ2uZLmWZHjtrQlhJKFycMuS6IOgGCAK+syLxFzPHUZQziphacowjLXSdV8sFL3dtWm0rXetu6+oyLjjMMxVRZnOhTtytPXnqStbazVktUr3b2W1+E8H6bLNBHKzPLPHMJZYCGcAKxy0hX7zMeAPlIyCeM17nHb3Cxn7NC8WIxKzsu2NAV5wvc5OMc5XrurD0jVPDuh+KZdItXgv4ozh7mEBdrn/Wu5JbcV5ZehBGSBxX2npXh34c6poWitbardXV8CLm5dYtwEHLSqw7+WpIIIIwOBytfO8W8fyyaNOtUwderGq26fs4u7i+V3cFZpczSV9k35Bmua1IVI1qtKfs5pShZdHazaa0TdmrtWW12jgP2cP2d/Gvx58X6daQBrXwpYXsI13UgPLjS3LgyIpPBlk3bQASScdeRX9Qvwt8J+G/gR4b0Xwf4Ot7YabDbRrOkEavqF/K4w3nPGoLl5DjexOBketfkJ8D/jf8LPhxp1/pFlNDDDbyLOgiTyZb+5ThkuWUqNqkcDAyxAUAKcfXdr+1xp2r2OnT+FtMisb+eZbW41K7kBUs3yr5Qboq8DdjCnkeg/zH+kTjvEbxRz2NCeWYvD8MYFtYbAycqVCtUausRi57ymop8qUZciskrts/F+M89zzGYiCjQnRwVCUJUoe8+fld5SnspcyW17e721X2/qGp/FXVdUuZrS1tPDeihHFpPdMCzyKMqY0bJ3kgMzYOCM46E/n/8AtX/FX436Totz4Xa1e70yGKWfU9ehAthLAxYeWkkhy6bRjAwGPOMdfs7w78Z9+jafqWp30GuLZQF7sDDJC0YBcKQdrMzYIyDnp06/z+ft7/tR+LPFvj3XxbavPpHhmGQ2Vrpls5jV5OQFkhjIUrkglWJx/L848BOAcz4j47p5fU4eyeGGyqMp+0r0Kl4VYTjCEoS/iVKs3eVnaDsm1FJI6OB1UzzGRw1OnpGUZ1lXT2lZu0UuVq7jZ3btq97nyj8V/ilcRafqVjHYWP2xWkaCZdkt3L5u4GS6kKk5UEEnIUEnGRtNfmB4tuY7i+uryV5UlkkxcxoQd7k5JXad23k/UHpjFd18SPHOoPdzSNM6Pdp5Ety7MWkdjyVXgquBg9DuOSW4rx57aZ7clroSyFw6pkM0hbnjOTgE9M5HSv8Abvw64Shw5llJSgoTlGHNyr3I2ik1GMrvva0rJJbs/snhPAwy3CwTik5WTcb8kYqyVk3dqzeiemyWtzmfEN1dukFpFK8Qdt5gJ2ja/wAoYP1OeN3Xnj6VLiG402wglur+IsJAWhJBUJnO1Wycu/B+ZRgj3OH69Y6iGPmOpucBUiJAUoR0DfNkj5SfcZI7DG0bTbi9ma1v5S9vGxZnLB3RsHaCGJG446ZB2lsjnA/esDKnGhCS5dknprZRi9umyW27tc/ScJXdoWWsrrTe1o201S+GN2ndd1a76KPWdAu0ii2NDdLlnd1yw4OCCW6jrtwCeeACDXIajrunW8jpC/nyefkTLkZPACnHQZPI/MZzna8XeFPLs459L+a4UILhogx3Ag4yeApwOVHuNvGK8Q1Fbizcxl3ZyQx3ghgf4s/TGMZ78k9vYo1YzXu3e11Zyl02u0/z32Vke3SU5a22V27LtHq2m+t9HfozuNTt9Q1q6SBJ1HnxhyVcFUA4VSMk44J685zjjnmbnwxerepbrbPKXaOMTKG8vO4hj0OVbOSOfUetXtF1T7PNAJpo8sATIeSmMYHJzjd8uO4A6DNe8+Hri1vzagJFGkSsZJyAQXx95RgYJH97occL2detKjHmsk9N0nZ2jqlfTXW2tknqtDR2v7z2366e69Lvor2V7WvZHS+DPBttpeima8eK3ECebLIdokkfYDtVz91ABzjBHTnioY9dtdRvjEI4FtrcMkUp2bgyHBkPIyMHPQ5PHvUXi67kg0cW9sJvJBDSSKSrTKScgA5HI4I6gHgYO4+SaZqkdnazzSRlXLsgD5BfOVUHBz25A5OevJxw0JyqP2k2ve296TX2ZLRRbT11Vm79bWZy1a8YySi46WSXMuZ6x6KOmm1rK7v0svSJ4dNvpXu5beOYRs0Zn4y7NnDBccgKeeRj7vfNcD4p8LNBJFPo1wAApuJl37XTkn5QNu1R90KR8vHQEYzYfFRgjlhH7pS7s7OMrgZPGCyg8jOOuTkisDWPGcM9qtpbk+ZIS0twrnDJjJVMkHPbBK5PGR1ruhTc2klpLd9Oie9tbNJaaWY1U57JWbvd31/lvrZWvpdNavzdiPU7vzbEWMV4kskyh7iU8ujgkPg47cj0BBORw1cTZpZG5mi1BkZNzJHJnIU9DIwAwSeq++DjFLHeWUcyGLLsrEMzjAJbJbeBnjk4J6egAJGRdzRyXTGNRFC5YlQd53ZAJyM9/lJ5ByMkKAa9KhFUYqPV2vZ81l7u/TzdtF/e1tag77tJxtZSdteq3d+iSvZq+97dDa6dD5d19ndLoq5SNwArIoyAxIJG0AZOMng5JzV+5uktrKHyHUSqu1kViQGHDSE8ZPo3YevUcTDeS27fupTEuCGKHggAgbhnqehBzjrnBolvpJGVuiKpQ4xtJPTPsSckYzzz7dsa6inZRvp52emyl6+T6rbV8jkknd2tfr71lvd9O2lnezRtSRo4g3ShXnYyNudsqezZzgKByBg9DnAAxcXbbhbWBo7hpSsrTsEB3D+EORkj5TwWJwdvBOK5drgyOTMATEgCKvIOQBgsDxjAwAM+2M4mDSSeSIlbaOSoOMZ6Hd3xnr0zxxnFX7T3eZfnf+VWa36rRdfmJ0Vy6uKSV/e6NcvdbavW78krM6GTy4D9qeVQYpOYuAWb1Kj7y5Bx6gdcEVKNbuo1jZJdkYmM23ls4xgqvXODjnrkcckHlXedmaOUsVDbAAoOcEkEHnoRjI4PHHFPlE0BQTnasi5XByQOx47gcEDOed3ap9pu9XeydtFry9VdX/4dNa2mNO6ak1Zpbq6vdc3azVum97JtWOluNakvJT5IVZZiqGVFCjHJIdjyd3TqT7HrUsWtajaLLbSSB1Cqck75MLnhDwMqB6YIwOgyvKLIpeEBmUdNw4G0EnIAxkdOQQDnIGa7OwuLCxSa6nt0muTGotFch924YbzAeQPmzx+HORWsJ3XM+ZO619eW75Ve7v8Ag1pe4OltZtu/RrruuXy11b81vcgt7zyyGwxDnzI0YBmZsDIwPmBOQAOB1PO2myX+Qxa4aI3D7SijaEwDhsgAAsxAK8bTjPBGGyapbTkyCOOOYoESNAAqHBBZCSACOhGDnBJ71lwCC4nCXMhBErFnQZxnorAcnOBg9sVvCe3vXTsra2+GKvpZ9GrdeibbMXT1XNfRLS9ui13/AA081oaN0LiPyJCWXzMkFDl2Q/32Ujr1wcNgcgn5aoWzXEl4Ikk27GLkg5wF+9IcZJbA64wO5+bl9xLcW7TIZWZFGLdSQ2VXAUZGCpCkjk88L71WtZCZlOG8yUMGYKQV65OMA54BIyR34BJpKcVJNJ3T66JrTm1uvJdbrs9ko2utHum3dXVktLdlsn28rGjexyiSUhhL5q52pgsCBxu6/N39eTjoaq28c7RSxNIQx2EKB8zNyQCFPcEjIHQ49xqwWDxyAh32sw/eODtK9SCDnqeM98dRzW1Bok1zIHWMgEkxGPnnGAxGM56n0OSOM4rVVo83NNpKSd0ns359Feya7aO+t4i5OSik7qy1u9e3W17rS1nbW6ucsLWSNpn2sy8BkzgKw/iOBwOOO24dT1rV061vZndY8yLhWZM8hR13dATjGMc+vTNddFod9bDMsTOzgmRDHkkD7h3bcA9cndjBzjNS29i1m08hAimOAYyuFBwQC2ME7QAMc9MgEYzCr0bpqSWuycU7rlt1asldWad9bLvfvyTUlppok+a9027W7dl0uJo1vbyXaQzKZJIXV41UAqDwDkYzhRhSOp68k8dys8aR3US2kbEEETBMIxT5guCDjngBcDAPBzgcdZ28aTyyJKY5scMp2q7NgMScAADBz3wQQOCa2ra5ltN6MUZGyyI7BzLJgsWQDkKD2BxkjjvR7WLS5G2rt6pNdN2nrs07W22ZhKjKdpauKT7NdF+j266NCXGr3l00FujbfKkDywxKdrMSoC7SSCMY4AGCc8cZ35NMvL+BLiGXaRiSSAkpHGEXgnkBmPUqT1OScZxzluqnUmlZSru6MXbG1Adu4MCMDjhQc4J5yeK9Q0Gyn8R6lZ+HtHtHefUZVt7iXkqqbhumLAfKijJ3ckjPGDleafPVlGlCPNKckopK/WPTor99Xf0t5eLq06VKpUqOMYUoRlKTdkuWMb817W13ezWu9m/QPgF8OLP4h+OtOttejKeHNMuba41hoE3LdRhwRAG5BMhyGG58DJweK/o48Kaz4G0LwxY6NoV3a2FjpdijTW0jrDBZ2VvGDjggDCLlmJ+YN2zivzR+FHgGw8FeHbbTdIiiW6iVWluWQNcXF42DIzyMAWjTcwGSQAF54Oed+LvxDvrK3n8EaPqJkvLuPdrt5aybRFHgYtC6k4bBAcZzyw2jINfvPB+Q08ly2OIq04/Wq6VScnFSaXu2gnq7Lro27O+jV/468Q87rcV51PCUZyWBw7dOCTagopx9pVl0u+2rtpqdd8ef2g7v4l+JLzwzoF49l4M0y5+zvFbSFf7XuIW2mYupXdGSp25JBwHNfMXiLUUs4mh89XBDJEkjA+VuBOSMkZ5AzjlsDI3LWJawR2MCyyEeZhtg3YkBPVmIOQM8592I44rBtNL1Pxf4itdHst0s94/7+UtmK2tV+eeYsBhViiDuGOO4z0Y+njK85q2mr1S215WlFJXSXNula+jXU8jKcBRhUhCilGlC1m9U2rc05Na3fbW21zO0HQbG8uNS8S67I8Oi6MxkSQg7Lu7XIihQn7wzyQM9TxluOC1fXr3V9Slvp2xESVtYgFKRQqdqooGQBgAngcnIHQD0z4qa5pSiz8FeGX2aNomYbiZQGa/1Bcme4c9XUSZC5YgLgAnnPkMdvIrsmV8skjPXIyDlR0AOOMADjk9K+RxjpQqOktWvilfVtuN0ltbrruk+x+m4SnUhQVScmnaMYR1soWVk9VZytzSfZ8uysdLo9zciRImLEbv9Vg7WDZ4IBwRjAyBwTnoa+l/BlmJo4zLbefteORQzACFE+b2yHKngkZBIHYV4D4dgjYJNIW8wOqIAhZgCcAjvkFQeAcZ+YHAI+kvDEqxzJZwoiNPEpE0jZZVC8O4B4Yqp+Ukc8AjivruEqalXi0tVKK3StqmnzWVruzWmt2eNm2JkoT3d4taW68ru21bdfhse+Q3cUmmtJbht0kTLtCsI02xvlQBjOMH5sdOQe9f6BX/BHeMR/wDBP/4MbizFor9zn5clpeo5yD8wz1zjIxiv89jT7lmtXiEn7yOGYLGvC+VsPz4xgkt8wY45IFf6GH/BIpDbfsBfA9Xx8+n3Ep6nO98jpnAOMYwR19Tn9B8c4zh4Y5BG7fPnNBu+v/MNiHdtK73utGt7PZnzngZUlPxIz9uySy2qlor2dah5WfV32etlbb8ZP+Dha3/tP4wfCeNnINp4X1FxH1JDSKSSMHuOCRwRjpuJ/nLvbW7vbO4trOOfy1ty37v5cuq9AMnIyQDjOc4yRxX9Gn/BewHUPjz8PbYTKhtvBtzIUHDYlKkDAK88cHpnPUcV+BPgu48jW7W2lhDRJK+8SKW2puwWfgAgA7sMTg9BjFefkWX4WpwLw5KpFNyy6ndpJ6ybet03bXRpO627L+bPHTMqkPEviyskp/U8f8Em+W0YU7yS0vZLTSzv12Pz88S6hrelapI07zxTQXGwRuzbkUvkdecFcY5+mc19A2l5far4XsjaB7q6kSBpiyEurOBxuwSEBwARjGTkZYAem/H/AOCia1qsev6CHW3nMZnCw7dzMNwKhAAy53A8HaOhOMD60/YF/Zcb4heO9F8O+KbuRdFtgNTumihZ0IgKstpIxXaA5XG0nI9Bivy/Mcmrzx86EE3Gco8rV9k1Z7rXXV26WWiueFnPHXDU+FMvzaDw6xuHcYTwqSUnVbjBQu7Kzkrp3bs29z89NU+DHxE8bWMcWmabfzahcSgQW6QSxxTAZO9GK+XIeflGRgnjoM/Mnj34R+N/hPqST+LtEvbO7EhSJLiL91kYZGRsYzkEnA4O7HAFf3+eKPgb4M0vwDPaaN4P0KLVNN0Vk0uRNOhjliMMZ/0iSYKpEjiNXzuz93JyOP5Nf+CgfjLwtZ319oV9JDqHiOMPbzqkitHZTxySKjRpgtGw43kn5sgk87a+dzvIKuVqnipVueM2lZ/E37qd4ya95NLbS6Xa5Hhf4yZtm/E9LhaGVQlh8UvaOdGErxo+7zOq9Upxb95XtbVO7R8XeFPi7qtp4E1W/vbyQRQx/ZdOt5CwWCRk2ExhiRwNoOBleT1yB4VpOqXuravb3Ila7ub28Z5WdDJw5JJ5yThSMYIznHUiuS1bUpT4es9MSYxo8zTvGo/1ik5wSucA5wSV3ADJBxivX/2f/Dk2peKdJkkZYo3uo0hilViJW8xF28gg5znI65IbdnFeXg8LVzCrRw1NOUq0oRVnd3lKN32Svd7rTsf0LispyvhrLc8zp0KdGpX9rXnaKi1GEb6tKLd3q76NtN7o/VPwr8Ff2otH/Zqk+MFrr+s3XwqsrO8M+mR6vLayQWiQ5d0tQ4dIlXpgYJAxjPP4tfEzxoPFviW4mie5UDARbmUytlPvs7sxaQsQcsxPJ46DP9wPxJi8FeEP2Cde8PeK4Lex0+0+El1LBFbsLezk1OawMkKzSr8kk8jsCEOSMjjJAr+BnxFek6remAKkbXV0sahwSkbzPtIYEkjaRg9O4r2OJsh/sb6rTlUqObjacJttKUeRSUL3tFN6b3vdLt+f/R5qUuKcXxNmlTB4elVw+LgqNejQhSm411OfJUcYpuS5YO7eqld7q/8AQX/wS/8ACHhaT4feKfF93eJD4pt5A2n2sLqkksYQ7lY4JwQDyAARk8k5ryf9pfwz4k+JnxF+0XdldzRzyva2ENqjTFGSdlPCBsE4yR3zkGu2/wCCTVyLmyurCW4gZtT36KIdpneIzIMXRQ46BiAcdV5YZGP2h+B3wEs/CXxevG8QaZDq1rPdznSNQ1OGNrOWeUbiIkmU4CZ4CnIYfLniu3h/hv8AtihRnGrRp3lGNSpUa02im46auzSSaj8PV6fyx4l8c1/Drxh4uzPEc2KxEZezwVOSqci9rGmoPVtKMY2s4pLlTVz80fg3+yr8VPA/heK4fUrzwvqOr2sKaNbW9w1rcX1ncgBo5GQq27bIvyEgjHcGr/x6/Yz8e/BbwvYfFHxnJNeaXc3UN3/Zcc/n30VzIqul1PKu5yxc7gcgg57DC/uZ8SvD9pLrvg+S40q2t7Hw5diO9u4CVSZmmCxBVXqiAAKFAB+UEgA188/8FHfibaaR8BH8D7LXWtd1yRJrKaDbLc6dp8cavEGTllCIM8AA5xk4Jr7rOeG8JlOUzqVKrXJS/dpzT53aOs46X5nokna61bSd/wAY4K8YOI+JOOq1SMYReLxtGjWjClGHMqtenTlCpJ3qWjBS5ZXt7t5aI+FfgV4w/aa+MHwym8L+HvjDq+leEtCufJsvDc2oR2+p3trdxeU+nJIxEscLRttwSygYxivzR/at/ZT+J3wdhufFnxH8FXMWmaxrM8mja35iySM7sz7J7heGPIKu3Un15Pgvwk/bB8W/BH4vR+JbmaTV9L0fUVa/0GaaS3hvIYJSu0RA7dwVMBj3yeua+of23/8Agq/of7UvwWf4b6Z4Pk0jVRqizrqkl4rtZ2UaKXtYEOApG0kOFyVwCxOSPx6M8DU5+SCp1ZTb5kkudK0bp/K6vL72j+68qyPxswXG2SQjKeb8E49YaMZxlKSy+lWlB1VUcpp0/Zx0g1CUZ6JWdz86/BXxU0221yTR9c8SXWg28F032GWCPebW4LMFeVwO3G7J4BI6fe+5Ph78N/jJ8StW0/Q/hj8QrXxalzLb3NjcR3UcFpY3d2wO24bd8khLDeT3BJ44r8PL27e5vftEUzPGHw7k5ZjnhnBXcXfrk9x0ODX0V8Af2nPHHwF8Rwaz4Q1C5jjW8tbi+s5pZHtbyO2lR3gcAgx5wQGXYQucZHFc/s4xblGEJyi3yxq35ZO+revW6s3omul3f+j+M/C3McXlMsRkFTCyzN0G40cfho1qNWo4w05mrwbd9Xpbfqz+mDxB+yv+0No/hbw78JfiB8LdNuL7WJBc6h4/8MqTfTyMu+NLmWM+XcjOAWIO4nggEiv6Cf8AghTaeJ/DPwd+LPwi8U3mo3rfDrxoy6SurIwuLGC+WSeaGMPlljEiDywvAHygDGD/ACvH/gvX8T/EOnvo9v4G0+ELpNrpkJ85Z2tpkUILuByWkX5gW3ZyNoGRyB+7/wDwb3ftCeLfiN8UPjro3jG8mur7xTo1j4vj83BWKIYiVQwChsB8ZJYleSeRX1lN4jMODM+58PChLBU6OJpxhJu6p14NySV0rwbvqt30PlPAnh7jfhnj/Cf604PDYLL8bOth6UKNSPxSpNRXs4ynFQ9onazitFZa6/Cn/Bxpol3pf7RthO7ybfEPhWGeHLFdqWwYAZ5+UjnbgE8dBg1/LrffELxB4f0+fTrExSLFIs5X5tibiVK7R8rt0OPmwRuA4Nf1m/8ABzUYo/jl8KGVCDN4J1AF1BzlZVGSwGTzzgkkHGBng/yJatdW0DrvVTvDCUMm933cg4I3EEc9OMYB5Ar67P8ACQzvw+4XpVo+6sqw7cUrpSjGK2d9mk29tdnY+7zvBU8NxrxFB0/aQeY1aiXR87g76LVKTte/d23PI/FF1qmqS/2vfi5LTNJJKwB2APk7YwANqg+g4BBzxg8PbR3N0lwzGNPNAhSQ4LIuSSWzyePTuTkk8V7/AKhPYiCGXaZofKbfCyYiHynIC9QyknDE9DyW4I8b1WOKBpJLODYt00gBJYAMf4QOgIwACOOTzkivwDMsjjgYNU4KMEt4xta/K1ZfFa99rLSz3P0bh7M1G1CVP2agouKXuxvpZJNdo2006aHDPpPzFZJlCK7KoLBskDBfGOCTgBifUBQOK5zXNHtmsZBPDuDBikroCqqD95sZPKkEHnPYDOK7yWz2kIysZXTLBztAfkglsgceuAT+Qri/F87tbxxRSeXGA8bg8l8dVBB+vbg42ivlrSjO0bWu+ZXVkla7a0vZWvfbRu+y/Rsux051qcHPlUmnG3ZpcyfZ21b0d+x4Xd6VIJmWCIyqjEJtz82SCvy/wgfwsCc8YIBAH0p8IPhp4q1+zGpgMmnxTRu+5whCr8ruN23OCABg84PGAM+7fs+eF/A1x4T1jUPFejQz3/lRrZpKqs80Z7RAjO5sABlByMdcV7Jo0ul24uE0a2a2iCqi6XGrL5kZ3AI+0bWK7SW6YBO4/MDX5nxnxlVowxOXYOhL2lNwj7WTSj7zik4x0UtW102volc+V4x8QK3+0ZPg8NL2tGUYSxUrcuvJqou923trbTbo+V074eWup6Fe2kniYrIk4aSO4lKW8KqDsJDEMWJAB2scjBAAIBufB7TrDTtX1t7ieDVWtY5reJpGXbbjLRrKmeSGA4yOBnoeDhaxa3Oqz3MOmSpGbieRZbCOVIjEoTBZ3wN2zBO3JOSME4547SpbfQGlhju7hLpZJF1NlZv3gOQqIVb5s4254IYE55r88w+BxOY4PFUq2JlzV3GcqShy21g3zWurJ31V72tpoz8xSxeJwmIhUxE5SxEk5QjTUdZSTfNovds2+ZXWunUr/GjQ79NVkeC4F3YgExS28gCRSyctDGRnOwHkDlTlT6V55odhPbJASymSMGWXzOdigE4yScdByRknJycYrqtZ1PUb65jsdjfZbZzNIWLORG3zbpSTywU5IHOcgDgVDHHayPMscTuJEYPICVGNvyKgPGHK+3Xuea+3yqgsFg8Nh4tc1OKi3FqzScZTbtzNWd0m9Xa+zSPs8nxKw+FweEnFL2UY3akklZrmb0dnrondvtpYfYapKbhiZ3ihfzBEqNlTNjHmHI4zkZ/hHrzVSfW7rTdSt9zLd2dq32hjPJuDAkllGSQCuTgHp0OQeORvLy40wyQvbvC5eXaSQrLGFzwGywDYyGGVGCelc7c6y92sItrQmOSTy3kkJKEOdroWYgAE7uSMgDOcDn6rD0nJKT1jKMbX1bTUXdLqr6WSSt9x+6ZHnlfD4ejTUm4OEHFJt6NRd0tb6atWV72aWp7NL8UY72HUrixikhuAhRBuPkx5QrvAz97GQR8xxwNp6+Vx+G59fjn1rUbkxwSs8kRkYK01wOpYKMiM4PXCjHvleUvdRi067mVnQRRqshtkZQhdTkbyeGGeeQQT261h6x8TIH+yW8Q/dxlTcLGwWNm3cxxhTygJ54IGM5Oc162Fozi17KHK5P37pLsrpW3eztbZX1PtKeYVa7jOXNFp7STSTbV3ZXjd66u219dTVt57a3Nyl9dRwR2ssiW7ISC0mTty2QWUHjOTg9PmNcR4g8cXkkkttDI7hFUJKjHywFUgNgnk4GB39sk1yniHWrjU75poLfZE8ikIoyrcYQ8ZKj1Pt2zWGbW/WV28mRllIUhkIyWOBjjGMYxgkHvjt7UKNOLi6jipWTd+X8nZ2TVrWX4K81q7k/enFNW637efTy3t5XWdczyXczzyMXZ3Zi7HDF+2cjAUcdBnsuOlaOnXM9rskXcgVgWkQ/NnG7t24HJyCe2DurpbTwtfS28he3Kwkgh1UMxdsAgYOcDPLbTwMcDFbx8CytAsKTRqqLuRhxJIcYKEY4I3DAGDngnjbWyq0m5J1F8NmtNNt+yXk+mnU51iqcZJ+0hdPSzu01u7K6ttqn8yHTvE9814JBK1zGNuVc5jbaSGDKcnjkEYz39M+y6H8RG024RzqC2sLFVZAMtGD/AdoOUJJwRz35J58VPhKfTYilxMts+cFtxdWHbDA/KTjDKeRgg7c1Cr6fZWxW5uYp3MjFUxuk64Vs8NgsoPOAD0HAWvNr4elV+FtpNSd9LL3dU7q1l2bSt5HtYbPa9OMYwqKV1dO/bltqrO2r0Td1pdtM968Q/E9ZrDUbaK8RjcKYo/lCxBJMkuT2Zs9ARg8nOTXg0utyQh7WKVXbBkMi4C5Ykn5h1HAAGDnoeOByd1dyymUTOWQSBlRQMBckoATknAHHoOuSDjovBXg/WfG+sLp+kWskpJUzu4Iihi6u7t/eCZwM9M5BPA6KOEp00mrN6P3rt2TW65pdbq97fkc2Mx9SrepXqWSVk22kr2eqv2S101S00bF0TSNa8Ya3DY2avO8rJuZYyFQBsFmYg44J+XcvAwfWvqOz8KaH8M9MYmaG61R4f37SlT5TOvTkkjZggdM++Aa0pY9D+FOgpo+ixQXmuXC4u7wqrSRtj51DjLbdw65Gfwr571/XLzV5Q1xPPcq82HJYkmQlsoVPRV525IBxjPOawr1ozuqfKrNX973r6dUm2tG9FZd+3z1TEyxDah7tJWtK/vS28nprrZaJLvdP8AF+vXmssQtwGs1YEqOpyTkD5gQo6KCeCBjgZOBpMdtBFE7I1xO0jFItp2soHJXHAYkcEEAfQGuwi0qzt7GO9lUs4VkePbuQJjGG52hzkgj6Yx1rIGn7J47u0YRog+UuwyJHydpXjbkdznjpk4NcEcTDknCzeqve7u7xutdbXT1ey66admHSStZXspaNO+116PWz037Kxm27SNcXUzRtHAQ0LJ1HOQFORn2I/u85zVKSztw8bRBlMJYSJjCHknvtPP1+XnqAAevjiRIpJP9aJMbyACscjcFiehJOevYrwMCjTdBuNavPslgWzKdgBQkHAbezHG35d2QcnJJAyciudYiNJOUnGKiutkrX+1drpZJa9up0xpyqTjCCTk204x3afTo+kVe2tyloWlXWpXMaf6q2chJCMNtHIAHoSOnXAycdAdvxT4eg0GeC4ScT2jDYQwy2SpyCOq4xx0BPbANe6+GPhfd+HkivZXW4SbYPNK7olJ+8xUYGEPHT72fasDxV8ONU13V41srtbi1TBmUcLHg5Y7T94hTtU8EEA9evk/2pSqYp/vVGlG97aRb0u33u9ErXeqR9DHJK0cKpKDdacl7r96ydtdN030XV6s+ftK0KfWb8eWirbRSGV2VtxSEkHccdOMhRu6/LzmvdrOPQfDunrbaex82ZlzKyAmOQjLFmwG4HAA4wcnGeei0fwbo3hyWdAJbpXiKtuDEtOi5cNgD5VbcMnPHyjcK4XVNB1u8lknsYy1oGYCJVy67nIUYI4AXbzu6c88LTq42ljZcim4UotS1lZStZXlezSstFrbd3uFPBYjCJJxvUqdEk1Cyj59b6NarV20Y/UfFaKbYW8gmNvmMrbEh5ZmwVGOdwBxlhnPIzgZPGWEWo6zrMri2ZZ52dcTjEqysSyRx5BJLnAPTbyWxxXt3g34WWKTWF9emVriIG5mgRRIqNyVDgA8nGSME8EZBIA9FWw8PadfjULiyxex3SNb26xhTJEGC+aQMfOQMA9WAwvHXzqma4PCOcMMpVZxVnNNWbai9JNvRbO6ta1rano0crxFecKmImqcXJNK7bs+XTq10TXVq7PnseFvEHhi4hn1e3lW2uHIE8YyXDKSEABK5QnBJVTkYLcE12Ft4vSwjt7SCD94+9QYjuDAnBMwUEFl6845LHBNe7a/aN4ij+xCwVWnjWSzjkYgxK+TuY7vlZgcjnCA4OK8O1jw4vhrVLcRW+WdG3mTLqH3lWQDO1mJPylTkZ4znNZYTHYfHxksRBKrHW0VzJpcuuy9Hsuq0Z2YjBSwN5UXJ024pyd/efu9LJvW/Z+vTk7/AMOT61cpe2ayRzs0sjySRnbI4O75CSB7YxwO/UCa11QWUr2soP2oMsbIilAJl+UB+ScMerdumCDivY9Hs7a7a0kuWnitYygMMQCsXYZLYGWKt1IXr0AJK4l1fwN4Z1G6nuLZmtbkkLFvYRpIy/MZDuO4nqCAQQeBwaTzKipOhUpe6mlGSitklryq2nROWt90rnO8DKpFVKU1GcmrpySTuk7pdHro3re73PLdLl1aDUUu7m7e3tmMrBUlDSIc9EU85PcbehzjBJLtV1ye9uXaG7M8kETKqB8Om1uGkweDgHdkgkkrn07bV/B9pBoDpYTm6vSWUysxBSYNhfLOSfLKjIJJ6Ht8o8z8PaJFbanNa3rubycDakhOwliN4duM7edrA4JB4xTorC4lTrtWdNW5Xo0lZq197vXbRfeZ1ViMPCNBv3Z2lOTk3Z2StpdN30tG2+jfXpdPGtXFm1/cSLFFGgETH5mLDkkDsTtOMdR3POcW78QX1rOhWSeHdIZC+5lY+WQQRHk7g4HJHLdMenc+IYvsGipaW0D72VHedydpRVKBBljxlgUKrjGSM8GvL9SlaeJLiWJpPsiESSKu1dpGcqMcjgZ4B45xtOdaNHDYpe9SUuaXL7zV0m0rq61tvprfstueVaphLXlPSzet468u2l/mklZvXRX988Oa/FqGnwfaJSbu8YQvJLIF3RnABAJGG4Y8g4IPuRi+MtIbRzeyxjz4NqNFJG+XDkZAJBbqdw6449gB86ab4rlsbpBKzm3acvH85+QKcAqBgDJBycnvyDyPWtZ8VHVfDqCESC6l2q7Hc5Ea4UHOerHn8T1Xp5csjqYPGwrU5KNGq0pxa0TdtOVqyv0u1fd7a+gs1w+Nw041IpVqUFZu12rJPRpaK999EtEWvDGpm+u7eGaRVRdqSxFyZVj7BWJGWIxnnbzj5TkHt7poFmuGsmjdpswop4ZT0WTqxGON2T3ycGvF7OS5ht5pbe3kWZER2lQZ3uAeAMZHYnHXbyOat6Nrc6Xsf2kSCcKz7ssNzZ43IecNk8ntjGOtd1XLoznzqpDljypxTTvblaTX2W9dOr77LnoYmUIOnyPlk0ud3/u2a0bTsrtPqujQviLxD4ugjvNLSDzrGJgZCkZZpUx0LkEKCCAHySOTnIrz7StMvpbmCWRSsLO1x5JydgPLfIeSBjLZXng45Gfrmz06z1DQkmnCGW6cKWVR5kKs3/LTIwygckEAAEYJ7c9p3hPw1Z+MY1uZpFt/KXYB88TTYBAZVJARuCRjhuMdqw/tTD4bDV6VOm4zhBu0UmpNWWnnu9Lb2vdE1sir4qpRm6zcKkoq80rQU5Rdk3sorpbTRPQ8hl0iQkLHbnJkGZApCkNtwCMfL9ckcdsAm5Z6bcQuUQAY2sHAztX5ix3AHBwTleARwcFRX1dcaj4HsrsRyaZDK0cJimnIURlsfKQowM8dQcgnqB18a8US6RLeNLoll5NqyMZUD7iTk5YYIOADxg56AAcg/O4fOK+J9ydGpTbTfNP3bpbN6t9dl0s13ObNMgo4CHtI4ulWklaUKavJKyb31ave/wB+vXlF08OzFyrB0PmBwW2EDhgp5CkcjAABJGMDmlPZwhIwRujd9rSbMK2wYAzwQQBlSR25yTzKkktzJOCJImhC7ADwygj04PIJIALEcnPWtC1cSuYLlkCLtfag3HJYZIAH3ecnHQEk45w3Vq0W37SUk9ZJO+jV7cz1evdWs7eT+ejT57W3er1ulblstbPrdaaaLXdU00+14lKtskYKCAQVxkHjcOhOQSBnsO9SyaNamR/Jcqpi/wBY38RAJOM4II75/ujGD8y7Mo0+4d4oS0Qg2uUA/wBcygnGS33ehxjPYA7qqyxxO5eLOHQiRtzFUz97K5OOhPXnngbSKinWqSkm3Omno3rJNe60nf3ZJ2Svpu30slKkoy1tpZaPpdNdVs1bTvpukcz9ildlWKQzeQ2WKsBkMcFcHJIz144685OelQNLBFGVKyQsDJ5eRhQc/MQcsuMZAJ9egNVYtOKSKLeXzAGy0iNkKikkswxnK4AHGO/PNaYgnaNhbS7nGWbYqhihBLbvVic8c4HAzjnLF1bqK5+VwkrO1r/Cno9GrPbfW9tbnZgqdnzRu9F2jZOyb7Xve1rJ6e9fRa9rp0V0PtS3Rt0C5UnKoWXOVXLfeOMckZ57EZVJJoXMxYPAzBIztGc55wowVDcbg3DHnAzVPT1Z1JYsIY2AdOSpYHAVQCNuAeTgdD1GK6GytY5J5pBMsVsoMihyCHkH8JDZCkkcDp2ABFeHVqOEmpy5oXTV1d9Frq9knsrX1Z7CvPWyUrpa+i13Xa7slbf0u6Xb3epX9tp9vbkahqd5a2No0cWTJNdyJDFGiD1ZgSQM+/Ff2J/ssfDKx+D/AME/A3gyGPbPZeH7XVdUBUFm1TUYVnufM6EskrFRnlVAJwRmv5xv2DfhZcfFb9onwda3tpHdaR4YceJNZDw7oo47Rg9oeQVOZUUkHJ5znOMf1OxTgxsqDabp1RAuNqww8ADGMKQoP3cYx0yBXzOf14fVFSSalJub1esW/dum9Vd37rzVz9y8J8p5HWzJq7lJUad3Zqzjzd+tlbd/O5ynj/xHZ6HpM15PKI7bTrC71e7diBtitImlx83AyUCqD0JAHY1+Jv7SXjxtC/Z78Ra7qUrW+pfELUdY8WCKQ4klt2kksdEgKk7gr2c29BwCB8vrX6KftJ+ILm801/COmybr/wAaaxaeGrRUJ8xdPjlWXUpeWyq+QkisR0B2sfX8Mf2/PHMHiTxtpPws8OtJPY6FHZaUYIjujP8AZyLa2sShMAq2751U5LEnOa+r8K8obr08XWh7tSt7Wc7XUaGFSd3fVKdVxavp7jskdvilnCVOWDpSblCl7JRT+KvXcIJJaN2gm7b+9tqfQv8AwQz/AGZG8efGy9+L+t2nnaH4BhkvluZ4t0Q1GUmXezt8nyQlmJJONoJIJIrl/wDgpd8apvjf+1L41ltrwS+HPBMjeFtCRZN8CCxLQzyxDJXErDJKcHGSMmv2D+Aum2H7Bf8AwTO1fxjdwW+neMfHnhuZ7QMoiupL/WrZ1tUQtiRniilLADhTtHUgD+Z68vLrV9QvdS1AtPe6ldXN7cTOd8skt1KZXdiMs2d/JOSCCBmvv8BX/tninMs2aboYblwWDe8Eou03B7a+9J26SenU+Ix+H/sPhbLspi0quJX1nE23bajLW2rtJpXf8r80uZSK68pRFLGWLEeaCMAElSrbjjnPb9TyI7e1ulnzLL93JB8zl3DZIAB+5kDJ7jGTjk9LNYx28Lo+5kYkox4B3AZHQMy5/u5x+BrNgQqAkiku25wgbcehORx0OBk54x64x+oYOtG0bt2vrZ2tZR2s+ia2vq3fqj81q0pJtuzbT83b1vva2midlp0LMsjlUlBUvIwVgowAE6g8nHr6EjtnAzbgCKMFWILbV2scEeYTu4BwB16cjjp0Fh1aR1jCGNAhACE7hKOcEjp6sMBiOOoqmUkkcg8MB8yKf+WY3KepOMdTgke2SK+kpVYzSknzKysr35dtOlnprppe1tzz6i5Wmle3fblbWuvXTWyun5aEEtp5+CjEghUwGC8ICSTjquTycjJweMYqrLbLHLujKmRgqKhHO0/e6Edxkd/fpmxbxuF3vkL5jheM5zlTkgcbexIwOhPpC0ZL5IZpQysMA4ZckHnJAHIB5/niuhSjBL3npZbvqkr/AIa9Ltvc5aibSb32bTfS1ldpdFrbu9dhTaF0STcQoPlIowoCgZfcfU59MHjnDCiSJHjKBgQ6nyk3d1wScluSceg4AA9pZXYlAqfukU+YSc7nbJKjBB4wBzk/LgkLzTRtWaMhfm2EBQB1xgtyCcgdB65x7HNFu976bpXklaPZO9rqye7fkiZ1IQeu2i1WqtGKs+7d3fZfJJvPWMEeYQybWwFOQpUjk/Mc4yBxnGQetc/NCs5uPKVll3EAk4UohJwCed2cnjtxmugkZspE4Iicli4BLnJO0P3XOPX7oxxxWZLbhm2HeJshQQwRiAxJztJwQTjDD+6fSu/DtWS0ta60adnbbz89LefTzcU5S1T0+5pNpLbfW+kV8ioCI3SNlZtyk/KPmaQLjPQ45J99pGR0LfWv7GXgGb4k/tB/D7Q5IjJZ2Wpw6zqEZTISOwkE678dN23ByeTnOe3yv+8QIo273dfLUqd+VOMZIwSCAxxgnoPf9nf+CUngNLWX4o/GPWIFFpoGlSWdjdyR7PLkhjeW4KuRgARg/OrDjAOADX574r5xHKuEswcZ2rYmCwdBJpN1MTKNJctrXspN2Wumt0fbeGmTyzTibBxkr0cNN4us3eyhh0qmqs1ZvlV3vv1SPPP+CrfxOXxF8VvD3w6sLkS2Hg3SgJoUcBY7kjCAgLgFYgBjsMEDg1+WVvA3mJsdjvTO4vt2nABOMjIAGBx15y2RXpfx88bXPxL+NPj/AMTy3Dzfbtfvkt3OHxa2skkUQVsFVDKAQP4gRnHAHnIikO0vGyyIq7eu0JnqxUDPckdwOABgHo8Ockhk/C+V4Ne7UWHp1azaSbq1Uqk/NtSklfe6V9LW5+OMzeZcQ5hiOZShGtKnS6r2VO1ONlpZ2Saa2WnrZMcbLI/Ja3IRWUHYSTnJORy3Jbrk5J61hNK29iqthJWMpGSASTgHjacE5xzjgqRnFa5d44m2KGUHMnOVkd8jlOvcDuDj1JFU2EIwrNguGdlVWUqykttPIwg2n73UgkAA4r7100pP4mktujul31Tsnq9ra20v8XNqTg3ry6NaJ3fLo5eWny7J2P0I/Yd/aR+L/hv4i+DPAej32o67pl7rMCWmizyTXFhZ22QLiVI1wqBI9zlSApOM8kGv22+Kv7WHhnQ/FcHwX1rxNL4Z1fWre91J/FTW83k6Rcm3dobCMBwiyzSALEGOeScEg1+Z3/BPqx+CXw4+GPij416x4w0YfEWOG9sorPU3j3aJEscjQNaQSEs08zlMSqOAcZ5rqNB/ZPn+OHw/8ZfHzxJ8R9Xu77XNR1fUfCFukDPDayWYlfz71mO4Wq7THBtwgJ4VjtNfnWaQw9XMZSlTdOMWqbk4xi51G1rZO8uVWfN27ao/QsqlWpZbD31Uk7zSbVlH3VZ2d999FrtazPZvH/x61jw74O0DRvEfiDTNDmv7+30R/EA1Bl8UX+nXt0lwus3UCSCRbU24ZvMI2uDgnByOg1n9rjTtb8TaXo0xh1HwL4E0WCHTLyygd08cXNvPEJN6CX99K2M7yDliAAwOa/AHxZ4h8Q654intdd1LVNav9IkfSbeW6MwMcFmWhEaK/DIqqNrHAGCVAzxn3HiTWLNbNLPWdQtZdNB8mNLmREhZSGLKrHCncuT78cV1UsFTkoqFRKzWt/ju03a+2ivZNvS192Y1MyknJzp8qu009P5W1fRPRdG72V3a6P3s8dftAy6r4m0m+0+z8c211eSSzeDfDVvZyjTbd5biJZF1G3dHjIaAu0aEKAoJ5K4H5jftx/Fn/ha/xr+0NaWMEfhbR9P0Bja2kNnI11BDi6+1pCkYllWQHc+DuY8nOc/Ntl+0d8aNLvIby18caoZbWMrbtM0UjQx7fL3I7IzKSDgEENk9eprz278Q6h4i1STWtTnku7/ULmS4u552Uy3E8p3vIxAAyznd07DoQcevhMG6M1KLbuuXRfzOK3u3ZK2miS1ep4+Nx0KlNpJpaXT7WV0vKz7dOzieg6RdWhZRgO6jyvlzkAn72Txjrk8kY6GtDV9VttL0nUdokEzRN5LsMYODyT2C/KcqQMD0AA5OykhhPBbfLkNGCARIRwAccLnBJOB6nJpNb8y9srm0ll+Z7ZoUQcsfMGMfMeWJxtPRhwOlLGykk21bdWW1mkrpXa1Wqd9HqjLCzbimoWa00V07pJ+nf1VktrfKB+Mfiix1+5sI9cuJI3uTGUyxgKbmUqD90EAkLnOTkkGuD+JWtpd3kF0k8ZkMfmspADGU8kyBsHr2PBHTnNaHxE+BnxG8Eo/ii50XUm0LUGa6tb6CGWaFUYlszSIoCEcc7hgjBNeA3l3NcyRzXLu5QhX3MdzYIU53c4GOhzkcgjmvmYYKjPERxNOzeik783M1y8ycn2d+vQwxksRGMqdVSitGua60VnpzXb07Xv5q7NRtSkiljZmQJMRuX+9z2GTjnna3Pv2rVe6hkgOYhsmVsBkwVUDJ2kgc8k8dQewwK4gsZXLRpuWFgXZ2O3kkAAdTkDt8wwfQ52UnkEgkPKLtKIRlePvA4+7jAOcnAOP71ejOnZK2+lle9vhVnt11vd2fN719Ty56U+nS7bvfZPV2s1ddFffezLpuIrZGmjiZ2mRghchdgTHIHRj0x3/pY06GW/u1uZCrtHhpVBO8E4KIM4HGOT1x+VRpKt00sPleY8gHlSKMJGTgHHbIbIAAOAQTzgnsYdNbS9Pb7NLm5uIVeeYxgLGW+bYGHRjhdo4JOOMhccVatGkuR25pfCl3Vt1r1b30sZwTd7JyT39dGrK66J99G3e+/c6XAllZNfXcsEMwiBjt2GUUfwu3Tovce2DnGIZ/GkcUSEXMVqihow4yHYsPmaMjI2FieMEdegwK8o1bULyKK3hFw0zECN23FiinIKqo4wByMjA4x7cVqM0zlxLJNsQMYtwwCwGTnjA6cDpx3JIrz6OBjXqynUfNzaJNqVnpouny1e+9zojKSstHJNLWys9L9OmllovV3v7S/iu41GNbe3li3wSO+S2xnA53uCfmU47c812/wa8QtL8W/AqNcIoi1mKF4wSSfNkRMg5JHLYIG0AMAelfJlndujl5pXj3DAKyH5sEEFiOgwQNoHqORXqvwVui3xe8ESowjz4hssFjzkzxg4BHIbk54/HJx6VDBRozi4R5bSVm2unLfRWdtHb5WvY2SbabTto921ZW1XddPRbas/cTxfbtHeznzUXfNv2N0AxnHOCSRuHU47+/n8m99xiIwAwO0AKDkg/KRnJYjkYz174r1jxRZ+ZPI7kOsgySQWXcUzkDrxnqTxweMEnzebT3UbkUsp4BJGMDrxwS3PA9BtAbFfQLDOUU9Wna2tl59bd9Gn8rmDqJVOVtLbTrdpabW1Vref3nK3NvImVDExuNxUMDt2qpZh8obJBOD+AztrlNX2eWYzllCt5eMhk9eTj1yQD0xk4JrubuCUEuo3EEYYArtHIOOvQ9gTnuegPH6rastuSJFXDu2SAHOcgeh6tyegAyAOlZVqDUX7tkldrXytZO2ultlps2jWk05azulra90/hfXdXVno9emjPCfENuzq0fzBN4IYkA9+o6EE4JIwARjHIr4F+J6smsXCiQDF0ygDvuBPU8AA9cfXPav0C19nQSLJIu0MevzMwILAg9CpIzx27Zya/Pv4q4GtlV2hZJ5TkcMX3HnIzxnbxkbexPIrjpLlqSuktLPTTdfjstL6XWr1CrH4bPrrZO0tFaXy0Ttp33POInMCqGVXeM/d2klgxPVgcYyMEHPJ/KzI25wyLufDbkOAoGOSAPugYxnd6ADmqlrIFkw2wBQS5xuQcAqo5OMDvjHJyT1EyTq9xuQFAUGDkFWPCkcZBAPOMdB0HGNxWtZtbbv13bet9U/k73W4wWuyYEkOmzIXdlgSATk4HGckds+wNXhDG4SeQE8FPKUFemcNj6dOcemQCRVaSURnaVMgcL8o5APY44OP4snOCD0FTiGRNjhwzEZDBuAXGSSvJwcfeGTntnq23tZXsvxsle/Zb7W6IiWqb1bVlre+lvPyeivfW9tGallLb2UhZwVjliK7GOWB+UbQw7ZPrluc+huXMqyuiRqqPJHGRj7pVc4JPYnPQdOd2RnGPcNuRckSMuzJTBCjA/HBOOuD2PPNDiSV7eV2XAU7gmQUx6rwoznpnI+mMpWfV2Vklayeze+qS1XXV6dzPk5mk1o7p23t7qvfe6bXyb6nZGSC9t44ZQjPGflkVMttj4CORj6AjAz2HSs37SsUi7Uj2KdqsoG5HzgnbyWHQHrz6k5GJaXbwLIE5klyCBn5cYUHIKhdoyeecjkkk1YtplJCSLsDszlwCSWU4U+3I57nimotJq/Z7tvW3X+8rXS7O27vDag3rorJXatppfVX10363ad0job23tooVYlHlOyR+B5jBsllXGMLxwQAOnHIxhuwidY442h8zEu47iVZckAZzkdM5PcLz1qeFnCvcyyLkuyfMdylCCBt64A549TjoKkmt2aKNjMRISdj8bFXBwAccse3c9ugyRTWjlJPTe3WzbtdO23nbayHHlfLt0Tuk2laPpe2qvq911139P/wBJuV3DzGSHLyFhyQp2kfMQAONygD8+Q6S2luY3mEqhYTsHQqCCSep5yAOegx6YrmNNvJLKQBAWdg5YSZUDJALZwCQAOByOemQa3or+Eo0Y+YTZaTHDBt2SoBPIY9COM+h6XzSSTu7NpXt9q6fRJX8tbmdWF7pRVrL5Wtez3+Lba3loYhtru3IlOHHmNtRnBX5ud6jpgd9p2kcEcZrUg1K6RIZkeQIjMmFJCq6noGzyo+ueOMcA2dsYvENyjRQpE23P3wuMYYE5wevrzkHHWESRrNGUCQ2i7mCOBtkfI+YqACMgYUkZ/Na1hOaatdN26+i1Vkknq7b6NLYlLZJu7sreS5bXXfRXd1p03Oy0LxdqKTCIzuiMx+VXOUZRnaACQqsc+uRwB1B950H4kXyW0bG5MhH7pok4kYA89Sc8Y55Ufez2r5P8iXdItsFjeZvMjCnBdSc8HHyqADxnPoRwD0kE1zaLbTQzs2wDzZG6I/cdTkcEHGDyMdM13wxk4qMea7SVt9OZxd9Ul0tZ+SV7gsLQqQ9+KlzfEmk9LxWvVK+trNq6b7v9AfBXxgLzQQpcPbXCN5aqGKhlAKkSnpuyOeMcEY9fprSviDZ6t5EN0WgvgE8i7jICkAAgu6ZB+bA25528cDNfkXpniC4uJ5AGAaIbojECDMQ2DgjBAOOTkHOAQSQp998KfEO40+NDdTrFs8pxDO53EDAZUZsk5HQ8cgZyCd30GS8U4rLa9OUas2lJd91bf/D+uybufm/GXh7lmeYLEU6mHpSdSDTfIpPlaS5dVqrtddVaz6n9K37En/BRP4kfs269p2m3GqTat4PuZI4r/Qr+Yz2dxbsyo/lLLvWOTyz0HGPvZzz+z/xy/Z0+EH7cnw+i/aV/ZcutN0H4zaPaLquueGtNkht5NUltkE8kMltCY2S+DK3lyBcT8cZOD/Fn4L+JFlqcC7mcEhDDEXZmPHzMjEggg7ivTjC4GTj9Nf2Mv2zvHP7P/jnTda8Oa3dQwW9zEL3TpJ3W21KyLqJIJ4m+RnCbgpPUZ5J4r+i8lzTLuMMJCFSrSw+cQhGnCvJL2ONg4pfVcbFW5oSWkav8SDtJNq6f+e3HHAmfeF+ZSzXJ8PiKuVKq8RVwNNtVcHOMozWLy6b/AIU42vOjzKlVinGSvaS/TTSfEUnxW8LXngTx9YrpPxI8Jiey1Cxv4Ta6hNNbAxiXEgVmdXUg4GCoY8g4r8k/j3p1/wDDrx9pGtxMIri2uHju42JwyLKI94wRuUrxggnBXHBBr+if4xeDvCf7XXga0/an+AEFnpvxV8OWkV5468L2flxNr1rBGsl67QxFS9yqLIFdQWkAwQckt+HP7aFhpviPwVb+NLK1lhuHnEGowPGyz6bfQsIruCdSAYysg5VgvIBwK/GuN+Dp5NmKxuFoToUZ1eWvSSbWGqpxco80dJU5JuVOdmpw1WzP6s8DPGvBceZK8txWKjLNcFQjKHPLlqV4U5Km5Sg23GaknGpB6wldNbH3B+z3rU2pQ+Fdf0a7by57G2e4MEnl+XLhSVVgegPDJz68ck/sN8WfhL4D/aQ/Zk1+XUE02TxT4a8LXMslzO0cckMtpGJStyOWlSRUJDMxAcjkcA/z5/8ABP8A1sav4HvNIW/ae50a8iMShtzlHG9VU4ztAzjp8v3Rjr+v/g6fxJ4t0Xxt4D8P3k2mXnjPQ59Ct5y0gCX86mKMqwYKoZmUF8YxnjHX+a/GPh9Y/Ja+Nw8eXFYSKxFKqr+6otSm+aOvupNpX3/H+9/DDNvaToUqkrUcS/Zzg2nG7XK4tvRJq0Xey11tY/D6b4IeN9d8beBNC01pLTwvrzXOnae9myTRlIDLFd3OzB2JCQCRgcYHHQ/rWPhVa/AH/gm18ePDcUz6jNrolt01qZMS3EskoJ8gjDNGoJCRgnAHpXkfxi/Z+179nbwn8F9U8Z+K7iTxV4f8Xto2uWdoxVVhvJwLcWxT5Ss0bnzyOGPUHnb9w/tIXfhub9jzwT8Ory8W113xz4vkvbW1UAXU+kw2c11kRA7jFuRWYsMZJORgZ/nfh7i+viI5SqdZV6SxfLWSUo2+rVYqo5czd3s9ubpZI/U834YwtP6zaj7OrWVNUp8ylFKrHmaTV7JOKSvdau2jP4//AIbWuu+B9c1nUtS0m41qwvNQklRkdg4OWO5Y9uQwyQFPHQ5yor670P4sfD26jitr6O90S5cqMXVuwWJ2YAlXOF56k5O3IGeRXqtj8JdRudAk1NLRTBcalfeTJ5I2sIpnjVi4XAO1MlfVSNvBFeI+I/BzQ3kkF9p9tcRqwVn8tRxnG4sQOT1ODjqBwAK/qzKuKsPiKNOnGtCUuWK5W/eXM4Plte9+i6vTbS/4/iOG8Xgoyn7KTi23GTi3zK6avps07Wa2b2se92t14c1e0UaZ4g0+8aSMeXsuo/OAcZ2bCcDJ9xnH5cz4odNA043d7CuyBHKz71d5FQMeCAQQem7H067a+VdX8M6XDdAWc2oaTcK/yyW80iJuA6hVKgKuSMLx06nmszX5vHMulLpEWv3Gp21wRBDDMWaTZyAd7EtgnHO4lgNwPIDfUYbHxnq0rOyVnotU1dXeq0a3st9tPn8RRqwjyuGqT1S1urK1t003o3a9vVnHtF/wnvjyfU54nFnYXGIkUk8BhtK8Y+Y5yOxHOelfS1tbwWkUDNbSl1i2NGqADbtGwrx05Dcc49s553wZ4MvPDuhwx3Ngr3VwjTTSqoOHOSNz4O7BPXPrk16HYGdYnzD57FVV0KEsOAMKxOdq59RnPHavZVSm4x9+yaTaad76NabPdPut9Tjjh5p+8uTZtNdbpbX13u9b2vvZIxI5Yw4cm4VpvkCgkbMHgDHPAA4+owduKsLdskoSOeVlZhHKTIVABIGcYOOSODnOOmCDUsjAXLxy2ggO9eGBU7Sx+7kcMSBjB54OSemtZw6RJJsud8Yfau2RQEZ8E5DLtPQbgc8cMMAgDspOHLZN3vH4m02vd0UW1a+tm7aPR9tJRlaHu+7Gzba5VfTS3nq9Y7P3bt2cD6bNcRArcFAAwiYMCXJBABYHjPck988cUtn4f1hkDIDsjGd24OHAyTuGBkZ6kn65AxS6tZtChmtruOOzS4CqcgFRhck4OcDGVK889TzWY+o+JbSDfa3Hn2iKWBTB+XJ6Hlsdjn0xnPIUoylsmlpZ93dJ+6ukdnvbRO8rIzjUSve9la2utrRsraLaPvO3XR6lrUIJo7Jxc2nmRs5DSLH5bDgZYkclRg8devqceSalrFnb3E0C2iyZxGjTcNuBC4XIXg85GT1685Potx4qvtkcd9HH5cpzINpJBKqofgjnAAIwBjHOcrXH+ILSw1KZZ0jMbbl27RsVpAMBsDJU+vPYEHHXNK3xWXK4p3vezs20reaav0TsjHmk53i1o1aT3s7J6O7W6utvuVvDPHllFqFoWuFkVyzDyimIwmMHjHBIOGPTcSTjGR8J/CfwrfD9otbT7PJBC9281s7qV81d+4FCwwwwF/u5Q/XP3v8AENZLXTXluZcmNmCRjAEh6ADHrjHAAx0Jxg7Pwu8PaZLc2HieXQ4G1KC2C+eFTz8chSCeeVOR3bAzg0UK8sJXVZQb5LPdp62u3u+zSXknorHzfFePpUcJCjVv+/tC999FzN3d7Ne8rWbfRan1lp2jmHTbY30IkZk8ssw3qFAOM4BOQCOQT0xwc4858RabYNPtUtD5LEEhSI3YEkZOCcEAZG7jgcAkn0WDxdbTLBBIiWionzJIrMGbjGTyMkYLcH35JqpcT+HtQkllupI2MgdGCgeUGwQMdgeevUZOcmuaGOq169RSbcak72b7tdmnrbW61TegZDiqMaVOnBQ2h7zstUo27S1a2tseUvBaRxqYlMr/ACujQAqgIXd2x/EcZLYz15J29ToGmXdxA97aXV5CMZdAWI3DsQcblA6nI5PBPajd+H8Xjy6ddxw2y7dqGQMQG6k8Y2MMgEdQ3XgBfQNIfVNPs1jNilxAkefOiADOpbGCBxg5yQARkdh065cvImo2SSsnfWSsr2vrfTo2krWR9fDkanK1r8rtttZK13HTR2626bJUYtY1S0Be4T7XGCVxtI+TGGHIAUnA4yTuxnBOKoy+I9Pu41a6ga3AYrwAQrLlV3Z5OR97LHg4PPA25NXtpTIsts1oFI+UdHHGRkjA+Uc45Oeeeaij03w9qI89bhWaQurRMFGAP4iowVHUAn5cn1BwqVnHVrX4k1a6Vk+q7p2S0SS6M0pNu90+7TurpKPdczS1Vr6q2iTM3doV7CPLMIYthSjeW7PjBL85XpnBOffJAGIunSRzBrG6lVSMMzuSqux+ZSMknOBgqWwOAP7utJ4XijnZbeWNYFUttUgupyenU55yTjjsck1Lp2iXlvLlkk8vG5WyWV26jKDG3gDIxwDkjIGMpR1b3S2utPs6pNaJWslo7eVzopXlO0kmklKLaaV3y6q+qSt3WmyNGGO75hTLTOqEuuUztALdccgHkDvySSeNy0nurdmMsYjGwYaRf3jIOWVRjJLYJDA46YBrQsNRiRYvttvF5iMVITajMv8AeLcc+3HGOldRanT7iUNOMSL80ayDdEYsDaMjqQOSoOexz/FjKXLs/eb0V+VLayabdtE9dNVvbQ9TDwfMnpo1ZbXbSaTWqTdmr6u+j0uN0+00q/iZndyQrZLqyrwoJyecFQcrkjg85bkstPCx1m7+zwNItpGp8xmHGFxgqxPJA6jk4wOMU+6tES6RNOuA+4gCGE4TcxCksecryAPfBzwDXvmjaf8A2T4fl8+GF7iQYZUXY53gEbT1wRggDGcnOMGvOxNX2UNJcuji2rt3VtG3uvw2utj1KOFVZ6xTSWrSerVk099O9rXvfdXf5Df8FNNZ1f4Z/Drwnp/hXX720i12+lhvGt3MckqxKA6LIgDhckh1JAx8pHGK/Gf4YfGfxp8OvFNvruk6tqDMlyhvba5nlmgu7dmBnV1diGZlySeDzkEgcfpL/wAFaPEV7L4w8CeFdkkNhZaVJqCxsT5SyTltxC8AH5c88nueAa/Hh5A0ihC6hlxkEgkLkYx1OTgqT97rkdlRknRhKXxJLaVkm7W6aK90rvtfbX4vN60qeYTjB8lOnywsrrVKDktZX0baT1b0TSuj+qz4AeJ7T4jaFovirS49tlqdtZSzLGGxHdNgSptIDEbyQQT29OT+q/wui0+C/wDEmqGIJFo+hKFGAA8kURkGOTg5Yc84PYEZP4J/8Et/GA8ReEdN8OOxi/sm8kjlMhbMqwoHGM5CkE5PAGfmPO4n96rWwfw98EPHPiohkkuf7SjhkU5LL5LLFtIOAAeOcZxzjmv0HJK8oZXi6slZPDyeqdneN27O9ntra99V5+DxQoVYYCabkpVKaatf4uVPft92jP5p/wBtXxhqfjD4na06zM1paXl4PKZiyu/2mVVbPfGOAcnAAUba/Rj/AIJX+APLsLzxldxvI+nXdndRgrlVk3IEVAQNxyAcjoSDngmvz8+M/wAN764h0jxZc29yv/CUa1dQ2qlG2Sp9qZiwkI2sXYsDngc4PQ1+3/7CPg1/CnhfwppMZSBdS1/SBew44a0UxSP5oGCVbJAJIBA55JNfzjxpmc8Nw9nmIw6lKrOjXjT5W+ZTndKUbJ2afw7u2lr3t9hw1hadbO8so1FelTrU5zVr3jBRaurbJ2fRfNHzd+3rpmpeFfj8niO/tZrlNVg0rW4HdGWG3limQxxxqAQASBnGMkEdOK+iPAXxTm8WabbajrcxbX7+C0TC5JNnBCsMMaMMY2xoQwHcAbcni3/wUNbT/iD8frLwz4cgSaPQdNgtbtUG63M+QyIGAPzBQDgsCMjBGVBn+EPwofTp7a81FFDWdnCREgxGjY4XGOpO0t6Ec45z6XhXl/sOFMozPHUo08dWwcVKc4/vbSelm7SXNq9XrddNvouJcQ8TnuPwuHnKWFp10/duoNxtqtbXi3Jrp0tsQftDeIdN8CfCDxTrDrtkvdIlt43kO1hdXYMagZzlhuJ55wSPYfmd+xZ+z1rnxq+JHhTwJpVtJLf/ABB8R2q31ykbEWehGcS6tdvIFxEiWhlw77QTwSvGPqj/AIKD6m1yvhD4e2VyyNqF3HfahaowKrAmBlhnhQAWKn1B9RX2l+xrb+Hv2PP2L/jX+2t4qit7LXL/AEC8+H/wfjulCSyXU0D2tzqlmGw3mxTyMd8Y+6Oc9B+vZDldPOM4pSkk8Nh7Tk0vdT92TUtLJLlcpLW0U3eyPwrxc4pfDuQ1qOHfNj8XH6nhYxd5OrXUYJKK1bbdklrfR6WPz7/4L0/tjeHLS78HfsafB29tofhr8CdDtfD9ythIq2+p+JLeBbe8uZUiISW43CQSMRkyfM+CSa/k01GaWO8Z3BfzZN5LEAneSST1wc5wOvGfWvc/jz8QtY+I/wARfE/inV724v7/AFXWr/Ubq5nlaRpbq7uZJpnLOcsuWwGJwBx35+fWkuJrnfKFG5s7m3L91eCF4yc9gcEc9d2PC4qzFZlnFWVOX+zYa+Hw0b7U6bSu1fV1G5Tem8nZWTtjwBkMci4cwlKpGMMZioLFY2bWs8TXjGc25d4t8iWtkrJH6zeClT/hSPhA7dweHcdxJZQR/D6+/c4GQM8VLaFdwfLlVbeSQQqgg/gQMgEc8cDGMDovBdp5fwM8I7nUmW3DrJjBA4G0bupAHI49MjpVLTbWTcS2fmZSqkEh0JxltuADg4Izj73AOTXyeYQnG0pK75Yq11LSyWutr7NJ3Vu/T9eypL2UFeP52Vk7N6K+zbTXS12cNqyESEIyFxuCKgI2hiOS2eRgkHIyc9zk1l6TCRdMgYjzJAVGSD7sx9DnhuMkg45Fdj4gsx9oEyJ88JkdwmAoByAMDG7PGVxjn3AGNYWrPI8wwWBAdMANydzY6ttHfHIIJ5DE1wQScLL3e+y1uno9Nb6t+V7vd+nDR+9rqk+ttU1qu1/Npp3dtD3/AMG20vkAfcCqoj2kFmyVy2OSRjuNvHOAAAfpjwhblfs4kcZkfO3jAYYIBPIweDuOA3IHAJr5u8FNmOMbCEURjcOZDjOVA56E5zjHBJwcivqXwtCjRwApzuxHgYY55w3oOh3HLHHU1inyzeu17tdvdva+mnW/WzWg5x99NNpxUW0nb3U4rRpa63vf5I86/bAaGT4GeKA8YZF08Ru+0gbsDr2OB933Oec5P4DeHPD2ZYr8SqIQ6syEb85Yksy8kKuSTx0wATkY/fr9r6KUfBHxRBu8tDYgsnU8DnBAySc8OOuRk9K/C7QdNMulSqGZHlgJh8tstIy7+GPG3qqhc9D7Yq6sp+y/dzs20pXeiadmlbRbJ/O54meSUa1LmdrU0233bV9lfzeqJ7x7eKby5LdVi3HzJ0XZ5kffauMtkHJxnHP0qrqOk6ff2oaOJI1cMsExUIMYx8z+h/AbuwIrzfUNf1KwuJ7WbB2kxeXNksoBIByc5GMYPX6jFRDxdeTWq2spKIhxEqHAZsD74PUDOVKlc8/Mazp4PFR5JxnZWveLvpePS+t1Zapq3V7nhcuqae9np2dnfazdnZXv383avfDc1vDPNbRK0cG7c+8EHHJwuSW2nkEMeMYIGFPGJI292B+WMcrk46kHPPXGQTgEgcYyM9wviFFsXtriJ/M2Mkahs5ZgSd3J3A5GDkY59RXDSGSOR2VCqSkkMwJBAznIPTgY6d8YJr18M6rXJV1a2dmm9F0+ev3PfVJc2t3bo7dvK2ul2tVZvXY9A8EeP9f8JalHqGkzvGIYiGgJyhU5yFDZUcZ5XHrwOB9JH9rXxNNp+naXYtNoxtpPNe7s7uRA8q9WCh/vMQQ3Jxu7ggn4mFwoO/kFvlZsYXaPugKMYGCffIz1HN6BEnZgHCqVBUAnDn0HGByOQTznB4Xnxc04TyHN6sMRj8uw2Iq03dSnTTd1bd6XstuZPfzPbwWf5nl9L2OFxdWnTmknCE5Wv7qul9nRN3V/Lz+m9U+PWr3+vz6w6JqG6NUvvtrCZ5jHtBkVmAPJ3HAOchsAcV5fr/xR1bWLtns99qjLIVQsSpVmIIRWzgLzwBz+h8/jRZpZUJEWxAoCZxIQOc4wMD+P3B9GNXNPs5Ib2F7jyjbRgPNyMhMq2PUgc8fn7aYXJcrwKh9XwtOn7KHJSjGNlGKStGKtZdumitutMa2a43EKftcRUnztyk5P3pN2u3LdN37vbVHrPgWZdXdmuBCYI43knaaMlhIRjcgIwehYAEFSCwH3a9kUR6HoSSW1tDqNtNPiO8hi+YZyXgklAyCwYgK3I64FeBweKH06KYaTDZyRQnzFnXCkoy4KsnGSvOQc4Iz1yD22lfEC3u9I/s+9lS0tFuBPdJHlcyHH7yJ8FcjoExkkDBOAK8nMcPiaknVhGfseZfuk7trRNNJ6XWtrPZbaHiv2kp3lq7Xer1a5Uu66XtZpNaXd0ey+FfH62eoWUsKtNbpDNby2cymRLbAI2xDghl5BOCeOec12ev8Aiu516ztGs1tdQu7MtMluyKXitlDErKNp3ED1AJXjPGR86XpsNS0pb3w/eC3mjuSkjh8zXX+0dpypYHGAF3clQw63/h/r17bX5jaVIyqSp58pwZAGO9HRuTkbmHAB6DJPPkTy+F/rNFTVWlq6TvGWqgrNJ3XlaK1vppYqDqLdXjr+KjbbzXayfRLRbeo/Djwj4qibxDcxmwv57hk1CGIbIAzkgmMKAARncOdoPIwTk+ZeMfgNfWUS3fheKa+gCMzwuCZivOJItv3gQc7VBPGSDya+xdFn8IaoogvJ7ZGYEb7YqFe4OGCzRL05BBPPJ+8CTjWlaLTr+2m029sbqzjgKfZlkVmiVRgl1HQZHyqcg9MdDWuE4hxdKpGmlVfs0v3dWLcXH3XaMlu7X3sum+/VCj7RXck247Wsr+71TSutX3121PyivdMu9Ku3t723mglhYoyyoUyy9Vw3fIPTqfXNV1mYrgMvzN9wY4UZJOOME5zng59e36P+LPhxo/xJ0m4a2tbZNZWSSSKe3UJIHOdiy4xvB9QD6nGM18CeJPDl94Q1W+0fUIxFeWk7RyeYv30YthkPCsp2qeBnIIPy819zl2ZUsfTbVoVFbnp9Y3Satq7r/h9WROjy2vJtPZ3dtLPo7t+X3d1Vt/JmgfcwDx7mDEFnk6Db7beQRyQDjqDmOa2YvtACEhWUMQNyk4Bxx94ZyTwCMY6k5SsUCksQysGxn5euQRg8E4zjP3jwMgZ2TfqyxzTiMuUKqAMPlRgE5yCeefvd8jHXvab0W3vS3srq2l3t0tr5WdxKMdmkklfbr7t3qna/3vRX2NT7FatA0eESePlWBGXL42qBkZIwR0zj3OBetB5KNauhO4bw4HfoMDOMYbhehJOM8gcjDcuXJyA2DtIIAwCccA4Hyk5x77u9dkjwsYZHO6UAfOuAuSOVJwM46+h45JFc04SS3b5ndy6ppxuui3SV1pbVpvVnKmtNH96t7t9Lpb79lq7Pee3t4beaJnV2UgYG0rkP15PzAAAcAcdDnrXUWVvG5SZgVkjfYsXBypweAchuSTz0xgds48EEpVZ2kP7txvRdpxF91Sd2cZyAeO47nNdloNrDLHIsshErEsmCCAoPPbhgMnqATwOcA+VjKvsYc2nu2vstElZ976O2/a1kcNWErpxTb+03ZLS3Lvqk/dT7dVsje8KeJ9f8IaiuraDfT6dcwSoS8bhVKhgxQ42h0YADBLDkjPGa/THwT8RPBf7S3hi08F+MZLSDW7a1eKN5NsN3Hc7Nq3Fu5wXQtyyAnBJ/H81L6whMJjjKrmNT50g27i2cfKBgk4xnsB25FV9H1DVvCOsWGuaXcPFf2LrPDNFIUU7DzG4X7wfGCpHIHPIGYwubyjTVN1JJXTUW3o3Z3SVt9NVpbZ7HflmOnga69rD2uHqNRrU5apwco3cGrWb5rrre97209G+Lvw38Q/DLxVd6LqURlsPNK2OpQAtbXlt/yzYSgFRKq4DrxgqTjgbvOIZEkmRFICY2vg5bI5yBkEn2OScAZ5Ffd8fxl+Hfxk+Hl7pvxBhGmazZQqYfKC+a90i7ftNtKV3IGYbpEDfMwI56j4G1mwGj3V4sU8jWkUpe1lbIaSPeQrMSMhiuM55JJ9a+iwmOp14wUqkXUu+aMZLVWjqlrrZ7Xu39x3Y6nhadZVMFV9ph6iUoRv70OZL3GrN3XV/ftc2b2EO5hRwVdFckkhx2P3gcnHQd+OnFc5dWzRny1w24lg2QGAH8P93t04B59Ocz+1JWMjySL/CV+bqhIGQMg898/kcUkmrjMZ+V8Al2IGCo6bccjtxxweQDkV6CcVrdNK9uZqy+FXWjWitu777p3OS6avrZaXu9/d9XZ+ne61NeG6mhKkMpVU2sAxGwAgc8+wY9AM4OCK6zS72C5BIPmMoI2jscgk8AE5zkZHXtnFcDHd25Rm2nLgM6liAAfujIb8G5OemTmtDTvNtWZ4X+Z/3inftXk/dzwDkA9GPJ4HYuM1ZLnT10td2vyvXTbppa+m/ROPMre6722V237ttrbdeySW6PRSYgu4kEONzK/JDHI2NlVwGGeMkZJPJGA14Vl2MmUaPAQElgQeTnPQA5PQ89x1qhBfeaiRyom51yVG0NuUcnO3I7deCe+c5v/OFjdTuUY+6SQpK8ZBGSBu7g84+Y8mulSTjHbvdpt9HbW7XVX5b7fLmlF663X3LWy8raK2j9VqZcluXEuQS24bSCcrkdQMYIHB77j054Na2up7C4by5ygRgztkhmUAYyucDrnAx/ETlcmtNn2mT5fmUAtkHJYfdKjB4x1GCcE4yCKy7+wM0bvHgFxlm6GMkryMHcc8A8Eg84wSanklHlcbpO192mtI3abV1u0te3ZEpK2uyfq7e71b6X0uu/kztbLxy9i6mOdGiwAzBiAM+nJIcNjqPlz24NeyeDPiZpryCyvrlFt5iESdiqmNmAAWRehU9SO2ODya+HNRa6sPNCOSqkEbdzEgHrxkBsYJJ69umapWmv3MUkTrKxJwXVjs56fIpwSR2PHPfnAwxNCFak6U43c01ezvbS0rtJq+z200fd9uExVXD1YVKb1TTaWzXupp6WV9L9NX11f6/+EPHniX4X6jBr3he9ebT7oq95ppfzNP1CAsGZdvKKXU8LjPG7nBr6a1/4b/Bf9sPwlLNpbWWgeP7e3YzadIYobmO7C5LwKQrSwvIeVBwM+5Ffkv8ACj40JpkcWla8x1DS5isUiysJJLUYxmMYY7F77T2OMDOfqC1j1HR5bTx58PdWlaOJhcCWxmK3FuxIk2vGjDegOQUcEnByOWx+P8RcJ4mOLWPy2tPA5lSfNQxVFNQqbPkrxVuaMkknzXaT2a0f9K8CeK9HC5e8g4gwsM64cxcVTxWXYpqUsMpJRdfCTnd05x3SjZX7dPj74z/s6eN/g3r91pHiLSp/Jilk8i6ET+RdRBmCPDKFwxIAJw3QEdxjwOWyeGRCgKCMlnRgQVLdipHJPfjjHPXFf0K+AfjR8Nf2gtAT4bfHeytbXWpovs2meJpFRHFxgJG8kpKtG+/GQ24E4z04+Ov2hf2H9d+G15NqlpanWvCGo730rxFpsZmt2idg8QuHi3hGVeOeuMZOMD0OHONnUrLJuI6ay7N6doU5SusNjVdJVMNPSN5LWVO91uux5XG3hNQqUKnE3AmIWbcP1V7Wph4JzxmWylaTpV6UW5JQTdpWae9+r/LmC4njk+RmRVbL7c4Kg43KeSCCD8pwenPJVfWPBfj6+0iQWtxM89jkO29y0kcec/LnlcjBxwMdyQppupfDHXdLv7ezjSORb65S2tpGwI2kkdY41YnOCCw6kY542ivpXUf2DvjPpegjXbZdM1MzWkN01hZzRyXSpMnmp5agsXYIVDAAYOcgEkj7rFYzA0qKeIrU4KWkW2rfZabkrpculrdXqz864Z8OuMuJHjKnD+TYzMXl0YzxUMPSc5UlLVKUV70pPldlFcz5XZbiaPr1jrVstxbSJIQpOUbEiDGQGGMsecYwM969q+HfxP8AEvgW8juNMvpp7FmIutOmYvBJGcFg0TE9RkDap29DjjP59SW/i/4c6k1pqlpf6bdW85S4tbmJ4SWUnLKGxkADqDycDNe4+FPiHp2sCC0unSG5LBTLkLuZ+ArgAbdwPU5DMpPfnghW5eWVKoqlN2lGUZXunytWaurPvslZrdnBicLjMDiKuDzDCVsHi6DdOtQxFKVOtGcbKSlCcYvveLTa+aP2n+Dfxxlv5I9V8AayNI1tgJNR8L3VwRb3u0bnECMVG8nIUqBycY4AP6G/DP8AaD8MeM5k0bxBt8M+KLY+W0F0wiiu5+hMMhCrsc5JAwRuPBwTX81unahqOkX0N/pF9Lb3Nvsltrm3kMcgZcOFcjG7GRz0Kjvjn7M+Hnx00HxeLPw98Qp5NE1+NY4dN8UwHy8zA4Vr1gd3BA3OWBzk5GOPdwWZyi4K7b2cb6Npp6dNHbXdWs09UedVowq7wTb0Tt6Ws+m1lt117/uz4t8H6D4vt5tP1azWRpEMlpexbSy5GfMjmQZbOeAOvYbsivjjxt8M9c8JT5AmvtGy32e8hVmliUHgTj5jhVJHXtwOq1n/AA3+OXiP4fSWWj+M5G8ReGLmNU0vX4ZfPjS2cARy+arEsAAGPOTjndX2lpnizwt4u0tJbSW3vLa6ixEx2yJMHAz5qAFo2wxXJG/JHOcCvp8PmCqpJNbLRu7u7PRvTSyslp3WjPNq4Nr4kuykvN3SWtlvstFqtNEfnLf2sxh3CJnVWZhMi4lAAG8nG4jPBwQDnAGRgDNtNSmjc2k86zQEhhHITuAyScEk/NtxxnJyD0wK+uvGPwpQzXN9ojpECwaW0H+qfgnERLYGRn5V6EkDgEHwbVvAhzJ5kLWl6gYsjoyruGAHQgDjJGffr8y5rplWjOKu1J2Xu222eqetvOOrVr+XkyoVqcrpu19rafZ/ldne+uja9bo5j7DBO5uLctcxyooCgEvF0ywb/ZHVW4J9mOGWVvdWV3vi33NumRtVT50agEthsEqQMYyP9kgGooodb8OXihoflfbgvxFJg5JB/gOMDOCGOBggZrv9LkTWH3adJFFqSnM9q4CKwJAwpyM9jtyzbQcZ5Ncrm6b5kmnda20tZeWid3r5u71Z0RcVFRn5LRbv3U9Ov3vS6uY6y2WqQPHcxTTwhvlZ1/f2oPBbJ+YgHnr1xwOTW1Y+KPEXgu1eFGTxJ4WuBsl0y9AnQRENvTZIrbcruUMenDYBBNdwmgW93m1nt2sb1UDOChgZyuM4JwJFLY+QZY5GDnOKl54cu7Odfs7RTLx5lsygK0YHzAq2fmJyCMA4Gcd6yc6WKUozShNfzbSbsnyuySbbVnpru9RRqTwsuane3uuSd7JaO97vp0u+6Wp8ffFz9nbwD8VrS58TfCuW08P+JpUkm1PwlcPGsMz/AH5FtQ23DMwyqqOrEEEHA/H/AOKPwo1PQtQvrS606bTNTt5pTcWs8RTdtLAtC5GHDDJ+Uc9umB/Qdrfw1i1dv7S8MmTS9egzI8UcgiUunKhegBLHg9MEDGACflP4t+C4PGdlcaN4+0mSx8SWiOun+IFjMb3D7iqJK6qBJkgYc54yMjcK4lGph52m+aDdrtapNRbdlo7pLa7tfd3R7mFxsK0eVaSSXOvP3eZtb67b3/FH4BahYz27vHIh8yNmUxMpBG7uMZznBIycDnjvXNpBtkOVJY5wjE5xyuSRngZGO3I9OPqP4v8Aw61Xwjql3DqERV0dnik8shJ4TkJIrqAD8p5BzgnPXivnOWExyMjRZcYIfHO08AkYPGD2IyMHIHA7IuMkmndNXV7Wu7a3tt5PXS3U1lGM2teVu2mu2mis72aejvpvfvl7EkjEJI+QMcLkMOeF9+D1ORjgd6gezKgxqrFAdwcsFZTnhRxyDwTwDgfluPa5ZUjJBVWdSRhmzngknGeMg4/DrVERyqSpbBOQ6swPy8DJPHBwOvrnHXFKN9dno1onqre8tUlprZp76E1aUZK0uqT0a1vZ36LbRN3tr8sbY5kwAGKgMwwQdwODknOWHOOeRzzVu3fY4zINrE4UjLZJPUeg24yckcexp5AEuNgYlScpkDjB+bvkgEn8ABjmp4rQXA8xWBIJBiyEKBjg8Me+VIYZIzgetJQWm7jGWierbvG+mi31Xm38uKnQfOrO2ttX1drdL30ad/Ldml8z5diVbKjGflwOgXoc8ds59gdtdz4O8ear4VuQ8Qhu9P3qZ7S6VZI5EyA4UMDghd2cBQSMEHBB4xbJxHEJAAB8ytnknIwc55Az+GcAE8VK9i6RN8hRywJbkjBPAPGMYPGRgfNnOaqVJylZxaVtZJtXfupJtLbW2r19UdyhVoSUotfZXWzvy6a72fS13a/c+0dO8NfBX45Wgt7M2vhjxXLGT5czLBC90F5wGwjmRs4CgdumTXgHxG/Zl+I/w43aoNPn1jRy7lLuwjM8Ij3Ha8wiDMuVxgkZJOSOePLIbm90+4jktJmilhKsJonaORCCGJ3jB4+8OmGGCSRivuD4K/thaz4NittC8YadB4u8NviOSHUBHLLChO1sO+QxVT8u7JO3AzkKeKdDE0rzovnUVflk7OzSdotvbS2t15ttotrB45OGIgqFVaKpGNk37qTfR3a81v8AP4Htrwm4I1Jbq0e2UQJ5ZdJIozwUIONoJ7FcAHGMANXoeh/By88T2brara6pDcq09vdNdRRXEMh+dkwTyU+UlCM55GSDt/VnxD8Cf2bf2prE6z8OdRsfB3jS4h3GyilSJTduhPlz22QJAZBtLRoNuPQ18JfEP4C/HX9nG/k/tXQ7nVvDUMrMupaUs09m6lsLMzxBvIcjBIBCkHkY5G2HzJTp+zqNQqWs4zS0lpbS9mtd1dtrTqeXicjq0rzjetTbUnKmraXWjSTutv8AgNNnMf8ADMljp1ho1zBrYuru4m36hZXCeW9sq8mOOYMP3ZKkBjkY/OvPmu/Fvw61i+MMd9p9tDLttZZJXa3kiD4B8z5kkB4KEc8Fc5UgenaT8a4Ll7fzrWTT2UGC6kkY3HmLz8zqwJXnqR74wFyPRG8QeG/E8CWmrHTdQ0+ZYrc+Su6WOWRgEZQOcLle/U8nBrrwuIr05rlqLeElKDcUpWikn2vq+mumuz8LF4SEYymotSUb622Vle2vW/f/AC9R+BPjHxj49027udR8PT6pp+mQ7rvVbSJnjj2IcMzYwQowW655yADk934lttMvrd5rZmuoUjZ3QBvNjYZYKVzuAVh0IHA6r1r6H+Gtz8KP2YfAEWqWuqx63p2raeXv9MmG1P7Qu49xgCMAW8tWG0HIAHIwK/OrxF8XrbUfF+ratogW203Urme4OmwNvmtIGkY7TGCQFwdxUAADhQSK+uniaaw1KGLquUqsVdp3s24qzasreuy3PlMiznFYrHY2l9WcKeGqqnSqO95tNJu8d9beUVpa+2XqPjrV/DF/cz6NcX2lXGHi+2WU01tcNtb5QxRlOdo6KSBnjoKoS/Hrx7rtu+n3viLUNStZR5csOpzzTNlBjKb2288A9+QcmupTxN4J8YW8mn6lDb/aX4W5iAjm3HqXThlccjkMCQecAA+ba98Nw4E/h++iuY9zKyBsTblJB3HOVOO4GNwOcEla/Ms58OuHs1xv9qVMDgsTidHHEToU3iIOLjtUcXJ2s7K+qel1Y/W8v434gy/CLBYbNMXhqDi4zoxrzjSd0lJcnM42bb05d312OLv9P0e+vQ8+kR7rpi8zbFcGRx8z7gDw2cjryR3pNGsJfDOsR654eaSzvbC5jntLiE+XJbSow2uhGHUADnknjkHBBuW+l63psrreRSKSpC+arSLhTglXAG0EAHOSDwMYxXUwT4UfabQcoFyEPzZON4G3knDHGOPvEZrOpwlFU/YRi3SkuSVKScoyptKLi09LW0ab6el+OGf11WWInUSrQn7SFeN1JTTjaXMm5J3d09LbrY938GfHn4j+LNUOj+K/E97f6dCPPjtbqdpYxKEIMjZbbuk7HBPPvmvVG8SrJsd/KVsuqqeQ+5gPRuACCDkY4IYg4r5N0i1gs7oXkCAFl3OoOGPJJ2jnCgnDL8vAwfQ+mWOqyNsaTeDHhowcsAnByxJGCTyeT0B46D6/g/hnC5JgnQwuEo4Wm60p+zowjTi5ScdWoxSvdptrd9bHkcQ8T47M8T7fGYuviqkYxg6labqTtHRRi53bUW+jstdNz3RNUjkKMnykAKNv3AW64PBx1xldoB44xV1NRBADBAq5VmDZZueQDkkdPm559j08aXVtzAqzFVO9yJCAxLH2z0IyMDoCDk86Ca1KqJtADMp4YtllznPpz1AwOwya+4hg0rWkk7q9mv7ullr122tdLqjwFmkdLvV2sla13bS1mntrd6W37eqefFK4JXYoAbJGDJ125BIwMNu5wGOMLVbV7/T7SyuZZ1KRRws0jfMAMA5AJICnjKjnAB47VyFlrblcFjgryXOAu3oo7Z6cYB4wR0rK8XXNxeeFNdhinWJZrSTy5CQWDhWI+YYO7AyM4BO3+Hk4Y1VaGErVabcnCnUcbJuzUb97Xvvr0Td29N6eMozlGLsuZrV+Vnra1tOtr97HHn4jWDPeR6bJ5jRFvLIbAjCHCqwJOCeTkHsD1yB0Hhnx4bu3Z79wzxKZI2Uhh5SE7kZsDHouRk8gZPNfmnbeINZ029vY3kuSsM0hL5YA+UxGH3HJQr3znHT27/w348vYVnnL3EduxzJjcyljnjGASrcZHGcr1PFfhNfP+IJV6lSlipWUnaPvctrp25X1Wl36dEev7KkuW8U47taWS0d120av/k7n3s3xi8HvdGCOcR3IjUKmeQFYhs85wSD0yAAeMHjorLxloOrwyPZXkP7pAxWQ8LIcZ6knjHy+nQEGvzY1CDVdWuxe6VKnn3CtKQHCMoJOCBz1AAYZGM8e1uz1vxR4ZVHvZZEgbi4mjDFcEkYbGMMT1XPOSPUjpwvFPEWHftaklXp3V4Si4vXk2d02+j0Vk3p1JeHoykklyPR6Jf3U9WtXfp5LufpxoHijTLm7eOC8hkdcF4vMADMARtG4jGQScYHfGcYrsLi5bfFLACMsXTYRxjG7GORwcsOhHJJwDX53+A7+48Q6hDJp+qFX3LNcBDgBSeMYOQ3y5ZB15yO1fanh3V54rOC2vJTKFUxrMeSW4BL8564YHjHcdq/QchzzE5zQqVK+G9i42ipK/LdpJ3SaemrfTXSzNoWw7ik07pvV6u7WyXZu+rt0toev2t4L2FUkmXz4Mkjbnzgc8ZzggqBnjJIA4BNKZ5ElkVYwEUgsG5CDknaMEBevBy3UHpmuLiuRBIJkYx7wSrN9zKnduGOpOcYxjLZPUAdTYXw1QRqB8wXMzRqxDdRkYycEcHH4EHr3V6Spxcrrmk7NLZPSzXRa22v11eh9BhcROqlFO8ko2tqpN8tt/kt+i6ttaKeRPGI2BymXWRF++ORht3PqG4zzkEYqrNbsoSRS8UJdcMgGVIwM5B3ADjaA3UgE8Vo4SMPHlEVQRC+PmJxyGORknHPUDGepJql9pCs1tLhSqZUHgSswIDde5+6QOnbg1wezU01ezeyv7rbcet31u03a6WiWjO32nK1J6Nv5JtpWT06u6bauu1i6sjytCvmjzQ6AQMvEygH5yMMfm545Gc7gQa1Q0cTeYB5Ls6o0e0bS3GG5X+997HHQknqOQSB4m+0KXzliUU52bSSNjd+RyOc8Z7VsWt6byCUSSB5ACSh4K8fKy88v0O0HqeOa8+pRak0r2Tel279V1urvzta/lf0qNdSjG9+1lbTVPTXmv0000fUs6ppUM+0l0t5DmUPkMrtj7uASQpwBhSMH0ByOamhlWIo0e2PDLFIgyyvyTluuCckNyDjt0G5bXPlRGKffJE/y5YZMLM3JVT2KktnIVccHOGqS6syypGrlYgheCXnJJBGM5wM8AEkHjHOAa8ycZKUlfXS7i7yjzSSV9LNWV381puXKCk7xdnbVddUmrtq+q30e97bN8dFdSRxtAWDTRgtkfe2kZ5bA3HkjH97uTWhYzXCSQzLM08UYzIGKho1VgCoAwdwwOCOmOmSKo3Fi8Tut0hjmkYqkgOFYtypBHHzKck+vykdBWZDDNbXksbNIqAYEisz72PzYYDIwD17AcgnNTCjdtvVfytp66Wvfvb56bbHP7VU5uLaT2Sbcr6xeqe0tNNGr76K79Tiv7dy37sB8M6FyVdkdWBzu+8VHbo3PQGs2eODerQuJVYjcCCGCryeQTtYHIHP14yKwrK4uF2O7qx3tEshwy7eSRlemRyD0GeuMVoyM6Ot1E6pkbZFHKKNxJy3Qhs8HHU4yea66C0a6Ky1Ts3pZ6uzu7ru/PrnUqyunFXu16XTVkns9L2fe172NIzlrcllxbsWiJLbjnJC7uMgjocDnJFYN/ZiTbLHHJFMpVSA2I3A+YMHUcMOXwSeCBnBGNyGMTR7o2DKzsWJyFGOrMAMADqvBBwOxwGzI52zZ3wsPK287QwU7j15GOASAOffjd0YySe9kla2utnte2y0au+t9zB4h/aWu21n06b63st/xMN4TseORstgSByMhuhA4wF5yMcg8c+ld4FKvJtaOQIqNGFO1lzycYx0OcYJHToa0Wtnktyw3BhJgxhtqhFPLLuIJ68njPPQ8iOWB2HlSSEIVH70DDliMDk5+5kA8+nOAKzdJQaa1UU0pJ3a21aa1V767dXdIUqkZwWtm+q2Tur7b6XV3a3mjAuZIniZRvWDhWRg58wcqGBx2bkAFsjjA78TeRyLIsafu3hV3Rh8pdAT6nPIPAHHBzgkmuyuNPvI3VZJCIWzsY4I3biF9Bg57g88E7usFzamSHbOq+euWjcDAYDsxBKrnowJ+bOQSel0q1mr8y1i46WtomtbaKz62b13VjzsRSU4uMrW5dNLX0i/NL7n1WqscBdw212jLPAAZUYPlNqOpGCzehDdSOm7uOT5rq2k3Xh2USbTcWE7Fo2HIjyQSMqT065BxwPpXsosJplOQfOUlRGeAYs5HJ7Hkg898cAk3rbSbe5ie3uYhcWj/ALt45gGERbIVlI5zkgggZ2gAccV3e1hUSjO6adrq92/df4vV3vbW11v89Uock1KKdn5Wtflvst7/ACTXS7PDhBaXsSvvcSMqsJB1YDBCY6A44685BOM5q/FA0TK3lZ2LuZWLYcc/Mq8YAyC2SAcEZBHFvxH4Tv8Awrdi+tka50Zm5cZZbfcxLB9u7O1Twc4+o5CWWppdp8ro20BGkRei9gSWJGM9SByCM8cS6Nk2ktXzaJLR73sm0+6unv024q0aiTa5rLrazekbN9Fe+7svKyTILyL7RBJGgZRjOfm3ZGTxnoo4yDxjjAyK8wlmEckkUpWHfdJAkhJJZyeABxwWxnBHXIPFe5NHFNFhM+ayhQQpCsCehwOTxx6HDAccc8vw5l8Ra0DbRgR2kLX1wu/aqtD84fDclmI5OcEA8gggcWMUaeGnO2sF7t2l8SVr9dbWtve2utj3OEcqqZ1nuX5VGlKpLGYmlScVZtRlKCk1ppZKTd7WS3e79k8L/sz+IfEPg+XWr7UngvIrB76zsYbcyxzxMm+JDIoPzOCBzyODwa+k/AHxr+JPwh/Zj1H4HaJDq1vYeKdYvNQ161kEhSNdhj/dddiSIikjPTBIGa+DrH9pz4g+BLy50a31NZrCxRofKmyxMKOYyFbJ6JlcKAMA4HGa+ovA3xavvFltpEixx3kGvpHbCSeIf6NNKVEgKYJ2KWOTz1Aye34tmeBo51mNNZpBToYTEQxWHTWirUJXpuN23ZW876d9f9P8v8D/AA8rcPVsHw1iK+Ezl5eqOYqcuZuUqcfaVZRbeinGytbbd7vhbG7uL5kjuNySq2CM52/IPlb3/IdxyeOphKy7UeNiygxscY3Z+U/L1U5HU4JPzKQpGG69puiaR4m1Xw/FqFtB4utZzczaWZAsdzaPGHSS3DHBJBbGOw+baAM1bO4EgkMheMh1DbgVZSp24554Pfntjjk/qGXYlVaEY2taMbJ7tJRSb3Tbjrr21vsv8rPFDgnGcF8T5hgJVI4inDE1eXEUXzRlad0pNbNJ6pt6302ti6xphgkN3b42xli6AfOuOrA4Jxgg4/Du2cqzkWdpHQCORTkBiCpOMe4yenGcHHQjjvGjV1kBwxY8ZOVZMAHdyCAcgdBySOfmB5i/0UwMbiAsFKlmjyF2tkn5cHGBxxg9TtHArsd2lazt8nfTq9tlu9NdGz5LA49SgqVZ2aXuye9+lmuz3T2W+l0Kw3qUdMK5HzJnhgu7gDoD1IPByAMcinLbMjo0RLHH654zyQCMknAzzk+pbZBpIl3A/uzzjoR1ycntxnvuGB76kY2/vE6cfKynr0OMHP5DvzwAKScbabaaW1d7d/L4r7LXTc0njalObV7pWeumlk/nvqrLXqWLcywhZVBJUFpMtgDDAcYGMHJILYGeua8k/aN16dPhVf274k+0XtvGJDgMvIIUHuFwCPoST6+xEq4XpHnB29FLHkn0Cn0BB9OgFfPH7TUrD4bSIoYA6tDz0X5cHIIz8uOg5BOQc8iuatzTTVrpu3Xvf522Vlbqnc6MJj3UxFNO2soqySu07K3nZN7X6+q/Oi6BjEigndI5CjJKnrgjOckY5B5wDgZFfrF/wTp1HVNB03xHruj6pd6NqdvZTWUN/YyNHNGt4hSWPepDYKEqQCByee9floIfOFuzqSGaRi2ThiATxkY+nTPBODmv2a/4JffBL4j/ABjvm+Hvwv0A+IfE/iGK6urazEoiUR25w7SswYIoAIzgDAHBzxxPAUcVJ0cRTjUpSpvmU0pRaXI1dP8ABpKz8z7bAZisvqxr8/suW0YzTtZy9mkk9Hre3Rq632PWdOlnXxNLIsj3TR3MjXE8xBaV5GZ2d88szEnJ5bJ6jJr6T0DVYtOubG8LukmQ7hfuPvb5lO3+DnoO5HTkDA+MfwM+Kn7PHizUPD3xb+Hus+EdThlike4u7SYafdJIcqbS+KiGfPJG0jAz3OKwtK1HSmMbm+yzKjNE8gBUHptBJwOnygrnB4BHHi1Mpw7m4RilTu7RVlGKfLbR9LRtaN9NbdT6WhnqqRlUVaLk5c11Jb6K8k2r/DZ+mqVrHm/7V3iubV/A1xp13cRi28M+JrefS4Ii26CPWMvdKpJztdkViASTg+lfNf7Lt7C2teNEDsFCwMARuOSGbBXOARwORnkH1z6b+0M0Vz4Z8YqJFdYdY8PNGQwLhWjlIDHg4I49SBgY7eLfsvxs+teNFTKHy7URN0AY7ieMEEcZJ4xxkHjHoYyNOjkc8JCKUYpRi7fzSi7aadrNNJpp3vc8PBY6WJzeNWUve9rJN3u3aK1ae6t0Xl3PvVwJfKAChCiqx5HGOc9MN33EjHUYyaoXOnNbOlxBK25jwgYAyYzgjnGcNg5IwCM9M1lwSXEBZZywD4yWY7SgGBt/hAOevfr2rWS4jkjiiwXBddsjE5Vs45yTwpOOe3qOv5hVwcZ30b1taz6tJbaNd1pfRJpH6DDFpPe19tXFX0XW6lq10tbRlu11pdjWmpRIFJEW9R+8Ud/lGckdA23I6AA4rQ/sWV4nuNKlMyKSWHm8leGAKggb8nnPqO9c7cW8u9yyqsgGI3BHzc5wxXIxzgEEE8c8YGdZajqGjzlrcsygAvavN8jnJPyrkggdsfMOcdK41l/v3jdPorNPddNvku+2jvtPEwlZuV9LK2mrt0V9LOztvpd2tbo5jKsJTVA8YZWjSU8qjHptOQcDHO7ucYHWuYvLbULYRzW0vnW2fkwxCHHOJAed3XGRz0HPNdzZanpuuw7Zm8mUtuaByoCyAYwobG5SDjC/Lu55xmoL3R7i3YmDi1/1igAkMFwzKRwcA5IK/lnGe2hQcVaUXF2V30cnbutPl6bWPMr1GpJqSastb66JdV10u3e+mz1ZxqaqztGInYzBi8kTEqgHQgZ6jvtBA7ngU69vhcxynyFCyqU2ljgNgZO0k4zkAHjnjpg02/i06YFklhjuS2UZcqVIJ4Zc5zzg+vzDFU4rtygtpIQxQ489Fwy7urYydy/NkH5gpxk8ZPsUKMYRUkuVpp+iVvJbvW73T2+FnmVa3OpRa2enW3wvbWza+/ueYarp6Rtld6Ss7t5ZBKuRxtB6HPHXtx15rkd9xEzEwAoz7ZIVYlR1wRtywOAAevUdMk19BXGi3UgWQWwu7bZncVHnKOckAZORng4IzwT/AAjjNU8LmTz206ARzruky5K7hjJBjPIbngYA6L0GK9zDVZRSjddrK/S1nbXzvZxX4nz+IpNX5VunypXbV7LRO673s1o9NdF5rLp9hq0PlwwkS5LGJiA8ZP3cZB3KTjIwen1Fcnd+GxaTFJbKUNuzvIKoysM9MBF7clRnp15rv7bTrqwl82eznheOYbplVirAkeoxgZBOePTtXXJqNjPG1tfxw3IdcRsq/OGIXG49RjnoM8dgTXq0sQ1Bu7s7Wipaa2eu3RWseeqSd7pK1k2npfTe+qbt2ezVz5yvvD0czlb22d4l+VZPKYuoxyHI4ZeevGAccEsK+b/il8ANO1+OfUdKtUsrza2yeJAIJyVyFlVQdjHoGXoeRjIJ/Qe60hI2DQlZbZgoaIIJGjQ/eBPJGAOnYnAyKzL3RoYoy1uha2dWDpMmQrsMsGQjjuOmPU56dsMyXslSnZqTSd3smo7q1+nTrZ6kqlL3pJptdG1rta9k3ezb3vZ6dUvhr9kr9q74h/sc/FTww3iyxm8S+DdK1WGWXRL9naW2h80bp9NuXBLBU+ZUDMOSASOB/aH+zh+0L8Hv2kvDQ8c/D/X9Lvf7bKXmp6I00J1XTLl0BaC5gJ3oyPlcgAMAMHoT/Il8SvhdpPiiB49RsYpLbay293bgfabdyCQNy4YKCAeSR8qgkYBHzv4B+JPxt/Y+8cW3ir4feIdRttOjuFfdbSyyWF1CsgJttQtwTGVYAoZNgI4y5A4/K/Ebw4wvFuFliMHUjQx8Ifu529yo0ovlqJWsn/MveV7NM/QuA+Oq3C+K9niqSrYGtJKrdWnTTcbyje17btPz1vc/q9/4K6afJ/wzLbxxhfLi1+3f5DkIrKSpznI6kAZA5GOMEfhJ8GNEkm+J3wpUoTHJNZeaRg4RXRvmyGBXIA5XB45yCa+qPiN/wUc8D/thfsqav4R8QEeH/iho6Wd1Pp80i+Rq00Tory2GcEBwSxXJYDPG1iKy/wBk7wXaeJ/G/wAPprgbohaMbeRVwwuIHRo1BBzkMu0gnAG7JHNfnHDeT43hHhvH4LNqU4VaVXEvm3jKMqcXGcJbW036p+p91xJmWC4kz7L8XllWM6M6dC6Td4SUoylFxautfLTr3P6N/gjoV03hdtSsby80zVLHV4TbwRMTa3Mexd6Sx5wTMPkCt/CTzggV8YfF/wDaX8IP438XeG/EWjr4V1zSvEYsftAXba3bqfLbeuRsMm7c+c5B3Ajg19w/D3xPDo1hq9hrVjPp00v9nW1vLDxGs4AC3DKOFLAbg2c8EZycV+NP7Xfg228S/EzxNeWFwEuk1rzHuSSU1By333OSDIvHof4sZNfjuXxwOZ4zFxrr93zyUZ3Tk25zUbtWWlo6W3W9z9QqOvhcLSlQbVVQhomlJJb6aXuo31Wv4HtH7VXi2G+/ZR8WwWF1GbWbRbo4WVHjkiyGyjZ+YfNuwSckgHPNebf8G8unS6vdftQfZvKIbQNHjbf95D+8OQcDGAoJ42kk4zgV81/FGfxXoXwB8a6Tq5llsU0eRbUfM6wwyBCXBYnIfHKk7sAZAPyn3L/g3Z8aWHh7xD+0hZXcbt9u0LSpImB+V9gcFTj13bSwyMjoOTX3VPKI5bwbnP1eUZ051oy93pFumntdarVryPhczzCpi8/y72vxwozjZ91Z3SdmlbpfXddT+ieyg8wbYZUuxAhikRtu2N4jhwQOeoIU45JznGSfnv8Aa21byv2bfjFHLA0EZ8L3ShEb5MmMgEjjdgcd/T5vlr6CGnabaXl5qemSvGt6oL2zlisEkhy7AKc7ScEHjpng9Plf9sW7879nn4shlbbF4SvQSoO1iqcdugJJ6Yx0HSvieE6cf7XyqXLaUcdh3dpq96tNctt0ru/lZbqwZ9ObwOO5VpLDVFdt6pQsm73tr8uh/KTYXaGJVDBYsDDDON2SRj5ueTt+bkEcH1623lViiPwACS5GQRwQCcjvjBB/HGdvjkN9IY1jhlWOWZliQEjYXJIGST8uOueAOh750jB42tpAkNvNdxICytbuJRNxnEYUKZNoUZVewOetf6LYHGRpUKEGpWVKN5NK20bJeS8nqlo+/wDKMeGMZmcsRPDVIJxm24zbV1JrVO2jVut9rPc9ZRI8MxVlCqQF28OOpOevfrzjjHXjqY5I/LssKFcwEAkMdg5wcEnAweSOg9QQa+f4/iHLazRWl/avDcjMMqOjRyRyDAAkjOCwPBJVTjAxjIA9TvPFWjaTpum6nrc7WtpdRBUvNjlGkY4VQo5GD1I+8PTjHasVSqSi4bac3a1ou7ta2u+2qfoeBispx2X1KlLERcZOyj1Tejuku6S1Vrt7o72JxjK4dicELk8j6E8cfoSR3q4VyA0m9lJX1Xae5Lc5XkHGAPXOa4TSvEvh3U2zpev6ddcDcpmWORQRuZSGYYIJ2nkHGckc57W1kuUCu4863JV1YFZlIPQAqTgEAfNk9jg9+6NSEoe7LpreWl24rdcvNZXs223qm9keVUVemuV03tpdacytZ3stum68tmvv79iVVHxIsQAGMsF6VJ5AC2rdGHQD09e5JNYf7Cc8B/bo+MtnOpM00etrCmGBZotWndgGJ5wo3DqMdfvHHS/sO3MLfETTN6iRmS/XG0hlLWxULxklQD/CSR1we/nX7F+nXWpft+fE6ys55rK4nufEUSXMeB5LDULkglepzxjkAnjOCTX8W/Sow8sVwfxTh1b95k1W10mtFDvZb367XfTT+pfACvKlmmV1amiWKim9rRekm7rXfW972d+qP6YrG9NvZwCFJVljgTCgH5lwuMgfKMZI7nnBAANUpfEerK8kkCN5aECRSCSDgDnnLeuSASQBwStaXhXwb4g0uFf7R1UaqogjRHKEOTtxuPAz15GPfjrXYxaX5IPmxQlWBMhKDO4BgdwB4GevGcjOSen+IGNy7Mm4U44itSjGTSjCFlyxtFNtPl1t1V7Jbpn94TxuBjOckqde9rtSu9GtbatX0106a2uzhYfEk06/6RCUVAC+1WZSTk4+7uzjkEnB68DkSNe2V2rRxEIbgBWMmVUkgAYbIGRnIyRgYHJJB7620HTZtwnSMBwSWVVCgMD1O5e5HJyGOc9Rl03hXRGhMbZgVCW83hdqg7izMOhZeMjHQYJUYPdlOSZr7SnOeKpzXNG6nJJ3TXL5J2ereut+jZxTzXBpqMKM4SclZxtLW6atfpZa79dzw7UPg1puu3z6hr/2TU7G+sL3TboSQQzXMdldxtFJAkjIzJG0bENsw3bnAFfx5eGPBdn4F/a4/av8K/Drw7qqeJvBEniSbwXYWNu0ivayyyu5uInRlMMcRaRQe4BHTn+x/wAVfEHTPBFlqlxZW0+vwaKhvLn7LMJmFrAMshQMcuCpG0A+2Oh/mB/Zo1vxb8c/+Cinxp8d/D+DTtNtNf1y/wBF1201RE8+y0pllhYlQFLFlyMAfd3DjNf2H4S5lRwORcUyVepWp4bKsLLEwdV1KSqrG0IQipJWmpQjVpclt5JaWR8LxNl2Ix2Oyv2lOEZ1cRN4eThary+wcnJN21hKMG3d+mp4X8Jv+CjWq3nhbWPgz+0l8NtK8d+DNDW+stRmVCmppZSiSGBp1HJnsZdhTaMrtwQQK/M7xf8AHfUPD3ja8l+GN7q9h4NsNWuV0y1iV4ZLfSbiVmSwuQ2DLGyfJuIIXAzX6Iftj/sK/HD4QfF/xdq2j/D/AFzXvD/iq8uLzQdR8KafPdWM0lxOZLlbqONXChSSxVvlGSB8vT7z+EX/AASJ+F3xv+AfhXxleanq/hfx79mhl8SLdW/2cQX0yfJBc2zov2i3RiN21QVzyRjn93w3FHhvwzh6ObVHCnh86pwdbA0a3t6dKtCEHVqSwzlOVGScnflSUneMU+n5JmGUcaZzXq4J1pp5fUap1qkXCc4yqLkgqyV6iWjerS1ba0S/Jn4f/tr674G0dLOWwGo+BPEE0LaxazzPBqVowbdcNZTxEPE5YFo2AGD9MH7w8LftDeK/CuueBvHXwQ+L3ixvCPxEMEdzoviXVZoLbw5rMO0xAX13I8MkEMpVCGQFlJJOOnz9+0N/wRm/ah+CVvrfiTR4rb4gfD2fzZRLoDLLciz2PM862JLvH5KKvmEcL8xxnivyU8U6v4u8E6NJ4Uj8TajBBHJcr/Y0kkiPY3cT4KhCcwyb1ILLsJYHrX1+U4HhTipQxvCGb0adWq19YhRd3acFLlqUZpShOOlnZJtOzaSZ8vmGZ8ScPr2Oe4SdWhTdoOai4ucJJWjU1jKMkmusk9dHY/pi8U/8FJ/2mfGera54f+J3hHwr8TrD4UxR6rbPohW8u9K1i2KPBrUDwMfNVkQOzRAAnO0qQK+o/D//AAcK+B/G/hjQPBPjr4aG11DwjbWMet34aCSHV9PQrFdIbG7jkYypGrI0XJcDnk8/x4fCL9ozxz8KvE0WsWut6stxd2rWesW91Nuj1exON1rcCctuBXIUydmGCMkDJ+Jmvp4w8Y6x430CFtJTXom1A2VvcDbb3jqvnNsj2qoY5PlqMZI/iGa+7yvhzNsux1aji8XUdCph6Xs8TTnKUZumotwrU6rmo3aU1KLtumloj57H8WYHFYKhOjh4e3p1ZOdBxtyRcUrwnDlfWyulqnZvU/t11D9tH9gX4oas+lfA34nXXwW8T+N/Dt5NBe2tydI8OHXL+2IutI8UaRdbrSe1eZmGVSPG/K96/if/AGs9Gm8J/tC/EfQ01nSNb1C58R3UkupaI6f2PdCWcyRXthJEQgSQt5uA4GWPIAFfVP7Of7H3xr/aT+Guv/ED4Y/Z9Vvvh7AbnxJYKwguZrTbI7BRlXllRUyFjxJnG081+dPxQ0zxJ4f8Tarp3iS31G11eOd0lXUIJILm0MMrRmIi4UzFQ2dpOcgAZA5r7Dh/iHA5lmeNyinj8NiMZl69nisNFKFaipKCinG9uV3vdLd6vQ+Y4gp4z+z8LmNTBVaNHEyjOjXmpcsk+XSM9Xpdq0pOz0stj9Ro/HHwz8e/spfDvwZofwtu/wDhdPhjxfZ2+s+NNOczR3GnSyIon1aUAtHNdAiOJ5W2R7RkgcD+nD4F+DfBXxy/ZK+E/wAB38FXya1ourR6XL4qtGGn+JtHuzBHP9q0bWYBE93GkkwaSFXdWCkFeQa/hn+G3xm8bfDuz1jTNE1eSztdfSKDUkcLK00aEkSKzKdkiZykiYK53AnjP9TX/BIn9qTRviR4ST4d698S/EPh3x54Pvl17wVbhI2Gq3P7tbpJpSA8jGNMRrvOOMgE5H5D4s5bmuQ4WlnOCozrYXC5hVq1IU3zSVHFqHO3tGChKKS6JSburs/QfDXNcFm9eplWKnCjiKmEUKUpKMf3lFNxabl78p3vJJJu3oeQ/tv/AAf+Of7Lf7S3w60P42aUvx+8F+B7eD/hDtS12xa6j1HwnNL5s+i6leOCBe20MhV4nYysU3A81+df7bfwf/Z28Q+Mk8S/A60n8MjxJokeu+J/B9xaSpbeFNclJkksLIgZSCfhYgWYYBIxjFf2+/tc/AvQP2xfh9ouieJfEWhpcW1po2o6NqenXFvBq2oajE0Y1OzLBjIlxsQmaP7vBGOK+Yb/AP4Jzfs1/C74n+DPihrmlr4q+Ger2GieGfFGmeIIY2sNL1SzSNbzUr25wolhJ387sA9WOAT8rkXiLShUozw9GrRlQpqNV0qsY0ZU6jp+z9vCMnGE05yc5RglGSTbaaR9Rm/BccXQ5K1Sjz4mUnCnUpXqKtTV5KlLlTmpxinCPNdu6S01/iDPwZ0/XPhLKGFjY+JtLf7TYsQPtGtWUp8toDzlXRgVCNgkAYAHT4q1z4beJdBvBDqOi6hYSNiURXdtLbkQs3ySr5gUNC4wEdSCxxhiRx/pU/Fz/gjl+xT8QvB/ie++Hlzp2iSeJbtNT8P+I9Ev4pNNspYttyumQIjsqpIfkZFI5yMcEH+bL/gq18KfEHw78Q6N4P8AFvgTS107wX4ZsdL0Txfo+mCCHxRZRARp9ov4Y0jkvIFVSyOzyMyk5ya/ZOG+NcfWxc8PWjDlqt1ItVlUTuoWlTqQbTTf2ZWku1nY/I874QhQwUsVhKrqPDpqcFTnTneKV3KEkpK1lFuN9ekdj+acaPdWUKvHG/nKzebGEIwuwgnOfmbb6MT3HrWVZSPHI+IZp3ll2vC/VFLZBTgYGfqTjHTp7t4pt7IW0M+lFjuY+bHtPmRrGCdkgOQSBxk8dsk4B5zQbC0vLo3AXZMg3lCF2M6nIJyBnGOVHvjnBH6bSzHnpOcm5ylFNdbWUNU99W/mr9Wfl9SpWpT9nKDv0Vk7/Crq6XbVPR66K6toaC99ojjUo7dltrpI45BISSVOBIhAPUfN1I+Ubj1Ar1XRfiDquhB4rd/J0m7LbgQEdJSrIHj6oH/29vHU7hnGKyBU8xUguIpIiJSNpjSQLnJXLYO4E5HG44yOSeNur5zPHIjRtbBxutzyqeVgMSCe+307ZDZ4rmpZhVjNqF2klePKuVJ8t1PRLR62V9+6Ki52u3KzavblW7jq7JP1UZXs35nrdp4K1Tx3G+r6RGLlUuf3spYeeWP396cM+85wQMfnkdd/wz5r11c2vm6XJHbv5eLooYolYldwYk4AAzwemRkHGK434eePJ9HvJJbQNHbQulz5KSCPe8QVgrqDh0bBIyCORjpX6C+HP2jvB2seDbuXV9LeK/tXiDWnyeXIoABZGChjI2M8YHPT7tfR5NPKsbJrF1I0qqu4ro2muZptLXRb9LdrvqhaUY2tJ2Tu762au1dNNarW+3m7Hj8X7F/hDX9F+1Xt9eabfbQFliYSI0gwrFRg/KXGSCeF5UHmvJ/Ev7BfiO3uBN4Y8VW1/G6N+4ulEbbVPQtuxnr26HPQ4r9Lfh94j0PxRoi6tpymK0uVc28MhJQFc70yeA+QcZHPPIPA6qa3sobbzQyxOpLMJMgbDlgcdxj7oAAPYHt+kYbJMpq0ISpKL0UnUjK2qcXe7Vt9Gmu2i6dMYqMLrl3XVuV1a+9ttrK1/uv+GOr/ALMfxk8NXE4fQpb2CMNsktENwjAE/dRSc5+b88jkV5HrXg/xFpRZdW0PU7C4QkSGSzmRMKcYAVeOw3EgYOeMiv6E45PtVu0lndRSKrsEJAbcwALRkEnBXI6464I6VSufDGg6lCV1nRrK/wDO3Ai4s4ijEjBCME4yCcc5GCeSTjKrkFJpOjVjrayeq6NWa07PfyT1s9afK0nzJdlrbokmm/Nt2erto0fzhX6M7PDsaOUBWYsdmQuMjDDOBnGD+IzWJeTqIo4GUlFIYuH3MCxGEAXkjK5PcD3+9++3i79lT4ReKg80vhpdMnkzibTyV2gqSOfu9Tn7p5AwRnJ+OfiB+wNZrFdXXg7xHIj5Lx2moLvG7ovzhgCFz0x1AOc1wVMor0r2UZpXtbpZq+z7+ell8s6tKTd4Pmel7NX7vRWS2Wulttba/Pv7IBR/itdx72RH0GRskYHGzAH+zuXAH4AHOa7v9oXSZ7rx7qMzk4khhjYblBaMrgMQMHpnjgjv7YfwL8Fa78Lvj9b+D/EUkLXf9kyB3jICzLIMxsGPrjpzgDA6jGv+1D4p0zSPHbC8YWsVzboqsQSvmBiAC3GVHbIIyMZJr87zzDVqmOgqCbqJJxSV2nHV6av/ACV0+593kOIp0MnqQxFlFVHzJvli3JRaWr9Glro91c+aL/wOyb5Y8TISMA9Du5wDg99vUDBHBPStvw1o0uhTW9xBHJHIsgaRiGYbGPIBHzHaASw2nAA7nA09G1zTrsJ9m1O0ljkDEI0qs284ONhPA+ZQpH3c54HI63cZLcoZY4XBXGACGB+YYOSMnAIxkZ6kZIrx8bVzGVCeHr026coKErxd0nFXae71tq1qrpLQ9DAUMudaFelUUaikpJKSknrFrVNK62adm2mtr29Z8MSaBJJeROwifUIFkZyQCpI+ZQckZBzwfmON2T28Q+MFrqdrYveeH7s77OVlka2BS4kTsxaMhtwU45IG7pnGTfe9uLOICNZFkBUjAIBUMPmBB4JJOQOvIPqIrnXDNE0dwMxzIVIVcsCBgK27cCrEZOAOM+5PymV4Gpl+YRxylOcVJN05NtOLcXa22i09E15n1GZ4+ljcA8HyqE1FKNWLad3y+9pvZp66q9+yPANB+Pvxe8KbE8O/EDxVojRMB5UOq3JiV1YE4hlkZcAsuMrltvY19ZfDP9uT49eL9SsPh54y8W2nifR9YC6e76/EpntWICxzxXACFWjbBByc8cc8/NviTwBpWqZuLUixnYbi+5djOWYklcghuRySOOACenm8XhLXfD+o219YyG5ltZIpUnhYb0YSgrwMNgdSQFGeDnhl/WKeOwuKws3SlHD13Skk/hlGVtJXVlK3r0fex+WPDZhhsZS54zr0PaxUrScoyimnJWd0m0+yt3baP67/ANnD4Kaf4r/ZVvfiB9l8NfEPWvCdzew63oMSxLqllZIzH7bdXDlicISYvlyUAx7fJHjbR/2VJNWfS9S1iPwlrd7b+ZcWd7IkUEEki7nQvICCqsxUsMBgBzzx8mfCT4o/Er4e/CjV7nwf4q1bRpvE+mRNrGlR3EiwakoXy5UID7OR0BB6k88V+dnxo8WeMPiB4o+2auPLntYhGqQs0bsq4LIWBBZ85J3HOcg9cV+E8Dz4xfGWc1cRxBOplccVP2UYYipzxqc93F022lHlstG42V1vY/dOMpcO0eEsthHJ6U8bVoUJx56MLqHInJynFKTld397XyvqfrDc/sxeCPE0d23gfXtL1JwjPbyWeowOsisWCkqG3BsEHA4754xXzp48+C3iX4Wa1aaf4k0SW4ivbRp7aeJ/NWVS2392y4DMARld3XnvtP5q6F8Q/iH4Ju3Oga3r2ktuJjlgu59odRnG0uwIH3R6ddo6nr/Gv7Wvxl8XNoMOueJ767n8OWv2S0lmZR5qkgnzlK5eQjPLKcDgHiv6fybN80p4qlHG4361g+WXM0rVYtJcrVtHrumtj+ac2y/JsTQqToYJ4PGcytJN+zlrHmTtqur3a1tbt9YXPhnQ3SVorm70+4OWMd1byBEbOWXJGOcED39SBlNF+H+q63K1vpV1pt7dqxaGKW6SBmOCQqByu88EADjI+UHOK+VdG/aq8V2kYi1Wy0/V4zkv5qJvOMhsHoRnJOOMkjryPVvDX7U3w9uTEPE3hWewcsQ1zpczxTJ90kgxEMpDE4UEgDbhsZFfZPOaTT+r1pOTWiqxS1stGtLdXdPS610aPjKeSuFRe1pL2b3dKaVldbpuOu9rLpbs16Trvw48b6DK39seFtRhiYh/tUEDywsv98Ohf5ScEgY6nAxXFPAIplhvbORYxvPlyxuHyOBwwGMNivadB/aH8C3hUeHviPqOmoWVVsNcIuYlXO0J/pBcbADhuecEDB6+or490bxLEyanovgrxXbuABd2bwWOougAyw5HzsGHYEgkYwTmVnGKUIurhI1otJqdGab3WnK1Zu2+u702OuGUUJKcaGJnTlHRRrKSs2k7N6aO/wAStu9UfGV/oEE1qzWtu5JQurhSuw5yFVefvfNk47dCDtrlLOG4jdw0ThYDkxsScgD5jjtjt7dV7j7un8O/DXVBEog1rwmsgKSOw/tC1idgWHzxf8sycAZyMEcnisq4+A95fxLd6CPt9szeUGNvJb3U6EblmjSWMGRSFJDDIBwuTwa5XneWwqqNepHCVJvlhTxElS55Xivc5nq9rvmtF/eavh/NZ0XOhTliqdPWc6EXUUfhau4p2Vle73Sv0PkNoIpYv3illkXIO0ZXPruHGDnnvtx3qCGwjhuQSu5HG7coK8AAqMDqx5B4wSMdAAPoLWPhpFpx+zT7reZN0bOykKWzjZIDtCuDnPADcEHo1cpN4Euoo2aKZHLAfK4wQSRtCksSFKjjoOc5GcV7UatGrTjKEVONlacPeinaL1aTvfo7t69NGvHrKvh5xhPmjJNJwkpJ3tHSzs932uk7+R4/f+HlkeSeJeZAyujAg/McbgBnA9SeB9Ky9E0W5tdWgECK0qyEpgEsCmeCB97PXocEZAwBXuFto13bsFvYGyq7UKjfkADcWx069c578DbnLtNGP/CSRS2rIsskhCAgjD89VbOOeq98DgHJryq0qbxVLmclC93La17LfW7S7+TveyPboKpUwLakuflXKm1prFvTSzV7aPW1r9TsXaws2VUMGEIKOyggnjO49DwcAgkdecisDV/GFlaYjiBuZAwXEeFjTA+7uGcc/wAWc46YOa+fvEnxP02xYeZdtezrkC3tXLJjnarMOcnOCcj3ODk+Nax8QPEOsu0NiBp9q3DeWFMhDY5ZyMbgOvcZOM8iurFZvN3SktGkrO97ct3f1u9eq8zhp4WrL3kuTVXcr6J8uq033bsn5W6/SviH4jwWke++1O3s1QFzbxyK8zqc/KQCWyBnJz06YIrwXxB8Urq+lL6NbuqklRcXJZmZuAGWM9M8c446Hg157b6bdXszSXMkkuBuMrsZHYHcTjk5x1xx1GD0rcttMhiB3Aldp2E8EgHHoQq8r15B714VbEV67erje2l29PdvdK672231PRp4WnDlk+acrK93aN/ds3FvdO+mvSyuZc9zqmtOH1C5uJy5BZCzhFP91UBAPscAj9a0bfR2kJjCsiIBkgDdjOQp2gnB7DqRzjiugs7ZACqKCWGCx4VeCRtYjHIHUgEjuc5HVadpNxdMttaW0t1O+0Dy0JQ7jj5mPGDzyeM4YZ4qKGDr1NOWVR9NNk7bK3q1re3V6X6XVpwfM5RgratpWWsere12mklo1p1twMenmKZEeIiIMq5xgvuPPOemOOVJwc9jXotpAViiS3Qs7qVWOJC0gAyVyRuy2TjsDjGATgexeGvgdq+szwHUW8mJyjGONC7x9yTgdx1J4wQSMjj7D8Bfs8aPZQRXIgWZuglnCs24EknGeGJAA4JI5ORivZw2QVaqjLESVGDstdJJXXR2evT9NTysVnVKmmqL9rNPl01s3yrWST0VtNWujvsfDvhz4Y+I/EEsTx2r2iMysXmUiR0bjcobjAx0GCDgMATmvqrwd+zppsBguNUtJLmU4y8oO0sDlmWPG45PAG70yTnFfXemeA9H0NVmnFugUYQyKqkdMbUGTnAxz1HoTmtXUNesbCDFnFHkDC3c+1YwFBU7A3Jxggbef517tKhlWWpSkoza2lNJ6+6tmn9235niyxGaZjK0FOEL7JNK+l7yfk0kr9elzh9B+GmkaYIzDaW1rtUL5rxrEFCjrtwGz2yeM5/vcdna/wBj6ejJEBcyxsS4jAIKg8sXPy7fYAccgivC/GXxt8LaAkv9patE8yBjIjSKqKBkgRopXczY7ZJBPUV8a+Pv2xrmVZ7DwrbbI13xm54jDoSVySAGJ2gZHUg4zgc8mJ4lVOMoYWCjbSL0S6ab2Vra9bo68Pw5OclUxdRtPVxTvduz1e72+G/Xex+huv8AxF0/RIJnmvrLTIEYneJFeVgpbIB3ABhjOGyM8cH5h8d/Ej9q3w1pj3UWnyyardnMal5DImRxuCA7RkYwMckcEjgfnT4q+K/i/wAW3Er6jqdyYn3Yt4pGWLBzkEjnGeg657kNXF29pe3kgaUhVfnzJGJZjwMclmHBPTnHbrj5vEZni8W7Vasnf7K0irW0d9dGt/u1R7+Hy/C4Wyo0oq1rycbyuuV7t33tqtlrc938ZfH7xj4pM6QXLWVtKWVbeFirbPm+9g4QDtgAjPfIrxSS7vb5y9xPPIWJLyyyM7nkE4Lk8ZyOevXJ4aug0jwzd3U/k2sUk0hG1SkZdpGIIwMFsD7vzfhknJPv/hD9nrXdbWK61FV0+2LqczYQ7QQcbTzg43c9ueelefJqN3UnFRur3dm1psu/T+kztiuZpR1Vlt1+HR6W5mnb1vu3Y+cNM06W4YrFbu5Y8cFiWJ4wFySARz3xxweD674X+DPifxPJGI7KVIyU/fvGUjQDGfv9cEnhj2ORgc/Vln4L+GPw0h+161f2l9eQqB5WUdt6j7qoD14HOByBye3n/ir9o37PHJp3g+xisbZAUW5YKpIOVGAoABwc/eGcdM8Dn+sSk+WhDmvbV8yW6Tet27vp06dTSMLfHK2zUI2bdpRumr9Uut9Ld9Ov8NfBfwL4KiTUPGV/bSSRAloZZEQbhglQhwec44IByTz1q1r/AO0L4I8LxHTfBeiQtNCAi3KIqRcbhu3FSWLEBsjBPfGBn4s17xjrfiG8ebVNSuroPlgrSExq5IwAvAC8/e7Bcd+Od8yTc5cgKeCSc9PugYAxgdSSCD04qvqbqNOs3JOzcU7Rt7qslf1Wu2nRoamlpGKjqtVrLZXSeqWt9F5HsnjD43+OPFM0q3upzW9tIHH2O0kaONUwVCuy4BJByTkBsA44ryN9UchzLK7OXLFi253yeCx+91z355yORWXIzCTcSXGMctwSW/HI3HqTxwck9WbYjCNrMctknJyx55JzxwAAeCeuOprohh6VKLUIJJ20dk1bls9Hfr+Sa0u8tZWbu9k+b/t3byVnZfJp6npfw2ZJddXzcrlCQ5bkEgkHJPQ+g6k9Mchnjhkm8QXQiUggYEhzgnpnJA+U8gjOAW2n3b8M4RLrI4yyxkDJ4C5PIOB90cgZ/h5bIFdJrfhfU9a8Qyw2FvcXbu+39xEZD1HC4BAIyBjrg/XHuYfDyqZenFvWrZJa6Kztul5tptd72PnsRifZZso2ulRVmr6czjZO19VvF7W33duNnhSHRocqGJckkHD5685+7gEYHXkduaIdLur6CNLKCe6nLooSCN3YgsMAYB5H05PfmvoLxH8AvFej+BbfxHq1s2nWnnRhI5FcMQ+PncnGPXBxgcsdvA+x/wBk/Q/hZoXg7VL++sk8Q+I4p1KRpEs0sUyjIVmdSqQlmySRuzkDOQa8qME8a6N7yTirJ8zvZaN6rybenVdD31Co8J7WSUI8q1lolovnsr6237HgPwu+Cnjzxktpa2+iXNlDFDH595qETQRrkZzlwNxIAyAcgHB9K+wNG/Z8+FHgSSHV/G81tr+swBWSyH78pMF6rbJyQrHCFgRkYxzg+uHX/EWqxSW9u1v4e0mXdthtFQXXlkAgFlAAJGAvPA7jGKy4NKsrVpJ2jFzPjc15dkzSOxwC6l9xUk9QOOePvYP3tHC4jF0qUatqdONkkt2korV3Vtley6O9z4SrVw+Cr1ZUv31Sbb576K7Sa5ui189XZ761JfEmoiOOz8G6DaeG9MKlFvZoUjlkU8BkiULjgZAZS2Ou08UxNEe9kS61O4n1S4wd807kRqWGMpHnG3OQMjkZ4z10prmKCFvMYTugDImMhTliqgfdVeR1HGSDhenOXPiiC0QrJIMO2RFHlpNyndjCkbQB246cKo2iu6nhsPhrckIuVraa2+G19+17WeurvucVTEYrFaOo4xat7rtbbZ3b+Xy8jQuLK2gDBQnyJtC7VWNSp69OcAcN1PfbjA+Y/iRctptw2oaeUDwbzMyNtUgkg5AIJyvbgY5J6ivUtd8TSeRJcXFwthZo2W82RYi6AZLDcQOTlcDbgg8NhjXyH8SvjF4Ut457G0k/tG4AdTHCweMsxKqXkzglWG48gDnsDXDi8bSoRvNwjrdXsm726Wvra3Te7u0dOBwNadSLhGc2nq5X1Ssmm79V57/cvXNK8Y2F1pkM80olJHzICVUyAfOHPAVVUY+YZHGME8ed+LPi94Y0pZhfX6SyruEWn2rbhgDALurNliCQQDt9yTtr4r1b4ha/extZ2c7WVmrOwjhYq43FjgFc5P5ex4zTvBvwp+InxJvNvh7QtRvyXAk1CdXjs4Q2cu9zJ+7AC8t83TvjivksTmkqs3Gim3ok1dXWjs9b79b7Xuld3+0w2GjShHntzJa76LRJSe32X2t18uv8UfHHXNSEtvozf2XachRFhZzHnq8g+7lT2B4wDx18/wBD0Dxv8RNTW10DS9V1y9nkVHkSKWaFckDMkzqURBncSCRjrzkD6v0j4B/Cr4XCLVfjN4tg1jU4o1mXwrocyuPNABEV26EllDZB28HafQgbt18dvEGqxr4N+A3gE6DZO32WF9K05p9TmDYRXaeKMupbqcuAO3WuCVKpOV6s2pS15End6rRpd9Ovxdep1NpReqSvbTRacqV9nLRLVX/BHOeH/wBl/wAOeELWPWfjX4rs9M+RZv8AhHdPuo5Lt/lJ2SSjJ3YGGGFwxYgDkVs6j+0B4P8AAunvoXwd8H2OnYQ239tXUCy30xHyiVCVaUOxGfkOcsfmJPPoPg79hX9oH4n3dtrXjy8l8PWV5IsktzrU7TXRRsMx+z7lWHGTjgHocnBx97fDH9kP9n74PGG+1iOHxt4siPmGXVB9ptYJV5MsVuCVVAcECQHIwDkkgbRoOL5VCNJNK8payt7r21Sev36aWuRzR0fxJW0inbXlWtt9Xo23101uflf4M+BX7Rf7SuqJf/YNYk0uY75Nb1oy2WlwxsSS8CS7RPsUnCqNxHGN2Qf0x+Dv7AXwv+HC2Ws+O5z428Sw7JTYsuNOhm5bEdsCXYK2fmJYEjkkHbX1/B42054k0/Sw2l6YihYjY2S2loQoIKW8KKq4/h3kE8LycCun0LWtE81FSQpcZBee7LFmKkA8seMnjC5zgHGcGvYwOXQbi/dnLT3pWur2+Ht6rfba7OLE4mtGDUYtJbuL06JtNPRtLpol6XNXRtB8q2hsdG0+20LS4gY1gtIUgdUUAKI4okTHA43Ddncwyx49J0jw5BbRxmOEySOBvmcAyA5J3biC2ScngY+Y4IIys2imO4aOVDHcRNhgYmUgDAwRglufTkLnrgDHqGm2UcuNyNEp2kIQSCTtyG6kY69Wx29a+xwmWxbi2468ummm2vXRtefrsfJY3MZ0k780XZ911ja9099flfdM5230eRSPMTezgAMMHacHAAxwpDDsBgc4A+XXggCsIvLA27VRsEuzfh7dCM9ByOtdj9kjQqigBd2PMVTgDgEAHJPYLkjGMHGKSa1ggYu7pHtBwSfnckYDY4Jbt0A44IIYj3qWXU6aV4LWy5lur8rTelnpa6XfVo8J5nUq6JSs7J2u7X5e1r+q12StoZENtI5IwVK8LhcnkZ5JyD0yPbOc4q9BavCzG4YqUUbQSPmIboSMcA4JOACODjNc54j8ceHfC9uLnUr62t1i5K+crTysf4FjU7nJxjI5H548F174z+JPFCG08CaTLbwSMyHVtQRlUqcb3jUhWVQpPHQYz166qnToys7O1mkte1tNNNb7au713MfYzr3knJRSfvNtJfCnHbbS/TbzZ9G654n0Lw7Zi61TU7W0Cq8j7pU8xzgkKik56dPfp3x876/8bNR15nsvA2mzzq7eU99coyW6gty4duW3E8FSB74BNcNb+C7jVbkal4r1S41u9Yrtt2kdbaNxyVEYbbgc4OzgDg9M+h2GnRWUCxwQR20ZYII0iA4XjnaAT35xyfc8bQjOT+Bxi3a9veduW67J6vdee97Zeyo0EpO8pXWt3bZJ3u09n5L5b8P/AMInqGtTfbPFOq3N3MSriyhdlt4yOdpQNyuevX344ru9M0bTrNI47azW3j4SJ0jCscHksw+Y85IOcjpkYGd+GzEshhjAG7G2UghcMMEdsEnoD9OmFrobDRkEqrOGkijCspByCy5yCoOcZBIPQ8jrXTToRlbR3Vm720TaVtNOvRXvd9WRPHU4qyW1mktLfCk9t9Va+uhnW+niBWKR4EmFQlDuLZHfggE85AwTjrWvZaXsfzblArgBzGW4wDjoDzwo45P1xxvH7PGvkg5LyL85BzGmOfy6DHUn5gedsF1cW9vlyM8bAc8soweeSTyBg4I9eRmuynThCNlZO2l3bW99Lp/5X67nlTrTrTd3yx1217NN2d9fK/6E7PBAzbVWM/LmNV6EgEBTxz03Y2jHHaqUl7JEm2dQBlsvyGXPUlurDGcYJGf4u9YN7fHllIZkcbV3cKNoIPOCSAeTwOoHFZkupPJGZJWB8sEGPGCQcD8dwHJwD07DFN11BKysl8XvWa2b2srN2vZ6pepnDCSrOy5pSvppdPa7s3s7WbXobb3cLLmNnADMTJk4blgAe6jgDGSSCcdTWVc6r5MJQBQyvklmxneScADoAeT16e+Tx9/rlvZQPK7rbIgMrSTShEHJBVgSfkxnAGMn7xxkV8xfEf8AaU8IeGElht7pdX1A7tkdpJvhjkUk4dwzKu0jJ3EA/hXBXzShST9pUi9Fo2tLWv8A8Old3ad2ergsgrVWrRcVdN3TaW27eiTdrvR38kz6h1XxBD5TNLcRxhGLO7uqLGoBG5g20EYwT35yOQK+bPiB+0H4N8Is8MmoJql9GCpt7aQOqNkkAsGKoCOSSeAOWxjHwr4v+OPxB+JFy1ho6XYglbatvYB0j8puP30+QBnIJ2t688YFjwl8DNR1qZL7xjfu+90mWwgc7gcjCSyE/NkdckjDHqM48GpmmIxMnDC02o3fvu9vs7LXre7s5Pe26Pp6eWYPL4KpXkpTtF8qab6J2W616L8lc0fF3x4+IHxGun0rwxbXMNlKx2R2asNqv8o8y4UFMsMF8djkZ6iHw18BdV1yddQ8Z6hPI5YSnT4ZDISMk4klc7ucAn5sk5Jr6j8MeB9J0KOO1sdPhtEiUKDCi+Y/8Q3OAGZSTuPOMc9M49HsdKQKHA2OzEFioLPgdiMdemScDsOmdaGW1K0lUxMnOSfM0/hWqasna6T72S6o4MVn0KLdHCxVNNNKSXvJK2t/8jg/Cvw+0PRLaK2sNNislRDhkiUu54ALNjcDx8wY7g2eOST6RBpKxQAFFjCnduxhmyR94k8kdDk8465GC9Y2gKxyZC5yTtDFQxHKdsepz1Pfvou2AUDhY2A+cncRgcYznB6DI5x6AnHu0aVGjZWim1slFWtyrfu99N3d3ta3zOKrYrF8zUpO73fW7V767tu6sn2Mu4tLdEKugR2JAYDIyMEADJGTnng9zkZzXPXFwtvO0Jj8xlG4Ebup4z3woGOOWB4IAG6tS58zcS+9gei5YhCxG323YxvPTp0ySMudV+d2xIQw2Oc9CVyNx7DABz3IA7VtUr00mo2V7WaSvbTS1rdtbbq99Tno4OcXGVWV72T11v7tldt39U0vLqalnehoy4UAkkElSc46Fcdsgcg4OOOTUouCjMSeoUtnkAk9sYwODkAdyc1RsfK2ZHJ3EMvTAPJC54JYhfwGO1V5ZkBfkkICCCTg5OBliCcnkH0IzgAknz5Yi7a5/tWsrJq27WrXX5XPXjhnaFoNN9H0do36NaWTXnpq3ro310stu8TnaDt2scDI7NuzyvY5BJyetfK0p/4QD4vGKPC6D40hDK7cxLqcW4EL0QMx5Y8ZIxnNfRNxcLJIGPEarhlIOST82evQ5HoDwc8EV4j8cdMa98NR6rYOEv8AQLuDVbdyDvRIWDuMjB2kA/KMA989a8TMGmvaqf7yjKLjre+sbq2ujvy9evmz6XLINL2VSKdOouWWiT15Yp9EtddfTZtHt0l4BwSq7VUDcOCoAHGe5XlSSM8dM1nz3qAFoyc7guzHvnJ5/PJxwBgDNefaJ4jj13QtN1ESITPYwSSKDyZAoDH/AGcMCctyB16muP8AFnxT8P8Ah6J7drg3F/tKx2Fi4uLmRh0DCLmPnIJLAjnGMVlLMKcKcZykldJ23erS9NL9Wtd7dVLLqk6soU4p2dm7Xjut1pZW36O+h6Te6lBGskkkyKUYsSxI2qOMkk4woJ7c9eMnPh3jL40+HdCE0EFwdV1RfkjtLIh0VuoEkig4Jzg5YHOQCMc+IeIvFvjDxlctbyzSaPpcuQlhaMTezq2QqzyLjYCPvBsYXIJPNYFr4Y03StovFa4upGDx6dbA3FzK2fvXEgJdTkjJZgoIJHOQ3n1cznWVqTUVtztPq4ttfjZ3TWmh6uGy6nRgvaNSmldxTSStZWu10WjS10S8jT1fxn438eN5N1dSaPpzgbbOyJ8xkYjmWVOBx8u7IIH3sEHNfRtEsLGQW8Fp9su2AJVcysXHWS5uSSEXPJUEHu2c1Pc3H2Yx2t4TDJcEJbaBo8ZutWu3bASOXyQXj3McY4I3YyeK+s/gj+xh8W/jLJaXOtxN8LfADtG8rzq39vanC2CSFH7yFnQ4BY7SxwOK+XzniDKsloyxOZ42lSjGLklOaU57XUIJuU3/AC9fJayPSoYetiJKnhqTu2tYxtBJ8qu20uvW713s3c+c7a5We/t9G02zvfGHiGZxFa+HdFtppYklb5VWUQBvNwxG75h1OeME/pD8Bf8AgnP8W/iyllr3xm1U/DXwVJsuI/DWnKE1e5t8glHCjNuzIQGE4Jzyehr9I/2ff2afg/8AAfT4V8JeG7K71dFjW78TarCl5qt1OAWaVZJBIYmYgnMRUru7MMj7BS9jSM3F/PGqqqmONuAV+XDbWx0POBgY49TX848YeNuLryng+HqUsNDWH1qolKtNOybhBJqOqbV+aS00T2+uy/hqnGMK2Nmqsr39ltBWad9b76229bLXyH4SfAv4NfAiyi0H4YeCdPgvxGq3fiO9hiudWuWQczPdTLI0bMAXPlFASV43DNe7m6t0jaS8vAAI90srtt27TkqmeMZB5B4z1JJrwTxx8bPB/g+GeMX0U93KXxFbEPO7gYCqEDbFJ46AHjJHb5N8V/F7xf42M0VvPJomi42IEcrPKh/vEcjIz05A5PGMfibpZzn2InicdVxFV1Zc06uInKTv7vwqTeltbLbyZ9HF0cLFRpRgoK9ko2SXuaW0UmlfWW17JrY+oPib+0T4b8Io9tp0y3cse6NILc+a8sq9AuCQv3csSAMkfMDyfjjX/in41+I9xu1O5n0nRZHAjs4WdJpozwS+MZUg4I5/iPJ4GDFoMEzRyOslxKxGJJcySyOSGyCynG4nk8g5HOQTXeaD8P8AXtYvLcR2htoVdURWXGVOAXGB90KeTnGeg6V7+HyzAZbSUqig5pK9Sq1u7fDFu3nd33stzmniak5OME2nbTvt0TVrbNv5WM/S9PtoFgt7W3OXIUyFS0rHPzNwCxP49Tye1et6J8M9d152lSJrO0VFDSygqGUjOQD/ABY5yASMc4ANezeC/hhpOhAXeoBbl4Aru0vKK4BJQAnk9iBnknABC1s+Ovi/8PvhhpMmr+Kdd0rSLO3heTyJbiKNn2IxAEZZXZh/dxnOMH083FZ43U9hl9GVepNqMeSLleWkVyxjq3u9dL6lUsPOpKM5+6t7vSyVrrR93vfVrrZ30vAvwx8PeHrcSyotzckAlnXdmTnBXOcAHrkYPY8E1J8U/jt8Kvgdob6v438T6bp0dvG0qaeLiJbiWREyscUCMXZuQBkc9gTX4wftHf8ABWuC2tbzw58E7IS3LiSNvEF0NscRAKGS3Tg7h/Ceh4xjnP4p/EP4s+PPipqtzrnjXxJqGuXt25d/tN1I8EG9shIrctsXDHBAQHHUcgj6rIPDjiDP508Rms54HBzcW4Ti3XqRfK9IaKndPVyXR6XM8Vj8Fg4OMeWtUX2Ytcqem7t6aWdmfsH+0r/wVw8SeJmv9A+DNiNI01vNhbXbkYuZFJMYlgTjaSCSuQTkEHivxp8aePfFnj7V73WvFWv6jreqTyM7PezSyqGkO4hEdmVFU4AAXA4z0rkRDPJkLvZsNtO3AXb0AIJ3EY4HUenStCz00EncCJG4zgn5+pCkfw4ODzjHHqT++8O8E5Jw9TgsJhIOq0lPEVIqdab0bvOV7d7JpK9mtWfL4zNMTim4ufJTT0px0glpa6T1emlzNt7XzZJPNZtz8Jk7yGIPQDgAg8Hb8uPpjobLSyygBHKhWKE5O9gB8zAcHA7Agg85zkndsNG3RRosbtKykNIRtPPIyQM4POScEBskgDNeg6R4Xu5Y0QRFB92JmBPs21uRtGBjJ9eex+25qVCH2U7LRq2/La907WVu27XVs5aFKrWvdXtZXTk9rXbb395vTZXva978VZaSZFQjEOSynqGDEBTnocHqM445Ax07/RPDu9QVXZtAEk8pAGAeSqjnOMjv0OOorsrfw5b2USPcbC8QO4kKDz/tDqzcAAEnPXoAZo1vdWv7TR9Gha4u7qaKCKCKI5eWVgiJleFViVycHk8nklfLxWYQpU5zlONOnTi5ybfuqKUW3d2smtXay131PqsswCpzptxU5y5VGCTcm20mlbq3tb0ctC9p+m6XpoDsq3EqqMSygFQe7DswJGAMHA47AV7b8M/hD8TfjLqsWk+AvC9/fRTyJFNqctvLFptqpIDN9pZFRVAJLc5PGDxX6K/sz/8ABN20ksbDx18dNSiFvJFDeweGoZljhWNlE0YvZiwUDaRuRCACDnBxn69+If7UHwD/AGbNFbwx4Jt9Mub+zh8m10Tw6kOwSJGyj7XdxDLFWzvDOSSvJ6Z/l3jHx0xWLx9bh7w5ynFcSZxzOhPE04T/ALOw1RSjFylVikpxi923GCtq3qfumT8DRo4WnmPEmKpZXg1FVFSlKKr1IvlajrrBy1stZdLX1fjfwT/4JwfD7wTDb+KfjPrEPiLVbcJO+mCZbfRrF1Cuwnd2xKEZcttback4IAFeh/Fv9tH4I/Aawbwt8N7Kx1rW7SEW9vpmirEmkWkkeUH2ieFQJdpzuBJOcqSQQB+Xvxt/a++LHxlurmzk1Wfw94ekYrFo2kSvCzRHAAuJ1YEkjG7JH8RIyTj5LuLi2sWaS7kAkP3nmcyySN95iXfJ3NkDIyTwcnANfNZL4LcUcZYyGdeKud4jHczVWnkOFqzhgqCvB+zqcjjGVlZPkjd6pzepOYcd5Rk1OWC4XwUIWvGWOrQvOXwpyin7zd9VKTsm/h7fS3xc/al+LvxsuZU13XrjTNHZm8vRtMke1soo2z+7l2FfN4yCCSMcLjivm68ls7FRNcS+Y5cnYSAxI+8zZJ3An5mzuHfkDI5m+8Wl0eGzgVItriOUEKwYAhjg4JzztzjHQZGDXGzX8txueaSSV9h3Bs4Q5zxnPUYHQkDPXOa/pHI+GMi4cwdPBZTgMJgMPSgoxp0KMIPprNpJylezcpOTbdm+p+YZlnePzOvKri8RUrVJ3vzzei00S1il3SXbZ2Ok1XxPI5aOyxjGPMA+SIKSDlQRzuweMbj3x8tcJfXRuZCbiV3KESE5LAjHOT8xG7PRc8DBxgZpT3g89hE/yOuCxPy5GOGC8jDAck9faoYYru/lPlxySCUbVjRGcyHhVG1cNjgE9AcnnHNezLE06cXy8qSvu7J/C9VfXtdfhZHmxbm0mpczfRau9uzbvq01dray0sqt1OJCYoFXcBvLYyOnA4/ujaduScg9Fwauab4evNWuI4o7eWVpCuAiFmd+AAQFJwfcYHoeAfXvCfwj1S6Uanrfl6TZAIxM4P2iRT82yODhiTggEIxODuIAAr36zPhHwFpCzwx2unK5LDUb5Vm1KdiP+XW1+ZkBPIZhw2CenPgYnM2vdo3nJuyaT5ebRfE7q2mvpc9zA5Wq/vVb04JXbbV7JK+tkk3rpfZu9mrnjvhz4JMDHeeIWOmWwVX+zqu++nIOREkIO4hjnHynHsM17BHqHhnwPYiBWi0aIqWaCHZNrV4o4Ck/MbbdxkOARz2rzPxB8WbmUyR6MjwidmRtRuT5t5ICwUPECCsKkdNoBAx26eJ65qV1cXZnlmkkmldDJJOzPKwJyzhjyB1IAI7ZHHPkezxGInzYmbaupezTtZ6X7/fdtWbt1PaVXCYGLjhoRlOKSc2r9r2ey/4be9z13xB8Sb6786DRVbSbJpGDyI+7ULkEHmeYncCwP8JUEHAA4A8bur5LiWRJnfD+ZMXclpHJO47mJLqMjB5Geves2+1QQxIscgdlc7Xzl3zjJbPzEAngc9Opri9c8SJbO7LKmdgRnBBJcg/LgHIHOcjg8fxc16WFwyVlThyp2VrXl01berv0vbsrateTi8xteVSd79dLWVnr1v8Acr69y/eatB9oZvm2xICWDMoJzhgNxJCkDu2TnqRXF6v4stYJpJA6AKmACx+U4wqjvnH0C+gPXgNV8SXN3fGz02O41G+u8Qw2llE8zzSMdqrEkYJJJxhQATj+E8n6R+G/7G3jXxPZweMfi/rEHww8DgLcyHU3EWsXtuMMI7e2d1eJpI8kFwRzgnOVr6DB5fKpKNk0tLNr0vvezVunXW1tT5nEZvOcnGhC+tubaK2te3XXXl187anyjqXiDVvEF4unaLY3eo3kxCpb2Ns9zcSuTsGRCpwMsMg8KvXopqjrHw68WeG9Z0uHxrYz6Y92kV+9rKQk/wBj4fa5P3HZP4CAwI54r728Q/HT4GfAWzuPDfwH8KWOp60qPb3PjTWII7q9mlwUaWIzB1QA/ODFyMgjnBPwv4/+JGs/EG8Ota1fGSWHdgkuNzuTuK87gvPyrwOMYAOK9ulh4UbRhFO9tdb9G91ZLW+mqt834OJqOblOrWc5ppqMXpFWT2bt6379WfS1t+1hrvgrwivg74T6Lp3gfTRC1vf65ZxLHrWp5XazT3ePMyTuO1GAwTgcivkTW9eufEl3d6trGoXmo308kkkt1eSvO8k8jEly8hJwGHyqpAHBxk8c+08t4ojiLCBcBt3PbsfQYPIHQ5Nb+j+G7zUWjRIJXXf8ihS7OzAbQiAAlienbqTxWzVmpNJLpZ2S+HVtay/FdLd+SderVUaalKUVb3UrR5nsku71V2uja8+bs7WeZgsMUjuSxG1NzseeQeduOAScD8TX0D8KPgJ4y+JGpQWumaVdX00su0skDNBAGwCbmbARFX074YchTXv/AMJv2dbW2jg8TfEa7Xw5oTKsyWkgH9rahEFLeXBCVLosgwM4ABPOMHP09rf7QOhfD/RB4Y+HOlW/hXSyhja6gVH17U4wCvnPIFLoZDtLDoNxx2rB1U2vZxU22k3tFeW7u9fhSS19TspYKMYqpjKiprpG/vtaWi1e2vbdvS9k7d14F/Z/+DHwE0q21v4hXNj4n8XRwrOnh+ACSC0lCjKz7SR8rZ5fOD0xivNfix+0vf6yr+HvD+bbTySlp4d0FvKt4Iui/bZo1VXO0AMuSQV+6elfMmueJfEPiyW71DVdQn0jS7h2eWe6uXe/uowMhEVjv+fn5QQucjngVwE/iS205Ba6DALeORyJL6Xa15ccjLbiMoGAwPmDDn+LLV3UaNeq0pOysrJWUUtN2uvWybb9GcGOzPD4WnL2EYQil7rlpUb91Wvb3b6Pfa12dzqmrX0UEtx4ovSsThpIdIsnxkfMQtw6sWbkjJfOSx6Hp5fqniq9vonjsF+wadlYzbQkKWBCnc7jnLD7xJxtOMcHNvV5zNp8nmSEl2jZjJkynIBJYnORk5Bzjnk81x0cDyFYEUIGGSDnHB4JxgZPQjv2r3MJho0Fsm2rJtxteyWl0klurO75npbp+fZnj62MqxjzSjDTTrzXhbm7pq+r3v23uWsbTSxzTBpEDFMKdwORxgbiSQcEkk9wTXQ3sOyePCBHMShAdpXjBIOcHJHP8I454zRpts4miiYoCVBKoBu3KMjpkA8DBAGPu544u6xc2lnMGuHHmpGFKll8zLdB1OBkBTgHBOK2UpSqJJc26tZ2TXLra2+vk1ffQIUKVDCuUmoyUlbmaV3ZPrZeqT26WVlpaOkcNi7SFctKdzvjEbBhwOnU7unBzgYHAluNQW4jeK2CkoSry9FyG4AyvUEYxkZGexNY+iWet+I5U06yt5VjlmARFjLySAkhQiKNzFhgqNvORk81+q37J3/BLf4xfHK6sNY1fSbrw34QeSOR9R1SGS2WeEEM3kpIsZd2Q5AUEfMB1O2vreHODc3z6q50MP7LCQd6uLrv2WGpR0bcqs7Rb7Ri3J9E76/nvHni5wxwLlyWPx8J4txaw+W4a2IxuJqWVoU6FNyqNuSa5rRj1bVj89/BHgHxD441Ky0vQ9LvtZvbqaNY4ra3kkUnhUVVVT8pOMtwCBnkkAfuj+yN/wAEsNW1Yaf4r+LcE1lZ7orm38PKhE0inbIfOB/1aEYBL5AJAJ7V+pnw5/Zn/Zb/AGI/Cq674rvtBXXbS28x7/UTbSXryInItLZyzpISpKsVYg45zk1+fH7VH/BW3ZHqHg74G266VbMJLebX2WP7TImGQvCQCYwVGRgcZG3lef3nh7hrh/hyisVUjSx2IpWlLMcZGUMFSmlFv6tQfv4qcd4ykmnvypbfwdx54meJHihjXlWTxxORZVXbj9RwE+fN8RRk1G+NxcW6WXU5J6wUpVZK60aP0l8TeP8A9nf9j7webfULvRdIlsbfbaeHNIa3bU7ySOPCpcSxZkUsww54HUEDOa/Ej9qX/gqB49+IiX2g+Crk+DvCmZYo7ayl8u6uIDuXzJ5VxlmGP4yc9M5XP5Y/Ej41+LfHuq3Gqa9rmoatqF1O7yzXlxJIdxYuUQMSqLyMYAAHfrnwPU9ZuppnkupWLA/INxKBQTnI4xjnHsRxmvE4o8TKOHdSGAlKdVLlli63Lzrl0tRpR/d0Yq/u2TnayTR9X4b/AEZliKmHxvEFP265lVWDjzyo875ZXxFSadTFVG377qS5XJ6RXXvPFXxD1XXb66u7m+ubq4lkctNPKZHdmJ3SFnJLBs5JB4xgkV5JdeIjvlZpPMmjXq2ThfRj68cY6EnFc7qmtRoz+W2xwHJdiAM5zgc89sf/AKq891fxHb2EDyzzqA+XZgw3gY+UBeucnvuGMZ5xX4JnXF2KxlSbnXlOUvecnJtvut9b3S22T33P7m4Q8OMDlGHoQpYOlQhTUYxhTpxgoxilGPKklr5LvtfU9CuddjRZHnkG5wdoYYKMQSQu7gcdScAcDkYI8b8UePUiaW2t382QkoxjJxGF7kjBJyRzkgEY7nPF6/42a8s5Ft5NhZ9u48OsQyANv+0MH5cEc5x1Hmc1wJ0bJdmYFixY5YuTkqoOSexx9Ccnj8+xWZVcRKTc5OzurX3tF37vd6a3stbn7JgMppYeMYxpxStduyvpbTTp0tpvv1etrGr3Wpk+e7hFUeWA2Q3PBIznJPc9SGGOcnlIo0nuEUKWcuQcEgAdAfm7kDIP04PBOjF5jxugJIQAMcZ2jdk/MevTA79c+guWlmqubmNHuGBUDAC8klSSd3UY5AwoHQAGvMddq7urt6PRpbPRvfrrurI9arQhBR0Sfuu/l7utk073u7vlsld7keoJa2tsiLGzzEMh3AA5ONzHpjrwOgAP4pYWyXctujkvANolKnIjDdQq/wB7nOcZ7A81QuvMkuZvOkJHmGNQCcKD3Zex9Pl+bhgM4qa03xJOE3oAoCBOWYjoWwc4AOcg+wOTS5bU076t30bvra3kk72v3b6pmLstlZJJaW0d1fvdN9X3V3ezLOu6XaWk2y22kAOCoJBAwMNIxwQw+YjIweozjnn381IlB2iMfdbABJGG5zuH3unOcd8ddC+vBMqxmMs65Msm7LEkYwCepAHIzySRnoDlSzeZGiBSgQEDng/LwBgYGCQRjA684HOlFNR95663u91daedr76dPMznZKyd9N9b27PZaaXvpq7X0LFs4LKvIIXlh3wW4POcZ5GeOc4PWvR/D+n2N5cwyz3SxeXtERYoV3D7wPTJGOM459iufKtxA+VmweuVIGfTggAD3564LV1Wio1x+6RyrhcqsZ+YscAbAOmcgHtnOOOkYmm5Rck7NKz3u02raeV29Ne1x0mnOKl5W36WsrK+9ul3fZ6a+uXT2tlaXFu00c8s7FPNjfG0dyVGRkKR6gHjnt5jfy2NreloHkkeMZUNwoOeQRj5mOPlBGD6dMXTNcQW88FwhQKGVZHzlTnkFgSCcEYx0POSQK4yecNIzMdwz8p4PYD0GDnPB+owRkcmFoJX+1d6yel37r6LS9rtaO6d9Oa21eUW1bmjayXZ2s9WrJPRNvcNQvmuZS7LscEn5cHAP3ehIAXlug5yOlZLHJwOpJGO5J4BPpyTwec9RzxLMhZt4GASAATz3A75HCk4xnrkk1GoBwx4A9DgdSceoGQTnPpjpivTSsrXem6s0r6J2Xyv9++hyOV9mlay003tZvbfTV27jQORnqTyCPQgnnPcexHP41IOXQDkZOQMHJHQZ5xnOPxzyDiiUqzEqu0ck4+nTP8ycnJwCcE0sT7WLY+VeTk4xnj1Bzk8jPOTnHOWCbWiV7tO706qy8v8Ah9djRsLGW5lwFDD5wwYgBCoJBxxyCAMEk85PtRuOHIONy5RiMnpngDjp93n6Grkd8scKpBmN2cs5GBnJxgngk46+mep61mufMZ26Y5x+AH4ng5OOfp0iPM5OTva1ls/X0fTa+nkik24We/Ra3dkm3r6v5W72TVYe459eOvHvx0Oew+gp3mMM4JH0PpwMHuAemAOg54qKirILbTuzqzyNIQAvzfNjAA4XIxgE4HGee/J6XQbi0tpDNNOYudoPpnPBz944xg4HfOc5rkVB5A6kDA4x19+O/HsTUpIXgkHgjIAJ4xyOQMj8/wAc1lUpqWl2k7X06Jqy22t/Vrm0Z6NtNrS2vwu8bWbb1sl0Vt+x2+qeIpZs2kZVrU7kL7VDsrdSDjvyGIOCTkla4l3JY7WcIAQASRnjvyRuIJJIHTkU1ZmDZJ4AOBjI/L35HGMZ+tR7m9fX9f5e3pTp0o001Ffh063+e3lZ901KadraJNbWvpbXzv57a2QoZlPvg9eeD+OKeHIJ6ng88Yx1xgZH5f1qIkkknqakVu7AFQDxgnntz6jtzxkHnGKuy+8hPXd2vpfX79vLrpbQYCwyy8An+vH5fzpvHPH0PpU7YOfQ9OMDJxg//W64x6cxbeDyPX+p7Z4BB/Tk9H/X9dxO2lnfTvez+Wlnuvv7DaKMf57j8KcDxjAyeMnpj/H3680CExxnIznGPb19/wAKSnYGOMkkdPTgHPH14GPxzxTaA/r8v8/8x4kYEEEggEDnuep/Xjp2685lW6mVlbeWZTxuJKgem30+lQqCTjkjvjt2z6UKATgn6fn05/z/ACIO73u9/V9r/jv/AJF838jsGYKMDaBg4wRgjIxjPqc8DjGTgkEcxLowTjkHJBLcFjg8n+IEcDGSOKot6c5GQBg5PJHB/mMdsDHFSyQSKiyYcqwGTtIHTjnGD64GcDBPUUtE1st7dHfTb9fkHM3vrbbpZ6aq1r/15hsYMAo3cjLDvu4Bz2yWx9TjgGmMhBIxyDyMY/x9uBn2HBJAWTGMhSDkEZzjqSOOxHQ5xzXY+D/D0viXVI9OQqoZf3kmcmNPvZ4HUAcjOARjnnETnGlCVSbXLFNyl2S1fnprpq/xtM5xpwcpvljBNyk3ok7bK3W/9dMbTLVPPjeTBVJEJUnqGwATgcj/AGQOQeTgV7DqEFvDaWqwKoGAxMbNtcHHAG4YCnoenrgYFfR+jfsmafqGj6XrMesXFnFKyC9uJ4nEadsoeBsOCQxxgYOcVzfiP4JjT57mw8O6m+vPpkEsrPaq8pm2t8zFhuBKkYYdQ3OM8nwVn+WYipanibuDtJOLSi7pK8pKyu3u7Lye7+cqZ3ga9WMKdVPkmot2aV7xesnp10fk0eK6VoGpar5n9k20t1K6lj5akhAM4BKngDHPHHTjqLEuh6ppRjk1CxvEZZAu3yJDG7YHCtjr0GB8vJ5yRj67/Z20Sz0yDUp/EjnRA0qqpukVJpVUkN5YlA25YBSQOmccZr3vxn8T/hii6f4ah0HSdWvBKsQuEiiJZJGVfOkcAkvklieeSSAD08fF8UV6ONeDoZfVxdNcrdanJNK6UnJXTUrWvq1Z9FbTjnm8vrEqUKLqU1a9SGyVlJtLbq929fw/OG78HeJ9Q02fWLTRLyTSolDXNxHBIqRBl4Xdxkd2IPcH0NeN3iM00sMqyw+SSqou7gg5wwAOSOc/meMiv6BdUtfD7/C238PaZp2mNd3lgXVbNI43jilAZzIwGHKk8M4JwAASCMeReDf2avhhY6d/aHifw0z/ANpStLNeT/M0OAxdoFHAyx2gtkEZPOCteJQ8SMJShiJ4/CVKKhiHQoU4LnlNKycpK0VZWb0drvRaBhOJMPGNT2ylC1RRhtzP4Xdt+6laLe9lfqmfiWUyI1ZCilMZ5LHnPzHJ5HO37vTHY4rsFj4UMTGTweNwGc5PXkAfMcg5xz0r9EPjt+yrDpFxf+KvBl1Db+HIYJ737GS0k6JyQjAbgCewGCRnGeM/ntPA6zTqWHDMhLKwIAJGQCQw5GAeBwegII+/yjOcDnOHjicHVU00uenJpVYScYtxlFP3WtN009/T6bDY2jjKanRmpJ2vHRuOibvy72u0m9NfmT2Sq8zyuB5QAJBYD5hwAwIGB83zZ59cEk06/feplMylEY7IkOMse6g8EDaMH6cZAaqUMUj+ai4C8cZJ3EjjIBPHJB29c89xVm2sZ5IwY7eaXy8E7Y3ZYySPmZuQBnBGSQeeOAT6z5VZtqPRuTSWrtZ3ff8A4bdvpsrtt+Ur6JN26a9PLyfQyEkZGc4wxxt5zyw5yOeflOfoBjpgiYoZGbJLKT2J3N8wAPT5eccY/iz2rVXT55JMrbysxZgQEYjocsfl4zx3IyD1Oa0NK8OarrF9Bpum2NzeahO4jgtooWeR2YnapTaTglT1PXkgjGV7ejTi5SqQhGKcpSukkkk25N+T1bfSy1M5TUYtuUUkruTduiT7fe+9tLacocggsQATyccAZ5wRySTli2DnPqBSGTBxggFgAWByR/nnqe2eeB3vif4f+KPCshg1zQtQspowrSia3kjiiDnOHcoFUnqAcHHYqFrhpYXVssCcZYDafu8HB44x6DPQEcYNXRr0K8FUpVoVabtadOUZpp2100e+tvTcVOrGrFSjOM4tpcyakultU99evRX6at8wDdwAQN2MdT2weRkAAsTkDB6bhUYJPIHUYAznPUZI/un19TnrmpMbyQTtDIHHGSSBnjtjjBwcbgQMYqMfLgAdTw3Q46e5wec5656GtOq30007tqy0Xp1/U0SSt1e3Ty/K1/v3YMGKlFGOQDjq2SAM8Y4XBPckhcimqhHXrjAyMkk8jp3yecdcY9amKgY3nBDdMjd6knpkkcg5ByO+DmZYgzDbluOdvUE84AYDOCORz1yDyTV8ut5Xsly6P8+t9rPW+mqsrJ+8tOt/Lt5Pb5PTruQKnyqcjueme+cZ465J78jirttbNLIsaRyF+cLGhZ2yo4VRnI5Hbr0424WG1csFcbRgYBPJPuOe4G4flwOPa/hO2naXrKzX+jHUrohZLaMhnWNt+d7AjBUA8g8fLgAYyMqklSi5L3mvvb929/w1vsuxzV5OjSlUacrfZVtbNaXbSWze99NNduc8MeFrjVZoLCOCeK+uHJRXRkCR42ncxwQcDgELzyfvV7VZfCl4bCYC4866tZcukj+WkSfeLJKSVcjpjliAQoxXfanqdrLqEM2j21jFfXCyifyIljMAKn+Ij5WUnqAOVYAHqOe1ZNY0jT1mS5uL6G6djNMkhMYlY5MUhzlSR13YyBjGa444ms5x5Ywim7tWd3bldtVd97/jsfJ4nFV8TNxpcsFZv3tbpcml5LlbvLZWSsPi0W3TRZFlmUi13GC4SQNJNcbchFGc7QwABHrhelcHp9xquoX0WihPN3yl5o5GZpggzljnBUbQeOMdc4Ndelpez6Q2pzXKafAsTeVZ8F5J0wF2qSG3HsByR7g1wdpq+oW92b1YWtr9DIHuZkEZbaTiNQVGdwxnAXk8Z7+lSqTnBavWTXRatLu9t7c1uZJtPoeZDCSVSqpJTqOCdOTtdNKKum9Una9na6XS56F4nsdKSxitY1kVZbfyYopAyKs3AdlyOVzkFvVvevMf7GTSrm3k1WEppv7oG1Dk+aCGbfgDBUAdMZXcSMHNeqfY73WNItdY1K8h+3rKzW9hlVbylIIOWAyGI5POByPUcp4xs72aW31K5aHIWKJLSP5lVCvDbRx8x6EbQvzckg4qlUSk+Zt7O7sor4dGrvVO91rfTSyuRhalSnL2PM3FtKUm5bvldld7qV003bbTQq6pb+FpE+3WlvcW7lVhggRTtkbACy5HJIOVJBB4Hauh03TdEGly/aVjW6SPz5muVO/y8ZSOMkZzzz1+6dwJHPKpoOt3WnyX8a4tLTaqRRDe6NgsWwvKhSDli2ACMDA21kNdandwLvkk+1SOFWLjYUU4G49SSBnksMg9849CniYpu6jsk1ZK23vOytez0Sukk721FVw8qt7VbKEo8zd01tZO+miXVX6aJ2NHS/BWt6/dS3enxD7I0uwN5qqu3LFuGySQg4I9BnnGPoX4c/CTRfFN3JpFwI7DypdtxqEsgG0x5JKrkHbuBDN0AGTnjPiNuPFGmQedYGSeLyB5kduX8mBpOW34+UNk9eueP7uOj8Mah4hhmvr+5vp7K1gtdsl0ryIWfgmAYODuJABxkcgtyQeylKCsrJy3u3dbJc0W9ls0l6bHg55DG18LV+r4qFF048sIxd5OT5WpJrVdPdtdbbtW9B8Q/Cu40fxKbWxu4Lqxt2SQ3MDqsARJMEq2cFiqkt0z24xX63fsH618J/AnjTw/47+K+u+Ra6NdWv8AZVhaSAyMsGC09xs52qF3E7eM+uSPx7i8Wz3MNzLL9omEyrb225yFB/ikAzggZyw3Elm6Y6VW8T+ILKFU0me62MhjmfLtksSCI1OQqDgfL/CeemB7GV43+zcbQxlOEZSozhOCmnNOcJJxb+HZpO3pZdD8J8QuCcb4h8P4vhfMMzlgcNjaDwmKr4aEfbSoTilVgpTTUXUhpKVm2m0j+iD9u3/go9a/F27Pgz4YapJp3gTRHV2MsgD31xGWG5DhSY3xkBjjknvX46pH43+PHju00yxeTUr28kRY7dmZIkjDbVbcSFBC44OD154FfO0N7qVzAsNy7GYyLI8eCCVb5t7sDgNnIwTjGMAc49o8M+MLjwssTaLc3VpqEqxBr+0BhuLdlO7YsqlWVSV5wy885JIz9TXz2vnOOWJzGpKSlKF1G8IqC5fcjFtxVklu7Nu7Tvdfn/CHg/kXhVkDyrhPD0PrtKjUVHGYpc8qmIqJOVavJJSk2+XRWtFKK2R90eEv+CeP7QMrR6nY+G5NStLdtkkUUiyXEjbQxWO3UmV1C4G7O0kKOg4+8/2QP2Cfii/xX0abxf4U1TSfCNvq1vPra6mDZG48hklFspYLmGTBAA4K4yQScfNH7Nv/AAUX8efDBtLkuLS41+awlW1uJ9RuZGSaBiqgyb2fdwCcnHIXOCQB/RV+zp+0VaftQeGJb3+0rLwzbyXEHn4uYUuY7l1UERqNkrQ7jw44Xg8ZNfrPCeTcO4+ccThsRUjWpJTqU6zdkkov3VGK5kuybfZ6n8VePfiJ428KYHMcNm+SYLEZXjW8Hh8zyylK1OFR2563NWfsnyuynNRjvZ3ijxj9sXS/h3okOnaL4E8G6b4dtNEvYpNa1aGzRY51CLEYDMqjzHJVtxDZYNkDuJP2SNGm8ZaPe2Gg3lnEkV5JcT3bv5jWzKcQwQxOzcNgFsDkHJAGcbf7Z3wQ8dR6DajQdae/8J2ED6n4gulTdIisSySu+d0ikEHcSRjkhjw3k/8AwT70jxR4auvE/itYhe+FrGOWNlQvJJcXrO/lFIiQWkfKAcHk4Hv+hxSo4qjTw0OekqV1Ukmo1Hywk5OGjils79W7q+h/IOa1P7U8MsfmeLzWlHMMNmEZ+xpv95TqSqKM6MZOzU4qXuOLkpJt3ep9U+PP2U7TXfC/ivSPGOneGLezvbS71WfVrizhN9cmMNIY/tKYeIvhfvMvJJIB6/yz+L9B8NaJ8TNc0iwkWw0zRtWvYYmgcmOVYZnVdswwMHHGN2VORuNf0GftWft266vhrWfA2h+HZ9M1i4nm0zULuZDJdi1IZDGkA/eI7JlVJVVyeRnr+M/if9mj4ra/4S1j4ozeDNRsPDNg51G81CZWikuIrgiVXkVwMPIWIyQTtPTpX5/xng3mVej9XwkPrGHcpVqlKg48sHKLSlNJNpST1bt8z9++jZUzXhvA5hW4rznE0MszuOFoZNhc0xcXUqTnZqdOnzWScZxjFQSk1zOWiSf0L4L/AGsPGnw/+BWraB4bbTby7udLuNBt7a3tkubyz0u7yJLh25ZWKsSXYE55z0I/HHxZpniXX31mabT7y/lvLyaTeIZfNeRnLuDIV2jB52jBI7HJA/aH9lH4A6Hrln8OrrVww1z4leI1sLfRrmeM2n9g2TjzJX5BBkKbQvBKjgc8/rZ8dvgh+zp8MvhP4/1rxL4A0DR7HRbU2+im3tUjbUNYS28sSicBXJ875iFb5icEYJz58uD8ZnuV08RicwhhqWEoycKUrztTjGMnK9orVOLd7tXvtqfoWC8X+FvC7jTEZNl2Q1swzPP8zi5YqFo+1quqoKnGSjNyj7TmjG1ot9W0fw/2fg/xPLeyyWuk6hcSwyiJooopnkV2YqiRoAxLDK9AfXvgdjqNl478J6jaTa/Bd6D9jgidkuozb3K7lDwuEb53PAKsBkMc9Rz90al8bv8AhXvj7+0dO0fQitzHMtvp8dpBLAglZljuJZWDDzFjYNklSCMZJO6vgv42fEDU/HnjPUtUvL6a/e/dkkPIhtVQ/JFFGvyBYlwBxnAGAAcV+J5xTwmWxnChjJVcRCpye6uSPu2tLm3btbSys7666f3pwxmebcTVcPHG5PQwmCq4eDqOtJVJuUoxSppcvKlHVSu0rp73RxuvfEHxjrV/eDV9c1DUPNj+z2i3M7ziaMMVjVVYsFGzABAGATyBxWVN4hhsrSO3vLcQwyKcqFxMtxGMFvM6bWPTORknAxmvKb/VpINUj2JJILZ/LSYsylX3dT/eJLHsBgHkmu7XUtD1PwpqDalOj6pBIZDM4wyojZ8pCSAwI4IHKnqB0Pw2Kr1cTBqrOVRt35nJyd01vzeqe9tLLZH7VguHMNgaFB0MNSp05cqjGhGMLNqN5cqUYrm6tK73bte/J3zaffRXl0ks0N0ZGESE9ATnIPXacnJAGefu9RmXGr6hpdnGsBfc0LeZJGhCbM4IyMh3zyWwTkkZyOMD+3NOM9zGEwkyHapYny4xj5SwJG45HdsDrU8N3c6jA8NqUSG3TMMMpDGRGBzknG5Rnlgc5OQeePBrUrKzSklvpo7Wv1te3K9HuuzPrsNlzh7KLUuRKMnFptNNpXa1V9m229dEtdfR/BF3r01tfQaddAwXAEtyRgvuIJ2DvkEEEjgE9wOfTrTxTZeFBbalqBFzdWqYh0uWUSiRuQ7vuzu5ww6bTg9c183aXr1/oxCQyw27Rxv5vzAZMnVcg7WcZIBOefwFY13rF3ql6RK42q4Cqzklkc5+8SOTyxwcnPpwPlMzydYupP2j5aTSdkvektG43u3Hm3bS2WjfTlxGRPE4io6jUcPfmStZuyUrX1cbyvol5faPp/TfEL+J/EEmpTeWhuJI2ktcArbW7Nks/PKoMDpuwByDjPvmmapYi9uRam1ijggjjV41DeZhRuCgZ2jOBk9fmzyK+RvBlhKpa7bzYYrmHajg7gFUDc0hUE9vunkkjjaFz734djgiuIInmtw+oRKGYvjyUGcSqDkliASRwQ24Y4Jr8k4nyqhKU6dOVlThy04U2723d7rpF3u3q9NT8l4wy2lKVWnRfu004wUF0STcX35Ve7dm9k3Zo+ptD1FXtknlWAh7cR2wRQ0jyOMLgc4fPzFug53EAnHf+GNX1DUZBoq6QY3WWNDciNnZGkcB5JSM5dwThuzHj0rw7SEtGs7CDSrmSfy7lXurtyR5QUjGzdjcAAThTnkA+31F8PRMRLIssZgM1vG8+weZOcgDDAZIHJ6+x4Nfkn1BYXHUZxjzueIhGLndON5QSko9Ulq+zb1XT+dOJ6EMNQxUpwTlCM1Fy3jypSbcbra6d3q7tH9a3/BvpoT6Y3xeka6lu1Sx0K3aSQE/MsjMVBOQNoJAwQCPrXtv/BwPCW/Z3+HcgUkp4wuIy6jdt8yGNc9hjI56jrx/dZ/wQc0qxt/h18Sb2BFaebVdOikmKgO6ojkK2P7pPIPrk43ZHV/8F8rA3P7MfhGVcEweNIuTn+NQDjHfI9e3qMH/AEH4S5qUshpyXv08sw0b774JOy7aS2b1srLQ/ZOEacf+JRszxCbtWhmeK3e6z3Vb625d7O3qj+GCKzltvFt1c3DxfY47jc0ciAhiX2hiAOeeS2CPc8V0GvyyRw3umo0WzVtwIQHEMDq3KpnaGIPoSMZJ4we9g8CXOpX+rSpZtPyzrLIwQRndgMBwCwI+UHkdQcZFUb34a38AuNV1WOS3gt5Y1sH88OJJwAAJUydoAAbJAwCBx0P+fnjBj8PS44zSFas4VKWKlLlTcnJuUZRi07WS0une2+5/P+Hz6g54OPt3zwo0rb3uqcLRaW7W1rvR3S3PkO+8OjwhrFtewvGGuGZRDeqAwRGLEt2G9ehC52nAy2TXquma/wCFvG95b29w8FndW9v5drGIFWKW6QBREzcbt7ZwS2e5bOAex8X+AovEEQSeWCbUUBdpo5Ix5dtsCnGTjcoH3Ryccg4NeQ6p4Bj8O28dtbX0VtIJEltL6TKzs7MM4IOcIeAQegBPY18bDMMBnGHgquJrUswpx9nRqU4ycY8rSipe7aULa2vtZX6P9Eo4/B5vh6KrVKsMZCKhGpFNq8eTkjy2fMtNW9b97a9trulX3gye2mvrSAWN1Gywx2zq1zK8uQY2CYIALEqDn5SDn+GsrQLmz1zVxo91aX1jO1ncLaRQ+bKHmlU7BMq/3FYcZHI7A8eYa94g8RXV/baRdai93HYLF9kkfe8rXTMAuzP3sNtALcAH7xxXpt54zfwXaWkM8mnpr0tgJorlAouo7iRPlEzkZUYwrA9cZDAAZ7qOW4uFHDR5oYrGV01GVKTuvZuLU3G97cru3y9kl1Po8Bl+IpRwyXLXrVHFRtL4VFp89t0ktZfceN6P4XtdC8Vatb3wZr2wkneNxEyxyPK7FVlJJPyBwGXHTg8Yz3WqfEuPwmbawlvVtHNsyxyWQAIST7xZgWUjBIAOcYBPOa4HU5dUuIJNWvtTYX887zanFjDGJtxVo2AHmFwRgLx0wDg1438Q9WsLS20+NWWa6EUkkLyyEyjOSrTZJyyjA2ZOMZ55Ffd4PIXn2Kw0MderCEKdKcbXSlCNNTfLL7Dk9Olrbrb9YwOWQzGpQeJbnFRpRmnZLRR57q+sb7WWt01ex9geBvid4S1mxu7CCe2stT0xnvr2/viQ06IMhlJYBucL5eCSW5zg57TwR8fY7LUJm1TUI202N2hs44yfLhLsv78Kpw2QPu47nIGDj8jofF8sE0yWzCA3MyJPcglVfceVAzlkPII5HBJyeK9KsfGgsoFtYys6hQYiq7pPMKnLFsEY3H5RnpxuPWqzvwVy3FKvFKcqeIfuxkuZ0U3HmcJO9r2StdWjdK2jfp5l4fZbiqU4yp+5USUFZe5B8t3G6V9Pd7pPax+3mj/tWaV4fjg+0+LYZNJfzRcaSbgwgkISrzncucH50Vc7scjJxX5GftD/AB3g8X+L9Wn0MhbP+0JZg00283Lb3ImC8N5cY4QDPzYySxIrwfUfEF6xullSWe8lRpIQzkrGzE7SUHJwCCQeB0wcceX39pcrbNfXSpJqVw5Xy8/MiEDnaCVGMjoABggYr0PDjwL4f4UzWtnCpKpiK8IRUVTjCOkk1JpK8mm005J6O10tF0cKcBZPw/iJV6cHKpNWalblWsW2l62afZaNov6lrV7r07TTTKsRLOkjrlUKkbgNwH384IPuTnrWmv2Kz0YX0l0pulLSpEWInkAAOFXPCEHk4Le4GDXm+o3Fza2cVvEWG9lMrsAAC44x2baT6YGT3qDTjPPOlncS+ZKSqoztkjzCAX5yMc5A5OduD2r+kXl9KNKEUoxpQ5WoxjeyST29Frvp2Z+sYfDUuVONoQi00tGrWTTvur3veyeiujpU1SbXJpLhbaSOREPlMisVVVDKzNkHLDv0Y8c8VBCJFc2scLtdORK7Z2E/MfmIHzHIBJHToD79DqWqafoVhbaPYBZr+UFpZ1VVZCy5O8jORnIHUEnJ5JIq6QbvbBOtvvuZWaJ7koVyM/Myhs4VfU47ZAGaiE1TptKNotqMXZ3aTi78rutNo6XtbTc9PCu9SCjpG9k3rKWsW5a3u9fd01snda33bXUbgxfYxbtExjRHGcl0GA5wwJBPrwABjpwWXPw68O+Kbe9WykNrexo0vnSqvMgG50ByATu4HAbnOWwcblrNaWTXM81xG80SYmBClCpGV2HAwW9j6HC5rmbTxDHbXUk0MhiVpQsaupKBHYht3O1s98gkdRx0mNevBuVJtNXd11s4rpotVZdb676P7KnXpU1GNS0vdsk3FSVuXVJXSbel1bpseNxeAru21MQ325LSGVo1mHHntG5wQMsGyBzwMcgcZJ9j0iCOwu4FjCxWI2qZHBxIduCQCB/Fx6ngc44ta9rulX8kSxRZmj2MzqMR7juLygHgEFsnGT64J55fUdUt4LAZdyiygwMW27s43tyBuOOwOeMdenoPGTr04qpG09L20V1y6fDd6pq1lq38uKtVppylB3d03bVu3Ldb3fkl13ep1ni/WVh035PJkjJaJJAVAOR1A5IC4xuwc5B4xXzte6lJA/lXA3JtaVVTIKsxBBwcA4DD1I7Z+Y10etauLmLCNiFAv7p2ILE9SvQcHOCvfIPAxXnOpXPm3CKTsidSMMMkYPy8tnJbkEdOeMV04OFkl0b0s7rXl1autL9F93Q4IXqVG2r7JSst7pu1+rdlG+nRtXsOmuDNBcl5QkajEeSNzMwAI7kHt+PQYNc0bjDooGSoY7COODkM2MknBwpB9cZOTVm9eMb48PvKpwcAHBwTgfKOP4hyeOhBFZJcElgAXUcDk8dxjI6Y69TgkV7NJNbPstNXpZvRr00Tt+npUoWV3bbpfR6a66K3ltZbtaWNoLBly3mEgDnkscHIPJAHTkcE+hqx5e7EoJxHiNlYcHsWyMZGeOMhSSTxkCvHGpUMGDTAghN2MDAPUn7pxng5wOT1qx9mn2Ruod0ZzknlAR23DOSODkcAZPSupaJK2qXTWyfK9bdbvXXS6V7XZfK3be3n0WjsvS7XyKTqrblGVy2D0/EZzx7HJwcZGc05SMMWcZXAwoyzHcOgwOowegwc7sVIwVpRGWChuGdQfkwfm3DoVPJwccngjghZbIxkMgd4iQfNVSVOVyQcA8HgEHuR2AFWo31s1a2q3tpa8b6rfW13d72Lty/h5dvRtv7nt6wRMnK7y4Ynb8uCDwSu0jd1GTycnkZ5WrMLu7TEBjtAHBwcAgEnPHoMHoCO2DVeWEpl1JDbP++WLD7p9+oyemfcBokkCowfHy4bkDHruAx6HsRgHnrgvZ6arTfW9rX3vvbXum092GklprtdfNNr5bLv6nR6ffWxuojduscULbQVUOXAyRuByD0yScHnOc9bN9NpE8kpjzG7uWjkzvQAg9QB8pyc445IzwMVx7OeWA+YZ27RtB5OTyOe+Dg+lNDHICntySQB6+hPQgDAyD1JzgX7VpJO97aPXZNaaX326q7T0+1Ps4u11e1rd1ZpvXfW2vyvs76CTLCzP/rAC6JkDAXkccEjIwct1bj2CNdF2DEbSuSoyMBepGSduSD/AHenpmoD/Cp4JAHoCO/IGMcdf1waaULfu84xnAyOe5z7/L6dSMHjNT7V3SlJ2vtbzVtOVppNKyS7pblJRvok79drXts7aLq9VfbbaZZgMu4+ZyCFDdx7j3wfm/UZrQtLmJWKGPdLIw+dn7Ej5SeSASOGGPujOSSRlJHGYw5JMgQbVTjBIO0Z/izjrzz3xzU6RkfvF6gKWGcAAe2CTj8CSTz6NVZR697R3dlZ6benXzWpMkknbR7tLdtOLT83pv69btbL4Es3mgEMfl2Ellz0HPA4xkg5z7cm1Yq6TK4iLJKPk39VU8E4BUj2JxnBK5HWC3b9zhk81pExtC/OGb7oDD5T83Bx2zg9A3c+GdEvL5s+WUggIEheNyQGHAJI6emPQ4wQcKpioUouTlGLs97abKzWrsv+B3tx1JUqac5SimktbaaKOm9reSWjXZ67Hhvw9Nqs0BCvIvmL5MeGKuGPbk4GTyxJAPvyP1C/ZF/4J8/GH9qnxUdA+G/hG6vxa2vmajeBGFtaIRu3mUjYT027cEDODkV8nfDzwxcQrDaWCQ319M8OclT5aOwKFccqQoAUDnO08AZP+gt/wQ21j4T+APgDpHhe40a10L4kaur6jqWsXUMX2ia3KrhWmYBjCFydpJ+vev5e+kD4y47gPKcLQyWvh6OaZri1g8Pi8RCdShg3KN/azjBvmk9IQjJpOUlzPQ/QfDzIMPnjx2YV8FXzChl1KNZYOhJxniZOcYKKnZtJK852TlyxaSufyM/taf8ABLH4zfsleFLHxR4zsY59P1aZLJpYYzK1rcA4ZJCAdrJjPPB646mvyl8S+Cbi1kK7d72z7nDI37xW+6QAcluSOnUHBxjH9+H/AAXT+Lnw48T+A9J+Dfha5XUvFuq6lHqN9JbiJ4YY0AwVkA2oZGLcL2Ujk4x/I14y+Dr+F7m5vL+JJllhjKNLh4omIHysQcsy55wVIPDYOBXw/hB475vmWRRfFuKoYnNKeNq4WnicNFQhjKMWlGtGCdoWu4SS2cX0PV8SciyzKHgcVl2DqYGOKwdOvWwVabnPD1XKS5ZXSlrGMZpS95XSdmrn5Vanp62U8n2lZIlAXCeWRnPQ8fMoI3DnqeM4xnDJkuJz9nDxiIs8RYtjYADgk4yeCR2I5IGRj6g+MXhjT7fF1Z2zRSuih32kI2ePkB42jBKgAnsMnGPnEWEy3GIQ4UMN+5SCgB6qMZY5wO4wSCPvCv644e4ipZphKWIha9RJpO109H6PmXS+mvRI/Io4qnUgm+WLSile3RrZ9nbysnqro3tMd5rSNZYUMoLIoAzPJLnjIHzMuAMYA5U55ya/Qj9n74VR6FpKeJNWDLrWrxA28OwboLcr8hjQjIkkyAe4Bxg8Y8L/AGdfg1e+LdSPibUrSX/hHtInWSKZkZftl0hUiMKcBlGATtwDnJGa/RjUnsPCGipr+ozJBa2qEwRqAm6ZVHk20KgZGCRu44PTJGB+zcGZHUxmIp5hiISVKm+empJre3vWa1S11+d9LH4Z4mcWxw9GrlGAqqVerG2IlCTbipNJU09dXe7fRW3W+D4r8Uf8K78PuViz4h1GP7PpVuX3NBFICGupEHKtzkZUZIHcA1802enunnarqLyXF3eM1zOXO4tK7F2LZ5Y5JKDhcDuMBt5r/UPGut3PiPWnaTzXAtI3+ZIYMny41HKgYxuwAvrk07V/JUeTtbEbAkIDulKgHGQWAHGAu3lsdeM/t0kpQioLlhCKUIreNlFNvpra1um1rs/medeVGc6LkpVaknKvUu73bilBWbaUU7O9rtN2bsef6mlzf3Jjtoy8s7LBDBHlpHZm2oiADkkkZAXHBGex6zxPj4ReGTpMESHxv4ktVfV7hSC+i6fIoZbaGQcxyyJxIByMlT93Fej+G9L074b6HN8RvE8UMus3UTx+ENBnAErM4ZTqU0T9EiJBQnJLDjcGr5S1+/1LxLrGo6nqNy93NeSyzTO7FtvmMf3a9cqmSoXAAHQA9PBzG9FNRsqk04pKzcIuyUne/LK3fXu+31eRxjKUalR2oQ1krL3pJxajq17kbK/d2a6nAM7XEgZmYnJxMcFpJGIyZCchmJJyQeWAzleGvW8QEoYjK/dO4cE7gOF6c9BgdMDng1pNpyxEAK7BSuzjB2tzuyfvYYnqOmMdM1o2lltBJwqLtHmNg8kA8duDgc4xz0xXzUMM5TvNN3abTtdXS6vT0srdLO6v9bWzCEvdpT93snHW9mkttbKN7adEuhp6H5iyRDlAJlSLGV+bhQWH3uwycgHkcDIr6X0TUILTT442S1OoAFJCRumlJ+6VPO1UTrkEZ7jrXgWkHyJdwjMqhXEfA4c87iSvyr/d65zg4FdLZ6wsM6KitI7OGd2bEgDZyCfxAwoycjoc19lkTp4ScJys/hdru2jjZtLS176JX+7XwMZUdZNTvLmXS7u9LJpXVk2273V+h9D6TcRE3LM0hlazlEpYEAMUJyCAAAST8o4UHPYY/wBDv/gk/qcX/DBPwJUEhf7JZR0VSdwUklmAAIzkk9uo5r/OY8MXkty21rqCO2LFZCzBmKFQpRnOOTk4GeN3JFfsn+zp/wAFJ/jd8L/gndfClfiONP8ACehWF3p/h/SNOjji1CGKc5V1uSCVVduPlIbJAPJ4/U+M8FT484PynJsHiMPh8Rg8fDFVp4h2h7GNGpTlyqN5SmnJNRVlLvFnxfC/EMOAeJs1z6vhcRiqeIwc6EKOHUPaObnTnFNyaUYvkcW07q97WZ+hH/BZnxJaeOP2wF0qG8hl0/w54Os7ea6t50mhhupYi0sLNGSu9WGHAYkdDj71fjN4XvNPXxZJZRCJxGHh2qu4zsDtxGc5y2R0zlvbFcN49/aN1jxjeahqmrX9xqF9fSGS6v72Zp7yZmJy5mcs5yxyvzZyTgAfe+bE+IOoaXrUOoafdvFqNvcRyWyq4K/IwYZYnBKgAZIY4Hc4NeRXoU8qyLL8lw1aNV4DDww3tUuT2nJFRlyJuyu22r36J76/z3xPlOa8fcRcS5+6E8E84r18RSpTs+VzsoQckrNpWjdJ3d2up+5Hws+EMPjDTptR8QyS2EVg0SQWLRby6yFsA7weGGMghjyBzkZ/Wz9nP4K+C/hdpVi3h2xnmv8AWporu5uLiIKVDHcY0kxuSIdhnHJAGOG/Jn9ir432Ws+F9e8YfFbUtJ0bw3pdojpqN9cLFDc3UChXIjyA7xnCooJLEkYYk1f8e/8ABb34LfC+/wBT8K+GfCmreL5LdpNPttee4jtbPJbYklujDesAILKQMsAxBO7FfMWwOEpyxGOrqnWUZRjKTUUm2tHfVu2ui27Js/kmfhl4lcQcR4zJ8sy7GY3DYGvKUqeFhOcIzpzUm51HJUo80VyJNt30SP0e/b2/bU0z4CaH/wAIP4UaS/8Aihr9jNbQxRHzrLS7KZDH50pQECQ7jtUknI4AC4H8gnxm8GfFH4s+INd8UjRb7WJGmlutWv7W3mljWRpWdpZpFUrHEpOBgKOMAFRlf6J9C/at/Yz8S+BYPj78Q7HSfEuu6pphVtPuLiO91aPUJQc2FpaMWZBEfleUqV5GORkXvhB+1j8JvEt/ruk+HP2e9N0/wXrVmbn+02sYJBbQudivenyyC7AswjPAHHcV8Vn+X4PM8RTpyzWMKckp046NptRtKfK5KUm7+++T3bLlte/6pwdn2d+Gk6+Zy4SrvGYeVTDZjjMZzUo0p0pP9zRg6alOV1GE1SbbkuaVlaK/k2/4QTWTq9naTxuZWAhKMjoqnoYgCCVxx1OMc4Hf9PPgxrPwE+BHwpnvvEBtvFHxV1e0uU0WwuoWWLQblVzHMHI2EIw+Yt1I+XGcV+sn7S9h/wAE9/B3ws8U+KbSDTNV8dtZTHTbfTfKivbHXrmMsI44k5e3ikIDHGVwegzX8nHxK8barrniaZTK8MVxNLHbxwpseK3MjBFUrwDtZQQByOSMivlVUjwzi6c6Neji6q+Br3lGzgk2k2k9tGundH9N8LZzjvG/BywuMwmIybK6FOE8clJyjinOClKjCpyx9xRv7S3w3s3rc/T39or/AIKC/Fn4yfBOx+CV/dRWPhSAwQXM+nKTd6nLE7BIXZFLtEMKp5CnbtCkivzV1H9mv4rab4ej8Xa14R1jTfD99vmstVvLWeOKeEKJIyjFQCrA8Nkgk+xx+if7JX7M/ivwrovhf4//ABP8F/218LormSZbfViqwTiECWGZkkA3b2A4w27nOTmv0c/aL/4KAfDHx18Frn4eeC/hJo7eNfskmi6aphgk0iz00xmFGijCBFnij2lWGH3YyeRj0c0q/wBuRjjM0xnsasqS9nTaTm+ZXTWicovTlai3ve99N8FxhhPD/MFwtwJlNLF4eOMjTzPGXfso1VyUZJ1m7J0oxXvTk4qMVFJbP8Vv2RfjnqP7PPiU+MLiKaWy0xlV9OScKsqNhXkKsfvbQ2CMYI446/aWv/8ABT/4leNvGttqXh7UL7SPDllfQS2Fm0yq1sSyiUu6hWKON2TljsOSQK/FT4ip4s0bV7uXVIptJS4unBtV3LbuhdmDJzs2qSqkenTrgc/4S8R3cZvLq4uAkFqHk3BiA7qDsyhwAAAOenHIJyT8Q8fjcJCVDDYmvTgpcy5ZcjuuV3bTTV72cXZdtVp+t5h4BcGeIMp8U5vl+Ex+Y43DKnOcVGpTXtIwTdo6OUb2Um3azt3P7Ffh9/wWE+Dnh/wih+Kfh6XWfFlvZ+Tp1tDKtxZXEsUO6J7n5WyZZQu5uoJwPUflJ8Zf27dX+NnxA8TeLr+0sdH0rUg1tpejwvI8VhZBikYijLEJlMeYQAdxJUgDNfjJpXjGXWLmNJ5fLiRpFDg7gSckKC5JBJJ6NtK8BcYx3yyysnnyNIskeNgyQJEOcFioCqSDyDyMHaxzXPmnF2d4zDU8Ni8ROdKnZ9nK1rObd29For67vXU+Fyb6IPA/B1TFZhl2AlLE1PaVIyqNN0JSan+7la/u/CuZyaStda3/AFW+Gv7B2jftUWGp+JPD2v2vhaSO2kurzUXKzQSXboWVGhU+ZGrk5JGF6DnDGvzK/aw/Zz8W/sy+Kl8LeIzFdG9h8/StWt4yIdRt0YqZVPOSc8qO5YbiQBX6dfsF/GPUfA/iHR7D7Ws+mavPCt9oyTEi5CbUVMFtpyvO0YxnGPm49f8A+C7nw/hvtN+CfxW0izTRtK1LSRZS6HIyC+Wd1SX7QID+8ETjoxAG0jgEDPXk9fAY3Las41WsfQaUqfMnzRbjeSv0Slsldu6le1l894dcY8b8O+MtHw+zmpPE8OYmNR4CrXpuU6UVS56ChUUNIw5OSSlJt3VnqfzR+bIkcsYBMsw8xSASA3O4ccr0zg5xng5BFd34N8Jax4ghMlqAbdpY47i5cARoWIO0ZP3jjBZeVz909K89i8xdSjjXcnmsy5b5jySAMDoSxABGeOMcivojwl4jj8KQtaX1o32cwCbyd2xWuTGVjcrgErnDHPXABIOa9OhSTipNaxVrNaXfK7vvbbdtXVtbn961LRUIxduem1bR2vyq+ullr5WvstDtfDngq0t9dt9KsP8ATZp1jW8NuSzRSoEZvn4Cr8oBPXAJzgE1/oLf8G/HwJ8Aad+z1Z/HPSUkbxzqK6n4R1q43hohaWVzHHDAerblAxjOfbPA/gK+B93cNq2reJb8ww2AuT5i5DSEzZVBETgqBkktgc9Ocg/33/8ABtT4muda/ZL+KOlTK4tdD+JMy2HmOSRHepJO5HQglgD0GSBk9c/T4mtWw/BOd1sO/ZSqVcJh6sLK86FWvTjOm91ySutknp8j5LLp4etx5lWEqxVT2dDE1qfMrclenSdSDunaTSi7dm38vzk/4OcYGj+M/wAFpCMmTwfqaZGef3wznnOT3ycntgcL/H94hszcXJxOkbHciEtyDk9cE9SD2OM4wDmv7Ff+DoJ1h+KfwTO3JfwvqKlh99f3igjGN3XnK4OTzgEiv47fFARbiIEjc6ZLAYYAkdBuI3Aknjt8oyBke7iMXUjwVwxytWeWUU0raO6SXn36W3bZ4mfZdCXFWbYhJq+KlrG91bkt1s3da209VtzaacY/Ohlvw0UaAygOvDryAoYsSN3PAAGBjgCsXUIobZUkDi7ijDSSKgG1M5OT23LgZz905wRgAms31rbQxRRqQ0jFGm+bkbgWLEZy3Abk+uPWq0k+nyW3kxSb08nfOwX75IGCewxgcHkc++fxHiDHVbuMm1fR2st3Gyu9ErLV6aXS0se/lOT+0tVV2na7tpfSyWiXVaaJ7Xsed3148twZRiG3kkbywScFQeTxgZOcDaRjGD0FcD4j1CG6lgtYwqJEcM5XJB3Zxk5/3gCByAecgVu6zqsMTSQgjcjMkIyp7j5n4AUg5Iwehyfbh7FLO71a3bUpStobmIXEgblYw3zY454APQHpyMGvjpRkqVStyyajBuyTvLRSsnvsmpW0bj3sfbYDCU6EKtSpCUnThzLRpytFNRSet3rt2totvs/4N+GdTm00+Jbjc+mabCi2sTEpFcFAVJZDjKgg4Izkc5GMnp/FuuT+HHj1ezVUjEcs0gRQsULsAdrN1cjpgdwQAARjH1b4gWOl6DoWleGiZ9GtLOI3DArEJBjJR1G0sSQ24kjtweteXeIfHbeJEEEkRWzuITAltGPlSRThCTj5upwRg5657/jGIwGNzTNamMxNH2eHlUcPZyVlKldJSnfeV0rO901otj8m/szMM0znEZjiKPscLOrOPs2mn7JS5VKXduVlfV6aFEfEK5ha/v1gUS3haWGZHyc5JcAbvlUnlgevQ8cVwkniW6u7pdSe72yyXW6dFbiOFSA7Y6E4GR/ECCcEnii/hXWbq5FrH+4wCscKuNwDn5CM5ypGNwyMg5z1rsl8L6ToFjNDfRST3v2TM4Kl0DFcjY2fXBIDcDqdp5+upYHK8LTjGMYqpUioRWqe0YrS22iab6pWXU+5oZVluGpr2aU6lWMYKL+Jp7pXTu9L66t/M1tV+JHhyLTru201IBfzwxrHdMjZUhR5hmdgRliBgZVRkYHQV2vgtoYfD66jqT2vl6q6tHczABESMEnB/hGQV9MnOOK+T5fDl1e3ri3kQi7uBGluu1SSdpRDnBG3cB2+ZcZr23xXoer2Hh/QtNNxJbrBComjdttuX2BhGjcBm5BYBstyeRmli8uwtP2FGnOUJVpxlKUpWdk0+llZX6fjqh4zIcHRhg8Ph5ShUxdXnrVKjbkoRab16RUtEtmk3bVIXxh4h8N3GpXAu7i3uGhjkWBrfk8fKPMAPQ8ckgEYAPTHjUvjO0Ia2+yCSxWYmF7cEOxIA5IAK5OSR1IHHINaMnw01aeaN7S6+0Nf7XmXcFKhiTsYtnHGQNxwehHepm+FGo29ysM22xEZEqkuGEjjB27QcEOSSCR83Iz2r3cHQwVClCLnKbSSfM7qTuu/4p7abdPtMpw2BwNOEPrFSpOEVrUu1ze62lZNNeT9G72Z4xrt3qOrX5gs7WeIvMfLXDbpFIUAEnkKARkEnOOSCc1Bb+D9cmmIuLWQSKysVYbVVcqdxyo5UZIA7ZPHFfQ8XhfUtL1VJZrSOcmNCJHRSsQQAnYQB8zKOSpAz056dZLbeRdw3J8qSK4UCSMoSiR9MNg5Mgzxnrxgc111Myp0IxjRgrNOzSe+it1TeraaffTQ9utnkqcYQoQi1py9E7KOqu3J6tR9PI8c8P8Ahayjtria4kjacoUaOZWIXBAHlsScEjAyCWGSehIrUezh3pCltGPIRPKYxbmLYyqk9wx4znjLdgcetGz0u7vHSS2jgijTfC2woLhsYUkEcHrg4xnDEA4Nc5rVta6f5GC804LMseNhhwMgNjBO04ZScZx0rgnjK1acW3Jc9mlsk1rZbrd6aet9EuFY3E4ifNKc1KS0STSi3bq7Ll1S9Vqlc5fzp4rkw+TFCWhAeMRnCAIQXUZAL7eeQcHBJPyg8Hdai2n31w8cklxbsCjSFtvlg87lB+6wbIOAOdoOe+z4g19bcOApLkAmYsocb0YMGI4G3qM8EDgEZA8Y1DVbm4uZDAzGFiY2BYHIyCXIBPJ68nJ9M8V6WCozm+aort2SundRaja91pr8tz2MrwsqilKo229+a6SeltGv1+09Opt6zrc11HteWXylkypd8lmz37EH7vsMAAnIHNsYpz50pZXxtCIGIG0gjHA54IByeM5GBSgliInHlxKBJuKk5ORgjPB385KgY7BiNw6zwl4Qv/F2rDT9OtXYqUE8pJ8uGEkBpScYD+gO3g8kcCvUUIxSVklfRtb2s99tlrtfe3f37U8PTcm1CEI6vZLvrddnolto0+q+D/B2p+MNYtrDT4JCrlDNIqt5UUJIDSux+VSVyduM8LjBJJ+0rWLSfhZpB0vQYFk1GW323l8QA/muuWVmIBwMEhQc9z3Bs2Ftpnw88O2+heHobWfVZE33WoHYZt4ALK7n5go4AUYHY9efLtQv73Ub5nvZwtvOQXl52iUEkq5UZ5ORt7seRlsnysdmUqUZU6Kc5WXPa97O1+2jV0kuuqerR89Xr1MxqpQjJYanJO1mvaNNNNy0stdFbdp+vNjWotZ1Zp7ucJJucOGBxcOGJIYsAVBzhRlQTg5yRW1e+HtI1OzubrTxDZToUMTbkZXkGM7QTjdkEc549xiqFz4WSWS5v9Jtg0Ebqssqvu2F9xlcJnczZYkHPI4J70jeFtUt3iW2neSwmTzizy4dTwSXjznK4JwRnAycZNfMTrRlJVaVedKomuaMrtX0dradU7262sz2KFJRjyyXvXSikneKaUVdpPRuMtlH8WxE0TUrmF9NkjJ2RiYuhXEjKC3zAZDHgcepXviuZ1OwdEXMEyOzCMoMgHyzgvgEAZzwSeCR+HpCRaho9s9xBOtxbFWzPK4UxSkdATlscDpwTjk9/PbzWpb3UZFczJHJhhIqgh2UnAAGDtc+gDZJooVa1WpOUpXi/itG12rbKzXvL7mds4OCSi10uvdd1pZL5WaXntpYcUuEtGMML/ZokVJyozvfOcMOSDnq2MZ6deew0fxrpWkGyso7aK3lVd8tzIgMilx/EwAypGORxj72MjPCXviOe3ilR2hifyRCEIGHBwu51HG4Ljkgk9ScEY86uroqWZpFd2ICkE/Lkk4OOcHPB4GOOma9GlgvrMZe1TjBu9rpW2aW29++3axVOrOjJSp+7JO6laLsrxSs+vTXXt5n1fqnxdZYkg+1xLBGojMcJA3HoGIA5wCMgAHqWPeus0P4seHTHE8tom4RiMyg7d0pG3cNvD5JBORk8nr0+SPDPhXUPEu5onARRggN87yZzsXOAQQTjtn7x6k+r2fw9mt4YBLcBEQtK8RYLIPL+YhlLFsk45x0x2JNcGKyrLYRlTl7s4q6jFvmTdrOz012137o97A47M9J8zcNLc2sUnZX183az2VtT6FtLm3vUe8to1aymZmMjKu8SMM5HBwnI3cE4BB5yKzLbUtEsLtBql1tSaTzD5GDCyDOFKjJGNoVxg5HTFeZS+IXso2srGWZYEhSMAsQA4GGyCMknByeOMHvzX0fWtM1xl0Z1UXckvlfaG6r0LFd2Dv6HGOcY6k48d5ZJRb5qnsXaLUZaxS5VzWT1tdru0m2z1pZop1KcOWLqp21u7t8qaSTve601T0tZ7Hu+o+L9Otb1dU0q0VLG3iCMofYjkgAHbnc/OWAOcZOQcmuSuNek1CWS+8iVFlR5GLLkoq7mjSIYP3iB0GPUA8jitS03UtDuoYmk83SizFrhkdocqMbW3ZAY91z1HQdll121a3VZLiOSRG3iOJh5Kxg4BDDGSACSNxCgMcHthDA0qfvU4yqQbV5Pe9o3fbTpddL7G88bPm/ey9m1rGNrR5m024vSy0ta2rd762O40T4g3V155uPLS8RxFHnghIxnPmD7rADJIwSOpxtNYusazLqmsRyyuj26QkJ5gU/vMY3Y4xlvu55I5z6cfef2cJ7ZtMjcJeSCS4uG3hELcumd2MBSzc/N/eIByWXd9FHJBBbyRSyb2Dyo5PyL8qjqxDAAE9MtjvXdhsDSUvaYeO/LFp6JN2f2V1vt5b7s8nGZtWUXTlJyXNHVPdNJWdrdGk9r91c6SXX76zkEsci4gQjOPk5ACqoB3EgcMSC3OM4wBQmutdvmE8ku+LPmyOGwIt2WUKFxw/cHcfTGM1zsV+PJuv3ZYSS7cu247gOXVT028lhkjBYjGal1PUoNJtUfzTcRuivKQ+2LeSMAEEKcAAEBuOoHIrr+pJyio03Lns7pNpq6bs2km/z6O+/nYfMKsk5TqyUE7q0nbps3eLe1+Va9+o+8+IBtrmO0RGjeBJId4ZvLZlO0l952bmGSG2ghuCwPNcGfGMk2qSyTFpJ2+W3UfITtPHzA8jGTk5BHHUfNwPiLV31B5biGREAkKpECNxUvkhtpHBwORjkYyeM8/FNexzwTx+YZVGUCjeVUkYYjlm5GMDkgAcV7NDJsNSpK8feaTd0n2Sur7Wvp1v3M6mZVZ1Em5SUZLdX0srK19Nb6d7eq+r473XNbhspn3PHBEgMPmKdkWFyHDfeY8AfKSOTgMQSzUbmG/sri1eBIr1F+zraR4QyqnBYnByPRuckjpXlmmal4ltbWC8SCRWuSvzsXAdVGN2wkc9wCMZAXGcVi6h4hvotV+0eY7yENukclGjkGQcDIwAe5BJBwTjk8UMv5KzVPl0a5bNXtpbZvrZr132trWzGDilyybslLmXkrbarvrqm9bXSVPUraW1ujCIJVjSZxJvB+Ri54UnoTkkY5PzclQcekaAt1fae0OmQTyTW0Z8xQC3yqByQQSWxwAFJ6gjpu4h/GM15FL9ttLaVWXytwxveQMuyQnk+uCenUE7gD7F8Edes7HUpbrU54jmYKkJK+XMCGwJM8cEAEdSOc9SNM0nXoYKVWVBVJUo3UUld/CmtL7rW/Xola5OVeyxGLhSqT9lGr7vM4uKj8Ol+a+vRv7mkdN4Y8SabbQw22sWJhuoF8qEmPksVIPmAg9cAcg8H2rstE0jwrqtxNKAbfUJZfKWMKNsjyMdgQE4A6dMe2VJFJ450PS/EDXGraZHFpl4kwkOwgrKvBLbRhVB4zx/eycEhvMNH1W80vWN17c+SkbAxSEDY0kZAVxgDGT0zjk+1fHU+fH0KlfDOrRrKMuanJ6c1lZ2la6TslK1/m9ftYewwNWlQqxjXpJr30k7xdtbtpvZX1vZ9D6a1vRtP8G6S/wDaUoFzeIkcERyrRsV+XbgqrBgcbgMdDxxnybTdVtJ7yUT7kaByYzGS5Kn729iMksMqAMjBJBxmuz8aeJYPF/g63ilVJNVRG8q7R9xMa4CjdyQcD5QeRjHtXjtp4V8U6faR6taW08sEjRgojB3kxkOSuDgHPTHYDPJrzcDR5sPXWOqKliXOUY8zs5Xaa0k27XS+Fpfy2PTzLEx9tRjg6LlQ9nCTlGLsk1BtS3V1ps3rsmrW9kuvCyyWz6hbTtNb3yB44AC8wk28kAnd1GNuemM5yMeXavFe6c80MtjMsyIIlco0actgA7lHU42+ucYY4I9U8A6yWs44sH7baTq09vcEk2+WUtjcQCnGSgDMTycYArsPiLceGtRsNQW9MQ1OG2S4txYgATMiAkSkdAoz2BGGPJzjwlisRhMbDD1KTq05OMYzhFzfvtpa/Cla3olbWyty4rJqGZYOpiqVdUpwhecJauTSbsr7u60tayffQ+Sl1C4A+eN3eLIck7CgznLMBljjOMY57kV0Olzi5gU2yE3PzMzqAR5e4gk5JKqFG0hiTkEjrXDxXpnubp1UBDKFaDOS37zG1j0AAAPy5IJPGDz0OnawbKSZkQQhFwiopC8D5kkGNpHqDkZOTxmvo8bh5zox9nF8zjdX11aju7J200Xe2i6/ndJU6VeUW7JScXJ2TWqTlfXez++xe8TGUPDNCZIwNqzeUpUEooLMzZ+ZSACR0KkDHFZ1pqEEcbL5rySlR5uQ20KTgsOwOPmxwAQW9BV6fWYtUIWUiIhGOxQCGOT35C7hkFSSTx/CDVK2htJppn2MqFdiooyJGAGRgAHaMDBO7rxxknPDxlTo0416Si4JxV029lZaStfVK9tNjLExi6rcZpxla17+Wmj1eml9LOz3st+zNuFSaOdzHsBAKkea2/mMg45OMnrncBnbjHT6e0AEsixGM7DlGJOWblRngEKCMAgk9SMVyWlW8V2WiTfH9mO7YAHDsASu3GPlC4DKB33HqM9EsbyqqJMVkt97yA4AZl5ABA2E4GSDgDOQOCK8bGKPtWo2i3yvbR35Ek7K+js3o3vtfX2MuhaCl7rX2VsnokrXd03q7dLbaIlluZURERVRw+JFjXbhHYL8zYxyxwcjjPzcgkxRyppTzvdJJNEw2xojFjuyJDyDjdzzyfTpk1gX2rTW12ZfIBjZRv8AMbCSMoDAggkZ/iCgEEjcckkHBuddZrd5w7bpmkEUGeMEMCQH6sMgcHHy5OMjBh8vqVeRW5qcmua9rcytbXRt9u/VGsqsYu73jrfpZWVrNW0tst7LTVn7+/8ABHyCGaH4s+OdRt5YJ5jaaFpM7pwYNqzOse4AnDAbsdyOegH7lQ3LNpzXu3DR2sgiU5U7mJUcHbjPy4PQ8e1fyRfsd/t3XX7PdovgnWdJe80Ca9F35tkUW7jlkbMkszOCGAQlduWIIwBjBr99vg5+3P8ACf44+F/FFr4Y1IW/irTtHlWy0W4Urd3dwIyilIwDlVkJZyBjgdMmvkeJshx7xPtadGf1ZzpxUkuZQjeKvKysk29b2Xzsf0H4d8TZLRyvD4F4mEcZGM3KnPljKdST5rR7taJXs9lokmcb8R/GNvb+IvGvj+/mQ6J8L9A1C1tZGY7G8RalDI5ddwwZEQtGuMkNwff8k/2QPhPrf7W37Ynhu0nt5ZtOufEkGr6xJgukWnWk/nbXc7lTzNqgqQdwcDgV9Kft0+OH8B/CLw/4Btpmi8SeOr6bxL4njRv3zW8jswWYA8A7vlUg8AjGOv6D/wDBCT4JReGvBPjr9oHxLZxWltdGU6fqF2nlNHYWMTTXLxM+Ch3RhSwIXGcj7xr9Ry50uHuEa1VXhXxlOGBwjW6ulCU1a+rlKpVbS15Y2fb5TMObPuMaUeXmoYOpLGYlXvFuDi6UHot/di7201tfU85/4Le/GAaVrfw0/Zk8NstppPg7SLTU9Ytbdwi+csKRWUbIrfd8lWIBHc4C8Gvw20Py5FUygq6owBCliNvyjzM5wfl+Ycj24r6V/bk+LKfHb9p74n+PLSZ57aXxFcaTpzSuJIhp2mO0ERjc5yjBeApIHzAE4Yt84x+ZAjE7BIdquiqRhMZZskMM8cr0/i24r6LhrLlgMpw1OTaq1IqtVk78zlUs9fhWkWldrZdXoeBxPmX13N67v+6otYenC/u8sOW/La61ldt6LUtXO1ZDECsuIw2VOGUt3C8kc8heoIHBxmsdpVt2aVVyoAj3Op4JySoJ+8wzwQAASB640JFhLNs3vIFLRsT1YDnPHJBHGQARgc4zWI6ysvzuGdpCpjGMjvk8AHdwcsCAR1IOD9hhY2jHVvZW2S27bN2v9766/KV5Rs93pfptZJb2tfRrZbse83ymHAU7twO0+Zzzycc4249hgZ6VQW5j2PL5YJJdXlPIVzt2qQQPlHGRjk5/3qjku5oY2LbFcttXnMmAMEH+6pzkAHvnAIGG28i7NjFeTIXUrhBk5DjP4jPT7wCg19NhLKFnLVWWt1q97J2306dNNzyJVYzukk1dJvlb1sr2ba0s0tF1eujY55MAglANoBHB3FyQW4A5AxnB4wRnoaqyzYcFB8kaFGbGEJOCATjkH1znb0ytSxKrncGQlSQAeVZBu3EndjcMnggZOcDjmMrNAjkINjE5ZiGJycqyjPOSeQBwPU9enmTsnrdpevw+qVr6LyMXa+keqtfotL30vorJtLt2sSySKkSMoRTKVIRhyQuPnLYGANxxz8wxg+mf5rFY2IA5IeQA5Bz1wMk4xnA6AZzV64UpCrFy7IqrGMYGQQG28HIwBg87sL1GDVOORFPl/MFwZGLDJDY6jrzk8joMZGc5FwT5lbaTjZWT/lvrfy3127XRx14Rc1dL3bapb35bJ76XXne711ZQEko3hgzRF+XA5DHGAOvyE5yOw6Fs5Gd5x+d5MCXzW3YySQuRycjBAB9sjA4Jq210EWQBiiK5YJtyHBYgsQ2SABnj+8cjPSs+4MZjdoh5TFVclmIDcg/KD6leoxk+mQK9Sg6iTu/dSi0/e1do3vtrfVJLXro9fNrcjkldvbbXfltp0s7u2u11ur3bffK4UFQ5kTywQS5LMqpgfeJLkZGe5Jziv6HfCkFt+zb/AME3tT1KZVtdf8caVPuk+VJmn1RfJQqTyxETqW7/ADZ4Yk1+IHwA8DXPxF+KngnwwsQuF1PXbBbhEXLfZY5VaVmGCANuNzEY9Byc/rB/wVQ8f23hzwx8Lvgdo0yraWFlFf6jYxPtQR28CW8EcqrwACm7kf3SBzk/hHifOWe8WcKcL0rzgsXHMsbFJ2VGg1y8yWlnaW97n7N4fQhkvDHEXEVR8s3ReAwjd171VJS5bK+rcb22eltz8PEt7gTTT3LnzJJnkndnyZWk+YknIOWyCxH8Wc5PTWleYRB3bGVCqQQV2E7UZhtJwDgHpwc89qcMqTK0bRLteQliW+7g5VAc8NwBkcEckHgmxDE5JVlCnzNgDZZSmNuSegPOcNz2xkkV+3YKnTw9GnFKyhCFor4UlGK7bKP4X3tp+QYqTrznK75pNyvq3dtPfS7s7ttaPdaGiJ4BHvUqHXbGyop2knjcp7jjk4wvBIyDjldQnaFbhVZS8jYLgEFQcjIfpySchcZ5B71tyGNvMVmjVohhQGOxlJ6ljjBABIABJIyc9a88v77EssaOvkxTbiVBk5LABTjkks2AoIOM/KDg12czinOTdraK+i+F7aK66aNJ3078FW6lGKVr6ab3urXVrvqt77d3b6I/Zo+GXiH42/Fnwx8OdJkvUsNTvbeXXDbvKLeDSYJVkvLq4CEIv7kOoMi4HGAN1ftP8f8A45fDvwnqOhfs5eA/HA8FeDfhzaWc3ivUbPaZNXuLOFVGjxCNSJGu5FK3K5/eSsQeScfG3wIvdM/Y2/Zs1v4varFEvxe+L1tPpvhC1kx9r0vR5o8JcxK2XiEgYTBgBg4Ax8ufkL4S694b1nxbq/xL+Kt0upDRJ5tZs9LncyS+JvELSPJawXAZjvhjnZJmBBBClcYPPwePl9dxlWomvYUOaMLXSnPROV12dkrO++p99lkI4DC0aUnGVeulOScv4dOya6+jeurv05Wv2r8OW/7P114O0W9+JPgbwfpmt+K75teGqa7Jb2erR+D7IHN1NZReVLAdQQF0BUPIZAyk8ivNYPhl/wAE9fjF8WLP4f8AgDStYvPE3jfzU04eHUnGn6QsSOHmu2fzEijUjKO7KuCMA4Ar4T8LeGPiR+1h42u4NAspv7Y1ZvM1zxPq0j2/hbwl4eg5SzSZylvb29pAoxCrDdtx1zj9C/2dr39nn9nXVPHvhP4YT/8ACc+PdB8J3998QvizFCktjp91bQOG0rw/cEMIoVnABeNlJIBzg7R5Upqk/cq1ZVJOKjTUpOMXJLWSb0u33s+27XqJRqKPNRpKko3cpxXvaa8qe7Sbers9b63R+Vv7XHwR8C/BH4v6h8PPBGs3Ot2unQRrezXTxySQ3cpzJb+YnyMYiMMADgcdcV882ul20JhVDmV14BBUiQHK7ScgAjHHHIOc5zWn8Q/GGpeM/G3ivxRe3c2oXWqa3f3YmnYvIqSXDmIbyScBSTjkAHp2rn7aaa4cNkLLGwVEJYMWOe5PbnP4diRX2+DpNYan7ScnUSjdu3xWjza2SfqtlZ62svhMZUp1MTUjCNouTUY2ts0rv10dtrX0tv0slrbqyMZTFKj7GjAyGI4aQeuevXr0Ixk6mm6ZDqGsaXYyBpTealY2qyRksfLlnjQlhng4frwPlHIzWAguPODyYfzTtkBBcxKB82BgnGCCGPU898D274B+FpvE/wAXPAuk28H2oXWv2byhmyrRxTK/zA9CoBAHX8ufKzWuqVCpKTTai9XqnolZcurfa2vW71v6WWwc61GDiruUdlfS8Fd2X399W1dn7s+JP2dPhzqPwG07w9rdpDHpMfhKMXk7W8RuBJc2wxKjOC28szfMCcEV/I5+2B+z7p/wR8ctZ+F5ri+8Nai0s9rdzIytG0kjkw784woJxtGOB3zn+wj9rXxjpvgbwTo+gXdydMvNX+xWQWNgAlpBEiOWQfwlQd2B3xjtX4GftxWvhzxr4P0hfKVrqytitjcoAGuHHO9gnJBJOdxIxjJA4Px+XYlwqJXvGctVfVJtKyV7pLd3V2vuPqOIcFRrYX2ijGFSlC66N8ttNNuaNm1/lc/DMbYbeWAhGlGBg9WIwwYnj5RkckYAJ6HmnNNK0UMC7VZsqGHGMnue+emD+OB932PTvgX4q1e9MVlavcLcL+6dWYAMw+VAWB8w88qDnvxkivQNU/Zo13w5oEV/dxGadW3XFqjlrlG2njgnamcAkqcH0B59+ePoQtecFJd7Nu1lre/d+i3VtT4RYHE1YSlCjJwS32SScU29Ne/V6Kx8/wDhmO7tb6O+nRZbS2kChJCu2U5+QNjqAcgMQQeuFOBXb61r0F6bi2h2JvCtcKgCrHjGArYC4HGMEYwQMg8c7qNtf6fbTWd3arYizb92ZlKmUhs5JJAdQDlfvc9K4qK5jub4RwyOfnQOqElZGJAIyOCntnABXoK4KkFi26mraV1e7Si7a67db6u6Ts02c08O4O0rq695OztdK9nurWd7vbW2yfWvbovmmNTcJBFukdDuAHYk5+Zj/stng5xmuQuYJdbkaO2tGhit4iXIycL/AM9GY4Ug9flLMD1AJOPTri2sbLw/LcJHN5rQ7dwyPNlJOd2cgqvoMqeTzxt4FNcNpZLCiIGkRwwZdjOTnLMQB8qjkDvwOgFXg5fHyuzjKKWnWy9NdLdd10si3Cyi4tSbWiTvbRK7btK+2lndd3qYsmgFbFZlmWSVGIEC8thsggZIB45JxkA4wSDXXfBmCa3+LfgJLiNwq+JLDg8hc3CEcnGQy9TjAOM4xiuIGpR2rQyRTEOXcyGQkplsqQRySRyV/h755FegfBi5n1D4weBGLptbxJY7V7gefGcrkkkEcjOQPbivSpOatondxbum3ZtX6tJa3f4vQIN6X12slqrtRdr6Lrfra+25+9nid8XAQI2wmMKGJ+YlPmBwRjgYBDDpz95cck8DSKEOVLbi6rnaMjoOwA4BOSM57bQe216Bmu33hmjAABfAG5U5IxxyxwOgx6YxWEkYYdVjzjIBzkA8kZxn5TkjLckjjgn6zDQi6UW43bSlt/gsl5ab66eunz2MrOOIsm9dHay35X3snpp3t0Z4J8UfGlp8PdJsdXvtPmuYLrUYNPPlPgR+c+3zWwAdoBUnuQTjPUP1F4LqytbyLmO8tkuI8klVjuE3qCG/iAKj0zkrk5B9G8WeHdE8RWIsdX02HUbQXMc0cUx+VJIyreYAcjIZeCBg4PIBFcRr0cFtaxxQxhUhTyo41OBFFGuxUK8jAGAD+XGM54ilG3lJLRrro+u+jXy1TOnCVXKycpOWzV+js2ktbaX17bHzt4ohCbz97JIO4c4AUkAAlsr0DbSR0B44/Pf4srs14NkbWabYuOMbzkYOM87efbqCST+imvGPErk7sRS5U5JGQcKDnGQgwfl/PjH56fFyNP7bjGGA2yMCe2X4GPTJI9Ac9eQfBcVGTb2d/LqrbpaNX111X3+mpy9xdLrT5x0v0el7pu2/ZPyQDykBkUNuJA2tkFec5AySCc47/jwJQQzKuGQnAxuIyD0wQOCRnkds8A4FRxk7QrBSD2bnJyPuH8Ow4GeOgN6MIsPmlSWDAKmRwDgZyGwSODkcZ4GRgh8yuraptK3frrZfN6Xt3NX8rtbJ/Lpr87eZcCLCuG2E7gzgDLcqQDxnPyjdkenYCrKRYRZjtkDEx5IXaqn2H3cZHIPP4UxWhjkG8FsxZwMM24gEgjOON34Z4AxU0qwRLGwR3jkRmTewUGTsApHKjtnB5Jz93BF3tr001s0rxv0f823W+m9zCcJtNppy9H/dtfWys97rZtu2pYsrZTKInCfKS7YKjIOQMHAyB3UdOcY7ySwRQXDIXRo3UlWVdxV25AOCfl3YwT0JzkcGstXRo95kZZAwVkztGBnO0/KSeRgggHIz3zajuU8kNcAuruSiEfOe5O7K8DGAAeRye9UoxcnpeOzu15O2y3vs2nq++mbUla76W/le8b3u2+z66207ymBLdgksgCHEiyIhJX5uOgwRg5zjPPFTWuy3lkEsqmNlZssAZArfdKA5zkjJXoBxnpjNmZZC1xGDsYlUjZjlVHViMdcDIyMHjByKtxyK1u5dVZicKjgh1GPlIbkYBJyCR65POdLPaO11bXmafu6N3Vkm7evNrsZzi0vX3Wk+9urVr9bXXTfpoxxsWWAoXUNvjHqHYYbLHJXgN3IOT8vFRzbEMNqzqvLSNJnOG5woTnjKgdgMA8E5qN7ma38tRtkkMQKuTjy8ZIHPIA5A4IHHbFRC4iZYp5ATKrkhcAK47sSeSOc8+nAxQlG766JNtWbate1t1o9W09mnrK+cVbX8k7p722vbzb2sWLeKJQXl3sBKx3oPmKljhQufujOTxz37CtCIxWryiORXWXawZ1BMbA8gY+6o4LBsEA8Dis7zYY4ZWty7tIykn7piJIzszw2N2CABk8g9qsKQInA3y7gCCoBYueOfr6A4UEEjGM2+WysrtaO9rPbondpW9P8AE7Mb5k7SSSsnve+qfTRraz1Tdu+t9JLiZZWlAkR5FUyRj95hCSFQgYwpHOcZIyOgqC8jLlZS6qiJslVuAF5UYHGSCMbgBghiTxkQLepCpiGIlIWQu2CY5M7W+QHAz8wwOTg9RTLp4jAFjfz5JpFDMGG/IG7gdduOuR/LmUtbtvo9Gr9G1fW6unpKzfXWzKglKSer1UnZO2lt7X0XpJJ3vY7bw3cab9gne4jVriEOVXaz7o/uqI248sk5I55xjnPOJbXcd1ceWiFUVpNtvk4AwcEsccj04HGOc5F3RZLS2SSFlAxGsshkBG4lT8nHBIHHTn2IBPPzTwRSTzwq6mNztUErgM53fMMZGMjA+72AwBWdNy55K6s7Wbvom46K63b1TSv1e6ktZSUbJWdkm2umyeqVk79W2krra99a0eSyvjMqSlbd9xXkBCx4UjjgAdM9iTjPHp2m3Vlq8c8lzvhktYgISoLozEglXYf6wHjYynaMg53AV4/HqMktx5bskUcyKTG45JC8kuOMkDI9ec88nTN9eyOEsJlS1dQkqxELuK5BH947s845wTzjgbckormSUX0kkt9NVrrqtr+m+j/iKz62ejVrJxXrpo22lda27+96L4o1DRXSOOTy2tVDidWO0RucoCuSWXHXA4GcY4Wvsf4Z+P7PXIrSKS9ht9VjCrBKrD/SDhWLMcZwOeo+Xvjivz9tIH+yh3vd6m2yX6kvgbohuJJCjoOc8nJFdZ4a1xdGtjNDLJAxCvA/Ky+YvBKtgFMnIIGN3HQKM+tked4vKsTCpRqT5U05Ru1s42ej6d/xbTZ8VxdwdlfEWX1aGKo03OVO0ZuN73jFaq2zelnZtXukf1N/sA/tea98IfFdrZNfYs7rbaapps0u621Gzdgj/IWZGYKScldrJjHUmvoL/god8PfDkXhjVvHfgkQnwX8UtMl1RooebfSfE6x+bNFCq5SIXGZHZSAAw5BHFfzbfBT4zXU91YQX90LPVYHibTrvedsnlYykj5xlgoBB3HJ4JAXP9BXwB+JWkftJfCLxH8BvEN/F/aN5pF3eeH3nkBe21mCElY4ckOFmYfKyHoccHNf0Xh+IsBxhw/VwWLlB46lh17Os+XmqcivCM21zOUG2k76pu+5/mZxPwLxF4F+KWXcVZPTrS4czLMVTzPDU1P2WGpYicIVK9PdKEk7yvZKUU/M+P/8Agmj4hMPijWtIlkcTMs0qryA7WrNEVI6ZAJ7HPHOCBX7k+DPHuo+D9Ug1mDytlhqCaivnEDcsDjzEyDk5XOMMSMArzX4e/sO+AdZ8B/tM654P1UGG9sbbXYLqCRSgLW8z7JU3BTiQKrA5yRjaCCa/VrxhbX0nhu9t7VpEuWF2VdDtIQBxkYwM5ODwcEHpX88cVZbDF4XF4OUE1Uw9WjJWTcrqMJebvzdFo0r31v8A6r+F2dPE4HBY6jV9pRcqdeM4yUoyUlRna/aSd/m/n+gn7Ulr4W+PvwL8K+NbKSxvNau/HOgSw/ZbiJruGRZFjuEe3LNIFU/MMrk/MOeSfy9/4KKax8QUvIPHfgnUpn0P9nTTtF0PUIFUr5Nxq2mPHfStGpCnYQEBK5weTnBrN/Y+8DeN/GPxB1rTtT8Y61Y6Pptlca/aaYbqV4f7Q0ZWktjFEWMYWWRVPyKDxyeCa7i2+JHh74q/CL9qL4feMrFZviF4i1a6066s8E3N1bQTNFZ3/lDL74SiZKrwG6AkV/mtxdQxvhTj6sk447B4XMKeIxCjBqOHwmZYunCtOabetOCacnZeSSsv7eyFUeL8LSiuahUnQkqDlrz1qdP92oyVr62snsm9XoenfsV/DK3+N37Nng7xM9o7tfxXkl85TAW7aUvIYmbsWfO3A65HXA88+OP7MVjpnnyQQRyFd8flBQJmO7gsNowTg88qRj5a/aP/AIJ2/s/r8Nv2T/h94PvbOOOeSxe7bKt5gW6+dTIWIcMAPu8HcMDPSul+Nn7P+k3ljfXcUUgYo7PsQOyuoyNuATyQMnjA3AdSK/M8s+kNWw3FVeoqqWTVsdUhh6qn7kaaq8tNtbKLSTvsk7nu4fL8gx9F8P4nlWYUKcaLqStadaMY82t7L3rx8nZ7n8gvxE+FN5o9zNKtvLiBnfyGjYAbexfr657+vJNeJ+HdKuZ9ekvJ7WWG005iOhMe8HAyoBB5xjI44GBzX7HfHzwDJY313pMEbzX97cvawQmILIAWCZPy8j+8c8Nj5iCa4WH4Dad4e8KiG8sYZbuSNZboMimRp3AYjdgsQvAC9yexyK/vDg3xCoZnhMNW9qqkalOE1JNO/MoW1/l1vZNX2vfR/j3EvAksFiKnsk1GMpX0aUleNkmulrt2fVK1rHwENbJX7NKDHFE7b3ReqtkKACvTIzgDbyeME1Evia3ssRpHBOeY1GB5hA7nOOe2SQQRjHJz9La18MdEi85p7QwGVSF8sttQICckL0zgY79AOSK+ddf8A2yXcbae0kUaF8buN7AthlYnDKW+8c469K/a8szajioxmmleySu1tbo1o12fd3u1p+XY7LquGlKLSbVruN76crjbTVpW30890EPifSHd/wC0bKJWbCxuAJCCCODyTxkjOc55Ixk1Ru7nw3fndGZLcAttYZC+Zzyc4BB745GT7VQuvBt/bwrKYzcrFudiWXhhyVIzklRjHOPTvWPBBY2kcs2otInlKStsxBjLEkBdw4GQBzgYPFfV0atPkU1710t7pu6Td2tN9kruy8mjwZxqQhJSSS6XTUnqm7vbpay1atozJ8QQO1lcLZ3wkhJL7N5WSTaML1yBg5LcAkY56CsbRtZ1O0tfKli/dpEDIkshzImR8wGCBjI5yARzzUV3qdnc3Tx+Q0MCOAiITwCRkt65I4H944APNSJ9guSkW1ykbfNIJCrGLOckbieD1HOOp6NjrpzXLd3klpeNndtp2d1dpWetvPTVLgjDmurvW7dt1t030W72Vr7XOitdS0LUJWSVWgkwAh3b0ZznBIOdoPAPXrnHHEGpaQjO/wBjmjkBAZjuCvFwcHbuA5zwACTgEHgmq/8AYdgU325d3UlY1ZlifOBjDfKGAI9SO2QOaii0C7dpGjuHWVkclZnYqFUfNyDzx0HRRjHRicnaTi2knKV+VRb5Yu27vutfNLpdWe9ClPm1s9bNpJ9FZrs7pp2fZpPQ+Xvi9fXtlHb2yWz3ANwEM2ck5YAFR6BTnJ4GABzivfvhhazWnhe0vJobqOWW2jy8kbGFsgeWjPjBIwPTOADlua8R+IvhnX7jULcb2ksVuUUmE7wp3BnCg55VgdvOcYHPNfZHgnUbm0+FyeFybSWGXcxmuIkF9DsBOA+PMzxwAc9OpwTyVcRTgpuV3FpLfTotNbpLVX6NddUfB8Y4H626CdRx9m+eC01aUVo002noru+muzscVe3qSOXm+VwCmI8Ebug3behOVVR8uN2RkYrOt7P7SZI4vNKvgoHdoyJRwFAPykA53NgHnAC4JMGo6Hepl4HU+a2VZW4OPUHJByMjIGPUmptBm1SzmRbpEZF3bTKBksWzuUqPbIOCOewznyo1I3covdpJWu1e3pZtPTRrpurr53LY4jDVacW5cqsnJ+8pfAtL25bpt2tu77onn0bV4ZBKPtKGFUzEjEpKoIGCcEHjuw7Dg4Arp7LxtqemRrb3cO6OMEAlSDtGTh2BA4BPuckc546C0vZ71o3mQQQFWUsgDLK64ABBUnPXjPbjJyW5bxDGZJ1YFSNy+YiJkbgCPn6FT3I4P14Feph6ynFqb2tfTR3cbLeK0Tv0tul3/VMC5OlGpJ3ulvdvXl3et94vbSy7HVQeLNJ1IxLc2cYik2nJKqwfpg4wSvcep5J7Hch0jw/cyLLbTLZSPEWWIyApu5OcAgsD1xjaQO2c15Gtik7rGqkOMOfLBXaOcHAHOeMk/Xce/Z6d4Y12Xy5LN2D4YorMCVIIbPzZ47KM5OfUVt7sHFKPbo1bZ3S1v5Wv+J69OLUotK7kr35XppHWK62trq/M37rw3qyMJ7dhNtwqiCQBCB82WBDHjbySvOTg9DUNzqes6YfmtcoyKsg2MEA6Aq7cncM9MY4AGCBU6N4o0pxJdwzMBtjOB+72sAVY4AUMOuTkZ4PTnZtNVlmd47xN6hWGLiNWUJjqpAxgZ46ccg8cRN8slHmkrvTRO793XrffbWz7XO6EIxak2/edkra6Wu3orWWiTTt0dzEi1uGSZLi5tmVchCpGQScYboDwec9+vB6dR9vtnhw7rGXVRHglJADg4Rsjk9wQMjHfGOSvzZu7yR2+2NQFZkdti+jhc87egxg9xjFTWGkyau5ltJnmjRTgM23aFAG75s/NjgABQefXnOpOCg5W95yV2rJvSN5aeTsum+xopu6UVL4lqrXvZXWze7a8ter09p8DWVol/HfXSsWQlUWTDJtUjbIcHAJycnPPPIBzX0RdNaS2qAHzTtQxonCmTpwTkHZxgYJzgEHOa+R9Ltda0swMb1Xt1djIC3CrnacjO7hcgHtyM7q930XVbfUzbrG7SpbxBwIiwBZVxg8E5BJ5PGTjivlc2qNp2lZOStZq269520tbW7dvM+ryz+GlJcspWu5XV23F3VtLJau19V6o/Fj/AIKteHV1f4ifDOxtoQ+qanpbQ/IC7zGSTbHHhRwFY98nBOMdqHws/wCCIv7X/wAS/CGi+K9G8M6PEPEKh9MW5vIs7HjWRDMpO6MlGVgrDGTtUZ6+7/8ABQTSLhfip8KvGscE11aeH4I5rtWj3orLcRlUKqp3HBAJ28ZJPTn+v39i2TTfFPw4+Gus2nnadpdv4P0jUJljmLRRahLaxBRMpyImJzhZABjAHSv46+lX9ITizwXyTh6vwphMDjMTmWMeEryxcJVVRjFU+S0VOnZyTm+Z/wAra3ufWcG+HGWcW4jOsbmcq8aeEcHSVJ8qqqXLG8WoyfNotLN3Vz+dv9i//gmz8fv2XLHXdS+LfhSLSNItJrlJdctJ0miuboxgKqRpzEgYDa78Nn5QO/6W/GV4fCv7J0aRIWfUsqmeTOzyFX44b7h5Jyd33utfo1+074nu0+FPjzTr50mkvdcsLfT9hCiSBHDZKgdTnJADEgfMTnFfkV+3h4tfwh8DfhhoEdyto8rpctGmC0sKKs7IVPJBHyksOeSTX9JeBniTnnH/AIP4XiTOaVKhmeLwdWU6dCLhTulaKUXe2r/ma1utFY/MuPeGsFk/FOFyvDOTw1OVC6qazSvF6uyTlq7yST11tc+a/jt+zTri/DP4AWc4tdM0/UdHfxBDqEi7vKd5WuJI5Jfuo7I2I0Y5B456V6/+z34q+HqaZr+i2/jMQ+K/DWsWEy7nWO3ex0iJJrmFHBGTIUdWCkbie+OfpvV/GHhP9tH9mPTdK8GajbaD4j8IeAV065sMLDLFq2j2W+K8gUkPGJPLHmlCFP3Tnnb+L/w28K+I/AnhLV/F+vLG9w/iSbQ5LtX2GbbL5FzPKB8zbwGw3Abvx8x+A4A4jp8a4XOsgzWhOlmWT5nWw2NhOM4qdKpVcqNSCkl8UNL6r3drH0/EfD8uGsbl2Z4SUXhcdhYTw/K0+SXJCE9Yydpa3ve90lofqbbeFdD8U6jrnxTvCJLrVtVaeAqu+IwrmNWywLZK4br9c8V32iRJp9td3xjAUh5ArZX9yg3bvcKMqp5B46848F8GfEvQ7jwvYeH7SVJQXgQMrBQjOilxtzhm3DnPGfQnjr/jH4tm8IfDDWdVjnMEk1kbGxIOHMs8e0DHGcswJwPu4xxzX7vTlHCUMNhqajClSjClShFpWjGKgtErOyXpbSyufMyq3jWxDu3Z1Jzdr3s27u2vd621SW2n5t+NbLW/2gf2nrPw9o8ct5ea/wCIbDwjokCAytGktzHFd3CAE7fIhZ5CQMDGSRzn0L/gu18e9G+F3h34XfsP+Ar6GLw38GPClhJ4qhs5wYbrxbeWiNci4WFgruW3u4YErISvVc17H/wTlsNN8J+O/i5+1R40SJvC/wCz/wCBdX1a0vbxQYJ/GmoW8rWkKPJ8jz73XaVbeDwMncV/ln/a1+O+v/HP4zePPiJ4kvZ7698XeKNW1l55mMrJbz3khtIFYszBYoisaKSF+VcAgcfpKxL4d4VrV0lDHZtCdGi7KM1TkoqpUjJXaXI3TTV9ZfI/lHHqrx14l06NRe0ynhiaxNe93TrY6aTo0272/d6VWtXdLXVHzZJCb15p5TteWUvI+75trEscjklWB4GOhyaxtVjWKSOFtka7PvIuTgEEZ7h+B0PX+6QQvYaba2lxbh7eTNxIVDqxZRGAMkAsQORxwMAgcnoeW1SwlVpnlyGG4KXO4FSegwG/4DkZJ56k4/HY13OpaU3zNttNt3vrqtvV/P0/dKaScYpOKgkrX0VrP3VdJW03drPe6R+sng+EJ8EPA+W89JrFWUHCqOFHXIxtGevI7DjAraYokddyuiIyhASdpHJYHj7oI+Ug+gBJ3Y6LwXC0XwH8AlmjZf7OUrwMMw2cdhkjg5B+br1JOfpgzKrjIOQVGDjpnOSMgZ69CAxI5znox6vBPdckbX3StH772TeulvkfS5Y+WMeV3TSdtHponpdc192lbpq93x2uKyPchFK/MwUnJcBmJJ46AYx0Ax9MjI0iINMoUF23KJCCNx4ODgdc5PUZx0/hNdD4k3CWdlBEiK2SqkoC3qOME8HI6YBwQOMrQ0aXBiBEiAKVUbd5ZupYgZABOeSeQAcHjzqcHKCsrpKz1S6rp89u2h7MLKTu23eyV2lG1ns0lvdapWs+m3vnguNlLBFRnWMLsVcPjA28HowyCSQBg9hxX0/4QG37MkhyXKIWwG2svyleO3vnGepFfMng2CaMQzmT5mcNJkjcCOPlyCSuDyR97kH7or6f8OCRzAWVVZEyjJ8yu5B4LY45BBPrk5wa5p2c7K9mltdc0tOm2+21u+iN4wTmubdtXv1d4qzfSOtrJP8AQ8p/bBlk/wCFP+KlJYIunKqoFwCFU4PPT6k4ABzw2R+Enh/UmjhW2AO3cuXU/PErk5IJA4K4HoM4K8ZP7jftfztL8JvESYZydMLDBOxXVdpJPPQfr34r8G9N1KO3NvHO8caylkcgAOEB4wABk9eR1Jxz1HR7PmpWtfZuz1bVvLV21S2Tv5Hy/EkoxrUtVF+z5raPW6bdraq7emqdm2YXjrTzFfm6iSSSKZTlyMtlcE5PDA4OcZAP1JrgopGXZgEnd8hOMnJ6A9TjgkD16jivdfEtrHqNrC1iytbbdsrltzHIGCQ2Du+gJPHPIx5ddaRLb42xCRVZsTBSflBzlQAME/dPpk12UKkVTjF20Vmnvo0no3a91daXstTwqNeE4qLaUk7W0skrWb0W/RJehiySSMwDsfMVyFUjqTnamSM4wen97sOtV5RK6yRsp2xgFgOfmbPpgjjoO5zjjpsJEzThHwVVlZTj5gWG0BgOgXnJHBA5GeKdNZnz5EONwwziNWKupxhSW6EDGc8EY6DFbwnG/TbfyvHdWvfbqura0d+m8bJ36d1rtq720aei01euiRy+BtU7sOM7VUZDZ6fN0U88Z+gBpyME2lNxZTkkHaAMgEZyOfYdeD0rWuIIg7rtREDA7sNyCBk4GDx1B65644WsuWMoxWMgRsdysSMt/vcscLhvcc5zW929bLpq1dPZptPz++3mxJ6320V3bbqtdLNb2unvc0LGcliAMOVcmXOQoII98D19jnFWvtvlzEOvmog27QTuZW67sdyvIA6ehGBWNFIEZhnaCpBZOfopBPIJA6Y9T2qRyAUJO5ic/KRyoAIznOOPU9gOvNZumpPVJtv00030fW97avs9bK/pa/a97tW7rfX56lua5CMfs4MUROGQkjcrZJUgHBPOTxnnjBOK3rHWbZ9OlsL6JVRkJglRMuZOdmcEZwOnYYHOMGuSdvMPmKSS+cxs2CqjI6DJxj5uD7jqRUaiV0+XcVXPTncOSSOmSMHpgjg5HWlKhCSjeOqafu33umn6Xt+tgt5Wt8tNHp5fnvqt/b/gvf21n4vtv7UlWSyDIjJI4MLSM4ETSRtwyjcA+0ZwSS3evbf2hPDB8N3mna54cggfT9WghuLm60yTdBbXJGGVthxGAcsVPJyevf4ntrqe0mjnjkeKSJwyuGKsGU5yVHJxkfTGM9BXtWj/ABX1JvD1z4b1eKK9tLtjKZpmZ9pGVUJubK7uRlQvzZ44r57MMrxCzDD5hhpKVOEXTxGGaajUpu3vR1spQtdXWuysawdNwnCcbSeqkrOz00fVJ97prtqRaV4putPLGQ3MiyFGMuXJjJIJ2nIDMeQGIGMYzXqPhnUZZNWsdTtNQuWtJQDewTM7FUD5YSLuOQ/JPHTDcZyPDHvILu3D20qWojmLLZkh2wuAAHPUM2OvoTXpHha1W/0a5it5ZbfV3L4UFyjqwLKNwbCqx4wRyfxNGKw1JRlKMOTnspXik1e2qau+ln+u5zJcji+ZpKV46cr0tr6aO8Xvrboj670HxPZrPc3VnGsUpYRwBQVhcEbflxwSOpxjBU4OPvfP37R/w/uhb23jS2geZboj+0cfO0TEEJICuML82SxH6iuR0nXNe8PG3srpJZCJgWgcOShDcMvUnKliB6euc19R3Gu2+ufDXxHLq4tvI/s3yYLe6AEpfZw8eSAXDYI2jIIHqa58uwtTB4tTg+aE7XS0dpctrvpZPouz0OqjWVZOnUVpJJx0tZtJ6aJap20s9LeZ+ZK7GDKylWAGCeRweuT1PXI6egA4CSsquEXD4AO9Mc5U5GeRjPIA+pGBy+4h8u4ljGSFZwMdVUMcE56jB7dgccjIrhWVsDrjauOSQQQo464IGevbJ64+uT7q2uvfz1t/wDO1k9LbJv8Aw27edlfr6tio4UYHJzlvu/lkgdCTw2SeoxjFaVteSLEIlPVt5LHkbe5yPlzuOATg/KDgkE0jAiuEMmWK7mAABUntyMccDPHsSaUEbSOfMLcMMcIO2SMDGeR1wD70n/X9f1uJaWutrXTf3pt/i2dlYao8kboZAuAoAYj5gODknJz68nPbrXpmgyeeisJFRn2xlTuClSRljzySehGCB3yRXh9tuEJmDIQDhlJ7cfMw+8WJIIwOvB689fousZmhgeQhFC5ZcgkfwD/gJHX24/ix5uNwvtINJ/8AbvS/u7Nqzu+1tOurvnOMmm0t0ldf5vSyfl3uu/sN9aXMqLHG8jRqqpvEgKiRT8qgnomSAehIwNxOBRFEzg210dqfIryLhmyeuC2Wx1Oec+/zGqlvq8LKcTiEbVIQnIkY91VuMEHk4574PTUttRsltpA0qupKlmYFnDAZIVlyML0xnHUHOMH5WtGcItKLb2TSadko3k1ftolfWzva1hOlDS75XyvZJNrRu99eXV6K2t20ro1NE0+K9Z7RH/dRByJVIVmbhgA2SSDjAXIGQ3rkdVP4ah1O2ktJ5FWZoyVklIJCqMBcA9c8nPGBwB827kbO5jiuA9uZPKn2MpBIYnggAAZJLHp37rwK9bt7QS2qTyzrBKUVtsmApi2g4yR8zMBj/Z4x0NeDisdi8HWpVKc5Jc0NEnd6q+idleLW/d3fd0qabaTbcbWTVtLr4VfXRqzfnd6WPjzxI66Zqkun7t5gOzehOG27h0GWOBySBjrzya5mbV2JQwcKoCMrAnjPRc44JI5565Pv7h488I2uoSS6hEscM8YISRHBR0ZiC5AAOeufTqcjbnxSw8G6nqGrWumQ/vWvZlWOQFthPmgYzkrjGWycjn1r9HwOaUq2BhiKk/ZtU1Oo5b+7FOTb6K2vV+d2aRVRyjGCV21FdHq9H9ldV89ESjWHfgM6oVUPtAA4wQOAMMvXnnjk46dZompsQrMGkhjfhixJAIwMY6YzwCAO2D1r7c8EfsjWuu6ITc7ra9ihiaRUAZrjfGCcDBGRlsYDc8knrXN+N/2bdR+Hskf2Owu59MnZWnuZLdz9n3FS247Tg/NkFhg4HPINfGYfxW4VxGYyyyOYU6eKU5U4xrTjF1mpJPkTldrtp0v1PcjkGZ+x+sexm6Vk3Plule3Ra2096Xe97LQ8HtLvzs+WcMhJQnrg8tknPIyCFLdPl+uxHqYRdvBYlVAAJIdccEcqMjqSCCfpk+q+DfgP4g8ZNeWvhyJ7u4tFeUlA+CqqW2EfeLgZB+YFTngcAcJ4q8CeJfBVyYNe026s5FYlHaF1ilCnDEMwwSO59ep5Gfvcvz/LsbVlRw+LoVKsVFyoxqxco8zTvy3bXbW1932OGvl2Nw1JVqlCqqM7tTUJcraavZtJPlW13t8ms2G8jdHDkEsSN3Q5HzYBOB04BBIPdjyaJZCI22gB3xjJIGBgA4Pc8dQckdAOaw0RlZXDEiRenAAPPA/3cDOQCCSAKf8AbixWN8qVfYXGc5Awo6dccZGQB8xx0r6OM4ytdqySsm9NbN2el1rpd+l7HmPS73blZOy02tto2+jtfXyMfVI4pDJvyWPBABwxHPJ7HBOSpB5IxwK8u1m3FpLHPDgoXYFASCGLHlSTyAQc9RwM8ZFenavJmN8MisPu4IBY5wD9OuTnkAnI2ivI9YuJJLhY2cF93yscYTkfLnOehyMcE8ksOA+d3iovdXd7Lt1stlo1o9tEtS4K7aS2t+l9evorK2+j0n0jWpbVmZyd0L7y3dBk8MCCGHYEemc5AJ+kvhh8ZNc8KX8bxXTvp8mGmsppN0MsYzuUI42pkZXnnOAcZwPlS3DpMAzKTnL5AGe4OAQCMdvYk8cDVtdS8l1RSNm4rvP8ODk4XOTgLyMYzx3rlxFKFWPvKNrbyS+7Xu/y0tsdlGo6coyhPlkmmmnbZpa3s2rJ97aavU/WnTJ/DXxKtV1rwrdRadr0YE8+mlhEXmKhmaFTjHKkjaAOTn7xz9VfBf8Aay8R/D3d4A+KFgPFfgaZha3enaqgmmtYHxHJLaSyq2diHcrIcYyRxk1+Jvgvx/d+Gbu0uLS5kjdW3pPDIVlA4IVgCo28YZDkYGAMCvvLwl8TvC/xFsbbS/E6w2mqeUkdtqsZRd0hUkNMwxhmIDEkjv8Aj8NnvCmBzmjKnXpJzj71Gony1aUk1JTpzVpRaaTTTT067H6bwZ4h5xwtjIVcLimoT5YYjDVP3mHxFO6bhVpSTjOMotppq9tb2TP0K+L37MHh3xfoY+Ln7PTW/jHwupj1XU/CkUiTapolwG+0S+REpMhVSThQMgA/jc+E/wAVdN8SLbaRBcR+GfF+lQiym0nWpWSK/MWYjCqzEbJcjAUjO44FfLHw9+JnxN/Z/wBcttY8IaxKLF5EdrdWM2k6pa5DGK5gG6MCVDtO8BeeflOK+xr7TPgj+2hYrqPhm5sfg5+0RbR+ats8q2Wh+K7tF37I2RokguJZAfLYYy7dOTX5/WnmuRuGAzn2uOwEf3dHMYwc61GF4tRxcUnzw2/eJaWV0j+ruAeNMtqYjEZzwXiaWQ51jVTlmuQTlGGDzGpBJ+2wE9PZ1W3JujK97tRumkqvxQ+E/wAOfi1by6R440S28PeIXUrBqqxqkMsrD5GjuVAUoTtILuQMgA5yW/Jn43fsp+Pfg/fXGraPHPq+hBy8F7aoZMoAWCsYwfMBXZhkwV7k5NfoJafFXx18HNan+E/7Svha+u7W3mFtbaq8TG/tIVbal7p97t23tsQVcMjuSuQWya+gZtLuL3w8+ueC9Us/iX8PLuPdd6VK0dxqOlwuuSrQkvLHLEuAeAFIGQTxXsYLFVKKp1MFWVSjJJxhOV6VWLcXanO7UJvs93pZu1vrc8ocD+KUK+D4oyz+yuIKaUP7Vw1ONHG0qlklUxFNJe3pqXxOSej5o2dr/hN4T+J15paCz1lZGjDBMyhllgfIG1g3IIxkE/dwQTnke7Wmt2erW63NlcRTOU+cbgXVcDa4xt+ZSSAeuQDnPNfRfxQ/ZW+H/wAVbe91n4e3sPh7xVAHkm0O9/0d5ZEDFo2QFAzbuMooAOB2Ir8+vEnw/wDiZ8G9UxrWm31pAsgZbiOKSWxnAY8xyKNoXHOCR2r6fCY+Na2vsqy+OjK8ZK1rtX0lG+8l917pfzFx34HcV8Jxnj8HTjn2RzlehmmWp14KnJrl+sU6fNUpTVmpcyXK9U7an398Kv2hPEXw9uI9H8QK3ibwey7LrSb9vNeCEgB5bCWTmMqCMbTx/dPRv0e+G3jq0ubSHxf8LNeTXNDlWJ9Z8Iyz/wDEx0sH53CRbidgwQrovI5BPWvwV8P/ABCsNaCWuogWl3gFBKNiOxAVkViBhTlSRx3x0OfV/C/jrxN8MNcsvEvg/Vri1O9GmtoH3210gPzwyxqdrKwJGMEAYP19/D4uSTalyzVmtd7WWvV6rRp31sfilbD4nDySxFGXImrqUZKUX7qejs9LPVWd907M/pT8L+PrLxNaJJbSskrBVvLKTcZrZvmHy5bcGGMEBcZxzz82tq39kXZ8u8BkcKBG7jDupBAG7buVlGSMHAwAcV+e3wV/aD8EfFiCK5sbpPDfjyzhjfUNLkkSGLUZlA8x4F/dq5dg2cAkE8EEivrDR/Fo1HdbX0Xl3IBWRJQ0bN23xM+Cx+7wGznIBOFJ9jD45VGlUbc4tJpuS2cdn5+e7euzvhUwdJx54pSWjT6xej1t12W/ZHX3XhaK6jkfbFeWxQ7YXAM8YC/dBOGI64PJyBjoa8x1bwhMswu9Jmks54mDRKy7HLId4XJALEdfTGc8dfS7W/ntf39pK13ARtZCxLJuPTAGcgdM5PXtV5rlL+FmiZDIR5jxypiSNhhVZQADhsAHsQfwr0Z4qTSirNStr1taKtstbJLt5anBPCQcW1F3Vls1b4fVPZd1pp2Lvg7xZouurZ+G/iFAthdxIkVrr0WEfeSAnnFVOVDHktnAHPTFeha78ObzTIEuUI1bSn3Gz1ezZpslvmVpiGJOFGPm+XacYPUfP+o2sV6WWdPs80ROJAgKEjjcj7c7DnDDqME88Y7n4f8Axn8QfDe4+xajB/bvhiXEc9nNiaONGHz/AGfduZWK5C5wd2eh2ms5J3jKD00cou29ou6u1a7tto9tNUc1TCTavJaWSV97NRVnq7u/fS7WtjbPhq6MIuLeN3dDvN1CCr7k6o44BHB+Ug56cVzev+HdA8XaZc6b4rsQsqriC9EYSRWBO1vMA8xGU4Byf4cnJAr7Z0Cw8FfE7Szq3w6vIYbmeIyahoUjoJ4G6uEjY7s5yAyghsDjFebeMPA5nY2Mtoba7jZQZfLMDK+DnO4AODkndg5yPXFXTr06/wC7m05R0s7qabta34Ls7aM8evPEYKSqK8Ytr4el3HXXR3vutGmkrXPxa/ac/ZuuX0hQlp/bGkMj/Y9UhXzZ7UsCEWVkG7YhA7kH5cjsPxI8eeB9Z8H6zPY6hbskQLiG4ETFJFX7oB5GSOWBJIOD0OK/rtuNMudKuZtM1K1OoWKq8c1pOimJI2OGdMj5hkjIHKk5JzX59/tSfsj6d450nUfEPgSyhmlh8y4vdITAlC4JM1kw+bcud2wFg/3R82cXeVJpWvTbeuujTV7tXfXVLRWsl39DB5vTrNQnK1R2Ss2lbTX4rttrXtfa9j+dYqpZVIJlCsr5HBIGOvTIP93H6VWEagGRgGALB8kgt2xg5Y4we3buRXovjjwTqngzV7rStRikTyrmRVMsbRTDa3McqMAyuGwM4O/nAPJHBCEJknzNwLbkIYBUPLDO35WUZ64HJPTNdalF3kne6T7N6J77NPrp0sj2VV072jFN3a2s3aWujXmnrdWMzysHehySMLGQCfcEDpgH5SeozxnkutLSWWQFNqpg7mUhSCSQVwS3QYC7gSoyCTg5khCMWK7sjC5PJYMDkHsDgZGccHp0FbkBgjEmELkAMOfudiSoHIz0IGOwwDRCTVmmtG7O+iTSum7PrF2vbyTVysJJOpeTtqvktNO+y3Wlr+hcgEUYhidd6iM7STuZd3JOTzw2DjpjAznGGT5eMYJ8oPg8cNlvunOCR1OM47e1O27o1WLG8qCjkkc/eKvkjH+78v3eQDzUz4CNFPiDchPmKDtckjBIHykk7W+oDdjXRGbu01ppZuz6J3V2rXs9+u176+48PCtGDg0o/Zb12UVfVLf7P3dEZc0cDEtsIKrs5DEYPOSCRk/MD7ZxngsIXtljU7AfmKbjjAHPJ3Drj2JPOOcjGnJZbgqW7LM7RgAhwTyckNtJAx93r6g8gmmuZII2RxsXgYYEjdlcOMgZzwBjJGcnkc6Jxt8rLVdXG99fk1pZ2srWRzVMqrJe15G6d/jSTT+G+q0v1fR6v0taF4l17wpqEN9oWrX2mX0MizRXFtNJEcgKcMcjIB6BucEkAKa/RL4R/t6ailrB4S+MmlQ+KdGmQW8l7PHHLKIMBAZkkVg/ynBYAEAdmAr85/L3kDKMrAEFlJIyARyOeeOCMd8YPKiBlbfIMlflGAeQfu7u+OfQcD0NcGIwlGvBxlFJvZrfRR1TT0tpqnZaWXbnoVa+Ek0veS3hJq0l7tlZ91pdd0tLs/Wrxl+yT8Av2htPm8YfBPxHZeG/Es0fnPpMMyfYZbh08wrLZbwyOXOGYblByAFxivzg+InwT+LPwF10DxDo19Fbw3Rki1W0gkudInCN8kryRgopyMkE4JI2kFc1zXhXxt4u8D6lFqvhjWr3S7mF1YLb3DrESrA5aPcFKAAZJDEn0ANfot8L/wBuHTtctIfCHxw0G017TLqIW0uoyQRzIySAIXlV43IOC2WQqwOAMEjHkwji8DNyXNWpRasnpUSVndPZ387N67aseIwuDzHdKhWaV5L3YyvbV20Tte+m19T4D8b/ABo17xr4Y8P6JfzRxx6G7mR4I/KNzM/Ecj4wJShwOQBgYOeM/Nuoalc6fqFzew3EqyW8LP5sTlQ7Sk4DKBhgpbBABwCOMdP2r8efsWfCr4t6bc+LPgH4h06C+uUe6bw9Nco0DtIpYxQpvJgZScAHgZIAIAr8zviL8A/GHw/1K40nxXoF9p824ozvA32S6hjPWK42hGUnkEMTjaMc5r26OaUsakva2qxjy8k9JRdo7xsurWq0drLbX5DEcP1MtnOcKKdOUnUc6avG7s7tp31eu1rdk0jwTRPFFxqWppJqt4bGXjyr2yyoyVAiWaJQNwdwFJKgj5ifl3Z9zg8faz4a+0Wepxx6vFawW873Vk4BiikCmMTshxH8hG7cFOS27cRmvIJ/DlnZ3M17aHyZ7eOEW1rIowzxvgllPDc4I4I6g81lXd5c20+smO4mEt6LVLpScxuxZCU5JBU8qoACqB0C4xcJVqV/3slq0mndO7ja92nrddte734XUi5JOPMvhlve7cbbpLZ3abvfy1Prvw18SfCnieW2W6uo7LCg7bsBUJJAba7cuMnIzk47gYJ9Vm8L6PqtuLi0eNo9oBubSQNGVYhkIVWIBAPpgc/xDNfB0GiWOsW+rXcDtpd7p0NlDZ26nbHe3M+1CoyThmJyRkdPStLwp488Y+EJ5bVbu6WOK4MMkRLTWpdQdyhTuIYcZAAHT149fDZqozhTxFNSi7P2kbtNPlj8N07uya10a3urFKneDcJ8qetm1ZNKKstLq2q1Su2723PuC28FPbxPJbyJO+7ZGpBDYGMjGfbBIAA4A4qW60m+swPNidMqSPLUlRzjBwcc59RxnoTXC+DPjh4fvoYk163ksrl9q/a4yWiZk5ZmT+Ahj3UDkexr3XS9Z0zW4Hmsb2z1CAqAm1kZ0DHP3dwIK7gTjPckcCvrcLicNVgnRnBNpWjezvZavVa7Lu9bPY8nE4ebV5qSa2a3s0rq69Fbp37PgkILRhRjaFV1AOwfLwrg88scnnt+NSySsWEYAyCVJ2k7FyCG3cgAAHqQODznp6B/YulXEcrEm3IwV+UqC3fIOMjJbGM5X05rmdR0SeFJ57fY8XIVRkOxP3CVwCCoB9ScgnkAV6cEnGKbSuk731+zre7emj09E+p5NWE4NNK+1rLVNtJbWsrN2f3aIzbaSQTlWKuoOTl9u484wfU4x34Pqprs9O8P3fiG2nhRBbaakbHUJzhxEuzd3GA2OAOOvAB+95fcTXloASjKFO4rIuASjYJUkcjJ4zzgZHWtzTvH91oOl6zbt++g1C0Z2jRwCJApJySDgDpn6gEDk/P8T4nEYTJsdVwkXKtToy5E0veSSvdWej292Xrpe3o5VGFXGUKdZe7OcYu6aS1STbav62S0tvqly0n7Omq/EC7ZPCeg/b8zT21tLbqEF66MQ2/afmyAd5yQe3Ga6vxL+x94n8OfD6fVNX8MjTJ7MPE92Zo4bZpAOYWYkZk7KcnJA6YBr7j/AOCWnhjWvj34q8SrJeHT9M8GyyzxJG+x2E7tmIgEZLKMAkkn7uORny3/AILMJ47+COv+GPCeneI7+Hwr4lt31EadbTugM0ZXd5uCoLKW6YPXpwDX+eeV+PGZVfGiXhbHD4CVd0JYqrUqQqupGn7ONeUVK6jzqDuopL1Vrn9kUfCjhiXhe+N8VXxyxEKc3ThS5VSdqsaMZNON7Oaa1e3d3R+S9z4T8R2V151pGUisGMcoEm5vkPzEBWAcHqMdhyBxnG8SjxDcaVdQCxultZI2kZhG6kyLgM43biAWIyc4yfvAk15BY/FXxbZyeZHqUrAnDb8SF1xwWD9Qo5HHUYY5wT/Ql/wRi/Yl8P8A/BQEeP7r4t+JbvR/D3g2OOGyk0lYxc3F3eK4RLgNuHkrgcEEnOFxX9L5tnGByrLZ43FxcIw5edqPMlKbjGKSbsoybVuy63Vz8PybhuOfZg8Dl9ZKTjOperoowpq8pStd35U20k7PVba/jP8As7W+opr94rx3MccRychgd69nHTc2ecYH3hgknP3rp8ryoxkBCRMWYH5d3AB46E+vHHOMAYr9Yf29f+CUngz9hzR/DPjP4e+LZdf07xPcPb38F/EqXVnLlmjKFVUMrAnkrkEckmvyjZSgmiABeJnViqsFkJxkhuARnJwDkc1+q+H+MweZ8OUsdhuWVKu5u/Kk+ZOPuyS193trda2Z85xLlGJyLM3gsRUTlFRmpxcuWcWk1yuydnZq7Svr2s+u0q/juY2tpZVMn3rfJG4g7toJ3ZHTbgAZwc9eOg028n0y7ilRhjcEki5wp+UjAHYkZ9AeSM815rAjwrBcxFiwYGQBsHAIOR0OB0HXBzjIwK7C2vBex74wA6KCy4wWbPJUtz9MdRkdzXt4mhH3lHVq3Lu93F23autr66eaZjgMTOMo3bTVuW917rat13b7PZaJPResSvBdRi5DAF8u6ngBwPlA5HOc4J4B6A5bNJ1jdDcE7nVQ0YZcISpONr85yBg5GByf7tc5oupCOV4JFLRSAearnIjcnHygnBA288DJBJ4zntTbQMYWSR1iO0xb1GxsgFgQe3XPQkZOSMV4Tbo1LOMdWtnpq7K78trrZu3RI+oUlWp88Wm7Jq3xbKz+WqtteVr22o2zpcRhXYLJvVpIgSAVPQJzjncQcg847CrTaeoZmt2YSOVzGMBlB6OWwBnqSeOMjPrJHBY/alj3nyyRI0i4ADDohIAxzkjtkccVuSwQuBJBIFlBCKH3BpFPKkjuCMfgOetRVlFq1oRdm2030S69btbPbXRiwsqnNZ62/vJ3aa0dn0SW/wAo7Iz4oxs8mYMksJ3q2BulBPAY5GRzznOBjseZUYwyrHNhU+fKSEHYScqy9AFYevIOaZdC4hmD3IUphULK20wc/N8x+8p65P3cY+s92sZiMiNHKwA8iTOC6jPDDdnCsOpU+vUE140sOpTbT12k097u1ne6drPRpPre2r9iLmrN27NattaPTXaMUrdNbdNKtxFal8zFpIZCsYc5byXGcMhXkgYx7e3IGJc6dt3CMFhu3RzlcMVJKgbCfmBOAT2/EgbYZlUrMIo9wCNG/I3kcNGQO4wGwO2ScAgW4kkhgRcLJtYhkcKWSNjztbgleSwOMbsKCMZqYU1TTnaSd2tt/htZ62S000W91s1zzhTqNtJprTTXZxtq2272s3paz2RykVjLbytDID5B2ybWUgnJBJjzgkEYI4Yg9gBitV4LcndDvdXU4XDBQARkOCOx+XPQce4O/NZx3PLSJJtTMUxLAJgYVT0OARg55I289qwik6TO7sEjKBdwI8qTbn5SMbhkDOcjBGTjmrhLmi0lbZPmertZtOz0St3fye+MaU4wlf3k0le176evdtJJafeioAIGX7PMyxuBGwkB8tW4JXJ6nBIznjI6ZAHSxXUc9mkUQVAGO5wMAEdEOck84wwJ4AB5AIoQwwTpu29WIZcBUAAGzB6cdQTgHv61BE/2InALYbBRztURk8HrgEA9TkHkDOAa6afupc1na2t27rR636rR63117nDNNX3a5t09dHFPR9bv0vbUvzxFUXylDMQqkZK7RyZOMYOCMAjODjOTVFF2lGkC7JA0e1gH2dfu89AcZOMjg5yRW3ZiOdlljmDkho23EFUHYEA8nnJLAjkjOCRVGdYlmVSQGVWYupJRs5AXHb1y2QcEjoKqXs20ou3W2rdmoWTflrpdpWa62MG5RSbbSTslfVJtL77/AH33Mi7hhKFJY2MXKhgSMNg7cf7OTj2JBHIrEuLYJbsib5HVjuU52hTkYD4wMYBwCccjqTXTxl0BjkRTESzNG5GcHgEHt2JyevP8WKyLqK4Db0A+z/KuUPIP91uOU98ZB6dMHKFFRckru67Nt2SWiv2SW70s+pNSrBK0rp2evfZXtLTy13e+hw128lu6S26sybRGwYfKM8srHGe2BgbsnJO4Vt2oE0JOzyHG0fLna2RuAJwMnBwOnYk9qdPGk8zpIyqNi7lVfkYjuG6d+oycnawzkg+z3K7VGY4WXAK5IyoBTcQBgHjJY5OOBwRUSc4XvpZJRSsnry9NNVrv3St0POd5ysk9HaWib1cbO/nG73vtdHQ6ZDpWpRT6ZqEStBcgxlJMMgcd1HPXpx75FeG+NvhnqHg+5n1DSVkl0qc+Y6IS/lhiSQoO7KkZ4B6A8jBr2/T0RpI53KAp8jBByxAwHBPUgkEnaeMDII57aCa31KBdOv1V4CWCXD7HIyDgE8kDHBB9Oc9RpQr3i+d6u3LJ6NPRbXduz6adnpyYmnJJta3tdWd/spLeydm073d1bTQ+O9PuQ6LFsdXcgqG3blIwOM47ggA8ghjgZIrvtGvJ7HTPEF+wbIsjah0b9505HB4A6kfQZ4zWv4x8FNoepNc20DG3lzJ8o3xEcEMOBt44APHpgHjyzxj4/wBP0zSk0mzVI7iOIm7y4XeS3LEgYY9R82cEDJ648nO61b6q4xV+ayla60duyd9Hf1tazVz9h8A8JgpccYbGYucYwwdOVWmp296o0oRtHXVXcktdLNpnxF8WLm7ttfR1WWI3AL7lcjzB5pYu2OBkcFSeMD6j9NP2WtF+06B4f1aXctvp9/ppfeQBi4KqCFbrucgZHXjOfvD8vvidfT6tqOlttSNWcNG33i6lxkeu3OWx375r9WfgDerYfDjTAn7ud7jRN8aY+VRMoycdc5J5P8QA6cfCxpqrUhSnGzdpXkn70krOK2atJptNJXe25/dHBuYYijxBxtjsPKU6FPB0Y0+bmUIuouZ8ttrO99Ndz5Q/b48Taz4I+Oul61oc5sbo2McnnIxQyxrKWG8AcoVGME4K8DIrd+Efxvs/iFpyLe3EMWvQIsdzZBwDchAB5yLuyxPOSMnueBXHf8FWkfTfjF4YSPEazeFLKcbc5beoZiRyCS7DsTz7cfm94I8ZX3hTWLTV7GRlmgkWRkVyNw3ZKEAjOQDxzyT0FfZ4XDxVGko2jONOKdnreNtHbe+une7P88/FXESzDi7Po1nzU6uLnUXN9mTUZXV7tJvf09L/ALt2erLKqFFZAQVbeCMdQQcqfmzkZ5x1wcAnWMhJjUKGYZ25bKOmMkkEjkdfmPY4JxXhfw08cWnjLQtN1iN1t2nhQzxMePMAAdlzkMS2eODx7gV7XbONjDcHK4kQHOSpxkAr6g/pXVBqd9rpWa1s9l01T1bav02R+A43BPC1ZNKSje6etrKyumrX0fTXvrqLOiRr58YKY4kixt3FupHPOQQeO5IycVErlgoCMuMEAZIIOCc4wcAZ4Pb5hx1syotzE45QkZCHjJxyM9QDnucdPas+NXSdIpQVAOEbcG4UHAIyQQvGDkn5c4PNVKNld32Td1q17remm2ul1fsna/Lac0rNt2s3daaq1ul1q9Xd72vc0C4YqhByCVyN3AGMdOnzHnnacsMnt8//ALSBc/DpVOADrNuoU7mPAweMHdwMEA8nnGMGvoJoxtDKWDgbfl43YPU45wR36cc9q+ff2kmU+AbcAMCmrwF+FzwuSSRweQMcfdJAziudxfmtnrd6J+b6tavTf0N8vlOONoJ9JRTvfuk97663vfbTa58SQRROkbFMiNnX5cDlkOc+w54I65PPGf6nP+Dde+0rwv8AtW/C9Lif7GdX0LV7aIiRUMs8rgogUnOcLwQMDjOK/lmgdWs5XUNnecdgCRs4wBweck5GcEGv6Tf+CH+kRX/7VvwMd5ZIEsbO7vlMed6mONmOcHlCeOf7vTgqfLx+MWAoV8Q7S5aE7KV7e9BK3W3r0flY7eO8ynleQfXKS55wxWBSV3G6niaUH71/dTV7389Op/Yf/wAFa/hJoHxA/ZC+M+vX+nWV7rXhbRjrukahPAkl5az2bqsRgudvmlVjbGwOU5wF6gfwoaFczQqs88iCaRYigLF0IVwrKqkEgghsDvkEAAGv9AX9v+4t9V/Yr+NlzI7xWz+ALqNZW3AMfMjUuwOCTnHXr0xnGf8APo0az0/UtdvdKt7uaW9sDttgkbtA7CUlpSVOAox0PBHAJOK+Cw2cVHiKnsqjnCo4TUXL4efRJRd5WdvS17LqfjnGfiZPgvMKj9vGNCrlscZGnOskpOfMuaEG7tvlS0vZ626nFfFm+kv/AAt8Qt3Bj1XQcLtx80KSDAJySOehxxgDHBrzr9mO8kTWPGCquTstiwywwvzBeB05wM5HUnjFeuePdBvpfDPj+O7jlaVrqxlyqMwxCpAwFGMkgDdz0yDkZPkH7NttcRa74xZnZE8u3BfGNhGAAVIJ5IJ5AIx3Oc/TxzKGKwNSnNR51JQa1i7WjqrpO172XS+m1z9J8LOOsDxZhMLj8Pio1KlSTc4qSclLljJprfTW3R69WrfblvfQ3SJHcyKBtCxOM5AxypBxg5yM43ZPXpWqSiCLIJI+WORR8jBcYU4Axn65IOT1BrjoQGeNAisVAbduJEnHXOQN3XgHA9OcV0NtJcKgCssijH7liCcgcqp5x65XAIxjC814lTCppJWfMrN6OyfK+9pNWu+1r92/6BpY2E1GPZx6drK7u+zvre+rWyNlWMSZmJEcinBcFwrDPyqQCcdwckjtzwcy8trW7jDHejLykiZyWzyCVIyD8uQcZ4znrV3c4RGaJZY/m3xcgRkkbQOe3rjkdhjiBo2wrxFfLkOfLBGE56sG+bIAOGHHUADaKxjg2nZJ732XWy6tbX6LfSx1OvFqNpJ2WjfyV73ts3e1mrJvZW4y8F1ZfKHARZN3mR5EyoFJ3ZHQnqD16cjIzqWfi++VBCsxvIVQApMxV0UZJ5xksRnIYnsMjrWhfxxuoimIdwpUFR82Dx8wA+YYPvgrxnJrz7U7OK0mNxatskXLuuD5bkDeMBRtBzwVxx1x3PbDBxaV0r+616aa72Xlu23q7XZyVcRLmTWq5Vdp6201vqn63s09fLVu7+3lmknjUpNKwzFkYJBzmM7eGyNrdCT2+9m7a6lFJEsRkEc0fylGTEhyoGNw++DgA+4JHOSeMi1yK52R3UUFtMOVkJAWR8lQQf4SfQdM574FS+NwJVmilRW4LiNh8oUBt6nnOepzw3QDit4YSyXKm1psmo9H5f5PbXc5ZVuZu8o2sm1bo7ebu/k9fVHr9nr9xp2yJVG0Mu55skruOCGxwyEZ9dp5x1B6aeDT9URruNlW6KBn8j7pbnqAOAD1wOh69BXimkeIlMsMGpuhhOFSdMHqQCJD14Xr6HqcZr02xjgt5ReWMrPAyZAGdkg+9tfk4AxlSd2SMZqlScErb2Vvw13d003q99tbacs3zNqz0slrrG9tLJt6XaezUtOlnPqF/ZxWhsb2zjmlWMhTswHDjnc5GCNvIHb378IvhI6oiz6Xi2AJkYEbsEEDHUcA9fTHB+bn0n+0NI1Qxw3SR2u0liRhm80ZUr0JwcHKk7T1BArReykhiVtJVZIQN29R8xBwXDBcKQTn+E8cE81tTnJQ3V2ldLdp2vut7W/G62OVXTlZbtX03tbVe75rfRdr6nltrp50y42325tuBvRCVbnoSMAjGSR+BzyRp3+n6bfwq9uQkwYBkGRE5GCFx0BbgFQASScda6i9uYbgpHciErIcNldrxtwpPAz2GRnGR1rmtQgitpwmkTLLICsrxfe3EcnaOSMdRjk54NUuaycdLP57R6PV99tNxwh7sr6NNJXb8nonvp0Wml7rY821nw80bNMbfyg3ySR7d0JzkAgYKgtk8HpkZHr4t4u8B6be2VzDLaeck6sJrWWMOm1+GZABweeD0HP1r6tuL8zBYryOKPeoMiMjCKQgfeTKnD4weSSAc9s1wuraUbqQy2LngkNbOBwufm64JPVlJ7AA9cCo15wld3cVb81e6u+2vq+yHKjBxjGSvom2kr6pWfVp6L02tbU/I/4k/BrXPCcz694O+0taRuZfKi3/AGi1wdxTAwXjyc7c4x+dfpJ/wTX/AGxvB3h34m+CvCHxju7bw8tpM1naa9d4SyM077IxdEhPIYOAGZgCGG4j10tX8ItqJaWFEaREOYfLVUkT+JJFOFbcAcYAJ9wa+QPiX+z1aay91q+gxppfiJC0jWn+rguCuWDIQQEkznYyfMWBbIOTXBnOV4PP8ur4OulD21OUPaw0lCTSSal5PddrrzOnK8fisnxtDFUb1FSlGbhO/K1eLcXbVN3evXtuf20wrFrEcevaJqWnazp15LZy2s9ncJPaajagF0kidWdGZVxkLgEcN2x+aXxm06HUPilr9mxjjNzrttK0LEjbuZciIDBAAxkKOxOVPT8Sf2Kf+ClPxK/ZN8RWvw1+Mo1fxR8MVuVtRb3Uskmo+HiW2JdWU0mXkt1yCyhioXnjNfu3q2ufDz46jSviv8OdXt7+21eG1mSaCVJYyzKrhLoRkm3uYwCrI+3ke9fx5xFwZnHBWPxEa1OpWwFfmdDGUotxbclKCk7fu5d02u6P6j4Y4qyrifD03SnGGMpwUauGnJKabUbuKekot2Sav6Jnmv7VPhpNO/Z1+KCLHbFLXw6HhfaDJhEQ4RtuW28+vcd8D5v/AOCCb3Q8VftCPCFMY8NacCScOHO7BBPAORkYwxGCCT1+s/2oNQgvP2cfidaMYhPb+F5BP8xZt6KnIAIOTgZI4w3VecfIf/BBuQxat+0pIJCog0LTHwp5YBpDj26YYdenpivqeHKtTE8DZyqjlJKr7qbu7Pklyu/a1lrql6nzfE1OnR4pwHJHlaoybaVra31S7J/clfR2P6RNI8RPbp9mvlyEXJbcTJg8hWPG/g5wPujIGK8U/as1C3uP2dvi/FDICh8G6gSrrlh+6DYUH5iBjOe2A3UAHSPiUFI5HActsIkA2nklQOepAGSMdMZwSGrwz9pLWrr/AIUP8WlMqlJPCWpKRkMdjxgYTHHfOMHBJxkDj5/hzBzecZbUhdJYvD2dkmkqtNtvZdNer11vqefnOKisFjYJ3ToVFd7/AA9H16ad99Ln8pcV88LRsgRgk/mR7sBCY5CxVvTpkAepB7GvSLT4q6Ekttd63pl3Y3OnSwyWraVcYt28vgyzRDIbeAAwYDBydvII+btWnvLeVwnnLE3mSA5IUbXyATgkdMcepGPXkP7auow7Suy/NtUBg/U5BbO4njkY+XuT0r+9cNCEcNRcldypwWnR2jq7p/jZbe7ufztg8dXwtapKnNK823G19nHfdJed/k+v1zrt/wCFvGOr2Gp6DftJqmoXzSalaXcSIlojKNojIVQQcFuCSCR0yCPrCP8AZ+0zxL4AgvfEXiMWWh2VvBPcEIkktoEdn86FT95kB4UYLKehBr8yvAusmXUYsbmlkli2tjHyh1yScEng4HQ5IBKkha/Zv+wNa8c/Az+xfCZK6t5dqz+XNFE0gWNS8ZMg+cMBtCk4bJzx970sJSSo15qDk4RUopavTlstHdt7vzt2ueHmuNlj83wFOtXp0KdevTp1a1RpQgrxTlJ9la76a9Ho/iLT/wBlzwVqGuSX3g/4q2Gqac8sgFrqJexuJ5SoyqspiVSM4IYAAqSAAQK2JfgR8efBl2o0Zb280tbgSxTW97FqFsIMbkSVVLFAyHAJODzwMYXZ1Pwp408IW5ttT0S5ezt2SW5g1HTng33BKo5gvLeNBtbadpDc5yAcgjnvAPjb4heHL+R9H1TxJpk2oaykceiandtPot9ZltrR273DOzAIcIqZAHHYY4fr6hTTq0p0byUFFQkm5e7rJ3ejbV7NW6+f6VX8Np4rD1KuXZtl+NhToRrySqUknGSu4q0nK65deW+trrXX9Jf2BNXv1+Jmh2+rRbNRa4voLtWTytsiQsGVlZQTzzuGBngdgdn/AIJ8TyXn/BSL4mxqqyxm+8TllxnBS9ux8oUDGAOCRkdR1wcD9j+e5X43aTeXXlCa6u7yR/LBCrJJbOzqAcnKueDg5OenFa3/AATTmmk/4KV/Et8DC3Pi9hnA5+3XgPAwMYJJ+UgYPpgfy39IWMsdkOfU5ScYvKpx1tzWk4xb9b73+b2PpPCeP1HHYeGvNTxUrxT0ThZNJrpe/qklc/qstFi2RKQN3lLlcZYYx2zjjp04GAvc1ektIbkKZFwMDBG3ByOCTz13ZCthSAQQeavWM1lLbIbpE3sikMEPQEDOQBnB646885IFaZ0fT7pFEF5NC7nCgZJPHfGSAcnAYZycjpx/mXDw/q4qmlgfq+KqVUnySaVRX5bLfR33Wl9z+mpZ2oTkqiqUrcrU907dF0b1XS9nucJfaY4wLZ9i8BlD4YjOQcZAwRggZByQBxjHg3xo8f2/w18J6hrHinXLTw5pGWtTql2wVF82LYgBcgBy7AKcgZ2n5etfXK+EbhY3K3iOwPyK4GSc5Xr1wQfmGc9eMgV+Uv8AwVz+GXxR8Zfsp63o3w80W68S61Z6rb6jqWlWELTTTaZb7HdbcRgys5ZSpVSDxkjPFb5Z4LZ28xpfXsNVwmFq1Kcalfmj7KlTk4qcm1JLRO9rpab2OilxpQoJ+zdLE1Y3lGk4vnlKPLLl1d76dLuztq9/jzT/AI4a3q97fReGr+2n069TVT/bLXaNY6nBEzutvKJGKGSUAAc4G7PBGK/Nj9gnx/8AYv2lvjxrFn4Uto5rLxhcX+r31rcorRZnkj8glSA8ckjbyVOOemTz8DR+NPj18PdAbTJbHxV4O1D7ayaZ4a1azu4VMLxFLiUPMv7tVTcPnIwckEnk/LfwT+Ovib4bePfHWoefdW0Wr3858TNBeSh7iTe7EjDhmAlywHXBBByc1+5cO+C8sNw7xhgMvx9GtPMcLhadGVC2lWji6dVTbjJxfNFWVk1zJNbNr5jOvFi+Z5LXx+AdGlg61V1eaFueMqXIlFOG/K9bWbWjb1t/fb4F+OHhDxBeaZpB+yy31zE3kW2r28Vxb2tzj9/FG8ikNxkEIRuycqAcV+dX7X3/AAUL+I37MvxQj0DVPgZYS/Du8v7W10jxPp6mz07VInbF3G7RosQmRWzGG6nOF71+MX7KP/BQDXV8Q+IV8Qas0sWlaXeT+E0uojcOt2rh1RmUb2kkQFcsSd33hjgfudoutfA/9tT4LeE/CPx7S38MTeNoZ7jRG1VltbVL+y+U3ml6jIVEF2zYZl3qobqOOfyP/UvHcI5zHCcaYapmeUVLUmo1JU61qsYtSpTTTlUppNtXjBvmUrXTX12B4ryTiXCYqtkGIWFzBRcnSqqLScXrpJzi7txvZJ9Uk3Y9X+E//BQX9ln416ePhzaeLoPD2tX2mG4udI1u9S3NjdzxkT2ZkmYK8Mm5ox1ULgbTX4Ef8FZP2DNN8FeI9O+KXws8Mwy+FPiKiXMbafcxXsltrG5nnuoo4C5SyuSd4IXBBJyCCB678Wf+CI3xH8Aa1J8UfgN40tPGOm6nqc+m2Gj3eot/aENpO/lxXi30UpjuY4SQytGRtVTk4JxR+Dn7FP7fvi/4hzfCX4r69r1v4T8GCI6ZrN5cPd6RY2NzCwzaNMWF3ECyoUGWjDDHK4H6Fw/S4U4Lzf8A1k4U42pU8PToQ+tZJmUnTrtVHCKoU4puNZwqNOLtzNJuMmr2+UzLD5tn2XVcpzfI21OpJ0sfh3CcG1b9427OHMr3W135n87fjL4F+NNFutCn1qzNm2qIVtzPbyLFM6DHlo+CksjE5Ux4+bIO07d3HX+ha3o+2A6Xc282nyA3BkimR/KdgA8kbAHDY4x8uNpHBwP7WvAH7Fuo3Mtp+zp8aPAek+JtU8Malp2s+A/Hv2EYeyeRpbu2mn2BpIyPLL72LRHGTkkV9G/tK/8ABLz4J/GP4ajw3ovhfw34F+KsVm+lQ+JIrcWw1Ca3hX7M0zLsgkXKgOwV+DyQc5/QKH0pcupZnhsqx2ArVYyqWxGNoNSpQg+TkqqEo8zjFL34NqUeiez+FxngnOFB4ilj6dOrVgqmHw1VP2soqMW22ntzXXN1dno1c/Ff/ggnd6Zq+sfFTwp4i8QWnh6yfS11Ih7hoF1RVYExMm9VcKflkjIJZSQeoNfKX/BaL4L6fqX7TPxE8VeCrLwxFo3h3wlotzqn9jPHDHczzKym4SJfladwu6Xyxu3ZLAEgV9nfsM/sF+IvC3xR+Mfw48Q/EVfDfinwU91Lp1voMyyX2qyWe/ccRtvuNLYeXLOibtq8sBxX5zft4+LPEenaV4x+C/iTVtN1LxT4T8U3E58YaaHaTXtOmc7rW8vy582K0jCxpbO2InDBQOcd3CeJhifGTGcRZLi5Tw2Pw9F16ShUhBwxFGg3Wi2rShyqLaUL80lZNmXEVCWC8PqGWZlh1GtQk4UZ88G3KE5qMb2dpNNOzab5VfRo/EtYnzDkGNzghnQBSDwCODngjrnPHY5r2T4f/Ejxj8NtQsNV8Nazf6Ld21wrwX2m3DwXUank7JEZXIOclOm3KjJJqPwhceG9A8aeFNW8b6Wuv+HrS6t5tc0QnZ/aVjG+JYoZhjazqCeuA5XJ6Vp/GTVPh7qnizXNU+Fuj3ug+DLmWKfTdN1CQ3NzZeYFO0zKNnlB9yqBjCgEmv60xk8PmFSOW4vByrYfEUOedWooOg/hTpSUndzad7ctmlo76H8/YT2+DX17D4n2NajUSioSnGroovnVkrL3d01q7JbNftb+xn8Vv2yf2iYNW0H4W+JtS8Rano7DVEn1LXJLLU7GeMZjjsUlkVWMzrtchSApyw5yPpf9pb/gqF+1d8Jfh/pf7PHxy8IXWl3kVhd2Gp6lLaPFqIS7DW4uxdEeRfqwG6O4T7pJIIIyf5/v2Zfj98bPgR4ztPG3wh17xBo/iGxXddy6XC1zBNY7QJZbiz2uksSLyzFG7lSCCa7f9oT9q34tftGa3c6p8WfE0niCQQSQ6fdiCJZbZWYs0UibPMiBkLHY2NpJYELxX4pivDL/AIy+FSOByh8PytOUKCq4XG03yx0qKlJU6sHNRlaUVG0dU7s/Y8L4i83DXs54nHSzinaEJVlGrQabVpRnLWnLluk1qrpJpH6QfCD/AIKv/GbwhoNh8HtC+IGpJ4TsvE1p4ksrnVD5l7AkLI09ilxITuiuEBiCkhdpBAU5I/ol8V/Gj9nf9vf4GeGNF8c+Fru/0IaQNQ16YWawazpd3Z2YW91PS5dqSTRB1aYqhZAF3EYPH8h3/BOX9kGL9rb4vXXha/1m70bTtJtPtrX0cMk/2uRCWitY1HRpmXyxuOMkKRnFfvd+178b/gx8Ef2VdK8NeE4tX8O/HD4MakfDFnYW8X9ly+INL3eTeyarHH5f2q3uIg4O5WyrAk8ivz/xFqYTL+Lcs4a4PliaOc1uT6wqPMqKjP2fs4ysuWM02583uWineTvY+34IWJxvDeOz/iGOGqZVTU3RlNpV5W0nJJ3covZptubsl3PgH46fsy/8E/dN+BfxL8dfDn4x68nxH8I+J5LTTfDOoW8ckep6es5jEZgCK7gIuJZFXGNxI9Pwl1S9tHvJ5dPKRQpO7Ca3IWOWMAllVQwA2spzuJz0x1NbXxs+K7eM9YudWsLqTSn1K5kvLjSLUmC3t57lSZl2gAPuZicPk56ZOBXz9aarcfaYLQyOsbnZK3O2QSNhm4OCQh+8MEnC/MK/pTg3h7NcLlVOObY2vjMROMJONVx5qT5UpU+eK1SldppJtJK7sj+d+MMxyvH5hUlluCp4WlGTX7tOKqPmXLJJu8Lp7PbVW6ntVr4l09fNiMvmrJHl4QxUPkAFgueHBOGAHrg5wBji6ghvGG1irIQVbHyq+SoAyQxAzk4J689jl65oVvpqw3WnXAktWhUSySIyyRzFN2CcBVHXGSGI45IJrl4NUcNHLcHzjGWjLLgYBzsJbjIBAxnHTrivpJZYoSfKuW61aV9uW/K7vutdX+b+NmpJJ2ino1aLsrOLta8m9eu26tq3H0u3vhYAsCxO5o1B3BpFflcFSMlT0ycg8YPArYtPEuqr+5t5nEiOrSwg8eWuQd4IG/jknHIOR7+apdz3kIZXBdZRsiYhZFXO0ZOcMQcZPIxzwK1Jry7011vJIxIzxqkyx5X5Oo+bOOQAQQTgnBPGK54UVTqLkSVRuNmrx1b8m9dmru+9r2d9ISfLG9op8tre7pdJ6a7X6vpbS1j6t8G/tBeIfCBg09b0JpkW2Q26/MzKVIkVcZAcMRgAZ7cnJr1Sw/av1/VIL6ykhSRhKWsJpmAJiVCWjLEnJRMkAg/MABya/M++8QXErbreNojHL5oBOSVyCWbqckYGwnOOenB7nwjPfXENzcwTJ50sUoEEzBdueWZRuXaWPAC98Lnoa+pw+Z47BUY05TajK17S0tZdXtutI63Vtd10qrJ6OUuVrRJ8yd1G733V9LJNpXXdfWHh/wDab8QaFq9zdPeXNxpzXTNFFNl4fPMh3RFFBwqsMADGMKSMDA++/g38fLD4n5sLnTJNK1BUM6M0TNbzbDtyjFQoLHJP1yM4r4+/Zw+EXwy8e+EtRuPEMcreILXUI3vrVi3kR25IcXUbcqOmXOcbRxyMV9ci48G/DzVdO0TTm0i3tDAptLi3EZnAQDYkrryd2cPlskfNjDZr6bKMbiU6daeJi6U2m4zd17zWmvRNWV9Ol9DqpU5WjO/uvlb111aST03vayaTsrdFb6VnhkljEvzRxvt4QkDIDZGCuAGJ7Y6tgGs+6s1lCCaJI12oxZQCX2kYJBXAJBOSew6k4FLpWrDUrSK7SRds0XmpHkFSAPkkXd1Q/eHGeenY3HvUkj2yFQmCHZBkjH3QvAIzxkE56YJxg/XVMTCcVKC5m0mna615W7WV9U1s7Ru2+x2QspJpvaOtk9fd1ezS1T0dkr6aI/LP4mR/2Z+2DpJiCq82lQbMjBbeh2rkqBgqCSP4evfNfJv7dUF0da0q5kWMbleKQLxl05zngHBbBI6cY4+ZfsL46GO2/az8HTRqVaXTbXl84YsjgAezcYyV9McV8vft8IqR+HWaONbiS7umco2S6sqlSw4G4EnOOnHFfmeJ5lxBT0aUnL0Scm/Pp066a7Huc0Z5Ji2m2lVi72ab0gtrP1/H1/NiG+vLaQSW9zPCVPDJK4IIxzwRjnnHGDwMV2OnfEnxXp2FGoyXCDkLPiQdOOTyMYGRnOfRq4QAE7sjBJGMdcY5IHTOQc8gHvkcpngdOOmOuAT3xwfc9fzz79WhRqxcalKnNPRqUU+3r20f422+TpYivRadOrODWqtJtX03v5f1qfQdh8brpkij1ayDuCN0sLbTsB44Y91HOCwI+mK7+w+K3hbU/L3TmzkwqOkygKQoByScdcdc5J4bOePj0HAzk7gcAe3v7Dn35/KVhnBB4AyM5H13Hg8cjOfy5z5lXI8vqJ2pKD7xvbotI7JJLT1dz0qWeY+lZOr7RL+fV6W2e9/O596Qaj4e1qNDFdwSI6lWaKZQcrkjameSMDOTnufm4q3aaLpy3DsJZJMBGURg/Ng5AI3YIx0yeOucZFfBEN/eWpX7NdTRH+HypGQA5BxgH8sYOeOR17LSviR4o0oL5N/JKqDGyc7jgnpu4JH1PcDHGD5Ffhjmi1h68kmmnF+6+XS/S3e6ttr5HrYXiSKkniaSbum5RS1vbdd+m7a8rNP9PNH8URWujraXc072UUKpBGOBFIMErzg4J7AAYPJyCR454vs9MkuJLzTrlG+0h5HhlG91lb72w7gQ2ccBhk9DxmvnTR/jrMkQh1Sw80t994ZCBx0bbkYOcHA78Hjiu7sPiT4c1dWV7mOOfAMbSFUlBwNq/OB0yMEBi2PRePlKPBVXK8W8ThudTqTc5uDupttXu07a9fW3kfVV+LaWaYKnQrSi1Sio0lPRxVorlv2Wuj00W+t6gv7CafbcxRrcI4SNXj2xOcEHcSeHGGyWPAyeorwfxzBDaeI7sWojELBZo9rAqxYDcQQG3AcHIJPcjBr6Wa30rV7TzIobe5kZxiWGVBIM9wBhScYYkA5x1wecHUfAOk6pKEntTK/llUkhfEkWe7rySVPBGRnAGelfWZdUqYStetGduTlau3a9veV2n5aebt3+Wx2Hp4uko4eUFKUlJNJK6SS5dLXs2tlrfukfKLELlgRu5OPlOMnAOep4zn+IfTIDQ7kZDAFfU5BJPYYwT0xxk4AC4IFe7XvwgUtIbK7NuECmNLiMgMCAD8+OcdT3GOQf4uM1L4a+JLMSvFBFeQxZIkhOQQccbDglSMkg889uAfpaeMw01zRqxja1k242eiVn5N6O+61PnK2X4mm0nTc77OGqv2a6+j/4fgfNZSGzygByDg/NgjBHPI5HP04zWvY+JNb011aw1TULU4JDRXMq4JOcKA2AuOASpPYDFR3eg6rYoVubG5iwoY7oTtK9CC2Me/BAxk81mmGUlVkTGBjJ+XDAnBJIHQ56ckAYJzXTCtUSvCo3Bq8eWb01i00k99tOu2hyOlJNqUGujTi7LRLXdW2sulu59ufsq/Ff4ia78W/BXg5tSt9atNb1S1sEsNaZHtZpJZ0Ef2iR87I/NZQ7EglR82c8/wB4tno3g2HwB8P/AAf+0b+y3otlpthoWnwP8Svhtbx3TLZx26l7qWPTlEwnjXBaSUlTkhgxxX+cv8Otbv8Awp4w0TXNPeW3u7G/t7i2uUby5IJYplcOpXodwz6AYIHJx/Sh8PP+CnHxqvofAnhA+MtQt9J22Gm3n2pxcwxwOY4LhpS6sjw+VmQ/eAA55Ffzd474XinFyy/E5NF1sNhKNSpVjCv7GqqkZQmmppOdnCNmlrpurq39A+C9bh6NPG4HNKkqFfEV6UITXMrU6kVTfJy2SnFyT99OGuqsrH3h+3FoH7AfifxL4X8IfDfWk021tbEDU9X8ttL1mK4YARR6r5wCTSBiRlURlxls9T+fuv8A7GWkatYT3fw5+KOj6kUUtaWV7cx+bNHtJjRZVk27sEc4AGMdcg8p/wAFGp/hxbXfh+98MeLLPxH4k1m1j1XVdY0gxRW5llRZFt5Ircble2ZmUE4BG7JHUfj5P8dfHHhO4YaR4l1a3MMpMflXk5jDDJCgGTAB+bj5VxgMMjFV4R8R8bYvh7DVcJmWKw8JzqKeBzWHt4QcJKLjTlNKqoaXg227a27en4q8O8G4LMpQxOBpYj91TaxuDqRp1J3jFxdRQXJ7Tlacmkve7p3P0a8b/s5/GbwhYtey6L9ugt94ku9Kxep5a8bysbNjggj5v0OT8raNc3+k+LgmtW1xAYpyH+1W8kLRdQT84O7BAwMEdvmFczoH/BQH40+G7U2ra5capYzKDLBfSLIpwMHCnhcgnAYEcZAAOa7DSv299G8SXtunjv4daPqMpAT7RFbwRMwON0jsqBixA6nOTk53Esf6NyzPc/mqcM1y7D4iSslVwlTlc7cvvOFVWXdWa/Q/nTE5RkinOWW5hiKMZX/c4mLkorTaUbLZXTaW+vY/Pqy0SWZ4y6sxO3ez8kdRkE5Gfcjj8M10v9lpbmMKomBJ3IFwV25YBtuC3H8WcjGOQBnr4NNLDy4oJZZSuESJGLKzcAEqMEryePzOCK9H8NfCXxX4gMMiWrWcLuCJZY2BIY9QpUcAbuM4Uckc8/T4XLa2J5Y0qU5NtapaO60d9Hpp2d/LQ+fxGZYbDRcqtSELR2ejezXuq93rs7p6X1Wvk8OmgRI5UR7FyIkBDsrE8AA/xEYweAffpu6N4L1/xBNFDpulXMings8bqrEkY3MRgKSecZHQY54+7/A37OVhaJDNqwE8y7XkLruRT1+6MBgc+gUdBX01ongnQtEijS3tYRsX5P3SwphQPvEYz09fmUbeDmvp8JwtaMJYiagrp2dnLXlv1tbTS2j9WfK4ziuMpOGEp88tUnHVK7WqSTdmkm+9l52+DfBH7NGtaobeTW42ijyC8EWBhep3Hpz0we9fWvhf4C6PpkcQW38qGLaDJt/eybecZc7ioOQMY7jPevXH1bStPQ4ZZZArfuYdoCHHy7iBggYIOSAcAnjrxutfEqLTY5ZXura2ihQiMtKjN83XGGAyg6tlQCT2Br06mIyjK6copU3JJtu/M7qztdyVvlpe99NvOhTzjNKilLnp05WtvFWdradflon879jaaFonh6MysLZEhAEckuFmkJyORkE45Ayfu4CnAUDgb/x7J4Z1VpbSRW0S8YtLNIBm2kQ8lEJB2DJC4XpwcZNfLfj39pvw7pJmiiun1TUAWKhW3RJKCeRhtvU+4Ocj7wI+LfHP7QHizxNNJFFObO1wwVI5AAAT128A4GOmSMkdsV8lmGf/AFhtYeDik/dequ9Om2vZa9bI+pyzJVhbSrT9pzLVO1rvlu0+6voraLsj9LPHn7SXhPQoXuGvv7QvVyUDy4jBX5hiLONwJwRye3OBj4g+Iv7VPiTxHJJDo0htbeQGNXUkAL3EUYI2gdCSAcgZyBivkWa8v9RuTLd3E0rtlg00hYYx8zEHPYAKPQcGut0PwxeapLGkEfykAGZ1Kx4JB3DOcdTkcfhg187WxFStJNtuWl9bxd1HVdNlbXZ7pM+lp04U1ywgktLWV09uVrS7vpvp0S0MTWdZ1jWZXutRvLi5lmZnJllYrgncQFJYcknA4AJGOKyY7OS5IG1+RkhQ2OnQY46ccHrwDkgD6H0L4N3mp3CoWDRgjBVGIZs8gAg4BORzgcfezXu2lfBPw34ei/tTxJPBpsEaBmMzJumIAIGwgAZI47YxgVlektak4819I7tq66b9r2drWtbQ19nUbtyy6Pnbsu73Vn+W9k1Y+N/DvgPWtblEOn6TPOxAAfynOC2GzvxgjvyMkdeuT9KeEv2eZcQ3fiS7jtIVKs8LOocKAMl84UAgHgjgZPWu41T4y+BvBcUlh4Xskv7hIyBcIiIgZcDlsAbWJ6DI4IwOp+dfF3xj8X+KnkVrxrK2fdm3tm8shDkYLKASec46AdQOAIlKpNKNNNJqzet0vd6K9nrbe+u/Vrlpxsm3JrRxvfezXot7WWzb11t9R3mt/Cn4Yows4rTU72EBQkZjlfzAMDeQCpwSfTkkk5FeJeMfj74i1bzIdLkGlaeSdsUIAkIPXleEPfPGDkEkjNfPayXM5EhleQsWkZnYMSfmyScnLYwQN2TkDH3aq3CsZMAkhxxwMg4yeD69gvbHXJNRHBRbTm3KV9eZ3itltto/uT6PQU5uSvGKinZ2T01tvzP8nfsbtz4gvNUkaS9upZWnLM8s0hdsgEAgO2BkHAwMc5XrXOSTq4KbmKqxAfja3fr/ABAdsdc5zioPm2iLoVO45BBxyCvOQOwwOcc8Y5qIr42Fh5a5bHy53HHGcZ5zkBcEYycY57o0o00lFJL3bJLTl93b01Xmr2RMXezXXS115Wu36X81vsi4CRGCxVfm4J64OBngA88fyx0zGod1K7yApOCGyGII4HfJ4znPTkZ+WmLHI4CMpA6gIA7EdsjJwcZyMKccqD1PsHw6+CXxD+I08X/CPaHdGzdwsmoXMLwWihiAT5j/ACtwSeCSTwR0NbRi5O0U730Sv0s7J7aLfZb9QbUb3drat32210bSSvqvwseUBsKEdNjHnGGYHqc7SDjdyAvrkg469H4a8EeK/FtzHZeG9E1HU5pJAg8m3laNckZ8yTGxUUcgtgDB5AwR+lXgv9jLwT4Rij1j4i61DqN3DEsr6fHKsUCthW8tstvcg8Mq8YB7E17HD4osfD1n/Yfwn8HQR3G1oRqK2kcUKbeh8woGfbgOWYtuIJB9PXwuS4nEuMnG0L6qKvK3urotX3S6PXqeTis4wuGTTnFy85WX2evzd7Wtuu587fBn9k2XQm/tr4m6vDpKGMMNMhkVZiDztkYFuTkggDOTyCARX1TDp3hLQnjtPAnhCO9mRk83UbiDbG0ybQZC5Xc3zAMecE55A+auT8IQaxqOuSTeN7x9QvpCZFtXcrbQkn5flB2jaMgDGcYB56e5389taW68x20UaqEit0WNXHOAQMFsKQMjk53Agmvpv7KhhKVOlO6TV+XVb8t73fmns1ds+SlnscbiKtSlTg5U2kqsttGlaKtqktL38tHt8g/tQal4ul8BSxalqgMXnxH+z7NVS3hjIAKMwAYsFOAecAY5BrlP2RNWgs9O1qzm+X7QUuPMPzPjIAiLfMWBIJO4gjkDjJHV/tJX66t4M1AQAsqhC2FxkDkFiMckBuPp3rxL9mTxBo+l3t7b6lOkMTWkcoEjgNKyHLRqpwQwwfl56gBec14MqFDDZ1S9xRpyir3Wjelm29PO+mnfY9v63icVlNWXM51E1r2jeKtaz0002d+rvr+idnfRkZkDKhJdUbduYA8OTjgEdBwAfbmsvV/E1laIRcTomTtWOJh5nByPl5P8QHQ9scnnxvxJ8U7DTYZJftltpOmxq4F1dOv2hxg/LHHkH0xnII9MZr5V8U/tNaLpbTx+HbVtUvyWxqF2Q6KxGAUQ5BAIJGAemM8Zr6SvmWFw1ONqkEktEmr7p2stbdbtJO70Pm8PluNxM9ISabV9Glf3b6y0Xw2S3abslfT7M1PxVOLeeR5odIssE/bLxxGxQLncquRyeQMgn6DgfMPjb9oDwv4ZluLTQZpNe1baVNyXzboxU5Iz8pAIJAX1xlhXxr4i+Jfjn4g3vkXN7fXRkcrDY2ayMCCTiNIo87s8ABgTjOM5Jr2LwB+yx428UwJrniy6tvA/hhMS3F7q7rFdSw/ebyoH8uRWdcY3epIya+XxedVK0pRw8XFNpczuv5Xpd7abrpY+nweQRpRjLEyTdo+7dpJ6PlbeslrZ6JN/j5p4n+KfjPxtcNFc3l3KkrYgsLNpCAGLhQscQ3OeQBuGc8k9q7rwj+zj4/8AEmn/ANt62sPhHQSpdtQ1uRYJpEIDhkhkKSMWHQ9M4OCM17z/AMJb8Bvgaj2XgLRY/HHi2JQsmu6mizQRTAbS0SMCm0Pkgjnv1Ga8F8UfEj4ifFjVFt7u+vpo55dlto2lJIbeIBgAiwwDGNuMKQfXGK8eUKmIlepUnUk3ZJXlvZrTpa3pa3c9uDo4eNoxjGKStZJbJWdt9OrdtG3a5c0XS/hP4A8YW76ij+N9NtI2M7Z8qB71OAkagZaPeADwQR06Hb03ir9ofxjrUU2h+Dra28HeHx+5gsdFt1guJIVzGolkixI7svKnrg/KAK9i+EX7CPxV+Ivlahq9r/wi3h11Er3upxlLoxsAd6wHawZhkgkAjPJxyf0q+FP7Fvwj+HMlrJFpLeNNdUxNLf6mqy2sdwgJOxGzEY92GYOGPBGBhhXoYTKcRN3fLRhZe8/i3Xw21tboklv0tfjrZlBPlV5tfytWurW97RJNPTfXSy6/k78F/wBlT4t/HLWrTUptNvLDw79phl1XXvEBeNns2kVpPsq3G0yM6FgpQEKx+Y9Cf3j+Gfwn+GPwj0Sz0Lwf4W02XUIo4Fub+O1inupbqNAJZpbuRXMe9gz4RwRng54PpVj4WNskcW2O1gWNBHpunxrBbIqjhNqADG0kYUAHB4JGa67TdGEYQRxpANxP7tcMRjBLEAEnkHIXnOQea9rDZLHmtHmqN8vNJpXbXLrtoum60vo+nmVszlGL5pqKVnbey0avfVrrq1sc5ceHbjX4s6vqUyQO37uysi0SquDlHZNrLjHBBIyOCRgG/Z/Dnw9HbGKPSIDDLF5U8sxD3Ei52k+a7MQWyefU5/iFd7baY3yxqCisSRuDAyYzt64xlhgDG4nn7uc9bZ6ZkruRAIyNyZZicdyoIyvOCO3BJODXuUMjpc79pBSdk9tkrXTT6a9FfQ8qtndSMPcqtPS1nZr4Xq79Otuum1jzax+GvhjyYrT+yYDZQqQmGO5Cx4Oc4OfQ8DPy4wRVa5+BmgXTSSaZcT207qrhGBaFWPy4OOQAOD1wBk5217pFbJGRGiIC7DdwQqj/AGge/YdQfzxZd0ttx3wlQp3HdtWNV7lsgA4xwcfqK9SGUUE1GNNRWm22nK9bLtor3a6s8qpxBXVnGbm0krSV1d20ena3o797P5Kvfh94+8FmW7013ubVCebdmkbCk/8ALMlsYB5AXPpxzXOf8NEa74Rlitde0x5vKykolheGRQDtzvbCnPXPfAI5wa988cfGrwd4PhNs90NS1GPhLDTyLuaWUHhH2blRSSNxPC469QfkrxvrHiz4q7/P0bTPDWhTBCbiaFTqckWd24HAw3HIyOcgDPUqYZ4RqVCo7x1cfijze7vay362tbvutqWOePjKOKw8bOyU1aOj5dtl56J6Le+3tln+1B4R1TT5TbySw31uCTYr807zn/lmifMSD6rnjGBnGeOvPij8RfGTNFoGnT6TazKU+26hGUk2HgyRqQMBRjnHYAg4BPzFP8AzZ3UWteDNXvf7bt2SbzZg72802SyKVPyBXKgHdkHocCvXPAvxrvfDV/B4U+LukLY3Ydba21lItllMAQgLOFCpnAY8gcnOMZLhjK85KOITpx+zJawdmt3dJNaNd9H0IlgMNQhzYZKrO/M4t3aTsnyrROye+u6vpa/XaZ8PRJcC98R3V5r2oM3myPdO7QxMDkmKHO05/hUDJ6c5yfUbPTvIhUW0SR2sQ+RWCKuF68DACgjnGM4yTya7WG30nV7MXekTRzR3CLJFNE4aIo65ILoSDx05GOR0rmLywvrRxGZWEcjAA9UYAkEEAjGO4HXHuDXtYfDxaU73vZpp9Faz9G3vfR/I8nEYycG4NcuiXLeKttfay+fnqXrPTUuJYypEkm5W+Vf3Z3MMgDuMcNuLZ5Jwea7K30OJc7kUkkK5Yg7MnkpgZIOevOOx6VwVtPPYPboS0katv805XHPIwDnaOAAenbtXWR62sjMSSuFyqqxywHVu5wcng464HavUjBWd0rK261b8tLPS17N8p4tXEyd03dtq9/NRdm7tWb21+7W27Jp1vbKuyRGVeDG4AZlBz0HJIOMkY+nUrVkke3CtGCu4NtfnawwckZY4x0GchiACMgmsabUztMsj7gwY4DHcq8BRz39xggHr0Nc3d686qsQlEigFsO3CKM/xDJ3DnOSDk/MvJptwguZ2TVtW0rJ2W7s01p1t37mFGNSrNRcW7tNtK+mnXa8bb6pryR0cuouC6iQIgGfMY5yxyWAyAeAueORjPPAGHca2A2JWJRFARw24kkjHy/KQMEkDnAAB6DHEXmvIqmZpVEZJLO7hVVM8YJOBxk5ACtjOSPvfPvxA/aD8IeE/tMMVx/a2porCO3gcNHHJyAWfGMD0ye+Mda8XGZlTp3UZqWyV3e1rapPrru++9j6XAZNUq8rnH3W1dyvtdJd9vV+W9j6J1bxJFBE9zNcRxLCC0kkriOJAOFJJ5J4BOc4Oc8dPnTx3+0h4d8ORzQWcr6rqMCuyi2P+jAjqGkAYYwOoyPmPJbAr408Q/Fn4jfFG6n07TILg2rkrHDb+ZFaxRseskwKh9oOWw2D0Y113hH4MXNwlveeKroXc6DMlhACIsZBCyMOXIwATk5OMnByPD+sYzFu1LmUZPWTTtbTbe/lZK+qsfQqnl2Wq83Fy/l0v9m/XZt9WmuyucL4t+LfxK+Ltw9jYm9gsmZlW1sBLHbqhJA86cEZBDdMleo6lcz+GPgTe37QS+KbhmBwxsYWPJyOZHJySxxliTjJz1r620Pwfp2mQJFY2UNlbgttWGNQWGCwDMACemSSSck4z1rrbbSo1QSInU4+ZRkgE5YHGT6DGfUY4NdFHKOdqVZyqT5ldSbtb3dLX1XTV21WmqPKxvELS9nhl7KK7Ozd7Wtv39G+ujPPfCHw40vS4Ugs7GG0jjU7RHGu9+AB8xGTxgnJGR/CAcV6Xa+HYbZOEVXByxYZJB+bqDweAAOSOvQjGrbLBbME5C7d24nL7m6A4xgd846DkjGaumWNoMMQrMxOAdzOANoCk4JAzyPmIJzwK9qhhqdFRtTSa3ez05X00fnor7JO9z5yrjsRWetRycnf4rq143vd+l9PNO2pn2lvFnhcEEktjk4OOC2SFz1Hv15FXnk2ERrtLk78/d2KfXgH2I5ycHpzWd5khiTY+1wWVlQABUHJyfcYOMnJ4xnGKUlw6uGd8kDqOhz0DMRjB/iAGCc4C4wdHU5ZSSSiotpaW2aTTeq8/PXe7JjQbkpyutla2idoq32rPRta26adLc80rfOh+Ut8zFuAyn7oB5APf7vOMdyYBcuTlQGLDAyTgYI35zkDheQMZzxzk1nyTsqsyglNzcZO3HTPUjge5weO4rFe+WGRpFQmI4VjkhVYnngc/dOM8Yx3yTXLOve97t73utPhWkbLp132ct0jsp00mlaVrru/it91k5a2lfppqdHdTF8KrKCcEKpABUEZyWJwR0yT3OetZz3CiNgCmx2AfAJ2kc8Zx2X39SQBg5E2oIzB1JaMD7o4JAyMdcnPQAZ6jjkgYdxeuXCIWUY3HIOQSctkYwcgYHTb1+YHFcjrS1s7W0316XWyslrbbXTsdsaGsdN7d9PhVuqv1u2m27t7mz9vMMrFHyCAnbYpPJz6kElcjv3AwaqyX5kdtjcYIYAZB2jOCSTknnlf4QC3AJPNvqIQPt27Adx3HaoxncMnOCOcnIH5ZPk/jD4teH/DYeCKV9R1IkqljYN50hc5C7iuQgJJ+9047ZWuHEYmEHdz1VtFq3tZvRbXs7P59/UoYGdS3uvopPXa6avfonpe6unc9hk1KKGOSWWYBQXOxnAODkk5AUDBGCCRjoRxXifxA+Kvh+C0vNGtWbV9TuLeSJdPsh56jI2MZ5FBCKM5JZsLjGeteGeIvF/ifxMyS6pevoOmMSE0uwLNf3KHbtEhXLLuAKsOAPvEYJzgW9mIFKbE0SzmRmZhun1e9B+XazHdIA4xnH3STjA6eFisVUqx926i9HdNStprr8rXa8up7eFwtLDuPPLmmuVRV1b7Ozej6bXa6uyKHh3xr4pewufD7aoNNsbeWdUhsd0l40UzE+QZQGCFQwUMNoAHc5NaWmaUiI9xKy2KyMTJcXEpuNQuep3ICSwaQkswXnjHOKdpmhz2cdxeQ2cOiWErMI7m/Aa/nY7fnt4MGRmc8qpGCx57Ae4eA/gj4v8cBJNKs5NI02UETeItcjcXMkZHzm0s2AKbgSVYJgfLjnFfOYvNsuy2j7fMsXClCKlZTmlNtWtyw0k3bskvh1Wl/Ti6tdqnhqLk5aNxi4xT05eae19W7J+dtmeSJdxWsYCOdOgmYoJXVrjVr0EZC21sMvl8fKNu7JyAvOfoH4Vfs3/E34lzQ3dppr+BvDFw4Muv6zGza1fQtyXt4ZMPCZVOYzj5cj0r7D+GH7OPw+8E3Frdy2P8Awk3iNSsj6vrCrOEmABJggfdCignK7VBx+v274btGlkQTr5MEaqEj2rHGqqoGYkAGVAGFADDj2Ffi/FPizUUKuHyGk4JPkWJqKN3eycoU7O2r+KV2nq1o0e5gshkrVMZLmle7pQ+H7OjfVPVNd7bo8W+DX7KPwp+GLQXtnow8Q+I9ytPr2tAXk7TY+fyRLuWMBsvhQDuHrnH2PpYWFPLaSOCBPl8zaEICgYWNPuxhRwMLtAHPyjjzLW/G+g+EYZHuZ4jIWIjVGBmYcH5UG4jd7Lkf3eleN6h8T/E/imSaPR4203TnJjW5l+WR17FVAHJHQnn8a/FcZXzbPKssTj8RVqylJtzqybgr2dkm7K7ekYpJXWlj6ilTp0YJQgqcdtFbrHd2u79ku1rWPqHWvihoPg+ItLercXRZlht4mWSTPAyFQk5yDnKnbjHy8mvCfFfxm8b+KfMg0/zNJ01jhJzkTyxsNpPqMgj7gB5wcHNcXpej2nn/AGiaVtSvQQrvMWk/eMckKDkALnP9704xXouleDdb12ZEsbIyIWVS3lnbEMjhTgEADnJGemRXPTwGDw79pVUZOLvKdRLlTXK7Jfj735pot1Eo2u1BPTqn8PRPfW1nZ76ppnldvoW5jeXbTX93Ngma5Lu4Yk5KhjkjJzkqSMZLcYHpHh7wRqWq3MEEVtL5I2u8sisqEZyMdFC4xgdegzjk/Rnhr4Q2OnmG71fy5GXaJImIKKxPJJPG3t8v3ucZxmux8SeL/Afw40yfUtRubK0t7ONiEkaKISBAMsSxHAPTjtkjvWeJz2jRXs8FT9tWTjGCgrq6aT0S1eyXmRGjUrtJRcY3Tvra2l7cyTeia3t2vZ35rwx8MNP00Rz36LNIgDlnCiNMrwFB4468EdOhGTW94r8ceBfhpYS6prer6dp8FtE000s08MQiCjIRcnnHouCQDjI4r8nP2iP+CoWheHL2+0XwGiavfpHKkT27j7NBLyELt1fYcEgHGB8pK9PxZ+L/AO0j8U/jDqN1d+KvEt81jO7Mul2txLHbIGb5UKqyqwUdQQRgHHHFejk3AvEXE1aGIx0pYLCTkpvnTUnBuDShDTW1rXsr630s9p4vCYOPLFKpVVtI93ZWbbdrN9bO+1r3P2b/AGif+Cquk6QmoaB8JYV1a93S28mqz4FpExJTzIgCu8rjIIJBwTlua/Fj4m/HX4jfFfUrnUfGPifUNTWWYyC1+0SLZwoWz5SRBwpCgjsTkY+avCgty8m5iViL5Oehw3XIBy2TwT2PbiulsdNRAxkZiJAHJAJ2KTnIAypOQAT15YcnFfvXDfAGSZHCEqOHjWxDtzYitFSm37t+VtWi7q1opbO7e7+ax+aV6jaUlCDVuSHuu2j957vrv1bumt4UiediEJaJh87bD8uRk4GMjnDY98DPBrUt9NKssbbisjA5IA2hSo4HGM+uBwWA6c6lhp+4koWClhjvvAGVwBnsQSDk8AYAINd/pPhS+1ABhEQCBseRDny8hiu3JJyepOSOmB2++dOhQgnK0WkutmmuW32bPVaNJvffY8Wn7XETsoy5btX33aV9dVa/e+yv0XL2doSIYiqrtYqhHzEjAyWAJztDZJABPXsK73S/DEt8oKwsqKCWlwBncSS+CASQRxtHO48HkHtNL8KWlnFE0kYnmBCyM+PlYeg+vIHOerYwMd3Y2M808FjZ20txduEjt7SwgaaedsERxqqK5JYsBkYAJJJBIA8vF5tSoQc3UjCMVeU5uMIpRUbu7a5Yq13rbW3p7ODyy7ScZSm2rKz1vyq+qu1a+lvJW64Ol+HNOs4opH2ySx9Fb5vMYYyHHOMcYGehweprprVLq9u7fStFsbi+vp3EcVrZwSTyyOdu1I0QFuCfXkEAZJ4+zvhF+wx8UviGLfV/FccfgPwtKRK0t8rLqdzCRucxwEiSJioG0OBjjPOQPvTSPCX7PX7KmkR3cUGky6wkQ361rHkXmq3DgD5oYG3GJiR8jqAwwOQVOfxziXxfyrAV3gMnjVz7Npv2cMLgYurCM3JJKpVheMbO6cY3l0a6n3mV8K4mpD22I5cFh1FSlUq6NwVtUnyvbq7b6WR8DfCX9hX4k/EBl17x/OvgXwwkbXchvsrfzQRrvKrAxVoiUBB3rjqSMZx5t4//AOFW/C7xPLZ+D5UnbSJ1ij1IujXF3fWsgxKrnhF3qM4KgZGSGB2+7fHb9trXfE8Gqaf4LluLWxNldJ9ukZkMkYjZcxxgLgHIwvyjHQkkCvxLn8Z6nrHiFptU1CW4a61CR2JfcEZpiWwucDJx07dK6OEst4y4kliMw4rlHA4OrBLC5VRVuWE2rqvJtylLldrOV9XaKuktM2zPJsmhSw+VR+s4tS/eYmXvcrUo2UXqld6q11Z9bo/XHxV+2B8YfH2g2Xh8+ILjStDtLaKzS202XyZZ0RQm6SVcOzMoAYkkEDrjivnC8nErveX967OZC00twxkndyc5kkkJJbkkkHr2UcDzay8Sx2NhDbWqGaYW4EcpIAT5eWPq3UjPXk555x7y/vLoLLczPLuwxQMAABnAK5wTnk4GeoBr7jKuGOH+HoTp5bl2EwanJ1KjoUYQnUnJqUpSkkm23d+833dkzkxWeZjmihPG4utWtGKjGc5OKXuq0Yv3V222T3O01HxHbxN5VigLK4AmdgFPOWPvgEkAk7efQ1wN9dzahIxmkmlMchcsx+UKDg4BPQMMY5PcdqgnuC6qfkJw0hjXggDO0ZGN2QARxgduhzWgjurpxtTcZRtKLu+XBByDkZwpyRnnGA2QK7p4iMV7vLFLW6fTTddet7Jeh56pznJat8z0s7vdO93tfR9n0SvrHPKN5CtuCENkEhX64Ufw8HOcj0IySBVeEz3kwWCORjMMOoDMpGOFXaeT6jqDwc8Y9b8MfCjXNaQ3cdq6WbbQ91cKY4UXA3OC2ASOuO/TGea9q0Hwh4W8ISr5FvHrmrCM5mcKthbNg5kLnMYKEHr3425zjwcXm1OnzQpvnnqlG97Pe93qtdLPttY9fCZTVqtOolTp3Tbad7aPrZK601vd/eeE6B8J9S1GEajqcsek6aUy8twAhcDBCqhw3UEnPGfTAB9F0LStA8MEPpkEAjhfE+takoKHB3E2sLkCQg5C47jrg4re1nxNDO88TbNTuI3O2BCU062AwOgAEzKc8AkEdxXj+vyXt9OXmujL5TFhDH8tvBGOyRLhSVGeoJ45ryfa4nEy5qk+WPSKWmrTSs9Zersm4prU9qOGwmGjHkhGc95Skuuis29Xa1u3otD0jWfiTBAlwmiA391KRFLql+uVUY/5dYCMKFxlDtODgA7twrxLVprrVJXvL68muGEpdZJ2ZlIBLGNEyVjGc4wFBHGRim31/BbxhWdAqozxno5bqRjJB5PK5AByBjv57qfiVreN42YKdzO244U5DNgZ6Zx8wHJJwckk11YenLlSS1ta9nJvWN9Uvk3pul0RyYnFuN+aVo2WisoxtaztdadNLb2TasdKL633Syk4RsIrN90N1G0YyAOAMj6cYNcpq2vQ5dR99S4EhG5uPlAA7KM5B5xjHzda871HxrGiu3mqAUAVEJJDKNpIXLcc/eyRycGl8G+CviX8YdRi0rwVol5cpJJ5c+pSqY7G2jJ+aWa4YCIKOp+b1AbkmvXwuXzquNoy3T0T/u3d/Lpp6q92eDWzJU+ZQbk2+blWst4vfXRt3V9n1a0MLXfFIg3Ksrl1YEBHLOzZwUUZ6cYCqPmyADk5r0X4a/s+/FH40ONRFtJ4Y8IRyeZeeINWRrW3W3GWZ4RLtaYhASCpOWAAyea+iLT4XfAH9mu2XXPiprdp8RPH1uqzReG7SUS6fZ3ON6pP85DsrDDA/KxA4ANfPPxc/a48e/EUvovh8jwp4WjDQ2+k6WBawJDhgiOI1VSdgG/aTuwc57fTUMDhsMl7W0ppXUIuzvpq7bL/AD8meBicQ5WlWmkm4v2Su37yT1Sak7pp+W1m7n0z/wAJR+zb+yjavD4Ss7H4ifEdIylxr2oCO8htLrH34EO+FVRxlMLkkYz2PxR8WP2h/iN8XdRubjXdduYtMZyYdOileKyiTnbGsKkKFUEcYAAAxzXgd60jt501xJeXTuWZ3O8B+SMscknOeWHc1TigvNScR/OWLbVhjBZsnoMAEktk8behGQCc113crKmuSFk7K13tom+i01aVr7Pr5NbGyatCPs4aaRtdpuOjbs0tfO22+5cXqMX2kyMSNzkAlmHG1RjaFXvwAM5A4AGKbTUL7bDFG7eY4CIuCRnPHAOTg8ryR1weMfW/wj/ZR+IvxInS4tNGubbThsL6lexyW9lCrKWLh3C7gMMSwzyDzX2Zovwd+CnwSVH194PiB4xhJK2ULIdNs7hQWIncErtjYkHknIPPetOW0LtxSjb3ZO8ney0131a1/JmUY1Ktm01B/aaSVmo6u9m9Elq29F3Phj4WfATxX4saO6uLJtO0iBVeTUNRQ29soGCXAkC+ZwcqBkkjjHGfqfSdL8CfDJ0TRobfXNdhT97rV6FNjbSDOTaxNkSHcnynB6dOCaxfGXxavvEerXGnWki21lGdltpOlj7PZQRqdoiPl48xlGFJ5GM/hwR8hbhr7xDdNLKCDb6bA2QADvRZcbhhhy3PQnGKydKpWcfdcYaNRTk+ZXjq1porLS9vW5rDH4XBxvHlnU5v4jaaVrWVrJt+ey6Wud5qHi/X/FF7cz2z3F220odUvn8u0tU6MIEbbFGgAyigAfLgZG0Vw9/qGkaQXlhU6/rgDJJd3BzbQvgbhCh+UlC3GOBjdgEYFHWPFV7qEa2ESLY2A5S0tRsVhjpIwA3HIBPJxznnmuUmWaRnCKCrKFwQVHJwRwACQuMnOM8cHgd9HBKCTajpZtdbu3X13SaSe7Wp42Kzd13JRbd9qktWtFfXok79G0nZ3uirfaje30hmuneZ2BcxkkQqScDagAQYH3eOM9D0qtNaELA6RNzjPLDHO5s5GMEEgAdOg7VvWVi0sZ37SQQw4JZguMFgegwT2HFbdxFEsCoWQA+X86jDE852hjwOhGO655ya9KjHlcfdTav7vL2tul5W0XS929jw503UhKdSejWnNra3ItFpbRu2renRmPc2nnWkcioQgRVYnoxXgdsnkDkdiR6VQmhhs5kmlIASINsIA29lyFI3Nwcdzyc8V0Etw8sCQwx7GxhpWwA0Sj7ypkckgkAZzkZXDcdr8M/gZ8QvjFrltoPgrw9qfiDU765SGMWtvLKi7mwhYhCiInBJJYH5ugBA+jy7J8fmc4UcLhqlSpKV0qcZN20+SSvdyldLXVI+M4g4qyLhzD1cXmOOw2EpUYc86tapCnGPLrK7lZt6KySvfTyfksE95e30UenIyqY8KyqxYFsgrgDJY5IUf0xX3P8As4/8E/vjn+0nq9jcaD4T1KDRZJYEvde1GCWGxjjYqRIryqobaMnauR6j0/c/9iT/AIIweG/A0OnfEH9pG7sbq9gii1FPDEkscVnZCNVkzqc8jKgAwQ6McqylSK+xf2if+ChXwK/Ze0G78A/A3StC1LxBYQPZJNp0MMehaO8cflgl4wBdTIRuDZPIGSMV+u8P8A4TBuNXMKUcfiY3nPDxmqeBwiSXvYzFv3W7rWnSd2tFK+h/JnG/j1mGeSqYHhadTA4Nz9nDH1KEq2Px0m0l/ZmAdpKGumKxHLTTs+Vxszy34Df8E4P2ZP2QdCtfHnxw1XR9b8Q2UCTu+sywRWMU8KKwFtYuRJK6HhSBtZ8dzivKf2l/+CuHhfwVbXXhP4EaVZ28dqj2cGq+VFBaxKg2K9nbRqsYCqch2DMFHHOQfxF/aJ/bQ+J/xp1vUL3xT4m1DUvOnk2Q/aHSxt1ZmYJDArhAichVVSCccDOV+E9T8QXtzJM9zJJJvZn3yMcBei4UFgBnHGMkknd1z6mbcb5Vk0PquFhQxleilGnCMFSy/Cyioq1HDRdqzVv4tbV3u7s+d4X8HOJOMK6zfP62KwlDETU5+1qyrZri4txklicXKzoQab/2fD8kI/Dd7v6o+NP7U3xH+Lur3+oeL/Fup6qs0kkrKbqRoIwzM3lwxklE+oHYgKeo+V9Q8QGcSDzSp4MRJUlwSW+YnnPU8HJAxxjnm3lfypGdi6yEFVDALyOo9MZxjkdTk9axLy4gghdvO2uVG4vgBPlJ2hs4wO2CcEggivx7PuPcwzCc3Vry1VoxTtCK092EIpRitLJJJd9bH9X8FeDuUZLSpRwuBpUotxcpyguaTTjzScnrKTd7yb16vU1rnUZjG7tIqyAFlXOFIJOST0yMYzjP06Vw+ueI47a3kle4VUjQgjdgbiMnJJyy4HYnJ2gECuC8TeOUtYmgiZZZCNhCyAkICAGyDwSCcnjK4BHWvCNY8SXuo+Z5srLErELEGOAuML8ueRuPQ5PQg+v5djs0qYiTlKbcm9Xfe1lto97v9Nbn9A5Zw/hMBCNOnTjG0dLpLWyurJJPrfZbNpa27nxH8QElIS0O5+QpzgHrnAONxzk55AOT1wa8lvtWur6QGaeSQOSSC3yquSfkBJXgHr1yOh5qtMokSMo4ALBm3cEE/wAIOMnPHGT6HsBTAIaTIywPyqAfvY6jrn6ehHXjPjSqylNy5ru1tX5eTt6W6bHvUqEYpRilFXumuiVnbbb7ltuTGT5mDbiQcA4JYgf7PfJGB3J5HQ1Yt4jLIxRWKgb2Kk/L8vABPbjJHX3A6Uhnk8DeSBwQeRt28nJPvkZ7se2tYB4G3Bs7DGzMSpA56d8kd+MEH0NYTnKzdm7aXSa6R63vdtO97vRJbs6oWjbdpJXtFXe1la+t1dvV/maFm5itLnfGDIzDamNzOA3Ucd8cdiO5yQLcAupE8+AfZ7e3Ba4XGfmcMuBlQSSc5z75zjFQ31yksiNGVVlBfCHC88njPLDuATj6ZNaRvY4dOMSr5peNmkkwRgsPlBz1I4xuJAAOOS1cj5r8z3dt3qtUk+r8u7ej3FOXM7rT+9db6WuklJWsopKytp1RjjT3ntJp2ZUYHzUbK4YHHDnHYHgcnPUUz7HNZ2r3XmI58rBLdChJIGF5JP8AdznkDtT3mf7I0VuCxKK0vBJAOW4HQY4HA6cY6VRR3lR4maR49oIQ9dxzk9wMHnHPHQHkVrFyesnbW61Turx2823davu+hz1JKLtfl5rJW6arVJbtuz6u/fW2NNsleJlJUY3MAjY3DrwVBIOQPUjnjrVe4YbwqHIZgASAMZ44zwM4zgHBPI44rebTF8t50mIbaHMTDlQucg9sEcY/EY4Nc5Kxd3GRheVOOCM57AcEjA967YSUk0r2Vtfkl+Nui+5mE2rPzdr3veyXmlta9lbW1trAQ78ADBwCc849AM5z0bpzjgHpXW6PFthVo8RyAM6yMSCSAcMWHRR6Efn0GNptm9xOFAGFIzjJBBx3B5zggAc5JHeu7uof3MUCWvkDyGHmOhUOR1AJ4A759/XBrnxFaGlNS1erXk7d+tn5720sy6a5Vzct72s9L7x2+advXXcxXnubqOWK4lDLtYqzAFWIODnI5HTDkk4ye9cfOCjsM4wRgDHOMKB1BGRgZAzj6knsbC3L207OxURoY1YZbLcjbjcSRwMDrxkbjnPK38aRyFVJLqTvUYBz6knJA5AyD7dQDRh377ilsrp3ei93rqnfTS3ZqzuyZ1OZXSbSUUt+js73avfutN7baUXy+AOQASVHA4BAIzwdvzdM4/PETgggHOR7Y465xgY49M8c8d5G++FyAcADpwx24Bxxx3J6nrznEhjYSFWZSCpOWwM4GOOnTbjjjtzzXYZay1V027NdNWrNvSz76NN+mj7ZEaRQwVgTkgj0PPJ5z16569x06O9s7KC2SaKHLTA7vvKqsQeQScHHoep65IrmomMZDL97Ix2I7cAgDPQBRnP1q+dQeeIQztwudqgdSScBgMAjso6dMDOaxqRm2mr2Vr2e+q6fnp5msOWEWmlJuzTevZdI+V11dkruytjuGBIOcA8cfkfxBz6enSkGSCOw5Of89z+tOchmz0B4PXjAGAARx04/H0qOtlsjK/a9vPe3n/kKCQeOtGDjODjOPxxnH5VIu3jA6Bckd+cnPXGDk5PoOi06QjaoC4TnA465ycnOT6cHb3HIoDv6f5f1p+RCCRyKSiigQoBPSkoooAKdnK4J7j685yffH17/AEw2igBxbP8AL8M5H49M880mT6+/t37fj06UlFAbhRk+tFSrBI4yF446kAnPoDyfwB9KAIwCxAHUnAA9/YU94yhA6kqCRg/px/n1ORmxFHGDGJCyMWJJ6naMfw4yM+/PIyOhqzfzQybBFGqGMKCw+84B4ycZ6jqRyf8AdpXWq8t91e6VtNnr16X+R3/rs9Plf5q3ms+KN5JI0jVmdztRU+8zHPT3H+QeatXWnXtpJ5dxazxSYDFGRgQMEk5xn8T3B9qsaS4TU7PaRG/nxhXIBVWLDJIwM8fp75z9sabd+G9QsLe41HRrbUZrKyaK6n8kK0rBDtYfKA7H0HBz3Gc8eKxjwrp3pTnGd1eNtG9t9Nr3fkrdzgxuN+pqnL2Uqqm7Llavq10dlotd9dkfDlrbyyzwoEOXZQuRgHByA3tkdT1A75r22TwJ5miW9xDfRrciISC0cKzOzYLLnGGXBYr2ViBwQK7PwBoPhPxN4yu9Mv8ATZ7a0u5HeDyUYvGiuSFJHCDIHp0/hNe1a/8AC670S7hu4XthoocQWspbd5YJ+V5SSTuUDDgcj0zXl4zOaVKtToubpz5Y1GpLdN3cL66+Satv5Hj43PI068KMajoTUY1LSs1K7T5ZPXpby12PhlPDt3Ndpav5UcgZgM5ym04VcZJZj2A65HpXV6NpPiDwvq1pNDbytcO6yQFVIjeJWBcEAYwy8YxyDwTmvZI/BLSfEGC1lgUJNIGe8Qj7OAc7pVGCC3XI5BHUV9C3HiHw34Pu47e8stN1WKGAwvczQxtJHIq4AXgkPx2PX61jjM3aVOlSovE+2hdxje1naL3+d9WmtbatmOLzmpJwo06aq+1pqUoxUrWej6Winra+tu90dN4K1b4h+NtGTwzbOulw3cUSQW842B8oGZ4yxBWNjkDlRuI7Yz7j4b0jw38ENFvJ/EEEmratqsciySXEbBLUqmZI4mOd6StkhuQcE5JGD8eW3xa1g6wLLQ4FWSeZG09YYys0YVgUUELuCEYXaOxPY8+5eLfHGvappNjpHja0t1vLq0Bjllfa0abfl4PRs4OOpPXnp8RmOW4upVo0XTp4fB1qqqVaNBqOKlZxcuaSvJxirNpaO7e60+er4OonGE4RpUqkuapSpyiqzlo3eXxOMVs1o9NL3t5V4i1nWfjD4zt7LwppsWn2kCSIyJuhiWNH5ecrtTOF3DJIPHXha9c0z4C+FtHsbLXNf1W8bUElMlzlSIWZOfKWUjnc/BJbggZxnjhdL+ImieDtDutL0OxtBrEoMd1dpGDPw3LiXBwNp6qQMHPBII4fxR8bPFOtWMXh9IZ5LWFD81urNK7YJJxyMnAOSeewxit6+FzSr7Ohl7WBwNLlg6k7KvVVkm5T10bvZWfLpr0OqFLESiqWGh7DDxUUpy+ObajF80tW7pNrTR2T0Pq6bXbbSltEt7yO3jm2opNwHeO0jIKqo/h3BQDk5JwOeKlv/iD4o8XwtpWjXTGy091VV3BUWJAN00zjaqgkZCryVYZ61+fNvr/irUjdLbJeFUO0M6SyNCnOc53bcDjjIx0BHNdf4N8f+INKS70i1W6kiklLamyq0h2oQGAKgFVx1zn8/mHLPhemoKvzYevXg703NL2ak2vffvatSe+zS1TY45VFNSU4TkrKN37t9LydtHbVyvbazTWh+jtldaVo/hHUZNX1C11OW7tVW8trp1lSSQr88EKsWCoBhcKTnPHLCvya+NNnous+KLqXw3p9nppmuJVlgth8gVTwNicKD36BufXNeka58S9SlSdbaG8GZGgto2Z2V5HBUH5sg+mR0H663w98H+HrGaPUfEzTSavrM/nOsq+atoWwxIyMZ5DHoFwg4YZrtyLLJcPyxGPq15VKldu1Om1GMm7JLlV4pJq3RpO/dndgYPLJTxNWrzc90oRaSbbVrKySV7qz06t2vb5L0vwvqV3eraW9nO80YPmZV0jLLkgc4B3DtyDkZr9IfgD4G8AaT4Oms/GGnw3/AIg1rcRprxRsyK+dvlyAMysT1UHKcnIIAHoGg6z8OvAli1m+iWOuPqEwAu3to/tKIuCG3BPkPpjGB0OAM+a6h4g0SXxkuoWkJ0y2uJh5ZgkDNaxkDb5UYPAkIxwMADJxya6Mdm2LzilUwkaGJwNOH7x1YycZydOzUY8rW797R66J9hY3NMRmFN0YRq4aCtKU435pOLUkrLXXvByX5HrL+A/gxDc3NkdKg0OWGAwrbqkcskzyZ6llYpkE4xkjJ+9hjWf4R8N/D3wbqzXXhHRIb3V497T32oKhMDA7kkTcAFCkkAoAx4O44wcfVpNB1HS3uobiFL+13v8Aap5GjupJcBo1ZQwMhzjnjAzkkZrwC71XVLGWS40zWLu6lkZ2vI4CzFRyQg/jAGSh5HfAHArw6GCxOLozpVMwxlqiUJ0q05qM1FR3ldNqWm70Xfp5LpYqvGUPrmISlywnGcpJO3Ldq7vZu7010Vuz9h/aY8Rax4s8Ny+HrXTtLvri6dLq7ntIEaVnQZVWuFUPuJAwhbJAPyk4r8t9b0ybSbgWVzE1veqredDIpzEx5wSQRgBu+Sc8YJ5+89FutZ1O3NohRHml85455CZFUMN0js2SnB4BKknpzyPFPjx4b8L2dyup2OosdXmijilti3mGSQKDNJgE/KOeD7g84J+x4YqwyuUMpjFSUlKUZQd1zaNuV5PlulaK6LU93Ja7wnJgJR507SU48zb1im5dtku1rOx8sAkqVBAba2X5LAHOWwcDAHXJPPduDVdkQqrDcCeWyOvK+wI5HTrk8jmtPYU2hZAzsCJAVyRnIUE7euVyADznLGlmspIwmHLliFLbcKpx09cDI5xg4PGSRX3qalZt/DbR9bctnfvayfXV6LW31cXKSTd9V3elrd92tPLV+hmIqluFO35VUHLZYgDHPOQRyenGMAGuz0HQpb51kkPl26kb5cbsRscZ4xjg8njJA+Y962jeH59S83bkNHhix24RdwUsB9SQAOnbjmu/ewuNOs44oJYnDkNIkbYJRR1kzyrFskoMYHRsEZUp2927bstOiV1rbTXRWT+d2rjlOMU3ez87b21umtdu2lmtzW0f4bN4mu5rfRXR2tWR5ZGUhSg2ksuCBtIbOOd27HPb9A/gB8IPA/hbQtX1Tx5A+p+J79Tpui6Q0JjBSeE+VcJIRlZVYqwySNvzDBOB8x/B6TSIGgfVZTB9pnDzx27ETeTAN4TA6LJtwfukZPQZr2nxh8RbbxJqKahoVzcaNDptza2lpbRsTKfIVIvtBwScKRwcdsjJNebXnUm3FSajq9Em5K0VZtqys3ffa2jaPncVjqlWs6Sv7Ke7TSbtayaund3XXZ91r5f8R/AOp+DtWufIspLSeO5mJjaQnZHO5ZG3AfvFUMB6ZBGcnA9f+B/w703xnpuu6R4vvzHAtut/CodY0W42jEkjHgjcRmNTuI6Hq1ZHxO8Vt4mj03SZLwz3cOnmSa9KIZriQjciNJwx56gk4IJwNoAr/C+51T+wtWsy/kQw2ksjXbkh3I3Yj87OeF6gkHaCMDAFFBTlFe0spWS0d1dWsle/dO/eN2eNj5SjQl7NqMoyi007u6to0v5k9N1byLviD4G33hQ3WvwapZa1o+kl5orQS+ZkupeMpFuO4qOoIb+HJNeKxaXYeK1wUEWqmfz2jddkccSsRuOMLtA5IXIPoK+gtA1+11TSniurpDa2d0UvX887LiMnaY40Y5Y84yQcnIB5xXlniDTrK18WyjSFlsbY2rzwoY5C80WCxBCjgMBjbwMcg4IFehRp1KjcUpNpKV1Hfa7aT0as1s7WdtdV4scVUrzftpNSdnCaXLzq0eZS1vfSytbra90zkdesI9GWW+1Fri9iS2RbQwK0cDsvWNGUYOD94/eAOGIJIPDrd3utC4cKsGmiH5i7KDEVX5Ywzc5xjLZwD3U5r0jXNX1fxOscL2EVjpVhZtbW7uuxBOwwWHUNM55PHJz97t4Lrt7e6VAulG3ktolmHmmQt5lxvJJYqOqk9MYIznkYrWFpOztGTT20fRNtO92212TXQ9LB0/av3uT21nLmUrKKumrXTbnqrJaaNdj2uwmaLwrJZWc8cERTEpZgZLhpVPyK2ccEDAOfbjiud8K6XJGZUfybi9O9VjmdSIEY/K5Oegz93kjBPQADBtXNtpiKLoiEQrII3ZTLJLKCMAN0VTxjkgkY6ki5pOmSxRtdTXM1rcHCyDcxBiY7ky5GGLZ5AYhOOucU1CUfaWlb4XF3V97PfzbbdrJ9Bey9kqyuoylLnSlLe9t9dG9WtH00019lddO8P6RFpV+I57q9dZGe2P3ATnZIy87eSccf7LdQOB8YapO1stpZWptrQvDG4MZjinP99FIDYzjexPIBwQvLd14MsYdSuLO11QoY/MaSJgGmmmCDKI4bJ2sQMDPK549eg+Kcnh7UdNs9KjsWTVYpVE1wV8iKGKPlET5QM4BD7gzHOSBkV00KkoTUVdtWtdxbs+R69L72bi9nd32+eq2p4ilBpSVSe7atayaT3V027PV67Kyt5FpsGoDT0kS2a6lSUOhiBEEK7eGkYgjBAyP90k8ddPRrfWZppZslbUlnu3dVPlRgjcIwR8pK9CME9eORXvXwys/CWq6Z9k1GR9NtYtPe1kVFG26mQZZkc/MXJIweTjkDnnUtfhjbajZanceHria5heYw2yb1iMdumC7TBiASyk4YnGRtznOfoKLU7NXduW6vvaz3cdVey1Vtn2Pi81xtGhLEJwtNzfvXvaLdpNWV9XotPTYr+GfBega0YroarFb6dhI55pGVGZ1XO1g2HOTwzK2FH8XUBuuaPoVjLd22nXBnlBU+bAd0HlqwJZGzlsr8xwcHkjOK7aP4Y2mm2tlb3t/9ks2jE0kgcmadsBpEUKwVgoyMjPI4IxkdJrHhnwgliG8OTPeXkES28UzowZpsZdZAoxx3OMDknJya9/CUnJqKg72i7pafLVrRNJ7K6T0td/mWOx7VXnjWqTg3y8qjZRS5dXqml3fXe90k+a8MWEOpfYrSFJDG7RW8vkxs00k7MuyNQvLO24ZOOMDBHb9q/wBmD9mX9obRrHRPFY0fWPD3hjyUeDbdy2zXwCiW3ElsJA7ByVAKgYzwcDNfk18LbPU4L21ms9Ovby7gukuImtLZ5khvYXUoXwhGSQuQxyfpxX9QH7IXjP4p+I/B0ep/GXVbTSvDPh2CzXStK1Vxp891lESLYhET42AHsD6Cv3fw4yalN1MViIV1OLg6UbOMZWs3z9HsrJOz37M/h/6VvGubZNw/KjlMMpxccTF0q+GxrjXxNSUnFQhQwl1KejvJpNqyaV3d9Pe3Pxch+GnjC0+ITSyvqmmx2eiaELweY8CgqrzmRjIYyBwrHPU4PGPTf2SvFfhnS/BGneHb3TYdF1OC7nM1laKkkt5gYSacKG8xlmXIbOMclm+6PNvj/wCJ/D3inTb+Dwlqkz6kjxQ3l3Dcg2lrESMWVrPI20ztznLZBbb1qx8DPg94j8N+D/Efjax1S4m8aW/hm+fSbC4xJaWlvJDJsub2eUmJJeSy9CMZA+7X67Vw6VT2k1KCd4u7SkpP2ekVZya5naK0SduiP84sXha+a8I4ynjIRynMcfmdGrhsJCjONNtKKcqlC7SptNybS5o2etz2xf2cvhLpHjbxB8XPFiaPqV7Pc/aY7HxBfWy2X74g+dNBIcAxD5sEcEYBXhq/Lz9uf9pt5Jb/AOEXhnxLpNn8PdRJOrS6CY0hldF2Q2cG3BEUACqcAowB3Z5NfP2u6t8QPE/xMv8A4f8AxF+J93p0GpXbXepaiNUc6dY24cvIkY3hGZUyoBBTPAwo3V8+ftgRfAPw7d6L4b+HXiHUfEfii08iPVNUdw+lzW5VNsq8kyTPJ8zY/h5J54+L4lzKVDAYuUadGi21Fyk4KrUXMrQSim56q73d3q2j+n/CDwhr4biXhepxDnmY8T16WCjWwGHw1HFVMqy+Ps4qFavXrWguRe7BaJSimoXSt5X4d+PXiP4X/EHwtq+lavd3lj4ImgudGa5nljt4w8yvMFQNtBlQsoAAyRjHOD9l/tw/t5X37RHw18GeFPA96zW8Vol14vgi4iOoTFchmYYO192CDnOSAOTX4veJI9ae9EDzXcsN4SRJ5TFXXzAF8sH7oUHjAzgEnkAV2ngPSb0Xeo22rXUlvoUdkbi9niIRvMRd0KYIBxlfmC5JOc8Dj8do8UZhDC43ARlJ4fF6Tu7zgkkvclvGLiuV2XK46WXX+3cZ4McJ43O+HuLcVh6Usz4fbnh7KCp1uZxcfbwStOUKkpTpytzKevkvnXxTfa7Fd6lPf38ge3mkiG6QmWQEsAsQLZCKSGyDz1AzjHl2q3Wo2Vql5LM0dxMgNuhKkvG65aQgjJY5GSOeQeCePR/HcV/Nr7Xyy+ZbzSTmN54yIktY2IjZhtC5I24DAnd1HUHxbXFvY7lrjV7oLZOdsRADEwld0fkqM/KeOgPByCTmvx/N+Z1Z+6/jlabT0baV23d2k7b2X5H9gcMYSlUwmHUI0Yy5YNqnFKV+WNovqlreTv8AdaKJbeBJLm1a8fymkVnkkG0xr5h3nJ5+bHqDjIPXirUng6aaG+vszf2eVZIZUfdHubjcyJ0GcZz1xzyK5Oaa4t/IjW4DWrHezD5yIycqWDfODjoobCtuBHNdRa6tqsGmT2SXcghlRntY/lKyZ+Ykg58shQAAenXBwc+FCDTb5N2l0druK0um7Xb9dF5r7aNLF0rez0SlGUotXsrq1tk1pve3SyvY4K28GXN/dyQwMqxWyOLmdGPJByMqSrHGSGAOAMD7uced6lc3elX8wWSZks5HhyrsqFUJULk84x8zAnAyeOgb0GPWLm1u/P8AtLK5Li4hiIXeBkDdt4fdnkjdz7cDldZDXc05ljEFux/eKF2MQcnf823kn169e2DpKhzwbULt7WW23RLbRf5H12BnN1oxxCUoSjBxTSSvaKfRXu1zW+a0tfn7TWp9Rf7O0ZQF1dXYk5Y8jexyeBnIyBknncMn16LTtPlsIZ7a2Z7q1jR5Wx8rF+S5zjdgj7mBjt3NeV6Fb20QvbmZZLgWzEwRr8p3g/I2QDuA6nr69MkeveB9QivDIskv2QrJmKGRgyTbl+ZXZsgqDhsDAAx65r5jN8PONFSpQa5FF+6kr8vLe8tFdJ6a7O9m7XzzyDhTdTDwcY0leSi7c7bS07uKWl9tI9rek+GNZ1MW9pC0CNZW5QXpjX/lhgkGRsHDN0wcA4HSvWNUOmXjadeaYk9u88apDCRs3SJjDA54QkMW/MkEZPlMeu6fpNpeqk0TNLIB5cABWXO7ll5OEJwRyOTn0qDSvF+o3d7bLLGtxF5nlW6xZDFQcIsaLzn/AGhznIx1x+Z4/Kp4ipKuqcoKN78zbbvGLf2dL6X7dep+TZrgKuKdXERpSpwjFtuTXvN8smtla10tLJptapH1hoOsxj7BpyELPHH5c9vC5MjMV53HlSWJORg8AcjIx9j/AAqlv7+fTrdEHkwTRRtApIDOHyQTxuILZJORx8xI6/Cngyztre5tNXvZZfOeYCa3RT5qZOAuWIJZwBz8v49/0t+BV74bS5ETW7wXMrxtiVSypE5OERsbhK4IIb5SQDjGDX5bmuWwp4ug4U7y+t02p23d4Sdlrom297K2+qa/lXxSlHB4PEzprmkozU5WaipOntrfS+rfbe+h/ZF/wQiDx/DL4mK/B/t61AXsoCPwTzgLnBwQfx3Eei/8Fz4/N/Za0WZl3iPxppw47F32jHBAOQMZyCQDg844D/ghtJCPh98UY4AwRdftWUNndsZWwSTzn7oz17nHGfUP+C3sZf8AZNtpCMmLxjpBwR3aR+fTqOBz05yRiv7O4Rjz4zIIvVPBYeLvdaLBW8nqtuy+4/VuBp+0+hziZNK7yjN52Tvqs4rPstna+tlfrbT+KnVdZ1rSNfufsjeZZNcxy3du7Ko8oPxG2CvXO44wcdRgHHGfFHxPdSSS2FjPdm3uoYbq5aNn8izVvvIg5+fA5ztwcnNWfHuvafp95rk91tCQwSFgsu15JFGQcknAG3JzySeff54PxKOv6NcX1sg82NxZfYAPMmltlLDzXcHlApUk469+QR/Cvi9whUxPHmZ5hRwanT+s1E5TV4zlKSjz7rS90m1ba66r+f8AhPI3mMMHjI4eM4whSi5zje8moRjfXW91bZWSv5dFb3GoT2ka/ajFGJW8q7Zz5722DuZjuB2qc43YB6cjivKfEd1fC88y71SOfTnkaG3uJm3bAvV4+cJyMLuAOeB1rB/4WND5FzYSqsF3FcGOKQS7lgt3yH7kkANgBchuBis7XdW0ubQJbJ3jMqXK3NtcyM2+4yN5RU3YEe4tk4wcn7tfKYDhfF4bEKU8PGCqSUVyUn7kW43qJu6T2TVrWvZJan7XlvD2Io1o81DlT00p3lZuN6i+LS3R6bt912HhzXLfTtYTW761gurFQ9tBc3ipLCCoYCVRtBDZwyOf4gOfTmPizrmj65qMt5HYSJcPZxLZGBZOfLIzLIO4cjcDjac44OAPOp0vrGzt7m+1eVbdwLltNVQ8YjLEIqNyrbwf4SWUemBXN694iuoLyTVItQt3ijs1QW7MC6xsBi3SM9XAIPAyCSDkAgfZ4DhlfXIYmF3KnHkuo2g4xaXuxto5JPm73u9D7zLcicMVTrwUp8kYxsotRlFOO+mjaTu9n96Kmta9dRwxq95NcyyxpbwBH+SBgudsjZ5ckDGTnpuryjxZfrPaw+eW+1KzQzyt83mMciNUYZAC9CRuPBJPWtq61RdeZ4jG1osYFwViQE78jAZhnDO3UdQvH3SK8S8X6zK19LA7y28cI/1XCgvtyuTzgnAJzz6EsTX6vkeVQVSNqcITh78lFW6RaXW/Kumm6fk/1nJsDFTgnCMJRSk76WV4W5r9Fqkrp9Bs1rcXE1vZ2jedsPmPswMfMD8zcnAGcAemM9a6mwV7e2aQzDNq+4MXAeV8E7QcglF4AHPQAHOc+dabrc1tbTTKoa4mUxo65LKORnA5IIOcdCCd2M8dVpzx3EEQuHZFQmSSUscNKfujBIHIOMDp6ev2Fei4pRcbqNotta2fKm3fTbZ2XS12kz6ipSlypPWKbW6u17qdld2jbpp3seg6Lq1lNDI92gjuZJMyvgyEQqQGKZJ2sDxtPHpmsXWJtG8+9MbvHmMkSt+8Cr0G7glC+OMEEfxDkgZC6pBAlzHDHu81lje425EecbsKBtBxnBU/MOd3NUbu4s1tZojC115pARgGDbmzlnI6/MQArcYH41hh8LKnUVT3uRaJa7WS5tGuu0VsultTljTUJc3K0rXvdvTSN09Ele2y9NNDm9ZiF7b4Rmjt4ChTfnMxPUo3UnPOGORjrng0bGweFo5MsGSRSjF8M+chSo6hRyAT6DDdat600w8iLY0FsnlKVAUqrYXkk5LHg5HLD8c1AZlScMXYosfG7I3MFJGV7AZyGGQVOW7Y9qM3Knyr3rys029FpdJva6tZW069T1KdZezjFbOytrpZRvZfpra3XRE32d5NWbzZEZlUtLISG3EHJC5J/uqBk8HoDXpsesWccdqpMEVoYGjkYDLhiAo2DsSQct06EAnr4zFcgSb5UdT5jFyW+Y5B2jk/dIxgAkH5e55vlwLZiznEsv7pySSAp5VAegb17cnoTSlQdWMG9rJJa/FeO6fSyaeltLX2OzDTmq9KybSjFq+ybcXqkra/Lu3omur1DUoTDcCJcW4k/wBauSXwCQGP91jkNzwOuMiuJt9T+3TgF1jgjZRIVwCdp5PblucnA43HsScTxFrssVqLS1JRhIVfGNu0j9GOTnB25P5cGmq3EeWjZgMkMGJwNwXLYI+Yg9SOhIHGePQoYJ8kU1o7atWVuaL0929nbt8z6qEPawi5N6JNq1k7NP56/qtT0nWdeEF40drIjMUSMhSMBDwSc7cHHJ54zkgVj3WqLcNaRmQSw5IZSSMHGXYYxxgkLypB56ZI84kvGklMrkMxYsx3bSzdBknHB5+UfrnljzyeZgM5JUFQGGBnJ5OScHqxwO/YAnup4GkuVWu0+u3S2602321vtqWqKTXN72v4q2nXXRarutmmddq17b/LJAVKkiMKcBlUE8vk7WzyQTxyRg8E8xPcxO6xlndRlwV5wOoHOfukYPQjb6CqZlZhiQsxPO0HGNuAQBubgncf4s8A/NhqrNFNuVlJyTxnBAxyRnHKnBzkgjqByc7U6Eab0Wu/Xry202e1lfpbuaU6UIJ8qT2W1nd2TvbZpLdLZ720J55Rcu4BIY4UMActwMDJ5U4Cg8g545IGEtraOVg5AYICHDN3J6rzk4JXgenHUmtSLRb0xidIJBFtPmSIpaMHbyAeeoAAOflz26URWyoxhJZJNu/LD5Coz3xjknjv04AAA7YQtLXlbWvl0dtO9+nTa1zdRbsk+l+3Zdr762bT3WuwsOn+QpnnjdIyWMORnzAwIUjt1OADyO3G01YkmcQjbII1X5VUfxH+I9VwWBwT26jPOZbmZ5LaNFkMrQgDdnJXnhAo64XHIxyenFZzx7iIg2VcM5Y5IBGOSODxzzjrnI9eiMEk0uVy5W01o07qzVnfmSWsrb2jd6jSa92/NfSztZXsvvVtdvO5Rlg8hldipWQll5GeW4bj7wONwGfYEAk1uxataxxLavCCrR4fALZIJ2spHAOMFiTzz/wGqsaPJFG485AvDDdjd1ByOgwQCu0c4JzVCSFfNKbhtyxDLt4zztGR3OM+pxyT0cW4NKys3um3a6irWS01VtU3f8VJKS5bLRp3v6enm7XbS19Z00+e6jlmtvLMcTOXYkBcHOFCk54zgHB5GRt5xkFGUZYY5zg8HbkAkg88ZzgZIGCdwBLaKzPBHLEkrDcRuCNgEDgEkdDgndjPzZGBTUCyq7SDhAAAOR2wSSD9CTyOTjOSSXJK3Lq99/de172s720tZddtCGmvLX9Vdt92+tteq7ZI2guuWBGSrAEjaSASOBnGQQeDwM+lJt4P3sgjHBxg9enQ9Ov0xmri7BIRgKu5gdxAHAIBHOMDP3QBnP3TjiSJVkd0AIPHK/MBgnp6kr0HOPToKw5F1S0Wnw21a131VlutnZPctNKLb6Ldvro9WvLy+WxPp+n3eoMDbW8koQDeUU4Rc85Byck+pAye5rsLTwLqN/5LJDLEJ2GwvxuOcMwBXgcfKScHkZxye08JW1tZWUcZV5Lq7AO0DlASuD7r0yBnHQZIAH0JpVhBFb2rPtMMiKzGVcEMADsR8AADB6HPQjdjJ+bzTPHgG4QpqTi0ltrK1rPRfra2yT0+Zx2cSozdOhFSask9Hd3j1TSjZXb17X1Z87r8KzDbhzcSGd1McgAIEbngHccg4PbIBA+9yaux/CC5RISJmcyFTkEKuzq3JwCwyMjkMSc88j2/UoA0reV+5QENEhORKS3JZR+QySc5OcDjet7uC3hjjuGjz5YkZJDtAIAO2PnrgEgdwucjnHgrPcbOKlHmfN0jF6XtourvfTsnfoeTLN8bJ25rXataO17XSdnqk9Wr3vptc8h0vwboemNDBduq3EUy7i6ZRkXrk9CW6A/wjr616k2j6Vc2a/2WkSSJKmbeIKkk2APvgfMUYjdyevPHQ+eeLnhnvbdoJRGssheOAP8AM2GHz7s55IB5PXAHereh3Y0q7+0C+BuRErGO4c+XGw525JO44PXnnkZxmrrzxmIoKaqy9pyp8r0V4pNrZ6rRO9k76lOOIrU1VnVleTV1JL3bcuq7a2Sb1/E+hPAVjLoWswa1cSR2ywIk8VvIyqjSRD5VJB24B6buT9dzD9UP2fv29PiV8LreS30PV4bYXkclr5jSI8llb4IUQFiSi8jaOCcAgHIr8Wj4jGqrLJbX6gx/L5asCDO3JIVjgKGBx2HpgHENt4ivLFvLW8kD3AIlYs/7vGQdnJyc9xx7AHJ/EuOPDTD8aU6tHN6UK6lZxVSKtTa5GnHbXazTT1Vr6n2XCvGWbcMc8sFVqUZyVpckopSV4773uk9LWu1s9F+4fxR/a8fx/cWmr+IL2LUNdtQyDUb1VZ5csSsa4YDYHJwwyR9OK+N/iJ8S08QB501WJzAzSPaBtyGR/wCFE3DODk4AAPU18CzeJdSM5klvp5EiBMDM7MrbcliVJODnpn73oQMnIm8R38skd0bkykFfMjRmVQMhVAHVjxxkE8AnOBXy/DPghhMiqUJUYydOi/cg0+WHvRbUYv4ddb2ve/ZHDxJxlmuf151sbiKlWc01JzlfZQ0t3s9VbRb6ar2Pxzqiayqw3EZykf7pdy7g2chmwPlTj5QxHHPvXM/Dn4Y3/wAQfGVloVvbMYJJEbULmNSyW9mPvyF8bd23IG7ccDAwWzXPWl7qesXNrY20bXeoX7x21tBGCzF5SFCsy8nlvvHlR6HBH7F/s9fCCy+HPhyxa9s4ZfEOoW8d5rEr4Jh3IsgtzISxVEU5YZxww5xgf2H4V8B4rMMTSgoOGAw3I600motq1oK9leVvL3bv/F+K8UcX/wBg4OajU/2qt7tGm3qpaJzau7KPXVrW1upd0jwppfgbw1a6HotrHDommW4W4uZE8pMqn72ZnOMvId4B39clemK+QfGWs3XjnX5rO3nmTw7pkjR21uZNyTSISpl9GEh6AjIU5J6A+0fHT4oS67qU/grwvMRpUUoTWLm3IAmmjOz7NEy9I4yCp2nDcda8n07ToLaCArhTykje7fKAvq2McnuTnFf2BgstpYWnSoUoxjTpxjFqPuqUUkkrK2mmrb3+Z/NGcZxWq1KuIlOU8TWcppyk21z2vK+tnd+7237jYLdLO18kqieSmARwRnB3NjscjGOvXpnPT+G9C0q1sJfHfiyQx+GdEdpIIyQsusaiuTDbR7iDJHuKeZtB+XPcHNbSNEi1e7uXvZ/s2iaapn1e+kbZ5dug3lE6AyN91V4yflGcgV418UfiLN4quodJ0oNa+F9GVrbSLCM7I5kTKm7mX5VeWQnezkZBJxnpXRjsXTwNLa82koRXdWs3Z2drXa/zZx5HlmIzGq6tS8acXec72b95WWr3euq2VnvyopePPHV74+1x9UvmVY932exs0BW3srJDtigiQYC4Xqcc5Bz6VBZacsEK+SIpM/MwJLDd1ZyCFxg8fNkEjPRgOAikYiNyDuU8MDgLt+bGffqeM4xWzDfnAUNvLMSWByUHRgcjIA5Hpke9fKSnKu3Um03KSvtumn1177Nde+n29SkqNONKkuVRUY3jo7px1dmn3b01130N+bQst5sBSWNkYAspJA5IIHUHuMA4wOWBCjKfSZpWxEhUEBiM4TKtg8EknPLcY7DdyCd61mwwAdtoC4z0K9SfYckg5x/OujWSynVVbIkwPLZQQGYqAMkAcDdySO56kVVqcbbc11rr0dm7NXas766aJXdrHJzVYyt0s7K2t7Kz+/RL1d9zixHJbwqImIVMk4XDu207gTkrtGfwwPoadrMvCtuMnLl0LbiQTt3dwQTlhwD7Cur1DT7oKxCjygd4Krw3XKgjnaRnnoAOcc1naNpc+papbW9vA6b5AJRgKGi3AEjcB26ke+AcnGsZunJcsvd8pXcno7Ozadt9bXXXVnVTjJQlKqkoqLk3qtFZa3erV9L220d2ek+E9Omaw/tCRJoLddzmQEsJZA2VABxlSOoJIHHOM7XT6w9rcqRMV81SNhDDaAc8kBVzgDABwOgxznt9evbPStIt9OtYf3duoU4+VZHKkF2AwGK8kkE57eleA6zqLPeo4KlmYpCqkkFeRwBzkbuR37n1+qweaSoUo6uySe6VtI6JN6Xu09L/AKfLTwlLHYmcHacXtFrTTl1evXfyurnYXniLe803nMy52xqDgb15zgfLwRnkHAxjrzyq6zPdXaz7tzBmLKGCqqggbmOTyBxywAAIPXNZB0vX2jku0sbuW3DGJn8lthYkM5HAySehPdepNZccV3B5oW3uIwCwZ5Ew2STkBdoB4AHGDkdPvV5uLz6LvzSStfZu6ty66a6PV9tdjuweU5fQUqcZ0pT92MopxvC6S2TTTivNtPazPdb/AOMPiK68Fr4Lj1h7bw5b3Ak+wQOUSSVgGczMNocA4OCcNnrjFfIHifWpdR1iVfNUwxyKFcqNuVYg7DjBHOGOOnAOevdz2Op6iq6XptvcM04LyMEJJDAsc4Gc5AVvxI5xW74F+AvifxfqqQrbuqQkmWLbhyBxkA/xM3GOvJHoa/NeIM8qYur7KM+ZXtFQbbb0slrbS9m77p7dPdyZ8L8H0sVmGKrYSjzKVWavTUpy5U25atuT0Wu7Xqb3wcg8S+JrnSPDtlbzXb3F9FFaRxrI0KsWCsVVfkJKlS7dggycKK/qd+Gvw/0z4P8A7IeueKvFl3baXbvpxmur64aOG6upoIiV0+zJKtkyAIBk7iRjIbI+Ov8Agnn+xi+g6pa+NvH2l2uheFtHD3U2q6mESKK32lnlQyAqGkVW2ttyTkgcivE/+CnP7Z1p418Tn4NfC7Xom+Fvg+b7NI1gQLfVL9CUYFUA8yMEAA4K9ST0z5VWccBl08VjJTWIqcscPTvyzimlZtNJ2VtbWem2p/LPE2Kn4w8dYbJuHaEFkGDxM55jiIR5YTlKUW6kmk04JXinf3qjWtk7fm58Wvi4mueIdZ1G2vJJEuLq7aGCRy1vZwF3WMuuSDIUA3FsjjjtXrv7Fv7IPib9qvxjJrNj4fm1Xwp4c8m58RajFOsf7zzQyW0QYhizkYKjkL9QK+B7jQ9c1ia8uLdJpIZ5/wB+6RuwUSEBU+XPJBAB6L0HcV/Sn/wRH07W/h/J4l0jVZpNN0XVLy0nuNPvgI5dQDBWVrYsV3IAPug5GOQMsK8DIp4fE5rhljZx9hKfPU55JyclslGTaak0k35q71aP2PxDjQ8O/D2vQ4dr0MNm1SlRwVKFH2aq0o1eWlUrqCtJqknzSlbzvdH6NfFr9lvQrz9l7WvB8+u6x4fTwp4ct9W0rw3Y48qK6sYVzHMqjDJKIx5hPUZLYzz/ADqPDZ+FvtmqKsF1OzTWs8TW/wDqTHmPIKj5WwuWAHXpjv8A08ftmfGi41/w7e/Dn4e+HL/RNXv7iPTNS8RT2zx2UmmuCjRCcIMhwTk54HOTlRX8+f7QXwA8S/D21u4YrO+vIr1oriXU7CKWa0jefLOMkPglj75JJXPWv1jibB4arg6GY4SivZU6Kg5QblFKCgoptXinZNbxWtkrb/x1wJxBTwuZYnJczzWm6+Irqo6rqSUq1WUk6lRyqNSi7NJRWjtpsj8x/wBozwo/ijRotU02drp7ZHlayiXfKm9iWXON6gDoM5PfNfAGL+yiktPLuIFl+SWKRSAoXcCW443sMdBgkY6V+s2maZcaVK8V9E95FOJN/m277ogAQ2SVI7ZK5xnPrXMeLfgv4F8bW1ze6bcG0v4UARVhWJWlB3sJlXAbBA2sBkHBzwcfk2KUqtRzSdtOW2mmn96/W7vd6223/vbw18TsBw3h6GSY6TxWDi4qljKclUcFNq0ZxUm2k+17JP5fl7od9eWNwqggxLK+6LqcdNxHI4A+UE5JI4zk16npvjO7uVnT5nto1VWOSHIXoNzZZQduOoO3PPWrvir4R+INAvrqa0SO5so7nyt8ALswDHKlcnk9yQM5yARyuLpvhfUba5jiGnXi/bjgs8UiISCFJKMgG3PRsknvzXn1qdOcHGotnvJq3vW7q7T00tpd31P6NjxJkGPwqxCxuGdOrBWUqsE/ej0U23p9pdnvqz6D8E/Ee60Cex1DQ7u40/UERGsjCcPDcI2VkDFSMbu56HjI4NWvjn+0r8UPjpq+jaf8TfGeo62nhqx+xaZBPIxt7SGJNq/u87S+FGG54ADZ7+V/2Y/hlLkandwQXsKM0UO794qPGSixL0JZiByWIUnPPA8B1O/uriW9kklYzySEJyRI6MxOAwIIIycg/wAII56VwZfSp4bEyq004qfLzJNpOzSacVZX+0n01tqkj5zLuFMlzHOVn8MDQliaScaOJVJOpG9lP2cktOZaJpryPRvCelQ674hEM84W1trkyeeNoYfNlSeATlgoAGCMnvXouqLb3N9c6bO6ShpCsE4CkrHCu1VLDhRuAPBwDxwOR4v4CvFh1i1jZnDT/JIN+HIU8ZPyg5wckHnnrXrENm17qdwVZ4ysh8pQSNxL4IA4OTnGSTg8nnivvcHUUqSbas3qr6S0XV30te3fuz6jFU5UKrXLfkpNK9uVKy6PTZJPqm9E7O/r3g7TntLS0trWQmG6dpJ3kJVS0JwgVVAGRwBnkn73zA5/vP8A+DX8XE37K/xhlmzum+IkXckYS1nQEFs9AAPTPXGCK/ie+D0Gj6bpOsjxTpb3bPYpBpSgjfDPKBtk44GGO7gggepFf3Ff8Gz1mlh+yt8VoxsBPxBRgAOEVrecgc4/hHzdQeBxgge9mdXl4NzePK0pVMCkt7v61SlZrytZdPO9kfnXDmOhV8Ssuw7vzyp42d9G7ww1RtN2ur313uttD4R/4OhbPHxE+ClzIuQPDuokHbkllnTI4GD0HUnGOmN1fxgePFu/7fhjQuvnQq8YwVRg65zt9wSOWP5Gv7YP+DonyYvFvwIaYENPpGpxqwbaSDcojbRzyQdoJ4zx3yf47vjfpCWfiPShbIbc/wBg2UyQuu1md4gSwPoTyM53A56g47MRXU+D+F4qSThl8FJL+7JrfS2kUrJ72stNfqc8wTjnWZ1Phi8XNqyV7csLOLb3S7dbv0+ePEFjdLpwEYUrbhWkc43h25K53Akn5iOfXg4rhPtbJA4t45BJ5SxgjOx5CpAAKjJIGTg9we4Jr3WfQLjU9N0/SreF5b/WNQit3aNvmhVpQrFl9FGWGQAOAcE4PpfxC+H/AIY8I+GJbCKxn1O/02zSIX8ChUN/OiuQ2wFneNiQQS2O2BivyHOqtJYhRqJSblFcrvdK8XtbZaXaTvdrR7+nleLo4WnTpN+9Oyto2lZXl05bbptPXey1f5zXvmT3Mnm5MkcreeQDuQFiTywySMgDqRkZz0EMCxrMgBDqpG5HHBTOPnzyzEAEAdeQe1df4i0GXS5hM2oLcS3qiYwDAkQnJEZXliVXhiRwRgHg546KFo55WyR824g56D24wRhjzkdQFC4xeHwuHqUkrWbs2lZpLRJdfL077H2uHpxq0rqzTSWq0atFpaSs/Pr5u52I1ue0gVVImgMiDyAzBWRMbQVJx3PbnOeldZ4VuZtauYzp1qJCkxWWFkzHb87cqxABLEHBxz1PPI8qn2xosrNnczY25JBZTg4PIwBzj5fXOQB7P8Mdc0/StFvUit3n1OaTMiBRuRif3ewqM7sjkE56A9s/IcR4CnhcNUqYen78dfdWrbcVdR0bez9F2PNzHBRp4SpUpU+Wo3f3Vtt71u7atZ79HfftIrOeOWc3O1LgAqHYkPbooyTlSOD0z3H4Z5jX575LX7U0ouIxuEUa5MkqxjAZz1IAHIJwQOe1aU+uWc1xJE6yNfGNmlVmPMj5Gxx3A29hk5IzkZrVjbytPiEtvEYnWXz5JFVlgc8jYOCP9oYA4GAcGvzmHt6denOdKTk5p2d7q/LJ6qy0btZaX7nyWHp16eIhzJ3coN3VnayvtbRJa9HdP08d8JGzXxDHPdMxDB5EUkqsMoG75mwApGCBwWB4O7nPf+INVfxXfafpNhdi8jsz++gR8bTnGd7dSu0dAcgDiuO1i402KRHt4oXZ3khENr8rSSHozYIOVJzjORk8niqvhbwj4hsb8a5EswjkcyGJWILx7skOAQylQePXgZzwPpKlOjLkrTtGoopRg1Ja2i9N07Xd33Xnc+m+qRnL61UapTjD93CV1GUmovS923va11p8j6E0DT4IrcJdiCC5jiaNA0mNwQEqwc8hgRz0OMnAPJyL660+6kHl3EN5e24ZGAkG2IIc4xn94PlwOuORnPIx73UYnRonhNrcyqGkZ5SxVZCBIUGSQcZYDHOfXpzf9gWiTLNaXs0zxkyMoIQvGQSysT1IOQQenevPUbTcnOS15op3vry81tFpfSyWmj0680ITvzyWrvKOq1k2k2/hvGy2Xre9kr515n1ISPAZImYW7I+TGQoAfyz0yApKnJx16AmugvLvTphAYUWRQC00CptVWQDDHjIcADdk4P5Vz9zp0l1bSmxkSFnKEQks0gfIAKHcdpwO3bnJOayHN7psPlrN+/iAF0HwQwOCRuz8x5OMEdQeQBgly1ORQbTjo7a3S5W5L3lbT3trWta+x1wpczpyTtKNrqz1atZJyV13e191ukWddutNcG/WSSBIo2GCxVmlxgFEBycEDJGB7YyT5JdSapLPNfRtK1ose/zDIW8xFOShDNwMKFU9AOCCevV6hZmdW1C6ncwOGAijBYbOd5dcYXPzbQfmwAM5wK8j17xI9lJJbWS7bLLRruZssrAnofl4O0jgD0xzj1sDScuWMVzONlurL4bJp766tpXXZnt5dhpzqRgnzN6OXS0knZ7WfW6futX3VjmNfvjcgPGDEGuNyo5BZsEjv0AOQOOn3QDyeeeMSEKNisjqXwpG5sDpjGQSMED5T+DYgnuJL+YbhtcShlTP3VI9RgZGCSfwI710WhaHdatcmOCPeyuhkIHyRx7gpfLfLvxnHcjGMV9JBKFNJpLlS5tdE9F8raab382fZUofVYRi5JJK93suZJW02slpa77vqtHwv4Wv/FeqwWNsixorgXMhQ7Y4wSCxJxyAc45x6Z5r7P8AD+g6J4A0S5trBo7l/LZrq9GPtDS7WyiFWzsx6FgB97rx454WMGhxyWtlEGleUK1xhjK8hHPKEFRnjAOC3Ayp47W48ya2+xLviuQfNmMjMEJYjGMkghgfTOeMV8vm2a1VL2NG6i29byTaTiua21rO9tnoeRjKtbG1VRheFCLTcU3zVG+VJ72tvpomupQn8QadfXCCLzGnVnNw4L5KjOfKJbnA4YAMT82SeQbAg0eXT72VJjbpDi4Qyr805X/lmhbknklvYe+DgtpsH2mWa3AkuIYSJFjwsMZUHcVUDk5Ppz9BmsibT5/Mjje5nks3iMiOB/Hj/VlB0XH97OCDydvHiOnGpJWq1FreUpttyUUtNF1butfna1umlQVKKi/csko3W2yaVrvdpLXR220Fs9QvrV572F5odOvJVR9uGUjPzBEOQRwBwAeOlM1S5uproPDc3dmyhQoyRE8YGQcZGHbAyDx1BxzU9tdGILZJKhto4mYjy1Z1mB6qoGSeMkBeCD0AqC4vbqTT3b91GEn8sGYYaQA4VlDAEL+jcj5ea6lSippqnFuyaTje+id5Nycdd0/N6Pdb81SLtFRV9fJP3b2albu1rvdNWOaFzq+tTvp51KaOJj+9gJKqkcbfMy4IXcV54G4njnKkYusSLpRW2trln2fOjsAZS6gYVmb7oJGPmHoMdMdJfzMjmceRa3QhLsUYKZIioUBGBHJ69OvUrkV5Tqd+bu4MSAvxl2J3M7AkYH8RyQAeOgBHB59zB0HK03CMYKKbSVrvRvunrvZu23Y2T9q7Odnq7X7qOnZ7vRO3utpdHdSe51yZLdULXMsnJCgv8pIBJ5APH0xgDjArqm+HGuwWU11LbSGRAHKKCwaMhSo3jCqSDnA59BtHHu3wg+FVjdaVaeILh2Mj7luFZVf7PGQMMQCSWPqBkZXnGa9C8RyHTlisoJrYWALwtKQcuB2fgNnIwc8L055rz8TncIYp4TDxjKUHyylsvs3tZpJXa1ell5o+iw+USlh44ipPlTty2S0dlZ2VlbbXttpv4t8J5YtPLWV7apBKS8kTyOQyk4BA6YI9STxt9QB1viOSxsUM637y3e92eLzGKeW3JXAPJKEjJyTkZOMgchqUct5qyLaPHCy7Uimjz+8HOWbjGMnHv2PAB4rxQ2rR3EkFx5zM6ht204yCe4weOpHX0NSsMsRiY1Z1EnNXcbp3205dLXs2rt6+pVStUpYZ0YxTinZTdl2tZK2qezd9NU1Zm8NbjupUiUKr3LkbmwAoBOCW5JPPcHrgY6Fb/R9V0d7LULe0lMU5MonjJAbqSyMu3B+UnBJ456kisHw/4fbUpbS6vpJLa2VtryZ4DgjaAB2JOCfutkfNgkj3LUtUS40q2023RJorSNY2nGNhT5kIGejkLkntkcAY26160cPUp0qcedS5VO9rW91tbPV/E3ba12jnw2GnUcqjnKMouLhJLT7L1SV0tW+i6+mdoniYeIdJm0jWWcgtlSgOBsXb87cMCQCMjAOMkNzi4fCdskVrqWmiSXTYQVnRlDF26lcH523NzjDAZJGMDFHS/Dbx2U09jPHCrTFymd0zHG48kthWwAckgZXrzXQW11fWFtbwiYG0cl54nxkMBjkLkbieR1GD93AOPJrxcZ/7OnDmlzOKjo9Y6Ws7LW19NNtz36cJOnF1/eaaSm0k/s9W27Xsnpqn0tpxuta9BFbz29tb/Z35SG3aLBAHy7gTyAAoznBxkHOTjzC9v2j/AH8bjZECCFYo4kZhuDA4IXJAH3hjHI617jeaPoV9cNd3MzYtwWmZCBkOuQoQ8kZ4ZgD3BySSOdk+Ev8Aa9nf32nMd0kgMETONgBIOWHXaeAScHd6Gu3CYjB0F++XI7pXmvdUrK9mtL3ei6We7ueHisBWxNR+ytO12uVpvlVnokmutnazvZ+Z5UNU1PUFjkhLiG2AWTy2UbnbACsechgfmxnHJB6YmuLTV7+K0st6ytJLuFqHJCjdnOQfunJxjg5x0JrWn0K88OOLeW0mkZd/2jAZIRJHuGQ5GDxgdTwAG5IrGa/lsJYbuExmZSZCoch48n5R2IAx+nHrXqqSneWH5bRjpKLv/L11WydrXSW9kjzlhqtB2qc6115r6K67reyWl+XySesQ8O2WlXEt1qcMzGN1LWrKWSRckEZGMBecdgBk8VpyeJ9I09EitNDtJGeRZBuEbuidlHXCsQCVG055Odor1Xw3qlnqUSQ6rp8F3NqIWJEdAzozZ2yK5BwrtksW+UYxxnFcd4z+GD6VdPcRSxQR3iGQQEENbspGEjOcNkEgY747HFcsa8J1lRxM3Fv4bSajK1r79ZWfZaXt0PT/ALOqOh7ei+eOl+Ve9F6aLT8NbX1M3/hKLm7nsoLaOITTn/UIu7yEYEN5a5KjIzjrnsc5Bv6rpeiRRiJlW4lumRrqeUEGB+BIgxzyScrjPA4JANW9H8OtoFnHdXWFvpkBt3kGdsbLy5duAWyWOMN1Ppjg9du/LDKLljh5C7FiFds5O35jngcnHAHPOKuKhUqJYeXKotrmTUbyVlu73V3d6P0ueNiPaRmoyu5trS9rP3b2vp16JbadzQuvCNhpkV3O88V3buqyRRp98I2GyozkBVOD7k5OOa5yzuLywvYptNSSO2B81QTgHacAEnj5ccHkA5OCeK0NB1Fb6eWLDecVSKCKUlo2zwBjJAyFAUj7oBA6ceuaZ8OLrWYZIXuo1dxuitYHQPGWUswYjjarLglck96WJxNPC03HFVLqTUU5Ju97bt6ytr00un5nRhaFebTo2UoLZNXWvSWn3O+r00syx4a8X3UtlPHKWlE0YBd2LbCMKwVjkjZn6EYx04ZfTaddqouGZZIHIEjjCyBjgBjxjknGB/CT1rkfst34evl00zQloDKHjRkKFQSAznA5wCTgZJBJzu4mR2vrgp5qzFpV3QIVCsxJ2mLOMKDkHORj73cjyfqkYp1aLlGM0muXWPvWfRdX3W76LQ9T+0MVHlpVJXlGyV7vs7W5k7KXT+7q1se7+B7/AEnQYJZNSEVx5sYFuJf3lvGMfdIYEKRg5xwcEdsGPxX8U3tFC6NAlvFI4KuATAVTHCpkBMjODzjkcnrhabqOlf2INEuzAt3N50bCUqklvuA+YMc7guTnAz93DDAFS+BPhpF4tvtS017x5Le3jkmMkTAiNU5CLvLEFwc5U8EAjINeFVwOGjKrjsYpqMHzJSvytXi42VlbR201vp5H1eGxeOrUqOFws6XNOKu42Uk9Pdbbdu111tfRFPQNQF9qNnfJfSWEl07NdNISkLOxy5Azg5zjGMZ5xxX0zqvh3w/N4Hv9XtlF3cLYyRXVwJldyVQgS2+3Dbj1ZVAwGIwQNp+XviFoFv4UvLG1stU8+ws7ZZJQuFKsGG6JsYOflIJxkY4zu41dC8ZCLSL+Kzv5BZSQl7e2lbdAzbR5h+bI+U8HaMkFR6V5WZ5bPHRwWKwMpU4qpCVrJOUbx1krWW3W7u9i8HjZ4KeMwmK9nKU6clfmVk+VJNLVa7tLq310PGJ7sWt7sRWgYTOsYJU7/mO0sMlsEHljnv3rZub3y7NJBKgPzBwmN8jkfdwRhlzwc5wAegI3eY69rxm1SdtpbNy23Axgkg7I14AU8kcc+wGTo+dLLHZvcNtG0kKjD5UBIxgMSXYchgCegJ5r67+zZeyoupdS5Ytq7V3aDadlqm1bona17n59WnH2s2raydtWrarZ7u2ys77rax1TO8scbCR/NkcEop2q3AA288DA2nI6BuTnncs7m4szOm4efIuEViT5ec5Kkthc45CkAA5J545K3lXzXdzhQP3O/dlBg56ZwxAB3H2AJxgb1ncxyuWceUdgHXc0vOMBs556Ak4Bz9K83GUWo29nZNatrlnZtfJx23SuvPfGM1KaSbi299b7r5qLWqet1tqte402S6twoeRVlATaqEbnYsGBLY+bAIBbOMmt15rmIO9y8bFw4MAYeYzEZX5v4uSOMEHrnAyeYs1dpWLBoI1jVog5BDPjADehyowSSMcYwalmErbpJ7gllidQOF2v2CMOSzfLzzjsQea+VrUVUruTklfRrRNapJJv4l89N7M+jw0uSikk9I7ppXel91d9emzb30KOoTT3XlQoUBjkDSRMQ2xDgB3OSGOAeByp47nGdq/2WePy+EmhZWjjij27kCKGZQACCQAT64xgkYpkQdWnvQjyTogLIWGF2MfnbGcg84GMdR2Iqqt81y73rxYZwynIASI5OCuQWxjj68Djp6dGiouEqcXJQS5oxdk37t+mqu7XbXfW5zznzJxlo59XroreWjVrbaJdFtzF2fOuy8cU0JiVWRV+UbfVj98HAGQTxnjcK/Zj/gkn8NJ9c8SeMvifqK7dO0qFNNhmcFU2qglncM2EysSOhbHTcc5FfjhqN2JnhhtlWS+uCIAI1JVi52ICuMDJK46knOexr+jX4Lx2f7Lf7COt6rMEt/EOs+HDKrZEcz3+txYiIPLloopNoK5YAj2J9HMaLxGCpUeS08XXpUYpRu1zTi297WSs366tu7Pd4PjGnmdTGTbVLA0KleUr2jzxjywjbZ2ve90k1tc+Cv2p/iLcfG/9pTU7DTHE2lwaza+D9EjQmRFjhmS1JjQZz5jAFiBgkjvlq/p98ca9pn7G/wDwTf8A7Etnjg1W78DWumwQhhbyy6zrtqomACYZnRZHOOpxyepr+aX/AIJ1/Ce5+M/7TXgs38LXNrp+sN4h1eWQNJgJP9oV5WIKnc4BBPQcAHJNfqv/AMFi/jOt5qfw/wDghpFxusdGgXW9agicLGHiHk2sUi56GLJAwR0Ixk1nxBhadfMMiyGlzOjg4Qr1lFaOMbL3vVRe+vvel/uOHMZPD5dnme10nVxdV06D0v8AFoot62UpJ+aXda/hrL5kk0d7I8rNcXMk8jNJud5pXaTk/eOC3OeOc+ldPCDJGqFkE4beynOSc4ALEjggEsM8E8E5GObd0mnGwFIgv7pUycsBuIBGQoHOSBzjcCOtaduGcbmZ1BjwFySXdQc5IAOBtBHHQnFfbUKbfJHaMUlbS9ly6aJK2nlpd7HxNbEx9rKbTvOV29XvZvs/zt0TL16yRh8j5sKCUBAUHjOQT07YPPt3xdoWbC5yVwsrZPPOBgYyw55x+pp93cMQkJIicglwxJkIAwnXByTn5SCSOccVlo07ReYJMKrlBwDn+8QwGeFU8EDAJG3ODXt0KajZPdJWvq1ey09PX0b3OCtPnlJrW6ST0d1ZJavvvt1a8m9h5UrM5RgsfzCTDZ3dCuOctxx6DHHeK7QRRJIsypv2KYygyAckBh1+bOD36Bc5prHKMBMmDscNIf3pIPOQRg89iOmAKQgytvYln+60ZAYBBx2HXBJB6cnBAxXs4dWSfvJuysuW9rxs7apK/wDw9tDznJpSjyLpu76R5XFK1lbpzWXyHu8JGY0Kuf3bAKQp4xkHpkDkYx7jjhszFXCDiOGMHEmQWduARkbTgk45OeRgkACvJIyMCZQII22qq9WzjLH7xz2GTkZ4OCaz7i8keRvNVmYoNhzkgdEA5AJ79PTGRk11ysrRTeujundv3bN7uyvr69NghVioKTVmkr9NU1Ju+7s7b69Ni+4m8sFm3ESEIxbKKOoPy5GPUdQM9OarorgklvkkLLvyMEex6qASec8jGRnk1prhy0EALImCx3Hlm7oc54zxzjpkf7K2zzFCwUELI20feU88Y6Ec5PHvnORjejCcpdV8Ltd2d+VJ6aX0b0tZaNrRnm1pqc5Wly2stHp6d9+vRXIJYCSSSNq5UnIwTnAUjOOOBgnjPSs8uoLFkSQqGjfaeFAJ2HHqCPocYPbFq5eRSiqVwwI+U4CszEBcDtuGMjOFP4HMJbzFYbMICGRQWIbJwHXg89M8Ak+vA9W/sqUpS+GKu7taaKTve9/Lyv11PNnG9WOrbcoqzSd7uOu2vZerXp+rP/BLX4fx+Ivi9f8Aji9Eb2PgzTGcFVDIZpQQVLMSAxA5bCkYAIwcD5s/bv8Aig3xP/aP8cavFcM1ho96dF01UbKRxWo8uQADopdG6BfmbgYFfo9+xxYx/Af9jrx38VtQjhsNQ1/T9SurKaUBHlE8LW9qEZwHIMoyFzwcjkElvw71e/l1/wAR6prVyQ81/eXN/Oz4czS3UrTE59cNxwSTnA9PwPheK4g8QOI8/leVHAuOV4SV3KMfZNKo4vXVtO6VtG9T9l4lksn4IyDJFaFbGRePrxj7rftOWcOa2vVKz31u+hDGI/LwY23uU2qnK8BWLFgSAc5GcHgkZHIqut0YRK0jupRznJJzngJgZxgAdskc5HIokmcBWVXiWPKs+7kg/KvBGcklQd3PqMniB5o28tZzH5UsZLbSNw2fxd8sSBjjn0bJFfu9CKlGLavy6XWm1klqotK17tWTtd3ufjVaq4RXLutraX20V7Wb9LaX0shJpo5YizB42UBgoztcMQdxOOjfKB6E4J6mmeHYtNtdb0zV7+yW70+w1S2vbqwkYEXqQSLJ5Mg4zHJtwQVOB1XgVgXl0GZViDrHkqedxIDFVJHJAOMHI4GeFAyLMdxsQuwUkKuVQ/NvxuwSO5HruHUEcHKqyjUjKCdocrXa22l1rd63T62s92cMa0/aQqKLvBp63a1s73Wm6t5Wt3PX/jT8aPEPxa19dR1GIWek6ZbRad4d0GIk2mmWFuiRokEXCqxVRuKgdOc4zXG6DBp2oX2kWt0ZrXTWmiOqXcSs0lrAChlliTlQ4jLbTwT1BAxXHi6jHmySZfdghdpDIx+YgHA2jOM7sbjwRxxqWM7wqZGuGgSRGl2nGHwuxV56BQfu9+MdBn5urgJQpONBRcbr3W4u2q2Tavbmd7vZvVn0mDzGdTEe0xMuaTjG17NJJx0TultokmuvofeK/Hvxlr3grUPgV8A/7N8I/DnT4pp/EHiW7uIdP8Q+JCsRWc3upOySrC7AhYIpB1GQcE0uia5pnwe/Zj8Wafa+LNHu/HfxJ1J9PuYNOnjnuYNOiYiQPKpMgVx/rGZsOxYng8/A1zeyQwi1srueK2uz5k00ReLc7DlCUOGUluhOPxJxlhL1THEzSbQ2+FXKlRHwzNyCBkZboD1PHOPNpZXP28U2oRT56ig7uVmpJOUldWb2u306HuVM4pxoVLRc6sqcoQlz6QcktIqzeket27vyZ00QlkSRYmAfIU8AM0vUkljgq7HOSoIOR16zWzNA0jzbCy/NlupIOCnyhQByMHuB61l2o3Y8ouwYt5jMxG0IeoOc5yCdwIxnI5znat5rZmaN08xiirsGdrscc567gRwDz8oyeMn6VqMYRV3ok2+a6WiurNb97W72vqfMUFKdTW6a3u7K3utv8VfW7d9NDftLkXCs21oyy7Yzj5SGA3BmIwQT053Z46ACvv7/AIJ7eHU1v476TdToc+HrZ7/OPkZ49oj8xhkBsjk8/e4xX55xXKRqv2ZCpgc71c5VMnH94k8fMPlBIzgdx+sv/BN/T4Le68W+J5zGrKIrZbvawW2V8M7sxztUBTndkADjC9fiuJK6pYWrPmtordJdNlrrbr5Xv1Ptcgw8Z42gmk0mm21daJa2ul002tpZPW/of/BR34h2Go+OtA8NWlyJNa0+1hkurZcuqeZjEcagkB9qknuvPoS35P8Ax08T2moy+GNIt/Jt2SBLWT7RKMFgFMzEMR8p+YZ75xjAOfVv+ChHxQ0uz+PGv6joHiG2vTFaRJFLAxlaOaFcS5fLgNlsAA5zz0INfj941+Keq+KNSmuLq8uBLGpjtCCyhQM8ng7RuJb5cc8so2hR8tllHFYpRklKEbc3Ntror63V9U3rZ2eismdvE+YUKFSph6bU5cyi7cqtGKjdu17Sa3726WTX2149+LGgeE9O0XT/AA5PYf2jYWqySJDgM0oUDErqcsepGCeD9Wb5/wBQ+O+vhLxrySO7uNWJT7O8zHyS4wpXJKgElcNgkgDryK+VNavrqcwTy3MsshG2dlJZgRjAJPJYkDk+gHBJNczNqbPLEZJXPkzKv3yHiQkEBW3DcxGcEdCDzxge9SymLg3UTnO9+ZtvW0bt2u1fdvpbuz455lXbtCfJTeihF6WSUb7b+dt303PWPF3/AAlviGNNSvLWZrOVWhhCRth33H5FKgZVeMEk5Oc8HJ8zsbe+t7+33RmFYpgrvJwQ2QrZ4Gfl+UA7s4x2Br6e0HxxpN94X0vTJLd4pARF9rIBkiC5+baepcZGSqlucZxiuX8UWvhlnsWQhnD+ZNMCMlSfmbyhtYuevIxkHkjmubDY+rTqVMNUwsoqEnGEt7x0S6L5+l/WsRRhOEZqrzykoyequ78t7u2q7pLW1/Iw76/RtHZ7qQbIZCsFsgYM4dThyGGSMc9znOM5GPE7jUzLJceeCEw6RMF6KCcAnAHA6kDP8PuPbZ/EWjW4vbUWsNwWtxFbvJjewKhQiqOjYOSxwBk5wFwPA9VzJeTRRxCKJSzKik4Bc8qCO5Ocg8EjqTkn18ujK9Rzi4LmvFt2Utk7Xttd+enmjgklFRs73Td7NJu6XVWdt110T23z5pzIiKQyruBTGMt02bs44yWHpxyK9V+AsjSfGHwABksPEVj0YZOZkz7cgZyBjueleRrBMzFHikBC7huQkHGDg54AI9SPrnGPZfgAir8Yvh7IQpY+ILMmMnBULMgBByMngnGDkZGSc17S5ZctuXdaprZNNLt+r/PCKtNb2T07bRW3d/jZdj+hDVjulZmLFfMVfLYbuQvCgj8eeSGAzgdasFurlpNjNvJARgMqAOwCjJ4bnpkjI7nS1VTLM0jtmNpVIWMAnoOgyWByOcbeeQODT7WJYyrYZmTzGYdwCpPHHcYBGDjgYxmvrMJy+wgmo/DHXbdRel7q1rq1/PzPmsfJRxU9NL7ac2nL1auk+3VXTPN9XYRySxony7gqkDYqndz7nBzz3HIAzmvM/E6rHbkhD+83mQnAy3oM8DrtwPXIz1HqertvuLgOCTub5QB8oJxu44Dd2GByDnOM15R4pmHkqMARgSZDEkMAGxg54IwMZIA6nGTWeIinBu3TXRf3Va/S+vTpu2zTAT56qTtd8r6b+70V9tb+m+mvzj4ncJ57KMEo0YTcBtUAgHAOW6bhkZAHP3RXwL8WZBJrkTAqI1t2XcRkEhsEdcAruJP+NfdviqTeLiVfmZEkAUDKgAEZx1wOSCBjk49D8C/FU+ZrEZWQlPJIIAICsz84z33ZyAOmSSRXzVZWm+XbRvstrq+nmnpp06I9+MbST0b0sr66OKvtd9raWurO9jzWMqAMhSoV1VwCcyDOQBwcdOecdPU1ZWQCMBixIYc7SQN2ccdDwSeh9S3FZ4JSMgZ3LJtznOCeg4GACvqeeT0BzajjdWCszhJAMu652sOjAY7HvjHPTvWZUk2lrv17vTey6/K722NFXKCNWUl9xYOOir/CGJ3ZGM8ZwTg0jSxCJHdyxDMq7/vRrn06bcgcjGRjPHWIlofmSQSqH+VmUll3AAkj7wGQAMYyDn5sVDJEG3bdzjKliOM8gsBkZC9ecHIwMDg021HXbZ9etnbfa/z63JV7qzskno3frfpbba2jtvoTq8iqGbaRyIy2PmJAGSOwxnaR0JweAaUTsrxguJUMfyrjIDNjJUdQo5HPJ6g9c1ZC3McYyGGQucFVCnOCT1yGwOp4welRIu5osFl5PORksv3S3TqcY7dycAEuMk+VLS9rtWv030XfTXVPXqldk99dk+l9Vq9L6JbWv+RswziCLICuPMOQVySzHBB4b5V6DAA7N61O8kO1ZmDMcCLYMrtLcDH8O5T04+hJGRlWxZd8kjBuWU5GAvOAMLtJOeSf9nIxnnUii2RBppFJ3YCEDoQCM9wRjjkYyRjPAuM+WzT3tdu2rVlbd6atapttppdDJpPV2l3bVlq46J2urLTva713J0t5oZFyVAeMlvMfdnfyAoLY6DoMkZznjNV4ZdjlpQ2wb1WMgblBPLDC4wOMAnJAOAOtMt3kkuB5rnILMBnhVAwCADnuMZyABzx1SZ42kZlgLsoC7/4SM8/eHAJOCfXGfmGKpO9m77XevR6p2e3VXu/n0yUI8z2eyd9OqV09E7du11uywz8BIy21xvDEhcjIPlgsMc8jaB1JyB0Fq1lcyMYAQu1Q7HJ2nI4wc8sTzgHI3EcfdqBkmaFNwMaqAigYbfhgACCTjjbznjd36pA5tg5YMuJCWUnBbPCN69R6nIOD2q30922iv0urKz9H+Pe70cqdm3zXcndv+8uVNeTVuZa9GrWLLEo0sEgjfLLIzDqoOSAGwQx5xgY54B6VJHalkMhLRkMxVg6qoQc7QeCGK4xzgjvVCCRGErMGcb9z5znOThV4xgn8ORxk1ZWVDCQA2zzMM4zwODgEH0HY4OOOQTS1ab3tdt3vpeNvxfTu97Gc1Z9F5N9lrfaze/3rzNeC5laMO5WNGJiJUgsAo4JLE85OSTjgnBLDnPnaXeY0YOx+UoCCCF+bceoPABz64A+YkhYxHG6F1dYSu8LgkSYOd3J4zg55B6knAqK4QCWK5gGFBICg45YkgNngqBxnBzypNVTlazsne10909PhWqTT/LXoYqD5r3bdrXWur5fLWzj8kntoye4LedAsTL5pjwxZR04B7YxgcEY74PSrGmXEVnKXMqF2do1iY8BsbWbbgAAkdccjuT0oSiSWcTs6hFVAoztB2/fHqQOgB6HPToGRW3nXcaqrLHMSXbaCeTkEgdRjaQMY6d/mq5Xbs23fbV2TdtXp5pJLRW89BSlF7u91q7rdq3S63TWqS00ez9B0/UppWTccW0UmGCAEHd9RuJUAfwjI59q0kvZ4tQREmWYAM/kEDbtLEAEN6BhnIIDDORmuRsY7m289oXMscTfOSw2gqcA7efmBA3Y+b0LY+a2ba9kljuY3DOVLvIrKAhY7gTg8LyMjOBk/KAAKxSdOV09W0nfVK3L1V0tbpaW8t7XL3opOTk+mt22unXydrbW1bO60zXdQt5nngmmhkt5A8YjOBC2Qxk4xhMjnHY4wRnH6T/sr/tHax4V1/RPEdjqE1rrmg31pI7qX8m6t4nj8yNyp3BXTdkn1Ffl3a3UwJgGwSNGoZ1XcsgHDDIBUjqBywAI6ZwO88GeLH8P63bTRzpBCjiK5C/dcEgMuMgDbjGR3PXGTXvZRmdbAV4zpzlCOikrvytrsr66bq71tY/NuP+EMFxTkuMwWKw1Ko5Upez5oKTjKytqk7N773TaaP7VPhpoPhT4hfHHwN8efClrDJb+N/AVz/botCqwW2uW8e24zjaA7ODuB5PBPUqPdNRhM2n62uCWR7iCIAAhWkZgCTliB0HzH1PrX5af8EmPiD4t8V2fijRo5JLnwd4dtP7RtLsu0ktvcXcZVrZGJOxG5YopUbjnggAfq5dXp+yTW5j8t5rp/mZBvkRWJy2OOfbPuARmvbx7WLruvGPuun7SyvZuUVzbbu7vppda9zo8EMoxeScJYfLsVVnOphcTiKdOU+Zy9lCqo0YttP4KdrWVrqz7j/wBlzw9d2PijxxqRLQy6R4cmW4dQAzl0aQoCApUYznnOc5Iwa/Lz4D/ELTrT/gpFPcalPBH4O1/xZd6LrkF3MTDIbm52oxRz5YDSgHO3nAOCK/WTwz4it/BHwn+LHjAvHbu9jPAbknYyMsToqMcAEliMAZHTjGBX81+pX97L8X9M8SafK1teX/jKHVBcIzo0mNRjZZN6lTgqW7857jp/DviBwrQ4vx/iBg63NUhXyutgYqK+CoqLlTcevNCSUk0rpppWVz+1smzqrkWB4d9m3TlKuq3NGSTabULvquZN6d1p3P8AR68KjR7Lw3Yxae0EOn2tpGtoINqRPEI1MZXBAA6ZAJBPQDNeFfGD4i6Vpel3aJNGWYOjKx3lVwckgE/gBjIweF5rJ+HHiZ3/AGdvBniJ7uBseE9Ku7+aeTaUla0iDgyMedxGcE9884NfmB+1F+0PpGmi20bQbqDU/EGtyPCtpplxHdvAjsAWkWIs25VwW6FeDxya/wAfKeVZ/iuIcPkOGwlSOEwGIf16soytThSrKLu9Un7rvd6p7dv2rgTh3DY7NMTmuOrymqdZtWf8STcXFar3nJtPr9zZfk8FWHj3xFqHi+7tRPb210yWsu0BDKZAdxDAYwRk4xyAFxnjyH4m6dY6VHdRRtG0pMgffwq8HbtGRwNvAGGPcDFe7/D7xhNp3gqzsNZsjBK9mk52qQ7mRCWeTZjbIp4GfmyAOMYr55+K+ueH9TeaEStDKwcxZBJkJ+XcwzwM5wT1BPGMCv8ARjwjxGNpxwuGk70sPTp04JSuko8qjeztdpJt9NLrQ9rjTA4eca01CKuvd2d0uVJ6aNtW/Xq18I+M7qR3ukgLCMmQM6FSPmPBAPC89Tu5HUjGa8BvvNs3kmuALiOPBjTJ3FeSeOBk9DwDxk9xXrnjC2nW9uBZXa3PmSSKyFsDJZthcfKQDnoRyRk5wDXgut2upo0ktzC7bQUYJvUKSSQQVwvoc8ZwD05r+2uHK04Uqb5r2UXq0kr8t27JrS93pvr0sfy/nuGjTqVHFbN2so2d3s7Jpq9r22a+RzXiLxNbpbyxJDNaNJ5hkKuQqgqchVBAxnHQjGCME8DxG7nnv5XjilWSOQB0LOASwAA38hcgjkHG0+nWu+1CORmKXkLqQ21QcMhU5yAD3GCQ2ck4HUsaradomlSzMQzQswwAyDBYnkg43AZUDHGCOQvSv1PLsRz0rS05UrSVlf4draJ73uterWp+eYrDucpvRNb20vdrtvorbWvbSzOEtPDmqXG9toP2hf3WAGyRwFG3lSc8McbWwecGoJdA1izt3aSCSJogybvnLn733hgZ569Mj5WJxivUZNMn06FpbG7ZTGWCqwz2BGwn1BIUhh7jHFVG1nWGtjDeW0UsgjJjdiA75OPm7YA5JOR34xz7FGt7iS21aTla+kX3vo03pa1mrM8yNDkU0ou+jV3ZvSGuzVua6um00lvc8dTVLuBhBKZ3aJTucuVaMMMfLg9hz79RgcU1dZ1FWjuPtEzQITGh35VyTwHUfeGcEgEkge3GtqyqJhPPYtEjvh5UyQ56kKPYD8MfgM+K4sGVrWLytzOoi3DAU7gRvB4GDnaOnQms51W6ad22tFpa3La12ndtvfWze6Oem3d3lLRb235HFxW7VrJJ3u+7Ri6lqU07pB5MiMrJIzoc5Y8K+GLDGeQMcHcc4+Zun0a71qyKFXa5gcARiVsgkn514ABPbJ4AGOASK0U0Qync+1yFTaY8FichSXzj5epx/wACyB1sWK/2XdFXU7Q3ImBIDBuAuR97B3Dj/GvDr1FJyWu9rbWtbpqtddUlbTsz4LiDGKeMp0mlywvHmWjvo7pO115vS9tX1vXGp3D7fOtERCTv2jlHOeAmeOCDgY6YGAMCS21K1sW3NG0pAH7udNwQcMxBIOABk45P9eqgl0++ZCYxGxXcSsefMdSNxPGeMHPPJJxkA1JqdppEsDgxIZAm/cpKsxUAkMA3CDrhcZJAz0A54VE3ZJXVl5uL5ddUut27K19OrZyUqKnKnNWavFXen8ltNLry2189Llld2uoqnkoYhsLKyBtpycBUG7K4GTyeQD0HFZt3oOoSSgWTiZpWZgpPzkNnO4NyNrAAdeOBkVd0bVtDgtI4TEiywoWAVgpLc/NnIznAyOo915rptOu9IuzE8U/l3KvhgrY2DOMjPXBxwDwCcdSD6+Fiox5pK93G1vd2tor3V1u76a33St+i4Gg1QpNSu/cu07Xfu31attdq7Wmu++R4b8K3Zuy1/FJGyAZCgMWbhuFAOVbHTaR0z1Netwb7CFv9HUQ7hsfaQ2SOnADAnqM98ZKjrmSSSaZCJYr+JmDBy0gCyHIDDBbI28kckqQDyMjbS/4Si6ZWR40lfhmABkQrxx8o4P0G0c8V6M3GfI00o6tdW27Xu+6ulo7PTW+3tQpciirt697aWWjVn2vZcqvre6Rbn1QFlt5xiMIXQHD7yTgBwc5xlQASc5GSMnEd3Lp108KTwRwSeVkFEZQ3yggcDocAkfKctzjtXk1GxuYzLLaZkBZiqKQyAKckNgZUEcrk7T9cHEWSxvGMguJECIy+SxJbaSCCOT0/LAPbmuKtXjCajGz1ircyb0cZPXpZaW01e2h1Qi5NLTm0XL21XM9X99vTsjBvbuyedrYxPGASpkjRgjKuApEYClg2QOhzng16N4R0myh066l3uJ1JKwkbf3bDcGAwpLEnnIOc8day49DtbqSOYyrOW4RFxuI/hGAAcoecAY+vOOqsvDmpOIIoCUfejLGjEFlzgMx3HOBjGefbHNeRmGMhGN+ZWT93fRNrtdO71fr3WnqYbDR0coX1W8dbPltd7b6vf7mx8Hh67vEEjrJHJIWWFWbCuobJJBI646tz7jgV3+iaaNBGWSQsVVV4IBVsgqpRQCQScE4z27A9dpei6vbQQLeWkU0iAYAxna4zwwJB3Dg8nkDoRxtm2lmhljls5Y2XCxR4yflwA6uR94t09lBPcV8Vm2Zwpyik9LWSeju0tLPR9lrpva7R9ngsrlOnTcYPmaurtJK6VktFddFfbW25rfAn4O/D342ftHeHvDvxAsYte0HTvDd3dXuk3sXmW7l1zGZOMkowyDgYIz6NX6yar4Oi+Hfwp1vRPhlPcaVPPrS2Nlaae0gj+wxNtgtYt4IiMagBDkcEHjGK/If4S/EzxH8Dvi3N4ku/DrXmj6vpbWJ1VYwZdPYA7Jd6j5U5HmZIBGRjAFfo5L+1T8P9J8F6dceItd0q+TV7e/nt0spkFzbajKMwGVAwdWiLA84O4jtjH+ZP0oeC+M+NuPcvxGWxr18korBP2D56mG56SftFKje0XeXvS0buktj+ivD6rl+VZJy1nCliFUl7WnOMVzap+8nZzUbp3vZX73b1PiWdaX4UeAtL16QS614g19mvEZjLcBYBGAJGbO8jBYnJAJHQD5fyK/4Kla8ulal4G8NXDKi6Zo1rLFEzKeZlCNuAxyBjBGM9+STX69eLvE2k+Mx8Cl0+UXCm0n1K8AeORi0mCjybS2WOQPm5G7rlSR/Ph/wVi8a7/j/JZXZHlafptpBHCH3I4QqRnrtyGA6Dt34r/RHwNyqeT+EOU4GrRVDESwyjOnyuKi+ZRlo9knGySu+p/I/iTjFiuOsXV51KnSqJpxenL7rtpr7t9LdumloPgx8Qrvwd8O/EniC0vZtPmeBrJJLK4NtE8dxH5LiRFZVk3ISNpyD0Y+vsXxF1LRvEvwQ8HaXp0cSXrX8cryRkLLfyTkTy3M4UAAB3Khn67Rgg4Ffml4W8XXniLQ7HwjpiSNLqGp2yi0jDkSIGUrGVA2E5+9tBJyc88198eH9Nlt9P8PaVqUchvIr+ONYMEJCqKqbVDLjCkAHj5iuDu5Fezw9w1QwGZ5lmUYKNTF1VKrNJK/JFW5nptdtX5mnol2nOc7nmdDLsHzOVPD0Ixim72k372j2umm11tve6PYP2fvhNrPiLVIdRlEsWl2ZjDLHuCyTRKoXarYDZKk5HJB6YHL/27fEz6Bpvhjwqm+CImS7uYo3J89raFfs8WxSDI5dB2OSWBHAr9B/hZoNj4Y8MWs0QDSmBbmQKqoN0yKAcjGdoIGPbsFwfyx/aDEnxv/bG+H/wy0kvcxLrOjWNxHy8axy30UuoFlAwQttvdicAAZbpg/X5FSq5vn2GwfLeCrQTWq5oqSbb8tL7LVJ6XPC4txdLIuE8fjm+WUMNOzd0vhbbbT2urvTTrYyP2zPFs37Lv/BMf4e/C2K6Ol+Of2jtam8YeKxHIIb3+wAPMsUnBzJ5LIQuG+U8ZAxx/K5qT2mqTz7FDR7gv2gYEmBnggqevY8cA7eTz+03/BcX43W3jj9paX4d6Del/Cfwc8N6Z4D0mKCTNss1hBHFclFUhVcSxOGOOR1HPH4VW8tzEGZYnaNXLzEZYFc5GdvAPbHXHrmvsfELE+2zClgMPNKhl1CFCMU1ZTSi520t8Ts20tteqP5/8LcsqUMrxGbV9cRneKq4+o5/E41ZJUld20UFF792noddZ3dvaWc0BhEuXADopSTCgDJfP8S/md2e9Yeo3i3SSNEERIRgpIwdmGAMZPGB045BP+yuceXVo4rgOhljEgYqCNyAkMCCpBySTzgcbie1UZrzz7iOOOFYy2N7AAK67gckE5BPG0ggnoeDX5nGhJTcpNuTs3qrpvs9L9bLV2W2iv8ArHLZpu2qSvfS6s1r6a2/HU/Zfwcsh+BXw/8ANjD7tPG3DHywOM8D+Id+DngfLWZYKxlJTcI43O7JH8XpnJwMEHJPGM10nhiDb8CPh2yqQo05MbTlSzBRnjGevIAPHT1GHYCMSBShBBwFG7JwcMGOcYY7W5I4GeeK9HEWdOKttGKktr6w62u0tErd2luj2cvlfk7ta7J/Z9G118rWWljk/EWVklVMB2O3ahySHJ+YknBBX72F4GOAprM0QukoclcREY5wd2COSMZz1HoCQcA1reKkCzxywnnLlgMfIVO0ZI5PvzgZJwRxWVpL4mJcRs5KoU6HONw2k7cnPDHkjBGCenFHSmmotJJtXWjWjvfpZvzv0sz3UkpJXTe9+jTtd230drb2s2tmfSPgf52gZgqmLa+3GVKt1JOOozwMkdSeSRX0vosbhomhkXbncXQnaNykEDIPJXjHGSOnPHzR4MhzHbzMWMeAGwcKoPAUYOGYfKed3U9O30doQMMVuULEdHZlJAwTycYAzk8Y9lxg1wyclU297SO/LdXi00op727rqmnfXsjHW+1uVa3aV3FK2qbs3snpv018B/a6kEfww8SRxyEL/Zcr7SACSV5yD0PBPPAJ9Qpr8BN58yBpgjkllTapGwEkYZT0IABOSckD2Nfvb+1qjf8ACr/FMzSDLaaVHzDnIPIGeCOBz1x/tcfgPkvyPl8hSTg8uck5zjBDDAPJGOuSRXo04KNOOt972V9rW8tFzO2lntofJcRSUq8bbRglql72qtdJOydm9Fu0knZW6Gzvo47jyJJJJIQ6lzuwoHPy7PUDk4OOenU1u3Lh2KxxbIpULpKq/IyY+8AQeSONwI574IrkLYCMFnCbpFDskmTj5s8HBySOD2zXRDUXmgwIzE4iPlKo3AxqMMAW5GeD3+vQVz1IvmUo2S3b6/Zd1rZbXb0vbrufK1IqLTVou6u0rvpu1o3s2tF3elyqtpbKJCEVJDGC04G4HqcY4OeCBkA5xk85qtPp8SxJMhZ2YFBgZaRuSJASOucgrn5scnOSJ7e58xWgC7N2DuJLAKT82fQgcg4I4OMGrVtGXZkLOpQhoi7L87Bu3XHBzjgjJ9cmffiua700s3f+XXzWq09XtoSqtVaNycU9bptaWvra2t1bbp5nH3NiHiT5GjkVtxIXO4A5y3se49eeCcjEubWB5HiAKFVyCAx3MwyB1wOhwM8g8Z4r064tbi4t5VB2yQg75EAJkByCPlxgA849P+BZ5V7AiVySshWLdHj72SM8k5yQQQew74ArqoV5Sdm30u2tvh1T103uutrHbQrqXxN27NbO6b0XTe1ttH1scN5ZTO9ehcFcEMc8HgDnsckFcdWyOHCM7FZRgnccvtOV7juBgjOO5OR0reSyMrFpx5TNKUdz2GOFHOMnPOB6ZJBIqK608rIUVmMIH7vcpKsVwTjHQcknHXn1rujUi7apfd+D6Pbfa9up1qcZaJp7bWv0fLr12vfZ2t1MJo22owTAJwTuxuyT16ArgcduvOSMuKEE+VkhcPkEfLtzuyBjGADyw5GD7i8jbcqFUhQM7uSuWGcY45yxx6ewzSyKip5kADs+QcZAHGAuMDoc56Zx1BG4ty1SUbp6u/bTstdOz9Nylp5+u6tbfv8Alr3TMlmaTLOcnJI9MjAxjsDjn3HvkKGbgZzjHy+5weOR2Hy/r3phIzjqRnkYxxn1J7Z654PHWoySe/Hp255P5Gna9vl5/wBeX37pAbQmijPmLuk3gLk/KVYAE4GV7g4x2OASQM9f4X8Y3nh2Z50zMGXy5I5iMFS3+9uBC5xjBzx2IrzkOynIOTnPXcvfqD3BHGef6y7mOCTnJAPQE9TnHT6np6ZHTOVGFSPLKKcXvvpey3vto9X1e1tA327f1/XT5H15onjDwtdI9/dky3jQKGtJgrAYXGUcj5XQcZJBPU11fiHx94V1PwjDpVgrG52MjIxQbSp+YsQOfQZJ49R0+Mba5nTYIpDnbyAQSBt6HI5C9fQkHtXX6NJLwCyuSpJDBQNpwW4wMZIA7Z9BuJHnVMIqN5Qdmtlq2lZW2au9GrPVX1slY46nNSalGVt9L3afu3T11att8/Il1XQY7tZb20McbOTmJiBj1GRyCThgvPPzD1rz26tp7Z3idCGB3A7SCBk5ALY7Hn1444yPco7SS4gEkcaBkIZoh2UHr+gwOM4yPlFSS6Zb3xTz7eNwybXZVAZT0OeF5JGeMjB6jOG0o42Kly1ZX5bK8VZ206u9m9XZ7aa6Do4m7UKi3SfMtLLRPydn0eq2et2eCQruciTIYxllGeSQOMsTjjsMfxHrjNI7oH+QZ4+7n5cj73Oe36c84HHq2qeBIH2zWTGNfmBZmO0nspUMCMHHfb7HgV5xf6FqWmyYlt2YZbDRAlWUZHOB+f8AXg13wnTmrxl20ejXqv0V+7tY7G017r93fpd6R76rf0fNp0ZRD5WRV5UMpG7IJO0jnpkdwDkevGasQyfK0ofay4VSrEcZJJyD+YOOvTFZj71yHBBbBIPB+u3jGcdwCBx3oDtjaOh6nvgDHqB0HXuAB2rTRq0kn209O9+36Am11b262vZr/K3o3e60PXNIuY762jjfKyDaGljJcnaQq45PbrjGfcc1tSMkEg27pIggLEnaA543BQBgAHBAzzkknnHk+jaqbFmCkgscgYJAOfYjPQdcAd816Ha3rziOGQho5SCXUgMpIGAMcFck+wPU8V4eLwsoylLSUW7pR76Xfe2iaW6e+pnJKWiSutpPorRVrfhfqlZW1S65NZfT4lnttsqRxAHzugZgobng8HOCvHXOVwRfHji9lSEXszi3AZY1QYZTgfMzHkr8vTIGM49KraYLORhaXMQ8homYI6878fLyMjPHQ8+h4wMzVbKxtbL7VEp5kCBWBEQQFvmUPwTzjkZyDx1B8f2GFrTVOrSvPVQclfe2q0e3WzVm+mymSnBe6le1mvNcqVr6bt6X2ts7X6PVLuSfSFdLh5SQuI8qAiufuPkclgRgEgghe4NN8PXYjvtOEhjtDbMJkmxsyA2dnJJy4OdxwGHGAMiuYgvs2ivDISgcK0bjnoMSMOmeCOB1AYYJxVy1KS3EInk/crlSyDIRmwQCByRuIyTnGecAElVMIoYath7PknFxtays1GyTXRtJ6O+nmrKnVlCrGSvdOLdtU1Fwvd2uk2rvs1Zu2q/Zz4B+KdO8QLoYj272t1t5Zt4MbSBcfMOQSxXr/ulevP6LSeBPDPj/AMN6hDeW2nSfZ7Mwz+YqFncYCOOD8ynJzgcA/L3P88vwY+KV94F1rT4muytjFdKxRmUq8RKgMoOTvxnOOeNwxgbf2Z+EvxLbxBe2cOly/wBotrsaQR21vKVU3Ei/ICvBUDK/ewMg+lf5/eMXBWdZHnP9r5fXq4alTnLE0sTCUqcadpKo1OVmoqOr1ulFa+X9S+HGcZVmmXQwdenCpXfLRqUpKKlJzikpJKMnLV8r91u7WrP1v/Y4/wCCffwyvvg/qOvRQabqni+9kuhZR6fIsN/pokBWP7RGSfMjB2liVK4JwBtzXxN+13+yz4V8G6ndeC/jPo9v4VvL/wAptD1lI4xBfRTDbHOkxBVWDFWk2tgsMEgcV9KfBX4zfEv4B6rNqcujXkN3BCzW0CM8llcwKh3pcQgFFbZ95wpJycZA4+Wv+CuX7Q0/xy8NfCXXLxm0rxDNbXCS6fA2IoYYlOxAxwQ2QHBY8HGSK87wp48q4rjDJqUcdmP9qYuu6GNxMcasRgMZShBzdaMVJ+xqwcIp07JNOTUnqfpfFXDOFhwrmFaWCwkcDhcJ7bDwlS9hjKFdulBU5c0UqkZuTbabd7XTTTf4efH/APZB8Y/DO4n1rT4zrXhCVi9jrOm/6RGYXO6JrhYiwUhCDuBAOehBzXw7e/bNMlmguoXQKwId1OcDIAA6nJxkHkL1+U8foB8P/wBpfxn4DaTRdeuJ/GXhSXfHfaRqTLPHChwhEfmh9pVcbcEAgAjFTeP/AIZfDz4x6LP4o+FN1awas4kkv/Dc7Is0cjAu6QICG2gkhdqrnBAA5r/SjK83qKnSWJnzwlFWqpXTvy35kr273vpd+h/FuMwuHnOpPCLkkpyTpNqy1V7dNOl1rtsrn5n38vmbmyTgZyuSOTk9w3HHHU+4Fec6hG4kdyclBlmG0lgSTz3+XJ56n26n2Txb4M1fw3dTWl1DNazxzNDcW1yjRNHIMqQu5dpUj7rY5GOc5UeWX37sbSFRlG188kjI4wB1PYg98NyDj6qOJjUpxlFqSai009OVW39V0fna1tfL5ZRe1m97K1tvN/lppbRO/OpIyhsttLBSrZYkDsVwf4sYyOB04yaRZXOPmI2g7cdGHbPcHoM5GevUcvmWN5F25KBT5hwFAySSB6YABIJyFxVdyQiBcBSAGYjltufcdTgYzkgnpncEq7vd+S01vrG7aei7X0fz1Dn6XS95bXs721e1ut9b2dmla5q2V95UpOC5J2Y3HIbs4/2unOTgZI5Ir17w14rk0/YiSSebwJATjBPQ56ADsTkg8nmvB1mYPkEDaR82NrAKccEAdRjAPOQB0AB3rTUQ7MFISU7cMpOCOeuT69C3HOOgGcalRTaaXK0+q1emz3vZr19Nb1GaVrJqWlu+lrd9t7rpfe5+gfw8+Ot1YKNI11l1TS2CxyQ3LB5YUIIJhY8qOfujA4+Xnp9DWT2+oLF4n8D6oyyQmO5VLa4Ed9p0iFXBhZGDgoRjA+bIxk85/KLTNSmhlYNIVYYIeQgkjI/i/Tv3bgZx7j4J+IuqeG7qCeyuniKPueIOBFcJxw65xhuc7geM56AjzsdhKWOpOnWhF3VlJpN2b2dr6dPvv7up6uW51jsrrQrUMRUpyhNOMotqSas7xcWrWa0/Rn7d+D/2jPBPxk8OWfwh/at0ttSs44vsHhr4pWsMcXiTw3MVEdvJezBRLcQQSbSwkL5UcjsfG/G3gP42/saa7a+LvDOsSeMvg7rEyzaJ458Pv9u0qe0dgyW+tWsfmRwSlGCzLKqk4bGOTXzj4b8b6B4/tEW4EVhrBQDeuwR3EhH8KgAEEgckZBbPOMn6T+Ev7QHi34NzXPhfxFaReNfhXrINtr3grWil5p81tJlJJrDzkYW06oWMZj2HcA2Twa/OMZk2KyarOrgIqrhW+avl8klCaunz4eV7U6lrtJe7Lyuz9/4e8SaGerDUM5xNTAZpRjGGCz6i1GrCSt7OnjoWar0G1ZtpyjG930PbfCfj74a/tDWkN7pl5YeBvivEokUpKlrpHiJgAV2qdgglmY7SpwA5JJOeEur+ya6uvAPxW8P28N+m8Qy30Hm2t1GeAILhwYykv3o5Y22gnr1FeOfFn9l7QvEWkzfHH9ka/utX0GInUvEfw4juCPE3g+dR5sz6fCjGW5som3FFjV8pg44zXDeAP2mofEFnF4G+N1hNrljaN9kg18RfZ/EWgNECi+YxRZpPIb7yy5Bx2DA0YWrRx8VUwlSd4L95hqj5MThpxcW48racoq20r3+zJ3P6c8MPFD/VvPMJl/FTw31LHckFi5KFbI80i3FXqRd405Tj8Ukvcbd1fQ6jxd+y58HtZM9zZ2954aad5Htb23Z3t0m5zG+CfkBKspByRnBB6/MPir4ReI/h0q6impW2veH7W4U2s1szzSsqSY2zwqWYBlx0A2knJK819vNcXOiacL3Qteg8aeC5m8y0lDrPeRQMSWgvYhh4pYl27pOFzkH5TTbKx0vWNNmvtOltnV2LzaTchXjCnojK+7BJJXCjjAJxwa9XDTrYdqcq8nFtpKUpOKacLXUlzKWl3FNp2STWp/dvEf0a/Bfxo4XljspyjLckzrFYV1cLmOV1YU4/WHSUouVKknSrwlNK+kZWemu/xT4fS51q+bxP4OmufD2v6bIkirbZVfMi5PC7T8zKSUYAHnK5zX7wfspeMvCnx88DW3h3xXcWuhfEnRYVtplmmS3u9UMS4S7hL4EjMVBaLDOCT65r8co/D8vg3x20ktxFa2etyCQ2ChVMAMm7AAwpXbkoy5BUYyeBX1v4Ys59PudN8Q6HcPYajBKk8GpWb+TLFJGSULlSDt4G5e/cbcV9HQxEq0IVITcZLS9rWel003ovufkf4p+I3h5j/DbjXOeFczVsRluJqUm7JRqUr3p1IJXXvx5ZPa19L9P1B8TfDfxf4DLTXED32lqQUvLRWZkTJObiMZIUA8gggDvyCeJl1q3uHV2b7PLlSsyK8ZLdCHU4Iw3BVu/Vcc16b+z/APtUWPiCCDwZ8YBFDfzKtnp/iJk32N9kbVW9U4VW5yz8KRliRkk/QXjX9njwz4iV9X8NvFp011GJraaFlk0y7JAIKMvyLuPOQcjtk4z7GHx024U523SUvu33te78nolqfnteio3aja97NrvbutObfT/K3xrJqKPEgvvmiHmBbqLcxGcsBIvUg9T145ILVguYgu6Ft0Mkp2hstE6nPyLnLIc8A5yMgA9a3PGnw68b+DHuf7T0+ZrU5EVxbpJJazAZCqxXIXI4B9QcgcE+Sxa1cWS5kR1VGPnWknQDI5jLcjAGeMADGcNg163Mpu8JaJ2aUlZ7Ltpff5pK5zckJJJrorX1WrV7X0v93ezPW/D+s634P1a213wxqtxol/bSowiRysE/8QjkX7rqxABDhsD0G019+eAfj74N+JUNt4b+JEEGgeL5I1jttWJWOwv5DhVYyjaiOTyQxxuJr85NG1rTtag+SZfO2g/Z5DllA4DRMOrZ5K9cZIBq5dRTqiSkxygfKCrbZIDkqJFJAZG4JBGMHaB6VFRJPmvyzSTi09VHRST2TS33ta/w7vkxOBhWi4ytyvtq9kktH2eiaav2P0i8ZfDU2QkV7VLyC5AktL62JlDIwxkSDKyJtJJ2nB56HFfNviTwfqnh0tcafvubV3LmONFLBhkkMpHEZXKlGBHzdVGc5/wm/aM1/wACxR6H4qE/izwbzCIp5BJqOmK5AaSGZtzlFQ52NnAUAAcY+x7fTPB/xF0ZfEHgrUo7uGVd8loXDzQAo26G4g+8pBODj5cBirEhcaUce6aVPEJWejkleLTSb+bV9Gk79Uj5HMMkq0W6uHTtGzSipO793e7bvbporaptn4a/tSfsn+GPjjpd1rvh+0g0PxzbwSNE8KolvdzxoSIbyNANrSsABN1yQST3/n68feCfE/gXxHf+GfE+nXOmapp8skNxFLE6JMI2IWaBiAJEcYKsMg9Bk1/Zl43+Gt1plxcanY7bS6Vz/o+0FJ1IzgknDMcEHB+Vl6jAFfBn7Rv7Lvg/4+aDdQ6jZpoXjXT4y+laxFGqXHnY+WKdlCma2eTAy24gckDHPtRjCShOjOMoNK8b3cVp80lvt57XObB5pOj+4xbcJaLmlvdNK2ujXTbs/Nfy+tEWYmNWzwT8oUAjnPKgrz39Dzjob0ZMQcNlsrtDAZZjjoRhhkkjIHX5uCSSfZvi58EPHnwW8U3XhzxlpMtrMXMljeCJjZahbAkRz2s4GzcV5K5yhJHrny/ULaJI4jAwMhRS8a9UGTlmzja4HHfJHvkXySjZWWu2trppX0tbzTVtdFpqe7SqSUfawmpappp3bT1unfX3XZL8rGSs2xxuyoVRlCGJIbqQOvYDBOcAZwMEaabJ4iJnJjL/ACFQWK4HAGd3OPXjn61UkdQAJArAsrhmUhgpycgg9ckgg5BJOccmp2CIrfZy4OV3A9QSeoHGeBkY7AcU1Ta1tdS3T8uXRJ6W06NXtuepgcz1UKklZpLW/ldNfDZXe27V7bC2qtbNIYSchyAGJG8MAQACQRgjg8YJySec3GlW8yLpcOXUK64IG0fdIyCe4JHJwevFUsvGOofBDqWHzMx5O3k8HGOgC4xzkkRyNIhYMCm8FywIBznI9gpyRnAAJwwyBUKLvfo9NLq0drK1/Wz67dD6rDZoqdOMFJTpzfvU5NNWduju13TT6+ZdFm0kgMAzGBhiGJVGzgYU5PPOMHge5wJJ5ZAGjCbMhY3YgjcVJwMEg7s4yePmzkd6it3aNXaEP8rKdpOATk8kEgkbm64A69c4OlH5F48klxKsEvI8sEbWUYywycbhnAYdyR1p3cZJJpX8raNLVrvdWvru7Xvc3q4PC4qHtcO1Tq/ag9norNX11drXd1b7s42yh0kaMgAKW5BwG7jrnoOQDkDPOeL0NtEAHLsAxOI2GTtA52BuABwfl+hFPWKWKWNeDEBwWOVOSOuRyMYOMsAeh4zU8cAunYuRHJGxCDBxgdTwD0xlB0yQSMGlKkpW91O+60f8v33/AAun0ueHVwk6fN9mSvdR11fK1a2rdlZ66b7aHYeC/if42+G+oxX3hXWb6xmikWRYBM3kyqvzcxZxz3yOh6V+h/w9/bL8AfFLS08GfHvw7ZXIuFW2GtNDGJIi4KkmYL5kZDdwQu4cgYNflvcLdW7t9rEaAEbJXAPyk4AYgd8fl192RWyXQMuFD5KqUYKrkkZBAH0KsCQDyBnIrhrZZSqylOF6dRX5ZQXK1s1Zp2dlbRtq1ktjCniq2HnyzTq05WvTlqmrx91Xd9t7Wb31P01+K/7BGg+MdMk8ZfAbXLTxBp1xGbg6Us0b3UAOXWOJt5IAztwwJ5POea/MHxx8HPGngzVWs/EWkXlk8V/GLtbi2dHCwkBmBI2upCnDDIzz0NfRPwi+PHxF+DN9HeeH9YvJNPR1FxYSyu9s0Z4eOSIs204bAcBTgcMOtfo9oHxy+CH7T2lJofjzTbLQfFLxqkd5IY4g8+3AaKQ7cguM4ckHI5OOeKGIxWCfJjYOvQfLatBe/BLlTcl9qyWr03epVbKcvzKMpYe2ExTTfJKyhNvl26dWlZ+Vkz8GLqS8tjL5Mi7G1RJn42SJHCNsTYO37pUDdjdkKMEHIo6Prs+napaXkqi4UXd/dTW1wgdJ2kR41YZBXIJVhy3J5A4r9TvjV+wzqumR3ms+GPK1vTrlmuYZbEgzrBgsqhEyH3ADlV5+9g9/zg8T/DrWfDV+LS+tbiEQiYOssTxvD/CEw45IxkjGQpAPHX0qVeniOWph6inFKLcb3kr8rd09U9LW1S1W1z5XHZbisFNxq0pRTfxq7jK3K7ptXSbWuvfZXvg2cuj3jaerNJYyzxanfX0wYlGcO7wxJGOEBXC7SOMdMA12tnZ+MdCh8P6tpN/Jt1+Ge8061sJTJceTbPsZpoFPAGNx+UcA4wTivLnsJYobuYqTFBGsIdl2uS/U/MOozjPXoQTmur8LeKdQ0TUtNvd0kzWNvLa2Mb/OI4J4JFeNBkqNxYE49SeTjPXSxXJOClem9LSW/wBm9rPbTW3R2Z5jhK9/istbq+ltP5rK63Se+7e/vXhT9oHUIHW18VwtPFGwhN7CnlyqYjtbzVbAYrnkD5uCecba+i/DnifSvEVqbzTr+3uoXAcwF/36Fjlcw5DZPP6ZGRXxna32gatpFpa3lpbifSbXU9RunlKLJfXd1PtS2BXklCcjOc7e4p3iu60bwS3hi48LXOo2+oSaUmo63GHPl28svzKqKD8ynOMYJx05r6LC53UoQXtJe1jFJXb977K3W630fyur35alGnKcUoqEn9qNrO3K9ddLN7O7do2T6fdrJpF8I4pohNIwwY2XawPfYxC8gg9st355rhNf8LW0nmS2agKpPnQyHapQDCqoBAJ7nPBOOwNeN+Avj1p98Ps/i62eJYxDDDqtuAjAPyvmpjccj7zAdegCkV9Bxahpus2U13o99a30ckWUfzgx2EZAlXOQeep7jkgcr6ssZh8yozpcykpwaab973knezvfW2vVfcYPD+xnTqRVnCUWpQ8rO6e2ulra6d7s+zv+CXnxl+F3wW8c+NNA8Va3B4Wv9dhaa0muJVhtZ5kOVjMhYLz8uz5j1zgnG7jP+C3Goj4pQ/Dfx5p+paXqunQW76fD9huo5pGDEBZGSNiypgAb/TBPHFfmf4y0q/03UJtT8uVVfeY5IcjynJ+YJImSgDHcoyMYPB5NcbqOu6vr2mpZ67quo6nYWwBgtbqeWWODbuUBFdyAf90bQMFjxX8KZr9GnD5f440fF3K8yq0MZPmp43AVKSlSrQlR+rt0pcydNKLinHldmr32P6ZyfxfpT8OKvA2YZfzQ9g4YfF0pumo/vI1U61NpqTu5K6Xe66nxRJpVxbuPMQqd+Nj+hJJU9Dg4wW56HGOcf1Mf8EBfjPB8D/h/8YNU1WW3sbG/1G2BvbiZI4Y5UDeX97rgsdpVuCTnocfz9XngyyvEEkaeajOSSMZUE4GO7FR7HHOe2fRPBHjrxV8OdEu/Cvh6/uYNF1W6jn1GFZnjWRo3U8qhALEAgHHIBxwcV+s8a8L4ziPIauVUZyoVa9ShNVUn7qpzhKV11ur7WS0Vj5Xw+4myvhXiOnm+Mo/WqFKjiIOjdXm6kOSN7qW7ak+z72Z/XH/wVU+P1n8S/gX4BiXV9Mu59Q1JJ7Rba4jkl+zKMtIQrF1GP7xAPQHHB/niMzyKuzLBWzI4LAkKBnkNnaRjGeo5xxiqI+ImteNdP01NXv765sbOxW30+2nmeWO0AUK/lqzFQSOcgAlm/u5xYhh8uGMIruXBBK8EKSSCwzgEdclTnHbk1+seGuR/6mcI4HJ6+J+sTpqc6mIatzOo4ydlzXSilFb7u+9z5jj/AIjo8W8SYvNMNhVhKE+WnQoJ83JCFknzLlWu7s19+j3bWOaeMDodpK7cnJzgFgD2/izk8DOM8aFnL9juQswMUZKZYHOD7AZypzjnvx0IzV09gqQxkBXY7Ysn74bqCPXGMfKPw77lxpgmt5Cm4TRKWSQgjBOcKT2AOcNjoOOCMffRxeGruMfaU5c3up80W3srpW89uyW+p8k6NSmuZJuUdUmktuXW2q9bavTTc6mNIUKTpykqnfwVVsgYKtzggZIIJG4E9Mhek0S7O0wXBZo2ykJYcwMT69SG4HAGDwc7efNfCV1fXN7/AGRfsqAFYUmfGItxYbi2OVIOAc+g6Yr1m70yHSvJQXKXSKpcbCQxA5IOMHBHGTleR3AI8XNaKjNpdlJWSWnuvptp130vpe6+gynETqRSbVr6p6a+5fVt9r9du9rR3EzWYjKKsySExeYFIBx0JOPvKSMZ6HqfmNRG9kSbe04cqwjMbb9yIBwwxz0wM9MHksOavRxefbIUTzIpcsyEjMRYEKM5HJxn2564JaAaPJIj3UASR1jPmxEFiiqCASM53EDp24xnGB868RZ2lLSNr9m9NOunW1+6V9j3/qji+eLWtm9E9dNdLX2ve1rejRYh1SaW4ZWjVoXTYyupb5R1KZ6Ejk4xkgHI5NbVpFAzPNCxlt5UKlSv+pYZXCnqCRkdsgnPJ54uCaOJ4PtlxHBuYJbeYQm5y4XY4OScDgM3BwM9RnqUnGmXLoZoDA0TSKWcDqSWIGANwJLDBZSOSVwTXgzz7BRxMsP7aHtHJRlFtNpXWltLLXV6rW/c2j195zaVnpdJ3jd6Wduurasn6lyW1ikzGfMKIN6ysrb1IUkqQAxx2GOTwfUiuHeNQikyNg/PkgqrEjDqSML6evvyCNqMb+YyzozzR5XaQU2Lxk4+bcBz6ZORxxXKie4bUH+zSGQMELsGBVV43qw5BxhscDgZ5617FCtDEw92cWkoptNeXrsrb67qxzOfI7pJuTT0tays3bXS62slq276o154b1J1niuXe2KAABgsTsDkqwGCvC8np/eOWxWkqxyRRFlO2QhmCgbVbdtOAehU9ByD0HHItW6K9urgRMpwfLIIL5zn5eOhxgHg9SSDxEZEtpI4nj2CR+FzlSpBIxgffHIGTnAxyM1jdxk0t7vla+HeK0a63vrpttqm+im5yVpRWq0TtbeNtdU3ZNJ6X000u5BblpGjt2LKqqzRuNuV7+nQg4PGc9euKc6EXJWRcrsOVYglcjqCT83BzggkZ5zwDoTSq7CW3fkAKFBVWCqRkuSckjOTgHPfHILrkhUWRgHUgEOOX2t1yo5HPOMEY5yB8o6YVOdatq2u6asktle+qWvdta63OCvRk22u7S/l0t8/O33W0MmCB1kj+zOyxHcDn5VY53BWAwfbPbgHnFa7iB23yDZlSroq4VWXjcOCTwBnJz0x2qnCvksEMZ8pgHWQtwGbByPm7+2cc5IwK6A2O23yhQshDHcCWKnk4zndwcfLntwe81J8jjZOW22vu3jfq3u/SVra6NcbbkpJrpZNu6a0veL9Nddbvtcy4bWO4UJGxMpO7OCQyg5wueOB2GOo3c4wG1ikWUGIkkc4BCcZzjPIZTzgEc9QRmpgjYMkDGIhyhjCfMoOPmUHnAx2xwMdznWCO0bElXQgMSOJCWyTghj8xI46MAOcZwN6NROztq9bP5NdvPpo+h59eMk7yd03e6V3dWb67W02kktPJ8HqOiMdgt22gp1GAQueVY9SMHqFyMdR0q9b2axQCO6QspxtcZPUDgADlRjk9zjABGW6eaEOvybckDH3gygAg5yQWHPB6k5HHQtuLGR0RAQgAye7lgOi5+9n2A598VxZh7sb7u6trdq1r2Wur01uvx1xjJJPVtKzWl3vHrfTS667tXdzkHgggj2q+FZyVYZ3LyvUYz3wp46HdnBrUt9gKyIrqqBVY4yOACSMg8gdB16D1qA2EztKzHMhchkJU7lGBkAHBGOc8jnjBrV022lIZJiApO0joWjOfmyCNpyOg546jjHHCbtG8no1a8UtdHu7au9n1dnfQ56zk4206JLtpHXR6630k9FfXtoRSW2pWU9reBZ4n+VZGAZkONowDnGG6/KM4PJIwPjX49fCq806C617S7Br2CSMtdrCuSYwCxdAvfacFVGecAKSa+w59Pay8yeEEA5JABIRT0ZRjqRn2x16nOpFeWl/b/2fqMMU8UihHEiA4RgeSGHIPUccqCCQTg904LE0XTm9bOzetnouyavf7+rLyTOsbkWY0cfhZyjKlOLcU3aaUo3jLyet9L726H4aavJZXd9oazQzRtBcKZFkzgKjYMQJACtnhgST3x90N+lHw28Sae8enWNhNEIpYtDZreNsNBOlwgKspx1HByAOvTOR5P8AtEfBmKw8S6BrngzQ5LiK5vfMvbGNT5UsgJIkiVQw+bA+Ttg9Aa5X4fx6z4e8eW8t7azadb3l7p0QsbuNon2x3KbhErAbgp3EMpOeuAuc/AYylDC46lCU0uWdnZO7i+V3ld9L6aLVtH+hXgxxNPO+H84xqoSn/aHsaGIqKDXspqikuedk3ebSV97tp7B/wVugk/4W34In2lVk8FWAyBxgICeRxjqSM8ZIB4r8lon2tlWKHIDH25ORwMEjGevcdRX7Hf8ABW3T2bxV8MNW3F47nwnaRq5z0WFSFB6kjPIwT36cn8bXU45KgkkDHccHnjAOACTkE8nknbX2NFwg7KV1aL5k9GrRd73SStK3d3R/FPijhqmH4xzelUjJOVaMraq6cYWfl92ml09j7K/Z1+KI0iX/AIRnU51+x3JzZNI2DHNwq7STu/h+VQ2MkY2jFfoL4d8ZB5o7K8/du67oZ2bIkT+Dr93IPQ8MCCNuNx/DnSr2exv7a5iZ45IpRIrAnIKnJ6AY44P8RzzwQD+qnwo8QweLfDOn3c7I99AsESzqcnKovySbecnpk8Y+gBuckpKpBe4/N9Gu2mt7N6O+ujR+Z4yiq1HllBuVr3abu7RT0ve+lr7Xu1dn2vaeZfQLIpCnbhQCuHAGRzkEZLY2kDbnGRxUU0TKCjIAxGzjO5WHIOByQDxnPTAJIYY5bQNWjCRRSOeCEkK7soyhQACeegAJyFJ4wc4r0FGhu2iaJQ8qhhzkKyE5AJB4IwcDkAjODnFdtOKqx5kk7Lo7O+mqW+y7r1Wx8rGnClUUJK7Ttey+H3b2vZ6W6fnouZLXMbIBuk3j5XyQwwc4wRjj8Nw4PJArw79pLKfDyNieRqVvlgOhIAIYc++eD17civpiO13SsZAFCEgDByijjIOPmPXBOMDJ9TXgf7TVkF+G0kgXao1SEiQEEMML94YIB5PUEHHOeM4TpO0uay3bv8u+rvtr2+7uw+GpvF4eaX24Ozsk02na12329NT4PtEZ7TyIwSXcEcAAIwDck4yO3TjJ5Iya/qE/4IO6Ybn9qb4WXTxu8Nj4V1GVwqsQwx5YBP8ACMsAckDnGMcV/MXosD4GSNu5QMjjaV2j7vPU5JBx82DkDJ/ro/4N8NItx8edL1C6aONdI+H9+8jMAyr5s8JQkjJU4J2HkggehB+M4pj/ALG6aekpRi7Le7jutXZK979W+rPJ8UMPPEcOU6UIpf7fgZOKT+GGJpS1XZKN9ndfh/VF+3pq1lH+xj8arG8e1hgHhF7eCKWRELyNIhaELwS5yAE4JPHY1/H9+xp8HvC3xV/aZ8A/DtIodN0nxks8OsyiNJtQhaNSZDErAiIz7RtLAKuT9a/Qz/gq5+0B8T/AOufG74UahrFxqmj+OLjSdS8NRSCaK3sNJZSzxWMmVjkbO0yoGJU4OBjNfD3/AASTsLrWv2+fgnKZppGa2u57gM4IDLEc7h91gSQORng4zkk+tw14c5usixXGeKoxp4BezhhKbipXjSV+eV1s23pbbfy/kLPspxPiRxxln9qYCWFy3Lq+HyWpRlNv67Sp4tuc5KPLywlF6LXR7n6u/tZf8EsvgV8J/wBnf4r/ABJ8IXHiWfxVa2cuLPVpYZrFlj+VwI9pZSw3MpAJUtg5zg/yi/CDTItL8WfEW3SNFa3uoIvKwSAQX3ICOcLuJ/iAOTnaRX+iT+3D4dku/wBmH4ywyoGWPSLmRQACSmQMAHjJBIxgnOCelf57Xg6Ew/FX4w2kY8pYdVjwrA5VQxAXAGehP0/LPw+Nry+vxp8ihzQc3yrluk7ttXSW7jd91bc/oThrIMp4R43wOS5LhKWBwUsqVf6vQi4wdTncJTd5Xbto7voltY9idrdUiBBjV1O4gAFGP9325AIHGcDFWowqrGYnk3AfeRfvDPGTnk8Zx1wRjB6ZR3syqzjMbKEVhhG4OAME8Z+nYZzmpEunjk8nIVRIGUr1XPJUdeByeO+eOBj1sO4zir67J9eifTu9uqv2vf8AoWFaUWvz+a03dltr3N/zmVUYZZ0wzjIHAyADnBJPoAOhFBmidfMQ5dBkxrn5d3rjOVIxzk9TwMVVaf5d/wAokJIZWHLcZA5PfOTwevGCAKq/a4nYyfLBKgBaLkK5B4yBzyccY56c4NdSpJpNRts9umjvtZ6LRXu3uu3dSxKel5W0tFu19lo7u3pq7X0T1Ut0gaEFWaNwHO4k4UkZOG688HGT2AGK4nULa7aIBiWyzbDgMpBzu3kfeJYZ65YFfpXUTyysELHCMS33sKx7E9cDO3kY556DFZd46nygr5VjlygJIYHCkKFJA9eMZbnndXTCly9m/d1u0r3XlvZd9dV0uypWd078u2l76pRs1q15vt62PONRsVkEgSPJVgxCnb5R7sOcg+vbkhQao207Qyi3uWEtuDnzNxDKp6k5yTjA4JI756Y7+ezSQvtgZnILK6lhnODllOc4HKgdfriuemst5ZhEuVBMiYAOBkbQQuDwuCOwGenNa+zT877WTbsnF3vpqlbu1bm6Iw57u6d29nbfZXtorWd2lpa/cmk0/dEt3ZmG4hGGbGANmNwLLjg54OVGcYAJqe01y9tJlWKSQQSBQyOxEZC4AXB6E4OOo6kgdaxLaaSzLiKQqN48yAsQm0nLKBjGSCTlRknIGB1aJbW9nKlhbSB0JU/LGxyFBRjn5SOvOSD3J4Sw7afNFOL5Une2qUdE1p113s7J9lUZu99XzNLdJL4Vda2fy1vdHoEOpw3kqSRIbebO542X5S8agKcnnBHX1/Eg6Vtr2sWEk5WY+SgLNEpYgjPO0E42kDJA9TuB7ePeKfFtr4IsZNV1RmSyUNAWJCjfgYCOSd24HIPQEdQOvJ/DT43eEPiReXul6TdywatZGRTZyurSNGuQJUIz5mR0wSAD0XGR5tStRpVfYN2bWiej3j5WT7K9nfySOhSi2krLmVkttox1036O2uu/c+hH8QW+osqyslpcDc27qHYscYyTjdhQwOBnpnG0582oSW825kJdXG244VdzZHbjAA4J6A49RWe9lDLaoxMaT7sozqVkDbgRhOOpxgZC46Y6BsT3EAEF5tdWbYNy5wWzt28DOSeASfXPOTtBxcUnffaOyWlne+nS9tfImUZLZWiulr9ne91bzfe7Xl32m6jY3keLyNLiJkKMzgCSNmIDHjqMHqMnjJyMVdOhWckJezVpoF581D+9UE5weckLjPbj6muMtbBGd1idlCqGZeQRtHAIHzHJbqvACrz69fYXt1aFY0KElAZIhwGQHlhjjpkg9sZyeSNHThUinHTRXb1d9PSzu1b5W03Kc5Rd2k7pLbRWs7rW6emyTdtYmbJY2qAxSJIkgbckwBVmJI2hsjBHrnjJB56VxHiPQ7SWJzcRBCxy9yvMgZAdpJABIbuOhJPGevrOp6pp08YN09vFHsZjcKQjoQDgN0IPGCOASeOOT84a38T/AAzLeT6LBe7r6GR4truHhmGWCurYKkHjnJxg9zkeXi8ThsHFOtVjT10UnaV7x11162106a6GkpRad0knsk7O11dWer93VW8tWzxf4mfB/QPGtmYLuIW99GpNjq6IBIW+8iS4HzKTgEMSBnPAwR498Gvj18Zv2OfGiaas8t94Ku7hFv8ARrl2l0q9gL4aazZiVtLny8sACBnng819Eat4q1DRri0TU4oW0+UPmQOjLEDzuzuK7CCGBzuB7HrWBrOheGvH2izRXclvfWVwG2l9haHJIDQzkZVkO7A3AgDBAPA5qn9l59RqYDFRpYilUiqbhNRf2Y2s9Xono0137CweJxOW4injMDWnRrU5KSdNuKduWXLJW1jZ630s9noj9S9b/aD+G/x//Zg+I+s+CdVsJtRPhWaPU9AubiJNWsroRgvGImIdol+bEmzaQOSBmvDP+CH/AIktdM8QftG273MULXWg2KxqZVG9o2lDLt53c5A6+h65r8UvFnw68c/C271S+8Da9qMGkX0cttcpa3EqGW1k/wBZb3EatsmQqdpL5wBnAyQfOvAXxJ+Lfwm1W61jwJ4r1Xwre3qIL6S1l2R3xVtwSdVIRwW7MCByep2j5iHhxSwOWZjluXzvSxk1OnCorqGkUo3inpZNX383d2+pxPHVXG5hg8VjqV6mGpunOUXZTXupytZNP52vbW2p/dzHr9nJJEhV8rCAQu/GSSA5Iz1I6Y9BgE5PkXx21CWb4M/E2NJA0E3hjUlALE/IYyGyCeB3BxgYr+XvwR/wVM/as8FNG2qzaV4wtkURkajHhvLXAOSnJ7nnOT0JOM+76p/wWHvPEvg/W/C/jj4bTwS6vplxYm50e4WOGNpozh5EkwWRSSWXBYjOR6/IYHw9znLcdhqzhGpSpV6VS8JO/IpJ7NJvRa+ad3ud2M4ny7G4WtGNSUZ1Kc4qEo94q2qbT1e+j/I8duLCC5hYunmEF0KYwxDPncv5H168H+IcpeeCrN0kaNZI5JMOAMNgkg5zjb1+8PcDJIyPOtF/aa+GuphY76W60u5LEM8yHywTISo3qFAwDjkgZ+8eor1fTPHng7XvKk0rxDps4dQPLa6RZCx77N2RnOM4GQTg56f0hhq6jRpRctYRho7b+6ndaX97V9bXsfjtSnUhVlJXs27WatytptpL5KTul10KXhnw9Jpms2OWJUOpJHLHLc5AXt3AOQenbH6V6F4t1vw9p9nNpl1JFF9ji3IzsiblAwdqtgknknGCOPr8LabFEb62ljEc/wA8ZEkUiso3PjOQSMEHBwowc+ma+zbe4iOk2IZfl+zRqyMhGw7QRls4PzE/Nk5XJxzz9NldWLjNqykktLXck1FLrs7ar5K63+WzqlKUqbkr+9fZ6W5bu9r2tvqm11Wp6xB+0B4kZWj1vStM1qBQIniuo0YMgyAxWQHDdsjnjoOBWknxc+FGqRWI8QeBLWwv7KSSW0uoFDC3kGSsqIvyhlbnGcemBzXzbeW8cocoCEYhHYMQuSeOS2c5xnjB7dhXN/ZLwSPGGUAk7d3OVDd2bPXpjK89a9OtQw1akuenGV7NtpPVKLTfS+m97dEn15MDm2Y4OfLQxFekpR5JKNWSi4+7pbzsutrXTVj9EP2TNSg1z43aZfabOr2kl9eGD5Ah2tCxAZMAKRnnHUg5HetH/gm559v/AMFHviaWBG2XxcM7Rx/pd6R1PA3ZOB0xg4HThf2F/Mj+MHhtCERhdT7RyAymFgTjkhmOBxtA2nHOCfVf+Cey+V/wUc+LaMis0F/4sUtwCqySXbbc9SM+uORnAAAH8TfSOxH1bKuJaUJWSyi65be770Xe19la+rdrXtd3P6j8G8NLGvBYmprJ4iXvX5ru0b3ave/y3t2S/pvsNXmD2xklXygnBYrzjAyRtxkd+54IGAa7rStft2kVWuIiFJCq3J5OSoIA4y2cZAz2BHHicF1G8JBJVY/lABycnDckDgnJxnJ4yAO9mOVNhZZGjKHMZyvzEn1LDB2nkkZ469d3+XGQ8a4jJsZGc5qpCMnNJyve3Krdldpaf8Of11W4bo46i4x9ybjGTb0b0junbdWu3da21aPp60vWuGSQk+QFDArv6ckk84IxhiDkdCuM1wfxF1wWKwWZMIiuUKGSRVbcjJnDKQdy5O3Dgk4IJGc153Y+JdRs41WG7cEd5DuUpjkfN8vAPAPTsRha8r8R32taxrjT3V689pHuHBBVR2Cry2cgB+uM444J/ROIvHN4rIp4DBwq08VUioympxSgvdUuVrW1k7pb63aPHybw6cM1WJr1Iewp+8rPVtWsu3Z+TemzR558XfhD8J/iVaNF4q8JeH9SuLizurVtQl022WWNZY2VmjliiDxyDIAcODnBx/d/ie+Nn7EniO11n9pbxh8P2gn8PfDLxhdRT6PaO8t4mkyzSSm5d9zBIYU+XD4PJPcV/bzrQkIiOZGjQFXiBGCGBUAAgfMcggZyDkDkcfzgW3wo8TfETxx+3x4Q0PVNa0aB1ubySOwjeQX7lZJRBcIgZvLMasAoJyDjAOAdPBDxIzXC5hntatj2sJThlkq0K8nOl7KrmGHo1GoydovlqtXW1nZdV3eIfAmAxWUUksOp1bYh0ZU0oTTWHlODUrJSTcb2btvfVn82ngrxhqHhrW0uNPuJLZ4JJWiLMCHbJV1bORgFSORjJJXDHB/Qnwh+1/8AEefwdoXgXXPtev8AhnR3v7vTWhWRLjT3vhmf7LdIVaBUc7wsTD7vzcCvhjxf8Jtc8C6xqFpeq0y24d4jKuyZlLsGDofnV+PmQ/MAMMcAZ++/+Cf+pfBmbxvD4X/aHsrq38B61YyWdhfWhRZrLUp8RxSyH74TzSvcgBiBkGv7X43o8P4vJXnVTAxzWOHpQxEIU4qdVwtFyqUk95KLcuX7UbryP46yGnmWDzuOW08XUwE6tV0pOpJqCbkl7100ruyTurO3bX9Vv+CfX/BQq28D6/ongL4reML/AFf4XQQq9hf6ncySah4d1SdwQs7SFnmtFclHB4AA9cV/TvP8T/CcvgvT/ifYXejan4Sv7WF312xvYJLd7OXaY2cxsxQhM+bGWXHI4wAv4x/C3/gmj+zRoevxa3qBPjTwJ450YLo0KKpubIzLmCYNbEbnj3K+CVO4ZY/eB+NP2x/A3x5/4J9Wj3/ww+It/wCJfgd4luXs4PB+szSTW+kSruVbKSGdmWFJFkCxFAANi96/hjPct4Y444grYXhirUyfMsXUgqdPG0pUsNiq8XBJU5aqlW0knCShCUottp7/ANUYGrnPDeTQxWeP+0MHh6cr1cM/aSVFq1pqTTlHS/MuZpb3u7fo7/wUc/ben+A/jT9n/wAbfCW+0/WLbUJb1bjbdwvYXlo3lma2ZkO9GK8IZSVz27V+U/x6/wCCz/xd8fa3bweHtJPhzwto7SnVYLVvMvDOU23C296oLoJGJeMknkcHBAH5I+Pv2mdW+JXhd/DevwRxfYdQn1C3nmuJJJtNuHclbWyVnPlWxB4Me3oBjPX5WPiu+026kKXJa2vWD3LSOXikiGF+YZbB5xnOcjADV++cFeBuU0cHg3xBltLG5nh3U9pVk26Vf2k+aEpQTcXyRbUdGvdT5nfX8Q4r8WcfOvOlktedDBxjCFFzip1aUYpaKTgpcrlKTaXLpol0Pujw9+1h8S/B/wAR9Y+MXhfXPEVt4h1e4ubuw1aS8kkkaC4Dfa9Om3OwlSdDsKvu4XaBgHPzZ8VPE58az+IPHGrajLq1z45ubi7vdPckXFhqzkvJJCmR+7klJIRcg84HFXvANle/EXTrzw7oU1sdSQpNaaU86I17G5BkayfnZJHydgYZPOBhhXqPxz/ZZ8dfBv4deFPGev6ZMPDviZYL3Qde8xblVvgxNzpczW4aOGWNlxul4YnYCCM1+v5ZQyLh/OMNShTw+Fx9SEMHRioRUqtKCi4U9UuZKMVyWd1bTax+c1cZxDnWAq1K1WrisJTcq022+SnUnZTbTlZ/FJWfVra1z4AsdA1BZNC1K5t7iTShqsVs/mIGmjCzL5sYRgSSYy20HIPBx1z/AEE/tZ/sMfs7L+wn4O/aE+GVxpOmasPDGj6i+CVutQlZW/tS18Q2qkNb3Syo4tZAixycJg7RX4reF9f0r+0xN4oimC6PrFhqlnbQLmO+e2ljleGWMjawmVCp2jPzHOeSf2p/a2+Kvw6/aY/Zz8Dp+zZo9xoetL4dWL4ieCbm9Nro3kaPZRx/8S+yDCFplnVrhwqFmaTjqNteIGb51DPeDI4KricBhY5pCGNxVNSlhnSbp/usRFOyjVpqcYyqXjGTWt2j6PgfDZRVyriOnjadHE4hYCTw9Koo+2VSCtz0ee0k02m0leyvroz+ff4afFXX/h74pi1fRrq2s4VhktlZ7aO5iMEw8uWCeKRWV4SN28bScNndj5j6x8TPFXwz8arFqel6Fb+HfFo0kPdT6IWOi65fmRpJrqS2YuIJXHylFCoDnCjrXhPiD4YeL/Db2smpabKINUnxapaqZlLtIVMIZAyLKuCpjODhcHnJpNP8JeI0lkjttOnIili822eNhcRFmGGMWCwUdCwCrjOMjr+yzhlVSdPMFioKtTpe9VjWtzJRi+WpGMlGSTSb5lo30uz8/j9fhGeFjQnOlKbkounKTg5W0jbbZfLe6vb6k/ZA/a9+Jv7KHxItfHXgeVI4b8rYa9pk4jKz2gIEktoXH7ucAlomGMOfQ16n+3N+1VoX7SGpab438P8A2ux8TTBbbxEk8jRvdvuytxcx/LFJMcmMsi4ZAD94kn5j8WeFLxdMji1zw7caBcw2sF7p96LSaGPVYyoBaMFFyoOcuOGY4BPSvD3jFzLJEyvAcApIcsHZR3YjKkHII4zgdga+djwvw1m+fYfimjRo/wBq4eLorF0ZxlCvTVo8tRR5oyteyeklZapnry4lz7LMoqcP1KtVYCu4y9hUi1KElJN8ilFOKbWujV7vrczvH3g3WNJS012YfbNM1iGKSPULRGa1S6Kr5lpJKAY1uVHJU4YAEjgYPmVq9x9ohEau0sT+YyFedqknDdQSpPOfXB+8a9uvdY1ZPC0/hWW4SfTmvUvobWZmYx3OwAyxegIyDtAB5zjGa4ext7SPULUzNiWWeOCdUBIVHYBm7joSSQO2Scmv1bLbygoSUfdfKpLblaSV3pqla7va29mfE1pxnK/wppOV7LV8t7vZNN7ed29j1Hwnd6d4t08adqhkEySJ5yQx/JJFxHk4H3goBwSxzzxkY6TxP8FbvRdM/wCEgsL6JfDpwEMyqJFkHz+Uynay5TPIIGO4GBX2hp/7OPg23+FsmueHr6Ndbm0mK/gmkUpPN5kIe4jEY4YBmOCoOQM55OfmSXVDcJpXhTV769e3N0YdR81SYxCJNjEBht3xqMbjltowWwtd2PwDw6jzSiueFoyTS5r8lk3e7vrta2nTaKfvNrRtpNu9nr7qs3dvZPTZfI8k0zwf9qji1WzxeRSlIxFFlSCxALFQOiscq3TGBWv448E+L/CGlWN5qmlyQ2N/GZLW+TMieW65VJCAUJwFOOSPQHg/or4Z+G/w38DeFrrVPD2t2GroNPE15HqaIG3zJ5oS36AGM5UMuGJXPBOTw3jLxP4c8XeEY7PXbZbLTHg+zWUEgzEL2LKiVJOXRJF+7jCksQM5weKnlEHBznUh7XRx5XF78ujfnZ9b30tujodCPKldJySWjSV5ct9feu9r+9da7a2/MSJYJY0Z18udCGYGPlgx4KkrgqQVypJADenIsWcktsWcFjIzbJERwpVCeAoXBw3JJAIBICkV+jvg34BfCzxf4J1Se1v4I9QhtWaNZH8u7S8QELGA5wYGYqAcHIHB9fLj+yJ4tezlvNLtBJfedJHJDM25WjcsYZUdMKgYYJ5JB68UqmUYtwvCKqRdmkryava2jut1q7X7eUfVmk9YO1mmnezW1t15paaJ7tM8x+HPjTX/AApLq72OrT2HnaY48lWKi5TYSEY8/P3yTkEA5rET4l+IPtDanf6rMxDNCiXDmQxq24BkJJwQQCoAzzjHQGn4o+HfxI8Di7s/EejXdnb2szIL+ONpYpFYHy180DHU55JwN3SvKrLS9W1rU4tO09fMluZI4vI3bmkmyo/dg4Ckg8HPJGDxWHscVQ5adTmpJfDFpr3brZXbuu6Wujt2anNKMYptXVt3rdJrd3tZJ9NO5+u37K3jbxd4n0XOt3q6lpFuJYLC8ibdNG6kL5cqjJVVB/i685wBX2VvBJjV2XIBJJ64YclTj65HU7jya+SP2OfhvF4X8N6pcJcXianJL5N/pNyjC3tmQffgLfKWkY4Zlzkqc5GSPr2W2YDeoVZgABGeG28gnIPIOOnOOAcdK/RMro1FgaUnLmlJavRvlSV9W1bts2tn0t1QqNW5t3yu+7a92+t79LJOKa67n5r/ALQchX9qL4fys4dPstopK+mGzu/3cHjKjgMOxr5m/b7igb+wLmL5la6uFJAJCkBcgEn5WIODtxnkbQMmvpH9oNJx+1J8OlIUoY7EMgHHzeZgEdxxk5GeeOcGvD/2+NHvprTQvs8QlU3LlIo+XBIG4kDB54PUZ4yOK+Fxj5OIsOpT353q3dtS6b7ddevW+n01JJ5FjWtWnH3dOazjCz0tfb8ddND8qiAN2QR0IUnH/wCv+YyRnPNNx1IzgEc+me5I6e1aE+l6jASbiwuolUYJMTYBAzycEe5HHXPGcmltycFSp7549jxgck/gMHjNfTcy3urb9Ov/AA6t66HxlpJLmTTt1T/UTOCCFAxx0bHHGTz1POen0zTt2Gzt+ikHuec5Jznt15HAGOXBcsu4HGOmR/ur+gz6fXJy3aByfmwdvXgnHA9eR3zxxjtTeqs/L7lpb8r+mpKkm7dbbf8AB/q6f3KqnIOMknO0g89fTGPduNv4mlK/MCOWHBAAxkck8kfLjPJx0GcjICqON5AODwuW7YDA8gkEE8E5P3R3FB3Aq4Oc5yByMkZAwCW5znOOAQAaChFCj5jwewxjkZyOMDtwCTngc8gqNwZAeOSQ2duV6nPPHIwMEE845PKE7g3Kr2xkjAxjuRnPBBwTkkdMAyAsdu4jbgEAleQCSc8DIwMjoSDznmqjFNq+tu2r3Seva3nbt1Bed9Wr+Wysv63Nex1fUrGZHs724heMghRI4DADDfLkgkggfd5J9M49Vk1jXvsdlq8dzcWhu4du+MPteRT8wkGcZbPHqD+fiyMeowp2synqVzkAcKOeNwyA3Tnpj7T0K58NeFtE+Hmr+JdKGqacdrXlp8pF1AzZkwOQWUA89fXrXBi401KElBSbf2Y3uopNK3e2t+12ejgXUk5R9o0oqOrb0u1922+2/S547D468R26qWmW5VQA5mXP3iM7gw4yTgkrjJ7g10Vr8SgoUXemho1Ub2ikIDEgqMAFQSRgjr09MivuWy+GX7LPxThmn0vWJ/BWoXwVoYLkkQqzqDtzISqlXOByQTgrxurA1v8A4J9eJr23lufAHiTQvE1uR5kCQXSGVoz8wVvmPzlcZHy4z/DgCvN/2STanCVByf2ouKvaOz2vpfe+611PWlRx1O06dVVY30tJSe6tpZ3uku1vXb5dt/HHhS6jjF1GgLBj5F2nmJgnggjkbQTgHnjBOOKsHTPh3rKqZRZjLJk26sDGWH8QzzjB29MYA3DBqr41/Zi+L3gqWRNV8JamsVuDvmt7aS5hIBbcweJSADnPB68+uPAdR0/W9Hldbi1vrOSMkESRSwsvOPmDBWIPQZXr7it44OM4xdDEWaS+GXMt1vffXzWne5yPFV6UZe3wyk3b4o2XRb2u16fmz6AT4e+GHuYm0q6kRUmBaSMb12k8llJOHHGB17jtX0/8I/B3hJPEdpB4u8aXPh3RPJkNvfRQPMUnKEASryQpPGV2kknBVs4/Nuz8T65pkqPbXtwnIcqWJXcBxkHg9s8Z9uee80r4v+JLR1+0tHdpnYVlOVIHcAsQCSATtHAyPavHzfIcXmOHlReItGcXBtcvtEnZacyau9tbdVe12etk2f4PLK0ayw6Uoyg7a8rty6PlkmlbS99Grp6afXnxT8Ja8NQ1GTRtcXxNoMFw0VjfRT+ZNcWw3CJmt3ZpEKIpG3AAG3HQ5+L9es7+S5njnt54zHKQVaMpzkL83BXhhwc8cnOQK9L0z4xWbyGS8jvLWRjybaY+WMkZYoSRgdQpAHzZPG7HXweLvCXiAyw3VxaSiUL812ixuG5I+YBDuyfnJwDjgZFc2TZTLJacKUoOoqaSUo04xva2suW6el9Uld3Z3Z5ndPPpOoqypOe0ZTlZX5bJKVnypuyV9FZ6HybeRspnjO5SBhtwGEHyknJwFyOAxIx35Azm20bPM0IGVbkkEBcAEHJxuABwMjoAM5B4+p77wB4R1h5TYagI5ZP9Zh1MSMSMcZJIzjaBgcc4GCvHH4Q6pb3BksLq0vtgYpHu2sQcAZDEbgRnBzjuK+1weZUYzpym/Z2a/iJq1rPXr2W2i/D4meArR1hy1IvrF3i0lF22fy3SWq3SP118M/A3wdoWxU05bm7RgxeZQx3AsxGWGDlf4cHJHQc16pD4e0XR41JS2i5K7VWMuoAySq7do4z0GeAeRXN6n4zSEsRcxWdmGyr7w0u7DEkgEcYA5Y9c4ydxHgHjz4++GPDauZ9SSSdNwPlyLJNISp6gE7CSD8uM49Bmv2LGcS5Zg/3WAowk0rKSS5do26O/rZap9rv8iwfDOaY+arY/ET3Tak37yfK9+Z7q2qslZq2zPpDVvElhpcA8iNNpyB5jbBJtx8pBwuevUHJAycfe8P8AGPxk0nR45hfatDCgAMixugMeM4RV69gCQD25wOfg3x9+07resO0GiRG3gJZI55TmTHYqn3cYPXjBOcHqPmDV/Emr65dy3V/eXN1MxJZZXcIoOSPlLH6ccjtgHJ+NxvEWNxEpJ1HGN01GLd7WXbTa/d2fex9jg8gwWCjBxpRlJcq5ppy1tFvV2tfXulr0R9t+Nv2pIAsll4dU5Xcn22RjljuI52gk/gvOCO+K+UPE3xU8U+IZZRc6nceQxdAkbmNcZ6YyPfqACevIIrzuOCe7YbS5OTuCqerY5yACc4yMdMEjGK9B8P8Aw48Ra88C2dhKIpDhZpEKg8gYAK4PXOTg+mMgjwatadSTnUm/Pmtpdq+ltrfl52PZhTV4xhBK2iio7Xsrqyb29NO+iPPHe5nYyMZCHPJBJYgc53EAgnnOCecng9Ol0TwhqerzBLW0kZJAD5rphF55O84Hr3xnByduK+t/Cf7NdyEjuNSZFdAGYzMgijPUg5OSByMDHoWx09Xl0f4ffD+2SbU7+3vLi3AD21uUPO3O0KgBxkd+2MdBXK68U0orn22WjVk2n1et7WXT4trd9PCysnOShG2vNa+8Xa73fTq09fT5e8I/Be5u5w15FPcFWCptQ7AxC4BbptHPGcYOOCa+qPD/AMLfDWhwJd+Ib+1sILaMO1srIpJGTtJzlixxn6dfmryLxX+0OlpBJZ+F9MhtYZCywysqrKAP4htBbtkZ57AA8V896/8AEDxFrcvnXuoTyB2B2eafLAGGI2ZwCMnPHIz1pxjWq6yfLF6uMV719NLN7a2Sd762T6bxqYai1ywdWa+078u65bRvZpaaPVLovet9x3XxO8MaXdDSvDenwp/yzW92qSTnG9ASTnJB3Y6HIx38z+M+vXN54cUSs8sjOm2QMQh+XJAAJyMj7pbjPJyOfAtC1iZ0trh3DybipYMN6jleMZxjr90gnsSMV1njvW/t/hq2tkdgIjkyHOTjJzj3zg4PUenX0KGBh7KdTl963xNX5tYtO7fra1ttWzz8bjZVa1OF1GLd3FLRr3XZ67bO9mrpHgkkhmJBZt7HJGQMc4CggHgnvk+hHBNSx2kkIHmgkt8owwPXkbskqOM4PAB754qswjyshJDFs5+bucbhx3x0IGOuSeRoic7CoAKHBVySCDhgQM4OD3zweCO2dKOGho+ZSd9U2vJpNa69ei01uTzpLTT0SbeqT0XW+vktOiYQyGJVjCrvJbcT0HB25PAxt55BIOMZ70p5G852QiTjGeAQzd8kZ7sMhjgd+Tne0zS9R1mf7DpVjd6jdkhVitrd5nLEbTkKpOBngnOO/XJ+tPhl+xR8Q/GEVvqPitofCGiuFlaS8IF28R5KrGQGUlSfmbDDpgY5640KlVpUaSbva6jpo49dl11Tvrre1zGrWp0opzmkrJ3b3XurS27Te1lZJK+x8Uw2k91MsaRTzTSfIkMUbSO2CBwEB+fOABxx9M19K/Db9lD4q/ENbe7XSm0PSJnQyX2pp5OIycFkjcq7ErnPGARgV+jfhL4WfA/4LwotjpsfivxCsa/6VcRC8kMoB3ME+aNVDghWIA7j5sAdfqniH4geIoxBpNsug6QqKETasUgi4AVAAAvGeMccDcO3t4Ph/EV2vaw6L4U+XW3VXfktuq7niYzPsNhk1Golbu1d3stnq/np566eOeEf2Xvgn8KY01HxfqCeKdYhRGaKVgbdZsE7Ut1O5gGGQWDfd4A5r0S68d3osv7N8AaDDoukr8guhbxxIqqcbo41VAce/HuOlVoPB9vbTfa9Xun1C+cl2jumeQcEHdgEgAHoO3b1rZvLORI4442RIAod44kCwjnOwg8A4yBkjO7hhyR9TheHsPQjGVWzT1skl/Kn11Vu60e+h8fj+JcTWclQTS0ad7Rt7qel/wAHexy9vpaTu1/4h1K51i8YgmNpGEAJI42/d3D2GDyOQee7t77TtOtHSBI7ZljMixwoowApGGKjO485yeuPTNcBqd9bWzjz7hIo2XcIoTnaQflLHqM7s8DnORyDWfdajNdx+XZo0a7cvLISiiMArh3cqBuDcg8cdMDcfZUMPh6XLCCjFWtNOz0frfWybev6HytSpicVW5pVKlSf8tm07tK6V9LavZ6dEtHnT+JXtdVnulUEsTuLHDEk/L0zxgEg8j8sVqXPiO7v7bz7iVkRmURLklhwCckkqBtOCT/CM5614d4p8feDvBzyS6tfJqd8u/FjaSK7FhkqrsN2OjZJx1PGK+ZPH/7QfiTX/MtdHRdGsHYqkcG0TtCDgFmxwx65LFcgYPK189mec4LDKSnNVaysowg763W7V0ku2680rH0OTZBmNeXPKPsaEmpXldX95XsrJ9d9HfW7vd/UXxc8XeG7Dwte2mqatZxyTwSCG0hkSed5WXhmAJwAecj09sV+etp4yvNCv1vNMO+eNJEi3bfKCOWKEr3cAg9gG7YxnMtLHxT4zv1tdOstV1u9kPBRJp+SSWLyYZFUd+gA5xnk+6eH/wBne9gtm1P4g63Y+GrOHbLNYCeN9RljCglMBiFJxjY3IOT2K18BjMbiMdiVWpws0rR1b5bNa6bdbW23vu1+mYPB0sDh1Sk+a9nJzs73s9IpN9bro2/Kx4Xd6x4x8c6ols0mpaxfXDgQWVr5swy20Kqwx5G0ZAPHf5uBX014B/Y98XajZR6/8SL6z8A+HiDK76nMiajPEBuZY7dmDI7AFRuXjuK7ix+MXw1+FdnBafCvwla3Gt2ybbjxBfxpPLJJnBkjaVXYMxCt8hIzggcELmWGjfH/APaV1qNbO11zVYriYCNnWa10i3DEYJchYikeecc8kE44Cp4avVbc71G9bXbStZNPezTsnzO73va5vLE0aSbioxsrp6RV7LZ3a01bWrTb7nWHxv8ABD4Nwvp/w40GPxR4ijBWXXtTjEqpKg2ebEHDKo3ZYFByD0A6eTX3iX4xfGzWEsLZNb1YXEgjg07SobgWUYJGEfygIxGAQB2IPA4zX6PfCP8A4JsafaeTq3xV14XVx+7lbSNO+WAvgM0Ms7Yzt5BxhCAeeS1for4J+G3w+8AWMGk+EPDVlbz24CJJaW0ZlcheDPdFAxIA+YKw6YycDHpUcrVl7SbinZuMNZN6byvZdfO11Jao8qtmak7QvJq6i7u1/d7362S0Wq0Tvr+Qvwj/AOCenjbxDNFe/ES8Xw3p7BZWsotrXjRvyRJIThCdxyHOSc8DoP0v+Fv7Ofwh+E6RxeGfDdrrOswrGGvbqBZ5XmU8yvLKHUbcZOxhjGBwBX0vDol9qMg+1sUhI5t4MgDGR+8cYJYN1B3Y6n0PY6Z4KkRo9sQgj5BZUABXggtkFmYjOeehyM559zC4BRilQoW2baV29ktXqn5XS9LXPLr4vm96rUSW7hfltpFrTS7XV6rybOHtrea6MS3bhEGdljaARQpGBhgxBGQGONuAPl+U4wa7fStLWNAViSKI7WUBQGB6Z7MxIJJJ5B5zwCOqt/CaROAqqJCeZCrbmXOSwBxjJGSOoBxt9OxstCCgAxgoy9WGQMcZ7YB4yAAOuPb6DC5Y5WlVun1j5NrTvtdWVlfXRHhYrN6MG4wabs7O2mlrXt3100v+XEQaU5+UqfnbKlgoZRyTjPODjr64AGcFejt9OQeUrKqhTj7oLtt78L1OPlwD+XTrV0hk27woB6Mw6KCAOeMAjqMj5j6YNU7lbS0E000iRxIG/eSSCNEXBJYszAdF4IAwByoXIr3cPhKVOKSilZt3tbblb+5uze8unRnz9fH1az05tWr7rfl1t0trd9HbsVIrJdyqAFUyZDEktgHBwp9Sfug46YHFTu1rZh5XmUeXkKCQobAIwxGAMD5iD2A4xwvkPiX4yaLp8r6b4ehm1/VYw0YS0TdBFJ8wzLOwMQO4ZJBUjnI3dfL9RuPGHjNR/b2qDSrEEk6ZpbFZJFyAY55gA+WXAba3y9OoFby5eZONvdV7btNtKzfSzVnotrLW7cwo1qsVze7F66uzWkW9Hq7d9F566eqeK/jN4e0OQ2FiZ9a1Y8JZacfP/eHhVmlQFYwDx8xXAz06jxnVdd+IPjVjBf3jeG9Km5awsXP214iAMTSjlGI4bYQf4uck10GnaDpmlIYdPs44nIy0+BJcSYxy8py7Nnkg8nJHWujW0gSOLODIwwzkfMD32nv12kZyOw4OM+WdRqV7RbWi0Wu9+rfpFabtmsFRoq7SlK/2td7aqzevbfVq+x5pp/g3QtIw0No11cuWWa7us3E7kdXMkm4gn7xJPHbnNdZb6fpKiNruBmKqzIhYEMcfLGoPGAPXCnPbgHYntUkZBCSqh2ViTtZ8scAAMxUkg/ewQc46g1NBaoqoGX5lOE3qGLj+LOSeRjAP3TkgnitY4XVKyer0s37q5dXqm9ej1B41RT5Wot2tfa1otebT3fTZb3ZJZNYJbFbCFVlwAITGMkEnG5goztICjoTnJxtwee8X/DzR/G+lS2GtWKS74nbzERRNay/wtG4G8YJyMEY6ZAwK7WER28mPLjtiWU+Znq2CTkjBB53A9M574NXjeqY2SFoldVIO3rIWzgdMZ9T2HbJ3Vu8FBwtUgnFpXtHS+nRtd9F1eie5xvNK8ZKUG4tNO6bSfLbVat6281fZ6a/EFlqnxC/Zy1lRK134n+HV1MBIrb5p9MiLbcDqQqA8jGD9fu/ZOh+L9D8Z6PZaxo13a3djdorBQ6tJBIy5MUijJRlPy4IHOBgDFZHiGyttVsZLK8t7aeOQNFNauqsZQwI/iJGcHgjI6Hd2r411Ww8RfBPXpda8OPPN4SvJvN1TSkbcLNXcl3RM4RQCSMY6Dk1wzU8ummpc+Hdrpv3qT02d3eKvZL7tkelRlTzenJTjGliYxXvJWVX4Xq3om2tHpq91u/tm6kihmKLnYGLOGyyjaMgLuOMtjAC4xkYyTisS91N4wxhcA8v8g6L/AAqSQAATxwAPw5rzbTfinoet6Tb6l9ttIYWUmOa4uEjBJUFlkBIYFGLdQAB8pHGa8c8eftA+E9Ajn+wXT6reJn9zaEvFvHARnXIIJAzzlu/XFKebUoW9nNystEpX00drLV7L7lvqx08jqP8AiJJXT5tdvd+96dLq+zXT6MutdWBd01xFGiKDM7SBdqsQeSSueMqcYJ4xkLmvnj4hftCeE/CsksEFyuo3B3gw2zgxRlMjazjChhxw3Gc8NXyR4k+I3xK+KTy2uh2dxY2k7BAYvMghjiY/KzSHYWbnGFbaMhc4AFaPhL4BNN5F94ou5dQukfzZIEc+WHzn95uB8zccg5Vs8ZNeXWxmNxr5KVNxi/tbJba36vrfzTb1setRoYDAR56nLKS3tZvaO+vktGr93oZuv/Fb4lfFK4n07w3HcWum7vlWAPEhjJB+eboQBydpHGeRkVq+G/gW95JFqXiq7nv7ksrNZxlhGCGyUlJOXHXJJIZRk5r6g8M+CtO0yIQW1tHaRRoCFiRQWOOEIUAlSOpJPJORkV6Pb6XBbQqohXazEFio+ZcfMARzn0Jzk9TjmunC5NzKM8TJ1JtJtSd1d2atHsrPfTe9nY4cbxA4rkoRVOCS5nFa291JXs2u9rarVnmPh/wjYaVDDHY2EVlFGgVfKiG5uo+YgbmA2jLOcnjGe/oFtpqxxqFiQP1JwvTBGc8HB55znIxgDpqfuIcKoGOSyjj5RgglicqR7d88k81Xe8Rov3Y2Avja2dzc5yOcYPAJ447H5q9unhqdJJJRVlstGrtLXW6v03S20PmKuNq19W25N6N815LTRv8AD5ebGiEW6APtIOPkxz1zk44znPse/PQlvEXKQhGYZJUAjYAOrKMgH349SMgisieaVysgYhiwXy1Y/KgJBJU9zxwMZBxxUUkpBDbl3lucZZmXgbmB5x2xjJzkjg5c6kIaXt02Wj91a7aLproujNI0Ztc0k3FtJX3bvG3fVXvquulki2t5uLM4AdicOq5z/CEC44yDnJ6Z7gZEDzrl2BbgbI1BUMGJDEkHvnjI+8MjGOtGWaKPfzkIxKEDau8nnoc9TuxxjGRjgVQecKqsQHYyD5ySMMeuB2KjgH2IGM1zSqvmVmvN9JWsvdafdXs1fzV7HZToOHLZRTsmm2m7NK2q1et/K+9krvaa5CQoZAokBPTdklskHrgg8DI464Hesq5nYrIu47iQ3y84AxlsnByPy654OajNyvmHkSZXkvkBcnACnPyngHPYngnBrKvb1o2O1iw27Rj7jDJ4BxztGRuydpLZzla5pTvzO6unJW9el7vXW2q26t2O2FKSnFtXi1s1o24rTW+t300vtqWJ714kO5vkKKgJOFJOevX5lH8QwOo6CsC41BSjCJlGSRggbRtByTgZ59epORg9DnajfeYCFYsPlOwZC4+XJJPII6lufqAePL/FXxA8P+F0Z9QvUa4b5Y7C2fzLh2XgDYrMVBOM7gx4B3da86tWjTXNOVnuk2m9o6W3W/bT/t476GErVJpJOV9LtdNFdva9r2fzb6npA1AKFYSB2TIxk5x2Zv4SADxgc9ecEV5n4w+J2g+HQftF0bvUmBCWVm3myNj7u7ZkA5OGXOBxlgcrXg+u+NvGni13hsgfDOiyEqsmW+23MZzhVVQHLOCcYGehGMHFHSPA8tqrahqDSWsTNubUdQfzLy4BI3C3ic7iXOMALnk/SvHr42pUuqd4x2cpb30aSva+z31Xla57tDAwopSqfvJNq0Ia7Wu5NaPXTS9r72bL+ueOPFXiwmP7U+hadKTssrNfNv5VwOJCnMRYA5BA2nA5GazbXQE0+Jp51TSElUtLfX37/UrhhyPKiJLZfn7oB4yCCFFd1aWItoVbSre30m2cEPrmsn/Spe262hYbzuzlBt5z36V1fh7wbd65OZdG02XWLwna+va6rpp8LAHLW9swOQNxIwuPl9jXiYzMcHgKbxGMxNOnFJu9Sdru6+FNpy6XSSXzPRp0sRiJKFGk0tLqMfdje27/AM27PX08o07TLu5LTWFr9htg583XtbH71lORm0glwSTjKKo77cZ6+peCvhlq+vzF/C+kTalcu4E3iTWo2W1j3Fd/2WKQDIU/Mu3KngLwRj6a8D/AfTZbiHVPFF5L4iv423R2jfutNgbAysVumEYKMbSy84zjPA+nrPRxZW8dnY2sNlDtBWOKJYgqKuD8oAGRwMgAYwOTkn8b4m8UVBTwuTQU5pcrrzXurVL3ILzd7v010a9zBZHzyX1iTla3LCL005ba7taPtFWeitc8H8E/ATw9pc9vqniVR4j175T510pe0tyuDtgtQDGqpzsOwEgZzkDP154c8Dw4hYJ5VoqYRMeVAqkAgKoVeATlU9OmBgVzNneaPpxWW+uIUMX3mZkVG2DLKFyCxznjBBGRyOazfEHxivbv/iX+FrbEeFiku2X5Q44+UD5eRyDtG3jggV+JZjmOb5zX9riq9Ws73fM5OEb8rUYpNJfd6O1z6nD4OlQjyxhClFW2ST2V0300Wtr7b739du5fDfhWJrvUby3j2fKsGQXwOBtU5Oc89ck8biOD5D4g+LGr6rJLaeFrd7eMP5f22QYO3odgJUD15/UdePttF1DWbj7frFzLeyM+4h2Zo0JKnasYODjkAAYI45zx2mneFLu7dILK1ClOhWIkM5zgOuOvH8Q7g9AcYUsHQo3nWlzybvaTtFO6vo3rZrRvTprc6PaU0lyd9+9rarvbS99u2pzVhpzSyNfa7czalenDlZWZ4lZhkqqcgYJbIHHHByM16Ho2i6hqjRRWVu3lsBtgReSSQV4GT0I4IJyOAcjPqnhH4Ozzwpca0RbopEhVsgtnGM5wRzyVIzhc+mPXh/wjPgu3wGtYjEokkuJJEVUVVBcszdPbbzjGK83G51h8O1Cm/ayWip01ezukkknr/wABWvqyIqpXklBN9Lra7s27/dotErb2bOa8D/CWK3Ed/q0jIF2sYiclmPJU9Dtx34IIPylT8vst94t8JeC7GeSOezt4rOJhI0sixKJOpDM2DnPBGfrz0/PL4/ft+fDn4YWl9p+m6pFrOvbWjhtbCVXijkC8CR0LBcc7s/MBgZ+avw2+N/7bPxT+LEt3Y2+rT6Lo0sspaC0lMckql2KiR1IbO0YU9CWzx23yvhTiDiecajpzweBk03UqKUeZXi3yR0lK6fe3S/VdMqeHwkVUxFVSkrWpRd3dpbq1tNFrt+J+1nx8/wCClHgnwDc3mnaPLFr+tW8cqR21nIGtUkwVUOVyrbc8k4GMDjqPxH+On7YnxX+NN9eNqutT6dpsjOkOmWErRQrCzfdk2k7zjpg4YeoYmvkS41K6vZt880stxOW82VnMkpJJJLSNk7mHLEse/ToLtraEozOS7kjaNpIUZPGfXjuT164av2rhnw4ynKVCr9XjicSknKtWUZ6+7rCLTUfJ2bS6y2PLxeazalCk1Tha1otqUldKzb3e2isnfqiF7maeVnJcseCxbLsW4O4nPrklSR17NzsWETHzHCBgAFOQ3ynPpn6gYPJ4zgkGVdNQBZBubcOUwVAfIPA64JyOuCADgc56vStBvbp4/Iiflhu3KAgBPGMDBAVtwxz0529f0ulhKVBPmcIOK0jokrcumi10frdbOx4Mq1SbtHVv4nv2Xkrbp99eqsZiWcjlVVVMbYMjKSWUHk7QOuRyB64AGCK6/RfDt7fSHyon8hTl3fco24wpGSMjA5BGD2GSK9A0LwhFbyJJOgdztLsVGwErtIIAOQGOQo5ByQc7a9Rs7C3tWJRFUFBnaCAzDoAo+Y4ycAjrg4yBnmxGYU6MbQkkoJ+89Foo2bV1r2v526W2o4OdSUXK7vsu6dt/PWz01s2u5y/h7wfZ2QEsredIArAMhMe7qwUEjK445IPY969FtoYIxHDDG0k0jbYoIUeSRpCOFRFBZsnIIXGee/J9v+E/7OHxN+LUom0nSZdF8Pu6CbX9VR7e3WMnDNAjBWl+XcVZNw5XJ9f0n8BfAj4Jfs82cOu+KJLHxD4gtoFkl1TWnieGGVF+b7HaSnDAMvy/Kz4UjrjP5FxX4m5Rk83haM6ubZlNOFHAYC9WXPaPu1JwvGC5tLO8/wC69Lfb5TwzXxNONSUY4agmpOtVSj7t03ZWTduXRK99HfdHxH8GP2NfiZ8Vha6pq0B8F+EpHVm1TVInjvLmMkZNtbMBICUzskkGB6iv038GfCT9nn9mXSG1N4dO1LWooh9o8Ra60NzeSSKpYvbwSFljYNwDGoYcE9OPl74m/twOIbvSPAFskqpmKK8dRFaQICVUQIMbQMZGFBGSMcYr4X8U/EPxR42u5b7xBrF3fyTL5gg82QW6Dk4SMsF2jgNj7uPUV+dR4f8AEHxCrRqZ5i58PZFNp/2dh5SWIrUnayqtNTu18XO0t7Q0R9E8fkWQR5cPTjjcZFJe1lZxUk43d2trvprdff8AdPxm/bgvtQe80j4eKwjXzIDq10AsccYUqHgj3AAKM4OM8ggEcj86/FGveIPF+ovqXiHV77Vb2RtzNczs1vFuOcRxliir2wAMe2Oca61WJXYyPDDEMBuCCzLyCq7ccEDJPQDrjmuM1TxEzOFtR5cTsytI7YDcj5lU88dto+mRjH65wrwHw9wrRisDhKTxDS58XWj7TETfu3fPJOS1tdRsla3kfK5pxDj8zlapWcKS2pUrqCXu6X0fbVuzd7LoVPF2oQabpWqKwMkiWdwuUbG3cuFwBwAO3GO5yRk/D1m8b6xauDtzcLI6/e/1kpPJORweDnr+Py/TvjW9T+w9WUsS5tZGDgkuxI6nOCFHBHcDBGep+VtJRZNU0ryt/mvKu9WLYYh8hc9TnknsDt61+kw5KeHUlJa300TS0u1e7Wva1krN72+RqzlUrqKT0kt9btyitbpNdN97K2tj6jtrgmOKPeQ2zIYEn5cYwSOmCMqMgDJz142oWcLn5j5mFQksTggAlR0JweNv0PpU/hjwXqutSWcNpBJJLcFMJErMQrKAyPjIDcHr93I6ngfXnhr4EaXotraaz40u4bSJCrppe7NzKwx8hXJbJ6DaDjk8gnHxWY5vQwrlzTUqj+GEZXlK9rKy6vTW+rW+9vt8DleIxHLaLhGKXNN/CvdS6777L87Hzj4W8Aa94nvDHZ2tzhyB57xsscanAyXI2gAZ3cn0yMkn6P0D4deE/AzW8uvSDWdWZQq6dbDzI4WZSQZCmQOcksQNpPzHk12eteLtN0exFppcMWiaYp2rDAg+33gGFwoALxhsZ3NkjcDxznxvXvEN3fvEsBOl2DZ88rh7+6w27fLKxLoDwSFKgc4U8E/M1MZjMY7ybo0dFZNqTT5d2uvWyvbW7Vj3qOHweXq11XxFt3aya5bWX6vtors73xN45ARdN8xIbVsBNG0w7UVFb5RcSJwoIxuVSCRkFRjLeVXesXVw7/aZDDbhisdlbEouwc4klBBbHQljyevocXVL22s4lRGBJz5UhbEsrMAFZmbHAYjkHJHK8ECvP77xFtWW2MqxGOIlmLEuM5OAcc5PG7Ix0HBArejhadlKKbacVeTs07JXV9ru71u+mgVcwqTco35YrVJaX+G6f56WVtVa2vZX2rWsXmTI8UcGWVlB2/dGTjGCGzxk9TkZya851DxRb+dcCAhJAhCliSoTGSTyy5yTkDPIPBJrgdW8XW0MQiEhlO7Byx+bIBJ5Iwq5wWHHTAwBnybUfFk816tnpy3Go315L5cVpaR+dLLkgJEiKCzkPxgA4Xr2Fexh8BOdklK19Ot9nro++6vorPay8rEZkqaS5uyb6vZ6K+930T3Su7WO217XpElmmM5aLywcu+0A9SEBJwCTnnjnqRXmkN1r3jC/g0fwzpt9rOqXMwWOG1heYruwgLsilVUDqxyBjk9h9K+C/wBmHxFqlivjD4zavB8PPB7xi4jsryQJq99AAGCRWzlWj3gkESLnPOCMEzeKf2kfh98JNOuPCPwJ8LWdpcorQzeLrlEm1K4faVaZJnDOm9vm2qwGeRjv9JhcDRpQUq0ry093S9rx6bp2bvu9L3Pn8Viqk3ecnRpNLfSb2tZPZvfTW61djV8Jfs0eD/A1knjP9o7xZa6RCkaXFr4L0+4ifUbwkB0huCjt5fmYCMMArkgjjFYHxI/bFfTtMk8FfBTQbXwP4WiRrdJrNFTU76MbkDyzKBJ845dmyQeM4wK+MfEnizxh4+un1XxFqt3eyvK0zSXc8khLEnlY2YhAO20DjB6YrCYwW3zSsWO0hWyGkLYGMDqqjIz04zt5+UepBuMeWjHki+yTa2srrmlsru7vo30seJVxlrxpK2uspJN+q1bT+fRLQfq2taprl3JqGs3tzf3lxIZJHmleRmZjuDOzA456DJGM7SoGBBma5KBfkUMBmMc7h95Vx1LA4Yn0PQ5NdX4Q8BeKvHupw6foWlXNwZWUfJEwQISBvZ9uBnOBnqcj72Af08+DX7EWheGrG38YfF6+trW0tFS6GnzStDGFRQ2JS5V3djkFY/Q5GDmtIw0cpdo6vrZxej1bfl2suhywVevPRStdSc23a65dbNq702vZPS29vg/4Vfs9fEP4r3cVp4f0S8Syd8S6jPDIlugLEM7yNgEIpJUK3OTnHzA/pn4J/Zf+CP7PumW/iH4parba/wCJUUTQaLGUlkEoAbDQjc+N3y5cd+wBzveM/wBpbw74M0ubw58J9LtNG0+1jNtLrckKQowjUoPsURUNMxxxI2WJw3YY+Ldc8Uav4nuX1nUdSmjhldpLjWNVkLzygv8AN9kgkJIBJAQKoGecem9N3ajTTcpW1SvZu3ZJW6Lr1exVSphcLGTqSjKUdW7rli009dH6WitNrts+lPiR+0XrWuWTeH/B9tH4Q8OKRBa6Zo0KjULmLlVMrRAGIMAAc7e3Ck5r5R8RXtxbQySa1dCzSUs7WUUhfU7qRjkG5k3FkLEkupAO7IYYzird+KoNLguIvD0bM86lZtWugJbyRwBnyQ2REvJ2Y2sM85wBXmGrTXdwTPcSvNcTMGd52LyOT6tzxzwOeB6dPUwuBk5t4izdtt9W01JvRK97r8VrY+XzTOZzglQcoxuk5RVlyq2i1e/yt9xZguUudRmmhQWieWwRY+JCg+5hhyHY8O2QTljnAzSx3Mks7TscxsQGZiXyy4Ck5y3OcnBIJ78DFXSLGbe6OAWAJzycA4xweCOvfOf16O70ySJIxCg2kISShGGOM9Rg/N978TjiutUoqfLteySs1fVL7lt5WSs2eVF1atBVW5NXbd923Zq9/nr5JrR3M7Swk0zM5wqs5XJY7Qe7A8hPbHU56g46eGyVZhuAISNnVGGAV5JJ6Dgn+I56elMsNOgsVMs0gwcktheXIVlATuB39SOoyaYPt+py+Rp0EjlsRb9rdOhywIUL0z0JGM5PXtw2X18VPkpU5PVJe6223ZaJKzbvvsm7I5cRm2Cyui6uLq04xjecnKaSUVFXcruyXXW1ut72IpL+KCYQwxCWUu7MEy2TyAMAfdBGTnAHcdcaOjeHda8SanbWml2E+o39y8cUNpbwyShXcgABUViWGVUAqpBJGMjn7i/ZX/4J7/Gj9o7WrOLQNDurPRXkiN/r95A8NhBE5UsUmkQCQ4JOFJ6AAEnFf0+/s+f8E7/2Z/2MvClv45+Kd9oF5rmnwCefWddeAQpOiKzGwtZzvuGyuEwCCMHIziv0bJuApU/Y4rOqksLSm4ujg6cHUzDFNuLiqeHScqUZW+Ookkm2r2sfz5xt47UoxxGW8I045pi6SlGvmNSaoZPlzSXvVsW0oVJR60aPPNysrrc/EH9j7/gkD8UvjVd6Z4n+JEFx4N8IN5M0r30Lw3d3BlXKRW7EMu5OASP4hnbX73w6P+x3/wAE7fBCW9lb6HB4ht7PLsv2W68R6pdIoAA+89sjPwTwcNliAtfG37Wv/BW3StDsdQ8F/s/Wsdla28clk3im4iijOxQyA6dAoxGp2jawQfLjopr+cb4tftGeLviDqt7q3iLXtR1XU76aR3u726knkyxYuIlZmEaEliCoxjbt3Cv1B1sqyDDcsqMcBSUY2wFBqWNrrlX++Yp+9BNpXpQSsm04o/mWtgeJvEHMFVxGLrZpN1HKWOxEatPK8NKUotrLMA3y1XFbYiu5XfvR0sj9TP2wP+Cnvjz4qS32heH9Tk8HeD2Z44rHTZ2W/vIckLLezo4blD9wHAIyMZ5/FLxx8T9Q126lRruV45JtzyeYzGU5J8xmYkkk/MSST2zkEHynxB4snuXCvK+SWzJI53nDE4JyMAnrk8DgnJ44Zr+5ubhEBAUqxbBPH+0Txk4wNp5OcDng/l/FHH2IxFKWGoVI4PCRT9nh6PuRs2lry2cpvdyk22lqz+j/AA28Fsvy2VHFVcOsVjJuEqmJxEXOo2uXVSkvdSb92MWoxWiSOxl1gpqI81xJEQzuC3yjIO0AZznjB6lu3HNVr7UEmDbGCxgZLbegY5yCRxwc9fbp14y/vrOyCyzyjCBsA7hnHDbsnrncPvAgHJJ615jq/wAQYVikjsm8yUlwFJwrHkH1yFHA5J4IGc5H4jj85qVZyqKd25Xb1fVO+qb11bd9rtH9e5Pw3hsJRp0lGOijsrWaUd9H10vvvZ7M9T1TxLZaRA0t3cINxyhDhmK7SAQuSPnz3/iyMA9fBvEvj2W/863s5XhtXbbuOS5JOCeMnnnHB49O/D6tqOpamVneVpQScgtlI/7vytwMZ2gYA9Q2cnnNQcKER2BfZlwuCSc9COSB1IPUkYzivBqYmdWafPa/xL5L0v62t52sfUU8NToQtGCXKtOm1tP17+m6nvZLpl3t5sivuIkLHLdMEnJzjJJ6ED26513cpNBGAmx41CyE4CsdxB3EckjqM88jvgVpRajGlukbgMq7fLVsn5cfMTn24BGM8DsM5t2YmIeMeVFKGYjOQST1A549cEHHI6VytvmTk/eva6ekruN02n29NNtHrvJLl6Naba2va212t7bbdyom6XK4GUC7QCyhs9c5PA5645GMbiTVi2uFhmYlUxgqAwyV68hsHhiOOmfmycdLVtbSXSyqOAqr8wHUcKp6ZIwcAerHGe7Ly0itnjTfnAG8quM5/vehPfkE0nNN8q3bWl9rW8tNdlr312KhBxS1b20lur20eit5f+S9ERXMSFEuT1YsWVR8vBHQ5xuBIJzz2PI4gjl2qwz8r/d3H+EjACkHq2MAE5HbHJOjdtGLFSSQmFCDAzngN3B4J7nn3IrDUrIfRQ20Ek5UH0zuyB1AxnJPHJyQblG7S3t0d1dW6+ejf3alTlKL06pdVrsk7u7aS7etrXZvaWiXEgbLFIhwMbgWOfkYcnacDgc9Mcnmxf3EsMckSDlzliOQAu0benXggAHjPTOQc0RTWqI9u7gsvzYyAOuN+PmOfQ9vbJNlpTMIYpNoLFllKjJAO05bODk4HXOATwKzai5391xS2+7Xzbt+uquxSjGas2+ay0T0+ze1raqy2328h1jfFd6Ngs6hS64OFPUsSc59M/hjIrZZV+yOYBGskYb94qkEAgA5bJznngdeh4xnFkht4ZI4o3YeY2GlHdeuee4yfYnJ6YroY5La3sXgkDuVRgccNIW/i56AY7984ycVFRO/NG+qS9dY63stb6LvZtvUh0dUm7vf3mlL7FtUr30tfd9+2LJJJJbO0iMAkZAePG12YAHJAPqD0PbtwePYgscDBHHBBzzk85xyevPIHBxwNOe5uGLRws8cI+UR5LDgkgknJI6nP1HXNUvIZ13DGTklQeQeORkc5GCCCf8AZHIz20IKMW21Z9mmtoqzd3a+ivtrt1Maq5kuXWzs29tbXV9W7WT13+49I8IHT44lF1LHA8j/AOtKhnVkywUDGSONwJGOM5wKu+I/Eds9sunqouXjkaNbwfKViXnBC7eMHGSAxAXtyeItzFY6e7lt08ygKpYZXuWTJ98n6+lZkl3vjG5ScEgKeCueCxPRiOSFORkEdMEcv1WM6zm3Ky297S7cen2lpZXv63ZUpRhTirtNpNrrpZXdrK11ponfVXTu96K8vJGMFogVZGQpgcv65DDkYOc8cHHYE0Z9JuZriQHMjuQSin5wSRu6ghcHk+nHINdL4avLGK1Zroqzq+1lbAZY+o8snAycYJyMcjJzzatZLKa+vLqJ3jxgIpIGQdwAGPVeOCTkc5xgnPKnKTjFpKybdnvy2ellp5Py7M2hSg4Lmad03fZq7V7atPVtNaarVbW88ew8tpxMSjR/KoIzkjjBIxznn1P86TkErtyCuA2c9Dj/ACR0zn2rq9ft0B+0wbo43bOzJLBsckggDOcZ9TnPqeQk5YtjnqegHUDgA9Py/MGuqjKUoKTa16W2tZaW6P8AXbvzVVGm7R12u/x0a2t010TtsSK4Vicj5STtxwTn0wfcj2OCB1pXdWYuAM9SBgjgck4x16dh+dV8dO+c9Ov+f/r07gDr/CMjHfP6nk89QPXBrdvS1l30/wCBp8vN31MlNrddF3v/AE7/AKvRBIwdiwULnqB0/mf8/hTKCCDg0UiG76igkZwetK2OMHPGPpj/AD/nshI7ccc89f8AJpKB30t93l6evUKXBP8Ank/T1/8ArUlOUgdfbH4f59sH2JoEJtPbnp09/wDHt+uKSpN4x057A+vPOfb8P8Gk5Pr69s44/DI59PyoAbRRS8n3P+A/pjigBKkQAhs/iSOAPXOOOf8APrKCipgBWYHPPUevoOgHfkAgipIInlfairu/uc/N/ez7Y468EDOe4O3e676bba/n93mRIAqt8hLHK8jpgg59Ow4HOe/SrdtKsau7ozvkrHy3GQv93BxjAwcL365Fdro3hXxFrVvu0nRZrmPa4LpEWBYDLYYgc8YHHv0BNVW8Kaza3iWNxpl0lwxBCtGRkFvmPQcKAScr7AHGawdei7xVSLlG6lFSV463T3utNdtzH29GMnF1YKUd48y5k9nonfd20+fVLnxZXs8DzxRSSKMhnRR8nfGfcKRnn14IFE9jKkcS+XKssiLsBTGVUZJOFzjOVwSM5AAJOK+mPDnh8Rx21obe2JmjDyrjdtdDgiRSeTuBU5HYkDPFdBeeFtDutPkL22Lu0mJd4wwUqDuCxsxwoIyCNuOxwOvnVM2jSqOEqc2rpXs+6Wtrxs7PS+js9tDyp51Rp1HTdOeskk7WvdpJ6tb+j+d1b43htp1lXy0JdWA/3WznJHUEccHHI9TX0T8PtWvRGn28O2nWpTeANwMhUDa5yQ+c8jrjJ68DrNI8LeHtSmuXKR2SqCqRSJu899pDZIIIOR8pUZyxGMnjprT4V+L9SK2ng3w7eXULozSrbxSMjYxhgdpQFgQw3kDHQ9cceOzXDTp8lRxpKOrnVnGKV1HW7trvaz01S6s4MdmdHFQlRlB0+XeU7JK9rPV79Uu606HY2Emi6fet4jszZWUcdshuggG+UOpB2DGUc85BwMDjmn6d4p07UNQa21O9l/sK7uBJHAZTLJGSciQKxPBPAySQCR14GDH8OfFHheX7J4k0e72Xpy6vFKER9uRHJIQYwxkIBUYzjPTgGgfBbxzrevbrLRrqS0ZwoEDrtht3O53LZAISM5APK4I4xg+BJ4OpCpWq4unKnyP2dX2nPypdIyUm3JX92Kd7tau9j550cNN1HVxClaHuTu5KK0urp2VvspPW+/RP+LXiLQbG3tRoSGC5tQD9rt5AZJ4lIVcsOUYgANk4PAHPFfON1rmt+I7hUaO5eONifMjjYsTtODIy455OSeeNxx1r6F+MXwxs/CUVvMl3Gn7pfttvPcLJNlXXcVCscDfgEdsDjkA9B8Ltc+Hr2aabJHFC8Kxi+naKPzpFYYKoxU5OW3KRy2McYyOrDYqhhcvp4jDUamLak0p2fMvh35nfre67pXs2ehhalPC4SNWlSliHzOPNa01G60aeqjZ2Vk1puanwD0LTINP1DXNdaKLVLeEmxnuRvSBVH3hgEGTgBRjOecgiuN+IXjGfxH4q02O+vUSzhmWBpd2xo4YpRGJSFYc45GcLjkAZFeiePvFPhbSbuCz0mIraNbFFEWxEkJ5jldVI+YjBdm5yfQZr4x8V6ys+tBonEgVz8wYFck4C/L2U4Uk89M4AyIy3C1Mfiq2Prxqw9pTlGjCV17OPLaydt+r0dl8T1ZpgsO8ZWniavtFzQahGVrxVlZJ6Wad76XfdW5T7d8Q+G/AKeHYdV0rUreecwBZxFuFw85IBdywK7GJJPBx1I5zXo3wM03wPd/ZrVNLj1S6ubpLa6uLoK4t2Y4zFkEsMFjgEHIr5l8H+MdD03wudO1HThqd3dRpG5QbsEriNVOGxg4DcZyfmBAzXcfDKPxjZeIYNTsWOkaTDK15diRVRbe2L5LqrKAz7GOzuOcba8nMcFXeX47DyxdanJSnKhVUlDmdk4xi937zezvrq7aHPiKFWOGr01WnTcG3Cd0r2taKitWrt9em9t/0C8d/CP4Y6DpUeoGS20LTgwGoTw7I7u6llUswjRwWMZJwGIJ3cAkk7vELbUfhd4G0/URp/h+0ntdTDR293dxrJcz7iQHydzhW39d2OnUHjw/48/E6+8VXMVppWvyanbWUMFuIom2AMBk+ZtIDsCCCQTgYrT03wlbv4KstZ8WavJDLcLCsFoJN3lQHBYxL1MhUDjngscgnA+TwGS43DZfhp5rmmLqSrVFyUYSldK6cVZJub85aW7aHFSw9anQhUq4md5yXLFRu7SaWlnaz13fXbQ88+KyWjWOn/APCPafEu67MyXsEOI4pXfd5e4D5yM4AzwMVsfDr4UfEfxFfRS6gWtLG+RRZ3c5C4Eox5wDElY1GCWx90kAgNz6L4q1rwVpfhvTbGxg8+4SJDYkgMVcn5nmjbq7kFiSpK4PcisfWvjTY6XocVp5+26EEUUUlpIyPGqjmGNE+5wqhiFU4OCRkkfR0sVmLwVPD4LCvnVaVP2mJ5qklG65JKPurZvmvotvTrVSvKlGlRpNtSXv1Pe7PtaKSV5b2T0V7Gr4x+HehfCiG6k8S+IrjWJWjj8n7OzG3V2J/dIdzHeCQDtOMdcDFfPZju9cvrq70EuY0DGMMQEghYZjZmONzAgHauMHB9a6C9u774nXdnbzaybfSYihlW4lEsiCXHzMrliWUDnoQQPmr1P/hVGg+GdBkx4r8v7TCZTCHWO5vZ2/1SwplSI3Jww6gDABzXZh639nxjSxteVbHVWrxjT/dwi5RSVopqy9U2nfsXGpHDKMKkr4ipa0YxcoxV4tK1+u17LTS7PE7vQfFNktjeajq4nmkKiG0glBkbBwuVzgg8gkg5Ht09+0m28O23hREFmkWriPyrtmj826kkkGZJIsA4WEEkk5GD2HTgNO+Hl9JdtqOvzXFhaWSia13O0jSqCGEW7O1CVwWzz8xxjmu2sfEfgPQrho9TuJbzUryOSAokyskUciBF2lWO11Qnnoe+Dg1njakcSlCi6ladKpFzjhoNarlTi3FW0Tu79dLJmVebxHLThzVZQ1l7KFkk+VSTkr2er0+Vt2vPbnxl4B0LUbS0jmnnmhSSe/8AObyxcOCSYzIBgAHI2/dx0Xivj/4m+KrfxP4ivtRs4jbW6SuYYVJbjBVQp4BXjGFyWOT0Ir1D49v4Wg1WCLwwzSlo91zLuXc/mZOJNrZVgxIO3r3PGK+a3ch2QgY2hQFwWB5A7EDGeoPzHgHAAH2mR5ZRhTp4yMKvtZwty1viivd00tqrbu7t16L6TLMFSpcuJtKNScLONR7RXKraJ6973ve97IrOjvtcjAJB2BgvIOCAxOAcAZJ467ea6OGxv7xYbRImcfKxVCzSDLAIp6nBPfgDg/7Qyoo0jC+arbsFl3AAZ6rj8cZOMYz3ruPBgmmvJcuqJb5mcbsGQICwjLNj5SeozjIGSByPpNYxuoq6V7PXXTSz1srv7Xe+t2e6l693azXTdWWnS1rNb7mxe6M2kabaSW80n2qbb9oggyPKAPCOwGc8AvuPbjpgZLTCCZzPIzSTxoqIhyqcfMx54IXIAOMkbu5Ne1xiHxLZRWEK2+nS2qNc3FwChM5HGzc2cnbg8YOR0YA5848U+HbTQo3uEkknRwY43ZW3mVxuLAnC7OSgxjc2ADg5PKnd2nyxk5Oy6bppr7W3mltZNq5xVVKc3FO8VZt6JXtG2l+u1nbV6K5l2uuto4tprS5ddkbgsMrM2/hlAbHGDweMDOOea0tL8VX0twBCXWUvkSB9yuXwAPvYznGT0JyDkdOVstFjv4IlVpHuHyxYtxGrEqByeAT1OOPUV1ei6W2g3iXkluZreFPkaYKInl4PCkneA3AxkdjwTWUnFSkrpuSWyb1tFO+iavZdE3ra+559T2EE1o5X0WlrpRilum72XV/Pr7ZYic22m/2hJK94C0024jaVYYVXYdASeQcjnGMAY+g/D2q6Bq+ly6Gs8dhFa6XO+qJbBQ11Js3YjIGSeNpIYHDbTkYrwKNG1Pw3HcyXEcd3eyho7WErvjiXbl2PDYJIXaDwATgg4r0/wLZaLodjf6pchprm4t2t4WbhFCph5SpwMDlRkYYn5SeBSXuRUpLW8VGOq0aSbtZXWjt5b62Z8tiJtufMl7sk0r6O8VZNPVuys21r03ueewIxu71bf7RY6eGEFkWDJFPLubazKeGYsdxIz7kHIr9n/AnxV/Yj+Hv/AAT28deEdY8P6f44/a48bWlzp1rq9/BvuND2zD7K9nclSbSC3t1dWMZDMwG49QfyWg8WeHLyI2dtZLcSRLNHBM4XaZSXLS46qqEsC3zDP3eeRj+FNOZ11bUdTZGhjhuQDEoeRFLMfmfB25yNrDnkDvkfZ8M8TUMkjmPt8ro42tisJLD0KtWU4/V5yavUSheMr31jJWaTTVrowqtShzqCg4JXThFKcZRS5JJx9yylzRlGzTWjTWsVrNNeeHv7NVIH/szzb26kXO5jG+8orkfMM5A7kDcetfPPiG8bV9Xmurye3gthEDb5AJzEQqkjkbhgEg8AgdxivcdY8R6VaaAkNuixIzTxtJB8kl4Gz8j5wcKCck5zt3AkA4+edUt0u7ZbtGjLtLtFr8oKorEIWLdSeCcZBx1Pb56hByqTqybXO7RtstVLXRb6Jq2l7dDTKoTUpVZqUUoqMZJtxk9NW2m3rJKXppq7LrPCI0e3u7aTVTJeb5GuJFlOIgq8R7Q3B354AyMKQBjGexvLqO+1BoxJDBbz3AeO0YBQsKElXYEcl+o6nheg5rzbS7eJZjc6jE8iW1rvEMLYaEqo/wBYWwAAeB1ye2OjrC6uNQlvPENwrxadb/urQgscyg7UUjqx6FuSucnJIJrpUYc+srOy1bV7e70d9LK9nrrtozrrYeNSU586VlZJ+63qvdS1Wtne9lq7+fvcJv7fT4tXt5ltbiGRILSKMr500aAgOvTJwexxtBB5NepaJqvhXxjpdvpmu2EkuqC4xc3UMStOx/hmDIp3Y5DAnjnHOc/M1ldalNc6dHLeT7Fi86OZh+7UEEhNo4yAOpGcZyc4x6l4T1qHQWfVbm2jhtn3wJcO4DS3DgqZVUckKeSMcYPcc2qSVrPXSzbu0k09LtJK997pK2j2PnMbQlOPacXpJy+HRPy0Su30srXaZ70/hGz05JrHRJ7e7CFGsYAu2UE8Pv2YBO3ghwc4GeAM4S6nq2iXk1rBDfWAnjMNwzKyRKzACQRhwob72cryD82c9ZLDXorCKK5srmK5lleGdZ5AVkWSVixjXBB2qMDB4HIwPu16m9zY+I0sdP1K7sYJJQJTfxBRIs2AHQj5ckggEMRz83OMV6FDEVKTjGb5o6JP1VrKz2S69OjPz/MaEpuftU6kE+aTstW9Ft/L3W9lomaGjX1lLo5E7nUGgiFrbTzZIt5GXdI7Mc85JUckfL1zyfNtP1FdNm1OZpjNBFvUzLJtUTSPt+RAR90HjHOScEAc9B4xmtvDVovhvTbuF7HzI5Z7xNrSTSzZAiB3Z2nseMZxyFGPK4NOaK4n0+5lZpbgrPFbqSqshIb5ySMsw24yduehPFfeZU4VY0nFrmfKnps0otLdtJO3W7SSPz6vgYXryqXpxm5KMU0rRatq3qm7XTT1V1uz9nv2V/2xPhj8G/CWj6dJ8ItB1u/ntGW+1e7gju57zUnBVbhWnV1QqSDgEEFflGckfrF+zb8H7z9tLUNT8feINV1fwz8OtKhWa9srEvbQ3V3HmSOwsVUrEIoVGZGHRAQrbjX80HwQ0GDx74x8I+D7SO6WXUta07Sba1iLEy3FzPHG0ikD5doc5dsDk/N83P8AdFa+H/B/7JP7KieHknstEs/D/gM3F5MZY4b/AFTWLuyLOkZyHmlMrtGJAWJwAoXmv6P4czjE08nw+HpQpRxOInSwuGlGEU6ajye1rNNO9otJOSaTldu10v8APrx64UyXKM5WMy2GJxOcY2VWtUqVsRUxDpQm+WEKKqymqbq1bRg4WagpcuqSP51P2kvjHo3hn4k+LPht8GrSe38OaFfwaeonlM13qWrQuLd7hHZiGdZFJbnr0ABArB/aF/ad/aE+FXw08K/D/UvFseiy+LNGW8vvsTRx6tLZyoEhtbmWIiQK6FU27gRjjgDP5x/E/wCJ8sHxeuvEVvczrbrr1xru13KOrPePKschcqZCc7cEFckYBrzj4vfFzVfjP4/s78DUruQ21rbW893ukjt0hCgoi8pGgwQNvLDPH3RXm5hxHjpYvFYZzlVlCp7KM4NatTUXL3er73u2ul7H3nCngLl2Iw/CmPxuAwlfD4TBvMMdUxdNVKtTGzoQajKU+Z+zjUnKTi7r3Yp9D7e+CHwo+In7TPiGDwrp+bbU5LWKW61eaSSSd4GffIZbgkMNyFiFzgg4xgc4n7WHwF8Pfs6fEG00KVb3xFd22kRSXJljYRJfSIFKiQgiUByGABJC9TjIP7R/8ErfghqHg34anxx4ih83W/ExRoGKq/2TTIVDqzyn5od4I+UY64/hGbf/AAVe+H/wf1H4ZaN401jX9N0jxfY3pisbWzEEl5qu3APnCEmV1jJGA3QZ6c493Ocro4rhpKdNfX5UFiPa1G2oWSk4NfCpOCbUmtZLlvsj8DwfjjjMD4+z4My3DVJcK5fXlk8lgKCk6mLnKFNYiMacL1KVOt+7aUkox5ppWTP5idZtV0yA6vr92+m5ljlstOVVY/ZnIfYcfMoII4A4HHOCK6C607wlP8Pm1rwo2qX+sXN7t8Q2crkQWsLn90UxgYYMpGAevvXO+O7DUtWNtp7TPcLqc+YLiaJj9ls0O1TkAYQcP82Tx24NWLnVr/wb4M1Lwxp8cM95caczJcWyo0svlScSzdVAUYK5JZVwM8Yr8CUFh6ldVY+5FSSfK1LnSS6+7ro3ZW2XTT/QXDThicNgp0a7nVliKPNBxbSg5RclNc3Knu3dbprul8z3Nzdz6teaZJaw3OyctBaOVL+VESxjYr92MKANoILfdHrXgPxEnutd1aZZIINPjACRWkfyxxCFihkXGPLOASAOvYHFe9adpOq39zN4klMEEkMMgW4mdY1ku8MGVlbliUzgAFWOa+bPEN7q93qWowXEEk093dyRQyRQjzGVWPyowUAZODnBB4554+EzOtCUZ88Lc0rfDf7Stdtf3vv6bH7/AMHRSxPu1IKFKjBN8ysm0r9VZ9G1ezdjn9X8Ia/p/h4+IPs7nTZJRDFcK7SiQKSN52namMH7xB4O2uEbWLsRIkF3OoCssmWYquc9P4sc9RyBk/dr3u08Ua/D4Ku/Ad/A1tBcyFrZp4B5pIBLElslFBwu8EKQT+Pz7fW0tiXSTy5GZ2RxEwJUI2AxIweRk9shvu8Yry6lCm405UeijzOSatLRrR9362SbVm7H6rldWGInWjWjTlyVWqTj73NTXK1tJ630fu7JvdaGmTvPco6IryQSCR97fLJlsknGQQc5wCcnpxzX3l4t+Dng2D4EaB4/k1XSDquokjVIFnH2xGCny4ooi2dykYbKYJ4242mvgfT4xG7yqCrK4McQYAscjAOAMqOpA56jpyPTtd8XTXnhO20MCWK5tZmupFednt1LYCmNMkAnjAwOmWHTPr5RWwWGoY1YqhGtKpQ5KUW1aNRNapNNqSSfqtt7rHO8DjMRicueArvDxpYqFSuoqyqUo2TilrrbS0r3T2vv41cXLW95eRwvJ5UbyLGqAqhXdnJC42schcE4UdmI46bRNWYwwwyKY5FYJEYlYyEOSCXxk55BHPfkHoF0vSZ/Pt7+4iS4S4mQtbsyjzSvLgkg4yeOAemMZ6fTmofDHwD/AMK80rxt4e1v/iq7nU2ttU8NOitHYxqQBMjKdwXktkjAYAAnrXgvK6uKp15xhTUYR5+WTV+S8dk7XeqaW7Wu1zsznN8HhKdHD14Tk68lSUow54qTjFr2krWipa6vS+76HmVnFazWyZWZygMbgYWR3kHLEn7pLDsvJx+HoPhQ2+h/v006TURCocuY2zauwyTvxlWXPUEY56V5vqEN7aTxKztsDlTJCp2sccYGecMTnnjbzgjJ98+GUU9/HLbyy28cYgRtk6hhcKSOZNxyuB94EnsSeM18BmuCVKnVSi3FytKKVuW/JZpJ6avZ6PX5fn2c1bYWpJy5qDbU4x92STtqlHma7L7j0PR/ErajHa3MFqbSGIpuj8vcGmLcOXIH8XUsfTsefvz4B315dajaTXfkhx5DRoSmZSACCT22gjBAIBHOQwFfFKaakWoWEVnbWi2sMa/bPs7f6O8yjcCRjlvRccHLYycn7U+DENvCkeoK+24lZhHEckQxxngowydoA4PfucA1+W5tgKSrUHGmletTXu3Xwyi5NpppXUkvk9Vrf+S/Finh55VilSVnOlNJczbb5GrtO7+0k9tnZ62P7Uf+CGF95nhD4rWzOGePU9OdlGMLuEmMDJJxgqSMDAGQMjb75/wWthM37IczqpJj8WaKcdSMyyjOccY9c8ZyMYyPjn/gghq4u9O+MFvvyFuNJZevXdNnORkcn7vZeODkV9nf8Fnpol/ZIu1kkCA+KNFKsRzlZZT078cjAznoOor+muFcPyZrw7e/LLC4aTstLPCdL9rW6LRn1fh9iVH6Heb4eUkqmHy/iDDtN6prOKtle11pLp31VkfwdePfC8/i3XrrQbSwubi6u7uSMpFw0gk+VVLHOEz1wCABnnmpLX9luTQvAmq6tNqCabrGmCSO9t7uaNQ8MgYiG3UEea+CATtJPPTJr0Ke88RWXje4uNCtpbi7hu1mVyqIPskbqWy5AYZ6gglh1wQMnkfj74s8T+J9eisNPZdMW1sbY3Vhbyyu93dkKd23lZJHY/cP3STwBg1/JXjBiMe+JMRhcDUpYehLGTnVqS0k1Gd3HfRX0Sas+9j+fuGc9zmGMyfK8FiaOHwbo0q1e7i5OSUWrtu6V7WTjvfU/N3xv4bn8CtPNNdJcfbHmDRuGNxCSWaNQHJJ3ZzgjoRkkEE+Wwa7LKqT3RuNRSHkWpO1oogwLbyVyo7YON2O+0V7H8WotS06ye88VRltWmVntIJnKTRrE7FWkQlQ/wAgC5HYDmvllfEckMUtwTHAt2TE8IJd5GUkjjsT0yMY6gckH0OHsJLF5dSnWjCrPl5faJKzVopuDSe1tW976as/urg6lLH5bRqV0qtRxjF1Et04xTaa83rd9L6Kx6LL4juNWuYi9xJbQwK5htwyssKY2qZSCcou3IDnhuwNeZ63KkWoPLPqxuI5HC24jcs7Ox4DKPlVFYbc9cHv0PN6lrssAkkKPb3Nw2WiR22mIcncAc5I5x757nM9lZ2t9Y2lysq208txu827BBOCCBFuGNnUcnj0Br6ehldLC++oKEJpRsldp2jr8KvrbVWer02P0LD5bDDrnjFRjJWtyp3ty7XSe/Za30etz1SbUYbTw9aT2phjuLcETNw091PtyignJbb8oJJODgdjnwfXku9RkuJZ4g8pkEzleWO/B2YHI4Azg54A9q6bXjfedbxAyPDG6+VNCAFlZTsYBQAd2VyCB9MjGKWorZaYbaQzyzXcql58H587Tj5eB8vO7IHbd6jtwNCGGbqQvKdVyd1O+yT2adlor66aLrY9bBYb2N5bzqba6qzWjumtFa+9mtN9OetDDFCyzp9lMKltvl7iWc/Lnr1zlhkDPI7Vs6fctLblWieSFRK6lVw7EkhWZjldg64zkDABIxmtayW9/HdJJyoTz2l2gszDkRsfugdBkHJ5z1ArS03UJrqKO3EcUNtuFupTCnyifndgcHIyc4yc9ezV6E+aV3a7unZaJXtd9nZKy0V+x3uD1sryVr2Wi1WiXV9u61tffNeRZIfLtgwZX8xx1BIYY3HnK9AcngewFX1uVEUaRBZJVxLMCFCjA4JJDdOVxnHQjirNzJpVvNJbgpIFUKrxlQZHOA28cYA3c8Acgjuawrlfss8k0ALxy7YxgYQBxkqcqfug5BHUlcDtVRTnFKzt7ui0T+FJLezW1tL3emxmqbm1dOOkdGnd2tqktnFcr7723RT1PU3uJC5RfLjOFUrgGQgZIHU5OAQOjcAcVkwM8haS5jlKZZAdhXHOABnO8dPp0ye/QTvZWS+VNCZGKrIk8ucK7kHBU/wjnI6HsTgitFpI4Uhlllt54ZFOIyvT++QowSVOM8dP16YU5NJKDvdJaW21et30SvdWa666dNLC7aRWml032vZNrVXs+lkcvcWqSGOON2SNVDkOoTK4OQTxzjhucgk56EjmNb1UW8MdvCxJZiy7Du8oAY7n5Rx97t171a1PVJXmdw4kjZmCxqSAgXpuPBwVyfm4HY5wF4iRpJLnzQHcSDhcZUtnO0DqOv6L1AyfRw2Hn7vtE+WysnqrKy2S033u/O12e1gsJqp31Vr3+WvLd9tNU3pshmo3haRWJY7UAUk8OzdSy4+9nkAfMOxrHJbayuAe54z98DG3+YHIHJ4ya07mGWUPIytJnJCKvPAJJzg9sHPC9MY5qAxyM6BVUB1HynG4k59fmJABJK4z15HT2YRjFab2VtNOielldra6l8uh70fdsraet5a2877KyehWhtoQ6tMQYwrEIcZDDpnHQAdP4fUHpVGWPZI2NrZJZMZIIY5UAj0PPGQv8WBitx4I1kwDvXYCyoSRnt13Hj1z05OcAVBJbSRyIAoxsJTdwdrN93pknkjjpwSOQarkT2u9rfh6p930toupra/rppr13tayvfd7/gZ1vamWVFGWcsVEaklnzn7vTB9BxkgckmrE9lPBHJuWWKVX2iN1O8E8HJYDGe3GeMA4IrrNEuLbR9Rt9RnhguFiw/kscjpl2PUnZx2zkg4PWo9e1g6tqN1f4SKC5fYibQAiqBjAHAOehIz0BPNVGGqjJe9fV2vba2u/Rtu7/G4WirXeunTZaa2W+13ptotCCy1K7htPsCTeXFIhaSJuc5G0+Wx5GcZA9eB6HNhERl3uZAqkqwOTubPG1s8884HDAEHB5FZH/eBn2FVZlUenpgAAgAAEccEc52ir5ZZp40j/AHShAS+eGKgtjPRiR0BIznnBznpjT5rO2zW6Sbejbb2b7Nt20u72sub4eVpP5d476tN3vbW6irdmRvEVjlZW2qWDoSMMcnA469u/IPHGQajiwjFGhcvJlhkgk4U9Mk4BJB6EYxjg5okSURyEvuCtuUP/ABDn5lznaMfQbuc8lin2qRvKOV4Xh2GHQADkkHB9Bkk8c7f4tVFRt8ltdOzW61WvW7teztdlt22T6JR6W92zd99Nla1ldvvdkilCIsaRjahIGRkAn50+VuuCcDv0zg7qotawsVA3xBB84ZTyzDOB/EeRkZ6dOmcSWt3Ja3SXEpV8OX/eEMrDJ2qVwBjcDgH5fqKuXt01zPJdbFjR1yYxgDBPVdowQRz0xjim48ySSemnL917WSS0VtLr8CHLrsvPV3v1Wl+/o7O6slgyW7b8Iw+UnIAyrDsz8Ag4OVIOcjnGQaa8xXMKBBG65LlTkkdRnqRx05yT3roLOzhuZllXesUbLvT+LkBiSOdwzzg5weMVNdaYfs73aPEYVlfCsoWRVBHykDgkjB4wcYIzk4p0JKKldLTma6rRb266rrtbXQiNZKyb9LR1+zbXbrd78r3tZWZo+i22rwrCwjiuzu2EkrHsAOWJOAMkglsjJ5PerWneG7k6hFCjJK0cjIwTmPCsQDJg9hgkZ6Z5OcVi2Wotbz/JuffuRQp2lMHgj/Zbv2x15OT7D4XktrVhdR7WkkQyTrNg4ZgA2CcDJJI6npxjivPx1WVKhKUV7yTtbRtq17JK/a6TvZXskefjq9Sndwbalpyx1auo69F2ejaVrrz6vSNFvbG+0+dIVugF2CSNd0MZ6BGYDAxg9fQ9ea9hs7SXU1jgCB5YZFRbNPlLTNkAIpzgEgE4yMnOCo5v+HvH+n2GiR2EGj2VxeQRMpmSNGRllGd0m9Rulj69N+V65JrpvBfhXxLdTr4qW1McdtM91FBKoT7WCWf93HgFkQcAtwDzgYzX47nePxElVrVqap2laDc4pzd0tINe8+rvdddT5OdHnmpSa5m76u/Nr0Td9E2uqez3OV8V+HbnSLe0vb61MahjGIUYGVGUAHzAAAeSMZJwMjPzV4vrGr77lAsjxJkmJXJwcnd87HkDrgdOvIyFr7Nn8daHrd9Pa63ZWJQQNBLZMqhjd7CCY3OMuCOe3JAORXxV8Q9OnsdavJBCbXT5hL9jjfHCryUDHgcYIzzxjAIAD4axE8S1SxNNU5Ozg7X5oNpqWjt2SVm3ta1jSlRp88V8Ut1tZq+jdmkm0tNeuia1OU124W6ZblLhC8KYI3EFJCTt2YySvY+uevABo3E9q9vA09xKsybTNtkYiUkgY+9uO0hcjBIGcjIrlpZ2uGm2F4zHgLuxtZlJDMSNueoyBg8A9elWKQGKdXQIUbCPKc/xHdjrnoMkFvbgV+hQw0FT0tbR30u9m9bXba210/lTVn69Ok1FLro1ZXSTSsuj67vfyTVvTtKlsNOWSWa4Li5TMQQsBCx43DO5mYfKQWGe5J5xBL4ghF7GwV5IFwu9pCQ2MEsRuALLzwDwex6Hy2GfUGmaGNzIW2gcgjZnBYZzsxkZxgc1cnmvLdYonCuqvyNwOQDnBbPTIJ7+uM7RSjgabm5OPM5e9Z6xWqtZpa20fnvvoTKjdvaT6K13f3Wne91Z2+zfvbQ9JuNaaZpIoWkIaMlmHIwc4AyOAQOvU84yGzWppsocDzEw4jDPLywCjnGOcs3bAAByfSuI0tjdIDEVVyfmVV3MXYEbccgjjqPlBwSQOa+s/wBnr4P6n8SfFenwvaytoGlTRzatcFGRbmRGDraK2MHft24G7A6g4yfVyzJK2ZYujhMNRXPUnGN+Xa7jeUulkldt6dNz5HOsfSyvD4nE4mpGFOnHnk3o5SWystbuySWt21e59afsg/A9L1o/iNr1sxkZhH4dspkJVgSn+nBHJx/eDYwScnFfWXx0+KkfhDRh4G8OOkniTVYiuo6jG4d9Pt3Uq8e5SSkjqCqDPyjGPv7q2PFvi3SPgd4NjTybddcvLYWWg6LGED2sYTYs5UE7UQgMSQdxOCD90fDHmXeo3V9repztc31/Ibm4mlbeUaVidgPO3aCAMcYUkcnNf1Pw7lGH4fyulgsOoxq8sZV56czm1FN97LW19u2iZ/LOf5rWznH1swr3dO8oYaje8VG65bJprlS1ervLS9tVe0S1+zgS3LCUyFpZnkzvlkJZmbeRuYsSTnJBzn/arp7IT6jcW9lZYkuLuXbHHnKwpn5mYrwABkksQe3TBHDvqDMxjQsIgAsSpks8hxhUAGWPOMjknHfgdrPfJ4N0YRRbV8V6zbhlDEMdOspV5cA52Sup4yARnoQSK9ati4UaMpOcVGnDv70mraLRX8rPyd7HzuByjFZljYU/ZSm5tXe9leN00lZJK736NaWRlfFTxDHp+nQeC/D77raNlOu38J+a+vTy9sXGC0cbAjj+6SACTXz2LR4WkEyhWc7Yw2SEGeF4J5zjBAwTmvebTQY3s7eW8fzJZXeaZJV3MAeTIGwxJkGTkAYByBuArkdU8Owveuyb44XJEAI5YZPqCcErzxnk54HHxOJzSWJrynJttNNJ2Vk7Kz9Fr2ei6s/VqWQTwOGhTowstHP1aTbd9bt+i01sjzMwlWMZCjYM4AyytxkDb8uTkjkjjOSMCpIkjRimclQRuIySW/2MAk54I5GM9yK6260JYMK/BBYhWBDsSCU3MFAwTjJ4245yBgYg0+5jKSlH2q5wq8ntghc88jODzwNw5GRYhO1mnt1VrWXXd9LWva9+rvyvA1VKUZR1aWtk0pWTvdJWve60fR37lo77g5DkYMaqSBtGMbtvUjHQZPr8vSta3upkYMzMYkyoXPDEjouAp+XGSTwcgZPOLmn6Xd3Mfm+UFLsUQlSrNxncBjhu3QkEDK8k1eh0ieMlJEZRkhjKCFBPIwWXnAIwwB6885FaPERaW19Gvebbva26263avutndTDKZ1nFxpt3cbtJp2urvyu3f00S1aIYtVuIYmchptyMNkm4ooxyTnA4yQ3BOQMDIyPUfCGh+IJ9Jl12y01LmN0KRSMNrugHzrCirvJXaVBxkjpjGByvhHQk8Q6mmkwfMscyNdykbtkKtlxuHykfeBA4LHAyQA323oa6ToDwWU32b+y7O1BiijXDBimPMIACl2O5gTnccH5ScV59bNVQtNtStyre1trddNUr7rrpe55vEcKeU4D3pR9rUTbjdxsny3VrpXbW/RJdD431m/1Qwst9oOpW8zuIrffDL5e4koFB24Ytk5HPJI4BzXF3fhfULPxj4Z0TWI5NOm1Ge2uQbgKpWCZtx6jAGw7lDD0J9a+3Ncll8UPBZaZZz3EIvY4rNUiTz5JpWwnRQ2Ebbk8cAHB7+CfHfwvrel/Fvwxp+ouTf2djp8RScgSxNNCWJdkweAAFxyf7owK8jMOKMRGDjHZxuu6SSad72aWj673b3Z+dZDnOGxuYV8FTSpYlYLE15WmnJRhTS5ktGkpSTu3bs9LH19omnfDjQtPsLFdSsbgWoWW9ivo4zG5ABKMSCWJO7ngY29AMHzrx+ngDxbqNudG0bT1jguNkqWEYiDlMBixAAZCMEnnnpx08ol+HXjp4DPc2V+lgZC7XskbLA6E/KPMk5K4GYxnJAKqTivo/4K/DbSdW1XT4rgSJHEW+0IpJNy4O1+AWfyvlG7qcd/lxXwFbM8dXk2sZVU5yso80n7ztZbuyezXV/j+Q5/jcHkVLG5xVzuvVqRcqsoUas5KDupWklJtaJp62fndHLaT4C8MssZsreC0iAPmXixgNATgiMkjJ+7jnjJP0r9Hvgr8C/BmheAF8d+Ibzw7ZwCP7aIpLq3iuLy2tB5jlCzrmWbAG0HLcgYJGOvvf2YdIuvh5qOtWJsdH0oacRcalMDiK7BwAm4gswyPMAztO7jaMn8bP2jvGHizwHdP4O0zXNR1DStNjFvb3iXEy2ZaYnzHWINh1CgBV2kcdcfMdcJHH5fiqVbG3lK6lSjUckmnyNatPmaeuyS0V2lp+bcOYmXi7iamW4TOsRSoyk6dSUqs1+6vHmlFt2lJJtJWUXLS+h9j/ALSv/BRhovCOu/CX4bxLo+gXHmxaheyTAzXVtGDGsdqykPGgIcLhhkZ+XBr8xf2evgF8TP2rPH934e8Bwx3d+JxeX0zgtbWVm0wMt5cyElVKKxcFyC7LgYP3eR+Hfwl8WfGzx9o/h7T7W41C81aaCDzfn8sLI/zyOWJVI0UOxG4FiB8p7fsN4e+KXhP/AIJS2mpw+CrbTPFvxG8TwW0eqQ6isYkt1jjy8YRgXFsjk4BBLEZwARn0MZiI5hi6VbMJ1PY3s4Qd0qfLHSEbNLpppq7u+6/ovCYLJ/DDJMPwrwNh5ZnxhmMPZUPZ8tes6sleWKxdRu0KVPmc1GUuXSyVtT3X4E/8E8rD4SfF/wAJ/DrVobL4n3d4qaxrwhjVrSyLxqUgkDbsLHIGwHwGIIXnGfL/ANtqw1r9mn4nQp4G1y60aNrqHU0s9FnkifTrveQtk8aMoSCPaoZcAEEEgd/h7wT/AMFfPjX4X+Mfir4xNZWt/qPiHzLO40U7INPtbR2IiW12ANEYieDHgggbuvHmnjX9t7UP2i/HN7qnjgWlpqmvXimV2IeCGBWHlRxnoJY+7EAsevzGssf/AGPDL4vAU60cWq11N3v7NtWfPZa2vpbSWy6P4xeGXinVz+OdcV/8KeBhQVXE0ozjUppzipVKKprW9N3fNy8qSdr21/RH4Sf8FXPHega1D4X+Onh6z8W+FvNDC+8iBdUiG0LHM77T5ioNpIxuGCBgEZ/UWz+N/wCzz8f9BheLxv4Z0KOSyiuItN1GS1tX8hRnZcpcEL5iDIHlAZODkEkn8DNP+BWjeN9IvLnSZrd763WKe3a6ZhNIJEGFj2/6xQWyASwXd1IFeTeLfgp8YPBkMF3e+Hta+xxnfBdWEErxPYnJ80vApxGgG7ljjkYzyejKeMM0weEWHqOOJwkWv3Vf3ml7ujlo5K2qTT2fQ+Y4h8MPD/ivGynhMXU4fzuEVCqqE1aUo2SlyVHeDi3f3JR7Wsf0eN4C/ZetdAvL6C8+F91p8iyi8nudRsDdbtv+kTwL5hlZiCWQDA3YxgAGvwY/bL134G+HfiD9g/Z8v7i+sJYs6k6yEWUV6zmOZLfadjoTkJhiNuNuQefGLTwP4huPsbWms6jNbXC+ZLa3txNaxKXBEmQ8ihgp+XgZwh6k/L95fBX/AIJ/fD/4iR2Gvap8VvDdvZRwfatbtpbqFZLWQjfLChdw/mwLk4DDcUwvXjqxWcSzanGnHD4bDRUrqNJK7Xu6qSSdpcqvfVeqZpwvwxknhrWeOzDiDM87pcvLHDKE6lNu6d+VSm721331VtUfmv8AD/SdW8b+K7HSFtR513dJGYCryCXplmiX7wIBOSD1GDk1/Q/8Bv2WvgzrPw91rSfFfgDRH8YxaG7WGo6v5FoPtBtWKrbhyoDZw+CNx7etfI2g/wDDK37K2ueL9X8N67b/ABO1+wR7TSJpIFZLe8yyAwhsowhbgknOF6qOa4n4W/G5v2ivid4i8IeNfiNqHgiz1Kwurrw5eaG5SWLVBAyW2nrFERlAVVCoOcHIANeIqipyqU6kVKyfve7Ju9mr6tJaeq06Nk8SY/ifjbH4XH8NrH5Jw/lzjPETrKphpYhOcYycab2pxinJTtqrO+qPwa/aj0u78J/GHx7ok7IZdC1y8srZbck2ggSeQRpGxO1/LUBC3IO084wa+dLeY3itFKN1xK2+N0yWZx1UDgA5z0PJx6cfTn7S3gfxb4P+Lni/w54vmurm60/UrvN5qEUqz6hbTyvJaXjtKoZmmQqxY7gD04yK+evD9lPLrFtaKnlK8zpDI4J2uQSPLxzljhfT7oyBXPR5IyVtYvt1tbV623vrqndPZH+l/AsYy4Uyj99TryWX4Zyrw1VZxpQvU2v7795t7tj/AAbci18S2gvVkUG58gqeCpb5AFHVmJJBAB9Mdl+kdMlksdauJFgYiy3EibABWQFgWBBIyCMKccdPl5Pg9xbGG/DzJEl3pN2rMGBSWcpIHV2BAOSFGDg/MT0+Uj2bTL+XV76e88toPtMETMkoJ8xUCqzZJAJweGOB1Py45+hy2pJSastJXjo7rRWbW1r737vTY9TN1ThSk3JNuDu1a90k7WtytXtez8kfWng2S5n0qSZiCLxrdozuGcBl4jY52qB6Ny3QYzX9zv8AwbYbo/2ZPivG4JUeOoCAx6H7NJwc5znHBz0OR3Ffw3+AZI59JjjZU/0WKGNNo3ByxQ5G08FSozgYJwOoyP7kP+Db0mP9mT4qA548bw5DHkZt36nOOOnUjtz0r7fNqalwbmNTldvaYNPok/b0rXXre3rY/nzhTFqPjNl9FNtewxzTWsf91qNxSu7rSy01/BVf+Dgj4A+HfivY/CPxdr+qnR7TwtbaiXnjiM73YLiYWjpyypK6YR1CtuPJ+YV/Cv8AHybRta+IE0ujGRbDR4YrArc5WfdaARuChPCZAbHXaOc9a/uz/wCC/Hgz4oeN/D3wbh+HJvZoNJnv7vxDbWk6qBYqxY3E9rkvcwxqCGRFY/xDOK/hN+I/hzzPiJq9neuxu5dTuFu3jBBZonJlzGACmSCdpwB0z1rzoVpLhTI6c2v3dKtFO9nZVqnLu9El6Wv5q/7PxS1DNcZUbbUpQcY6RjGUoU7q9rtyevXXX0u+H7fw/oHhG68RxT27alE8AsxcYMrXTqcrCpLFVBPDEcnBycjOHazal4ohhhurhLbT7K+kvNY8xwyyecGfDsckuRkLg4QdOckdh4d8FWmqabqOq65HJB4c0aRfnZgiXDxKVUAH5WYNzuOOVwfUZfiLx34D0vwrJYaVaKt1cyzwxFAC9wzKUjluD94ouQIxjgAEAAivyzHJ4nFSUE5yVRKU1zNQiuXaV7LVWtqm/wAfmaFadRxdFOdWVWMXO75aUXKOt09NrWeje5+ffxLtLOPxbq7acU8mO6K28YbcdiFgxDcjaeeN2BnPYivMJRC86oNyyb/3m0MeW45wMAEDGOvHAFe56L8OvEPjfxNdaJo1nPd69e3D/Y4xHJtPnM2QzMNqjjg5GADntWf8Rvgn4t+Gcyw+L41sb0JHI1uRtmkVs8rjJdOT8y5BOMd1rrpV6NJxozqpVeXSOin0vpv3u7WcXu7n6hgsdTo0qFBzjObivd5lzcyUFJSV0007vXdWseQ3EY8hnjVU8hiBGfmJYkAFegI6nPUEDgDIDtM1a+0m6kmt+JGG9YxjbjGCxDZJIxnnIyflxgVYjsDPHczqJf3ZRViKthiScYPU5GOMnkA5wDXqOh+AbKeystW1BJYRKhabcrfdX+FSQATwSSO2CCQMt5uZYzBRXJUmteja/urS6tp3fntrf0a+Ow9OKjWcVFx+BSSur20Tts3q+q28+B0vUdZaeXWhG9w0ZWWTMZ2bSTnjbkkA/LxjkNyPmPYW3iua9s7q0gs7m6nkBLWyg7IS/DMoAGPXGOpPXt7Jo2gaRY2sTTRxiEiXyUKYV15wkmBuJPcE9TnJwCM82uh6df3l9YrDp7nO4OpJlzyUjTGFycBeOeAMdvh8ZXw0pc0Kd5LROPLpona6TT7yvpunY8KWJwtWtpRs1blfNFK22lr381tbo0214joWiXi6/bSalaPaW0EoeJZOPNZsPh9+SwGfmZeACMnIGPY5bmcSvb2kyBHkXf5C5CRqwOO4G3noOecBRjGFqF7aX0jyXdwryWwZl8vAIBHypngZ3HaWOcjqcc1HowGo/aXtJmtxEpkmYsMOg4CgnAzggHAzktxya8qtKeJcXJOCVktVG9+VJxSaTvomttLtrUdWpOs4OS9yKXuqy2SSS1aTutXtZK7vc2NQGmSzMJplFxCA25AP3hUDhyR8oYfKV4AxjIORWHqFxZwvH5TqLiQqxRWJURgdCVBAPPU4ICjtwM6Z1haeYnzjMZEwykGNRuywx6rjO7IOfbNUYtPtzEL2eeWO3gHmruUfv8E7lOcFVHdCeCeRnApKk0kpTbskkm3LRNLp1s++m2ru3pGk5pXs7xTWuu6+G19Wm2rPbVPa924vhDcC+2TfZXQrDtYorSIAoPQEgMOGY4wAB1rlrgahqF0LuZnWBGDXETybQYlOVQBSpcsPXgHnOTU9/rS3ayWxWRYyyrZxMiqpLMpRfUKeNvTA5BJwKzNevL3Towbt/KZYQUACqCxXAhY4G7ggkrxjA68V1Yen78VypuXVJuXTZ31fdWtfdvU9DD0Jpp/adtEtXquuzaT1Ts/es3uYOs+JY0huIYUe3heV0iG7LSbQQFwRwpIySvLckAjp4ZqjXNzfO3luQxQmNs7EBO1WBPGOV5OBnHfGOx1S6Ny4eeQBmxIsaAHD9QNo5AbqR+fHSmlvc308dvbOXnuFVJTsB8sEgZdsYAwRk7hnB4J5H0uDpRorRNXtq7aPS9/y9Nd1Y+qwOHjRSm1oopN8sdE0rXd1Z36dLO11ZmdpGg3GoXqRwxM4cASSAAiNCQGI46jPHXnp0OfcPDujRacq2kMbwwAlZ7kqfMlyfujjJUjdgg5GBjkknS8NaDFo9qouViiWNf3k5Vg88g+bYp+VtoJwOoIPIJNdCb6OR1a2jUvcyLagH5I4y2PnQADLDaPmyoBPXGBXjZrm7U5YajflXxStbtorateiVtnpo5xGJVapFRmnGL2Tu3pBK+q0utdHp2tcz/tGnWNyJrdoFRUYyRybvNCpjc555djjaD1JOMnk3DZajr9qbq3Y2imXKlmkEk8a5YsrfxBF4XBCn5e5BNXXfCKNewMk6CMQeZcLblnZgTmQyEZPmEsQAeOCAc9dqXfZraWlrJKy2yrJHDtYARHkh8AZJ6nOdoA9K+cq1oOEJU5c9Wcrvm1Ss10leze3XRabHVQpUlJSkrtR+F2TuuW2jd731te1rq1mc7bv9ms545EMtxLcNDHNGGUMOhDk8Zz97Pfp3w15Li2057baIpbdTO0jje7BwW2KezHPIBJ7YGMVuapKJbW3lhhHmNIzvawAZIAPzEcMrck5GMkDkZIbjob6W+f7KJPL2uxZZSpkcAkIGJPykZJ2tnOAfYaUuap77ja1nK1r3TjfTWVm9d9la3RvESXNa7b5NG0+8XduKvq7JWdk9LPd4sF1uMbR25Fw/mMZsjhhwHYYGM5xjOMZ6VzmrXWqaZHE95FJNmUsIpCDEY3J2MQuGUHBIyQPpkE92sEtjBcrJarH5rsDeOyFInOSQhGVwepOMZAGcnjyvxTq5Yra/aXndH2POrL5bKDxGOchcHHy5Ocbvu8+5gUqlRLkbit/RqOy73vfdq7WlnYpwvZuWmul7WuopWs9221drdqz3MjXNck1NVWKMwNu8ssGLblBA2Kc5CoccDHXB6iun8NeBNe1GS11P7JONOLqjXQTcC3DZVcbjkkcnk8dM5HERy2sF1bkoxTAby+WUtkMAwwOuO/BB7jBH294b8eW9poGm2UenwI89iUjijQgCZRgTMGG3OcFmGSFOSeld2Z4mtg6MYYamnKcuRu9lFaLp66ba21W57GAw1KtNxnJxsk777ctur79LOz0t05XTvE1/oLSaLFdXFnIFLPGqFUmwoChF/hbAHOOSSB1XGvDqsOo3SpqaOYUGPIZNrh2GNwAU8EDJyAOcAEEAcxpkGra94wtppLSO5cS75CoO3YpJct2ACYIA6E85Fe1ax4Llu5hLp0JtJpICZFcDezLztUAjDHnZuwGAA55r4/ESoUqsXNw9rOLlOSWsb8ru7X0T313SPfo0MVOm3Bz9lCairRldpJWumrarT7zh420XTJ5JzDHM6o3lRyhY9pc/KBuIwq9m4I4bBIrkJrmLxDqHlwxxM25o0UBfMaUZOGJ42gdx97jnAFej2vgKO7lebWJ5I7mJ/LdHDbHQjaCWUkAkcjjaCDhiACOJvtI0vwhe3eppcOYoJiEjwRlD1xJkgsegIwR1DHoOrCVcPKranUnOpa0W5Nqy5WlotrbXttbV6onhsQ0nVioUuZNuTW2l7ruk9N0umxiT+GtVsbVn3+Y/nERWibeCSCQ2MZAwQCAMYxjvWXqF1eWkOx7ae1lmi5ijQmN1GAWJH3SSvU4AbJJANULv4s6XA13LbwytcNIQiOxZNq4AO5vusTksTzjOSMEnmX+K81+VLwxxkO8ZyAzGM9dpYEDt1A7dDyfepYTES9+pSUlbVt/4W5WbXS3xbLpexopYClBqNd89knHdbLVO61adra2s7rY07fxbKLiCC0NzAsTKk3zO28kkc9MgtgH5cgZwtfT+ieH9DHh/wDtGaee+1OVQ32Z8qCZYwVCqQBmIncD04xivnLwbaefrUd+1qkdlMDKgnCmMluAxx833vu8YB5GBmvr7SdGgstHuZLq5je5uIFmtlyRHEnXEbDG35doKdxwBjk+LnVeNCVKNNcr50pcqbvZwVlZ66331bsellFGNeFduSnZSS5lsla1mnbXR3tr1PCE08hb5R5onaV1j3g7SisS2S2Axxnn5vY46bdhrD6LoaQlirXFyWMxf540Tn5cYO0bc7CQMk5rprrTBeW89zDNG8QcRhIgNwYfNJIxOTtxkbufQnJzVDUPDlnJZs5c3INupUIOVdOoC7sBVA+c4BPfqc+dUrQqOEKkXK8ovROKT93V7vR7aq+q7I5Xg8VRnKrTXwx92SfVuD6XelraNb+iNC2ubDXtGv7KZba6do1WNpAomdZQWLBzkK3JOcjHqVr5z1/S9N0PW3VGi8pIi7wStuYt0MYYnacHlRzwAa9W042Fiq20cziW6fa+xeYmUgAKBhSAOjbtuOeCeOB8RaJJqmpGzlgM09wWhtrgYPzlxgyN0BUAEg9c/gfRy3loV53qP2VlL3m5Lprvo3orvRrfQ8/FSnXpQ5oJ1I2jdOXNutL2euqa72Svqyx4Y8SwJhJLeCNklSWKRsD92jZ2oQcpweo7evU9X4j8Syasbe5itvOtonBhjdi7SKoOcbtzeWDgYOevA7jzC++HviDS2b7SxSK2UOpUMqSRHG4xyNgMEJBOCT9cV1WiaRcJpk87ny5FT9wZpMqygFGkQDhXY8EE8ktzg8dleOEnKNanNzcmlo01H4VdJJrR7t+remnLDF4rDwlQcXGNnukvhtZba9U3fXS7d2UNd8Ttq3liUiCOziWMQKPlYgYKBjgHaOMAjHA65rxXXLg3SytFIBFFJI0atwcuck8jkHBIA745HQd22mXc8t2bjcbWKd2cggDluMHPzHjJHT7xOQTXCana28F4LVnZVO9yxO5GVsFCSCFAH3ivUkY+nqYCNGCShZt+9010ipXfd727drNHiVakqs3NpO7um2ld+63fRx6fiUNLbUY57J4RLtLghoyNxRPvndkDPU54AGMdsfS/h3xRCLSzlYz208BaEOsmDdMRg5ZecHozEhQOOwNfMMt9N5rwws0MaR7FaMFSWAHQnACtk8rjJ9yBXUaJrz29lIl0S0ilVhOSXVs4ZfT5ieuA2OOvzUZpgI4yEbxUlFprZtr3euvRPZ26p6tHXh8Q6EnJN3cUtldNW020d1dPTRrc6Pxde6jLrVzqa/6tZNhMZ4IJOxWwTkkEhiThmHbjGJpWty285nXcLjeGQg8KxxkjHbrkZAPqMkjcu7m3u9LlMysCsW+RhkFi/Kk8YJHJBAJ6nnOK8+sruETt975SyxZBOFbnJXnA24IB4PGc4qsLTXsVTdONqacLP3tlZX2V027bqzvayMqjc25Ntttyu99bbX0u7tfid3LLqOoXxngNxcy/M82zeRFHj7ykLwOxHGORx29N8GfEmXwzazx2ouIr1reSLzstvkLghlf+9sHTk8g4PWvPvC+p/YrmMRL9pedjC0bYG52HysWPO3oNpGCT0I5rX1TQNTu9ShnRbeG5fdMLGM+WY87dhOMBwQAXwQpJHOTzwYqGHqynhsRTh7FRT5tm3o3zbq2z72Xdad2DxOIw6VbDzkppvSN3ZWjdq+l2tdV56HO+MPG+p69cMju6NboUlxgs7OSzNJyN+S2GP3doGPSsM+KdQOnx2NuBFGqfvhHjjkbmBK8kkN35xt9BW1rvho6a1w8sqSXDQiS6RiY5IHYFiigHkAHaSOd2Ca4ezCSEQRFlGHMrDnKkDjGOxBPpgk9a6cNRwjoxjSpx9nTSUVZJaeva/wByat256lWvKpKc6snUqfHKUrc17aPRvXRL0d1qWBcrJL9qdhlSHCuANwHGfy3HPBJznJOK3P7QH2VrhthaU+XGpOMHOQQP4RnGMcfQYFYGr6W9qbeeGQNZSBV3KrkByASC23j17cdulNhaPy2R8t5S7Y9rBsk9eM9Qp649BjArpnCnOMWveS6JtLTlurK3Z+vmzlaaTk9Xbmf3JrVPW15aatpq73PQNBuIrhSszh3kULuOSFIP3ec7jgDk5HQE9BXXwwtdyRwwJsS1YeYygISmSSxJwPl2kkA9QTnJrzzSjbQwKyMzyvGS2ANwxkgL0xyMEjgc9+vdaERiGaaby43GGiBO9mXJRG56tnbnOD0xjAr5vMaLTqTgna1kuj0V079G1Zd3dioKM5xVuS8klo2pLmT0ukt72XRO+rO+tZpAIVnh822jRtrlhukI9CCCeQQAd3GQORWfqjOyGd43igfd5SKxJDgdWA7cDjqGAPtSXF5BLerEgeJYYw6LwEZwB8zEYAVj1PQZ68VnTarI7PDAY5Qjq5BbKAE5wATnIIwc/MeSSecfJrCzlUU1TvZxctVZqTjorWfpq76vZa/R81ONNQvdWtGzT0Sje9rXsrWu9Gtyol7FHA9uwminZczMDkmJj1PPXGMA8ZwSAav2Njab5CL4XaJDuW3kwhIYEszYC4K5wp5Lc5IxSTRvdWwvbe0hMyy7Sm7DuTj7o4+QgdDwPrjHG6vdXEVy0jbLaTIWS1Q7SRjP8JGR2ODxuU88Y9HC4aeIqyhTbo6qM4KzvrG60tporO6bvtsc05Rppc15fytxa0unvfpZOyte97Wuz3P9nD4YS/Fr48+EfCtorSWSarDf3xRQ0S2lgyzSGQ8qAwUowzgjBPPNfqX/AMFBvH8OkeFvBXwi0mUQxuRf3savhPItP3MEZVTjYqKG29+BjoF81/4JkeBY9E0P4gfGXU7NRdSAeHvDnmKNvm3KhZ7hCR0i+ZnwVwPbNfPH7QOrah8Xv2iL6wguJrq10+5tdBt2UlkeWGRYpxFtySrS7mJGPlyxz94fR4LBRrY6Dm17PBU+dO+jqNRbdr2bWi2b0duz9qnN4LJ+SCtXzSpGGi15LxSS3dnba73Wu5+2H/BGz4b6Z4P0Dxt8YdcH7xrN4rYyIAot4ImneRGYAAAKedwHJGeTn81v2rfidffFz9oL4jeM5pTNaSa1caZpahyY1sLCVo4NvOAjIoOFwCcEYOFP61eIdXt/2Wv2H7bStMnitdd1vQFsQFwlw8+oQkSDJCuzojkdmH97rn8GdOaS4klmvHTdN50rmXLOZJHLFnIJ+8TnJyeQfp5+XYX65muY5pOLknNYag2/hhDlTsr315Vp52ep9XmVZYPKMrymDUXCmsRW2V5S5bNrfR3Wt1uvWR5GZgIuCAHbapAIVTuByOnpjGQfY5n+2sSJVjxGiBQRkDzMZAIfOMEj0BweeoMNy8MQRlKmRsIERsYRTznBBzjoTnd0yeyJJG6sqMPKyxEYBOCOGJ9DzwfQjOOAPr6NNLW1vLtd799tb77W6nyNSze+iSdtbJK17dtN9U9m0ipcTOZTcXCbxsVX3Y4Uk4wFAIIUcjJx/CcAEV1lgKs43bAzbI8kE5/iySOc4AySDn0wBFcXEWx9wZguEUsTyxJIJzgYHTGTz0zzVWKSNH2SKcKCwdhkfMN2D/CBxt5OV6j29PD0+ZptJ66K715rX0vppe61sne6skuKpV5eZq1k9tNU/wAO/qumqtPLD5hSVW2scIVYgoig43Mc9TjluVOOpzmnTlYZHkjxJ8qRFVY7A2ACMlhnHXPbkHpxCJ4V3IwdogNysxwC75JUDdyF7cnJ/W2ixvJG0cinduUw4+VAoJ3NnHPTkZHqQc16qi0lfSysmrWa091+j2t8zz51XZtKN9ldvyv5q3bXZXMyWT94hRflb90UYHCnPLFvyO4dDx2xVYysjCbAdUBiBbG0MBgY4JJwSST93jHcmxJIwuCcRrDGPKc7iQG5K8YJ4xkMc8ADjqWDy0LRS4KBg5jK5GD0ZeOh5GDkHBAHGDokujfTV6ae7fV9b2as30uc8a7jFxklot3p21t3S7JP10RWaVzlEId9xOWHRcZK7gBxknGM8E5zgYd9p8pDIduxlEezJXBJxkL1GSB83fd6ZFVJGmDiRU4C7YwOFZWPIO05LYP8WcHBIOMVXmm2zKroJWKN8oBypJ+UeyqcliR8uM8da7sNT5pXUvdW7tpqoq7Vno7K2q130OGrUbTfwtaq1+nLo1pffrdW6bFmeW3IVULDKhXAB+YhgxG5uOOMMuC3PPHLtE0u41zWtL0W1jL3WsataadGkZJkPnTxqOAOvJOOQwI55zWCxcuCJcKUY8H7hGRgjGevcjvggYxX15+wz8Nz8QP2hfB0ckDT2eiXP9t3sjglEFkVkiLA8FWZeSc8qDg8Y4OKcyp5LkGZ46UklQwtacXJqzl7NRglru5tJaaPZ9D0OHMBVzXPMuwSi5e2xVJVGltBSTm3foo310V9W1bX9Hf26ddt/hD+yR8K/g7p7iG/1q3sheqp2yC3t7aKVwyAggGcuThcE5HXBH4jaeVSOSQOjor/AOsOM/dK5GAeFyWA5z1AJwT94/8ABS74lDxd8cZfDNteedpHgiwj0qIR7DGlzL8zYVcLhFIXuwxgknBP5/WrwxrHGpZ843pghduDhj2478Z7DnOfgvC/LvqXDtDEVU1isxqVMdXbupSlXm5RTct/caffVs+u8Q80jjM9rYand0MBTp4SmlpGKpKMZJLW1ndWT67LcuSXMp3x4V5JiWT+9tz7/LjnABOe2QAKzpCG+QAmSTaqg7QVcMc7BxgZz0wDwAMsAZJJY3cthXEbGMeWxDnJ6liR0HA9c84IxVXKyu0hdk8osFiySXH8WCMkDkg8hep6cj9cpP3Ulytte8tOZO0Vr0W+vu6+bbPzatJyb1Ts1pprdx2dr6K+yb1WnRwLAxLR5DtK+0HBO1nbYEGOjbscdecjKkZ+pNH/AGKf2oNd8L23i/Q/hD4gvdBvIVube8jjBluoGTfDMtsy+cyOhDRkbsrghjwa+W1lCSR+S5P7wT7hsBjkRgeWPYHGSckYIx6/1A/8Exv2hP2kviP4JaX4gW2m6Z8F/Ammx6dZeJdVjazutTFnH5aW9q5VFnitoUCtMruiqvLdz8xxDmOJyyjCvh40ZxUuWpGpO0mmopKCVnzN6PVvV6dD3eHcuw+ZVp0cQqqfJeMopOMVpfmfK7JdOui11R/M54j8IeKfBeoy6V4u0HVvDmoRSMktjq1jNZyGTn5U89EDYxgHGeOMZxWEtrfXkkdjZWt5ql46sYrGxt5bmdgvOFSBWZto64OOBx2H9AP7Zn7cP7LfxE8d3fw38XfCe18U+GtEvi03jXTI7WC9uLuImORILyECaaFZByGc7sLnjOe1/ZU8XfsIpqN/pPwZ+H2q3HiqTTV1jU9e1fTTqTaJbKga8RZLhJYoIogGGQQzqMnIrxqnENZYKOIq4KrTk4JqF7wXM4ppSaurp6K2i9Ee3R4ZoTx0sPSxtJwi/e61Faz95LS1k9Vs7vRn83l697ptwkN9aXllcwAGWxvoJLZwW4CMkiqynHTeByvBJAFWV1Dz5ow2Yo1wjYy2STu25AC4wcHHHfPav6nfEXhv/gnZ+0jLq1trereC28QxKLCbURNb6BfJeW5KyMNjwRyMCCMkH5gO2RX4UftrfAL4b/Aj4mWum/C/xfY+JPDOr2qXdrbRXUN7LpgxgxTSwu6MXDAoSScDPU8deV57DGy9jLDVqFa17VIaNJRvaSSvdbXV29F2WWZ8Pyy+M6sMVSxFG6+F+8naNny6q63dnbV7M+U4JYFMTR8ASEFMMF5Y4YnBODwBng4znDYpJpliaUhlVt2QoBUKzc7s5PyjpnIAJ9znEWZorlRvITLEuoJVSTgAAYUgnqcZH8rV5c2zoil/3jHaxK5Jzj72QN2eSOuemeQR7E531Wluvn7q11el9ldLputfGox5Uldc10k7ta6dFvd/JJbNvTqdMvUwqt5THjeQNxJIICt3IPXJGRjr6fdPw6/aHi+CvwS1vQNOFhDrHilbxrjUGZN9nbPCylwgIbzI93yDgj72Bgg/nVDOLZ4pbaRU2qz/ALxSAxVcksMdB1AxgZyBjmvCvEHjBnn1NtS1SYw2rSrDbSM6wTM/BAGAAq8YUDGOoHSvi+IaDxUoUY2UedOSi9LK103Zuzu9tel1oevgsyeCk5xbU7NRd0rJKLe6btbTRX7vVnnvxH8T3fibxFqGpS63c37rdTySSyyOZLgSSszNuJ+cN8vGWA5UA558ui+0JObmU74YGD7SVO8kcA4xxgjI559Ogt6hPZvcGe0kb/SFYkKpKQBiSxIOT0xgHkd+ciuemW4gluDFKSjRsUlcgREgE7QpG3cc54OByCck56sJQVGjTpq0WoxVkrLRJa9U121btfqkeHWqzrVqlWfvSm+Z6yd27J2cuuza0e+1yXV9RlErlESAzAMiAqQ/GRjghcZ4yAQSeQeK5GSR1mZ2zvV92Dt2k9SOM8A9DjGBxRdySSONzb2BIJBwqEYOAT/D+PbA61sadolxdPG86FbaZlbzACW2AgttAyx43Y4wwyCcAA+j7lCPNN3Sab7NtJpW7p3Xktd9DB3layata17aNNdNtr2T1e1u+poWpanPeLBbu6uy4hhQl1LuPlZV+6BgdeFB56g16/aeEZ9RsFur7UjbaoS8Lq4CogVSSN3ALYIyB7V5/q8th4Vms20dDJdLCk0txIM/KB94D72Rzwcg84xwa3dL8d2cmnPLqhYvFJ50VsuQkzYOXbcDlsgApuwcZIJ5Pj4tVa3LVw9NKLleWicm/c63TVtGrX8tNTspSVuWbd9XrLayi7p6pK7fWLaVjmJtPLXyWe+VpY5Xha4VWwzKxG4kA7sAZzkg4xk4GejuI9D0yzCSC3uLqDDzvOgBLjJweGJZc8cY6ZrorDWPD/2BtVeXzJLsOZLfYv7gDcQQw5Ry3Gcr6jGRjxjW72PUr65jhDRwiRmjjZiWZTjDM3fAwvucnANVQdTEzVOUZU4wS5rNxcm+W6er6vRb3v6jcacYqSkpy0Ub662hq/iWqtva19tC3ea/HcXE3lWqJHNmPhCFCgcBOPlIBGRk4yOnSvQvgFFF/wALg8Auod0/4SC1cH5lziWMnnPGMZwSB34NeP23ko0UMx8sByMrli2CcBs8gHGWxg9B2GfoL4DTI/xf8CxRNGbdNVixhPmchlOBxwQcfMTkk4zkAD1oU40+WHM3qrtrVNON03q9Er9fw1yve0nbT81ZbW2bXW7+Z+8uouqyh0xl5tyorHpjhQOWPXJ5JJUZz1qxBM4jBI2sA7Nycng4UsSMAkdB7ccc5d8V3xzjeoMnyoA2VwCvUg8kgkngnqBirUM4eM7yVAVwyFcjHqDjPQEnnscdQK+2wkX7Cna3wxS12+FXattrpf7kr3+IzGbWKqN23SV21p7u602er3dum5xGrSlpZXZQodmYhR1UE5GQOP4uO3vgmvL/ABMY5EkkYKAysiKR0yv3yOM9cBlPXrzxXpuqliJHjJWNpGA2KfuDglsjKg9hgg9hnp5H4qkRIvMYs4VX2DdtONrZPOMnnOMdeAehrPFxfs3y32XmrXV1Z3ejWj2v2NcsnzVotrljKKv87Lyasm/x7HzP4xIgF0DlsoyIy/d+6SeOhI5HPII64wa+BfiU5OrIvG1osliOAAx+U4yMk8buc9zg4r7r8WXCSLPu3NiOVjGQTtJzg5yepHU9s47V8HfEtx/bEIGSPLJ+bcCcsCRwO/Udj178fNVYuKlzb3Svsmrqza6rzu9d0na30q+NWlda2tZrRw0btrprbbRWerR59GZDKXhTMYGApAClgMYO4ZyD04z15OAKkaZyFEhDODwuTlAcZzyccY25PTHY1X3gI3k5BDHp1A9s9WHfg9j7iMuQwwVJKruwTluFA6Hq2e4J7nsDz/1/X9fibK+jbasvV30+7Za9fki4iOqsvJ+bLkNkAZ77eCAQMAZGR1NXWVF2qm48AbjxtyCCScEN8v59AM1WhaHyTHIeSxYsvLZBIC8cY3d/qOMUM4eQplkAjBI5+bP3DgknJwQQfxznALWvtr6PW0Vf8L6bO9rWaJ3a1021tv7rTvb5NLfotNFDKhJZWcL8jHOFb+FFGc9Oh24+bHGCTTRyCCH84ODyOMEZ3htoGcAEdsAnrUIuDEuz5T82TuBP3snoenXoQCPXJFOFxKyYCrs4VmJ4J4BGeT1x+QweDTVuv/D7aeXXUq1lvfVLp1S3b7/jqlsjSSaIRbSqiPeSGUfMx6jPcY6+nvxhZFcmNmJChmyrM2WBByECnOAuTg9QpJ5NR2VhdXjrDa28twWdFSOJWYyuc4ijxks3YADPXHQEa154b1awmmtNS0690+5QeY9ndW8kUyR4DK+1wGw2cZ5BGMk9K1jBOPO3ZXs246J+7tun1S2evWxjKaTteKbem9/s3ad9dbpu3q9bvNiuiqvKVCFjsLEbsqOy45yfoeMckMcWvtCAq4RMbdhjC5I4HzkEYyM5Xb16455SHTbp54Ld43Bun/dLtK8DoVGAxBPU7sY+bcBXfX3w61/SLGy1C7VBFcrJI0cYZpo1C5y4UHCEAcgc5Occ4xlWhBpOrFXbtsnaytZad+7eva14lUgmouSXMklqtW+VW3s7Nro7vuziYLeKOWNvmmLKXWPDA7mPOSM4CqflHy4YDjtSzpE8sSMW2kHBOc78nAYY5APyjPcnnrU+yabMi7vMhcRqighlUHaDtznIxnnJ4PXPPSeHvB994nuPItSFuVYOZZG/d7VOWQYI/eHOB1GcdDSlXhGMpzlZL7WiVk4taXSVrvbdtu/QcpQhDnnKMYpbvSy006W06Ptpvc4grKgkhQqzYyyDAyoOSTjJyF/H8uLLzpEqFcFMhWjCAAtyDkkDjPtnGNucGvpbQfgAuordS6tdnT5FcQx+W4cF3UiNmwckZ5Iww9uK8K8X+FdR8HatdaffKfKSQi1uJEKpcQq5UOCOAxAGck9STkDnPD47D4mUoUqsZSgryVrt2td3Vlol0u+rvdHHRx2DxNSVKlUhOaW1r6btK/pqrq99OjM15IryMI7GGQoGUjIAVQflAJ2qRk+pz68iqssapDHk5eZNsaodudp6gE5BIGTgjA3EkHOaOx5lMoyAp27VbA2t1I6ZHIP1weRkVvWVk2oRQxwhFlEvy8lm2KoBJ6BT0z68+tdt0t5NWV0+1mr3+/8AO2rOp023dKWv2UtN4pOPffZta67auC0MLy263AdmR9rRKhG5BzyASSxO4ZIIIyceu5LDBDFLNbMjO0gCxcl4xkAggMCBgnOPc8gU+30pFuo3YmaYMYiApwrMSPmAyVAB3AsQOAR0rTl0ZB9rEMcqbAjSSD5/LZsEkEcsCTjsR3ABFZ1K0NEpeSb0V/JL79d72duVofsG3Hmikmt95arzbtZXt1sl11MyXFmTcZV4XjxKgkIXzWAIyOMtkgntk8HGDUdpetJCyhGWQuEZlLbAONqkDueg75ORk9JNWs7VbYxwyFgsSyzNu3SGU4HK54zxx1B5ZgcVmafJBFGIVkkCyMDKQGLL8p5J65zkjGD9OKpTi3e7vvur39zTWysrL4rry01qVNrlWnd3SW7TfS27TvouvmuguLlU8oWxEckIAfnCjJ5C59Rye2BlarxSSzTQsi7CuGduDvDnJ+Y4zjnjO7OBg069S1MMGFf51KFgRyoIJZgeQenIBGMdetXo7a3klgiAkdFRAojXa0gbaqZIH3slT6jn61pSm1ZNdVbdvZe8r6Xf6W2unw1oXlJNO01rbu9NNOtvnZu172/rB/4IoaYmj/Af4g+KW8xRrGq2tjaCTGJVtYyk+1j97D/MVBOMZ+bqf071HUpvtM0rBAuy4ZEyBtADHK9xnkdidwBwRXyp+wX8PP8AhVv7IPw10SKEw3+t6efEN3IQRMy6ntmjD7gGYqpxzngg5Ga978Xzz2vh/U75wYmtbVyC2Q7KFIYrnGMqNpwTzkHrX2Up08PgXzT96NDnbb2Vk2mk/wDht9j2MkwUqdOlGFPl99ytCL15pJ9NtNW9ej0vZfMv7W37UGi+A/hBp3wn0mWF/EnjTVzLfR+YpdNOedVcycnBUEbQcFuSOMY8Uh+CekeIPC2ma/opt0vtK0Ia7e6hcMqxIYYxOY9xIRSHBOMqcA8HIx+a/wC0lqWq+KfjxaT3UlzHCq20drC4YiOBGI81AcqityxPTgcd6+xNb+PekeH/AIDar8PPD32++8W6tpn9ipc2pLufMhxJJhSWyozwg+ReoBNfhWByXBVMXjsQq0UswrVa2IqSd1ab280otRT8tj7rH5tiHLDQlSklgvY06SSbtGHLJ81r6vq3s2nY/VL43/8ABSfQPhT/AME3fDmmR+MtLvfFeuR3PhG3h0u7C6taXdmDB9qYqxcRxKuU3DqvJGMn8ff+CXX7VjePv2iodE8fagdXsZbpjY3ut3LXV39qllJJBnZ+XJBVYyAoUBQOTX4l/HzxjrEtj4e8HS6jNNa6TLeST2pJzDevIWlMiNkB92ATgc/hXo//AAT71SS1/aP8ANFcPbPJrVmJJQxULIZVClsdQ2eQeM+1fmGZeCHCmUcL8VPA4Oi8bmUsbmDxns4+1jUk/bQpxmtfZxktI3Sd72vqvseF/EXNZcUZLRU3Qwrr0aNehFu0/ackZudmuaV+XVr7KS2P9F+TS9B1OzQC1gW18guk0KquY2UYAUDIBBJ4OMdCBzXyH8X/AIaaFJ5txaXDLN1jCOQWzxtIJ6DOeOOeQetdodc8UWuj6RJY3S3YOnQpsjYqJXMKnH3gCMdcnHPPFeIeKvFGvNFc/wBo2cpZOWbJ8yM7mJVCcDnjbtPTjnIr8H8NcmxmBxU1zuajUUeWzsknHouqbavrez13P6n4jxFCeGTb5rq+vVtRenorq+v4JL5P8V/DS/gu7ieAOsQHmxKcHzHGdvKncTk9zkc45Xn5z8VrqOgyAXLmaOUjbE0ZIBHBDcZ9Rz1wd2M8fT/jXxlqdvaykGY3G2VoSVIVUwOMZHzYwCPY8kcj5T1bxFNqdyjXweQrzMGKMQGbkDJ4HBB4zzuXrX9k8N05qlBzbtyxun9n4U1paVtHZbdXrY/mnib2Sq1FH3XzWSsnpKSVk77avRJpKz12PPb7X7OS4lS5skUIVKbowQXJJIUBc7WJxtORnsDnOTMNJ1CQOMW2FZiyllAbB3AgD5UznA+UnqoAGa7u5sNF1FkaTFqN5Bcxrl1643HggYPzZAJ2jtzy2vaBp0MDpp93E9zMxWFvMZiRglspwOufpkdiBX6ZgFyqK0cW09NLJ8urevW65rLTRb3PzavzXlK8Wrt7q61gm3s2nrdWuuhg/wBmT3aYsLz7TgHIjcNtQ5G4FmOCMD0HYZ6VmnTdc0mVJJ4DdKVyoZQ6mNSWIJUEjIIQ4C89OoNMsvDXiDTHkuIHm2uQcqxCFQSXBVSSAoBYccjkjFRXureItNZh5rzqCQ2QSqKw5JDcrgkj14B5xk+9Qa5WnG2jV2rq3uvp+C7njVJSTs4uNndO75Vok7aPdttq2ve97V/ENxBeWTg2TJK6thPLCJFJhgxUlQQSODtbr6YrxiKwjLEsJEl87cXALKQrbeGHGRznPocE16JF4yMl2bS+WCYyPtkLIdwDDkjbxnnkAHvwMhlbqC2t1tOmLFBhnWQNx8zdNq4ByTxwOe/BOOXEyUIJJ2clbWz1916K6fX0d7djysVWp04SkpLmSV79ZWjomrXsm7JPRtK1ldz6VL9ntyIzHPEAVeVuXxtLkD1Zc4GDgBuM8rWNqV7K0qOyrsZzjPK7FxjO3ucdyeadY2t3FKYmVsKTtYEOjsDlvlGABxwTnco7nObF/ZGcFYyuXJZ1KBQeudp6hh+nY5NeVFpOUXva+70Xu3VrdbJpN69db2/Nsyo1sVXdWmm7NWaTte8Xez1v21Td72SLFhfiWaIRPGwYAMAxAjwQG2npnrgfnt6nrzpy3kb7mkSOQE+cGDbiM5wyklV5HopGe+QfK2X7PIsxhwkZVCVfEZBOeD1yTwcgEAnAwcV12n65BHF5LJOEcbFAlb5XP3WGTnBJzgk45I46EKfvKVk1o9NW1eN3Z9W79nZ9Vv6mX0ZuNOE4NzTV9HdfDe7a10V2k737K1sLVIHtLp/KlWRVXYFBYMHVWIAwBj5gRgkggEk8mptBvLqSaN1dHkYhDGDsYYYZYdwQefcqAvXNXLi0tr688mNzBI4R2MnzBm5AbepPUA7gdxByccgjUtPDGqW8j3McSywKD5ckAAHPOCw6bmUnPPdRxXsUn+7hFK17b6N7Terv0t9/nc/QcHRq+yp2TWq20taMW9X5NNPo/k10L396Nol86cRRnd5jHIBHG3B+YYzgYyB74FWLPVobTa8glVlPzKxIPlttOBncQDkdPUj0xz8l9dRvEbi0ZQoMYILDLc/M+7HB6/UccnFSRXSSMxmXa4TYUkTI8vHBUqDk9ec8gZGRwdedKSSu7pq/b4eis9tL3tdXuj0+bkVNNO6aTbUlq2rX3V7JXffsevW3irw9cWTWu2JG2ORI2I3BwQwz3zwcAHnA5bpwBNvcXjC2l8tAAwy+7zMH5dpBAwSScZBPHOc55aS0E8yFEzDtABjIBJPXcp+9jJwT2AA5zjd0rw3dXLqIXmMIDBHwAVkBzhjklQp69jjivNxdopSSV2103ScWmrbr5u6S2sjvpqT5WktOVpWdn7yel7v5q99E1Zs9O0rTL2fyTb7w7MGAV1xGV65YnIHHPbP1zXu/hix1WzuIJhEl0Ai7zKFZUYjhQAMgkHcDlRnsetePeFYbvTfK3Sb5iSmM+YpXHAOBwODkYBzwM8V714V1+S0YQzRI+R5hkODsbHzDgcZxj1GMKF6V8hnFd07JSas093ZW5Wlba612em70PpcIlLl5ou65Xq7pNpKzaesnrr3ts3Z+m6V4sihKW19pjIzEjz2TcFIPylSw5HXnqcAgjv19je6TcOJF8udiQixyKFOSRkKTtJwO54HBGSc1k6HcadqjwhhHM7MARKiqsZAJ6+5bgYLYzk4wB7B4a+HVjqlzbyqgjjDFGeIBkLDB4GRtOMA8Yz055H5LxTndDCxlOrNLkguWzWjtHXro97au1rn61w3lVXExw8YRvH3Xe17fC3r7y0XS19N73E07wzomuW8iSWqTWjxCGWIKHVtyhWXJBZSvzHKnGV3ZH8PBeKv2TfB2uWxl0FrrTr2MGWGNnaS1Es3OAjkjaM5AXG0fdIPX7G0bwTZ2NtFa29uxlZ8b0BUbdxzvGRkng4OffJ219A+EPhtbmCF54GdFmicvJ8xJ3KQMMSep4yOOGJPf+VeL/EuGW4uCw9SM6kqiSg2pSfNKOltdGuyaaXXW37RhOGsO8NzYhJWi3vq018k9Ndn5rofAHwe8Mah4Q8ZeHPBurTyzahoujOys5kfKNuMZj3klExjgYDEk4yK/nn/4Ke+JJr79p/xkJ1kkgsJIbcq+FDMq8Y9MsBgHqffFf1c+PLLS9N+OutX9tAsE2m+HbO3Yovy42uzuSBhflxnO3g8kZwf5EP2zIJvHHx9+I+qyX7zRt4gmtosKWD+VKyBDgE7sAcc+pGK/v3gbHUqvh1w5XnpVxeDoYiStpecVUem6bbT6pbWva/8ACXGWGb4zz2FKLlRw+LnRpyTXwxklrdNXVlpq+1z1L/gm98O5vib8ZICYhNa6DpdxrYtiiylpooiYVA2nJZgFAbccdcYyPuTxnb6hp/x4uNAe1W3OmECS3YKEjkuW84NhSV3BHGQ3JbIyDjG1/wAEcvBOm+FNQ+IXxE1FI0uNL0600+0tGj3edE75mkBY84U5ZuxLZI7aOvS2fjD46fEDxY0jeVqWu3ZtdqbtiWzeXsUg4UYTbn5RuyT1pYDF16uZ5pRhGSo0sPTtF7c8mveWn2ldJL5b2e8cHSp4TL5yUJVqtV8ztdqMHFW16WSXlqvN/TMPjO/sNAe0jeXEUHmtKWA3CGP7qYIGCwxgDOcZxxn4e/ZMuBfftM/Gj46a9tW0+EvgzxR4pEtwAI4L5bG6t7GNWzt8xpQhROoYgDB6fRHi7xl4e03wvcztG6XVtay2sUKyAsztFtWRh6r79TgnjDH4A1zxoPhH+w9+0X42WXyNY+Lni0eDtPuQwWZ9Pjl8+5iQnaxQqzBwu4MSSeTiv0rw5y6H1/EY6olCWHoVK0ZNbKMVJO6s02uuultUro/N/GnHz/1ap5dSfN9eqUsNaLako1ZQj1b05ea68lex/Ph+0Z8Qb34ifFbxr4rv5pLmfxF4i1XWJpmLOxN1eyTRgZJyEUhcdB6bQpryuLUrOOIwzRNAj243OoGW4XORg5JOc5wMA856WLu8hfWLqeZDJCJJArMhIDbj8/T5sk8rjqcg4p97oEtzZq9jcxTtMvmiM43IoGSoLY4I7HgHjjgV8lnWIeKzLGVpyu6lepK6dt56Le+1rarojzMiw9LB5VgMPFcsaOHpU01orRjFbNJ3001W+iMqa30m9t428lXlUMIZIztYkqWAdDwOmScYPqOa4lDcRzsQoKpIEkMhyQqsBgE9lHGQRkc4ODnorKOe2mm2q6zRHpIBsOMKy5ChcEZO7od2RkZxU1FRNeRnYoDAbzE2ACC3HGNwPJ4G3ryOteVRUk+VNzTTtrdXsrW0crdPT5W9udS1km0n/L12Vtb+752vtr0P2r8NlB8Cfh6U2vv0yMqsZ+6xVSemeCcHAB68cAZ5/SpFkYiTCuzHBwSVyvK8DAyRkdN2ckgYq74ZmhT4GfD9IEdhFpUZJVuFIA4Yg8ljjAz+IPTL0tpJCXUjIYbowRu5zklgTweASD8vXjcCO3F2Udvsxs7rsrWV+l3q97tHu5W4S5LrVJaLV9Hok3rvr8lrY5HxSxE7KSGbLqqqQpzzyfUYGTjocDjiqGgCMSYcJmQKo2j5hIcc4BJ6cKSMkkktzzP4pSITy/fBiEjlwc8kg4BBJHtngcHhazPD7K8qSAMrIVba2Du7bi3GASQR3ByWzzjkgk6bV9k9OvRu1+iejXnrsz3oyTm73s+sk7tqzWvLd+87Wvby1uvqfweIo0to0+ZMqSzZAHlkjC4/iDfezwQu3npX0TookeOEJkhmztIwCCuCQGAORx2Ibvgg186+B/8AUja4AVE4kIAZiRnB6jO45x1BOAOa+i9Gljijt87XdiSVUnKFhwMk/dA7dgOleZLSp72mqtbR6uOr9d/Tod1JNta/yqztq7wstN2m76JpWb9fnX9rq22fCXxMGTJlssRHcuScYY9GA5/PgA55H4G2lnbXBCTSyLIgwE7HJIHzEjJXGQMexPGB+9/7Wtxj4X60SCzmynCgAsq/LuAI4OcDj3xhhX4N7vJxJhHd3CpgfMp3MScnAHUjlh0xXormVODVrytbW9/h1e9lFva+1j5HiNxjiYWatyLZXve2tk7rXe+q66bv/sK4laPyd+A2fMkIKmPgZZW6ADqBjkdxgLIkU1rK0coLLCCzOqgKFOflyPlK5GSAckdTycW4NQTLozNB5cXzJJuw6sR0HPyn5hzzjBA551bae2vUcbiqrH8qqCyOBgEA5ztBI53AjIHQcZTmoxbntom1q18K1stOnq7JdGfLzk1e60VveXe6TWqsm/NPokupgl/MaV1jKJcKQjhfmG0DPToo5yccHIOWIzmIbi3nCt5gjQgbySxIzuwAGzgg56cZIzgkDrrk26pGLQPHhirSO2FjPUkDJ4J6bewPOQarSWN48OfLTdKzCOViMtuHX+6AR3JB9lxisYV4cuqvFu2rTSu4pddlqtXeyV97qIzVrbK2zta2lrO+j76Pa26uqcV64LqIykMjLGQSQr5JLFeTzjO489SKilWNTIgURfKS5JJZWABDLg5IOTnkcjP1mSBra0YSupKHaMkFo3HPy5PIJGC2ex6kHIbqLYHlVZHkRkclcOo4A288kjJz065PGKtcqd4pWvbS13rHtq/hVnayu99wjb7EU3qk2466x3a5ntFO7WqevW3Lyy+XOnylo2O4bx8rFT1HHHoD6cHkkVYeWOVB5b7GdnK5UhU46HIyCCSe/Ips5UlEyRE0hWNtoLRKQd3tggZI9s9aWWAGOFGYiNH+8uSzqTyWB5OQcZGTXUmrRlazf3dO+ifnZrfrt3U5cqUvS2r11jq27K99L+afSyx7i3CRxspRQX2s/wAp3DcS2MbTn3OMfLiqtzGsaIqbnzlsY+Vf7wYZGexAzyOcZYZ6F4beRHRiwijb91lckse2D8uSMAnqenGKieCIo2Y23EkFDkAKF2gjHGRjOcAZ6mtPabN6yTT16axd07/PXa3c6PaxSSdrtLZp3V13V369dHfVs4eW3YkugDq+WAHBXJ5yM8c5GP5YqsQw4IIx7evvXWm3hYAvhSwZUCszEEkDOM4zjOSMdaqvZm3lwiB1I2gsNxYrgleeAfwBOcAjrWyqLZ3vbte792/bu/6uilOL7r19Uvxb0OeC8jaCQRk7gMDnBIIJBGB14qeCME5JyQegwCNucdxzgYx1weoINXZYUZiAp5bdhckAnOQME4wST+Z4wTTobVpGZERsjkgDJOOw6nJ/U/U03OKV20tL+my2vzdb+fRsbaS131dtHpp52dv6v00dOgDhiQAvAwCOVO3oTzznnHuBg12FrbRbozD/ABBWZUIQqATw2evP1yM5zznmLEIkiBsAIMnIyMsDycHg4J57YI4GcaiSKtx5cTlBsySu7LdwQSRwx4HUfeHHQ8Fe9RtKXROz2e3kraWs+66bHDWTm2k2vV+l3fvZfN28kd3PKLUrIkh+cIoCNhVBx8zjJbcMH068McA16j8NPBviP4oamnh7wjpLXV/vXzJsstvCgxuleY5UDaWIBbcx4Unv4lFIFgkyDuIRmj3csBj5R24x06dQSVzn6S/Z3+O9/wDBnxEbqC0iuNK1CVF1OB1j85I0dTvRyMp8rE4Xg9Se4MswmEqY2hDHVHSw8qiVWcW+ZK0Lpdk01q9V1XfmlGaUnBRcnok+7UU207NWT8vR7H3J4a/4J0TaxamLVPGbRag1n58kFqqmK3uAM7HLZJUMcNgfwjAxg18a+Nv2cvFPhHX9b0RTb6w2l3z25ZC2ZIgGy6AkZGM7hjJPHTk/uZ8Mvibo3xXisde8HTQRItjC11axsFllI2GaNlBHzYPRs5Ga+Sv2xNDk0XxnBq+msmnprtqsiPFmNTPCqmcMw43ORye+Dnljn9MzTIcmw+Ao4jL4qUOZc1SM5SlKDUbN3ejvsnayvvoz0MkdSviqmFxb1teFna3Lyu0Ukntd2fZW3bPyNvfgbaXttJctcy2V9vKtam3f5nyflU7cE9jkHr13Nx5xqXwN8V2Sl47dioJ2GRSgdCCVIfA4YA4LdM5IHNfb174x1jTrA2V7YWV1A4lJuAgluA+fl/eIpIcg45OfUivOdR+IzzRiCK1u4XiJWR5h5kIVf7ocEAlsEnGfTIGK+SnhoJycJScfS+9tr3b0fSy7Xeh9VUyrDpJXcfdtpLqnFWs73bTb7W9LHxRP4F8VWk0iHS7h2hzuMSM4wudxG0cjA9MHPXgmn2UGrWMcjTW1zES23LQycPnkglTtJPPHJ46Yr6+0j4i24Mlne6DBcRFmZrpHAmK5ywyqkdOQuMZA4x16d9S+GmqxvFJYajYmVFBaGKKeMS4zypBAJ65BGC2CAQRXNUwk56e6o7+9fRtrS2j0XW9m9DjeXRT92q76O0la12rWas+u+q+52+N7XxNIJIra4YxnzVVpiCHUKMNu3YAHPT5Q2QCe9ddrWow6lYrbqUk2gKv2U8MV2kkjtgHk+5GeSD69f/D7wFrNwJPMa2uNzLHOGijEqgYw8TEbXPfgBieM9Kp2Pwl0UTSpp2oTBkcttluYVDLt4EZzjBHTrwe/BHDUybmlTqQSc9Goq23uttq9lrpvt3TVuZ4GrqrpxaSV022vdtdWd+2l9Und30+d0luI4vL80IWYhRkhtpOGBBxzgA8gk9eSRWjDNeQuERHRtmRgkhgckMQQOeSeOOoxjp9ceHP2ZLfxm93cw6wthHYxMzPcBXVnwxH+qPygtxlhgfjTLz9mDxbILefS/st2kG9WaKQgusWfnVWOSrBcqQPmPXBORhiMNXo+7KjdtJt8u+kVdXtp/wANbW5xzwVeMm1C8W9HFtuVmnorNxa01dlp818u6XqzxTDzTK5d2yxYbo2Rj93uBwQecDGWxzX6m/sEeN47H4laLqusa3HBp9peIPs13J+434VVZ2Jwg3AAEYJPTA4r42uvgR4rsLhmuPDd7HDFF5kl3b2806AkbixEakYPG7J6HgDpXPabaeIPDNy7WM1/YAOytIImjy6njKqB0JGM8jg4yBj8w8Q+EY8X8P5jkyjHDzxuHq4ZYhwjJwVWMYz5eb4fl7ys7Wvp9BwnnlfhrOMLmLpSlDDVoVHR5pQu4OLW+6uuvMum1z+t3XPjv4Ou57XQrvWdJkmkuhKjwzRu72zEFolc7uoBGMj3XvX58ftm+IPCfjM6A+nXllM+iXE9mtoHXzEtpFZhcMiEgBe5UZYjp3P4nXfxU8VReTNFruoG8tQq+a87q6lWHKsSGHOeewOW4yax9R+KviqfdPc6hc3lxIwkaZpnLMcBdpBY5jIBBHZsE9Bj+VODvovVuEc5wWa4LNm6uE9pJR5JxjOdW0W1rp7r1d073v0P3zO/HalnOWYnAVstap4ilTja7lrG0ruyXvRlGya923S9mez6v4dsNJ1e6jVo75b5vPjWOTJ8o8sjrkgnHvkAckE5NC20bUtF1aHV/hvrMljq0LpI2n+Zt8x/vsm0nBU8ZDEenPJrxaDxhqE15DcTfJI/zF3kOxVIAZN/JwOTjg9MKMc9nZazc2OoRX9lKpldVkNyr5WOViCBkHGw8D5jnoeOlf1blVLMstoUqGIqOs4QhGUmnyyslf4k1r3emltLH8043GOWLqV6EPZ051XJQSfuxk090tbJ3elrPe57Dqvivw/8TpJPDXxV0f8A4R3xSyGK38QRwCGGWcDapmdEUMZCAd2RgEEH5hXyH8Uvg/rvhF5LyEJqelOWEGoWrCdJYwwwzlCyhyDu3NjPPXJNfWln490LxQ50Xxfp1o0LLFFJqSRotzbHAUyCRQGOSAQMr0IOOa5jxtpmr+AhK+l3beLvAFwomktpCs89pHIuP4txIRT0AAwD9a+sy7MuWUYxlyuVl7NtuEleK91vVLTbrbTpbWniaWISjUspaXa0e6bs3rZW/GybsfneyeSk/mEFwwADBg/TH3gAMr0J/vYwME5oHcxQ8bcn73HDE46njg4OePbmvo/XfAWl+LLO517wgwDsXebTXH76J+GZVXkqq4I4HBHcHj5/vdOvLK5lt7uIxz27FWV1KsGDEZb5QpAAPI4O5e3FfYUMRCraN+WScW4vdNct2ntslbR3s/IicJRatrF2fMn6K1n2d7p3v2RlOisW2kEjqDwMn0OeBx34GDz0pqFojgHJYYAHy9Np46AkE4z0J5HWrZXByT0Ybl2nDMc5AIHQ8jGd2AfoGOqN5h+bC9OCRzkkdznvxnp2/i0krNX3sk/Syad/PZ7LS/ksmrdUtUmk7O3u73Tvo9VdrZvdmjbXxQgTksGUgNk5VQfT19Dg/UGuksdVDNGQ5HlEAA8iQMW4IB7kdMj1JyRXDMQFReVwoVTzk56nBz3xj369eSCeWCQPk/Lg4PzcDPJHQgegznsR0rNq7s1Z76PbzvazbdnZadb7Duna/bo72XutNvfV9b7+TVvo/wAOeKryxeF7aYxtC4YlX2lMYGUIySMAnnaRjK4r7J8FfEyz1mwh0zXWSfdEIY5nBBjJGBuc4IGDwehxjHC1+cGjXzTShx8pwu5BwX45AzyQ3U8emD3HuGgXjlY5g/ARdyRkZRwOMgDrjnjJByBn+Llr0oTXLJK2r1t7y0sr3t3Tvb0a21pVKkJKVPmTutE/8N7creq7X0Tvrrb9HvA/jjxr8I9atvF3w/1q5tNjIzpHIHtrm2BBkgvbbcY7iCRcoyurjaTuBr37xL8O/hf+2LYzeIvBLad8Mvj/AG8LT3+jrJFZaB41nRdztbRARwwXtw/QAgO7YwRzX5yeCviLPpIFvdn7TZysqPFOxYrH0KhWyMENxjueff3DSZpJZrfxH4TvZLG8hdbqM20hhubWRGDI0bKVZSGyCCVBXtXxmcZC5VY43L6rwmOpr93Vgly1EnH91Xh8NWk0lF82qu3Bpn6bwrxxUwkFlubQWY5TOUFPC1X+8oN2TqYWrdyo1I3dnF8t900rnn93qHxe+A3iC48LeKNMv/D1/bzvFdaffQS/YbtAxXz4WdDE6SAEo6HYykZG2voHwx8RvDOr20U8rvpmreSWuLOCUBLl9uRNEAQvUcqTgLkLjNfYfw8+Mfwt+Peh2/wl/ax0KCS7eBbHw98TrWCCHVbCVlEVsb64UK8scZwWZnPH3tozXyt+01+wP8SPgMv/AAmPhS9PjT4Z3oNxofjDQme8jS3ceZHFepAXMTCMgOcAKR+Xi4TifCzxUMsz+l/ZuYqSjRnUX+yYppxanh6ztF8y3pyamk7a9f7N8LPGXjTw3w0My4RzKfFPCbSli8ixVRzxmXxSV1y3lODhfScFytRVkunzR8Rfibc6t40tJBKFk00pboCV3OUJZCcYySu0NknoPYD69+DPxNGqQpa3jrjyxHNGWPyAMAZO/bpgEDnkDNflzPBdxak1xftK1wJCTMwb5pR1O5sD225JB69CT9HfB7Vmk1AQx3Aiuo3BUSZTzBx8mMAEjHTPUHbkMK/SMJGhCikuWcZa82jTbSalv112drab7fyb4ncb5x4hcd5zxVmKnCvmeOnUjQlzSVCjHljSpK+vuQSTdkpa3WrR+u+lQRzOs1oRNbuiuke0tg7eWRuTG6jOCOuAvWvsX4N/tE+Nfh19m028eXxH4P4WfR9QLPPaw5xI1jK4ZwVBbaoY9h2r82/AHjDUNEuYo7mGSWJ/LBhl5jfcRuVD1BHYgYyOSe32j4WvND8QW6LbTRw3sxBhgkI+WQgExEjLA5J4XhgRu4xWMpLW9kouyavfTls2137u+1ux4lHCxrQh7RJKVk01bV8vzV7v3nfotbI/ZjwHr3w3+NWiRTeGLuy1ISR/8TDwxqnlDUbRgG3oscgDHB4VlQqB1PAJ8C+LH7Hema99u1LwdnT9XDOx0iVdsRc9owTzk5A6jkDIC18JWT+I/BWpw6voGpz6Rq8E6SwXVnI9vI78MI5lBVZoyRwGDg8Ag19+fBz9tCy1FoPDXxks/sd/vjgtvFdmgCGXgI98qgFBkgswG3PVj0F4bGcsopya21vdNaN3S0bf6dTz8ZktWknUopzjfWOjlFWV2ls1d7p834n5i+PPh343+G+oSWep6Vc6dPBMC3ySJE21sebFKvyHPXbnGPXOKh0jx+8KrY6yqASMEFywA3hscSLjcAQPlY45xwvIH7/+JvCfgn4l+G3Gq22l+LNB1CIeRrdiIZbmDeuA5kTcwZF6jcDkDcCeD+Wfx9/Yl1rw+tz4g8Cu2vaAu6doYhvv7SEkkh4xu+WMHC4BIAI45C+3DEU60EnJJ25Vrdv4XaL16rZ6vZtpHiL2lOVpXTVlyu6V9F7qbXd6S77JaHhkcdld7LvTJon3qAIy42y5GCoGR8yk4AI2t2bg43vD3jPxR4F1mLUPD2qT6XNHt822jObeYZyUuIPuFJMAbyh5PJzzXyde3viHwfqMkMj3axQAqQY2XayZADxsPkbgqWXrtzzgV3ui/EfStZS2t9S/0O6KhY7oPlZ2JC7G/i5zyWxjqOmap0pNONlKNtObV68qaa31f3adnbVuFRNNau14uzevKlpa7jfd2une2h+mXhT9ovwp4+W20bx9bW2gaxlVF/8AKbG4bG0bxjMbktncGAGCSegGt4x+GC6o8d5pD2tzaiLdaajYusiSAruRGZN3JGAW46D+Kvzfv7N1RHZD9lYb4LuMmRs54BcHGADgfMSDggAZr0j4dfHTxp8P7qCytLqTU9DBJudLuyZYpI84YW7ksUO3OF6Kc9RzWVGricHPnpycqaX8Nt2suW9m30eiu9W7XPn8yyHD4tScEoVLqUWn1fLdJ2XLfV2b3eiOv+J/wT8A/FnRpPAfxL0NJFYNDaatJGiX9hPyI57K+IDqoc7jGX2kcAHjP87/AO15+yz4y/Zr8WLDqFk2peC9SkkHhzxNaozRXNoz7o4L6VBsjulUqGDEZOByBmv6q9N+Ivwx+MFvHZwlNH1lRl7O7kEcqSoAGaCZiFZd38IJOPlC5IFeT/Fr4U6X4u8L6x4D+JekR+IvBWrRNFFeCNJLvS5mUiG8trhw0kM0bYZtjANnGOcD2cFm9KtKPOrNWThK3MmmrSjdW3Wq26dkfJTqYvJpOhiYz+rt2jO11FLabbVt73s9eyP40/OBkzI24ZZFLDGPQ846cggM3bp3VpFfarOQAQCy8g8YwOhOMgHPqCPUfZv7WP7HPjP9n3WLnUrKKbxB8Nb+4kk0XxNZRNMlrCWJSy1MruMEyZCAswV8cZIwfizyGUAJvO4Ag52kZ4JXIOSBk5xg5BBr6OFSnWgpQs29l31jstNV5O/zsdFLEwqqNSlUjOErWlFppqNnqu3e+z1b1TUkU8kTfvfnQZOW7KTuHXng5BHPPoatCeKU8HgEAseQQADj1wckYI4z9aoyRzRkI3zqApycFSxzjlcsATliCB78twjJj7rDLYOFJyOeSQMENjOT0wTnvWc4pWdrXttptbp1013/AJVs9PTo4qtC3LKTWmmtvdcd97XurLVPzdzejddhCMqsWwdo3YUDqc9eMbV5yenBqaVBKIgu1XAKsQu0OoGSxJ6HuPoMDHAyYzGiFC+SwB3fdJPT0APIycZBPO77tWC5dCykkD5NuQCOQN2/rzgHOTk47GsJQ1957aLWzvo7pvl3SVm+t7bH0OGzWMafJNtN2T1d7rlfZdtlazei760Mgdo4GRgvPDH5iVJGV5IOeuByR1OOBZS6H2guQFCggoRgMAMdVGQR/Bx6dDtNJpyNPIoLL+4AeM7clj12qB/EAu75uOMjPNQahHPDK+dpLOr7UIBKlhjIyPuncRyDk5DYGazTstG9LLbWz00VtdEm3p952yxMJ0lNTvazdmr20Wq0d38np0tYvXR+0QMsuWbhhGckOgGc7s4BXtyOTnpkjkFujbOzxxsNpZGQsdoOCRu5B4A+U+oGCDxXQ/aZZAgOxG2socsAV+XLK2c8k8D1HsATVnWBpdrpCpCEyAr8mcHDnIPzHgkkNzjJ70029NlpfXdK1+ut0rfN6bWxm+ZJ2vokrq6a0TXTe1+9++t3WWrkZEq5VgGZDk5z95+gyME8HPsoyCdS0uIxdQz2E0sMsUgYTxOY2idjuyCCMBW+b1wDz0rlI1gZxGjMrMHIcDIxz8o5GOgwcd9uMVaSYWTLKCxflTGdxVh0DELnHbO7jk4GCazajOLjNJ817PunbTV2Wr3v8mccHVdmtG22mnZ/ZtfW13u3dNu6d3ofd/wk/a28ceCPs2jeLpn8ReF43SJXdi11BGMKpjkJO4KuAwJxlQCMjA+xNS0P4G/tGaE95aGwmv3hZ2jjkhtdYgnkBJMkQK+bsPQ7Se5IJFfjNBqLsqqkqyFn3NDxsV2A2/KcHgkA8HPIx0rrtE8Qa7od9baj4f1GbTL+PbiaCQxh2HO1kyFbOOcrtKnHzGvIr5UnUdfB1ZUK2jtBvllypaWTs9tej2Z6lHMfc9hjaccRSfWSftEtGnFtNW3s7pvfQ9j+Mf7IHijw1LcX/hpZNb0c5O2BFN5AiruCzRDO7JwvC8jpj5q+K9U0fVNK1GNLiwmsprZXgeKaB4nWQAquVlAbJ+h6++0/qv8ADf8Aa7ik09dD+Jth+/VEtrfWbUASMqHG+ZeBIy5ySRg9MdRXa+Jfg/4e+M2n3ep6AmmeIbaaN7qO4svJg1a0kKFkWRU2h2U4B3c4GcZ6KGNq0nGnjocs1ZRrJe637t27J2fq1q72RyYjJaGLvWy6pG8t6L3js7J720tZPZvqz8UUb7OHFwJBPIkqMy9Q3mDqOxB6g5xjI6YFu51Ez29o1/uuDJeW9u8rPuf7FCwVoxzgrtB64HPrjH0x8RP2bPFnhWS8u7Oznv8AToTIsu2KRru2bOW8yMrlmUgqXwVz82SDXzHqeiXtunlvDJE9o0gMUqlXLMSQNpGd3RWAwVJbkYr0qde8U6co1INaJO97OK11evRNq920vL5bEYGrQqclWnKnJ7Xi1fZdV72ibja7urWva2nqSaRffZ002SOO8vdUS3hWJiqwWMAKnzIzwWJxlsjg5b2TS/EPifwte6lcaPd3EkGnXHlziDzHtmJBIMy7mUA9PlAz17gV50xmtzEwLxyW/mSqwIDBjncNwIIGTkA5PbJOM9loXidLbRH0e5GYdUZzd3i4aZUaVdzOzAlmRAwViTgH16dGHxkedO7pVV8LTtquXbbTdO91e611vzThJbxckl0s1vFNPv1SWttF6e8aJ8Z9P1yK10/xGEgeYlJbnYDbMW4UsDnYSfTGD3bFdZe+C7DV4WuvD93DOsiCTyklWQEHJBQKxI3Ajhu4wc9a+VvElhZ3EdldaGI0tLi6axgYtnzEXaDM6DBQk/3xggk/Rmja94p8K3VzNY313CtsVUl9xtpgASREjNhwMAsFHy5U/wAVd/1rnajiaXto3X7yK9611q+r/vJO1tTPlaV6UuVu3utvls1uk9V1d/P5r6COiXVpFNFLbTebbjZhVbGQT95l6HjOeOOAQCTWWdHkDeasbkhgzRsoO0nHOW6DpwOTtO4563vB3xs06+WKz8VWqxTzHb58SrsmHTMhxuAJ43Kc5yd3QD1VP7N1Exz6crJb3IEipcRMEdWxt2scZUnBAP8ADgcnDH2KWCw2Khz06SdNKPNo3yu8fiaWno7Jpvd6nPLETpcqdS8mndc2ru1stOiT+dtHqYng7UJUu49PnkEVvIyKGPCxZPzHJOFAUn1BJBOMYP05eXmheHbG0lmu7e4trlI3UxsGmjYLhmYEk8sRkKSeh4HTwaKxtLSaWSWJF2jc6Ih6gA7wQMkL14yMn3xXjvjLXdYs5762NyY4pFDWsbltoiXgGNicBsMowPUHPGa/PuP8XmGBoUKOX1HCE7xqShfRJR06K6fTTo2nbXvwNWL551E+fmukr9HHVq+rd/O3Y+x4Nb0a5tpmhuBaz2TecpY/61GJICgn5Qc8lto5JGCAK7CLxZptybKzDJJ51kZGmjHTGAUYclmBBYEKTjsQDn85NE+IF0jPFdSMJLW3cMWfIlOBtQgkgk84yeANpHOa9R+E/jXV7jWkSR0kW4by7d7pgUt0LAlMA4AYZAzt4I5xzX5NhMdn2HxFJzxlVxpTU0k23KKlB6pu2t5Ky1TXW+vsSxlOd4unrO6k7Xb5lDW2m700T6NaH2rYyQxOl1gFrpCI5HXBYg/IF+UEEKOvHPsCDrvcXizZZ5HjUDa+CzKSVGHPzZz0wRtGRjsR80eIfis+ky3WkFY4Z7WVpIZiV8tfmB2qM4yWJI7Y7ba0tL+P2n2+nwW98UvLu/kijnRSAUUEqGjJIZgMEckEnAJ7j9NwHG6nFU8dTnOT5Vz2bSsox1vq1db9Lb3RhTqKlONpNLSWl0m/ddmrq+ttEm2r66I+ptM1A3B+yKcyAEFT8oYAnDADb7DB64IyAMD0Ox0XUrgRTwxEK0WJY42+ZVJ2iRgc55+fB+8eMgV856J4s+16cutxx7LaQkRSsjMR5ZOY2Zeh2jIwwBABxxXayfFyO3ks5NLuTHBJb+VcooZtxQZcgEFgOSCB35yBxXicT8RvC4bny9c1apuraLZX3s9Xrp8+i+kw+NhKnD2rcY6O+38qaa/F2tdX2e2L4506+sW1K21dS0IiafTLkCRJFkU5QLgAEdARnGRxya+VPFHxW8R6Mv2a/wDtcNxbRlLcvuAaBjtDkvgtwSVHOB2JyF+kvFHjP/hO9MazhMi3VrE5tQrbQAGJzvYq7MxOQOfTBByvz/4x0LUte0e5s9c0YSTrZ77fUkdRc23lZwsiKctvX+IdjzkHFfj2Fr4vFY2WKxafLOd3yzcZQbleLWm0esXpbSzCo41IVJ4ac7tJp3TbT1to7K12rOytrubvw6+OK3dmmn3lxHLdLNGFlkGJHjlwMsSQOOnODkHcCvT6WivUtYYLsKESeSPZcMVWJi6bwnzcbTxggge+eR+QFtcahoHiCUxm4ha2y0UE8bIHKHAbLgKwYDduB68/3c/T/hz473GoeGotM1edQltKVCxvmZJFGUCg5+QnHIGQMYwRx+l5VmVbK2m51K9CaTT5lLlXuparTazV7+iW/BhsbNNwr3i4uybT1a5bated9nf8v0s0mWG9gRnhVJE3Sb0yY2VSBgFcDsScjvwem3Su7NH/AH67GSRAVQDlXAyWXd0PU4AHAOMk5r5W+Fnxfsr+C30iSaWGWRJFdrg7lUrk5LtyFcDjOcZ9RXstp490G51FtMjvlSVEQp5kylHJOGVRwOSc4ycZOe2fsMNn2CrSipVYxlJK8ZNKUXoktN9NbWV+myPRePptRtfXlu1o0/d8kmtU3ZeXRW7iG1SS2RGIE4JfzEBJdOSQeACQDhh1J+7yK0rW1ilOGQuu1dsh3EeZx8vUnBwMDjuTwRmCyRrotLG3lxyRlowORvAyCzHIVCuG7A5/EY3iHVbnTNGmksbhbO7WXbE75aN3VvvA5wBkYyeR35NdOY49YTCVcTTfPywcko6ttJNcvqnbe/3G0q8OTnmrNRUuXRK+lld7PZLRXW97azeIZLTSTD9ueOAzhoIYmcKwfcAODwvIGPl5AHAIq5p+q2ZmsLBbqGaV4i0uJNzRkDkE91A2kdDjtxx8f/EvxZrmqpbTS3RlmtpV+2iKI5iZSP3qkAYDc5YAjOMlcECronjKXT7qwuvNFw0DRuzeaVllWUAEShQMKpyACp24HSvyB8cZxVzCNqPLho1IwlGSbla6u0tnaK1tfV79/GqYyEakkoPlUo3lG73cX0Vt9Leut9T7zg0qK7QmOQlgxdZBwQoHIYEnOOefvHdjJOcbEfh5CrIju+VBVsMQDncyvxkKAehwMDvzjmvBeqQatYWmpxTxMWCLLAshAjXbkknJBbnlsgHtkDI3NV8Y6doELOrli28skzqqBd20OrtgFV6kBhgjGQM5/RK3FGDwOCpYzF1lSpzUfeu0rtLprr310d365TlOreKjulZ31t7qu7tRt0a0aSsnoUdQs47ZX8wwmWKJnaMSBS0agZcgkAKNvI5I6DJ4rBt9Z0y+BhtpkIR1YzFw+xjkGNjnK7WGCD8vXgDr4P8AFbxrd6xcrH4U1SEXPksLgCQAyKFAlBbOAcHggAYAwSdufmS0+ImveDxfJPJJerJskklhJKwLlvM3norDoc4J6nGa+Ur8dzxOOjDCclXDpRlZNc0m+VrlV7t2S0srtaeXHUSi9uV3adnF2s09LNO2vS67eX6NWv2W7V5Umt3ZCyvtcHIGclRnIPOcDkngd6S1liFysUzqFJZlJOdyEnBJB7nnByOvHY/IPwL+Ip8XeIbqwiknNpI/mKC+TGyNlwwzkqSST83PvX3FJ4eiRBdf6zKqygbdo5yVyccnjoRgjggivvMtzFY7CxnOm6bSTavta1l11VlfTdpdkcrfM3u491pvy3cl003a01tp0z/EGo2OjaQb++kWO3jXEh3A7Yz1YDknggjpjPua+e7j43+CY9Va00+8VmjWQrPKwCOW4MTnPUNnaMEHng5C12Hxl0PWdT0VhpcjBo7WUpaOhCzkJwjcKNyscqQSBjuOa/LTxP4f1/QHme8jeG6kZ7gW5jZWXBJZVOBnAyR9B24r5TOM/wAywWP+rUeWlSslTnNP35O1km3vKT26WvbWxjGMZSbteVkrW1VrNNWtfm6X5vTc+99T+O9lHq+lxWkMN8mnypK6XBRoVJLZdCTyAScdcAjBBzu9m8C6L4Y/al1BILpLLRvG3hRjdeHjp+I/7UZH8yK3mKbUkBbAycnJJ9a/FGXxfqAvF852hl8vYmHYh8HhSARxgA5J/ujp8y/Vf7O3xT174ayw+NraaeFre+jBuQzGOTawLxFiSVJB4AOBivm8xrY6rzYyvNKpa6s+q5Or3Tv3tfof2h9Ezi/+z+I5ZBj6ftMixsJ1MfGpT56dLkUFGq9PdUZSi91bV2dj6G/4Kl+AvFk+mfDSTUdFvrO50jSGs77zIXMSywIASkijAD7QV5xz1zkD8KLuB4JDHKCrKSGU9QxOcZ6EjntwCM4r+u/xx8bfht+0p+y/42ttbjsZvFKaUV0y9vnt/tUF0kX3VY5dMOByDllJ+8en82Hjz9nzxxBdHUNO0iS9tJ8gXVsjNFLIFJIhXBLEAEkjuCQQa+04bzynmOH9lWlBYilywf2XLSPKrP7Su02n00bueF9Lng/L+F+PaGZ5biaNTA5/g4Yyiqc4zhFRcY+7JXunutVbVPVXPlQRl5EWNXZyVUIM7slsYx6nIPpk8Doa+qvhH46vvAepWmm3UMqWV6YpLhJFOYycBZABgeXkg7sY6ZAya8y8J/D/AFaPxNaW2t6VfWdvHcK0sstpIiLsOcYZVHUZ+YZJBP8Aez9IeL/AUOqLDeaO8KalDCqLnjzYlHTAJAOAQD2BI4PT6hTUVKDa11Xzskreei+1v11P5MqVIy5bWs7RlazaV4tPdt3s1vZvV9z7P0TxA11HFqNs8ckUoR38o/KFkA2sAO3ILD+E9e+PXvD2pyyukfADMJOGA2gjkqeRhu45PTjJ4+GPhJqeqaZGPDutpOqMMx3LFtq7ONi4IDZbAAzznAzxX2b4MgkkC3BGTCRw2dpiBADHI6KDg4yASCATwdsFVU5OHN11Svs+Xtrdp/g1HoeFj8NyclRJ2erdrpX5e1km+a6ur6O2iPbbaNLtVz8sigKfL534wGyc43HkgHPJ4GeR4l+0xYO/wqvyyN5cWoW+04GMLgn2Dd25wMYxyMe3WkZVg0Y2+Yoclsgc7SSp5G4dscNgjqfl8y/aSQ/8Kjv8soze2pGf+WpBViw45JxgAnHXPWu+pTSozlKVml0troraWV7rdu3RbtEYDlliaG795NvXRJxu9/uv03Suj85dDjLKsbhlw0C5HV8so5Gfl+mRwRjmv7E/+De7wvFqvxa8eRl2ZbP4dWBDKNoR5TCxUHkqPlGcYJznjrX8g+iRuXhVQqgTWw3EfxGRQM+n64Oee1f2of8ABuRbLJ8Wvi0dqbovAWjxHbhc5iQZGMKMnG49ORyOtfF5xL2lTCRajKE68IzT1TTlHXbXz0TV+uqPW4kwUcbhaWHqar2tK911Uo8q06XS0fqnrp9Nf8HCXw10KD4VfBHxrBZwWetRajNoFzewoI5by2m2lVndMb2XbwXJIzx0JP5b/wDBFtEn/b8+FkBU5tdL1MKxIO8IBgDHocHAOeeADyf2z/4OGrFm/Zm+Fcgxvg8dQKFbAO1kfdyegB56Y+YYJ6H8UP8AgiiYk/b/APhsmHEx0zVuGBKgnOcNnoe53HkDGQOf7VyDC4TFfR1xc6kYqWGeYKMkrS9yp7ib3tqkn0u1tY/IM4ySlgeIcBVoUYwTxWEqzcYqKcouN5XSV3pq113Vj+xP9se2Ev7Pfxctyocy+G7wooB+YofmOOpI/izkAA9xz/nl+CvDN1rH7QPxm0i0hkmnuNRWSNYo3kbmQjAVMnBJAOcAEg5znP8Aonftexr/AMKN+IYK53+F9XBOTjcSduRyccbugIPPTNfwFfBDX9R8K/ta/EbWNMtorm5t7p547W7VDbTOlwWAkZwUPQ/KSOfwFf5q+IWaY7KZZpjcvoxrYjB5TXrYejJtKpWim4Rk1rZtJNrbfqerldFZj408N4SppQxGXKjWafK7SraJO1lu311116ek+IP2cviJo1sb3UtHazt7azS9ZrjdFIYJBuTCuAdzAnAPzAkAjkEfP91ZPC0mwEPEGRwmQxYMRlhggnAOMZIwSeOB+rX7aH7Xd38RPA/hHwdJommeENdtIIn1CTT4YUudVhCKEaSWJQfLYj5FJ5AZcHBz+WYuILuQlnYTOykysCBu3ZIbIwcnLAHjJxnqK+c8DOIeMuL+HKmc8W4HD5fWq4utTwdChzWeGpP2anLm5mnOSdtdkr22P6g45ybKMjxNLB4FT9rGlF4jmqKaU200k4pa8ru9ddldGHBctH+6kVpJGwnzfejIBJIIxkEHt3IycA5nYkqFBTeuUwRhiTuxu6YAJ9BgitKaBUPMancSplKHJBGSTgjphSOCCOcknAqTxossabljBfd5qD+8BtVtwBAz+eV+XI5/f6Ud1J62d1dK+2jTS6bdNXfz/O3KUXpF2vGzv5rr+LV976XRTlExUwnaTEcylcscH+6eh544/AdaPIWWMAOFZM8INxIydu4k4xgDcMHB5HPS2ybXUqwGBhwBnK54PsOD04wB0PVGEf7sRARyq2QQp+fOcbhyDngbeh4yPW3TknotHtZ7arW9lo1a+nR2te7tVXJ2lfRJa7pK1rLtrunveyumYzO9soWZHGHI8zpg8k845UjjJPGfqDC0Vvch9sbKwBMoBOQBhRjJGVOBwcAHnjtu3UUV5DIt18skS7xgNknPGVIG5cdRj1OD0HIRzt9pmhjZ4WAAGQSD7ZOBhuud2OVGScY2hG7tdaa6NX+zd/4X2vfq+z0Tu0lrrd2vfp262Vt09NLW0xr3T7cP5gJTcSskfzcZBG5eTycdf7xHo1c/d200MonCuyKcmPcAWVASCvq+R6gnp7V3eY7qQxuoWYKQSQdrkkhsAjkEcDgDAzyBWbeWWwBXBkQNlSM5Vs4wQM8BRjqM+hrTk92yVpabLR/D3TSfe23bvtC62jFWa1S5VJJ7WtfVX1t12R8bfFn4gaX4o8NaloF06wQWN8UuluGMdzAqHCyBnP7xS3DBCcLzgZBr4T8NeKJfDHjU+IPBd/JY3WmyM6oQXhuJI8jbI/8AFDOBnLnaMj8f0y+Lvwd8M+JvD+uakkH2LWhbvPHLFlElaNSx8xBlSTnqATy2R8xx+TkJvfDPiW6tLOGSd75jZz29zaNtQM+wsFKnauVyHGAByCBmvk8dhqsMTKo/ek4pwcdG9Yp2130b1d9rXtrzVqlSE4yta1tV0Ssrqzd/O2tm01bQ/a34F/E2D40eEluY5rNvEmm4/tmyhkVJoZB0ZE4bDA7gcY6e+Oy8WWmvLFcQWLfZLlLcvA1wMoJFG5drdi3A65Ht3/IT4TeM/EHwR8fWniGeG7s99wj3FnGHit9VsZWG5GRgAwCk+W+BuyAD1z+0Pgv4k+EPilo6eIdKXzbeRVW6s5ivn6dMqKzLKrHPl7wwDnAK9TgkLVLExa9nUUozSWstG0rX1S3ttvstunqYOrDERXtJRjU+HfVxVrXd+Zc1+9rJb9fm3wX8YPEen6pd6D41tXia2l2RX/lspxuKq/IAaNV6sMDjBx1P0nB4l0OfTW1SDULZxb/6+X7QoUIwIUr8w45JKnGMcZGMfKn7QXiPwve2MjaDcWMfinTnnieGKUKwt1yWZwSVYAZ65bb74r42tfiDf2OkSONTkaO4Rre8hZ3EcTDKgxoM7ievQHAYA8gV4GMznHYKUqdCEayXVu7jdpXdm27PVp206dSa9SFCbja6UdWnFpbbb2Sdrp2aWlmmz73+Lnim8udMhm8L65BNGjNNdNCQwlCZLxAoWUyHkKp2k4ZsDnPwJ4h+JF9a30t81kRFLmPzyhjkSUH5yhGMHdxgnJzj1rItviPqenWksCXhks5JGBgnBUyM4IWRHOMD5lHXAxyCDTBrljqNkY9WW2lO9nMRKl1JO6OTePcruOTljk9ifmMRi8XisR7XHYe8bRtGMr2bUbKLd1bR9Fe7vdo4KuJcklGPKvdbtpZ+7om3s15a3d3awkPjLxb47u7Pw1bz3ZupZgLISvLvkeThUYklduCBj+76gnH1h8L/AAB8UvDltfyeKtOMuk2kYUW6fP8AvGGRIuwZKfxYAwvOMDivEvhZfeGdJ1SLXL2MXFxZSjbbny0dYQDhopc8vk5HTOO/BH6b/Dfx3p3xE8LzvpyW8K6fvhuDcyqsyZRgjTAkF1XC5Z+uRxnp9Tkk8DKSlFckoO8Ytct0knZ6X93bdXS0TsTQlfVu8r6Rbd3FcvxaPWK9ebbzfyzqlodUUwR2XylA0tvPkhcdThuDnkfMuM+oHPmGu/DbRNRik821EEpw6pHGQpGScjHTBBzk8gdeldzbeO7E+K/Eeg6rNGdSg1OW3sDakPEYhI21crwSQAeBjOM8cjpLq3vZkkmhR2VTt2OuSF7nGCSDkcgH0xgDP3WAzCnPSDV02nza2Ss1tqn131Tvp01cIVL/AAt9NU7LR3srNJ9m9WfIPiL4VII3FnliUL4hyNoxxvXPBA/hAwcZGTnHimt+DtRsCVMMlwhBAZ4gfm/ukuD93p6dM4Ga/QC70+5WQyMgbeM8LhwwPIYDAI56Djj/AHa5HVdC80sHjjkRwSA8fIY5+bCr8uMYByOnUEGvcpV6MtJQhJJWula10uitezfvP12tZcFehJXacklpdXs2lFK6T6qy36tvbT85tS8I7m3vpssG3ksikqx9WXpnPPQjI9QcYEvh25s3E+n3dxbMq7xiWSFs5ydpUqcg9+Rz7gn7z1HwpEisrQ4jLfO4wdpJ+6M5LKdwOc55GOhA5DU/BthJkG1WUGMgSKhCoSPl4JAAPUnnoPat5YfDzpt8lpPl7Ju9nslLVK3To9LNHMpzUZJRaSUHZr3VflWj7NX6dND5T0nx38VvCksc+k+Ir/Mbo4iuJjMpCngDzGJIwOg6fwivpjwt+3t8VvD6QWfibRrTWreIJG7BGimaNCA/PA3YBOcdTyORWBc+AbNFKhPMYkMMA7QM5BVj1wcZ5AAHQ9a5W68BTGTc8aSxsScGIEbMYGWCnkYA55xwQetcsIVKEm6WIUEknbmTt8PRr5WSSW3VlToUq8UqtGElZXurNbXs72T+d/mfanhf9vT4a6uY4/EFjf6DJJgSbsyQrJgMzLsH3c89MgY69D9FeFvjV8NPFrwtoXizSJycN9mu7pLeUM4LYCysrZGehHXAGTivxt1H4fwO/wA1jtQElpIQCMksSdgGeg6kDBGc4INYI+H1xG8jWVxd2Zj3FbiB2hcEg4LbWBHf5hnpnB4ruo4zGwptytVS03s9lby1u3st2nsedWyXBzneF6c2lazv200WzstX367H9an7Ct7a3fxk8PSpLbOnm3Eq3MU8ckAAjbClgxHOODx15I4FetfsFypZf8FHvjKPNQPNN4hlALfMUMs/7xc4bAyCCQM/eBbt/KR8IfHfxy+Fuu6frPgb4heINMvtIJubVhcT3NuzAY2OsrGN42zghxgYBPQZ/Vr9hL9oz4r+E/2g5P2g/iD4d1LxXpssElr441DQIpGuo4bgGM3EVlAMOyht8qhecYyOc/yn49cPY/OcszyvQnD/AGzLJYeFFSSk6toyjFczSfNrdJ77LVX/AKC8I80wuWyweAlTkqlPEqXPa8XF2vd6Wcbd9nrex/adrPjrQ9E1Sw0W/wBW06xvtQi820tLi6iinukB3K0KE7pM+ig4xjBxmukg1RbpVbeWUxgqQCAcjlcgDsMjp8x5GBX8oP8AwUH/AGoprXxn8Kfit8L/AIlLr9o80Vzp2kmeW01Xw5ItwszWGq2LYkX9z+7cTL8pDEDoB/QP8APjMfiJ8H/h944v7y2a58R+HrO7lNowlgW9jiRbhXZcmNxJlWQ4I7rzx/lpxt4U5vwzkuW5/KVatTx1SpTq0FTlGVCtCSahK3vWnG/K/tWbWq0/rzh3jPKs3zPF5Qp06VfCwpyjNuLjOE1HVN2Saa1s3utU9F9noyywhtzbVH3Vzu+bsBk5wMkHIAwOxFXhpljFYMVO9p8OxYfMjcZweSF5PIOD0Gcc8FoGrQ3nzC7VpFZSYiwGfMXAAUHGD1BySDgnaeKlT4g+Fh4kg8F3muaXD4nnEksOhfaka+ltk587yQ4c425GAflAKnAyPy3A0a+IhVjPB15ThFuV4ynKMVy80rWTstbvRq+x9PjprDyhKniIRi5Kz5kr35bpa3fp5aJLQZq9v5flj5VVnADNg5APy4DAjBzk55OSV6V+W/7GFrJdftf/ALYOlXUQa2ur3TklRoo8PDNA4dGV1xhhtGSOhIzztr9bNStmmRCwXYXj8o4OWwARgYwCpGQMe5znj8uv2S5pE/bf/a400qm5odFnLKArLtt5AWPHoVJ7dRgk5H1fB1GpSyzjGnSUoSlldCpF2aa9nmGElzLy0t89NDvxmIjXoYGNTlko10nG2kuak7qz0a3b1t2Tuj4a/wCCgX/BKG98Salq/wASfgmbrUtQ1XUJ7/VfDTuUW2LMzu9iQQMMcgRc5JIX/Z/n08S+DviP8L9ZOna54W1PQdR8Oah5NxFd200QkCSYGY5EBJOzKMo9MEA1/oclTOGXbG6oUYs4GSyMTtxtOSTyfoehBB+Wv2hf2OvhZ+0NpFxDrvhrSrTxAXFxFrEECwXT3Ix5b3EiKpmQkAsC2ccDk5H6l4c/SHzDIoLIeKIrMsrhyUqNeTbxFGHupxnLm5asUltKN0tnsj8i408I8uz6s8xymtHLMwknN+6vZVZppqV1flk2tWtJO7Z/MT8Cv2y/jX8Mm8LeJbbxPrtzpWm3Fs2l6JqBkutNVYmVbuyZcuYQV3GIkDgYOOtf0HfHn4YeHv28P2U7DxzrMd1pFhqHhltQn1PTz50drrENuHDPaR5IjWbaDIE3IpOSD0+QvGf/AASx8beC/CMuv/D+TTfEGuaJq76rL4aliVrLU9PiR2EVvFKGAl2DDAgAkHuBX6Xfs+30egfsni48aaPc/DWCG0bTNf8ADyQsbSyWBtkl4I2TAjuSeVChAOh5xXTxpxRw3ia2U8VcM0qdDGUMxVS1C1GtV5JKrGUqeilyTjdyTV7u+5y8M5Dn+EweOyTO631nC1qMaMZT5p07SajJ05ttabuN4uy25b3/AINPGnwwvfDnxI8ReFBe27po2p3Fkly+6OC/ihd1Rw0gALuqglQTgnbgc58w8TaUmkTzWk8ckZlVTEWBKoDkbkG0qyE7dpHH1JAP9yXjL/gll+zj8ZrfVfHeowSXdl4s0qbVvC2oeH1jt501ZbeRxuWLaGS4l2bg5fGSMYXj+QD9rb4S6x8J/iH4i8F61bT6ZdeF7640+Cyv0CTTWomkFvKrkgsXiCtjsSBwDX9W+GPi5lnG9engKEKtDH4bC0pYmFaHLzycYKdSm9G1GSkmuzSs1qfzfx/4cY3hr2uNVWliMHVrzjTlTvJRUpX9nOLsoySdtJSW6avqfPXw917UPCfiOxvrOYLJaNE3nxSGKRADk7HRgQGUkMo6gjA54+sPin8f/iH4v+HN58OLm+v9Z8AQsniGy0phPL/ZN+FO94ZrjMoty5Zn8pghJ568+ifskf8ABND47/tQeHNV8X+GLT+xtB8hhY6rqsLiy1G6TANnBMoYRyqSAGJAAPXCnOL8b9K+Iv7IU+r/AAB+J3hXTLu/t7OcW+qywxG/ibUEKj7NdhC19YBcMo3MqnOABzX2GIzbhnOOJ6eX4PFYHHZzlk4zrYOU4+1pckoqU4PS9Sldcyi21ezaWj8TAZRnuXZLVxuIp4nC5XioNRqtN0puSXLFx5tFLlvd32sndI/N+fUr13tFkOxjMZIpiCrqRt8sAkqWHbLcnHPIzXvHhv4i+LdN8KjwhFK+jy3l8Rpmp2xaK4aW7xFNC8yY/dSqVDBjj6E85nhnw54S8XWWnwz+IbLT/EMV5I7WOpbY7Oe0Q7/LgnUAK53DG8j5sADBxVHX0g0bUltNTYnRXu0exuLV1aSBoWIZkIJ2/dyDnDqQw55r7zHSw+Lvhp4eUq+HUa0FUp6cyjGUXG6s7PZptOzVu3zWEniMFiY1qWItCq406jjNptTspKV0nFWbSd2u6tq/2i/Yp+DWueGvhh4wX4w/CSPx34E8c6lZWOneNblV1PU/BN58sk+sWUMIklisgjb5JFIU7TluoP7HfBX9kj9imLVtL8VfDvQtD8eeL4dDt9M8QRfZn1PTdXW4l8uTUoYpRIlveQcxSwOA4KHI4r4g/wCCcP7TeqyfCrwH4O1aDw1B4UtdVvtLfXtenVYbu3mhMb2Osq5DKksRIieXOGOVJIxWpZ+JfEP7K3xc8RfHT4UX+m6p4C8Ta/qfh2b4cW91PPBBqcsryrcWDxs8MUM0sha1lXaDnDE8AfxDxdj+LM9z/Psqp5hjMkxcatWGGVOtiKGXY6NOS5qb5JKFGtKlFSjNt05uPLJRvc/svhnLsiweQ5RmEMPTzCnKhCVWc6dGeJoVJRTcmrKVTkk2ldNtOyTsfqL+2n+wJ8GPjT8Btc8OeCPDeiaR4lsdHEtldzaXFaXPhuS3gMqbJIEjkWy83JmildkAJ4A6fxNeNP2OPi34N0rxX4lmXTtX8NeCNeudP1q70y4gvH2QyMDdR2sLNcLalULO5UIoLKSBnd/Sxrf7an7XXxv8I/F/RPB3w71Dwb4qtNHnur7Wbl2imHhiOFvtSJYShTdTGAfK8COzhgQc9fzX+BP7I+vftLfCb4j+PPCHxzTTvifp8epQeKvhObme3s7+wt5Znvbq9hdlYXF0qEOApWPOSAK/Q/BrN+IuFMDmGHznOKU8MsXhF9XnUeOlRqV9HLnpTqKhTrR+1KfIpq8opu58Tx5w9lufSwjw2ClLGzpYhxrq2GVSMGmoOEox55Qdk1a9npuj+frxhf6W91C0RYctIkkeQpEZ2EYI+VcZBBAOTnHNcfDdwx3El9byHywgZIyAfmUjj5uhBx246/eNd58ePCkPgbXJ7SOWESx3moWN5ZQXAnSyu7S5khlSF97blJQtweRjsMnwfTr43JSIM2QH2Ajh3PAyOe/YdCfTiv70yZqtgaGJp81qtONSOlm+aEGtU0nvfbe3Y/k/H4eeExdahOChOnUnCUXbRppdNLq1uuiV3ofe3gH9pLW4NBtNNv7wIunWz2tmwOUcOjIiEkYYDGCu4g4BwCRjw7WPG+talqN7GZEJjupZ/OhI3oJWZm5G3K4OOgGcDsCOC0vw1rdxpsN9BYzR2Yl2llBYPKOAqxqC3zAkjgbWPIPNZ7SX+lXKyyJxJIUlDBlKqHIZXHU7cNnqe2BkhujG1a+KUKdRytDWL1u7ct2l2VtNNkulzCNk+ZuV2kpNXX8u6V72a6K297anp158SfE+lWsUFrq17NZPEYo4pSfK+c4KOCCSVzhc5IAA9SvpPwt+LthZXUen+Pg2p6SwVI4plVhZTGQGOQZBLIFALdcLgZ9PBJ9ZszbPDcRxXVlMP3EiAny3bBJG0DG0k5O45wT7jBuriawlhkRYZbYlHhaT+NM8xszcHGMYJzxjk1hh3UpOL95yVrR95xdu6atZ/F6fcaSrR7czSS5W21e0enMnbZp6rurn7Yax8IvD/ibQ9C8cfDfVho19e2CyCyguQ+mXMqqJEeaBX+QSOisNykKSAQp6d/8ADv4jaj4Js4bT4n2H9n3dzOlimoRL5+mXAU7I3LLkQMQQxDlSOtfjV4Z/aD8W+HJdOh0fXL2xsrNkEmniTfAFwAyoGAGGGTg5ByMYUV6Vqn7SOu65cmKTWJrrRbyMG4sbqJG8u4XqYlAzHyAAyE8ZOegHu082pUoKUISp1NFKCXuP3Y3trdK921o19xssRGVly6KyvdLW0VfR6K/Mmnbe/kft3d6V4D8Z6Xe2922naraXmCFQxXcTecOIzw0gOOQTwCODwBX5p/Gn4AaR8L9Vn8YeCi8qw3yXj6W4dZ7dycq8KrhmhH8SgE5xgHG4fNfhH44+JtAS8fQNZu7K9lnPkwNJLNavsbcoRZCSpIGF+7gbduc5r0sftQeLGhkPjrS/7SbUUKRCSBonSPIBdTKAGDA5DAkAdSSMVlicxw2MpylXoyjVivclGN7dVLpd37K6b6N6qMqbvZ7XfM0rWutPJ3ttd9fT6v8AhF8fbK3s1ttbsE0qa4toma8SbYs0uFRy5Y/6wkFtrHPHNfVVp420O7s471r0mKaJPJuCflOcAqGJ2tnJ6Z3An5s5z+OE3i7wd4g1W20bR7WS3u9VuIpQbm6xBA7Nl4o9rgKTk4xjJHOeMfevgz4Z+Jn0DT7rw94ki1Ozt7dvM0u7LsBcBQWiDNnaqH7hHXOTjv35NjcZXvShFuEErKyTSvG11p01d7tduhvz018SUuWz1srPmV7WteyabteVz5+/aG1i2uP2ovhvPp8y3UaDTlkIdQSfmVh3GOcfMMjGSPXkP2071GOnTRxPE1vNbEI7gq7P1IJB+bBZWI9ckEYI5b4w2up2Hx28HyX0E9rqEctsMRjJaUM4zABj5RxhR128GuD/AGntc1bVLZodT3KLSa1EAlOJXPG4shxjAxkkcD+HpnxMzwrlmdKu/dcZWaulZt6266Nb6Lz6P28Lif8AhPxdJRXvOEk77OMYxWr6X2v1buc54Sjt57FbrUNPguA/ysk8MbxfMq4OHXccjJIycdfvc108nwg8L+KsSzeFY4ydxL6c+1ySM5WJMKOxxwMZ+hxfAT/atPso2+bzLaFiuNwAAAJIPByOrd93ORXuVjJcaXLFdWUs8EqKu0RjCjHcoDgjJB6HHQ5Arx8xrZlh254SrFSWqjVbUX8Nr223TXxW6muBngq0FTxNNcvurmjyp/Z11TWummltlufOXiT9lawt4VudPutX0syZ2i8t2e2QNn+NF449SAcYz6eG638BvFWmBxZSW2qRhjho5BG5CnsjMT0I4UHv+H6X3fxA8Xz6eulzyx3Vu0mFEltEzMDxggDIOOMfXBPG35m+JWrvpWtaDLEssMskFzLPECYonflgSq8fez1G4KO4AA58p4izerWWHx+FpU5tXjOE3KnOKUers4t/8Mka4zKsqUXUw8p8q5U04tPmbirb673fT8T4ivfCHiHTZCl5pN/FgOrYtpmXGDkFwpXJwMhT3+UZxWJJbvEHDo0RU42yJtdTwAMbRj/aOARjJr7O8OeO7zVGdrhYJYhNjyZohLxuKlfmXJBB+Xnr09D7LpXgPQfiHvhfwjpt5L5Y/wBSY7OfOMkq3Ac5AYk7sdRmvoK2e0sJyyxUFCGl3zXWltXe2jv1srpd9PIo5RLGT5cHPmb2Ukm+jSsrvZaL116H5gPGV3bhl+o5AGB16EdAAfqOxyKdtJ28bSACOeTydx6jGD0yPmzwDg4+7fGf7OXg6xuZbYx6z4dvMFkik2z27AgHO9S2V3llBbB2gdhg+R3v7Oetkb9C1Wz1FuqwzK8UwHBA3OVTIOd3UDHOMc9uFzjA4qClTrRs0nq1rqra7Ld7W2ascuIyjH4eTU6TunbS/vaxva/Xfq/U+dEUEMNqj5OM89Dwc8kAjHfGMYAOK+pvGh3fDbwcjMqtFbwlduN3JAypH3f4uR64+9g15Jq3wo8e6Eksl74fujDFkST2yiePAI5zGCO478etdtr2pnUPCvh+ydXjlsLdY5IGQo4wwHzBuQRt6Dknt3ravUpz9nKLjNc100010fZpLbtfa+5lhaNaLrRqKUG4pWatezW1/vt11S10PVdIsf8AiRadcKxMaWkREgUBxJkEsWJGRjgd/XoMdv4b8aeNfDEn2nw/4l1fT5lbMaJdybCAcApGXCY6HpxkDg8VymhRs/h2ziQ7oUtF3q2cozMOMAgnkZBPQ4wO9ZdvqrRTyxPtAi3bA+fnQMQRkqex6YY4+tdFJUal4VLNaWulK6utU9b231/A9arCUKdOSlJO0eZpf4Ve73W3le13rp9geHP2vvitpCm31w6b4rsVRUeDVLWN3dV4YMxB+9kZI+8eoPJr0IfHr9nf4hItt8TPhNZ2EkiCOe+02GGMBmG1nGxA3JIwc59MZr4TgvYnZpWwApBMZG4t046DIHOCQAcjqMir6m1aORt6kOFJUjGzJDYGOoA5x0yQO+2qqZPhpWnTc6c21Lmptx193+Xd/nre7FHH1IxlGo41Iq1lUXNorKyv5p9bK+nY+vr/APZl/Y8+J6tJ4J8cyeFL+cFobW6ljjjEjchG+0kMdp4OBjqfu14r4t/4JueN4D9q8B+J9C8WWrq7xRwXEfnbBu2ncH2bm77R64IHTxl444z5ikRMAxjlj+VyMj+6QQdvPy88Mdo6V1vhz4keOPDMyz6F4p1axa3CtEv2uSSIgY/5ZsxXAHQHJ4AwcVhUwmOpqKoVlUUVblqRUubWOmln3Wi2T7kKeX1lath+WV0uak7NfDrbZ9b6pvtbbw3xn+zL8ZfA0si6x4K1gRQEq89raSXcI29WLwowKrz3yecg9vFLnS72xnmhu7e7spEzvSeF4nUqSp+RlBHI+6Vzgdjk1+sfhn9tL4raDCLbX4dN8V6c2TLHqFvDI0sYGWwdp+8ODuOSckD17+H9oH9mT4oCK1+JvwtstMuZlMc9/YWsMILMGG/dboj7sHgHDe/Y8sq+KoL/AGnC82icnTakpaq/uvW6fbr8kKOV4OvNLD4zkk0/drKzVrddLXTfqlpex+LdvNq1mC8Nxche2yZkJAPJPduQSxzwfoK9C8A+MdZHiTSbK6nlksprgRyxl90hADNgtnJI6ZGeQM8cV+rl/wDsl/sofE+za7+HXxEbwzfuGMNhfyxCAbiQseZWDEHGDgfUg9PEbv8A4J8fFLwh4o0vXfDd7oPjPRbW985W0y5jWV4QDgSKzHecEcAN91eOgJSxuX1m41JQpuNk41k4PTl3bsm/73kiauS5phkpU71YNJqVKfNbbpvd6K77avWx8j+M/j54r8TNLBbzf2XZEBdkLEMqtnneMENzkY5zj5vTwK/1C6vJy88st3ISSXlaRyc/NksxJJJPGc9Dz3rZ0rwxretMkFjZTzlyo3LE5UknGSzckcdMnuc4zX0J4T/Z11bUFiudadLSJfm8lWCu2DyCR04GdxOOccZOfeqVqdKF5zStokndt2XRNv8AG7s9+vhRpTlZQi2rdNFpyXutE7Pzd7drHzBa6Ze6hP5UMM8sm7CBAcck4BIxjBPc4+nSvYvCfwW8Q6y8TS2FyIm5eTBCKnQncQN3HsB34xx9Twad8L/hpbB72S0u7tI8NAoSSRWHoy7jljkEjuCQ3HPnXin9o66CvYeErCGwt1zGJ8KCByAVUY9ic9+ehzXC8XKq3GhTSSsuaSfSy2bV9Lvu3vfS2yo046157PWMHdvRX308rqyXyaXYeHvhF4U8L2wuvEE1nbrENwW7mQysy5JJDEZGBwPVunYy6r8a/A/hYtaeHrGO/uYUKJIEVbdGC4BCj5VywHOT93HYZ+NNf8ZeIdduXm1PUrm4Qs2FeVlhA/u4Xsee3sMgAVzBu2ffuYEvgKeAWz2BJ4GDySAR64oWHqSfNVm5q3wr4Vqmr63Sv5XT0WugpV4xSVCHKrNuTTvvHXorXtr563td+++J/jv4y152iF+9layHy0htD5ZQDBGSCDjaTnH3Tj3FcXF4vnu1db9zMxwkk8pZ2Yk7dxJJwVJJzk+ncA+bNOqxIjEBtxHOMk4yBggYXn16YI5BxF9odQFG0EkqQeWCkdz1yCcA4+XrzmuylS5VaytbTum35emut73vuc0qs5fE5P5PXRbt3tve67/M9DurC2viJLOYOXHzJwduejBmxgA55wCR1UnJHPTaPNBvBXLrk/MeCuACRjgnngY9OtYcV9cRSAQzOoypG0kBsk44JyMHIIHQdAcmuk0+6uLtyJssOuW3EqTycDoSexPHIPbFdMIvm02200drR3u7PrZW1s0ntdOUeROzT9VeN7ddnay13te7NjwzbSrIC+dgBUDJOGJwCQMDIx7D1wRx1Wv2x/s5Y8sGG7azHAOQecHAXOcnqWAHXAI9H+F/ws8U+NHEfh7R7q9Mo3NK8Tpbx/MAHMrAKOpOAR0IwTX3H4b/AGM9GSKy1X4la2hWIRTy6VZuEVivJikkYqSTtAO3IJ4XOefo8HhK9alyRV3KOittfl2bd9020r277J+JWxVONT2lRpKPVtX0srWvve70X+Z+VHhjwV4n8WX403w5o+oarcudgWGCV0VmIALS7CqjO0ElhnnkV95/C39g/WL2C11b4p6xB4fsSwlk0+OSNLoxjkK5LbVDhsMo6jn0FfYU2veG/h9bwaV8M/BdrYIcWx1aa2ROnLM0rKZXIAJJJ9cnO0l7xaprkiX3iTV7i8EqfJaQyMlqD1+7GQHwcgHnH8WDivbwXDcpK9WPZ3ekfs3unrrq3sumiPIx3EdGkpRpzWqaVtZdLJWenk3fdCeHNA+EfwuU6b8OfC8OsaskaxNqElusxDqGDStPIr7VzywVvlPzZI5q3q0/iDXeNf1RrK2UhY9O08si7SchZHXBBI4P8I/ugYpfMiso1htIoLUABHVMByndmOO579eQM56Yeq65DZpJvZAETeskpIJJBGELc5JIwBwOc8gMPq8Lk2Hw8YOySSXRW1cdlo9Un2/I+Nx3EOIrNqLklqu91eNraO1lrb02TNK1j0WyRhZ2qJOrBDLKvmys/U/MQcDg9MEnJIPJq9eazHDFI0twkSxBfOJcpk9lQHC7mAIJHIAx248MufHAtFIsXaeSR3dpGPyI/ZckkAAn2JORjAJryjxH4tv5op59T1BYY3ZnIMiqgQHJbbnliTgDpjk4GTXVVxVDCxafLCKja6cUkrLqr66q1t1f3rXPNo0sXjnGUFOTck3dOTva/TZ/DZXV9+h9Ga14+0CyUTkB5sjbEHyXxjBLYyuTj6YHHArz/WfiHfapbSi226bA5w7SfLGkeOpdmXJIGSMcEDvyPkDXfjT4f0dGh0+N9XvlJAeQ7oUZTzuOTkDBxjINeFeIfib4v8VTNA15cRRTOwjsbJWLNuJGwiMbmJ+7hck8ZIzgfMY3ifDUIuFK1WavaKvpot7N7rRfPQ+qwHC2KxDUsR+5pyS3Tbfw3Sjd63ez2tbofYPiX4u+FfDCusl+dW1BS0nkwt5iGTAARjz8q+nXoOelfPPin48+M/Ee+1spm0uylyiRW+RNIp+XGVKsTz8u3Iznrg1e8Afs2fEfxqiapqFovhnQCA8uq623kMY+Dujjkw7FlJIJwOOpr3610z9nz4HqhnA+IHiqFV+d/LntYrgBSSsYJjKKRkcZyeMda+PxeeY3GuSdX2NLR8kHdtWtq1d+ui00uj6/AcP4DApSVNVaiSXPKzbtyvS9lG1trt2Suldnzb4M+CXxN+JMwuLXS7mG0kIabVdTDww5Yks5abaXG0/wgDHO05FfQkXwT+C/wriivviN4ji8UazFtY6LZy7oGkUglXKMzYByME7efrXJ+Jv2hfiD42lOg+FraTSbCVvLtdH0K2eS7dCdgjUQKWQkEYUYwOmMYr2X4PfsIfF34syW+teN5bjwf4dneOZ7nUmkl1i7ichh5ML5ZC4YjDgdSeoGeClh515Xgp1LauUm7L4dZN+b2+96HputChG11T0urW6Wuk7fdyxst1ueaXnxim1JLjTPhV4NsdAt7NJJjcWVvGb5rSPAOXVfNZ2XkgHrzzmsnwN+z58bfjjqPn22m6wNNuZ991qesCe2gVnbnYkm3co5IABB4J5ya/bn4YfslfCP4VWMNjo/h0apeqiNfatqSJc3F3IoG5mD7liRiNzIMZyBtr6PsbNIIRaaFplraQoQqMkMcESFcKvlxRjbjrtJXqVONpBHr0MDKLXO+ZNL3IXjGz5b7e87Xt63ehw1cWpRf2Xpac/ee0bq26d9O1tNen50fBj/AIJ4/D7wi1vq/juUeJdTiCyyW0rNHp0EgIfasSgtKFIxhhjJ5Hp+heheDdC8OadBaeHNKtbSKFQkNnp1rHbQIvADSuiqznGBnOflHvnttP8ADUaulxeSPd3THJXkRAnkEAYGFyecYB6EDJrsLPS2mBGApZgojQYyFIwQcAcHODnGADnnA9zD5fXcUoQUYva3W9kvVuKV076nhV8wpQdp1HNq2iei1jot15PTZ9LnmreHbq8kR9QnkO3IW1gHlx4b+8V+8c8YJyTgZBPPdab4WjWNNsSQYVW2RqACOhLnGC2BklsehGBmu803RslTNGu1TwrDcWUFcc8nAODjGOCO4I6Y2EWE+Vd6DGxAQpGWGW56jnAOM55+Y17mFyl8yVR3ejs077JvzvbptZ3seJjM5d7UVGzaV7q92k73XW+iemiVr6HP6ZolsmyRYiVXapBVWBIIzkZwQOgxwDjHBBrp4rBUYrtUhm3EryIwoGMgEc89sEHlhnGXjdBs2qinjCfMA2MAtwAOB0Awc4IwQM5Oq+I7LRLaa41C7trK3UMTcXE0cSAKGJ2lsE8cADkg5yvNe1Tw8YRUUko3T2s9EnbZ2ey/Gx4dbF1pzu5OzVmry1fu6LTrZ99fLQ0/seJI95ILEgZGAFxncSfmzzwSRnI5ORUt1qWn6fbSTXc8NtFEuDJLKkaDHLOxY4BGegIxgEgkYr5u1r48NfvPYeBdMudfvQTG2oyoYdNgbuxkcAygMeibux5GDXmt9ovibxXPFc+NNbuL0MfMTRtNkeCxUkkCORoyGkAz8xYsCAcFSeOpKMXaMXJu12vO2z6vT7O3VMzhh5TV5yUYtLdu9nbTZ3fVWstXpore0eJfjxo4ml0rwpbXPiXVYR5YW1VvsMTlThprhh5ZGfmIDZIxt4GD5TqUPivxm8c3i3WZrSBv3iaHpMjQwoOcJNKp8xmAyHU8YyM4ORpadpUWmxNb2lpb6eiHasMMYVpB1LOQuWI4y+TkjvnNavkSyHFuoLIApPO5iedu4jgAHn3J64IOqp1J22SstuibSaWqa063T6WWjeiVGhDmg03G1pPVWVkrX6b+f6Z2n6Db2MRjsLaK1gCqC8ca+ZLgA7jIPmZmONxYknkbSOK1zYiKLOQGI3BGLB2JwMsfQHB25yMg56bdaGF4owGBYMgMjE8gjA2ovQ4AwCOOBzkE0/aC5cqRjCRhyCCMDLZIPQgYJxknpXRDC3avy2S0u7aq17bXvp7t9JXWyZx1sbN3s73t5dley/p6aMybS2l3IVj3KGG8gkuXIxjnnHbnj2OcjZSxkLo8uFJPyggbQOc4wADgYIPA4IBAOKu21zBA7MfKBXAwAMhsEHB+nf16c42w3t/E52qGCDLI2STICSTjH8HXlsZ28gDro6cYpJbWW1kunSzSS0vpbzT35VXlN6z1bTSV1fZpev3Oydu5XntJJMIgCxqHKn7pbGeMg8Hngk56+xqtuW3UlxhY0wzs2SoVTgg5JIPGCCTz0PBqC81Lywqgny5F2KxblVxglVzz1JzncMYAArldR1lYYvmk4VG27mY7z67cAnBzwc5IrOeIp0IpO1tGmrW1tdaLVp92rG9PD1MS4qmndq++lna/o9VfRK7VnffYvNYtyI9/HJKZJHmsQSQc/TpycjPIHGS+rRgvN5nlx4L7M4YBf7oByQTnA646V5Nr3jewsLeS4uZ4YY4lPzTyKhyB823c2eo4A4OBkZO0/L3jT9p/StJimtdEMmpX/wAyQtn9yGwQdh6MPpknHQnNeLXzuFK8YyVrPbVte69vPXRaH0GE4dqVFGc9LLZ3V1po35X2dtuzZ9pa54ssrW2+0SXVvAsQMk0ksgTao5+UnGT6Y9855NfKPxB+PvhtobvTdNifX7mWJ4Z4EXzoXBDKFJAIK8+p7/UfL4v/AIn/ABYmcTT3MFjM4LKpkgt4YnxleMGQ4/vDHrkV9EfDr4MaZo8MU16Dd3Q2yyM6ggyepzgEZ5wQBxjFeW6+MzBuMFKFHmS5n1vytW221v06enrqlgcsim1CdSNrJWVrW05u6tre/wDl8X65B8RI4ZLq4tb6y8M3F81wiRSSqsSyscRbVI2RrjB4CjJJ4Jr6j+Evws0nXdMs9Vv2XUjIIz5II8qAlhhZFPzMegO4EknnOAa+m9W8I2OqaW+mzWlt5IjIkjEYO5AGBABABbGCMZKkHBHf548K6hc/CfxhL4dvXd9D1e6D2krsQtuWbaoBxtxuYZJxgDIzkijDYP6li4e3vVpVEl7SV0ozdrLXTlu9vnazu4rY6WY4Of1dqnWp6uKdpTjG3N3u0r3d7eSdj6Ks/Blnp0aLbWsNvECF8lEWNQmck5UZGeuepHcZBroINMgiIEKKuXAXaMEnj5MnHf14x24zWzDdRXkDyCRZAE3L2UKwBDo/G4nd9QcYIABrJlm2yOdzMoH7vnA3KMkjBIAGM8kHoOhFfUxpxgrxjFLRq3Tay0XVWXRanx1SpWc1GTk3ezu31ta3bReXW991rCO2hT5QEZAdy7fvEgZOSMkEgcEZHUcnNVnugoCAF35AUnJ3MQMMD1wSAoGMAA/TmrzVH8xdspSF3AYfeKttOC2CWxwDg46kdeahkvM7uRkchgwDE4AHUdQR83O0+xzRCrra+jbtbvG3n0Sdnf1vqbSwylyO179e6drp+av+HmaZLRyyvICyrtJViMHoSSAcAdsjp35POPf3p2MImxhtwIGCgAPCkcgjgHB6HpjNQSXzCIx4/eMdzMGGQpyCSCQeDkAEemBgZrBuZ1aONUJY7ssM446kk5HAU8EnaOuCeKU6i05ndtKzTs23a26fR323drdWlRpQWjvd37W1Ttonaz17699C4t8xQbnw4LEZI3EfNt5B5OSAenOfYmA3hWTLlizLhN2cKzccEbsgnjnBHPHesmNRuaRWOGz5eR8ucfMS2Mg5xjnryTgCqty0qOSjq7BQ3YgYyT833lIGe3PGM9Dy1akFKNpO902rJ20i3p3STs1rs72u31ww1R2ai1G900rp6wu99bJN81rtbtXd9mW7aUeXvJCfMT90segHPPGD1HPAyQOKk15tOAw3EFwoJIGAd2Qc9PvdewJ7ZxpL9jAAQhJJOScOoA5ZjkYwBgY6D04ry7xZ8UfDPhjIur4TXewqtpbuJZmboVwu7aSRgnaDjuO3DXxdOm3Kc+Xa+qT1srctrvdLRb62PUoZfVqSjaN3JRd7NdmrKy2a19ddND1GS/d0fDgsWIwG2soGMk4yFRfQD7pHfp574o+JHhvwpGf7T1SMTKjBLS3fz7iVz/CERiUJxgcBTnHUbj87a58R/Gfilnh0eIeHdKkVl+1z/JO8Z44BAbLdiB6c4Axn+HfhrcapKb820+r3gJabVNScpZQ8gs26ZhkBjnJwrZPpkeNXzCc01Qikm0lOWvVbLTpe27Teqvt7NHLKdNRlVm20r8q6fCtW3yp62tq7Wd9Ua2rfE/xn4tke20K2Hh/RmYj+0bsbJ5I92cqX6Fu2w9ODjg1F4e8ERXV016ynUJwxe71zVpGW0Q5yxh80jeUOdq5C9xjt3cWj6Tp7JGqnxTqcKAlYz9n0SydenmzY2SCIE/dJyMjvms+71wSv5cuzWbuMhINOsF8jRLRl+X59m37SVzz5gIOM+58PF5jhcFCVbF4mMIr3m5Ts3teyezs07dfWx6uHw06so08PTlaT5UoaNtqNnJ7/ADbStp5m1bW+l2JeTSoE1C7hAWfXdUHk6XbMgIka2R2Qu6fwiMHcFAHUCs0teavqCpo0D67fNlJdZv4zHpdmwwHNnbYCvgDKuyjJ+vM+n6Rea1PFPrU3nxg/utNtQIrWIDGAUQKjbenzAkDrn7w9d0nRZTJCltCtvbxpysa7YlJGcHuSVBzkYzwAAefzHP8AxEVPmo5bFSk217acbJ7JNRut11d7PRo+jwWQxuqmJm9OV+zi9dVG6b66Lsle621dLw18OLB7q3v9YuJ9f1PH+qnytjC+BnybcfIFV2IXjOBgZ5z7xFp9xp9puEawoFUJaxKI0wcHIwAOgCgD2HqKxtKl07Td89zNGpUKofAVQABgEg8EDOeBzjGGBxHq3juCZ3t9NH2lj+6Rj8yDO7eTknBH3QeOFzt61+R5jmeZ5rXdXFV6lW9rJtqEVdWja6S16L79D6GlhsPRhKNOMYqPSy6W3el763TdrrXqe7+FPEOm6bZeZdtDHOi75Edh9wAHcCeSVPPGckYBPFYOufEq61G5NnoCM7YZTNtyiKTxjAAPu3bJPYEeJ2kdzeOHu53mZmC/Z42KgKPm2sQAOMc9ehwRxj0Lw/pc0bmSOA7SdoVQQcnqGYDIOB39yPWvFlg6cJyqTa3T5G2luu/xaKyu1fta5pzU6d+VLmvu0uiS30v6LbbdLlil0u+vJluL28nuWJ3eRlkTeTk9xkL0HY4z616X4W0ZrqZIIocRcK6BfmyOp3HgnkcswHGABnNdF4c8Ki7kWWfAjQhTu4XBwxz0wFzgHt0yMYr1W1fw74bRmka1EcJ3SPuVCxwCeTgNz2zkjGQOK8/G4+FCmo0o800tFFbWsnGyV9Holdu9+mpMXOvNRUZN6bLR6R2Vu76dluavhrwUv7o3CeUiliyABTjaCGY/huyDnAHc4Ptenjw74ega4YWq+ShaQyvGqqQpJMjHA3fKGOCcA4J7D4U+J/7XXgD4b210LzVYmuURjDZxSo8jtt+RCqnhWIHB289Rzivyc+Nn7fvj/wAcHUNL8Nzy6LpExZDNFJtneInGeDkFgMcYI9geeHB8P5/n9WPsoTo4dtJzneMeRtaW0b0V9LvTdanRDD0qCU8VUjFK/uJ+89uislfS7b9dj9mPjX+2/wDD/wCGcV9btrNtd6hCj4sbWRJcyjKImQxAAYKWAO7C5/hBr8Wvjd+3l8RviZ9t0/SLqXRdNMkoBtZGjuJY2yFDsNpQYIOARkHJB4x8Dapr2ta3eSXepXlzdyyuzs80sk8j5O4Fi7NySSMdMjoARTbWyYEM7F2Lb2VScfMxONxHPHPVgPoDj9X4c8NMsy/2dfEQWKxSSm51YrkUnazUHdWWmrv2325cRmiUXTwsHTjayeinJuzTfVd3ZLTVW63dT1DVNXkaa8uZbmSYl5p5naSRnY5IZnJbuRhSBnr6Cium3MgxtdQq428LuzxnoAD1wMgGty1053cvhNu/bsLHC5JHPuByDwOABnqex0/RzcAJ5TSS7htbkLhW/h5AyFHBzyPfBr9Uw2BpUIRgoKMYqPupRSSSSstLadErdvJeJOrUqO8m227Jy3b01XZ/kur0Zx1vpjxpGxRVwOAQQQMckjnJPAAPQ4AxXV6XolxdmN4opVjjI3HHy7iSQTkDIzg4bPAIxzgdxp3hxmkzdgFlI2x4XG04wT1AAHbGd1dzZWsNuhQRRqEA+QAgNjgknnPA4B9PwroniKdGD5V29/ZLbZruvXvcxlSc3717rVaNXWltdbvV2d0la6OW03wzDHIXu2M+AjBCuIxwOAR04Ppn5ecEV39pb2lpEiqBkncGA2qpACgcZJbHTIHAHINdH4Z8CeKvGNwtvoGk3FxCzAvdyRtHBCMlSzMVC7RjPDEDGQe1fXvg39nLRNCjh1bxdeJqVzGgnktAwjtIdqbsSZPzAZwRz3xxmvkc34kwWC9ypW9rXekKFN885S0aT5fhe2rW9j2svyXFYlKUIezpac1WpaMeVNNu1lrZ/joldNfOvgjwH4p8a3EMGhac/kl1WW9nBito0ZiDIXfAcYBHBPIGB3r9JfhH+zb8MvARs/FPxF1O38Q6jFGs/wBjnkSPS7SVQGAKscTc87W4xjg5zXikvxN0Tww39n+FbOK4kQuqxQIsdpD5eRtdguH5+bOTyMjnGfJ/E3jzxL4juN+o6lcfZ2DFdPtZGS2jUE4VgD8+M9Se3OcGvznNcHxVxXejSxMsmyydlUnC/wBZqQfL7qbakrx005e12fTYSrk+Tq84LHYpWSu06cXp7yWsd+zeiT2bZ+g/xI/a30Lw/YSaB8ObK2nNuphDRRLBp9qoGFEUaBV+XrnoT6mvgHxr478TeOr2XU/EGsXd475cWvmulpEpJbyxGGCAAEggrz1H3QR5/PNI4+9tDk52tmPagycnksTx3JJJJHJFc1f66YdtrC21XZ98vZgMZzn1xj27FTXs8NcBZHw9CM6OHWIxjadTG14qpXm3bVSldQV3e0eXqm72S4sz4gxuL92VR0qG0aNP3Yqyja63b0Wkk9G7dLbdwbaJQsjkNIuRDEQBvH94g7sAHHJBH5mucvNXlR5lR1gjXCnafmx3RQDgZ79TuBPFc7f67GissJLyqGCzZ5AGSxwTnJznCjgggnGa54TS3I5LOSpwys5JZ+i/LgFuOrFcZ4Azx9p7tNJpJKNttFa611bV7JLr0bWrPn5TlUd27p29227VrO+nlp5arqa91qYd5jNzwAGJzsBAG0rxtJxx07ZHRTy9zcyXLDyg54Kx4C7MKAQeQMYIOeN3PBGK7DT/AA5eakVVUAMnDF9xHOMEsxzwO4yRjGTivSdF+HlrCYZL9DIu0MF2kq7jICLjJOcc5HPBHDV4mY5zhcJ8U1Oenup3e6SWmzvpfo+qOzD4KtXikkop2V7Jb8ttd1vZbWvu7s+Q/HupyW2jzwKjiaW2lViwAyiDklj0AHcDoCOo48b8Ei3l1rQTdlhG17ErsME7PM+bGDwePl3EYwcg8GvoP9ouwh03V7a2iRLSKTTpmMKkbmYKGG4dVIPPPc8c9PmzwfKDqGhBSyt9qHzE5UgNhhzgkggEYGDkYOSa92livrWU060U4KrSdlf3lflWt73a9LPW2mh5EKc6OYyhNp+zqxb0396nbS+ytp/TP2g8PeIfC3gzw3bHRrK2sppIYHa+nAmvXZ0AJt4SC4II4ZhgkHnHNcDr/jLWNYvFuGeRIpCRBLeSM0wyMtMI+Y1PPygDHQ4ycjy+xvQ1tZSea11clEUTztnaoQBQqsSVCnjIBx1PerEmqojXIuZ1cwxt8rgfITnLKTnAx1K5747V+d08JBVZ1JXqVHPeWu8ui0fTzdz9QeMqSowjBKnT5VflajfRNP1dtF3Vuhs3uqqzx+fM08xcKbuZi+A7dgQRtHJBHHsMEjjdb8Rx2ZlTfGRlY1kYgHkjORyc4PynoQOOori9d8Vxkwm3BEaEg5Y43KFBdWB4UBs/XsRmvKdb8RRR/aJbm4GJIjsO7dznAI38qxJwPQf7xA9ejhedJS39L6NRtdbLrbe+2p4dbGQpSk1Jyd7t9L2inv2u+qu++x3OueKEDoTIZ0JzG4Y8LjDYHoG/PAAIryDxV4vETtmYjfIFVIyWkYYBGAASzk8YxnsFbHPY/D74Z/E34y350zwNoF1JYhlWfW71Xg021jDAyzPO4UMqKd7FGJ4OQM5P1pB8Of2cf2abUa18RdTtPif8SYEEsWj28vnaTZXKrna8akpIVOc71J4PBBFfQ4PLU4qc0oU1q5SVk/h8tWuu2r+E8ytjJSb5XyRbu27JJe7utNGn100s+7+Ovhx8Bfiv8Yp5tRS0PhXwipU3XiTWw9jbJbrgvJAs3lvKSgyPKDLyeO1fQE/iD4A/svWYtPCFvbfEH4ipGVm8Q6gqXMNpcgLmS1icNGhDkbGHzAY5x18a+Lv7Unjn4lyS6Xo7f8I74eDmK00XSV+yW0Vtyqq0cQQYAx/DncD2xXyw9vtuXuNWuXmuWJcBmDl2+bjJJIAPTHRevPT0lOlScY0YbW95p3lsm7JJXvppa27ve55s8So2cFzVOs5ttL4bcqfl0tta9lc9R+Ifxg+IXxdvXvPEOr3cltI7CK23slnbxBgAkcAIVgBgcgqB69R5Pe21jYEsCLm4YYBOWBkGCSwOQCASAO5B79ZXvL27k+yWcZXGFVYkO7BHLHGRyCSWG04Az619EfB39lz4i/F29gXStHu5YHlBuL6WN0sbVAQXeadgFO1eWwxOPfNb04TfvSaja2l7aaWvfV767qyVvLhnUqV52jzVaresm7pPRXbeiUfw9LX+bbCw1jXZhb6bavucbPkV1XLkg42gDOcg9D2BIGK+8P2fv2FvEvxBe21zxTu0Tw9blbm81PUgtrZpGoVyqGcozgKDnBIOCVzxj7Q8K/CP4Afs1WsVz4tks/iF48gjEkWhWDK+m2Fwo3f6bKCyybHGWDHtyAAceQfFj9pbxV42lXRNPk+xaecxWPhjQgLext4wCkYuZYdofaMZDkgEZGQDjpg3Zxjpf4bKz6Ruk9lur3XfZF/VqGHSqYqaqTX/AC787x3vrZJOz8mtD3+51v4D/s6aVNpvw9srHxX4ltE2XOt3CRrYRXCjBK7hmRUb7oT74HGc8/HXjb4v+Nvidqc1w1xcXtrGW2klrbRbUZYMQuVjcIvQHAbHOOSfMb54NPD3njDUDe3ZKyReH7KUsoIJK/anU7BkffA2kn+EHryHiDxhqOrRxWtqselaaMAaZY4jjEZPBncANM2OvmBuuODyfWw+AqVoqVVuCb9G9raaaJ9bJb3e9/CzHP6UG6VCy5eW0I2Tb0Si5Lp3SSt0sjotRv8ASYJVJlXX9VClQ75XTbNyFyUhGN7R5I3AHOCAcEVwuszXl/dIJ7gz4YOqAkQRA8sqRj5QqDgAYz+pVcDyxGMlMMWUhA3+zxzxgkr3Jwwxmoo4ZJ5lkKkMzEEKckYXbgEjkHHTP0r1aeGo0ElSj/KnJpOT+Fq7d38Stp999D5WtiK+M5XO/LJq0Va3Rvr6aXeml+9y2RJ5FEablKFSoB2h8csVIOD6Hb6ZxipdS0pUtUlVWlY7RuYbcZJI9+Bxkc8/dBNaGmKtvmQjkEpsPoc8nnGWI6E8g+vJmvNThaJYuXJJVIlGR5inADHv1xtx1PGO/TTpTlUTp3fNy+d7uMmrWa9Lq+nbcq1MJRwf+0OMXHo+j921/np2RmaNam2jlnmwxZlALMAFUAEoCQMHIzznPOSMCtOfUZdSuUgsYWkVdsSbUJy6fKNq452jJJIxyQnG2tzwd4A8T+NL+30+xtLqQu4VLeKF3kd3YKipEi/MxyAuB0wccBq/e79iH/gj14w+Ij6V4q+JEP8AwiPhiRorjyLmBv7VvoWKuUihcbkMiEkswVCOhC19tkvB2OzV/WZRjhsHDldTGYh8lOC91Wjdc1SW/LCCcntyq9j8R498a+H+EKUcuw9SpmecVrxwuU4Fe2xVWatbnjFuNKnraVWo4wim7vqfjX8JP2bfib8WtdstG8OeHNV1q6upECw2VrLIivIQFLuFKqoB3MCRgZyemf6Qv2Pf+CL2h+GrOx8eftFXNpZWtqkV+PDAkjhSIRgSE6jdSMI1TaMSLvLcEHvn9JtZ8SfsZ/8ABOzwaLWCHQ5fFsFpiDSdP+y3viLULhUwDcyoWNojMFLAlW69wa/Ar9sz/gqh8VvjJNqGjaFqE3hDwe5kjg0PSJvKuJLckhRdzxFWZipw4JbHQ4IFfq2W5Lgcqw/t8LyYalDSWb4+nH29S1rrLsJL3kpNe7VndL+ZOyX8t51xZxjxxjfY4x1K3t2vZcN5TXlDD4aEpLl/tnM6ek2k/ewuHWt2pNrU/Xz4+ft/fs3fskeH5PAfwV0vRdb8QadbtaQWmlLBFpGnyxLsDXM8ABuHVlDOSSCwJzlhn+br9pb9u74ofHnXLvUPF/iq7ubYySfY9Ht53h0u1QM2xYbaIhDsUBVYqSzdVwST8GeL/HWr65dS3Et1cOzSs0jNKzM7uSWMjszOSc5LEHJJB6jPmFxfT3BlYkghguMtuPJBwx9T3HIbqR1Pzma8b4fA+0p5ZBqo7qrj8RL2uLqqyXM6jdqcX0hTsrbuWh+k8LeDGPx8cPWzyrCcE4zo5ZhqfscBh1o1GNFa1JJPWpVcpXTel7Lvde8YX+qtNJcXEhBOVAJUYDcFQG4/L+ufJtV1YSMrtMY9qty42lsYPUYIBwep54weKdd6i1ujySsAybiqyNhuAcsQcjIwTuxkAbuDXgnizx3b5khSRZJvMKrEjYUEPzlgSBtJbIIHGeAflP5DnXFtavzt1JSlLSUm7tt8trO2621tf0ev9McK+GeEwXsFKhGnCEYtQhBRSSUVpotPz7XOt1XW450lMbqm04+Y4zj7xJ7DqD35xwMZ5eTxdbaXGGZyZHfZH8xYFgFX5uCAM5JHH0Ga8auNe1HUBLGJCC8m1EVtrMTxjIAG3sTyMDB712vh/TdNhQSeIJWzBbPILQEku8gKoxYEnOSCeMAFs8E1+a4zMZ1pOU5t872Tb6rz7Xba02aukftmByvD4SEI0aUIqEYq7SS5tN9ul23dNbemL4x8V6hqLCG2lDwgZmMWSxL4+QHGQBnHykYBJGB14CCC6y8r7/M3Exo+UyPm64wM4JPb/d4Irs7aG3t7u6aIRqsryvBE6g4iycFuMA8naMjGcr3FUNUv9PjtW3fPd5I3KQqqOgUDPbPfqOOe/n+3k2oct721d7q9r2bdk/J7X6nqKLuvsqNm1dSs1a+rfaz1XVJu2+PEsyRSjeu8sP3W48sTuzjJPyg8lQeccGqepWM6LDdbHJlQAs3BDA5AAJ5GMdASCM46GsqOSTzA5csckkBiMDhQTkjr29+TxmusvI7m60y1uA6koNoQYwgX5c/7eRk4BI45x3f8OcXe219XfZd20rXTemz12NUo1otXd1q9m21a1mk9NvPXR9+URHuHCbXdkBDbQTgAfexxwPQ89c9KexEu2DD5A25POWzyo6lcYxkg89M7sVt2DHThdNOhEsyYiIwX2Hg7e3PQcjiktNIudRW4nt1ISDcxAXLZz93HygsBgAjgdOR1bqRUm5W5Y2XM1bV210uvJNLf7yFRemr5m7NNX0vF9k9bPXfTyE09LhVLRAlwQgQHBI6FmX3Gc47+meKt9G6SszFuch9zDORzgDORzyMe/I6DRsd1ixkdgrBc4kODgZDg84yQRu7ZzjJHGHqF+s9xI4UFSSFwcgKCPUevzBvc9qiKnOd0rxunfXy7aPvotvPQ6pTjCjHmsu2q30T1tfa3ZbO+hBcM5iijYgrywXIwMYyCdoOc5LZz0+hqK3t2kZXKkIGySApA+mfTBHPTnJ65jHzld2GEpIBJX5dx+8M88HGRnqT1ya0o7KRSFDsfmBJH+rAOcdM9CMEYwSO4reT5Uo7bWu7t7Kz1S7WTtbocytVm5pqy8r6q33vtvfZ2drK92RDLGmQpIJZm6cYG0ckkD2AznAHQzWrp5bCV4w5CsrkAv16A43A4GeB04wetZckZDyo3zEsQoXHUAdBjAHIwRj6jodHyIkt1VWYXBRiykE8nA4YA4PIOM8EZXris3GMUklu1rom1pG7vrbZNK+tkUrqTSWyu5aJX93R99LW17NDnkOYiVYBHOw9A6joQTk5B5zkZPPfJknubhYRO5cbwVXI+UKucH3JxxgnPbFQlmEUO4o/QEMfmAB+6WAzuPPzE8dBkc1aecyQMkqqkQXKqQcnHHB4YAA8AEHJIx1IE9Vp11TTXa2+3ZJPXSz1sU5Nrd6rVWt0VmrrTvbrbpexjtNG6IT8rjPIHDH1wMEZIIxnHQntXR+H7G3dvNnheeIL5kq4JGFyAN2eDn+EMd3HPHPMJta5hTcojL7QcZAAwPmJIIIz1b25OOO6guYNPt5oVdJIDGB5p+UyPwxUN1BDH7u3Oepywwq7lyRhH4pKKVk78qtrd636Ppo7HIubmTScmt/es9ovV3ta2ll13b0OU1poWvJPs4Cx5JRFGfLyNuM9yO/YE9ORnGjBYkqCflJHPQggZxz3PsORjOObV63mTNKOFkIwMD5c59fmB4yRjPfHPNNFkXDLnaM5O4ADBz0yeOOhySevaumkuWnBdeVX69E/Nvt8tNDPmlKfM0ls++jSvzP021srvpZLQgkby9mR13OFOGIB4BXOcHgnqD3Oflq1ZSuZyRI5BXKquScjJ6jqODkD2OOmaMKFxK4x5gUh+qlVIxxgHJ5ztHPfPY2tOZ4LtfKClxyzMQVIOCeDknAODjOOB3zSqKPK3otL9L3VrK17Pf8F00NVzqyuvLfXVLva718tN9Rb+6u3aSNg6xltxTJbJz1UHtjk9McAk8Vj53YD7uCBgckt1IPHfn6cZ6V0OqPHPIrIqqYQfN2MM5HOOcdcEjPHJ9Kwt8YUoI13H7r5Hc8E9CAOT0I/Gik04qyS2eltE0mtL+fRd3bqZtLmV3dJpq9+tpNdlvZ697pJldgAemOOPfn/657+lMqR1IOWO4knJB4zj178/n/OOtSJbvS3lp+mgUY6+3+cfX/69L9c54x9P/wBWMUlAgooooAKKKkVc8nkDPfjABJ59Pcc9cYPIAHCIEffw3UKRggYzk5/H26etKtvI0bSAAKCFJJH/ANf27+vapFjJUSAF+yqBkkA4PJBIycgfiSOebtnYXd24ggiLtKdwUHnAIBO0bhxkd+AOq0/h1fa+/R/8C/z6MG4rdpJbtPS3zfTq722MnazcgDpzgj9eeM+nHoBShMgH3/MZxxgfrkY/WvYNM+EPiDVEjW3275RuKshUqoHGATk555AJOR3OKXUfhN4i0eNlu7dllX5gixMxaPPLZA4yBkknK8gcmuX63hubl9rBSXRyXlpZvfXrp+vG8wwkWoutBN2tdpb2/Hey626HnmmaFf6g5FrbPKFjEjsBnYufvEHgHleDgbu5+6fT9J+FutPawapNGsVqNzeWgYySxLhs9WwGztIfbgg45AI734YX2m+FTdJNp9vqszoqyxzqu5YWO2VCGX+EFsEHvnjv3XjHxfpF/JbWvhpZbZ7kQQtZQlvKRnbBjULkBixIyCSPT5uPJxuOxKqulSov2Vk5VZNWs+W+9o2V332bvfU8vGZjinVVOhT5Kdk5VXslo3qrK1mtrO2u12SeHPGcmi6YllHp9tZbPltZeI92xfmZguPnYg8HBY7snvWqvi/QNUikaaC0uNVZ1UkgI4boXil4wDnkZIOGIJBavobwH+w18RPHPg9PFuqxTaNBLblrSDPmlyyB4XlQbnAk3dVG4DnAJxXjWt/sb/Gjw5f3aRaMl1CsyIl8kzKiEvlNwkw3AOCTwMFS3Jr4ijxHwvicZiMNDOMPHGYefLWj7W1p3SkoybSbveO7SWu+3z/1zKqtapH63GGIjrJ87ve65rd3fZ3emrV0zgIIobDXfuyGS6UPDlgSpfJIGCcgZ9cAkMB0rrb6SC4vLOGMRSxyrteyhO2R5B94MONxzkkEcg9Dya2Lf4KeOdJuF/ty2a3jsyBf6jvMqWigAqu75lJJbICnGOMjFabfDnSY7w3ieLILB7aJpbWWZCv2qYZP3m+YsXyNqjBUKcdWHozxuBrtSpYmFV8qip05KotVdczjJrmV0027KSsr30wrYijKaanzStZSi7q2+rjvbo7WvpvvQ0bRtJ8LXkOvalG+oWgdpf7NkT5Ukdv9W8jZGFJGAvAA4zX0npX7QlzZpDY+A/Dai/EapcQWVuj5jKgFQyAlm25BOCDngjkn5a13Q9ev5tL0yXXYbmC/mQJ9nIwpL48yUgKApBwRnjAbHNfS/gzSNL+Dunrc2tza3V9K6NPdSlZ7ndKmXht42LEEcjovbIzXhZvTwlelTnioSx1aT5KNBTlGnFRafPUs1aK0tZ31s9GcmKjRdKNao3iaspJRpxckorT3paaNX0uknayV1pzPxn+MHjrVNBSwvvCUujW4VHmuVtQZpJ3PzEuUykhB+YZ2hcjHSvKPC3xj8SaVa29taWmoWdy8DxCeIyfvQdy7mDbfmIznjAGQCCeOt+NWq/EHxPPZppWmXjaG7C/VUTzJmcEO7Mg+YKwOVBBKrjaAM16P8HPC1t4jt7258YRx6VNbWKxw6fLCkUs8GwqZ0ZwpjkHJ6Ak84zW9B4HBZTTlWweHUXUUvYUpubU5cqu48z6pXT0S6WV3VN0aGEj7ejSt7RWjGXNKF0tWm76W1b/A+YfE+naxetc67ewya9bSRma+hujue3eQb9ioSzDZ0J74GBjGPDdbmawlW903TJdMW4UCKEK5LuP4hjOQuDgtgD+8OlfW/jPwT4h8M69LdWbS3/h281CNI4oJvNaW3MoKpMgYkYT7x6YIAJzg/bHg74e/BOfR9Ki8WG136lBE8s8ltC/9llUDNAsjDcxJzuzzkn1zXTiOIcPlFCjW+rTxdOpFclLCwXNFNLm5o6Wsrtp6Xejvt1LMIYP2b92pSqKNoU1quZXd9HJXsrpt62asfiPqXiK5lgEczTSySxgF5N5dMDBUFgSFHOCc54HJ4qr4K8Kaj4z8UWWi2FvJctczIkm0gvtZugBzy2cDB7knqK/T39pL9mXwLq1yNZ+GdxZWMNrbq53SIlvqIJOSkWQqMQWYoFKkHIBGc/KXw68NzfCPxBJ4t1zUbaO6tHH2S0jZSksayAFhtyQVwMFuhIP197A8QYbH5ZPE4GDhX9m1DD1Y8k1UtZKV1sptXaumu9rHuUsyoTw9SeHsq3I4qDiudztF6XVrdLrV6vrp9j+Gf2bNJ8E6LaeIPEht7eexiilg0i68ppJWKBj9oVuWO7BXaGI7A4IrnPiX488L/wDCJ3sWgrZWWoW+ba4kXCFx0EaITwvUElW6duMfPnxa/aA13xfeedpGqXgQqBHAzswUKCCSHPQ8lcjIyQM4rifBPg3VfiQkq6pqosTNICiyybHndvmYqGO0FSAMDGQSSSBXzuHyXG1OXMs9xcpSp1FUjRimqdNc0ZKCUXq1LeTXVdtPJpYDESlHFZhXm2pX9nqoxTcWopq2qe907prXU8Tn8S31trTXKOGWO6eYxq2YjjJy2BkgcYJx1619K2us+JvGnhu2GknzV0+BpnRGLsk+MBFRi20dcAcDtzjPLeKv2etR0wyyWJCDbvE08q7bhB95kKk7W45BJbALAivUfgZ8N/EiWOo3NhcrHBYrJJcz5Z4Hk6IhUEjGfvegIzg4z9DmWJy+eCp4ulVo3w0oKDqOMY83uxtaTV3K6Wl9W9Wj1cXUo1KEJ0nFyptPVcqa92ybs+a+l9Hron28cNn4+t7e7mvrG7RtuyB7iN2Cls4EeRhQM7sjI7DPGLen/CXWPEdh9t/tJku1YSXbvwkG7LbWI6k46rypOCeDj7A8P+FtV1G7fTPFGtWlpaPKJnmcozpE3CbMlgFAAwo5ySeep6PxD4a8J+FLKRTqklxZRwSGWG2GwXDOP3crtH91mZgQMFv6eDU4j9m4UaSpqvOULexhKdNqahdqaTim7NPfbVN6nDPH1IcsIxiqi5VdLS0rfC9r20fVL1R8LxeDNZ0LU4nGqKqwlTPLBIBCEU7Vd9r/ADsT90cnA5B5NeiL4M8R6ze2F5q/iFrO1Zonsrm6kJjMPDM6ruG0AKMAkFcjlSK8/wBUuUGt3kEt5LDp9xcyMiIxKxR5J/eEdyNoIJG05OOaxvEPizXlW007SryW8gXMEEjgvtRQdqxgE5J6E9DnAzzj3PY4vFcmtGFScE51XCMpQUlFKyaVmlrdp669jphTr1lGX7uM5RTcnTUnHmt1TW2u0t23ax9ReNfiJpyeCZPDEWo26y2rmL+0y++8v3RcNjnOGI4J+gPAz8QS6hc3Nyp+0Sp5c8gE7Odx28Ft+SQW4wBnqOp6Z8cWsXF9JHcieZmffIZlYRRZzls44AAxgnj05xVPUdRTzXtkUN9k43KMKcEgu2cE8/d4z0JIHJ9PKsqoYKLp0pqrOTc6k1r7z5OZ9UrvVWVu97HfgMHDDqUFJVJTd5NWdnZa6u2tr7vzvsZHiC7nuLwbnaQKdoJ+Z2AHLMc5bPPHBzww6VjIjKzXDhfLCsyD+IsCcEqO2cYyQuB64FOkcSyOzvgFx8xPXPAJHbHQD1BznGBftLVLsygmQxwr8wHKADO3Jxg/MOoIwDkYFfT0eWEUuVWVk7taNJLZ2Wiu1Za367ntJKKSXSzS26ava29tuh0HhvR4vEl/b2cZLXMseNuQfJTkO5DNjCjBOeuQOcjPqul/DuCymEUF/FPN9raG6YAriBQHJZQSQB90jGCACcgjHB+GY00e5t7q1kEl0UJL5Kqu7/VpkYPPy5A4ILHAyc+nabqIs5b6S/cNsimnk8t8SyvKnC8nLIAeBnng9Qaxm5XvF2XW6bTdo7vW2+1779dDnq15JpRvy3Sulp9mzbaTSvouu++x0muy6FoaafaWUMU5jjZ7kxPzMV+88rAkhSwA2g7SCM7iRXP+Jdcg8Zabo+kW62MF39tR7mVVChYsCKOP6BcDaMndzg15RqDXt7qV5cRGcQsUYhclEgJztY84xyAMdcYzg59E8A2GkWlx/beoiSS2to2aIFQVmn3DAwSOU7BupPrkHJpQi5N3krNPm6tJaWWzeiutFr0M6s1CDqJtv+VNO8pOKulFdGtNLrXTTTvNT+Gt34PPm+I4F0q3bT47vTI2dRLqqEKyyIi/MkRPOXC5B47E+RXl5eaq5aYi3s0lKQRFVVAu4gAc5bjBzjnnI+WvQfij4n/tO6+3rf3uotJaQ2kBuZGf7FbqgPlRqxKrtwAF4ABO0jGa8rg1RHRIpFLRQgtukXG4nGFwN3zA+nXHO3vNGMqj9o4puTd3so/CnrZbLfu1vujxoUp1HOq1Kc5NtOzUY3SsrpJbJK/VdL6HV6ffG3iiVJZ3jglUSyoxAJ/55rnhcjgjuB6Bq6vVfFV0NPawtDcFZwBMwDBUUqxjjyMhR/ewc4yOeRXAaAl5q19a6TYqbiTUb6CCOJEKu8tzIscSoVBxmQhM9AQ2TgZH3p8Wv2OPjd8APB3h3Wfi14En8OaR4u0qHWdEvR/pH261uAklunnR71jkaFt+1sMFI684xxWYYDB1cPh8TiKFGtiHJYelOSUqzhy8yppvXlbV/W7T0NaWR43F08RjqOEq16ODip4qpCEpQpXs06kk7RV1Kz8nfaz+XPDsEem6Y1zdgSX11bkx2wbB8sEHf8pyMtliOp+pNetfCDw14j+JPibSvB2irGt54nvV02K2TcBPMVZbeAbeVeZysYJxksATjry2naHG97DqF/aXNnpjWZS0kZHKzFFwVHAGOATjOD1XOa+tP2MrnwboPx/+D2uard/2ZpGk/EHRr/UPMk2mZYb2J4y5BUrCzBUcNyATnaOB9hwhl9HO8+y3BVYVK1HFYqhSlTptKdSMpQjyU2ouSlN3jF2unJWTbuvlMbiYUcNjK0oSqSowqScYvZximrR0bjr71/O3c8H+O/7L/wAVvgXq0mkfFjwDrPhLVbmeV9MtL+IgXVkmQlzCVURlWDK25SPUnJ4+cPDfhUXmqGzeJ5BEGlncqcQxbg2VPTcFyg6EEgZwMV/Sp/wXj+Pfhz4x/HXwrqHhAFvDuh+EobELAImikvpIoxIYHjJLoozz8xwDkHFfzpvqH/COWVxLbyyG61N2juNzbXjgZiPlYtkYXO3gZwobIyK/U/GDgDA8A4rI6GGoYzA4nNclwuaYnLcbLnr4CpiYu1GcuWlzXsmrwilF32emPDOaSzPC4icE3Tp1pUaM+WMVVjBRTqRgr7t8qvJr3b30ueoHwf4PXwlctGIBcalcCGKKR9l3HFECJZ5GIPykjlScc4HJNfOviHTL/T5rPR7V1Fn5zTRRRqPKdAx2M7/dbeB3yQAPw7ZPECaq9tpSOtvbwLG0txK+GkXK713ds5O4A7SQcnHA6TxNZQai0d1YGO3stOsUt5ZJlVVlfZgyK43fNjODjjnqTX4fSnODSlJtzk2vL4ej3Wm2z33SPW/ewnJy5nFy1butbLVpX7d7Pu7Hm9ra3ssiXbXACxyCNIGYRxKFGC56HaMZGDg/7XzGuutrK81iW1siJLqKGaMx7Bsg8xGzK3HBTHIJBwOMjdmubsNOWSW3F3dtFEyOIVJLq+c4LkcYHAAJB5JGM8e9/BP4Y/Er4oa2nhD4ceFNY8V6qBPcW9rptpM80yR5Msu6JCEijTLEMRkYG1cDHtYTD4jG1qdDC051q9SyhTpxc5ykkr8qipaJa3u18t/n82xkMFQq43E1qOHoU4OcqleUY06aai+aTk0lp/M7dbM2NLtT/a9qsdml2q2qRw20QzHHLgKWyw5ZW+YbhnjaCDXoOkeEf7O1IjW5zDGZEkFojh7uTzySoX5mCohyflAOFGcHBHAa7aeKPhd4y1HTfEFvLZ6ppbSWd3pEsTxy2t2gAkimTbuV43bbnBG4feJBqGx8WlNYGp6/Pci8nhZraE7x5TsCI0U5BYMDtzyMjmta+GxFCUoV4unKnKUJwmkpRlpeLTV4yv3Sdul1Y+QnCeNpKdGpTq0qsVUhKLi5TjKzi4tO3LJNNNNprbRq/sOuaf4Wsbuy3zxOy75Li9upRJDbxoA0cTRg581c42suCckcZWtH4eWei6/rd1Pd26X8MLOUuIxk3KKV226Bc+WjL8pY4wvPBBFecBtCHhTVZdXBm1PVb1EtY2YyPbszHD4U/MhVwWBI+vr0fgSyuPDjajbaZqsTTXNgsRueVRZpQzLDbxnlpBuILY79M9fdyHNY4OtSVRqUYzTfNZO17vWS6Xa8kfG8QZLXrYOvCE50a0otQlC148yTcvtWcVd3tv2bSP1v/ZN1/wCBPhLx34V17U9F03QL/R9etrhtUllEwjmiZfKghibcobzQGeQhc5ODnIPuf/BSD45/H7QvGmm+IPirqVxL8PPFlix+HWlaZcEabqGmbC1nPPFA2wSBWVnEw3Mx5wuSf597TxNqVnrP2Nb++LQSNdTMrOrm5hkLb2UfdCMpPIGR68ke1fFb9rTxd8U9D8PaT4v1Ya3p/g/T0sdBbUZ3b+z1t08qR1jbPzMihVwF5wcEZz/QeG42y5ZHKFNUMLi6cVGnUjGLk1JJTskk43jbVPVpXTP5VxvgdmU/EPKc/wATVln+WSpujmOGxj53h5KUamGrYZSco80G5x2XKpNp3btqfCjw5o3x6+LH9neKdXHh3wzZyzar4k1aUqn2e0tnEwsYTldzyDCBQSRnHHFdR8fPiR4C0rxglr8PtDsNJ8M6FJZ2dhJaoBfaxFZyrFLczBhuAuRFlyefmJU4yD8CN8RtSv8AWP8AimZ5bGzkldLmO2ZoUlZhh5J3Tazrv3YGcFVAH3eNGynk1++vNU1LUZbi+tJIoYIQcJIVYKfmbhuPlHzEEjJ5Bz8fh+NqVLBTo4akqmLr4j2lbFTUW3CLjaMb6xV9Zctr6X2P63p8PYajl0cDPDQoQ9h7HkjJJRjKKTctveSts7q5+78f/BUTx5pnwi0zwN8M7GPwfPaWkFjf3YRnmuRJbpFstRjd5hyGYoCNx3HgcfS37Nf7M/ij9sPw/pni342634ktfDluJZ5L29eSS4nmdjIBaWspwkLLyHCAnLbScZr8KPgB4psPBPxH0PWviBoq65pemaxZ6jBodyyOt6kbqwiePDRspUDgg+gyDX9Amhf8FcdLtLSXw34O+Gui6Fh/JtLZBDFHbwQW+wI8arsULjPOGY85yNtffZLxXhsd/tGd4xRjGnGnDC2lyS0iuaUFG19FF3ve1tmr/wCc/j14Z55wfTqYXwe4Sowz7MqtXGY7iZwg8TR55uUqdGtUvVjOTeslJKKvypvbhv26P2DvBvwo+EEHjv4aLfGLSo5k1G+vbgJLLAoIiNvA7CTe3B+UbQwOBtGK/nh1TxZc6ZZTQPHOwaOYG8LE3Bw7AR5P3lP935uCDgmv6E/iD+1LN+0tZSfDfxbqMMVpqzCa3t4LhLa1shjMiNKzKrMg+6hJUhSuSCBX40/tKfA3UfBPi2WCwfT7vREkVYrqwuYrqJ1kO6PzREzKJsEeYFH385PAJ+I49lhcTVjjsmjGOG5YwqKlGMf3j5W5OKkrLVXemm3n9J9GPOOKMsyyfDniXiKuI4ghVdanXrR92VGSg3TVazUp8192ndp9Wz4/uPEuoanJBYpE8UGFngtSqossqg5c4A6j7xxgk5PHJtC2u9Flg8RC0sr77OHle3niiaOKRuPLwVYsQD1IIyFGQM537jRzHI13cQb5LDYkIt87wBjK4Uk9AT6jIzXQR+H/AO2dOgvN4jtpHeB7WTIdV3ZDttzu5x1yBnBJOCPyKpQxNZtKNSU73XuvVJrVq9mlo+3ZH9oyzrDYX2UqU4UaDcfaOMlFytypXbau1yq+radtHY8rZ/8AhJDqr63b+TcX9uWshaQoWjYtmKKMorOoYkZJweowBivFfFHw5XRtPuL67WeG6vNzQ20kbrPGQwxI4242SEgg4wQCF5HP0tFFN4Yup7aCwa6WKXJvJVJ2LghNjjIVQxB2nIJIHTFX1t7i71yzm8RvZ3tnd2RDG4xstISu7cQRneFAXoDkjGOKzhRrawqRm5XUXzR+F2irNtWdnezXu7rpc+py3imeFcJ4eaq0ZuL5VJSk4tr4Xfrd6pP5ux8QLoG+KyOxocYW4lCnZFnHzuzLt3MDuBJJI4I4xV27ttKurkaTGhDQlFe+wDvChiSxHZvqe+cc19IaouhT2+t2Gj21vdTLKRbiDDxLltqSSk/MWJ6Kv3Qc9QCfBdP0J7bxZa2V6HiuJbw+fECCu1m3KSONyFfmwwI5GAc8d9HATnKnFRTjVlCLaV1FtrRy7tu6s7t7ux+h5fnksbCrWqKdF06aqRpt2bslZ6taOy2fexLY6Pp9vZ+XePM8rJI1nPGCAhU4+6BhT1JPHHAyeR6Jo9pcJpsenWNsLttQVhLOo2yIGORuPQMeVJ+XdxnJya7+58EQXSxf2ZdQyPdu8MhlRUW1kA7KOit054zgnBxiCy0rVvDE1xaIryySLG5JQNGCp+VkbDD5iQwA+bOMntX0X9kVaKUVCU6bSTlBN6Pl6q8XdNp2u0u6Z8jmfEVHERknNKtB3VOq1G7i1s2921a6tbtaxn3vgLULPw3Z3oiiUz3rxQ2z/PdAgbS5XlmUngEgFQR1yaTR/CGv2koeJpowgdlYPt80gAtCdrjAUnBZsjrjOMj27Tmmv/st/rblpbIQlLQReWrrwCGwMFmCg7hkndnJ5Ydvb2Ed7Ml6lnJb2N8siMFB+REAyY1GByck+mO3FeJm3DFOtCVSFOV501Zcr1aUdbbLVXadra76n5xjOL8RShKjV5ZxlOSlb3lFSasot9rq6dm9Gvs28/8Ah1qEUeqCw1lfKt4WU3XmSMys6nnByMjJwQckglema+1/BurwRTwWOmzITcFfs5RFCQwE5Lbu2Oj9vUcEn5C03SNEGoalcl3BjmEUJILAl3IDNkYLbl4yTgjHINeoeEb/AFew1oiKZYrJY0KPNtzJDFgsiFT8pdSMjPQ47cfh2e8MWxcZRurP4bXS2s0npay0evbzPzTjLAUs5pTqQbjzU1zUnrH3+V6PXffa2ujs7n9lf/BAjWpIZvjJAXDxwnSvnDKVZw7g4AzjGeTjIPBA7/bf/BazxPbL+yrbQbm3XHizT0DIpYhkY9Bhu7j6nkZ5I/Hf/ghP8WrXRbj44C5lWEm302aCPcQWKM24opxuAADE4wMZztFRf8FVf2zNS8ZeLbT4JabrenXGhWGlz6xdRyYMiapKNkCZ2kLJEQGUD5weeB81f0bwvw9KOS5VxFWdOlhcuyylTc5e77WtGnUw8aUFbWbqNaPZe9bTX8mwHiBhcm8P868KIyq1syzbE5jGNKCThhaNfE0sXOtUV7ql7OyutXKSS6o/DvxB41vPDeqahZW8LXOr6lMsNlP85eDzDgYP3TkMuQcnJ5GMiuJ8QalqEElpNqZjh1uFftb3dwI1Tdg7AxyC5QqGXOeeOR0uxJfyanBd6jdJdXMG64jAXzHkfe2wEgcY4weoAGec581+MmuaUNPzJJL/AGzeRNEUVtyQfMQBgY5wcDngD7w61/G3iRl9DGZ7VUaCbq15VG5XtGMrWUndcrbva1k0tVZnkcN4el/amX4LD0I1JqNP6xWS5pNLlVpO0eRR3sk9VrbU+FPjp4q1XxN4kW71aZro2ksiQxKoSF7aNyCxPAIYg9OgPI618zajdWr3Lm3RmeF/tDRBQI1VTwoIyB6Ehsc4znk+1eP7i4e6kW5t2lNogZDk+bIjZJVlHIUsefbgnGc+F3NzEk7zRwNFPPGxMDECNQvUsCPuHsDzgfw8Z9jJMHGhg8PSpxj7lNJJNO701dtG5JJu97aa22/0T4GhBZXgqcYxShShFRT5le0Um7aK63vv31ZHFqlvNctPdWKSG5AWMS5ZIsEgnKgEAjrzgNnIxgh9v4hsXkvLS4iVhBhLNtpEVsDzgDAz83Q4yByR1FctPcXR5iEYaZyjCMDZGpOMD+6TxjGABzimpoupFztDuWYMzRqOY/Vsck85x3AwC3Ofelh4te+mny3Sd90ld22020Wt7n6IqMW1zXirO2zso8qej2Td+ru0tLaPpH126UoEnV4olaGBguSsrZYeWcEHBzg8sPu/xGs68muHQX05UzufK2tneQRhT0IJOVPXgNjrQmm3DB4lnUIgzGnymQvwPlGSVbI4IxkA8nk0txHciFYJyIzagOcjLtuJK5YAfNyRjPGASBjJap04ySpxs2o82mj+BpNX0T0eyvorNXvrBKD9xdre6rWvHSyb01u7LTTR6XsWKhLSRJJhBKwEkqAYbaGztBHPKjJzhQOo5wZp7iztUhkKvEQ3EOSC+4ZVsDkZJGFzkjJritVmuoGhu0fYjGNVVWG7erDaXLHccjkdQAT0AFUdS1PUrmHbI6K0SmQO2A75UsqjBwTgkbc8DAH3c120cvqVmpv4ZSvypXdtNHbXRO33/PrpYac3z30b1vutVotlprfRu1+r1s6pqb2l+THIu6YhiGyQowSwPHXsrBR944wSMk3iqaVUgjDiUsJfLVQVPlg7W+YbsNySAAOc4IOK4BpbyeSPzyCwcOxfBbGRjk4JLAHAyBjAHcL08kLIUmj2vLtVg0ag7EPG0j04HbOe4O7PuUsBS5I80VomlZX1Si+i7X8r6N9H6scGlGmpJStyq9ley5dXq9vL71onuRa1JqUsKTIPtHDlmBKMFJ+QAZGAM57fzPcvHYtbwXCCR3IEMeFBWMlSSQMEZLdSQcg4HTA8tjlggeHLrDIy7pZY+QQTkLjAIJIJwuM9xzXa2Xie0ZbeLAgWHCmSTiJyMDnp8xJzle5yOma58Zh3SivZWT0WuvSPTvZ6p6dQqYdwaaheOlrpO0nbRW1e9ttVs7tGDqWkNYOUZGeaV2cKVb5omGeQAwGcnk+g5qjPZSLHFLAAC+AqKoA3IpBznJGNwIxxyC2QAK9Av9QtL66aa4kjjREUQBGDMzFVCDbwxVuoOD74zxuaB4XuNevIbNUG64WOO2jIXa8jMNuOpyCxPy4Jzjr97yMRmawGHlXxFqcKVNynKTVlFLWTe3eT6XPeyTLMTmNelhqFOTnVnGEIpXlLmaSuldpye/fTqml5Gmk30kHywHfKWJcA4OMYOBhQPmPyjnqGyeKr3GlXFqNskQMu7IKoQ+zpnqcAEZ5wc4I5zn96P2a/+CQP7QHx60KPXPDnhy8lsJLZW+1eVttwzgMIzx14BJC5zwSeg+aP2qP2FfiB+zhrVzofjLRrrT7y03xSm8heMsvAUx7wu6Nudr/dKgt7n8tyzx44IzPPFkOEzWjWxsq06EEnelOpTcfaQhVsoTlDTnjGTkt3HqfreM8IeIsDl88bXoxXsaUa1Wk5QdenCajadSipOpCMv5pJXbt6fkatq8NyX2szEE4IxuJHKkEncDnI4x0GD36XSJNJ+1SjWFTyzC3kMScxOV5HA7Y69BxyMHGzrWjzWd+6SRgSBpAm1SdqjPAySAOD78Z3E4J5CaxmefyyqGQoxxlcvjOMdVGT9Tg4r9xwNeGIjGpTalGVmrXT95LborLW1rJO+jZ+V1ac6M3CatKMnurWd0t/LZJrXy1MjUUjFxJHblpIopGMUjY+cFjgEZAwc8KcjP8As81EsCyqhLADcQcDCAnGcgnqCMAHjncMg8aL2V188zqFXPlZIGxhwMgjqcYAIBGCBjNQrauyNHGcfxlQThgcD5QD1Hvjafl9TXpqm27ySTklp57p3TXo/R99OaXpZt79r2umlu2m9Xr5WM8RNE7SOygo/AG0BlGRkY52gHPy5JBBzjIqwjq1u5XcH3jahQYxkFiW4ALDnqDyD0xhz2sJYxncpVFbkEA46LnIxznJOQScE9cwMHaArlQiSc8kEgjIIHPGTwTwOee1XFRitfN69rxVutt976vYUU21bo/6/G3R7bOxNbne5ifAJJkHmN6jpzx1AIHTuBtzjNnZC7lQWJBHB4OG5GM4AGDnJznGOgIjaY7HZcqwO0EjB2847ck44Iyc/rArALhgfn53c85UcjPQepJ5PTrxlJ6qzskot3aSW1m+72e3Te22t20lskkmnsvhezTbVm7rqttle1KF2oACwKAEk5YkkHAI4+UMRvwSPr16bRrjT13RX6q0bR/K7kHYVU/IuOASTnnGMnI61yQIcl8EGIgKM5wD05PU7SMEHOME+omhcEMpAwGyAe7Y5Yv2IwcZx1ySOacKjjd28m0m3a0UknG6vrpq9xSi2vTZ33tbTRJb76tPsaTXSRXL+UrJCJSwbc33MEBQyk9ABkE55JxzWhNvCP8AM7B2DiHJIlBBwxA4JxzyBjJGRmufAkDony7GYtltpAzxz6diOpHbpWhb6nILiONyr+WSofrtGQoGMYIAGP5Z4A6YV5tcr1Tlq72s21pa+rT11trpvoZukpWb6W6Wa2Ss/JtW3W6aW6htQqz+aEA8p2YROBtwScnOCNoOfcY4wa9H0+8gM9vNuGyMI8sRBUZJIYrjhhgcAcEj8a5a2SFnuGVY5A6kS9AqgtkFT0ODye3UYyBmeyWNZSJJwixNl3ByAm3IwOQcMFz1GM9c5rz8dSlOnJdO7XVqNr32T63b0a2scGJpucbJXbSfpflat0S201vZ3Wp73omqWWmypqMW6RkkV1tXRhGykHkgjkc5wRxjIr0m++NWsQWcFtbSfZdv7qJyxA8o5DoiLwq7QRk4+XPA2jPzBBrJjnh2yFyoICsP3ZQdGYAADt97HXjkcWE1m3vvtCXTAGJf3QQ/MrZ5UEjaAGA3HjAOc5Javh8ZkVHFVVKrTUraRbV7Wte2j17pK7t63+er4OSlzJTbv7trra1rXvbXr5KVnpb3ix1Gz1e6S5WaR54w108S8F5z87EscfKWLEDJ6MCcZze8XNpWv6XbwtG4vcOHmOSAx4dh0XkL14HOOgIrwnRdXMcsjC5kt5W/doMBS0ZJG3cDkd8c8nGBjGO2s/EskiLAAcWwYPM4Cny8jKnPylmK8NjjrmuSWWyoVqcqFNRjCSbajZy0ilbezSvfRLV2OGVKpTkpvS0lZWel111b0vvyrmutzyzVPDtzb3Bs4IJJXaVkVowQWUsCO4BOM4wASSM4NUR4b1ZJhBcWc6kSKFjkTyzjB2nkAtkdAOOegUkD3jweqazr6+QoZmmV90xHloqtkgHnDELgYx1yegFfRl9oPh55V1K4fTT9iijaWEsJG3KMHczZLE46cjI5z1P1OGpV6lKP7qb0inbZN2V7pa7LdNa3MqudTw0+SScpNRWrStsk77Le7Vm9W9D4us/AGsyRrNFaGJW+ZlkBQxxICc8fNhgeQMgAZGTiuotfhY90iZ3xKyuZpZCowjDl1QnqNvGVyCMADIr3661Sz1O7ns9E0i6vLohY4FhidbeIMVAYuo+cE9C4wOf94/Vvwg/ZU1/xCunaz4qE102o3ETW2jW+5AsbEHyrjgbumNqBx1PbA+lyfhbNc7rxhh8LOFK/v1ZRaik3FNtuybfR91ZaWb+UzrjXD5NSliMZi4wlJe5Sg71G9Fy2VnZu3vaK9u+nwx8PPgbqPijUBpvhy2uJxG+3UdVljkWG1tg+ZJomwEbAzgAknkH5eK/XfwDpXg/4E/Di21K4lTZpUAbEaql1qN9sIV5QdrPvlU7Aw2hcEnNfT9n8DPDfww8PXOvzyabpf2G1iNzpxgMUEMaoSzXLgAtxjIc5ZiM4PFfmT8avi0nxK8QSWGgWCWnhzRfMt4o1KiK7ljYhr2QDqvy7o1A4GOnIr9ryLh/B8MQcpuNXGyShzuN5KXup8qT0StrdXau000fk+b5zjuMJLlnKngKclNwTf7xJq0m1o5aW5ejb6mB4p8Ua58TvE0/ifWmeV5pCunQlh5VlYoS0YEfQEjaScAnk7uaz9TcWcaQoUO3llVgFK4wS55HUMcZ/9BJrm7XUEsEidplRFAjlYcFjt4REz90HhTwWavVPAXg4eJLh/E3iVxYeEtDBu76Rnw1wynMdsecO8u0rjOQDwBjj6OGL54tt3taUrrZWjdt7Xetr3s7q1lY+UxGX1KmLp0YwlypwitGrJuKvr11bfpZJO5T8MRW2h6bN4x1+JXghLLomnOvN/csCElVSCTHGQGHAB/HjLs0u/EeqXepTxvLeXX7xW3Bo4g3SNc5BVASgUcqRx15ueLtdHjbxBb3FrZHTdCtnFno9tDHiEW0JCB/KXje6/MXYZJJJJIArt7CGCKAQWcGzyAhaZQEyAQeQMtksOcc8npXyWYZl7acqULqEVbRt3d99b6a3u2tFpvY/VeHeHoYChGc0vbS+KTSfLe0rLvurvRdPMqf2TNBFD8zEpiJy7YVFPBCbeg+7ggtkDb7nP1HTpHKMuFWHAjduhU43Hk4yOCe5+7710l3O0sjxyK8bJHuQFCwYkD5iSOBjG3aOODyKob5DGDtLZVlJYHYgDDoQf1wADg+w8eMZX2ejd2r6barS/wB+q7W2+jnSUpNNptLpqo/De6st9Wtr/LThdS09yZLh5PNEceEZs4JA5KkEYIx05BxzkmuUi3kLKIsooKgP1bk7j2G7PzKwwMjGM16PfQ3PmCKFlkhJUEkqEXOC3XGDjg+oyAOwn03QYpGZ50ieHaWCBcxA9GO7G4NjIxkAnBycivQpTiopPRq1r3ezi9Wt3Jp+muySPEqZe6lSVoqz39E463V7a6ra1t7s5TTDeLFvVFlEjDCBx+6I4zx82cckjjjkAVtarb40ye4dl3KnmeYWKvIzYUxKOrEZ568A+uK6e0hsbaVmgjhZGO3ay7fLXJ3Pg9Bkjnk8ZGdorf8ABPhi6+IHiryobXzvDnhlxLeTsgWOe4+8kC4Ul+SMqDnAw2azlKVSShG97q293a3Wy6b6Nrls90zuhSp4LDyrTslCHNJNaqyVop+dtHvra92zpfgt4ENnow1K4gjh1DWmDRyTOFSK3UgqMnHLDkgnDDBJ2gGvW7rR7drr7LeTwmJXUGaDDNI6j/UkhslNw2kDrwRwTifXvDsunRNOL1obGC2BjsrcbUj53lOwVlGPbgjruNZvwZutO8ffFjwf4CSVVn1zW7XT7RncyLGJZlWR5QA2WxkAHPQgrxXkZhSnFLnnbWKV2lzNONtUm1d7NdbO25/LPiVnuOxE8dUoxqThQhOponaMKcb7drJ681nbZ7n6h/8ABP8A/ZXTxPqerfFHxNo7zaJpO2PQLS8gaWzvrsgBXEbK5PlkjkKMc++Pzl/bR8Ixap+3/pvhXSIEZ59c8PWk1hENkO8yAvFsB4woCqvXDDKjJx/ZP8LfBnhv4W+FvC/gvQ9Mi1K90TTLKG4tbOBVgmkdEae9mVQNzBh1b5hg8DNfyCftN6pa6j/wVD1LUorh4hb/ABQtbKTywolS5jkZEgiUKUCoSI1ZSDnJwDwPnMww9Vum4LmhNRV0no2o679Lu6tZO17rb+d/BnPMZnXEHF+ZYmvNrB5JmdOnStJqnZRcXfRKVrpxW1rtX1P0Z+Kf7Pd1daRBFa/Z1tglvZv4dtEQvG1tAoaRsfMrBslduA27OOcVg/An9mSd/GHhuO302+WSa9WC6CxssNvalsTTz3JURoACcJu6bV64Ffsv8LP2YrnxLa28vieO4gnvPJ1TzpJA15NBKiPGgzkLvTI7YQk9ck/MP/BSL9rv4OfsU/CDxD8O/h5dWEvxq8T6fPY2Fpai2uJtAimhMdxqd3cxlpEulGdsZcEMwOQQBXq4bh2hh8NRxmLrRpOm/ackmveacZRi0+j05Y9ru1t/wjL8o8QePM0q5PgIVfqGNxk6dRVXU9pOM5qLUUlbkUdXLSMY30Ol+JPxF/ZL8O6t4d/ZUutXsdQ8Wzq13qkNldxPDDmLfHbXdxEWhE8soAeIuHJBDdxX4z/tIfsWfED45/HO18MeAfCZstPuoYQJLSBX01bSOTbFdXEqDbG6xMrOSwLE4AJ6fiP4F/aA8RWHxg0b4ga3qF5rt3a+JLHVdUuri4ka7vCbxWnDTudxjIZhtJKgKBhV6/2P+OP+Ckf7LfwN+DfhfxJcSQL8SfF/hG11Ow0bRXhmuy8lorQR3k6MREnmLiQEg4yCDkivTpTwOfVqVXFSp4ejh3BzlG0ZOmrPl5urlbW1mrWt1P2HOfC3jTweznIP9UaFbMKubZf7CpCjh3L/AGyHs1UhFU4q0eWalB1WldSnKa1S84+F/wCxj8Gv+Ce3wH8f/Fj4i6pod/4xsNGN1pup6wqR/wDE1jtiY9P0pGy0jGbapYEEnpnJQ/x+/H34o+Jv2ifjFrPi7Wrjdd61qlysEFv5hjS1ExS1hhTJVCY8AAAEqeQDzX2P+2x/wUA+Nn7W7f2T4p1aW18D6XdNLpfh/Tn8q2VBIwiF0UYefIAVJLK4BY8AZz4H+yn4J8M6v8S9C1HxveW2m+HoLxJ2e4Cf62J0Mcbgggq7AAYAwPTJJ8rifHZbi8RRoZbRhQwuHUIRny2lUfu3nL4mrJLVScpX16I/o7wu4RzXgLJs7454yqSx3FONw9TEU8NKcsRWw1FL2iw8GnKKqt2g1TXJGMIwV0mzofHn7GniX4cfAbSfin4i8O6lp02vTqdOV4cRPaSL8sxAGcuATgkfKRnnAH5zf2XcabrAWBJhcNMDC2ShRmJKlAMHIzx1bpg54H92Px48F6N8Y/2Q/s9pYafqkHh7SYLfRLaxzIFgjhAS4KoCpLxqNvJKnPAwAP5HPib8GX8P+LLppLS4igtrkQLDICkkchfDAq2MMrE7MDaMBRnBNeFmlJZe8NCM1UhXp06yrJLlTfLe9pNOzvbRd3ub+Dfj7h+L8TxFl2a1YUsbh8TWlTo10oyjRekYSpS3VOUXF23er3sfdH7H/iLXfDvgaXWtUibxbfFkt30qOKW5vLe1VQolJjDeSoHBLEDIAB5NfRvjf4za7Jp+rRpdaho1tp+jSyW+j3MQu47m1ZSZIY2O7y2UHAAwQ20HA6+5f8Exf2R/E0+lT+PpL7z/AA/r1o9rcaEYUkupbCOINI6iT5UHVWkGDgE5yFz8b/8ABTk6L8GfG8dv8OteTytYkuILrQ1mS4k0pWUxzQz/ADEozEN8o4XI246HdZXVoZZHH1YxdOs4qN5e+05KKmlGV229by1ilyuLTPyWGKy3i3xXxWU5ZFTlLGyk6tGE6dG6cZ1LyS5Wo3d2rRTsrO6PjOP4h6z8XfFUfg7wXPMuqzzrb6XpgSOK5nvmcrKgdSAI+QQG2g/XIP05/wAMhfth+HrGOaPw/rlvYTxNLeXml3MjQmWVCTDcJFJt8042kDGMMQflAP4x6R458QeC/FUHinw9qVxZava3qX1rqNu3lz29zFNvUqdwJBPynkBlAycZ3fr3+z7/AMFkPjD4JhOgeOLePx1ol0VknkuZfLuVljQRlgBwSq54IIzg4NcNOVKNuZKCajzOHNeTVrtLWyWzS111skm/33jfgDinLcvpYjg3K8vzSjDDRnXwuIhD23t4QXNKE5csZxk72XMn11bNrwD+yH8cPGF1e2Op+E9Y060tpFlvLu6ia2mkdnMZIMu0yb+G+XIIIIBBzXg/x5+DHxn/AGNfFmk+KfEGi3egpqF+moeFNSkdWW6KMJFY5YrtYD5lZeASMEA5/on/AGcP2u/hb+1ZJZ6boeoPD42+x206+E1nhtLmcxsplhSTKi4AUMckk5UAE9vzH/4LvanqVr8Rfhj4dutdlntNP8PxXS+GpW8yXSpmCqWn5Cg/wqQMFSDlicnsx2DhHCvG0MVGpG8eaneK1kopp3s/d7J812n3Pxjww4k43zXjuXDPFXD9PKsHPmoYilPDONNxjByulJS92Si1GUZNPm9Lfld+0p4m1P8AaB8KWnxv1DXtGuPE9okOh+KNDiMcF8Egj/cX4jBV3UhACVBGc5wMqPh7Sp50udOurdChtJY2DEKxVy2VySCWBPUen4iu+Sy+yRzahvmmguTtkgG7ymEqHIZQcNtGQuQfmG7nOayLTRAIrltMYEFxII23MQeGKxqyjhQACc9QRntXz2Gx0G4xuouK0d+iaaT6q/rbotGf6C8GYWjkmAjl0a3NQjObwqm7unTck40tVrCKb5U3pGyaO71nwifFtofFGnm0lvokji1eyRgLgyJ924t4lwXVgPmChjyO5rqvCfhy41qykYTQWB022MWZSY2mdSQY5N235uCPmJySTnOQOO0KWXTZILy2nKXkSecpYlAZhjAZMFHUgEBcEZIxg5Ffp1+yZZ/B743ara+FPjpozeE7SbTblofFvh2HfdXV6u428c9lEAkzyuqKx+ZtrZKncSPpsuxvK3OUeaMYtvkeslpZpp3dvnpv2L4xzCOCy6vUg3JqEnDklteOmullrdPp2a0fmngDwymn2tlHPFIjz6cZMQ5eFmx8shkUlCztkgMd2V6AgV/bb/wbgxMv7NnxXgfOV8bWxII5JMEp+9jIUnHUcAg5Pf8Al11a7ttGsr34S6H4M0u18PaZqSJa+I5YWGtXFnE222nma4QXVubiMLK8fyKCSByK/q3/AODfDTDpf7P/AMVVBVw/jOEhwFUMFt5AM9SdoPJ6AYA7V+kYrESxPh9m83BR/wBowPLrd2eIovfW2qv1erezP5d8Ns7lmHjbk9OaaqTwmYTs3rZYSondWsraWs2ndPXW3yR/wcR/FrxX4L+JfwO0Xw3r2qaEV0TULm4FhcPDFdpJMitFcgMBIhQ7WDBuGJ6HI/kc8TIdf8aa9qt2bWK9uA1zHKCQGY58xmZjtZzubdnqwBOCcn+oP/g5DSaT9oD4PGQg27+D7oIhHLM0qHIwoIIO0DHyg9sFhX8qHirQNb1bXLy006YWYiaRYoQxW4nkLAhAMjd5gUlQAQQC33TkeTmVNUeEcjqpqKeEhKSslaU/eb131d7t+fRH7nxPjp1eIczw9So4wo4p6vaEUqaUmr22SdndW9NG/ErxSNM8Gad4asGlmtrxzNPIgMa3FyBnywBtLLnK9Og45wa+QLeDVb+/kieBBPdX0MNsJB8yTl1SMAk8KMjAGTnjJr7atvBOoX2j3q+NLNba60iwFzo5dnSaZo1ILBUUKX4AwM44zzXJfCvwpp1rrmoeNPElnFJpGjQ3Nwi3oSOOO/O77KigkbmVxkFgcdxmvzJZjhcNSquEozq82jT96c5cqitm73va19FvbfbLcww1HC1vZzjOcLKFuX95N8qirve8no1Zrptr7Z4D+GMPgDTE1fWr2107xAbW31STWBNHG9viLetnbBSN0k2VALHOOWwDXwF8bvEHiT4pfEeaO5uJtRvopE03T4JHWVfs0ZOwkcrvfIbr0I9DXTeOPi7rGr6rqlpqWoT3tu967wW1s7FLWKNiLeFcHH3SobuBjo3I9p+EPgXSdN0j/hPNdtbdNZmuBJZpfuTKI2O5JlychimMAg44AyK+CzvMXk1OrmmIkquKrx/c0lduDajaKUU17iuuZ2uvvXdDGVsqpTzHEy9tiK0LYenJe+pyS91pbuNlFS009bnjfhz9nTXJ44tQ1Mx2eWjeG2YYVpEALpKucqpwOWwo55GOLPiCwbSohos8cLPFJ5cckYJgiVM/KWAwD0yd3pnAIWvbPHHjFbnUZ20K/W0ht7dhcqs24O7Id5jU7kxjII4ABwQuc188veT6xeMt7eiGyhleYPkOXILbg+P7x5LHOAx56V8jl+Y5tmcpYrFzUYTu4UlZuEbJxc9ra9L3aVtLa1l2IzXMJfWMY3GMk5RpNXcVeNtbbPdXav07vIu7kW8SwzL5pgct+75SNVUkSEdBjg99wzwDjHDLqdjM9614Bc7siORfuxjJ4YAYBBHy5BHYEgiuv8RwMLe4j024EscyO8kiKGxCOAQCdxPsec+3NeGSW93bTXC29w0kqkZjHCqh/jIbIOeu3JIPIGDz7lKHtU05N3Td7xWrSvfld30Svftvq/rcLQcnGTTdrWu1fmaV3yrW93stNb3eluwb+zpYSDD5G7KRy7d5nI6swIIwP9nC+vOBRaXq28P2eFYowTsjIbDXDA5w4Rc8Z4BA/u8A1yEmr3j2UYEWzypWhWcLtyuMEkAEKF65AzkkbsgGs6C6uFlYl1dI2DtIOiADJYHPBzyTg/kOWsLN6LVL4UrKy0725lre9m03e1729F0nTt7t0+Xo9LtK3vWvvrpe9nbt1fiNJbO4t596v5+3zEUgKqgBjHjPUjjHA4wWPGeP1XxDdTyPaRtGsFtCV8hduFJIOW/Drjdhhnnk1S1/VZbqWD96zE5jXaWVUQ4TceRhsAdssBgmuXmi8iYvLMTviKQOu0pKwBByRgkDnqODxnghu7D4RxUHUWsb67PZJd3dK90110ep6uEoSkoScXdpapa292104q71S6u7e/TYtXulL3NxOBFKuLZ2KHLqc7kLElAhXcOQWGAM4xXD6v4ge8uZbW/kMywZSKR5CxZgTlmAYnA4IOOBt555oanqs6RG2W7chiUC4BEQbg7RnIByQD8o5IY568sYZZW2xlpJDgiTaDnIyQSCTgHg9DyDxXrUMIl71k1a8VeOl7W03u9lb18z3cJg22nNK0WnFNfDe2yvzX02srO5pyXJndY4grykqok5xwQqL0JYg4wAAeg6E19NfDL4Y3VloknirX7coLgFrSKYBFkzwGCk5IBJwo685J6HB+D3wlfV5oNd1OIro9rKs001wCkUkgOdiZzkAAEAA5Y55HX6S8V67b6y9hpOmRy22nWMiW1vBGuFmKHG7gElSV+71OeeNuObO8bDK8E20vbVYvkV7cqsnzXber+9d+hrjJqFP2VJtNJc7Vkm2kuW7VuvySvfc4aTwlqusMIbREm+ZJzEgxEkAABUqMsCRwcZJaorPRFGppb29gxuLZmWeWRNttGCSu4RkHJQkt8oLAAEHqT7jpr2/hq2hubmB1uJWRJAcqIAw4Lv/Fn5mZQxIOQR3PJ69e75JZ7KJ2WUzGG6QqglkYEt5235iM5ADcknJBr8lpZvicTXqxcW4X5Y1NLXTim07bW++y0tc58LhoQTqSbbSUm1pa7Ssm01v1fklqrHmv2JrG6uYWxcMLp1F0W+SR2ztU9vLUgHJ4JGSBWNqlretbS3q3SJcWjmOUgDEkeSVSMjO8ADHckY5xgG4zrHaiSUyzSyXDebCWZQrbXw6k5BIxuAzgjPQCqq6mlrZx7LRrqGaaVW835svg8r12qgzjOAc/jXsUVUvTlZSs1FptSU24wutGt7bR1dr6ajjXcZSiru2yd2tbNRTTS6J73tbqcfBqMa3E8l/M1nI0WIlVGUykhgoxJwM+33uOlc+1nA9yfJmmt7iRibhGTDnklXTuCwJ5ABHHIHW5rkd3qBF2CIzDN5UFsQiv5aNhXB+8SvVevrjoBzN/qc+mTNM1zuult85ZVDwHHAOSAwPHAHcDBr6nDUHO3soWm2uZWelmnZ319zWKt6am9GXPNJt8zeq1tb3ZKLWmmjVleyWq7J4u1M6darZpe+bHPIw8qRiJI8gKSwyDndyc4CgruwRXj0srxyESLvIG7YoU9xhl4PIznPQ9uDxPeX8+p3rz3b+YXdmGW+VRuPAIJAwO3t1q4lgVi824VirFdm0fMF4APrg57DjHQ5r6fC4dYelFOK5rL3lay0jdvR9b7d3t19SnTUVF37aPTte9tbp37rp3NTw/pR1DULVEglumuHEaIFZwrnOMkgLgE8j+9uzxgV9NweHj4X/s06tdPJI9uWS3QcwE4bbjOQmBtYn5Tjg4GKl+AXh3TNfkntZ3a2FrHJJHPJD880pwyRxswBX7uSwOeTt56aHizTdag8TSpdyiOOOUwMZZNxW0DBA43g5BVi3TPTjBrwMXjoV8VLCJxtSXM+VKUm7xulbe1tNVbX0PpsDlcqeFhjntUlyxStZu8bu99Xror269D2z4ceJPCsukzvbaTbnVbWTzZGEZZ3VGGWLhcIpHJAbGPl4yaoDVb/AF/xfcaiGP8AZ0Iwwhby4vL5VoyMr8zHhSB2AB5Oben3Pgnwl4buI7KT7beXkMZkngwDuIy6M4JABJ6NgHJB6HPhlz4zWwvru4hdrfT7iRVaEvjdGDznphuTg4BP8WOQfk6eBeKr4ypCM1f3YSqaJ2tor6Le679Ej7CrXp4PCYSNSdKVpKpUjBJWVo2Umk7Nqybve+p9A6zo80drcTw3cYtbi3M3l7x5qrkkJvJJyFyRk5yG7V8v+Jd+qXDaPdXBSN8OgjcSMg6Ek+vHJ5xnvXXat43trnTZhbyXLXCW+2ziVjJv3jHmEAjOD0GRnjAIzjyfwxpd5rWqyieedDOWBmk3b4yCWZAp5BPAA4X04FenlGAng/a1as4twSklK10ly3urdXtt37o8TNswpYpQhh0kmle0lJNWV07JWWvVbKL728v8W+Gl0lvNt5POtmkKnK5kU45GMZ6DGccc/wAIrntJskmv4orjMcZxuIVsnnK7uffoQOMZ9T9JeJtCjt7dLeYrKEJjLbSZQVydzggZG327hRjANc7ZeDbGFUnjvA0kzJy0QzGfvYJ5Y9QAS2c8YC4NfV0MxjUw7d1e2jeu6TS7Wb7PTyaufKVKElVSim1o7WV35Wbd9WkvLRo6+x0Yw6dbtHcPAqxxNBkZDdAQ+BwT2AYAZye9ekaRda1qsZsbR3kiiQAqJAxchQPLUMTtBxu+Q4HTpkVylpYxW8IFzO9zDHGIzGpJjWQ8IwxwV5yFXjjOSTg+jeHvCupWfl6pp135qACRYIiu7cc4jbncQBg9Sc4yBtJr5TMKkYqdWdnJNyje3k2ld2vzJadel+v0uV0sQ5xpUrrmUebls5W0XfW2i0XXcwbvSNb0lVnkujHFM0sn2eP74KA7o3jxtJU8klSOAM5Jw7StcM+mzmVVdmxAgTIeM7jk4+8S3cqPXHOK9i8YeENQHhe11GNWe+vkZwy5/cE8MpB+VkYZ3Y5znP3jjxWx0WTQd0WoSRrfXP74Y+ZY4Tlt45IyCQcHBI+UkZrzMJioYulzJwdSMklGLi3Jpx0b3atZuytfrpZ+pjKeLwNRRkpKEoJu6XK0+Wybbs3a90klZ3ujUXQLHTNMn17U5BbzROWtrXeoMgfJDk5yODuC/XBYVTsNctYmt5F0uAiaRbiJ5ArMChy5DkE4YcHkDkn/AGq898Uarc6pdPbCa5uYo4vLEI3AMYyu5yQuQQqkqB8uM7Sec5i6vGLe2tZI7iNoSqwvhgUjbIZ2ywIAPygnGW98E+jTwlWrC9aV5S0cYSSUIXtayVlZPy3vpseDWxyhO1NcsI25W0m5P7rWS9detz03xX4rtdZllgkkSOyRFUwxLhVy2XVW4CkN1GcH0Jxt4DMkswW1Z47BMeU0r5U7nxkqTyoA5ByO+Otcbrllq9sZZ0W4j09v3ysMv5qEDcwI3YBJyRnpgnGai0jU7zyQVcvDb4UpOxGRjGQG6gdsjGcEHoB6NHAwhQaptNWbabu0/d3jvvbZJLz6+TjMRVrz5pxab0Ut76p7Jt2V09FHZ6aK/f60LATxxyKsESwgl4QRDPMMMdxwuRkdeoB2nOcHwHxabOPUYhFuUSsxcYL7A5JUKAMYx8oXqFHJHb6jsIota0eBXt7d7m0AaJUIP2gkBgDkdF53Nkjjg14Z4w8KTNML62aIkSTNJCqDMWCf3YwMnAA+YDaRzg4IrbLMRShVlCo3Gd2rNWtrFrW/LLd2e1t+xyyw84uE2lyt6Nq2/Lfd79n6O2x5s8SyF4toaMomHAC7FHKkjj5sk5BHBHZgac0KQLETyFbGwMdzMpypOG3EsMfN25HrugtYpAJ3fOdxULlsFi2Acf7PIOOKkMqx31uyguVYLJkZXJKgjG7oeowDnHQDkfRy95JpptLrJN2uml1V7W2/yMb2lZJNJXvdXu2r3+S97q3ZaWNqfUimjzRIxErOFdWxhM9F3d2A5BHcg4AwK5G3Z3ZY0+aRW2yY4LZZuvTrgcgjJyenJ7bVvsB0x1eEpKhJDKCI5HfnLHGcjGAvQZ7AmubtNLvGj+1IqGN9pd142g8K3r8x6jkk8d8VFOUVCTl7qctbb6Ws0vN6Lo1bUttqLV+q2V+kXtbm19dnp5alq1zam1m+0tHInyuAR8uDhep+boMZXIPTngey6LcLcRwtMWe6WEGK5aTa0hPI3ksGKqRwM4AB4658M+y3RuTFKDgL8jc4k+6MqDwxJPGQeT0xxXsngSXdcRwXKqrGJYIzPn5skKOMZDL1DDuCvHQ+NmsYqhKSUXJbX63a7O1vuu276hQqctSMVNe9JRs5a29263bSVrX6Jbu5B4t0HxBdNcTLi4+0eWrbWDM6hRtKbc/KoyXJOWxhuQceXxCSzla1mUxzK6xYC88Ebi4x16jtnBB7Y+gzZ6re+IV0+FwYICEimDgCJHHLschSw4ABJwSBzXCeM/AF/pcs+pp5pUzkTYTc8gVgwcbcqA3sAQeCAORz4DMKcFSw9epBTnBON2lva0WnazV976O1tDpr0pybqR5uVtuzs1sttFr72v8Ads09XZJ47C98PQWUm0Jl2Eh+VjIi4DqSANmQMcnG705PmE1i9ncxw7twXLsY2ypXOTnOc/KcE4JwcDqatnUby8W3twx+zxOUODsO1epYDDE9PlI6jrgg02eEtMJVLmSR1jMTsVwuCGPGAAfu45GcggY216VCk6Tn73NzzcrXskrRvZ3va3Rbq+m5585KLSaaXp7yaS21s7NWeq+bWmvaNsg8yDzMv5mJAp2qoBBTdjg7RnA6E8nHB6HTLq4gVJLjDKVLJ825uCckKONxwAT7nJB6M0a8jklGlr5cCSKIwWC/I74RndsqMDduJycHrjPPpfjj4Z3XhHw7pWr2eow3sd+ArvkhUMqqyiNSdpClsOybuRyCSM8eJqU5TVKqkpVnywvb3nZNrq27J21Wq31QqXPfmhGUlHs0lFtr7N7t3d18O2ttEuRt9fFwL1pcNM8IEcjbd8UYwo4HJJAPTknvWKdVgSFAsn7wSYSSPjeWGdzEfwg8Ecj2IrnopXhjMTQeZMMiXacBlA5JODnHtx0zyeFiWG4jJkkCKQAIUVR5RyABnaCAT8xKcZPIwTnJYGhCbm4aNR0aulypWXLdW8r9100Ox1p8qTt669l9zu7uzb5tnax21hqOoW/ko0jgyvuhkcvy5wG2DO0gAgqGBBPGegqtcW8mravHB5TtezXEcKMT80k0zLGqhApGSzAjHQd88LlrdXFrLGBIFt7aLMTSDcxOOgz0yepzkehr6J/ZT8Ct8Ufjn4P0uWOSS3s9Qj1jU2cFkWG0IlAYjI2O6ABXODnAOKVPCwp1p1owik47ppKySaTe6ba0XX89aDqV50aKbu5xTVnLdrVJ62Wut9lo+/7LaDZRfAD9ljQNOQbNXl0hJbayRQLjUNe1yArBGqL80jxpKNowW3AFcdK+X/2TPg14g1v46x3HirSbuyn0m7i1vU4L6FluBNduJ4nmDLu2MGyAQuMDPBzV79sH4lN4v+LPh74ceHNQuLOw8LizaWWwIPl6hDsFrtRGxvhIVQc5UHop+9+kv7Ofg6Xwl4dh8Q67fT6n4l1Wxj1HWtb1A7rp4baNPJjMhIYRpEoUKDxgYwMkKrNYLL6qaiq+L5umsYz5Ur6pd33baZ9lhMPLG5nhlp9WwHJFvo3Tir+mttVtbS63+dv+CmfxVGpa14J+F+lusVjo1lHe38cLgAT4Cxh0XCKNuSB0UtyFJNfm3aPD5CZ80Nkl2B5KE5Jzk/Kfu49c8ZrtP2g/GzePvjV4w8RBjLbrqb6ba7nLxLHZN5ZI+YkqduQBheRXF21yitJGsSSb03s0RCrhgRsyQF2qQflBIzyFIzXo5Vg1QwWHpqNnKPPPRWc5pS5mk9dbaJXsr67GOYY6WKx+Im7tQl7OCurRhGySu/S7SV7t6sSVlEomi+cMpCpjAjUHAOAMZHrj1GaqSSSRRthmOFPC4DFPvE4Crg8Y6gg9c8GmiUs7DcAxj6Kd2AA3y49eOSADgZ55Aql2KO5BZ9nlgKcjbkZYH7wz/dx68cg17ipxSXXSO2l7WX623XZ+XkzxEYyTvfTVttX2smnFv09d9ysJZWUNIo2sWCKTyGycEnJyTzg7gRnGaWVphLsc7QqqzBiNxGAMEZJOfUZABGcEVmPcor7yGKq4BjDEDac427hncTwMfN2Bxk0xr5SZHdN7tIo+Y52npg85YLgZA5/hAGM100YyTi1pe6W7eyvez09GtEnG3U4Z1Iyu1Ja3V+Zbu3Wy6JaWsk+tzUS62OqzBXRVLgMBjB6fKoIwCMD2PpV+O9XdGEYRqCQ8oXGd38JByMDIG/OOvArFVgpUSFX3HCtyxyBgjC5+UDoBxgA4OBXH+KfGeneG2htbySR5nPmKI+P3fXLqeSCBjJUkHDEZIx0zmo03J3ulouuqSurJa6dV1sk+uMEpNRautNtrO2r06X63v0avr3/iPVvDmi2FvdXM3lu7Ykj8wM7uMBflU88jPQ8N171h6ZrlrqEEd7bSxTQOJEyrEyADorEjPAJHcnsAevzfeXGu/EvxXY6L4ezPd6xeQWOk2/Qm4lby0UJ93e7HAJxg4OR1r0rSvA3iz4Z+MtV8F+MYTY6tp8ojvbGRyPJmZFdCoLdXDAheCR23YFedSxvJVjCpJPmvaMrXUVyrbTa6ve2r+7qq0YSi/Z0ZKMXyyqLVN2ja7Wj+FvR9XqekNM7MEjLnP71U4BLEfLjk4AABOeeORgmmtc7csVVSu0+a2S5UkjaSPu4zjA649zT598G5nEZlVljAUkt5eDgkA5Gc8nqTkggDmhdTozIrNHHEV/hGSWBAyQeOc4JA55zmvoKFVRkmmuWSXLpt8O61XXy2Vtzx8RB2tpdNdNrW7vd30V+12k0DFnyqqgkZxICSQTGec5IHoOASMnkZBFfsp/wTV0S28HeCfi38bdVRBFpejXdrZzOoyhsrcu7xs2SrSABepz0wa/F1JZ5ZVUCRwmyIBcl3MrKEzjBIXdkdhnI7V+0PjPUD8Bf+CfVlo1o66frfja2ihukJCXNxJe5eZdpO44t3XJPVTtwQMD808U8U8bg8p4eoy/e5tmOHpzS3dCnKE5+71T0bvo9b6Wa/Q/DbDrC4jMs7qv3ctwNWVNtJxVaceWPLfrvrq32ex+S/j3xfP488c+LPFGo3LTvrGuajdqGyzmJriQwfe6hFYADJG0ALwCK5dXSIFklLKi4BIKgFjhgQOoOO/XhgOlY2kOnkebMy7nfHnEnKsvX8zwTwCM5+U5qwpnRWdmDIHZlRvu+UWwG44Ix/DyR6Ywa/S8ry+ngMvw1CCXJSpUqcIroowglZd7K6WvdHwWYYyWKxuIxE3zSq1Jzbb1blJPvre6dtdFp5aqGKTcUBjyFTG0fMcAkk43Ann5vvZyG4AAYbpWYxqAskZMbSEHGwDDbsjqRu5wc9RkYpIo5o4mZWyjgSHaBhGJKjd0+UDPQ/LgjBIIqtcLtQAvmSYDd5ZGAdw3c9csuSCVbcTnPTPp+7GEnFu6V30u3buujurX0ttc8yUXKaXK7XSulZK7jZ2662v29dF+lv/BPv9gjVv2p/EP8Awmvi8T6T8IvDN6g1B1VopfEl1EwddOsXbaDEwX9+6HKKSM7sCv1E/wCCgfjvxd8HfhbY/Br4FfD/AFey8GR6ctjqer6FptxJZabYLEInt45LWP5rmY48+4di7HcAR3+ZPBX/AAUh+Gvwl/Y60v4f/CWwk0Xx3ounppMFtJEi+ZqNwgN7rEkoyzlnLiMsSQ2FPCkCx+yX/wAFOroRat4e+Pd1Z6x4WitG1Ca4v7eO4uLm8J+a1SJlcOpztCsACQDjnn8szNZrjsbLGVsPOphcLVtSwrbjzKL+Nx6uVk3J3SXkfqOVTyvAYSGDo1oQxmIo89TEJJ8smoppy6Wu7e7daO6bbPw8vDeyzypfxzwTrI3+j3QkjkT5ixeTzgGLnOXLANn2JJ/cj9nbw7H+y1/wT8+I/wAbdWs41+IHxWabSfCsU8SeeLK5jNkq2rMgkC3MMonUKMZyepAH2B4N8d/sCftk+Lbvwfo/wgi1LxGbA6heTWGjR6TBAsf7wyy3ltGiKT/dlcE9DmrX7Z37LXi343+Avh/4K+DPinRPDvhrwIoisvC2qM8NtPc2qrDAsckYMcjwKgG7nJUdOczis3p4n2GFrUJYZKUJVVV5eVRg4NLdayaSu0noisNlc8N7bFUqyxHNTkoSp2u3Nq7u27yenRaO9tj8dPAf/BNb9oX4j+CV+IVhd6ZoVzr9tca5YaZqU8lvezW7q900+9WjA80EshPzEYwDxX5reI7XXdF8Taz4c1++kudT8OaldaTfvJctc7JrSQxSRxSSMxKJswoBK4J65r+pG10X9oL4GfskfEO5+L+p6UPGHhfw7dWHgu6026dtmmJbtAhnYYhjZgQybsEnGCQRX8oN9qd/qGr3+q6zIZNR1e+uL+9uWJLSTzTsZJMgYO4nGcdyRxg17OTYyviqldyjS9jRapwlTSfM2klqn1uttk/keNnmEp4Slh3GpUlOsrzjUd7W5brR2u3rfVJdToIVmWN/lwjHepdyGIU/fXLAZGem4dM5zUcgkBMkqu6HayP0ZwoGVXA+XHQ9+mRkcxx3izIFYqrEbUZm5Kge3GTkAEAfxANnAO/F9kaGFZV4cEebztTGPmAxjHABXucE44r3akm4vfRW09V369N9UtdTwKdm0tL2um2mumrTSvZu93JdLtrfkNVmuH0rUHsvNaf7M7BNoJhRVO5yScABRjIPzHrwa+M/FOqX94Z0uJGUQuFUYI8wjI3McYPzBQT901+qHhvw94R1Hw5qSTz/AGi9ls5mcIhQwlVZIwAM4jOQX55PQ9q/NL4h+GNR0LVdWZlEto13KluY1Z1CLIRt3LnaVBwRkAsRwCM187WqwlitbKys2+75XpeO6vrZvTa6FXpzioyk7qWq5dd7PXXTWTVr6tnkfnTqH+f98UAYBmKgdAeTgdSeDz0yOSsuJmghWeRzG+7DByRHkfeIyCSO5bodpyRwensvAHi/UIhfWekTT2s4URyhCqEODjaGUEtxhcruOWwOlV7nwV4lsp47O4sJVlnQiKFwFYuTjgcBccYIB49eRXRHE4VNJ1IOS1ceZaaRdul1urfM5pRm7O0u+zt/nZqyv187HIIsQlVXBMcsioHDFh94AkdQSBnoCcHIJzmvRH1iLQ0tXjt3d4oMBZm+XySAFYK2RuJJI+XOBnLZyEs/But6bPbPq+nSQ2I2uks6Oquxx8oJGDg9cMF4BzyAMbxhd293dwQ20TIYgInbJcPt+VQGORtHBCgjGTlcBSU5wxLilOMorVtbN3i7N3tbfV7LrdEpNWsmrdVfTay30e3TW7tvplarrR1BxMUERZTuDHdv3DBwxxgAcBTtHBwMHmlBvu3NtGqEbQIgV5LcZHOCWyM8ZC8YHar1t4cv7iGW5O2O3UgI7fMjyEDjHJGQOpJGc4HIra8P6ZD9olnubqMy2se1ogNrNxhhuA4GOSQcck44ON3OnTpuMEmope6raNcrSXbXoknpfs0k5byd9lur/Z02Vu/W9+rLelaHNHAz3NykbPEViUtlN6nJDjLKOG6jPA7FqwLu1CXVzAojLlTmYdBtUg7WGAM8kdsEjAJzWnfTskjRxOHSZjtJc7I1J2lFy2Mgj5iRjk59Dg3Es0UsijDGbCDbjaSeByeQcHuM/gOeelzuSk01dx1tZKzj5u9r6O3XTqzVaLWV72ettL2u9d9lr0+8qW9mzDc/AQsFJwWYqTgEnnbksc4HTgZAA9n/AGfPNX4z+BkIdmTWYWCqx6llJUdgNuCcHkc5zxXj8KNHthKv5qv8oc7dwJDFgS3AAwTk549evun7OoT/AIXf4BHl72GqRlwNwyysuOe/QEDpjHPr301ecNFrKK1bfVLXRPvppbfrczd7O0notOl3o+9rXvfSzttY/d6+kklyXLKqOcLjOGI5PGSOcg99wPAJ5IGmMRbdvVkJJAOSD2Odp3eg4A7c81t6rb+ZICm1A0p3gLhVYc7S2Dycgnk53Z7jNa3t3XcM5QA4AAKsV528EAYx/Na+3otKnC+lkvhur7a2unbRa6aebaPh8bCU6snfVN377J3262St0OP1GMxq4G0ho9qAkhju5JIxjI45HHOMknFeIeMcC23OQxwwXb0OVxhQSSe5zn5j2x0971yJYgWxGGIARQScAjByADjBPfluR0rwPxpGVhYNk4YlZM4T++y9c446+uOpNc+K+HRu3TurPm7Xfppr16nXlaam01d99NlZvW1utrp9LdLL5O8Y4gSXkshDqz9DhtzYbPLddoBOOxyoGfh74luW1eEgfKYCAMHIGcDnHUgAnPoeT3+3PGJd0mZir8yEqB8uCGG4npnPQ4GT7Hn4e+IvmnV15EgEIwBjAGVznnIwxzkDGeMjjd8ziFZtNtu9l+DVtWkutl5pu+h9RFpa8qVraaW05U1fr67aRdup56igrjcdw3MQOrBhyD6Adx055GeaQR42yLyCwXkfKvTjHJ9e5GSOeuHFXjXeMOWGAFXOADg5A449Rjkkdc4QpIR82Ng5znACsTxg5xyw7DOMHGc1xq/V37/1/Xy2Nb9W9Nlfv5N6bfo09ixHtaQBSS20NtA46dQe44A+vPqaRjIxLkna3ynB5B9Mnnp0PPXHsEt0dWIUMTh1VsYwTkkbuASTnnJweQVzxdsrfzriKBgW86SNeM4yzhSG28ZJJww46jA5NNvS+3Kr3vZX01tvpa7t3v00iUoxTbdklfsnZX39LX6WauXrXwxrN/ateWWm3VxbgLiSKIyBmyNq8DBOeWYfMT3LCvb/AAR+zf478YWazKsWnW82SsV3hJG2gk7kYqwIGT0PToa+yfhX4c0jwb4c0eS/toAbiz8w2t6oaM71DrLkhiSei4GAcAc4Bnv/ABv9n1xdRsI3igSQRoqMY4Y3ztJCgYYcrzjBUH3FfC4riuvTr1cPhsJKr7JqLqPRN3itLJ3d+j31bVrHxOJ4kxVepUpYKilGEre1kt0nba1ubSyW7TbPnbVvgV4n+Ft74X1OR1utPa+tLuGeJAXE0E6eZG6MOEJBBDKQw5AHWvd/2skttZ8beEddsrGwgF54LsGuYoIljMlykADNKqKN8jNwWYZPb0rt/Eeur4x8DXUU4m+12t5HNGUYO0hV1YrFk70QADAA46YB5rzH4hOt9q3hCTUN8sosrGKFZ+I4o4BiSKQtwQRgnqeMDsT6+G4rhiMsnSqU+TEuT5lFtu9Ozur7JvfZN6PuZUMwrVp0qlaclUhCcWr2T+Gyve1k0126LRnzvamxisYJ7rTES+hnIjkkhfkEjaiZUKCM9+c4zwOdiLUNakeOHUIJ/s9zayRIZoyVhgfIXyywPy4xnHQZ4OMn6A/sXwv4k1O9sY4EFw3kSh4yBGuwKZNoIUGQYbHcliOmVr1yPwToQgt7QQW+pPJAkFsXADxErglgOwOMg4Jxxk5z8diOIY06q5lNN7OUr6JrZX0+FP3bqz6XFiMzjQXNOM5OKjaV+Zpppa7NLRbKSstr6nw9ovwU1rX7fUmsby3iW2lEvmsCrMshzsTGOFGRljtOQOOMd34e8IR+Bp3ju4zerHF5spVEjAlK4LxyAAMFOMjOM5POBn6fi0N9JtNQ00QxWY3bpJxlJXjORtUqF3KB8oXGRxj0rHvdPs4oG8429xaRxB1kmXEpcgYTJGWy3HPrkgYweiOeVsbH2Ta5Z3S1eylZS1u7WUXr5X1ueRVz6riVKk581NuMbLRrW3M7atJWur26bpHlC3yozXyxXH2eWMNIk0jLyx2oULAZK5GAQcjC8Ecc18TNHtPGOk2tvc2yW97bwM1nLIp82VFQNvZseoIIPXBOAORN4q8RnS9TtdOngja3cF44spvQsSVPy8BRuAG7oOeRzXZ6Ff6VdIZNVuLae4gEaQQOi7TFIBkAnuFwAB/Fgdq9XA06tBxr6xd0rraycXy2121u22tH8vRwtCrR9jjKcXCTkk7XV17m/a/vXvK7VktWfBU2lpa3v2cRymSJSkqMCE4OPMGR0BGTnjHXqcepeG/D2jS2ga3kKyJLGXypUyFsB0ZwMBV52ncDlsE966Txx4HvZPEs1/oke+1muCotLdg8qRv8zBzyQv3tufu5GTmn+HfBHitVvLaytZEjuS+ZZPm8sqCxTkYBwMLgjGMZOefpKuKpyhFuai5a2btb4fs7tXevbqtXb7WlmOGjThOrKMJO3uyaTTuk9Fft+V1cr6bo1va6jcXTRhrWzL7gxUrJKxO3J6sRkAE544OCa05EgNtJbJbRwXN27SRtxkwMWLbjnA4yRuOMYA7VNfeD/EOmWVxcXcMi28ZHm2yOzO7D5tzDqMkZ4wMjoTxVFIJNWkiaAy2awRBJxMSGKbcnYzc578e2AOMYxqRfwzUne+jTa2S0WyW1+2+htSxlKq705qS+JJNNpK2r7JLXpu7XueW6voV0i3ENrGktzcNIYtrMZQiE8EE5GSNxxgZ7jpXILZ38TfZ2hlWfADuIyACMbgxwBkA4zjt97nNe63dv9mjKQtG97tkEDRkCQJxh5WbkZyOMfiCCaZpMhm2G+jgkKyqrR+XuaVcBWYsRk7T6EAnj0J9GniLRV43aW/drlW17pttWstb9tTaTb2TavZ2tbVx63to3v20SvoeXx6fIzwW5ErPcxriQgYQjA3AHjGM4zkHjpjj3b4G+A7jxn8Xvh14MgiEh1rxPpNrIGy32i2jvYXuAB/d8oMGBHAJO3giuK1SwnttRe8dP9GzvtkClUKbtrBSBwFP8POdoxg1+mn/BKr4U2vjb9qvw9rl1B9qsvAmj33ii9Z8PBC7L5MeedoKO6kZxyOhIyfTwqVWpC7tecV125ovpfRXta+6fXUzUOarGC953TSd7aNet3e+9rdW1ov6tfDGhabpGm+HfDdpHHBZaDo+naRDEiBVEVnbomQACOoycYzyBxjbxnxtsbJPCN1DHNHavqd5b6dFGSA7K7LvKA4wuM8L34AqnFq1/b6zcXb3LNavcSYClgEjiBUKAo4Zug6jtnoa+MvEPxf1/4g/Gg6BeOln4Y8H2mp3sokOBK9nFIwkkUjqCoA3cnIGc81y8cZi8DlGJnCo4ylQlCKTtduMYq7e2ul33bXc/SeGcHTrYnD0nFP3qdvO1m7XtZaavZrXQ+LPH3hLSdX+NviD7c9q9v4bsY4LdSEzPJGu0B2wNoGck5zjv0Nfqx/wTS/Y6+Hnxt8WeN/F/ijSLaS0+GnhLUdW023SOOa0vdau7Kd4lulcbHjRQzc5CnByK/Gr4jya1K2r+KEka3bxlrN4uknJE11axTtG7RMSTgoc4GTgZxxX9S3/BIbwld/Dj9hD4zfFLxBaTWmqeJNO1uz0uW5B86WHSNLu0SVHYk7GLAkgkYAySOv8ANnEOa4nL8kozpYySnXq0cPHkqNScvdlVSa1TdpK9+y2uj6+WGpPFzl9VScaitOUE0/aVIRheMtdFrHyWqP8APe/bRtLXRf2jPi3pFk0Yg0/4g+I7aCOIBIoI472RUjVVGFVOVAUAAD8RQ/ZM12fR/jX4Nuo5BGsfiDT2eRCodQJYwcMOzdepDcDIIrlP2otVfXvjh8UNUfdJPdeMddupJCAVlmn1Cfdhh6YGM8jABGcZ8r8E+ILvwtr2ma1bSPFLYX9tdFkO1maGQOwU8E7scDHIb1Jx/QNDDfWsgpYeq25V8uhCV93KeHine/q9Xpvppr+TU8SsFxB9ajpGhmHOraRjGNWOzdrctvX5H+h74O+ItvqOhaHFHK0iW+jWZZ8nzY3aBcMW6kk4bg5JGSMc1554+8TXUk5BvUVWDqF3HODgqzDG5m4IGQMYJ7nHwb+xt+0GvxI+GvhzXSHctp0VhdHfuka5t4wjEqGIHKkdsAdQOD9Cat4pgub+4kaJp2hZ2VAokG0ZJR88hiAQRjrwp5zX4TknC08uzDE+0goXrTcdLL4ouPa17XV79Wmz+q8fxRDMMtw9ShUU1OhCd4tq3uQb891ul33tZcn4n8Qz4dbjZOHUBGdV+UDPzfKMhW6/7QyRkKxHiGt6vYl1NxbwoJPlmkVWUADcQ3Q43c/KNwGGOOBnsPGXiW0vUkEdhNaOUcgn5TI3IAIJwyggsBxznj5ufnzV2vbwFo5Hk80kSKRkgjAUYPAI+7x14boK/bclw9NQVNtNNJaaWsou1tJLRPVJ76b3PxnPMXVqVG23q9VbXVprdXstk7X1bW50mq6to0tv5UImkWIOQ8MhX7wBBYZx26diOmAK8/uIBKpnhvZk3M0keQSVIzlM9VG3jIOM+5rZsNKn8j93iSQAGeLaDnnhGJB+8erA9MZwcmqV691YNIjWBjjyCzHLIoYkFdgxtHoy+hzjivtaMIwcYppKDTSjzW0Vkk1v5LXRbptnxeIry0slbTZN223d9bbJN6adVcjXxVqmnW6gZkjG6MTtuOQQSGKnnr0O0fKeoGa4vVfGEl8yxouJZcxSuAQHJOCAuOS3uMH1IrY1bUk+ySgqARFmPaGyxYc5XgEjJ5AGVweK4bw+jahqOZwsUkbB1DL94kqFBUjA4ycjBJ5PWvXhLlSu1tzXlZNJNJp30+96vVs8XE1Zykop3v1tsm0mtbX17Pbpq7yvpFvcSGch4pZVOxtgXEpyAwO3K564bGcDJ4AF+z0qQ26BiJpll+VUY7zkH5mOQTg4ODkBhzkdem1jT7iJH2sqIArrgYLnuASOB0Of5VxEEstlcGUTSPtDONpb5Sc5UnGCD93oenJ9OHFKVWdorpbTRpPl3ur3s9uXTa7s2ePj4fuJK127NpNp7wvdSu7WvbW+2h3FtpE0yKsMvlzoSCXOSTgnBJJBX/8AXwcU2TQNZaF8QtLGA2ZUXcpOWDABNxyME55AxgHGM5ej6/DcSoZA6KrMZVdzh2GRgHoAFwTk9R15Za7/AEzxDbooFpfvGNzOYWCtiMEh8g5HHIx349cDChg23ebsk+700i7NLRXsv6iRlWGpVaa50k5J3besdVpq+2+v5Xfk1xZLE8sE+6JU+YB0cMHLejr6EjjHPbHR1ikKuQ7iQqGG1k2uickbCvVu3AAAHXNeq+I7rT7y1kMi20xaISLOVCTE7SRkKoyR1UDBAyRjPHkDWNxJKZYXYjYCBG5zs6/MeCeRjPUHqBmvRo4aMFaUeay3V3po1u0n+P4o9ilgoRqqKSa91KS0sly2trbZb6tJWS3Og0yxgutQVgJFQbSdzZ3AMBtUHk5BB4yQe2OD7VDpgisyba6CxgqwiLEsTjJQ5PHcAgYJ4HHTwW2W9geKdvNYgkqVwo25YkMRkdSQO49xyfQ9I1yRkZzOWBjIKEZ2lcBRuyCG6fMvc7iACMurHmjaCetktdtE7JXvaySfTa2yPoKKUIKO1/lvFXVrXavurNvZaHZSRQs+2/trXyim5XaMZJx6KvBZRz6EZ+ubJpPh7UHyn+jzLuVpFZioPYDcCQPpg5xgcc5VzqUV0Y4GmeBgpeRyxIJGMY/hPQKV+Xpx1qkWtwJZzdMgJ8sx7iqg9AcqS2T0yMj3OTjmUasUtpNwd5OWjfutpLS1nbV3fK7amzjCUYOyktG5XVlfl0s3ZW1/L1sT+GgZD9iuS7DDExSZGdo3bw2GyQeR0yPXFdBo2m63YzKinzYsbiSQRg4yGXBG7rzjIAyBgbq5Kxj1WK5Wa3dpFcfKUJ2EdWDgMST/ABHnB4PXBHpGmapPFIA9v+8BDllzwvAOVI579s8DnmuHE80oJN8qi1r1Wt7ppPmt96XyR24dRfK01FKzaTd9lp7uj6666b76ddpepxQExSwCMqd6MEfJPTuc4J/EdcjNeweE7S0votskirM0oOcZ4GDwTjHGRgjk54AC15tazWV3HG7xo5kZVVmUowYZOCdu0jO5gCeR0JHT3PwnpVgbONlnDZkzIEARycgEDPIKZ4xkHjA6ivjc5/hc0U5Ss7Wsk+l7LW1rK2135n0mW8snBXVk1qtrXhr6WurPTTXrb17w5otpJ9njhRDINrboSG+bABLL69fwyDxtr62+H2gmGSFY2fYyrJw3zKcYJC7uGPoAT971OPmDwvp5geG4tZcqr4wz7ZCMAYIY8jPA6jnPHb6/+HAljmtzcl2YMrK7dVBZdgOwHgntgHg49v5l8TpYiGHqybaSje0Xra0Xa299NfNWSP6O4EhSnChZatKzXVvl0v5X06W2ff6Y8MaDCWtjLEAoU8ugYnnl2AXBY56g475wAD7t4f02GB44YwAPOQHzecgAng4HbbknkZJ681xHhyLbEhkVWJCMJMHg7ThRwSARt4HTOMGvlv8Aa2/bf8J/sl6t4A0PX9Bvtb1Dx1LMlstlIqpaQohXz5N7KT8zDCgMT0wAeP4WeVZ7xdxbQy7KqE8ZiJYhOnh4tKThTkpVHdtJcsItvXVK6P0bPMXhsDgqs69aNClTpe/OVrRTjGycleyd0uj1tszhvivq9uvxM+Lus7iYNPs9StiytlALSyLKVweOTjqDyOnIH8dHxI1K58SfFjX4rKYg6l4mvJxIznJDXzrkjIwFAO7vzxX9SniPxNeaj8Evit8UJRIkutWGt3iLNkusV9bM8IbOQzbGAwDwecDmv5NvDtyNV+J63JctdXGpXDLG2T8zXbHpgbTyOAT3AGTiv9ccvw1bJuHeG8skvZVcNlWEhUpraE4UKcZqyWrUk1otdNLu5/CGL9jjs2zrHKUZ0quPrKE/5rTbum11TVtt7dj9lf2VdH+Knw+g1fXNOa7l8D3Ohaiur6nEFMKXiWW9E2A7Wx1LkMccg4wa6rQ7m5s7C21FbUGSeW6uJrllCmZ7iV2VySAckEAkk5HPPb374Va5o3gj4H6/o+q3Jmi1fwmRZQLtUHULyPy9wyQTtGASOvGCAePNdOk0xtMtLVpVKQWluJIWGSpKLuLHruA4PHYctwa+kyCFSf16vOklKcqcE1GSu4KLTfWVrprt9zfFWVNTw1OE0404ykveuuZ8rtppulf17Hl3xIeGPwxquoyq6FbGaV8LgB3RgADgcDgA5OOvfNfm3/wUO1v/AIQz9m/4AfDGC7KHWRqXja/ttxEkkt5MyQNMuckNGVxn5uepGK/RX4zapCNAh0qzJY6jeWtiEfkyrPcBPkHJ3YY556jPy8Y/Gj/gql4xt9Q+OegeFrR9+m+CPBOhaUsaN8tvO9nDLOm0EjPnMTjHOORyM/pGVVXl2TZpiIrklOEKCei1qySlHd9Px8j8h8Ql9fzXJsIpRlCFWdecXqmqcYpNvW9pSW99XvsfmdHG7RXNxMLZCWZsSbcHcR84Y9GXHU56DGcnDbaW0lZIbdpg67lneNgww3OQCeckYPbHOeWAqwCzu1Nk0jEStuM24jYT8wQBjgHpj1B5yOBV+wT6a5m8wwrFkAKyYkU5CsOT2PTb+PHH5hiJynOrO9m5N3smtbN+Xdff2OiklToKDd1BJbJvTlu7NW2vbo1ro9+qk0JZQl5C0lzbqcXIChdrDpnjOSckk5GeCeoPIaxpccKvNaqSjvkBlI24forAKcEDHOASeOMkdBaXt1ZJuhu2nimXzZEIxHllHDqcdQenpzzVWfVPtrMrSwBI42BjBIyxO5lA6nJyM/TmuSlUqwqXl7yVrSslbRWs100b2fW2uhqrtJrW1kttFZWkpLTlsr8rTd723P1W8GTwJ8DfA8PDM+nAPGpIKsCgzuHJAPXPUAD2qppShC5Vl+VgPLA2kMcEhiR0UZwSPm7g4qv4N3v8GfBckQCW5tihwdzKcgAbuepC5JBxyBmrelxKsgUkkKy7lUk78Bgd/wDujPI5wcZPOPfxcVOnT0unCFr6bqLdmr/rdrTXRfRZXVUVTSXSzfXTl0fXRtO67WOG8VBBJIqjLHcAinO7LfxZ6gDoeSCBz1xn6SSHj2ZU+WquAAQMEck5wQ3PGB3xjJrb8U28ccwkjLFQXZMD+IsRtPOGTIIPLYwCOcA5Ojy5mXmJQGUOpyCXAJZS3ccE5ycqPwrz0nGGi1s720TaSXqu+ya2v0XuQbc46tJvotXrF2308rW8viufU3geJWS2ztDRohZVGUYcfN0HGOinnI5HINfQul2w/clDvWRw42DbtHGQTxtw2MqeehxgZPzx4GffEjRggEEPIrfKqueAOpyRwRg4zywBr6Q0WIxxQYLbUYAEnajgr1bByB6kYJzxkDJ8Wo5Ks7tK+z7RvFa7K3l5PToexSi2la9tHZLVJ2V+XqtdEvJvpb5r/a3jCfDbX0X7h09iSRwuE+YDGfmIIDZ6Zy3Yj8KliWIl2ETqw3K0ikYIJPy+574x6d6/d/8AawkR/hZ4rcKCUsiobI2hccfjyDg854B71+CTu5njzIpXd8u4jaxyQcZ4XGRwSFJ564NelTkpUob21tfps+t9u3TTpa/xvEMH9Zpt9YO2tr6x09NLLXRvqXZbi2Bl/cuzSRFSzJ9wDgMmeSOo554455qGxn+y3AVJlSF4zsJUjc2MgHPPJOCR8pHbggrKomhKp/rkO0SHKoEPfHTPbAOPbjnAvI7uB90gLpGy7cA7XA6gEHBwSecc4wScYrRQjNNS6202fdPXf0adtz55wumru/yV0kvtJ+Tsk9XbV6X9Dhe2mji3BY/lZ1cLlZCDyvpg4GMkFSOeKpnzzMfLuGdEf5kADbI2yM4JAyOmeMHIA4rlLfWpYXS3cBWUqFbcGEatwBjpu64zjod3IzWpYXJM85iDByN24nKk5JwwUkcZBwDge2a5KmGlBttJrpe75b8rvZvVWW1lpdru+eVKUG020k0uuiXL7zfLZ3166Ju1noa81tbSwzFXIkT5m3jKliPvZ4G0+nUYyBkGsExNLO4crGpVYkZgcKxH3RwBz1U8E5GSetbE0ssKkpGkjBt0gjyVI4OGC5UAn1zjvjmpUurR4GW5jiMm9REEGZEB5w2BnPOBk/KuP4cYmnKUFFKPNqrW5rq1vN7pJX3a+8UHKnFtRvtbdW2dne61Vm3bqr2vc4u5iuLcujNIz/MIwwyDjkOo+8Dz0Azk8ZBNBaRUgaRjM5Rgdm4FRkAMR93Oeo6noOa6a/snuHm+zMsj+UrRbGLGMEZIYN0IyRgtwMk4B5w4dLvgkyBsTIoMscvJOT92PjbzkZwSQCM812xqRlBN2Tur3vfRLVO+rs1s9VrfU6Y1YSiuaSdnezvrzaXfdrmvo9Xs73vQUyzIka5MZLOJQVyzrztyc4yeMk53ZA56WY/OSISNh5HYIykfdXhVG7AAPYE8HH5QytJbRqkkPKuygDdiMsOeAMHAJO48emeoiR5HlZAGMbhW8zLYXscjB2jjqewBzgclm3smrt6Kz0sl06b6d9UrXLWu12o2XVrlutrJt2X3dtxs1ssDbZi4lJUq23qpIYg4H646cZxSSLGrBVyQ5GG6AAjByPTBBC856ZAxViUTSDYrCWQNgMWy209OSflVentwRxVfyLiKR0bLMwB6DaAPTHTAIyDgj05p3jZOUrSW2q6W77/hq23exrGXu2W6ak0rXtzR0u5WsnazT+/rUubTfMqQFQwIcKhOAGAHXv3JX3JzkVOLeWPCjZ5kZZmbuxIwCTnBUfdHGVz97rVkwKrgq5AVAdxXBbpnB+XGCDnH3u1PO6R+F2KAN28MdxxgEAnjOeQR6dzktNNRWlrLV3dr8r739b9Lpdi1P4HJ302vJ2vy3VlbRRb8nZ2S65qI0qhUJ80PvYgcvg4IwCeCMcdASQR66CWzON2Srphf4QG24IUbgDyR9CVIzgjItpOm2YOqKSV28A9z14BXkDqOOvHSwYmEZ3EMCVbAPXnqpBOQB6cZOMYGazmru0XbVPp0trqt/wCuxEnFvS7SS7pX0u9Vez2/RaM1LAgLiZgsjZK45O0E4BPQZOAC3Genap3KLcrKT5cbIQCp+XPBxheeOjHGP90cVj7HG+UNtDZUKO2CBkgDvke3UkE5zaUFQQzAoVyGGCwcgggHJBDEgn0O70WsuS0uZtJu3uu9m/dWmu99G9b3+7C9ndNdNNbbLVNelr273Poz4OfG7xv8KtXj1Lw3rFzb2jARzW7uz2zopGV+YlVLAYBUDrjODg/p18WfHFt+0N+zvpHi3SFhbxD4VnV9WjiYC6WF/luHcKN3lFiCpxgnJ6qcfido91NHmzfYIwxZ1cZXGexIJ5yODjqSOuK/QL9jXxPaR+MdR+H+sSMNJ8ZaXLYRWskmIVudjLH8oJBJY7gMZPUZxivp8izGteWWTnz0MZB0acZO6hNtcri3ez5kk1dW22N6ElTqU8RpelNTvzXurWkmubXRuzejtbexyejW2p+WkTR7olKyiSUCRPmA4O7JbpjHY88cV2MM2jxRhLnRrC4cyBZIpLMIWOBkhthyp5bnGO2TnHVa3pGoeAfF2teF7yzjkXSL64RN0Tl5Ld3LRurEEldpG3GFxgds09dct5pI0uNNMUQjHluIkZyw6qc8Y6ZPcep27vSp0Y06jp1ZKMoTlGSkrWlCys0/daVn7ze9tLb/AEkq9SVNSpyclJaWdtLQemvLtZ3emqv1Rc0CL4dXNs0Nx4Q01LlnLMqRYZlHcOoHAJyV5zwMLnNdxL4U+Dl5p5Z/D0EbbkDLaGS3bd/G247AOe2Qe2AMY42x1fwvDMTc6fJbNIDvmiBjBzkcKAFIc46N+PUN2Omy+DrwbY7uSzO9izznfGzDBXG5iDnAyeM8gZya9CHs+V8k6E5SjazUVs11vfXq1ZvZN2ucrdVv31NWVk1LVL3e2ju929Oibe/IyfCH4N6zMz20d7YklgqeY0hRwuN4PLHB649sZ5zxWqfADwvLIY9O8aNA4R2hWVfLcAEgRklgWKkD721QSTjAJr6Bj8NaLdEz2uoWzyn5UFtcLEzbiRuC5Cqx7jAP45xYuPhiJbdvJ1FElcB45J4t7RnnKeao9dxBzx6jNRPDXvL2FOXZxfLq7WVrtpu6snpddLaaxxF1GLk7Jq7kt0mru0kr2WivfstHc+L9Y8F+LfB6LLpPjaOOK4k+zypDM43qMgiaMHa6snGSpweeSa9h8Ny/EPTDo96/izRbiLSxEwtmKK97bOULwswYb/lBJDZOMYwRiu28QfB/xFcIDHDYX8ZjK7I2CSnaT8y5wd33dxCgnuOlecS/DbxTahjNpV/bxwMFhQKZFTByDlcsw6FgOCOMECvIr4edpJwaaVk7KSvZLrZO7baXa9md9CpTVpJtt8ujsrcri3bpqmtnok+x+pfw/wDij4P8c6NGqeFNNF+ltBY3VrZG3kkkeJESWZ7dgSRI+8lgrEgkcAYPseqfBv4XePtBjs9S+Gmm2DF1M17BbxW0xj25aX92FbODng5PIHGM/h3pt54x8IXcl9pt1q+nXsJ2rPbJJErBSCN6kqGHzZIJO7kk4FfWHgf9s/4r+HLCOHVJIfEUcGxTFeQLDOojUAAyKoZ+BwGY5bBPy4z8Tjsqx1OUpYapfmeqqNpq7V0pa2tfR2XbofW5fjcpqLlx+EjtZTUIzu5OK7K+u2+ifc7z4sf8E4/DV6txqHg27uraO+DyWysmI4JP4UYthjGT97cN27GAcDH57/Fb9h34nfC3QtS1+4vdOvbLToTdSJGf9I+zdpEUkKcc5AA2k5OeNv6o6Z+3FpmtWyQ+INAvtLeWAqpjl/0VH53SgEgj5s4A4AxjBPDx498E/FpbnwpfX6aqdc027tISkol8ppkk2xGNiWygIJYDhgD04rPBYOtXnChXovnlZOrfRyVrJ2TTTb0a76vVM4M4y7KJUp4jBVUpJc3slJw7e78Ka0bSvfrtc/nLm1KZkjhJEcYwHZVwd6sdxyeMlcMR7Hj06zQ7yaKM3DlngilXcoOVdMHkhRkjABxj/aGMYqT4x+AdT+GXxE8QeDtTje2gtdSne1LoxzZzOz2pUkjIaIr06ZHGM54+xvTbGO2ikVWfIBBJ3qD94DgbuOh55IzzgZ43A8vPRcLTg7O8Xo0k77ejTstLq1j86rw62vbzasnaz3Se60tbc9iFxb3UoS1yJ5AjxjGOWYZVx1IGORj7o7HJrfg8Uaroi/ZbmTzraeRUubaZS8BhXAYqDk8IAfl4znjBxXlGiapeW1/FvRmQTZ82UHPlkkbcckA5wBjA7dDXs139jvoo7ZomjV4zudkBaAHklTz8pJOFBBGcEZ4PzWIjLCTg3T54WUk0rSTVtmlo1rumtdbJHGlLnVnquiXvWbVtu2t7a/N2Obl0Ka8vrnWvhvM4vYAZ73Ro/wDVzIVLSeTFwGwCcKASD0ritbi0Px3FJbXdqNE8TwBkKOoi+0TLwwckKeWBxk+uSele0aPLF4OubTUdPaJZyhzOg2yt8pBwrEAhlyCGGMDg9K7PWvhv4Z+NmhHWfCbjRviLZ7w+npshTVio3b1K7R5rEAjGScAnqDXfgM5jVqqMuaDWlOps7aLlm+tvz19fYwtXnhyzlFtX92V1zbPqrKUU/wDJtKx+cWs6HqGhXMlreW7o6F8MOUZOArAnG49+CePUDBx8N5J3kne44PVQpOdxAAPU8d8DcMkGvoHxLZaho93ceFfHVjPaalZubfzrmIpcW0qfLhiVzInGQwyDnnI6+Qa5pE+nyIwPmWz7jDKFJDoenKkfQ4GeepA5+yw+Ic1HmspWtzJ3UnaNrbavVWdra6N2Q5ws3y3VuiabXw76q/bqvnvy8i/6wqCy447AD+HGegGOR6DpnFQKXTk8cALxkYPpycjHHPTGD81XMHIXn5uGDHHToeM8+4H45BxXaNgwK8KGI39eeOD1PODkADH1yK6+ie21+ltuuqstN3o+iMm153VtE9L2jfZael9LF+zuWjlV97BwyjA4AxkcAHktn0wSMEDpXuvhi/R7cOXRZIxl0DEyOSQVJIPI5A43EdyOg+fVUqwUkZYZDfNlumSegU84B5PIIHr0el6pJayDazqWChnBJ2npvXBxgAZwPQc5BxlOCno3ZrZ69bXuuq28rrRvVFQlbVK8u999vRprTW+uu/X7G0HSLrVhBNaRG6uJpCVtIR86gYwScH5W5yMDI9TXq+g6pqejXwtTG1pNGVW4ibeNhXLYYcYDDGSQeeeq8fMfgTx3e6FdWF7bXkhlimj8sryHQE70kBxktnHUryQCBk19oWWq+GfiXHayWHl6J4jQRRXXnsoGoSS5DMDnn3GAoOOmcV5Fac4SUZrmg9NldbdLO6bf/B3t3U6baThPlmmmtLc2kWujd1r1tZtqx6JpmtafqUKRXSKkrEMhH3kYZB2OOQBkHG4DAAKjgD7c+A/7WXi74QW58HeI4l+IHws1Im31PwtrKLeRw20oVZGszPvMLhCcBcA4Gc4zX52X2h6p4UlaC5QvbK6PDcISyuSQ2wv91eAARnkc/wB0nutH10SyW8e4O8wVDExJ2thcEZYD0wfQA9civAzfh7Lc6w0qOLw8KkJWcZNL2kJaWnTlG0oShbRxlfmV3dH1vDvFOccN4qGJwWJnQldKUE26NeGl4VKd+WaaTTv0d7dX+hfxj/YT+Gf7R3h+++K37J2pWn26WB9Q1z4ZXdxDFqVjPgzTDT4mdXcIwYKqADj0r8d9Y8G+Kfhv4judM1fTtS0PWtInaKaC8gltZoZYZGGXjdULIWUgv0wcdCK+/wD4e+OPFXgXW7PxD4N1288O6xp8sWxrWcxRXRzlY7iEMqSxlhtYMpJ3D14++dQ1X4GftsaBD4U+L1lp3w7+NcUIh0rx1aww2thrl0F2RJqDKI0LSkKHMpPoMkMT8FHH8QcDVo08X7bOuHnJQhiUnPHZdC60qpe9WoxS+JNTir3TvY/X6cuHePqPtacKOT8RKKlOnpDCY2pyrWlb+HUk0rxS1evXT8rvhV8bbW6S20fxjst7lSkVrflQEbnCs7YxzwobOQCTnANfbWiTTReTq2hXIlhMaSiWCXzYx91t6hctv6k5+UgkEZ4r4B/aP/Zh+JX7OfiCbSvFmlPPoc0pk0XxJZK8+lX0DHMTQ3UYKLvTZgFgMk4GBiuG+G3xz8TeA7yJLW5mu9Mj2C60u6kZgsYxkRlyeCMsCO/JA5A/QsDmmEzPDQxuBr069GtFSTpzvFLR2tryyurSi7a6bny9fB18srywWPoSpTptRvKNuazjrdp8yeklJNrRLofup4K+Ithrlqth4wSNyAI4r+MYlRjkK0oPzDaTyR0JAPTNdD4g8MTW8TanZsNR0pk/d3dsRK6q3IFwgJyADjcecZ57D4l+GPxc+H/xOtUfTLyPR9cTa82nTyrE0kgPzLECQHDN1xk5Ixt7/Tvh7xfrPhxljtXNxZkhZrOV/MSVRgvEUOQNy/ckUYxg59VOr7OTs3y21T0101W9tPNp6rSx6uHw0KsI+zkmkrt3bT2tpf5aXj3se1/Cf42/EH4QXi3Hh7U5dS0SZlN1oV7I0tk8Wf3oiSQloZPvKdoUgjgV+p3wn+PXgD4v2Cw6bdRaD4l8o/b9CvZFCT9BIsKy4WVGY4CjLbMDHIr8hh/wjfjTM2kTroHiBssdNnPl208g7Rk4AdjwABjJ4HBrlZjrfhfWIppPtekarayJKk9szQFypJSWCZGVGXGcoCSwB4PIrehjp02uWT2T5XbmSvG7unqne3bVNann4/h+hi7+77OqldTjFNOVo25lez1V9NV3vdn6ufG/9lPwX8Sob3UYbaHw1rslu4gvrOJVsLqZ1LJFPEBiIPk7mwDuPsa/Gj4wfs8+N/hHd/ZtV02RIGlke01KGNpbKZVJ2Mso4Utxlc4weo6V+kvwY/bLurHytA+KcT6jpQCRQ65AitNEOApu4mwHABwXwWzkjlTX3YdK8B/FrwuLiAaX4m8PajEYxbziKfyfOGPMhLbpLeZM8btuGzjPCn38PnNJpQqS0drXdmrONrNX0em+qWt9Vb5DFcPYyjdxhzJKycU3dLlej1ab1evVH8zXhn4j674eeSy1Lfdwhin2G5HCISC7RO2FGQG2g7umcc8egaX4p0PxMJm0q8W0vUdi+ns6ebH6hMld27phcFgT1zgfa/7S/wCwJe6fFf8AiH4ZGTU9MTfdXWmjJvrI7S5WH+KWNQOoJJHAz3/JXXPBniPwnqE80iXdjd28pSRDHJBOnlscSgMAWJIw3zck9ty17CxNCpFOFSE1Za3VrLl+KzurdbpPoraW8KeHrU5OM4Sj3bTSajZW0vZptdL26H0lPqd7pkgvIZJLe7icbvKYxSKqkBZlcbSGAGQVYhvuncOG9i8E/tOeINJP9j+ItnibRZAEb7SA1xAG4LgsCzeWowBnaCCORg18V6D8W0l26X4tibYjGFdUT7zNwFWVVHAPoDknB7k10N9Y2+oQtf6JOJYQvE0Dgq4+9yqksMcEcYJyRkZFYVMLTnytXV3dOLXZNJNW1Wl1Za9zixeGo4mlKlXoqpCd01JJPWybi3ezSb2steiP0En8VfC3x5pU+hyHTtb0XWUkt9V8K6skLoGfIZ4BICscik/u5AAQcFecV+KH7YX7DLeA7i+8f/CC3vNT8HO8txqWhg+bf6GSzO6QImWltEBIVwGwvOeteo6xeeIbKfzrKe4t5Q58q8tWKNlWDDzCoyGJHU4bIPc1u+Hv2nvFXhWY6R4tiGtaXKpguUuwJJZoGAQoTIpEgC5yrE53EDriijicfgal41HWpQtzQne9tNHe2qWztutnoz82xvDuOyzFPFZTV56Ld6uDqt8jT5W+RvVNW0as29HdH4mSgxl0k8+IpIF8uVZFYMpOUkGFKsGzgEZ6hgcNlSsT53MVlCFtwU5dQQWyTgKRn1x9c8fqr8bv2aPBvxw0m5+JPwHe2tfEDxtc6z4LDJE87hd0slpECNsjFiyoMjg85Ir8p9V0zVNC1K50nVoZ7HUdOle3ubO6VoZYJY2AaOQMoJww+UgbWXpkZr6rC5hSxcOZOzSjeEtZRacVK92na+iadrrTserhav1iCvF06kbKpTmrOMrJddWu0k1tt1FTO9c52AYw3GCT1Hoo7AjkjHvTxcFeecAjc5GEGc54HBxwOCSM45PDVYZxduVBCOQV3fwsUHG3cMZ59e/1JlEc0QKyKu0HkPjo38XBxjrwfTHOeOpuFuZq/NdaXdl7t3e91sns7WfY7FSklDd2tdxV76xu3r7vXRJbvzNK3uZ4SSr4beG3KzAIDgHByWx3I5HbB7se7leRpWcSArguxJGSTgkZIGDnPUgHrj5a774d/D9PH+pnSrbVILC52lI0lOBOT3yxAwufy6ZrqPGf7PnjzwaWeSw+3aegLNeWatNEe4LBdxGR1BGOmaSjeN09tV7y3fwrs73vfzSOynUqwUYpy5brTm13Wltr33V9/mZPhSx0TWbS5t9QtpUmEbTLdw5O5guQG6dSOePcY7cNqdtEGu0j8xBEzxZJJ3qhO0Afwk4O4dOuQOAd3wjra6Fdy2+pRzRW67hKNoUqVPQg8quQflODjjHWuP8AE+twvqN4dMZ/s85LqrkFWDnDNjcdowSQcnB6ZGa8mNWpGvNNe42m3ZaPSKTS8r/Jt9LHtQxFOVGMpNc6dnGyTTSST5brf5W72MdpVMiFQVA+R2DYGARg4+9u6Y5JB9SKvLIjlom3KMqPMwTtGcbuBjcSAMYAByckZB5uK8V5VwCS5wdpPDYwSwHH3hk4J4yCcYarEEspaXaGG1mbJPAPJyq8Dr25YDjPStLyqJRVlpfmvr53WllJ2T11stGKlUjNLlcW9HZN/wB1t7d9XpdK/c3Ciq+6N3BTazkDYcg5HBAIyOT3A78CtyzknLLvyUDEs6sdo46/e56ZYAgHOTxzWHDGF+Z2yssYLbgwJPQBBzkKe/B6cHkVdthcW/zRAsrgvhjtULtGMKMjsRtIGOx451otxvFXtZxVr3duTV7We/lbrsZTjNz0jZNJKzu+mqa0Vl62v05lbp5pldoknPmb92zbjI5yHU8ZOQO+ckHpmu/8DfFDxd8P9SgvvDeuXenkEF7aN2MUmzqJYtwRgwbBO0+/rXkvms/lsAGboCCVaMkDIyehxu745ojupoJWZ1BJJ3MwBCoOFZSRgED5WHQ5J5pz9nVjyyjdPa60to9teqV9L21RlTq1aFXmhKUWndbrTS+t72ts3F3s7aar9P8AwR+094Z8fyW2l+PoLfStTdFtxqoSNLediArPcHARtxGPmzhTgEHLUfEv9nH4e+P4V1PQPItb+dS8Ooae6vYX7dQJFiP7p3z2CgsCQScV+ZB1EEqgUSAuWJU7WRnwQQOOhycDjjjjke2fD744+L/h75C6Xem/0wyL9osLlvNRE3chMlihPIG08dTg/e8arhMTh5OeCm42blKLd4tXV/PRbWdlbda29zD5jh8VFUsxoxqReiq8q543t1aT6302Z5h8Tf2dfEHhG6uo7aymuwA6yRvG6uGOceXu2l0I+6V7cnBAI+adR0G800lbiGaF0idXjZGQIxwpVjjnHr1z364/cXwn8bfhp8YLdNI8UmHTtSaMRqLtY45I5iCAbe5PLJkA4djngEDIFfKP7R/gHwb4ZaaCGVNV/thS1jeQKqGHB43MmC+OCGywY54IxnOlmfvKGIo8lRNQcuVqLbtq2tNXtZPvc4MxyKlGDxGDrQlRaUuWTtONrNJO2l7W9X3vf84dN0fV7w2NpZQzzQi4i3CIsULvyqFt20EuAMZ3NknGQa/R/Q/2d/DHiv4bWv8AaVy0PimCxlnmiMixiC4nAeCMAsN4CriTduI3HIwK+d/Bml2Wkw6Yls5uYUu4767G3G1o23LGGxvYjOMLnnnHGa+ob/xRNLNY3qQ3On2zQLstVDI90y7VDuQMnOeV5O3pwcD9t8N8oy3OK1aGNcZ3jTioSevv296DSV+S9mrW2R+Mcc5rmGVUaMsHC1RShzWaWiindfFfl+0npboracz8K/2V9MXxFa6n48u7cWunDzNOs7YDy7x0bGy43cMpIAIU/NjqwGa+49W/Z/0nxTpkWl6MLeykWAS2kcCJG8CIGZUVkG5jn5sHngnOM1876Brt280N0ZC0UG1Vgmcgh3IyFBydqgk5OCf4eBk/bvww1i3kie/F7Et7btAYIZpfLy7fKYoyxG4DpkHPPckV/RWO4SyThfhXF1aOBpVKHsamIr1anK6nLClzyfO0noo+7ZpK1kfheTcTZ7xFxPhqOMxNWjVWKhRoUaMpQjyOcVeUFpNu6tdJPVea/LfxfpWs/DvxVfaNrEUlxbwTtE0pSTa6LlQsTFcbiCMghjngE5UViXvhDwz4/gldLo2l2F3QK5KGN+flwwBKsQeQRj7p4av6FfFH7N3hnxz4esLvV/CdpqL6lCLu5uIEDzW11MmVmeVQWCgklgGA25IODz+dXxG/ZFsND8RahYWeprZX9lH9ogso18qKVPmaJZJDgrxhM9c8jcBX+TEfpF8C8UcQZ/kFTFKnLK8xxWHSlKL0o1nBSi07tJLW/fR9/wDSHGeCOe5XkuV5lH2dVYvCUKsoJOM4SqUoTakmlFtc1rLfpZo/Jm5+E2paZqkhuYJlsCsgF3EplilCgAPxkqeec8YHXJr1/wAHaJpS2ccDQtFPCpWCaFCGmcfedmHJYLyMnr6ZGPvP4Qfs0/FXx9ql14T8PaPZazJOtwy2c8waeCCAEySKCS7BlOUI+bjgDmvPfjn+zP8AEz4BlJtW0Oa2sPMW4OoQYktYS74aCUN88UiMGVQ2CwXocg16tPN8qzCpKpleZYfFpRbcIVIynBNQkouGrVtGl213Pz3MuE81yuj7bE4GpSp2vzuHuzs435b6aPWybd9etj5C+NvhyNdJ0/VtPiSS6W3WKdYsmWXqu9xncZAevTjBwB0+T7Wa7m1G3hm86J4ruNLcAMrFiRiMDGd2fUqDxzjgfb994itEjubO5MOom8t1dt6DzLViBkhW+YFWO7PU88dK8bv9O8ORTm+JSa9guo54pI1VGCjG0unyjch53Y9wRnNVQzCrTpVI1KDnJOThONmnt7rb1ffTTbuz5qpGMJK+z016NWdrrro9UvX3lp90/DLQtJPwqjg167uItSSWC/l0+QLCBAWEamFm2l3zhnUEZ+7nPTgfjJ4Zufh6ujazbTRNpmq2UlxZ3CSqRmXO2KRAWKyANg7RnsAehxT8T5NX8P6IbeCO5SxhXTLu4iUGW2hYgJLOin5nBY/NyML6Fal8a3q6r4Uh028u4tTigJWxuHmJePzUyAE3MqJE+eFxz2FfL0MzzWtiVTxFOTouvKLdr8sHJNKOiUbJ22b0bXW3p4mpSeGShvFQ1V5K+lraXWmzWl15nmejeOIVVPOkMc0UbCVAxjkLSriPaDySSRnHAwTgZJHa6bcanrduuoW2oedfJIEltZnwggJ27WXJDsV4yRkZbjOK+G/FNxq2l+IZ1a4UxwbWGwspcIVKsBuweQOMZ54xzn6U8Dx+J28IWXii+sr2y0i5uzFBqIikFtdOFx5a3W0ReaP7hYdzzivZzvCVIYD2lDl5pxSirJy1SV7WTWltXq3eLTsLLp1p1PdVWSgueUoq/LFOK5paWtpe7+a3PafiJ8G/DPjbTIrpZ/7P1/S7FC1tbhUZ3kRWGSMeZCx43E5VSSSuDn5k8Rfsu/ErRdNtfEGj6bNJpl2wjQiQPIbhTklNp2EMF3LlRg4Ar3+58S6n/Zhv7C6H9r2RhFzC4G/7EhBKsTjzA4X5hzw3TNe2eAPiZr1tDZnXY/tPhvUJI3torsL9jhk3KJnhGPl2/MqxkKeM4PNfmcuIuLeH8LKrSlRx1OnUS+q14tzlFct40W9WtkrXs99NH78MNg8dO1ROEnG7nGzt8OvK0r2d4yslb3eh+dPhjXvFnhjxM1rqFlcHykazukmjaNY3TMZYsVGGDHIYkA9TyFr9Zf2NP2FfGX7Wunatr3h3xAnh260uf7LYS6hIFi1m7B8wQQF2GyJVGGY46Hr25Dxz4P8ABnjDVNWvY5tO0+O9s1jt7qCKFWuZ2KhVdVOVck43KSScHI7+ifC/4p+LPgpoln4I0nxFc+GLPSJxqlvqcdw1q947RktEZImXzA4JI5PG4gYBJ9rL/ETC5msPOeEq4PGycY16C91xeik4SkrOzTa00i2mz0csyjA4fEzlmFX22FjGbjdXalootrmWml7Pa2r7UvH6+KP2fvH1/wDDH4kxww6jpVw2nma0nM8ExjfbHOkqsVKsq8gksCxHGAK5Xxd420S4gt33NLFNlXiyFVHQH5lyRtOfxIHGRgVxvxw+KsPxNv117UmjubnTUuDLqkk3nyXd07FyZpWBZmz8yksSpOAWHB+NvEHxCvHMJM3m25R44lQ8oSrZJHDZx93K9OBg81+jUM7xWMwvsYqbjO1k73StF93vvotbX23+az6th6FepDCSvRcrwerfI0u26bTtvffY+ndV1fQZ1e4t4zNLLaMJ4sr5bpg45DbSwOPl+9kNwcKa4fSZ/CohjQSPNNPdqTvKebBtY4Rs9t3BIC/KMjcADXg2ieMXgg+2rJIyxsYGimYlD5h2ly3A6cYXJ9jkCm3k8txcPeWVy0SZWWN48hZGALMgAxz/AHSeCB3Py18viMsxEq8pynOm23JcvMoynZJX84+8l0631bXzixDkk4pPayV5c22utlupJ3trZ22t+ongN4Y9MgilubS1eIrNJDFLh3typw5I5+Zcc8dPXIrlvEepx6rrT6I9oz6b5MjwTMzySp5mcyAp1hBHpyR7HPyd8JfiM0uoPa6hO1wGjNtDI8hRk2jaQylvmVfmzgnI7GvrC38Q6HYQRfa54J0lWIW91CUM7cOPJJGWMe5hlDjknHI3V142ax+VrL8S0qtKyi73fu2SlbZq6v1TWutj0KOKheLbSSspNtO6bSs0lbWzvp1t2Z8heObq18J3moWjTT+ZFds1veB3WSVW5Eakj5UO7HfjGRmvOtG1NNUgvbe+bf8Ab5dnkB0O6J92ZC2Q2/oQo6DJIxzXS/tIB0aK5hd5EaZpSwHzRpKcqsgGQCi4HzcdRyQcfLGia1LHdIFu3/dyIXZiAUG7JAyQc7eATjAzlhgGuXLclqTwTqwn+8pNqM7q7cOW2urV0tNtN+qOXE1YupdJKLVkr6Wsm913bS8vw+zfgnbyeDPGRhhiUrJKSvzFS1s5U5OepRem0cnnkEbf1a8PXcd/ZJFLIu3yVcAsSQNobn1GRwB0I6YB3fjz8OfFdvN4000XikQbYQrBvnLDC+ZuOcKRweeh65HP27cfFWw0C9TTQZoree3EUd07lQ8vDRlMkjDEleu1cDHHA+ly7imeTwdLFp1HZKyvdtcq7aK6T32aei2ulGNSLXPGNtNvRWaSWraVvlr0PSfjB4x0/TYPsUUsdtcQSKrySsFBRvlBXklyQTkAnpkHGSPgj4g6/DOfsGqwiWeRpZYL8RA7UcAxR7hwVcENgnI6k4IrX+IPiTxH481O9tNSkGnyW1whtpmXCyQswEblwTzjax7bug5IrxD4gQappcFpa3mqLNJDiZjJgSOhACmMnBZWH3e4OPfHgZnmk89x9GSqeyin7SNN6SjGLirtat2dkrX1SszKS5XJqN7LR6czScU7qTutbq927rTseOax4esZ9QKQb3nm3OijJ5ZzuyBlguPm7cgHBOcfX3wc07w7r/hC38EXKRb57sxzHOyWOUjCyg54+YgZ4B/OvnnQ9IvdbuZJ4phb3ccRaCFgpeWIjA2EnILE4IBIPXgAV7Z4a0S9+F93Y+JdXhuRKlzb3qWsw2JcWjspYlh8vJzgE8Ag5B+71VcTKpSdCUqs+Vcsm1pa8NU7PWyu1Z2asz+hfo8ce5NwXxT7fOqVCpl2Ow9XB4p1UrRoVOVymnq1JNPVa6NbaHfWmka14LvfE3giaCaNJ42h0+cyNHBcmQMIpR0VsAgE5PQsTnge7fDp7rw/4AutO117TUdQs7jfa+conMAYfKsUo3DavO8EjABHTbXmXi34oeHfH2pQXtraXUOnWyQSbYWQvG6lfOXev7xkJBUfMVwcccVf07w/47eC9l0Qtd6Lf28t6igGeS0tipZWkQbm24+UnJIx1znHkvFVsNVvh6jpyUlZO8ed0+VX2jrJJO75rNu9zg8euJsq4s4mnSyfGzx2U4GMqGX1ZSc1ClUn7TkUZWbjBvli23yqystj13RvCvg74jW+pyatY2cOpxRhDHawpEjADmRZFA+ZhwSD3wScEH5y+KHwK1jwvfjWPD0DXOjrtOzcXmiUkZUbDuKgEj5cnBPOMmu38D+JdTsGkSTy7AsHtrhnUIJcbgOGUFG3c4OCM7QSOK9x1fxTb6doVncXzfakACtaqRKHBZT5hOWKjJxj0OcYJA+iyvjmeHfsMybU5Nezd3ZxXLqr3ez3UknbS5/PNTCzpxj7HmajrLmjZaWT0e9tdVulona7/OS01yfTtQiie0lAtrnE0MqEFmz8yguN4XqBgjA4AAHH1R8KPiJ4f1G7bS72VLAq4SOSeTABxgxvzwoYY+bPY4yTnlfiX4c0jxBYXuo6NbrZajdFZ7WbcsZZ88Rsq45JwFJAPOOK+PLKw8R6D4n+zX0rNeTlT9kLspmZnATy+QT6ggk/w4wMj7PA8S0K6dfC1It09ZQfXl5fXfdWv106Gigq0PZzV7K72VnZWta2mkW7XXW92fsujW5iSJLi35VfKkWRWRkyNo6kqWHyqeD3A6mvGf2jFFz8L7uC3/f+TfQGSONvMYYKkucZCr/DnnIIGc/LXnnhbxLd6Lp8NnrFxG/n2kbyPcyssloyoAMAtkHOAp4yc5znjZvpdS1fw1qcZmF/bXjAfZEJleaM/ddHBJIVR0J7ZBJzVYjjym1GjLDVI88owc9bJ3grppPmSvfy66pGNDL5Uq9OopXcfeStf+WyT6/Oy6WPj7SI3D2j4YKJoCNwYE+WyFsYwD05yOSNxxkGv7Cf+Dc34h+HLb42/EzSrnVLOwu9R8G6dFZwXEyxS3ctusaMsPmHEjZP3UB7ZySc/wAoUfhK6ub0xLItna2du08hl2hxgEmIkchh0y3cnquAftz9lHVfHfw8k0r4ufC7Xrux1/w1q8M8kVvI6SutlKHEcmxlMkEqqVaNgVbkqpOMejWcMTChiPeXLJVE9Xe3LKOt7P4tWlp0umz6rAYbCYzEwoY6p7GE7RjWs2oVVaUW01rFSetmmovQ/s6/4OFE8/8AZX+HEmwEx+PLRcg8K7I53A8Y3Aggc4GMDnNfiD/wRWaJf+CgPwwiJUu2j6k6sRhmO07gT0PBzkZ3HHrX0Z+3H/wUH8Jftp/sHeANFvwdG+MHgvxlpf8AwmOgSlQblYIfKbWNPHDPazsu51AyjHaQM181f8EbWEP/AAUM+Ek+5Cr2GqQqpwrE+XkADA59Bxgdxmv7E4VzejD6O2dUU6dSo62PoyhGalOk5yg488Vdx0d4t2uurvp+b8eZY8BmeBpzcYp1KTjVTTU1GqrWb6yik01Z2fdH9oP7V6pN8FfH1u4DCfQdagHHJY28j/Kf9nYcKe+QT3H+dTpFxPcfHT4lPHdy2wlknxLCxV0eK7lRjuyDkFOCSSccd6/0SP2rLvyPhH4tPVDpmthlGR0sbnkHJz2IIxjnJ4Nf5y/hi7R/jD8QJUDM73mqbi3LAC+nx82BkE8kZ4xjvkfwrj8HSzLPqNGvTjUo1KHsq0ZJSjKM3dppp6STu108j89xDqYbjrL8Xh5TjXo5cpQqQVpQkq8WuWS+foup03jj4iPd+IrTw/4oKtcW0KwadrM7Nme3GFiWRzg7lwRuz1HXsacNxPb7wzhlYAxumTvAwVdG/wBofgecFuan+IfgyDxnp5MKiHV7NDJYTA48xgCfLYAdGOMYPynHsK8A8MeO7rQNRl8M+LzJF5Lm2guZSVa0cPhCT/FGcZVscqeTg4r7XL+HMDk2Ejh8DQjhsOm2qUFaMXJpytG1kpNt2SSvtq9P3mOa1s7pQr4mq54tQhGrzt3lyxSur3bdl1atrffT6Nt7ucxh3csDtVlc5ZQx64yVJGMMOcEgDpzMXjuYz3kH3WABL44I5Hp3PIPOOAK5xJonSOWC48yFwWjkX5o5RgkfNkjB5PXvnLZAqzFdupRAAGRtxZDnaDySQM8Y+mD97sa3VGLctdrX89lfS2ttH2euuxhZp2k3ZPb7m1e93961v0aNFreQM0ofJI2uhJDoMZGTu2jPfPQgE5x8tlI5GMfmIQX+XsCD2YMQOCRjOOfwpN8c6AhlEiDdk5BlyoHIbqOxz0PGOBSi5eNQZPLIB2sCQGjGDlwRzhRyPQ55qppU4czXw2s3daK1rvyjZ/j3ZPL7y1drpJPTRtK3o+uu/Wx4f4y+O/hnwLq+oabrdrcJd2IHku4zHc7+MEHBKYIGe5JG4dRb8IfEnwj8RbFprO5NlqUEwZ7MsPNijZiEYkD95Gy7WAz8uQDwMV8u/tF6j4G1rWLvUW1BbvUbNXsJLRWBfcB8r/K21irgZDZ75VsV8y+Dtf8AEnhPWoPEOh3QuIrIB7m0hKFHt1bAjnQ/fYrwQd2AO/BHws+IKuGx1WPtISoxlay5UmtNOe6Tdre7dNJXN4VORrRNWeujdna/XXVadra7H636nc6Xpmn3F5d3CG3tjlruKVSqsqlthJOFJ24K4xyc9sef6T8U/AeqX0djb6zFHeSxu7RXLhVKxcHHmY5PJU9zyDlq+a/D3jm21lr2fxFq1vDo3iy0umbTJriRf7MvVjbbKF4VcvwuOCcYz0Hy9qWiapaTNqdnfJcKb2W3hvLdmcx2pkKh5c/MuAOOpOB6c1iuJqrcZYZ0+Xl1u7WlFpOze766p6P0NXWp30V2u7s0tL67OyeitfXqfovP8RNA1bWn0rS7c63Ym2mXUJVZSbORW2lgpxmMfM2cAn5cHqK8h8e+GvhnoPiTTtUurKy1y+vGgt3FqY4hFBOqMxdFOTNEPlLHAyByORXxp/a3jPwfqDT6XfTtHJsMl3CDtlik5ZZQuTgNnk4JHA9aZr/xIkntVe5hkm1ZLpSbxCQMgAKyqSCqpgcgcnr2FeJiM8zOuounFTScbclurWmibsmmkm9b6OyYvbxSvyra1nG9rWfupXb1Sa5krNu2h+o2o/A34V/FHwwuu6c0MU9lp5trBXKyvBcWsRcLKgBcAsm0F/TOfT84ZfGfib4U+MbuPw7eT2VpHcSWuo2mHFjdNA5UhkYgAOFOCfmHbB5rY+Hvx81rwBNczXU81xaX8IS4tRMRuV/mLxRKQA5JIyODz2zXjvxL+IaeI9UOrWcBSK6uHe4gkjUKFZsL5m3OHIJGcEkn2qZYytipUfaU5Uq+kalnyrRwV9GtZdtNF1TMa2JpKzhzQlFpSsrNt8vRa2tZ9rW2PRvEPjbw34quJvFEky22pXcMiXWmqFSESLnDwsuBuc53K3PXHNeS397p2qNK9iRbzRwI7WLk+Srp96YgDb8wH3eDz2YsK4We7uL6N4NLtDCoZZZcgfKDjDR9yvU4UYA9Rk1zOt3eoWU2+d5Le4bYgWNSA6bRliVwORwQDwCcDOa6qGDlKo+aTbeji0029E1fm3auntdLZ9eWVWU3eS9b6N3cbtNtO+2r9Fys+59A+G/g74heHdEJmeDXLmwkQX1jDNJZWs0PAS9jQfITt4bGMnPOePEvEnhK88Ha82m6v80KpiGYRSrHdxLkK8cjDbwoU8EDgngcV578P/jV4y+GJebQL0yrdPi4tJwssDrIAG+8GKNgnGMHOM84Nbnif44674tSGTWPs87wl44YXjiX7NDMcsFdRuYqWIUZwB0HTHbXwdPlS9mm0o3k9E3aPVWb2evnsXzw5UmrtON1re/uq11bmdr3SuaQvbzMEunOksUsiWkcUZ/eFgxwcDkuowFyoIOckda6pfHvjrwHf3Gnw6jqOlLf2myeIRsiSLKmfnAyHY44ftxggivK/DOp6RaX0WpzXfmxW0y3H2MHykcHJAVzjDqwGCuOVwD8tfY/w48WfDzxZbyf8JZb2KXzyJGF1aaMyG2yFieGUkHj5eBwoGCRjNceGwLbUFFwfNFJ80uXZ3s4tS5XdddXF2etgpvW/NZNLROUkrJ3V4vSMtNH1T0fT5Vh1zxLpuu2GrypqNq8l5DcvLcRyMbqIS83CuQSVZSckEjAwGwNq/o9deMm/wCES03xRBplzqVjJb2/mSWakOXCL5u5FOcAhiWK9DxjpWrfeGvh9cJp8b/2DexPAloLUTQMYIOCro/VRt987cnNem6Vpfg7RLIaDpepabLbNCDb2C3UMmxGH7xFVmZABkjkhl55U4Fe/hcvxFB2g0rpapbbWunK2uv5WOijOEH709G16rVWaXRaeVrK7R5H4O8UeHvHUt2dPtpIL20UebYyHEqg5y+S2MZ6g7uRzzk1f1PwxMZmaNyYihyDk7STkK2M4JzgHJGCTu4xXZ6T4H8L+GNTu9V0KH7PNfgrcYy6yMclkUfNsAySCpAHUdRV66t8sWDNGzYHlZ4XPTgc5IJPTBBOByTX0GDp1owftVNau7vaVrq2rVtdV0fVXvp1TnGcJRjror6r+ZWs7NNrRb6XvfS78GvtA3v5Uke0hMlQcbsHG7aMscgDJw2c8ZIrlNS8KyEMsAeNCqgEYK5GcnGMAH/x3OCeRj6KuNBaV0MkW1ioJmwDgggDjPQ8EjqR7c1lTeGpUL7pSY93G5eo7nCluM8BVPOecHAr1XOShFXfKrXd7aKy62Vn+K6dub6vUa9yLautUmktmna+zv0336o+bn8Nyrt/dJJIB8wVeOoGeB8vJzng8/eLdM9/CNxIwCCRY3B3ZAxkggjqCB1AOPfPr9Iy+GCpDhPLl3YTjCupPVsbeDnPXq3IPQQt4YuUYywwiTawA2sxUtgZGcAZI57Z4wOgHO8RFO93bR2Ttulo3q7aLpuvNW66OBlypyfLs7Xe+i1sna+lu611PnAeEwrAG1QOSF2+U21iCBk8YOOScA4wcZ4FWovhrHfyBFtR5szKh2owCuePm4AAyQSAOBkcjNfR0GgXRcPJYo5yAFGAyHJHIIBUZHXHQ8dRj37wL4BtjNa3F1FGHbD+Q8YOVIBzkL8xHqMkgdsEDnqY/lpOMKkbrorau0VqtE9lZt+i6q5YJcy0dm4q6Vnd8ru7232u1vpZNK3i3wW/ZebVtct01iEW+lTKqzyogkGwkOSA2SNyn5gOMcc9K+sPF3x68Ffsp37+EfCPgOxu7q3ksnuL2VVgt9SgHlpPDIjIDK7jIcAFfmGMEEV9P+CfA0NubGaykcBmSU7FwiuVDbeoG0jsMFThQOx8T/bT/Z2u/il4Et9S0vT7fTvFGhTPdW14G2Pqdugz5DFMEsSBtLHA3DGa/JOL8PDNn7LGybodYJuMXe1m5Rtaza33SWqV7/X5VDE4GhOplzaxKV4NaN2UW0nZ302Wl7ep+an7VvxA8G/Ffxc/xE0Pw9a+Eru8trWWbw/alWtRdKAs0/lqNg3tlhgKw3Dp1r6A/ZD/AG4vid8HvCes/D2fxtbWvh7VrC5/sRtRtlu10K5ZGMcVlkO0XmvtB2kEE5GcDH50+PPAnxD8HS2tt4w0vUbD7UjLFJJbu6uE4ASQZDIwAPJ4JPJ6V5nHqV1piqyyMxfcqIxO5SDgEKT8pUZxjbjuMnj4LMOB8szjKP7KrRp4rDcylTjNKUo2lFqUXvfrdvXaV1oeYuJc/wAozSeYwnWw+JfuzlrHmUrJ81mrrVtPmtFK5/V1+xZ/wUlvtb1m+8MfF7WtG0q48PaTc3mn69ehlh15YsukLhFUJI6hREWJPIAAyQfh74m/tp3PxH/bP0/4l+FtT1nwfpOn65Z2GsX9i5aO307T5fLuJrRHIPlXlujswIAYMcHqD+Hml+M9VXULOb7TcpdpJHtRJnSOTy3BVHAYAowwG6qQcDvn9trP9qj9mpP2INQ0HUvhjo7ftCX1wlnqGtJp0UC3FpA6pbXlvexRi4hnigHlyLGwWXOWJO4V+SYjwbyLJMZjMVh8BRlLMKEsN7OMEqdOVblpzmo2l70o30fuqSu2j7zAeKea5jh6VDG490/qbVe8nJOry6qLfMrPSzu9b9dGft98V/8Agph4O+Gng7wz418L3ukfEzwLeXdhpmr6pbXsMGtaRM0CtKJLB33tKCrb3RAm4AcEHHzh/wAE7vj9a/Hz9tz46eNvBNm0PhnxPoFu5E77bxXt1CASA4M2SfvRhhnGeev8rur+LdqXj2moXT291crdPpDSyCyjaTnYsO4xnaSArKCp4OTzX6J/8E+/APxa1jUtW8b/AAo+J0vw28SWjYsWulnt9F1OSRGc6fdXuEh3FsCOORwdxGQ3Svlcd4FZFk/DOc/VqksPisww7w8sVNSkoQqVaVRRaTf2oRSkkrbpdT67hvxezjNs5wmF9l7TD05Kbowd2+SNm76aSu5Jb+raT/t4t4bzzixhEaRSsJVJJXJYgEggjuT2G4/LznO7DG4n4CuWALLswqrtPYdgxxgf3hkYHH4IeG/+CgP7W37PM0GlftG/Ci68U+F0CI/i/QY/taTWy8C6M1r5kQEijzMzMCT1zhiP0P8AgF+318Bfjc8NvoviZdM1i4dVOj6xNDaToz5IWMuyqzRnKkA5U54JIr+RM88F82yn2mJpxjjqEZ8znh5RrXjeL5ny6xVnrzJNP1P6GwvFOGxyjTlKeHqNL93V9ySdlez0UldW3321uffkotraykuJJmjkWKRS+48fKAAQeOpwvBOcrzmvgP8Aail+Ini/4J/E3w14ISCTUE027YWKcXGpWUCmSSFI0xtd1jOx48Nk8YOCPs/WNSsrnS5pYboOZbctHtYumJOEkRgdrZLZ3AnGRjvXgOnf2haXrzL5FzczXMsBjYBpLiKQt+7fcDuXnYBxnJ6LnHwzwtfJcywWIqQl7PDVqU54eom4T9nKLkpQbtdrRu3VWelz6TL8HDF4LGx9olVq03GFSLTak4qKmt1dc3T3XZps/nu/ZP8A+Conjv4WeJ9L+D3xDh1PR/DWk6xFamfVjO1zoNsszQ3Ef74BwsbfMrMQSvfoTzn/AAWS+DGhTaBov7Umg67D4us/Gxjiv40RAIraYI9hqELqo3vLlkl6tGyEgqCuPMP+CxXwpHgP4y2Pj/w9bjRD4sthb6pZ2doI7aG5icPJK6oAu5ydwkXnI4PJNfnZ4z/ab+Ifxf8AhVoH7O+v3Vzr9tobE+EpYpfJBmZVWKyucsokjzhURzlDwAD1/ujgPhDA4/MOGvEHhSMMuw2Liv7cwKlL2bhJJVpRT95SUk20t9HZ8p/L3FnFMsFSz7g/iJfW69K/9l4rki5+1bTpqotd4uLu1fQ+nf8Agnh/wVO+LH7M9za+B4zaa78MEvlu/wCydTKtBaRyFEmlGTkJGQGKkcYBPUEbH/BSPxqf2oPEUXxks7DT9S0uOVUGv6BM00OnxSoHTS5bfJP7p87iq4BPJGK/IrxP8Gvin8NYpLrxL4a1fwxFJaxzA3UEyWlzHcFgqW95s+zt5gw20SFiOnGa/aX/AIJNftRfBXwxbat8Ffjv4b8JX3gjVbK9uLfUvEsEMrJrd1H5QtnlkDSRhjgRyZBQkEBeM/pHFfCWUcN5nLxK4bwcsbmFB3xuFwVRyjiqNRRjiasYRlJe25VefL8ST5lda/GZFn2ZZ1go8EZzVhg8LiVH6tiMTT5OR02pUqak1C9O7lq9m1tc/BLXLqS31QNbRmNY3fY+HSN9pKFo2wCpIUhgBwcjB5qiut6peXAUzXNz9ldZI4pGzG/8RRck/LzgY75BGeK/aD/grD+zT8C/hI/hXx78Ebqyi0jxvDLcz+E7S6jvjpJunZ0u7WaGRyIZmPyA4CoQOpyPzg/ZGbwPB8ZPCvh7xv4fg8R2/iaZtBfSb6UwoL3UCsFlcRyMdqSJI4aN2wMkZYjgfqnD3FeCz7hN8TUcFWVOnh6tWphasY/WKbw6Sq0nrq48rlpuveu0fB5nwriss4j/ALBrYik6ksRSgsRGfNS/fcns5b7vmTVmno9U9+Ng+LPjux0ybSdG1TVtEsp0We402zkmhsrieDBEkWxgiMCMs6nPuQK++f2Pv29tY+DpZfF/htPiHpOoXlubjT/EEgu7ezu7SRWEto0+/wAuUgZDZ528nacn6f8A2rf2N/2ePhF8Mdf0DWNfn8F/HTR3t9e8N6BdyL5fiPQdR/fiwD7iu2CJ08uWPeGHGR1rw79mP/glT8afjzpb69o6b/C+uaHNrehPpsyeQ19Bub+zbmdmBhuXdSAqMG5AwARXwOP4g8OuIOHcVjs9w0MtwlbEPDvEYij9Xq16klC0sNiIJOommrTjOycZRvdNH6Bl+RcaZHnVDBZTjHja9KnGrKnRqqdKEE0nGrTlJxguaKveN+25+rHjH/grD8LvGvwc8R694Zh8K+Cfijo+nXNpcWsljFBqGowSwNFb2SFVVZ4IVIDh25UZyeK/nU8K/tr+PvhX4u8ReIfBV0+j69rWq6hdaxdaeUW11aw1NX+2WVxEp8uSPMjEKFIx8q/xZ+1/iJ/wSu8Sab8KvFHjDR9dEHxJ8H3xsvG3wx8SSrbalZwJK0SX1hceYftUUiqHUknKkcg4NfkH44+HtxolvcafNNF/aNjPJBcgNi4tXU42uBy6KR8rc5HQnHHf4U8J+Hap5p/YdaWZUMXVpQxEMZebhGmlyQXMrSppu8J6qSSafbk4/wCKeM1XwSzSKwNTDKUoSw6aUnNqMm3F6SdlzJJWe61PMPix4ul8aeJdT1xRIsOoX13fTRHAK3N2zzTsAOB87MQBheQOrCvI7S8mjuYTESgEqgF8H51ZQvAJJySQRyM889K6LW7C801xDJhGDklxl1kHX7xGORwSSDyPlHQ07GK38+ze5QKz3UaFgrfIrMAHK8kAA5UHjpg5ya/qLAUaGHw9KhQUVShCNOml8MYpRil2UbK2u3d9PxmtiJ4ipUrVZ81STcpzlq220276pa9u19ev3r4L0r4gaD8O7a6u9AF9pesskttcOI/Ms5W+ZHDquVUkqckjpz3FfOXxE0y/lv3kid0vTNsvIdx8sSHkGPadrbgeccHOc9Qf1S+HXhQXXwf8PyvqX9o6MNPeLbMzLIZmiG3aTlcoxCIOrBcDnFfCOu6Ell8QZILyVJdKS53yeaCzRgsNrPkk8cZPHYdOK78yy+VKnhp01zc6jK8rcuqj2s7O/wB620s+GnUjOTXM1ZxUV1Tur77q9/k9UfKiyXVjM8VzHOYhEcwlWUIx4woxyQRgleSORjPHX6Fa2upvaR6k80enSS+T5h3EwPIVG9gOAFJGARnbnjggfZFh4K+GHjgaloOpajbadfxbri01bfDHu2rkQBSRkA5ycg9ORwa8+0L4WQQ+I7vRRqVu+jwYuLe6j/fW9y0ZJI3jdh3wVYdCTjOeB5/1adT2blyRu7PlSe3LfRJabat6K6afTSc46NNc13ZNv4lZ91dXSVvNNW2eroH7JGp+IdLudV0HW7LU4TbyzWzSIwRyFyIAyqP9IGSV5wSMZC4x8++IvA3iTwXPJY6rp9xaX0TO8TNbyBZY0LZYErtZcZ6cEkcA81+13whu/DOn+FbbSNOk09/OhjZlgkEj286jy5S6Bjli2GPGAMgZ6t1ev+B/DHiYqus6Zp+oPErIjzQoG8ph83zbc7gBnoGJww5Iz9zS4Jo5hgqdfB4mEazgnJP3k3o2r62bvs9LKzWxyPH8kuWUOZKyVtGvh1d99Lta6Pbc/CTwxqotHNzEu+7Ck/Z51UIMbW3APwGwPXfjqa+//hxb/CD496Pp/hTVopNL8TWtshnkMyLMHTOHtJGI3hsEtExIDdsZxP8AEL9i+W+vZtV8H6jb+U1y8sOm5EaRxtlmRWXl9gOADgHkknpUXwx/Zq8UeE9dXVWihl1OwniubSaGVoREoO54pVBCshywAJ6YAHNeDhuHsxwOLdOvhpVqKmoTfLeDjeN2nq1ps9EtNr3On2sJKLhNRb1X2W3eLWi5lZqLv063Sevb2/7Flh4d1RLnRNWtdWgF5DcWk18WW5tUDgkEqACeQMEjkjIIr9APC+iQeGNGtLaFk8+GMLcuVRUkdkAcjGQSdowfvHnucDJ0lnW2h+2xoLhoohOAMhZdoDMjAkjkE9AB83ritd33qMF2hC4GW3AuuSvBznHOAOegGCpx9pQyXD4N+0pU/Z88I8yelm7J32utWu+myszWE/8An5y91qlorWbSd073Vrvt5r87P2lIlk/aC+GVyMIWvbPIjVeFDtnOR054YZODjmvLf25dPsRpml3cFnBbzl5y8qbRLcHbEVZsKN2DypPfOM4yfSf2mXx8Z/hdIgYEX8ILAgFtrqBgk8gA4HX+LkDFeeftvRiXSNJlcCOLy5Y1RSOZNkfU9eTwAAecgnkA/F53QhHGyknflnHzSb5dd7t2eui33d2exgKtsNXWuq1votot7q3Vefytfw74WRIlhpjFWZ3s4SNxIyzjkE53Y9AGB9B8uK+oLOyR0RpUOVVMDBxtOck8YPoeQRnJGRivmf4Sqs1jpTKjkLbRKMnB4JB29wR644HQAV9XWhCW8boGwqhWZsEZ5zjBJPJ5PA4zjvXz+KoRmrqOrS6LVXTvb00e+l730Rrg6kIptaJSTWqWi5XZdVq7LVXVm09E7WnaNDq11a2SvHZPdXtvZi7kx5dv50yRLLIDnbGgO5+CTgkV7R/wUX/4J5X37Mvgj4S/Es/Evw18RbPxxojzm18NXEd5d6Rcy2iXbC6jgeUpBGsioWYbldWDEAsK8YjMahHUOhDgthuGYnIHGcjIBPp1OMZPj3xk8YeNm1HQdKHiPWbvTLuznt0sb29nu7aGIrtZIIZ3eO3QjjCBGIPygrXzeKyzG/XsFicNWhTpU5S9vRlDm9rFqKsndcklbfXRfI9/CY/BrCYuliaLqznFOlUi7ckrpp2uteZp38+ttPmj4d6SLlmieJ0JeQsXQbSFbK9QqjI27uAeMn5sKPpnTNKubFEe1ubi0uAoEbwkxnBxgB15+7zyF54PHFcF4HtYUupGKog81t6hV3bwCp3Ac4yDg89eOOa97trNJliiCMoKYJGPmHVSD22nkgY6fLgjFd+cYZVKcHKKkpRTlFq62V7+V/Xa+lrHl5XiZRlP2cnFxk2rXUkrq3R3tZ+rdttTg9esdWvY8ajfXF3KsSkSXMhZlC/dCNk9ABnGNxAzxzXlSalrOkSTNbz4CO+DMVdRjooBycHuRngjr2+lb/TUktLhZNwYptU9SVHHygkEBsHpzj+E8geG6/pItxcZClAu5QQCOSed3B9jwCW69a8PD4Omk4xbhFvVR000S6re26Xz6v1K2OrqacpKdmtW9W/dum3bb0t+LRZeNZryxuLLUr2HTnEOWcKHjkBJwGR8gc4wBnGevAx3HwRvfgXr02o6F8SLSK7nkuJR9oaERJMvzbZI54QJI3DLnG4KcHJJya+WtYd01SaAFSr26MImP7vgjqN3oSwGOOPoaHwuuGXXNYjkVZI/NYKZBnyi7kEIADkHJAIxx2Oct9NhcFUhQbjWlrGLj7zcumis0ltqtVrazPOnmi+sQbpU5cr5W5WvJKz3VlfrazV3rufr1pn7H/wf8daLLP4A8VSabcuMwWkl9FLFjClFwzltoBVtp+YDOMECvFPHv/BPf4uaQrXfh9rXxFBIzSKbcbJtuDkDOAcgcEemelYPgq21O3jjfRdSv7R1VGBt7hoQJBggKFKgIQM5HVR0xX1x4R+NHxd8MQWzRa/PqUNsFC2d8guAVTChS7g/Lng5zkYxgkk8FXH43CSXJLn5bK0762ae+ltF6320Z9DQeAxlOMa0HBtL3oNLrHRK+iV7pWu3toflv4q+B3xZ8HSyw6r4S1uEpuR5I7OaWNYw2ATJGhGBjgg54zgnGPNrhb+xxHcwXdu0KBZVnheIEnBGQUXHT5hgZwMnpX9BOk/tTNcRiLxv4HsdQjmU+dcQQxSAZBVwEdQDk5OM4/vAYJqpqI/ZL+KCi31fSbDQ729Rg4urNLVUlYZJMsKHcFJI646kY213U+KpQjTjXouS0U3Tlezur+7/AMF2vfexz1OG6ddSeGxKTbfKqttmkrN7eTa1tv5fz6XGouImXcQjxsQXyByRnbu4zwMHjkc54rIt9ZaKRzJl44dodd3DBfqMgZ6HoeMdif2j8a/sGfCjxXY3Fz4I8V28aiRvLkt7mGWFd+SqNH5hkUBu5xkDpjNfGnjX/gnZ8XNAinuvDl3puvwMXkhWKY+YyDnayn5AQOD09e+a9zD59l9aEZKryylZ8tRpWTate9r7d3a+qb1PCxHD+Y4ZrlpurFWtKD500lHprqvJu7fU+SI9ds/Kjj4QSIwdZCCAGB5UkkZ6DLDgk4yeaxzPb3BRYZCpXJEg+RW5AwSDnv39iRiuk8W/Ab4w+CkZdb8HauIlyrS21q9xGpHUh41PHB649D615Ay6tYedHPBdQNb5BiuImjcHjK/NjHJ46nC9zXY69KvTTg4zTu4tNO9+WyX83yu29/Lx5rE0p/v4ThytK8lJW+BP52u2t79N0fbXgjw/bPoNvdPIyN5JaS6glcGNnAC7CuDuGeuW2nAI5JF2z+JPjjwZr0NvoPi7VESOQmKJ7uWWBliHC7GdlBGSDnPTH3hur5q8MfF3U9G05NOmExtAHUZVdqtjAG7oVJ98nHOTyDw34xk1bxlbG4BdZp5G5YbRG2cbgSFXGOPYZ55rxvq8Pa1PaRg0900nZLkabTW99e+h7bzOMaFL2c5wklFXg5Jyfu3drX6u1r3S2dz3HVvGXw+8ApJa2cVrPdxKNsNmqEbgMjMi/MxJzwcDuARknxbxT8ctc1C3MGmOLG3+ZUji4kwwG0Fh1OPvbmGTnPcV5TPZBGWa6nEkjkeYGIYgHoexye+ORjJb0wL5be3UvyCXzGjgkYzjOOCemRk8j3GT631K1pO83pZS26O/Xp1t2PmKmKfwq0U9lps7eW66u9+rGarrF/eSm5up5ZJJSXkZyXwTz8pJwOD1OMZOMFeMBpQ4AUscAsRjCkHg5PXn05PJwcnFVrieR5GLN8pzhc4GCeQOeOc5zg59MAURCUo7DAQpwTwcjPfqCpPAxx+OD2UaEXpa2i2WrXlvvp3vymervdt6W953tst9Lfj22JJEQhU5JZDtZTnGf4mGR3JHHO0DOOppm1yv7uRmZDkleo4B9xtyeo5U84zzT188MyqpweGLcjPUkNwRgcBh90dO9aGnaZqWpTx2un29zeXU7qkcFrDJI5ZyAg+QEcnAGcgdR0rpVGT0j710layetktNN/d1bte2vknNwVrpaej1s9b7teXTTcyxE2E2l5G53dyoHfr02jvknnrV2C1lupY4oYppZpWVVSKNnZyQBtTAJ54ABGBkhR2r7I+Gf7HPj7xgqXviGOPwzpLrG5kuWIu3Q4OEjb5lO3JAbgHAOMYr7y8C/s//AAs+FdrbTzWdvqt/EEZr/UI0nkaXHBhhOQDweCRyOOAcelhcpxeIslTcYuytJNvXl1ste29tt2cNfMcNQTU5w0tqu/u/JPbu7K+up+aHw6/Zf+Jvj2eGa30WXS9MdkBv9RV4FwcEuiybX4U5GAc9OvT9BfAn7H/wt+HcVrrvjvVP7avIk8yS0eTbbeb2UJndIOQCuMcAjJJr6RfxReXNsLbR7KGyteViuZo0i2D5gGijAAGAeMEnoWyOvEanoQ1OXzby7l1CbjLyOzQxkvjPlkkcY6gYx7V9jgOGKUIKpUu5R1fNbmeqtZW63v1+SPk8x4mUZOjRabd7OOrTXLa9tG30Wrs9HoyCb4lWOjMuhfDvw1Bp+nBlie/+zrbwqAQDgqq7wowSSQGOTzwK9C0R7bWFi1DWLya/uFTKwFnS3EikkjZwrLwQCR07nNcY2naTYWqJdypKUyqRgLhSc/MAvGM888nPPPB5rVfGNtoSxw2Tu5BIVshI07lCchTt+YEDr3PPH0mHpYXDPSEbrlTulpblvbrt0T67I+RxOIxeLuvaSje7UVbmezs9U09bWXdaHoPxHktU0YzQog8r51toFCkYUEjcMjP0wRg468eOaF48tY91lfyiAQRMY1LMS4PI7nawPHAJxgAdMR3njN9R02SMEskyOJpHckJnJ2oW4+8eAOmQx2g5Py14j8U+GvD11LfahqSgoSy2wkV5gcgjdgsTuI6cDJ9TxrjMzoYeHNzwUWotqVldWXSy0vdWsteys3jgssxOKmouFSblyydk272V9Ulvs9ul0fTt746EszCxiHDBczP80jngcMxO0DIyBjcoBBPXzTxf410uzimudc1eBAh3LEJVDgYyFjUPluOBuHQ4wTivjvxh8fdVvTLb6BEttB9wXsgHm47bAc4GBk4PvjJwfG7W38YePdRENpBqmt3k8m1VhjllRWY4znlUQE4XJA6Me5r4zG8VvWnh05a3utvs2tdWVm/m9nufY5fwf8M8SuVSSbjFXklaO/RJ67t3vq1u/oXxX8fbSNWs/DVqZtrFftEygJzkLjjDHK85/wBnPAFeB6j4j8WeMb3ymkvr6a4f5bKyWR1LE7cFEB4BPXHHpgjH0V4W/ZYu7S1i1j4n67Z+E9LRRO9pJMjX0sY+YqYw27cw4wvO4jPGcdfc/Fn4VfC+2k034Y+GYNW1OMGM69qEav8AvACPMRnDEAnnGSD3r5XF5jjcbJyq1WoNtckZcu3L0Wtn16JNbI+vweWYLBRUaVKF0kua127WSTevyirvtfZ+YeDf2Z/FGq28eseMbu28IaGV8x7jUpFjuXj4J2I53FiOmQG4AwOleo2/if4I/B1Tb+D9Fj8aeJIPlOs6jGJbWOcAcxo67AFboV45Ax6+Pzax8W/jfrcdhZxaz4guZ5NkOmaXDObOLewAVxErRRqM8sf4TkDqa+7fgx/wTU8Y+IXsdU+LGrxeFdMlKTPo9sfN1NojhsSANsRnHDEsCpOSMjNY0cJWrKLhB2k1eb0jZuOt3u13VvVtG1bF0qKScktIvl2bV0paKze/kvWx8b618V/i18XdTh0OwbUbuW7KxWui6DDMI40clRGRbjAThVywABAzjFfWXwe/4J3fEHxXJa6p8TbweEdMuSkpsVJuNZnichgzAsxQupwQWBUHnByB+r/wy+CHwe+CtrHa+ENB09L+FEEmpvCl7q8zDhnFw4cxLIQchSAPlYLxuPuNqs98WVFFlEQxEr5a7bvjcR8m7PRSdpOBzxXuYTKqcbuopVpJJJe8oxbt0Vrrre69eh5VfMZO1rU4reUrXt7uyb02td7N2u9j5++FX7NXwY+CdvFDo/hqxm1YBS+s6miXuoFgMb4vMVhE7YBwoGCMYHFe8wTzXhKWkZtLZCQHYAuUXGDGgH7seygD2Ukk7ll4etnlXehLEljPLl3kKrhVJbHGTyvbPXrnpItDhhClTmQsQFRcYJPO1ccYycZxnjJOc19Fh8sdRRStCGllbl0XKtV0t0tf1srnhYjN6Sbs7z13d9E46qz07aW36bnPQ2jLGkCLIFPLsTukl/3uAMYOeTkcdOTXRaXYxqd8iZO07UwDn1+Uc5wPvAcjknnNbdrpjNImERRggBxyV/i4IGQVzxgcjk9RXYWujJHDvUK2BhjjJGOoUnvjGBx1Gcmvdw2VQp2dk9NXq9uXo3rrZ+Vr310+dxGbVarkoylK/wALvotE7a9tOt7ptXSbMu003zCpKhF2rtUjHDY5B79O3OQeeuOksNNhXr8pyRgDnbnJJIPU4z0yTnnAGLUVqqKqOxDN90Ywdg9Bngg59CQ27IwxrI1/xV4e8JWUl9rmpW+nqgIUSOPPkC5yI4gTIznb/CpOTgjtXpU8NGK2tpZq6SteL01fbVK7V+j1PIliJ1KivGTb7N2W107XavZbN3v6HWRwQIyrvwQhHmEkZAPHXnB/MZ9hWNrfiHQvDtpNd61qdtp9vECPMnlQSOFBOVQku7EEgYGfSvnLWPjT4p8WObPwDojWti2Y28RawrQRBerSW0O3c+4ElCyAN3I78zbeCorm+XVfFuqXPivUD85S4dl063cHLqlqDswrdCV5GCf7tbxik4uKu42TvfbS2m6tZO7WvVbFxoTb5qjSSs0teZrRppLbXZuyb0169Xr/AMbdX10yWvw70Wa8CsYf7c1JGhskXkB4VdVdxjOGwQTxkYrzqfwhrHiC9S/8Y6td63IzBvsMUjw6bEcZZBCmFk2/xFh2yNxzXqKfZraIRRCFI0VRHBBGqxIpAGCFGCApI5+bIAHzcU9pVRQkSF2QBgFDD5ifukAE5AwAw6gEZA6U6cpNJ903a9n8N9L9dLb6KyVtDTmp072SurK7s7/DdW6bXVnurW752laLY6WiwRxxwwKFPkwoscSnAAXKckDJ3D1HqTWw8luGLRJHmE7DIAcAZ6KdvXqDt685I5Wkj065lKswba+Xbn7rDnIXqSuBnI4JHAYYrVh0q2jwjZCOodmYEgsAM8HBXJBJzlge/wAtdEKcbfCreaetmrq+1utra6nNUxClzWb0212V99Wt30u7q92ra4pikuH+VHQsGCNtzn1bccgZ55HsD0rXitUSNAVAKhBjOWkY43cjALDnvggdc4LXpPssK/NjEaAA5O0ddrEYAwcDPHIwcA4Y4t7qFtaiOaWb7qnEajBJJIG0ADOeSCcEnd1UYroikkr2S0a6LVx66669N3fVI8+dWUlyxbk9rK11e1tHo93dXvzK3c2C0cRUyFHVSXOQAsZ5OO/fgjoT3A4GXf6hbrE0SbGdlYswUgRhjkHfgcc8N168cVwmoeJE2OGkLDdhURicZOcsw5JxjO7uSG6V57qPiW8WSQeeYoy2Dyu1UxwGZTnJ7quAPTtUVa8KaT57Nb6x2aSS2vfq3Z2vZ6M1o4GvXajFN82qbv5aWur+Tu/K/X1Sa7gGCky4Q/vFQnoeACx7k8+v/Auax7/X4YUABULHglQ2Ts3ZXJJyCT2A7EnGMnxzV/HWm6JaNNqGoRWcAVXkMk6h3wPl+UnoewOcDAHXA+VvHX7SUUMstl4XibUHdWIupc+WHHA8tQCx25wAEIZuAe9eNis4p0nyrV6cur6tbJbppp2Wyv2R9LgeHZSUZVeZJ2vK3S8ezXTv28z7I8RePbLTbZ7jU9Qt7G2XJ3yyjzIwQTtVGycZwDgYJBGf7vyj49/aSsbRhb+HM6jJhlW5lz5W7oGRAWJy2cYTHGM9q+e4tH+JHxPkae7nnjtLmQs8tyXSCJCxwIoSwzjsWHHHGK9x8F/AzRdG8m7vg2r6ggXLXPMURPUIjZXaTwBjuBjPXxZSx2NbavCDkvefN3ikklva13o/Jrp7/Jl+XpWtOokkrWu2rXV1bp5Pq29jw8af8SPipfG8uJLu306SRmZpS0UQRyeVhyAwxnaHGOnG04Ps3g/4D6FpTRX2oQPqt4hVmM+0xIeuAmSu3JPOOuSMgfN9H6foEVukSJCkapkCONAkYVeQpAHHX355ANdjbaPCsQfowUs0aDIU5744JB6DjIHGOTXfhsopx96a9pJNNObTu3y3016rVWem2p5eLzutNONL3YptWVuZ7Xd91orvpvby4nSPDlnaLGtvaxQx4G+OJBGsYQfdAHB2jJAzjnqORXaW9skToI1UKp8z5eAQBnB6cjvzge+M1ow2kKDc20KyHeCuAgCnOODx/e9QMYPek6BbiXbKVQbQoyQZFPUALnj155xjBPT0oUVCKUeWMV56va+22qTt0et90eHUqVK8lKcr9lq/J+V0rPppr6SO8byAeYsYJ2naf4yCoUcdDt5wMjuMDB8V+MfguHxDo099ax+Xqelxm5tGjA3zFBuYDByMkZHI28AZOQfWlEKyTEk7uqAggBgSDhuvJGDu44PXBqvdGG4hdizMqxnZvXdv6ggZ4IIyOB/F1yMGMTR9tSnTk1rs01o0lZtp66+9fe6aeu7wleWGrxqJu6kuaN/dtpzXjvbS3e2/c8T+D/jx9Z0Z9N1CXF5pi/Zp4nYiV1jBUHkDlSFGDg8EZ6q3qtzdq8R2NtjcMyEkgk/wjOSQOOfmyelfK+uWMnw98eQaxb7oNJ16YLOg+WNZHIDBsfKoB5zkdySCDXu4u2u7RWjk+TyxICCWLhgSpXJHy45xnuOcDDYYLFTlSlQqtqrQfs2+8VyuMrK3xJ9L3fZI7c0wkVVp4ilG1LEx548u0ZPl5oba66q+tvm3fkvQ8YQMqsqOSQc5PReoA5Prg5UdTVSC7kC7ZNx35QMckjg4ONpIXk4J56ZxxWI0ksWcKAHZVIwAVxkcbiFyeCAMdfRmAWS+8o7mcSFQ2CSRtUAZOAvJGcEnAGDmqniFB3u73Ter0+G17Ldp3/G2xnTw85pJv3VypaOz2195K3M3qvmtVY2muEVSQwyWKM7bgxzjGTyTgnhTzkknGaz5bqNU2yMCMsflzvbjAJHAxn+RHFc7NqTTA7trgKx2g4KdTuLYySSAMk4AxnAGR5z4m+JnhjwtDu1G/FxehT5VjasJZtx42gKxAGcc8KSwGQevJWzJU4pudlZOzlvtolu/LVvz109PD5ZKbXuqSte6VktV6u2v6X3v6e960cbMHXDhgF3Ku1c8MR0UAkEkEZHWvMvFPxP8OeGEdLi+N3qDLtFlbESuxHABALLgjAJ5wAwzk4Pg2s+P/GXjVZIdOhPhvRnJVZXyLy4jyQNoHzh+hwMjIHzA9H+H/AQSM398vlKCpn1bVWLzy5P3ooW3OxJJ2ABm3AA44rxq2Y1q0r0dFe3O7/3btLe77t332PaoZfTppOb5mkvd0v03eiTbumk3rf0c+ueOvG3jRxBaMdA0yXMaRwAtezIT8oAUhgzYPOCO5YZxTNM+G7wxpdajttZJCGfUNWfzbt+5Mds2WJJ+7gHOR8ucZ9j0XQotNszfW0FvptmilrjxJr21CQo+f7HbtksQFJjLgEjvgZPnviz44+A/CbNFpsZ8V61zGmo3rBoFkG75oIGLLGobIUgY7ZPby8VWp0E6uIrrZNtyVmkl8K62e1lfzuenRhN2hSp3SSbSWmtlq7WXdJ3eibjsbdhoGl2eyeKwudY8olnvtYc2WlIwHJVW2sVABO1QR271heI/iJots4s31BtamjyiaTop+yaRFywxLJHhpwp4ZWODgnjOB8/a58QvFPji8Y399JbaewJSxtz5cKhySUZUwCHI4GNuegGauaJo37wOiFkyF5U4yM/MWPzFsdcjBOTur4jNuMo0IzpYGCctI+0lfpyp8sVpbS2vntdHs4PJ3VnGeIbUU1JQjd6Wju+vV6JK9tW9D0htb1rX5BbyrHYWBJ8nTtPUQwkEjiVlyZHIPLPlupJHJr07w7oDRqkcaYBcGRNo3JnIJZlGW6kMCM5I+9k1yHhyC3tXRpGVgvyopGctwX2k8bhgnk4xnoa7a68YabYeWIWHmhChhixuJBwC+Mjt0PJFflGZZli8wqydatUqXeiu7X0uuXa1mrdL+rb+qo4Whh4JQhGCj3snstbq923tJt9LW1PR7GDTtIi8xmDkD7hADbjgljxkYxgBuADgYHFSzePbCzR4rVUkYDaioTjPRmkIwTyQevBzhuRjwxtW1bWXLBngt2OCoJywGTtJIO44Yt8xAyMYzwuxo2iyucwgu5ZtzMRnGQW45OQDzxgc85Az40sPFrmne9k+W61u15q9no2tLa9krVVRbtqns9W7Xj0ur7u1kumttDsBd6trjEyySQ2jYfaC0YIZicAdgenPBxg8Gu90rS4raOJYFZpMff6tlgchTtwMbTncRj06Yi0PTAkYScnYg3F25XJxlSOQewBBzgkAccdfDcWtiVdXjCqmNz4VVznIHPJyPl/iOMHIrnqVJKXLCFkrJWSs9Yq611afZ3s+i1WDmneyt0W62a001b79Xo32Op8KaYkb/aLgl3Zt2x+SxGBxgHoMnnqBjbXstrf6Zp1q0jvbRqoBG6QDMhXdjJOWIPf5iMHtmvkzxL8VdD8LWzvPerHKoZ2KyIBgFhhRnjJyox+AGcV8Z/Eb9q67uVubHw+0mZTIBLuJ2hVOHAJA+Y4LcZGQVyM4VLJMfmdblp05KDkvftJRV0t77bv9G+haMYudWcYKyutVf4dk+9l2a10ta36eeLf2ifCHw8tJ5dT1SFpYoWZbaGVCXfkpuwcnPTBGG75GBX5k/GT9t7xJ4nnns/DjtbWoLCLymYEKTwXIIBOMbQcgHn2r4n1zxVrnim7lvda1KeZ5SzFfNcjPJHy9O5BAGO4POTz0VojIeNxZuF6nBPUt6H34I/CvuMo4CwlBxq4mHt6t03zfCmnHp1vbRNNO+3UzqZn7FOOHSWi99q8top2TXRJau2uvmXNd8Wa94n1CS/1S8ub65mkyzySO4UnsiMTgjPPbGCcEHFaKLcjlh5jlsMWOSvUDI598kjIPJGCKv2ml4KuFOS5wo6YPG3O3J6gA8k+/NbkGlzs8awxj5sk4AyCSeuVGCeOqjrjB61+gYXKqNGKjGnGCiklottNkrJaa66qy3PHq4mrVnzObk2ruUno3aN37z3u3/TMYWTcBcKu0BgBtJBC4GeRk9cjJJxkgV1On2TTbIoYHCjCM+4HJxyAOMnJ4zwenXFdXo/hSZyhuFKR5BYuMgAgFcYGQG7YHA6kV6FZ6LBZn5IomCAE4H3cdy3I+Uc45Cng12+0pYdNJKVkle22itzO3bTt5PRmcI1Zu9na909VpaO1trJqzSV7PVrQ4nS/DClvMuSVXqqMPmIIOCQM4KgZ+YdR05rubS0tbVFjVQUUblZVxjIwAxPJyp57/AN4VuaXomq69c/YtIsri+uWG0RQRMyhs4w7qNoHqGPGc84xX1D4J/ZylKW+qeNJxCgCu2lwyBW24BImZsbeM7uTnPUd/m814iwOCj/tFaPPo4UoS992asowj7zdvl56WXt4HKMZjLKlSco3SnOV+WNratuyVrb317WsfNnh3wzrXie6ig0Owub1mkIaQI/kRjg/NKcqcEg5JOBkjGBn658C/s/6Vpfk6t42vUnkQLI2nxuBCm1d5WVyVHBB+TPzdFyT83ot14p8FeArL+zdFtbSN0O0W1iF82RlG3M8wO8ksRlugH5jwjxZ4+1rxBNIjTGx04u2YICytjJ4kIIJYn5RnPTkYxn4urmec563TwkJYHCN29tNP2kk7Xa6rvp+J7bwmW5RGE8TOONxWn7uL5oQem616u2t35an0TqPxI8JeFLZtI8M20HmoAi29oirGuwbcTSKBk9NxOc9Mkc14br/xB1zW5pXv754oSzBbK3kKxmJcgB2UgnBIBx3/AAI8rF6Q6xrhCxbfJufOMYJZxkcgAnkeh56U7y/jt0USOp3nagzubbkkNkjjJA4yOSB1AFduW8P4XCSVWqvrGIbUnWratN8rvHmbSlrdJa67pb+Xi83xmLbhGSoUNo06S5Vy2SV9U3pvvvrqdhHqeE+XEfmuHWNThy2WJGepXpz1PqKp3OuW9vI8LFt7kh8ljsA3KVxkZ3HjGT14rzu41e/cp5aFY1c7DuIIQd9wzjDd+CBk9+VjVptk25ZJCFYcZYyN1RiRyeMgjscAkV714rqtkrRV07cq6apLX7726LzdbK2jTvum3st+nK09/wADrL7xC1wqRwgpCqjcFyDkkD5iemTgnbhR7GuJ1Ke8uH/cBiWd1yvJGOMIMYIJ4z1z3Fb1pplxLKEYMvmsFbaDgDPovrgjaOCACPU97Z+GY4I0umQSiJmJ4O8McDjBOCT0249eMiuWvj6WHjzSlF7JK6391db6rq0vyNaeHq1mkk+V21s7W0u3t12v36M800vw9e3RT7Ujo7qNgYF32YJKhME5PbAP4E16No/hJFUb024I3Blz5aqOGJOfn64xgDGepO30HStNWF4Z5oYwJIiqyOTmNVJxtyASw74GTnHYtVnUJorOKSWPbbW7YJnnJDPnvFEPmY5+7lcdMHnn47MeIataUoUbJaxVtHZWVu7/AB87ao9vD5bCDhKo42tfVLTVXXTz2t632z99npEcKCMM7kKBzvkA5ACgZAOTyQe+SATWdrHjc2KosGReBSI1UDyrZdoJLMeC+F7Hqfl7CuL1vX/KVhak5eM/6VOx80qB83lqSfLBz8u3Bxx1FeaXuqO8MhkclSCS7MQ7Fs8nOSTg4HXBAxknNeLRwrxM1VrXlzNOzu7X5bXaeiVr21v30uddau6SkqbUUlumtdttVa/bZ6Ja6niXxn1ZtU19bi6me4bbMrO7EZJU/u0G4AKvPTHGeMmvGvCmxr/SsuQwumONxwB5p+bcRjI78cc8YFdb8S78S6hCFwIw8igMMtuKAdT3xjkbRjGODzxfhqM/2lYAMSyTtuUHaeSDg/McEd2HQ+oBx+oYSPs8rowStFU7JbbKDVkrrtptrvorfIK08bObfvOabvfvDTWyu7dNXrdOx9rWuqwJBYxPMUREUblOQ7AAnJ9BwM4wc5Fc7r3iQu4eOYpE77XO8BfLGecggsSeo7dm9fOb/XjGIrKHdcTMfKtbG3VpJ5JCBiMJGSxYtgYQMfQEjj3rwH+zL4u8T2Nt4x+Kmow/DrwJCvngajL5Gp6jCF3+Xa27lT86j7zKGG/IDcCvHweWVqs5SSsua7u9ErLdvr5vW66XPpauPcYqENdEla+65dd9fz6X1bPAobnxJ4y1Y+HfB2j3uu6hLL5fl2cDyxxs+FDM6qyRopxyzYPO4Dofpzw3+z34B+GVlD4y/aQ8UwveQxrdWPgLTrgNcSSKBIkN4UJKgn5SnTkBgOKd4q/aN8A/CLSbnwl8AfD1taXDK1rd+LbmGOXULqQAo0kczqXAZgWXHA9gMD4P8U+L9f8AGOo3Oqa5qV3qmoykvLLdzO6ozdSqliAO2ANoPXnBr36dPDYay5VWqR5e3Ktku99dfd37XPGqV7yk5LmlsndaN26a9lsnLTdWPsr4m/tlazd6TJ4T+EekWvgDwlGptkFhEsF3PCo2K7yqFcuwGWYtk555r4d1TWLzULqbUNav7q5mlcPJLcTtJLNKxJLFyxO0knCk45PHORiyXm2IIGM84BCxpyiHP388gcgccfxc883NJ8K+IPFl5b2tjZXF7d3EgRLe0iaRlLHCgouSXORjI4GMdK6U6tflc/djpZbK1tmun3tJ2s7M4Z173SbnK11FapW5d1Zt3b3s153Vxk2sSMVjsEw7HLeXkAKOF3OfmJB+ZvQ5BODg9l4M+G3i74g6tbafoek32qXVzKgItoJZSC3BHmbTsU5POVxkEcg5/QL4IfsBXbabbeLfi3qdv4M8OBUubgajIIrya3wr+VDExB3OueRk5IwB1r6T1P4yfC74OadceGfgf4csbKS3RoLrxpqkUZlkaNSGkti67n34yrqd33RkAg10Rw0aTi5WSsr2acntpfW22y1dhwpVJLnqvkp6S5W/euuV2vZtt721d7a6HkPw2/Y48G/C/TY/GHxz1m10xFQTW/hqGVX1S7IAdY2XcXQsT8wx1OPr1vjn9qMaRozeDvhtp8HgjwlBGbaNbGNRq2oqvygl4wJFMw6kEZycelfPHiDxX4s+JF9Pqkuo3F6octd+ItcleOwgUjpaxSEKyryU8sHHGBjp57e+JfD/AIal36PD/wAJDrTLJHLreoJutYZADuaztWGGVTgozKMD5uucdEKFWpK0U4Rundr3rWV31aVu9/RWM6+YUcHBxo8kW7Xatzu/Lf0s17t0+u121fvrrXdbhu9T8QaiPD2kXLvI9xdSO+p3+7JZUVyZSX3YORjcw5wRXAzeIrS0iuNM8OwGytxuEmqT4fUL0bsFlf70KuMsApBI+Y5PTlp9Y1XxBqlxNqF1NebMSHzWOxFLZCxRn5Y0Ax93qDgYzimlFlnl2oo2kbljYqCiggYJxxxyNqnOMZAr38Lg6VKNkozno3zK/by1u/w2XU+JzDNcViJWT5INvVt3lJWu79X+Hy0Gu1xKrMxM00z7naUtJK4OeSzZ6hucttH50r2EqzxyOGYSBFKDG1cg4zjI44IPfnuSa6LT7TzjFJgAyRncoUkhFxhcEk8lT6nnA6YOhfBSFhto4xICpYj+FcEElv4cHHJPfoCMnvp81+Vp+vS2l+uqV7O1rem3mLDU5QVapJXlyvXVNWTTTta2+nm7tvUhsdPh8l1kLABmIk28M5P3cDcFXOQR24HHFV5Li3s5JFUeYyggCPs7Y/hwBk9sYzwDx0swRTyItnbmWe4LHcIwSByMEEDqp5zgDvk8GvpP4Hfsr/Ef4y69p+leGPDmoave3c8ccccNtJIke9x+9uJQm1EAOQzEADnO2vaynIcxzWvGnhKFWs5NN2jaEYu3vVJtKMIxS96Umklq9D5Linj7h3hPCTq5jjqGG5I6QclKrVaSSjTpx5pSm2koxim3pZX3+dNP0fVNb2RW0MkUcjquQjF3/wBrgZLtkgY654zzX6I/su/8E7/i18d9T09tH8K6kumvNEDq19bvDZwxsw3yqZFCyOEOSo+bnAPZv3s/ZG/4I6+CfhppVn8Qf2hb3Td1nHHfzaZdzxwWFiFQO63U0jKhZcYCJvJzjuK9y+PP/BSL4H/s4aBd+AP2dtC0fVdYsLd7Qa1DbW8OiadJGDGZIgFHnypgMHJwWGc4OK/Wsi4Sy7BztUoLOsdTS56dOo6OVYKUXG7xWKSSrOL3p0nrqk5H8o8ceLXEufw5MFVfCOR1/dpYmvTVfiDNINpf8J2WXvQVROyr4hJK6k421bfgZ+wh+zR+xF4WT4h/GrWNBl160thcmfVzAxSVF3Mun2LsZZTnCLujwGzj7tfG/wC1t/wWINvbal4J/Z7s4PCehRRy2T+LLlEGqXEaq0ROnwgD7MjJ/qyoUqMDGSAPx8/aT/bM+IXxf1u+1fxf4mv/ABBPJJKwikuXXT7UtwsNvbFlhRB/CQhG3G4A5Nfmz4r8U32pXU8s0krNO4fY0nEZJIGwAkYBAGSDwvpXp57xNgcnjBOtQzDG00owpUqSp5ZgUuX3MLhk1Gco21rVbt7uKufPcBeGGM4lxNTF16GNwODrydStisZVlic6zSU3H3sXi5e9Tpyv7uHoclOC0V0z6U+I/wAfvEnjLUr3VdV17UNa1W+uJZb3UtSupLmcl2ZjtaRjgEk/KvHp8uCfmvVvF091JNIJ/NbBV2LEMck9AeTxyCM98HNcRLcSgNulaVy2SEcFWHA9ecZ/A9sZrnptTgtlkd54yQxOxgP4eSG3Y4HIyxAHQDrj8gz3jjEY+pOVbEty1aje8UtLJJaLyiltbdaH9c8I+FmCyijRp4TA04RSj+8cLTlpH3m13vu7vq229e3S8e4RnUqis+08beAQTwQTuzk7j82eoBArktX16x0yKS4mmCJGzAjdt2sO5wcYHcDcMbfmBrzLxL8U9PsN9taSGWZsYjiPyq33eSO/GOMAEkfT5/8AEHi2/wBYuik0xS3OWW3V9wOOAH4HJPLZzz0PGR+Z43PJ1as1FuV9bK6jdq/o1rft0vdn7flvD1DDUaalFXjyxdkr3tHS3y0vfftc9P8AGHxKXUy9lphcDdse4P8AEHLFghJyN3QDIJGDzmvNYLPzJSZj++YtIDLgLg8jjjBy3XKt0yeeOUglfzfP2kLFISy8HhumRuHH3SDj6ZOSJLjVJ5fMKyHrtAVsMQB0JzzgDIBxkgd68CpOpXk023dpvdavlStra77rT0Pp6VCnSirLlS02Wuz+FXejXW2qd07M6TTtPjmuWcTrE8bO8cjECMBM42YyTjHCnByPQ4rsNP0ZVs73UdSvVkuZlKQRySBRsx8r5BOMLjC8cZxkcHyWC9kQCR3I8s4jUcrzxkjOCTjJbIORnPIqtJf3sxaPz5Xj35A3NsBHfBx68AgHp68cc6FScrOpyrS9+tuWyu7+feT0e+rpThTauuaVlbluve0V2t79uru20lZu7e3U8EssUU5Yh3G9WyrKPk2oSQAM5OCcenquMzvKHMzSMzkcnk8859BkDnGTjdgnir1jp1zfXUMPlyEzTLGrNlVwTznP8IB+Yc4245AzXpmreDNL0KwuJ7vUIZLgQKyLHJ80cuBlEXONvzYLEAgkbvfZ1KdDkhbmm7JWV7u8bvyXfTey1NaOGrYmMqqtGEEvjf4pNprbV+Wt9TyaEDDAEbyOBjsOeM4wOnYcnAyAa77RLs28MYuIxNAiM7QsC3JB+YDHA6cZAJOfYcxo9nDd3ipLIFUkEMV4VAcF+cHIC4ySARzwRXpWqpoenx2+n6bIbm8lt9rzDoC2DlgxPXjAXJwCM4ODniJxk4wjByukpdLK6s5N32WvcMLTSTk9NXFa2XRbbPXr5HA6pqovJ5hHGIVCBY0IGdoGdqkg7Ru5OOMHHWpNO8ST2Fq1uABvztIwGBwRvJH3sZ6cHuCcnGHqkEsMrNKQeSd6LjIz0HTp0PIGexycZquN2GOCvGCAeCOw29RgcE+vPSto0KcqaUtVZfhbVrRXV79vk7kOrKFTqnstktbWbTX6dL63Ni41AXSsCBuBwCvfJ4Yn5SozjHTA5x1NY/UMCcknK5GD9BxxjHQHqO/FKwKgshyrZY4PqeB3PBwSBz7ccwbi2O5Un0JI47/nkjqee+a1hCMF7rfTdW2Ub31vrbfs+vTKc5NpSeuiutVbTbdN2sttEktdy8sfloroVYFcnON2Rx+HBx0Bxz7DXszOyxxRkfNlnIYHAJAxgk46nHJzk5HJxiWxG9gRkMWUAnuc8LyQSB6k/U1s6asiTSbgyqBht3ygKVYAgjjOM9+SBjjg5VFa+uq2fXp6+X/Aub0Wkk0m118rW11+S7aOyW5QuFe3um4ztkY53EhxnPXB59sE+vHFPe4yEePd0YnOOMD14OB8w6/L6jANSuIppJAXI2s7FxgnnAOGwOQehI57irNlEt2Y4Fwsce4l2QFgMfMxGcY+6ONwzjuGqeZJXlfRK+mvR7P7/O3kaXvfXlTfe/ZbJbLS2ll95mwycxsTnD8huVA4wMH+HquOc459DqzIssUhVWdwuRtwVQEAY5bBA7Y9sNxgR6hZmD/UlWjiBJcAc88Ag4yc4GCTxxnFUI7yRYyseELLlicYYgYA2n1BBOAMDnOBgNRc+Xl5UrppJpO7tbs/NrTqlvYz1gkm73au312vtd3s3q72d7tKyKe/y2UlQCoDfMQTuJGdx78/dJ756gVoebA9rJuJRjg7mJOTnkIDgEnucDH51ks5ySTg8cZ9Scjkng4OeAADjA6U5mUxknl88HAwFPBHHH8PJ69+QSa2dNTtfS1mvK1nv3uklf0t1OZVJK68t15WWuit1s+ZOXXVpDDITkHOAACCTkjr0OehGf8Ad+XgGrEbjbtHIPvwuTkfz6AZ9hjFU9pODyePyH4kf4VJENrrnIXcM+mO+cHHbv1xwPTS3/Av+H/D9n6WlN82rtf0Wl076/8ADO9uxoBCrkBSQRgHAAI2g5IGM8bcj3AOc10eiwW7xXCTbI28lyLhh93BJAHBGffkZxk9c5sIae4HlgGFSgyy8hWwpJHT5c8Y4J5X0GrqNxa2Nn9ji++5OZFBUkMG4JyAADngYA6jjrx1ZuUuVL4mra2elnrq1fpo9fz1vGybvJJ3W6Sfu69d321sreRzcsMSM5Zn2MxQMufmyd2cdDwccZUg7e2BnNGVcqx+UYClgOQRkZ9Dj8jnPQ507RklmSKYmNEBOSMqCCOD3BIGN34jJHE2oLYzFDEWEix/O2cxk7j93OOOOewHRcc1rGfK1F81mrXS0vaN23v1syeRSi5Re3e2tkr3d923ppf0vcxnQKxXOQOnTHPIOP0xz+BzUbDuBgdCOAfX8OMdOeue+XyK8Z+YHkAgkHBPcjntyM9+4PWosn/Pr656k+np9OK3Mgwf8OOv+cH/APVzRjj364PHr0zjPTtnrjtyn+fzozQAUUUUAXLdUZlBAc7sBc4yM8k5PUc42jOPXNbdxp1qkYnhkUAEfuiTnkYLYzkE4/Q9OhwYSy4Zc7lYDggYBIOQc9QcdsY5BHJrRiExTzCGYsxGXx8wI4IGdq47E4J74ODVvRLV9Olui69dV87XTQm3otbLq7f3bvZ7bdO+mri22ZRLtUA4XPOSCMgEkHqMHPIHXJ6kV2Og3ltZahbzTeXHBw0jD76oSuTjjr0ySM8DsBXIjdA2EXeW6/Kq43dRkHkAkYA554x3mlEhYbSpLIFGAeOSRnHYE+3ToeozqR54yX2ZJRbV7rRWt3d9NHfp1SeVSMakWm3FSVna76K7Vu2ie13poffeneM/AFnpNrO16qTLbKzTxSDcGRV+TGc/N6jjI4Nea+M/jLpVzBs0mU3M83mRF5VDKIiMKu4gnnGd2SQPvDg5+XI4rqbasZ3BQsfljcQzYbIVc7eo67eccZyQa8mnagOtvIuHC7WjZTGccAEgZ65O4A5znHFfP0ciwtGq61SrKpJu9pTfRp6e89dHotF3Z4NPIsHTre1qVHPlkprmk0rpxdtb3V07du51ltrlzDeyXJKSTTsyFVxkBuQAOM8NgZPQ5A5Ar2H4U6RqEvizQ9cvLKe60SG9hubstCVtwI3DlCzD5ioydq5Jznk9fHNF0K4+32Ed6oiimuIzJKBl4kDLlh3YYK8DrtOSCSR+xPhrxJ8MfDPgLTtOi07TNQGn6WDLqTxQxlZpI8SGaMqrPMMAnjIOTxgivI4ozd5ZQo0MPhKuMljG6D9k3zU4SUVzt9NJLl2d09dDkzvMVgqUaVCjOrKs3T9xtcqkoq75bWbTTV02tO1z7A8N/GnWNE8Dz3Hg6zhltJLNIbP+0JtwinWNQ6RxOQQoAwiqCeOBjmvlzw7+01rVh43u7jxhvm0wzObyDUFK2sbsQD9nRlG9dwPzMMqpJG0kV8kRfG2Ww1ueLTWubrSVla6tbfzH8hPLkLFniI2hSuQFweB3BFfRdj8R/hr8QtJns9e0rR5JpbQyPdZS3urScRhSqngucjoc/N+FfksOCcHgPrNSvlLxMMfJe0rUXNYii5tO715VNOW9pN7t9/ho5R9XVT2uElUp1Uk6lNyVSmpuLTVrpNyk007t2v5H0T4s/ar+G2o6Pq8MnhLRLyM2hRYbO3Ae/BB8uRgIznGNxbccsT0PT8wPH/imz1K8/tXTtPuLOKSczm3uopI4Yo3YqsFsjYyqLgkgZx83Azj1fT/EXgfw7LrE9pa2slxaIF0kaiVdZFDEbdhDI8bEHbuOOegq5e/E/wAL+LfD99p+saHoX9uatGLa08uKOBbYqCq3EBRMIQclsDawH8Qya+gyTI8Nw7OSwWDxkqU5RUpV6rkmm425Y3aTcWktN1vfRehg8NTwU04UK8oNK8qktFFuKs4p2Um2krp3ta+rPZf2fPhx8LfFGm2V7qetLqGsXypNHbsx8m1LgLJEXGDCyZJQ4HAxzjjwz4/+AtT+H/i6W/0/XUvNCj1LdbQLOZ5IAh3DMbH50AIBOCjfQYr5mv8AxF44+GV8V0XVfssG2ZS1rKdhJJICjIy4VgUKrkYODg8c9P8AFfxh4xf7JrFzJdTNJsNzMN22MKAFJyBl8Ak9Oc17eCyHM45tLMPr8a+X14tSwteHwXtdJNvlcU7XjbVPR3setQyvFKv9ZjXp1cPUVnGrGzUWotxcZaJq9k1bVK3Q7e8/aP8AEMGvLcW8whSMpaF2fdBJGuUY+WQACcndgY46gcn1PQviF4p8Ztfz2sX22dYFCCzkKKu1cjcV4ZSBkqDtIAJOfmr4qvPDdzc6vbwzSxww3Nzy6keUm5/nKvnHGck5AXknnivs7wJ4+8L/AA506xt7Gzs7q7sXH2q6JObp2TbtYY+YFemQQW4GMHHuZlhcLQw1N4bCKvWuuWMUkkrxb5mukm9O+uzsb4/C0KNKnLDUPbV5NNxjeS+y3zJJq19Frql0tc5jWfHPiHQrxZbu4kuB5o8yxaR8RSqCNmDnDZHChRwMY9OV1T4reI4bhZ7l76K0ZvMjtA7+Vtc/N3x82cgfQ56V9Nvq3w4+LUerJrHh1dG1KaJF0uSyXYkt7gESuykLgk5bPAySMYFeQeMvgf420ixGpz2kVxpcXlqcSRyhYG4hlZslz+6Ib5Q2Sc5xgjgwuKy+rKNLFYaGErwtDkqR92UkldxbevRcqfW7TZzYaphXJKvQhQqQSvGSuua/vbu99uVXv5aa8z/wnfjfxd9msNKN3cRy7PKtVnkyrgYEe5T8i7c5zjOeeTXGfEPRfE2iWCXWsSSO0quGik3yNbyNjcgJypCnqRjp15Br0KbU9I8H6fYw6dKqamFSae4teGWUgAxv/EgXJ56ckkZJrzzxZ8Q28Q6fPpU8pmkM5YzzEyOucAHB75AHHBwRg5r0sLCft4PC0KVLDxl7zUVzS1i29tE1ts9N9j0sOputGpQo04UtO15WUfeacU49eq27M8t0S2utQR1L/wCkPkxSZxsVcEllAJ/AAZzjoK7fTNS1DwzJK8984fAaBUcptwAA0ZBDA9zt5PI4PB+tf2aP2bdC8TWEvifxd4gjtLUQm4gs2H+tjKn5GKZMe8H5T8vvnndu+Ivgj8Jm8QTwTa+0djFcDdbxkNKIy/Kq3UruIBHPUE9OefE8T5dDF4nAz9pUeHjzz5aM5024pXipJW5l1T0Sdr3emlbMaHtZwlO8Ya2S5oqSSdmou11s73tpq2kn832PxG1C6tA+oPe6g0K4t40EjogIO3ecjKnGSTnGOpFej6T8dIPC/hC+stPVbbUrsGNreFRGFDZz5mQGck7SQzZycZxX2TY+GvgTovhaHSY47OBrKMSS3Iijmub0MCAjygOymTk4BG0kg8ZNfGHxd8BfD29sdR1jwu4tJoXlWGxyZHnZiSpdUGAobPG0Dgkkd/DwmcZXnGI+qVcsxdCiqycZ1KfLBtSVpSS2V7PXRK17Xd+WliMJiaqg6VSMG1ZqNr/De97O1/VLeyWh4vcfFjV7q/W6SaWQeduvGErlUTO7ysDgIp5wD146cC7q/wAY9X1XTbvT7EXU0bsDLIyGQ4+TaqSYyoOMAHnGc4GM+WweEPEr2rwwWkojlYySyxIxjVFP3WkUkAnHPPPcdRX094H8BGHwxai90yJEaNri6lbaJ3EeSrBuCCTkqM4wc4I+dfqsZHKsHTpVPZQk1OEYRhFNp+7a9trLb13PTrvB4eMZKPO24tRST2UUrWWjSSet9emiT+ZrrU9X1SS2sIoWjnuHCqrcTO7HaFJbBy3G7tnAGcCvcfCvw08VG1F9cWLK9vGhikdU2burRwoSdxYHGcMcZAzyK9S8GeBfDMV3f+Ib77MLmNJHtF1Bcpb7QdsigA528BT3PUDknX8S+NJNG0yNpb6FbS0fz7VEIja+YOSPmUDCDOP4htxu24AHnYvOqtapHC4Cgk3KKnKel7qPupLW92rpO66q6duarjJ1GqWGpRjzKPO5LVtqNklbumrXVrXdrnIax4dNp4Y1XVtW0T7H9ltGjhVUVJbt0XLSNgB92QMA5wQ27JIr4Vubt5p7qQKFEsjsUI5wWYKGyCcgDPqW6HDc/TvjL49Q6tZ3tm8bzzTwNGgjfMcMrLsZXGFVuAMEnIBxknlvkveWlkmGWXeWBGQDklx/FyASAOx5xwc19Dw/hsZRpVZ4yPJUnJciT2jZPfVfh9256+WYepTjUlXjacpLte1ovZX02Wu61u2tLxhVlWYMoJGShAHQAhcnOQRnPXHPPetaK4iSykjREEkgHmEEgux/g3DkqOdq54OeAM4raNpGp+IZltNNgkurps7YYdzlQSQGZANpHTvz05zg+naN8Itcv7a6nvWFhJBGBFBMpSSaQE8IMEnkYG3jpnPb6CpiKNBJVKsY3aesuVu2jfRtXd3stUttDunVpxu3JJKzabSvayfmrX0W2vTQ87W/mRIlyARIPukAqFKgElWyPUDrnGMtla6yy1RFM0tyWeaZB5RkPy/KuC2TjIzggY54Oc8mTVfAN5o9jNfXkqeckhT7Ln5lZORls/NxgYBAGBntXASXe5hblleVVEcbBmwNxwVxwMg5A4+8euBiinWpVo/u5Kabs3G7a2tZ3tdXaW/3rSFKlWXNCzSvFu/2lbRW+FJ3el+nZHW3nidokltYliE7oQWQcOT1DYxuHPA7EKccmrula5dQafNLIjvDKCsCAlVEgxuZFUjkZJyV9OQeK4AWUwuhGVkLbkJYKDhOCzH2A69eO4xmu71KG7j0+CKOCJU4VFjxuaIruaQ5yFLjOcc4blQRktxit029G9Nbfrvp0tr6S6CcVHRd7rp01t1uklaz0snYk1LVLi9t7FV+Y4EjlQMccAO2MFugPXv0IrNBkcB1ViZWw2xQEVRjI7jJAyeh5xg5xXYeHvDOq6jp7yLAGt/KcyAFcxRZIyzH7pLcYGCTg4POdS08KaqlqnkWU6RO7uZbhG2mJQQ7IxDDsApAI6HDEmtKbUpqnFOT0VkuumiTVrXb13TurPU4Z1IYdum5W6puyeqjppbdaOzi49FfbS+HosIdc0u88+a2FjcwXErQjMiPHMrxsrgcFZFDdRjA6cGv2u8fftteLvGfw0tPAXjzUtM8d6baeGrTS/DUGsKs1xpawqqxtF5mTFMvCB1IYDdjIr4N/Yl/Z9b43fHT4b/Cy9uI9OsfH/iKy0SfUooVlntIppUUzLGQQ7AtublWzgngk1+j/wDwUQ/4J1aL+xV8abj4eR+LT4rjk0eDV7G9njNtLbxFA/lTRJmLJZQN2SQM4BGQfa4i8HsVmuS5bxLjaFN+wjWxuDo88oYn6tQqUadbFQjFX9nGrOnFtSu207NXtxYXxI/sCrjslo1qlKlmcaWGxM+ROjOdaM/Z0HKScfazipyUeV+qZ+ZviP4uXOpxHRl0LTrR7a2Fp5Nnbo0cCH5Wni4OJmHLFT1JJx81df8As2fDfxR8RviX4c8H+E9IvPFGva1rVimlaPYK39o3VyZlYlEGWCovzEYwFTdjIrxvWdMs7O6fXI0O5pTGscLhkYg7N2Dw3ZQcEHGBjv8AoN/wS+/aa0T9lT9rD4ffF/xfoi6r4f0e7EWsXAshNeaXaXCFPtllG6mMXMSudpJXOQM7jXqeHE55ZxJkuJw9JVq+DxdCvhqE5NRq16DU6NOUk+ZRqTjCm20kk/S3zebOP1LF/V4QU60XGU2rtwqOKdTSybUJSaSVm4pHr/8AwVX/AGa/ix8Ete+HcXjbwZqvhCW+8KW88Laisr213Okaeaon5iFwCQCjMGJyMNjA/FTV7SCeIw3LIb6B2lmaQNtZRllHIHTlcdDkEc1/Vv8A8F1P+Cq3wY/bg8H/AAx8AfBzwzqU2meELybVde8V6/ZxQajdTEKsVvZtEGkMBDbpEJ2hguciv5O/GxubudZ9zRxXcnlqiR4ZUyRiTbznGScDgA1+u+P2bcUcU5rlXEXF+WxynO8dldGlXwFOUnToU8M/Y4aUYynNw9rShCpyuba59bbGHDVDD4LDzwuDrqvhaMlGlVacZyUlCTU0lZOMm4u27WmhxIt83EkzMSWbItocEhByDwA20AHHOTk446dob3V59Lns5I3+yExyJbg7ppVGMDCtvwe5A4I75weRFtLb3qxW0vzyRqnmtu3MxZR5YXoxJ+6Onp7++2ukSaL4auL65ig/tb7NDMssqbZLeH5mVVQgh3bPygZ+9yOOP5urVPYrdSk2opWT1a1vrslZpXt1u7WPo8RyxguazTa92Vr/AHK97XbV7LsrI8khS6gvYrmaGeG0iVCYZQF29Oz4AGSOQTkDbzxn96v+CR/7eXwZ/Yr0r43eKfibpEOr+KvEPg6fTfhuUsYJpbPUpreSIESyq0kO6Rld2XbwpAx0r8Ppdbl1ZAtxawKkQkaV5wI3leMYVgpxgAtwqjg88FsnlGu9WNtI6oqRCcJEnHyDeMEBhk5GNuMk9eSTn3cjzrE5RiFjKMIucYThZuVpRqRjDRwcZW10Se6tayZ8rxHw3hOKMuq5XjHUpYavKnOUqWrl7OcJcrTUouMmuWSkmlFuzP1C+Dnxm+DHjH9rfTfif+07YnWPAOreMpfEXjKBGBklsbq8knjgeNcgwKhXzFVckDGCCcdV/wAFWvjJ+yN8X/2gtO1P9jvwlB4W8BaR4dsNPuzDCttBqmowx/Nd21uqqEU/KGYAMxUkkjFflPeC4stMjvbhcXsxVjEwYl4j0dz0wxOFyAB2AxiuMuNV1Jo1u441inVmiiiCgSIhyN/HI+U8ZwSPlAODicXmVfNK869WcpTqVZTqNXSlKbV7rVO121JptaeV/PwHCNDBYrD4jDYirChhcLTwdLCRS9hGFNRiptJ8zmklo2leKbu0el2/jW7sVh0+3Rru/acTtPIxeONScDCNnaEI+bIX175r1Dwp4w1C01me7kljuba3gF7NK7bVjuEUFTEmcDJ+UAA78HI6Z+VW1C8tZQkYR7iUIGux96MuTujBAyc7sEDtwa9m0LR75NPnl1JVgeS3ja0tgWV52yGSWXb0U8li42gYycYrOmpuyjdS91JKz0W3K9U3bVu7ve1tFbfM8voU6TlNRkm0lsm1a7vdbv7V9LOz8/QL/wCIKxtqLS2ZS71eaSb7c0arKIZBu2RIuAFkI25JJ2nPVtteSatEogvozefNKn2jdI5GxWfcIlALAsTgY5IOOSRkfbnwX/Yx+MPx/wBOvvEGnpY6X4O0a136v4uv8Q6bpvlKXFms2fmmlUYJUkD5cnGDXzZ8Zfh9pfhDWZdB0aWbU7W2lWK81IKTHNcQuY5DbyAnfAxXKkNgjJ5I4+mWCzSOBo4itTqRw9VctKc7xc0raxi9XFd17qa9T84wPEHC7zzEZPg8bQrZjg4xqY2jTXMsNblVOFecU4xqPRqDkpbvltc8i8O22oxxuLeC78y7ZGBjjY/uFPLKBzliCB0J9x19P8NC4tdQjvL21lTRra4U3KykoRKuAu4nBcqx5BHBBPpj76/Y3/ZP8TfG+a4/4R7S7m4v7XTohYJKieU1qwCz3MiPn5UGccbeODnbn7t1j/glbpPiGDVdGj+IOk6Re+G9Kl1jxZIwZ4UvAjyR2UCwgpuUgK55YEHdgr8v1OW8FZ9isDDHYWg50X8LbUVOSipbtrS17vba2rufkHGX0jPD/h/iqpwvmmZwp42LhGrCjGdaUIylCK5vZqXK23FKKeqt7tj8VJfGdqt1LfG4WRpJwtmYnL3FusTZUKSp2Hau04GMHJ9Fy9L+Jt3c6zdrBcvb3TynE7SuJNiD5iQGG3gH07kccjifiD4Xm8GeM/EPh6wuYrmLRNQurJL4bhFeLFPJEJo92MggfLjjPQYyKwYPCN/YfY9RuphF9uBaOJFJuHzyg6g/Pnk8YXqR0r5mrisbSqujKVnTqOM0n7qcWlJqS0tpfbfq7I/WXgcozTLaWMqOFWnjcPCph5Th77p1IRqRbTs1zKTbva19Xpr9kx/E+/ktbeJb2O0upoVjiuYZGWdTH/EGRiULdzuHTGegNOXxrqoaLdr02qLNJuFvduz7pwNrly5LEDBIzwPXI3V87W0NxLcWDNKsRXMZhRjvQAghXIztZ15JJxnBwMZHoWmabPfBri2Pki0kACuhLMWIAYnnPoCPlbjJI6e1hamMxnLC8pXaSV5NNWg9Vtb5PVJLufnGL4bybBOpUUKUW7yc3Ti5R6JRna6tfpJX0TR9ZeBbDwJ4mM51V4bO4W1IYRKWcXrfKGdcEPuYEc54PTqa/XH9gn9iv4V/Fe71a48e/YdWi0TTpbmx0e1kWOa885Syi8UEJFtXDrI2AuBlR1P5rfsd/s6+MPjr8UdL+Hvh+2ZF1WNJ9X1hIXaPSbRSGe6lYLtUAAAEkfMVGe9fpl8R/hR4t/Yv8YT2PgD4iz3d5rWlPZ3UsjPCGWJNl00qZ2kINwjAyScAHsP3rgbh3D1KTxONy6nW5YOUZVIKTbtG0vZyXvbbtJS11P468aeIK08XX4L4c4tqZdnuOpxxVChFymoUqcoyqQnWj/A56abTVpW1as7nxl+218OfgX8GPiB4h8JeGdjJF5d0YJpklW1uDn/Qsx7w6xFgG7nGSMlq/PTxXpunav4Wvriy+wwXT2M08d0JNiFBkR28Y4KEIecbTgHIz19n/aN03WvEutvrviaSdLnVUmkjvCJJWvpASRNITkx+ZkbQdoBJyT1Pxfqk5sm/su4luRZzw+REFlLMsvJLuG4BJxnA6YGD1PzHFeWUY5liGsBDDUHN8qjT5Ek3F37xvbRqyV10P6I8E8pxVLhrJHjM8xWcZlh6OHjisTUqKpCdWNlU5bJ2SkmtU29Ls5r4X+EP7Y8RDTYLqSBZ4pBf3YLNDarE+WcZJGWIGCc9eD/Ebvj/AMF6Z4U8XXU8utW17EqW8i38RBmh3EYQkZzIeQ4BxuyMEE1pW/i/RfCuhta2hEWsFpY0a2dBNdNJnImcHcseeAvoM9cV5i9n4p8TadearJZs2n2U++/nwZUO5sohcA5YDgEZCngjI5+Sby/C4WNCj++xXMqrtzWhFOK95L1d9FyvySv/AErhqGZ1sdVxdaX1TAxhGlDmUl7fmST9x97tLS+1r9NmHxNNousw3sRmuLGWeMxbv9VMgwJX25ALMcFSQe2cn7v1jp/izwvrlra6fHpUMDXccFwbm5jzKvCl1R1XKjg7VyFI46YDeA+HdG0dvDDXOoyW17dxYGnW0jFfJeRjwM8yFcYI3YByhxg03xJqNx4b0yO50+6RrqZFaVIwpFmqjiJePlUgkAAAcE7eMV1ZfmjyxTq1qlOvSqJSUHFScV7r5U5Npeid9Ltrc+d4gyjD55Xp4ahGrh6tJ8kq9NSjeK6KVr6t3Xle9tT6YubbQ5dPkutK1a0mntblVFlMI1llb5gFJzu8tSDjnOD15AGb/wAJlcWEUdrZxx3Tl3imjRUeO2EmN4XjPTGMcE+tfKdr4gS2hS6e7aS61FA25naIRSs2WxyuQxPJyAMnriuhW+u7Ce0vLe8LXATzriNWKwtgZ3huj59Ce5xjBrhzPO4Yp81OnGDcVpB2inpfS3a3Mrdt+nztPgOrQShXrTrLmTTqJu9rNJtNrVbt2eiVkekT6qw1aRljmt4YJC7REYMhYbivG7JySV3ZAwB2rqNE8RW9zdxRSCeOK3kMsrb+qEk7QM5YYwGPJDZzxg14ZB4qv9XvZIWKLeOm3zQymMRMeFIHAduxPzYxjgmrsutXtgdwCxywB0dlADygYyORhixPLA5B5zX5pm1GnXTlyR53dqVrtPTbVNNLbS2lnqhY7huUoKg6dmotJuF27cqT0tps0rJ6b9/2I/ZE/bQf9nBPHlzptrHeTeLdL+wWcxVVa0kjBCOFxnILjPQMM5Yk4Hyn8U/jXrHxP+LLeIdX1CKa91B1kurqJ2UKHlzs27gG2KcbQcE57HNfEOn+NNQnkyZUhlj4RSxUnzMLtCDAySR82M4JPAOT13iGGTwfeeHLy4uPNuNVs/trQuAvlvLyFBz0BII9ADxW2W5xm08vjks8ZJZfQ5qtOi3Zc91J3u23aXNbVtX0R+Z0PCjLcLneZZ08PGeZZhhKtD2ko3a5YK6gndR0iuZq3M4q6bSPumHxfpWlwKJbmIC3Kt9qYkzzhgSQpY4LAhsFTwD8oyMn5N+J/jy0sr251e18q+Mlwxt4Z8NImGL79ucAYBBwAOpA7DlNY8Tzz2lrIZmKYy0SDHl7e24Yxgk8YAwBgYJrx7xtK95p4a1zJOI5ZGkLguqndhHXJ4IIByDjBzzxX5ZnmRwqZhUxNS85yk07pqydtV9nbRNJ6O6t17+BPD3D4TNYVsSpVJVavvKSaUVzJOyklptqtr3V9WbsHiGy8VC4uhZwQX89vcNNPIR5MYRGxGu7I3cDCjnJwFIGa+a9YhtV1HUknlAPzCNxndIxyQNnOwBjjrgKD0U5NjRfE99pEs9oiPtnIVkkU7YnDkZIGcAkktkDIyW3Ek1heJPMmm88M8l3NPucw8qygAhcDkYAzzgEHI9B5WGwLwteahJ+yaXIr3ty8j326O6t1SWl0f1bkOTSyrEVIUpf7NKKlSTblFJKNtXbSy2eulypDYxQ224PIZXZirMDtAHzENu25IA69M9K27e7a0ktvLO8SRuZWZznaQQ7FcnaVHyqp6fUAHHn1c7VilhCSiNIoA21V6bSxXrk/eyRkHnj+LBX7U95cAyMoSPczKTgDHCgL1B6Z5YDnn7p9WFPnSUmrpt6XtdctndNWS7J7u1mfZxjUnpOyje9rvW3Lqmtmu6S16NXO9NzosEJuYZJTITI0rHO4SliVCEZwM/kevAUngtUv9Qnu0EEkjKzAqoyAAccysc5YnqCT05PBw23vICs/nFsxq2FAJUHBJdhnAAAyM5PGewrl7jU5DPItvOTCCgZm4Z3yOA3PQBRnII6cd+7BYJymnJuVravZaQstNdErbXfZ9e7DYZprTmtFaS+Jaq2zsrvTXfS6tZHQ3VjNdR3CvMROiq7oRtRcLxtI4U9jg5IzjNcw6yR2gM5kmcuyRyZYbOMAFs8gcDOR0JAxxVqfUL8BGUvlyA8CAMWUHuzElt68jnjJq7/AGji3ltrmxURgAxAAA72HIYfTkkcjtnpX01HDLl0jZLZ6tOyVtHa9kmn11S06+rRi4PVLR3Ss7rZp222um9eV62VjE0+wlIWWf8AeLINsTngs2SMjruA6hjjPIJAwauyXUNiXhZHaYqVOH4+Y4XdjJwoyMYxu4wBlqeL+L7OsIheOQP97dhIQWwdoK8gnj2ByOlMuLORS0skbykqoVwoO/5h8rHIyCRw2AOccHOX7Gdr2s1vs7Wa373TXz85I3UnKSU3yq9rOzdrRa+FXu/PV3V9Hd50drJPGxkEiK8hZZsFt4GPlGd2cZGe4xnKnk9DZaJJJZqu0yO0oHmZy6nPCqh4Y44YkY4475vT6gWs7eMW0cMisi4OAYzyNy5IwXySQcD2zkjZsZYtPeFpA0u9lZDkLGJCcttB6gdQV5zjrXn41TVO8Y391atel076aK/b1ubPRct2rtJavuuj0dujsn3eh1ml/DyJokku7qSO8EKtHE4LBnIG0DHA+Xr3yccYFfpd+wf8AfC3jD4n+HJPHeoSW2hW96krTTJ8kiwusjoAcbEAXa3ORu/GvhDw14p0iDUbW7vpxLHHGI/IYl/LcHaGI/ibJPTKnpnqK+ovAfxfv/DFzBJompLZWcjpGTI4SbY7Bpj2K4UbTsG7ODz8xr+fvFWnn2ZZFmeVZbUnhZ4vDVaCrwjJypRqQUHKKTtdauL6b6LU/ZvCjE5Rl2d4HHZlCNWNCtTnytWv7OUGpNO8X3t+L0P9An4MftmfsufAb4RWmiWwstEPh6yIjh0hoZLjUhawhUllUBifNdPmJBPJBxzX8pX/AAUx/a3vP2tfjHq+qRadbwaDGRb6YI4QDJZQsyxtN5a580qCXY/Luz8wzXzBrH7Qmn6tbWthoj3lxcTQwW91cx3btGx/5bBAWOO/bnHXAxXonwy8DfDT4gQatq2tfELTvDn2O0lWWxvHje8laMAzSKzH5RkkAAFmI4Dc5/hrhPgrG8AvC5pxNjsxzenlFepHKcNSwKh9XqYiaUqs1Qi6mJrzi+VVKrlZSlrd3P6XzfNeGqtXNcTk8Z/XM6hbG18Ti51nKndVPY0o1GoU6Sk4twhf4VH4dF+PXxR0i2sb2WY2MUcGXRZEGSwUbduFyRnBzweoHI5HyfqzsLmVoA6Oj4iVWIYx5K8nt8ozwDjJJ7Y+/f2lbjwJoPizWtM8NatNrum2hcW+pDDQyMTk+WMkYBzg88cHOTj87daumknM6y53NIFXG1lXJ6jsQMjuCewPB/0s8O8dUzHJMvxUqdej7ahSn7OvGVOrFSUV70JJOLs72drX22R/GHE1OFLNsTGnytOpOzjJcusrLXXq7t6W0dhuoX7hVtidqKgLqGLAyE8HJIwSQeMjgEjGARTgum/elByq8ZzkEDHyngEjkHOA3O7jhc538xS8jHeMZBXIZedhJ42knOOR/FyMYqOCRfmDOI1AZT1yw5GMjOCFPfB7ZOc1+k3a+1p8lfZu92vNJdNfI+dalpZ77ta3+HS+m9+t9++rvXk0simYkkvtWQqABlW+6cA4GDuYDJwRz3qq0kW5Uw6qwAKAZDEDrno2PyPZsHNQLcxCFlXLqHJCHJ+YE5fBK53YBIAPGOmQars8iFHB3/LgDGR8xwF4GeM4GR1yOBUTmldpuza21d9Oq0a038nst2lLZtX6295JtK7TXmrX6W1JWtysbTqQYkcgoTyQexI+Y7SPXtjiqe5t0bNwvOAScgD0C9ScgYAG7uMAVcdcxt1cMqvtRuhOCAFHQZ5ycA8GoZG3tGoVN4AJI+U9cDIzjIzyDnIyDyKxm0+Wz83borLR7Xad387XZotUtLWS+60dvndvfSybsrJoLFtu0bSR8wJGARypPI/DnbkjpTd6KMEkMBgqMjdg45JHJ4GSw6YPI4pIzJ5mMc7iSWIAz0zx7cYHOSKnkheXGyN5H/jMaFsfNx0wcZzwBjt/FkJRqSslFu60dtGl3srdH011beom9m3a2mtkrO2zdmvwd09GyeNSIZNyqSyjYzEnaBnhehzkf3QOmQSMFsShSsqFmIzuHozY3E5ODk8g9sjvitex8N63fFEt9PuZAeuY2RQMZOQyjIPGSRjOcCu90v4Q+LNVZUEENukgLN5rYCdxlRjPPb2wOBz10cHjK04+zpzlqrPl7pdbJtWaTTdnou5zVMZhaEXKpXhFJ6804t7pbX6dn+RxnlEWnmREoGjG75slskZLAHhTyM8AepyBUVtHEnV3D7gzICTlT98sR2zgDJzz74H1B4V/Zt1DV5IFv9WWJnKxsiRsQVHy4TgAnnbjjOPU19S+E/2NfC8Q8/UJrq4j8tHYTRypvckA4UfwHqeoweOxr6PA8LZrjbJUoxV1dza02W2uu76XfqfJZpxrkeAfLWrqUlolBOe1l1e2r6tavS1j8xFNw8jG0V3AYqSiOz8naRtVcjjheMZBGeorXsPD3iW/keO10e9m3EMW8iRN4zxk4U85B7YBOeMiv1tH7NGkeHdNv9T03RLaWKBWdWmgLuCoyroSpyoHykt1685zVDwH8OpNR8QafZahPYWtlenAWMRpJbbCBgKFAckYJXLA9BzXsQ4BqqpCOIqpc1rcsbbtbuVkk99tb722+ej4h4DEQnPC0/aRpxvq1zdLWSvdWu+m1vI/OTRfhR421KUM9uLWIhE3NuLx8EDlfmBycEZHbpnj6B8G/AC8uJkEy31+yx4ljjVlRZGxxkkHrgj3xgDFfqRpvwb8G6FLIZrzTirSoZLq4lRCi7WYkwkgbjyd2BjjrgLW1eX/AMMvC7F017RbKONkWaSKRZZJcZ3FVXIzzg9x26ivaw/h/lNBxnjZwk00/enFpJWvomk7JXd9EfI47xExmJ5qeEwUpNuz5KTurcumqeibT6J3aTS1PiPwr8E/7KK2raXDbhiFZ9pa4JZ1wm5fm5HUnjrkkcH03VPgtpVvZPcCW2iud8ZOn7TLLOQAQu0/Pkktxt6+oBJ9D1v47/DjRrmRNIs7nV5Lg4huwoVA69SsjfMFOeVOAQPT73hnjf49zand2X/CJWNtZXtvOgnmndZpXkJGGAOQAg45JAHua9ulhOFMsgopYepJJO0VFxVrLSSVm1ZO19rrU+ZnR4uzqpzU6FWlCTaTm5QlFaLmTve6T+Ha2ulmj6j+Cf7Mmq+KIluIRZaBaieFrq+v4beCQQl1KpEOGGOckdcLn7tfr14F+Gfwt+HWlaVJfawuua5bwiRDFcJKLWSNMqkUEBdC5AJBYA9n4XB/n/0b416097DPqXi7UVCRxNqFtazvDDuAxsCRHG3Jxkc4B9gPa7P9p+y8O6LNfC7v7ea3W4SKYXPmz3szoVjVS7hhkkckAgE9ua+gwWZ4KFBvDRp0qaW0UoKShytSbWqb000s9LnyOe8K5jVxlKhjZutVi4xlzObV042ly7LXdvt1eh237Zv7SE/jTxXrHgLw3ctpvgzSLgR+IrpyiXGpXUZObTzFIJRM8JkZzznrX5qXniaxSS4i0lY4LSIlmll4aZV4AOcHkjHUcE47E814u8Xap4u1jULq6lEEd5fy3ckfMk873EjMpkCbjJJgr2OCRgdMeq/Cb9nzxT48vrHUdU0+9sdAlnSLT7W4R4bzWrliojVYnw62ucGR2AVU5BzzXhutWzHF3ipSbk7tX5VC8Vs78sFvJvXs1fT6mjl+GybA0adSSjGCu2neUp1LXUU3zO7ul02Wi2o+BvDGu+Or6MWsD3D3MgFpGqMIra3QjzLuVcKCigHaxHJBznBx9HeKbiDTNLsvh7oMjXGlWKxvq13vIN9qQGXViGwyo2V6kYHOADXuniPwnonwG0GPw3pl3bXfjbXLZDqz2yqw0a0lGFs4WXdtKg/MvXcSxyx58Gm0bKi6t90ssEjSzKoO/kZJJIGc8g8dOetcuZYlUILDUakZTjZVZRd03dJ6t6ry63S2Vj0shyf61VePxFH2cW/3MJpR926Sm7aXad02ut9rFaxhGm20DmCAeWhjT5eEc5OxQq4OTgE5HCkjqcdXbyRfZUkVYYXdWLxgFnLnJDc55JxgHnnkknFZttCl/bKJi0aDdiNgDsl9XPJAIwMkE5HXOMWo7NoDHapG8e5srcMN42E4wBk5UEEJ2GAQM18/QvUqJyaV2kr97x0XTXVaPZ9U0n9XVi6SUVZqKSjfRK9rPTq7LoktL9UZl9NeseG3sq/vgAAUj4AUjqAVIPGcZOdvFZ0VxPsa2yojfG4ByWhBbA5weeQGU49CMACt+a2czyozmNwp5VQXdQAM4XOQMgnqDnuODXg0y3WbcAVZUDuCM+a4I2nOOFLdQBwec55r1o0opXSV0ru76aLZ+etrt9fXw6tapGd+Z+8tFrtomm73bsrW6O9rt3Ky2UYtwIWBVs+YZF2nkYznjJx90e/HBGacFpeW7t5MrSW7bA3LKmCRvRfRiO5C8Z4ByK6c2M8k53q8UKrvWLbhSeeu0nAO3qey/dHOHRLbiZ48qsbsOpzHknhFGMZA6HHy9O2BnNctlGC1tv5JLyfa2/da6nVgYSm3OfMleyu3rZR389H6d27HP615iadK9jbIt7cbLK1Q5DSzykRhogcEMGbJO3ODk8cn7N+F/hO18AeB7WxuXa41O4tVv75goEpu7hQ2JMDOIiwjAPQDuCBXjPww8K23ivxeb1rV7nSfCxEspkBMJ1CTHlqQAVIQHfjPDAEda95+JHiLTPCXh/WtamnW3j02xeWV5PlSSVEykSs3BJPBAyGJ55GB14SnCNOpiKiXuptN6q2jul1V7p9U7J9D5zivHzTp5dhpXnUtz2b1crJJJWb3vZ6JtaXPkb9oH4wHwrBJ4f0+YjU7/Jn3PuMcToVVcHLIeflB2kE8DPzV5J+zhr+u2nxU8La7Y31zbX2n6naX0NzCC9wknnqSIkUk5bOACc85Cg5z8g+I/Hl1448X6lq95I00l5et9mDEsIYPMOwDOQBgj5QeGI7ivffhz4z1HwFKmt6BHFJrVrLHNZ3s8SslvNEww0gfIdQ2DwCOAOSPm/Ns/wCIKMJ/vJP2bnaMV8Xu2vZJO97aLTVd9V8Nm/CE3lOKw6oKpisdQnGrUnH/AJ+QSUIq1rKL1W197WaX+j3+wnY+K/GvwksvG3ivR5bLVtSWAWbakCb660+GIAXMwmO+KC4OHA4yMnkgV/G/+1L488J/CL/gpH40+IHjbR7e80Dwl8X7jWNS0yxEcn9ow21w7FbdskFlZVYBc8jOR1H0he/8F0f2gLP4CeE/hR4Tt9J8ManY+HX0vxP4ys3R9T1KJ4TDi3UgLbOEYhTE4KrkgjJz/P58dPiPr3xD8QXviXVLu7vdVvpnnubq7mea6uZpnZ5p5pWJZncuSXJYnnOcg15Vbi6jio0cPh4JunypS5eW1rbp7O+jl1ae9j8+8MfB7C5FVq4KVCpCnjKFehjqj5Y+1lipxnUUOXVKCk4xlKTbWvKtz+hv49f8HCHinXbbXtH+DPhe38I6LLZpp+ka1cj/AIncPk24hjESjKKACSr7sjA53fd/nT+I/wAXPiL8Z/GOp+KPGOu6p4g1rW7ma4ury/uJLid1kYsY1Z2YKnzYEakDgDAPA8c0jR9Z1gbUSSQGZdrAYJyRkt7A54PTbk4AIH6Bfsx+DPhn4e8d+DLz4rWcWoeH4b+2vtUiWTdcyojoxgZSfuHq+75SFwW4yPHzbitR9hh8VileTUYRUtI3cVdpXVk2tbbJqx+qVOFODfCrLsXmWVZU6+N9nKpzxgq+JqSsmkpe84pt2ajyq17KzR4Z4O+AvxG1vR38QL4Y1W00jmSPUmtZlSbyXDMkTlQWJUHPJwc89c1PFNvrOq3lvpk0uoTT2UEVjA99LLJ5USEq8UW4/u4wOAg2gYYHAr+oHxJr/g742W9l4d+E2k6R4Y8I6REzacbZbeFNScRLGsDQqAonO5i5OWYliMmvKPhr/wAEul+IfjS41PxPDeeHdBll8ptWeNZ4rjUXcSCGCNSdqsxwW4HvgV6OXLF4x2wlRYiElGzhJcq+He7162bv62dn/PND6R+U1cdjJcQ5fHBVsNUnTwFHl56ru+VWUoc0ZS5VrotdWfjh+zJ+zUvxe8U6H4Z1U3lhYTagBf6g8Uj20cUR3uAWULtYDnn5c9cYx9vftqfsgeG/hB4Z8PeKvh09pZ6dbaeyXyW7vLc3t3Cqq1w8fzNCCykruAAYkDBBNfeNl4H8B/se/tUaH4D8c+JbFPDL2cL28NvawvkzYWJ79j8sQbJ3F9pGcnjbX3V+0X8FfAHxg8DeKdT8KRLFpen+DbzVLy+SNLnTrpEtmmQ28oLRRMwwQVYEYbJGBX0OAyaeYYXGNSTxOFekeaN7xSupKMm7a6Xsrra5+RcV+M3ElfjPIcZThiKPDterSprDTpzXt6dSqqdS8LNSUbtS1VrLbc/CH9jv/gqpbfs5aAfhz8V/Ck3jHww0WYp7iUyXgZyAkLK+5XhHZGJAUAkGu88ceI/g5+2t8WdK1v4Y6bovhyfW7m3tv+EZuJY7d5ZflZriReFQg8AgfNz0xkfz7/GLUre38W60LfabW01G9srdFJbb9muHjyMk7hhATt6nk9Mjn/Afxh8T+ENe0vxDoOrXulahpV2lxDdWEzQyqsTAgEqy8fL39+vQfOVY1JqnRqTk6dGS5YdVFSg3FO+ztdaO3RJs/pXF/RkyXM6dXi/hOrWyLiHNMI8RP2TlHC1qtanGbU6LtyqcpXk4NLmbkle7P7ntA0eb9kH9mnxV4mi1aQeIvDGiX0aWMG+S0Ant2VY4iMoV5GSSCMYBB5r+Lr9oH4n+Ifix4/1zxPqd5Pc3Oo6jeXUhkfIR5JGO2Ndx2oFIAUDkqSQAcn9C/Ev/AAWM+Knjn4L3HwbvdH0+9s9T0Z9G1jXbmJJL+aPYUWfc6gi4OTuOc98t3/JDX7m6837dFGq4BMmclsuS4LZyPmBBO0nn7x5zXs5vnFHF08DhMLGVPD4amlySWjmuX3r7va17X1t0PK8B/BLiDw/zLPMx4roU62aYvFyeFrqXtf3UpXqzi9WlUfI7qztGz0RkfYbS8sLkS5WZXBaUkhVZj2JI3EFT8vbgD34+0B06acybFSKVWU5IaQAkFlxwoIPABO4n0FX7jXLFI5VMzb1IaWNcorjHIPIBGcr0GcYxycec6h4hhuVnLPL8r/ugGGWVWJAwOcAdPzz6+LUanZKSTSV/J+5Fp3+V3bd2fl/Y+VZfipQdOrBqnO795PRPktZbbO+yvo3fc+q/hj8X/Fvwr15PE/gzxBe6JrkESvp2oafLJHd2Um7dtVkIJU85DZXkqvatv43/AB8+Ivxo1iHxj8SfFN94s8RSWkFk9/etucQw42QtuJ2kYIBOM4G7Bxj4zsNZ1FJYJ4/MmO04Usxwmed2CdwAPGQcAHA547ljqd/HHcgGGNVUC3d8ljxvYA/eLDkYwQSMdNo46s5RjKDnJRfvSSb5be6090k9bdWtF68OI4OyqjmEcxlh6P1q38ZU4xqKLtde0cb2S6XVunY7u98UlrJYkeNTIoVYojkho9oPU4yvIJ56ZJzVjRL66mns0VgjSOVAVsH5jtJkyRnnknnHQgg8+bSWMymKaVZYQi5jA4LDOQWJ28jsAOB0x2+iPg5otqmp2Os6ppFzrCRSqBp8K7/PzhlY4+4ScAk+mRzwfFnKnTso7yklZy2d43btFW0aSWnRpvYzzmrQy7CSrKdpQj7sVNLZx+K2l0r21u+6s2d5pvw01zX4YZ7WznuDbMC8saFLUgsGCtNtAy2Qo54LYA+YV9y/CHQNT+CF74S+IGxX1qydby00TUoAdNn2FWVWLgwyheJG+YEFc8kgG/4Z8Q+PPBlpBd2PwwjTwzJKk4sryATrdxyKp2INrMzDOdgJb5QfugEfUGt+N7P4ieGvB3hjxj8KtSsrNWcWNzpNsYrmFrk7lRWKp8m4qWQ4wAeF5FfZ5Ngq7hGdSMpUZWctbXh7is09W9dUr2V/O/8AP3FXG9fGxqYSTUadvf5asXLkUoRV4qSa31bVmra3ZueJvinY/E7UpdeubCwtNb1mayutWm0+NIhalI9rIqxjaYQei7QDx3PP9YP/AAQXjt4v2ePiOkBDgeMEJkOQGJjfHXGQBgHr+pB/jsTwvo/hm31K003+0LXULW5QXNteoVmtLRGwkZYkBpCNrOM554JGK/rk/wCDfnVRd/s/fFm237ha+MLQDcckhreU7iOCCe+eCcgjNfr+NwsaPhtmSpxcb4zBSWlnyqvT2W9lpr+O7PzjwXnGt48ZTVU3JfUM0jduOr+py5drqPbTpv0Pjz/g4P0Ox1D4y/CTUroxEWHhe7d0kKBniM8ZJXOBlc7gMknsTwK/lr8L2nhrW/izr8Ul3+9trgDTI5X3REhTlyUJGVG7aQRg8k8Zr+kD/g4R8VtcftEeEdCOGj0/wQsiw+YdyvM6kEBmAO7JYqQQeclv4v5Vby81b4ea5q3iBoJjFq0kwsLtY0BhZ5F3vGwOWIUsSDtGCBjG7b8pxxKtT4D4bo0UlOeXxlOSabu2rc3K3a0dtPk3t+u8b45z4k4qp0qjVaeNlTox5n7zhKC5I2as3bqrXt1PZ/EHh/X/AB94luPD2iC7m/s+Sa1tZInaPzSzAnfJJtyo2nC8scAE9Cea+NFvpcPgiz8C2VhdQa9p1o0erTqFggub5MKDPIoCykEEqSxzzjqQaH/Cx5tGis9XtdWlMX2dr6S5LfZpIbwx/dlkXlgW3KV52nHbIOp4O+Lcvxo1a28Gz6DYqss9u0+uiISSOEZg880qoWOc5JY8gHHBAr+XMdmOZ4FPFVaUPq2EtOU3JqUnHVt+9ZJaNS5bWdr6Hn5Fi8xo4KlXq0lOng2pVZty+y1JJ3+JpLSVraabHyn4B/Z61nXdastevp3sNDSZGmuHgkdLqaP5njDyDG0FRk5wq5z0Gfc/Gd7baVJPa3ctpNptlbCztvszBSPLGwMoTAVxgdOc9+mfoD4633iPwfpum+HfDt3ZP4dt4jDc31nahUacx85KplZSSQcEDvkiviC106+1qK7lupZbNbWR3QTAzfbDI3JUEcjHIHReuSAK+fhn1fiPlxmKqxp4aPuU6CUppapc6Si0273jorNPRrf9FyvHVc/hTxmKqKFCnZUqa6RSS1iua8nd8rVvlY5rXU0m9SN7S+EJkjYSxwKxlQDIZnDfvCWXhicHPvxXkuovbadeBo74eSibpreRmVmUA7lZSed+AcsOB2xzXpN9a6PZi8hsbiRNXlZhHPMSqKoyZQFA2jnGAR1zgDjPiWpw3JuruS7D3kcyyKZlUBVCYGS4OBjLZ9RhckfLX0uBtZJSahy80VOKUn8K6LR9dvdVnrZ3/QcuWiguZR91R5lZuMeWybslre6tsnre2ksviyOJZzDBMwmjKxtuYRRg5AOAMYA7YPToc7q42SK+uHiuXV9kjM8rj92rJjkg9+pznoDjbkHOvAkcMDwhYbm3jAMh372kkOSI1AGSADyOefY4GY16LuUWxdLZNy/uTIQwOceSSCAqlRkgbT064yPUpJQaaS/B2Vo8vWz0WlrX0urPX6WnBO1lZpK7T1Tbi1q3r5Ps0zDu9QiMbWyI8cc0oBYk/KikZZF5IyTj7p+bqOcjPeTyA3lBWibcijcQ0xPAbtnJyOSPmHI3c0viA2UOoCKGRkCDedhyPM24KqQuAc4AyOOcjnI566uERElmkaJYlaRIGYhnGWOckZKt6c9gflAz62Ho+15HezutLWtqmnrd3vd9VbQ9KnRlNQcafNquZWvd3Uk7Jp7t6rpdO6Sagv4Jbadn+1RtCu2WeJnLSbSw/drkja4GQRxlcYAHA4vVdaV5XSz3q0PKgsWVEc9RnAYE55/EZApNU1eGaSSRfnMudy7j8o6KA38XAI5OB2HQVy4V5JcwszPKFQAKSBg9CB7H3X0GevsU6HLyqVnJ3sui0g/nskt29tNWfTYbCR5IOa1STV9GlaPp1s9m+l9NdONZb6dIY1PnO27OAd5OOpyecnJGcDkdev1Z8Gvgo3iCf7bqiJBYWwEl5eXGUgjiLZkjRmwpLrwR6Y+tL8EfgZqPiCew1TWYEtdPlZbhZpgUVYI8sx7cOFKhmGDwMnoO9+OHxSg0EDwL4FKW2lW+yC/a0bL3c0eFkUMp3kH7zE/KecYAK16cKCw9J16y5dG4wdk27LRLTo07vvojqn7towsnbWy0jtq7tJPXX9enW+NvHGkQXFn4M8J2cNpoOkqILia3QEXl2oCeYpAJcFhuOD2IzjOec07X7DStasobiMXNyib4mlH7oO+OHCgFWU/cIGcDnjrH8E9NhktrrX/EljHLDOyRWj3bMUjy2C+GyS6kk9ASBu5BOPsHVPgN8O7oReLdM8SpqjwadHeX2nQwqvlz4BVEIP3l749zgdD+IcX8T4WWY1KONVVU43pwcI2jzaXimkkttbX62tueS4SqVGoSTSldybjHZq9m+Wz0ton2vrr4DqWu3Oqw2J1CERWz3e2MPHiGRQ2C0zkgkAYIYA4UdiTXO602nMby1sJWknUF1gif9xEgTHnRj+JASScDJzg8mu18d3ltp9n9g3o8UpVID5IBso3wcggA/MM8/LwevXHj8l3Y28jIpke7cAJNECGlhCMGXAGOWy3YHgngDHz+WQhiIxr0lKF9UtXu43TTdk3ZNvzttt0xVoy5mtopq+z00S1S3Tu1rto2zj7n7bp19aW0khv4GHmFAoKk5LHcQS2/A2kYOQRxSalrJks7pLayS2lnZUlhRAWijX5RLlgBHuHOBwc8DnNMtbmEXV1KzsrBpUnQfeiiAZgFP9/IzuHIHToKLN7PVLe9CXTWLlkT7VccI8KqSVyc75GACnPK5yCMsa+tpQ5HDmi5OPI7ppKTdrtpr7NvN32OR005XTd3ZWvzN7afklp1turnnF7d2tnb3YvvPdoHT7NLu+8WIyx7AZJxjqMHGduPIPEmprqNyXQkAbQ+4kvJ254yAO27jOM4yTXe+M73c0qu0csSO8Nv5JUCQKMCXhsHnBwTtAYgeteX2FrBPJI9yxUKDkEsGYnv6HoAcevHt93llCKp+1ejmm2mr7pPfTZtdm7K2lztw8ORqTTle7+6yvrppfVNWtprcfYaTd3t5DbW0RcTsAgAGd7dAMZyQcN1bJOMAYr2K98Dz6Hp+lXN7NE5dleZJTl4VzypjJUAqBkDGM545Jq94Y0DSNP0mLXZ7t8w7hEiKUaJiRskkYDcSzc89j8pANQ32qjWAllNOzp5277TI247c5CkNyEyBx0PQ5ILUV8XOdZ06dlTg1zOzu/hVla10tbN9nrsetTlBqLn8T5XZva/Lfz23aXV6n1J4AOkxeFV1GAJaw2M6M11aJi4uCecOVBO7J5xwP4eteZfEe81DWb+WS1sL7ClbiFsyCWRNuCXz0jxj5c89cYOa6n4W2Ul1pV7ZwwzXESyxeW0JIt0AIBlZQSG6FsAHPII4xX1TcaHpul6RFFfWMN1dXMEJtrlYsTElQCBhTldvBBGCPc7a+CxWZYfLsfUrSXtKk5apvRatN3fZKyTbStrZ6n6Jg6FXMctpUqadOEIRbbVtUrXtZN3Wq0s3u09T8+9Kk1678zTBazJbGISXCoMsiLy6NuOV+92I5znnr6De+BtI1DT4Zbd83NxCBDazBwzSpgh8gckHJO7qM5yRz7B438Lah4fuLbUdMsrWKO7QNdva4clGAyjIQAG46kZBPOBmuf1GZX0vTrpofs95DIUR4cZMQ5yyj/VnBIbgHjrwSemeayrKnUw8eWL35NW3eNk7WsuVtp2d9EjzqmEnQ9pTxDnOUekrpWTjZq+idubdWu9LqzPJNG0STwrcQajq3kXVu2+1NuUBCYJUEqAcMuOu3t2xSavYGyvBr1peDyJJRItvAAhjU/NgAcuRyD1PykDJr2G4uNAuG060vPLxcRttn8vBeYgDdKCPlKtyTkAnjtWr4i+EcUfhaSSDVYXu7mM3dtvxGIFyG2kAhWXbhs5JYE4A4An+1qcatJYpypyq2jJ2fJL4F73ns+0dd9znp4GVWFT2HvKGur95NOD1d4t3ukkrbPureF23meK5LmO2ZxqEm10O0t+7HDSMDnH95sgHGcDqKrL4J8TWOpmO5Qz2GQ0s2CkSsQCCuCAOOfz4BGa9B8CaP8A8I59p1RryG8vZka2MaqpEZGQzFjgxgYOMgbsH2NVYPiJJDfT2upPEYYrpljgnXKynJzuY8hM9MAjsvQCulY2vGtUhhYRqUIRi2vh1aV7WVnb5/LYUMPR5YSxMnGblKKa2ik1Fc2r3bldN6Wu76GbaeH9YvpWsdMV0k2kJAzAtLtYsZADxtGAc+h4xivTvCC3OjI02spcM1pI3nJGJEiVUACmRj8pJO0ZBwOcj+9y9/44m0e+stYsrCOKWZGEAg2uBGBgNsXB2HPQAnDEjjGNix+KDeIbG9j1OK3s4plMU0Zj2byuSsqkgHkgEKcFj8uepPDjvreJgnLDx9jUkoySbUop8t3yy636K2u+yZ7OAngsPVUo1ZRqwtyJp8ra5Xd/Ck21qtN77nt17450Q6OY1+0XoigacR4OIZXHCEHIEPIbJbBA69c/Ot5Yat401C5urWGZJo1G1ApSELuGHG7CkRg4DAckZyc5PW+ENY0K3s7kS3UN5bXDv5okXE2ACyoik/6ocEYB4HpjPQHWNMghe4juQY7yJlhW2ARowvChyvZVA6/LkdOcV8/RjLLqs6eGpTc5ySi53VrqKTSvq+rf59O/HSnmdOE6taKpwSbjHlV0lHS9731vq3vfS5qeG/hlpNnpKT393aSa46KYVkEZQB+WJOc8Zyw6Y4bIr5/8faVBpHiVowkLxMmJpY1AhTy9xBj2nA3Y5HYZ5O0gdVe+Jpblrgaddyk2qmOGF2IkkkYnJzjIBPQg4HJ5Xp5rq2p3urXdtpV1IqtMpjZ2+aSJ2Pzbn65HIBJAJAJzxXuZTSzGNedfFYiU4VFbl5rcq021st0m9NdjwMwxGD+rU6OHoxjOEkvaaSlJ2s1J6atO973j0XfstOk0rXtOuLeeWONEgWNIkUGKXaPmZSV+ViQeMjkdMc15/eeFNEm1PyYpLi3tXhGxAp2mTLZGR8vzEg7W4IA5xk1oaXpc+lzSxp58ohkbygRshmAGCQMYOASzDnOMA8131vpd2THIsUV3DKqzsVxmI4IRSQc4Ukcc9BzwM+m6ksJOXs6kpQra+83KKel7pPzWyt6rU8mNJ4mCbhFuDXM7XVrK6lZp79Ve+l9Hdc14dgh05ZEvG8iO2WQW7BijkrhMSKcFgxxwAeDnHTFK4tQYLwJFFN9pR3jl3AlFJwCpJIVtpAPQZzkHNexHwHaa7YfazOd0SuJNikBLiTIWNyOSozjd2HYY44RNLsdCv54L+6hd7Rd8dtvJidRkPvPZgASefvHsTXLDEwq1JSpSXtlyppJ3vorvpy9187s6K+BrU6cPaQXsnFNPZ2fKrbNJtWVt1a1+r+P/ABLZppGovBEkykSOckMEO9sgg8jA7BdwAxkr1HO+ekbO6AiVVywI3EEjO7JzgYPXqPqK95+JwtbtBeafZq0EsgBmwu2Nl+UBXAztbptOM7s4LHFeIWtu7i5uJEjCIcMMbhkAgAZJ2g46cAn2Oa+1wOI9rh4yn7r5eVrltaSSs7p7SVnZvffS54FWioVHy6p6LSW10/i2V01dX6fdryX41LT006UbZQV8vaoMkrORyTjAK549MDI7VuizbT9LWNnbzHHzK7kbZF6IEPGenOM4JXjoeLjljtLiCc5CSSAnP3k2kAFcdOrDjB9eOa3zqEGqXaxM8nlpnYCSPMkYDaTngE4+bAwT3GNta1I8yilor8z2V72lbTvbX5a3MJLd3u0krveV0ra2erTWsl9251UFk8sdpcTRq/2eIu2VPlMFBIUNxlgeSSc5HPJ43YLqPzGMhjtFmULayAHcM4OOOdpIBGOc8g54rrbTRraPwvpv264w1w0jbANuIuhwy9WXGM9OpyDkHkrS3sNV1SCygkaKCGTYHcFhJg4IyeAcc56dQcYJr5+WJp1417XSpyfMpWaaUop6X3u/hvvo9dVyy5oTjKN76JJ2u37t7rdtLZprVprXRel+BLe1h1R7q/uZZLcqsirIG2XEik5IY9Mg8DPJ65rr9W1OO5tNWki8prOMShYrjaXBcAblB6KMZGcdieVIPnk9lqFhamdJXW2suIBtyZ0X7w+U/Lg84OMjkD0zbA3GsyzQ3dx5Md9DJDHG7MuZ2JCA4PKg8KD374Bx4M8NTrV3inUfLTdOLUb+7yuDfndpXaTtdPvZ+tSqydOFO/Vrro3ZWV3urO62tpZbniEnlW9/d7ZI0j89niK8q53bjtYZ4DZC5zjJFWZ4Le5CyCQq6AShm/jPJYhhkqOMg55zwcjJZr/h690LWDpGoMGcN50bIPlaN2OCG4JI65HBPIOc5qmSOFmgXfuZwoZvuqrcMNp445PHBOenykfbRjCpSp1YT92UYe9fSSSXTpouvvPq7Hm4iLj8W8Wt9N1FN2tvqu3VPS1tK2iVJ47oKwjVlYDIIkKcuByCwbkEcE8nHymvVNZ8dz+IdEsNHcqltp1u0UMM7MxDPkfu25IAPORk5IyDjFeWW1tLPLHYR+bNJM8SQJErF3aZwNuwDqS2MDuCAWr7J1z9kPWPCnw1v/iR4i1ZLOK00aDU4rEIwQtMAyQOzKuJGHO3k5J5IGBMsB9aaqKmp+x95yukoWSu1Jt3tp+Se5MHNL3VdaX3ad3Gz91aJK129NeaTtt8hI6ofszlfOYeWzKAzBmOOpByCSOTwMnd3w97QxwH5QHiJOVHzuG6LjoQcjIB4POB0qjZ3ME4hYna8km5Nh3M6cEKWHKnoVAJ6A7h/Fs3UTGL7RC0rmKUb4+QUA4IPUEnqc8N6cYrlrN05RTdtlZrRtd76O+t2/O7dtN4wa+KV9vRW5bLTe17vRb3sjNtkkeY+ekjoYzvSTgRheQe5wRjpk8c+lfrt+wF4Mg8GfDX4l/HvWI0hjisptL0SeRQuEhheUvGzEY/eL5ZK7jkkA55r8o7G0u9bvrHS7aIm+1a9ttPtY4/9Y8lzIsSBlAbBLMOCNuOcgYr9ov2j7u1+A37K/w9+Dmj4tdV1rT7KXVI0wkskk8a3F20oXDZWRmQg8Dnp82G3JuEEkvaySaTfwLlb8rW6r79T3cppxh7bEzty0abcW1q5tJR8r21+b66nzt+zlpMnxi+O994m1W5LRQ6rPqc4kO8SL5+YYSc4ZSBlQegzwPu1+zXxg8baf8ADT4O+NNcLEXEWijTLAj5QstxF5SrHlcEqxzkZC7eR1r4S/YN+GA0bwu/iu9s911qkzzQTGM8xIhxycHaDyCevUZq/wDt/wDjmez8KeFPA1vcgy6lO+qXkUBwzxoSqJKAQ23JGAcY6g9Kivh3jMbRofYUoJRa2jG1+66enXo7e/g8T9Ry3EYh6TqKUtVq5Sskk1vo0tG+rZ+cWn3rXU891MWme8mkmllc7gss0m4kMOM4P3hkZyM9BXYLJHAm0Ou1YwoCgo5LdfTOQeRg9uSenmWgPesYyYwqA48rgqoHO7Az028YB2t1AWu1l89iXZ2cgoOmNqr1YY5DEcnJxnqSTz9aqMKaS0VklZ32vG63vZ766Wur7HytLESneTfvSak+65rbO6uk3q30WjRots3uyyCD7qkN2zgbl9wOCB7jnOKimultkdWZQqSHEinJcN0UgcchiMHqM89lpTSRi33SuJDJJuDkEsFXsqqo4+ViAORgcYzWbIyzEQElEwZWdyScE5B7EEnpz05C5BFNx8k+/d3tZPe3e6a23Qp1Un7zbut77uTjdNPS2t007NemrJ7qMytuQhCoZAcqQzHglACQDu6jBBORjnMUeyUrEG2ZJbzSvp8yrzg5OMZAyM89KieWMo3AI3EIzZEjEZHB5yMY5z6n2qlbmQ4k3uWLOuzcRwpO7nPUE89OB/dHOquu0Xpt/wBu2/Tbo1rYwjGHMkpLW13p8L5Xp2tptpZNq61XTxSPGwMKiViCSx6LIuAc54C4HPUgrivnv4p2kt/rluxQNvgUZiwCmM8MM4wNp45HG4jg49vhnuUYiLDqIwCMHYCcZBIOS59cg4OSoJzXHeKbW2ur63eUBGWFsGPPzsPlVGK9NxKg54JYjB60V5pUJOz0u3u76RW+qeqd9rdjenRc7RXNFNxWt7Pmsr3b16v13s9/sb/glX+yhe/Hr9oG01SQm28K/DRIfFGram8YCG7t/nt7PeQAHlwxU5+XaDxX6H+Pf2cPh38Vfir+2J8WJJUu9O+EfhyaLTrRiI11DUkhULftcZBa5t2UBU5Bxhuen1n/AMEzPh9oPwW/Zy0+SOIJ4l8eWN14n167jUC4/slYJWt7aR+G8qMLlQSAB0D5Ir5v+NOqf8Kt/Yc+O/j62jfSL74sfE+/she3LAPqWkyXTQiKEjDPFtjPQEEk4Gc1+P185q4nNK/spSio1qGCpcjd/wB5XhKbXRNxjLa/RNH6pg8kpYPLKPt1CUnSqYmtdbWp3irPpFNJ6W09D8RJbhJljePC5QuS5G7hn2ggbhjbgHnkdTWMdssRMjDzGcgMnIwhzgdQBjJPQtzj2rpc2txp1vcWcjPEVQoy8qXZR5isScDB7bsk8HPJprhlhYWzM/3TlwoVHY52KpwBjgHoSByRzX7Zh+X2FJtauEJPrd2jq18m2tF8j8mxUYutLlWjk3Zap7O6S06d9VZ7NW9g+BHg1fH/AMUvB3hlSWF7rNtNckqWBtIZVZ2IOBtAXkHqTgZzg/cn/BTTxba29x8PPhbYOYIdA0xbu6RW+RX8owJujyDyiKRkEjI4rnv+Cbfgb+2viTrfi2+t0a18OaZshuHBKxXFwH3EDG0MgGTgg5Gema+ZP2wPG8nj34++NtQNz9qttNvH0u1wAw8q2BjbaScDlG+UDgkcc1+U1L514k06a9/D5Hg1NbuMa1Xle2vvapaaq2r11/SYwjkvh9OrdRrZxiVFS0UnShZL+X3dG9LLXZ81z5yhMINvGXUqFZ8pnuAAGz8oycZ789gMi+zu7RBWB2xszAMSCT2IyCfvHoCBjIx3yo7fy42MchJdgQgUbtp6jnOCQeg4Hb0FmzIaTcSQUdlEbk/KDkksRnOOB0OOPTNftsZ2hBOzUYR0bUWr2vdXaaS3v92tz8ZnzyndNWvrfrrF799nd3v2dzV8/bsVVKtIArbHGxSpAI+U7ccAjoema+kv2Vv2a9S/ah+J0fw+0/xFpvhS3htmvdT1nVriKFI4Bk4hMrLvkZhtC5bg5OAMH5fknQCVfmHlt8gTcS3UkkjlcH5MNgHACjuZNK8T+IfDdz9u8O6xqeiX7/L9r0u5ls59pGWjZ4XDHPPJxuPT1PPjHWqYeoqNSMKsotQnJcyi5cqUnFb7ddNOyR1YSpRpYmlPEwdWjGS54RbTa0TV4pWbfV+ezP3S1z/gh742isXk8LfGTw1qtxKw+xwXBQLMGHBDREkseCxGc5PAA5+fvFn/AASQ/aw8D2V5f6bp+i+K4bJMPFpN0vmSvkDOyV/3hJGSMZyCfp8b+DP2lP2r7Lybjwl43+IOqQ6eQFNqdR1OJNgyFkxvUMR94FuxOGKg1+0X7C/7UH7XXxQOsT+P4JY/BHhy0jhm1jWbR9Pu5tRkbATFwsZmIXBYjeBz6Zr4DG188y+MpVq2FxNPTVrlqWduiUdbXdr3tpd3aP0DA4bIs1qU4UKWKwtTlveXM4OytZT2tp+Om5d0b4eeKf2Lf2J9b1/QPAuo6h8cfE1vJBqK6XbNcaraz38fkhPMtUknSCygckhPl8yNe23H5e+GP2+P2sPhnBZ2euxarc2emyeclt4i0i8R1dn3kyXNxCjkjpknO084OCf1/wDi9/wU98DfBr4m33hDXvD1x4n06HSVUajZRCSGfUG2m5jjWRTC3lSB0ZgcryPavKLj/gqD+xX8QNPubPx58LoY3uYXhmk1Hw/p9xsUnG8Mqlg3ORjHXIPJrxaM68uerXy6WJVaXtHNK7a91Riopt2St6a31Pfr0qNL2VLD5lDCyowUfZuzTcUrOXNve61drNdz82f2i/8Agpv8Tvjx8PG+Ht3ZW2g2d9Gg12axLk6jEowYmZsbVGBhVwAM8cV+Yn2os8ckhUwgEqXyQACMEY4GeMkDqM9QK+qf2z/Fn7Pfi74jpq37PmmPpPhebT421G3KmGBr8k7/ALPFwsaliMoqgA9uufj6I+epWI7lAVQpOcHg42nO3vgjnAGexP2uUwoUsMpUsO8Mqnvuk9JqTtdSi76q2nlou58JmlevWxcoVa0cR7JtRqQ+FpWbtou6uttlqdPDI8jGVCqqp3KrAFWQ4HBwCQO44HHQnFaE+oXFvFGn+tyVbBYGONexB4x0A4BBIAPpXN2xZVCk52kAbgQNoyWOASDjI+o9DxTXe7MjIil4ifMO5/kZASvQE4BZhtAJBxnHBrum2oS95u2ndKyXRrfppfXZLpxWtHRNO2tmnr7urvq27W0urJ6LW/Vj4m3Og2N9p1pGFmv5EQ3mAAiufnRWOfkxncOv1INcDrV0NSgZZjaTw+a1zOZcEyMxBOGP3l55AP8AD6Vc1HwnPdLE7tKszq93BAASJdwLFQBkKF42g9gOcdfMbW1ubu6vLC6aWKYSNDDCy4VQMhgSQV6ZOSTk9OCRXxNearVKsvaWcZSSimtFG13qvX57nBXrV5SUU7pK0VtZKya00tru1v5WR67D4g0+HTLJLC9kWOyaJpbVAqJJIvRU+7+7TBAwOR3Pfp7fXtK1CVtQvNNgN2YR9mknT5yqj5nDEZQjAwcbhjn0rhLPwxBpenCcsJpTGjoZiCPNGR8m3JIGCrA5wOSp6miss0UsMV+VW1fLNIjEBI2BJQYAKgjnGTjBzyBj52UIVajjQlO8ZJytzLR2V29dEk1bSO78zsc63JFz0VlotknypNttpaaXur9bEHxO8VXOpaStnaWoZZmaCARqAYlI2FlK/MSSOpxxydvSvHPD/gHUnu0uNcspl0ojz/OZPmZSvyliAcZ6kcnnr0r1tNR0pb65hK/aFf8A1LSgMsbcAODg4GT1Gc844xi5quvnSNLlS5l3tLDi2SF93lKQWHy8A8kHDcfXPHuYWvWw9BUKMVKUrJyk/hfurlbe6b83ZXe7PPlVcr8zs7tO9vs2912aTTsrNXa8jh9Z8GWFvo15d2uoukYbzkt2JUqIydq7Cqg7sgZHsQTwa8Y0PTLjUtUWC0WRVldvPCkMyIMg4zyVIOccE+ma9r02WSdJrnUrk3MTxHyLeWI4eIjJ3HGchcheMZ64GCKCHSLSeW70uPyrnY/mrGu0BsAbQ4AwucAjqPQ5xXdQxFanCpTmuepLbrq2l3knbW9nbW3Yn2yjaLWllqtXdNK91dNW0euq100PPdd8IX+n3McFsftiTIdixkkpwRucAqQ/QnIGPujOAK5Sa3ls5fIeMrNbMGlV1fauDuyWYDOBg8EgHAB3cV7ki6w7w6jZRCZihEseMhEyAVJPJYjnJzkj2GfM/Fs929w95eW/2VZ0CJEVOX2nB+7yQRg/MOnAb5hjvwWIm7Rmk3e1o66Wi9r62e/yV+28ZRltK6te+l7NKz0tvokr73S7HOidpneVYQ37s+W4Bwh246DOMevucZ617H+zmkx+M3gWeQNuGqoHBABxvQDae2RjOeg7cV4tp0oeV+dscYBVOQpIxxxgEZPXAOQR9Pob9n1mb4y+BWjRPm1FWPUAHcgJHTPB9e54FerSa9tTWivOK6b3St1dlZ62WyCbSjN3+zLVN2v1v1su/lc/eLV3KOgAfDtGPLJA5wM4OeM4449z1xUNuDsVVBVtzF1J4CnnbjgYKjPPOTzk7a0NYgdmhllGQR8hG7jCgDgDqePYg9OMVWtAZMsTgcAo2csQR/Flsd+c5buDivuaMZcsW73stdLWfLfbfbS/dJas+DxM5e2fvdbyvu9E15rr3avtffk/EEW4sY+itgLkEkhQcZHUcDOOhPpgD588dlFgZSdxbeQEwyouOcgenB79gDjmvpDXYYy8hGcspU8YVSM5wcdcd+/Br5q+IMaJFMF3bUDYZQMk7cn2LZOehGcj2rDEQlyNtqT1b8rtOyve2n3Xta2h05bKaqvXrqk731Wll5bbq70Wmvx741mEQuMyFkKFMgnDZPHy8YbpkDH1HU/Fnj0+Zq52EgCHhT8u0cknPcnIJHJByST0r7A8Ys8omkBDAK+IwR8uCAWOepAAJHI+oFfH3jVnbWWLbdgiXLYPzHgBTwQDnA9cnnnp83jFFXa1s9GtNbLS1tOi/HTVv6qlzO3M3oklppq1q9eySa20jZnExRBpQACQVwDu+UEnnk8nHfIx15Iya9j+E3gbS/FmpXOn6kk0s5ZFt0Q/KMMMuzNncB8wwSACAByMHy7T7CS8lWGGN5XcHy0jySzE4bHQ8c59eR1HH238LNL0/wAKaLYai6J/al1vjmicAXEKyDBcHGSx689OoxkCvl80xksNh5KnK1eatGz5m7yS0Sul8XXtfZJHLmuInRw0oUm1VkrR5U+ZJ8q5opXdlzetlpc5T4hfAax0We0Gg3AezcwvcRuf3yMwBk2gdOOABjOOcHNdn4I/Z98OahoWo6tLcvbarp1wlzCky7lZI/nUBWwNz4HGO3ryF8eeItrWs8E9xNFHKu6Vd2XkUk+W3H3VxhSOBnHXr6d4Jvb7UPD8molzaGQM7RSNnzgg/hUkBsKSMZ+8OBg4PzdXOcwhhISlKOt4zbV5L4dNI762trrr3t8xVrZi8LBTrScm3GXV2tHda7Xu3urJprpVvtTmi0S3i1KCW4a1WOGB1GwMqAKFRQAWUELk49CONpHmi388+rTW06yPGD5ot1QEjHKY2k4AIAIB4KkbjxntvEWu2VvbsLlmMcaF4ZJDtXzjwEI7qvTGMYGAAcEefaXrUMlwbseXNdSTeU5QlQsJIX5mAzjgZBwDzjGcV5lGDmqlWVPSU+dpW969tbpczd9k331MsNho0o8zi1eSlOySvtqrK7bbbWqXq7nsPhbW43jyIXNwGIFqqqVcDI34wT3BBIJBJzgmuN8YaxNL4p0a0uYWlgt4ZSVZMNFuJyWAwAUGDk8kKC2duT33ho6NZspjUtevJiUxghvIflvLxleMYyoJwPfnxr4na3IvjSK405D9nnSO1SJ8KwD/ACO5OcgnGCOMlf4sc82DpKpi6iUGoqm3Kz81fTZt9lu9XptFGnzYibitFTbe2m2ltVdafPVWNLQ9SttO1JrmG7eRxcOQY/lYIWy4dsDAQDA7jtgGvetP16LP220vFKCH5pJWKnC4ZghOCZQTgYwOcbRmvnhNN2QtDBHGxDxzvIu0yF5DllIHBHBOQBxg/Xo5IfKtLO2WaZ4XzJI4O0LKcYjwM8ckYHXnP3jWGPy6lXmnK/NtZJpWVm2n5J2Wmt3ujLEYeNWCjLdaNJys/hTtKW9k7W0vpZLp7Zf+PNE1xYVS7C3W4pL5YMpIj6ckfePO8gcjvVqGbSdcYQ+aqzrC8PkGNQhdVZlnBb5c9CRncQDkkjB8ztfA9u+nxXWjT7bx4y6TyMfLEpXdJEYznadqsVJ6478ViaLBrP8Aasmmy3MjTM7tLJA2wQshw44YFVyfmHbPHfDwlGjRgp06nu0mpOMmtWktk9Hdq1rWTerZ5McupxUpUpOLi4tpvfWLej01aSstt7a6eZeOfC+uW2uPIUF/HLJIIXiJkeGAcqqnBxgryF647nrVRtTNnb3kNs7XFpIkbxIjBRsIUNMcgbiB6kD5sgMTn6G1Wa3sILqym8rcgRlvHX51lbAaNdy7mLHpjoOCMcVzHhXVLSSV7WWC3jtnndZHZAVuGbJUZH3WZjknIOO+ea+pw+ZudB2gnyLe19rau101brZa2SWlj6PCY+ccP7N0+ZUkoq922la7aas2rfi7Wscp4V/tGG5nvJGlkuLlmzEQrKgKjlypIBwD02kqAOoOfSLbWJBb3EVuBbusYefZu3CVcZaMEL8xK5JYcYYEkcnoZLG0S6mGkW0AlkRWPlFSkbRYLB1HJyoA6AE8Z5weQ1Se60uSRI44GF0Ak0pAVUYsEcP9Mjj7pYHnisPautNacrk7qN5PRtXejT7aN6667Hl16n1uopySjFyVrczsr7qzV0+treiWhmjWYpbrzbyV5I5YyX3vuVinRZIiedwGDxkg4HOAPJPFH9n6lqd29reyaaQA0dsA0bOQwJ2bSMdDj2HqawfEusvp3iiGONmmcAswD7beQMxK555IyABzzzuwavXlzodzcx6gzn7QIGaRmYBI5RnKkE/N5bEhSAWJwOeSfawmFnDlnGNubXli2+kbXabej1tvZ9Xq/qcqwDouNRO0Jbxu3fRJXs7u3RX1vp1ZHDbW1ss1zM0zziNHhWQtmTbtX5geu8/N8x9DjOMZazzpHMWjQSOpaNEbEsfzg7Rx6Bc4x2Jya55vF63d9DEkMrKkrRmUlgZHQnGVBOF4BHUYOFByc9faaeI4Lq7vH2STRmaNSQXRCQzCJixBJzyrDhflHpXsxhGEY8yTd1e2vSLu3vZaNXsk09UtF9G4u107afmot3vtZq2ltNtdDIn8Qz62ttpE8Mh8u4SANFgzPtILEjO4Dg5x6Z64z/RP/wAEWvhzZ6X4G+NvxNlkZ7m9vbTwtpzspDLbtGJbhEJ+Y7ZkVWxkA9+tfzRWOrRadq17fwJILyNpRAG+ZApDAM4YkDdwCBgg/d6iv7HP+CcPg+XwJ+xp8P4ruySz1jxZLeeJtQkceW9wl5MsltI2Bll2E7cnJHfBFe5llNOtFLZR5tfRXasmujs9N1fXQ6cupqpWU7L3Fe69Y7v1V9lbZXPrm7QWiW/GSsM07oByzKrHLgjOOPmI3AjPBGK/PC28J6vZSfFX4la5HNBpl/q8ehwOWMObW7vFFxsYkNzAHQbeeTjrmv0XsbGTXLu8zMI40jkiDrklS4Ynb/tHtn655AHwz+2347svBkXgX4XaSFhm1W7tdY1ePcFDCAhUEqL95pQ2RnGT0zwa/J/FfNa06uByTC+9PFVPaV5J/BRoqM5ttXtdRStbVvzVv2bg7AQVHE5jiNKdGPLS0u5VKnLCPq7O+iWrb31KXxdvPhp8TfE3gvw/4C0GwttD8FeE7KxtmkQW73Gu3IjilZGAAmmMzk7mJY9yxGa/pN8Zaen7OX/BMGTRn/cana/B3VNWnRQEKX2paexcsF53KsoUMxJY5zn5a/nU+C3wO8afFbXvg4PAugSTwXnj6yk8QTCMIG0y2vILmeU8hjEixHIyQOCFxX9Af/BWDWpfDn7Efxeitnkd/wDhDdN8PaZawZyiyWkUDRRBB8pkdBkDklVIzt4/lTPMbS/tPIsqo4qdaMszpQqQdTmUJ1cTShNy1Sb0npZcqe29/vcbh5TVKc6MacvZ1MQ2o2cqdKhajyppN2m15XSXRW/y4viFqN3qfi3xPJPvaS41nULlpXc+ZumvLiTnJ6c8Z9R6msKz066k8pvKcBUMiser8DPB6gY6jj64NegfErw1qGieK7vT9Rs5bW9mZLmXzlkjcpO5cGUkDD8544569hqXGlm00/TCqos80JWNi4IdSoOfyBIHqMZAOK/vDBOMsJh3Bx5Y0aUItXtZQj25tlbolqkrJH8v4uhUji8QpKfMqsr6dXO9pLdb9dm0fsj/AMEtdf1weHNR8PtJM9udS8y3Cu0ghjP3gMnAGM8dzgda/ZIzwWUrJJBLJOZ/vABVde6vkfNg4x94dvmyTX4z/wDBL0Xen2mutHbPzNvM0mQjBQ3CsOh46cAAfNg1+qeu+L9Sg8ySS1M4WU5EYHmxBeoyoyfrjJBPOcKfhcfSlUzOpCCjG8tbWbtaLbSVlrd9dbWXl+ycP1PZ5Dhp1FJtRcVe70Si7Jeqeuu2z66+uS2MlwWvlha3cM6FlK+SFAAVcDruzkHAH3ga8Q8RW1jLNdNZXUdvGsmQpcqzsDnC8gBcgcnk9PlAObWpePNOvwEm8+3KgqVkJK727nJ6Y6jjsAQMAcTqa2Woq0xuwGmZREVI4wQAHwcj0yQCc19PlGGlT5Vro073dtbJXbu0ldpJK+utlY8HNsRCs3JK6eq1ad7R3erUd7Ws7t82mpZtri5hnUwOzqyqsoRsIeQDLkEswIwOoHAOcZpniK+nljjVsQ7FZdwyyuAOEYnOSeTk/dJJOSMjCZJbFRPHdCbaVDxglQSv90DtuHB65PHPFYOqavftDcL5O4jhQzbhGjdeSeABgj5gR25Ir7TDUnNwlJu1kko9LNP3n06LXV67HxuJmrpK9rpJpWdm03dfCtrPrvexgSX97cTtaqUZv9XK3y7Y1J4bJwc5IG7PbI7Y0rewuYY0aHy/MO4faXG0tgdG28r6Kc84yOOa4yzgvI7u5nKsFlIJJO1GXuFAJ5B5xxuHDE10ceotFEYQJFHBRmJ2ZJwwI5zhucHOP1r1pqMlBK8X3Xey300W6s9NG21uvNlGTV23fsrXskn212tbTV673J59a1C3xDP/AKW0WFZSS20Fhu4GQykYIJzjA9M1rWMmj3MJkuF2u6ssqBQGUsWUYPBGMZC4BAxxnIGQtzDJKo2qsm5SZlAOVyBk5zkA5xnoeeMYrooNPt7uHZFJu83PmlAAQwJw3cgDAyuRk5J46L2UVJXS1103v7r1u02r90r637GMYuorNJq2731SdrNu/norLVuxlnS9NCn7NdRBGVwUdzGyZyyncCDv/JWzt2njOVFp83nyG2uPMwu1PKcYBYgZbGMg4AP0Of8Aau6n4auAWjjmDfMfmZyrnjKqFwMgnvjj7pANcyNP1+3yUBUQhVZYj80gJzz0JAAGcYOfrmhQ5KkVFXUd3yp7qOjvZKytdu7+TuEIRg+VRtZ200V2o3baXutLu291Z2HahaeIIHaZpHlTKxbMljz/ABbAcFsDqBj8K6LRn8qIR3I2TxpmQsmN28/KCMAjgdAeCMg561bSTUFEZuImaWZwFWXcDGQ2N2WHI6cei84HXsDd2yxMtzaxeYIwJWH3ySvykbeR64BBAxVRa5pWsubrrdrR2fW7S0SeqVtGjtw1OXtHO7a0aT9Va++unS11puhoudPa2COAJATkISFByclsdML6g5IzwDVSO8tE/dQTKyhwB5bAu6HrnnIAbA/Xoc1wWt6/YQXckKu9sB2LHL44IySeQBzznPTIrL027DTCaCQyRO2I2U7SuTgkgHIYEj2OM9CMTNKKWkdFvfdJrW3r+b80erB1LK8eiTaurJNK+z0VrX81bz9VupYJZDkmL7gdMZwMDBDAE5PcDjPQn7px72zndz9mnbdGImAY4jIAGQy9c46k9MZBxxVmJJRF5jMs4IVtpB3MpG5iOCxAxwMdvUA0+0ulV83kQYBfvn5sj+AMOo6AFhk5OMYBrC8ZXXuqVuqd0k1dveLej03e61Gm21fTsmtNOVXbTas7W1tr11Om8P3jWQAuhIrbiGlQMUD9RxuBKkdFAJ7jAzXp+halpkziOYxlvn/eNkMEJ56DHHAZcgcjgHNcFo19YXQ8t2WNGHyRuqnJU84JOec4wTnjucZ66207T7iXfATavtIMqnCKV+UhVTKkk4yDjp8ucEV5VWzUlZO11dXau7JKzb6a99PLX0cPLltZ6NWst7K1+r73v69D0W3ksykESvGwDq8QgYHYdwJ3cj5s9Nw3AdevHqOi3MtsAd7tsKFFDFWOQewznoOp9uc5r50TRtShlAtJ/MBUsXX7oYkH5+f4gDjjjsRXRWOu6pp00SXMjTRoEZW3sGMhbG1gSG9cfLgnp1Br5vMsPz0U17ruvd1VtIJL3tXbbfa9r6nt4HEKnG8k4vmWy0t7qtrHXVtvyS6pn2T4V128ivIzO8hXJJjY7SqHBXBySevHUgY5HSvuL4d68ge0ecSfcXCk9M42tknJPOed3LfeIzn83/CHiZZGgmuoY0ZSMxyHl1IUK+cE5U5wAQCRX2J4B8XWZaALLC6xnHzPk9ASBwCAoxngZz0yK/A/EXIquLw9XlpyleDUnZu6aT1WvT59G2fuvAudU6PsIzqJP3fJ68tl6211+Vrs/SvwzrMD28Sl3kXZ0JGEOMkHPHA5PXIOSDuNfhv/AMFb9J/4Sz48fs66fKl89ijO7XMKu0MRLrtWRlAUIerbsdMdcAfrb4T8T2f2ZCxiKsm4EkqcPxkkfwnA46kAnB5z8F/tW3sPi/x34ctHjiumt9QsoLOUxozQAzZZI5sbkDYG8cnHXrX83+EnBOY4PxVwOMp05ulSq1nPmTioxqQ5LNtdb6WurrfY+58T83y6PBeY1OaKqVKNOEHF+85qcWtW20nZ67WfU3P2ldMTwX+xPrEenSLFBqA06xW4VSAxe1RXJYqqkHqQMA85HC4/mH+FPw++3+MbnXLeeORdMvGjZHClZXedySpxyAWLZHochup/pO/4KWeJW8M/sUeF9Bhnt7WbVtdgt1y2HIgt495GQCwz3PfORxX4O/sV+FJvF3jMae6NPbtfTm43uTDKwYkHA9SDnBB5weOn9zca42WWweNnKUY0KUYvZJJSjstetmrNN6p9WfypwXgIZtSjhWk3Xq1Zxbe0rJ83aT0vd3ej9D6Ogbxvcy6Bptxd3FzpEOqwwW4j3ratAp3vA7hhvIOSF6AZyOBj2e/t79LqdYmMSui+UiNhGVAQxOCAfuntyR0yRW342spPAninw74aWC3aCW/vdRW12nKReSqLIrc5QspwT0xnoAa6HQrSPW2nvrhVTypXVYyuCoLHOSAOF5wchSP72c19rwpXWNyLCY+Fr4mPOr2uopJaPTWSsk9eltkzwM4wqwOa4rCNvnoS5Oity2T08ubVttuyPnDxSkep+NPh9o88ph8vWIL64Z3DRmGzYSvkEkEEgg56gHgHBr+eX9s7xY3jL9pH4l6jDKrxnX57K3ctujaGwY26hc8ADYNoHUgAKeSP32+LNxDoPiTxDrsIlWHw/wCFtbvIpefkm+yzFNuSB8rZAIPZcEBTX8vvijVptc8R6tqd27TT6nqeoXstzI2CfOuJGVWJwSMlRuJ4JPI6V9RmmIWHyWlhk3z4iv7WWqT5YRjGN9Lv3m32XboflGb0nis/jiHdxoYf2UXra9Sd2lvb3YLte9nbUqwwwSK+75WVNjtECVV1+4Wb5WJJXJwSQARgjkwyxvA7xXN0ZUkVWUglvLz3UMeMEnd7ZOOorHiFyl15Fo8r+YSGkjkD5Y428Z6YIHr7HitMvPakW9xEZg5CrI4wdwXkq4PIUgggnAAzz0PwE21bd9WmtWtmle+999OvmazXLFKK1tqrLmfw3SWnRPu+q3RrRxwCIJG7yPGm+Uj5BIOOCDgcdeMc4zxWLc6dEDLJGzbmbckbBgRkjIJOMqD0yemDuGeL8TRz2zB50ieF8hAwDOuf7ynrtyOpI5Gdud0M8sNyCySyIsCD5GO1pOfqBz2x044znHLFyu73ey19E1u9rb+ehnCcr2d9rO6W+lrp3eiS66uy3P0o+EviEX/wV0S3EsZubB5LZ4UkDMgDfKxXPBYDcAARtGTxXZ6RdlWIcjdKu4vghlwBlehIPIOeRgggdj8FfCT4mWXg9LnSdVeaKx1GUSRFnLLDICCARnG05AJ7nAIXOa+ztA1e01aG3u7W6SW3mXeXjII+YHCkruxknoMYOOmRXsqvGpQiua0oxjGS72SX49tdEvl9NlnvKLve1rxW9/deq0a0bsne+mu43X5pZPtGGVQjMAQ2VcbwvBzw2RjnGfvZAwTkaVGxdWbYjY3RmQjc3bkDC5bHDHoGIKnoLWrksJ4wHZCxclnZWAxnAGGHUjOQe2O1R6KsVzLGd21YHRGU5fLHHBOPunjpkZPr1mKTgrtXint095Xst9O3ZdWe7STc0kr77tXu7XvveNt3vufUHgJRHbpgruARSiHkuRlSeqkHnGegIAwOa+j9GnQ28cTEAlSqgbn/AHp4bJOSDxxye3GCBXzb4KZYF3RZyh3BCCu/HBLEcAdgM17Zp2pHzEgRolkxvKBhu3sMqo44yR1ByOmTzXh14PnlazSaeltrxetu1pfNroe/RpytF632dldNNrRu3S19GtbXTPGf2rkVfhL4qUL8ptCu5iByAQSSOCcjtnOeMkV+DMaRmSJWZCgZ3DMMFyMnB7be3DZOPz/e39p60uLj4NeJiyqJHspJm3ZOQQQxB5GQT6dck4xX4Eyo8c0KSLK4Zxt2ggA5IKjjnr6e3pXRhWpULuSdnZ91ta6aa+b9eqPkeJ6coYmhKVrOmrdOsb6WvZbt+W5LcXbwktDGGjmlChWwEbYdpCnHrx0HYk81PLcLcwmMhRESjTIvITtjOQRn0BxVie3QRSJMFZImymDghgASuPp1xznn1BywTAglVWVbnghuFXBG0MASV579+vArpi7rZ9Em9dLJdU313v0TWtj5Vy8ne9lqrO7itNNdfPZvbYbPpdrAon8xsSErvK5yGxt3ZztYDn8s4xVZElsJRHbmVg2WaUH5cOoABJHQZ6c54x6VqWtyZvMgnWJyyBELMME7h8w5wGHUYbJBIJHIFSN3gluYZ5F8qXKIVOSAOPk5GcfUHqcZJArmbVpK+mt07NaPvo3fR2f4apNy0b037X1Wj2t+e++xo2t8Ut9roVk3OFYFszAnkDCnDAevQtg45arJtVliaW3BQxN5js7EHgZOCcbgQCCvTHqFNZFlw7B3dTbsZIQVbAxgYORt6EHOTwMH36UC1aOKX7SC0xzKoABDN/AFOAcknJ6Hk9OawkuWWzSetm9OjevW/V2u36JEOKTXLHWT2Vmto7vW1rN6drvcxLbU1TMjxNHK5ZEdS4VQcoCTtx6HAyBkn0NalpJZ3RTzZm8/zCr7WYNICMDYR/d69ee+PvVA8FpO00DrsjST92vCncVOApA5IYZHZcYOByca1trm1uRDMXRZJAYpCoIRQeSWAPzY5J6Yx25CcYyTsrer0tpZXTS93ZLTS2z2iVJNOXNyt2lZ7bR7W123vqn5mnqmnC2XepDxPKVDN87qD8u2RccEAggg52kDnpWQdPVLZnjnLSMH5jO7enIxjORtYAEYBIx6gnrBc+UJIbhIZIVbAlckF8gAqOuXGcjJ9+uMc/OsKSSXVuzSRKzBVztwuSWywPB4x0yRk9GxRTdRLlk+1tkpLSzSXl87pab3IVJP3JJpuyv0to0nrdtPstd+7M2G3kjgidkYbWOWVsuwxgDB6j/d5A6dxV9plVWDQgTcHdgkhSOcjsFBzxxk1SjuASJA5CiX5EyfkJwe+N2CcMMgE9MYq/dXMSvGCqC42nznGSTuHGeMFcdjx744FTvzK6u9dLqyfu6e67WW1pK/VM3Sbaacrt3dnbfkb2ab3279N2ZkwjV3fe7MVVomAITsMEY5GSDjn5emetPKFpt8pBKxh2AXBGAPlBOcqcEjnqc9ABV9I47mJUYu0gY7U24Kt1UAnIA4OcE9RyTioTDcyuUZTEUBBOM52ELnI7EZIVsADI4xVRldWWlulnbZXavv2unp11NFJ7S1tey17J3um7u9731SfLe9mmRGG8Ekb8FySgydq7evzDgjAO7PTPA70S2vlkYl3hQhUbv3hJ6jJP3RjhSWyOmOAGxRGGbEZIPLEhQDnPQEEDJOM8jOTnOMU65VJG8wM4chVYLuKg/w/NjjkHA4xyeOapp2stL2t03t+mn3ai5ru1/TWys1rZ/nto7l2CCMRtJI2X2sShJI+Y4AAAJyOM+544O2rlnBHkRS7MCJWVGPzgkj+EY+9xgc85IxnB56OV4leUsWUDAyeVZcYP8AdLMOcnnjJIBzW3Yst7smdwrqdpA5I2jO5m6cDsOTxnJxXNUjJattrVXvZLma6WWj1u/TfpMl1Vra6+Ta3tdNd/NO/ntXNiJY2kiVI5o1VmCllDquORnbzgZ6YJwOnI7X4aeKZvCfjbwrrsUkkU2l6rZTtJkkFPNVXUE7sBhww6cHHPJ85nN3NISsjMVkEawqwyynOWyCSeg/vZwOldFaWt/f3UVrZWk9xe7oWSC0haeYsHyuwRh2zux6BSe/Q3h6k6FalUi/fhKlKDTbkuWUWrNO1nZttXV/kOGjs1f4bxu7uN0mtrNNXvbz9F+x37Tek32pv4Q+J2jZks/E+jW0Nz9mVSPPigX55HUAZcMScn5uQDy1fI8M9/bzb5I5ZYmZkxcPtKsOeMkjAPTjGcjjIr9C/DXhjWvGv7J+kW+q2N3Ya94e06GZoJkYTKbRCVBj5dXljIPAB4Ofu8/BNzdiNXiuLdLlYpCjq33xICVO7cVIwRgKOD/eFfpGc4OcZ4fGQbUMdQp4izTsqkoQU0kk7Ny1t59NT1Mqxca1GVKWrw85UXd3XuqLjbRqzjs3o/Kxlm4knUmS3cjcFR94ZV2kg5B6qAfmAGMDHamSXdxEoiiktt75cKsjBUIIGdhwu4c7sYPA9AKel9poISS3uIGI+UBise7OCSuc45HPGckY9Lc2maPIgczFzIqlHjUAqW5ZSewOcA9ueM9PFVOqndPdX0auvhd3p0d7XtbtoeumpRfL8T3u1s7dUk79FrZX/wATEtdY1G2VU3SRhnLCaIc9DllPUH88H6iulsfiRrunFIY9WuZ8fMIZDkMD8pADduOx46fdwTzrW1rAUa3udrhFCRuXKEDI5yMADI5Jx0yRzUUtjLHKrXAUjaSs6QqxVjhgpI/vdOc8j2BO8a1Wn8SktVZ80vy0Vn3d9ddbO9+zjKPu8tn1sr/g0lvZNrzd7nrdh8YtafEM6K/zNtljRRLGEAbHBx9dw+b0JGT21h8YrHCpd3E/mumxmaJSmVB+V0wVYZyM4yc4LYNfM0aWcUikyGNiGZ5FLqCSW2hkxgZOAcHcT9CKkM1mTsjeNZOcjzGyQDy3oGG5QAehz0zQ8TWltLS92pWuttFblT0231u+rKVFRjeTStq76p7Wdo21uvXayd7n1f8A8Jt4TuFL3MthfPLhZIrqFU2biMkZXpyW5Gd2D0rRlsPA+tQD/Q9MQKqY+zsMuOuCEAYN/CpOT07Dj5CVTIrOCyAHmPG4yYH3tw3ZJA4yOP8AZwCUg1C5gdYbO9u4AysxYuVUEEkL82MkYyBkAENgcVm6ykuWUIOzV2krybtpq21qtduq7lwTj1fK3ovVxdrO71ts5JJ3XSx9Xaz8OPBV3ZNNDqX2FkjAWP5pUjkJxtlDA4ViMD5eM8k8A+e+HLVvh/4r0bXbC8ty9jq1t506HaptWkAlRoxhQWjJBwMepFeXWniXxTFJ5KXksyS5bEpDqVTOHJJABHTB4LHnrWnda/faiEhvIbdWaMqVTars6DiXrwxwWAzyucE8VgqcE1UjBQkndKKbd1yWbv2trZX6rcpznJSUk3pZtXT3jHXXbbb0ex03/BST4cW17qXhT4q20cKWutWEFtdSWuAJmlgWSGRtgwdqkAMw6AZwc4/I1opI5vOilISCXYQww+NzDO4YOQVPIwCeMjiv3L+JMS/F39kWaNnF3rvhEyRZ2h5ka1YNGuRz8tvGNrKFK8YOBivw2vopY5nhd3IyyyMwc7WRiNmMdN2RyCfUcCvPzfDctaFZX5cRCMr73aUU7+d29Nrpb2SPCrQd/eV2pNXe/Rq9+mzu7bnQ2+uyxrHhS5hZS+TlX2gbWBOMNwCSGYHnOWBJ9a03xY0sdhcBoGUjy5VOPlAPR8L1CjgHpnkcAn5737o0QjZuJjL5XB24+Y9sYA75PAOAa6jRZGiX7Hlf3kilZQckHBIII6ZB6djkew+ZxWBp1abc09NV3u2tPxfe+10medVg4WkoNtNPT4ldp362Wtut0r7vX6bjl03VLZ0EwcuAEK/N5IcFtpHB2n3wB6jIFUdH1rUvC1+lzpl+Le9spRcW0sfXdC4KK/zDrjnJw2fmwOK8vs9RmspYgkpjG8LI2QFIXJ3H3K9R97nj1rck1G2u5VjQIzFijzo24FT825j0JIGecD+Ecc18hPCTw1SXIkqbkmtbu0Wm2tVZbaLzunY5XiFCSbvBq1mnLVpL3tnbdre2/bT6+8Q+L/h38fPBltpfxJtNO8NePrMOun+KbOCKJdSKqPKTUnUDeSQAXLE8k9cGvhHxZ4M13whP9g1e0N5o9w7mx1GAGa2liX7skUyb1Xcu0kbicYB5yB3UcMyu0bkSRZxDuPG1wB8mCTkDO3JHPIxzX0b8G/ib4J8OafeeB/i74YHiLwTqfm28d9tV9U0iSVW/e2UjEurRuQ3ykY29CCK9vL8dyWi6knblaT01927V73vu0tdkkz18LjoYlRjUlGErKKltfZe83pJNK6b300uk3+cGq6GY1NxaHdAxLjGQ6nPKnqOOARknPJ71yMiFGICv8rhn3H68Y749eTjHWv0B+L/7Osug6e/jv4X3j+MfhvdM1yZrTMt9oiTEsINSto95jKKSN5HJGc8Zr471HSIZQzRf66MZxggvkn7/AACCpByMDOcfeyR9ZhsVCpFXad7JO99bq99U9Oz/AL3RG9SHK9UtbNNNNNu1mrcr33sktWnc8/J+6V2qAoOQAecn7w64PJUkjoTn0VJCqrztIzgq33gMclu+eh5OAD15JvXNnLATuUBwHLDacEcEYGDk5zjGfw5zntEQikZJVScY4GeoB6AfTnPQGutR7fJJP+7otN9V3fyavg076ebVtum3zstNbm/pWryWkqNvO0kDazNx/tD3PUHk5PGBXt/hfxrdQ3MTRzvGyFTFPExDFgM53Ag4HqeSAQOuD825IGSzDAJHGDkY68kkA57AkHgitvRtXn0+YOpZkO3dG3IwOu30JAwcY7jNc9WipRk0vee7dm2tLpK2j0drdzro1+VqNS7jpomk1ZqyWra9PVeR+s/w2+Ldlri2+neLkivIJYRZK8wA3EAKkqybuJlJI3Eg5GCT1Pa+I/DNlov2PXdDuheaY7kPHC5ea1d2+WPKlgVAxtP3R94YyoH5u+EPE4vAIobhIcsCIZGzIX+X7u7B2sV5xnnIOK+0Phr4tnuUj0q9mzBL5UUsczcSEsAGDFiMqpzuHUDkcnHkT/cOTtLVXa1t0Vt9Hvd2aWvc9ZQWJ9nGN5JW95bKzTSv9nXdpvR2Pe/C+oC6tXmllXzo2AVXZkYqnIJO4AkkgYPIz3PA9MjvzdorzM8C7UaG4iZlkhlVRtaJxhhgjIPc9elcRB4Uhg0e4v8AT5Ru813aPcSoRl3DycfKzE5B4zwc8iul0iG6msIVIbZApYlg25yjcgKeDt43HoQM9BXz2PqU6kZOSUoP4oy1T0XMmnzJ2aast+vVH0WVwxGHnG3NGUGnGUW04tONr9ut7f5H1t4D/ajs00eH4SftCaVD8Q/hfeRCyh1K/iWfWPD6yjy0uYLmUNJshDbl+YsMA9evyT+1p+xQ/wAPLCH4t/Bu+bxz8I9bH2u11TTJBc3mjCU71tNQt4WaSJY1ITMg3fKWOOBUOriF7FzJHEFVHKs20tnAG3BJyG5ypJI4xzisLwx8b/HXwumvtP0DV5bjRdYhaLUfCGqE3Wj3QICsyWkm6ONyD8rquQT8vOCPh6WQ4vK8wWZcOV1h1VqKeNyuo39RxSvFylSV2sNiH0nBKEnpKJ+mQ4kwuZ4FZVxHRdbkgo4PM6bisZhpRskptr99Ste6l71/hep+d48bar4Mv4L6znudPc3AaN2aSJonjYktG5IJA5+Qn+8OobH6J/Ab9syC/ittC8fSJPDII4rfWkcI67iFVp29FByST07H7w+I/wBqTwvqF5eW/ifw/pVuPDV7AL6+TTt066bqErb54ZkjB8lPMJZBjYAQemDXy/oE9wJLY2zSbU/1se8xhVDYOcZPXrgEgZr9VhQo4rDQqVIOnUnHmcE1zQlZXi33Wt7aNapapnwFPO8RleYTpUakq9GMrQlsnHmSbjpZNq99bXbP6k7C5ttWt7fWfDGqW2oFo0milhuFdyvBDKUb5ZVJAIP3iCecE16JpHxPguYf+Ee+IFg+oWZIii1BFEeo2BcKvnCTG6REABIJOSAOmSfwh+Dnxp8b/C2S3nsLm41bRJAnn2EpkkWKNsFgjEsUcAED+90xgV+oXw9+NngH4tWEUMFxHZa1tHm2V5IkF0soX5lic7d4DE7VbrnoM8+NWpSoSal71OXKoyTalHa8na9raeWrvfRn6Hgczw2Z0U4tU6zSvCUt20tnbS97Wu1a2h9Yar4UvdNtRrfh6QeK/CTruW+s2Et5bIVyYL+JCzp5Yb77LglVLYwDXWfDL4v+Kfh7qUV54U164htGKmTTbmRm0+UK2WhmgJMazHGA20Ek7uPlz876L4m8U/Di6W/0O9maxkIF5YOiyWl1GSN8M8JJQhhkBwhBAOBxmvXrHUfAPxQia60i4g8IeLnUGTSZtsWk6lNnlYJBtWJ2Y4UYGCeecispUuZKTfNG0bSirPWztJLa38y0vvy626FOVOdqiTjouWSTTWj3fdtNNaJa6H60/Cj9pXwV8RootN1+aPwp4olVIXW6IOk354QKkr4VN5H3WwN24gDis/48fsseCviTZvM+mwabqlzCTa6tp0cZt7kuu4MJIx5b7jgElsnPHAJr8j7j/hI/CV0LDVrGW2kBDLHOS0cmCCk9rdrkZYYYYcDLbiow1fYPwe/aw8V+EILbRtQlfxR4bQhJ9H1Fg97Zx5AeS1nkyzbADtBIBO0gkEYwnXzXAp1cNL2qSXufE+XR92neztZ6equRUyrLMwkoyhCjUa06K+j0a03WqvbU/N/4+fsh+PPhtf6jf/2VLc6LHueO9ghd4WCk43qowGbkkqO56YyPjvT9c8S+Fpy9u9xDalmV7eVT5G7+NGQ5dScEAgDBx0zx/XT4d8R/Df446C8Ojz2V/HcRkXnh/VEiS+tn2kSARvy6g5C7RyOcg8V+bX7U/wCwVbaxFea94FtItPusGWfSoo9kcjZLFlXauC3OMjaCWxXVlfHGDqVFhMdN4PEpqNqq5YTldK15ba9HZdE+3zub8DYylSeIwVP6xTs5uMFeVly3dtb6a3SXTax+UGleItA8W2a21/Aul3jIcuzBYpW2jBB+6STycEMAcE9a4Lxl8M4Lk5kzLA7bobiJyxBwSql+BnI4JO4FjyeKn8YfD/XfA2pXOj6raXFg9tvUq8cilHT5cozAHaWBwRkYJPHGMTR/HV1phi0+7aW9tDuRo5eTEfVGIbIUdOegx2r7/DYunVipx5akZxilJSUotcy2ktHumtPO93r+bYvANNwqQlTqJ2lCS1VrO22v8y7K6S0bPO9Jh8ZfDvV11rwzez2FxaTZKOW2XMatnbJGGCtuBwTjGOpXbxj/ABz0fwd8d9Dn8RyaXB4T+K2m27SytBEsGneIVgTJ84qgUXMhOVY5JLAgkAk/SDDRvEUBnsJI5ZGBLwyY3JtwdwGc8Hg9sVwGseGbZlmhu7ZNr7sMV2SE7iFMTqBwwYqAMZwM9xXZC0JRq0nyyTWiV73t8Wlrffpbfr8/Wy1U588fdf8AMlu218VnstFs9XufjrK1xp081ncxBZbedo5CCSEdGKkBs5xnngHdViLUI3V1l3SKWJU7jlQMkpu5OCWAxkeh4zX1P8Yf2f8AUonufEng9HuhMjTXunH/AFqEfO0sIBbcMAbuuM4AxwPkEI9rLJBdRtFKm5XjkBV4pQcMu1+TjBHOOeh4FevTruooptczWz11XLo7O9m+tmknv0cRg1dSWllZPZ7dm3dXuk272UtGjvPD+tXei3UV/pV1JBPFMGWSNgkqnOWAbcCBwcAHPA9Sa+zfhn+0lqCzpY6/HFqNswWN7e4CywyhQFcs7liGPYAc5PTIFfn/AGswJCAlDg85OAeoC5PXuew7EHkbNtfNbur5kjChd0ikjdyOQQRyRgE4wcADB5PTGpLRaJaPl0s7JK+7Ssldre1lpYTotxTh8V46bWaS2vdpbPV376H6f+JvBPwY+LI+02Yi8N6vdQFg1qEjgeY4B8xB8p5OCBt4OSa+NPiF+zl4z8KvNqFpZNq2kRFgl/YgzDygSQ0kSbiuVwTgZGeOOnH6F4/1jQ5Fe2uTcR71O2Q9DwwbaxPAA6KM5zkHJx9O+BfjzcMstpd3rRrJtLW84WS3kBOHXa+5QGAw3pkHpWvLQqLlmlGTu076pNRatZK93e2rttZpaZqUk5JvR366O9m2m7N3aWnTs1qvgV7SS0lnimhkt542JIeNkYfeBUcAgntkZGRnsatW88TSeXK3lq5CGTBLZC9dvRjnnIGMdcHk/ov4q8M/DX4mI/2jT4PD+ozIoGpWKIsDswyGdFK8s3JJJxjdk4zXyl42+Anivw2JdQ0hU1vR4XJW7stskioNxHmopLFtoOdoIGTz8vPNLD1KabhLmja97NNW5XbS1rXduumqfSoOdO3I002nZ30ty2una7XXe717nl6+UjRM0yyoRgAM2QQdpPcL26gDA9hi4L1IyWiUyGIENhvkUHjBBwSADnoeSCB92ubMUtpM63CTIVIaRGUoUboysjYOD05B57Cte2t4yjuZTGz/ADrGwA3Lnrk4zjHYjr6jFTT5lFN+m6XZvTq3be2q1tujtjiL2i7XVru7UtGt736JWbTV73SVmbVu6OkkmFw65ZiDlTkZGFxnOMnjABxn1r3jS28ccgA2lc4bIJ6D7x4wMk9Rt4HParFdwJIFjyIkX94CRhmPfI5BI59MHB4zWgNSgnVIp0HlruQJIRjZgjKvu3ZHXHXBBB9dErLRpve2nePW+lrd9ew3DmTadmummiut76PXZa3fS2pQIQtG8TEcAuAT1OSV4/AAkkk4xzyY45BHJJIHZChJ8tyQuAD0BY5bHXPQZODkE9HbWGl3Sj7DceVMGG2GQYMhcYPLYwBxjI3EY7EZoX+jz28hEwBKDIKJvR1PAJIzk84PQ5GDx0TVmlK1rapX66Na6tXb67X22M+WUdVura9U7q9l3sn2X4oWwu/tBDw3JhukJaPBKuWIOFEgIIBGCGyTkA+59O1G91CXw0smt3bahJDbEW/2hzK9sFyFETHIw2NwO4ZCjnrXiAIgaaMOEkKHaBggD+9kqAp9B3zwR2avibUUgbT5pJJ7YsoWNmG9wv3QCwJ4/u4wQAdpHA8XE0lKpGXLy8s0768u602d3b7lp3OiWMUKUoPquVau19FqndWbW61V111PUfB3iSDw9cma4sE1AXEivDFIcbFU5wiDIJJ2k+w44Pzeq3Hi/VvEWpW1zL9ljjkjVLaxiRFELAjaix5HJ78EZ5PU184W8U7rbXEZPG1lUEfuieMEHoFwFOQOoJGOR2Wga5LpGoJd3yCW3DbC2cBQNwaSM5GHBCn5sNkj5Txj7zhTOZZViKE6dSdOHPCU+XR+7a6bvZq9tPPW2x8Fn+VxzOhUja8rSUV0cmlZc3Szevz9H9FX8134agt768R3u7tBJHChDRQlcEF1U7TnJJBGAuRzkivQfCPji41N7ddQuJLW6VraW3ghdIfNCOGUEqcjO3JOT8uRuBCk+b6Lrdl4gkhi8wSmWBYbe3umzlGJywYnG8YPrkjbyTzpL4S1C3vnuIsbUDta7FXy8jkLuB+UjJOOAOep3V+mcU+I2JzbK8XlCqtYGvhpYeUW1d+0jaclJNNyd/d6XSurXT+EyDw/p5TjsPmcoRnjY4mNdSjG6SjODile92uWNnp3ejs/3++DnxksofBek3Y1jTLoXtva2mrWhvEmnsJI1C7/AC3YPjgZ+XH4Vy37Qdt4Q8QeGtY8a6PqNhd6jbWiMjwyxxXRkiHEbxIy+bGxA3dT1ztOMfjV4PTxnpskt7o6X8dyhDziN5jZkAth5I+h2kjJAxgsc/dplz8SvGH9t3drreovbSadCHe0M0kdreoxY/Mp+ViQQGAUkkZ4PFf43cVfRfrZBxrmXFWTZpJ4bMMbVxfspOcXGNar7ScJtNxlrdWstW07XP8AQvB+PWEx3DWFyfM8vksVh8NCgqqqRUXOnThBThzJyV+XmlTd1e9mtj6r+Ef7ZcfwKvPEeva9obtqsdvcQ6PqWn3HlXMe9GQKNgyyocHHU9D1ryDxz+09e/tHX91Y614tvYk1iCYeRdvmy85GeS2jmDHAmidsknqOCRlRX5yfGkeLHln1q0uJZdPmmkkEFszTJDFKP9YqDIIzuxwQP9oHI+dtH8e6xoMluUnkEYm3uSMMw3YdDkAg9T2J5ByVBP75wZwXQy/BSxWDnH63WjF1U3eMZRjCN+W/uydtbrXS76H4nxBxxj81vhp1JzwkHNRg3F+65XtLlV3bS3Xa6bsz7bvvg340uma+sUluGkuprWG/YqlrcKjMFPysB8wwAGK7gcjB4rwzU9G1zwzrF7Y6/ayndCfMZ4mACoxBaJyCr4A4YNz2bnn2LwB8dbjXrGPws1/cWtsAZ1lDn94xGfJJx8rZLEMMnPHPNS/EHVr7WtQm0+4V5IoLGH7GtzF5c9wn3sCT7xU/eG0/MD+f0cKmNp4v6viqcIrlTTimnJxSUne8r36pa3e/U+ErRpyhzxUnJO15ctrtLXlV9+ra8lZ2v5t4K1iw019QaS6Z9NvbeSOSEy+SYiozFIVJyT5hAB298EkHdVLRPFcMt3c2l9O4g86a3tC8m6EByRhuSA4U7lPO7jgDFUlttHNlqFrIkcN1IhJhlzHJHMv3I0YggqWJJU7cZBweceTR2OpWd6T/AKy3kuFeJFb91wRk5BwrJ1JyScEhvT18Pl1Go3OUGnJqSbi7N6W01ab8ne3VN3OBzlytJp8q6Xs22lZJu0XzdE9Olz6EufhvpviWBL6W4lJlmESXpVSMbvmDIDuZhyAehAI45A+2tU/ap8MWX7Jdr+ybP8ONKk1bSdWW80jx6kMUN+jGQyM0kigeYzgbVYsQBxw1fAh1jX7LTNPbTbseXK+2fbISFGAApEhAjKDd8y8kd/u4pXR8QXVz9mlRJX2NPHcOSwEnXCu/JBPYEbeeeOOfG5Y67pKvV/d06kalJOThZ6W+0rrSzWqdvI9rK86rZbCqqFOLdek6VT2kYyThJK6jzXtJbJpN36FqXWfEUGtLBJIRbTvCizMwAmCuA0bMpIORnrgY3cE8H9B7a/8ADHif4dWFtb2cFtqNna7YYw21Ibu3jw91jhXWTaQwyclgRkjI/NR9VvYLn7NLCt2Y4mMkRDl4ZFOdyHG4Fs8ZGFI7YCr7bp/i+/tdC0WOG58sPIvm26NiSMA7XaQ/eORncMEYJBHPHy/E/DrzGjQVGXI6NRTvTVuZrltflVkm35XXdK5WBzWVGVWVm1WS+LXlvbaSV10ej1Ss1pd+xLqttNZRWF9diG6t2e4juULbZGDHCKxxhVAKnH3WOD2zo+J9UtPFWgWK6lcSwm2ja3S5SRnErLHhJXfqCrcAZ5DZ4wK4nxDc2fiDTYV0d7eHU40imdQoWN42ULIyEcAMxUspydynruyOJvb/AFqxhk0iTabWOKOSdHTa0e4rlkYnJjZMkEHnpwOB8LLhqcK1Ktfkq06nOo8ru5Np+838STva62aXa2lTMpzjPlvKNlFtX3urc19+VvdW3jzb6ee6vfXOh3M2jm8N1FMPLYKx2IJXJEzfNhyFyc84UY44yni/QrfT9A0qSzkhna6JcXG7Lycb3Vl5CqBlRwAwwAOAK7XUdDtWQ3WoRQLDc2qPazE4ZGCg8E5bByMg5OTyMlq56aOLVIUtzIixWv7mxKndHuUFW3K23G4Z+vXDZ4/Q8HjnTpUJuPLGk/30knZtRslZO6TSdummr2R4FerKV297r81a6bTs0tF01seD3mtS29m0cCkxyTRoykFY12FslcDG5iM5JGBlQ3SvWPDcdzewwyxRtcxSqkYSMnCPjazFQTtKgAnOFGeoq9P8MLbVrZ4YXMUnlpIhJjANyf8Almqg4w2MjPA4wMYz2/gfw4fDUc0V8rQi3Yw7HP3GKErLuXIVTjOe2AMDmu3Mc5wdbCv2FZKunH3bJSu7aq6V1q+tlo/XCMk2rcrd1pGyXNq7Wcb6tu+rs10dzlX8HXOlXVveW9/9nlkaR3yWWSB1JYJIqkAhjtAJ+8TnODk3rXxVrWlzQteiecQyLyzkRqAwEciDIVwx6gDueMHdXDeKta1a8vJUtLmW6IvnSKC3Zi3loxy7NnLbgdpXB4CkHGcbMOl+K9etI4V02RBGVaUTK0ZVUI/eB2wVWTaTgkYPOfm2nz5wnRoQrYqtS5pRXLz2TUWlZRd7Oy0vrfXXdg1PmiuSzdnbS/2bJNWSs027rW780+l8X+LJNStdTXX4lEd1bKLWV1yQGGIyACSD7gZ4BwD1+VZNPktbmXF5GYCyOZ933Uds7SFOc446ce5r6/tvACa5pzXuoySO9tm1k04582KIKP3vmcDPBwSMAZwSDistvhr4KbS5bq4KtL5ixRWnmZlCoeXfaxVj1yp+6OmfmI0y7iDL8Jz4dTqVHKTi1GPNG8tG1L4brXe1rW10Onkq25pLdO3N1T5Unf3e6s1HRJI4DQ9e0/RBaXkLRARokLOXP2l84BZe45LFQSMgMB3z62fFemeIrKA3t7O0lofLhkDbGQsA0D4yMhMjO0nK9VwK8NufBipeXUkkhSwjJWKKPDyKn3omYkgL0XJHI54PSp9I1DT7GwvIZXVbgvtijk3F0VCVWaMEcsc8g5yQeeTjvxeAwuYKNSim5tq3KpXs+VPVu10l5WTfQ5+aUNLrezVnd3Si10Wyu9+rTR7Lp/iRE1dv7UunuLOAJFKjOSZAflSQEEldoKkAkjIzg9a1vif4R0nxdYR6rpV9JFDp1gWh3qf3y7d3lNJ1DA5Kg54wM4AB+atMvZrXUTcaiJJFkmzsYjDozARtgE4GBkD3J46D6Wsrx10YmxuobuxjgD3FnO4BZmHMYHONozgYOcg45r53NMBiMtxWExeHk04OKdOz5ZRcl8Sb1Ul0WzXRBSqSk3F3eik07u1+r6WV9bXba2Pnzw/qWp2+paZFGJIFt3CC4JLOrI3AJVt23IxtJwAfrX3P4ufUPF/gPw3r11Yxtb6ZYzWuoymQEXCRxtsk2HAQ5HTjByeor5/8NaFF4n8TSR2kNvaWrmEM8SoyRzkDCBMYVnbAODjccEEdfYtat9d8IWEekavFcJpUglRbVVLwSbk4kLAFSM4O0fdOehBWvSXEVDDVpYbEUaXt6tKMoU5tRk+a2kU97voltfqjenCqpc0U07PW7itXGLu/OyaW6+aPnbSv7UtjqN9ptvNbW6BolUrlHjaQsGCDIYY6nGc4PJOG+rPhx8ZbfwVosdhrtpqEsmoW4gS9t2cJHG2G2nORtIJBQdSduGOTXhWh6v8AYrxFmjt0sY5isfmqDHNHISCrFgSQu49QQNvJGVr2vTvEXhjWdJvNEv8ATrNZbST7RBdRRKQT1SOJhkbScHavAHA5BJ+cx+dyjVi6mEaglF+0jpvyu7T00Saet7PR3bY6U5Wk+aLcotJPTW6dmne2idrLRLddNXxFqng/xEsus2F1PZ38LJcNpwwttPCBkyEKxWN2OSBjOeTgkkcHrvji5sfDZlEVzNBcTkx7hJlFjU7VBJwBwCPmHcEbgCI5LPTPtUpjjm01Cnly71wsmcspy2AqkD7uDhW4I5p802nT6Heabqk0V1bkGO3MSqHjAbapBAI+6oyeCwU5Jzz5VXG4eeKo150nWpe0i2lFKcad17vNfRpa8rVt+qRXM5xlCWllZ3u5te4kuZvW62TXU8303xtc6xIslzMyW8m5tocl1dWZsKBymMZPvyO9dPBa+F/E+pWF7O8kd9bSRoLskuUjQgl2zwWyep4z2+8awNR8CaZofh+41vS7yW7u+JhbxguY8nBtsKThsEEtliNpy2BXj2j+LXslv5oN0UqSOk8U4ZdozyEBGQQcjBO7cejdK+uyvDwzButlk5QjFtSjfleijrKKSuuzuk9bXOJQlB31jdNt3u2tLPTe176tJXdme4fErVrCxvIrGzvZrl5kEP23JbIUrt9ACo+9zwPmPu34c/ER/DF8P7YvbjUNK2sk0UUjCWJEHymLaT5YbaN2cjgjoorzPUrbVPEGlxX8KGK3gjGyRULiUsQ28jO4FTuByepPJztH3b/wTT/ZH8PftZfHTQvh34sn1Gz0DUZJNPvri33JKbxlJiwWIwsYy5CsCdpPTJP6lkGS0cbKjQxMaUnH3pOa0UVaTk9L7a6vVXR7WR4LFZrmFDB0XFzrXlGUnaChFKcm9XooxbvLa7d+3xn4r8ZTXGp6rqmh392tpdTmSO1lkbeiEnAkUMNynkHgY56c19+/sB+KbvVLrxHpN4x+zN5U6xhcokjAlgAeCrclhzkAjJr9Jv8AgpB/wRE+Gn7Gnwr/AOE88LeOdd1vUtShub220/VrVIbeG3tG2yxRzIzFhJnKlsYC89hX5U/sA6tZ2fjfXLGX90rWoWFXC/O8ZC4UnBIyATkA9s/xV93mOBpUMNBUZUp0uW1OVJLlfs5JOKTWnZu+7eisfT51lVbLIYZzqUKscRBzozoybhJRmozSbUWnHXbq7JPQ/TbxD8MNG1uWS5tVOn3ZkLiWEhYi3UK6DC7Ccg7gefQYr2n/AIJ2+K9N+Bn7fPwA1Px5qFrpGl6vrs+kjWp5FhsGe6jZY2mlOEiUtgFiyjJIJBPHk3iPXLm0kIhbyl2ucDJ83jt3weOuTyB0xXx/+0R4vvFj8BXyySW1xY6uJIri2kaKaJieCssbKysNuRgjGM+pHBl2Y5tg8PjMvwmLq0svx0HHE4ZtujUdo2m4v3VJa6q11dHymaZbDPMPGhWSnUoWlh6k96c1yOKTvF2T3Tavot3c/wBBf9tD41/DCz+DfipYPHvhi4urrS9Xe1tYNWtJ5Jg9jNtCiKViwcMF4HORg4r/AD1vAWox3nxQ8ZXBcAXE2qOrdnBvJiNuByDkkY5AxnnAHs/hv4l+KvFVvCNS1fU76G10GceVc6hcXCYe3I3lXc5ZiAMkEDAAPy4r5b+Gl5jxjqUmcyMt7uPQriZwCQMZAwOM8dSeOPOwWTVaOYwxVao6tSUocqUeWKSaunZtN7XffQ+BlwfXwuPlmmNxMa1anh4UqdOlBxp04xkpP4m227q/6bv6rS6xIAqv8hOJQQQA49AeFXB4Kggjk8jHmvxN+G1n4usDqdhGsWv20RaMgBReAg/u5ACC7YwFJ5GcA/Lhe2t7oKFAVTkYcnBPU8tz94HrtGMfWtyCVnVAuxVb5U2hQVJYAgZ6EbQDnbtBzkA4P3caSlCzWjSSvzNbrrqtdLve62snfejiK+GqqVJ2cWm0o6NXjdO2jVt7q+u1km/ifwp481fwddPoOvxSSWUU3kSxzBvPsTnaGQkAmLqyMo5BYDgEH6V0+9s722ivLWWK6tJ1zHJA5Y4IBxKBg7lPUHBPTA24qr8S/hfY+MbSS909UstdgjLRNsRVviMkxSkfxcfe5Pzcgc18naF4r1v4ea3Pp1+s62schS+0mQnICkqZIN/XHUFSeMfMRXl18J7OU3ZuLtbddI6NW3u9Nk7tbWv9nhMTRx9LmjZVUlzRdkr2Wy0fkn6q2h9mxbRks7ruXAU5ypGSAvAweeCDnnHUiuT8cNqr+EtXk0m4S2vhaymCeUtlXSNhtAQFmaRQVVBnJ6ggnKaB4r0jxPZJcaXeh0YKzxZUTW7fKGR1yxAB4yB2Gc8E6Or2zarp1xp9tK/n3EDpbyIATBcMpWOQg8EqTuUHnA5AAFeVjI82GqQXxODS1aabST/FpW7WdtLDlFxbVndO22m6T01e7s1azv01PxW8darc3Mtyl2XTUY7yc39yobHmKzZ3AkbWJAwByD1HXPIaP4pfRxLuFxJFcJ5ayxu21yx5LgH5tme/Bxg8YNd/8UPD+v8AhfxLr+jauoml+3TTzytGUWZJJCwKORhm6bipzjPY/L4Xc3txp5EIRdm/zYw+XCqOCAMfKCOnUHrx0r8up4aMo1aNWnBTjJ8zae6kr2bdveXW2/W1rebNyjN8t480dG9rppO6d466/wB5N7Wuzc1TxjcFwkLz77eTzGLSEKVySQE4CAqQuzGCc5C54r6Z8Tdct5pojct9nlKPLbA5jcKVIGMngBe2CQMDGa4vUUjuMXVnlZGR/PUllQsACdjHhh1+UA+/3gRz6LPCDNGmZFU7woJAXpuIwcDjHykEnOOgr0cPl2FqUuXkStZW0ttFapdl5O+6felCcnfmlbR2b62ir32trbRtO2uh9I3fxHlvbeJx5ECsVd3z8jiNQRG6jHdcZY8gYqja+K9EubyaedYrmO7iKTgqqrbPghnhbHy8gdCOTux3rx2x8P63qGgX/iC0sbifS9OkWO8uvnEMDsQfLC5Gcg5J2kcH13GnZW1sMXE91JFaTfKhHG1yCCSOoVcEgHkt3wRWX9kYemm4tx5ZXbUnfVp220fa+uutntEnKNnzSUW7Nqbu/hTbkrfastW3Z2Z7BdXWgSOixu7wqjLFeM+/y2bd8rKSd20gBTtOD06E1q3ukC28LNfQx27PazRuTckG5u1Y8FojgmNeAB3BwBk15fFc6Hp9o0LyyXbOfMilDsHDqSUUxnjZyckcHnOOcaf9v3eqzweVeRFbSFGEUqhdixchGGQHOBg/exyeTyedYepCSjFTcFreSv8Ayq197O+r9XvZkpOStZpX3Vm9Uk9372iunZmfqmtSPcpJbRSx3sKoZre3LJEVA5xtAO1RjKsAFGQAeM29Ntf+Ew1LTtPuNSW1lur2KAFwGjtC7eVuZurRfNkjtjC4yKS3uLa/1iRkQW0k6Kkk4x5QDMBI4UnLBCTIdvTGOterP4D8HeFIodQPii31e9vVhZIbYpGTHMu8yRPGcpPbsdpjbAY88kjHpUuWLg2m22m4q918N9/72umr7vY2UHCzT5uZ3+1G0fdS33vdXutXpfa3rniz9hrxbpfhyXxF4Y1Wz12T7LDcPZMNrTiRC7S2xzhgCccFiDgHHSvizVdBv9EefRte06a01O2nZZFkikTa0bHO52UB04XIXPGQQc7a/YL4AfHjTEt9F+H/AIlW+SS3hUaVqN/C7pf20mNkLM4AI2nhsnk5GDjHnf7ZfhnRtUMV1pEdlp+o2ME97KzxxRXF1G2T5RVMeYAD8jEl+uOMCvfxX1P6jGvSajOKSkm+rtfTa6avo9LWer16YJSXvRtZrZ31SjJ2v910009LXPgv4U/ArxP8WbPVrvTbj7LpmmGNTcdYjcvjEJC5cbuvAIz0wMV0+q/AT4maNqkdnHoOpX9vYlQ19aOziSPIyEGcdOhIwMkY55+nv2GRfR2fibTLdxObqSN5YixUWm0MDKVxtcEscEA+nbNfoxp2ni2BtptksyxvHIs0YQFWOcZI6EfdPJ44ycV25Tl9LMKMaydmrRck3o7xSW7+Ja3TvbzFUrQpQT5dNOltXZ73d7+S0V+r1/PzwF+zDf6nY2Gu6nr+v2F6VIm0tppAIIAu0EtvOXAwCAxyw56En1PRf2Y9M0bWU1P/AISLX7qMS+cluLqRSjH7x4YnYwyCrYyCc8nj7N0+0MZbEUa7gUwCNoAGOeCeg5HXJ52gCtmDTbdh5gKB9zAqBjah4ByBwc5AGdp6jjgfVUsrw+HjG8OZxSu0mtbRd3521tto+1zljinUfu2j1Sa03Sd76+8klba9mkjzG10SCyiSAJvgjCFGl3Gbco/jbHJ4Bz3ySeuKlTT7SRHfYY5GdhkjeFxgD5uccZJPAPTkgV6QLWzhVvNxIQ/R88A5wQeScY455qibKwyyQuqO4Lh2yFAIGeMbT16gEnp/CMXLDx5WoxSirPVK93pbRJ6Ky8nd6XZvh8T7yTSe2i16p27prVOzStpo00/P5NMNztUnCcjeNxVivBA9MDA7flWHNaW5yj742QspkIbYAo64YEDt82OuRwa9PaBosQLLCVDbiwIIOePlHQEgDkYI5GM1Qa0il3Bo0kIJBjOMSKTgMSFIBHJHJzxuAFcNeDhH3bX0XV6K2jS2VtO601uj3qVZOK91RfuqTu7pK3npbTTVvTfpwiaZC8auHNwQRtKEbQufutg45OAGxjn0Ax4n8S9I+Jugzp4j8D3IuLG2Ae60jZ5rAjJciPDbtvcAZHBA6AfQt7olySW04SW2QdoBzGG75AH3eOCPrwV443Wdb8V+F1FwmkR61A0bBlhx5gmHKkpjLkHscq2cZBO4fL5kpwjJtOD6SirW1STu1d23d3sk0r6HVFylFvVNWbdrarls1reSu9bN2T778n8CvjRF4g8Rw+E/G+grp3iLUXEdjM1rJHDMwXkSI6LtctjJxg98da/S7QfCFi8tpFLH9mYKB5qoNiMGwfLOBhTwCDzgA9CRX5vfDrxVZeNfGdtrWoaPpmkeJtIkWO2guLdYJJEWTlwxVR5igAgrhiOfmC5P6keDtUuDDbrdQI9xMqT7S+5CCfvRseicYIyehxjpXgUZyk5c03fV662WndvVvdfi9UtVFSSUruXMlomkldW1te71fvN2SXc9u8JeFby38j7KxvIsgbEf5lYDG4Kp4HAJ45+bkda9bfwX/btnLaX0byjy2MZkRXS3fbjayfKpCHIJ6Z5z1J4PwtcvBKt5BeCFtu5Y9w8oHq6EbhzgYOex7EV9AaTqUtzZvfymLGBxCxLyBVHDrGM5OOCD14POM+PnFPD1qMqfNrazldNpWjJuLST+WnpZnvZPOph60ZvmdpR0uuVxdtNNt9rddHrd/C/xV+EVhaW9naePNEtNd0Oe5aWHVINOjuJtLtx0SQ+WfLjZQSeQABgZ4Nfmz+1T/wAE/wDSdU0G3+InwEifVLyaQzanocUg8gxE5Bs4+DHIRnMW0L02gnGf6Q9OsrLxHYSwXdraXdlcx+W8F1GPmK8PEVkXByvQ+uQVKnnwu5+HkvgfWHFrBZ23hTUbppJIGDBrSUuSvltjIQNxkcBQB0zn8tq1sbkuL9tRrSnQveUZO8Gk03a7a10Vl8nsfoOIyvLs+wfJXoxhVcbQlGKUk1ya3T81dO19XqfxS6poeveD9b1DT/Emj6hpd9pkrRTW95A8MsEqttYMrqCUJH3gcHII71rXvjLVf7LWzWRGgRMEqoJ2P95Q2S2TuIzx7jiv6VP21/2M/D/7Q2lXOoeDG0+w+JmnJI1nY6csCLrcYRnCXjoUYySAcMQSCfm9R/NB8QfBnir4X+I7vwZ4u0a60TXNIuJbTUdPvopEYEOR5kZYbZFIXKEE8Hgg5z9NgMdg86p89oqtSs50mlzRk+X3oqz5o2XTTTa2/wCMcRcNYzI67dpSw03+7qwV19nSTta60T1vo+9jn49annkEKrIqTkBXfDMvK52bvUDJGcDpxnFfo/8As0/tl+Ovgf8ACHxl8JLTQ9K1rRfFl/BdpcX9tF/atlIu1TcaXdY86OTB35BAGOp5J+G7Pw/p+paWheK2F1tjktZkkxjhWdH5GZPUZJIAA2jNWfNvJLdYoFhhutMKLEAW82ZVb5duTgZA9TnHzdaeOwVDHUJYetT5qSkvd5bapK90rXtfTdaW3R4mV5tjMpxixGGnKnVirKcFZ2duZWaT03XR/M/qf/Zx+MnxQ8L/AA80PxH40TSPif8ACjxLaRpdaDqiW+pX9iGiPm20n2vecwJ8pVyFBBHOee18V/sx/s1fGDT2+JHwa8XxfCDx9M73ljpDzrZ6XcX4YSNbspZBaOHJBWDJxxgZNfnF/wAEyfija/ESx8Rfs7+OPtFy3iOznuvD9zHIYLjTL+CMjZBM7Iq73AZgHGQMH5jz8wftJeI/ir8G/F/jPwBd6/qFudC1W4m0+ISyJJeWfm5huLeRT+6kKKMlDlmyTng1+M5hwKp46tPCVngZtySmtcPWTtaNSk7wdtE7qLe99bn9E5d4h08Pk2Fr42isbFpRn7yjWhJKN3zbq7vZdNLbu/7peDP2rf2l/wBlO1j8PftAeDz4u8ApaSR6J4t0931CB4YwoiuPtUHmuUAALeawI6ZHIPsPwy/4Ka/AjxhqiJq9xaeG9Tu5U/suS9kEdvdkuVPzttETD1YKVxwQTx/PL+z5+3n8XJr/AEbwh401iLxH4JhJs7jRfFgS5geKZGCKs1wJOQoYckYJA6cjwj4v+H7fxV8XptY0Jm8M6FcaiLyTTILjZDbxTzDMthHC2AgViUWPBOABg4r4vHeDeSZrVrwzzD06NVxc4YzCqMaVS3LK8qbVk9dlZPWys9PYo+LtXCUKNfJ8SpxnUjCphMVbmgpcuqlu+W26e1+iZ+kn/BXj9rPwv8RPEel+EtButI1SXRpRfjVLOSKW0lhmVS1vNKDlpQuABnbknkAV+Cd5q9y98dZ0d57KS2uftBntXACPkN5kJBBjYNgrzxjoDgD9Z/2tf+CcWl+Cfgb4Y+O/gfx8viWHxBpWnT6po+r3AS/S4mjDyy2aF33CA5Uo+ZCWGQSa/I2y8rQ4xbSxw3YndoLu23sGYrkZCkAK2A25QWJOOOmP1/gTIcgyHh+hlmV1XWhhlJTU2udyqcrvyLT3nK6Sei6Xuj8J8Qs6zLNc+q5jjfZxqV1GolTkmopSjGDjZO7Vk3rutL3R+m/wi/aib43eB9J/Z7+MkVt4g8JRtZ3dp4gu4LVdXtZbNgUsZ9SYedHDKpKlzICvyk8Vwf7Tf7Pnw/8Ah943t5/hLqdhq/g3U9CsvEd5ZWt4DqWhvEVNzYyTxuQ7go7AoWcBgckgZ+GtQs5/DlmmqaHeLbwahbv5sUcpSaBivMJUkFjkdSB67RhSOE0f4leIBetazarfuoPlgXMzyK6Bh+5kLk/um6EEkHv0576fC+JhWq4rK8RPD4Wqp+3wMuZ0qs21ecYN2pyTV+aO8r6I4FxdXnhaVDHUI4ipS5fZ4l+7VhGCiowjKyckk01d99dT7/8Aj18XfBfjD4S6Do3hqSyz4Xt7Gzhj1ad7jW2jlXZPZ+ZISXhRwWRz88a9jivmn4IeCvDWqSat8RPEesqL/wAJXMdxLodhdx2Ws2cYIktdY0ty6faHsXVXkiyWYdAW4rwL4gXLam8OpWsMFozsDPb27NhGACmUovzFMqXxggEjGB0/RH9i3/gm747/AGlvCOueNNTuNX8M6fEnn+Hp5lms7LxnAqlp7awuGKRrNHs+RWIVm4Iwc16MsPkfCXDdRZhj/wCzsJXrS9rzOKkpV2nUhGKs2p3u2lor/ZTT9vJZ5xxVm1GWCws8ZiqUIypxd3yeyjFwcm07ONk1zNrzTvb5b/am/abvfj/418PeI9TvtZF74V0Sz8Om61O/mu7m+j04mK0u1aVmaNHhWMyQj5EYsoO01+4X/BOL/gpN8IfhD+z63wy8Q+K9Q8MfECym+2aVeXd1NLpMk1wzbrjOSVQxhFMA+UEfdPJP4ZftD/sUfFz4Jyah4i1vQb5vAy6hPZabr5R5rZnhldWtb149ywzowClmIDZGCcjPxjBdXMdxH8u6G3l++pYOgjI3KGHPAUtjOCcAjAOdMz8POC/EHhHAZZg8RCrleHqRrYSvgKsJclSKlzxk9U03OfPCSi023poelhuLeK+CuJMVjsTQ5cfVhKlXp4unJqcXyq8b6NLlXK1bu1vf9s/2rv2zvGHx18eeMNS8K3eqabI93Naa1rum3c8NvrFpHH5cFxIi4TDyL5kanJIbkk8V1XwO/wCCUvxw/ad+E7/GbQvGvhfzb3zXh07U7tI59X+yIXkgE7SAxXrou1YZypc7cD5sj4O/Z4/aO8DfD7UrzRPHvhSHxJ4U8T6eLK6na2gkvdKlCfJdwNJ80kkTfMqtnO3OCMGvtr4Ef8FEvDPwsvbvwndR+Il+E58VW97ONKu2tJ7vS1KKrpaRyLFa3lsqlnaH/WgfM3Jr5vGcP5/wdl0ct4NyuMFgowSrSipvE0adNRnFyfve05kna+sU1Fu534HOsn4jzKpjOK8bzfWvaydOMpRhRqycZc2jSjGztsk9XfU/MP4ufCLXfBvi/wAReFNa0OWwvNBnubHUbe5hlRoLi0kaF5IgygtE7ISjoAjIoIYAZr51j06OyuWF2pdrUrIAIyySRg5A5B3EbTnG7BxjPSv1o/bz/aT+FPx8+NNn4u+F815beFrnSLfT7ye9toIb2+kVFUzXQi5aWJBh5HBLtliSSTXxfNaeCYbDz7tkvrQNJHLJCEEhhkz+9EnBDKcjYCTwMjGFr9V4ezzMp5VgK2ZYOtQxlWhB4mjyO8KqSU0oO1oprminqo90fm/EWBwGGzTE0cuxKxGEpzkqVWDUoyhpKO29rtbpu2qSZg+Ffjt4w0Dw8dHsdaabRIyTHpMyDdC4YEGMMcgjgcYyAevStnw943g8T6nJJ4gWzgk1UmFZ2CoGZztWJyDtQgfMp6ZwCQOnP3Xwg8Nzaams6L4otJmvN9xb2U0oR0Tccwz4YMsijlSQAcEknPy+f33hHUdAurOJyJLK4PnR3MT+YrlBykbjIV155yQSO3Br6+jnrrOFOVab5eVOjWU00ny6LnVvuva6+XhSpuD5nGKm1G07tO7adtLp30Wi6362PpLxR+z/AK5b6dP4s8KGXULaOPEtukju5dkDFozGxBQjI6552jHFeE2HiDxh4Qkkhu1vbaNy1vLDNC5EHmMRu3EAgEEnJOcDtwa/QT9lX4iaVrOjt4NuZbhrq1WQl5lM0UsP92QHKllwAQOfTrx7d4r+BXhLxldh7vTnWC8VI5pIVAR9uAz8A4YAtjP3T1INfoWG4aeb4Kljcuqpzmkp0uZO0vdut7dV3vpfc4pY5U5uFSK005o3vd8urtfWStvrpqtLniX7P3wu1y5h0nxjb65PJYXKrdYhJRZiQTJbyISMAN1yqhsZGelfabaXdlTMjEB8KQWO4EfKSoztyec+/v1p+A/A1p8OtHXRNLaWbTo2b7K1wX2xryTHtOcbc/MRjeNvJ6Vv6lrNhp9jLc3cggWE75iGAWMbgN+Sy5yACcZz1G05z+oZFlEMqy+nGspQqumpVnKWikuVdbLpo9110ueZUqqdRuWqaaSdrWjy3u3o9r/drqZsMGoWSvuViqnAboRkckEDr7Ad/QYpxuZ41IRVLEhjKm4Mw6kHaoAI9xkggkY4rz5fjJ4WuZ2sYL4SSQy7ZVLA+YjdCm1ipyFxznIHbANdzpPinRdcZxpNyH8hcTQsudrKRnIOCACSGHAweh5Nbwq5dWdSlCtCU3LZNNvZaPXa1mls1qtBxrWacE0le7TtvZWUttFo7dUr6bXk1qMsFkZo3IC/MSFAXAXk4Oe/OMcgdSButqcRt8IV+bgFT0IGMHt6YPIGeo6ViXrWcpUtFEyuAPkXjd06gZIz1HUfnWY8cEVszJIyHzCxz82QPuqOTyoPGM8DdggEVyZjhOWKlHblV7O99IpO3ne621T0VjsoYq7cbq6/zTe+26t037WPiL9peZ/+Ft/CiVvLwuoxdTjgMO4xk5HzccnJ68nnP22Sk3hTQLhDGV+2oGKrkkmNOpx1GCDjI56+sn7Slyr/ABK+GUisP+P6IpuH91kU8+rdcZ49D1rK/bDlnn8F6DGGjUS3CFUUgksI0/H5x1PJHTgg1+Q57GSr1XfWNSNo+bjHzf4I+iwU+elVSu9FaWras4u+/ZdtUtjyT4NxxNYWMpmUsIEBj3EZAc8lc4yuCcnJ7fX67tUjEA8sLlkUBGB28jqST/gelfGnwdkK21tIQr/MYlVOFGAoyOQODn8RuPPNfVltflY4wrEDaAzbicHGNhweCM857D2rxJR92Et01F62ve0bPXulrr2trv2YOSjCUUnZtbdWuVN6taW9dtjodkTLFEcKSxJdASFZc84556c47V8+/HSaTTpfCcrjKs9yzOcI21VHIYAnoRlQTtYHoCRXuE+oeRaTkKGeKBp9yHJUBScck8HaMnIGcY44r5U+Mfjez8W2PhiKPyFukbUROglHmwNCgX5gMFQ4GRzgj5hxnPHiIzn7LlXw1FzW0tsreju7NPr0V2eph1FKvGXut0W46ve8Vu1ra/bVNO1ttT4fCO6xMjZaeRpS/UMu7PAxtABIHOBkcHG3H0Ba/I0IclVYZZiTuVgMFlweRlsY/vZ6da+bfhi7fYbNlLfLmMgcMgDEluvQZ4P5EZr6QtnjKxsMuqKCWyQFOQTwe7dx056nOB1YyhGdOmnquSN+z0jq9L6tpfja55WX1HCdS7Sal1fdx0utdXrp5JbNG3IsE0bIxJAxmTsCPmVlz16DOPxPU15J4t05XYkHfH8zupAUA9tx42jIzyNo6jgjHr0ceIGMLb9wztwCFJUNgjBOQcYOeOc98eX+Jgh81WZm3IfMGejFsgH+7juODxzjPPkrCwhUjp1TVlbteztbf07XXX1a8lOlzbfDrfTaN31XVvS212tT5Q8QRQp4nnTdg/ZEIQAgIWzllwDkDjpnAwcDoef+HPmw67rUa/NvIZX4zkSYB65BPpj/AGjk4zp+Nbu0sfFypcNKgmt9kbKNwkkOdoLAcKGIIxlcd/XN+H4Fr4nvTKwK5WQkYMZ3chGX65AznBwcdh72GhLkty3tTiuqsnunfprdu3z6L5+pK1Rcza9713Wz0ettnqtrbO/3V4CvnihjLySOQFL4JyrAFRnOAQcAE+47rx9P+G7tZkXz84ADeU+TwQM52hsk9M+mMA8V8ueB5FELh9iL8rqpGSqHDKdx7HPA5GBjI4B+hPDVzl4kZioIBLnOGX7yjnAAPBAHQ+5NeVicLGblzRjqvLpy921r538ntf3cLWUfZ2a2XW2i5e7Ss97aq99ND0q6sLW5hZGjEZlUsmw4PXdk7eQQoxhscZHQ15xrGhQxwvNC6MFSZsyqSThWwckgjoSw45444Neg3FyWiwZAjbCqFMKzqCQMAkDpwOB25wSBzepTKbO7MjqQttKu1hhsGM9CQOeoJOCST1xkeNPLYyaVlFydtG11WlrWvpvo++lrerHMZUne7a5d27dutrWVra9LdD8/PEXxF8feE7jUrnw94k1OweLUXVIIbmRbUork71jLjcOMEEAAcDB6fXvwf/a6+L1hYWKanFpviKARxidbiEBiu0DG5VzuIAzwMknJya+BfHtyUvdVQt969kKFiNuwSEMEUDIPsR1z2zj6L+D5s5tIjlESqhiiRnAyDIEXc2CCeCBtOOM4y3LH1pZTCeGjB0k3aL5krSWkeq1tffV720vc8vCZ9iKWI54VnyttOMneNm00rNNXd3b8Op+leiftV+AtXj+zeNvA00AdtszWyLPCAx+chHU8DcTtBwMk54wZ9X8Dfsa/FqJ4wdLsb25Ul0nij064hkcf89I0UPhjzuYHOCMnJPxZJ5G4HK7kJwAvzNgHaxHQEDr7DnvnA1O0t5Y90SBWG4DZmOQuCpIDKAMHPTJBAGQpxXjPKcZRnGrhsXXpONrQ53KFly3sm9nbd381rY9v/WPD14exxmCw1W6ScuWKnf3U2nbTvt9x774x/wCCafgDxDZy33w98TQMgcsLV7uKWFweVWN1kZzx7ZJI5OMV8oa9+wR438Dayt1HZ6hcJGMpHGmDIpGC0cy/IRyCpJG75cAY2mG/+IPjzwNE11o3ibW9Ogtwbh4oruZ4giYOBHu6A4yCOQOnYSeDf+Cg3xpiubi01a7tPE2nWa+UqajDHkRjIUglSxbAH/fPT1qhHiBzqSi6OJhFpNTTjLpfTpe+976+WpVr8NVlSVSjUw9SUU1yXcdbdtUld30enXTX85Yo57i4WSRyMkAsD8pIOSRjPJyBk9AAOoqlrto+4AAjaG2YP3jt78Eg+oIHqDyCIF1GRAhiG0r0ONzMcgYXJyTnAH909gck+keEPhf8QviRNbpo+jXMsMrBTeTQvDbornAkLMFzxg8d+xOMfqkYuqlGFNybdlaLe9nr8V3b7vPp+Wzag+ac+VXUmnZXbad9bO17Oy6rToeJyQMyfc2hSwLMACx4JGCRlgDlunXHUEV0nhvwT4p8W30Gn+HNFv8AVZZWVdsEEnlc4+Z5NojAyxySw4GORX6N+AP2M9D0gQ6j451BtTukZXfS7bIjVgMkPJwGyOTlQMgZYAjH11otj4W8IW8Nh4Z0ix00RxhVFpbxm4l2jaqyShWfLHJ3BicjHQ5Hr4PI61acedOKbXuxTcve5d27KOj631em7OPEZtRoQb9ono9ZOyVuV7Nq+yvt1d2mfBPw2/Yi1XUlh1D4g6smjwjY39lWgV7lgVU+VIeSpZSFcZODgcnAr7Z8I/C74Z/DW0t4dD8P2YvFIAvriJLm9LoxGQzbigzkj3PXBNdhJfX19CTLJHYKWMnmli0z7OdoJBIPTO4jngnqKwk1KK1Riq7z5m57mYlmd1JwyjkA4xwDzkkHGK+0wHDVOnFSlFRdl8V5P7L1bWmjbXdedz4vM+K1F8kJOcnZabLWNr6WtslpdrZ6q/Tz6lqFxG8e5bWEEEtKoDso4UIgBCkcYCjHA9Mjmb6ewsnN1cB7ssAsb3BYru4B2jJBYdgCwB6YOcZl7rcTKk00oRCSzIDufABGADt2sR/FngHnG4GvO/EnjK0jB8ovcSoTiMnKw8cE44znn7xPXORxX0EMJhsLFNxV09+l/d+ei3Wz8j5WeZYzHSd+aMU18N7u9nba9kreTXo793f+J440AiwxfPykEJEGIJOAoClcEDdjjAIJO6vP/EPja4s2XyZzhigfyvlQAYyoPUsSMYAPYAdVrzG+8V3TKZr66S2t3YNNvKoyRg4VTnGCBk8fd6gDpXjnjH40eGNL82GxJ1S7TISIHdDG6jht2Oo6EHAGDjOBXm4/M8Lh48/tYQUW0431autEtH5dV5WR7GWZXisTVi1SdRaXk1JJO8dW7WV09OvRXPoi98cT3EKFC0KglneaQBlJ6szFvuAdAD7gYrx3xt8YPDmkQtHcagmoXWMx29ucorg9yue/XpnBGeMD5C8R/ErxL4jfabh7K3ckCG1LLlSflBIJYk8gjaCDzznA1fA3wP8AiP8AEe4ifSdHuvskr731G/R4rVEJAZ/MkwWxgnK7umegr4vG8S1KrcMJBrXSTW702Vt7vTbsujf3OC4YpU2qmI1bS0i2oWVt3azfV8qvpfe6LPin43eJtYRrSylOnWnz4WAgOYzkAZBG0sB0HoR6VyfhrwN48+Id8i6NpWpatJPIDJdzJIYEY/ebzWATA5dgCMehB4+4dC/Z3+DPwmtI9b+K3ie21rU40Eo0a1lUwiVfmCFUfdIS4xh1GOc+/O+Nv2p7KwtG0D4VeHLHw7paAwrcrbxpI642h1VF3byACWB+Y8nANeDWqYmvLnxVaTu01C7122jZ2uunR2b6Hu0qWFwseWhTiuVdErWSVrvV3tfqr7Wte+V4d/Zo8FeELdNb+L/iu0t0RFlOj2cqrKxHJRyMuGJ+UgY6k5YHI0db/aH8HeC7F9C+DnhGx0tIsxHXLiKNrhwMgSiVwGcnHU555zk4PnHgr4KfHj9oTVWn0nR9Y1OCaQGfWNUWa00q1jZgGk3zBFaNAT93dkDK9a/RP4Vf8E9vBXgx7XVfidqkvjbWYI1mbw7o6sNLjkGG2SXQw0mGOxlwVY56DAF0MvxFZp06fLH+eatdaaqOl3202eyZFbMKUFJSqqTekYKza0Xu2S66Xbd+6to/zR03RfjX8fdaS30vT/EHiu7uZAuyKOcabGXbbu8wgQKqhjkE52jPHBr9EPg3/wAE0oLaOy1z43eI47JcxTN4W0h1aUj73lXc4O+NjnawXcfvDg8V9yaf4mh+H9guj6L8M28H6LAY44pdFsozLMoAUySyRoXZ8ZLEkncGIwOnc6P478G6ncKb68lhndAAb7ereYxGS5YAYyOOcAAegx7WGyiEZRlV9+V07yb5b+69mrejei0vqePicxrWapRcY6LSzk9trXtfpo3tq7aWvBHhT4cfCmyXR/ht4I07T5IQsf25LZDeSfKVDSXhjEjHI3Pz14B4zXpFlp+u6yEkvJ2RMuUEJZXkJzw7jPynIUDoO2B02NFi0a/Cf2ffafcDA3iJ4i8ijnkMck5AHAwSc84ynpdraCAL5UKIxZMBASd2eGUjjgjcecHjGFPH1GEyaMoR5paJJxitErOL3T8ntd+t7nzuJzWpBteyfNfWUrt3bit29LWemqSvbrfhrHwglo6MsJjLL+9YrvcvyBywyFYsSArAk45PSt63sIrQsQwk25HzjkswPG8jIxycIAw9SeR3aRM5GQqsFBYkqob5eMDgHrywPXr6VSNg02SIwqjkkgZZgRtZeOpUZ25zwRkZ49rD5fSglyxvvdu22ivt1dm/XQ8DF5pWkkubSVk9HotOjbWvb533MWGGUBSq7SpBBJJwMZ3DPJyCDyWY8dwK1rVpAxUgNJlsy5JBOOuAC3qByecDmtSKzhWNvtDAvguRkqxUdAVzgD1BIwTycV5z4p+JfhLwZA41K/hiuGy0cMTefdSZOAkcKFmJJOMjoc8DBx3eypQirpJpJq6sk9Lt62t30ve2rvY4YKpWlZOUuZLvfaLafk7rrve3Z+o2xi3jzZAGKktjofp0OfofUg4wBW8QfEDwt4SsjLrOs29mhG5IhIsk7sowUWFCzlmwRjaR1Br5Vu/HvxF8bs8HhzT18KaDLuVdb1NP+JhcRN0e3tyAV3Yym4ggg/KBgE0jwLpVlMt5q8lx4g1A5eTUNVladd5LcwRM7LCpbOAg+uRUqo27RWmnvNO2vK1o+9t7JP0R008GoK9SUVt7sbuTT5XZvVRT1aT3eiSR3GqfGTxf4quGtfBGktYaa5MJ8RaujREIOd9tAQNzMOV3ADoc54rnrfwlaSXo1HxFeXfinVXJcy6g7vZwM2TiG1yYk2kEjA+Xkd66eMrGhVREUTayoFCRxoQAoAHHAJxnHbbk4NWESadfMgUMqEKFUY3OSc5PXkdwMkcZ5xXRRg5xSablfV7q90tFa2ztd2eqWjYpVIUXaMVGzSTb956pJdbJu2qs7dFo08SbYljQRrFHtSOKIbY1wTgDbtAAGBgcdB3NWX81k8uBXZGUKzRBvkJBPPHJIIw3I2kkdgZ7PQ7qWZHnlYRHLMi42oWBUIcd+cnA47njFdvY2FtFG42gRr/yyYBgGAIJJweM8jHUAdBmuylhrO829k+i2a11svhemuul02zgq41OXLFNt2al0vePn06RX3M5jTdHnlRA6skS4WSViC8mRu2sRjPJ528AcDgLXU2ulw2Qkd2SV9xKM3UK452L6A529SPck5szXdrCjbTGgVQWQNhQQQSwZRnLYPbI6e1crf6vHvQpudRlt+TtGRnkAYIHTkdeM1q6UYqMtbbXa2sl3Set3b87nG6tScpJN3ureb0d7pa6q9/Vd2dNPJBFFvhdRIoI4UjcxblenJAAAJPQcnvXK3esBN6hijE7WcfOFx94kdM5P0P6Vz95qckfEsrFZMyIFJ4B4x75BzyMjryBXG6hrcVuHYy7nYF3UMcK3Tbj+ItzliAO5BFYTxFKlGV5R0ta/V6W367X0t1a0OqhgcViJL3WlJ66vR6bK7SWr38vU6a712UCR3YeTGQMswLMACPQEAdh24HOeeB1fxDPJ50ryrGgG2FSQWKgcbQcAE544OMY9z5n41+I2naDbtcX19DbxohynmqAWbcQTkgttBznqWGMnbx8hfED9puJYpLXwtG15dbxEt5MhYljlCIYlBOBkHIGCDnJ4rwcVnVOCcb80tFFLVtqz1S33vp1WttT6jAcOtrmqaaJu70tppqk3p1T0b9D6w8S+OdO0K0kur6+itUAZnLyL50hAJO2PdkE47cjJ4PSvlTxp+0TI6SWfhqMt5jMouJUMk0jHgNFGuWODgjcAcjtyx8OstB+JXxLuvtV9NdW1rcSBmubp3TEZzkQwsQiDoAR82O5JIP0b4G+DOi6CsNxcRnUbsKrS3N2BIFYYyQpJXr06kYxjIwfJ9pjsc1o6VJuOr+JxXKnZJq2jV3fbc9mUcty6GrjUqRu+VNW07O/fbfVWvc8QtPDfxH+J99HPdG8tNNYjfPdu6BgxzvEByvTGAQeOozxX0f4L+BOiaKsV1dQNqd4m0tLcjfHkDpGhUgKCeOOVGMjrXs+laQlsibI0ZVXOwIFQAcAcADAGfT0rt7KzLIhIZMHcEGSCDjJyP4eewx0zXoYbKaSacm6kna7k7rXl8mrqzT3flszx8XntWacab5IaWs0u1m7dW09uvkcxYeG4bUokFumxBzGi7Y0wcKMLgYAGCcDg9mHHUWukonzBFChssqDABydqg85J56nnnjHA2VjSMTFQEVcM248t0xwMkD0OeBgZqql1vZyiusSPwq5y4I6lhjAHOB2HIxk17kMPTpxSSSt3sl0Vmle+++19bLQ8KeKnUfvvS97XvZOya1vq9bXt/lIyeXIsMcbcuCxOAQVIJAbuMbQxJPUBe4FnzWG7YQvVDtADEnOAfbjg7sDJPpnPe5Zwr5J2KSAuAR83yknIyRuww9ic4xiq15lo3IZVBLLg4IJ4yCDwMZHGeDwSc50jG29tFZ380t730d/XXXsDSs25dNdrq+9n30T3XW+1luSFVEe48D/AFiEsdrc43HPIPvngZ5xWZOIwGb5Y2kyFOOBz2IHTkEYK4Py85NUJLxmAcFgzyYAwOMZwe+QBnJIzyPfFa6vVSMks28BgvPDt0B5PByeB7dT1GbSfvJOKsldaJXS0v5X0emu2pzuoo2aabTWz77u63aa10tqnuRSSKx2KXZYyRIx5ypJyScAkDn+EYyR71Wnn2rGIzuznyxkgY2nIOO3POc9CeorNa+UliTtBUBwDk5LHrgAjccEAEnocHGazZr8sSse8iE7iT0x3ULyBxnOeOD3xjKUly27K9r9raW62Vnp1101JhNzkmle9rvVWd4vlt1aXXZ/icX8T9BXxB4Uv0UL9rs42u7V1X51lT5tsf488EeozzXC/DPxONV8PJZ3G9bvSy1tLuYln2fIpJ+UnOB78kHIJx67d3Mc1uqXAjWJwyPGCFbawK4OR79OpHTjp8Q6l4zs/hl441uG4nZNMvZHe38s+YzMSchIkU4bcCBkLg8YAbJ+bx2JhgsVTr86UKkfZ1krX6Wdr3bXda6b2ufaZbQnjMDPDTi1Ok1Oi3e9m43iku9012avofWFzeuzK/BDsQFJ4UDHznHTgZLHIAxxnFeYeL/iPoHhNWfUNQR7mUbYrG3kWeaXphQihsdQMkIO+cjFfPmtfFTxr4zeS00GIaHprny2vp1KXUqEkBo0xnc688BgSRyDzWl4a+Fk9yo1S/dn+bfca3rcjFmJJ3/Z4Zfmc9RGAC2cMOPlry6uYTxEm8PBuDfxyVktrtJqz/Hrokephsvp0Y/v5JyTVoRs5X03a2fV7tPZ9TO1n4heNvGDm10uMeHtJlIUSsCt3JGeM4A3jCkH5QTx1OADb8N/DWRw2ozRm6nyHuNY1mQrCBlSzRJMQXbGeR1wCBmvbdM8Oabp0Pn6Xp6XG3/W+INcxb2igfK5tYJBvkUlSVUrg4IB715/46+LfgDwJFLPquqL4juURlWMMkNhHKASqw2a/KxXHB7gZx6cVWrCipTq1Y9buTv/AC/DGz1ta2nk+h6FOlKXuUYSS0SUU720s3e1ltdtp7bbHQWOlaZpqi9tFGptHkS6vqBW30m1IYhjbq4DSFCvC7NjAdQBx5541+OvgjwJJM73UXibW3U+TJOQNPt3IyogtFYqCpI2ttGcZPWvh34n/tPeJPGjXGn6Mx03S1ZlgSM+Uvl8gYiTCg9CpBOGDdfun5uhu73VroyXlxNcyjDmSRy7cHjrwACTjGcg547fN4/iNUlKGGhdp/G/h0srpLr5apNX7Ho4XLW7Sqya2vG9+q1fTZtWVvuZ9Q+Ovj7428eXMsB1K5isHkKxwo7xwxoPupHEpC7QDxnBOSOeMYXhu1mvCJbiSW4lcgecxLMrkjjJxwOe5Az0PFefaPaPujyqksFzwPlyfvH5T15I4yCMZPf2zQzBZKqyAbcgsFGDkDOQRzuH4gkjjNfEY/Ma9eTlUnKcm7pa2v7tk9bedm35vU9ynQhCypwikrJ6LurdVtvd3sk9dk/TNI0zyUjZwVzjK8L8uM56jk8nPIrvxrFppaxxoyMxTICnIPGNr9uTxhuvOMjJPlMOr3FxEI4Q6IzbVfOSeCAADjAYnLduO3Wt+x02WV1MpJcgD5slc8Y4PAwec557nOTXzFZSm7z2dnputra306bP5pXO+nPld1a7V07aNWi7vazVtLbvqdcviPUrlisRa3tyAMqerE42jIJBx3AwDgMa6jS7RZ5UuJCxdnUEPhhxwct/Fn+LoQQcg9Ky7DSjGio0SMm4EsQdoY+gBYDPHBPHc9x6Rp1tEkI+SNGCj5WHzY/vcYAwe4ySDgda5KkFpyxTvu9X1S1ad97X3vfXzOaUrpyu7q6d77+S03dundWRuaVaFVEhQKhYgDJC5Jzk5JJ3fw+h55JxXoFjJb2sOUMcTIreYzNtLYA6E4Hb72cfzHmN94n0vSrcm8ljVlUsAHwScZXC8cYC88dSMcBa8R8V/GRIkltrCSWRzwDnCqT0HynnkjB9RgHaRVUMpxWMmlGElF21adnsvSz20fX1IlKKWrtbfXvZLTVvRdLJI+sdV+IOl6NazLLeLA0amR1DBztABIxzktg++TwMV8y+N/2i5p4pbHSJFXB2xsflPU/Nj+6B3GTnHGTXzLq/ibxBrEsklzczlZiRsVwBgE4LKpxjbyCc45zx8p5tLF5WZ2LF2OCGznbzypP+cjByev1OW8KYei1LEJ1J3T8ujtr22VvTbR8tXGxh8CT0V21r0vbdemlm76XNXxB4y1jxK8hury5mZnLMNzGMBTgIuSdqjHPAJIGMjGeTa383Ei79rfJjacjkbs424ySeBnod2eg6KGyVJFTy1B2sSxX7xOAQQQQc5z9QccgirX2XAB2jYgIKrkAsRtAz/Ce/Gc988ivscLl9GhFKEYpXSjaPKrK273tpZX6+W3nVsVKevNJ3ta9vK7trbTp1um1prkW+jhuwVnC/LjkjuRge2TxgYIJOcVsW2k7tw8scBCuwnJAO3H09/U4A6V0Vnps8qtLHGyqFChjuHoO4OCMngcnNdvpmiRoqkrhsB2dhkjBGNo92z97JwT0Fb1a0KCtCzej0cVyu6vZqz6vZrToYU41KjWu903e9lfXXR99FbbrpbkbDw3dtKmcRRNgj5RnkAcgckk5wcZHNdxZ6NZ220xxq8oADKVJIIP3sk4Ld+ueuCeRXTW9mweNLdGmmdQDGmWaQ8AAKOgxjIHfAOK9j8JfB3W9ZdL3XVXQ9OXDkPlLmePjJ8vcMAg8McAEsOK8DMc9oYSm5YiooJNWhH4puySSjF3e9rPy00R7WCynFYyaVCm6kk43m1aEV7t5X2srd/wAU2eNWFpcX00dpZWs13cFgPIhEjsT0AwMkepOc8kA19JeB/gHcagq6j4xuRpVmQJfsMLZuJU27grnOYum0jdnnB4PPexa78Nvhnarb6ZZ29xqQBVbghJbqRxgNlyCEyc5y3A7Dv5h4k+LGv+I3kWzcaZZspiZY2/eMASPmPqQMfL3IGeoPx1fNc5zhOjl9J4TDSa/2ir/Ea0d4RdrXvp28tD6ihgcsyxRnj6ixNfS1Cm7wurJKTV9F52WtrOx74/iLwD8NbBrPw/a20VwuI3MYWW8kK4XdLIRuY8fMATjHByBXj3iX4qeItdYxwyyWFqSV/dkrJIvQtITg4IB6A/7PPXygXO9hNI3muAS7zsxkYnnJByTz27npk1UvNRSMI94+FVchY2w7KCQoJJ4HTPHIyecEUYLhzD0JRr4lzxmIum6tb3tXZ3SleKXa9rXvurrnxmfVq0fY4fkwuHtaMKNk+X3Va+97PonfXU3HvFDNPJM7ZJZ3cku5GcsDzjnrnntxnccS+1iCCKTczhJdxUZJd8cLj5gVIXjC84wCMYFYN3qwljPl744doOCw8yUnlSeM4A/E56DnGaJY2Bd987EZy3OwkEBFGew4OeSo5yeT9EnCjFRjFRtppololZ9Fy37LdNNq9vnZSlOTbk3e129W0uXdr77tLo/TVGtzuUghHlI6FA78yZIHzDPzdAQCc/Nk571DA7eaEcmUxk7jIxIwSfmXJ5+YngDBHbCjMdrbXcsiAxDEh3+ayhWjTPB+XG0YIIX8jk5rq7bQ3lVSkStKN2xmyC5UqSSMDAIGT83VevArlq4iEVrK0dJPpdJx1fyUXpvulo09Y0atT4YXSa300utvR/LTy1pRW7yOsQXMRf53Y5XaxyCN3QAdBkAc5xwT0On2FvFcorkvhy2MExBQNvHBOeevUAYwMg1p6ZpDPJBFLhkkl3SkFlSMoRgA8fe64+XgnqOK7+x0SJZTCIfM+bEUceCfmbcC7nhVOCSCchc85IA8TG5rCnBqEk5W3ura2+5O613eyPQw2Ak3F1Fdab3tsnfq00+17vpux2i6HdXTxizh8wbhI0hXJCt0YE8AL6t16jIFdyuhTRKyFwGUEXFw7bLeE8E9eGP3hhck5PTHN2y1Wx0eF43eKK1hQG6SNwZGZRxbxMM4UZxI6knBOTjGPPtf8cC+V9kgis8lo7dD+7QLyplOPnJ6tuJ4OcccfE18VjcbW933Yb9UtWumt32V9Vr3PoIQw9GHKlGTUe9rXtfZrra33dzoNV17T9Nj8uyYX91Ch3XU2BbQlcj9ymAjHjA5zwp4OQPJfEPiIXJSSadp5f44yeE3E7VjXO0AdBgZxySc5rm77X5JJbomQFUfAjOdrEknIUqRsAGDzgcE5yMcJqurh3Mkbf6tizxoc87gAGYfMAexH3ScBcDJ68Llzj70k5NpXbv/AHbvR/Ky22vpY4q+IV0lZRb2tsk43bd0rem+2uhs6ve5aIMx/ergIMnbnnbtx1B28j1yTkiuD1i8itVf5mwY2VGLZO7JAOM53EkehHYHdmsnWfEQjdXMm3y4yclskvj7p64HI5BOM9+M8XBJrvi3UV03QLG71a9mcosUEUkkaFuMs6hkABPJYnOAMAmvpcHllWcoKNNpNrVJu6VtUr+e9rJat30Xi4rFwXNdt72s15Jt66Xdu3VXPNPGGoG6vokxuMc4LMcFiWOBxnqMD8MYGPlr1j4HfBPxh8WddnTQ4IbLTLaZDqHiC8lWCx0qMgLJK8jMuWCA/KMnvt+bBveMPgJL4T8M3fiHx34n07RtakVJNP0CGVZr15Dk7J1DExsAAT949MfMMVyui+PNY8MeFrjRPDmsX9hY6im/UBbTSRedIASThXBIOMBicNk4I5Nfa1ILDUsPSqRVlFe7pronZpO13ZW8td27+PQqRdec2203eTd038Le/lbVNdNT7puNU/Z9/ZhjJ0iO3+J3xNVCLjV9Q2XOnWV0AV/0SElo1Mb4CkfNgAnnIHx78U/j14/+K13JP4g1a4/s5XAs9Kt3MNpBEfuosSMEwMYLFRxkd+PC5NWR5TPeymWQtuCyuZGcsxJeQsWJY5PQ/UDiucvNRurqcJZI6iZ9oYLudueAgA+VfqB9Olc6lOrFRiuSGllFWWvK/ef2na7v3tvcuri+bSLcYrTlit1pu07J2SbSta9rvRm5e6nBC/72QNKq7gMBiCc9OTkEZG4c5yTkYzmWMep67dGGwgdnlIQJCpIywP332tt69OePfmvWPhd8APG/xO1eK00rSb29nnYACKOR1jRj80k8uAqIA2SBzgZwB979PvB3wC+EP7POk2up/FC9tNa8SQos8XhfTGjnmMu3cFvJAcAbztIYb927I/u9dDDx1k7JJP3pPVu6Vkt97PSy67Cp061a2vs4LVyejafLotr289Er3SufI3wE/Yw8Z/E6eO4vLf8AsbQwVe51S6Voo2RdpcxmQKu1Vyc5Az0yOG/RSxtfgB+y9YJY+FdMsPHHxAtYiHv5RHPaWdwqHdK0zZT92/JXfgYx0YGvB/iT+0/rOvWMmi6GIvB/hpMw2uh6L+6vLlAcIs8kA3ZcEAqeeSMFRz8yXv8AaN/m+8Q6idJ0xwZIdPhcvqF6GOWDkksc8Bmk29TnIArtgm7eyTd+W8rXWjT0XX8CnWw2FT5FGUkknJ6pOyle70b8o6J+Vr+t/FD4/wDjb4l6pNDdXtxq84l22+l2jNFo9jGD8gKRAKdg2qckgHPGK8nu73R9OjbUfFF0dd1iMK0GhWrmOytXU8C4ZCAQDwVUNnGGPWuK1HxVIltNZ6Bb/wBmWjsyNJGAbuUKTnzJ8kjeAcrlgPYZFc9DA9xbGTJmlmVywGSw5yzk55IbGWOSOeua7YYRaSm5SfW9r30vd2dlayaXkr6XPBxOZzqznGm3LR3kvdS0X2VorWu7Xdn1NXXvGmq67cRW00y2timPJ020XyLO3Q8IBGmA7YA+cg46knvTiilllZmVVGBsO3gHaVIGeO5bPPqd2QBn21jMbuFZFBY7AWHVFUqd7frhfyxjFd1FDBCxgZlHlRs4Y5ycgk9D9dpOPQdGI7owtGEVHeSWieuieq72d099bq+h5Mbycp1Zq2zurtPS7fRJ6266etuWttPUSyzpuEZADEABmc5yrHJAxg8DOSCSTgVatLLyYJCUCu6yMxck4QswBHba2CSMn/Zz0N2zuYGglh2tJIWZkGMFnJI3ZAJwB65bnjJAFbOl+HdQ1u5t0hRyJXSNI40LF8FcqFH3iW6A5ByMZHzH38twGJxVRU6FKcpzcYrli5O8uVJJJPd3/TofJZ3nOXZXReJxeIp04U4SblUkoxjFdXzbN3W/l2Ma3llSSNYkZmWHYjLu5ZgeygjAIJDHvx1yK9L8D/CTxv49vrbT9J0m+mmvJ1VUhgeWWTc38IVSdpAPHUZAB5zX6g/sZ/8ABL/4sfH3VbDVn0OTQPCyyRNca3rELwQGIMC4gSQAsVXJXaMHIwMZz/SP4J+BX7FH/BPvwjF4j+IGoaJqfiqzt0mLXIt7nUry8jTPl2Vg25okLLhHYKTweDmv1bKeA6OHdGpnHtaleaTpZTgoe0xtRpxa9s3eOGhJSfNOq1KK1UUtT+ZuLvHDE45YjA8JLD08NTjKGI4gzKo6GWYZ6Raw60qY+qn8NLDxfM7JyPxv/Yt/4IweM/Ha6f4p+JFpP4V8NMIZ5pL+MJf3kWFcrFHJtESsM5Z9uFBJ6V+wniT4m/sZ/wDBO3wpJ4a8IWWj6/48trbaunaWbe7v3uUU/NqWoIHMS71JkiR8Lk54Ir83P2uP+Cv3jHx3b33hL4Rs/wAPfBREtut1aMser6jCvyY82La0EcijA2HAGADkc/gn8SvjDrXiK5vL281K7ku7iRpJrq4nknuZy53O8szszZJIxyATnHQ19piKuBybDOji1h8HhY2cMmy+pepU5XHl/tHHx9+q3vKlTajq9ldH4rgMLnPEuYrEYCWNzjM6k71eJc6ov2FDma5v7FymfNToJX/d163PU62ukfpf+1x/wUz+Kvxte+sbvxA2geGklcWvhbRZntrdICWCLdNEwaZguMh8g8kAA4H5FeM/irqGtlgt00SyM26JWbDr8wO45xlmwW+Y+uTk15JrviG6vmKrMVeRmLsWzuXIIJ3fdAIORkd2G7Oa4a7unkkALtHGFKtJ0QucjAwc5PqOOenPy/m3EHH83TeHw/JgsHBvkw2HiqcNorWzbk3a0pPmbvdt3R+/cF+CfPiY5hmHtsxx83B1MZjXKrNX5Xo5rliotq0YJKOyS0NvU9dmfdFcy5WSQlFQ9eeAec8Yxycjr04PHahqtvIrvJMkTRtwDyxUAZJPBA45Hyj8snN1XUFtCWEyoYkJ8s8swA+9yMDrknKkdSQcV86+LfH8jedFYkvc+Y2X/gXkg7VHcHHJGeCRnpX4xm3EdTFVJJSau77tNvRavbWy9e19T+suGuCsLlOHpuUIuUbLSCSTXK01ta1u6tu9bM9f1PxZaafaTSmZQQWVHLgcgAqu0Hd04IKnbwM8gD5v8Q+LNa1KaQRTNDFK7BFjc5xkhskEZJB4znvworiLnWtRvS7XNzI2WLbSxKg9DheQQvXHAySB7QxXRO0uWZkBYkHjaTwMdAeMNxk8Hg7TXzFSrVm1OTve+j2bTWqvfXzdj7iFOjBKFOPLZLe10vdStfT8n+k2xwkl1cec5LbVdgwBbOF55ySTliMdTjOAaoRxyyMAE3NIWC92GeuM7sdPmGOQBg8YPYSazBdWi289skcMK/uwhALPgBXOAufm6g8A57cVjRzwwOhTiUKxBxjYpBOVJ4JHUd+NvAPPPCc3K7j7zatqm7WVv6b38zolSTUffvHS+yb2uu7d72ve9m72tZZdPuIbQ3DIY1JCjkqZMZ3HnGV6dT8v484JgmDgMjbyQVAHJyVwox79e3JPU89Lcakl7FDAS6RQBi7b+SwBPC46kbWPJy3APQDG+2kuJeyMqRrz0BwMnbnO37oz7dMCrhzq7au77XWu3yWtte5lVhFWUXpolrr9nWMdvW9ua99tS1Z6dc4bchBJDYbACKoyxwCVGR3wuCeMdatK9rbyxsAJFhyW3BQm8cZIUHnPOT17knpTWbVW3vGzNGSwkK425IOBngZI6c4zg544opOyF1HPmSEHcSTlevJHfA7nGc5xmp9m6j5nLVK7S20tZXSad0tEl/2873C8IqKadm9W129m2rXs1JpJ6q357F1ql5OFlhZYUgJVPKAVuSCPmAHAGef4uBnuMl7+6udwlmlldjg72LAgAA8HkEKOQc8AjOKnhtLu9WURLuKDcybsBcc4J6MSB0PAA5PIzBJZXMMgR4yiuRuZlKAbvvcjIAGcdSPda1ioRSXNG6ta9m72S9OtlrbdvstG8Q483LP2cklotLWit1a/RK76676sSeeEsQ4ViB86k7sZHC4JPJ2nJIwfXOauRy3U0kbq8jv/AAFQS5O0klmPGRt447dQAMUAGSVFYKcZVecgjJByw4wfp0/vV6zY6fbQeG5L2aCITA4i42zSHacFe4XoFyOckkZrLEVVTSbipOcuVJpX+z23S666Jas0wtCeIc0pNRguZ30fTXzfn8+1vLr+R5cFnZtq4YMSCXBGV6n8Se2M4JrO2MzKF6ADke2eDgAEjkE49Qc9KsXLM8z7scSSA44ClmyBuAHJJOT/ABBcj1qKM7WGMgtjjdwRgnJwB1HPGAcce/RT+BWSu0nt102V+vr5+RzTknUd9dUr3b0T629EtNd7dEKodiUOT82MZOfXIHbAHXHPP1CpblnAOVXd1Yc9zxznr+fBHB5EcAs2SWJxkZGGA4yTnPp3GPToL4uFSHa0aMxUHe3LKTjOSe4wMZHoRyDScpRVlG7srWXpd25l1vo0tL9bCilKyfwpO8npbba2nld7aXv1ebNIU83zB1DqMYAA9CCMEFj1IGOxwGqaO8dkeEsEVlUAuMltvA+YZyMepPGewyc24vZJUSNm3quRkD7xyAD1Ofx+mSBg1PMLcDPAxjI5znjGOmSPYdeOhhQk9Xre2/S23z03SSemm5s6sIPlhotFdaX2trqnfRX9DURC4cRchT8+BwV4wAD6/h/WrVv5kAkfJQKANu7azYJ4OBxxjoCD17YrJtpHVtys6gbSSMYUA9SeB64GBuJzxipp5/N3ZIG3A453t/eJOCMHkAYHXA+UExKMnJR0s3q7Xa95fnbrqvJK5Wjip81tE0kktU4u17Nq9kmr6JfMW4uZpBueRisjHCqcDAxjOOo55GRnjkZGajneq7QFxkYGOSMcevTv2wTnrURkJByxP+zj3zjnOPfGKXduxzkgcDsAcYB7Aj5vfn61vGKikrJW+Wnk+nrrfr5c7nKTdtbvvbtotU+/fTfzhwcnPUdSe3OPTPXH8qtxEBTGyrzlc7fm5zj3JzjHGOTz0zAFIOTkY4OTyevX246cdOfQ2YE8xtxDExgOAMn7p4BPYHoO4zxjNaLy3va33b7W/r1JjHvu9LWtppdve1vv7X0ZOtmDAZVZcgjcpHQfTHOQeg9RngU024Y4wUBYAk5IycbeeOeTgkDHAyTVqD5m5JPmFVKgFgmOhXnJzjk8EAjOMba9n0j4b22uaetzYzGWURq5G4bmkI3bWUnIHTBzgMcdaxrVoUlebdm01y6pX5bp6e7e7+Wid1c5cXi8Ng4xnXk4RcuXmeyenxNrS/TXptuePwSTWt1+7OURQWyPlfaATnsWHPscArWdqMz3FzJI7A7m3KEPy4POR24PrgbvY4r1W/8AAXiC2kZF0+Qow8rCqzrkcDBOc+56ZOB2FY1x8PPECKZVsJEQYZtysXAyAdoI5APIAGOPwrKNWg5KTqRvyq7Ti+2/RrVPo1ra1yKeYYSrBcmIoyTtblmndPls3q9tE27PvbVHAhlRPmOHbKn5SWIOflGD0PQ45APQ9o2O8bW3YUfJt4yOQAw79fmIOOOBjird/Zz2cxilQrIrMcYJIx1DAAcgdGK4JyScKMZ5GTu56g/KMk5bnJB7nJxjrz04roupaxaabbur6vRrW7X5tapeXYnor7aPyd7Pu1qtdHp3dyxPKZEiDkKqKVKj5mXHB5DZ5PUHGTk9CMUMDJ545wcZ6ev/AOr8K0PsrSfvRtVWyRzzkDABXPBI5Hvn0qqY2RiWU/LjIPXP49eASOvI6Y6UN3lZ200vu3stXt32XW5EylTgkHjOQcim1OU8xieE4z6jPAx7ex59/eIqQdp6gc8Hp14+uehA5460k7/1/nZicWraaPReb+dvx/4I2nqOuADxgZ45yM8Z9OPx600g/nz0/H8OOo6d+mDUihsEHAwPxJJ+6ecDIzj9OaYlbd320827W3X5k8cbFkDD73OD0PAI7gFhyeuevA6Hp9IgSZhHO4WIckAjcQCPlCbuMcgHsOetc5BuLYwGyCeSeg6nj0IH6kZpxaSKQOrspBDK6sAQSSSDgjOSMgYzwc9spu7kl5K/ZLT8tX1vtbW0yd7+95XWrWyu766W67a6I9L1CPTURIkt4Q6bVjdGHI29X64OBk/QHk4rnJbO3FqZYWw0btnBPzOTkgEjHXHHU9MVhxajIXzJlsj5mYkjPHOO3HbJIx17C0L/AMtWjQEruWT5sYbJPIHUnDYHbqORipXMo62eut9+2l3e173V7W1vszllFx0Tb0dm27bLXtbTq7Xbs2mzpfDlw9vqdjdmGNo0kBeNvusQRyRt6+/TPY5OPoyLTLHxU1ounQQQNPgXJbAPnY/gzznPAA4OQMCvmuyDyqxhDDJBJYEqmGUnB9v4TnPp1wPvX9jn4PXvxM8XzXOqtND4d0NIry5vWLLbPLFtkSF+cHftO4gg8EHHBr5niPMMPleAxGZ4ir7KOFpucrTS5pLlUYLTVylZJX1bsm9Tws5xEcPQnip1GlRjdJTSUmrPl6p8z3stVdbanrfwJ/Zoi8QvFq+veHrqaC2ka2hW4AWC4UHJl3vjEaKQ2RglfmJYE55T9pv4G6t4E1GSbwlqkUuii1kurq3W5DKhZeYlj3/8sxtUYywOMjnNfYni34i6lo+q6jp2najb6Vo9s7aZYQQERQzyqghEu75SvABLDJbHU9/mX412viJvAkmnw6hZ6jfaizXF1f8AmmWe1jc7lt/MDNgMDkKWzkgEnAz+PZPm2f5jneGzDFYuhDL8TyewwbXNenLkkpXvpOMd+t29D4jL8fjcVjKWIqypqElB+yeqjCXK1KTas5Wae+iV1dar4p+F3jDQdIe/0nxNHDLLqcixx3V0A0lurOVZR12q24/N1Hpwu7o/Ffg+70/UmvPDUkk+jyIJ/MjfDgzDhQFILDHKgjIHOcc18z39heW2oSvdkoYZSrtgplkLDjOMjKkjHHHU9a9f8JfEOeztJBqEzzwwRNAkR3YAwQrqCOCoAIJGAD8vpX7TPCtTWIoNSVSK56UtYztytSXRSWy2/C6+0r0JU3HEYdqaqqKqU27wldKzVtE0+q2VtNmfTPhf4dWmq+GFk1h0ttSa1e6S4vn2RC3jyQikEjfxk55JJOTmvLtfHhK0awm065El1ZytHfSeY3luVJGLdvXIUEL8oJ68YrzXW/izrmqafJY2s7x26I9tbqGYy+SSQQWBxghiQeQR9efNtNuZ7m5htpppHV3+6rH5HZtqDBP8RbBYkZ+btiuGlluJc51a9a0JPmjSgklFqUbPmu79dEkmtbb2woZdiJc9WvVUE1zRhGTtFxcJLV9Vqmkrapnt2s6bJrtlPcRyhNrrJBBOQxZeAJQzNkemM8j72K4u0aSwMtj9mglnI8xpUI3LjCE5AyTgHgHOT16EfQGkeC9MHhlrzVL6SHbGmX5OX2fLEvXABxvwSckY7mvC/E8ugxS7tMvNl3buY5hEeJCGK4JPU9dwBIOeD1NThK6qTqUKalOnGSu0lo9L6pW216vTS1tM8LUdWpKnDmlThJJOMfdS9293FWvvsndL5HXx6r4f1rR0sJNOjh1G1GIng+STIwDKzFVAbIywJOTnrXkWqXssNy0EDMBGzK+HKksGODgttLA455A6cZ49n+BvwL+IPxq8RW1joVreR6TcTmK+1sRMlvY5675MYYgZyAc5IG4Egj7c1n/glr4+/tjTLS18QWr6VM8IvNUl/wBbGsmGbaqli/BPXJIyT0UV83mnHHCPDeOeAzXOMNhsS6Mqs6NSalKCjZvmUU+WT3UJNeS0uaSxuCwNWVKvVipyjzSjJ30ukm92rqyir9PI/NiH4ma5ZQW8VnOttLaIIkcAguCuCXIznA5B4AyMZAY12Gn/ABx8VS6cbK+1e7mgiDRyJI8kkUqtuCxsGJG1DyPpg8ACv0X8Sf8ABPrw3o9rqGmT6pGU0jT3nudV+ZLia5ijIVI4/vFGcfMOBzjjt+SviHR5PDGtaz4f8slLS8ngSSUEM6JIyK67gTgrhvUBhk7q6uHOJeF+MJVJZROGKeHcJupKnK3LJpKcW0rttLbysrl4GvlWayqKhBTlTbvKSW8eW7i5W8lf/gI3tJXxP421p9K0Cyl1TUtRmYxQ26ln2ls44ztj/TGQD6/VPhb9l6/0jSJ/EHjGGW3uQBtt5BtthKwGV3fMxdHxkDgEAdCK+b/hL8U5fhVqN3qNhYxS31zCIoL90Be2JO1njcZ29OqkevJwB9E+Kv2sNY8QaNY6NMS84+aaUptC7l+ZtoUKWKk43egzjFdOdriF4mjh8rjQoYRKHta02nVleUbpJ6KKiru2rSWqW94yGN9pGhh4xo0I8sXUuuZ3cU0klpZXeid9Lq+hm3/jPXPAry6Ro99KA6NE8UDHyynKomBnHlg5weOc4NWfBXhD4jfEae5utMtZmto8m61LDkQtI2cNgkseDwoJJyMgE1ofBv4eHxub7xx4hSY6FpzySx/aMquoyNuJgHORggHAXA6My5BHums/FW18NaZ/Zvw4sDpRt0U3/lH5TIvGeh3MQMYPTgjpz8/jMwnTrywWWYWlisf7qxddpKlSfKubmavzT2dtdmm7nj16ipTlh8LSVau2lUqe7yxva9rfFLR+7+Z5k/wd8e22uWWkX2tfZLW4AkuLqacqNgzhgrMGUZIG04PXI5Ir6x0D4PfDTwb4ZttS1XVbXXbjUXVLz7SokkiYjEgt0y4bcfuseccggCvk0eKvEHiW7Ova1dm3awCy4uHZReFuQvJXKqBzjgDOPlrT0z4xW9hrUFpqUK3lpKrCRnYva25f5Q0Sn5QQSeR0zxwc1xY3B51jaVOCxKp+zipVoYKiqLqO8fd52rqTta1rXb6s56lPG1Eowq3slzRp0/Z3bcdXJWaaV9Ovrt6/4rg+GSQ3+heHhFZbkYy7Y125UF0iUgD52yQW/hY8ZO3Py/aeKL2LU7jTIROdHtrkRyM5+VYY2II3A4VGX7ynAKke9fVGi/Eb4O6rdW8F7oENtPMhgvtUQ+bEkfINyqkjMpXnBPJznP3jH4li+CepNc2mj3KrZNalTPaxiFri5I+UTEHDOWJz8wII4zkVz4PFVcE3hsVgcyqqdr1qyVRRl7qlOLT0a87JJLrvVOq6EVGth8TNOK95tySeiclqtYp2b1t2u2eJ+J/iB4b07S7a0Om6fKJlWSYwOFZYlxsiJADEvzvA696+Qfip4/i1tPsdvGtvHE5aJYF+SGLAIhDjj5s/N6ZzkZAr1rxF8KJb7VLm8e9kt9HF0DbOcnzYHyFwMtxhecnA65wa+ZfiFpP9jakLS2y9tFI8cU7ZxMwOXyzDBHQdwegI7/oPD+EytVKcqNV1K7XO1UabTkoc17295J2te/uu3c+lyujgnKHs6jnVtzNStde6mtHrdPo/O213wDSD74IwcEr1IbGTnI5B6e/IJ6hkikj3GRi2w4HTOScdOfmHJBB9zk8VJJA0sGIlIKKzOQeRyTt7YycAjGcc47VXihkKLgMqNgEcEnH3sHkAjAI+7n07D7dLR2S0WltNrX/D5a6I+h/Lrpq+VKza00a89733Pr39mzwzLq+oXl5NayafpWnwSzXOuxbUHmRKGW3LvhQGztdhhgMDHTPU+JNaF3qck2myXVxZ6Y0sha3bfGxjkYMWk6EsckE5zkAfw180aJ8Q9d0fQX8MafNNDp17PumEcjK0qKeQyKMEnGCWJBxtzxkdt4U8bf2dpGtWjIGttQjUTs20SJNnCpCeWGSAWIw2MZyCBXz+IwFeeJqYmTjOLUacKet1F2bk2rXb1e9opWe6R5FfD1JVZ1JcjU7KMU9krXbtbVrpbS2/RdHcTXfim7e3jiJiZuGkYMYY5ThpW5J3A9EPPBBHQHyjxb4TttJuJf7PnSaRXCAB8M2PmZsdF2nJcLyQPwrWl8QSaKbm6s/OSCXhZSxUNIUztPUBQTz2DAnGSoribjU5bjzbi5kzNOXdAj7nG8YyTjgY9jkcZz09DDUpwlHkcYU4pKyS1do7vune19OuqsdFCE04uHuwUUrJXu04ptt6Jr/K61dpLa8uLUIMxtJKCkjyZfyl44JPAA5IGcgEDOM13XhTT7/Ur+U7PtdtEFWaV2BiSEsA+xcbRkZAI6KAcYFcxp2kTX+lxShlUrIzqp+ZpQBksxJ5HH3c7sj1zXqnhIjS9LuzcCRbdIGLyKNpnYbsRhu23d1DDjK8Dp01ayjHlTXNdJLs7Lyvpsnbz7X7Kr5abu7OyslaLbt823a6ffsdhfXljoS2KPIYYLmePNnalQpgQgETYI3tJ2BBxkgg5C102teKzfTojWzadpUkMVrZ2USf60qgy4bAZd+DuORubjNeHW+o2+q6hHNIHEaSq0Ib5xhSFSLaTyzOM9Oh3HIzXcS3qXWoxpfCVhA6uhX5FjITCxHHBIODkZOQckHr25dBU6tNu0m5Rlq/Nael9ls2lfofK5jQvUTbs3qn713dx0fdq/dJNfM/XH/gk3bK/wC2x+zkCrR7/G9k3lMg6rKmGAwM5PJORk8lhk5/Wj/g4J8WxQftaXtjPDazrDBpFrIjMEme2NojNApB4RyOVOAdx4wcV+T3/BJMte/ty/s2xq7GZPGNu5hbKsi5DIo6ZBUbgADjP8Jxu+wv+DgTWV1H9ujxvbXFzJG+m2WlvGqndmZbVFVACcZAP4dWHav7HzJrF8D5ZOKssP4dZurXS96ecZfFyTaSekXb7n1PxfPaDqZ/gaLqNKpnuBqNLVv2eCxNr3TtZtO+trJaK58e/BD9lrSP2otbtvCPgzR7htaihvdf8Sw2NxAn9ieG9NR7i+v9sskasEiR+VOdw45OD80+LJvAng74mXHhfw9fXw8Fab4hj0rUdTu443uruzsroQXrIwLAyBUcxgE5bpjJro/gp8d/GHwHt59b8F6iln4h1+wutB1e58wR3z6LqCNHdWysjhvLkjdsr93B+bpmvmj4g+J7TVtUjWHSJIIZtRlmaeNyftElzI0k0jSBsMBIWLckjjcRmv5CyrFf2Zi6GJpzkq1HExqwvdWcJ05JKKsvPRLdvbV/oCwlaeJxUK1SSw1TD0oUIxvFxlyvnk1Fe7J8ys07Xs7q+v8ASr+078Ov+COp/Y68P+Ifhd401+L44t4OtLyztbe5kubq98RtFF9th1eyuNkUEH2gs0bqfuAEDcc1/Lv48sreHVkWwureRPId5D5oc7myeI+FDkEbgvfcoxkk+geL/EVrHokdvatFJei2ji86SYyO8CLudURCfL2cDcOvvkE/K15qiX+rb3keIbljijTcVc7yC7tyQD/tYHcg1+h8e8bU+J6GWUVVzHE1cNTnOviczxKr1lUqtSlh6Mo04OnhqdkqUJc0or7Ttp1cP5PVwCqc9eU4OVqVN+44wjopSvKblUmknNt3l0V9Vv6bHJZ3cN3qdtK8MchnhZkwZmU7lCkkttxwCAfTHOR2S+JL3xFcXNzdzsbWNVEFrIuwfuiBHFkYDE5IUDOOcjnNWYNGt9RitfN1KO4voAV8ovsggg2lkYtwsgAG05y2WAHLHPObpri7Ok28aiJCXaS3AG8DIeRW+UYx/EBzjjjAH5FUSm3J8102m2ne949fJXWzumlu9fenCLabs2vdi7NeS126tbS3Vj3XSf2a/jD408E618W4vC97D8M9CMUV74njUR6dBcuf+PZZGKedIhAEnlk4JGcYxXht7DDZawtnNIGso44z8soIkKgFXxnkjqxbnnpkAn7C8QftkeP7f9lnR/2YrWWLS/Auj6rNrN49pGsd1q11csGWK7uABJNGpGCGZscAAd/gfULyC9dtVLYmJECQcuFGMBjjIznqCMkgkY7epWhhPZ4aOGqVZN0IvEyqPRVftRppWbUVypXTu7qySuvEyl5vWlmEs0o4ajSjjakcvjRnN1J4GCSp1K7k+VVZyu7RSsrJO92+l8cajc/YYWtJI2t5WjESKytMVjOFZ8klVGcY6YbjBOT5xaNdXN/C6OJZGjLyBj+6iwByy8higHHIwp9uTULfUrd45DJ5kbxNgkFoIg38I6qGwRjAyOB2NVIElszMkcqBjGZHnTaWYtj92hzkjkDIHQ9iAKnDwhCMbPZ9ea7bs77JWdnpfXTyPbp0lCNld311emnLrbS3Xz83ZHc6GYIbyOFLVdSvy8r7vvQLjkFh0ULjJ29PrxXc23iTUbm7vLh3VYooxbiMFWWQoQGjQnGxBtIOOy8dxXAeGJv7ItItRuhJbtLI0CJkFmjlz5sqsTnLgkDpg5OOuNGENdQXb2iSRWktySBgtO54ZixwSvsSRjJyQenpUoSbUo8zlo1a17vks23ey6vftq2kfPZjCFRzjUV48rXM3ZRuk7Jtedmk1Z91qfo38Pf2tfiL4a+DutfC3StWg0nwdq4je7toNscs0rDZJD5iEu6soI3ZJ5OOcGp/hV8IPHHxi1PRo7Xw9JrWmKrzNBaxPP5abshp5EVgiMScljtYe3T4Y8Lwqb+2026MjQsQ62wkCnGBh3+bJC5LEHJyMDknP9Q/7JPxn/Z/+BP7LF9LZx2+p+M57C5jW6tgp1aW/aAOsMrMGZbWJiQm1iuUznGRX7DwLgP9ZsQsPmmOjQwWW4b2rU5xUnCPL7kINNTV73S1Wl9j+I/HTOK/hZl9XH8G8PvHcRcT5gqFJ0aU5QeIqRUfrGLqQS0u+WKk0m3uraQaN4hsv+Cf3wviu7PW9O1D4keM9NW1msLSGCdvC2nygsI5CrFlZN3QkEsCF9/iHxB+3P8AFLxz4V1v4d/D3Q7t9b8R3N69/q+j2Us2v6um1nmKtbo8ggXLbmHyqp65xXwv+0n8eL34ga/qVxHdaisl7PIbu4kmkcK7XDMIUBYqFXcFAGASowQea/Sj/gj/APGH4G/s/wDi/wAY+NPjZb2eo6re+ELyDwW+oxw3C2VzLDKruqy7ghlDBd3DAc9hX0kM9xWMzKOQ5biXhcuhGpQjKMqcXKnG7lJOXLFzmu7STtG9kkflmE8I8t4e4bxHiPxhlMOIuMswxGGzLEUqkKtWEcZUlS9nRhTpxqTWHw8nZqMW/dcrXtb8W/GNzq15r9yfEFnJDqVrK0b2EsTJcPdJMBN9pDAMJA4Z33KGBBPB4GPF4gWe+j1XWrWY2Gmf6PFbQtiJCvyhVIIwSxwU+6QBgjIruf2hfG2n+Nvj38QPEljcxrZav4s1ieyNpGI7dILu9meJI0TA2okgBZRtyDx2HKeIb/wothH4d06Ka5v0SNriRAfLmuWYOXYA7mcZx0LAH+8K/Hs0hHD4/FUoVo1IU8RUgql0+dxmoqfutpp2vpe7dl3X9p4CM6+R5RWxODeFqYjA4etOhHfDqdKEqkEmuaPJJ8i5ktrWWy9C0PUfBHiEWkLWs2nrPMZLq+BBeMjJ8sgfKd2eDkZOWHDE19Z+Dfgs/iG107UfCviPTbqORXkewcRRzeXbg4VwxXdI2MKc5Y5wTgV8K6Xoc6QEKzLAkaTFLfgRvx8rnIyQG9c5B46EfR/gGTWrKbSo4Z7m1gZlZprSZo2jjOBllDqCXPIBPVmHPSv07gGjQxeIorEYWNRc0FzRVnrKOv8AL2drNPbSzPyPjvB4ilQq1MrzV0ZQ55yoVoxqw5Uk3HW0o2d/ei/Tqf0if8Ey9T+F/wCzt8OvHHjjxn4hsIfiFfu1tbaMyxG8/stH/wBXEUG4LM+OnXJ45xXH/HHVvG37QXxVtviAfBuqDwXa6jDA4TTpxpsGmwtveSadkEe6eNWZyrEHPpXt/wCwN+wZaeNdJ8FfFn4hXs91FfyRTaf4SaSM/wBpWcciyJcX8pkBEUhw5iYdDkjBFftn8evFPwU+B3wN8XXniOw8O6FptvpNzZaZ4ftbazZ578WjxW2xFG9mEhUsMfL1YHBJ/oaXEWTcMYzC5bQy7EZpja8qNOtOlJKjhKLcIyhK8GpzveU3ZQjZ3ktEf551+EMVm/FnEvFdLNoVcb7KvSpyxkXSpe1cFH2OCpxkm3JKNGMpO7bShDVs/kB/bZ8W+DtREtronh3TtJttM08WlkCiwvOyfJJOCANgiYMgf7zcY7Y/HLWBpkdtJaxxLqWpXVwJI8MS0AlLYVZDnOCfvZP0BwR9L/tT/Fm68ceIruGMhrOXU79jJbp5bQ27XDCOBwpG1VTG0ZGOo+XAr48idpZY72CG4jtNKLNJMxIBlGShdickbgCR3HQY6fk3iLxRTzPNq0MLCMMPRTpQcVFN/Cne2nN0u20l2vd/3z4EcJYjhjhLCLGzqLG4qmq1SNSblyVayjOUYqSaVm7arfa3XO8YfDnw/pUGn38uptHJcfv7qzTc1zHI2C6jOSuCwAYDjd0yMVFD8Q7TQ/A2p+FdMhktZXmZ3vJgxWW2JAJcPgPKwyARkjDcdM2p9V0hrLV9S1e+F/PPbMkISQSfY5GO5T/10yCT2+8MngV4nqfim3uNU0+zvYI1sgiojiNTJLkjazqoO4uQCw5JB7AAn8UxGOdGpKVFqEppwla70la+t7Jt6rttpof0vgcFiMa4RxSnOFOcakb3hCPIlZNJdbpptWvppsYTeJdStJZ0e5uGtFcSxZLDqQQ0LN2fcScfKeGHFWn8cDU3trea5ZIjhZmlP+tdSAEkzuCk7WI56dO1VdU1a1uX1S2u7R441ytjCIxGysSNoQdWXocAHtntXnEyWFlJLm4+03j7ZoowMBJSCNrc4JXIySRt7EjFfP1MfXhJL2jlB6tOXpfS6tve27t53Pt8JlGFxEU5UeWore9BWbta1paPvpZt9dbnousa/BHcLbSTJK7qfJkj4WAHGFQcAMOSTxz6YxWnb+KtSksprSe5kjVLcxWokQgybgfmU4zjCkDnsSSQQT5z4d1TSp9StG1+1N1a20pE4hXbJtBLIuAecAEMT6E4xzXVeKfEvh64s7qbR4pVZLgLbI7jdFGgIKN1Ow4J64Hzc4FVDGJ89SU3ypfDqm0ktHvd3dk0rdyq+U070qCw7nflcpqKdtY73tqr9tG/I7XwpcPM1hOtyPONwY3hEh8y5O4bcljyTjAIJOB3OSPUdf0fVUtrjUpg0UMSqNjSfPCxU4DAcMpHPJPrg9R8e6Z4jaG/0+6Vnh8qRXBjyFVwc5HODg8vnB+Yntx9Z2euz694f1JJbkzXH2QyJExYqIUX75U8MwXHPAJHPcVnKtSrwlqlJJOzd10u9Xu3dPZp7Hy+dZJUw+Jo1OVSpylFS0X91XbsrXejta+vy4rTdTY37fvFcrJGInLEZfeoBUMckEf3gTgk9MGvfv2kxd6TF8Mr64lkjkufCttKuchd3PIK43ZHGT04GK+NbW8kivomkcv/AKTEgCMQ67Z1BGzg+4wcY5xg5P2n+2fdrbaP8FgQ7FvBNkw38eZlAeemOp+bPHXHTGOEahTr1F/y7UU3e+jdvXr227s5YZFSWZ4FShFxqRqpJpu9oRe6+LRtXu1e+2p4bo/iy/vme1aQBSgaUNk5G35ioI4OeMBSeGAJ4NXtTgv4Gae4QiC5tjIphYjESjIYjOM4OMEc8E9dtcZ4CVdQumunzsRQjquDsTn5nJKgAHO08kgDOOa1vGN/f2DzSpNJJpyRmOIMeJAFJZQRngcnB44GOoFfP5zjKdW1FKKqN3e91ZRd1rZprorN632066fDMKGMlUo0Yxjz6aarSOibto9bvr00sjzDUpXE8s0PBkkMeW2h5Bj5T14yMk46Gse81K7g2WwKmRQru+CzKenzEcYUYI9ST0XBFG+1JLiR8kqzupQKcqpOBgcg+uCAAMngg1mXc6G5YYJVExISSC7YHPIxnBJGSSCerck+FTouTT5OmnZvRXs9Wlrt5N7o+zw+DUYQVXVxiotN7tWV7JN22vy72V9ET3Jlupt7yCSUFWMihQAv8WQAOjZOeAPYYFPWaaCF/IAZVDtJdHDbgQxwpPDEEnjkHoMd8UzLtMyll3goEAJIGDgsvJ575H44AzSlnu4oBHJKBBIHYITyAc4wucgndgcg7T1IzXTHDSbSasl/Kv8ACujvvt5v7/RpUoNpKKcb2ba+HZa6J7289m+l45NQdluEg4WSNjKWA5f2PvgkjkhicDbxWLGJdyvIFVSVUBhhSwK8gDJyfqBnvg4qRX3ho3QqAp2AYB5bPIAIOMKckgDHGTxUu0iOKGRA0jMNp67QRx3yR09RjgYxmvZwtKNNJrTbr/gfWOj10trc9anCMLONna29rK9tbpPeLuvPToXQbqXaqMYkiJk84nk7c71U9SeeAQDg8ZqzbzC6uQJHEkTjajS8BZWPOBjp1z0zkk52nEYMlvJGsYV4Fy205KuwGGTgHaAT3GMAnGCar3N3bSyxPbxeScOzbclFkAIGxTgnp26YHTAr14VIqm7N9H1WlotdLarTS7lrsrmkYPqtLb662UeVKz3s3dpc1tN7myCkMk0MvkNsDJG4xy7EleMfMAecYGeOeMGiJpIpiss52JhTG7HAyvB/A7QFzwcArg8Ycctwpfz2YtuG3cRneSNpH0HBAHpzSXkzl1jlcY8tW3kfMT1G7vkHHI+bj1rF1rapNWS0klteHlq1f0t36EaSckuW60d3fXa+mielt9HZ3sdPJbXRLXM0ieUsZZC20BiOgHIzkggMwUkYGKo2upXEsrFZAyJGAFc4VCCT8gOTnk4J+VsYznJrlzdXgQh5pGjUttjLEo2TnIBwpyeMdcdiOKht5XyZWZlJP3c7VLKeG4zkjpj7ucnOORzSnCaalZOW2mr217p7XWnlqdaoycVf4m073Wytt72/V6Japb3Z69oTfK1xI2GG7ZE5IUMCSXdlJ2qoGQDk9PXNEvi67+3MlvcTIIiMKrkDILB2J3cAgYBCjjk/NyPLbbVbxWeOKZkRwzSIzfKygEAjLDBAHbnAJHGSGNesbozBQdylQQyhSewYjcAc8n3Jrw8VlmGrv3owalfSST0Vm9dejd+votX30MTWw6Sp+67xu1ZatRvZ37q3VeZ9CWHxa1PTJ7Zobk2yxNn/AFpIKkgO23PDEZ5+meK9Yf8AaCW10i5stOsTDLeRBbi6eRw7DHzOkiseWx90YBPTCjn4jWcTN5sjgKQVCnPzEdOehGV4APGMZPAFmXUJnKwuWEJTJjTGDtwAc4z0HUHruzjHPz1bgvJMROMqmDhU5ZKdnGPK5RacXtpra3W2yaaPZpcR5lTg4rETjePKtb2Vop7vTazt5ane+JfG8utiRssv7wgqrjaQGOGZicnHHy9Bkk15zcTzXiNKCpCvtULgbieMLnA4GCQfrjJohimnJ8m1aSEMSAI3YlsHCsoVtx9x+PbNyLQdau3SKKymVWw65RkODhcDI6g46cg8EKcY+oweDeGhCnh6VoQUYwjCLS0UbbK3y1td2ffwq2IdablVqpyk7uU2tb2d9d7vW/nonusW4upQzAMBlEyQuMZ3DBORz6EdDnplqj3FwSDjaV4C5yfXOfTrkcAHdXpGkfCXxlqsiQx6XKisw2SyBioOchThedwHTJI+nX1nRf2ZvFFxHGmoCa1ZyzALC3IzkEMwOeuMg9ABjnn2aOW4/EtKlh6sk2velBxV3ZbWVtHftqtnv59fMcBhr+1xFOLVrxck3tC2jtb5u99NdD5fKiNyclsglkyVHzZ4YEggccY5H3jjgi1bWl1dq32W2nnbdwkULybCOwIVueTznHPXkk/ffhn9lW5lCLd6RLvLqEnuNwjdeAWA+6M5Oe3QgjpX0Z4R/ZgGnZmb7JbKsYGYYAy/MdrgsASWUcqxHTscV7uF4PzOvZypOKsnre9mot72216r1el/nMTxpk9C6p1ozlFpP3ktkk1u3vptbRavRH5XaP8AD3xVqrkx6XPCT/HdBYFQEDGQ5GFbOTxzkr716XovwF1K5mjOp3aoXGVjtI2mJyCQvCsCc8A59geCK/WrQP2fPDU2t3Ok3l1HfXMNmlyikmNpCFB27OFwCFDHg8dOCa9u0/4W+GNGexhlstG0gIuDdzPCwkAAyACTjPdsHbuIyMZr28HwRZxliJxhFSs+aSvo0ndJrl+JdfusreHiuPqUE40Yc7aTi1HRp2Wr1W7VpLVpq1z8d9M/Z4s44RcLpWo3csRyz3CGOJgSPm2kZOByvbJyvLEV31j8HLiGOIwaBbWkatunmlhBAyBhmdwNo4wOBkdCB0/WXWbz4N6LZsup6np99dCEqiWZDBZFLBcIuY+DjBJA4PTNfNPjb4pfDm00+8i0q1ur6dUeGRXQeUZSxCMegYITk9B1HOCa9qrkmS4CKc8RQ5oxV4pxk2rQut2r2S6t9D5yrxVnGOlyYejiGpNK6UuWKutW/dWml9VfW+h414a+AMmpQRzz3EVqGhDRRxIESUA/eLqPlXOQCc5H8WAa9/8AC3wH8MxwRpeMFeNf3twzqkOVIwgcn1zz19yDXzlZfFzxc1n5VncQ2ltbs8IYxD/UPlUEfXG0MF4Ht0JAkk8TeI72xlM/iC/aKX959nSSSNWBwGKtlcDO4A57Z4yc+hg8x4dwtNVJU1UnC1oqyWtttFq+rd3orJI+dxmG4qxlaVFVvZQk3qnKTs3DV22aT7pPs7n1dq8Hwy8JWaQ+fpg1GxkDQpHcJIZJFYbRNtbGCeGHPOckFQK9Y0v4+fCez8P2NzrcNq9/Ev2aW2s0WRmdFIX5CNu0sOuV56fKTX5XeS7Xk09y86+ZMf3s7lxtbnO92PzHA+YfdIz04OpDrmgWNvdxXdzbRTxruhaacE+WgyX27iN+eeepxyBkVjV40w+GlJ4alSgpaQjLySV3stk39lvWzvZk0eBauOp01j8TXqzhNOUknzS+B8t2nZaPXR/PRfefiz9qjR73S7jSvDPhhp57p5I0eVcL5DdMxDIxj5Tkj5R823v8Y3/iDxe+sNrccD6bLBNJNCIItsUYZyFQHcMYyMAHpzhiAK83i+MvhvQpnYzJcyyLmK4hjBZQoOQMZABye/XBIrhNZ/aKnuYpbexspZ7USPKwkARuucA4yBgc842r74HzGP4wxVdvmrJW1jyKzjZxsnpd773f5o+tyjgvBYCLVOhzuS5JyqLmbS5dGmmknfotV5H0BqmteK9UZptY1m7DXEW9lknZFIXBYCNWwFIUe45FcPeNbXjPNPqCxQ2xYqZZiwkYE8b2Ydx1PfPQHn501v4veKdejK2wW0hMJjijjy0oZgQVQkbgcAKWGRgDO7FeeXGq65Lhbu/vGEqsDCWYYbPQgDlgDkcjJ6jsPna/EOIqu86k53fWUlZXV3ZbK97rVeVtT6ajkeFo8sadGlBafDGMW37ttls3re6+52PqzV9b0W3sgJb+NHiiYpFbTbihOMO+eATkkj8Mj7w5e18W6esbCwji89UBaSUFyW4BYnIAyQCMkYPevnqwsdTleOJRJJHI+4+bvLMo5UnJJUdiMDoDyAK9R0Tw3cIsk8rEwMFJWIAhFPUEnHU9snoQe+7hnmbbTcpNNp6uTjqly66Wta21/K+p7mFw1KlaNl7qTel3fTVWSS+/R6tPp6zaa551mlvZrCbq5jMk1xgnhmBLO20YwOgHTPQDp1mn6bZXAtbfV1vJknkURiJ2AY/8tZV3EZPZTjnPcjjl/CinSryR5LKKW0mtwse4DG0BefmzyGAO046nAU4I+stDu/AtlZafe6rbW92/kKPKVURoJMADaQMEYyG3DnkkckV7eA4lVCMadS/s0lFqTduVcqb1WvlbyvorniZnkFLGVp14JRm/dTta1rdWvnpq31e5u/Dy0+GPhie1f/hDxNO4hY6pqSpevHJuy7RRPlTJ125Ixt5PIr6v1D4xeDNHefVvB9vc3euRWcNhZRXqiOGz3KPOuLW3AEcR54A4GD0FfO1lfeD9ZhL2BgsXVt1vbsqs28gEAsB8vTkDOeQxxnNwaAkkdzqKtgOg8pyioPk5dYyOASMlc7c598n6rDcUUq8PZYaVOm2rPktGbVo7NW1d9b3uuysn8vLgyl7ZV8VGpVUGpJyblF2tJJRvorq9mtbq9zBvtV1bX9Wm1HU7lri5vbppLm4mLmUO0mdoL4+RSBsGQNwKjjp2ljFIkTOIyBIAFIx+8UEBuR3YfdGQcEYI+Y1lWumw3KCaKMI0ajerEs0j8ZYMcHjB/iypx8vPPV2cLCEIquQiELuHDMAAVyeQRj7wIwMN94VVGnOq3KUpSlK8nqm3zcqe6ut22ubVrs7P1Z4anSg4U1GMVFKCikkuWy5dEuXTTp5lJdKsp5dkJa3kVlMoJJR2bAIwoxgnOewzxzUkMbW0s8UiCRQoXklnjBJCsvB5zwvbkn1q3b+XHMrkthyfNVDgKRnHXgMWzgkAnA3egtQpFc3F0HYqx3FTuGWBGBjPfcCSfQ9TzjtpYdJJpa6Wejbty2/JJLzZ4OJVtVd6662vpFpJrom0+v2trK3PXFi8MpeBjKZV+9wWQBV5LHgLnHyk54HHIzFBZ3aLHI0Q8123KzAbZAnzYb+6MjGMjPQDqD01pteWVHjbcIyuJB8smPlOMDGTgjj+8uTgitCG0ikiJBJDbk8s8CIgNggkMBjOR1PXOO/pUKHN3tGyeqdneNrOzeyvd3T1WurPm67SnfTfa99eu6Vnez0vv56YQ33DGJhgzJtuAhBMQ5CkdMYzn5cYHfaOOT1ixl0qGWRVaSNWVLRm+/JcyELGuzkkEnHAJHTINdrLZNBIWQvueQIHQkKVHPzEdSpGASehPGSCTw7o9x4t+I/h/RdpurHSJP7T1fvGyRHMKuFJG0um3knPUZOcRWpJSikn7zUVfV3ajdt+Xlr19e2FeNHCzqzaShFtttXjqmnrrdJNpdL2Vuv0x8MfB914J+HttJPvS91RDquqSlcPJLMheKEsASSiEKAMkADGMjPw1+2B8Qr/AFDwuvhDTYpRFcM82pzBJAqEFnS3MoGWLAZ2nBzwRhcn9KvHet2nhvwlfapqMqW1tpljJLDbghdkgQpAm3GHA4AGORtAyRX5XeJvFvhnxdpmo2PiP7TbvqU7zmYAAqWkPksox8qBT19uTirzCCWBnhqXu1KlNrTtZN9OtrfLU/PadepWziOMqRlUo06im1Zvqne3ld6X3S1ex+YMVz9mmQLNLAY3LOdpUAjOVGTnnu3YMMjgZ9S03x3dXlrBZLcLBBFuIK8PMO2TkE5OfXcTxzg10fxC+C2rW4e88L31trGmyZmxlEuNuR8uAfnKjA3Eljk5wc14WsWp6PerDf6fNaTRIqhmiYKXQ5JAwFySCCct36cmvwfPssxcZv6xQk4pvkm4vktpromr222/U/Z8H/ZGa4WDpTpSrcqUlUaUns37r3V72S3emtj6Bi1m/uIkeSVoo4QqlNxQKgHGFHUtwSBzkdzjNPU9TMskEshQNKyoIzJzsGByOTuK8444UHkAGvHz4qvJZDFASuFDtu+Zi6jPy5G35jyQM8H8KoDV768ujM8rsYhvYnBRHBGAq57kHOCMjDYAPPztDBzgm4x5W7pO7X8vrrpv57bCo5LGhUc6cYJp3XIkn0V79eutk+iWtz7Q8IwWzLCY1hs44VV5GYlXkYgkbSOzMFLceh6Dip4w8eL4f1KPysi9SQLIyyl0VDkAcZHTJHOM88FcV4LZ+M5USKN5pkeKJS7gkhmI4Xg9m5wAcHA7g1YsrC58QPPcahP5CtIZBNMfMY4+6gB6D0GOP0PgzyNSxrxWKm5RunGM3ezTjZW0v2dlbdHl4rJaNecp46mpU9uSac+ZprTpdJJW02+TPtT4Tfti+KPhrdWgt764msoJxeRIxOPtA5XgnG1iCpBJHAGK+6z/AMFlvjhd2GmaPol7b6BaWUgnmhgt43lupof9VOpIBVmwCx6EZPJJNfibf6Xp9nFbmWZrqTcCCjERrjOUO0nGAOQevfjGMW9u4lmc2UvlOYxlVHzqAFJBJHB6FcY9+1fS5ZVq4RKGCxFWhBu0lFyjHVxbSe9lo15dWfmOc+CvAWe4xYzEcP4StiG2+d0uWVm1Jp2Sv0dmulrH3x8Tf2rPiJ8cPGOr+PfFOrPea9qXlWtw80pVzbxHA+zpvPlYwuWQ5JHIHBr9ofhx/wAFcPg/4e/Yn1j4K3ejazpfxSl8A6h4TtmCrNb6jfTwmCPUZLhiziIggbWZtoBAxnj+WTTb5o7uAvM5abCrtYkszkL8wGNpBPIAycE8kYH0PdfDnUotFi1CxmS6ne1VvKKFp/3y7jgj5gByAOpHTPWvbw+dzyJ1akcRyvFU/ZTc53Ur8rc11Tbe7dlu0mzys+8HeFMbHJ8PjcGsLTy7E0q2F9lGnC3s+W8JNxl+5nZKSvfS9z5++IEhuNSu7mSRpXnnkuJlUZAluJWkc9wDlyeB68Z6cLp+jXsm6ZEcRYdlGDy5xgELgnqOMAnpgjFerf2JNd6qmn3NtMWC/MGQqGdW+6VYKQ2Tt5GTgnsSPePDHgBbiePZaBokgZzaooc78D7zchcDJ55GQD6n5zM+K8LgYKpOcZN++2pLbTtvtppf0Wi/YZ8QYfIsNhsNHllTp06cIqLvypRil0WltNHpZbHy9ongvxDYSQ6ndWM4sbkk4YMEOeQ+e56kKB1A5FY/jWbUbGxkVDPB8/lqjsS+w/dLEhflGMDABGBxnAr721FdHtNHNnOpYxo6xhgNtsyAhgg5BIP8QBHDZxgZ+EviFqaS30tiu5oG3BZpQc7VZudpzuUDK9OCPvEcjyMl4llneJUY0pUqcJJKTvZxbjezb3eurXpfppkubVM7x8Zzw96cWrX0TScX0d9d728tjyKzKX7FdQuTAn3CynIkZRkFyTkZIwQeDk+hAW+8MWtvEZrW+jmlkYERvxkHGRjOCMMMMSOcgCo9TjhgjWK0dGAZWEoA+8wBdOoyc4xnPXHHOMWOeY3CGWWQKjYy5OD0wcYwqnGB1/lX3kKbbjLe9rxcm3pa99ttGrX6bpNv9LWHnyKVO8UkvdfayTsut0nrdvo9Nuj8O6fILtgxbykcq7A4VAdowhyNwYk+hwMj1r1WxtxDKy3CEQQ4eHzScyJxgE9AGHIyRkdCK8mivWSOeVCyTKR5QhYAMQQQzA4AXnOeh6j/AGXweINd1JJoWnldd2AqBd7FeoLYGAuM8nJzxnjGGKouppz+zjZpaq6ta2zbuktHdrZqy28DHYGtipuamoRinfm+y9LqzS/OT38z3uyutDLQ/wBpqTEzlkd8EAA5AVeCVJI4Az/T2rw18Q4/CsfnaKtmhaMxhggcxoSAHwQNjEYxjkEkA44HzT4d8Japqdra3uq3JhtWdQjScyJGTkHAJ+9gAcjgnJBya9QmbSdMihgjEUjKohcKATMgOPMJYfKzdR7g4P8ADXy+IUKVaMY1L2abWtotqGr7qyWi2vs9Efn+d4TDzbwzk67V04rmab5VbyfSytZX32Z+g/w9/aN8Sah4M1jw/cpcastrAt/baqjM8umqpCkxLztCg7W5xgEEA8H0fwL8ZvFC6KTJ4nfVntbxL2Gwuji8jjyCI7aTG8Dp8qjKkHjpXy9+zBrHh/8A4Su80HWlks9L1LTJoElCq4WR0baZQc+ZGzHlcA88Ba7m68IajFrUr+E57ae7sNRlSC0jKpcTRNIzIyQnaGQrxggjltpwa/oTgShRzLKadRxhUdN+zmmk2leNtHq9Lcum6+/+W+L8twWFzjG4STWGnOlCrRlNXjKDSUozfLeKUtFJtJK11pd/WWj/ABMfxeNfTVI3a/1pFa1eRUEsbQj5gX4Z2AHVvmyBtAxmv6rv+DdvVWHwr+OWmu2RB4m0wqH+VmLwPn5Dlh82Mkn5hzgcgfyg/DfTLjXLm0vLjR7bTtV0SL/iZQTyeQ8zrhZWMbsiiTq2VLBj69D/AEE/8EV/2gPCHwlm/aJ8Pa94ht7C81azuNb8PWsrqkct3p9rLhYyxUErKgAz24OAcV+nZ7gliOD8ZgMPBKpUnQcKUE3JyhWpS0j3SvdWem7R8H4W5xgeHPFjB5hjKiw+DwsMSsRXqTiqUHUw1VK1Rte7NStHVJvTW934B/wXT1P/AITH9t+Xw3bRvcTW/h3QdJgWDl4ry+ZYolfncEaRl3BSTyCRivNfFX/BDb48ar8HtO8dQ+NdEudctdAPi2LwLIqCV7E2hvJYXmc7o5FjX5Q/BPGMnFfM37UXxb134rftFar8Q9V1BZ9d1HW7pobsSErD/Zd8Tp6jG4YiMa7SOBk8A8n6p+Kv/BaD4yf8KfsvgjoHhS3h8azeH4/DGp+O4ZmkvXsPKFm/lRojOjyQkhSoJ+Y9RzXxnGuDjgMiynBVFRmsNhqdLEObfNFxpwXu62TTb6O76d/0vKeNOE+JuIOJcwx8cXbEYivicscLKLbqSUJ1NlZ+49W4pXd22j+cjxJpWsQ6j4g8J6zbwxtZarLpx01MCSK4jmaCRQVYAqjqQCMjgV9o/CjwHofwf8B3mtWc1mdbv7GOeX7ckRnhkMeTDajf85AY7s4YHB+8Mr4Hrvg3Ul+I1rrt9p+rxiKVb3VWv45YGu7i5PnvITMFDh2LkYOSBk9Aaz/HnxBs4L0ytdy3NhDdAvYxzuWgWEYaNUBzgkDdnC8ABc81/DniM8TmNSOV5dOpDCzk5YmVNt+1UJRap80U5JO66pX0fU+vo1amaU8Lgcvk1Rmr4n2fLKNVKUXGDabb3V1dWbafU9l1/VvF/wATtHh0jRNAmm0aScxX15DFsd7ti25xK2FQnJ4zjJ4A4FfMvxQ0LxD8PrWdY50srazUQmO6lR7tZ5FIaJiGIwMHJGVAAwSTXp8f7VmhXng+Pwzomm3WkXkJWK3ezf7OLi6QAJPOwIG4HrnGeCSATn45+KPjrxh4mvL231uCS5hEY+z5O93XkmYspO5hggtuJ6YznA+C4Uy7P4Y90MRg6eAy6jJ+zjJzlOtBOKcnKTaV9GlHRXem1v0Lh3KcdSxEaM8NDC0KcU+WSvz8qjZ3u21vuunex5hret3E8luwW5R3dpDNuIWYnJYk5ACg7gvBPJ64pW1lr7To7KEJbGSFxIH2lppPu/ISAdx6gcA9+RVCzujemO3mhSaC1iLOtxiIqVUfu1YgZC5xgMN3JPGSOQvp/OvLuG2xm2aSWEwkF8sB8kKjIAUrjI6enFfttHCcqioxV4q/NayXwu19b9EtUkktNNf1jDYSKUVy2s0udfC0+Wy5ktdXq9ErKzep1znS/D1jGXVrq+nQtGEGJI5CQGDKpIBUAHJ44z2GeAvJbEXlzcySK7MokWIrskSZ+4wFJI7DsST64yJ7jVo7ZL2W6YIkrNIsxLzrgsNrBsHBOFbGRn1GM8zqmrQu4u2uYvtMamR40XCqwztB67skkdDhuAM16WGwUm03eTaveye3JpzddEnZ69dNl9BhME1aUbzcrX0TV1ytq93daLe3ZNJIzte1CRmkSKUQiFy/luT5uWAYA9eGwMrzkEcHGTxt7rV1P5iSSmRtixqWUHYhHJBBPB6cgHkYHUCrqd/Ndzrc7h8zk8YCjnaCx5JGccDI6gfNmqCrI7nYod5DgbcYPJ69SDnB7dD1PI+mwtDkUbQ5mtLcuieidtUtPKz036n0+Gw0aaUpRs91pdLSP/bqvrvpq9WhIg7sFUO7sAoYAuGyRtGBngnAIyDxjHPH2V+zx8AdS8WX8WqavaulllXihlhYKyjnzJGKgLEo5z0bp2OaHwJ+AuoeKb211rULaSOwgaKaGFkKi5y6ktgkfINvJyOFB5yFr7/8fa/bfDjw9L4V8HOq6xeabCL6dYh5VqhXb5MZRNoOOnc8ewr2aNCFCLxGIjooqUYtxXvK26012sul02+px5hm+FwkXSVSnGa9xpzS5Ph1bvpypde3fQ81+NXxI0f4Y6HN4C8HNBfahJYLFqN/CqhrXYgDRRFcBEXlOCCxBGBkV8SfDf4ea58V/FX2LTY5Lq/nm89I2ZiSpZTJLIzZCKoLEgtyQDknIr7n+Gf7G/ir4jaZJ458X3Nxp+n6leIod/Ndp4nIaSeQnOxCuTg4G7oTjaPtzQvAPwf+C/hm+03w3pEMniKKxZU8RAhGdyNxzPgnjDAAE4xn1UflHG3iBhMupVKFB+1xslKNGj73KpaJczim1bfa2jtZHzlDijDYycsPgXLGVYP944JuCu7WUo6X0dtbXtfe58CeJPgh4/8AhzpdpDcyNLpyIboOiboZJQQfIKY3cEkE4Kkp34z0fhjxPqvh3w5vvLCeG/vnOyJAdkse3YDIhwAOScHJ2gd69J8WeK/FXiS0ivG1KS/t0D2dtZqDI4TbtGVfhmZgoHUAfN0Brh9Ni1jw35cniTQri+S+gPli8wYrJHPLhiSFB68YK9MNkGvxWrmk8yoc2YwoSqynzxjBpVJt8is01rJJ27a3W137OFw+KmoznKVpRblaLV3Nre38qtGySV/e8zyjxL/bWv28hEHM0zyLcOFVCEDYTPT5RwPmHX7vOR5fFomrtOspcJHCdxnYgJvVDvhRt3TAPGcDkZ6Z921m78m2uobWSLZLPK6QoQ0FvAeqq+eCSTgHHqfby3Ub22NgBBcZj3q86IzKIwo2uqYOC7Zy2ehyMYIJ+lynEVIx5adNQgmoqLaTTfLdX01S1tqrLvqb1FKnJL3lor8ztZ3V4+6rOy01umtjyO5ZlacIkcUct2wndiACgJLEEAcHA3DsDjIGBUF7NaxvDZtEH0+SMywyq5jiMj5DO7HAKx5II9RgYBOeq8rT729ezigjjtw32mQ3PyLsBJG1iMFWAOQeec7RXmnxJuURo4rGe3SB4ypjiX5FwCWWBweckHef17H77L08TWp03okoyeib0UOtr2+/a92tE6cZympJWj7t31WkWtH3fVWabb0PKPFTQG5NvaTfaDDI7GRW+QrnlFXsBnafXrg44zdLhWdizN5eNzbV5DYIO0j+H7vGcY7ZORWVMW2l3yjsx6YJKE5yCW5GB3znoSF240dPuUYIEJjyzBm65A7AEk5bq3cA5xyMfeU6ahSUE+iSeib2V+mvXtqektILmS6aW3ty63dm5K26a36ppno+h6rBdrLp085hs2H3BuZS6HAz6ZAPHGBg4PFdFBpds12GhXKXDoixMPmTJAJyRwMDPJ6HIyOmD4X0I62WEEkcIjk8tyW+d3OQoyo+VSerZx1LHGM+yeGPAl5eajBp1yhS5jmDyur75EgUgKxGfmjbjoQQfXv4GOq0cOqrdTlag5Na7WXV+T223vra3fhKM8ROmo2d5JWs0tbWTbWlr2evm027n1Z8OtNiGjafpum2UVjdPHie+jUNG7RgEh8D52cdc87ueuMdzdXupJMkCsNSNsBa5YDbHKW2uUycALwSMfw5z1FZOgWz6REui2d2kZgtw6TKvCv5ahjI5HC46Aj1xnAx5t4g1bWNJ1aLybyRnZ98Xlj91K5b52fb8uDwcsc4PoAK/KZ4epjsXWcJRnzNuPNKKWjSv023e1/RH61hmsuwdBStaMEpJcqW0LJO9u72Tvponc7rVtE1Q6m0NxduLeSMSu7spjjAHKJHuIUAkKGC+pIznHjfiGKDRft8Ursy4EkbeaGBlLHamBnC8EngYxg8dc/xD8TLi31aX+0LvLQxKsYhlwpmYEbGAx8oyM5zyD0ZcFuhaMfEQDaneMj6ixuY2kHmKiBgyqWOCu8ADnjg+2Pbw2ExOCpe1xDSp6aJK8tuW1trvTm7NaHj4vFUsbWlh6MW5zb1vdLVJW+b176K2xNpPgzxB4isk1ZnEFmymGGRAGWNjnBG/wD1a5xudQDk4zXVXI1bTYbTR7m5a8Eds8Uke8ylVK7VKMQeSMZGfQnAxjoEnuNHs30eO9a1s5Iz5RICQ7sFNynJDBipGQffOCSeUvXntzBIW824tQrCVWBlmDHOCDy6ncOQ2MdOhrmnXrYuqrxg6cXempQWnK4PVu1tFd203TTsV9Vhgqab5lUcIe095W05U9L7WuuvXTU83t7fU9PupoGVobK4uGJkKkO8Rf5uSR84GQFIyMA8ZAqa48FaPr73M1lqqJLbRPuRo1zKclssxPMikEDPJwvcE12Meq23ie+/saS0+yXCzLJGJG8sStg7gD299pIBBOe1cfr3h7XtFubrTtNMaLdbpJJi4UxjP3YyCdw7Aj7xB78j06FapKrCmn7Csoxasny1ErRslGys7db36u+h5FakkvaK9Wm2011TVlJLayur/i9zR0mzt9B0WQ+IY0e5XLac9yQ5KKxCbFBICkgEruG7OcgEGuV1HXrO8SG0OmxrBcyM8lwIxEzuDtKxhBnGe3TdzwwzTdTs2fSIBq+r+eylI4pg2fK2kBotpbcecfMRxjtxUs0dnbwWF7M+Y9PiU20UirtuWPRiSRk9cd8cdCSO+mm26lRyqVZNK6uqbacVpHZfDa/V36u5hUqSjGMYwUIRUd+VtKXKpNvpZX2uvyLujWFvpNvPqcsU07tJIsNnJGygwtkbiAMEjOevGGz6ll3r0VvZSfZiyxiXdcq4IaIHnbHjgLjuvHXPPA9d028stV0X7fLLbwzQRCL7A0aZZGUEkn+8Q2AxGMcnkV4h4vtTZA2+nxtLBfkm5ZsSeUzMfkHXJCn7oPzDBPavOwlWOIxdWGIhKnKE7c7S5bJq3Td9utr9DsnOdPDxcKqtKKckt1J7bLfVp9LLazRLoNvZ3k3nxytcXVzKXsbRHyzoSQ3UjL7jkA9D+Fcx4qW88L6rOl5CPMkdJ4AxBlCn7ygqW2uu7aQMYOSBk80odD8U6fdWt5A/2WG2ZZLd4xiVy2Cm0g4JJPIGDk9HFezy+EX17SvM1A/2jq95bK8Ck7J4JAN+N2VJB6sRwBx/EMetOpRwleE3UUsPUShbZxd0rp2v1+VvI4lSWLpTjCDjWh719k/hi3Z6t6XXSyWnQ8gPxAleGERx7oIFIdpADiRsgkucZIOQ6nk475GfSvBfjCx1GSQTKNltbkyiN8ReYh4DrnBU4+6TnH3cjGPBfFXg+88KLI09yhDM7y2/mDcshziHaTxjsQSTxjIzjz7T/EGo2kyxWMrKJ5PLngiz+95ACn1wDk8Eg5bGK9Kpl2GxeH9pRknF3cXZJOyi2o97a/pqzy6eKrYSryz1cZO8NFdrl2Vnptpo+3Y+5b3xlrNnYgaRGi28rSy3Rjb5FjXPBOTtZiMHpjHTOTVKdPDd7pcWp6lHcfbL2MrOq5EkjuCwMbDGV3dcluM5JwK43TtVt9N0vT7Sd1AubMma1Yq5Z3UNySecZz1AAHXPNHhvXrLV1m0CM/vVnkMV1OfkiZs7VU9FxwqgY4PUDBHzqwSpNypxcVCSUpxs5TV4303emvWyer0Po8LjliabpVWqjcXywnytKdo2ik3dXvpol6Pbj500a8ivbR1ne1ExhVW4SzH3Q5Unr3JxyQPTnzrXfD9ppWmyfZgskLTMjOBiSTJBU459QCRjIJ4HFema1ot7o8N5ctIshRpWuWhAZHUH5Gf+4TnkDAOOhrxjXdU1PUJrO0Q70mkRWEIUjnhQz8lencg8AHO2vo8AnaEoVG6dlzX2VuW9767tbbLpofM4rmUnCdPlldRjdJXWiXRtbrZaa3b68feWcjoxEbyKjEJ5SFiikg8gYCk9DkgHj71T6baSW0sT3CyoZ2RkcjBRcgFsHIwVBGfX8q9wt/B914c0J727ijvbadVlnK/eTfk+UrnAJViFIU8HgA5BPk7Ml5qYhRTEwmdEWQkxxL/DkHgY6E9OmK9Gni41vaRjqovlUk1ZtOKduit06dWcFelVouMal4ObvFNLVNpN66O6202Wup69c6xGvh5LAvHIUUJa7HBlMZJDuM4K7gCMqBg5b+IVzNjbzRyQXUQFuiun+j7h5rvnDHOcgMeT2AJBBGRWVpdlGs0ctzMzfZZMhBkiUEnPIIUJ2Ibgg5X1NTWJ/M1CNrKaRC7lC247YgMLsUjOAh6njOCT3NeZGgoSnSjZKpJzndKzuk3o1q+r7N7u+vPve7au4t2aTi3yf3W1yta3asrbtnqU3iZliuNMtvMnnnCoY3wwiLLtAUkn5iW24zg4G7HDVGtre2FuJ9RtnE7xiWEIGEgMZJ+QKpwSOhxjAGDuzniNFtrtNTVywdo5EY3HASJVOXeQ5yx64zjkHBxk17fJbWt3Y3sl1fMGs7VjBOzBjOGQkldxJ+UcdOcZ4zXm4hUsLONKC5oSa9o0lq24xV1Z2b5r33smnZ2N6cW5W5rOyX2bJrl111jvum153PnHxbrtzrusJLLuiMCpbKr7cqV7O3zFnPG4kkkjbway3QERKIw80RYyswyD3JJPt26k8ckVV1G4t5r+Wc7mb7TJtKjbkKNu7CjPJXLH168Gte1SOe3eWeQ42O2V42cHbuIHRiuTnOMdMHNfUQiqeHpQiuWKjFJR7Pke2tnf7vQiqpVHvd3V5X11t3tZ7Ld6n0b+zPoWm698VfBGm6j9jKXGqQzyvdSxrCEjkVvLkaVgoPBwW4z14LE/st/wUL8TeDNP/Zp8RaDo8mmfabi40TT7eO0uIJJ3mjMXm+WsbMxTB7DYFIwcDn+dOzvL7T75JrK7uLUrKhhurd2SZCoBHlyKdy47sGyepxk11ms+NfEWuMLfVNav9VhjESRrd3EkkSMpG2Qxs7KZOMFzhiOvUV20MS6GEdGMW3Jt8ys004pWbcb6bPps1qa0ZQhF6NtxUdbNx+HRaLq76JWs72MDRLMROxkyrQIDFGVDMrhSep6cHk9geRjkdGswnjnMJMbMwdlYgmRkPzBRwNgYcnOCARzV23uLYWtvJKkfmDKSCMkTSAr12gAknPGCe+BzWLNHITL5P7tAxDRch44yeA2edzHjAIBz7gV4c5yr1ffVrWitOml7Jve+99rPWyHa1kteZLRLa9tNLtbtJ2d9ra2PtP8AYY+F4+IXxz0rUNQt1m0bwmq6zfADchniCtbbiwKkrKFOOTgY6dfVv2ovFd18Y/2kYvCenyGey0a7h0e3RAWjVg6rcbRyp2j5cjAAHB7D1/8AY80mD4M/s5eOPixq8Qs7/W7K7lsHmGJTCkTwwogYBmDyAMAB0JK9ST41+x14PvfiN8U9e8fX48wW9/cXkMkyGRXuJpWcAY38qGJznOD1wMjrhTUearLVU42Svf3nyyeunW13tro9D3qUOXC0MNDWdep7WfW8U4/F5uysnyp7N9D9fPhZoMPhHwpovh21UQSWVnbLPg7EKeWquPlwCX6sTyRznmvyQ/al8XHx78YvEi28xOn6CV0q0QHKxtbALOq84z5iksRjgA8Zr9Z/iD4hPgTwL4l169kt4nsNImeNuFcXEkJSBV7k72XGOhGORzX4GnVbnV9U1HUZ5JDd6leXV7cyN98+dMWZm3HPJGRg4I6/MRXflVGFWtOu7tKKjF62V7XavfXR3s0+qfQM3rypYelh72UrNpPXkio2vZtNvttb1udLpFmYYYyAqyMWDPIBlhnII3HG0Y7YJyQTxVua5aTkyFPkWNFAG1ypC5ztOfRQc8Y5IxVWE5QLnMQweTgkFSDsDEAKctkfQ5BU4z2Yugfc2wF8IfvAg/e+bBz0xzk5xya9+cE1a+t0nvdq0U9NLK7eur9N14NObu1rqtd/K6W17NXs72tbffRl80Rh2wCrFShwOBnDAZySTznrjpxmsm5ndI3Ct87r5RO1TgAdAxz1GB16nBPaluLglkVvlcKXO75gcgjI+8Rx1OchsYIANZH2rJ2sSUVWOXJ+8RwDjOeT2I244GOamMHe766atW2Sta2nW769+rmpJuXVdd778t+j1T8l1uyJL10dIpQW8pSSxP3WJwAw6YB9uvYjpct5AR50rjO1uOFwpyd2BnLYzwcAjjgkisNH86ZpIQWkZljwU3sRu5djjnAyMkEbhyDyK075hp82nQQXEWo3V9uXyI8+ZDtwu4qoA+Ucr9SeecKTgpR5tE2n0s0nFO6Su9Ene/ZJKxtTi3FtWcbatu3LZJaJa7a3XdKyRpR3CLHs/eBiwKqN251GcfKBkevB6461yF/JLfataQ4ZFu9RsLZCgAdf9KjDNnkAbTyOWJAz6nry0tvOVliRZDHiPAIIJAyWGDj0K5BrHSKGXWtEyRFPFq1pcSNGpw7+erJyeAQc7gwwM5PqObG+7hqtlvB2VnfZd7brXp5t6G+FcnVpXbS9rHTVX96Ca3srptKyvu229/66f2Q9GtPEXhGPw/5qQ2mjeArbS5bnoEWXTyWxvGBlSQTgZJOB1FfCP/BVrxf4W8OfsZeEfAdvZQI17rrWXhmNZUw8WlXMz6jqTICGd5t+d7ntke3vn7IXja7sfBniuCS6X7Ve+HktbdVkKM0ktukUb+Yoyu0dDn1z2Ufj5/wVl+IC6x4q+Hnw9S8R4fh14WVdQs7dsxf2nqUkjzs6KSryPvXc/DE8nHVfwzI8HUxPENGim+WOJliJ3va1GLlHSzSalNPmunufs2cY2FDIq9Vr33h40IJ2cbTjCNkulkrqyTvr2Pzx8IyRReG9PZ5HkUrkr2BJ4z8xzjHUnBycAdut8pRH5cZMjsPNHUAYzgdMfU8Z6n0HCeHJGXS9PVjiIxjagzjg5XJxksvOfYZJru9DsrnVtQsdPhjknnvr62sbdI23OWmmWPHqcgnGSSTyMk1+/OpHDYSdSUko0KLk23tGELvV36a691pax+KUqUsRiKNOC96rUhBJX+KcoxSvq7u+m+r2Wrf7I/spwxfBX9lfxb8R76Nre91ux1K6hLfKcGApakE7T97IXJI5wO9fjnqupy6zq9/qt04NxqV5d30543OZ5HkGWIPIDdDkAgnGQRX64/ti6rH8M/2Zvh78N9M3W9xq2n6daXVsrBXZYoknnZ0B5JMh+vOTyM/j1HCHXepChCsRjUKWIUcY9/pjrwQeK/PPDGj9fqZ3xHUi3PMswqqlKTd/Y0Z+6k7LRtpXV+mjPvfEmusFSyXIoOywGCpSqxTX8WrCLs4p2b0bem0iwsrLHJtBRt+/LN26BlGd2eeRkqPm5I4NbfcRygI4YMCGYBQoZgvBYHIyTwex9elSSZ2MJAE5ADNkuE3Y5AA6AjjnIyDkkZqqFjlRVUyeY28ltyqBgAlORjPfbz1GTjNfsKi0o3Su0tFsrtJXWjad1qtV0u0j8kgm5c1/ddru7SvotUlqktdvK7Rdd4gAyndtCo8aHczP64I/2jnke/TigWSEGcFnB3llyBgsSGHBHRRhTyw5yoI4UNGBKW3MWc42glEbkbSSRndxycsRnI4waktyZI5VKJsWQZjfG5iBzg4z164HHQ4JOeKtUaly9Lbu+nXVJp2sr+iSS1O2lST96XKndW0fNZNXvrZ9Lrs7adP0n/Y//b50z9mfw/L4Y1T4a6D4p06a9N3JqN1aQTX0nmIR5LtJG3mRLnkk8HnA4Ne8fHT/AIKz2HjfwTq3gz4cfD+y8IT6sRHLqUEEVobZJsLKYVtUVRKpJ2SEbkC5BUAV+JVwZWWJo02x5bfGQduSeFJA3HPBGfm9OQM57QtJuk3AeU44VSQeQGGfblcjAwMdBXzuJynCYms6tR1HJtScZTfL0Wy9Ekr2dunT6bC5xisLThRpeyikkoScVe11e0tEm1o7vyWzv/WB8D/hp+x58bv2cvAmgfFHUvB2r+K208T3+tnU7Wz8Qx3V6onmhnvXkFy7xszAh+NwIHHX82f2+f2Iv2a/2ffBLeN/hn8RXvL/AFO9Fvp/hx7221FLhJPmZY5Y5JZAEHViE54B6Z/IPTNV1K0d3stR1GzlDYTyLuaIbgG3MPLkCpgDjA78c0uu65r+rxRQ6rrOq6kIxmGHULya6jQEEAwrK7KpAPJGDwBzivHoZDi8HiXVhj6k6HtOZ0XHmXLeL5bNtcq6tLtrff2K+eYHFYaUauBi6/s1H2yevNyxV3ZJpX2W60Tte75aa0ABnjViM58lwBgPz7bj9OQMDrio0gaJ43ZwA2HK5weAPkUDhgc4A6n35NPJm2GN2IUMqIrsQz5yTgnIBHJHPJz3zUTgSFAh3eUwJG7OXPReOi4DYwcdCQOg+mja1npold9nbZb7dG7d9Hc+XU0pNrbS6dtNFrs2lpe99ld23U5nd0cBlj2E5QnLPuOQpBHTGNozzzwCQTvaOkc1zaQskkiJNEJlYb12llLDIOQoAx0wR0yOa5kibzUZGYlWLFQASCuCA2M5XH58kYwDX0v+z/4eg8V+MLHSr+xWe1uIJJbt4gC0aElQxb+E44DLggsecYzNecadKc29IwdtE9bJLXvpre9tbJbFQhKtUUIp6uzVr7uO0tddXFu9k79lfl/EM0kMz3mnrAlvCkcNtGB8wDqQ3pgHk+nYDkZ8Y1uylvPMW2VYrsShnkXAkl3ZO0BcKNo756HnBxn6U+PvgTUPAPjY2q201loE8Svpj3BJS4jAIOHJ+ZlJwMY7YOMGvluWQx3V/cPLKY7fe6FW+YMcEKSMgA8kZxwe+a/Pql3Op7L4pOUlslZtaWdlZv72r7MmrT9lV5ZxtZtWdtVtf0d7JNdFpta7JO1lov2WWZpHAZZJGYmWGQcMqgnc2OScZOMnGK8mutYu7i9NpDK2xWaKOORyu4jPzEDcCDgHkdePlJxWlLqU8yvNbs0rytKTu3FYgTjJBICg/MAxySDxwcVzjRt9vjuzEjMo/eGJsbZmHykNkZwcDBwRzznNb5fguXmlJJylK8v8TS0TXa/vWuurSV2YVZqcrKyVopNOXk7btabbWW3Q7Vr210+K2ju4oknlTZLOSPNOTyQuMAL35xuPQEZGfqV9Y3CwyqcpbAkLKOJ1XPzO5/h6Ak9sBc1w88l3baosmoF3TzQYVO5w3OSgLdiGwcHpwTxxZudSa/n8lIo4IoPl8iTCk7ucKf4geOc8deO/qwwaU1Kzeqbtq7vSySdrb2vdrfocU6bSTW901dNvlsk9Yq6urpPW29tD0C0ubC7SNknVDFD+9iTLbIznKAnHGB94fNxjGDwyKysdPkkvfOjkt3IZIDGrFiSfvZwxJGD1+YknK5xXndlI7Xc8UG+3BZEaQMQqA8nOMDBOSMnsAMD5q3bCPU4r2eJx9ohEJaPzmwjAZIZcEgMTnAyOOPSqqYblTs2ns1rdbW0i7tdZLe13fSxzezbd9e17T0uk430jdNu3W76pHosDWa2sskXmWztE06hOFkZ88FQSFXBJVMgrkdAK8h8b6bPfQG9SZ2aIhvs5ONi4zn1JOeBjpjnGM9J/bd5Z2Ji2r5jM+9XKkwrkk8+wB25J6/N1GMSS6iu43fLlJmVXY5KhBgFlxzxjqAenfmpwlGdKcp2633asrKyW66K+2ttS1Lldrctrd4+mmqatZ/dva64zw/4a1W/jkuY7dlt40MgdlKiQjG5VyORkEEdyD0wa9k+C8V1pvxm8BRypJDnVLclCCAiNInOQD8pxnuOCTnkVn2et29laQWlvJ88DFTggoQRy8gYDnBJ2joPSuh0rUbux8U6d4msYzJc6Y0U8VwMBECkM+R90DAPJHHAXqQfZw9e1em5xtFSi/W0k7+adutu19WaTfNCUb8nNG0VJaLmWjv16vV+ep+9+rXVvHbQ3E0yiDyx80jEKAE5OWwPlyCQeenriszT7m2u43ljmSSJwQhjwQDnAclRgj8B2x1r89pv2m7jWvBN1b30TLe2ahIyhIVgw+ZiVAz1PHPzdzg1z/hn9pi+0ZVhi3CAiNXS4YshOdzBCc49Dz94HtzX2lLMaS5VZSTit3Zx0Wzb6O+urt0sfE4yKpzbb5mnd2u73tFpW6XT0u72vdPf9C9eaFdy72Kc72ycbgOhJx6D65wMV8wfES6hK3EbBm/dSERk/c/hV2BGOOCGJBHIxjk7XhX466Z4/ZrY24spo0272JMTuABuYDIJI5U4Pr2rzn4j6uhabaQzqSjSLnJG0gkgKBgYJGCRxkndwd8RUhOinBJppLS9toppt2tr3vvp3NMsnzV00+qTTTS3Ss7rs3fS2vXc+QvGdyC8qRFinzq0g4LDLc45BYDOT3B59vlHxVJI+qPkMAY1ABxhgTkljuIz1OCOcketfS/i+5ikuZooichmclGJDAAlvxOQOMjknp0+b9akhudTnAQsdoSN2I+ViO/QkKDnjP1GDj5jE7NSVnok93fRtb7vW+2259hCzcXdLS2l72XK77dHfv0d1oa/w5vrfT9fhkuYopY5o2EZlODG64wFPO3djA78k+tewanqF9/aE2oRtLDDlESINJwWAK7U6FWHHHrnjIx88WNvJDewHa7yRzKVWA7ieQQxI5IB7HryeuRX1Zp9jqF3pMN3eW3yeV5SwNGWZioI83IUlGC5IywLHA5wDXxGcQhTxFKtKSfM7cspW1917PX/J66HnZgoxqxm2nf3Ur+StZKz2evXTTY4z7bLrEM1vd3LWnlF540KZDMpG0kknqRuI6k9Aea9O8L+Jrq20aOJZS7Wh3AkgKUY5ZUUHkDByxAwN3UdfGr6Bx9vSwMmUuNxU5L7RkyAYAKomDk8Y4HGK0vD940VpK0pk2oXSKNGyShHzAjkqMjI54JOOTzy1qUKtJJRXLdNJSfKrWs0r2bbVnfVNPozilTjKCvKybulzXT0SV7Lfpfy2V7vovEGsy+JZ2gj5uGm2xBDlERDwQucZdiWIJABG7J+6O08PeF/7N04Xkqo80kjRymU7Y1JCjdHz1AI2k8Z6DqDg+DdJjMU+rPC8glWRYkdAdoT0bOVwBg5zySf9mu8uLpLnT1kUGG3EqhrcNyxXJLYyMAEcD7zYIzkKp8vEVOXlo0o+7GybitebRWutkrWWl29vPkxE4yao0nJRVk3o9fdbV7bJPvdt+ZbjvpdKurWRP3kUUaRyOpwoZ84UtnBK545wRjOMZrz/AOIbW51zTrmFlnZoI/LRFDb2J9V/iQ5ORjJ/iPArYilivoy8krJHJN5TxMOUQMAHIzgZ4B45zjjBB4f4hzTeHNY027tplktbeOPAkAOGfaTuHzEvg8EA4zk5IAp4Wg41la/PyNe6klpZO6aTb0XSzerfUjD0ZRqpRXvOm1bWyd1ZPaz0tb13Og0+a5trxFmcuWi8xg7FCCclS+fl2x9BjJwMA4xVq18XxC7WwkZSIXkYPK67UlB4jUdwMnBOQGzwe1mHRL3xZoDXdlKqNcBUt5I2y8e4Assj53Ku7IKnJGBySSK8S1bwj4l0TUWTVA0KtK6x3C5McowMbW5GW9fYcmuqjh8NiKs4VJpVIppRvZt+7yvdJvRN/PY0o0KNSU4VJKNWN1GDe23vW2bskn3eu71+uPA3iKHV9WhsopvLjg3eaFY+WXA3nPzY5yAHzgE7e2K2rq0W31q4urDZHJMGeZo5chXjJ3LkZLGQKevq2RgDHyp4L1fVtGvXjgXazxyB2BGWTHyuTkgFcg7hzyBk4AHr4urlNIubiWaTz5FWdWVy0hDH7r9gD3bPQDPt5WJy1UMS5U5WhOKhb3be/wArTtZt/wA11a+j7JefXwUqFZ8jupe7K1k1zOK0T3Vnvo/kjV8QanLq12IpxEJ5Cv2ZA2OY3ySQBtySOQSSc9MEV1Vv4Xgu9OcW8cdld2Vuk82ZGRp5ACQybe/UAZxg1823GtXWpTfaoJDFLDN5XlR4MuEYBmD5+93DADP1PPuHg7WLjUSi6lOy2/lFCjSbJpUVPvgDkouRu/hOR1rqqYWpQhGUJNJct+XRNNq6d9LrZ6ttLuiq2GqUacXFaytfltrzO/vb3au1o9dVrdmRc67N4cmuTO8kj4SUPBK5C5IG12xt9AwJyMdCSSKl34rtL/C6hK8UNziZVIChGA5DNnJVzweckDPXDVx3iq7e01e7tnZHs57hnWOZ2DeXzg4YAlW6KM4PqetYWmRJ4huksI4W8+KQpEGYHZCTlmxnkbT8oHQcdwK9inQj7ONSTS0jJv7NrKTvb5u3nsb0MNFUlUmoxXLGXM9FZ2ck7aNavTo15GZ45NjbX1pdQOkxbJFsSSFV+QxcZLAjJVmztbAwTnPC3d4199nhhiUbJTvGChlOQct6qmSG55Ix2w3u2o+AYoWYyNKGt4i26SFl86FlwAm7gEEkArj24wK8o1Dw9e2l3bTQ211Jaq8m1IkyQu4li5GWIKnPzeuRkYJ9fB4rDyglCqm1ZWukvs+bvb5bPTe/0uX4rDzpRpQqQbjotY6PTS7e6032a1OhsNEskjt7pIYopVAZlbBaZnALsCQCAGO3IHccitnVbuwggS5mRlVIHjiiGSPOAwA68E7iMkHOB6beJbGKJ1tGVpAltGsrxEbnOCRtJbAO3B3DJ5C/SsXxfq+my6Hd+Sree9yQJd3yxDPRABgMejD0Jyc5NdTk5VIpLRvbfROO97Rb1bv1etuj9ZyjytKzWrs93ZRd3bfvrpquyR594K0l/F/jXw94fiTF14i8UaVpK+WCzGO8v4IJRnGflDkkDjPAAGa/vC8L+H7PwT8MfCHg+IbY/C/hXRNER0CqBJbWcSSHaCPmLDO7vjnOeP45/wDgnN8On+JX7Xfwq0me2E1ho+pS+I9SUIWSOGyVpYJHBGAPPjjKk4GeD97Ff2J+KdSaUQWkeU8+4JIyMPGhVAPl5HA4zzwCMAAn38LU9jQrV7Wa0i29XZJO3V76+nTVnp5RB2c218SV3ZcyXKraebdnvZX1Z33gSG2SRLpiTEkqyMnGHBB+aQ8jKLyuQMDJyDzX4mfHzxHD8Yf2w9Wt0mzo2gXkWnZRshI7FjHIVzwu6TAyCSSoJyWIr9kJ9X/4Rb4e+Ldfcrbw6Pol/KZmIBMgtpEi+bgHLspAx1wcnOD+DHwssbjUPHmp+MbiVzd6/wCIggmcbjJFcXfmyAEk8nocHHTOetfzxxZinPNMzx7k39Uwc6MG3tOt7z5X25YrbTV26X/bslpSlgMvwcbRWJxcKs1f7FK1r91qtbaNJpO2v9Q//BP3QY9N+I+g2Gm5TTPC/gOfWbllUbXu7yJQiyHATe7YYHk5znLcn0X/AILDahNb/sv6d4ZjdxqHjfWNEt44EIMro0mdyqcgkNtzkYAwQSNpr1L/AIJ+eAZJPCl34oktfKm8U2EekWchXEhsNKEaztu2llR+xxzjkkYJ8D/4KpXS+Mvij+z78NLQtIH1aBpLdSCrrBcRDDqD0GGA+XOSeQvA/jCliJUM4xGeyk3SwOJddKb92VSjzVm4p7pOEru2qlurq/6tWo08VnGGy+PJJxwnLNpfDS5LW12fNUstFqtetv4lv2o/2Zfi5o3jC41zxr4O1WPRdS1XT7DQ9WNq4F7bERho0MSujFU25JIVSfvHkDxP9oz4R2fgOy8I6lZwzWdvc2aWslpMJBJFdJEm6RmI43FsLtzgDkg81/dP+1v8FdGvfhloXhy80pGVbiARSTW8bm0cRRFjC7KSrEg7iDkNgDhs1/PH/wAFFf2cRceEPDUmjSRmPRYjNM7QAGRVAD7jxl+yggd/7tf1B4OeNz42wmBo4qhTw1SNWth5KnJuM4wUVTk03dN6XV2r2tfr8Hx74YUMtw2MzHBVHXjWjGryyUeaE205RU4uzSet+yWra1+c/wDgn3baj4a8JXNxLJMIb2ZJVIXeHVjk5Y9FPBYE8dQPX9FNS8V6fLBIkqItwQyFI2Ku2TwTkgZ9/mJwRxg18f8A7L8Z8P8Aw7jtZ7ePyYkjj3HjeFwS+RyQMgDHPBA5yK9e1UabqV0EguHilcsVdZW8oFgQNpAOMEcE9z1Hb97pUfbYypiLOzk3FrzcUkm76pq6atqtbdfiKFT6nleHw8XG8acbp6Nt26yb+WlvkrFq5sNCv58xzSxM0jSTqWEiqATkleABzwGP3ecZBrH1Pw5DCGex1dGZ/ljiYFCGH3RkHI3ckY7Z4rIudC1OzXfb3Ykl2uxwQrOuTjqcMw6nJGenOMnnZ5dcQLJLEZyql2P8akA/cbJH/fLHON3OBn6zA00oJLRtpJNW1durfk07aJ3tdaHyuKrczknFp6q19tI63vd6PWy3b0e5qXMGtW/kLFJ5rRuBIfMLAtkZ3DoVPQdeWyPWuWvdbvY7ySKdSq71SRNhWJyp6hgAeMMMcqx5wSCBo/8ACQXMSwvcW80L7jhg5xIctyzEAFQAuR0zk7jjBal/balOZZhFMWJKRMighhgAFgcnODklT1wM4zX0+Gg4xjea6NtJJNWVuz1u3JtNv5q/zGLnaceWWqad9Fq0ulo3er79d72bbXWYS8O6OFYGbLLzngDOOjYwTg4GSc5B4OyLnSdUkjEURiOd2esZ6LtUcAKevTI+9yfvQvFpEsKobaPzGBDJHjdG2BgnvkncRgjnAJxV6y8OW/kLLBNLACpKITnMitweeACeCcc8AjBNd/upqSSkm0mr32Ss+ytZNLmvb4r3ME5P3bXtZuLSVkmrPRWStra9nzO9nqXG0e3Mm2Bk+bIACnhSSQ4IGAynBwM8noccQXdnd6fiRJyqsCpMZIPA3BtoGC2QeMc45B61cay1C1KiK4Vs4f5id5f7o6jjfjgAAfXk1m3t3qUWPt0QbAZVB/hfqAABjkEDIwOeRTTfMpO7ula2y5rWUldNLXX0dn1ZOPKlZdErpb3tva0ndW3VlfTQxYtT1R7gtuNzyFWNj84TOMlR91t3fAJ4PHBrorDWXtWZr6zJIBXeRv3Z5GM5+71PbA5BxzkabqGn+aZLhVSV/kfafmTk/P0GTwMj+QGK6tW0+URpA7S5faXyHQDABOCdwYkEEkAAnO4d2rSmpNxb9271aXw7Jptydu6Sdul0c7Tve93bZ67cq2d3fre6S6stRarpd/Li7MSBUTy3KkMh+UBiCNp9DjOTgDOeczxLdWFtZPNHIm0YBCnDFVG4uSPvAnOF2gbe/AFbyeH4JAXMcMzISUZjtJVhwPl+8emNx64HHymvmH9ojxG/gzww0yXDJIS+FiyHUkHckhIXcOozkZABGc4PR7KG99kptO/xLlXxaLurLppezOinXdBxlaTXuuS1u3dRbb5tL6pdNrN3SWRqc0OtahM8DMYVdd4J+ZuV27eQd2PvAYwcjoM1oRLcaDdIA8ksUqAiHJDL5hHJB4IH4+nQV8zfC34kx6xLaDL/AGiWQIpdiwMhfOCDn72OOw5x1yPpnxFq8EkqJPtjkS2UK6g5LgBgrcdCRxgdOcDuqtGM6XPCyTSs73Ti9Xq1u/u1uu59VQxOFq4ZX5I1Gk7vd3ae+vfS/wCp6VpHiiSLyxKRMhzGrMApjJOADwenTaSAT16AD0OzeyvE8xisU8gAdGUEMOyqBgDjA9Gxznmvlyw1Vrt1jglK7EDSIxGSyYHy8/MSeD0HXPXj3TwfO93Aiy/LuZVjkZzuWXcNqqcE4JYsAMjp3GR5TpuLdusUk+kU7XTa3s0uVNu2xyW5qmluRNJaX0ur6rXTda6a301PTo9EheHzIm8ogsTgsoJHPDfMQBnkZXnqKIJ7y1cqlwyjGfLYkruyMFT0LE4xyDwST6bttpF6YfJV5F3R7sMRsZsccscDIyQMdOQc8jI1TTtSsJIg8avGBnYRggscqC3QYwSAe33f4hXA9OZ2tZWd1pJ7LlXZbPRdWnodMEuZK3LdJp36JpKNlbXV73tdu+zOhsdf1aGNfPRuXGZVykmcErnAYMDx1OCCCe+dOz1EXtwsm5pJXbOZV4ymTyDwN2MgEnnOCMmsfTJpJYQ0sLoHwjsMsNwIACrgAZz83PsBzx6Bouj206h2jEZDFWQxEHawBVt2TgnPcAE/QEfP4+rFLkWrburWtFqz9dF3W76Hq0KE5RvG795N3sui11SeiXVOzvfqdRpWpIjRru+Y4YHcSi9jnqBz0/767V774M1k2TIUmLuSrLhmBIb7wC9wAffOM814zZeF0lkjWDzI0OFDc/M5IAAOM8gAkZOCQp54rvdI8MeIo7mI2od/LUEKo+Y4OAQAMFTzz0IGAMmviM5eEq05KpKNmratWekW7X16Wbatb0PrMsWJoypcim5KUW3FXtHS/wB/V211ufbHh/xhqa6d/rmOzDKjEZ2hcgkkgEjhtvbAHTr4fPf33iL4g+H5LgrKF8QxLHFkFid4wTjOQow390LnH3Qa1NJOuDTbiGSzlhlVSCSPnXCHc0YboSeCAeTz61lfC7TLm88Z2dxOGMlhqhuCXRlIKSAjcTkZYAgBQBz04yfE4FyjBLiH6zRjRlUT+KHLzKzg+j6WV+m+tzo8QMzxbyFYaq6ijO2krtJ2SW997adnuch/wWijmsP2ePhTDbrcCOCW8u72ZAwSGZ0VYjKeByQQvTBBAHymvzj/AOCXMHn6vrV3NGlxHpUTXPmllZyZ8fMQwyWUkZXAxjJPYfrZ/wAFqRaWn7K3hTSruLbfXep2qRzrgMbdo0mK577Nx5BXIXkg8j8Rv2aba+8B+GY9Y8L+Jhp+pXE8AmhjAH2mABXaCUEht2ARuOQc5xyMfUeI+UzzLAYjDU5xhOs4QhKWsE1Pm5W0+uut16WTt874f4xZdiMNiZwc4UqU5TirJrmVou1t25Xvve+up+iPxjvRqnxgnkv1Mq6Ro6Ro8f3Fe4dmC4yNp2soIbBwAcDpWvo8jWEAlUgJJAZEgBJw2wAZ29eBuwTgHkgkV8v6H8YYvHGu+INV1q4t2uzdLY3Sw4BVrUFI3ZgflyyruxxxkdxXqlh4xtGjdo5XCpbyRRKWz5jbCOOpGBj09iBmvseFsDUy7h7KsvdnKjh6MJONkr2i3bfS3w31bvd3sfMZ1iYY7OcxxcVZVcROS5n71ubqvis198l9/wAb/tW+KJdG+D/xd1+4laOeS2GkWUyDDYupjE8eeAAVPPUkZzhT8382s0/m20yTCNHQswYkhmySc/ewG68AkA8BurD95v8Agol4nttG/Z/hsIpY0uPFPibEsDsqu0cH7zcWxggnhe2FySw+Ufggkttcyh5RtVSVKEsfNUZA+jDgDGTjB+8DXdxBWtUwtFWtTw8U1qrt6tvvdWeyTvfXVn5/Vg/rGIm1dznp2UUopdPs7LVK7e+zs6U8Nvcx3CFmh2lDIzgBJM4xxk5zkc5GDk4Oa1dUNwsRaWeOdGCuNhC7WJHCFTuwQSTtxn0xmsK6giEStp8g2u+XR3I2sAThU4U8ZPOc8dcjNOK9unnEXl7/ACWEbI6gLJ2JYHjjKngkdcY5J+ZklKzb7K3w3ejbVrLVdF106GMo3V9Lxa0V7p99NGuj83Z76aTiyESTxFmWNC1xEdxcMQeS2MEdwD7c8YqezktbiBwzLKxQMA+FMag42g5IY45zn2GRk02zvIYzdRTCGKOf90WYg4PHyruwAvJAPYY9ADXh02HdKbeRhGVJKP8AdL87AG/uk9Dwc84wOM+WOt7qy3a3Wl7ryu2vXUx9l0slorXVr35d9Wruy1a16PZli7hjuUSRS0SQoWRXXPmAZBO44OcklcAYxwADiuj8EfFjxJ4LuRFaTtPpqSHzLd+QApxgZ6fw5I6DnHNc6ZriBLe0nEaMASJTztGBtQ8nltxA5Ge45rnrxEUTDy1RgHBZOTICRg7eecA5yeSQckHi6ejte10rW0sko3bfXddu/c7MLXnh5pwdkrWXTeKblo15NWXXqfdWkfGXS/FVu4FxBbXkVuXlilYAOzLkgNuGQvOOeCBj0O14b8d2kszRJNHGVmCNMWVhIwGDgZ67gMkAD+8cFTX50JHPZsLiylcEL84+6VZuoIGckEAheFHTHOTYsPE+t6ZcqzTSJHuLEA4V88hhzweueDzk8Yq3z2ahNO6sr768vW1+mjXzur2+nwmcYVOEq9JwlZXcdVrbz6tbJ2etrXZ+4XgPxRDcwoFkysSYldGDK+T1LZ7n73OQcj1x6bZasDqUMkUsMZnuESImUb0xjjGSCpHHY54wQePx5+H37Qd3ooks7lmXMQRQG3Kw6qSe3B4bHIPTJGPoix+Olgv2G4eeYSON82ZNoUHuvUAKMDIbGOvIJPg4ueMoVLeylLmvZJ72as7+9963T7LT7jA4rKsRSU410pLlclKSTT0VndNpdrcttH6/of8AtKTwwfBPxBc3A3qNJkiDoeHd1HI+XHVeeT1xk5Br8Ch5k5Q7YzEzYjlfkozMSduT1Xg9wOmc/e+2fip+1N/wkfgnUfBpdbm3uI1trUo3mNwNu9zx05AJbLHk4ABHwilwUSSOTzAu3MYXgEYPIUDryegB+U9MAV14D2kqbnOEqfNJW5rJtpJuVr6xu1bRXf3L4ri+pQqYqiqNaNZxptOUWmlJvRXuk7pW7t+Zfu4Xfz1ZyxjIaEnA8wc7s7TuIOO+MkGqLrBJG0cku15BtRRllRjnco5IyMAjJ5GcHHNSteBoFRIsuUCszglhGTuGdx4YZ45wATxjimyQWy28KEs0iq0qFRj5m7PjkYPA+YZwDxjjujJp2bd7pK710Udtr683S7tdnxyikrJry7301eq69NXZq/cyRbADZvyYZFLSqAcR9zxznHXucjGTitKZbRGi8kiQqvnbAS4DYxyTjCn+Jf4cn2rNm8xMtGwUMD5qJgnAHVuM89MEcfTFVo3cLHIgAZnIf5tp2Mf4txHAByB1I55ro5eazT8vN7XbV3rfbye/aWk7WfKktU+/ut30210b0b0etjea7jaC3lZFKpI3nonDDcTkbgDuUjIABwew6U+2mtnuQWZgkjFUjIwIeB84wGyNp9OvI61lkKIAIQ5EMu9gEOwhuSWP90/dIPBPB9KsFmlklaNFikWMEgclty8Bd2O2eSRjt2znZNNPXSzs77d/10Xd6EJ7xdnZettU0m1d6/1Z2NV4PtBeOIldkheN2ODIVHA3EAgk5JH3cH5sDgxI9yIjCVMskbEPJuLPGrHGcnIOAMhs9+vpVhuHSCBJnbkttwx3hyMAFup5+vHsRTrUNJJcCKVopFXe5bnzeMfKDjHQHpgrzxjAjlaTvy6LT10797W1/Kxldp8r1T2tZvpzX0sou6ur3/8AJUopVnilELkSxgq7HcSGXC7yGI4ZR+HYdcnWEVvLYtGisVlLOgGG2HaQd7DkAjI28nPB9oXhvZrY4KvIcq8WAWRcY8wcDPIGDg4GRxmobe3vIowiq3nhssCTuYDkHGCMBckqQDnAyTUv3rapNNWSe+q1tazV97W03voN3nFW92Sta6erXVq7dl2bT6PoVEs2VkQop8rLsOCCg+YMwUZUgnoepzgnODm3EcrXckrKGR0BAI5TaOxHAySBjGQQQ3v0EF8IVBkijEpdk3c75evBXb1z8wGPoeMVfNnaXtnJLA2bghmzHgBeBlHUcbQ3AIGD1BGDVupKDTkt0rNpa7a6p31T6XtuUqji48+rfu3SVru12r30b32lo2la9sHTUnlEspbYI4t23kOAvyqcrz8wyBxkjgcAVoCSUGNg2yUuoYFiQc45xyMkdskE89SayLZbv7cYn3IVjG4fdGFGckDHHHAyMAcGtFopDNJIoYR7A7FCdqlQcA9AGx6Hp1IIzUyTcteVJ7bWd+XRNW3008klaxrJK6ad7pddPs7vfrayve/fZk9vLDcMFV3LEOQfmUFhkncfmz8zdOx+Vduc3Et0MauxBjY7HXBABJySWHJIwOxHGDnHPTWVrHfWST22HmcMCjEF0ZTlSR6f3gTjG7AFYIF+1yNPKO07ybY4IoTLJK7HaoVVVmLMx+X5SSSCFA65OcqjcItqcWrqzs2ra9NL/c7dmZtuTsk01bTpe8dU9NU+Z6233dtWyabZtEEiAkjZzsC4GxwCQSueQCAMjPzZ71Th025mvBBp6XE8zqsaWVpE8s0kjfKAkUQZmDEFcKvHPY8fbnwm/Yn+Jfjy3sPEPjGSD4e+CpAJzfaqTHqN7BgMfslk2HZ3UkKXCg84xmvv3wD4B+DXwbt5LfwD4Utdf8QwxlJvFniiKO4lNwAf3tjbShlhG7lSvAI5xxXXSw85RvUkow91WlvbTmfJJ36pXt0em9vUwWV4rEu6hOMLK0pRlHmTa23T0f39Efnp8H/2PfHvi2O18RePAvw+8JyPHILzVP3eo3UII/49LQ4k3OD1kUZOM9q+6PDfgv4YfChJLbwD4ci1S5mjjgn8T6vFFd3ks/A8y1SRWECsSSvln1AGeR0uteJtS15WXWhd6jdBt6JHgQxqM4WKJD5aqi4KgKRjqMZzw/8Aa8f2m1heM2jxTxoIi/yt86jLryAcDkEZ5OMdvZwVHC+2pezgpuU4KU5pN3vDRaWVtHZ27K739OplUcNRlOcuaajdSslFPRWvpfS/xNdNtz6f1L4haz4A+Hl/rNpGdTkjS2uLu2uEJSZJh+8WSMjYVVMjJ7EjpmvmGbxT8FfiHeTXXiHw7J4dvLnEksulSBIRcEZbEKYBbe2cdMA4wa+qPiDa21/8NfscUSg3Wkwi4ZcbGARA7bgRgksdpGSDkjaVyfiR/hJpMCTTwT3cZLRyI0cgAmVgNyA/3RnHq3Ucjj9GznNHgHhaDpUq+Hlh4+5VgpcrXKlyydpRdk9bqz2Pnchy+eNhiJxnKM4V3rGXK5KVtLO8WlqvXZPc35/g/wDDDW2afw78QxbOCY0i1OFAqBugdyGICk+p4J79Mab9nfxSZZF0HXtB1zyiNht79Fd0J+6qu68ADsBjdyOBWpZ/C2G4tDcG7urJpHGYHaRl4GAxYEYJwT754PrmSeCPFOnxP/ZOpOIxKQJ43mDbckBdwIzjHB9RgdBXgLMsnq29thpUpPVOnJp2skvdleyvd6ppXu3Y+klluPpJOM1UV07Si3omrbWa11vZ3ve+pzMnwV+Kdo5+0eG7q5j3OpmtWhm4x90GNjkMAB1A3e4rDuPBvjPSxi+8P6rayF22GWCd49oxzhUPG7qOT27V6Jp2sfF3QikOm6tevEkzEP8AaXkJKAHaySHJBy3XBOCM9z2dj8e/iroQS71ayg1gROYzDe2COhHAOSUbPXkdMng85rojLJKyjfEYiEviu4xnFJcr0atJ230SV2c7WZ0ZK1BNJNyfvQsrRTt7jWl79H0utD5outBv2ZkkV4riQbvKkilUMAckgMoC7cZHpjgckjOn8NSqSVjTzsbSqNuLsQGYbhkqcDkY54xkdfsiy/aq0i6dYPFvwn8O3LOXDSpZxwTFG7BhGu0tu4IwMkcjv0kHxV/Zv1srJqXw8vtIZtwnazuAuCSw8yMfL93kA88ZbBB4Ty/L638HMaC12rRlFpLlalpzK77XtsdCxlaKSqYacrWT5UpcsnbW0reSslvfQ+H49K1azYSRRCLyowDG7MM54yqtgFuMZHTj3zDIuoKVkns5doHIEAZGY45DgA4zyT347CvvePRv2ZvGRnFj4z1Dw/IAFgiv4UnIcnIAZjjAyM5PJGeD1S5/Zz0fVY0HhP4r+FrwyoNkOoTxQOVKjaHBJ2nsSCCCSCQc1lLI8RKzpToV1a6dOpTbd3FJcrlu/wCXfXZu6NljqLSTjOD00nTcdnHytu27aabef5//AGqFZFDGaIEEsWBjWNgRlQAOQ3QHOR3BBYCZryCRkZ1CTOcRu7FkKjHO4DgkDPIOTjJ9PrrXf2SviHF81pa6Hr8WGUvpepwyFiBu3IDIMEg7uB/Q14prHwD+Iuj3AivPCWs27ANh4UFxCkeSAybCQTnuOuR9T5dXBYnDtKpQmnzbqLsk+XXro7pX067HXRqxqJcrjJaO0bRd24Wb3s+1rPpc9H/Z41Szvrbx74GuH8iHVNHl1K0jkO4TXCI6TgId2QYwxGQDjrgg1+SPxf0G68KeO/EmlOBh76WeBiCEEMzF1KAgBVVSuQOBjbwM5/Sf4Y2PiLwZ8RPD93JY3u577+yrpLiznVRFe/uSZS6YZcvkjBAAwDXzl+3P4F1XSPGM2qC2QRxXEsVx5C8rHKzSxSSKq8RhSFBY9c4C81xY2n7fB63U6U7xVrSUXy/ctGr+d7PrwY2jq52aV4vRO/2bttp6O9rbtrrc+HIUieVoJwDnaQ6EYXIzkjBB3Z+bqSffp1+mWtnb280kgkLbQYJFJZ02DKgg/dLDGP4QOB2FedafNLHJFw2ZSFOOclfu4UHJHHYEDHcDA+g9EbQ4/D81jNE91qd+Fl86NAHgcBTsBJOBuAyehGMZyAfkcXU9lFKSbTcYuzu0ny319L9na9tDyqkk4u6vZJaveyjr3aVtbvvsUNKt4NQtZPMkZHm2okhAfaf4SV5w+eSeBx24DaA0JrdEe0uVZkP+kAEhQCc5Zedrc5IU8fiayLRktnMUYkE29/lUbQWBwGRTjJAGTxwVxxwa3kkWNJW813DoWcA4AlU5Kn2wckEcnIyQ2K+WxMqiqSlCXNB9HqrNRSvGy2vtd3012PAqOXtXy3s3rZt6u1npt0SXW7s1cswPIjwxxkysjbXbcWUIRwR65429cY75GOvW3tbyz3O+z7MnmASjcXfb82XAIwMEDkjp3riLcxSyeZZuFdIyJVbG4ORgBQf4SoO3b35zwRV+K6uYYI4GcCG4mYB3GWAyMg/NkZ5HVSM+1cs6VSSjOm1BpptK6avZtu/d3sls9eiKtKKbgrNpJNXV4vlafbr00Tu7tHrnw8+I/iz4Z3ktxobRX/h/UmZNX8OX0Ym07ULRgRLG8D5VCykkOqjHBAGK9B8SfBTwd8dNCv8Ax98EIYrTxRaRSTeJvh+7RwvG2GaabSYyymSPIbbGgLdOASc/PumyPc+XZo7yTiYRoysGyrYUqytj72eBz16iulsk8SeAdSh8Q+F9SvtK1bT7lJt1qzRiTDBzGwB2SxvjDoc8Egda7MNmkqMo0p1YxqJrli2rSS2ut0unMtettLHs5fi5NKFZOUHu+sdvhb9Oay22Ta2+YPEPhq9sLibT9Rs57S/tZTbywzo6TW0yEqY5kYKcZDAH6dcg155d6fOjmORBuXI79sdDjBwMHg9DnjnH616pZ/D79rDRdo+y+Dfjtp1nnYscVtpvjJoEOc42xpfSlSuBklvrgfnT448EeIfC+s3+g+I9NuNP1HTndJoJ42jdGjJUMpIw6ttDhgWJHO4jmvrsDmNKtHklJRqJK8JOztaKTjv7vmk9X0sz0a1BQSnCXPSlbllo2nonFv7L6620s/J+LPbuUJfaMLlXYYDdyNxx07tycEdD0gCcZBbcuG5GcnIxjB55yR2AAyeOe0TS7idBDFHvY8RKMszMN+QBsZmzzwBgcZxjnCu7G6hOWjZCNyOvzfIVPQjAI6nkcg89ME+iq0ZtpSTajour7PTqtmtd+5yN6pNt9F1skla1nbTZ3dlfcrWV5LazI0UjJJHhlKfKQThvlP8AdB549MdAGr3nwH8YbvQbq2GpQi8tFIR3JIkRMgFgw++VAOBkcjKkV8+lGD42n5iMkjOV7P2xjr6Y4HOMzqAm1tpYMSqk5CrnoVzjbjkcHkDjIyRNajTqwcZx0btdKzvdLR6O70Xp8jswuLq4dqUJc1rWhLZbPa/bTpZ39T9ivhX8Y/DGv2f2KLV4NzoFgtLyVYpIpecYDEA5IxnHAGeAePo+DVfKsIJZpIFjCMu23lUlwQdpbBAYnIAbkHGSeDX8/wBY3t9YSRSWk8sUgcNG8cjRtv3Bhgocr0GF5zx3xu908I/EL4rXieTolzruqw6c6vdLbxXN6sUSnDtKUQ+XGuCWZgcA5yRyPncVkcqk17Gbt/K11bjZJrW+2tmnp8/sMBn9FxUatJudlf2burLlV2k00rWdlftsfpt408R2FpBM93cx20buCTLKieQoGQ5UkFm4Jxjovzc5Y/O8fxR8O3+sTWulTQaldQxSQSPO6rmTlQIGzgkHH1O4EnC4+N/HXxE1zxSwivLyeF4mZZolmkHnSx/LggbQAMcrgjIwV4rkdHuriGVLwXBt5usboCrpIMgZHBI4B6H8cVGHyf2cGqlRqpZWaV4pKzV7p82yTWtm9Tf+2qUq0eSjz0/hlzNtqzi2mvhvfyvta1kz7t0nxxrPhvVpp44bbVrO9Yw6poF/EJbK7t2UhkaOTKBwpwrAZGcgryBe1H4Z/D3xRbXfivwTc2+ja4jfadQ8F37iMJltzf2cxw0iknIiHQcDoMfO3hj4k2wNvZeJoC6cpHqsOA4JOA8wByVXORntgDqQPSr7Rp7+2i13QryS7ZDmK6tHO5VB3KXCNn5SMPuHbgEdJqSq0Z8lRuKiklO/uS2Vrrd6211T8z0o06GJiqtKKqPRuk1+8V0trJSbTV97PXY9P8Ki3sVkt9RjNok+YmtpogVVsADG4A7ehUjggrjjFbs3hxrS4h1nwxqE2l6hC4dJIXKJI6coY2UjBG0HA+UkkkY4r52k+IWqJcDT/FEczXEbIsdzEuxigATe5GAy4ySRkDpjhsetaB4+s4o4bSWdLi0cbo5Xbc0QJI5bPBHGMkEnoB0qKkJS5Zr3ubtrHXRWfd7d/wAzpo1qEE1FunOLVrtqSd1tfz8n21T0+zPhT+1JfWcsfhr4mrsUbbWHVzHkEjKgXGRtZGPDOCTyfUCvqO6kttXji1nwne28joqTILOZXgk+UtmN1+dJcjPIByOPmU5/OQR+GfE1h5cs1ncs8YMTxOgnUgYXBHVgfvAkdByDnK+C/EXjj4X6lJd6HeTalokZElxpNy5kAQH5tqEtg7VG1kyN2Cema5+Xkk3G8duaD1i72Td7aPpbbVbs+gw+ZTcadHE2qQlbkqxfvRvZx87Wak1ffXzX6o+Ff2gtWt44/DfjuzGvaWpMAW6jxf2AwBviuHHmMAOQOhPfjn1u20jTNXsDrfgvVv7QjZjJJbiVRqFmoBJR4wQXUdCQo7AAgk18P+H/ABdonxL0SC+vrKfQ9Snf/R55YmijkkAX5FkIVXKNtB2kuO+TxXRaRf8AiPwVfv8A2ddSRSfKwuLVyySqpBKypyr7lB+gwDngnenVw1aF6U1zp8skmmr6LVdGm9bK9rXTbPSbnTip2c4yUZRumny6STS0ezunHXRarS32N4e+JfivwTerqGm3txY6laSrKt1bM8cuxGGVlQYEiDA3ZAHOcfez+iHwq/bj0PxXDZeHPilHE9zLGsKa9aqqAMAEH2gLjoSfMJHPJb0r8nrT4kaD4p0+K018HTdZWMltThUiOfAOFdR0Ln5XBAAJOPlIrk0lhF3M+nTmKaNtyl2KxTpnaCoPykHgY5APQd68fN+EsFntHlrQlRqxXuV6PuTi2k4tSWrXVpp3fla2+C4rxmUzSi1iKDaTpVWm4qVm7O6S6rXq7Pe5+1/xr/Z5+Hnxq0MX+gvpuqzTIxTUtNaE3W10ziVI/vbc5OeeOnHP4e/HL9lPxZ8Mbq5lfT7uTTUeRrS+EcphMQc4ExXIjPAyGIxxjgHHt3w++OnxA+F2pJfabql7aW8brvsZHea0kBb5l2szoiOp6gHAJzjt9paf+238LfHWi3Phv4s+G0t2u4gjXiwRzWsiuCrSYYb42YsWyvPTnkV+ew/4iHwFX5qGGqcS8PwnFSp0m5Y3D0fdblGMm3OSW6jeN15nrYynwTxlh7yrU8kzhx92c7Qo1Kj5Wr/Zu2lqmmuz6/gZEmo6VdnyTJBMrEOq/KChweANoGF68Y/Pn0FdZjuoGivYfMlCxkynggdAQOgBzzjOO3Ne7ftJeA/BujeLU1f4eajFfeFPEET3Fn5LpJJbSEhnSQD5owpbADAHqe4r50+ytboUKlnUgZkyTtPr1OMcgnPRgG6k/wBCcPZpTzvKsNmFKFWkq8FJ0q8JU6sJLlUoVIyXMpRejTT1V/X8Gz/BVcpx1bBVp0qsqUmlUpyUoVVZcri09VKNpeiRYmtlQJNZv5kZJVkZM4Vl5XBH3SOByFwfvHPHyx8ZfgJZ+LRP4j8MwR2WsplrmwRQkN2VJZn2jCiRjuOfUnuc19OS+ZDImC5jA2jBOzIGdp55XBxk84HOAMGzBcR3G9GAjkyW+QFmwOWx0yevtjIGe3vRUoNTVrpJNbvS3S12tNdNNXrsfLzkpuzSXvbJvRWjfVXd+ltG7Oy6P8a9S0LUtFvbrT7+0ls7mFyjxy5QZBIJRjgHAUkbeCOMZyKGikMapGWXaiuWYsd3PPOMLkk8ZBORjpx+ovxD+Evhzx1bSrPDFDfNExgvokUSiQA4EmMEjPBz/FxgYFfBvi/4Z+I/Bk7QXtt5unNIUhulVmidAcJvKE7PlJOTt5IX0rrpYn4U1pzX12bvG2rlrbbq10ve5rRkk4xaeundJXj83dOybjda395przZYiQjtmMgD5T91gw+8cHtk4x1P14ux/boJI/JlYDAIKt2J4U5OWyCSOTgnpxxZWMkCMIoxhXfO5doY7SMjgLkDA4PPfirdhC5lKFFkVWOXJ3AD+FgccZPIGMKQCAMYGylKT0Wtvds7WtZpu217e7e71vo7ourQi0m3JLXo9rq21nolfbe+ybt0+i+OdR0srHLJKcMuI5SWBA7HJyAc8Y7Yx1r3vwx8TZXSMWuoJFvbM1hIA0chxyhVtwIbkZx07evz3/ZMN2qIiKJlOHYksN2M7gxwCfr0GPYChJpd9ZzGSMtHJGxACDBYBgAQcjBH8QwQB3B5FUsTOnZST95pWfXZX3evXbfV6anCqU4vS7ikuW6er0V9L6vvvu7WaS+vda0n4Z+PhBDrelDw/qcpEZ1KwQJFJngySIuFcswzyePfBI8b+I3wH1vw5bNqPh1m17RkjDi5tWDzRIxyEeNCT90gEYzyOgzjj9J8c6nak2l8nnwQshBkUowHGVz2J5yCeOBjk17R4a+JF4HKWF6EhZVMlpMQ8O4gEK4bKncMKM49K6+WlWirtRatt0b5dW77+STu1qawjGbtezdlZq1ndWcbLV7NWfyTufI3kyQyHzYJIWtyFlikjIyx6llwD1BBJIwAOmcFrpDc+aQzCRSEV8ZjywIKhDgABhxgfdYA5wa+y/E9t4L8axbL2wi0TVZYm/060jWKGWVRuZ5VUKpLspLE4GCMjjcPljxB4bvPDd+YFkt7m2aViksLK+9DkIWAJAYrtYgAtu4OD055QlT5bNNaXbTb0tq9bXf4Paz0eqnKm+XSWltd27rXdLXdq909VqYNmZIGcqwYxgESKcbM8Bj82VPbHBIPAJb5tv8A4Saa23IxFwBGUk3tlgpAw53ZwTnjnA45AJrPuo3sLZpohHIj7DM2fu55IbOPlPPbjIzwBnyDxFfXkT3EsUjRq5JVUywZAcsQwA74Gw8YHIyOeLEYmNOLkpJ21aWlmmraPTaysmmvT4nGtKOjSb30s0rO1/esnrbRJO7au1a3rUEej645W2ultrzcRJFI4SORjuKqHyQvU4AJwQB3xXL6hZ3+lXZjvbfKQvuhbBZTGGLFldQVY9cZPvzjnxeTUbuLbNFcyqHyTsYrliQNq8jkbvlK/NjGT0A9S8AfFmPw7qECeJNNXxHpMrLHc2t2oeSOI/K5SQnKlRngc4UkngV5EcfCV4zi021JTctGvdSSTTdtX06asiolPVpx0V3dbOz+9ab7PbrfrtMv4pluJIZygUcxBiCXx2UkDb8rDvkD1yK07jWWuYYrOJGjbzgZmO1zuAX5gOTg55GPfGCSO+8T+BPAXiO3tfEfwn13fealB51x4fuXCTWl2ck28OHYuM5CD6Z5bnzWzgvND1D7F4i0+a0nnYK8ssRUI4zkNJjac5BbnBz0Oa9LD19OaDXLZK6lfe1n5KyS0vsciglOySdrppvZuzvs+tvLfa6PadBuQsFi9vL5U0Sja3TzSpHzBhgDoQBg5Of4cmvefDXxOh0qeH+1LJ72KwVRIh+dJjglvNzgZ+bg7s9cjIr5l0/UYLd4IUkSRScROreYoQnBJQAkAFgB0Cjk4zx2lrfI7vC6Ip4U7jgTIx5yT+AwcE5xwaVerKpCTu25W0TenL1avdPS7t6Fcmq5kkrq63at9/W1klqkrXR+gnhj4xeD/EVoyaRAmh3X2R7X7OyK4keVT8xyMv8ANwueVPze1fCfxO1DX18QXlhDci8lN+/mTMoRxG7ZjiYEjMRzgcgDHTJNQPdTaZdRXOlJJE9q4ndbZtwyuDyPlLA98cAngEnNdX4s17QvEfhW61K401dN15UhVdQ3BRcY++rdCGXnBIzyedoBP53xDOvyThKHtIPSS15k/d1stLX2ulvfbfo9nRdO92ppX0e6stkkle61bSs/Wz53SNTW10HUU1y1gmmsgAkDKXM1s4w4AIIZcE4IJx1+vzL4r8K+GdbvnuNGZrM3KvIlu+DGtwSWZMDAjA7DGCMdDmu11f4htYqllKpbyYhbPerh0eKRNrFiAA+0EDnnIx15Pjr6ncy34j0cyXLySySKYRuLo3OCiqcNknB5GAFBAAA+eyXA1sNKdWEnDmd7KWjvKLd42slvvpdbXu3x1at2nFJW3Wt27p6/52totSr4bjvNE1qT7S0kMFo4LTRDcitG+UbcBwpIO4Z+gNfoRo+u+GPiDodndz+UmuxaaltbyArHJvtlxuyMZ8xRgbiMAlScgmvgWW51GGGZzBIyyr5d4HjbcspLAgSEFQ3bJJOegzVrQvF11oV1bx2888lvlEkRGIZJAQ6hQeUXJwwBAY/hn1MxwNXGwjUo8sa8HFqpG/XldrPfu10/AilXd3zq60vo0ulnG66Ju9tde6TPZfiN4f8Aszf2pawu0MUoTUsbnZHHRyyBsodvyg4B6EcHHin29ZMyRyHyYpS4R327mVScLkqChwSwA5PXpx6xH8SIL67OnujCHWfLj1K1fDrGw+UOuRnOW3cHng1z3jT4eWgslm8PSSXd5vd5IIgAPLdNyuUByCn3DtGcBu+MzgsRPCqFLHpRm1aE72i27aN62aWi697WMqlJzlzpKMUr2bs0/da1+935dHfa6Zztn4ll1GSWFHSCGKEyRRL8uJQCA24kYXceCBzwR1BrsvC/jO4tLuOC6WK6t4PlLSlWKSODtYMSSwyRhecgAZ715boeiamLe9jkhEc0kEiLJICpWaIYZPmB5AGckjPfkA1FpenX73stmBMXVVkbaQ4bYATnnA4BIOc84HYnoxdHDYinJKbklyvSUU1tsrau79Hfpd2Si1vfS1m5R1S5VZ32StfRNPddE/qzRoPD+uzPK6RR31wZI5liCIYgclJQ2BkEYLDOOflJHA4XxrpLaOPt+jzSCOz8yO5DyDDFGyZIk3bWDknoOMegzVnwfaWd1oeoXUd15Oo4+ypE7tGYpRgJJkHO1mCjPIySM5zXDfatRklvNN1G7f8AceaIll+ZZ5MMHCN93bgYD9OMZw1fL4GhUWOqRWInKlTetOUnKNrre+q2SWmhSfLGLbaurqSd0nfayd29NO7voxuhePtSn1ayht3kjiuRHasGXaqbnRNwJI+bcdwGcdSTjOfq74oLa21p4ZXTxHLcnRt2rXSSh5HljCcS/MecDbtJGAeMECvlnwzp+lWOo2t9dvB5SrlLV2BVJN4BkLZzwSZFzwSPlHTPU67reoRaw5S5M+mztEyPu/dsuBGwYbtzHBO7IUYwCT26M1w9OrVpyp021Ti3Kyesmo2b3XKkm7O13pdm1GqoQkm1ab+JWteVm/LWy10s79z3aQWnir4eTuYYYLq0COcblYJFiPbGQOQ65yMqAeuRkn56up5tK+1vAjPZ78CeQnZG4UkhcYw45B6FiuMjGD9H6ZrWiQ+D4raMottguWiyGmDL88b8dFYnGQBjHcAjyzX/AA9bav4eMOmyPB9plmfdIAUEo3BYwo7ngZOOcYPIx8blOL+r4nEUcVCapSxSUZSg+Xld1o5K1k2rprX7iKsFUUVFq/u3ejfTa7s9LfjfoeRxfETULfdcWEs7kqsUchJ8tJxwDgjGQBgFQCORnlhXd+G/E/jXxPYXMVtBC0Ugke8mkUEkqNrCM5UlhuztGBkgjjFcf4X8JTWFvqljrFnvhEREBlBVknlYfvVH8QGCQQDgckV7DDp/9habpKaVbm1t0j2z3cbsLaeZlYlXYH7zYwT/AA9DgjA9rNcVl1G1PD0ISrTklGqkktVCT3W9nsmmk7dGc31edOK5eZq+ul73aV9VZrV3aaVrrucppzW/gfVIZbyyTUp7yMM80kZWKPzWBQjAJEqNkAHOc816fb+LtRS4e+aNFhnC272k0YA8iRcBzheR0YEkkHBBGFB57fp+r2NzbX0MUlwj/aBOrjfGB8xjRj9Pl54GPQVl30k13prXlhK8Elmv2dYJiGaRVGDIC2N+AvB4PfHHHztWLx86ftKbdRPkcppyhFNpRcVtFNq6SsrLroXBuF23eMV7qSV9Wu3XRt62136vuH8Qy6VFdtDOLgXLpEXRcxpG2WMEmOBwSqt9ASc4rlNbudJmsvtaB4HhVopbZMYDty8+/jkjJBPoM89eB07xbJayJbXcQliulYzJMoA8wH5XTGc/7OAADwSBjHR67eQP4RuJTDEFkJ2sjbZskrjdnkx4AVTngnJFa0sonh8VR/dJc04KTppuMleOsle172d09Umla4Squ2y03Su0/hv189XtvdHH3F/DPcTHT3uJ7aODErE8BsFstu6tngkAjaOMFjnw2/1Oa7vp3nM0c6uflUFQYoXypBA5zgcAhSR9Qe/0DWbW1vpYrsutuUYFM/K5ZSqKxC4I/ug8AnBwMmuW1SARajJqDQS/YygQblGAXfhHPQsyk4PfH1z+k5ZBYefsp01yuNk7K32U9XZ66/rc5ZKTqN30TafVW93Z3bi+zb6Lctabr8F7LbT3KECArAbc5kX5Ojbzkgn/AHeBjBwc16W3jHS7CBbhH2+bAUWKNv3byKCFDoRhSMA9eQOBwQeLXQdAfTDdaZdBbx1WZ0UAYXkyLImCu5ScMVJ5AxjOa52XS7K8urBI9RRPNkSMq42RqW+Ulhuxjd/Fg9PQbqrE4XDYufNV5lGGrTTsrWbutL6NvdPfe9wp83NG1RJ21bur25e3a97tXfRO6Pcfg5rd+vixNRSfdpokFxcRE4i3ByQrLk98gE4JB455r6H+LfxUa5gFjbxv5EquIXmTesLmPaXQ8np02jOO3Ar5s0FLXwLaX0Xn291LNIqhk+8TJggL8xzEuRz6jnGQA/UdQleADU5jJYSMJEdGUmJnIO1H69CoIyMgdcAivz7Mspo4vOaWYexlOFBKNNNOLko7tdej0vqvkzqdapCDgm3e0rptvV7atOKs7a7NX6aJo+r6prM0elC3+2sjOxdFBZACck9Dt5yQc/kMn6c8DLpHhO1nmnaDVbm4jEstvOuEtcAkopOSxVi6jBLEjjrXgVhqmgWOkSf8I+d2psNonTAlc7RvLEgYO3O4Bmzz3+WsCbxTqsdzZwztMUlKnfGxVGYHG1sEDJ6NnLE9sEkcWaZZWzdLD0IPDUYuKacUqk+VJJX6RdtL3u277NHNRq+yb72VmnvblVm9ttG3urq63Po/xD43sNaNzZfZYYrUNG7Og2SKwAUYfG7C8LjIAHFcEuo2uXifLQozOqxcDd91XDsTu5wSpIHUYrzKXXlu57yaXdbqUVHVG+RmU4LnA45xwvJOc5xg6tprUNpafZmEbxSBJvPYkurg8BQB06cd8njArmo5FLB01ShGVTlSvGSvJN8qbUn7y6WvfdprqP6zzTXLZO2qad3drqrOKsn11/P0P/hIV0m0lVDLMlwzGdGXekO7lGC8YODnPUcHHQ12fg34YeCfiXHDFZXp0zXpHQSWbQri/llbiRE7jJJwoJxng53V5ymvW11bxSJa27XM0exbbauJ1QY3EELg7QTgDjjPau6+Fni+Dw34rsvF8ltFBLo8kRFiCvl3Cow3hQV4ZQCFJBOckdBXtZJio5VW550p0rNKorTSteN5PZPZJdU9Vd6BKbd+VpJ2i94pJ2V9Pva1XvX63O38SfCy4+GOvW63OrxPodpGkeqWlxbmNUMg+UFGUDaG5RgCMc8AHH6mf8EU72K1/ay0qayktG0i58U2sthNDgKszqU2u2Tj5WbAI59Dw1fmT8fvi3d/Eq9+0aRYBbTUbWJ3tZkRp5JI8IWZjg7M7tgPJGDkDJTr/wBhP9pHTP2bfiZp3jDW7LUILfRdbttXFlbMVa8+yuDLD82CAUDclcHj5d2M/rvDGdYKWJp1p1YwhUp1Yu8lG3PHkSd01ypu77Wv5H2XAuJw+B4iwdXF1KdGjOniKUqk20oSq0J0o80n7qhzST3TV72d0z+y/wD4L+6veR/s56PZzi3mgu/tWlpcfKNskkazBFYEFRtGOuSTz7fwt/s2+M4fCPxXt45mWNb2+ayLBiFjJcgMxAAGM/dbr83XJr9i/wDgoP8A8Fd/Av7VugX3goWmq6f4UthHq+j/AGydXuYtSNsUeN1DNiNHJXJILLwRuxX88lhqjf8ACS6ff6ROouJ9QWdfLcF0kMu6M5BJVipweR95sn1+uxOMwcMJh8PSxEalSE6rlKN5RtOSlZe7GLi220+q1vse9xhiMGqWWYLC4mGJlhKdWFSdKXPC9WftNG0ktZaO7W2uln++/inWHuTbrAxfMZZXzw42A5OT16BunXueT8aftIa0YdM8IQsVDyakSQONj7jyCTkc8deuCAGANcXqXxz8V6baaKt+kZt1toxJO/CyyRx/Om85y42jI53ckZOK8e+L3xRtvG+m+FXghkia0vT5khIKGdpQjIHzgZ+8DnIznkjhYWrTjTcm4vmSUea138Cte6W276b9Vf5KjUaqRtJ3la11rK7gmtG1Fe7fVrR7bX++fhQ4k09pRvdv+EdZpQp5Km3c44Kn0z25xkDNeMfC945PFmoYJ3qt8eAfmUzPjgHDEHGecknOCDk+rfCia3stEt2ed1kvvD7L8pPy7LR94wemCR9c/wAXJr5m8DeMbbQ/FmozSLJPG/2yFfLUs6sJ3+Y8E9CT8u32C816cnGEqEpJJNp6200j926vppflaHmFP2kakUk3yJbq93y9N10eit37n3DbgKqZIJYDGcj5ewYqMEHd7fMWPGcG6J5EJCq3yqArZYEkEhiOhU9wSQx9+BXhKfFawCR5guiHBOGVgV9WAbORx22qP0q/H8T7Ro5JHs77hchkRiHGeCD0z05zjHGDyK9OnVhraceVWvZ2/laSd1dqV10dtmj4epgK8Ze7FWvo1qk7xav0urPpZWdmmrHuMGpFW2SFwycB2YnBPU49R0z0JxXmXxK+GWmeO9Pa9tBHb67bBjbXEa7PtbKvMU2MZLYwSec4CnseFuvjLYWmN2m6gfl3JJsbDnk/NlSCAScHOAeuOCVtPj3p7xZaxuomjYZLQZBG/Jbd2yDkr/FggjtU1ZxnGSTi0t+620e/Rt+ui2be2GoY3DThUhFRadrJJaNx0e6tru03tbW54X4S8M+OtF8Uy21hEbG5sZkbULaaV4YLiBGy5G7Cs21c8NklgAPT13UfjT4O02Brw61CwhnezvtOsTvu4LmD/WON+GK5GAyrtHHTkDR8SePdI8U6Ze/2XazJrRtJpLe72+RhShyrsMEknIxg9cAcV+SfxL1a80vxVdm2jlsHgmMlxGY3zJOzHe5Z8b1c5JyCxGM46D8+zerjKFflpe9TbSVldW069e0lZdLNI+jjiJ1Iqc4a+7zKzdpaXcX2a3v01T2t9q+NtI0346THVNDa/Mli379JrdUlntmIwWdirOPWRSSB0GRmvDvEf7Nsula7PY6xq9lp9m+kvqW/zEkbJQtDAm5sB2OUYnBBJGD34/4cfGTXNP1/w7OdTlNkk8Vrc2tumwPDJIo8ogY8wkk7RjIPvXoX7SXiefVPFUKLcXNkZUtZzEFMebXamwYyM/MTngknjgmvElCnOm69SkoV5TipPWLe3vauybTaXyunuZNU5Ql7qk1o9LXu1ondrZd21bU8Ot/A48SX03h7SNNeafw3DLJdPagGSeIqC0srLwnAGSpOB90k17Svwf8Ahnpvw/tP7X8S21v4o1VJJbO2WJBcxzr9zT7hT1RtuNzYIJJxjkeG+DviJL4JuvEWpxpMlzqMRtbl1b55YsFVZA2TktyQOQpJIJ4rz7xJ46n13Vo7iRnRS6nJlZzBk9VHG0sOWAxhuhyK0hVpqm4xp3q8rV2mlFXVne3bdaXfkZRl7OMbXu9LyevK5JRWivpHe902tLrfsEXXbBtW8H2UEsGk3BV7yGEqLa6aNAeCSF3HOcgljkjOBzgeMdKZdCsLrT9PtbO1gZba4j8wNPJOwOZJFyNrcZzjjHI545+38W6lYXM265kuYpyqb3I3/eCqUYncpUbcnBGPlBPFdp4b1/QI5dXsfFdpLeW9/aSvBKCcw3JQmOUhQFXBwCwGRwcg5I4ozr06iUoWhdXbe+iv0ldOzSeis772vDjz++9HzL+WNrK1lpJNtddFe+x4GZZEnkWYCRIcgLu5U7myQN3PUgH8iKu2Fxs1BCplaIFVlTOHCMSCz/NwFJBxyMDnOcj6x+BPh/4GeI9Ql0Lx3NcWGp39zKdN1MsrQPHhlhgckkK8r4TeeVUnbVL9oT9ne8+HGsT63olpNB4WntYZUneRXeJrhNyujLlXgkBBRwxIzyASBXtRw9SpR9pFU2opc2qcoXtrZ999t9021ZWguWN053i1Fd1ZNuT3dk76a6rYx9Dm+GOp+HibgahD43s4JYbERRomnXMjPhBIqsVH7sEM+SQ2OmRXndzcWv2abS5VKXdveeYk0WSynfkxu5yUVSQOu3DHJziuI8P3F0jPZxNGJ0BdLhiu4bRuABx1yB0+783HPM51GaK5n+2BjI6kSNjBYsc5PX5TglWySB8o5wR5NZSlUjHm91JLVLZ2s01a1n6W+Wszk3BRlG13Zp7J2Tsno1bRp7Wsr7X/AGP/AGX/ABH+zzqnwuv5PiVqtrpvi3w6kK/bryYR3ktmCCh0ogFzLEACUJAJ43V8mftN+LNH1XxLM3hPWrvxNoYnVdM1aUhWktSDi3mVSVyoIA3c4HPYH4ft9XuUlltLN3McqAlXLYIxnI6YK9MEkKMHoTXWaT4hunt0tWiiZUcqbZiCHkyAGT3PrjHIwAeBWMdaWFpw5Fyx1k1Zc1mlq9Iv3bWba1TWu46kpygk5cqSS5Ve7lFwu03ZbJNNW2tqtT6//ZS1rVD46k0vS5F00XdqEukQLl9hXLqgGXcdWUEkqOB3r9Rrd9VuLqa1mLXD2+0yTKhVZUX7sgOAcMCcqenK4BHP4x/C3x1bfDTxppHjSa3aaWxuALrTkbymeCQFTIrchiVPXBA9Cev27ZftixxXt3qOm2cV5ot1d24lspTuvLW1YgzkuAHwMllBO04znJIPq5BnNDL1KlUUoqU+ZJ6JJ2d7bXW763RMqilTcHe6u23azWlnbSO907Lpdn3I8N0u3yw6jI4VjtbI4y+ODnJwRxzxzgTyHUVVViYhZFxtBypYYypfkFuxII7dQTmHwz4q03xd4f0vXdOXy9L1RRLA0rKXG5R8jNg9GDgA56YPAIOsdY0W0cQ6hqFtZbI3uXMtzEpCoMkqpYFV5BPBHrnPP6PUxlOOHjW9105QU+ZtK9+WSacrWVm9rX00ttzQ5ZcrUeVtpaWTT0te9ndXbSW9krWWkUS3TgPcxkxFVTaST8yluewJJI6nB4xSzRRL8rqZI8BcYYMm4HOcDBHGMkE7uMDg1ieF/i18L9cmv7Wx8W2X2uxvBayxXUyKJpix4jLMAQSMnoPu84Ax2FzrHhe7lW2bX9LW6kkES2qXcDS+YPuqNjEurAg4yefXNePDOMJNyjTqwkm9LSW+mmsrfyq70Vr9TeNGa1UrPTV2S5bq6srLe90t3bXcxlsLXzEMUgdcBTGVIGSQcscZJXdwMYPGTnJoe3SEFvMVSCEWMZG4E5yG4bOBwDnDZI44ron01ctEjySAKHZ1ABAJGQRkbgBgqyjBGcAZyLa6fv2JGonhAP3xhlPA+YNwQOvXGMg7j0l14VI3Uk27aJ3e6fRLpfulotU+VelSqypppq65Uu9vLRp9e7Vt1bbjBGcxrFHP5iqT5QP3uSd4IIJGfoWzz3wS6FcOnzwh0kHmEumWRskptJB5B6k8txnnOO9hs0RhI0UIK5TzFPzE44UZGehPbnt2q4FUFkcdzzkjaRyBgA4BAPIHOc4PBrjr04VXZxclZ3va1nytPbW2+2mrVrO3TQxLjyqV1ayST0+ylzXT2fddFbrbwPXPhxZXDNcwgw37hHhubWLyrhXX5hlk2ZyT2zkHAz1Pt/wr8Xa74Tm0yw8To2pacdsUV7IpaaBQcASZycDGW77RlSea1I9OZ8AMzBgPnVSyJydq9ThiCPmA5A56c9Tp+gTyNGk4iBAUBZEUkxEEcEDluMcc44Pv87icBTUKk6bcZWs0nrq1v6uz1X82p7OGxUOdc0VK1mt2nte9kr67eV+x9XaPqGkXEMeo2VwLqzZMNFApYJLIuRuXB6ZIwVO0jnnJr8dvjT+2Z8bv2ffj74hh0nVdQuPDqyf6HpOoWzfY3t5SdzwKVMbGMdSrFsgZwoAH6x/D3w69ncCWG4+zIiecbWRf3Ex29SuQBkjjaCMEHAwRXl37Uv7N3hP48+CNRs7nQbfSvFOnQy3uj6/DG0TSS7SRFJKi7miZwMKxK89AeR+ZZxiXgMRfEWdJ3V/fvdcq5tLpJavVN2W17H1dLBVMdg3UwMvZ1oXnFx3k0o+6mtlfTW6vY5v9kf8A4KRaN8TdTm8MfEae30S+uXtjpeoQSLDC00zIpjlDMiq2cBi2OMtk4Ar3341/t8eCPCGoeNvBJ06w1298O2dk3mPdws11FcbD/oLxMwaSJG3kg5DjGO9fy6+J/hT8SfhF4i1bTb2KTTtRt32xSNJLCbhBLiG6tWKqcEAEYP3skE5AryeXWPFD6zc3viPUdUGoOwAkvJZi9wqEbd0jFvMXYAFGSAOhOK8qtllPMlKdKvGUKkbxh9p3UXZN2025bL1Z4sOLsyyyH1epSl7eE3GU5Oz00s07Xto/lrvd/wBafwr+K3g3xhLpvxU8Natatoug2MM+t2txceRcrJMR5lsH3AGaFyAvP3QWYkcVw/7SHwI+B/7b/hrVdR8PG0t/HWkG5m0/X7FI0u47uOMmGz1RgAbi1lYBRI5ONxIznFfiT+zn+1GfDGha/wCBtX0iO48Oa+rR6lcAMJLeTYYkuICnKswxkA4yQ2a3fB37Ufib4d+Krux8LaxeaVoszXEL3ETSSCa23sYkuEfG5gpADHPHGelfLrKMfhK/+zylQqwmnSkm7VIq3uu7XMujeqaeqPpqHGWX4/BwpZjQhiKVWHLVTi24OXLG8VpZre/dux8keOPAHi34M+Kte8E+ONIvdO1XTpnW3DbzBNGr4intpmUxvFMqhgEYgZC46Y8p0/V769vJMCQ3Hm4hYFhIGBPyKowWGMktjnGVJ5B+8P2jP2lfDfx90LSNA1zQoYPFnhmeRofF0Eiwy39sUJEU6jazhmAyWJ29hyCPhDTEjhvU1D7Q0U1pdMCAhwwDD95gfeDDv3zgcdPucLUlVwqnXpSp13Dlmkvik7c7i7bNydn30v1PyvOcPgqeKqSwFTnw8nKVPnSjJRdvdk+jjd6rdarQ+rfBvxL8SfC/SIvFHhPUfs3iKyRla5ti0F/Y3LEbXieP5ioIJdcjd6Yrn9S/aH8Q/EPxfDq/xN1CTxFe3KKlxfTjdcI68IJ92SyBcIw5JzknJ48V1vx5DcRGwtoPss4O24uggEc4YjbIynGQR16cFSTwTXAXhsnkmu4JGN0se5xE5wJM535JwFOBgAcDPOOBjTyylXTVaEuab9yaTvHa9lbVvRXV0r9Voec8biIUY0lUm6acfd/5d8yacmk3eTWzvotWj2PxlrWljUbq70O6S0snljka2iODFcE7sxng7M9ARjAOODz1PhD4kX2matFqWpXo1MW9vF9hF3lkBQ5EZLZBGR0J475GK+T7g6vJNFOm66aVTuRCz/Kc9RjkcfMSpIyeMk52YtYvYNNkieRDJAhG1hh42yQVTGcDIxnjA7Ebc9M8lo1KCp3VR8rjd3bjGyT6pt2sltbtucyxNeFpU5O973Tneyv0vyu91aydvnp+h/ij9qPxv4z0Ofw/qGuSHw3DBsTRjO0kFg4AXFpGGxGSF+UrgA56nOPmW5j0ZnOopGbxprhZLdC2biN8ncCCckcFiMEA9R1FfO41y6hhWU3LqbnKsqAKdwOBvBGD0ORjoMk5r1DwPa3OvSwCO4NrLaBrszyJvWUR8lIlG7LnkAYwRjPBryo8OUsrpyqUF7NJKTSteTvG2nezS1961+u69riMZiKcsRUlNqMIe9LmcYucX7qd0nyu6T2at2v+rngj/gnD4t+NH7O998YbG/Ph1WE0+g2uqXEUEGsi2TdOySvIvkIP4N4DSYyByAfym+KPwk8Q/DqfMywXFofOjlvIJFmiS6gcpLDHKpYsVcMdxx8xAG7k19a+JP21fijpfw60v4R6Trmp2vhgKkd3a/apIFgmTKl0t0I8pMEnCgD86+SL/wAXXl1o2qWer3t3qluxmlgjeQyeW0/zNKgLE59TkcADrmsOGMPxNQxeJrZjKj9SrVr4egr88KatZymrK7i0+Wy1Wrdz63NJZIsNh6OBw9T6xGEfrFdzajUlyRduV3ve7d72urdExfgpo8/inxPYactrb3OoNPDb2CaiQIbu4nlCxW8gYldjOPLJbqCQDjcK/qp8L/tR+MfgX8Fvh18Lfjb+zb4s8JRaNHbX+keIfh3C93oV7YEIWnlis1YwtLEBLIFyHLEEV/LB+zVq9rafFPws+qGJLGDWtOeIyuBtlW4BiMhwDjHBBwBnJOMZ/vn+HWq6f4p+HHhDUbyxsngPh+zigt722hvIJoFgjVinmK4KsBxyOOCBivxD6S3E2G4ejlFPMcu+vZfWU5OMKtTD1YyXKpyp1aKcYy5WnFThJSk0rKx/QH0fcolmMc0lhMZ9UxVL2ajJ06dSM6d72nGS5mlbS0knfZvRfHHif9oT9gP9qD4aSfDTU/EWkeH4tYQDWvDviJ20y8W+li8tbnbcpGsd2k53s6lcngt1J/l1/aw/YV1L4RePdRtfCDQeIvAWoXcuoaPr+hX8GpQx6TcSMbdLn7JJMFKKeSwDAAEkkDH9anxp/Yi/Zm+ONhdz6z8N9P03WbmJs6p4fiXR7pZyciZXtthZlbDbSxyy9+/5RfGb/glB458E2FxqnwT+Lfip9PNuzXPh3WWe7t7WBMkIgkkkaRYwGGMAtg4B4FfL+C3itwTlE3hcFneZZdTxk4OeX5zy18LGpKUY3w+JpWSk9E3OlFtOz2u/sfE3w7z3Nozr18vw2OnRjzU8bgv3dflurqpSatLRfZk106WP5lPG/hw+GMabqEE0c8DobS58uSLzkI+VfmC8nr25JI55PmtvqtxH9ojZw9u+5jFITIyZzlgpz83909eDgjFfo7+0r+z98YdKmh0jxVc+Hdeu7a2aSwu9OYWl6rRn/V3UMiI7ynHyg5HY9q/OvXvh/wCMdCR5dS0TUbNmDli1tIyOFLAtG6KUbkdAQOMnq2f7syvH4DNMNTxNDEUa0KiU1OnLmhJOMfeTdr/dqreZ/IuYZTisuxNShiKNalKnKScZwaa1StJJbxt5XS07lAeJXs5w6MkkewxlCuxVjxyN3GHHbbnJ9eM2JPFIlsZrcs5inBURgny4mONrBTwSOeWPHQA1w7wzBP3iyYz+8DQkOG5BIyuQwI788HpkGtPR7Bbi7s7RzKiXUyxiTY2xAx4YggAkH6445r05UMNG0mqelnzbJaRfa1u79XZKx5fsru3vNtp2b3vZW12u7J/PbdX7DXL3TJZY0vHkDxhUiZmIdTyF2ngcHGQQeg55x0Wm+P8AUhPbW2oyG5sbbKG2YldqyHDBWJ6YbIwAfc5Jq74s+F+seHbe31C1b+1LWdN5ljUiSMqScbc4IVQSedpwQGyuT5bMksUuZYtsisoBGc5bkfKSoO7OTjnIGQc85+wweLipJU52aSaSunHlerVrWstn6DnTcP3cuZNJO32lazVtGlZ2SW1tT7i+BXxV0TwP4hQRPFANduliVpUQQ2W50BLSMdwTG7ucjJZjjNfrjpPxC0HUbW1htr+3F0VibdbsHhfzFGWzjaF68gYXPOTjP86ejHddBLpV3pEZImkIHJAIL4PyqM8NxgjJIHX27wX8U/GnhXU4Yk1Ey2ioYYY3LvAsRJJUuCzZTsw7AnOMivruHuJZ5BB0GnOg2rdbbSkrPRKTd3rv00Z5WJwiqq8Xyte6urWqbu+r1dvelfSy2P2u8XfE/RvDubS9mKiSIMsvmbo0D/K0jFTgIOCSeo4PU4828R6/pnjfw3qdvpGpR3XmWcoW4t5VZmkCMdkqo2QVJwCFOQRkgV+Zfjb4o+IvEsUaLLITHGYrmMSFhJD1Lk5yMgHA5wcAdhWJ4N+IGt6NG8emX81q7iRHhSUujxnJZyjsPmyBx3HJ9a9Wt4j1a86tKpRUsNNOCtZSipxirt9bWtdtNdbK5yf2e/dbbclq735Unay6tpSejb3bT89fxNeeL9N1aWys0ubG4tZgX2tIsjxx7ikwbIDKFOSAxGDnPGa9O+FnxU8a+HdRt77ULx0tjOsd3Dgu9zbMwDTgcg4XqQM85PU552P4kyeILE2GpaRb3GoWZMi6iFC3U8I6qzIMlduRhj7EnmsXxNqejXFtY6j4bEllcWcLrc20rsUeTALrGM4bcc4BPtgc18rTzenQxDxdHEzS54zUW3Fu0k+W3VJuz+VlslcoRlBR1Umkm4p8t/dTS21jdp9E0tbtJfplpnxP0zUoPtVpd25t5/JKrLIEfeVO4RKcYIz90+pBwK7GTxBE1qspkRkY4ZFYHPBO5icgEjgEdfbFfiwPibqyW0FpfeapsZ1mt/sxaOTCuCVlC43KoGeG28ccZNfXPwy+ME/jdv7NurVrc2Vqgkmgnws0Cx4MrLkZdSS+BlySCDj5a+/y/jPD5hTWHrRcKsoqEZO75nbZpxdutm3bXoebLD1cM+dOUo3Xu2k0tb31TtFW3u0Zf7RWqi6+JHw/WNxIsV8hR1IYDMijquQMZGB368AUz9qa5ll8G6CWLPKL2JclTt27BgYHB+UnHcj3xXk/xT1pZ/iP4ZSCRphp17bbTIcLteQ4XacHdgDkDqDnJ6+rftGapbXXgrQx5sBuBfW7zRbwzoAiclVJwrKQVGACMHPFfH51Wpt4iTSk1OLT0vZcqdmraq3fbZPY+qy6qvq85tqK5Va+t7cq3vZvqlvboeI/Ci++zWVplip8xwQSQpOTnGRjq3A5yODgjI+ptOv4540jLKgY5Py9c/xdPlyeg7Ae1fHvg24VHhEcqG3WdhHGQVGW5JOcYxnr9R6V9JaTcymFEU7ZMFsZJOD0IO30wMHtnpXzaxEZpNOzSt3v8K1fb3enr0PRwclJ6Nav1u1ZWtdXvfTV63Vrqx3OqXMCWNzGJ2ido2jLE5BVlKnnpjJ/A1+enjaylt9UaSxLJEJLxXnaUnbKCWbyhkL8xI49xn1H3BrsjyaZcIPLifbty5yWzxuHJB4IIwTgnsRx8ReKIr17W4mVd9ta6hcwySsB/rZvl29TjoDn7uevO4U6dW17JNuSjdp6ptN2Td7621u3rvojtqRkqml3Hl5ny31vy7q6vtvvto+ntnwnvLkWVjCxO9ofmfJIZSRnPJ+91PJPTFfTdtqAj8vy0RldAGRckbgT1ByuQTuyc5r5I+GsjraWUwZ1YRBAm4kADgkHPGcDGPYHIr3yyv2WaMJ5mxlxjPQFjuBPTIGOcevbgehK0lBOyXuWd7cqvG91bW9rddr6O1/MotwcnFOyfV6NOzvpppotunnc9diu4xEAGYF24JyOoGQMDPDZAOAcehGB5z4omZPNUBWLKwCBTl8855B55yCR2yv+1vRXZkiVlJVQOAOCSOxbvj+E/QZ4GeJ8QzyAvKjMzqrBiexYsAC3UjkYI6YPPBzzypQg1JO9rNK/W+9/N29dFZNpLtlXnVgo3dr7tNPaLdttevnZrWx8s+Oix8UQM8K3AS3LKjoMIcHqevGc9QWGMGn+EVhh8Q3BG3MkEJZ+qqdynGPugAHqeeOMmsnx5qUk3ilkljKiK1XEibsEsvJOOG4O1u5zyTnIf4Yc2urylyWaS0hdhliASQV254OOvXJ4GPTpgpScUlaLW99trXW9m33XW255suW7k2nZrfVq1mrvR93fpp6n214QuW2nywGVgqs3Vcd8A5x9BjbyfSvfPD08igbiqhFCu4JJUZAXIzgZOMkEEYAAHOPl3whqItoQrOSCiOM5XAOMHGcDOVzkZGQDjmvc9DvpDtXdtWYBmYMCmc5ztwDyAB1yOq/wgYVack3e73vbvf8AFprfve57GHnBxg3LlUXdW1ad46bdNO99tL3PZpr1yUDspLRjDg8Iq55OBkAkYOOoG3g5zzmtXEz2V2r/AC7oZW3ZA3KqkADHUHk4J9uRjOdJqDL0JbbCFRd3DgjGRjt1/DHqaxNT1AG0lDuApTacvjyyFOVGdvQgHB4PQeoVPDp68t9Y3S06pN2T1Vlq976dms8biNHFWVlpeya2s3rZve6dreTdz87/ABxdySa3dRGNgHu7mMIQG+ZpGIZSSCN2CBzyvBwcEfTfwkZbbw9GN53COI4QgMDt3Yc4weeuQQRk/NXy/wCPdia/qk/nAPFch4UGS2x2AdsjJYHJOQCCMdMGvo74Uox0hfJYu5SB97k4KlQSoGBuyBxjoORxXsOnHkS2Vk/lZK2t7t2s9u1z5jC1ZyrSg07pt63tZpWfXVpN7K13vs/alnZvNaQYLnA5UMrDuNp6nB7Y+bnpmpbjzJEQ5CbVJTgncQcZY4HJGcH9cYzVtlErOzYDK2VDIccDnACnjPU/Qk8ZrSY5DAZ+QZJzuGGIBBXJ5GDgkMQVPIxk80qMWkk1fS6aX+T3/PR7a+jGVRS5m2rWUWnfa3rpdddl23PHvH7qdJv0aN3c27RtnJALDBYjnAGOOw57c18U2ltLa6rNEmE8zzIyYyMhEO4OwHY5wfYDjOc/cfjx4otKvyFJYQSO7lcgjGQG4wOOQDk9cE18XTHbqkt3bMHaaBnxjKgtuDADg59ARkDjHWssPFQVX7N2trp621dtXZ2vtrv1N685v2N7NJLVLVa3v1TWiXWzfkfoT4F/ZU+HPg9or3Wkm8QXsO1t97gWpfO5QYnOCORk4xgYPTn3ZtV0XQoUsdEso4Y4xsjt9PiWJF4wvzqF45GSOhIyRgVgahqkl26PfzszBifssLFVXODtO3AbI3dTkDODkZNL7WJFdYWWHPzKiYG1iOrMwyMKuS3J5OR6/tuBySlTUXKCgkouyj35XZt6v/wLW66an5Rj+IEm1Tnzyta7a0aSvytN66NtL08zZl1/UrzKT/6HEQ4eOMKZ2A/vHghmU88845GAM1YbuONT5ACSIDh2JeUud3JHbIx16YHO2sK51PTrGMebJHJPIpG5ZQdmeWdjuwGGGO4HcAACSc1w+teNvsiJDpaeZPMMedt+VgC2TtIPAyBn5Rjpmvb/ANkwkY3cIctpKz1bsktVbra+1nqfKVK2Ox82o881LTdpJNLrdXWnk1tuetXGqQW9lH9rnSJjkyPNIA2GbOFjxjJPGcqM47EV5PrnjeOGYR6aHuVSQkF/lhUKCNwXJDEEFlGTnABBya8e8TeOtPs1+0a3qgjaPLyo8oOcDOxY8jaAcgDAI/GvnTxf8e1kEtl4ctwwQGMXEgxt4bJRQCRn5gDkEk8nvXj5hxJhcMpcs1zdIp3bdo3VlfTXV7W3toe1lvCmJxijKsvdfLdvSN01d3esrPs3q7a6n1Hq/jU7GvNd1WGxgQFhEkiK7AFiSwBVlYjjIAPO3PXPzt4s+PGn2Ylg8PxieQu4+0ykMCwzgISSWx0yOM4POa+a7nUvE/i28EZkvdQuZXCpbxCWTDMcALGm4Dk8ZOB8pyDnHv8A8Pv2TvHficQ6n4j8nwpohVZJbzVnWGUxcsTFC5ByVBwDt5wDzkH4vGcUYzF3p4e9OO3O21J3st/Jenb1+4wXDGBwcYurao4pO0klC6tdWVnK2qV/VWujxXWPG/ifxTNsmurpvOYAW1v5h3bjxiJMk8nAGARz+Prfw5/Zp+I/jwx30mnvoejPtaXUtXBgUpxlkWXDAnk8gkjJwMmvo6Cb9nv4DoY9Pto/HPiqBAWu5VS4t0nUEFkDFljCkDBHHG4c815D45/aV8f+NWOlaTK2j2EpEVvpulRk3EiONqjbAuWJGAAq5weCcGvEbqVpKeIqTqSve125Nuyura3d9W15JdvdjKlRVqMIxila6SiktNopba9W+lrbnt9n8PvgB8D4VvfFWqQ+MvEUSZFqHSa3WdQDtES5SRQ/AYkEHHb5a8v8c/tVeJNRil0jwTZW/hrR1zBAlpEsdxIrDCiNIwGD89BnoR2FaPwo/Y5+NnxidNVv7OTwvoErLLNr/iRnjeSMgMzW0MuZGfByqleWAB46fpl8H/2Lfg98MZre+vdPPxF8RQqsj6hq8R/suGZFBZorRiY32sAUYjcSCeeFrvw+Cr1bKFL2UG4pyknzNNJuy3TSvbe9lot35+JzOnScuap7SSSsou8VtpaP57PpbU/Kj4bfs6/HT49X6ahHpeqRaXPJuuPEniFp7eziRjksiy7SwAJb5VIO3jk4r9R/g/8AsL/B/wCHK2Wp+L1k+InihNjeROoXSLeYEFgIVLLMkbH5WYA4IyOtfclppTm2SEeVaWUQCJp9hElvBBEoUKoEaoAF4AHPRh6muisdEhSJZIgpRgfuDLKvQEN6nqQcHrxX0WEyenBp+zlUnZNzqe9vbbdJ67bLXS54GLzhzTinKEXfRX8uurtq+1t9VdHP2GkW9pax2NhbW2haREEjt9K0uFLWFEHRX8sKW4wCrHJ785roo9OACxQwrAqgFW8v5izdVLHqDng5JO7HXIrYttIlLKuD5IUbXYZJfPLdD0GST2IOMmuqtrBI2HmHzMArucEYPcjHUjG7GRweSc172HyzSPTolHWy00vrqlpZW2+7wKmYxd3FpuKv8Wt3bey1e19GmzlItK3qkVzGpG3eySoJA/bGCCOc8Zz6CsvUfh54V15cXGjxBjhWlto1gkBXjqgBHHIyADjHSvSBGmQseAoQYZyTk45VeTwPbGBnBNWUhEYUIFUMQCAflBOARwuOSRnPQZOCa9KGWxi2nCLuk1dL3dr2ej9bN/e9Od5q4qPvWejbTdk/dVtt101afTs/An+B0FtI1z4c13UdKnEjBUaZ/LbgsBkHAHGc474z/DUo1j4qeAwWvFGs6ZGAWnOZ22YBLMwGcgDnAI7c5r6EMQtYzJKwECKXZi6qoIIPLOoGRu4z1IxnnFeU+Jfi14X0USaVAW1rVZd6R6bZILsu7ZwskgBWMepJBGBjOa0lhfZQfJJ05WVnstLacuur9LPfdHRSx8sS1B0lVTST5o2a1Vte1td0n3KGkftGeGZnMOuRPZSwnEk0QYKuOMsjhSMMDkhOvY5GbOu/tFeCdNiAsNQuNRvGQyQ2tnA9zLK78IvyqcDpu9MZ9cfO/iT4feJfiU7zX+naX4MsZCShtXUarMm45aVVwf3gPIPPHHQGs/Tvgn40+HcsWq+BpotdWMbrmHVoUluJd3Mi2zSFmUgKcHoMnkkEVx08RmCmoKClT61ErSStG/RNu2uq7G1TLctny1ZycKlv4aklG+js5Jfmn5t6I9gfxL8WfiRHI0KJ4L0OU+WLmUM2qSwtyHSM425XkHd8vKt041NH+Heg6LKLy8in13VlcFtU1WRriTLE5eNJflQA5ITbhRyCc1oeBPiPouuSHSdch/sbxDCfLuLS9YwRyMuFPk7lAPzZxgYPb29ibR7e6OQ3AU7MfKCXGRgjIOQRhsZPA5r16NOFSKnKfPLre/uy93eKWl+7328zzqtdYSoqfs1TjpZpXi00rtu+qel9vO274GaW3TZHuEmEGwAjGRn5doIwAAAcBhyNpPOUKyysqbD5apyyjcUwCVBJIBUse+ME4Fb82gLDLuyflypGMjLMxZWOMbh0XpnA3c5xpWNhAse9gNm8ZR88gdWbuwOOATgDHbg9dLD3XM1fyel3p3d3a/56aa8GIx8OZwgtXFNSvvdqytbXWy21vZK6OYt7WSaQRyqxUgsqg5yOAgKgAkcfNn3/AIiM91pFjbQRoZJg4AYeSAVO4gYYnAGVOMkDJx2rPaOxgLyJIoKMAMZDKuCSBj7pORweTx1GQci712KJi8LjEeVABCuw5GWOOMZ7HJ6cV306dOmtLO+nVNNpadE21vppdep5UpVastWra6bfElvtr69tLs7+e4ggRFiKZIBc5ztxyMlhgOOR1GdvJUZrBvtZaMMI2UEoQQh+VSc8kjqccj8eua8/n11GEhacElsu2fujIIUnIU5HH1z6iuVufESyrL5M4WFXI+cgsxHAC5AAOcYG48Y7kVEq9Ok2+ZKOzu4q9reV307XsuqdroYTE16kYQhN82z5Xp8PXyvou3Xt3t7rCb18x22hfnw3yqc8Z7gnODgdO+MmuY1PxTDaIAHXcoHRhsCMcAN0yxOcAcKOPTPkXinx/o/h62kl1S/htok+ZRJKpcuoBLFQQWA54JGD05HHxj48/aXZrqSx8OQtevIWSO7fJTJJAdVAJwDwoxjODnoD4GNzqEE6cZK9+VWteTfK02t+nVO34n1uX5A2ozrK2zblpy7a+iWnZrbQ+2/E3xO0nQ4XutZ1OGyjTLIZJkaQgLkLHFkcEcZ4OT07V8XfED9qgSyXOn+FLd5w+4LfzhmJkOdphVQSeRkAkDI688eE2/hX4j/E69NzqD3SWcrljPduyxornJWKInAOMBSeTkcDAx9HeBvgVoWgFJ7m3/tS7VU3PcJ5iRsVxtVTgcZyGB+bqMd/FSx2Pk/ZxlSp9ZyWutvm7X32dt+/tSq5flsE21UqqzjGNmrpR37Wdk3+p876X4Z+JfxPuDd6m95FYySFzNcsyjYcEGOJjgAgkjGOxIPNfRXgr4G+HdC8q6uLQ6jepsZprwFxu5DFVYMCC3bH+0PSvo7TPDMcUcPkRCKKJFSQIgCpngDaoAIByBncR1z2HUHSoYY1Z1AZFBVf7x9fcEZ45H15r1MLlVCguaSVSf8APU1tbluldu2qd9PmfPYnPK+Ico07UoJpJRdnq1u1rdNN9tHfojhNO8O2sTRRBI1QnckcaqqoBjKqAFxnbk45OCp5yK7m20KGFCwAcPHkc4AOc478Aj07cjhant7SCFklLbWZgxO3/V/7IJ5Ax/wLgcDBzppOrFtzfIhwiEYJUdSenH3Tgc4Ge+K9BU1Fq3KratbX20vtfbdNXV0308mpVqTleTck7X17tLTVbXS+WlyOKCOBVEiphiQVUjIC5A4+oGQMjkZrQM8iRbYURQFYs6gtnP3Rxn68fd28+gyTPCXkdnJGcYAwSc8Bc9Ae+AOO9VRfyK8ijJh3HCE4XaB1LYOSO/XOOvIrenJLRWTS5d0+i+Xzb6LazM3ZpJ2bumt3pdb7Nbq/f5m4ZYsZd8HaDIB/FnOSSOTjPbv0I4xVmu4oflRVBMRO1QvPIAJyAq9e5wAR26ZMlyWVNrALIOpyAoJzgE4UgDOAcAcgnPAy3uZBIwyWRmByTwygLuIwCRznpgEcZGeNVOyXXW60WqSTton7uvTdW7hFJSskrLva/TVa7pv8H531ZrxVCEqAuGDJkZOCQSw9M4wC20ZPQdKz3KFYxhGwS4X5SAB0yy454GR7ZGeRWNLIHkDMwHV8DkFRwApGQQfx9eME1n3d2q7syLsWM5A4IAHA5HAJHUDkjmsXVTTST2Scrr7LXfRbybvr0vsjaKcm4qN72tq9+l7qyW7e/wCVtmW+G6TaAAPlUg4AYgnI9AflAPbnPBGMW41OJgwmlKFQEBZsgsc5OBwM8bccge+DWPNqIkCeU4cyEgYblVTOWwcDIPvwc8ZzXnXivx34Y8LxG41fUUilHzR26ESTuQOhjXcQc/dBz1HWuGvjadCN5VEnZuzdo9Ho+vNvdW1v3OzDZRVryXuPdPS7V3Ztp6b31a7t7O79CudVSEMysjNNncc7Sqgg5PYZHXAHTIAzivPPEHxE0Tw5DLPf30Nv5mU8tWWWeTaCQFQE7WOMAc9+K+avEPxf8SeLTPYeGrCTT7DkNqEiP5zrygYAA4LdQACec4xwKek+AtSvVivtbmdY3KtLf6o5ZwSd2ILdsjB/hYDcD1xmvn8Rm9Ws3GhFSTulNrZqyumrX0+d+jufSYXJMPh4qVVLTltbfaOl7Nd1Zaq/XU6fXfi/4g8QtJaeH7Y2duflS8uQfPdTnAii65YE4xwT2wDnyrxJ4YmthHqmry3F/qs1xHLCjxtdXdw7kEwRxAN5SqeAccemOv0ZpPg63tlS6tYre1so0DT69rG2BCqgktaQOAWPG6MADkZZuorhvGnxT8B+AraVrBluL6RibnxBesk88jKef7PtnJECg/KHXBIAPQV4+IpxdOVbGVo35rLmlotr2jfRJ2W/e7Vj16D5Z+xoQtsrQTs1a3vN3Sd0tLt+iOl8J+G7K1sLDUG01F1V0Sa5uNWZEsNMU84eMna8qjBKMAB0OMZHNePPjN4G8CQz3mpapb+I9Wj3LHG0oj0yCYMdv2e1TKkocBflOcbjxnPw78R/2oNW1mOTR9ABt7As7Szhist0zEnzZH3ZIOfu8jnGAK+SNU1a+1e4a41C7nuDIzOPMYsv0UFjgZ7dRzzk4HzuMz6NOCo4RRbirc+0eZJapLfql8trNnq0Mtbftazbk9eW6fb3bu9lpfS2qu73Pqr4m/tW+LvEsslvpd1JBZOCkeMxW8SntFAhUYAOd/UnPJC4r5U1LXtT1eZp9UvLi6klZmzI+9Q7HnHbvlQAAD61QERdc5DA5IG3JVQ2eBuwDwc5+7gEE1Ygt1wCzKT/AHMdD0UgDOWJIA54zjODivlcTjMRWk5VKkpN3ai37u62XMt3bq2uqaZ6tKnCC5YxUVa1rdHbfq7bX73RStVDTtv3ZA+VCBkjGBjGM5OPpjjJyD0mkWcq3DYHyYUsVU5X7u7jnuSOc54PPOaVlaAXZLElnChRjvgH5h0A/vH0znb273TbBo5W3qWZvvFhhSDjI4x05AbBJ78GuKXPJe8mr2XXTZq9/ne21r2OumoXV27J6+jsm0t+n49XodHphjWNSEZfRs5JP8ADeh4IHO0jPoR6Po0dxcFGxvAACqcnaMAEnpg+h7/jxzGlad5ixE4WJWKoAoIGDgHI6HgjI77sEjNepeH7RUX5cgfcYsB0HIKjA4JwWIOOOg7cksPOTuoN3srvRpaXtdWXlZFTlrpJpO2t7LRK7s3r0s7t2v1VjpdM0pBHHt3FwclecAZB3HB4OTnkMDx7EejaRbW8UiJIy/KuQW+6zEjC5PX/AIF3IHPFcfZzQ2q5diCFbIOc4PQZPRRuzxgcDnpjJ1Txna6cAkcobBwWQ5dc8hT2OTgk5HVfXiFldSu7RT1aautEvdXWzvbdtaPyEqiilt02/wC3VsktXZJt9ElbovdJ9Qt7GIszxFQodizAhSBwMZxkjpkDpz3FeX+J/ipHbsYdPdjJtIYrjHTgAZCgepzjHOK8T1fxdqeqeZseRUzjaGddwY/fwMY3emOoxwa55Y55mDFcMeN5/jHGfoRnkdxwAea9PB5HTUouqnNrS1m0mnG90lbytvfQxniUrctoq1+ur0d9tb9Hr381v6r4t1zWpGElxNhyGMaklkUeh7DP3hjBwemazYonkkV5VMmAxLNyd/TDHOSAefY9OAxF6x09VfezbVIC7lGNxAy+cdwcZxxnp61qrbRBldcbfulBwGIz8wGM5/XIzxyD9HRwkKXLyRjG2m0ejTso3Sbe7bvbbrc8yriZvRPV6dL68tu7Wq3d/NRWhnQWqhhJIgCgYKk4yexIyQV7jI69ecVoRWi7flA5cMDyHJz0556dOo/mbMMHm9FLR7gCCCWbBB6DgnI+6c5ya6PTNCubkhpUlWMPhcrnh++B3wOM9sc55G9SUaUeabSUUtLpXbstUuui1StbW9zmi61VrkScdnJ6q75b6O1rO9tFtpZNnNQ2TSkskLyO7nJCkphchcDBPBP0A5wciulsfD8YU+ciEEhtpA2oRg/MwwCwJJxjIPTJ4rtLfTrWyJh2qFYjdhQdwPUE4JLA44BGCD7GnSywRQFVZVDSDauMMF9TySM/mQMDIrz54+UvgfLG7s0rO+mmt2r6LXoklex6VPD8qTm+Zq21tH7tnbt0b+fYrW9tBDGAyBGUhypA6EY3Db74Y57c8EHM/wBpWNgDhVCkBgoJwDnAGMkZGQRyckZzk1ReSW4V/LG3op5Ad1B4frwMjPGf5VYgsp5pAHjHyZGWU7iuAd3XJznuOQOnFcV5TbbbW103d68t9dE9Xq9nbe6Z0QglovK7svJX/H8e23pHgvxlovhpXub7STfaiSRbTuofy8DI2KflAzyT2wOmTWtr3xU8S68GjikawtyPLWOJsOI+SRuAGFAwMbScnkY+75vHaRpKjTMo4wiMd2DjA+UgbTxgjoRnA60TahZRPvkCko2wqn32cqNrEDkAcDGAeDivHr5Vg6uJ9vOLqT5lrUblFJdUnok2rWSdurdj2aeaYnD4dYanNU4JKLaSjKT0d5NPm6re6tb5aCO0jlZHklldt3nSZfHAY8NnqevXJzjIpJ7lbOGRi4dwchIW5OOgABwOAM8jJJ3ccVy8mt3Ll8KIYwMKzff+YsOg5PGNpBIA6kE0yJhIkjFjLI7AjBPKnoMZI6dTk8A9857VGlSirRikktLKKVraX9L2ta766s8qpVqVHfnbezcrp9Lb3Vrrf8TZXV7u7V1OEjf5fNGS64HA4OQeM/ePTPQ5FV5ZiwjlBmH3juZmchTkA46c4JIwSc8D7tVbOCRy4G5YgzEZOFiIyCQCAAWOSOOm09CK2bS0VJRNJhmQdWJCsCQTkkEHgDgcfzPPUxKaSg0r72WvTru163ene6LpYVys23K7XXo0nfX+lZLoRWVlcXUiho2ZmbbFhRyBnC46ADOOSDnoCGYjrLbR1ttv2jaqSMCxbgJgDK+pyxOcg9c8nJpbW5XzHSyhV54x8rrliWJAZvukFQOnJOABjHB6VdPlvYfNumwwiXaFGSGzn5QDgtuwDx144HA8fE4mfRpem91bfSy6rdvXR62fs0MHTs5Si213WjtbXW6176WTXoadvZwRJbx20CNINrTOQWRFY5VmbaeTnjAGc9q6WHTJLxCIgTciTZAsYKgrncx6EADIyzHAzx0NZ2nzR2ULReW104iDyMcrHG44RZGP8K4J29/lPIznbfWpbSyAWWGJ3G6SeIAGIFcCJCcBcA9gMdCOa+axeJqylaDbet30vddHfvfTX0Z6FOlGNnJKySWnupP3euuuu339La89pp2lWqNdylpBtZ7a1I83fjJMrg7hz0AOPXHUZ134jeG2KQhbGPCt5cQ3Tyr6vKeQSOpwM5OCCcHh9T8QCONF3gR3GPMmc7pGKg/Oed2OQOh6k5BHHAap4syJBC7NDGCjszgFmB4zk9RjcDjqOmBk8dPC1arTk5ScuV3btG65W9NtF31b33KniIxW6Si0mrafZ7PfTVPz0Z6Nquu5hCW8yxrIhTBJZ2ZiA2Op3EAknp1OTXmd/wCJmgS5jBVnjYRBM4HHAfOVC578nPzYHSuO1bxMsogImKQIN2S+ZHfuByCCTjJAGM5wSeeJudae9uVtLKOa7uLiQpHFbo0sszscBflBJwcds54Oelexg8pk2rQ2kuitsuyd/n5aHkYnGqDupbrbe/w/Z7Lp0S2vZHVXmvymcOsjOzM/mIrYRSRwC3Axx1JycfTGRBd3V9cvYaZb3GoaheFRHDbpJMwcnbtbYGAAPPJXuDwePX/Bf7O/i7xFZya/42uoPBXhZNkjSX8i295cwKAx8uJ2DAleQSOTkbSQMbXiH45/Cj4L2zaJ8L9Fg1nxDDH5M3iO6RZczKCrSI8m45Dc4OM9ASBivqsJktOKjPESUIpJqL1k0rbK+nZPZ3WmlzxamMqzbcLq0kr3duml/k9r7dN3yGlfs9XqxN4j+KuvQeEtERRONPeVVv7mPqYxExyhYDBYZIBGQOK57xh8fvC3gG0k8N/BzR4LGREeCXxBLGst7MVG0OsjruO7BCnIx/DkdfnDx98VfG3xH1F7zXdUurhWkP7nzHjtIlLEIqKDjap+XpjtyuCPMbidIWzuWSQsSXGCQAOMcnCevoV6feFeyp06MOTDU+SKtebSculrvW17W6eWupz3ba5pXfrp0d0t3a2t737Gpr/i7XvE+rPeeJNWvtSuLiZmka6dyE3YztQnAwfQAgHgDBrRMjzaaqW+5spsDAnBxkAAYweSQc8nOeOtZun6NeayyNBAzSMu1fKRpHLMcYChSSW4+bnGMcZyPvT4F/sceKvGdpZ614kjPhzw3HiaW91TFujRg7ncCQqQgVeB34IGCSMlhp15Q5m0k9ZSaXWL1cvwtu9EuyacpctNKTmu9lvFb3fbZN9na7T+L/Cfw61/xdqUNvZ2d3cSlghEMTyySMThUQKDliTgEkY5O4EEj9PvhJ+wvY6PpVr41+L+pWvhLQY1WdbS6lQaneKAreXHE2HQsAfTJJHAGK9xtvGHwP8A2dtObSfhvotn4v8AFwVo5vEV5HHJaW0/IZ4mIIby3HToOxHJPzf4r+Jnjr4oapK15fXPiC+Jby7aF2j0nT489+VhVIl6jrn6V0Rp06bahCVWpdWe8U/dSTSb21etn5NK50U6FOhFTrtOVlJpa8u1l117uVtfTT2Hxj+0B4a+HekXnhn4LaVbeG9JgjaG419o0OqX7KuxnjdlLZYZIwQVBGPmG4/COreL/E/irVbm/uby5SGeR3uNW1CV3dzIDloxJlsA5KqoxkDPBrv9Ubwx4fAl1m7h8U6+hMj6ZZuBpGnOCeHkHFw+ch49uOoBYGvFdf8AEEmp6iZ9saxjJjtbdBFbW4JyFjj+6oAGMEkE+553pYWc5xlWmmrp8nRXteySSvqle/6W8jMM6VNOFFRsraJWjFtpO6W71d23Zv0OksNXsNKkZNLiN/ft/rNYvl80qzcFoIGJWMKQdrY/hGeFIrMuNRmkku7q5ne8lYMFaR2aQk5JC5ztHzcLjCY4xWVFbXDmZwMF4QxRcgqpHAAyACTg554HAwOdG1tGMSGVWIbeCChZyQCMgk8gLjvwea9ilhlFWjFRtpf5Lrv116PZbafMVMwnUjFyejvp6202Sum03bTZalSyjkkDHYWMqnai5O1mbG7gEkk9ex6jriur0mya3QNOAGZSig/KsfBbJIBz9OM9AAOafpItreGSSVkAKsuzgSIASAQehYnp1Hc+tSLcPdO0S7kt1OQwALsCCoC+pI5znocnOOfQo4KpXkqcIObultddLra77aaNb6M554/C4KEq1erCC5XdOSSuuV9U99u3qZ1xcW9pclo4zJcF4x8uQrDgE7scAnnGcEAA9ebQguNQmlmIaNpGUYXLbsdVRge/A444A6YJ73wn8Ntc8XajBb6bptxcyzSKkUccLyySZO2NUUKSQfXHHykZHT9mv2Vv+CV/i7x++meIfiFGdA8PxNFcPaTIEuHhwHLNvxtG3n5m45B6jP6Nw94c5rmyVedP6pgqfK6uMxL9nSS9zSN9akmtoUk5Pbpc/EOO/HnhjhanLCQxP9oZrVbWHyzBfv8AEVais1Jxi3GlBP4qlVwjFXu9rflP8Fv2c/iB8XNattE8K+HdQvLi4kRDJDbPtVWYZeWUIURMHJy2OM4BC1/SF+yn/wAE0vhT8D9DsviT+0Bf6ZJdadCl4bG/liSwtHjUSETCTmWVcHCDIJ746es+LfjD+yv+wh4Wm0DwZY6Rr3jW3g8oWlh5FzOblU27r28UFkUsMGLJAHQkYr8Mf2mP24viz8edVuP7W1q50zQC8pttAsJXt7GG3UkqHijZd3yEKScgjHHQH9ry/Jch4SwalBpVZU1zY2rTX1urpFv6lQmrYenLXlrVP3jWqtsv454h4w468UsydFx+rZbGo1HL6NSosFSV1b69iKUk8ZWikm8PQtRTvGpN3P2X/aO/4Kv+EPhnps/w8/Z00+xdrKFrGPWIoY4bC18seV5ttDEArOoG5ZSeMd88fgh8Wf2ivH/xR16/8QeNvEt/rl7cs8xN3dySW8BYg7IUZtgVRkKoBwOMCvmXUvEgRWYy4V2Bk8x8ySAkctuPI6jduGAT7V5p4j8VRoJBA7y7jtCq/wAucBSeoBIPzdMfw4yc18LnvG8KEalLAKGEottTlCXNia7/AJqtZvnqSle/K2o3+ytj9U4O8HK2Lnh6uO9vmNePs+X20eTDYePupQw2GivZ0oLZcqcna8pPRnoHiLxk88csovfMAICkk5BX+6N56/Q+pOOnld14oklciSEu8qMWMhPHZXxgYIC568ZUYORXC3up3MgVnk83cxKxA4GFzglRkjBwQ3OcEjpisDV9eFjamZnQMgO6UAbVReQmc8nIIxnOCo7ZH4bnfGFWq5qM21J/E3d20Sdn67r8T+v+E/DDC5dToOtTgnFQfIklGNuXe97WV73u/U6HVNTghy5m+cgMVPBABydvzZYD7hKnH8OeQK8v8SfEKzs0KLOEVc4AYlyyYGBzgEnHzEg5z2ryTxX8RZb1pFsnZXLbTIrYCqcj5cEEg8hscnPfFeXz3bajIvmysxYFTli5OM5YgkZPqDnIPvX5/icwxGJk5TlJJ63u93yvr5bL1Z+z4PLcNgoKnShBbWilZbLr3W2m9rdGdj4g8e6hqM5aKaRIWG11BYuy55yecLjrjnBPORxyCyl0d2G6cOd5zkAHODuIx3AIz/FzjGTnSJLHL5bYVGC4ZlPKg9QMEZyDgjGB8vA3Ez3MkdpviRxIWKM5HXJGSCecY4yOT2x1rjnHmt1bW973so2b5rfNXfzVkd9NyV1JWintul7qvZN7Lo092/lDdWsAUMsgVmXJOByMdsHjaepzwDycnmG3Eexo/lEjHO5huDKvGMHI5HbHGAe5qKWXLA7iwUArg8Ln+EYGAepB64yceu1p1jBL5LeaVlkfAGNzBWKkse+ehPUYyCRkir5lCEeaTeltbK1orRJ67ru36XslGm51PcjFLS+2rdrO+jT31T0sn5FV4J/KWVkO0sAgVdu/bwDnpxjgA5/EHNC7WYOGdTGQoAC89MduACAehJ56/wARHpqW8k2p2lnLEz2UaKVCIF8zA5lxgALkElsY4BHoJPGlp4c0ZYItPdtQ1BkD3O45jiD/AMJ5I+THIIJ6jaOpyp4lKUYOLk5pNJLZaavSySvprr9xvWw37tz9py8rgmnvKyi3JXs5Wv06XR5MGOwgMcdflyATgDLEAdBgc8/mKfPcI8QiRQqqQHYAZcjGTk4OT1x7YJwcVtafYPqBIht2lVS0s3l8iNQSQHzyOefToD901Aui3d3O8dnbSSKgYvsy2NhJO7n7wUfd5wPqa3Vam5crcYtbr3dHdNJ6vfRrrdNqxxrD1uVSteMk+VpNaXV9/VX9drspx6jOEEKYijB5wSN3BGW/vE85BGe3NNgjWaYImA+Ty3RRjkke3OD154OQDV5tIAOEdt8cZeRCDvDA87QcYwflPIzx1zmqCRyRRNKoZSzsqlVwMAYOCueAvOPxznNXeLV4/asr6tNtpXv5d/NC5JqUVNaJuTu9Le7o1otfN9tNjrdP1qDT7mK3SGJoSymZ2GS2ANwLZLYLDPpn14zd8UXUN9bqtqI0O5fLSIZO1gO/GAMkrjBA4AJ5HnA4BO5uD1HXk5x14PqSOmfarYup3UJG7jJBC87sqDzu7DAHtx7c5PDxVSNSL97RO/V+fXVPbRersdcMbJ0pUJJ2aSTVr6pK2luq/J7q6aI2ilVXypXLHnOMc45JwSOoAOCSDkYx0114jvL2OGFCFjgiESxqu0MwXAYjv34x64x1rn5I5dyl1yzgMz8kjnoR0xkHOeTxjpk2IIYI0lmnlAboiD5cEqcPw3T168DnIHGlSnFtOS5pR22vduDW7lr30VvJWMaTqw5lGTUZ25ndrRWad2rX+7Tq0Zbszs56NncxBA3ZPJI5BOQT3PJ/hGKkiicjzFQ7FPzOB8gBGOo9R2OecjtkwuSGb73HXPU9OCcfU8/1BqeG9nhglto2AjnPzA9Rx25yOgHA5GMYOK11SVt9N+my777vSy0OZNOV23a979b36/0vkNjkRZGcrvUk4LAKM+oAPbn1HHGMUwvkvjA3HIwDgD2PQ4JGM89c54oUFi2eAmTuJJBxndz7jt+HcU0lmJ2gYycAADAz6k9gPQ/iaSUk736JJ3V7aXvZW11280tLMd5advJPZW1torevysBAIIPUdT6HHc5Hv6jIOO9AjBAAIyRnOO+OnXp+mR35prFlOD+WOmPxH9M579AseNwJJOTyAcd8j8M5598gZHBZu2rXXTf0fpr07B1tJLovPW2t+v8AwX0JY3Kbv4iwI5wAM9TnHQ8ZAGO3QUwZ9vY/454/ofSrB2FX/vjG0BjwO/bk9Oc4yMDjObC2bssb8BXOQDxwuFwQOQORxjIB9TiocorePLtbW3SPXTe3Nf8AzbN405SSUZXt21t8Oy1Tvv5GaUz0POSQMZzk9OPTHU9fTFSIFAIY9Aei8559cHryACQc8VpyWjKSkaiQAgttUgAEbssevA5GBwOPaqWSCfkIUEcHjAHqeMYHBx65BOOXGalZLS1tHdW26fFb5PVpuyJlDkku7095a2Tir2V1s/u6bogVeGYkDHAHsc8c+v8A+oYFaNpPHGkiEnfIoB57HORtx0ABOegzVBQu5gXALZC9QMkYwMjgc8Zz34NbOm6JcX8saor/ADOEBA+Z2YhQMYzt4AGAOo9Sa0doxT5kv01079O/Z+hk5qKb91Riru70WqvqvV9l2tbWS3hjVWfOTuGRtBIGMgjHJPXO0HGOe5r1Hwlf69ZH7RZCaRN4DRxozBhjK7lGAAQcZO3HOTnGdPSPhprNrLbefaTNFMY2ZvKLB4ywORwQBtOcZGcc87SP0w+FHg74XaLoMEt7a2r3xtoluIrpFIaQAFgCynb14XBPJzzXjZhmFOhTTcPbqTS5Y622S5rbaWtd+SPzPjXjTLskwyVSh9ec5cvsaVpcuyvLX3Ummle2nyPkXw74zsktlXX7WW3YnlvKYqoPfDDCfKc5B6dMnrZ1zxn4PEGbe4EkhVhG5YKDnPysAuPlHHvx1Gc/W3jjSvACwymx0TSzbSLuZP3Y8tehcZGcZz3zjOcV8I/EjQ/CkbSzW8cdtGrEqLeTBK4LEFSRtIbpx65zjnx6DpYuov3NaknZtXbSa5XZ67ddEtdu58jwtmGX5/iIVaeCx+Cc5cygpScNHFqVm7KPVX1t9x4D41mtbm9eW28pnYyMxQjG0jPOOQRuzyAcg9RyfPY2DnaygZ4VTuyDkYOOCcnjcOn487WoGJLqdrd/NjTcFYjIZMsvzE5zgBQeOeCMN1xMqm2TahByAMsOp+v1AJJGc8gkEfV0IqFKMVfbs76JJ7d+i300dj91pU1SpU4JtpRjGPM9VZJO+nS1te6fTTSgtTIuXbaqKxjVjt3N1ySMYI9SD+lUPKR5JBM5BUcHvnt7HPGD6/U4nJnWDcxbymkxkfN17ZOMYJyefQYIqpLguQpycL0DBWHGCT25wM4HHJGTWzT0vpdJ2flrf02t000NtNNFbTp1VtG7O99NUtdlu2QsuDgEEL8u7kFgActg4zj047cHFM3FSMcdckYBBPA55457YPqQAKsvjBKZyCCwyPlXjJ9+eMcZ6jIqSFTKANqbcE7256Hj5emOMAZxgZx1yrxjdvRWvfddEuv/AAGumjBSSTSfZ6Pr7unRrz1vbd6soiNslSGBIByQQMDnpnOBjg9OMdOtuGBSCrHk8hvur2wNoAz35z06gV09vZQpbGV4mnk2AllyVGQPkJAC8DsOpyMnmoRZQ3EyIW8pSoIYfdwduFGAe/0GDn3rJVo+9/dte+m6Xqur2b2VtWjOSTur6JrVeq8uja21e60valLZS2KLKqLKrrtLqCepOcccc4OAO2R758xjcDC7NpwMg4PHbIHBPUYx1x2FdrdxWkEEa2zMzKAjrljgkEZI64OT3yQeD3PPXNhKy58rBkfKYJVcn+LqACVwADz6YGRUU6qb97R7LTpby1V7Lft01tzqa2vazau9V9l9W7W+T0tbS5zxcZAAxjOT9c/KD35GfYg46HOjZGN7iFZCVTcgkJUEqgK8gHuRznHXJBBGQ82E5xi3dxtOTsYlSTyAwGGGCRg8c9OAa6QeHrlLRLhrV4DlSvmAo7qwDbwDjrj+8Q2PU1pOtTV1zxTeiV7dV+Ot/wDgIHUpq0XNJ7b36rRLr0sl10vuz33TvDGlX2n6WukwCXULxooooYGBSVjjaGGBh2bAI5H1HFfpL8Cob74R+D7hdTay0+51ECfULWWdItttGvCFD8zvKrYUDOSOM5OPyz8Eapqvgp7fXJbZ5BGAbP7SrMhnGCkqjDZUkHaQOAMjk5HsKeLvFPxGll1DU7m5toYzuuJlkYQERLmOIRbuF5ODtJJJJC/KB+acWZRXzmg8BUrQjl8asa1ablKVSpOMo2p8tn8K1d7K/XY+HzrB1sTF0far6tGalNy1nUlde5azskm201a11dI9W+K/xDvPGXiu6e0NtZWFvKbi1gjIRVRCP3qsDgM5G7aM5744rzXVfiLKtk1jfzXJa5VWkiiYyIFQAbgpJCMQuF7gY49MbxNoiy2D3lnMyXz+WGDyFVKHo0IUEneD1OBk8jjLXvAPwv8AEHjXW7WHSdNvp/sttuvp5oy9ssSjdI6M/wAj4HIAPGAeOKMJgctwWBoqXsqdDCRhGM6rinDl5dbuzl8KaV7O+mxOHw+Ejh4W92FFRTTaTunBJaJPS2yet9LXPD/EV2/iW8j07RNOuru6mm221hDA0lzK5IG9sAvIzEn5SuBycDmuW17Qte8L3Y0vxBpt3pV46CV7O4jaOZdyhl3oQpKnJI453Hj0/Xf4K/D7wF4L15ri90q2i8QxGef+1bopPNbRRp8xSF9whdmGAAARkkc5roNc8IfBT4p+Kjrfi+MT6jZXy27Sh+L6JG2jhAodQACVxwMgdMVwvj6jhsbPDRwFepgcPQU5YmMJSnKVlyOnCzahKzafNvu1dHbHOKNGoqcaUpUYwup8rT5rpK0W/htqn2PxX0qxvJr2K2sre4urm6H7qFI2ZjuGAoCqcryAWJIwckiu6h8I6r4V1TTrjxBY/Y557hWS2nUIVVvnEp5PyEYyfUc+tfr3LH8Efh3FrdtpfhrQ7nV7q3lXSb6aNEubVCowqB1zEF4JbnPJ45A/M39oPxTp+p6rZKtwJ7+BGed0cOsSlj5ccbKMFUOME4zgc88+1kvE9XPcWqNHLa+GwfLK2Ir+7KbtFXjBRcYp+7vJXvstzqpZg8ZU9nTpuNOUWnUlpK2miVuXRu90/nqrbPxA8bvB4NtNDsp4QHyWeDBkXdzztxgDoDk8c4rwfwp4T1Dxl4gstD095Dd380ZkkVs7Yi48yTlguVUEkZyTnoRXOHUmukWOWQ5dgDGWJygA27SWyQRyQB6HHYdB4V1+bQtfsLrT5Zbe4hk+SeNvmjJILHn7ynAByeo7c4+mjhJYXC1oYbljWnGTVSSvH2kl7ra3aTadktr37Ppo4V4XD1IU1HnnzNSfnbVNrondWtHd7O5+zt54wuf2Yfh/4T0DQbe1invLSK4udRtwgluy0aiaS5RckSB8qGPJ/u8YrQ8Oft4yR6e9zfpeC+M8UNs9zM7WW1WC+ZhsjIPzEk5HAzkcfHay+M/HfgPUb3xLDPeJawFdKuZZmaVowu8GILv2hkHGCAAdvTFfMmrXV00Y0KU+X5PlvCu/DmTcp2v05CgKw7k4xk8/iv8AxDbIs3+szznDUsXmn1mpWxOJUnKVRzd4JucpWSeko6LS3Ly6L5ZZRSxcJ+2XPiYzlKc1Jtvm+CN+ml/etZ6XXb9ZfiT8e7zUdKTXYJnvL2eNri5W33PaYuBlFZlyrKAWGzOQdzYPf4ZPw6sviRrl1eS6RcXeq3zM0BslaSLzrgl9su1TwM4YMBxk4I6ep/Da+0qD4cSaP4nvYrbT3RZLu+ADTW821VSMZO5mYEd9oPykHkD6K/Z3u/Dlhu1Hwtd2S6Ta3Mkd/f6iEM8rgkK0QfOEClV3Kc8kH7prycMqPBGCzCOWYOpGpSqqEJ0v4dWKacVJzerXW1lozio2yuFX2MJxkppOSekleN/dtd20u7RV9D82NX/Z58U6Trz2V/od7bW6XAjgjjhaT7UhbGUVVb5lB3EkEDPBDYI+6fhH+xN4O8YwQT3UMlteR2yzIdSYwJLMsRMpkLgYjifhQTycfw4r7D+I/wAV/C+k2VpeW2j6JHrETCRdQdIpZJoACGZI2DfNJgjPrzz92vPfBvxZ1H4tao2jW5XQIkQ2X26xj8m3s4uPMuJwoADbfur1LjqTgV52Y8dcWZtlkK1Gl/ZFKlf2+MqSc7RtFXjTtd3ta0U73umXLN8diYR5b04xladSV0mlb3rq7um1HRWvuzynxm/w++EXhu48FJL9v1GATrcLZfJZB1bCIqIcFt2CX6kHsBivhT+0LvX9faz0+NYILydi0MRDOz78kHnDAjqcYAyOQefvD4m/Dz4baZrV0ur+IrrXJY4nVLuNGjhuZihzLngO+/gkkZ5JbAr4ZtotF8J6xrGrx3hxb3Egs0IIcxsx+dc4O7bkcdMHaABX2HBM8NWwU6samJxWLqpSqYivTcFWqySXNGLSkld3TeqVux1YJ0YwnJe1qVpXvKVuWUrJrS/NfXZ222vY9g8e+AFvPhvJqVvJs1DTbdV8hJsSyrCAHzGh3EnO4ZDEAE4b7y/Dlpqd7d6k1jBbziUKLZoSGYsykAhOpDcZ3A5B5ONua+koviYl0k7PcMIog72tvPKQsm/OQ6k7WBzyvK525Hao/BqeFNE1i58R61NZvqV+4ktNPKpJ5Hmnc0yFcg4Bz6L83GBx91gatbAYfEfWqTrz+Kiop80m+XRve17We6W2x6mGqzw1Go6lNyfxxsryk3y2Tk0rX3Wrf4mBaaH4judKjtrHSJoHuIlhjkkG24Z5BgSHGTtyT859QM4wKl8N/Cr4iXWvf2SzTw2cSpLfXSzA29uhG52Z3IO4DlwOhJ4AG0e06x440YzW02khxM8ewXbKdpYEDdGgG1cbiOMZwck4xXnfxF+KWu6PCi6PdRWsNzaG3u50XyZ7h9pDyyKGDlRyd+Ocg5Ay1ctLHZnimqVPC0oe2WjqxcnTV7NuLu0m1onHW12tTCliMZXcacKcIOb+0lJpLTu9n1St5PW13UnGiX0/hx9RW6KRG0tbiSffECgJklYAkDqQvJ54yeg4rW9L8NeINDfT7v7KdVhDJbvEitJIxBBlLHBVsgnsMAeorwmXxIblYbm5mlaZHkdPMclrl2OSxJyQpYng8FCAc5xVa28QNAbi+Ms/2gFZgiMflwSSM4xgjucAgZ5GQfYoZPVw6jUhVlGrT5ZXi+VObUZSvGNldybWj1W/n30sDUoyjNVJKa5Wmla0vcveMbbtu2vZtaa8z4t8KJoMO23kFxGJZY5ZF3CWJsZJlQ5IUbvkPYE4zzjlvD+j32r3iWmm2k186r+9VYmcQowIaRxg98kdwOK7TxR4njv7TFmG82+Ui4Mw+Tco2r8xAOPryPryO6+CPj1fBd2QumWk99NKPtbSCN5Z41IEUADkqEJGXYtgDpzgV9Mq2Ljg3PkVWvGNor4VJ6at9PPTXvpr9BTq1FhlOp71TW3LF2lZRSukne6ve6u0rKyOPv8Awy2haeYzZFdR8mWWSZ0cbIzkfvFZcod33BjnpnmuQkuFjs7VCmwiUSOFBUOQc5c5zxyQPXJIzg19RfEfxrpPia+Fro9mRcyQF9clRUk/fv8AdgiIG1UQFQoXqTznORx178JGvtPsW0+VxeS4nuIrlD/o6ON29iBwFXBwcY7DoKwo49qnB4u1GdR3UJyTadoq+u1n8LurLfWyOaOLUWlVtFzvKMW0rWaWr3WummvR6b+fahAL7w1OiSItvATMZZAcsxiUqiZAwARgZyOOgFeU20Ms09uFJcs2wkfKqqTnI6KeAMgggHg5Uc9x43j1PQoYvD0rhbZUdjKhG64EZ3DH8RV8njpxk4yayfDNvb3RiSVvJUq7GQklpGxtCJgZ6jDdgemDivSocvsua6cZNuPXT3bO19nZ7XXqzsw1+WUnJOMnda2/l/TbprbqejW0CWdlYW0TRtO2RJI7YwrEbtw7A8gAZH45Nd/Db3eo2FzYWsMQ0+CIM8oX5DMV2hdwJwCSTgcdeeteP6lJbpfQW6XLpGhiikJOEtwzDOcHDEjkk8HvxkD3OLxP4Y0jwhPFbX7XFwESC1WNVPnzMP3k05zuPlknaOQp5AGdtc1eM0qbgnJyknyrXRuN76La9+7tbZaZ4mNWSio3aukrarl0vdNK2j1er28jznQZYtL1GZLy0RlhcxJcMNsSPnl1GAcrnAPPr2Nd5pt0uras7wiBbaA+arkKBLJGuTkk4LMSTnOQMEcgVznh4af4iuZrWRjJMEURzdFMkxUM5PA3KW6sAwAOBnJra8QaFP4HngsLd31F2KzTSpkQxrKu7DAY+7nIOD2xzyOmliVSq04t8s0krbXacbaLbvur2Wu1vLxcYVJpTT54pR0sndcq03s29Wm9Ul10P1J/4Jw/Gn4a/Ar9rj4KfFr4qX0+j+CvCesSapr+p2MQuJoVWPZF5MOAWXIUMwUhSB8wbbmf/grf+1v4B/af/ay+I/xL+FUt1qHgnXZrOLRNSvIhBdXBtYRG0mwj7jEbgucE8qMgtX5HjxlqlnqJQgSQrEIijr+5APUKvIUgnJJPQHgcY9m+HGi2PijSNW8QeI3gtdO0piYpWwiTOH3NHF2DbSMMADkg5AAJ/ScV4kZh/q5TyiUYqNLAyyv26c+aWCqYmGJlR9mrR5pVUm525rRSbtqfIYjhzD0swpZnWTn7OqqtKDirxrcqpKSbtJvkcklaybbbdkebQ67qf9oJJO1y4CohXzGKnGM5xyrKDnA7DseB6j4q8b6Fq2haXoWi2kNne2+wTzFA03nEbZXEucjznO5huI6nJ25E1xH4M1KyvtT0KBvskBNtCZZAcybGaS53HliDnoDu46V4FLeLaai0toVZC6pHKQCS275mxyODxk9MDg4Ffm9Ksq8ubklGUG3y+b5b31326vXzue1ywxNRNQnT5LJpxabfu9E2m1bS97LprY+gPC3wQ+KHj7TPFeueC/D974hs/COjvqevXdohlg0uxRczXE7MQEwPmx1P3hmvl+4luLW6nNx5fEYRZShB37tpAUD74YEEbeucivr/AOHv7UHj/wCEXwx+IPgHwXetaWfxSgi03xNeBFN2LNBta3t5/meKN/mDIpOcnIzmvl/Wri11C3hsmRIr9pQEOzDOCT++kAHVidxz+JJwT2+0gowbd5PezVkrxWr11aSaaSaa0TTudGEnilXrqtCnGiqkI0OV3nKNo8zqN+6veVlZ3772OftPEMtnc28MlxM0auGuDGxVdhYEqTydpGRjB/LFd7J4wt5JZrmySK2t0RIEYf6woFySq5JBYdTg5zz0OeJbwZqF3cC3IYYwTOFz8qqSwJB5POB7YHy9l1DwrcW21IHkkiLBy6g/KUJDZBYbucZ98gYPTBzwsnaU229LXte9nG9nrbdrS7120OypOhOXKpWe0U7K2uq0V9NWrLVWVzT1bW7zVbQwQhlH2glIE+aRtoADnn6cZ5wQORVmBkt9OkN7A0EsDhpZtp3ljgogUDGPXpyRjpVrTdEn0K1stVdlmuNQZ4xHINxhjBHOMHJXA3YHGQGIHBZf6xst7+2uI0nmklTbMQFDkMOAoBLKm7BOewxjvHNGdlTTcbWvrfaLTtG2n5Xtomjncou8aV2t76u7sndbaWe+vyOG1bWLmeKO1XzY4lYFUySWVjySSM/NnIHYNwe9VdOkT7bFuVjFsAW3cE7iMnLAjGSe53Hj1wB3V5oZltodURY2xApaXcu0llwY1QDBYYwSWHUZPHPLWVtNLMjLGqzFimcDGwE5CsQpHPXjGePeuqhytpLZWVmmno1q1pe6Xa2+9kyJzSjZSScVvs20krPW13t5ara1/Q/CvhybxNL5upzG00yzZnicAeWCgysafwsSPlPzFsMccc119xcw6fHdQ6ekMLMPIji2CSXyyNpnKgfKzYyMY78dM5GmT3MtlbaZpkTrM0wVIIkMm9zgNIQoyXbOAOeeR7fYH7Pf7JHjX4vardPpkRiktfLB+3RshnmlYbI4EIJkctwFxxg8Hkn9B4dyDG5zOnhsvws69WfLKckm1FPlbvLZOPW/S/qfkHGPF2U8NUMRm2f5jRwWBw0JPknVjFOEWpc8ouScpWWnLr01aV/kjRfD2r3WtWssV5JHAWRJL9o2VIt2CU3gADAyQOcE9QeD9Qt401PwxoaR2mrobRIHs1itpOZ5duxpXTOATnIbBJAyMdD9q/tMfsU6h8Avhvod/Hqb3d7eJ5viC1jsXVNPu9m+OBJQuGdy2OWBTqcZr8zU09/EMkelCMWeCkAb5iXuHcoFKn+InkjgYOemMe3iskzHhnEywslOGJrRSfLJ2s7LlTi5aq6urp6tdrflOV8ZcMeK2Ap5zgcRh8RlWCxNSMZyjF8sqMk3OXPdxdkpJuzSldtPQytV1eO4k0/TopRdy3t0Lq8lKDcu9s+VuHO0EEgnGDkjOBnvtQvNYmt4bO0fymMcabrWTZLbwqNrIHXDMG25dR83zMGzgmrfiP4L+IPAN3pI1i2kiM9tDdGJYpAximYGGRmkGBG4x0JyAFwea/bj4P8A/BLzS/i5+xxN8VfCXimzPjdIJdVlglRg9okKs7WTy84kKqSMr3APQYjA5Jm2MqYmMKU1Wp03VlFyUJ8qtpC+vM+Zb6tvvY8XjnxP4L4SweQ4rHYuNTL8wx9PAYevRgq9CnUla9SbjdKFOMbyk7pJNpN7fgrceHLC1efWbfUobhrONjMlwAzNM2S3LfxKSSMBjjBPQkeI3XiZ7TVmvBHloZXJncBPmJwpI6nIx8pPPJHYD074kw3/AIL8Vav4UllE7aXe3ENwrBh5l3bytHJnoATIhODlcHdxxXg3jC4nZIpvLijeXElykfKqcjDuV24O0AYGT0x05/P8wqThXnBpqcJyjOLa0mmrp82rd93o3p02/ojhrBwzPB4fFupGvhsRQp1KM4pOLoyhCUFHdWkmpbrR3PtP9nLxfYXXiiGPxbpy6zoRlWW6tlKruZwBGuepG4j5c/NjjjkfSHjbWNO07xNcP4csFsNIuH+0Lbpl3tYYmwseF3CLBHQZx1/hIr82/AHiH/hHbEaklxJE0LrJ5bNhnCgYd2BJCDPyr/ugHJr6f8B/HrQ9IkgfV9Pj1pdTuCtxHdbXZIXJDIpZSRk9OBnPoQT+scC8SYLA4FYOvWp0K06ilHEzacot8qUeZRcrKTdk9m9bH43x/wAFZis/xWa4LBVsbhKWH9lLB056VE2pTnBStGUlHRRe+3e/6UfDr/gpH8cvhh4fsdB8P+KtSstM8OA/Y5pCXYxEKEt0Dn5IdgPB6KOMAZHkPx0/4KAfFv4xWc0fiLxZqeoTPILtlmupWtFjwQwhhDlAcHBJBJ3ZIG7FcnrXw18CfEzwFe6p8MfEct941uYZr++8IeUoTTrOFWZkWVmBIVAdpwuWAyFGTX5i+ONdvfDby6Rdq0dxaCWK4jRtsiSBwCHYEEHI+7j+ZNff8Rcd53gcIqc8ThqmHq0fZxxVGFGVWUPdTgq8Vzp/zJvmWt1rc+B4D8MOBeJMzrYvD5N9WzXDYiM8VhcTSnTqUqzs1OVGfutyeqqRTWl0z3HWPHZu7GW7DSyT6lcEF3wVZ92H2bvuhm44I5OSOebkfiuw1fQ59AtreGxlnRILmU8Mskow0zYI+bJIAyCc4HA4+d9C1+z1HSGS+vIUisIjJbxySeW5nZt+1ieSVwMA5DYyARnHL6b4xvF1P7Mp82O8vAIgTtwqEASZGSdmNwBJBwDn1/G8TncatTnlJS9to7vRt8rvfdb9HtdrbT+jsDwbOhFwjTlBYSV42Vk4x5Wkr2aSSs0u/XY6a48E+KpdZ1Kw0qb7TZaer3FzKswW3VF3ENON2AzLyMjGccDt5jdXV9b3Sy3JjuJrKV8tlSEMb4UA5wyjqeMZI6E8ew+N/F9n4VWfStHvnmbWdNjfVJ45ASHIBkj3jGQSxHoNuQBnB+XJ9dE16zh2MQcqysSSyEkgkj+I4IYHk9uuT8lmGIhTqqNOV5t3u5pxV7NRV99eqt0tY/Tsmw2Jr0OepRjGPLywSi05KKScpaXd90uz6209Z17VbW40CLVbiGUapc3mPNT5Y2VcBUQDaAoHLcDdtPYYHkct7JFJLPkO0rMVdT93oOpGR6HPHrW3c61DfaabAhtscpeBBjbGrY3HPOMnkDOfTAzV7R/Bo1CLzRMuCqs6EfNGjDLMRt5PJLY7c+leLicWoJTnNK+7VnorK+9ns76a+b1PXjLDZfCUsRJUrzaV9rNJaW0210V763ObtdSlgDOi5dwpJ+UAH3AOPwPYnjJO26sF9c2st0YpDA2Q7RqQpLcgKfu4wRnuDzjqR31j4EhiO65lLQZLKNo2ygdcNg4zkEcDg4zzXaWml2gsvsUEbJbKzYQoD5h4AI6hSu3I7AkYGQMcUs0oRVnUi7pXeml+Xzt1s7bO/Wx52J4jwELewkqjuuZpctlppdqzbtZrp3vY8b0rSNRnZfs1s8m2RckqcIW6EDOSD224wRgYOa+h/Ap1nTZZLWeGSRri1MbtLHkRJ8wIIycoAecjPPTOd2vovhaa1hgljtnMZ8tlZVAc4O4+YeML6dOecDt7LaaHJPbrfRWksVx5JWWRFLiPAAHmfwkknIyeOO3Xgq8RYajJJVE1dJe9FJvRPqrNbqyfXVvf4fOuKKOJkqUUoxcklLRtRUldNtrlet7eq00a+cL3wdcR61FPHLFPFNexsqqQhDNMrn5PlOQTwDgY4xgbT9YftuQRHQ/g8AWaa38HWkLAneY2WFfm5yBz1H/Aj1wPJNT0C6Fxb3haQvFdxLIigq6v5ilQB0JIxluoztySTXqf7ZbRy6R8LxF98eFLVJg7ZdX8vqQC2DxgkjAAyRgivXy/NKeJjWjGcXzxi9JX0TV72drXvvtbpYrLsfHF47LHzwqSpKromutOK1SeqV3fW22i2PjjwLrq6dLe27yLGjxs0iO+0yFVGFXJwM5554XAxkA0/wAReO47uP7BDbbYiu1i/wC9KtlgxXGcDHBP0FebLE8U8wDFmUB1G7AZep2uOdpGevYHPfGdJdASzCOP96yAZ3FlwueNxztySO3JHPbHPXw1OrW9q7uzdlrbolpo/utb72/0ZYZVEp6J6PZXbdnq321/DskrUt0i3DzMuUAxGGBUKwHUKDlsAg5J647clq3DzM0k6gKyjb8uMHOBnGT7ZUhsE9ciq9lG87qJFLn5nOArEcYyR0GOuegHYk4rr9P8MX2oQKbazkkcuCZRGWBGcKuAQN2Rwc+5HIqZOnRhd2ile/M2kvhSsr3Vuv4XMqyp0IxU5JS2u3a2i26KN9Umru+j0ZzvmPBAXMIdmKhHbqAG3MAoByeMAY+vUis10MsztKpKEA5YbUVs5wBzknOcnoc5r2C3+HWpzW4mugIZVmClJDtZckEHZ0JwcdSRnoODWs/w2gi3eczPOQArKpZMtnrjJVVGcAdAdoznJ5KmbYOm4p1oSvpZNNacqekUrdn5JXd7HBLNcDR3rR3eqaldpwTStHSyTjotNuiPDY4I2kdlVZdseMsAAm0KBgkDvhc5PNTXUDW8Vu8iB2ch9+BwmRkk8EYPOBnA6c17jJ8MUstjmeOVmQlYlUjfuw2HdgMYyCcnPQ8jg8x4h8KXAjVbdFdlAV0B3INwG0IQR078Dr16VvQzfDSaSqJ3tpbTo1u1ayffpZ7WXXh83wtRwcKsbSfnbp92m9/nbQ8dnvZDN+6K+VgqG6biTggc59y2c9T04Fa04kk3hdoV/LLY2gliSQwGe3X1wOldTdeGdTtLVZbmwultw+GnNtJ5YcZ2qpVemOAxxjjkcVTi0S61B40tbO4d1PllYYHlZic7VVEBZmcsMKgPOMjJJb0oYunU96Mk1p5rpdPTV7/8Czv7VPExqwvF6b3TVrvl0cUu62stdLp6rnZG3TNKRujVdwyc4deAB24/Ug8HqM64leeXLk7doOSMDjpuIyMY6enC8cV9N+DP2U/jP44ktm0zwZrVvY3W1UvNRsprO3HIU/NOIyQq4LFVIOMjGM19CD/gnR8StNshqWvXlqihij2tnumZeM5LKONpBPfJByMDNenQy7G4yCqUMPOcH9qK913tdp2s/PW3TW13zzzjL6Dca2JpqSaUouSbTTTa02dtne2mnY/N0xh5MsCiBeCck4yAOPXBOBnp/eyTT/s7yPmNGaM/KgVWZ8n5cY4x1x3zjriv0h8OfsGeI9YeeWS78uGFikTMCBKQcYYkLglSx2nj5ScAnNe7eHP2Eks7u2tLu4toFWNXnmkiypwQ21Om4jG09AAxBJPJ9ehwlmuISbp+zi0tW11atdK+t9H211OStxPltJWhN1Xomoq93dJRvp7t+17Wvrpb8ebfwvq93ua0s5nHTPlsu4nk/Mw4OMEkZ4wSM8n0Hwx8FvFviSIiC0lCjJWJEd53YkfwhSSDuJGQOQQRnmv3g8M/su/DrQ7q1GsyaTdJAgb7PJHGgPGSH64KlcgHP1r1PT/Cfwc8O6iH0waNoQijAklkaD52yA3lqWw2cD5vlHTGcGvXwfBFNTi8XiYRjq5K6TdrenfS8r6y1PKxHFk5NrDUHLdqT5r30V0krWVu/fyPyi+Ef7DN94huNBbWtN1i6+0XUaz2aRNEHj3AswY9x2xjOcHuD9UePP2BYPBd3pupyeC2i8P6kGtrOJ3E161ygHEiZLKGbghgBjB4A5++dW+OHwk8JaXDJBryTatZMkdtDpUSBhsBI3uvQE4y3HXjpXjvif8Aaw0q/ntri/k1LVlZZXtrckmKzLKFBIGRvAHLY49c8j3quR5FguSn7TDtaSk24TkrKK1Sbktb6XvprfQ8T+188xVSU1CrCC5bcqtFJOGtns9f82fH9p+zV4e0bS72e+06x0+S2nDC28qN7oKzABNhySdu5WxliCQBggV1/hX4MeApWje/0uJWQkxy3KqnykAowU8nLZAwDgGrnjP4yW90NQuNM0WW4kl8u4E1w5J3Z3MuzJ3Kq9cY4AVucgeV6h8dtfu7O7a3srOFhCkYuNgzFIgJwi9TyBz33Y9Mc6x/DGXza9nGq49opwbTWqT0TdlbS3Z9+TEPiGvG0ZyTdt5paX2ei122XneyPpnQ/hlosEiraaZYC2gmQrI4VGLHhWUtjCDgrkdBknBxUniRPDvha+t4db1HTpIwrvDBFIm6Bdp2hygJ+UEkggA9sZGPgSH40+Or+a5a71e9gEDtG0Ee6CMRHKpKSCANoHTn5iAcZzVzWNftZtMfUdQ1KS9u3dJFlafcwTghGDMchSBnGQDjlea8vMPEDB4VezwOXxb0tKpZK11vGPZ2b1tfq9zznwxj8YlPE4yteVk1Sbl8SjdXk0ml1snrdJXaZ9nX3xc8E28RtLKa4unVURY4YV8tzn7qPwSMHOQc+oyOMG4+P8FjbC30vTYbRZY5Ys3nzHeAcNs9cgHJHOeAe3583XxH0vRVM5vjJIr5UIwPlhz90gH5gAR16HJGcDPOz/FzTJTJJMr3jyA+W+M7HbAAUZ7ZCk4z8vI6Z8TGeI2d1YxhhoUKEFBKTpw11aurttpWsrJp7Jiy7w9UZ1a1X6xWlKcXGNepLlUbR3Sto0tOmurex9w+LdY+I2oaUPE/hm/li1AWjTXUtuXi3WokJYRHClikedw64HTIYVw+jeP9X1p0ufEWs3D/AGULFJFPNIVlbaFZtrYMfzNgkYXJwBivGtC/aO8UxaJHogsYZYY7WSOzkeMbkjfJJcnJPGN3JJxk89PINe8Za/qFzcXVpKIzKAJvs4CRqQfmVYlAGScYYFjnI78fHLiHO69Wbr4mo1Jqy55ct5NN3Wi0duj0vZs+zwWSUaNFYerhqEFHlUaiiue2l1PRt6vTaVmvJv7J8S6tZyWZeOa3sSYyVdplfzgrEkgswZcgfN+JyO3jOs+KNGisWL31tHI6FXjQiUuysSXfgHecAggAqfpXzY+q+IdUmt1ub25lQZRYnkKLn5cHG4EEjjB7YJyBWungrV0ia4khuJvMDNhFeYKrcgNjPb2HU445rojmOJmrTqOUna8r2d/d2TVtX6a6Xsd6ynC0LtRVuVXa6K0Wnays3e3ztseg33xT0W2tFh0+Ka4a3VUdFXETMDli2SuBuAIwvfAOM1Wk+NeoX1mLa20qKCNCiGRmJyF6qpPIAbHp0AAJwByNn4GnkaO3RRG1w+X82LbsJGWDEj14Ixyeeea0r3wJdadExQxbY0PmeUAx3buNwUZCtjkcdecgEV1QeIlFycnblT3dm9OrTVnZ7W1bt5Y+0wMWoKFpO0byWj2td6Lz36a62MPXvGXiTVQ8a3skdtlWBtgQIwcYG8OM5ycn8c45HFT219dB5ZZrmRlUgtI7N5u3HLHP3SMHG4gdRzzXptlpD3EEyKqRiMqhVxy5AwSvGSD04GOo6jFOXRrOSOaMv5ZiBQxqTknozKeOeOQcZ/MVxzqucvek21a2rSul3dtFq9vvuioVVSlJRirPVpLlbta621S3V7d9dDzKLSjJCFcqk2zIYtgucAkDkgEfxEZ4OOelSRaIHQKFKKE3MdvyuRwdrYOO+T8vTB3HFdh/ZUbzeXbtJtiJULyXfIIwvBwOmeADjJPWtd9L1BViVLWZSECsQCSqt0DAH5T83IAHt3UcdavZ6Pay/md1ZbJtel195o6k2m4J2Vm7Jys9G9E7ayv2/wAuEOmTQ/Z3iREkj+7sGcAY+ZiPu9BwDzz2zW5p2kQ3t/FLct5joC0h2fIpJAZSBnJGVIOCSCK2JbC6s1UGByuVV9yny9zEgkMR14+8DyRnmr+lt5cqxqURyCJgy5BRfmBAK9cYwM9ACOQDWMK7dk5a6KzT1eltHolZLfzelrjhXd7VE1J8tlqtdFaz0V9n6dVqWf7NFrIIYkQZO5WQgOiEH5TzjB59hu59K6TT7mBLaWMKUkWIr5KP80rHJDAe5B56ngYqCwjuDNJeC3d7R2CFnydwztOznb944I6qfl4HFZUcrWGrzTGHAE+2PaSRFnIIY5A45BUgc8dRilOrzJtS5mm17yaVvdS6K/Xa3TdKy7YSutL+83dNNXsoq2ifbo9d9S7FrcthdQiVZpLdZQs0RzhRgkDAJx93jPUjnjJPdX3ia2a0tJbeVxCpDrA5ONx6qcHkKQRz3x97oOSuxKYnuZ7eBTPE4XYAGfIyhHHJ55HJ4PIPTl7adS8lrctJvZB5SBs7C47gAEMuRnpwRn1qIVJtNaLaytZa8qvzN3d763duzsrPOrJU4Tns0k3unokt227t9tOrXQ918I+L7yG5LiREikYFI5GwI2UdMAkhgM54weOOK+l9A8WXd9aSWs9w62rlXWOTI3YJ8xYm4AxjvtBGRgjk/E+mwW8doZVuN07IRnBBVlI68jGRwCBkZ/izgel+HPGdzp0VpbNsu0RwrhuCi/KGDd8kEEAHk4XjqNY1p4acatOck009JNqztdWsns007Wa+dufBY6NW9GtrBq1272u4xdktdLt3t3etj770HT0ntY5oopntZWQpJkMQcDjI5xxySSG4JB+9XWiO3gV4JIwhkIjiUnkM2RuXBPJGA2f5kE/O3gX4p3GmMbYtJdWMkOWhCHMJfkkE8ggkqee2e+T7bpev6drDI0U2ZAvmqszhXR+OFzklcDHAJIHbINfqXD+f4PE0IU6tRQxCSg4TsnJ6RXrto1bV9LM8zH4WrTnOcYudF3lGUfetsnzO299lpuaUemIksquEZHBCsykMrKQSNnzYJY43Yzg8GnfYmt7uOULEyEKnPB55Y5BBD8DH09M537G0S/33MczGSNRIqYILyjIIzgAqMdQe/pg02fSbqYG5kkLFhICFQFoWAPcHrkcnOOo4ytfc0YKSi1JNSskntZNeez2bvf8AlTSR89WVKcGrqNm0+bpe2jT2s3pHrG+vQyLmFGBltflKMXZNhAYYywVmHykgEkcdc/dwTEXF5EGtswsuXkhyTvwMHaRkDJ64OV4Ixwa6CO1vFtYkdQHLMUkcAtNxgg5BxnhSM459DWdbRNb3F0oRItq/KegywO9MnIBOcnr94nHFetGMYw0tFpXaVmtbPRq9k73873d9z5evhm53T66LstFdO91bS2nknZmPJFI5cEMsKp5hB6ZAJZVJ6E89+WPXvXtf7P3g0QafrHiyQhLzXrpo7cS/M8VjahlwGJJ2lk6dxg/Tx68liuI5YAfLa6VLdFGQFlkOzIA7gsSfXd14zX3PpGgW+gaD4X0a1VFWPS7Zrl4Rhy88aSyu2BwWy27vkn5q46VOVXExunaPXXlTbS07b36rVW1sjwc7xCw2XyinJKo99tI2v5drvr5WaPjT9sjxJqWneGdJ0e2OZdcuCJzGN7taxnCHaDjAxnHQbj0zX5zeXC8YhvyxuYlOZihfdExJCsg3YRANpJxg9FGTX2f+3TrCaN488KWNrI7wJo/niNmIiIaRVLc5+YrnGfUHH934mGqWsk0ptgRPMoMTks8Hz5G1srn5gcnj5WHUDgcmYSlCvKErpx5VZ6pN6t7+el3ds8bJYKvh4z35py1ab15ktWub3Xbd7WT6szI7ifTrqWO2vmkAJ225LBZoSdxCocgBemc5APQcZLu10/xJtjkFsk9vucwXEalhGCd2yUjlWAIPGQOT0BDLy0ujIY3XbLHmUXIQhXXupYZOOoT1XOOuTXSBhfw+YY4MxtIdo3K2FxsJKkjeMlwf4uTyMDxq9KlXgo1FTlB6NWvo3FO7t31V7Xv30PcnSqYZKdCUqVW8eVwcu6u21fVeelr6p6El7+z/AGPiEwT6dqEGmy3sSvFawSK6NKeCCeFXOQ2CM8nC15r8SvgF45+HUEd1NbRXunz2pn+0aeWmkCtyPMEe7GCFJOODnk55+jPB3iu48HarYX5s4te0+NnefTZA2xPMJH3yTyAWK4OQM7R1J+5vDPiz4TfEDS10k3VvomsSQI8unazDG6732/6PBLLn5S3AOQCDng5A8+XC2X4+NqX+z1fsrSzbcW91bfVWaaS2ttyvjTPckqKrVpSx+GjK1RJNvlbi9X3j0d7fkfhLoFxtvGjuQ37scpc7o/nUgkEkA8NyoxnIyOpFehtrBWCa1jaIZdTI5bOCQeFwCSD0/Lngqf05+On7H+iazYx6vpmjR6dc+U9wb3SiFs3LAMj3BQhVD5BBJKnrjOM/lj4l8J3/AIa8QXmiai0ReyJiDQMkgkMZOCWU7c/KOncmvzvP+Ha+V1orEOLhJ2hKMlZ/CkrNPl03bT6aqx+j5LxJlnE+HdXCqUKlOK9pRqxlGUG7N25kl6X6WtuzpNP1F5lXfGDEoaPlsgMQNrAHkNnHQ85JA4NYmp2slpveYzRs7K6yEbRtkYkAg8j0HbqcDmjQJxNdpFCoVIxufzTgM655X1AGD65+XORXXaxcW97EEmHKRbmlZ8RhwDhc8jaSAfQED1r5yCWHqxUYqSel9Uvs3a0Wm97fK+h0uLpVVytct3zSS5rpWTSb1Ss9ba9vPhopXs3Fzbt5jxoDhlxhy2QdvcjBzkccDgc199/C74z+HT4Eitte0+2XxDpgWRbqZhGLiFAVSNQAd+R8u0YPXJPIPwP5cFxIIBIQ5X5zk7Tt5CDj72OgGABjBHIrpdD0bVNSuRZwxTbjxFIXI/dqQVUjtu5VRk5xhaM3wOGx+GTxClyxd04tRts227aLbZ9Xay1XPm+Dw2YYb2eInKHsk5R5HZ3XK3dvuraXS30R9XXniTw/rNxfazb6fZWeovPvTzCE3r0GwFVwCfY8npW/YeMrHQNGnfbHFM8TTNNGVDIrK37oYGSDjgDOc4xxTPhn+zB4v+KDKJrttCi0yNDIJnBe6RMAeWpKjJGTzgHqWzkFP2hf2ZvFfw78PHxXomtQ6po1rE0V7BLKgnkmUEELCGOVQ54GNwGRya/IcbiuGZZtSyarjVLEVJqNOnKcpXaUbrRe7u0oybuutro/LqiyTEZnRy7+0HKpKapwUnJxaVlZu3LH3rxs92rPW1vnbW/ie17cyKiAl2ZrYHAb5mbeXHQllPJ5IHJ65Py94x8RNd6tO6xh9ilWdgNsbOSxVQDgfMcj5QBkDjJzQGral9sMkiFWDvCx2ttiyTztAHIBUALw2BjvWFeW/lpLcIzTvPKzNvUMzHPytg7tvOASSASM8HGP1vJclweDhGeHpxTcU76Waskk1ZLVLTdavuz9z4f4fw+XOnUpSUk6cdY2a0jGz1vpJOz6LVX1KkkgeVHziPA/dtx8xH3gOM89CQfl6Kc4EF1neQsmcHDuTlMt0UHBXAxgljnjOOASXKySJGWUJI+BxkFkCrkkAZAJyAOQOvU5EUMRmVkUNgMAynkseRtBIJHHI/i9QcGvpkoqyej0/RafP9fM+y5XGKVlZJX3VtFor3ulold3vfRnRaFpB1WVYIZcyOCJFyQpZfujcOmDhhg+gJrrotAvrOQQ29tKWBKzyQguu4ZHJK4BGT1PHGPQ6/w0h0DeVvZDFLC/mszLiSRUI3Rqc/KFwee/QEEFq+itLj0S+uDFbyLAsi7opwoVnXPR16ZONoJOfQZzn5nM81lhKzh7OcoWu2lfR7vXut9dFrY/NuIOIqmX4l0XQl7CKTlPlbW0dr9dH1S373flGk6nIlpZWF1cuJUl2Roy4RVBUAlRjJDdu3TtmtLULedZJniYzCVS3m7RmMgY4+bABIznJ55Pts+IfBV3ZailxHa3KWbtv3mIkKGbiUODwpyCeMDgd6vS2F3Ppxkgs7p7a0j2LIsfMrqdx2sATnjpjB745x40sRQqOFaDXLO3NHVu6aXK221t1Vlotj5eeLw1Z0sTh3D96k5qV9Hpo77vVuy0s+pN4E8Q674a1XR9RWXYkOo20pE6ljNGrjercZaMpgEZ4B9Dx9+fELUdNudY0D4geF5P7HglsLOW9a0YPDDqCxp5vmRrgRI545BA4yBg5/OW01S8glt43tJmWQnm5JUxEEAlGyNpQZ569x1r7C+Get6ZeaJN4e11JIzer5lvczy4gkWPIKElsYyPlwOc5J4Nfp3A3ELyvEPDVJctHEOly3l7kZwas4vbW7Ukm9vePyvxEyP2s8Nm8cP7R4eMoV6dON/bYea99PT3lHWSXztfU+tPh1428NfEIPa3urR6T4qs0YpMl8beLV1VcmMrkB2kf72RkZxkcV2nwW8aXfw2+IuvXesT3likthfwwxmVlQpNvUPGwYB0ZCT6EHHvXxhcfDfToXbVNE1WS0u4s3NtEHYZZTkiKVSx2swOwfexgkc5o1bx5qD2ar4iaeHUrWBbWzuizs08K/IcsdoJwMZJORkHPJr9lxWeunQ9v7aKUPejJTvFpJaWT3vrvbttY/njHcJ5fjalanlkvbU8fHlr4etGSxGG5pR/h3d5UlJX91+4no9r/QzeNpNV8b3l3bTLPZwXd48SswZiXdmJIyTncflIJI69ea+wv2ZtN+Gei/EN/iT8Szpl9PY6ct1pvh6+SOWC/uEUtCsoySW3AE5XknB5XA/HTwz42s7DUr64m1FoXYMkS7zubdjew+flshhgDnhjjtn6x8VPFcV3c/2bqd35m3y7JzITJsAxhDuDKG4yvJJ5B3Dj8F8ROLMxzehHB4SuovmcqtRXk7Ky5YbJX2dtb7rVs+nyvwvzD2saGDvhqSw9Olzciv7qjZRS3d9W3vbW6bZ+6n7V3x8+DPxK8LXNlb+HdG8LeJryVw95b+WptoIQVgS1KrleMDaSBgkg5r+enx3K2m6jq0qTi4t5ZZmhnR90pRWJDlQW3FgMnGM8Z4PNi6+Ims6pbXces3JmuiPmmunZJlIGG2khclSPm6/Nzznjz/XLu1n09ZxdGe4MT75VbfGquQNrKSCmMgbcFl53NyBX49l2WVaNWdTEVXX9pK7UoPqoNtttxvon7rSvfV3TP3fgHg6tw44xxGIniX7qlKUElrypuyuozbWrW909NzhF8RTxebc5uGSRtsSRIyMjqcbhsyc424JGR8vTNd5Zt4q1Gys5pfPsbRYHlGo3kMriWMA4jDMhyCCACp2hcjIAzX39+xf8JPg5deH7rxj8Rp9K10MxJ029KpFpyIpO9yQQS+AcdTgc5HP0p4/8Q/Ajwlo0uoTeGtF1TwyYLm2ihhkt2S1SVSkCW0YwSxyCOijqS2Qa+NzbxBhgs8lk+ByXG4ypQlGnUxNOmowV+XmUHq5Wejas2lddz7fHcW0cNjZYDDYCtiJ0JQhOpGPK7ytfkfvNptW6Xtp0PwOk1nUL7WruLerWiTKJwmI0MKNhmiIPIP8AFjn1waXUr2y02+ju9MWIW8KvOX8wby2Msn8TEdecnrnJ5z9qeMvDXwM8W2Hk6aF8KahM9zJaC3ZWkvopiXgVtrfKxJ24bnjAAzmvg/xD8PfEcOo6hpemWU06WTyeVMDu82352MBkAEg7iAOhbGMba/S8mzahmFOLq0quDqRgk6VflhJaRei6rVb29L3Z9xk+a4TGxgqkJ4SpTiueniI8rbtF3Taadn10e+hyuteJFu4ri5jjkTLMYSJCIwzctjqCR8xBKnPPbAry2a4mM0jlpGEhYry2ATw3GecZ9M5OeOlesJ4B8RXarb3cJQLGzMIhtKdcmYc4wDkkYGOMHGK9W8MfBrSo7JLu8uILhvKV3Ny/lqkpJ/dopwGJ56gD8OB9N9ewOGjGLqXk0mlFa/ZXSzWmm+umyuz62Oa5bgoJOtGc2k0oWct0rqz0Set97rVb2+W9O027v5khjieZ5toSMKc/e4YZ4HODgdz7Yr7T+Av7NWseK549SvdMmvLWKWOT7HFGzO6b1yS5GAM9QSCOmT1rpPAvwn0e+8XaXomhx3El7PIn+kCMvHAshAdmIXGIhucFuCMMBkA1+j1xHr/wh0iLw94Iktrt0tovtV6tuFu7+9K73giQruO0naSDgrk4x19RZzl+Bw31mq7tL3YNq+0WtHo9tL+e+h87xBxfOhQjRwNNzxFZtLmavBKy5pLWybTtd3kttNVmaXp+hfD7TtO0NtNmE9yUiurbYqyWkKv92ORRkEhTjJ4YjHPV/jbVPBsNk99beHrSW3Sa3LNdorXcrwsMx4Yb3iyMsCfmA44AFfM3jn4n+M7bfFeadMdYupJp3MoczW02flLEgBVAxtzyMH0rzDUNR+J+pWFtqeo21xFAwaWzmljYR3DqdzYC/ISoHDHAJ6kjFfI5pxfPGJcrp0qLkoqMpJRltZJp2cpJ9Vy699D8+pcOZ1n03Vx2MqxhVkpuNOc4xt7rtfm0ut0n80fp5on7SuiXnw/bw5pVg+k6xPcw2i2jEJaC3VFVVVTjyg6gDKkZXOCQePEde8VTeIWl0O8ijSGy3s81pLuIEhPzyKp+ZUctgMcHAHHFfIvgrxDfXdzdveJCZltcySy7omEsXaDdjDhQMkYPBwea9i8JC11DUX1kTyWNi9pIJTcSkJd3cAO0BvvbcjuOTwQMAH8M4nhCvi51qkLzj71OUXHm5m4pStyuLSTsrvfo7H6bwvw1hsmpqNKD1abd0uzbbcXf1ck9dnY7vStDg0ezn1q5vjfpbiaG205cxScqWWYoPmLbcYGDgYLHAzXn/i/xu2o6aumx212ltdxNG4d2luERQGDEgERKSBwCMDBB4yNCDVZ7u5bUNTvhFG0s0NqkXywyQqGBCgcEsv3SATk52HjHmFxrUlnrlwNORnsb4FQLyItHFEmRLIXblSuCDgnOeVAIFePluBnVrutUiq81FSgnKygly2jyqyWm7erkr9Lr72U0oxjdRjaN17qWnKne92la3rvpbTiLnEcAsvtYs2kcPcCY7yImIXJPZnBPBOeQABxXOaiLKCRNMtNjBGEiThN805JwQFxjaOVJzjaD3ya9q1qXwr4k0ptHWys4tTjjzY6hauoFzclt0aE5XcPugggYbJAwM14feabrGlam6a0W0+4gIjSQxB0SIISDuzjDDaoIJPIOCCDX3+WOnVajNujXi3anJL303FJxkuVNJb8tm+uiOLEqM2rJS5eVtpJrVqyvdK733V93frm+JbNbXT59RF9ZQq1qq3FgsYMrBgCApG0hivBwMg84HWvlnxXryajcxQ2yeRBbKq+U3OZGJ3FW64JyTngDjmvRdf8AETJqN7HPcreQiOY+YVzgFjsWM98dV3Ads54J8PkcT3EhyxBZnjLL87YOfmbHLDr3OOvGK/UMlwM8PCLnLnk1zJtape67bt3Tsl66WQqSXLZO1krbJqziuVat3+feysk3LNatNFLLtVWhx8p5G3Bxj3fg4xjGDxzTrBRCiho1aTcWUAZJPdSMDAHPUgHPOO0LStsIcu2XUHaeqnsQDyxOc/dx74wN/T0hjeG5kU+ScRspGeoBDFuqnkYBBBzwcV9C6kYxak9ldu/krLXsrLR7q2iNI2acXFu7Vlrez5Wm9NHZ2s+qdrm34e1OezuBJayvbXBkDttOY9odQRt5y+cbVA68cYFfXHhrRtfjn0rxGbx47W8RGkdIyZVRRnMrY4TccBCwUYPcV5T8LvDmhz6vBqd0kE1olyiPaTnYNrAlpGLZB69SAOADnnP1ovj/AEWw1O18OabYRGynlaJpZtrQRuVwBHIN25ASowB1xkjBNfFZ7ioykqVGnzy5X7WTfLGMdNHLbfd2T1W+x9RkuGppKpVqOCUo+zSlKTk7rdJ7NN66rXQ1tO1VrgXcNzILOOeOXydRf78yoD8gXPyq/POcjIGQdueF8Ry6bpVgst7qJuPPMgimiKs6KM5iOTktuIJ5B4A3ABiJ768v00/V/J2TSx3jxrbyLsWKBiwWSMAADIJOccqCcCvnPxpql9YMY5GS5j2KI4ozmOOVuHYNnhh756kjAxXz+XZdGrWVSMuRXTsrtOzjtZJbXTSfVK+iPo8djoUcPGFue6STbvb4UtFa73emuq8zlb23Go6pLLAJJIp7olZpAcKFb5EBOCMkDpyMkYr2/wAHXMjz2VlqVykcFuu0yq+3yiVAWMkNgjp1Pyjvxx4lpc1/JbR/ZrN2jSYPIHXcqM54IcfixUckYGRzXoVjo2p2kgle3ndLpUJKDEYLkbGz8hOMnAI5IIyOp+ix9BToKk3FQUUlryptJPV2vZNW06t38vBy6pWjiPbRjKWqu9U7Jppaa2co7Nq60PbvG0sNzZWsFq5kmtFCljIFiG4HYd2TgsSMDGRk9DzXGWtpqFnp4u9TnF1eJJtitxIrN5RII3HcS2zORkcAZPoOttdG0qxWKPWNQVhNbpNIryYIbaCI3Qk5xxg5yGJ56AeVa9PD/wAJB9nt7qSztnT/AEcyuwZ03EDPykDeOBzyvPoD85g6d5PDpvkUnJy5Um1ouWLbf3XR7eNrOco1pp82kUlJNLRK7Wq00aT1vfoinrmvR3mp2yWFvILuzZTKbcsswYY43LjkHhjnGOT0ArjPEHinxIl5HFqEV35cLGVJFkcvgMWUO4IC5GCVJP5Yr0OFtMtdUSazMMTmHFzNLtLSEjnaWyPmH489eoNbW9b029WT7PaRyQwIY5VEQYyOeAQSDnnncDk8AAYBr2KUqdOpCKwylFK3PLdJNWstVayva1u19TzJS5l8d3daK9pLRaJa6a7aXXkwtvBGq+P/AA8t/pt1Hp9yioIbORwqzMNp8xnJ4+bkEnoAAK5O08H+MtY1Ofw7c3MQXTVAaQspjiMeN7BwxBb72BzgHI6HPQeDbnxFpMV9NKt1Z6PdE7nlZkREwTGISTk5yMEAfNgbR0rY03WLKytNTnuLhi87sIfLYtM5YnCzODkgnHByo6knAxtGvXhOtGn7OrTdvYtRV4O8Y2bVrtXultZb7M6nDBVKVByhUp1nH943KynFJN6WW7el29reZBqxTw1py6W04Vt6Kt80mJJXICuQM5Kg5AxzxjGMVR8J3r3mqMLqNbzTbaTLAkSbpHXYr56dDnB55HQ15Trt/f6o7T3nmrFbTlYQ4Z0MZcndnGOPfIXA6ZNdn4FvYNI1GG/WdZrRHSQwTMsYnJwGzkn/AFeMjPfk+lOvhFDC1ZWUq8oSm5R0lzcqdtLpa6W6Rv3R5rm5VoJXjTvGylvypW1urauz1Sskt7nceImtZrlLKGe5iRpjIkh3BInV/kiVcYHDDp1GO2cb2i3uoWYLahc3EF4qFLF2XhoFzlmC8Z2/dJK8YYg9+b8eeIdHvb5LfR1mN7dmO4kERDokmEXMLL1YAEEdOOcYzXKXnjS+tFjs7tGjk2eVFcTH94IwpVyUK4wSACM88nqOfPp4WtXw1JSglJ7xd3JWcb6vez1V91bRilX+rYipKElbZct2uz5uyW929rrbfz34iah9uv7y4F29zLJL5UcUxwR83zMmeNxbJGD02g8AZyvh7pVnPdG6vYxIouFUb2wsTkH5izZyRhccDLcE5JA6Hxdov/CQQWE2nRhJh888kZxExYctIw+ZCST91eATwcKp5rQ7eHQjeQahdhJRzhZMp5aNyY1B2uzEHLEA56+30+GkpYH2NP3akYqMorzsn9/dLz62PDrzaq3lrzy3b0kpOL0utVr52t7uu/o2twm2huZtyGMswtbh2ICrG4Ty4wdoGfQYX64JPnTa5LpE6/Zklge4Ql5AuBI/UuhyNvT5SM9+DxXRv4ss/EdqNGgsmnuVBi07CEOTtyztzg4IGHPPI5O7NYepafqsEMcd5YiR7eMM08w2FIyCQS2M5QjDAbm74GRUYWmovkr8qk2lyvVtaJpr3tWra+Xa50QqVIcsqb5UldSitrKPMn2lpbRu6dtXY9FsPFWmav4euLG5llF5LD/pEjS/POMdBuPLADAI565+Y5PAWotdImuYprZNxYS2kk7bmCZ+VhwfxxwcDoOKt/DnwofFWqA3Nz9lt7SZjKGVhA4bcyplflZmIxxwCM9c10/j/wCH93pV6NQFwRasj/Z4G3DYqEDBLYG08FVzyGHB5FY3w2HxDwtOpZ1IufJfRaJtb6JabddkdUo4yvCOI9ndU/dv3Vk9Vo15J631seo+HdIm8T+D7+0nmaa2iga7iZZDhH2htuME7Q2fu8KckY5z89TQ2li9zDdQxW8xZna4BIwIz0DEEc4HJHJznIzX0D8LbW4l06GO51SK0W+IjWCNiV8uIEN5ozgh03Dp644ANcp4++GOq6rq8txbN5WhiYwwXOwLbOz4UBXB6KQSc5Cseepx52GxNDDYvE4erUcYO0ouV7X05krN2drPr0sr7eli8urYnA4bFKPNOKcZRWtoqzTfVWjfd2WjtdnhunzTLLdyrJIYNxMu3LKIgDjnJ6nsOxznjJhuJbeOPzYGdRJvABU8liQNp6g89ehPTHGO7vPB2qeC4bm1uUF7ZuqD7RGu6GZ2G4BJAOAvyg9OT0IWvLtRupmmgO3yo1kYBAFxGc5O/BJC5AIUYHTdgmvYoyo4irzU2pQsknZtyS5V301Xqr7HyNaDo1ORrka0s7tpppN6aWe/TZ2tdG9Z+J/JiWxEYjdykUk5AaRiWGd/BPHTcc9K9p02K1l0K5Y3Kz3Mlsyhmf8AdwosZLq+Dw2DwMA5Bx6j5smhuIXa+McYUMGVsAhz0DYz0xnjpjOeQBXdQ6zdS+EblYIkhlSPMz7sFvMDAFQCMcL7ttAyR0qMXgVU9m6ejdWLdlvqrJPZ23+56XbJhNwqKWj0slrfSyd1dK1l2tKzWtzzr7QiXl/vKNF58gjJO7y1WRgNvA7glegwOT1I2LC7R7C4hSRpBO43KOBGv3cj8ByDwBj5elcfFE0/yBeGPzk53EnJLnkZJY9M9cfj0dlFNZKiSiSMzFQDsIBXccl9ucZGM9AQcnk5HtThamo7tKC95PXRb2dr3021b+6pyduVtWut07atWS1W6dtVu+psNbiFY5InZU2MVLHDbwADgHGMtg54BycnIIEkFqtykPztDKxLliMhyCRwRkYJz1x6epEkULX0kqgsiwoSI5MlSWHJ6qNvccAjgY28G2kdxZW0PyMElfyxM/WNScEDGQVAHGD1A6CuKcpRSWiknduT0W2t9NFe61s18iac273bsnbXfSyu9El1el1svJWoN1qSJFaUQANGzHMu4nIYj7u0Z43AZAzg12vgnw9qXj3xh4b8P2EW6fW9TtrZ0jz5gieRFkkY/e2KpLlTkADqoNcbudGICLKGjCvMW4bPIYhjuDAHIXGAB6hc/oN+wN8OF1bxvqvxG1KBf7M8I2jraSOo8mS7dcMykgLuRRnIJAwOc81z04OpNydm7tt630s73Tatf8b6ndRjKpVpwTbjzJyTellbp1S9V+Z7f+2v4kg+H3wr8C/BnQJFhkawtTqMcJC/uYERZRIFK8PKpfb6kA16D+xRZ23hXwLBftbvFNdI115gXJmJBAdm2klRzj2PGcV8DfG7xddfGP4+X/2eR5rCLVI9FsVBLJtglEcrKoHCuyknGd24tnNfrH8O9B/sHw5o2l2sKxNbWsEUzFAsZVIlLryQMnDE5IyMnHcd048tKMGlytq19G21He277Lzte1j2KE28RKcUlGn7sd/7utl53fpZnkP7cHxSaDwNo/hS3kkivfEVyk92Q/WxiyVUgMowXUEKflY9a/NTRTGgllmWSUOAFPcHGfYEhmwRjAAJyOM+s/tOeOo/GPxN1Ab3msNFYaVbwoB5aSxHbM0fUAGQE8EDGScLyfK9JWGKCRnk2qASkbZ+TdkqRgHJIJPBJHTGMGvoMvw/scNBcuslzPXW8tm7auyW9ml5rR+Pj8TPEYibk9I2jFaWSio3d72vd3fVaO3VdNFJFnbIxASIeWzkk7j90sCTk545+nUml8tERGkmD5DKAp5U5O1ioGCOcDd94EYJBzVC3eN4yWOWwAjn7x2g4VR0OMYHbJPQ1CZpo4nlWRi5bYwY8gNg7gD0wo3Y7njjOK7HGztdNPr06O61XfS/q1Y5KUmml0Vntq17tm7JL0tpbrpZJfBA6qJMsBhnYnDZPCkL1xgsSAOPbArImkVV2F12ozM5xyAOWIIGSAOvBxnk45Fi43vAHfafmYiTILcHAyu3pn0HJyecZPL3S6hNb3KWqEzzQzRwxqA0jEAjeBkHGMktnpyAduKErrVt2/GzS0vq27bu901rexbfvpJX5k+725b6ea8trt6q7XTfEcYklnRI1hkuHtEIIBaIYEjISVJYAZzj1bP3TXGy+Jo/+EuXUbOd1isbqOBIy4UCNSA5DA5YckYJ5znBrhJNZvdN1Kz0eWMhdPDT3azFlEjSOSfLxwG+YAAdd2OCcDF122nsdXWeZhDHfbbq3RFIHlTB2CNuHUAA8nBzkHtXHUlGUk3be1nZNfC2lslrbZN7u10zoVRqKjpe6vurfDd3sra6W6aux9j3Wr2E1lc38LiRI1SV5i+WVdhLBBjOSRjA4/OvNofGWhSS2lyLtYpVv4jMjMC0cUcuQyjnbgc9ecjpkCvJV17UD4ansNzKWm+Vs/vGQcAY5JQA4IAIBOFPYebeZOYAyECQyEMeQSQzHOMgAnOVyOmeBkGjERhOmqbk2pR27J2b230fe2vRmkK/I4vlUndPS6fMrSvdO99k1tZ90fvR8Iv20fCnw/8ADuo6bo+uWWsX1xpylI7iQJJGyxgNGW4AEbcDbg4Xpwa/J34/fFjXPiZ8RNa8R3979qkvpkMj79yYSUlIVY8FVXhT3BBxncB81pO9s6uryI7sQ/lsy/KXwQWVgRnPIYYOM5OeNOW5jF25BJV40JRix+boM5OcnqSGGM4xnNeJl+S4LB4ipiacW60lyqVl7sbxlp25uVN97LfW3p5jnmKx2HhhpNxpxd3G7tpy8t7ptJJP7r21ufTHh7VornQLXZGGlR1QIm5V4UZLEDAZs9VyDjglWr7D/ZA8GHxn8Z/CNtJB51ppt4ur3QGcILdwyhwQRkkY3HOSB26fB3hm6aHTLaGORRmQFxsPfBHOeTjow4z69v2e/wCCbXhOGKDxj8Qr+J/LtIHtLW4lGSqwqXmZDt6dC3I44AwDjz+Os1WWcO43lb9riYLB00n73ta8oU048r0ai220krLZbnucCZfHMs/wcaivRwzeKq6JpRoqMld7Jcyj2st1bbjP+CifjD+1filoHg+2YtB4d0vzJYwQ6pPMxG088ERhScnIyAF4yfgC3kG/fgIA7ZiDdSoHz8E4PAycdRxgZr0346+LX8ffGXxvrXmgq+rXVvazE5Bggdo0VTjqSMcDbyM9MV5sIilwA67EKgM6Abc8598uRz1yPTkj6PgbLP7L4byrD8vJKNCnUqJp39pW5aknzWevveffVrT5vjXM/wC0uIMyxEZXgsRKlSk7JckOWnFq+lko6LazV9XYjnMrEmUK204WLBBKtglgQeSO2MlSBu4yBUR1kkUDAaMsqh87gQeGKcZ2gEFQSOOc5LG40heaJULZG4bjypAG3AHqV25Gfm5+hquxiZphEiMuVLkAEMSACvA+U9DkDA4II4r7GclNcqdrpN+7d7Jq7XZq9tNbWdtD5SjNR5WtXpJrV6tpbtbqz2S8r9Ks8qRSLDzIjbnYrgB5AcZHYgd8gZA9+KOYTvIdS5c7Dt4HHzAjPOOTkjnAGQMkWJt4dnkRWcbdrKCWbIBIAA4Bzg+wJPFVGiYyqVCIjEnI6Jk884GCDwT09AOp8uaSk7rXVXabbd1o3p2Wq0V3tc9OLTSt1s7WatZ3/wCC76333siWURwyIxDOwBzkhFxlTkL1BGO+cjp1LZM9wEQBVGNuH2jCbierAAcnjBY/KW6DrVy6YRQyIoVmBwpzxju270boR3J+tZMe50eNmUh5CWyemPmGM/TGM9MnrgDFuKkno+33RTk3t1uktNTVyatre2t+j23ba2Vvuel9SwlwMxKqhBt5BI+cheSDyCV5A/i9QDxUkswmmjCnBC4DOw5+UNlRk8gDB7+wAFUwfM2xrtDISgPJJGMllAwQe+BkDrz81NuSluEYMAVj3AgbskgAkjI2vwpIA7nsBnJwetn3XRpPSzvp6X6b77687kly200vZ/3drdNN3rdJ7Ip3YM0w80tGiFsYb5j8w6r93JKltxyWHXAOTVR3jJk3FVG5wjEhtu7AUEZ4I6kHGfrgyy7HAG4PKUGzHVyc5zzxxnrwTz1qJ41Plq7sSVCkHjGOox/Fj+IHp7gDGDV+q0drrrbb5Oy23trvrUFyq976cqbeqWltN2tNLXWur3vZtbjzJS0cW0yfIoLHLJkEjnuOMDHQjcM195/sl6bYwa1qOsGVg6WUdqkZbcDNNt+XuAO+RjAGBkGvgzT4I3nWNZeEYnOc5BPAHQ7SMj+8OARk1+kv7LmjRxQaXcLG7PcSz316rKRiK2bEXJOCuDx+XWvPzJuGFa5rJ2je973cU9U92t76u3oehlabxNN3UknskrRXupJ2W6vZ3b2WhP8At43iSWvguznjjmvo7ZmQxMo8uMKpzJjkjJDHpjt0r8rNT1qytuAJvlBa7UDKyOeAHJyDtbAGWyQPev0M/bTN3P8AEvw+8Qa+tTYRBbGJmZY1KgMGCnq3XBG0d8nOfjLxd4B1G+hl/sywtrdbq1+0SIXDbCuSIscbWz/eOAQFxk4HxMsXhKOIhTrTtKo1Z9bppXbSdtHbXbS9tjXMaU51as4xtyNXVuZtWSTaStqrta6LdJ7eNWt7K6SQ2UKLJcszIwA/eRMSSMcjAAPJII69OawY7a6invJJFmEeSAu/kycYJTOCQTjkcDkZHJtxSzaNJd21xbeXJY7VaUMNysmcqpHODkj65J5IzpQa1pN1G08waMSArGFBkuGm29Tg4UZHBJ6Z46V79O8YxcIqVKSUk797JvVbbLqmt1ex4dk3rbTbm8mr7pfpur9whjsbm2jkunEs6KSUZj5kMh+4VXvx7HjHAyM4C6Qkck95dGVYPKlZFfAkEoycHkEgAggdTg9Mc7uleF/EHi0Xt7otq3ladIZrh2VomcKDtUnbje3IAJBJA4GcUxND8Wz30FrdaNdNEVYqZInVOSQ0kkg4ZVwDuPykcc9s1iqFKbTxlFONnKDkk4q8d0+z3Wlrtbs1jCrNO1JvW90nZ/Cr+id07aNrc4uxnWOK4PLGVvLQbjuLqxA3DjnHzdh1xnqdEazdQxxrEzCdPllbduOzHOQ3HA+oGOhq1b/DzxheapLb2ekXMjszy2ohRjFPtPO1+DtHtyRjmq2peCvFmi3EjX+k3cUypiceS5iiRsgszgYwFB3ElemB1rr+uYOpONP6zSdSSTUVUjf7P2d3rbTXRu2tzJ0sTvKjLltq4p+67Rtundreza9eySXsF9BCYSPtSn/SN2TvyxDE/KQBhB0PUevV7ShTJbIsCqqbYiSMMSMDnuwJJXrzg5Fc9E09rdXEQASQqVkCndhFX76jJwozuPAGMHnANTX1tHbQxXZkkaOdSpbONz4I8wfxEZyCoyfw69cbcyUbNaddNk9bvRXtu/V20WfwtNx7JaNu9o+TdlvZ9r+ksUbyukKOySLKTJICNrjGDliMgAdh1AyDxg+teFprSO38mSdow6NGvmAFJnGcnqeBxtJGM9gBXjWn3kMTrbuJCzcGVxhSrnAYjJwQO+SWH4mu7W+tLezhUYYwSHY0fWUEZOcfc6gnHP5jGVdO6UX/ACvXTblv2vrdaabGdZc2iVvsrT/Cm9LWVr7aOySsdzdMI4xbxPuiExWV4wFiIYH7yjgsM569cANkDNx9BMmnu9qA/koJY3ZsGUEfN8q8DHIA54HB4wePstStWgkhlnzEGMkiA4ZXPKDOcEdCxBICjjdya37fxdZpBJ++YIWSERbgHQY27lXJ3BiBkEnJP56LF14uEdGk43bsnyq0derTaulbffTbx62BUvha6atJ2Ssr9L3el2tPkzovBXiW+0vU44EZ4IGeM3EilgQVYKCGP3SCMcZJPXJGK9z8S+Ibe+gkaK43N5fzu/Pmfu8nHBOcZA69+OmPm+w8R6aHlS4WJAi/u5ZCFeUknYG53Eg8g4znOM1Jd+Jpr2CSNWCxoCPOXHzlSV29ck4x8xIzntmvqsuxsKtFwm+R2um2nquVpXvomnfZb7WOGOXzo4iNWMZatX093RxfdK999NbP1INcuCzPyDKTJvZMlmXDHleeOAASBz3Pbxs6LeandrLaWjYu5/IUybwoIIG7jlQMEEnB9B1B7eC4S+1IwGdolMakyOCV4yQikjoxOOMDoOK7rwat5cXd5G9nGsVvcBg6xqVmRTtMY3ZEbkAksnzHnkYJr53OMwWFT5XzWvvr2d0t9b3a/wAmepVxTowTaXNZW2b15W9e+uz0so22OO8F+EtXtfEcck9sskMTFmLjFu4iCnh+h45OOvHTJWvpWbWjb6aYxbxQ28pl8+VED7HAwAmRw2SASDyAW46VkTXEa3aW3lwwW25JGeEgGFWGGXcOSXz0HIJHTJFed+NfFkulSNY2rn7IHUosgAMpIJIQnqcjljk9gc5A+BrYitmuIpXjyuNpcqdm9IO9tdFvdry1uzyr1MbWho0rpx1V23bZNvTe/fZdCpJZWZnvVjLG4k/1IRsNIG3FnK9u2cc5zn1rpvD3g6EpBCgaaWUrcN5Z3ALwHRzzhF6ZO3JwxwCQfELfxLf3dzJdwIkc2TEVVjkBuOGPGcnGAuAMnpzX0Z8PkvrCxtLi7DfaLtysqk7mjhfDBg5JZVyPYfxDqK3zD2uEw/NBtSeyeza5dElbdPXySSNMXGeHi3zJO6Si9m/datvZvrrZWvdGxq2k6joEUbRbPsBYYgT5T5cg5DoCSMDjA4OPauHurss9xMsM8FtCFIhdTtEvO0c9yCWGRzn0zW5428VAaobRZ3LxMnlhWyoCqTukLdRkYx6E49+NXxI9zBcSvGJZbiQQyRKCY1IwomBxgEAfKOhIzwDXNhI1HRp1K0YqU43bad9eWzaa6uzTb2Zy0KTUIzmvekubVt31WrjqraXVnq11s2uh8IFNUje3CzvcPcF4BtJbCkli4H3thyVHoepA21wvxhsru2utNTbNcAxZEjITl1boykYPHA3c4BPC8t6v4Cs/7GtJb/5GvPPDLFKcPEhPzZIwADgEnliM5IGAeb+K3i+31O5SELAsgaEMqKjLCcje+8Ak7ugx3xxnaa1oVprMIqEW4JJSk1e2kebzSV7przu7tG1KU44uMoLmSUU77p+65aJW6aPbV72sW/g5qT2WmzS38Uvl4lW3iBba+VCtkcqDjnJIxjHRTU/iXU9Pu2kh1O4k8tw8kCvwI5G4VBkbiqnqB7ds0y21RNM8JWrWVvHayyyoxVhhyDt3S9eEJzkYPcfxEjgfEby6i9uCwaaVt7yptDFCVbGOSq8dgAc8juFCiq2NqV3H2fvJXi2/h3drrdPV2ttYVPDSq4qpWSs7p8yfa27Vn3TvZXT82M0uFbASzqiXBRvlmJLBIyWIiY45yOeDwCOc5Fdfovi+1ltL+yuY0Mlwjwx7kXzIVwTtAJIKMcHOd23jpkVzcfk2to0MbM4dA2QuFBwQ+7PLccAkkZPQYzXmc2sQW8l1MjSeZExSONG5UFjukZlJwzZwOCRtxnggenRwsMU5OTb5WrN9bJWu1r+eqW+56dPARrJzlLa1mnq2rNJu19drafc1fsbbTES9AFwzqJHkHlP83LkiNlB5IwFHcDggjp3VjaeIbSSO6RC8aFhbqB5jAkLgHaewGOgAGSeOa5TwvJa+RBdv88sr4kVhkhZMAkkEHOCeOpzlRhsj0XTdUMN+sFo5ZS+N0n3cEANtX1A4LLzgEe9Z4yo4Wp6SjT0d9NFyptX0u7Jba2b3Z5WMq+yk6bXPGytpdKyW924u7s1po/NE2t+B7zxHFDqE5lOriJCIAgAZdxOVwVyQQM9AQo4IxifwF4Pi0S7u7vU5VOpo4a1A64LcqwAI+QYDAjJIAOSCa6+x1S5sZFkvC8KAv5EjuSChxtZSeqMfujopP4m7p2saM8t1dSPHFeM5YRyBXaVQcllB4U4HfHGRXlrGVnSdOUbxbauo7OUVrbbRvztqtzyamLrTpyoR/htO1oq6bS1a2evR7a2ut+61m1vNSghW5ihtjPaqsLMgOFQKwYNgfe6kEdCDxxjntI0+CSG7kuLa2aYI0EaeVvebbwzKhIA46tzheD2p2teObOLSbd4zIfLR0bzQp4YkL5OeQq5+6p/h6H+HhLjxZcWv2S+i82eMIQJYwEVWZT8kijII6jkkjJPHBrHDQxUpc0E4fC1q9bOLauktG3a36WRzYOlieaDU5RtK7kn8Ulyp6pta3dl66PYi8W2Gk22kS3FnZyW80BMUiQ5MjEsdxYDOAcEAfdyRxzXyjrV47TR28A3We+QmJxtcykEEEEZLZJ+YhRjqSeK+qD4qt57srDaw3E95E7XMEjK6x4XPzkkhTjn7p5HqM18neKbhl8QahMwjSOCaQoqMDGnmFi0e9cAKuTgc45xt6D7HKHVmuWs5XilZtt3XurRtej8ldPVa/cZfWqSh7Od27WV27rbrZ7rX8Omn7df8ETfh6L/xl8WfizeWisvh7QofDOny7Mqt5dnzm2NwQwjypwVOOQa/fTVWa5v0cY2wwxsqAFirvww46MMg56jk9DXwB/wSl+HA+H/7Hmia5cW/kap8TvEV9rU8jphntbKVoLYu2SzI0W0qDuBBBJHb9AmdZNRtooY2cy3BDhSQcbiQBg9MkBcnoOQ3f6XFt0cuqfZUacpuWt27KT+T0utWvSx9zlENaUElzc0bxvvqvPZc3azasrnB/tWazdeG/wBm+60vTBczav42v7TRbaCFGecrKV3siqCz5YBcZOdxJJwAfI/2cv2JPiO6+GfEXivQrrR9F0+0TVRFcQbHuWnwYXYkgozsyMsZy+OQCMivqfVryz8e/tMfB74VfZ7abSPDdtZ6xq4lVHSG5ZkmQSqSU3jb8pPUDGMgAfrt4x8S6CdS8K+BtLe3FzrGuadZrbwhcCztRG0oCrwIwqEkYIBJPQE1/nz4l+ImcYbPK3DeV4eLljqlSpiMU1JyjSlJQgqfS6pwu5WdrpRS1v8A1zwrwngVl2EzfFycnQoJU6SdoQcYqpKcusm3ZW0S1Pu39l74dWfhTwH4ZsY4Qkeg+DoZ52ICg3uqRiWXd/tcHqRg5PU7a/Er4u3bfGL/AIKXeCfCtnIbi18GT3hlRPmWL7M4ZmfHyg5Ayep3AZ4O3+hO2v7XwN8EfEfiO4K26/2deNBM2FVbfT7UtFgkY2AJjnGMZAzzX85H/BOCS4+Mv7bPxw+K10r3EOkpr0djcv8AMEN3dN5RVjuAJCHbhs4IH1/O+JMHPBZBXou6qSyirXqz2anj5ww9Ft6Xl7Pml0a1emp5HDWNVXM8+ziTjOnh6rwuHb1jL2MfaTa8lOWt7dFqnc+9v2p7O3+wW0U8LeVbSvmMpuy6YQOvB46n0A45OK/Af9tLSk1DwXcWTTIyMszyBzskiT5gEUZJyF2jAxjGfr/RL+0fBPqMtxbKsZkt7aXG8A7peOoPBbIzg55zyelfgB+1H4N8S+KLwaX9jmNo8zxSPAmFB4zI4U9Bx1/E5znzPo84qOHzaVD2kaccNipcqcmr3cU9Ot7a9Ovp+mcSYf63whhpum5Sq0G2l/NNKXzve1vPofmn4E0aGy8KfZrdpIztC7GLbMZPzEYIOSQTgkcDkngT3VrqFqcW3BJG0p8xIA3AkNypz0KhcYUe4+j5PhhNoHhtY4Q05jgYTMkfKOgyAcfex0Izz1zwK8dvtJurJxcMrykqWHl7hkryVJICk8gc45x6Zr/SzJMTTrUYS5lJygu10ny3d02r2e97630dj+Us2w86U3BKUXD3W1ZWV4pb99tPlY4l9X1C2gjjYTFipWR2HmYHcsOAMA/wk4yQOKgg8TFJHt5UWUpgI0mAu3IDAMeRwSvOeCMHOa255biWTY1u8cchAVWTdjdnI3tg8kemRu3ZIHHParZJJNxbxxNGGl3xnAIC8rwCMkqAAMY6jk4r7XAKMrO6ajZRcUuW75UrJuWq0bbTTa0sj4yvGcXL3nZNJaWte22+vnZW6rvD4m1WG5hgSGOOMSIwAPJLFc/KAAVGc5AwQRnCkVnaBaR3hlUhjL5axoIdu3djBORg59fmxnrzxXP+I4/3Fu0biHsq8llZSFVQcEgHocYJ5wMgAdVoNhPYacLlZCssqeaxZTlWUD5QSANzYxgA8c56gfQqCjFSS0+y7xTV7Xt5JdLdPKy+cqSk699bRa/ld7pJ6Pyb6rt0sWZfDupW7faobhhtAZ4XwSdjAhFC8tnILYznoBkmpf8AhJ9S0Mr9sgEschCxqhAVWJyxAzhTyOMjqcjoTQk1u8S4BeKWSJ8MhZmKqc4L56DjOM9QSAOeaF5d/bX3SmJ0dyigfdBbA3HIPPTBx2J4JFa0pJpOWt2ttXf3W29GlbXTXq+iFKcVbl5k1aKe6btB32srK6aavbXdXXVW3jW2vJZpp4wGCr5bnKhCvQHHTB2ndxg88YpZtetNRZoDMsa7G3b2BySpJ8uQlQM5xkEHnA/hI4a5tIIUAcFVVSrNEuAwI+6cDhueAQcgYPbMun6W92xaOYBXVfkkCg7QeF7HJPB9z1OAT0twXKk05aOWqX8rur7uSWur+7Q55153Sst7PVJ209NX1Wur17LXttOYzSOrA28wO0hhkFSGBBzkknJbIBJ54HNb+n2LuwkiDKrLtjbaMF8cknPUg9R8tcnLp+sWc7rEZRbqoJU42EAlnQYzngnkHkdMGtqy1h7eRIChbgOPLZlAzwcg44By2e3sOi9otLXtdauzf2dV13t7trt3aas2odRJXkmtrN7LRNNXv01ffTqdyi6taxq4kd/IQn94doZVbouAc4HCk54A291r8s/2tvi0brUbjw85k8uScRT78nZ/CQpOMgHBDEZ5wRkDH6dxa7fsm0x/aIHRow0iEAAkk8DBJUKAcjOfm9q/Gv8AbRtvsHi83WwAXshLKinCsc4ZWbtjqp5GAOBXpezi8NXq6Wgk3F7PmslfWWln3trba5yYrEOPs4xT/eSSb0S+y7b9L6bNPXW+vTfAufw/Fc6YyXkFzL5pLqGG4YIIfaTgbT0AIxwQcZA+y/DNhffEHxNcaZawvcRxyhIzCBuk2gkLwSQCAMkhe+BwMfjJ4N8Sah4eu7a8spZFuEuYynOY27AFcgAA8ZOMD8z/AEF/sCaZcXvhjU/HuvQGOYSOYXkUHcpjILx7jtwCcAg8jLYyCT25RDD4m1KtdRtzSSaaXLGCsr9Ltta93rfXmxmZV6FH9zFuonBKKbur8q3t9lXaT8m+p82eONB1v4Z6vFJqTPFZ3EkiRxBsSwNvwVkyvIyCQASDwTyGz7H4E1GW/traa3uJRI5hkWNhhX3AHI44Y5z13EtnPFcr+0fqdz4l8U34uUkW0hvSLMrHtJDtkMSP4WGT/d5PXbhe1+CVldyxiC6jEcFosRhklXK4yCFY9N2MYA3Y5GCRx5uOwlKlXqRoyumrJ9W9G9NktLbHtZbmGIdKlKrGTnKKbvvslfWyWi067X3R9O6Lql7ZRRPqSOVVQvlyMSV3BSp3AHgA8e55B4FaN9rVrqhSNZYiquAdyjsMKCxGCD3GNxHfjNW9d+xmxgcK3m+WiFI/uPtUgnHy8hRgE5OSewGOW0zRIL3YYpMqxZvLC5dSrAKWBOSRkHPHTkEnA+WxMeSVSzVotbu7skrtK6S9WuvS+n12DqQqNO2qtu23L4fPuujfL20Sfo+iJBLFFEqRMDLgxYBjDLgcFc8nHBIyfrXqVrYBpDHHGIwyoxEeCAoJ4PILMc8EADH/AI95z4f0h7O3URurNu+cPkOc52kcnIXt24HSvYPD9qbiYLIdyyKmyVmwAQMFcYz8xO0LwM8KcV8ZmVVQVSotWkn5Wtt/Le3p1va9j6vLoqrONPXRxbXrfzt2vonr2PQdE0YyLH5O9nYAoiMDjHVvqASeOCDgdcH6i+HfhR1ktjcWhnaVc73ChsHAA6YGO5Bx0ySOBwngvw/bs0MYyHdUwwU5GBznBByV2knAzgkHjA+xPAmiPCIDDH5pj5zJydmV6KD04OD94ZI9j/OfiPxU8rwOJnCpyyjGSi+a1nulfptby6XP2fgzIFi8XR5oXhzLmW3NrC17K3qnddex0dj8LdF1i3jJQxSFdgKcEkAn5iAA2M8jGTycVzE3wYHhPU01iNUWwknPmALhjKrAjkKCM4DA8c9OOR9heDtHEqRkwLkn5VA4GFBLjOBtBxz0BAHOSrY/xpgTSvCKqw8t/tyEbPvYJGMcDjnn7v8Ae5yDX88eBfi9m2aeLWWZGsTOdDEY2VOcJTvCSV2009Fbe6tq27W0PpfFvh7KqXCWZSVGk62GwvtKcoxScakZU1a3fl5rt+h+C3/BZr4yaPe+FvA/w/vFuX1Kzc6lC7qUsjbCBI0R3C7PlwAWPqQPvfL+T37N+qQXuj3q3EunSX8S3IhsRMrPKGj/AHboAWJZQ+FYd8dTX1b/AMFcfHdjo/ijStI1C3tLyHUdBwkt6VMlsTniBj8wLcLkA9R14z+eX7LFgfFPirw4PD2nvbX8kTwW8cZZ1u3Lf61wxVUjQZO4jDHIGSvzf6N8ScsnUdV2hTlGad0qcZe5ule7vJ8t+W99m9/5Y4fqSX1WnSTnKpStyp3d24q73vZapO17W7H0t4Z+DHiDRLvUNTtr+W3Gr3RvLqyueDGsspYAA4yvPDdevPJYfTmj+H1srXyZ3AY229JJe7lPmKYbg5yM9+RxVLxcNS07xFa6ReTJ9ritI0vYkkwVeM8kjI4B5zt6qMZxgSHV5I7i2gn86WOSLaoA2licAYJwSo4PuScdOfpsrqKphsL7NuUXCF1fdJJO/a8mpPl1ukktjyMbhpYavXU0+aMnzKSs0rvez3u1dd1Zdbfk1/wVN1byLL4deG5VVIg096xRsgnG1cgEAkkKenytwCeg/GuG7ktj5soDxRSEKGUIG3dPm4wcMcHGM4wOhr9QP+CpmpR3XxR8Maa0pC2uiRuIC2V/eSZKjB+ViGJOAMAYwMHP5aGRX3EHdDuVPKfH8O1eWwDjsDxxkc5OeLOm542opL4Ixja7+zGK9VrpbfbVrU+Unbnndrd+9bqtU3vttukl0va24tzBqRkKuYBEVJQHhpCB1ZVHAI+8Pmxk4GadKtxBcxhGR4pFDz7QHYLjgt1YA4UhsYye4GK5zz5LefyrZlUTr82351yTgBT1yMjHYcbs4FWLO5ZpJt8hSRfkaIkKHXoWL54DZBx1z0PGK8WUEtUlsrRSta1tU9b66t9HdaNI4Z05Od4N8qtez1dra+ejadtErPW9jZ1O0tJYxcWzMipES6yAhnbqdrEDJyRwDjPUA5zkWuo3MZiWBZCiHbIGPyMAScNx0ycY+nOc1q26pOjRyT7BCWEcTqH8zce4G5iFA5AJXjgHrWAsqwzzQhtkjyc8kKBluehGTkDbnHH0BwineUWk7K+701jffsraPV/de4wurOK7q9uvLtq762tfW/a1ja+3TTedIsTCQYMm794qAY6Hnbx2zgcYzxjKkldRNPHK7kHO0jIUNzhieg7ZJ/i6ZFWrW7ZWmLNGqAlWwcecoPzKR1zg9Tt5we9Qtvmad7UKIAyll4Ynqdp3YIAHQBccjHJFNLVtLfW9rvZbpW3tpa+r6dZ5Y9vuTstVa1uidnrond6bjTNGYF2uFdlC7QTlm9CDjAwcZ7eg7QhRKrJdRsG4RGHzbF7cYALdCc9fcjNTRWMckdxJKzKfvKD8pDBhyvZjnOQeMc8EA0lt5sYdAHcs2d7FiFA6NnBwDnHy5A78VWl3b4ku9tUo/no9Lv7mEVe7TV3ontp7rV1pbTTpdXbtZXpnT9ivJD+8bYfugKyEAbR0PXGOmM47Zxas7rUWjFncPcbpf3MbckRheCRggggHPJwQcDPfQE8ccciMNkzsApDNh3ySSBt+QjJ7HjgHJBpsUtzJKqOV/dhSGXG9kAIZgynHBGWzz7hQcy5XTUoKVtU5WbunG7W+3V9LdNLXCpUjBqMmuZ2dm9NY6WutNE3fS93qRiFY3ij87eQ+yViDlxnjP3iM9MdcqDmtSHyZrhOpWNiI9+Qr7WwQcncBxkZPTB5pJEt7hGjYYuVmUrtYnfk5BYjGCOhAPPI5BzTmEiHzJhxHv2iPGQVwNpUdxlc9CT3yTnN1LppXjfq02rO2t000l2s11t8SXNOUpq7bbW8pd9Ov2WtN7bbJNk8kiwXxjWGOSFmVmXHDYXLKrdCB3/g7ZyeEu5kZJBCoBdS5YKcRDGOST0bj5WIPpweM+VZwkU+N0QzKFDYKZwdp5LDJyCMYB65BwX29xIZivlELKAqxvwMbsE5Y5AznIByQc44wRcqipX1slre2lru627737aaOEmktdkuullazbV0m/nu02Z/mekRDJEfMkI+U9Rk5J+UZO7BHb1ptvptxdGMq8Q3MZnGVXKrngAYBDbSOcEHHU9dK8aFJUjhChSxjYouYwrDdkr3JOOOOp61QeGSC42hpEw6FGQYXbkbicZ+UjqOhHTmuhSfL7rSvrrv06O2/a11r2NY2lF30bjd30vpG6kmtHzX5ZXTdknaTua9tcwRDGyMMMwGPBKySbgM4II3AHI7ggjGeqmBZZJ1LstyuGVSpUMnBVVA+b0OMgn1xmnXJjMKEIi+Q6+ZMpwkgLcOMZy2OpGT94etOS/3Ryb0jMjMiwyBsO+Oi5znnjnIx2564O6bkm000m+t9G35JvVPzStY55U0nzRS5mrOyVru27spLtfVdbbEFvg3MqTRqFhXOwg5VsLgquMls5KqBycjOKpSXc0U8qrGVk3J5jgYIQkr8w5yAMkknnJBKkYq9cSTxX0ckiIqqUUOCc5A+beejdckEn15BxUepMoYsY1DyHY0qEbWB5yeDtx1IGMYwQQAKpWbV/eUlqtVZpxb187Wurb76EreN18Vlvs97dm11tf8AVadlcxoYyzbXQMzGLBZo5BkFwCMjJ4xnsuM1Yhm/fSxTylXkjLxSAkbQDuAPduMHkjPRhnGOakkWBIpbU7pSNkyIN3yA/MxLAEggDOBnj3ybsV87TpEsaBiqhHwAWV9qkNg4UY4GTjj8BLprV2SSV00n0atfyTW/6aEyg2nKKWqf8zWltXZvTTRWvppZE8lrBMAysFlEru0mPlcbmyM/7Q5YZ65GOtWrNLmBfNhjcrIwVVDDJj4UtzhguTnkdeeeBVuwtRPNNAvyi2UyBJADuJUkorMQeW9e5PGMgZ0mp3MNzLB5fkwjaXUk7ATjIiAOA3XIB5xwck1Ck53ik3pFtW0s7dXf5q/+ZEZSqPlTTd1a+qurLRu9tbvXXVNS0aJphCs5uCDI7qYmJyNpxgr0ySBkE9TnOcnItW91AtgYZkKvIWRAULPITwFKgEkHOFC7s7scYOfavhb+zb8W/jTMknhvw69h4eEge78Sauj2OlwIp+eQSSqhkZVG9RGpzgDcBg19/fDX9nz4Q/BSYX+tWyfFrxpEoaP7TAv9gaZdDhTHA4K3BikXKyYPIBwDXTDDzqJSk0oRa95u9krWsm9kvRW7rb1sJlmLxXIoRcYKz55XUdk1o7XsldLb9Pj34D/spfEb4lRRarcQnwl4Om+afxDrP+iq8O7LCyt5tryOEJ2nbh88Hpn9APBvwc+DfwlmKeFNMg8deLIdok8Sa8iXFtbzZU77W1kJjj2PyGBJ6kAnp19x4rbXJorXW799NghXFtpMCi1sbcZAihWKPYhVVPCkE44x1NOvPDWj3aBrG9eK8wpV7OVtpBHDOoyQpPfJ6kEjmrSpUKnNCMndJOpJJq/u7Jfhu79e31uAyGhSSlU5K9ZNOyk1r7rvZ+au2/VJ9b+qjx3rdxHdXt29+ioBb2oZV0+EAMPKhiRlQbeAoCgDaV54xzcbXlszNq+jqpVmTfGCVQcneFUHgYJLcgKOwBB1rWHxHZoLWK5kkt4l3ZuHKMCCCQnGMttGDzwSM9TSXev3MFu4ubMk4ETb2JTLZ+ZS4ySRgkjuORyTSUpTv8NSLvom9NFstb3SV9F5HuqnTioxSlS0S5bcyVrfDZWfbbv5IyRqtr50zRxRqFjKi4QEkY5CgEYJ7N1Oe3Q1xGoJBcXKSW0AWZpYRJJJwTlgQYyxx1xwD8wHTPNb0+pi6keGysCGjVW3R8QMR1DY6g55ODn1+9XF6ydWutRtrd08rzZY1TYqgREnAdiuM43Y5x3Hc57cDHlr4dpcq9rDS993Gye9rWst3tpqeVmclPB1oJ83uyV7dWkuqei0Xd/aR774n+IOlW3g6Hw0b2H+25dPlgjs53U7v3asGJycYA3AZwoIB6V8lp4h8TPbCF4ppo47hgrxPv2lSwwir1UdQpyNxweCDXCfFDQPEOi+Lvtd/qCvbXMIjtLhiRlsDcoJOVIHHTB7D043T/FOtW10YEnltlEYUjDGInqTg4C7+WJwct/3yfsc4xE8TUpQlT5ZUY8qm7WnG0LNLu7XSutt09T4zJ5vBRm4Wca8k29dbWTVrvVNPdpvV6M+lNI8e6xYyCCfzZ1dCQsyMqoCMZYgHDAA4J4J5HTnoD8U54I0WC0hDOPmC4ZQ69dyMqoCeSSWP97qAK+fNP8AiDdWkqRXTrcJKwkOIVfvgr1J2kg54JB56AY7uLx/4fuVha80q3gjAZXCIBI54G9OBnPc5BBOQe4+eqYVSvZK66J3kno73b073vbXXsfSUc0ty+9JP+Xs0oq9211vu9t7uyO4s/iQ0V59pvrCKbfuII2qMkjK7R0ZB0IHv1ArqrfxxpN9ITeWsEVrtYMkhAUuckF1KkA5zluCSOoANcJY6p8PLy73TRPZoIcl5DtVm2k/KAchjk/MoxgdfS/Lp3gu9TZZajcpbyAFpJDuRXLHYmBjrg4Oenfk55/Yyi1ZytfZWXM3ypu6tdJaPS3bsuv+0Hu5xab1TSvZWWtlezT1dkr6dDsYofBeqyGaddPkIV4/Ldk3onbaQAx9vrjJAGMS4+GXhDUZoZILxrY5dtsjeYGUgEYXAUqB8uMYx13ZArlLvwhoxaNtN1t/tTIwZEXk85LA56lcYAxu+YZwSa19M0TUcG4l8SMEtmWONJkaPcv3XJYA7SoI4HPDHHerVOpG1qk01ryys1q4Wcm3bRLbXXRdTT61Qkvfo07qzvdWulF3bbs3db7ray1Zpt8J9BaT7RFdxIiYVom3Rbm4XO4cljjIIzz8uc81Xj+FOpLKZ9M1loZFYiGJ2kHydVO7OCO4zjIHXJGM7W7vxFpwZBeQywRlWgEJ82VwWDZO7YdwVt3OPmPGT1ZaeP8AxXZiBjNBLG+cK6AzxoEAOVOeMnnknOMYxgbRqYuN3Cb3TfK5K7Sj6Ws7WVrPV32u1PATlFSpWfLo1ZNNW1s9ba+60td+tzctdI+K+ktK2m67dTKrgKsOoyxRqeRtA3dhySQC3YkV0Fj8QvjTpJZ7x9SvEt8KJftTTBUAAC7SCCAB0JIJJztAxWBD8TpoIcT6VcI0o3GeAkKSCD5jcZBOAB2JAHGM05PjHpcKyC6sblCytEirJlXcqSHKZBHPJ3Dj37axzPM4cqbbuk/ekpJ7byaasrWevo73JjDARu4T5Jb7aN6LV2ttbqr6roO1H9pbX/DjMviDRYrppZ1lSW40+OGTCNubbNtyrBlwpGQCAR1wPPPjP4q0P4tLbyWmnSRR+KdLFpNPdxmTy7hU4dSwJAjcKFfuBx148z8feMX8X6rZ20yRKtzIttBBtAYLHKFDs6/xELgg4zgc4INdv4nvI28Lafc6NDptpqHheIW8kRlRZp4QhV28oMGySSQSN2T2rPE4rEzjdxjeUW3FR15bJXdt9bW8rvvbnnUjVpYiHPGUIJcl4q7sk+71Sba7pXVj8uPFPgbWvCGt3+lXkO42lyRFKvzh4C25WQgFcFSGO3LDOGBHXa0R7mOJixLTI25ZOnkrjCqzcYB6gHBGSuOBj1/4g6q+r6eNUkTzriG8bz1wBJGjNkbW7xY4UFh6YrwiHUGaSV03rGWPmr94AE8KQMcjPJ9SPrXxmIdarzRcItKTu25JtWW7Ss3one72v6/KVl71raW1e2yWja6Lbq0+vU6u21Qhrie8SMNG5Eb9fn3Y3MP75AwTjkdB0FWYrmWWNZPlIaRmkj/vEAbQTnOOSRgcBeVB68zLaTC3NzbKTbzAeYzEs4JYHhPRdpI9wBxWjYCR5rSDc7JgtvA+ZTkdUyCeRjAwck9B04atGHKpK75UlZ2vd2Sv5La7ve2/fzqis07O+iV3d6uNrtLe6utF7trqxsRJN9pZldkikccRkq6sN3AXHI6HJJxnG5e2z5keJjJK6lEYJG2d6yYB3be4OByvzDcfTNPj06IiWcSFWjyQTnzAwIOGXnAPUY6DHIJGB9HvsrfKHlDjzE4ymBtyMkZO4EjByQfdga8+pOm2otqDjp71m7pq17W9L/juddLDVasE1G6tq0m7LTW6a8tPNJ2d2um8JX9rESsrxNdOymGV22sCCCQeOCcDGOuPcqPZ5rlNesFW4ZIUQ5jCAK0xXG4ZHJDEAH3Oedwr5R/0yK5uPJXyXgBcq2SxJJJxgYK5yVPYdMAgV6z4Y8T3ElktpcqHeJVaMPgSMrEA8c8jHJJycc55z4GbZfLljjKDvOPvKXvPliknZK+jvs7J6t2srPanQdNtNNKyfvX30aS1vffz11bsdyPAuvW13b6/4Wkns72G4imt7gEiVJQy4aF1IO3OAcE5HBx1r6S8Z6TY/FP4dKPiLp1tp/jzQYlR/ECIsU+p24UCJLkqAHYgKTISQDjuA9edeHfFkcaafaThFTAYxbgZoGUDDqO+TgjtnoeRXoPibXH1jQwbM74Y4m89JAvmyHACg/MCyEKeo5AB4ODXw+L4hzqnisNS5PZKFWPLVp83PZcrcZJaSjsmn3fme1RoyjSkubm5kuaNtIt8rdtbpq9nbqtWj4DHhNNI1ES2sTSCynZbltx8uNXYhXDEZG5eflyc5HQccb4x8P8AlagLgPFNZXEpclG2qm8AsGAADDnDAg89hya+y9S8FQa/ot/LpZEWr+QZJ4gxUEgDCqjAbgwAwVORnLE5NfJXjLTprJP7JuWuo7xZmLrIGAVsDKksBu3Y+Tn5tw5Azn9NyPN5Y+dOXtvfjBKrGTs3sm1F2b16OzTbe55M6cozau9bdba3V7N6qyveLWjW9jhbbwppeqBhBfLazxgbI5SFjnYkjCMp4ViOMAHkkj05fWdButEuXjvEGxhvt5Im8xXUAAkFScN0XHrwB0qUTTrI0QBiMG7awUhjtyMKQdxIY8kDj1z0bLqUs8DRXMjS7VCo0jEuu4ksFBLbcYGOe3QcV9tSnXhNNz56enuyV97dVdpbtu190naxUbxtrfbor20Vnpfp8uvRmPb5MgjbPAwobOdxJwTkHBz0I4yDxjmv6Vv+CSNl8PI/2WPiXfax4U0PU/GFz4j13SV1XUrOK4mt9OvNIdAJZJEYrFCzeYhBwjZ/ugD+bSOGIiOVW3OSQQvsMLnuQpUgEcA9OOa/q9/4ItfssePvix+x38VPF3hvUdLstPk8XapbyrfnMki2mltK4iTBZvNUeWqoSepwMCvQp4mjSr0J1GlH2iU4yel5L8Wk7r1t0R7eUzhKVeM9E6DvJpyUW+S2yl5dba+dz+Yj4m6fZ2XjvxlYxPtgt/E2txQOOY32306jygPuxAL8mBgqRkjndy2h3kcVykVwplgTYGLOxK8joDzn1OQCPl+7Xe/GrRn0j4ofEfTHk3Ppvi/X7R1XOVnh1KdJMBtpVS6krwSB+NeTqk6oksW4gDa6lRu+6MoRnLZOR7gZNYT5XUqXaUXJ2s01y6LX7O9rbN9LLQuU1TqJxS5b3UtfeWnNa3V201bemx68+nWt15c1pJFLFOrAQqoJXAB3AjHzbeq7cEjBHG6tDSfEmv8AgqZpNLvZmicqJLZ03W/yt8yOpOFBAwCAevcnFeUWer31jGHiYjc2DGvUIeCVLdM5GOAcnOMYNdPb+I4J7aS2vUJYB9sr8SO7A4DDqCM4yeuOduQThUw3PZOCnC7dpWej5b6NWfk9/u19OGNj7kqc5U5x5XFptNu66aXu730VvM+idO8aeBviH9m0rxbAnh+/mUJDqUeBGk23aHLBT+6dvnZcqF5GQSCW6x8JvGnhyJ9Z8NsnibwypI+16dKs6rF1IkhRiyOFJ5IDA5PPf5XWR2ndHIZVJMJYccEEqp5O7gc5PXJHr6L4I+K/jLwHO7aJq06WzlTNpdw7z2VwCw3o0TlkwxGC3p1Ixxw1svxFG0sFONrXdCqm4y0i2k3flaafda7X29Ghm2ExDUMwjJT0SxFJuM07xXvppxle2tvXoj0HQvFV7o9+ZCxSPIja3kLRyRv0LKGwdwOOc7SSBjivr7wPrR1W2hSbJvJVTZ5pIWSJxxweCQSeehxySa8aj+K3wK+KmmQ2Hjzw9N4D8TxphfEeixKbSac4CG6hTauGY5cg8LzyRzteHdQXwdqNkx1ey1/w4CV07VbKRJHMSPkLcICJEYqAOVwAvGDXkVqlSbqQqYedGqou6ai4TfKk+SaXLPW2zu3o+h9JhY0l7OdDFUcTQfL70ZL2kG3FNTpvWNtOjW/R6fqf+z34t8I6UH+HHxo0L7T4R1eZF0fXrOIRX3h27uCgF0l0oDGIOwZlJKkAE4Gc/T/xC/Y88f8AhjTT40+GesL8SvASqL2Ke0dZNVtLSRPMxJDEzebHCuFYg5OMkL1Hwz4A8Q+GviBp0Nta3dtJKYl/c3DKJbeUKAMBiGaINjAAO0/dyAuPsz4G/tE/EX9nrVI9MufO1nwRcMI5tJu3aeGKJiA/2WWTcAjJkqnHHy5OM1+CcUVOJskx9XOOFa7eIjNVMfkOMcvquPVPWUsNJv8AcYhwVvdahJ207/uvDtLJ81y+ngc5pLlUFDC5jQtGrh9LJVbJ+0hF2spJtK8V1t4HY2tlqU89jqQeyuY3KvNsMLxzK23y5onQFSGPzkjgjgckHauIdU8PCMT7byyLbY7kZcOrdBlCxVk4YZGD94kc4/VjxX8Gvgp+2B4Ybxt8GrzTvCXxKithLfaSgjtotRuQoeWK7tl2BZZSMLKi/Me4Oa/Nbxb4Y8ZfDLW5fCfjvSLjRLyCZohHdRubK9EZ2rc207BkMcm3coB5ByQCMj67w88Ysm4um8vr8+TZ9hmqeMybH2pYiE4uKnKi52Val/LODejWiaPmeL/DzF5RR+s0f9twMrzpYvDXlC0mv4nK3yt3Sd9L6Lmeiz7XxBBdRx2N3skjdQEmkBBB5HlycdV5GfYVi+ItCBhM0P78RqGQhtxEZG5o2AABUZIDA9iPSr9zb6bqCq0UYtJmIVjGcxq/APKkZVuDgYKjp7Zl3FqemOEkke4tCu4OrFto4IDEg5H+z0IJ7Yx/QWAVGvHmcYyTS7WldRvazdr36KzSv5n4ljoSozdOTndPzik7RtaS13823dd2cNHHIcp5jyRZciKQFlgJAwUXnC8YJyFGO1UrgI7qjqELRlTIBkHqQMBehyeMnb93nkV2s0FtcyLJGUil8vdsBwr/ACkHIztJJABGM9OSM1hz2xZSkqIoBOEAwyk4I5I5XHJHrySBmvZo0qdKCVOCgt7RjZO9tfdW/Zp3e+tmfOYhe1lzVJSk9HzSSk/spdNPJp7d1Y5G8iVI2CrklVZUT19QMjA4zuHGc5rFjbypHLhVY5dW6MeOh9DyR04J+prs5oAbfcwzIpCqM4fZ/CQc/MuByOnzZwOTXJXsKxScnBK7hgn5Dx2xyMg9855y3NNJxlyvmV3GV+791LXXu29EtGlpqvIq01GTtKzutb2vL3drpX0et1p12uVJCJWR/MwVAAQH5jyMr9Qe4J46HG7GXfaXpWuW09lqMMdxbSbg8MyK7fKGDMuckEZHAPGB68XGidQHBBYFiCwwpB7AjH3jyOjEgAjpiEscZjVRIPlOzBY+rAnKjC5HPB25xgYNqDVpN3Sd29Xrbo9EtrvS7tfbRYKTjNPW61W+mqa0Vte/lJep8p/EL9nyWwE2p+FJPtVvKrzvYsQGjI5KxEDcCASAOx6+g+e4raO0m+xXUb2V2CY3WRWT94p+ZiWAJOc8En3r9OUkBjfzSu7J5c468Ejkgkcg46g9cV5B4z+H2heJFma5tFtbtSXhu4VVGAPClsABsn6n72QMjOtOo3N821rpNrS1tGk2vlvv1Rt9YleKdvlvZuPz0u9rW10umfL+naVBcw77aRHaIfvExtLORnOQM/xAgnJJ6cjBpXSwoZEYStIg+fBGIyCADkjJ6AYJ9SccV0eseEvEvg9ppSktzpoJMd1bZ3Bf4fOC5wRkZOPrmuStr+Np3YYkWYlnSZv3hfB3ZJBAHfvgjkdglBufMnd3SitOVWtfTRu+uyTXTsa+2jdpJJvZrVbWfKk1b0u3d6LQyrm0YnMiKBIMlcHL5BAbJ655I6e9clNJeafOJ4JmiiUlnjDEbEwCFI4ypPIyPlySQvIr0S8vklZHgjjkWPIkXIIQk4KjB9OeBg98Vw+qXUMXnSXEIEDr+7DAgEk4Cd9yZx12nODVObjKzlyy6vXZRja766prrbz68c/aQmpRs1fTd6Wju1rdvWy3vvayLdh8Q7RYpbPUmnQkbFBYnIKk7g3XGeByMjjg1zEupT3l7cyvu+zhWkgaSbJXGdjJkcZXnJY43DJHJPmviy/t/OVLdTG5QBmj2lVwcjIAJYKOT05OCMkmuStPEup2c3kTu09oHJbzM8DAHydPkwOVHc+xxw1sZJVOVO+llZ33s9b3evZ+b7m0ZqUkpJLVLZWTkor3lJN79rbHoM+rTSpcwmVt80hXyy2Q2CfmC525ye+M7SB6ivYG3ulk0+/iSVGLLG5XDqx/hHB5JUHIJ3D+L15UXou3SeEmVdxDOmQYSxBVXGQSB2bsD3AxXW6Dsnu4zKOGmjVZFwdjM4GXHXI655BBKnknHkYjEtpycrJp6avms4t32a9NH1vayOyjhIVJKzTV1Zxbb15bNO0Wley0Suk1dX1paj8Nru7VH05HYlWIicEAYAJVW2gHG0HkMQD04wOVvvht4utYBdnRrtbRXkK3MdvI6MFb5irBWJ28HI78g4GK+8/AVhpUt3FHq00ckFoQyxlU/wBIViPkJOCM916ZyMd6/Xz4DQfs33ek6bovjJdLngngMUhnWBxYTTIcx7G+Ysc4BOc5/A/mPF/HcuF8N9ahlWJx6vepTw0XKUYaO9kpLrt522ufccN8FQ4gquhPMKGClooTrSilJuySd3a+rvZdF5n8wui6nrnhW+ivYJLmzlDBonIkjKSKc5KMAGGeo5xnnnivorRvjI2t6DqGl+KtLt9Tu7oBbe/khVJon6B4pSNyuM7mA4IJx6n+lvXv+CaP7OXxs0nVpNG1PS9NZLY6hos1nHGhRXBdVeVMBVDAblcAc898fBHxb/4IzeOtKsnvPhzqkWuXdrYSX4gtnQ2lysSkpEHjZlW5I4ZcAgt0wQT+f5R9Jvw+rYiGCzHG18jxU6sKMqWYUqlKmpycVrUs4pJtLmk1FLW7V0fVZl4CcX0MPLG4GOGzOhCMpt4StGVWyttT0k3Zact209rH4/wCW0FtfaTO08bArLDIdzRYYbl3clgucA+gGNpbFetaJeS3xt7Rrfz76SIm3IO4bvlIV2PGc8AclW425GB5p4w8F+Nfhf4hvPC3jfR7zQNY0xWSeynjdGcKxUP8wUMrDJB5UYG3vt9g+C99pFtrWk6nchJ47S5hne0vseS6bwZC5OPlXC4Azj7w5yK/dqmf4eplf9p4CvHGUZ4f21GdCpGpTrQcIuDhJXjaWjur7s/JaOSYh5lHLcZCrg6jrRoT9tHkdOXPGL5oTWlndN3t17nd2iR2sEQ1Syms7zASXCEOMghWkDdjtHO4ggDacHnxrXtdt7mbVNNmncSys0doAxWBkUnJZQdofGBuOCW+6wJBr9dfi94L8HfE34c2GrfD/T7LT/EtnY2zak9o8bQzRMmM/JgyIvPG3gkDHA3fiR8T/BPi/wABeJZbXXbSW3ZpjdxlVcpNFIcxyQucr5bEklOCCMDtXwWTcVUuJVONSMsPioVJQqYWq7SXK0lulzXaTTSbvotz1OL+EsXw3VoxU44rC1KUZwxFJN058yS97Wys9rq6d1sdVpfgODX9NnsZpRHJcg3MM88gRUSPO4KfmO44wufbgZIMWmeAdL8H3dvrUWrymOOMmVGw+THxNGjc8BRuU5xyQAO3nkPjO9hhggUyiR2EDP8AOEaOQAYYdiAQN3BwR3AFb+m6tPI8thdB7i0IAZXYqu1uXeIHID/Nwdxzz0XNe+4Yqm3aS9m/dUFHSyUdLq8urbequfnvt5+05WlpGz1drqzWsbtK60srXVuqPUYNR8KapYahppgeKO5b7TJKdpcJkkyRMVY89Meoz1FccvwfXUr9p9DugbRs3CTSAEShesSnGC2c5yTxg8jrw2pC/wDDF7JHCuYbpmaJSxKC3YEhQeMMN2GDbSx4weRWxpfjnxFpc8ECW16bSby1tCgdCWcgs8QCAHGeADg55O081GNXDwVSnWUlK1lOWl3y/wAzbVmmntfayNI1JRcdEk1dpKTu3blsrXTbdm/P5GV4p8OS+HtRgFxHLbX0UodzFvxhVUqynsDgsQTngEcdfdNCt21Hw7YeKLHDG1hkhvoo3/e4RCxklTqQxDHafU+oxwfifxnbahbj+1bC4a+jKx+ZLDsdy6FQ0in5lKnbs4znGMAnHOeD/FF14Ymu7K4muXsNUyixNviwXG5ZUjYYbGQGwoU8nBAG7lzClUxuGhLngq1CSm0neMo2Tklpv0Wm6tre5uq8E5Ra97l130aad3p/hvpdt9tH3FrqlmL+Zby23296222YxhSjuQHkUYGGB7H8wSK6Kz0DQ5YNUubOaP7dHCY1lUqjkKCT5sfBbrhSOc9ycVw90813Ak0Fq0kEfmskOMTxlcsHX5Q2GHzY/Wsmx12Z0At5BFerKPPDSfO2PuKwYgOHONwOcNnniuCnh6lVwnSrVE48qcdldRjbVpeujtbXV2OZycZ2s5XtZNNPpZxaja9315um1rvptJtbrUbqfS7SN4ZCpkd4hsPyoQC4yu1Wcq24fMM4JHSuM1PQPGNvf/2W1lLLO/mMZdvmMscpJjbeMttAOQfmwTXa+FPEGrx+IUvDpskUyugu3jjykiFwCjIo+YMgHIHI7Ecj2vxdrsEUMGsWlvBbX8AUSg4V3ikAKo6sM/KSBtyPlXgjGa82tj8TgMwhShSWI9rD3ns4NSjdPTrZpNqyk1udMV7WFveWsVorNW5ZWkrK11dPZPXY+Rmtr2ytWW4glW8spJUuGWNioXBG0grwM4AAGCMYxgCqMOvXjyww7XMUK/vBM24FXIAIVs/dzxnnvnAr6OsPEGia5cNYX1paRXMkM32yVFVVnVwxUhs4L5xjLAnjIJJJ8F8W6DFp08l5BcEQi6MJXo6R7wyEkHB2jAB5zz6YHtYLMXipypYjDyoySVm/eU0uXTme60W23ZszlTgktXe+qV7Plcd3q7qybvrdaI7VtR1LTrC2YTPJY7F3Ki5jZm2tsJGfm4ALKDyOozubX0/xoLiFo2WQRpIrm2VuY9o+Z8AkgZ+bA6j/AHgBxmp65bWnh0pEXk2/Zym3OzdgZDD+E5OWGRnsRXntnq89tPPPZxyT+cmJADkYkHzgj1DHIzngDIyBlSymhi1UlKkk+ZuLstduWTXXr11urkynyRSi2rWvs90knfZ66NNK/VLc+pY9VtNStxqEv34kbfET1jVcL8o5PIG7OeepxyOWPxF+yWkmkXFq81oXZ4lc/cV2BVwOcAZwMdCBt5Irz7S/GdvY2Vzb3DxJKUUJKGBWQknEBQZwATg+/QevXaJa2niaKEJFBPqErrGqoQCFHLcZ6JjjPHTtXh1ckpYdVauLTlSUk4NXvDRWaSu1ZaO68umm6nOaS20UWrWs7LeOur7W1Vn5mo9rO+k3esabej7PbxIz2rhhMEchmIH3mIGQrADJ5/2axLHV5JlkCi5eAoZBECxYN03DGCU5Odwboe5Aru9LsU0vV9QjvJ7eWK1tvImsZysfmZUhWCEfMFPQsAQygYGQKzdB1bQbfU2E8VrDCJpUXe6gGCVtpcYJOYjg4GQRyM84wp1IQhW9lSdeMUp03y3birdHbycdG0c86TUtOt7p63dlrFqVl0VmtvM8ru7fUrO/F1fxTNaRrtgUqAcSE7eTy2CRnAJ6dOaivdTmisza3Uk89o7uyKwIeEOPkJxjKAlh3HGSCQDXtXiLTLL7TdSWsy6lYOqtEFIYRyv83ynptUcZBIyPYV5vcvazaffSyxKYYgIkhZf3qMAQWDDqvy4IPoD6g+vl+NjilTk6SVnBe8veu7Xbt6W1va/a5hytS1bbsknJttJ2vrqnrFeZ4TNfubtfLkbyVJjLEEElXLAEkAlgM5z64HqdQ6xdXNncIFeUsdpUlnX5RgyLw2xgCpGcjHBIBxXK3YG+X7K5MKTuXWX5W5YncCc+o4ByccHkV6b4Vg0j+zrBJpV+23M7tKFYMzRAcIyg5IySGA+Y9yCSB9lVdGlRp1fZ8zsk7PT7Lbem2nRpavdlKi5Wam9Xd6+7f3dFJXdnLRJWe/R6cXpurm2DxNI6zyI+0oxAIbja4HX6k8ZyOGxWTNfzyMrJ8siPkA5DNglgwwVxgjjGBk5JxmvoVvh9pWqEz2cbebJbO0LIDGokDHAIxweeSRweAOx8K17QNQstQlsZYXEsEixjYx5BOEJIx2xhgT3x1O7nwmOwOMlOEOVTjbmi00/s3Wr1XMt15dFq3QTd2+1mr3cdN29HqrbX013sJD4lvbq7iSe5dgjKoLOSnyYG31VgVAztHJJAO459njutO1PSgiyzHaihY1YyGOYDDkjPRsA56Ef3QaPgL+zV4m+OPj6x8B6Treg+Hb/UVLpfa9drbW6JgsQCflaXH3VO5j06mvefjJ+zB4m/ZZudN0zxH4h8P+I28QrcNY6lolz9qi2W5Mci3EeB5b+YpxnAOQ2Tncccww2GlCMqahzQkrWaT1s9Itq99b9luzongK7wzxCg40tW6knbRcu0dL3urW01fmfM+lzGxmA3vK7M5gSNmUhSxDBlODgAEkdFIz6Adks9rLbvBNcNIVV5oJEK8TFQShUZ6HIA6Ec7gM487W8gF1JdyYSSMyRnBKruycbeAMENyQcA+nNXrG92u3m5VJwHDqhJRiSVwRnlumMjH0ryq2GjZVbKNrO8Wk7pRtZJ2Sfvb327Xt5EnayvG/SV7vRx7bXfSVul0aVndhoJrFpA008jSRysSSjKw/dt82eP4QflxjOO1G4vdSik8yNwAiFBAhLbyrBThcewYY5/Gpb7RZobU6rYTrLLLIWKqwTbnk/KTuzzkbQD2BbODiGDVVuYJ7uOYOc+WqgjkEhN5wOHGM9Tg5AJFFGnRm+e8ZJvWL3UrJtq9n59tddR8kndpW2bbbb06JuUb2Tvpom7LWzO30TxDMLlF1TzELYW3kXIaEgDJ2qABkkA9h1Pau0HiK2029SN7lZzKPPErZxG2cHCcZGAQ2CDnIIY8Hg4rae6kjzBFHcJFlSDyzHIJJ/hIPfnPvVZbKSTUEj1PdE8RymAd86g5wrcAEMMlhjcMZzk1w1cJh8RUfPGKTi1ZLRq23VN3V2nZ7eVyVSb5Xrd20+zLSOie8e6vZX7qx7QfiBYXkqzKf8ASrXakbL+7LRAAMFByFJ+ZTnA5yenGpH4l0vULnzJRE0kMRO10LrKH5cMynKsOinDHPY9B85W0louoXhWcswn2RxjAZlLYII/2c5zkbucKD17xbRrKS2uLItcQbGd0GVQL95kIGASCpXgYUgn64VMDTwrXsZShOy5LNpJJX6N7aaLa19t9oVakZRd2mteaKaStt7uju4ptry3ejK/i/wJJcpdeINHka+F5uma0O7NuQwLKAcAcEspwOMgKeSPI9MuNW0W6a8nhu7EQSb4TLGy4dSpUhgOFDYGMnjjnIx9P+FNQvb+KW5hlht7CGYpdWNxg743J3EdjubnrjGOM4Ua/wATfDGs67o+nw6DoizTzRsZxaqsrNbkqYpBtyYyMhSDnnPAGAPQwXEMqFSlgsUoyd+SNa7u1aLV+rSve71X3G8cTUk01dpP4mpJy0T3vfla3b22s0rmlpPxC0Tx14LsdC1TUBa62vMRkwsLuAMOrAjDHBDHIzkZBORVXUfC/l+FPDogN1cNJ4lijnkVGeNCZwBIjYIdMgEgErg8Dqa+d7H4YeOoprhYLC7gfSgbi/jlSQeXEOW8sELv2qASQcDBwT0H2D8HtV1e/wDC0fhjWYojaW92JNMvpVG9JF3NuZmGQVYDqO4DEcGu3OeKXlWXyr4SUcSoTjzxi23CD5edqz1s1s2kn2tp62DqwdePtG1Zro7XvH4Xbvo0lurN9T9B/hna2q2dtbTmFWsdMNu7OSBIJrXYr7W/iJIJwG6ZPJBHjXhjwHH4V8WajqWspY3GnhpmMTlSHFzIzCVTjACjqBjHTud3mf8AwsfxD4SMpvJxJJHKfKm4Eb2oHlxsGXIYKoyVx36ZGRzr/FRLiw1SfVrg3MUzl7bZMN0Jc/cAyGCE4BUblGeRjAr4nE+JfEmKoU44TDRsou1ZScrJpawSSu+WKTW+tltr14nH01Oryx5U48t7pptW95NNPeya7dtz671rUPh3FdxWVvDaTAxI8sluFZIMgltwC5AyQpGR/Ec1lXPirwlpFtbPexRvbT3AgR1VfLiiVvlkYlSWQqcFT3BUHHzH5S8IzS+Jbu7m0PUIoJHtw89veTrunkOdsUaswG04AB3DJIGcZqDxVZeK9OKWWqrMIdTaNojIu6CIFidyGMHIXOSxI4yDgcVnl3H3E/tvZ1cdQ0klOlUpuE0m4tWUrcybtrHZ+RwLll7+jlKzUVbolaydnJX9Xr8z7otrLwz4htlbT49OuLZWWRvLVGxG+NjkDJCg5UgFtpBH3jgpP8PrG6lMdna6bHGCHnjaNVDJ13glRwc8liMk9RgGvkjwFqPibw5KJZNReLSbmdLd7yQMbZQNvlxRrhsOCwUjGBxhgSSPuz4Z+HPE6yWPiHxW/wDbvhjUr5LGeOwgZ7iyjY4jeUgKUikDIVfsCD7n9o4Pz3F8R1I0Kcb15OMKji4cqs4py+K6iuujdvM8XNc0pZdRlUrz5FG7tzWlLlSfKlum0raJ3Wuis1zeneBbBJpLZrSwgZV/0edCu1ixONg+624tgDGOcbj0rwz43/s2WHiLTX8Qmwt7qSNGF8LeNYp1jjBJIKbiXwN3Q4GcgHOP1+tvht4HutKjSTRY2tmB+y30Mh+2wll/dh4zhwykjpnuM5GK+O/GUw8G+INQ8OTTC5sJZPLWOYmSeFJWIR3jCsHBDDcozkAKeOa/XM04Kr4fA08VWq0MRCreP7ualJVLKy5eVO6u43Sts3br8hw7x3hc5x+IwdOnWo1MOuaca0bKUW0lJNpKS2tZ31btq0flB4K/Z68I6ndfakuZ45rC8jNtArCIxSxOSPOXG5lyqjI5yueOleufFX4PX09vDrUNha6zqFpaeTIjyIWktEi2pLEe7RAdlLBhxsGa9E+KfgPVoNSTWPB6vay589pbQslrP3IljXhCDknIOOmfTwnXfi74w0FrfR9cshDdq2wXSKXV0ZsEkd1IPOCckgY7D87xeCw+CcqWKw7pz2u1dS0jqul+61XbufpNKrCrH2lNRktIycbWTdu6cd2tbb6bXPnXQ/2U/iv8QHv9R0Pw5PJa3tzLb208j4t4Z1yyo+DleMDn0OORXknjv9nvx/8ADfTri98S6M8ctneGxvUjSR3jcMSsh2qQIz1Vhg8hTnv+g3gT9ojxV8L7ma7s3mudP1OVZJtJmgZbdWyB51upXarsB/DjIAA9a+ndM+M/gH4yWyaNr+nWUOo3qu9/aXdrGpmQq3zIXAJdV5yTkkfnzU8LllWioxqeyrRWt78stY8q16t9brRvuzGcakZXhBSgkm7auN7JXasm29Y3XVptNK/88r2l2s0k7oWhLCNF3Hcr7QBgHJBXjPfgdcmtu2vrlpltkjZozAqStKoMiISFfA77Oo27uM46V+j2t/s2eArLx14p1u31mC90O1ivrlNAkcLOHkhfyngWPO8xyMMKoIyo288D4suPAOqtFr7aDps2pXmn33mrHHvae0smLMPMTGSg6EY+XLdOteNWw9VOyjGetotNN2XLey1uuttet+gvZxdrScVo7LV2aTS1W17qybtfV2SRwR0y50iU3lkVn+QSw+XujlQg7vMVlJKFW4PTswwBz60/x18ZeIvCs/hHxE6a5p0tiLKKe8RZLq0WPaY4oHOT8hGVz1PJ4xnxv7frf9oyxTWNy0vlvE9pHC4YbA25kADHA7gcgjkEAYz5bkW9xAnlPbl23Mrjy081TjgMAQCwwTjkHBIINYr6zTU4vRvlWl9bPS6XR6a6berMp0lolZpa20ve6t0ur3tu3s3fUnS0+yOp05HkmicSyI4JkjH3ireqEZyMk8gZ5wvpfhm+0PWGnj1O0ge7lgaKeIIpdItu1ZYmGTuUj7o59sgbeL/tJJLuJkjjivpFJdlf5HQAj5s8fNjGO5OB0JDbKDVpNTj1C1snhMLBwICQk6xn5kUAfMxBOVHXgHgVwVYSnCTk3CSV4y1TTVt3bTo9116aGcveSje/K7JtWStZNbXTdl168yfQfeeDLg6rdw6HOZo4xvhjchZ8N91VU4yM4AA4AzkDJavQ/A/gXULZ/wC1tSsI7l7GcCSxlKpO6N96R+Twg5VscAc8V0FvreiXyW00unSaZqpZVluSNjRqnDSBSRlRyxz+BB691JpelBPtlh4heS8k08ymRZD9nvJGGPJPOImUnDAqT6DI486tjcRKiqfLL3o2bad38KTTfuyurXdu7tYlOo48s3dP3U2+W97OPxfE9rvVWtqro+f/ABe5t/EF35cPm2cn+rSNjJ5Ix8uNoOGU54xxg/MaztB1LUNPlmSBZH+0RgMCuQ8W77jocnIGRuOME5ycYPd6Nol9fa1LFbQLf6nJKLZdNTDm5DHqpYkfNjLOScbicg9N3xD4P1Tw3Mst5of9nak0rpNbuSM27cCSMFQSjqeCCR3B9NYYn2VKlF0oztGLUrOWiUNWr6K7tte7dl3pxUYrS+7ulJ2j7qe3RN6rRxa7Jn6xfADxpoOv/Cnw1Dp8tlBd6dCLW90k3CC5imiQiSdYy2QuSScdFxzX5pfHP4heK2+KXiDT4tauwlpezQWi21w5t/sTEgxAKTuYgAdTtycAHBrzWw1XxP4U1SG90XVbuyEqAK9m8gjYuTuhkRX29sFiM4HXrUOvfb9c1KbWbyBY79vLcSMQpuGyCZSck5JzuUkg8c5r3MVxH9awNDCOHL7NJS5XZSSSVtLdmraq19tUZp8rdo2b5U09LWUWmrLrFNq7avbS12a2k3128BkkeTT/AD5hLLNC8nmIUPEpK4I3Egncc9SvU5u2GpeJ9I1j+0X17UJ7a3nM1teCeZ3S4HMTYDdFGOOnfqARycHiW7sbuW3kgEiyKsdz8wONwUjaDwrcKAeD0JbPXG1HxLqcV88MbTWtsAJHtrpf9YqjO5S3GGwD8owVC4Lbcj5yisT7WSpwjFSd7tvm15bte906dnpZWOiMru0U1JNJJcyvole17cuzs9nex9c6d+1j8RNLbTrHWPFjboZQyTiLcZbfkJHLkEsMpg/3eegJr75/Zu/aG1P4tz3+ka1bWVvqWnqJreVJEiGo2Z+QOsYYbmUDcQMnJAAJ+9+PHhf4beJvilZXE+kRWk03npDBPJuj2uzfLboQpHmMRtG7AHB3fNXvXg74FfGfwRqOk6obbWfCur6bqEEMEkTSyWWoQh1IaZlLYicHcylSACSTzX0WXvFYeVOo51Zq/vQd5XVknvez0vd20sttTtoQcm1N3TV79dUrau8b9Xe11bfc/dmCzjKiVVTBO1o2Pyg8Akng7sdCTg5PJ61Yk03cMRNFGWA8wldwGcgEkk9fYc/LyCMVi+EpNQk8MaSutXMcuqS28AvmijLQPKY0LOhx3PJ/2iehwD3EVvDvh3upRl24AAztH8YPOc5yMdwBngn6d1bqNROSbjFWdk1dLTRXTdt9n6am0qVuXkVrNKyacui3VrX3unrFrQxLO0nR3jgeSYh1J4wgwOQvPORgnBJ3D5Twa9DsDIgjAgkbEYWSRmLCMgdQQM468dMdDjhZLO1sYIyGEbrlWyoKsc9FUgnIHG7rk8HHGOk0uS0YkKE2Pj93IMblC8Hd3H8Sj15J6kc1apCVOWl7pWkrOzT6bv1d9b+6lqdGGivapS0Tcdr7pra9220km7s6fwzrn2Fllu7e4uII3Ck4zkHaOTwMKQe+B1Ck8r9B2XjzwabGa01K/wBKa7kgxBo1xPbpeuAhZWAaQM2M4XnAAPJNfOtrdQxzpEsJa1OVdMjywxxgEjdgcHkZIzgDOK+VPjX+z94i+IHiW213wdf3mk3Sh47u5jvpl8kNyjQQpIilXU4P1xkDp+T8XZfiMTByo0+dxbVrXvdp2utWru2vRN7n3uSY76pD93q9NOZ3aaTtfZpd27Xi9tD88v2y/jbH45+NWpWsmnWMOneGmuNKCIqqrpG7CObzo8hzGAB1YcbSfT4g8Za7oniPSGRwsep2DbIrlXURPFkbN2AMsVwCWzgHnI4X7g+In7EnxZ1Ia5cxWeo6hqduJBbSLGS2qxsxeSbzCcsy/M25s5ORwBz82eN/2FfjV4R8JWvie2sTrsd0Gku9MsGMtzpwRN0oukBBDIAzsoYlSOAOM+NlOHwsKVKNerOhiaMU5Xk4RbvFO6eltPh0vfbq/jc9wWaYrFV8Qqc5wqznPmjy/DdKMUkkpO1rq76+h8vW2qnQ8Nbl4pXaOTerboGIYMFY9MNg5OM9cHb0/W34aaB8E/2n/g3pnh60g0X4c/Fzw7pl1PLqc11HbDxCttEzRkowUSyOIwOMuc571+UcvgPXdLtdup6fM8Ui7vNdXb7IVOzExIzEobhsgDIxjOM5en6xruj6harZ3U+nvZTgQ3llO8c8cfzZOEZS0fcFuDyDjJr0cxy6GNjGWHrKNelFSpzTvbRaTjFpSvd/fe+tzhyfG/2dWlTxeEWIw9SPJUpzi3KGqvaVmoyWlrNddLnrfxS+DXi3wLp03ie80bUJfD8l3NYDXo45JNOe8hcqyi4UEKzEA/Pg9MHOa8FbVJgtq0LSo4ys6sp2snB6nOVUDIx15Yg5FfqP8Nv22vDen/CDxH8Hfiz4MtvHXh37G9/pF5GsYlOrZ3JPeAgtK+FAbDA4J4IBr5F/aP8AGnwa+JR8F+IvhL4Um8EXsWkQ6f4x0VP+QaL22HlpcW+3o06gvN8oIbqG4pZVXr88sPj8G4KlLlWJjrRmkotbtu+lmm7brrp25vgcolQ+tYHGJKUFKeEqXVSElKKlaTspJN3S1vq/M+TLvVJW1VGLF7duCXbaJVGRwSFOV+7kKeepYFcaVkY7i+WKCVxFdMVmZRt2KuTsIxgr6ZIIA4ByAOyk8PWVtpO+/RHneM3VtMMkxoACEG0AdcZz09CSa5nQLYNFd3VpIpuEkwlvsUYPYj+8WPoM5xjAr3vbUKlKTpRUfZ8qbsr3T0trpte99V1ta/yPLJu0Wkk7pt8117uqjrZtvRrR6a95obo6JdmHaZQ7kwy7+QFIB2Ag5BJOV4yeRyKiuLdr83N9Ej7FDF0jIPlMMMDtO0Ordc4xjGRtJNUdVmnilkkvEDOiGUDOGhkOCVGRkAEY+hwPbd8CeK9J0LVRrGoWw1ezmTybjS5CG4kDIzANn5sH72T0DYp0aF4KtebkruaW8kkrJbrta99XtozalTXNad72bcdrR01bWjWtlyptX6Wscrp8gmvGtrrIh3BlldMBc4G9ePmBBAB6Zxn5jiu91bxZceGJLRdHRrF7eHIli2styoUYd1GQN5ORwCMke9Y2vXlrqmrT3+gWQttNglY/ZW+cQRvghA3cL27jOcivPb7V5ZNQ2mTz9ziNFcfIjkgBecZQZAPYDg4FbRw0cZiIqSfJC3uydnzaatap8tlY0VOMJOS967+KS1uuXXRu9rWvp13ur+ny6L4r8Y6Rd+KdH0PXNWis4zJrF5p9vLcQ2ysMl5VhV2jGQcDAx8xOGFcXaanJbQG3vGminlDJmYEZTJBR1YZVhjA4JBUggYwf6mP+CUUnwD1f4E3/AIai8J+FJfitc2Wp3OoHWdXgggukjtJGV72ynXZPa4yE+Y5LYxiv5yf2qfD0un/HL4gCOzsdLsX8S6jJDYaZtOm24+1yJJFZ+XiMRgjeoXgIQQcYFezUwWFw9DDy54qVTm/d6RceXl1u02rvsl3sle2jnHmkm1JwS2drPRtSWjXw3Xe71ZH8CdDstX+Kvg+wvnm+xXuuWAuri3GQsRmjAdQB8roOh6HGeNxz/ed8BdMtrH4f6Fo2ma1/aulaNpNlFbeYStwYmhQlZFPRhyu3kHbk8AV/CR+zoNPt/iD4et7m7ltHnvrWKLUc/u7cyOgSc5PyiMnJyOm4hhzn+z/wn4+0vwT8ENBktfEmjweLNN060lGtTXsSQ6xB5KsjXEYO1nONmDzlfbK/w19LHBYjNJZNgcNCpVcrxShGUlFycFyykk2rys10bWqTs3/UX0esywmVyzWtiKsKV4ptOainGOtnfdrdKWjtbqfckcUCRsXlkSF8hQ24BWXJHPDKcnHPJ9+a+cfj98ePDnwL/wCEek8UC4jsfEtylj/aAIkhiGQd8iE42rvydwAIwMYya+A4v+CkGtXl1eeE7zTbCHW7a7eNbqedIotRjEpTfbqchQq4ZSeo44B4+FP2+vi58Rvjb4V0+SwuLoXXhZ3e4stPR3iayeMZugyA72UZ5AO3HIz0/mPgrwlzh8R5Zh84n9SwWIqxiq0rwS54Jws3ZJqdlot3qtNP2TizxVyylleLrZZVjiMVSShTp2unJO01eTtayu7N22toe/ftqfCP4Z/HW3uPH3hrxnp0GuS2H/Enk0uZYzNMORFeQRthJmbADHnJ5PFfkvceJta+Esdp4Y+J/hW21vTLaTy1vryBLmQ25ILZYoRl05UswJxjsQfk+D9oHx74TvvsMes6kBaPGjb5JDDhHBAkhbIDLtw2QrEDBPp7vF+1Ro3jLTY7Px7punalHLGLe7nkjAuCqgbJUQgkMB/EDkgHJwMj/QnhHJOJeEsFhsur1pZnldKFqVSEm61OLS5UpN66Wsk7dVvY/ljOOL8qz/EVMTVwyweNk/fdozpuV4819FbVu6sur7p+rWfh79kv4lyrDaWmn6Jd6n8ySPiz+yXb4LK6DMe3cScE7TwCeOeU8dfs1eFPA9tL4ijfRdf8N6c0RS7sp4BKGc5GRG2SQpKgnHXJ4yR4Y/hf4d+IpbnUvDWtS6bb3kknl2qu223mGSjk5JQHgA9BkA9AK851DVfF2jiTw2NXutSsJJnjkBuHuLeReSFKEkIxXGeM+mQOP0Ghjq1aDp0sVUg1dzw+JT5lsmoyT1jd7N+7q0kfM42vhVTc5Yeg6jhaNSi4KKu48ras1vazTSvpc7HxDqFrewXBtRbx2duzGzim2HdbMChDgkjavTGSQcHk818rXWnWEur6gt/FDtJIt2UhQMtwxAPGR0YcjPOeSPWkjt78XEYnkjdYjCIT8qxSkYO7OGZHOQpGAp7kA1yqaarSSi7ihMoHkRMWXEjHKgO4B+ZVBwc5PXjANe5gMTOlBtuUUuurT+G1rLTq029bW0ufF1605Vbzbs023ZPT3FZtR0snvta6vrdcZB4cs7oXP2MytLApEc4YBZiAcxBsjH3tvUkjnjAFZd3Z6ro9tFJ5DQoJMESbiyOo+Yg5ztYDcG+Xjjg9O+TQr7RpxFEXwG+04kyElwpYxj+HIHvg4P8AujG1DxTBqX2i1ljEWUKOGBdS6fLsh4yCRyQMg45GQa9Ohi6lV8yanT0TvZNPRta6qyaSTV/LRGOl/i89rWfu31d3dXWum977nPW+tLCiSyqyhyw8yMnBDKQV5PY8DrwPcYy57lkl+2Wk5jkVhmEZjLKCGQjnDZxlvUD33Uthp8t+JUUSPHGSyRj5WjYuFDOSAQuTyAeTnqOi3+gXkMkSzpJIoC7WQko3GSNw28jB5JBxnJNdVqHPy3Scujtf0d79bNddDFw96S1s0lpZJXtpdXu01dab6Pqdtb+LHhtYJrcQxXUyiOfBAch+z5GDzzjHfHOQBal1mQ2wYIgicFZE5B345kQ4J4JIA6d+M88Qug6g0qSQGOWBkEnkbt8gRMA8DneMYIyM4xtGQBNqGpKFkgCzQbVUOrr/AMtF7DB7kdc9frWcsOpytGV7tKzsr7XvdPXfqu99THkcm171k12V3o2rWvyvdvRPt2nNyI5zLII7mNiYiWOGAJIOT1LLj3JBI5C5HU+DPFNv4b1mAxyTW8DyMbkQ7o5GgfrggglV5wOwIBXJArxSTVLhi0jhhsm4wAOVIww5y4bjuCPbmvQtJeHVrWWW5hQzRrtRhlZFIAIlwB91sclicdMEYroUZ4TlqQclJWSlro/d1itbq293tbW905xGGvGz1jJWktdny3STcmuvf8dPTvFuraVrnia01WHznsrcRKlwp+Yyod67wGyWBySwGecHkUvj7VH1cKYbk3cPkxFYAWJj8tR8zEnBYgfMfbPGAB5RbW+qPC0kEjNHFPtaMPkuwIBOCeAMcckHJ7c10aNdRTqzxCK4MGDbuDtZDxkk5AyOgxxk4PrOIxNaq71JqfNurNc2zktklbRWsvK7MacXTioXaj0VrOz3Se1lezXputXmaXrV5bXMX2aOTy92HXJwGUc7QMlXJxg4zgkDqK+iPCviO6kW3kEVz5Ui7C7lhhxz1PXnlu5HuBj58ivbK01HzBshYJk4w0ZY9iOME9CcZA5FeiaR8QLXSbmB3j86wkba6HaVidsbyv3SABlj7gjk5Fc0nOM07P8AvJJtbx2W9lZvrpqeng60ac023ZtXavprFaLffW3dpn0Vqk7y2MkrgMBFncv3WcKSARwf4jnHHYhcjb8l+JNW0uXw7NpC7IdVm1O7u7gK+CYUJKKfmxu3A4H4gnIC++3Hi/w/fQK9tdg22EEkIkXCuV+bdlhwN3oQRjJGBXyn4w0SNdXu7zSpFuLaZpZ2+b54g3BVAGwRz2ADenBr0sOo1IrmdrSjNJLRtWer0dlvfps2ezUxaTXI1K8WpXT20677J2du7unqepfD68ZbayCACMxsv+sycLnLc/NuHA3dd3BOM19BWlyCYlCgExgb+QOQGY5OeoGM9OexxXzF4GmVbfTo1O1dhJcrzgdQwHHboB1z8vr9AW97C5iZjggIpYHGVHU4xkHOecccnqOfSqpezhbfRbrdted07rTe+7fQ86jUUalTmtK1k07rdK8etrtab22V72PV47xGiRE2rkLuIztHyjDHI64PA56ckc1w/iO6WKMgEE+aQe6sAwwSOOMnOR7EcYI1LW9xBgYch1wH3ZYZxnOMhQDwMcjHpXJ+Jp91vIVIBUl+xJIbBxnsNuOMnp0BxXJzpySkna6spO7vpt3V07bJ7vqn2S5Z07pLVKTTSWi5XbS36PbRpHgPieGS51u0nijSZgs3mqBkKoZtpOcfMACMDAwB/F96npM+/wARXClQyJbIVBGMEgcBeMkHIHbqTg4pmvaoLfxHIFcIq2JZiGALbgQSAM/MTuJPfJ5PWpNJIfWFulCrHcadE6J8pkYKQCSfl5ORnIyew4xXZQT9pTVtNtb3t7l3dNtfPZrR6tHBWtGMnbRLXRdFG++90+vzPoXQb2WKGNCwVvLU7mALEEjODkjGSSME9MA+ns2hamqMiEucgHJOAAFHzAZAOe+OOTxtzn570mZ5jGVwQgT5RgsWyM9s8AEhW67c5B3CvYNNlO6FXYAlB83Rl7lTkcnnGTnk4Hau6tRhZtJuXXe6btquuu22r1ehOFrtuzadlFb7Jtb3Wui/F9meoyatgxqrkqucvuxwOnB4KjHAAweg65rH1i/NzZzhPlAicEnJDMwYZAO3GGPvkHGM5rFmuH8sEKqsAQpBBLKpAwFOACR19yfWqN7dm4tp0fCEIwGAVycYLjB2qwAyT3zyOlZUYtKyV7dWu+vp0X/DM0xEuaT3a3askt46P17ar5XS+BvHesX0PinULYyiTNwkSBRuJh345OcYDEEfewQD94jH1f8ABzUSdDDPM5cTogQt8wCjmPn7pAJ29RwFJBwa+TPFOlSy+Jrt4JSWW5uHbeOSFYkso74Y8dQDkcZ4+kfg/PLFpUKOFBSYFpGILOxHIYe3HoV4ORgmt6cm20knouzW60stOut/udzz4rllBpJS00aWq01ata6vpvs+rPqK2v2LPsyoXIJOM5PJV87cbR3z1GOQa3I7keWWOxSIzlDzncRkZHfnOfl455xmuGgu1zj5BvYgkMeM4OSDyccYzjJ5OeQNoXa7NsbneF2EZ4J42sAeOAM47HpjOK6KlPmSukv0atr1tbS6fno1c3p1Hz+9JNedl1S2s3579r3bscH8QJZG0nV0KqfNtZ9o4JB25HBGSo54JUZ528cfCtsbu3S8lmMwPItyxKkqzNnbjt0AAGSCSM5NfcXilt1hqnmbT+6kVWf+6wwyDnaMk8ncMYOCAcV8a3939p1FrNIMraxyKwckeZt6jaMdPmC46jAz68dNK0mrcy1s0+lmm2rLzW911ehtUlKLjZ6WS13V7O66b6atW8+n6M32qrEI3uJdhbny0ILvgHBYbsg5xtBwP9roRzupeJdQ8tLe22WlqSytJM4SQpjklmOQCOucemBjFeTeM/jN4O8OrPBpNxFql+QT9pbLIpXPzDd0xng5OcdMCvkvxX8XvE3iCSRIZmtbZicrA5VyGxjewPG4ewIAABY8V+n4/imnSvCDvK20dW1aL1tok18/Sx+a4HhKVSSnXfKm23zaWTcXt0/DXRJqzPq/xV8T/D+hK5n1NJ54SSbaIrKzMA33yCRjhsqV6FTuIIz83+J/jvrWotNDpEX2OE5CSnmUDOcLz8oyAWwSPYZrzbw/4P8AFPja+W30yzm1GV3HmNvLbd56yMS3Bydw7LyAOBX03oP7OWi+GYotV+J+uW+mwxqJjpsOWlkVckoXXIG/GB1JPI9vksTm2OxrvDmhB2fxOyT5Vu2ndaaJ6K/Y+wwuT4DAqKVODmld3tLdJaJK/f4rK721d/ly1s/Fnja/EdvDqWs3k7hUSNZpFy5xyQCqgZOMjA4OK+nvBX7KF8YIdY+Ius2XhLSlVZ5baaRBeSRk5w6lgwJUYGAeM4BArd1f48+CvAVqdL+F+gWcU0amH+0pokMrOoxvLsucqMH5eo5B9fnzVPGXxC+KOrJbG71HWL28lEcFhBMwg3OcIioHC85wOmOh4Fea4cz1cqtVvRJ36xW2u6s1bW/oren7SME+XlhGKd27W2itl7sNt5W3Wq6fWh+KHwP+Dls1h8PfD8HiLXoA0bavdRRzBZlwA4kcMMAjO0cjt0xXgfi/45fEf4lXgsTdX0iXD+XBo2lLKB8xCqnlWwPJJAGQAc54r3f4Y/sIePPEy2upfELUYPBumXJWQ2QP2jVJo/lYIYudhdScENnkEc8D9S/gv+zj8L/hbb2o8M+F7O+1gqP+Kj1mNLq9Z0x5kkYmVhEufmCn8egr28FkuLrqM5QVGm3fVJSafKtE1ZPW1vXseBi87wlNNU6irzi9XB80E7readtGndR5mtumn5a/Bz9hn4tfE3ydY8VIPAnhuZlkkvNVLf2lcQkgt9ngc72LKc8lWzx2UV+o3wl/ZU+DPwjWCXQPDK+K/EESL53iLX4Vuts4xumtIZBtg2upIxnpgelfU40pi6fbJ/tb4JRNvl26Io+8saYQHHB4IzgYOCDrJYyDHkxLHFyxC/NhQMg8c4YAAZxzzgjOfq8DkmGopScOae7m/eb0jdpyWivey0+7U+Xxed168rX9nBpK0eZX1W767rV2T2tZXOettPluFH2yRmjA2x2kY8iCIL0VURdg+XAA2jgBRuretLBYgE8pUYqFjWIgEgtgZI5PoSPvckjOMblrpbTxAH92CA7gHe7c4APTCNnhRg8jvxXQWWmQq7ugAdEXIc8x4wAVPUMQvc5OcdxXuUcDSlLlUYtJau60as3fROztbTS6e+p5NTMGpKzu9E0nfs27O9t99Fo9EzGi02RmAKnY0YUxxkkKWHBY/KSDwf8A9ZNdlpuk+Sixby6BA5jK4Uc4+cnawAXOenBxySSHRRF5PljwMKpPAL5yQRg52gDJUEZ4OAOu8qIjjccAqUWPcV6EZIzjd90d8Y79CPXw+AvrJQ5VZrZX6pq+mz/4F0ebiMbNS3+JaJtLXRWW3R+rvvdaMaOKN1W3jRWZWGOqqoUDHToOO+DzkkgGqMhkjG18gZBVvlO4nksCeVzyB22jOckYmudTgtA8spjWGIbGfdtA65J5OTkg+oHfANeJeI/jRotrcSaV4eifxLrJfY0UB2QWsmSFEj8FQvTABGB1GBnqcKFCF5KMXzXVmtXppa71b0t5+iOOlGrXqNU3JvRPWyTuujdrLq3bbvt6/LLFBueWaGO3RSWZ2VApwOQzYQuPmyMjA53YrzzXPi74e0mY6bpEb+INSIYJb2SgwxupA3SSrkAKcZJPHIxjOPDdSPinxNeQ/wDCR6lLbwuzMmk6Y+2IICcCV1I3kIdrA4x0wM16N4a8NW1s0cNpYw2SMhb7QwDyMG5AZyC29sAkZ6884rBV+d2pxcbtLmb1srbJ232b6fe32/VYUYp13Kb6RXNy3tHTme+r1S1t95kX3/Cd+PJVHiLUpNC0qQkjTNNcpLImRt8115z1UgHrkdMEdd4a8FaRpBB07S41uSzbrmcK88yklWZpJOrN1D8ZPUc12FnpAdC5YySQMAzoSQAD8pIKkKDgA84PcZBx02nWLb1aTJlUYZc48sNkjgevXrwGyegFRKClZ3Unf4r81vhXpvvZdtzRYmpFctG0Vo3GKez5VG+27u+q/I56fwjFesJ2aSKWIKUAZjHuBLAZbsx6gkAHPUkVpWM7WhFpcoIXUELIjMQyjADYxtJOACcdCfpXWR27NG8aEgRnc5JYlvbHUduCcrz1wc1Lu2t2WNm2EY5xwygcAhsDIOBlcrxnrnjenRSSdldtX1erfKl6+VrLdray46mNqzVp3sne+qafu6Oys9l+p5X44+GOh+ME81SdN1mJTJbatbr5cqOuXQOUwZAzZ3dz1PzYz5p4Z+Jvib4batF4S+I8Ms2nNJ5Wna2uSjJnbEzy8gqAASC2cA5719L/AGgI4SSKN0jAAY9fm5BJ2jpgd8ZA/Hl/GHhHRfGOk3Om6pDHcwvkRzKuJreRhhWhcLuBVjkYOP4SOcVnXozUvaUWo1E0nbaS00klZd1zW312tbsw2LU4KnXi6lKVle15QflJ66dUnZ3d+51a38F/pi3VlNFPazosqXcUqvHIrANhXGQDg8jqCcdK5G/1hLfdHDKyBlCkgZC84JJxkknoMHAzjHf4yuPF/i79nXX10jXpZdX8BajK32S5ZyxtVYj5ssSyPEp5XJz14zXuF3430C80mHXLS7SbSr6KOe3nyVZ8rzvJwBtPynjjGcjNFLMIcslUvCpTaU4N21Sjs+q0aV7/ACG8odWpCpSanRqfBNKyumtL6Wktmkl/n1Vz4gmdWJIMUcjK7M+A/BKsBx8pwdozx0PXjgNT8USokirJsR5McqSZCWzhed2M8bhgdwccV5H4o+LGk2scks95HZ2K5fzQSTIVLZCj5S2VGcqQTzkA8H5q8Y/tIRtFLD4XtheOXMUV7KcIC3ygopGSc/wgg44BJOR5mLzyjCMlBvXbW7cvdvborpro1rZ9T28Jw+k4yk+ayjeWltlq2uv3/wCf1J4i+I1hoUbf2xerEh+ZIlYBnz91QoJJBPzZIxnqOK+YvGv7Rd9biWw8OKvmSgrGFXzZg5JAd1XOOOR83HOTjivH/wCw/G3ji4S61a5ezt7hhl5HYzOCd+FTI2Ic8And0J9K938F/CDTtKeN5LWOW4ZUP2i7AdyTgMyqc4DgjGAfbtjx4zxmYtOLlTpSsr3bdkorbXt1tfy0t6/NgcujsqlSKWyVk/dvd2SVtLta3fyXg1p4Z+IXxLvFutaubyGxduJLl22rv6MkJOAAucDkjJyeTX0L4N+Ceh6K8by2baldx7d1zcKXUNjOVBJwPbrwCcjGfdtF8Ki2dlEO7ZszEAEXnABCgdgd3c9zwSa9N03QwgxIrFCS525GBjJQtkE4AxnoMZAxg17GDyilC1Sa9pLT3pNNt+7oldKN9H1ej6uz8TG5xVqJxptwhvyxTSa06qzv3umvT3WvNtN0AwNFb/ZAFz8vkgBABgKoUDlQB9MnkE4B9H03RUs0ZXRSrBXVgMAYwdoyDwOMntk7gOMbkenpF+8jUKFJKhB8/BwVz2Jyc9DntxVmaYiNgwb5VBUAAsef4j6Dk4ORzXtRpQpwXKlZbqKXZfNXbWr6aK+p8/KvKq3e7au3q3ro9XqtHZ2/QaESNAURIy6gFcHOflO7aQM55PQkY6joc6a6AMhcKJMqiFecEcg7eoIGcYBA7dzTLi4kzGuCkh+bLnHygYBUAjB5GeM49AK5+4um270VfMUMNpGdxJxkhsAlT1I79ByDSdlp5Xut+jts7rr91nd6unBy1akmuqV001Gytv16el2tXYuLp43RciSN2ZiF46HjGOeM4IxkHPBGDVZ72SUS7HVFTKqSoZ+SSF5weBxnKjPAHrkT3JdN8hI4IQqMFXJGVByBnsSMDGBjrVc3GFPlMzMV5RPl+dh904wSwAPO4kcjjpWTTbbvZpLVuKd1ZarVpWdrf5BKDjfR6W3t7uzWrd1vZdHd7bG21wSqMMbgo3A/Ntz3bIyu4DOcHBOQRnNUZb07lCMCikGQkDBLk5Vm4IwfTrnnpWOLziQ73kkBA2c4JHJBwSeO/Yk5GazZr9Vk3DbsYsWCsQI2Ax85yATkgeoHA7GlFxjdXu1vF8t1zcrUdUvwTbW97DhSlJrXlu1ukmnp1abSeny00Z0c1zIDh+Ywd2FOVCg9Q3v27nn0JrMutTjt1YSuE3ghQGD7iRw20cEH+90wc81zs2pOS6MWBlBEcSE8qCDuypPGB8wBOMHoK8U8YfE3w74WuJBrGqpFdkEpYx5luGRW25QH+JycY55PeuPEY6FFPmlZLW70Vk4tXWl7W5bXSV1oelg8tqVp2b5r2slfW9tfOzsvnrtY9uk19VZtrKRGSqmQqcAk52gZDE914AzxkZFeZ+L/AIl6J4eWSTUtTjjnkGY7SJhJK6jPCxKTh3HAGMnocE18yeIfi54j8Rs9r4esho2nuMPdyHdduD/FGOqlgQV68+hwao6P4Fv9TkTUb3zZmyHuNR1N2kUEgkERPkEdCMDGeCV6V4FfOalVunho8zk0nOWkbuydurdrWVnr5M+ioZRRw8VOu9b/AArXVpP3nsntZNt630buddqnxZ8ZeKJJrHwxYHT7Tbt+3yKVmMI43ZxiMsMuf/r1i6F4Ak1Wd77VrubW7/zfNkeeVmtYeQzebK7bfk+dtoPUcDJNehWGjWFlJHaAPfTOmRZWQEL3a7cebPIAAsbN1AAGM8cZDr69i0m2uU1V4rW3tgXOk2QMcduqrlZLyZSDKQAT1X5sEkA8ccqU5vnrT53bq1aOzs1stdlbduyta/bGrFcsaSUYyaSSSUntbbV38ml3etjZ0vTNL0xf9ESCQwj95eSokGmWhUcvECB9oYMDzjLdsEiue8U/Erwh4Wie7ur+DVtQh/1TXUirZKTkhre3B2na2CCQc4FfHnxP/aFu795dF8PIIorYyxNNu8tGZMAGKMEYRQQwLMT0bnPHydrOuaprc3malfTyOGJVXkYlgxLHC5wqA8Dk9uMV4eMzvC4W8Kf72cbpSjZQUla2yd0ra2W92elRwVaulJyUU+W7b55Svyt67Wa6X9XsfUnxX/aY1nWHNhpl48sS7ljKMyW8Qzwsca5XABGCRx618ha54i1fXpvM1G8nuWY5KMzEICQ2No+UDJ9x6mqN07SEIu0BPmYgksQMDLYBO3A644JPB6VWjQnczc5AJUcc4JBJ5we+COAQRz1+PxmZ4nHVE6k3yuXuwjpHl0snbTpv3avfQ9vD4aFCNoJbK76vRaPZvdt732fcpNAxkK7dwbHzDjCn5CQeMA5POeTk47U9YYkkCsd6qPl6kZ3d+MDA+733cY9bojVQTnBkC9wMEjaQecnkE++Ogxw5IQoB+/vx8zHAIzkkYyMLjseQMg45PlqTb1dn6PRprztq772fS7OlvlXfbrr+Po9F69dIhCByANpbhAfU569OeMjjv0zV+G2AbjAVtysQCAM84B9c9vXnGa0ILCaUswVT8y7cAsoGFAIORnG7OSOuQM4O7sLDw5LNHGpWRWJDMMAqBkHoD/FwR16c114fBTqvRyt59Vpda6bavTR3e7solVjB2fXtre9kmtu/Xy1OYsNOXzVlI8xXIQnZjBJ5BPOSQMEg5x2xzXpVlpsxWI+WWUnAU9TngkjGB2OM+nC4xVrSdBgjdRjcwYHY2MGQHHfoQAR17+wFdi0kEAHyERqVUk42qcA5HAxzwDkZxjGa9all1NNXV5O3NsnZtatt3d3o9d90Ze3aTcWop2s9LO/Z30T0097VvULGwkt0K5OMqTtAAXOCWIBUZx8uQB8pwFGc1tSa1BYoIo2Z5UyQoAAPAPzEHkHH97HJAHTHO3N87KfJykbHazqcYUZGd3B5wCeDwevWqpjY/vHXdkbVYHgrjqR68DHTryewt4KEXpFO1tNveVk01rf5brVaE+3knd26baq2/bzS21T7NpWrzxDf3m5A5RDnDKSMAEfLnPrweOOcFsGsgRyTsBMQxPz/ADDLNjjALYIB569ByelXxZsqjaoZjjAU9mJOeMYA/DPQ8YrQWBQAzYUx/M7KSpI6qAQcqB1zntkA100sMkkuVJdX16af5X1v6ac1TE3vZvZbu+1vws79U/ibV0UY7ATEDCxMAWYLz8oIx8oJOCM59MZyOlaMduEZVyu4J8q5ODnKjOeRnAJOcsRjvzZS3l4lT7hypZfTpyx7bj83PXJyBwNqx0aaVUd92XZQDtUjy89OpILEgjj04PbRRpUoOTaSunqnZXaSvo32Wluy6W5oOdSdrtuV9Enpps7WV18tr2toZtrBKsohRTISRgAELkjk85AORkjJGAOM9ejsNGkneNrgFY242LnOcHqoPr0I6c+pJ6/TdDRWRJAkQ2Eq7L87hjk8Hack8gjHU8108NtbWhMzLmFI8MW52Mc/xgEg5P45Prx5tbHJNqktrJO9+sVfVPWyuvlbU9Ghg05Kc31V03eO8VZ7q9uzv0unc52x0a2s4t3lo+AuBt+YbuNxyuQ2ckHPT8zpzSiCL5QkY+X5lIDZxnA6EY4AIzk9uOUv9SRIw1tHvLMPmOSHCnGFyOBn8exxnjAnjuZZVknMh3HjJ2oWYjKnB+YAHK7cZyB6583mnOTnUctXZJO97Wk9Onys1byO1qnC8YxWj9LWt1SulbezSV2lcYb0l2aEMTuOfMDYBbIwD19eRwfbgmZLYzurSv8AwgkEEKM84JHIOSeDjpzzwVaGCJVidgpkIKEDIBB5xzwW5AO7PTGckKxr9VIiiRnwuHLnhCDgtkjGMAEEdMkDJ6y2oatbXbWvW19NHe9r/LoQm9NW1dLe9r21t3vo9dNN7I2rWCLerbAwRSGRSDsA4LHoAATx1+bGe6iG81u1szsBaWXOV252qAQAoI9SBngjjkN0OPcahIYWMcgWBFJJhyC5xyN3BwO55984FYX22FyBGkbS7GXLYZk+UZdlH97g7cgHOODis1Uumklb1s0/d0dndtbW02u1bRv3tGtGtdd3dLV7badOit59CdSnkMszHywyksWI3DcOig5I2ggjOMZAwe2Q93EJQfL8xdu92Ynczf3huOGxjAGOMcDnnODSTfLLI27PJPBUjBRQcZw3BUNkdieci+qjKuYlkdPkKj1PALEYwQp4GCP4ueRXPKpGK63d7OTd2rrVuya37dVsbwozlaT2200WrTaSt87X3TSsW1hMuC7h1bJQBQSCckLjI45BPQ5PODXQW6W9rGudr78fMBtO4EAqBjAHGB0BA4BJFU7W3lk2SojeTEpB2DJc4JIJ6BuSxAXnGCea1LSyFyBDEzG5dt+GH3Yx3XPdeM44J6YwTXDOo38TVk9L/ad1fe6e+rt0Tfc64UeV6K8tLNpO6skuTdta229X2lgVhFJ5MauXf50C8qC3ysxHUlcA5yM9Mcit/T9PMts/9oLJgSKsKoSxIPAXHVVKjvywx173bTTEUraKSryIqmbaNoblWDcHcSd2ODgnPOOOotrW206XEf8Apkqx/Pub5UJGMck8HGM/Mc9ehrz8TiFD3I3cr+uumjXpbX8HZNd9Cm4u8o2t0bT/AJVrfXTR6PTdJaIXRdHWFHkiURAEuC4ETNkfNgnnYncdCcdztrVm1C309ykBN3K0e1CQPIjJByQpyDxwTlScZxkjHOXerT3EbNI4Aj/diGElVAB5BIyeBzxjLAnniuVudaRY3YyiJU+UIh/ecE8jHOB0PJBIz7V5L56ju+bVq2l7axsnrZWvbfW3W50vEJK0YqO+ttr8t+tuqXns9dX1d1rJUojSbkYlpAnyAseinruA7DIwOe1crqPiQxKYJ5WEZkYqsZ4XaD7nPIAPGevoa4vUvEQjliaVgifMERsqXPUFiTkg/kee44831nxRFAy3V3J5iLI4SJM53ZOFJyMknnpj8evRh8unWd5RcrvW6bW6772vbTt5HDWxdndSaWis7tXtFW8mrpb+tnZr0rVPErThArkxxoT5jEjyVbd0A7r0Y9SMYOWNeV6p4ijhLq0skzSviOBCWkmc8KxReq54CjH0yTXofwy+Dfxa+O80i+FNK+x6BFIBfeIL1xFY2kOTuLuCxbaoLAEYb+8pr6HuNI/Zo/Zex/wkN2vxV+JcMIc2xRn0mxuByUWN8hgkp++QRtGQK+gw2VRglNxiopJtyVv5b9r/AI27dTzKuIcpNKTu7Nrz01aSsrWT1fotHbwn4a/AX4kfFIjVbq3PhbwpEQZda1dfssS2/BeS3E2wyNtJwQAD0znBHtmq+OvgF+zrZnTvClvb+PfHkMZEur3QS4tLe6XgvCDvRcPkehG3Kng18tfGD9q34i/Epzp0N0PDfhgOYbXSNI/0WBYB8qxMINm4BABkgAEAY5Ar5ekN1dzeY0jCORmEksjFmYnOSzE53HGV5BHuTXrQlSoJqhTSk0lzyV2rW1jdabW3v5d+KcXK0pya2drtp3Sstbc173S20S2ufQHxI/aB+IfxPucatq08dkzt5Ol2LvDaxxHO1NsRUABcDGMlec5rxPUJIIgs1zKC7ZPkg5JI4IYknJzngk9fWq8dyYE8ixQTzFdvmn5mVuchCeQPUgfqCB6B8Nfgx45+LmsR6b4b0ubU5A6/aZs7be1Rjy0pZjhR2IJ3YOPmoUZ1ZRbbb2u3/NbTsr6dF872FumoJXslby01fknbVWvr528mknu76SOOzR1jYhVRQQTg8AfxEd+Ac8dK+pvgt+yt4++Kl1a/ZNJmtNIcpJc6tfo8FssZwHcSShFCqM/dJU45xjj7R8Hfs1fCT4AWUPiD40arBrGvqscll4egQuBLwUUggBwWAXJJGAeOoq78QP2l76705tG8Oi28E+FY0ENvp+mKIb65iIwiSPGoPzrxwcfMehBx3xw1OnG9W95ckvZRab1SaTd07e8t/ufUVP3U6svdfwpb68t2r66vTRJXuk7noXh/4bfAD9m/T1+3GDx/45jiXNtGUuLO2uVAIYsNyL5bjB5Oeoz38d+JPx/8Z+NpBpIuG0/SSBFZ+HtEBRFjAwiS+SPmJAIbIwAcHgV4zdXGrajbtqeo3X/CP6DJl3vrpmlvb1GBbKsSSTIDnqMseMZLVhSeObXSoYrfwfpxE8rbX1m5VZbuXGdzxKwYxqwPysORjIGBitZQlNRcv3dNKKtG19eV+r230er3W/JUzOnRbp0UpTVk7Xuvhi7tXa6XtrrodcNHjghW78bamNItUAmh0O1YtqV2rHIWU5LJvBGWb5gCScGuV1z4g3Jtjpnh6EaBopUp5FuQt3dqudjXdzkSOWIx2xnAHc8JqWr3eoXxN/K015vLzvcS5kYMASGycDBOcDAI4zjisqaCaQ+aN4h3FdqYJTsTn+7zkZ+vOKdKEIpKlHrrLTmfw76aLra93fpseJjMXWqvmdRxV/hi7Jt207ta/au3baz0sb5pQ8iHJlVmfJO8ZPVmPLE55zz7tVSCzka8VQjOzEKzEj7pxyPX2I4/HG7WtQsNu6qCzug3sOhJBGMYGMj0OM9uaktzHC5maVQW2l8KAyocKAeep79SOCeea7aNFymlZttx0v6de1mmrvXVdEeTiqsaVNSm7JLVtdEr697O19Xb0OksrMksSpMcEYErA/fAxwSPXvjJ/lTp7+3tw7QoSjHy41b7iAphipYc8nndgcZ6YpmnrfanLNaWSSJC6qT94Eg5OWJ5wVDHnPOc85z718MvgVrnjfULKxsNLmvjJKi4yNrYYZODwFXcMHk9OPX7LKMgr4+pTp04NynJRVk2m5csU736d7vrc/OOJePMn4ews8Ti8TRpUqUJycpNRsopN2b1btLTS/rc8U0Xw3qOvXarDBM6u4WOONG2k56AHJbceOg698Zr9JP2cP2C/HfxWvrGeTR7q2tZ2RjLPC0cMUG4Eyu7AYRQfTJzkAlgT+l/7Kn7APh/SYLXxR440+B0skSZreQAW0JUBgsrDO9hjLDBz+de4/H79tj4cfs8aJceD/hpZWt94hhia3L2kKRWsEsa7VV2CgsIiFPOPu+tf0Xwr4dYDKKSx2aqGIq0oRqTpydsNh0+VxeJmkubXakrOd3rbU/g3xK+kFxHxlmEuH+CFVw9CpN0Fi6UHLGYnWKlLC05PlhTV9a9RckdNGdv8O/2eP2b/wBj/wALp4s+IF/pEuuWtv5ry3fkyTGeNN3l2VswLMS/CSBQT8p5xhfh/wDab/4Kd+IvEdvfeDvhIx8JeEljlgfU4SIdRvIQGQkOoQoGGTtU5Hp6flz8af2kfHnxY1m41fxlr91qM1w7PBpy3EgsbRc5WMRBgoCg4wMcZ5yQK+Udd8VXEpQmbO9igRWIQcYOV7gEnr27Ej5ejPuO8vwUHSwFONd0E4Uak6cYYago20wuHS5Y7WU5xlN2vpuHA/gznGLrLF57iassVjJRniYyrTrVarnyf71ipNzqu7a9nDkoLZQadz1Lxj8S73Wr+7vNR1GfULmZ3lku7meSV5pCeS+8ljySc8jkMD2rx2/8TPLI5yZXZSMhiEU9ACe20HAwefqK4q/1CQTGRnLeadipkhMkkBhg88HnPGOeOcYd9qyW8awuVM0hbDscKCemR/dGeCT0IPAFfz9xJx1isXUqOVaTb5lrdvePXfraNnbda2sf2twP4QYDLqdDnoRSgoe7y2X2VpZLZvX8FqamqavPcGQl/RXkPyhQRhgORjAGMr2Ptk8TrGpW1lGjm4DI5ClGfB3swy3B9QPzGc9K5HxD4vtrO3a0gm8y53OWYPtRWU5GRyPlHbnGR97Bz4BqfjLUb+WZHkWVopd2SclUHVVBIBVQSc9QSOwBr8izDOsRiZyUZtq75nzPZ2fRa6Prpe2miP6MyfhvCYCjBU6UKasknyK+nLdbdVeye+yV0fQOo+IoLWGV0mhVHAImZgV3YztTn5geM9COApNeDeLPHF5qiPZRjyLUyqAVbmYDqxJycsQduSe/QnjmNW1Wa7t4ViMiwxOc5dsO2TnGDhs5579eM81zU0hkySR8pAKgcKQMgHkDnH3s4bJOc14MXKpLmqXabuk77+7Zvu790tde1/pVGFFW7JLz+ynJJpbXd9Nb6iXcEsO0sOJEDAkkkYA6kEd/vED05B4pkbbGWTOFHuAe/PQ4A4J67uPqWXF48uzccbEwmWDDb06jjOR24J5z0qu8m5eOVAAPXGRuyT0wR0zyMY6ZrojF2Sb+b7dO3WxPPC90rvRpTstfde/xb3enVb7M2Le5mu7lZDGrJErBQSMAAEgluORnhTjHPWqNxC0srKvzyMQw2A4wSeOOQAM8gnnJIxzUUcjRbFUnax3EgkBueQRjkdQfXtxyegsWjxJcTEKSHVQMg5HG0Hjrj5gB9c84h3i01polG+11Zq7a00d9+l2bx5ZRUW05PV6+ml1r6XT16a3fNywvG3OTgKScEBSxOAQeQMjHoex5roNI8/zIJZn+zwRFx5rDoBtbkHsSeozgDHPNV1WF1dpGV3Z2VEz8xYFiqse65JPUZrPmmuShRixiQsdikhQOB/D8xGME87cYOepJd1Fy2s/h5rrZtbb9Xp2dtdhcypy5k3yvVJbXTTd79lpfX7md7rPjCRXQWWwSJGsKzAAExnqV4PXA+ilh1xXGLdLe3yyXTlVfCyNnIKg8k4wMkYJyemB1NZJBbDN34Lc5GB0DE57YxjqOCQxWp7ZGEsbuCMsfLAUfNkZA6/MMkYBHTrjJpqjCnTbiul5Xvd7Wu7LdNarTT0JeIq1qsFJpx5o3i1bS8Xq/wt+R7rpFodG8O6nqVpp4Nnd7IWvLgAAJyD5ZIDYYZKkZxx1ya4M+MTpUzjSUiWCQYlyobJZcH5iPvEgng0mseKNdn0uLRpGFvYhd62qDaXCDO4jJBBIJ4HuffzjDMcHrg4BzwOT26Y6c9Oh6ccuGwfM6lSvZ88m+VNv3bJLm12Wq2Se2u56OPxsI08PRw8bKELuTil77tzJJdL9Lv77nUXOozaretcqMPJ8piiG37oB/h6ADlscHtweKExmtY2ViDu5CltygE4PGAV6ZyCSDyTwazraSSNt0fysAcEHBIIxgdSOvqM9e5NLJK0hYyE7snKsQcAnOD05JwR6kYx0rtVK0lFawVtOt9Gkra6Pv081d+S6nNBt/E9300a81rZKy8tBDGHVmMqqdwwpJy2cZP3e3PscCmB2Rgc8puAIyB1xkk5xnBHqTnI6EoR1HPBJAzjg9OhPX1HbgccUEEnbjgt9Tz1PXqT2254xnudvW3fttbX5fhoYJ66NXvu/Veu2/z13LsVyGKFjuRGGVY8/Nzzx8oBzyDjP05rzOrPJgDljhuy89uxHr6EnIFQkshKKSO546jqMYH/AscDPGajLMevuckDJzxycc9/zNFlv3SXlbsl5mjqS5bPo9H6W31euu1la/lZO3FSSB94AcgY4xkYz2IwQc5Gc1OYnCJJtUK2Sce579uccYwQQT/DzVPf0z26d8f1xVneDGqnICrjg5BLYPOOgAGOeCp74NMiNr6rbbyd13fbu/W+zvQm2eMn7soAGwMcuW554xnd2z0yAB0FFx5czAhi27OGGOeQB0J79cf/XfExjbdkAqQQoB7E5AYHkDAGfTJ46lhmeSfzJBlnY/eHGOePUgn34PIqEnFt77Pp0tq7216rfrqaNxagno01ro01or6Py1be97b2WxZ6S99FK5cRpEpcuw4z1wT/CMYGcg7duQe+X9kIZkEgLo23A7EZG4HIxjBOOcgDuRjsrW9it9HuIUwXlXdKVJUxg8EMRng9AQRg8/Tn45bYyxNlVG7c6lScEcYI+8S2SSefYYPHPCpLmklrG+ml/5bdnd+enojrrU6ChS0UZSScpXurNRtdXXdXtqr7pXK0VruYb5Ni55dgSTgnIAyM5J55I6HProtEySKsR+Vo1WMqxHOV6Kc7ixAyDkr3J5FXr29huxEkdvHGYlALLwSSccLg9s55PPOcDIwJ3dJQ3zpsIIPIJGPQ44YgAYHDc+pLgp1Hed009rbNJavb7rbrS6ZEpRoxUY2tJq7Te2mqbe92k00t76kty88DLACySnBlIOecDge49O3POcVRKliVOWbceTydxxnJ6k+nrz060k07SOWkbeT8xZjznHCk5ySOvQZ5xxiohIQ2QcE4I/PtknkdORxzgenRFJLaN9FddbJer/AB87amEpRcr3bs9nby3S6XVvX0RcitnadFAHLep6f3sk4z7Z4I79a9N8O63H4dKXEtiLwxYKiUfK2DlvXBHZuuR6DnzeykUyEF8SEnaxAJOMHpnGQeOqknpiuia6S8t1tlYsF3GTDZbcOQMZHAHqcc8cfMcasHKVpax/l73tZ/g766rZa64ygqsXCcbwd1KPe/Kvklq9LtLpsfV+j/H62ktorKTSbWFWVI2dtrGMDgHIGSOSccnGBzwT6JafFnQ/sbpLLbwqF3iVD87MVABKHuCTx69AK+BLZY0kkaCQO7EKEBIKuCR8vPUEcYyp46E1Y8+5nd43kO5VARdxyQMkqBwAo9cnOCR0Arz6mX4eeylC7i2k9G3Zd7aJapfefEZnwLlOYTlN05U3J80kpOzel463Sdnay7O90fY+qfEfS7uKSKHUGZ5ScyB2IZGB+XBJCYyBz36NnFfOHjTUG1K722ck1xG4ZApYt8xAUjAIDHGCAGIBGCTyK5XTYL2+uBaR73JcKxA/eBwwGCpYA/ieACQCOB9XfDT4UWMFpda14gtvOjt1EgEuRDGQoYKSdxMmOo5HRi2ATWdZ4XLIOo5uTbSjG95SloklsrLS3V2b31XmPD5TwZBYn2jlJtQo0tHKc3olFXitWlZ7fJa/H03hzVrW1lurq2lSEL8m5Su8DncABg44OCR0J/hNcuWOAsn8OSq4zjknGexJIJPUDGDjNfUnxP8AFtoGk0uxggS0gd1hKAEtjPXK5x+BznuOT8v3kqzSNICCzOxIB4BJyeMYHAzj1754r0MHWqV6KqThyc2sVd/C0nZ6Pya13vors+2yvG4nH4aOIr0fYKpFShG/NKzUbc2lk7brXu3sSw3jrDLGQpDKMFjyGzgYHQcEYOexJzxVQ+Zu3ck5A+XPfoM5Gc9McsfTA5YhBOMA8YX1YjnPueqjGepGOamE3zBeAiAd9pB4BOSOOozjp2HOD1S203fbR9NfTo/zR6Tu3fu+t7aW6d1rZbK99C3sKx+XhRITkjHIzkhRwMkEBckjuc88ugjmDRxFCwRlZxt5C5yRnPTn05GaR3Cxh9pKN0YMSuBjB3YzzyeADwOduKBcSQsZAGXeg4GFBHHPBxwMDI6DoeBUKTaa6qy1737Wer7N6b6WYWa6vW97efL1WqS00vppc6r7cyRSW6hEhOxiu4FmHC/KBz0yW7g5yOM1TkRBMHTiIfKqqcMCwGcjruyMd889eRXONcMzGVyQQw3bRwoAOBuHy5yc44B44z00IbjzY97/ADBSzZU5Y4GMtjIIHPI4B7DNZ+y5btbatpXWjtv363dtE3rda5yTily30u+vlvZPpdbbeepsCKRY33EnLbmJOGYE7lGMnkfhnk8g10Xh7Rb7xPqllpMKSFriaMIFG5lQkBmYAZKgZIB9+eorlon+0IszMTCpU5B/h4UnJJ+6AAVAwCeSNua9H8LagdCvLbWYZ9r2roVWMHcYgAQS3IIcDjvgD1ArixaqU6NV0Xao4SVPm199JK7u9r29Om551eU4058iXtEtE7LXS13dJXb31T82z7e+HH7PkcmzTb+OF7IRndfywI7OzY/dlicrzwx6jnkE11/iv4CeCLG5trLxHrMVrawRAwXC7I42fIEcZZSNwHT5gMYxjuPIfBvx0vCrma5uLQbxNbgyb1ckY8sAYIBbJPJ+hHXD+Jni/WPFctva28zFpHEouZnO2WUYLqi7sKFyAqL14wMnI/H5YPivE5zyV8zlhsM4tRdNKV+9rXa00393zZ8a1mNTEqFTEOkpO7aba6fy9rLtq1ppZdn41+HWnJbwafosiXVuiqtnfuFNuxjB+WMHC5IDA5Bzg884HhOu6N4n8OXMK6VdeYk0Za4tYFG0yDk71AICgcAd8884Ndp4L8TXl3Inh/UtW/dwu4cyEu1oQVGI/usRn5QM8Zz13V6ne+GGtZo9Ss7iGeJjHAqSANJKG2sZskkEbWLD06ZIzj6LDTxWWTWHxlb6wneScmpSnG0bNvWzaWzbsr6XSNqc8RQqSpVJe2jF80nfmbjdO97t3d2mn03SSR8tL4suILy2XUrO4leSeOOaIo3kmJXG9UAGI2GSCE5DEDHp9ep8an0nRbODwTavotzLbRWSoseDIXUIZnIAYvISVXrkDOOcCHxuvw/0/QbaSLSbK41gDyREgUxvIRmSYNgFJM9QfQAtjbt5T4B6ZB468b3l5qi202leG4hO9ljCGSEgxpgAD92wOTyoOR3rDHYjB4jAVcfiMNOFDBqUuSUoqNWVkorlTTfNJqKbWmtnudbo0alKWJlScI00704tcrlo9d3rdrVXVmrKx9OeFPBWuabpEPiXXbuS81/XLdjJpm8Z8iRS3mNzkHDZYAAD86+fm8Qt4N1zUbzV7lraPT795dPihBeIEsTtZl42Nnbjk57D5jXr/wAUviLbW2ow2ujXZW9nVLO2dXKwRK26Ionoyn5Tx2UDsa8I1jwVrck8ltq+qW7wXwMimRTKZbiZNylWPOQc/eAAPI4r5rIoVcSq+JzCUFDHKKjQ5bKNKLtCMdIvljGVmuZbpu+x5+HjGvetN8lPmUZR6R2UITej0d3JJqzfyH6jOfiVZ6lcxTyNql1I4iubZWdIrbG512qP3YAJ3ccnjg5NfGHxD8K6l4bvXa/IuYXk2xXG4sXA4IYndjB9c4xleRx+h3wSvdB8E3Wp6HqOnST3pEkcV5KgWOQTJs2bSG4IzsbHB+hqp8ZPhz4e8UW9vpeixwwT3k3zXFxHvMV5J8/lq3XLDABCgqPWvosszunlOavBOk1g5RTp1kpSSvyp6pWUU1q76cvezO/CVlhsQ4RUnRVmppc3K7x2ST926bvumrXd9fy7R4w8Uj4VVHKkHIOcevORnB/n1N+GVBdwz7v3aSRs5TjcN4L7ScZ+UAHjOSewyO98dfCrxR4Tae4vLeNtNtpRayXiAbWKY5IwM8HjI4wc4zivOYYHNu42ozFwVbdyFz98LjgcHJ4yQeOa/TqWIoYmlGpQnGpTnFcrWqeiTuo9HfTRK+p9LSqUq65qcoTTSV1rZrli7xvJL+67Ra2aaev134W+OWo6Jbvo+lXgnsLi3RJIbwhxAoj2ERK4KkqvXHBOM/eFcvoFvp/iPxfHPLdNcRzzvLLHGMuJzISsSr6scAY6c/MCAF+dbSC6M6wrvMgBLDa27YM4ZQDkjvjPpzXrvwouL/SvGmiX9o0VwbC9iup0mGbXckiFTNntxu2464wcAg+DjsFQw2FxuIoQ5avs6lS6bi5SjHmgm7q6Ur3d+t3vc86vgo0KVWrTunZvTS7snFNppXUu6birbNM/SLSv2WPF3j210uCC1vPCnha5khkvNRvA4w0gByYmwzBhgoCCOVwRyT9eXnwl8M/CjQbDS9IsbW+0y0giF7dhhHPqd4EAL+SSGIZwW54B4wa+dfFn7TvxLv8AS4IvB1pMbWzSKKQMqGG6vhGAUhUAL5cZyEToFGP9qneEta+KXiZ9P8RfEubydMurqNVs0bbOoiTzA3lDCrFkEN1B+av5qziHFOYRjXzLG4HAZdSlOVPAUm5V8RNaw5nrKdSa0XMkle+quz42dOvi6LdecKUIuVqaalKbT+FpXXM3umk9LN96njfSLjVNV8t4Et2vED2oZv3dpbrjEe0kBAMAse4xgcmuK8SfEOX4PaE2m6JNYz32oDz7u7XYJEO0ggY5KgE4GOTgE8ZPEfHL4xWMPi28FrdukMGbW1WIldmwbQJCoUMCQMDAblcAkNXxb4+13UdYmgkFxLP9qjIZ5ZHCgOQQiAHONvyj144r77hzhmtmeGwUcw5VgVGnUdJW5ajXK486hfa6bTurrp17MFlc63JzS5KMdZQUlaSvHSXKmk+V3ab3u+ll6h4t/aJ8QeJr+xhaaGSG3dlRV4Z5DwxYjoS2cHr0A5BFb/iPwbq+s+GtP1lGRZ7mFrya2nYRK0bAMWU5Usq8455xnJAOfli38LavZS22oNbsUR1cAIX3u43qrEkH3zgEdwa9Au/iB4qmtxoV5MyjyvJhR3KpFblQpKcnAwMZO4HLcZya/TZZLSw0cHTypUqMaVRe0SSs48sbpLXVL3rvpZ7nu1cLGnKisLyQ5JJycrPpG+lvebt67a6aLa2g8mZLtYmlV2SGQyEIuzduIwSHxjpzyOeQM5mkx3moastx/pEltaSOrTFG8kRg5KbiSFB29sYKgYUHA5eaz1tRHLefaEsTNsieMZDF8kLFyGJYlc547dhX2H4L0/RT4D8q8tVsrWaFnnvSAJ5ruMHcjjGEHHGPvY5ArfMa8cvpU6s+WrKrOMEmkrX5Lt31vZ7a2t5lYypHCQUmlOUnFJpLROz30aTvpe93d23PnTU/G13ZTyLpxKTWZKpvBMEaZOCgx17rwCTwBivPtX1bWddZrnU7x3dECxORtVwxGQgU4I4HOAT0OcnHQ+M4bB7+8OkszRSvI2SDubyyRuReCQcdcgAj7xrzx5JdsMEbecrAht5z5bEjoPu7hj0JPHqMepg6FJwhUhBc8oxk5W1Tly3Stro72du+rO3CwpunTqRjq1FqVk27tfdd31fd8quatzE6RWLqsiE48tM5eViOGzkbQSVx6HgYHNdM9iLTSIpbhXhuLhGfDjllGSq/dJxgcHsMHg156lzctfQxyzOJY5QYVYfLGgIG7HG0ZA47Y49a9LvdVD6bbxuVubryCpfooQcB1HBGB1we3o3PTWU4ypb6y7br3W10ul6tW1vfQ3rNqVOCSi04ysktFG1r21slf5u10rp8pbaVFqsssNwRFghLdQfl8xhgHAzgggk4GD261pR6HY6GGaGSW91C4/dhoAR5LK2CMg844I+XBb0zx0WhW1qtnc6jMwzsEcO1Ru3YP7xWB6g9D1znPIrXFr9msbPUraSOa1imE1xdOoZjO5bCHlTk/KBnqM8jNL2soy5W3ZJWjo5Nuy1V9F5Pq/kRGs/aOD5uVRTtZPayvZu9vRX+drcbplpq1rfGa1hZEeZEUs5DyzMykK4YkkhiSBz0xntX09r/AIm1PwX4VhuruWwlvWQG+JZBMkTwgJbyJnJzgLtOCDz2IPlRhKabbavJbxyXDXE9zawxsfLBX508xNwG5mBJJbjPvXhHivxJrGsXck2ryOQ0zgwK58uMRkqpYZwSB8vIIXBPoa554d4+rSUo2p0p3mru85Jxaila1lJLpdOyVw9h9bnBySUIaPe0rWduWy0Xf57mJ4n8RXfiTVnvrx40ZZWWKJRtSOEv8qADdjORwqnr1PBMWn3N1HIfIbyhDl0Zc/KSCSQCeTgMMDcQO4BxWFMhjLScHdhhjgggkKScZwcDpjgYPuW9xIg8wEkvw5QBcdcDjuR6DjGe5r34UlCKjFWjFRaSTTUVbRve92r3tfzeh60IqEYximoxttbZW19H336vXfq/NknnlkuCWM2RGzHl5cfNwByPQn8BwajkmaJUhZmby2AEZyEHJYuyng43Egcnr072tDt/tcEtyVMwgTCKM5EvJGWBAbbwcN0PAz3huYJEmkkuBhXAKMAWXJ4GM8lsnGMe2D0pN6pWTeq89HFa2ej2suv4g1ZJvbZddbrR2aWlnp31d7noXw11yKw1Vpb1i1pCjyxhV4eYZ8sZz8wJIyOVHTDZJHtXivxFrOo2VjcalGlodTuY1t5xEiTiBFCxR7RnCsoDAnJy28k5FfMVo0mn7JHJRFKlkxt3K3O5urfKc7ceuOOa9OsfF8epaxo41uKSezsJLcpAxLKbSIDDnB27iB8pAG5PbJrjr0ffjVs20r7O32brR63376P0PNxOHc5upb4bXVrfy2Sas9WrWWl9N7XueLvA+r6bb22qeYsNpdgXTxSTfvo4i4KtIpBAEpJcAZJVhuGCCtGXxtqcHhweHLUxxafO8jXCxsctzwd2QQCOSDngjp0qH4jeLJvEOt3UtsJrfTgkVta2yk+XFbogCSuM4BYBgo5zxwW4rlLeyt3X7S1x+7dfLSMcGV1UYUY755xkAj8hvRg5wj7Vcz0drWS0i1dNu7SutHe9+u+UaadKHt4qUotSUbXcbcqV99lbXTZre53enaqmn+F9sd2zXF2zxx24JKIpLDcVxhnBG3PHYYK8jkbZrxr5ICryTPkKjZKhmySSgPU9gPXORyRWheW1aUSqGSGPEalQER+vA7Pu/E4NQ6fq8sN9FftKpeNwWVVwWKuB5WR6KMk89OBziuinTUZN25eZpvlWyVr3vfXfbp+GPsXCE5xWsmpXtbW+yd9OiTtZWXe59peN/wBkv4x/DX4B+DPj54z0RdG8IePdRey8LC6mRLy9KElb1bYsZBDIcbG27cHoMkj510/wxq2oXzXMzkRRRB551Vd0YUbgqscYYHBAPPUHrivQvi9+1J8Tfit4b8F+BvF/iW9u/DfgS0Sw8M6I9w32DTYpAu1xbghDL8ox8obJ5PTHFaZrT2WjeQ0zm6u5zFIdwC+WcAB89sEEY+6CRgEioxUXCCdKTaaSbel2+W3olfS3fddPIw8syhhpyxap+2nVk4wpXlCNHni4RbaXNJQd5SSST2R2cEclvp6tbzbREf8Aj5ldSJnYEFPmHODgY5yR0x14WbUb+K+FtrEifZZnYM8bhdilhgIoyMMMZXO0gHnGTVy/vUTTY7GOZpJ423TxhiFiAyygKxBI4AzwQeMc1xKRPqKSStM0lxG5d1dfM2KpPy4LY6HkHJXnJYVxYajdycryTV09drx1VtU+ttW/PrthKc5c8px+JX0bb2V7X33skrX1Vzt/Ed9FaWnmWk0skMrIlkhcElVxu4B4DEqTleR6da4vfqF1exBoRLJLBhI1XPlhiQGKnrz3P8+upbWET2Ufn+ZJdea0iwncyxIoyuQedjcFscDnHUCptNdxJLdyvHHKnyFghDRR5xkjJGMDnOMYxwDiu+lBJWiuazSt5Xile10217qXRK7eitXOqUXJJ2s5XST0VpLS+t3pptfV9uv8DeEfF3jG5t/DnhzSb7XNVknWO10u0jeee4uJG2pHDDGCzKoB6rwM5rqPGHwo8WeANXi0jx7ol74a1OEt51ldW5t5hlAd5jOGDMSqtkYZiMnkiv2c/wCCW3hHwP8ACnw78QP2pvGGnpfXfgrQ7k+FrOdUl+037Rv5l2VbcEYfL5Z2tjOQeor4M/aT+M6ftDfErWPG19G39q6pfM8dmwAt7S2Fw4SCMqAuCig9CwyTgKa/ScJwrRw2V4bG42bjicYo1aGHVl+4bivaSe93tGHk9LXP5tXi1mvEHH+c8NZHgI1Mi4bj9WzfM25e9mU4xnHC0LOzdKLftXaVmtGtiP8AZR+DF54v8SadeW+n3N3jUIo9NQQiRJHkcqMJ/EYwQ2ADwAccGv6mPgd+xH4l+H+jeHvGWl6xbS6ugGqz6QIYYhEoQMZrrcw2rCWJ+bgngYGMfz1fsrfFjTvh3fW2rTsllp+gTiZxAQ85mKgGSIhScA9QeBjAJPI+svjR/wAFH/ilrvh9vDvgfUb3TbKfzLQ6naTyQ6hd27ggozoQVRVP3QoxlyOMY/pHgzFcOcP8NxrcsI43kanKMHKpVk4q8NXp016Xb12X8P8A0gcm8VfEzi//AFeylPC5Fz8lfF1avs6FOlK0ZynzKSm4rWMIxu9009V+lX7QT+HPjn4h0P4BzfELw/ZyWV+b/Xb26htS817IQs8Bk3FSsS5RfmO0jgd65Dwd/wAEgfhZZ+L9G8VHxzp2pWGm61BeT6Nb2kcyT7XWUvOY5GDRyMuduCACQDjBr+fK9+JHjK01Q+I01Cd9Tu2w1493MbySVivmSGUureYCTuOM5IIHBr6k+Bn/AAUH+Lfwm1F/M8X315aFdt1b3ssl1GqKBuRTIWwRwueobjkYz5keJuGcVjPbZtgXKopp0q0rzjFRacOaDd9GruzaTXTW/wA1ivBrxX4S4Vllnh3xa3TlhpQxuB5PYVMRVnCMK7pVoqpyuduWLqcjs7cyufo9/wAFO/2Q/EPhfSoPij4bFlP4E0GwtdNm8i3hheJYyRDGVUk7AeAeSqnJUk5C/wDBKz9qPV9M0D4i/DrxE2lP4Vh8OXmsJDezRQxxTQW8iLF+8ZRyELFFBznlSCCPkf8Aa3/4Ksav8bvgvb/C2y0e20vTpZozrOoD5mv2QbmIxgli2cAHIycc5Nfj9f8Axm1Xw3oGoDQtSutD/tIG3vGspZIpriydQpDNE4JEnRlbAYDlSMZ+O4h4nyvL84+vZa+alKhL20aalCnOUr8sbNJWtyu6W60WiPtuBfBjjjjXwwp8K8bYZ4TM6eaU/wCzMRX5J4jC0o1KUqtV+znZv3q1OLvzSg1zdE+X/bH8Z2Ou/Fz4i6rottbafFf+JdUuFMBXyWT7XMN1o4OACecLleuGxk18Sy6/cXMq22HvImA83c3mZZR0AIzwRnJ4xjLCt/xtq97rPmPMZ5hLMSkzZO2Much8nJZyPmLHJIydoxXm8H2ywEs8ETA5xvlGFK4wSBzkHqWBBHOOOn89ZjjHisZXr7e1qSnpo1zNSUUlZ6t+j1T3V/8AU7gbhmPD/DmU5XK85ZfgMNhYza1caFGFNTk5PdqN3e99bNKx2A8QX0SpZhg0LFmkibCkKvyhODn5M5Az8pUYA4B6TTtTura0kmuEJYkPC7kjyYyQQVA4GeQM8jA5OK8wt7S8mljuXEkvmnLPHgAu2DhjnovBPGD34+Wvd/DXhm+1a2jhuBIlsxSORwilEbHyoSeuTgHnGe3WuB4z6v8AvZTcFG6/FW2d76JebfdXPbzOhhqNNyqU42lrJ8qavpq0rJ3totdEup1fgb46eKvABu7nRdRktbnVYBZyTwlwyQbgWQkDkSdHA6ivL/iv4wk1vV4r9LhbmS7j+0XsioF3zSHe5OOwORgYBB+ldzffDSVJY7VpdkzMUAYKIxE2CrKMAgg9OPTpgCsG6+EOozmXIk3xqw3uAfNC9GXlhjHzEduR1PG0uIpV6EcPUxcpUotNQcm1B+7dpbK9029dVrskfL5ZgeHMJmEs2oUadLEzjy1ZxglKpG0UlNqK5uVuy6+7uldHgv8Aat3vZgzhS2di5COqlsZH3TgnG3JAHTuRKNYvYriK4heRDG25WVjlN3UJycDng4I557CvcU+Ds0kcZibcMFJJByNwUEqMZBYYYjjgjnGcUT/CG3a2hlaRolX92ADne4OCgYnAOctjjGOwBB4f7ToppLEPSSSs23FtpvqtEr9H01vofTyzzJ4v3qkYpqz92/8AKkna2tlp9/TXwO/1q+vpTJJM7DbsBbO4rz1JxksOvrj1FZiszPjO0scjgD6cnuRnHboNwBNfS1l8J9FSSXzp2mAjAYEYw4+9x8oJUZ+9kHjGM8wN8K7b7Us0PmSWm8qE2gvsA5PGDtHQEEkD7oI4qXjcPVfNKs5ap6pta20v81bbulvbWnxDlcVy0pNRikk+VxTulptq35LV7W3PE9KikWWJFBVZJUycAKUDAk47jGcDqT1J7/Uug6Bp0lvE0V0294oyAMqTNsX5W4G0E5x06cdeeOk8HacrxMjACBiEVufNKEYTOflC4OQOvbIBr1Pw5aIskKANGhdJJ12AqiDaETOSRuORwB9DkGvHzjG0pUP3dRXhvzJtdLN27LZ33+aPlOJcxo4ugnRfLKN5JTUuvLvbZ7NKz1fTZdboXhiwvWtbS4uWCTSMkx2jES5IPG0krnPI44I4wc/Q2g/BXQ5ohKk9tc28BjcQyYR5C2Put94oD2HI54zyfMfsxgNqbUJbXC/vZIgoYvCeRJkZxkAHpxk5xgV6f4X1Np2YtfyeVbsJIomYgTKvysAQQ2wEEdMnkYGM1+McQ5nmXK5YTGKjFau103qktLNvo9uuyR+G5rjsZCquTEOF25SirKNm7J+9bffVaq+u9tjVfC9j4ZMlmtqJHDoViQ+ZEyEkhAdvH3SGC43evOKht9XNjaGKC1hSJneaWHgFNgyU5XAU46dugxljUnibxFHPJEsNz5jQhpDgAMoxjygc5GOepJPGRxz53e6jFcRvsfaCDI75JLFiQI89TjGScdSOelc+SQxeOjSeIrurJvmm/aaNppWtdxV7K1lcxw05YilTnVak5yXO3NtP4ddHa7u7PVN6JWILzUhf3ZnmgtRb+buiXIBLq65xgfMV7E85zuxmuf8A2oNTXVV8IFkhCwaHHCArj5BHGADhcAkjgkZ4z7Vm6iktuEjsJC7YM0sYG5gPvbSp9egI/wBn2z518UHm1DSdLWUyC+jjkUrJk4Vc7VUEkKMKeQccEdDg/reSU54VtKq7ygo2315Vor6P123vq7r9C4cwqp43BzjdJXsm9HeGurXR6K1tt9LnjNvocVwjSB5SGUbUII8zOQdvcdOSS3ORgcgOPhiwlYoiTRyLHyRkjJJxkcHB7EkA8cYPzaGjiOZFikvN3lqNoXhi+R+7Az1HTjHUdBmuvsNOv7ydW0+wnmGVEydCdpwF9yx3EZHUjGelezUniVK0Zyb0stZO3uu+69dXd6LfQ/Q62Lr0pNR0itFqraWS0V9Vo9XdLTTd43h3wba206PKBcEbS8B9FO7LMOgXPT5edy/KM16hCZNKeOKxgjjXzUkXyWUoi8bTICMHrjDcFsjsM9FoHww+Id5MhttAayjvoDJC90yxrIuDhRlskEYYk854H3SK9K0v9m7xvf3EH23UrCz+1RkyQQHzpZMZXanIYspB5z1PBGMV6WF4Q4lznlqUcDialFrSTUowfw31dk0ltJO6Wjut/ncXjFiJy9vi6XLBv3FNSt8KtKMb28ut3r0R4vd30tzeAxup8siWdpG2/N/FsXOdvJ/unIz6GtN9XtY9kEHmS3Lur7gDJgEc7QoywH8KjB91ya+xPC37J3hayiOoeKPEEkx3J9pt1DRGFAQDubIG8jg5Awe5xXvXhbwJ+zz4WVbj+zbXWJYV8tDKgmdCvOW3A5Ytk8AHGAB3r36PhHmdVQljqtHBQTX8SV2r8reys35a/wCXjYqeGfIqcatazSSpwai726u27d7Ndmfmc3h7xr4lRLbQND1LUPtEwXzUtJt5c4TAbb6EYO7tk8jI9B0f9k345+JbOQr4ak0m2jkQG+1MeSu8DJBYnIIw2GYYJ9e36b23xg8K+H0ktPD2i6XartAt1W3hV0J53Y25yuMn5s4B9a4fXfjZ4pv7a7tYLq4+zyAhRFHsR3fIKkoRt2ZyMAHg88fN71Hw/wAmwNNqtiqmIqK3u04qMdErJNr4d3pr1abudOCnjYOEI0Y06bfK1N807WSaSSjbV3e/leyS/Ovxd4S8WeGdE1XwbqkulXN9byRWzKkUUjDZ8pKNtBAyeXHTGGyCa/T7/glp+xf4A0mC9/ag+Ol3Z3/hfw/eyW3hLwZe2aXUPiLXFiaT7Q1vIT5sFrMBGAFIDYO7nNfE17pFt4g8VpDeTPNfatPb2EMLSM0r3l9cpCpyeMCR+CenBABzj7p+Pf7Qtr8FrrwV8FvCUCRW3w08KaWuoW8DmKO613VbZLi6uZ0xh5YnJQOwJ+bqSK+YWVYL+0fqUJyo0ZT5qklKXMqcZRulyu3NLSPTR9j9EoSqYfAOrCmnVa5YpNqPNdXk023ot9bq3lc+p/GHxA1jx34x1S4k0Sz0vRIru5TRtJ0+wg0i1htI5SYFfywilhEBkFegwRwKw9WvbCy0S6mn1PSNPtSn2i5SW5huJ4AAVaJULE78An1IxheDX5YeIv2jfFviBHlutYvbVWMpggtXxuLsc5kUKxUE9Dn1BxXn83jnUJ7XMmoXAllZZLwXVzLIQhbJJBbb83OARzlehr9TwOa4HAUI0cPRbpUYqnC7tZxULXvdvVXWvR67X+MqZNiMRWlWxE0p1JSlJQ63eurS79+nda/b3jf4y+Bvh7pckOl3N9q8dzOLr7XACsHmsCfs6lQfusQoA6j1Khh85av+1R4r1m9T+xrFRPCcR20qb2WEjCucEHBxuYADHHqWrwXxj430O60h7Rbtrq6jeN7a2jz5SPEqs5ZTxnjewPbtg151pnxG0DTZBeSTCS7mRlnMEIDxhRyoIOeo4zzyOV4rx8fxRjK1V06NaFOEVFWhprFxs3LW7vfS+92z3MDkWHhSc5U5yldX57y25WnfVPvZ30PphvHfizV5Z59VvpYLuecvJBbOwfZweEydigccdDnIxwfMdfvr7Uda8tL28lR4wqbXcrCikMxkBIG4tnsSOMgnBryO5+O9laXkr2Gmi4nkiKw3FxId0jNwfkwAoUkZ7AL0ryDxH8WPGF3fPd28sdij/ulNuoCbTksC4I6cDIB45OcivDq5zNpSnVnN31953a93oreeyez6NHpUMtjGSlyU43SV2tU04301V93ta/no/rG7vtJhsbppNQNvJbyIJxK486YDByuWJ2soPpkfMQc4HPan438GWKrJ/ai2hNuCYWbdI2Adyk5+Qsc5GM88AAgV8Xz3WuaqJLmXUZ7rzZGlZhIxA57Yx3B4wQeOcViy2E93OEkunkfZjc5Yl8fKEQsQM5UfdGBg4z28+vnDeqTbVr3bsr67u1rqysr7fM9GGChDVyuuX3eVNaqVvde6fvRWmj8tT7N1X48eCxaQQ6cjx3SWkke9gGTcFwXK9y5IIDZ5AzjGa+eNW+L2qSyGC2gQQFvOVwrI7yFgVYqCDgHIxgnB49a4C30S3hnAuGBKEqI242lvuhgfm4Az1PG35cjB0XtYFf5I4zKgCMpG3apA56ZHAJyMHnIyMmvJr451ndpcy3S6Wte2zbvbW97PZ6NL2FKMk+VvR3eluiuoxaT1jfRO72atcjvfGfiy/eZNwjF1tDqg2OyYyc8jnBwDjDYH49dHoev6jY2iX2qSxDCPHbmZgTGyrhmPBxkn+9jb1AznlfOgtHimkZHfZiJSMFXPygNnd93BPP3R6Ec9ifEfnWsUhbdcGJI0wciNTxlQfpjI6DpjbXk1ZylO9tVrr01T1bWrb1129bo6H7iShTUY6bws1qtbNaPt212dr8hrHhG6sZpIFlFzI+HBJDkkkkqoLEjAOWIJGegwcHMh0C4tWhWbzC0xYJjohJOVwpyOg4I4GACeC3rWnW0cyx31y8jzO+QHx8kfTzD14UenI4GBg5jfTobrU7NUkIhkkCK7Hlm8wk8HHHQ9BgdiCtZ/WOVKL1bim2rK/wAN7OTUvLy10TiXHESVk/vVurjZ6tN7Wunq/uOx0HwWh0WB4kMl+EUMZCMiPYx4HTHfJxjsMrmue0iDS7PVjaah+8/0mRfKA+XgtgOAT8uRjPXnnoce72Nvb6dYySPIf+PUwxMG4aXZggkDg4yOOxzyK8F1bRpFlnvI5djs7rIOWf5mLZy2eFGBkbTweB0rlo1OeVR+9a9k3qk1yRur9Xu9bK2tktebmvK7i2rWb10fupO1/iVtfS/kW/EOn2OkXiXsSxFJlLi3R1YRs5xuxnIIByDgg8j+EGvSPCXxC/si1UzafHd7tqEyhWOwL8gORnIPHT34rxO8jSNVIuGuGMaABiXAlXAKfNnbyMgjI56sSSI7ee9ZkZnIRiECpjy92QMEDAJAwfQ9PQDeM3yp3vZ205XrpduTdr9HbrtdGsppU5NWbUbtJJuPw/E9E73Wi0X3M9s8Sa014janHDFAr8qtsNjKzMG+YYU/LnbnAGQcc1grr8f2S72KwuJkWNvNUsHYkAkLg/MSM9OwxnIymnWEd3BtLyzhVRWWMnLSFl3ALuIwCBnIOQuB0xXqfgvwVpyD+1dXCuY7hY0spFGMAYQsM4DKcZYjgg8Dirnmzw8JXqXUbqyfNrZPVrXs07aHDhMrq5jiLQoqN3fmWqX/AG9utdrK+r6HjGmaPrs0wjihkU7XkMj7gvlspJIA9AQQTjBHrzV+fw6bKNneUyPMV/dAgMzsQSTzkhf4R8voRwBX19r3hvQtGt49RndY/tFgZFVOAqBMoqAEZHIBb5eMjpnHyybtL/W2mWYrAGlB28RwoCdmRxknAOcAdMGvNpZnUxTlKC92N0veaejWjvfdL73Zux6+NyulgFGlJqVRpK7td/Ak3d3adtU3prczn0ObTpLO8WJZGdtzREYVS4ACnk525ByDkHHOMk9+1zbQ2kN0kUJmKBJo9waR5ABlWGCR6A8ZDAE8c1L+G2u4In851hijAWUE7XkHsO2eAw5OfXgY5gt9NEd+1yJRJIGAblVOCChQ5DN83BHQj86dapVtaUkk9lNO+3q20r6aX06PXmpUoxl8N3peN1okk9EuvTTR23Vx14r3U0ASHm8IUIVHlR4xnJI5IGOCQN3JqhfeEXgcXVnsuHJLzx7cbAACUwrfKuG6jgHkHGasf275s6JNG0ZBxE+dvlxDlSvuWxlhgAN/eIzvx30EFreTSSSJcToQig5xGeN55GSQM45zg9aqnKUZKLdtUvebTtZN31t2ejVrvVKyLVCjOUnyxbTs18Mo7aW1fyeytZ725EanFBA9n5fNseYicxKeh3MwI4HIC9DxkcUyVdMuI0aNY0nnjId8BgW2gncSMHHykcEMeCcLxYg+xzPepdYaMkSAAYedTnLDnIP944HI6ZwTSvZ7dI7e102JlWQhSxVWlQnoQvHA453cK3bFdiTsuVbq63a2Wum60dr3e3mlNSlBRclpb3VZaK1rWXptd3s7pXWnPSy3jytCsm+KMtEokPzAE/eCkcEY4BxyD7isSO0kjupbmYSAxlmSTYf3wBxtDZzgbucgEbc5OQBs3trBHLGJLjyruSYfIwK4HAEn3sE84B7kZHJFMvby+gjW0dUVWAjildQCycZxkncCGyCT1JwOSKtPls7puyvrott0tUuq0Wuuh4tVVG6q5vdj7ru1KMXJJWdnda2176XSLMV8beJmt3LyNES6E7kQtxhuB1x169D2xWnpGri0AkniWXzCrYU/KDk/Of7uCenQgLnoa5u00m+ZriVjJHE+0+Y4wjoQd+zlSec9Rxx2GTft7OO3dkWXzIwqvIW54QksBzgDOM/UnnByScZLZdne3Le0Hez1WqS1fS3c82FOVF6N3km72XLdW6XVnfo7LZq+qfqlp40uLSUyRShXkQqBjKCPkKGzwcAYJGBwM57+s+FvHZa6ha4lkjuIkBWbJwQDwWXKjaOw7Y44HPyvJfE3qLgCKQLGowdhAYgrExxliOo4A4wSBuru7G8S2MRjnHmToVfgkJ1AJBxgAYbGcZ646Hjqe0p1ITp1JQlFxcZpySvzRe6a1XZPv6nTHF1ac3Bvnirc6kmk7uKel9trpa38tX+kXgX4raRIYtOuriJLxBtjYEJ5xfABYEED6FiQewByPebeaG8svOiICctMQwbzAx+6pxye/Xn73GcD8irLVdStLsCBjKVAljmZiCAq9Bxu5xgEc49CDX1T8Ifi3cHGnarO4h8zZvdy3lyHjaMjLgngdR2zjNfoXDHGs6FejgMzbnGT5KdaStd+5HVb6vTTfq9bnmZtlXtaUsThfcny8zpcu7Si7paJq2ysr79mfYNyo+zxCBmzknYRny15528FRgHJBHH3u1cv9m81Zo5M7zG7eaxy0o3ZAGABgBg3HTBPzYBPYWt7DqGmQzWyoSBiY5IZEkyOeMEMOgPOCVBxnGGqRwtcpHlmCOImfhWYk5RVPOeccde4wc1+2LERr0qcopcs4xmmnvFpSlZWvstLPT5s+CnUqRfJK6ne1mna/KlrG0tdHZXtvueb31y1pcpGAoMM9vIXONiqsiMVHQgZB55z2ByK+/tH19759KWN0aF9JtWWVuQ7C0QFFY57Acd8YOTxXwD4oiCQ3RYxrdSx/umz12fMTtAIBUhgSRnIGMj5a+lvhP4mOq+H/DcszJJ5ULWRQcP5kY2rk8nkAZzgZ4ORyd8vcVXTcrtqL1T6NXW3a2ru73eyPlOJI1pYKN1JpNp6aWkota9XdX2b0er2Plj9vDQdU1PVNJ1y1hG6z0Zl2qm55Ylf5iuM4ZcHk4O3rgE1+YVtrd9FLbG2nUGIb5IGdWKDcd0bIeSS3J6EDPYV+6vxo0f/AISLSrO4lih8yzuZLXDrlZLebKNC2T0bcBzuwck89fxl+M/wovPCusalqmkI4tY53N3amRkaxEzb1kHZoWHO3kEf99LzcX5bXWGpZlhW3HSNWMXZpxSadrLs4vpbruedwFmeDp4+rk2Yz9nzOM8LNpxupOL9m21um7q/pp0ni1k3EYM0UstxMqsnkuZIQrABvlBbhWJOCMc5ANMvJLizRTGJpjIQgMi/OQ4ydueoH3QVwOcDgCvE9I1jU9Fkt5D/AKVHOVQeTIxjcFhlQGLbHCg5UAfdwBgA17DLrlpcQQtfeZbTAxNbqGJOMfdbGc/MfwA7kNn87w+YSlJKbcJqW0+tuVa62bu37r1WtrXP1/MclgqKq0bzhJJ86966bjt0Ttune9ulzt9JntXWOKSJY4lgPnxvJtkaUfeYkHewyCQckc+mFqXWLmDS4E1QeVHDbRGc3McrrcIiNkE4KnjHynnI5zkrnnbSKCdXmN1Et4hMzblODDjChgGII6deuBvxya5L4ialql74X+wxLC6idBd3SpsVLdiQIs5GeCcDvxkDt61bHqhRnUhrUjTbileybUXG2ne7s3s9H0fzVHI5169GjVjy0Z1EpycdJRbV/JuzlvdO716rvpP2t/Hw8O6p4W03Xbm70bUIDbiS+LSzxqOFSCQliCmcgDge2MH53DXGqXUlzdXRnkaMtJNKCZJ5HxuXcTywYnr0HfFcSnnaWsVrbKs0TM7RyOigPJyCqkZJbLAc43AcjPAtW+pXUMBY70kSU+agPyQk5+YH5jxnGOvPJO7Nfk2fY/HZjiOarVk+R2UeZ8sVdOySdu9vR6dF95DI8NleHay+hCjKcYylKCUXK1tW73la9/8AI6uG2hhnUBBbnJDsWxljkBVIAwz/AHT14z8uCcz6jDK1q1kkUzzOwclCWVIyOAecjbnByMfeGMVnIyLZrNczFAWDrcMSS6hicqOBgYPIPp8vOBffVXSEi3y3mABrgYZjG3TGSOCMcgjrk4wa+dUqkal5S5mmo7LV6O1rrSTW67W35TzG6sJe87yXXRvZN+6l10Slbq3Yh0vSUW4jjuHcBBuaZgoG4KpCsQOgIJ7DLfNjPPqvh7ULe2jeZJGEsMqlnKFmjCH5fJIwPmAwTx09xXndjdQmPc7eUrMGGSCzhOZGB7KQecHP1wADUNU1CNZf7DwIH8t2jjCs7gEhnwMbVPc46njGc1vUi8RF05NcrsuRPR7K1lKLtbbXU55TeLlKnJR97Rq7u7pdE462t1d97dvrnwP8dde0PUVikvrkWcw2yu8/ksY8bQqjdnaMckY5PUqK9V8a6trHjjwnPEb/AP0WQtcW1lPcFmeIqd0zfModGHbBPTjPFfndHNr1y0U93AI/MG5JmUKsaKBkAAnr0A77T3Hy+s6Tr+pSLZ2Z1C5aSVTHDAGO6NGG3g5xtJAwDnGc+uPzzOeE8I8ZRzGlSoQxFOSfM4K6ats5yforO++zPhc74Zo0qsMThaVOFaHv8ySTh8MrqTbd29dXe55T498HzQpc3VrBGkiqzyNCQsJaNjuACgDdkcd1wc5HA+dZD5Ku0jlHLtujLkNtBwSox3OSMfMfu7eMV906vaWOpaTc2b+aLuIuLiMcsgXJMhHTc5OM9MnJr5H1nwNqNzdXlzaRfJbyN8sjfMsKMDv4IIDD+E9emM5NffcO45OgqNafvw5VZtXa93vdv/Lorn6FwLnkq1D6vjajU6TSpym0uaKtFpNf01fdWS83uZGu5kMRfZGi7SNxOMkEN+A65Pr0Fb+i6ZeX13BbW0eTcSfd6FlwNzcD8S2D/tE8mteDQ0srVdrNNczy+XuCAqhJIKY6feztBYcc7sHFfQvgzwZBpenjU9TtRHdhCIXkwI4SyZiKHcAS5I4IJ55zmvVzLNaeEpc8bSlLSMU7Xk7XsnrZfnt3PsM34jw+X4eUvim9KUdW5yfL73flSbb3a27FDw58LNMs7mymv9XS3WWPfMUBCKDhvLmckDIYFQMg8fMTjA9w0nRdGt3kWyjkvFtyrIYsESHaMIsgAJH8XQgdWwMVyNpYedo88N/M0jyzM0MKE7xyclicHZt5KgkA+wFT+HLh9JivQ9zO91HIwt4rdiY0DDamQSR6ZAOM+5JPw2Lr18ZBynVtJ3dkny62utI2bSem+3oj8pzLE1c4hKtVruSTajSirR5XGOrbTvyt27XVtFt3PiqLU9Qhitlnkt7aKNMOwCqqlgBHMwPBG4LyQCwyRXIXviWTw2kWn2ao5a3cM0kivGzkDMoU5G9jjaMHjB4zWh9svI9Pn/tNriWOVyJIxn5JHBZI9xYkqSSce5H8NfPWsSyy6nMbuaa3h8xiwlJAiC/LGE289Cecg8HrW+V4KNXSUuZQkmkp+nqr7X2ez0sYZVls6jcZ6UqTi9ZWUk0nayuuutumx6Vpwa7uYn1izll82582IooWMRbt5GF4XjnJPGRgHFet3+oQ3OjSC0hhtY7eIfZJFkxNGqr8ysFJyCc5P3cZ6818yx6/ekARXzPDEVSMp959gAGBnIUqBkd/TseqGsTvZxtulFu6hncnmR8oH8zphe4TABIzxXvqjKhWpzjU5eRrS6a0a5Vp717XWuuisdOZZc8UqcZRUowaT2aSjbTro7vfV22WlvZNL+IXifSrGPT9Ovf7TnbLRoVWd4UVQvlfMchcA5I6AEd6z/GPjXxFrukol8lrG8SkMUjCSiUsAyA7gy4ILMwyM9OGNeV6dqSWTf2jDemIyyMke0DMakEMCuMnquPXgnjk2pLibUxMz3XmhTlNxO4rks0mOBwvu2CSSc4A9meY4v2So/WJezsm4qba6PRczSf338lv4MOGMtp4uOIjgqCqpJ80YRUmo8rb0bTb7672K6G4uGh2hIp1QvIWckBSDlwScbseo6kEY5rHfWJIWuC92XaFwsTiQl4whIJbHIBP3ucDH1rY0qKJpJTLMzA70iKE58oBt0hIx8qEEEc4wSBivLdZc6dc6pNbSh5JGIEL9HjP8QOCCfug9we5xuryHSp16zg+WUtH7zV9bdE2nzNu3XfXqvssrw1OtXdKnSguRR1dl/I2uve2mm703L2r+JozNAdSmM0TCQqsO/eemN3GGZyMEbev1yKenavbPcN+8DQrmYwMCn3cbQ4GQQRnKnHUnqeeCaaW/mgN0XlIl2xCMbSkjMgWMEnAXJAJ64B56V7loXhS0ItU1GE2n2yNRNMVD+YzAlAvBC9cHqOc/dw1Z4qGHwtOUp2jyxu7bq+2zvvZPtqrrr9LiaWCy2ipVo2lNqbtrbbp/LdW63T1V0kvbvgv4g1a7tdS020k+x6DfYN80aufL3sQkajIAHAyQeOenQZnizw14nk1XUtL+3PqtlMH+x2guW8q2hUZEhUsUTgghjjJPBya9m8AaPFoUNpogt4rGG5t/NnlKAS3MRUspOBkMQTg5BXoB8tdrY/DzQ9c1O5urG/eGWP/AI+I3JeSdW/5YKWYFUXaMkA9sjggfiuYZvg8LmuIrxhCmpxUlUcEm5JqPRX1eiadnra+5+c4nMqNPH1qqiqcanI1N04qXMuTW71le+j1XRrdHzHY/BTUv+EetNSZ7yLU1aSW2aaUpCIIyTmJ2OSvIVRkZBPTqenX4c69Z6Q+p/bTHcfZZJGlmIDXZVciNCWwyjGNzYyTnHNe76ndn+z5NChu0nTR5GN0zYLLAp4ij4BCrgAkZAIxXJ67e2T6JJBJfu9tHAZgoY/ISoC26Y4BB5PG05Py8lq48NxDjMTVhBuEIyqwTs+VqEpK2rlf3m0raSSvsFLMMXWq01zpqcoJPSDabd2+rfk7uy3PnfT9LiuoSImWLVDuW7lkfKlScZBfj5f4R05wCeawNSaxgUaeklzeagLmOCGKFSyS7mA5WPOMHABJYlTkYJC1LfjxNr16Y/D8DXdvdXKW6RWwEcgKsB+8fAKBSQSe4HXrX0v8H/AXhj4Srqni34kxwaxrUhWLTrYg3FvplzMu5WfdlXmQFSpwNrAH0J/RaEKdCisRXrKbdvcUot6KFk1f3Vfd3u9Vq3Y+y9lQw9GFTE1IurOLjSoxdpyk1FxTvfRtJyfbS19Tc0WSP4P+H7S6sGttR8Y+JrKCRFlgAfRgFDLHG7bT5hGBIQV6E9q7xviHe6Zo1p4i8VW0V/qOoSQS23kuBNp81uMybkGSmVGWYqRtPXHI8O+I/ia08Y6xFa2YawktN91azy/6y5h2lh/CBEq8oowQMZwa8wtPEeqS3VzHeSR3ckbbY7aV2fdDH8rsCwA5RQXbGSAeQM18znuMnmCVOM0qcXeUVK3ue78Kvo1ZLfs21svUwGR1MTH63iYOc5tyTcU4w1i7RsndRSSUU13d3oew+LviJZ6trkfiB9PivLXV5YEaCWFUXbC43qJCBueQgg9yf10/E3j2bW0i0jSrG0trCSJX/s+BA/kFEVPLQYxCSDglSenbHHgo8QWeqi6S5hTyLCQvZQQNgpIOqKAoBCtyeo6gnHNWPCjXd5ql9dJcmCAFJmlCnAg4V1TBP7wqCpORgZP3ia+drYKapxqSlJOmm4xlObTtrF2UuXnTVo7X0Wq2+qwNGnQUVCEZK97pJR0td26NPrd27N6L1mw+HF3qmoRXsZhms7aJL/UbG3KiS3hGBN58gwQzIGBUZJ3cjBp2qSaXc20sWhxXS28IliFoc+Tahjt87AILEsNpJxgc45OLFvNpunEMdWu7KTWCi3ESPIG+xADJYgkN5wwBkDHcHtzWoWd7pct5dWCXrQtOFt/J/eRT2zthA4JBDMw5PzZyT6k+HTVfFVvfqWtHlpNqTj7ko353fRtdl2Wmh7cakIwlKN1ZNSejUXeO7VuW61s9G3eyVxdPttYgkttPuoftZi/exxRYlNvCV3eeQpyqKBkgnk8eprndb1y0vtRfSbSCY2lnbOl20cZMkssilmdWXBVN3LAHH3gPlxjVub/xEom1HSwtneNbi01G18sNLBbHhi7dSZFBO0YOT8wwOcS0ZtGmur+4tHFzqFtt8jaoiMZYKJTkZDMfnYHpjAOOvu4SnGN6rjF2jZRikpSmuVN9For9bLVeRClGaTvpfS9kuVxjd6vXpZd9FZWvyCaWI7SOG03HVRdJPA8TOGSAcq5XOB5anJK45HrgVD8XfEBg8FQRXHmXWr3EixS3iOXjeJF4AkHCsqltwznrnOcDo9Z1HRdIma5vLthqb6cXgWEFYWZxhY2HAACkZ55NfL/inVPFWqtNp0wifTAjzW4VQYkDkMSrnO1z0GOMkAcHj6zJcDLHYuhiXZQozhLVNuWkW47r3bvtY1ppdXpJpNLX3tHb3eZrXTvFP7vFb64uZJ2ALGFhjKjKyYGcbgQScE5B6ZPA5qJIHMGWjSNwSc7tpCkEjgjOGBBIAAHsAa05dPUICJQ7ROQ4QbdrZJCnnvwcnkA4HANNaMzRtNIr7FIUBDuw2Dgk8EDOenByOgr9ThOMbRjolZr/AMlslslteyT+T1KcZJ2Sdm7+699F1u7a6J99tUY9usYGDjJOWQZbkH5T24Gct27DArvLW0jt7Ha6pI85jeOQsASxXBUr/dVhjI6YFcVDHJ80kRBdGKFFXJVcliTx82ep9s+mD33hzw5qnidH+yEmSycPLIzkJDGpAG1OA2A3I7YPepxU1Gn7SUrRild+S5Fbmvr02f3s1p06k5RhGLbf2Et9ejTWrutk1dJ26HbeGIpru3uLF2S2ukYSCVJNjNGMEKCcdc4HpnIHY/Xfw68G6db6HBrGtpNHKWeTTnuCCm/5SJFY43Fsf7Qzg5z0+YI/CGr2N/aK0W6GYwo8sOcyZZN0mRyoQA7gM5x2Ga+y7tra28G6Nphme4+yhX81TtUALuCkAdOMHO7GST0FfC55iXUp06dFJrENpzS+zeKaVujvd3d73tax9hktFpVZVYpuiopRaSTk3FJdXbrdu97bW184+It5dQxvNYutuZpFh8kbUeXaMea7A9GyOecj2JrynSfCVzrDPJeWM13YxHfPcRsGQXLZIVmyQURuuRzkjkjFdFr0F34j1SxS4k+zQXEv2SE543AspkLDGAOu09xwcHFeq2VhZeDfC+qaLa33n3FyjLbAnhpmUl5CTuJCnAXJxk5GWrKjWeCoU6fx1aqUY6XaiuVNtau2uydl0S0b29hUx1erOalGlSvzadVytJqSdnKzTe+rPJtG0S5uNRjsLDTvKsvMMdyxP7lJQflYk5BHAOQfVe9b2rX1/wCGPs9rrOLlBO5tBbADCAKULEYLRpjnjGQQcAYqDQtXvrHR5YpZTLc/amCRplZw4JIVmOCVc4+g7HisiXTbnxjrqJe3c9n5MHEIJdPMHSIHPRiRnBALE9+nS+erPmqp+xhFN2u221F3Tbs336dep00fq9GmoUov6xOS5Fpr8Nla6vpfe+t7K22i1/JrM1vdX2ny3CXTCKO4t/nSMK3yjoOQBz1HDZwQRWP450WZWivLWSBBDEE3EjcxC8AYbPmqQM88Hng5x1OlJqWkRS6W0ISWC4H2O2QnezP1Zly4KsPmCj5uRyflxjeINJ8uCa2vbki7+0LPJJIDi03gHYVyQTuOARgHIx78VGrbFR9m7QWytvG6XvPVrfVb2Wo69CpKhzcsk5LmeluV6X11cru7s9kt7M4bR/D+qz6ex1GNo5pJg0M1xkO0WcqyoAQUOck5A574FdN4eGi6Nq622stFdBpv9UADAXOCgODkgtgMSBz68iubuvEXiKymkt0Zrhbe3ZIlAHlpGMgO0hHZV3LgZG4cCuQ/szxFqccepWsO2czNLJOshXhTvPGfuDHbOeBgg4PsfV6laLdaUacJK0XC6ldcsU76O7d9N3rto35UZxouLgpVJ0mpTUouV3GzSdk0tbqzaurp6n0V4yurPUfDU9nbJb26RkukKTooVCcEkDkqi8hcHJ6dzXzxbz2puhFcFraIRnIYfJLtwQRyDhiuScjB3HOBWdq2n+KLwT3YE4sjiNzAzOGKkF3LEqVJ5LY/i9TkVgXdpr04VrBJJ7WGNEmlI3yoRwRtOCCMYwG+bJIAPNbYDLI4anOj7Vybk5Sbbb95r7nts3a2t+kY7MPbyhVdJ04qMVZNO8bpL+Wyas3r16639mh1bR9XsptGlgtdPSRAPNC4L7FwZUJUlST94jg5PJ5YcJdeCRqP7rSryWBbZJpWmdnWKaNNxDIwO05K8DbyAcjIBPnVpL4nGoLAY5UWL5X8xPkMOPlUMGBAZcA5XjpmvQ9L8R6jd2s+lpG9vJbEQokR3OYycyMMhTtXJzgk4PTmtamGq4S8qclODs5xld6XV7dFdPfytdO4o16WIhFVKco392Eu/KotK+yVuqu299LHO6bqcenT/vWEl9YsIkBcl2RSFdy5yd3HQKSDweADXc6npkGs6d/a0N7byS2kMkrCaRFOdu42xUn72MEPg5OeFBqDVPBcsenzeIrWCW6tQixiYgJGZSFMiuctk53EHnBBHI6eZGwvoJI1Dym0uGJZICWXeQcLjOCRuOeAOD2zVwlTxKjUpT5JU5JTSW1rJq2+uqs90737ck4unNxqJuLS5baPmTVpOyvJPTR20V73N/Tte1YxBbazLo8TwMMFYExkK0mFYBguMAk8HcDgceR6oHa+ukmmeO5EpJZmLIoY5wmcYAJA24zjoOmPd4b2LTrHyIrZoiqqTGMEzTsoBcFs7TggsMEZ5xXG614btNSkinEphaZGeZ3U/NIQWCHA+8DgbsdCeRwV7MHUg5yvT0k7J23bUbXs9E3bTrd27HPVpqybfM4xTcW7OKaimm11ctPK221+1+HWixyvYLBbuL25eMLqDKG8uMhQzrk4xjcOPYknv2Hi/wAJ6lcm7tFuZFTTVeTzZJP3dyH+cKW3HgZxtPJAwSPu15F4S8aT6JqVtazOZktMwwpGdrLImQJM8fIR94e3HJxXdat4kmvrSXdcyrcanOVnG8+UqFmwQOCQQSSc8njua8/G0sUsaq0VaDtbRq6Vlvd3uraWbtG91obKpQeFilzKStd3Sk3aNrtrbm0vbp00PYPhVa6VDpfkXSRpew3EJ3R7VhkdW4EjLgFgQwOSduOSBxXV/EvW7KfU7DR9YsbeeycRhnhZSSB95YiPmYN0bkZwRjrXzHpfiabw5OdNjuGLSSqfKckpIg6NnGVbgg9jggKB0q+Jte1TWr+0upZzA1uxjDglo7dBwoyOPmUddoAbaD/FXlPLK9bHSxXPOzTldSaadu97WT3b5Voru534bNFRwnsbXnFQUndWaXdS0d1fXTz8/cNXfw/4Y0a8u9LcD7RauyxQqfOslAwoQhjhiDy3cgdO/B6H8XzNpS6BqpLWVrP9o3XEp82ZSwYrnqrjggHByARknji9a1/ULvREFmY7mNImimkRRvuJFABG3ggf3iQc8HkdfEL3zZPOuWZw0mTKmCFjYHhcbgfYcdjxXo4HJqdWlVhiVKcpT51Nq8lqno7tPbawsXnVRVKf1RKFP2fLOmrckk+Vy0u7LzVnpa59CeLviXp19G9to8kk8LMJhbsuYUVRgFieh+XPYfxcDNeJXMZvGeaBHMs/muFZR5fUEhCcggA9e5yM5BFZVndxWLr5q+Z9riWKUk7VjUr0HGCwPAAwM4PY53IXFwssIZrWKJAYXc53Z5IQAArkY5z0wSGzx61PCUcHHlgrRjvKT95u8btqXuu6d7afCntv8ti6869fnnJc0tVFOMXd20Sb0uu2zXd65IvpY0NrtYsMRyEnK/eyD3C7T79AOOM11UiL/wAIrcGExxzxt++VZcbzj5FK5wQe4Hy5A6HFcjPAbaaWQybXkOI1ILCRmwAw4JbLcHIOWyMnhq2UhVrR4Z5XSaSIOmBtQMeDu/28cknOOuCMA9FSK5aclf44Tu2vJq7btfZat67t2sYW5ZJyVrpNq6Uui77vZpp7nNWw3iOTBAQq0qp/dJOUyMbgeQPbBwQMjqTIt1ZywwsVKAMrSAecWI4VGO3jOApXIOeuAKofZ4baNGhc3Dsj+akWchxkBpB0IAI9OpYeyLl4HuGYxxRSRqUQnKlT1ZhjIbjIBxnOT1rWaU7Nvlt719F289N/K3o0U7ymmlrFJNW0tZat9Ht31vZbXktkvUnWFpJEiYrGVfcrFhkkeoJIHOclTgVtwX9wrT2zruhjxtVnysZBySoPOUHAHfv2rNknSQJOjO0zKR854XAwoGQBlgAeckdOMYNW0m811Em6ViNudxUozEj5h3IOPTOc9cmsakOfRpK27XW6ilrfXra+99txxleSato09d9rab6O7bst1vazN1Xvbq4WCEbzeSJDGqcGQttVAoG4ZycDbj5gM9Tj9odFW3/Z5/ZIu5twg1nVtO5kBWOWa/1GEfITt3N5cbBeCMbTjgkV+af7OvgKLxd8QtMFwpnsNEljvro8NF56OrQxYH96Tgk98lsgGvrL9ujx44i8F/CyyfEdtbw397BFkB5JgBHDtGA20FQPvAbTnOBhUqa0WzlJXatom02tNPTV6d7ns4OKp0qteWjUXGCfWUrbbN2urrb56ryb9lTwzc+KvH8Gu3MMlzHaXDXk+Ru3zSy7yctnnnrnv6YFfrJ8QPEy+BvAPivxBdCS3NppzwacgPAubiIxRFPVwWB3DOMHPXn5M/ZB8Dz+HtBh1MWpkluoXlkcgjyi2diueoAHOcE98Z4N39svxtLbaD4f8EwXWZtQZtU1BVOd0SKVSNycAAFcqOeoIz0PZTp+3xEabd0pRut7Rg43dl36J767tXNVKVDCzndc0k2t+a7slpe73eiVnpokj883ubjUr6fULv8Afy3lzLdTszNuVpJSzuexI5+Xrg9hg109rEGXAbKMSQxwRkLtCDPOOD1BAP4Vy1msUYWV3GZAylCcdCxGcAEFsAHnkgHJyAOqtmEEMaZJYgFCScbXGPXAILFsY5IGOGGfpNIcqXk0mltdWVrLfz2tZWufPxu3d+8925Pa7Uu17tPS/wAPLbRMmjuhCFjkEn7knbIoI+ZgQo52jIA2jHXpzikhvvMnEkkYeEK2VdsHK5BZh0JyOOT096ZKJI1dGwdrFg7cs3BG1O4JJHqRnBwKyYrXzpyY5toXn5sgtJnO0nOScH5j3+bODxRJcycn26va1vVNKzd93pY0hdSS1bjytxsk0m1q0736baaau2pZ1e9ltNOu7tIVUK8ZSQsAiEk/M6nBHHJxkdM44xjWGrA2i6uw8ueOSWAS7mEbyMCERFxwAAd+OeR97POpcappDWd3aapatcoJE+1NG5jUKuCseAMK2wZLBRg8n+9WXPLbXGnBrG2lsNEtrzNpvUMJHlUqplbAJOSBnngAk1wuo43T93VJy0Su7W7Nbu6vv63N7XkndXWri907xtpoo7PrbV36Hi3xCSeDXLO9kRHlvLeGTrhWYkZUqOMAlcc5zjGetZvjGe8afSVvJhPKLC0LEBUCRBCyRFsMAyjADcE5GRnr03xC05kj06S5us3FuH+0OefJjkO+Pjd90KMkjnOMZ5xxENpFfzmZruT7MtusomkAYTFBgICSSq5z0Ax0Heud+9Z3d21vKyWivpfXTXVdNbl8jvazT6rTRu2rtf8ALTu+lhYpriM30KzyWqAQOFDFVldOxHUc4PGcjrk5MOladNqFzFbtE8cI3+YyjLELkbjjO1hng/wnJxkkV658I9DHifVItDJ8uwld5JWcBUZozlfmxyXUNt+UHOMdAT6D490TQvD15cWXhm2NpsdY7meUhsM+FnO4g9SOmPkUg5ABrlr4pU5+yjZvkUnJbJaWeuuslou/W7NqFKUlzS0i5dErvlSevZu6Ss9b6XsfMmqeHY9O8g+cjmaUuhALFEQ5CycHDd2Y855X0rAuCrXMsildxZBg4w3bCjABxjoehJ5Jr1vWdNmt5kkeaO5injMUEarlmdh8rIMYBzx8vbHPII4ceHbtppYm+RreIzSxyIFcHLMu0cgjBAGMHAHBPNVhsRBK0vtJNbJ3Vn3SV03rfVXTNK9GV2oQs1ZuNldpqDT3btLXVfjZ26fQryUJa2aMMPtLAqFKsxUcNyCpJXA2jLZzyBX9APwsv4/gz+yFe3ruIdQv/Dd1cl+EdrjUYiiElsMWA27ehJ54bGPwv+F/h6TxL418J6II0dtS1SxgaNFG7yxIN5bJxtwCG5yemOtfrl+2N4lj8M/C7wf8PrFzC1+ltA0aZUtHaRADbjORkHIY4O4Mo3c1+e8bVY5pnXDWSRfNGpjI4utCS3pUpRs5J3T+1u3d6q9rn6LwU3lmT8QZxNWlTwjw1GV9eerGLSWvdrS+zd9z83LGdb2+urqaRSbiea6aXeWbzZiXwVJOcFl4OTuBPHONl2MSsFZnYKgILE7Sx5IOMZAPBOTnJrn9MgjjjDAjzt/zxYwdqgAkdgo4ByeMY6DNbiMWi2yYAMnKPwVAJIbPpgDAJxzk9K/dMGo0qNGCStGEUkm72fJa/wD4Cl0v0sld/jmLlKpWqSfxuUpNq/8AMm72vv0jrfXoxJldgvk5iJRQAwxnJ+8GABAzk8EHPrjijLICCHfPlrtYHcUyCPnPXALccZHNXvMLhhvKPwmQxwuwEggEDquNpHI5I3EYrV8I6RN4n8X+GvClsEnm1zX9N00RkAyOLm4RC3+0oBPQ57HqK2qOMITtdRUXJvyVm1oul3v56qythSjzyTTbUmk+y27PS99Vqua+q1v+gnw1/wCCaPjf4lfC/wANfEHTPHGnabqniGye/TRL+FY44YWyIQ87kNhxhgGX7p44xXlHi3/gnb+074Uu3SLwxaeJrP8AeOlxotyLlZgA2GxjYD7Z9+5r9gv2kfFEnwR/Zb1RNMu5NIvtJ8P6ToFjPakxS2t0beO3eSFweHVgGJJ7jgk1+Pfw0/bc/aO8P3ehaNp3j6bW/td3ZWNhaa3uvDdy3MqRLHvbBBZ2wTnjPNfM0cRi63PUg6cqaqWSne7Ss2lJW0tu23fe2rPo3RwcXSp1FUjNxjZ02t24Kzvp5dbfl84eKPgB8ZfCrTp4j+HXiTTIoC7zPNp8siCGPlmYxqxKg4yc9O+cCu4+Gv7HXx2+LHhBvHHgfwwuoaNHczWqQzs1tezPbhvMWK2kCMwBBQMQOQcFsk1/Q98dPjBH8FfgnaeLfiRaaZL4w13w1ZQDTLi0hliu9V1O1RikZdG2JErbjnkhSODivE/2UfjnrOueFfHWsXmgWHh7QvAehXOqw7VSG3vJWtGvd4jiULh5dqL8hOG+UYOa87E5lVdLnpU4xmp21fMprmjD3bRTV3ZPV9erPocLw9TlVj9ZrSjTnC8VFLnirJ35mrO6TbWuiv0ufz5eM/g38Vvh3c3Vt4w8AeI9Dngctvk0y6lQgE5cNCkiBcD5XJycn7p5rx66aWGVjPHPG+CZI7iCWA4cMQQkioTjAyAdw4yCTmv6EfC//BUXQ/EVxa2HjT4Nafrmn3t/eWk2p2kdtexfY4JmiZ5IpoiwfYNxAOD29K+TP+Cj/jv9nz4iyfDu9+DWi6fp+rGxmuPEkdjpkWmOiyHd5NysYCyPCfl3ei5A6Gro47FTlGniMLyczt7SE1KnHlinzO60sk91utLmOLyfCU6dSrhcfGoqav7OcbTTulZ389LpdLWe5+Rcsk/mK4J2qC6jgYDH+E45wMjr3544pzyXJXe535TucbVOOc88nGD1OenPNXLiBWR2fKJGw2jdnK5x3AYADng5wT04qsilnRGwkatgAgEsrDIIG735B6jtXXo9VJ2dne/e29+l1az0S2t08dJpNXbv0Tbs3ZXdk0ktE9babdFq6SsbXEO53QtgEA7yHkYLkNwM5AYE9uAMGv1z+C1tY6B4K/tO4ligmi0y1WFpJFhLxuu6QgMV6gB9oIAHQ9M/lr4G0FtT8SaXpakA3d9bIUcD5FLq2WPPDYwOoA9COPpP49+KfEmi+Gr/AMH6K0dubEWy+fDIYpZIfJAeOPDDEajIPqBkc9PDzbEWUaMpXu1JLa2i1v03uuur2urepl0fYQq4hpe77q1e9k2lvq0+bXrfZ3vL+0l490q8+IFtqGhS2tz5GnQQRMkoljeUIFmYnJDbWzyMct0JFeEaZqU9zMupmU3kcjM13bq/7pI2BwhUcYB3AjGWI4IIFfLN/wCKL6ae2U3rGO1zHJJknMhI3B2JYgH58c4OO2MD3n4czxTadb3SSGZJrhBLC5/1rZIPU/6s7m7Y56DJr4TOMF7GjLFTtJrl5XrdJuNnFX3Ur3utbdLkTxjrV5RcNXeTs7tW5bWXVdbWba28+e+J3hfRylrd2Ucyy6vcB5NilY0O4YRycZVW4Jz2+gO/8Nfgu2621WeOHUI/tIxaFQ0MPC4Lvkh85JAODu4OcYPtmq2mj3xhsb2winIzKsCnItwy5WQMFJ2g8lRxk5ycAnofCXl6NYi2jlxbi6LS+SSiocjYEydzHoueMYx83QfPYriHGUMp+rUpVKdaPuqab5uXli4pPrq7ejWtgo4OjUqqbvyybso7XSirO91vfTXzS6b9l4Ji8N23m2qWsVlKxm1GyVY0BC8skrcF8rgA8HAI6DIovqsWsyXFjaafaQWUUYtDJ5cbmFSdpwwX5VYchTgFsZ7Yw/Ft3fzMqNcyQQ3rBZJDKSqx4GwEA53MeSDnaAM984mi+fo13DZKzzSXriUsCFj2qflZh/FgYYnsCD/eB+TjTxVeMsRWxMp15S9zlctGmviStorvSy1vq7Jv1Y8tOSjGKUNIu8UlutNUlFO7bVtbt6WR0YtGtJnt4URZbGBltZ4wqeUuP9Y56gMcfUnpjip/7UguNLFje6Yt+7I6Xt4kSTYtpcqfMyp6DOPmypyVI4Fc7e3QjuLzzJykszvFKoY7AvAUL6jBO/GRgduDXU2F1aeGtNjUbZ11SDNwHOEG0cLk5POT8oAz04FbJVYOnJzn7XRQfM09HFadVrpsm101OihNNtNRdNKzuouStyRXu9ei3vZNJaO/kF58JPh/aytdhzI2tCQIqLsltJHyAVODkEtgq2ARnPTafmTxx8PL7SteudHsrO9urCGBpbWZF8wnd82eAFHBIB6rx9a+vdce78RRo+lRiGVLmOM2kKkusWSAFGBjcRuLDnuDmuwj0qzs/DMjXUAn1T7Oy/aZAPtEU437oTuBDKo5bngA4xkV9Xl/EOLy1wniK1TEuolB0py5nHWKjJrRL3V5Xto9LnFicDh8TJqnFR5VGV4xWq0TVnZrSzuu3Q/OvSvAV1dIkd55sN3cMi2iy5RBh8YkYcAYGdxA6nJ6g8xqdrc6PfXlneghoC0cRjd9hdeCwJ5ycdR2welfb00OlRWsttPaRtqsqK1tPnLLucqXXj5duCAAOSOOcA+P/FzwlFb6RZXVi0Mt4rZupAm1mVwdxbPPyqcepByeSCPtst4i+t4hUqtNxU2oxvrFS927Vmm1urdmr66nkYjARpw5op6JPXVO1lZa69Xp3WraTPm43TLbBVmcvlmLgscoo3FevPv+I5OMSWlyu/z3lbyWXGOVJO0HIYZAwQccAkr04rHkvVRfKiCsFLoxC4ZFB57sT0HOScZztwuIorguscYKgclV4KsD8ucDBzz2PueRX19r2fKrtJ2avZOzv17u2rV9H0PKUY21Wt7vpfXazt3u+l9W9bHUCR7yMEO6u0xKzOx2soHyKBkHOQACRx0yD00rPUpLeJbcyu0wmddpYmPJBG0kAcc49Oob5c45C3u54AIY5CG3kKrcjLHgrxtBBzjPoOeudqzgvLi5S3KMC7qd5XBAyoLluQACx9iMsM4Jq7umuZNJJev8t78ul3ZLVtaasio4tP3bJLd67JW7u+y9PTXttDtr++uXBQjyJFmkkUYOC4GwEHBUd84yOpwQa9zs1ktbItbosO1WZpUbJkyp+U9MsT8rE5IPIyK5HQ7C3h08Wdsd947BTKvBZSu4kkkDaOfm68YxkYrsIbYPZlAZFgj+SVuSRKi7QiD329fXnAHK/G5ni1iaru5cqlFK7+K7tbRfy7J6LRt3sfNYv99UajdJcqvu2tldLpbRtdHbrry1prbQvKZjIjR5d95LCQ7wVjOeOcZXA5JHbmqWu6SfEsZ1e53wGNjHBbom3cqJ/rMEjK5P3TwcZJyADharJck3N/aRiUWTqhjwrY8ts75gT0OMkYwwHGOlUrTxJq2oyg3atJZ2xEzmF/LiUAgeWMEAsMMD90g85P3a1o4aUFCtQioOyvKy6OKsn5K9tt7X1RqqMqUIVKbtJKOtk/5NY2v0urdfe36Gg+Fpo9c0iC6BMdzcBliRgpZQ3Bf7wAwcrn+HJO4dPp/UbdtIt5raNYy5ERRw25ljXCgBTwADxhQOue+a+ckmuZNbt9Ze4NvbQzxLFtYlgOQAQOhB4JweuOeSPaL3UjfxI0b7rklBMxJwsB5QEZ43lQWXsRzkYrgzONatUw8pN2V00ttkrOOqT1utbK/R78WO9rUnQlNqV1qrrX4VpZ9d1bfXZniviWQT646w+bIzMoUknlwpyrnjG7J45U4wOxr2LQPDUNloNld3EUJF03mTvIgDBvmwE7sE4OTwM85YgVkpp9hfyyTSRRRSW0he5O0M+IjwgI+7uJ55OMgkMcmtjXdetxp1pCrmGG3EYEEQ5BYEgsQOmRlsjqdw9a3q1JVadDD042aSTfKo7uO9+lruyae/kN1lONOnBWlFLmsrbuK6t/n180ZXiXUZNMsrloJBBtiJYsT5kit0ZgCDlQAFHPQqBgnHzbc6te3XnSFjIBKh+blmIIIOTjjHJweeRztyev8AE+uy3jT5kYRiTae5KIMgs3pyNwwT2OK4CaeJsSwkb5Hx5atggc88gggnp8vHqOCfYwGDjSheSvKS6r3nHTZ23TS6PfVas9PD0ORXlF80ldaK9r21u9Vdp9NOqtc9etPFFxeaVa2Exika1VWlZuGAx8qYHBUEH5c/N6EAVBpNzNqOomaU5jUFQqkgJgkbQuecKcYxjivM9NSedZpZRM6ozfMvChzjashBzgZ7k+mMDjq9IF3ptzaTtIxa4Y+QgXKMxyNrg55A5DMCRx6DF1MNTjGfJFqT2va6eja1Wz0tZ+ab0KqUVThNxc4tK/Rb2W2tt0k7t7tdz1fUrO4s9Cur+a3cx+S8cIRB5hLA7TkbtpyQTxmvBdO0G61GZAiyxLJKWnkeMlEG7cAwPDZA4zjkdq+rbG78+xNrfRxusYUyJJ80KKVB2EEHd2wcZJJJGQBWM1/p0cl7PFawx2qDDQxopJlXIWTOBtUsF6fLwcjFcuFxMqEJ01T5p6Pm+FxTWr2aetlfs11OPD4upSUoWblLWNny72be7vb5Xv1SR4VZaldaVc3dqjbUidVGUwhK8Ar2UkdSMc9TkfL2dnqtxcXFnJGWhlUggKo3sn3i5PK4wOvJOAMtWHqljJfTzXaSxgFmkkh24cIG3Izjv8w6dx175itvtl1LaRowjFxhBNtC7dp2hCwII4AJbgrxxxzvUpQrxjOVlfR2s1e8ddNv6vbcqtQp1kpySvJJ31TT91WTT6NpJX0tr0R7PceJH1ux+wWgka6jKq275hhPveSucjOCSM8HHzHgVqaX4CvbiD7RJcyJPHl2XzGAKMCx+fIJZRn5QvBx0zg43hXSF0m6lS4UTXLopWfHyRhwd3QZJyw+bPX05r03RJvPNzZLcuZLctOYwWAkYZ2oAM8KADxnIznAbn5nFz+q8ypNcqau07aq13u7W7Jt90jwa0o0nKnSTVm+Zte9dNcyu9k1dNd9WeX319aGGfT7uR0lhlCLISWjhWMhQ6nAwxIy4yS2cYJJNeft4gvNOvXsZrtprNizwhUJRkBJDEHorfxY5/3c17J4pg0uJnlNuq3NzE4MKENG82TyxK4D5Ax83O0YOASPDb7TZdQvY2Eht53UxiMrhV8vOVBx0IGRxjIAIJr3Mt5KtLnkk043fxLlemrW19Lb6WXc9PAKE4NrVJJNLaLStdt6PVq7fTqrXOZ1ifxNZX8Vxa3DLBcFykkKsI443JwkjZ6bSxycYH3sHNYelaRqHibXLDQYo/Oudd1vTtKgAzvluL66jg3qc5+9ID/d64IVcV7zbaPFcaQbKC7JMjJE6ugYoQQskin5iF+8c56jOex93/Yf+CUnjr9sn4TeDJgL/TbHXIte1ABQVWHT9t7GzgjoJEAPXHYYOa97LatOrU9jFJzTinazfKknfTXTd20+Tuezl1SNSo046xktkrNJQWtnrpq1fV9Wf1V/DjwZb/DP4N/CT4fwr5DeG/BGiQyQgbT9vltIjdkgZ2u0hYsfvE5ySRz3nhfT0v8AxVp6JJ8ls4lm3jjCKXfeTng7T+JAOO+l4yKP4hIhAEVqDHGgxiNbf5F2k8FRjbgDp0HpRivh4Z8E+O/G1wwVdJ8PalcI2MPHM0EixEEDgl3HKnIOM4AArt4jreyy+sk7Lk9mn2clGLV0nq2/uu47H6NkEFPGUdE2nBtW+zHld1pa2/rs7n5o698f9f8ADP7Zl/rnh5i0MGqS6fOkZ3CdNODQqmRkpEcndggZU8dh+tH7CXjDxb8cv2jNN1DVnluYdKuL7U2YiRoLQBvJht4CcqWKyHcSuQR8ueMfz7fBeVvG/wAUvEPiKYvNcJ9vvmlJ3O013M42gtyH2uBnAwQMcEV/WR/wSX+E1h4dt/EHj6/j8hdP0qKOGOdMt9ovWWd2fBzuLKVVRz8wHJxX8v8AGvDuRYSthsdXw9F5hXhSwqryS54xcovd7O3M7pp266WX7RkvEWb1cuzGjCrOOEoe2cYbRbcIRS7vVaa6O72P0O/4KU/E4fB79kPWLO3nW1ur7Qo9ItU37JWvNQTk4Ug7ghcsfQkEZ4r81/8Agi14KbS/hV8R/iPcJtn8VeI5baO6bLCSK0aTzdrNjcS7ZGDnIOMgmuD/AOC4Xx/i1u78K/C3R7phbWGm2mt63GXdQZhGI4IsYPJycnBGQCB2r7N/YM0qD4b/ALFXgLMPkSapY3Wuyg/eL35DIZD1JK55BBGOOOR/L3i1m+Hw2VYmrCooRxmLpYakr2lKjl9G0IxWl17Sz0sn0sz6zhTK8TTyPD4eVGSr4+vGpU01bxVZTk5dnKnFN9feWx0vxe1CO7vtRmlO5I/tYByOuTtY4J44GOcccV+U3xKvvtV/cPGEVYWl64KynlSpJwQThuc5x68191fFHxckenatdGUEzTMqNnJCgk98Db84wMcDJOQcD8tvHviBzc3kshfylkkUkYG5XORnoQVOB2LZ7Yr5jwKymviMcsW24qrVUr9XzSVtdU/Lrrdef7Vn8qeXZFSw8qd+WjCOuluWMUmk9trq179t2ec6pq8UlreWMVqXV3CyyY3Ku5m3FcZOeM+h45xnHz3r0brqDWUtpDNbrLlljC4WNl3cnbkk5G5enQZJ5r0W+u7iGG5kspwzygMVXBwxZiq8jPsM/dBxtrxTW59cSSS4hKNcCQlgFy6SHhI87vmBGccYxgEZIA/0o4dw9Slh6MHOzcIwi3drorXT1b83v30T/lTPa1OdWpOUbavSytq9u2mj2SvuZ+saW8atJawxxQBWmBKljnByFLD+E8Ecjk9HIFeNaqs7PcCEsiANIrOrBnY8hUHBA427cc4IOSM16HrfjTX49PeC5tFCKmySXy1XMvJ2gdi2MHr0J64ryK+1+9kki2Qk53CUOOYctjkkjA5JA42npggV+m5VhqkeVNykkk3a+my0SSe2/mrbI/MszrU2/wB2+V63jd6rRbJXaW99rPqk2sI2FzqV/HHMo8ovGiYVQUYNzlQ2NwI3A5P3uM5yfT57GezsLWMtFNFGMGM43MAMAso5HfJI5OOgUVw0Uym4h8zFvMBvbyydxUFTuYnjJySORhjgbutSarPrKP5tu8pDYyQfNxGMbXZiVGDyCCOAOMkGvouVuKTbTdlHV6LS91vq7aedtmj5lu15JOXPZKSut0tNNNLqylunpJo1b4wfZ9kaRRvMdrrjeEHcsOdoA49/TmqUejQXNvG8ciwGMFmkCgLIw5I3HOcjBAI47d65iW+16IIrQrcNL12oG+Un7xPYgHluMZ9emxZ67dWkEltJbPkg+SWUFGLBmbYu7gqQVLd8Dg8gbwjZRSaaSj5JqNlsvS8rarTZXOR2b030Vr2S2d9111020XcwdRW7jmkggl81YiSdxU7i2eAOMsSSAeABhuAMVY065nt4wbiAtKOUP3ehzgYwAemCcnAGMjJrE1G9zdGO4doGkdZI5NmzOMAlsHkDkDnB68DAE7XPmIEaZ2ZAQZT0KluuBjG3GAR6YJPWiordbaLS91ZKLsr6rZ9X066HJPmvbV20dldK/Ltfa712va2zO/tPE1vJtglhczqMOpxtIYgBGAB3HHAzxnjnHPQ7dJQJPNCInl+VvlKtGhJICHB3H29+CRXiEYMF5HOZmk2srfuxzKi4YkkZJPHXB/lXpA1tLmGM+UZGC5KSkHbgAKVwM89VOCR9TminG6Urp+9pzPRLS7913emy10vdO+lRa5fes9Fo2tfh3UettVvqntobc5scBrO5cyru/dbssV4C/KcA54BHY5JxnFflb+2xaS3dykk0bLcRSgptj25iwzEcdDxkAMeeRnNfp3EtvJGzyxRxPCC7MGORkkqGUYyMZzkn8BXw7+1pp/2iWxF0kEsN6ysrrlWEewAKMjO5x6EHrnHWvYo1oLC1qcmk5U7XTeu1rpu91JLWzt5nnYuEp1KUoqyU1fS6aatturNb99Wkfnl8GvAc/jTxFpelRxSSm8vIolQ7sqokUvI3QYAyDnH8jX9IPwq0oeAvBFp4VsWi2RQRLKoIURssIVi2PvYODkgj1x90fnd+zJ8LNL8KjTfEk1l5l1eYmtVZctFliUAY4IPIPP3uhzgCvvJNSuRfzRhi/mIFwvy+UDhSxbPRcYOccbcgEYrioSnQlpV5U5KErTto4xdn5O7T10uuiOunhlJR5kuZySs7b2jL77va7VunQ4LxH4ettb1h/t8UchSZmDYVlYCQDMowchRyrHnPQ9RXTWMWn+D9OeaN1Ns7A/IfLxtONwzyvAyO4H1q1qjpp7XFzGULxwF3wpJlUA8k5GAMnP4d6+aPH3ibXNWtSkKvHbI5QCMFFm3AgEAN/CSDyMjH/AgVakVKTlJyTTta93dx0UtLqWu99Fe1me/h8LH2UXeMW0lzdUrRvq7LXXTZb9LL6T0z4gLrNw0KeXPbqFSFN+5lVeNx29CACBnAOOc5wPY9Nn0+O2J2PDKwCq0DYVxIAWDEen3Tgdhkck1+eHwz1640jU44bvzBPIXRkLbVZWOcMfmxjGSRkgZHXr9raZrVvcwRSkRxxogK7RkSMuCGzxgjkAknrnOa+dxsnW53DlUZJrS1ummuy879LadPawkY0+VXV1btey3aSffV3/l9WvoTR7NZZYAJXZCECoCWKqR/Gx2/Oe46epJ6e++E/D0N0bU72V1BGTyoK5AwckgkYByRnqB8pr5W8P8AiItcxIWfYI0ynzZZiBhgQM5AKnCgnb2PBH1l8PNTRhEAzSBQrM2cbeVJByB0JxnqeOoNfn+c4WpTw85qd4tN2ukrpK7dtW1qtkl5an1+SyX1nlu94qytZu8b77bb9FprufTPg+xuraeBEjM8hKbWVs7V4Lf8BxhsHk44+UDH2j4As57kRkWyxjKqGPCnb97JB6tnoQO+MnmvmD4dxRS3cLxnfI43qDnaSxI2MMgErjnOM85FffngTSERIEMKxs6q5JAIZuvQnr33YxwemCK/irxvxsaWV4um5WqOFRXvdN2+XVprbZdLn9NcAQlBwrNpqMU1HR2sou13bt1u9bdLr3Lwlo6+VE4UrgICFAAY4BOOo6jPXqAOvXxf9p2MW3h0IjAE3Nvxk5XLAFhnGcjjoOvHY19T+HbdY7eMKpCgICeFIK5xwep/I8DnG0V8kftX3yottYgYMtxagA8EvvwRjjlvm6jJBAB5Ir+b/omZZLHeN+WVeZt4b6zi6lru/s6drvTR3fRX0XXU+e8W80m+HM5i7vnpxpaPbmqQV7aLRJ9LfKx/HH/wWzmuh8Y/AFgMeXL4TSTc42hWZip3FsAkkZzgEg7T2I6b/gnfZ+HtH+F91r99YWB8V28zSWV5PhJ1tkBCRQEHIDODlRz1HTIrqv8AguZ4KnfxT8N/EajyYoNKSzvZSoHlo4/dSbupUlm4xjIPAY8/Kn7MXieHwf8ADi+1I6lHPeacTDbWMu4JKksY2MowQCXJIz+lf628Xw9pSqU05LmqUnK17Waje+vRtOOiuz+ceCaqp42hWnFSj9XnZtaacqdr3vytcye6dtbar7G8TeIJdb+JWt6nK8M77YlcRMMRuxUMicnBGPmPBHIwDmurjM1xqmnSTRRmBBESGPJQAcjByTgAYHTjp2/Pr4LeOde8VfEnxadUn2ebO1yACfKQrKQkaj+8FVR2x8vzDoP068C6JHq2pWYlX7QGgycsAI5NmQAMYLDgkHjBzX2HDUFDLMMr3nTUE273biovfzl57W36+dnFZYjG4mptGrVlOPb4r/mrtX9Ntf50v+Ck2oJd/tEX8OCYbPTbeMoxGVJUNmMZ4B4JGMHDDuQPz0XYYZWViXLnAK5bBOenPf8Au9sHqK+9P+Cj9xGv7Ufji0lVIjZrbWquDkBiiEYHYYI/Dn6/DaPDZld7KzNtdXPGSMYHRtwxnPQA8+uPOzCo6uKrzlrLmfbXSNkvK22n6s+LrRXtKlmuVO1l8OyVk+l21ZLT065uFMkHlEpMvITBUAqckk9Qxx0xgYIwCKhf7TKJidqS7iXKAAlQwOQRxkZ6Dnv05G1cwLM4YAxSMu5UAxncdwIPygYxuPTk4XjioJLCK3gZ0kaeSVUwy9d5xuVh3YfMX9MY5HXh5tHpta6V/RdnffdLXydzmU1ZqKbs99Hq1He1u22+z1uZ1s92oVkZlMYPzEgySA4ztzg9sZ6/dJPapI4CfNZyFkkYOhx+8YFfmB7g856BTjGcELVy3KuqhwELFYlkBPDH1A6YGFYjJIPp12jpltLIrRzAPDHly3zbyBklTxyBz15wB6VEppNtqzslfZttJq99X562XXawnKS0ae1lbS1l1vdvXS+9radSlFYxC1Yzo0cx2vucYBQZxx/ebkY569QTwlsI/wB4A5Vt4RVUY3quSOACN3X7pyQDnjrcZpWt5EQ+eF2qZT/Co6ADPJ4OcAgnt8oAZCkDXETCYYC5kCgDYcEBTxjdnGX5PqBmsbtXuvTR+Vle7Svfp+F2ZK7+GLt2aaenLdpNq/Rbab7WGSwyyICDvijYh06BQ3G1+ueDkHqDkDtmSCNYziPcxLhHYnITLLswepC8EYHI5xnNRuSrFFdglxMRISThSMbcABS4IB4wOw9amhZLaRLdyC0rksnRXUDgjJJHGScZ4HOAeE78uz6NbvVW06X6Xvd6eSvm+a17Oyau25aN/fte7svmkyS6jDSxSOI5BESshHBycAMRnGTkbSM8Dtg1V8iF5VWJmSTzGUZGUAJ6IOQSepGc5x6VcnZ0lXaOkjGRMny1zwC3Xhs4ByApyM805gieUWASXexTY3JbqA2M7cHGOeRuJJOaE+j0fTrfbZu6vq1breyejYczjFaNJOzbb62Vk3e1m7+r2S0BIobdJopT+9aUJFKMEtgnkgkYbGApBzzjnJqssw82VXwwfMab2wQw67sjBDYwcnG7GWq2kSTxNI7ZmMqsjDCk9AU9TgdSCccdME1BLb75WSTETIyPg8tKhz6c7gOucZwSDnGcVFJttu+j0VpK6XS91sk27PRO1kmZ3u7JNN6rdOz5bK6d73s07ary1LNtaTTByfMIWMiNlBVWIGS2fu4A285I6HHOTVEqNcIZFKtCRCCx3A5IDH0D8+hLZ55HNmO4aEeQjOyK277xCtCxBKhR09CpPPJye0dx5BdjIypMxV4QgzuKn5Q3c54x1ODjsQBKTctrSty232ir6PyeybTWur0Ip6pp2vZ7XTst3p8Wz+8guIUhkkwgMLSR5ZcbgfXa2c88deMkZzuql5srzXCZZkKhEMrlSpxgLjn73bpk8dAasteyyMjMoyZRGGIyyOMDkfxliMEEZ4zxkgvurTazSugWWT7yq2FJAzGSAMAknjHGchexPTBuNrrVa3euu6a7ryv20ehvG8YwSTe3lvsm3fR7K/m07oSzglmjuoZlP7mFioPCKeWG0L0JBOOpyV5BWsxJAkhjfMaq6kbu7Dk4Pc8bic8k8Hir9urK2yR3RniJMZbJlP8AFyCcgDGD0PBweaq3kcbuPL5YHedvOCq4CM2OoOcHtz0HVxTcpRs7yS1stLWXqlbRLRO9jPkbb0SU7aO191ZrRPZ9Ld+p1+nQW188kFzIrpIq/Z5HcZSTocg/xZAXB44AyMcc7q9uLW5uIZDIwjDRnJJ2EDIYcYIKgHJ4AJA9Tl6dcSJO9zuZjFIh8vJ3KytnkZwASOo6c4PJ3dr4mnjuBaXSJEslxbqJlJyd5UYBOMEt68AAc54rJJ0q0U7yUmrQs3ro000477b63WzM5xVOVn3urbfZtbayfpq3rdpHEWrSLISJXZREwBVcbjj7pz8v+zkH6EgjGzbIm03f7yB3jESjaSzNySoBBOCeQMDLt0GcH1n4M/Bjxr8X9Wk0rwfo/wBshtU3anfzMEtdMiwC8079QqqCRgHPQDg5/QvwD8EPgJ8Hnil8YXJ+Jvi222v/AGb5ezRbS6zu8t0IK3ASQY+bBIHOAOer2NWevK4wj1eis+XV3cdE9r+Wm7XVhsFiMX8EIxgmk5yVkrKPNa1m7WW9rnw18I/gJ8W/i1NHF4Y0K7j0y4Cx3XiDUo3stOt4y3MpnlCbtq5bKkgkNkEZz+kPgD9kn4J/CERar4yvX+KvjWJUZtLhBbQ7SdcYSVANlwI2ABZsAqOQAOfUYfG2ua+I9PsorTw94agRAmlaNGtvFbwHCrG/kCPOFAypY7uM9yJbuJNM8s2jGBXl8x2mG6WReokLEn5CccHGOD1PM+1w9Ca5Vedlu07NtK6XZ62S2/L6bA5BShFVKjc3C1pOyi37t30vu7JWXmaOq+Ldc1GyOlRvF4Y0K1jP2TQ9JhW0gjjU4VGEYXcdvck8cY+bJ4J50soY7yAxsjnbNGQA6IhyzMxP3iecjPPUHoa3iLW50F01kfMcgCWQkFVBGCyrjjnPT1xjA54AXtzeWq72ZQiM8kgyRLn5SFA4xg9Bkc9a2hCVVc7a5LpNfyrmXbTVaJ+Td7nrTqQo/uqaXMo6RV1ypOK00a2Te19E1tc6u/8AEUN+4d7HzI/uRPwX4G0sWAywBORzxzkEE1zR1yOyuT9l1W5tmUDcu8sGLkEqvHQbiMDI6jLLgVzLXqJmCG5LsFZVQ87GOM7RkjK5ySOQRwTXPSGUTYRTcuV+STB+eTI7k/wnIxxuwOnSu2nh1yXteDS3aaa03s273W21lv1PKr4urGSd+WTcW2pavWKs3DdapJNbdVe579pXjLUmmVTqMFzCse4W9wuwgEYLk5BL8EkArjPIJwBsnU7fXFX7feRyRxg7IkAGwjBUNgncu7dz1zt4G4AfNUV7epK0lxHNEVPluFAClTxuODkBePfPFdhp72CxqTqDl3ZnEqNgpjGB6HJ4PPHvzjCrQUWnG0VLa1kre7aydnrve7SutGbYbMa824yanC2sW3rorJ3d1r06X0WqPZXiS1iMge2FuBysMgVjnIwcEngbc5/i49h57qN3M9/BcwqQyzQkLI+WdA5GQASSpIAzjkj6E4ym71COdbaaa4KsTtUs5Ug/ebJUEDHTsOf9o4V4ZbW7ikurkqyhPLbBCyHeOE5OOc9MEjj2GeHi6VWl7ylapBtvfeFrOzaS7X79gxtf2lGcVTsrd+9lpomkt7aWTVtjtfjfpL6n4fstQjgjle0eGdlTIZnIDSAbcDK4++ODkY4Br570OHStTkuYr66FmVKoi7csHKgFS+DlQQcj6YOOv1p4hszqXh7SFWGWaK4MTTGMn5wwxgAng7STwRgE85NfHPiDRZ9K1nV44Gn+xrdBVjQ5khc8jc2cgZyODg47Yr7zNqTlQo4tXStTjU+cIrpZ9LX110sfE5XiIxq1aD1s04xd9dubXS617vrdPr65oPg7w7C0pu1h1JVjcl48IwDLlUAJBPXIIOOTgYyxS78I6dLciQ2F4kSx4jiHzkDorDG0kAYJUA5X16nxPSLzX7u7AtzeloWCeUrEkqTtLkjGABztPfOTjmvc9NutQjg3XepMjRqG3ypwgwA0ZPqCpBPPIA+6xr5+8ZJJSdttbapu++7SWrXNtskj6GPK18G903ptzJ7vVpaXu7X2toc9qPhASAR24uFYrHtknzGFGTlBwAck4+9z1OO/NXegeJIAYdPknBMYwlu5kwUPLcHKYwCe3UYAIFeyR3F3eIJRNBcwvhIVCj5iOcgjBViSSWOSvTg1XidbTUjJDPCgCNDLaqdrMcHcpbBxjucjJJB56W7LWTWnIk1Fp2tvd3TjfV62WvaxEqS0S91y2t7rtpfunv0l+KPE4k8Y2fL3Vy6phi/mFCD/AHNxAIOcjBA6DJHAN6317x5a743vLiYCQskG0S4yDuIxydvqecnnHQekzLFP5rXEgQmc7oPSIMWyTj5mAPTjuSDzT7RrGzkN4DG3lOQqMNrmMgqfnPGMdDgHgHPelFRad5crTTd3GzXuv4Xa+nV977C5WuVe0avaylKzSbitUtHbfrdpK1meanxB4qjuA105k3KZAXiYvG2MkAHHTGSAGHUAgYzWk8Ta3uaWW1MrR8xEx+XtQ8naSTk88jaccHkn5vZLi8064ti02nI8z4aGTJ8wQkht2doO1SfqV6qcGo5INDmQNJBbTARhEw4JLAZIb5QSVJ+Ynk8jJJpuyaj7qUpJq/8AKrO0tItS1ulZ66WSNI0pLmaqOya110s4q8rqydnppZt2voeVzeKdUnhNuVns0mjVVZkMm1uTkMQML/dySO4HOK5l55p3WNVmknSV/MnKlwyHKltoPyN3x0ycccV7bPplmbeOWJFkdwRChZdpBY5U4A4A4APTAHTGeOnay0xppp4jaw7JFm2FS7yfM3GAQF5LHv2A3GplNOSdrtW5dbOzjB9PditN9LLo3qiSd4Xk7Oyve26Tutbddklpbfc+RvHPi+bQNUA0+Yma0MjpIw3BJSSvU4IILbgc9P08ouPGmvz3Fxe3Or3iy3ChnRZXEUg75XOMepxg+hGCND4oazFq3ii7kt4US1O6OEE7C3k7gzthcByRuxjngkKDXnIvBKViAQLwhYkHaRkDAOR8xHTnvwK8qvOcpybcoq6Wm0Vou+i0Svd9n0OR1Wm4qTtdaczVmrLvbbbrq9Hs/oXwJrlv4gurjR9dSGWHV7QwRzFggSZUZYm3HqwbBIHQD2IHj/iLRrrw1q+o6PIzRTQyllL5CSRsSY5ATwVKkMBlj8xycAVT0+Wa2vbf948UizbolU4YlOUYbSQASoHByR6DBr2fxbCnjrw1FrVkqw69olqkOoQsP3t3bQqFE57llO1fvDPBPPFeVVp2knZ2d09LNO8dXot7vXzWl7GVlJ2abelnbf8AKz79brs2eT6drElusKbvMUAI+SSh3cKSnOce/X1HGe00i0FxPvhKy3ex2Rg+2MAnjqNo2jsRj5ccgceUGTyCEPlh5cbWGBiQHBGOBkHOQMD1PG6uu8OalPazjzGJErmPywvzZ287eQQO5YEgnGOorgxOFbi5K6bWujW1t0nby69+iF7FNptJOyvLW3TS7Vuaydvn2Z9JfDHwJq/jXxr4a8MxWN48/ijWdP0dL+G2lntLV72dYXnnfb5KrErl2BcHaoJAGc/0efFb/g348S+Hfhva+KPAPxZtfEPiC48NRaz/AGLeQQ2tnqLi0W4e1sJ1dsyszeWFXHzKCBzivwx8AftRXPg/4Y+F/hl4O0O0sdWTxDJqup+KIreKXVpYmkBCQ3BQyQtGm4Da+VGPXB/p/wD2Bv2gfHHxu+A89v4t8T6u02gahDpXhLUry8keaZIwF8i4G4kKhG0g/fP3gMGv5J8cOIuPeHaWDzfJa0MtweHxcsO6CdOvVxs3OPsqtWDpSXsJRUockZRlHm5m3ey/o7wwyDhHG0HhMb7PMMXiaVOtUVSDpqjTcY+1p0qimv3sW+ZS5baax2P5Cfix8MvE/wAMvEeo+EvFui6joXiTTJ5LW/tJ43DRKrsqybmA3Rvt+U5ZSrYBG2vMdDa5ivHiYu8Ebx7mI+Zo933UY52gk8kElRntyf3T/wCCqXhPw83je1vrrVUPju7vZotTlwEW5s4eIsBVILBfvEnLD72D8tfitdCa1vJ3spoXtLmYWzTMgAQqQrIf9onucknH4fqXAXFWJ4p4Wy/McXh40cTXwy+sUkpcqrRtGbim9INq61dr25tLv8/4/wCFcNkOe4nDYOq6mEU1OjJOMvcqKLjGUo6c8E0pej3uj1bQdIe51yK9uFf7AsUTN5bNIsa7QAhYHJBOC6kjIzg5wa7W/na2MlhbTy+cZAFjRiVaHrEq9M788Few4B6VwfhLUb/RZ7m3mlcZjR7eOVSUmUjI2jkKGyOSGDDHpmu31E/a1iurh/st9KhdHRMfvIwDFESM4I5AY4OcDBOAefG0pyxUYyjHlStCSTa+KNr9U1s2ulm+h8vGnGNN6Xsk5ttbq1ndLRpX1s/TXTc0vUbvSjFeXAhPnyCOSNgE8kptGw9QS3PBByeCQ3Rvi/4baB8S9In1KxuorbWI45ZGKoFDvghYpNgydxGFYL0J5BAJ4abXr25SWzuApht2d4zIoWWaRRjGVPBzxz1yeQSc09F8W6zpN8k0UyR2MjBhHuIEioQHSQ4JYcHA69en8V0cLjsPOGJoVvY14NOLTspRTUuWUXpqlfTV+ruefVUGnzRvGVuiuvhbctV7t1dvW97M+M/G3hy78LXbW8iutwkslvKsqkFSCQGRiNrJggAgkc+uBXmszkbQuNwPzg/eYkZ4JOenAHGAB3OB+gfxL8O23xL8P3mp2Ajg1O1Zp4EVQDMyD95GXGc4wWGOoI5yM18G3mnvFdXcNwyiaJmVolX5w6cPgL6FTyf7owMjFfsHD2ZxzLCRlU0r0vcrx6qaSd9Xonq+q3XVnmuLhOyem6crX3SW7bWu/lrZJkNtchSgXa21vmUcjaQcqAcEqR7ZAzye39AP/BK39sr41/Dz4aeMfg38P/EeneHvDNtd6j4mkM1r5lwdQuLSSBUDbiGWTGTuyAeccla/nzTfbuGwF80gIzKAGBxnJAPI43Lz90cGv3f/AOCLfhrSPFWvfGuDVdJg1MWHg+6uoQ2P3bLDLuljyR8yYDY9Oprn4yr18NkWIxOGjL29KphnTcU2oSdanByutdU5X0tu31Ps+BY0KmeUqGIjSnQq0a6nGpGLjaFJy1UrrSUYtJrqna7svyR+L+sahrnxJ8a6zqGxtR1HxVrF3qEyYRbi7lvp5LicgcbXlLnGNuMAYxheHgtV1E7F2xlB5hCbSSR0yQM7OAQSSc44BAz03xTCJ8RfHUEZZCnizxDHBCM4MSanchUGR2A49OMYrz/T724tZQqsyyAbGIyp3MRhWz1TOflyD69se1h1UqYelUk/fdKnKd1rdxjduyvuteXdW2d2ediJwp4urBrlgq0oxSasve7W3S0sr3ttexb1Ozm09YvMX/WEsrxtuBGQwDY4BHGV6DBx1FZpdWCzFv3pY7xgr064DY5PQ88Hg9Gr0N7M3uneXcRFLiTe+5yMLxnHX5cqRjG089cY28NcWUkLiOR+ISGVwNu4gr8voG4PbsOe1dGHrympRb96Ls1o/wCVKSaWnW7ejej00XLiIOEo8i912Vr3eqj5xtez1s92N3jOxC6DIOWxxlQWG7qBgjkng9CCObcZDxFAxV0yxcEsWwSFUHHGc8nP8s1VdDcRiSBB1Ku33sEAjbjAzxgE46gj71Q28/lFoFwSAwkXbjYC3QMSxJ5xkdccgc57VKLTWl4uydmtHZLrZSbel732tZJHLK8fek1qlra97pKyXRt7vpra6SLz7SoZsfMVDBt2Ao5JUkFTgYI45BAyNvOxp+sX+nqHsb+4ijGVEYdjDnI+byyWVSOmNozyegFYXmIREnAKnjdknnIYgADnjPIABz34FiMhWCbtxw7Mh+XnIwuBxnrjsMYBAA2qVKnJNSjGSUfeTSbd7W83ey2V7arYKWKrUpr2VWUHdaJtNWtrZWv029NNj3bwV8Zdc8M39rdxajLaSxuheSHcsbqDkuVDEDOPmyDu5A5GB+p/wW/as0bxZaweH/G0lrN5yrFBfnBiYttVA7k5jYZIV8nDAYB5B/D8rJK67fkjZQUTBIZ8ZIzxzjtg98nJyd7Rtf1TR7lZbaQsqsAItxXDKQTkDGCcZBGOTnOea+Nz7hfA5rQa5VCqo3jUirNO0Xo0k0tV3d0tFs/uuHON8wymtFVJOrRbSnTm2046Xtp2vdNXeulrn9N/hfxL4s+F2rWXjf4ba/IIIpIrgmzmJBTG4xTxK22RCAVbI4PrX6ZeCfjn8Ff2xvCi/D34xWdhoPj0w+TpussI4JTdBSiy2lydpDFyGeFmwOQpOef5SfgX+1VrnhRo7K5vmvtPUhZdLunaUqhwD5RcMMlcgAEEgjrkGv0J8MeOfCHxGNvq/hS/fRNfhMc/kRO8Mizqu/ejJtKFXPQHP94Y6/zNxv4YrE4iGLmquX5vg2pYDPsBzUq9KS5HFV+S3tKbdrqStppZvX+luFePMNiqCp0nGvhq8YrE5dXtK8bxU/Z82zd/vv30+vvjr+z94/8A2ctWkTULe413wPeS79J8R2itJA0RJMa3EiKVikCMMg5BOQM4IHl1rrcV7BGSUuIDFk4Kl8EAAOo5yuBjj1wM4x9bfBj9sAHRIvhB+0fZL4g8J36fYbLXLtBcSWsTjyo2lZgZGVARiUHcvoflry79oP8AZm1T4Yp/ws34XXZ8SfDPVQt4vkNl9NhmzJtYMRviCnAbau3tyQo9rw68Xs44ZzTC8J+ITjSq1pxo5dnSd8FmS9xQXO7KlXta8Xbmb6N2PK424Dweb4SrnHDMFLkj7TE5e3etRu03yRu3KN1ZNX9WrnzfewJbXDyQOZIyuVTcVYbi3zADptJPGemQAM5qqbpyzRSpu8wZEoxkDIwCMYBB5A4Gec4JJoWmt2OuL9otXYTx/LPCp+4OMnHAUZJBAB5PY9c+S4kjcSEHbvZUKkA5zwGY5yfTrz17V/ZWExNHG0IVqdaMoT5XFxenK1G3fVrZtWWrex/MWNw9bDVqlKtTcJ05NOElqmmtNdVbW+q+4nvkAUYZmwq7NpLfd3EggDrgA8n15545K9uGl3vjDp8qkgY64btxkYXHU/rXSlmjkjbf+9cEqpH3lI4X0ByevAPtms+4gDqyFFSWRty4XKlgRnA7D7oHJ9SAD83TNJWSs2kndtO/K07N6dbW699NuCnRhUSfwu6fvO92mul3s7bJKyV72uYaqzISRvjRsEDAYNkYHfgY9cZByNo5h+xR4bYxJcEgYwwAJLADnLYxjJ6/rfW3ktiWySkoKggfJv6FWGcnOOAeQRxyauyWoYbWISUx5VkyQWC5z0wDwOc+u4cVMeZ310fLZO7ava+qfm7X9bo4K1Jxm4qN9U9tfs66b2utWnZbPVHPpZF43zncrBQh5Jzz8rc84zxkZHPSnf2eJ0eOVFILFFc8lMDoeMjJHI6chjyMVuAPIuyMASZIyecqihiw5yG6g5Pt1xmIERshjBJbcWVTgCTkgnGRkdSueQD/ABc1Dj7ycUldLfVdE5NXfrpe9lbW5h7JOSV0k7W23uul9/m+lmrK3HahoiRR+UYoru3lRg8LqCucBeVKkkHJ56dlxXzl42+EVpfvNfeHiba9Q7nsCdsUrEbmCcqF69snHVRX1vdFmYN3ZdqsOFRic7WXLDgnqBk5OT1UYN/pcbDeVaGcjBZc4Zj8u7nGPw55wCBRCelpN2vZO7dtYt2skkrPS+7vZ6lOg1JuOtktE3f7Nm7K1tOtr62dz8sfEq6z4ZurqzvoLqyuFfKEoWQgbQNpICsvTbkHIHA+bJ861fxFfzReVcElJFyXKgeWD0C445zyeAWOcgYz+pvinwFpHiS1uLHVtPinkZWVLhUAuYxsO0oR82AcEk9PfNfBXxM+BevaAk9xo4/tTTQzu6YzNbIM5EgPOEXgkkAhcg1VeHPd0W5JQbbvey0WuuyV7PfrvclyjCKc7K8ravRSvG272adtU3bXXp81rcrE8jzIJkJyWlHHljO0ry3AOGxye55qsLW3uZn2FRK58yNWG2PaSSwQtgAY4OTg9eD0zr6WSFjbSAh9xjAY7ijqcbQMDn04wOxzgDElvJo5UiaR4iuflXG7bg4wRjAx15PRcdM1866dR1ZWk+tr2T6Ws7a8y0t/NrqrspckUm1duV7dE7R3bs2r6d769TUS+bT7ybyGaFmZgqcPC2zJ7ZDDIyfqSQMDHT6X4jt4L22lucxPuTcY/lR+hYELj5wTnJ6diOTXEyTh9sk6KqqAFmPXdxktznOCeew7g5y4yRuBKxLIDmFivBC/xbhjG0ZO48c9elQ1zR5Z2avs001azvd2Vn89Pve2HqVKU7wa2TaaatrHbzu3ouj0u9H9a6B4mt75bKOC7c20VwBNIpYTkuFOw5GdoO4ZJ6AgZwK9cgtNdsJodb0vU5Z1F3FKtmk0gfJcMgMRYbgQPUE5bn+EfD3hzXptOuEuo7gMikTLCFwJypIIYDdlsde3B4NfSHhT4oWt5JE1x5trDG4dJdzFY3QgspU4BTqVBJwDgqN1fOZjl/tHJRo06sWrOM0ndPdNWej0fn6Np/TZfmMeVKU50aqkmpwclytKNneL3v1eltE7an6U/Df9r74jeDPD+q6Dol9NZaxqYisSl3IzQi3ZQkhjVuINgw2VIIxxnt9m/BT4s/tx+FfCOo+OdA8Jal8Qfh6kN2moanbRzarbx52yM7mMSyQxou75AhO4ZCk9PxauvGWma5JaRw3SRX9wXEVxGmxdpzguMZOeO+OvHOD+o/7A3/BRP4i/seRSeEVu7Pxl4F1zVIhrvhfVI1udlsHxNJZ+erqoljJyuOWx34r+fPEPw5y7F5Zi8TgOHMnx2LnUjUxVHFYZOdWKtzOhVhyShVSV4tSS7a2R+38Cca46hjqWGxmb42NBUnDDzp4hRp8+nLCtzRnC0tFqrXtpY80/ar+JXw7/AGkEs9S1bwi3g74g6VBbxapd3Nk6pcSrk3NvOXjich9vyCRQVBwcdB8Qah8NtA8TWwl8D6nFpup6ZBuurTeDDLcDIYRqPlVXKsWVSVwcZwSa/qk+PPwe/ZF/4KO+Dn8a/szaxovw/wDjLNpcf/CS+Dn02O0g1C+aIyTZiRVjWQOrYlULgEEDqK/n/wDjL+xf8av2ddSgfUtLe0Z455pr21uc2kyRs6NMhOR5ZI+ZQGPQYPFcPhtxLlGFwNLhnBYqtlOKws5Q/svGVpVYwu4uVOj7b3nSTv7m6Tt6+rx3keKxsnntXLoY2lUpp1sRRpwpV1JWSnU9neEqijZupHSa18j5++Fnj/xp8LNYk0rxouoRaRJahlNvK0kQUHKTJtzmIqSXjPB5zt7Wvj1498J/EeP7Tpcck1pBZQhpXQPNBLEfuLIAWEbc5QljgngCvA/G0PxFiubue7e4ZcPC7bg9vDE33CMnG0nG7rgjHGMDyCV/F2lwEs7S2k0ipLGhDo2fmYj254JJx06Fq/Wlw/CriYZjCcMPilbmdFOEKk7QtKSi1rtonfROzP57znPcbiMPLLoyrVMNCUvZqpyyqUldRUVLVKKW6sm7aM3f+EK1HXYZn0trZJIB9tjQoBJLEi/cxxscAdCQQCvsK422S/e+tbeRJ0uobsxTFVKxsyuMqSwAxjI9D+ddboGq+LNLkuNUtrKWC2aDy7hGQBHjfaAiqcfIwHJJBGQSTnnqItWsvKW+1G2thdXVyjRLx50TNhTJlRhyBt28AAA8DANexLF4vC89Oq4V4cvuSi0nF2i2nFu/fXp103+AnQd3Kd0nZ2ctHZpqV24tOyd9Lavrv0U+mWk/2B7nS5Psu4MqzQ7xc8ASIpY5UZyVwefmChcAD0Lwz4g8KprMUGoeH47iK0hFtp8c0ab7WVuY5VXbhjngckgjnd1qO213TZdNbTZporiS3thJZzMgZ4hIoDOxzldpLYwST15OM8nq2oWOjyi4byGvmRTazxja8kqgMHIJDE4PB6cHPXB+Ir4uvjlUw7lVU/fVNxnyRSTunFRb7WvZpN31BTVHkknFJPZqLu7xaVnLfW6bW+vp9AavB8N5LR7/AFbSLS+vr1PssrJCiyWsygtHLtHGQCAWx/CeleS+KfD/AII1E2rwAx3WmiMQSlAUmEhDiN1UD7mQpwACPmBwTjiYPHaXBuUvigneIJN5hAVWdvlMY2soK43E5BAzknPHNaj4iee4FvaXIf7NGphYqMy87sDGOFPAHPAyOmBGWYTMsPJQqYjENwbaU5ympJWte8mmrcr1dr3jZGjxdKc7ONOWqVtFLTlbb1V7p3V7rmXQ9ivfDGmR6JPq1rIJr+ztjHNBAoGA4Pzoi/LjYxBJ6E56gmvkzxJpLRXzT6cXiWeaNm+fDxysRuCgnknnJyApycYGK9QuvinLoulanbxsBdXUaxXiiPcFQAYYZyQSMllHck5Pf5+1DxWL+9cB2i3FXSRiQeGyQo42knOQR+PevusjwmL/AHsqj5oybcXK7UlK3dWTirK66dy8RXoT5Y01BS5O6u07d291ZXWi6a3Pq7wLqY0bSorm6ggmvLEpNPNO6+c3dc7gdygDAz/NeczxxqVr4rmiurSYi7mEpltIJR5RAG1SmCuWOB15JJGMEV8vXnjPU7cywJcb4bhY4XkYnAUDjbgZ5yO+W59quaVfa5PdwW9iskkqkTQMvByCSckkHByMjJbBB4PXepw7L28sY5r2jlzJOMmlsmnq04202069LYubtrB8qaSe7Tulqlo76W3tq9mmet6d4X1U2U9w73KXqsIkjIKsqHox5yTz8pBBA5Oc5rTk8E391pU11dvLJFG6QTLncEIwTODzvccYHoe2Qa4+LxP4nW4FpdM7zW8w86OIFZGjJ+bdj+H+HGSw+or2vwxr0dxpF3bPcgRySiR4WUMFmBIWJTkAmQ4+Y8cEHOAa83MJY3AuFRKEuVqN4pJpNKyWtndvVJLfaxEHGTte8tdG1d2VtN9W9LLokla2nzV4tSTRYTpjs8sUs4ZWKncIwfkwCADlf4eRxznOK8/gvLqC4mW0disgChc/Mq4bll6DjjIzxuwBxX0Z46msdXiddRt4beSzlDMUCrLsPKAgADBAXHDY3d8ZrzBNCt0L3ysTFKgCBRjBPCh2yc9ew4xxwCT9Tl2NpzwsZzppSai2mra2V317u7u7X17qZNNuK1a1tbVJW3u+13rdanA3cd0zSOrM7uyu6sBkAqCWAwAvOOw5GW+bOPbfghqE9vqscsrSMLQyHJY7VLHOxm6AEfN9AK851bT7q0y0MUjSBE3FsBTC+MsOoKjtkAcDPStnw1N4j8POl0lq5stRz5bhcxSjcPmVs5yp6AZyOfenmMKeLwVWnFR9+HKk7XW2z3cv5Xpd3V9Lkqoowu21ZqTaS29265r6KVtXdrT1PdvGVtdajrcmo25GbmWJw8bkLKucGJiGXaApYAYIY57c1zWveFrO5ni2Sy2N5JsxGGJhPC7iD0IJc5Hc+vGb8M01yw+0SMsVyiSJMDiJHUZCqOdwQ8uARzx2Jrc0/wAW6QrpZapbC5mspHzfkDqcBEYgfcAwfYjbg5xXxj9thKf7unGaopRTu7taXTUX1sraPqClSc4RnU1mrq8rKVuV7JJx93XR9r3Rwh1C/wDD93Fo15cOLVl+SZkfnAO1dzde+AG3ZyOOlNCXF87SQnfZEPHIqoHy4OSzDI3Egggkbsk8nOR6X4ghs/FtojRzWySWreTBN5ahihB+fOAxPCj6L+XEaIraIbi3vrpJYxcNHIqfeRfl2vk5G08DAxnvgnFb4bFKrQlXjRjTrxa9rGyinpHlktVq7a2V+/W5WheV4yu73VmrKKUddGrpu97xejdtbnF6n4LWK1bcIp45F+0GRQsb4YHCBR94rgcdySvbjy+2knsNYs0jjZfKmVEPIDkuAMenbcBkHAP1+jYPLvb6dZXLxQMBHDJypjfhWbHHI5HYce4Pn3jHwbqUk9pdaPZZLsXC8CRX3YYruxkcDBB5yOhyK9nAZoqi+r4mcIynTXI21ZO0UtdUm903fXvfXOnN2mnLlTSjd2ezSV3ayu9NXfTY+ifCkd+tk0jJbo8sJWVXKqE3ImNo3dcNncOh4GT0ytQ+FVzq+p2mq22s2bLI6x3UMhjLA5BJ77mU5AJOenAwDXi0Gp+OLJ1sb22u0FtCDNKzlHRNvALBjlSMEbhnJORkU628e6jBMEikYBCwlmeRiFcc56jB45IHHJOM14ccozKliq2IwmLpQdSTa9xSTi2nr13e2i10Kpzmly62VmtryceRu1ltfe7s1d9T6B0z4VeMPCHiXT/EOgaoz3Qn860uo5GQQTKNyLuiYbQDhVXJB9TWF8UvG3iXW/MsfFGo3V5qaSSQPNdeZIsLljxBIxIjVmwSyY6k5AXjg9O+LviPS5DbTalJNCXWSE7ywTABATI5JPU8ZB4GTxoaz8SNH8TrJb6lZRpKcvJOoxL5saAmRmC5y3UjJ9wBmpjRzylXjLGqNalFJKVNKMk73WifS2qSv2eh0vGVFQnS5pRpTveDn1fL0V7a2V/1R45qEFxaebBcou9NrqwTbvYkEgZzu4OPmAzznIHypZ6hL+4iZQRwQp5JVeoC9tvPynjPIOTXReK7y01G0iu4pFWO2jSMHaN8oDbdxOPmwARz95ga883G3khullBLhvK2rhTnAEfU7mJY8Hn1zg4+poXr0rtaq8XGVr6WeuvRPq76fd5skm7q61V9U3Z6pvr15dVrs92zblm1Avcss8wgLs0axyEmPAP3UUnC5IxwOcnHJzHH4p1ERw2khlKhwRNJw6lcAg5GQvqD1AJ4/h2tKvraCaFpFTzpIl8xGx8uTnIUjhiDnGOuOcVR14WP9pia0CmFotrB12jfklskj5SOTkHkHjORgpqnJujOirqLkpJXV9LLtd9vW3U0jJxg1Np2vbZ20W6fK/Ravt0Z6np8thqFkrLcCK+2xc5CtP5hGRGNuVcH5QRndx68834rvbnSrmAyrIk0aMsbvh2dMY5VR1IIGTz2z1Nc5bagSIX3G1ih2KrjksOoYkehxtPTHAOOKg8WatPfPbiNhcL5Kj7Ux6uAAVzyMMFPU46cjGTw4bBShidU3ByulJO+tnZdUu/TVrojNJ1OXkT1d18XvJWbsrre1nvvsncwbC+n+3G5QF5ZZw64HVt4AXHfJbOAD7ZxXtXidtW0XQ9Gvpg0ZvfMaRFyhUMchHUjClgeerEf3cZPzjaXkolldWVJbZyyAYLLknaR/tAgkdTxjrmuu1jxtrviCxsLbVLqSe1sV8u2KoPlkXbgsR/Ft+UYB5zyeK9DFYH2lWg0oqFNXkmkm4tKyWnRtdbdPM0s1a6UbRV1ZXajyp2vp1a0bV1y6nfWutXEBtpIrvy7Ryj3cKg4JDKCJACSSDznI+bBJBAx9hfA34nWnhm71G8vreLWrOa2NsqXaCSK0iYDa0W77jIwT5P+BEAgmvhKy028uLJL2zjlu9iBZCvKo/BIK5GflJByOcnjg11+izeJYoZ3s3Mdu/LQYHzuuC6YzjIA5ZTxznsT81nGU0cZSnTp1FRrKSalCXLJNKNveTVk7Xtr1SuiIucZtrXm6JO9uWK1d1FR2011XTZfo1qnjnR/Fl29nc3dpoz3unzRw3VnHHHEyKpKwzEIBIWA2s7kZJ9CK+c9V12x02W3ttHe6jW2kkhkEbEQ3rq2HZCSBluTxjG7J6ivC4dc8UTzW9vMvkkgrBHIRGHgClSUPBABPJPLHGTiujTW/NsRaTyJnTvnaRMPN5hyXiY7QSxLHJ5yAcgZ4+apZJPDU3RqVvb+0tFw95rlbTvvZptu/dtaaJK5zq2UovljZWe3WLimrpK1ldrW7W+hueIviCbiK60+SSaXYq7S7EtbopwQh43E9cZHYnqRXM6ZdWUsaXtxey3FrLMA9upbcoz1fGeGIzsIAPP8JwfNr/V4pdSleWRVhmlKTow5C9ATgDGRjnPHXrmrA8UxabB5enxKbdJcyjZ5iTqRgHPYEdSQCpycECvoMPkVGjh1HD0owclddUr2vbom7tW879xOopqMptPlu907Kys7Xatvotr23sexwzS6dqNrNpeplIZnE0XlO0RyACsLYIO3qDnbzn616tb/ABo1K4s7zQNaME9usSxRXk6gyWTR/dCvh3xx9/kNwemSfke78TteR213bShVt4wwggIwpOSd7YBCgZDEehHODTopb3Ubf+0JWnSK+f7PBcO2II3BADOV5deCCMAn5eMnnjq8NUqiTxNk4NuM4rlnFpJx1T2vsr731sXTrzVmpRaumryT91pWtu0ruz2avpq2fbOlePIJLPStFsG/tAJei5vmY+dAUVgVlOSNq56sQM84r9av2W/ii/ifQtW0HWLmw0u30d4po7iMQyLeW8agxpIpOBswRvHK9cdAf53YZdV8OeTFFqSw3M0BEbqNrTK2CEHOCuMMAehXt94e+fCX4t3nhjT9UT+1Lpp2tmiVElZRdNgiRG5BAjyMHjHUEdB3ZSq3Ddf65ga8uVrlcYT5eaMrJWi25N8123Llvrbax5+a4GGOoqnOC9o5QnFy5VHRwStzJyd7yb1V721vp/RRq/xR8MaZr1hpV34q0qca9ZBIL6yAENg6ll/fKpMbTJxubK7ccZ6nzPxX4p+Hel6zANZvdH1/W7xFNlfsieVIiPhlmc5Xcy4xk5XHTdnP4iaL8a9XutTlt5ZQYS+LbzGYyQxSMS7RkktuB3AkEEhe4BFdkfGFtq8kfnatdM9ugWDMsjNOzEhkjBbhVPBzz6Ek8/a4PxNzXB8mHrJ1IKUakXWnOSjzcrtFNyj5qVla7vF2PBfDNGVVVaSdCpKPK6lCKpyu1FWb+1JNJJvVX2d9P1b8WDw7qliYbH+z9O8tDJNLbzxMtxHcDPlxI33xzj73HVcZGfhb9oL4b2ngaS31W6gn1LS9VsxNZ3UiiZrdyNwlj27tqEsEwcZAwOK8DvviNd2V40N/q832IW4jtNk8mbcgYBfDZJDEnHqM8EYPr66p478TeFobb7WviLw9HY7Z725TzUs0kwY0BclkKcyKowWIOQCeO3MeOHnlF/XMNCnVlG9OcGtXaKScdHq0+mmnqfR5NgquXt0FXrVrJc6qLm5XdNtq9tVomtHvuzB+HSDXIrcXelaX4iN1Ebe20y5jSG4gdAfKMZOMtIMYwG5yRjArlPH2t6R4c1W7i8Q+D7rw3qcNvJb2V/ZF4pY3CkRiTaNkpIwM5JO0YBBFcx4n0DxF4B13w3qMniSGDT5zBc2t5bgxvFlgTG4UggZGxR94EDIOcH7WSXQfil4DltPEfhaPVr+2SMyau6oLho/LBivI5cEkYClgeAa5MrqxxdKUZ1Ze1TcqfN1ty35kns/wuu59Q58km1BezTi5O6cr2TTaTkrJ6JKzXR30Py4svibq2neIrG7mv4rhWuVt43u1Yloml4S7VjhiVI5OcbuSe36neFPhh4JtvCOleNWisob3XLeOfVWjCZuVlKsVTZuzEC23BBJx6mvya+Jfh+Lw94l1OG+tI47CG5lk06XcN0sUbfICQMFlUYycfMOg3CvXvhd8RvG3iSG18P8AhnxYVWKKOOx0XUgZI0kyFIXggIVyVHHBGQQCR7OX4mGGn+9i6kWkk9G1JcqvZ673bWt9b+XJi6Lq2cJcsWlyva7vH3mn29XdbpXPuy7/AGe/CHiGcap4S0Wxt783Esq3SW8c0nlTgrMJI+y8ltrctjNfEnxV/YU8ZL4nkt9LllubK7k+122otAILK3muHDvbTsCfLjRicHBCgL2JNfT/AML/ABv8QPh/rckfi6c2k19OLayYbja3ju5DIFY8cFtrfLkY+Xnj7tTX7TVvD0k+q6jFAZEeTcihQj4AWM4BwARkMBxwfTH0tKhl+Z4dziuWd2t7Wato1e6X3vaz3PLqTxVCcU+acer1cWly6eSbs07c0d+9/wCczXvgd4p8I6vrGg+ILJ7WSwQ/ZdVw/wBiuiBhkgcgDJwWBBGce2Dz+k2Go6PGrXjztFBKY4wRteNvvCXudgwCuRk59+Pv79ry28c20lvfxX0S+ELkqbSQ7XkeWNSc7ioJD8gqclsnPJr89o9YvtSuxEETz3jZI7cc+YQSjSsi4C7eWHsMivgM0wdalip0lN+yUtZSik0rq+sXqkrpN6+RqlKrare6aaura6ppW0vZaXbTautxfEF5pl+lszXZe+ErYZGZFI/hR1GACxwCSQO4x0qrevr2lWlpaXNveaSL1kniHzsk9u5GyZDyNjDG7acHkkes134AvopVEupW8QuohcW4xy8hIJjyejgYB7k44PWvoDQNLf4n+DE8KtC8Pi3whEZ7LVbohY7jT1BZrUnrlUBCA5wARkVnShhvYuClzycfdi1d6JKyvd2Wrs7abpG8Yppq/vOydndpNQt1vZPRq6tp038k0DW59N12xljuU0+7jMDR6gAVL7gAyBv4CVOQezenfv8A4peKdRu9f09tW1W5vIUsYYre6mjEcYTZhoC6grIxAP7zK4yOdxxXkWp2stncyG8lhZbSQRJKVDGOVOHUjnguuF5PBHXgUn2651vTktNZS6uIraUG1lDHMKOTwinLeWw5AJ45Bx1ry5U3zu8U4tpSgk4uyt2aV7rS2m782Pni+Vx933nZqzs+V+803Z9n9/Q7q11GzvrF4LKESl2JcE/vY1UAuVJ5x1ORg4z0bFYHiG6ktoIMyCG2aIxkkh2VsEoATyHU5J4PHUgkCsq5u4vDlxaJa3Jk0wLsmnZQsm5wS6b8DLLyM/NjBB4BFZr2OteI4JrnSrGS/sYbghShLKwbhmYs3DAcHAAA6ZySZpYH99TlL3aSkkk7xVtLL16X07rcFTbsnHWNm7XXuXTtZa3V2tXd667Iz9DvpXe4n+W/SzZpZoZAGaYpzGqZzuIJJxn64XNbl54o0XxNGrX9qLK6s7Zoo5Gwzlh91ZSFGQMYxk9sYywrb0n4P/E6FodQ0jQLmaCaN5mW2CshhbG/zizDGBznBIO7IB5H0N8Kf2bpPEfinT11jw1cRaXqEHkSPLKq20uqS5xtk+Ygo3VSCM9cA17EMJRq14xpzSqJWVnrF3Ts+zlb19EWqbg4zaXuq93dX2+G76dFffVI5X9nf4vzfDrX7a2aGzm0O8eFdQguY1U2xZwFvIM5LMuQ24Acclh1P7maTqdn4m0rTLmHUYL22ureG4hl8tXGxlBCr6MmRnocKRnJxX5sv+wlJpXijRNWOqeXp9vdoL+ylj3FVifd5CkH5osYG7HIOcjpX6EaDoY8NabaWFtaC0gtVjW3KMSiwqiqSMZwMgtjPfnoWH1OV4OpTU1VfNZxUbuWza17b6J/c9zroTldWtyWW7kv5bapWv1erV72avr6np0k8LfZ03OqjcHCAxx44GBkjaQOuAMnGf4a6iyhE0bk3SicMWAKMNyggkAdBkDGCMVwGm3UwIKyPKwIxsGEZcEtjg7R1znq2CQCcV2Glz3E2ZICpRdwIChmQgH5iOCSpzyST1wM7QOupFJtckZWtp1W1+r22Wj0bTfV+lS5Z2XOnJX91NN/Z1WuiV7XtfXpc7aO2lWKORiXKYLI4KlFGAM/KMbyTxznHQFeNaxjmG45VACVUkKCyvzwfYZ2nkcnnuc6w1aR7UrOhwGCtIcqWVBtAUEEEHJPTgg9ela1lc28sb+Ydse4gE8sFJyATwcNwAOnIz2rkVOLi9IppWte9mktldpW5tFql5kcrjW3TSSej1VrX93ZX7q2u2zZtQC7QZjRtq5DbgSj56ucHbhjkg++MkZzvWN/9kxPCJXRgFkiLFeSD0yMHBzjGRgKAWIIrFtLkom5LoAnB2kZDIp469Tg8YAIycAHpaRprwlobiJ1XgwlckLkkljgZwcMRzjA285rxcZhITpydop6Ozs72stEn5O/a7tvr7WFqqM4ttpqN7OzstNdN9eri09dNbnf2N217GUdzCTC0AjZV+eKX5X2s3AYISocNngBied3yh4w+DnxH8HX+reJvh5rtz4u0nWbyU6h4S1S6IlsjLGyE6dIwYKWDtuBBDBsHqBX0XpTyvlWkWVo3zEm3a2B1BIHRc8DGOeMnmurtJvtDqsbCCRZAAiEje3c7sgjHboee9fJY/JI1bpqzmleULJ2W6vrbyTXToe7TxFOrCN5PRpXcttY3WumnZdL7tM/n0+Nvwc+LGk+Kk1PSdFkbTvFt7bWEuhtB58cF7NOTPbTBFIjUyEt5gADbWwATz9VeD/+Cdng23g0/wAXfEOC4i12QWE8/hu14tJI5URpYhgkAKCw4Dc44OAK/Wt/BWnXdzJNPDb3X71LiUTRI0kMgYYeNmGFOf4tpLHGWIFT6k1lbSeVfwHb/wAsbmQhhDFCG2spKncNgBJJYA5HTBrwsXltfDUY+yqSUo+7zJ++47WbvrZbNXvbbYeDwGXzxNSpWipprmUJWlGLW8rWvoumq3vbVn83P7eXwT8AfCzxBpl/4Dtf7NjurGRptFVnKoq4UMyhQWdskkHpjtjFfnFYG6trm1aVNtncuZGiUFwct3GMKBnJ+p78V/Q5+1v4P8MfFLUY/E1pdwSN4YDC40yC2V7jUUS4WORCDgDcu4c9FPbOR+fHx8/Y78U+G9C0n4w+Ao0vvBerG0FzoE0YS+0a5ki3TxlDnNuRyrc7Tjg8EdOW1HDDSp1km4tpt3dm3Fptrpt89LdH8lnuXL61iJYaKVJSXLCmk4JKUXzNXtFSVlZtPex8I6xq16lg1pEySQvI6I6p5hhQZzG+R+7XgAj27gGuD0vUyt0zBmimt5BJ+5GEbyyTsbAyMjo+NwY9R0rs9auptOv5bZGtUtZ5HEy4BW3ZDsZGLA/Pn5SABjAyR24aCEQaokKh4BcysFYgSLIHB2rGT1DDgDsMDGfmr2cLRpKjNct/aNuWm691WtdvTdWtZXsu3zUYe9ty8s2rbpaxs9XfXfo/LUl8XarZ6rapdr5ltelZEeM9ZiSM5PGcgDapHQ9815nbySefbuz+TFvG5kONmCM7lxjnpgdMdOlfp9ZfBn4T+IfgFF4hiWWXxHYzSm4u7eYi8N9CSJLH7PtAeNASPMLggrgE8Y+StP8AggPEP2mbQbwjUPNnez0q+GxpkgO6VWcHAdByBzk5HQAD1MK6VGjytJwdlbWS6b2fa/a27vpfrqYdRjG7i3ZSeqVl7ruu0W7Xsrdzze11ywskESTSCcykyqD8k4IbaWA+UcdAOOcZNXfCPh9PGHjHSNBiMaHWtUtbOJmOxYJbuVEDkkgAqW3cdh93uON1jQ9T0nUGh1K2W3kid02k7drxMQcHGNpI45x057V6d8NNag0DWdI8R6haiVbLUbS6sdvC/a7SaN0LEKckgHJK4OR6AVao0adSM4NfvJR5uXRXly23b0V+y6ehzpcrs0trq91paLV7t9etk3eNluz9X/iV+zDqP7IXw5svG2i+Op5vFOoaYUkhjMtvcW8M0IdZIMOnm20ofy3JGzK/Lu4x+U3ivxdqnii7ju9WkSS4eWSSaWTlrlpHLO0jkZ3OMgkknIB6gLX6Y/tv/tceCv2g/BXw8i0i6vLPV9K8Px6drkO5ljN5DBFCtsyrgBBt+V+SQ2Nowtfk1fadfwxb5kd4GUNC43EANnGOm4nkLz0K8jHHHi8LRqY+fJUk6cVFU43cmm4w5tOibbbsrqyt2OOEeaTvz21crdNY7t7Ky0ve/pc9n+F81ovifRzbiN5Tc28dxbAj7Q+ZBjyupLE8AgAjHBYZYft2ugal4h8JRebqevWunJpEWbSSaZfsLxxfIwTcCQRnAwBjB46H8E/h5pOvWt5YeIdGEstxp93BJEqRhyskThhnLAbeu7IY9MV+5nhXx/rnib4PzaprMTaV4kWwS3gUt5UVzsQL80SDaxK7ecj7x9yPxPxMwCqYzA1k41oqrGnKMoqU4O8XzrZp2f8AK1q9dEfpnBmKpwoY2k3P2ipe0UYOzlFJK+j1b6rS973Vrn5v/FbxRL4V8bzWv9s3t7LGGEF6kr+YhUnZkcHcvAc56YGMdPdfgt+0VcvaSaN4m1MSfabd7OzubiISbw4K+TceYSSGUjG4nAI53EV8nfE7SNc1DxJqd3q9sHkdpJopkYIAxB2kEAkqTxjI24x6EeNiDxZpbxx20hhEw822GfvFDkYbJJckDPAIIIbcK9mHCmU51leHhKFNYmEIyp1VFqVOoknzxd1LRq797X01XgYnM8TRxNWUZTdN1JJxTly8smrqalKzbS3Tuul1t9f/ABu/Z+mvtI1D4geC7K41hrqWU6nYQpHtgLbnE0AUkhADk7VB46k4Ffm/O9/Z3N7De2c6NE5jaJopI3jZWC8hgCcDjdlgAM8HIP2h8Lfih8RbK4ewmvdQl05X/wCJlFM5a3jETYZiCSHjQA7l4JAKgd6921Cy8FeJbG61XW/D2kvJ5mZZ7dER2dlASb5QMA8sQScZJIByR6WUZlmXDC/s7N4LMqEEvq2KptOpCmuVxhUi782i917267HHW9liIqrSTpyvyyi0mrtLW60u+qbdlfTS7/Orwg3jW4upY9BiuZ4SitLAgbIjJGdyj5snOMrzzxySa9Qj0jxdJdrevp1xYWkuxXZtylZVI3OAcFtzDkEc8rkgivp/RoPCvhyXzdK0q1s5osOkpwPtiDlfujDBcjjaAT0AA2nX1HxnouoWVyt5Y2sWVLrJDgOZUJASMBQVORjdyTwp7gxj+K5Va0VhsvSTdnKaXM1oo6R1vfRLXRiVJKk06tTlTS0tyLZb7pPRcuiW76M+PfEOk6ttnu4JDDdRDM0BTyHmizkOVwd2/lu3HOM815o2sS2cpjvDMSjJJtyxMMjHqGP3lHGCOgI6kmvo3WrPUNevLrUtLJu7W2Maz25zuityVUmU4O5gMr/sgdSQM+Y+LdGguFmlFmI5YozGzRAYRwCVSRh1zxjg46dAK+jyvMKdVRpV+V86V4K7lBys0nZta9rK3nuvNqQd7uN43tzNt3TaV1a61Vk7ddOlzOi8Y2stukTzrFJG48zzhud4uhC5OSCp556k4HUVeg0/wvql2t3EolWQBDHB8sayY3blHAVtwAIPfqcV4JqNncxPvmLxMrBWDZIVBxuyMFjhuA2R0PTmo49U1PRgBBePDDI3BOQjlsHcM8g85H4k55r6dZauVSw03GTs7XetrO3Knbbys1d20uRGDW0XbTforLd3St8vU9ivtEubHVi+lRypDLnzg+drlAC4BxjJUHPJAGAOtXb/AHXiRwIj2+/c4YqHKyIuG299uR0JJHOOeDxmj+PJVNtY6kDK4fdHOWOSHHBcE7mXnI5Knvg816rbanouoWqeZPFHcWznbMvRi33UIAwAQCMYJPXBwccGJdfD1Ie3TlZaNOyfw6trrbRPTtZ3BpWasm42ulJJ9L63jZtXtdrmaXTbzizmtrCZIbiV4ruGQv5wBUSR5yUAIAwQvC45AJ7EG9e6Haa6z3UTmZLlTujhG0qUGPMK5B+XklTz6bsGt/UNHTVSboxoXUtEzIu1kUkhXUcFyeMjPQnJAAFUNEhm0iaZpJQ6oXjdMbWjjYjY5GMg9vXkdzz00cZS91xlJS0Ulqnq4q2789U97dd8OSpG/u8rb0tez1Wmr3s9U0762fU8ov8AwhdWYLKwniZ2VGf+E84OwE5PGOO+OeKxWbU9FtyzBo97bcleWTKjkgYwQDsyQRgA+teqavrFtJJLG7LH5UpdFZfvAkFi2QAc7h6jJwx61m3Utlq2lSLIyu5kxEi4LRHBIOcZ2sMALxgE9RXrU8TOXL7SKcG1Z7LW197Wdr323T21Gpp2i7Ssl7t1fTku3bzve66q17nI+HPEcVrdxCVZRFvJuEVjkjkhwMgZB5I5xjGcLXoGp6xYXogvob0Sgo0KwJkTKBkb3IySecEcgHB5BG7yd9Kjt3YvL++IdQoJBLjpzweQAM5x14xisVpLrT5NzHyyRuUqeCTjGCcg88ngdD1JNb/VqVWXPBtSsrR1s9uzXb8bocqUZu8U0otddHdrW19vs6q6ve+50t/IUnlVcszFWVjkldxP3uRyM/3c+xJxUTQXU8sUaySKMHDbtsZYnJVt2OTkcng9MZ4Ofbags8oM5G5im5myDtGONuORjpjjjg13GmWVvfWkis7K4kXywoOY1Y4DMM9DjIOCRtzxzWkY8js1HRWWmuiS0s72dtdfn1IhywnGFnzNLT3VazVmr66a+q1Wj1zXt7sRSQrJLARne8bsYiwAOTzhd2Bkg5HJDcgCjIurKiq0ksqxptIaQhmjdiMAgjKDngk4wOgzn0K1spGLWMxV0ViNzABvu4TkclWIOODg5BGQAKtxpu04jjZlwUYsx3RFeCQCeTk9M9hyCSBvBWsuXV22UpJv3bav5e6r+bdtOiScbSjezTvo3zP3d2kla95Xv3T0N/wq4trWzQNF5ioWIDAPhjhlKn+MduMn5TivX7e8TMZDDaEC7SejHrgkfeyBkcjJBxyTXzZKFt1E8VzKrxkRh0YjJBP3xjAOBzgbgPTFWLLxhrtgsbGQXUO4gmRflBJ2qrNkYYDO0nIzkjsBvOrHlSaScbfktbLVKy69Nb6IdJWblJ8qeltFbRJO6e2nW/TTU+vbS8Xy4wjZZowdpI4254yMYbnkcDIHJ78/4hniNo4LFH2ZOTgkZzwc+uScgjnGAM15RpfxPt0EVtf2klu/XzY2LDBHJx1PXqOo4HNb1/4o0bUYTEmoRmcqqhZAQyMTkcDP0wOvQ4zk4twbjONvO2m9nZpyvfq3qrNdDeNVWcXe67drJK2qe9rtPS21t/LfEqIdbeZSJEbTyCyrnB2jDkEkHocn7uegODmHw7eTy6paxozNssCiMSSSA+DgAdsAAL/TNaGoqs+sbJ5VEKW+zzNuFkXHfnOOckcEDvVTQrV7fVQ5ZUt1gkEUjDaHBckKh3FuM+owcbc4rsote0pSslZJeuq6tvoorbRu3kc1V3UlZ2s2n2uo9baPyvu9tD3Lw3cEIWYAMSpDEkH5SQQMjIPBJznJ7k9PVtNv5GMTOAVBJVDwCDyCBnJHUc5785rxXRzIAhCkK4IVgQSzEhjxgA8Zyeg9OQD6ZY3HyIzkFUXO/O054DDPOAABwemegr2JpONmraLXq37rva19nfz7nLQldtJ3s+W601XK1e+miatu76WbO+a4dhuPzKUDAjGVOckJkHkHAYAjHJJB4qveTOLW4LqAHtnKkcEYUgDHcseSM8EcHjFYguy4UqdwwWjIbOeen4YyB60Xd0slpcGQKpELouSc7nVgrDAHOSCfXn7wrlUeWLdm317Pbb5pdNH5vXSdVuWrtaSvfVO/Klq3po9bp6Xtvr8heJNU/s/X7rajSTpFOxDnCMHJ6kcZAP8AD1PrwK9x+FNyJNPWdAoDBHyCQqswGd3X5s9CPl4I4wK+c/GyLHrupCaRBJDaAHgjJY8c55J4Gehz9M+0/CO6LafAFbKHZu25BYbRjoDjnkAEZPU8MC8PCMlK1tFdOz0k7OzaeyWvltvosJylFwurpyjFWa2aStvbe/bVO1z6XjfywS7Es3GV4IwAwJHHfjjnnoM5PQ27yMuRlSVyoIHOABuJLcAfLjuc84Gc8dYzmUnEhAzko2S+0j04xkdAME9uRW9DckqY1JZuFUkn7u3IJHXoB0OR1GMYHVLSDjZ3a0va/TX1fnrq0r9Sk37RPmdnJK9ndv3b23d1ZdmnZ21u8HxPMV0+9GAWSCQtknLHHBIPOcAAtjPXO4ZI+OWVZtcvJI5yHnjZvM28I3Ibkhse2O3BNfW/iGRhaajFgMZbeV1LnhQqEZ9wen5HtmvjqR9t1eyLKZJokJEUeVdRuPGMkd+TknOG54z5rlBRmldtXu92rcuz10s972ve+52TTco672V72V9NG76pqzVkkrebP//Z"}]}
